[0.002s][info][gc,init] CardTable entry size: 512
[0.002s][info][gc     ] Using G1
[0.009s][info][gc,init] Version: 24-internal-adhoc.thomas.source (release)
[0.009s][info][gc,init] CPUs: 8 total, 6 available
[0.009s][info][gc,init] Memory: 15662M
[0.009s][info][gc,init] Large Page Support: Disabled
[0.009s][info][gc,init] NUMA Support: Disabled
[0.009s][info][gc,init] Compressed Oops: Enabled (Zero based)
[0.009s][info][gc,init] Heap Region Size: 2M
[0.009s][info][gc,init] Heap Min Capacity: 4G
[0.009s][info][gc,init] Heap Initial Capacity: 4G
[0.009s][info][gc,init] Heap Max Capacity: 4G
[0.009s][info][gc,init] Pre-touch: Disabled
[0.009s][info][gc,init] Parallel Workers: 6
[0.009s][info][gc,init] Concurrent Workers: 2
[0.009s][info][gc,init] Concurrent Refinement Workers: 6
[0.009s][info][gc,init] Periodic GC: Disabled
[0.009s][info][gc,metaspace] CDS archive(s) not mapped
[0.009s][info][gc,metaspace] Compressed class space mapped at: 0x000000002d000000-0x000000006d000000, reserved size: 1073741824
[0.009s][info][gc,metaspace] UseCompressedClassPointers 1, UseCompactObjectHeaders 1, narrow klass pointer bits 22, max shift 10
[0.009s][info][gc,metaspace] Narrow klass base: 0x000000002d000000, Narrow klass shift: 9, Narrow klass range: 0x40000000

SPECjbb2015 Java Business Benchmark
 (c) Standard Performance Evaluation Corporation, 2015

Preparing to launch All-in-one SPECjbb2015.

Reading property file: /shared/projects/openjdk/analysis/lilliput-benefits/specjbb/results-COH-ON-G1-4/./config/specjbb2015.props

     0s: Enumerating plugins...
     0s:    Connectivity:
     0s:             HTTP_Grizzly: Grizzly HTTP server, JDK HTTP client
     0s:              NIO_Grizzly: Grizzly NIO server, Grizzly NIO client
     0s:               HTTP_Jetty: Jetty HTTP server, JDK HTTP client
     0s:    Snapshot:
     0s:                 InMemory: Stores snapshots in heap memory
     0s:    Data Writers:
     0s:                     Demo: Send all frame to listener
     0s:                   InFile: Writing Data into file
     0s:                   Silent: Drop all frames
     0s: 
     0s: Kit validation is skipped.
     0s: Tests are skipped.
     0s: 
     0s: [0.840s][info][gc,start    ] GC(0) Pause Young (Normal) (G1 Evacuation Pause)
[0.840s][info][gc,task     ] GC(0) Using 6 workers of 6 for evacuation
[0.845s][info][gc,phases   ] GC(0)   Pre Evacuate Collection Set: 0.28ms
[0.845s][info][gc,phases   ] GC(0)   Merge Heap Roots: 0.08ms
[0.845s][info][gc,phases   ] GC(0)   Evacuate Collection Set: 4.18ms
[0.845s][info][gc,phases   ] GC(0)   Post Evacuate Collection Set: 0.48ms
[0.845s][info][gc,phases   ] GC(0)   Other: 0.35ms
[0.845s][info][gc,heap     ] GC(0) Eden regions: 102->0(99)
[0.845s][info][gc,heap     ] GC(0) Survivor regions: 0->3(13)
[0.845s][info][gc,heap     ] GC(0) Old regions: 0->0
[0.845s][info][gc,heap     ] GC(0) Humongous regions: 0->0
[0.845s][info][gc,metaspace] GC(0) Metaspace: 21080K(21248K)->21080K(21248K) NonClass: 17081K(17152K)->17081K(17152K) Class: 3999K(4096K)->3999K(4096K)
[0.845s][info][gc          ] GC(0) Pause Young (Normal) (G1 Evacuation Pause) 204M->4M(4096M) 5.541ms
[0.845s][info][gc,cpu      ] GC(0) User=0.01s Sys=0.02s Real=0.01s
[1.009s][info][gc,start    ] GC(1) Pause Young (Concurrent Start) (Metadata GC Threshold)
[1.009s][info][gc,task     ] GC(1) Using 6 workers of 6 for evacuation
[1.012s][info][gc,phases   ] GC(1)   Pre Evacuate Collection Set: 0.34ms
[1.012s][info][gc,phases   ] GC(1)   Merge Heap Roots: 0.03ms
[1.012s][info][gc,phases   ] GC(1)   Evacuate Collection Set: 2.37ms
[1.012s][info][gc,phases   ] GC(1)   Post Evacuate Collection Set: 0.31ms
[1.012s][info][gc,phases   ] GC(1)   Other: 0.06ms
[1.012s][info][gc,heap     ] GC(1) Eden regions: 47->0(99)
[1.012s][info][gc,heap     ] GC(1) Survivor regions: 3->3(13)
[1.012s][info][gc,heap     ] GC(1) Old regions: 0->0
[1.012s][info][gc,heap     ] GC(1) Humongous regions: 0->0
[1.012s][info][gc,metaspace] GC(1) Metaspace: 21336K(21504K)->21336K(21504K) NonClass: 17324K(17408K)->17324K(17408K) Class: 4012K(4096K)->4012K(4096K)
[1.012s][info][gc          ] GC(1) Pause Young (Concurrent Start) (Metadata GC Threshold) 98M->5M(4096M) 3.237ms
[1.012s][info][gc,cpu      ] GC(1) User=0.02s Sys=0.00s Real=0.01s
[1.012s][info][gc          ] GC(2) Concurrent Mark Cycle
[1.012s][info][gc,marking  ] GC(2) Concurrent Scan Root Regions
[1.014s][info][gc,marking  ] GC(2) Concurrent Scan Root Regions 1.343ms
[1.014s][info][gc,marking  ] GC(2) Concurrent Mark
[1.014s][info][gc,marking  ] GC(2) Concurrent Mark From Roots
[1.014s][info][gc,task     ] GC(2) Using 2 workers of 2 for marking
[1.014s][info][gc,marking  ] GC(2) Concurrent Mark From Roots 0.665ms
[1.014s][info][gc,marking  ] GC(2) Concurrent Preclean
[1.014s][info][gc,marking  ] GC(2) Concurrent Preclean 0.005ms
[1.014s][info][gc,start    ] GC(2) Pause Remark
[1.015s][info][gc          ] GC(2) Pause Remark 6M->6M(4096M) 0.822ms
[1.015s][info][gc,cpu      ] GC(2) User=0.00s Sys=0.00s Real=0.00s
[1.015s][info][gc,marking  ] GC(2) Concurrent Mark 1.612ms
[1.015s][info][gc,marking  ] GC(2) Concurrent Rebuild Remembered Sets and Scrub Regions
[1.015s][info][gc,marking  ] GC(2) Concurrent Rebuild Remembered Sets and Scrub Regions 0.079ms
[1.015s][info][gc,start    ] GC(2) Pause Cleanup
[1.015s][info][gc          ] GC(2) Pause Cleanup 6M->6M(4096M) 0.011ms
[1.015s][info][gc,cpu      ] GC(2) User=0.00s Sys=0.00s Real=0.00s
[1.015s][info][gc,marking  ] GC(2) Concurrent Clear Claimed Marks
[1.015s][info][gc,marking  ] GC(2) Concurrent Clear Claimed Marks 0.006ms
[1.015s][info][gc,marking  ] GC(2) Concurrent Cleanup for Next Mark
[1.021s][info][gc,marking  ] GC(2) Concurrent Cleanup for Next Mark 5.701ms
[1.021s][info][gc          ] GC(2) Concurrent Mark Cycle 9.003ms
Ladies and gentlemen, this is your Controller speaking.
     0s: We are delighted in having you for benchmark run today.
     0s: 
     0s: Binary log file is ./specjbb2015-C-20240908-00001.data.gz
     0s: 
     0s: Performing handshake with all agents ...
     0s: 
     0s:  Agent Group1.TxInjector.CompositeTxInjector has attached to Controller
     0s:  Agent Group1.Backend.CompositeBackend has attached to Controller
     0s: 
     0s: All agents have connected.
     0s: 
     0s: Attached agents info:

Group "Group1"
    TxInjectors:
        CompositeTxInjector, includes { Driver } @ [local in-Java link]
    Backends:
        CompositeBackend, includes { SM(2),SP(2) } @ [local in-Java link]

     0s: Initializing... (init[1.195s][info][gc,start    ] GC(3) Pause Young (Normal) (G1 Evacuation Pause)
[1.195s][info][gc,task     ] GC(3) Using 6 workers of 6 for evacuation
[1.258s][info][gc,phases   ] GC(3)   Pre Evacuate Collection Set: 0.30ms
[1.258s][info][gc,phases   ] GC(3)   Merge Heap Roots: 0.08ms
[1.258s][info][gc,phases   ] GC(3)   Evacuate Collection Set: 61.90ms
[1.258s][info][gc,phases   ] GC(3)   Post Evacuate Collection Set: 0.68ms
[1.258s][info][gc,phases   ] GC(3)   Other: 0.06ms
[1.258s][info][gc,heap     ] GC(3) Eden regions: 99->0(89)
[1.258s][info][gc,heap     ] GC(3) Survivor regions: 3->13(13)
[1.258s][info][gc,heap     ] GC(3) Old regions: 0->53
[1.258s][info][gc,heap     ] GC(3) Humongous regions: 14->14
[1.258s][info][gc,metaspace] GC(3) Metaspace: 22690K(22912K)->22690K(22912K) NonClass: 18428K(18560K)->18428K(18560K) Class: 4261K(4352K)->4261K(4352K)
[1.258s][info][gc          ] GC(3) Pause Young (Normal) (G1 Evacuation Pause) 231M->160M(4096M) 63.147ms
[1.258s][info][gc,cpu      ] GC(3) User=0.31s Sys=0.06s Real=0.06s
[1.433s][info][gc,start    ] GC(4) Pause Young (Normal) (G1 Evacuation Pause)
[1.433s][info][gc,task     ] GC(4) Using 6 workers of 6 for evacuation
[1.515s][info][gc,phases   ] GC(4)   Pre Evacuate Collection Set: 0.28ms
[1.515s][info][gc,phases   ] GC(4)   Merge Heap Roots: 0.30ms
[1.515s][info][gc,phases   ] GC(4)   Evacuate Collection Set: 80.66ms
[1.515s][info][gc,phases   ] GC(4)   Post Evacuate Collection Set: 0.47ms
[1.515s][info][gc,phases   ] GC(4)   Other: 0.05ms
[1.515s][info][gc,heap     ] GC(4) Eden regions: 89->0(89)
[1.515s][info][gc,heap     ] GC(4) Survivor regions: 13->13(13)
[1.515s][info][gc,heap     ] GC(4) Old regions: 53->114
[1.515s][info][gc,heap     ] GC(4) Humongous regions: 19->19
[1.515s][info][gc,metaspace] GC(4) Metaspace: 22739K(22912K)->22739K(22912K) NonClass: 18477K(18560K)->18477K(18560K) Class: 4261K(4352K)->4261K(4352K)
[1.515s][info][gc          ] GC(4) Pause Young (Normal) (G1 Evacuation Pause) 348M->292M(4096M) 81.931ms
[1.515s][info][gc,cpu      ] GC(4) User=0.46s Sys=0.03s Real=0.08s
[1.649s][info][gc,start    ] GC(5) Pause Young (Normal) (G1 Evacuation Pause)
[1.649s][info][gc,task     ] GC(5) Using 6 workers of 6 for evacuation
[1.730s][info][gc,phases   ] GC(5)   Pre Evacuate Collection Set: 0.28ms
[1.730s][info][gc,phases   ] GC(5)   Merge Heap Roots: 0.09ms
[1.730s][info][gc,phases   ] GC(5)   Evacuate Collection Set: 80.25ms
[1.730s][info][gc,phases   ] GC(5)   Post Evacuate Collection Set: 0.22ms
[1.730s][info][gc,phases   ] GC(5)   Other: 0.06ms
[1.730s][info][gc,heap     ] GC(5) Eden regions: 89->0(89)
[1.730s][info][gc,heap     ] GC(5) Survivor regions: 13->13(13)
[1.730s][info][gc,heap     ] GC(5) Old regions: 114->191
[1.730s][info][gc,heap     ] GC(5) Humongous regions: 19->19
[1.730s][info][gc,metaspace] GC(5) Metaspace: 22741K(22912K)->22741K(22912K) NonClass: 18479K(18560K)->18479K(18560K) Class: 4261K(4352K)->4261K(4352K)
[1.730s][info][gc          ] GC(5) Pause Young (Normal) (G1 Evacuation Pause) 470M->445M(4096M) 81.061ms
[1.730s][info][gc,cpu      ] GC(5) User=0.44s Sys=0.03s Real=0.08s
[1.872s][info][gc,start    ] GC(6) Pause Young (Normal) (G1 Evacuation Pause)
[1.872s][info][gc,task     ] GC(6) Using 6 workers of 6 for evacuation
[1.946s][info][gc,phases   ] GC(6)   Pre Evacuate Collection Set: 0.33ms
[1.946s][info][gc,phases   ] GC(6)   Merge Heap Roots: 0.05ms
[1.946s][info][gc,phases   ] GC(6)   Evacuate Collection Set: 73.85ms
[1.946s][info][gc,phases   ] GC(6)   Post Evacuate Collection Set: 0.18ms
[1.946s][info][gc,phases   ] GC(6)   Other: 0.07ms
[1.946s][info][gc,heap     ] GC(6) Eden regions: 89->0(89)
[1.946s][info][gc,heap     ] GC(6) Survivor regions: 13->13(13)
[1.946s][info][gc,heap     ] GC(6) Old regions: 191->267
[1.946s][info][gc,heap     ] GC(6) Humongous regions: 19->19
[1.946s][info][gc,metaspace] GC(6) Metaspace: 22750K(22912K)->22750K(22912K) NonClass: 18488K(18560K)->18488K(18560K) Class: 4261K(4352K)->4261K(4352K)
[1.946s][info][gc          ] GC(6) Pause Young (Normal) (G1 Evacuation Pause) 623M->598M(4096M) 74.620ms
[1.946s][info][gc,cpu      ] GC(6) User=0.41s Sys=0.03s Real=0.07s
[2.061s][info][gc,start    ] GC(7) Pause Young (Normal) (G1 Evacuation Pause)
[2.061s][info][gc,task     ] GC(7) Using 6 workers of 6 for evacuation
[2.131s][info][gc,phases   ] GC(7)   Pre Evacuate Collection Set: 0.34ms
[2.131s][info][gc,phases   ] GC(7)   Merge Heap Roots: 0.04ms
[2.131s][info][gc,phases   ] GC(7)   Evacuate Collection Set: 69.49ms
[2.131s][info][gc,phases   ] GC(7)   Post Evacuate Collection Set: 0.19ms
[2.131s][info][gc,phases   ] GC(7)   Other: 0.05ms
[2.131s][info][gc,heap     ] GC(7) Eden regions: 89->0(89)
[2.131s][info][gc,heap     ] GC(7) Survivor regions: 13->13(13)
[2.131s][info][gc,heap     ] GC(7) Old regions: 267->345
[2.131s][info][gc,heap     ] GC(7) Humongous regions: 19->19
[2.131s][info][gc,metaspace] GC(7) Metaspace: 22758K(22976K)->22758K(22976K) NonClass: 18494K(18560K)->18494K(18560K) Class: 4263K(4416K)->4263K(4416K)
[2.131s][info][gc          ] GC(7) Pause Young (Normal) (G1 Evacuation Pause) 776M->753M(4096M) 70.263ms
[2.131s][info][gc,cpu      ] GC(7) User=0.40s Sys=0.02s Real=0.08s
[2.341s][info][gc,start    ] GC(8) Pause Young (Normal) (G1 Evacuation Pause)
[2.341s][info][gc,task     ] GC(8) Using 6 workers of 6 for evacuation
[2.418s][info][gc,phases   ] GC(8)   Pre Evacuate Collection Set: 0.33ms
[2.418s][info][gc,phases   ] GC(8)   Merge Heap Roots: 0.09ms
[2.418s][info][gc,phases   ] GC(8)   Evacuate Collection Set: 76.03ms
[2.418s][info][gc,phases   ] GC(8)   Post Evacuate Collection Set: 0.25ms
[2.418s][info][gc,phases   ] GC(8)   Other: 0.05ms
[2.418s][info][gc,heap     ] GC(8) Eden regions: 89->0(89)
[2.418s][info][gc,heap     ] GC(8) Survivor regions: 13->13(13)
[2.418s][info][gc,heap     ] GC(8) Old regions: 345->399
[2.418s][info][gc,heap     ] GC(8) Humongous regions: 28->28
[2.418s][info][gc,metaspace] GC(8) Metaspace: 22784K(23040K)->22784K(23040K) NonClass: 18520K(18624K)->18520K(18624K) Class: 4264K(4416K)->4264K(4416K)
[2.418s][info][gc          ] GC(8) Pause Young (Normal) (G1 Evacuation Pause) 949M->880M(4096M) 76.913ms
[2.418s][info][gc,cpu      ] GC(8) User=0.43s Sys=0.02s Real=0.07s
[2.576s][info][gc,start    ] GC(9) Pause Young (Normal) (G1 Evacuation Pause)
[2.576s][info][gc,task     ] GC(9) Using 6 workers of 6 for evacuation
[2.675s][info][gc,phases   ] GC(9)   Pre Evacuate Collection Set: 0.33ms
[2.675s][info][gc,phases   ] GC(9)   Merge Heap Roots: 0.25ms
[2.675s][info][gc,phases   ] GC(9)   Evacuate Collection Set: 97.81ms
[2.675s][info][gc,phases   ] GC(9)   Post Evacuate Collection Set: 0.34ms
[2.675s][info][gc,phases   ] GC(9)   Other: 0.06ms
[2.675s][info][gc,heap     ] GC(9) Eden regions: 89->0(89)
[2.675s][info][gc,heap     ] GC(9) Survivor regions: 13->13(13)
[2.675s][info][gc,heap     ] GC(9) Old regions: 399->444
[2.675s][info][gc,heap     ] GC(9) Humongous regions: 36->36
[2.675s][info][gc,metaspace] GC(9) Metaspace: 22824K(23104K)->22824K(23104K) NonClass: 18558K(18688K)->18558K(18688K) Class: 4266K(4416K)->4266K(4416K)
[2.675s][info][gc          ] GC(9) Pause Young (Normal) (G1 Evacuation Pause) 1073M->986M(4096M) 98.965ms
[2.675s][info][gc,cpu      ] GC(9) User=0.39s Sys=0.02s Real=0.10s
) OK
     2s: 
     2s: Check whether properties are compliant
     2s: (validation=PASSED) Property settings are COMPLIANT.
     2s: 
     2s: Searching for high-bound for max-jOPS possible for this system
     2s: Searching from base IR = 100
     2s:       rampup IR =      0 [reconfig (term) [3.000s][info][gc,start    ] GC(10) Pause Full (System.gc())
[3.000s][info][gc,task     ] GC(10) Using 6 workers of 6 for full compaction
[3.001s][info][gc,phases,start] GC(10) Phase 1: Mark live objects
[3.015s][info][gc,phases      ] GC(10) Phase 1: Mark live objects 14.370ms
[3.015s][info][gc,phases,start] GC(10) Phase 2: Prepare compaction
[3.021s][info][gc,phases      ] GC(10) Phase 2: Prepare compaction 6.071ms
[3.021s][info][gc,phases,start] GC(10) Phase 3: Adjust pointers
[3.029s][info][gc,phases      ] GC(10) Phase 3: Adjust pointers 7.236ms
[3.029s][info][gc,phases,start] GC(10) Phase 4: Compact heap
[3.037s][info][gc,phases      ] GC(10) Phase 4: Compact heap 8.496ms
[3.037s][info][gc,phases,start] GC(10) Phase 5: Reset Metadata
[3.039s][info][gc,phases      ] GC(10) Phase 5: Reset Metadata 1.955ms
[3.044s][info][gc,heap        ] GC(10) Eden regions: 63->0(102)
[3.044s][info][gc,heap        ] GC(10) Survivor regions: 13->0(13)
[3.044s][info][gc,heap        ] GC(10) Old regions: 444->32
[3.044s][info][gc,heap        ] GC(10) Humongous regions: 46->13
[3.044s][info][gc,metaspace   ] GC(10) Metaspace: 23086K(23296K)->23086K(23296K) NonClass: 18778K(18880K)->18778K(18880K) Class: 4307K(4416K)->4307K(4416K)
[3.044s][info][gc             ] GC(10) Pause Full (System.gc()) 1130M->86M(4096M) 43.458ms
[3.044s][info][gc,cpu         ] GC(10) User=0.23s Sys=0.01s Real=0.05s
(init[3.332s][info][gc,start       ] GC(11) Pause Young (Normal) (G1 Evacuation Pause)
[3.332s][info][gc,task        ] GC(11) Using 6 workers of 6 for evacuation
[3.387s][info][gc,phases      ] GC(11)   Pre Evacuate Collection Set: 0.32ms
[3.387s][info][gc,phases      ] GC(11)   Merge Heap Roots: 0.05ms
[3.387s][info][gc,phases      ] GC(11)   Evacuate Collection Set: 54.15ms
[3.387s][info][gc,phases      ] GC(11)   Post Evacuate Collection Set: 0.28ms
[3.387s][info][gc,phases      ] GC(11)   Other: 0.06ms
[3.387s][info][gc,heap        ] GC(11) Eden regions: 102->0(89)
[3.387s][info][gc,heap        ] GC(11) Survivor regions: 0->13(13)
[3.387s][info][gc,heap        ] GC(11) Old regions: 32->91
[3.387s][info][gc,heap        ] GC(11) Humongous regions: 15->15
[3.387s][info][gc,metaspace   ] GC(11) Metaspace: 23093K(23296K)->23093K(23296K) NonClass: 18785K(18880K)->18785K(18880K) Class: 4307K(4416K)->4307K(4416K)
[3.387s][info][gc             ] GC(11) Pause Young (Normal) (G1 Evacuation Pause) 294M->233M(4096M) 54.998ms
[3.387s][info][gc,cpu         ] GC(11) User=0.32s Sys=0.00s Real=0.05s
[3.411s][info][gc,start       ] GC(12) Pause Young (Normal) (G1 Evacuation Pause)
[3.411s][info][gc,task        ] GC(12) Using 6 workers of 6 for evacuation
[3.481s][info][gc,phases      ] GC(12)   Pre Evacuate Collection Set: 0.33ms
[3.481s][info][gc,phases      ] GC(12)   Merge Heap Roots: 0.16ms
[3.481s][info][gc,phases      ] GC(12)   Evacuate Collection Set: 69.45ms
[3.481s][info][gc,phases      ] GC(12)   Post Evacuate Collection Set: 0.20ms
[3.481s][info][gc,phases      ] GC(12)   Other: 0.06ms
[3.481s][info][gc,heap        ] GC(12) Eden regions: 89->0(89)
[3.481s][info][gc,heap        ] GC(12) Survivor regions: 13->13(13)
[3.481s][info][gc,heap        ] GC(12) Old regions: 91->168
[3.481s][info][gc,heap        ] GC(12) Humongous regions: 15->15
[3.481s][info][gc,metaspace   ] GC(12) Metaspace: 23093K(23296K)->23093K(23296K) NonClass: 18785K(18880K)->18785K(18880K) Class: 4307K(4416K)->4307K(4416K)
[3.481s][info][gc             ] GC(12) Pause Young (Normal) (G1 Evacuation Pause) 411M->388M(4096M) 70.338ms
[3.481s][info][gc,cpu         ] GC(12) User=0.42s Sys=0.00s Real=0.08s
[3.503s][info][gc,start       ] GC(13) Pause Young (Normal) (G1 Evacuation Pause)
[3.503s][info][gc,task        ] GC(13) Using 6 workers of 6 for evacuation
[3.565s][info][gc,phases      ] GC(13)   Pre Evacuate Collection Set: 0.30ms
[3.566s][info][gc,phases      ] GC(13)   Merge Heap Roots: 0.06ms
[3.566s][info][gc,phases      ] GC(13)   Evacuate Collection Set: 61.55ms
[3.566s][info][gc,phases      ] GC(13)   Post Evacuate Collection Set: 0.20ms
[3.566s][info][gc,phases      ] GC(13)   Other: 0.05ms
[3.566s][info][gc,heap        ] GC(13) Eden regions: 89->0(89)
[3.566s][info][gc,heap        ] GC(13) Survivor regions: 13->13(13)
[3.566s][info][gc,heap        ] GC(13) Old regions: 168->244
[3.566s][info][gc,heap        ] GC(13) Humongous regions: 15->15
[3.566s][info][gc,metaspace   ] GC(13) Metaspace: 23093K(23296K)->23093K(23296K) NonClass: 18785K(18880K)->18785K(18880K) Class: 4307K(4416K)->4307K(4416K)
[3.566s][info][gc             ] GC(13) Pause Young (Normal) (G1 Evacuation Pause) 566M->539M(4096M) 62.289ms
[3.566s][info][gc,cpu         ] GC(13) User=0.37s Sys=0.00s Real=0.06s
[3.590s][info][gc,start       ] GC(14) Pause Young (Normal) (G1 Evacuation Pause)
[3.590s][info][gc,task        ] GC(14) Using 6 workers of 6 for evacuation
[3.652s][info][gc,phases      ] GC(14)   Pre Evacuate Collection Set: 0.32ms
[3.652s][info][gc,phases      ] GC(14)   Merge Heap Roots: 0.07ms
[3.653s][info][gc,phases      ] GC(14)   Evacuate Collection Set: 61.30ms
[3.653s][info][gc,phases      ] GC(14)   Post Evacuate Collection Set: 0.21ms
[3.653s][info][gc,phases      ] GC(14)   Other: 0.05ms
[3.653s][info][gc,heap        ] GC(14) Eden regions: 89->0(89)
[3.653s][info][gc,heap        ] GC(14) Survivor regions: 13->13(13)
[3.653s][info][gc,heap        ] GC(14) Old regions: 244->320
[3.653s][info][gc,heap        ] GC(14) Humongous regions: 15->15
[3.653s][info][gc,metaspace   ] GC(14) Metaspace: 23098K(23296K)->23098K(23296K) NonClass: 18790K(18880K)->18790K(18880K) Class: 4307K(4416K)->4307K(4416K)
[3.653s][info][gc             ] GC(14) Pause Young (Normal) (G1 Evacuation Pause) 717M->691M(4096M) 62.100ms
[3.653s][info][gc,cpu         ] GC(14) User=0.37s Sys=0.00s Real=0.07s
[3.809s][info][gc,start       ] GC(15) Pause Young (Normal) (G1 Evacuation Pause)
[3.809s][info][gc,task        ] GC(15) Using 6 workers of 6 for evacuation
[3.878s][info][gc,phases      ] GC(15)   Pre Evacuate Collection Set: 0.32ms
[3.878s][info][gc,phases      ] GC(15)   Merge Heap Roots: 0.14ms
[3.878s][info][gc,phases      ] GC(15)   Evacuate Collection Set: 68.82ms
[3.878s][info][gc,phases      ] GC(15)   Post Evacuate Collection Set: 0.32ms
[3.878s][info][gc,phases      ] GC(15)   Other: 0.05ms
[3.878s][info][gc,heap        ] GC(15) Eden regions: 89->0(105)
[3.878s][info][gc,heap        ] GC(15) Survivor regions: 13->13(13)
[3.878s][info][gc,heap        ] GC(15) Old regions: 320->378
[3.878s][info][gc,heap        ] GC(15) Humongous regions: 21->21
[3.878s][info][gc,metaspace   ] GC(15) Metaspace: 23105K(23296K)->23105K(23296K) NonClass: 18797K(18880K)->18797K(18880K) Class: 4307K(4416K)->4307K(4416K)
[3.878s][info][gc             ] GC(15) Pause Young (Normal) (G1 Evacuation Pause) 881M->820M(4096M) 69.793ms
[3.878s][info][gc,cpu         ] GC(15) User=0.41s Sys=0.00s Real=0.07s
[4.042s][info][gc,start       ] GC(16) Pause Young (Normal) (G1 Evacuation Pause)
[4.042s][info][gc,task        ] GC(16) Using 6 workers of 6 for evacuation
[4.117s][info][gc,phases      ] GC(16)   Pre Evacuate Collection Set: 0.29ms
[4.117s][info][gc,phases      ] GC(16)   Merge Heap Roots: 0.35ms
[4.117s][info][gc,phases      ] GC(16)   Evacuate Collection Set: 73.73ms
[4.117s][info][gc,phases      ] GC(16)   Post Evacuate Collection Set: 0.29ms
[4.117s][info][gc,phases      ] GC(16)   Other: 0.05ms
[4.117s][info][gc,heap        ] GC(16) Eden regions: 89->0(103)
[4.117s][info][gc,heap        ] GC(16) Survivor regions: 13->13(13)
[4.117s][info][gc,heap        ] GC(16) Old regions: 378->434
[4.117s][info][gc,heap        ] GC(16) Humongous regions: 30->30
[4.117s][info][gc,metaspace   ] GC(16) Metaspace: 23106K(23296K)->23106K(23296K) NonClass: 18798K(18880K)->18798K(18880K) Class: 4307K(4416K)->4307K(4416K)
[4.117s][info][gc             ] GC(16) Pause Young (Normal) (G1 Evacuation Pause) 1016M->949M(4096M) 74.837ms
[4.117s][info][gc,cpu         ] GC(16) User=0.44s Sys=0.00s Real=0.07s
[4.287s][info][gc,start       ] GC(17) Pause Young (Normal) (G1 Evacuation Pause)
[4.287s][info][gc,task        ] GC(17) Using 6 workers of 6 for evacuation
[4.364s][info][gc,phases      ] GC(17)   Pre Evacuate Collection Set: 0.32ms
[4.364s][info][gc,phases      ] GC(17)   Merge Heap Roots: 0.32ms
[4.364s][info][gc,phases      ] GC(17)   Evacuate Collection Set: 75.58ms
[4.364s][info][gc,phases      ] GC(17)   Post Evacuate Collection Set: 0.27ms
[4.364s][info][gc,phases      ] GC(17)   Other: 0.05ms
[4.364s][info][gc,heap        ] GC(17) Eden regions: 89->0(114)
[4.364s][info][gc,heap        ] GC(17) Survivor regions: 13->13(13)
[4.364s][info][gc,heap        ] GC(17) Old regions: 434->478
[4.364s][info][gc,heap        ] GC(17) Humongous regions: 41->41
[4.364s][info][gc,metaspace   ] GC(17) Metaspace: 23106K(23296K)->23106K(23296K) NonClass: 18798K(18880K)->18798K(18880K) Class: 4307K(4416K)->4307K(4416K)
[4.364s][info][gc             ] GC(17) Pause Young (Normal) (G1 Evacuation Pause) 1149M->1060M(4096M) 76.674ms
[4.364s][info][gc,cpu         ] GC(17) User=0.45s Sys=0.01s Real=0.08s
) ] ... (rIR:aIR:PR = 0:0:0) (tPR = 0) [OK] 
     7s:       rampup IR =     10 ... (rIR:aIR:PR = 10:11:11) (tPR = 924) [OK] 
    10s:       rampup IR =     20 ... (rIR:aIR:PR = 20:16:16) (tPR = 1366) [OK] 
    13s:       rampup IR =     30 .... (rIR:aIR:PR = 30:30:30) (tPR = 2562) [OK] 
    17s:       rampup IR =     40 .... (rIR:aIR:PR = 40:37:37) (tPR = 2539) [OK] 
    21s:       rampup IR =     50 ...[25.002s][info][gc,start       ] GC(18) Pause Young (Normal) (G1 Evacuation Pause)
[25.002s][info][gc,task        ] GC(18) Using 6 workers of 6 for evacuation
[25.042s][info][gc,phases      ] GC(18)   Pre Evacuate Collection Set: 0.35ms
[25.042s][info][gc,phases      ] GC(18)   Merge Heap Roots: 0.24ms
[25.042s][info][gc,phases      ] GC(18)   Evacuate Collection Set: 38.81ms
[25.042s][info][gc,phases      ] GC(18)   Post Evacuate Collection Set: 0.29ms
[25.042s][info][gc,phases      ] GC(18)   Other: 0.07ms
[25.042s][info][gc,heap        ] GC(18) Eden regions: 130->0(140)
[25.042s][info][gc,heap        ] GC(18) Survivor regions: 13->14(18)
[25.042s][info][gc,heap        ] GC(18) Old regions: 478->492
[25.042s][info][gc,heap        ] GC(18) Humongous regions: 46->46
[25.042s][info][gc,metaspace   ] GC(18) Metaspace: 25060K(25216K)->25060K(25216K) NonClass: 20575K(20672K)->20575K(20672K) Class: 4485K(4544K)->4485K(4544K)
[25.042s][info][gc             ] GC(18) Pause Young (Normal) (G1 Evacuation Pause) 1330M->1099M(4096M) 39.892ms
[25.042s][info][gc,cpu         ] GC(18) User=0.23s Sys=0.01s Real=0.04s
. (rIR:aIR:PR = 50:51:50) (tPR = 3562) [OK] 
    25s:       rampup IR =     60 .... (rIR:aIR:PR = 60:63:61) (tPR = 3772) [OK] 
    29s:       rampup IR =     70 .... (rIR:aIR:PR = 70:73:71) (tPR = 4465) [OK] 
    33s:       rampup IR =     80 .... (rIR:aIR:PR = 80:77:76) (tPR = 3952) [OK] 
    37s:       rampup IR =     90 .... (rIR:aIR:PR = 90:92:90) (tPR = 4169) [OK] 
    41s:       rampup IR =    100 ...[44.737s][info][gc,start       ] GC(19) Pause Young (Normal) (G1 Evacuation Pause)
[44.737s][info][gc,task        ] GC(19) Using 6 workers of 6 for evacuation
[44.765s][info][gc,phases      ] GC(19)   Pre Evacuate Collection Set: 0.39ms
[44.765s][info][gc,phases      ] GC(19)   Merge Heap Roots: 0.24ms
[44.765s][info][gc,phases      ] GC(19)   Evacuate Collection Set: 27.11ms
[44.765s][info][gc,phases      ] GC(19)   Post Evacuate Collection Set: 0.34ms
[44.765s][info][gc,phases      ] GC(19)   Other: 0.07ms
[44.765s][info][gc,heap        ] GC(19) Eden regions: 155->0(214)
[44.765s][info][gc,heap        ] GC(19) Survivor regions: 14->11(22)
[44.765s][info][gc,heap        ] GC(19) Old regions: 492->505
[44.765s][info][gc,heap        ] GC(19) Humongous regions: 46->46
[44.765s][info][gc,metaspace   ] GC(19) Metaspace: 25234K(25408K)->25234K(25408K) NonClass: 20745K(20864K)->20745K(20864K) Class: 4488K(4544K)->4488K(4544K)
[44.765s][info][gc             ] GC(19) Pause Young (Normal) (G1 Evacuation Pause) 1409M->1117M(4096M) 28.282ms
[44.765s][info][gc,cpu         ] GC(19) User=0.16s Sys=0.01s Real=0.03s
. (rIR:aIR:PR = 100:101:98) (tPR = 4543) [OK] 
    45s:    snapshot, IR =    100 ....|....................[70.001s][info][gc,start       ] GC(20) Pause Young (Normal) (G1 Evacuation Pause)
[70.001s][info][gc,task        ] GC(20) Using 6 workers of 6 for evacuation
[70.029s][info][gc,phases      ] GC(20)   Pre Evacuate Collection Set: 0.38ms
[70.029s][info][gc,phases      ] GC(20)   Merge Heap Roots: 0.26ms
[70.029s][info][gc,phases      ] GC(20)   Evacuate Collection Set: 26.95ms
[70.029s][info][gc,phases      ] GC(20)   Post Evacuate Collection Set: 0.37ms
[70.029s][info][gc,phases      ] GC(20)   Other: 0.08ms
[70.029s][info][gc,heap        ] GC(20) Eden regions: 233->0(247)
[70.029s][info][gc,heap        ] GC(20) Survivor regions: 11->24(31)
[70.029s][info][gc,heap        ] GC(20) Old regions: 505->505
[70.029s][info][gc,heap        ] GC(20) Humongous regions: 46->46
[70.029s][info][gc,metaspace   ] GC(20) Metaspace: 27220K(27392K)->27220K(27392K) NonClass: 22409K(22464K)->22409K(22464K) Class: 4810K(4928K)->4810K(4928K)
[70.029s][info][gc             ] GC(20) Pause Young (Normal) (G1 Evacuation Pause) 1583M->1145M(4096M) 28.178ms
[70.029s][info][gc,cpu         ] GC(20) User=0.15s Sys=0.01s Real=0.03s
.......... (rIR:aIR:PR = 100:100:98) (tPR = 3145) [OK] 
    79s: Performing snapshot: (quiescence.....) (stop TxI) (stop BE) (saving... 103213 Kb) (term) [86.744s][info][gc,start       ] GC(21) Pause Full (System.gc())
[86.744s][info][gc,task        ] GC(21) Using 6 workers of 6 for full compaction
[86.745s][info][gc,phases,start] GC(21) Phase 1: Mark live objects
[86.760s][info][gc,phases      ] GC(21) Phase 1: Mark live objects 14.786ms
[86.760s][info][gc,phases,start] GC(21) Phase 2: Prepare compaction
[86.762s][info][gc,phases      ] GC(21) Phase 2: Prepare compaction 2.401ms
[86.762s][info][gc,phases,start] GC(21) Phase 3: Adjust pointers
[86.769s][info][gc,phases      ] GC(21) Phase 3: Adjust pointers 6.599ms
[86.769s][info][gc,phases,start] GC(21) Phase 4: Compact heap
[86.772s][info][gc,phases      ] GC(21) Phase 4: Compact heap 2.814ms
[86.772s][info][gc,phases,start] GC(21) Phase 5: Reset Metadata
[86.776s][info][gc,phases      ] GC(21) Phase 5: Reset Metadata 3.964ms
[86.782s][info][gc,heap        ] GC(21) Eden regions: 171->0(287)
[86.782s][info][gc,heap        ] GC(21) Survivor regions: 24->0(31)
[86.782s][info][gc,heap        ] GC(21) Old regions: 505->35
[86.782s][info][gc,heap        ] GC(21) Humongous regions: 331->66
[86.782s][info][gc,metaspace   ] GC(21) Metaspace: 27393K(27584K)->27393K(27584K) NonClass: 22573K(22656K)->22573K(22656K) Class: 4819K(4928K)->4819K(4928K)
[86.782s][info][gc             ] GC(21) Pause Full (System.gc()) 2056M->193M(4096M) 37.293ms
[86.782s][info][gc,cpu         ] GC(21) User=0.20s Sys=0.00s Real=0.04s
(init[87.453s][info][gc,start       ] GC(22) Pause Young (Normal) (G1 Evacuation Pause)
[87.453s][info][gc,task        ] GC(22) Using 6 workers of 6 for evacuation
[87.598s][info][gc,phases      ] GC(22)   Pre Evacuate Collection Set: 0.33ms
[87.598s][info][gc,phases      ] GC(22)   Merge Heap Roots: 0.34ms
[87.598s][info][gc,phases      ] GC(22)   Evacuate Collection Set: 144.20ms
[87.598s][info][gc,phases      ] GC(22)   Post Evacuate Collection Set: 0.40ms
[87.598s][info][gc,phases      ] GC(22)   Other: 0.06ms
[87.598s][info][gc,heap        ] GC(22) Eden regions: 267->0(226)
[87.598s][info][gc,heap        ] GC(22) Survivor regions: 0->34(34)
[87.598s][info][gc,heap        ] GC(22) Old regions: 35->89
[87.598s][info][gc,heap        ] GC(22) Humongous regions: 107->106
[87.598s][info][gc,metaspace   ] GC(22) Metaspace: 27465K(27712K)->27465K(27712K) NonClass: 22637K(22784K)->22637K(22784K) Class: 4828K(4928K)->4828K(4928K)
[87.598s][info][gc             ] GC(22) Pause Young (Normal) (G1 Evacuation Pause) 809M->449M(4096M) 145.444ms
[87.598s][info][gc,cpu         ] GC(22) User=0.86s Sys=0.01s Real=0.14s
[87.967s][info][gc,start       ] GC(23) Pause Young (Normal) (G1 Evacuation Pause)
[87.967s][info][gc,task        ] GC(23) Using 6 workers of 6 for evacuation
[88.108s][info][gc,phases      ] GC(23)   Pre Evacuate Collection Set: 0.34ms
[88.108s][info][gc,phases      ] GC(23)   Merge Heap Roots: 0.40ms
[88.108s][info][gc,phases      ] GC(23)   Evacuate Collection Set: 140.33ms
[88.108s][info][gc,phases      ] GC(23)   Post Evacuate Collection Set: 0.33ms
[88.108s][info][gc,phases      ] GC(23)   Other: 0.06ms
[88.108s][info][gc,heap        ] GC(23) Eden regions: 201->0(220)
[88.108s][info][gc,heap        ] GC(23) Survivor regions: 34->30(30)
[88.108s][info][gc,heap        ] GC(23) Old regions: 89->182
[88.108s][info][gc,heap        ] GC(23) Humongous regions: 125->124
[88.108s][info][gc,metaspace   ] GC(23) Metaspace: 27469K(27712K)->27469K(27712K) NonClass: 22640K(22784K)->22640K(22784K) Class: 4829K(4928K)->4829K(4928K)
[88.108s][info][gc             ] GC(23) Pause Young (Normal) (G1 Evacuation Pause) 889M->662M(4096M) 141.617ms
[88.108s][info][gc,cpu         ] GC(23) User=0.85s Sys=0.00s Real=0.14s
[88.733s][info][gc,start       ] GC(24) Pause Young (Normal) (G1 Evacuation Pause)
[88.733s][info][gc,task        ] GC(24) Using 6 workers of 6 for evacuation
[88.858s][info][gc,phases      ] GC(24)   Pre Evacuate Collection Set: 0.33ms
[88.858s][info][gc,phases      ] GC(24)   Merge Heap Roots: 0.39ms
[88.858s][info][gc,phases      ] GC(24)   Evacuate Collection Set: 123.64ms
[88.858s][info][gc,phases      ] GC(24)   Post Evacuate Collection Set: 0.32ms
[88.858s][info][gc,phases      ] GC(24)   Other: 0.79ms
[88.858s][info][gc,heap        ] GC(24) Eden regions: 211->0(229)
[88.858s][info][gc,heap        ] GC(24) Survivor regions: 30->31(31)
[88.858s][info][gc,heap        ] GC(24) Old regions: 182->263
[88.858s][info][gc,heap        ] GC(24) Humongous regions: 161->159
[88.858s][info][gc,metaspace   ] GC(24) Metaspace: 27489K(27712K)->27489K(27712K) NonClass: 22657K(22784K)->22657K(22784K) Class: 4832K(4928K)->4832K(4928K)
[88.858s][info][gc             ] GC(24) Pause Young (Normal) (G1 Evacuation Pause) 1158M->897M(4096M) 125.620ms
[88.858s][info][gc,cpu         ] GC(24) User=0.74s Sys=0.00s Real=0.12s
[88.917s][info][gc,start       ] GC(25) Pause Young (Normal) (G1 Evacuation Pause)
[88.917s][info][gc,task        ] GC(25) Using 6 workers of 6 for evacuation
[89.103s][info][gc,phases      ] GC(25)   Pre Evacuate Collection Set: 0.33ms
[89.103s][info][gc,phases      ] GC(25)   Merge Heap Roots: 0.22ms
[89.103s][info][gc,phases      ] GC(25)   Evacuate Collection Set: 184.45ms
[89.103s][info][gc,phases      ] GC(25)   Post Evacuate Collection Set: 0.36ms
[89.103s][info][gc,phases      ] GC(25)   Other: 0.06ms
[89.103s][info][gc,heap        ] GC(25) Eden regions: 255->0(181)
[89.103s][info][gc,heap        ] GC(25) Survivor regions: 31->36(36)
[89.103s][info][gc,heap        ] GC(25) Old regions: 263->480
[89.103s][info][gc,heap        ] GC(25) Humongous regions: 159->159
[89.103s][info][gc,metaspace   ] GC(25) Metaspace: 27489K(27712K)->27489K(27712K) NonClass: 22657K(22784K)->22657K(22784K) Class: 4832K(4928K)->4832K(4928K)
[89.103s][info][gc             ] GC(25) Pause Young (Normal) (G1 Evacuation Pause) 1407M->1340M(4096M) 185.576ms
[89.103s][info][gc,cpu         ] GC(25) User=1.10s Sys=0.01s Real=0.19s
) ...
    91s:       rampup IR =      0 ... (rIR:aIR:PR = 0:0:0) (tPR = 0) [OK] 
    94s:       rampup IR =     10 ... (rIR:aIR:PR = 10:10:10) (tPR = 220) [OK] 
    97s:       rampup IR =     20 ... (rIR:aIR:PR = 20:19:19) (tPR = 374) [OK] 
   100s:       rampup IR =     30 .... (rIR:aIR:PR = 30:29:29) (tPR = 775) [OK] 
   104s:       rampup IR =     40 .... (rIR:aIR:PR = 40:40:40) (tPR = 1083) [OK] 
   108s:       rampup IR =     50 .... (rIR:aIR:PR = 50:55:54) (tPR = 1349) [OK] 
   112s:       rampup IR =     60 .... (rIR:aIR:PR = 60:65:63) (tPR = 1614) [OK] 
   116s:       rampup IR =     70 .... (rIR:aIR:PR = 70:69:68) (tPR = 1826) [OK] 
   120s:       rampup IR =     80 .... (rIR:aIR:PR = 80:79:77) (tPR = 1816) [OK] 
   124s:       rampup IR =     90 .... (rIR:aIR:PR = 90:91:89) (tPR = 2000) [OK] 
   128s:       rampup IR =    100 .... (rIR:aIR:PR = 100:99:97) (tPR = 1718) [OK] 
   132s:       trying IR =    200 ...[136.622s][info][gc,start       ] GC(26) Pause Young (Normal) (G1 Evacuation Pause)
[136.622s][info][gc,task        ] GC(26) Using 6 workers of 6 for evacuation
[136.683s][info][gc,phases      ] GC(26)   Pre Evacuate Collection Set: 0.33ms
[136.683s][info][gc,phases      ] GC(26)   Merge Heap Roots: 0.48ms
[136.683s][info][gc,phases      ] GC(26)   Evacuate Collection Set: 59.42ms
[136.683s][info][gc,phases      ] GC(26)   Post Evacuate Collection Set: 0.46ms
[136.683s][info][gc,phases      ] GC(26)   Other: 0.06ms
[136.683s][info][gc,heap        ] GC(26) Eden regions: 185->0(238)
[136.683s][info][gc,heap        ] GC(26) Survivor regions: 36->28(28)
[136.683s][info][gc,heap        ] GC(26) Old regions: 480->524
[136.683s][info][gc,heap        ] GC(26) Humongous regions: 159->159
[136.683s][info][gc,metaspace   ] GC(26) Metaspace: 27620K(27840K)->27620K(27840K) NonClass: 22787K(22912K)->22787K(22912K) Class: 4832K(4928K)->4832K(4928K)
[136.683s][info][gc             ] GC(26) Pause Young (Normal) (G1 Evacuation Pause) 1710M->1413M(4096M) 60.872ms
[136.683s][info][gc,cpu         ] GC(26) User=0.36s Sys=0.00s Real=0.06s
. (rIR:aIR:PR = 200:202:198) (tPR = 3820) [OK] 
   136s:       trying IR =    220 .... (rIR:aIR:PR = 220:221:216) (tPR = 4749) [OK] 
   140s:       trying IR =    244 .... (rIR:aIR:PR = 244:248:242) (tPR = 4820) [OK] 
   144s:       trying IR =    273 .... (rIR:aIR:PR = 273:276:271) (tPR = 4833) [OK] 
   148s:       trying IR =    307 .[150.736s][info][gc,start       ] GC(27) Pause Young (Normal) (G1 Evacuation Pause)
[150.736s][info][gc,task        ] GC(27) Using 6 workers of 6 for evacuation
[150.781s][info][gc,phases      ] GC(27)   Pre Evacuate Collection Set: 0.36ms
[150.781s][info][gc,phases      ] GC(27)   Merge Heap Roots: 0.48ms
[150.781s][info][gc,phases      ] GC(27)   Evacuate Collection Set: 43.53ms
[150.781s][info][gc,phases      ] GC(27)   Post Evacuate Collection Set: 0.38ms
[150.781s][info][gc,phases      ] GC(27)   Other: 0.06ms
[150.781s][info][gc,heap        ] GC(27) Eden regions: 231->0(317)
[150.781s][info][gc,heap        ] GC(27) Survivor regions: 28->18(33)
[150.781s][info][gc,heap        ] GC(27) Old regions: 524->552
[150.781s][info][gc,heap        ] GC(27) Humongous regions: 159->159
[150.781s][info][gc,metaspace   ] GC(27) Metaspace: 27764K(27968K)->27764K(27968K) NonClass: 22930K(23040K)->22930K(23040K) Class: 4834K(4928K)->4834K(4928K)
[150.781s][info][gc             ] GC(27) Pause Young (Normal) (G1 Evacuation Pause) 1875M->1448M(4096M) 44.938ms
[150.781s][info][gc,cpu         ] GC(27) User=0.26s Sys=0.00s Real=0.05s
... (rIR:aIR:PR = 307:303:297) (tPR = 6074) [OK] 
   152s:       trying IR =    349 ..... (rIR:aIR:PR = 349:350:343) (tPR = 6012) [OK] 
   157s:       trying IR =    399 ...[161.662s][info][gc,start       ] GC(28) Pause Young (Normal) (G1 Evacuation Pause)
[161.662s][info][gc,task        ] GC(28) Using 6 workers of 6 for evacuation
[161.703s][info][gc,phases      ] GC(28)   Pre Evacuate Collection Set: 0.38ms
[161.703s][info][gc,phases      ] GC(28)   Merge Heap Roots: 0.46ms
[161.703s][info][gc,phases      ] GC(28)   Evacuate Collection Set: 38.87ms
[161.703s][info][gc,phases      ] GC(28)   Post Evacuate Collection Set: 0.45ms
[161.703s][info][gc,phases      ] GC(28)   Other: 0.08ms
[161.703s][info][gc,heap        ] GC(28) Eden regions: 322->0(354)
[161.703s][info][gc,heap        ] GC(28) Survivor regions: 18->34(43)
[161.703s][info][gc,heap        ] GC(28) Old regions: 552->552
[161.703s][info][gc,heap        ] GC(28) Humongous regions: 159->159
[161.703s][info][gc,metaspace   ] GC(28) Metaspace: 27804K(27968K)->27804K(27968K) NonClass: 22970K(23040K)->22970K(23040K) Class: 4834K(4928K)->4834K(4928K)
[161.703s][info][gc             ] GC(28) Pause Young (Normal) (G1 Evacuation Pause) 2092M->1480M(4096M) 40.362ms
[161.703s][info][gc,cpu         ] GC(28) User=0.23s Sys=0.01s Real=0.04s
.. (rIR:aIR:PR = 399:408:400) (tPR = 7760) [OK] 
   163s:       trying IR =    458 ..... (rIR:aIR:PR = 458:454:444) (tPR = 7799) [OK] 
   168s:       trying IR =    530 ..[170.638s][info][gc,start       ] GC(29) Pause Young (Normal) (G1 Evacuation Pause)
[170.638s][info][gc,task        ] GC(29) Using 6 workers of 6 for evacuation
[170.691s][info][gc,phases      ] GC(29)   Pre Evacuate Collection Set: 0.37ms
[170.691s][info][gc,phases      ] GC(29)   Merge Heap Roots: 0.43ms
[170.691s][info][gc,phases      ] GC(29)   Evacuate Collection Set: 52.15ms
[170.691s][info][gc,phases      ] GC(29)   Post Evacuate Collection Set: 0.50ms
[170.691s][info][gc,phases      ] GC(29)   Other: 0.07ms
[170.691s][info][gc,heap        ] GC(29) Eden regions: 354->0(420)
[170.691s][info][gc,heap        ] GC(29) Survivor regions: 34->38(49)
[170.691s][info][gc,heap        ] GC(29) Old regions: 552->567
[170.691s][info][gc,heap        ] GC(29) Humongous regions: 159->159
[170.691s][info][gc,metaspace   ] GC(29) Metaspace: 27853K(28096K)->27853K(28096K) NonClass: 23016K(23168K)->23016K(23168K) Class: 4836K(4928K)->4836K(4928K)
[170.691s][info][gc             ] GC(29) Pause Young (Normal) (G1 Evacuation Pause) 2188M->1517M(4096M) 53.650ms
[170.691s][info][gc,cpu         ] GC(29) User=0.30s Sys=0.01s Real=0.06s
.. (rIR:aIR:PR = 530:532:521) (tPR = 9948) [OK] 
   172s:       trying IR =    616 ..... (rIR:aIR:PR = 616:617:604) (tPR = 10346) [OK] 
   177s:       trying IR =    719 ..[179.204s][info][gc,start       ] GC(30) Pause Young (Normal) (G1 Evacuation Pause)
[179.204s][info][gc,task        ] GC(30) Using 6 workers of 6 for evacuation
[179.261s][info][gc,phases      ] GC(30)   Pre Evacuate Collection Set: 0.35ms
[179.261s][info][gc,phases      ] GC(30)   Merge Heap Roots: 0.37ms
[179.261s][info][gc,phases      ] GC(30)   Evacuate Collection Set: 55.38ms
[179.261s][info][gc,phases      ] GC(30)   Post Evacuate Collection Set: 0.54ms
[179.261s][info][gc,phases      ] GC(30)   Other: 0.08ms
[179.261s][info][gc,heap        ] GC(30) Eden regions: 430->0(477)
[179.261s][info][gc,heap        ] GC(30) Survivor regions: 38->43(59)
[179.261s][info][gc,heap        ] GC(30) Old regions: 567->583
[179.261s][info][gc,heap        ] GC(30) Humongous regions: 159->159
[179.261s][info][gc,metaspace   ] GC(30) Metaspace: 27886K(28096K)->27886K(28096K) NonClass: 23048K(23168K)->23048K(23168K) Class: 4837K(4928K)->4837K(4928K)
[179.261s][info][gc             ] GC(30) Pause Young (Normal) (G1 Evacuation Pause) 2377M->1560M(4096M) 56.831ms
[179.261s][info][gc,cpu         ] GC(30) User=0.32s Sys=0.01s Real=0.06s
... (rIR:aIR:PR = 719:719:705) (tPR = 12215) [OK] 
   182s:       trying IR =    843 .... (rIR:aIR:PR = 843:851:833) (tPR = 12698) [OK] 
   186s:       trying IR =    992 [186.490s][info][gc,start       ] GC(31) Pause Young (Normal) (G1 Evacuation Pause)
[186.491s][info][gc,task        ] GC(31) Using 6 workers of 6 for evacuation
[186.552s][info][gc,phases      ] GC(31)   Pre Evacuate Collection Set: 0.39ms
[186.552s][info][gc,phases      ] GC(31)   Merge Heap Roots: 0.33ms
[186.552s][info][gc,phases      ] GC(31)   Evacuate Collection Set: 60.06ms
[186.552s][info][gc,phases      ] GC(31)   Post Evacuate Collection Set: 0.54ms
[186.552s][info][gc,phases      ] GC(31)   Other: 0.07ms
[186.552s][info][gc,heap        ] GC(31) Eden regions: 488->0(540)
[186.552s][info][gc,heap        ] GC(31) Survivor regions: 43->48(67)
[186.552s][info][gc,heap        ] GC(31) Old regions: 583->600
[186.552s][info][gc,heap        ] GC(31) Humongous regions: 159->159
[186.552s][info][gc,metaspace   ] GC(31) Metaspace: 27928K(28160K)->27928K(28160K) NonClass: 23089K(23232K)->23089K(23232K) Class: 4839K(4928K)->4839K(4928K)
[186.552s][info][gc             ] GC(31) Pause Young (Normal) (G1 Evacuation Pause) 2536M->1605M(4096M) 61.512ms
[186.552s][info][gc,cpu         ] GC(31) User=0.35s Sys=0.01s Real=0.07s
.... (rIR:aIR:PR = 992:978:958) (tPR = 15707) [OK] 
   190s:       trying IR =   1170 ..[192.738s][info][gc,start       ] GC(32) Pause Young (Normal) (G1 Evacuation Pause)
[192.738s][info][gc,task        ] GC(32) Using 6 workers of 6 for evacuation
[192.806s][info][gc,phases      ] GC(32)   Pre Evacuate Collection Set: 0.37ms
[192.806s][info][gc,phases      ] GC(32)   Merge Heap Roots: 0.31ms
[192.806s][info][gc,phases      ] GC(32)   Evacuate Collection Set: 66.66ms
[192.806s][info][gc,phases      ] GC(32)   Post Evacuate Collection Set: 0.56ms
[192.806s][info][gc,phases      ] GC(32)   Other: 0.07ms
[192.806s][info][gc,heap        ] GC(32) Eden regions: 550->0(595)
[192.806s][info][gc,heap        ] GC(32) Survivor regions: 48->55(75)
[192.806s][info][gc,heap        ] GC(32) Old regions: 600->620
[192.806s][info][gc,heap        ] GC(32) Humongous regions: 159->159
[192.806s][info][gc,metaspace   ] GC(32) Metaspace: 27959K(28160K)->27959K(28160K) NonClass: 23120K(23232K)->23120K(23232K) Class: 4839K(4928K)->4839K(4928K)
[192.806s][info][gc             ] GC(32) Pause Young (Normal) (G1 Evacuation Pause) 2705M->1658M(4096M) 68.088ms
[192.806s][info][gc,cpu         ] GC(32) User=0.39s Sys=0.01s Real=0.07s
.. (rIR:aIR:PR = 1170:1177:1150) (tPR = 19654) [OK] 
   194s:       trying IR =   1384 .... (rIR:aIR:PR = 1384:1380:1361) (tPR = 22971) [OK] 
   198s:       trying IR =   1641 [198.369s][info][gc,start       ] GC(33) Pause Young (Normal) (G1 Evacuation Pause)
[198.370s][info][gc,task        ] GC(33) Using 6 workers of 6 for evacuation
[198.444s][info][gc,phases      ] GC(33)   Pre Evacuate Collection Set: 0.36ms
[198.444s][info][gc,phases      ] GC(33)   Merge Heap Roots: 0.30ms
[198.444s][info][gc,phases      ] GC(33)   Evacuate Collection Set: 72.67ms
[198.444s][info][gc,phases      ] GC(33)   Post Evacuate Collection Set: 0.61ms
[198.444s][info][gc,phases      ] GC(33)   Other: 0.07ms
[198.444s][info][gc,heap        ] GC(33) Eden regions: 606->0(650)
[198.444s][info][gc,heap        ] GC(33) Survivor regions: 55->59(83)
[198.444s][info][gc,heap        ] GC(33) Old regions: 620->641
[198.444s][info][gc,heap        ] GC(33) Humongous regions: 159->159
[198.444s][info][gc,metaspace   ] GC(33) Metaspace: 28056K(28352K)->28056K(28352K) NonClass: 23201K(23360K)->23201K(23360K) Class: 4855K(4992K)->4855K(4992K)
[198.444s][info][gc             ] GC(33) Pause Young (Normal) (G1 Evacuation Pause) 2870M->1709M(4096M) 74.149ms
[198.444s][info][gc,cpu         ] GC(33) User=0.43s Sys=0.02s Real=0.08s
.... (rIR:aIR:PR = 1641:1641:1634) (tPR = 29315) [OK] 
   202s:       trying IR =   1949 [203.022s][info][gc,start       ] GC(34) Pause Young (Normal) (G1 Evacuation Pause)
[203.022s][info][gc,task        ] GC(34) Using 6 workers of 6 for evacuation
[203.101s][info][gc,phases      ] GC(34)   Pre Evacuate Collection Set: 0.34ms
[203.101s][info][gc,phases      ] GC(34)   Merge Heap Roots: 0.34ms
[203.101s][info][gc,phases      ] GC(34)   Evacuate Collection Set: 77.34ms
[203.101s][info][gc,phases      ] GC(34)   Post Evacuate Collection Set: 0.65ms
[203.101s][info][gc,phases      ] GC(34)   Other: 0.10ms
[203.101s][info][gc,heap        ] GC(34) Eden regions: 658->0(705)
[203.101s][info][gc,heap        ] GC(34) Survivor regions: 59->64(90)
[203.101s][info][gc,heap        ] GC(34) Old regions: 641->666
[203.101s][info][gc,heap        ] GC(34) Humongous regions: 161->161
[203.101s][info][gc,metaspace   ] GC(34) Metaspace: 28095K(28416K)->28095K(28416K) NonClass: 23239K(23424K)->23239K(23424K) Class: 4855K(4992K)->4855K(4992K)
[203.101s][info][gc             ] GC(34) Pause Young (Normal) (G1 Evacuation Pause) 3029M->1771M(4096M) 78.897ms
[203.101s][info][gc,cpu         ] GC(34) User=0.45s Sys=0.01s Real=0.08s
.... (rIR:aIR:PR = 1949:1962:1962) (tPR = 32165) [OK] 
   206s:       trying IR =   2319 .[207.278s][info][gc,start       ] GC(35) Pause Young (Normal) (G1 Evacuation Pause)
[207.278s][info][gc,task        ] GC(35) Using 6 workers of 6 for evacuation
[207.364s][info][gc,phases      ] GC(35)   Pre Evacuate Collection Set: 0.38ms
[207.364s][info][gc,phases      ] GC(35)   Merge Heap Roots: 0.49ms
[207.364s][info][gc,phases      ] GC(35)   Evacuate Collection Set: 84.10ms
[207.364s][info][gc,phases      ] GC(35)   Post Evacuate Collection Set: 0.74ms
[207.364s][info][gc,phases      ] GC(35)   Other: 0.10ms
[207.364s][info][gc,heap        ] GC(35) Eden regions: 706->0(752)
[207.364s][info][gc,heap        ] GC(35) Survivor regions: 64->68(97)
[207.364s][info][gc,heap        ] GC(35) Old regions: 666->691
[207.364s][info][gc,heap        ] GC(35) Humongous regions: 161->161
[207.364s][info][gc,metaspace   ] GC(35) Metaspace: 28131K(28416K)->28131K(28416K) NonClass: 23276K(23424K)->23276K(23424K) Class: 4855K(4992K)->4855K(4992K)
[207.364s][info][gc             ] GC(35) Pause Young (Normal) (G1 Evacuation Pause) 3183M->1830M(4096M) 85.957ms
[207.364s][info][gc,cpu         ] GC(35) User=0.49s Sys=0.02s Real=0.09s
.... (rIR:aIR:PR = 2319:2302:2302) (tPR = 37333) [OK] 
   211s:       trying IR =   2762 [211.466s][info][gc,start       ] GC(36) Pause Young (Normal) (G1 Evacuation Pause)
[211.466s][info][gc,task        ] GC(36) Using 6 workers of 6 for evacuation
[211.563s][info][gc,phases      ] GC(36)   Pre Evacuate Collection Set: 0.36ms
[211.563s][info][gc,phases      ] GC(36)   Merge Heap Roots: 0.44ms
[211.563s][info][gc,phases      ] GC(36)   Evacuate Collection Set: 95.93ms
[211.563s][info][gc,phases      ] GC(36)   Post Evacuate Collection Set: 0.78ms
[211.563s][info][gc,phases      ] GC(36)   Other: 0.09ms
[211.563s][info][gc,heap        ] GC(36) Eden regions: 756->0(773)
[211.563s][info][gc,heap        ] GC(36) Survivor regions: 68->77(103)
[211.563s][info][gc,heap        ] GC(36) Old regions: 691->717
[211.563s][info][gc,heap        ] GC(36) Humongous regions: 161->161
[211.563s][info][gc,metaspace   ] GC(36) Metaspace: 28201K(28480K)->28201K(28480K) NonClass: 23341K(23488K)->23341K(23488K) Class: 4860K(4992K)->4860K(4992K)
[211.563s][info][gc             ] GC(36) Pause Young (Normal) (G1 Evacuation Pause) 3342M->1900M(4096M) 97.731ms
[211.563s][info][gc,cpu         ] GC(36) User=0.55s Sys=0.03s Real=0.10s
.... (rIR:aIR:PR = 2762:2771:2771) (tPR = 43599) [OK] 
   215s:       trying IR =   3295 [215.502s][info][gc,start       ] GC(37) Pause Young (Normal) (G1 Evacuation Pause)
[215.502s][info][gc,task        ] GC(37) Using 6 workers of 6 for evacuation
[215.596s][info][gc,phases      ] GC(37)   Pre Evacuate Collection Set: 0.36ms
[215.596s][info][gc,phases      ] GC(37)   Merge Heap Roots: 0.35ms
[215.596s][info][gc,phases      ] GC(37)   Evacuate Collection Set: 92.42ms
[215.596s][info][gc,phases      ] GC(37)   Post Evacuate Collection Set: 0.80ms
[215.596s][info][gc,phases      ] GC(37)   Other: 0.07ms
[215.596s][info][gc,heap        ] GC(37) Eden regions: 773->0(784)
[215.596s][info][gc,heap        ] GC(37) Survivor regions: 77->79(107)
[215.596s][info][gc,heap        ] GC(37) Old regions: 717->745
[215.596s][info][gc,heap        ] GC(37) Humongous regions: 161->161
[215.596s][info][gc,metaspace   ] GC(37) Metaspace: 28324K(28608K)->28324K(28608K) NonClass: 23453K(23616K)->23453K(23616K) Class: 4871K(4992K)->4871K(4992K)
[215.596s][info][gc             ] GC(37) Pause Young (Normal) (G1 Evacuation Pause) 3446M->1959M(4096M) 94.126ms
[215.596s][info][gc,cpu         ] GC(37) User=0.54s Sys=0.01s Real=0.09s
...[219.156s][info][gc,start       ] GC(38) Pause Young (Normal) (G1 Evacuation Pause)
[219.157s][info][gc,task        ] GC(38) Using 6 workers of 6 for evacuation
[219.252s][info][gc,phases      ] GC(38)   Pre Evacuate Collection Set: 0.38ms
[219.252s][info][gc,phases      ] GC(38)   Merge Heap Roots: 0.47ms
[219.253s][info][gc,phases      ] GC(38)   Evacuate Collection Set: 94.02ms
[219.253s][info][gc,phases      ] GC(38)   Post Evacuate Collection Set: 0.79ms
[219.253s][info][gc,phases      ] GC(38)   Other: 0.07ms
[219.253s][info][gc,heap        ] GC(38) Eden regions: 784->0(787)
[219.253s][info][gc,heap        ] GC(38) Survivor regions: 79->82(108)
[219.253s][info][gc,heap        ] GC(38) Old regions: 745->774
[219.253s][info][gc,heap        ] GC(38) Humongous regions: 161->161
[219.253s][info][gc,metaspace   ] GC(38) Metaspace: 28601K(28928K)->28601K(28928K) NonClass: 23719K(23872K)->23719K(23872K) Class: 4881K(5056K)->4881K(5056K)
[219.253s][info][gc             ] GC(38) Pause Young (Normal) (G1 Evacuation Pause) 3527M->2023M(4096M) 96.624ms
[219.253s][info][gc,cpu         ] GC(38) User=0.55s Sys=0.02s Real=0.10s
. (rIR:aIR:PR = 3295:3173:3177) (tPR = 49441) [OK] 
   219s:       trying IR =   3934 ...[222.390s][info][gc,start       ] GC(39) Pause Young (Concurrent Start) (G1 Evacuation Pause)
[222.390s][info][gc,task        ] GC(39) Using 6 workers of 6 for evacuation
[222.491s][info][gc,phases      ] GC(39)   Pre Evacuate Collection Set: 0.38ms
[222.491s][info][gc,phases      ] GC(39)   Merge Heap Roots: 0.39ms
[222.491s][info][gc,phases      ] GC(39)   Evacuate Collection Set: 99.74ms
[222.491s][info][gc,phases      ] GC(39)   Post Evacuate Collection Set: 0.77ms
[222.491s][info][gc,phases      ] GC(39)   Other: 0.10ms
[222.491s][info][gc,heap        ] GC(39) Eden regions: 787->0(784)
[222.491s][info][gc,heap        ] GC(39) Survivor regions: 82->87(109)
[222.491s][info][gc,heap        ] GC(39) Old regions: 774->804
[222.491s][info][gc,heap        ] GC(39) Humongous regions: 161->161
[222.491s][info][gc,metaspace   ] GC(39) Metaspace: 28647K(28928K)->28647K(28928K) NonClass: 23766K(23872K)->23766K(23872K) Class: 4881K(5056K)->4881K(5056K)
[222.491s][info][gc             ] GC(39) Pause Young (Concurrent Start) (G1 Evacuation Pause) 3597M->2094M(4096M) 101.508ms
[222.491s][info][gc             ] GC(40) Concurrent Mark Cycle
[222.491s][info][gc,marking     ] GC(40) Concurrent Scan Root Regions
[222.491s][info][gc,cpu         ] GC(39) User=0.59s Sys=0.02s Real=0.11s
[222.589s][info][gc,marking     ] GC(40) Concurrent Scan Root Regions 98.063ms
[222.589s][info][gc,marking     ] GC(40) Concurrent Mark
[222.589s][info][gc,marking     ] GC(40) Concurrent Mark From Roots
[222.589s][info][gc,task        ] GC(40) Using 2 workers of 2 for marking
[223.120s][info][gc,marking     ] GC(40) Concurrent Mark From Roots 530.376ms
[223.120s][info][gc,marking     ] GC(40) Concurrent Preclean
[223.120s][info][gc,marking     ] GC(40) Concurrent Preclean 0.066ms
[223.120s][info][gc,start       ] GC(40) Pause Remark
[223.125s][info][gc             ] GC(40) Pause Remark 2443M->2191M(4096M) 4.718ms
[223.125s][info][gc,cpu         ] GC(40) User=0.02s Sys=0.00s Real=0.01s
[223.125s][info][gc,marking     ] GC(40) Concurrent Mark 535.489ms
[223.125s][info][gc,marking     ] GC(40) Concurrent Rebuild Remembered Sets and Scrub Regions
. (rIR:aIR:PR = 3934:3918:3916) (tPR = 58627) [OK] 
   223s:       trying IR =   4701 [223.358s][info][gc,marking     ] GC(40) Concurrent Rebuild Remembered Sets and Scrub Regions 233.534ms
[223.359s][info][gc,start       ] GC(40) Pause Cleanup
[223.359s][info][gc             ] GC(40) Pause Cleanup 2295M->2295M(4096M) 0.278ms
[223.359s][info][gc,cpu         ] GC(40) User=0.00s Sys=0.00s Real=0.00s
[223.361s][info][gc,marking     ] GC(40) Concurrent Clear Claimed Marks
[223.361s][info][gc,marking     ] GC(40) Concurrent Clear Claimed Marks 0.070ms
[223.361s][info][gc,marking     ] GC(40) Concurrent Cleanup for Next Mark
[223.379s][info][gc,marking     ] GC(40) Concurrent Cleanup for Next Mark 18.017ms
[223.379s][info][gc             ] GC(40) Concurrent Mark Cycle 888.067ms
.[225.266s][info][gc,start       ] GC(41) Pause Young (Prepare Mixed) (G1 Evacuation Pause)
[225.266s][info][gc,task        ] GC(41) Using 6 workers of 6 for evacuation
[225.360s][info][gc,phases      ] GC(41)   Pre Evacuate Collection Set: 0.37ms
[225.360s][info][gc,phases      ] GC(41)   Merge Heap Roots: 0.44ms
[225.360s][info][gc,phases      ] GC(41)   Evacuate Collection Set: 92.54ms
[225.360s][info][gc,phases      ] GC(41)   Post Evacuate Collection Set: 0.82ms
[225.360s][info][gc,phases      ] GC(41)   Other: 0.09ms
[225.360s][info][gc,heap        ] GC(41) Eden regions: 784->0(846)
[225.360s][info][gc,heap        ] GC(41) Survivor regions: 87->85(109)
[225.360s][info][gc,heap        ] GC(41) Old regions: 762->792
[225.360s][info][gc,heap        ] GC(41) Humongous regions: 77->77
[225.360s][info][gc,metaspace   ] GC(41) Metaspace: 28653K(28928K)->28653K(28928K) NonClass: 23771K(23872K)->23771K(23872K) Class: 4881K(5056K)->4881K(5056K)
[225.360s][info][gc             ] GC(41) Pause Young (Prepare Mixed) (G1 Evacuation Pause) 3410M->1897M(4096M) 94.393ms
[225.360s][info][gc,cpu         ] GC(41) User=0.56s Sys=0.00s Real=0.09s
...[228.139s][info][gc,start       ] GC(42) Pause Young (Mixed) (G1 Evacuation Pause)
[228.139s][info][gc,task        ] GC(42) Using 6 workers of 6 for evacuation
[228.244s][info][gc,phases      ] GC(42)   Pre Evacuate Collection Set: 0.41ms
[228.244s][info][gc,phases      ] GC(42)   Merge Heap Roots: 0.54ms
[228.244s][info][gc,phases      ] GC(42)   Evacuate Collection Set: 103.32ms
[228.244s][info][gc,phases      ] GC(42)   Post Evacuate Collection Set: 1.02ms
[228.244s][info][gc,phases      ] GC(42)   Other: 0.11ms
[228.244s][info][gc,heap        ] GC(42) Eden regions: 825->0(854)
[228.244s][info][gc,heap        ] GC(42) Survivor regions: 85->87(114)
[228.244s][info][gc,heap        ] GC(42) Old regions: 792->775
[228.244s][info][gc,heap        ] GC(42) Humongous regions: 77->77
[228.244s][info][gc,metaspace   ] GC(42) Metaspace: 28670K(28992K)->28670K(28992K) NonClass: 23788K(23936K)->23788K(23936K) Class: 4882K(5056K)->4882K(5056K)
[228.244s][info][gc             ] GC(42) Pause Young (Mixed) (G1 Evacuation Pause) 3547M->1876M(4096M) 105.520ms
[228.244s][info][gc,cpu         ] GC(42) User=0.61s Sys=0.01s Real=0.11s
. (rIR:aIR:PR = 4701:4742:4745) (tPR = 73337) [OK] 
   228s:       trying IR =   5621 ..[230.710s][info][gc,start       ] GC(43) Pause Young (Mixed) (G1 Evacuation Pause)
[230.710s][info][gc,task        ] GC(43) Using 6 workers of 6 for evacuation
[230.824s][info][gc,phases      ] GC(43)   Pre Evacuate Collection Set: 0.38ms
[230.824s][info][gc,phases      ] GC(43)   Merge Heap Roots: 0.62ms
[230.824s][info][gc,phases      ] GC(43)   Evacuate Collection Set: 111.76ms
[230.824s][info][gc,phases      ] GC(43)   Merge Optional Heap Roots: 0.05ms
[230.824s][info][gc,phases      ] GC(43)   Evacuate Optional Collection Set: 0.20ms
[230.824s][info][gc,phases      ] GC(43)   Post Evacuate Collection Set: 0.98ms
[230.824s][info][gc,phases      ] GC(43)   Other: 0.11ms
[230.824s][info][gc,heap        ] GC(43) Eden regions: 846->0(873)
[230.824s][info][gc,heap        ] GC(43) Survivor regions: 87->93(117)
[230.824s][info][gc,heap        ] GC(43) Old regions: 775->754
[230.824s][info][gc,heap        ] GC(43) Humongous regions: 77->77
[230.824s][info][gc,metaspace   ] GC(43) Metaspace: 28674K(28992K)->28674K(28992K) NonClass: 23792K(23936K)->23792K(23936K) Class: 4882K(5056K)->4882K(5056K)
[230.824s][info][gc             ] GC(43) Pause Young (Mixed) (G1 Evacuation Pause) 3568M->1845M(4096M) 114.239ms
[230.824s][info][gc,cpu         ] GC(43) User=0.68s Sys=0.00s Real=0.12s
.. (rIR:aIR:PR = 5621:5650:5652) (tPR = 85261) [OK] 
   232s:       trying IR =   6725 [233.129s][info][gc,start       ] GC(44) Pause Young (Mixed) (G1 Evacuation Pause)
[233.129s][info][gc,task        ] GC(44) Using 6 workers of 6 for evacuation
[233.244s][info][gc,phases      ] GC(44)   Pre Evacuate Collection Set: 0.40ms
[233.244s][info][gc,phases      ] GC(44)   Merge Heap Roots: 0.70ms
[233.244s][info][gc,phases      ] GC(44)   Evacuate Collection Set: 112.62ms
[233.244s][info][gc,phases      ] GC(44)   Merge Optional Heap Roots: 0.04ms
[233.244s][info][gc,phases      ] GC(44)   Evacuate Optional Collection Set: 0.41ms
[233.244s][info][gc,phases      ] GC(44)   Post Evacuate Collection Set: 1.12ms
[233.244s][info][gc,phases      ] GC(44)   Other: 0.12ms
[233.244s][info][gc,heap        ] GC(44) Eden regions: 873->0(567)
[233.244s][info][gc,heap        ] GC(44) Survivor regions: 93->92(121)
[233.244s][info][gc,heap        ] GC(44) Old regions: 754->727
[233.244s][info][gc,heap        ] GC(44) Humongous regions: 77->77
[233.244s][info][gc,metaspace   ] GC(44) Metaspace: 28707K(28992K)->28707K(28992K) NonClass: 23824K(23936K)->23824K(23936K) Class: 4882K(5056K)->4882K(5056K)
[233.244s][info][gc             ] GC(44) Pause Young (Mixed) (G1 Evacuation Pause) 3591M->1791M(4096M) 115.555ms
[233.244s][info][gc,cpu         ] GC(44) User=0.67s Sys=0.02s Real=0.12s
..[234.640s][info][gc,start       ] GC(45) Pause Young (Mixed) (G1 Evacuation Pause)
[234.640s][info][gc,task        ] GC(45) Using 6 workers of 6 for evacuation
[234.748s][info][gc,phases      ] GC(45)   Pre Evacuate Collection Set: 0.36ms
[234.748s][info][gc,phases      ] GC(45)   Merge Heap Roots: 0.64ms
[234.748s][info][gc,phases      ] GC(45)   Evacuate Collection Set: 105.48ms
[234.748s][info][gc,phases      ] GC(45)   Post Evacuate Collection Set: 0.95ms
[234.748s][info][gc,phases      ] GC(45)   Other: 0.09ms
[234.748s][info][gc,heap        ] GC(45) Eden regions: 622->0(908)
[234.748s][info][gc,heap        ] GC(45) Survivor regions: 92->44(90)
[234.748s][info][gc,heap        ] GC(45) Old regions: 727->754
[234.748s][info][gc,heap        ] GC(45) Humongous regions: 77->77
[234.748s][info][gc,metaspace   ] GC(45) Metaspace: 28707K(28992K)->28707K(28992K) NonClass: 23825K(23936K)->23825K(23936K) Class: 4882K(5056K)->4882K(5056K)
[234.748s][info][gc             ] GC(45) Pause Young (Mixed) (G1 Evacuation Pause) 3035M->1748M(4096M) 107.659ms
[234.748s][info][gc,cpu         ] GC(45) User=0.64s Sys=0.00s Real=0.11s
.. (rIR:aIR:PR = 6725:6718:6718) (tPR = 102148) [OK] 
   236s:       trying IR =   8050 [236.826s][info][gc,start       ] GC(46) Pause Young (Mixed) (G1 Evacuation Pause)
[236.826s][info][gc,task        ] GC(46) Using 6 workers of 6 for evacuation
[236.921s][info][gc,phases      ] GC(46)   Pre Evacuate Collection Set: 0.37ms
[236.921s][info][gc,phases      ] GC(46)   Merge Heap Roots: 0.73ms
[236.921s][info][gc,phases      ] GC(46)   Evacuate Collection Set: 91.29ms
[236.921s][info][gc,phases      ] GC(46)   Merge Optional Heap Roots: 0.06ms
[236.921s][info][gc,phases      ] GC(46)   Evacuate Optional Collection Set: 1.09ms
[236.921s][info][gc,phases      ] GC(46)   Post Evacuate Collection Set: 1.03ms
[236.921s][info][gc,phases      ] GC(46)   Other: 0.12ms
[236.921s][info][gc,heap        ] GC(46) Eden regions: 908->0(935)
[236.921s][info][gc,heap        ] GC(46) Survivor regions: 44->86(119)
[236.921s][info][gc,heap        ] GC(46) Old regions: 754->679
[236.921s][info][gc,heap        ] GC(46) Humongous regions: 77->77
[236.921s][info][gc,metaspace   ] GC(46) Metaspace: 28719K(29056K)->28719K(29056K) NonClass: 23836K(24000K)->23836K(24000K) Class: 4882K(5056K)->4882K(5056K)
[236.921s][info][gc             ] GC(46) Pause Young (Mixed) (G1 Evacuation Pause) 3564M->1682M(4096M) 94.817ms
[236.921s][info][gc,cpu         ] GC(46) User=0.56s Sys=0.00s Real=0.09s
..[238.747s][info][gc,start       ] GC(47) Pause Young (Mixed) (G1 Evacuation Pause)
[238.747s][info][gc,task        ] GC(47) Using 6 workers of 6 for evacuation
[238.885s][info][gc,phases      ] GC(47)   Pre Evacuate Collection Set: 0.37ms
[238.885s][info][gc,phases      ] GC(47)   Merge Heap Roots: 0.86ms
[238.885s][info][gc,phases      ] GC(47)   Evacuate Collection Set: 129.37ms
[238.885s][info][gc,phases      ] GC(47)   Merge Optional Heap Roots: 0.19ms
[238.885s][info][gc,phases      ] GC(47)   Evacuate Optional Collection Set: 6.40ms
[238.885s][info][gc,phases      ] GC(47)   Post Evacuate Collection Set: 1.12ms
[238.885s][info][gc,phases      ] GC(47)   Other: 0.11ms
[238.885s][info][gc,heap        ] GC(47) Eden regions: 935->0(955)
[238.885s][info][gc,heap        ] GC(47) Survivor regions: 86->100(128)
[238.885s][info][gc,heap        ] GC(47) Old regions: 679->628
[238.885s][info][gc,heap        ] GC(47) Humongous regions: 77->77
[238.885s][info][gc,metaspace   ] GC(47) Metaspace: 28719K(29056K)->28719K(29056K) NonClass: 23837K(24000K)->23837K(24000K) Class: 4882K(5056K)->4882K(5056K)
[238.885s][info][gc             ] GC(47) Pause Young (Mixed) (G1 Evacuation Pause) 3552M->1608M(4096M) 138.565ms
[238.885s][info][gc,cpu         ] GC(47) User=0.82s Sys=0.01s Real=0.14s
.. (rIR:aIR:PR = 8050:8242:8241) (tPR = 123781) [OK] 
   240s:       trying IR =   9640 [240.703s][info][gc,start       ] GC(48) Pause Young (Mixed) (G1 Evacuation Pause)
[240.703s][info][gc,task        ] GC(48) Using 6 workers of 6 for evacuation
[240.840s][info][gc,phases      ] GC(48)   Pre Evacuate Collection Set: 0.35ms
[240.840s][info][gc,phases      ] GC(48)   Merge Heap Roots: 1.07ms
[240.840s][info][gc,phases      ] GC(48)   Evacuate Collection Set: 134.22ms
[240.840s][info][gc,phases      ] GC(48)   Post Evacuate Collection Set: 0.89ms
[240.840s][info][gc,phases      ] GC(48)   Other: 0.09ms
[240.840s][info][gc,heap        ] GC(48) Eden regions: 955->0(973)
[240.840s][info][gc,heap        ] GC(48) Survivor regions: 100->99(132)
[240.840s][info][gc,heap        ] GC(48) Old regions: 628->640
[240.840s][info][gc,heap        ] GC(48) Humongous regions: 77->77
[240.840s][info][gc,metaspace   ] GC(48) Metaspace: 28719K(29056K)->28719K(29056K) NonClass: 23837K(24000K)->23837K(24000K) Class: 4882K(5056K)->4882K(5056K)
[240.840s][info][gc             ] GC(48) Pause Young (Mixed) (G1 Evacuation Pause) 3518M->1629M(4096M) 136.743ms
[240.840s][info][gc,cpu         ] GC(48) User=0.81s Sys=0.00s Real=0.13s
.[242.398s][info][gc,start       ] GC(49) Pause Young (Normal) (G1 Evacuation Pause)
[242.398s][info][gc,task        ] GC(49) Using 6 workers of 6 for evacuation
[242.506s][info][gc,phases      ] GC(49)   Pre Evacuate Collection Set: 0.35ms
[242.506s][info][gc,phases      ] GC(49)   Merge Heap Roots: 0.42ms
[242.506s][info][gc,phases      ] GC(49)   Evacuate Collection Set: 106.50ms
[242.506s][info][gc,phases      ] GC(49)   Post Evacuate Collection Set: 0.93ms
[242.506s][info][gc,phases      ] GC(49)   Other: 0.09ms
[242.506s][info][gc,heap        ] GC(49) Eden regions: 973->0(969)
[242.506s][info][gc,heap        ] GC(49) Survivor regions: 99->101(134)
[242.506s][info][gc,heap        ] GC(49) Old regions: 640->671
[242.506s][info][gc,heap        ] GC(49) Humongous regions: 77->77
[242.506s][info][gc,metaspace   ] GC(49) Metaspace: 28720K(29056K)->28720K(29056K) NonClass: 23837K(24000K)->23837K(24000K) Class: 4882K(5056K)->4882K(5056K)
[242.506s][info][gc             ] GC(49) Pause Young (Normal) (G1 Evacuation Pause) 3575M->1695M(4096M) 108.422ms
[242.506s][info][gc,cpu         ] GC(49) User=0.64s Sys=0.00s Real=0.11s
..[244.036s][info][gc,start       ] GC(50) Pause Young (Normal) (G1 Evacuation Pause)
[244.036s][info][gc,task        ] GC(50) Using 6 workers of 6 for evacuation
[244.149s][info][gc,phases      ] GC(50)   Pre Evacuate Collection Set: 0.34ms
[244.149s][info][gc,phases      ] GC(50)   Merge Heap Roots: 0.43ms
[244.149s][info][gc,phases      ] GC(50)   Evacuate Collection Set: 111.60ms
[244.149s][info][gc,phases      ] GC(50)   Post Evacuate Collection Set: 0.83ms
[244.149s][info][gc,phases      ] GC(50)   Other: 0.08ms
[244.149s][info][gc,heap        ] GC(50) Eden regions: 969->0(958)
[244.149s][info][gc,heap        ] GC(50) Survivor regions: 101->104(134)
[244.149s][info][gc,heap        ] GC(50) Old regions: 671->702
[244.149s][info][gc,heap        ] GC(50) Humongous regions: 77->77
[244.149s][info][gc,metaspace   ] GC(50) Metaspace: 28737K(29056K)->28737K(29056K) NonClass: 23855K(24000K)->23855K(24000K) Class: 4882K(5056K)->4882K(5056K)
[244.149s][info][gc             ] GC(50) Pause Young (Normal) (G1 Evacuation Pause) 3633M->1765M(4096M) 113.417ms
[244.149s][info][gc,cpu         ] GC(50) User=0.67s Sys=0.00s Real=0.11s
.. (rIR:aIR:PR = 9640:9901:9901) (tPR = 148672) [OK] 
   245s:       trying IR =  11548 [245.684s][info][gc,start       ] GC(51) Pause Young (Normal) (G1 Evacuation Pause)
[245.684s][info][gc,task        ] GC(51) Using 6 workers of 6 for evacuation
[245.797s][info][gc,phases      ] GC(51)   Pre Evacuate Collection Set: 0.32ms
[245.797s][info][gc,phases      ] GC(51)   Merge Heap Roots: 0.42ms
[245.797s][info][gc,phases      ] GC(51)   Evacuate Collection Set: 111.40ms
[245.797s][info][gc,phases      ] GC(51)   Post Evacuate Collection Set: 0.83ms
[245.797s][info][gc,phases      ] GC(51)   Other: 0.08ms
[245.797s][info][gc,heap        ] GC(51) Eden regions: 958->0(926)
[245.797s][info][gc,heap        ] GC(51) Survivor regions: 104->104(133)
[245.797s][info][gc,heap        ] GC(51) Old regions: 702->734
[245.797s][info][gc,heap        ] GC(51) Humongous regions: 77->77
[245.797s][info][gc,metaspace   ] GC(51) Metaspace: 28750K(29056K)->28750K(29056K) NonClass: 23867K(24000K)->23867K(24000K) Class: 4883K(5056K)->4883K(5056K)
[245.797s][info][gc             ] GC(51) Pause Young (Normal) (G1 Evacuation Pause) 3681M->1828M(4096M) 113.183ms
[245.797s][info][gc,cpu         ] GC(51) User=0.67s Sys=0.00s Real=0.11s
.[247.084s][info][gc,start       ] GC(52) Pause Young (Normal) (G1 Evacuation Pause)
[247.084s][info][gc,task        ] GC(52) Using 6 workers of 6 for evacuation
[247.204s][info][gc,phases      ] GC(52)   Pre Evacuate Collection Set: 0.33ms
[247.204s][info][gc,phases      ] GC(52)   Merge Heap Roots: 0.44ms
[247.204s][info][gc,phases      ] GC(52)   Evacuate Collection Set: 118.46ms
[247.204s][info][gc,phases      ] GC(52)   Post Evacuate Collection Set: 0.81ms
[247.204s][info][gc,phases      ] GC(52)   Other: 0.08ms
[247.204s][info][gc,heap        ] GC(52) Eden regions: 926->0(884)
[247.204s][info][gc,heap        ] GC(52) Survivor regions: 104->108(129)
[247.204s][info][gc,heap        ] GC(52) Old regions: 734->768
[247.204s][info][gc,heap        ] GC(52) Humongous regions: 77->77
[247.204s][info][gc,metaspace   ] GC(52) Metaspace: 28753K(29056K)->28753K(29056K) NonClass: 23870K(24000K)->23870K(24000K) Class: 4883K(5056K)->4883K(5056K)
[247.204s][info][gc             ] GC(52) Pause Young (Normal) (G1 Evacuation Pause) 3680M->1904M(4096M) 120.243ms
[247.204s][info][gc,cpu         ] GC(52) User=0.71s Sys=0.00s Real=0.12s
.[248.443s][info][gc,start       ] GC(53) Pause Young (Normal) (G1 Evacuation Pause)
[248.443s][info][gc,task        ] GC(53) Using 6 workers of 6 for evacuation
[248.546s][info][gc,phases      ] GC(53)   Pre Evacuate Collection Set: 0.37ms
[248.546s][info][gc,phases      ] GC(53)   Merge Heap Roots: 0.44ms
[248.546s][info][gc,phases      ] GC(53)   Evacuate Collection Set: 101.52ms
[248.546s][info][gc,phases      ] GC(53)   Post Evacuate Collection Set: 0.75ms
[248.546s][info][gc,phases      ] GC(53)   Other: 0.08ms
[248.546s][info][gc,heap        ] GC(53) Eden regions: 884->0(909)
[248.546s][info][gc,heap        ] GC(53) Survivor regions: 108->55(124)
[248.546s][info][gc,heap        ] GC(53) Old regions: 768->840
[248.546s][info][gc,heap        ] GC(53) Humongous regions: 77->77
[248.546s][info][gc,metaspace   ] GC(53) Metaspace: 28755K(29056K)->28755K(29056K) NonClass: 23872K(24000K)->23872K(24000K) Class: 4883K(5056K)->4883K(5056K)
[248.546s][info][gc             ] GC(53) Pause Young (Normal) (G1 Evacuation Pause) 3672M->1941M(4096M) 103.285ms
[248.546s][info][gc,cpu         ] GC(53) User=0.61s Sys=0.01s Real=0.10s
..[249.813s][info][gc,start       ] GC(54) Pause Young (Normal) (G1 Evacuation Pause)
[249.813s][info][gc,task        ] GC(54) Using 6 workers of 6 for evacuation
[249.901s][info][gc,phases      ] GC(54)   Pre Evacuate Collection Set: 0.37ms
[249.901s][info][gc,phases      ] GC(54)   Merge Heap Roots: 0.39ms
[249.901s][info][gc,phases      ] GC(54)   Evacuate Collection Set: 85.88ms
[249.901s][info][gc,phases      ] GC(54)   Post Evacuate Collection Set: 0.77ms
[249.901s][info][gc,phases      ] GC(54)   Other: 0.08ms
[249.901s][info][gc,heap        ] GC(54) Eden regions: 909->0(828)
[249.901s][info][gc,heap        ] GC(54) Survivor regions: 55->100(121)
[249.901s][info][gc,heap        ] GC(54) Old regions: 840->840
[249.901s][info][gc,heap        ] GC(54) Humongous regions: 77->77
[249.901s][info][gc,metaspace   ] GC(54) Metaspace: 28758K(29056K)->28758K(29056K) NonClass: 23875K(24000K)->23875K(24000K) Class: 4883K(5056K)->4883K(5056K)
[249.901s][info][gc             ] GC(54) Pause Young (Normal) (G1 Evacuation Pause) 3759M->2032M(4096M) 87.621ms
[249.901s][info][gc,cpu         ] GC(54) User=0.52s Sys=0.00s Real=0.09s
.[251.016s][info][gc,start       ] GC(55) Pause Young (Normal) (G1 Evacuation Pause)
[251.016s][info][gc,task        ] GC(55) Using 6 workers of 6 for evacuation
[251.122s][info][gc,phases      ] GC(55)   Pre Evacuate Collection Set: 0.38ms
[251.122s][info][gc,phases      ] GC(55)   Merge Heap Roots: 0.41ms
[251.122s][info][gc,phases      ] GC(55)   Evacuate Collection Set: 104.01ms
[251.122s][info][gc,phases      ] GC(55)   Post Evacuate Collection Set: 0.72ms
[251.122s][info][gc,phases      ] GC(55)   Other: 0.07ms
[251.122s][info][gc,heap        ] GC(55) Eden regions: 828->0(840)
[251.122s][info][gc,heap        ] GC(55) Survivor regions: 100->58(116)
[251.122s][info][gc,heap        ] GC(55) Old regions: 840->912
[251.122s][info][gc,heap        ] GC(55) Humongous regions: 77->77
[251.122s][info][gc,metaspace   ] GC(55) Metaspace: 28758K(29056K)->28758K(29056K) NonClass: 23875K(24000K)->23875K(24000K) Class: 4883K(5056K)->4883K(5056K)
[251.122s][info][gc             ] GC(55) Pause Young (Normal) (G1 Evacuation Pause) 3688M->2092M(4096M) 105.730ms
[251.122s][info][gc,cpu         ] GC(55) User=0.63s Sys=0.00s Real=0.11s
.[252.287s][info][gc,start       ] GC(56) Pause Young (Concurrent Start) (G1 Evacuation Pause)
[252.287s][info][gc,task        ] GC(56) Using 6 workers of 6 for evacuation
[252.370s][info][gc,phases      ] GC(56)   Pre Evacuate Collection Set: 0.38ms
[252.370s][info][gc,phases      ] GC(56)   Merge Heap Roots: 0.39ms
[252.370s][info][gc,phases      ] GC(56)   Evacuate Collection Set: 81.89ms
[252.370s][info][gc,phases      ] GC(56)   Post Evacuate Collection Set: 0.75ms
[252.370s][info][gc,phases      ] GC(56)   Other: 0.11ms
[252.370s][info][gc,heap        ] GC(56) Eden regions: 840->0(772)
[252.370s][info][gc,heap        ] GC(56) Survivor regions: 58->92(113)
[252.370s][info][gc,heap        ] GC(56) Old regions: 912->912
[252.370s][info][gc,heap        ] GC(56) Humongous regions: 77->77
[252.370s][info][gc,metaspace   ] GC(56) Metaspace: 28760K(29056K)->28760K(29056K) NonClass: 23877K(24000K)->23877K(24000K) Class: 4883K(5056K)->4883K(5056K)
[252.370s][info][gc             ] GC(56) Pause Young (Concurrent Start) (G1 Evacuation Pause) 3772M->2160M(4096M) 83.658ms
[252.370s][info][gc             ] GC(57) Concurrent Mark Cycle
[252.370s][info][gc,marking     ] GC(57) Concurrent Scan Root Regions
[252.370s][info][gc,cpu         ] GC(56) User=0.49s Sys=0.00s Real=0.08s
[252.477s][info][gc,marking     ] GC(57) Concurrent Scan Root Regions 106.685ms
[252.477s][info][gc,marking     ] GC(57) Concurrent Mark
[252.477s][info][gc,marking     ] GC(57) Concurrent Mark From Roots
[252.477s][info][gc,task        ] GC(57) Using 2 workers of 2 for marking
.[253.467s][info][gc,marking     ] GC(57) Concurrent Mark From Roots 989.649ms
[253.467s][info][gc,marking     ] GC(57) Concurrent Preclean
[253.467s][info][gc,marking     ] GC(57) Concurrent Preclean 0.256ms
[253.470s][info][gc,start       ] GC(57) Pause Remark
[253.474s][info][gc             ] GC(57) Pause Remark 3174M->3154M(4096M) 4.443ms
[253.474s][info][gc,cpu         ] GC(57) User=0.02s Sys=0.00s Real=0.01s
[253.475s][info][gc,marking     ] GC(57) Concurrent Mark 997.949ms
[253.475s][info][gc,marking     ] GC(57) Concurrent Rebuild Remembered Sets and Scrub Regions
[253.969s][info][gc,start       ] GC(58) Pause Young (Normal) (G1 Evacuation Pause)
[253.969s][info][gc,task        ] GC(58) Using 6 workers of 6 for evacuation
[254.072s][info][gc,phases      ] GC(58)   Pre Evacuate Collection Set: 0.33ms
[254.072s][info][gc,phases      ] GC(58)   Merge Heap Roots: 0.39ms
[254.072s][info][gc,phases      ] GC(58)   Evacuate Collection Set: 100.84ms
[254.072s][info][gc,phases      ] GC(58)   Post Evacuate Collection Set: 0.92ms
[254.072s][info][gc,phases      ] GC(58)   Other: 0.10ms
[254.072s][info][gc,heap        ] GC(58) Eden regions: 772->0(753)
[254.072s][info][gc,heap        ] GC(58) Survivor regions: 92->91(108)
[254.072s][info][gc,heap        ] GC(58) Old regions: 902->933
[254.072s][info][gc,heap        ] GC(58) Humongous regions: 77->77
[254.072s][info][gc,metaspace   ] GC(58) Metaspace: 28760K(29056K)->28760K(29056K) NonClass: 23877K(24000K)->23877K(24000K) Class: 4883K(5056K)->4883K(5056K)
[254.072s][info][gc             ] GC(58) Pause Young (Normal) (G1 Evacuation Pause) 3684M->2199M(4096M) 102.698ms
[254.072s][info][gc,cpu         ] GC(58) User=0.61s Sys=0.00s Real=0.11s
.[254.139s][info][gc,marking     ] GC(57) Concurrent Rebuild Remembered Sets and Scrub Regions 664.160ms
[254.140s][info][gc,start       ] GC(57) Pause Cleanup
[254.141s][info][gc             ] GC(57) Pause Cleanup 2273M->2273M(4096M) 0.382ms
[254.141s][info][gc,cpu         ] GC(57) User=0.00s Sys=0.00s Real=0.01s
[254.141s][info][gc,marking     ] GC(57) Concurrent Clear Claimed Marks
[254.141s][info][gc,marking     ] GC(57) Concurrent Clear Claimed Marks 0.032ms
[254.141s][info][gc,marking     ] GC(57) Concurrent Cleanup for Next Mark
[254.146s][info][gc,marking     ] GC(57) Concurrent Cleanup for Next Mark 4.954ms
[254.146s][info][gc             ] GC(57) Concurrent Mark Cycle 1775.494ms
[255.190s][info][gc,start       ] GC(59) Pause Young (Prepare Mixed) (G1 Evacuation Pause)
[255.190s][info][gc,task        ] GC(59) Using 6 workers of 6 for evacuation
[255.292s][info][gc,phases      ] GC(59)   Pre Evacuate Collection Set: 0.31ms
[255.292s][info][gc,phases      ] GC(59)   Merge Heap Roots: 0.50ms
[255.292s][info][gc,phases      ] GC(59)   Evacuate Collection Set: 99.81ms
[255.292s][info][gc,phases      ] GC(59)   Post Evacuate Collection Set: 0.92ms
[255.292s][info][gc,phases      ] GC(59)   Other: 0.11ms
[255.292s][info][gc,heap        ] GC(59) Eden regions: 753->0(727)
[255.292s][info][gc,heap        ] GC(59) Survivor regions: 91->88(106)
[255.292s][info][gc,heap        ] GC(59) Old regions: 933->965
[255.292s][info][gc,heap        ] GC(59) Humongous regions: 77->77
[255.292s][info][gc,metaspace   ] GC(59) Metaspace: 28760K(29056K)->28760K(29056K) NonClass: 23877K(24000K)->23877K(24000K) Class: 4883K(5056K)->4883K(5056K)
[255.292s][info][gc             ] GC(59) Pause Young (Prepare Mixed) (G1 Evacuation Pause) 3705M->2258M(4096M) 101.767ms
[255.292s][info][gc,cpu         ] GC(59) User=0.60s Sys=0.00s Real=0.11s
.[256.289s][info][gc,start       ] GC(60) Pause Young (Mixed) (G1 Evacuation Pause)
[256.289s][info][gc,task        ] GC(60) Using 6 workers of 6 for evacuation
[256.395s][info][gc,phases      ] GC(60)   Pre Evacuate Collection Set: 0.38ms
[256.395s][info][gc,phases      ] GC(60)   Merge Heap Roots: 0.59ms
[256.395s][info][gc,phases      ] GC(60)   Evacuate Collection Set: 103.88ms
[256.395s][info][gc,phases      ] GC(60)   Post Evacuate Collection Set: 1.00ms
[256.395s][info][gc,phases      ] GC(60)   Other: 0.11ms
[256.395s][info][gc,heap        ] GC(60) Eden regions: 727->0(904)
[256.395s][info][gc,heap        ] GC(60) Survivor regions: 88->86(102)
[256.395s][info][gc,heap        ] GC(60) Old regions: 965->792
[256.395s][info][gc,heap        ] GC(60) Humongous regions: 77->77
[256.395s][info][gc,metaspace   ] GC(60) Metaspace: 28760K(29056K)->28760K(29056K) NonClass: 23877K(24000K)->23877K(24000K) Class: 4883K(5056K)->4883K(5056K)
[256.395s][info][gc             ] GC(60) Pause Young (Mixed) (G1 Evacuation Pause) 3712M->1909M(4096M) 106.093ms
[256.395s][info][gc,cpu         ] GC(60) User=0.63s Sys=0.00s Real=0.11s
.[257.591s][info][gc,start       ] GC(61) Pause Young (Mixed) (G1 Evacuation Pause)
[257.591s][info][gc,task        ] GC(61) Using 6 workers of 6 for evacuation
[257.760s][info][gc,phases      ] GC(61)   Pre Evacuate Collection Set: 0.40ms
[257.760s][info][gc,phases      ] GC(61)   Merge Heap Roots: 0.80ms
[257.760s][info][gc,phases      ] GC(61)   Evacuate Collection Set: 166.43ms
[257.760s][info][gc,phases      ] GC(61)   Post Evacuate Collection Set: 1.17ms
[257.760s][info][gc,phases      ] GC(61)   Other: 0.10ms
[257.760s][info][gc,heap        ] GC(61) Eden regions: 904->0(1058)
[257.760s][info][gc,heap        ] GC(61) Survivor regions: 86->91(124)
[257.760s][info][gc,heap        ] GC(61) Old regions: 792->628
[257.760s][info][gc,heap        ] GC(61) Humongous regions: 77->77
[257.760s][info][gc,metaspace   ] GC(61) Metaspace: 28761K(29056K)->28761K(29056K) NonClass: 23878K(24000K)->23878K(24000K) Class: 4883K(5056K)->4883K(5056K)
[257.760s][info][gc             ] GC(61) Pause Young (Mixed) (G1 Evacuation Pause) 3717M->1591M(4096M) 169.018ms
[257.760s][info][gc,cpu         ] GC(61) User=0.73s Sys=0.00s Real=0.16s
.[259.106s][info][gc,start       ] GC(62) Pause Young (Mixed) (G1 Evacuation Pause)
[259.106s][info][gc,task        ] GC(62) Using 6 workers of 6 for evacuation
[259.241s][info][gc,phases      ] GC(62)   Pre Evacuate Collection Set: 0.33ms
[259.241s][info][gc,phases      ] GC(62)   Merge Heap Roots: 0.78ms
[259.241s][info][gc,phases      ] GC(62)   Evacuate Collection Set: 132.87ms
[259.241s][info][gc,phases      ] GC(62)   Post Evacuate Collection Set: 1.16ms
[259.241s][info][gc,phases      ] GC(62)   Other: 0.12ms
[259.241s][info][gc,heap        ] GC(62) Eden regions: 1039->0(806)
[259.241s][info][gc,heap        ] GC(62) Survivor regions: 91->108(142)
[259.241s][info][gc,heap        ] GC(62) Old regions: 628->594
[259.241s][info][gc,heap        ] GC(62) Humongous regions: 77->77
[259.241s][info][gc,metaspace   ] GC(62) Metaspace: 28761K(29056K)->28761K(29056K) NonClass: 23878K(24000K)->23878K(24000K) Class: 4883K(5056K)->4883K(5056K)
[259.241s][info][gc             ] GC(62) Pause Young (Mixed) (G1 Evacuation Pause) 3669M->1556M(4096M) 135.388ms
[259.241s][info][gc,cpu         ] GC(62) User=0.81s Sys=0.00s Real=0.14s
.[260.329s][info][gc,start       ] GC(63) Pause Young (Mixed) (G1 Evacuation Pause)
[260.329s][info][gc,task        ] GC(63) Using 6 workers of 6 for evacuation
[260.491s][info][gc,phases      ] GC(63)   Pre Evacuate Collection Set: 0.36ms
[260.491s][info][gc,phases      ] GC(63)   Merge Heap Roots: 1.59ms
[260.491s][info][gc,phases      ] GC(63)   Evacuate Collection Set: 159.08ms
[260.491s][info][gc,phases      ] GC(63)   Post Evacuate Collection Set: 0.79ms
[260.491s][info][gc,phases      ] GC(63)   Other: 0.08ms
[260.491s][info][gc,heap        ] GC(63) Eden regions: 788->0(1038)
[260.491s][info][gc,heap        ] GC(63) Survivor regions: 108->60(112)
[260.491s][info][gc,heap        ] GC(63) Old regions: 594->622
[260.491s][info][gc,heap        ] GC(63) Humongous regions: 77->77
[260.491s][info][gc,metaspace   ] GC(63) Metaspace: 28763K(29056K)->28763K(29056K) NonClass: 23880K(24000K)->23880K(24000K) Class: 4883K(5056K)->4883K(5056K)
[260.491s][info][gc             ] GC(63) Pause Young (Mixed) (G1 Evacuation Pause) 3132M->1516M(4096M) 162.023ms
[260.491s][info][gc,cpu         ] GC(63) User=0.97s Sys=0.00s Real=0.17s
..[261.916s][info][gc,start       ] GC(64) Pause Young (Normal) (G1 Evacuation Pause)
[261.916s][info][gc,task        ] GC(64) Using 6 workers of 6 for evacuation
[262.010s][info][gc,phases      ] GC(64)   Pre Evacuate Collection Set: 0.35ms
[262.010s][info][gc,phases      ] GC(64)   Merge Heap Roots: 0.43ms
[262.010s][info][gc,phases      ] GC(64)   Evacuate Collection Set: 92.22ms
[262.010s][info][gc,phases      ] GC(64)   Post Evacuate Collection Set: 0.84ms
[262.010s][info][gc,phases      ] GC(64)   Other: 0.08ms
[262.010s][info][gc,heap        ] GC(64) Eden regions: 1038->0(1025)
[262.010s][info][gc,heap        ] GC(64) Survivor regions: 60->106(138)
[262.010s][info][gc,heap        ] GC(64) Old regions: 622->622
[262.010s][info][gc,heap        ] GC(64) Humongous regions: 77->77
[262.010s][info][gc,metaspace   ] GC(64) Metaspace: 28772K(29120K)->28772K(29120K) NonClass: 23889K(24064K)->23889K(24064K) Class: 4883K(5056K)->4883K(5056K)
[262.010s][info][gc             ] GC(64) Pause Young (Normal) (G1 Evacuation Pause) 3592M->1607M(4096M) 94.046ms
[262.010s][info][gc,cpu         ] GC(64) User=0.56s Sys=0.00s Real=0.09s
.[263.318s][info][gc,start       ] GC(65) Pause Young (Normal) (G1 Evacuation Pause)
[263.318s][info][gc,task        ] GC(65) Using 6 workers of 6 for evacuation
[263.432s][info][gc,phases      ] GC(65)   Pre Evacuate Collection Set: 0.34ms
[263.432s][info][gc,phases      ] GC(65)   Merge Heap Roots: 0.43ms
[263.432s][info][gc,phases      ] GC(65)   Evacuate Collection Set: 112.29ms
[263.432s][info][gc,phases      ] GC(65)   Post Evacuate Collection Set: 0.85ms
[263.432s][info][gc,phases      ] GC(65)   Other: 0.08ms
[263.432s][info][gc,heap        ] GC(65) Eden regions: 1025->0(1011)
[263.432s][info][gc,heap        ] GC(65) Survivor regions: 106->71(142)
[263.432s][info][gc,heap        ] GC(65) Old regions: 622->688
[263.432s][info][gc,heap        ] GC(65) Humongous regions: 77->77
[263.432s][info][gc,metaspace   ] GC(65) Metaspace: 28775K(29120K)->28775K(29120K) NonClass: 23892K(24064K)->23892K(24064K) Class: 4883K(5056K)->4883K(5056K)
[263.432s][info][gc             ] GC(65) Pause Young (Normal) (G1 Evacuation Pause) 3657M->1671M(4096M) 114.124ms
[263.432s][info][gc,cpu         ] GC(65) User=0.68s Sys=0.00s Real=0.12s
.[264.843s][info][gc,start       ] GC(66) Pause Young (Normal) (G1 Evacuation Pause)
[264.843s][info][gc,task        ] GC(66) Using 6 workers of 6 for evacuation
[264.942s][info][gc,phases      ] GC(66)   Pre Evacuate Collection Set: 0.30ms
[264.942s][info][gc,phases      ] GC(66)   Merge Heap Roots: 0.47ms
[264.942s][info][gc,phases      ] GC(66)   Evacuate Collection Set: 97.16ms
[264.942s][info][gc,phases      ] GC(66)   Post Evacuate Collection Set: 0.79ms
[264.942s][info][gc,phases      ] GC(66)   Other: 0.07ms
[264.942s][info][gc,heap        ] GC(66) Eden regions: 1011->0(986)
[264.942s][info][gc,heap        ] GC(66) Survivor regions: 71->68(136)
[264.942s][info][gc,heap        ] GC(66) Old regions: 688->734
[264.942s][info][gc,heap        ] GC(66) Humongous regions: 77->77
[264.942s][info][gc,metaspace   ] GC(66) Metaspace: 28775K(29120K)->28775K(29120K) NonClass: 23892K(24064K)->23892K(24064K) Class: 4883K(5056K)->4883K(5056K)
[264.942s][info][gc             ] GC(66) Pause Young (Normal) (G1 Evacuation Pause) 3693M->1756M(4096M) 98.917ms
[264.942s][info][gc,cpu         ] GC(66) User=0.59s Sys=0.00s Real=0.10s
.[266.266s][info][gc,start       ] GC(67) Pause Young (Normal) (G1 Evacuation Pause)
[266.266s][info][gc,task        ] GC(67) Using 6 workers of 6 for evacuation
[266.365s][info][gc,phases      ] GC(67)   Pre Evacuate Collection Set: 0.33ms
[266.365s][info][gc,phases      ] GC(67)   Merge Heap Roots: 0.41ms
[266.365s][info][gc,phases      ] GC(67)   Evacuate Collection Set: 97.47ms
[266.365s][info][gc,phases      ] GC(67)   Post Evacuate Collection Set: 0.79ms
[266.365s][info][gc,phases      ] GC(67)   Other: 0.08ms
[266.365s][info][gc,heap        ] GC(67) Eden regions: 986->0(945)
[266.365s][info][gc,heap        ] GC(67) Survivor regions: 68->72(132)
[266.365s][info][gc,heap        ] GC(67) Old regions: 734->778
[266.365s][info][gc,heap        ] GC(67) Humongous regions: 77->77
[266.365s][info][gc,metaspace   ] GC(67) Metaspace: 28775K(29120K)->28775K(29120K) NonClass: 23892K(24064K)->23892K(24064K) Class: 4883K(5056K)->4883K(5056K)
[266.365s][info][gc             ] GC(67) Pause Young (Normal) (G1 Evacuation Pause) 3728M->1853M(4096M) 99.208ms
[266.365s][info][gc,cpu         ] GC(67) User=0.59s Sys=0.00s Real=0.10s
.. (rIR:aIR:PR = 11548:11243:11222) (tPR = 165365) [OK] 
   267s:       trying IR =  13837 [267.604s][info][gc,start       ] GC(68) Pause Young (Normal) (G1 Evacuation Pause)
[267.604s][info][gc,task        ] GC(68) Using 6 workers of 6 for evacuation
[267.725s][info][gc,phases      ] GC(68)   Pre Evacuate Collection Set: 0.33ms
[267.725s][info][gc,phases      ] GC(68)   Merge Heap Roots: 0.43ms
[267.725s][info][gc,phases      ] GC(68)   Evacuate Collection Set: 119.36ms
[267.725s][info][gc,phases      ] GC(68)   Post Evacuate Collection Set: 0.80ms
[267.725s][info][gc,phases      ] GC(68)   Other: 0.07ms
[267.725s][info][gc,heap        ] GC(68) Eden regions: 945->0(910)
[267.725s][info][gc,heap        ] GC(68) Survivor regions: 72->68(128)
[267.725s][info][gc,heap        ] GC(68) Old regions: 778->822
[267.725s][info][gc,heap        ] GC(68) Humongous regions: 77->77
[267.725s][info][gc,metaspace   ] GC(68) Metaspace: 28775K(29120K)->28775K(29120K) NonClass: 23892K(24064K)->23892K(24064K) Class: 4883K(5056K)->4883K(5056K)
[267.725s][info][gc             ] GC(68) Pause Young (Normal) (G1 Evacuation Pause) 3743M->1932M(4096M) 121.100ms
[267.725s][info][gc,cpu         ] GC(68) User=0.56s Sys=0.00s Real=0.12s
.[269.039s][info][gc,start       ] GC(69) Pause Young (Normal) (G1 Evacuation Pause)
[269.039s][info][gc,task        ] GC(69) Using 6 workers of 6 for evacuation
[269.131s][info][gc,phases      ] GC(69)   Pre Evacuate Collection Set: 0.32ms
[269.131s][info][gc,phases      ] GC(69)   Merge Heap Roots: 0.41ms
[269.131s][info][gc,phases      ] GC(69)   Evacuate Collection Set: 90.60ms
[269.132s][info][gc,phases      ] GC(69)   Post Evacuate Collection Set: 0.74ms
[269.132s][info][gc,phases      ] GC(69)   Other: 0.08ms
[269.132s][info][gc,heap        ] GC(69) Eden regions: 910->0(877)
[269.132s][info][gc,heap        ] GC(69) Survivor regions: 68->62(123)
[269.132s][info][gc,heap        ] GC(69) Old regions: 822->867
[269.132s][info][gc,heap        ] GC(69) Humongous regions: 77->77
[269.132s][info][gc,metaspace   ] GC(69) Metaspace: 28778K(29120K)->28778K(29120K) NonClass: 23895K(24064K)->23895K(24064K) Class: 4883K(5056K)->4883K(5056K)
[269.132s][info][gc             ] GC(69) Pause Young (Normal) (G1 Evacuation Pause) 3752M->2009M(4096M) 92.276ms
[269.132s][info][gc,cpu         ] GC(69) User=0.55s Sys=0.00s Real=0.10s
.[270.337s][info][gc,start       ] GC(70) Pause Young (Concurrent Start) (G1 Evacuation Pause)
[270.337s][info][gc,task        ] GC(70) Using 6 workers of 6 for evacuation
[270.423s][info][gc,phases      ] GC(70)   Pre Evacuate Collection Set: 0.39ms
[270.423s][info][gc,phases      ] GC(70)   Merge Heap Roots: 0.39ms
[270.423s][info][gc,phases      ] GC(70)   Evacuate Collection Set: 84.86ms
[270.423s][info][gc,phases      ] GC(70)   Post Evacuate Collection Set: 0.72ms
[270.423s][info][gc,phases      ] GC(70)   Other: 0.09ms
[270.423s][info][gc,heap        ] GC(70) Eden regions: 877->0(838)
[270.423s][info][gc,heap        ] GC(70) Survivor regions: 62->62(118)
[270.423s][info][gc,heap        ] GC(70) Old regions: 867->906
[270.423s][info][gc,heap        ] GC(70) Humongous regions: 77->77
[270.424s][info][gc,metaspace   ] GC(70) Metaspace: 28778K(29120K)->28778K(29120K) NonClass: 23895K(24064K)->23895K(24064K) Class: 4883K(5056K)->4883K(5056K)
[270.424s][info][gc             ] GC(70) Pause Young (Concurrent Start) (G1 Evacuation Pause) 3763M->2088M(4096M) 86.589ms
[270.424s][info][gc             ] GC(71) Concurrent Mark Cycle
[270.424s][info][gc,marking     ] GC(71) Concurrent Scan Root Regions
[270.424s][info][gc,cpu         ] GC(70) User=0.51s Sys=0.00s Real=0.09s
[270.524s][info][gc,marking     ] GC(71) Concurrent Scan Root Regions 100.073ms
[270.524s][info][gc,marking     ] GC(71) Concurrent Mark
[270.524s][info][gc,marking     ] GC(71) Concurrent Mark From Roots
[270.524s][info][gc,task        ] GC(71) Using 2 workers of 2 for marking
.[271.778s][info][gc,marking     ] GC(71) Concurrent Mark From Roots 1254.301ms
[271.778s][info][gc,marking     ] GC(71) Concurrent Preclean
[271.778s][info][gc,marking     ] GC(71) Concurrent Preclean 0.101ms
[271.779s][info][gc,start       ] GC(71) Pause Remark
[271.782s][info][gc             ] GC(71) Pause Remark 3548M->3540M(4096M) 3.476ms
[271.782s][info][gc,cpu         ] GC(71) User=0.01s Sys=0.00s Real=0.01s
[271.782s][info][gc,marking     ] GC(71) Concurrent Mark 1258.715ms
[271.782s][info][gc,marking     ] GC(71) Concurrent Rebuild Remembered Sets and Scrub Regions
[271.966s][info][gc,start       ] GC(72) Pause Young (Normal) (G1 Evacuation Pause)
[271.966s][info][gc,task        ] GC(72) Using 6 workers of 6 for evacuation
[272.053s][info][gc,phases      ] GC(72)   Pre Evacuate Collection Set: 0.28ms
[272.053s][info][gc,phases      ] GC(72)   Merge Heap Roots: 0.40ms
[272.053s][info][gc,phases      ] GC(72)   Evacuate Collection Set: 84.70ms
[272.053s][info][gc,phases      ] GC(72)   Post Evacuate Collection Set: 0.82ms
[272.053s][info][gc,phases      ] GC(72)   Other: 0.09ms
[272.053s][info][gc,heap        ] GC(72) Eden regions: 838->0(801)
[272.053s][info][gc,heap        ] GC(72) Survivor regions: 62->63(113)
[272.053s][info][gc,heap        ] GC(72) Old regions: 902->941
[272.053s][info][gc,heap        ] GC(72) Humongous regions: 77->77
[272.053s][info][gc,metaspace   ] GC(72) Metaspace: 28783K(29120K)->28783K(29120K) NonClass: 23900K(24064K)->23900K(24064K) Class: 4883K(5056K)->4883K(5056K)
[272.053s][info][gc             ] GC(72) Pause Young (Normal) (G1 Evacuation Pause) 3756M->2160M(4096M) 86.434ms
[272.053s][info][gc,cpu         ] GC(72) User=0.52s Sys=0.00s Real=0.09s
[272.328s][info][gc,marking     ] GC(71) Concurrent Rebuild Remembered Sets and Scrub Regions 545.215ms
[272.329s][info][gc,start       ] GC(71) Pause Cleanup
[272.329s][info][gc             ] GC(71) Pause Cleanup 2514M->2514M(4096M) 0.327ms
[272.329s][info][gc,cpu         ] GC(71) User=0.00s Sys=0.00s Real=0.00s
[272.329s][info][gc,marking     ] GC(71) Concurrent Clear Claimed Marks
[272.329s][info][gc,marking     ] GC(71) Concurrent Clear Claimed Marks 0.037ms
[272.329s][info][gc,marking     ] GC(71) Concurrent Cleanup for Next Mark
.[272.566s][info][gc,marking     ] GC(71) Concurrent Cleanup for Next Mark 236.674ms
[272.566s][info][gc             ] GC(71) Concurrent Mark Cycle 2142.363ms
[273.388s][info][gc,start       ] GC(73) Pause Young (Prepare Mixed) (G1 Evacuation Pause)
[273.388s][info][gc,task        ] GC(73) Using 6 workers of 6 for evacuation
[273.476s][info][gc,phases      ] GC(73)   Pre Evacuate Collection Set: 0.33ms
[273.476s][info][gc,phases      ] GC(73)   Merge Heap Roots: 0.49ms
[273.476s][info][gc,phases      ] GC(73)   Evacuate Collection Set: 85.66ms
[273.476s][info][gc,phases      ] GC(73)   Post Evacuate Collection Set: 0.81ms
[273.476s][info][gc,phases      ] GC(73)   Other: 0.10ms
[273.476s][info][gc,heap        ] GC(73) Eden regions: 801->0(783)
[273.476s][info][gc,heap        ] GC(73) Survivor regions: 63->49(108)
[273.476s][info][gc,heap        ] GC(73) Old regions: 941->987
[273.476s][info][gc,heap        ] GC(73) Humongous regions: 77->77
[273.476s][info][gc,metaspace   ] GC(73) Metaspace: 28783K(29120K)->28783K(29120K) NonClass: 23900K(24064K)->23900K(24064K) Class: 4883K(5056K)->4883K(5056K)
[273.476s][info][gc             ] GC(73) Pause Young (Prepare Mixed) (G1 Evacuation Pause) 3762M->2225M(4096M) 87.509ms
[273.476s][info][gc,cpu         ] GC(73) User=0.52s Sys=0.00s Real=0.09s
.[274.528s][info][gc,start       ] GC(74) Pause Young (Mixed) (G1 Evacuation Pause)
[274.528s][info][gc,task        ] GC(74) Using 6 workers of 6 for evacuation
[274.620s][info][gc,phases      ] GC(74)   Pre Evacuate Collection Set: 0.39ms
[274.620s][info][gc,phases      ] GC(74)   Merge Heap Roots: 0.61ms
[274.620s][info][gc,phases      ] GC(74)   Evacuate Collection Set: 89.83ms
[274.620s][info][gc,phases      ] GC(74)   Post Evacuate Collection Set: 1.03ms
[274.620s][info][gc,phases      ] GC(74)   Other: 0.10ms
[274.620s][info][gc,heap        ] GC(74) Eden regions: 783->0(895)
[274.620s][info][gc,heap        ] GC(74) Survivor regions: 49->93(104)
[274.620s][info][gc,heap        ] GC(74) Old regions: 987->787
[274.620s][info][gc,heap        ] GC(74) Humongous regions: 77->77
[274.620s][info][gc,metaspace   ] GC(74) Metaspace: 28785K(29120K)->28785K(29120K) NonClass: 23902K(24064K)->23902K(24064K) Class: 4883K(5056K)->4883K(5056K)
[274.620s][info][gc             ] GC(74) Pause Young (Mixed) (G1 Evacuation Pause) 3791M->1911M(4096M) 92.112ms
[274.620s][info][gc,cpu         ] GC(74) User=0.55s Sys=0.00s Real=0.09s
.[275.846s][info][gc,start       ] GC(75) Pause Young (Mixed) (G1 Evacuation Pause)
[275.846s][info][gc,task        ] GC(75) Using 6 workers of 6 for evacuation
[275.980s][info][gc,phases      ] GC(75)   Pre Evacuate Collection Set: 0.42ms
[275.980s][info][gc,phases      ] GC(75)   Merge Heap Roots: 0.91ms
[275.980s][info][gc,phases      ] GC(75)   Evacuate Collection Set: 130.52ms
[275.980s][info][gc,phases      ] GC(75)   Post Evacuate Collection Set: 1.10ms
[275.980s][info][gc,phases      ] GC(75)   Other: 0.85ms
[275.980s][info][gc,heap        ] GC(75) Eden regions: 895->0(1030)
[275.980s][info][gc,heap        ] GC(75) Survivor regions: 93->107(124)
[275.980s][info][gc,heap        ] GC(75) Old regions: 787->624
[275.980s][info][gc,heap        ] GC(75) Humongous regions: 77->77
[275.980s][info][gc,metaspace   ] GC(75) Metaspace: 28787K(29120K)->28787K(29120K) NonClass: 23904K(24064K)->23904K(24064K) Class: 4883K(5056K)->4883K(5056K)
[275.980s][info][gc             ] GC(75) Pause Young (Mixed) (G1 Evacuation Pause) 3701M->1613M(4096M) 133.933ms
[275.980s][info][gc,cpu         ] GC(75) User=0.79s Sys=0.00s Real=0.13s
.[277.241s][info][gc,start       ] GC(76) Pause Young (Mixed) (G1 Evacuation Pause)
[277.241s][info][gc,task        ] GC(76) Using 6 workers of 6 for evacuation
[277.387s][info][gc,phases      ] GC(76)   Pre Evacuate Collection Set: 0.38ms
[277.387s][info][gc,phases      ] GC(76)   Merge Heap Roots: 0.91ms
[277.387s][info][gc,phases      ] GC(76)   Evacuate Collection Set: 130.45ms
[277.387s][info][gc,phases      ] GC(76)   Merge Optional Heap Roots: 0.23ms
[277.387s][info][gc,phases      ] GC(76)   Evacuate Optional Collection Set: 12.40ms
[277.387s][info][gc,phases      ] GC(76)   Post Evacuate Collection Set: 1.25ms
[277.387s][info][gc,phases      ] GC(76)   Other: 0.10ms
[277.387s][info][gc,heap        ] GC(76) Eden regions: 1030->0(1077)
[277.387s][info][gc,heap        ] GC(76) Survivor regions: 107->106(143)
[277.387s][info][gc,heap        ] GC(76) Old regions: 624->579
[277.387s][info][gc,heap        ] GC(76) Humongous regions: 77->77
[277.387s][info][gc,metaspace   ] GC(76) Metaspace: 28787K(29120K)->28787K(29120K) NonClass: 23904K(24064K)->23904K(24064K) Class: 4883K(5056K)->4883K(5056K)
[277.387s][info][gc             ] GC(76) Pause Young (Mixed) (G1 Evacuation Pause) 3673M->1523M(4096M) 145.863ms
[277.387s][info][gc,cpu         ] GC(76) User=0.86s Sys=0.00s Real=0.15s
..[278.829s][info][gc,start       ] GC(77) Pause Young (Mixed) (G1 Evacuation Pause)
[278.830s][info][gc,task        ] GC(77) Using 6 workers of 6 for evacuation
[278.987s][info][gc,phases      ] GC(77)   Pre Evacuate Collection Set: 0.39ms
[278.987s][info][gc,phases      ] GC(77)   Merge Heap Roots: 1.24ms
[278.987s][info][gc,phases      ] GC(77)   Evacuate Collection Set: 155.05ms
[278.987s][info][gc,phases      ] GC(77)   Post Evacuate Collection Set: 0.89ms
[278.987s][info][gc,phases      ] GC(77)   Other: 0.12ms
[278.987s][info][gc,heap        ] GC(77) Eden regions: 1077->0(1008)
[278.987s][info][gc,heap        ] GC(77) Survivor regions: 106->128(148)
[278.987s][info][gc,heap        ] GC(77) Old regions: 579->604
[278.987s][info][gc,heap        ] GC(77) Humongous regions: 77->77
[278.987s][info][gc,metaspace   ] GC(77) Metaspace: 28787K(29120K)->28787K(29120K) NonClass: 23904K(24064K)->23904K(24064K) Class: 4883K(5056K)->4883K(5056K)
[278.987s][info][gc             ] GC(77) Pause Young (Mixed) (G1 Evacuation Pause) 3677M->1615M(4096M) 157.819ms
[278.987s][info][gc,cpu         ] GC(77) User=0.94s Sys=0.00s Real=0.16s
.[280.328s][info][gc,start       ] GC(78) Pause Young (Concurrent Start) (G1 Evacuation Pause)
[280.328s][info][gc,task        ] GC(78) Using 6 workers of 6 for evacuation
[280.451s][info][gc,phases      ] GC(78)   Pre Evacuate Collection Set: 0.39ms
[280.451s][info][gc,phases      ] GC(78)   Merge Heap Roots: 0.45ms
[280.451s][info][gc,phases      ] GC(78)   Evacuate Collection Set: 121.70ms
[280.451s][info][gc,phases      ] GC(78)   Post Evacuate Collection Set: 0.83ms
[280.451s][info][gc,phases      ] GC(78)   Other: 0.12ms
[280.451s][info][gc,heap        ] GC(78) Eden regions: 1008->0(1030)
[280.451s][info][gc,heap        ] GC(78) Survivor regions: 128->69(142)
[280.451s][info][gc,heap        ] GC(78) Old regions: 604->682
[280.451s][info][gc,heap        ] GC(78) Humongous regions: 77->77
[280.451s][info][gc,metaspace   ] GC(78) Metaspace: 28787K(29120K)->28787K(29120K) NonClass: 23904K(24064K)->23904K(24064K) Class: 4883K(5056K)->4883K(5056K)
[280.451s][info][gc             ] GC(78) Pause Young (Concurrent Start) (G1 Evacuation Pause) 3631M->1654M(4096M) 123.627ms
[280.451s][info][gc             ] GC(79) Concurrent Mark Cycle
[280.451s][info][gc,marking     ] GC(79) Concurrent Scan Root Regions
[280.451s][info][gc,cpu         ] GC(78) User=0.74s Sys=0.00s Real=0.13s
[280.703s][info][gc,marking     ] GC(79) Concurrent Scan Root Regions 251.626ms
[280.703s][info][gc,marking     ] GC(79) Concurrent Mark
[280.703s][info][gc,marking     ] GC(79) Concurrent Mark From Roots
[280.703s][info][gc,task        ] GC(79) Using 2 workers of 2 for marking
.[282.278s][info][gc,start       ] GC(80) Pause Young (Normal) (G1 Evacuation Pause)
[282.278s][info][gc,task        ] GC(80) Using 6 workers of 6 for evacuation
[282.380s][info][gc,phases      ] GC(80)   Pre Evacuate Collection Set: 0.30ms
[282.380s][info][gc,phases      ] GC(80)   Merge Heap Roots: 0.43ms
[282.380s][info][gc,phases      ] GC(80)   Evacuate Collection Set: 100.30ms
[282.380s][info][gc,phases      ] GC(80)   Post Evacuate Collection Set: 0.80ms
[282.380s][info][gc,phases      ] GC(80)   Other: 0.08ms
[282.380s][info][gc,heap        ] GC(80) Eden regions: 1030->0(958)
[282.380s][info][gc,heap        ] GC(80) Survivor regions: 69->114(138)
[282.380s][info][gc,heap        ] GC(80) Old regions: 682->682
[282.380s][info][gc,heap        ] GC(80) Humongous regions: 77->77
[282.380s][info][gc,metaspace   ] GC(80) Metaspace: 28788K(29120K)->28788K(29120K) NonClass: 23905K(24064K)->23905K(24064K) Class: 4883K(5056K)->4883K(5056K)
[282.380s][info][gc             ] GC(80) Pause Young (Normal) (G1 Evacuation Pause) 3714M->1745M(4096M) 102.054ms
[282.380s][info][gc,cpu         ] GC(80) User=0.60s Sys=0.00s Real=0.10s
[282.388s][info][gc,marking     ] GC(79) Concurrent Mark From Roots 1684.768ms
[282.388s][info][gc,marking     ] GC(79) Concurrent Preclean
[282.388s][info][gc,marking     ] GC(79) Concurrent Preclean 0.064ms
[282.388s][info][gc,start       ] GC(79) Pause Remark
[282.392s][info][gc             ] GC(79) Pause Remark 1753M->1753M(4096M) 4.221ms
[282.392s][info][gc,cpu         ] GC(79) User=0.02s Sys=0.00s Real=0.01s
.[282.393s][info][gc,marking     ] GC(79) Concurrent Mark 1689.802ms
[282.393s][info][gc,marking     ] GC(79) Concurrent Rebuild Remembered Sets and Scrub Regions
[283.028s][info][gc,marking     ] GC(79) Concurrent Rebuild Remembered Sets and Scrub Regions 635.748ms
[283.030s][info][gc,start       ] GC(79) Pause Cleanup
[283.030s][info][gc             ] GC(79) Pause Cleanup 2457M->2457M(4096M) 0.210ms
[283.030s][info][gc,cpu         ] GC(79) User=0.00s Sys=0.00s Real=0.00s
[283.030s][info][gc,marking     ] GC(79) Concurrent Clear Claimed Marks
[283.030s][info][gc,marking     ] GC(79) Concurrent Clear Claimed Marks 0.029ms
[283.030s][info][gc,marking     ] GC(79) Concurrent Cleanup for Next Mark
[283.035s][info][gc,marking     ] GC(79) Concurrent Cleanup for Next Mark 4.799ms
[283.035s][info][gc             ] GC(79) Concurrent Mark Cycle 2583.912ms
[283.704s][info][gc,start       ] GC(81) Pause Young (Prepare Mixed) (G1 Evacuation Pause)
[283.704s][info][gc,task        ] GC(81) Using 6 workers of 6 for evacuation
[283.825s][info][gc,phases      ] GC(81)   Pre Evacuate Collection Set: 0.33ms
[283.825s][info][gc,phases      ] GC(81)   Merge Heap Roots: 0.50ms
[283.825s][info][gc,phases      ] GC(81)   Evacuate Collection Set: 119.69ms
[283.825s][info][gc,phases      ] GC(81)   Post Evacuate Collection Set: 0.92ms
[283.825s][info][gc,phases      ] GC(81)   Other: 0.08ms
[283.825s][info][gc,heap        ] GC(81) Eden regions: 958->0(962)
[283.825s][info][gc,heap        ] GC(81) Survivor regions: 114->73(134)
[283.825s][info][gc,heap        ] GC(81) Old regions: 682->756
[283.825s][info][gc,heap        ] GC(81) Humongous regions: 77->77
[283.825s][info][gc,metaspace   ] GC(81) Metaspace: 28788K(29120K)->28788K(29120K) NonClass: 23905K(24064K)->23905K(24064K) Class: 4883K(5056K)->4883K(5056K)
[283.825s][info][gc             ] GC(81) Pause Young (Prepare Mixed) (G1 Evacuation Pause) 3661M->1809M(4096M) 121.646ms
[283.825s][info][gc,cpu         ] GC(81) User=0.72s Sys=0.00s Real=0.12s
.[285.316s][info][gc,start       ] GC(82) Pause Young (Mixed) (G1 Evacuation Pause)
[285.316s][info][gc,task        ] GC(82) Using 6 workers of 6 for evacuation
[285.427s][info][gc,phases      ] GC(82)   Pre Evacuate Collection Set: 0.39ms
[285.427s][info][gc,phases      ] GC(82)   Merge Heap Roots: 0.57ms
[285.427s][info][gc,phases      ] GC(82)   Evacuate Collection Set: 109.10ms
[285.427s][info][gc,phases      ] GC(82)   Post Evacuate Collection Set: 0.98ms
[285.427s][info][gc,phases      ] GC(82)   Other: 0.09ms
[285.427s][info][gc,heap        ] GC(82) Eden regions: 962->0(1079)
[285.427s][info][gc,heap        ] GC(82) Survivor regions: 73->61(130)
[285.427s][info][gc,heap        ] GC(82) Old regions: 756->620
[285.427s][info][gc,heap        ] GC(82) Humongous regions: 77->77
[285.427s][info][gc,metaspace   ] GC(82) Metaspace: 28788K(29120K)->28788K(29120K) NonClass: 23905K(24064K)->23905K(24064K) Class: 4883K(5056K)->4883K(5056K)
[285.427s][info][gc             ] GC(82) Pause Young (Mixed) (G1 Evacuation Pause) 3733M->1514M(4096M) 111.263ms
[285.427s][info][gc,cpu         ] GC(82) User=0.67s Sys=0.00s Real=0.11s
.[286.916s][info][gc,start       ] GC(83) Pause Young (Mixed) (G1 Evacuation Pause)
[286.916s][info][gc,task        ] GC(83) Using 6 workers of 6 for evacuation
[287.022s][info][gc,phases      ] GC(83)   Pre Evacuate Collection Set: 0.34ms
[287.022s][info][gc,phases      ] GC(83)   Merge Heap Roots: 0.87ms
[287.022s][info][gc,phases      ] GC(83)   Evacuate Collection Set: 103.37ms
[287.022s][info][gc,phases      ] GC(83)   Post Evacuate Collection Set: 0.88ms
[287.022s][info][gc,phases      ] GC(83)   Other: 0.09ms
[287.022s][info][gc,heap        ] GC(83) Eden regions: 1079->0(1085)
[287.022s][info][gc,heap        ] GC(83) Survivor regions: 61->99(143)
[287.022s][info][gc,heap        ] GC(83) Old regions: 620->579
[287.022s][info][gc,heap        ] GC(83) Humongous regions: 77->77
[287.022s][info][gc,metaspace   ] GC(83) Metaspace: 28788K(29120K)->28788K(29120K) NonClass: 23905K(24064K)->23905K(24064K) Class: 4883K(5056K)->4883K(5056K)
[287.022s][info][gc             ] GC(83) Pause Young (Mixed) (G1 Evacuation Pause) 3672M->1507M(4096M) 105.689ms
[287.022s][info][gc,cpu         ] GC(83) User=0.63s Sys=0.00s Real=0.11s
..[288.446s][info][gc,start       ] GC(84) Pause Young (Concurrent Start) (G1 Evacuation Pause)
[288.446s][info][gc,task        ] GC(84) Using 6 workers of 6 for evacuation
[288.570s][info][gc,phases      ] GC(84)   Pre Evacuate Collection Set: 0.36ms
[288.570s][info][gc,phases      ] GC(84)   Merge Heap Roots: 0.48ms
[288.570s][info][gc,phases      ] GC(84)   Evacuate Collection Set: 122.30ms
[288.570s][info][gc,phases      ] GC(84)   Post Evacuate Collection Set: 0.91ms
[288.570s][info][gc,phases      ] GC(84)   Other: 0.12ms
[288.570s][info][gc,heap        ] GC(84) Eden regions: 1085->0(1026)
[288.570s][info][gc,heap        ] GC(84) Survivor regions: 99->118(148)
[288.570s][info][gc,heap        ] GC(84) Old regions: 579->606
[288.570s][info][gc,heap        ] GC(84) Humongous regions: 77->77
[288.570s][info][gc,metaspace   ] GC(84) Metaspace: 28789K(29120K)->28789K(29120K) NonClass: 23906K(24064K)->23906K(24064K) Class: 4883K(5056K)->4883K(5056K)
[288.570s][info][gc             ] GC(84) Pause Young (Concurrent Start) (G1 Evacuation Pause) 3677M->1601M(4096M) 124.321ms
[288.570s][info][gc             ] GC(85) Concurrent Mark Cycle
[288.570s][info][gc,marking     ] GC(85) Concurrent Scan Root Regions
[288.570s][info][gc,cpu         ] GC(84) User=0.74s Sys=0.00s Real=0.12s
[288.814s][info][gc,marking     ] GC(85) Concurrent Scan Root Regions 243.693ms
[288.814s][info][gc,marking     ] GC(85) Concurrent Mark
[288.814s][info][gc,marking     ] GC(85) Concurrent Mark From Roots
[288.814s][info][gc,task        ] GC(85) Using 2 workers of 2 for marking
.[290.126s][info][gc,marking     ] GC(85) Concurrent Mark From Roots 1312.525ms
[290.126s][info][gc,marking     ] GC(85) Concurrent Preclean
[290.127s][info][gc,marking     ] GC(85) Concurrent Preclean 0.067ms
[290.127s][info][gc,start       ] GC(85) Pause Remark
[290.130s][info][gc             ] GC(85) Pause Remark 3255M->3255M(4096M) 2.484ms
[290.130s][info][gc,cpu         ] GC(85) User=0.01s Sys=0.00s Real=0.00s
[290.134s][info][gc,marking     ] GC(85) Concurrent Mark 1319.946ms
[290.134s][info][gc,marking     ] GC(85) Concurrent Rebuild Remembered Sets and Scrub Regions
[290.550s][info][gc,start       ] GC(86) Pause Young (Normal) (G1 Evacuation Pause)
[290.550s][info][gc,task        ] GC(86) Using 6 workers of 6 for evacuation
[290.716s][info][gc,phases      ] GC(86)   Pre Evacuate Collection Set: 0.29ms
[290.716s][info][gc,phases      ] GC(86)   Merge Heap Roots: 0.47ms
[290.716s][info][gc,phases      ] GC(86)   Evacuate Collection Set: 164.15ms
[290.716s][info][gc,phases      ] GC(86)   Post Evacuate Collection Set: 0.98ms
[290.716s][info][gc,phases      ] GC(86)   Other: 0.09ms
[290.716s][info][gc,heap        ] GC(86) Eden regions: 1026->0(1032)
[290.716s][info][gc,heap        ] GC(86) Survivor regions: 118->70(143)
[290.716s][info][gc,heap        ] GC(86) Old regions: 606->681
[290.716s][info][gc,heap        ] GC(86) Humongous regions: 77->77
[290.716s][info][gc,metaspace   ] GC(86) Metaspace: 28790K(29120K)->28790K(29120K) NonClass: 23907K(24064K)->23907K(24064K) Class: 4883K(5056K)->4883K(5056K)
[290.716s][info][gc             ] GC(86) Pause Young (Normal) (G1 Evacuation Pause) 3653M->1654M(4096M) 166.125ms
[290.716s][info][gc,cpu         ] GC(86) User=0.71s Sys=0.00s Real=0.17s
[290.871s][info][gc,marking     ] GC(85) Concurrent Rebuild Remembered Sets and Scrub Regions 736.772ms
[290.871s][info][gc,start       ] GC(85) Pause Cleanup
[290.871s][info][gc             ] GC(85) Pause Cleanup 1804M->1804M(4096M) 0.212ms
[290.871s][info][gc,cpu         ] GC(85) User=0.00s Sys=0.00s Real=0.00s
[290.871s][info][gc,marking     ] GC(85) Concurrent Clear Claimed Marks
[290.871s][info][gc,marking     ] GC(85) Concurrent Clear Claimed Marks 0.031ms
[290.871s][info][gc,marking     ] GC(85) Concurrent Cleanup for Next Mark
[290.877s][info][gc,marking     ] GC(85) Concurrent Cleanup for Next Mark 6.197ms
[290.878s][info][gc             ] GC(85) Concurrent Mark Cycle 2307.456ms
..[292.155s][info][gc,start       ] GC(87) Pause Young (Prepare Mixed) (G1 Evacuation Pause)
[292.155s][info][gc,task        ] GC(87) Using 6 workers of 6 for evacuation
[292.254s][info][gc,phases      ] GC(87)   Pre Evacuate Collection Set: 0.29ms
[292.254s][info][gc,phases      ] GC(87)   Merge Heap Roots: 0.54ms
[292.254s][info][gc,phases      ] GC(87)   Evacuate Collection Set: 97.72ms
[292.254s][info][gc,phases      ] GC(87)   Post Evacuate Collection Set: 0.93ms
[292.254s][info][gc,phases      ] GC(87)   Other: 0.09ms
[292.254s][info][gc,heap        ] GC(87) Eden regions: 1032->0(967)
[292.254s][info][gc,heap        ] GC(87) Survivor regions: 70->110(138)
[292.254s][info][gc,heap        ] GC(87) Old regions: 681->681
[292.254s][info][gc,heap        ] GC(87) Humongous regions: 77->77
[292.254s][info][gc,metaspace   ] GC(87) Metaspace: 28790K(29120K)->28790K(29120K) NonClass: 23907K(24064K)->23907K(24064K) Class: 4883K(5056K)->4883K(5056K)
[292.254s][info][gc             ] GC(87) Pause Young (Prepare Mixed) (G1 Evacuation Pause) 3718M->1734M(4096M) 99.702ms
[292.254s][info][gc,cpu         ] GC(87) User=0.59s Sys=0.00s Real=0.10s
.[293.353s][info][gc,start       ] GC(88) Pause Young (Mixed) (G1 Evacuation Pause)
[293.353s][info][gc,task        ] GC(88) Using 6 workers of 6 for evacuation
[293.516s][info][gc,phases      ] GC(88)   Pre Evacuate Collection Set: 0.40ms
[293.516s][info][gc,phases      ] GC(88)   Merge Heap Roots: 0.67ms
[293.516s][info][gc,phases      ] GC(88)   Evacuate Collection Set: 160.57ms
[293.516s][info][gc,phases      ] GC(88)   Post Evacuate Collection Set: 1.10ms
[293.516s][info][gc,phases      ] GC(88)   Other: 0.09ms
[293.516s][info][gc,heap        ] GC(88) Eden regions: 967->0(1085)
[293.516s][info][gc,heap        ] GC(88) Survivor regions: 110->128(135)
[293.516s][info][gc,heap        ] GC(88) Old regions: 681->527
[293.516s][info][gc,heap        ] GC(88) Humongous regions: 77->77
[293.516s][info][gc,metaspace   ] GC(88) Metaspace: 28790K(29120K)->28790K(29120K) NonClass: 23907K(24064K)->23907K(24064K) Class: 4883K(5056K)->4883K(5056K)
[293.516s][info][gc             ] GC(88) Pause Young (Mixed) (G1 Evacuation Pause) 3668M->1461M(4096M) 162.958ms
[293.516s][info][gc,cpu         ] GC(88) User=0.97s Sys=0.00s Real=0.16s
.[294.995s][info][gc,start       ] GC(89) Pause Young (Mixed) (G1 Evacuation Pause)
[294.995s][info][gc,task        ] GC(89) Using 6 workers of 6 for evacuation
[295.148s][info][gc,phases      ] GC(89)   Pre Evacuate Collection Set: 0.34ms
[295.148s][info][gc,phases      ] GC(89)   Merge Heap Roots: 0.95ms
[295.148s][info][gc,phases      ] GC(89)   Evacuate Collection Set: 149.92ms
[295.148s][info][gc,phases      ] GC(89)   Post Evacuate Collection Set: 0.91ms
[295.148s][info][gc,phases      ] GC(89)   Other: 0.09ms
[295.148s][info][gc,heap        ] GC(89) Eden regions: 1085->0(1108)
[295.148s][info][gc,heap        ] GC(89) Survivor regions: 128->68(152)
[295.148s][info][gc,heap        ] GC(89) Old regions: 527->578
[295.148s][info][gc,heap        ] GC(89) Humongous regions: 77->77
[295.148s][info][gc,metaspace   ] GC(89) Metaspace: 28790K(29120K)->28790K(29120K) NonClass: 23907K(24064K)->23907K(24064K) Class: 4883K(5056K)->4883K(5056K)
[295.148s][info][gc             ] GC(89) Pause Young (Mixed) (G1 Evacuation Pause) 3631M->1445M(4096M) 152.332ms
[295.148s][info][gc,cpu         ] GC(89) User=0.91s Sys=0.00s Real=0.15s
.[296.939s][info][gc,start       ] GC(90) Pause Young (Concurrent Start) (G1 Evacuation Pause)
[296.939s][info][gc,task        ] GC(90) Using 6 workers of 6 for evacuation
[297.047s][info][gc,phases      ] GC(90)   Pre Evacuate Collection Set: 0.35ms
[297.047s][info][gc,phases      ] GC(90)   Merge Heap Roots: 0.45ms
[297.047s][info][gc,phases      ] GC(90)   Evacuate Collection Set: 105.94ms
[297.047s][info][gc,phases      ] GC(90)   Post Evacuate Collection Set: 0.83ms
[297.047s][info][gc,phases      ] GC(90)   Other: 0.11ms
[297.047s][info][gc,heap        ] GC(90) Eden regions: 1108->0(1052)
[297.047s][info][gc,heap        ] GC(90) Survivor regions: 68->119(147)
[297.047s][info][gc,heap        ] GC(90) Old regions: 578->578
[297.047s][info][gc,heap        ] GC(90) Humongous regions: 77->77
[297.047s][info][gc,metaspace   ] GC(90) Metaspace: 28790K(29120K)->28790K(29120K) NonClass: 23907K(24064K)->23907K(24064K) Class: 4883K(5056K)->4883K(5056K)
[297.047s][info][gc             ] GC(90) Pause Young (Concurrent Start) (G1 Evacuation Pause) 3661M->1547M(4096M) 107.821ms
[297.047s][info][gc             ] GC(91) Concurrent Mark Cycle
[297.047s][info][gc,marking     ] GC(91) Concurrent Scan Root Regions
[297.047s][info][gc,cpu         ] GC(90) User=0.64s Sys=0.00s Real=0.11s
.[297.218s][info][gc,marking     ] GC(91) Concurrent Scan Root Regions 170.890ms
[297.218s][info][gc,marking     ] GC(91) Concurrent Mark
[297.218s][info][gc,marking     ] GC(91) Concurrent Mark From Roots
[297.218s][info][gc,task        ] GC(91) Using 2 workers of 2 for marking
. (rIR:aIR:PR = 13837:13640:10832) (tPR = 161098) [PR is under limit] 
   298s: Re-initializing (term[298.357s][info][gc,marking     ] GC(91) Concurrent Mark From Roots 1139.280ms
[298.357s][info][gc,marking     ] GC(91) Concurrent Preclean
[298.357s][info][gc,marking     ] GC(91) Concurrent Preclean 0.055ms
[298.362s][info][gc,start       ] GC(91) Pause Remark
[298.366s][info][gc             ] GC(91) Pause Remark 2659M->2659M(4096M) 4.237ms
[298.367s][info][gc,cpu         ] GC(91) User=0.03s Sys=0.00s Real=0.00s
[298.367s][info][gc,marking     ] GC(91) Concurrent Mark 1148.788ms
[298.367s][info][gc,marking     ] GC(91) Concurrent Rebuild Remembered Sets and Scrub Regions
[299.244s][info][gc,start       ] GC(92) Pause Young (Normal) (G1 Evacuation Pause)
[299.244s][info][gc,task        ] GC(92) Using 6 workers of 6 for evacuation
[299.374s][info][gc,phases      ] GC(92)   Pre Evacuate Collection Set: 0.28ms
[299.374s][info][gc,phases      ] GC(92)   Merge Heap Roots: 0.45ms
[299.374s][info][gc,phases      ] GC(92)   Evacuate Collection Set: 128.30ms
[299.374s][info][gc,phases      ] GC(92)   Post Evacuate Collection Set: 0.92ms
[299.374s][info][gc,phases      ] GC(92)   Other: 0.09ms
[299.374s][info][gc,heap        ] GC(92) Eden regions: 1052->0(1012)
[299.374s][info][gc,heap        ] GC(92) Survivor regions: 119->121(147)
[299.374s][info][gc,heap        ] GC(92) Old regions: 578->614
[299.374s][info][gc,heap        ] GC(92) Humongous regions: 77->77
[299.374s][info][gc,metaspace   ] GC(92) Metaspace: 28791K(29120K)->28791K(29120K) NonClass: 23908K(24064K)->23908K(24064K) Class: 4883K(5056K)->4883K(5056K)
[299.374s][info][gc             ] GC(92) Pause Young (Normal) (G1 Evacuation Pause) 3651M->1622M(4096M) 130.175ms
[299.374s][info][gc,cpu         ] GC(92) User=0.78s Sys=0.00s Real=0.13s
[299.527s][info][gc,marking     ] GC(91) Concurrent Rebuild Remembered Sets and Scrub Regions 1159.933ms
[299.529s][info][gc,start       ] GC(91) Pause Cleanup
[299.529s][info][gc             ] GC(91) Pause Cleanup 1780M->1780M(4096M) 0.188ms
[299.530s][info][gc,cpu         ] GC(91) User=0.00s Sys=0.00s Real=0.00s
[299.530s][info][gc,marking     ] GC(91) Concurrent Clear Claimed Marks
[299.530s][info][gc,marking     ] GC(91) Concurrent Clear Claimed Marks 0.046ms
[299.530s][info][gc,marking     ] GC(91) Concurrent Cleanup for Next Mark
[299.535s][info][gc,marking     ] GC(91) Concurrent Cleanup for Next Mark 5.013ms
[299.535s][info][gc             ] GC(91) Concurrent Mark Cycle 2487.720ms
[300.721s][info][gc,start       ] GC(93) Pause Young (Prepare Mixed) (G1 Evacuation Pause)
[300.721s][info][gc,task        ] GC(93) Using 6 workers of 6 for evacuation
[300.863s][info][gc,phases      ] GC(93)   Pre Evacuate Collection Set: 0.33ms
[300.863s][info][gc,phases      ] GC(93)   Merge Heap Roots: 0.55ms
[300.863s][info][gc,phases      ] GC(93)   Evacuate Collection Set: 140.72ms
[300.863s][info][gc,phases      ] GC(93)   Post Evacuate Collection Set: 0.97ms
[300.863s][info][gc,phases      ] GC(93)   Other: 0.09ms
[300.863s][info][gc,heap        ] GC(93) Eden regions: 1012->0(958)
[300.863s][info][gc,heap        ] GC(93) Survivor regions: 121->130(142)
[300.863s][info][gc,heap        ] GC(93) Old regions: 614->650
[300.863s][info][gc,heap        ] GC(93) Humongous regions: 77->77
[300.863s][info][gc,metaspace   ] GC(93) Metaspace: 28791K(29120K)->28791K(29120K) NonClass: 23908K(24064K)->23908K(24064K) Class: 4883K(5056K)->4883K(5056K)
[300.863s][info][gc             ] GC(93) Pause Young (Prepare Mixed) (G1 Evacuation Pause) 3646M->1713M(4096M) 142.779ms
[300.864s][info][gc,cpu         ] GC(93) User=0.85s Sys=0.00s Real=0.15s
[302.134s][info][gc,start       ] GC(94) Pause Young (Mixed) (G1 Evacuation Pause)
[302.134s][info][gc,task        ] GC(94) Using 6 workers of 6 for evacuation
[302.280s][info][gc,phases      ] GC(94)   Pre Evacuate Collection Set: 0.41ms
[302.280s][info][gc,phases      ] GC(94)   Merge Heap Roots: 0.70ms
[302.280s][info][gc,phases      ] GC(94)   Evacuate Collection Set: 139.20ms
[302.280s][info][gc,phases      ] GC(94)   Merge Optional Heap Roots: 0.13ms
[302.280s][info][gc,phases      ] GC(94)   Evacuate Optional Collection Set: 4.33ms
[302.280s][info][gc,phases      ] GC(94)   Post Evacuate Collection Set: 1.17ms
[302.280s][info][gc,phases      ] GC(94)   Other: 0.11ms
[302.280s][info][gc,heap        ] GC(94) Eden regions: 958->0(1098)
[302.280s][info][gc,heap        ] GC(94) Survivor regions: 130->66(136)
[302.280s][info][gc,heap        ] GC(94) Old regions: 650->591
[302.280s][info][gc,heap        ] GC(94) Humongous regions: 77->77
[302.280s][info][gc,metaspace   ] GC(94) Metaspace: 28791K(29120K)->28791K(29120K) NonClass: 23908K(24064K)->23908K(24064K) Class: 4883K(5056K)->4883K(5056K)
[302.280s][info][gc             ] GC(94) Pause Young (Mixed) (G1 Evacuation Pause) 3629M->1467M(4096M) 146.207ms
[302.280s][info][gc,cpu         ] GC(94) User=0.87s Sys=0.00s Real=0.14s
[303.810s][info][gc,start       ] GC(95) Pause Young (Mixed) (G1 Evacuation Pause)
[303.810s][info][gc,task        ] GC(95) Using 6 workers of 6 for evacuation
[303.949s][info][gc,phases      ] GC(95)   Pre Evacuate Collection Set: 0.31ms
[303.949s][info][gc,phases      ] GC(95)   Merge Heap Roots: 1.04ms
[303.949s][info][gc,phases      ] GC(95)   Evacuate Collection Set: 137.31ms
[303.949s][info][gc,phases      ] GC(95)   Post Evacuate Collection Set: 0.94ms
[303.949s][info][gc,phases      ] GC(95)   Other: 0.09ms
[303.949s][info][gc,heap        ] GC(95) Eden regions: 1098->0(1057)
[303.949s][info][gc,heap        ] GC(95) Survivor regions: 66->121(146)
[303.949s][info][gc,heap        ] GC(95) Old regions: 591->569
[303.949s][info][gc,heap        ] GC(95) Humongous regions: 77->77
[303.949s][info][gc,metaspace   ] GC(95) Metaspace: 28791K(29120K)->28791K(29120K) NonClass: 23908K(24064K)->23908K(24064K) Class: 4883K(5056K)->4883K(5056K)
[303.949s][info][gc             ] GC(95) Pause Young (Mixed) (G1 Evacuation Pause) 3663M->1533M(4096M) 139.810ms
[303.949s][info][gc,cpu         ] GC(95) User=0.83s Sys=0.00s Real=0.14s
[305.272s][info][gc,start       ] GC(96) Pause Young (Concurrent Start) (G1 Evacuation Pause)
[305.272s][info][gc,task        ] GC(96) Using 6 workers of 6 for evacuation
[305.399s][info][gc,phases      ] GC(96)   Pre Evacuate Collection Set: 0.37ms
[305.399s][info][gc,phases      ] GC(96)   Merge Heap Roots: 0.47ms
[305.399s][info][gc,phases      ] GC(96)   Evacuate Collection Set: 124.64ms
[305.399s][info][gc,phases      ] GC(96)   Post Evacuate Collection Set: 0.83ms
[305.399s][info][gc,phases      ] GC(96)   Other: 0.12ms
[305.399s][info][gc,heap        ] GC(96) Eden regions: 1057->0(1054)
[305.399s][info][gc,heap        ] GC(96) Survivor regions: 121->77(148)
[305.399s][info][gc,heap        ] GC(96) Old regions: 569->644
[305.399s][info][gc,heap        ] GC(96) Humongous regions: 77->77
[305.399s][info][gc,metaspace   ] GC(96) Metaspace: 28791K(29120K)->28791K(29120K) NonClass: 23908K(24064K)->23908K(24064K) Class: 4883K(5056K)->4883K(5056K)
[305.399s][info][gc             ] GC(96) Pause Young (Concurrent Start) (G1 Evacuation Pause) 3647M->1594M(4096M) 126.552ms
[305.399s][info][gc             ] GC(97) Concurrent Mark Cycle
[305.399s][info][gc,marking     ] GC(97) Concurrent Scan Root Regions
[305.399s][info][gc,cpu         ] GC(96) User=0.76s Sys=0.00s Real=0.12s
[305.681s][info][gc,marking     ] GC(97) Concurrent Scan Root Regions 282.048ms
[305.681s][info][gc,marking     ] GC(97) Concurrent Mark
[305.681s][info][gc,marking     ] GC(97) Concurrent Mark From Roots
[305.681s][info][gc,task        ] GC(97) Using 2 workers of 2 for marking
) [306.475s][info][gc,start       ] GC(98) Pause Full (System.gc())
[306.475s][info][gc,task        ] GC(98) Using 6 workers of 6 for full compaction
[306.479s][info][gc,phases,start] GC(98) Phase 1: Mark live objects
[306.494s][info][gc,phases      ] GC(98) Phase 1: Mark live objects 15.151ms
[306.494s][info][gc,phases,start] GC(98) Phase 2: Prepare compaction
[306.497s][info][gc,phases      ] GC(98) Phase 2: Prepare compaction 2.884ms
[306.497s][info][gc,phases,start] GC(98) Phase 3: Adjust pointers
[306.504s][info][gc,phases      ] GC(98) Phase 3: Adjust pointers 7.177ms
[306.504s][info][gc,phases,start] GC(98) Phase 4: Compact heap
[306.507s][info][gc,phases      ] GC(98) Phase 4: Compact heap 2.828ms
[306.507s][info][gc,phases,start] GC(98) Phase 5: Reset Metadata
[306.512s][info][gc,phases      ] GC(98) Phase 5: Reset Metadata 4.397ms
[306.518s][info][gc,heap        ] GC(98) Eden regions: 601->0(1228)
[306.518s][info][gc,heap        ] GC(98) Survivor regions: 77->0(148)
[306.518s][info][gc,heap        ] GC(98) Old regions: 644->35
[306.518s][info][gc,heap        ] GC(98) Humongous regions: 77->66
[306.518s][info][gc,metaspace   ] GC(98) Metaspace: 28795K(29120K)->28795K(29120K) NonClass: 23912K(24064K)->23912K(24064K) Class: 4883K(5056K)->4883K(5056K)
[306.518s][info][gc             ] GC(98) Pause Full (System.gc()) 2794M->194M(4096M) 42.739ms
[306.518s][info][gc,cpu         ] GC(98) User=0.23s Sys=0.00s Real=0.04s
[306.518s][info][gc,marking     ] GC(97) Concurrent Mark From Roots 836.836ms
[306.518s][info][gc,marking     ] GC(97) Concurrent Mark Abort
[306.518s][info][gc             ] GC(97) Concurrent Mark Cycle 1118.987ms
(init[306.756s][info][gc,start       ] GC(99) Pause Young (Concurrent Start) (G1 Humongous Allocation)
[306.756s][info][gc,task        ] GC(99) Using 6 workers of 6 for evacuation
[306.770s][info][gc,phases      ] GC(99)   Pre Evacuate Collection Set: 0.33ms
[306.770s][info][gc,phases      ] GC(99)   Merge Heap Roots: 0.03ms
[306.770s][info][gc,phases      ] GC(99)   Evacuate Collection Set: 13.09ms
[306.770s][info][gc,phases      ] GC(99)   Post Evacuate Collection Set: 0.23ms
[306.770s][info][gc,phases      ] GC(99)   Other: 0.06ms
[306.770s][info][gc,heap        ] GC(99) Eden regions: 50->0(1214)
[306.770s][info][gc,heap        ] GC(99) Survivor regions: 0->14(154)
[306.770s][info][gc,heap        ] GC(99) Old regions: 35->35
[306.770s][info][gc,heap        ] GC(99) Humongous regions: 66->66
[306.770s][info][gc,metaspace   ] GC(99) Metaspace: 28799K(29120K)->28799K(29120K) NonClass: 23916K(24064K)->23916K(24064K) Class: 4883K(5056K)->4883K(5056K)
[306.770s][info][gc             ] GC(99) Pause Young (Concurrent Start) (G1 Humongous Allocation) 293M->222M(4096M) 13.869ms
[306.770s][info][gc             ] GC(100) Concurrent Mark Cycle
[306.770s][info][gc,cpu         ] GC(99) User=0.08s Sys=0.00s Real=0.01s
[306.770s][info][gc,marking     ] GC(100) Concurrent Scan Root Regions
[306.782s][info][gc,marking     ] GC(100) Concurrent Scan Root Regions 11.843ms
[306.782s][info][gc,marking     ] GC(100) Concurrent Mark
[306.782s][info][gc,marking     ] GC(100) Concurrent Mark From Roots
[306.782s][info][gc,task        ] GC(100) Using 2 workers of 2 for marking
[306.830s][info][gc,marking     ] GC(100) Concurrent Mark From Roots 48.288ms
[306.830s][info][gc,marking     ] GC(100) Concurrent Preclean
[306.830s][info][gc,marking     ] GC(100) Concurrent Preclean 0.123ms
[306.831s][info][gc,start       ] GC(100) Pause Remark
[306.832s][info][gc             ] GC(100) Pause Remark 355M->355M(4096M) 1.778ms
[306.832s][info][gc,cpu         ] GC(100) User=0.01s Sys=0.00s Real=0.01s
[306.832s][info][gc,marking     ] GC(100) Concurrent Mark 50.390ms
[306.832s][info][gc,marking     ] GC(100) Concurrent Rebuild Remembered Sets and Scrub Regions
[306.858s][info][gc,marking     ] GC(100) Concurrent Rebuild Remembered Sets and Scrub Regions 25.303ms
[306.858s][info][gc,start       ] GC(100) Pause Cleanup
[306.858s][info][gc             ] GC(100) Pause Cleanup 412M->412M(4096M) 0.071ms
[306.858s][info][gc,cpu         ] GC(100) User=0.00s Sys=0.00s Real=0.00s
[306.858s][info][gc,marking     ] GC(100) Concurrent Clear Claimed Marks
[306.858s][info][gc,marking     ] GC(100) Concurrent Clear Claimed Marks 0.026ms
[306.858s][info][gc,marking     ] GC(100) Concurrent Cleanup for Next Mark
[306.862s][info][gc,marking     ] GC(100) Concurrent Cleanup for Next Mark 4.276ms
[306.862s][info][gc             ] GC(100) Concurrent Mark Cycle 92.177ms
) ... OK
   310s: Searching from base IR = 11548
   310s:       rampup IR =      0 ... (rIR:aIR:PR = 0:0:0) (tPR = 0) [OK] 
   313s:       rampup IR =   1155 ...[317.323s][info][gc,start       ] GC(101) Pause Young (Prepare Mixed) (G1 Evacuation Pause)
[317.323s][info][gc,task        ] GC(101) Using 6 workers of 6 for evacuation
[317.801s][info][gc,mmu         ] GC(101) MMU target violated: 201.0ms (200.0ms/201.0ms)
[317.801s][info][gc,phases      ] GC(101)   Pre Evacuate Collection Set: 0.33ms
[317.801s][info][gc,phases      ] GC(101)   Merge Heap Roots: 0.57ms
[317.801s][info][gc,phases      ] GC(101)   Evacuate Collection Set: 475.20ms
[317.801s][info][gc,phases      ] GC(101)   Post Evacuate Collection Set: 1.26ms
[317.801s][info][gc,phases      ] GC(101)   Other: 0.15ms
[317.801s][info][gc,heap        ] GC(101) Eden regions: 1214->0(449)
[317.801s][info][gc,heap        ] GC(101) Survivor regions: 14->154(154)
[317.801s][info][gc,heap        ] GC(101) Old regions: 35->343
[317.801s][info][gc,heap        ] GC(101) Humongous regions: 163->155
[317.801s][info][gc,metaspace   ] GC(101) Metaspace: 28808K(29120K)->28808K(29120K) NonClass: 23924K(24064K)->23924K(24064K) Class: 4883K(5056K)->4883K(5056K)
[317.801s][info][gc             ] GC(101) Pause Young (Prepare Mixed) (G1 Evacuation Pause) 2844M->1296M(4096M) 477.620ms
[317.801s][info][gc,cpu         ] GC(101) User=2.84s Sys=0.00s Real=0.47s
.... (rIR:aIR:PR = 1155:1158:1133) (tPR = 22438) [OK] 
   320s:       rampup IR =   2310 [321.539s][info][gc,start       ] GC(102) Pause Young (Mixed) (G1 Evacuation Pause)
[321.539s][info][gc,task        ] GC(102) Using 6 workers of 6 for evacuation
[321.734s][info][gc,phases      ] GC(102)   Pre Evacuate Collection Set: 0.34ms
[321.734s][info][gc,phases      ] GC(102)   Merge Heap Roots: 0.53ms
[321.734s][info][gc,phases      ] GC(102)   Evacuate Collection Set: 193.32ms
[321.734s][info][gc,phases      ] GC(102)   Post Evacuate Collection Set: 0.60ms
[321.734s][info][gc,phases      ] GC(102)   Other: 0.07ms
[321.734s][info][gc,heap        ] GC(102) Eden regions: 452->0(683)
[321.734s][info][gc,heap        ] GC(102) Survivor regions: 154->28(76)
[321.734s][info][gc,heap        ] GC(102) Old regions: 343->495
[321.734s][info][gc,heap        ] GC(102) Humongous regions: 155->155
[321.734s][info][gc,metaspace   ] GC(102) Metaspace: 28809K(29120K)->28809K(29120K) NonClass: 23925K(24064K)->23925K(24064K) Class: 4883K(5056K)->4883K(5056K)
[321.734s][info][gc             ] GC(102) Pause Young (Mixed) (G1 Evacuation Pause) 2200M->1348M(4096M) 194.993ms
[321.734s][info][gc,cpu         ] GC(102) User=1.17s Sys=0.00s Real=0.20s
.... (rIR:aIR:PR = 2310:2305:2255) (tPR = 40742) [OK] 
   324s:       rampup IR =   3464 [325.054s][info][gc,start       ] GC(103) Pause Young (Concurrent Start) (G1 Evacuation Pause)
[325.054s][info][gc,task        ] GC(103) Using 6 workers of 6 for evacuation
[325.114s][info][gc,phases      ] GC(103)   Pre Evacuate Collection Set: 0.42ms
[325.114s][info][gc,phases      ] GC(103)   Merge Heap Roots: 0.48ms
[325.114s][info][gc,phases      ] GC(103)   Evacuate Collection Set: 58.29ms
[325.114s][info][gc,phases      ] GC(103)   Post Evacuate Collection Set: 0.72ms
[325.114s][info][gc,phases      ] GC(103)   Other: 0.11ms
[325.114s][info][gc,heap        ] GC(103) Eden regions: 709->0(730)
[325.114s][info][gc,heap        ] GC(103) Survivor regions: 28->60(93)
[325.114s][info][gc,heap        ] GC(103) Old regions: 495->495
[325.114s][info][gc,heap        ] GC(103) Humongous regions: 155->155
[325.114s][info][gc,metaspace   ] GC(103) Metaspace: 28810K(29120K)->28810K(29120K) NonClass: 23926K(24064K)->23926K(24064K) Class: 4883K(5056K)->4883K(5056K)
[325.114s][info][gc             ] GC(103) Pause Young (Concurrent Start) (G1 Evacuation Pause) 2766M->1412M(4096M) 60.140ms
[325.114s][info][gc             ] GC(104) Concurrent Mark Cycle
[325.114s][info][gc,cpu         ] GC(103) User=0.35s Sys=0.00s Real=0.06s
[325.114s][info][gc,marking     ] GC(104) Concurrent Scan Root Regions
[325.185s][info][gc,marking     ] GC(104) Concurrent Scan Root Regions 71.196ms
[325.185s][info][gc,marking     ] GC(104) Concurrent Mark
[325.185s][info][gc,marking     ] GC(104) Concurrent Mark From Roots
[325.185s][info][gc,task        ] GC(104) Using 2 workers of 2 for marking
[325.840s][info][gc,marking     ] GC(104) Concurrent Mark From Roots 655.092ms
[325.840s][info][gc,marking     ] GC(104) Concurrent Preclean
[325.841s][info][gc,marking     ] GC(104) Concurrent Preclean 0.066ms
[325.841s][info][gc,start       ] GC(104) Pause Remark
[325.848s][info][gc             ] GC(104) Pause Remark 1846M->1648M(4096M) 7.258ms
[325.848s][info][gc,cpu         ] GC(104) User=0.04s Sys=0.00s Real=0.01s
[325.848s][info][gc,marking     ] GC(104) Concurrent Mark 662.719ms
[325.848s][info][gc,marking     ] GC(104) Concurrent Rebuild Remembered Sets and Scrub Regions
.[326.113s][info][gc,marking     ] GC(104) Concurrent Rebuild Remembered Sets and Scrub Regions 264.568ms
[326.113s][info][gc,start       ] GC(104) Pause Cleanup
[326.113s][info][gc             ] GC(104) Pause Cleanup 1834M->1834M(4096M) 0.101ms
[326.113s][info][gc,cpu         ] GC(104) User=0.00s Sys=0.00s Real=0.00s
[326.113s][info][gc,marking     ] GC(104) Concurrent Clear Claimed Marks
[326.113s][info][gc,marking     ] GC(104) Concurrent Clear Claimed Marks 0.027ms
[326.113s][info][gc,marking     ] GC(104) Concurrent Cleanup for Next Mark
[326.118s][info][gc,marking     ] GC(104) Concurrent Cleanup for Next Mark 4.768ms
[326.118s][info][gc             ] GC(104) Concurrent Mark Cycle 1003.758ms
.[327.481s][info][gc,start       ] GC(105) Pause Young (Prepare Mixed) (G1 Evacuation Pause)
[327.481s][info][gc,task        ] GC(105) Using 6 workers of 6 for evacuation
[327.565s][info][gc,phases      ] GC(105)   Pre Evacuate Collection Set: 0.32ms
[327.565s][info][gc,phases      ] GC(105)   Merge Heap Roots: 0.55ms
[327.565s][info][gc,phases      ] GC(105)   Evacuate Collection Set: 82.43ms
[327.565s][info][gc,phases      ] GC(105)   Post Evacuate Collection Set: 0.71ms
[327.565s][info][gc,phases      ] GC(105)   Other: 0.07ms
[327.565s][info][gc,heap        ] GC(105) Eden regions: 723->0(866)
[327.566s][info][gc,heap        ] GC(105) Survivor regions: 60->72(98)
[327.566s][info][gc,heap        ] GC(105) Old regions: 476->496
[327.566s][info][gc,heap        ] GC(105) Humongous regions: 75->75
[327.566s][info][gc,metaspace   ] GC(105) Metaspace: 28810K(29120K)->28810K(29120K) NonClass: 23927K(24064K)->23927K(24064K) Class: 4883K(5056K)->4883K(5056K)
[327.566s][info][gc             ] GC(105) Pause Young (Prepare Mixed) (G1 Evacuation Pause) 2660M->1278M(4096M) 84.203ms
[327.566s][info][gc,cpu         ] GC(105) User=0.50s Sys=0.00s Real=0.08s
.. (rIR:aIR:PR = 3464:3468:3392) (tPR = 59982) [OK] 
   328s:       rampup IR =   4619 .[330.424s][info][gc,start       ] GC(106) Pause Young (Mixed) (G1 Evacuation Pause)
[330.424s][info][gc,task        ] GC(106) Using 6 workers of 6 for evacuation
[330.519s][info][gc,phases      ] GC(106)   Pre Evacuate Collection Set: 0.37ms
[330.519s][info][gc,phases      ] GC(106)   Merge Heap Roots: 0.43ms
[330.519s][info][gc,phases      ] GC(106)   Evacuate Collection Set: 93.43ms
[330.519s][info][gc,phases      ] GC(106)   Post Evacuate Collection Set: 0.85ms
[330.519s][info][gc,phases      ] GC(106)   Other: 0.08ms
[330.519s][info][gc,heap        ] GC(106) Eden regions: 990->0(1017)
[330.519s][info][gc,heap        ] GC(106) Survivor regions: 72->84(133)
[330.519s][info][gc,heap        ] GC(106) Old regions: 496->517
[330.519s][info][gc,heap        ] GC(106) Humongous regions: 75->75
[330.519s][info][gc,metaspace   ] GC(106) Metaspace: 28810K(29120K)->28810K(29120K) NonClass: 23927K(24064K)->23927K(24064K) Class: 4883K(5056K)->4883K(5056K)
[330.519s][info][gc             ] GC(106) Pause Young (Mixed) (G1 Evacuation Pause) 3258M->1346M(4096M) 95.313ms
[330.519s][info][gc,cpu         ] GC(106) User=0.56s Sys=0.00s Real=0.09s
... (rIR:aIR:PR = 4619:4629:4607) (tPR = 79517) [OK] 
   332s:       rampup IR =   5774 [333.111s][info][gc,start       ] GC(107) Pause Young (Mixed) (G1 Evacuation Pause)
[333.111s][info][gc,task        ] GC(107) Using 6 workers of 6 for evacuation
[333.220s][info][gc,phases      ] GC(107)   Pre Evacuate Collection Set: 0.37ms
[333.221s][info][gc,phases      ] GC(107)   Merge Heap Roots: 0.43ms
[333.221s][info][gc,phases      ] GC(107)   Evacuate Collection Set: 106.53ms
[333.221s][info][gc,phases      ] GC(107)   Merge Optional Heap Roots: 0.05ms
[333.221s][info][gc,phases      ] GC(107)   Evacuate Optional Collection Set: 0.84ms
[333.221s][info][gc,phases      ] GC(107)   Post Evacuate Collection Set: 1.03ms
[333.221s][info][gc,phases      ] GC(107)   Other: 0.09ms
[333.221s][info][gc,heap        ] GC(107) Eden regions: 1050->0(1067)
[333.221s][info][gc,heap        ] GC(107) Survivor regions: 84->96(142)
[333.221s][info][gc,heap        ] GC(107) Old regions: 517->520
[333.221s][info][gc,heap        ] GC(107) Humongous regions: 77->77
[333.221s][info][gc,metaspace   ] GC(107) Metaspace: 28810K(29120K)->28810K(29120K) NonClass: 23927K(24064K)->23927K(24064K) Class: 4883K(5056K)->4883K(5056K)
[333.221s][info][gc             ] GC(107) Pause Young (Mixed) (G1 Evacuation Pause) 3450M->1384M(4096M) 109.486ms
[333.221s][info][gc,cpu         ] GC(107) User=0.65s Sys=0.00s Real=0.10s
..[335.475s][info][gc,start       ] GC(108) Pause Young (Mixed) (G1 Evacuation Pause)
[335.475s][info][gc,task        ] GC(108) Using 6 workers of 6 for evacuation
[335.593s][info][gc,phases      ] GC(108)   Pre Evacuate Collection Set: 0.38ms
[335.593s][info][gc,phases      ] GC(108)   Merge Heap Roots: 0.47ms
[335.593s][info][gc,phases      ] GC(108)   Evacuate Collection Set: 115.48ms
[335.593s][info][gc,phases      ] GC(108)   Post Evacuate Collection Set: 0.98ms
[335.593s][info][gc,phases      ] GC(108)   Other: 0.09ms
[335.593s][info][gc,heap        ] GC(108) Eden regions: 1067->0(1067)
[335.593s][info][gc,heap        ] GC(108) Survivor regions: 96->100(146)
[335.593s][info][gc,heap        ] GC(108) Old regions: 520->546
[335.593s][info][gc,heap        ] GC(108) Humongous regions: 77->77
[335.593s][info][gc,metaspace   ] GC(108) Metaspace: 28816K(29120K)->28816K(29120K) NonClass: 23932K(24064K)->23932K(24064K) Class: 4883K(5056K)->4883K(5056K)
[335.593s][info][gc             ] GC(108) Pause Young (Mixed) (G1 Evacuation Pause) 3518M->1444M(4096M) 117.530ms
[335.593s][info][gc,cpu         ] GC(108) User=0.70s Sys=0.00s Real=0.12s
.. (rIR:aIR:PR = 5774:5819:5820) (tPR = 91749) [OK] 
   336s:       rampup IR =   6929 .[337.916s][info][gc,start       ] GC(109) Pause Young (Concurrent Start) (G1 Evacuation Pause)
[337.916s][info][gc,task        ] GC(109) Using 6 workers of 6 for evacuation
[338.033s][info][gc,phases      ] GC(109)   Pre Evacuate Collection Set: 0.37ms
[338.033s][info][gc,phases      ] GC(109)   Merge Heap Roots: 0.41ms
[338.033s][info][gc,phases      ] GC(109)   Evacuate Collection Set: 115.10ms
[338.033s][info][gc,phases      ] GC(109)   Post Evacuate Collection Set: 0.96ms
[338.033s][info][gc,phases      ] GC(109)   Other: 0.10ms
[338.033s][info][gc,heap        ] GC(109) Eden regions: 1067->0(1054)
[338.033s][info][gc,heap        ] GC(109) Survivor regions: 100->105(146)
[338.033s][info][gc,heap        ] GC(109) Old regions: 546->580
[338.033s][info][gc,heap        ] GC(109) Humongous regions: 77->77
[338.033s][info][gc,metaspace   ] GC(109) Metaspace: 28817K(29120K)->28817K(29120K) NonClass: 23933K(24064K)->23933K(24064K) Class: 4883K(5056K)->4883K(5056K)
[338.033s][info][gc             ] GC(109) Pause Young (Concurrent Start) (G1 Evacuation Pause) 3578M->1522M(4096M) 117.073ms
[338.033s][info][gc             ] GC(110) Concurrent Mark Cycle
[338.033s][info][gc,marking     ] GC(110) Concurrent Scan Root Regions
[338.034s][info][gc,cpu         ] GC(109) User=0.70s Sys=0.00s Real=0.12s
[338.243s][info][gc,marking     ] GC(110) Concurrent Scan Root Regions 209.380ms
[338.243s][info][gc,marking     ] GC(110) Concurrent Mark
[338.243s][info][gc,marking     ] GC(110) Concurrent Mark From Roots
[338.243s][info][gc,task        ] GC(110) Using 2 workers of 2 for marking
.[339.015s][info][gc,marking     ] GC(110) Concurrent Mark From Roots 771.734ms
[339.015s][info][gc,marking     ] GC(110) Concurrent Preclean
[339.015s][info][gc,marking     ] GC(110) Concurrent Preclean 0.104ms
[339.016s][info][gc,start       ] GC(110) Pause Remark
[339.025s][info][gc             ] GC(110) Pause Remark 2500M->2500M(4096M) 9.535ms
[339.026s][info][gc,cpu         ] GC(110) User=0.05s Sys=0.00s Real=0.01s
[339.026s][info][gc,marking     ] GC(110) Concurrent Mark 782.872ms
[339.026s][info][gc,marking     ] GC(110) Concurrent Rebuild Remembered Sets and Scrub Regions
[339.248s][info][gc,marking     ] GC(110) Concurrent Rebuild Remembered Sets and Scrub Regions 222.044ms
[339.248s][info][gc,start       ] GC(110) Pause Cleanup
[339.248s][info][gc             ] GC(110) Pause Cleanup 2712M->2712M(4096M) 0.168ms
[339.248s][info][gc,cpu         ] GC(110) User=0.00s Sys=0.00s Real=0.00s
[339.249s][info][gc,marking     ] GC(110) Concurrent Clear Claimed Marks
[339.249s][info][gc,marking     ] GC(110) Concurrent Clear Claimed Marks 0.034ms
[339.249s][info][gc,marking     ] GC(110) Concurrent Cleanup for Next Mark
[339.256s][info][gc,marking     ] GC(110) Concurrent Cleanup for Next Mark 7.199ms
[339.256s][info][gc             ] GC(110) Concurrent Mark Cycle 1222.463ms
.[340.292s][info][gc,start       ] GC(111) Pause Young (Prepare Mixed) (G1 Evacuation Pause)
[340.292s][info][gc,task        ] GC(111) Using 6 workers of 6 for evacuation
[340.409s][info][gc,phases      ] GC(111)   Pre Evacuate Collection Set: 0.34ms
[340.409s][info][gc,phases      ] GC(111)   Merge Heap Roots: 0.46ms
[340.409s][info][gc,phases      ] GC(111)   Evacuate Collection Set: 115.69ms
[340.409s][info][gc,phases      ] GC(111)   Post Evacuate Collection Set: 0.98ms
[340.409s][info][gc,phases      ] GC(111)   Other: 0.11ms
[340.409s][info][gc,heap        ] GC(111) Eden regions: 1054->0(1035)
[340.409s][info][gc,heap        ] GC(111) Survivor regions: 105->107(145)
[340.409s][info][gc,heap        ] GC(111) Old regions: 580->616
[340.409s][info][gc,heap        ] GC(111) Humongous regions: 77->77
[340.409s][info][gc,metaspace   ] GC(111) Metaspace: 28817K(29120K)->28817K(29120K) NonClass: 23933K(24064K)->23933K(24064K) Class: 4883K(5056K)->4883K(5056K)
[340.409s][info][gc             ] GC(111) Pause Young (Prepare Mixed) (G1 Evacuation Pause) 3630M->1598M(4096M) 117.698ms
[340.409s][info][gc,cpu         ] GC(111) User=0.70s Sys=0.00s Real=0.11s
. (rIR:aIR:PR = 6929:6894:6893) (tPR = 107436) [OK] 
   340s:       rampup IR =   8084 .[342.483s][info][gc,start       ] GC(112) Pause Young (Mixed) (G1 Evacuation Pause)
[342.483s][info][gc,task        ] GC(112) Using 6 workers of 6 for evacuation
[342.614s][info][gc,phases      ] GC(112)   Pre Evacuate Collection Set: 0.40ms
[342.614s][info][gc,phases      ] GC(112)   Merge Heap Roots: 0.52ms
[342.614s][info][gc,phases      ] GC(112)   Evacuate Collection Set: 125.56ms
[342.614s][info][gc,phases      ] GC(112)   Merge Optional Heap Roots: 0.05ms
[342.614s][info][gc,phases      ] GC(112)   Evacuate Optional Collection Set: 2.91ms
[342.614s][info][gc,phases      ] GC(112)   Post Evacuate Collection Set: 1.17ms
[342.614s][info][gc,phases      ] GC(112)   Other: 0.11ms
[342.614s][info][gc,heap        ] GC(112) Eden regions: 1035->0(1121)
[342.614s][info][gc,heap        ] GC(112) Survivor regions: 107->107(143)
[342.614s][info][gc,heap        ] GC(112) Old regions: 616->489
[342.614s][info][gc,heap        ] GC(112) Humongous regions: 77->77
[342.614s][info][gc,metaspace   ] GC(112) Metaspace: 28817K(29120K)->28817K(29120K) NonClass: 23934K(24064K)->23934K(24064K) Class: 4883K(5056K)->4883K(5056K)
[342.614s][info][gc             ] GC(112) Pause Young (Mixed) (G1 Evacuation Pause) 3668M->1345M(4096M) 130.848ms
[342.614s][info][gc,cpu         ] GC(112) User=0.78s Sys=0.00s Real=0.13s
..[344.714s][info][gc,start       ] GC(113) Pause Young (Mixed) (G1 Evacuation Pause)
[344.714s][info][gc,task        ] GC(113) Using 6 workers of 6 for evacuation
[344.843s][info][gc,phases      ] GC(113)   Pre Evacuate Collection Set: 0.34ms
[344.843s][info][gc,phases      ] GC(113)   Merge Heap Roots: 0.54ms
[344.843s][info][gc,phases      ] GC(113)   Evacuate Collection Set: 126.13ms
[344.843s][info][gc,phases      ] GC(113)   Post Evacuate Collection Set: 0.97ms
[344.843s][info][gc,phases      ] GC(113)   Other: 0.09ms
[344.843s][info][gc,heap        ] GC(113) Eden regions: 1121->0(1116)
[344.843s][info][gc,heap        ] GC(113) Survivor regions: 107->112(154)
[344.843s][info][gc,heap        ] GC(113) Old regions: 489->489
[344.843s][info][gc,heap        ] GC(113) Humongous regions: 77->77
[344.843s][info][gc,metaspace   ] GC(113) Metaspace: 28817K(29120K)->28817K(29120K) NonClass: 23934K(24064K)->23934K(24064K) Class: 4883K(5056K)->4883K(5056K)
[344.843s][info][gc             ] GC(113) Pause Young (Mixed) (G1 Evacuation Pause) 3587M->1354M(4096M) 128.229ms
[344.843s][info][gc,cpu         ] GC(113) User=0.76s Sys=0.00s Real=0.13s
. (rIR:aIR:PR = 8084:7894:7895) (tPR = 119096) [OK] 
   344s:       rampup IR =   9238 .[346.901s][info][gc,start       ] GC(114) Pause Young (Concurrent Start) (G1 Evacuation Pause)
[346.901s][info][gc,task        ] GC(114) Using 6 workers of 6 for evacuation
[347.023s][info][gc,phases      ] GC(114)   Pre Evacuate Collection Set: 0.37ms
[347.023s][info][gc,phases      ] GC(114)   Merge Heap Roots: 0.47ms
[347.023s][info][gc,phases      ] GC(114)   Evacuate Collection Set: 120.01ms
[347.023s][info][gc,phases      ] GC(114)   Post Evacuate Collection Set: 0.94ms
[347.023s][info][gc,phases      ] GC(114)   Other: 0.11ms
[347.023s][info][gc,heap        ] GC(114) Eden regions: 1116->0(1115)
[347.023s][info][gc,heap        ] GC(114) Survivor regions: 112->113(154)
[347.023s][info][gc,heap        ] GC(114) Old regions: 489->521
[347.023s][info][gc,heap        ] GC(114) Humongous regions: 77->77
[347.023s][info][gc,metaspace   ] GC(114) Metaspace: 28819K(29120K)->28819K(29120K) NonClass: 23935K(24064K)->23935K(24064K) Class: 4883K(5056K)->4883K(5056K)
[347.023s][info][gc             ] GC(114) Pause Young (Concurrent Start) (G1 Evacuation Pause) 3586M->1420M(4096M) 122.040ms
[347.023s][info][gc             ] GC(115) Concurrent Mark Cycle
[347.023s][info][gc,marking     ] GC(115) Concurrent Scan Root Regions
[347.023s][info][gc,cpu         ] GC(114) User=0.72s Sys=0.00s Real=0.13s
.[347.140s][info][gc,marking     ] GC(115) Concurrent Scan Root Regions 116.817ms
[347.140s][info][gc,marking     ] GC(115) Concurrent Mark
[347.140s][info][gc,marking     ] GC(115) Concurrent Mark From Roots
[347.140s][info][gc,task        ] GC(115) Using 2 workers of 2 for marking
[347.778s][info][gc,marking     ] GC(115) Concurrent Mark From Roots 638.427ms
[347.778s][info][gc,marking     ] GC(115) Concurrent Preclean
[347.778s][info][gc,marking     ] GC(115) Concurrent Preclean 0.130ms
[347.779s][info][gc,start       ] GC(115) Pause Remark
[347.782s][info][gc             ] GC(115) Pause Remark 2068M->2068M(4096M) 2.933ms
[347.782s][info][gc,cpu         ] GC(115) User=0.01s Sys=0.00s Real=0.01s
[347.783s][info][gc,marking     ] GC(115) Concurrent Mark 643.465ms
[347.783s][info][gc,marking     ] GC(115) Concurrent Rebuild Remembered Sets and Scrub Regions
[348.053s][info][gc,marking     ] GC(115) Concurrent Rebuild Remembered Sets and Scrub Regions 269.597ms
[348.095s][info][gc,start       ] GC(115) Pause Cleanup
[348.095s][info][gc             ] GC(115) Pause Cleanup 2363M->2363M(4096M) 0.190ms
[348.095s][info][gc,cpu         ] GC(115) User=0.00s Sys=0.00s Real=0.00s
[348.095s][info][gc,marking     ] GC(115) Concurrent Clear Claimed Marks
[348.095s][info][gc,marking     ] GC(115) Concurrent Clear Claimed Marks 0.033ms
[348.095s][info][gc,marking     ] GC(115) Concurrent Cleanup for Next Mark
.[348.199s][info][gc,marking     ] GC(115) Concurrent Cleanup for Next Mark 103.989ms
[348.199s][info][gc             ] GC(115) Concurrent Mark Cycle 1176.219ms
[348.966s][info][gc,start       ] GC(116) Pause Young (Prepare Mixed) (G1 Evacuation Pause)
[348.966s][info][gc,task        ] GC(116) Using 6 workers of 6 for evacuation
[349.089s][info][gc,phases      ] GC(116)   Pre Evacuate Collection Set: 0.35ms
[349.089s][info][gc,phases      ] GC(116)   Merge Heap Roots: 0.50ms
[349.090s][info][gc,phases      ] GC(116)   Evacuate Collection Set: 121.89ms
[349.090s][info][gc,phases      ] GC(116)   Post Evacuate Collection Set: 1.08ms
[349.090s][info][gc,phases      ] GC(116)   Other: 0.09ms
[349.090s][info][gc,heap        ] GC(116) Eden regions: 1115->0(1086)
[349.090s][info][gc,heap        ] GC(116) Survivor regions: 113->114(154)
[349.090s][info][gc,heap        ] GC(116) Old regions: 521->554
[349.090s][info][gc,heap        ] GC(116) Humongous regions: 77->77
[349.090s][info][gc,metaspace   ] GC(116) Metaspace: 28822K(29120K)->28822K(29120K) NonClass: 23938K(24064K)->23938K(24064K) Class: 4883K(5056K)->4883K(5056K)
[349.090s][info][gc             ] GC(116) Pause Young (Prepare Mixed) (G1 Evacuation Pause) 3650M->1489M(4096M) 124.048ms
[349.090s][info][gc,cpu         ] GC(116) User=0.74s Sys=0.00s Real=0.12s
..[350.760s][info][gc,start       ] GC(117) Pause Young (Mixed) (G1 Evacuation Pause)
[350.760s][info][gc,task        ] GC(117) Using 6 workers of 6 for evacuation
[350.907s][info][gc,phases      ] GC(117)   Pre Evacuate Collection Set: 0.36ms
[350.907s][info][gc,phases      ] GC(117)   Merge Heap Roots: 0.70ms
[350.907s][info][gc,phases      ] GC(117)   Evacuate Collection Set: 144.93ms
[350.907s][info][gc,phases      ] GC(117)   Post Evacuate Collection Set: 1.02ms
[350.907s][info][gc,phases      ] GC(117)   Other: 0.09ms
[350.907s][info][gc,heap        ] GC(117) Eden regions: 1086->0(1111)
[350.907s][info][gc,heap        ] GC(117) Survivor regions: 114->117(150)
[350.907s][info][gc,heap        ] GC(117) Old regions: 554->462
[350.907s][info][gc,heap        ] GC(117) Humongous regions: 77->77
[350.907s][info][gc,metaspace   ] GC(117) Metaspace: 28822K(29120K)->28822K(29120K) NonClass: 23938K(24064K)->23938K(24064K) Class: 4883K(5056K)->4883K(5056K)
[350.907s][info][gc             ] GC(117) Pause Young (Mixed) (G1 Evacuation Pause) 3661M->1311M(4096M) 147.218ms
[350.907s][info][gc,cpu         ] GC(117) User=0.87s Sys=0.00s Real=0.15s
.. (rIR:aIR:PR = 9238:9420:9420) (tPR = 135657) [OK] 
   352s:       rampup IR =  10393 [352.743s][info][gc,start       ] GC(118) Pause Young (Concurrent Start) (G1 Evacuation Pause)
[352.743s][info][gc,task        ] GC(118) Using 6 workers of 6 for evacuation
[352.870s][info][gc,phases      ] GC(118)   Pre Evacuate Collection Set: 0.39ms
[352.870s][info][gc,phases      ] GC(118)   Merge Heap Roots: 0.49ms
[352.870s][info][gc,phases      ] GC(118)   Evacuate Collection Set: 124.80ms
[352.870s][info][gc,phases      ] GC(118)   Post Evacuate Collection Set: 0.95ms
[352.870s][info][gc,phases      ] GC(118)   Other: 0.11ms
[352.870s][info][gc,heap        ] GC(118) Eden regions: 1111->0(1111)
[352.870s][info][gc,heap        ] GC(118) Survivor regions: 117->117(154)
[352.870s][info][gc,heap        ] GC(118) Old regions: 462->495
[352.870s][info][gc,heap        ] GC(118) Humongous regions: 77->77
[352.870s][info][gc,metaspace   ] GC(118) Metaspace: 28825K(29120K)->28825K(29120K) NonClass: 23941K(24064K)->23941K(24064K) Class: 4883K(5056K)->4883K(5056K)
[352.870s][info][gc             ] GC(118) Pause Young (Concurrent Start) (G1 Evacuation Pause) 3533M->1377M(4096M) 126.878ms
[352.870s][info][gc             ] GC(119) Concurrent Mark Cycle
[352.870s][info][gc,marking     ] GC(119) Concurrent Scan Root Regions
[352.870s][info][gc,cpu         ] GC(118) User=0.76s Sys=0.00s Real=0.12s
[353.060s][info][gc,marking     ] GC(119) Concurrent Scan Root Regions 190.127ms
[353.060s][info][gc,marking     ] GC(119) Concurrent Mark
[353.060s][info][gc,marking     ] GC(119) Concurrent Mark From Roots
[353.060s][info][gc,task        ] GC(119) Using 2 workers of 2 for marking
.[354.133s][info][gc,marking     ] GC(119) Concurrent Mark From Roots 1072.969ms
[354.133s][info][gc,marking     ] GC(119) Concurrent Preclean
[354.133s][info][gc,marking     ] GC(119) Concurrent Preclean 0.127ms
[354.136s][info][gc,start       ] GC(119) Pause Remark
[354.140s][info][gc             ] GC(119) Pause Remark 2671M->2671M(4096M) 4.402ms
[354.140s][info][gc,cpu         ] GC(119) User=0.02s Sys=0.00s Real=0.00s
[354.141s][info][gc,marking     ] GC(119) Concurrent Mark 1080.724ms
[354.141s][info][gc,marking     ] GC(119) Concurrent Rebuild Remembered Sets and Scrub Regions
.[354.523s][info][gc,marking     ] GC(119) Concurrent Rebuild Remembered Sets and Scrub Regions 381.605ms
[354.523s][info][gc,start       ] GC(119) Pause Cleanup
[354.523s][info][gc             ] GC(119) Pause Cleanup 3105M->3105M(4096M) 0.142ms
[354.523s][info][gc,cpu         ] GC(119) User=0.00s Sys=0.00s Real=0.00s
[354.525s][info][gc,marking     ] GC(119) Concurrent Clear Claimed Marks
[354.525s][info][gc,marking     ] GC(119) Concurrent Clear Claimed Marks 0.050ms
[354.525s][info][gc,marking     ] GC(119) Concurrent Cleanup for Next Mark
[354.545s][info][gc,marking     ] GC(119) Concurrent Cleanup for Next Mark 19.293ms
[354.545s][info][gc             ] GC(119) Concurrent Mark Cycle 1674.707ms
[354.897s][info][gc,start       ] GC(120) Pause Young (Prepare Mixed) (G1 Evacuation Pause)
[354.897s][info][gc,task        ] GC(120) Using 6 workers of 6 for evacuation
[355.024s][info][gc,phases      ] GC(120)   Pre Evacuate Collection Set: 0.38ms
[355.024s][info][gc,phases      ] GC(120)   Merge Heap Roots: 0.52ms
[355.024s][info][gc,phases      ] GC(120)   Evacuate Collection Set: 125.12ms
[355.024s][info][gc,phases      ] GC(120)   Post Evacuate Collection Set: 1.00ms
[355.024s][info][gc,phases      ] GC(120)   Other: 0.09ms
[355.024s][info][gc,heap        ] GC(120) Eden regions: 1111->0(1108)
[355.024s][info][gc,heap        ] GC(120) Survivor regions: 117->116(154)
[355.024s][info][gc,heap        ] GC(120) Old regions: 495->528
[355.024s][info][gc,heap        ] GC(120) Humongous regions: 77->77
[355.024s][info][gc,metaspace   ] GC(120) Metaspace: 28825K(29120K)->28825K(29120K) NonClass: 23941K(24064K)->23941K(24064K) Class: 4883K(5056K)->4883K(5056K)
[355.024s][info][gc             ] GC(120) Pause Young (Prepare Mixed) (G1 Evacuation Pause) 3599M->1439M(4096M) 127.239ms
[355.024s][info][gc,cpu         ] GC(120) User=0.75s Sys=0.00s Real=0.13s
..[356.529s][info][gc,start       ] GC(121) Pause Young (Mixed) (G1 Evacuation Pause)
[356.529s][info][gc,task        ] GC(121) Using 6 workers of 6 for evacuation
[356.717s][info][gc,phases      ] GC(121)   Pre Evacuate Collection Set: 0.40ms
[356.717s][info][gc,phases      ] GC(121)   Merge Heap Roots: 0.61ms
[356.717s][info][gc,phases      ] GC(121)   Evacuate Collection Set: 185.64ms
[356.717s][info][gc,phases      ] GC(121)   Post Evacuate Collection Set: 0.97ms
[356.717s][info][gc,phases      ] GC(121)   Other: 0.09ms
[356.717s][info][gc,heap        ] GC(121) Eden regions: 1108->0(1111)
[356.717s][info][gc,heap        ] GC(121) Survivor regions: 116->117(153)
[356.717s][info][gc,heap        ] GC(121) Old regions: 528->465
[356.717s][info][gc,heap        ] GC(121) Humongous regions: 77->77
[356.717s][info][gc,metaspace   ] GC(121) Metaspace: 28827K(29120K)->28827K(29120K) NonClass: 23943K(24064K)->23943K(24064K) Class: 4883K(5056K)->4883K(5056K)
[356.717s][info][gc             ] GC(121) Pause Young (Mixed) (G1 Evacuation Pause) 3655M->1316M(4096M) 187.826ms
[356.717s][info][gc,cpu         ] GC(121) User=0.84s Sys=0.00s Real=0.19s
.[358.188s][info][gc,start       ] GC(122) Pause Young (Concurrent Start) (G1 Evacuation Pause)
[358.188s][info][gc,task        ] GC(122) Using 6 workers of 6 for evacuation
[358.311s][info][gc,phases      ] GC(122)   Pre Evacuate Collection Set: 0.37ms
[358.311s][info][gc,phases      ] GC(122)   Merge Heap Roots: 0.49ms
[358.311s][info][gc,phases      ] GC(122)   Evacuate Collection Set: 121.63ms
[358.311s][info][gc,phases      ] GC(122)   Post Evacuate Collection Set: 0.91ms
[358.311s][info][gc,phases      ] GC(122)   Other: 0.11ms
[358.311s][info][gc,heap        ] GC(122) Eden regions: 1111->0(1114)
[358.311s][info][gc,heap        ] GC(122) Survivor regions: 117->114(154)
[358.311s][info][gc,heap        ] GC(122) Old regions: 465->497
[358.311s][info][gc,heap        ] GC(122) Humongous regions: 77->77
[358.311s][info][gc,metaspace   ] GC(122) Metaspace: 28827K(29120K)->28827K(29120K) NonClass: 23943K(24064K)->23943K(24064K) Class: 4883K(5056K)->4883K(5056K)
[358.311s][info][gc             ] GC(122) Pause Young (Concurrent Start) (G1 Evacuation Pause) 3538M->1374M(4096M) 123.653ms
[358.311s][info][gc             ] GC(123) Concurrent Mark Cycle
[358.311s][info][gc,marking     ] GC(123) Concurrent Scan Root Regions
[358.311s][info][gc,cpu         ] GC(122) User=0.74s Sys=0.00s Real=0.13s
[358.467s][info][gc,marking     ] GC(123) Concurrent Scan Root Regions 156.026ms
[358.467s][info][gc,marking     ] GC(123) Concurrent Mark
[358.467s][info][gc,marking     ] GC(123) Concurrent Mark From Roots
[358.467s][info][gc,task        ] GC(123) Using 2 workers of 2 for marking
. (rIR:aIR:PR = 10393:10248:10068) (tPR = 149990) [OK] 
   358s:       rampup IR =  11548 [359.223s][info][gc,marking     ] GC(123) Concurrent Mark From Roots 755.453ms
[359.223s][info][gc,marking     ] GC(123) Concurrent Preclean
[359.223s][info][gc,marking     ] GC(123) Concurrent Preclean 0.053ms
[359.227s][info][gc,start       ] GC(123) Pause Remark
[359.231s][info][gc             ] GC(123) Pause Remark 2234M->2234M(4096M) 4.008ms
[359.231s][info][gc,cpu         ] GC(123) User=0.03s Sys=0.00s Real=0.01s
[359.232s][info][gc,marking     ] GC(123) Concurrent Mark 764.459ms
[359.232s][info][gc,marking     ] GC(123) Concurrent Rebuild Remembered Sets and Scrub Regions
[359.479s][info][gc,marking     ] GC(123) Concurrent Rebuild Remembered Sets and Scrub Regions 246.999ms
[359.479s][info][gc,start       ] GC(123) Pause Cleanup
[359.479s][info][gc             ] GC(123) Pause Cleanup 2458M->2458M(4096M) 0.119ms
[359.479s][info][gc,cpu         ] GC(123) User=0.00s Sys=0.00s Real=0.00s
[359.479s][info][gc,marking     ] GC(123) Concurrent Clear Claimed Marks
[359.479s][info][gc,marking     ] GC(123) Concurrent Clear Claimed Marks 0.025ms
[359.479s][info][gc,marking     ] GC(123) Concurrent Cleanup for Next Mark
[359.485s][info][gc,marking     ] GC(123) Concurrent Cleanup for Next Mark 5.319ms
[359.485s][info][gc             ] GC(123) Concurrent Mark Cycle 1173.280ms
.[360.300s][info][gc,start       ] GC(124) Pause Young (Prepare Mixed) (G1 Evacuation Pause)
[360.300s][info][gc,task        ] GC(124) Using 6 workers of 6 for evacuation
[360.422s][info][gc,phases      ] GC(124)   Pre Evacuate Collection Set: 0.37ms
[360.422s][info][gc,phases      ] GC(124)   Merge Heap Roots: 0.58ms
[360.422s][info][gc,phases      ] GC(124)   Evacuate Collection Set: 119.81ms
[360.422s][info][gc,phases      ] GC(124)   Post Evacuate Collection Set: 0.98ms
[360.422s][info][gc,phases      ] GC(124)   Other: 0.09ms
[360.422s][info][gc,heap        ] GC(124) Eden regions: 1114->0(1113)
[360.422s][info][gc,heap        ] GC(124) Survivor regions: 114->113(154)
[360.422s][info][gc,heap        ] GC(124) Old regions: 497->529
[360.422s][info][gc,heap        ] GC(124) Humongous regions: 77->77
[360.422s][info][gc,metaspace   ] GC(124) Metaspace: 28827K(29120K)->28827K(29120K) NonClass: 23943K(24064K)->23943K(24064K) Class: 4883K(5056K)->4883K(5056K)
[360.422s][info][gc             ] GC(124) Pause Young (Prepare Mixed) (G1 Evacuation Pause) 3602M->1437M(4096M) 121.942ms
[360.422s][info][gc,cpu         ] GC(124) User=0.73s Sys=0.00s Real=0.13s
.[361.994s][info][gc,start       ] GC(125) Pause Young (Mixed) (G1 Evacuation Pause)
[361.994s][info][gc,task        ] GC(125) Using 6 workers of 6 for evacuation
[362.137s][info][gc,phases      ] GC(125)   Pre Evacuate Collection Set: 0.40ms
[362.137s][info][gc,phases      ] GC(125)   Merge Heap Roots: 0.52ms
[362.137s][info][gc,phases      ] GC(125)   Evacuate Collection Set: 134.08ms
[362.137s][info][gc,phases      ] GC(125)   Merge Optional Heap Roots: 0.14ms
[362.137s][info][gc,phases      ] GC(125)   Evacuate Optional Collection Set: 5.97ms
[362.137s][info][gc,phases      ] GC(125)   Post Evacuate Collection Set: 1.10ms
[362.137s][info][gc,phases      ] GC(125)   Other: 0.12ms
[362.137s][info][gc,heap        ] GC(125) Eden regions: 1113->0(1112)
[362.137s][info][gc,heap        ] GC(125) Survivor regions: 113->116(154)
[362.137s][info][gc,heap        ] GC(125) Old regions: 529->468
[362.137s][info][gc,heap        ] GC(125) Humongous regions: 77->77
[362.137s][info][gc,metaspace   ] GC(125) Metaspace: 28827K(29120K)->28827K(29120K) NonClass: 23943K(24064K)->23943K(24064K) Class: 4883K(5056K)->4883K(5056K)
[362.137s][info][gc             ] GC(125) Pause Young (Mixed) (G1 Evacuation Pause) 3663M->1321M(4096M) 142.477ms
[362.137s][info][gc,cpu         ] GC(125) User=0.85s Sys=0.00s Real=0.14s
..[363.565s][info][gc,start       ] GC(126) Pause Young (Mixed) (G1 Evacuation Pause)
[363.565s][info][gc,task        ] GC(126) Using 6 workers of 6 for evacuation
[363.742s][info][gc,phases      ] GC(126)   Pre Evacuate Collection Set: 0.34ms
[363.742s][info][gc,phases      ] GC(126)   Merge Heap Roots: 0.58ms
[363.742s][info][gc,phases      ] GC(126)   Evacuate Collection Set: 175.90ms
[363.742s][info][gc,phases      ] GC(126)   Post Evacuate Collection Set: 0.93ms
[363.742s][info][gc,phases      ] GC(126)   Other: 0.08ms
[363.742s][info][gc,heap        ] GC(126) Eden regions: 1112->0(1112)
[363.742s][info][gc,heap        ] GC(126) Survivor regions: 116->116(154)
[363.742s][info][gc,heap        ] GC(126) Old regions: 468->499
[363.742s][info][gc,heap        ] GC(126) Humongous regions: 77->77
[363.742s][info][gc,metaspace   ] GC(126) Metaspace: 28827K(29120K)->28827K(29120K) NonClass: 23943K(24064K)->23943K(24064K) Class: 4883K(5056K)->4883K(5056K)
[363.742s][info][gc             ] GC(126) Pause Young (Mixed) (G1 Evacuation Pause) 3545M->1382M(4096M) 177.970ms
[363.743s][info][gc,cpu         ] GC(126) User=0.78s Sys=0.00s Real=0.18s
.[365.260s][info][gc,start       ] GC(127) Pause Young (Concurrent Start) (G1 Evacuation Pause)
[365.260s][info][gc,task        ] GC(127) Using 6 workers of 6 for evacuation
[365.379s][info][gc,phases      ] GC(127)   Pre Evacuate Collection Set: 0.40ms
[365.379s][info][gc,phases      ] GC(127)   Merge Heap Roots: 0.48ms
[365.379s][info][gc,phases      ] GC(127)   Evacuate Collection Set: 117.77ms
[365.379s][info][gc,phases      ] GC(127)   Post Evacuate Collection Set: 0.89ms
[365.379s][info][gc,phases      ] GC(127)   Other: 0.10ms
[365.379s][info][gc,heap        ] GC(127) Eden regions: 1112->0(1116)
[365.379s][info][gc,heap        ] GC(127) Survivor regions: 116->111(154)
[365.379s][info][gc,heap        ] GC(127) Old regions: 499->530
[365.379s][info][gc,heap        ] GC(127) Humongous regions: 77->77
[365.379s][info][gc,metaspace   ] GC(127) Metaspace: 28827K(29120K)->28827K(29120K) NonClass: 23943K(24064K)->23943K(24064K) Class: 4883K(5056K)->4883K(5056K)
[365.379s][info][gc             ] GC(127) Pause Young (Concurrent Start) (G1 Evacuation Pause) 3606M->1435M(4096M) 119.776ms
[365.379s][info][gc             ] GC(128) Concurrent Mark Cycle
[365.379s][info][gc,marking     ] GC(128) Concurrent Scan Root Regions
[365.379s][info][gc,cpu         ] GC(127) User=0.71s Sys=0.01s Real=0.12s
.[365.574s][info][gc,marking     ] GC(128) Concurrent Scan Root Regions 194.182ms
[365.574s][info][gc,marking     ] GC(128) Concurrent Mark
[365.574s][info][gc,marking     ] GC(128) Concurrent Mark From Roots
[365.574s][info][gc,task        ] GC(128) Using 2 workers of 2 for marking
[366.550s][info][gc,marking     ] GC(128) Concurrent Mark From Roots 976.425ms
[366.550s][info][gc,marking     ] GC(128) Concurrent Preclean
[366.550s][info][gc,marking     ] GC(128) Concurrent Preclean 0.091ms
[366.553s][info][gc,start       ] GC(128) Pause Remark
[366.557s][info][gc             ] GC(128) Pause Remark 2399M->2399M(4096M) 3.687ms
[366.557s][info][gc,cpu         ] GC(128) User=0.02s Sys=0.00s Real=0.00s
[366.557s][info][gc,marking     ] GC(128) Concurrent Mark 983.658ms
[366.557s][info][gc,marking     ] GC(128) Concurrent Rebuild Remembered Sets and Scrub Regions
.[367.175s][info][gc,marking     ] GC(128) Concurrent Rebuild Remembered Sets and Scrub Regions 617.487ms
[367.175s][info][gc,start       ] GC(128) Pause Cleanup
[367.176s][info][gc             ] GC(128) Pause Cleanup 3269M->3269M(4096M) 0.165ms
[367.176s][info][gc,cpu         ] GC(128) User=0.00s Sys=0.00s Real=0.00s
[367.177s][info][gc,marking     ] GC(128) Concurrent Clear Claimed Marks
[367.177s][info][gc,marking     ] GC(128) Concurrent Clear Claimed Marks 0.053ms
[367.177s][info][gc,marking     ] GC(128) Concurrent Cleanup for Next Mark
[367.187s][info][gc,marking     ] GC(128) Concurrent Cleanup for Next Mark 9.771ms
[367.187s][info][gc             ] GC(128) Concurrent Mark Cycle 1807.514ms
[367.421s][info][gc,start       ] GC(129) Pause Young (Prepare Mixed) (G1 Evacuation Pause)
[367.421s][info][gc,task        ] GC(129) Using 6 workers of 6 for evacuation
[367.546s][info][gc,phases      ] GC(129)   Pre Evacuate Collection Set: 0.35ms
[367.546s][info][gc,phases      ] GC(129)   Merge Heap Roots: 0.54ms
[367.546s][info][gc,phases      ] GC(129)   Evacuate Collection Set: 123.08ms
[367.546s][info][gc,phases      ] GC(129)   Post Evacuate Collection Set: 0.97ms
[367.546s][info][gc,phases      ] GC(129)   Other: 0.09ms
[367.546s][info][gc,heap        ] GC(129) Eden regions: 1116->0(1076)
[367.546s][info][gc,heap        ] GC(129) Survivor regions: 111->114(154)
[367.546s][info][gc,heap        ] GC(129) Old regions: 530->564
[367.546s][info][gc,heap        ] GC(129) Humongous regions: 77->77
[367.546s][info][gc,metaspace   ] GC(129) Metaspace: 28828K(29120K)->28828K(29120K) NonClass: 23945K(24064K)->23945K(24064K) Class: 4883K(5056K)->4883K(5056K)
[367.546s][info][gc             ] GC(129) Pause Young (Prepare Mixed) (G1 Evacuation Pause) 3667M->1509M(4096M) 125.183ms
[367.547s][info][gc,cpu         ] GC(129) User=0.74s Sys=0.00s Real=0.12s
.[368.964s][info][gc,start       ] GC(130) Pause Young (Mixed) (G1 Evacuation Pause)
[368.964s][info][gc,task        ] GC(130) Using 6 workers of 6 for evacuation
[369.098s][info][gc,phases      ] GC(130)   Pre Evacuate Collection Set: 0.43ms
[369.098s][info][gc,phases      ] GC(130)   Merge Heap Roots: 0.62ms
[369.098s][info][gc,phases      ] GC(130)   Evacuate Collection Set: 128.63ms
[369.098s][info][gc,phases      ] GC(130)   Merge Optional Heap Roots: 0.06ms
[369.098s][info][gc,phases      ] GC(130)   Evacuate Optional Collection Set: 1.85ms
[369.098s][info][gc,phases      ] GC(130)   Post Evacuate Collection Set: 1.11ms
[369.098s][info][gc,phases      ] GC(130)   Other: 0.86ms
[369.098s][info][gc,heap        ] GC(130) Eden regions: 1076->0(1111)
[369.098s][info][gc,heap        ] GC(130) Survivor regions: 114->117(149)
[369.098s][info][gc,heap        ] GC(130) Old regions: 564->499
[369.098s][info][gc,heap        ] GC(130) Humongous regions: 77->77
[369.098s][info][gc,metaspace   ] GC(130) Metaspace: 28829K(29120K)->28829K(29120K) NonClass: 23946K(24064K)->23946K(24064K) Class: 4883K(5056K)->4883K(5056K)
[369.098s][info][gc             ] GC(130) Pause Young (Mixed) (G1 Evacuation Pause) 3661M->1384M(4096M) 133.699ms
[369.098s][info][gc,cpu         ] GC(130) User=0.79s Sys=0.00s Real=0.13s
..[370.520s][info][gc,start       ] GC(131) Pause Young (Mixed) (G1 Evacuation Pause)
[370.520s][info][gc,task        ] GC(131) Using 6 workers of 6 for evacuation
[370.716s][info][gc,phases      ] GC(131)   Pre Evacuate Collection Set: 0.34ms
[370.716s][info][gc,phases      ] GC(131)   Merge Heap Roots: 0.67ms
[370.716s][info][gc,phases      ] GC(131)   Evacuate Collection Set: 193.26ms
[370.716s][info][gc,phases      ] GC(131)   Post Evacuate Collection Set: 0.96ms
[370.716s][info][gc,phases      ] GC(131)   Other: 0.08ms
[370.716s][info][gc,heap        ] GC(131) Eden regions: 1111->0(1104)
[370.716s][info][gc,heap        ] GC(131) Survivor regions: 117->124(154)
[370.716s][info][gc,heap        ] GC(131) Old regions: 499->500
[370.716s][info][gc,heap        ] GC(131) Humongous regions: 77->77
[370.716s][info][gc,metaspace   ] GC(131) Metaspace: 28829K(29120K)->28829K(29120K) NonClass: 23946K(24064K)->23946K(24064K) Class: 4883K(5056K)->4883K(5056K)
[370.716s][info][gc             ] GC(131) Pause Young (Mixed) (G1 Evacuation Pause) 3606M->1400M(4096M) 195.445ms
[370.716s][info][gc,cpu         ] GC(131) User=0.88s Sys=0.00s Real=0.20s
.[372.266s][info][gc,start       ] GC(132) Pause Young (Concurrent Start) (G1 Evacuation Pause)
[372.266s][info][gc,task        ] GC(132) Using 6 workers of 6 for evacuation
[372.389s][info][gc,phases      ] GC(132)   Pre Evacuate Collection Set: 0.35ms
[372.389s][info][gc,phases      ] GC(132)   Merge Heap Roots: 0.48ms
[372.389s][info][gc,phases      ] GC(132)   Evacuate Collection Set: 121.16ms
[372.389s][info][gc,phases      ] GC(132)   Post Evacuate Collection Set: 0.90ms
[372.389s][info][gc,phases      ] GC(132)   Other: 0.10ms
[372.389s][info][gc,heap        ] GC(132) Eden regions: 1104->0(1129)
[372.389s][info][gc,heap        ] GC(132) Survivor regions: 124->69(154)
[372.389s][info][gc,heap        ] GC(132) Old regions: 500->577
[372.389s][info][gc,heap        ] GC(132) Humongous regions: 77->77
[372.389s][info][gc,metaspace   ] GC(132) Metaspace: 28829K(29120K)->28829K(29120K) NonClass: 23946K(24064K)->23946K(24064K) Class: 4883K(5056K)->4883K(5056K)
[372.389s][info][gc             ] GC(132) Pause Young (Concurrent Start) (G1 Evacuation Pause) 3608M->1444M(4096M) 123.104ms
[372.389s][info][gc             ] GC(133) Concurrent Mark Cycle
[372.389s][info][gc,marking     ] GC(133) Concurrent Scan Root Regions
[372.389s][info][gc,cpu         ] GC(132) User=0.73s Sys=0.00s Real=0.12s
[372.511s][info][gc,marking     ] GC(133) Concurrent Scan Root Regions 122.172ms
[372.511s][info][gc,marking     ] GC(133) Concurrent Mark
[372.511s][info][gc,marking     ] GC(133) Concurrent Mark From Roots
[372.511s][info][gc,task        ] GC(133) Using 2 workers of 2 for marking
.[373.220s][info][gc,marking     ] GC(133) Concurrent Mark From Roots 708.970ms
[373.220s][info][gc,marking     ] GC(133) Concurrent Preclean
[373.220s][info][gc,marking     ] GC(133) Concurrent Preclean 0.051ms
[373.221s][info][gc,start       ] GC(133) Pause Remark
[373.225s][info][gc             ] GC(133) Pause Remark 2142M->2142M(4096M) 3.976ms
[373.225s][info][gc,cpu         ] GC(133) User=0.02s Sys=0.00s Real=0.00s
[373.225s][info][gc,marking     ] GC(133) Concurrent Mark 713.673ms
[373.225s][info][gc,marking     ] GC(133) Concurrent Rebuild Remembered Sets and Scrub Regions
[373.469s][info][gc,marking     ] GC(133) Concurrent Rebuild Remembered Sets and Scrub Regions 244.174ms
[373.470s][info][gc,start       ] GC(133) Pause Cleanup
[373.471s][info][gc             ] GC(133) Pause Cleanup 2335M->2335M(4096M) 0.155ms
[373.471s][info][gc,cpu         ] GC(133) User=0.00s Sys=0.00s Real=0.00s
[373.471s][info][gc,marking     ] GC(133) Concurrent Clear Claimed Marks
[373.471s][info][gc,marking     ] GC(133) Concurrent Clear Claimed Marks 0.029ms
[373.471s][info][gc,marking     ] GC(133) Concurrent Cleanup for Next Mark
[373.483s][info][gc,marking     ] GC(133) Concurrent Cleanup for Next Mark 11.934ms
[373.483s][info][gc             ] GC(133) Concurrent Mark Cycle 1093.432ms
.[374.372s][info][gc,start       ] GC(134) Pause Young (Prepare Mixed) (G1 Evacuation Pause)
[374.372s][info][gc,task        ] GC(134) Using 6 workers of 6 for evacuation
[374.480s][info][gc,phases      ] GC(134)   Pre Evacuate Collection Set: 0.40ms
[374.480s][info][gc,phases      ] GC(134)   Merge Heap Roots: 0.56ms
[374.480s][info][gc,phases      ] GC(134)   Evacuate Collection Set: 105.67ms
[374.480s][info][gc,phases      ] GC(134)   Post Evacuate Collection Set: 0.94ms
[374.480s][info][gc,phases      ] GC(134)   Other: 0.83ms
[374.480s][info][gc,heap        ] GC(134) Eden regions: 1129->0(1051)
[374.480s][info][gc,heap        ] GC(134) Survivor regions: 69->120(150)
[374.480s][info][gc,heap        ] GC(134) Old regions: 577->577
[374.480s][info][gc,heap        ] GC(134) Humongous regions: 77->77
[374.480s][info][gc,metaspace   ] GC(134) Metaspace: 28835K(29120K)->28835K(29120K) NonClass: 23952K(24064K)->23952K(24064K) Class: 4883K(5056K)->4883K(5056K)
[374.480s][info][gc             ] GC(134) Pause Young (Prepare Mixed) (G1 Evacuation Pause) 3702M->1547M(4096M) 108.531ms
[374.480s][info][gc,cpu         ] GC(134) User=0.64s Sys=0.00s Real=0.10s
.[375.963s][info][gc,start       ] GC(135) Pause Young (Mixed) (G1 Evacuation Pause)
[375.963s][info][gc,task        ] GC(135) Using 6 workers of 6 for evacuation
[376.091s][info][gc,phases      ] GC(135)   Pre Evacuate Collection Set: 0.38ms
[376.091s][info][gc,phases      ] GC(135)   Merge Heap Roots: 0.54ms
[376.091s][info][gc,phases      ] GC(135)   Evacuate Collection Set: 124.28ms
[376.091s][info][gc,phases      ] GC(135)   Merge Optional Heap Roots: 0.05ms
[376.091s][info][gc,phases      ] GC(135)   Evacuate Optional Collection Set: 1.37ms
[376.091s][info][gc,phases      ] GC(135)   Post Evacuate Collection Set: 1.03ms
[376.091s][info][gc,phases      ] GC(135)   Other: 0.10ms
[376.091s][info][gc,heap        ] GC(135) Eden regions: 1051->0(1130)
[376.091s][info][gc,heap        ] GC(135) Survivor regions: 120->67(147)
[376.091s][info][gc,heap        ] GC(135) Old regions: 577->577
[376.091s][info][gc,heap        ] GC(135) Humongous regions: 77->77
[376.091s][info][gc,metaspace   ] GC(135) Metaspace: 28835K(29120K)->28835K(29120K) NonClass: 23952K(24064K)->23952K(24064K) Class: 4883K(5056K)->4883K(5056K)
[376.091s][info][gc             ] GC(135) Pause Young (Mixed) (G1 Evacuation Pause) 3649M->1440M(4096M) 127.913ms
[376.091s][info][gc,cpu         ] GC(135) User=0.76s Sys=0.00s Real=0.13s
.[377.573s][info][gc,start       ] GC(136) Pause Young (Mixed) (G1 Evacuation Pause)
[377.573s][info][gc,task        ] GC(136) Using 6 workers of 6 for evacuation
[377.740s][info][gc,phases      ] GC(136)   Pre Evacuate Collection Set: 0.34ms
[377.740s][info][gc,phases      ] GC(136)   Merge Heap Roots: 0.71ms
[377.741s][info][gc,phases      ] GC(136)   Evacuate Collection Set: 165.30ms
[377.741s][info][gc,phases      ] GC(136)   Post Evacuate Collection Set: 0.86ms
[377.741s][info][gc,phases      ] GC(136)   Other: 0.08ms
[377.741s][info][gc,heap        ] GC(136) Eden regions: 1130->0(1103)
[377.741s][info][gc,heap        ] GC(136) Survivor regions: 67->119(150)
[377.741s][info][gc,heap        ] GC(136) Old regions: 577->527
[377.741s][info][gc,heap        ] GC(136) Humongous regions: 77->77
[377.741s][info][gc,metaspace   ] GC(136) Metaspace: 28835K(29120K)->28835K(29120K) NonClass: 23952K(24064K)->23952K(24064K) Class: 4883K(5056K)->4883K(5056K)
[377.741s][info][gc             ] GC(136) Pause Young (Mixed) (G1 Evacuation Pause) 3700M->1444M(4096M) 167.419ms
[377.741s][info][gc,cpu         ] GC(136) User=0.71s Sys=0.00s Real=0.16s
..[379.212s][info][gc,start       ] GC(137) Pause Young (Concurrent Start) (G1 Evacuation Pause)
[379.212s][info][gc,task        ] GC(137) Using 6 workers of 6 for evacuation
[379.343s][info][gc,phases      ] GC(137)   Pre Evacuate Collection Set: 0.36ms
[379.343s][info][gc,phases      ] GC(137)   Merge Heap Roots: 0.50ms
[379.343s][info][gc,phases      ] GC(137)   Evacuate Collection Set: 129.25ms
[379.343s][info][gc,phases      ] GC(137)   Post Evacuate Collection Set: 0.86ms
[379.343s][info][gc,phases      ] GC(137)   Other: 0.11ms
[379.343s][info][gc,heap        ] GC(137) Eden regions: 1103->0(1090)
[379.343s][info][gc,heap        ] GC(137) Survivor regions: 119->80(153)
[379.343s][info][gc,heap        ] GC(137) Old regions: 527->602
[379.343s][info][gc,heap        ] GC(137) Humongous regions: 77->77
[379.343s][info][gc,metaspace   ] GC(137) Metaspace: 28835K(29120K)->28835K(29120K) NonClass: 23952K(24064K)->23952K(24064K) Class: 4883K(5056K)->4883K(5056K)
[379.343s][info][gc             ] GC(137) Pause Young (Concurrent Start) (G1 Evacuation Pause) 3650M->1515M(4096M) 131.231ms
[379.343s][info][gc             ] GC(138) Concurrent Mark Cycle
[379.343s][info][gc,marking     ] GC(138) Concurrent Scan Root Regions
[379.343s][info][gc,cpu         ] GC(137) User=0.78s Sys=0.00s Real=0.13s
[379.484s][info][gc,marking     ] GC(138) Concurrent Scan Root Regions 140.984ms
[379.484s][info][gc,marking     ] GC(138) Concurrent Mark
[379.484s][info][gc,marking     ] GC(138) Concurrent Mark From Roots
[379.484s][info][gc,task        ] GC(138) Using 2 workers of 2 for marking
.[380.804s][info][gc,marking     ] GC(138) Concurrent Mark From Roots 1319.933ms
[380.804s][info][gc,marking     ] GC(138) Concurrent Preclean
[380.804s][info][gc,marking     ] GC(138) Concurrent Preclean 0.051ms
[380.806s][info][gc,start       ] GC(138) Pause Remark
[380.811s][info][gc             ] GC(138) Pause Remark 3133M->3133M(4096M) 4.489ms
[380.811s][info][gc,cpu         ] GC(138) User=0.02s Sys=0.00s Real=0.01s
[380.811s][info][gc,marking     ] GC(138) Concurrent Mark 1327.001ms
[380.811s][info][gc,marking     ] GC(138) Concurrent Rebuild Remembered Sets and Scrub Regions
[381.285s][info][gc,start       ] GC(139) Pause Young (Normal) (G1 Evacuation Pause)
[381.285s][info][gc,task        ] GC(139) Using 6 workers of 6 for evacuation
[381.400s][info][gc,phases      ] GC(139)   Pre Evacuate Collection Set: 0.31ms
[381.400s][info][gc,phases      ] GC(139)   Merge Heap Roots: 0.52ms
[381.400s][info][gc,phases      ] GC(139)   Evacuate Collection Set: 113.30ms
[381.400s][info][gc,phases      ] GC(139)   Post Evacuate Collection Set: 0.94ms
[381.400s][info][gc,phases      ] GC(139)   Other: 0.09ms
[381.400s][info][gc,heap        ] GC(139) Eden regions: 1090->0(1046)
[381.400s][info][gc,heap        ] GC(139) Survivor regions: 80->81(147)
[381.400s][info][gc,heap        ] GC(139) Old regions: 602->647
[381.400s][info][gc,heap        ] GC(139) Humongous regions: 77->77
[381.400s][info][gc,metaspace   ] GC(139) Metaspace: 28835K(29120K)->28835K(29120K) NonClass: 23952K(24064K)->23952K(24064K) Class: 4883K(5056K)->4883K(5056K)
[381.400s][info][gc             ] GC(139) Pause Young (Normal) (G1 Evacuation Pause) 3695M->1608M(4096M) 115.293ms
[381.400s][info][gc,cpu         ] GC(139) User=0.69s Sys=0.00s Real=0.11s
.[381.609s][info][gc,marking     ] GC(138) Concurrent Rebuild Remembered Sets and Scrub Regions 797.699ms
[381.611s][info][gc,start       ] GC(138) Pause Cleanup
[381.611s][info][gc             ] GC(138) Pause Cleanup 1872M->1872M(4096M) 0.192ms
[381.611s][info][gc,cpu         ] GC(138) User=0.00s Sys=0.00s Real=0.01s
[381.611s][info][gc,marking     ] GC(138) Concurrent Clear Claimed Marks
[381.611s][info][gc,marking     ] GC(138) Concurrent Clear Claimed Marks 0.028ms
[381.611s][info][gc,marking     ] GC(138) Concurrent Cleanup for Next Mark
[381.684s][info][gc,marking     ] GC(138) Concurrent Cleanup for Next Mark 72.599ms
[381.684s][info][gc             ] GC(138) Concurrent Mark Cycle 2340.608ms
.[382.880s][info][gc,start       ] GC(140) Pause Young (Prepare Mixed) (G1 Evacuation Pause)
[382.880s][info][gc,task        ] GC(140) Using 6 workers of 6 for evacuation
[382.981s][info][gc,phases      ] GC(140)   Pre Evacuate Collection Set: 0.31ms
[382.981s][info][gc,phases      ] GC(140)   Merge Heap Roots: 0.50ms
[382.981s][info][gc,phases      ] GC(140)   Evacuate Collection Set: 99.01ms
[382.981s][info][gc,phases      ] GC(140)   Post Evacuate Collection Set: 0.93ms
[382.981s][info][gc,phases      ] GC(140)   Other: 0.08ms
[382.981s][info][gc,heap        ] GC(140) Eden regions: 1046->0(1019)
[382.981s][info][gc,heap        ] GC(140) Survivor regions: 81->69(141)
[382.981s][info][gc,heap        ] GC(140) Old regions: 647->694
[382.981s][info][gc,heap        ] GC(140) Humongous regions: 77->77
[382.981s][info][gc,metaspace   ] GC(140) Metaspace: 28835K(29120K)->28835K(29120K) NonClass: 23952K(24064K)->23952K(24064K) Class: 4883K(5056K)->4883K(5056K)
[382.981s][info][gc             ] GC(140) Pause Young (Prepare Mixed) (G1 Evacuation Pause) 3700M->1678M(4096M) 100.961ms
[382.981s][info][gc,cpu         ] GC(140) User=0.60s Sys=0.00s Real=0.11s
.[384.333s][info][gc,start       ] GC(141) Pause Young (Mixed) (G1 Evacuation Pause)
[384.333s][info][gc,task        ] GC(141) Using 6 workers of 6 for evacuation
[384.448s][info][gc,phases      ] GC(141)   Pre Evacuate Collection Set: 0.38ms
[384.448s][info][gc,phases      ] GC(141)   Merge Heap Roots: 0.68ms
[384.448s][info][gc,phases      ] GC(141)   Evacuate Collection Set: 108.38ms
[384.448s][info][gc,phases      ] GC(141)   Merge Optional Heap Roots: 0.09ms
[384.448s][info][gc,phases      ] GC(141)   Evacuate Optional Collection Set: 3.86ms
[384.448s][info][gc,phases      ] GC(141)   Post Evacuate Collection Set: 1.06ms
[384.448s][info][gc,phases      ] GC(141)   Other: 0.11ms
[384.448s][info][gc,heap        ] GC(141) Eden regions: 1019->0(1098)
[384.448s][info][gc,heap        ] GC(141) Survivor regions: 69->111(136)
[384.448s][info][gc,heap        ] GC(141) Old regions: 694->548
[384.448s][info][gc,heap        ] GC(141) Humongous regions: 77->77
[384.448s][info][gc,metaspace   ] GC(141) Metaspace: 28838K(29120K)->28838K(29120K) NonClass: 23954K(24064K)->23954K(24064K) Class: 4883K(5056K)->4883K(5056K)
[384.448s][info][gc             ] GC(141) Pause Young (Mixed) (G1 Evacuation Pause) 3716M->1471M(4096M) 114.689ms
[384.448s][info][gc,cpu         ] GC(141) User=0.68s Sys=0.00s Real=0.11s
.[385.904s][info][gc,start       ] GC(142) Pause Young (Mixed) (G1 Evacuation Pause)
[385.904s][info][gc,task        ] GC(142) Using 6 workers of 6 for evacuation
[386.053s][info][gc,phases      ] GC(142)   Pre Evacuate Collection Set: 0.31ms
[386.053s][info][gc,phases      ] GC(142)   Merge Heap Roots: 0.82ms
[386.053s][info][gc,phases      ] GC(142)   Evacuate Collection Set: 146.53ms
[386.053s][info][gc,phases      ] GC(142)   Post Evacuate Collection Set: 0.89ms
[386.053s][info][gc,phases      ] GC(142)   Other: 0.08ms
[386.053s][info][gc,heap        ] GC(142) Eden regions: 1098->0(1058)
[386.053s][info][gc,heap        ] GC(142) Survivor regions: 111->121(152)
[386.053s][info][gc,heap        ] GC(142) Old regions: 548->568
[386.053s][info][gc,heap        ] GC(142) Humongous regions: 77->77
[386.053s][info][gc,metaspace   ] GC(142) Metaspace: 28838K(29120K)->28838K(29120K) NonClass: 23954K(24064K)->23954K(24064K) Class: 4883K(5056K)->4883K(5056K)
[386.053s][info][gc             ] GC(142) Pause Young (Mixed) (G1 Evacuation Pause) 3667M->1531M(4096M) 148.770ms
[386.053s][info][gc,cpu         ] GC(142) User=0.89s Sys=0.00s Real=0.15s
.[387.390s][info][gc,start       ] GC(143) Pause Young (Concurrent Start) (G1 Evacuation Pause)
[387.390s][info][gc,task        ] GC(143) Using 6 workers of 6 for evacuation
[387.510s][info][gc,phases      ] GC(143)   Pre Evacuate Collection Set: 0.36ms
[387.510s][info][gc,phases      ] GC(143)   Merge Heap Roots: 0.48ms
[387.510s][info][gc,phases      ] GC(143)   Evacuate Collection Set: 118.85ms
[387.510s][info][gc,phases      ] GC(143)   Post Evacuate Collection Set: 0.84ms
[387.510s][info][gc,phases      ] GC(143)   Other: 0.10ms
[387.510s][info][gc,heap        ] GC(143) Eden regions: 1058->0(1065)
[387.510s][info][gc,heap        ] GC(143) Survivor regions: 121->72(148)
[387.510s][info][gc,heap        ] GC(143) Old regions: 568->642
[387.510s][info][gc,heap        ] GC(143) Humongous regions: 77->77
[387.510s][info][gc,metaspace   ] GC(143) Metaspace: 28838K(29120K)->28838K(29120K) NonClass: 23954K(24064K)->23954K(24064K) Class: 4883K(5056K)->4883K(5056K)
[387.510s][info][gc             ] GC(143) Pause Young (Concurrent Start) (G1 Evacuation Pause) 3647M->1580M(4096M) 120.773ms
[387.510s][info][gc             ] GC(144) Concurrent Mark Cycle
[387.511s][info][gc,marking     ] GC(144) Concurrent Scan Root Regions
[387.511s][info][gc,cpu         ] GC(143) User=0.71s Sys=0.00s Real=0.12s
[387.699s][info][gc,marking     ] GC(144) Concurrent Scan Root Regions 188.125ms
[387.699s][info][gc,marking     ] GC(144) Concurrent Mark
[387.699s][info][gc,marking     ] GC(144) Concurrent Mark From Roots
[387.699s][info][gc,task        ] GC(144) Using 2 workers of 2 for marking
[388.393s][info][gc,marking     ] GC(144) Concurrent Mark From Roots 694.601ms
[388.393s][info][gc,marking     ] GC(144) Concurrent Preclean
[388.393s][info][gc,marking     ] GC(144) Concurrent Preclean 0.052ms
[388.396s][info][gc,start       ] GC(144) Pause Remark
[388.400s][info][gc             ] GC(144) Pause Remark 2254M->2254M(4096M) 4.008ms
[388.400s][info][gc,cpu         ] GC(144) User=0.02s Sys=0.00s Real=0.00s
[388.402s][info][gc,marking     ] GC(144) Concurrent Mark 702.867ms
[388.402s][info][gc,marking     ] GC(144) Concurrent Rebuild Remembered Sets and Scrub Regions
?.[388.743s][info][gc,marking     ] GC(144) Concurrent Rebuild Remembered Sets and Scrub Regions 341.661ms
[388.743s][info][gc,start       ] GC(144) Pause Cleanup
[388.744s][info][gc             ] GC(144) Pause Cleanup 2625M->2625M(4096M) 0.195ms
[388.744s][info][gc,cpu         ] GC(144) User=0.00s Sys=0.00s Real=0.00s
[388.744s][info][gc,marking     ] GC(144) Concurrent Clear Claimed Marks
[388.744s][info][gc,marking     ] GC(144) Concurrent Clear Claimed Marks 0.032ms
[388.744s][info][gc,marking     ] GC(144) Concurrent Cleanup for Next Mark
[388.753s][info][gc,marking     ] GC(144) Concurrent Cleanup for Next Mark 9.593ms
[388.753s][info][gc             ] GC(144) Concurrent Mark Cycle 1242.989ms
[389.391s][info][gc,start       ] GC(145) Pause Young (Prepare Mixed) (G1 Evacuation Pause)
[389.391s][info][gc,task        ] GC(145) Using 6 workers of 6 for evacuation
[389.494s][info][gc,phases      ] GC(145)   Pre Evacuate Collection Set: 0.32ms
[389.494s][info][gc,phases      ] GC(145)   Merge Heap Roots: 0.48ms
[389.494s][info][gc,phases      ] GC(145)   Evacuate Collection Set: 101.99ms
[389.494s][info][gc,phases      ] GC(145)   Post Evacuate Collection Set: 0.90ms
[389.494s][info][gc,phases      ] GC(145)   Other: 0.09ms
[389.494s][info][gc,heap        ] GC(145) Eden regions: 1065->0(990)
[389.494s][info][gc,heap        ] GC(145) Survivor regions: 72->118(143)
[389.494s][info][gc,heap        ] GC(145) Old regions: 642->642
[389.494s][info][gc,heap        ] GC(145) Humongous regions: 77->77
[389.494s][info][gc,metaspace   ] GC(145) Metaspace: 28838K(29120K)->28838K(29120K) NonClass: 23954K(24064K)->23954K(24064K) Class: 4883K(5056K)->4883K(5056K)
[389.494s][info][gc             ] GC(145) Pause Young (Prepare Mixed) (G1 Evacuation Pause) 3710M->1671M(4096M) 103.904ms
[389.494s][info][gc,cpu         ] GC(145) User=0.62s Sys=0.00s Real=0.11s
. (rIR:aIR:PR = 11548:11158:10882) (tPR = 162357) [PR is under limit] 
   389s: Re-initializing (term[390.906s][info][gc,start       ] GC(146) Pause Young (Mixed) (G1 Evacuation Pause)
[390.906s][info][gc,task        ] GC(146) Using 6 workers of 6 for evacuation
[391.053s][info][gc,phases      ] GC(146)   Pre Evacuate Collection Set: 0.37ms
[391.053s][info][gc,phases      ] GC(146)   Merge Heap Roots: 0.52ms
[391.053s][info][gc,phases      ] GC(146)   Evacuate Collection Set: 141.99ms
[391.053s][info][gc,phases      ] GC(146)   Merge Optional Heap Roots: 0.07ms
[391.053s][info][gc,phases      ] GC(146)   Evacuate Optional Collection Set: 3.07ms
[391.053s][info][gc,phases      ] GC(146)   Post Evacuate Collection Set: 1.03ms
[391.053s][info][gc,phases      ] GC(146)   Other: 0.11ms
[391.053s][info][gc,heap        ] GC(146) Eden regions: 990->0(1133)
[391.053s][info][gc,heap        ] GC(146) Survivor regions: 118->75(139)
[391.053s][info][gc,heap        ] GC(146) Old regions: 642->557
[391.053s][info][gc,heap        ] GC(146) Humongous regions: 77->77
[391.053s][info][gc,metaspace   ] GC(146) Metaspace: 28839K(29120K)->28839K(29120K) NonClass: 23955K(24064K)->23955K(24064K) Class: 4883K(5056K)->4883K(5056K)
[391.053s][info][gc             ] GC(146) Pause Young (Mixed) (G1 Evacuation Pause) 3651M->1416M(4096M) 147.304ms
[391.053s][info][gc,cpu         ] GC(146) User=0.87s Sys=0.01s Real=0.15s
) [391.170s][info][gc,start       ] GC(147) Pause Full (System.gc())
[391.170s][info][gc,task        ] GC(147) Using 6 workers of 6 for full compaction
[391.171s][info][gc,phases,start] GC(147) Phase 1: Mark live objects
[391.185s][info][gc,phases      ] GC(147) Phase 1: Mark live objects 14.548ms
[391.185s][info][gc,phases,start] GC(147) Phase 2: Prepare compaction
[391.187s][info][gc,phases      ] GC(147) Phase 2: Prepare compaction 1.758ms
[391.187s][info][gc,phases,start] GC(147) Phase 3: Adjust pointers
[391.193s][info][gc,phases      ] GC(147) Phase 3: Adjust pointers 5.970ms
[391.193s][info][gc,phases,start] GC(147) Phase 4: Compact heap
[391.195s][info][gc,phases      ] GC(147) Phase 4: Compact heap 1.719ms
[391.195s][info][gc,phases,start] GC(147) Phase 5: Reset Metadata
[391.199s][info][gc,phases      ] GC(147) Phase 5: Reset Metadata 4.425ms
[391.205s][info][gc,heap        ] GC(147) Eden regions: 74->0(1228)
[391.205s][info][gc,heap        ] GC(147) Survivor regions: 75->0(139)
[391.205s][info][gc,heap        ] GC(147) Old regions: 557->36
[391.205s][info][gc,heap        ] GC(147) Humongous regions: 77->66
[391.205s][info][gc,metaspace   ] GC(147) Metaspace: 28840K(29120K)->28840K(29120K) NonClass: 23956K(24064K)->23956K(24064K) Class: 4883K(5056K)->4883K(5056K)
[391.205s][info][gc             ] GC(147) Pause Full (System.gc()) 1562M->194M(4096M) 35.111ms
[391.205s][info][gc,cpu         ] GC(147) User=0.19s Sys=0.00s Real=0.04s
(init[391.443s][info][gc,start       ] GC(148) Pause Young (Concurrent Start) (G1 Humongous Allocation)
[391.443s][info][gc,task        ] GC(148) Using 6 workers of 6 for evacuation
[391.457s][info][gc,phases      ] GC(148)   Pre Evacuate Collection Set: 0.34ms
[391.457s][info][gc,phases      ] GC(148)   Merge Heap Roots: 0.04ms
[391.457s][info][gc,phases      ] GC(148)   Evacuate Collection Set: 13.00ms
[391.457s][info][gc,phases      ] GC(148)   Post Evacuate Collection Set: 0.24ms
[391.457s][info][gc,phases      ] GC(148)   Other: 0.08ms
[391.457s][info][gc,heap        ] GC(148) Eden regions: 45->0(1214)
[391.457s][info][gc,heap        ] GC(148) Survivor regions: 0->14(154)
[391.457s][info][gc,heap        ] GC(148) Old regions: 36->36
[391.457s][info][gc,heap        ] GC(148) Humongous regions: 66->66
[391.457s][info][gc,metaspace   ] GC(148) Metaspace: 28842K(29120K)->28842K(29120K) NonClass: 23958K(24064K)->23958K(24064K) Class: 4883K(5056K)->4883K(5056K)
[391.457s][info][gc             ] GC(148) Pause Young (Concurrent Start) (G1 Humongous Allocation) 284M->221M(4096M) 13.821ms
[391.457s][info][gc             ] GC(149) Concurrent Mark Cycle
[391.457s][info][gc,cpu         ] GC(148) User=0.07s Sys=0.01s Real=0.01s
[391.457s][info][gc,marking     ] GC(149) Concurrent Scan Root Regions
[391.464s][info][gc,marking     ] GC(149) Concurrent Scan Root Regions 6.815ms
[391.464s][info][gc,marking     ] GC(149) Concurrent Mark
[391.464s][info][gc,marking     ] GC(149) Concurrent Mark From Roots
[391.464s][info][gc,task        ] GC(149) Using 2 workers of 2 for marking
[391.502s][info][gc,marking     ] GC(149) Concurrent Mark From Roots 38.262ms
[391.502s][info][gc,marking     ] GC(149) Concurrent Preclean
[391.502s][info][gc,marking     ] GC(149) Concurrent Preclean 0.090ms
[391.503s][info][gc,start       ] GC(149) Pause Remark
[391.504s][info][gc             ] GC(149) Pause Remark 307M->307M(4096M) 1.776ms
[391.504s][info][gc,cpu         ] GC(149) User=0.01s Sys=0.00s Real=0.00s
[391.504s][info][gc,marking     ] GC(149) Concurrent Mark 40.283ms
[391.504s][info][gc,marking     ] GC(149) Concurrent Rebuild Remembered Sets and Scrub Regions
[391.527s][info][gc,marking     ] GC(149) Concurrent Rebuild Remembered Sets and Scrub Regions 22.396ms
[391.527s][info][gc,start       ] GC(149) Pause Cleanup
[391.527s][info][gc             ] GC(149) Pause Cleanup 359M->359M(4096M) 0.085ms
[391.527s][info][gc,cpu         ] GC(149) User=0.00s Sys=0.00s Real=0.00s
[391.527s][info][gc,marking     ] GC(149) Concurrent Clear Claimed Marks
[391.527s][info][gc,marking     ] GC(149) Concurrent Clear Claimed Marks 0.032ms
[391.527s][info][gc,marking     ] GC(149) Concurrent Cleanup for Next Mark
[391.532s][info][gc,marking     ] GC(149) Concurrent Cleanup for Next Mark 4.574ms
[391.532s][info][gc             ] GC(149) Concurrent Mark Cycle 74.486ms
) ... OK
   395s: high-bound for max-jOPS is measured to be 13837
   395s: 
   395s: Restarting (term) [395.519s][info][gc,start       ] GC(150) Pause Full (System.gc())
[395.519s][info][gc,task        ] GC(150) Using 6 workers of 6 for full compaction
[395.520s][info][gc,phases,start] GC(150) Phase 1: Mark live objects
[395.535s][info][gc,phases      ] GC(150) Phase 1: Mark live objects 15.114ms
[395.535s][info][gc,phases,start] GC(150) Phase 2: Prepare compaction
[395.537s][info][gc,phases      ] GC(150) Phase 2: Prepare compaction 2.078ms
[395.537s][info][gc,phases,start] GC(150) Phase 3: Adjust pointers
[395.543s][info][gc,phases      ] GC(150) Phase 3: Adjust pointers 6.625ms
[395.544s][info][gc,phases,start] GC(150) Phase 4: Compact heap
[395.545s][info][gc,phases      ] GC(150) Phase 4: Compact heap 1.959ms
[395.545s][info][gc,phases,start] GC(150) Phase 5: Reset Metadata
[395.550s][info][gc,phases      ] GC(150) Phase 5: Reset Metadata 4.433ms
[395.556s][info][gc,heap        ] GC(150) Eden regions: 914->0(1228)
[395.556s][info][gc,heap        ] GC(150) Survivor regions: 14->0(154)
[395.556s][info][gc,heap        ] GC(150) Old regions: 36->36
[395.556s][info][gc,heap        ] GC(150) Humongous regions: 163->66
[395.556s][info][gc,metaspace   ] GC(150) Metaspace: 28850K(29184K)->28850K(29184K) NonClass: 23967K(24128K)->23967K(24128K) Class: 4883K(5056K)->4883K(5056K)
[395.556s][info][gc             ] GC(150) Pause Full (System.gc()) 2241M->194M(4096M) 37.030ms
[395.556s][info][gc,cpu         ] GC(150) User=0.19s Sys=0.00s Real=0.04s
(init[395.794s][info][gc,start       ] GC(151) Pause Young (Concurrent Start) (G1 Humongous Allocation)
[395.794s][info][gc,task        ] GC(151) Using 6 workers of 6 for evacuation
[395.803s][info][gc,phases      ] GC(151)   Pre Evacuate Collection Set: 0.34ms
[395.803s][info][gc,phases      ] GC(151)   Merge Heap Roots: 0.03ms
[395.803s][info][gc,phases      ] GC(151)   Evacuate Collection Set: 7.89ms
[395.803s][info][gc,phases      ] GC(151)   Post Evacuate Collection Set: 0.24ms
[395.803s][info][gc,phases      ] GC(151)   Other: 0.09ms
[395.803s][info][gc,heap        ] GC(151) Eden regions: 33->0(1219)
[395.803s][info][gc,heap        ] GC(151) Survivor regions: 0->9(154)
[395.803s][info][gc,heap        ] GC(151) Old regions: 36->36
[395.803s][info][gc,heap        ] GC(151) Humongous regions: 66->66
[395.803s][info][gc,metaspace   ] GC(151) Metaspace: 28851K(29184K)->28851K(29184K) NonClass: 23967K(24128K)->23967K(24128K) Class: 4883K(5056K)->4883K(5056K)
[395.803s][info][gc             ] GC(151) Pause Young (Concurrent Start) (G1 Humongous Allocation) 259M->212M(4096M) 8.723ms
[395.803s][info][gc             ] GC(152) Concurrent Mark Cycle
[395.803s][info][gc,cpu         ] GC(151) User=0.05s Sys=0.00s Real=0.01s
[395.803s][info][gc,marking     ] GC(152) Concurrent Scan Root Regions
[395.807s][info][gc,marking     ] GC(152) Concurrent Scan Root Regions 4.466ms
[395.807s][info][gc,marking     ] GC(152) Concurrent Mark
[395.807s][info][gc,marking     ] GC(152) Concurrent Mark From Roots
[395.807s][info][gc,task        ] GC(152) Using 2 workers of 2 for marking
[395.854s][info][gc,marking     ] GC(152) Concurrent Mark From Roots 46.995ms
[395.854s][info][gc,marking     ] GC(152) Concurrent Preclean
[395.854s][info][gc,marking     ] GC(152) Concurrent Preclean 0.127ms
[395.855s][info][gc,start       ] GC(152) Pause Remark
[395.856s][info][gc             ] GC(152) Pause Remark 328M->328M(4096M) 1.661ms
[395.856s][info][gc,cpu         ] GC(152) User=0.01s Sys=0.00s Real=0.00s
[395.856s][info][gc,marking     ] GC(152) Concurrent Mark 48.988ms
[395.856s][info][gc,marking     ] GC(152) Concurrent Rebuild Remembered Sets and Scrub Regions
[395.879s][info][gc,marking     ] GC(152) Concurrent Rebuild Remembered Sets and Scrub Regions 23.138ms
[395.880s][info][gc,start       ] GC(152) Pause Cleanup
[395.880s][info][gc             ] GC(152) Pause Cleanup 381M->381M(4096M) 0.068ms
[395.880s][info][gc,cpu         ] GC(152) User=0.00s Sys=0.00s Real=0.00s
[395.880s][info][gc,marking     ] GC(152) Concurrent Clear Claimed Marks
[395.880s][info][gc,marking     ] GC(152) Concurrent Clear Claimed Marks 0.032ms
[395.880s][info][gc,marking     ] GC(152) Concurrent Cleanup for Next Mark
[395.884s][info][gc,marking     ] GC(152) Concurrent Cleanup for Next Mark 4.597ms
[395.884s][info][gc             ] GC(152) Concurrent Mark Cycle 81.545ms
) ... OK
   399s: 
   399s: Warmup for building throughput-responsetime curve
   399s: (10%)   IR =   1384 ..[402.662s][info][gc,start       ] GC(153) Pause Young (Prepare Mixed) (G1 Evacuation Pause)
[402.662s][info][gc,task        ] GC(153) Using 6 workers of 6 for evacuation
[403.144s][info][gc,mmu         ] GC(153) MMU target violated: 201.0ms (200.0ms/201.0ms)
[403.144s][info][gc,phases      ] GC(153)   Pre Evacuate Collection Set: 0.31ms
[403.144s][info][gc,phases      ] GC(153)   Merge Heap Roots: 0.53ms
[403.144s][info][gc,phases      ] GC(153)   Evacuate Collection Set: 479.12ms
[403.144s][info][gc,phases      ] GC(153)   Post Evacuate Collection Set: 1.26ms
[403.144s][info][gc,phases      ] GC(153)   Other: 0.12ms
[403.144s][info][gc,heap        ] GC(153) Eden regions: 1219->0(402)
[403.144s][info][gc,heap        ] GC(153) Survivor regions: 9->154(154)
[403.144s][info][gc,heap        ] GC(153) Old regions: 36->347
[403.144s][info][gc,heap        ] GC(153) Humongous regions: 163->155
[403.144s][info][gc,metaspace   ] GC(153) Metaspace: 28862K(29184K)->28862K(29184K) NonClass: 23979K(24128K)->23979K(24128K) Class: 4883K(5056K)->4883K(5056K)
[403.144s][info][gc             ] GC(153) Pause Young (Prepare Mixed) (G1 Evacuation Pause) 2844M->1302M(4096M) 481.446ms
[403.144s][info][gc,cpu         ] GC(153) User=2.87s Sys=0.00s Real=0.48s
....[406.319s][info][gc,start       ] GC(154) Pause Young (Mixed) (G1 Evacuation Pause)
[406.319s][info][gc,task        ] GC(154) Using 6 workers of 6 for evacuation
[406.505s][info][gc,phases      ] GC(154)   Pre Evacuate Collection Set: 0.34ms
[406.505s][info][gc,phases      ] GC(154)   Merge Heap Roots: 0.51ms
[406.505s][info][gc,phases      ] GC(154)   Evacuate Collection Set: 184.63ms
[406.505s][info][gc,phases      ] GC(154)   Post Evacuate Collection Set: 0.53ms
[406.505s][info][gc,phases      ] GC(154)   Other: 0.06ms
[406.505s][info][gc,heap        ] GC(154) Eden regions: 395->0(637)
[406.505s][info][gc,heap        ] GC(154) Survivor regions: 154->24(69)
[406.505s][info][gc,heap        ] GC(154) Old regions: 347->499
[406.505s][info][gc,heap        ] GC(154) Humongous regions: 155->155
[406.505s][info][gc,metaspace   ] GC(154) Metaspace: 28862K(29184K)->28862K(29184K) NonClass: 23979K(24128K)->23979K(24128K) Class: 4883K(5056K)->4883K(5056K)
[406.505s][info][gc             ] GC(154) Pause Young (Mixed) (G1 Evacuation Pause) 2092M->1347M(4096M) 186.196ms
[406.505s][info][gc,cpu         ] GC(154) User=1.11s Sys=0.00s Real=0.19s
.....[411.808s][info][gc,start       ] GC(155) Pause Young (Concurrent Start) (G1 Evacuation Pause)
[411.808s][info][gc,task        ] GC(155) Using 6 workers of 6 for evacuation
[411.865s][info][gc,phases      ] GC(155)   Pre Evacuate Collection Set: 0.37ms
[411.865s][info][gc,phases      ] GC(155)   Merge Heap Roots: 0.41ms
[411.865s][info][gc,phases      ] GC(155)   Evacuate Collection Set: 55.35ms
[411.865s][info][gc,phases      ] GC(155)   Post Evacuate Collection Set: 0.66ms
[411.865s][info][gc,phases      ] GC(155)   Other: 0.08ms
[411.865s][info][gc,heap        ] GC(155) Eden regions: 663->0(677)
[411.865s][info][gc,heap        ] GC(155) Survivor regions: 24->57(86)
[411.865s][info][gc,heap        ] GC(155) Old regions: 499->499
[411.865s][info][gc,heap        ] GC(155) Humongous regions: 155->155
[411.865s][info][gc,metaspace   ] GC(155) Metaspace: 28863K(29184K)->28863K(29184K) NonClass: 23980K(24128K)->23980K(24128K) Class: 4883K(5056K)->4883K(5056K)
[411.865s][info][gc             ] GC(155) Pause Young (Concurrent Start) (G1 Evacuation Pause) 2673M->1412M(4096M) 56.997ms
[411.865s][info][gc             ] GC(156) Concurrent Mark Cycle
[411.865s][info][gc,marking     ] GC(156) Concurrent Scan Root Regions
[411.865s][info][gc,cpu         ] GC(155) User=0.33s Sys=0.00s Real=0.06s
[411.928s][info][gc,marking     ] GC(156) Concurrent Scan Root Regions 63.610ms
[411.929s][info][gc,marking     ] GC(156) Concurrent Mark
[411.929s][info][gc,marking     ] GC(156) Concurrent Mark From Roots
[411.929s][info][gc,task        ] GC(156) Using 2 workers of 2 for marking
.[412.503s][info][gc,marking     ] GC(156) Concurrent Mark From Roots 574.465ms
[412.503s][info][gc,marking     ] GC(156) Concurrent Preclean
[412.503s][info][gc,marking     ] GC(156) Concurrent Preclean 0.050ms
[412.503s][info][gc,start       ] GC(156) Pause Remark
[412.507s][info][gc             ] GC(156) Pause Remark 1574M->1364M(4096M) 3.556ms
[412.507s][info][gc,cpu         ] GC(156) User=0.02s Sys=0.00s Real=0.00s
[412.507s][info][gc,marking     ] GC(156) Concurrent Mark 578.339ms
[412.507s][info][gc,marking     ] GC(156) Concurrent Rebuild Remembered Sets and Scrub Regions
[412.708s][info][gc,marking     ] GC(156) Concurrent Rebuild Remembered Sets and Scrub Regions 200.962ms
[412.708s][info][gc,start       ] GC(156) Pause Cleanup
[412.708s][info][gc             ] GC(156) Pause Cleanup 1405M->1405M(4096M) 0.092ms
[412.708s][info][gc,cpu         ] GC(156) User=0.00s Sys=0.00s Real=0.00s
[412.708s][info][gc,marking     ] GC(156) Concurrent Clear Claimed Marks
[412.708s][info][gc,marking     ] GC(156) Concurrent Clear Claimed Marks 0.026ms
[412.708s][info][gc,marking     ] GC(156) Concurrent Cleanup for Next Mark
[412.712s][info][gc,marking     ] GC(156) Concurrent Cleanup for Next Mark 4.325ms
[412.713s][info][gc             ] GC(156) Concurrent Mark Cycle 847.651ms
.....[417.548s][info][gc,start       ] GC(157) Pause Young (Prepare Mixed) (G1 Evacuation Pause)
[417.548s][info][gc,task        ] GC(157) Using 6 workers of 6 for evacuation
[417.623s][info][gc,phases      ] GC(157)   Pre Evacuate Collection Set: 0.34ms
[417.623s][info][gc,phases      ] GC(157)   Merge Heap Roots: 0.51ms
[417.623s][info][gc,phases      ] GC(157)   Evacuate Collection Set: 73.64ms
[417.623s][info][gc,phases      ] GC(157)   Post Evacuate Collection Set: 0.69ms
[417.623s][info][gc,phases      ] GC(157)   Other: 0.07ms
[417.623s][info][gc,heap        ] GC(157) Eden regions: 665->0(832)
[417.623s][info][gc,heap        ] GC(157) Survivor regions: 57->66(91)
[417.623s][info][gc,heap        ] GC(157) Old regions: 474->492
[417.623s][info][gc,heap        ] GC(157) Humongous regions: 75->75
[417.623s][info][gc,metaspace   ] GC(157) Metaspace: 28863K(29184K)->28863K(29184K) NonClass: 23980K(24128K)->23980K(24128K) Class: 4883K(5056K)->4883K(5056K)
[417.623s][info][gc             ] GC(157) Pause Young (Prepare Mixed) (G1 Evacuation Pause) 2532M->1257M(4096M) 75.387ms
[417.623s][info][gc,cpu         ] GC(157) User=0.44s Sys=0.00s Real=0.08s
........[425.696s][info][gc,start       ] GC(158) Pause Young (Mixed) (G1 Evacuation Pause)
[425.696s][info][gc,task        ] GC(158) Using 6 workers of 6 for evacuation
[425.785s][info][gc,phases      ] GC(158)   Pre Evacuate Collection Set: 0.36ms
[425.785s][info][gc,phases      ] GC(158)   Merge Heap Roots: 0.40ms
[425.785s][info][gc,phases      ] GC(158)   Evacuate Collection Set: 86.89ms
[425.785s][info][gc,phases      ] GC(158)   Post Evacuate Collection Set: 0.79ms
[425.785s][info][gc,phases      ] GC(158)   Other: 0.09ms
[425.785s][info][gc,heap        ] GC(158) Eden regions: 945->0(1012)
[425.785s][info][gc,heap        ] GC(158) Survivor regions: 66->78(127)
[425.785s][info][gc,heap        ] GC(158) Old regions: 492->512
[425.785s][info][gc,heap        ] GC(158) Humongous regions: 75->75
[425.785s][info][gc,metaspace   ] GC(158) Metaspace: 28865K(29184K)->28865K(29184K) NonClass: 23982K(24128K)->23982K(24128K) Class: 4883K(5056K)->4883K(5056K)
[425.785s][info][gc             ] GC(158) Pause Young (Mixed) (G1 Evacuation Pause) 3147M->1322M(4096M) 88.652ms
[425.785s][info][gc,cpu         ] GC(158) User=0.53s Sys=0.00s Real=0.09s
.........[434.741s][info][gc,start       ] GC(159) Pause Young (Mixed) (G1 Evacuation Pause)
[434.741s][info][gc,task        ] GC(159) Using 6 workers of 6 for evacuation
[434.843s][info][gc,phases      ] GC(159)   Pre Evacuate Collection Set: 0.38ms
[434.843s][info][gc,phases      ] GC(159)   Merge Heap Roots: 0.42ms
[434.843s][info][gc,phases      ] GC(159)   Evacuate Collection Set: 99.95ms
[434.843s][info][gc,phases      ] GC(159)   Merge Optional Heap Roots: 0.04ms
[434.843s][info][gc,phases      ] GC(159)   Evacuate Optional Collection Set: 0.47ms
[434.843s][info][gc,phases      ] GC(159)   Post Evacuate Collection Set: 0.94ms
[434.843s][info][gc,phases      ] GC(159)   Other: 0.10ms
[434.843s][info][gc,heap        ] GC(159) Eden regions: 1057->0(1072)
[434.843s][info][gc,heap        ] GC(159) Survivor regions: 78->93(142)
[434.843s][info][gc,heap        ] GC(159) Old regions: 512->518
[434.843s][info][gc,heap        ] GC(159) Humongous regions: 77->77
[434.843s][info][gc,metaspace   ] GC(159) Metaspace: 28871K(29184K)->28871K(29184K) NonClass: 23988K(24128K)->23988K(24128K) Class: 4883K(5056K)->4883K(5056K)
[434.843s][info][gc             ] GC(159) Pause Young (Mixed) (G1 Evacuation Pause) 3440M->1373M(4096M) 102.468ms
[434.843s][info][gc,cpu         ] GC(159) User=0.61s Sys=0.00s Real=0.10s
..........[444.341s][info][gc,start       ] GC(160) Pause Young (Mixed) (G1 Evacuation Pause)
[444.341s][info][gc,task        ] GC(160) Using 6 workers of 6 for evacuation
[444.454s][info][gc,phases      ] GC(160)   Pre Evacuate Collection Set: 0.40ms
[444.454s][info][gc,phases      ] GC(160)   Merge Heap Roots: 0.54ms
[444.454s][info][gc,phases      ] GC(160)   Evacuate Collection Set: 111.23ms
[444.454s][info][gc,phases      ] GC(160)   Post Evacuate Collection Set: 0.89ms
[444.454s][info][gc,phases      ] GC(160)   Other: 0.11ms
[444.454s][info][gc,heap        ] GC(160) Eden regions: 1072->0(1061)
[444.454s][info][gc,heap        ] GC(160) Survivor regions: 93->99(146)
[444.454s][info][gc,heap        ] GC(160) Old regions: 518->537
[444.454s][info][gc,heap        ] GC(160) Humongous regions: 77->77
[444.454s][info][gc,metaspace   ] GC(160) Metaspace: 28872K(29184K)->28872K(29184K) NonClass: 23988K(24128K)->23988K(24128K) Class: 4883K(5056K)->4883K(5056K)
[444.454s][info][gc             ] GC(160) Pause Young (Mixed) (G1 Evacuation Pause) 3517M->1424M(4096M) 113.307ms
[444.454s][info][gc,cpu         ] GC(160) User=0.67s Sys=0.00s Real=0.11s
...........[455.478s][info][gc,start       ] GC(161) Pause Young (Concurrent Start) (G1 Evacuation Pause)
[455.478s][info][gc,task        ] GC(161) Using 6 workers of 6 for evacuation
[455.591s][info][gc,phases      ] GC(161)   Pre Evacuate Collection Set: 0.41ms
[455.591s][info][gc,phases      ] GC(161)   Merge Heap Roots: 0.39ms
[455.591s][info][gc,phases      ] GC(161)   Evacuate Collection Set: 111.18ms
[455.591s][info][gc,phases      ] GC(161)   Post Evacuate Collection Set: 0.93ms
[455.591s][info][gc,phases      ] GC(161)   Other: 0.12ms
[455.591s][info][gc,heap        ] GC(161) Eden regions: 1076->0(1065)
[455.591s][info][gc,heap        ] GC(161) Survivor regions: 99->103(147)
[455.591s][info][gc,heap        ] GC(161) Old regions: 537->571
[455.591s][info][gc,heap        ] GC(161) Humongous regions: 77->77
[455.591s][info][gc,metaspace   ] GC(161) Metaspace: 28873K(29184K)->28873K(29184K) NonClass: 23989K(24128K)->23989K(24128K) Class: 4883K(5056K)->4883K(5056K)
[455.591s][info][gc             ] GC(161) Pause Young (Concurrent Start) (G1 Evacuation Pause) 3576M->1501M(4096M) 113.166ms
[455.591s][info][gc             ] GC(162) Concurrent Mark Cycle
[455.591s][info][gc,marking     ] GC(162) Concurrent Scan Root Regions
[455.592s][info][gc,cpu         ] GC(161) User=0.67s Sys=0.00s Real=0.12s
[455.723s][info][gc,marking     ] GC(162) Concurrent Scan Root Regions 132.001ms
[455.724s][info][gc,marking     ] GC(162) Concurrent Mark
[455.724s][info][gc,marking     ] GC(162) Concurrent Mark From Roots
[455.724s][info][gc,task        ] GC(162) Using 2 workers of 2 for marking
.[456.199s][info][gc,marking     ] GC(162) Concurrent Mark From Roots 475.819ms
[456.199s][info][gc,marking     ] GC(162) Concurrent Preclean
[456.199s][info][gc,marking     ] GC(162) Concurrent Preclean 0.053ms
[456.200s][info][gc,start       ] GC(162) Pause Remark
[456.203s][info][gc             ] GC(162) Pause Remark 1639M->1639M(4096M) 3.275ms
[456.203s][info][gc,cpu         ] GC(162) User=0.01s Sys=0.00s Real=0.01s
[456.203s][info][gc,marking     ] GC(162) Concurrent Mark 479.424ms
[456.203s][info][gc,marking     ] GC(162) Concurrent Rebuild Remembered Sets and Scrub Regions
[456.393s][info][gc,marking     ] GC(162) Concurrent Rebuild Remembered Sets and Scrub Regions 190.342ms
[456.393s][info][gc,start       ] GC(162) Pause Cleanup
[456.394s][info][gc             ] GC(162) Pause Cleanup 1671M->1671M(4096M) 0.167ms
[456.394s][info][gc,cpu         ] GC(162) User=0.00s Sys=0.00s Real=0.00s
[456.394s][info][gc,marking     ] GC(162) Concurrent Clear Claimed Marks
[456.394s][info][gc,marking     ] GC(162) Concurrent Clear Claimed Marks 0.026ms
[456.394s][info][gc,marking     ] GC(162) Concurrent Cleanup for Next Mark
[456.398s][info][gc,marking     ] GC(162) Concurrent Cleanup for Next Mark 3.947ms
[456.398s][info][gc             ] GC(162) Concurrent Mark Cycle 806.264ms
...........[467.217s][info][gc,start       ] GC(163) Pause Young (Prepare Mixed) (G1 Evacuation Pause)
[467.217s][info][gc,task        ] GC(163) Using 6 workers of 6 for evacuation
[467.331s][info][gc,phases      ] GC(163)   Pre Evacuate Collection Set: 0.37ms
[467.331s][info][gc,phases      ] GC(163)   Merge Heap Roots: 0.43ms
[467.331s][info][gc,phases      ] GC(163)   Evacuate Collection Set: 112.93ms
[467.331s][info][gc,phases      ] GC(163)   Post Evacuate Collection Set: 0.98ms
[467.331s][info][gc,phases      ] GC(163)   Other: 0.09ms
[467.331s][info][gc,heap        ] GC(163) Eden regions: 1065->0(1047)
[467.331s][info][gc,heap        ] GC(163) Survivor regions: 103->104(146)
[467.331s][info][gc,heap        ] GC(163) Old regions: 571->608
[467.331s][info][gc,heap        ] GC(163) Humongous regions: 77->77
[467.331s][info][gc,metaspace   ] GC(163) Metaspace: 28880K(29184K)->28880K(29184K) NonClass: 23996K(24128K)->23996K(24128K) Class: 4883K(5056K)->4883K(5056K)
[467.332s][info][gc             ] GC(163) Pause Young (Prepare Mixed) (G1 Evacuation Pause) 3631M->1575M(4096M) 114.923ms
[467.332s][info][gc,cpu         ] GC(163) User=0.69s Sys=0.00s Real=0.12s
............[479.499s][info][gc,start       ] GC(164) Pause Young (Mixed) (G1 Evacuation Pause)
[479.499s][info][gc,task        ] GC(164) Using 6 workers of 6 for evacuation
[479.629s][info][gc,phases      ] GC(164)   Pre Evacuate Collection Set: 0.37ms
[479.629s][info][gc,phases      ] GC(164)   Merge Heap Roots: 0.53ms
[479.629s][info][gc,phases      ] GC(164)   Evacuate Collection Set: 124.49ms
[479.629s][info][gc,phases      ] GC(164)   Merge Optional Heap Roots: 0.06ms
[479.629s][info][gc,phases      ] GC(164)   Evacuate Optional Collection Set: 2.97ms
[479.629s][info][gc,phases      ] GC(164)   Post Evacuate Collection Set: 1.14ms
[479.629s][info][gc,phases      ] GC(164)   Other: 0.11ms
[479.629s][info][gc,heap        ] GC(164) Eden regions: 1047->0(1123)
[479.629s][info][gc,heap        ] GC(164) Survivor regions: 104->105(144)
[479.629s][info][gc,heap        ] GC(164) Old regions: 608->490
[479.629s][info][gc,heap        ] GC(164) Humongous regions: 77->77
[479.629s][info][gc,metaspace   ] GC(164) Metaspace: 28880K(29184K)->28880K(29184K) NonClass: 23996K(24128K)->23996K(24128K) Class: 4883K(5056K)->4883K(5056K)
[479.629s][info][gc             ] GC(164) Pause Young (Mixed) (G1 Evacuation Pause) 3669M->1343M(4096M) 129.806ms
[479.629s][info][gc,cpu         ] GC(164) User=0.77s Sys=0.00s Real=0.13s
.............[492.720s][info][gc,start       ] GC(165) Pause Young (Mixed) (G1 Evacuation Pause)
[492.720s][info][gc,task        ] GC(165) Using 6 workers of 6 for evacuation
[492.843s][info][gc,phases      ] GC(165)   Pre Evacuate Collection Set: 0.34ms
[492.843s][info][gc,phases      ] GC(165)   Merge Heap Roots: 0.61ms
[492.843s][info][gc,phases      ] GC(165)   Evacuate Collection Set: 120.66ms
[492.843s][info][gc,phases      ] GC(165)   Post Evacuate Collection Set: 1.01ms
[492.843s][info][gc,phases      ] GC(165)   Other: 0.08ms
[492.843s][info][gc,heap        ] GC(165) Eden regions: 1123->0(1121)
[492.843s][info][gc,heap        ] GC(165) Survivor regions: 105->107(154)
[492.843s][info][gc,heap        ] GC(165) Old regions: 490->490
[492.843s][info][gc,heap        ] GC(165) Humongous regions: 77->77
[492.843s][info][gc,metaspace   ] GC(165) Metaspace: 28880K(29184K)->28880K(29184K) NonClass: 23996K(24128K)->23996K(24128K) Class: 4883K(5056K)->4883K(5056K)
[492.843s][info][gc             ] GC(165) Pause Young (Mixed) (G1 Evacuation Pause) 3589M->1347M(4096M) 122.852ms
[492.843s][info][gc,cpu         ] GC(165) User=0.73s Sys=0.00s Real=0.13s
.............[506.054s][info][gc,start       ] GC(166) Pause Young (Concurrent Start) (G1 Evacuation Pause)
[506.054s][info][gc,task        ] GC(166) Using 6 workers of 6 for evacuation
[506.172s][info][gc,phases      ] GC(166)   Pre Evacuate Collection Set: 0.39ms
[506.172s][info][gc,phases      ] GC(166)   Merge Heap Roots: 0.56ms
[506.172s][info][gc,phases      ] GC(166)   Evacuate Collection Set: 115.86ms
[506.172s][info][gc,phases      ] GC(166)   Post Evacuate Collection Set: 0.97ms
[506.172s][info][gc,phases      ] GC(166)   Other: 0.11ms
[506.172s][info][gc,heap        ] GC(166) Eden regions: 1121->0(1119)
[506.172s][info][gc,heap        ] GC(166) Survivor regions: 107->109(154)
[506.172s][info][gc,heap        ] GC(166) Old regions: 490->522
[506.172s][info][gc,heap        ] GC(166) Humongous regions: 77->77
[506.172s][info][gc,metaspace   ] GC(166) Metaspace: 28881K(29184K)->28881K(29184K) NonClass: 23997K(24128K)->23997K(24128K) Class: 4883K(5056K)->4883K(5056K)
[506.172s][info][gc             ] GC(166) Pause Young (Concurrent Start) (G1 Evacuation Pause) 3589M->1415M(4096M) 118.019ms
[506.172s][info][gc             ] GC(167) Concurrent Mark Cycle
[506.172s][info][gc,marking     ] GC(167) Concurrent Scan Root Regions
[506.172s][info][gc,cpu         ] GC(166) User=0.70s Sys=0.00s Real=0.12s
.[506.292s][info][gc,marking     ] GC(167) Concurrent Scan Root Regions 119.753ms
[506.292s][info][gc,marking     ] GC(167) Concurrent Mark
[506.292s][info][gc,marking     ] GC(167) Concurrent Mark From Roots
[506.292s][info][gc,task        ] GC(167) Using 2 workers of 2 for marking
[506.818s][info][gc,marking     ] GC(167) Concurrent Mark From Roots 525.572ms
[506.818s][info][gc,marking     ] GC(167) Concurrent Preclean
[506.818s][info][gc,marking     ] GC(167) Concurrent Preclean 0.043ms
[506.818s][info][gc,start       ] GC(167) Pause Remark
[506.820s][info][gc             ] GC(167) Pause Remark 1567M->1567M(4096M) 2.564ms
[506.820s][info][gc,cpu         ] GC(167) User=0.01s Sys=0.00s Real=0.00s
[506.820s][info][gc,marking     ] GC(167) Concurrent Mark 528.411ms
[506.820s][info][gc,marking     ] GC(167) Concurrent Rebuild Remembered Sets and Scrub Regions
[507.018s][info][gc,marking     ] GC(167) Concurrent Rebuild Remembered Sets and Scrub Regions 198.047ms
[507.019s][info][gc,start       ] GC(167) Pause Cleanup
[507.019s][info][gc             ] GC(167) Pause Cleanup 1598M->1598M(4096M) 0.147ms
[507.019s][info][gc,cpu         ] GC(167) User=0.00s Sys=0.00s Real=0.00s
[507.019s][info][gc,marking     ] GC(167) Concurrent Clear Claimed Marks
[507.019s][info][gc,marking     ] GC(167) Concurrent Clear Claimed Marks 0.030ms
[507.019s][info][gc,marking     ] GC(167) Concurrent Cleanup for Next Mark
[507.022s][info][gc,marking     ] GC(167) Concurrent Cleanup for Next Mark 3.222ms
[507.022s][info][gc             ] GC(167) Concurrent Mark Cycle 849.909ms
.............[519.317s][info][gc,start       ] GC(168) Pause Young (Prepare Mixed) (G1 Evacuation Pause)
[519.317s][info][gc,task        ] GC(168) Using 6 workers of 6 for evacuation
[519.438s][info][gc,phases      ] GC(168)   Pre Evacuate Collection Set: 0.38ms
[519.438s][info][gc,phases      ] GC(168)   Merge Heap Roots: 0.63ms
[519.438s][info][gc,phases      ] GC(168)   Evacuate Collection Set: 118.65ms
[519.438s][info][gc,phases      ] GC(168)   Post Evacuate Collection Set: 0.96ms
[519.438s][info][gc,phases      ] GC(168)   Other: 0.10ms
[519.438s][info][gc,heap        ] GC(168) Eden regions: 1119->0(1092)
[519.438s][info][gc,heap        ] GC(168) Survivor regions: 109->110(154)
[519.438s][info][gc,heap        ] GC(168) Old regions: 522->556
[519.438s][info][gc,heap        ] GC(168) Humongous regions: 77->77
[519.438s][info][gc,metaspace   ] GC(168) Metaspace: 28881K(29184K)->28881K(29184K) NonClass: 23997K(24128K)->23997K(24128K) Class: 4883K(5056K)->4883K(5056K)
[519.438s][info][gc             ] GC(168) Pause Young (Prepare Mixed) (G1 Evacuation Pause) 3653M->1485M(4096M) 120.876ms
[519.438s][info][gc,cpu         ] GC(168) User=0.72s Sys=0.00s Real=0.12s
.............[532.389s][info][gc,start       ] GC(169) Pause Young (Mixed) (G1 Evacuation Pause)
[532.389s][info][gc,task        ] GC(169) Using 6 workers of 6 for evacuation
[532.523s][info][gc,phases      ] GC(169)   Pre Evacuate Collection Set: 0.41ms
[532.523s][info][gc,phases      ] GC(169)   Merge Heap Roots: 0.68ms
[532.523s][info][gc,phases      ] GC(169)   Evacuate Collection Set: 131.84ms
[532.523s][info][gc,phases      ] GC(169)   Post Evacuate Collection Set: 0.97ms
[532.523s][info][gc,phases      ] GC(169)   Other: 0.09ms
[532.523s][info][gc,heap        ] GC(169) Eden regions: 1092->0(1121)
[532.523s][info][gc,heap        ] GC(169) Survivor regions: 110->107(151)
[532.523s][info][gc,heap        ] GC(169) Old regions: 556->463
[532.523s][info][gc,heap        ] GC(169) Humongous regions: 77->77
[532.523s][info][gc,metaspace   ] GC(169) Metaspace: 28882K(29184K)->28882K(29184K) NonClass: 23998K(24128K)->23998K(24128K) Class: 4883K(5056K)->4883K(5056K)
[532.523s][info][gc             ] GC(169) Pause Young (Mixed) (G1 Evacuation Pause) 3669M->1292M(4096M) 134.125ms
[532.523s][info][gc,cpu         ] GC(169) User=0.80s Sys=0.01s Real=0.14s
.............[545.814s][info][gc,start       ] GC(170) Pause Young (Concurrent Start) (G1 Evacuation Pause)
[545.814s][info][gc,task        ] GC(170) Using 6 workers of 6 for evacuation
[545.932s][info][gc,phases      ] GC(170)   Pre Evacuate Collection Set: 0.44ms
[545.932s][info][gc,phases      ] GC(170)   Merge Heap Roots: 0.58ms
[545.932s][info][gc,phases      ] GC(170)   Evacuate Collection Set: 115.78ms
[545.932s][info][gc,phases      ] GC(170)   Post Evacuate Collection Set: 0.94ms
[545.932s][info][gc,phases      ] GC(170)   Other: 0.12ms
[545.932s][info][gc,heap        ] GC(170) Eden regions: 1121->0(1120)
[545.932s][info][gc,heap        ] GC(170) Survivor regions: 107->108(154)
[545.932s][info][gc,heap        ] GC(170) Old regions: 463->495
[545.932s][info][gc,heap        ] GC(170) Humongous regions: 77->77
[545.932s][info][gc,metaspace   ] GC(170) Metaspace: 28893K(29184K)->28893K(29184K) NonClass: 24009K(24128K)->24009K(24128K) Class: 4883K(5056K)->4883K(5056K)
[545.932s][info][gc             ] GC(170) Pause Young (Concurrent Start) (G1 Evacuation Pause) 3534M->1358M(4096M) 117.987ms
[545.932s][info][gc             ] GC(171) Concurrent Mark Cycle
[545.932s][info][gc,marking     ] GC(171) Concurrent Scan Root Regions
[545.932s][info][gc,cpu         ] GC(170) User=0.71s Sys=0.00s Real=0.12s
[546.053s][info][gc,marking     ] GC(171) Concurrent Scan Root Regions 120.453ms
[546.053s][info][gc,marking     ] GC(171) Concurrent Mark
[546.053s][info][gc,marking     ] GC(171) Concurrent Mark From Roots
[546.053s][info][gc,task        ] GC(171) Using 2 workers of 2 for marking
.[546.568s][info][gc,marking     ] GC(171) Concurrent Mark From Roots 515.101ms
[546.568s][info][gc,marking     ] GC(171) Concurrent Preclean
[546.568s][info][gc,marking     ] GC(171) Concurrent Preclean 0.045ms
[546.568s][info][gc,start       ] GC(171) Pause Remark
[546.571s][info][gc             ] GC(171) Pause Remark 1492M->1492M(4096M) 2.677ms
[546.571s][info][gc,cpu         ] GC(171) User=0.02s Sys=0.00s Real=0.00s
[546.571s][info][gc,marking     ] GC(171) Concurrent Mark 518.083ms
[546.571s][info][gc,marking     ] GC(171) Concurrent Rebuild Remembered Sets and Scrub Regions
[546.765s][info][gc,marking     ] GC(171) Concurrent Rebuild Remembered Sets and Scrub Regions 193.711ms
[546.765s][info][gc,start       ] GC(171) Pause Cleanup
[546.765s][info][gc             ] GC(171) Pause Cleanup 1519M->1519M(4096M) 0.128ms
[546.765s][info][gc,cpu         ] GC(171) User=0.00s Sys=0.00s Real=0.00s
[546.765s][info][gc,marking     ] GC(171) Concurrent Clear Claimed Marks
[546.765s][info][gc,marking     ] GC(171) Concurrent Clear Claimed Marks 0.031ms
[546.765s][info][gc,marking     ] GC(171) Concurrent Cleanup for Next Mark
[546.768s][info][gc,marking     ] GC(171) Concurrent Cleanup for Next Mark 3.191ms
[546.768s][info][gc             ] GC(171) Concurrent Mark Cycle 835.929ms
.............[559.284s][info][gc,start       ] GC(172) Pause Young (Prepare Mixed) (G1 Evacuation Pause)
[559.284s][info][gc,task        ] GC(172) Using 6 workers of 6 for evacuation
[559.401s][info][gc,phases      ] GC(172)   Pre Evacuate Collection Set: 0.35ms
[559.401s][info][gc,phases      ] GC(172)   Merge Heap Roots: 0.54ms
[559.401s][info][gc,phases      ] GC(172)   Evacuate Collection Set: 114.67ms
[559.401s][info][gc,phases      ] GC(172)   Post Evacuate Collection Set: 0.96ms
[559.401s][info][gc,phases      ] GC(172)   Other: 0.09ms
[559.401s][info][gc,heap        ] GC(172) Eden regions: 1120->0(1120)
[559.401s][info][gc,heap        ] GC(172) Survivor regions: 108->108(154)
[559.401s][info][gc,heap        ] GC(172) Old regions: 495->528
[559.401s][info][gc,heap        ] GC(172) Humongous regions: 77->77
[559.401s][info][gc,metaspace   ] GC(172) Metaspace: 28893K(29184K)->28893K(29184K) NonClass: 24010K(24128K)->24010K(24128K) Class: 4883K(5056K)->4883K(5056K)
[559.401s][info][gc             ] GC(172) Pause Young (Prepare Mixed) (G1 Evacuation Pause) 3598M->1424M(4096M) 116.726ms
[559.401s][info][gc,cpu         ] GC(172) User=0.69s Sys=0.01s Real=0.12s
.............[572.753s][info][gc,start       ] GC(173) Pause Young (Mixed) (G1 Evacuation Pause)
[572.753s][info][gc,task        ] GC(173) Using 6 workers of 6 for evacuation
[572.888s][info][gc,phases      ] GC(173)   Pre Evacuate Collection Set: 0.38ms
[572.888s][info][gc,phases      ] GC(173)   Merge Heap Roots: 0.74ms
[572.888s][info][gc,phases      ] GC(173)   Evacuate Collection Set: 132.02ms
[572.888s][info][gc,phases      ] GC(173)   Post Evacuate Collection Set: 0.97ms
[572.888s][info][gc,phases      ] GC(173)   Other: 0.09ms
[572.888s][info][gc,heap        ] GC(173) Eden regions: 1120->0(1117)
[572.888s][info][gc,heap        ] GC(173) Survivor regions: 108->111(154)
[572.888s][info][gc,heap        ] GC(173) Old regions: 528->464
[572.888s][info][gc,heap        ] GC(173) Humongous regions: 77->77
[572.888s][info][gc,metaspace   ] GC(173) Metaspace: 28893K(29184K)->28893K(29184K) NonClass: 24010K(24128K)->24010K(24128K) Class: 4883K(5056K)->4883K(5056K)
[572.888s][info][gc             ] GC(173) Pause Young (Mixed) (G1 Evacuation Pause) 3664M->1302M(4096M) 134.331ms
[572.888s][info][gc,cpu         ] GC(173) User=0.80s Sys=0.00s Real=0.13s
........ (rIR:aIR:PR = 1384:1384:1383) (tPR = 21174) [OK] 
   580s: 
   580s: Building throughput-responsetime curve
   580s: ( 0%)   IR =      0 ...|............................................................ (rIR:aIR:PR = 0:0:0) (tPR = 0) [OK] 
   643s: Performance info:
         Transaction,    Success,    Partial,     Failed,   Receipts, AvgBarcode, 
         Response times:
             Request,    Success,    Partial,     Failed,   SkipFail,     Probes,    Samples,      min,      p50,      p90,      p95,      p99,      max, 

   643s: ( 1%)   IR =    138 ....|.....................................................[700.517s][info][gc,start       ] GC(174) Pause Young (Concurrent Start) (G1 Evacuation Pause)
[700.517s][info][gc,task        ] GC(174) Using 6 workers of 6 for evacuation
[700.634s][info][gc,phases      ] GC(174)   Pre Evacuate Collection Set: 0.38ms
[700.634s][info][gc,phases      ] GC(174)   Merge Heap Roots: 0.56ms
[700.634s][info][gc,phases      ] GC(174)   Evacuate Collection Set: 115.61ms
[700.634s][info][gc,phases      ] GC(174)   Post Evacuate Collection Set: 0.91ms
[700.634s][info][gc,phases      ] GC(174)   Other: 0.13ms
[700.634s][info][gc,heap        ] GC(174) Eden regions: 1117->0(1121)
[700.634s][info][gc,heap        ] GC(174) Survivor regions: 111->107(154)
[700.634s][info][gc,heap        ] GC(174) Old regions: 464->498
[700.634s][info][gc,heap        ] GC(174) Humongous regions: 77->77
[700.634s][info][gc,metaspace   ] GC(174) Metaspace: 28896K(29184K)->28896K(29184K) NonClass: 24012K(24128K)->24012K(24128K) Class: 4883K(5056K)->4883K(5056K)
[700.634s][info][gc             ] GC(174) Pause Young (Concurrent Start) (G1 Evacuation Pause) 3536M->1361M(4096M) 117.732ms
[700.634s][info][gc             ] GC(175) Concurrent Mark Cycle
[700.634s][info][gc,marking     ] GC(175) Concurrent Scan Root Regions
[700.634s][info][gc,cpu         ] GC(174) User=0.70s Sys=0.00s Real=0.12s
[700.738s][info][gc,marking     ] GC(175) Concurrent Scan Root Regions 103.328ms
[700.738s][info][gc,marking     ] GC(175) Concurrent Mark
[700.738s][info][gc,marking     ] GC(175) Concurrent Mark From Roots
[700.738s][info][gc,task        ] GC(175) Using 2 workers of 2 for marking
[701.214s][info][gc,marking     ] GC(175) Concurrent Mark From Roots 475.779ms
[701.214s][info][gc,marking     ] GC(175) Concurrent Preclean
[701.214s][info][gc,marking     ] GC(175) Concurrent Preclean 0.045ms
[701.214s][info][gc,start       ] GC(175) Pause Remark
[701.216s][info][gc             ] GC(175) Pause Remark 1376M->1376M(4096M) 2.141ms
[701.216s][info][gc,cpu         ] GC(175) User=0.01s Sys=0.00s Real=0.00s
[701.216s][info][gc,marking     ] GC(175) Concurrent Mark 478.207ms
[701.216s][info][gc,marking     ] GC(175) Concurrent Rebuild Remembered Sets and Scrub Regions
.[701.403s][info][gc,marking     ] GC(175) Concurrent Rebuild Remembered Sets and Scrub Regions 186.643ms
[701.403s][info][gc,start       ] GC(175) Pause Cleanup
[701.403s][info][gc             ] GC(175) Pause Cleanup 1381M->1381M(4096M) 0.120ms
[701.403s][info][gc,cpu         ] GC(175) User=0.00s Sys=0.00s Real=0.00s
[701.403s][info][gc,marking     ] GC(175) Concurrent Clear Claimed Marks
[701.403s][info][gc,marking     ] GC(175) Concurrent Clear Claimed Marks 0.026ms
[701.403s][info][gc,marking     ] GC(175) Concurrent Cleanup for Next Mark
[701.406s][info][gc,marking     ] GC(175) Concurrent Cleanup for Next Mark 3.120ms
[701.406s][info][gc             ] GC(175) Concurrent Mark Cycle 771.784ms
...... (rIR:aIR:PR = 138:138:138) (tPR = 2073) [OK] 
   707s: Performance info:
         Transaction,    Success,    Partial,     Failed,   Receipts, AvgBarcode, 
             Overall,       8303,          0,          0,       7883,      59.45, 
         Response times:
             Request,    Success,    Partial,     Failed,   SkipFail,     Probes,    Samples,      min,      p50,      p90,      p95,      p99,      max, 
       TotalPurchase,       7883,          0,          0,          0,       7293,       8210,      300,      400,      600,      700,      800,   120000,
     InStorePurchase,       4145,          0,          0,          0,       3891,       4357,      300,      400,      500,      600,      800,     3200,
      OnlinePurchase,       2909,          0,          0,          0,       2688,       2998,      300,      400,      600,      700,      900,   120000,
        InstPurchase,        829,          0,          0,          0,        714,        855,      400,      500,      600,      700,      900,     1000,
          AssocOfCat,          8,          0,          0,          0,          6,          8,    25000,    26500,    30000,    30000,    30000,    30000,
      AssocOfProduct,         85,          0,          0,          0,         83,         88,      400,      600,      700,      855,     3000,     3000,
      BusinessReport,         23,          0,          0,          0,         21,         21,    18500,    28000,    30800,    31900,    32000,    32000,
          CustBuyBeh,         84,          0,          0,          0,         79,         87,      200,      200,      300,      300,      500,      500,
       ProductReturn,        220,          0,          0,          0,        158,        232,      200,      300,      400,      500,     1000,     3100,

   707s: ( 2%)   IR =    277 ....|...........................................................[770.694s][info][gc,start       ] GC(176) Pause Young (Prepare Mixed) (G1 Evacuation Pause)
[770.694s][info][gc,task        ] GC(176) Using 6 workers of 6 for evacuation
[770.811s][info][gc,phases      ] GC(176)   Pre Evacuate Collection Set: 0.36ms
[770.811s][info][gc,phases      ] GC(176)   Merge Heap Roots: 0.67ms
[770.811s][info][gc,phases      ] GC(176)   Evacuate Collection Set: 115.24ms
[770.811s][info][gc,phases      ] GC(176)   Post Evacuate Collection Set: 0.93ms
[770.811s][info][gc,phases      ] GC(176)   Other: 0.11ms
[770.811s][info][gc,heap        ] GC(176) Eden regions: 1121->0(1121)
[770.811s][info][gc,heap        ] GC(176) Survivor regions: 107->107(154)
[770.811s][info][gc,heap        ] GC(176) Old regions: 498->530
[770.811s][info][gc,heap        ] GC(176) Humongous regions: 77->77
[770.811s][info][gc,metaspace   ] GC(176) Metaspace: 28903K(29184K)->28903K(29184K) NonClass: 24019K(24128K)->24019K(24128K) Class: 4883K(5056K)->4883K(5056K)
[770.811s][info][gc             ] GC(176) Pause Young (Prepare Mixed) (G1 Evacuation Pause) 3603M->1426M(4096M) 117.457ms
[770.811s][info][gc,cpu         ] GC(176) User=0.70s Sys=0.00s Real=0.12s
. (rIR:aIR:PR = 277:277:277) (tPR = 4250) [OK] 
   771s: Performance info:
         Transaction,    Success,    Partial,     Failed,   Receipts, AvgBarcode, 
             Overall,      16638,          0,          0,      15804,      59.49, 
         Response times:
             Request,    Success,    Partial,     Failed,   SkipFail,     Probes,    Samples,      min,      p50,      p90,      p95,      p99,      max, 
       TotalPurchase,      15804,          0,          0,          0,      14907,      16673,      300,      500,      800,      800,     1000,   119000,
     InStorePurchase,       8323,          0,          0,          0,       7914,       8774,      300,      500,      700,      800,     1000,   119000,
      OnlinePurchase,       5821,          0,          0,          0,       5503,       6163,      300,      500,      800,      900,     1100,   119000,
        InstPurchase,       1660,          0,          0,          0,       1490,       1736,      400,      500,      800,      900,     1000,   119000,
          AssocOfCat,         18,          0,          0,          0,         15,         16,    19000,    23000,    26300,    27000,    27000,    27000,
      AssocOfProduct,        167,          0,          0,          0,        118,        159,      400,      600,      800,      800,     1120,     1300,
      BusinessReport,         42,          0,          0,          0,         41,         44,    21000,    26000,    30500,    32000,    36000,    36000,
          CustBuyBeh,        165,          0,          0,          0,        116,        162,      200,      300,      600,      600,      874,     1000,
       ProductReturn,        442,          0,          0,          0,        354,        478,      200,      300,      600,      700,      800,     1200,

   771s: ( 3%)   IR =    415 ....|........................................[815.678s][info][gc,start       ] GC(177) Pause Young (Mixed) (G1 Evacuation Pause)
[815.678s][info][gc,task        ] GC(177) Using 6 workers of 6 for evacuation
[815.807s][info][gc,phases      ] GC(177)   Pre Evacuate Collection Set: 0.43ms
[815.807s][info][gc,phases      ] GC(177)   Merge Heap Roots: 0.69ms
[815.807s][info][gc,phases      ] GC(177)   Evacuate Collection Set: 126.80ms
[815.807s][info][gc,phases      ] GC(177)   Post Evacuate Collection Set: 0.95ms
[815.807s][info][gc,phases      ] GC(177)   Other: 0.10ms
[815.807s][info][gc,heap        ] GC(177) Eden regions: 1121->0(1121)
[815.807s][info][gc,heap        ] GC(177) Survivor regions: 107->107(154)
[815.807s][info][gc,heap        ] GC(177) Old regions: 530->465
[815.807s][info][gc,heap        ] GC(177) Humongous regions: 77->77
[815.807s][info][gc,metaspace   ] GC(177) Metaspace: 28903K(29184K)->28903K(29184K) NonClass: 24019K(24128K)->24019K(24128K) Class: 4883K(5056K)->4883K(5056K)
[815.807s][info][gc             ] GC(177) Pause Young (Mixed) (G1 Evacuation Pause) 3668M->1296M(4096M) 129.106ms
[815.807s][info][gc,cpu         ] GC(177) User=0.76s Sys=0.00s Real=0.13s
.................... (rIR:aIR:PR = 415:416:416) (tPR = 6053) [OK] 
   835s: Performance info:
         Transaction,    Success,    Partial,     Failed,   Receipts, AvgBarcode, 
             Overall,      24945,          0,          0,      23694,      59.44, 
         Response times:
             Request,    Success,    Partial,     Failed,   SkipFail,     Probes,    Samples,      min,      p50,      p90,      p95,      p99,      max, 
       TotalPurchase,      23694,          0,          0,          0,      22494,      24706,      300,      600,      900,     1000,     1200,   131000,
     InStorePurchase,      12471,          0,          0,          0,      11998,      13081,      300,      600,      900,     1000,     1200,   131000,
      OnlinePurchase,       8731,          0,          0,          0,       8212,       9007,      300,      600,      900,     1000,     1200,     2900,
        InstPurchase,       2492,          0,          0,          0,       2284,       2618,      400,      700,     1000,     1100,     1300,   130000,
          AssocOfCat,         27,          0,          0,          0,         24,         26,    19300,    23000,    26000,    26000,    26000,    26000,
      AssocOfProduct,        252,          0,          0,          0,        191,        248,      500,      700,      900,     1000,     1151,     1400,
      BusinessReport,         63,          0,          0,          0,         62,         66,    19400,    25000,    30000,    30000,    31000,    31000,
          CustBuyBeh,        249,          0,          0,          0,        200,        273,      200,      400,      700,      800,      900,     1100,
       ProductReturn,        660,          0,          0,          0,        542,        649,      200,      600,      800,      900,     1100,     2700,

   835s: ( 4%)   IR =    553 ....|...............[854.553s][info][gc,start       ] GC(178) Pause Young (Concurrent Start) (G1 Evacuation Pause)
[854.553s][info][gc,task        ] GC(178) Using 6 workers of 6 for evacuation
[854.669s][info][gc,phases      ] GC(178)   Pre Evacuate Collection Set: 0.42ms
[854.669s][info][gc,phases      ] GC(178)   Merge Heap Roots: 0.54ms
[854.669s][info][gc,phases      ] GC(178)   Evacuate Collection Set: 113.64ms
[854.669s][info][gc,phases      ] GC(178)   Post Evacuate Collection Set: 0.89ms
[854.669s][info][gc,phases      ] GC(178)   Other: 0.15ms
[854.669s][info][gc,heap        ] GC(178) Eden regions: 1121->0(1120)
[854.669s][info][gc,heap        ] GC(178) Survivor regions: 107->108(154)
[854.669s][info][gc,heap        ] GC(178) Old regions: 465->497
[854.669s][info][gc,heap        ] GC(178) Humongous regions: 77->77
[854.669s][info][gc,metaspace   ] GC(178) Metaspace: 28904K(29184K)->28904K(29184K) NonClass: 24020K(24128K)->24020K(24128K) Class: 4883K(5056K)->4883K(5056K)
[854.669s][info][gc             ] GC(178) Pause Young (Concurrent Start) (G1 Evacuation Pause) 3538M->1362M(4096M) 115.787ms
[854.669s][info][gc             ] GC(179) Concurrent Mark Cycle
[854.669s][info][gc,marking     ] GC(179) Concurrent Scan Root Regions
[854.669s][info][gc,cpu         ] GC(178) User=0.69s Sys=0.00s Real=0.11s
[854.778s][info][gc,marking     ] GC(179) Concurrent Scan Root Regions 109.154ms
[854.778s][info][gc,marking     ] GC(179) Concurrent Mark
[854.778s][info][gc,marking     ] GC(179) Concurrent Mark From Roots
[854.778s][info][gc,task        ] GC(179) Using 2 workers of 2 for marking
[855.280s][info][gc,marking     ] GC(179) Concurrent Mark From Roots 502.383ms
[855.280s][info][gc,marking     ] GC(179) Concurrent Preclean
[855.280s][info][gc,marking     ] GC(179) Concurrent Preclean 0.044ms
[855.280s][info][gc,start       ] GC(179) Pause Remark
[855.283s][info][gc             ] GC(179) Pause Remark 1412M->1412M(4096M) 2.176ms
[855.283s][info][gc,cpu         ] GC(179) User=0.01s Sys=0.00s Real=0.01s
[855.283s][info][gc,marking     ] GC(179) Concurrent Mark 504.833ms
[855.283s][info][gc,marking     ] GC(179) Concurrent Rebuild Remembered Sets and Scrub Regions
.[855.475s][info][gc,marking     ] GC(179) Concurrent Rebuild Remembered Sets and Scrub Regions 192.438ms
[855.475s][info][gc,start       ] GC(179) Pause Cleanup
[855.475s][info][gc             ] GC(179) Pause Cleanup 1424M->1424M(4096M) 0.128ms
[855.475s][info][gc,cpu         ] GC(179) User=0.00s Sys=0.00s Real=0.00s
[855.475s][info][gc,marking     ] GC(179) Concurrent Clear Claimed Marks
[855.475s][info][gc,marking     ] GC(179) Concurrent Clear Claimed Marks 0.024ms
[855.475s][info][gc,marking     ] GC(179) Concurrent Cleanup for Next Mark
[855.479s][info][gc,marking     ] GC(179) Concurrent Cleanup for Next Mark 3.580ms
[855.479s][info][gc             ] GC(179) Concurrent Mark Cycle 810.422ms
.................................[888.494s][info][gc,start       ] GC(180) Pause Young (Prepare Mixed) (G1 Evacuation Pause)
[888.494s][info][gc,task        ] GC(180) Using 6 workers of 6 for evacuation
[888.611s][info][gc,phases      ] GC(180)   Pre Evacuate Collection Set: 0.37ms
[888.611s][info][gc,phases      ] GC(180)   Merge Heap Roots: 0.58ms
[888.611s][info][gc,phases      ] GC(180)   Evacuate Collection Set: 115.39ms
[888.611s][info][gc,phases      ] GC(180)   Post Evacuate Collection Set: 0.94ms
[888.611s][info][gc,phases      ] GC(180)   Other: 0.09ms
[888.611s][info][gc,heap        ] GC(180) Eden regions: 1120->0(1120)
[888.612s][info][gc,heap        ] GC(180) Survivor regions: 108->108(154)
[888.612s][info][gc,heap        ] GC(180) Old regions: 497->529
[888.612s][info][gc,heap        ] GC(180) Humongous regions: 77->77
[888.612s][info][gc,metaspace   ] GC(180) Metaspace: 28905K(29184K)->28905K(29184K) NonClass: 24022K(24128K)->24022K(24128K) Class: 4883K(5056K)->4883K(5056K)
[888.612s][info][gc             ] GC(180) Pause Young (Prepare Mixed) (G1 Evacuation Pause) 3602M->1426M(4096M) 117.499ms
[888.612s][info][gc,cpu         ] GC(180) User=0.70s Sys=0.00s Real=0.12s
........... (rIR:aIR:PR = 553:554:554) (tPR = 8258) [OK] 
   899s: Performance info:
         Transaction,    Success,    Partial,     Failed,   Receipts, AvgBarcode, 
             Overall,      33236,          0,          0,      31572,      59.49, 
         Response times:
             Request,    Success,    Partial,     Failed,   SkipFail,     Probes,    Samples,      min,      p50,      p90,      p95,      p99,      max, 
       TotalPurchase,      31572,          0,          0,          0,      30171,      32961,      300,      700,     1100,     1200,     1500,   119000,
     InStorePurchase,      16591,          0,          0,          0,      16012,      17431,      300,      700,     1100,     1200,     1500,     6800,
      OnlinePurchase,      11664,          0,          0,          0,      11043,      11995,      300,      700,     1100,     1200,     1400,   119000,
        InstPurchase,       3317,          0,          0,          0,       3116,       3535,      400,      800,     1100,     1200,     1600,   119000,
          AssocOfCat,         34,          0,          0,          0,         32,         34,    17600,    23000,    27000,    27250,    28000,    28000,
      AssocOfProduct,        332,          0,          0,          0,        246,        333,      400,      800,     1100,     1200,     1300,     1500,
      BusinessReport,         83,          0,          0,          0,         80,         87,    19500,    26000,    30000,    31000,    44000,    44000,
          CustBuyBeh,        331,          0,          0,          0,        244,        330,      200,      700,     1000,     1100,     1438,     1500,
       ProductReturn,        884,          0,          0,          0,        783,        933,      200,      500,      900,     1000,     1432,     3500,

   899s: ( 5%)   IR =    692 .....|.............[918.123s][info][gc,start       ] GC(181) Pause Young (Mixed) (G1 Evacuation Pause)
[918.123s][info][gc,task        ] GC(181) Using 6 workers of 6 for evacuation
[918.253s][info][gc,phases      ] GC(181)   Pre Evacuate Collection Set: 0.43ms
[918.253s][info][gc,phases      ] GC(181)   Merge Heap Roots: 0.67ms
[918.253s][info][gc,phases      ] GC(181)   Evacuate Collection Set: 127.68ms
[918.253s][info][gc,phases      ] GC(181)   Post Evacuate Collection Set: 0.98ms
[918.253s][info][gc,phases      ] GC(181)   Other: 0.09ms
[918.253s][info][gc,heap        ] GC(181) Eden regions: 1120->0(1120)
[918.253s][info][gc,heap        ] GC(181) Survivor regions: 108->108(154)
[918.253s][info][gc,heap        ] GC(181) Old regions: 529->464
[918.253s][info][gc,heap        ] GC(181) Humongous regions: 77->77
[918.253s][info][gc,metaspace   ] GC(181) Metaspace: 28910K(29248K)->28910K(29248K) NonClass: 24026K(24192K)->24026K(24192K) Class: 4883K(5056K)->4883K(5056K)
[918.253s][info][gc             ] GC(181) Pause Young (Mixed) (G1 Evacuation Pause) 3666M->1296M(4096M) 129.999ms
[918.253s][info][gc,cpu         ] GC(181) User=0.77s Sys=0.00s Real=0.13s
............................[945.649s][info][gc,start       ] GC(182) Pause Young (Concurrent Start) (G1 Evacuation Pause)
[945.649s][info][gc,task        ] GC(182) Using 6 workers of 6 for evacuation
[945.769s][info][gc,phases      ] GC(182)   Pre Evacuate Collection Set: 0.42ms
[945.769s][info][gc,phases      ] GC(182)   Merge Heap Roots: 0.59ms
[945.769s][info][gc,phases      ] GC(182)   Evacuate Collection Set: 117.76ms
[945.769s][info][gc,phases      ] GC(182)   Post Evacuate Collection Set: 0.95ms
[945.769s][info][gc,phases      ] GC(182)   Other: 0.11ms
[945.769s][info][gc,heap        ] GC(182) Eden regions: 1120->0(1118)
[945.769s][info][gc,heap        ] GC(182) Survivor regions: 108->110(154)
[945.769s][info][gc,heap        ] GC(182) Old regions: 464->495
[945.769s][info][gc,heap        ] GC(182) Humongous regions: 77->77
[945.769s][info][gc,metaspace   ] GC(182) Metaspace: 28911K(29248K)->28911K(29248K) NonClass: 24028K(24192K)->24028K(24192K) Class: 4883K(5056K)->4883K(5056K)
[945.769s][info][gc             ] GC(182) Pause Young (Concurrent Start) (G1 Evacuation Pause) 3536M->1363M(4096M) 119.972ms
[945.769s][info][gc             ] GC(183) Concurrent Mark Cycle
[945.769s][info][gc,marking     ] GC(183) Concurrent Scan Root Regions
[945.769s][info][gc,cpu         ] GC(182) User=0.71s Sys=0.00s Real=0.12s
[945.889s][info][gc,marking     ] GC(183) Concurrent Scan Root Regions 119.251ms
[945.889s][info][gc,marking     ] GC(183) Concurrent Mark
[945.889s][info][gc,marking     ] GC(183) Concurrent Mark From Roots
[945.889s][info][gc,task        ] GC(183) Using 2 workers of 2 for marking
[946.403s][info][gc,marking     ] GC(183) Concurrent Mark From Roots 514.239ms
[946.403s][info][gc,marking     ] GC(183) Concurrent Preclean
[946.403s][info][gc,marking     ] GC(183) Concurrent Preclean 0.052ms
[946.403s][info][gc,start       ] GC(183) Pause Remark
[946.405s][info][gc             ] GC(183) Pause Remark 1438M->1438M(4096M) 2.362ms
[946.405s][info][gc,cpu         ] GC(183) User=0.01s Sys=0.00s Real=0.00s
[946.406s][info][gc,marking     ] GC(183) Concurrent Mark 516.898ms
[946.406s][info][gc,marking     ] GC(183) Concurrent Rebuild Remembered Sets and Scrub Regions
.[946.598s][info][gc,marking     ] GC(183) Concurrent Rebuild Remembered Sets and Scrub Regions 192.317ms
[946.598s][info][gc,start       ] GC(183) Pause Cleanup
[946.598s][info][gc             ] GC(183) Pause Cleanup 1451M->1451M(4096M) 0.126ms
[946.598s][info][gc,cpu         ] GC(183) User=0.00s Sys=0.00s Real=0.00s
[946.598s][info][gc,marking     ] GC(183) Concurrent Clear Claimed Marks
[946.598s][info][gc,marking     ] GC(183) Concurrent Clear Claimed Marks 0.030ms
[946.598s][info][gc,marking     ] GC(183) Concurrent Cleanup for Next Mark
[946.601s][info][gc,marking     ] GC(183) Concurrent Cleanup for Next Mark 3.145ms
[946.601s][info][gc             ] GC(183) Concurrent Mark Cycle 832.071ms
.................. (rIR:aIR:PR = 692:693:693) (tPR = 10303) [OK] 
   964s: Performance info:
         Transaction,    Success,    Partial,     Failed,   Receipts, AvgBarcode, 
             Overall,      41592,          0,          0,      39510,      59.49, 
         Response times:
             Request,    Success,    Partial,     Failed,   SkipFail,     Probes,    Samples,      min,      p50,      p90,      p95,      p99,      max, 
       TotalPurchase,      39504,          0,          0,          0,      37895,      42118,      300,      900,     1300,     1400,     1800,   132000,
     InStorePurchase,      20765,          0,          0,          0,      20038,      22146,      300,      900,     1300,     1400,     1800,   132000,
      OnlinePurchase,      14586,          0,          0,          0,      13976,      15545,      300,      900,     1300,     1400,     1800,    11100,
        InstPurchase,       4153,          0,          0,          0,       3881,       4427,      400,     1000,     1400,     1500,     2000,   132000,
          AssocOfCat,         43,          0,          0,          0,         37,         44,    18000,    23500,    27500,   125500,   164000,   164000,
      AssocOfProduct,        417,          0,          0,          0,        337,        443,      500,     1200,     1660,     1900,     2300,     4900,
      BusinessReport,        104,          0,          0,          0,        101,        112,    19000,    28000,    32000,    34000,    43000,    43000,
          CustBuyBeh,        415,          0,          0,          0,        331,        429,      200,      900,     1200,     1300,     1700,     2000,
       ProductReturn,       1103,          0,          0,          0,        969,       1194,      200,      500,      900,     1100,     1300,     4500,

   964s: ( 6%)   IR =    830 ......|[971.485s][info][gc,start       ] GC(184) Pause Young (Prepare Mixed) (G1 Evacuation Pause)
[971.485s][info][gc,task        ] GC(184) Using 6 workers of 6 for evacuation
[971.602s][info][gc,phases      ] GC(184)   Pre Evacuate Collection Set: 0.33ms
[971.602s][info][gc,phases      ] GC(184)   Merge Heap Roots: 0.57ms
[971.602s][info][gc,phases      ] GC(184)   Evacuate Collection Set: 114.76ms
[971.602s][info][gc,phases      ] GC(184)   Post Evacuate Collection Set: 0.94ms
[971.602s][info][gc,phases      ] GC(184)   Other: 0.10ms
[971.602s][info][gc,heap        ] GC(184) Eden regions: 1118->0(1120)
[971.602s][info][gc,heap        ] GC(184) Survivor regions: 110->108(154)
[971.602s][info][gc,heap        ] GC(184) Old regions: 495->528
[971.602s][info][gc,heap        ] GC(184) Humongous regions: 77->77
[971.602s][info][gc,metaspace   ] GC(184) Metaspace: 28914K(29248K)->28914K(29248K) NonClass: 24030K(24192K)->24030K(24192K) Class: 4883K(5056K)->4883K(5056K)
[971.602s][info][gc             ] GC(184) Pause Young (Prepare Mixed) (G1 Evacuation Pause) 3599M->1424M(4096M) 116.833ms
[971.602s][info][gc,cpu         ] GC(184) User=0.70s Sys=0.00s Real=0.12s
........................[994.668s][info][gc,start       ] GC(185) Pause Young (Mixed) (G1 Evacuation Pause)
[994.668s][info][gc,task        ] GC(185) Using 6 workers of 6 for evacuation
[994.798s][info][gc,phases      ] GC(185)   Pre Evacuate Collection Set: 0.38ms
[994.798s][info][gc,phases      ] GC(185)   Merge Heap Roots: 0.67ms
[994.798s][info][gc,phases      ] GC(185)   Evacuate Collection Set: 127.77ms
[994.798s][info][gc,phases      ] GC(185)   Post Evacuate Collection Set: 0.97ms
[994.798s][info][gc,phases      ] GC(185)   Other: 0.09ms
[994.798s][info][gc,heap        ] GC(185) Eden regions: 1120->0(1119)
[994.798s][info][gc,heap        ] GC(185) Survivor regions: 108->109(154)
[994.798s][info][gc,heap        ] GC(185) Old regions: 528->462
[994.798s][info][gc,heap        ] GC(185) Humongous regions: 77->77
[994.798s][info][gc,metaspace   ] GC(185) Metaspace: 28917K(29248K)->28917K(29248K) NonClass: 24034K(24192K)->24034K(24192K) Class: 4883K(5056K)->4883K(5056K)
[994.798s][info][gc             ] GC(185) Pause Young (Mixed) (G1 Evacuation Pause) 3664M->1294M(4096M) 130.011ms
[994.798s][info][gc,cpu         ] GC(185) User=0.77s Sys=0.00s Real=0.13s
......................[1017.364s][info][gc,start       ] GC(186) Pause Young (Concurrent Start) (G1 Evacuation Pause)
[1017.364s][info][gc,task        ] GC(186) Using 6 workers of 6 for evacuation
[1017.479s][info][gc,phases      ] GC(186)   Pre Evacuate Collection Set: 0.38ms
[1017.479s][info][gc,phases      ] GC(186)   Merge Heap Roots: 0.45ms
[1017.479s][info][gc,phases      ] GC(186)   Evacuate Collection Set: 112.89ms
[1017.479s][info][gc,phases      ] GC(186)   Post Evacuate Collection Set: 0.89ms
[1017.479s][info][gc,phases      ] GC(186)   Other: 0.12ms
[1017.479s][info][gc,heap        ] GC(186) Eden regions: 1119->0(1120)
[1017.479s][info][gc,heap        ] GC(186) Survivor regions: 109->108(154)
[1017.479s][info][gc,heap        ] GC(186) Old regions: 462->495
[1017.479s][info][gc,heap        ] GC(186) Humongous regions: 77->77
[1017.479s][info][gc,metaspace   ] GC(186) Metaspace: 28917K(29248K)->28917K(29248K) NonClass: 24034K(24192K)->24034K(24192K) Class: 4883K(5056K)->4883K(5056K)
[1017.479s][info][gc             ] GC(186) Pause Young (Concurrent Start) (G1 Evacuation Pause) 3532M->1358M(4096M) 114.876ms
[1017.479s][info][gc             ] GC(187) Concurrent Mark Cycle
[1017.479s][info][gc,marking     ] GC(187) Concurrent Scan Root Regions
[1017.479s][info][gc,cpu         ] GC(186) User=0.68s Sys=0.00s Real=0.11s
[1017.594s][info][gc,marking     ] GC(187) Concurrent Scan Root Regions 115.071ms
[1017.594s][info][gc,marking     ] GC(187) Concurrent Mark
[1017.594s][info][gc,marking     ] GC(187) Concurrent Mark From Roots
[1017.594s][info][gc,task        ] GC(187) Using 2 workers of 2 for marking
.[1018.123s][info][gc,marking     ] GC(187) Concurrent Mark From Roots 529.186ms
[1018.123s][info][gc,marking     ] GC(187) Concurrent Preclean
[1018.124s][info][gc,marking     ] GC(187) Concurrent Preclean 0.049ms
[1018.124s][info][gc,start       ] GC(187) Pause Remark
[1018.126s][info][gc             ] GC(187) Pause Remark 1444M->1444M(4096M) 2.442ms
[1018.126s][info][gc,cpu         ] GC(187) User=0.02s Sys=0.00s Real=0.00s
[1018.126s][info][gc,marking     ] GC(187) Concurrent Mark 531.926ms
[1018.126s][info][gc,marking     ] GC(187) Concurrent Rebuild Remembered Sets and Scrub Regions
[1018.321s][info][gc,marking     ] GC(187) Concurrent Rebuild Remembered Sets and Scrub Regions 195.278ms
[1018.322s][info][gc,start       ] GC(187) Pause Cleanup
[1018.322s][info][gc             ] GC(187) Pause Cleanup 1458M->1458M(4096M) 0.124ms
[1018.322s][info][gc,cpu         ] GC(187) User=0.00s Sys=0.00s Real=0.00s
[1018.322s][info][gc,marking     ] GC(187) Concurrent Clear Claimed Marks
[1018.322s][info][gc,marking     ] GC(187) Concurrent Clear Claimed Marks 0.028ms
[1018.322s][info][gc,marking     ] GC(187) Concurrent Cleanup for Next Mark
[1018.326s][info][gc,marking     ] GC(187) Concurrent Cleanup for Next Mark 4.011ms
[1018.326s][info][gc             ] GC(187) Concurrent Mark Cycle 846.768ms
............. (rIR:aIR:PR = 830:830:830) (tPR = 12501) [OK] 
  1030s: Performance info:
         Transaction,    Success,    Partial,     Failed,   Receipts, AvgBarcode, 
             Overall,      49928,          0,          0,      47436,      59.47, 
         Response times:
             Request,    Success,    Partial,     Failed,   SkipFail,     Probes,    Samples,      min,      p50,      p90,      p95,      p99,      max, 
       TotalPurchase,      47436,          0,          0,          0,      45692,      51199,      300,     1000,     1400,     1600,     2000,   138000,
     InStorePurchase,      24957,          0,          0,          0,      24171,      27034,      300,      900,     1400,     1500,     2000,   134000,
      OnlinePurchase,      17488,          0,          0,          0,      16779,      18697,      300,     1000,     1400,     1600,     2000,   135000,
        InstPurchase,       4991,          0,          0,          0,       4742,       5468,      400,     1100,     1500,     1600,     2100,   138000,
          AssocOfCat,         51,          0,          0,          0,         46,         54,    17700,    24000,    27000,    31000,    41000,    41000,
      AssocOfProduct,        498,          0,          0,          0,        425,        539,      500,     1100,     1400,     1500,     2000,     2200,
      BusinessReport,        124,          0,          0,          0,         94,        145,    18800,    26000,    31000,    31700,    47700,    50000,
          CustBuyBeh,        500,          0,          0,          0,        429,        543,      200,      700,     1100,     1300,     1700,     2100,
       ProductReturn,       1319,          0,          0,          0,       1186,       1450,      200,      700,     1100,     1300,     1700,     3200,

  1030s: ( 7%)   IR =    969 .....|...[1039.020s][info][gc,start       ] GC(188) Pause Young (Prepare Mixed) (G1 Evacuation Pause)
[1039.020s][info][gc,task        ] GC(188) Using 6 workers of 6 for evacuation
[1039.136s][info][gc,phases      ] GC(188)   Pre Evacuate Collection Set: 0.37ms
[1039.136s][info][gc,phases      ] GC(188)   Merge Heap Roots: 0.60ms
[1039.136s][info][gc,phases      ] GC(188)   Evacuate Collection Set: 114.07ms
[1039.136s][info][gc,phases      ] GC(188)   Post Evacuate Collection Set: 0.91ms
[1039.136s][info][gc,phases      ] GC(188)   Other: 0.09ms
[1039.136s][info][gc,heap        ] GC(188) Eden regions: 1120->0(1119)
[1039.136s][info][gc,heap        ] GC(188) Survivor regions: 108->109(154)
[1039.136s][info][gc,heap        ] GC(188) Old regions: 495->528
[1039.136s][info][gc,heap        ] GC(188) Humongous regions: 77->77
[1039.136s][info][gc,metaspace   ] GC(188) Metaspace: 28920K(29248K)->28920K(29248K) NonClass: 24037K(24192K)->24037K(24192K) Class: 4883K(5056K)->4883K(5056K)
[1039.136s][info][gc             ] GC(188) Pause Young (Prepare Mixed) (G1 Evacuation Pause) 3598M->1427M(4096M) 116.206ms
[1039.136s][info][gc,cpu         ] GC(188) User=0.69s Sys=0.00s Real=0.12s
....................[1058.782s][info][gc,start       ] GC(189) Pause Young (Mixed) (G1 Evacuation Pause)
[1058.782s][info][gc,task        ] GC(189) Using 6 workers of 6 for evacuation
[1058.914s][info][gc,phases      ] GC(189)   Pre Evacuate Collection Set: 0.46ms
[1058.914s][info][gc,phases      ] GC(189)   Merge Heap Roots: 0.75ms
[1058.914s][info][gc,phases      ] GC(189)   Evacuate Collection Set: 129.96ms
[1058.914s][info][gc,phases      ] GC(189)   Post Evacuate Collection Set: 0.97ms
[1058.914s][info][gc,phases      ] GC(189)   Other: 0.10ms
[1058.914s][info][gc,heap        ] GC(189) Eden regions: 1119->0(1117)
[1058.914s][info][gc,heap        ] GC(189) Survivor regions: 109->111(154)
[1058.914s][info][gc,heap        ] GC(189) Old regions: 528->466
[1058.914s][info][gc,heap        ] GC(189) Humongous regions: 77->77
[1058.914s][info][gc,metaspace   ] GC(189) Metaspace: 28920K(29248K)->28920K(29248K) NonClass: 24037K(24192K)->24037K(24192K) Class: 4883K(5056K)->4883K(5056K)
[1058.914s][info][gc             ] GC(189) Pause Young (Mixed) (G1 Evacuation Pause) 3665M->1307M(4096M) 132.388ms
[1058.914s][info][gc,cpu         ] GC(189) User=0.78s Sys=0.00s Real=0.13s
...................[1078.489s][info][gc,start       ] GC(190) Pause Young (Concurrent Start) (G1 Evacuation Pause)
[1078.489s][info][gc,task        ] GC(190) Using 6 workers of 6 for evacuation
[1078.606s][info][gc,phases      ] GC(190)   Pre Evacuate Collection Set: 0.41ms
[1078.607s][info][gc,phases      ] GC(190)   Merge Heap Roots: 0.49ms
[1078.607s][info][gc,phases      ] GC(190)   Evacuate Collection Set: 115.56ms
[1078.607s][info][gc,phases      ] GC(190)   Post Evacuate Collection Set: 0.88ms
[1078.607s][info][gc,phases      ] GC(190)   Other: 0.10ms
[1078.607s][info][gc,heap        ] GC(190) Eden regions: 1117->0(1119)
[1078.607s][info][gc,heap        ] GC(190) Survivor regions: 111->109(154)
[1078.607s][info][gc,heap        ] GC(190) Old regions: 466->499
[1078.607s][info][gc,heap        ] GC(190) Humongous regions: 77->77
[1078.607s][info][gc,metaspace   ] GC(190) Metaspace: 28920K(29248K)->28920K(29248K) NonClass: 24037K(24192K)->24037K(24192K) Class: 4883K(5056K)->4883K(5056K)
[1078.607s][info][gc             ] GC(190) Pause Young (Concurrent Start) (G1 Evacuation Pause) 3541M->1367M(4096M) 117.593ms
[1078.607s][info][gc             ] GC(191) Concurrent Mark Cycle
[1078.607s][info][gc,marking     ] GC(191) Concurrent Scan Root Regions
[1078.607s][info][gc,cpu         ] GC(190) User=0.70s Sys=0.00s Real=0.12s
.[1078.724s][info][gc,marking     ] GC(191) Concurrent Scan Root Regions 117.378ms
[1078.724s][info][gc,marking     ] GC(191) Concurrent Mark
[1078.724s][info][gc,marking     ] GC(191) Concurrent Mark From Roots
[1078.724s][info][gc,task        ] GC(191) Using 2 workers of 2 for marking
[1079.229s][info][gc,marking     ] GC(191) Concurrent Mark From Roots 504.658ms
[1079.229s][info][gc,marking     ] GC(191) Concurrent Preclean
[1079.229s][info][gc,marking     ] GC(191) Concurrent Preclean 0.049ms
[1079.229s][info][gc,start       ] GC(191) Pause Remark
[1079.231s][info][gc             ] GC(191) Pause Remark 1459M->1459M(4096M) 2.340ms
[1079.231s][info][gc,cpu         ] GC(191) User=0.01s Sys=0.00s Real=0.01s
[1079.231s][info][gc,marking     ] GC(191) Concurrent Mark 507.312ms
[1079.231s][info][gc,marking     ] GC(191) Concurrent Rebuild Remembered Sets and Scrub Regions
[1079.425s][info][gc,marking     ] GC(191) Concurrent Rebuild Remembered Sets and Scrub Regions 193.794ms
[1079.425s][info][gc,start       ] GC(191) Pause Cleanup
[1079.425s][info][gc             ] GC(191) Pause Cleanup 1479M->1479M(4096M) 0.118ms
[1079.425s][info][gc,cpu         ] GC(191) User=0.00s Sys=0.00s Real=0.00s
[1079.426s][info][gc,marking     ] GC(191) Concurrent Clear Claimed Marks
[1079.426s][info][gc,marking     ] GC(191) Concurrent Clear Claimed Marks 0.028ms
[1079.426s][info][gc,marking     ] GC(191) Concurrent Cleanup for Next Mark
[1079.429s][info][gc,marking     ] GC(191) Concurrent Cleanup for Next Mark 3.207ms
[1079.429s][info][gc             ] GC(191) Concurrent Mark Cycle 822.189ms
................. (rIR:aIR:PR = 969:970:970) (tPR = 14405) [OK] 
  1095s: Performance info:
         Transaction,    Success,    Partial,     Failed,   Receipts, AvgBarcode, 
             Overall,      58216,          0,          0,      55309,      59.48, 
         Response times:
             Request,    Success,    Partial,     Failed,   SkipFail,     Probes,    Samples,      min,      p50,      p90,      p95,      p99,      max, 
       TotalPurchase,      55309,          0,          0,          0,      53526,      59104,      300,     1100,     1600,     1800,     2300,   130000,
     InStorePurchase,      29124,          0,          0,          0,      28440,      31375,      300,     1100,     1600,     1700,     2300,   120000,
      OnlinePurchase,      20355,          0,          0,          0,      19619,      21602,      300,     1200,     1600,     1800,     2400,   130000,
        InstPurchase,       5830,          0,          0,          0,       5467,       6127,      400,     1100,     1600,     1700,     2200,   122000,
          AssocOfCat,         59,          0,          0,          0,         54,         62,    18400,    24000,    28000,    32400,    39000,    39000,
      AssocOfProduct,        579,          0,          0,          0,        465,        632,      400,     1200,     1600,     1800,     2100,     8500,
      BusinessReport,        146,          0,          0,          0,        109,        156,    19500,    28000,    31000,    36000,   151030,   163000,
          CustBuyBeh,        582,          0,          0,          0,        471,        593,      300,     1100,     1600,     1700,     2300,     4600,
       ProductReturn,       1541,          0,          0,          0,       1373,       1681,      200,     1100,     1600,     1800,     2200,    13400,

  1095s: ( 8%)   IR =   1107 ..[1098.008s][info][gc,start       ] GC(192) Pause Young (Prepare Mixed) (G1 Evacuation Pause)
[1098.008s][info][gc,task        ] GC(192) Using 6 workers of 6 for evacuation
[1098.126s][info][gc,phases      ] GC(192)   Pre Evacuate Collection Set: 0.39ms
[1098.126s][info][gc,phases      ] GC(192)   Merge Heap Roots: 0.58ms
[1098.126s][info][gc,phases      ] GC(192)   Evacuate Collection Set: 116.15ms
[1098.126s][info][gc,phases      ] GC(192)   Post Evacuate Collection Set: 0.92ms
[1098.126s][info][gc,phases      ] GC(192)   Other: 0.10ms
[1098.126s][info][gc,heap        ] GC(192) Eden regions: 1119->0(1116)
[1098.126s][info][gc,heap        ] GC(192) Survivor regions: 109->111(154)
[1098.126s][info][gc,heap        ] GC(192) Old regions: 499->530
[1098.126s][info][gc,heap        ] GC(192) Humongous regions: 77->77
[1098.126s][info][gc,metaspace   ] GC(192) Metaspace: 28921K(29248K)->28921K(29248K) NonClass: 24038K(24192K)->24038K(24192K) Class: 4883K(5056K)->4883K(5056K)
[1098.126s][info][gc             ] GC(192) Pause Young (Prepare Mixed) (G1 Evacuation Pause) 3605M->1434M(4096M) 118.288ms
[1098.126s][info][gc,cpu         ] GC(192) User=0.71s Sys=0.00s Real=0.12s
..|...............[1115.191s][info][gc,start       ] GC(193) Pause Young (Mixed) (G1 Evacuation Pause)
[1115.191s][info][gc,task        ] GC(193) Using 6 workers of 6 for evacuation
[1115.320s][info][gc,phases      ] GC(193)   Pre Evacuate Collection Set: 0.44ms
[1115.320s][info][gc,phases      ] GC(193)   Merge Heap Roots: 0.69ms
[1115.320s][info][gc,phases      ] GC(193)   Evacuate Collection Set: 126.61ms
[1115.320s][info][gc,phases      ] GC(193)   Post Evacuate Collection Set: 0.97ms
[1115.320s][info][gc,phases      ] GC(193)   Other: 0.10ms
[1115.320s][info][gc,heap        ] GC(193) Eden regions: 1116->0(1119)
[1115.320s][info][gc,heap        ] GC(193) Survivor regions: 111->109(154)
[1115.320s][info][gc,heap        ] GC(193) Old regions: 530->465
[1115.320s][info][gc,heap        ] GC(193) Humongous regions: 77->77
[1115.320s][info][gc,metaspace   ] GC(193) Metaspace: 28921K(29248K)->28921K(29248K) NonClass: 24038K(24192K)->24038K(24192K) Class: 4883K(5056K)->4883K(5056K)
[1115.320s][info][gc             ] GC(193) Pause Young (Mixed) (G1 Evacuation Pause) 3666M->1299M(4096M) 128.937ms
[1115.320s][info][gc,cpu         ] GC(193) User=0.76s Sys=0.00s Real=0.12s
.................[1132.547s][info][gc,start       ] GC(194) Pause Young (Concurrent Start) (G1 Evacuation Pause)
[1132.547s][info][gc,task        ] GC(194) Using 6 workers of 6 for evacuation
[1132.663s][info][gc,phases      ] GC(194)   Pre Evacuate Collection Set: 0.41ms
[1132.663s][info][gc,phases      ] GC(194)   Merge Heap Roots: 0.47ms
[1132.663s][info][gc,phases      ] GC(194)   Evacuate Collection Set: 114.00ms
[1132.663s][info][gc,phases      ] GC(194)   Post Evacuate Collection Set: 0.89ms
[1132.663s][info][gc,phases      ] GC(194)   Other: 0.11ms
[1132.663s][info][gc,heap        ] GC(194) Eden regions: 1119->0(1119)
[1132.663s][info][gc,heap        ] GC(194) Survivor regions: 109->109(154)
[1132.663s][info][gc,heap        ] GC(194) Old regions: 465->497
[1132.663s][info][gc,heap        ] GC(194) Humongous regions: 77->77
[1132.663s][info][gc,metaspace   ] GC(194) Metaspace: 28921K(29248K)->28921K(29248K) NonClass: 24038K(24192K)->24038K(24192K) Class: 4883K(5056K)->4883K(5056K)
[1132.663s][info][gc             ] GC(194) Pause Young (Concurrent Start) (G1 Evacuation Pause) 3537M->1363M(4096M) 116.029ms
[1132.663s][info][gc             ] GC(195) Concurrent Mark Cycle
[1132.663s][info][gc,marking     ] GC(195) Concurrent Scan Root Regions
[1132.663s][info][gc,cpu         ] GC(194) User=0.69s Sys=0.00s Real=0.12s
.[1132.782s][info][gc,marking     ] GC(195) Concurrent Scan Root Regions 118.861ms
[1132.782s][info][gc,marking     ] GC(195) Concurrent Mark
[1132.782s][info][gc,marking     ] GC(195) Concurrent Mark From Roots
[1132.782s][info][gc,task        ] GC(195) Using 2 workers of 2 for marking
[1133.285s][info][gc,marking     ] GC(195) Concurrent Mark From Roots 503.201ms
[1133.285s][info][gc,marking     ] GC(195) Concurrent Preclean
[1133.285s][info][gc,marking     ] GC(195) Concurrent Preclean 0.055ms
[1133.285s][info][gc,start       ] GC(195) Pause Remark
[1133.288s][info][gc             ] GC(195) Pause Remark 1458M->1458M(4096M) 2.598ms
[1133.288s][info][gc,cpu         ] GC(195) User=0.02s Sys=0.00s Real=0.00s
[1133.288s][info][gc,marking     ] GC(195) Concurrent Mark 506.101ms
[1133.288s][info][gc,marking     ] GC(195) Concurrent Rebuild Remembered Sets and Scrub Regions
[1133.487s][info][gc,marking     ] GC(195) Concurrent Rebuild Remembered Sets and Scrub Regions 198.859ms
[1133.487s][info][gc,start       ] GC(195) Pause Cleanup
[1133.487s][info][gc             ] GC(195) Pause Cleanup 1500M->1500M(4096M) 0.136ms
[1133.487s][info][gc,cpu         ] GC(195) User=0.00s Sys=0.00s Real=0.00s
[1133.487s][info][gc,marking     ] GC(195) Concurrent Clear Claimed Marks
[1133.487s][info][gc,marking     ] GC(195) Concurrent Clear Claimed Marks 0.032ms
[1133.487s][info][gc,marking     ] GC(195) Concurrent Cleanup for Next Mark
[1133.491s][info][gc,marking     ] GC(195) Concurrent Cleanup for Next Mark 3.978ms
[1133.491s][info][gc             ] GC(195) Concurrent Mark Cycle 828.371ms
.................[1149.725s][info][gc,start       ] GC(196) Pause Young (Prepare Mixed) (G1 Evacuation Pause)
[1149.725s][info][gc,task        ] GC(196) Using 6 workers of 6 for evacuation
[1149.843s][info][gc,phases      ] GC(196)   Pre Evacuate Collection Set: 0.36ms
[1149.843s][info][gc,phases      ] GC(196)   Merge Heap Roots: 0.51ms
[1149.843s][info][gc,phases      ] GC(196)   Evacuate Collection Set: 116.04ms
[1149.843s][info][gc,phases      ] GC(196)   Post Evacuate Collection Set: 0.93ms
[1149.843s][info][gc,phases      ] GC(196)   Other: 0.09ms
[1149.843s][info][gc,heap        ] GC(196) Eden regions: 1119->0(1118)
[1149.843s][info][gc,heap        ] GC(196) Survivor regions: 109->110(154)
[1149.843s][info][gc,heap        ] GC(196) Old regions: 497->529
[1149.843s][info][gc,heap        ] GC(196) Humongous regions: 77->77
[1149.843s][info][gc,metaspace   ] GC(196) Metaspace: 28921K(29248K)->28921K(29248K) NonClass: 24038K(24192K)->24038K(24192K) Class: 4883K(5056K)->4883K(5056K)
[1149.843s][info][gc             ] GC(196) Pause Young (Prepare Mixed) (G1 Evacuation Pause) 3601M->1431M(4096M) 118.064ms
[1149.843s][info][gc,cpu         ] GC(196) User=0.70s Sys=0.00s Real=0.12s
.......... (rIR:aIR:PR = 1107:1107:1107) (tPR = 16254) [OK] 
  1159s: Performance info:
         Transaction,    Success,    Partial,     Failed,   Receipts, AvgBarcode, 
             Overall,      66451,          0,          0,      63128,      59.49, 
         Response times:
             Request,    Success,    Partial,     Failed,   SkipFail,     Probes,    Samples,      min,      p50,      p90,      p95,      p99,      max, 
       TotalPurchase,      63128,          0,          0,          0,      61092,      66387,      300,     1200,     1800,     1900,     2700,   144000,
     InStorePurchase,      33228,          0,          0,          0,      32253,      34875,      300,     1200,     1700,     1900,     2700,   144000,
      OnlinePurchase,      23245,          0,          0,          0,      22557,      24536,      300,     1300,     1800,     2000,     2700,   132000,
        InstPurchase,       6655,          0,          0,          0,       6282,       6976,      400,     1200,     1800,     2000,     2623,   132000,
          AssocOfCat,         64,          0,          0,          0,         62,         70,    17800,    24000,    27000,    30900,   143000,   143000,
      AssocOfProduct,        665,          0,          0,          0,        565,        710,      400,     1100,     1500,     1700,     2000,     4300,
      BusinessReport,        165,          0,          0,          0,        115,        164,    19500,    28000,    36000,    40000,   156250,   166000,
          CustBuyBeh,        669,          0,          0,          0,        575,        720,      200,      700,     1400,     1600,     2079,     6900,
       ProductReturn,       1760,          0,          0,          0,       1583,       1872,      200,     1200,     1700,     2000,     3743,   131000,

  1159s: ( 9%)   IR =   1245 ....|..[1166.232s][info][gc,start       ] GC(197) Pause Young (Mixed) (G1 Evacuation Pause)
[1166.232s][info][gc,task        ] GC(197) Using 6 workers of 6 for evacuation
[1166.363s][info][gc,phases      ] GC(197)   Pre Evacuate Collection Set: 0.41ms
[1166.363s][info][gc,phases      ] GC(197)   Merge Heap Roots: 0.70ms
[1166.363s][info][gc,phases      ] GC(197)   Evacuate Collection Set: 128.71ms
[1166.363s][info][gc,phases      ] GC(197)   Post Evacuate Collection Set: 0.97ms
[1166.363s][info][gc,phases      ] GC(197)   Other: 0.09ms
[1166.363s][info][gc,heap        ] GC(197) Eden regions: 1118->0(1118)
[1166.363s][info][gc,heap        ] GC(197) Survivor regions: 110->110(154)
[1166.363s][info][gc,heap        ] GC(197) Old regions: 529->466
[1166.363s][info][gc,heap        ] GC(197) Humongous regions: 77->77
[1166.363s][info][gc,metaspace   ] GC(197) Metaspace: 28924K(29248K)->28924K(29248K) NonClass: 24040K(24192K)->24040K(24192K) Class: 4883K(5056K)->4883K(5056K)
[1166.363s][info][gc             ] GC(197) Pause Young (Mixed) (G1 Evacuation Pause) 3667M->1305M(4096M) 131.024ms
[1166.364s][info][gc,cpu         ] GC(197) User=0.78s Sys=0.00s Real=0.13s
...............[1181.583s][info][gc,start       ] GC(198) Pause Young (Concurrent Start) (G1 Evacuation Pause)
[1181.583s][info][gc,task        ] GC(198) Using 6 workers of 6 for evacuation
[1181.698s][info][gc,phases      ] GC(198)   Pre Evacuate Collection Set: 0.41ms
[1181.698s][info][gc,phases      ] GC(198)   Merge Heap Roots: 0.48ms
[1181.698s][info][gc,phases      ] GC(198)   Evacuate Collection Set: 113.13ms
[1181.698s][info][gc,phases      ] GC(198)   Post Evacuate Collection Set: 0.95ms
[1181.698s][info][gc,phases      ] GC(198)   Other: 0.11ms
[1181.698s][info][gc,heap        ] GC(198) Eden regions: 1118->0(1120)
[1181.698s][info][gc,heap        ] GC(198) Survivor regions: 110->108(154)
[1181.698s][info][gc,heap        ] GC(198) Old regions: 466->498
[1181.698s][info][gc,heap        ] GC(198) Humongous regions: 77->77
[1181.698s][info][gc,metaspace   ] GC(198) Metaspace: 28924K(29248K)->28924K(29248K) NonClass: 24040K(24192K)->24040K(24192K) Class: 4883K(5056K)->4883K(5056K)
[1181.698s][info][gc             ] GC(198) Pause Young (Concurrent Start) (G1 Evacuation Pause) 3541M->1365M(4096M) 115.204ms
[1181.698s][info][gc             ] GC(199) Concurrent Mark Cycle
[1181.698s][info][gc,marking     ] GC(199) Concurrent Scan Root Regions
[1181.698s][info][gc,cpu         ] GC(198) User=0.68s Sys=0.00s Real=0.11s
.[1181.817s][info][gc,marking     ] GC(199) Concurrent Scan Root Regions 119.500ms
[1181.817s][info][gc,marking     ] GC(199) Concurrent Mark
[1181.817s][info][gc,marking     ] GC(199) Concurrent Mark From Roots
[1181.817s][info][gc,task        ] GC(199) Using 2 workers of 2 for marking
[1182.338s][info][gc,marking     ] GC(199) Concurrent Mark From Roots 520.594ms
[1182.338s][info][gc,marking     ] GC(199) Concurrent Preclean
[1182.338s][info][gc,marking     ] GC(199) Concurrent Preclean 0.056ms
[1182.338s][info][gc,start       ] GC(199) Pause Remark
[1182.341s][info][gc             ] GC(199) Pause Remark 1474M->1474M(4096M) 2.593ms
[1182.341s][info][gc,cpu         ] GC(199) User=0.01s Sys=0.00s Real=0.01s
[1182.341s][info][gc,marking     ] GC(199) Concurrent Mark 523.479ms
[1182.341s][info][gc,marking     ] GC(199) Concurrent Rebuild Remembered Sets and Scrub Regions
[1182.544s][info][gc,marking     ] GC(199) Concurrent Rebuild Remembered Sets and Scrub Regions 203.388ms
[1182.544s][info][gc,start       ] GC(199) Pause Cleanup
[1182.545s][info][gc             ] GC(199) Pause Cleanup 1502M->1502M(4096M) 0.122ms
[1182.545s][info][gc,cpu         ] GC(199) User=0.00s Sys=0.00s Real=0.00s
[1182.545s][info][gc,marking     ] GC(199) Concurrent Clear Claimed Marks
[1182.545s][info][gc,marking     ] GC(199) Concurrent Clear Claimed Marks 0.025ms
[1182.545s][info][gc,marking     ] GC(199) Concurrent Cleanup for Next Mark
[1182.548s][info][gc,marking     ] GC(199) Concurrent Cleanup for Next Mark 3.252ms
[1182.548s][info][gc             ] GC(199) Concurrent Mark Cycle 850.063ms
...............[1196.977s][info][gc,start       ] GC(200) Pause Young (Prepare Mixed) (G1 Evacuation Pause)
[1196.978s][info][gc,task        ] GC(200) Using 6 workers of 6 for evacuation
[1197.094s][info][gc,phases      ] GC(200)   Pre Evacuate Collection Set: 0.33ms
[1197.094s][info][gc,phases      ] GC(200)   Merge Heap Roots: 0.53ms
[1197.094s][info][gc,phases      ] GC(200)   Evacuate Collection Set: 114.39ms
[1197.094s][info][gc,phases      ] GC(200)   Post Evacuate Collection Set: 0.98ms
[1197.094s][info][gc,phases      ] GC(200)   Other: 0.08ms
[1197.094s][info][gc,heap        ] GC(200) Eden regions: 1120->0(1119)
[1197.094s][info][gc,heap        ] GC(200) Survivor regions: 108->109(154)
[1197.094s][info][gc,heap        ] GC(200) Old regions: 498->530
[1197.094s][info][gc,heap        ] GC(200) Humongous regions: 77->77
[1197.094s][info][gc,metaspace   ] GC(200) Metaspace: 28924K(29248K)->28924K(29248K) NonClass: 24040K(24192K)->24040K(24192K) Class: 4883K(5056K)->4883K(5056K)
[1197.094s][info][gc             ] GC(200) Pause Young (Prepare Mixed) (G1 Evacuation Pause) 3605M->1431M(4096M) 116.453ms
[1197.094s][info][gc,cpu         ] GC(200) User=0.69s Sys=0.00s Real=0.12s
...............[1212.332s][info][gc,start       ] GC(201) Pause Young (Mixed) (G1 Evacuation Pause)
[1212.332s][info][gc,task        ] GC(201) Using 6 workers of 6 for evacuation
[1212.462s][info][gc,phases      ] GC(201)   Pre Evacuate Collection Set: 0.44ms
[1212.462s][info][gc,phases      ] GC(201)   Merge Heap Roots: 0.72ms
[1212.462s][info][gc,phases      ] GC(201)   Evacuate Collection Set: 127.83ms
[1212.462s][info][gc,phases      ] GC(201)   Post Evacuate Collection Set: 0.92ms
[1212.462s][info][gc,phases      ] GC(201)   Other: 0.10ms
[1212.462s][info][gc,heap        ] GC(201) Eden regions: 1119->0(1119)
[1212.462s][info][gc,heap        ] GC(201) Survivor regions: 109->109(154)
[1212.462s][info][gc,heap        ] GC(201) Old regions: 530->467
[1212.462s][info][gc,heap        ] GC(201) Humongous regions: 77->77
[1212.462s][info][gc,metaspace   ] GC(201) Metaspace: 28924K(29248K)->28924K(29248K) NonClass: 24041K(24192K)->24041K(24192K) Class: 4883K(5056K)->4883K(5056K)
[1212.462s][info][gc             ] GC(201) Pause Young (Mixed) (G1 Evacuation Pause) 3669M->1304M(4096M) 130.144ms
[1212.462s][info][gc,cpu         ] GC(201) User=0.78s Sys=0.00s Real=0.13s
............ (rIR:aIR:PR = 1245:1246:1246) (tPR = 18465) [OK] 
  1223s: Performance info:
         Transaction,    Success,    Partial,     Failed,   Receipts, AvgBarcode, 
             Overall,      74774,          0,          0,      71040,      59.48, 
         Response times:
             Request,    Success,    Partial,     Failed,   SkipFail,     Probes,    Samples,      min,      p50,      p90,      p95,      p99,      max, 
       TotalPurchase,      71040,          0,          0,          0,      68898,      74450,      300,     1300,     1900,     2100,     3200,   137000,
     InStorePurchase,      37425,          0,          0,          0,      36266,      39003,      300,     1300,     1900,     2100,     3100,   135000,
      OnlinePurchase,      26150,          0,          0,          0,      25497,      27613,      300,     1300,     1900,     2100,     3300,   137000,
        InstPurchase,       7465,          0,          0,          0,       7135,       7834,      400,     1300,     1900,     2000,     3000,   118000,
          AssocOfCat,         72,          0,          0,          0,         67,         78,    17800,    25000,    29000,    30100,   155000,   155000,
      AssocOfProduct,        747,          0,          0,          0,        656,        803,      800,     1600,     2000,     2200,     8576,   132000,
      BusinessReport,        186,          0,          0,          0,        133,        196,    21000,    28000,    33000,    35150,    65270,   171000,
          CustBuyBeh,        744,          0,          0,          0,        631,        785,      400,     1400,     1900,     2200,     5240,     9400,
       ProductReturn,       1985,          0,          0,          0,       1790,       2051,      200,     1100,     1700,     1900,     2700,    12100,

  1223s: (10%)   IR =   1384 ...[1227.339s][info][gc,start       ] GC(202) Pause Young (Concurrent Start) (G1 Evacuation Pause)
[1227.339s][info][gc,task        ] GC(202) Using 6 workers of 6 for evacuation
[1227.455s][info][gc,phases      ] GC(202)   Pre Evacuate Collection Set: 0.45ms
[1227.455s][info][gc,phases      ] GC(202)   Merge Heap Roots: 0.53ms
[1227.455s][info][gc,phases      ] GC(202)   Evacuate Collection Set: 113.93ms
[1227.455s][info][gc,phases      ] GC(202)   Post Evacuate Collection Set: 0.94ms
[1227.455s][info][gc,phases      ] GC(202)   Other: 0.14ms
[1227.455s][info][gc,heap        ] GC(202) Eden regions: 1119->0(1119)
[1227.455s][info][gc,heap        ] GC(202) Survivor regions: 109->109(154)
[1227.455s][info][gc,heap        ] GC(202) Old regions: 467->499
[1227.455s][info][gc,heap        ] GC(202) Humongous regions: 77->77
[1227.455s][info][gc,metaspace   ] GC(202) Metaspace: 28924K(29248K)->28924K(29248K) NonClass: 24041K(24192K)->24041K(24192K) Class: 4883K(5056K)->4883K(5056K)
[1227.455s][info][gc             ] GC(202) Pause Young (Concurrent Start) (G1 Evacuation Pause) 3542M->1367M(4096M) 116.158ms
[1227.455s][info][gc             ] GC(203) Concurrent Mark Cycle
[1227.455s][info][gc,marking     ] GC(203) Concurrent Scan Root Regions
[1227.455s][info][gc,cpu         ] GC(202) User=0.68s Sys=0.00s Real=0.12s
[1227.625s][info][gc,marking     ] GC(203) Concurrent Scan Root Regions 170.533ms
[1227.625s][info][gc,marking     ] GC(203) Concurrent Mark
[1227.625s][info][gc,marking     ] GC(203) Concurrent Mark From Roots
[1227.625s][info][gc,task        ] GC(203) Using 2 workers of 2 for marking
.[1228.236s][info][gc,marking     ] GC(203) Concurrent Mark From Roots 610.501ms
[1228.236s][info][gc,marking     ] GC(203) Concurrent Preclean
[1228.236s][info][gc,marking     ] GC(203) Concurrent Preclean 0.056ms
[1228.236s][info][gc,start       ] GC(203) Pause Remark
[1228.239s][info][gc             ] GC(203) Pause Remark 1528M->1528M(4096M) 2.692ms
[1228.239s][info][gc,cpu         ] GC(203) User=0.01s Sys=0.00s Real=0.00s
[1228.239s][info][gc,marking     ] GC(203) Concurrent Mark 613.524ms
[1228.239s][info][gc,marking     ] GC(203) Concurrent Rebuild Remembered Sets and Scrub Regions
[1228.433s][info][gc,marking     ] GC(203) Concurrent Rebuild Remembered Sets and Scrub Regions 194.037ms
[1228.433s][info][gc,start       ] GC(203) Pause Cleanup
[1228.433s][info][gc             ] GC(203) Pause Cleanup 1555M->1555M(4096M) 0.112ms
[1228.433s][info][gc,cpu         ] GC(203) User=0.00s Sys=0.00s Real=0.00s
[1228.433s][info][gc,marking     ] GC(203) Concurrent Clear Claimed Marks
[1228.433s][info][gc,marking     ] GC(203) Concurrent Clear Claimed Marks 0.032ms
[1228.433s][info][gc,marking     ] GC(203) Concurrent Cleanup for Next Mark
[1228.437s][info][gc,marking     ] GC(203) Concurrent Cleanup for Next Mark 3.227ms
[1228.437s][info][gc             ] GC(203) Concurrent Mark Cycle 981.788ms
..|...........[1241.149s][info][gc,start       ] GC(204) Pause Young (Prepare Mixed) (G1 Evacuation Pause)
[1241.149s][info][gc,task        ] GC(204) Using 6 workers of 6 for evacuation
[1241.265s][info][gc,phases      ] GC(204)   Pre Evacuate Collection Set: 0.35ms
[1241.265s][info][gc,phases      ] GC(204)   Merge Heap Roots: 0.49ms
[1241.265s][info][gc,phases      ] GC(204)   Evacuate Collection Set: 114.57ms
[1241.265s][info][gc,phases      ] GC(204)   Post Evacuate Collection Set: 0.94ms
[1241.265s][info][gc,phases      ] GC(204)   Other: 0.09ms
[1241.265s][info][gc,heap        ] GC(204) Eden regions: 1119->0(1119)
[1241.266s][info][gc,heap        ] GC(204) Survivor regions: 109->109(154)
[1241.266s][info][gc,heap        ] GC(204) Old regions: 499->531
[1241.266s][info][gc,heap        ] GC(204) Humongous regions: 77->77
[1241.266s][info][gc,metaspace   ] GC(204) Metaspace: 28924K(29248K)->28924K(29248K) NonClass: 24041K(24192K)->24041K(24192K) Class: 4883K(5056K)->4883K(5056K)
[1241.266s][info][gc             ] GC(204) Pause Young (Prepare Mixed) (G1 Evacuation Pause) 3605M->1432M(4096M) 116.562ms
[1241.266s][info][gc,cpu         ] GC(204) User=0.69s Sys=0.00s Real=0.12s
..............[1254.895s][info][gc,start       ] GC(205) Pause Young (Mixed) (G1 Evacuation Pause)
[1254.895s][info][gc,task        ] GC(205) Using 6 workers of 6 for evacuation
[1255.027s][info][gc,phases      ] GC(205)   Pre Evacuate Collection Set: 0.39ms
[1255.027s][info][gc,phases      ] GC(205)   Merge Heap Roots: 0.73ms
[1255.027s][info][gc,phases      ] GC(205)   Evacuate Collection Set: 130.00ms
[1255.027s][info][gc,phases      ] GC(205)   Post Evacuate Collection Set: 0.94ms
[1255.027s][info][gc,phases      ] GC(205)   Other: 0.09ms
[1255.027s][info][gc,heap        ] GC(205) Eden regions: 1119->0(1117)
[1255.027s][info][gc,heap        ] GC(205) Survivor regions: 109->111(154)
[1255.027s][info][gc,heap        ] GC(205) Old regions: 531->466
[1255.027s][info][gc,heap        ] GC(205) Humongous regions: 77->77
[1255.027s][info][gc,metaspace   ] GC(205) Metaspace: 28929K(29248K)->28929K(29248K) NonClass: 24045K(24192K)->24045K(24192K) Class: 4883K(5056K)->4883K(5056K)
[1255.027s][info][gc             ] GC(205) Pause Young (Mixed) (G1 Evacuation Pause) 3670M->1305M(4096M) 132.303ms
[1255.027s][info][gc,cpu         ] GC(205) User=0.79s Sys=0.00s Real=0.13s
.............[1268.682s][info][gc,start       ] GC(206) Pause Young (Concurrent Start) (G1 Evacuation Pause)
[1268.682s][info][gc,task        ] GC(206) Using 6 workers of 6 for evacuation
[1268.799s][info][gc,phases      ] GC(206)   Pre Evacuate Collection Set: 0.40ms
[1268.800s][info][gc,phases      ] GC(206)   Merge Heap Roots: 0.53ms
[1268.800s][info][gc,phases      ] GC(206)   Evacuate Collection Set: 115.36ms
[1268.800s][info][gc,phases      ] GC(206)   Post Evacuate Collection Set: 0.91ms
[1268.800s][info][gc,phases      ] GC(206)   Other: 0.11ms
[1268.800s][info][gc,heap        ] GC(206) Eden regions: 1117->0(1119)
[1268.800s][info][gc,heap        ] GC(206) Survivor regions: 111->109(154)
[1268.800s][info][gc,heap        ] GC(206) Old regions: 466->498
[1268.800s][info][gc,heap        ] GC(206) Humongous regions: 77->77
[1268.800s][info][gc,metaspace   ] GC(206) Metaspace: 28929K(29248K)->28929K(29248K) NonClass: 24045K(24192K)->24045K(24192K) Class: 4883K(5056K)->4883K(5056K)
[1268.800s][info][gc             ] GC(206) Pause Young (Concurrent Start) (G1 Evacuation Pause) 3539M->1367M(4096M) 117.455ms
[1268.800s][info][gc             ] GC(207) Concurrent Mark Cycle
[1268.800s][info][gc,marking     ] GC(207) Concurrent Scan Root Regions
[1268.800s][info][gc,cpu         ] GC(206) User=0.69s Sys=0.00s Real=0.11s
.[1268.909s][info][gc,marking     ] GC(207) Concurrent Scan Root Regions 109.246ms
[1268.909s][info][gc,marking     ] GC(207) Concurrent Mark
[1268.909s][info][gc,marking     ] GC(207) Concurrent Mark From Roots
[1268.909s][info][gc,task        ] GC(207) Using 2 workers of 2 for marking
[1269.412s][info][gc,marking     ] GC(207) Concurrent Mark From Roots 503.093ms
[1269.412s][info][gc,marking     ] GC(207) Concurrent Preclean
[1269.412s][info][gc,marking     ] GC(207) Concurrent Preclean 0.039ms
[1269.412s][info][gc,start       ] GC(207) Pause Remark
[1269.415s][info][gc             ] GC(207) Pause Remark 1499M->1499M(4096M) 2.594ms
[1269.415s][info][gc,cpu         ] GC(207) User=0.01s Sys=0.00s Real=0.00s
[1269.415s][info][gc,marking     ] GC(207) Concurrent Mark 505.965ms
[1269.415s][info][gc,marking     ] GC(207) Concurrent Rebuild Remembered Sets and Scrub Regions
[1269.748s][info][gc,marking     ] GC(207) Concurrent Rebuild Remembered Sets and Scrub Regions 333.471ms
[1269.748s][info][gc,start       ] GC(207) Pause Cleanup
[1269.749s][info][gc             ] GC(207) Pause Cleanup 1554M->1554M(4096M) 0.115ms
[1269.749s][info][gc,cpu         ] GC(207) User=0.00s Sys=0.00s Real=0.00s
[1269.749s][info][gc,marking     ] GC(207) Concurrent Clear Claimed Marks
[1269.749s][info][gc,marking     ] GC(207) Concurrent Clear Claimed Marks 0.029ms
[1269.749s][info][gc,marking     ] GC(207) Concurrent Cleanup for Next Mark
[1269.752s][info][gc,marking     ] GC(207) Concurrent Cleanup for Next Mark 3.292ms
[1269.752s][info][gc             ] GC(207) Concurrent Mark Cycle 952.463ms
.............[1282.365s][info][gc,start       ] GC(208) Pause Young (Prepare Mixed) (G1 Evacuation Pause)
[1282.366s][info][gc,task        ] GC(208) Using 6 workers of 6 for evacuation
[1282.480s][info][gc,phases      ] GC(208)   Pre Evacuate Collection Set: 0.35ms
[1282.480s][info][gc,phases      ] GC(208)   Merge Heap Roots: 0.53ms
[1282.480s][info][gc,phases      ] GC(208)   Evacuate Collection Set: 112.89ms
[1282.480s][info][gc,phases      ] GC(208)   Post Evacuate Collection Set: 0.94ms
[1282.480s][info][gc,phases      ] GC(208)   Other: 0.09ms
[1282.480s][info][gc,heap        ] GC(208) Eden regions: 1119->0(1120)
[1282.480s][info][gc,heap        ] GC(208) Survivor regions: 109->108(154)
[1282.480s][info][gc,heap        ] GC(208) Old regions: 498->530
[1282.480s][info][gc,heap        ] GC(208) Humongous regions: 77->77
[1282.480s][info][gc,metaspace   ] GC(208) Metaspace: 28929K(29248K)->28929K(29248K) NonClass: 24045K(24192K)->24045K(24192K) Class: 4883K(5056K)->4883K(5056K)
[1282.480s][info][gc             ] GC(208) Pause Young (Prepare Mixed) (G1 Evacuation Pause) 3605M->1428M(4096M) 114.938ms
[1282.480s][info][gc,cpu         ] GC(208) User=0.68s Sys=0.00s Real=0.11s
........ (rIR:aIR:PR = 1384:1383:1383) (tPR = 20750) [OK] 
  1289s: Performance info:
         Transaction,    Success,    Partial,     Failed,   Receipts, AvgBarcode, 
             Overall,      83136,          0,          0,      78989,      59.48, 
         Response times:
             Request,    Success,    Partial,     Failed,   SkipFail,     Probes,    Samples,      min,      p50,      p90,      p95,      p99,      max, 
       TotalPurchase,      78989,          0,          0,          0,      77006,      85695,      300,     1400,     2100,     2300,     3900,   134000,
     InStorePurchase,      41542,          0,          0,          0,      40727,      45185,      300,     1400,     2100,     2300,     3900,   129000,
      OnlinePurchase,      29135,          0,          0,          0,      28330,      31463,      300,     1500,     2100,     2400,     3936,   134000,
        InstPurchase,       8312,          0,          0,          0,       7949,       9047,      400,     1400,     2000,     2300,     3752,   121000,
          AssocOfCat,         83,          0,          0,          0,         83,         90,    17800,    24000,    28900,    32450,    71000,    71000,
      AssocOfProduct,        829,          0,          0,          0,        712,        888,      500,     1800,     2300,     2600,     9500,    22000,
      BusinessReport,        208,          0,          0,          0,        148,        207,    19400,    29000,    34000,    38600,   158360,   199000,
          CustBuyBeh,        834,          0,          0,          0,        726,        895,      200,     1100,     2100,     2300,     3000,   119000,
       ProductReturn,       2194,          0,          0,          0,       2003,       2350,      200,     1100,     1900,     2200,     4149,   119000,

  1289s: (11%)   IR =   1522 .....[1295.591s][info][gc,start       ] GC(209) Pause Young (Mixed) (G1 Evacuation Pause)
[1295.591s][info][gc,task        ] GC(209) Using 6 workers of 6 for evacuation
[1295.720s][info][gc,phases      ] GC(209)   Pre Evacuate Collection Set: 0.43ms
[1295.720s][info][gc,phases      ] GC(209)   Merge Heap Roots: 0.70ms
[1295.720s][info][gc,phases      ] GC(209)   Evacuate Collection Set: 126.67ms
[1295.720s][info][gc,phases      ] GC(209)   Post Evacuate Collection Set: 0.94ms
[1295.720s][info][gc,phases      ] GC(209)   Other: 0.10ms
[1295.720s][info][gc,heap        ] GC(209) Eden regions: 1120->0(1119)
[1295.720s][info][gc,heap        ] GC(209) Survivor regions: 108->109(154)
[1295.720s][info][gc,heap        ] GC(209) Old regions: 530->468
[1295.720s][info][gc,heap        ] GC(209) Humongous regions: 77->77
[1295.720s][info][gc,metaspace   ] GC(209) Metaspace: 28930K(29248K)->28930K(29248K) NonClass: 24046K(24192K)->24046K(24192K) Class: 4883K(5056K)->4883K(5056K)
[1295.720s][info][gc             ] GC(209) Pause Young (Mixed) (G1 Evacuation Pause) 3668M->1305M(4096M) 128.966ms
[1295.720s][info][gc,cpu         ] GC(209) User=0.77s Sys=0.00s Real=0.12s
..|...........[1308.149s][info][gc,start       ] GC(210) Pause Young (Concurrent Start) (G1 Evacuation Pause)
[1308.149s][info][gc,task        ] GC(210) Using 6 workers of 6 for evacuation
[1308.271s][info][gc,phases      ] GC(210)   Pre Evacuate Collection Set: 0.37ms
[1308.272s][info][gc,phases      ] GC(210)   Merge Heap Roots: 0.46ms
[1308.272s][info][gc,phases      ] GC(210)   Evacuate Collection Set: 120.52ms
[1308.272s][info][gc,phases      ] GC(210)   Post Evacuate Collection Set: 0.90ms
[1308.272s][info][gc,phases      ] GC(210)   Other: 0.10ms
[1308.272s][info][gc,heap        ] GC(210) Eden regions: 1119->0(1115)
[1308.272s][info][gc,heap        ] GC(210) Survivor regions: 109->113(154)
[1308.272s][info][gc,heap        ] GC(210) Old regions: 468->499
[1308.272s][info][gc,heap        ] GC(210) Humongous regions: 77->77
[1308.272s][info][gc,metaspace   ] GC(210) Metaspace: 28931K(29248K)->28931K(29248K) NonClass: 24048K(24192K)->24048K(24192K) Class: 4883K(5056K)->4883K(5056K)
[1308.272s][info][gc             ] GC(210) Pause Young (Concurrent Start) (G1 Evacuation Pause) 3543M->1376M(4096M) 122.498ms
[1308.272s][info][gc             ] GC(211) Concurrent Mark Cycle
[1308.272s][info][gc,marking     ] GC(211) Concurrent Scan Root Regions
[1308.272s][info][gc,cpu         ] GC(210) User=0.73s Sys=0.00s Real=0.13s
[1308.403s][info][gc,marking     ] GC(211) Concurrent Scan Root Regions 131.050ms
[1308.403s][info][gc,marking     ] GC(211) Concurrent Mark
[1308.403s][info][gc,marking     ] GC(211) Concurrent Mark From Roots
[1308.403s][info][gc,task        ] GC(211) Using 2 workers of 2 for marking
.[1308.954s][info][gc,marking     ] GC(211) Concurrent Mark From Roots 550.894ms
[1308.954s][info][gc,marking     ] GC(211) Concurrent Preclean
[1308.954s][info][gc,marking     ] GC(211) Concurrent Preclean 0.058ms
[1308.954s][info][gc,start       ] GC(211) Pause Remark
[1308.957s][info][gc             ] GC(211) Pause Remark 1513M->1513M(4096M) 2.694ms
[1308.957s][info][gc,cpu         ] GC(211) User=0.02s Sys=0.00s Real=0.00s
[1308.957s][info][gc,marking     ] GC(211) Concurrent Mark 553.879ms
[1308.957s][info][gc,marking     ] GC(211) Concurrent Rebuild Remembered Sets and Scrub Regions
[1309.161s][info][gc,marking     ] GC(211) Concurrent Rebuild Remembered Sets and Scrub Regions 204.308ms
[1309.161s][info][gc,start       ] GC(211) Pause Cleanup
[1309.161s][info][gc             ] GC(211) Pause Cleanup 1550M->1550M(4096M) 0.123ms
[1309.161s][info][gc,cpu         ] GC(211) User=0.00s Sys=0.00s Real=0.00s
[1309.161s][info][gc,marking     ] GC(211) Concurrent Clear Claimed Marks
[1309.161s][info][gc,marking     ] GC(211) Concurrent Clear Claimed Marks 0.025ms
[1309.161s][info][gc,marking     ] GC(211) Concurrent Cleanup for Next Mark
[1309.164s][info][gc,marking     ] GC(211) Concurrent Cleanup for Next Mark 3.173ms
[1309.165s][info][gc             ] GC(211) Concurrent Mark Cycle 892.898ms
...........[1320.663s][info][gc,start       ] GC(212) Pause Young (Prepare Mixed) (G1 Evacuation Pause)
[1320.663s][info][gc,task        ] GC(212) Using 6 workers of 6 for evacuation
[1320.780s][info][gc,phases      ] GC(212)   Pre Evacuate Collection Set: 0.32ms
[1320.780s][info][gc,phases      ] GC(212)   Merge Heap Roots: 0.55ms
[1320.780s][info][gc,phases      ] GC(212)   Evacuate Collection Set: 115.28ms
[1320.780s][info][gc,phases      ] GC(212)   Post Evacuate Collection Set: 0.97ms
[1320.780s][info][gc,phases      ] GC(212)   Other: 0.08ms
[1320.780s][info][gc,heap        ] GC(212) Eden regions: 1115->0(1120)
[1320.780s][info][gc,heap        ] GC(212) Survivor regions: 113->108(154)
[1320.780s][info][gc,heap        ] GC(212) Old regions: 499->532
[1320.780s][info][gc,heap        ] GC(212) Humongous regions: 77->77
[1320.780s][info][gc,metaspace   ] GC(212) Metaspace: 28931K(29248K)->28931K(29248K) NonClass: 24048K(24192K)->24048K(24192K) Class: 4883K(5056K)->4883K(5056K)
[1320.780s][info][gc             ] GC(212) Pause Young (Prepare Mixed) (G1 Evacuation Pause) 3606M->1432M(4096M) 117.339ms
[1320.780s][info][gc,cpu         ] GC(212) User=0.69s Sys=0.00s Real=0.11s
.............[1333.249s][info][gc,start       ] GC(213) Pause Young (Mixed) (G1 Evacuation Pause)
[1333.249s][info][gc,task        ] GC(213) Using 6 workers of 6 for evacuation
[1333.381s][info][gc,phases      ] GC(213)   Pre Evacuate Collection Set: 0.38ms
[1333.381s][info][gc,phases      ] GC(213)   Merge Heap Roots: 0.75ms
[1333.381s][info][gc,phases      ] GC(213)   Evacuate Collection Set: 129.60ms
[1333.381s][info][gc,phases      ] GC(213)   Post Evacuate Collection Set: 0.93ms
[1333.381s][info][gc,phases      ] GC(213)   Other: 0.10ms
[1333.381s][info][gc,heap        ] GC(213) Eden regions: 1120->0(1119)
[1333.381s][info][gc,heap        ] GC(213) Survivor regions: 108->109(154)
[1333.381s][info][gc,heap        ] GC(213) Old regions: 532->468
[1333.381s][info][gc,heap        ] GC(213) Humongous regions: 77->77
[1333.381s][info][gc,metaspace   ] GC(213) Metaspace: 28931K(29248K)->28931K(29248K) NonClass: 24048K(24192K)->24048K(24192K) Class: 4883K(5056K)->4883K(5056K)
[1333.381s][info][gc             ] GC(213) Pause Young (Mixed) (G1 Evacuation Pause) 3672M->1307M(4096M) 131.907ms
[1333.381s][info][gc,cpu         ] GC(213) User=0.78s Sys=0.00s Real=0.13s
............[1345.735s][info][gc,start       ] GC(214) Pause Young (Concurrent Start) (G1 Evacuation Pause)
[1345.735s][info][gc,task        ] GC(214) Using 6 workers of 6 for evacuation
[1345.853s][info][gc,phases      ] GC(214)   Pre Evacuate Collection Set: 0.41ms
[1345.853s][info][gc,phases      ] GC(214)   Merge Heap Roots: 0.54ms
[1345.853s][info][gc,phases      ] GC(214)   Evacuate Collection Set: 116.17ms
[1345.853s][info][gc,phases      ] GC(214)   Post Evacuate Collection Set: 0.88ms
[1345.853s][info][gc,phases      ] GC(214)   Other: 0.12ms
[1345.853s][info][gc,heap        ] GC(214) Eden regions: 1119->0(1118)
[1345.853s][info][gc,heap        ] GC(214) Survivor regions: 109->110(154)
[1345.853s][info][gc,heap        ] GC(214) Old regions: 468->501
[1345.853s][info][gc,heap        ] GC(214) Humongous regions: 77->77
[1345.853s][info][gc,metaspace   ] GC(214) Metaspace: 28931K(29248K)->28931K(29248K) NonClass: 24048K(24192K)->24048K(24192K) Class: 4883K(5056K)->4883K(5056K)
[1345.853s][info][gc             ] GC(214) Pause Young (Concurrent Start) (G1 Evacuation Pause) 3545M->1373M(4096M) 118.270ms
[1345.853s][info][gc             ] GC(215) Concurrent Mark Cycle
[1345.853s][info][gc,marking     ] GC(215) Concurrent Scan Root Regions
[1345.853s][info][gc,cpu         ] GC(214) User=0.70s Sys=0.00s Real=0.12s
.[1346.025s][info][gc,marking     ] GC(215) Concurrent Scan Root Regions 172.150ms
[1346.025s][info][gc,marking     ] GC(215) Concurrent Mark
[1346.025s][info][gc,marking     ] GC(215) Concurrent Mark From Roots
[1346.025s][info][gc,task        ] GC(215) Using 2 workers of 2 for marking
[1346.913s][info][gc,marking     ] GC(215) Concurrent Mark From Roots 887.257ms
[1346.913s][info][gc,marking     ] GC(215) Concurrent Preclean
[1346.913s][info][gc,marking     ] GC(215) Concurrent Preclean 0.053ms
[1346.913s][info][gc,start       ] GC(215) Pause Remark
[1346.916s][info][gc             ] GC(215) Pause Remark 1590M->1590M(4096M) 2.904ms
[1346.916s][info][gc,cpu         ] GC(215) User=0.01s Sys=0.00s Real=0.00s
[1346.916s][info][gc,marking     ] GC(215) Concurrent Mark 890.467ms
[1346.916s][info][gc,marking     ] GC(215) Concurrent Rebuild Remembered Sets and Scrub Regions
.[1347.250s][info][gc,marking     ] GC(215) Concurrent Rebuild Remembered Sets and Scrub Regions 333.965ms
[1347.250s][info][gc,start       ] GC(215) Pause Cleanup
[1347.250s][info][gc             ] GC(215) Pause Cleanup 1636M->1636M(4096M) 0.119ms
[1347.250s][info][gc,cpu         ] GC(215) User=0.00s Sys=0.00s Real=0.00s
[1347.250s][info][gc,marking     ] GC(215) Concurrent Clear Claimed Marks
[1347.250s][info][gc,marking     ] GC(215) Concurrent Clear Claimed Marks 0.033ms
[1347.250s][info][gc,marking     ] GC(215) Concurrent Cleanup for Next Mark
[1347.255s][info][gc,marking     ] GC(215) Concurrent Cleanup for Next Mark 4.257ms
[1347.255s][info][gc             ] GC(215) Concurrent Mark Cycle 1401.327ms
.......... (rIR:aIR:PR = 1522:1521:1521) (tPR = 22612) [OK] 
  1356s: Performance info:
         Transaction,    Success,    Partial,     Failed,   Receipts, AvgBarcode, 
             Overall,      91335,          0,          0,      86763,      59.48, 
         Response times:
             Request,    Success,    Partial,     Failed,   SkipFail,     Probes,    Samples,      min,      p50,      p90,      p95,      p99,      max, 
       TotalPurchase,      86763,          0,          0,          0,      84091,      95223,      300,     1500,     2300,     2500,     4200,   144000,
     InStorePurchase,      45703,          0,          0,          0,      44336,      50026,      300,     1600,     2300,     2500,     4400,   144000,
      OnlinePurchase,      31924,          0,          0,          0,      31065,      35169,      300,     1500,     2300,     2500,     4500,   144000,
        InstPurchase,       9136,          0,          0,          0,       8690,      10028,      400,     1400,     2200,     2400,     3671,   137000,
          AssocOfCat,         90,          0,          0,          0,         83,        100,    18700,    25000,    30000,    31950,   154870,   156000,
      AssocOfProduct,        917,          0,          0,          0,        801,       1032,      400,     1700,     2500,     2700,     3467,    31000,
      BusinessReport,        230,          0,          0,          0,        161,        226,    19600,    29000,    36000,    39650,   165330,   193000,
          CustBuyBeh,        913,          0,          0,          0,        802,       1019,      300,     1700,     2300,     2500,     8380,   137000,
       ProductReturn,       2422,          0,          0,          0,       2216,       2654,      200,     1200,     2000,     2200,     3000,    23000,

  1356s: (12%)   IR =   1660 .[1358.111s][info][gc,start       ] GC(216) Pause Young (Prepare Mixed) (G1 Evacuation Pause)
[1358.111s][info][gc,task        ] GC(216) Using 6 workers of 6 for evacuation
[1358.229s][info][gc,phases      ] GC(216)   Pre Evacuate Collection Set: 0.37ms
[1358.229s][info][gc,phases      ] GC(216)   Merge Heap Roots: 0.55ms
[1358.229s][info][gc,phases      ] GC(216)   Evacuate Collection Set: 115.86ms
[1358.229s][info][gc,phases      ] GC(216)   Post Evacuate Collection Set: 0.99ms
[1358.229s][info][gc,phases      ] GC(216)   Other: 0.09ms
[1358.229s][info][gc,heap        ] GC(216) Eden regions: 1118->0(1117)
[1358.229s][info][gc,heap        ] GC(216) Survivor regions: 110->109(154)
[1358.229s][info][gc,heap        ] GC(216) Old regions: 501->533
[1358.229s][info][gc,heap        ] GC(216) Humongous regions: 77->77
[1358.229s][info][gc,metaspace   ] GC(216) Metaspace: 28931K(29248K)->28931K(29248K) NonClass: 24048K(24192K)->24048K(24192K) Class: 4883K(5056K)->4883K(5056K)
[1358.229s][info][gc             ] GC(216) Pause Young (Prepare Mixed) (G1 Evacuation Pause) 3609M->1436M(4096M) 117.976ms
[1358.229s][info][gc,cpu         ] GC(216) User=0.70s Sys=0.00s Real=0.11s
...|........[1369.635s][info][gc,start       ] GC(217) Pause Young (Mixed) (G1 Evacuation Pause)
[1369.635s][info][gc,task        ] GC(217) Using 6 workers of 6 for evacuation
[1369.765s][info][gc,phases      ] GC(217)   Pre Evacuate Collection Set: 0.37ms
[1369.765s][info][gc,phases      ] GC(217)   Merge Heap Roots: 0.65ms
[1369.765s][info][gc,phases      ] GC(217)   Evacuate Collection Set: 127.51ms
[1369.765s][info][gc,phases      ] GC(217)   Post Evacuate Collection Set: 1.02ms
[1369.765s][info][gc,phases      ] GC(217)   Other: 0.09ms
[1369.765s][info][gc,heap        ] GC(217) Eden regions: 1117->0(1119)
[1369.765s][info][gc,heap        ] GC(217) Survivor regions: 109->109(154)
[1369.765s][info][gc,heap        ] GC(217) Old regions: 533->469
[1369.765s][info][gc,heap        ] GC(217) Humongous regions: 77->77
[1369.765s][info][gc,metaspace   ] GC(217) Metaspace: 28931K(29248K)->28931K(29248K) NonClass: 24048K(24192K)->24048K(24192K) Class: 4883K(5056K)->4883K(5056K)
[1369.765s][info][gc             ] GC(217) Pause Young (Mixed) (G1 Evacuation Pause) 3670M->1307M(4096M) 129.764ms
[1369.765s][info][gc,cpu         ] GC(217) User=0.77s Sys=0.00s Real=0.13s
............[1381.149s][info][gc,start       ] GC(218) Pause Young (Concurrent Start) (G1 Evacuation Pause)
[1381.149s][info][gc,task        ] GC(218) Using 6 workers of 6 for evacuation
[1381.265s][info][gc,phases      ] GC(218)   Pre Evacuate Collection Set: 0.44ms
[1381.265s][info][gc,phases      ] GC(218)   Merge Heap Roots: 0.53ms
[1381.265s][info][gc,phases      ] GC(218)   Evacuate Collection Set: 114.09ms
[1381.265s][info][gc,phases      ] GC(218)   Post Evacuate Collection Set: 0.89ms
[1381.265s][info][gc,phases      ] GC(218)   Other: 0.14ms
[1381.265s][info][gc,heap        ] GC(218) Eden regions: 1119->0(1119)
[1381.265s][info][gc,heap        ] GC(218) Survivor regions: 109->109(154)
[1381.265s][info][gc,heap        ] GC(218) Old regions: 469->501
[1381.265s][info][gc,heap        ] GC(218) Humongous regions: 77->77
[1381.265s][info][gc,metaspace   ] GC(218) Metaspace: 28931K(29248K)->28931K(29248K) NonClass: 24048K(24192K)->24048K(24192K) Class: 4883K(5056K)->4883K(5056K)
[1381.265s][info][gc             ] GC(218) Pause Young (Concurrent Start) (G1 Evacuation Pause) 3545M->1372M(4096M) 116.228ms
[1381.265s][info][gc             ] GC(219) Concurrent Mark Cycle
[1381.265s][info][gc,marking     ] GC(219) Concurrent Scan Root Regions
[1381.265s][info][gc,cpu         ] GC(218) User=0.69s Sys=0.00s Real=0.12s
[1381.433s][info][gc,marking     ] GC(219) Concurrent Scan Root Regions 168.456ms
[1381.433s][info][gc,marking     ] GC(219) Concurrent Mark
[1381.433s][info][gc,marking     ] GC(219) Concurrent Mark From Roots
[1381.433s][info][gc,task        ] GC(219) Using 2 workers of 2 for marking
.[1382.337s][info][gc,marking     ] GC(219) Concurrent Mark From Roots 903.157ms
[1382.337s][info][gc,marking     ] GC(219) Concurrent Preclean
[1382.337s][info][gc,marking     ] GC(219) Concurrent Preclean 0.042ms
[1382.337s][info][gc,start       ] GC(219) Pause Remark
[1382.339s][info][gc             ] GC(219) Pause Remark 1609M->1609M(4096M) 2.595ms
[1382.339s][info][gc,cpu         ] GC(219) User=0.02s Sys=0.01s Real=0.00s
[1382.339s][info][gc,marking     ] GC(219) Concurrent Mark 906.021ms
[1382.339s][info][gc,marking     ] GC(219) Concurrent Rebuild Remembered Sets and Scrub Regions
[1382.726s][info][gc,marking     ] GC(219) Concurrent Rebuild Remembered Sets and Scrub Regions 386.712ms
[1382.726s][info][gc,start       ] GC(219) Pause Cleanup
[1382.726s][info][gc             ] GC(219) Pause Cleanup 1697M->1697M(4096M) 0.127ms
[1382.727s][info][gc,cpu         ] GC(219) User=0.00s Sys=0.00s Real=0.00s
[1382.727s][info][gc,marking     ] GC(219) Concurrent Clear Claimed Marks
[1382.727s][info][gc,marking     ] GC(219) Concurrent Clear Claimed Marks 0.032ms
[1382.727s][info][gc,marking     ] GC(219) Concurrent Cleanup for Next Mark
[1382.730s][info][gc,marking     ] GC(219) Concurrent Cleanup for Next Mark 3.891ms
[1382.731s][info][gc             ] GC(219) Concurrent Mark Cycle 1465.573ms
..........[1392.629s][info][gc,start       ] GC(220) Pause Young (Prepare Mixed) (G1 Evacuation Pause)
[1392.629s][info][gc,task        ] GC(220) Using 6 workers of 6 for evacuation
[1392.746s][info][gc,phases      ] GC(220)   Pre Evacuate Collection Set: 0.39ms
[1392.746s][info][gc,phases      ] GC(220)   Merge Heap Roots: 0.54ms
[1392.746s][info][gc,phases      ] GC(220)   Evacuate Collection Set: 114.16ms
[1392.746s][info][gc,phases      ] GC(220)   Post Evacuate Collection Set: 0.95ms
[1392.746s][info][gc,phases      ] GC(220)   Other: 0.09ms
[1392.746s][info][gc,heap        ] GC(220) Eden regions: 1119->0(1120)
[1392.746s][info][gc,heap        ] GC(220) Survivor regions: 109->108(154)
[1392.746s][info][gc,heap        ] GC(220) Old regions: 501->532
[1392.746s][info][gc,heap        ] GC(220) Humongous regions: 77->77
[1392.746s][info][gc,metaspace   ] GC(220) Metaspace: 28931K(29248K)->28931K(29248K) NonClass: 24048K(24192K)->24048K(24192K) Class: 4883K(5056K)->4883K(5056K)
[1392.746s][info][gc             ] GC(220) Pause Young (Prepare Mixed) (G1 Evacuation Pause) 3610M->1433M(4096M) 116.254ms
[1392.746s][info][gc,cpu         ] GC(220) User=0.69s Sys=0.00s Real=0.12s
............[1404.211s][info][gc,start       ] GC(221) Pause Young (Mixed) (G1 Evacuation Pause)
[1404.211s][info][gc,task        ] GC(221) Using 6 workers of 6 for evacuation
[1404.342s][info][gc,phases      ] GC(221)   Pre Evacuate Collection Set: 0.37ms
[1404.342s][info][gc,phases      ] GC(221)   Merge Heap Roots: 0.74ms
[1404.342s][info][gc,phases      ] GC(221)   Evacuate Collection Set: 128.96ms
[1404.342s][info][gc,phases      ] GC(221)   Post Evacuate Collection Set: 0.98ms
[1404.342s][info][gc,phases      ] GC(221)   Other: 0.11ms
[1404.342s][info][gc,heap        ] GC(221) Eden regions: 1120->0(1119)
[1404.342s][info][gc,heap        ] GC(221) Survivor regions: 108->109(154)
[1404.342s][info][gc,heap        ] GC(221) Old regions: 532->467
[1404.342s][info][gc,heap        ] GC(221) Humongous regions: 77->77
[1404.342s][info][gc,metaspace   ] GC(221) Metaspace: 28931K(29248K)->28931K(29248K) NonClass: 24048K(24192K)->24048K(24192K) Class: 4883K(5056K)->4883K(5056K)
[1404.342s][info][gc             ] GC(221) Pause Young (Mixed) (G1 Evacuation Pause) 3673M->1304M(4096M) 131.299ms
[1404.342s][info][gc,cpu         ] GC(221) User=0.78s Sys=0.00s Real=0.14s
...........[1415.587s][info][gc,start       ] GC(222) Pause Young (Concurrent Start) (G1 Evacuation Pause)
[1415.587s][info][gc,task        ] GC(222) Using 6 workers of 6 for evacuation
[1415.702s][info][gc,phases      ] GC(222)   Pre Evacuate Collection Set: 0.42ms
[1415.702s][info][gc,phases      ] GC(222)   Merge Heap Roots: 0.48ms
[1415.702s][info][gc,phases      ] GC(222)   Evacuate Collection Set: 113.37ms
[1415.702s][info][gc,phases      ] GC(222)   Post Evacuate Collection Set: 0.91ms
[1415.702s][info][gc,phases      ] GC(222)   Other: 0.12ms
[1415.702s][info][gc,heap        ] GC(222) Eden regions: 1119->0(1119)
[1415.702s][info][gc,heap        ] GC(222) Survivor regions: 109->109(154)
[1415.702s][info][gc,heap        ] GC(222) Old regions: 467->499
[1415.702s][info][gc,heap        ] GC(222) Humongous regions: 77->77
[1415.702s][info][gc,metaspace   ] GC(222) Metaspace: 28932K(29248K)->28932K(29248K) NonClass: 24049K(24192K)->24049K(24192K) Class: 4883K(5056K)->4883K(5056K)
[1415.702s][info][gc             ] GC(222) Pause Young (Concurrent Start) (G1 Evacuation Pause) 3542M->1367M(4096M) 115.435ms
[1415.702s][info][gc             ] GC(223) Concurrent Mark Cycle
[1415.702s][info][gc,marking     ] GC(223) Concurrent Scan Root Regions
[1415.702s][info][gc,cpu         ] GC(222) User=0.69s Sys=0.00s Real=0.12s
[1415.872s][info][gc,marking     ] GC(223) Concurrent Scan Root Regions 169.384ms
[1415.872s][info][gc,marking     ] GC(223) Concurrent Mark
[1415.872s][info][gc,marking     ] GC(223) Concurrent Mark From Roots
[1415.872s][info][gc,task        ] GC(223) Using 2 workers of 2 for marking
.[1416.821s][info][gc,marking     ] GC(223) Concurrent Mark From Roots 949.194ms
[1416.821s][info][gc,marking     ] GC(223) Concurrent Preclean
[1416.821s][info][gc,marking     ] GC(223) Concurrent Preclean 0.054ms
[1416.821s][info][gc,start       ] GC(223) Pause Remark
[1416.824s][info][gc             ] GC(223) Pause Remark 1631M->1631M(4096M) 2.571ms
[1416.824s][info][gc,cpu         ] GC(223) User=0.01s Sys=0.00s Real=0.00s
[1416.824s][info][gc,marking     ] GC(223) Concurrent Mark 952.108ms
[1416.824s][info][gc,marking     ] GC(223) Concurrent Rebuild Remembered Sets and Scrub Regions
.[1417.028s][info][gc,marking     ] GC(223) Concurrent Rebuild Remembered Sets and Scrub Regions 204.350ms
[1417.028s][info][gc,start       ] GC(223) Pause Cleanup
[1417.028s][info][gc             ] GC(223) Pause Cleanup 1669M->1669M(4096M) 0.118ms
[1417.028s][info][gc,cpu         ] GC(223) User=0.00s Sys=0.00s Real=0.00s
[1417.028s][info][gc,marking     ] GC(223) Concurrent Clear Claimed Marks
[1417.028s][info][gc,marking     ] GC(223) Concurrent Clear Claimed Marks 0.031ms
[1417.029s][info][gc,marking     ] GC(223) Concurrent Cleanup for Next Mark
[1417.032s][info][gc,marking     ] GC(223) Concurrent Cleanup for Next Mark 3.162ms
[1417.032s][info][gc             ] GC(223) Concurrent Mark Cycle 1329.510ms
.... (rIR:aIR:PR = 1660:1661:1661) (tPR = 24891) [OK] 
  1420s: Performance info:
         Transaction,    Success,    Partial,     Failed,   Receipts, AvgBarcode, 
             Overall,      99701,          0,          0,      94705,      59.48, 
         Response times:
             Request,    Success,    Partial,     Failed,   SkipFail,     Probes,    Samples,      min,      p50,      p90,      p95,      p99,      max, 
       TotalPurchase,      94705,          0,          0,          0,      92261,      99537,      300,     1600,     2400,     2700,     5600,   135000,
     InStorePurchase,      49816,          0,          0,          0,      48587,      52140,      300,     1600,     2400,     2700,     5100,   135000,
      OnlinePurchase,      34911,          0,          0,          0,      34092,      36825,      300,     1600,     2400,     2700,     6274,   135000,
        InstPurchase,       9978,          0,          0,          0,       9582,      10572,      400,     1700,     2500,     2700,     5527,   133000,
          AssocOfCat,        100,          0,          0,          0,         96,        105,    18900,    26000,    31000,    37000,   154460,   155000,
      AssocOfProduct,        998,          0,          0,          0,        899,       1108,      500,     1300,     2000,     2200,     2982,   134000,
      BusinessReport,        251,          0,          0,          0,        198,        253,    19600,    29000,    35000,    38000,    45460,    61000,
          CustBuyBeh,        999,          0,          0,          0,        874,       1032,      200,     1100,     2000,     2300,     7535,   121000,
       ProductReturn,       2648,          0,          0,          0,       2403,       2717,      200,     1700,     2500,     2710,     4400,   122000,

  1420s: (13%)   IR =   1799 ....|.[1426.497s][info][gc,start       ] GC(224) Pause Young (Prepare Mixed) (G1 Evacuation Pause)
[1426.497s][info][gc,task        ] GC(224) Using 6 workers of 6 for evacuation
[1426.613s][info][gc,phases      ] GC(224)   Pre Evacuate Collection Set: 0.32ms
[1426.613s][info][gc,phases      ] GC(224)   Merge Heap Roots: 0.54ms
[1426.613s][info][gc,phases      ] GC(224)   Evacuate Collection Set: 113.90ms
[1426.613s][info][gc,phases      ] GC(224)   Post Evacuate Collection Set: 0.95ms
[1426.613s][info][gc,phases      ] GC(224)   Other: 0.10ms
[1426.613s][info][gc,heap        ] GC(224) Eden regions: 1119->0(1120)
[1426.613s][info][gc,heap        ] GC(224) Survivor regions: 109->108(154)
[1426.613s][info][gc,heap        ] GC(224) Old regions: 499->531
[1426.613s][info][gc,heap        ] GC(224) Humongous regions: 77->77
[1426.613s][info][gc,metaspace   ] GC(224) Metaspace: 28935K(29248K)->28935K(29248K) NonClass: 24051K(24192K)->24051K(24192K) Class: 4883K(5056K)->4883K(5056K)
[1426.613s][info][gc             ] GC(224) Pause Young (Prepare Mixed) (G1 Evacuation Pause) 3605M->1430M(4096M) 115.950ms
[1426.613s][info][gc,cpu         ] GC(224) User=0.69s Sys=0.00s Real=0.12s
...........[1437.096s][info][gc,start       ] GC(225) Pause Young (Mixed) (G1 Evacuation Pause)
[1437.096s][info][gc,task        ] GC(225) Using 6 workers of 6 for evacuation
[1437.226s][info][gc,phases      ] GC(225)   Pre Evacuate Collection Set: 0.39ms
[1437.226s][info][gc,phases      ] GC(225)   Merge Heap Roots: 0.70ms
[1437.226s][info][gc,phases      ] GC(225)   Evacuate Collection Set: 127.60ms
[1437.226s][info][gc,phases      ] GC(225)   Post Evacuate Collection Set: 0.98ms
[1437.226s][info][gc,phases      ] GC(225)   Other: 0.09ms
[1437.226s][info][gc,heap        ] GC(225) Eden regions: 1120->0(1119)
[1437.226s][info][gc,heap        ] GC(225) Survivor regions: 108->109(154)
[1437.226s][info][gc,heap        ] GC(225) Old regions: 531->468
[1437.226s][info][gc,heap        ] GC(225) Humongous regions: 77->77
[1437.226s][info][gc,metaspace   ] GC(225) Metaspace: 28935K(29248K)->28935K(29248K) NonClass: 24051K(24192K)->24051K(24192K) Class: 4883K(5056K)->4883K(5056K)
[1437.226s][info][gc             ] GC(225) Pause Young (Mixed) (G1 Evacuation Pause) 3670M->1307M(4096M) 129.887ms
[1437.226s][info][gc,cpu         ] GC(225) User=0.77s Sys=0.00s Real=0.13s
..........[1447.687s][info][gc,start       ] GC(226) Pause Young (Concurrent Start) (G1 Evacuation Pause)
[1447.687s][info][gc,task        ] GC(226) Using 6 workers of 6 for evacuation
[1447.803s][info][gc,phases      ] GC(226)   Pre Evacuate Collection Set: 0.42ms
[1447.803s][info][gc,phases      ] GC(226)   Merge Heap Roots: 0.50ms
[1447.803s][info][gc,phases      ] GC(226)   Evacuate Collection Set: 113.54ms
[1447.803s][info][gc,phases      ] GC(226)   Post Evacuate Collection Set: 0.89ms
[1447.803s][info][gc,phases      ] GC(226)   Other: 0.11ms
[1447.803s][info][gc,heap        ] GC(226) Eden regions: 1119->0(1119)
[1447.803s][info][gc,heap        ] GC(226) Survivor regions: 109->109(154)
[1447.803s][info][gc,heap        ] GC(226) Old regions: 468->500
[1447.803s][info][gc,heap        ] GC(226) Humongous regions: 77->77
[1447.803s][info][gc,metaspace   ] GC(226) Metaspace: 28935K(29248K)->28935K(29248K) NonClass: 24051K(24192K)->24051K(24192K) Class: 4883K(5056K)->4883K(5056K)
[1447.803s][info][gc             ] GC(226) Pause Young (Concurrent Start) (G1 Evacuation Pause) 3545M->1369M(4096M) 115.597ms
[1447.803s][info][gc             ] GC(227) Concurrent Mark Cycle
[1447.803s][info][gc,marking     ] GC(227) Concurrent Scan Root Regions
[1447.803s][info][gc,cpu         ] GC(226) User=0.69s Sys=0.00s Real=0.12s
[1447.931s][info][gc,marking     ] GC(227) Concurrent Scan Root Regions 128.368ms
[1447.931s][info][gc,marking     ] GC(227) Concurrent Mark
[1447.931s][info][gc,marking     ] GC(227) Concurrent Mark From Roots
[1447.931s][info][gc,task        ] GC(227) Using 2 workers of 2 for marking
.[1448.456s][info][gc,marking     ] GC(227) Concurrent Mark From Roots 524.247ms
[1448.456s][info][gc,marking     ] GC(227) Concurrent Preclean
[1448.456s][info][gc,marking     ] GC(227) Concurrent Preclean 0.057ms
[1448.456s][info][gc,start       ] GC(227) Pause Remark
[1448.458s][info][gc             ] GC(227) Pause Remark 1532M->1532M(4096M) 2.308ms
[1448.458s][info][gc,cpu         ] GC(227) User=0.01s Sys=0.00s Real=0.00s
[1448.458s][info][gc,marking     ] GC(227) Concurrent Mark 526.859ms
[1448.458s][info][gc,marking     ] GC(227) Concurrent Rebuild Remembered Sets and Scrub Regions
[1448.698s][info][gc,marking     ] GC(227) Concurrent Rebuild Remembered Sets and Scrub Regions 239.760ms
[1448.698s][info][gc,start       ] GC(227) Pause Cleanup
[1448.698s][info][gc             ] GC(227) Pause Cleanup 1577M->1577M(4096M) 0.117ms
[1448.698s][info][gc,cpu         ] GC(227) User=0.00s Sys=0.00s Real=0.00s
[1448.698s][info][gc,marking     ] GC(227) Concurrent Clear Claimed Marks
[1448.698s][info][gc,marking     ] GC(227) Concurrent Clear Claimed Marks 0.030ms
[1448.698s][info][gc,marking     ] GC(227) Concurrent Cleanup for Next Mark
[1448.702s][info][gc,marking     ] GC(227) Concurrent Cleanup for Next Mark 3.209ms
[1448.702s][info][gc             ] GC(227) Concurrent Mark Cycle 898.699ms
..........[1458.285s][info][gc,start       ] GC(228) Pause Young (Prepare Mixed) (G1 Evacuation Pause)
[1458.285s][info][gc,task        ] GC(228) Using 6 workers of 6 for evacuation
[1458.401s][info][gc,phases      ] GC(228)   Pre Evacuate Collection Set: 0.34ms
[1458.401s][info][gc,phases      ] GC(228)   Merge Heap Roots: 0.53ms
[1458.401s][info][gc,phases      ] GC(228)   Evacuate Collection Set: 113.87ms
[1458.401s][info][gc,phases      ] GC(228)   Post Evacuate Collection Set: 0.92ms
[1458.401s][info][gc,phases      ] GC(228)   Other: 0.08ms
[1458.401s][info][gc,heap        ] GC(228) Eden regions: 1119->0(1118)
[1458.401s][info][gc,heap        ] GC(228) Survivor regions: 109->109(154)
[1458.401s][info][gc,heap        ] GC(228) Old regions: 500->532
[1458.401s][info][gc,heap        ] GC(228) Humongous regions: 77->77
[1458.401s][info][gc,metaspace   ] GC(228) Metaspace: 28936K(29248K)->28936K(29248K) NonClass: 24052K(24192K)->24052K(24192K) Class: 4883K(5056K)->4883K(5056K)
[1458.401s][info][gc             ] GC(228) Pause Young (Prepare Mixed) (G1 Evacuation Pause) 3607M->1433M(4096M) 115.865ms
[1458.401s][info][gc,cpu         ] GC(228) User=0.69s Sys=0.00s Real=0.12s
..........[1468.863s][info][gc,start       ] GC(229) Pause Young (Mixed) (G1 Evacuation Pause)
[1468.863s][info][gc,task        ] GC(229) Using 6 workers of 6 for evacuation
[1468.992s][info][gc,phases      ] GC(229)   Pre Evacuate Collection Set: 0.38ms
[1468.992s][info][gc,phases      ] GC(229)   Merge Heap Roots: 0.70ms
[1468.992s][info][gc,phases      ] GC(229)   Evacuate Collection Set: 127.39ms
[1468.992s][info][gc,phases      ] GC(229)   Post Evacuate Collection Set: 0.95ms
[1468.992s][info][gc,phases      ] GC(229)   Other: 0.09ms
[1468.992s][info][gc,heap        ] GC(229) Eden regions: 1118->0(1120)
[1468.992s][info][gc,heap        ] GC(229) Survivor regions: 109->108(154)
[1468.992s][info][gc,heap        ] GC(229) Old regions: 532->468
[1468.992s][info][gc,heap        ] GC(229) Humongous regions: 77->77
[1468.992s][info][gc,metaspace   ] GC(229) Metaspace: 28936K(29248K)->28936K(29248K) NonClass: 24052K(24192K)->24052K(24192K) Class: 4883K(5056K)->4883K(5056K)
[1468.992s][info][gc             ] GC(229) Pause Young (Mixed) (G1 Evacuation Pause) 3669M->1304M(4096M) 129.641ms
[1468.992s][info][gc,cpu         ] GC(229) User=0.77s Sys=0.00s Real=0.13s
.........[1477.466s][info][gc,start       ] GC(230) Pause Young (Concurrent Start) (G1 Humongous Allocation)
[1477.466s][info][gc,task        ] GC(230) Using 6 workers of 6 for evacuation
[1477.575s][info][gc,phases      ] GC(230)   Pre Evacuate Collection Set: 0.40ms
[1477.575s][info][gc,phases      ] GC(230)   Merge Heap Roots: 0.47ms
[1477.575s][info][gc,phases      ] GC(230)   Evacuate Collection Set: 107.32ms
[1477.575s][info][gc,phases      ] GC(230)   Post Evacuate Collection Set: 0.80ms
[1477.575s][info][gc,phases      ] GC(230)   Other: 0.12ms
[1477.575s][info][gc,heap        ] GC(230) Eden regions: 912->0(1126)
[1477.575s][info][gc,heap        ] GC(230) Survivor regions: 108->102(154)
[1477.575s][info][gc,heap        ] GC(230) Old regions: 468->502
[1477.575s][info][gc,heap        ] GC(230) Humongous regions: 77->77
[1477.575s][info][gc,metaspace   ] GC(230) Metaspace: 28936K(29248K)->28936K(29248K) NonClass: 24053K(24192K)->24053K(24192K) Class: 4883K(5056K)->4883K(5056K)
[1477.575s][info][gc             ] GC(230) Pause Young (Concurrent Start) (G1 Humongous Allocation) 3128M->1360M(4096M) 109.235ms
[1477.575s][info][gc             ] GC(231) Concurrent Mark Cycle
[1477.575s][info][gc,marking     ] GC(231) Concurrent Scan Root Regions
[1477.576s][info][gc,cpu         ] GC(230) User=0.65s Sys=0.00s Real=0.11s
[1477.687s][info][gc,marking     ] GC(231) Concurrent Scan Root Regions 111.864ms
[1477.687s][info][gc,marking     ] GC(231) Concurrent Mark
[1477.687s][info][gc,marking     ] GC(231) Concurrent Mark From Roots
[1477.687s][info][gc,task        ] GC(231) Using 2 workers of 2 for marking
.[1478.223s][info][gc,marking     ] GC(231) Concurrent Mark From Roots 535.990ms
[1478.223s][info][gc,marking     ] GC(231) Concurrent Preclean
[1478.224s][info][gc,marking     ] GC(231) Concurrent Preclean 0.050ms
[1478.224s][info][gc,start       ] GC(231) Pause Remark
[1478.226s][info][gc             ] GC(231) Pause Remark 1504M->1504M(4096M) 2.360ms
[1478.226s][info][gc,cpu         ] GC(231) User=0.01s Sys=0.00s Real=0.00s
[1478.226s][info][gc,marking     ] GC(231) Concurrent Mark 538.623ms
[1478.226s][info][gc,marking     ] GC(231) Concurrent Rebuild Remembered Sets and Scrub Regions
[1478.445s][info][gc,marking     ] GC(231) Concurrent Rebuild Remembered Sets and Scrub Regions 219.038ms
[1478.445s][info][gc,start       ] GC(231) Pause Cleanup
[1478.445s][info][gc             ] GC(231) Pause Cleanup 1577M->1577M(4096M) 0.126ms
[1478.445s][info][gc,cpu         ] GC(231) User=0.00s Sys=0.00s Real=0.00s
[1478.445s][info][gc,marking     ] GC(231) Concurrent Clear Claimed Marks
[1478.445s][info][gc,marking     ] GC(231) Concurrent Clear Claimed Marks 0.034ms
[1478.445s][info][gc,marking     ] GC(231) Concurrent Cleanup for Next Mark
[1478.450s][info][gc,marking     ] GC(231) Concurrent Cleanup for Next Mark 4.190ms
[1478.450s][info][gc             ] GC(231) Concurrent Mark Cycle 874.279ms
....... (rIR:aIR:PR = 1799:1800:1800) (tPR = 26779) [OK] 
  1484s: Performance info:
         Transaction,    Success,    Partial,     Failed,   Receipts, AvgBarcode, 
             Overall,     108032,          0,          0,     102630,      59.49, 
         Response times:
             Request,    Success,    Partial,     Failed,   SkipFail,     Probes,    Samples,      min,      p50,      p90,      p95,      p99,      max, 
       TotalPurchase,     102630,          0,          0,          0,      99459,     107330,      300,     1700,     2600,     2900,     5800,   144000,
     InStorePurchase,      54007,          0,          0,          0,      52688,      56727,      300,     1600,     2500,     2800,     5600,   144000,
      OnlinePurchase,      37812,          0,          0,          0,      36407,      39187,      300,     1800,     2600,     2900,     5812,   144000,
        InstPurchase,      10811,          0,          0,          0,      10364,      11416,      400,     1600,     2500,     2800,     6183,   144000,
          AssocOfCat,        108,          0,          0,          0,        105,        114,    17800,    26000,    30000,    34000,    41400,    42000,
      AssocOfProduct,       1081,          0,          0,          0,        938,       1129,      900,     2200,     2900,     3350,    12950,   133000,
      BusinessReport,        272,          0,          0,          0,        194,        292,    21000,    30000,    37700,    44000,    60400,   184000,
          CustBuyBeh,       1078,          0,          0,          0,        942,       1118,      300,     1200,     1900,     2300,     6343,   119000,
       ProductReturn,       2863,          0,          0,          0,       2618,       3002,      200,     1800,     2600,     2900,     9600,   119000,

  1484s: (14%)   IR =   1937 ..[1487.758s][info][gc,start       ] GC(232) Pause Young (Prepare Mixed) (G1 Evacuation Pause)
[1487.758s][info][gc,task        ] GC(232) Using 6 workers of 6 for evacuation
[1487.875s][info][gc,phases      ] GC(232)   Pre Evacuate Collection Set: 0.37ms
[1487.875s][info][gc,phases      ] GC(232)   Merge Heap Roots: 0.60ms
[1487.875s][info][gc,phases      ] GC(232)   Evacuate Collection Set: 115.59ms
[1487.875s][info][gc,phases      ] GC(232)   Post Evacuate Collection Set: 1.00ms
[1487.875s][info][gc,phases      ] GC(232)   Other: 0.09ms
[1487.875s][info][gc,heap        ] GC(232) Eden regions: 1126->0(1118)
[1487.875s][info][gc,heap        ] GC(232) Survivor regions: 102->105(154)
[1487.875s][info][gc,heap        ] GC(232) Old regions: 502->537
[1487.875s][info][gc,heap        ] GC(232) Humongous regions: 80->80
[1487.875s][info][gc,metaspace   ] GC(232) Metaspace: 28936K(29248K)->28936K(29248K) NonClass: 24053K(24192K)->24053K(24192K) Class: 4883K(5056K)->4883K(5056K)
[1487.875s][info][gc             ] GC(232) Pause Young (Prepare Mixed) (G1 Evacuation Pause) 3618M->1442M(4096M) 117.803ms
[1487.875s][info][gc,cpu         ] GC(232) User=0.70s Sys=0.00s Real=0.12s
...|.......[1497.613s][info][gc,start       ] GC(233) Pause Young (Mixed) (G1 Evacuation Pause)
[1497.613s][info][gc,task        ] GC(233) Using 6 workers of 6 for evacuation
[1497.744s][info][gc,phases      ] GC(233)   Pre Evacuate Collection Set: 0.39ms
[1497.744s][info][gc,phases      ] GC(233)   Merge Heap Roots: 0.80ms
[1497.744s][info][gc,phases      ] GC(233)   Evacuate Collection Set: 128.45ms
[1497.744s][info][gc,phases      ] GC(233)   Post Evacuate Collection Set: 0.96ms
[1497.744s][info][gc,phases      ] GC(233)   Other: 0.09ms
[1497.744s][info][gc,heap        ] GC(233) Eden regions: 1118->0(1119)
[1497.744s][info][gc,heap        ] GC(233) Survivor regions: 105->109(153)
[1497.744s][info][gc,heap        ] GC(233) Old regions: 537->473
[1497.744s][info][gc,heap        ] GC(233) Humongous regions: 80->80
[1497.744s][info][gc,metaspace   ] GC(233) Metaspace: 28936K(29248K)->28936K(29248K) NonClass: 24053K(24192K)->24053K(24192K) Class: 4883K(5056K)->4883K(5056K)
[1497.744s][info][gc             ] GC(233) Pause Young (Mixed) (G1 Evacuation Pause) 3678M->1322M(4096M) 130.829ms
[1497.744s][info][gc,cpu         ] GC(233) User=0.78s Sys=0.00s Real=0.13s
..........[1507.403s][info][gc,start       ] GC(234) Pause Young (Concurrent Start) (G1 Evacuation Pause)
[1507.403s][info][gc,task        ] GC(234) Using 6 workers of 6 for evacuation
[1507.525s][info][gc,phases      ] GC(234)   Pre Evacuate Collection Set: 0.39ms
[1507.525s][info][gc,phases      ] GC(234)   Merge Heap Roots: 0.59ms
[1507.525s][info][gc,phases      ] GC(234)   Evacuate Collection Set: 119.96ms
[1507.525s][info][gc,phases      ] GC(234)   Post Evacuate Collection Set: 0.91ms
[1507.525s][info][gc,phases      ] GC(234)   Other: 0.11ms
[1507.525s][info][gc,heap        ] GC(234) Eden regions: 1119->0(1117)
[1507.525s][info][gc,heap        ] GC(234) Survivor regions: 109->111(154)
[1507.525s][info][gc,heap        ] GC(234) Old regions: 473->506
[1507.525s][info][gc,heap        ] GC(234) Humongous regions: 80->80
[1507.525s][info][gc,metaspace   ] GC(234) Metaspace: 28936K(29248K)->28936K(29248K) NonClass: 24053K(24192K)->24053K(24192K) Class: 4883K(5056K)->4883K(5056K)
[1507.525s][info][gc             ] GC(234) Pause Young (Concurrent Start) (G1 Evacuation Pause) 3560M->1391M(4096M) 122.117ms
[1507.525s][info][gc             ] GC(235) Concurrent Mark Cycle
[1507.525s][info][gc,marking     ] GC(235) Concurrent Scan Root Regions
[1507.525s][info][gc,cpu         ] GC(234) User=0.73s Sys=0.00s Real=0.12s
[1507.648s][info][gc,marking     ] GC(235) Concurrent Scan Root Regions 123.404ms
[1507.648s][info][gc,marking     ] GC(235) Concurrent Mark
[1507.648s][info][gc,marking     ] GC(235) Concurrent Mark From Roots
[1507.648s][info][gc,task        ] GC(235) Using 2 workers of 2 for marking
.[1508.186s][info][gc,marking     ] GC(235) Concurrent Mark From Roots 537.700ms
[1508.186s][info][gc,marking     ] GC(235) Concurrent Preclean
[1508.186s][info][gc,marking     ] GC(235) Concurrent Preclean 0.052ms
[1508.186s][info][gc,start       ] GC(235) Pause Remark
[1508.189s][info][gc             ] GC(235) Pause Remark 1554M->1554M(4096M) 2.393ms
[1508.189s][info][gc,cpu         ] GC(235) User=0.01s Sys=0.00s Real=0.00s
[1508.189s][info][gc,marking     ] GC(235) Concurrent Mark 540.375ms
[1508.189s][info][gc,marking     ] GC(235) Concurrent Rebuild Remembered Sets and Scrub Regions
[1508.400s][info][gc,marking     ] GC(235) Concurrent Rebuild Remembered Sets and Scrub Regions 211.014ms
[1508.400s][info][gc,start       ] GC(235) Pause Cleanup
[1508.400s][info][gc             ] GC(235) Pause Cleanup 1606M->1606M(4096M) 0.132ms
[1508.400s][info][gc,cpu         ] GC(235) User=0.00s Sys=0.00s Real=0.00s
[1508.400s][info][gc,marking     ] GC(235) Concurrent Clear Claimed Marks
[1508.400s][info][gc,marking     ] GC(235) Concurrent Clear Claimed Marks 0.031ms
[1508.400s][info][gc,marking     ] GC(235) Concurrent Cleanup for Next Mark
[1508.403s][info][gc,marking     ] GC(235) Concurrent Cleanup for Next Mark 3.196ms
[1508.403s][info][gc             ] GC(235) Concurrent Mark Cycle 878.479ms
.........[1517.184s][info][gc,start       ] GC(236) Pause Young (Prepare Mixed) (G1 Evacuation Pause)
[1517.184s][info][gc,task        ] GC(236) Using 6 workers of 6 for evacuation
[1517.300s][info][gc,phases      ] GC(236)   Pre Evacuate Collection Set: 0.40ms
[1517.300s][info][gc,phases      ] GC(236)   Merge Heap Roots: 0.67ms
[1517.300s][info][gc,phases      ] GC(236)   Evacuate Collection Set: 114.22ms
[1517.300s][info][gc,phases      ] GC(236)   Post Evacuate Collection Set: 0.94ms
[1517.300s][info][gc,phases      ] GC(236)   Other: 0.10ms
[1517.300s][info][gc,heap        ] GC(236) Eden regions: 1117->0(1110)
[1517.300s][info][gc,heap        ] GC(236) Survivor regions: 111->109(154)
[1517.300s][info][gc,heap        ] GC(236) Old regions: 506->537
[1517.300s][info][gc,heap        ] GC(236) Humongous regions: 80->80
[1517.300s][info][gc,metaspace   ] GC(236) Metaspace: 28936K(29248K)->28936K(29248K) NonClass: 24053K(24192K)->24053K(24192K) Class: 4883K(5056K)->4883K(5056K)
[1517.300s][info][gc             ] GC(236) Pause Young (Prepare Mixed) (G1 Evacuation Pause) 3625M->1451M(4096M) 116.474ms
[1517.300s][info][gc,cpu         ] GC(236) User=0.69s Sys=0.00s Real=0.11s
.........[1526.938s][info][gc,start       ] GC(237) Pause Young (Mixed) (G1 Evacuation Pause)
[1526.938s][info][gc,task        ] GC(237) Using 6 workers of 6 for evacuation
[1527.072s][info][gc,phases      ] GC(237)   Pre Evacuate Collection Set: 0.45ms
[1527.072s][info][gc,phases      ] GC(237)   Merge Heap Roots: 0.90ms
[1527.072s][info][gc,phases      ] GC(237)   Evacuate Collection Set: 131.73ms
[1527.072s][info][gc,phases      ] GC(237)   Post Evacuate Collection Set: 0.96ms
[1527.072s][info][gc,phases      ] GC(237)   Other: 0.10ms
[1527.072s][info][gc,heap        ] GC(237) Eden regions: 1110->0(1119)
[1527.072s][info][gc,heap        ] GC(237) Survivor regions: 109->109(153)
[1527.072s][info][gc,heap        ] GC(237) Old regions: 537->467
[1527.072s][info][gc,heap        ] GC(237) Humongous regions: 80->80
[1527.072s][info][gc,metaspace   ] GC(237) Metaspace: 28936K(29248K)->28936K(29248K) NonClass: 24053K(24192K)->24053K(24192K) Class: 4883K(5056K)->4883K(5056K)
[1527.072s][info][gc             ] GC(237) Pause Young (Mixed) (G1 Evacuation Pause) 3671M->1311M(4096M) 134.275ms
[1527.072s][info][gc,cpu         ] GC(237) User=0.80s Sys=0.00s Real=0.14s
..........[1536.731s][info][gc,start       ] GC(238) Pause Young (Concurrent Start) (G1 Evacuation Pause)
[1536.731s][info][gc,task        ] GC(238) Using 6 workers of 6 for evacuation
[1536.847s][info][gc,phases      ] GC(238)   Pre Evacuate Collection Set: 0.41ms
[1536.847s][info][gc,phases      ] GC(238)   Merge Heap Roots: 0.49ms
[1536.847s][info][gc,phases      ] GC(238)   Evacuate Collection Set: 114.73ms
[1536.847s][info][gc,phases      ] GC(238)   Post Evacuate Collection Set: 0.91ms
[1536.847s][info][gc,phases      ] GC(238)   Other: 0.11ms
[1536.847s][info][gc,heap        ] GC(238) Eden regions: 1119->0(1120)
[1536.847s][info][gc,heap        ] GC(238) Survivor regions: 109->108(154)
[1536.847s][info][gc,heap        ] GC(238) Old regions: 467->499
[1536.847s][info][gc,heap        ] GC(238) Humongous regions: 80->80
[1536.847s][info][gc,metaspace   ] GC(238) Metaspace: 28936K(29248K)->28936K(29248K) NonClass: 24053K(24192K)->24053K(24192K) Class: 4883K(5056K)->4883K(5056K)
[1536.847s][info][gc             ] GC(238) Pause Young (Concurrent Start) (G1 Evacuation Pause) 3549M->1372M(4096M) 116.794ms
[1536.847s][info][gc             ] GC(239) Concurrent Mark Cycle
[1536.847s][info][gc,marking     ] GC(239) Concurrent Scan Root Regions
[1536.847s][info][gc,cpu         ] GC(238) User=0.69s Sys=0.00s Real=0.12s
[1536.960s][info][gc,marking     ] GC(239) Concurrent Scan Root Regions 112.880ms
[1536.960s][info][gc,marking     ] GC(239) Concurrent Mark
[1536.960s][info][gc,marking     ] GC(239) Concurrent Mark From Roots
[1536.960s][info][gc,task        ] GC(239) Using 2 workers of 2 for marking
.[1537.497s][info][gc,marking     ] GC(239) Concurrent Mark From Roots 536.883ms
[1537.497s][info][gc,marking     ] GC(239) Concurrent Preclean
[1537.497s][info][gc,marking     ] GC(239) Concurrent Preclean 0.053ms
[1537.497s][info][gc,start       ] GC(239) Pause Remark
[1537.500s][info][gc             ] GC(239) Pause Remark 1548M->1548M(4096M) 2.434ms
[1537.500s][info][gc,cpu         ] GC(239) User=0.01s Sys=0.00s Real=0.00s
[1537.500s][info][gc,marking     ] GC(239) Concurrent Mark 539.584ms
[1537.500s][info][gc,marking     ] GC(239) Concurrent Rebuild Remembered Sets and Scrub Regions
[1537.706s][info][gc,marking     ] GC(239) Concurrent Rebuild Remembered Sets and Scrub Regions 206.555ms
[1537.707s][info][gc,start       ] GC(239) Pause Cleanup
[1537.707s][info][gc             ] GC(239) Pause Cleanup 1594M->1594M(4096M) 0.116ms
[1537.707s][info][gc,cpu         ] GC(239) User=0.00s Sys=0.00s Real=0.00s
[1537.707s][info][gc,marking     ] GC(239) Concurrent Clear Claimed Marks
[1537.707s][info][gc,marking     ] GC(239) Concurrent Clear Claimed Marks 0.034ms
[1537.707s][info][gc,marking     ] GC(239) Concurrent Cleanup for Next Mark
[1537.710s][info][gc,marking     ] GC(239) Concurrent Cleanup for Next Mark 3.242ms
[1537.710s][info][gc             ] GC(239) Concurrent Mark Cycle 862.736ms
.........[1546.486s][info][gc,start       ] GC(240) Pause Young (Prepare Mixed) (G1 Evacuation Pause)
[1546.486s][info][gc,task        ] GC(240) Using 6 workers of 6 for evacuation
[1546.601s][info][gc,phases      ] GC(240)   Pre Evacuate Collection Set: 0.35ms
[1546.601s][info][gc,phases      ] GC(240)   Merge Heap Roots: 0.55ms
[1546.601s][info][gc,phases      ] GC(240)   Evacuate Collection Set: 112.71ms
[1546.601s][info][gc,phases      ] GC(240)   Post Evacuate Collection Set: 0.91ms
[1546.601s][info][gc,phases      ] GC(240)   Other: 0.08ms
[1546.601s][info][gc,heap        ] GC(240) Eden regions: 1120->0(1119)
[1546.601s][info][gc,heap        ] GC(240) Survivor regions: 108->108(154)
[1546.601s][info][gc,heap        ] GC(240) Old regions: 499->530
[1546.601s][info][gc,heap        ] GC(240) Humongous regions: 80->80
[1546.601s][info][gc,metaspace   ] GC(240) Metaspace: 28936K(29248K)->28936K(29248K) NonClass: 24053K(24192K)->24053K(24192K) Class: 4883K(5056K)->4883K(5056K)
[1546.601s][info][gc             ] GC(240) Pause Young (Prepare Mixed) (G1 Evacuation Pause) 3612M->1434M(4096M) 114.718ms
[1546.601s][info][gc,cpu         ] GC(240) User=0.69s Sys=0.00s Real=0.12s
.... (rIR:aIR:PR = 1937:1938:1938) (tPR = 29010) [OK] 
  1549s: Performance info:
         Transaction,    Success,    Partial,     Failed,   Receipts, AvgBarcode, 
             Overall,     116357,          0,          0,     110541,      59.47, 
         Response times:
             Request,    Success,    Partial,     Failed,   SkipFail,     Probes,    Samples,      min,      p50,      p90,      p95,      p99,      max, 
       TotalPurchase,     110541,          0,          0,          0,     108143,     118314,      300,     1800,     2700,     3100,     9400,   153000,
     InStorePurchase,      58211,          0,          0,          0,      57190,      62255,      300,     1800,     2700,     3100,     9800,   137000,
      OnlinePurchase,      40693,          0,          0,          0,      39716,      43525,      300,     1800,     2700,     3000,     8900,   153000,
        InstPurchase,      11637,          0,          0,          0,      11237,      12534,      400,     1700,     2700,     3100,     8630,   142000,
          AssocOfCat,        116,          0,          0,          0,        112,        124,    17600,    26000,    31000,    33750,    55750,    58000,
      AssocOfProduct,       1157,          0,          0,          0,       1033,       1240,      700,     2200,     3000,     3500,    12408,   127000,
      BusinessReport,        293,          0,          0,          0,        234,        341,    21000,    29000,    35000,    38000,    52580,   187000,
          CustBuyBeh,       1165,          0,          0,          0,       1017,       1232,      500,     2300,     3070,     3435,    13101,   120000,
       ProductReturn,       3085,          0,          0,          0,       2822,       3174,      200,     1600,     2400,     2700,     8325,   136000,

  1549s: (15%)   IR =   2076 .....[1555.939s][info][gc,start       ] GC(241) Pause Young (Mixed) (G1 Evacuation Pause)
[1555.939s][info][gc,task        ] GC(241) Using 6 workers of 6 for evacuation
[1556.071s][info][gc,phases      ] GC(241)   Pre Evacuate Collection Set: 0.39ms
[1556.071s][info][gc,phases      ] GC(241)   Merge Heap Roots: 0.70ms
[1556.071s][info][gc,phases      ] GC(241)   Evacuate Collection Set: 129.84ms
[1556.071s][info][gc,phases      ] GC(241)   Post Evacuate Collection Set: 0.95ms
[1556.071s][info][gc,phases      ] GC(241)   Other: 0.09ms
[1556.071s][info][gc,heap        ] GC(241) Eden regions: 1119->0(1119)
[1556.071s][info][gc,heap        ] GC(241) Survivor regions: 108->109(154)
[1556.071s][info][gc,heap        ] GC(241) Old regions: 530->468
[1556.071s][info][gc,heap        ] GC(241) Humongous regions: 80->80
[1556.071s][info][gc,metaspace   ] GC(241) Metaspace: 28938K(29248K)->28938K(29248K) NonClass: 24055K(24192K)->24055K(24192K) Class: 4883K(5056K)->4883K(5056K)
[1556.071s][info][gc             ] GC(241) Pause Young (Mixed) (G1 Evacuation Pause) 3672M->1312M(4096M) 132.125ms
[1556.071s][info][gc,cpu         ] GC(241) User=0.79s Sys=0.00s Real=0.14s
.|.........[1565.144s][info][gc,start       ] GC(242) Pause Young (Concurrent Start) (G1 Evacuation Pause)
[1565.144s][info][gc,task        ] GC(242) Using 6 workers of 6 for evacuation
[1565.259s][info][gc,phases      ] GC(242)   Pre Evacuate Collection Set: 0.42ms
[1565.259s][info][gc,phases      ] GC(242)   Merge Heap Roots: 0.53ms
[1565.259s][info][gc,phases      ] GC(242)   Evacuate Collection Set: 112.76ms
[1565.259s][info][gc,phases      ] GC(242)   Post Evacuate Collection Set: 0.91ms
[1565.259s][info][gc,phases      ] GC(242)   Other: 0.14ms
[1565.259s][info][gc,heap        ] GC(242) Eden regions: 1119->0(1120)
[1565.259s][info][gc,heap        ] GC(242) Survivor regions: 109->108(154)
[1565.259s][info][gc,heap        ] GC(242) Old regions: 468->500
[1565.259s][info][gc,heap        ] GC(242) Humongous regions: 80->80
[1565.259s][info][gc,metaspace   ] GC(242) Metaspace: 28940K(29248K)->28940K(29248K) NonClass: 24057K(24192K)->24057K(24192K) Class: 4883K(5056K)->4883K(5056K)
[1565.259s][info][gc             ] GC(242) Pause Young (Concurrent Start) (G1 Evacuation Pause) 3550M->1374M(4096M) 114.876ms
[1565.259s][info][gc             ] GC(243) Concurrent Mark Cycle
[1565.259s][info][gc,marking     ] GC(243) Concurrent Scan Root Regions
[1565.259s][info][gc,cpu         ] GC(242) User=0.68s Sys=0.00s Real=0.11s
[1565.379s][info][gc,marking     ] GC(243) Concurrent Scan Root Regions 119.604ms
[1565.379s][info][gc,marking     ] GC(243) Concurrent Mark
[1565.379s][info][gc,marking     ] GC(243) Concurrent Mark From Roots
[1565.379s][info][gc,task        ] GC(243) Using 2 workers of 2 for marking
[1565.930s][info][gc,marking     ] GC(243) Concurrent Mark From Roots 551.243ms
[1565.930s][info][gc,marking     ] GC(243) Concurrent Preclean
[1565.930s][info][gc,marking     ] GC(243) Concurrent Preclean 0.061ms
[1565.930s][info][gc,start       ] GC(243) Pause Remark
[1565.933s][info][gc             ] GC(243) Pause Remark 1585M->1585M(4096M) 2.568ms
[1565.933s][info][gc,cpu         ] GC(243) User=0.01s Sys=0.00s Real=0.01s
[1565.933s][info][gc,marking     ] GC(243) Concurrent Mark 554.110ms
[1565.933s][info][gc,marking     ] GC(243) Concurrent Rebuild Remembered Sets and Scrub Regions
.[1566.141s][info][gc,marking     ] GC(243) Concurrent Rebuild Remembered Sets and Scrub Regions 208.419ms
[1566.141s][info][gc,start       ] GC(243) Pause Cleanup
[1566.141s][info][gc             ] GC(243) Pause Cleanup 1624M->1624M(4096M) 0.119ms
[1566.142s][info][gc,cpu         ] GC(243) User=0.00s Sys=0.00s Real=0.00s
[1566.142s][info][gc,marking     ] GC(243) Concurrent Clear Claimed Marks
[1566.142s][info][gc,marking     ] GC(243) Concurrent Clear Claimed Marks 0.032ms
[1566.142s][info][gc,marking     ] GC(243) Concurrent Cleanup for Next Mark
[1566.145s][info][gc,marking     ] GC(243) Concurrent Cleanup for Next Mark 3.720ms
[1566.145s][info][gc             ] GC(243) Concurrent Mark Cycle 886.350ms
........[1574.336s][info][gc,start       ] GC(244) Pause Young (Prepare Mixed) (G1 Evacuation Pause)
[1574.336s][info][gc,task        ] GC(244) Using 6 workers of 6 for evacuation
[1574.452s][info][gc,phases      ] GC(244)   Pre Evacuate Collection Set: 0.34ms
[1574.452s][info][gc,phases      ] GC(244)   Merge Heap Roots: 0.56ms
[1574.452s][info][gc,phases      ] GC(244)   Evacuate Collection Set: 113.72ms
[1574.452s][info][gc,phases      ] GC(244)   Post Evacuate Collection Set: 1.01ms
[1574.452s][info][gc,phases      ] GC(244)   Other: 0.10ms
[1574.452s][info][gc,heap        ] GC(244) Eden regions: 1120->0(1117)
[1574.452s][info][gc,heap        ] GC(244) Survivor regions: 108->108(154)
[1574.452s][info][gc,heap        ] GC(244) Old regions: 500->532
[1574.452s][info][gc,heap        ] GC(244) Humongous regions: 80->80
[1574.452s][info][gc,metaspace   ] GC(244) Metaspace: 28940K(29248K)->28940K(29248K) NonClass: 24057K(24192K)->24057K(24192K) Class: 4883K(5056K)->4883K(5056K)
[1574.452s][info][gc             ] GC(244) Pause Young (Prepare Mixed) (G1 Evacuation Pause) 3614M->1439M(4096M) 115.869ms
[1574.452s][info][gc,cpu         ] GC(244) User=0.69s Sys=0.00s Real=0.12s
.........[1583.486s][info][gc,start       ] GC(245) Pause Young (Mixed) (G1 Evacuation Pause)
[1583.486s][info][gc,task        ] GC(245) Using 6 workers of 6 for evacuation
[1583.618s][info][gc,phases      ] GC(245)   Pre Evacuate Collection Set: 0.37ms
[1583.618s][info][gc,phases      ] GC(245)   Merge Heap Roots: 0.82ms
[1583.618s][info][gc,phases      ] GC(245)   Evacuate Collection Set: 129.04ms
[1583.618s][info][gc,phases      ] GC(245)   Post Evacuate Collection Set: 0.97ms
[1583.618s][info][gc,phases      ] GC(245)   Other: 0.10ms
[1583.618s][info][gc,heap        ] GC(245) Eden regions: 1117->0(1120)
[1583.618s][info][gc,heap        ] GC(245) Survivor regions: 108->108(154)
[1583.618s][info][gc,heap        ] GC(245) Old regions: 532->468
[1583.618s][info][gc,heap        ] GC(245) Humongous regions: 80->80
[1583.618s][info][gc,metaspace   ] GC(245) Metaspace: 28940K(29248K)->28940K(29248K) NonClass: 24057K(24192K)->24057K(24192K) Class: 4883K(5056K)->4883K(5056K)
[1583.618s][info][gc             ] GC(245) Pause Young (Mixed) (G1 Evacuation Pause) 3673M->1310M(4096M) 131.441ms
[1583.618s][info][gc,cpu         ] GC(245) User=0.78s Sys=0.00s Real=0.13s
.........[1592.634s][info][gc,start       ] GC(246) Pause Young (Concurrent Start) (G1 Evacuation Pause)
[1592.634s][info][gc,task        ] GC(246) Using 6 workers of 6 for evacuation
[1592.749s][info][gc,phases      ] GC(246)   Pre Evacuate Collection Set: 0.39ms
[1592.749s][info][gc,phases      ] GC(246)   Merge Heap Roots: 0.49ms
[1592.749s][info][gc,phases      ] GC(246)   Evacuate Collection Set: 113.22ms
[1592.749s][info][gc,phases      ] GC(246)   Post Evacuate Collection Set: 0.89ms
[1592.749s][info][gc,phases      ] GC(246)   Other: 0.11ms
[1592.749s][info][gc,heap        ] GC(246) Eden regions: 1120->0(1120)
[1592.749s][info][gc,heap        ] GC(246) Survivor regions: 108->108(154)
[1592.749s][info][gc,heap        ] GC(246) Old regions: 468->500
[1592.749s][info][gc,heap        ] GC(246) Humongous regions: 80->80
[1592.749s][info][gc,metaspace   ] GC(246) Metaspace: 28940K(29248K)->28940K(29248K) NonClass: 24057K(24192K)->24057K(24192K) Class: 4883K(5056K)->4883K(5056K)
[1592.749s][info][gc             ] GC(246) Pause Young (Concurrent Start) (G1 Evacuation Pause) 3550M->1374M(4096M) 115.240ms
[1592.749s][info][gc             ] GC(247) Concurrent Mark Cycle
[1592.749s][info][gc,marking     ] GC(247) Concurrent Scan Root Regions
[1592.749s][info][gc,cpu         ] GC(246) User=0.69s Sys=0.00s Real=0.11s
[1592.916s][info][gc,marking     ] GC(247) Concurrent Scan Root Regions 167.043ms
[1592.916s][info][gc,marking     ] GC(247) Concurrent Mark
[1592.916s][info][gc,marking     ] GC(247) Concurrent Mark From Roots
[1592.916s][info][gc,task        ] GC(247) Using 2 workers of 2 for marking
.[1593.885s][info][gc,marking     ] GC(247) Concurrent Mark From Roots 968.683ms
[1593.885s][info][gc,marking     ] GC(247) Concurrent Preclean
[1593.885s][info][gc,marking     ] GC(247) Concurrent Preclean 0.045ms
[1593.885s][info][gc,start       ] GC(247) Pause Remark
[1593.888s][info][gc             ] GC(247) Pause Remark 1697M->1697M(4096M) 2.963ms
[1593.888s][info][gc,cpu         ] GC(247) User=0.02s Sys=0.00s Real=0.00s
[1593.888s][info][gc,marking     ] GC(247) Concurrent Mark 971.936ms
[1593.888s][info][gc,marking     ] GC(247) Concurrent Rebuild Remembered Sets and Scrub Regions
[1594.111s][info][gc,marking     ] GC(247) Concurrent Rebuild Remembered Sets and Scrub Regions 222.572ms
[1594.111s][info][gc,start       ] GC(247) Pause Cleanup
[1594.111s][info][gc             ] GC(247) Pause Cleanup 1748M->1748M(4096M) 0.116ms
[1594.111s][info][gc,cpu         ] GC(247) User=0.00s Sys=0.00s Real=0.01s
[1594.111s][info][gc,marking     ] GC(247) Concurrent Clear Claimed Marks
[1594.111s][info][gc,marking     ] GC(247) Concurrent Clear Claimed Marks 0.033ms
[1594.111s][info][gc,marking     ] GC(247) Concurrent Cleanup for Next Mark
[1594.114s][info][gc,marking     ] GC(247) Concurrent Cleanup for Next Mark 3.164ms
[1594.114s][info][gc             ] GC(247) Concurrent Mark Cycle 1365.225ms
........[1601.806s][info][gc,start       ] GC(248) Pause Young (Prepare Mixed) (G1 Evacuation Pause)
[1601.806s][info][gc,task        ] GC(248) Using 6 workers of 6 for evacuation
[1601.922s][info][gc,phases      ] GC(248)   Pre Evacuate Collection Set: 0.38ms
[1601.922s][info][gc,phases      ] GC(248)   Merge Heap Roots: 0.55ms
[1601.922s][info][gc,phases      ] GC(248)   Evacuate Collection Set: 113.92ms
[1601.922s][info][gc,phases      ] GC(248)   Post Evacuate Collection Set: 0.93ms
[1601.922s][info][gc,phases      ] GC(248)   Other: 0.09ms
[1601.922s][info][gc,heap        ] GC(248) Eden regions: 1120->0(1117)
[1601.922s][info][gc,heap        ] GC(248) Survivor regions: 108->108(154)
[1601.922s][info][gc,heap        ] GC(248) Old regions: 500->532
[1601.922s][info][gc,heap        ] GC(248) Humongous regions: 80->80
[1601.922s][info][gc,metaspace   ] GC(248) Metaspace: 28940K(29248K)->28940K(29248K) NonClass: 24057K(24192K)->24057K(24192K) Class: 4883K(5056K)->4883K(5056K)
[1601.922s][info][gc             ] GC(248) Pause Young (Prepare Mixed) (G1 Evacuation Pause) 3614M->1438M(4096M) 115.995ms
[1601.922s][info][gc,cpu         ] GC(248) User=0.69s Sys=0.00s Real=0.12s
.........[1610.878s][info][gc,start       ] GC(249) Pause Young (Mixed) (G1 Evacuation Pause)
[1610.879s][info][gc,task        ] GC(249) Using 6 workers of 6 for evacuation
[1611.012s][info][gc,phases      ] GC(249)   Pre Evacuate Collection Set: 0.38ms
[1611.012s][info][gc,phases      ] GC(249)   Merge Heap Roots: 0.81ms
[1611.012s][info][gc,phases      ] GC(249)   Evacuate Collection Set: 131.38ms
[1611.012s][info][gc,phases      ] GC(249)   Post Evacuate Collection Set: 0.90ms
[1611.012s][info][gc,phases      ] GC(249)   Other: 0.09ms
[1611.012s][info][gc,heap        ] GC(249) Eden regions: 1117->0(1120)
[1611.012s][info][gc,heap        ] GC(249) Survivor regions: 108->108(154)
[1611.012s][info][gc,heap        ] GC(249) Old regions: 532->469
[1611.012s][info][gc,heap        ] GC(249) Humongous regions: 80->80
[1611.012s][info][gc,metaspace   ] GC(249) Metaspace: 28940K(29248K)->28940K(29248K) NonClass: 24057K(24192K)->24057K(24192K) Class: 4883K(5056K)->4883K(5056K)
[1611.012s][info][gc             ] GC(249) Pause Young (Mixed) (G1 Evacuation Pause) 3672M->1312M(4096M) 133.704ms
[1611.012s][info][gc,cpu         ] GC(249) User=0.80s Sys=0.00s Real=0.14s
...... (rIR:aIR:PR = 2076:2077:2077) (tPR = 30830) [OK] 
  1615s: Performance info:
         Transaction,    Success,    Partial,     Failed,   Receipts, AvgBarcode, 
             Overall,     124702,          0,          0,     118483,      59.47, 
         Response times:
             Request,    Success,    Partial,     Failed,   SkipFail,     Probes,    Samples,      min,      p50,      p90,      p95,      p99,      max, 
       TotalPurchase,     118439,          0,          0,          0,     115749,     128408,      300,     1900,     2900,     3300,     9900,   138000,
     InStorePurchase,      62313,          0,          0,          0,      61089,      67540,      300,     1800,     2900,     3200,     9900,   138000,
      OnlinePurchase,      43631,          0,          0,          0,      42609,      47290,      300,     2000,     2900,     3300,    10700,   138000,
        InstPurchase,      12495,          0,          0,          0,      12051,      13578,      400,     1800,     2800,     3100,     8621,   136000,
          AssocOfCat,        124,          0,          0,          0,         98,        143,    21000,    26000,    33000,    35000,    51240,    53000,
      AssocOfProduct,       1248,          0,          0,          0,       1103,       1330,      500,     2100,     3100,     3600,     5200,    36000,
      BusinessReport,        309,          0,          0,          0,        247,        336,    22000,    29500,    36000,    40000,    53000,   187000,
          CustBuyBeh,       1238,          0,          0,          0,       1075,       1303,      200,     1000,     1700,     2000,     6880,   133000,
       ProductReturn,       3301,          0,          0,          0,       3043,       3532,      200,     1800,     2900,     3300,     8600,   134000,

  1615s: (16%)   IR =   2214 ...[1619.748s][info][gc,start       ] GC(250) Pause Young (Concurrent Start) (G1 Evacuation Pause)
[1619.748s][info][gc,task        ] GC(250) Using 6 workers of 6 for evacuation
[1619.864s][info][gc,phases      ] GC(250)   Pre Evacuate Collection Set: 0.39ms
[1619.864s][info][gc,phases      ] GC(250)   Merge Heap Roots: 0.51ms
[1619.864s][info][gc,phases      ] GC(250)   Evacuate Collection Set: 113.72ms
[1619.864s][info][gc,phases      ] GC(250)   Post Evacuate Collection Set: 0.91ms
[1619.864s][info][gc,phases      ] GC(250)   Other: 0.10ms
[1619.864s][info][gc,heap        ] GC(250) Eden regions: 1120->0(1119)
[1619.864s][info][gc,heap        ] GC(250) Survivor regions: 108->109(154)
[1619.864s][info][gc,heap        ] GC(250) Old regions: 469->501
[1619.864s][info][gc,heap        ] GC(250) Humongous regions: 80->80
[1619.864s][info][gc,metaspace   ] GC(250) Metaspace: 28943K(29248K)->28943K(29248K) NonClass: 24059K(24192K)->24059K(24192K) Class: 4883K(5056K)->4883K(5056K)
[1619.864s][info][gc             ] GC(250) Pause Young (Concurrent Start) (G1 Evacuation Pause) 3552M->1378M(4096M) 115.773ms
[1619.864s][info][gc             ] GC(251) Concurrent Mark Cycle
[1619.864s][info][gc,marking     ] GC(251) Concurrent Scan Root Regions
[1619.864s][info][gc,cpu         ] GC(250) User=0.69s Sys=0.00s Real=0.12s
[1619.997s][info][gc,marking     ] GC(251) Concurrent Scan Root Regions 133.404ms
[1619.998s][info][gc,marking     ] GC(251) Concurrent Mark
[1619.998s][info][gc,marking     ] GC(251) Concurrent Mark From Roots
[1619.998s][info][gc,task        ] GC(251) Using 2 workers of 2 for marking
.|[1620.589s][info][gc,marking     ] GC(251) Concurrent Mark From Roots 591.763ms
[1620.589s][info][gc,marking     ] GC(251) Concurrent Preclean
[1620.589s][info][gc,marking     ] GC(251) Concurrent Preclean 0.053ms
[1620.590s][info][gc,start       ] GC(251) Pause Remark
[1620.592s][info][gc             ] GC(251) Pause Remark 1579M->1579M(4096M) 2.353ms
[1620.592s][info][gc,cpu         ] GC(251) User=0.01s Sys=0.00s Real=0.01s
[1620.592s][info][gc,marking     ] GC(251) Concurrent Mark 594.393ms
[1620.592s][info][gc,marking     ] GC(251) Concurrent Rebuild Remembered Sets and Scrub Regions
[1620.818s][info][gc,marking     ] GC(251) Concurrent Rebuild Remembered Sets and Scrub Regions 226.161ms
[1620.818s][info][gc,start       ] GC(251) Pause Cleanup
[1620.818s][info][gc             ] GC(251) Pause Cleanup 1625M->1625M(4096M) 0.121ms
[1620.818s][info][gc,cpu         ] GC(251) User=0.00s Sys=0.00s Real=0.00s
[1620.818s][info][gc,marking     ] GC(251) Concurrent Clear Claimed Marks
[1620.818s][info][gc,marking     ] GC(251) Concurrent Clear Claimed Marks 0.025ms
[1620.818s][info][gc,marking     ] GC(251) Concurrent Cleanup for Next Mark
[1620.823s][info][gc,marking     ] GC(251) Concurrent Cleanup for Next Mark 4.029ms
[1620.823s][info][gc             ] GC(251) Concurrent Mark Cycle 958.489ms
........[1628.390s][info][gc,start       ] GC(252) Pause Young (Prepare Mixed) (G1 Evacuation Pause)
[1628.390s][info][gc,task        ] GC(252) Using 6 workers of 6 for evacuation
[1628.506s][info][gc,phases      ] GC(252)   Pre Evacuate Collection Set: 0.32ms
[1628.506s][info][gc,phases      ] GC(252)   Merge Heap Roots: 0.54ms
[1628.506s][info][gc,phases      ] GC(252)   Evacuate Collection Set: 113.83ms
[1628.506s][info][gc,phases      ] GC(252)   Post Evacuate Collection Set: 0.91ms
[1628.506s][info][gc,phases      ] GC(252)   Other: 0.09ms
[1628.506s][info][gc,heap        ] GC(252) Eden regions: 1119->0(1116)
[1628.506s][info][gc,heap        ] GC(252) Survivor regions: 109->108(154)
[1628.506s][info][gc,heap        ] GC(252) Old regions: 501->533
[1628.506s][info][gc,heap        ] GC(252) Humongous regions: 80->80
[1628.506s][info][gc,metaspace   ] GC(252) Metaspace: 28944K(29248K)->28944K(29248K) NonClass: 24060K(24192K)->24060K(24192K) Class: 4883K(5056K)->4883K(5056K)
[1628.506s][info][gc             ] GC(252) Pause Young (Prepare Mixed) (G1 Evacuation Pause) 3616M->1439M(4096M) 115.849ms
[1628.506s][info][gc,cpu         ] GC(252) User=0.69s Sys=0.00s Real=0.12s
........[1637.061s][info][gc,start       ] GC(253) Pause Young (Mixed) (G1 Evacuation Pause)
[1637.061s][info][gc,task        ] GC(253) Using 6 workers of 6 for evacuation
[1637.191s][info][gc,phases      ] GC(253)   Pre Evacuate Collection Set: 0.38ms
[1637.191s][info][gc,phases      ] GC(253)   Merge Heap Roots: 0.71ms
[1637.191s][info][gc,phases      ] GC(253)   Evacuate Collection Set: 127.84ms
[1637.191s][info][gc,phases      ] GC(253)   Post Evacuate Collection Set: 0.96ms
[1637.191s][info][gc,phases      ] GC(253)   Other: 0.09ms
[1637.191s][info][gc,heap        ] GC(253) Eden regions: 1116->0(1119)
[1637.191s][info][gc,heap        ] GC(253) Survivor regions: 108->109(153)
[1637.191s][info][gc,heap        ] GC(253) Old regions: 533->467
[1637.191s][info][gc,heap        ] GC(253) Humongous regions: 80->80
[1637.191s][info][gc,metaspace   ] GC(253) Metaspace: 28944K(29248K)->28944K(29248K) NonClass: 24060K(24192K)->24060K(24192K) Class: 4883K(5056K)->4883K(5056K)
[1637.191s][info][gc             ] GC(253) Pause Young (Mixed) (G1 Evacuation Pause) 3671M->1311M(4096M) 130.110ms
[1637.191s][info][gc,cpu         ] GC(253) User=0.78s Sys=0.00s Real=0.14s
.........[1645.605s][info][gc,start       ] GC(254) Pause Young (Concurrent Start) (G1 Evacuation Pause)
[1645.605s][info][gc,task        ] GC(254) Using 6 workers of 6 for evacuation
[1645.721s][info][gc,phases      ] GC(254)   Pre Evacuate Collection Set: 0.40ms
[1645.721s][info][gc,phases      ] GC(254)   Merge Heap Roots: 0.51ms
[1645.721s][info][gc,phases      ] GC(254)   Evacuate Collection Set: 114.01ms
[1645.721s][info][gc,phases      ] GC(254)   Post Evacuate Collection Set: 0.91ms
[1645.721s][info][gc,phases      ] GC(254)   Other: 0.11ms
[1645.721s][info][gc,heap        ] GC(254) Eden regions: 1119->0(1120)
[1645.721s][info][gc,heap        ] GC(254) Survivor regions: 109->108(154)
[1645.721s][info][gc,heap        ] GC(254) Old regions: 467->499
[1645.721s][info][gc,heap        ] GC(254) Humongous regions: 80->80
[1645.721s][info][gc,metaspace   ] GC(254) Metaspace: 28944K(29248K)->28944K(29248K) NonClass: 24060K(24192K)->24060K(24192K) Class: 4883K(5056K)->4883K(5056K)
[1645.721s][info][gc             ] GC(254) Pause Young (Concurrent Start) (G1 Evacuation Pause) 3549M->1372M(4096M) 116.081ms
[1645.721s][info][gc             ] GC(255) Concurrent Mark Cycle
[1645.721s][info][gc,marking     ] GC(255) Concurrent Scan Root Regions
[1645.721s][info][gc,cpu         ] GC(254) User=0.69s Sys=0.00s Real=0.12s
[1645.876s][info][gc,marking     ] GC(255) Concurrent Scan Root Regions 155.334ms
[1645.876s][info][gc,marking     ] GC(255) Concurrent Mark
[1645.876s][info][gc,marking     ] GC(255) Concurrent Mark From Roots
[1645.876s][info][gc,task        ] GC(255) Using 2 workers of 2 for marking
.[1646.458s][info][gc,marking     ] GC(255) Concurrent Mark From Roots 581.757ms
[1646.458s][info][gc,marking     ] GC(255) Concurrent Preclean
[1646.458s][info][gc,marking     ] GC(255) Concurrent Preclean 0.045ms
[1646.458s][info][gc,start       ] GC(255) Pause Remark
[1646.461s][info][gc             ] GC(255) Pause Remark 1604M->1604M(4096M) 2.585ms
[1646.461s][info][gc,cpu         ] GC(255) User=0.01s Sys=0.00s Real=0.01s
[1646.461s][info][gc,marking     ] GC(255) Concurrent Mark 584.607ms
[1646.461s][info][gc,marking     ] GC(255) Concurrent Rebuild Remembered Sets and Scrub Regions
[1646.734s][info][gc,marking     ] GC(255) Concurrent Rebuild Remembered Sets and Scrub Regions 272.718ms
[1646.734s][info][gc,start       ] GC(255) Pause Cleanup
[1646.734s][info][gc             ] GC(255) Pause Cleanup 1675M->1675M(4096M) 0.133ms
[1646.734s][info][gc,cpu         ] GC(255) User=0.00s Sys=0.00s Real=0.00s
[1646.734s][info][gc,marking     ] GC(255) Concurrent Clear Claimed Marks
[1646.734s][info][gc,marking     ] GC(255) Concurrent Clear Claimed Marks 0.033ms
[1646.734s][info][gc,marking     ] GC(255) Concurrent Cleanup for Next Mark
[1646.737s][info][gc,marking     ] GC(255) Concurrent Cleanup for Next Mark 3.164ms
[1646.737s][info][gc             ] GC(255) Concurrent Mark Cycle 1016.392ms
........[1654.216s][info][gc,start       ] GC(256) Pause Young (Prepare Mixed) (G1 Evacuation Pause)
[1654.216s][info][gc,task        ] GC(256) Using 6 workers of 6 for evacuation
[1654.333s][info][gc,phases      ] GC(256)   Pre Evacuate Collection Set: 0.34ms
[1654.333s][info][gc,phases      ] GC(256)   Merge Heap Roots: 0.55ms
[1654.333s][info][gc,phases      ] GC(256)   Evacuate Collection Set: 114.57ms
[1654.333s][info][gc,phases      ] GC(256)   Post Evacuate Collection Set: 0.95ms
[1654.333s][info][gc,phases      ] GC(256)   Other: 0.08ms
[1654.333s][info][gc,heap        ] GC(256) Eden regions: 1120->0(1114)
[1654.333s][info][gc,heap        ] GC(256) Survivor regions: 108->110(154)
[1654.333s][info][gc,heap        ] GC(256) Old regions: 499->531
[1654.333s][info][gc,heap        ] GC(256) Humongous regions: 80->80
[1654.333s][info][gc,metaspace   ] GC(256) Metaspace: 28944K(29248K)->28944K(29248K) NonClass: 24060K(24192K)->24060K(24192K) Class: 4883K(5056K)->4883K(5056K)
[1654.333s][info][gc             ] GC(256) Pause Young (Prepare Mixed) (G1 Evacuation Pause) 3612M->1439M(4096M) 116.613ms
[1654.333s][info][gc,cpu         ] GC(256) User=0.69s Sys=0.00s Real=0.12s
........[1662.766s][info][gc,start       ] GC(257) Pause Young (Mixed) (G1 Evacuation Pause)
[1662.766s][info][gc,task        ] GC(257) Using 6 workers of 6 for evacuation
[1662.899s][info][gc,phases      ] GC(257)   Pre Evacuate Collection Set: 0.39ms
[1662.899s][info][gc,phases      ] GC(257)   Merge Heap Roots: 0.72ms
[1662.899s][info][gc,phases      ] GC(257)   Evacuate Collection Set: 130.42ms
[1662.899s][info][gc,phases      ] GC(257)   Post Evacuate Collection Set: 0.99ms
[1662.899s][info][gc,phases      ] GC(257)   Other: 0.10ms
[1662.899s][info][gc,heap        ] GC(257) Eden regions: 1114->0(1120)
[1662.899s][info][gc,heap        ] GC(257) Survivor regions: 110->108(153)
[1662.899s][info][gc,heap        ] GC(257) Old regions: 531->467
[1662.899s][info][gc,heap        ] GC(257) Humongous regions: 80->80
[1662.899s][info][gc,metaspace   ] GC(257) Metaspace: 28944K(29248K)->28944K(29248K) NonClass: 24060K(24192K)->24060K(24192K) Class: 4883K(5056K)->4883K(5056K)
[1662.899s][info][gc             ] GC(257) Pause Young (Mixed) (G1 Evacuation Pause) 3667M->1308M(4096M) 132.755ms
[1662.899s][info][gc,cpu         ] GC(257) User=0.79s Sys=0.00s Real=0.13s
.........[1671.392s][info][gc,start       ] GC(258) Pause Young (Concurrent Start) (G1 Evacuation Pause)
[1671.392s][info][gc,task        ] GC(258) Using 6 workers of 6 for evacuation
[1671.508s][info][gc,phases      ] GC(258)   Pre Evacuate Collection Set: 0.41ms
[1671.508s][info][gc,phases      ] GC(258)   Merge Heap Roots: 0.51ms
[1671.508s][info][gc,phases      ] GC(258)   Evacuate Collection Set: 113.61ms
[1671.508s][info][gc,phases      ] GC(258)   Post Evacuate Collection Set: 0.91ms
[1671.508s][info][gc,phases      ] GC(258)   Other: 0.11ms
[1671.508s][info][gc,heap        ] GC(258) Eden regions: 1120->0(1120)
[1671.508s][info][gc,heap        ] GC(258) Survivor regions: 108->108(154)
[1671.508s][info][gc,heap        ] GC(258) Old regions: 467->499
[1671.508s][info][gc,heap        ] GC(258) Humongous regions: 80->80
[1671.508s][info][gc,metaspace   ] GC(258) Metaspace: 28944K(29248K)->28944K(29248K) NonClass: 24060K(24192K)->24060K(24192K) Class: 4883K(5056K)->4883K(5056K)
[1671.508s][info][gc             ] GC(258) Pause Young (Concurrent Start) (G1 Evacuation Pause) 3548M->1373M(4096M) 115.691ms
[1671.508s][info][gc             ] GC(259) Concurrent Mark Cycle
[1671.508s][info][gc,marking     ] GC(259) Concurrent Scan Root Regions
[1671.508s][info][gc,cpu         ] GC(258) User=0.68s Sys=0.00s Real=0.11s
[1671.649s][info][gc,marking     ] GC(259) Concurrent Scan Root Regions 140.806ms
[1671.649s][info][gc,marking     ] GC(259) Concurrent Mark
[1671.649s][info][gc,marking     ] GC(259) Concurrent Mark From Roots
[1671.649s][info][gc,task        ] GC(259) Using 2 workers of 2 for marking
.[1672.230s][info][gc,marking     ] GC(259) Concurrent Mark From Roots 580.705ms
[1672.230s][info][gc,marking     ] GC(259) Concurrent Preclean
[1672.230s][info][gc,marking     ] GC(259) Concurrent Preclean 0.038ms
[1672.230s][info][gc,start       ] GC(259) Pause Remark
[1672.232s][info][gc             ] GC(259) Pause Remark 1584M->1584M(4096M) 2.521ms
[1672.232s][info][gc,cpu         ] GC(259) User=0.01s Sys=0.00s Real=0.01s
[1672.232s][info][gc,marking     ] GC(259) Concurrent Mark 583.510ms
[1672.232s][info][gc,marking     ] GC(259) Concurrent Rebuild Remembered Sets and Scrub Regions
[1672.445s][info][gc,marking     ] GC(259) Concurrent Rebuild Remembered Sets and Scrub Regions 212.251ms
[1672.445s][info][gc,start       ] GC(259) Pause Cleanup
[1672.445s][info][gc             ] GC(259) Pause Cleanup 1649M->1649M(4096M) 0.128ms
[1672.445s][info][gc,cpu         ] GC(259) User=0.00s Sys=0.00s Real=0.00s
[1672.445s][info][gc,marking     ] GC(259) Concurrent Clear Claimed Marks
[1672.445s][info][gc,marking     ] GC(259) Concurrent Clear Claimed Marks 0.033ms
[1672.445s][info][gc,marking     ] GC(259) Concurrent Cleanup for Next Mark
[1672.448s][info][gc,marking     ] GC(259) Concurrent Cleanup for Next Mark 3.226ms
[1672.448s][info][gc             ] GC(259) Concurrent Mark Cycle 940.321ms
.......[1679.903s][info][gc,start       ] GC(260) Pause Young (Prepare Mixed) (G1 Evacuation Pause)
[1679.903s][info][gc,task        ] GC(260) Using 6 workers of 6 for evacuation
[1680.019s][info][gc,phases      ] GC(260)   Pre Evacuate Collection Set: 0.36ms
[1680.019s][info][gc,phases      ] GC(260)   Merge Heap Roots: 0.54ms
[1680.019s][info][gc,phases      ] GC(260)   Evacuate Collection Set: 113.80ms
[1680.019s][info][gc,phases      ] GC(260)   Post Evacuate Collection Set: 0.94ms
[1680.019s][info][gc,phases      ] GC(260)   Other: 0.10ms
[1680.019s][info][gc,heap        ] GC(260) Eden regions: 1120->0(1117)
[1680.019s][info][gc,heap        ] GC(260) Survivor regions: 108->109(154)
[1680.019s][info][gc,heap        ] GC(260) Old regions: 499->530
[1680.019s][info][gc,heap        ] GC(260) Humongous regions: 80->80
[1680.019s][info][gc,metaspace   ] GC(260) Metaspace: 28944K(29248K)->28944K(29248K) NonClass: 24060K(24192K)->24060K(24192K) Class: 4883K(5056K)->4883K(5056K)
[1680.019s][info][gc             ] GC(260) Pause Young (Prepare Mixed) (G1 Evacuation Pause) 3613M->1436M(4096M) 115.875ms
[1680.019s][info][gc,cpu         ] GC(260) User=0.69s Sys=0.00s Real=0.11s
. (rIR:aIR:PR = 2214:2215:2215) (tPR = 32710) [OK] 
  1680s: Performance info:
         Transaction,    Success,    Partial,     Failed,   Receipts, AvgBarcode, 
             Overall,     133008,          0,          0,     126347,      59.47, 
         Response times:
             Request,    Success,    Partial,     Failed,   SkipFail,     Probes,    Samples,      min,      p50,      p90,      p95,      p99,      max, 
       TotalPurchase,     126347,          0,          0,          0,     122922,     132239,      300,     2000,     3000,     3400,     8600,   164000,
     InStorePurchase,      66510,          0,          0,          0,      64901,      69551,      300,     2000,     3100,     3500,     9200,   161000,
      OnlinePurchase,      46550,          0,          0,          0,      45325,      48937,      300,     1800,     2900,     3300,     7962,   164000,
        InstPurchase,      13287,          0,          0,          0,      12696,      13751,      400,     1900,     3000,     3400,     8396,   138000,
          AssocOfCat,        133,          0,          0,          0,         94,        126,    19200,    26500,    32000,    35650,   143180,   161000,
      AssocOfProduct,       1335,          0,          0,          0,       1206,       1358,      700,     2400,     3200,     3700,     9494,   121000,
      BusinessReport,        331,          0,          0,          0,        267,        377,    21000,    32000,    40000,    50100,    75620,   163000,
          CustBuyBeh,       1325,          0,          0,          0,       1185,       1418,      200,     1900,     2900,     3300,     9715,   136000,
       ProductReturn,       3537,          0,          0,          0,       3306,       3723,      200,     2000,     3000,     3500,     8576,   137000,

  1680s: (17%)   IR =   2352 .....|..[1688.032s][info][gc,start       ] GC(261) Pause Young (Mixed) (G1 Evacuation Pause)
[1688.032s][info][gc,task        ] GC(261) Using 6 workers of 6 for evacuation
[1688.163s][info][gc,phases      ] GC(261)   Pre Evacuate Collection Set: 0.42ms
[1688.163s][info][gc,phases      ] GC(261)   Merge Heap Roots: 0.64ms
[1688.163s][info][gc,phases      ] GC(261)   Evacuate Collection Set: 128.05ms
[1688.163s][info][gc,phases      ] GC(261)   Post Evacuate Collection Set: 0.97ms
[1688.163s][info][gc,phases      ] GC(261)   Other: 0.09ms
[1688.163s][info][gc,heap        ] GC(261) Eden regions: 1117->0(1119)
[1688.163s][info][gc,heap        ] GC(261) Survivor regions: 109->109(154)
[1688.163s][info][gc,heap        ] GC(261) Old regions: 530->468
[1688.163s][info][gc,heap        ] GC(261) Humongous regions: 80->80
[1688.163s][info][gc,metaspace   ] GC(261) Metaspace: 28944K(29248K)->28944K(29248K) NonClass: 24060K(24192K)->24060K(24192K) Class: 4883K(5056K)->4883K(5056K)
[1688.163s][info][gc             ] GC(261) Pause Young (Mixed) (G1 Evacuation Pause) 3670M->1313M(4096M) 130.293ms
[1688.163s][info][gc,cpu         ] GC(261) User=0.77s Sys=0.00s Real=0.13s
........[1696.196s][info][gc,start       ] GC(262) Pause Young (Concurrent Start) (G1 Evacuation Pause)
[1696.196s][info][gc,task        ] GC(262) Using 6 workers of 6 for evacuation
[1696.315s][info][gc,phases      ] GC(262)   Pre Evacuate Collection Set: 0.42ms
[1696.315s][info][gc,phases      ] GC(262)   Merge Heap Roots: 0.57ms
[1696.315s][info][gc,phases      ] GC(262)   Evacuate Collection Set: 116.98ms
[1696.315s][info][gc,phases      ] GC(262)   Post Evacuate Collection Set: 0.92ms
[1696.315s][info][gc,phases      ] GC(262)   Other: 0.13ms
[1696.315s][info][gc,heap        ] GC(262) Eden regions: 1119->0(1118)
[1696.315s][info][gc,heap        ] GC(262) Survivor regions: 109->110(154)
[1696.315s][info][gc,heap        ] GC(262) Old regions: 468->500
[1696.315s][info][gc,heap        ] GC(262) Humongous regions: 80->80
[1696.315s][info][gc,metaspace   ] GC(262) Metaspace: 28944K(29248K)->28944K(29248K) NonClass: 24060K(24192K)->24060K(24192K) Class: 4883K(5056K)->4883K(5056K)
[1696.315s][info][gc             ] GC(262) Pause Young (Concurrent Start) (G1 Evacuation Pause) 3551M->1377M(4096M) 119.148ms
[1696.315s][info][gc             ] GC(263) Concurrent Mark Cycle
[1696.315s][info][gc,marking     ] GC(263) Concurrent Scan Root Regions
[1696.315s][info][gc,cpu         ] GC(262) User=0.71s Sys=0.00s Real=0.12s
.[1696.437s][info][gc,marking     ] GC(263) Concurrent Scan Root Regions 122.237ms
[1696.437s][info][gc,marking     ] GC(263) Concurrent Mark
[1696.437s][info][gc,marking     ] GC(263) Concurrent Mark From Roots
[1696.437s][info][gc,task        ] GC(263) Using 2 workers of 2 for marking
.[1697.359s][info][gc,marking     ] GC(263) Concurrent Mark From Roots 922.311ms
[1697.359s][info][gc,marking     ] GC(263) Concurrent Preclean
[1697.360s][info][gc,marking     ] GC(263) Concurrent Preclean 0.068ms
[1697.360s][info][gc,start       ] GC(263) Pause Remark
[1697.363s][info][gc             ] GC(263) Pause Remark 1708M->1708M(4096M) 2.780ms
[1697.363s][info][gc,cpu         ] GC(263) User=0.02s Sys=0.00s Real=0.01s
[1697.363s][info][gc,marking     ] GC(263) Concurrent Mark 925.964ms
[1697.363s][info][gc,marking     ] GC(263) Concurrent Rebuild Remembered Sets and Scrub Regions
[1697.588s][info][gc,marking     ] GC(263) Concurrent Rebuild Remembered Sets and Scrub Regions 225.224ms
[1697.588s][info][gc,start       ] GC(263) Pause Cleanup
[1697.589s][info][gc             ] GC(263) Pause Cleanup 1768M->1768M(4096M) 0.132ms
[1697.589s][info][gc,cpu         ] GC(263) User=0.00s Sys=0.00s Real=0.00s
[1697.589s][info][gc,marking     ] GC(263) Concurrent Clear Claimed Marks
[1697.589s][info][gc,marking     ] GC(263) Concurrent Clear Claimed Marks 0.027ms
[1697.589s][info][gc,marking     ] GC(263) Concurrent Cleanup for Next Mark
[1697.592s][info][gc,marking     ] GC(263) Concurrent Cleanup for Next Mark 3.172ms
[1697.592s][info][gc             ] GC(263) Concurrent Mark Cycle 1277.051ms
......[1704.148s][info][gc,start       ] GC(264) Pause Young (Prepare Mixed) (G1 Evacuation Pause)
[1704.148s][info][gc,task        ] GC(264) Using 6 workers of 6 for evacuation
[1704.263s][info][gc,phases      ] GC(264)   Pre Evacuate Collection Set: 0.34ms
[1704.263s][info][gc,phases      ] GC(264)   Merge Heap Roots: 0.51ms
[1704.263s][info][gc,phases      ] GC(264)   Evacuate Collection Set: 113.16ms
[1704.263s][info][gc,phases      ] GC(264)   Post Evacuate Collection Set: 0.94ms
[1704.263s][info][gc,phases      ] GC(264)   Other: 0.09ms
[1704.263s][info][gc,heap        ] GC(264) Eden regions: 1118->0(1115)
[1704.263s][info][gc,heap        ] GC(264) Survivor regions: 110->109(154)
[1704.263s][info][gc,heap        ] GC(264) Old regions: 500->532
[1704.263s][info][gc,heap        ] GC(264) Humongous regions: 80->80
[1704.263s][info][gc,metaspace   ] GC(264) Metaspace: 28944K(29248K)->28944K(29248K) NonClass: 24060K(24192K)->24060K(24192K) Class: 4883K(5056K)->4883K(5056K)
[1704.263s][info][gc             ] GC(264) Pause Young (Prepare Mixed) (G1 Evacuation Pause) 3613M->1440M(4096M) 115.186ms
[1704.263s][info][gc,cpu         ] GC(264) User=0.69s Sys=0.00s Real=0.12s
........[1712.315s][info][gc,start       ] GC(265) Pause Young (Mixed) (G1 Evacuation Pause)
[1712.315s][info][gc,task        ] GC(265) Using 6 workers of 6 for evacuation
[1712.447s][info][gc,phases      ] GC(265)   Pre Evacuate Collection Set: 0.41ms
[1712.447s][info][gc,phases      ] GC(265)   Merge Heap Roots: 0.76ms
[1712.447s][info][gc,phases      ] GC(265)   Evacuate Collection Set: 129.77ms
[1712.447s][info][gc,phases      ] GC(265)   Post Evacuate Collection Set: 0.96ms
[1712.447s][info][gc,phases      ] GC(265)   Other: 0.10ms
[1712.447s][info][gc,heap        ] GC(265) Eden regions: 1115->0(1121)
[1712.447s][info][gc,heap        ] GC(265) Survivor regions: 109->107(153)
[1712.447s][info][gc,heap        ] GC(265) Old regions: 532->469
[1712.447s][info][gc,heap        ] GC(265) Humongous regions: 80->80
[1712.447s][info][gc,metaspace   ] GC(265) Metaspace: 28944K(29248K)->28944K(29248K) NonClass: 24060K(24192K)->24060K(24192K) Class: 4883K(5056K)->4883K(5056K)
[1712.447s][info][gc             ] GC(265) Pause Young (Mixed) (G1 Evacuation Pause) 3670M->1311M(4096M) 132.135ms
[1712.447s][info][gc,cpu         ] GC(265) User=0.79s Sys=0.00s Real=0.13s
........[1720.261s][info][gc,start       ] GC(266) Pause Young (Concurrent Start) (G1 Evacuation Pause)
[1720.261s][info][gc,task        ] GC(266) Using 6 workers of 6 for evacuation
[1720.377s][info][gc,phases      ] GC(266)   Pre Evacuate Collection Set: 0.38ms
[1720.377s][info][gc,phases      ] GC(266)   Merge Heap Roots: 0.49ms
[1720.377s][info][gc,phases      ] GC(266)   Evacuate Collection Set: 114.12ms
[1720.377s][info][gc,phases      ] GC(266)   Post Evacuate Collection Set: 0.91ms
[1720.377s][info][gc,phases      ] GC(266)   Other: 0.11ms
[1720.377s][info][gc,heap        ] GC(266) Eden regions: 1121->0(1119)
[1720.377s][info][gc,heap        ] GC(266) Survivor regions: 107->109(154)
[1720.377s][info][gc,heap        ] GC(266) Old regions: 469->501
[1720.377s][info][gc,heap        ] GC(266) Humongous regions: 80->80
[1720.377s][info][gc,metaspace   ] GC(266) Metaspace: 28944K(29248K)->28944K(29248K) NonClass: 24060K(24192K)->24060K(24192K) Class: 4883K(5056K)->4883K(5056K)
[1720.377s][info][gc             ] GC(266) Pause Young (Concurrent Start) (G1 Evacuation Pause) 3553M->1379M(4096M) 116.138ms
[1720.377s][info][gc             ] GC(267) Concurrent Mark Cycle
[1720.377s][info][gc,marking     ] GC(267) Concurrent Scan Root Regions
[1720.377s][info][gc,cpu         ] GC(266) User=0.69s Sys=0.00s Real=0.12s
.[1720.512s][info][gc,marking     ] GC(267) Concurrent Scan Root Regions 135.197ms
[1720.512s][info][gc,marking     ] GC(267) Concurrent Mark
[1720.512s][info][gc,marking     ] GC(267) Concurrent Mark From Roots
[1720.512s][info][gc,task        ] GC(267) Using 2 workers of 2 for marking
[1721.089s][info][gc,marking     ] GC(267) Concurrent Mark From Roots 577.285ms
[1721.089s][info][gc,marking     ] GC(267) Concurrent Preclean
[1721.089s][info][gc,marking     ] GC(267) Concurrent Preclean 0.044ms
[1721.089s][info][gc,start       ] GC(267) Pause Remark
[1721.092s][info][gc             ] GC(267) Pause Remark 1583M->1583M(4096M) 2.525ms
[1721.092s][info][gc,cpu         ] GC(267) User=0.01s Sys=0.00s Real=0.01s
[1721.092s][info][gc,marking     ] GC(267) Concurrent Mark 580.098ms
[1721.092s][info][gc,marking     ] GC(267) Concurrent Rebuild Remembered Sets and Scrub Regions
[1721.334s][info][gc,marking     ] GC(267) Concurrent Rebuild Remembered Sets and Scrub Regions 241.946ms
[1721.334s][info][gc,start       ] GC(267) Pause Cleanup
[1721.334s][info][gc             ] GC(267) Pause Cleanup 1673M->1673M(4096M) 0.129ms
[1721.334s][info][gc,cpu         ] GC(267) User=0.00s Sys=0.00s Real=0.00s
[1721.334s][info][gc,marking     ] GC(267) Concurrent Clear Claimed Marks
[1721.334s][info][gc,marking     ] GC(267) Concurrent Clear Claimed Marks 0.026ms
[1721.334s][info][gc,marking     ] GC(267) Concurrent Cleanup for Next Mark
[1721.338s][info][gc,marking     ] GC(267) Concurrent Cleanup for Next Mark 3.898ms
[1721.338s][info][gc             ] GC(267) Concurrent Mark Cycle 961.658ms
........[1728.469s][info][gc,start       ] GC(268) Pause Young (Prepare Mixed) (G1 Evacuation Pause)
[1728.469s][info][gc,task        ] GC(268) Using 6 workers of 6 for evacuation
[1728.585s][info][gc,phases      ] GC(268)   Pre Evacuate Collection Set: 0.34ms
[1728.585s][info][gc,phases      ] GC(268)   Merge Heap Roots: 0.53ms
[1728.585s][info][gc,phases      ] GC(268)   Evacuate Collection Set: 113.71ms
[1728.585s][info][gc,phases      ] GC(268)   Post Evacuate Collection Set: 0.94ms
[1728.585s][info][gc,phases      ] GC(268)   Other: 0.10ms
[1728.585s][info][gc,heap        ] GC(268) Eden regions: 1119->0(1116)
[1728.585s][info][gc,heap        ] GC(268) Survivor regions: 109->108(154)
[1728.585s][info][gc,heap        ] GC(268) Old regions: 501->533
[1728.585s][info][gc,heap        ] GC(268) Humongous regions: 80->80
[1728.585s][info][gc,metaspace   ] GC(268) Metaspace: 28944K(29248K)->28944K(29248K) NonClass: 24060K(24192K)->24060K(24192K) Class: 4883K(5056K)->4883K(5056K)
[1728.585s][info][gc             ] GC(268) Pause Young (Prepare Mixed) (G1 Evacuation Pause) 3617M->1440M(4096M) 115.755ms
[1728.585s][info][gc,cpu         ] GC(268) User=0.69s Sys=0.00s Real=0.12s
........[1736.487s][info][gc,start       ] GC(269) Pause Young (Mixed) (G1 Evacuation Pause)
[1736.487s][info][gc,task        ] GC(269) Using 6 workers of 6 for evacuation
[1736.618s][info][gc,phases      ] GC(269)   Pre Evacuate Collection Set: 0.36ms
[1736.618s][info][gc,phases      ] GC(269)   Merge Heap Roots: 0.75ms
[1736.618s][info][gc,phases      ] GC(269)   Evacuate Collection Set: 128.35ms
[1736.618s][info][gc,phases      ] GC(269)   Post Evacuate Collection Set: 0.97ms
[1736.618s][info][gc,phases      ] GC(269)   Other: 0.09ms
[1736.618s][info][gc,heap        ] GC(269) Eden regions: 1116->0(1118)
[1736.618s][info][gc,heap        ] GC(269) Survivor regions: 108->110(153)
[1736.618s][info][gc,heap        ] GC(269) Old regions: 533->469
[1736.618s][info][gc,heap        ] GC(269) Humongous regions: 80->80
[1736.618s][info][gc,metaspace   ] GC(269) Metaspace: 28944K(29248K)->28944K(29248K) NonClass: 24060K(24192K)->24060K(24192K) Class: 4883K(5056K)->4883K(5056K)
[1736.618s][info][gc             ] GC(269) Pause Young (Mixed) (G1 Evacuation Pause) 3672M->1315M(4096M) 130.651ms
[1736.618s][info][gc,cpu         ] GC(269) User=0.77s Sys=0.00s Real=0.13s
........[1744.597s][info][gc,start       ] GC(270) Pause Young (Concurrent Start) (G1 Evacuation Pause)
[1744.598s][info][gc,task        ] GC(270) Using 6 workers of 6 for evacuation
[1744.715s][info][gc,phases      ] GC(270)   Pre Evacuate Collection Set: 0.38ms
[1744.715s][info][gc,phases      ] GC(270)   Merge Heap Roots: 0.51ms
[1744.715s][info][gc,phases      ] GC(270)   Evacuate Collection Set: 115.96ms
[1744.715s][info][gc,phases      ] GC(270)   Post Evacuate Collection Set: 0.94ms
[1744.715s][info][gc,phases      ] GC(270)   Other: 0.11ms
[1744.715s][info][gc,heap        ] GC(270) Eden regions: 1118->0(1118)
[1744.715s][info][gc,heap        ] GC(270) Survivor regions: 110->110(154)
[1744.715s][info][gc,heap        ] GC(270) Old regions: 469->502
[1744.715s][info][gc,heap        ] GC(270) Humongous regions: 80->80
[1744.715s][info][gc,metaspace   ] GC(270) Metaspace: 28944K(29248K)->28944K(29248K) NonClass: 24060K(24192K)->24060K(24192K) Class: 4883K(5056K)->4883K(5056K)
[1744.715s][info][gc             ] GC(270) Pause Young (Concurrent Start) (G1 Evacuation Pause) 3551M->1381M(4096M) 118.030ms
[1744.716s][info][gc             ] GC(271) Concurrent Mark Cycle
[1744.716s][info][gc,marking     ] GC(271) Concurrent Scan Root Regions
[1744.716s][info][gc,cpu         ] GC(270) User=0.71s Sys=0.00s Real=0.12s
[1744.888s][info][gc,marking     ] GC(271) Concurrent Scan Root Regions 172.897ms
[1744.888s][info][gc,marking     ] GC(271) Concurrent Mark
[1744.888s][info][gc,marking     ] GC(271) Concurrent Mark From Roots
[1744.888s][info][gc,task        ] GC(271) Using 2 workers of 2 for marking
[1745.452s][info][gc,marking     ] GC(271) Concurrent Mark From Roots 563.193ms
[1745.452s][info][gc,marking     ] GC(271) Concurrent Preclean
[1745.452s][info][gc,marking     ] GC(271) Concurrent Preclean 0.043ms
[1745.452s][info][gc,start       ] GC(271) Pause Remark
[1745.454s][info][gc             ] GC(271) Pause Remark 1638M->1638M(4096M) 2.309ms
[1745.454s][info][gc,cpu         ] GC(271) User=0.01s Sys=0.00s Real=0.00s
[1745.454s][info][gc,marking     ] GC(271) Concurrent Mark 565.784ms
[1745.454s][info][gc,marking     ] GC(271) Concurrent Rebuild Remembered Sets and Scrub Regions
. (rIR:aIR:PR = 2352:2352:2352) (tPR = 35001) [OK] 
  1745s: Performance info:
         Transaction,    Success,    Partial,     Failed,   Receipts, AvgBarcode, 
             Overall,     141647,          0,          0,     134559,      59.47, 
         Response times:
             Request,    Success,    Partial,     Failed,   SkipFail,     Probes,    Samples,      min,      p50,      p90,      p95,      p99,      max, 
       TotalPurchase,     134559,          0,          0,          0,     131149,     144000,      300,     2100,     3200,     3700,    10100,   140000,
     InStorePurchase,      70851,          0,          0,          0,      69294,      75858,      300,     1900,     3200,     3700,     9100,   140000,
      OnlinePurchase,      49557,          0,          0,          0,      48317,      53012,      300,     2300,     3300,     3800,    11587,   140000,
        InstPurchase,      14151,          0,          0,          0,      13538,      15130,      400,     2100,     3200,     3600,    10900,   137000,
          AssocOfCat,        143,          0,          0,          0,        112,        170,    19700,    28000,    33000,    37000,    44480,    53000,
      AssocOfProduct,       1418,          0,          0,          0,       1293,       1581,      600,     2500,     3300,     3800,    14418,   138000,
      BusinessReport,        354,          0,          0,          0,        291,        412,    21000,    31000,    39000,    47000,   105490,   173000,
          CustBuyBeh,       1421,          0,          0,          0,       1272,       1530,      200,     1700,     3300,     3700,     8404,   119000,
       ProductReturn,       3752,          0,          0,          0,       3468,       3917,      200,     2100,     3300,     3700,     7174,   140000,

  1745s: (18%)   IR =   2491 [1745.696s][info][gc,marking     ] GC(271) Concurrent Rebuild Remembered Sets and Scrub Regions 241.788ms
[1745.696s][info][gc,start       ] GC(271) Pause Cleanup
[1745.696s][info][gc             ] GC(271) Pause Cleanup 1698M->1698M(4096M) 0.117ms
[1745.696s][info][gc,cpu         ] GC(271) User=0.00s Sys=0.00s Real=0.00s
[1745.696s][info][gc,marking     ] GC(271) Concurrent Clear Claimed Marks
[1745.696s][info][gc,marking     ] GC(271) Concurrent Clear Claimed Marks 0.031ms
[1745.696s][info][gc,marking     ] GC(271) Concurrent Cleanup for Next Mark
[1745.700s][info][gc,marking     ] GC(271) Concurrent Cleanup for Next Mark 3.175ms
[1745.700s][info][gc             ] GC(271) Concurrent Mark Cycle 984.121ms
.....|.[1752.229s][info][gc,start       ] GC(272) Pause Young (Prepare Mixed) (G1 Evacuation Pause)
[1752.229s][info][gc,task        ] GC(272) Using 6 workers of 6 for evacuation
[1752.351s][info][gc,phases      ] GC(272)   Pre Evacuate Collection Set: 0.34ms
[1752.351s][info][gc,phases      ] GC(272)   Merge Heap Roots: 0.57ms
[1752.351s][info][gc,phases      ] GC(272)   Evacuate Collection Set: 120.69ms
[1752.351s][info][gc,phases      ] GC(272)   Post Evacuate Collection Set: 0.94ms
[1752.351s][info][gc,phases      ] GC(272)   Other: 0.10ms
[1752.351s][info][gc,heap        ] GC(272) Eden regions: 1118->0(1106)
[1752.351s][info][gc,heap        ] GC(272) Survivor regions: 110->113(154)
[1752.351s][info][gc,heap        ] GC(272) Old regions: 502->533
[1752.351s][info][gc,heap        ] GC(272) Humongous regions: 80->80
[1752.352s][info][gc,metaspace   ] GC(272) Metaspace: 28945K(29248K)->28945K(29248K) NonClass: 24061K(24192K)->24061K(24192K) Class: 4883K(5056K)->4883K(5056K)
[1752.352s][info][gc             ] GC(272) Pause Young (Prepare Mixed) (G1 Evacuation Pause) 3617M->1450M(4096M) 122.770ms
[1752.352s][info][gc,cpu         ] GC(272) User=0.73s Sys=0.00s Real=0.13s
........[1759.823s][info][gc,start       ] GC(273) Pause Young (Mixed) (G1 Evacuation Pause)
[1759.823s][info][gc,task        ] GC(273) Using 6 workers of 6 for evacuation
[1759.955s][info][gc,phases      ] GC(273)   Pre Evacuate Collection Set: 0.43ms
[1759.955s][info][gc,phases      ] GC(273)   Merge Heap Roots: 0.72ms
[1759.955s][info][gc,phases      ] GC(273)   Evacuate Collection Set: 130.32ms
[1759.955s][info][gc,phases      ] GC(273)   Post Evacuate Collection Set: 0.97ms
[1759.955s][info][gc,phases      ] GC(273)   Other: 0.09ms
[1759.955s][info][gc,heap        ] GC(273) Eden regions: 1106->0(1120)
[1759.955s][info][gc,heap        ] GC(273) Survivor regions: 113->108(153)
[1759.955s][info][gc,heap        ] GC(273) Old regions: 533->470
[1759.955s][info][gc,heap        ] GC(273) Humongous regions: 80->80
[1759.955s][info][gc,metaspace   ] GC(273) Metaspace: 28945K(29248K)->28945K(29248K) NonClass: 24061K(24192K)->24061K(24192K) Class: 4883K(5056K)->4883K(5056K)
[1759.955s][info][gc             ] GC(273) Pause Young (Mixed) (G1 Evacuation Pause) 3662M->1313M(4096M) 132.660ms
[1759.955s][info][gc,cpu         ] GC(273) User=0.78s Sys=0.00s Real=0.13s
.......[1767.436s][info][gc,start       ] GC(274) Pause Young (Concurrent Start) (G1 Evacuation Pause)
[1767.436s][info][gc,task        ] GC(274) Using 6 workers of 6 for evacuation
[1767.552s][info][gc,phases      ] GC(274)   Pre Evacuate Collection Set: 0.42ms
[1767.552s][info][gc,phases      ] GC(274)   Merge Heap Roots: 0.56ms
[1767.552s][info][gc,phases      ] GC(274)   Evacuate Collection Set: 113.89ms
[1767.552s][info][gc,phases      ] GC(274)   Post Evacuate Collection Set: 0.88ms
[1767.552s][info][gc,phases      ] GC(274)   Other: 0.13ms
[1767.552s][info][gc,heap        ] GC(274) Eden regions: 1120->0(1119)
[1767.552s][info][gc,heap        ] GC(274) Survivor regions: 108->109(154)
[1767.552s][info][gc,heap        ] GC(274) Old regions: 470->502
[1767.552s][info][gc,heap        ] GC(274) Humongous regions: 80->80
[1767.552s][info][gc,metaspace   ] GC(274) Metaspace: 28945K(29248K)->28945K(29248K) NonClass: 24061K(24192K)->24061K(24192K) Class: 4883K(5056K)->4883K(5056K)
[1767.552s][info][gc             ] GC(274) Pause Young (Concurrent Start) (G1 Evacuation Pause) 3553M->1379M(4096M) 116.007ms
[1767.552s][info][gc             ] GC(275) Concurrent Mark Cycle
[1767.552s][info][gc,marking     ] GC(275) Concurrent Scan Root Regions
[1767.552s][info][gc,cpu         ] GC(274) User=0.69s Sys=0.00s Real=0.12s
.[1767.674s][info][gc,marking     ] GC(275) Concurrent Scan Root Regions 122.136ms
[1767.674s][info][gc,marking     ] GC(275) Concurrent Mark
[1767.674s][info][gc,marking     ] GC(275) Concurrent Mark From Roots
[1767.674s][info][gc,task        ] GC(275) Using 2 workers of 2 for marking
[1768.268s][info][gc,marking     ] GC(275) Concurrent Mark From Roots 593.838ms
[1768.268s][info][gc,marking     ] GC(275) Concurrent Preclean
[1768.268s][info][gc,marking     ] GC(275) Concurrent Preclean 0.066ms
[1768.268s][info][gc,start       ] GC(275) Pause Remark
[1768.271s][info][gc             ] GC(275) Pause Remark 1617M->1617M(4096M) 2.761ms
[1768.271s][info][gc,cpu         ] GC(275) User=0.01s Sys=0.00s Real=0.00s
[1768.271s][info][gc,marking     ] GC(275) Concurrent Mark 596.944ms
[1768.271s][info][gc,marking     ] GC(275) Concurrent Rebuild Remembered Sets and Scrub Regions
[1768.502s][info][gc,marking     ] GC(275) Concurrent Rebuild Remembered Sets and Scrub Regions 230.886ms
[1768.502s][info][gc,start       ] GC(275) Pause Cleanup
[1768.503s][info][gc             ] GC(275) Pause Cleanup 1693M->1693M(4096M) 0.767ms
[1768.503s][info][gc,cpu         ] GC(275) User=0.00s Sys=0.00s Real=0.00s
[1768.503s][info][gc,marking     ] GC(275) Concurrent Clear Claimed Marks
[1768.503s][info][gc,marking     ] GC(275) Concurrent Clear Claimed Marks 0.026ms
[1768.503s][info][gc,marking     ] GC(275) Concurrent Cleanup for Next Mark
[1768.506s][info][gc,marking     ] GC(275) Concurrent Cleanup for Next Mark 3.179ms
[1768.506s][info][gc             ] GC(275) Concurrent Mark Cycle 954.281ms
.......[1775.002s][info][gc,start       ] GC(276) Pause Young (Prepare Mixed) (G1 Evacuation Pause)
[1775.002s][info][gc,task        ] GC(276) Using 6 workers of 6 for evacuation
[1775.118s][info][gc,phases      ] GC(276)   Pre Evacuate Collection Set: 0.34ms
[1775.118s][info][gc,phases      ] GC(276)   Merge Heap Roots: 0.53ms
[1775.118s][info][gc,phases      ] GC(276)   Evacuate Collection Set: 113.94ms
[1775.118s][info][gc,phases      ] GC(276)   Post Evacuate Collection Set: 0.94ms
[1775.118s][info][gc,phases      ] GC(276)   Other: 0.08ms
[1775.118s][info][gc,heap        ] GC(276) Eden regions: 1119->0(1115)
[1775.118s][info][gc,heap        ] GC(276) Survivor regions: 109->108(154)
[1775.118s][info][gc,heap        ] GC(276) Old regions: 502->534
[1775.118s][info][gc,heap        ] GC(276) Humongous regions: 80->80
[1775.118s][info][gc,metaspace   ] GC(276) Metaspace: 28945K(29248K)->28945K(29248K) NonClass: 24061K(24192K)->24061K(24192K) Class: 4883K(5056K)->4883K(5056K)
[1775.118s][info][gc             ] GC(276) Pause Young (Prepare Mixed) (G1 Evacuation Pause) 3617M->1442M(4096M) 115.977ms
[1775.118s][info][gc,cpu         ] GC(276) User=0.69s Sys=0.01s Real=0.11s
........[1782.667s][info][gc,start       ] GC(277) Pause Young (Mixed) (G1 Evacuation Pause)
[1782.667s][info][gc,task        ] GC(277) Using 6 workers of 6 for evacuation
[1782.797s][info][gc,phases      ] GC(277)   Pre Evacuate Collection Set: 0.38ms
[1782.797s][info][gc,phases      ] GC(277)   Merge Heap Roots: 0.79ms
[1782.797s][info][gc,phases      ] GC(277)   Evacuate Collection Set: 127.06ms
[1782.797s][info][gc,phases      ] GC(277)   Post Evacuate Collection Set: 0.96ms
[1782.797s][info][gc,phases      ] GC(277)   Other: 0.09ms
[1782.797s][info][gc,heap        ] GC(277) Eden regions: 1115->0(1121)
[1782.797s][info][gc,heap        ] GC(277) Survivor regions: 108->107(153)
[1782.797s][info][gc,heap        ] GC(277) Old regions: 534->471
[1782.797s][info][gc,heap        ] GC(277) Humongous regions: 80->80
[1782.797s][info][gc,metaspace   ] GC(277) Metaspace: 28947K(29248K)->28947K(29248K) NonClass: 24063K(24192K)->24063K(24192K) Class: 4883K(5056K)->4883K(5056K)
[1782.797s][info][gc             ] GC(277) Pause Young (Mixed) (G1 Evacuation Pause) 3672M->1314M(4096M) 129.422ms
[1782.797s][info][gc,cpu         ] GC(277) User=0.77s Sys=0.00s Real=0.13s
.......[1790.231s][info][gc,start       ] GC(278) Pause Young (Concurrent Start) (G1 Evacuation Pause)
[1790.231s][info][gc,task        ] GC(278) Using 6 workers of 6 for evacuation
[1790.348s][info][gc,phases      ] GC(278)   Pre Evacuate Collection Set: 0.42ms
[1790.348s][info][gc,phases      ] GC(278)   Merge Heap Roots: 0.53ms
[1790.348s][info][gc,phases      ] GC(278)   Evacuate Collection Set: 114.56ms
[1790.348s][info][gc,phases      ] GC(278)   Post Evacuate Collection Set: 0.90ms
[1790.348s][info][gc,phases      ] GC(278)   Other: 0.12ms
[1790.348s][info][gc,heap        ] GC(278) Eden regions: 1121->0(1119)
[1790.348s][info][gc,heap        ] GC(278) Survivor regions: 107->109(154)
[1790.348s][info][gc,heap        ] GC(278) Old regions: 471->503
[1790.348s][info][gc,heap        ] GC(278) Humongous regions: 80->80
[1790.348s][info][gc,metaspace   ] GC(278) Metaspace: 28947K(29248K)->28947K(29248K) NonClass: 24063K(24192K)->24063K(24192K) Class: 4883K(5056K)->4883K(5056K)
[1790.348s][info][gc             ] GC(278) Pause Young (Concurrent Start) (G1 Evacuation Pause) 3556M->1382M(4096M) 116.647ms
[1790.348s][info][gc             ] GC(279) Concurrent Mark Cycle
[1790.348s][info][gc,marking     ] GC(279) Concurrent Scan Root Regions
[1790.348s][info][gc,cpu         ] GC(278) User=0.69s Sys=0.00s Real=0.11s
[1790.524s][info][gc,marking     ] GC(279) Concurrent Scan Root Regions 176.079ms
[1790.524s][info][gc,marking     ] GC(279) Concurrent Mark
[1790.524s][info][gc,marking     ] GC(279) Concurrent Mark From Roots
[1790.524s][info][gc,task        ] GC(279) Using 2 workers of 2 for marking
.[1791.454s][info][gc,marking     ] GC(279) Concurrent Mark From Roots 929.880ms
[1791.454s][info][gc,marking     ] GC(279) Concurrent Preclean
[1791.454s][info][gc,marking     ] GC(279) Concurrent Preclean 0.078ms
[1791.454s][info][gc,start       ] GC(279) Pause Remark
[1791.457s][info][gc             ] GC(279) Pause Remark 1765M->1765M(4096M) 2.741ms
[1791.457s][info][gc,cpu         ] GC(279) User=0.01s Sys=0.00s Real=0.00s
[1791.457s][info][gc,marking     ] GC(279) Concurrent Mark 933.103ms
[1791.457s][info][gc,marking     ] GC(279) Concurrent Rebuild Remembered Sets and Scrub Regions
.[1791.853s][info][gc,marking     ] GC(279) Concurrent Rebuild Remembered Sets and Scrub Regions 395.288ms
[1791.853s][info][gc,start       ] GC(279) Pause Cleanup
[1791.853s][info][gc             ] GC(279) Pause Cleanup 1852M->1852M(4096M) 0.126ms
[1791.853s][info][gc,cpu         ] GC(279) User=0.00s Sys=0.00s Real=0.00s
[1791.853s][info][gc,marking     ] GC(279) Concurrent Clear Claimed Marks
[1791.853s][info][gc,marking     ] GC(279) Concurrent Clear Claimed Marks 0.027ms
[1791.853s][info][gc,marking     ] GC(279) Concurrent Cleanup for Next Mark
[1791.857s][info][gc,marking     ] GC(279) Concurrent Cleanup for Next Mark 3.959ms
[1791.857s][info][gc             ] GC(279) Concurrent Mark Cycle 1508.912ms
......[1797.898s][info][gc,start       ] GC(280) Pause Young (Prepare Mixed) (G1 Evacuation Pause)
[1797.898s][info][gc,task        ] GC(280) Using 6 workers of 6 for evacuation
[1798.014s][info][gc,phases      ] GC(280)   Pre Evacuate Collection Set: 0.42ms
[1798.014s][info][gc,phases      ] GC(280)   Merge Heap Roots: 0.60ms
[1798.014s][info][gc,phases      ] GC(280)   Evacuate Collection Set: 113.43ms
[1798.014s][info][gc,phases      ] GC(280)   Post Evacuate Collection Set: 0.96ms
[1798.014s][info][gc,phases      ] GC(280)   Other: 0.11ms
[1798.014s][info][gc,heap        ] GC(280) Eden regions: 1119->0(1112)
[1798.014s][info][gc,heap        ] GC(280) Survivor regions: 109->109(154)
[1798.014s][info][gc,heap        ] GC(280) Old regions: 503->535
[1798.014s][info][gc,heap        ] GC(280) Humongous regions: 80->80
[1798.014s][info][gc,metaspace   ] GC(280) Metaspace: 28947K(29248K)->28947K(29248K) NonClass: 24063K(24192K)->24063K(24192K) Class: 4883K(5056K)->4883K(5056K)
[1798.014s][info][gc             ] GC(280) Pause Young (Prepare Mixed) (G1 Evacuation Pause) 3620M->1445M(4096M) 115.644ms
[1798.014s][info][gc,cpu         ] GC(280) User=0.69s Sys=0.00s Real=0.12s
.......[1805.503s][info][gc,start       ] GC(281) Pause Young (Mixed) (G1 Evacuation Pause)
[1805.503s][info][gc,task        ] GC(281) Using 6 workers of 6 for evacuation
[1805.635s][info][gc,phases      ] GC(281)   Pre Evacuate Collection Set: 0.44ms
[1805.635s][info][gc,phases      ] GC(281)   Merge Heap Roots: 0.74ms
[1805.635s][info][gc,phases      ] GC(281)   Evacuate Collection Set: 129.56ms
[1805.635s][info][gc,phases      ] GC(281)   Post Evacuate Collection Set: 0.93ms
[1805.635s][info][gc,phases      ] GC(281)   Other: 0.10ms
[1805.635s][info][gc,heap        ] GC(281) Eden regions: 1112->0(1120)
[1805.635s][info][gc,heap        ] GC(281) Survivor regions: 109->108(153)
[1805.635s][info][gc,heap        ] GC(281) Old regions: 535->469
[1805.635s][info][gc,heap        ] GC(281) Humongous regions: 80->80
[1805.635s][info][gc,metaspace   ] GC(281) Metaspace: 28949K(29248K)->28949K(29248K) NonClass: 24066K(24192K)->24066K(24192K) Class: 4883K(5056K)->4883K(5056K)
[1805.635s][info][gc             ] GC(281) Pause Young (Mixed) (G1 Evacuation Pause) 3669M->1312M(4096M) 131.904ms
[1805.635s][info][gc,cpu         ] GC(281) User=0.79s Sys=0.00s Real=0.13s
...... (rIR:aIR:PR = 2491:2491:2491) (tPR = 36743) [OK] 
  1810s: Performance info:
         Transaction,    Success,    Partial,     Failed,   Receipts, AvgBarcode, 
             Overall,     149835,          0,          0,     142342,      59.48, 
         Response times:
             Request,    Success,    Partial,     Failed,   SkipFail,     Probes,    Samples,      min,      p50,      p90,      p95,      p99,      max, 
       TotalPurchase,     142342,          0,          0,          0,     139156,     152043,      300,     2200,     3400,     3900,     9200,   157000,
     InStorePurchase,      74935,          0,          0,          0,      73246,      79711,      300,     2200,     3400,     3900,     9400,   157000,
      OnlinePurchase,      52432,          0,          0,          0,      51404,      56230,      300,     2100,     3400,     3900,     9100,   139000,
        InstPurchase,      14975,          0,          0,          0,      14506,      16102,      400,     2000,     3400,     3900,     9397,   138000,
          AssocOfCat,        148,          0,          0,          0,        106,        162,    21000,    27500,    36000,    38850,    49480,    52000,
      AssocOfProduct,       1502,          0,          0,          0,       1340,       1578,      500,     1500,     2800,     3200,     7021,    15100,
      BusinessReport,        376,          0,          0,          0,        301,        384,    21000,    30000,    37000,    44500,    66750,   162000,
          CustBuyBeh,       1498,          0,          0,          0,       1346,       1628,      200,     2150,     3200,     3600,     8223,    32000,
       ProductReturn,       3969,          0,          0,          0,       3642,       4158,      200,     1700,     3200,     3600,     8041,   157000,

  1810s: (19%)   IR =   2629 ..[1812.966s][info][gc,start       ] GC(282) Pause Young (Concurrent Start) (G1 Evacuation Pause)
[1812.966s][info][gc,task        ] GC(282) Using 6 workers of 6 for evacuation
[1813.081s][info][gc,phases      ] GC(282)   Pre Evacuate Collection Set: 0.39ms
[1813.081s][info][gc,phases      ] GC(282)   Merge Heap Roots: 0.50ms
[1813.081s][info][gc,phases      ] GC(282)   Evacuate Collection Set: 113.22ms
[1813.081s][info][gc,phases      ] GC(282)   Post Evacuate Collection Set: 0.94ms
[1813.081s][info][gc,phases      ] GC(282)   Other: 0.11ms
[1813.081s][info][gc,heap        ] GC(282) Eden regions: 1120->0(1120)
[1813.081s][info][gc,heap        ] GC(282) Survivor regions: 108->108(154)
[1813.081s][info][gc,heap        ] GC(282) Old regions: 469->501
[1813.081s][info][gc,heap        ] GC(282) Humongous regions: 80->80
[1813.081s][info][gc,metaspace   ] GC(282) Metaspace: 28949K(29248K)->28949K(29248K) NonClass: 24066K(24192K)->24066K(24192K) Class: 4883K(5056K)->4883K(5056K)
[1813.081s][info][gc             ] GC(282) Pause Young (Concurrent Start) (G1 Evacuation Pause) 3552M->1377M(4096M) 115.321ms
[1813.081s][info][gc             ] GC(283) Concurrent Mark Cycle
[1813.081s][info][gc,marking     ] GC(283) Concurrent Scan Root Regions
[1813.081s][info][gc,cpu         ] GC(282) User=0.69s Sys=0.00s Real=0.12s
[1813.251s][info][gc,marking     ] GC(283) Concurrent Scan Root Regions 169.692ms
[1813.251s][info][gc,marking     ] GC(283) Concurrent Mark
[1813.251s][info][gc,marking     ] GC(283) Concurrent Mark From Roots
[1813.251s][info][gc,task        ] GC(283) Using 2 workers of 2 for marking
.[1814.184s][info][gc,marking     ] GC(283) Concurrent Mark From Roots 932.474ms
[1814.184s][info][gc,marking     ] GC(283) Concurrent Preclean
[1814.184s][info][gc,marking     ] GC(283) Concurrent Preclean 0.047ms
[1814.184s][info][gc,start       ] GC(283) Pause Remark
[1814.187s][info][gc             ] GC(283) Pause Remark 1766M->1766M(4096M) 2.888ms
[1814.187s][info][gc,cpu         ] GC(283) User=0.01s Sys=0.00s Real=0.00s
[1814.187s][info][gc,marking     ] GC(283) Concurrent Mark 935.677ms
[1814.187s][info][gc,marking     ] GC(283) Concurrent Rebuild Remembered Sets and Scrub Regions
[1814.537s][info][gc,marking     ] GC(283) Concurrent Rebuild Remembered Sets and Scrub Regions 349.923ms
[1814.537s][info][gc,start       ] GC(283) Pause Cleanup
[1814.537s][info][gc             ] GC(283) Pause Cleanup 1882M->1882M(4096M) 0.128ms
[1814.537s][info][gc,cpu         ] GC(283) User=0.00s Sys=0.00s Real=0.00s
[1814.537s][info][gc,marking     ] GC(283) Concurrent Clear Claimed Marks
[1814.537s][info][gc,marking     ] GC(283) Concurrent Clear Claimed Marks 0.025ms
[1814.537s][info][gc,marking     ] GC(283) Concurrent Cleanup for Next Mark
[1814.540s][info][gc,marking     ] GC(283) Concurrent Cleanup for Next Mark 3.307ms
[1814.540s][info][gc             ] GC(283) Concurrent Mark Cycle 1459.047ms
..|....[1820.134s][info][gc,start       ] GC(284) Pause Young (Prepare Mixed) (G1 Evacuation Pause)
[1820.134s][info][gc,task        ] GC(284) Using 6 workers of 6 for evacuation
[1820.250s][info][gc,phases      ] GC(284)   Pre Evacuate Collection Set: 0.34ms
[1820.250s][info][gc,phases      ] GC(284)   Merge Heap Roots: 0.57ms
[1820.250s][info][gc,phases      ] GC(284)   Evacuate Collection Set: 114.10ms
[1820.250s][info][gc,phases      ] GC(284)   Post Evacuate Collection Set: 0.98ms
[1820.250s][info][gc,phases      ] GC(284)   Other: 0.60ms
[1820.250s][info][gc,heap        ] GC(284) Eden regions: 1120->0(1114)
[1820.250s][info][gc,heap        ] GC(284) Survivor regions: 108->109(154)
[1820.250s][info][gc,heap        ] GC(284) Old regions: 501->533
[1820.250s][info][gc,heap        ] GC(284) Humongous regions: 80->80
[1820.250s][info][gc,metaspace   ] GC(284) Metaspace: 28949K(29248K)->28949K(29248K) NonClass: 24066K(24192K)->24066K(24192K) Class: 4883K(5056K)->4883K(5056K)
[1820.250s][info][gc             ] GC(284) Pause Young (Prepare Mixed) (G1 Evacuation Pause) 3617M->1441M(4096M) 116.718ms
[1820.251s][info][gc,cpu         ] GC(284) User=0.69s Sys=0.00s Real=0.11s
.......[1827.320s][info][gc,start       ] GC(285) Pause Young (Mixed) (G1 Evacuation Pause)
[1827.320s][info][gc,task        ] GC(285) Using 6 workers of 6 for evacuation
[1827.452s][info][gc,phases      ] GC(285)   Pre Evacuate Collection Set: 0.39ms
[1827.452s][info][gc,phases      ] GC(285)   Merge Heap Roots: 0.70ms
[1827.452s][info][gc,phases      ] GC(285)   Evacuate Collection Set: 129.67ms
[1827.452s][info][gc,phases      ] GC(285)   Post Evacuate Collection Set: 0.94ms
[1827.452s][info][gc,phases      ] GC(285)   Other: 0.09ms
[1827.452s][info][gc,heap        ] GC(285) Eden regions: 1114->0(1119)
[1827.452s][info][gc,heap        ] GC(285) Survivor regions: 109->109(153)
[1827.452s][info][gc,heap        ] GC(285) Old regions: 533->471
[1827.452s][info][gc,heap        ] GC(285) Humongous regions: 80->80
[1827.452s][info][gc,metaspace   ] GC(285) Metaspace: 28949K(29248K)->28949K(29248K) NonClass: 24066K(24192K)->24066K(24192K) Class: 4883K(5056K)->4883K(5056K)
[1827.452s][info][gc             ] GC(285) Pause Young (Mixed) (G1 Evacuation Pause) 3669M->1317M(4096M) 131.935ms
[1827.452s][info][gc,cpu         ] GC(285) User=0.78s Sys=0.01s Real=0.14s
.......[1834.600s][info][gc,start       ] GC(286) Pause Young (Concurrent Start) (G1 Evacuation Pause)
[1834.600s][info][gc,task        ] GC(286) Using 6 workers of 6 for evacuation
[1834.717s][info][gc,phases      ] GC(286)   Pre Evacuate Collection Set: 0.42ms
[1834.717s][info][gc,phases      ] GC(286)   Merge Heap Roots: 0.59ms
[1834.717s][info][gc,phases      ] GC(286)   Evacuate Collection Set: 114.94ms
[1834.717s][info][gc,phases      ] GC(286)   Post Evacuate Collection Set: 0.91ms
[1834.717s][info][gc,phases      ] GC(286)   Other: 0.11ms
[1834.717s][info][gc,heap        ] GC(286) Eden regions: 1119->0(1120)
[1834.717s][info][gc,heap        ] GC(286) Survivor regions: 109->108(154)
[1834.717s][info][gc,heap        ] GC(286) Old regions: 471->503
[1834.717s][info][gc,heap        ] GC(286) Humongous regions: 80->80
[1834.717s][info][gc,metaspace   ] GC(286) Metaspace: 28949K(29248K)->28949K(29248K) NonClass: 24066K(24192K)->24066K(24192K) Class: 4883K(5056K)->4883K(5056K)
[1834.717s][info][gc             ] GC(286) Pause Young (Concurrent Start) (G1 Evacuation Pause) 3555M->1380M(4096M) 117.114ms
[1834.717s][info][gc             ] GC(287) Concurrent Mark Cycle
[1834.717s][info][gc,marking     ] GC(287) Concurrent Scan Root Regions
[1834.717s][info][gc,cpu         ] GC(286) User=0.69s Sys=0.00s Real=0.12s
.[1834.836s][info][gc,marking     ] GC(287) Concurrent Scan Root Regions 118.582ms
[1834.836s][info][gc,marking     ] GC(287) Concurrent Mark
[1834.836s][info][gc,marking     ] GC(287) Concurrent Mark From Roots
[1834.836s][info][gc,task        ] GC(287) Using 2 workers of 2 for marking
[1835.397s][info][gc,marking     ] GC(287) Concurrent Mark From Roots 560.827ms
[1835.397s][info][gc,marking     ] GC(287) Concurrent Preclean
[1835.397s][info][gc,marking     ] GC(287) Concurrent Preclean 0.048ms
[1835.397s][info][gc,start       ] GC(287) Pause Remark
[1835.400s][info][gc             ] GC(287) Pause Remark 1618M->1618M(4096M) 2.718ms
[1835.400s][info][gc,cpu         ] GC(287) User=0.01s Sys=0.00s Real=0.00s
[1835.400s][info][gc,marking     ] GC(287) Concurrent Mark 563.839ms
[1835.400s][info][gc,marking     ] GC(287) Concurrent Rebuild Remembered Sets and Scrub Regions
[1835.618s][info][gc,marking     ] GC(287) Concurrent Rebuild Remembered Sets and Scrub Regions 218.098ms
[1835.618s][info][gc,start       ] GC(287) Pause Cleanup
[1835.618s][info][gc             ] GC(287) Pause Cleanup 1695M->1695M(4096M) 0.133ms
[1835.618s][info][gc,cpu         ] GC(287) User=0.00s Sys=0.00s Real=0.00s
[1835.618s][info][gc,marking     ] GC(287) Concurrent Clear Claimed Marks
[1835.618s][info][gc,marking     ] GC(287) Concurrent Clear Claimed Marks 0.031ms
[1835.618s][info][gc,marking     ] GC(287) Concurrent Cleanup for Next Mark
[1835.623s][info][gc,marking     ] GC(287) Concurrent Cleanup for Next Mark 4.523ms
[1835.623s][info][gc             ] GC(287) Concurrent Mark Cycle 905.530ms
.......[1841.873s][info][gc,start       ] GC(288) Pause Young (Prepare Mixed) (G1 Evacuation Pause)
[1841.873s][info][gc,task        ] GC(288) Using 6 workers of 6 for evacuation
[1841.991s][info][gc,phases      ] GC(288)   Pre Evacuate Collection Set: 0.33ms
[1841.991s][info][gc,phases      ] GC(288)   Merge Heap Roots: 0.54ms
[1841.991s][info][gc,phases      ] GC(288)   Evacuate Collection Set: 116.28ms
[1841.991s][info][gc,phases      ] GC(288)   Post Evacuate Collection Set: 0.94ms
[1841.991s][info][gc,phases      ] GC(288)   Other: 0.10ms
[1841.992s][info][gc,heap        ] GC(288) Eden regions: 1120->0(1111)
[1841.992s][info][gc,heap        ] GC(288) Survivor regions: 108->110(154)
[1841.992s][info][gc,heap        ] GC(288) Old regions: 503->534
[1841.992s][info][gc,heap        ] GC(288) Humongous regions: 80->80
[1841.992s][info][gc,metaspace   ] GC(288) Metaspace: 28951K(29248K)->28951K(29248K) NonClass: 24067K(24192K)->24067K(24192K) Class: 4883K(5056K)->4883K(5056K)
[1841.992s][info][gc             ] GC(288) Pause Young (Prepare Mixed) (G1 Evacuation Pause) 3620M->1447M(4096M) 118.354ms
[1841.992s][info][gc,cpu         ] GC(288) User=0.70s Sys=0.00s Real=0.12s
.......[1849.021s][info][gc,start       ] GC(289) Pause Young (Mixed) (G1 Evacuation Pause)
[1849.021s][info][gc,task        ] GC(289) Using 6 workers of 6 for evacuation
[1849.153s][info][gc,phases      ] GC(289)   Pre Evacuate Collection Set: 0.37ms
[1849.153s][info][gc,phases      ] GC(289)   Merge Heap Roots: 0.69ms
[1849.153s][info][gc,phases      ] GC(289)   Evacuate Collection Set: 129.68ms
[1849.153s][info][gc,phases      ] GC(289)   Post Evacuate Collection Set: 0.97ms
[1849.153s][info][gc,phases      ] GC(289)   Other: 0.09ms
[1849.153s][info][gc,heap        ] GC(289) Eden regions: 1111->0(1119)
[1849.153s][info][gc,heap        ] GC(289) Survivor regions: 110->109(153)
[1849.153s][info][gc,heap        ] GC(289) Old regions: 534->469
[1849.153s][info][gc,heap        ] GC(289) Humongous regions: 80->80
[1849.153s][info][gc,metaspace   ] GC(289) Metaspace: 28951K(29248K)->28951K(29248K) NonClass: 24067K(24192K)->24067K(24192K) Class: 4883K(5056K)->4883K(5056K)
[1849.153s][info][gc             ] GC(289) Pause Young (Mixed) (G1 Evacuation Pause) 3669M->1314M(4096M) 131.926ms
[1849.153s][info][gc,cpu         ] GC(289) User=0.78s Sys=0.00s Real=0.13s
.......[1856.223s][info][gc,start       ] GC(290) Pause Young (Concurrent Start) (G1 Evacuation Pause)
[1856.223s][info][gc,task        ] GC(290) Using 6 workers of 6 for evacuation
[1856.339s][info][gc,phases      ] GC(290)   Pre Evacuate Collection Set: 0.39ms
[1856.339s][info][gc,phases      ] GC(290)   Merge Heap Roots: 0.49ms
[1856.339s][info][gc,phases      ] GC(290)   Evacuate Collection Set: 113.98ms
[1856.339s][info][gc,phases      ] GC(290)   Post Evacuate Collection Set: 0.91ms
[1856.339s][info][gc,phases      ] GC(290)   Other: 0.12ms
[1856.339s][info][gc,heap        ] GC(290) Eden regions: 1119->0(1120)
[1856.339s][info][gc,heap        ] GC(290) Survivor regions: 109->108(154)
[1856.339s][info][gc,heap        ] GC(290) Old regions: 469->502
[1856.339s][info][gc,heap        ] GC(290) Humongous regions: 80->80
[1856.339s][info][gc,metaspace   ] GC(290) Metaspace: 28951K(29248K)->28951K(29248K) NonClass: 24067K(24192K)->24067K(24192K) Class: 4883K(5056K)->4883K(5056K)
[1856.339s][info][gc             ] GC(290) Pause Young (Concurrent Start) (G1 Evacuation Pause) 3552M->1378M(4096M) 116.033ms
[1856.339s][info][gc             ] GC(291) Concurrent Mark Cycle
[1856.339s][info][gc,marking     ] GC(291) Concurrent Scan Root Regions
[1856.339s][info][gc,cpu         ] GC(290) User=0.69s Sys=0.00s Real=0.11s
[1856.467s][info][gc,marking     ] GC(291) Concurrent Scan Root Regions 128.116ms
[1856.467s][info][gc,marking     ] GC(291) Concurrent Mark
[1856.467s][info][gc,marking     ] GC(291) Concurrent Mark From Roots
[1856.467s][info][gc,task        ] GC(291) Using 2 workers of 2 for marking
.[1857.073s][info][gc,marking     ] GC(291) Concurrent Mark From Roots 605.484ms
[1857.073s][info][gc,marking     ] GC(291) Concurrent Preclean
[1857.073s][info][gc,marking     ] GC(291) Concurrent Preclean 0.049ms
[1857.073s][info][gc,start       ] GC(291) Pause Remark
[1857.076s][info][gc             ] GC(291) Pause Remark 1626M->1626M(4096M) 2.670ms
[1857.076s][info][gc,cpu         ] GC(291) User=0.01s Sys=0.00s Real=0.00s
[1857.076s][info][gc,marking     ] GC(291) Concurrent Mark 608.477ms
[1857.076s][info][gc,marking     ] GC(291) Concurrent Rebuild Remembered Sets and Scrub Regions
[1857.316s][info][gc,marking     ] GC(291) Concurrent Rebuild Remembered Sets and Scrub Regions 239.852ms
[1857.316s][info][gc,start       ] GC(291) Pause Cleanup
[1857.316s][info][gc             ] GC(291) Pause Cleanup 1699M->1699M(4096M) 0.127ms
[1857.316s][info][gc,cpu         ] GC(291) User=0.00s Sys=0.00s Real=0.00s
[1857.316s][info][gc,marking     ] GC(291) Concurrent Clear Claimed Marks
[1857.316s][info][gc,marking     ] GC(291) Concurrent Clear Claimed Marks 0.026ms
[1857.316s][info][gc,marking     ] GC(291) Concurrent Cleanup for Next Mark
[1857.319s][info][gc,marking     ] GC(291) Concurrent Cleanup for Next Mark 3.179ms
[1857.319s][info][gc             ] GC(291) Concurrent Mark Cycle 980.074ms
......[1863.488s][info][gc,start       ] GC(292) Pause Young (Prepare Mixed) (G1 Evacuation Pause)
[1863.488s][info][gc,task        ] GC(292) Using 6 workers of 6 for evacuation
[1863.605s][info][gc,phases      ] GC(292)   Pre Evacuate Collection Set: 0.35ms
[1863.605s][info][gc,phases      ] GC(292)   Merge Heap Roots: 0.61ms
[1863.605s][info][gc,phases      ] GC(292)   Evacuate Collection Set: 114.95ms
[1863.605s][info][gc,phases      ] GC(292)   Post Evacuate Collection Set: 0.95ms
[1863.605s][info][gc,phases      ] GC(292)   Other: 0.08ms
[1863.605s][info][gc,heap        ] GC(292) Eden regions: 1120->0(1114)
[1863.605s][info][gc,heap        ] GC(292) Survivor regions: 108->109(154)
[1863.605s][info][gc,heap        ] GC(292) Old regions: 502->533
[1863.605s][info][gc,heap        ] GC(292) Humongous regions: 80->80
[1863.605s][info][gc,metaspace   ] GC(292) Metaspace: 28951K(29248K)->28951K(29248K) NonClass: 24067K(24192K)->24067K(24192K) Class: 4883K(5056K)->4883K(5056K)
[1863.605s][info][gc             ] GC(292) Pause Young (Prepare Mixed) (G1 Evacuation Pause) 3618M->1442M(4096M) 117.078ms
[1863.605s][info][gc,cpu         ] GC(292) User=0.69s Sys=0.00s Real=0.12s
.......[1870.673s][info][gc,start       ] GC(293) Pause Young (Mixed) (G1 Evacuation Pause)
[1870.673s][info][gc,task        ] GC(293) Using 6 workers of 6 for evacuation
[1870.806s][info][gc,phases      ] GC(293)   Pre Evacuate Collection Set: 0.40ms
[1870.806s][info][gc,phases      ] GC(293)   Merge Heap Roots: 0.83ms
[1870.806s][info][gc,phases      ] GC(293)   Evacuate Collection Set: 130.84ms
[1870.806s][info][gc,phases      ] GC(293)   Post Evacuate Collection Set: 0.99ms
[1870.806s][info][gc,phases      ] GC(293)   Other: 0.10ms
[1870.806s][info][gc,heap        ] GC(293) Eden regions: 1114->0(1119)
[1870.806s][info][gc,heap        ] GC(293) Survivor regions: 109->109(153)
[1870.806s][info][gc,heap        ] GC(293) Old regions: 533->470
[1870.806s][info][gc,heap        ] GC(293) Humongous regions: 80->80
[1870.806s][info][gc,metaspace   ] GC(293) Metaspace: 28951K(29248K)->28951K(29248K) NonClass: 24067K(24192K)->24067K(24192K) Class: 4883K(5056K)->4883K(5056K)
[1870.806s][info][gc             ] GC(293) Pause Young (Mixed) (G1 Evacuation Pause) 3670M->1317M(4096M) 133.284ms
[1870.806s][info][gc,cpu         ] GC(293) User=0.79s Sys=0.00s Real=0.13s
...... (rIR:aIR:PR = 2629:2628:2628) (tPR = 39116) [OK] 
  1875s: Performance info:
         Transaction,    Success,    Partial,     Failed,   Receipts, AvgBarcode, 
             Overall,     158089,          0,          0,     150168,      59.48, 
         Response times:
             Request,    Success,    Partial,     Failed,   SkipFail,     Probes,    Samples,      min,      p50,      p90,      p95,      p99,      max, 
       TotalPurchase,     150168,          0,          0,          0,     146914,     160436,      300,     2300,     3600,     4300,    13000,   138000,
     InStorePurchase,      79040,          0,          0,          0,      77460,      84344,      300,     2200,     3600,     4200,    12600,   138000,
      OnlinePurchase,      55342,          0,          0,          0,      54085,      59056,      300,     2300,     3600,     4300,    13000,   138000,
        InstPurchase,      15786,          0,          0,          0,      15369,      17036,      400,     2500,     3800,     4500,    14700,   138000,
          AssocOfCat,        157,          0,          0,          0,        124,        172,    19400,    28000,    35000,    38350,    48270,    49000,
      AssocOfProduct,       1583,          0,          0,          0,       1415,       1662,      700,     2700,     3700,     4400,    12311,   137000,
      BusinessReport,        395,          0,          0,          0,        306,        407,    19800,    31000,    39200,    47000,    72360,   165000,
          CustBuyBeh,       1578,          0,          0,          0,       1422,       1659,      300,     1900,     3100,     3600,    15100,   137000,
       ProductReturn,       4208,          0,          0,          0,       3901,       4404,      200,     1900,     3600,     4100,    10185,   135000,

  1875s: (20%)   IR =   2767 .[1877.778s][info][gc,start       ] GC(294) Pause Young (Concurrent Start) (G1 Evacuation Pause)
[1877.778s][info][gc,task        ] GC(294) Using 6 workers of 6 for evacuation
[1877.895s][info][gc,phases      ] GC(294)   Pre Evacuate Collection Set: 0.44ms
[1877.895s][info][gc,phases      ] GC(294)   Merge Heap Roots: 0.50ms
[1877.895s][info][gc,phases      ] GC(294)   Evacuate Collection Set: 114.55ms
[1877.895s][info][gc,phases      ] GC(294)   Post Evacuate Collection Set: 0.92ms
[1877.895s][info][gc,phases      ] GC(294)   Other: 0.13ms
[1877.895s][info][gc,heap        ] GC(294) Eden regions: 1119->0(1120)
[1877.895s][info][gc,heap        ] GC(294) Survivor regions: 109->108(154)
[1877.895s][info][gc,heap        ] GC(294) Old regions: 470->503
[1877.895s][info][gc,heap        ] GC(294) Humongous regions: 80->80
[1877.895s][info][gc,metaspace   ] GC(294) Metaspace: 28951K(29248K)->28951K(29248K) NonClass: 24067K(24192K)->24067K(24192K) Class: 4883K(5056K)->4883K(5056K)
[1877.895s][info][gc             ] GC(294) Pause Young (Concurrent Start) (G1 Evacuation Pause) 3555M->1380M(4096M) 116.656ms
[1877.895s][info][gc             ] GC(295) Concurrent Mark Cycle
[1877.895s][info][gc,marking     ] GC(295) Concurrent Scan Root Regions
[1877.895s][info][gc,cpu         ] GC(294) User=0.69s Sys=0.00s Real=0.12s
.[1878.064s][info][gc,marking     ] GC(295) Concurrent Scan Root Regions 168.883ms
[1878.064s][info][gc,marking     ] GC(295) Concurrent Mark
[1878.064s][info][gc,marking     ] GC(295) Concurrent Mark From Roots
[1878.064s][info][gc,task        ] GC(295) Using 2 workers of 2 for marking
.[1878.993s][info][gc,marking     ] GC(295) Concurrent Mark From Roots 929.405ms
[1878.994s][info][gc,marking     ] GC(295) Concurrent Preclean
[1878.994s][info][gc,marking     ] GC(295) Concurrent Preclean 0.072ms
[1878.994s][info][gc,start       ] GC(295) Pause Remark
[1878.997s][info][gc             ] GC(295) Pause Remark 1768M->1768M(4096M) 3.089ms
[1878.997s][info][gc,cpu         ] GC(295) User=0.02s Sys=0.00s Real=0.00s
[1878.997s][info][gc,marking     ] GC(295) Concurrent Mark 932.838ms
[1878.997s][info][gc,marking     ] GC(295) Concurrent Rebuild Remembered Sets and Scrub Regions
[1879.237s][info][gc,marking     ] GC(295) Concurrent Rebuild Remembered Sets and Scrub Regions 239.980ms
[1879.237s][info][gc,start       ] GC(295) Pause Cleanup
[1879.237s][info][gc             ] GC(295) Pause Cleanup 1845M->1845M(4096M) 0.120ms
[1879.237s][info][gc,cpu         ] GC(295) User=0.00s Sys=0.00s Real=0.00s
[1879.237s][info][gc,marking     ] GC(295) Concurrent Clear Claimed Marks
[1879.237s][info][gc,marking     ] GC(295) Concurrent Clear Claimed Marks 0.030ms
[1879.237s][info][gc,marking     ] GC(295) Concurrent Cleanup for Next Mark
[1879.240s][info][gc,marking     ] GC(295) Concurrent Cleanup for Next Mark 3.141ms
[1879.240s][info][gc             ] GC(295) Concurrent Mark Cycle 1345.292ms
...|..[1884.670s][info][gc,start       ] GC(296) Pause Young (Prepare Mixed) (G1 Evacuation Pause)
[1884.670s][info][gc,task        ] GC(296) Using 6 workers of 6 for evacuation
[1884.786s][info][gc,phases      ] GC(296)   Pre Evacuate Collection Set: 0.36ms
[1884.786s][info][gc,phases      ] GC(296)   Merge Heap Roots: 0.58ms
[1884.786s][info][gc,phases      ] GC(296)   Evacuate Collection Set: 114.20ms
[1884.786s][info][gc,phases      ] GC(296)   Post Evacuate Collection Set: 0.98ms
[1884.786s][info][gc,phases      ] GC(296)   Other: 0.08ms
[1884.786s][info][gc,heap        ] GC(296) Eden regions: 1120->0(1110)
[1884.786s][info][gc,heap        ] GC(296) Survivor regions: 108->110(154)
[1884.786s][info][gc,heap        ] GC(296) Old regions: 503->535
[1884.786s][info][gc,heap        ] GC(296) Humongous regions: 80->80
[1884.786s][info][gc,metaspace   ] GC(296) Metaspace: 28951K(29248K)->28951K(29248K) NonClass: 24067K(24192K)->24067K(24192K) Class: 4883K(5056K)->4883K(5056K)
[1884.786s][info][gc             ] GC(296) Pause Young (Prepare Mixed) (G1 Evacuation Pause) 3620M->1447M(4096M) 116.355ms
[1884.786s][info][gc,cpu         ] GC(296) User=0.69s Sys=0.00s Real=0.12s
.......[1891.540s][info][gc,start       ] GC(297) Pause Young (Mixed) (G1 Evacuation Pause)
[1891.540s][info][gc,task        ] GC(297) Using 6 workers of 6 for evacuation
[1891.673s][info][gc,phases      ] GC(297)   Pre Evacuate Collection Set: 0.41ms
[1891.673s][info][gc,phases      ] GC(297)   Merge Heap Roots: 0.84ms
[1891.673s][info][gc,phases      ] GC(297)   Evacuate Collection Set: 130.42ms
[1891.673s][info][gc,phases      ] GC(297)   Post Evacuate Collection Set: 1.01ms
[1891.673s][info][gc,phases      ] GC(297)   Other: 0.09ms
[1891.673s][info][gc,heap        ] GC(297) Eden regions: 1110->0(1118)
[1891.673s][info][gc,heap        ] GC(297) Survivor regions: 110->110(153)
[1891.673s][info][gc,heap        ] GC(297) Old regions: 535->472
[1891.673s][info][gc,heap        ] GC(297) Humongous regions: 80->80
[1891.673s][info][gc,metaspace   ] GC(297) Metaspace: 28951K(29248K)->28951K(29248K) NonClass: 24067K(24192K)->24067K(24192K) Class: 4883K(5056K)->4883K(5056K)
[1891.673s][info][gc             ] GC(297) Pause Young (Mixed) (G1 Evacuation Pause) 3667M->1321M(4096M) 132.926ms
[1891.673s][info][gc,cpu         ] GC(297) User=0.79s Sys=0.00s Real=0.14s
.......[1898.357s][info][gc,start       ] GC(298) Pause Young (Concurrent Start) (G1 Evacuation Pause)
[1898.357s][info][gc,task        ] GC(298) Using 6 workers of 6 for evacuation
[1898.474s][info][gc,phases      ] GC(298)   Pre Evacuate Collection Set: 0.37ms
[1898.474s][info][gc,phases      ] GC(298)   Merge Heap Roots: 0.47ms
[1898.474s][info][gc,phases      ] GC(298)   Evacuate Collection Set: 115.00ms
[1898.474s][info][gc,phases      ] GC(298)   Post Evacuate Collection Set: 0.92ms
[1898.474s][info][gc,phases      ] GC(298)   Other: 0.10ms
[1898.474s][info][gc,heap        ] GC(298) Eden regions: 1118->0(1119)
[1898.474s][info][gc,heap        ] GC(298) Survivor regions: 110->109(154)
[1898.474s][info][gc,heap        ] GC(298) Old regions: 472->503
[1898.474s][info][gc,heap        ] GC(298) Humongous regions: 80->80
[1898.474s][info][gc,metaspace   ] GC(298) Metaspace: 28951K(29248K)->28951K(29248K) NonClass: 24067K(24192K)->24067K(24192K) Class: 4883K(5056K)->4883K(5056K)
[1898.474s][info][gc             ] GC(298) Pause Young (Concurrent Start) (G1 Evacuation Pause) 3557M->1382M(4096M) 116.993ms
[1898.474s][info][gc             ] GC(299) Concurrent Mark Cycle
[1898.474s][info][gc,marking     ] GC(299) Concurrent Scan Root Regions
[1898.474s][info][gc,cpu         ] GC(298) User=0.70s Sys=0.00s Real=0.12s
[1898.648s][info][gc,marking     ] GC(299) Concurrent Scan Root Regions 174.064ms
[1898.648s][info][gc,marking     ] GC(299) Concurrent Mark
[1898.648s][info][gc,marking     ] GC(299) Concurrent Mark From Roots
[1898.648s][info][gc,task        ] GC(299) Using 2 workers of 2 for marking
.[1899.577s][info][gc,marking     ] GC(299) Concurrent Mark From Roots 928.866ms
[1899.577s][info][gc,marking     ] GC(299) Concurrent Preclean
[1899.577s][info][gc,marking     ] GC(299) Concurrent Preclean 0.041ms
[1899.577s][info][gc,start       ] GC(299) Pause Remark
[1899.580s][info][gc             ] GC(299) Pause Remark 1764M->1764M(4096M) 2.923ms
[1899.580s][info][gc,cpu         ] GC(299) User=0.02s Sys=0.00s Real=0.00s
[1899.580s][info][gc,marking     ] GC(299) Concurrent Mark 932.071ms
[1899.580s][info][gc,marking     ] GC(299) Concurrent Rebuild Remembered Sets and Scrub Regions
[1899.809s][info][gc,marking     ] GC(299) Concurrent Rebuild Remembered Sets and Scrub Regions 228.611ms
[1899.809s][info][gc,start       ] GC(299) Pause Cleanup
[1899.809s][info][gc             ] GC(299) Pause Cleanup 1858M->1858M(4096M) 0.123ms
[1899.809s][info][gc,cpu         ] GC(299) User=0.00s Sys=0.00s Real=0.00s
[1899.809s][info][gc,marking     ] GC(299) Concurrent Clear Claimed Marks
[1899.809s][info][gc,marking     ] GC(299) Concurrent Clear Claimed Marks 0.026ms
[1899.809s][info][gc,marking     ] GC(299) Concurrent Cleanup for Next Mark
[1899.813s][info][gc,marking     ] GC(299) Concurrent Cleanup for Next Mark 3.601ms
[1899.813s][info][gc             ] GC(299) Concurrent Mark Cycle 1338.816ms
......[1905.283s][info][gc,start       ] GC(300) Pause Young (Prepare Mixed) (G1 Evacuation Pause)
[1905.283s][info][gc,task        ] GC(300) Using 6 workers of 6 for evacuation
[1905.400s][info][gc,phases      ] GC(300)   Pre Evacuate Collection Set: 0.32ms
[1905.400s][info][gc,phases      ] GC(300)   Merge Heap Roots: 0.52ms
[1905.401s][info][gc,phases      ] GC(300)   Evacuate Collection Set: 115.29ms
[1905.401s][info][gc,phases      ] GC(300)   Post Evacuate Collection Set: 0.94ms
[1905.401s][info][gc,phases      ] GC(300)   Other: 0.09ms
[1905.401s][info][gc,heap        ] GC(300) Eden regions: 1119->0(1112)
[1905.401s][info][gc,heap        ] GC(300) Survivor regions: 109->109(154)
[1905.401s][info][gc,heap        ] GC(300) Old regions: 503->535
[1905.401s][info][gc,heap        ] GC(300) Humongous regions: 80->80
[1905.401s][info][gc,metaspace   ] GC(300) Metaspace: 28951K(29248K)->28951K(29248K) NonClass: 24067K(24192K)->24067K(24192K) Class: 4883K(5056K)->4883K(5056K)
[1905.401s][info][gc             ] GC(300) Pause Young (Prepare Mixed) (G1 Evacuation Pause) 3620M->1446M(4096M) 117.308ms
[1905.401s][info][gc,cpu         ] GC(300) User=0.70s Sys=0.00s Real=0.11s
.......[1912.048s][info][gc,start       ] GC(301) Pause Young (Mixed) (G1 Evacuation Pause)
[1912.048s][info][gc,task        ] GC(301) Using 6 workers of 6 for evacuation
[1912.181s][info][gc,phases      ] GC(301)   Pre Evacuate Collection Set: 0.38ms
[1912.181s][info][gc,phases      ] GC(301)   Merge Heap Roots: 0.80ms
[1912.181s][info][gc,phases      ] GC(301)   Evacuate Collection Set: 130.05ms
[1912.181s][info][gc,phases      ] GC(301)   Post Evacuate Collection Set: 0.97ms
[1912.181s][info][gc,phases      ] GC(301)   Other: 0.09ms
[1912.181s][info][gc,heap        ] GC(301) Eden regions: 1112->0(1120)
[1912.181s][info][gc,heap        ] GC(301) Survivor regions: 109->108(153)
[1912.181s][info][gc,heap        ] GC(301) Old regions: 535->469
[1912.181s][info][gc,heap        ] GC(301) Humongous regions: 80->80
[1912.181s][info][gc,metaspace   ] GC(301) Metaspace: 28951K(29248K)->28951K(29248K) NonClass: 24067K(24192K)->24067K(24192K) Class: 4883K(5056K)->4883K(5056K)
[1912.181s][info][gc             ] GC(301) Pause Young (Mixed) (G1 Evacuation Pause) 3670M->1313M(4096M) 132.408ms
[1912.181s][info][gc,cpu         ] GC(301) User=0.79s Sys=0.00s Real=0.14s
.......[1918.950s][info][gc,start       ] GC(302) Pause Young (Concurrent Start) (G1 Evacuation Pause)
[1918.950s][info][gc,task        ] GC(302) Using 6 workers of 6 for evacuation
[1919.067s][info][gc,phases      ] GC(302)   Pre Evacuate Collection Set: 0.43ms
[1919.067s][info][gc,phases      ] GC(302)   Merge Heap Roots: 0.50ms
[1919.067s][info][gc,phases      ] GC(302)   Evacuate Collection Set: 114.81ms
[1919.067s][info][gc,phases      ] GC(302)   Post Evacuate Collection Set: 0.91ms
[1919.067s][info][gc,phases      ] GC(302)   Other: 0.12ms
[1919.067s][info][gc,heap        ] GC(302) Eden regions: 1120->0(1119)
[1919.067s][info][gc,heap        ] GC(302) Survivor regions: 108->109(154)
[1919.067s][info][gc,heap        ] GC(302) Old regions: 469->501
[1919.067s][info][gc,heap        ] GC(302) Humongous regions: 80->80
[1919.067s][info][gc,metaspace   ] GC(302) Metaspace: 28951K(29248K)->28951K(29248K) NonClass: 24067K(24192K)->24067K(24192K) Class: 4883K(5056K)->4883K(5056K)
[1919.067s][info][gc             ] GC(302) Pause Young (Concurrent Start) (G1 Evacuation Pause) 3553M->1378M(4096M) 116.897ms
[1919.067s][info][gc             ] GC(303) Concurrent Mark Cycle
[1919.067s][info][gc,marking     ] GC(303) Concurrent Scan Root Regions
[1919.067s][info][gc,cpu         ] GC(302) User=0.70s Sys=0.00s Real=0.12s
[1919.194s][info][gc,marking     ] GC(303) Concurrent Scan Root Regions 127.497ms
[1919.194s][info][gc,marking     ] GC(303) Concurrent Mark
[1919.194s][info][gc,marking     ] GC(303) Concurrent Mark From Roots
[1919.194s][info][gc,task        ] GC(303) Using 2 workers of 2 for marking
[1919.765s][info][gc,marking     ] GC(303) Concurrent Mark From Roots 570.765ms
[1919.765s][info][gc,marking     ] GC(303) Concurrent Preclean
[1919.765s][info][gc,marking     ] GC(303) Concurrent Preclean 0.046ms
[1919.765s][info][gc,start       ] GC(303) Pause Remark
[1919.768s][info][gc             ] GC(303) Pause Remark 1644M->1644M(4096M) 2.620ms
[1919.768s][info][gc,cpu         ] GC(303) User=0.01s Sys=0.00s Real=0.00s
[1919.768s][info][gc,marking     ] GC(303) Concurrent Mark 573.674ms
[1919.768s][info][gc,marking     ] GC(303) Concurrent Rebuild Remembered Sets and Scrub Regions
.[1919.994s][info][gc,marking     ] GC(303) Concurrent Rebuild Remembered Sets and Scrub Regions 226.196ms
[1919.994s][info][gc,start       ] GC(303) Pause Cleanup
[1919.994s][info][gc             ] GC(303) Pause Cleanup 1736M->1736M(4096M) 0.118ms
[1919.994s][info][gc,cpu         ] GC(303) User=0.01s Sys=0.01s Real=0.00s
[1919.994s][info][gc,marking     ] GC(303) Concurrent Clear Claimed Marks
[1919.994s][info][gc,marking     ] GC(303) Concurrent Clear Claimed Marks 0.027ms
[1919.994s][info][gc,marking     ] GC(303) Concurrent Cleanup for Next Mark
[1919.998s][info][gc,marking     ] GC(303) Concurrent Cleanup for Next Mark 3.180ms
[1919.998s][info][gc             ] GC(303) Concurrent Mark Cycle 930.995ms
.....[1925.760s][info][gc,start       ] GC(304) Pause Young (Prepare Mixed) (G1 Evacuation Pause)
[1925.760s][info][gc,task        ] GC(304) Using 6 workers of 6 for evacuation
[1925.876s][info][gc,phases      ] GC(304)   Pre Evacuate Collection Set: 0.36ms
[1925.876s][info][gc,phases      ] GC(304)   Merge Heap Roots: 0.55ms
[1925.876s][info][gc,phases      ] GC(304)   Evacuate Collection Set: 114.00ms
[1925.876s][info][gc,phases      ] GC(304)   Post Evacuate Collection Set: 0.91ms
[1925.876s][info][gc,phases      ] GC(304)   Other: 0.09ms
[1925.876s][info][gc,heap        ] GC(304) Eden regions: 1119->0(1116)
[1925.876s][info][gc,heap        ] GC(304) Survivor regions: 109->108(154)
[1925.876s][info][gc,heap        ] GC(304) Old regions: 501->533
[1925.876s][info][gc,heap        ] GC(304) Humongous regions: 80->80
[1925.876s][info][gc,metaspace   ] GC(304) Metaspace: 28951K(29248K)->28951K(29248K) NonClass: 24067K(24192K)->24067K(24192K) Class: 4883K(5056K)->4883K(5056K)
[1925.876s][info][gc             ] GC(304) Pause Young (Prepare Mixed) (G1 Evacuation Pause) 3616M->1440M(4096M) 116.037ms
[1925.876s][info][gc,cpu         ] GC(304) User=0.69s Sys=0.00s Real=0.12s
.......[1932.650s][info][gc,start       ] GC(305) Pause Young (Mixed) (G1 Evacuation Pause)
[1932.650s][info][gc,task        ] GC(305) Using 6 workers of 6 for evacuation
[1932.780s][info][gc,phases      ] GC(305)   Pre Evacuate Collection Set: 0.43ms
[1932.780s][info][gc,phases      ] GC(305)   Merge Heap Roots: 0.73ms
[1932.780s][info][gc,phases      ] GC(305)   Evacuate Collection Set: 128.31ms
[1932.780s][info][gc,phases      ] GC(305)   Post Evacuate Collection Set: 0.95ms
[1932.780s][info][gc,phases      ] GC(305)   Other: 0.10ms
[1932.780s][info][gc,heap        ] GC(305) Eden regions: 1116->0(1119)
[1932.780s][info][gc,heap        ] GC(305) Survivor regions: 108->109(153)
[1932.780s][info][gc,heap        ] GC(305) Old regions: 533->470
[1932.780s][info][gc,heap        ] GC(305) Humongous regions: 80->80
[1932.780s][info][gc,metaspace   ] GC(305) Metaspace: 28951K(29248K)->28951K(29248K) NonClass: 24067K(24192K)->24067K(24192K) Class: 4883K(5056K)->4883K(5056K)
[1932.780s][info][gc             ] GC(305) Pause Young (Mixed) (G1 Evacuation Pause) 3672M->1315M(4096M) 130.638ms
[1932.780s][info][gc,cpu         ] GC(305) User=0.78s Sys=0.00s Real=0.13s
.......[1939.525s][info][gc,start       ] GC(306) Pause Young (Concurrent Start) (G1 Evacuation Pause)
[1939.525s][info][gc,task        ] GC(306) Using 6 workers of 6 for evacuation
[1939.641s][info][gc,phases      ] GC(306)   Pre Evacuate Collection Set: 0.40ms
[1939.641s][info][gc,phases      ] GC(306)   Merge Heap Roots: 0.58ms
[1939.641s][info][gc,phases      ] GC(306)   Evacuate Collection Set: 113.54ms
[1939.641s][info][gc,phases      ] GC(306)   Post Evacuate Collection Set: 0.92ms
[1939.641s][info][gc,phases      ] GC(306)   Other: 0.12ms
[1939.641s][info][gc,heap        ] GC(306) Eden regions: 1119->0(1119)
[1939.641s][info][gc,heap        ] GC(306) Survivor regions: 109->109(154)
[1939.641s][info][gc,heap        ] GC(306) Old regions: 470->501
[1939.641s][info][gc,heap        ] GC(306) Humongous regions: 80->80
[1939.641s][info][gc,metaspace   ] GC(306) Metaspace: 28951K(29248K)->28951K(29248K) NonClass: 24067K(24192K)->24067K(24192K) Class: 4883K(5056K)->4883K(5056K)
[1939.641s][info][gc             ] GC(306) Pause Young (Concurrent Start) (G1 Evacuation Pause) 3553M->1379M(4096M) 115.681ms
[1939.641s][info][gc             ] GC(307) Concurrent Mark Cycle
[1939.641s][info][gc,marking     ] GC(307) Concurrent Scan Root Regions
[1939.641s][info][gc,cpu         ] GC(306) User=0.68s Sys=0.00s Real=0.11s
[1939.785s][info][gc,marking     ] GC(307) Concurrent Scan Root Regions 144.284ms
[1939.785s][info][gc,marking     ] GC(307) Concurrent Mark
[1939.785s][info][gc,marking     ] GC(307) Concurrent Mark From Roots
[1939.785s][info][gc,task        ] GC(307) Using 2 workers of 2 for marking
.[1940.438s][info][gc,marking     ] GC(307) Concurrent Mark From Roots 652.847ms
[1940.438s][info][gc,marking     ] GC(307) Concurrent Preclean
[1940.438s][info][gc,marking     ] GC(307) Concurrent Preclean 0.043ms
[1940.438s][info][gc,start       ] GC(307) Pause Remark
[1940.441s][info][gc             ] GC(307) Pause Remark 1704M->1704M(4096M) 2.817ms
[1940.441s][info][gc,cpu         ] GC(307) User=0.01s Sys=0.00s Real=0.01s
[1940.441s][info][gc,marking     ] GC(307) Concurrent Mark 655.957ms
[1940.441s][info][gc,marking     ] GC(307) Concurrent Rebuild Remembered Sets and Scrub Regions
[1940.798s][info][gc,marking     ] GC(307) Concurrent Rebuild Remembered Sets and Scrub Regions 357.159ms
[1940.798s][info][gc,start       ] GC(307) Pause Cleanup
[1940.798s][info][gc             ] GC(307) Pause Cleanup 1806M->1806M(4096M) 0.109ms
[1940.798s][info][gc,cpu         ] GC(307) User=0.00s Sys=0.00s Real=0.00s
[1940.799s][info][gc,marking     ] GC(307) Concurrent Clear Claimed Marks
[1940.799s][info][gc,marking     ] GC(307) Concurrent Clear Claimed Marks 0.031ms
[1940.799s][info][gc,marking     ] GC(307) Concurrent Cleanup for Next Mark
[1940.802s][info][gc,marking     ] GC(307) Concurrent Cleanup for Next Mark 3.269ms
[1940.802s][info][gc             ] GC(307) Concurrent Mark Cycle 1161.155ms
.. (rIR:aIR:PR = 2767:2770:2770) (tPR = 40956) [OK] 
  1941s: Performance info:
         Transaction,    Success,    Partial,     Failed,   Receipts, AvgBarcode, 
             Overall,     166290,          0,          0,     157957,      59.48, 
         Response times:
             Request,    Success,    Partial,     Failed,   SkipFail,     Probes,    Samples,      min,      p50,      p90,      p95,      p99,      max, 
       TotalPurchase,     157956,          0,          0,          0,     154402,     170818,      300,     2400,     3800,     4600,    22000,   157000,
     InStorePurchase,      83105,          0,          0,          0,      81435,      90114,      300,     2200,     3700,     4400,    19800,   157000,
      OnlinePurchase,      58203,          0,          0,          0,      56921,      62763,      300,     2500,     3900,     4700,    23000,   154000,
        InstPurchase,      16648,          0,          0,          0,      16046,      17941,      400,     2600,     3900,     4700,    23000,   154000,
          AssocOfCat,        168,          0,          0,          0,        127,        190,    19300,    28000,    41800,    56350,   150360,   154000,
      AssocOfProduct,       1666,          0,          0,          0,       1494,       1818,      500,     2000,     3000,     3600,    15848,   134000,
      BusinessReport,        416,          0,          0,          0,        353,        471,    22000,    32000,    43000,    50400,   114800,   229000,
          CustBuyBeh,       1670,          0,          0,          0,       1522,       1835,      100,     1000,     2400,     3100,    12700,    78000,
       ProductReturn,       4412,          0,          0,          0,       4097,       4769,      200,     2700,     3900,     4800,    24000,   137000,

  1941s: (21%)   IR =   2906 ....[1946.125s][info][gc,start       ] GC(308) Pause Young (Prepare Mixed) (G1 Evacuation Pause)
[1946.125s][info][gc,task        ] GC(308) Using 6 workers of 6 for evacuation
[1946.242s][info][gc,phases      ] GC(308)   Pre Evacuate Collection Set: 0.36ms
[1946.242s][info][gc,phases      ] GC(308)   Merge Heap Roots: 0.53ms
[1946.242s][info][gc,phases      ] GC(308)   Evacuate Collection Set: 114.69ms
[1946.242s][info][gc,phases      ] GC(308)   Post Evacuate Collection Set: 0.95ms
[1946.242s][info][gc,phases      ] GC(308)   Other: 0.09ms
[1946.242s][info][gc,heap        ] GC(308) Eden regions: 1119->0(1114)
[1946.242s][info][gc,heap        ] GC(308) Survivor regions: 109->109(154)
[1946.242s][info][gc,heap        ] GC(308) Old regions: 501->533
[1946.242s][info][gc,heap        ] GC(308) Humongous regions: 80->80
[1946.242s][info][gc,metaspace   ] GC(308) Metaspace: 28951K(29248K)->28951K(29248K) NonClass: 24067K(24192K)->24067K(24192K) Class: 4883K(5056K)->4883K(5056K)
[1946.242s][info][gc             ] GC(308) Pause Young (Prepare Mixed) (G1 Evacuation Pause) 3617M->1442M(4096M) 116.777ms
[1946.242s][info][gc,cpu         ] GC(308) User=0.69s Sys=0.00s Real=0.12s
..|....[1952.634s][info][gc,start       ] GC(309) Pause Young (Mixed) (G1 Evacuation Pause)
[1952.634s][info][gc,task        ] GC(309) Using 6 workers of 6 for evacuation
[1952.771s][info][gc,phases      ] GC(309)   Pre Evacuate Collection Set: 0.41ms
[1952.771s][info][gc,phases      ] GC(309)   Merge Heap Roots: 0.83ms
[1952.771s][info][gc,phases      ] GC(309)   Evacuate Collection Set: 135.06ms
[1952.771s][info][gc,phases      ] GC(309)   Post Evacuate Collection Set: 0.81ms
[1952.771s][info][gc,phases      ] GC(309)   Other: 0.09ms
[1952.771s][info][gc,heap        ] GC(309) Eden regions: 1114->0(1116)
[1952.771s][info][gc,heap        ] GC(309) Survivor regions: 109->112(153)
[1952.771s][info][gc,heap        ] GC(309) Old regions: 533->470
[1952.771s][info][gc,heap        ] GC(309) Humongous regions: 80->80
[1952.771s][info][gc,metaspace   ] GC(309) Metaspace: 28951K(29248K)->28951K(29248K) NonClass: 24067K(24192K)->24067K(24192K) Class: 4883K(5056K)->4883K(5056K)
[1952.771s][info][gc             ] GC(309) Pause Young (Mixed) (G1 Evacuation Pause) 3670M->1322M(4096M) 137.335ms
[1952.772s][info][gc,cpu         ] GC(309) User=0.82s Sys=0.00s Real=0.14s
.......[1959.119s][info][gc,start       ] GC(310) Pause Young (Concurrent Start) (G1 Evacuation Pause)
[1959.119s][info][gc,task        ] GC(310) Using 6 workers of 6 for evacuation
[1959.235s][info][gc,phases      ] GC(310)   Pre Evacuate Collection Set: 0.40ms
[1959.235s][info][gc,phases      ] GC(310)   Merge Heap Roots: 0.50ms
[1959.235s][info][gc,phases      ] GC(310)   Evacuate Collection Set: 113.78ms
[1959.235s][info][gc,phases      ] GC(310)   Post Evacuate Collection Set: 0.86ms
[1959.235s][info][gc,phases      ] GC(310)   Other: 0.11ms
[1959.235s][info][gc,heap        ] GC(310) Eden regions: 1116->0(1120)
[1959.235s][info][gc,heap        ] GC(310) Survivor regions: 112->108(154)
[1959.235s][info][gc,heap        ] GC(310) Old regions: 470->502
[1959.235s][info][gc,heap        ] GC(310) Humongous regions: 80->80
[1959.235s][info][gc,metaspace   ] GC(310) Metaspace: 28951K(29248K)->28951K(29248K) NonClass: 24067K(24192K)->24067K(24192K) Class: 4883K(5056K)->4883K(5056K)
[1959.235s][info][gc             ] GC(310) Pause Young (Concurrent Start) (G1 Evacuation Pause) 3554M->1378M(4096M) 115.782ms
[1959.235s][info][gc             ] GC(311) Concurrent Mark Cycle
[1959.235s][info][gc,marking     ] GC(311) Concurrent Scan Root Regions
[1959.235s][info][gc,cpu         ] GC(310) User=0.69s Sys=0.00s Real=0.12s
[1959.409s][info][gc,marking     ] GC(311) Concurrent Scan Root Regions 173.939ms
[1959.409s][info][gc,marking     ] GC(311) Concurrent Mark
[1959.409s][info][gc,marking     ] GC(311) Concurrent Mark From Roots
[1959.409s][info][gc,task        ] GC(311) Using 2 workers of 2 for marking
.[1960.343s][info][gc,marking     ] GC(311) Concurrent Mark From Roots 934.419ms
[1960.343s][info][gc,marking     ] GC(311) Concurrent Preclean
[1960.344s][info][gc,marking     ] GC(311) Concurrent Preclean 0.062ms
[1960.344s][info][gc,start       ] GC(311) Pause Remark
[1960.347s][info][gc             ] GC(311) Pause Remark 1779M->1779M(4096M) 3.106ms
[1960.347s][info][gc,cpu         ] GC(311) User=0.02s Sys=0.00s Real=0.00s
[1960.347s][info][gc,marking     ] GC(311) Concurrent Mark 937.819ms
[1960.347s][info][gc,marking     ] GC(311) Concurrent Rebuild Remembered Sets and Scrub Regions
[1960.744s][info][gc,marking     ] GC(311) Concurrent Rebuild Remembered Sets and Scrub Regions 397.075ms
[1960.744s][info][gc,start       ] GC(311) Pause Cleanup
[1960.744s][info][gc             ] GC(311) Pause Cleanup 1915M->1915M(4096M) 0.111ms
[1960.744s][info][gc,cpu         ] GC(311) User=0.00s Sys=0.00s Real=0.00s
[1960.744s][info][gc,marking     ] GC(311) Concurrent Clear Claimed Marks
[1960.744s][info][gc,marking     ] GC(311) Concurrent Clear Claimed Marks 0.027ms
[1960.744s][info][gc,marking     ] GC(311) Concurrent Cleanup for Next Mark
[1960.748s][info][gc,marking     ] GC(311) Concurrent Cleanup for Next Mark 3.318ms
[1960.748s][info][gc             ] GC(311) Concurrent Mark Cycle 1512.591ms
.....[1965.770s][info][gc,start       ] GC(312) Pause Young (Prepare Mixed) (G1 Evacuation Pause)
[1965.770s][info][gc,task        ] GC(312) Using 6 workers of 6 for evacuation
[1965.886s][info][gc,phases      ] GC(312)   Pre Evacuate Collection Set: 0.35ms
[1965.886s][info][gc,phases      ] GC(312)   Merge Heap Roots: 0.54ms
[1965.886s][info][gc,phases      ] GC(312)   Evacuate Collection Set: 113.86ms
[1965.886s][info][gc,phases      ] GC(312)   Post Evacuate Collection Set: 0.91ms
[1965.886s][info][gc,phases      ] GC(312)   Other: 0.08ms
[1965.886s][info][gc,heap        ] GC(312) Eden regions: 1120->0(1113)
[1965.886s][info][gc,heap        ] GC(312) Survivor regions: 108->109(154)
[1965.886s][info][gc,heap        ] GC(312) Old regions: 502->534
[1965.886s][info][gc,heap        ] GC(312) Humongous regions: 80->80
[1965.886s][info][gc,metaspace   ] GC(312) Metaspace: 28951K(29248K)->28951K(29248K) NonClass: 24067K(24192K)->24067K(24192K) Class: 4883K(5056K)->4883K(5056K)
[1965.886s][info][gc             ] GC(312) Pause Young (Prepare Mixed) (G1 Evacuation Pause) 3618M->1444M(4096M) 115.874ms
[1965.886s][info][gc,cpu         ] GC(312) User=0.69s Sys=0.00s Real=0.12s
.......[1972.254s][info][gc,start       ] GC(313) Pause Young (Mixed) (G1 Evacuation Pause)
[1972.254s][info][gc,task        ] GC(313) Using 6 workers of 6 for evacuation
[1972.386s][info][gc,phases      ] GC(313)   Pre Evacuate Collection Set: 0.38ms
[1972.386s][info][gc,phases      ] GC(313)   Merge Heap Roots: 0.70ms
[1972.386s][info][gc,phases      ] GC(313)   Evacuate Collection Set: 129.53ms
[1972.386s][info][gc,phases      ] GC(313)   Post Evacuate Collection Set: 0.97ms
[1972.386s][info][gc,phases      ] GC(313)   Other: 0.09ms
[1972.386s][info][gc,heap        ] GC(313) Eden regions: 1113->0(1118)
[1972.386s][info][gc,heap        ] GC(313) Survivor regions: 109->110(153)
[1972.386s][info][gc,heap        ] GC(313) Old regions: 534->471
[1972.386s][info][gc,heap        ] GC(313) Humongous regions: 80->80
[1972.386s][info][gc,metaspace   ] GC(313) Metaspace: 28951K(29248K)->28951K(29248K) NonClass: 24067K(24192K)->24067K(24192K) Class: 4883K(5056K)->4883K(5056K)
[1972.386s][info][gc             ] GC(313) Pause Young (Mixed) (G1 Evacuation Pause) 3670M->1320M(4096M) 131.807ms
[1972.386s][info][gc,cpu         ] GC(313) User=0.79s Sys=0.00s Real=0.13s
......[1978.709s][info][gc,start       ] GC(314) Pause Young (Concurrent Start) (G1 Evacuation Pause)
[1978.709s][info][gc,task        ] GC(314) Using 6 workers of 6 for evacuation
[1978.824s][info][gc,phases      ] GC(314)   Pre Evacuate Collection Set: 0.43ms
[1978.824s][info][gc,phases      ] GC(314)   Merge Heap Roots: 0.54ms
[1978.824s][info][gc,phases      ] GC(314)   Evacuate Collection Set: 113.67ms
[1978.824s][info][gc,phases      ] GC(314)   Post Evacuate Collection Set: 0.90ms
[1978.824s][info][gc,phases      ] GC(314)   Other: 0.11ms
[1978.824s][info][gc,heap        ] GC(314) Eden regions: 1118->0(1120)
[1978.824s][info][gc,heap        ] GC(314) Survivor regions: 110->108(154)
[1978.824s][info][gc,heap        ] GC(314) Old regions: 471->504
[1978.824s][info][gc,heap        ] GC(314) Humongous regions: 80->80
[1978.824s][info][gc,metaspace   ] GC(314) Metaspace: 28951K(29248K)->28951K(29248K) NonClass: 24067K(24192K)->24067K(24192K) Class: 4883K(5056K)->4883K(5056K)
[1978.824s][info][gc             ] GC(314) Pause Young (Concurrent Start) (G1 Evacuation Pause) 3556M->1382M(4096M) 115.788ms
[1978.824s][info][gc             ] GC(315) Concurrent Mark Cycle
[1978.824s][info][gc,marking     ] GC(315) Concurrent Scan Root Regions
[1978.824s][info][gc,cpu         ] GC(314) User=0.69s Sys=0.00s Real=0.12s
.[1979.002s][info][gc,marking     ] GC(315) Concurrent Scan Root Regions 177.998ms
[1979.002s][info][gc,marking     ] GC(315) Concurrent Mark
[1979.002s][info][gc,marking     ] GC(315) Concurrent Mark From Roots
[1979.002s][info][gc,task        ] GC(315) Using 2 workers of 2 for marking
[1979.609s][info][gc,marking     ] GC(315) Concurrent Mark From Roots 606.937ms
[1979.609s][info][gc,marking     ] GC(315) Concurrent Preclean
[1979.609s][info][gc,marking     ] GC(315) Concurrent Preclean 0.046ms
[1979.610s][info][gc,start       ] GC(315) Pause Remark
[1979.612s][info][gc             ] GC(315) Pause Remark 1682M->1682M(4096M) 2.552ms
[1979.612s][info][gc,cpu         ] GC(315) User=0.01s Sys=0.00s Real=0.01s
[1979.612s][info][gc,marking     ] GC(315) Concurrent Mark 609.780ms
[1979.612s][info][gc,marking     ] GC(315) Concurrent Rebuild Remembered Sets and Scrub Regions
[1979.840s][info][gc,marking     ] GC(315) Concurrent Rebuild Remembered Sets and Scrub Regions 227.735ms
[1979.840s][info][gc,start       ] GC(315) Pause Cleanup
[1979.840s][info][gc             ] GC(315) Pause Cleanup 1743M->1743M(4096M) 0.118ms
[1979.840s][info][gc,cpu         ] GC(315) User=0.00s Sys=0.00s Real=0.00s
[1979.840s][info][gc,marking     ] GC(315) Concurrent Clear Claimed Marks
[1979.840s][info][gc,marking     ] GC(315) Concurrent Clear Claimed Marks 0.032ms
[1979.840s][info][gc,marking     ] GC(315) Concurrent Cleanup for Next Mark
[1979.843s][info][gc,marking     ] GC(315) Concurrent Cleanup for Next Mark 3.217ms
[1979.844s][info][gc             ] GC(315) Concurrent Mark Cycle 1019.168ms
......[1985.245s][info][gc,start       ] GC(316) Pause Young (Prepare Mixed) (G1 Evacuation Pause)
[1985.245s][info][gc,task        ] GC(316) Using 6 workers of 6 for evacuation
[1985.365s][info][gc,phases      ] GC(316)   Pre Evacuate Collection Set: 0.33ms
[1985.365s][info][gc,phases      ] GC(316)   Merge Heap Roots: 0.61ms
[1985.365s][info][gc,phases      ] GC(316)   Evacuate Collection Set: 117.81ms
[1985.365s][info][gc,phases      ] GC(316)   Post Evacuate Collection Set: 0.97ms
[1985.365s][info][gc,phases      ] GC(316)   Other: 0.10ms
[1985.365s][info][gc,heap        ] GC(316) Eden regions: 1120->0(1107)
[1985.365s][info][gc,heap        ] GC(316) Survivor regions: 108->111(154)
[1985.365s][info][gc,heap        ] GC(316) Old regions: 504->536
[1985.365s][info][gc,heap        ] GC(316) Humongous regions: 80->80
[1985.365s][info][gc,metaspace   ] GC(316) Metaspace: 28951K(29248K)->28951K(29248K) NonClass: 24067K(24192K)->24067K(24192K) Class: 4883K(5056K)->4883K(5056K)
[1985.365s][info][gc             ] GC(316) Pause Young (Prepare Mixed) (G1 Evacuation Pause) 3622M->1451M(4096M) 119.957ms
[1985.365s][info][gc,cpu         ] GC(316) User=0.71s Sys=0.01s Real=0.12s
......[1991.694s][info][gc,start       ] GC(317) Pause Young (Mixed) (G1 Evacuation Pause)
[1991.694s][info][gc,task        ] GC(317) Using 6 workers of 6 for evacuation
[1991.825s][info][gc,phases      ] GC(317)   Pre Evacuate Collection Set: 0.40ms
[1991.825s][info][gc,phases      ] GC(317)   Merge Heap Roots: 0.78ms
[1991.825s][info][gc,phases      ] GC(317)   Evacuate Collection Set: 129.41ms
[1991.825s][info][gc,phases      ] GC(317)   Post Evacuate Collection Set: 0.96ms
[1991.825s][info][gc,phases      ] GC(317)   Other: 0.09ms
[1991.825s][info][gc,heap        ] GC(317) Eden regions: 1107->0(1120)
[1991.825s][info][gc,heap        ] GC(317) Survivor regions: 111->108(153)
[1991.825s][info][gc,heap        ] GC(317) Old regions: 536->472
[1991.825s][info][gc,heap        ] GC(317) Humongous regions: 80->80
[1991.825s][info][gc,metaspace   ] GC(317) Metaspace: 28951K(29248K)->28951K(29248K) NonClass: 24067K(24192K)->24067K(24192K) Class: 4883K(5056K)->4883K(5056K)
[1991.825s][info][gc             ] GC(317) Pause Young (Mixed) (G1 Evacuation Pause) 3665M->1318M(4096M) 131.770ms
[1991.826s][info][gc,cpu         ] GC(317) User=0.78s Sys=0.00s Real=0.13s
.......[1998.232s][info][gc,start       ] GC(318) Pause Young (Concurrent Start) (G1 Evacuation Pause)
[1998.232s][info][gc,task        ] GC(318) Using 6 workers of 6 for evacuation
[1998.351s][info][gc,phases      ] GC(318)   Pre Evacuate Collection Set: 0.39ms
[1998.351s][info][gc,phases      ] GC(318)   Merge Heap Roots: 0.49ms
[1998.351s][info][gc,phases      ] GC(318)   Evacuate Collection Set: 117.04ms
[1998.351s][info][gc,phases      ] GC(318)   Post Evacuate Collection Set: 0.90ms
[1998.351s][info][gc,phases      ] GC(318)   Other: 0.10ms
[1998.351s][info][gc,heap        ] GC(318) Eden regions: 1120->0(1117)
[1998.351s][info][gc,heap        ] GC(318) Survivor regions: 108->111(154)
[1998.351s][info][gc,heap        ] GC(318) Old regions: 472->504
[1998.351s][info][gc,heap        ] GC(318) Humongous regions: 80->80
[1998.351s][info][gc,metaspace   ] GC(318) Metaspace: 28951K(29248K)->28951K(29248K) NonClass: 24067K(24192K)->24067K(24192K) Class: 4883K(5056K)->4883K(5056K)
[1998.351s][info][gc             ] GC(318) Pause Young (Concurrent Start) (G1 Evacuation Pause) 3558M->1388M(4096M) 119.050ms
[1998.351s][info][gc             ] GC(319) Concurrent Mark Cycle
[1998.351s][info][gc,marking     ] GC(319) Concurrent Scan Root Regions
[1998.351s][info][gc,cpu         ] GC(318) User=0.71s Sys=0.00s Real=0.12s
[1998.508s][info][gc,marking     ] GC(319) Concurrent Scan Root Regions 156.289ms
[1998.508s][info][gc,marking     ] GC(319) Concurrent Mark
[1998.508s][info][gc,marking     ] GC(319) Concurrent Mark From Roots
[1998.508s][info][gc,task        ] GC(319) Using 2 workers of 2 for marking
.[1999.112s][info][gc,marking     ] GC(319) Concurrent Mark From Roots 604.326ms
[1999.112s][info][gc,marking     ] GC(319) Concurrent Preclean
[1999.112s][info][gc,marking     ] GC(319) Concurrent Preclean 0.046ms
[1999.112s][info][gc,start       ] GC(319) Pause Remark
[1999.115s][info][gc             ] GC(319) Pause Remark 1670M->1670M(4096M) 2.516ms
[1999.115s][info][gc,cpu         ] GC(319) User=0.01s Sys=0.00s Real=0.00s
[1999.115s][info][gc,marking     ] GC(319) Concurrent Mark 607.118ms
[1999.115s][info][gc,marking     ] GC(319) Concurrent Rebuild Remembered Sets and Scrub Regions
[1999.357s][info][gc,marking     ] GC(319) Concurrent Rebuild Remembered Sets and Scrub Regions 242.674ms
[1999.358s][info][gc,start       ] GC(319) Pause Cleanup
[1999.358s][info][gc             ] GC(319) Pause Cleanup 1769M->1769M(4096M) 0.129ms
[1999.358s][info][gc,cpu         ] GC(319) User=0.00s Sys=0.00s Real=0.00s
[1999.358s][info][gc,marking     ] GC(319) Concurrent Clear Claimed Marks
[1999.358s][info][gc,marking     ] GC(319) Concurrent Clear Claimed Marks 0.027ms
[1999.358s][info][gc,marking     ] GC(319) Concurrent Cleanup for Next Mark
[1999.361s][info][gc,marking     ] GC(319) Concurrent Cleanup for Next Mark 3.437ms
[1999.361s][info][gc             ] GC(319) Concurrent Mark Cycle 1010.047ms
.....[2004.707s][info][gc,start       ] GC(320) Pause Young (Prepare Mixed) (G1 Evacuation Pause)
[2004.707s][info][gc,task        ] GC(320) Using 6 workers of 6 for evacuation
[2004.822s][info][gc,phases      ] GC(320)   Pre Evacuate Collection Set: 0.34ms
[2004.822s][info][gc,phases      ] GC(320)   Merge Heap Roots: 0.60ms
[2004.822s][info][gc,phases      ] GC(320)   Evacuate Collection Set: 113.04ms
[2004.822s][info][gc,phases      ] GC(320)   Post Evacuate Collection Set: 0.92ms
[2004.822s][info][gc,phases      ] GC(320)   Other: 0.09ms
[2004.822s][info][gc,heap        ] GC(320) Eden regions: 1117->0(1111)
[2004.822s][info][gc,heap        ] GC(320) Survivor regions: 111->109(154)
[2004.822s][info][gc,heap        ] GC(320) Old regions: 504->536
[2004.822s][info][gc,heap        ] GC(320) Humongous regions: 80->80
[2004.822s][info][gc,metaspace   ] GC(320) Metaspace: 28951K(29248K)->28951K(29248K) NonClass: 24067K(24192K)->24067K(24192K) Class: 4883K(5056K)->4883K(5056K)
[2004.822s][info][gc             ] GC(320) Pause Young (Prepare Mixed) (G1 Evacuation Pause) 3622M->1448M(4096M) 115.129ms
[2004.822s][info][gc,cpu         ] GC(320) User=0.68s Sys=0.00s Real=0.12s
.... (rIR:aIR:PR = 2906:2905:2905) (tPR = 42837) [OK] 
  2007s: Performance info:
         Transaction,    Success,    Partial,     Failed,   Receipts, AvgBarcode, 
             Overall,     174436,          0,          0,     165709,      59.48, 
         Response times:
             Request,    Success,    Partial,     Failed,   SkipFail,     Probes,    Samples,      min,      p50,      p90,      p95,      p99,      max, 
       TotalPurchase,     165694,          0,          0,          0,     162209,     179689,      300,     2400,     3900,     4700,    21000,   154000,
     InStorePurchase,      87169,          0,          0,          0,      85607,      94836,      300,     2500,     3900,     4700,    21000,   137000,
      OnlinePurchase,      61049,          0,          0,          0,      59706,      65896,      300,     2400,     3900,     4600,    20000,   154000,
        InstPurchase,      17476,          0,          0,          0,      16896,      18957,      400,     2600,     4100,     4900,    23000,   137000,
          AssocOfCat,        171,          0,          0,          0,        120,        186,    18800,    29000,    36000,    42950,    88000,    88000,
      AssocOfProduct,       1740,          0,          0,          0,       1591,       1954,      700,     2900,     4000,     4900,    29450,   154000,
      BusinessReport,        438,          0,          0,          0,        344,        454,    21000,    33000,    45000,    51000,   153750,   179000,
          CustBuyBeh,       1748,          0,          0,          0,       1559,       1871,      300,     2700,     4100,     5000,    23560,   137000,
       ProductReturn,       4635,          0,          0,          0,       4345,       5061,      200,     2600,     4000,     4800,    23380,   154000,

  2007s: (22%)   IR =   3044 ...[2011.129s][info][gc,start       ] GC(321) Pause Young (Mixed) (G1 Evacuation Pause)
[2011.129s][info][gc,task        ] GC(321) Using 6 workers of 6 for evacuation
[2011.260s][info][gc,phases      ] GC(321)   Pre Evacuate Collection Set: 0.39ms
[2011.260s][info][gc,phases      ] GC(321)   Merge Heap Roots: 0.69ms
[2011.260s][info][gc,phases      ] GC(321)   Evacuate Collection Set: 129.04ms
[2011.260s][info][gc,phases      ] GC(321)   Post Evacuate Collection Set: 0.97ms
[2011.260s][info][gc,phases      ] GC(321)   Other: 0.09ms
[2011.260s][info][gc,heap        ] GC(321) Eden regions: 1111->0(1118)
[2011.260s][info][gc,heap        ] GC(321) Survivor regions: 109->110(153)
[2011.260s][info][gc,heap        ] GC(321) Old regions: 536->472
[2011.260s][info][gc,heap        ] GC(321) Humongous regions: 80->80
[2011.260s][info][gc,metaspace   ] GC(321) Metaspace: 28951K(29248K)->28951K(29248K) NonClass: 24067K(24192K)->24067K(24192K) Class: 4883K(5056K)->4883K(5056K)
[2011.260s][info][gc             ] GC(321) Pause Young (Mixed) (G1 Evacuation Pause) 3670M->1321M(4096M) 131.325ms
[2011.260s][info][gc,cpu         ] GC(321) User=0.78s Sys=0.00s Real=0.13s
....|..[2017.367s][info][gc,start       ] GC(322) Pause Young (Concurrent Start) (G1 Evacuation Pause)
[2017.367s][info][gc,task        ] GC(322) Using 6 workers of 6 for evacuation
[2017.485s][info][gc,phases      ] GC(322)   Pre Evacuate Collection Set: 0.42ms
[2017.485s][info][gc,phases      ] GC(322)   Merge Heap Roots: 0.56ms
[2017.485s][info][gc,phases      ] GC(322)   Evacuate Collection Set: 115.13ms
[2017.485s][info][gc,phases      ] GC(322)   Post Evacuate Collection Set: 0.93ms
[2017.485s][info][gc,phases      ] GC(322)   Other: 0.13ms
[2017.485s][info][gc,heap        ] GC(322) Eden regions: 1118->0(1118)
[2017.485s][info][gc,heap        ] GC(322) Survivor regions: 110->110(154)
[2017.485s][info][gc,heap        ] GC(322) Old regions: 472->504
[2017.485s][info][gc,heap        ] GC(322) Humongous regions: 80->80
[2017.485s][info][gc,metaspace   ] GC(322) Metaspace: 28951K(29248K)->28951K(29248K) NonClass: 24067K(24192K)->24067K(24192K) Class: 4883K(5056K)->4883K(5056K)
[2017.485s][info][gc             ] GC(322) Pause Young (Concurrent Start) (G1 Evacuation Pause) 3557M->1385M(4096M) 117.307ms
[2017.485s][info][gc             ] GC(323) Concurrent Mark Cycle
[2017.485s][info][gc,marking     ] GC(323) Concurrent Scan Root Regions
[2017.485s][info][gc,cpu         ] GC(322) User=0.70s Sys=0.00s Real=0.12s
[2017.655s][info][gc,marking     ] GC(323) Concurrent Scan Root Regions 170.359ms
[2017.655s][info][gc,marking     ] GC(323) Concurrent Mark
[2017.655s][info][gc,marking     ] GC(323) Concurrent Mark From Roots
[2017.655s][info][gc,task        ] GC(323) Using 2 workers of 2 for marking
.[2018.284s][info][gc,marking     ] GC(323) Concurrent Mark From Roots 629.089ms
[2018.284s][info][gc,marking     ] GC(323) Concurrent Preclean
[2018.284s][info][gc,marking     ] GC(323) Concurrent Preclean 0.073ms
[2018.285s][info][gc,start       ] GC(323) Pause Remark
[2018.288s][info][gc             ] GC(323) Pause Remark 1735M->1735M(4096M) 2.646ms
[2018.288s][info][gc,cpu         ] GC(323) User=0.01s Sys=0.00s Real=0.00s
[2018.288s][info][gc,marking     ] GC(323) Concurrent Mark 632.981ms
[2018.288s][info][gc,marking     ] GC(323) Concurrent Rebuild Remembered Sets and Scrub Regions
[2018.515s][info][gc,marking     ] GC(323) Concurrent Rebuild Remembered Sets and Scrub Regions 226.965ms
[2018.515s][info][gc,start       ] GC(323) Pause Cleanup
[2018.515s][info][gc             ] GC(323) Pause Cleanup 1817M->1817M(4096M) 0.130ms
[2018.515s][info][gc,cpu         ] GC(323) User=0.00s Sys=0.00s Real=0.00s
[2018.515s][info][gc,marking     ] GC(323) Concurrent Clear Claimed Marks
[2018.515s][info][gc,marking     ] GC(323) Concurrent Clear Claimed Marks 0.034ms
[2018.515s][info][gc,marking     ] GC(323) Concurrent Cleanup for Next Mark
[2018.519s][info][gc,marking     ] GC(323) Concurrent Cleanup for Next Mark 3.807ms
[2018.519s][info][gc             ] GC(323) Concurrent Mark Cycle 1034.676ms
.....[2023.551s][info][gc,start       ] GC(324) Pause Young (Prepare Mixed) (G1 Evacuation Pause)
[2023.551s][info][gc,task        ] GC(324) Using 6 workers of 6 for evacuation
[2023.668s][info][gc,phases      ] GC(324)   Pre Evacuate Collection Set: 0.33ms
[2023.668s][info][gc,phases      ] GC(324)   Merge Heap Roots: 0.61ms
[2023.668s][info][gc,phases      ] GC(324)   Evacuate Collection Set: 115.39ms
[2023.668s][info][gc,phases      ] GC(324)   Post Evacuate Collection Set: 0.94ms
[2023.668s][info][gc,phases      ] GC(324)   Other: 0.09ms
[2023.668s][info][gc,heap        ] GC(324) Eden regions: 1118->0(1112)
[2023.668s][info][gc,heap        ] GC(324) Survivor regions: 110->109(154)
[2023.668s][info][gc,heap        ] GC(324) Old regions: 504->535
[2023.668s][info][gc,heap        ] GC(324) Humongous regions: 80->80
[2023.668s][info][gc,metaspace   ] GC(324) Metaspace: 28951K(29248K)->28951K(29248K) NonClass: 24067K(24192K)->24067K(24192K) Class: 4883K(5056K)->4883K(5056K)
[2023.668s][info][gc             ] GC(324) Pause Young (Prepare Mixed) (G1 Evacuation Pause) 3621M->1446M(4096M) 117.504ms
[2023.668s][info][gc,cpu         ] GC(324) User=0.70s Sys=0.00s Real=0.12s
......[2029.774s][info][gc,start       ] GC(325) Pause Young (Mixed) (G1 Evacuation Pause)
[2029.774s][info][gc,task        ] GC(325) Using 6 workers of 6 for evacuation
[2029.904s][info][gc,phases      ] GC(325)   Pre Evacuate Collection Set: 0.38ms
[2029.904s][info][gc,phases      ] GC(325)   Merge Heap Roots: 0.65ms
[2029.904s][info][gc,phases      ] GC(325)   Evacuate Collection Set: 128.25ms
[2029.904s][info][gc,phases      ] GC(325)   Post Evacuate Collection Set: 0.94ms
[2029.904s][info][gc,phases      ] GC(325)   Other: 0.09ms
[2029.904s][info][gc,heap        ] GC(325) Eden regions: 1112->0(1119)
[2029.904s][info][gc,heap        ] GC(325) Survivor regions: 109->109(153)
[2029.904s][info][gc,heap        ] GC(325) Old regions: 535->469
[2029.904s][info][gc,heap        ] GC(325) Humongous regions: 80->80
[2029.904s][info][gc,metaspace   ] GC(325) Metaspace: 28951K(29248K)->28951K(29248K) NonClass: 24067K(24192K)->24067K(24192K) Class: 4883K(5056K)->4883K(5056K)
[2029.904s][info][gc             ] GC(325) Pause Young (Mixed) (G1 Evacuation Pause) 3670M->1314M(4096M) 130.434ms
[2029.904s][info][gc,cpu         ] GC(325) User=0.77s Sys=0.00s Real=0.13s
......[2035.990s][info][gc,start       ] GC(326) Pause Young (Concurrent Start) (G1 Evacuation Pause)
[2035.990s][info][gc,task        ] GC(326) Using 6 workers of 6 for evacuation
[2036.110s][info][gc,phases      ] GC(326)   Pre Evacuate Collection Set: 0.41ms
[2036.110s][info][gc,phases      ] GC(326)   Merge Heap Roots: 0.58ms
[2036.110s][info][gc,phases      ] GC(326)   Evacuate Collection Set: 118.02ms
[2036.110s][info][gc,phases      ] GC(326)   Post Evacuate Collection Set: 0.93ms
[2036.110s][info][gc,phases      ] GC(326)   Other: 0.13ms
[2036.110s][info][gc,heap        ] GC(326) Eden regions: 1119->0(1117)
[2036.110s][info][gc,heap        ] GC(326) Survivor regions: 109->111(154)
[2036.110s][info][gc,heap        ] GC(326) Old regions: 469->501
[2036.110s][info][gc,heap        ] GC(326) Humongous regions: 80->80
[2036.110s][info][gc,metaspace   ] GC(326) Metaspace: 28951K(29248K)->28951K(29248K) NonClass: 24067K(24192K)->24067K(24192K) Class: 4883K(5056K)->4883K(5056K)
[2036.110s][info][gc             ] GC(326) Pause Young (Concurrent Start) (G1 Evacuation Pause) 3552M->1382M(4096M) 120.192ms
[2036.110s][info][gc             ] GC(327) Concurrent Mark Cycle
[2036.110s][info][gc,marking     ] GC(327) Concurrent Scan Root Regions
[2036.110s][info][gc,cpu         ] GC(326) User=0.71s Sys=0.00s Real=0.12s
.[2036.233s][info][gc,marking     ] GC(327) Concurrent Scan Root Regions 123.007ms
[2036.233s][info][gc,marking     ] GC(327) Concurrent Mark
[2036.233s][info][gc,marking     ] GC(327) Concurrent Mark From Roots
[2036.233s][info][gc,task        ] GC(327) Using 2 workers of 2 for marking
[2036.805s][info][gc,marking     ] GC(327) Concurrent Mark From Roots 571.362ms
[2036.805s][info][gc,marking     ] GC(327) Concurrent Preclean
[2036.805s][info][gc,marking     ] GC(327) Concurrent Preclean 0.051ms
[2036.805s][info][gc,start       ] GC(327) Pause Remark
[2036.808s][info][gc             ] GC(327) Pause Remark 1640M->1640M(4096M) 2.872ms
[2036.808s][info][gc,cpu         ] GC(327) User=0.02s Sys=0.00s Real=0.00s
[2036.808s][info][gc,marking     ] GC(327) Concurrent Mark 574.519ms
[2036.808s][info][gc,marking     ] GC(327) Concurrent Rebuild Remembered Sets and Scrub Regions
[2037.048s][info][gc,marking     ] GC(327) Concurrent Rebuild Remembered Sets and Scrub Regions 239.559ms
[2037.048s][info][gc,start       ] GC(327) Pause Cleanup
[2037.048s][info][gc             ] GC(327) Pause Cleanup 1752M->1752M(4096M) 0.119ms
[2037.048s][info][gc,cpu         ] GC(327) User=0.00s Sys=0.00s Real=0.00s
[2037.049s][info][gc,marking     ] GC(327) Concurrent Clear Claimed Marks
[2037.049s][info][gc,marking     ] GC(327) Concurrent Clear Claimed Marks 0.037ms
[2037.049s][info][gc,marking     ] GC(327) Concurrent Cleanup for Next Mark
[2037.053s][info][gc,marking     ] GC(327) Concurrent Cleanup for Next Mark 4.814ms
[2037.054s][info][gc             ] GC(327) Concurrent Mark Cycle 943.180ms
......[2042.219s][info][gc,start       ] GC(328) Pause Young (Prepare Mixed) (G1 Evacuation Pause)
[2042.219s][info][gc,task        ] GC(328) Using 6 workers of 6 for evacuation
[2042.336s][info][gc,phases      ] GC(328)   Pre Evacuate Collection Set: 0.38ms
[2042.336s][info][gc,phases      ] GC(328)   Merge Heap Roots: 0.54ms
[2042.336s][info][gc,phases      ] GC(328)   Evacuate Collection Set: 114.90ms
[2042.336s][info][gc,phases      ] GC(328)   Post Evacuate Collection Set: 0.94ms
[2042.336s][info][gc,phases      ] GC(328)   Other: 0.09ms
[2042.336s][info][gc,heap        ] GC(328) Eden regions: 1117->0(1113)
[2042.336s][info][gc,heap        ] GC(328) Survivor regions: 111->109(154)
[2042.336s][info][gc,heap        ] GC(328) Old regions: 501->534
[2042.336s][info][gc,heap        ] GC(328) Humongous regions: 80->80
[2042.336s][info][gc,metaspace   ] GC(328) Metaspace: 28951K(29248K)->28951K(29248K) NonClass: 24067K(24192K)->24067K(24192K) Class: 4883K(5056K)->4883K(5056K)
[2042.336s][info][gc             ] GC(328) Pause Young (Prepare Mixed) (G1 Evacuation Pause) 3616M->1444M(4096M) 116.966ms
[2042.336s][info][gc,cpu         ] GC(328) User=0.69s Sys=0.00s Real=0.12s
......[2048.341s][info][gc,start       ] GC(329) Pause Young (Mixed) (G1 Evacuation Pause)
[2048.341s][info][gc,task        ] GC(329) Using 6 workers of 6 for evacuation
[2048.477s][info][gc,phases      ] GC(329)   Pre Evacuate Collection Set: 0.39ms
[2048.477s][info][gc,phases      ] GC(329)   Merge Heap Roots: 0.72ms
[2048.477s][info][gc,phases      ] GC(329)   Evacuate Collection Set: 133.86ms
[2048.477s][info][gc,phases      ] GC(329)   Post Evacuate Collection Set: 0.96ms
[2048.477s][info][gc,phases      ] GC(329)   Other: 0.09ms
[2048.477s][info][gc,heap        ] GC(329) Eden regions: 1113->0(1119)
[2048.477s][info][gc,heap        ] GC(329) Survivor regions: 109->109(153)
[2048.477s][info][gc,heap        ] GC(329) Old regions: 534->471
[2048.477s][info][gc,heap        ] GC(329) Humongous regions: 80->80
[2048.477s][info][gc,metaspace   ] GC(329) Metaspace: 28951K(29248K)->28951K(29248K) NonClass: 24067K(24192K)->24067K(24192K) Class: 4883K(5056K)->4883K(5056K)
[2048.477s][info][gc             ] GC(329) Pause Young (Mixed) (G1 Evacuation Pause) 3670M->1319M(4096M) 136.145ms
[2048.477s][info][gc,cpu         ] GC(329) User=0.81s Sys=0.00s Real=0.13s
......[2054.605s][info][gc,start       ] GC(330) Pause Young (Concurrent Start) (G1 Evacuation Pause)
[2054.605s][info][gc,task        ] GC(330) Using 6 workers of 6 for evacuation
[2054.722s][info][gc,phases      ] GC(330)   Pre Evacuate Collection Set: 0.39ms
[2054.722s][info][gc,phases      ] GC(330)   Merge Heap Roots: 0.51ms
[2054.722s][info][gc,phases      ] GC(330)   Evacuate Collection Set: 114.26ms
[2054.722s][info][gc,phases      ] GC(330)   Post Evacuate Collection Set: 0.89ms
[2054.722s][info][gc,phases      ] GC(330)   Other: 0.10ms
[2054.722s][info][gc,heap        ] GC(330) Eden regions: 1119->0(1120)
[2054.722s][info][gc,heap        ] GC(330) Survivor regions: 109->108(154)
[2054.722s][info][gc,heap        ] GC(330) Old regions: 471->503
[2054.722s][info][gc,heap        ] GC(330) Humongous regions: 80->80
[2054.722s][info][gc,metaspace   ] GC(330) Metaspace: 28951K(29248K)->28951K(29248K) NonClass: 24067K(24192K)->24067K(24192K) Class: 4883K(5056K)->4883K(5056K)
[2054.722s][info][gc             ] GC(330) Pause Young (Concurrent Start) (G1 Evacuation Pause) 3557M->1380M(4096M) 116.287ms
[2054.722s][info][gc             ] GC(331) Concurrent Mark Cycle
[2054.722s][info][gc,marking     ] GC(331) Concurrent Scan Root Regions
[2054.722s][info][gc,cpu         ] GC(330) User=0.69s Sys=0.00s Real=0.12s
[2054.895s][info][gc,marking     ] GC(331) Concurrent Scan Root Regions 173.143ms
[2054.895s][info][gc,marking     ] GC(331) Concurrent Mark
[2054.895s][info][gc,marking     ] GC(331) Concurrent Mark From Roots
[2054.895s][info][gc,task        ] GC(331) Using 2 workers of 2 for marking
.[2055.876s][info][gc,marking     ] GC(331) Concurrent Mark From Roots 981.505ms
[2055.876s][info][gc,marking     ] GC(331) Concurrent Preclean
[2055.876s][info][gc,marking     ] GC(331) Concurrent Preclean 0.050ms
[2055.877s][info][gc,start       ] GC(331) Pause Remark
[2055.879s][info][gc             ] GC(331) Pause Remark 1821M->1821M(4096M) 2.776ms
[2055.879s][info][gc,cpu         ] GC(331) User=0.02s Sys=0.00s Real=0.00s
[2055.879s][info][gc,marking     ] GC(331) Concurrent Mark 984.587ms
[2055.879s][info][gc,marking     ] GC(331) Concurrent Rebuild Remembered Sets and Scrub Regions
.[2056.230s][info][gc,marking     ] GC(331) Concurrent Rebuild Remembered Sets and Scrub Regions 350.329ms
[2056.230s][info][gc,start       ] GC(331) Pause Cleanup
[2056.230s][info][gc             ] GC(331) Pause Cleanup 1944M->1944M(4096M) 0.130ms
[2056.230s][info][gc,cpu         ] GC(331) User=0.00s Sys=0.00s Real=0.00s
[2056.231s][info][gc,marking     ] GC(331) Concurrent Clear Claimed Marks
[2056.231s][info][gc,marking     ] GC(331) Concurrent Clear Claimed Marks 0.042ms
[2056.231s][info][gc,marking     ] GC(331) Concurrent Cleanup for Next Mark
[2056.235s][info][gc,marking     ] GC(331) Concurrent Cleanup for Next Mark 4.545ms
[2056.235s][info][gc             ] GC(331) Concurrent Mark Cycle 1513.621ms
....[2060.866s][info][gc,start       ] GC(332) Pause Young (Prepare Mixed) (G1 Evacuation Pause)
[2060.866s][info][gc,task        ] GC(332) Using 6 workers of 6 for evacuation
[2060.981s][info][gc,phases      ] GC(332)   Pre Evacuate Collection Set: 0.36ms
[2060.981s][info][gc,phases      ] GC(332)   Merge Heap Roots: 0.61ms
[2060.981s][info][gc,phases      ] GC(332)   Evacuate Collection Set: 113.08ms
[2060.981s][info][gc,phases      ] GC(332)   Post Evacuate Collection Set: 0.94ms
[2060.981s][info][gc,phases      ] GC(332)   Other: 0.10ms
[2060.981s][info][gc,heap        ] GC(332) Eden regions: 1120->0(1113)
[2060.981s][info][gc,heap        ] GC(332) Survivor regions: 108->109(154)
[2060.981s][info][gc,heap        ] GC(332) Old regions: 503->534
[2060.981s][info][gc,heap        ] GC(332) Humongous regions: 80->80
[2060.981s][info][gc,metaspace   ] GC(332) Metaspace: 28951K(29248K)->28951K(29248K) NonClass: 24067K(24192K)->24067K(24192K) Class: 4883K(5056K)->4883K(5056K)
[2060.981s][info][gc             ] GC(332) Pause Young (Prepare Mixed) (G1 Evacuation Pause) 3620M->1444M(4096M) 115.226ms
[2060.982s][info][gc,cpu         ] GC(332) User=0.68s Sys=0.01s Real=0.12s
......[2067.117s][info][gc,start       ] GC(333) Pause Young (Mixed) (G1 Evacuation Pause)
[2067.117s][info][gc,task        ] GC(333) Using 6 workers of 6 for evacuation
[2067.252s][info][gc,phases      ] GC(333)   Pre Evacuate Collection Set: 0.39ms
[2067.252s][info][gc,phases      ] GC(333)   Merge Heap Roots: 0.76ms
[2067.252s][info][gc,phases      ] GC(333)   Evacuate Collection Set: 133.23ms
[2067.252s][info][gc,phases      ] GC(333)   Post Evacuate Collection Set: 0.97ms
[2067.252s][info][gc,phases      ] GC(333)   Other: 0.09ms
[2067.252s][info][gc,heap        ] GC(333) Eden regions: 1113->0(1116)
[2067.252s][info][gc,heap        ] GC(333) Survivor regions: 109->112(153)
[2067.252s][info][gc,heap        ] GC(333) Old regions: 534->469
[2067.252s][info][gc,heap        ] GC(333) Humongous regions: 80->80
[2067.252s][info][gc,metaspace   ] GC(333) Metaspace: 28951K(29248K)->28951K(29248K) NonClass: 24067K(24192K)->24067K(24192K) Class: 4883K(5056K)->4883K(5056K)
[2067.252s][info][gc             ] GC(333) Pause Young (Mixed) (G1 Evacuation Pause) 3670M->1320M(4096M) 135.589ms
[2067.253s][info][gc,cpu         ] GC(333) User=0.81s Sys=0.00s Real=0.14s
......[2073.242s][info][gc,start       ] GC(334) Pause Young (Concurrent Start) (G1 Evacuation Pause)
[2073.242s][info][gc,task        ] GC(334) Using 6 workers of 6 for evacuation
[2073.363s][info][gc,phases      ] GC(334)   Pre Evacuate Collection Set: 0.37ms
[2073.363s][info][gc,phases      ] GC(334)   Merge Heap Roots: 0.49ms
[2073.363s][info][gc,phases      ] GC(334)   Evacuate Collection Set: 118.66ms
[2073.363s][info][gc,phases      ] GC(334)   Post Evacuate Collection Set: 0.90ms
[2073.363s][info][gc,phases      ] GC(334)   Other: 0.10ms
[2073.363s][info][gc,heap        ] GC(334) Eden regions: 1116->0(1116)
[2073.363s][info][gc,heap        ] GC(334) Survivor regions: 112->112(154)
[2073.363s][info][gc,heap        ] GC(334) Old regions: 469->501
[2073.363s][info][gc,heap        ] GC(334) Humongous regions: 80->80
[2073.363s][info][gc,metaspace   ] GC(334) Metaspace: 28951K(29248K)->28951K(29248K) NonClass: 24067K(24192K)->24067K(24192K) Class: 4883K(5056K)->4883K(5056K)
[2073.363s][info][gc             ] GC(334) Pause Young (Concurrent Start) (G1 Evacuation Pause) 3552M->1383M(4096M) 120.651ms
[2073.363s][info][gc             ] GC(335) Concurrent Mark Cycle
[2073.363s][info][gc,marking     ] GC(335) Concurrent Scan Root Regions
[2073.363s][info][gc,cpu         ] GC(334) User=0.72s Sys=0.00s Real=0.12s
.[2073.543s][info][gc,marking     ] GC(335) Concurrent Scan Root Regions 180.629ms
[2073.543s][info][gc,marking     ] GC(335) Concurrent Mark
[2073.543s][info][gc,marking     ] GC(335) Concurrent Mark From Roots
[2073.543s][info][gc,task        ] GC(335) Using 2 workers of 2 for marking
.[2074.480s][info][gc,marking     ] GC(335) Concurrent Mark From Roots 936.478ms
[2074.480s][info][gc,marking     ] GC(335) Concurrent Preclean
[2074.480s][info][gc,marking     ] GC(335) Concurrent Preclean 0.087ms
[2074.481s][info][gc,start       ] GC(335) Pause Remark
[2074.484s][info][gc             ] GC(335) Pause Remark 1810M->1810M(4096M) 3.152ms
[2074.484s][info][gc,cpu         ] GC(335) User=0.02s Sys=0.00s Real=0.01s
[2074.484s][info][gc,marking     ] GC(335) Concurrent Mark 940.763ms
[2074.484s][info][gc,marking     ] GC(335) Concurrent Rebuild Remembered Sets and Scrub Regions
[2074.885s][info][gc,marking     ] GC(335) Concurrent Rebuild Remembered Sets and Scrub Regions 400.601ms
[2074.885s][info][gc,start       ] GC(335) Pause Cleanup
[2074.885s][info][gc             ] GC(335) Pause Cleanup 1953M->1953M(4096M) 0.132ms
[2074.885s][info][gc,cpu         ] GC(335) User=0.00s Sys=0.00s Real=0.00s
[2074.885s][info][gc,marking     ] GC(335) Concurrent Clear Claimed Marks
[2074.885s][info][gc,marking     ] GC(335) Concurrent Clear Claimed Marks 0.027ms
[2074.885s][info][gc,marking     ] GC(335) Concurrent Cleanup for Next Mark
[2074.889s][info][gc,marking     ] GC(335) Concurrent Cleanup for Next Mark 3.304ms
[2074.889s][info][gc             ] GC(335) Concurrent Mark Cycle 1525.787ms
. (rIR:aIR:PR = 3044:3044:3044) (tPR = 45241) [OK] 
  2075s: Performance info:
         Transaction,    Success,    Partial,     Failed,   Receipts, AvgBarcode, 
             Overall,     183894,          0,          0,     174711,      59.47, 
         Response times:
             Request,    Success,    Partial,     Failed,   SkipFail,     Probes,    Samples,      min,      p50,      p90,      p95,      p99,      max, 
       TotalPurchase,     174711,          0,          0,          0,     171376,     192022,      300,     2600,     4300,     5300,    24000,   175000,
     InStorePurchase,      91952,          0,          0,          0,      90402,     101233,      300,     2500,     4300,     5300,    25000,   175000,
      OnlinePurchase,      64366,          0,          0,          0,      63231,      70735,      300,     2700,     4300,     5300,    25000,   175000,
        InstPurchase,      18393,          0,          0,          0,      17743,      20054,      400,     2700,     4300,     5300,    22000,   175000,
          AssocOfCat,        185,          0,          0,          0,        143,        205,    17900,    28000,    36400,    42000,   156880,   162000,
      AssocOfProduct,       1843,          0,          0,          0,       1687,       2014,      400,     1300,     2200,     3100,     9785,   123000,
      BusinessReport,        459,          0,          0,          0,        371,        478,    21000,    34000,    47000,    58050,   173420,   186000,
          CustBuyBeh,       1834,          0,          0,          0,       1655,       2028,      300,     2300,     3600,     4500,    24420,   140000,
       ProductReturn,       4862,          0,          0,          0,       4527,       5250,      200,     2100,     3800,     4600,    18349,   135000,

  2075s: (23%)   IR =   3183 ...[2079.247s][info][gc,start       ] GC(336) Pause Young (Prepare Mixed) (G1 Evacuation Pause)
[2079.247s][info][gc,task        ] GC(336) Using 6 workers of 6 for evacuation
[2079.365s][info][gc,phases      ] GC(336)   Pre Evacuate Collection Set: 0.35ms
[2079.365s][info][gc,phases      ] GC(336)   Merge Heap Roots: 0.60ms
[2079.365s][info][gc,phases      ] GC(336)   Evacuate Collection Set: 115.40ms
[2079.365s][info][gc,phases      ] GC(336)   Post Evacuate Collection Set: 0.99ms
[2079.365s][info][gc,phases      ] GC(336)   Other: 0.10ms
[2079.365s][info][gc,heap        ] GC(336) Eden regions: 1116->0(1112)
[2079.365s][info][gc,heap        ] GC(336) Survivor regions: 112->110(154)
[2079.365s][info][gc,heap        ] GC(336) Old regions: 501->533
[2079.365s][info][gc,heap        ] GC(336) Humongous regions: 80->80
[2079.365s][info][gc,metaspace   ] GC(336) Metaspace: 28951K(29248K)->28951K(29248K) NonClass: 24068K(24192K)->24068K(24192K) Class: 4883K(5056K)->4883K(5056K)
[2079.365s][info][gc             ] GC(336) Pause Young (Prepare Mixed) (G1 Evacuation Pause) 3615M->1443M(4096M) 117.575ms
[2079.365s][info][gc,cpu         ] GC(336) User=0.70s Sys=0.00s Real=0.12s
...|...[2085.188s][info][gc,start       ] GC(337) Pause Young (Mixed) (G1 Evacuation Pause)
[2085.188s][info][gc,task        ] GC(337) Using 6 workers of 6 for evacuation
[2085.320s][info][gc,phases      ] GC(337)   Pre Evacuate Collection Set: 0.38ms
[2085.320s][info][gc,phases      ] GC(337)   Merge Heap Roots: 0.72ms
[2085.320s][info][gc,phases      ] GC(337)   Evacuate Collection Set: 129.82ms
[2085.320s][info][gc,phases      ] GC(337)   Post Evacuate Collection Set: 1.05ms
[2085.320s][info][gc,phases      ] GC(337)   Other: 0.09ms
[2085.320s][info][gc,heap        ] GC(337) Eden regions: 1112->0(1119)
[2085.320s][info][gc,heap        ] GC(337) Survivor regions: 110->109(153)
[2085.320s][info][gc,heap        ] GC(337) Old regions: 533->471
[2085.320s][info][gc,heap        ] GC(337) Humongous regions: 80->80
[2085.320s][info][gc,metaspace   ] GC(337) Metaspace: 28951K(29248K)->28951K(29248K) NonClass: 24068K(24192K)->24068K(24192K) Class: 4883K(5056K)->4883K(5056K)
[2085.320s][info][gc             ] GC(337) Pause Young (Mixed) (G1 Evacuation Pause) 3667M->1317M(4096M) 132.208ms
[2085.320s][info][gc,cpu         ] GC(337) User=0.78s Sys=0.00s Real=0.13s
......[2091.207s][info][gc,start       ] GC(338) Pause Young (Concurrent Start) (G1 Evacuation Pause)
[2091.207s][info][gc,task        ] GC(338) Using 6 workers of 6 for evacuation
[2091.324s][info][gc,phases      ] GC(338)   Pre Evacuate Collection Set: 0.41ms
[2091.324s][info][gc,phases      ] GC(338)   Merge Heap Roots: 0.49ms
[2091.324s][info][gc,phases      ] GC(338)   Evacuate Collection Set: 114.85ms
[2091.324s][info][gc,phases      ] GC(338)   Post Evacuate Collection Set: 0.90ms
[2091.324s][info][gc,phases      ] GC(338)   Other: 0.11ms
[2091.324s][info][gc,heap        ] GC(338) Eden regions: 1119->0(1118)
[2091.324s][info][gc,heap        ] GC(338) Survivor regions: 109->110(154)
[2091.324s][info][gc,heap        ] GC(338) Old regions: 471->503
[2091.324s][info][gc,heap        ] GC(338) Humongous regions: 80->80
[2091.324s][info][gc,metaspace   ] GC(338) Metaspace: 28951K(29248K)->28951K(29248K) NonClass: 24068K(24192K)->24068K(24192K) Class: 4883K(5056K)->4883K(5056K)
[2091.324s][info][gc             ] GC(338) Pause Young (Concurrent Start) (G1 Evacuation Pause) 3555M->1384M(4096M) 116.909ms
[2091.324s][info][gc             ] GC(339) Concurrent Mark Cycle
[2091.324s][info][gc,marking     ] GC(339) Concurrent Scan Root Regions
[2091.324s][info][gc,cpu         ] GC(338) User=0.70s Sys=0.00s Real=0.12s
.[2091.491s][info][gc,marking     ] GC(339) Concurrent Scan Root Regions 167.349ms
[2091.491s][info][gc,marking     ] GC(339) Concurrent Mark
[2091.491s][info][gc,marking     ] GC(339) Concurrent Mark From Roots
[2091.491s][info][gc,task        ] GC(339) Using 2 workers of 2 for marking
[2092.141s][info][gc,marking     ] GC(339) Concurrent Mark From Roots 649.572ms
[2092.141s][info][gc,marking     ] GC(339) Concurrent Preclean
[2092.141s][info][gc,marking     ] GC(339) Concurrent Preclean 0.059ms
[2092.141s][info][gc,start       ] GC(339) Pause Remark
[2092.144s][info][gc             ] GC(339) Pause Remark 1734M->1734M(4096M) 2.841ms
[2092.144s][info][gc,cpu         ] GC(339) User=0.01s Sys=0.00s Real=0.00s
[2092.144s][info][gc,marking     ] GC(339) Concurrent Mark 652.749ms
[2092.144s][info][gc,marking     ] GC(339) Concurrent Rebuild Remembered Sets and Scrub Regions
.[2092.500s][info][gc,marking     ] GC(339) Concurrent Rebuild Remembered Sets and Scrub Regions 355.604ms
[2092.500s][info][gc,start       ] GC(339) Pause Cleanup
[2092.500s][info][gc             ] GC(339) Pause Cleanup 1874M->1874M(4096M) 0.121ms
[2092.500s][info][gc,cpu         ] GC(339) User=0.00s Sys=0.00s Real=0.00s
[2092.500s][info][gc,marking     ] GC(339) Concurrent Clear Claimed Marks
[2092.500s][info][gc,marking     ] GC(339) Concurrent Clear Claimed Marks 0.027ms
[2092.500s][info][gc,marking     ] GC(339) Concurrent Cleanup for Next Mark
[2092.503s][info][gc,marking     ] GC(339) Concurrent Cleanup for Next Mark 3.328ms
[2092.503s][info][gc             ] GC(339) Concurrent Mark Cycle 1179.438ms
....[2097.131s][info][gc,start       ] GC(340) Pause Young (Prepare Mixed) (G1 Evacuation Pause)
[2097.131s][info][gc,task        ] GC(340) Using 6 workers of 6 for evacuation
[2097.250s][info][gc,phases      ] GC(340)   Pre Evacuate Collection Set: 0.37ms
[2097.250s][info][gc,phases      ] GC(340)   Merge Heap Roots: 0.58ms
[2097.250s][info][gc,phases      ] GC(340)   Evacuate Collection Set: 116.80ms
[2097.250s][info][gc,phases      ] GC(340)   Post Evacuate Collection Set: 0.95ms
[2097.250s][info][gc,phases      ] GC(340)   Other: 0.10ms
[2097.250s][info][gc,heap        ] GC(340) Eden regions: 1118->0(1108)
[2097.250s][info][gc,heap        ] GC(340) Survivor regions: 110->111(154)
[2097.250s][info][gc,heap        ] GC(340) Old regions: 503->535
[2097.250s][info][gc,heap        ] GC(340) Humongous regions: 80->80
[2097.250s][info][gc,metaspace   ] GC(340) Metaspace: 28951K(29248K)->28951K(29248K) NonClass: 24068K(24192K)->24068K(24192K) Class: 4883K(5056K)->4883K(5056K)
[2097.250s][info][gc             ] GC(340) Pause Young (Prepare Mixed) (G1 Evacuation Pause) 3620M->1450M(4096M) 118.925ms
[2097.250s][info][gc,cpu         ] GC(340) User=0.71s Sys=0.00s Real=0.11s
......[2103.016s][info][gc,start       ] GC(341) Pause Young (Mixed) (G1 Evacuation Pause)
[2103.016s][info][gc,task        ] GC(341) Using 6 workers of 6 for evacuation
[2103.153s][info][gc,phases      ] GC(341)   Pre Evacuate Collection Set: 0.40ms
[2103.153s][info][gc,phases      ] GC(341)   Merge Heap Roots: 0.87ms
[2103.153s][info][gc,phases      ] GC(341)   Evacuate Collection Set: 134.47ms
[2103.153s][info][gc,phases      ] GC(341)   Post Evacuate Collection Set: 0.97ms
[2103.153s][info][gc,phases      ] GC(341)   Other: 0.09ms
[2103.153s][info][gc,heap        ] GC(341) Eden regions: 1108->0(1120)
[2103.153s][info][gc,heap        ] GC(341) Survivor regions: 111->108(153)
[2103.153s][info][gc,heap        ] GC(341) Old regions: 535->471
[2103.153s][info][gc,heap        ] GC(341) Humongous regions: 80->80
[2103.153s][info][gc,metaspace   ] GC(341) Metaspace: 28951K(29248K)->28951K(29248K) NonClass: 24068K(24192K)->24068K(24192K) Class: 4883K(5056K)->4883K(5056K)
[2103.153s][info][gc             ] GC(341) Pause Young (Mixed) (G1 Evacuation Pause) 3666M->1316M(4096M) 136.940ms
[2103.153s][info][gc,cpu         ] GC(341) User=0.81s Sys=0.00s Real=0.14s
......[2108.958s][info][gc,start       ] GC(342) Pause Young (Concurrent Start) (G1 Evacuation Pause)
[2108.958s][info][gc,task        ] GC(342) Using 6 workers of 6 for evacuation
[2109.073s][info][gc,phases      ] GC(342)   Pre Evacuate Collection Set: 0.39ms
[2109.073s][info][gc,phases      ] GC(342)   Merge Heap Roots: 0.49ms
[2109.073s][info][gc,phases      ] GC(342)   Evacuate Collection Set: 113.62ms
[2109.073s][info][gc,phases      ] GC(342)   Post Evacuate Collection Set: 0.89ms
[2109.073s][info][gc,phases      ] GC(342)   Other: 0.11ms
[2109.073s][info][gc,heap        ] GC(342) Eden regions: 1120->0(1119)
[2109.073s][info][gc,heap        ] GC(342) Survivor regions: 108->109(154)
[2109.073s][info][gc,heap        ] GC(342) Old regions: 471->502
[2109.073s][info][gc,heap        ] GC(342) Humongous regions: 80->80
[2109.073s][info][gc,metaspace   ] GC(342) Metaspace: 28951K(29248K)->28951K(29248K) NonClass: 24068K(24192K)->24068K(24192K) Class: 4883K(5056K)->4883K(5056K)
[2109.073s][info][gc             ] GC(342) Pause Young (Concurrent Start) (G1 Evacuation Pause) 3556M->1380M(4096M) 115.639ms
[2109.073s][info][gc             ] GC(343) Concurrent Mark Cycle
[2109.073s][info][gc,marking     ] GC(343) Concurrent Scan Root Regions
[2109.073s][info][gc,cpu         ] GC(342) User=0.69s Sys=0.00s Real=0.12s
[2109.217s][info][gc,marking     ] GC(343) Concurrent Scan Root Regions 143.978ms
[2109.217s][info][gc,marking     ] GC(343) Concurrent Mark
[2109.217s][info][gc,marking     ] GC(343) Concurrent Mark From Roots
[2109.217s][info][gc,task        ] GC(343) Using 2 workers of 2 for marking
.[2109.875s][info][gc,marking     ] GC(343) Concurrent Mark From Roots 657.291ms
[2109.875s][info][gc,marking     ] GC(343) Concurrent Preclean
[2109.875s][info][gc,marking     ] GC(343) Concurrent Preclean 0.056ms
[2109.875s][info][gc,start       ] GC(343) Pause Remark
[2109.878s][info][gc             ] GC(343) Pause Remark 1725M->1725M(4096M) 2.902ms
[2109.878s][info][gc,cpu         ] GC(343) User=0.01s Sys=0.00s Real=0.00s
[2109.878s][info][gc,marking     ] GC(343) Concurrent Mark 660.505ms
[2109.878s][info][gc,marking     ] GC(343) Concurrent Rebuild Remembered Sets and Scrub Regions
[2110.113s][info][gc,marking     ] GC(343) Concurrent Rebuild Remembered Sets and Scrub Regions 234.717ms
[2110.113s][info][gc,start       ] GC(343) Pause Cleanup
[2110.113s][info][gc             ] GC(343) Pause Cleanup 1818M->1818M(4096M) 0.128ms
[2110.113s][info][gc,cpu         ] GC(343) User=0.00s Sys=0.00s Real=0.00s
[2110.113s][info][gc,marking     ] GC(343) Concurrent Clear Claimed Marks
[2110.113s][info][gc,marking     ] GC(343) Concurrent Clear Claimed Marks 0.034ms
[2110.113s][info][gc,marking     ] GC(343) Concurrent Cleanup for Next Mark
[2110.117s][info][gc,marking     ] GC(343) Concurrent Cleanup for Next Mark 3.909ms
[2110.117s][info][gc             ] GC(343) Concurrent Mark Cycle 1043.634ms
.....[2114.901s][info][gc,start       ] GC(344) Pause Young (Prepare Mixed) (G1 Evacuation Pause)
[2114.901s][info][gc,task        ] GC(344) Using 6 workers of 6 for evacuation
[2115.020s][info][gc,phases      ] GC(344)   Pre Evacuate Collection Set: 0.36ms
[2115.020s][info][gc,phases      ] GC(344)   Merge Heap Roots: 0.53ms
[2115.020s][info][gc,phases      ] GC(344)   Evacuate Collection Set: 117.11ms
[2115.020s][info][gc,phases      ] GC(344)   Post Evacuate Collection Set: 0.93ms
[2115.020s][info][gc,phases      ] GC(344)   Other: 0.09ms
[2115.020s][info][gc,heap        ] GC(344) Eden regions: 1119->0(1110)
[2115.020s][info][gc,heap        ] GC(344) Survivor regions: 109->111(154)
[2115.020s][info][gc,heap        ] GC(344) Old regions: 502->533
[2115.020s][info][gc,heap        ] GC(344) Humongous regions: 80->80
[2115.020s][info][gc,metaspace   ] GC(344) Metaspace: 28951K(29248K)->28951K(29248K) NonClass: 24068K(24192K)->24068K(24192K) Class: 4883K(5056K)->4883K(5056K)
[2115.020s][info][gc             ] GC(344) Pause Young (Prepare Mixed) (G1 Evacuation Pause) 3618M->1447M(4096M) 119.149ms
[2115.020s][info][gc,cpu         ] GC(344) User=0.71s Sys=0.00s Real=0.11s
......[2120.824s][info][gc,start       ] GC(345) Pause Young (Mixed) (G1 Evacuation Pause)
[2120.824s][info][gc,task        ] GC(345) Using 6 workers of 6 for evacuation
[2120.956s][info][gc,phases      ] GC(345)   Pre Evacuate Collection Set: 0.39ms
[2120.956s][info][gc,phases      ] GC(345)   Merge Heap Roots: 0.82ms
[2120.956s][info][gc,phases      ] GC(345)   Evacuate Collection Set: 129.35ms
[2120.956s][info][gc,phases      ] GC(345)   Post Evacuate Collection Set: 1.00ms
[2120.956s][info][gc,phases      ] GC(345)   Other: 0.10ms
[2120.956s][info][gc,heap        ] GC(345) Eden regions: 1110->0(1121)
[2120.956s][info][gc,heap        ] GC(345) Survivor regions: 111->107(153)
[2120.956s][info][gc,heap        ] GC(345) Old regions: 533->471
[2120.956s][info][gc,heap        ] GC(345) Humongous regions: 80->80
[2120.956s][info][gc,metaspace   ] GC(345) Metaspace: 28951K(29248K)->28951K(29248K) NonClass: 24068K(24192K)->24068K(24192K) Class: 4883K(5056K)->4883K(5056K)
[2120.956s][info][gc             ] GC(345) Pause Young (Mixed) (G1 Evacuation Pause) 3667M->1315M(4096M) 131.806ms
[2120.956s][info][gc,cpu         ] GC(345) User=0.78s Sys=0.00s Real=0.13s
......[2126.835s][info][gc,start       ] GC(346) Pause Young (Concurrent Start) (G1 Evacuation Pause)
[2126.835s][info][gc,task        ] GC(346) Using 6 workers of 6 for evacuation
[2126.954s][info][gc,phases      ] GC(346)   Pre Evacuate Collection Set: 0.38ms
[2126.954s][info][gc,phases      ] GC(346)   Merge Heap Roots: 0.49ms
[2126.954s][info][gc,phases      ] GC(346)   Evacuate Collection Set: 116.79ms
[2126.954s][info][gc,phases      ] GC(346)   Post Evacuate Collection Set: 0.90ms
[2126.954s][info][gc,phases      ] GC(346)   Other: 0.11ms
[2126.954s][info][gc,heap        ] GC(346) Eden regions: 1121->0(1116)
[2126.954s][info][gc,heap        ] GC(346) Survivor regions: 107->112(154)
[2126.954s][info][gc,heap        ] GC(346) Old regions: 471->503
[2126.954s][info][gc,heap        ] GC(346) Humongous regions: 80->80
[2126.954s][info][gc,metaspace   ] GC(346) Metaspace: 28951K(29248K)->28951K(29248K) NonClass: 24068K(24192K)->24068K(24192K) Class: 4883K(5056K)->4883K(5056K)
[2126.954s][info][gc             ] GC(346) Pause Young (Concurrent Start) (G1 Evacuation Pause) 3557M->1388M(4096M) 118.781ms
[2126.954s][info][gc             ] GC(347) Concurrent Mark Cycle
[2126.954s][info][gc,marking     ] GC(347) Concurrent Scan Root Regions
[2126.954s][info][gc,cpu         ] GC(346) User=0.71s Sys=0.00s Real=0.12s
[2127.108s][info][gc,marking     ] GC(347) Concurrent Scan Root Regions 153.882ms
[2127.108s][info][gc,marking     ] GC(347) Concurrent Mark
[2127.108s][info][gc,marking     ] GC(347) Concurrent Mark From Roots
[2127.108s][info][gc,task        ] GC(347) Using 2 workers of 2 for marking
.[2127.635s][info][gc,marking     ] GC(347) Concurrent Mark From Roots 527.316ms
[2127.635s][info][gc,marking     ] GC(347) Concurrent Preclean
[2127.635s][info][gc,marking     ] GC(347) Concurrent Preclean 0.087ms
[2127.635s][info][gc,start       ] GC(347) Pause Remark
[2127.638s][info][gc             ] GC(347) Pause Remark 1711M->1711M(4096M) 2.623ms
[2127.638s][info][gc,cpu         ] GC(347) User=0.02s Sys=0.00s Real=0.00s
[2127.639s][info][gc,marking     ] GC(347) Concurrent Mark 530.894ms
[2127.639s][info][gc,marking     ] GC(347) Concurrent Rebuild Remembered Sets and Scrub Regions
[2127.842s][info][gc,marking     ] GC(347) Concurrent Rebuild Remembered Sets and Scrub Regions 203.682ms
[2127.842s][info][gc,start       ] GC(347) Pause Cleanup
[2127.843s][info][gc             ] GC(347) Pause Cleanup 1784M->1784M(4096M) 0.116ms
[2127.843s][info][gc,cpu         ] GC(347) User=0.00s Sys=0.00s Real=0.00s
[2127.843s][info][gc,marking     ] GC(347) Concurrent Clear Claimed Marks
[2127.843s][info][gc,marking     ] GC(347) Concurrent Clear Claimed Marks 0.033ms
[2127.843s][info][gc,marking     ] GC(347) Concurrent Cleanup for Next Mark
[2127.846s][info][gc,marking     ] GC(347) Concurrent Cleanup for Next Mark 3.572ms
[2127.846s][info][gc             ] GC(347) Concurrent Mark Cycle 892.544ms
.....[2132.774s][info][gc,start       ] GC(348) Pause Young (Prepare Mixed) (G1 Evacuation Pause)
[2132.774s][info][gc,task        ] GC(348) Using 6 workers of 6 for evacuation
[2132.890s][info][gc,phases      ] GC(348)   Pre Evacuate Collection Set: 0.37ms
[2132.890s][info][gc,phases      ] GC(348)   Merge Heap Roots: 0.53ms
[2132.890s][info][gc,phases      ] GC(348)   Evacuate Collection Set: 113.61ms
[2132.890s][info][gc,phases      ] GC(348)   Post Evacuate Collection Set: 0.94ms
[2132.890s][info][gc,phases      ] GC(348)   Other: 0.09ms
[2132.890s][info][gc,heap        ] GC(348) Eden regions: 1116->0(1112)
[2132.890s][info][gc,heap        ] GC(348) Survivor regions: 112->109(154)
[2132.890s][info][gc,heap        ] GC(348) Old regions: 503->535
[2132.890s][info][gc,heap        ] GC(348) Humongous regions: 80->80
[2132.890s][info][gc,metaspace   ] GC(348) Metaspace: 28951K(29248K)->28951K(29248K) NonClass: 24068K(24192K)->24068K(24192K) Class: 4883K(5056K)->4883K(5056K)
[2132.890s][info][gc             ] GC(348) Pause Young (Prepare Mixed) (G1 Evacuation Pause) 3620M->1446M(4096M) 115.674ms
[2132.890s][info][gc,cpu         ] GC(348) User=0.69s Sys=0.00s Real=0.11s
......[2138.697s][info][gc,start       ] GC(349) Pause Young (Mixed) (G1 Evacuation Pause)
[2138.698s][info][gc,task        ] GC(349) Using 6 workers of 6 for evacuation
[2138.830s][info][gc,phases      ] GC(349)   Pre Evacuate Collection Set: 0.40ms
[2138.830s][info][gc,phases      ] GC(349)   Merge Heap Roots: 0.69ms
[2138.830s][info][gc,phases      ] GC(349)   Evacuate Collection Set: 130.06ms
[2138.830s][info][gc,phases      ] GC(349)   Post Evacuate Collection Set: 1.00ms
[2138.830s][info][gc,phases      ] GC(349)   Other: 0.09ms
[2138.830s][info][gc,heap        ] GC(349) Eden regions: 1112->0(1120)
[2138.830s][info][gc,heap        ] GC(349) Survivor regions: 109->108(153)
[2138.830s][info][gc,heap        ] GC(349) Old regions: 535->472
[2138.830s][info][gc,heap        ] GC(349) Humongous regions: 80->80
[2138.830s][info][gc,metaspace   ] GC(349) Metaspace: 28951K(29248K)->28951K(29248K) NonClass: 24068K(24192K)->24068K(24192K) Class: 4883K(5056K)->4883K(5056K)
[2138.830s][info][gc             ] GC(349) Pause Young (Mixed) (G1 Evacuation Pause) 3670M->1317M(4096M) 132.391ms
[2138.830s][info][gc,cpu         ] GC(349) User=0.79s Sys=0.00s Real=0.13s
... (rIR:aIR:PR = 3183:3183:3183) (tPR = 47131) [OK] 
  2141s: Performance info:
         Transaction,    Success,    Partial,     Failed,   Receipts, AvgBarcode, 
             Overall,     191132,          0,          0,     181574,      59.47, 
         Response times:
             Request,    Success,    Partial,     Failed,   SkipFail,     Probes,    Samples,      min,      p50,      p90,      p95,      p99,      max, 
       TotalPurchase,     181574,          0,          0,          0,     178445,     197050,      300,     2700,     4400,     5500,    40000,   193000,
     InStorePurchase,      95554,          0,          0,          0,      94143,     103524,      300,     2800,     4400,     5500,    40000,   193000,
      OnlinePurchase,      66924,          0,          0,          0,      65829,      72763,      300,     2600,     4400,     5500,    41000,   193000,
        InstPurchase,      19096,          0,          0,          0,      18473,      20763,      400,     2600,     4400,     5400,    38000,   193000,
          AssocOfCat,        189,          0,          0,          0,        136,        202,    19800,    28000,    34000,    38850,    63640,    72000,
      AssocOfProduct,       1905,          0,          0,          0,       1747,       2128,      400,     2600,     3900,     4655,    43710,   138000,
      BusinessReport,        478,          0,          0,          0,        385,        524,    19800,    32000,    42500,    55000,   164000,   207000,
          CustBuyBeh,       1916,          0,          0,          0,       1724,       2054,     1100,     3300,     4700,     5800,    43450,   141000,
       ProductReturn,       5070,          0,          0,          0,       4711,       5333,      400,     2700,     4600,     6000,    44000,   142000,

  2141s: (24%)   IR =   3321 ..[2144.375s][info][gc,start       ] GC(350) Pause Young (Concurrent Start) (G1 Evacuation Pause)
[2144.375s][info][gc,task        ] GC(350) Using 6 workers of 6 for evacuation
[2144.492s][info][gc,phases      ] GC(350)   Pre Evacuate Collection Set: 0.39ms
[2144.492s][info][gc,phases      ] GC(350)   Merge Heap Roots: 0.48ms
[2144.492s][info][gc,phases      ] GC(350)   Evacuate Collection Set: 115.57ms
[2144.492s][info][gc,phases      ] GC(350)   Post Evacuate Collection Set: 0.89ms
[2144.492s][info][gc,phases      ] GC(350)   Other: 0.12ms
[2144.492s][info][gc,heap        ] GC(350) Eden regions: 1120->0(1120)
[2144.492s][info][gc,heap        ] GC(350) Survivor regions: 108->108(154)
[2144.492s][info][gc,heap        ] GC(350) Old regions: 472->504
[2144.492s][info][gc,heap        ] GC(350) Humongous regions: 80->80
[2144.492s][info][gc,metaspace   ] GC(350) Metaspace: 28951K(29248K)->28951K(29248K) NonClass: 24068K(24192K)->24068K(24192K) Class: 4883K(5056K)->4883K(5056K)
[2144.492s][info][gc             ] GC(350) Pause Young (Concurrent Start) (G1 Evacuation Pause) 3557M->1383M(4096M) 117.573ms
[2144.492s][info][gc             ] GC(351) Concurrent Mark Cycle
[2144.492s][info][gc,marking     ] GC(351) Concurrent Scan Root Regions
[2144.492s][info][gc,cpu         ] GC(350) User=0.70s Sys=0.00s Real=0.12s
.[2144.603s][info][gc,marking     ] GC(351) Concurrent Scan Root Regions 111.095ms
[2144.603s][info][gc,marking     ] GC(351) Concurrent Mark
[2144.603s][info][gc,marking     ] GC(351) Concurrent Mark From Roots
[2144.603s][info][gc,task        ] GC(351) Using 2 workers of 2 for marking
[2145.133s][info][gc,marking     ] GC(351) Concurrent Mark From Roots 529.553ms
[2145.133s][info][gc,marking     ] GC(351) Concurrent Preclean
[2145.133s][info][gc,marking     ] GC(351) Concurrent Preclean 0.070ms
[2145.133s][info][gc,start       ] GC(351) Pause Remark
[2145.136s][info][gc             ] GC(351) Pause Remark 1663M->1663M(4096M) 2.664ms
[2145.136s][info][gc,cpu         ] GC(351) User=0.02s Sys=0.00s Real=0.00s
[2145.136s][info][gc,marking     ] GC(351) Concurrent Mark 532.514ms
[2145.136s][info][gc,marking     ] GC(351) Concurrent Rebuild Remembered Sets and Scrub Regions
[2145.346s][info][gc,marking     ] GC(351) Concurrent Rebuild Remembered Sets and Scrub Regions 210.071ms
[2145.346s][info][gc,start       ] GC(351) Pause Cleanup
[2145.346s][info][gc             ] GC(351) Pause Cleanup 1751M->1751M(4096M) 0.143ms
[2145.346s][info][gc,cpu         ] GC(351) User=0.00s Sys=0.00s Real=0.00s
[2145.346s][info][gc,marking     ] GC(351) Concurrent Clear Claimed Marks
[2145.346s][info][gc,marking     ] GC(351) Concurrent Clear Claimed Marks 0.032ms
[2145.346s][info][gc,marking     ] GC(351) Concurrent Cleanup for Next Mark
[2145.350s][info][gc,marking     ] GC(351) Concurrent Cleanup for Next Mark 3.671ms
[2145.350s][info][gc             ] GC(351) Concurrent Mark Cycle 857.925ms
..|...[2150.158s][info][gc,start       ] GC(352) Pause Young (Prepare Mixed) (G1 Evacuation Pause)
[2150.158s][info][gc,task        ] GC(352) Using 6 workers of 6 for evacuation
[2150.275s][info][gc,phases      ] GC(352)   Pre Evacuate Collection Set: 0.33ms
[2150.275s][info][gc,phases      ] GC(352)   Merge Heap Roots: 0.56ms
[2150.275s][info][gc,phases      ] GC(352)   Evacuate Collection Set: 114.80ms
[2150.275s][info][gc,phases      ] GC(352)   Post Evacuate Collection Set: 0.97ms
[2150.275s][info][gc,phases      ] GC(352)   Other: 0.10ms
[2150.275s][info][gc,heap        ] GC(352) Eden regions: 1120->0(1111)
[2150.275s][info][gc,heap        ] GC(352) Survivor regions: 108->109(154)
[2150.275s][info][gc,heap        ] GC(352) Old regions: 504->536
[2150.275s][info][gc,heap        ] GC(352) Humongous regions: 80->80
[2150.275s][info][gc,metaspace   ] GC(352) Metaspace: 28951K(29248K)->28951K(29248K) NonClass: 24068K(24192K)->24068K(24192K) Class: 4883K(5056K)->4883K(5056K)
[2150.275s][info][gc             ] GC(352) Pause Young (Prepare Mixed) (G1 Evacuation Pause) 3623M->1448M(4096M) 116.924ms
[2150.275s][info][gc,cpu         ] GC(352) User=0.70s Sys=0.00s Real=0.12s
......[2155.801s][info][gc,start       ] GC(353) Pause Young (Mixed) (G1 Evacuation Pause)
[2155.801s][info][gc,task        ] GC(353) Using 6 workers of 6 for evacuation
[2155.934s][info][gc,phases      ] GC(353)   Pre Evacuate Collection Set: 0.38ms
[2155.934s][info][gc,phases      ] GC(353)   Merge Heap Roots: 0.79ms
[2155.934s][info][gc,phases      ] GC(353)   Evacuate Collection Set: 131.37ms
[2155.934s][info][gc,phases      ] GC(353)   Post Evacuate Collection Set: 0.97ms
[2155.934s][info][gc,phases      ] GC(353)   Other: 0.11ms
[2155.934s][info][gc,heap        ] GC(353) Eden regions: 1111->0(1119)
[2155.934s][info][gc,heap        ] GC(353) Survivor regions: 109->109(153)
[2155.934s][info][gc,heap        ] GC(353) Old regions: 536->473
[2155.934s][info][gc,heap        ] GC(353) Humongous regions: 80->80
[2155.934s][info][gc,metaspace   ] GC(353) Metaspace: 28951K(29248K)->28951K(29248K) NonClass: 24068K(24192K)->24068K(24192K) Class: 4883K(5056K)->4883K(5056K)
[2155.934s][info][gc             ] GC(353) Pause Young (Mixed) (G1 Evacuation Pause) 3670M->1322M(4096M) 133.738ms
[2155.934s][info][gc,cpu         ] GC(353) User=0.80s Sys=0.00s Real=0.14s
......[2161.599s][info][gc,start       ] GC(354) Pause Young (Concurrent Start) (G1 Evacuation Pause)
[2161.599s][info][gc,task        ] GC(354) Using 6 workers of 6 for evacuation
[2161.718s][info][gc,phases      ] GC(354)   Pre Evacuate Collection Set: 0.41ms
[2161.718s][info][gc,phases      ] GC(354)   Merge Heap Roots: 0.52ms
[2161.718s][info][gc,phases      ] GC(354)   Evacuate Collection Set: 116.95ms
[2161.718s][info][gc,phases      ] GC(354)   Post Evacuate Collection Set: 0.91ms
[2161.718s][info][gc,phases      ] GC(354)   Other: 0.13ms
[2161.718s][info][gc,heap        ] GC(354) Eden regions: 1119->0(1117)
[2161.718s][info][gc,heap        ] GC(354) Survivor regions: 109->111(154)
[2161.718s][info][gc,heap        ] GC(354) Old regions: 473->505
[2161.718s][info][gc,heap        ] GC(354) Humongous regions: 80->80
[2161.718s][info][gc,metaspace   ] GC(354) Metaspace: 28951K(29248K)->28951K(29248K) NonClass: 24068K(24192K)->24068K(24192K) Class: 4883K(5056K)->4883K(5056K)
[2161.718s][info][gc             ] GC(354) Pause Young (Concurrent Start) (G1 Evacuation Pause) 3560M->1390M(4096M) 119.054ms
[2161.718s][info][gc             ] GC(355) Concurrent Mark Cycle
[2161.718s][info][gc,marking     ] GC(355) Concurrent Scan Root Regions
[2161.718s][info][gc,cpu         ] GC(354) User=0.71s Sys=0.00s Real=0.12s
[2161.856s][info][gc,marking     ] GC(355) Concurrent Scan Root Regions 138.435ms
[2161.856s][info][gc,marking     ] GC(355) Concurrent Mark
[2161.856s][info][gc,marking     ] GC(355) Concurrent Mark From Roots
[2161.856s][info][gc,task        ] GC(355) Using 2 workers of 2 for marking
[2162.456s][info][gc,marking     ] GC(355) Concurrent Mark From Roots 599.477ms
[2162.456s][info][gc,marking     ] GC(355) Concurrent Preclean
[2162.456s][info][gc,marking     ] GC(355) Concurrent Preclean 0.083ms
[2162.456s][info][gc,start       ] GC(355) Pause Remark
[2162.459s][info][gc             ] GC(355) Pause Remark 1751M->1751M(4096M) 2.908ms
[2162.459s][info][gc,cpu         ] GC(355) User=0.01s Sys=0.00s Real=0.00s
[2162.459s][info][gc,marking     ] GC(355) Concurrent Mark 603.024ms
[2162.459s][info][gc,marking     ] GC(355) Concurrent Rebuild Remembered Sets and Scrub Regions
.[2162.707s][info][gc,marking     ] GC(355) Concurrent Rebuild Remembered Sets and Scrub Regions 247.922ms
[2162.708s][info][gc,start       ] GC(355) Pause Cleanup
[2162.708s][info][gc             ] GC(355) Pause Cleanup 1847M->1847M(4096M) 0.116ms
[2162.708s][info][gc,cpu         ] GC(355) User=0.00s Sys=0.00s Real=0.00s
[2162.708s][info][gc,marking     ] GC(355) Concurrent Clear Claimed Marks
[2162.708s][info][gc,marking     ] GC(355) Concurrent Clear Claimed Marks 0.028ms
[2162.708s][info][gc,marking     ] GC(355) Concurrent Cleanup for Next Mark
[2162.711s][info][gc,marking     ] GC(355) Concurrent Cleanup for Next Mark 3.141ms
[2162.711s][info][gc             ] GC(355) Concurrent Mark Cycle 993.020ms
....[2167.314s][info][gc,start       ] GC(356) Pause Young (Prepare Mixed) (G1 Evacuation Pause)
[2167.315s][info][gc,task        ] GC(356) Using 6 workers of 6 for evacuation
[2167.431s][info][gc,phases      ] GC(356)   Pre Evacuate Collection Set: 0.36ms
[2167.431s][info][gc,phases      ] GC(356)   Merge Heap Roots: 0.57ms
[2167.431s][info][gc,phases      ] GC(356)   Evacuate Collection Set: 114.04ms
[2167.431s][info][gc,phases      ] GC(356)   Post Evacuate Collection Set: 0.94ms
[2167.431s][info][gc,phases      ] GC(356)   Other: 0.10ms
[2167.431s][info][gc,heap        ] GC(356) Eden regions: 1117->0(1108)
[2167.431s][info][gc,heap        ] GC(356) Survivor regions: 111->110(154)
[2167.431s][info][gc,heap        ] GC(356) Old regions: 505->537
[2167.431s][info][gc,heap        ] GC(356) Humongous regions: 80->80
[2167.431s][info][gc,metaspace   ] GC(356) Metaspace: 28951K(29248K)->28951K(29248K) NonClass: 24068K(24192K)->24068K(24192K) Class: 4883K(5056K)->4883K(5056K)
[2167.431s][info][gc             ] GC(356) Pause Young (Prepare Mixed) (G1 Evacuation Pause) 3624M->1452M(4096M) 116.143ms
[2167.431s][info][gc,cpu         ] GC(356) User=0.69s Sys=0.00s Real=0.11s
......[2172.937s][info][gc,start       ] GC(357) Pause Young (Mixed) (G1 Evacuation Pause)
[2172.937s][info][gc,task        ] GC(357) Using 6 workers of 6 for evacuation
[2173.067s][info][gc,phases      ] GC(357)   Pre Evacuate Collection Set: 0.37ms
[2173.067s][info][gc,phases      ] GC(357)   Merge Heap Roots: 0.70ms
[2173.067s][info][gc,phases      ] GC(357)   Evacuate Collection Set: 127.96ms
[2173.067s][info][gc,phases      ] GC(357)   Post Evacuate Collection Set: 0.96ms
[2173.067s][info][gc,phases      ] GC(357)   Other: 0.09ms
[2173.067s][info][gc,heap        ] GC(357) Eden regions: 1108->0(1119)
[2173.067s][info][gc,heap        ] GC(357) Survivor regions: 110->109(153)
[2173.067s][info][gc,heap        ] GC(357) Old regions: 537->471
[2173.067s][info][gc,heap        ] GC(357) Humongous regions: 80->80
[2173.067s][info][gc,metaspace   ] GC(357) Metaspace: 28951K(29248K)->28951K(29248K) NonClass: 24068K(24192K)->24068K(24192K) Class: 4883K(5056K)->4883K(5056K)
[2173.067s][info][gc             ] GC(357) Pause Young (Mixed) (G1 Evacuation Pause) 3668M->1318M(4096M) 130.219ms
[2173.067s][info][gc,cpu         ] GC(357) User=0.78s Sys=0.01s Real=0.13s
......[2178.720s][info][gc,start       ] GC(358) Pause Young (Concurrent Start) (G1 Evacuation Pause)
[2178.720s][info][gc,task        ] GC(358) Using 6 workers of 6 for evacuation
[2178.838s][info][gc,phases      ] GC(358)   Pre Evacuate Collection Set: 0.40ms
[2178.838s][info][gc,phases      ] GC(358)   Merge Heap Roots: 0.52ms
[2178.838s][info][gc,phases      ] GC(358)   Evacuate Collection Set: 115.36ms
[2178.838s][info][gc,phases      ] GC(358)   Post Evacuate Collection Set: 0.92ms
[2178.838s][info][gc,phases      ] GC(358)   Other: 0.09ms
[2178.838s][info][gc,heap        ] GC(358) Eden regions: 1119->0(1120)
[2178.838s][info][gc,heap        ] GC(358) Survivor regions: 109->108(154)
[2178.838s][info][gc,heap        ] GC(358) Old regions: 471->504
[2178.838s][info][gc,heap        ] GC(358) Humongous regions: 80->80
[2178.838s][info][gc,metaspace   ] GC(358) Metaspace: 28951K(29248K)->28951K(29248K) NonClass: 24068K(24192K)->24068K(24192K) Class: 4883K(5056K)->4883K(5056K)
[2178.838s][info][gc             ] GC(358) Pause Young (Concurrent Start) (G1 Evacuation Pause) 3556M->1382M(4096M) 117.449ms
[2178.838s][info][gc             ] GC(359) Concurrent Mark Cycle
[2178.838s][info][gc,marking     ] GC(359) Concurrent Scan Root Regions
[2178.838s][info][gc,cpu         ] GC(358) User=0.69s Sys=0.00s Real=0.12s
[2178.981s][info][gc,marking     ] GC(359) Concurrent Scan Root Regions 142.932ms
[2178.981s][info][gc,marking     ] GC(359) Concurrent Mark
[2178.981s][info][gc,marking     ] GC(359) Concurrent Mark From Roots
[2178.981s][info][gc,task        ] GC(359) Using 2 workers of 2 for marking
.[2179.613s][info][gc,marking     ] GC(359) Concurrent Mark From Roots 632.057ms
[2179.613s][info][gc,marking     ] GC(359) Concurrent Preclean
[2179.613s][info][gc,marking     ] GC(359) Concurrent Preclean 0.059ms
[2179.613s][info][gc,start       ] GC(359) Pause Remark
[2179.616s][info][gc             ] GC(359) Pause Remark 1796M->1796M(4096M) 3.067ms
[2179.616s][info][gc,cpu         ] GC(359) User=0.02s Sys=0.00s Real=0.00s
[2179.616s][info][gc,marking     ] GC(359) Concurrent Mark 635.405ms
[2179.616s][info][gc,marking     ] GC(359) Concurrent Rebuild Remembered Sets and Scrub Regions
[2179.861s][info][gc,marking     ] GC(359) Concurrent Rebuild Remembered Sets and Scrub Regions 244.685ms
[2179.861s][info][gc,start       ] GC(359) Pause Cleanup
[2179.861s][info][gc             ] GC(359) Pause Cleanup 1874M->1874M(4096M) 0.114ms
[2179.861s][info][gc,cpu         ] GC(359) User=0.00s Sys=0.00s Real=0.00s
[2179.861s][info][gc,marking     ] GC(359) Concurrent Clear Claimed Marks
[2179.861s][info][gc,marking     ] GC(359) Concurrent Clear Claimed Marks 0.036ms
[2179.861s][info][gc,marking     ] GC(359) Concurrent Cleanup for Next Mark
[2179.865s][info][gc,marking     ] GC(359) Concurrent Cleanup for Next Mark 3.465ms
[2179.865s][info][gc             ] GC(359) Concurrent Mark Cycle 1027.016ms
....[2184.406s][info][gc,start       ] GC(360) Pause Young (Prepare Mixed) (G1 Evacuation Pause)
[2184.406s][info][gc,task        ] GC(360) Using 6 workers of 6 for evacuation
[2184.521s][info][gc,phases      ] GC(360)   Pre Evacuate Collection Set: 0.34ms
[2184.521s][info][gc,phases      ] GC(360)   Merge Heap Roots: 0.52ms
[2184.521s][info][gc,phases      ] GC(360)   Evacuate Collection Set: 112.45ms
[2184.521s][info][gc,phases      ] GC(360)   Post Evacuate Collection Set: 0.95ms
[2184.521s][info][gc,phases      ] GC(360)   Other: 0.08ms
[2184.521s][info][gc,heap        ] GC(360) Eden regions: 1120->0(1113)
[2184.521s][info][gc,heap        ] GC(360) Survivor regions: 108->108(154)
[2184.521s][info][gc,heap        ] GC(360) Old regions: 504->536
[2184.521s][info][gc,heap        ] GC(360) Humongous regions: 80->80
[2184.521s][info][gc,metaspace   ] GC(360) Metaspace: 28951K(29248K)->28951K(29248K) NonClass: 24068K(24192K)->24068K(24192K) Class: 4883K(5056K)->4883K(5056K)
[2184.521s][info][gc             ] GC(360) Pause Young (Prepare Mixed) (G1 Evacuation Pause) 3622M->1445M(4096M) 114.455ms
[2184.521s][info][gc,cpu         ] GC(360) User=0.68s Sys=0.00s Real=0.11s
......[2189.989s][info][gc,start       ] GC(361) Pause Young (Mixed) (G1 Evacuation Pause)
[2189.989s][info][gc,task        ] GC(361) Using 6 workers of 6 for evacuation
[2190.125s][info][gc,phases      ] GC(361)   Pre Evacuate Collection Set: 0.40ms
[2190.125s][info][gc,phases      ] GC(361)   Merge Heap Roots: 0.77ms
[2190.125s][info][gc,phases      ] GC(361)   Evacuate Collection Set: 134.11ms
[2190.125s][info][gc,phases      ] GC(361)   Post Evacuate Collection Set: 0.98ms
[2190.125s][info][gc,phases      ] GC(361)   Other: 0.09ms
[2190.125s][info][gc,heap        ] GC(361) Eden regions: 1113->0(1118)
[2190.125s][info][gc,heap        ] GC(361) Survivor regions: 108->110(153)
[2190.125s][info][gc,heap        ] GC(361) Old regions: 536->473
[2190.125s][info][gc,heap        ] GC(361) Humongous regions: 80->80
[2190.125s][info][gc,metaspace   ] GC(361) Metaspace: 28951K(29248K)->28951K(29248K) NonClass: 24068K(24192K)->24068K(24192K) Class: 4883K(5056K)->4883K(5056K)
[2190.125s][info][gc             ] GC(361) Pause Young (Mixed) (G1 Evacuation Pause) 3671M->1324M(4096M) 136.482ms
[2190.125s][info][gc,cpu         ] GC(361) User=0.81s Sys=0.00s Real=0.14s
......[2195.749s][info][gc,start       ] GC(362) Pause Young (Concurrent Start) (G1 Evacuation Pause)
[2195.749s][info][gc,task        ] GC(362) Using 6 workers of 6 for evacuation
[2195.864s][info][gc,phases      ] GC(362)   Pre Evacuate Collection Set: 0.38ms
[2195.864s][info][gc,phases      ] GC(362)   Merge Heap Roots: 0.48ms
[2195.864s][info][gc,phases      ] GC(362)   Evacuate Collection Set: 112.93ms
[2195.864s][info][gc,phases      ] GC(362)   Post Evacuate Collection Set: 0.90ms
[2195.864s][info][gc,phases      ] GC(362)   Other: 0.10ms
[2195.864s][info][gc,heap        ] GC(362) Eden regions: 1118->0(1120)
[2195.864s][info][gc,heap        ] GC(362) Survivor regions: 110->108(154)
[2195.864s][info][gc,heap        ] GC(362) Old regions: 473->505
[2195.864s][info][gc,heap        ] GC(362) Humongous regions: 80->80
[2195.864s][info][gc,metaspace   ] GC(362) Metaspace: 28951K(29248K)->28951K(29248K) NonClass: 24068K(24192K)->24068K(24192K) Class: 4883K(5056K)->4883K(5056K)
[2195.864s][info][gc             ] GC(362) Pause Young (Concurrent Start) (G1 Evacuation Pause) 3560M->1384M(4096M) 114.942ms
[2195.864s][info][gc             ] GC(363) Concurrent Mark Cycle
[2195.864s][info][gc,marking     ] GC(363) Concurrent Scan Root Regions
[2195.864s][info][gc,cpu         ] GC(362) User=0.68s Sys=0.00s Real=0.12s
[2196.003s][info][gc,marking     ] GC(363) Concurrent Scan Root Regions 138.789ms
[2196.003s][info][gc,marking     ] GC(363) Concurrent Mark
[2196.003s][info][gc,marking     ] GC(363) Concurrent Mark From Roots
[2196.003s][info][gc,task        ] GC(363) Using 2 workers of 2 for marking
.[2196.600s][info][gc,marking     ] GC(363) Concurrent Mark From Roots 597.323ms
[2196.600s][info][gc,marking     ] GC(363) Concurrent Preclean
[2196.600s][info][gc,marking     ] GC(363) Concurrent Preclean 0.056ms
[2196.600s][info][gc,start       ] GC(363) Pause Remark
[2196.603s][info][gc             ] GC(363) Pause Remark 1753M->1753M(4096M) 2.655ms
[2196.603s][info][gc,cpu         ] GC(363) User=0.02s Sys=0.00s Real=0.01s
[2196.603s][info][gc,marking     ] GC(363) Concurrent Mark 600.292ms
[2196.603s][info][gc,marking     ] GC(363) Concurrent Rebuild Remembered Sets and Scrub Regions
[2196.808s][info][gc,marking     ] GC(363) Concurrent Rebuild Remembered Sets and Scrub Regions 205.149ms
[2196.809s][info][gc,start       ] GC(363) Pause Cleanup
[2196.809s][info][gc             ] GC(363) Pause Cleanup 1828M->1828M(4096M) 0.132ms
[2196.809s][info][gc,cpu         ] GC(363) User=0.00s Sys=0.00s Real=0.00s
[2196.809s][info][gc,marking     ] GC(363) Concurrent Clear Claimed Marks
[2196.809s][info][gc,marking     ] GC(363) Concurrent Clear Claimed Marks 0.036ms
[2196.809s][info][gc,marking     ] GC(363) Concurrent Cleanup for Next Mark
[2196.812s][info][gc,marking     ] GC(363) Concurrent Cleanup for Next Mark 3.322ms
[2196.812s][info][gc             ] GC(363) Concurrent Mark Cycle 948.583ms
....[2201.445s][info][gc,start       ] GC(364) Pause Young (Prepare Mixed) (G1 Evacuation Pause)
[2201.445s][info][gc,task        ] GC(364) Using 6 workers of 6 for evacuation
[2201.561s][info][gc,phases      ] GC(364)   Pre Evacuate Collection Set: 0.33ms
[2201.561s][info][gc,phases      ] GC(364)   Merge Heap Roots: 0.54ms
[2201.561s][info][gc,phases      ] GC(364)   Evacuate Collection Set: 113.60ms
[2201.561s][info][gc,phases      ] GC(364)   Post Evacuate Collection Set: 0.96ms
[2201.561s][info][gc,phases      ] GC(364)   Other: 0.09ms
[2201.561s][info][gc,heap        ] GC(364) Eden regions: 1120->0(1112)
[2201.561s][info][gc,heap        ] GC(364) Survivor regions: 108->108(154)
[2201.561s][info][gc,heap        ] GC(364) Old regions: 505->537
[2201.561s][info][gc,heap        ] GC(364) Humongous regions: 80->80
[2201.561s][info][gc,metaspace   ] GC(364) Metaspace: 28951K(29248K)->28951K(29248K) NonClass: 24068K(24192K)->24068K(24192K) Class: 4883K(5056K)->4883K(5056K)
[2201.561s][info][gc             ] GC(364) Pause Young (Prepare Mixed) (G1 Evacuation Pause) 3624M->1448M(4096M) 115.686ms
[2201.561s][info][gc,cpu         ] GC(364) User=0.69s Sys=0.00s Real=0.11s
...... (rIR:aIR:PR = 3321:3323:3323) (tPR = 49049) [OK] 
  2206s: Performance info:
         Transaction,    Success,    Partial,     Failed,   Receipts, AvgBarcode, 
             Overall,     199505,          0,          0,     189528,      59.47, 
         Response times:
             Request,    Success,    Partial,     Failed,   SkipFail,     Probes,    Samples,      min,      p50,      p90,      p95,      p99,      max, 
       TotalPurchase,     189528,          0,          0,          0,     185990,     201590,      300,     2700,     4500,     6100,    28000,   184000,
     InStorePurchase,      99791,          0,          0,          0,      98167,     105987,      300,     2700,     4500,     6100,    28000,   184000,
      OnlinePurchase,      69799,          0,          0,          0,      68555,      74402,      300,     2800,     4600,     6100,    28000,   179000,
        InstPurchase,      19938,          0,          0,          0,      19268,      21201,      400,     2700,     4500,     6000,    26000,   143000,
          AssocOfCat,        200,          0,          0,          0,        140,        219,    21000,    30000,    41000,    54000,    82200,   163000,
      AssocOfProduct,       1991,          0,          0,          0,       1831,       2179,      600,     2800,     4600,     6000,    30200,   197000,
      BusinessReport,        499,          0,          0,          0,        422,        551,    24000,    34000,    49800,    59400,   133200,   201000,
          CustBuyBeh,       2000,          0,          0,          0,       1764,       2033,      500,     3100,     4900,     8060,    35000,   140000,
       ProductReturn,       5287,          0,          0,          0,       5039,       5810,      300,     3600,     5200,     8000,    35000,   143000,

  2206s: (25%)   IR =   3459 [2207.063s][info][gc,start       ] GC(365) Pause Young (Mixed) (G1 Evacuation Pause)
[2207.063s][info][gc,task        ] GC(365) Using 6 workers of 6 for evacuation
[2207.197s][info][gc,phases      ] GC(365)   Pre Evacuate Collection Set: 0.44ms
[2207.197s][info][gc,phases      ] GC(365)   Merge Heap Roots: 0.94ms
[2207.197s][info][gc,phases      ] GC(365)   Evacuate Collection Set: 131.80ms
[2207.197s][info][gc,phases      ] GC(365)   Post Evacuate Collection Set: 1.02ms
[2207.197s][info][gc,phases      ] GC(365)   Other: 0.10ms
[2207.197s][info][gc,heap        ] GC(365) Eden regions: 1112->0(1119)
[2207.197s][info][gc,heap        ] GC(365) Survivor regions: 108->109(153)
[2207.197s][info][gc,heap        ] GC(365) Old regions: 537->472
[2207.197s][info][gc,heap        ] GC(365) Humongous regions: 80->80
[2207.197s][info][gc,metaspace   ] GC(365) Metaspace: 28951K(29248K)->28951K(29248K) NonClass: 24068K(24192K)->24068K(24192K) Class: 4883K(5056K)->4883K(5056K)
[2207.197s][info][gc             ] GC(365) Pause Young (Mixed) (G1 Evacuation Pause) 3672M->1321M(4096M) 134.470ms
[2207.197s][info][gc,cpu         ] GC(365) User=0.80s Sys=0.00s Real=0.13s
....|.[2212.571s][info][gc,start       ] GC(366) Pause Young (Concurrent Start) (G1 Evacuation Pause)
[2212.571s][info][gc,task        ] GC(366) Using 6 workers of 6 for evacuation
[2212.687s][info][gc,phases      ] GC(366)   Pre Evacuate Collection Set: 0.45ms
[2212.687s][info][gc,phases      ] GC(366)   Merge Heap Roots: 0.50ms
[2212.687s][info][gc,phases      ] GC(366)   Evacuate Collection Set: 114.15ms
[2212.687s][info][gc,phases      ] GC(366)   Post Evacuate Collection Set: 0.93ms
[2212.687s][info][gc,phases      ] GC(366)   Other: 0.11ms
[2212.687s][info][gc,heap        ] GC(366) Eden regions: 1119->0(1120)
[2212.687s][info][gc,heap        ] GC(366) Survivor regions: 109->108(154)
[2212.687s][info][gc,heap        ] GC(366) Old regions: 472->504
[2212.687s][info][gc,heap        ] GC(366) Humongous regions: 80->80
[2212.687s][info][gc,metaspace   ] GC(366) Metaspace: 28957K(29248K)->28957K(29248K) NonClass: 24073K(24192K)->24073K(24192K) Class: 4883K(5056K)->4883K(5056K)
[2212.687s][info][gc             ] GC(366) Pause Young (Concurrent Start) (G1 Evacuation Pause) 3559M->1381M(4096M) 116.275ms
[2212.687s][info][gc             ] GC(367) Concurrent Mark Cycle
[2212.687s][info][gc,marking     ] GC(367) Concurrent Scan Root Regions
[2212.687s][info][gc,cpu         ] GC(366) User=0.69s Sys=0.00s Real=0.11s
.[2212.852s][info][gc,marking     ] GC(367) Concurrent Scan Root Regions 164.517ms
[2212.852s][info][gc,marking     ] GC(367) Concurrent Mark
[2212.852s][info][gc,marking     ] GC(367) Concurrent Mark From Roots
[2212.852s][info][gc,task        ] GC(367) Using 2 workers of 2 for marking
[2213.525s][info][gc,marking     ] GC(367) Concurrent Mark From Roots 673.342ms
[2213.525s][info][gc,marking     ] GC(367) Concurrent Preclean
[2213.525s][info][gc,marking     ] GC(367) Concurrent Preclean 0.065ms
[2213.525s][info][gc,start       ] GC(367) Pause Remark
[2213.528s][info][gc             ] GC(367) Pause Remark 1785M->1785M(4096M) 2.833ms
[2213.528s][info][gc,cpu         ] GC(367) User=0.01s Sys=0.00s Real=0.00s
[2213.528s][info][gc,marking     ] GC(367) Concurrent Mark 676.488ms
[2213.528s][info][gc,marking     ] GC(367) Concurrent Rebuild Remembered Sets and Scrub Regions
.[2213.819s][info][gc,marking     ] GC(367) Concurrent Rebuild Remembered Sets and Scrub Regions 290.473ms
[2213.819s][info][gc,start       ] GC(367) Pause Cleanup
[2213.819s][info][gc             ] GC(367) Pause Cleanup 1898M->1898M(4096M) 0.121ms
[2213.819s][info][gc,cpu         ] GC(367) User=0.00s Sys=0.00s Real=0.00s
[2213.819s][info][gc,marking     ] GC(367) Concurrent Clear Claimed Marks
[2213.819s][info][gc,marking     ] GC(367) Concurrent Clear Claimed Marks 0.030ms
[2213.819s][info][gc,marking     ] GC(367) Concurrent Cleanup for Next Mark
[2213.823s][info][gc,marking     ] GC(367) Concurrent Cleanup for Next Mark 4.158ms
[2213.823s][info][gc             ] GC(367) Concurrent Mark Cycle 1136.128ms
....[2218.098s][info][gc,start       ] GC(368) Pause Young (Prepare Mixed) (G1 Evacuation Pause)
[2218.098s][info][gc,task        ] GC(368) Using 6 workers of 6 for evacuation
[2218.215s][info][gc,phases      ] GC(368)   Pre Evacuate Collection Set: 0.34ms
[2218.215s][info][gc,phases      ] GC(368)   Merge Heap Roots: 0.55ms
[2218.215s][info][gc,phases      ] GC(368)   Evacuate Collection Set: 114.71ms
[2218.215s][info][gc,phases      ] GC(368)   Post Evacuate Collection Set: 0.96ms
[2218.215s][info][gc,phases      ] GC(368)   Other: 0.09ms
[2218.215s][info][gc,heap        ] GC(368) Eden regions: 1120->0(1109)
[2218.215s][info][gc,heap        ] GC(368) Survivor regions: 108->110(154)
[2218.215s][info][gc,heap        ] GC(368) Old regions: 504->536
[2218.215s][info][gc,heap        ] GC(368) Humongous regions: 80->80
[2218.215s][info][gc,metaspace   ] GC(368) Metaspace: 28957K(29248K)->28957K(29248K) NonClass: 24073K(24192K)->24073K(24192K) Class: 4883K(5056K)->4883K(5056K)
[2218.215s][info][gc             ] GC(368) Pause Young (Prepare Mixed) (G1 Evacuation Pause) 3621M->1450M(4096M) 116.775ms
[2218.215s][info][gc,cpu         ] GC(368) User=0.69s Sys=0.00s Real=0.12s
.....[2223.489s][info][gc,start       ] GC(369) Pause Young (Mixed) (G1 Evacuation Pause)
[2223.489s][info][gc,task        ] GC(369) Using 6 workers of 6 for evacuation
[2223.618s][info][gc,phases      ] GC(369)   Pre Evacuate Collection Set: 0.46ms
[2223.618s][info][gc,phases      ] GC(369)   Merge Heap Roots: 0.79ms
[2223.618s][info][gc,phases      ] GC(369)   Evacuate Collection Set: 126.78ms
[2223.618s][info][gc,phases      ] GC(369)   Post Evacuate Collection Set: 0.95ms
[2223.618s][info][gc,phases      ] GC(369)   Other: 0.10ms
[2223.618s][info][gc,heap        ] GC(369) Eden regions: 1109->0(1121)
[2223.618s][info][gc,heap        ] GC(369) Survivor regions: 110->107(153)
[2223.618s][info][gc,heap        ] GC(369) Old regions: 536->472
[2223.618s][info][gc,heap        ] GC(369) Humongous regions: 80->80
[2223.618s][info][gc,metaspace   ] GC(369) Metaspace: 28957K(29248K)->28957K(29248K) NonClass: 24073K(24192K)->24073K(24192K) Class: 4883K(5056K)->4883K(5056K)
[2223.618s][info][gc             ] GC(369) Pause Young (Mixed) (G1 Evacuation Pause) 3668M->1316M(4096M) 129.209ms
[2223.618s][info][gc,cpu         ] GC(369) User=0.76s Sys=0.00s Real=0.13s
......[2228.963s][info][gc,start       ] GC(370) Pause Young (Concurrent Start) (G1 Evacuation Pause)
[2228.963s][info][gc,task        ] GC(370) Using 6 workers of 6 for evacuation
[2229.083s][info][gc,phases      ] GC(370)   Pre Evacuate Collection Set: 0.41ms
[2229.083s][info][gc,phases      ] GC(370)   Merge Heap Roots: 0.50ms
[2229.083s][info][gc,phases      ] GC(370)   Evacuate Collection Set: 118.20ms
[2229.083s][info][gc,phases      ] GC(370)   Post Evacuate Collection Set: 0.90ms
[2229.083s][info][gc,phases      ] GC(370)   Other: 0.13ms
[2229.083s][info][gc,heap        ] GC(370) Eden regions: 1121->0(1117)
[2229.083s][info][gc,heap        ] GC(370) Survivor regions: 107->111(154)
[2229.083s][info][gc,heap        ] GC(370) Old regions: 472->505
[2229.083s][info][gc,heap        ] GC(370) Humongous regions: 80->80
[2229.083s][info][gc,metaspace   ] GC(370) Metaspace: 28957K(29248K)->28957K(29248K) NonClass: 24073K(24192K)->24073K(24192K) Class: 4883K(5056K)->4883K(5056K)
[2229.083s][info][gc             ] GC(370) Pause Young (Concurrent Start) (G1 Evacuation Pause) 3558M->1390M(4096M) 120.282ms
[2229.083s][info][gc             ] GC(371) Concurrent Mark Cycle
[2229.083s][info][gc,marking     ] GC(371) Concurrent Scan Root Regions
[2229.083s][info][gc,cpu         ] GC(370) User=0.71s Sys=0.00s Real=0.12s
[2229.244s][info][gc,marking     ] GC(371) Concurrent Scan Root Regions 160.768ms
[2229.244s][info][gc,marking     ] GC(371) Concurrent Mark
[2229.244s][info][gc,marking     ] GC(371) Concurrent Mark From Roots
[2229.244s][info][gc,task        ] GC(371) Using 2 workers of 2 for marking
.[2229.943s][info][gc,marking     ] GC(371) Concurrent Mark From Roots 699.157ms
[2229.943s][info][gc,marking     ] GC(371) Concurrent Preclean
[2229.944s][info][gc,marking     ] GC(371) Concurrent Preclean 0.068ms
[2229.944s][info][gc,start       ] GC(371) Pause Remark
[2229.947s][info][gc             ] GC(371) Pause Remark 1815M->1815M(4096M) 3.008ms
[2229.947s][info][gc,cpu         ] GC(371) User=0.02s Sys=0.00s Real=0.00s
[2229.947s][info][gc,marking     ] GC(371) Concurrent Mark 702.509ms
[2229.947s][info][gc,marking     ] GC(371) Concurrent Rebuild Remembered Sets and Scrub Regions
[2230.181s][info][gc,marking     ] GC(371) Concurrent Rebuild Remembered Sets and Scrub Regions 234.262ms
[2230.181s][info][gc,start       ] GC(371) Pause Cleanup
[2230.181s][info][gc             ] GC(371) Pause Cleanup 1912M->1912M(4096M) 0.113ms
[2230.181s][info][gc,cpu         ] GC(371) User=0.00s Sys=0.00s Real=0.00s
[2230.181s][info][gc,marking     ] GC(371) Concurrent Clear Claimed Marks
[2230.181s][info][gc,marking     ] GC(371) Concurrent Clear Claimed Marks 0.030ms
[2230.181s][info][gc,marking     ] GC(371) Concurrent Cleanup for Next Mark
[2230.185s][info][gc,marking     ] GC(371) Concurrent Cleanup for Next Mark 3.225ms
[2230.185s][info][gc             ] GC(371) Concurrent Mark Cycle 1101.209ms
....[2234.351s][info][gc,start       ] GC(372) Pause Young (Prepare Mixed) (G1 Evacuation Pause)
[2234.351s][info][gc,task        ] GC(372) Using 6 workers of 6 for evacuation
[2234.466s][info][gc,phases      ] GC(372)   Pre Evacuate Collection Set: 0.36ms
[2234.466s][info][gc,phases      ] GC(372)   Merge Heap Roots: 0.58ms
[2234.466s][info][gc,phases      ] GC(372)   Evacuate Collection Set: 113.63ms
[2234.466s][info][gc,phases      ] GC(372)   Post Evacuate Collection Set: 0.94ms
[2234.466s][info][gc,phases      ] GC(372)   Other: 0.09ms
[2234.466s][info][gc,heap        ] GC(372) Eden regions: 1117->0(1113)
[2234.466s][info][gc,heap        ] GC(372) Survivor regions: 111->108(154)
[2234.466s][info][gc,heap        ] GC(372) Old regions: 505->536
[2234.466s][info][gc,heap        ] GC(372) Humongous regions: 80->80
[2234.466s][info][gc,metaspace   ] GC(372) Metaspace: 28957K(29248K)->28957K(29248K) NonClass: 24073K(24192K)->24073K(24192K) Class: 4883K(5056K)->4883K(5056K)
[2234.466s][info][gc             ] GC(372) Pause Young (Prepare Mixed) (G1 Evacuation Pause) 3624M->1446M(4096M) 115.718ms
[2234.466s][info][gc,cpu         ] GC(372) User=0.69s Sys=0.00s Real=0.12s
......[2239.811s][info][gc,start       ] GC(373) Pause Young (Mixed) (G1 Evacuation Pause)
[2239.811s][info][gc,task        ] GC(373) Using 6 workers of 6 for evacuation
[2239.943s][info][gc,phases      ] GC(373)   Pre Evacuate Collection Set: 0.41ms
[2239.943s][info][gc,phases      ] GC(373)   Merge Heap Roots: 0.81ms
[2239.943s][info][gc,phases      ] GC(373)   Evacuate Collection Set: 129.52ms
[2239.943s][info][gc,phases      ] GC(373)   Post Evacuate Collection Set: 0.96ms
[2239.943s][info][gc,phases      ] GC(373)   Other: 0.09ms
[2239.943s][info][gc,heap        ] GC(373) Eden regions: 1113->0(1120)
[2239.943s][info][gc,heap        ] GC(373) Survivor regions: 108->108(153)
[2239.943s][info][gc,heap        ] GC(373) Old regions: 536->473
[2239.943s][info][gc,heap        ] GC(373) Humongous regions: 80->80
[2239.943s][info][gc,metaspace   ] GC(373) Metaspace: 28957K(29248K)->28957K(29248K) NonClass: 24073K(24192K)->24073K(24192K) Class: 4883K(5056K)->4883K(5056K)
[2239.943s][info][gc             ] GC(373) Pause Young (Mixed) (G1 Evacuation Pause) 3672M->1320M(4096M) 131.935ms
[2239.943s][info][gc,cpu         ] GC(373) User=0.79s Sys=0.00s Real=0.13s
.....[2245.290s][info][gc,start       ] GC(374) Pause Young (Concurrent Start) (G1 Evacuation Pause)
[2245.290s][info][gc,task        ] GC(374) Using 6 workers of 6 for evacuation
[2245.410s][info][gc,phases      ] GC(374)   Pre Evacuate Collection Set: 0.39ms
[2245.410s][info][gc,phases      ] GC(374)   Merge Heap Roots: 0.61ms
[2245.410s][info][gc,phases      ] GC(374)   Evacuate Collection Set: 117.90ms
[2245.410s][info][gc,phases      ] GC(374)   Post Evacuate Collection Set: 0.91ms
[2245.410s][info][gc,phases      ] GC(374)   Other: 0.10ms
[2245.410s][info][gc,heap        ] GC(374) Eden regions: 1120->0(1115)
[2245.410s][info][gc,heap        ] GC(374) Survivor regions: 108->113(154)
[2245.410s][info][gc,heap        ] GC(374) Old regions: 473->504
[2245.410s][info][gc,heap        ] GC(374) Humongous regions: 80->80
[2245.410s][info][gc,metaspace   ] GC(374) Metaspace: 28957K(29248K)->28957K(29248K) NonClass: 24073K(24192K)->24073K(24192K) Class: 4883K(5056K)->4883K(5056K)
[2245.410s][info][gc             ] GC(374) Pause Young (Concurrent Start) (G1 Evacuation Pause) 3560M->1392M(4096M) 120.039ms
[2245.410s][info][gc             ] GC(375) Concurrent Mark Cycle
[2245.410s][info][gc,marking     ] GC(375) Concurrent Scan Root Regions
[2245.410s][info][gc,cpu         ] GC(374) User=0.71s Sys=0.00s Real=0.12s
[2245.567s][info][gc,marking     ] GC(375) Concurrent Scan Root Regions 157.526ms
[2245.567s][info][gc,marking     ] GC(375) Concurrent Mark
[2245.567s][info][gc,marking     ] GC(375) Concurrent Mark From Roots
[2245.567s][info][gc,task        ] GC(375) Using 2 workers of 2 for marking
.[2246.257s][info][gc,marking     ] GC(375) Concurrent Mark From Roots 689.713ms
[2246.257s][info][gc,marking     ] GC(375) Concurrent Preclean
[2246.257s][info][gc,marking     ] GC(375) Concurrent Preclean 0.056ms
[2246.257s][info][gc,start       ] GC(375) Pause Remark
[2246.260s][info][gc             ] GC(375) Pause Remark 1799M->1799M(4096M) 2.988ms
[2246.260s][info][gc,cpu         ] GC(375) User=0.02s Sys=0.00s Real=0.00s
[2246.260s][info][gc,marking     ] GC(375) Concurrent Mark 692.992ms
[2246.260s][info][gc,marking     ] GC(375) Concurrent Rebuild Remembered Sets and Scrub Regions
[2246.528s][info][gc,marking     ] GC(375) Concurrent Rebuild Remembered Sets and Scrub Regions 268.070ms
[2246.529s][info][gc,start       ] GC(375) Pause Cleanup
[2246.529s][info][gc             ] GC(375) Pause Cleanup 1948M->1948M(4096M) 0.135ms
[2246.529s][info][gc,cpu         ] GC(375) User=0.00s Sys=0.00s Real=0.00s
[2246.529s][info][gc,marking     ] GC(375) Concurrent Clear Claimed Marks
[2246.529s][info][gc,marking     ] GC(375) Concurrent Clear Claimed Marks 0.032ms
[2246.529s][info][gc,marking     ] GC(375) Concurrent Cleanup for Next Mark
[2246.534s][info][gc,marking     ] GC(375) Concurrent Cleanup for Next Mark 4.494ms
[2246.534s][info][gc             ] GC(375) Concurrent Mark Cycle 1123.923ms
....[2250.721s][info][gc,start       ] GC(376) Pause Young (Prepare Mixed) (G1 Evacuation Pause)
[2250.721s][info][gc,task        ] GC(376) Using 6 workers of 6 for evacuation
[2250.841s][info][gc,phases      ] GC(376)   Pre Evacuate Collection Set: 0.36ms
[2250.841s][info][gc,phases      ] GC(376)   Merge Heap Roots: 0.57ms
[2250.841s][info][gc,phases      ] GC(376)   Evacuate Collection Set: 118.46ms
[2250.841s][info][gc,phases      ] GC(376)   Post Evacuate Collection Set: 0.94ms
[2250.841s][info][gc,phases      ] GC(376)   Other: 0.08ms
[2250.841s][info][gc,heap        ] GC(376) Eden regions: 1115->0(1103)
[2250.841s][info][gc,heap        ] GC(376) Survivor regions: 113->113(154)
[2250.841s][info][gc,heap        ] GC(376) Old regions: 504->536
[2250.841s][info][gc,heap        ] GC(376) Humongous regions: 80->80
[2250.841s][info][gc,metaspace   ] GC(376) Metaspace: 28957K(29248K)->28957K(29248K) NonClass: 24073K(24192K)->24073K(24192K) Class: 4883K(5056K)->4883K(5056K)
[2250.841s][info][gc             ] GC(376) Pause Young (Prepare Mixed) (G1 Evacuation Pause) 3622M->1456M(4096M) 120.584ms
[2250.841s][info][gc,cpu         ] GC(376) User=0.72s Sys=0.00s Real=0.13s
......[2256.166s][info][gc,start       ] GC(377) Pause Young (Mixed) (G1 Evacuation Pause)
[2256.166s][info][gc,task        ] GC(377) Using 6 workers of 6 for evacuation
[2256.299s][info][gc,phases      ] GC(377)   Pre Evacuate Collection Set: 0.37ms
[2256.299s][info][gc,phases      ] GC(377)   Merge Heap Roots: 0.73ms
[2256.299s][info][gc,phases      ] GC(377)   Evacuate Collection Set: 131.28ms
[2256.299s][info][gc,phases      ] GC(377)   Post Evacuate Collection Set: 0.96ms
[2256.299s][info][gc,phases      ] GC(377)   Other: 0.09ms
[2256.299s][info][gc,heap        ] GC(377) Eden regions: 1103->0(1120)
[2256.299s][info][gc,heap        ] GC(377) Survivor regions: 113->108(152)
[2256.299s][info][gc,heap        ] GC(377) Old regions: 536->472
[2256.299s][info][gc,heap        ] GC(377) Humongous regions: 80->80
[2256.299s][info][gc,metaspace   ] GC(377) Metaspace: 28957K(29248K)->28957K(29248K) NonClass: 24073K(24192K)->24073K(24192K) Class: 4883K(5056K)->4883K(5056K)
[2256.299s][info][gc             ] GC(377) Pause Young (Mixed) (G1 Evacuation Pause) 3662M->1318M(4096M) 133.554ms
[2256.299s][info][gc,cpu         ] GC(377) User=0.79s Sys=0.00s Real=0.13s
.....[2261.644s][info][gc,start       ] GC(378) Pause Young (Concurrent Start) (G1 Evacuation Pause)
[2261.644s][info][gc,task        ] GC(378) Using 6 workers of 6 for evacuation
[2261.758s][info][gc,phases      ] GC(378)   Pre Evacuate Collection Set: 0.39ms
[2261.758s][info][gc,phases      ] GC(378)   Merge Heap Roots: 0.48ms
[2261.758s][info][gc,phases      ] GC(378)   Evacuate Collection Set: 112.59ms
[2261.758s][info][gc,phases      ] GC(378)   Post Evacuate Collection Set: 0.89ms
[2261.758s][info][gc,phases      ] GC(378)   Other: 0.11ms
[2261.758s][info][gc,heap        ] GC(378) Eden regions: 1120->0(1120)
[2261.758s][info][gc,heap        ] GC(378) Survivor regions: 108->108(154)
[2261.758s][info][gc,heap        ] GC(378) Old regions: 472->504
[2261.758s][info][gc,heap        ] GC(378) Humongous regions: 80->80
[2261.758s][info][gc,metaspace   ] GC(378) Metaspace: 28957K(29248K)->28957K(29248K) NonClass: 24073K(24192K)->24073K(24192K) Class: 4883K(5056K)->4883K(5056K)
[2261.758s][info][gc             ] GC(378) Pause Young (Concurrent Start) (G1 Evacuation Pause) 3558M->1382M(4096M) 114.590ms
[2261.758s][info][gc             ] GC(379) Concurrent Mark Cycle
[2261.758s][info][gc,marking     ] GC(379) Concurrent Scan Root Regions
[2261.758s][info][gc,cpu         ] GC(378) User=0.68s Sys=0.00s Real=0.11s
.[2261.922s][info][gc,marking     ] GC(379) Concurrent Scan Root Regions 163.380ms
[2261.922s][info][gc,marking     ] GC(379) Concurrent Mark
[2261.922s][info][gc,marking     ] GC(379) Concurrent Mark From Roots
[2261.922s][info][gc,task        ] GC(379) Using 2 workers of 2 for marking
[2262.623s][info][gc,marking     ] GC(379) Concurrent Mark From Roots 701.869ms
[2262.624s][info][gc,marking     ] GC(379) Concurrent Preclean
[2262.624s][info][gc,marking     ] GC(379) Concurrent Preclean 0.046ms
[2262.624s][info][gc,start       ] GC(379) Pause Remark
[2262.626s][info][gc             ] GC(379) Pause Remark 1822M->1822M(4096M) 2.638ms
[2262.626s][info][gc,cpu         ] GC(379) User=0.02s Sys=0.00s Real=0.00s
[2262.626s][info][gc,marking     ] GC(379) Concurrent Mark 704.839ms
[2262.626s][info][gc,marking     ] GC(379) Concurrent Rebuild Remembered Sets and Scrub Regions
.[2262.928s][info][gc,marking     ] GC(379) Concurrent Rebuild Remembered Sets and Scrub Regions 301.156ms
[2262.928s][info][gc,start       ] GC(379) Pause Cleanup
[2262.928s][info][gc             ] GC(379) Pause Cleanup 1936M->1936M(4096M) 0.124ms
[2262.928s][info][gc,cpu         ] GC(379) User=0.00s Sys=0.00s Real=0.00s
[2262.928s][info][gc,marking     ] GC(379) Concurrent Clear Claimed Marks
[2262.928s][info][gc,marking     ] GC(379) Concurrent Clear Claimed Marks 0.030ms
[2262.928s][info][gc,marking     ] GC(379) Concurrent Cleanup for Next Mark
[2262.931s][info][gc,marking     ] GC(379) Concurrent Cleanup for Next Mark 3.199ms
[2262.931s][info][gc             ] GC(379) Concurrent Mark Cycle 1173.087ms
....[2267.155s][info][gc,start       ] GC(380) Pause Young (Prepare Mixed) (G1 Evacuation Pause)
[2267.155s][info][gc,task        ] GC(380) Using 6 workers of 6 for evacuation
[2267.272s][info][gc,phases      ] GC(380)   Pre Evacuate Collection Set: 0.34ms
[2267.272s][info][gc,phases      ] GC(380)   Merge Heap Roots: 0.52ms
[2267.272s][info][gc,phases      ] GC(380)   Evacuate Collection Set: 115.08ms
[2267.272s][info][gc,phases      ] GC(380)   Post Evacuate Collection Set: 0.94ms
[2267.272s][info][gc,phases      ] GC(380)   Other: 0.09ms
[2267.272s][info][gc,heap        ] GC(380) Eden regions: 1120->0(1112)
[2267.272s][info][gc,heap        ] GC(380) Survivor regions: 108->109(154)
[2267.272s][info][gc,heap        ] GC(380) Old regions: 504->535
[2267.272s][info][gc,heap        ] GC(380) Humongous regions: 80->80
[2267.272s][info][gc,metaspace   ] GC(380) Metaspace: 28957K(29248K)->28957K(29248K) NonClass: 24073K(24192K)->24073K(24192K) Class: 4883K(5056K)->4883K(5056K)
[2267.272s][info][gc             ] GC(380) Pause Young (Prepare Mixed) (G1 Evacuation Pause) 3622M->1447M(4096M) 117.104ms
[2267.272s][info][gc,cpu         ] GC(380) User=0.69s Sys=0.00s Real=0.12s
.... (rIR:aIR:PR = 3459:3460:3460) (tPR = 51876) [OK] 
  2270s: Performance info:
         Transaction,    Success,    Partial,     Failed,   Receipts, AvgBarcode, 
             Overall,     208439,          0,          0,     198009,      59.48, 
         Response times:
             Request,    Success,    Partial,     Failed,   SkipFail,     Probes,    Samples,      min,      p50,      p90,      p95,      p99,      max, 
       TotalPurchase,     198010,          0,          0,          0,     194647,     208445,      300,     2900,     4800,     6300,    29000,   162000,
     InStorePurchase,     104199,          0,          0,          0,     102635,     109592,      300,     2900,     4800,     6300,    29000,   162000,
      OnlinePurchase,      72959,          0,          0,          0,      71842,      77050,      300,     2800,     4800,     6200,    29490,   141000,
        InstPurchase,      20852,          0,          0,          0,      20170,      21803,      400,     2800,     4800,     6400,    29000,   162000,
          AssocOfCat,        210,          0,          0,          0,        138,        188,    18500,    30000,    42000,    46550,   110260,   169000,
      AssocOfProduct,       2096,          0,          0,          0,       1867,       2120,      600,     3800,     5500,     7000,    30000,   162000,
      BusinessReport,        520,          0,          0,          0,        444,        557,    23000,    34000,    48200,    63400,   136180,   197000,
          CustBuyBeh,       2081,          0,          0,          0,       1881,       2158,      700,     3500,     5500,     7805,    42000,   138000,
       ProductReturn,       5523,          0,          0,          0,       5238,       5878,      300,     2400,     4500,     6000,    24000,   136000,

  2270s: (26%)   IR =   3598 .[2272.509s][info][gc,start       ] GC(381) Pause Young (Mixed) (G1 Evacuation Pause)
[2272.510s][info][gc,task        ] GC(381) Using 6 workers of 6 for evacuation
[2272.641s][info][gc,phases      ] GC(381)   Pre Evacuate Collection Set: 0.37ms
[2272.641s][info][gc,phases      ] GC(381)   Merge Heap Roots: 0.75ms
[2272.641s][info][gc,phases      ] GC(381)   Evacuate Collection Set: 129.07ms
[2272.641s][info][gc,phases      ] GC(381)   Post Evacuate Collection Set: 0.98ms
[2272.641s][info][gc,phases      ] GC(381)   Other: 0.09ms
[2272.641s][info][gc,heap        ] GC(381) Eden regions: 1112->0(1119)
[2272.641s][info][gc,heap        ] GC(381) Survivor regions: 109->109(153)
[2272.641s][info][gc,heap        ] GC(381) Old regions: 535->473
[2272.641s][info][gc,heap        ] GC(381) Humongous regions: 80->80
[2272.641s][info][gc,metaspace   ] GC(381) Metaspace: 28964K(29248K)->28964K(29248K) NonClass: 24080K(24192K)->24080K(24192K) Class: 4883K(5056K)->4883K(5056K)
[2272.641s][info][gc             ] GC(381) Pause Young (Mixed) (G1 Evacuation Pause) 3671M->1321M(4096M) 131.400ms
[2272.641s][info][gc,cpu         ] GC(381) User=0.78s Sys=0.00s Real=0.14s
....|.[2277.732s][info][gc,start       ] GC(382) Pause Young (Concurrent Start) (G1 Evacuation Pause)
[2277.732s][info][gc,task        ] GC(382) Using 6 workers of 6 for evacuation
[2277.849s][info][gc,phases      ] GC(382)   Pre Evacuate Collection Set: 0.38ms
[2277.849s][info][gc,phases      ] GC(382)   Merge Heap Roots: 0.50ms
[2277.849s][info][gc,phases      ] GC(382)   Evacuate Collection Set: 115.70ms
[2277.849s][info][gc,phases      ] GC(382)   Post Evacuate Collection Set: 0.93ms
[2277.849s][info][gc,phases      ] GC(382)   Other: 0.12ms
[2277.849s][info][gc,heap        ] GC(382) Eden regions: 1119->0(1119)
[2277.849s][info][gc,heap        ] GC(382) Survivor regions: 109->109(154)
[2277.849s][info][gc,heap        ] GC(382) Old regions: 473->506
[2277.849s][info][gc,heap        ] GC(382) Humongous regions: 80->80
[2277.849s][info][gc,metaspace   ] GC(382) Metaspace: 28964K(29248K)->28964K(29248K) NonClass: 24080K(24192K)->24080K(24192K) Class: 4883K(5056K)->4883K(5056K)
[2277.849s][info][gc             ] GC(382) Pause Young (Concurrent Start) (G1 Evacuation Pause) 3559M->1388M(4096M) 117.756ms
[2277.850s][info][gc             ] GC(383) Concurrent Mark Cycle
[2277.850s][info][gc,marking     ] GC(383) Concurrent Scan Root Regions
[2277.850s][info][gc,cpu         ] GC(382) User=0.70s Sys=0.00s Real=0.11s
.[2277.999s][info][gc,marking     ] GC(383) Concurrent Scan Root Regions 149.358ms
[2277.999s][info][gc,marking     ] GC(383) Concurrent Mark
[2277.999s][info][gc,marking     ] GC(383) Concurrent Mark From Roots
[2277.999s][info][gc,task        ] GC(383) Using 2 workers of 2 for marking
[2278.602s][info][gc,marking     ] GC(383) Concurrent Mark From Roots 602.983ms
[2278.602s][info][gc,marking     ] GC(383) Concurrent Preclean
[2278.602s][info][gc,marking     ] GC(383) Concurrent Preclean 0.050ms
[2278.602s][info][gc,start       ] GC(383) Pause Remark
[2278.605s][info][gc             ] GC(383) Pause Remark 1758M->1758M(4096M) 3.175ms
[2278.605s][info][gc,cpu         ] GC(383) User=0.02s Sys=0.00s Real=0.00s
[2278.605s][info][gc,marking     ] GC(383) Concurrent Mark 606.444ms
[2278.605s][info][gc,marking     ] GC(383) Concurrent Rebuild Remembered Sets and Scrub Regions
[2278.841s][info][gc,marking     ] GC(383) Concurrent Rebuild Remembered Sets and Scrub Regions 235.265ms
[2278.841s][info][gc,start       ] GC(383) Pause Cleanup
[2278.841s][info][gc             ] GC(383) Pause Cleanup 1872M->1872M(4096M) 0.133ms
[2278.841s][info][gc,cpu         ] GC(383) User=0.00s Sys=0.00s Real=0.00s
[2278.841s][info][gc,marking     ] GC(383) Concurrent Clear Claimed Marks
[2278.841s][info][gc,marking     ] GC(383) Concurrent Clear Claimed Marks 0.035ms
[2278.841s][info][gc,marking     ] GC(383) Concurrent Cleanup for Next Mark
[2278.846s][info][gc,marking     ] GC(383) Concurrent Cleanup for Next Mark 4.823ms
[2278.846s][info][gc             ] GC(383) Concurrent Mark Cycle 996.448ms
.....[2282.958s][info][gc,start       ] GC(384) Pause Young (Prepare Mixed) (G1 Evacuation Pause)
[2282.958s][info][gc,task        ] GC(384) Using 6 workers of 6 for evacuation
[2283.073s][info][gc,phases      ] GC(384)   Pre Evacuate Collection Set: 0.36ms
[2283.073s][info][gc,phases      ] GC(384)   Merge Heap Roots: 0.55ms
[2283.073s][info][gc,phases      ] GC(384)   Evacuate Collection Set: 113.70ms
[2283.073s][info][gc,phases      ] GC(384)   Post Evacuate Collection Set: 0.97ms
[2283.073s][info][gc,phases      ] GC(384)   Other: 0.10ms
[2283.073s][info][gc,heap        ] GC(384) Eden regions: 1119->0(1111)
[2283.073s][info][gc,heap        ] GC(384) Survivor regions: 109->108(154)
[2283.073s][info][gc,heap        ] GC(384) Old regions: 506->538
[2283.073s][info][gc,heap        ] GC(384) Humongous regions: 80->80
[2283.073s][info][gc,metaspace   ] GC(384) Metaspace: 28964K(29248K)->28964K(29248K) NonClass: 24080K(24192K)->24080K(24192K) Class: 4883K(5056K)->4883K(5056K)
[2283.074s][info][gc             ] GC(384) Pause Young (Prepare Mixed) (G1 Evacuation Pause) 3626M->1449M(4096M) 115.823ms
[2283.074s][info][gc,cpu         ] GC(384) User=0.69s Sys=0.00s Real=0.12s
.....[2288.183s][info][gc,start       ] GC(385) Pause Young (Mixed) (G1 Evacuation Pause)
[2288.183s][info][gc,task        ] GC(385) Using 6 workers of 6 for evacuation
[2288.319s][info][gc,phases      ] GC(385)   Pre Evacuate Collection Set: 0.37ms
[2288.319s][info][gc,phases      ] GC(385)   Merge Heap Roots: 0.75ms
[2288.319s][info][gc,phases      ] GC(385)   Evacuate Collection Set: 133.91ms
[2288.319s][info][gc,phases      ] GC(385)   Post Evacuate Collection Set: 0.95ms
[2288.319s][info][gc,phases      ] GC(385)   Other: 0.09ms
[2288.319s][info][gc,heap        ] GC(385) Eden regions: 1111->0(1116)
[2288.319s][info][gc,heap        ] GC(385) Survivor regions: 108->112(153)
[2288.319s][info][gc,heap        ] GC(385) Old regions: 538->472
[2288.319s][info][gc,heap        ] GC(385) Humongous regions: 80->80
[2288.319s][info][gc,metaspace   ] GC(385) Metaspace: 28964K(29248K)->28964K(29248K) NonClass: 24080K(24192K)->24080K(24192K) Class: 4883K(5056K)->4883K(5056K)
[2288.319s][info][gc             ] GC(385) Pause Young (Mixed) (G1 Evacuation Pause) 3671M->1326M(4096M) 136.199ms
[2288.319s][info][gc,cpu         ] GC(385) User=0.81s Sys=0.00s Real=0.13s
.....[2293.440s][info][gc,start       ] GC(386) Pause Young (Concurrent Start) (G1 Evacuation Pause)
[2293.440s][info][gc,task        ] GC(386) Using 6 workers of 6 for evacuation
[2293.554s][info][gc,phases      ] GC(386)   Pre Evacuate Collection Set: 0.42ms
[2293.554s][info][gc,phases      ] GC(386)   Merge Heap Roots: 0.52ms
[2293.554s][info][gc,phases      ] GC(386)   Evacuate Collection Set: 112.04ms
[2293.554s][info][gc,phases      ] GC(386)   Post Evacuate Collection Set: 0.88ms
[2293.554s][info][gc,phases      ] GC(386)   Other: 0.12ms
[2293.554s][info][gc,heap        ] GC(386) Eden regions: 1116->0(1121)
[2293.554s][info][gc,heap        ] GC(386) Survivor regions: 112->107(154)
[2293.554s][info][gc,heap        ] GC(386) Old regions: 472->504
[2293.554s][info][gc,heap        ] GC(386) Humongous regions: 80->80
[2293.554s][info][gc,metaspace   ] GC(386) Metaspace: 28964K(29248K)->28964K(29248K) NonClass: 24080K(24192K)->24080K(24192K) Class: 4883K(5056K)->4883K(5056K)
[2293.554s][info][gc             ] GC(386) Pause Young (Concurrent Start) (G1 Evacuation Pause) 3558M->1380M(4096M) 114.108ms
[2293.554s][info][gc             ] GC(387) Concurrent Mark Cycle
[2293.554s][info][gc,marking     ] GC(387) Concurrent Scan Root Regions
[2293.554s][info][gc,cpu         ] GC(386) User=0.68s Sys=0.00s Real=0.12s
[2293.732s][info][gc,marking     ] GC(387) Concurrent Scan Root Regions 178.379ms
[2293.733s][info][gc,marking     ] GC(387) Concurrent Mark
[2293.733s][info][gc,marking     ] GC(387) Concurrent Mark From Roots
[2293.733s][info][gc,task        ] GC(387) Using 2 workers of 2 for marking
.[2294.728s][info][gc,marking     ] GC(387) Concurrent Mark From Roots 995.233ms
[2294.728s][info][gc,marking     ] GC(387) Concurrent Preclean
[2294.728s][info][gc,marking     ] GC(387) Concurrent Preclean 0.056ms
[2294.728s][info][gc,start       ] GC(387) Pause Remark
[2294.731s][info][gc             ] GC(387) Pause Remark 1932M->1932M(4096M) 3.054ms
[2294.731s][info][gc,cpu         ] GC(387) User=0.02s Sys=0.00s Real=0.01s
[2294.731s][info][gc,marking     ] GC(387) Concurrent Mark 998.599ms
[2294.731s][info][gc,marking     ] GC(387) Concurrent Rebuild Remembered Sets and Scrub Regions
.[2295.084s][info][gc,marking     ] GC(387) Concurrent Rebuild Remembered Sets and Scrub Regions 353.150ms
[2295.084s][info][gc,start       ] GC(387) Pause Cleanup
[2295.085s][info][gc             ] GC(387) Pause Cleanup 2083M->2083M(4096M) 0.130ms
[2295.085s][info][gc,cpu         ] GC(387) User=0.00s Sys=0.00s Real=0.00s
[2295.085s][info][gc,marking     ] GC(387) Concurrent Clear Claimed Marks
[2295.085s][info][gc,marking     ] GC(387) Concurrent Clear Claimed Marks 0.029ms
[2295.085s][info][gc,marking     ] GC(387) Concurrent Cleanup for Next Mark
[2295.088s][info][gc,marking     ] GC(387) Concurrent Cleanup for Next Mark 3.287ms
[2295.088s][info][gc             ] GC(387) Concurrent Mark Cycle 1533.926ms
...[2298.722s][info][gc,start       ] GC(388) Pause Young (Prepare Mixed) (G1 Evacuation Pause)
[2298.723s][info][gc,task        ] GC(388) Using 6 workers of 6 for evacuation
[2298.842s][info][gc,phases      ] GC(388)   Pre Evacuate Collection Set: 0.35ms
[2298.842s][info][gc,phases      ] GC(388)   Merge Heap Roots: 0.69ms
[2298.842s][info][gc,phases      ] GC(388)   Evacuate Collection Set: 116.91ms
[2298.842s][info][gc,phases      ] GC(388)   Post Evacuate Collection Set: 0.98ms
[2298.842s][info][gc,phases      ] GC(388)   Other: 0.09ms
[2298.842s][info][gc,heap        ] GC(388) Eden regions: 1121->0(1110)
[2298.842s][info][gc,heap        ] GC(388) Survivor regions: 107->110(154)
[2298.842s][info][gc,heap        ] GC(388) Old regions: 504->535
[2298.842s][info][gc,heap        ] GC(388) Humongous regions: 80->80
[2298.842s][info][gc,metaspace   ] GC(388) Metaspace: 28964K(29248K)->28964K(29248K) NonClass: 24080K(24192K)->24080K(24192K) Class: 4883K(5056K)->4883K(5056K)
[2298.842s][info][gc             ] GC(388) Pause Young (Prepare Mixed) (G1 Evacuation Pause) 3622M->1449M(4096M) 119.161ms
[2298.842s][info][gc,cpu         ] GC(388) User=0.71s Sys=0.00s Real=0.12s
.....[2303.904s][info][gc,start       ] GC(389) Pause Young (Mixed) (G1 Evacuation Pause)
[2303.904s][info][gc,task        ] GC(389) Using 6 workers of 6 for evacuation
[2304.036s][info][gc,phases      ] GC(389)   Pre Evacuate Collection Set: 0.39ms
[2304.036s][info][gc,phases      ] GC(389)   Merge Heap Roots: 0.69ms
[2304.036s][info][gc,phases      ] GC(389)   Evacuate Collection Set: 129.56ms
[2304.036s][info][gc,phases      ] GC(389)   Post Evacuate Collection Set: 0.93ms
[2304.036s][info][gc,phases      ] GC(389)   Other: 0.10ms
[2304.036s][info][gc,heap        ] GC(389) Eden regions: 1110->0(1119)
[2304.036s][info][gc,heap        ] GC(389) Survivor regions: 110->109(153)
[2304.036s][info][gc,heap        ] GC(389) Old regions: 535->471
[2304.036s][info][gc,heap        ] GC(389) Humongous regions: 80->80
[2304.036s][info][gc,metaspace   ] GC(389) Metaspace: 28964K(29248K)->28964K(29248K) NonClass: 24080K(24192K)->24080K(24192K) Class: 4883K(5056K)->4883K(5056K)
[2304.036s][info][gc             ] GC(389) Pause Young (Mixed) (G1 Evacuation Pause) 3669M->1317M(4096M) 131.806ms
[2304.036s][info][gc,cpu         ] GC(389) User=0.79s Sys=0.00s Real=0.13s
......[2309.179s][info][gc,start       ] GC(390) Pause Young (Concurrent Start) (G1 Evacuation Pause)
[2309.179s][info][gc,task        ] GC(390) Using 6 workers of 6 for evacuation
[2309.297s][info][gc,phases      ] GC(390)   Pre Evacuate Collection Set: 0.42ms
[2309.297s][info][gc,phases      ] GC(390)   Merge Heap Roots: 0.53ms
[2309.297s][info][gc,phases      ] GC(390)   Evacuate Collection Set: 115.87ms
[2309.297s][info][gc,phases      ] GC(390)   Post Evacuate Collection Set: 0.91ms
[2309.297s][info][gc,phases      ] GC(390)   Other: 0.11ms
[2309.297s][info][gc,heap        ] GC(390) Eden regions: 1119->0(1119)
[2309.297s][info][gc,heap        ] GC(390) Survivor regions: 109->109(154)
[2309.297s][info][gc,heap        ] GC(390) Old regions: 471->503
[2309.297s][info][gc,heap        ] GC(390) Humongous regions: 80->80
[2309.297s][info][gc,metaspace   ] GC(390) Metaspace: 28964K(29248K)->28964K(29248K) NonClass: 24080K(24192K)->24080K(24192K) Class: 4883K(5056K)->4883K(5056K)
[2309.297s][info][gc             ] GC(390) Pause Young (Concurrent Start) (G1 Evacuation Pause) 3555M->1382M(4096M) 117.997ms
[2309.297s][info][gc             ] GC(391) Concurrent Mark Cycle
[2309.297s][info][gc,marking     ] GC(391) Concurrent Scan Root Regions
[2309.297s][info][gc,cpu         ] GC(390) User=0.70s Sys=0.00s Real=0.12s
[2309.475s][info][gc,marking     ] GC(391) Concurrent Scan Root Regions 177.476ms
[2309.475s][info][gc,marking     ] GC(391) Concurrent Mark
[2309.475s][info][gc,marking     ] GC(391) Concurrent Mark From Roots
[2309.475s][info][gc,task        ] GC(391) Using 2 workers of 2 for marking
.[2310.155s][info][gc,marking     ] GC(391) Concurrent Mark From Roots 679.672ms
[2310.155s][info][gc,marking     ] GC(391) Concurrent Preclean
[2310.155s][info][gc,marking     ] GC(391) Concurrent Preclean 0.055ms
[2310.155s][info][gc,start       ] GC(391) Pause Remark
[2310.158s][info][gc             ] GC(391) Pause Remark 1801M->1801M(4096M) 3.030ms
[2310.158s][info][gc,cpu         ] GC(391) User=0.01s Sys=0.00s Real=0.00s
[2310.158s][info][gc,marking     ] GC(391) Concurrent Mark 683.042ms
[2310.158s][info][gc,marking     ] GC(391) Concurrent Rebuild Remembered Sets and Scrub Regions
[2310.409s][info][gc,marking     ] GC(391) Concurrent Rebuild Remembered Sets and Scrub Regions 250.907ms
[2310.409s][info][gc,start       ] GC(391) Pause Cleanup
[2310.409s][info][gc             ] GC(391) Pause Cleanup 1913M->1913M(4096M) 0.116ms
[2310.409s][info][gc,cpu         ] GC(391) User=0.00s Sys=0.00s Real=0.00s
[2310.409s][info][gc,marking     ] GC(391) Concurrent Clear Claimed Marks
[2310.409s][info][gc,marking     ] GC(391) Concurrent Clear Claimed Marks 0.025ms
[2310.409s][info][gc,marking     ] GC(391) Concurrent Cleanup for Next Mark
[2310.412s][info][gc,marking     ] GC(391) Concurrent Cleanup for Next Mark 3.149ms
[2310.412s][info][gc             ] GC(391) Concurrent Mark Cycle 1114.971ms
....[2314.417s][info][gc,start       ] GC(392) Pause Young (Prepare Mixed) (G1 Evacuation Pause)
[2314.417s][info][gc,task        ] GC(392) Using 6 workers of 6 for evacuation
[2314.532s][info][gc,phases      ] GC(392)   Pre Evacuate Collection Set: 0.34ms
[2314.532s][info][gc,phases      ] GC(392)   Merge Heap Roots: 0.66ms
[2314.532s][info][gc,phases      ] GC(392)   Evacuate Collection Set: 113.39ms
[2314.532s][info][gc,phases      ] GC(392)   Post Evacuate Collection Set: 0.94ms
[2314.532s][info][gc,phases      ] GC(392)   Other: 0.08ms
[2314.532s][info][gc,heap        ] GC(392) Eden regions: 1119->0(1115)
[2314.532s][info][gc,heap        ] GC(392) Survivor regions: 109->108(154)
[2314.532s][info][gc,heap        ] GC(392) Old regions: 503->534
[2314.532s][info][gc,heap        ] GC(392) Humongous regions: 80->80
[2314.532s][info][gc,metaspace   ] GC(392) Metaspace: 28964K(29248K)->28964K(29248K) NonClass: 24080K(24192K)->24080K(24192K) Class: 4883K(5056K)->4883K(5056K)
[2314.532s][info][gc             ] GC(392) Pause Young (Prepare Mixed) (G1 Evacuation Pause) 3620M->1443M(4096M) 115.543ms
[2314.532s][info][gc,cpu         ] GC(392) User=0.68s Sys=0.00s Real=0.12s
.....[2319.700s][info][gc,start       ] GC(393) Pause Young (Mixed) (G1 Evacuation Pause)
[2319.701s][info][gc,task        ] GC(393) Using 6 workers of 6 for evacuation
[2319.832s][info][gc,phases      ] GC(393)   Pre Evacuate Collection Set: 0.39ms
[2319.832s][info][gc,phases      ] GC(393)   Merge Heap Roots: 0.67ms
[2319.832s][info][gc,phases      ] GC(393)   Evacuate Collection Set: 129.64ms
[2319.832s][info][gc,phases      ] GC(393)   Post Evacuate Collection Set: 1.00ms
[2319.832s][info][gc,phases      ] GC(393)   Other: 0.09ms
[2319.832s][info][gc,heap        ] GC(393) Eden regions: 1115->0(1120)
[2319.832s][info][gc,heap        ] GC(393) Survivor regions: 108->108(153)
[2319.832s][info][gc,heap        ] GC(393) Old regions: 534->470
[2319.832s][info][gc,heap        ] GC(393) Humongous regions: 80->80
[2319.832s][info][gc,metaspace   ] GC(393) Metaspace: 28964K(29248K)->28964K(29248K) NonClass: 24080K(24192K)->24080K(24192K) Class: 4883K(5056K)->4883K(5056K)
[2319.832s][info][gc             ] GC(393) Pause Young (Mixed) (G1 Evacuation Pause) 3673M->1315M(4096M) 131.939ms
[2319.832s][info][gc,cpu         ] GC(393) User=0.78s Sys=0.00s Real=0.14s
.....[2325.027s][info][gc,start       ] GC(394) Pause Young (Concurrent Start) (G1 Evacuation Pause)
[2325.027s][info][gc,task        ] GC(394) Using 6 workers of 6 for evacuation
[2325.142s][info][gc,phases      ] GC(394)   Pre Evacuate Collection Set: 0.44ms
[2325.142s][info][gc,phases      ] GC(394)   Merge Heap Roots: 0.52ms
[2325.142s][info][gc,phases      ] GC(394)   Evacuate Collection Set: 113.33ms
[2325.142s][info][gc,phases      ] GC(394)   Post Evacuate Collection Set: 0.93ms
[2325.142s][info][gc,phases      ] GC(394)   Other: 0.13ms
[2325.142s][info][gc,heap        ] GC(394) Eden regions: 1120->0(1118)
[2325.142s][info][gc,heap        ] GC(394) Survivor regions: 108->110(154)
[2325.142s][info][gc,heap        ] GC(394) Old regions: 470->502
[2325.142s][info][gc,heap        ] GC(394) Humongous regions: 80->80
[2325.142s][info][gc,metaspace   ] GC(394) Metaspace: 28964K(29248K)->28964K(29248K) NonClass: 24080K(24192K)->24080K(24192K) Class: 4883K(5056K)->4883K(5056K)
[2325.142s][info][gc             ] GC(394) Pause Young (Concurrent Start) (G1 Evacuation Pause) 3555M->1381M(4096M) 115.481ms
[2325.142s][info][gc             ] GC(395) Concurrent Mark Cycle
[2325.142s][info][gc,marking     ] GC(395) Concurrent Scan Root Regions
[2325.142s][info][gc,cpu         ] GC(394) User=0.68s Sys=0.00s Real=0.12s
.[2325.303s][info][gc,marking     ] GC(395) Concurrent Scan Root Regions 160.932ms
[2325.303s][info][gc,marking     ] GC(395) Concurrent Mark
[2325.303s][info][gc,marking     ] GC(395) Concurrent Mark From Roots
[2325.303s][info][gc,task        ] GC(395) Using 2 workers of 2 for marking
.[2326.251s][info][gc,marking     ] GC(395) Concurrent Mark From Roots 948.154ms
[2326.251s][info][gc,marking     ] GC(395) Concurrent Preclean
[2326.251s][info][gc,marking     ] GC(395) Concurrent Preclean 0.090ms
[2326.252s][info][gc,start       ] GC(395) Pause Remark
[2326.256s][info][gc             ] GC(395) Pause Remark 1926M->1926M(4096M) 3.518ms
[2326.256s][info][gc,cpu         ] GC(395) User=0.02s Sys=0.00s Real=0.00s
[2326.257s][info][gc,marking     ] GC(395) Concurrent Mark 953.573ms
[2326.257s][info][gc,marking     ] GC(395) Concurrent Rebuild Remembered Sets and Scrub Regions
[2326.479s][info][gc,marking     ] GC(395) Concurrent Rebuild Remembered Sets and Scrub Regions 221.833ms
[2326.479s][info][gc,start       ] GC(395) Pause Cleanup
[2326.479s][info][gc             ] GC(395) Pause Cleanup 2007M->2007M(4096M) 0.118ms
[2326.479s][info][gc,cpu         ] GC(395) User=0.00s Sys=0.00s Real=0.00s
[2326.479s][info][gc,marking     ] GC(395) Concurrent Clear Claimed Marks
[2326.479s][info][gc,marking     ] GC(395) Concurrent Clear Claimed Marks 0.031ms
[2326.479s][info][gc,marking     ] GC(395) Concurrent Cleanup for Next Mark
[2326.482s][info][gc,marking     ] GC(395) Concurrent Cleanup for Next Mark 3.144ms
[2326.482s][info][gc             ] GC(395) Concurrent Mark Cycle 1339.954ms
....[2330.187s][info][gc,start       ] GC(396) Pause Young (Prepare Mixed) (G1 Evacuation Pause)
[2330.187s][info][gc,task        ] GC(396) Using 6 workers of 6 for evacuation
[2330.305s][info][gc,phases      ] GC(396)   Pre Evacuate Collection Set: 0.36ms
[2330.305s][info][gc,phases      ] GC(396)   Merge Heap Roots: 0.54ms
[2330.305s][info][gc,phases      ] GC(396)   Evacuate Collection Set: 116.49ms
[2330.305s][info][gc,phases      ] GC(396)   Post Evacuate Collection Set: 0.97ms
[2330.305s][info][gc,phases      ] GC(396)   Other: 0.09ms
[2330.305s][info][gc,heap        ] GC(396) Eden regions: 1118->0(1109)
[2330.305s][info][gc,heap        ] GC(396) Survivor regions: 110->111(154)
[2330.305s][info][gc,heap        ] GC(396) Old regions: 502->534
[2330.305s][info][gc,heap        ] GC(396) Humongous regions: 80->80
[2330.305s][info][gc,metaspace   ] GC(396) Metaspace: 28964K(29248K)->28964K(29248K) NonClass: 24080K(24192K)->24080K(24192K) Class: 4883K(5056K)->4883K(5056K)
[2330.305s][info][gc             ] GC(396) Pause Young (Prepare Mixed) (G1 Evacuation Pause) 3617M->1448M(4096M) 118.595ms
[2330.305s][info][gc,cpu         ] GC(396) User=0.71s Sys=0.00s Real=0.12s
.....[2335.468s][info][gc,start       ] GC(397) Pause Young (Mixed) (G1 Evacuation Pause)
[2335.468s][info][gc,task        ] GC(397) Using 6 workers of 6 for evacuation
[2335.599s][info][gc,phases      ] GC(397)   Pre Evacuate Collection Set: 0.41ms
[2335.599s][info][gc,phases      ] GC(397)   Merge Heap Roots: 0.76ms
[2335.599s][info][gc,phases      ] GC(397)   Evacuate Collection Set: 128.78ms
[2335.599s][info][gc,phases      ] GC(397)   Post Evacuate Collection Set: 0.95ms
[2335.599s][info][gc,phases      ] GC(397)   Other: 0.09ms
[2335.599s][info][gc,heap        ] GC(397) Eden regions: 1109->0(1121)
[2335.599s][info][gc,heap        ] GC(397) Survivor regions: 111->107(153)
[2335.599s][info][gc,heap        ] GC(397) Old regions: 534->472
[2335.599s][info][gc,heap        ] GC(397) Humongous regions: 80->80
[2335.599s][info][gc,metaspace   ] GC(397) Metaspace: 28964K(29248K)->28964K(29248K) NonClass: 24080K(24192K)->24080K(24192K) Class: 4883K(5056K)->4883K(5056K)
[2335.599s][info][gc             ] GC(397) Pause Young (Mixed) (G1 Evacuation Pause) 3666M->1316M(4096M) 131.120ms
[2335.599s][info][gc,cpu         ] GC(397) User=0.78s Sys=0.00s Real=0.13s
. (rIR:aIR:PR = 3598:3598:3598) (tPR = 53719) [OK] 
  2335s: Performance info:
         Transaction,    Success,    Partial,     Failed,   Receipts, AvgBarcode, 
             Overall,     216829,          0,          0,     205978,      59.47, 
         Response times:
             Request,    Success,    Partial,     Failed,   SkipFail,     Probes,    Samples,      min,      p50,      p90,      p95,      p99,      max, 
       TotalPurchase,     205978,          0,          0,          0,     202119,     220247,      300,     3000,     5100,     7000,    32000,   209000,
     InStorePurchase,     108406,          0,          0,          0,     106450,     115749,      300,     3000,     5100,     7000,    33000,   167000,
      OnlinePurchase,      75903,          0,          0,          0,      74719,      81570,      300,     2900,     5100,     6900,    31000,   209000,
        InstPurchase,      21669,          0,          0,          0,      20950,      22928,      400,     3400,     5500,     7700,    38000,   158000,
          AssocOfCat,        217,          0,          0,          0,        159,        235,    21000,    30000,    42400,    52200,   141520,   173000,
      AssocOfProduct,       2173,          0,          0,          0,       1991,       2344,      800,     3300,     5400,     8200,    41100,   158000,
      BusinessReport,        541,          0,          0,          0,        441,        556,    23000,    34000,    51000,    60000,   164590,   209000,
          CustBuyBeh,       2171,          0,          0,          0,       1969,       2279,     1400,     3900,     6400,     9200,    45200,   142000,
       ProductReturn,       5749,          0,          0,          0,       5468,       6125,      200,     2600,     4900,     6600,    31000,   160000,

  2335s: (27%)   IR =   3736 ....[2340.588s][info][gc,start       ] GC(398) Pause Young (Concurrent Start) (G1 Evacuation Pause)
[2340.588s][info][gc,task        ] GC(398) Using 6 workers of 6 for evacuation
[2340.708s][info][gc,phases      ] GC(398)   Pre Evacuate Collection Set: 0.39ms
[2340.708s][info][gc,phases      ] GC(398)   Merge Heap Roots: 0.50ms
[2340.708s][info][gc,phases      ] GC(398)   Evacuate Collection Set: 118.05ms
[2340.708s][info][gc,phases      ] GC(398)   Post Evacuate Collection Set: 0.91ms
[2340.708s][info][gc,phases      ] GC(398)   Other: 0.11ms
[2340.708s][info][gc,heap        ] GC(398) Eden regions: 1121->0(1116)
[2340.708s][info][gc,heap        ] GC(398) Survivor regions: 107->112(154)
[2340.708s][info][gc,heap        ] GC(398) Old regions: 472->503
[2340.708s][info][gc,heap        ] GC(398) Humongous regions: 80->80
[2340.708s][info][gc,metaspace   ] GC(398) Metaspace: 28964K(29248K)->28964K(29248K) NonClass: 24080K(24192K)->24080K(24192K) Class: 4883K(5056K)->4883K(5056K)
[2340.708s][info][gc             ] GC(398) Pause Young (Concurrent Start) (G1 Evacuation Pause) 3558M->1388M(4096M) 120.103ms
[2340.708s][info][gc             ] GC(399) Concurrent Mark Cycle
[2340.708s][info][gc,marking     ] GC(399) Concurrent Scan Root Regions
[2340.708s][info][gc,cpu         ] GC(398) User=0.72s Sys=0.00s Real=0.12s
[2340.856s][info][gc,marking     ] GC(399) Concurrent Scan Root Regions 147.550ms
[2340.856s][info][gc,marking     ] GC(399) Concurrent Mark
[2340.856s][info][gc,marking     ] GC(399) Concurrent Mark From Roots
[2340.856s][info][gc,task        ] GC(399) Using 2 workers of 2 for marking
.[2341.465s][info][gc,marking     ] GC(399) Concurrent Mark From Roots 608.999ms
[2341.465s][info][gc,marking     ] GC(399) Concurrent Preclean
[2341.465s][info][gc,marking     ] GC(399) Concurrent Preclean 0.058ms
[2341.465s][info][gc,start       ] GC(399) Pause Remark
[2341.468s][info][gc             ] GC(399) Pause Remark 1792M->1792M(4096M) 2.931ms
[2341.468s][info][gc,cpu         ] GC(399) User=0.01s Sys=0.00s Real=0.00s
[2341.468s][info][gc,marking     ] GC(399) Concurrent Mark 612.239ms
[2341.468s][info][gc,marking     ] GC(399) Concurrent Rebuild Remembered Sets and Scrub Regions
[2341.750s][info][gc,marking     ] GC(399) Concurrent Rebuild Remembered Sets and Scrub Regions 281.846ms
[2341.750s][info][gc,start       ] GC(399) Pause Cleanup
[2341.750s][info][gc             ] GC(399) Pause Cleanup 1922M->1922M(4096M) 0.117ms
[2341.750s][info][gc,cpu         ] GC(399) User=0.00s Sys=0.00s Real=0.00s
[2341.750s][info][gc,marking     ] GC(399) Concurrent Clear Claimed Marks
[2341.751s][info][gc,marking     ] GC(399) Concurrent Clear Claimed Marks 0.029ms
[2341.751s][info][gc,marking     ] GC(399) Concurrent Cleanup for Next Mark
[2341.754s][info][gc,marking     ] GC(399) Concurrent Cleanup for Next Mark 3.461ms
[2341.754s][info][gc             ] GC(399) Concurrent Mark Cycle 1045.593ms
.|...[2345.618s][info][gc,start       ] GC(400) Pause Young (Prepare Mixed) (G1 Evacuation Pause)
[2345.618s][info][gc,task        ] GC(400) Using 6 workers of 6 for evacuation
[2345.738s][info][gc,phases      ] GC(400)   Pre Evacuate Collection Set: 0.37ms
[2345.738s][info][gc,phases      ] GC(400)   Merge Heap Roots: 0.53ms
[2345.738s][info][gc,phases      ] GC(400)   Evacuate Collection Set: 117.40ms
[2345.738s][info][gc,phases      ] GC(400)   Post Evacuate Collection Set: 0.99ms
[2345.738s][info][gc,phases      ] GC(400)   Other: 0.11ms
[2345.738s][info][gc,heap        ] GC(400) Eden regions: 1116->0(1112)
[2345.738s][info][gc,heap        ] GC(400) Survivor regions: 112->109(154)
[2345.738s][info][gc,heap        ] GC(400) Old regions: 503->535
[2345.738s][info][gc,heap        ] GC(400) Humongous regions: 80->80
[2345.738s][info][gc,metaspace   ] GC(400) Metaspace: 28964K(29248K)->28964K(29248K) NonClass: 24080K(24192K)->24080K(24192K) Class: 4883K(5056K)->4883K(5056K)
[2345.738s][info][gc             ] GC(400) Pause Young (Prepare Mixed) (G1 Evacuation Pause) 3620M->1447M(4096M) 119.541ms
[2345.738s][info][gc,cpu         ] GC(400) User=0.71s Sys=0.00s Real=0.12s
.....[2350.588s][info][gc,start       ] GC(401) Pause Young (Mixed) (G1 Evacuation Pause)
[2350.588s][info][gc,task        ] GC(401) Using 6 workers of 6 for evacuation
[2350.718s][info][gc,phases      ] GC(401)   Pre Evacuate Collection Set: 0.41ms
[2350.718s][info][gc,phases      ] GC(401)   Merge Heap Roots: 0.75ms
[2350.718s][info][gc,phases      ] GC(401)   Evacuate Collection Set: 128.44ms
[2350.718s][info][gc,phases      ] GC(401)   Post Evacuate Collection Set: 0.95ms
[2350.718s][info][gc,phases      ] GC(401)   Other: 0.09ms
[2350.718s][info][gc,heap        ] GC(401) Eden regions: 1112->0(1121)
[2350.718s][info][gc,heap        ] GC(401) Survivor regions: 109->107(153)
[2350.718s][info][gc,heap        ] GC(401) Old regions: 535->471
[2350.718s][info][gc,heap        ] GC(401) Humongous regions: 80->80
[2350.718s][info][gc,metaspace   ] GC(401) Metaspace: 28964K(29248K)->28964K(29248K) NonClass: 24080K(24192K)->24080K(24192K) Class: 4883K(5056K)->4883K(5056K)
[2350.718s][info][gc             ] GC(401) Pause Young (Mixed) (G1 Evacuation Pause) 3671M->1313M(4096M) 130.777ms
[2350.718s][info][gc,cpu         ] GC(401) User=0.78s Sys=0.00s Real=0.13s
.....[2355.722s][info][gc,start       ] GC(402) Pause Young (Concurrent Start) (G1 Evacuation Pause)
[2355.722s][info][gc,task        ] GC(402) Using 6 workers of 6 for evacuation
[2355.837s][info][gc,phases      ] GC(402)   Pre Evacuate Collection Set: 0.38ms
[2355.837s][info][gc,phases      ] GC(402)   Merge Heap Roots: 0.50ms
[2355.837s][info][gc,phases      ] GC(402)   Evacuate Collection Set: 113.32ms
[2355.837s][info][gc,phases      ] GC(402)   Post Evacuate Collection Set: 0.89ms
[2355.837s][info][gc,phases      ] GC(402)   Other: 0.10ms
[2355.837s][info][gc,heap        ] GC(402) Eden regions: 1121->0(1120)
[2355.837s][info][gc,heap        ] GC(402) Survivor regions: 107->108(154)
[2355.837s][info][gc,heap        ] GC(402) Old regions: 471->502
[2355.837s][info][gc,heap        ] GC(402) Humongous regions: 80->80
[2355.837s][info][gc,metaspace   ] GC(402) Metaspace: 28964K(29248K)->28964K(29248K) NonClass: 24080K(24192K)->24080K(24192K) Class: 4883K(5056K)->4883K(5056K)
[2355.837s][info][gc             ] GC(402) Pause Young (Concurrent Start) (G1 Evacuation Pause) 3555M->1379M(4096M) 115.318ms
[2355.837s][info][gc             ] GC(403) Concurrent Mark Cycle
[2355.837s][info][gc,marking     ] GC(403) Concurrent Scan Root Regions
[2355.837s][info][gc,cpu         ] GC(402) User=0.69s Sys=0.00s Real=0.11s
[2355.977s][info][gc,marking     ] GC(403) Concurrent Scan Root Regions 139.342ms
[2355.977s][info][gc,marking     ] GC(403) Concurrent Mark
[2355.977s][info][gc,marking     ] GC(403) Concurrent Mark From Roots
[2355.977s][info][gc,task        ] GC(403) Using 2 workers of 2 for marking
.[2356.575s][info][gc,marking     ] GC(403) Concurrent Mark From Roots 598.590ms
[2356.575s][info][gc,marking     ] GC(403) Concurrent Preclean
[2356.575s][info][gc,marking     ] GC(403) Concurrent Preclean 0.055ms
[2356.575s][info][gc,start       ] GC(403) Pause Remark
[2356.578s][info][gc             ] GC(403) Pause Remark 1757M->1757M(4096M) 2.808ms
[2356.578s][info][gc,cpu         ] GC(403) User=0.02s Sys=0.00s Real=0.00s
[2356.578s][info][gc,marking     ] GC(403) Concurrent Mark 601.739ms
[2356.578s][info][gc,marking     ] GC(403) Concurrent Rebuild Remembered Sets and Scrub Regions
[2356.829s][info][gc,marking     ] GC(403) Concurrent Rebuild Remembered Sets and Scrub Regions 250.914ms
[2356.830s][info][gc,start       ] GC(403) Pause Cleanup
[2356.830s][info][gc             ] GC(403) Pause Cleanup 1877M->1877M(4096M) 0.124ms
[2356.830s][info][gc,cpu         ] GC(403) User=0.00s Sys=0.00s Real=0.00s
[2356.830s][info][gc,marking     ] GC(403) Concurrent Clear Claimed Marks
[2356.830s][info][gc,marking     ] GC(403) Concurrent Clear Claimed Marks 0.037ms
[2356.830s][info][gc,marking     ] GC(403) Concurrent Cleanup for Next Mark
[2356.833s][info][gc,marking     ] GC(403) Concurrent Cleanup for Next Mark 3.472ms
[2356.833s][info][gc             ] GC(403) Concurrent Mark Cycle 996.121ms
....[2360.776s][info][gc,start       ] GC(404) Pause Young (Prepare Mixed) (G1 Evacuation Pause)
[2360.776s][info][gc,task        ] GC(404) Using 6 workers of 6 for evacuation
[2360.893s][info][gc,phases      ] GC(404)   Pre Evacuate Collection Set: 0.35ms
[2360.893s][info][gc,phases      ] GC(404)   Merge Heap Roots: 0.55ms
[2360.893s][info][gc,phases      ] GC(404)   Evacuate Collection Set: 114.37ms
[2360.893s][info][gc,phases      ] GC(404)   Post Evacuate Collection Set: 0.96ms
[2360.893s][info][gc,phases      ] GC(404)   Other: 0.09ms
[2360.893s][info][gc,heap        ] GC(404) Eden regions: 1120->0(1114)
[2360.893s][info][gc,heap        ] GC(404) Survivor regions: 108->109(154)
[2360.893s][info][gc,heap        ] GC(404) Old regions: 502->533
[2360.893s][info][gc,heap        ] GC(404) Humongous regions: 80->80
[2360.893s][info][gc,metaspace   ] GC(404) Metaspace: 28964K(29248K)->28964K(29248K) NonClass: 24080K(24192K)->24080K(24192K) Class: 4883K(5056K)->4883K(5056K)
[2360.893s][info][gc             ] GC(404) Pause Young (Prepare Mixed) (G1 Evacuation Pause) 3619M->1443M(4096M) 116.455ms
[2360.893s][info][gc,cpu         ] GC(404) User=0.70s Sys=0.00s Real=0.12s
.....[2365.802s][info][gc,start       ] GC(405) Pause Young (Mixed) (G1 Evacuation Pause)
[2365.802s][info][gc,task        ] GC(405) Using 6 workers of 6 for evacuation
[2365.939s][info][gc,phases      ] GC(405)   Pre Evacuate Collection Set: 0.41ms
[2365.939s][info][gc,phases      ] GC(405)   Merge Heap Roots: 0.82ms
[2365.939s][info][gc,phases      ] GC(405)   Evacuate Collection Set: 134.18ms
[2365.939s][info][gc,phases      ] GC(405)   Post Evacuate Collection Set: 0.98ms
[2365.939s][info][gc,phases      ] GC(405)   Other: 0.09ms
[2365.939s][info][gc,heap        ] GC(405) Eden regions: 1114->0(1119)
[2365.939s][info][gc,heap        ] GC(405) Survivor regions: 109->109(153)
[2365.939s][info][gc,heap        ] GC(405) Old regions: 533->472
[2365.939s][info][gc,heap        ] GC(405) Humongous regions: 80->80
[2365.939s][info][gc,metaspace   ] GC(405) Metaspace: 28964K(29248K)->28964K(29248K) NonClass: 24080K(24192K)->24080K(24192K) Class: 4883K(5056K)->4883K(5056K)
[2365.939s][info][gc             ] GC(405) Pause Young (Mixed) (G1 Evacuation Pause) 3671M->1320M(4096M) 136.635ms
[2365.939s][info][gc,cpu         ] GC(405) User=0.81s Sys=0.00s Real=0.13s
.....[2370.860s][info][gc,start       ] GC(406) Pause Young (Concurrent Start) (G1 Evacuation Pause)
[2370.860s][info][gc,task        ] GC(406) Using 6 workers of 6 for evacuation
[2370.981s][info][gc,phases      ] GC(406)   Pre Evacuate Collection Set: 0.38ms
[2370.981s][info][gc,phases      ] GC(406)   Merge Heap Roots: 0.47ms
[2370.981s][info][gc,phases      ] GC(406)   Evacuate Collection Set: 119.01ms
[2370.981s][info][gc,phases      ] GC(406)   Post Evacuate Collection Set: 0.89ms
[2370.981s][info][gc,phases      ] GC(406)   Other: 0.11ms
[2370.981s][info][gc,heap        ] GC(406) Eden regions: 1119->0(1115)
[2370.981s][info][gc,heap        ] GC(406) Survivor regions: 109->113(154)
[2370.981s][info][gc,heap        ] GC(406) Old regions: 472->503
[2370.981s][info][gc,heap        ] GC(406) Humongous regions: 80->80
[2370.981s][info][gc,metaspace   ] GC(406) Metaspace: 28964K(29248K)->28964K(29248K) NonClass: 24080K(24192K)->24080K(24192K) Class: 4883K(5056K)->4883K(5056K)
[2370.981s][info][gc             ] GC(406) Pause Young (Concurrent Start) (G1 Evacuation Pause) 3558M->1389M(4096M) 121.004ms
[2370.981s][info][gc             ] GC(407) Concurrent Mark Cycle
[2370.981s][info][gc,marking     ] GC(407) Concurrent Scan Root Regions
[2370.982s][info][gc,cpu         ] GC(406) User=0.72s Sys=0.00s Real=0.13s
[2371.159s][info][gc,marking     ] GC(407) Concurrent Scan Root Regions 177.371ms
[2371.159s][info][gc,marking     ] GC(407) Concurrent Mark
[2371.159s][info][gc,marking     ] GC(407) Concurrent Mark From Roots
[2371.159s][info][gc,task        ] GC(407) Using 2 workers of 2 for marking
.[2372.109s][info][gc,marking     ] GC(407) Concurrent Mark From Roots 950.520ms
[2372.110s][info][gc,marking     ] GC(407) Concurrent Preclean
[2372.110s][info][gc,marking     ] GC(407) Concurrent Preclean 0.050ms
[2372.110s][info][gc,start       ] GC(407) Pause Remark
[2372.113s][info][gc             ] GC(407) Pause Remark 1920M->1920M(4096M) 3.089ms
[2372.113s][info][gc,cpu         ] GC(407) User=0.01s Sys=0.00s Real=0.01s
[2372.113s][info][gc,marking     ] GC(407) Concurrent Mark 953.910ms
[2372.113s][info][gc,marking     ] GC(407) Concurrent Rebuild Remembered Sets and Scrub Regions
.[2372.466s][info][gc,marking     ] GC(407) Concurrent Rebuild Remembered Sets and Scrub Regions 353.470ms
[2372.466s][info][gc,start       ] GC(407) Pause Cleanup
[2372.467s][info][gc             ] GC(407) Pause Cleanup 2081M->2081M(4096M) 0.126ms
[2372.467s][info][gc,cpu         ] GC(407) User=0.00s Sys=0.00s Real=0.00s
[2372.467s][info][gc,marking     ] GC(407) Concurrent Clear Claimed Marks
[2372.467s][info][gc,marking     ] GC(407) Concurrent Clear Claimed Marks 0.034ms
[2372.467s][info][gc,marking     ] GC(407) Concurrent Cleanup for Next Mark
[2372.470s][info][gc,marking     ] GC(407) Concurrent Cleanup for Next Mark 3.321ms
[2372.470s][info][gc             ] GC(407) Concurrent Mark Cycle 1488.591ms
...[2375.955s][info][gc,start       ] GC(408) Pause Young (Prepare Mixed) (G1 Evacuation Pause)
[2375.955s][info][gc,task        ] GC(408) Using 6 workers of 6 for evacuation
[2376.071s][info][gc,phases      ] GC(408)   Pre Evacuate Collection Set: 0.34ms
[2376.071s][info][gc,phases      ] GC(408)   Merge Heap Roots: 0.55ms
[2376.071s][info][gc,phases      ] GC(408)   Evacuate Collection Set: 113.86ms
[2376.071s][info][gc,phases      ] GC(408)   Post Evacuate Collection Set: 0.94ms
[2376.071s][info][gc,phases      ] GC(408)   Other: 0.09ms
[2376.071s][info][gc,heap        ] GC(408) Eden regions: 1115->0(1115)
[2376.071s][info][gc,heap        ] GC(408) Survivor regions: 113->108(154)
[2376.071s][info][gc,heap        ] GC(408) Old regions: 503->534
[2376.071s][info][gc,heap        ] GC(408) Humongous regions: 80->80
[2376.071s][info][gc,metaspace   ] GC(408) Metaspace: 28964K(29248K)->28964K(29248K) NonClass: 24080K(24192K)->24080K(24192K) Class: 4883K(5056K)->4883K(5056K)
[2376.071s][info][gc             ] GC(408) Pause Young (Prepare Mixed) (G1 Evacuation Pause) 3619M->1443M(4096M) 115.906ms
[2376.071s][info][gc,cpu         ] GC(408) User=0.69s Sys=0.00s Real=0.12s
.....[2380.958s][info][gc,start       ] GC(409) Pause Young (Mixed) (G1 Evacuation Pause)
[2380.958s][info][gc,task        ] GC(409) Using 6 workers of 6 for evacuation
[2381.093s][info][gc,phases      ] GC(409)   Pre Evacuate Collection Set: 0.37ms
[2381.093s][info][gc,phases      ] GC(409)   Merge Heap Roots: 0.70ms
[2381.093s][info][gc,phases      ] GC(409)   Evacuate Collection Set: 132.73ms
[2381.093s][info][gc,phases      ] GC(409)   Post Evacuate Collection Set: 0.96ms
[2381.093s][info][gc,phases      ] GC(409)   Other: 0.09ms
[2381.093s][info][gc,heap        ] GC(409) Eden regions: 1115->0(1117)
[2381.093s][info][gc,heap        ] GC(409) Survivor regions: 108->111(153)
[2381.093s][info][gc,heap        ] GC(409) Old regions: 534->471
[2381.093s][info][gc,heap        ] GC(409) Humongous regions: 80->80
[2381.093s][info][gc,metaspace   ] GC(409) Metaspace: 28964K(29248K)->28964K(29248K) NonClass: 24080K(24192K)->24080K(24192K) Class: 4883K(5056K)->4883K(5056K)
[2381.093s][info][gc             ] GC(409) Pause Young (Mixed) (G1 Evacuation Pause) 3673M->1323M(4096M) 134.979ms
[2381.093s][info][gc,cpu         ] GC(409) User=0.81s Sys=0.00s Real=0.14s
.....[2386.036s][info][gc,start       ] GC(410) Pause Young (Concurrent Start) (G1 Evacuation Pause)
[2386.036s][info][gc,task        ] GC(410) Using 6 workers of 6 for evacuation
[2386.152s][info][gc,phases      ] GC(410)   Pre Evacuate Collection Set: 0.43ms
[2386.152s][info][gc,phases      ] GC(410)   Merge Heap Roots: 0.47ms
[2386.152s][info][gc,phases      ] GC(410)   Evacuate Collection Set: 114.15ms
[2386.152s][info][gc,phases      ] GC(410)   Post Evacuate Collection Set: 0.90ms
[2386.152s][info][gc,phases      ] GC(410)   Other: 0.10ms
[2386.152s][info][gc,heap        ] GC(410) Eden regions: 1117->0(1120)
[2386.152s][info][gc,heap        ] GC(410) Survivor regions: 111->108(154)
[2386.152s][info][gc,heap        ] GC(410) Old regions: 471->503
[2386.152s][info][gc,heap        ] GC(410) Humongous regions: 80->80
[2386.152s][info][gc,metaspace   ] GC(410) Metaspace: 28964K(29248K)->28964K(29248K) NonClass: 24080K(24192K)->24080K(24192K) Class: 4883K(5056K)->4883K(5056K)
[2386.152s][info][gc             ] GC(410) Pause Young (Concurrent Start) (G1 Evacuation Pause) 3557M->1380M(4096M) 116.181ms
[2386.152s][info][gc             ] GC(411) Concurrent Mark Cycle
[2386.152s][info][gc,marking     ] GC(411) Concurrent Scan Root Regions
[2386.152s][info][gc,cpu         ] GC(410) User=0.69s Sys=0.00s Real=0.12s
.[2386.311s][info][gc,marking     ] GC(411) Concurrent Scan Root Regions 158.442ms
[2386.311s][info][gc,marking     ] GC(411) Concurrent Mark
[2386.311s][info][gc,marking     ] GC(411) Concurrent Mark From Roots
[2386.311s][info][gc,task        ] GC(411) Using 2 workers of 2 for marking
[2387.016s][info][gc,marking     ] GC(411) Concurrent Mark From Roots 705.119ms
[2387.016s][info][gc,marking     ] GC(411) Concurrent Preclean
[2387.016s][info][gc,marking     ] GC(411) Concurrent Preclean 0.082ms
[2387.016s][info][gc,start       ] GC(411) Pause Remark
[2387.019s][info][gc             ] GC(411) Pause Remark 1817M->1817M(4096M) 3.023ms
[2387.019s][info][gc,cpu         ] GC(411) User=0.01s Sys=0.00s Real=0.00s
[2387.020s][info][gc,marking     ] GC(411) Concurrent Mark 708.552ms
[2387.020s][info][gc,marking     ] GC(411) Concurrent Rebuild Remembered Sets and Scrub Regions
.[2387.266s][info][gc,marking     ] GC(411) Concurrent Rebuild Remembered Sets and Scrub Regions 246.277ms
[2387.266s][info][gc,start       ] GC(411) Pause Cleanup
[2387.266s][info][gc             ] GC(411) Pause Cleanup 1917M->1917M(4096M) 0.136ms
[2387.266s][info][gc,cpu         ] GC(411) User=0.00s Sys=0.00s Real=0.00s
[2387.266s][info][gc,marking     ] GC(411) Concurrent Clear Claimed Marks
[2387.266s][info][gc,marking     ] GC(411) Concurrent Clear Claimed Marks 0.028ms
[2387.266s][info][gc,marking     ] GC(411) Concurrent Cleanup for Next Mark
[2387.270s][info][gc,marking     ] GC(411) Concurrent Cleanup for Next Mark 3.487ms
[2387.270s][info][gc             ] GC(411) Concurrent Mark Cycle 1117.221ms
...[2391.114s][info][gc,start       ] GC(412) Pause Young (Prepare Mixed) (G1 Evacuation Pause)
[2391.114s][info][gc,task        ] GC(412) Using 6 workers of 6 for evacuation
[2391.230s][info][gc,phases      ] GC(412)   Pre Evacuate Collection Set: 0.36ms
[2391.230s][info][gc,phases      ] GC(412)   Merge Heap Roots: 0.59ms
[2391.230s][info][gc,phases      ] GC(412)   Evacuate Collection Set: 114.77ms
[2391.230s][info][gc,phases      ] GC(412)   Post Evacuate Collection Set: 0.97ms
[2391.230s][info][gc,phases      ] GC(412)   Other: 0.09ms
[2391.230s][info][gc,heap        ] GC(412) Eden regions: 1120->0(1113)
[2391.230s][info][gc,heap        ] GC(412) Survivor regions: 108->109(154)
[2391.230s][info][gc,heap        ] GC(412) Old regions: 503->534
[2391.230s][info][gc,heap        ] GC(412) Humongous regions: 80->80
[2391.230s][info][gc,metaspace   ] GC(412) Metaspace: 28964K(29248K)->28964K(29248K) NonClass: 24080K(24192K)->24080K(24192K) Class: 4883K(5056K)->4883K(5056K)
[2391.230s][info][gc             ] GC(412) Pause Young (Prepare Mixed) (G1 Evacuation Pause) 3620M->1444M(4096M) 116.914ms
[2391.230s][info][gc,cpu         ] GC(412) User=0.69s Sys=0.00s Real=0.11s
.....[2396.157s][info][gc,start       ] GC(413) Pause Young (Mixed) (G1 Evacuation Pause)
[2396.157s][info][gc,task        ] GC(413) Using 6 workers of 6 for evacuation
[2396.288s][info][gc,phases      ] GC(413)   Pre Evacuate Collection Set: 0.40ms
[2396.288s][info][gc,phases      ] GC(413)   Merge Heap Roots: 0.73ms
[2396.288s][info][gc,phases      ] GC(413)   Evacuate Collection Set: 129.44ms
[2396.288s][info][gc,phases      ] GC(413)   Post Evacuate Collection Set: 0.94ms
[2396.288s][info][gc,phases      ] GC(413)   Other: 0.09ms
[2396.288s][info][gc,heap        ] GC(413) Eden regions: 1113->0(1118)
[2396.288s][info][gc,heap        ] GC(413) Survivor regions: 109->110(153)
[2396.288s][info][gc,heap        ] GC(413) Old regions: 534->473
[2396.288s][info][gc,heap        ] GC(413) Humongous regions: 80->80
[2396.288s][info][gc,metaspace   ] GC(413) Metaspace: 28964K(29248K)->28964K(29248K) NonClass: 24080K(24192K)->24080K(24192K) Class: 4883K(5056K)->4883K(5056K)
[2396.288s][info][gc             ] GC(413) Pause Young (Mixed) (G1 Evacuation Pause) 3670M->1323M(4096M) 131.757ms
[2396.288s][info][gc,cpu         ] GC(413) User=0.78s Sys=0.00s Real=0.13s
.....[2401.260s][info][gc,start       ] GC(414) Pause Young (Concurrent Start) (G1 Evacuation Pause)
[2401.260s][info][gc,task        ] GC(414) Using 6 workers of 6 for evacuation
[2401.378s][info][gc,phases      ] GC(414)   Pre Evacuate Collection Set: 0.43ms
[2401.378s][info][gc,phases      ] GC(414)   Merge Heap Roots: 0.56ms
[2401.378s][info][gc,phases      ] GC(414)   Evacuate Collection Set: 115.52ms
[2401.378s][info][gc,phases      ] GC(414)   Post Evacuate Collection Set: 0.92ms
[2401.378s][info][gc,phases      ] GC(414)   Other: 0.13ms
[2401.378s][info][gc,heap        ] GC(414) Eden regions: 1118->0(1117)
[2401.378s][info][gc,heap        ] GC(414) Survivor regions: 110->111(154)
[2401.378s][info][gc,heap        ] GC(414) Old regions: 473->505
[2401.378s][info][gc,heap        ] GC(414) Humongous regions: 80->80
[2401.378s][info][gc,metaspace   ] GC(414) Metaspace: 28964K(29248K)->28964K(29248K) NonClass: 24080K(24192K)->24080K(24192K) Class: 4883K(5056K)->4883K(5056K)
[2401.378s][info][gc             ] GC(414) Pause Young (Concurrent Start) (G1 Evacuation Pause) 3559M->1390M(4096M) 117.706ms
[2401.378s][info][gc             ] GC(415) Concurrent Mark Cycle
[2401.378s][info][gc,marking     ] GC(415) Concurrent Scan Root Regions
[2401.378s][info][gc,cpu         ] GC(414) User=0.70s Sys=0.00s Real=0.12s
.[2401.541s][info][gc,marking     ] GC(415) Concurrent Scan Root Regions 163.477ms
[2401.541s][info][gc,marking     ] GC(415) Concurrent Mark
[2401.541s][info][gc,marking     ] GC(415) Concurrent Mark From Roots
[2401.541s][info][gc,task        ] GC(415) Using 2 workers of 2 for marking
[2402.197s][info][gc,marking     ] GC(415) Concurrent Mark From Roots 655.735ms
[2402.197s][info][gc,marking     ] GC(415) Concurrent Preclean
[2402.197s][info][gc,marking     ] GC(415) Concurrent Preclean 0.037ms
[2402.197s][info][gc,start       ] GC(415) Pause Remark
[2402.200s][info][gc             ] GC(415) Pause Remark 1784M->1784M(4096M) 2.854ms
[2402.200s][info][gc,cpu         ] GC(415) User=0.02s Sys=0.00s Real=0.00s
[2402.200s][info][gc,marking     ] GC(415) Concurrent Mark 658.861ms
[2402.200s][info][gc,marking     ] GC(415) Concurrent Rebuild Remembered Sets and Scrub Regions
. (rIR:aIR:PR = 3736:3737:3737) (tPR = 55284) [OK] 
  2402s: Performance info:
         Transaction,    Success,    Partial,     Failed,   Receipts, AvgBarcode, 
             Overall,     224942,          0,          0,     213692,      59.48, 
         Response times:
             Request,    Success,    Partial,     Failed,   SkipFail,     Probes,    Samples,      min,      p50,      p90,      p95,      p99,      max, 
       TotalPurchase,     213796,          0,          0,          0,     209769,     231409,      300,     3100,     5300,     7100,    35000,   235000,
     InStorePurchase,     112588,          0,          0,          0,     110671,     121896,      300,     3100,     5300,     7100,    36000,   222000,
      OnlinePurchase,      78722,          0,          0,          0,      77211,      85034,      300,     3200,     5400,     7300,    36000,   235000,
        InstPurchase,      22486,          0,          0,          0,      21887,      24479,      300,     2700,     5100,     6700,    31200,   199000,
          AssocOfCat,        222,          0,          0,          0,        176,        272,    19800,    32000,    45000,    58350,    82270,   154000,
      AssocOfProduct,       2252,          0,          0,          0,       2086,       2478,      500,     3200,     4900,     6205,    32000,   144000,
      BusinessReport,        561,          0,          0,          0,        465,        608,    25000,    36000,    53000,    68550,   165040,   243000,
          CustBuyBeh,       2251,          0,          0,          0,       2082,       2488,      100,     3700,     5800,     7755,    43000,   141000,
       ProductReturn,       5970,          0,          0,          0,       5672,       6467,      200,     2900,     5100,     7000,    38000,   140000,

  2402s: (28%)   IR =   3874 [2402.464s][info][gc,marking     ] GC(415) Concurrent Rebuild Remembered Sets and Scrub Regions 263.902ms
[2402.464s][info][gc,start       ] GC(415) Pause Cleanup
[2402.464s][info][gc             ] GC(415) Pause Cleanup 1913M->1913M(4096M) 0.112ms
[2402.464s][info][gc,cpu         ] GC(415) User=0.00s Sys=0.00s Real=0.00s
[2402.464s][info][gc,marking     ] GC(415) Concurrent Clear Claimed Marks
[2402.464s][info][gc,marking     ] GC(415) Concurrent Clear Claimed Marks 0.032ms
[2402.464s][info][gc,marking     ] GC(415) Concurrent Cleanup for Next Mark
[2402.468s][info][gc,marking     ] GC(415) Concurrent Cleanup for Next Mark 3.128ms
[2402.468s][info][gc             ] GC(415) Concurrent Mark Cycle 1089.815ms
...[2406.232s][info][gc,start       ] GC(416) Pause Young (Prepare Mixed) (G1 Evacuation Pause)
[2406.232s][info][gc,task        ] GC(416) Using 6 workers of 6 for evacuation
[2406.349s][info][gc,phases      ] GC(416)   Pre Evacuate Collection Set: 0.35ms
[2406.349s][info][gc,phases      ] GC(416)   Merge Heap Roots: 0.54ms
[2406.349s][info][gc,phases      ] GC(416)   Evacuate Collection Set: 115.48ms
[2406.349s][info][gc,phases      ] GC(416)   Post Evacuate Collection Set: 0.94ms
[2406.349s][info][gc,phases      ] GC(416)   Other: 0.09ms
[2406.349s][info][gc,heap        ] GC(416) Eden regions: 1117->0(1106)
[2406.349s][info][gc,heap        ] GC(416) Survivor regions: 111->111(154)
[2406.349s][info][gc,heap        ] GC(416) Old regions: 505->537
[2406.349s][info][gc,heap        ] GC(416) Humongous regions: 80->80
[2406.349s][info][gc,metaspace   ] GC(416) Metaspace: 28964K(29248K)->28964K(29248K) NonClass: 24080K(24192K)->24080K(24192K) Class: 4883K(5056K)->4883K(5056K)
[2406.349s][info][gc             ] GC(416) Pause Young (Prepare Mixed) (G1 Evacuation Pause) 3624M->1453M(4096M) 117.528ms
[2406.349s][info][gc,cpu         ] GC(416) User=0.70s Sys=0.00s Real=0.11s
.|....[2410.992s][info][gc,start       ] GC(417) Pause Young (Mixed) (G1 Evacuation Pause)
[2410.992s][info][gc,task        ] GC(417) Using 6 workers of 6 for evacuation
[2411.125s][info][gc,phases      ] GC(417)   Pre Evacuate Collection Set: 0.38ms
[2411.125s][info][gc,phases      ] GC(417)   Merge Heap Roots: 0.78ms
[2411.125s][info][gc,phases      ] GC(417)   Evacuate Collection Set: 130.53ms
[2411.125s][info][gc,phases      ] GC(417)   Post Evacuate Collection Set: 0.97ms
[2411.125s][info][gc,phases      ] GC(417)   Other: 0.09ms
[2411.125s][info][gc,heap        ] GC(417) Eden regions: 1106->0(1119)
[2411.125s][info][gc,heap        ] GC(417) Survivor regions: 111->109(153)
[2411.125s][info][gc,heap        ] GC(417) Old regions: 537->474
[2411.125s][info][gc,heap        ] GC(417) Humongous regions: 80->80
[2411.125s][info][gc,metaspace   ] GC(417) Metaspace: 28964K(29248K)->28964K(29248K) NonClass: 24080K(24192K)->24080K(24192K) Class: 4883K(5056K)->4883K(5056K)
[2411.125s][info][gc             ] GC(417) Pause Young (Mixed) (G1 Evacuation Pause) 3665M->1324M(4096M) 132.899ms
[2411.125s][info][gc,cpu         ] GC(417) User=0.79s Sys=0.00s Real=0.13s
.....[2415.925s][info][gc,start       ] GC(418) Pause Young (Concurrent Start) (G1 Evacuation Pause)
[2415.925s][info][gc,task        ] GC(418) Using 6 workers of 6 for evacuation
[2416.042s][info][gc,phases      ] GC(418)   Pre Evacuate Collection Set: 0.41ms
[2416.042s][info][gc,phases      ] GC(418)   Merge Heap Roots: 0.51ms
[2416.042s][info][gc,phases      ] GC(418)   Evacuate Collection Set: 114.74ms
[2416.042s][info][gc,phases      ] GC(418)   Post Evacuate Collection Set: 0.90ms
[2416.042s][info][gc,phases      ] GC(418)   Other: 0.12ms
[2416.042s][info][gc,heap        ] GC(418) Eden regions: 1119->0(1120)
[2416.042s][info][gc,heap        ] GC(418) Survivor regions: 109->108(154)
[2416.042s][info][gc,heap        ] GC(418) Old regions: 474->506
[2416.042s][info][gc,heap        ] GC(418) Humongous regions: 80->80
[2416.042s][info][gc,metaspace   ] GC(418) Metaspace: 28964K(29248K)->28964K(29248K) NonClass: 24080K(24192K)->24080K(24192K) Class: 4883K(5056K)->4883K(5056K)
[2416.042s][info][gc             ] GC(418) Pause Young (Concurrent Start) (G1 Evacuation Pause) 3562M->1387M(4096M) 116.825ms
[2416.042s][info][gc             ] GC(419) Concurrent Mark Cycle
[2416.042s][info][gc,marking     ] GC(419) Concurrent Scan Root Regions
[2416.042s][info][gc,cpu         ] GC(418) User=0.70s Sys=0.00s Real=0.12s
[2416.209s][info][gc,marking     ] GC(419) Concurrent Scan Root Regions 166.810ms
[2416.209s][info][gc,marking     ] GC(419) Concurrent Mark
[2416.209s][info][gc,marking     ] GC(419) Concurrent Mark From Roots
[2416.209s][info][gc,task        ] GC(419) Using 2 workers of 2 for marking
.[2416.863s][info][gc,marking     ] GC(419) Concurrent Mark From Roots 653.537ms
[2416.863s][info][gc,marking     ] GC(419) Concurrent Preclean
[2416.863s][info][gc,marking     ] GC(419) Concurrent Preclean 0.054ms
[2416.863s][info][gc,start       ] GC(419) Pause Remark
[2416.866s][info][gc             ] GC(419) Pause Remark 1809M->1809M(4096M) 2.920ms
[2416.866s][info][gc,cpu         ] GC(419) User=0.01s Sys=0.00s Real=0.00s
[2416.866s][info][gc,marking     ] GC(419) Concurrent Mark 656.777ms
[2416.866s][info][gc,marking     ] GC(419) Concurrent Rebuild Remembered Sets and Scrub Regions
[2417.218s][info][gc,marking     ] GC(419) Concurrent Rebuild Remembered Sets and Scrub Regions 352.272ms
[2417.219s][info][gc,start       ] GC(419) Pause Cleanup
[2417.220s][info][gc             ] GC(419) Pause Cleanup 1989M->1989M(4096M) 0.143ms
[2417.220s][info][gc,cpu         ] GC(419) User=0.00s Sys=0.00s Real=0.00s
[2417.220s][info][gc,marking     ] GC(419) Concurrent Clear Claimed Marks
[2417.220s][info][gc,marking     ] GC(419) Concurrent Clear Claimed Marks 0.036ms
[2417.220s][info][gc,marking     ] GC(419) Concurrent Cleanup for Next Mark
[2417.223s][info][gc,marking     ] GC(419) Concurrent Cleanup for Next Mark 3.552ms
[2417.223s][info][gc             ] GC(419) Concurrent Mark Cycle 1180.939ms
....[2420.750s][info][gc,start       ] GC(420) Pause Young (Prepare Mixed) (G1 Evacuation Pause)
[2420.750s][info][gc,task        ] GC(420) Using 6 workers of 6 for evacuation
[2420.866s][info][gc,phases      ] GC(420)   Pre Evacuate Collection Set: 0.37ms
[2420.866s][info][gc,phases      ] GC(420)   Merge Heap Roots: 0.56ms
[2420.866s][info][gc,phases      ] GC(420)   Evacuate Collection Set: 113.37ms
[2420.866s][info][gc,phases      ] GC(420)   Post Evacuate Collection Set: 0.93ms
[2420.866s][info][gc,phases      ] GC(420)   Other: 0.10ms
[2420.866s][info][gc,heap        ] GC(420) Eden regions: 1120->0(1110)
[2420.866s][info][gc,heap        ] GC(420) Survivor regions: 108->109(154)
[2420.866s][info][gc,heap        ] GC(420) Old regions: 506->537
[2420.866s][info][gc,heap        ] GC(420) Humongous regions: 80->80
[2420.866s][info][gc,metaspace   ] GC(420) Metaspace: 28964K(29248K)->28964K(29248K) NonClass: 24080K(24192K)->24080K(24192K) Class: 4883K(5056K)->4883K(5056K)
[2420.866s][info][gc             ] GC(420) Pause Young (Prepare Mixed) (G1 Evacuation Pause) 3627M->1450M(4096M) 115.453ms
[2420.866s][info][gc,cpu         ] GC(420) User=0.68s Sys=0.00s Real=0.12s
.....[2425.668s][info][gc,start       ] GC(421) Pause Young (Mixed) (G1 Evacuation Pause)
[2425.668s][info][gc,task        ] GC(421) Using 6 workers of 6 for evacuation
[2425.797s][info][gc,phases      ] GC(421)   Pre Evacuate Collection Set: 0.40ms
[2425.797s][info][gc,phases      ] GC(421)   Merge Heap Roots: 0.64ms
[2425.797s][info][gc,phases      ] GC(421)   Evacuate Collection Set: 126.75ms
[2425.797s][info][gc,phases      ] GC(421)   Post Evacuate Collection Set: 0.96ms
[2425.797s][info][gc,phases      ] GC(421)   Other: 0.09ms
[2425.797s][info][gc,heap        ] GC(421) Eden regions: 1110->0(1120)
[2425.797s][info][gc,heap        ] GC(421) Survivor regions: 109->108(153)
[2425.797s][info][gc,heap        ] GC(421) Old regions: 537->471
[2425.797s][info][gc,heap        ] GC(421) Humongous regions: 80->80
[2425.797s][info][gc,metaspace   ] GC(421) Metaspace: 28964K(29248K)->28964K(29248K) NonClass: 24080K(24192K)->24080K(24192K) Class: 4883K(5056K)->4883K(5056K)
[2425.797s][info][gc             ] GC(421) Pause Young (Mixed) (G1 Evacuation Pause) 3670M->1317M(4096M) 128.973ms
[2425.797s][info][gc,cpu         ] GC(421) User=0.76s Sys=0.00s Real=0.13s
.....[2430.561s][info][gc,start       ] GC(422) Pause Young (Concurrent Start) (G1 Evacuation Pause)
[2430.561s][info][gc,task        ] GC(422) Using 6 workers of 6 for evacuation
[2430.676s][info][gc,phases      ] GC(422)   Pre Evacuate Collection Set: 0.38ms
[2430.676s][info][gc,phases      ] GC(422)   Merge Heap Roots: 0.48ms
[2430.676s][info][gc,phases      ] GC(422)   Evacuate Collection Set: 113.14ms
[2430.676s][info][gc,phases      ] GC(422)   Post Evacuate Collection Set: 0.89ms
[2430.676s][info][gc,phases      ] GC(422)   Other: 0.12ms
[2430.676s][info][gc,heap        ] GC(422) Eden regions: 1120->0(1120)
[2430.676s][info][gc,heap        ] GC(422) Survivor regions: 108->108(154)
[2430.676s][info][gc,heap        ] GC(422) Old regions: 471->503
[2430.676s][info][gc,heap        ] GC(422) Humongous regions: 80->80
[2430.676s][info][gc,metaspace   ] GC(422) Metaspace: 28964K(29248K)->28964K(29248K) NonClass: 24080K(24192K)->24080K(24192K) Class: 4883K(5056K)->4883K(5056K)
[2430.676s][info][gc             ] GC(422) Pause Young (Concurrent Start) (G1 Evacuation Pause) 3557M->1381M(4096M) 115.135ms
[2430.676s][info][gc             ] GC(423) Concurrent Mark Cycle
[2430.676s][info][gc,marking     ] GC(423) Concurrent Scan Root Regions
[2430.676s][info][gc,cpu         ] GC(422) User=0.69s Sys=0.00s Real=0.11s
[2430.853s][info][gc,marking     ] GC(423) Concurrent Scan Root Regions 176.629ms
[2430.853s][info][gc,marking     ] GC(423) Concurrent Mark
[2430.853s][info][gc,marking     ] GC(423) Concurrent Mark From Roots
[2430.853s][info][gc,task        ] GC(423) Using 2 workers of 2 for marking
.[2431.851s][info][gc,marking     ] GC(423) Concurrent Mark From Roots 998.419ms
[2431.851s][info][gc,marking     ] GC(423) Concurrent Preclean
[2431.852s][info][gc,marking     ] GC(423) Concurrent Preclean 0.069ms
[2431.852s][info][gc,start       ] GC(423) Pause Remark
[2431.855s][info][gc             ] GC(423) Pause Remark 1941M->1941M(4096M) 3.230ms
[2431.855s][info][gc,cpu         ] GC(423) User=0.02s Sys=0.00s Real=0.00s
[2431.855s][info][gc,marking     ] GC(423) Concurrent Mark 1001.983ms
[2431.855s][info][gc,marking     ] GC(423) Concurrent Rebuild Remembered Sets and Scrub Regions
[2432.209s][info][gc,marking     ] GC(423) Concurrent Rebuild Remembered Sets and Scrub Regions 354.295ms
[2432.209s][info][gc,start       ] GC(423) Pause Cleanup
[2432.210s][info][gc             ] GC(423) Pause Cleanup 2114M->2114M(4096M) 0.127ms
[2432.210s][info][gc,cpu         ] GC(423) User=0.00s Sys=0.00s Real=0.00s
[2432.210s][info][gc,marking     ] GC(423) Concurrent Clear Claimed Marks
[2432.210s][info][gc,marking     ] GC(423) Concurrent Clear Claimed Marks 0.029ms
[2432.210s][info][gc,marking     ] GC(423) Concurrent Cleanup for Next Mark
[2432.213s][info][gc,marking     ] GC(423) Concurrent Cleanup for Next Mark 3.463ms
[2432.213s][info][gc             ] GC(423) Concurrent Mark Cycle 1536.900ms
...[2435.445s][info][gc,start       ] GC(424) Pause Young (Prepare Mixed) (G1 Evacuation Pause)
[2435.445s][info][gc,task        ] GC(424) Using 6 workers of 6 for evacuation
[2435.559s][info][gc,phases      ] GC(424)   Pre Evacuate Collection Set: 0.36ms
[2435.559s][info][gc,phases      ] GC(424)   Merge Heap Roots: 0.58ms
[2435.559s][info][gc,phases      ] GC(424)   Evacuate Collection Set: 112.00ms
[2435.559s][info][gc,phases      ] GC(424)   Post Evacuate Collection Set: 0.93ms
[2435.559s][info][gc,phases      ] GC(424)   Other: 0.24ms
[2435.559s][info][gc,heap        ] GC(424) Eden regions: 1120->0(1114)
[2435.559s][info][gc,heap        ] GC(424) Survivor regions: 108->108(154)
[2435.559s][info][gc,heap        ] GC(424) Old regions: 503->535
[2435.559s][info][gc,heap        ] GC(424) Humongous regions: 80->80
[2435.559s][info][gc,metaspace   ] GC(424) Metaspace: 28964K(29248K)->28964K(29248K) NonClass: 24080K(24192K)->24080K(24192K) Class: 4883K(5056K)->4883K(5056K)
[2435.559s][info][gc             ] GC(424) Pause Young (Prepare Mixed) (G1 Evacuation Pause) 3621M->1445M(4096M) 114.250ms
[2435.560s][info][gc,cpu         ] GC(424) User=0.68s Sys=0.00s Real=0.11s
.....[2440.279s][info][gc,start       ] GC(425) Pause Young (Mixed) (G1 Evacuation Pause)
[2440.279s][info][gc,task        ] GC(425) Using 6 workers of 6 for evacuation
[2440.412s][info][gc,phases      ] GC(425)   Pre Evacuate Collection Set: 0.45ms
[2440.412s][info][gc,phases      ] GC(425)   Merge Heap Roots: 0.73ms
[2440.412s][info][gc,phases      ] GC(425)   Evacuate Collection Set: 129.83ms
[2440.412s][info][gc,phases      ] GC(425)   Post Evacuate Collection Set: 0.95ms
[2440.412s][info][gc,phases      ] GC(425)   Other: 0.10ms
[2440.412s][info][gc,heap        ] GC(425) Eden regions: 1114->0(1118)
[2440.412s][info][gc,heap        ] GC(425) Survivor regions: 108->110(153)
[2440.412s][info][gc,heap        ] GC(425) Old regions: 535->473
[2440.412s][info][gc,heap        ] GC(425) Humongous regions: 80->80
[2440.412s][info][gc,metaspace   ] GC(425) Metaspace: 28964K(29248K)->28964K(29248K) NonClass: 24080K(24192K)->24080K(24192K) Class: 4883K(5056K)->4883K(5056K)
[2440.412s][info][gc             ] GC(425) Pause Young (Mixed) (G1 Evacuation Pause) 3673M->1323M(4096M) 132.219ms
[2440.412s][info][gc,cpu         ] GC(425) User=0.79s Sys=0.00s Real=0.14s
.....[2445.254s][info][gc,start       ] GC(426) Pause Young (Concurrent Start) (G1 Evacuation Pause)
[2445.254s][info][gc,task        ] GC(426) Using 6 workers of 6 for evacuation
[2445.372s][info][gc,phases      ] GC(426)   Pre Evacuate Collection Set: 0.39ms
[2445.372s][info][gc,phases      ] GC(426)   Merge Heap Roots: 0.52ms
[2445.372s][info][gc,phases      ] GC(426)   Evacuate Collection Set: 115.97ms
[2445.372s][info][gc,phases      ] GC(426)   Post Evacuate Collection Set: 0.90ms
[2445.372s][info][gc,phases      ] GC(426)   Other: 0.11ms
[2445.372s][info][gc,heap        ] GC(426) Eden regions: 1118->0(1119)
[2445.372s][info][gc,heap        ] GC(426) Survivor regions: 110->109(154)
[2445.372s][info][gc,heap        ] GC(426) Old regions: 473->504
[2445.372s][info][gc,heap        ] GC(426) Humongous regions: 80->80
[2445.372s][info][gc,metaspace   ] GC(426) Metaspace: 28964K(29248K)->28964K(29248K) NonClass: 24080K(24192K)->24080K(24192K) Class: 4883K(5056K)->4883K(5056K)
[2445.372s][info][gc             ] GC(426) Pause Young (Concurrent Start) (G1 Evacuation Pause) 3559M->1385M(4096M) 118.034ms
[2445.372s][info][gc             ] GC(427) Concurrent Mark Cycle
[2445.372s][info][gc,marking     ] GC(427) Concurrent Scan Root Regions
[2445.372s][info][gc,cpu         ] GC(426) User=0.70s Sys=0.00s Real=0.12s
[2445.550s][info][gc,marking     ] GC(427) Concurrent Scan Root Regions 178.376ms
[2445.550s][info][gc,marking     ] GC(427) Concurrent Mark
[2445.551s][info][gc,marking     ] GC(427) Concurrent Mark From Roots
[2445.551s][info][gc,task        ] GC(427) Using 2 workers of 2 for marking
.[2446.504s][info][gc,marking     ] GC(427) Concurrent Mark From Roots 953.725ms
[2446.504s][info][gc,marking     ] GC(427) Concurrent Preclean
[2446.504s][info][gc,marking     ] GC(427) Concurrent Preclean 0.047ms
[2446.504s][info][gc,start       ] GC(427) Pause Remark
[2446.508s][info][gc             ] GC(427) Pause Remark 1981M->1981M(4096M) 3.438ms
[2446.508s][info][gc,cpu         ] GC(427) User=0.02s Sys=0.00s Real=0.00s
[2446.508s][info][gc,marking     ] GC(427) Concurrent Mark 957.477ms
[2446.508s][info][gc,marking     ] GC(427) Concurrent Rebuild Remembered Sets and Scrub Regions
.[2446.756s][info][gc,marking     ] GC(427) Concurrent Rebuild Remembered Sets and Scrub Regions 247.730ms
[2446.756s][info][gc,start       ] GC(427) Pause Cleanup
[2446.756s][info][gc             ] GC(427) Pause Cleanup 2087M->2087M(4096M) 0.118ms
[2446.756s][info][gc,cpu         ] GC(427) User=0.00s Sys=0.00s Real=0.00s
[2446.756s][info][gc,marking     ] GC(427) Concurrent Clear Claimed Marks
[2446.756s][info][gc,marking     ] GC(427) Concurrent Clear Claimed Marks 0.029ms
[2446.756s][info][gc,marking     ] GC(427) Concurrent Cleanup for Next Mark
[2446.759s][info][gc,marking     ] GC(427) Concurrent Cleanup for Next Mark 3.253ms
[2446.759s][info][gc             ] GC(427) Concurrent Mark Cycle 1387.345ms
...[2450.075s][info][gc,start       ] GC(428) Pause Young (Prepare Mixed) (G1 Evacuation Pause)
[2450.075s][info][gc,task        ] GC(428) Using 6 workers of 6 for evacuation
[2450.196s][info][gc,phases      ] GC(428)   Pre Evacuate Collection Set: 0.35ms
[2450.196s][info][gc,phases      ] GC(428)   Merge Heap Roots: 0.56ms
[2450.196s][info][gc,phases      ] GC(428)   Evacuate Collection Set: 119.09ms
[2450.196s][info][gc,phases      ] GC(428)   Post Evacuate Collection Set: 0.93ms
[2450.196s][info][gc,phases      ] GC(428)   Other: 0.10ms
[2450.196s][info][gc,heap        ] GC(428) Eden regions: 1119->0(1103)
[2450.196s][info][gc,heap        ] GC(428) Survivor regions: 109->113(154)
[2450.196s][info][gc,heap        ] GC(428) Old regions: 504->536
[2450.196s][info][gc,heap        ] GC(428) Humongous regions: 80->80
[2450.196s][info][gc,metaspace   ] GC(428) Metaspace: 28964K(29248K)->28964K(29248K) NonClass: 24080K(24192K)->24080K(24192K) Class: 4883K(5056K)->4883K(5056K)
[2450.196s][info][gc             ] GC(428) Pause Young (Prepare Mixed) (G1 Evacuation Pause) 3623M->1457M(4096M) 121.161ms
[2450.196s][info][gc,cpu         ] GC(428) User=0.72s Sys=0.00s Real=0.12s
.....[2454.917s][info][gc,start       ] GC(429) Pause Young (Mixed) (G1 Evacuation Pause)
[2454.917s][info][gc,task        ] GC(429) Using 6 workers of 6 for evacuation
[2455.050s][info][gc,phases      ] GC(429)   Pre Evacuate Collection Set: 0.39ms
[2455.050s][info][gc,phases      ] GC(429)   Merge Heap Roots: 0.76ms
[2455.050s][info][gc,phases      ] GC(429)   Evacuate Collection Set: 131.22ms
[2455.050s][info][gc,phases      ] GC(429)   Post Evacuate Collection Set: 0.95ms
[2455.050s][info][gc,phases      ] GC(429)   Other: 0.09ms
[2455.050s][info][gc,heap        ] GC(429) Eden regions: 1103->0(1120)
[2455.050s][info][gc,heap        ] GC(429) Survivor regions: 113->108(152)
[2455.050s][info][gc,heap        ] GC(429) Old regions: 536->472
[2455.050s][info][gc,heap        ] GC(429) Humongous regions: 80->80
[2455.050s][info][gc,metaspace   ] GC(429) Metaspace: 28964K(29248K)->28964K(29248K) NonClass: 24080K(24192K)->24080K(24192K) Class: 4883K(5056K)->4883K(5056K)
[2455.050s][info][gc             ] GC(429) Pause Young (Mixed) (G1 Evacuation Pause) 3663M->1318M(4096M) 133.525ms
[2455.050s][info][gc,cpu         ] GC(429) User=0.79s Sys=0.00s Real=0.13s
.....[2459.820s][info][gc,start       ] GC(430) Pause Young (Concurrent Start) (G1 Evacuation Pause)
[2459.820s][info][gc,task        ] GC(430) Using 6 workers of 6 for evacuation
[2459.938s][info][gc,phases      ] GC(430)   Pre Evacuate Collection Set: 0.40ms
[2459.939s][info][gc,phases      ] GC(430)   Merge Heap Roots: 0.58ms
[2459.939s][info][gc,phases      ] GC(430)   Evacuate Collection Set: 116.89ms
[2459.939s][info][gc,phases      ] GC(430)   Post Evacuate Collection Set: 0.92ms
[2459.939s][info][gc,phases      ] GC(430)   Other: 0.12ms
[2459.939s][info][gc,heap        ] GC(430) Eden regions: 1120->0(1118)
[2459.939s][info][gc,heap        ] GC(430) Survivor regions: 108->110(154)
[2459.939s][info][gc,heap        ] GC(430) Old regions: 472->504
[2459.939s][info][gc,heap        ] GC(430) Humongous regions: 80->80
[2459.939s][info][gc,metaspace   ] GC(430) Metaspace: 28964K(29248K)->28964K(29248K) NonClass: 24080K(24192K)->24080K(24192K) Class: 4883K(5056K)->4883K(5056K)
[2459.939s][info][gc             ] GC(430) Pause Young (Concurrent Start) (G1 Evacuation Pause) 3558M->1386M(4096M) 119.044ms
[2459.939s][info][gc             ] GC(431) Concurrent Mark Cycle
[2459.939s][info][gc,marking     ] GC(431) Concurrent Scan Root Regions
[2459.939s][info][gc,cpu         ] GC(430) User=0.71s Sys=0.00s Real=0.12s
[2460.084s][info][gc,marking     ] GC(431) Concurrent Scan Root Regions 145.844ms
[2460.085s][info][gc,marking     ] GC(431) Concurrent Mark
[2460.085s][info][gc,marking     ] GC(431) Concurrent Mark From Roots
[2460.085s][info][gc,task        ] GC(431) Using 2 workers of 2 for marking
.[2460.706s][info][gc,marking     ] GC(431) Concurrent Mark From Roots 621.557ms
[2460.706s][info][gc,marking     ] GC(431) Concurrent Preclean
[2460.706s][info][gc,marking     ] GC(431) Concurrent Preclean 0.054ms
[2460.706s][info][gc,start       ] GC(431) Pause Remark
[2460.709s][info][gc             ] GC(431) Pause Remark 1814M->1814M(4096M) 3.020ms
[2460.709s][info][gc,cpu         ] GC(431) User=0.02s Sys=0.00s Real=0.00s
[2460.709s][info][gc,marking     ] GC(431) Concurrent Mark 624.872ms
[2460.709s][info][gc,marking     ] GC(431) Concurrent Rebuild Remembered Sets and Scrub Regions
[2460.942s][info][gc,marking     ] GC(431) Concurrent Rebuild Remembered Sets and Scrub Regions 233.024ms
[2460.943s][info][gc,start       ] GC(431) Pause Cleanup
[2460.943s][info][gc             ] GC(431) Pause Cleanup 1935M->1935M(4096M) 0.126ms
[2460.943s][info][gc,cpu         ] GC(431) User=0.00s Sys=0.00s Real=0.00s
[2460.943s][info][gc,marking     ] GC(431) Concurrent Clear Claimed Marks
[2460.943s][info][gc,marking     ] GC(431) Concurrent Clear Claimed Marks 0.031ms
[2460.943s][info][gc,marking     ] GC(431) Concurrent Cleanup for Next Mark
[2460.946s][info][gc,marking     ] GC(431) Concurrent Cleanup for Next Mark 3.535ms
[2460.946s][info][gc             ] GC(431) Concurrent Mark Cycle 1007.763ms
....[2464.645s][info][gc,start       ] GC(432) Pause Young (Prepare Mixed) (G1 Evacuation Pause)
[2464.645s][info][gc,task        ] GC(432) Using 6 workers of 6 for evacuation
[2464.761s][info][gc,phases      ] GC(432)   Pre Evacuate Collection Set: 0.35ms
[2464.761s][info][gc,phases      ] GC(432)   Merge Heap Roots: 0.54ms
[2464.761s][info][gc,phases      ] GC(432)   Evacuate Collection Set: 114.76ms
[2464.761s][info][gc,phases      ] GC(432)   Post Evacuate Collection Set: 0.96ms
[2464.761s][info][gc,phases      ] GC(432)   Other: 0.08ms
[2464.761s][info][gc,heap        ] GC(432) Eden regions: 1118->0(1112)
[2464.761s][info][gc,heap        ] GC(432) Survivor regions: 110->109(154)
[2464.761s][info][gc,heap        ] GC(432) Old regions: 504->535
[2464.761s][info][gc,heap        ] GC(432) Humongous regions: 80->80
[2464.761s][info][gc,metaspace   ] GC(432) Metaspace: 28964K(29248K)->28964K(29248K) NonClass: 24080K(24192K)->24080K(24192K) Class: 4883K(5056K)->4883K(5056K)
[2464.761s][info][gc             ] GC(432) Pause Young (Prepare Mixed) (G1 Evacuation Pause) 3622M->1446M(4096M) 116.838ms
[2464.761s][info][gc,cpu         ] GC(432) User=0.70s Sys=0.00s Real=0.12s
.. (rIR:aIR:PR = 3874:3875:3875) (tPR = 57513) [OK] 
  2466s: Performance info:
         Transaction,    Success,    Partial,     Failed,   Receipts, AvgBarcode, 
             Overall,     233096,          0,          0,     221435,      59.48, 
         Response times:
             Request,    Success,    Partial,     Failed,   SkipFail,     Probes,    Samples,      min,      p50,      p90,      p95,      p99,      max, 
       TotalPurchase,     221435,          0,          0,          0,     217670,     231964,      300,     3200,     5700,     8100,    33000,   237000,
     InStorePurchase,     116578,          0,          0,          0,     115006,     122225,      300,     3100,     5600,     7800,    33000,   237000,
      OnlinePurchase,      81560,          0,          0,          0,      80096,      85483,      300,     3200,     5700,     8200,    33000,   195000,
        InstPurchase,      23297,          0,          0,          0,      22568,      24256,      400,     3600,     6100,     8700,    37000,   140000,
          AssocOfCat,        234,          0,          0,          0,        179,        246,    21000,    32000,    46000,    53950,    90060,    93000,
      AssocOfProduct,       2329,          0,          0,          0,       2135,       2431,      500,     3300,     5800,     8280,    29680,   140000,
      BusinessReport,        584,          0,          0,          0,        494,        620,    23000,    34000,    49000,    55000,    91370,   228000,
          CustBuyBeh,       2333,          0,          0,          0,       2122,       2393,      400,     4000,     7000,    10300,    51000,   138000,
       ProductReturn,       6181,          0,          0,          0,       5911,       6579,      200,     3200,     5600,     8900,    38000,   237000,

  2466s: (29%)   IR =   4013 ..[2469.364s][info][gc,start       ] GC(433) Pause Young (Mixed) (G1 Evacuation Pause)
[2469.364s][info][gc,task        ] GC(433) Using 6 workers of 6 for evacuation
[2469.493s][info][gc,phases      ] GC(433)   Pre Evacuate Collection Set: 0.40ms
[2469.493s][info][gc,phases      ] GC(433)   Merge Heap Roots: 0.70ms
[2469.493s][info][gc,phases      ] GC(433)   Evacuate Collection Set: 127.05ms
[2469.493s][info][gc,phases      ] GC(433)   Post Evacuate Collection Set: 0.95ms
[2469.493s][info][gc,phases      ] GC(433)   Other: 0.09ms
[2469.493s][info][gc,heap        ] GC(433) Eden regions: 1112->0(1122)
[2469.493s][info][gc,heap        ] GC(433) Survivor regions: 109->106(153)
[2469.493s][info][gc,heap        ] GC(433) Old regions: 535->474
[2469.493s][info][gc,heap        ] GC(433) Humongous regions: 80->80
[2469.493s][info][gc,metaspace   ] GC(433) Metaspace: 28964K(29248K)->28964K(29248K) NonClass: 24080K(24192K)->24080K(24192K) Class: 4883K(5056K)->4883K(5056K)
[2469.493s][info][gc             ] GC(433) Pause Young (Mixed) (G1 Evacuation Pause) 3670M->1319M(4096M) 129.322ms
[2469.493s][info][gc,cpu         ] GC(433) User=0.76s Sys=0.00s Real=0.13s
...|..[2474.086s][info][gc,start       ] GC(434) Pause Young (Concurrent Start) (G1 Evacuation Pause)
[2474.086s][info][gc,task        ] GC(434) Using 6 workers of 6 for evacuation
[2474.200s][info][gc,phases      ] GC(434)   Pre Evacuate Collection Set: 0.41ms
[2474.200s][info][gc,phases      ] GC(434)   Merge Heap Roots: 0.47ms
[2474.200s][info][gc,phases      ] GC(434)   Evacuate Collection Set: 112.73ms
[2474.200s][info][gc,phases      ] GC(434)   Post Evacuate Collection Set: 0.89ms
[2474.200s][info][gc,phases      ] GC(434)   Other: 0.12ms
[2474.200s][info][gc,heap        ] GC(434) Eden regions: 1122->0(1119)
[2474.200s][info][gc,heap        ] GC(434) Survivor regions: 106->109(154)
[2474.200s][info][gc,heap        ] GC(434) Old regions: 474->506
[2474.200s][info][gc,heap        ] GC(434) Humongous regions: 80->80
[2474.200s][info][gc,metaspace   ] GC(434) Metaspace: 28964K(29248K)->28964K(29248K) NonClass: 24080K(24192K)->24080K(24192K) Class: 4883K(5056K)->4883K(5056K)
[2474.200s][info][gc             ] GC(434) Pause Young (Concurrent Start) (G1 Evacuation Pause) 3563M->1389M(4096M) 114.761ms
[2474.200s][info][gc             ] GC(435) Concurrent Mark Cycle
[2474.200s][info][gc,marking     ] GC(435) Concurrent Scan Root Regions
[2474.200s][info][gc,cpu         ] GC(434) User=0.68s Sys=0.00s Real=0.11s
[2474.378s][info][gc,marking     ] GC(435) Concurrent Scan Root Regions 178.123ms
[2474.379s][info][gc,marking     ] GC(435) Concurrent Mark
[2474.379s][info][gc,marking     ] GC(435) Concurrent Mark From Roots
[2474.379s][info][gc,task        ] GC(435) Using 2 workers of 2 for marking
.[2474.981s][info][gc,marking     ] GC(435) Concurrent Mark From Roots 602.231ms
[2474.981s][info][gc,marking     ] GC(435) Concurrent Preclean
[2474.981s][info][gc,marking     ] GC(435) Concurrent Preclean 0.069ms
[2474.981s][info][gc,start       ] GC(435) Pause Remark
[2474.984s][info][gc             ] GC(435) Pause Remark 1807M->1807M(4096M) 2.973ms
[2474.984s][info][gc,cpu         ] GC(435) User=0.01s Sys=0.00s Real=0.00s
[2474.985s][info][gc,marking     ] GC(435) Concurrent Mark 606.132ms
[2474.985s][info][gc,marking     ] GC(435) Concurrent Rebuild Remembered Sets and Scrub Regions
[2475.213s][info][gc,marking     ] GC(435) Concurrent Rebuild Remembered Sets and Scrub Regions 228.717ms
[2475.214s][info][gc,start       ] GC(435) Pause Cleanup
[2475.214s][info][gc             ] GC(435) Pause Cleanup 1922M->1922M(4096M) 0.112ms
[2475.214s][info][gc,cpu         ] GC(435) User=0.00s Sys=0.00s Real=0.00s
[2475.214s][info][gc,marking     ] GC(435) Concurrent Clear Claimed Marks
[2475.214s][info][gc,marking     ] GC(435) Concurrent Clear Claimed Marks 0.032ms
[2475.214s][info][gc,marking     ] GC(435) Concurrent Cleanup for Next Mark
[2475.217s][info][gc,marking     ] GC(435) Concurrent Cleanup for Next Mark 3.590ms
[2475.217s][info][gc             ] GC(435) Concurrent Mark Cycle 1017.046ms
....[2478.798s][info][gc,start       ] GC(436) Pause Young (Prepare Mixed) (G1 Evacuation Pause)
[2478.798s][info][gc,task        ] GC(436) Using 6 workers of 6 for evacuation
[2478.914s][info][gc,phases      ] GC(436)   Pre Evacuate Collection Set: 0.34ms
[2478.914s][info][gc,phases      ] GC(436)   Merge Heap Roots: 0.52ms
[2478.914s][info][gc,phases      ] GC(436)   Evacuate Collection Set: 113.44ms
[2478.914s][info][gc,phases      ] GC(436)   Post Evacuate Collection Set: 0.94ms
[2478.914s][info][gc,phases      ] GC(436)   Other: 0.09ms
[2478.914s][info][gc,heap        ] GC(436) Eden regions: 1119->0(1109)
[2478.914s][info][gc,heap        ] GC(436) Survivor regions: 109->109(154)
[2478.914s][info][gc,heap        ] GC(436) Old regions: 506->538
[2478.914s][info][gc,heap        ] GC(436) Humongous regions: 80->80
[2478.914s][info][gc,metaspace   ] GC(436) Metaspace: 28964K(29248K)->28964K(29248K) NonClass: 24080K(24192K)->24080K(24192K) Class: 4883K(5056K)->4883K(5056K)
[2478.914s][info][gc             ] GC(436) Pause Young (Prepare Mixed) (G1 Evacuation Pause) 3627M->1452M(4096M) 115.479ms
[2478.914s][info][gc,cpu         ] GC(436) User=0.69s Sys=0.00s Real=0.12s
....[2483.494s][info][gc,start       ] GC(437) Pause Young (Mixed) (G1 Evacuation Pause)
[2483.494s][info][gc,task        ] GC(437) Using 6 workers of 6 for evacuation
[2483.626s][info][gc,phases      ] GC(437)   Pre Evacuate Collection Set: 0.37ms
[2483.626s][info][gc,phases      ] GC(437)   Merge Heap Roots: 0.75ms
[2483.626s][info][gc,phases      ] GC(437)   Evacuate Collection Set: 129.16ms
[2483.626s][info][gc,phases      ] GC(437)   Post Evacuate Collection Set: 0.96ms
[2483.626s][info][gc,phases      ] GC(437)   Other: 0.09ms
[2483.626s][info][gc,heap        ] GC(437) Eden regions: 1109->0(1119)
[2483.626s][info][gc,heap        ] GC(437) Survivor regions: 109->109(153)
[2483.626s][info][gc,heap        ] GC(437) Old regions: 538->473
[2483.626s][info][gc,heap        ] GC(437) Humongous regions: 80->80
[2483.626s][info][gc,metaspace   ] GC(437) Metaspace: 28964K(29248K)->28964K(29248K) NonClass: 24080K(24192K)->24080K(24192K) Class: 4883K(5056K)->4883K(5056K)
[2483.626s][info][gc             ] GC(437) Pause Young (Mixed) (G1 Evacuation Pause) 3670M->1321M(4096M) 131.449ms
[2483.626s][info][gc,cpu         ] GC(437) User=0.78s Sys=0.00s Real=0.13s
.....[2488.208s][info][gc,start       ] GC(438) Pause Young (Concurrent Start) (G1 Evacuation Pause)
[2488.208s][info][gc,task        ] GC(438) Using 6 workers of 6 for evacuation
[2488.328s][info][gc,phases      ] GC(438)   Pre Evacuate Collection Set: 0.40ms
[2488.328s][info][gc,phases      ] GC(438)   Merge Heap Roots: 0.51ms
[2488.328s][info][gc,phases      ] GC(438)   Evacuate Collection Set: 117.96ms
[2488.328s][info][gc,phases      ] GC(438)   Post Evacuate Collection Set: 0.93ms
[2488.328s][info][gc,phases      ] GC(438)   Other: 0.10ms
[2488.328s][info][gc,heap        ] GC(438) Eden regions: 1119->0(1117)
[2488.328s][info][gc,heap        ] GC(438) Survivor regions: 109->111(154)
[2488.328s][info][gc,heap        ] GC(438) Old regions: 473->506
[2488.328s][info][gc,heap        ] GC(438) Humongous regions: 80->80
[2488.328s][info][gc,metaspace   ] GC(438) Metaspace: 28964K(29248K)->28964K(29248K) NonClass: 24080K(24192K)->24080K(24192K) Class: 4883K(5056K)->4883K(5056K)
[2488.328s][info][gc             ] GC(438) Pause Young (Concurrent Start) (G1 Evacuation Pause) 3559M->1392M(4096M) 120.019ms
[2488.328s][info][gc             ] GC(439) Concurrent Mark Cycle
[2488.328s][info][gc,marking     ] GC(439) Concurrent Scan Root Regions
[2488.328s][info][gc,cpu         ] GC(438) User=0.71s Sys=0.00s Real=0.12s
[2488.468s][info][gc,marking     ] GC(439) Concurrent Scan Root Regions 140.629ms
[2488.468s][info][gc,marking     ] GC(439) Concurrent Mark
[2488.468s][info][gc,marking     ] GC(439) Concurrent Mark From Roots
[2488.468s][info][gc,task        ] GC(439) Using 2 workers of 2 for marking
.[2489.066s][info][gc,marking     ] GC(439) Concurrent Mark From Roots 597.721ms
[2489.066s][info][gc,marking     ] GC(439) Concurrent Preclean
[2489.066s][info][gc,marking     ] GC(439) Concurrent Preclean 0.064ms
[2489.066s][info][gc,start       ] GC(439) Pause Remark
[2489.069s][info][gc             ] GC(439) Pause Remark 1785M->1785M(4096M) 2.775ms
[2489.069s][info][gc,cpu         ] GC(439) User=0.02s Sys=0.00s Real=0.00s
[2489.069s][info][gc,marking     ] GC(439) Concurrent Mark 600.787ms
[2489.069s][info][gc,marking     ] GC(439) Concurrent Rebuild Remembered Sets and Scrub Regions
[2489.422s][info][gc,marking     ] GC(439) Concurrent Rebuild Remembered Sets and Scrub Regions 353.375ms
[2489.423s][info][gc,start       ] GC(439) Pause Cleanup
[2489.423s][info][gc             ] GC(439) Pause Cleanup 1969M->1969M(4096M) 0.132ms
[2489.423s][info][gc,cpu         ] GC(439) User=0.00s Sys=0.00s Real=0.00s
[2489.423s][info][gc,marking     ] GC(439) Concurrent Clear Claimed Marks
[2489.423s][info][gc,marking     ] GC(439) Concurrent Clear Claimed Marks 0.032ms
[2489.423s][info][gc,marking     ] GC(439) Concurrent Cleanup for Next Mark
[2489.427s][info][gc,marking     ] GC(439) Concurrent Cleanup for Next Mark 4.251ms
[2489.427s][info][gc             ] GC(439) Concurrent Mark Cycle 1099.746ms
....[2492.889s][info][gc,start       ] GC(440) Pause Young (Prepare Mixed) (G1 Evacuation Pause)
[2492.889s][info][gc,task        ] GC(440) Using 6 workers of 6 for evacuation
[2493.009s][info][gc,phases      ] GC(440)   Pre Evacuate Collection Set: 0.35ms
[2493.009s][info][gc,phases      ] GC(440)   Merge Heap Roots: 0.52ms
[2493.009s][info][gc,phases      ] GC(440)   Evacuate Collection Set: 117.94ms
[2493.009s][info][gc,phases      ] GC(440)   Post Evacuate Collection Set: 0.98ms
[2493.009s][info][gc,phases      ] GC(440)   Other: 0.09ms
[2493.009s][info][gc,heap        ] GC(440) Eden regions: 1117->0(1103)
[2493.009s][info][gc,heap        ] GC(440) Survivor regions: 111->112(154)
[2493.009s][info][gc,heap        ] GC(440) Old regions: 506->538
[2493.009s][info][gc,heap        ] GC(440) Humongous regions: 80->80
[2493.009s][info][gc,metaspace   ] GC(440) Metaspace: 28964K(29248K)->28964K(29248K) NonClass: 24080K(24192K)->24080K(24192K) Class: 4883K(5056K)->4883K(5056K)
[2493.009s][info][gc             ] GC(440) Pause Young (Prepare Mixed) (G1 Evacuation Pause) 3626M->1458M(4096M) 120.002ms
[2493.009s][info][gc,cpu         ] GC(440) User=0.72s Sys=0.00s Real=0.12s
....[2497.573s][info][gc,start       ] GC(441) Pause Young (Mixed) (G1 Evacuation Pause)
[2497.573s][info][gc,task        ] GC(441) Using 6 workers of 6 for evacuation
[2497.704s][info][gc,phases      ] GC(441)   Pre Evacuate Collection Set: 0.37ms
[2497.704s][info][gc,phases      ] GC(441)   Merge Heap Roots: 0.72ms
[2497.704s][info][gc,phases      ] GC(441)   Evacuate Collection Set: 129.11ms
[2497.704s][info][gc,phases      ] GC(441)   Post Evacuate Collection Set: 0.95ms
[2497.704s][info][gc,phases      ] GC(441)   Other: 0.09ms
[2497.704s][info][gc,heap        ] GC(441) Eden regions: 1103->0(1120)
[2497.704s][info][gc,heap        ] GC(441) Survivor regions: 112->108(152)
[2497.704s][info][gc,heap        ] GC(441) Old regions: 538->474
[2497.704s][info][gc,heap        ] GC(441) Humongous regions: 80->80
[2497.704s][info][gc,metaspace   ] GC(441) Metaspace: 28964K(29248K)->28964K(29248K) NonClass: 24080K(24192K)->24080K(24192K) Class: 4883K(5056K)->4883K(5056K)
[2497.704s][info][gc             ] GC(441) Pause Young (Mixed) (G1 Evacuation Pause) 3664M->1321M(4096M) 131.365ms
[2497.704s][info][gc,cpu         ] GC(441) User=0.78s Sys=0.00s Real=0.13s
.....[2502.307s][info][gc,start       ] GC(442) Pause Young (Concurrent Start) (G1 Evacuation Pause)
[2502.307s][info][gc,task        ] GC(442) Using 6 workers of 6 for evacuation
[2502.426s][info][gc,phases      ] GC(442)   Pre Evacuate Collection Set: 0.39ms
[2502.426s][info][gc,phases      ] GC(442)   Merge Heap Roots: 0.52ms
[2502.426s][info][gc,phases      ] GC(442)   Evacuate Collection Set: 116.76ms
[2502.426s][info][gc,phases      ] GC(442)   Post Evacuate Collection Set: 0.90ms
[2502.426s][info][gc,phases      ] GC(442)   Other: 0.11ms
[2502.426s][info][gc,heap        ] GC(442) Eden regions: 1120->0(1117)
[2502.426s][info][gc,heap        ] GC(442) Survivor regions: 108->111(154)
[2502.426s][info][gc,heap        ] GC(442) Old regions: 474->505
[2502.426s][info][gc,heap        ] GC(442) Humongous regions: 80->80
[2502.426s][info][gc,metaspace   ] GC(442) Metaspace: 28964K(29248K)->28964K(29248K) NonClass: 24080K(24192K)->24080K(24192K) Class: 4883K(5056K)->4883K(5056K)
[2502.426s][info][gc             ] GC(442) Pause Young (Concurrent Start) (G1 Evacuation Pause) 3561M->1390M(4096M) 118.815ms
[2502.426s][info][gc             ] GC(443) Concurrent Mark Cycle
[2502.426s][info][gc,marking     ] GC(443) Concurrent Scan Root Regions
[2502.426s][info][gc,cpu         ] GC(442) User=0.70s Sys=0.00s Real=0.12s
[2502.562s][info][gc,marking     ] GC(443) Concurrent Scan Root Regions 136.285ms
[2502.562s][info][gc,marking     ] GC(443) Concurrent Mark
[2502.562s][info][gc,marking     ] GC(443) Concurrent Mark From Roots
[2502.562s][info][gc,task        ] GC(443) Using 2 workers of 2 for marking
.[2503.194s][info][gc,marking     ] GC(443) Concurrent Mark From Roots 631.457ms
[2503.194s][info][gc,marking     ] GC(443) Concurrent Preclean
[2503.194s][info][gc,marking     ] GC(443) Concurrent Preclean 0.054ms
[2503.194s][info][gc,start       ] GC(443) Pause Remark
[2503.197s][info][gc             ] GC(443) Pause Remark 1836M->1836M(4096M) 3.209ms
[2503.197s][info][gc,cpu         ] GC(443) User=0.02s Sys=0.00s Real=0.00s
[2503.197s][info][gc,marking     ] GC(443) Concurrent Mark 634.961ms
[2503.197s][info][gc,marking     ] GC(443) Concurrent Rebuild Remembered Sets and Scrub Regions
[2503.426s][info][gc,marking     ] GC(443) Concurrent Rebuild Remembered Sets and Scrub Regions 228.645ms
[2503.426s][info][gc,start       ] GC(443) Pause Cleanup
[2503.426s][info][gc             ] GC(443) Pause Cleanup 1942M->1942M(4096M) 0.143ms
[2503.426s][info][gc,cpu         ] GC(443) User=0.00s Sys=0.00s Real=0.00s
[2503.427s][info][gc,marking     ] GC(443) Concurrent Clear Claimed Marks
[2503.427s][info][gc,marking     ] GC(443) Concurrent Clear Claimed Marks 0.048ms
[2503.427s][info][gc,marking     ] GC(443) Concurrent Cleanup for Next Mark
[2503.432s][info][gc,marking     ] GC(443) Concurrent Cleanup for Next Mark 5.638ms
[2503.433s][info][gc             ] GC(443) Concurrent Mark Cycle 1006.747ms
....[2507.001s][info][gc,start       ] GC(444) Pause Young (Prepare Mixed) (G1 Evacuation Pause)
[2507.001s][info][gc,task        ] GC(444) Using 6 workers of 6 for evacuation
[2507.118s][info][gc,phases      ] GC(444)   Pre Evacuate Collection Set: 0.32ms
[2507.118s][info][gc,phases      ] GC(444)   Merge Heap Roots: 0.64ms
[2507.118s][info][gc,phases      ] GC(444)   Evacuate Collection Set: 114.76ms
[2507.118s][info][gc,phases      ] GC(444)   Post Evacuate Collection Set: 0.92ms
[2507.118s][info][gc,phases      ] GC(444)   Other: 0.09ms
[2507.118s][info][gc,heap        ] GC(444) Eden regions: 1117->0(1111)
[2507.118s][info][gc,heap        ] GC(444) Survivor regions: 111->109(154)
[2507.118s][info][gc,heap        ] GC(444) Old regions: 505->536
[2507.118s][info][gc,heap        ] GC(444) Humongous regions: 80->80
[2507.118s][info][gc,metaspace   ] GC(444) Metaspace: 28964K(29248K)->28964K(29248K) NonClass: 24080K(24192K)->24080K(24192K) Class: 4883K(5056K)->4883K(5056K)
[2507.118s][info][gc             ] GC(444) Pause Young (Prepare Mixed) (G1 Evacuation Pause) 3624M->1449M(4096M) 116.871ms
[2507.118s][info][gc,cpu         ] GC(444) User=0.70s Sys=0.00s Real=0.11s
....[2511.719s][info][gc,start       ] GC(445) Pause Young (Mixed) (G1 Evacuation Pause)
[2511.720s][info][gc,task        ] GC(445) Using 6 workers of 6 for evacuation
[2511.853s][info][gc,phases      ] GC(445)   Pre Evacuate Collection Set: 0.40ms
[2511.853s][info][gc,phases      ] GC(445)   Merge Heap Roots: 0.73ms
[2511.853s][info][gc,phases      ] GC(445)   Evacuate Collection Set: 131.34ms
[2511.853s][info][gc,phases      ] GC(445)   Post Evacuate Collection Set: 0.95ms
[2511.853s][info][gc,phases      ] GC(445)   Other: 0.09ms
[2511.853s][info][gc,heap        ] GC(445) Eden regions: 1111->0(1118)
[2511.853s][info][gc,heap        ] GC(445) Survivor regions: 109->110(153)
[2511.853s][info][gc,heap        ] GC(445) Old regions: 536->471
[2511.853s][info][gc,heap        ] GC(445) Humongous regions: 80->80
[2511.853s][info][gc,metaspace   ] GC(445) Metaspace: 28964K(29248K)->28964K(29248K) NonClass: 24080K(24192K)->24080K(24192K) Class: 4883K(5056K)->4883K(5056K)
[2511.853s][info][gc             ] GC(445) Pause Young (Mixed) (G1 Evacuation Pause) 3671M->1320M(4096M) 133.653ms
[2511.853s][info][gc,cpu         ] GC(445) User=0.79s Sys=0.00s Real=0.14s
.....[2516.446s][info][gc,start       ] GC(446) Pause Young (Concurrent Start) (G1 Evacuation Pause)
[2516.446s][info][gc,task        ] GC(446) Using 6 workers of 6 for evacuation
[2516.562s][info][gc,phases      ] GC(446)   Pre Evacuate Collection Set: 0.38ms
[2516.562s][info][gc,phases      ] GC(446)   Merge Heap Roots: 0.52ms
[2516.562s][info][gc,phases      ] GC(446)   Evacuate Collection Set: 114.34ms
[2516.562s][info][gc,phases      ] GC(446)   Post Evacuate Collection Set: 0.89ms
[2516.562s][info][gc,phases      ] GC(446)   Other: 0.12ms
[2516.562s][info][gc,heap        ] GC(446) Eden regions: 1118->0(1119)
[2516.562s][info][gc,heap        ] GC(446) Survivor regions: 110->109(154)
[2516.562s][info][gc,heap        ] GC(446) Old regions: 471->503
[2516.562s][info][gc,heap        ] GC(446) Humongous regions: 80->80
[2516.562s][info][gc,metaspace   ] GC(446) Metaspace: 28964K(29248K)->28964K(29248K) NonClass: 24080K(24192K)->24080K(24192K) Class: 4883K(5056K)->4883K(5056K)
[2516.562s][info][gc             ] GC(446) Pause Young (Concurrent Start) (G1 Evacuation Pause) 3556M->1383M(4096M) 116.406ms
[2516.562s][info][gc             ] GC(447) Concurrent Mark Cycle
[2516.562s][info][gc,marking     ] GC(447) Concurrent Scan Root Regions
[2516.562s][info][gc,cpu         ] GC(446) User=0.69s Sys=0.00s Real=0.12s
[2516.711s][info][gc,marking     ] GC(447) Concurrent Scan Root Regions 148.451ms
[2516.711s][info][gc,marking     ] GC(447) Concurrent Mark
[2516.711s][info][gc,marking     ] GC(447) Concurrent Mark From Roots
[2516.711s][info][gc,task        ] GC(447) Using 2 workers of 2 for marking
.[2517.353s][info][gc,marking     ] GC(447) Concurrent Mark From Roots 642.881ms
[2517.354s][info][gc,marking     ] GC(447) Concurrent Preclean
[2517.354s][info][gc,marking     ] GC(447) Concurrent Preclean 0.056ms
[2517.355s][info][gc,start       ] GC(447) Pause Remark
[2517.357s][info][gc             ] GC(447) Pause Remark 1850M->1850M(4096M) 2.325ms
[2517.357s][info][gc,cpu         ] GC(447) User=0.01s Sys=0.00s Real=0.00s
[2517.358s][info][gc,marking     ] GC(447) Concurrent Mark 647.384ms
[2517.358s][info][gc,marking     ] GC(447) Concurrent Rebuild Remembered Sets and Scrub Regions
[2517.596s][info][gc,marking     ] GC(447) Concurrent Rebuild Remembered Sets and Scrub Regions 237.778ms
[2517.597s][info][gc,start       ] GC(447) Pause Cleanup
[2517.598s][info][gc             ] GC(447) Pause Cleanup 1985M->1985M(4096M) 0.142ms
[2517.598s][info][gc,cpu         ] GC(447) User=0.00s Sys=0.00s Real=0.00s
[2517.598s][info][gc,marking     ] GC(447) Concurrent Clear Claimed Marks
[2517.598s][info][gc,marking     ] GC(447) Concurrent Clear Claimed Marks 0.032ms
[2517.598s][info][gc,marking     ] GC(447) Concurrent Cleanup for Next Mark
[2517.602s][info][gc,marking     ] GC(447) Concurrent Cleanup for Next Mark 4.627ms
[2517.602s][info][gc             ] GC(447) Concurrent Mark Cycle 1040.309ms
....[2521.146s][info][gc,start       ] GC(448) Pause Young (Prepare Mixed) (G1 Evacuation Pause)
[2521.146s][info][gc,task        ] GC(448) Using 6 workers of 6 for evacuation
[2521.268s][info][gc,phases      ] GC(448)   Pre Evacuate Collection Set: 0.34ms
[2521.269s][info][gc,phases      ] GC(448)   Merge Heap Roots: 0.66ms
[2521.269s][info][gc,phases      ] GC(448)   Evacuate Collection Set: 120.76ms
[2521.269s][info][gc,phases      ] GC(448)   Post Evacuate Collection Set: 0.96ms
[2521.269s][info][gc,phases      ] GC(448)   Other: 0.10ms
[2521.269s][info][gc,heap        ] GC(448) Eden regions: 1119->0(1103)
[2521.269s][info][gc,heap        ] GC(448) Survivor regions: 109->113(154)
[2521.269s][info][gc,heap        ] GC(448) Old regions: 503->536
[2521.269s][info][gc,heap        ] GC(448) Humongous regions: 80->80
[2521.269s][info][gc,metaspace   ] GC(448) Metaspace: 28964K(29248K)->28964K(29248K) NonClass: 24080K(24192K)->24080K(24192K) Class: 4883K(5056K)->4883K(5056K)
[2521.269s][info][gc             ] GC(448) Pause Young (Prepare Mixed) (G1 Evacuation Pause) 3621M->1456M(4096M) 122.959ms
[2521.269s][info][gc,cpu         ] GC(448) User=0.74s Sys=0.00s Real=0.12s
....[2525.713s][info][gc,start       ] GC(449) Pause Young (Mixed) (G1 Evacuation Pause)
[2525.713s][info][gc,task        ] GC(449) Using 6 workers of 6 for evacuation
[2525.848s][info][gc,phases      ] GC(449)   Pre Evacuate Collection Set: 0.41ms
[2525.848s][info][gc,phases      ] GC(449)   Merge Heap Roots: 0.77ms
[2525.848s][info][gc,phases      ] GC(449)   Evacuate Collection Set: 133.19ms
[2525.848s][info][gc,phases      ] GC(449)   Post Evacuate Collection Set: 0.90ms
[2525.848s][info][gc,phases      ] GC(449)   Other: 0.09ms
[2525.848s][info][gc,heap        ] GC(449) Eden regions: 1103->0(1118)
[2525.848s][info][gc,heap        ] GC(449) Survivor regions: 113->110(152)
[2525.848s][info][gc,heap        ] GC(449) Old regions: 536->474
[2525.848s][info][gc,heap        ] GC(449) Humongous regions: 80->80
[2525.848s][info][gc,metaspace   ] GC(449) Metaspace: 28964K(29248K)->28964K(29248K) NonClass: 24080K(24192K)->24080K(24192K) Class: 4883K(5056K)->4883K(5056K)
[2525.848s][info][gc             ] GC(449) Pause Young (Mixed) (G1 Evacuation Pause) 3662M->1326M(4096M) 135.486ms
[2525.848s][info][gc,cpu         ] GC(449) User=0.81s Sys=0.00s Real=0.13s
.....[2530.455s][info][gc,start       ] GC(450) Pause Young (Concurrent Start) (G1 Evacuation Pause)
[2530.455s][info][gc,task        ] GC(450) Using 6 workers of 6 for evacuation
[2530.575s][info][gc,phases      ] GC(450)   Pre Evacuate Collection Set: 0.37ms
[2530.575s][info][gc,phases      ] GC(450)   Merge Heap Roots: 0.51ms
[2530.575s][info][gc,phases      ] GC(450)   Evacuate Collection Set: 118.45ms
[2530.575s][info][gc,phases      ] GC(450)   Post Evacuate Collection Set: 0.92ms
[2530.575s][info][gc,phases      ] GC(450)   Other: 0.09ms
[2530.575s][info][gc,heap        ] GC(450) Eden regions: 1118->0(1116)
[2530.575s][info][gc,heap        ] GC(450) Survivor regions: 110->112(154)
[2530.575s][info][gc,heap        ] GC(450) Old regions: 474->506
[2530.575s][info][gc,heap        ] GC(450) Humongous regions: 80->80
[2530.575s][info][gc,metaspace   ] GC(450) Metaspace: 28964K(29248K)->28964K(29248K) NonClass: 24080K(24192K)->24080K(24192K) Class: 4883K(5056K)->4883K(5056K)
[2530.576s][info][gc             ] GC(450) Pause Young (Concurrent Start) (G1 Evacuation Pause) 3562M->1394M(4096M) 120.472ms
[2530.576s][info][gc             ] GC(451) Concurrent Mark Cycle
[2530.576s][info][gc,marking     ] GC(451) Concurrent Scan Root Regions
[2530.576s][info][gc,cpu         ] GC(450) User=0.71s Sys=0.00s Real=0.12s
[2530.719s][info][gc,marking     ] GC(451) Concurrent Scan Root Regions 143.305ms
[2530.719s][info][gc,marking     ] GC(451) Concurrent Mark
[2530.719s][info][gc,marking     ] GC(451) Concurrent Mark From Roots
[2530.719s][info][gc,task        ] GC(451) Using 2 workers of 2 for marking
.[2531.351s][info][gc,marking     ] GC(451) Concurrent Mark From Roots 631.605ms
[2531.351s][info][gc,marking     ] GC(451) Concurrent Preclean
[2531.351s][info][gc,marking     ] GC(451) Concurrent Preclean 0.070ms
[2531.351s][info][gc,start       ] GC(451) Pause Remark
[2531.353s][info][gc             ] GC(451) Pause Remark 1804M->1804M(4096M) 2.740ms
[2531.354s][info][gc,cpu         ] GC(451) User=0.01s Sys=0.00s Real=0.01s
[2531.354s][info][gc,marking     ] GC(451) Concurrent Mark 634.680ms
[2531.354s][info][gc,marking     ] GC(451) Concurrent Rebuild Remembered Sets and Scrub Regions
[2531.583s][info][gc,marking     ] GC(451) Concurrent Rebuild Remembered Sets and Scrub Regions 229.664ms
[2531.583s][info][gc,start       ] GC(451) Pause Cleanup
[2531.584s][info][gc             ] GC(451) Pause Cleanup 1918M->1918M(4096M) 0.121ms
[2531.584s][info][gc,cpu         ] GC(451) User=0.00s Sys=0.00s Real=0.00s
[2531.584s][info][gc,marking     ] GC(451) Concurrent Clear Claimed Marks
[2531.584s][info][gc,marking     ] GC(451) Concurrent Clear Claimed Marks 0.025ms
[2531.584s][info][gc,marking     ] GC(451) Concurrent Cleanup for Next Mark
[2531.587s][info][gc,marking     ] GC(451) Concurrent Cleanup for Next Mark 3.178ms
[2531.587s][info][gc             ] GC(451) Concurrent Mark Cycle 1011.292ms
. (rIR:aIR:PR = 4013:4012:4012) (tPR = 59596) [OK] 
  2531s: Performance info:
         Transaction,    Success,    Partial,     Failed,   Receipts, AvgBarcode, 
             Overall,     241809,          0,          0,     229731,      59.48, 
         Response times:
             Request,    Success,    Partial,     Failed,   SkipFail,     Probes,    Samples,      min,      p50,      p90,      p95,      p99,      max, 
       TotalPurchase,     229731,          0,          0,          0,     225839,     245146,      300,     3300,     6000,     9600,    39000,   202000,
     InStorePurchase,     120902,          0,          0,          0,     119181,     129208,      300,     3300,     6000,     9900,    39000,   202000,
      OnlinePurchase,      84666,          0,          0,          0,      83162,      90128,      300,     3400,     6100,     9600,    40000,   170000,
        InstPurchase,      24163,          0,          0,          0,      23496,      25810,      400,     2900,     5500,     8300,    35000,   141000,
          AssocOfCat,        240,          0,          0,          0,        194,        268,    21000,    32000,    54100,    78200,   181410,   198000,
      AssocOfProduct,       2411,          0,          0,          0,       2153,       2468,      500,     3400,     5700,     8900,    40620,   137000,
      BusinessReport,        608,          0,          0,          0,        526,        652,    22000,    35000,    58000,    78000,   169000,   267000,
          CustBuyBeh,       2407,          0,          0,          0,       2202,       2547,      200,     2300,     4200,     8160,    27000,   134000,
       ProductReturn,       6412,          0,          0,          0,       6077,       6792,      200,     3500,     6200,    11135,    45000,   137000,

  2531s: (30%)   IR =   4151 ...[2535.087s][info][gc,start       ] GC(452) Pause Young (Prepare Mixed) (G1 Evacuation Pause)
[2535.087s][info][gc,task        ] GC(452) Using 6 workers of 6 for evacuation
[2535.204s][info][gc,phases      ] GC(452)   Pre Evacuate Collection Set: 0.34ms
[2535.204s][info][gc,phases      ] GC(452)   Merge Heap Roots: 0.59ms
[2535.204s][info][gc,phases      ] GC(452)   Evacuate Collection Set: 114.30ms
[2535.204s][info][gc,phases      ] GC(452)   Post Evacuate Collection Set: 0.96ms
[2535.204s][info][gc,phases      ] GC(452)   Other: 0.10ms
[2535.204s][info][gc,heap        ] GC(452) Eden regions: 1116->0(1108)
[2535.204s][info][gc,heap        ] GC(452) Survivor regions: 112->110(154)
[2535.204s][info][gc,heap        ] GC(452) Old regions: 506->537
[2535.204s][info][gc,heap        ] GC(452) Humongous regions: 80->80
[2535.204s][info][gc,metaspace   ] GC(452) Metaspace: 28964K(29248K)->28964K(29248K) NonClass: 24080K(24192K)->24080K(24192K) Class: 4883K(5056K)->4883K(5056K)
[2535.204s][info][gc             ] GC(452) Pause Young (Prepare Mixed) (G1 Evacuation Pause) 3626M->1452M(4096M) 116.419ms
[2535.204s][info][gc,cpu         ] GC(452) User=0.70s Sys=0.00s Real=0.12s
...|.[2539.592s][info][gc,start       ] GC(453) Pause Young (Mixed) (G1 Evacuation Pause)
[2539.592s][info][gc,task        ] GC(453) Using 6 workers of 6 for evacuation
[2539.725s][info][gc,phases      ] GC(453)   Pre Evacuate Collection Set: 0.39ms
[2539.725s][info][gc,phases      ] GC(453)   Merge Heap Roots: 0.78ms
[2539.725s][info][gc,phases      ] GC(453)   Evacuate Collection Set: 131.26ms
[2539.725s][info][gc,phases      ] GC(453)   Post Evacuate Collection Set: 0.94ms
[2539.725s][info][gc,phases      ] GC(453)   Other: 0.09ms
[2539.725s][info][gc,heap        ] GC(453) Eden regions: 1108->0(1120)
[2539.725s][info][gc,heap        ] GC(453) Survivor regions: 110->108(153)
[2539.725s][info][gc,heap        ] GC(453) Old regions: 537->474
[2539.725s][info][gc,heap        ] GC(453) Humongous regions: 80->80
[2539.725s][info][gc,metaspace   ] GC(453) Metaspace: 28965K(29248K)->28965K(29248K) NonClass: 24081K(24192K)->24081K(24192K) Class: 4883K(5056K)->4883K(5056K)
[2539.725s][info][gc             ] GC(453) Pause Young (Mixed) (G1 Evacuation Pause) 3668M->1323M(4096M) 133.632ms
[2539.725s][info][gc,cpu         ] GC(453) User=0.79s Sys=0.00s Real=0.13s
.....[2544.167s][info][gc,start       ] GC(454) Pause Young (Concurrent Start) (G1 Evacuation Pause)
[2544.167s][info][gc,task        ] GC(454) Using 6 workers of 6 for evacuation
[2544.286s][info][gc,phases      ] GC(454)   Pre Evacuate Collection Set: 0.40ms
[2544.286s][info][gc,phases      ] GC(454)   Merge Heap Roots: 0.48ms
[2544.286s][info][gc,phases      ] GC(454)   Evacuate Collection Set: 117.48ms
[2544.286s][info][gc,phases      ] GC(454)   Post Evacuate Collection Set: 0.96ms
[2544.286s][info][gc,phases      ] GC(454)   Other: 0.10ms
[2544.286s][info][gc,heap        ] GC(454) Eden regions: 1120->0(1117)
[2544.286s][info][gc,heap        ] GC(454) Survivor regions: 108->111(154)
[2544.286s][info][gc,heap        ] GC(454) Old regions: 474->506
[2544.286s][info][gc,heap        ] GC(454) Humongous regions: 80->80
[2544.286s][info][gc,metaspace   ] GC(454) Metaspace: 28965K(29248K)->28965K(29248K) NonClass: 24081K(24192K)->24081K(24192K) Class: 4883K(5056K)->4883K(5056K)
[2544.286s][info][gc             ] GC(454) Pause Young (Concurrent Start) (G1 Evacuation Pause) 3563M->1391M(4096M) 119.570ms
[2544.287s][info][gc             ] GC(455) Concurrent Mark Cycle
[2544.287s][info][gc,marking     ] GC(455) Concurrent Scan Root Regions
[2544.287s][info][gc,cpu         ] GC(454) User=0.71s Sys=0.00s Real=0.12s
[2544.420s][info][gc,marking     ] GC(455) Concurrent Scan Root Regions 133.771ms
[2544.420s][info][gc,marking     ] GC(455) Concurrent Mark
[2544.420s][info][gc,marking     ] GC(455) Concurrent Mark From Roots
[2544.420s][info][gc,task        ] GC(455) Using 2 workers of 2 for marking
.[2545.053s][info][gc,marking     ] GC(455) Concurrent Mark From Roots 632.692ms
[2545.053s][info][gc,marking     ] GC(455) Concurrent Preclean
[2545.053s][info][gc,marking     ] GC(455) Concurrent Preclean 0.072ms
[2545.053s][info][gc,start       ] GC(455) Pause Remark
[2545.056s][info][gc             ] GC(455) Pause Remark 1820M->1820M(4096M) 2.731ms
[2545.056s][info][gc,cpu         ] GC(455) User=0.02s Sys=0.00s Real=0.00s
[2545.056s][info][gc,marking     ] GC(455) Concurrent Mark 635.736ms
[2545.056s][info][gc,marking     ] GC(455) Concurrent Rebuild Remembered Sets and Scrub Regions
[2545.263s][info][gc,marking     ] GC(455) Concurrent Rebuild Remembered Sets and Scrub Regions 207.163ms
[2545.264s][info][gc,start       ] GC(455) Pause Cleanup
[2545.264s][info][gc             ] GC(455) Pause Cleanup 1929M->1929M(4096M) 0.123ms
[2545.264s][info][gc,cpu         ] GC(455) User=0.00s Sys=0.00s Real=0.00s
[2545.264s][info][gc,marking     ] GC(455) Concurrent Clear Claimed Marks
[2545.264s][info][gc,marking     ] GC(455) Concurrent Clear Claimed Marks 0.032ms
[2545.264s][info][gc,marking     ] GC(455) Concurrent Cleanup for Next Mark
[2545.271s][info][gc,marking     ] GC(455) Concurrent Cleanup for Next Mark 6.313ms
[2545.271s][info][gc             ] GC(455) Concurrent Mark Cycle 984.071ms
...[2548.720s][info][gc,start       ] GC(456) Pause Young (Prepare Mixed) (G1 Evacuation Pause)
[2548.720s][info][gc,task        ] GC(456) Using 6 workers of 6 for evacuation
[2548.836s][info][gc,phases      ] GC(456)   Pre Evacuate Collection Set: 0.37ms
[2548.836s][info][gc,phases      ] GC(456)   Merge Heap Roots: 0.54ms
[2548.836s][info][gc,phases      ] GC(456)   Evacuate Collection Set: 113.06ms
[2548.836s][info][gc,phases      ] GC(456)   Post Evacuate Collection Set: 0.95ms
[2548.836s][info][gc,phases      ] GC(456)   Other: 0.09ms
[2548.836s][info][gc,heap        ] GC(456) Eden regions: 1117->0(1109)
[2548.836s][info][gc,heap        ] GC(456) Survivor regions: 111->109(154)
[2548.836s][info][gc,heap        ] GC(456) Old regions: 506->538
[2548.836s][info][gc,heap        ] GC(456) Humongous regions: 80->80
[2548.836s][info][gc,metaspace   ] GC(456) Metaspace: 28965K(29248K)->28965K(29248K) NonClass: 24081K(24192K)->24081K(24192K) Class: 4883K(5056K)->4883K(5056K)
[2548.836s][info][gc             ] GC(456) Pause Young (Prepare Mixed) (G1 Evacuation Pause) 3625M->1451M(4096M) 115.173ms
[2548.836s][info][gc,cpu         ] GC(456) User=0.69s Sys=0.00s Real=0.12s
.....[2553.257s][info][gc,start       ] GC(457) Pause Young (Mixed) (G1 Evacuation Pause)
[2553.257s][info][gc,task        ] GC(457) Using 6 workers of 6 for evacuation
[2553.389s][info][gc,phases      ] GC(457)   Pre Evacuate Collection Set: 0.45ms
[2553.389s][info][gc,phases      ] GC(457)   Merge Heap Roots: 0.69ms
[2553.389s][info][gc,phases      ] GC(457)   Evacuate Collection Set: 129.63ms
[2553.389s][info][gc,phases      ] GC(457)   Post Evacuate Collection Set: 0.96ms
[2553.389s][info][gc,phases      ] GC(457)   Other: 0.09ms
[2553.389s][info][gc,heap        ] GC(457) Eden regions: 1109->0(1119)
[2553.389s][info][gc,heap        ] GC(457) Survivor regions: 109->109(153)
[2553.389s][info][gc,heap        ] GC(457) Old regions: 538->472
[2553.389s][info][gc,heap        ] GC(457) Humongous regions: 80->80
[2553.389s][info][gc,metaspace   ] GC(457) Metaspace: 28965K(29248K)->28965K(29248K) NonClass: 24081K(24192K)->24081K(24192K) Class: 4883K(5056K)->4883K(5056K)
[2553.389s][info][gc             ] GC(457) Pause Young (Mixed) (G1 Evacuation Pause) 3669M->1321M(4096M) 131.930ms
[2553.389s][info][gc,cpu         ] GC(457) User=0.78s Sys=0.00s Real=0.13s
....[2557.843s][info][gc,start       ] GC(458) Pause Young (Concurrent Start) (G1 Evacuation Pause)
[2557.843s][info][gc,task        ] GC(458) Using 6 workers of 6 for evacuation
[2557.960s][info][gc,phases      ] GC(458)   Pre Evacuate Collection Set: 0.42ms
[2557.960s][info][gc,phases      ] GC(458)   Merge Heap Roots: 0.48ms
[2557.960s][info][gc,phases      ] GC(458)   Evacuate Collection Set: 114.18ms
[2557.960s][info][gc,phases      ] GC(458)   Post Evacuate Collection Set: 0.90ms
[2557.960s][info][gc,phases      ] GC(458)   Other: 0.13ms
[2557.960s][info][gc,heap        ] GC(458) Eden regions: 1119->0(1119)
[2557.960s][info][gc,heap        ] GC(458) Survivor regions: 109->109(154)
[2557.960s][info][gc,heap        ] GC(458) Old regions: 472->505
[2557.960s][info][gc,heap        ] GC(458) Humongous regions: 80->80
[2557.960s][info][gc,metaspace   ] GC(458) Metaspace: 28965K(29248K)->28965K(29248K) NonClass: 24081K(24192K)->24081K(24192K) Class: 4883K(5056K)->4883K(5056K)
[2557.960s][info][gc             ] GC(458) Pause Young (Concurrent Start) (G1 Evacuation Pause) 3559M->1386M(4096M) 116.241ms
[2557.960s][info][gc             ] GC(459) Concurrent Mark Cycle
[2557.960s][info][gc,marking     ] GC(459) Concurrent Scan Root Regions
[2557.960s][info][gc,cpu         ] GC(458) User=0.69s Sys=0.00s Real=0.11s
.[2558.143s][info][gc,marking     ] GC(459) Concurrent Scan Root Regions 183.008ms
[2558.143s][info][gc,marking     ] GC(459) Concurrent Mark
[2558.143s][info][gc,marking     ] GC(459) Concurrent Mark From Roots
[2558.143s][info][gc,task        ] GC(459) Using 2 workers of 2 for marking
[2558.881s][info][gc,marking     ] GC(459) Concurrent Mark From Roots 737.932ms
[2558.881s][info][gc,marking     ] GC(459) Concurrent Preclean
[2558.881s][info][gc,marking     ] GC(459) Concurrent Preclean 0.062ms
[2558.881s][info][gc,start       ] GC(459) Pause Remark
[2558.884s][info][gc             ] GC(459) Pause Remark 1932M->1932M(4096M) 3.453ms
[2558.884s][info][gc,cpu         ] GC(459) User=0.01s Sys=0.00s Real=0.00s
[2558.884s][info][gc,marking     ] GC(459) Concurrent Mark 741.730ms
[2558.884s][info][gc,marking     ] GC(459) Concurrent Rebuild Remembered Sets and Scrub Regions
.[2559.145s][info][gc,marking     ] GC(459) Concurrent Rebuild Remembered Sets and Scrub Regions 260.047ms
[2559.145s][info][gc,start       ] GC(459) Pause Cleanup
[2559.145s][info][gc             ] GC(459) Pause Cleanup 2054M->2054M(4096M) 0.135ms
[2559.145s][info][gc,cpu         ] GC(459) User=0.00s Sys=0.00s Real=0.00s
[2559.145s][info][gc,marking     ] GC(459) Concurrent Clear Claimed Marks
[2559.145s][info][gc,marking     ] GC(459) Concurrent Clear Claimed Marks 0.027ms
[2559.145s][info][gc,marking     ] GC(459) Concurrent Cleanup for Next Mark
[2559.149s][info][gc,marking     ] GC(459) Concurrent Cleanup for Next Mark 4.205ms
[2559.149s][info][gc             ] GC(459) Concurrent Mark Cycle 1189.485ms
...[2562.369s][info][gc,start       ] GC(460) Pause Young (Prepare Mixed) (G1 Evacuation Pause)
[2562.369s][info][gc,task        ] GC(460) Using 6 workers of 6 for evacuation
[2562.484s][info][gc,phases      ] GC(460)   Pre Evacuate Collection Set: 0.34ms
[2562.484s][info][gc,phases      ] GC(460)   Merge Heap Roots: 0.55ms
[2562.484s][info][gc,phases      ] GC(460)   Evacuate Collection Set: 113.67ms
[2562.484s][info][gc,phases      ] GC(460)   Post Evacuate Collection Set: 0.96ms
[2562.484s][info][gc,phases      ] GC(460)   Other: 0.09ms
[2562.484s][info][gc,heap        ] GC(460) Eden regions: 1119->0(1112)
[2562.484s][info][gc,heap        ] GC(460) Survivor regions: 109->108(154)
[2562.484s][info][gc,heap        ] GC(460) Old regions: 505->537
[2562.484s][info][gc,heap        ] GC(460) Humongous regions: 80->80
[2562.484s][info][gc,metaspace   ] GC(460) Metaspace: 28965K(29248K)->28965K(29248K) NonClass: 24081K(24192K)->24081K(24192K) Class: 4883K(5056K)->4883K(5056K)
[2562.484s][info][gc             ] GC(460) Pause Young (Prepare Mixed) (G1 Evacuation Pause) 3624M->1448M(4096M) 115.748ms
[2562.484s][info][gc,cpu         ] GC(460) User=0.69s Sys=0.00s Real=0.12s
....[2566.911s][info][gc,start       ] GC(461) Pause Young (Mixed) (G1 Evacuation Pause)
[2566.911s][info][gc,task        ] GC(461) Using 6 workers of 6 for evacuation
[2567.046s][info][gc,phases      ] GC(461)   Pre Evacuate Collection Set: 0.40ms
[2567.046s][info][gc,phases      ] GC(461)   Merge Heap Roots: 0.81ms
[2567.046s][info][gc,phases      ] GC(461)   Evacuate Collection Set: 132.46ms
[2567.046s][info][gc,phases      ] GC(461)   Post Evacuate Collection Set: 1.00ms
[2567.046s][info][gc,phases      ] GC(461)   Other: 0.09ms
[2567.046s][info][gc,heap        ] GC(461) Eden regions: 1112->0(1118)
[2567.046s][info][gc,heap        ] GC(461) Survivor regions: 108->110(153)
[2567.046s][info][gc,heap        ] GC(461) Old regions: 537->473
[2567.046s][info][gc,heap        ] GC(461) Humongous regions: 80->80
[2567.046s][info][gc,metaspace   ] GC(461) Metaspace: 28965K(29248K)->28965K(29248K) NonClass: 24081K(24192K)->24081K(24192K) Class: 4883K(5056K)->4883K(5056K)
[2567.046s][info][gc             ] GC(461) Pause Young (Mixed) (G1 Evacuation Pause) 3672M->1324M(4096M) 134.919ms
[2567.046s][info][gc,cpu         ] GC(461) User=0.81s Sys=0.00s Real=0.13s
.....[2571.508s][info][gc,start       ] GC(462) Pause Young (Concurrent Start) (G1 Evacuation Pause)
[2571.508s][info][gc,task        ] GC(462) Using 6 workers of 6 for evacuation
[2571.623s][info][gc,phases      ] GC(462)   Pre Evacuate Collection Set: 0.40ms
[2571.623s][info][gc,phases      ] GC(462)   Merge Heap Roots: 0.50ms
[2571.623s][info][gc,phases      ] GC(462)   Evacuate Collection Set: 113.35ms
[2571.623s][info][gc,phases      ] GC(462)   Post Evacuate Collection Set: 0.91ms
[2571.623s][info][gc,phases      ] GC(462)   Other: 0.11ms
[2571.623s][info][gc,heap        ] GC(462) Eden regions: 1118->0(1120)
[2571.623s][info][gc,heap        ] GC(462) Survivor regions: 110->108(154)
[2571.623s][info][gc,heap        ] GC(462) Old regions: 473->505
[2571.623s][info][gc,heap        ] GC(462) Humongous regions: 80->80
[2571.623s][info][gc,metaspace   ] GC(462) Metaspace: 28965K(29248K)->28965K(29248K) NonClass: 24081K(24192K)->24081K(24192K) Class: 4883K(5056K)->4883K(5056K)
[2571.623s][info][gc             ] GC(462) Pause Young (Concurrent Start) (G1 Evacuation Pause) 3560M->1385M(4096M) 115.418ms
[2571.623s][info][gc             ] GC(463) Concurrent Mark Cycle
[2571.623s][info][gc,marking     ] GC(463) Concurrent Scan Root Regions
[2571.623s][info][gc,cpu         ] GC(462) User=0.68s Sys=0.00s Real=0.12s
[2571.816s][info][gc,marking     ] GC(463) Concurrent Scan Root Regions 192.927ms
[2571.816s][info][gc,marking     ] GC(463) Concurrent Mark
[2571.816s][info][gc,marking     ] GC(463) Concurrent Mark From Roots
[2571.816s][info][gc,task        ] GC(463) Using 2 workers of 2 for marking
.[2572.521s][info][gc,marking     ] GC(463) Concurrent Mark From Roots 704.709ms
[2572.521s][info][gc,marking     ] GC(463) Concurrent Preclean
[2572.521s][info][gc,marking     ] GC(463) Concurrent Preclean 0.078ms
[2572.521s][info][gc,start       ] GC(463) Pause Remark
[2572.524s][info][gc             ] GC(463) Pause Remark 1894M->1894M(4096M) 2.747ms
[2572.524s][info][gc,cpu         ] GC(463) User=0.01s Sys=0.00s Real=0.00s
[2572.525s][info][gc,marking     ] GC(463) Concurrent Mark 708.626ms
[2572.525s][info][gc,marking     ] GC(463) Concurrent Rebuild Remembered Sets and Scrub Regions
[2572.885s][info][gc,marking     ] GC(463) Concurrent Rebuild Remembered Sets and Scrub Regions 359.800ms
[2572.885s][info][gc,start       ] GC(463) Pause Cleanup
[2572.885s][info][gc             ] GC(463) Pause Cleanup 2064M->2064M(4096M) 0.131ms
[2572.885s][info][gc,cpu         ] GC(463) User=0.00s Sys=0.00s Real=0.00s
[2572.885s][info][gc,marking     ] GC(463) Concurrent Clear Claimed Marks
[2572.885s][info][gc,marking     ] GC(463) Concurrent Clear Claimed Marks 0.030ms
[2572.885s][info][gc,marking     ] GC(463) Concurrent Cleanup for Next Mark
[2572.888s][info][gc,marking     ] GC(463) Concurrent Cleanup for Next Mark 3.248ms
[2572.888s][info][gc             ] GC(463) Concurrent Mark Cycle 1265.106ms
...[2576.012s][info][gc,start       ] GC(464) Pause Young (Prepare Mixed) (G1 Evacuation Pause)
[2576.012s][info][gc,task        ] GC(464) Using 6 workers of 6 for evacuation
[2576.137s][info][gc,phases      ] GC(464)   Pre Evacuate Collection Set: 0.33ms
[2576.137s][info][gc,phases      ] GC(464)   Merge Heap Roots: 0.64ms
[2576.137s][info][gc,phases      ] GC(464)   Evacuate Collection Set: 122.91ms
[2576.137s][info][gc,phases      ] GC(464)   Post Evacuate Collection Set: 0.96ms
[2576.137s][info][gc,phases      ] GC(464)   Other: 0.09ms
[2576.137s][info][gc,heap        ] GC(464) Eden regions: 1120->0(1097)
[2576.137s][info][gc,heap        ] GC(464) Survivor regions: 108->115(154)
[2576.137s][info][gc,heap        ] GC(464) Old regions: 505->538
[2576.137s][info][gc,heap        ] GC(464) Humongous regions: 80->80
[2576.137s][info][gc,metaspace   ] GC(464) Metaspace: 28965K(29248K)->28965K(29248K) NonClass: 24081K(24192K)->24081K(24192K) Class: 4883K(5056K)->4883K(5056K)
[2576.137s][info][gc             ] GC(464) Pause Young (Prepare Mixed) (G1 Evacuation Pause) 3625M->1463M(4096M) 125.062ms
[2576.137s][info][gc,cpu         ] GC(464) User=0.74s Sys=0.00s Real=0.12s
.....[2580.515s][info][gc,start       ] GC(465) Pause Young (Mixed) (G1 Evacuation Pause)
[2580.515s][info][gc,task        ] GC(465) Using 6 workers of 6 for evacuation
[2580.646s][info][gc,phases      ] GC(465)   Pre Evacuate Collection Set: 0.46ms
[2580.646s][info][gc,phases      ] GC(465)   Merge Heap Roots: 0.79ms
[2580.646s][info][gc,phases      ] GC(465)   Evacuate Collection Set: 127.95ms
[2580.646s][info][gc,phases      ] GC(465)   Post Evacuate Collection Set: 0.97ms
[2580.646s][info][gc,phases      ] GC(465)   Other: 0.10ms
[2580.646s][info][gc,heap        ] GC(465) Eden regions: 1097->0(1121)
[2580.646s][info][gc,heap        ] GC(465) Survivor regions: 115->107(152)
[2580.646s][info][gc,heap        ] GC(465) Old regions: 538->474
[2580.646s][info][gc,heap        ] GC(465) Humongous regions: 80->80
[2580.646s][info][gc,metaspace   ] GC(465) Metaspace: 28965K(29248K)->28965K(29248K) NonClass: 24081K(24192K)->24081K(24192K) Class: 4883K(5056K)->4883K(5056K)
[2580.646s][info][gc             ] GC(465) Pause Young (Mixed) (G1 Evacuation Pause) 3657M->1320M(4096M) 130.419ms
[2580.646s][info][gc,cpu         ] GC(465) User=0.77s Sys=0.01s Real=0.13s
....[2585.163s][info][gc,start       ] GC(466) Pause Young (Concurrent Start) (G1 Evacuation Pause)
[2585.163s][info][gc,task        ] GC(466) Using 6 workers of 6 for evacuation
[2585.278s][info][gc,phases      ] GC(466)   Pre Evacuate Collection Set: 0.39ms
[2585.278s][info][gc,phases      ] GC(466)   Merge Heap Roots: 0.49ms
[2585.278s][info][gc,phases      ] GC(466)   Evacuate Collection Set: 113.76ms
[2585.278s][info][gc,phases      ] GC(466)   Post Evacuate Collection Set: 0.90ms
[2585.278s][info][gc,phases      ] GC(466)   Other: 0.13ms
[2585.278s][info][gc,heap        ] GC(466) Eden regions: 1121->0(1118)
[2585.278s][info][gc,heap        ] GC(466) Survivor regions: 107->110(154)
[2585.278s][info][gc,heap        ] GC(466) Old regions: 474->506
[2585.278s][info][gc,heap        ] GC(466) Humongous regions: 80->80
[2585.278s][info][gc,metaspace   ] GC(466) Metaspace: 28965K(29248K)->28965K(29248K) NonClass: 24081K(24192K)->24081K(24192K) Class: 4883K(5056K)->4883K(5056K)
[2585.278s][info][gc             ] GC(466) Pause Young (Concurrent Start) (G1 Evacuation Pause) 3562M->1389M(4096M) 115.796ms
[2585.278s][info][gc             ] GC(467) Concurrent Mark Cycle
[2585.278s][info][gc,marking     ] GC(467) Concurrent Scan Root Regions
[2585.279s][info][gc,cpu         ] GC(466) User=0.68s Sys=0.00s Real=0.11s
.[2585.456s][info][gc,marking     ] GC(467) Concurrent Scan Root Regions 177.650ms
[2585.456s][info][gc,marking     ] GC(467) Concurrent Mark
[2585.456s][info][gc,marking     ] GC(467) Concurrent Mark From Roots
[2585.456s][info][gc,task        ] GC(467) Using 2 workers of 2 for marking
[2586.011s][info][gc,marking     ] GC(467) Concurrent Mark From Roots 555.107ms
[2586.011s][info][gc,marking     ] GC(467) Concurrent Preclean
[2586.012s][info][gc,marking     ] GC(467) Concurrent Preclean 0.101ms
[2586.012s][info][gc,start       ] GC(467) Pause Remark
[2586.015s][info][gc             ] GC(467) Pause Remark 1857M->1857M(4096M) 3.214ms
[2586.015s][info][gc,cpu         ] GC(467) User=0.01s Sys=0.00s Real=0.00s
[2586.015s][info][gc,marking     ] GC(467) Concurrent Mark 558.793ms
[2586.015s][info][gc,marking     ] GC(467) Concurrent Rebuild Remembered Sets and Scrub Regions
[2586.276s][info][gc,marking     ] GC(467) Concurrent Rebuild Remembered Sets and Scrub Regions 260.479ms
[2586.276s][info][gc,start       ] GC(467) Pause Cleanup
[2586.276s][info][gc             ] GC(467) Pause Cleanup 1986M->1986M(4096M) 0.741ms
[2586.276s][info][gc,cpu         ] GC(467) User=0.00s Sys=0.00s Real=0.00s
[2586.276s][info][gc,marking     ] GC(467) Concurrent Clear Claimed Marks
[2586.277s][info][gc,marking     ] GC(467) Concurrent Clear Claimed Marks 0.032ms
[2586.277s][info][gc,marking     ] GC(467) Concurrent Cleanup for Next Mark
[2586.280s][info][gc,marking     ] GC(467) Concurrent Cleanup for Next Mark 3.840ms
[2586.280s][info][gc             ] GC(467) Concurrent Mark Cycle 1001.942ms
....[2589.696s][info][gc,start       ] GC(468) Pause Young (Prepare Mixed) (G1 Evacuation Pause)
[2589.696s][info][gc,task        ] GC(468) Using 6 workers of 6 for evacuation
[2589.813s][info][gc,phases      ] GC(468)   Pre Evacuate Collection Set: 0.33ms
[2589.813s][info][gc,phases      ] GC(468)   Merge Heap Roots: 0.62ms
[2589.813s][info][gc,phases      ] GC(468)   Evacuate Collection Set: 115.05ms
[2589.813s][info][gc,phases      ] GC(468)   Post Evacuate Collection Set: 0.94ms
[2589.813s][info][gc,phases      ] GC(468)   Other: 0.09ms
[2589.813s][info][gc,heap        ] GC(468) Eden regions: 1118->0(1107)
[2589.813s][info][gc,heap        ] GC(468) Survivor regions: 110->110(154)
[2589.813s][info][gc,heap        ] GC(468) Old regions: 506->538
[2589.813s][info][gc,heap        ] GC(468) Humongous regions: 80->80
[2589.813s][info][gc,metaspace   ] GC(468) Metaspace: 28965K(29248K)->28965K(29248K) NonClass: 24081K(24192K)->24081K(24192K) Class: 4883K(5056K)->4883K(5056K)
[2589.813s][info][gc             ] GC(468) Pause Young (Prepare Mixed) (G1 Evacuation Pause) 3625M->1453M(4096M) 117.195ms
[2589.813s][info][gc,cpu         ] GC(468) User=0.70s Sys=0.00s Real=0.12s
....[2594.156s][info][gc,start       ] GC(469) Pause Young (Mixed) (G1 Evacuation Pause)
[2594.156s][info][gc,task        ] GC(469) Using 6 workers of 6 for evacuation
[2594.291s][info][gc,phases      ] GC(469)   Pre Evacuate Collection Set: 0.38ms
[2594.291s][info][gc,phases      ] GC(469)   Merge Heap Roots: 0.77ms
[2594.291s][info][gc,phases      ] GC(469)   Evacuate Collection Set: 132.70ms
[2594.291s][info][gc,phases      ] GC(469)   Post Evacuate Collection Set: 0.95ms
[2594.291s][info][gc,phases      ] GC(469)   Other: 0.09ms
[2594.291s][info][gc,heap        ] GC(469) Eden regions: 1107->0(1118)
[2594.291s][info][gc,heap        ] GC(469) Survivor regions: 110->110(153)
[2594.291s][info][gc,heap        ] GC(469) Old regions: 538->472
[2594.291s][info][gc,heap        ] GC(469) Humongous regions: 80->80
[2594.291s][info][gc,metaspace   ] GC(469) Metaspace: 28967K(29248K)->28967K(29248K) NonClass: 24083K(24192K)->24083K(24192K) Class: 4883K(5056K)->4883K(5056K)
[2594.291s][info][gc             ] GC(469) Pause Young (Mixed) (G1 Evacuation Pause) 3667M->1322M(4096M) 135.022ms
[2594.291s][info][gc,cpu         ] GC(469) User=0.80s Sys=0.00s Real=0.14s
..... (rIR:aIR:PR = 4151:4148:4148) (tPR = 61614) [OK] 
  2598s: Performance info:
         Transaction,    Success,    Partial,     Failed,   Receipts, AvgBarcode, 
             Overall,     250887,          0,          0,     238318,      59.47, 
         Response times:
             Request,    Success,    Partial,     Failed,   SkipFail,     Probes,    Samples,      min,      p50,      p90,      p95,      p99,      max, 
       TotalPurchase,     238334,          0,          0,          0,     234349,     258638,      300,     3400,     6000,     9600,    56000,   220000,
     InStorePurchase,     125491,          0,          0,          0,     123782,     136436,      300,     3500,     6100,    10000,    58000,   220000,
      OnlinePurchase,      87763,          0,          0,          0,      86262,      94974,      300,     3200,     5900,     9000,    55000,   210000,
        InstPurchase,      25080,          0,          0,          0,      24305,      27228,      400,     3700,     6100,     9700,    53000,   220000,
          AssocOfCat,        251,          0,          0,          0,        194,        275,    21000,    32000,    49400,    68200,   274000,   274000,
      AssocOfProduct,       2516,          0,          0,          0,       2344,       2749,      600,     4300,     6700,    11400,    57000,   183000,
      BusinessReport,        631,          0,          0,          0,        522,        664,    23000,    35000,    51000,    66500,   137650,   191000,
          CustBuyBeh,       2514,          0,          0,          0,       2286,       2695,      300,     2600,     4400,     7100,    50240,   124000,
       ProductReturn,       6646,          0,          0,          0,       6302,       7216,      200,     3400,     5900,     8715,    65830,   148000,

  2598s: (31%)   IR =   4289 [2598.664s][info][gc,start       ] GC(470) Pause Young (Concurrent Start) (G1 Evacuation Pause)
[2598.664s][info][gc,task        ] GC(470) Using 6 workers of 6 for evacuation
[2598.785s][info][gc,phases      ] GC(470)   Pre Evacuate Collection Set: 0.37ms
[2598.785s][info][gc,phases      ] GC(470)   Merge Heap Roots: 0.50ms
[2598.785s][info][gc,phases      ] GC(470)   Evacuate Collection Set: 119.32ms
[2598.785s][info][gc,phases      ] GC(470)   Post Evacuate Collection Set: 0.93ms
[2598.785s][info][gc,phases      ] GC(470)   Other: 0.11ms
[2598.785s][info][gc,heap        ] GC(470) Eden regions: 1118->0(1116)
[2598.785s][info][gc,heap        ] GC(470) Survivor regions: 110->112(154)
[2598.785s][info][gc,heap        ] GC(470) Old regions: 472->504
[2598.785s][info][gc,heap        ] GC(470) Humongous regions: 80->80
[2598.785s][info][gc,metaspace   ] GC(470) Metaspace: 28968K(29248K)->28968K(29248K) NonClass: 24085K(24192K)->24085K(24192K) Class: 4883K(5056K)->4883K(5056K)
[2598.785s][info][gc             ] GC(470) Pause Young (Concurrent Start) (G1 Evacuation Pause) 3558M->1390M(4096M) 121.366ms
[2598.785s][info][gc             ] GC(471) Concurrent Mark Cycle
[2598.785s][info][gc,marking     ] GC(471) Concurrent Scan Root Regions
[2598.785s][info][gc,cpu         ] GC(470) User=0.72s Sys=0.00s Real=0.12s
[2598.944s][info][gc,marking     ] GC(471) Concurrent Scan Root Regions 158.791ms
[2598.944s][info][gc,marking     ] GC(471) Concurrent Mark
[2598.944s][info][gc,marking     ] GC(471) Concurrent Mark From Roots
[2598.944s][info][gc,task        ] GC(471) Using 2 workers of 2 for marking
.[2599.729s][info][gc,marking     ] GC(471) Concurrent Mark From Roots 784.618ms
[2599.729s][info][gc,marking     ] GC(471) Concurrent Preclean
[2599.729s][info][gc,marking     ] GC(471) Concurrent Preclean 0.052ms
[2599.729s][info][gc,start       ] GC(471) Pause Remark
[2599.732s][info][gc             ] GC(471) Pause Remark 1943M->1943M(4096M) 2.898ms
[2599.732s][info][gc,cpu         ] GC(471) User=0.01s Sys=0.00s Real=0.01s
[2599.732s][info][gc,marking     ] GC(471) Concurrent Mark 787.842ms
[2599.732s][info][gc,marking     ] GC(471) Concurrent Rebuild Remembered Sets and Scrub Regions
[2599.958s][info][gc,marking     ] GC(471) Concurrent Rebuild Remembered Sets and Scrub Regions 226.257ms
[2599.958s][info][gc,start       ] GC(471) Pause Cleanup
[2599.958s][info][gc             ] GC(471) Pause Cleanup 2050M->2050M(4096M) 0.137ms
[2599.958s][info][gc,cpu         ] GC(471) User=0.00s Sys=0.00s Real=0.00s
[2599.958s][info][gc,marking     ] GC(471) Concurrent Clear Claimed Marks
[2599.958s][info][gc,marking     ] GC(471) Concurrent Clear Claimed Marks 0.034ms
[2599.958s][info][gc,marking     ] GC(471) Concurrent Cleanup for Next Mark
[2599.963s][info][gc,marking     ] GC(471) Concurrent Cleanup for Next Mark 4.416ms
[2599.963s][info][gc             ] GC(471) Concurrent Mark Cycle 1177.933ms
...[2603.036s][info][gc,start       ] GC(472) Pause Young (Prepare Mixed) (G1 Evacuation Pause)
[2603.036s][info][gc,task        ] GC(472) Using 6 workers of 6 for evacuation
[2603.155s][info][gc,phases      ] GC(472)   Pre Evacuate Collection Set: 0.34ms
[2603.155s][info][gc,phases      ] GC(472)   Merge Heap Roots: 0.53ms
[2603.155s][info][gc,phases      ] GC(472)   Evacuate Collection Set: 116.94ms
[2603.155s][info][gc,phases      ] GC(472)   Post Evacuate Collection Set: 0.99ms
[2603.155s][info][gc,phases      ] GC(472)   Other: 0.09ms
[2603.155s][info][gc,heap        ] GC(472) Eden regions: 1116->0(1108)
[2603.155s][info][gc,heap        ] GC(472) Survivor regions: 112->111(154)
[2603.155s][info][gc,heap        ] GC(472) Old regions: 504->535
[2603.155s][info][gc,heap        ] GC(472) Humongous regions: 80->80
[2603.155s][info][gc,metaspace   ] GC(472) Metaspace: 28968K(29248K)->28968K(29248K) NonClass: 24085K(24192K)->24085K(24192K) Class: 4883K(5056K)->4883K(5056K)
[2603.155s][info][gc             ] GC(472) Pause Young (Prepare Mixed) (G1 Evacuation Pause) 3622M->1449M(4096M) 119.031ms
[2603.155s][info][gc,cpu         ] GC(472) User=0.71s Sys=0.00s Real=0.12s
....|.[2607.461s][info][gc,start       ] GC(473) Pause Young (Mixed) (G1 Evacuation Pause)
[2607.461s][info][gc,task        ] GC(473) Using 6 workers of 6 for evacuation
[2607.593s][info][gc,phases      ] GC(473)   Pre Evacuate Collection Set: 0.42ms
[2607.593s][info][gc,phases      ] GC(473)   Merge Heap Roots: 0.75ms
[2607.593s][info][gc,phases      ] GC(473)   Evacuate Collection Set: 129.79ms
[2607.593s][info][gc,phases      ] GC(473)   Post Evacuate Collection Set: 0.97ms
[2607.593s][info][gc,phases      ] GC(473)   Other: 0.09ms
[2607.593s][info][gc,heap        ] GC(473) Eden regions: 1108->0(1119)
[2607.593s][info][gc,heap        ] GC(473) Survivor regions: 111->109(153)
[2607.593s][info][gc,heap        ] GC(473) Old regions: 535->472
[2607.593s][info][gc,heap        ] GC(473) Humongous regions: 80->80
[2607.593s][info][gc,metaspace   ] GC(473) Metaspace: 28968K(29248K)->28968K(29248K) NonClass: 24085K(24192K)->24085K(24192K) Class: 4883K(5056K)->4883K(5056K)
[2607.593s][info][gc             ] GC(473) Pause Young (Mixed) (G1 Evacuation Pause) 3665M->1320M(4096M) 132.149ms
[2607.593s][info][gc,cpu         ] GC(473) User=0.78s Sys=0.00s Real=0.14s
....[2611.893s][info][gc,start       ] GC(474) Pause Young (Concurrent Start) (G1 Evacuation Pause)
[2611.893s][info][gc,task        ] GC(474) Using 6 workers of 6 for evacuation
[2612.009s][info][gc,phases      ] GC(474)   Pre Evacuate Collection Set: 0.41ms
[2612.009s][info][gc,phases      ] GC(474)   Merge Heap Roots: 0.52ms
[2612.009s][info][gc,phases      ] GC(474)   Evacuate Collection Set: 114.25ms
[2612.009s][info][gc,phases      ] GC(474)   Post Evacuate Collection Set: 0.89ms
[2612.009s][info][gc,phases      ] GC(474)   Other: 0.11ms
[2612.009s][info][gc,heap        ] GC(474) Eden regions: 1119->0(1118)
[2612.009s][info][gc,heap        ] GC(474) Survivor regions: 109->110(154)
[2612.009s][info][gc,heap        ] GC(474) Old regions: 472->504
[2612.009s][info][gc,heap        ] GC(474) Humongous regions: 80->80
[2612.009s][info][gc,metaspace   ] GC(474) Metaspace: 28968K(29248K)->28968K(29248K) NonClass: 24085K(24192K)->24085K(24192K) Class: 4883K(5056K)->4883K(5056K)
[2612.010s][info][gc             ] GC(474) Pause Young (Concurrent Start) (G1 Evacuation Pause) 3558M->1385M(4096M) 116.310ms
[2612.010s][info][gc             ] GC(475) Concurrent Mark Cycle
[2612.010s][info][gc,marking     ] GC(475) Concurrent Scan Root Regions
[2612.010s][info][gc,cpu         ] GC(474) User=0.69s Sys=0.00s Real=0.11s
[2612.190s][info][gc,marking     ] GC(475) Concurrent Scan Root Regions 180.704ms
[2612.190s][info][gc,marking     ] GC(475) Concurrent Mark
[2612.190s][info][gc,marking     ] GC(475) Concurrent Mark From Roots
[2612.190s][info][gc,task        ] GC(475) Using 2 workers of 2 for marking
.[2613.145s][info][gc,marking     ] GC(475) Concurrent Mark From Roots 954.602ms
[2613.145s][info][gc,marking     ] GC(475) Concurrent Preclean
[2613.145s][info][gc,marking     ] GC(475) Concurrent Preclean 0.041ms
[2613.145s][info][gc,start       ] GC(475) Pause Remark
[2613.149s][info][gc             ] GC(475) Pause Remark 2031M->2031M(4096M) 3.585ms
[2613.149s][info][gc,cpu         ] GC(475) User=0.01s Sys=0.00s Real=0.00s
[2613.149s][info][gc,marking     ] GC(475) Concurrent Mark 958.474ms
[2613.149s][info][gc,marking     ] GC(475) Concurrent Rebuild Remembered Sets and Scrub Regions
.[2613.511s][info][gc,marking     ] GC(475) Concurrent Rebuild Remembered Sets and Scrub Regions 362.118ms
[2613.511s][info][gc,start       ] GC(475) Pause Cleanup
[2613.511s][info][gc             ] GC(475) Pause Cleanup 2264M->2264M(4096M) 0.126ms
[2613.511s][info][gc,cpu         ] GC(475) User=0.00s Sys=0.00s Real=0.00s
[2613.511s][info][gc,marking     ] GC(475) Concurrent Clear Claimed Marks
[2613.511s][info][gc,marking     ] GC(475) Concurrent Clear Claimed Marks 0.030ms
[2613.511s][info][gc,marking     ] GC(475) Concurrent Cleanup for Next Mark
[2613.515s][info][gc,marking     ] GC(475) Concurrent Cleanup for Next Mark 3.801ms
[2613.515s][info][gc             ] GC(475) Concurrent Mark Cycle 1505.560ms
..[2616.263s][info][gc,start       ] GC(476) Pause Young (Prepare Mixed) (G1 Evacuation Pause)
[2616.263s][info][gc,task        ] GC(476) Using 6 workers of 6 for evacuation
[2616.386s][info][gc,phases      ] GC(476)   Pre Evacuate Collection Set: 0.31ms
[2616.386s][info][gc,phases      ] GC(476)   Merge Heap Roots: 0.64ms
[2616.386s][info][gc,phases      ] GC(476)   Evacuate Collection Set: 120.28ms
[2616.386s][info][gc,phases      ] GC(476)   Post Evacuate Collection Set: 0.90ms
[2616.386s][info][gc,phases      ] GC(476)   Other: 0.09ms
[2616.386s][info][gc,heap        ] GC(476) Eden regions: 1118->0(1104)
[2616.386s][info][gc,heap        ] GC(476) Survivor regions: 110->113(154)
[2616.386s][info][gc,heap        ] GC(476) Old regions: 504->535
[2616.386s][info][gc,heap        ] GC(476) Humongous regions: 80->80
[2616.386s][info][gc,metaspace   ] GC(476) Metaspace: 28971K(29248K)->28971K(29248K) NonClass: 24088K(24192K)->24088K(24192K) Class: 4883K(5056K)->4883K(5056K)
[2616.386s][info][gc             ] GC(476) Pause Young (Prepare Mixed) (G1 Evacuation Pause) 3621M->1454M(4096M) 122.354ms
[2616.386s][info][gc,cpu         ] GC(476) User=0.73s Sys=0.00s Real=0.12s
.....[2620.665s][info][gc,start       ] GC(477) Pause Young (Mixed) (G1 Evacuation Pause)
[2620.665s][info][gc,task        ] GC(477) Using 6 workers of 6 for evacuation
[2620.798s][info][gc,phases      ] GC(477)   Pre Evacuate Collection Set: 0.39ms
[2620.798s][info][gc,phases      ] GC(477)   Merge Heap Roots: 0.79ms
[2620.798s][info][gc,phases      ] GC(477)   Evacuate Collection Set: 130.31ms
[2620.798s][info][gc,phases      ] GC(477)   Post Evacuate Collection Set: 0.99ms
[2620.798s][info][gc,phases      ] GC(477)   Other: 0.09ms
[2620.798s][info][gc,heap        ] GC(477) Eden regions: 1104->0(1120)
[2620.798s][info][gc,heap        ] GC(477) Survivor regions: 113->108(153)
[2620.798s][info][gc,heap        ] GC(477) Old regions: 535->472
[2620.798s][info][gc,heap        ] GC(477) Humongous regions: 80->80
[2620.798s][info][gc,metaspace   ] GC(477) Metaspace: 28971K(29248K)->28971K(29248K) NonClass: 24088K(24192K)->24088K(24192K) Class: 4883K(5056K)->4883K(5056K)
[2620.798s][info][gc             ] GC(477) Pause Young (Mixed) (G1 Evacuation Pause) 3662M->1318M(4096M) 132.691ms
[2620.798s][info][gc,cpu         ] GC(477) User=0.79s Sys=0.00s Real=0.13s
....[2625.037s][info][gc,start       ] GC(478) Pause Young (Concurrent Start) (G1 Evacuation Pause)
[2625.037s][info][gc,task        ] GC(478) Using 6 workers of 6 for evacuation
[2625.153s][info][gc,phases      ] GC(478)   Pre Evacuate Collection Set: 0.42ms
[2625.153s][info][gc,phases      ] GC(478)   Merge Heap Roots: 0.50ms
[2625.153s][info][gc,phases      ] GC(478)   Evacuate Collection Set: 114.53ms
[2625.153s][info][gc,phases      ] GC(478)   Post Evacuate Collection Set: 0.91ms
[2625.153s][info][gc,phases      ] GC(478)   Other: 0.10ms
[2625.153s][info][gc,heap        ] GC(478) Eden regions: 1120->0(1119)
[2625.153s][info][gc,heap        ] GC(478) Survivor regions: 108->109(154)
[2625.153s][info][gc,heap        ] GC(478) Old regions: 472->504
[2625.153s][info][gc,heap        ] GC(478) Humongous regions: 80->80
[2625.153s][info][gc,metaspace   ] GC(478) Metaspace: 28971K(29248K)->28971K(29248K) NonClass: 24088K(24192K)->24088K(24192K) Class: 4883K(5056K)->4883K(5056K)
[2625.153s][info][gc             ] GC(478) Pause Young (Concurrent Start) (G1 Evacuation Pause) 3558M->1384M(4096M) 116.591ms
[2625.153s][info][gc             ] GC(479) Concurrent Mark Cycle
[2625.153s][info][gc,marking     ] GC(479) Concurrent Scan Root Regions
[2625.153s][info][gc,cpu         ] GC(478) User=0.69s Sys=0.01s Real=0.12s
[2625.320s][info][gc,marking     ] GC(479) Concurrent Scan Root Regions 166.427ms
[2625.320s][info][gc,marking     ] GC(479) Concurrent Mark
[2625.320s][info][gc,marking     ] GC(479) Concurrent Mark From Roots
[2625.320s][info][gc,task        ] GC(479) Using 2 workers of 2 for marking
.[2626.060s][info][gc,marking     ] GC(479) Concurrent Mark From Roots 740.568ms
[2626.060s][info][gc,marking     ] GC(479) Concurrent Preclean
[2626.060s][info][gc,marking     ] GC(479) Concurrent Preclean 0.037ms
[2626.061s][info][gc,start       ] GC(479) Pause Remark
[2626.063s][info][gc             ] GC(479) Pause Remark 1918M->1918M(4096M) 2.417ms
[2626.063s][info][gc,cpu         ] GC(479) User=0.01s Sys=0.00s Real=0.01s
[2626.063s][info][gc,marking     ] GC(479) Concurrent Mark 743.259ms
[2626.063s][info][gc,marking     ] GC(479) Concurrent Rebuild Remembered Sets and Scrub Regions
[2626.304s][info][gc,marking     ] GC(479) Concurrent Rebuild Remembered Sets and Scrub Regions 240.619ms
[2626.304s][info][gc,start       ] GC(479) Pause Cleanup
[2626.304s][info][gc             ] GC(479) Pause Cleanup 2017M->2017M(4096M) 0.123ms
[2626.304s][info][gc,cpu         ] GC(479) User=0.00s Sys=0.00s Real=0.00s
[2626.304s][info][gc,marking     ] GC(479) Concurrent Clear Claimed Marks
[2626.304s][info][gc,marking     ] GC(479) Concurrent Clear Claimed Marks 0.039ms
[2626.304s][info][gc,marking     ] GC(479) Concurrent Cleanup for Next Mark
[2626.307s][info][gc,marking     ] GC(479) Concurrent Cleanup for Next Mark 3.155ms
[2626.307s][info][gc             ] GC(479) Concurrent Mark Cycle 1153.958ms
....[2629.465s][info][gc,start       ] GC(480) Pause Young (Prepare Mixed) (G1 Evacuation Pause)
[2629.465s][info][gc,task        ] GC(480) Using 6 workers of 6 for evacuation
[2629.581s][info][gc,phases      ] GC(480)   Pre Evacuate Collection Set: 0.40ms
[2629.581s][info][gc,phases      ] GC(480)   Merge Heap Roots: 0.69ms
[2629.581s][info][gc,phases      ] GC(480)   Evacuate Collection Set: 114.41ms
[2629.581s][info][gc,phases      ] GC(480)   Post Evacuate Collection Set: 0.95ms
[2629.581s][info][gc,phases      ] GC(480)   Other: 0.08ms
[2629.581s][info][gc,heap        ] GC(480) Eden regions: 1119->0(1116)
[2629.581s][info][gc,heap        ] GC(480) Survivor regions: 109->107(154)
[2629.581s][info][gc,heap        ] GC(480) Old regions: 504->535
[2629.581s][info][gc,heap        ] GC(480) Humongous regions: 80->80
[2629.581s][info][gc,metaspace   ] GC(480) Metaspace: 28971K(29248K)->28971K(29248K) NonClass: 24088K(24192K)->24088K(24192K) Class: 4883K(5056K)->4883K(5056K)
[2629.581s][info][gc             ] GC(480) Pause Young (Prepare Mixed) (G1 Evacuation Pause) 3622M->1443M(4096M) 116.676ms
[2629.581s][info][gc,cpu         ] GC(480) User=0.69s Sys=0.00s Real=0.12s
....[2633.863s][info][gc,start       ] GC(481) Pause Young (Mixed) (G1 Evacuation Pause)
[2633.863s][info][gc,task        ] GC(481) Using 6 workers of 6 for evacuation
[2633.994s][info][gc,phases      ] GC(481)   Pre Evacuate Collection Set: 0.40ms
[2633.994s][info][gc,phases      ] GC(481)   Merge Heap Roots: 0.68ms
[2633.994s][info][gc,phases      ] GC(481)   Evacuate Collection Set: 129.06ms
[2633.994s][info][gc,phases      ] GC(481)   Post Evacuate Collection Set: 0.94ms
[2633.994s][info][gc,phases      ] GC(481)   Other: 0.09ms
[2633.994s][info][gc,heap        ] GC(481) Eden regions: 1116->0(1119)
[2633.994s][info][gc,heap        ] GC(481) Survivor regions: 107->109(153)
[2633.994s][info][gc,heap        ] GC(481) Old regions: 535->473
[2633.994s][info][gc,heap        ] GC(481) Humongous regions: 80->80
[2633.994s][info][gc,metaspace   ] GC(481) Metaspace: 28971K(29248K)->28971K(29248K) NonClass: 24088K(24192K)->24088K(24192K) Class: 4883K(5056K)->4883K(5056K)
[2633.994s][info][gc             ] GC(481) Pause Young (Mixed) (G1 Evacuation Pause) 3675M->1323M(4096M) 131.302ms
[2633.994s][info][gc,cpu         ] GC(481) User=0.78s Sys=0.00s Real=0.13s
....[2638.239s][info][gc,start       ] GC(482) Pause Young (Concurrent Start) (G1 Evacuation Pause)
[2638.239s][info][gc,task        ] GC(482) Using 6 workers of 6 for evacuation
[2638.355s][info][gc,phases      ] GC(482)   Pre Evacuate Collection Set: 0.42ms
[2638.355s][info][gc,phases      ] GC(482)   Merge Heap Roots: 0.48ms
[2638.355s][info][gc,phases      ] GC(482)   Evacuate Collection Set: 114.39ms
[2638.355s][info][gc,phases      ] GC(482)   Post Evacuate Collection Set: 0.90ms
[2638.355s][info][gc,phases      ] GC(482)   Other: 0.11ms
[2638.355s][info][gc,heap        ] GC(482) Eden regions: 1119->0(1119)
[2638.355s][info][gc,heap        ] GC(482) Survivor regions: 109->109(154)
[2638.355s][info][gc,heap        ] GC(482) Old regions: 473->505
[2638.355s][info][gc,heap        ] GC(482) Humongous regions: 80->80
[2638.355s][info][gc,metaspace   ] GC(482) Metaspace: 28973K(29248K)->28973K(29248K) NonClass: 24089K(24192K)->24089K(24192K) Class: 4883K(5056K)->4883K(5056K)
[2638.355s][info][gc             ] GC(482) Pause Young (Concurrent Start) (G1 Evacuation Pause) 3561M->1387M(4096M) 116.425ms
[2638.355s][info][gc             ] GC(483) Concurrent Mark Cycle
[2638.355s][info][gc,marking     ] GC(483) Concurrent Scan Root Regions
[2638.355s][info][gc,cpu         ] GC(482) User=0.69s Sys=0.00s Real=0.12s
.[2638.509s][info][gc,marking     ] GC(483) Concurrent Scan Root Regions 153.927ms
[2638.509s][info][gc,marking     ] GC(483) Concurrent Mark
[2638.509s][info][gc,marking     ] GC(483) Concurrent Mark From Roots
[2638.509s][info][gc,task        ] GC(483) Using 2 workers of 2 for marking
[2639.204s][info][gc,marking     ] GC(483) Concurrent Mark From Roots 694.960ms
[2639.204s][info][gc,marking     ] GC(483) Concurrent Preclean
[2639.204s][info][gc,marking     ] GC(483) Concurrent Preclean 0.065ms
[2639.205s][info][gc,start       ] GC(483) Pause Remark
[2639.208s][info][gc             ] GC(483) Pause Remark 1838M->1838M(4096M) 3.024ms
[2639.208s][info][gc,cpu         ] GC(483) User=0.01s Sys=0.00s Real=0.00s
[2639.209s][info][gc,marking     ] GC(483) Concurrent Mark 699.692ms
[2639.209s][info][gc,marking     ] GC(483) Concurrent Rebuild Remembered Sets and Scrub Regions
.[2639.567s][info][gc,marking     ] GC(483) Concurrent Rebuild Remembered Sets and Scrub Regions 357.755ms
[2639.567s][info][gc,start       ] GC(483) Pause Cleanup
[2639.567s][info][gc             ] GC(483) Pause Cleanup 2030M->2030M(4096M) 0.128ms
[2639.567s][info][gc,cpu         ] GC(483) User=0.00s Sys=0.00s Real=0.00s
[2639.568s][info][gc,marking     ] GC(483) Concurrent Clear Claimed Marks
[2639.568s][info][gc,marking     ] GC(483) Concurrent Clear Claimed Marks 0.041ms
[2639.568s][info][gc,marking     ] GC(483) Concurrent Cleanup for Next Mark
[2639.574s][info][gc,marking     ] GC(483) Concurrent Cleanup for Next Mark 5.574ms
[2639.574s][info][gc             ] GC(483) Concurrent Mark Cycle 1218.633ms
...[2642.696s][info][gc,start       ] GC(484) Pause Young (Prepare Mixed) (G1 Evacuation Pause)
[2642.696s][info][gc,task        ] GC(484) Using 6 workers of 6 for evacuation
[2642.813s][info][gc,phases      ] GC(484)   Pre Evacuate Collection Set: 0.35ms
[2642.813s][info][gc,phases      ] GC(484)   Merge Heap Roots: 0.56ms
[2642.813s][info][gc,phases      ] GC(484)   Evacuate Collection Set: 114.58ms
[2642.813s][info][gc,phases      ] GC(484)   Post Evacuate Collection Set: 0.98ms
[2642.813s][info][gc,phases      ] GC(484)   Other: 0.10ms
[2642.813s][info][gc,heap        ] GC(484) Eden regions: 1119->0(1110)
[2642.813s][info][gc,heap        ] GC(484) Survivor regions: 109->109(154)
[2642.813s][info][gc,heap        ] GC(484) Old regions: 505->537
[2642.813s][info][gc,heap        ] GC(484) Humongous regions: 80->80
[2642.813s][info][gc,metaspace   ] GC(484) Metaspace: 28973K(29248K)->28973K(29248K) NonClass: 24089K(24192K)->24089K(24192K) Class: 4883K(5056K)->4883K(5056K)
[2642.813s][info][gc             ] GC(484) Pause Young (Prepare Mixed) (G1 Evacuation Pause) 3625M->1449M(4096M) 116.711ms
[2642.813s][info][gc,cpu         ] GC(484) User=0.70s Sys=0.00s Real=0.12s
....[2647.112s][info][gc,start       ] GC(485) Pause Young (Mixed) (G1 Evacuation Pause)
[2647.112s][info][gc,task        ] GC(485) Using 6 workers of 6 for evacuation
[2647.244s][info][gc,phases      ] GC(485)   Pre Evacuate Collection Set: 0.43ms
[2647.244s][info][gc,phases      ] GC(485)   Merge Heap Roots: 0.68ms
[2647.244s][info][gc,phases      ] GC(485)   Evacuate Collection Set: 128.93ms
[2647.244s][info][gc,phases      ] GC(485)   Post Evacuate Collection Set: 0.92ms
[2647.244s][info][gc,phases      ] GC(485)   Other: 0.09ms
[2647.244s][info][gc,heap        ] GC(485) Eden regions: 1110->0(1118)
[2647.244s][info][gc,heap        ] GC(485) Survivor regions: 109->110(153)
[2647.244s][info][gc,heap        ] GC(485) Old regions: 537->473
[2647.244s][info][gc,heap        ] GC(485) Humongous regions: 80->80
[2647.244s][info][gc,metaspace   ] GC(485) Metaspace: 28973K(29248K)->28973K(29248K) NonClass: 24089K(24192K)->24089K(24192K) Class: 4883K(5056K)->4883K(5056K)
[2647.244s][info][gc             ] GC(485) Pause Young (Mixed) (G1 Evacuation Pause) 3669M->1325M(4096M) 131.183ms
[2647.244s][info][gc,cpu         ] GC(485) User=0.78s Sys=0.00s Real=0.13s
.....[2651.506s][info][gc,start       ] GC(486) Pause Young (Concurrent Start) (G1 Evacuation Pause)
[2651.506s][info][gc,task        ] GC(486) Using 6 workers of 6 for evacuation
[2651.621s][info][gc,phases      ] GC(486)   Pre Evacuate Collection Set: 0.37ms
[2651.621s][info][gc,phases      ] GC(486)   Merge Heap Roots: 0.49ms
[2651.621s][info][gc,phases      ] GC(486)   Evacuate Collection Set: 113.15ms
[2651.621s][info][gc,phases      ] GC(486)   Post Evacuate Collection Set: 0.89ms
[2651.621s][info][gc,phases      ] GC(486)   Other: 0.11ms
[2651.621s][info][gc,heap        ] GC(486) Eden regions: 1118->0(1121)
[2651.621s][info][gc,heap        ] GC(486) Survivor regions: 110->107(154)
[2651.621s][info][gc,heap        ] GC(486) Old regions: 473->506
[2651.621s][info][gc,heap        ] GC(486) Humongous regions: 80->80
[2651.621s][info][gc,metaspace   ] GC(486) Metaspace: 28973K(29248K)->28973K(29248K) NonClass: 24089K(24192K)->24089K(24192K) Class: 4883K(5056K)->4883K(5056K)
[2651.621s][info][gc             ] GC(486) Pause Young (Concurrent Start) (G1 Evacuation Pause) 3561M->1384M(4096M) 115.151ms
[2651.621s][info][gc             ] GC(487) Concurrent Mark Cycle
[2651.621s][info][gc,marking     ] GC(487) Concurrent Scan Root Regions
[2651.621s][info][gc,cpu         ] GC(486) User=0.68s Sys=0.00s Real=0.12s
[2651.798s][info][gc,marking     ] GC(487) Concurrent Scan Root Regions 177.126ms
[2651.798s][info][gc,marking     ] GC(487) Concurrent Mark
[2651.798s][info][gc,marking     ] GC(487) Concurrent Mark From Roots
[2651.798s][info][gc,task        ] GC(487) Using 2 workers of 2 for marking
.[2652.803s][info][gc,marking     ] GC(487) Concurrent Mark From Roots 1004.611ms
[2652.803s][info][gc,marking     ] GC(487) Concurrent Preclean
[2652.803s][info][gc,marking     ] GC(487) Concurrent Preclean 0.055ms
[2652.803s][info][gc,start       ] GC(487) Pause Remark
[2652.807s][info][gc             ] GC(487) Pause Remark 2027M->2027M(4096M) 3.224ms
[2652.807s][info][gc,cpu         ] GC(487) User=0.01s Sys=0.00s Real=0.00s
[2652.807s][info][gc,marking     ] GC(487) Concurrent Mark 1008.188ms
[2652.807s][info][gc,marking     ] GC(487) Concurrent Rebuild Remembered Sets and Scrub Regions
[2653.163s][info][gc,marking     ] GC(487) Concurrent Rebuild Remembered Sets and Scrub Regions 356.010ms
[2653.163s][info][gc,start       ] GC(487) Pause Cleanup
[2653.163s][info][gc             ] GC(487) Pause Cleanup 2208M->2208M(4096M) 0.115ms
[2653.163s][info][gc,cpu         ] GC(487) User=0.00s Sys=0.00s Real=0.00s
[2653.163s][info][gc,marking     ] GC(487) Concurrent Clear Claimed Marks
[2653.163s][info][gc,marking     ] GC(487) Concurrent Clear Claimed Marks 0.025ms
[2653.163s][info][gc,marking     ] GC(487) Concurrent Cleanup for Next Mark
[2653.168s][info][gc,marking     ] GC(487) Concurrent Cleanup for Next Mark 4.492ms
[2653.168s][info][gc             ] GC(487) Concurrent Mark Cycle 1546.299ms
...[2655.878s][info][gc,start       ] GC(488) Pause Young (Prepare Mixed) (G1 Evacuation Pause)
[2655.878s][info][gc,task        ] GC(488) Using 6 workers of 6 for evacuation
[2655.993s][info][gc,phases      ] GC(488)   Pre Evacuate Collection Set: 0.35ms
[2655.993s][info][gc,phases      ] GC(488)   Merge Heap Roots: 0.52ms
[2655.994s][info][gc,phases      ] GC(488)   Evacuate Collection Set: 113.51ms
[2655.994s][info][gc,phases      ] GC(488)   Post Evacuate Collection Set: 0.95ms
[2655.994s][info][gc,phases      ] GC(488)   Other: 0.09ms
[2655.994s][info][gc,heap        ] GC(488) Eden regions: 1121->0(1110)
[2655.994s][info][gc,heap        ] GC(488) Survivor regions: 107->109(154)
[2655.994s][info][gc,heap        ] GC(488) Old regions: 506->537
[2655.994s][info][gc,heap        ] GC(488) Humongous regions: 80->80
[2655.994s][info][gc,metaspace   ] GC(488) Metaspace: 28973K(29248K)->28973K(29248K) NonClass: 24089K(24192K)->24089K(24192K) Class: 4883K(5056K)->4883K(5056K)
[2655.994s][info][gc             ] GC(488) Pause Young (Prepare Mixed) (G1 Evacuation Pause) 3626M->1450M(4096M) 115.556ms
[2655.994s][info][gc,cpu         ] GC(488) User=0.69s Sys=0.00s Real=0.12s
....[2660.275s][info][gc,start       ] GC(489) Pause Young (Mixed) (G1 Evacuation Pause)
[2660.275s][info][gc,task        ] GC(489) Using 6 workers of 6 for evacuation
[2660.409s][info][gc,phases      ] GC(489)   Pre Evacuate Collection Set: 0.41ms
[2660.409s][info][gc,phases      ] GC(489)   Merge Heap Roots: 0.77ms
[2660.409s][info][gc,phases      ] GC(489)   Evacuate Collection Set: 132.01ms
[2660.409s][info][gc,phases      ] GC(489)   Post Evacuate Collection Set: 0.93ms
[2660.409s][info][gc,phases      ] GC(489)   Other: 0.09ms
[2660.409s][info][gc,heap        ] GC(489) Eden regions: 1110->0(1118)
[2660.409s][info][gc,heap        ] GC(489) Survivor regions: 109->110(153)
[2660.409s][info][gc,heap        ] GC(489) Old regions: 537->473
[2660.409s][info][gc,heap        ] GC(489) Humongous regions: 80->80
[2660.409s][info][gc,metaspace   ] GC(489) Metaspace: 28973K(29248K)->28973K(29248K) NonClass: 24089K(24192K)->24089K(24192K) Class: 4883K(5056K)->4883K(5056K)
[2660.409s][info][gc             ] GC(489) Pause Young (Mixed) (G1 Evacuation Pause) 3670M->1323M(4096M) 134.366ms
[2660.409s][info][gc,cpu         ] GC(489) User=0.80s Sys=0.00s Real=0.13s
.....[2664.654s][info][gc,start       ] GC(490) Pause Young (Concurrent Start) (G1 Evacuation Pause)
[2664.654s][info][gc,task        ] GC(490) Using 6 workers of 6 for evacuation
[2664.772s][info][gc,phases      ] GC(490)   Pre Evacuate Collection Set: 0.43ms
[2664.772s][info][gc,phases      ] GC(490)   Merge Heap Roots: 0.49ms
[2664.772s][info][gc,phases      ] GC(490)   Evacuate Collection Set: 115.79ms
[2664.772s][info][gc,phases      ] GC(490)   Post Evacuate Collection Set: 0.88ms
[2664.772s][info][gc,phases      ] GC(490)   Other: 0.12ms
[2664.772s][info][gc,heap        ] GC(490) Eden regions: 1118->0(1117)
[2664.772s][info][gc,heap        ] GC(490) Survivor regions: 110->111(154)
[2664.772s][info][gc,heap        ] GC(490) Old regions: 473->505
[2664.772s][info][gc,heap        ] GC(490) Humongous regions: 80->80
[2664.772s][info][gc,metaspace   ] GC(490) Metaspace: 28973K(29248K)->28973K(29248K) NonClass: 24089K(24192K)->24089K(24192K) Class: 4883K(5056K)->4883K(5056K)
[2664.772s][info][gc             ] GC(490) Pause Young (Concurrent Start) (G1 Evacuation Pause) 3559M->1389M(4096M) 117.854ms
[2664.772s][info][gc             ] GC(491) Concurrent Mark Cycle
[2664.772s][info][gc,marking     ] GC(491) Concurrent Scan Root Regions
[2664.772s][info][gc,cpu         ] GC(490) User=0.71s Sys=0.00s Real=0.12s
[2664.955s][info][gc,marking     ] GC(491) Concurrent Scan Root Regions 183.024ms
[2664.955s][info][gc,marking     ] GC(491) Concurrent Mark
[2664.955s][info][gc,marking     ] GC(491) Concurrent Mark From Roots
[2664.955s][info][gc,task        ] GC(491) Using 2 workers of 2 for marking
.[2665.970s][info][gc,marking     ] GC(491) Concurrent Mark From Roots 1014.705ms
[2665.970s][info][gc,marking     ] GC(491) Concurrent Preclean
[2665.970s][info][gc,marking     ] GC(491) Concurrent Preclean 0.052ms
[2665.970s][info][gc,start       ] GC(491) Pause Remark
[2665.974s][info][gc             ] GC(491) Pause Remark 2064M->2064M(4096M) 3.836ms
[2665.974s][info][gc,cpu         ] GC(491) User=0.02s Sys=0.00s Real=0.01s
[2665.974s][info][gc,marking     ] GC(491) Concurrent Mark 1018.850ms
[2665.974s][info][gc,marking     ] GC(491) Concurrent Rebuild Remembered Sets and Scrub Regions
[2666.332s][info][gc,marking     ] GC(491) Concurrent Rebuild Remembered Sets and Scrub Regions 358.388ms
[2666.332s][info][gc,start       ] GC(491) Pause Cleanup
[2666.333s][info][gc             ] GC(491) Pause Cleanup 2264M->2264M(4096M) 0.118ms
[2666.333s][info][gc,cpu         ] GC(491) User=0.00s Sys=0.00s Real=0.00s
[2666.333s][info][gc,marking     ] GC(491) Concurrent Clear Claimed Marks
[2666.333s][info][gc,marking     ] GC(491) Concurrent Clear Claimed Marks 0.033ms
[2666.333s][info][gc,marking     ] GC(491) Concurrent Cleanup for Next Mark
[2666.336s][info][gc,marking     ] GC(491) Concurrent Cleanup for Next Mark 3.507ms
[2666.336s][info][gc             ] GC(491) Concurrent Mark Cycle 1564.244ms
. (rIR:aIR:PR = 4289:4291:4291) (tPR = 64004) [OK] 
  2666s: Performance info:
         Transaction,    Success,    Partial,     Failed,   Receipts, AvgBarcode, 
             Overall,     257842,          0,          0,     244962,      59.47, 
         Response times:
             Request,    Success,    Partial,     Failed,   SkipFail,     Probes,    Samples,      min,      p50,      p90,      p95,      p99,      max, 
       TotalPurchase,     244962,          0,          0,          0,     240529,     273496,      300,     3600,     6700,    10100,    41000,   194000,
     InStorePurchase,     128919,          0,          0,          0,     126905,     143781,      300,     3600,     6600,     9900,    41000,   192000,
      OnlinePurchase,      90256,          0,          0,          0,      88454,     100772,      300,     3400,     6600,     9900,    40000,   194000,
        InstPurchase,      25787,          0,          0,          0,      25170,      28943,      400,     4100,     7400,    11900,    44000,   183000,
          AssocOfCat,        256,          0,          0,          0,        205,        291,    21000,    32000,    46000,    51400,    89280,   159000,
      AssocOfProduct,       2578,          0,          0,          0,       2361,       2884,      600,     3700,     6800,    10975,    36150,   138000,
      BusinessReport,        646,          0,          0,          0,        545,        702,    25000,    35000,    51000,    60000,   178970,   257000,
          CustBuyBeh,       2581,          0,          0,          0,       2376,       2900,      200,     3800,     6800,    10600,    39000,   124000,
       ProductReturn,       6819,          0,          0,          0,       6498,       7700,      200,     2700,     6700,     9695,    48000,   138000,

  2666s: (32%)   IR =   4428 ..[2668.961s][info][gc,start       ] GC(492) Pause Young (Prepare Mixed) (G1 Evacuation Pause)
[2668.961s][info][gc,task        ] GC(492) Using 6 workers of 6 for evacuation
[2669.082s][info][gc,phases      ] GC(492)   Pre Evacuate Collection Set: 0.33ms
[2669.082s][info][gc,phases      ] GC(492)   Merge Heap Roots: 0.60ms
[2669.082s][info][gc,phases      ] GC(492)   Evacuate Collection Set: 119.54ms
[2669.082s][info][gc,phases      ] GC(492)   Post Evacuate Collection Set: 0.99ms
[2669.082s][info][gc,phases      ] GC(492)   Other: 0.09ms
[2669.082s][info][gc,heap        ] GC(492) Eden regions: 1117->0(1107)
[2669.082s][info][gc,heap        ] GC(492) Survivor regions: 111->111(154)
[2669.082s][info][gc,heap        ] GC(492) Old regions: 505->536
[2669.082s][info][gc,heap        ] GC(492) Humongous regions: 80->80
[2669.082s][info][gc,metaspace   ] GC(492) Metaspace: 28973K(29248K)->28973K(29248K) NonClass: 24089K(24192K)->24089K(24192K) Class: 4883K(5056K)->4883K(5056K)
[2669.082s][info][gc             ] GC(492) Pause Young (Prepare Mixed) (G1 Evacuation Pause) 3623M->1452M(4096M) 121.673ms
[2669.082s][info][gc,cpu         ] GC(492) User=0.73s Sys=0.00s Real=0.13s
....|[2673.263s][info][gc,start       ] GC(493) Pause Young (Mixed) (G1 Evacuation Pause)
[2673.263s][info][gc,task        ] GC(493) Using 6 workers of 6 for evacuation
[2673.397s][info][gc,phases      ] GC(493)   Pre Evacuate Collection Set: 0.37ms
[2673.397s][info][gc,phases      ] GC(493)   Merge Heap Roots: 0.73ms
[2673.397s][info][gc,phases      ] GC(493)   Evacuate Collection Set: 131.19ms
[2673.397s][info][gc,phases      ] GC(493)   Post Evacuate Collection Set: 0.98ms
[2673.397s][info][gc,phases      ] GC(493)   Other: 0.09ms
[2673.397s][info][gc,heap        ] GC(493) Eden regions: 1107->0(1118)
[2673.397s][info][gc,heap        ] GC(493) Survivor regions: 111->110(153)
[2673.397s][info][gc,heap        ] GC(493) Old regions: 536->472
[2673.397s][info][gc,heap        ] GC(493) Humongous regions: 80->80
[2673.397s][info][gc,metaspace   ] GC(493) Metaspace: 28973K(29248K)->28973K(29248K) NonClass: 24089K(24192K)->24089K(24192K) Class: 4883K(5056K)->4883K(5056K)
[2673.397s][info][gc             ] GC(493) Pause Young (Mixed) (G1 Evacuation Pause) 3666M->1321M(4096M) 133.481ms
[2673.397s][info][gc,cpu         ] GC(493) User=0.80s Sys=0.00s Real=0.13s
....[2677.502s][info][gc,start       ] GC(494) Pause Young (Concurrent Start) (G1 Evacuation Pause)
[2677.502s][info][gc,task        ] GC(494) Using 6 workers of 6 for evacuation
[2677.619s][info][gc,phases      ] GC(494)   Pre Evacuate Collection Set: 0.38ms
[2677.619s][info][gc,phases      ] GC(494)   Merge Heap Roots: 0.49ms
[2677.619s][info][gc,phases      ] GC(494)   Evacuate Collection Set: 114.94ms
[2677.619s][info][gc,phases      ] GC(494)   Post Evacuate Collection Set: 0.96ms
[2677.619s][info][gc,phases      ] GC(494)   Other: 0.12ms
[2677.619s][info][gc,heap        ] GC(494) Eden regions: 1118->0(1118)
[2677.619s][info][gc,heap        ] GC(494) Survivor regions: 110->110(154)
[2677.619s][info][gc,heap        ] GC(494) Old regions: 472->504
[2677.619s][info][gc,heap        ] GC(494) Humongous regions: 80->80
[2677.619s][info][gc,metaspace   ] GC(494) Metaspace: 28973K(29248K)->28973K(29248K) NonClass: 24089K(24192K)->24089K(24192K) Class: 4883K(5056K)->4883K(5056K)
[2677.619s][info][gc             ] GC(494) Pause Young (Concurrent Start) (G1 Evacuation Pause) 3557M->1386M(4096M) 116.992ms
[2677.619s][info][gc             ] GC(495) Concurrent Mark Cycle
[2677.619s][info][gc,marking     ] GC(495) Concurrent Scan Root Regions
[2677.619s][info][gc,cpu         ] GC(494) User=0.69s Sys=0.00s Real=0.11s
.[2677.805s][info][gc,marking     ] GC(495) Concurrent Scan Root Regions 185.997ms
[2677.805s][info][gc,marking     ] GC(495) Concurrent Mark
[2677.805s][info][gc,marking     ] GC(495) Concurrent Mark From Roots
[2677.805s][info][gc,task        ] GC(495) Using 2 workers of 2 for marking
[2678.520s][info][gc,marking     ] GC(495) Concurrent Mark From Roots 714.598ms
[2678.520s][info][gc,marking     ] GC(495) Concurrent Preclean
[2678.520s][info][gc,marking     ] GC(495) Concurrent Preclean 0.057ms
[2678.520s][info][gc,start       ] GC(495) Pause Remark
[2678.524s][info][gc             ] GC(495) Pause Remark 1903M->1903M(4096M) 3.453ms
[2678.524s][info][gc,cpu         ] GC(495) User=0.02s Sys=0.00s Real=0.01s
[2678.524s][info][gc,marking     ] GC(495) Concurrent Mark 718.397ms
[2678.524s][info][gc,marking     ] GC(495) Concurrent Rebuild Remembered Sets and Scrub Regions
.[2678.749s][info][gc,marking     ] GC(495) Concurrent Rebuild Remembered Sets and Scrub Regions 225.497ms
[2678.749s][info][gc,start       ] GC(495) Pause Cleanup
[2678.750s][info][gc             ] GC(495) Pause Cleanup 2011M->2011M(4096M) 0.125ms
[2678.750s][info][gc,cpu         ] GC(495) User=0.00s Sys=0.00s Real=0.00s
[2678.750s][info][gc,marking     ] GC(495) Concurrent Clear Claimed Marks
[2678.750s][info][gc,marking     ] GC(495) Concurrent Clear Claimed Marks 0.026ms
[2678.750s][info][gc,marking     ] GC(495) Concurrent Cleanup for Next Mark
[2678.754s][info][gc,marking     ] GC(495) Concurrent Cleanup for Next Mark 4.126ms
[2678.754s][info][gc             ] GC(495) Concurrent Mark Cycle 1134.559ms
...[2681.806s][info][gc,start       ] GC(496) Pause Young (Prepare Mixed) (G1 Evacuation Pause)
[2681.806s][info][gc,task        ] GC(496) Using 6 workers of 6 for evacuation
[2681.922s][info][gc,phases      ] GC(496)   Pre Evacuate Collection Set: 0.35ms
[2681.922s][info][gc,phases      ] GC(496)   Merge Heap Roots: 0.58ms
[2681.922s][info][gc,phases      ] GC(496)   Evacuate Collection Set: 113.51ms
[2681.922s][info][gc,phases      ] GC(496)   Post Evacuate Collection Set: 0.95ms
[2681.922s][info][gc,phases      ] GC(496)   Other: 0.08ms
[2681.922s][info][gc,heap        ] GC(496) Eden regions: 1118->0(1111)
[2681.922s][info][gc,heap        ] GC(496) Survivor regions: 110->109(154)
[2681.922s][info][gc,heap        ] GC(496) Old regions: 504->536
[2681.922s][info][gc,heap        ] GC(496) Humongous regions: 80->80
[2681.922s][info][gc,metaspace   ] GC(496) Metaspace: 28973K(29248K)->28973K(29248K) NonClass: 24089K(24192K)->24089K(24192K) Class: 4883K(5056K)->4883K(5056K)
[2681.922s][info][gc             ] GC(496) Pause Young (Prepare Mixed) (G1 Evacuation Pause) 3622M->1448M(4096M) 115.605ms
[2681.922s][info][gc,cpu         ] GC(496) User=0.69s Sys=0.00s Real=0.12s
....[2686.094s][info][gc,start       ] GC(497) Pause Young (Mixed) (G1 Evacuation Pause)
[2686.094s][info][gc,task        ] GC(497) Using 6 workers of 6 for evacuation
[2686.233s][info][gc,phases      ] GC(497)   Pre Evacuate Collection Set: 0.37ms
[2686.233s][info][gc,phases      ] GC(497)   Merge Heap Roots: 0.80ms
[2686.233s][info][gc,phases      ] GC(497)   Evacuate Collection Set: 137.02ms
[2686.233s][info][gc,phases      ] GC(497)   Post Evacuate Collection Set: 0.98ms
[2686.233s][info][gc,phases      ] GC(497)   Other: 0.10ms
[2686.233s][info][gc,heap        ] GC(497) Eden regions: 1111->0(1114)
[2686.233s][info][gc,heap        ] GC(497) Survivor regions: 109->114(153)
[2686.233s][info][gc,heap        ] GC(497) Old regions: 536->474
[2686.233s][info][gc,heap        ] GC(497) Humongous regions: 80->80
[2686.234s][info][gc,metaspace   ] GC(497) Metaspace: 28973K(29248K)->28973K(29248K) NonClass: 24089K(24192K)->24089K(24192K) Class: 4883K(5056K)->4883K(5056K)
[2686.234s][info][gc             ] GC(497) Pause Young (Mixed) (G1 Evacuation Pause) 3670M->1334M(4096M) 139.397ms
[2686.234s][info][gc,cpu         ] GC(497) User=0.83s Sys=0.00s Real=0.14s
....[2690.294s][info][gc,start       ] GC(498) Pause Young (Concurrent Start) (G1 Evacuation Pause)
[2690.294s][info][gc,task        ] GC(498) Using 6 workers of 6 for evacuation
[2690.411s][info][gc,phases      ] GC(498)   Pre Evacuate Collection Set: 0.39ms
[2690.411s][info][gc,phases      ] GC(498)   Merge Heap Roots: 0.49ms
[2690.411s][info][gc,phases      ] GC(498)   Evacuate Collection Set: 115.15ms
[2690.411s][info][gc,phases      ] GC(498)   Post Evacuate Collection Set: 0.89ms
[2690.411s][info][gc,phases      ] GC(498)   Other: 0.10ms
[2690.411s][info][gc,heap        ] GC(498) Eden regions: 1114->0(1118)
[2690.411s][info][gc,heap        ] GC(498) Survivor regions: 114->110(154)
[2690.411s][info][gc,heap        ] GC(498) Old regions: 474->505
[2690.411s][info][gc,heap        ] GC(498) Humongous regions: 80->80
[2690.411s][info][gc,metaspace   ] GC(498) Metaspace: 28973K(29248K)->28973K(29248K) NonClass: 24089K(24192K)->24089K(24192K) Class: 4883K(5056K)->4883K(5056K)
[2690.411s][info][gc             ] GC(498) Pause Young (Concurrent Start) (G1 Evacuation Pause) 3562M->1388M(4096M) 117.168ms
[2690.412s][info][gc             ] GC(499) Concurrent Mark Cycle
[2690.412s][info][gc,marking     ] GC(499) Concurrent Scan Root Regions
[2690.412s][info][gc,cpu         ] GC(498) User=0.70s Sys=0.00s Real=0.12s
[2690.547s][info][gc,marking     ] GC(499) Concurrent Scan Root Regions 135.404ms
[2690.547s][info][gc,marking     ] GC(499) Concurrent Mark
[2690.547s][info][gc,marking     ] GC(499) Concurrent Mark From Roots
[2690.547s][info][gc,task        ] GC(499) Using 2 workers of 2 for marking
.[2691.170s][info][gc,marking     ] GC(499) Concurrent Mark From Roots 623.092ms
[2691.170s][info][gc,marking     ] GC(499) Concurrent Preclean
[2691.170s][info][gc,marking     ] GC(499) Concurrent Preclean 0.068ms
[2691.171s][info][gc,start       ] GC(499) Pause Remark
[2691.174s][info][gc             ] GC(499) Pause Remark 1835M->1835M(4096M) 2.880ms
[2691.174s][info][gc,cpu         ] GC(499) User=0.01s Sys=0.00s Real=0.00s
[2691.174s][info][gc,marking     ] GC(499) Concurrent Mark 627.042ms
[2691.174s][info][gc,marking     ] GC(499) Concurrent Rebuild Remembered Sets and Scrub Regions
[2691.411s][info][gc,marking     ] GC(499) Concurrent Rebuild Remembered Sets and Scrub Regions 237.288ms
[2691.412s][info][gc,start       ] GC(499) Pause Cleanup
[2691.412s][info][gc             ] GC(499) Pause Cleanup 1970M->1970M(4096M) 0.136ms
[2691.412s][info][gc,cpu         ] GC(499) User=0.01s Sys=0.00s Real=0.00s
[2691.412s][info][gc,marking     ] GC(499) Concurrent Clear Claimed Marks
[2691.412s][info][gc,marking     ] GC(499) Concurrent Clear Claimed Marks 0.034ms
[2691.412s][info][gc,marking     ] GC(499) Concurrent Cleanup for Next Mark
[2691.416s][info][gc,marking     ] GC(499) Concurrent Cleanup for Next Mark 3.687ms
[2691.416s][info][gc             ] GC(499) Concurrent Mark Cycle 1004.649ms
...[2694.582s][info][gc,start       ] GC(500) Pause Young (Prepare Mixed) (G1 Evacuation Pause)
[2694.582s][info][gc,task        ] GC(500) Using 6 workers of 6 for evacuation
[2694.702s][info][gc,phases      ] GC(500)   Pre Evacuate Collection Set: 0.37ms
[2694.702s][info][gc,phases      ] GC(500)   Merge Heap Roots: 0.54ms
[2694.702s][info][gc,phases      ] GC(500)   Evacuate Collection Set: 118.28ms
[2694.702s][info][gc,phases      ] GC(500)   Post Evacuate Collection Set: 0.96ms
[2694.702s][info][gc,phases      ] GC(500)   Other: 0.09ms
[2694.702s][info][gc,heap        ] GC(500) Eden regions: 1118->0(1105)
[2694.702s][info][gc,heap        ] GC(500) Survivor regions: 110->111(154)
[2694.702s][info][gc,heap        ] GC(500) Old regions: 505->538
[2694.702s][info][gc,heap        ] GC(500) Humongous regions: 80->80
[2694.702s][info][gc,metaspace   ] GC(500) Metaspace: 28973K(29248K)->28973K(29248K) NonClass: 24089K(24192K)->24089K(24192K) Class: 4883K(5056K)->4883K(5056K)
[2694.702s][info][gc             ] GC(500) Pause Young (Prepare Mixed) (G1 Evacuation Pause) 3624M->1455M(4096M) 120.375ms
[2694.702s][info][gc,cpu         ] GC(500) User=0.71s Sys=0.00s Real=0.12s
.....[2698.786s][info][gc,start       ] GC(501) Pause Young (Mixed) (G1 Evacuation Pause)
[2698.786s][info][gc,task        ] GC(501) Using 6 workers of 6 for evacuation
[2698.921s][info][gc,phases      ] GC(501)   Pre Evacuate Collection Set: 0.40ms
[2698.921s][info][gc,phases      ] GC(501)   Merge Heap Roots: 0.74ms
[2698.921s][info][gc,phases      ] GC(501)   Evacuate Collection Set: 132.58ms
[2698.921s][info][gc,phases      ] GC(501)   Post Evacuate Collection Set: 0.95ms
[2698.921s][info][gc,phases      ] GC(501)   Other: 0.09ms
[2698.921s][info][gc,heap        ] GC(501) Eden regions: 1105->0(1117)
[2698.921s][info][gc,heap        ] GC(501) Survivor regions: 111->111(152)
[2698.921s][info][gc,heap        ] GC(501) Old regions: 538->473
[2698.921s][info][gc,heap        ] GC(501) Humongous regions: 80->80
[2698.921s][info][gc,metaspace   ] GC(501) Metaspace: 28973K(29248K)->28973K(29248K) NonClass: 24089K(24192K)->24089K(24192K) Class: 4883K(5056K)->4883K(5056K)
[2698.921s][info][gc             ] GC(501) Pause Young (Mixed) (G1 Evacuation Pause) 3665M->1326M(4096M) 134.892ms
[2698.921s][info][gc,cpu         ] GC(501) User=0.80s Sys=0.00s Real=0.14s
....[2703.101s][info][gc,start       ] GC(502) Pause Young (Concurrent Start) (G1 Evacuation Pause)
[2703.101s][info][gc,task        ] GC(502) Using 6 workers of 6 for evacuation
[2703.221s][info][gc,phases      ] GC(502)   Pre Evacuate Collection Set: 0.40ms
[2703.221s][info][gc,phases      ] GC(502)   Merge Heap Roots: 0.56ms
[2703.221s][info][gc,phases      ] GC(502)   Evacuate Collection Set: 118.10ms
[2703.221s][info][gc,phases      ] GC(502)   Post Evacuate Collection Set: 0.87ms
[2703.221s][info][gc,phases      ] GC(502)   Other: 0.13ms
[2703.221s][info][gc,heap        ] GC(502) Eden regions: 1117->0(1117)
[2703.221s][info][gc,heap        ] GC(502) Survivor regions: 111->111(154)
[2703.221s][info][gc,heap        ] GC(502) Old regions: 473->505
[2703.221s][info][gc,heap        ] GC(502) Humongous regions: 80->80
[2703.221s][info][gc,metaspace   ] GC(502) Metaspace: 28973K(29248K)->28973K(29248K) NonClass: 24089K(24192K)->24089K(24192K) Class: 4883K(5056K)->4883K(5056K)
[2703.221s][info][gc             ] GC(502) Pause Young (Concurrent Start) (G1 Evacuation Pause) 3560M->1390M(4096M) 120.197ms
[2703.221s][info][gc             ] GC(503) Concurrent Mark Cycle
[2703.221s][info][gc,marking     ] GC(503) Concurrent Scan Root Regions
[2703.221s][info][gc,cpu         ] GC(502) User=0.71s Sys=0.00s Real=0.13s
[2703.366s][info][gc,marking     ] GC(503) Concurrent Scan Root Regions 145.368ms
[2703.366s][info][gc,marking     ] GC(503) Concurrent Mark
[2703.366s][info][gc,marking     ] GC(503) Concurrent Mark From Roots
[2703.366s][info][gc,task        ] GC(503) Using 2 workers of 2 for marking
.[2704.035s][info][gc,marking     ] GC(503) Concurrent Mark From Roots 668.900ms
[2704.035s][info][gc,marking     ] GC(503) Concurrent Preclean
[2704.035s][info][gc,marking     ] GC(503) Concurrent Preclean 0.047ms
[2704.035s][info][gc,start       ] GC(503) Pause Remark
[2704.038s][info][gc             ] GC(503) Pause Remark 1923M->1923M(4096M) 3.053ms
[2704.038s][info][gc,cpu         ] GC(503) User=0.02s Sys=0.00s Real=0.00s
[2704.038s][info][gc,marking     ] GC(503) Concurrent Mark 672.237ms
[2704.038s][info][gc,marking     ] GC(503) Concurrent Rebuild Remembered Sets and Scrub Regions
[2704.267s][info][gc,marking     ] GC(503) Concurrent Rebuild Remembered Sets and Scrub Regions 228.109ms
[2704.267s][info][gc,start       ] GC(503) Pause Cleanup
[2704.267s][info][gc             ] GC(503) Pause Cleanup 2023M->2023M(4096M) 0.138ms
[2704.267s][info][gc,cpu         ] GC(503) User=0.00s Sys=0.00s Real=0.00s
[2704.267s][info][gc,marking     ] GC(503) Concurrent Clear Claimed Marks
[2704.267s][info][gc,marking     ] GC(503) Concurrent Clear Claimed Marks 0.036ms
[2704.267s][info][gc,marking     ] GC(503) Concurrent Cleanup for Next Mark
[2704.273s][info][gc,marking     ] GC(503) Concurrent Cleanup for Next Mark 5.310ms
[2704.273s][info][gc             ] GC(503) Concurrent Mark Cycle 1052.038ms
...[2707.319s][info][gc,start       ] GC(504) Pause Young (Prepare Mixed) (G1 Evacuation Pause)
[2707.319s][info][gc,task        ] GC(504) Using 6 workers of 6 for evacuation
[2707.433s][info][gc,phases      ] GC(504)   Pre Evacuate Collection Set: 0.34ms
[2707.433s][info][gc,phases      ] GC(504)   Merge Heap Roots: 0.53ms
[2707.433s][info][gc,phases      ] GC(504)   Evacuate Collection Set: 112.39ms
[2707.433s][info][gc,phases      ] GC(504)   Post Evacuate Collection Set: 0.94ms
[2707.433s][info][gc,phases      ] GC(504)   Other: 0.09ms
[2707.433s][info][gc,heap        ] GC(504) Eden regions: 1117->0(1113)
[2707.433s][info][gc,heap        ] GC(504) Survivor regions: 111->108(154)
[2707.433s][info][gc,heap        ] GC(504) Old regions: 505->536
[2707.433s][info][gc,heap        ] GC(504) Humongous regions: 80->80
[2707.433s][info][gc,metaspace   ] GC(504) Metaspace: 28973K(29248K)->28973K(29248K) NonClass: 24089K(24192K)->24089K(24192K) Class: 4883K(5056K)->4883K(5056K)
[2707.433s][info][gc             ] GC(504) Pause Young (Prepare Mixed) (G1 Evacuation Pause) 3624M->1446M(4096M) 114.411ms
[2707.433s][info][gc,cpu         ] GC(504) User=0.68s Sys=0.00s Real=0.12s
....[2711.540s][info][gc,start       ] GC(505) Pause Young (Mixed) (G1 Evacuation Pause)
[2711.540s][info][gc,task        ] GC(505) Using 6 workers of 6 for evacuation
[2711.673s][info][gc,phases      ] GC(505)   Pre Evacuate Collection Set: 0.35ms
[2711.673s][info][gc,phases      ] GC(505)   Merge Heap Roots: 0.77ms
[2711.673s][info][gc,phases      ] GC(505)   Evacuate Collection Set: 130.12ms
[2711.673s][info][gc,phases      ] GC(505)   Post Evacuate Collection Set: 0.96ms
[2711.673s][info][gc,phases      ] GC(505)   Other: 0.09ms
[2711.673s][info][gc,heap        ] GC(505) Eden regions: 1113->0(1119)
[2711.673s][info][gc,heap        ] GC(505) Survivor regions: 108->109(153)
[2711.673s][info][gc,heap        ] GC(505) Old regions: 536->473
[2711.673s][info][gc,heap        ] GC(505) Humongous regions: 80->80
[2711.673s][info][gc,metaspace   ] GC(505) Metaspace: 28973K(29248K)->28973K(29248K) NonClass: 24089K(24192K)->24089K(24192K) Class: 4883K(5056K)->4883K(5056K)
[2711.673s][info][gc             ] GC(505) Pause Young (Mixed) (G1 Evacuation Pause) 3672M->1322M(4096M) 132.430ms
[2711.673s][info][gc,cpu         ] GC(505) User=0.79s Sys=0.00s Real=0.14s
.....[2715.860s][info][gc,start       ] GC(506) Pause Young (Concurrent Start) (G1 Evacuation Pause)
[2715.860s][info][gc,task        ] GC(506) Using 6 workers of 6 for evacuation
[2715.975s][info][gc,phases      ] GC(506)   Pre Evacuate Collection Set: 0.38ms
[2715.975s][info][gc,phases      ] GC(506)   Merge Heap Roots: 0.47ms
[2715.975s][info][gc,phases      ] GC(506)   Evacuate Collection Set: 112.60ms
[2715.975s][info][gc,phases      ] GC(506)   Post Evacuate Collection Set: 0.90ms
[2715.975s][info][gc,phases      ] GC(506)   Other: 0.11ms
[2715.975s][info][gc,heap        ] GC(506) Eden regions: 1119->0(1119)
[2715.975s][info][gc,heap        ] GC(506) Survivor regions: 109->109(154)
[2715.975s][info][gc,heap        ] GC(506) Old regions: 473->503
[2715.975s][info][gc,heap        ] GC(506) Humongous regions: 80->80
[2715.975s][info][gc,metaspace   ] GC(506) Metaspace: 28973K(29248K)->28973K(29248K) NonClass: 24089K(24192K)->24089K(24192K) Class: 4883K(5056K)->4883K(5056K)
[2715.975s][info][gc             ] GC(506) Pause Young (Concurrent Start) (G1 Evacuation Pause) 3560M->1383M(4096M) 114.610ms
[2715.975s][info][gc             ] GC(507) Concurrent Mark Cycle
[2715.975s][info][gc,marking     ] GC(507) Concurrent Scan Root Regions
[2715.975s][info][gc,cpu         ] GC(506) User=0.68s Sys=0.00s Real=0.12s
[2716.116s][info][gc,marking     ] GC(507) Concurrent Scan Root Regions 141.323ms
[2716.116s][info][gc,marking     ] GC(507) Concurrent Mark
[2716.116s][info][gc,marking     ] GC(507) Concurrent Mark From Roots
[2716.116s][info][gc,task        ] GC(507) Using 2 workers of 2 for marking
[2716.747s][info][gc,marking     ] GC(507) Concurrent Mark From Roots 631.390ms
[2716.748s][info][gc,marking     ] GC(507) Concurrent Preclean
[2716.748s][info][gc,marking     ] GC(507) Concurrent Preclean 0.166ms
[2716.748s][info][gc,start       ] GC(507) Pause Remark
[2716.752s][info][gc             ] GC(507) Pause Remark 1833M->1833M(4096M) 4.458ms
[2716.753s][info][gc,cpu         ] GC(507) User=0.03s Sys=0.00s Real=0.01s
[2716.753s][info][gc,marking     ] GC(507) Concurrent Mark 636.520ms
[2716.753s][info][gc,marking     ] GC(507) Concurrent Rebuild Remembered Sets and Scrub Regions
.[2717.010s][info][gc,marking     ] GC(507) Concurrent Rebuild Remembered Sets and Scrub Regions 257.766ms
[2717.011s][info][gc,start       ] GC(507) Pause Cleanup
[2717.011s][info][gc             ] GC(507) Pause Cleanup 1964M->1964M(4096M) 0.190ms
[2717.011s][info][gc,cpu         ] GC(507) User=0.00s Sys=0.00s Real=0.00s
[2717.011s][info][gc,marking     ] GC(507) Concurrent Clear Claimed Marks
[2717.011s][info][gc,marking     ] GC(507) Concurrent Clear Claimed Marks 0.034ms
[2717.011s][info][gc,marking     ] GC(507) Concurrent Cleanup for Next Mark
[2717.016s][info][gc,marking     ] GC(507) Concurrent Cleanup for Next Mark 5.261ms
[2717.016s][info][gc             ] GC(507) Concurrent Mark Cycle 1041.528ms
...[2720.108s][info][gc,start       ] GC(508) Pause Young (Prepare Mixed) (G1 Evacuation Pause)
[2720.108s][info][gc,task        ] GC(508) Using 6 workers of 6 for evacuation
[2720.226s][info][gc,phases      ] GC(508)   Pre Evacuate Collection Set: 0.35ms
[2720.226s][info][gc,phases      ] GC(508)   Merge Heap Roots: 0.55ms
[2720.226s][info][gc,phases      ] GC(508)   Evacuate Collection Set: 116.09ms
[2720.226s][info][gc,phases      ] GC(508)   Post Evacuate Collection Set: 0.92ms
[2720.226s][info][gc,phases      ] GC(508)   Other: 0.09ms
[2720.226s][info][gc,heap        ] GC(508) Eden regions: 1119->0(1110)
[2720.226s][info][gc,heap        ] GC(508) Survivor regions: 109->110(154)
[2720.226s][info][gc,heap        ] GC(508) Old regions: 503->535
[2720.226s][info][gc,heap        ] GC(508) Humongous regions: 80->80
[2720.226s][info][gc,metaspace   ] GC(508) Metaspace: 28969K(29248K)->28969K(29248K) NonClass: 24088K(24192K)->24088K(24192K) Class: 4881K(5056K)->4881K(5056K)
[2720.226s][info][gc             ] GC(508) Pause Young (Prepare Mixed) (G1 Evacuation Pause) 3621M->1448M(4096M) 118.131ms
[2720.226s][info][gc,cpu         ] GC(508) User=0.71s Sys=0.00s Real=0.12s
....[2724.348s][info][gc,start       ] GC(509) Pause Young (Mixed) (G1 Evacuation Pause)
[2724.348s][info][gc,task        ] GC(509) Using 6 workers of 6 for evacuation
[2724.477s][info][gc,phases      ] GC(509)   Pre Evacuate Collection Set: 0.36ms
[2724.477s][info][gc,phases      ] GC(509)   Merge Heap Roots: 0.65ms
[2724.477s][info][gc,phases      ] GC(509)   Evacuate Collection Set: 127.26ms
[2724.477s][info][gc,phases      ] GC(509)   Post Evacuate Collection Set: 0.94ms
[2724.477s][info][gc,phases      ] GC(509)   Other: 0.09ms
[2724.477s][info][gc,heap        ] GC(509) Eden regions: 1110->0(1121)
[2724.477s][info][gc,heap        ] GC(509) Survivor regions: 110->107(153)
[2724.477s][info][gc,heap        ] GC(509) Old regions: 535->473
[2724.477s][info][gc,heap        ] GC(509) Humongous regions: 80->80
[2724.477s][info][gc,metaspace   ] GC(509) Metaspace: 28969K(29248K)->28969K(29248K) NonClass: 24088K(24192K)->24088K(24192K) Class: 4881K(5056K)->4881K(5056K)
[2724.477s][info][gc             ] GC(509) Pause Young (Mixed) (G1 Evacuation Pause) 3668M->1317M(4096M) 129.437ms
[2724.477s][info][gc,cpu         ] GC(509) User=0.77s Sys=0.00s Real=0.13s
....[2728.655s][info][gc,start       ] GC(510) Pause Young (Concurrent Start) (G1 Evacuation Pause)
[2728.655s][info][gc,task        ] GC(510) Using 6 workers of 6 for evacuation
[2728.771s][info][gc,phases      ] GC(510)   Pre Evacuate Collection Set: 0.38ms
[2728.771s][info][gc,phases      ] GC(510)   Merge Heap Roots: 0.48ms
[2728.771s][info][gc,phases      ] GC(510)   Evacuate Collection Set: 113.70ms
[2728.771s][info][gc,phases      ] GC(510)   Post Evacuate Collection Set: 0.90ms
[2728.771s][info][gc,phases      ] GC(510)   Other: 0.13ms
[2728.771s][info][gc,heap        ] GC(510) Eden regions: 1121->0(1120)
[2728.771s][info][gc,heap        ] GC(510) Survivor regions: 107->108(154)
[2728.771s][info][gc,heap        ] GC(510) Old regions: 473->505
[2728.771s][info][gc,heap        ] GC(510) Humongous regions: 80->80
[2728.771s][info][gc,metaspace   ] GC(510) Metaspace: 28969K(29248K)->28969K(29248K) NonClass: 24088K(24192K)->24088K(24192K) Class: 4881K(5056K)->4881K(5056K)
[2728.771s][info][gc             ] GC(510) Pause Young (Concurrent Start) (G1 Evacuation Pause) 3559M->1384M(4096M) 115.725ms
[2728.771s][info][gc             ] GC(511) Concurrent Mark Cycle
[2728.771s][info][gc,marking     ] GC(511) Concurrent Scan Root Regions
[2728.771s][info][gc,cpu         ] GC(510) User=0.68s Sys=0.00s Real=0.12s
.[2728.936s][info][gc,marking     ] GC(511) Concurrent Scan Root Regions 165.344ms
[2728.936s][info][gc,marking     ] GC(511) Concurrent Mark
[2728.936s][info][gc,marking     ] GC(511) Concurrent Mark From Roots
[2728.936s][info][gc,task        ] GC(511) Using 2 workers of 2 for marking
[2729.752s][info][gc,marking     ] GC(511) Concurrent Mark From Roots 816.077ms
[2729.752s][info][gc,marking     ] GC(511) Concurrent Preclean
[2729.753s][info][gc,marking     ] GC(511) Concurrent Preclean 0.119ms
[2729.753s][info][gc,start       ] GC(511) Pause Remark
[2729.757s][info][gc             ] GC(511) Pause Remark 1990M->1990M(4096M) 4.511ms
[2729.757s][info][gc,cpu         ] GC(511) User=0.02s Sys=0.00s Real=0.00s
[2729.757s][info][gc,marking     ] GC(511) Concurrent Mark 821.003ms
[2729.757s][info][gc,marking     ] GC(511) Concurrent Rebuild Remembered Sets and Scrub Regions
.[2730.026s][info][gc,marking     ] GC(511) Concurrent Rebuild Remembered Sets and Scrub Regions 268.408ms
[2730.026s][info][gc,start       ] GC(511) Pause Cleanup
[2730.026s][info][gc             ] GC(511) Pause Cleanup 2151M->2151M(4096M) 0.118ms
[2730.026s][info][gc,cpu         ] GC(511) User=0.00s Sys=0.00s Real=0.00s
[2730.026s][info][gc,marking     ] GC(511) Concurrent Clear Claimed Marks
[2730.026s][info][gc,marking     ] GC(511) Concurrent Clear Claimed Marks 0.029ms
[2730.026s][info][gc,marking     ] GC(511) Concurrent Cleanup for Next Mark
[2730.029s][info][gc,marking     ] GC(511) Concurrent Cleanup for Next Mark 3.154ms
[2730.029s][info][gc             ] GC(511) Concurrent Mark Cycle 1258.427ms
... (rIR:aIR:PR = 4428:4429:4429) (tPR = 65621) [OK] 
  2732s: Performance info:
         Transaction,    Success,    Partial,     Failed,   Receipts, AvgBarcode, 
             Overall,     266892,          0,          0,     253541,      59.48, 
         Response times:
             Request,    Success,    Partial,     Failed,   SkipFail,     Probes,    Samples,      min,      p50,      p90,      p95,      p99,      max, 
       TotalPurchase,     253539,          0,          0,          0,     248907,     274113,      300,     3600,     6600,    11000,    38000,   195000,
     InStorePurchase,     133432,          0,          0,          0,     131112,     143932,      300,     3600,     6600,    10800,    38000,   195000,
      OnlinePurchase,      93442,          0,          0,          0,      91807,     100949,      300,     3600,     6600,    11000,    38000,   183000,
        InstPurchase,      26665,          0,          0,          0,      25988,      29232,      400,     3600,     6700,    11400,    38000,   183000,
          AssocOfCat,        270,          0,          0,          0,        226,        324,    23000,    33000,    50000,    56500,   127500,   165000,
      AssocOfProduct,       2665,          0,          0,          0,       2486,       2916,      400,     3300,     6130,    11915,    32000,   132000,
      BusinessReport,        669,          0,          0,          0,        572,        741,    27000,    38000,    63000,    75900,   164900,   201000,
          CustBuyBeh,       2673,          0,          0,          0,       2473,       2917,      200,     3000,     6500,    10110,    36000,   135000,
       ProductReturn,       7074,          0,          0,          0,       6816,       7782,      200,     2400,     5900,     9285,    33170,   147000,

  2732s: (33%)   IR =   4566 [2732.885s][info][gc,start       ] GC(512) Pause Young (Prepare Mixed) (G1 Evacuation Pause)
[2732.885s][info][gc,task        ] GC(512) Using 6 workers of 6 for evacuation
[2733.003s][info][gc,phases      ] GC(512)   Pre Evacuate Collection Set: 0.33ms
[2733.003s][info][gc,phases      ] GC(512)   Merge Heap Roots: 0.53ms
[2733.003s][info][gc,phases      ] GC(512)   Evacuate Collection Set: 115.61ms
[2733.003s][info][gc,phases      ] GC(512)   Post Evacuate Collection Set: 0.96ms
[2733.003s][info][gc,phases      ] GC(512)   Other: 0.09ms
[2733.003s][info][gc,heap        ] GC(512) Eden regions: 1120->0(1108)
[2733.003s][info][gc,heap        ] GC(512) Survivor regions: 108->110(154)
[2733.003s][info][gc,heap        ] GC(512) Old regions: 505->537
[2733.003s][info][gc,heap        ] GC(512) Humongous regions: 80->80
[2733.003s][info][gc,metaspace   ] GC(512) Metaspace: 28967K(29248K)->28967K(29248K) NonClass: 24087K(24192K)->24087K(24192K) Class: 4880K(5056K)->4880K(5056K)
[2733.003s][info][gc             ] GC(512) Pause Young (Prepare Mixed) (G1 Evacuation Pause) 3624M->1452M(4096M) 117.658ms
[2733.003s][info][gc,cpu         ] GC(512) User=0.70s Sys=0.00s Real=0.12s
....|[2736.985s][info][gc,start       ] GC(513) Pause Young (Mixed) (G1 Evacuation Pause)
[2736.985s][info][gc,task        ] GC(513) Using 6 workers of 6 for evacuation
[2737.123s][info][gc,phases      ] GC(513)   Pre Evacuate Collection Set: 0.35ms
[2737.123s][info][gc,phases      ] GC(513)   Merge Heap Roots: 0.72ms
[2737.123s][info][gc,phases      ] GC(513)   Evacuate Collection Set: 136.15ms
[2737.123s][info][gc,phases      ] GC(513)   Post Evacuate Collection Set: 0.98ms
[2737.123s][info][gc,phases      ] GC(513)   Other: 0.09ms
[2737.123s][info][gc,heap        ] GC(513) Eden regions: 1108->0(1117)
[2737.123s][info][gc,heap        ] GC(513) Survivor regions: 110->111(153)
[2737.123s][info][gc,heap        ] GC(513) Old regions: 537->475
[2737.123s][info][gc,heap        ] GC(513) Humongous regions: 80->80
[2737.123s][info][gc,metaspace   ] GC(513) Metaspace: 28967K(29248K)->28967K(29248K) NonClass: 24087K(24192K)->24087K(24192K) Class: 4880K(5056K)->4880K(5056K)
[2737.123s][info][gc             ] GC(513) Pause Young (Mixed) (G1 Evacuation Pause) 3668M->1331M(4096M) 138.425ms
[2737.123s][info][gc,cpu         ] GC(513) User=0.82s Sys=0.00s Real=0.14s
....[2741.087s][info][gc,start       ] GC(514) Pause Young (Concurrent Start) (G1 Evacuation Pause)
[2741.087s][info][gc,task        ] GC(514) Using 6 workers of 6 for evacuation
[2741.202s][info][gc,phases      ] GC(514)   Pre Evacuate Collection Set: 0.37ms
[2741.202s][info][gc,phases      ] GC(514)   Merge Heap Roots: 0.47ms
[2741.202s][info][gc,phases      ] GC(514)   Evacuate Collection Set: 113.07ms
[2741.202s][info][gc,phases      ] GC(514)   Post Evacuate Collection Set: 0.92ms
[2741.202s][info][gc,phases      ] GC(514)   Other: 0.12ms
[2741.202s][info][gc,heap        ] GC(514) Eden regions: 1117->0(1119)
[2741.202s][info][gc,heap        ] GC(514) Survivor regions: 111->109(154)
[2741.202s][info][gc,heap        ] GC(514) Old regions: 475->508
[2741.202s][info][gc,heap        ] GC(514) Humongous regions: 80->80
[2741.202s][info][gc,metaspace   ] GC(514) Metaspace: 28967K(29248K)->28967K(29248K) NonClass: 24087K(24192K)->24087K(24192K) Class: 4880K(5056K)->4880K(5056K)
[2741.202s][info][gc             ] GC(514) Pause Young (Concurrent Start) (G1 Evacuation Pause) 3565M->1391M(4096M) 115.097ms
[2741.202s][info][gc             ] GC(515) Concurrent Mark Cycle
[2741.202s][info][gc,marking     ] GC(515) Concurrent Scan Root Regions
[2741.202s][info][gc,cpu         ] GC(514) User=0.68s Sys=0.00s Real=0.12s
[2741.360s][info][gc,marking     ] GC(515) Concurrent Scan Root Regions 158.264ms
[2741.360s][info][gc,marking     ] GC(515) Concurrent Mark
[2741.360s][info][gc,marking     ] GC(515) Concurrent Mark From Roots
[2741.360s][info][gc,task        ] GC(515) Using 2 workers of 2 for marking
.[2742.095s][info][gc,marking     ] GC(515) Concurrent Mark From Roots 734.680ms
[2742.095s][info][gc,marking     ] GC(515) Concurrent Preclean
[2742.095s][info][gc,marking     ] GC(515) Concurrent Preclean 0.122ms
[2742.095s][info][gc,start       ] GC(515) Pause Remark
[2742.099s][info][gc             ] GC(515) Pause Remark 1895M->1895M(4096M) 3.337ms
[2742.099s][info][gc,cpu         ] GC(515) User=0.02s Sys=0.00s Real=0.00s
[2742.099s][info][gc,marking     ] GC(515) Concurrent Mark 738.432ms
[2742.099s][info][gc,marking     ] GC(515) Concurrent Rebuild Remembered Sets and Scrub Regions
[2742.329s][info][gc,marking     ] GC(515) Concurrent Rebuild Remembered Sets and Scrub Regions 230.464ms
[2742.329s][info][gc,start       ] GC(515) Pause Cleanup
[2742.329s][info][gc             ] GC(515) Pause Cleanup 2019M->2019M(4096M) 0.118ms
[2742.329s][info][gc,cpu         ] GC(515) User=0.00s Sys=0.00s Real=0.00s
[2742.329s][info][gc,marking     ] GC(515) Concurrent Clear Claimed Marks
[2742.329s][info][gc,marking     ] GC(515) Concurrent Clear Claimed Marks 0.025ms
[2742.329s][info][gc,marking     ] GC(515) Concurrent Cleanup for Next Mark
[2742.334s][info][gc,marking     ] GC(515) Concurrent Cleanup for Next Mark 4.218ms
[2742.334s][info][gc             ] GC(515) Concurrent Mark Cycle 1131.863ms
...[2745.282s][info][gc,start       ] GC(516) Pause Young (Prepare Mixed) (G1 Evacuation Pause)
[2745.282s][info][gc,task        ] GC(516) Using 6 workers of 6 for evacuation
[2745.398s][info][gc,phases      ] GC(516)   Pre Evacuate Collection Set: 0.34ms
[2745.398s][info][gc,phases      ] GC(516)   Merge Heap Roots: 0.51ms
[2745.398s][info][gc,phases      ] GC(516)   Evacuate Collection Set: 114.25ms
[2745.398s][info][gc,phases      ] GC(516)   Post Evacuate Collection Set: 0.93ms
[2745.398s][info][gc,phases      ] GC(516)   Other: 0.09ms
[2745.398s][info][gc,heap        ] GC(516) Eden regions: 1119->0(1106)
[2745.398s][info][gc,heap        ] GC(516) Survivor regions: 109->110(154)
[2745.398s][info][gc,heap        ] GC(516) Old regions: 508->539
[2745.398s][info][gc,heap        ] GC(516) Humongous regions: 80->80
[2745.398s][info][gc,metaspace   ] GC(516) Metaspace: 28967K(29248K)->28967K(29248K) NonClass: 24087K(24192K)->24087K(24192K) Class: 4880K(5056K)->4880K(5056K)
[2745.398s][info][gc             ] GC(516) Pause Young (Prepare Mixed) (G1 Evacuation Pause) 3629M->1455M(4096M) 116.248ms
[2745.398s][info][gc,cpu         ] GC(516) User=0.69s Sys=0.00s Real=0.11s
....[2749.279s][info][gc,start       ] GC(517) Pause Young (Mixed) (G1 Evacuation Pause)
[2749.280s][info][gc,task        ] GC(517) Using 6 workers of 6 for evacuation
[2749.410s][info][gc,phases      ] GC(517)   Pre Evacuate Collection Set: 0.38ms
[2749.410s][info][gc,phases      ] GC(517)   Merge Heap Roots: 0.64ms
[2749.410s][info][gc,phases      ] GC(517)   Evacuate Collection Set: 128.74ms
[2749.410s][info][gc,phases      ] GC(517)   Post Evacuate Collection Set: 0.96ms
[2749.410s][info][gc,phases      ] GC(517)   Other: 0.09ms
[2749.410s][info][gc,heap        ] GC(517) Eden regions: 1106->0(1119)
[2749.410s][info][gc,heap        ] GC(517) Survivor regions: 110->109(152)
[2749.410s][info][gc,heap        ] GC(517) Old regions: 539->475
[2749.410s][info][gc,heap        ] GC(517) Humongous regions: 80->80
[2749.410s][info][gc,metaspace   ] GC(517) Metaspace: 28967K(29248K)->28967K(29248K) NonClass: 24087K(24192K)->24087K(24192K) Class: 4880K(5056K)->4880K(5056K)
[2749.410s][info][gc             ] GC(517) Pause Young (Mixed) (G1 Evacuation Pause) 3667M->1327M(4096M) 130.946ms
[2749.410s][info][gc,cpu         ] GC(517) User=0.78s Sys=0.00s Real=0.13s
....[2753.487s][info][gc,start       ] GC(518) Pause Young (Concurrent Start) (G1 Evacuation Pause)
[2753.487s][info][gc,task        ] GC(518) Using 6 workers of 6 for evacuation
[2753.606s][info][gc,phases      ] GC(518)   Pre Evacuate Collection Set: 0.39ms
[2753.606s][info][gc,phases      ] GC(518)   Merge Heap Roots: 0.52ms
[2753.606s][info][gc,phases      ] GC(518)   Evacuate Collection Set: 116.37ms
[2753.606s][info][gc,phases      ] GC(518)   Post Evacuate Collection Set: 0.94ms
[2753.606s][info][gc,phases      ] GC(518)   Other: 0.11ms
[2753.606s][info][gc,heap        ] GC(518) Eden regions: 1119->0(1118)
[2753.606s][info][gc,heap        ] GC(518) Survivor regions: 109->110(154)
[2753.606s][info][gc,heap        ] GC(518) Old regions: 475->508
[2753.606s][info][gc,heap        ] GC(518) Humongous regions: 80->80
[2753.606s][info][gc,metaspace   ] GC(518) Metaspace: 28967K(29248K)->28967K(29248K) NonClass: 24087K(24192K)->24087K(24192K) Class: 4880K(5056K)->4880K(5056K)
[2753.606s][info][gc             ] GC(518) Pause Young (Concurrent Start) (G1 Evacuation Pause) 3565M->1393M(4096M) 118.455ms
[2753.606s][info][gc             ] GC(519) Concurrent Mark Cycle
[2753.606s][info][gc,marking     ] GC(519) Concurrent Scan Root Regions
[2753.606s][info][gc,cpu         ] GC(518) User=0.71s Sys=0.00s Real=0.12s
[2753.741s][info][gc,marking     ] GC(519) Concurrent Scan Root Regions 134.981ms
[2753.741s][info][gc,marking     ] GC(519) Concurrent Mark
[2753.741s][info][gc,marking     ] GC(519) Concurrent Mark From Roots
[2753.741s][info][gc,task        ] GC(519) Using 2 workers of 2 for marking
.[2754.406s][info][gc,marking     ] GC(519) Concurrent Mark From Roots 665.330ms
[2754.406s][info][gc,marking     ] GC(519) Concurrent Preclean
[2754.406s][info][gc,marking     ] GC(519) Concurrent Preclean 0.095ms
[2754.407s][info][gc,start       ] GC(519) Pause Remark
[2754.410s][info][gc             ] GC(519) Pause Remark 1896M->1896M(4096M) 3.750ms
[2754.410s][info][gc,cpu         ] GC(519) User=0.02s Sys=0.00s Real=0.00s
[2754.410s][info][gc,marking     ] GC(519) Concurrent Mark 669.458ms
[2754.410s][info][gc,marking     ] GC(519) Concurrent Rebuild Remembered Sets and Scrub Regions
[2754.687s][info][gc,marking     ] GC(519) Concurrent Rebuild Remembered Sets and Scrub Regions 276.075ms
[2754.687s][info][gc,start       ] GC(519) Pause Cleanup
[2754.687s][info][gc             ] GC(519) Pause Cleanup 2036M->2036M(4096M) 0.115ms
[2754.687s][info][gc,cpu         ] GC(519) User=0.00s Sys=0.00s Real=0.00s
[2754.687s][info][gc,marking     ] GC(519) Concurrent Clear Claimed Marks
[2754.687s][info][gc,marking     ] GC(519) Concurrent Clear Claimed Marks 0.025ms
[2754.687s][info][gc,marking     ] GC(519) Concurrent Cleanup for Next Mark
[2754.690s][info][gc,marking     ] GC(519) Concurrent Cleanup for Next Mark 3.182ms
[2754.690s][info][gc             ] GC(519) Concurrent Mark Cycle 1084.144ms
...[2757.588s][info][gc,start       ] GC(520) Pause Young (Prepare Mixed) (G1 Evacuation Pause)
[2757.588s][info][gc,task        ] GC(520) Using 6 workers of 6 for evacuation
[2757.703s][info][gc,phases      ] GC(520)   Pre Evacuate Collection Set: 0.34ms
[2757.703s][info][gc,phases      ] GC(520)   Merge Heap Roots: 0.52ms
[2757.703s][info][gc,phases      ] GC(520)   Evacuate Collection Set: 112.79ms
[2757.703s][info][gc,phases      ] GC(520)   Post Evacuate Collection Set: 0.95ms
[2757.703s][info][gc,phases      ] GC(520)   Other: 0.08ms
[2757.703s][info][gc,heap        ] GC(520) Eden regions: 1118->0(1111)
[2757.703s][info][gc,heap        ] GC(520) Survivor regions: 110->108(154)
[2757.703s][info][gc,heap        ] GC(520) Old regions: 508->538
[2757.703s][info][gc,heap        ] GC(520) Humongous regions: 80->80
[2757.703s][info][gc,metaspace   ] GC(520) Metaspace: 28964K(29248K)->28964K(29248K) NonClass: 24084K(24192K)->24084K(24192K) Class: 4879K(5056K)->4879K(5056K)
[2757.703s][info][gc             ] GC(520) Pause Young (Prepare Mixed) (G1 Evacuation Pause) 3629M->1450M(4096M) 114.841ms
[2757.703s][info][gc,cpu         ] GC(520) User=0.68s Sys=0.00s Real=0.12s
....[2761.781s][info][gc,start       ] GC(521) Pause Young (Mixed) (G1 Evacuation Pause)
[2761.781s][info][gc,task        ] GC(521) Using 6 workers of 6 for evacuation
[2761.914s][info][gc,phases      ] GC(521)   Pre Evacuate Collection Set: 0.36ms
[2761.914s][info][gc,phases      ] GC(521)   Merge Heap Roots: 0.65ms
[2761.914s][info][gc,phases      ] GC(521)   Evacuate Collection Set: 131.15ms
[2761.914s][info][gc,phases      ] GC(521)   Post Evacuate Collection Set: 0.95ms
[2761.914s][info][gc,phases      ] GC(521)   Other: 0.09ms
[2761.914s][info][gc,heap        ] GC(521) Eden regions: 1111->0(1117)
[2761.914s][info][gc,heap        ] GC(521) Survivor regions: 108->111(153)
[2761.914s][info][gc,heap        ] GC(521) Old regions: 538->472
[2761.914s][info][gc,heap        ] GC(521) Humongous regions: 80->80
[2761.914s][info][gc,metaspace   ] GC(521) Metaspace: 28964K(29248K)->28964K(29248K) NonClass: 24084K(24192K)->24084K(24192K) Class: 4879K(5056K)->4879K(5056K)
[2761.914s][info][gc             ] GC(521) Pause Young (Mixed) (G1 Evacuation Pause) 3672M->1323M(4096M) 133.333ms
[2761.914s][info][gc,cpu         ] GC(521) User=0.79s Sys=0.00s Real=0.13s
....[2765.918s][info][gc,start       ] GC(522) Pause Young (Concurrent Start) (G1 Evacuation Pause)
[2765.918s][info][gc,task        ] GC(522) Using 6 workers of 6 for evacuation
[2766.035s][info][gc,phases      ] GC(522)   Pre Evacuate Collection Set: 0.42ms
[2766.035s][info][gc,phases      ] GC(522)   Merge Heap Roots: 0.52ms
[2766.035s][info][gc,phases      ] GC(522)   Evacuate Collection Set: 114.55ms
[2766.035s][info][gc,phases      ] GC(522)   Post Evacuate Collection Set: 0.90ms
[2766.035s][info][gc,phases      ] GC(522)   Other: 0.14ms
[2766.035s][info][gc,heap        ] GC(522) Eden regions: 1117->0(1119)
[2766.035s][info][gc,heap        ] GC(522) Survivor regions: 111->109(154)
[2766.035s][info][gc,heap        ] GC(522) Old regions: 472->503
[2766.035s][info][gc,heap        ] GC(522) Humongous regions: 80->80
[2766.035s][info][gc,metaspace   ] GC(522) Metaspace: 28964K(29248K)->28964K(29248K) NonClass: 24085K(24192K)->24085K(24192K) Class: 4879K(5056K)->4879K(5056K)
[2766.035s][info][gc             ] GC(522) Pause Young (Concurrent Start) (G1 Evacuation Pause) 3557M->1383M(4096M) 116.669ms
[2766.035s][info][gc             ] GC(523) Concurrent Mark Cycle
[2766.035s][info][gc,marking     ] GC(523) Concurrent Scan Root Regions
[2766.035s][info][gc,cpu         ] GC(522) User=0.70s Sys=0.00s Real=0.12s
.[2766.207s][info][gc,marking     ] GC(523) Concurrent Scan Root Regions 172.269ms
[2766.207s][info][gc,marking     ] GC(523) Concurrent Mark
[2766.207s][info][gc,marking     ] GC(523) Concurrent Mark From Roots
[2766.207s][info][gc,task        ] GC(523) Using 2 workers of 2 for marking
[2766.981s][info][gc,marking     ] GC(523) Concurrent Mark From Roots 773.357ms
[2766.981s][info][gc,marking     ] GC(523) Concurrent Preclean
[2766.981s][info][gc,marking     ] GC(523) Concurrent Preclean 0.110ms
[2766.983s][info][gc,start       ] GC(523) Pause Remark
[2766.986s][info][gc             ] GC(523) Pause Remark 1987M->1987M(4096M) 3.106ms
[2766.986s][info][gc,cpu         ] GC(523) User=0.01s Sys=0.00s Real=0.00s
[2766.986s][info][gc,marking     ] GC(523) Concurrent Mark 778.647ms
[2766.986s][info][gc,marking     ] GC(523) Concurrent Rebuild Remembered Sets and Scrub Regions
.[2767.253s][info][gc,marking     ] GC(523) Concurrent Rebuild Remembered Sets and Scrub Regions 266.755ms
[2767.253s][info][gc,start       ] GC(523) Pause Cleanup
[2767.253s][info][gc             ] GC(523) Pause Cleanup 2129M->2129M(4096M) 0.119ms
[2767.253s][info][gc,cpu         ] GC(523) User=0.00s Sys=0.00s Real=0.00s
[2767.253s][info][gc,marking     ] GC(523) Concurrent Clear Claimed Marks
[2767.253s][info][gc,marking     ] GC(523) Concurrent Clear Claimed Marks 0.031ms
[2767.253s][info][gc,marking     ] GC(523) Concurrent Cleanup for Next Mark
[2767.258s][info][gc,marking     ] GC(523) Concurrent Cleanup for Next Mark 4.867ms
[2767.258s][info][gc             ] GC(523) Concurrent Mark Cycle 1223.298ms
...[2770.066s][info][gc,start       ] GC(524) Pause Young (Prepare Mixed) (G1 Evacuation Pause)
[2770.066s][info][gc,task        ] GC(524) Using 6 workers of 6 for evacuation
[2770.183s][info][gc,phases      ] GC(524)   Pre Evacuate Collection Set: 0.33ms
[2770.183s][info][gc,phases      ] GC(524)   Merge Heap Roots: 0.53ms
[2770.183s][info][gc,phases      ] GC(524)   Evacuate Collection Set: 115.59ms
[2770.183s][info][gc,phases      ] GC(524)   Post Evacuate Collection Set: 0.95ms
[2770.183s][info][gc,phases      ] GC(524)   Other: 0.09ms
[2770.183s][info][gc,heap        ] GC(524) Eden regions: 1119->0(1111)
[2770.183s][info][gc,heap        ] GC(524) Survivor regions: 109->109(154)
[2770.183s][info][gc,heap        ] GC(524) Old regions: 503->536
[2770.183s][info][gc,heap        ] GC(524) Humongous regions: 80->80
[2770.184s][info][gc,metaspace   ] GC(524) Metaspace: 28964K(29248K)->28964K(29248K) NonClass: 24085K(24192K)->24085K(24192K) Class: 4879K(5056K)->4879K(5056K)
[2770.184s][info][gc             ] GC(524) Pause Young (Prepare Mixed) (G1 Evacuation Pause) 3621M->1448M(4096M) 117.609ms
[2770.184s][info][gc,cpu         ] GC(524) User=0.70s Sys=0.00s Real=0.12s
....[2774.131s][info][gc,start       ] GC(525) Pause Young (Mixed) (G1 Evacuation Pause)
[2774.131s][info][gc,task        ] GC(525) Using 6 workers of 6 for evacuation
[2774.263s][info][gc,phases      ] GC(525)   Pre Evacuate Collection Set: 0.39ms
[2774.263s][info][gc,phases      ] GC(525)   Merge Heap Roots: 0.69ms
[2774.263s][info][gc,phases      ] GC(525)   Evacuate Collection Set: 130.24ms
[2774.263s][info][gc,phases      ] GC(525)   Post Evacuate Collection Set: 0.97ms
[2774.263s][info][gc,phases      ] GC(525)   Other: 0.08ms
[2774.263s][info][gc,heap        ] GC(525) Eden regions: 1111->0(1118)
[2774.263s][info][gc,heap        ] GC(525) Survivor regions: 109->110(153)
[2774.263s][info][gc,heap        ] GC(525) Old regions: 536->473
[2774.263s][info][gc,heap        ] GC(525) Humongous regions: 80->80
[2774.263s][info][gc,metaspace   ] GC(525) Metaspace: 28964K(29248K)->28964K(29248K) NonClass: 24085K(24192K)->24085K(24192K) Class: 4879K(5056K)->4879K(5056K)
[2774.263s][info][gc             ] GC(525) Pause Young (Mixed) (G1 Evacuation Pause) 3670M->1324M(4096M) 132.503ms
[2774.263s][info][gc,cpu         ] GC(525) User=0.79s Sys=0.00s Real=0.14s
....[2778.303s][info][gc,start       ] GC(526) Pause Young (Concurrent Start) (G1 Evacuation Pause)
[2778.303s][info][gc,task        ] GC(526) Using 6 workers of 6 for evacuation
[2778.419s][info][gc,phases      ] GC(526)   Pre Evacuate Collection Set: 0.44ms
[2778.419s][info][gc,phases      ] GC(526)   Merge Heap Roots: 0.52ms
[2778.419s][info][gc,phases      ] GC(526)   Evacuate Collection Set: 114.11ms
[2778.419s][info][gc,phases      ] GC(526)   Post Evacuate Collection Set: 0.87ms
[2778.419s][info][gc,phases      ] GC(526)   Other: 0.13ms
[2778.419s][info][gc,heap        ] GC(526) Eden regions: 1118->0(1119)
[2778.419s][info][gc,heap        ] GC(526) Survivor regions: 110->109(154)
[2778.419s][info][gc,heap        ] GC(526) Old regions: 473->506
[2778.419s][info][gc,heap        ] GC(526) Humongous regions: 80->80
[2778.419s][info][gc,metaspace   ] GC(526) Metaspace: 28964K(29248K)->28964K(29248K) NonClass: 24085K(24192K)->24085K(24192K) Class: 4879K(5056K)->4879K(5056K)
[2778.419s][info][gc             ] GC(526) Pause Young (Concurrent Start) (G1 Evacuation Pause) 3560M->1388M(4096M) 116.198ms
[2778.419s][info][gc             ] GC(527) Concurrent Mark Cycle
[2778.419s][info][gc,marking     ] GC(527) Concurrent Scan Root Regions
[2778.419s][info][gc,cpu         ] GC(526) User=0.69s Sys=0.01s Real=0.11s
[2778.604s][info][gc,marking     ] GC(527) Concurrent Scan Root Regions 184.714ms
[2778.604s][info][gc,marking     ] GC(527) Concurrent Mark
[2778.604s][info][gc,marking     ] GC(527) Concurrent Mark From Roots
[2778.604s][info][gc,task        ] GC(527) Using 2 workers of 2 for marking
.[2779.342s][info][gc,marking     ] GC(527) Concurrent Mark From Roots 738.105ms
[2779.342s][info][gc,marking     ] GC(527) Concurrent Preclean
[2779.342s][info][gc,marking     ] GC(527) Concurrent Preclean 0.120ms
[2779.344s][info][gc,start       ] GC(527) Pause Remark
[2779.349s][info][gc             ] GC(527) Pause Remark 1948M->1948M(4096M) 4.625ms
[2779.349s][info][gc,cpu         ] GC(527) User=0.03s Sys=0.00s Real=0.00s
[2779.350s][info][gc,marking     ] GC(527) Concurrent Mark 746.154ms
[2779.350s][info][gc,marking     ] GC(527) Concurrent Rebuild Remembered Sets and Scrub Regions
[2779.610s][info][gc,marking     ] GC(527) Concurrent Rebuild Remembered Sets and Scrub Regions 260.075ms
[2779.610s][info][gc,start       ] GC(527) Pause Cleanup
[2779.610s][info][gc             ] GC(527) Pause Cleanup 2081M->2081M(4096M) 0.123ms
[2779.610s][info][gc,cpu         ] GC(527) User=0.00s Sys=0.00s Real=0.00s
[2779.610s][info][gc,marking     ] GC(527) Concurrent Clear Claimed Marks
[2779.610s][info][gc,marking     ] GC(527) Concurrent Clear Claimed Marks 0.027ms
[2779.610s][info][gc,marking     ] GC(527) Concurrent Cleanup for Next Mark
[2779.614s][info][gc,marking     ] GC(527) Concurrent Cleanup for Next Mark 3.758ms
[2779.614s][info][gc             ] GC(527) Concurrent Mark Cycle 1195.173ms
...[2782.424s][info][gc,start       ] GC(528) Pause Young (Prepare Mixed) (G1 Evacuation Pause)
[2782.424s][info][gc,task        ] GC(528) Using 6 workers of 6 for evacuation
[2782.538s][info][gc,phases      ] GC(528)   Pre Evacuate Collection Set: 0.34ms
[2782.538s][info][gc,phases      ] GC(528)   Merge Heap Roots: 0.51ms
[2782.538s][info][gc,phases      ] GC(528)   Evacuate Collection Set: 112.84ms
[2782.538s][info][gc,phases      ] GC(528)   Post Evacuate Collection Set: 0.94ms
[2782.538s][info][gc,phases      ] GC(528)   Other: 0.10ms
[2782.538s][info][gc,heap        ] GC(528) Eden regions: 1119->0(1109)
[2782.538s][info][gc,heap        ] GC(528) Survivor regions: 109->109(154)
[2782.538s][info][gc,heap        ] GC(528) Old regions: 506->538
[2782.538s][info][gc,heap        ] GC(528) Humongous regions: 80->80
[2782.538s][info][gc,metaspace   ] GC(528) Metaspace: 28962K(29248K)->28962K(29248K) NonClass: 24084K(24192K)->24084K(24192K) Class: 4878K(5056K)->4878K(5056K)
[2782.538s][info][gc             ] GC(528) Pause Young (Prepare Mixed) (G1 Evacuation Pause) 3626M->1451M(4096M) 114.871ms
[2782.538s][info][gc,cpu         ] GC(528) User=0.68s Sys=0.00s Real=0.11s
....[2786.521s][info][gc,start       ] GC(529) Pause Young (Mixed) (G1 Evacuation Pause)
[2786.521s][info][gc,task        ] GC(529) Using 6 workers of 6 for evacuation
[2786.653s][info][gc,phases      ] GC(529)   Pre Evacuate Collection Set: 0.34ms
[2786.653s][info][gc,phases      ] GC(529)   Merge Heap Roots: 0.75ms
[2786.653s][info][gc,phases      ] GC(529)   Evacuate Collection Set: 130.27ms
[2786.653s][info][gc,phases      ] GC(529)   Post Evacuate Collection Set: 0.92ms
[2786.653s][info][gc,phases      ] GC(529)   Other: 0.09ms
[2786.653s][info][gc,heap        ] GC(529) Eden regions: 1109->0(1119)
[2786.653s][info][gc,heap        ] GC(529) Survivor regions: 109->109(153)
[2786.653s][info][gc,heap        ] GC(529) Old regions: 538->474
[2786.653s][info][gc,heap        ] GC(529) Humongous regions: 80->80
[2786.653s][info][gc,metaspace   ] GC(529) Metaspace: 28962K(29248K)->28962K(29248K) NonClass: 24084K(24192K)->24084K(24192K) Class: 4878K(5056K)->4878K(5056K)
[2786.653s][info][gc             ] GC(529) Pause Young (Mixed) (G1 Evacuation Pause) 3669M->1323M(4096M) 132.531ms
[2786.653s][info][gc,cpu         ] GC(529) User=0.79s Sys=0.00s Real=0.14s
....[2790.677s][info][gc,start       ] GC(530) Pause Young (Concurrent Start) (G1 Evacuation Pause)
[2790.677s][info][gc,task        ] GC(530) Using 6 workers of 6 for evacuation
[2790.793s][info][gc,phases      ] GC(530)   Pre Evacuate Collection Set: 0.41ms
[2790.793s][info][gc,phases      ] GC(530)   Merge Heap Roots: 0.48ms
[2790.793s][info][gc,phases      ] GC(530)   Evacuate Collection Set: 114.10ms
[2790.793s][info][gc,phases      ] GC(530)   Post Evacuate Collection Set: 0.90ms
[2790.793s][info][gc,phases      ] GC(530)   Other: 0.11ms
[2790.793s][info][gc,heap        ] GC(530) Eden regions: 1119->0(1119)
[2790.793s][info][gc,heap        ] GC(530) Survivor regions: 109->109(154)
[2790.793s][info][gc,heap        ] GC(530) Old regions: 474->506
[2790.793s][info][gc,heap        ] GC(530) Humongous regions: 80->80
[2790.793s][info][gc,metaspace   ] GC(530) Metaspace: 28962K(29248K)->28962K(29248K) NonClass: 24084K(24192K)->24084K(24192K) Class: 4878K(5056K)->4878K(5056K)
[2790.793s][info][gc             ] GC(530) Pause Young (Concurrent Start) (G1 Evacuation Pause) 3561M->1388M(4096M) 116.122ms
[2790.793s][info][gc             ] GC(531) Concurrent Mark Cycle
[2790.794s][info][gc,marking     ] GC(531) Concurrent Scan Root Regions
[2790.794s][info][gc,cpu         ] GC(530) User=0.69s Sys=0.00s Real=0.12s
[2790.980s][info][gc,marking     ] GC(531) Concurrent Scan Root Regions 186.553ms
[2790.980s][info][gc,marking     ] GC(531) Concurrent Mark
[2790.980s][info][gc,marking     ] GC(531) Concurrent Mark From Roots
[2790.980s][info][gc,task        ] GC(531) Using 2 workers of 2 for marking
.[2791.731s][info][gc,marking     ] GC(531) Concurrent Mark From Roots 750.737ms
[2791.731s][info][gc,marking     ] GC(531) Concurrent Preclean
[2791.731s][info][gc,marking     ] GC(531) Concurrent Preclean 0.099ms
[2791.731s][info][gc,start       ] GC(531) Pause Remark
[2791.734s][info][gc             ] GC(531) Pause Remark 1915M->1915M(4096M) 3.063ms
[2791.734s][info][gc,cpu         ] GC(531) User=0.02s Sys=0.00s Real=0.00s
[2791.734s][info][gc,marking     ] GC(531) Concurrent Mark 754.185ms
[2791.734s][info][gc,marking     ] GC(531) Concurrent Rebuild Remembered Sets and Scrub Regions
[2792.030s][info][gc,marking     ] GC(531) Concurrent Rebuild Remembered Sets and Scrub Regions 295.154ms
[2792.030s][info][gc,start       ] GC(531) Pause Cleanup
[2792.030s][info][gc             ] GC(531) Pause Cleanup 2117M->2117M(4096M) 0.124ms
[2792.030s][info][gc,cpu         ] GC(531) User=0.00s Sys=0.00s Real=0.00s
[2792.032s][info][gc,marking     ] GC(531) Concurrent Clear Claimed Marks
[2792.032s][info][gc,marking     ] GC(531) Concurrent Clear Claimed Marks 0.063ms
[2792.032s][info][gc,marking     ] GC(531) Concurrent Cleanup for Next Mark
[2792.043s][info][gc,marking     ] GC(531) Concurrent Cleanup for Next Mark 11.116ms
[2792.043s][info][gc             ] GC(531) Concurrent Mark Cycle 1249.305ms
...[2794.864s][info][gc,start       ] GC(532) Pause Young (Prepare Mixed) (G1 Evacuation Pause)
[2794.864s][info][gc,task        ] GC(532) Using 6 workers of 6 for evacuation
[2794.984s][info][gc,phases      ] GC(532)   Pre Evacuate Collection Set: 0.34ms
[2794.985s][info][gc,phases      ] GC(532)   Merge Heap Roots: 0.55ms
[2794.985s][info][gc,phases      ] GC(532)   Evacuate Collection Set: 118.76ms
[2794.985s][info][gc,phases      ] GC(532)   Post Evacuate Collection Set: 0.94ms
[2794.985s][info][gc,phases      ] GC(532)   Other: 0.09ms
[2794.985s][info][gc,heap        ] GC(532) Eden regions: 1119->0(1104)
[2794.985s][info][gc,heap        ] GC(532) Survivor regions: 109->112(154)
[2794.985s][info][gc,heap        ] GC(532) Old regions: 506->537
[2794.985s][info][gc,heap        ] GC(532) Humongous regions: 80->80
[2794.985s][info][gc,metaspace   ] GC(532) Metaspace: 28962K(29248K)->28962K(29248K) NonClass: 24084K(24192K)->24084K(24192K) Class: 4878K(5056K)->4878K(5056K)
[2794.985s][info][gc             ] GC(532) Pause Young (Prepare Mixed) (G1 Evacuation Pause) 3626M->1456M(4096M) 120.813ms
[2794.985s][info][gc,cpu         ] GC(532) User=0.72s Sys=0.01s Real=0.12s
... (rIR:aIR:PR = 4566:4564:4564) (tPR = 67537) [OK] 
  2796s: Performance info:
         Transaction,    Success,    Partial,     Failed,   Receipts, AvgBarcode, 
             Overall,     274938,          0,          0,     261208,      59.47, 
         Response times:
             Request,    Success,    Partial,     Failed,   SkipFail,     Probes,    Samples,      min,      p50,      p90,      p95,      p99,      max, 
       TotalPurchase,     261209,          0,          0,          0,     256266,     274584,      300,     3700,     7000,    11500,    46000,   194000,
     InStorePurchase,     137519,          0,          0,          0,     135370,     144855,      300,     3700,     6900,    11800,    46000,   194000,
      OnlinePurchase,      96205,          0,          0,          0,      94134,     100808,      300,     3700,     7100,    11700,    47000,   178000,
        InstPurchase,      27485,          0,          0,          0,      26762,      28921,      400,     3400,     6900,    10200,    45000,   183000,
          AssocOfCat,        275,          0,          0,          0,        210,        275,    21000,    34000,    50000,    63600,    85480,   144000,
      AssocOfProduct,       2748,          0,          0,          0,       2550,       2977,      800,     4500,     8000,    14800,    47000,   154000,
      BusinessReport,        686,          0,          0,          0,        588,        762,    22000,    36000,    52700,    62850,   147180,   192000,
          CustBuyBeh,       2751,          0,          0,          0,       2562,       2923,      200,     3700,     6700,    14460,    47760,   154000,
       ProductReturn,       7288,          0,          0,          0,       6929,       7697,      200,     5000,     8400,    14110,    54020,   154000,

  2796s: (34%)   IR =   4705 .[2798.903s][info][gc,start       ] GC(533) Pause Young (Mixed) (G1 Evacuation Pause)
[2798.903s][info][gc,task        ] GC(533) Using 6 workers of 6 for evacuation
[2799.038s][info][gc,phases      ] GC(533)   Pre Evacuate Collection Set: 0.35ms
[2799.038s][info][gc,phases      ] GC(533)   Merge Heap Roots: 0.71ms
[2799.038s][info][gc,phases      ] GC(533)   Evacuate Collection Set: 133.41ms
[2799.038s][info][gc,phases      ] GC(533)   Post Evacuate Collection Set: 1.01ms
[2799.038s][info][gc,phases      ] GC(533)   Other: 0.09ms
[2799.039s][info][gc,heap        ] GC(533) Eden regions: 1104->0(1119)
[2799.039s][info][gc,heap        ] GC(533) Survivor regions: 112->109(152)
[2799.039s][info][gc,heap        ] GC(533) Old regions: 537->474
[2799.039s][info][gc,heap        ] GC(533) Humongous regions: 80->80
[2799.039s][info][gc,metaspace   ] GC(533) Metaspace: 28962K(29248K)->28962K(29248K) NonClass: 24084K(24192K)->24084K(24192K) Class: 4878K(5056K)->4878K(5056K)
[2799.039s][info][gc             ] GC(533) Pause Young (Mixed) (G1 Evacuation Pause) 3664M->1324M(4096M) 135.689ms
[2799.039s][info][gc,cpu         ] GC(533) User=0.80s Sys=0.00s Real=0.13s
...|.[2802.891s][info][gc,start       ] GC(534) Pause Young (Concurrent Start) (G1 Evacuation Pause)
[2802.891s][info][gc,task        ] GC(534) Using 6 workers of 6 for evacuation
[2803.013s][info][gc,phases      ] GC(534)   Pre Evacuate Collection Set: 0.33ms
[2803.013s][info][gc,phases      ] GC(534)   Merge Heap Roots: 0.47ms
[2803.013s][info][gc,phases      ] GC(534)   Evacuate Collection Set: 120.38ms
[2803.013s][info][gc,phases      ] GC(534)   Post Evacuate Collection Set: 0.91ms
[2803.013s][info][gc,phases      ] GC(534)   Other: 0.11ms
[2803.013s][info][gc,heap        ] GC(534) Eden regions: 1119->0(1115)
[2803.013s][info][gc,heap        ] GC(534) Survivor regions: 109->113(154)
[2803.013s][info][gc,heap        ] GC(534) Old regions: 474->506
[2803.013s][info][gc,heap        ] GC(534) Humongous regions: 80->80
[2803.013s][info][gc,metaspace   ] GC(534) Metaspace: 28962K(29248K)->28962K(29248K) NonClass: 24084K(24192K)->24084K(24192K) Class: 4878K(5056K)->4878K(5056K)
[2803.013s][info][gc             ] GC(534) Pause Young (Concurrent Start) (G1 Evacuation Pause) 3562M->1396M(4096M) 122.348ms
[2803.013s][info][gc             ] GC(535) Concurrent Mark Cycle
[2803.013s][info][gc,marking     ] GC(535) Concurrent Scan Root Regions
[2803.013s][info][gc,cpu         ] GC(534) User=0.73s Sys=0.00s Real=0.12s
.[2803.199s][info][gc,marking     ] GC(535) Concurrent Scan Root Regions 185.879ms
[2803.199s][info][gc,marking     ] GC(535) Concurrent Mark
[2803.199s][info][gc,marking     ] GC(535) Concurrent Mark From Roots
[2803.199s][info][gc,task        ] GC(535) Using 2 workers of 2 for marking
[2803.946s][info][gc,marking     ] GC(535) Concurrent Mark From Roots 746.835ms
[2803.946s][info][gc,marking     ] GC(535) Concurrent Preclean
[2803.946s][info][gc,marking     ] GC(535) Concurrent Preclean 0.090ms
[2803.946s][info][gc,start       ] GC(535) Pause Remark
[2803.949s][info][gc             ] GC(535) Pause Remark 1995M->1995M(4096M) 2.612ms
[2803.949s][info][gc,cpu         ] GC(535) User=0.02s Sys=0.00s Real=0.00s
[2803.949s][info][gc,marking     ] GC(535) Concurrent Mark 749.787ms
[2803.949s][info][gc,marking     ] GC(535) Concurrent Rebuild Remembered Sets and Scrub Regions
.[2804.170s][info][gc,marking     ] GC(535) Concurrent Rebuild Remembered Sets and Scrub Regions 220.949ms
[2804.170s][info][gc,start       ] GC(535) Pause Cleanup
[2804.170s][info][gc             ] GC(535) Pause Cleanup 2096M->2096M(4096M) 0.108ms
[2804.170s][info][gc,cpu         ] GC(535) User=0.00s Sys=0.00s Real=0.00s
[2804.170s][info][gc,marking     ] GC(535) Concurrent Clear Claimed Marks
[2804.170s][info][gc,marking     ] GC(535) Concurrent Clear Claimed Marks 0.027ms
[2804.170s][info][gc,marking     ] GC(535) Concurrent Cleanup for Next Mark
[2804.174s][info][gc,marking     ] GC(535) Concurrent Cleanup for Next Mark 4.163ms
[2804.175s][info][gc             ] GC(535) Concurrent Mark Cycle 1161.252ms
..[2806.866s][info][gc,start       ] GC(536) Pause Young (Prepare Mixed) (G1 Evacuation Pause)
[2806.866s][info][gc,task        ] GC(536) Using 6 workers of 6 for evacuation
[2806.986s][info][gc,phases      ] GC(536)   Pre Evacuate Collection Set: 0.35ms
[2806.986s][info][gc,phases      ] GC(536)   Merge Heap Roots: 0.56ms
[2806.986s][info][gc,phases      ] GC(536)   Evacuate Collection Set: 117.78ms
[2806.986s][info][gc,phases      ] GC(536)   Post Evacuate Collection Set: 0.92ms
[2806.986s][info][gc,phases      ] GC(536)   Other: 0.09ms
[2806.986s][info][gc,heap        ] GC(536) Eden regions: 1115->0(1109)
[2806.986s][info][gc,heap        ] GC(536) Survivor regions: 113->109(154)
[2806.986s][info][gc,heap        ] GC(536) Old regions: 506->538
[2806.986s][info][gc,heap        ] GC(536) Humongous regions: 80->80
[2806.986s][info][gc,metaspace   ] GC(536) Metaspace: 28962K(29248K)->28962K(29248K) NonClass: 24084K(24192K)->24084K(24192K) Class: 4878K(5056K)->4878K(5056K)
[2806.986s][info][gc             ] GC(536) Pause Young (Prepare Mixed) (G1 Evacuation Pause) 3626M->1451M(4096M) 119.841ms
[2806.986s][info][gc,cpu         ] GC(536) User=0.71s Sys=0.00s Real=0.12s
....[2810.888s][info][gc,start       ] GC(537) Pause Young (Mixed) (G1 Evacuation Pause)
[2810.888s][info][gc,task        ] GC(537) Using 6 workers of 6 for evacuation
[2811.024s][info][gc,phases      ] GC(537)   Pre Evacuate Collection Set: 0.38ms
[2811.024s][info][gc,phases      ] GC(537)   Merge Heap Roots: 0.72ms
[2811.024s][info][gc,phases      ] GC(537)   Evacuate Collection Set: 133.62ms
[2811.024s][info][gc,phases      ] GC(537)   Post Evacuate Collection Set: 0.96ms
[2811.024s][info][gc,phases      ] GC(537)   Other: 0.09ms
[2811.024s][info][gc,heap        ] GC(537) Eden regions: 1109->0(1117)
[2811.024s][info][gc,heap        ] GC(537) Survivor regions: 109->111(153)
[2811.024s][info][gc,heap        ] GC(537) Old regions: 538->473
[2811.024s][info][gc,heap        ] GC(537) Humongous regions: 80->80
[2811.024s][info][gc,metaspace   ] GC(537) Metaspace: 28962K(29248K)->28962K(29248K) NonClass: 24084K(24192K)->24084K(24192K) Class: 4878K(5056K)->4878K(5056K)
[2811.024s][info][gc             ] GC(537) Pause Young (Mixed) (G1 Evacuation Pause) 3669M->1326M(4096M) 135.911ms
[2811.024s][info][gc,cpu         ] GC(537) User=0.81s Sys=0.01s Real=0.14s
....[2814.893s][info][gc,start       ] GC(538) Pause Young (Concurrent Start) (G1 Evacuation Pause)
[2814.893s][info][gc,task        ] GC(538) Using 6 workers of 6 for evacuation
[2815.010s][info][gc,phases      ] GC(538)   Pre Evacuate Collection Set: 0.40ms
[2815.010s][info][gc,phases      ] GC(538)   Merge Heap Roots: 0.45ms
[2815.010s][info][gc,phases      ] GC(538)   Evacuate Collection Set: 115.29ms
[2815.010s][info][gc,phases      ] GC(538)   Post Evacuate Collection Set: 0.86ms
[2815.011s][info][gc,phases      ] GC(538)   Other: 0.12ms
[2815.011s][info][gc,heap        ] GC(538) Eden regions: 1117->0(1119)
[2815.011s][info][gc,heap        ] GC(538) Survivor regions: 111->109(154)
[2815.011s][info][gc,heap        ] GC(538) Old regions: 473->504
[2815.011s][info][gc,heap        ] GC(538) Humongous regions: 80->80
[2815.011s][info][gc,metaspace   ] GC(538) Metaspace: 28962K(29248K)->28962K(29248K) NonClass: 24084K(24192K)->24084K(24192K) Class: 4878K(5056K)->4878K(5056K)
[2815.011s][info][gc             ] GC(538) Pause Young (Concurrent Start) (G1 Evacuation Pause) 3560M->1385M(4096M) 117.298ms
[2815.011s][info][gc             ] GC(539) Concurrent Mark Cycle
[2815.011s][info][gc,marking     ] GC(539) Concurrent Scan Root Regions
[2815.011s][info][gc,cpu         ] GC(538) User=0.69s Sys=0.00s Real=0.11s
[2815.124s][info][gc,marking     ] GC(539) Concurrent Scan Root Regions 113.661ms
[2815.124s][info][gc,marking     ] GC(539) Concurrent Mark
[2815.124s][info][gc,marking     ] GC(539) Concurrent Mark From Roots
[2815.124s][info][gc,task        ] GC(539) Using 2 workers of 2 for marking
.[2815.661s][info][gc,marking     ] GC(539) Concurrent Mark From Roots 536.503ms
[2815.661s][info][gc,marking     ] GC(539) Concurrent Preclean
[2815.661s][info][gc,marking     ] GC(539) Concurrent Preclean 0.109ms
[2815.662s][info][gc,start       ] GC(539) Pause Remark
[2815.665s][info][gc             ] GC(539) Pause Remark 1789M->1789M(4096M) 3.130ms
[2815.665s][info][gc,cpu         ] GC(539) User=0.01s Sys=0.00s Real=0.00s
[2815.665s][info][gc,marking     ] GC(539) Concurrent Mark 540.966ms
[2815.665s][info][gc,marking     ] GC(539) Concurrent Rebuild Remembered Sets and Scrub Regions
[2815.951s][info][gc,marking     ] GC(539) Concurrent Rebuild Remembered Sets and Scrub Regions 285.489ms
[2815.951s][info][gc,start       ] GC(539) Pause Cleanup
[2815.951s][info][gc             ] GC(539) Pause Cleanup 1961M->1961M(4096M) 0.117ms
[2815.951s][info][gc,cpu         ] GC(539) User=0.00s Sys=0.00s Real=0.00s
[2815.952s][info][gc,marking     ] GC(539) Concurrent Clear Claimed Marks
[2815.952s][info][gc,marking     ] GC(539) Concurrent Clear Claimed Marks 0.032ms
[2815.952s][info][gc,marking     ] GC(539) Concurrent Cleanup for Next Mark
[2815.958s][info][gc,marking     ] GC(539) Concurrent Cleanup for Next Mark 6.416ms
[2815.958s][info][gc             ] GC(539) Concurrent Mark Cycle 947.578ms
...[2818.915s][info][gc,start       ] GC(540) Pause Young (Prepare Mixed) (G1 Evacuation Pause)
[2818.915s][info][gc,task        ] GC(540) Using 6 workers of 6 for evacuation
[2819.032s][info][gc,phases      ] GC(540)   Pre Evacuate Collection Set: 0.32ms
[2819.032s][info][gc,phases      ] GC(540)   Merge Heap Roots: 0.49ms
[2819.032s][info][gc,phases      ] GC(540)   Evacuate Collection Set: 115.30ms
[2819.032s][info][gc,phases      ] GC(540)   Post Evacuate Collection Set: 0.94ms
[2819.032s][info][gc,phases      ] GC(540)   Other: 0.08ms
[2819.032s][info][gc,heap        ] GC(540) Eden regions: 1119->0(1109)
[2819.032s][info][gc,heap        ] GC(540) Survivor regions: 109->110(154)
[2819.032s][info][gc,heap        ] GC(540) Old regions: 504->536
[2819.032s][info][gc,heap        ] GC(540) Humongous regions: 80->80
[2819.032s][info][gc,metaspace   ] GC(540) Metaspace: 28962K(29248K)->28962K(29248K) NonClass: 24084K(24192K)->24084K(24192K) Class: 4878K(5056K)->4878K(5056K)
[2819.033s][info][gc             ] GC(540) Pause Young (Prepare Mixed) (G1 Evacuation Pause) 3623M->1450M(4096M) 117.293ms
[2819.033s][info][gc,cpu         ] GC(540) User=0.70s Sys=0.00s Real=0.12s
....[2822.944s][info][gc,start       ] GC(541) Pause Young (Mixed) (G1 Evacuation Pause)
[2822.944s][info][gc,task        ] GC(541) Using 6 workers of 6 for evacuation
[2823.081s][info][gc,phases      ] GC(541)   Pre Evacuate Collection Set: 0.43ms
[2823.081s][info][gc,phases      ] GC(541)   Merge Heap Roots: 0.91ms
[2823.081s][info][gc,phases      ] GC(541)   Evacuate Collection Set: 135.09ms
[2823.081s][info][gc,phases      ] GC(541)   Post Evacuate Collection Set: 0.93ms
[2823.081s][info][gc,phases      ] GC(541)   Other: 0.09ms
[2823.081s][info][gc,heap        ] GC(541) Eden regions: 1109->0(1117)
[2823.081s][info][gc,heap        ] GC(541) Survivor regions: 110->111(153)
[2823.081s][info][gc,heap        ] GC(541) Old regions: 536->473
[2823.081s][info][gc,heap        ] GC(541) Humongous regions: 80->80
[2823.081s][info][gc,metaspace   ] GC(541) Metaspace: 28962K(29248K)->28962K(29248K) NonClass: 24084K(24192K)->24084K(24192K) Class: 4878K(5056K)->4878K(5056K)
[2823.081s][info][gc             ] GC(541) Pause Young (Mixed) (G1 Evacuation Pause) 3668M->1326M(4096M) 137.604ms
[2823.081s][info][gc,cpu         ] GC(541) User=0.82s Sys=0.00s Real=0.14s
....[2826.899s][info][gc,start       ] GC(542) Pause Young (Concurrent Start) (G1 Evacuation Pause)
[2826.899s][info][gc,task        ] GC(542) Using 6 workers of 6 for evacuation
[2827.018s][info][gc,phases      ] GC(542)   Pre Evacuate Collection Set: 0.39ms
[2827.018s][info][gc,phases      ] GC(542)   Merge Heap Roots: 0.46ms
[2827.018s][info][gc,phases      ] GC(542)   Evacuate Collection Set: 117.17ms
[2827.018s][info][gc,phases      ] GC(542)   Post Evacuate Collection Set: 0.88ms
[2827.018s][info][gc,phases      ] GC(542)   Other: 0.12ms
[2827.018s][info][gc,heap        ] GC(542) Eden regions: 1117->0(1117)
[2827.018s][info][gc,heap        ] GC(542) Survivor regions: 111->111(154)
[2827.018s][info][gc,heap        ] GC(542) Old regions: 473->504
[2827.018s][info][gc,heap        ] GC(542) Humongous regions: 80->80
[2827.018s][info][gc,metaspace   ] GC(542) Metaspace: 28962K(29248K)->28962K(29248K) NonClass: 24084K(24192K)->24084K(24192K) Class: 4878K(5056K)->4878K(5056K)
[2827.018s][info][gc             ] GC(542) Pause Young (Concurrent Start) (G1 Evacuation Pause) 3560M->1387M(4096M) 119.148ms
[2827.018s][info][gc             ] GC(543) Concurrent Mark Cycle
[2827.018s][info][gc,marking     ] GC(543) Concurrent Scan Root Regions
[2827.018s][info][gc,cpu         ] GC(542) User=0.71s Sys=0.00s Real=0.12s
[2827.185s][info][gc,marking     ] GC(543) Concurrent Scan Root Regions 167.048ms
[2827.185s][info][gc,marking     ] GC(543) Concurrent Mark
[2827.185s][info][gc,marking     ] GC(543) Concurrent Mark From Roots
[2827.185s][info][gc,task        ] GC(543) Using 2 workers of 2 for marking
.[2827.916s][info][gc,marking     ] GC(543) Concurrent Mark From Roots 731.471ms
[2827.916s][info][gc,marking     ] GC(543) Concurrent Preclean
[2827.916s][info][gc,marking     ] GC(543) Concurrent Preclean 0.085ms
[2827.917s][info][gc,start       ] GC(543) Pause Remark
[2827.919s][info][gc             ] GC(543) Pause Remark 1938M->1938M(4096M) 2.971ms
[2827.920s][info][gc,cpu         ] GC(543) User=0.02s Sys=0.00s Real=0.00s
[2827.920s][info][gc,marking     ] GC(543) Concurrent Mark 734.757ms
[2827.920s][info][gc,marking     ] GC(543) Concurrent Rebuild Remembered Sets and Scrub Regions
[2828.189s][info][gc,marking     ] GC(543) Concurrent Rebuild Remembered Sets and Scrub Regions 269.334ms
[2828.189s][info][gc,start       ] GC(543) Pause Cleanup
[2828.189s][info][gc             ] GC(543) Pause Cleanup 2101M->2101M(4096M) 0.104ms
[2828.189s][info][gc,cpu         ] GC(543) User=0.00s Sys=0.00s Real=0.00s
[2828.189s][info][gc,marking     ] GC(543) Concurrent Clear Claimed Marks
[2828.189s][info][gc,marking     ] GC(543) Concurrent Clear Claimed Marks 0.024ms
[2828.189s][info][gc,marking     ] GC(543) Concurrent Cleanup for Next Mark
[2828.194s][info][gc,marking     ] GC(543) Concurrent Cleanup for Next Mark 4.528ms
[2828.194s][info][gc             ] GC(543) Concurrent Mark Cycle 1176.142ms
...[2830.949s][info][gc,start       ] GC(544) Pause Young (Prepare Mixed) (G1 Evacuation Pause)
[2830.949s][info][gc,task        ] GC(544) Using 6 workers of 6 for evacuation
[2831.069s][info][gc,phases      ] GC(544)   Pre Evacuate Collection Set: 0.30ms
[2831.069s][info][gc,phases      ] GC(544)   Merge Heap Roots: 0.55ms
[2831.069s][info][gc,phases      ] GC(544)   Evacuate Collection Set: 117.70ms
[2831.069s][info][gc,phases      ] GC(544)   Post Evacuate Collection Set: 0.91ms
[2831.069s][info][gc,phases      ] GC(544)   Other: 0.10ms
[2831.069s][info][gc,heap        ] GC(544) Eden regions: 1117->0(1107)
[2831.069s][info][gc,heap        ] GC(544) Survivor regions: 111->111(154)
[2831.069s][info][gc,heap        ] GC(544) Old regions: 504->536
[2831.069s][info][gc,heap        ] GC(544) Humongous regions: 80->80
[2831.069s][info][gc,metaspace   ] GC(544) Metaspace: 28962K(29248K)->28962K(29248K) NonClass: 24084K(24192K)->24084K(24192K) Class: 4878K(5056K)->4878K(5056K)
[2831.069s][info][gc             ] GC(544) Pause Young (Prepare Mixed) (G1 Evacuation Pause) 3621M->1452M(4096M) 119.685ms
[2831.069s][info][gc,cpu         ] GC(544) User=0.71s Sys=0.00s Real=0.12s
....[2834.969s][info][gc,start       ] GC(545) Pause Young (Mixed) (G1 Evacuation Pause)
[2834.969s][info][gc,task        ] GC(545) Using 6 workers of 6 for evacuation
[2835.100s][info][gc,phases      ] GC(545)   Pre Evacuate Collection Set: 0.36ms
[2835.100s][info][gc,phases      ] GC(545)   Merge Heap Roots: 0.64ms
[2835.100s][info][gc,phases      ] GC(545)   Evacuate Collection Set: 128.19ms
[2835.100s][info][gc,phases      ] GC(545)   Post Evacuate Collection Set: 0.93ms
[2835.100s][info][gc,phases      ] GC(545)   Other: 0.09ms
[2835.100s][info][gc,heap        ] GC(545) Eden regions: 1107->0(1118)
[2835.100s][info][gc,heap        ] GC(545) Survivor regions: 111->110(153)
[2835.100s][info][gc,heap        ] GC(545) Old regions: 536->472
[2835.100s][info][gc,heap        ] GC(545) Humongous regions: 80->80
[2835.100s][info][gc,metaspace   ] GC(545) Metaspace: 28962K(29248K)->28962K(29248K) NonClass: 24084K(24192K)->24084K(24192K) Class: 4878K(5056K)->4878K(5056K)
[2835.100s][info][gc             ] GC(545) Pause Young (Mixed) (G1 Evacuation Pause) 3666M->1322M(4096M) 130.361ms
[2835.100s][info][gc,cpu         ] GC(545) User=0.77s Sys=0.00s Real=0.13s
....[2838.966s][info][gc,start       ] GC(546) Pause Young (Concurrent Start) (G1 Evacuation Pause)
[2838.966s][info][gc,task        ] GC(546) Using 6 workers of 6 for evacuation
[2839.082s][info][gc,phases      ] GC(546)   Pre Evacuate Collection Set: 0.41ms
[2839.082s][info][gc,phases      ] GC(546)   Merge Heap Roots: 0.45ms
[2839.082s][info][gc,phases      ] GC(546)   Evacuate Collection Set: 113.95ms
[2839.082s][info][gc,phases      ] GC(546)   Post Evacuate Collection Set: 0.87ms
[2839.082s][info][gc,phases      ] GC(546)   Other: 0.12ms
[2839.082s][info][gc,heap        ] GC(546) Eden regions: 1118->0(1119)
[2839.082s][info][gc,heap        ] GC(546) Survivor regions: 110->109(154)
[2839.082s][info][gc,heap        ] GC(546) Old regions: 472->505
[2839.082s][info][gc,heap        ] GC(546) Humongous regions: 80->80
[2839.082s][info][gc,metaspace   ] GC(546) Metaspace: 28962K(29248K)->28962K(29248K) NonClass: 24084K(24192K)->24084K(24192K) Class: 4878K(5056K)->4878K(5056K)
[2839.082s][info][gc             ] GC(546) Pause Young (Concurrent Start) (G1 Evacuation Pause) 3558M->1385M(4096M) 115.956ms
[2839.082s][info][gc             ] GC(547) Concurrent Mark Cycle
[2839.082s][info][gc,marking     ] GC(547) Concurrent Scan Root Regions
[2839.082s][info][gc,cpu         ] GC(546) User=0.69s Sys=0.00s Real=0.12s
.[2839.274s][info][gc,marking     ] GC(547) Concurrent Scan Root Regions 192.054ms
[2839.274s][info][gc,marking     ] GC(547) Concurrent Mark
[2839.274s][info][gc,marking     ] GC(547) Concurrent Mark From Roots
[2839.274s][info][gc,task        ] GC(547) Using 2 workers of 2 for marking
[2840.015s][info][gc,marking     ] GC(547) Concurrent Mark From Roots 740.893ms
[2840.015s][info][gc,marking     ] GC(547) Concurrent Preclean
[2840.015s][info][gc,marking     ] GC(547) Concurrent Preclean 0.128ms
[2840.017s][info][gc,start       ] GC(547) Pause Remark
[2840.020s][info][gc             ] GC(547) Pause Remark 1981M->1981M(4096M) 3.565ms
[2840.020s][info][gc,cpu         ] GC(547) User=0.02s Sys=0.00s Real=0.00s
[2840.021s][info][gc,marking     ] GC(547) Concurrent Mark 746.980ms
[2840.021s][info][gc,marking     ] GC(547) Concurrent Rebuild Remembered Sets and Scrub Regions
.[2840.272s][info][gc,marking     ] GC(547) Concurrent Rebuild Remembered Sets and Scrub Regions 251.170ms
[2840.272s][info][gc,start       ] GC(547) Pause Cleanup
[2840.272s][info][gc             ] GC(547) Pause Cleanup 2103M->2103M(4096M) 0.106ms
[2840.272s][info][gc,cpu         ] GC(547) User=0.00s Sys=0.00s Real=0.00s
[2840.272s][info][gc,marking     ] GC(547) Concurrent Clear Claimed Marks
[2840.272s][info][gc,marking     ] GC(547) Concurrent Clear Claimed Marks 0.023ms
[2840.272s][info][gc,marking     ] GC(547) Concurrent Cleanup for Next Mark
[2840.276s][info][gc,marking     ] GC(547) Concurrent Cleanup for Next Mark 3.167ms
[2840.276s][info][gc             ] GC(547) Concurrent Mark Cycle 1193.795ms
..[2842.969s][info][gc,start       ] GC(548) Pause Young (Prepare Mixed) (G1 Evacuation Pause)
[2842.969s][info][gc,task        ] GC(548) Using 6 workers of 6 for evacuation
[2843.087s][info][gc,phases      ] GC(548)   Pre Evacuate Collection Set: 0.32ms
[2843.087s][info][gc,phases      ] GC(548)   Merge Heap Roots: 0.49ms
[2843.087s][info][gc,phases      ] GC(548)   Evacuate Collection Set: 116.03ms
[2843.087s][info][gc,phases      ] GC(548)   Post Evacuate Collection Set: 0.91ms
[2843.087s][info][gc,phases      ] GC(548)   Other: 0.09ms
[2843.087s][info][gc,heap        ] GC(548) Eden regions: 1119->0(1110)
[2843.087s][info][gc,heap        ] GC(548) Survivor regions: 109->109(154)
[2843.087s][info][gc,heap        ] GC(548) Old regions: 505->537
[2843.087s][info][gc,heap        ] GC(548) Humongous regions: 80->80
[2843.087s][info][gc,metaspace   ] GC(548) Metaspace: 28962K(29248K)->28962K(29248K) NonClass: 24084K(24192K)->24084K(24192K) Class: 4878K(5056K)->4878K(5056K)
[2843.087s][info][gc             ] GC(548) Pause Young (Prepare Mixed) (G1 Evacuation Pause) 3623M->1449M(4096M) 117.965ms
[2843.087s][info][gc,cpu         ] GC(548) User=0.70s Sys=0.00s Real=0.12s
....[2847.010s][info][gc,start       ] GC(549) Pause Young (Mixed) (G1 Evacuation Pause)
[2847.010s][info][gc,task        ] GC(549) Using 6 workers of 6 for evacuation
[2847.143s][info][gc,phases      ] GC(549)   Pre Evacuate Collection Set: 0.38ms
[2847.143s][info][gc,phases      ] GC(549)   Merge Heap Roots: 0.70ms
[2847.143s][info][gc,phases      ] GC(549)   Evacuate Collection Set: 131.52ms
[2847.143s][info][gc,phases      ] GC(549)   Post Evacuate Collection Set: 0.92ms
[2847.143s][info][gc,phases      ] GC(549)   Other: 0.09ms
[2847.143s][info][gc,heap        ] GC(549) Eden regions: 1110->0(1119)
[2847.143s][info][gc,heap        ] GC(549) Survivor regions: 109->109(153)
[2847.143s][info][gc,heap        ] GC(549) Old regions: 537->473
[2847.143s][info][gc,heap        ] GC(549) Humongous regions: 80->80
[2847.143s][info][gc,metaspace   ] GC(549) Metaspace: 28962K(29248K)->28962K(29248K) NonClass: 24084K(24192K)->24084K(24192K) Class: 4878K(5056K)->4878K(5056K)
[2847.144s][info][gc             ] GC(549) Pause Young (Mixed) (G1 Evacuation Pause) 3669M->1322M(4096M) 133.763ms
[2847.144s][info][gc,cpu         ] GC(549) User=0.80s Sys=0.00s Real=0.14s
....[2850.943s][info][gc,start       ] GC(550) Pause Young (Concurrent Start) (G1 Evacuation Pause)
[2850.943s][info][gc,task        ] GC(550) Using 6 workers of 6 for evacuation
[2851.059s][info][gc,phases      ] GC(550)   Pre Evacuate Collection Set: 0.40ms
[2851.059s][info][gc,phases      ] GC(550)   Merge Heap Roots: 0.52ms
[2851.059s][info][gc,phases      ] GC(550)   Evacuate Collection Set: 114.02ms
[2851.059s][info][gc,phases      ] GC(550)   Post Evacuate Collection Set: 0.86ms
[2851.059s][info][gc,phases      ] GC(550)   Other: 0.10ms
[2851.059s][info][gc,heap        ] GC(550) Eden regions: 1119->0(1120)
[2851.059s][info][gc,heap        ] GC(550) Survivor regions: 109->108(154)
[2851.059s][info][gc,heap        ] GC(550) Old regions: 473->505
[2851.059s][info][gc,heap        ] GC(550) Humongous regions: 80->80
[2851.059s][info][gc,metaspace   ] GC(550) Metaspace: 28962K(29248K)->28962K(29248K) NonClass: 24084K(24192K)->24084K(24192K) Class: 4878K(5056K)->4878K(5056K)
[2851.059s][info][gc             ] GC(550) Pause Young (Concurrent Start) (G1 Evacuation Pause) 3560M->1385M(4096M) 116.064ms
[2851.059s][info][gc             ] GC(551) Concurrent Mark Cycle
[2851.059s][info][gc,marking     ] GC(551) Concurrent Scan Root Regions
[2851.059s][info][gc,cpu         ] GC(550) User=0.69s Sys=0.00s Real=0.11s
[2851.217s][info][gc,marking     ] GC(551) Concurrent Scan Root Regions 158.448ms
[2851.217s][info][gc,marking     ] GC(551) Concurrent Mark
[2851.217s][info][gc,marking     ] GC(551) Concurrent Mark From Roots
[2851.217s][info][gc,task        ] GC(551) Using 2 workers of 2 for marking
.[2851.957s][info][gc,marking     ] GC(551) Concurrent Mark From Roots 739.932ms
[2851.957s][info][gc,marking     ] GC(551) Concurrent Preclean
[2851.957s][info][gc,marking     ] GC(551) Concurrent Preclean 0.111ms
[2851.959s][info][gc,start       ] GC(551) Pause Remark
[2851.962s][info][gc             ] GC(551) Pause Remark 1945M->1945M(4096M) 3.495ms
[2851.962s][info][gc,cpu         ] GC(551) User=0.02s Sys=0.00s Real=0.01s
[2851.963s][info][gc,marking     ] GC(551) Concurrent Mark 746.050ms
[2851.963s][info][gc,marking     ] GC(551) Concurrent Rebuild Remembered Sets and Scrub Regions
[2852.196s][info][gc,marking     ] GC(551) Concurrent Rebuild Remembered Sets and Scrub Regions 232.239ms
[2852.196s][info][gc,start       ] GC(551) Pause Cleanup
[2852.196s][info][gc             ] GC(551) Pause Cleanup 2070M->2070M(4096M) 0.108ms
[2852.196s][info][gc,cpu         ] GC(551) User=0.00s Sys=0.00s Real=0.00s
[2852.196s][info][gc,marking     ] GC(551) Concurrent Clear Claimed Marks
[2852.196s][info][gc,marking     ] GC(551) Concurrent Clear Claimed Marks 0.030ms
[2852.196s][info][gc,marking     ] GC(551) Concurrent Cleanup for Next Mark
[2852.200s][info][gc,marking     ] GC(551) Concurrent Cleanup for Next Mark 4.350ms
[2852.200s][info][gc             ] GC(551) Concurrent Mark Cycle 1141.617ms
...[2854.960s][info][gc,start       ] GC(552) Pause Young (Prepare Mixed) (G1 Evacuation Pause)
[2854.960s][info][gc,task        ] GC(552) Using 6 workers of 6 for evacuation
[2855.076s][info][gc,phases      ] GC(552)   Pre Evacuate Collection Set: 0.33ms
[2855.076s][info][gc,phases      ] GC(552)   Merge Heap Roots: 0.57ms
[2855.076s][info][gc,phases      ] GC(552)   Evacuate Collection Set: 114.33ms
[2855.076s][info][gc,phases      ] GC(552)   Post Evacuate Collection Set: 0.91ms
[2855.076s][info][gc,phases      ] GC(552)   Other: 0.08ms
[2855.076s][info][gc,heap        ] GC(552) Eden regions: 1120->0(1111)
[2855.076s][info][gc,heap        ] GC(552) Survivor regions: 108->108(154)
[2855.076s][info][gc,heap        ] GC(552) Old regions: 505->538
[2855.076s][info][gc,heap        ] GC(552) Humongous regions: 80->80
[2855.076s][info][gc,metaspace   ] GC(552) Metaspace: 28962K(29248K)->28962K(29248K) NonClass: 24084K(24192K)->24084K(24192K) Class: 4878K(5056K)->4878K(5056K)
[2855.076s][info][gc             ] GC(552) Pause Young (Prepare Mixed) (G1 Evacuation Pause) 3625M->1449M(4096M) 116.351ms
[2855.076s][info][gc,cpu         ] GC(552) User=0.69s Sys=0.00s Real=0.12s
....[2858.940s][info][gc,start       ] GC(553) Pause Young (Mixed) (G1 Evacuation Pause)
[2858.940s][info][gc,task        ] GC(553) Using 6 workers of 6 for evacuation
[2859.070s][info][gc,phases      ] GC(553)   Pre Evacuate Collection Set: 0.36ms
[2859.070s][info][gc,phases      ] GC(553)   Merge Heap Roots: 0.59ms
[2859.070s][info][gc,phases      ] GC(553)   Evacuate Collection Set: 127.39ms
[2859.070s][info][gc,phases      ] GC(553)   Post Evacuate Collection Set: 0.93ms
[2859.070s][info][gc,phases      ] GC(553)   Other: 0.09ms
[2859.070s][info][gc,heap        ] GC(553) Eden regions: 1111->0(1119)
[2859.070s][info][gc,heap        ] GC(553) Survivor regions: 108->109(153)
[2859.070s][info][gc,heap        ] GC(553) Old regions: 538->475
[2859.070s][info][gc,heap        ] GC(553) Humongous regions: 80->80
[2859.070s][info][gc,metaspace   ] GC(553) Metaspace: 28962K(29248K)->28962K(29248K) NonClass: 24084K(24192K)->24084K(24192K) Class: 4878K(5056K)->4878K(5056K)
[2859.070s][info][gc             ] GC(553) Pause Young (Mixed) (G1 Evacuation Pause) 3671M->1325M(4096M) 129.512ms
[2859.070s][info][gc,cpu         ] GC(553) User=0.77s Sys=0.00s Real=0.13s
... (rIR:aIR:PR = 4705:4705:4705) (tPR = 69560) [OK] 
  2861s: Performance info:
         Transaction,    Success,    Partial,     Failed,   Receipts, AvgBarcode, 
             Overall,     283115,          0,          0,     268966,      59.48, 
         Response times:
             Request,    Success,    Partial,     Failed,   SkipFail,     Probes,    Samples,      min,      p50,      p90,      p95,      p99,      max, 
       TotalPurchase,     268971,          0,          0,          0,     263820,     282499,      300,     3800,     7200,    13400,    58000,   227000,
     InStorePurchase,     141548,          0,          0,          0,     138938,     148182,      300,     3800,     7200,    13800,    60000,   227000,
      OnlinePurchase,      99108,          0,          0,          0,      97275,     104404,      300,     3600,     7100,    12800,    56000,   222000,
        InstPurchase,      28315,          0,          0,          0,      27607,      29913,      400,     4100,     7300,    14000,    59000,   195000,
          AssocOfCat,        282,          0,          0,          0,        218,        285,    22000,    34000,    52400,    67100,   122020,   165000,
      AssocOfProduct,       2834,          0,          0,          0,       2632,       3002,      500,     4800,     8300,    14700,    67000,   128000,
      BusinessReport,        706,          0,          0,          0,        607,        778,    27000,    39000,    68100,    90000,   180310,   218000,
          CustBuyBeh,       2831,          0,          0,          0,       2609,       2941,      600,     4100,     7200,    13600,    58580,   126000,
       ProductReturn,       7496,          0,          0,          0,       7113,       7793,      300,     3500,     7000,    12000,    60000,   170000,

  2861s: (35%)   IR =   4843 .[2862.985s][info][gc,start       ] GC(554) Pause Young (Concurrent Start) (G1 Evacuation Pause)
[2862.985s][info][gc,task        ] GC(554) Using 6 workers of 6 for evacuation
[2863.105s][info][gc,phases      ] GC(554)   Pre Evacuate Collection Set: 0.34ms
[2863.105s][info][gc,phases      ] GC(554)   Merge Heap Roots: 0.49ms
[2863.105s][info][gc,phases      ] GC(554)   Evacuate Collection Set: 118.23ms
[2863.105s][info][gc,phases      ] GC(554)   Post Evacuate Collection Set: 0.94ms
[2863.105s][info][gc,phases      ] GC(554)   Other: 0.11ms
[2863.105s][info][gc,heap        ] GC(554) Eden regions: 1119->0(1116)
[2863.105s][info][gc,heap        ] GC(554) Survivor regions: 109->112(154)
[2863.105s][info][gc,heap        ] GC(554) Old regions: 475->506
[2863.105s][info][gc,heap        ] GC(554) Humongous regions: 80->80
[2863.105s][info][gc,metaspace   ] GC(554) Metaspace: 28962K(29248K)->28962K(29248K) NonClass: 24084K(24192K)->24084K(24192K) Class: 4878K(5056K)->4878K(5056K)
[2863.105s][info][gc             ] GC(554) Pause Young (Concurrent Start) (G1 Evacuation Pause) 3563M->1394M(4096M) 120.241ms
[2863.105s][info][gc             ] GC(555) Concurrent Mark Cycle
[2863.105s][info][gc,marking     ] GC(555) Concurrent Scan Root Regions
[2863.105s][info][gc,cpu         ] GC(554) User=0.71s Sys=0.00s Real=0.12s
[2863.248s][info][gc,marking     ] GC(555) Concurrent Scan Root Regions 142.624ms
[2863.248s][info][gc,marking     ] GC(555) Concurrent Mark
[2863.248s][info][gc,marking     ] GC(555) Concurrent Mark From Roots
[2863.248s][info][gc,task        ] GC(555) Using 2 workers of 2 for marking
.[2863.898s][info][gc,marking     ] GC(555) Concurrent Mark From Roots 649.799ms
[2863.898s][info][gc,marking     ] GC(555) Concurrent Preclean
[2863.898s][info][gc,marking     ] GC(555) Concurrent Preclean 0.092ms
[2863.898s][info][gc,start       ] GC(555) Pause Remark
[2863.901s][info][gc             ] GC(555) Pause Remark 1920M->1920M(4096M) 3.217ms
[2863.901s][info][gc,cpu         ] GC(555) User=0.02s Sys=0.00s Real=0.01s
[2863.901s][info][gc,marking     ] GC(555) Concurrent Mark 653.351ms
[2863.901s][info][gc,marking     ] GC(555) Concurrent Rebuild Remembered Sets and Scrub Regions
[2864.140s][info][gc,marking     ] GC(555) Concurrent Rebuild Remembered Sets and Scrub Regions 238.767ms
[2864.140s][info][gc,start       ] GC(555) Pause Cleanup
[2864.140s][info][gc             ] GC(555) Pause Cleanup 2067M->2067M(4096M) 0.104ms
[2864.140s][info][gc,cpu         ] GC(555) User=0.00s Sys=0.00s Real=0.00s
[2864.140s][info][gc,marking     ] GC(555) Concurrent Clear Claimed Marks
[2864.140s][info][gc,marking     ] GC(555) Concurrent Clear Claimed Marks 0.027ms
[2864.140s][info][gc,marking     ] GC(555) Concurrent Cleanup for Next Mark
[2864.145s][info][gc,marking     ] GC(555) Concurrent Cleanup for Next Mark 4.208ms
[2864.145s][info][gc             ] GC(555) Concurrent Mark Cycle 1039.415ms
...[2866.918s][info][gc,start       ] GC(556) Pause Young (Prepare Mixed) (G1 Evacuation Pause)
[2866.918s][info][gc,task        ] GC(556) Using 6 workers of 6 for evacuation
[2867.037s][info][gc,phases      ] GC(556)   Pre Evacuate Collection Set: 0.31ms
[2867.037s][info][gc,phases      ] GC(556)   Merge Heap Roots: 0.60ms
[2867.037s][info][gc,phases      ] GC(556)   Evacuate Collection Set: 117.08ms
[2867.037s][info][gc,phases      ] GC(556)   Post Evacuate Collection Set: 0.95ms
[2867.037s][info][gc,phases      ] GC(556)   Other: 0.09ms
[2867.037s][info][gc,heap        ] GC(556) Eden regions: 1116->0(1104)
[2867.037s][info][gc,heap        ] GC(556) Survivor regions: 112->112(154)
[2867.037s][info][gc,heap        ] GC(556) Old regions: 506->537
[2867.037s][info][gc,heap        ] GC(556) Humongous regions: 80->80
[2867.037s][info][gc,metaspace   ] GC(556) Metaspace: 28962K(29248K)->28962K(29248K) NonClass: 24084K(24192K)->24084K(24192K) Class: 4878K(5056K)->4878K(5056K)
[2867.037s][info][gc             ] GC(556) Pause Young (Prepare Mixed) (G1 Evacuation Pause) 3626M->1457M(4096M) 119.155ms
[2867.037s][info][gc,cpu         ] GC(556) User=0.71s Sys=0.00s Real=0.12s
..|..[2870.782s][info][gc,start       ] GC(557) Pause Young (Mixed) (G1 Evacuation Pause)
[2870.782s][info][gc,task        ] GC(557) Using 6 workers of 6 for evacuation
[2870.917s][info][gc,phases      ] GC(557)   Pre Evacuate Collection Set: 0.41ms
[2870.917s][info][gc,phases      ] GC(557)   Merge Heap Roots: 0.73ms
[2870.917s][info][gc,phases      ] GC(557)   Evacuate Collection Set: 132.57ms
[2870.917s][info][gc,phases      ] GC(557)   Post Evacuate Collection Set: 0.97ms
[2870.917s][info][gc,phases      ] GC(557)   Other: 0.10ms
[2870.917s][info][gc,heap        ] GC(557) Eden regions: 1104->0(1119)
[2870.917s][info][gc,heap        ] GC(557) Survivor regions: 112->109(152)
[2870.917s][info][gc,heap        ] GC(557) Old regions: 537->471
[2870.917s][info][gc,heap        ] GC(557) Humongous regions: 80->80
[2870.917s][info][gc,metaspace   ] GC(557) Metaspace: 28962K(29248K)->28962K(29248K) NonClass: 24084K(24192K)->24084K(24192K) Class: 4878K(5056K)->4878K(5056K)
[2870.917s][info][gc             ] GC(557) Pause Young (Mixed) (G1 Evacuation Pause) 3665M->1318M(4096M) 134.920ms
[2870.917s][info][gc,cpu         ] GC(557) User=0.80s Sys=0.00s Real=0.13s
....[2874.580s][info][gc,start       ] GC(558) Pause Young (Concurrent Start) (G1 Evacuation Pause)
[2874.580s][info][gc,task        ] GC(558) Using 6 workers of 6 for evacuation
[2874.696s][info][gc,phases      ] GC(558)   Pre Evacuate Collection Set: 0.35ms
[2874.696s][info][gc,phases      ] GC(558)   Merge Heap Roots: 0.45ms
[2874.696s][info][gc,phases      ] GC(558)   Evacuate Collection Set: 114.14ms
[2874.696s][info][gc,phases      ] GC(558)   Post Evacuate Collection Set: 0.87ms
[2874.696s][info][gc,phases      ] GC(558)   Other: 0.10ms
[2874.696s][info][gc,heap        ] GC(558) Eden regions: 1119->0(1122)
[2874.696s][info][gc,heap        ] GC(558) Survivor regions: 109->106(154)
[2874.696s][info][gc,heap        ] GC(558) Old regions: 471->503
[2874.696s][info][gc,heap        ] GC(558) Humongous regions: 80->80
[2874.696s][info][gc,metaspace   ] GC(558) Metaspace: 28962K(29248K)->28962K(29248K) NonClass: 24084K(24192K)->24084K(24192K) Class: 4878K(5056K)->4878K(5056K)
[2874.696s][info][gc             ] GC(558) Pause Young (Concurrent Start) (G1 Evacuation Pause) 3556M->1377M(4096M) 116.043ms
[2874.696s][info][gc             ] GC(559) Concurrent Mark Cycle
[2874.696s][info][gc,marking     ] GC(559) Concurrent Scan Root Regions
[2874.696s][info][gc,cpu         ] GC(558) User=0.69s Sys=0.00s Real=0.12s
[2874.836s][info][gc,marking     ] GC(559) Concurrent Scan Root Regions 139.821ms
[2874.836s][info][gc,marking     ] GC(559) Concurrent Mark
[2874.836s][info][gc,marking     ] GC(559) Concurrent Mark From Roots
[2874.836s][info][gc,task        ] GC(559) Using 2 workers of 2 for marking
.[2875.441s][info][gc,marking     ] GC(559) Concurrent Mark From Roots 604.891ms
[2875.441s][info][gc,marking     ] GC(559) Concurrent Preclean
[2875.441s][info][gc,marking     ] GC(559) Concurrent Preclean 0.121ms
[2875.442s][info][gc,start       ] GC(559) Pause Remark
[2875.444s][info][gc             ] GC(559) Pause Remark 1818M->1818M(4096M) 2.850ms
[2875.444s][info][gc,cpu         ] GC(559) User=0.01s Sys=0.00s Real=0.00s
[2875.444s][info][gc,marking     ] GC(559) Concurrent Mark 608.091ms
[2875.444s][info][gc,marking     ] GC(559) Concurrent Rebuild Remembered Sets and Scrub Regions
[2875.727s][info][gc,marking     ] GC(559) Concurrent Rebuild Remembered Sets and Scrub Regions 282.862ms
[2875.727s][info][gc,start       ] GC(559) Pause Cleanup
[2875.728s][info][gc             ] GC(559) Pause Cleanup 1986M->1986M(4096M) 0.103ms
[2875.728s][info][gc,cpu         ] GC(559) User=0.00s Sys=0.00s Real=0.00s
[2875.728s][info][gc,marking     ] GC(559) Concurrent Clear Claimed Marks
[2875.728s][info][gc,marking     ] GC(559) Concurrent Clear Claimed Marks 0.027ms
[2875.728s][info][gc,marking     ] GC(559) Concurrent Cleanup for Next Mark
[2875.732s][info][gc,marking     ] GC(559) Concurrent Cleanup for Next Mark 4.457ms
[2875.732s][info][gc             ] GC(559) Concurrent Mark Cycle 1035.725ms
...[2878.541s][info][gc,start       ] GC(560) Pause Young (Prepare Mixed) (G1 Evacuation Pause)
[2878.541s][info][gc,task        ] GC(560) Using 6 workers of 6 for evacuation
[2878.656s][info][gc,phases      ] GC(560)   Pre Evacuate Collection Set: 0.32ms
[2878.656s][info][gc,phases      ] GC(560)   Merge Heap Roots: 0.50ms
[2878.656s][info][gc,phases      ] GC(560)   Evacuate Collection Set: 113.71ms
[2878.656s][info][gc,phases      ] GC(560)   Post Evacuate Collection Set: 0.92ms
[2878.656s][info][gc,phases      ] GC(560)   Other: 0.09ms
[2878.656s][info][gc,heap        ] GC(560) Eden regions: 1122->0(1114)
[2878.656s][info][gc,heap        ] GC(560) Survivor regions: 106->108(154)
[2878.656s][info][gc,heap        ] GC(560) Old regions: 503->535
[2878.656s][info][gc,heap        ] GC(560) Humongous regions: 80->80
[2878.656s][info][gc,metaspace   ] GC(560) Metaspace: 28962K(29248K)->28962K(29248K) NonClass: 24084K(24192K)->24084K(24192K) Class: 4878K(5056K)->4878K(5056K)
[2878.656s][info][gc             ] GC(560) Pause Young (Prepare Mixed) (G1 Evacuation Pause) 3621M->1443M(4096M) 115.662ms
[2878.656s][info][gc,cpu         ] GC(560) User=0.69s Sys=0.00s Real=0.12s
....[2882.436s][info][gc,start       ] GC(561) Pause Young (Mixed) (G1 Evacuation Pause)
[2882.436s][info][gc,task        ] GC(561) Using 6 workers of 6 for evacuation
[2882.571s][info][gc,phases      ] GC(561)   Pre Evacuate Collection Set: 0.36ms
[2882.571s][info][gc,phases      ] GC(561)   Merge Heap Roots: 0.72ms
[2882.571s][info][gc,phases      ] GC(561)   Evacuate Collection Set: 133.54ms
[2882.571s][info][gc,phases      ] GC(561)   Post Evacuate Collection Set: 0.93ms
[2882.572s][info][gc,phases      ] GC(561)   Other: 0.09ms
[2882.572s][info][gc,heap        ] GC(561) Eden regions: 1114->0(1118)
[2882.572s][info][gc,heap        ] GC(561) Survivor regions: 108->110(153)
[2882.572s][info][gc,heap        ] GC(561) Old regions: 535->473
[2882.572s][info][gc,heap        ] GC(561) Humongous regions: 80->80
[2882.572s][info][gc,metaspace   ] GC(561) Metaspace: 28962K(29248K)->28962K(29248K) NonClass: 24084K(24192K)->24084K(24192K) Class: 4878K(5056K)->4878K(5056K)
[2882.572s][info][gc             ] GC(561) Pause Young (Mixed) (G1 Evacuation Pause) 3671M->1325M(4096M) 135.782ms
[2882.572s][info][gc,cpu         ] GC(561) User=0.80s Sys=0.00s Real=0.14s
...[2886.362s][info][gc,start       ] GC(562) Pause Young (Concurrent Start) (G1 Evacuation Pause)
[2886.362s][info][gc,task        ] GC(562) Using 6 workers of 6 for evacuation
[2886.481s][info][gc,phases      ] GC(562)   Pre Evacuate Collection Set: 0.36ms
[2886.481s][info][gc,phases      ] GC(562)   Merge Heap Roots: 0.54ms
[2886.481s][info][gc,phases      ] GC(562)   Evacuate Collection Set: 117.56ms
[2886.481s][info][gc,phases      ] GC(562)   Post Evacuate Collection Set: 0.87ms
[2886.481s][info][gc,phases      ] GC(562)   Other: 0.13ms
[2886.481s][info][gc,heap        ] GC(562) Eden regions: 1118->0(1118)
[2886.481s][info][gc,heap        ] GC(562) Survivor regions: 110->110(154)
[2886.481s][info][gc,heap        ] GC(562) Old regions: 473->505
[2886.481s][info][gc,heap        ] GC(562) Humongous regions: 80->80
[2886.481s][info][gc,metaspace   ] GC(562) Metaspace: 28962K(29248K)->28962K(29248K) NonClass: 24084K(24192K)->24084K(24192K) Class: 4878K(5056K)->4878K(5056K)
[2886.481s][info][gc             ] GC(562) Pause Young (Concurrent Start) (G1 Evacuation Pause) 3561M->1389M(4096M) 119.603ms
[2886.481s][info][gc             ] GC(563) Concurrent Mark Cycle
[2886.481s][info][gc,marking     ] GC(563) Concurrent Scan Root Regions
[2886.481s][info][gc,cpu         ] GC(562) User=0.71s Sys=0.00s Real=0.12s
.[2886.634s][info][gc,marking     ] GC(563) Concurrent Scan Root Regions 152.158ms
[2886.634s][info][gc,marking     ] GC(563) Concurrent Mark
[2886.634s][info][gc,marking     ] GC(563) Concurrent Mark From Roots
[2886.634s][info][gc,task        ] GC(563) Using 2 workers of 2 for marking
[2887.311s][info][gc,marking     ] GC(563) Concurrent Mark From Roots 677.512ms
[2887.311s][info][gc,marking     ] GC(563) Concurrent Preclean
[2887.311s][info][gc,marking     ] GC(563) Concurrent Preclean 0.123ms
[2887.311s][info][gc,start       ] GC(563) Pause Remark
[2887.314s][info][gc             ] GC(563) Pause Remark 1966M->1966M(4096M) 2.869ms
[2887.314s][info][gc,cpu         ] GC(563) User=0.01s Sys=0.00s Real=0.00s
[2887.314s][info][gc,marking     ] GC(563) Concurrent Mark 680.735ms
[2887.314s][info][gc,marking     ] GC(563) Concurrent Rebuild Remembered Sets and Scrub Regions
.[2887.675s][info][gc,marking     ] GC(563) Concurrent Rebuild Remembered Sets and Scrub Regions 360.745ms
[2887.675s][info][gc,start       ] GC(563) Pause Cleanup
[2887.675s][info][gc             ] GC(563) Pause Cleanup 2173M->2173M(4096M) 0.118ms
[2887.675s][info][gc,cpu         ] GC(563) User=0.00s Sys=0.00s Real=0.00s
[2887.675s][info][gc,marking     ] GC(563) Concurrent Clear Claimed Marks
[2887.675s][info][gc,marking     ] GC(563) Concurrent Clear Claimed Marks 0.026ms
[2887.675s][info][gc,marking     ] GC(563) Concurrent Cleanup for Next Mark
[2887.680s][info][gc,marking     ] GC(563) Concurrent Cleanup for Next Mark 4.940ms
[2887.680s][info][gc             ] GC(563) Concurrent Mark Cycle 1199.071ms
..[2890.210s][info][gc,start       ] GC(564) Pause Young (Prepare Mixed) (G1 Evacuation Pause)
[2890.210s][info][gc,task        ] GC(564) Using 6 workers of 6 for evacuation
[2890.327s][info][gc,phases      ] GC(564)   Pre Evacuate Collection Set: 0.32ms
[2890.327s][info][gc,phases      ] GC(564)   Merge Heap Roots: 0.51ms
[2890.327s][info][gc,phases      ] GC(564)   Evacuate Collection Set: 114.92ms
[2890.327s][info][gc,phases      ] GC(564)   Post Evacuate Collection Set: 0.92ms
[2890.327s][info][gc,phases      ] GC(564)   Other: 0.09ms
[2890.327s][info][gc,heap        ] GC(564) Eden regions: 1118->0(1107)
[2890.327s][info][gc,heap        ] GC(564) Survivor regions: 110->110(154)
[2890.327s][info][gc,heap        ] GC(564) Old regions: 505->538
[2890.327s][info][gc,heap        ] GC(564) Humongous regions: 80->80
[2890.327s][info][gc,metaspace   ] GC(564) Metaspace: 28962K(29248K)->28962K(29248K) NonClass: 24084K(24192K)->24084K(24192K) Class: 4878K(5056K)->4878K(5056K)
[2890.327s][info][gc             ] GC(564) Pause Young (Prepare Mixed) (G1 Evacuation Pause) 3625M->1454M(4096M) 116.908ms
[2890.327s][info][gc,cpu         ] GC(564) User=0.70s Sys=0.00s Real=0.12s
....[2894.061s][info][gc,start       ] GC(565) Pause Young (Mixed) (G1 Evacuation Pause)
[2894.061s][info][gc,task        ] GC(565) Using 6 workers of 6 for evacuation
[2894.200s][info][gc,phases      ] GC(565)   Pre Evacuate Collection Set: 0.38ms
[2894.200s][info][gc,phases      ] GC(565)   Merge Heap Roots: 0.79ms
[2894.200s][info][gc,phases      ] GC(565)   Evacuate Collection Set: 136.26ms
[2894.200s][info][gc,phases      ] GC(565)   Post Evacuate Collection Set: 0.99ms
[2894.200s][info][gc,phases      ] GC(565)   Other: 0.09ms
[2894.200s][info][gc,heap        ] GC(565) Eden regions: 1107->0(1116)
[2894.200s][info][gc,heap        ] GC(565) Survivor regions: 110->112(153)
[2894.200s][info][gc,heap        ] GC(565) Old regions: 538->474
[2894.200s][info][gc,heap        ] GC(565) Humongous regions: 80->80
[2894.200s][info][gc,metaspace   ] GC(565) Metaspace: 28962K(29248K)->28962K(29248K) NonClass: 24084K(24192K)->24084K(24192K) Class: 4878K(5056K)->4878K(5056K)
[2894.200s][info][gc             ] GC(565) Pause Young (Mixed) (G1 Evacuation Pause) 3668M->1330M(4096M) 138.638ms
[2894.200s][info][gc,cpu         ] GC(565) User=0.82s Sys=0.00s Real=0.13s
....[2897.995s][info][gc,start       ] GC(566) Pause Young (Concurrent Start) (G1 Evacuation Pause)
[2897.995s][info][gc,task        ] GC(566) Using 6 workers of 6 for evacuation
[2898.111s][info][gc,phases      ] GC(566)   Pre Evacuate Collection Set: 0.43ms
[2898.111s][info][gc,phases      ] GC(566)   Merge Heap Roots: 0.51ms
[2898.111s][info][gc,phases      ] GC(566)   Evacuate Collection Set: 113.85ms
[2898.111s][info][gc,phases      ] GC(566)   Post Evacuate Collection Set: 0.88ms
[2898.111s][info][gc,phases      ] GC(566)   Other: 0.14ms
[2898.111s][info][gc,heap        ] GC(566) Eden regions: 1116->0(1119)
[2898.111s][info][gc,heap        ] GC(566) Survivor regions: 112->109(154)
[2898.111s][info][gc,heap        ] GC(566) Old regions: 474->505
[2898.111s][info][gc,heap        ] GC(566) Humongous regions: 80->80
[2898.111s][info][gc,metaspace   ] GC(566) Metaspace: 28962K(29248K)->28962K(29248K) NonClass: 24084K(24192K)->24084K(24192K) Class: 4878K(5056K)->4878K(5056K)
[2898.111s][info][gc             ] GC(566) Pause Young (Concurrent Start) (G1 Evacuation Pause) 3562M->1386M(4096M) 115.946ms
[2898.111s][info][gc             ] GC(567) Concurrent Mark Cycle
[2898.111s][info][gc,marking     ] GC(567) Concurrent Scan Root Regions
[2898.111s][info][gc,cpu         ] GC(566) User=0.69s Sys=0.00s Real=0.12s
[2898.287s][info][gc,marking     ] GC(567) Concurrent Scan Root Regions 176.372ms
[2898.287s][info][gc,marking     ] GC(567) Concurrent Mark
[2898.287s][info][gc,marking     ] GC(567) Concurrent Mark From Roots
[2898.287s][info][gc,task        ] GC(567) Using 2 workers of 2 for marking
.[2899.082s][info][gc,marking     ] GC(567) Concurrent Mark From Roots 794.040ms
[2899.082s][info][gc,marking     ] GC(567) Concurrent Preclean
[2899.082s][info][gc,marking     ] GC(567) Concurrent Preclean 0.120ms
[2899.082s][info][gc,start       ] GC(567) Pause Remark
[2899.085s][info][gc             ] GC(567) Pause Remark 2035M->2035M(4096M) 2.892ms
[2899.085s][info][gc,cpu         ] GC(567) User=0.01s Sys=0.00s Real=0.00s
[2899.085s][info][gc,marking     ] GC(567) Concurrent Mark 797.299ms
[2899.085s][info][gc,marking     ] GC(567) Concurrent Rebuild Remembered Sets and Scrub Regions
[2899.348s][info][gc,marking     ] GC(567) Concurrent Rebuild Remembered Sets and Scrub Regions 263.640ms
[2899.350s][info][gc,start       ] GC(567) Pause Cleanup
[2899.350s][info][gc             ] GC(567) Pause Cleanup 2178M->2178M(4096M) 0.128ms
[2899.350s][info][gc,cpu         ] GC(567) User=0.00s Sys=0.00s Real=0.00s
[2899.350s][info][gc,marking     ] GC(567) Concurrent Clear Claimed Marks
[2899.350s][info][gc,marking     ] GC(567) Concurrent Clear Claimed Marks 0.029ms
[2899.350s][info][gc,marking     ] GC(567) Concurrent Cleanup for Next Mark
[2899.354s][info][gc,marking     ] GC(567) Concurrent Cleanup for Next Mark 4.096ms
[2899.354s][info][gc             ] GC(567) Concurrent Mark Cycle 1243.055ms
...[2901.906s][info][gc,start       ] GC(568) Pause Young (Prepare Mixed) (G1 Evacuation Pause)
[2901.906s][info][gc,task        ] GC(568) Using 6 workers of 6 for evacuation
[2902.027s][info][gc,phases      ] GC(568)   Pre Evacuate Collection Set: 0.34ms
[2902.027s][info][gc,phases      ] GC(568)   Merge Heap Roots: 0.58ms
[2902.027s][info][gc,phases      ] GC(568)   Evacuate Collection Set: 118.98ms
[2902.027s][info][gc,phases      ] GC(568)   Post Evacuate Collection Set: 0.93ms
[2902.027s][info][gc,phases      ] GC(568)   Other: 0.10ms
[2902.027s][info][gc,heap        ] GC(568) Eden regions: 1119->0(1104)
[2902.027s][info][gc,heap        ] GC(568) Survivor regions: 109->112(154)
[2902.027s][info][gc,heap        ] GC(568) Old regions: 505->537
[2902.027s][info][gc,heap        ] GC(568) Humongous regions: 80->80
[2902.027s][info][gc,metaspace   ] GC(568) Metaspace: 28963K(29248K)->28963K(29248K) NonClass: 24084K(24192K)->24084K(24192K) Class: 4878K(5056K)->4878K(5056K)
[2902.027s][info][gc             ] GC(568) Pause Young (Prepare Mixed) (G1 Evacuation Pause) 3624M->1456M(4096M) 121.059ms
[2902.027s][info][gc,cpu         ] GC(568) User=0.72s Sys=0.00s Real=0.12s
....[2905.793s][info][gc,start       ] GC(569) Pause Young (Mixed) (G1 Evacuation Pause)
[2905.793s][info][gc,task        ] GC(569) Using 6 workers of 6 for evacuation
[2905.929s][info][gc,phases      ] GC(569)   Pre Evacuate Collection Set: 0.36ms
[2905.929s][info][gc,phases      ] GC(569)   Merge Heap Roots: 0.87ms
[2905.929s][info][gc,phases      ] GC(569)   Evacuate Collection Set: 133.65ms
[2905.929s][info][gc,phases      ] GC(569)   Post Evacuate Collection Set: 0.92ms
[2905.929s][info][gc,phases      ] GC(569)   Other: 0.09ms
[2905.929s][info][gc,heap        ] GC(569) Eden regions: 1104->0(1118)
[2905.929s][info][gc,heap        ] GC(569) Survivor regions: 112->110(152)
[2905.929s][info][gc,heap        ] GC(569) Old regions: 537->473
[2905.929s][info][gc,heap        ] GC(569) Humongous regions: 80->80
[2905.929s][info][gc,metaspace   ] GC(569) Metaspace: 28963K(29248K)->28963K(29248K) NonClass: 24084K(24192K)->24084K(24192K) Class: 4878K(5056K)->4878K(5056K)
[2905.929s][info][gc             ] GC(569) Pause Young (Mixed) (G1 Evacuation Pause) 3664M->1324M(4096M) 136.018ms
[2905.929s][info][gc,cpu         ] GC(569) User=0.81s Sys=0.00s Real=0.13s
....[2909.586s][info][gc,start       ] GC(570) Pause Young (Concurrent Start) (G1 Evacuation Pause)
[2909.586s][info][gc,task        ] GC(570) Using 6 workers of 6 for evacuation
[2909.701s][info][gc,phases      ] GC(570)   Pre Evacuate Collection Set: 0.38ms
[2909.701s][info][gc,phases      ] GC(570)   Merge Heap Roots: 0.49ms
[2909.701s][info][gc,phases      ] GC(570)   Evacuate Collection Set: 113.45ms
[2909.701s][info][gc,phases      ] GC(570)   Post Evacuate Collection Set: 0.88ms
[2909.701s][info][gc,phases      ] GC(570)   Other: 0.11ms
[2909.701s][info][gc,heap        ] GC(570) Eden regions: 1118->0(1120)
[2909.701s][info][gc,heap        ] GC(570) Survivor regions: 110->108(154)
[2909.701s][info][gc,heap        ] GC(570) Old regions: 473->505
[2909.701s][info][gc,heap        ] GC(570) Humongous regions: 80->80
[2909.702s][info][gc,metaspace   ] GC(570) Metaspace: 28963K(29248K)->28963K(29248K) NonClass: 24084K(24192K)->24084K(24192K) Class: 4878K(5056K)->4878K(5056K)
[2909.702s][info][gc             ] GC(570) Pause Young (Concurrent Start) (G1 Evacuation Pause) 3560M->1384M(4096M) 115.457ms
[2909.702s][info][gc             ] GC(571) Concurrent Mark Cycle
[2909.702s][info][gc,marking     ] GC(571) Concurrent Scan Root Regions
[2909.702s][info][gc,cpu         ] GC(570) User=0.69s Sys=0.00s Real=0.12s
[2909.837s][info][gc,marking     ] GC(571) Concurrent Scan Root Regions 135.697ms
[2909.837s][info][gc,marking     ] GC(571) Concurrent Mark
[2909.837s][info][gc,marking     ] GC(571) Concurrent Mark From Roots
[2909.837s][info][gc,task        ] GC(571) Using 2 workers of 2 for marking
[2910.492s][info][gc,marking     ] GC(571) Concurrent Mark From Roots 654.547ms
[2910.492s][info][gc,marking     ] GC(571) Concurrent Preclean
[2910.492s][info][gc,marking     ] GC(571) Concurrent Preclean 0.105ms
[2910.494s][info][gc,start       ] GC(571) Pause Remark
[2910.497s][info][gc             ] GC(571) Pause Remark 1910M->1910M(4096M) 3.011ms
[2910.497s][info][gc,cpu         ] GC(571) User=0.01s Sys=0.00s Real=0.00s
[2910.497s][info][gc,marking     ] GC(571) Concurrent Mark 660.029ms
[2910.497s][info][gc,marking     ] GC(571) Concurrent Rebuild Remembered Sets and Scrub Regions
.[2910.783s][info][gc,marking     ] GC(571) Concurrent Rebuild Remembered Sets and Scrub Regions 286.019ms
[2910.784s][info][gc,start       ] GC(571) Pause Cleanup
[2910.784s][info][gc             ] GC(571) Pause Cleanup 2075M->2075M(4096M) 0.113ms
[2910.784s][info][gc,cpu         ] GC(571) User=0.00s Sys=0.00s Real=0.00s
[2910.784s][info][gc,marking     ] GC(571) Concurrent Clear Claimed Marks
[2910.784s][info][gc,marking     ] GC(571) Concurrent Clear Claimed Marks 0.027ms
[2910.784s][info][gc,marking     ] GC(571) Concurrent Cleanup for Next Mark
[2910.787s][info][gc,marking     ] GC(571) Concurrent Cleanup for Next Mark 3.182ms
[2910.787s][info][gc             ] GC(571) Concurrent Mark Cycle 1085.411ms
...[2913.526s][info][gc,start       ] GC(572) Pause Young (Prepare Mixed) (G1 Evacuation Pause)
[2913.526s][info][gc,task        ] GC(572) Using 6 workers of 6 for evacuation
[2913.642s][info][gc,phases      ] GC(572)   Pre Evacuate Collection Set: 0.33ms
[2913.642s][info][gc,phases      ] GC(572)   Merge Heap Roots: 0.54ms
[2913.642s][info][gc,phases      ] GC(572)   Evacuate Collection Set: 114.35ms
[2913.642s][info][gc,phases      ] GC(572)   Post Evacuate Collection Set: 0.89ms
[2913.642s][info][gc,phases      ] GC(572)   Other: 0.09ms
[2913.642s][info][gc,heap        ] GC(572) Eden regions: 1120->0(1112)
[2913.642s][info][gc,heap        ] GC(572) Survivor regions: 108->108(154)
[2913.642s][info][gc,heap        ] GC(572) Old regions: 505->537
[2913.642s][info][gc,heap        ] GC(572) Humongous regions: 80->80
[2913.642s][info][gc,metaspace   ] GC(572) Metaspace: 28963K(29248K)->28963K(29248K) NonClass: 24084K(24192K)->24084K(24192K) Class: 4878K(5056K)->4878K(5056K)
[2913.642s][info][gc             ] GC(572) Pause Young (Prepare Mixed) (G1 Evacuation Pause) 3624M->1447M(4096M) 116.314ms
[2913.642s][info][gc,cpu         ] GC(572) User=0.69s Sys=0.00s Real=0.12s
...[2917.487s][info][gc,start       ] GC(573) Pause Young (Mixed) (G1 Evacuation Pause)
[2917.487s][info][gc,task        ] GC(573) Using 6 workers of 6 for evacuation
[2917.621s][info][gc,phases      ] GC(573)   Pre Evacuate Collection Set: 0.35ms
[2917.621s][info][gc,phases      ] GC(573)   Merge Heap Roots: 0.64ms
[2917.621s][info][gc,phases      ] GC(573)   Evacuate Collection Set: 131.80ms
[2917.621s][info][gc,phases      ] GC(573)   Post Evacuate Collection Set: 0.93ms
[2917.621s][info][gc,phases      ] GC(573)   Other: 0.09ms
[2917.621s][info][gc,heap        ] GC(573) Eden regions: 1112->0(1115)
[2917.621s][info][gc,heap        ] GC(573) Survivor regions: 108->113(153)
[2917.621s][info][gc,heap        ] GC(573) Old regions: 537->474
[2917.621s][info][gc,heap        ] GC(573) Humongous regions: 80->80
[2917.621s][info][gc,metaspace   ] GC(573) Metaspace: 28963K(29248K)->28963K(29248K) NonClass: 24084K(24192K)->24084K(24192K) Class: 4878K(5056K)->4878K(5056K)
[2917.621s][info][gc             ] GC(573) Pause Young (Mixed) (G1 Evacuation Pause) 3671M->1332M(4096M) 133.978ms
[2917.621s][info][gc,cpu         ] GC(573) User=0.80s Sys=0.00s Real=0.14s
....[2921.327s][info][gc,start       ] GC(574) Pause Young (Concurrent Start) (G1 Evacuation Pause)
[2921.327s][info][gc,task        ] GC(574) Using 6 workers of 6 for evacuation
[2921.446s][info][gc,phases      ] GC(574)   Pre Evacuate Collection Set: 0.35ms
[2921.446s][info][gc,phases      ] GC(574)   Merge Heap Roots: 0.51ms
[2921.446s][info][gc,phases      ] GC(574)   Evacuate Collection Set: 117.83ms
[2921.446s][info][gc,phases      ] GC(574)   Post Evacuate Collection Set: 0.89ms
[2921.446s][info][gc,phases      ] GC(574)   Other: 0.11ms
[2921.446s][info][gc,heap        ] GC(574) Eden regions: 1115->0(1118)
[2921.446s][info][gc,heap        ] GC(574) Survivor regions: 113->110(154)
[2921.446s][info][gc,heap        ] GC(574) Old regions: 474->506
[2921.446s][info][gc,heap        ] GC(574) Humongous regions: 80->80
[2921.446s][info][gc,metaspace   ] GC(574) Metaspace: 28963K(29248K)->28963K(29248K) NonClass: 24084K(24192K)->24084K(24192K) Class: 4878K(5056K)->4878K(5056K)
[2921.446s][info][gc             ] GC(574) Pause Young (Concurrent Start) (G1 Evacuation Pause) 3562M->1391M(4096M) 119.809ms
[2921.446s][info][gc             ] GC(575) Concurrent Mark Cycle
[2921.446s][info][gc,marking     ] GC(575) Concurrent Scan Root Regions
[2921.446s][info][gc,cpu         ] GC(574) User=0.71s Sys=0.00s Real=0.12s
.[2921.636s][info][gc,marking     ] GC(575) Concurrent Scan Root Regions 189.843ms
[2921.636s][info][gc,marking     ] GC(575) Concurrent Mark
[2921.636s][info][gc,marking     ] GC(575) Concurrent Mark From Roots
[2921.636s][info][gc,task        ] GC(575) Using 2 workers of 2 for marking
[2922.421s][info][gc,marking     ] GC(575) Concurrent Mark From Roots 785.006ms
[2922.421s][info][gc,marking     ] GC(575) Concurrent Preclean
[2922.421s][info][gc,marking     ] GC(575) Concurrent Preclean 0.073ms
[2922.422s][info][gc,start       ] GC(575) Pause Remark
[2922.426s][info][gc             ] GC(575) Pause Remark 2028M->2028M(4096M) 4.655ms
[2922.426s][info][gc,cpu         ] GC(575) User=0.03s Sys=0.00s Real=0.00s
[2922.426s][info][gc,marking     ] GC(575) Concurrent Mark 790.005ms
[2922.426s][info][gc,marking     ] GC(575) Concurrent Rebuild Remembered Sets and Scrub Regions
[2922.637s][info][gc,marking     ] GC(575) Concurrent Rebuild Remembered Sets and Scrub Regions 210.870ms
.[2922.637s][info][gc,start       ] GC(575) Pause Cleanup
[2922.637s][info][gc             ] GC(575) Pause Cleanup 2139M->2139M(4096M) 0.110ms
[2922.637s][info][gc,cpu         ] GC(575) User=0.00s Sys=0.00s Real=0.00s
[2922.637s][info][gc,marking     ] GC(575) Concurrent Clear Claimed Marks
[2922.638s][info][gc,marking     ] GC(575) Concurrent Clear Claimed Marks 0.032ms
[2922.638s][info][gc,marking     ] GC(575) Concurrent Cleanup for Next Mark
[2922.641s][info][gc,marking     ] GC(575) Concurrent Cleanup for Next Mark 3.300ms
[2922.641s][info][gc             ] GC(575) Concurrent Mark Cycle 1194.470ms
..[2925.220s][info][gc,start       ] GC(576) Pause Young (Prepare Mixed) (G1 Evacuation Pause)
[2925.220s][info][gc,task        ] GC(576) Using 6 workers of 6 for evacuation
[2925.338s][info][gc,phases      ] GC(576)   Pre Evacuate Collection Set: 0.34ms
[2925.338s][info][gc,phases      ] GC(576)   Merge Heap Roots: 0.51ms
[2925.338s][info][gc,phases      ] GC(576)   Evacuate Collection Set: 116.44ms
[2925.338s][info][gc,phases      ] GC(576)   Post Evacuate Collection Set: 0.93ms
[2925.338s][info][gc,phases      ] GC(576)   Other: 0.09ms
[2925.338s][info][gc,heap        ] GC(576) Eden regions: 1118->0(1104)
[2925.338s][info][gc,heap        ] GC(576) Survivor regions: 110->111(154)
[2925.338s][info][gc,heap        ] GC(576) Old regions: 506->539
[2925.338s][info][gc,heap        ] GC(576) Humongous regions: 80->80
[2925.338s][info][gc,metaspace   ] GC(576) Metaspace: 28960K(29248K)->28960K(29248K) NonClass: 24082K(24192K)->24082K(24192K) Class: 4877K(5056K)->4877K(5056K)
[2925.338s][info][gc             ] GC(576) Pause Young (Prepare Mixed) (G1 Evacuation Pause) 3627M->1457M(4096M) 118.457ms
[2925.338s][info][gc,cpu         ] GC(576) User=0.70s Sys=0.00s Real=0.12s
.... (rIR:aIR:PR = 4843:4844:4844) (tPR = 71817) [OK] 
  2928s: Performance info:
         Transaction,    Success,    Partial,     Failed,   Receipts, AvgBarcode, 
             Overall,     292112,          0,          0,     277494,      59.48, 
         Response times:
             Request,    Success,    Partial,     Failed,   SkipFail,     Probes,    Samples,      min,      p50,      p90,      p95,      p99,      max, 
       TotalPurchase,     277494,          0,          0,          0,     272855,     305322,      300,     3900,     7800,    16000,    51000,   226000,
     InStorePurchase,     146049,          0,          0,          0,     143631,     160423,      300,     3800,     7700,    15900,    51000,   226000,
      OnlinePurchase,     102245,          0,          0,          0,     100729,     112679,      300,     4100,     7900,    16000,    52000,   195000,
        InstPurchase,      29200,          0,          0,          0,      28495,      32220,      400,     4100,     7900,    16395,    50000,   194000,
          AssocOfCat,        292,          0,          0,          0,        220,        325,    22000,    36000,    59400,    81500,   187180,   195000,
      AssocOfProduct,       2921,          0,          0,          0,       2686,       3230,      500,     2700,     7100,    14000,    43070,   144000,
      BusinessReport,        730,          0,          0,          0,        622,        798,    25000,    40000,    71000,   100200,   191010,   203000,
          CustBuyBeh,       2929,          0,          0,          0,       2705,       3259,      200,     3700,     7000,    16600,    43000,   143000,
       ProductReturn,       7746,          0,          0,          0,       7347,       8498,      200,     3700,     7500,    15505,    50000,   152000,

  2928s: (36%)   IR =   4981 [2929.071s][info][gc,start       ] GC(577) Pause Young (Mixed) (G1 Evacuation Pause)
[2929.071s][info][gc,task        ] GC(577) Using 6 workers of 6 for evacuation
[2929.207s][info][gc,phases      ] GC(577)   Pre Evacuate Collection Set: 0.35ms
[2929.207s][info][gc,phases      ] GC(577)   Merge Heap Roots: 0.82ms
[2929.207s][info][gc,phases      ] GC(577)   Evacuate Collection Set: 133.74ms
[2929.207s][info][gc,phases      ] GC(577)   Post Evacuate Collection Set: 0.98ms
[2929.207s][info][gc,phases      ] GC(577)   Other: 0.10ms
[2929.207s][info][gc,heap        ] GC(577) Eden regions: 1104->0(1118)
[2929.207s][info][gc,heap        ] GC(577) Survivor regions: 111->110(152)
[2929.207s][info][gc,heap        ] GC(577) Old regions: 539->474
[2929.207s][info][gc,heap        ] GC(577) Humongous regions: 80->80
[2929.207s][info][gc,metaspace   ] GC(577) Metaspace: 28960K(29248K)->28960K(29248K) NonClass: 24082K(24192K)->24082K(24192K) Class: 4877K(5056K)->4877K(5056K)
[2929.207s][info][gc             ] GC(577) Pause Young (Mixed) (G1 Evacuation Pause) 3665M->1327M(4096M) 136.129ms
[2929.207s][info][gc,cpu         ] GC(577) User=0.80s Sys=0.00s Real=0.14s
....[2932.848s][info][gc,start       ] GC(578) Pause Young (Concurrent Start) (G1 Evacuation Pause)
[2932.848s][info][gc,task        ] GC(578) Using 6 workers of 6 for evacuation
[2932.965s][info][gc,phases      ] GC(578)   Pre Evacuate Collection Set: 0.35ms
[2932.965s][info][gc,phases      ] GC(578)   Merge Heap Roots: 0.47ms
[2932.965s][info][gc,phases      ] GC(578)   Evacuate Collection Set: 114.91ms
[2932.965s][info][gc,phases      ] GC(578)   Post Evacuate Collection Set: 0.87ms
[2932.965s][info][gc,phases      ] GC(578)   Other: 0.11ms
[2932.965s][info][gc,heap        ] GC(578) Eden regions: 1118->0(1119)
[2932.965s][info][gc,heap        ] GC(578) Survivor regions: 110->109(154)
[2932.965s][info][gc,heap        ] GC(578) Old regions: 474->506
[2932.965s][info][gc,heap        ] GC(578) Humongous regions: 80->80
[2932.965s][info][gc,metaspace   ] GC(578) Metaspace: 28960K(29248K)->28960K(29248K) NonClass: 24082K(24192K)->24082K(24192K) Class: 4877K(5056K)->4877K(5056K)
[2932.965s][info][gc             ] GC(578) Pause Young (Concurrent Start) (G1 Evacuation Pause) 3563M->1388M(4096M) 116.861ms
[2932.965s][info][gc             ] GC(579) Concurrent Mark Cycle
[2932.965s][info][gc,marking     ] GC(579) Concurrent Scan Root Regions
[2932.965s][info][gc,cpu         ] GC(578) User=0.70s Sys=0.00s Real=0.12s
[2933.096s][info][gc,marking     ] GC(579) Concurrent Scan Root Regions 130.718ms
[2933.096s][info][gc,marking     ] GC(579) Concurrent Mark
[2933.096s][info][gc,marking     ] GC(579) Concurrent Mark From Roots
[2933.096s][info][gc,task        ] GC(579) Using 2 workers of 2 for marking
[2933.655s][info][gc,marking     ] GC(579) Concurrent Mark From Roots 559.151ms
[2933.655s][info][gc,marking     ] GC(579) Concurrent Preclean
[2933.656s][info][gc,marking     ] GC(579) Concurrent Preclean 0.174ms
[2933.657s][info][gc,start       ] GC(579) Pause Remark
[2933.660s][info][gc             ] GC(579) Pause Remark 1876M->1876M(4096M) 3.122ms
[2933.660s][info][gc,cpu         ] GC(579) User=0.01s Sys=0.00s Real=0.00s
[2933.660s][info][gc,marking     ] GC(579) Concurrent Mark 563.743ms
[2933.660s][info][gc,marking     ] GC(579) Concurrent Rebuild Remembered Sets and Scrub Regions
.|[2933.908s][info][gc,marking     ] GC(579) Concurrent Rebuild Remembered Sets and Scrub Regions 248.180ms
[2933.908s][info][gc,start       ] GC(579) Pause Cleanup
[2933.908s][info][gc             ] GC(579) Pause Cleanup 2019M->2019M(4096M) 0.116ms
[2933.908s][info][gc,cpu         ] GC(579) User=0.00s Sys=0.00s Real=0.00s
[2933.908s][info][gc,marking     ] GC(579) Concurrent Clear Claimed Marks
[2933.908s][info][gc,marking     ] GC(579) Concurrent Clear Claimed Marks 0.034ms
[2933.908s][info][gc,marking     ] GC(579) Concurrent Cleanup for Next Mark
[2933.912s][info][gc,marking     ] GC(579) Concurrent Cleanup for Next Mark 3.594ms
[2933.912s][info][gc             ] GC(579) Concurrent Mark Cycle 946.841ms
..[2936.616s][info][gc,start       ] GC(580) Pause Young (Prepare Mixed) (G1 Evacuation Pause)
[2936.616s][info][gc,task        ] GC(580) Using 6 workers of 6 for evacuation
[2936.732s][info][gc,phases      ] GC(580)   Pre Evacuate Collection Set: 0.35ms
[2936.732s][info][gc,phases      ] GC(580)   Merge Heap Roots: 0.51ms
[2936.732s][info][gc,phases      ] GC(580)   Evacuate Collection Set: 113.92ms
[2936.732s][info][gc,phases      ] GC(580)   Post Evacuate Collection Set: 0.92ms
[2936.732s][info][gc,phases      ] GC(580)   Other: 0.09ms
[2936.732s][info][gc,heap        ] GC(580) Eden regions: 1119->0(1111)
[2936.732s][info][gc,heap        ] GC(580) Survivor regions: 109->108(154)
[2936.732s][info][gc,heap        ] GC(580) Old regions: 506->538
[2936.732s][info][gc,heap        ] GC(580) Humongous regions: 80->80
[2936.732s][info][gc,metaspace   ] GC(580) Metaspace: 28960K(29248K)->28960K(29248K) NonClass: 24082K(24192K)->24082K(24192K) Class: 4877K(5056K)->4877K(5056K)
[2936.732s][info][gc             ] GC(580) Pause Young (Prepare Mixed) (G1 Evacuation Pause) 3626M->1450M(4096M) 115.917ms
[2936.732s][info][gc,cpu         ] GC(580) User=0.69s Sys=0.00s Real=0.12s
....[2940.336s][info][gc,start       ] GC(581) Pause Young (Mixed) (G1 Evacuation Pause)
[2940.336s][info][gc,task        ] GC(581) Using 6 workers of 6 for evacuation
[2940.467s][info][gc,phases      ] GC(581)   Pre Evacuate Collection Set: 0.37ms
[2940.467s][info][gc,phases      ] GC(581)   Merge Heap Roots: 0.60ms
[2940.467s][info][gc,phases      ] GC(581)   Evacuate Collection Set: 129.56ms
[2940.467s][info][gc,phases      ] GC(581)   Post Evacuate Collection Set: 0.91ms
[2940.467s][info][gc,phases      ] GC(581)   Other: 0.09ms
[2940.467s][info][gc,heap        ] GC(581) Eden regions: 1111->0(1120)
[2940.467s][info][gc,heap        ] GC(581) Survivor regions: 108->108(153)
[2940.467s][info][gc,heap        ] GC(581) Old regions: 538->474
[2940.467s][info][gc,heap        ] GC(581) Humongous regions: 80->80
[2940.467s][info][gc,metaspace   ] GC(581) Metaspace: 28960K(29248K)->28960K(29248K) NonClass: 24082K(24192K)->24082K(24192K) Class: 4877K(5056K)->4877K(5056K)
[2940.467s][info][gc             ] GC(581) Pause Young (Mixed) (G1 Evacuation Pause) 3672M->1322M(4096M) 131.681ms
[2940.467s][info][gc,cpu         ] GC(581) User=0.78s Sys=0.00s Real=0.13s
....[2944.250s][info][gc,start       ] GC(582) Pause Young (Concurrent Start) (G1 Evacuation Pause)
[2944.250s][info][gc,task        ] GC(582) Using 6 workers of 6 for evacuation
[2944.368s][info][gc,phases      ] GC(582)   Pre Evacuate Collection Set: 0.41ms
[2944.368s][info][gc,phases      ] GC(582)   Merge Heap Roots: 0.51ms
[2944.368s][info][gc,phases      ] GC(582)   Evacuate Collection Set: 115.86ms
[2944.368s][info][gc,phases      ] GC(582)   Post Evacuate Collection Set: 0.87ms
[2944.368s][info][gc,phases      ] GC(582)   Other: 0.10ms
[2944.368s][info][gc,heap        ] GC(582) Eden regions: 1120->0(1118)
[2944.368s][info][gc,heap        ] GC(582) Survivor regions: 108->110(154)
[2944.368s][info][gc,heap        ] GC(582) Old regions: 474->505
[2944.368s][info][gc,heap        ] GC(582) Humongous regions: 80->80
[2944.368s][info][gc,metaspace   ] GC(582) Metaspace: 28960K(29248K)->28960K(29248K) NonClass: 24082K(24192K)->24082K(24192K) Class: 4877K(5056K)->4877K(5056K)
[2944.368s][info][gc             ] GC(582) Pause Young (Concurrent Start) (G1 Evacuation Pause) 3562M->1387M(4096M) 117.880ms
[2944.368s][info][gc             ] GC(583) Concurrent Mark Cycle
[2944.368s][info][gc,marking     ] GC(583) Concurrent Scan Root Regions
[2944.368s][info][gc,cpu         ] GC(582) User=0.70s Sys=0.00s Real=0.12s
[2944.513s][info][gc,marking     ] GC(583) Concurrent Scan Root Regions 145.606ms
[2944.513s][info][gc,marking     ] GC(583) Concurrent Mark
[2944.513s][info][gc,marking     ] GC(583) Concurrent Mark From Roots
[2944.513s][info][gc,task        ] GC(583) Using 2 workers of 2 for marking
.[2945.103s][info][gc,marking     ] GC(583) Concurrent Mark From Roots 589.439ms
[2945.103s][info][gc,marking     ] GC(583) Concurrent Preclean
[2945.103s][info][gc,marking     ] GC(583) Concurrent Preclean 0.110ms
[2945.103s][info][gc,start       ] GC(583) Pause Remark
[2945.106s][info][gc             ] GC(583) Pause Remark 1885M->1885M(4096M) 2.433ms
[2945.106s][info][gc,cpu         ] GC(583) User=0.01s Sys=0.00s Real=0.00s
[2945.106s][info][gc,marking     ] GC(583) Concurrent Mark 592.456ms
[2945.106s][info][gc,marking     ] GC(583) Concurrent Rebuild Remembered Sets and Scrub Regions
[2945.317s][info][gc,marking     ] GC(583) Concurrent Rebuild Remembered Sets and Scrub Regions 211.544ms
[2945.318s][info][gc,start       ] GC(583) Pause Cleanup
[2945.318s][info][gc             ] GC(583) Pause Cleanup 1993M->1993M(4096M) 0.106ms
[2945.318s][info][gc,cpu         ] GC(583) User=0.00s Sys=0.00s Real=0.00s
[2945.318s][info][gc,marking     ] GC(583) Concurrent Clear Claimed Marks
[2945.318s][info][gc,marking     ] GC(583) Concurrent Clear Claimed Marks 0.022ms
[2945.318s][info][gc,marking     ] GC(583) Concurrent Cleanup for Next Mark
[2945.323s][info][gc,marking     ] GC(583) Concurrent Cleanup for Next Mark 4.894ms
[2945.323s][info][gc             ] GC(583) Concurrent Mark Cycle 954.962ms
...[2947.995s][info][gc,start       ] GC(584) Pause Young (Prepare Mixed) (G1 Evacuation Pause)
[2947.995s][info][gc,task        ] GC(584) Using 6 workers of 6 for evacuation
[2948.115s][info][gc,phases      ] GC(584)   Pre Evacuate Collection Set: 0.32ms
[2948.115s][info][gc,phases      ] GC(584)   Merge Heap Roots: 0.61ms
[2948.115s][info][gc,phases      ] GC(584)   Evacuate Collection Set: 117.78ms
[2948.115s][info][gc,phases      ] GC(584)   Post Evacuate Collection Set: 0.91ms
[2948.115s][info][gc,phases      ] GC(584)   Other: 0.08ms
[2948.115s][info][gc,heap        ] GC(584) Eden regions: 1118->0(1105)
[2948.115s][info][gc,heap        ] GC(584) Survivor regions: 110->112(154)
[2948.115s][info][gc,heap        ] GC(584) Old regions: 505->536
[2948.115s][info][gc,heap        ] GC(584) Humongous regions: 80->80
[2948.115s][info][gc,metaspace   ] GC(584) Metaspace: 28960K(29248K)->28960K(29248K) NonClass: 24082K(24192K)->24082K(24192K) Class: 4877K(5056K)->4877K(5056K)
[2948.115s][info][gc             ] GC(584) Pause Young (Prepare Mixed) (G1 Evacuation Pause) 3623M->1453M(4096M) 119.840ms
[2948.115s][info][gc,cpu         ] GC(584) User=0.72s Sys=0.00s Real=0.12s
....[2951.774s][info][gc,start       ] GC(585) Pause Young (Mixed) (G1 Evacuation Pause)
[2951.774s][info][gc,task        ] GC(585) Using 6 workers of 6 for evacuation
[2951.906s][info][gc,phases      ] GC(585)   Pre Evacuate Collection Set: 0.36ms
[2951.906s][info][gc,phases      ] GC(585)   Merge Heap Roots: 0.67ms
[2951.906s][info][gc,phases      ] GC(585)   Evacuate Collection Set: 129.32ms
[2951.906s][info][gc,phases      ] GC(585)   Post Evacuate Collection Set: 0.92ms
[2951.906s][info][gc,phases      ] GC(585)   Other: 0.09ms
[2951.906s][info][gc,heap        ] GC(585) Eden regions: 1105->0(1120)
[2951.906s][info][gc,heap        ] GC(585) Survivor regions: 112->108(153)
[2951.906s][info][gc,heap        ] GC(585) Old regions: 536->473
[2951.906s][info][gc,heap        ] GC(585) Humongous regions: 80->80
[2951.906s][info][gc,metaspace   ] GC(585) Metaspace: 28960K(29248K)->28960K(29248K) NonClass: 24082K(24192K)->24082K(24192K) Class: 4877K(5056K)->4877K(5056K)
[2951.906s][info][gc             ] GC(585) Pause Young (Mixed) (G1 Evacuation Pause) 3663M->1319M(4096M) 131.491ms
[2951.906s][info][gc,cpu         ] GC(585) User=0.78s Sys=0.00s Real=0.13s
...[2955.583s][info][gc,start       ] GC(586) Pause Young (Concurrent Start) (G1 Evacuation Pause)
[2955.583s][info][gc,task        ] GC(586) Using 6 workers of 6 for evacuation
[2955.698s][info][gc,phases      ] GC(586)   Pre Evacuate Collection Set: 0.35ms
[2955.698s][info][gc,phases      ] GC(586)   Merge Heap Roots: 0.49ms
[2955.698s][info][gc,phases      ] GC(586)   Evacuate Collection Set: 113.10ms
[2955.698s][info][gc,phases      ] GC(586)   Post Evacuate Collection Set: 0.87ms
[2955.698s][info][gc,phases      ] GC(586)   Other: 0.10ms
[2955.698s][info][gc,heap        ] GC(586) Eden regions: 1120->0(1119)
[2955.698s][info][gc,heap        ] GC(586) Survivor regions: 108->109(154)
[2955.698s][info][gc,heap        ] GC(586) Old regions: 473->504
[2955.698s][info][gc,heap        ] GC(586) Humongous regions: 80->80
[2955.698s][info][gc,metaspace   ] GC(586) Metaspace: 28960K(29248K)->28960K(29248K) NonClass: 24082K(24192K)->24082K(24192K) Class: 4877K(5056K)->4877K(5056K)
[2955.698s][info][gc             ] GC(586) Pause Young (Concurrent Start) (G1 Evacuation Pause) 3559M->1384M(4096M) 115.045ms
[2955.698s][info][gc             ] GC(587) Concurrent Mark Cycle
[2955.698s][info][gc,marking     ] GC(587) Concurrent Scan Root Regions
[2955.698s][info][gc,cpu         ] GC(586) User=0.68s Sys=0.00s Real=0.11s
[2955.839s][info][gc,marking     ] GC(587) Concurrent Scan Root Regions 140.797ms
[2955.839s][info][gc,marking     ] GC(587) Concurrent Mark
[2955.839s][info][gc,marking     ] GC(587) Concurrent Mark From Roots
[2955.839s][info][gc,task        ] GC(587) Using 2 workers of 2 for marking
.[2956.516s][info][gc,marking     ] GC(587) Concurrent Mark From Roots 677.037ms
[2956.516s][info][gc,marking     ] GC(587) Concurrent Preclean
[2956.516s][info][gc,marking     ] GC(587) Concurrent Preclean 0.117ms
[2956.516s][info][gc,start       ] GC(587) Pause Remark
[2956.519s][info][gc             ] GC(587) Pause Remark 2007M->2007M(4096M) 2.861ms
[2956.519s][info][gc,cpu         ] GC(587) User=0.02s Sys=0.00s Real=0.00s
[2956.520s][info][gc,marking     ] GC(587) Concurrent Mark 681.892ms
[2956.520s][info][gc,marking     ] GC(587) Concurrent Rebuild Remembered Sets and Scrub Regions
[2956.791s][info][gc,marking     ] GC(587) Concurrent Rebuild Remembered Sets and Scrub Regions 270.723ms
[2956.791s][info][gc,start       ] GC(587) Pause Cleanup
[2956.791s][info][gc             ] GC(587) Pause Cleanup 2111M->2111M(4096M) 0.106ms
[2956.791s][info][gc,cpu         ] GC(587) User=0.00s Sys=0.00s Real=0.00s
[2956.791s][info][gc,marking     ] GC(587) Concurrent Clear Claimed Marks
[2956.792s][info][gc,marking     ] GC(587) Concurrent Clear Claimed Marks 0.025ms
[2956.792s][info][gc,marking     ] GC(587) Concurrent Cleanup for Next Mark
[2956.796s][info][gc,marking     ] GC(587) Concurrent Cleanup for Next Mark 4.138ms
[2956.796s][info][gc             ] GC(587) Concurrent Mark Cycle 1098.005ms
...[2959.348s][info][gc,start       ] GC(588) Pause Young (Prepare Mixed) (G1 Evacuation Pause)
[2959.348s][info][gc,task        ] GC(588) Using 6 workers of 6 for evacuation
[2959.474s][info][gc,phases      ] GC(588)   Pre Evacuate Collection Set: 0.34ms
[2959.474s][info][gc,phases      ] GC(588)   Merge Heap Roots: 0.59ms
[2959.474s][info][gc,phases      ] GC(588)   Evacuate Collection Set: 123.72ms
[2959.474s][info][gc,phases      ] GC(588)   Post Evacuate Collection Set: 0.90ms
[2959.474s][info][gc,phases      ] GC(588)   Other: 0.10ms
[2959.474s][info][gc,heap        ] GC(588) Eden regions: 1119->0(1101)
[2959.474s][info][gc,heap        ] GC(588) Survivor regions: 109->114(154)
[2959.474s][info][gc,heap        ] GC(588) Old regions: 504->536
[2959.474s][info][gc,heap        ] GC(588) Humongous regions: 80->80
[2959.474s][info][gc,metaspace   ] GC(588) Metaspace: 28960K(29248K)->28960K(29248K) NonClass: 24082K(24192K)->24082K(24192K) Class: 4877K(5056K)->4877K(5056K)
[2959.474s][info][gc             ] GC(588) Pause Young (Prepare Mixed) (G1 Evacuation Pause) 3622M->1458M(4096M) 125.781ms
[2959.474s][info][gc,cpu         ] GC(588) User=0.74s Sys=0.00s Real=0.13s
....[2963.058s][info][gc,start       ] GC(589) Pause Young (Mixed) (G1 Evacuation Pause)
[2963.058s][info][gc,task        ] GC(589) Using 6 workers of 6 for evacuation
[2963.191s][info][gc,phases      ] GC(589)   Pre Evacuate Collection Set: 0.33ms
[2963.191s][info][gc,phases      ] GC(589)   Merge Heap Roots: 0.65ms
[2963.191s][info][gc,phases      ] GC(589)   Evacuate Collection Set: 130.94ms
[2963.191s][info][gc,phases      ] GC(589)   Post Evacuate Collection Set: 0.93ms
[2963.191s][info][gc,phases      ] GC(589)   Other: 0.09ms
[2963.191s][info][gc,heap        ] GC(589) Eden regions: 1101->0(1120)
[2963.191s][info][gc,heap        ] GC(589) Survivor regions: 114->108(152)
[2963.191s][info][gc,heap        ] GC(589) Old regions: 536->473
[2963.191s][info][gc,heap        ] GC(589) Humongous regions: 80->80
[2963.191s][info][gc,metaspace   ] GC(589) Metaspace: 28960K(29248K)->28960K(29248K) NonClass: 24082K(24192K)->24082K(24192K) Class: 4877K(5056K)->4877K(5056K)
[2963.191s][info][gc             ] GC(589) Pause Young (Mixed) (G1 Evacuation Pause) 3660M->1321M(4096M) 133.097ms
[2963.191s][info][gc,cpu         ] GC(589) User=0.79s Sys=0.00s Real=0.14s
....[2966.900s][info][gc,start       ] GC(590) Pause Young (Concurrent Start) (G1 Evacuation Pause)
[2966.900s][info][gc,task        ] GC(590) Using 6 workers of 6 for evacuation
[2967.017s][info][gc,phases      ] GC(590)   Pre Evacuate Collection Set: 0.35ms
[2967.017s][info][gc,phases      ] GC(590)   Merge Heap Roots: 0.56ms
[2967.017s][info][gc,phases      ] GC(590)   Evacuate Collection Set: 114.91ms
[2967.017s][info][gc,phases      ] GC(590)   Post Evacuate Collection Set: 0.87ms
[2967.017s][info][gc,phases      ] GC(590)   Other: 0.10ms
[2967.017s][info][gc,heap        ] GC(590) Eden regions: 1120->0(1120)
[2967.017s][info][gc,heap        ] GC(590) Survivor regions: 108->108(154)
[2967.017s][info][gc,heap        ] GC(590) Old regions: 473->505
[2967.017s][info][gc,heap        ] GC(590) Humongous regions: 80->80
[2967.017s][info][gc,metaspace   ] GC(590) Metaspace: 28960K(29248K)->28960K(29248K) NonClass: 24082K(24192K)->24082K(24192K) Class: 4877K(5056K)->4877K(5056K)
[2967.017s][info][gc             ] GC(590) Pause Young (Concurrent Start) (G1 Evacuation Pause) 3561M->1384M(4096M) 116.924ms
[2967.017s][info][gc             ] GC(591) Concurrent Mark Cycle
[2967.017s][info][gc,marking     ] GC(591) Concurrent Scan Root Regions
[2967.017s][info][gc,cpu         ] GC(590) User=0.70s Sys=0.00s Real=0.12s
[2967.191s][info][gc,marking     ] GC(591) Concurrent Scan Root Regions 174.250ms
[2967.191s][info][gc,marking     ] GC(591) Concurrent Mark
[2967.191s][info][gc,marking     ] GC(591) Concurrent Mark From Roots
[2967.191s][info][gc,task        ] GC(591) Using 2 workers of 2 for marking
.[2967.974s][info][gc,marking     ] GC(591) Concurrent Mark From Roots 783.222ms
[2967.974s][info][gc,marking     ] GC(591) Concurrent Preclean
[2967.975s][info][gc,marking     ] GC(591) Concurrent Preclean 0.121ms
[2967.975s][info][gc,start       ] GC(591) Pause Remark
[2967.979s][info][gc             ] GC(591) Pause Remark 2019M->2019M(4096M) 3.995ms
[2967.979s][info][gc,cpu         ] GC(591) User=0.02s Sys=0.00s Real=0.00s
[2967.979s][info][gc,marking     ] GC(591) Concurrent Mark 787.585ms
[2967.979s][info][gc,marking     ] GC(591) Concurrent Rebuild Remembered Sets and Scrub Regions
[2968.335s][info][gc,marking     ] GC(591) Concurrent Rebuild Remembered Sets and Scrub Regions 356.213ms
[2968.335s][info][gc,start       ] GC(591) Pause Cleanup
[2968.335s][info][gc             ] GC(591) Pause Cleanup 2218M->2218M(4096M) 0.105ms
[2968.335s][info][gc,cpu         ] GC(591) User=0.00s Sys=0.00s Real=0.00s
[2968.335s][info][gc,marking     ] GC(591) Concurrent Clear Claimed Marks
[2968.335s][info][gc,marking     ] GC(591) Concurrent Clear Claimed Marks 0.031ms
[2968.335s][info][gc,marking     ] GC(591) Concurrent Cleanup for Next Mark
[2968.340s][info][gc,marking     ] GC(591) Concurrent Cleanup for Next Mark 5.029ms
[2968.340s][info][gc             ] GC(591) Concurrent Mark Cycle 1323.597ms
..[2970.681s][info][gc,start       ] GC(592) Pause Young (Prepare Mixed) (G1 Evacuation Pause)
[2970.681s][info][gc,task        ] GC(592) Using 6 workers of 6 for evacuation
[2970.801s][info][gc,phases      ] GC(592)   Pre Evacuate Collection Set: 0.35ms
[2970.801s][info][gc,phases      ] GC(592)   Merge Heap Roots: 0.50ms
[2970.801s][info][gc,phases      ] GC(592)   Evacuate Collection Set: 118.05ms
[2970.801s][info][gc,phases      ] GC(592)   Post Evacuate Collection Set: 0.89ms
[2970.801s][info][gc,phases      ] GC(592)   Other: 0.09ms
[2970.801s][info][gc,heap        ] GC(592) Eden regions: 1120->0(1105)
[2970.801s][info][gc,heap        ] GC(592) Survivor regions: 108->112(154)
[2970.801s][info][gc,heap        ] GC(592) Old regions: 505->536
[2970.801s][info][gc,heap        ] GC(592) Humongous regions: 80->80
[2970.801s][info][gc,metaspace   ] GC(592) Metaspace: 28960K(29248K)->28960K(29248K) NonClass: 24082K(24192K)->24082K(24192K) Class: 4877K(5056K)->4877K(5056K)
[2970.801s][info][gc             ] GC(592) Pause Young (Prepare Mixed) (G1 Evacuation Pause) 3624M->1454M(4096M) 120.004ms
[2970.801s][info][gc,cpu         ] GC(592) User=0.72s Sys=0.00s Real=0.12s
....[2974.418s][info][gc,start       ] GC(593) Pause Young (Mixed) (G1 Evacuation Pause)
[2974.418s][info][gc,task        ] GC(593) Using 6 workers of 6 for evacuation
[2974.548s][info][gc,phases      ] GC(593)   Pre Evacuate Collection Set: 0.40ms
[2974.548s][info][gc,phases      ] GC(593)   Merge Heap Roots: 0.68ms
[2974.548s][info][gc,phases      ] GC(593)   Evacuate Collection Set: 128.65ms
[2974.548s][info][gc,phases      ] GC(593)   Post Evacuate Collection Set: 0.90ms
[2974.548s][info][gc,phases      ] GC(593)   Other: 0.09ms
[2974.548s][info][gc,heap        ] GC(593) Eden regions: 1105->0(1121)
[2974.548s][info][gc,heap        ] GC(593) Survivor regions: 112->107(153)
[2974.548s][info][gc,heap        ] GC(593) Old regions: 536->474
[2974.548s][info][gc,heap        ] GC(593) Humongous regions: 80->80
[2974.548s][info][gc,metaspace   ] GC(593) Metaspace: 28960K(29248K)->28960K(29248K) NonClass: 24082K(24192K)->24082K(24192K) Class: 4877K(5056K)->4877K(5056K)
[2974.548s][info][gc             ] GC(593) Pause Young (Mixed) (G1 Evacuation Pause) 3664M->1319M(4096M) 130.863ms
[2974.549s][info][gc,cpu         ] GC(593) User=0.78s Sys=0.00s Real=0.13s
....[2978.306s][info][gc,start       ] GC(594) Pause Young (Concurrent Start) (G1 Evacuation Pause)
[2978.306s][info][gc,task        ] GC(594) Using 6 workers of 6 for evacuation
[2978.430s][info][gc,phases      ] GC(594)   Pre Evacuate Collection Set: 0.36ms
[2978.430s][info][gc,phases      ] GC(594)   Merge Heap Roots: 0.51ms
[2978.430s][info][gc,phases      ] GC(594)   Evacuate Collection Set: 121.32ms
[2978.430s][info][gc,phases      ] GC(594)   Post Evacuate Collection Set: 0.86ms
[2978.430s][info][gc,phases      ] GC(594)   Other: 0.11ms
[2978.430s][info][gc,heap        ] GC(594) Eden regions: 1121->0(1114)
[2978.430s][info][gc,heap        ] GC(594) Survivor regions: 107->114(154)
[2978.430s][info][gc,heap        ] GC(594) Old regions: 474->506
[2978.430s][info][gc,heap        ] GC(594) Humongous regions: 80->80
[2978.430s][info][gc,metaspace   ] GC(594) Metaspace: 28960K(29248K)->28960K(29248K) NonClass: 24082K(24192K)->24082K(24192K) Class: 4877K(5056K)->4877K(5056K)
[2978.430s][info][gc             ] GC(594) Pause Young (Concurrent Start) (G1 Evacuation Pause) 3561M->1398M(4096M) 123.293ms
[2978.430s][info][gc             ] GC(595) Concurrent Mark Cycle
[2978.430s][info][gc,marking     ] GC(595) Concurrent Scan Root Regions
[2978.430s][info][gc,cpu         ] GC(594) User=0.73s Sys=0.00s Real=0.12s
[2978.619s][info][gc,marking     ] GC(595) Concurrent Scan Root Regions 189.449ms
[2978.619s][info][gc,marking     ] GC(595) Concurrent Mark
[2978.619s][info][gc,marking     ] GC(595) Concurrent Mark From Roots
[2978.619s][info][gc,task        ] GC(595) Using 2 workers of 2 for marking
.[2979.587s][info][gc,marking     ] GC(595) Concurrent Mark From Roots 967.488ms
[2979.587s][info][gc,marking     ] GC(595) Concurrent Preclean
[2979.587s][info][gc,marking     ] GC(595) Concurrent Preclean 0.140ms
[2979.588s][info][gc,start       ] GC(595) Pause Remark
[2979.592s][info][gc             ] GC(595) Pause Remark 2192M->2192M(4096M) 4.137ms
[2979.592s][info][gc,cpu         ] GC(595) User=0.03s Sys=0.00s Real=0.01s
[2979.592s][info][gc,marking     ] GC(595) Concurrent Mark 972.818ms
[2979.592s][info][gc,marking     ] GC(595) Concurrent Rebuild Remembered Sets and Scrub Regions
.[2979.917s][info][gc,marking     ] GC(595) Concurrent Rebuild Remembered Sets and Scrub Regions 325.360ms
[2979.918s][info][gc,start       ] GC(595) Pause Cleanup
[2979.918s][info][gc             ] GC(595) Pause Cleanup 2417M->2417M(4096M) 0.096ms
[2979.918s][info][gc,cpu         ] GC(595) User=0.00s Sys=0.00s Real=0.00s
[2979.918s][info][gc,marking     ] GC(595) Concurrent Clear Claimed Marks
[2979.918s][info][gc,marking     ] GC(595) Concurrent Clear Claimed Marks 0.028ms
[2979.918s][info][gc,marking     ] GC(595) Concurrent Cleanup for Next Mark
[2979.921s][info][gc,marking     ] GC(595) Concurrent Cleanup for Next Mark 3.520ms
[2979.921s][info][gc             ] GC(595) Concurrent Mark Cycle 1491.619ms
..[2982.053s][info][gc,start       ] GC(596) Pause Young (Prepare Mixed) (G1 Evacuation Pause)
[2982.053s][info][gc,task        ] GC(596) Using 6 workers of 6 for evacuation
[2982.171s][info][gc,phases      ] GC(596)   Pre Evacuate Collection Set: 0.34ms
[2982.171s][info][gc,phases      ] GC(596)   Merge Heap Roots: 0.59ms
[2982.171s][info][gc,phases      ] GC(596)   Evacuate Collection Set: 115.75ms
[2982.171s][info][gc,phases      ] GC(596)   Post Evacuate Collection Set: 0.94ms
[2982.171s][info][gc,phases      ] GC(596)   Other: 0.09ms
[2982.171s][info][gc,heap        ] GC(596) Eden regions: 1114->0(1108)
[2982.171s][info][gc,heap        ] GC(596) Survivor regions: 114->110(154)
[2982.171s][info][gc,heap        ] GC(596) Old regions: 506->537
[2982.171s][info][gc,heap        ] GC(596) Humongous regions: 80->80
[2982.171s][info][gc,metaspace   ] GC(596) Metaspace: 28960K(29248K)->28960K(29248K) NonClass: 24082K(24192K)->24082K(24192K) Class: 4877K(5056K)->4877K(5056K)
[2982.171s][info][gc             ] GC(596) Pause Young (Prepare Mixed) (G1 Evacuation Pause) 3626M->1453M(4096M) 117.842ms
[2982.171s][info][gc,cpu         ] GC(596) User=0.70s Sys=0.00s Real=0.11s
...[2985.787s][info][gc,start       ] GC(597) Pause Young (Mixed) (G1 Evacuation Pause)
[2985.787s][info][gc,task        ] GC(597) Using 6 workers of 6 for evacuation
[2985.919s][info][gc,phases      ] GC(597)   Pre Evacuate Collection Set: 0.33ms
[2985.919s][info][gc,phases      ] GC(597)   Merge Heap Roots: 0.69ms
[2985.919s][info][gc,phases      ] GC(597)   Evacuate Collection Set: 129.77ms
[2985.919s][info][gc,phases      ] GC(597)   Post Evacuate Collection Set: 0.91ms
[2985.919s][info][gc,phases      ] GC(597)   Other: 0.09ms
[2985.919s][info][gc,heap        ] GC(597) Eden regions: 1108->0(1120)
[2985.919s][info][gc,heap        ] GC(597) Survivor regions: 110->108(153)
[2985.919s][info][gc,heap        ] GC(597) Old regions: 537->474
[2985.919s][info][gc,heap        ] GC(597) Humongous regions: 80->80
[2985.919s][info][gc,metaspace   ] GC(597) Metaspace: 28960K(29248K)->28960K(29248K) NonClass: 24082K(24192K)->24082K(24192K) Class: 4877K(5056K)->4877K(5056K)
[2985.919s][info][gc             ] GC(597) Pause Young (Mixed) (G1 Evacuation Pause) 3669M->1322M(4096M) 131.911ms
[2985.919s][info][gc,cpu         ] GC(597) User=0.78s Sys=0.00s Real=0.13s
....[2989.542s][info][gc,start       ] GC(598) Pause Young (Concurrent Start) (G1 Evacuation Pause)
[2989.542s][info][gc,task        ] GC(598) Using 6 workers of 6 for evacuation
[2989.656s][info][gc,phases      ] GC(598)   Pre Evacuate Collection Set: 0.36ms
[2989.656s][info][gc,phases      ] GC(598)   Merge Heap Roots: 0.46ms
[2989.656s][info][gc,phases      ] GC(598)   Evacuate Collection Set: 112.88ms
[2989.656s][info][gc,phases      ] GC(598)   Post Evacuate Collection Set: 0.87ms
[2989.656s][info][gc,phases      ] GC(598)   Other: 0.12ms
[2989.656s][info][gc,heap        ] GC(598) Eden regions: 1120->0(1121)
[2989.656s][info][gc,heap        ] GC(598) Survivor regions: 108->107(154)
[2989.656s][info][gc,heap        ] GC(598) Old regions: 474->506
[2989.656s][info][gc,heap        ] GC(598) Humongous regions: 80->80
[2989.656s][info][gc,metaspace   ] GC(598) Metaspace: 28960K(29248K)->28960K(29248K) NonClass: 24082K(24192K)->24082K(24192K) Class: 4877K(5056K)->4877K(5056K)
[2989.656s][info][gc             ] GC(598) Pause Young (Concurrent Start) (G1 Evacuation Pause) 3562M->1384M(4096M) 114.816ms
[2989.656s][info][gc             ] GC(599) Concurrent Mark Cycle
[2989.657s][info][gc,marking     ] GC(599) Concurrent Scan Root Regions
[2989.657s][info][gc,cpu         ] GC(598) User=0.69s Sys=0.00s Real=0.11s
[2989.824s][info][gc,marking     ] GC(599) Concurrent Scan Root Regions 167.065ms
[2989.824s][info][gc,marking     ] GC(599) Concurrent Mark
[2989.824s][info][gc,marking     ] GC(599) Concurrent Mark From Roots
[2989.824s][info][gc,task        ] GC(599) Using 2 workers of 2 for marking
.[2990.826s][info][gc,marking     ] GC(599) Concurrent Mark From Roots 1002.235ms
[2990.826s][info][gc,marking     ] GC(599) Concurrent Preclean
[2990.826s][info][gc,marking     ] GC(599) Concurrent Preclean 0.130ms
[2990.827s][info][gc,start       ] GC(599) Pause Remark
[2990.831s][info][gc             ] GC(599) Pause Remark 2124M->2124M(4096M) 3.437ms
[2990.831s][info][gc,cpu         ] GC(599) User=0.02s Sys=0.00s Real=0.01s
[2990.831s][info][gc,marking     ] GC(599) Concurrent Mark 1007.272ms
[2990.831s][info][gc,marking     ] GC(599) Concurrent Rebuild Remembered Sets and Scrub Regions
.[2991.183s][info][gc,marking     ] GC(599) Concurrent Rebuild Remembered Sets and Scrub Regions 351.772ms
[2991.183s][info][gc,start       ] GC(599) Pause Cleanup
[2991.183s][info][gc             ] GC(599) Pause Cleanup 2316M->2316M(4096M) 0.103ms
[2991.183s][info][gc,cpu         ] GC(599) User=0.00s Sys=0.00s Real=0.00s
[2991.183s][info][gc,marking     ] GC(599) Concurrent Clear Claimed Marks
[2991.183s][info][gc,marking     ] GC(599) Concurrent Clear Claimed Marks 0.024ms
[2991.183s][info][gc,marking     ] GC(599) Concurrent Cleanup for Next Mark
[2991.188s][info][gc,marking     ] GC(599) Concurrent Cleanup for Next Mark 5.026ms
[2991.188s][info][gc             ] GC(599) Concurrent Mark Cycle 1531.563ms
..[2993.373s][info][gc,start       ] GC(600) Pause Young (Prepare Mixed) (G1 Evacuation Pause)
[2993.374s][info][gc,task        ] GC(600) Using 6 workers of 6 for evacuation
[2993.488s][info][gc,phases      ] GC(600)   Pre Evacuate Collection Set: 0.34ms
[2993.488s][info][gc,phases      ] GC(600)   Merge Heap Roots: 0.53ms
[2993.488s][info][gc,phases      ] GC(600)   Evacuate Collection Set: 112.89ms
[2993.488s][info][gc,phases      ] GC(600)   Post Evacuate Collection Set: 0.90ms
[2993.488s][info][gc,phases      ] GC(600)   Other: 0.09ms
[2993.488s][info][gc,heap        ] GC(600) Eden regions: 1121->0(1112)
[2993.488s][info][gc,heap        ] GC(600) Survivor regions: 107->108(154)
[2993.488s][info][gc,heap        ] GC(600) Old regions: 506->537
[2993.488s][info][gc,heap        ] GC(600) Humongous regions: 80->80
[2993.488s][info][gc,metaspace   ] GC(600) Metaspace: 28960K(29248K)->28960K(29248K) NonClass: 24082K(24192K)->24082K(24192K) Class: 4877K(5056K)->4877K(5056K)
[2993.488s][info][gc             ] GC(600) Pause Young (Prepare Mixed) (G1 Evacuation Pause) 3626M->1448M(4096M) 114.886ms
[2993.488s][info][gc,cpu         ] GC(600) User=0.68s Sys=0.00s Real=0.11s
. (rIR:aIR:PR = 4981:4980:4980) (tPR = 73934) [OK] 
  2993s: Performance info:
         Transaction,    Success,    Partial,     Failed,   Receipts, AvgBarcode, 
             Overall,     300020,          0,          0,     285005,      59.48, 
         Response times:
             Request,    Success,    Partial,     Failed,   SkipFail,     Probes,    Samples,      min,      p50,      p90,      p95,      p99,      max, 
       TotalPurchase,     285017,          0,          0,          0,     279595,     304048,      300,     4100,     8800,    23000,    94000,   266000,
     InStorePurchase,     150055,          0,          0,          0,     147219,     159820,      300,     4200,     8900,    24000,    97000,   264000,
      OnlinePurchase,     104990,          0,          0,          0,     103293,     112196,      300,     3800,     8400,    22000,    92000,   266000,
        InstPurchase,      29972,          0,          0,          0,      29083,      32032,      400,     4400,     9400,    28000,    89000,   187000,
          AssocOfCat,        299,          0,          0,          0,        238,        304,    21000,    34000,    67000,    93750,   150950,   201000,
      AssocOfProduct,       2998,          0,          0,          0,       2752,       3193,      600,     3400,     7000,    18200,    89060,   190000,
      BusinessReport,        750,          0,          0,          0,        623,        749,    25000,    39000,    61000,    81500,   180000,   234000,
          CustBuyBeh,       2995,          0,          0,          0,       2751,       3194,      200,     3300,     7500,    22250,    94000,   139000,
       ProductReturn,       7959,          0,          0,          0,       7645,       8578,      200,     5000,    10100,    30000,   110420,   221000,

  2993s: (37%)   IR =   5120 ...[2997.087s][info][gc,start       ] GC(601) Pause Young (Mixed) (G1 Evacuation Pause)
[2997.087s][info][gc,task        ] GC(601) Using 6 workers of 6 for evacuation
[2997.220s][info][gc,phases      ] GC(601)   Pre Evacuate Collection Set: 0.35ms
[2997.220s][info][gc,phases      ] GC(601)   Merge Heap Roots: 0.69ms
[2997.220s][info][gc,phases      ] GC(601)   Evacuate Collection Set: 130.78ms
[2997.220s][info][gc,phases      ] GC(601)   Post Evacuate Collection Set: 0.94ms
[2997.220s][info][gc,phases      ] GC(601)   Other: 0.09ms
[2997.220s][info][gc,heap        ] GC(601) Eden regions: 1112->0(1118)
[2997.220s][info][gc,heap        ] GC(601) Survivor regions: 108->110(153)
[2997.220s][info][gc,heap        ] GC(601) Old regions: 537->474
[2997.220s][info][gc,heap        ] GC(601) Humongous regions: 80->80
[2997.220s][info][gc,metaspace   ] GC(601) Metaspace: 28960K(29248K)->28960K(29248K) NonClass: 24082K(24192K)->24082K(24192K) Class: 4877K(5056K)->4877K(5056K)
[2997.220s][info][gc             ] GC(601) Pause Young (Mixed) (G1 Evacuation Pause) 3672M->1326M(4096M) 132.962ms
[2997.220s][info][gc,cpu         ] GC(601) User=0.79s Sys=0.00s Real=0.13s
.|..[3000.782s][info][gc,start       ] GC(602) Pause Young (Concurrent Start) (G1 Evacuation Pause)
[3000.782s][info][gc,task        ] GC(602) Using 6 workers of 6 for evacuation
[3000.898s][info][gc,phases      ] GC(602)   Pre Evacuate Collection Set: 0.33ms
[3000.898s][info][gc,phases      ] GC(602)   Merge Heap Roots: 0.46ms
[3000.898s][info][gc,phases      ] GC(602)   Evacuate Collection Set: 113.35ms
[3000.898s][info][gc,phases      ] GC(602)   Post Evacuate Collection Set: 0.89ms
[3000.898s][info][gc,phases      ] GC(602)   Other: 0.11ms
[3000.898s][info][gc,heap        ] GC(602) Eden regions: 1118->0(1119)
[3000.898s][info][gc,heap        ] GC(602) Survivor regions: 110->109(154)
[3000.898s][info][gc,heap        ] GC(602) Old regions: 474->506
[3000.898s][info][gc,heap        ] GC(602) Humongous regions: 80->80
[3000.898s][info][gc,metaspace   ] GC(602) Metaspace: 28960K(29248K)->28960K(29248K) NonClass: 24082K(24192K)->24082K(24192K) Class: 4877K(5056K)->4877K(5056K)
[3000.898s][info][gc             ] GC(602) Pause Young (Concurrent Start) (G1 Evacuation Pause) 3562M->1388M(4096M) 115.273ms
[3000.898s][info][gc             ] GC(603) Concurrent Mark Cycle
[3000.898s][info][gc,marking     ] GC(603) Concurrent Scan Root Regions
[3000.898s][info][gc,cpu         ] GC(602) User=0.69s Sys=0.00s Real=0.11s
.[3001.082s][info][gc,marking     ] GC(603) Concurrent Scan Root Regions 184.297ms
[3001.082s][info][gc,marking     ] GC(603) Concurrent Mark
[3001.082s][info][gc,marking     ] GC(603) Concurrent Mark From Roots
[3001.082s][info][gc,task        ] GC(603) Using 2 workers of 2 for marking
.[3002.048s][info][gc,marking     ] GC(603) Concurrent Mark From Roots 966.119ms
[3002.048s][info][gc,marking     ] GC(603) Concurrent Preclean
[3002.048s][info][gc,marking     ] GC(603) Concurrent Preclean 0.129ms
[3002.049s][info][gc,start       ] GC(603) Pause Remark
[3002.052s][info][gc             ] GC(603) Pause Remark 2140M->2140M(4096M) 3.916ms
[3002.053s][info][gc,cpu         ] GC(603) User=0.02s Sys=0.00s Real=0.01s
[3002.053s][info][gc,marking     ] GC(603) Concurrent Mark 970.620ms
[3002.053s][info][gc,marking     ] GC(603) Concurrent Rebuild Remembered Sets and Scrub Regions
[3002.336s][info][gc,marking     ] GC(603) Concurrent Rebuild Remembered Sets and Scrub Regions 283.621ms
[3002.336s][info][gc,start       ] GC(603) Pause Cleanup
[3002.336s][info][gc             ] GC(603) Pause Cleanup 2336M->2336M(4096M) 0.113ms
[3002.337s][info][gc,cpu         ] GC(603) User=0.00s Sys=0.00s Real=0.00s
[3002.338s][info][gc,marking     ] GC(603) Concurrent Clear Claimed Marks
[3002.338s][info][gc,marking     ] GC(603) Concurrent Clear Claimed Marks 0.040ms
[3002.338s][info][gc,marking     ] GC(603) Concurrent Cleanup for Next Mark
[3002.344s][info][gc,marking     ] GC(603) Concurrent Cleanup for Next Mark 6.474ms
[3002.344s][info][gc             ] GC(603) Concurrent Mark Cycle 1446.783ms
..[3004.426s][info][gc,start       ] GC(604) Pause Young (Prepare Mixed) (G1 Evacuation Pause)
[3004.426s][info][gc,task        ] GC(604) Using 6 workers of 6 for evacuation
[3004.546s][info][gc,phases      ] GC(604)   Pre Evacuate Collection Set: 0.31ms
[3004.546s][info][gc,phases      ] GC(604)   Merge Heap Roots: 0.50ms
[3004.546s][info][gc,phases      ] GC(604)   Evacuate Collection Set: 118.48ms
[3004.546s][info][gc,phases      ] GC(604)   Post Evacuate Collection Set: 0.93ms
[3004.546s][info][gc,phases      ] GC(604)   Other: 0.09ms
[3004.546s][info][gc,heap        ] GC(604) Eden regions: 1119->0(1105)
[3004.546s][info][gc,heap        ] GC(604) Survivor regions: 109->111(154)
[3004.546s][info][gc,heap        ] GC(604) Old regions: 506->538
[3004.546s][info][gc,heap        ] GC(604) Humongous regions: 80->80
[3004.546s][info][gc,metaspace   ] GC(604) Metaspace: 28960K(29248K)->28960K(29248K) NonClass: 24082K(24192K)->24082K(24192K) Class: 4877K(5056K)->4877K(5056K)
[3004.546s][info][gc             ] GC(604) Pause Young (Prepare Mixed) (G1 Evacuation Pause) 3626M->1456M(4096M) 120.444ms
[3004.546s][info][gc,cpu         ] GC(604) User=0.72s Sys=0.00s Real=0.12s
....[3008.071s][info][gc,start       ] GC(605) Pause Young (Mixed) (G1 Evacuation Pause)
[3008.071s][info][gc,task        ] GC(605) Using 6 workers of 6 for evacuation
[3008.202s][info][gc,phases      ] GC(605)   Pre Evacuate Collection Set: 0.36ms
[3008.202s][info][gc,phases      ] GC(605)   Merge Heap Roots: 0.67ms
[3008.202s][info][gc,phases      ] GC(605)   Evacuate Collection Set: 128.60ms
[3008.202s][info][gc,phases      ] GC(605)   Post Evacuate Collection Set: 0.95ms
[3008.202s][info][gc,phases      ] GC(605)   Other: 0.10ms
[3008.202s][info][gc,heap        ] GC(605) Eden regions: 1105->0(1119)
[3008.202s][info][gc,heap        ] GC(605) Survivor regions: 111->109(152)
[3008.202s][info][gc,heap        ] GC(605) Old regions: 538->474
[3008.202s][info][gc,heap        ] GC(605) Humongous regions: 80->80
[3008.202s][info][gc,metaspace   ] GC(605) Metaspace: 28960K(29248K)->28960K(29248K) NonClass: 24082K(24192K)->24082K(24192K) Class: 4877K(5056K)->4877K(5056K)
[3008.202s][info][gc             ] GC(605) Pause Young (Mixed) (G1 Evacuation Pause) 3666M->1324M(4096M) 130.808ms
[3008.202s][info][gc,cpu         ] GC(605) User=0.78s Sys=0.00s Real=0.13s
...[3011.823s][info][gc,start       ] GC(606) Pause Young (Concurrent Start) (G1 Evacuation Pause)
[3011.823s][info][gc,task        ] GC(606) Using 6 workers of 6 for evacuation
[3011.943s][info][gc,phases      ] GC(606)   Pre Evacuate Collection Set: 0.40ms
[3011.943s][info][gc,phases      ] GC(606)   Merge Heap Roots: 0.50ms
[3011.943s][info][gc,phases      ] GC(606)   Evacuate Collection Set: 118.05ms
[3011.943s][info][gc,phases      ] GC(606)   Post Evacuate Collection Set: 0.86ms
[3011.943s][info][gc,phases      ] GC(606)   Other: 0.12ms
[3011.943s][info][gc,heap        ] GC(606) Eden regions: 1119->0(1115)
[3011.943s][info][gc,heap        ] GC(606) Survivor regions: 109->113(154)
[3011.943s][info][gc,heap        ] GC(606) Old regions: 474->506
[3011.943s][info][gc,heap        ] GC(606) Humongous regions: 80->80
[3011.943s][info][gc,metaspace   ] GC(606) Metaspace: 28960K(29248K)->28960K(29248K) NonClass: 24082K(24192K)->24082K(24192K) Class: 4877K(5056K)->4877K(5056K)
[3011.943s][info][gc             ] GC(606) Pause Young (Concurrent Start) (G1 Evacuation Pause) 3562M->1395M(4096M) 120.063ms
[3011.943s][info][gc             ] GC(607) Concurrent Mark Cycle
[3011.943s][info][gc,marking     ] GC(607) Concurrent Scan Root Regions
[3011.943s][info][gc,cpu         ] GC(606) User=0.71s Sys=0.00s Real=0.12s
.[3012.089s][info][gc,marking     ] GC(607) Concurrent Scan Root Regions 145.758ms
[3012.089s][info][gc,marking     ] GC(607) Concurrent Mark
[3012.089s][info][gc,marking     ] GC(607) Concurrent Mark From Roots
[3012.089s][info][gc,task        ] GC(607) Using 2 workers of 2 for marking
[3012.763s][info][gc,marking     ] GC(607) Concurrent Mark From Roots 674.309ms
[3012.763s][info][gc,marking     ] GC(607) Concurrent Preclean
[3012.764s][info][gc,marking     ] GC(607) Concurrent Preclean 0.109ms
[3012.764s][info][gc,start       ] GC(607) Pause Remark
[3012.768s][info][gc             ] GC(607) Pause Remark 1970M->1970M(4096M) 3.916ms
[3012.768s][info][gc,cpu         ] GC(607) User=0.02s Sys=0.00s Real=0.00s
[3012.768s][info][gc,marking     ] GC(607) Concurrent Mark 678.579ms
[3012.768s][info][gc,marking     ] GC(607) Concurrent Rebuild Remembered Sets and Scrub Regions
.[3013.126s][info][gc,marking     ] GC(607) Concurrent Rebuild Remembered Sets and Scrub Regions 357.903ms
[3013.127s][info][gc,start       ] GC(607) Pause Cleanup
[3013.127s][info][gc             ] GC(607) Pause Cleanup 2201M->2201M(4096M) 0.129ms
[3013.127s][info][gc,cpu         ] GC(607) User=0.00s Sys=0.00s Real=0.00s
[3013.128s][info][gc,marking     ] GC(607) Concurrent Clear Claimed Marks
[3013.128s][info][gc,marking     ] GC(607) Concurrent Clear Claimed Marks 0.033ms
[3013.128s][info][gc,marking     ] GC(607) Concurrent Cleanup for Next Mark
[3013.133s][info][gc,marking     ] GC(607) Concurrent Cleanup for Next Mark 5.186ms
[3013.133s][info][gc             ] GC(607) Concurrent Mark Cycle 1189.844ms
..[3015.430s][info][gc,start       ] GC(608) Pause Young (Prepare Mixed) (G1 Evacuation Pause)
[3015.430s][info][gc,task        ] GC(608) Using 6 workers of 6 for evacuation
[3015.547s][info][gc,phases      ] GC(608)   Pre Evacuate Collection Set: 0.31ms
[3015.547s][info][gc,phases      ] GC(608)   Merge Heap Roots: 0.54ms
[3015.547s][info][gc,phases      ] GC(608)   Evacuate Collection Set: 114.78ms
[3015.547s][info][gc,phases      ] GC(608)   Post Evacuate Collection Set: 0.91ms
[3015.547s][info][gc,phases      ] GC(608)   Other: 0.08ms
[3015.547s][info][gc,heap        ] GC(608) Eden regions: 1115->0(1112)
[3015.547s][info][gc,heap        ] GC(608) Survivor regions: 113->108(154)
[3015.547s][info][gc,heap        ] GC(608) Old regions: 506->537
[3015.547s][info][gc,heap        ] GC(608) Humongous regions: 80->80
[3015.547s][info][gc,metaspace   ] GC(608) Metaspace: 28960K(29248K)->28960K(29248K) NonClass: 24082K(24192K)->24082K(24192K) Class: 4877K(5056K)->4877K(5056K)
[3015.547s][info][gc             ] GC(608) Pause Young (Prepare Mixed) (G1 Evacuation Pause) 3625M->1448M(4096M) 116.754ms
[3015.547s][info][gc,cpu         ] GC(608) User=0.69s Sys=0.00s Real=0.12s
....[3019.165s][info][gc,start       ] GC(609) Pause Young (Mixed) (G1 Evacuation Pause)
[3019.165s][info][gc,task        ] GC(609) Using 6 workers of 6 for evacuation
[3019.305s][info][gc,phases      ] GC(609)   Pre Evacuate Collection Set: 0.34ms
[3019.305s][info][gc,phases      ] GC(609)   Merge Heap Roots: 0.81ms
[3019.305s][info][gc,phases      ] GC(609)   Evacuate Collection Set: 137.52ms
[3019.305s][info][gc,phases      ] GC(609)   Post Evacuate Collection Set: 0.94ms
[3019.305s][info][gc,phases      ] GC(609)   Other: 0.09ms
[3019.305s][info][gc,heap        ] GC(609) Eden regions: 1112->0(1119)
[3019.305s][info][gc,heap        ] GC(609) Survivor regions: 108->109(153)
[3019.305s][info][gc,heap        ] GC(609) Old regions: 537->473
[3019.305s][info][gc,heap        ] GC(609) Humongous regions: 80->80
[3019.305s][info][gc,metaspace   ] GC(609) Metaspace: 28960K(29248K)->28960K(29248K) NonClass: 24082K(24192K)->24082K(24192K) Class: 4877K(5056K)->4877K(5056K)
[3019.305s][info][gc             ] GC(609) Pause Young (Mixed) (G1 Evacuation Pause) 3672M->1323M(4096M) 139.852ms
[3019.305s][info][gc,cpu         ] GC(609) User=0.83s Sys=0.00s Real=0.14s
...[3022.821s][info][gc,start       ] GC(610) Pause Young (Concurrent Start) (G1 Evacuation Pause)
[3022.821s][info][gc,task        ] GC(610) Using 6 workers of 6 for evacuation
[3022.940s][info][gc,phases      ] GC(610)   Pre Evacuate Collection Set: 0.37ms
[3022.940s][info][gc,phases      ] GC(610)   Merge Heap Roots: 0.45ms
[3022.940s][info][gc,phases      ] GC(610)   Evacuate Collection Set: 116.79ms
[3022.940s][info][gc,phases      ] GC(610)   Post Evacuate Collection Set: 0.92ms
[3022.940s][info][gc,phases      ] GC(610)   Other: 0.12ms
[3022.940s][info][gc,heap        ] GC(610) Eden regions: 1119->0(1118)
[3022.940s][info][gc,heap        ] GC(610) Survivor regions: 109->110(154)
[3022.940s][info][gc,heap        ] GC(610) Old regions: 473->504
[3022.940s][info][gc,heap        ] GC(610) Humongous regions: 80->80
[3022.940s][info][gc,metaspace   ] GC(610) Metaspace: 28960K(29248K)->28960K(29248K) NonClass: 24082K(24192K)->24082K(24192K) Class: 4877K(5056K)->4877K(5056K)
[3022.940s][info][gc             ] GC(610) Pause Young (Concurrent Start) (G1 Evacuation Pause) 3561M->1386M(4096M) 118.789ms
[3022.940s][info][gc             ] GC(611) Concurrent Mark Cycle
[3022.940s][info][gc,marking     ] GC(611) Concurrent Scan Root Regions
[3022.940s][info][gc,cpu         ] GC(610) User=0.70s Sys=0.00s Real=0.11s
.[3023.113s][info][gc,marking     ] GC(611) Concurrent Scan Root Regions 173.326ms
[3023.113s][info][gc,marking     ] GC(611) Concurrent Mark
[3023.113s][info][gc,marking     ] GC(611) Concurrent Mark From Roots
[3023.113s][info][gc,task        ] GC(611) Using 2 workers of 2 for marking
[3023.860s][info][gc,marking     ] GC(611) Concurrent Mark From Roots 746.976ms
[3023.860s][info][gc,marking     ] GC(611) Concurrent Preclean
[3023.860s][info][gc,marking     ] GC(611) Concurrent Preclean 0.131ms
[3023.861s][info][gc,start       ] GC(611) Pause Remark
[3023.864s][info][gc             ] GC(611) Pause Remark 1964M->1964M(4096M) 3.301ms
[3023.864s][info][gc,cpu         ] GC(611) User=0.02s Sys=0.00s Real=0.00s
[3023.865s][info][gc,marking     ] GC(611) Concurrent Mark 751.525ms
[3023.865s][info][gc,marking     ] GC(611) Concurrent Rebuild Remembered Sets and Scrub Regions
.[3024.134s][info][gc,marking     ] GC(611) Concurrent Rebuild Remembered Sets and Scrub Regions 269.804ms
[3024.135s][info][gc,start       ] GC(611) Pause Cleanup
[3024.135s][info][gc             ] GC(611) Pause Cleanup 2150M->2150M(4096M) 0.115ms
[3024.135s][info][gc,cpu         ] GC(611) User=0.00s Sys=0.00s Real=0.00s
[3024.135s][info][gc,marking     ] GC(611) Concurrent Clear Claimed Marks
[3024.135s][info][gc,marking     ] GC(611) Concurrent Clear Claimed Marks 0.023ms
[3024.135s][info][gc,marking     ] GC(611) Concurrent Cleanup for Next Mark
[3024.138s][info][gc,marking     ] GC(611) Concurrent Cleanup for Next Mark 3.626ms
[3024.138s][info][gc             ] GC(611) Concurrent Mark Cycle 1198.746ms
..[3026.496s][info][gc,start       ] GC(612) Pause Young (Prepare Mixed) (G1 Evacuation Pause)
[3026.496s][info][gc,task        ] GC(612) Using 6 workers of 6 for evacuation
[3026.612s][info][gc,phases      ] GC(612)   Pre Evacuate Collection Set: 0.32ms
[3026.612s][info][gc,phases      ] GC(612)   Merge Heap Roots: 0.50ms
[3026.612s][info][gc,phases      ] GC(612)   Evacuate Collection Set: 113.72ms
[3026.612s][info][gc,phases      ] GC(612)   Post Evacuate Collection Set: 0.91ms
[3026.612s][info][gc,phases      ] GC(612)   Other: 0.09ms
[3026.612s][info][gc,heap        ] GC(612) Eden regions: 1118->0(1113)
[3026.612s][info][gc,heap        ] GC(612) Survivor regions: 110->108(154)
[3026.612s][info][gc,heap        ] GC(612) Old regions: 504->536
[3026.612s][info][gc,heap        ] GC(612) Humongous regions: 80->80
[3026.612s][info][gc,metaspace   ] GC(612) Metaspace: 28960K(29248K)->28960K(29248K) NonClass: 24082K(24192K)->24082K(24192K) Class: 4877K(5056K)->4877K(5056K)
[3026.612s][info][gc             ] GC(612) Pause Young (Prepare Mixed) (G1 Evacuation Pause) 3622M->1445M(4096M) 115.678ms
[3026.612s][info][gc,cpu         ] GC(612) User=0.69s Sys=0.00s Real=0.12s
....[3030.197s][info][gc,start       ] GC(613) Pause Young (Mixed) (G1 Evacuation Pause)
[3030.197s][info][gc,task        ] GC(613) Using 6 workers of 6 for evacuation
[3030.330s][info][gc,phases      ] GC(613)   Pre Evacuate Collection Set: 0.38ms
[3030.330s][info][gc,phases      ] GC(613)   Merge Heap Roots: 0.75ms
[3030.330s][info][gc,phases      ] GC(613)   Evacuate Collection Set: 131.18ms
[3030.330s][info][gc,phases      ] GC(613)   Post Evacuate Collection Set: 0.94ms
[3030.330s][info][gc,phases      ] GC(613)   Other: 0.09ms
[3030.330s][info][gc,heap        ] GC(613) Eden regions: 1113->0(1117)
[3030.330s][info][gc,heap        ] GC(613) Survivor regions: 108->111(153)
[3030.330s][info][gc,heap        ] GC(613) Old regions: 536->474
[3030.330s][info][gc,heap        ] GC(613) Humongous regions: 80->80
[3030.330s][info][gc,metaspace   ] GC(613) Metaspace: 28960K(29248K)->28960K(29248K) NonClass: 24082K(24192K)->24082K(24192K) Class: 4877K(5056K)->4877K(5056K)
[3030.330s][info][gc             ] GC(613) Pause Young (Mixed) (G1 Evacuation Pause) 3671M->1327M(4096M) 133.480ms
[3030.330s][info][gc,cpu         ] GC(613) User=0.80s Sys=0.00s Real=0.13s
...[3033.950s][info][gc,start       ] GC(614) Pause Young (Concurrent Start) (G1 Evacuation Pause)
[3033.950s][info][gc,task        ] GC(614) Using 6 workers of 6 for evacuation
[3034.070s][info][gc,phases      ] GC(614)   Pre Evacuate Collection Set: 0.36ms
[3034.070s][info][gc,phases      ] GC(614)   Merge Heap Roots: 0.48ms
[3034.070s][info][gc,phases      ] GC(614)   Evacuate Collection Set: 118.54ms
[3034.070s][info][gc,phases      ] GC(614)   Post Evacuate Collection Set: 0.85ms
[3034.070s][info][gc,phases      ] GC(614)   Other: 0.12ms
[3034.070s][info][gc,heap        ] GC(614) Eden regions: 1117->0(1116)
[3034.070s][info][gc,heap        ] GC(614) Survivor regions: 111->112(154)
[3034.070s][info][gc,heap        ] GC(614) Old regions: 474->505
[3034.070s][info][gc,heap        ] GC(614) Humongous regions: 80->80
[3034.070s][info][gc,metaspace   ] GC(614) Metaspace: 28960K(29248K)->28960K(29248K) NonClass: 24082K(24192K)->24082K(24192K) Class: 4877K(5056K)->4877K(5056K)
[3034.070s][info][gc             ] GC(614) Pause Young (Concurrent Start) (G1 Evacuation Pause) 3561M->1392M(4096M) 120.491ms
[3034.070s][info][gc             ] GC(615) Concurrent Mark Cycle
[3034.070s][info][gc,marking     ] GC(615) Concurrent Scan Root Regions
[3034.070s][info][gc,cpu         ] GC(614) User=0.72s Sys=0.00s Real=0.12s
.[3034.250s][info][gc,marking     ] GC(615) Concurrent Scan Root Regions 179.728ms
[3034.250s][info][gc,marking     ] GC(615) Concurrent Mark
[3034.250s][info][gc,marking     ] GC(615) Concurrent Mark From Roots
[3034.250s][info][gc,task        ] GC(615) Using 2 workers of 2 for marking
.[3035.081s][info][gc,marking     ] GC(615) Concurrent Mark From Roots 831.223ms
[3035.081s][info][gc,marking     ] GC(615) Concurrent Preclean
[3035.082s][info][gc,marking     ] GC(615) Concurrent Preclean 0.092ms
[3035.082s][info][gc,start       ] GC(615) Pause Remark
[3035.085s][info][gc             ] GC(615) Pause Remark 2094M->2094M(4096M) 3.511ms
[3035.085s][info][gc,cpu         ] GC(615) User=0.01s Sys=0.00s Real=0.00s
[3035.085s][info][gc,marking     ] GC(615) Concurrent Mark 835.050ms
[3035.085s][info][gc,marking     ] GC(615) Concurrent Rebuild Remembered Sets and Scrub Regions
[3035.327s][info][gc,marking     ] GC(615) Concurrent Rebuild Remembered Sets and Scrub Regions 241.620ms
[3035.327s][info][gc,start       ] GC(615) Pause Cleanup
[3035.327s][info][gc             ] GC(615) Pause Cleanup 2251M->2251M(4096M) 0.109ms
[3035.327s][info][gc,cpu         ] GC(615) User=0.00s Sys=0.00s Real=0.00s
[3035.328s][info][gc,marking     ] GC(615) Concurrent Clear Claimed Marks
[3035.328s][info][gc,marking     ] GC(615) Concurrent Clear Claimed Marks 0.031ms
[3035.328s][info][gc,marking     ] GC(615) Concurrent Cleanup for Next Mark
[3035.333s][info][gc,marking     ] GC(615) Concurrent Cleanup for Next Mark 5.108ms
[3035.333s][info][gc             ] GC(615) Concurrent Mark Cycle 1262.456ms
..[3037.559s][info][gc,start       ] GC(616) Pause Young (Prepare Mixed) (G1 Evacuation Pause)
[3037.559s][info][gc,task        ] GC(616) Using 6 workers of 6 for evacuation
[3037.678s][info][gc,phases      ] GC(616)   Pre Evacuate Collection Set: 0.33ms
[3037.678s][info][gc,phases      ] GC(616)   Merge Heap Roots: 0.55ms
[3037.678s][info][gc,phases      ] GC(616)   Evacuate Collection Set: 116.40ms
[3037.678s][info][gc,phases      ] GC(616)   Post Evacuate Collection Set: 0.93ms
[3037.678s][info][gc,phases      ] GC(616)   Other: 0.09ms
[3037.678s][info][gc,heap        ] GC(616) Eden regions: 1116->0(1110)
[3037.678s][info][gc,heap        ] GC(616) Survivor regions: 112->109(154)
[3037.678s][info][gc,heap        ] GC(616) Old regions: 505->537
[3037.678s][info][gc,heap        ] GC(616) Humongous regions: 80->80
[3037.678s][info][gc,metaspace   ] GC(616) Metaspace: 28960K(29248K)->28960K(29248K) NonClass: 24082K(24192K)->24082K(24192K) Class: 4877K(5056K)->4877K(5056K)
[3037.678s][info][gc             ] GC(616) Pause Young (Prepare Mixed) (G1 Evacuation Pause) 3624M->1451M(4096M) 118.433ms
[3037.678s][info][gc,cpu         ] GC(616) User=0.70s Sys=0.00s Real=0.12s
....[3041.282s][info][gc,start       ] GC(617) Pause Young (Mixed) (G1 Evacuation Pause)
[3041.282s][info][gc,task        ] GC(617) Using 6 workers of 6 for evacuation
[3041.421s][info][gc,phases      ] GC(617)   Pre Evacuate Collection Set: 0.38ms
[3041.421s][info][gc,phases      ] GC(617)   Merge Heap Roots: 0.80ms
[3041.421s][info][gc,phases      ] GC(617)   Evacuate Collection Set: 137.39ms
[3041.421s][info][gc,phases      ] GC(617)   Post Evacuate Collection Set: 1.03ms
[3041.421s][info][gc,phases      ] GC(617)   Other: 0.10ms
[3041.421s][info][gc,heap        ] GC(617) Eden regions: 1110->0(1115)
[3041.421s][info][gc,heap        ] GC(617) Survivor regions: 109->113(153)
[3041.421s][info][gc,heap        ] GC(617) Old regions: 537->473
[3041.421s][info][gc,heap        ] GC(617) Humongous regions: 80->80
[3041.421s][info][gc,metaspace   ] GC(617) Metaspace: 28960K(29248K)->28960K(29248K) NonClass: 24082K(24192K)->24082K(24192K) Class: 4877K(5056K)->4877K(5056K)
[3041.421s][info][gc             ] GC(617) Pause Young (Mixed) (G1 Evacuation Pause) 3671M->1331M(4096M) 139.855ms
[3041.421s][info][gc,cpu         ] GC(617) User=0.83s Sys=0.00s Real=0.14s
...[3044.853s][info][gc,start       ] GC(618) Pause Young (Concurrent Start) (G1 Evacuation Pause)
[3044.853s][info][gc,task        ] GC(618) Using 6 workers of 6 for evacuation
[3044.973s][info][gc,phases      ] GC(618)   Pre Evacuate Collection Set: 0.42ms
[3044.973s][info][gc,phases      ] GC(618)   Merge Heap Roots: 0.53ms
[3044.973s][info][gc,phases      ] GC(618)   Evacuate Collection Set: 117.73ms
[3044.973s][info][gc,phases      ] GC(618)   Post Evacuate Collection Set: 0.86ms
[3044.973s][info][gc,phases      ] GC(618)   Other: 0.12ms
[3044.973s][info][gc,heap        ] GC(618) Eden regions: 1115->0(1117)
[3044.973s][info][gc,heap        ] GC(618) Survivor regions: 113->111(154)
[3044.973s][info][gc,heap        ] GC(618) Old regions: 473->505
[3044.973s][info][gc,heap        ] GC(618) Humongous regions: 80->80
[3044.973s][info][gc,metaspace   ] GC(618) Metaspace: 28960K(29248K)->28960K(29248K) NonClass: 24082K(24192K)->24082K(24192K) Class: 4877K(5056K)->4877K(5056K)
[3044.973s][info][gc             ] GC(618) Pause Young (Concurrent Start) (G1 Evacuation Pause) 3561M->1390M(4096M) 119.792ms
[3044.973s][info][gc             ] GC(619) Concurrent Mark Cycle
[3044.973s][info][gc,marking     ] GC(619) Concurrent Scan Root Regions
[3044.973s][info][gc,cpu         ] GC(618) User=0.71s Sys=0.00s Real=0.12s
.[3045.155s][info][gc,marking     ] GC(619) Concurrent Scan Root Regions 182.189ms
[3045.156s][info][gc,marking     ] GC(619) Concurrent Mark
[3045.156s][info][gc,marking     ] GC(619) Concurrent Mark From Roots
[3045.156s][info][gc,task        ] GC(619) Using 2 workers of 2 for marking
[3045.928s][info][gc,marking     ] GC(619) Concurrent Mark From Roots 772.809ms
[3045.928s][info][gc,marking     ] GC(619) Concurrent Preclean
[3045.928s][info][gc,marking     ] GC(619) Concurrent Preclean 0.087ms
[3045.929s][info][gc,start       ] GC(619) Pause Remark
[3045.932s][info][gc             ] GC(619) Pause Remark 2020M->2020M(4096M) 3.505ms
[3045.932s][info][gc,cpu         ] GC(619) User=0.01s Sys=0.00s Real=0.01s
[3045.932s][info][gc,marking     ] GC(619) Concurrent Mark 776.652ms
[3045.932s][info][gc,marking     ] GC(619) Concurrent Rebuild Remembered Sets and Scrub Regions
.[3046.184s][info][gc,marking     ] GC(619) Concurrent Rebuild Remembered Sets and Scrub Regions 251.501ms
[3046.184s][info][gc,start       ] GC(619) Pause Cleanup
[3046.184s][info][gc             ] GC(619) Pause Cleanup 2156M->2156M(4096M) 0.115ms
[3046.184s][info][gc,cpu         ] GC(619) User=0.00s Sys=0.00s Real=0.00s
[3046.184s][info][gc,marking     ] GC(619) Concurrent Clear Claimed Marks
[3046.184s][info][gc,marking     ] GC(619) Concurrent Clear Claimed Marks 0.022ms
[3046.184s][info][gc,marking     ] GC(619) Concurrent Cleanup for Next Mark
[3046.188s][info][gc,marking     ] GC(619) Concurrent Cleanup for Next Mark 3.551ms
[3046.188s][info][gc             ] GC(619) Concurrent Mark Cycle 1214.345ms
..[3048.603s][info][gc,start       ] GC(620) Pause Young (Prepare Mixed) (G1 Evacuation Pause)
[3048.603s][info][gc,task        ] GC(620) Using 6 workers of 6 for evacuation
[3048.719s][info][gc,phases      ] GC(620)   Pre Evacuate Collection Set: 0.34ms
[3048.719s][info][gc,phases      ] GC(620)   Merge Heap Roots: 0.55ms
[3048.719s][info][gc,phases      ] GC(620)   Evacuate Collection Set: 114.20ms
[3048.719s][info][gc,phases      ] GC(620)   Post Evacuate Collection Set: 0.90ms
[3048.719s][info][gc,phases      ] GC(620)   Other: 0.09ms
[3048.719s][info][gc,heap        ] GC(620) Eden regions: 1117->0(1111)
[3048.719s][info][gc,heap        ] GC(620) Survivor regions: 111->108(154)
[3048.719s][info][gc,heap        ] GC(620) Old regions: 505->538
[3048.719s][info][gc,heap        ] GC(620) Humongous regions: 80->80
[3048.719s][info][gc,metaspace   ] GC(620) Metaspace: 28960K(29248K)->28960K(29248K) NonClass: 24082K(24192K)->24082K(24192K) Class: 4877K(5056K)->4877K(5056K)
[3048.719s][info][gc             ] GC(620) Pause Young (Prepare Mixed) (G1 Evacuation Pause) 3624M->1450M(4096M) 116.232ms
[3048.719s][info][gc,cpu         ] GC(620) User=0.69s Sys=0.00s Real=0.11s
....[3052.243s][info][gc,start       ] GC(621) Pause Young (Mixed) (G1 Evacuation Pause)
[3052.243s][info][gc,task        ] GC(621) Using 6 workers of 6 for evacuation
[3052.377s][info][gc,phases      ] GC(621)   Pre Evacuate Collection Set: 0.34ms
[3052.377s][info][gc,phases      ] GC(621)   Merge Heap Roots: 0.61ms
[3052.377s][info][gc,phases      ] GC(621)   Evacuate Collection Set: 131.48ms
[3052.377s][info][gc,phases      ] GC(621)   Post Evacuate Collection Set: 0.96ms
[3052.377s][info][gc,phases      ] GC(621)   Other: 0.09ms
[3052.377s][info][gc,heap        ] GC(621) Eden regions: 1111->0(1117)
[3052.377s][info][gc,heap        ] GC(621) Survivor regions: 108->111(153)
[3052.377s][info][gc,heap        ] GC(621) Old regions: 538->475
[3052.377s][info][gc,heap        ] GC(621) Humongous regions: 80->80
[3052.377s][info][gc,metaspace   ] GC(621) Metaspace: 28960K(29248K)->28960K(29248K) NonClass: 24082K(24192K)->24082K(24192K) Class: 4877K(5056K)->4877K(5056K)
[3052.377s][info][gc             ] GC(621) Pause Young (Mixed) (G1 Evacuation Pause) 3672M->1330M(4096M) 133.614ms
[3052.377s][info][gc,cpu         ] GC(621) User=0.80s Sys=0.00s Real=0.13s
...[3055.959s][info][gc,start       ] GC(622) Pause Young (Concurrent Start) (G1 Evacuation Pause)
[3055.959s][info][gc,task        ] GC(622) Using 6 workers of 6 for evacuation
[3056.080s][info][gc,phases      ] GC(622)   Pre Evacuate Collection Set: 0.37ms
[3056.080s][info][gc,phases      ] GC(622)   Merge Heap Roots: 0.50ms
[3056.080s][info][gc,phases      ] GC(622)   Evacuate Collection Set: 118.90ms
[3056.080s][info][gc,phases      ] GC(622)   Post Evacuate Collection Set: 0.87ms
[3056.080s][info][gc,phases      ] GC(622)   Other: 0.11ms
[3056.080s][info][gc,heap        ] GC(622) Eden regions: 1117->0(1116)
[3056.080s][info][gc,heap        ] GC(622) Survivor regions: 111->112(154)
[3056.080s][info][gc,heap        ] GC(622) Old regions: 475->508
[3056.080s][info][gc,heap        ] GC(622) Humongous regions: 80->80
[3056.080s][info][gc,metaspace   ] GC(622) Metaspace: 28960K(29248K)->28960K(29248K) NonClass: 24082K(24192K)->24082K(24192K) Class: 4877K(5056K)->4877K(5056K)
[3056.080s][info][gc             ] GC(622) Pause Young (Concurrent Start) (G1 Evacuation Pause) 3564M->1398M(4096M) 120.868ms
[3056.080s][info][gc             ] GC(623) Concurrent Mark Cycle
[3056.080s][info][gc,marking     ] GC(623) Concurrent Scan Root Regions
[3056.080s][info][gc,cpu         ] GC(622) User=0.72s Sys=0.00s Real=0.12s
.[3056.270s][info][gc,marking     ] GC(623) Concurrent Scan Root Regions 190.064ms
[3056.270s][info][gc,marking     ] GC(623) Concurrent Mark
[3056.270s][info][gc,marking     ] GC(623) Concurrent Mark From Roots
[3056.270s][info][gc,task        ] GC(623) Using 2 workers of 2 for marking
[3057.106s][info][gc,marking     ] GC(623) Concurrent Mark From Roots 836.272ms
[3057.106s][info][gc,marking     ] GC(623) Concurrent Preclean
[3057.106s][info][gc,marking     ] GC(623) Concurrent Preclean 0.095ms
[3057.106s][info][gc,start       ] GC(623) Pause Remark
[3057.110s][info][gc             ] GC(623) Pause Remark 2128M->2128M(4096M) 3.638ms
[3057.110s][info][gc,cpu         ] GC(623) User=0.02s Sys=0.00s Real=0.00s
[3057.110s][info][gc,marking     ] GC(623) Concurrent Mark 840.251ms
[3057.110s][info][gc,marking     ] GC(623) Concurrent Rebuild Remembered Sets and Scrub Regions
.[3057.378s][info][gc,marking     ] GC(623) Concurrent Rebuild Remembered Sets and Scrub Regions 267.502ms
[3057.378s][info][gc,start       ] GC(623) Pause Cleanup
[3057.378s][info][gc             ] GC(623) Pause Cleanup 2286M->2286M(4096M) 0.118ms
[3057.378s][info][gc,cpu         ] GC(623) User=0.00s Sys=0.00s Real=0.00s
[3057.378s][info][gc,marking     ] GC(623) Concurrent Clear Claimed Marks
[3057.378s][info][gc,marking     ] GC(623) Concurrent Clear Claimed Marks 0.027ms
[3057.378s][info][gc,marking     ] GC(623) Concurrent Cleanup for Next Mark
[3057.381s][info][gc,marking     ] GC(623) Concurrent Cleanup for Next Mark 3.203ms
[3057.381s][info][gc             ] GC(623) Concurrent Mark Cycle 1301.473ms
. (rIR:aIR:PR = 5120:5120:5120) (tPR = 76143) [OK] 
  3058s: Performance info:
         Transaction,    Success,    Partial,     Failed,   Receipts, AvgBarcode, 
             Overall,     308347,          0,          0,     292927,      59.47, 
         Response times:
             Request,    Success,    Partial,     Failed,   SkipFail,     Probes,    Samples,      min,      p50,      p90,      p95,      p99,      max, 
       TotalPurchase,     292942,          0,          0,          0,     285564,     307026,      300,     4200,     9000,    19600,    66000,   166000,
     InStorePurchase,     154231,          0,          0,          0,     150451,     161185,      300,     4200,     9000,    19700,    67000,   166000,
      OnlinePurchase,     107868,          0,          0,          0,     105294,     113310,      300,     4300,     9200,    21000,    67000,   166000,
        InstPurchase,      30843,          0,          0,          0,      29819,      32531,      400,     3600,     8200,    17200,    60000,   158000,
          AssocOfCat,        311,          0,          0,          0,        236,        307,    21000,    35000,    48000,    59600,   156200,   168000,
      AssocOfProduct,       3079,          0,          0,          0,       2868,       3277,      500,     5700,    10900,    24100,    75000,   166000,
      BusinessReport,        768,          0,          0,          0,        645,        785,    27000,    39000,    62400,    88800,   178140,   218000,
          CustBuyBeh,       3086,          0,          0,          0,       2841,       3211,      200,     4300,     8800,    18580,    57000,   146000,
       ProductReturn,       8174,          0,          0,          0,       7819,       8700,      200,     4500,     9500,    22000,    72000,   147000,

  3058s: (38%)   IR =   5258 .[3059.580s][info][gc,start       ] GC(624) Pause Young (Prepare Mixed) (G1 Evacuation Pause)
[3059.580s][info][gc,task        ] GC(624) Using 6 workers of 6 for evacuation
[3059.699s][info][gc,phases      ] GC(624)   Pre Evacuate Collection Set: 0.34ms
[3059.699s][info][gc,phases      ] GC(624)   Merge Heap Roots: 0.62ms
[3059.699s][info][gc,phases      ] GC(624)   Evacuate Collection Set: 117.33ms
[3059.699s][info][gc,phases      ] GC(624)   Post Evacuate Collection Set: 0.94ms
[3059.699s][info][gc,phases      ] GC(624)   Other: 0.09ms
[3059.699s][info][gc,heap        ] GC(624) Eden regions: 1116->0(1106)
[3059.699s][info][gc,heap        ] GC(624) Survivor regions: 112->110(154)
[3059.699s][info][gc,heap        ] GC(624) Old regions: 508->539
[3059.699s][info][gc,heap        ] GC(624) Humongous regions: 80->80
[3059.699s][info][gc,metaspace   ] GC(624) Metaspace: 28960K(29248K)->28960K(29248K) NonClass: 24082K(24192K)->24082K(24192K) Class: 4877K(5056K)->4877K(5056K)
[3059.699s][info][gc             ] GC(624) Pause Young (Prepare Mixed) (G1 Evacuation Pause) 3630M->1457M(4096M) 119.448ms
[3059.699s][info][gc,cpu         ] GC(624) User=0.71s Sys=0.00s Real=0.12s
...[3063.088s][info][gc,start       ] GC(625) Pause Young (Mixed) (G1 Evacuation Pause)
[3063.088s][info][gc,task        ] GC(625) Using 6 workers of 6 for evacuation
[3063.225s][info][gc,phases      ] GC(625)   Pre Evacuate Collection Set: 0.39ms
[3063.225s][info][gc,phases      ] GC(625)   Merge Heap Roots: 0.74ms
[3063.225s][info][gc,phases      ] GC(625)   Evacuate Collection Set: 134.94ms
[3063.225s][info][gc,phases      ] GC(625)   Post Evacuate Collection Set: 0.99ms
[3063.225s][info][gc,phases      ] GC(625)   Other: 0.09ms
[3063.225s][info][gc,heap        ] GC(625) Eden regions: 1106->0(1117)
[3063.225s][info][gc,heap        ] GC(625) Survivor regions: 110->111(152)
[3063.225s][info][gc,heap        ] GC(625) Old regions: 539->474
[3063.225s][info][gc,heap        ] GC(625) Humongous regions: 80->80
[3063.225s][info][gc,metaspace   ] GC(625) Metaspace: 28961K(29248K)->28961K(29248K) NonClass: 24083K(24192K)->24083K(24192K) Class: 4877K(5056K)->4877K(5056K)
[3063.225s][info][gc             ] GC(625) Pause Young (Mixed) (G1 Evacuation Pause) 3669M->1327M(4096M) 137.303ms
[3063.225s][info][gc,cpu         ] GC(625) User=0.81s Sys=0.00s Real=0.14s
...|.[3066.855s][info][gc,start       ] GC(626) Pause Young (Concurrent Start) (G1 Evacuation Pause)
[3066.855s][info][gc,task        ] GC(626) Using 6 workers of 6 for evacuation
[3066.978s][info][gc,phases      ] GC(626)   Pre Evacuate Collection Set: 0.41ms
[3066.978s][info][gc,phases      ] GC(626)   Merge Heap Roots: 0.56ms
[3066.978s][info][gc,phases      ] GC(626)   Evacuate Collection Set: 121.02ms
[3066.978s][info][gc,phases      ] GC(626)   Post Evacuate Collection Set: 0.91ms
[3066.978s][info][gc,phases      ] GC(626)   Other: 0.13ms
[3066.978s][info][gc,heap        ] GC(626) Eden regions: 1117->0(1114)
[3066.978s][info][gc,heap        ] GC(626) Survivor regions: 111->114(154)
[3066.978s][info][gc,heap        ] GC(626) Old regions: 474->505
[3066.978s][info][gc,heap        ] GC(626) Humongous regions: 80->80
[3066.978s][info][gc,metaspace   ] GC(626) Metaspace: 28961K(29248K)->28961K(29248K) NonClass: 24083K(24192K)->24083K(24192K) Class: 4877K(5056K)->4877K(5056K)
[3066.978s][info][gc             ] GC(626) Pause Young (Concurrent Start) (G1 Evacuation Pause) 3561M->1395M(4096M) 123.153ms
[3066.978s][info][gc             ] GC(627) Concurrent Mark Cycle
[3066.978s][info][gc,marking     ] GC(627) Concurrent Scan Root Regions
[3066.978s][info][gc,cpu         ] GC(626) User=0.73s Sys=0.00s Real=0.12s
[3067.172s][info][gc,marking     ] GC(627) Concurrent Scan Root Regions 193.357ms
[3067.172s][info][gc,marking     ] GC(627) Concurrent Mark
[3067.172s][info][gc,marking     ] GC(627) Concurrent Mark From Roots
[3067.172s][info][gc,task        ] GC(627) Using 2 workers of 2 for marking
.[3068.056s][info][gc,marking     ] GC(627) Concurrent Mark From Roots 884.123ms
[3068.056s][info][gc,marking     ] GC(627) Concurrent Preclean
[3068.056s][info][gc,marking     ] GC(627) Concurrent Preclean 0.095ms
[3068.056s][info][gc,start       ] GC(627) Pause Remark
[3068.060s][info][gc             ] GC(627) Pause Remark 2187M->2187M(4096M) 3.835ms
[3068.060s][info][gc,cpu         ] GC(627) User=0.02s Sys=0.01s Real=0.00s
[3068.060s][info][gc,marking     ] GC(627) Concurrent Mark 888.315ms
[3068.060s][info][gc,marking     ] GC(627) Concurrent Rebuild Remembered Sets and Scrub Regions
[3068.329s][info][gc,marking     ] GC(627) Concurrent Rebuild Remembered Sets and Scrub Regions 269.092ms
[3068.329s][info][gc,start       ] GC(627) Pause Cleanup
[3068.329s][info][gc             ] GC(627) Pause Cleanup 2355M->2355M(4096M) 0.110ms
[3068.329s][info][gc,cpu         ] GC(627) User=0.00s Sys=0.00s Real=0.00s
[3068.329s][info][gc,marking     ] GC(627) Concurrent Clear Claimed Marks
[3068.329s][info][gc,marking     ] GC(627) Concurrent Clear Claimed Marks 0.021ms
[3068.329s][info][gc,marking     ] GC(627) Concurrent Cleanup for Next Mark
[3068.335s][info][gc,marking     ] GC(627) Concurrent Cleanup for Next Mark 5.727ms
[3068.335s][info][gc             ] GC(627) Concurrent Mark Cycle 1357.060ms
..[3070.298s][info][gc,start       ] GC(628) Pause Young (Prepare Mixed) (G1 Evacuation Pause)
[3070.298s][info][gc,task        ] GC(628) Using 6 workers of 6 for evacuation
[3070.423s][info][gc,phases      ] GC(628)   Pre Evacuate Collection Set: 0.32ms
[3070.423s][info][gc,phases      ] GC(628)   Merge Heap Roots: 0.52ms
[3070.423s][info][gc,phases      ] GC(628)   Evacuate Collection Set: 122.58ms
[3070.423s][info][gc,phases      ] GC(628)   Post Evacuate Collection Set: 0.93ms
[3070.423s][info][gc,phases      ] GC(628)   Other: 0.08ms
[3070.423s][info][gc,heap        ] GC(628) Eden regions: 1114->0(1097)
[3070.423s][info][gc,heap        ] GC(628) Survivor regions: 114->116(154)
[3070.423s][info][gc,heap        ] GC(628) Old regions: 505->536
[3070.423s][info][gc,heap        ] GC(628) Humongous regions: 80->80
[3070.423s][info][gc,metaspace   ] GC(628) Metaspace: 28961K(29248K)->28961K(29248K) NonClass: 24083K(24192K)->24083K(24192K) Class: 4877K(5056K)->4877K(5056K)
[3070.423s][info][gc             ] GC(628) Pause Young (Prepare Mixed) (G1 Evacuation Pause) 3623M->1462M(4096M) 124.564ms
[3070.423s][info][gc,cpu         ] GC(628) User=0.74s Sys=0.00s Real=0.13s
....[3073.808s][info][gc,start       ] GC(629) Pause Young (Mixed) (G1 Evacuation Pause)
[3073.808s][info][gc,task        ] GC(629) Using 6 workers of 6 for evacuation
[3073.942s][info][gc,phases      ] GC(629)   Pre Evacuate Collection Set: 0.36ms
[3073.942s][info][gc,phases      ] GC(629)   Merge Heap Roots: 0.64ms
[3073.942s][info][gc,phases      ] GC(629)   Evacuate Collection Set: 131.34ms
[3073.942s][info][gc,phases      ] GC(629)   Post Evacuate Collection Set: 0.92ms
[3073.942s][info][gc,phases      ] GC(629)   Other: 0.09ms
[3073.942s][info][gc,heap        ] GC(629) Eden regions: 1097->0(1120)
[3073.942s][info][gc,heap        ] GC(629) Survivor regions: 116->108(152)
[3073.942s][info][gc,heap        ] GC(629) Old regions: 536->472
[3073.942s][info][gc,heap        ] GC(629) Humongous regions: 80->80
[3073.942s][info][gc,metaspace   ] GC(629) Metaspace: 28961K(29248K)->28961K(29248K) NonClass: 24083K(24192K)->24083K(24192K) Class: 4877K(5056K)->4877K(5056K)
[3073.942s][info][gc             ] GC(629) Pause Young (Mixed) (G1 Evacuation Pause) 3656M->1318M(4096M) 133.473ms
[3073.942s][info][gc,cpu         ] GC(629) User=0.80s Sys=0.00s Real=0.14s
...[3077.436s][info][gc,start       ] GC(630) Pause Young (Concurrent Start) (G1 Evacuation Pause)
[3077.436s][info][gc,task        ] GC(630) Using 6 workers of 6 for evacuation
[3077.551s][info][gc,phases      ] GC(630)   Pre Evacuate Collection Set: 0.35ms
[3077.551s][info][gc,phases      ] GC(630)   Merge Heap Roots: 0.51ms
[3077.551s][info][gc,phases      ] GC(630)   Evacuate Collection Set: 113.50ms
[3077.552s][info][gc,phases      ] GC(630)   Post Evacuate Collection Set: 0.87ms
[3077.552s][info][gc,phases      ] GC(630)   Other: 0.10ms
[3077.552s][info][gc,heap        ] GC(630) Eden regions: 1120->0(1121)
[3077.552s][info][gc,heap        ] GC(630) Survivor regions: 108->107(154)
[3077.552s][info][gc,heap        ] GC(630) Old regions: 472->504
[3077.552s][info][gc,heap        ] GC(630) Humongous regions: 80->80
[3077.552s][info][gc,metaspace   ] GC(630) Metaspace: 28961K(29248K)->28961K(29248K) NonClass: 24083K(24192K)->24083K(24192K) Class: 4877K(5056K)->4877K(5056K)
[3077.552s][info][gc             ] GC(630) Pause Young (Concurrent Start) (G1 Evacuation Pause) 3558M->1380M(4096M) 115.454ms
[3077.552s][info][gc             ] GC(631) Concurrent Mark Cycle
[3077.552s][info][gc,marking     ] GC(631) Concurrent Scan Root Regions
[3077.552s][info][gc,cpu         ] GC(630) User=0.69s Sys=0.00s Real=0.12s
.[3077.756s][info][gc,marking     ] GC(631) Concurrent Scan Root Regions 204.404ms
[3077.756s][info][gc,marking     ] GC(631) Concurrent Mark
[3077.756s][info][gc,marking     ] GC(631) Concurrent Mark From Roots
[3077.756s][info][gc,task        ] GC(631) Using 2 workers of 2 for marking
[3078.535s][info][gc,marking     ] GC(631) Concurrent Mark From Roots 779.148ms
[3078.535s][info][gc,marking     ] GC(631) Concurrent Preclean
[3078.535s][info][gc,marking     ] GC(631) Concurrent Preclean 0.083ms
[3078.535s][info][gc,start       ] GC(631) Pause Remark
[3078.539s][info][gc             ] GC(631) Pause Remark 2059M->2059M(4096M) 3.597ms
[3078.539s][info][gc,cpu         ] GC(631) User=0.02s Sys=0.00s Real=0.00s
[3078.539s][info][gc,marking     ] GC(631) Concurrent Mark 783.085ms
[3078.539s][info][gc,marking     ] GC(631) Concurrent Rebuild Remembered Sets and Scrub Regions
.[3078.862s][info][gc,marking     ] GC(631) Concurrent Rebuild Remembered Sets and Scrub Regions 322.963ms
[3078.863s][info][gc,start       ] GC(631) Pause Cleanup
[3078.863s][info][gc             ] GC(631) Pause Cleanup 2260M->2260M(4096M) 0.124ms
[3078.863s][info][gc,cpu         ] GC(631) User=0.00s Sys=0.00s Real=0.00s
[3078.863s][info][gc,marking     ] GC(631) Concurrent Clear Claimed Marks
[3078.863s][info][gc,marking     ] GC(631) Concurrent Clear Claimed Marks 0.031ms
[3078.863s][info][gc,marking     ] GC(631) Concurrent Cleanup for Next Mark
[3078.869s][info][gc,marking     ] GC(631) Concurrent Cleanup for Next Mark 5.933ms
[3078.869s][info][gc             ] GC(631) Concurrent Mark Cycle 1317.776ms
..[3081.024s][info][gc,start       ] GC(632) Pause Young (Prepare Mixed) (G1 Evacuation Pause)
[3081.024s][info][gc,task        ] GC(632) Using 6 workers of 6 for evacuation
[3081.142s][info][gc,phases      ] GC(632)   Pre Evacuate Collection Set: 0.32ms
[3081.142s][info][gc,phases      ] GC(632)   Merge Heap Roots: 0.52ms
[3081.142s][info][gc,phases      ] GC(632)   Evacuate Collection Set: 115.74ms
[3081.142s][info][gc,phases      ] GC(632)   Post Evacuate Collection Set: 0.95ms
[3081.142s][info][gc,phases      ] GC(632)   Other: 0.09ms
[3081.142s][info][gc,heap        ] GC(632) Eden regions: 1121->0(1110)
[3081.142s][info][gc,heap        ] GC(632) Survivor regions: 107->110(154)
[3081.142s][info][gc,heap        ] GC(632) Old regions: 504->535
[3081.142s][info][gc,heap        ] GC(632) Humongous regions: 80->80
[3081.142s][info][gc,metaspace   ] GC(632) Metaspace: 28961K(29248K)->28961K(29248K) NonClass: 24083K(24192K)->24083K(24192K) Class: 4877K(5056K)->4877K(5056K)
[3081.142s][info][gc             ] GC(632) Pause Young (Prepare Mixed) (G1 Evacuation Pause) 3622M->1448M(4096M) 117.747ms
[3081.142s][info][gc,cpu         ] GC(632) User=0.70s Sys=0.00s Real=0.12s
...[3084.587s][info][gc,start       ] GC(633) Pause Young (Mixed) (G1 Evacuation Pause)
[3084.587s][info][gc,task        ] GC(633) Using 6 workers of 6 for evacuation
[3084.724s][info][gc,phases      ] GC(633)   Pre Evacuate Collection Set: 0.38ms
[3084.724s][info][gc,phases      ] GC(633)   Merge Heap Roots: 0.78ms
[3084.724s][info][gc,phases      ] GC(633)   Evacuate Collection Set: 135.22ms
[3084.724s][info][gc,phases      ] GC(633)   Post Evacuate Collection Set: 0.94ms
[3084.724s][info][gc,phases      ] GC(633)   Other: 0.08ms
[3084.724s][info][gc,heap        ] GC(633) Eden regions: 1110->0(1119)
[3084.724s][info][gc,heap        ] GC(633) Survivor regions: 110->109(153)
[3084.724s][info][gc,heap        ] GC(633) Old regions: 535->475
[3084.724s][info][gc,heap        ] GC(633) Humongous regions: 80->80
[3084.724s][info][gc,metaspace   ] GC(633) Metaspace: 28961K(29248K)->28961K(29248K) NonClass: 24083K(24192K)->24083K(24192K) Class: 4877K(5056K)->4877K(5056K)
[3084.724s][info][gc             ] GC(633) Pause Young (Mixed) (G1 Evacuation Pause) 3668M->1326M(4096M) 137.530ms
[3084.724s][info][gc,cpu         ] GC(633) User=0.82s Sys=0.00s Real=0.14s
....[3088.208s][info][gc,start       ] GC(634) Pause Young (Concurrent Start) (G1 Evacuation Pause)
[3088.208s][info][gc,task        ] GC(634) Using 6 workers of 6 for evacuation
[3088.336s][info][gc,phases      ] GC(634)   Pre Evacuate Collection Set: 0.36ms
[3088.336s][info][gc,phases      ] GC(634)   Merge Heap Roots: 0.47ms
[3088.336s][info][gc,phases      ] GC(634)   Evacuate Collection Set: 127.05ms
[3088.337s][info][gc,phases      ] GC(634)   Post Evacuate Collection Set: 0.87ms
[3088.337s][info][gc,phases      ] GC(634)   Other: 0.12ms
[3088.337s][info][gc,heap        ] GC(634) Eden regions: 1119->0(1112)
[3088.337s][info][gc,heap        ] GC(634) Survivor regions: 109->116(154)
[3088.337s][info][gc,heap        ] GC(634) Old regions: 475->508
[3088.337s][info][gc,heap        ] GC(634) Humongous regions: 80->80
[3088.337s][info][gc,metaspace   ] GC(634) Metaspace: 28961K(29248K)->28961K(29248K) NonClass: 24083K(24192K)->24083K(24192K) Class: 4877K(5056K)->4877K(5056K)
[3088.337s][info][gc             ] GC(634) Pause Young (Concurrent Start) (G1 Evacuation Pause) 3564M->1406M(4096M) 129.007ms
[3088.337s][info][gc             ] GC(635) Concurrent Mark Cycle
[3088.337s][info][gc,marking     ] GC(635) Concurrent Scan Root Regions
[3088.337s][info][gc,cpu         ] GC(634) User=0.76s Sys=0.00s Real=0.13s
[3088.482s][info][gc,marking     ] GC(635) Concurrent Scan Root Regions 144.918ms
[3088.482s][info][gc,marking     ] GC(635) Concurrent Mark
[3088.482s][info][gc,marking     ] GC(635) Concurrent Mark From Roots
[3088.482s][info][gc,task        ] GC(635) Using 2 workers of 2 for marking
.[3089.139s][info][gc,marking     ] GC(635) Concurrent Mark From Roots 657.769ms
[3089.139s][info][gc,marking     ] GC(635) Concurrent Preclean
[3089.139s][info][gc,marking     ] GC(635) Concurrent Preclean 0.107ms
[3089.140s][info][gc,start       ] GC(635) Pause Remark
[3089.145s][info][gc             ] GC(635) Pause Remark 1999M->1999M(4096M) 5.301ms
[3089.145s][info][gc,cpu         ] GC(635) User=0.03s Sys=0.00s Real=0.01s
[3089.145s][info][gc,marking     ] GC(635) Concurrent Mark 663.450ms
[3089.145s][info][gc,marking     ] GC(635) Concurrent Rebuild Remembered Sets and Scrub Regions
[3089.380s][info][gc,marking     ] GC(635) Concurrent Rebuild Remembered Sets and Scrub Regions 235.164ms
[3089.380s][info][gc,start       ] GC(635) Pause Cleanup
[3089.380s][info][gc             ] GC(635) Pause Cleanup 2131M->2131M(4096M) 0.112ms
[3089.381s][info][gc,cpu         ] GC(635) User=0.00s Sys=0.00s Real=0.00s
[3089.381s][info][gc,marking     ] GC(635) Concurrent Clear Claimed Marks
[3089.381s][info][gc,marking     ] GC(635) Concurrent Clear Claimed Marks 0.035ms
[3089.381s][info][gc,marking     ] GC(635) Concurrent Cleanup for Next Mark
[3089.386s][info][gc,marking     ] GC(635) Concurrent Cleanup for Next Mark 4.961ms
[3089.386s][info][gc             ] GC(635) Concurrent Mark Cycle 1049.872ms
...[3091.807s][info][gc,start       ] GC(636) Pause Young (Prepare Mixed) (G1 Evacuation Pause)
[3091.807s][info][gc,task        ] GC(636) Using 6 workers of 6 for evacuation
[3091.929s][info][gc,phases      ] GC(636)   Pre Evacuate Collection Set: 0.31ms
[3091.929s][info][gc,phases      ] GC(636)   Merge Heap Roots: 0.51ms
[3091.929s][info][gc,phases      ] GC(636)   Evacuate Collection Set: 119.61ms
[3091.929s][info][gc,phases      ] GC(636)   Post Evacuate Collection Set: 0.99ms
[3091.929s][info][gc,phases      ] GC(636)   Other: 0.08ms
[3091.929s][info][gc,heap        ] GC(636) Eden regions: 1112->0(1100)
[3091.929s][info][gc,heap        ] GC(636) Survivor regions: 116->113(154)
[3091.929s][info][gc,heap        ] GC(636) Old regions: 508->539
[3091.929s][info][gc,heap        ] GC(636) Humongous regions: 80->80
[3091.929s][info][gc,metaspace   ] GC(636) Metaspace: 28904K(29248K)->28904K(29248K) NonClass: 24036K(24192K)->24036K(24192K) Class: 4868K(5056K)->4868K(5056K)
[3091.929s][info][gc             ] GC(636) Pause Young (Prepare Mixed) (G1 Evacuation Pause) 3630M->1461M(4096M) 121.632ms
[3091.929s][info][gc,cpu         ] GC(636) User=0.73s Sys=0.00s Real=0.12s
...[3095.267s][info][gc,start       ] GC(637) Pause Young (Mixed) (G1 Evacuation Pause)
[3095.267s][info][gc,task        ] GC(637) Using 6 workers of 6 for evacuation
[3095.398s][info][gc,phases      ] GC(637)   Pre Evacuate Collection Set: 0.35ms
[3095.398s][info][gc,phases      ] GC(637)   Merge Heap Roots: 0.65ms
[3095.398s][info][gc,phases      ] GC(637)   Evacuate Collection Set: 128.38ms
[3095.398s][info][gc,phases      ] GC(637)   Post Evacuate Collection Set: 0.93ms
[3095.398s][info][gc,phases      ] GC(637)   Other: 0.08ms
[3095.398s][info][gc,heap        ] GC(637) Eden regions: 1100->0(1120)
[3095.398s][info][gc,heap        ] GC(637) Survivor regions: 113->108(152)
[3095.398s][info][gc,heap        ] GC(637) Old regions: 539->475
[3095.398s][info][gc,heap        ] GC(637) Humongous regions: 80->80
[3095.398s][info][gc,metaspace   ] GC(637) Metaspace: 28904K(29248K)->28904K(29248K) NonClass: 24036K(24192K)->24036K(24192K) Class: 4868K(5056K)->4868K(5056K)
[3095.398s][info][gc             ] GC(637) Pause Young (Mixed) (G1 Evacuation Pause) 3661M->1325M(4096M) 130.547ms
[3095.398s][info][gc,cpu         ] GC(637) User=0.78s Sys=0.00s Real=0.13s
....[3098.899s][info][gc,start       ] GC(638) Pause Young (Concurrent Start) (G1 Evacuation Pause)
[3098.899s][info][gc,task        ] GC(638) Using 6 workers of 6 for evacuation
[3099.017s][info][gc,phases      ] GC(638)   Pre Evacuate Collection Set: 0.41ms
[3099.017s][info][gc,phases      ] GC(638)   Merge Heap Roots: 0.54ms
[3099.017s][info][gc,phases      ] GC(638)   Evacuate Collection Set: 115.88ms
[3099.017s][info][gc,phases      ] GC(638)   Post Evacuate Collection Set: 0.87ms
[3099.017s][info][gc,phases      ] GC(638)   Other: 0.13ms
[3099.017s][info][gc,heap        ] GC(638) Eden regions: 1120->0(1117)
[3099.017s][info][gc,heap        ] GC(638) Survivor regions: 108->111(154)
[3099.017s][info][gc,heap        ] GC(638) Old regions: 475->507
[3099.017s][info][gc,heap        ] GC(638) Humongous regions: 80->80
[3099.017s][info][gc,metaspace   ] GC(638) Metaspace: 28906K(29248K)->28906K(29248K) NonClass: 24038K(24192K)->24038K(24192K) Class: 4868K(5056K)->4868K(5056K)
[3099.017s][info][gc             ] GC(638) Pause Young (Concurrent Start) (G1 Evacuation Pause) 3565M->1394M(4096M) 117.959ms
[3099.017s][info][gc             ] GC(639) Concurrent Mark Cycle
[3099.017s][info][gc,marking     ] GC(639) Concurrent Scan Root Regions
[3099.017s][info][gc,cpu         ] GC(638) User=0.71s Sys=0.00s Real=0.12s
[3099.190s][info][gc,marking     ] GC(639) Concurrent Scan Root Regions 173.011ms
[3099.190s][info][gc,marking     ] GC(639) Concurrent Mark
[3099.190s][info][gc,marking     ] GC(639) Concurrent Mark From Roots
[3099.190s][info][gc,task        ] GC(639) Using 2 workers of 2 for marking
.[3099.852s][info][gc,marking     ] GC(639) Concurrent Mark From Roots 661.855ms
[3099.852s][info][gc,marking     ] GC(639) Concurrent Preclean
[3099.852s][info][gc,marking     ] GC(639) Concurrent Preclean 0.143ms
[3099.852s][info][gc,start       ] GC(639) Pause Remark
[3099.856s][info][gc             ] GC(639) Pause Remark 1990M->1990M(4096M) 3.430ms
[3099.856s][info][gc,cpu         ] GC(639) User=0.02s Sys=0.00s Real=0.00s
[3099.856s][info][gc,marking     ] GC(639) Concurrent Mark 666.080ms
[3099.856s][info][gc,marking     ] GC(639) Concurrent Rebuild Remembered Sets and Scrub Regions
[3100.091s][info][gc,marking     ] GC(639) Concurrent Rebuild Remembered Sets and Scrub Regions 234.669ms
[3100.091s][info][gc,start       ] GC(639) Pause Cleanup
[3100.091s][info][gc             ] GC(639) Pause Cleanup 2135M->2135M(4096M) 0.114ms
[3100.091s][info][gc,cpu         ] GC(639) User=0.00s Sys=0.00s Real=0.00s
[3100.091s][info][gc,marking     ] GC(639) Concurrent Clear Claimed Marks
[3100.091s][info][gc,marking     ] GC(639) Concurrent Clear Claimed Marks 0.027ms
[3100.091s][info][gc,marking     ] GC(639) Concurrent Cleanup for Next Mark
[3100.094s][info][gc,marking     ] GC(639) Concurrent Cleanup for Next Mark 3.181ms
[3100.094s][info][gc             ] GC(639) Concurrent Mark Cycle 1077.393ms
..[3102.474s][info][gc,start       ] GC(640) Pause Young (Prepare Mixed) (G1 Evacuation Pause)
[3102.474s][info][gc,task        ] GC(640) Using 6 workers of 6 for evacuation
[3102.592s][info][gc,phases      ] GC(640)   Pre Evacuate Collection Set: 0.34ms
[3102.592s][info][gc,phases      ] GC(640)   Merge Heap Roots: 0.52ms
[3102.592s][info][gc,phases      ] GC(640)   Evacuate Collection Set: 115.90ms
[3102.592s][info][gc,phases      ] GC(640)   Post Evacuate Collection Set: 0.93ms
[3102.592s][info][gc,phases      ] GC(640)   Other: 0.08ms
[3102.592s][info][gc,heap        ] GC(640) Eden regions: 1117->0(1109)
[3102.592s][info][gc,heap        ] GC(640) Survivor regions: 111->109(154)
[3102.592s][info][gc,heap        ] GC(640) Old regions: 507->538
[3102.592s][info][gc,heap        ] GC(640) Humongous regions: 80->80
[3102.592s][info][gc,metaspace   ] GC(640) Metaspace: 28906K(29248K)->28906K(29248K) NonClass: 24038K(24192K)->24038K(24192K) Class: 4868K(5056K)->4868K(5056K)
[3102.592s][info][gc             ] GC(640) Pause Young (Prepare Mixed) (G1 Evacuation Pause) 3628M->1453M(4096M) 117.915ms
[3102.592s][info][gc,cpu         ] GC(640) User=0.71s Sys=0.00s Real=0.12s
....[3106.031s][info][gc,start       ] GC(641) Pause Young (Mixed) (G1 Evacuation Pause)
[3106.031s][info][gc,task        ] GC(641) Using 6 workers of 6 for evacuation
[3106.163s][info][gc,phases      ] GC(641)   Pre Evacuate Collection Set: 0.36ms
[3106.163s][info][gc,phases      ] GC(641)   Merge Heap Roots: 0.66ms
[3106.163s][info][gc,phases      ] GC(641)   Evacuate Collection Set: 130.52ms
[3106.163s][info][gc,phases      ] GC(641)   Post Evacuate Collection Set: 0.94ms
[3106.163s][info][gc,phases      ] GC(641)   Other: 0.09ms
[3106.163s][info][gc,heap        ] GC(641) Eden regions: 1109->0(1119)
[3106.163s][info][gc,heap        ] GC(641) Survivor regions: 109->109(153)
[3106.163s][info][gc,heap        ] GC(641) Old regions: 538->474
[3106.163s][info][gc,heap        ] GC(641) Humongous regions: 80->80
[3106.163s][info][gc,metaspace   ] GC(641) Metaspace: 28906K(29248K)->28906K(29248K) NonClass: 24038K(24192K)->24038K(24192K) Class: 4868K(5056K)->4868K(5056K)
[3106.163s][info][gc             ] GC(641) Pause Young (Mixed) (G1 Evacuation Pause) 3671M->1324M(4096M) 132.699ms
[3106.163s][info][gc,cpu         ] GC(641) User=0.79s Sys=0.00s Real=0.14s
...[3109.678s][info][gc,start       ] GC(642) Pause Young (Concurrent Start) (G1 Evacuation Pause)
[3109.678s][info][gc,task        ] GC(642) Using 6 workers of 6 for evacuation
[3109.795s][info][gc,phases      ] GC(642)   Pre Evacuate Collection Set: 0.32ms
[3109.795s][info][gc,phases      ] GC(642)   Merge Heap Roots: 0.48ms
[3109.795s][info][gc,phases      ] GC(642)   Evacuate Collection Set: 115.71ms
[3109.795s][info][gc,phases      ] GC(642)   Post Evacuate Collection Set: 0.87ms
[3109.795s][info][gc,phases      ] GC(642)   Other: 0.11ms
[3109.795s][info][gc,heap        ] GC(642) Eden regions: 1119->0(1119)
[3109.795s][info][gc,heap        ] GC(642) Survivor regions: 109->109(154)
[3109.795s][info][gc,heap        ] GC(642) Old regions: 474->506
[3109.795s][info][gc,heap        ] GC(642) Humongous regions: 80->80
[3109.795s][info][gc,metaspace   ] GC(642) Metaspace: 28906K(29248K)->28906K(29248K) NonClass: 24038K(24192K)->24038K(24192K) Class: 4868K(5056K)->4868K(5056K)
[3109.795s][info][gc             ] GC(642) Pause Young (Concurrent Start) (G1 Evacuation Pause) 3562M->1388M(4096M) 117.632ms
[3109.795s][info][gc             ] GC(643) Concurrent Mark Cycle
[3109.795s][info][gc,marking     ] GC(643) Concurrent Scan Root Regions
[3109.796s][info][gc,cpu         ] GC(642) User=0.70s Sys=0.00s Real=0.12s
.[3109.932s][info][gc,marking     ] GC(643) Concurrent Scan Root Regions 136.658ms
[3109.932s][info][gc,marking     ] GC(643) Concurrent Mark
[3109.932s][info][gc,marking     ] GC(643) Concurrent Mark From Roots
[3109.932s][info][gc,task        ] GC(643) Using 2 workers of 2 for marking
[3110.621s][info][gc,marking     ] GC(643) Concurrent Mark From Roots 689.016ms
[3110.621s][info][gc,marking     ] GC(643) Concurrent Preclean
[3110.621s][info][gc,marking     ] GC(643) Concurrent Preclean 0.139ms
[3110.623s][info][gc,start       ] GC(643) Pause Remark
[3110.626s][info][gc             ] GC(643) Pause Remark 1998M->1998M(4096M) 3.648ms
[3110.626s][info][gc,cpu         ] GC(643) User=0.02s Sys=0.00s Real=0.00s
[3110.626s][info][gc,marking     ] GC(643) Concurrent Mark 694.103ms
[3110.626s][info][gc,marking     ] GC(643) Concurrent Rebuild Remembered Sets and Scrub Regions
.[3110.908s][info][gc,marking     ] GC(643) Concurrent Rebuild Remembered Sets and Scrub Regions 281.987ms
[3110.909s][info][gc,start       ] GC(643) Pause Cleanup
[3110.909s][info][gc             ] GC(643) Pause Cleanup 2190M->2190M(4096M) 0.119ms
[3110.909s][info][gc,cpu         ] GC(643) User=0.00s Sys=0.00s Real=0.00s
[3110.910s][info][gc,marking     ] GC(643) Concurrent Clear Claimed Marks
[3110.910s][info][gc,marking     ] GC(643) Concurrent Clear Claimed Marks 0.035ms
[3110.910s][info][gc,marking     ] GC(643) Concurrent Cleanup for Next Mark
[3110.918s][info][gc,marking     ] GC(643) Concurrent Cleanup for Next Mark 8.005ms
[3110.918s][info][gc             ] GC(643) Concurrent Mark Cycle 1122.173ms
..[3113.240s][info][gc,start       ] GC(644) Pause Young (Prepare Mixed) (G1 Evacuation Pause)
[3113.240s][info][gc,task        ] GC(644) Using 6 workers of 6 for evacuation
[3113.359s][info][gc,phases      ] GC(644)   Pre Evacuate Collection Set: 0.32ms
[3113.359s][info][gc,phases      ] GC(644)   Merge Heap Roots: 0.54ms
[3113.359s][info][gc,phases      ] GC(644)   Evacuate Collection Set: 117.15ms
[3113.359s][info][gc,phases      ] GC(644)   Post Evacuate Collection Set: 0.94ms
[3113.359s][info][gc,phases      ] GC(644)   Other: 0.09ms
[3113.359s][info][gc,heap        ] GC(644) Eden regions: 1119->0(1104)
[3113.359s][info][gc,heap        ] GC(644) Survivor regions: 109->112(154)
[3113.359s][info][gc,heap        ] GC(644) Old regions: 506->537
[3113.359s][info][gc,heap        ] GC(644) Humongous regions: 80->80
[3113.359s][info][gc,metaspace   ] GC(644) Metaspace: 28906K(29248K)->28906K(29248K) NonClass: 24038K(24192K)->24038K(24192K) Class: 4868K(5056K)->4868K(5056K)
[3113.359s][info][gc             ] GC(644) Pause Young (Prepare Mixed) (G1 Evacuation Pause) 3626M->1457M(4096M) 119.180ms
[3113.359s][info][gc,cpu         ] GC(644) User=0.71s Sys=0.00s Real=0.12s
...[3116.832s][info][gc,start       ] GC(645) Pause Young (Mixed) (G1 Evacuation Pause)
[3116.832s][info][gc,task        ] GC(645) Using 6 workers of 6 for evacuation
[3116.965s][info][gc,phases      ] GC(645)   Pre Evacuate Collection Set: 0.35ms
[3116.965s][info][gc,phases      ] GC(645)   Merge Heap Roots: 0.64ms
[3116.965s][info][gc,phases      ] GC(645)   Evacuate Collection Set: 130.57ms
[3116.965s][info][gc,phases      ] GC(645)   Post Evacuate Collection Set: 0.95ms
[3116.965s][info][gc,phases      ] GC(645)   Other: 0.09ms
[3116.965s][info][gc,heap        ] GC(645) Eden regions: 1104->0(1120)
[3116.965s][info][gc,heap        ] GC(645) Survivor regions: 112->108(152)
[3116.965s][info][gc,heap        ] GC(645) Old regions: 537->474
[3116.965s][info][gc,heap        ] GC(645) Humongous regions: 80->80
[3116.965s][info][gc,metaspace   ] GC(645) Metaspace: 28906K(29248K)->28906K(29248K) NonClass: 24038K(24192K)->24038K(24192K) Class: 4868K(5056K)->4868K(5056K)
[3116.965s][info][gc             ] GC(645) Pause Young (Mixed) (G1 Evacuation Pause) 3665M->1323M(4096M) 132.740ms
[3116.965s][info][gc,cpu         ] GC(645) User=0.79s Sys=0.00s Real=0.13s
....[3120.398s][info][gc,start       ] GC(646) Pause Young (Concurrent Start) (G1 Evacuation Pause)
[3120.398s][info][gc,task        ] GC(646) Using 6 workers of 6 for evacuation
[3120.518s][info][gc,phases      ] GC(646)   Pre Evacuate Collection Set: 0.37ms
[3120.518s][info][gc,phases      ] GC(646)   Merge Heap Roots: 0.51ms
[3120.518s][info][gc,phases      ] GC(646)   Evacuate Collection Set: 118.50ms
[3120.518s][info][gc,phases      ] GC(646)   Post Evacuate Collection Set: 0.87ms
[3120.518s][info][gc,phases      ] GC(646)   Other: 0.12ms
[3120.518s][info][gc,heap        ] GC(646) Eden regions: 1120->0(1117)
[3120.518s][info][gc,heap        ] GC(646) Survivor regions: 108->111(154)
[3120.518s][info][gc,heap        ] GC(646) Old regions: 474->506
[3120.518s][info][gc,heap        ] GC(646) Humongous regions: 80->80
[3120.518s][info][gc,metaspace   ] GC(646) Metaspace: 28906K(29248K)->28906K(29248K) NonClass: 24038K(24192K)->24038K(24192K) Class: 4868K(5056K)->4868K(5056K)
[3120.518s][info][gc             ] GC(646) Pause Young (Concurrent Start) (G1 Evacuation Pause) 3563M->1392M(4096M) 120.496ms
[3120.518s][info][gc             ] GC(647) Concurrent Mark Cycle
[3120.518s][info][gc,marking     ] GC(647) Concurrent Scan Root Regions
[3120.518s][info][gc,cpu         ] GC(646) User=0.72s Sys=0.00s Real=0.12s
[3120.692s][info][gc,marking     ] GC(647) Concurrent Scan Root Regions 173.872ms
[3120.692s][info][gc,marking     ] GC(647) Concurrent Mark
[3120.692s][info][gc,marking     ] GC(647) Concurrent Mark From Roots
[3120.692s][info][gc,task        ] GC(647) Using 2 workers of 2 for marking
.[3121.347s][info][gc,marking     ] GC(647) Concurrent Mark From Roots 654.767ms
[3121.347s][info][gc,marking     ] GC(647) Concurrent Preclean
[3121.348s][info][gc,marking     ] GC(647) Concurrent Preclean 1.113ms
[3121.348s][info][gc,start       ] GC(647) Pause Remark
[3121.352s][info][gc             ] GC(647) Pause Remark 1965M->1965M(4096M) 4.159ms
[3121.352s][info][gc,cpu         ] GC(647) User=0.02s Sys=0.00s Real=0.01s
[3121.352s][info][gc,marking     ] GC(647) Concurrent Mark 660.266ms
[3121.352s][info][gc,marking     ] GC(647) Concurrent Rebuild Remembered Sets and Scrub Regions
[3121.584s][info][gc,marking     ] GC(647) Concurrent Rebuild Remembered Sets and Scrub Regions 231.220ms
[3121.584s][info][gc,start       ] GC(647) Pause Cleanup
[3121.584s][info][gc             ] GC(647) Pause Cleanup 2094M->2094M(4096M) 0.109ms
[3121.584s][info][gc,cpu         ] GC(647) User=0.00s Sys=0.00s Real=0.00s
[3121.584s][info][gc,marking     ] GC(647) Concurrent Clear Claimed Marks
[3121.584s][info][gc,marking     ] GC(647) Concurrent Clear Claimed Marks 0.022ms
[3121.584s][info][gc,marking     ] GC(647) Concurrent Cleanup for Next Mark
[3121.587s][info][gc,marking     ] GC(647) Concurrent Cleanup for Next Mark 3.229ms
[3121.587s][info][gc             ] GC(647) Concurrent Mark Cycle 1069.049ms
...[3124.025s][info][gc,start       ] GC(648) Pause Young (Prepare Mixed) (G1 Evacuation Pause)
[3124.025s][info][gc,task        ] GC(648) Using 6 workers of 6 for evacuation
[3124.143s][info][gc,phases      ] GC(648)   Pre Evacuate Collection Set: 0.35ms
[3124.143s][info][gc,phases      ] GC(648)   Merge Heap Roots: 0.61ms
[3124.143s][info][gc,phases      ] GC(648)   Evacuate Collection Set: 116.04ms
[3124.143s][info][gc,phases      ] GC(648)   Post Evacuate Collection Set: 0.89ms
[3124.143s][info][gc,phases      ] GC(648)   Other: 0.09ms
[3124.143s][info][gc,heap        ] GC(648) Eden regions: 1117->0(1109)
[3124.143s][info][gc,heap        ] GC(648) Survivor regions: 111->109(154)
[3124.143s][info][gc,heap        ] GC(648) Old regions: 506->538
[3124.143s][info][gc,heap        ] GC(648) Humongous regions: 80->80
[3124.143s][info][gc,metaspace   ] GC(648) Metaspace: 28906K(29248K)->28906K(29248K) NonClass: 24038K(24192K)->24038K(24192K) Class: 4868K(5056K)->4868K(5056K)
[3124.144s][info][gc             ] GC(648) Pause Young (Prepare Mixed) (G1 Evacuation Pause) 3626M->1452M(4096M) 118.104ms
[3124.144s][info][gc,cpu         ] GC(648) User=0.70s Sys=0.00s Real=0.12s
.. (rIR:aIR:PR = 5258:5261:5261) (tPR = 78425) [OK] 
  3125s: Performance info:
         Transaction,    Success,    Partial,     Failed,   Receipts, AvgBarcode, 
             Overall,     319407,          0,          0,     303458,      59.48, 
         Response times:
             Request,    Success,    Partial,     Failed,   SkipFail,     Probes,    Samples,      min,      p50,      p90,      p95,      p99,      max, 
       TotalPurchase,     303433,          0,          0,          0,     297906,     333954,      300,     4300,     9900,    27000,    87000,   237000,
     InStorePurchase,     159731,          0,          0,          0,     157048,     175529,      300,     4300,     9900,    27000,    87000,   206000,
      OnlinePurchase,     111761,          0,          0,          0,     109629,     122802,      300,     4200,    10000,    26850,    88000,   237000,
        InstPurchase,      31941,          0,          0,          0,      31229,      35623,      300,     4100,     9600,    26000,    86000,   187000,
          AssocOfCat,        320,          0,          0,          0,        239,        329,    22000,    35000,    70000,   111500,   180000,   214000,
      AssocOfProduct,       3188,          0,          0,          0,       2975,       3548,      700,     5800,    11400,    31000,   107510,   173000,
      BusinessReport,        791,          0,          0,          0,        677,        895,    26000,    40000,    69400,    95200,   190160,   230000,
          CustBuyBeh,       3185,          0,          0,          0,       3014,       3587,      300,     3300,     8900,    27000,    83000,   168000,
       ProductReturn,       8468,          0,          0,          0,       8000,       9317,      200,     5000,    10920,    30000,   109000,   193000,

  3125s: (39%)   IR =   5396 .[3127.493s][info][gc,start       ] GC(649) Pause Young (Mixed) (G1 Evacuation Pause)
[3127.493s][info][gc,task        ] GC(649) Using 6 workers of 6 for evacuation
[3127.624s][info][gc,phases      ] GC(649)   Pre Evacuate Collection Set: 0.40ms
[3127.624s][info][gc,phases      ] GC(649)   Merge Heap Roots: 0.74ms
[3127.624s][info][gc,phases      ] GC(649)   Evacuate Collection Set: 129.52ms
[3127.624s][info][gc,phases      ] GC(649)   Post Evacuate Collection Set: 0.93ms
[3127.624s][info][gc,phases      ] GC(649)   Other: 0.09ms
[3127.624s][info][gc,heap        ] GC(649) Eden regions: 1109->0(1119)
[3127.624s][info][gc,heap        ] GC(649) Survivor regions: 109->109(153)
[3127.624s][info][gc,heap        ] GC(649) Old regions: 538->474
[3127.624s][info][gc,heap        ] GC(649) Humongous regions: 80->80
[3127.624s][info][gc,metaspace   ] GC(649) Metaspace: 28906K(29248K)->28906K(29248K) NonClass: 24038K(24192K)->24038K(24192K) Class: 4868K(5056K)->4868K(5056K)
[3127.625s][info][gc             ] GC(649) Pause Young (Mixed) (G1 Evacuation Pause) 3670M->1324M(4096M) 131.813ms
[3127.625s][info][gc,cpu         ] GC(649) User=0.79s Sys=0.00s Real=0.13s
....[3131.043s][info][gc,start       ] GC(650) Pause Young (Concurrent Start) (G1 Evacuation Pause)
[3131.043s][info][gc,task        ] GC(650) Using 6 workers of 6 for evacuation
[3131.162s][info][gc,phases      ] GC(650)   Pre Evacuate Collection Set: 0.38ms
[3131.162s][info][gc,phases      ] GC(650)   Merge Heap Roots: 0.54ms
[3131.162s][info][gc,phases      ] GC(650)   Evacuate Collection Set: 116.68ms
[3131.162s][info][gc,phases      ] GC(650)   Post Evacuate Collection Set: 0.88ms
[3131.162s][info][gc,phases      ] GC(650)   Other: 0.10ms
[3131.162s][info][gc,heap        ] GC(650) Eden regions: 1119->0(1118)
[3131.162s][info][gc,heap        ] GC(650) Survivor regions: 109->110(154)
[3131.162s][info][gc,heap        ] GC(650) Old regions: 474->506
[3131.162s][info][gc,heap        ] GC(650) Humongous regions: 80->80
[3131.162s][info][gc,metaspace   ] GC(650) Metaspace: 28906K(29248K)->28906K(29248K) NonClass: 24038K(24192K)->24038K(24192K) Class: 4868K(5056K)->4868K(5056K)
[3131.162s][info][gc             ] GC(650) Pause Young (Concurrent Start) (G1 Evacuation Pause) 3562M->1390M(4096M) 118.707ms
[3131.162s][info][gc             ] GC(651) Concurrent Mark Cycle
[3131.162s][info][gc,marking     ] GC(651) Concurrent Scan Root Regions
[3131.162s][info][gc,cpu         ] GC(650) User=0.70s Sys=0.00s Real=0.12s
[3131.300s][info][gc,marking     ] GC(651) Concurrent Scan Root Regions 138.560ms
[3131.300s][info][gc,marking     ] GC(651) Concurrent Mark
[3131.300s][info][gc,marking     ] GC(651) Concurrent Mark From Roots
[3131.300s][info][gc,task        ] GC(651) Using 2 workers of 2 for marking
[3131.949s][info][gc,marking     ] GC(651) Concurrent Mark From Roots 648.724ms
[3131.949s][info][gc,marking     ] GC(651) Concurrent Preclean
[3131.950s][info][gc,marking     ] GC(651) Concurrent Preclean 1.069ms
[3131.952s][info][gc,start       ] GC(651) Pause Remark
[3131.956s][info][gc             ] GC(651) Pause Remark 1943M->1943M(4096M) 4.103ms
[3131.956s][info][gc,cpu         ] GC(651) User=0.02s Sys=0.00s Real=0.00s
[3131.957s][info][gc,marking     ] GC(651) Concurrent Mark 656.261ms
[3131.957s][info][gc,marking     ] GC(651) Concurrent Rebuild Remembered Sets and Scrub Regions
.|[3132.189s][info][gc,marking     ] GC(651) Concurrent Rebuild Remembered Sets and Scrub Regions 231.792ms
[3132.189s][info][gc,start       ] GC(651) Pause Cleanup
[3132.190s][info][gc             ] GC(651) Pause Cleanup 2074M->2074M(4096M) 0.120ms
[3132.190s][info][gc,cpu         ] GC(651) User=0.00s Sys=0.00s Real=0.00s
[3132.190s][info][gc,marking     ] GC(651) Concurrent Clear Claimed Marks
[3132.190s][info][gc,marking     ] GC(651) Concurrent Clear Claimed Marks 0.051ms
[3132.190s][info][gc,marking     ] GC(651) Concurrent Cleanup for Next Mark
[3132.193s][info][gc,marking     ] GC(651) Concurrent Cleanup for Next Mark 3.318ms
[3132.193s][info][gc             ] GC(651) Concurrent Mark Cycle 1031.228ms
..[3134.496s][info][gc,start       ] GC(652) Pause Young (Prepare Mixed) (G1 Evacuation Pause)
[3134.496s][info][gc,task        ] GC(652) Using 6 workers of 6 for evacuation
[3134.613s][info][gc,phases      ] GC(652)   Pre Evacuate Collection Set: 0.32ms
[3134.613s][info][gc,phases      ] GC(652)   Merge Heap Roots: 0.55ms
[3134.613s][info][gc,phases      ] GC(652)   Evacuate Collection Set: 114.39ms
[3134.613s][info][gc,phases      ] GC(652)   Post Evacuate Collection Set: 0.90ms
[3134.613s][info][gc,phases      ] GC(652)   Other: 0.08ms
[3134.613s][info][gc,heap        ] GC(652) Eden regions: 1118->0(1111)
[3134.613s][info][gc,heap        ] GC(652) Survivor regions: 110->108(154)
[3134.613s][info][gc,heap        ] GC(652) Old regions: 506->538
[3134.613s][info][gc,heap        ] GC(652) Humongous regions: 80->80
[3134.613s][info][gc,metaspace   ] GC(652) Metaspace: 28906K(29248K)->28906K(29248K) NonClass: 24038K(24192K)->24038K(24192K) Class: 4868K(5056K)->4868K(5056K)
[3134.613s][info][gc             ] GC(652) Pause Young (Prepare Mixed) (G1 Evacuation Pause) 3626M->1450M(4096M) 116.365ms
[3134.613s][info][gc,cpu         ] GC(652) User=0.69s Sys=0.00s Real=0.12s
...[3137.972s][info][gc,start       ] GC(653) Pause Young (Mixed) (G1 Evacuation Pause)
[3137.972s][info][gc,task        ] GC(653) Using 6 workers of 6 for evacuation
[3138.105s][info][gc,phases      ] GC(653)   Pre Evacuate Collection Set: 0.38ms
[3138.105s][info][gc,phases      ] GC(653)   Merge Heap Roots: 0.66ms
[3138.105s][info][gc,phases      ] GC(653)   Evacuate Collection Set: 130.89ms
[3138.105s][info][gc,phases      ] GC(653)   Post Evacuate Collection Set: 0.92ms
[3138.105s][info][gc,phases      ] GC(653)   Other: 0.09ms
[3138.105s][info][gc,heap        ] GC(653) Eden regions: 1111->0(1119)
[3138.105s][info][gc,heap        ] GC(653) Survivor regions: 108->109(153)
[3138.105s][info][gc,heap        ] GC(653) Old regions: 538->473
[3138.105s][info][gc,heap        ] GC(653) Humongous regions: 80->80
[3138.105s][info][gc,metaspace   ] GC(653) Metaspace: 28906K(29248K)->28906K(29248K) NonClass: 24038K(24192K)->24038K(24192K) Class: 4868K(5056K)->4868K(5056K)
[3138.105s][info][gc             ] GC(653) Pause Young (Mixed) (G1 Evacuation Pause) 3672M->1322M(4096M) 133.076ms
[3138.105s][info][gc,cpu         ] GC(653) User=0.79s Sys=0.00s Real=0.13s
....[3141.501s][info][gc,start       ] GC(654) Pause Young (Concurrent Start) (G1 Evacuation Pause)
[3141.501s][info][gc,task        ] GC(654) Using 6 workers of 6 for evacuation
[3141.619s][info][gc,phases      ] GC(654)   Pre Evacuate Collection Set: 0.38ms
[3141.619s][info][gc,phases      ] GC(654)   Merge Heap Roots: 0.47ms
[3141.619s][info][gc,phases      ] GC(654)   Evacuate Collection Set: 115.75ms
[3141.619s][info][gc,phases      ] GC(654)   Post Evacuate Collection Set: 0.85ms
[3141.619s][info][gc,phases      ] GC(654)   Other: 0.13ms
[3141.619s][info][gc,heap        ] GC(654) Eden regions: 1119->0(1118)
[3141.619s][info][gc,heap        ] GC(654) Survivor regions: 109->110(154)
[3141.619s][info][gc,heap        ] GC(654) Old regions: 473->505
[3141.619s][info][gc,heap        ] GC(654) Humongous regions: 80->80
[3141.619s][info][gc,metaspace   ] GC(654) Metaspace: 28906K(29248K)->28906K(29248K) NonClass: 24038K(24192K)->24038K(24192K) Class: 4868K(5056K)->4868K(5056K)
[3141.619s][info][gc             ] GC(654) Pause Young (Concurrent Start) (G1 Evacuation Pause) 3560M->1387M(4096M) 117.701ms
[3141.619s][info][gc             ] GC(655) Concurrent Mark Cycle
[3141.619s][info][gc,marking     ] GC(655) Concurrent Scan Root Regions
[3141.619s][info][gc,cpu         ] GC(654) User=0.70s Sys=0.00s Real=0.11s
[3141.764s][info][gc,marking     ] GC(655) Concurrent Scan Root Regions 144.869ms
[3141.764s][info][gc,marking     ] GC(655) Concurrent Mark
[3141.764s][info][gc,marking     ] GC(655) Concurrent Mark From Roots
[3141.764s][info][gc,task        ] GC(655) Using 2 workers of 2 for marking
.[3142.432s][info][gc,marking     ] GC(655) Concurrent Mark From Roots 667.472ms
[3142.432s][info][gc,marking     ] GC(655) Concurrent Preclean
[3142.432s][info][gc,marking     ] GC(655) Concurrent Preclean 0.099ms
[3142.432s][info][gc,start       ] GC(655) Pause Remark
[3142.435s][info][gc             ] GC(655) Pause Remark 1970M->1970M(4096M) 3.528ms
[3142.435s][info][gc,cpu         ] GC(655) User=0.02s Sys=0.00s Real=0.00s
[3142.435s][info][gc,marking     ] GC(655) Concurrent Mark 671.323ms
[3142.435s][info][gc,marking     ] GC(655) Concurrent Rebuild Remembered Sets and Scrub Regions
[3142.720s][info][gc,marking     ] GC(655) Concurrent Rebuild Remembered Sets and Scrub Regions 284.602ms
[3142.722s][info][gc,start       ] GC(655) Pause Cleanup
[3142.722s][info][gc             ] GC(655) Pause Cleanup 2135M->2135M(4096M) 0.132ms
[3142.722s][info][gc,cpu         ] GC(655) User=0.00s Sys=0.00s Real=0.00s
[3142.722s][info][gc,marking     ] GC(655) Concurrent Clear Claimed Marks
[3142.722s][info][gc,marking     ] GC(655) Concurrent Clear Claimed Marks 0.025ms
[3142.722s][info][gc,marking     ] GC(655) Concurrent Cleanup for Next Mark
[3142.735s][info][gc,marking     ] GC(655) Concurrent Cleanup for Next Mark 12.794ms
[3142.735s][info][gc             ] GC(655) Concurrent Mark Cycle 1116.250ms
..[3144.999s][info][gc,start       ] GC(656) Pause Young (Prepare Mixed) (G1 Evacuation Pause)
[3144.999s][info][gc,task        ] GC(656) Using 6 workers of 6 for evacuation
[3145.118s][info][gc,phases      ] GC(656)   Pre Evacuate Collection Set: 0.32ms
[3145.118s][info][gc,phases      ] GC(656)   Merge Heap Roots: 0.50ms
[3145.118s][info][gc,phases      ] GC(656)   Evacuate Collection Set: 117.54ms
[3145.118s][info][gc,phases      ] GC(656)   Post Evacuate Collection Set: 0.93ms
[3145.118s][info][gc,phases      ] GC(656)   Other: 0.09ms
[3145.118s][info][gc,heap        ] GC(656) Eden regions: 1118->0(1109)
[3145.118s][info][gc,heap        ] GC(656) Survivor regions: 110->110(154)
[3145.118s][info][gc,heap        ] GC(656) Old regions: 505->536
[3145.118s][info][gc,heap        ] GC(656) Humongous regions: 80->80
[3145.118s][info][gc,metaspace   ] GC(656) Metaspace: 28906K(29248K)->28906K(29248K) NonClass: 24038K(24192K)->24038K(24192K) Class: 4868K(5056K)->4868K(5056K)
[3145.118s][info][gc             ] GC(656) Pause Young (Prepare Mixed) (G1 Evacuation Pause) 3623M->1450M(4096M) 119.497ms
[3145.118s][info][gc,cpu         ] GC(656) User=0.71s Sys=0.00s Real=0.12s
....[3148.462s][info][gc,start       ] GC(657) Pause Young (Mixed) (G1 Evacuation Pause)
[3148.462s][info][gc,task        ] GC(657) Using 6 workers of 6 for evacuation
[3148.600s][info][gc,phases      ] GC(657)   Pre Evacuate Collection Set: 0.36ms
[3148.600s][info][gc,phases      ] GC(657)   Merge Heap Roots: 0.71ms
[3148.600s][info][gc,phases      ] GC(657)   Evacuate Collection Set: 135.35ms
[3148.600s][info][gc,phases      ] GC(657)   Post Evacuate Collection Set: 0.94ms
[3148.600s][info][gc,phases      ] GC(657)   Other: 0.09ms
[3148.600s][info][gc,heap        ] GC(657) Eden regions: 1109->0(1117)
[3148.600s][info][gc,heap        ] GC(657) Survivor regions: 110->111(153)
[3148.600s][info][gc,heap        ] GC(657) Old regions: 536->474
[3148.600s][info][gc,heap        ] GC(657) Humongous regions: 80->80
[3148.600s][info][gc,metaspace   ] GC(657) Metaspace: 28906K(29248K)->28906K(29248K) NonClass: 24038K(24192K)->24038K(24192K) Class: 4868K(5056K)->4868K(5056K)
[3148.600s][info][gc             ] GC(657) Pause Young (Mixed) (G1 Evacuation Pause) 3668M->1328M(4096M) 137.577ms
[3148.600s][info][gc,cpu         ] GC(657) User=0.82s Sys=0.00s Real=0.13s
...[3151.960s][info][gc,start       ] GC(658) Pause Young (Concurrent Start) (G1 Evacuation Pause)
[3151.960s][info][gc,task        ] GC(658) Using 6 workers of 6 for evacuation
[3152.076s][info][gc,phases      ] GC(658)   Pre Evacuate Collection Set: 0.40ms
[3152.076s][info][gc,phases      ] GC(658)   Merge Heap Roots: 0.46ms
[3152.076s][info][gc,phases      ] GC(658)   Evacuate Collection Set: 114.16ms
[3152.076s][info][gc,phases      ] GC(658)   Post Evacuate Collection Set: 0.87ms
[3152.076s][info][gc,phases      ] GC(658)   Other: 0.11ms
[3152.076s][info][gc,heap        ] GC(658) Eden regions: 1117->0(1119)
[3152.076s][info][gc,heap        ] GC(658) Survivor regions: 111->109(154)
[3152.076s][info][gc,heap        ] GC(658) Old regions: 474->505
[3152.076s][info][gc,heap        ] GC(658) Humongous regions: 80->80
[3152.076s][info][gc,metaspace   ] GC(658) Metaspace: 28906K(29248K)->28906K(29248K) NonClass: 24038K(24192K)->24038K(24192K) Class: 4868K(5056K)->4868K(5056K)
[3152.076s][info][gc             ] GC(658) Pause Young (Concurrent Start) (G1 Evacuation Pause) 3562M->1387M(4096M) 116.164ms
[3152.076s][info][gc             ] GC(659) Concurrent Mark Cycle
[3152.076s][info][gc,marking     ] GC(659) Concurrent Scan Root Regions
[3152.076s][info][gc,cpu         ] GC(658) User=0.69s Sys=0.01s Real=0.12s
.[3152.202s][info][gc,marking     ] GC(659) Concurrent Scan Root Regions 126.297ms
[3152.202s][info][gc,marking     ] GC(659) Concurrent Mark
[3152.202s][info][gc,marking     ] GC(659) Concurrent Mark From Roots
[3152.202s][info][gc,task        ] GC(659) Using 2 workers of 2 for marking
[3152.877s][info][gc,marking     ] GC(659) Concurrent Mark From Roots 675.036ms
[3152.877s][info][gc,marking     ] GC(659) Concurrent Preclean
[3152.878s][info][gc,marking     ] GC(659) Concurrent Preclean 0.661ms
[3152.878s][info][gc,start       ] GC(659) Pause Remark
[3152.881s][info][gc             ] GC(659) Pause Remark 1944M->1944M(4096M) 2.920ms
[3152.881s][info][gc,cpu         ] GC(659) User=0.01s Sys=0.00s Real=0.01s
[3152.881s][info][gc,marking     ] GC(659) Concurrent Mark 678.887ms
[3152.881s][info][gc,marking     ] GC(659) Concurrent Rebuild Remembered Sets and Scrub Regions
[3153.121s][info][gc,marking     ] GC(659) Concurrent Rebuild Remembered Sets and Scrub Regions 239.774ms
[3153.121s][info][gc,start       ] GC(659) Pause Cleanup
[3153.121s][info][gc             ] GC(659) Pause Cleanup 2094M->2094M(4096M) 0.110ms
[3153.121s][info][gc,cpu         ] GC(659) User=0.00s Sys=0.00s Real=0.00s
[3153.121s][info][gc,marking     ] GC(659) Concurrent Clear Claimed Marks
[3153.121s][info][gc,marking     ] GC(659) Concurrent Clear Claimed Marks 0.024ms
[3153.121s][info][gc,marking     ] GC(659) Concurrent Cleanup for Next Mark
[3153.125s][info][gc,marking     ] GC(659) Concurrent Cleanup for Next Mark 3.460ms
[3153.125s][info][gc             ] GC(659) Concurrent Mark Cycle 1048.874ms
...[3155.462s][info][gc,start       ] GC(660) Pause Young (Prepare Mixed) (G1 Evacuation Pause)
[3155.462s][info][gc,task        ] GC(660) Using 6 workers of 6 for evacuation
[3155.578s][info][gc,phases      ] GC(660)   Pre Evacuate Collection Set: 0.32ms
[3155.578s][info][gc,phases      ] GC(660)   Merge Heap Roots: 0.51ms
[3155.578s][info][gc,phases      ] GC(660)   Evacuate Collection Set: 114.21ms
[3155.578s][info][gc,phases      ] GC(660)   Post Evacuate Collection Set: 0.90ms
[3155.578s][info][gc,phases      ] GC(660)   Other: 0.08ms
[3155.578s][info][gc,heap        ] GC(660) Eden regions: 1119->0(1113)
[3155.578s][info][gc,heap        ] GC(660) Survivor regions: 109->108(154)
[3155.578s][info][gc,heap        ] GC(660) Old regions: 505->536
[3155.578s][info][gc,heap        ] GC(660) Humongous regions: 80->80
[3155.578s][info][gc,metaspace   ] GC(660) Metaspace: 28906K(29248K)->28906K(29248K) NonClass: 24038K(24192K)->24038K(24192K) Class: 4868K(5056K)->4868K(5056K)
[3155.578s][info][gc             ] GC(660) Pause Young (Prepare Mixed) (G1 Evacuation Pause) 3625M->1447M(4096M) 116.148ms
[3155.578s][info][gc,cpu         ] GC(660) User=0.69s Sys=0.00s Real=0.11s
...[3158.991s][info][gc,start       ] GC(661) Pause Young (Mixed) (G1 Evacuation Pause)
[3158.991s][info][gc,task        ] GC(661) Using 6 workers of 6 for evacuation
[3159.124s][info][gc,phases      ] GC(661)   Pre Evacuate Collection Set: 0.39ms
[3159.124s][info][gc,phases      ] GC(661)   Merge Heap Roots: 0.73ms
[3159.124s][info][gc,phases      ] GC(661)   Evacuate Collection Set: 130.86ms
[3159.124s][info][gc,phases      ] GC(661)   Post Evacuate Collection Set: 0.95ms
[3159.124s][info][gc,phases      ] GC(661)   Other: 0.09ms
[3159.125s][info][gc,heap        ] GC(661) Eden regions: 1113->0(1118)
[3159.125s][info][gc,heap        ] GC(661) Survivor regions: 108->110(153)
[3159.125s][info][gc,heap        ] GC(661) Old regions: 536->472
[3159.125s][info][gc,heap        ] GC(661) Humongous regions: 80->80
[3159.125s][info][gc,metaspace   ] GC(661) Metaspace: 28906K(29248K)->28906K(29248K) NonClass: 24038K(24192K)->24038K(24192K) Class: 4868K(5056K)->4868K(5056K)
[3159.125s][info][gc             ] GC(661) Pause Young (Mixed) (G1 Evacuation Pause) 3673M->1323M(4096M) 133.168ms
[3159.125s][info][gc,cpu         ] GC(661) User=0.79s Sys=0.00s Real=0.13s
....[3162.468s][info][gc,start       ] GC(662) Pause Young (Concurrent Start) (G1 Evacuation Pause)
[3162.468s][info][gc,task        ] GC(662) Using 6 workers of 6 for evacuation
[3162.585s][info][gc,phases      ] GC(662)   Pre Evacuate Collection Set: 0.35ms
[3162.585s][info][gc,phases      ] GC(662)   Merge Heap Roots: 0.47ms
[3162.585s][info][gc,phases      ] GC(662)   Evacuate Collection Set: 115.93ms
[3162.585s][info][gc,phases      ] GC(662)   Post Evacuate Collection Set: 0.87ms
[3162.585s][info][gc,phases      ] GC(662)   Other: 0.10ms
[3162.585s][info][gc,heap        ] GC(662) Eden regions: 1118->0(1120)
[3162.585s][info][gc,heap        ] GC(662) Survivor regions: 110->108(154)
[3162.585s][info][gc,heap        ] GC(662) Old regions: 472->505
[3162.585s][info][gc,heap        ] GC(662) Humongous regions: 80->80
[3162.585s][info][gc,metaspace   ] GC(662) Metaspace: 28906K(29248K)->28906K(29248K) NonClass: 24038K(24192K)->24038K(24192K) Class: 4868K(5056K)->4868K(5056K)
[3162.585s][info][gc             ] GC(662) Pause Young (Concurrent Start) (G1 Evacuation Pause) 3559M->1383M(4096M) 117.854ms
[3162.585s][info][gc             ] GC(663) Concurrent Mark Cycle
[3162.585s][info][gc,marking     ] GC(663) Concurrent Scan Root Regions
[3162.585s][info][gc,cpu         ] GC(662) User=0.70s Sys=0.00s Real=0.12s
[3162.727s][info][gc,marking     ] GC(663) Concurrent Scan Root Regions 141.437ms
[3162.727s][info][gc,marking     ] GC(663) Concurrent Mark
[3162.727s][info][gc,marking     ] GC(663) Concurrent Mark From Roots
[3162.727s][info][gc,task        ] GC(663) Using 2 workers of 2 for marking
.[3163.376s][info][gc,marking     ] GC(663) Concurrent Mark From Roots 649.224ms
[3163.376s][info][gc,marking     ] GC(663) Concurrent Preclean
[3163.377s][info][gc,marking     ] GC(663) Concurrent Preclean 0.372ms
[3163.377s][info][gc,start       ] GC(663) Pause Remark
[3163.380s][info][gc             ] GC(663) Pause Remark 1940M->1940M(4096M) 3.280ms
[3163.380s][info][gc,cpu         ] GC(663) User=0.02s Sys=0.00s Real=0.00s
[3163.381s][info][gc,marking     ] GC(663) Concurrent Mark 653.554ms
[3163.381s][info][gc,marking     ] GC(663) Concurrent Rebuild Remembered Sets and Scrub Regions
[3163.680s][info][gc,marking     ] GC(663) Concurrent Rebuild Remembered Sets and Scrub Regions 299.858ms
[3163.681s][info][gc,start       ] GC(663) Pause Cleanup
[3163.681s][info][gc             ] GC(663) Pause Cleanup 2159M->2159M(4096M) 0.118ms
[3163.681s][info][gc,cpu         ] GC(663) User=0.00s Sys=0.00s Real=0.00s
[3163.682s][info][gc,marking     ] GC(663) Concurrent Clear Claimed Marks
[3163.682s][info][gc,marking     ] GC(663) Concurrent Clear Claimed Marks 0.042ms
[3163.682s][info][gc,marking     ] GC(663) Concurrent Cleanup for Next Mark
[3163.687s][info][gc,marking     ] GC(663) Concurrent Cleanup for Next Mark 4.764ms
[3163.687s][info][gc             ] GC(663) Concurrent Mark Cycle 1101.434ms
..[3165.968s][info][gc,start       ] GC(664) Pause Young (Prepare Mixed) (G1 Evacuation Pause)
[3165.968s][info][gc,task        ] GC(664) Using 6 workers of 6 for evacuation
[3166.085s][info][gc,phases      ] GC(664)   Pre Evacuate Collection Set: 0.35ms
[3166.085s][info][gc,phases      ] GC(664)   Merge Heap Roots: 0.60ms
[3166.085s][info][gc,phases      ] GC(664)   Evacuate Collection Set: 114.92ms
[3166.085s][info][gc,phases      ] GC(664)   Post Evacuate Collection Set: 0.91ms
[3166.085s][info][gc,phases      ] GC(664)   Other: 0.09ms
[3166.085s][info][gc,heap        ] GC(664) Eden regions: 1120->0(1111)
[3166.085s][info][gc,heap        ] GC(664) Survivor regions: 108->109(154)
[3166.085s][info][gc,heap        ] GC(664) Old regions: 505->536
[3166.085s][info][gc,heap        ] GC(664) Humongous regions: 80->80
[3166.085s][info][gc,metaspace   ] GC(664) Metaspace: 28906K(29248K)->28906K(29248K) NonClass: 24038K(24192K)->24038K(24192K) Class: 4868K(5056K)->4868K(5056K)
[3166.085s][info][gc             ] GC(664) Pause Young (Prepare Mixed) (G1 Evacuation Pause) 3623M->1449M(4096M) 117.027ms
[3166.085s][info][gc,cpu         ] GC(664) User=0.70s Sys=0.00s Real=0.12s
....[3169.446s][info][gc,start       ] GC(665) Pause Young (Mixed) (G1 Evacuation Pause)
[3169.446s][info][gc,task        ] GC(665) Using 6 workers of 6 for evacuation
[3169.581s][info][gc,phases      ] GC(665)   Pre Evacuate Collection Set: 0.35ms
[3169.581s][info][gc,phases      ] GC(665)   Merge Heap Roots: 0.65ms
[3169.581s][info][gc,phases      ] GC(665)   Evacuate Collection Set: 132.77ms
[3169.581s][info][gc,phases      ] GC(665)   Post Evacuate Collection Set: 0.94ms
[3169.581s][info][gc,phases      ] GC(665)   Other: 0.10ms
[3169.581s][info][gc,heap        ] GC(665) Eden regions: 1111->0(1118)
[3169.581s][info][gc,heap        ] GC(665) Survivor regions: 109->110(153)
[3169.581s][info][gc,heap        ] GC(665) Old regions: 536->473
[3169.581s][info][gc,heap        ] GC(665) Humongous regions: 80->80
[3169.581s][info][gc,metaspace   ] GC(665) Metaspace: 28906K(29248K)->28906K(29248K) NonClass: 24038K(24192K)->24038K(24192K) Class: 4868K(5056K)->4868K(5056K)
[3169.581s][info][gc             ] GC(665) Pause Young (Mixed) (G1 Evacuation Pause) 3671M->1325M(4096M) 134.951ms
[3169.581s][info][gc,cpu         ] GC(665) User=0.80s Sys=0.00s Real=0.13s
...[3172.949s][info][gc,start       ] GC(666) Pause Young (Concurrent Start) (G1 Evacuation Pause)
[3172.950s][info][gc,task        ] GC(666) Using 6 workers of 6 for evacuation
[3173.070s][info][gc,phases      ] GC(666)   Pre Evacuate Collection Set: 0.34ms
[3173.070s][info][gc,phases      ] GC(666)   Merge Heap Roots: 0.46ms
[3173.070s][info][gc,phases      ] GC(666)   Evacuate Collection Set: 118.78ms
[3173.070s][info][gc,phases      ] GC(666)   Post Evacuate Collection Set: 0.88ms
[3173.070s][info][gc,phases      ] GC(666)   Other: 0.12ms
[3173.070s][info][gc,heap        ] GC(666) Eden regions: 1118->0(1116)
[3173.070s][info][gc,heap        ] GC(666) Survivor regions: 110->112(154)
[3173.070s][info][gc,heap        ] GC(666) Old regions: 473->505
[3173.070s][info][gc,heap        ] GC(666) Humongous regions: 80->80
[3173.070s][info][gc,metaspace   ] GC(666) Metaspace: 28906K(29248K)->28906K(29248K) NonClass: 24038K(24192K)->24038K(24192K) Class: 4868K(5056K)->4868K(5056K)
[3173.070s][info][gc             ] GC(666) Pause Young (Concurrent Start) (G1 Evacuation Pause) 3561M->1393M(4096M) 120.720ms
[3173.070s][info][gc             ] GC(667) Concurrent Mark Cycle
[3173.070s][info][gc,marking     ] GC(667) Concurrent Scan Root Regions
[3173.070s][info][gc,cpu         ] GC(666) User=0.72s Sys=0.00s Real=0.12s
.[3173.219s][info][gc,marking     ] GC(667) Concurrent Scan Root Regions 148.625ms
[3173.219s][info][gc,marking     ] GC(667) Concurrent Mark
[3173.219s][info][gc,marking     ] GC(667) Concurrent Mark From Roots
[3173.219s][info][gc,task        ] GC(667) Using 2 workers of 2 for marking
[3173.938s][info][gc,marking     ] GC(667) Concurrent Mark From Roots 718.899ms
[3173.938s][info][gc,marking     ] GC(667) Concurrent Preclean
[3173.939s][info][gc,marking     ] GC(667) Concurrent Preclean 0.817ms
[3173.939s][info][gc,start       ] GC(667) Pause Remark
[3173.942s][info][gc             ] GC(667) Pause Remark 2075M->2075M(4096M) 3.487ms
[3173.942s][info][gc,cpu         ] GC(667) User=0.02s Sys=0.00s Real=0.01s
[3173.942s][info][gc,marking     ] GC(667) Concurrent Mark 723.511ms
[3173.942s][info][gc,marking     ] GC(667) Concurrent Rebuild Remembered Sets and Scrub Regions
[3174.172s][info][gc,marking     ] GC(667) Concurrent Rebuild Remembered Sets and Scrub Regions 229.934ms
[3174.172s][info][gc,start       ] GC(667) Pause Cleanup
[3174.173s][info][gc             ] GC(667) Pause Cleanup 2178M->2178M(4096M) 0.783ms
[3174.173s][info][gc,cpu         ] GC(667) User=0.00s Sys=0.00s Real=0.00s
[3174.173s][info][gc,marking     ] GC(667) Concurrent Clear Claimed Marks
[3174.173s][info][gc,marking     ] GC(667) Concurrent Clear Claimed Marks 0.027ms
[3174.173s][info][gc,marking     ] GC(667) Concurrent Cleanup for Next Mark
[3174.177s][info][gc,marking     ] GC(667) Concurrent Cleanup for Next Mark 3.840ms
[3174.177s][info][gc             ] GC(667) Concurrent Mark Cycle 1107.029ms
...[3176.441s][info][gc,start       ] GC(668) Pause Young (Prepare Mixed) (G1 Evacuation Pause)
[3176.441s][info][gc,task        ] GC(668) Using 6 workers of 6 for evacuation
[3176.562s][info][gc,phases      ] GC(668)   Pre Evacuate Collection Set: 0.30ms
[3176.562s][info][gc,phases      ] GC(668)   Merge Heap Roots: 0.53ms
[3176.562s][info][gc,phases      ] GC(668)   Evacuate Collection Set: 119.39ms
[3176.562s][info][gc,phases      ] GC(668)   Post Evacuate Collection Set: 0.82ms
[3176.562s][info][gc,phases      ] GC(668)   Other: 0.08ms
[3176.562s][info][gc,heap        ] GC(668) Eden regions: 1116->0(1106)
[3176.562s][info][gc,heap        ] GC(668) Survivor regions: 112->111(154)
[3176.562s][info][gc,heap        ] GC(668) Old regions: 505->537
[3176.562s][info][gc,heap        ] GC(668) Humongous regions: 80->80
[3176.562s][info][gc,metaspace   ] GC(668) Metaspace: 28906K(29248K)->28906K(29248K) NonClass: 24038K(24192K)->24038K(24192K) Class: 4868K(5056K)->4868K(5056K)
[3176.562s][info][gc             ] GC(668) Pause Young (Prepare Mixed) (G1 Evacuation Pause) 3625M->1455M(4096M) 121.252ms
[3176.562s][info][gc,cpu         ] GC(668) User=0.72s Sys=0.00s Real=0.13s
...[3179.852s][info][gc,start       ] GC(669) Pause Young (Mixed) (G1 Evacuation Pause)
[3179.852s][info][gc,task        ] GC(669) Using 6 workers of 6 for evacuation
[3179.985s][info][gc,phases      ] GC(669)   Pre Evacuate Collection Set: 0.34ms
[3179.985s][info][gc,phases      ] GC(669)   Merge Heap Roots: 0.76ms
[3179.985s][info][gc,phases      ] GC(669)   Evacuate Collection Set: 130.89ms
[3179.985s][info][gc,phases      ] GC(669)   Post Evacuate Collection Set: 0.93ms
[3179.985s][info][gc,phases      ] GC(669)   Other: 0.09ms
[3179.985s][info][gc,heap        ] GC(669) Eden regions: 1106->0(1120)
[3179.985s][info][gc,heap        ] GC(669) Survivor regions: 111->108(153)
[3179.985s][info][gc,heap        ] GC(669) Old regions: 537->473
[3179.985s][info][gc,heap        ] GC(669) Humongous regions: 80->80
[3179.985s][info][gc,metaspace   ] GC(669) Metaspace: 28906K(29248K)->28906K(29248K) NonClass: 24038K(24192K)->24038K(24192K) Class: 4868K(5056K)->4868K(5056K)
[3179.985s][info][gc             ] GC(669) Pause Young (Mixed) (G1 Evacuation Pause) 3667M->1321M(4096M) 133.132ms
[3179.985s][info][gc,cpu         ] GC(669) User=0.79s Sys=0.00s Real=0.13s
....[3183.391s][info][gc,start       ] GC(670) Pause Young (Concurrent Start) (G1 Evacuation Pause)
[3183.391s][info][gc,task        ] GC(670) Using 6 workers of 6 for evacuation
[3183.509s][info][gc,phases      ] GC(670)   Pre Evacuate Collection Set: 0.35ms
[3183.509s][info][gc,phases      ] GC(670)   Merge Heap Roots: 0.45ms
[3183.509s][info][gc,phases      ] GC(670)   Evacuate Collection Set: 115.97ms
[3183.509s][info][gc,phases      ] GC(670)   Post Evacuate Collection Set: 0.85ms
[3183.509s][info][gc,phases      ] GC(670)   Other: 0.10ms
[3183.509s][info][gc,heap        ] GC(670) Eden regions: 1120->0(1119)
[3183.509s][info][gc,heap        ] GC(670) Survivor regions: 108->109(154)
[3183.509s][info][gc,heap        ] GC(670) Old regions: 473->505
[3183.509s][info][gc,heap        ] GC(670) Humongous regions: 80->80
[3183.509s][info][gc,metaspace   ] GC(670) Metaspace: 28906K(29248K)->28906K(29248K) NonClass: 24038K(24192K)->24038K(24192K) Class: 4868K(5056K)->4868K(5056K)
[3183.509s][info][gc             ] GC(670) Pause Young (Concurrent Start) (G1 Evacuation Pause) 3561M->1387M(4096M) 117.868ms
[3183.509s][info][gc             ] GC(671) Concurrent Mark Cycle
[3183.509s][info][gc,marking     ] GC(671) Concurrent Scan Root Regions
[3183.509s][info][gc,cpu         ] GC(670) User=0.70s Sys=0.00s Real=0.11s
[3183.684s][info][gc,marking     ] GC(671) Concurrent Scan Root Regions 175.591ms
[3183.684s][info][gc,marking     ] GC(671) Concurrent Mark
[3183.684s][info][gc,marking     ] GC(671) Concurrent Mark From Roots
[3183.684s][info][gc,task        ] GC(671) Using 2 workers of 2 for marking
.[3184.500s][info][gc,marking     ] GC(671) Concurrent Mark From Roots 815.216ms
[3184.500s][info][gc,marking     ] GC(671) Concurrent Preclean
[3184.500s][info][gc,marking     ] GC(671) Concurrent Preclean 0.132ms
[3184.501s][info][gc,start       ] GC(671) Pause Remark
[3184.504s][info][gc             ] GC(671) Pause Remark 2087M->2087M(4096M) 3.453ms
[3184.505s][info][gc,cpu         ] GC(671) User=0.02s Sys=0.00s Real=0.00s
[3184.505s][info][gc,marking     ] GC(671) Concurrent Mark 820.224ms
[3184.505s][info][gc,marking     ] GC(671) Concurrent Rebuild Remembered Sets and Scrub Regions
[3184.868s][info][gc,marking     ] GC(671) Concurrent Rebuild Remembered Sets and Scrub Regions 362.911ms
[3184.868s][info][gc,start       ] GC(671) Pause Cleanup
[3184.868s][info][gc             ] GC(671) Pause Cleanup 2309M->2309M(4096M) 0.118ms
[3184.868s][info][gc,cpu         ] GC(671) User=0.00s Sys=0.00s Real=0.00s
[3184.868s][info][gc,marking     ] GC(671) Concurrent Clear Claimed Marks
[3184.868s][info][gc,marking     ] GC(671) Concurrent Clear Claimed Marks 0.029ms
[3184.868s][info][gc,marking     ] GC(671) Concurrent Cleanup for Next Mark
[3184.874s][info][gc,marking     ] GC(671) Concurrent Cleanup for Next Mark 5.190ms
[3184.874s][info][gc             ] GC(671) Concurrent Mark Cycle 1364.850ms
..[3186.938s][info][gc,start       ] GC(672) Pause Young (Prepare Mixed) (G1 Evacuation Pause)
[3186.938s][info][gc,task        ] GC(672) Using 6 workers of 6 for evacuation
[3187.055s][info][gc,phases      ] GC(672)   Pre Evacuate Collection Set: 0.31ms
[3187.055s][info][gc,phases      ] GC(672)   Merge Heap Roots: 0.62ms
[3187.055s][info][gc,phases      ] GC(672)   Evacuate Collection Set: 114.71ms
[3187.055s][info][gc,phases      ] GC(672)   Post Evacuate Collection Set: 0.89ms
[3187.055s][info][gc,phases      ] GC(672)   Other: 0.09ms
[3187.055s][info][gc,heap        ] GC(672) Eden regions: 1119->0(1108)
[3187.055s][info][gc,heap        ] GC(672) Survivor regions: 109->110(154)
[3187.055s][info][gc,heap        ] GC(672) Old regions: 505->537
[3187.055s][info][gc,heap        ] GC(672) Humongous regions: 80->80
[3187.055s][info][gc,metaspace   ] GC(672) Metaspace: 28906K(29248K)->28906K(29248K) NonClass: 24038K(24192K)->24038K(24192K) Class: 4868K(5056K)->4868K(5056K)
[3187.055s][info][gc             ] GC(672) Pause Young (Prepare Mixed) (G1 Evacuation Pause) 3625M->1451M(4096M) 116.745ms
[3187.055s][info][gc,cpu         ] GC(672) User=0.69s Sys=0.00s Real=0.12s
....[3190.377s][info][gc,start       ] GC(673) Pause Young (Mixed) (G1 Evacuation Pause)
[3190.377s][info][gc,task        ] GC(673) Using 6 workers of 6 for evacuation
[3190.508s][info][gc,phases      ] GC(673)   Pre Evacuate Collection Set: 0.36ms
[3190.508s][info][gc,phases      ] GC(673)   Merge Heap Roots: 0.69ms
[3190.508s][info][gc,phases      ] GC(673)   Evacuate Collection Set: 128.99ms
[3190.508s][info][gc,phases      ] GC(673)   Post Evacuate Collection Set: 0.93ms
[3190.508s][info][gc,phases      ] GC(673)   Other: 0.09ms
[3190.508s][info][gc,heap        ] GC(673) Eden regions: 1108->0(1120)
[3190.508s][info][gc,heap        ] GC(673) Survivor regions: 110->108(153)
[3190.508s][info][gc,heap        ] GC(673) Old regions: 537->473
[3190.508s][info][gc,heap        ] GC(673) Humongous regions: 80->80
[3190.508s][info][gc,metaspace   ] GC(673) Metaspace: 28906K(29248K)->28906K(29248K) NonClass: 24038K(24192K)->24038K(24192K) Class: 4868K(5056K)->4868K(5056K)
[3190.508s][info][gc             ] GC(673) Pause Young (Mixed) (G1 Evacuation Pause) 3667M->1319M(4096M) 131.209ms
[3190.508s][info][gc,cpu         ] GC(673) User=0.78s Sys=0.00s Real=0.13s
.. (rIR:aIR:PR = 5396:5396:5396) (tPR = 79928) [OK] 
  3192s: Performance info:
         Transaction,    Success,    Partial,     Failed,   Receipts, AvgBarcode, 
             Overall,     324720,          0,          0,     308453,      59.48, 
         Response times:
             Request,    Success,    Partial,     Failed,   SkipFail,     Probes,    Samples,      min,      p50,      p90,      p95,      p99,      max, 
       TotalPurchase,     308466,          0,          0,          0,     301826,     335338,      300,     4400,     9700,    21000,    72000,   260000,
     InStorePurchase,     162395,          0,          0,          0,     159020,     176217,      300,     4400,     9800,    21000,    73000,   260000,
      OnlinePurchase,     113618,          0,          0,          0,     111382,     123785,      300,     4300,     9500,    20000,    71000,   260000,
        InstPurchase,      32453,          0,          0,          0,      31424,      35336,      400,     4500,     9900,    22000,    71000,   260000,
          AssocOfCat,        325,          0,          0,          0,        253,        341,    22000,    35000,    50800,    68900,   163660,   251000,
      AssocOfProduct,       3251,          0,          0,          0,       2997,       3487,      600,     5400,    12120,    29000,    89000,   173000,
      BusinessReport,        810,          0,          0,          0,        705,        856,    26000,    42000,    67000,    90000,   173430,   261000,
          CustBuyBeh,       3253,          0,          0,          0,       3019,       3513,      200,     4300,     8700,    15930,    55000,   173000,
       ProductReturn,       8627,          0,          0,          0,       8197,       9287,      200,     4700,     9500,    22000,    85000,   260000,

  3192s: (40%)   IR =   5535 .[3193.924s][info][gc,start       ] GC(674) Pause Young (Concurrent Start) (G1 Evacuation Pause)
[3193.924s][info][gc,task        ] GC(674) Using 6 workers of 6 for evacuation
[3194.047s][info][gc,phases      ] GC(674)   Pre Evacuate Collection Set: 0.38ms
[3194.047s][info][gc,phases      ] GC(674)   Merge Heap Roots: 0.53ms
[3194.047s][info][gc,phases      ] GC(674)   Evacuate Collection Set: 120.68ms
[3194.047s][info][gc,phases      ] GC(674)   Post Evacuate Collection Set: 0.86ms
[3194.047s][info][gc,phases      ] GC(674)   Other: 0.13ms
[3194.047s][info][gc,heap        ] GC(674) Eden regions: 1120->0(1115)
[3194.047s][info][gc,heap        ] GC(674) Survivor regions: 108->113(154)
[3194.047s][info][gc,heap        ] GC(674) Old regions: 473->505
[3194.047s][info][gc,heap        ] GC(674) Humongous regions: 80->80
[3194.047s][info][gc,metaspace   ] GC(674) Metaspace: 28906K(29248K)->28906K(29248K) NonClass: 24038K(24192K)->24038K(24192K) Class: 4868K(5056K)->4868K(5056K)
[3194.047s][info][gc             ] GC(674) Pause Young (Concurrent Start) (G1 Evacuation Pause) 3559M->1395M(4096M) 122.715ms
[3194.047s][info][gc             ] GC(675) Concurrent Mark Cycle
[3194.047s][info][gc,marking     ] GC(675) Concurrent Scan Root Regions
[3194.047s][info][gc,cpu         ] GC(674) User=0.73s Sys=0.00s Real=0.12s
[3194.238s][info][gc,marking     ] GC(675) Concurrent Scan Root Regions 191.535ms
[3194.239s][info][gc,marking     ] GC(675) Concurrent Mark
[3194.240s][info][gc,marking     ] GC(675) Concurrent Mark From Roots
[3194.240s][info][gc,task        ] GC(675) Using 2 workers of 2 for marking
.[3195.198s][info][gc,marking     ] GC(675) Concurrent Mark From Roots 958.690ms
[3195.198s][info][gc,marking     ] GC(675) Concurrent Preclean
[3195.199s][info][gc,marking     ] GC(675) Concurrent Preclean 0.528ms
[3195.199s][info][gc,start       ] GC(675) Pause Remark
[3195.203s][info][gc             ] GC(675) Pause Remark 2231M->2231M(4096M) 4.476ms
[3195.204s][info][gc,cpu         ] GC(675) User=0.02s Sys=0.00s Real=0.01s
[3195.204s][info][gc,marking     ] GC(675) Concurrent Mark 965.056ms
[3195.204s][info][gc,marking     ] GC(675) Concurrent Rebuild Remembered Sets and Scrub Regions
.[3195.506s][info][gc,marking     ] GC(675) Concurrent Rebuild Remembered Sets and Scrub Regions 302.103ms
[3195.506s][info][gc,start       ] GC(675) Pause Cleanup
[3195.506s][info][gc             ] GC(675) Pause Cleanup 2445M->2445M(4096M) 0.118ms
[3195.506s][info][gc,cpu         ] GC(675) User=0.00s Sys=0.00s Real=0.00s
[3195.507s][info][gc,marking     ] GC(675) Concurrent Clear Claimed Marks
[3195.507s][info][gc,marking     ] GC(675) Concurrent Clear Claimed Marks 0.041ms
[3195.507s][info][gc,marking     ] GC(675) Concurrent Cleanup for Next Mark
[3195.515s][info][gc,marking     ] GC(675) Concurrent Cleanup for Next Mark 7.114ms
[3195.515s][info][gc             ] GC(675) Concurrent Mark Cycle 1467.765ms
.[3197.302s][info][gc,start       ] GC(676) Pause Young (Prepare Mixed) (G1 Evacuation Pause)
[3197.302s][info][gc,task        ] GC(676) Using 6 workers of 6 for evacuation
[3197.420s][info][gc,phases      ] GC(676)   Pre Evacuate Collection Set: 0.34ms
[3197.420s][info][gc,phases      ] GC(676)   Merge Heap Roots: 0.51ms
[3197.420s][info][gc,phases      ] GC(676)   Evacuate Collection Set: 116.59ms
[3197.420s][info][gc,phases      ] GC(676)   Post Evacuate Collection Set: 0.93ms
[3197.420s][info][gc,phases      ] GC(676)   Other: 0.09ms
[3197.420s][info][gc,heap        ] GC(676) Eden regions: 1115->0(1107)
[3197.420s][info][gc,heap        ] GC(676) Survivor regions: 113->111(154)
[3197.420s][info][gc,heap        ] GC(676) Old regions: 505->536
[3197.420s][info][gc,heap        ] GC(676) Humongous regions: 80->80
[3197.420s][info][gc,metaspace   ] GC(676) Metaspace: 28906K(29248K)->28906K(29248K) NonClass: 24038K(24192K)->24038K(24192K) Class: 4868K(5056K)->4868K(5056K)
[3197.420s][info][gc             ] GC(676) Pause Young (Prepare Mixed) (G1 Evacuation Pause) 3625M->1453M(4096M) 118.593ms
[3197.420s][info][gc,cpu         ] GC(676) User=0.71s Sys=0.00s Real=0.11s
....|[3200.705s][info][gc,start       ] GC(677) Pause Young (Mixed) (G1 Evacuation Pause)
[3200.705s][info][gc,task        ] GC(677) Using 6 workers of 6 for evacuation
[3200.842s][info][gc,phases      ] GC(677)   Pre Evacuate Collection Set: 0.36ms
[3200.842s][info][gc,phases      ] GC(677)   Merge Heap Roots: 0.72ms
[3200.842s][info][gc,phases      ] GC(677)   Evacuate Collection Set: 134.52ms
[3200.842s][info][gc,phases      ] GC(677)   Post Evacuate Collection Set: 1.01ms
[3200.842s][info][gc,phases      ] GC(677)   Other: 0.09ms
[3200.842s][info][gc,heap        ] GC(677) Eden regions: 1107->0(1118)
[3200.842s][info][gc,heap        ] GC(677) Survivor regions: 111->110(153)
[3200.842s][info][gc,heap        ] GC(677) Old regions: 536->472
[3200.842s][info][gc,heap        ] GC(677) Humongous regions: 80->80
[3200.842s][info][gc,metaspace   ] GC(677) Metaspace: 28906K(29248K)->28906K(29248K) NonClass: 24038K(24192K)->24038K(24192K) Class: 4868K(5056K)->4868K(5056K)
[3200.842s][info][gc             ] GC(677) Pause Young (Mixed) (G1 Evacuation Pause) 3667M->1323M(4096M) 136.818ms
[3200.842s][info][gc,cpu         ] GC(677) User=0.81s Sys=0.00s Real=0.14s
...[3204.115s][info][gc,start       ] GC(678) Pause Young (Concurrent Start) (G1 Evacuation Pause)
[3204.115s][info][gc,task        ] GC(678) Using 6 workers of 6 for evacuation
[3204.231s][info][gc,phases      ] GC(678)   Pre Evacuate Collection Set: 0.35ms
[3204.231s][info][gc,phases      ] GC(678)   Merge Heap Roots: 0.47ms
[3204.231s][info][gc,phases      ] GC(678)   Evacuate Collection Set: 114.64ms
[3204.231s][info][gc,phases      ] GC(678)   Post Evacuate Collection Set: 0.89ms
[3204.231s][info][gc,phases      ] GC(678)   Other: 0.10ms
[3204.231s][info][gc,heap        ] GC(678) Eden regions: 1118->0(1118)
[3204.231s][info][gc,heap        ] GC(678) Survivor regions: 110->110(154)
[3204.232s][info][gc,heap        ] GC(678) Old regions: 472->503
[3204.232s][info][gc,heap        ] GC(678) Humongous regions: 80->80
[3204.232s][info][gc,metaspace   ] GC(678) Metaspace: 28906K(29248K)->28906K(29248K) NonClass: 24038K(24192K)->24038K(24192K) Class: 4868K(5056K)->4868K(5056K)
[3204.232s][info][gc             ] GC(678) Pause Young (Concurrent Start) (G1 Evacuation Pause) 3559M->1385M(4096M) 116.607ms
[3204.232s][info][gc             ] GC(679) Concurrent Mark Cycle
[3204.232s][info][gc,marking     ] GC(679) Concurrent Scan Root Regions
[3204.232s][info][gc,cpu         ] GC(678) User=0.70s Sys=0.00s Real=0.12s
[3204.415s][info][gc,marking     ] GC(679) Concurrent Scan Root Regions 182.997ms
[3204.415s][info][gc,marking     ] GC(679) Concurrent Mark
[3204.415s][info][gc,marking     ] GC(679) Concurrent Mark From Roots
[3204.415s][info][gc,task        ] GC(679) Using 2 workers of 2 for marking
.[3205.238s][info][gc,marking     ] GC(679) Concurrent Mark From Roots 822.981ms
[3205.238s][info][gc,marking     ] GC(679) Concurrent Preclean
[3205.238s][info][gc,marking     ] GC(679) Concurrent Preclean 0.095ms
[3205.238s][info][gc,start       ] GC(679) Pause Remark
[3205.242s][info][gc             ] GC(679) Pause Remark 2119M->2119M(4096M) 3.290ms
[3205.242s][info][gc,cpu         ] GC(679) User=0.02s Sys=0.00s Real=0.01s
[3205.242s][info][gc,marking     ] GC(679) Concurrent Mark 827.377ms
[3205.242s][info][gc,marking     ] GC(679) Concurrent Rebuild Remembered Sets and Scrub Regions
.[3205.596s][info][gc,marking     ] GC(679) Concurrent Rebuild Remembered Sets and Scrub Regions 353.729ms
[3205.596s][info][gc,start       ] GC(679) Pause Cleanup
[3205.596s][info][gc             ] GC(679) Pause Cleanup 2383M->2383M(4096M) 0.119ms
[3205.596s][info][gc,cpu         ] GC(679) User=0.00s Sys=0.00s Real=0.00s
[3205.596s][info][gc,marking     ] GC(679) Concurrent Clear Claimed Marks
[3205.596s][info][gc,marking     ] GC(679) Concurrent Clear Claimed Marks 0.027ms
[3205.596s][info][gc,marking     ] GC(679) Concurrent Cleanup for Next Mark
[3205.600s][info][gc,marking     ] GC(679) Concurrent Cleanup for Next Mark 3.678ms
[3205.600s][info][gc             ] GC(679) Concurrent Mark Cycle 1368.344ms
.[3207.514s][info][gc,start       ] GC(680) Pause Young (Prepare Mixed) (G1 Evacuation Pause)
[3207.514s][info][gc,task        ] GC(680) Using 6 workers of 6 for evacuation
[3207.633s][info][gc,phases      ] GC(680)   Pre Evacuate Collection Set: 0.31ms
[3207.633s][info][gc,phases      ] GC(680)   Merge Heap Roots: 0.53ms
[3207.633s][info][gc,phases      ] GC(680)   Evacuate Collection Set: 117.18ms
[3207.633s][info][gc,phases      ] GC(680)   Post Evacuate Collection Set: 0.93ms
[3207.633s][info][gc,phases      ] GC(680)   Other: 0.09ms
[3207.633s][info][gc,heap        ] GC(680) Eden regions: 1118->0(1108)
[3207.633s][info][gc,heap        ] GC(680) Survivor regions: 110->111(154)
[3207.633s][info][gc,heap        ] GC(680) Old regions: 503->535
[3207.633s][info][gc,heap        ] GC(680) Humongous regions: 80->80
[3207.633s][info][gc,metaspace   ] GC(680) Metaspace: 28906K(29248K)->28906K(29248K) NonClass: 24038K(24192K)->24038K(24192K) Class: 4868K(5056K)->4868K(5056K)
[3207.633s][info][gc             ] GC(680) Pause Young (Prepare Mixed) (G1 Evacuation Pause) 3621M->1451M(4096M) 119.177ms
[3207.633s][info][gc,cpu         ] GC(680) User=0.71s Sys=0.00s Real=0.12s
....[3210.860s][info][gc,start       ] GC(681) Pause Young (Mixed) (G1 Evacuation Pause)
[3210.860s][info][gc,task        ] GC(681) Using 6 workers of 6 for evacuation
[3210.994s][info][gc,phases      ] GC(681)   Pre Evacuate Collection Set: 0.34ms
[3210.994s][info][gc,phases      ] GC(681)   Merge Heap Roots: 0.78ms
[3210.994s][info][gc,phases      ] GC(681)   Evacuate Collection Set: 131.09ms
[3210.994s][info][gc,phases      ] GC(681)   Post Evacuate Collection Set: 0.94ms
[3210.994s][info][gc,phases      ] GC(681)   Other: 0.09ms
[3210.994s][info][gc,heap        ] GC(681) Eden regions: 1108->0(1120)
[3210.994s][info][gc,heap        ] GC(681) Survivor regions: 111->108(153)
[3210.994s][info][gc,heap        ] GC(681) Old regions: 535->472
[3210.994s][info][gc,heap        ] GC(681) Humongous regions: 80->80
[3210.994s][info][gc,metaspace   ] GC(681) Metaspace: 28906K(29248K)->28906K(29248K) NonClass: 24038K(24192K)->24038K(24192K) Class: 4868K(5056K)->4868K(5056K)
[3210.994s][info][gc             ] GC(681) Pause Young (Mixed) (G1 Evacuation Pause) 3667M->1318M(4096M) 133.372ms
[3210.994s][info][gc,cpu         ] GC(681) User=0.79s Sys=0.00s Real=0.14s
...[3214.329s][info][gc,start       ] GC(682) Pause Young (Concurrent Start) (G1 Evacuation Pause)
[3214.329s][info][gc,task        ] GC(682) Using 6 workers of 6 for evacuation
[3214.447s][info][gc,phases      ] GC(682)   Pre Evacuate Collection Set: 0.33ms
[3214.447s][info][gc,phases      ] GC(682)   Merge Heap Roots: 0.46ms
[3214.447s][info][gc,phases      ] GC(682)   Evacuate Collection Set: 115.76ms
[3214.447s][info][gc,phases      ] GC(682)   Post Evacuate Collection Set: 0.93ms
[3214.447s][info][gc,phases      ] GC(682)   Other: 0.10ms
[3214.447s][info][gc,heap        ] GC(682) Eden regions: 1120->0(1118)
[3214.447s][info][gc,heap        ] GC(682) Survivor regions: 108->110(154)
[3214.447s][info][gc,heap        ] GC(682) Old regions: 472->504
[3214.447s][info][gc,heap        ] GC(682) Humongous regions: 80->80
[3214.447s][info][gc,metaspace   ] GC(682) Metaspace: 28906K(29248K)->28906K(29248K) NonClass: 24038K(24192K)->24038K(24192K) Class: 4868K(5056K)->4868K(5056K)
[3214.447s][info][gc             ] GC(682) Pause Young (Concurrent Start) (G1 Evacuation Pause) 3558M->1386M(4096M) 117.721ms
[3214.447s][info][gc             ] GC(683) Concurrent Mark Cycle
[3214.447s][info][gc,marking     ] GC(683) Concurrent Scan Root Regions
[3214.447s][info][gc,cpu         ] GC(682) User=0.70s Sys=0.00s Real=0.12s
[3214.638s][info][gc,marking     ] GC(683) Concurrent Scan Root Regions 190.982ms
[3214.638s][info][gc,marking     ] GC(683) Concurrent Mark
[3214.638s][info][gc,marking     ] GC(683) Concurrent Mark From Roots
[3214.638s][info][gc,task        ] GC(683) Using 2 workers of 2 for marking
.[3215.609s][info][gc,marking     ] GC(683) Concurrent Mark From Roots 971.178ms
[3215.609s][info][gc,marking     ] GC(683) Concurrent Preclean
[3215.609s][info][gc,marking     ] GC(683) Concurrent Preclean 0.070ms
[3215.609s][info][gc,start       ] GC(683) Pause Remark
[3215.614s][info][gc             ] GC(683) Pause Remark 2228M->2228M(4096M) 4.297ms
[3215.614s][info][gc,cpu         ] GC(683) User=0.02s Sys=0.00s Real=0.01s
[3215.614s][info][gc,marking     ] GC(683) Concurrent Mark 975.783ms
[3215.614s][info][gc,marking     ] GC(683) Concurrent Rebuild Remembered Sets and Scrub Regions
.[3216.018s][info][gc,marking     ] GC(683) Concurrent Rebuild Remembered Sets and Scrub Regions 404.586ms
[3216.019s][info][gc,start       ] GC(683) Pause Cleanup
[3216.019s][info][gc             ] GC(683) Pause Cleanup 2508M->2508M(4096M) 0.122ms
[3216.019s][info][gc,cpu         ] GC(683) User=0.00s Sys=0.00s Real=0.00s
[3216.019s][info][gc,marking     ] GC(683) Concurrent Clear Claimed Marks
[3216.019s][info][gc,marking     ] GC(683) Concurrent Clear Claimed Marks 0.028ms
[3216.019s][info][gc,marking     ] GC(683) Concurrent Cleanup for Next Mark
[3216.024s][info][gc,marking     ] GC(683) Concurrent Cleanup for Next Mark 4.666ms
[3216.024s][info][gc             ] GC(683) Concurrent Mark Cycle 1577.120ms
..[3217.716s][info][gc,start       ] GC(684) Pause Young (Prepare Mixed) (G1 Evacuation Pause)
[3217.716s][info][gc,task        ] GC(684) Using 6 workers of 6 for evacuation
[3217.835s][info][gc,phases      ] GC(684)   Pre Evacuate Collection Set: 0.31ms
[3217.835s][info][gc,phases      ] GC(684)   Merge Heap Roots: 0.57ms
[3217.835s][info][gc,phases      ] GC(684)   Evacuate Collection Set: 117.39ms
[3217.835s][info][gc,phases      ] GC(684)   Post Evacuate Collection Set: 0.94ms
[3217.835s][info][gc,phases      ] GC(684)   Other: 0.10ms
[3217.835s][info][gc,heap        ] GC(684) Eden regions: 1118->0(1108)
[3217.835s][info][gc,heap        ] GC(684) Survivor regions: 110->111(154)
[3217.835s][info][gc,heap        ] GC(684) Old regions: 504->535
[3217.835s][info][gc,heap        ] GC(684) Humongous regions: 80->80
[3217.835s][info][gc,metaspace   ] GC(684) Metaspace: 28906K(29248K)->28906K(29248K) NonClass: 24038K(24192K)->24038K(24192K) Class: 4868K(5056K)->4868K(5056K)
[3217.835s][info][gc             ] GC(684) Pause Young (Prepare Mixed) (G1 Evacuation Pause) 3622M->1450M(4096M) 119.468ms
[3217.835s][info][gc,cpu         ] GC(684) User=0.71s Sys=0.00s Real=0.12s
...[3221.076s][info][gc,start       ] GC(685) Pause Young (Mixed) (G1 Evacuation Pause)
[3221.076s][info][gc,task        ] GC(685) Using 6 workers of 6 for evacuation
[3221.209s][info][gc,phases      ] GC(685)   Pre Evacuate Collection Set: 0.37ms
[3221.209s][info][gc,phases      ] GC(685)   Merge Heap Roots: 0.58ms
[3221.209s][info][gc,phases      ] GC(685)   Evacuate Collection Set: 130.34ms
[3221.209s][info][gc,phases      ] GC(685)   Post Evacuate Collection Set: 0.94ms
[3221.209s][info][gc,phases      ] GC(685)   Other: 0.09ms
[3221.209s][info][gc,heap        ] GC(685) Eden regions: 1108->0(1119)
[3221.209s][info][gc,heap        ] GC(685) Survivor regions: 111->109(153)
[3221.209s][info][gc,heap        ] GC(685) Old regions: 535->474
[3221.209s][info][gc,heap        ] GC(685) Humongous regions: 80->80
[3221.209s][info][gc,metaspace   ] GC(685) Metaspace: 28906K(29248K)->28906K(29248K) NonClass: 24038K(24192K)->24038K(24192K) Class: 4868K(5056K)->4868K(5056K)
[3221.209s][info][gc             ] GC(685) Pause Young (Mixed) (G1 Evacuation Pause) 3666M->1323M(4096M) 132.448ms
[3221.209s][info][gc,cpu         ] GC(685) User=0.79s Sys=0.00s Real=0.13s
...[3224.457s][info][gc,start       ] GC(686) Pause Young (Concurrent Start) (G1 Evacuation Pause)
[3224.457s][info][gc,task        ] GC(686) Using 6 workers of 6 for evacuation
[3224.574s][info][gc,phases      ] GC(686)   Pre Evacuate Collection Set: 0.40ms
[3224.574s][info][gc,phases      ] GC(686)   Merge Heap Roots: 0.49ms
[3224.574s][info][gc,phases      ] GC(686)   Evacuate Collection Set: 115.09ms
[3224.574s][info][gc,phases      ] GC(686)   Post Evacuate Collection Set: 0.88ms
[3224.574s][info][gc,phases      ] GC(686)   Other: 0.12ms
[3224.574s][info][gc,heap        ] GC(686) Eden regions: 1119->0(1119)
[3224.574s][info][gc,heap        ] GC(686) Survivor regions: 109->109(154)
[3224.574s][info][gc,heap        ] GC(686) Old regions: 474->506
[3224.574s][info][gc,heap        ] GC(686) Humongous regions: 80->80
[3224.574s][info][gc,metaspace   ] GC(686) Metaspace: 28906K(29248K)->28906K(29248K) NonClass: 24038K(24192K)->24038K(24192K) Class: 4868K(5056K)->4868K(5056K)
[3224.574s][info][gc             ] GC(686) Pause Young (Concurrent Start) (G1 Evacuation Pause) 3561M->1388M(4096M) 117.113ms
[3224.574s][info][gc             ] GC(687) Concurrent Mark Cycle
[3224.574s][info][gc,marking     ] GC(687) Concurrent Scan Root Regions
[3224.574s][info][gc,cpu         ] GC(686) User=0.69s Sys=0.00s Real=0.12s
.[3224.740s][info][gc,marking     ] GC(687) Concurrent Scan Root Regions 166.331ms
[3224.740s][info][gc,marking     ] GC(687) Concurrent Mark
[3224.740s][info][gc,marking     ] GC(687) Concurrent Mark From Roots
[3224.740s][info][gc,task        ] GC(687) Using 2 workers of 2 for marking
[3225.564s][info][gc,marking     ] GC(687) Concurrent Mark From Roots 823.151ms
[3225.564s][info][gc,marking     ] GC(687) Concurrent Preclean
[3225.564s][info][gc,marking     ] GC(687) Concurrent Preclean 0.232ms
[3225.564s][info][gc,start       ] GC(687) Pause Remark
[3225.568s][info][gc             ] GC(687) Pause Remark 2094M->2094M(4096M) 3.891ms
[3225.568s][info][gc,cpu         ] GC(687) User=0.02s Sys=0.00s Real=0.00s
[3225.568s][info][gc,marking     ] GC(687) Concurrent Mark 827.513ms
[3225.568s][info][gc,marking     ] GC(687) Concurrent Rebuild Remembered Sets and Scrub Regions
.[3225.932s][info][gc,marking     ] GC(687) Concurrent Rebuild Remembered Sets and Scrub Regions 364.505ms
[3225.933s][info][gc,start       ] GC(687) Pause Cleanup
[3225.933s][info][gc             ] GC(687) Pause Cleanup 2333M->2333M(4096M) 0.102ms
[3225.933s][info][gc,cpu         ] GC(687) User=0.00s Sys=0.00s Real=0.00s
[3225.933s][info][gc,marking     ] GC(687) Concurrent Clear Claimed Marks
[3225.933s][info][gc,marking     ] GC(687) Concurrent Clear Claimed Marks 0.020ms
[3225.933s][info][gc,marking     ] GC(687) Concurrent Cleanup for Next Mark
[3225.937s][info][gc,marking     ] GC(687) Concurrent Cleanup for Next Mark 4.446ms
[3225.937s][info][gc             ] GC(687) Concurrent Mark Cycle 1363.248ms
..[3227.947s][info][gc,start       ] GC(688) Pause Young (Prepare Mixed) (G1 Evacuation Pause)
[3227.948s][info][gc,task        ] GC(688) Using 6 workers of 6 for evacuation
[3228.069s][info][gc,phases      ] GC(688)   Pre Evacuate Collection Set: 0.31ms
[3228.069s][info][gc,phases      ] GC(688)   Merge Heap Roots: 0.50ms
[3228.069s][info][gc,phases      ] GC(688)   Evacuate Collection Set: 119.91ms
[3228.069s][info][gc,phases      ] GC(688)   Post Evacuate Collection Set: 0.92ms
[3228.069s][info][gc,phases      ] GC(688)   Other: 0.11ms
[3228.069s][info][gc,heap        ] GC(688) Eden regions: 1119->0(1100)
[3228.069s][info][gc,heap        ] GC(688) Survivor regions: 109->114(154)
[3228.069s][info][gc,heap        ] GC(688) Old regions: 506->537
[3228.069s][info][gc,heap        ] GC(688) Humongous regions: 80->80
[3228.069s][info][gc,metaspace   ] GC(688) Metaspace: 28906K(29248K)->28906K(29248K) NonClass: 24038K(24192K)->24038K(24192K) Class: 4868K(5056K)->4868K(5056K)
[3228.069s][info][gc             ] GC(688) Pause Young (Prepare Mixed) (G1 Evacuation Pause) 3626M->1459M(4096M) 121.872ms
[3228.069s][info][gc,cpu         ] GC(688) User=0.73s Sys=0.00s Real=0.12s
...[3231.313s][info][gc,start       ] GC(689) Pause Young (Mixed) (G1 Evacuation Pause)
[3231.313s][info][gc,task        ] GC(689) Using 6 workers of 6 for evacuation
[3231.450s][info][gc,phases      ] GC(689)   Pre Evacuate Collection Set: 0.33ms
[3231.450s][info][gc,phases      ] GC(689)   Merge Heap Roots: 0.72ms
[3231.450s][info][gc,phases      ] GC(689)   Evacuate Collection Set: 134.89ms
[3231.450s][info][gc,phases      ] GC(689)   Post Evacuate Collection Set: 0.93ms
[3231.450s][info][gc,phases      ] GC(689)   Other: 0.09ms
[3231.450s][info][gc,heap        ] GC(689) Eden regions: 1100->0(1117)
[3231.450s][info][gc,heap        ] GC(689) Survivor regions: 114->111(152)
[3231.450s][info][gc,heap        ] GC(689) Old regions: 537->473
[3231.450s][info][gc,heap        ] GC(689) Humongous regions: 80->80
[3231.450s][info][gc,metaspace   ] GC(689) Metaspace: 28906K(29248K)->28906K(29248K) NonClass: 24038K(24192K)->24038K(24192K) Class: 4868K(5056K)->4868K(5056K)
[3231.450s][info][gc             ] GC(689) Pause Young (Mixed) (G1 Evacuation Pause) 3659M->1326M(4096M) 137.074ms
[3231.450s][info][gc,cpu         ] GC(689) User=0.82s Sys=0.00s Real=0.13s
...[3234.707s][info][gc,start       ] GC(690) Pause Young (Concurrent Start) (G1 Evacuation Pause)
[3234.707s][info][gc,task        ] GC(690) Using 6 workers of 6 for evacuation
[3234.824s][info][gc,phases      ] GC(690)   Pre Evacuate Collection Set: 0.37ms
[3234.824s][info][gc,phases      ] GC(690)   Merge Heap Roots: 0.46ms
[3234.824s][info][gc,phases      ] GC(690)   Evacuate Collection Set: 114.62ms
[3234.824s][info][gc,phases      ] GC(690)   Post Evacuate Collection Set: 0.88ms
[3234.824s][info][gc,phases      ] GC(690)   Other: 0.11ms
[3234.824s][info][gc,heap        ] GC(690) Eden regions: 1117->0(1119)
[3234.824s][info][gc,heap        ] GC(690) Survivor regions: 111->109(154)
[3234.824s][info][gc,heap        ] GC(690) Old regions: 473->505
[3234.824s][info][gc,heap        ] GC(690) Humongous regions: 80->80
[3234.824s][info][gc,metaspace   ] GC(690) Metaspace: 28906K(29248K)->28906K(29248K) NonClass: 24038K(24192K)->24038K(24192K) Class: 4868K(5056K)->4868K(5056K)
[3234.824s][info][gc             ] GC(690) Pause Young (Concurrent Start) (G1 Evacuation Pause) 3560M->1385M(4096M) 116.562ms
[3234.824s][info][gc             ] GC(691) Concurrent Mark Cycle
[3234.824s][info][gc,marking     ] GC(691) Concurrent Scan Root Regions
[3234.824s][info][gc,cpu         ] GC(690) User=0.69s Sys=0.00s Real=0.12s
.[3235.010s][info][gc,marking     ] GC(691) Concurrent Scan Root Regions 186.814ms
[3235.011s][info][gc,marking     ] GC(691) Concurrent Mark
[3235.011s][info][gc,marking     ] GC(691) Concurrent Mark From Roots
[3235.011s][info][gc,task        ] GC(691) Using 2 workers of 2 for marking
[3235.707s][info][gc,marking     ] GC(691) Concurrent Mark From Roots 696.262ms
[3235.707s][info][gc,marking     ] GC(691) Concurrent Preclean
[3235.707s][info][gc,marking     ] GC(691) Concurrent Preclean 0.252ms
[3235.707s][info][gc,start       ] GC(691) Pause Remark
[3235.711s][info][gc             ] GC(691) Pause Remark 2044M->2044M(4096M) 3.668ms
[3235.711s][info][gc,cpu         ] GC(691) User=0.02s Sys=0.00s Real=0.01s
[3235.711s][info][gc,marking     ] GC(691) Concurrent Mark 700.450ms
[3235.711s][info][gc,marking     ] GC(691) Concurrent Rebuild Remembered Sets and Scrub Regions
.[3235.958s][info][gc,marking     ] GC(691) Concurrent Rebuild Remembered Sets and Scrub Regions 247.468ms
[3235.959s][info][gc,start       ] GC(691) Pause Cleanup
[3235.959s][info][gc             ] GC(691) Pause Cleanup 2230M->2230M(4096M) 0.100ms
[3235.959s][info][gc,cpu         ] GC(691) User=0.00s Sys=0.00s Real=0.00s
[3235.959s][info][gc,marking     ] GC(691) Concurrent Clear Claimed Marks
[3235.959s][info][gc,marking     ] GC(691) Concurrent Clear Claimed Marks 0.023ms
[3235.959s][info][gc,marking     ] GC(691) Concurrent Cleanup for Next Mark
[3235.963s][info][gc,marking     ] GC(691) Concurrent Cleanup for Next Mark 3.983ms
[3235.963s][info][gc             ] GC(691) Concurrent Mark Cycle 1139.190ms
..[3238.093s][info][gc,start       ] GC(692) Pause Young (Prepare Mixed) (G1 Evacuation Pause)
[3238.093s][info][gc,task        ] GC(692) Using 6 workers of 6 for evacuation
[3238.219s][info][gc,phases      ] GC(692)   Pre Evacuate Collection Set: 0.34ms
[3238.219s][info][gc,phases      ] GC(692)   Merge Heap Roots: 0.60ms
[3238.219s][info][gc,phases      ] GC(692)   Evacuate Collection Set: 123.79ms
[3238.219s][info][gc,phases      ] GC(692)   Post Evacuate Collection Set: 0.90ms
[3238.219s][info][gc,phases      ] GC(692)   Other: 0.09ms
[3238.219s][info][gc,heap        ] GC(692) Eden regions: 1119->0(1096)
[3238.219s][info][gc,heap        ] GC(692) Survivor regions: 109->116(154)
[3238.219s][info][gc,heap        ] GC(692) Old regions: 505->537
[3238.219s][info][gc,heap        ] GC(692) Humongous regions: 80->80
[3238.219s][info][gc,metaspace   ] GC(692) Metaspace: 28906K(29248K)->28906K(29248K) NonClass: 24038K(24192K)->24038K(24192K) Class: 4868K(5056K)->4868K(5056K)
[3238.219s][info][gc             ] GC(692) Pause Young (Prepare Mixed) (G1 Evacuation Pause) 3623M->1464M(4096M) 125.871ms
[3238.219s][info][gc,cpu         ] GC(692) User=0.75s Sys=0.00s Real=0.12s
...[3241.445s][info][gc,start       ] GC(693) Pause Young (Mixed) (G1 Evacuation Pause)
[3241.445s][info][gc,task        ] GC(693) Using 6 workers of 6 for evacuation
[3241.576s][info][gc,phases      ] GC(693)   Pre Evacuate Collection Set: 0.36ms
[3241.576s][info][gc,phases      ] GC(693)   Merge Heap Roots: 0.66ms
[3241.576s][info][gc,phases      ] GC(693)   Evacuate Collection Set: 129.49ms
[3241.576s][info][gc,phases      ] GC(693)   Post Evacuate Collection Set: 0.92ms
[3241.576s][info][gc,phases      ] GC(693)   Other: 0.08ms
[3241.576s][info][gc,heap        ] GC(693) Eden regions: 1096->0(1121)
[3241.576s][info][gc,heap        ] GC(693) Survivor regions: 116->107(152)
[3241.576s][info][gc,heap        ] GC(693) Old regions: 537->474
[3241.576s][info][gc,heap        ] GC(693) Humongous regions: 80->80
[3241.576s][info][gc,metaspace   ] GC(693) Metaspace: 28906K(29248K)->28906K(29248K) NonClass: 24038K(24192K)->24038K(24192K) Class: 4868K(5056K)->4868K(5056K)
[3241.576s][info][gc             ] GC(693) Pause Young (Mixed) (G1 Evacuation Pause) 3656M->1321M(4096M) 131.667ms
[3241.576s][info][gc,cpu         ] GC(693) User=0.79s Sys=0.00s Real=0.13s
....[3244.896s][info][gc,start       ] GC(694) Pause Young (Concurrent Start) (G1 Evacuation Pause)
[3244.896s][info][gc,task        ] GC(694) Using 6 workers of 6 for evacuation
[3245.014s][info][gc,phases      ] GC(694)   Pre Evacuate Collection Set: 0.34ms
[3245.014s][info][gc,phases      ] GC(694)   Merge Heap Roots: 0.47ms
[3245.014s][info][gc,phases      ] GC(694)   Evacuate Collection Set: 116.60ms
[3245.014s][info][gc,phases      ] GC(694)   Post Evacuate Collection Set: 0.86ms
[3245.014s][info][gc,phases      ] GC(694)   Other: 0.09ms
[3245.014s][info][gc,heap        ] GC(694) Eden regions: 1121->0(1118)
[3245.014s][info][gc,heap        ] GC(694) Survivor regions: 107->110(154)
[3245.014s][info][gc,heap        ] GC(694) Old regions: 474->506
[3245.014s][info][gc,heap        ] GC(694) Humongous regions: 80->80
[3245.014s][info][gc,metaspace   ] GC(694) Metaspace: 28906K(29248K)->28906K(29248K) NonClass: 24038K(24192K)->24038K(24192K) Class: 4868K(5056K)->4868K(5056K)
[3245.014s][info][gc             ] GC(694) Pause Young (Concurrent Start) (G1 Evacuation Pause) 3563M->1389M(4096M) 118.507ms
[3245.014s][info][gc             ] GC(695) Concurrent Mark Cycle
[3245.014s][info][gc,marking     ] GC(695) Concurrent Scan Root Regions
[3245.014s][info][gc,cpu         ] GC(694) User=0.70s Sys=0.00s Real=0.12s
[3245.154s][info][gc,marking     ] GC(695) Concurrent Scan Root Regions 139.753ms
[3245.154s][info][gc,marking     ] GC(695) Concurrent Mark
[3245.154s][info][gc,marking     ] GC(695) Concurrent Mark From Roots
[3245.154s][info][gc,task        ] GC(695) Using 2 workers of 2 for marking
[3245.830s][info][gc,marking     ] GC(695) Concurrent Mark From Roots 676.159ms
[3245.830s][info][gc,marking     ] GC(695) Concurrent Preclean
[3245.830s][info][gc,marking     ] GC(695) Concurrent Preclean 0.225ms
[3245.831s][info][gc,start       ] GC(695) Pause Remark
[3245.834s][info][gc             ] GC(695) Pause Remark 2000M->2000M(4096M) 3.544ms
[3245.834s][info][gc,cpu         ] GC(695) User=0.02s Sys=0.00s Real=0.01s
[3245.836s][info][gc,marking     ] GC(695) Concurrent Mark 681.947ms
[3245.836s][info][gc,marking     ] GC(695) Concurrent Rebuild Remembered Sets and Scrub Regions
.[3246.076s][info][gc,marking     ] GC(695) Concurrent Rebuild Remembered Sets and Scrub Regions 240.363ms
[3246.076s][info][gc,start       ] GC(695) Pause Cleanup
[3246.077s][info][gc             ] GC(695) Pause Cleanup 2157M->2157M(4096M) 0.116ms
[3246.077s][info][gc,cpu         ] GC(695) User=0.00s Sys=0.00s Real=0.00s
[3246.077s][info][gc,marking     ] GC(695) Concurrent Clear Claimed Marks
[3246.077s][info][gc,marking     ] GC(695) Concurrent Clear Claimed Marks 0.027ms
[3246.077s][info][gc,marking     ] GC(695) Concurrent Cleanup for Next Mark
[3246.080s][info][gc,marking     ] GC(695) Concurrent Cleanup for Next Mark 3.205ms
[3246.080s][info][gc             ] GC(695) Concurrent Mark Cycle 1065.713ms
..[3248.300s][info][gc,start       ] GC(696) Pause Young (Prepare Mixed) (G1 Evacuation Pause)
[3248.300s][info][gc,task        ] GC(696) Using 6 workers of 6 for evacuation
[3248.418s][info][gc,phases      ] GC(696)   Pre Evacuate Collection Set: 0.34ms
[3248.418s][info][gc,phases      ] GC(696)   Merge Heap Roots: 0.52ms
[3248.418s][info][gc,phases      ] GC(696)   Evacuate Collection Set: 116.14ms
[3248.418s][info][gc,phases      ] GC(696)   Post Evacuate Collection Set: 0.89ms
[3248.418s][info][gc,phases      ] GC(696)   Other: 0.09ms
[3248.418s][info][gc,heap        ] GC(696) Eden regions: 1118->0(1105)
[3248.418s][info][gc,heap        ] GC(696) Survivor regions: 110->111(154)
[3248.418s][info][gc,heap        ] GC(696) Old regions: 506->538
[3248.418s][info][gc,heap        ] GC(696) Humongous regions: 80->80
[3248.418s][info][gc,metaspace   ] GC(696) Metaspace: 28906K(29248K)->28906K(29248K) NonClass: 24038K(24192K)->24038K(24192K) Class: 4868K(5056K)->4868K(5056K)
[3248.418s][info][gc             ] GC(696) Pause Young (Prepare Mixed) (G1 Evacuation Pause) 3625M->1456M(4096M) 118.099ms
[3248.418s][info][gc,cpu         ] GC(696) User=0.70s Sys=0.00s Real=0.12s
...[3251.685s][info][gc,start       ] GC(697) Pause Young (Mixed) (G1 Evacuation Pause)
[3251.685s][info][gc,task        ] GC(697) Using 6 workers of 6 for evacuation
[3251.818s][info][gc,phases      ] GC(697)   Pre Evacuate Collection Set: 0.36ms
[3251.818s][info][gc,phases      ] GC(697)   Merge Heap Roots: 0.69ms
[3251.818s][info][gc,phases      ] GC(697)   Evacuate Collection Set: 131.38ms
[3251.818s][info][gc,phases      ] GC(697)   Post Evacuate Collection Set: 0.94ms
[3251.818s][info][gc,phases      ] GC(697)   Other: 0.10ms
[3251.818s][info][gc,heap        ] GC(697) Eden regions: 1105->0(1119)
[3251.818s][info][gc,heap        ] GC(697) Survivor regions: 111->109(152)
[3251.818s][info][gc,heap        ] GC(697) Old regions: 538->473
[3251.818s][info][gc,heap        ] GC(697) Humongous regions: 80->80
[3251.818s][info][gc,metaspace   ] GC(697) Metaspace: 28906K(29248K)->28906K(29248K) NonClass: 24038K(24192K)->24038K(24192K) Class: 4868K(5056K)->4868K(5056K)
[3251.818s][info][gc             ] GC(697) Pause Young (Mixed) (G1 Evacuation Pause) 3666M->1321M(4096M) 133.634ms
[3251.818s][info][gc,cpu         ] GC(697) User=0.79s Sys=0.00s Real=0.13s
....[3255.121s][info][gc,start       ] GC(698) Pause Young (Concurrent Start) (G1 Evacuation Pause)
[3255.121s][info][gc,task        ] GC(698) Using 6 workers of 6 for evacuation
[3255.239s][info][gc,phases      ] GC(698)   Pre Evacuate Collection Set: 0.39ms
[3255.239s][info][gc,phases      ] GC(698)   Merge Heap Roots: 0.51ms
[3255.239s][info][gc,phases      ] GC(698)   Evacuate Collection Set: 116.35ms
[3255.239s][info][gc,phases      ] GC(698)   Post Evacuate Collection Set: 0.87ms
[3255.239s][info][gc,phases      ] GC(698)   Other: 0.11ms
[3255.239s][info][gc,heap        ] GC(698) Eden regions: 1119->0(1118)
[3255.239s][info][gc,heap        ] GC(698) Survivor regions: 109->110(154)
[3255.240s][info][gc,heap        ] GC(698) Old regions: 473->504
[3255.240s][info][gc,heap        ] GC(698) Humongous regions: 80->80
[3255.240s][info][gc,metaspace   ] GC(698) Metaspace: 28906K(29248K)->28906K(29248K) NonClass: 24038K(24192K)->24038K(24192K) Class: 4868K(5056K)->4868K(5056K)
[3255.240s][info][gc             ] GC(698) Pause Young (Concurrent Start) (G1 Evacuation Pause) 3559M->1387M(4096M) 118.358ms
[3255.240s][info][gc             ] GC(699) Concurrent Mark Cycle
[3255.240s][info][gc,marking     ] GC(699) Concurrent Scan Root Regions
[3255.240s][info][gc,cpu         ] GC(698) User=0.70s Sys=0.00s Real=0.11s
[3255.380s][info][gc,marking     ] GC(699) Concurrent Scan Root Regions 139.908ms
[3255.380s][info][gc,marking     ] GC(699) Concurrent Mark
[3255.380s][info][gc,marking     ] GC(699) Concurrent Mark From Roots
[3255.380s][info][gc,task        ] GC(699) Using 2 workers of 2 for marking
.[3256.040s][info][gc,marking     ] GC(699) Concurrent Mark From Roots 660.871ms
[3256.040s][info][gc,marking     ] GC(699) Concurrent Preclean
[3256.041s][info][gc,marking     ] GC(699) Concurrent Preclean 0.182ms
[3256.041s][info][gc,start       ] GC(699) Pause Remark
[3256.044s][info][gc             ] GC(699) Pause Remark 1959M->1959M(4096M) 3.359ms
[3256.044s][info][gc,cpu         ] GC(699) User=0.02s Sys=0.00s Real=0.00s
[3256.045s][info][gc,marking     ] GC(699) Concurrent Mark 665.055ms
[3256.045s][info][gc,marking     ] GC(699) Concurrent Rebuild Remembered Sets and Scrub Regions
[3256.296s][info][gc,marking     ] GC(699) Concurrent Rebuild Remembered Sets and Scrub Regions 251.320ms
[3256.296s][info][gc,start       ] GC(699) Pause Cleanup
[3256.296s][info][gc             ] GC(699) Pause Cleanup 2138M->2138M(4096M) 0.114ms
[3256.296s][info][gc,cpu         ] GC(699) User=0.00s Sys=0.00s Real=0.00s
[3256.297s][info][gc,marking     ] GC(699) Concurrent Clear Claimed Marks
[3256.297s][info][gc,marking     ] GC(699) Concurrent Clear Claimed Marks 0.031ms
[3256.297s][info][gc,marking     ] GC(699) Concurrent Cleanup for Next Mark
[3256.301s][info][gc,marking     ] GC(699) Concurrent Cleanup for Next Mark 4.768ms
[3256.301s][info][gc             ] GC(699) Concurrent Mark Cycle 1061.900ms
..[3258.520s][info][gc,start       ] GC(700) Pause Young (Prepare Mixed) (G1 Evacuation Pause)
[3258.521s][info][gc,task        ] GC(700) Using 6 workers of 6 for evacuation
[3258.637s][info][gc,phases      ] GC(700)   Pre Evacuate Collection Set: 0.34ms
[3258.637s][info][gc,phases      ] GC(700)   Merge Heap Roots: 0.50ms
[3258.637s][info][gc,phases      ] GC(700)   Evacuate Collection Set: 114.17ms
[3258.637s][info][gc,phases      ] GC(700)   Post Evacuate Collection Set: 0.92ms
[3258.637s][info][gc,phases      ] GC(700)   Other: 0.10ms
[3258.637s][info][gc,heap        ] GC(700) Eden regions: 1118->0(1112)
[3258.637s][info][gc,heap        ] GC(700) Survivor regions: 110->109(154)
[3258.637s][info][gc,heap        ] GC(700) Old regions: 504->535
[3258.637s][info][gc,heap        ] GC(700) Humongous regions: 80->80
[3258.637s][info][gc,metaspace   ] GC(700) Metaspace: 28906K(29248K)->28906K(29248K) NonClass: 24038K(24192K)->24038K(24192K) Class: 4868K(5056K)->4868K(5056K)
[3258.637s][info][gc             ] GC(700) Pause Young (Prepare Mixed) (G1 Evacuation Pause) 3623M->1446M(4096M) 116.197ms
[3258.637s][info][gc,cpu         ] GC(700) User=0.70s Sys=0.00s Real=0.12s
... (rIR:aIR:PR = 5535:5537:5536) (tPR = 81618) [OK] 
  3260s: Performance info:
         Transaction,    Success,    Partial,     Failed,   Receipts, AvgBarcode, 
             Overall,     334800,          0,          0,     318056,      59.47, 
         Response times:
             Request,    Success,    Partial,     Failed,   SkipFail,     Probes,    Samples,      min,      p50,      p90,      p95,      p99,      max, 
       TotalPurchase,     318074,          0,          0,          0,     311923,     355754,      300,     4600,    13000,    34000,    80000,   224000,
     InStorePurchase,     167424,          0,          0,          0,     164415,     187072,      300,     4500,    12900,    34000,    79000,   224000,
      OnlinePurchase,     117185,          0,          0,          0,     114883,     131064,      300,     4800,    13000,    35000,    80000,   224000,
        InstPurchase,      33465,          0,          0,          0,      32625,      37618,      300,     5000,    13100,    35000,    82000,   183000,
          AssocOfCat,        339,          0,          0,          0,        283,        400,    24000,    36000,    69900,    86900,   156700,   169000,
      AssocOfProduct,       3341,          0,          0,          0,       3089,       3750,      700,     4800,    15900,    42000,    85000,   160000,
      BusinessReport,        838,          0,          0,          0,        717,        929,    26000,    41000,    73000,    98500,   187000,   275000,
          CustBuyBeh,       3351,          0,          0,          0,       3102,       3734,      100,     3600,    11100,    28000,    70650,   143000,
       ProductReturn,       8876,          0,          0,          0,       8483,       9896,      200,     3900,    12700,    31000,    76000,   160000,

  3260s: (41%)   IR =   5673 [3261.808s][info][gc,start       ] GC(701) Pause Young (Mixed) (G1 Evacuation Pause)
[3261.808s][info][gc,task        ] GC(701) Using 6 workers of 6 for evacuation
[3261.945s][info][gc,phases      ] GC(701)   Pre Evacuate Collection Set: 0.39ms
[3261.945s][info][gc,phases      ] GC(701)   Merge Heap Roots: 0.72ms
[3261.945s][info][gc,phases      ] GC(701)   Evacuate Collection Set: 134.76ms
[3261.945s][info][gc,phases      ] GC(701)   Post Evacuate Collection Set: 0.92ms
[3261.945s][info][gc,phases      ] GC(701)   Other: 0.09ms
[3261.945s][info][gc,heap        ] GC(701) Eden regions: 1112->0(1118)
[3261.945s][info][gc,heap        ] GC(701) Survivor regions: 109->110(153)
[3261.945s][info][gc,heap        ] GC(701) Old regions: 535->472
[3261.945s][info][gc,heap        ] GC(701) Humongous regions: 80->80
[3261.945s][info][gc,metaspace   ] GC(701) Metaspace: 28906K(29248K)->28906K(29248K) NonClass: 24038K(24192K)->24038K(24192K) Class: 4868K(5056K)->4868K(5056K)
[3261.945s][info][gc             ] GC(701) Pause Young (Mixed) (G1 Evacuation Pause) 3670M->1323M(4096M) 137.005ms
[3261.945s][info][gc,cpu         ] GC(701) User=0.81s Sys=0.00s Real=0.14s
....[3265.201s][info][gc,start       ] GC(702) Pause Young (Concurrent Start) (G1 Evacuation Pause)
[3265.201s][info][gc,task        ] GC(702) Using 6 workers of 6 for evacuation
[3265.320s][info][gc,phases      ] GC(702)   Pre Evacuate Collection Set: 0.37ms
[3265.320s][info][gc,phases      ] GC(702)   Merge Heap Roots: 0.49ms
[3265.320s][info][gc,phases      ] GC(702)   Evacuate Collection Set: 117.26ms
[3265.320s][info][gc,phases      ] GC(702)   Post Evacuate Collection Set: 0.90ms
[3265.320s][info][gc,phases      ] GC(702)   Other: 0.12ms
[3265.320s][info][gc,heap        ] GC(702) Eden regions: 1118->0(1118)
[3265.320s][info][gc,heap        ] GC(702) Survivor regions: 110->110(154)
[3265.320s][info][gc,heap        ] GC(702) Old regions: 472->505
[3265.320s][info][gc,heap        ] GC(702) Humongous regions: 80->80
[3265.320s][info][gc,metaspace   ] GC(702) Metaspace: 28906K(29248K)->28906K(29248K) NonClass: 24038K(24192K)->24038K(24192K) Class: 4868K(5056K)->4868K(5056K)
[3265.320s][info][gc             ] GC(702) Pause Young (Concurrent Start) (G1 Evacuation Pause) 3559M->1388M(4096M) 119.262ms
[3265.320s][info][gc             ] GC(703) Concurrent Mark Cycle
[3265.320s][info][gc,marking     ] GC(703) Concurrent Scan Root Regions
[3265.320s][info][gc,cpu         ] GC(702) User=0.71s Sys=0.00s Real=0.11s
[3265.522s][info][gc,marking     ] GC(703) Concurrent Scan Root Regions 202.199ms
[3265.523s][info][gc,marking     ] GC(703) Concurrent Mark
[3265.523s][info][gc,marking     ] GC(703) Concurrent Mark From Roots
[3265.523s][info][gc,task        ] GC(703) Using 2 workers of 2 for marking
.[3266.367s][info][gc,marking     ] GC(703) Concurrent Mark From Roots 844.817ms
[3266.367s][info][gc,marking     ] GC(703) Concurrent Preclean
[3266.367s][info][gc,marking     ] GC(703) Concurrent Preclean 0.097ms
[3266.368s][info][gc,start       ] GC(703) Pause Remark
[3266.371s][info][gc             ] GC(703) Pause Remark 2196M->2196M(4096M) 3.820ms
[3266.371s][info][gc,cpu         ] GC(703) User=0.02s Sys=0.00s Real=0.01s
[3266.372s][info][gc,marking     ] GC(703) Concurrent Mark 848.993ms
[3266.372s][info][gc,marking     ] GC(703) Concurrent Rebuild Remembered Sets and Scrub Regions
[3266.613s][info][gc,marking     ] GC(703) Concurrent Rebuild Remembered Sets and Scrub Regions 241.130ms
[3266.613s][info][gc,start       ] GC(703) Pause Cleanup
[3266.613s][info][gc             ] GC(703) Pause Cleanup 2351M->2351M(4096M) 0.107ms
[3266.613s][info][gc,cpu         ] GC(703) User=0.00s Sys=0.00s Real=0.00s
[3266.613s][info][gc,marking     ] GC(703) Concurrent Clear Claimed Marks
[3266.613s][info][gc,marking     ] GC(703) Concurrent Clear Claimed Marks 0.021ms
[3266.613s][info][gc,marking     ] GC(703) Concurrent Cleanup for Next Mark
[3266.617s][info][gc,marking     ] GC(703) Concurrent Cleanup for Next Mark 3.709ms
[3266.617s][info][gc             ] GC(703) Concurrent Mark Cycle 1296.506ms
..[3268.465s][info][gc,start       ] GC(704) Pause Young (Prepare Mixed) (G1 Evacuation Pause)
[3268.465s][info][gc,task        ] GC(704) Using 6 workers of 6 for evacuation
[3268.582s][info][gc,phases      ] GC(704)   Pre Evacuate Collection Set: 0.36ms
[3268.582s][info][gc,phases      ] GC(704)   Merge Heap Roots: 0.53ms
[3268.582s][info][gc,phases      ] GC(704)   Evacuate Collection Set: 115.03ms
[3268.582s][info][gc,phases      ] GC(704)   Post Evacuate Collection Set: 0.91ms
[3268.582s][info][gc,phases      ] GC(704)   Other: 0.08ms
[3268.582s][info][gc,heap        ] GC(704) Eden regions: 1118->0(1114)
[3268.582s][info][gc,heap        ] GC(704) Survivor regions: 110->107(154)
[3268.582s][info][gc,heap        ] GC(704) Old regions: 505->537
[3268.582s][info][gc,heap        ] GC(704) Humongous regions: 80->80
[3268.582s][info][gc,metaspace   ] GC(704) Metaspace: 28906K(29248K)->28906K(29248K) NonClass: 24038K(24192K)->24038K(24192K) Class: 4868K(5056K)->4868K(5056K)
[3268.582s][info][gc             ] GC(704) Pause Young (Prepare Mixed) (G1 Evacuation Pause) 3624M->1446M(4096M) 117.043ms
[3268.582s][info][gc,cpu         ] GC(704) User=0.69s Sys=0.00s Real=0.12s
...[3271.781s][info][gc,start       ] GC(705) Pause Young (Mixed) (G1 Evacuation Pause)
[3271.781s][info][gc,task        ] GC(705) Using 6 workers of 6 for evacuation
[3271.918s][info][gc,phases      ] GC(705)   Pre Evacuate Collection Set: 0.36ms
[3271.918s][info][gc,phases      ] GC(705)   Merge Heap Roots: 0.71ms
[3271.918s][info][gc,phases      ] GC(705)   Evacuate Collection Set: 134.59ms
[3271.918s][info][gc,phases      ] GC(705)   Post Evacuate Collection Set: 0.95ms
[3271.918s][info][gc,phases      ] GC(705)   Other: 0.09ms
[3271.918s][info][gc,heap        ] GC(705) Eden regions: 1114->0(1120)
[3271.918s][info][gc,heap        ] GC(705) Survivor regions: 107->108(153)
[3271.918s][info][gc,heap        ] GC(705) Old regions: 537->474
[3271.918s][info][gc,heap        ] GC(705) Humongous regions: 80->80
[3271.918s][info][gc,metaspace   ] GC(705) Metaspace: 28906K(29248K)->28906K(29248K) NonClass: 24038K(24192K)->24038K(24192K) Class: 4868K(5056K)->4868K(5056K)
[3271.918s][info][gc             ] GC(705) Pause Young (Mixed) (G1 Evacuation Pause) 3674M->1323M(4096M) 136.838ms
[3271.918s][info][gc,cpu         ] GC(705) User=0.81s Sys=0.00s Real=0.13s
....[3275.197s][info][gc,start       ] GC(706) Pause Young (Concurrent Start) (G1 Evacuation Pause)
[3275.197s][info][gc,task        ] GC(706) Using 6 workers of 6 for evacuation
[3275.321s][info][gc,phases      ] GC(706)   Pre Evacuate Collection Set: 0.41ms
[3275.321s][info][gc,phases      ] GC(706)   Merge Heap Roots: 0.55ms
[3275.321s][info][gc,phases      ] GC(706)   Evacuate Collection Set: 121.76ms
[3275.321s][info][gc,phases      ] GC(706)   Post Evacuate Collection Set: 0.87ms
[3275.321s][info][gc,phases      ] GC(706)   Other: 0.14ms
[3275.321s][info][gc,heap        ] GC(706) Eden regions: 1120->0(1114)
[3275.321s][info][gc,heap        ] GC(706) Survivor regions: 108->114(154)
[3275.321s][info][gc,heap        ] GC(706) Old regions: 474->506
[3275.321s][info][gc,heap        ] GC(706) Humongous regions: 80->80
[3275.321s][info][gc,metaspace   ] GC(706) Metaspace: 28906K(29248K)->28906K(29248K) NonClass: 24038K(24192K)->24038K(24192K) Class: 4868K(5056K)->4868K(5056K)
[3275.321s][info][gc             ] GC(706) Pause Young (Concurrent Start) (G1 Evacuation Pause) 3563M->1398M(4096M) 123.870ms
[3275.321s][info][gc             ] GC(707) Concurrent Mark Cycle
[3275.321s][info][gc,marking     ] GC(707) Concurrent Scan Root Regions
[3275.321s][info][gc,cpu         ] GC(706) User=0.74s Sys=0.00s Real=0.13s
[3275.469s][info][gc,marking     ] GC(707) Concurrent Scan Root Regions 147.997ms
[3275.469s][info][gc,marking     ] GC(707) Concurrent Mark
[3275.469s][info][gc,marking     ] GC(707) Concurrent Mark From Roots
[3275.469s][info][gc,task        ] GC(707) Using 2 workers of 2 for marking
.[3276.360s][info][gc,marking     ] GC(707) Concurrent Mark From Roots 891.536ms
[3276.360s][info][gc,marking     ] GC(707) Concurrent Preclean
[3276.361s][info][gc,marking     ] GC(707) Concurrent Preclean 0.249ms
[3276.362s][info][gc,start       ] GC(707) Pause Remark
[3276.366s][info][gc             ] GC(707) Pause Remark 2210M->2210M(4096M) 4.403ms
[3276.367s][info][gc,cpu         ] GC(707) User=0.02s Sys=0.00s Real=0.00s
[3276.367s][info][gc,marking     ] GC(707) Concurrent Mark 897.791ms
[3276.367s][info][gc,marking     ] GC(707) Concurrent Rebuild Remembered Sets and Scrub Regions
[3276.602s][info][gc,marking     ] GC(707) Concurrent Rebuild Remembered Sets and Scrub Regions 235.031ms
[3276.602s][info][gc,start       ] GC(707) Pause Cleanup
[3276.602s][info][gc             ] GC(707) Pause Cleanup 2360M->2360M(4096M) 0.115ms
[3276.602s][info][gc,cpu         ] GC(707) User=0.00s Sys=0.00s Real=0.00s
[3276.603s][info][gc,marking     ] GC(707) Concurrent Clear Claimed Marks
[3276.603s][info][gc,marking     ] GC(707) Concurrent Clear Claimed Marks 0.029ms
[3276.603s][info][gc,marking     ] GC(707) Concurrent Cleanup for Next Mark
[3276.607s][info][gc,marking     ] GC(707) Concurrent Cleanup for Next Mark 4.438ms
[3276.607s][info][gc             ] GC(707) Concurrent Mark Cycle 1286.494ms
.|.[3278.424s][info][gc,start       ] GC(708) Pause Young (Prepare Mixed) (G1 Evacuation Pause)
[3278.424s][info][gc,task        ] GC(708) Using 6 workers of 6 for evacuation
[3278.540s][info][gc,phases      ] GC(708)   Pre Evacuate Collection Set: 0.31ms
[3278.540s][info][gc,phases      ] GC(708)   Merge Heap Roots: 0.56ms
[3278.540s][info][gc,phases      ] GC(708)   Evacuate Collection Set: 114.37ms
[3278.540s][info][gc,phases      ] GC(708)   Post Evacuate Collection Set: 0.91ms
[3278.540s][info][gc,phases      ] GC(708)   Other: 0.08ms
[3278.540s][info][gc,heap        ] GC(708) Eden regions: 1114->0(1113)
[3278.540s][info][gc,heap        ] GC(708) Survivor regions: 114->107(154)
[3278.540s][info][gc,heap        ] GC(708) Old regions: 506->538
[3278.540s][info][gc,heap        ] GC(708) Humongous regions: 80->80
[3278.540s][info][gc,metaspace   ] GC(708) Metaspace: 28906K(29248K)->28906K(29248K) NonClass: 24038K(24192K)->24038K(24192K) Class: 4868K(5056K)->4868K(5056K)
[3278.540s][info][gc             ] GC(708) Pause Young (Prepare Mixed) (G1 Evacuation Pause) 3626M->1449M(4096M) 116.376ms
[3278.540s][info][gc,cpu         ] GC(708) User=0.69s Sys=0.00s Real=0.11s
...[3281.693s][info][gc,start       ] GC(709) Pause Young (Mixed) (G1 Evacuation Pause)
[3281.693s][info][gc,task        ] GC(709) Using 6 workers of 6 for evacuation
[3281.825s][info][gc,phases      ] GC(709)   Pre Evacuate Collection Set: 0.38ms
[3281.825s][info][gc,phases      ] GC(709)   Merge Heap Roots: 0.77ms
[3281.825s][info][gc,phases      ] GC(709)   Evacuate Collection Set: 130.01ms
[3281.825s][info][gc,phases      ] GC(709)   Post Evacuate Collection Set: 0.90ms
[3281.825s][info][gc,phases      ] GC(709)   Other: 0.09ms
[3281.825s][info][gc,heap        ] GC(709) Eden regions: 1113->0(1120)
[3281.825s][info][gc,heap        ] GC(709) Survivor regions: 107->108(153)
[3281.825s][info][gc,heap        ] GC(709) Old regions: 538->474
[3281.825s][info][gc,heap        ] GC(709) Humongous regions: 80->80
[3281.825s][info][gc,metaspace   ] GC(709) Metaspace: 28906K(29248K)->28906K(29248K) NonClass: 24038K(24192K)->24038K(24192K) Class: 4868K(5056K)->4868K(5056K)
[3281.825s][info][gc             ] GC(709) Pause Young (Mixed) (G1 Evacuation Pause) 3675M->1322M(4096M) 132.273ms
[3281.825s][info][gc,cpu         ] GC(709) User=0.79s Sys=0.00s Real=0.13s
....[3285.109s][info][gc,start       ] GC(710) Pause Young (Concurrent Start) (G1 Evacuation Pause)
[3285.109s][info][gc,task        ] GC(710) Using 6 workers of 6 for evacuation
[3285.230s][info][gc,phases      ] GC(710)   Pre Evacuate Collection Set: 0.34ms
[3285.230s][info][gc,phases      ] GC(710)   Merge Heap Roots: 0.47ms
[3285.230s][info][gc,phases      ] GC(710)   Evacuate Collection Set: 119.32ms
[3285.230s][info][gc,phases      ] GC(710)   Post Evacuate Collection Set: 0.89ms
[3285.230s][info][gc,phases      ] GC(710)   Other: 0.11ms
[3285.230s][info][gc,heap        ] GC(710) Eden regions: 1120->0(1115)
[3285.230s][info][gc,heap        ] GC(710) Survivor regions: 108->113(154)
[3285.230s][info][gc,heap        ] GC(710) Old regions: 474->505
[3285.230s][info][gc,heap        ] GC(710) Humongous regions: 80->80
[3285.230s][info][gc,metaspace   ] GC(710) Metaspace: 28906K(29248K)->28906K(29248K) NonClass: 24038K(24192K)->24038K(24192K) Class: 4868K(5056K)->4868K(5056K)
[3285.230s][info][gc             ] GC(710) Pause Young (Concurrent Start) (G1 Evacuation Pause) 3562M->1394M(4096M) 121.257ms
[3285.230s][info][gc             ] GC(711) Concurrent Mark Cycle
[3285.230s][info][gc,marking     ] GC(711) Concurrent Scan Root Regions
[3285.230s][info][gc,cpu         ] GC(710) User=0.72s Sys=0.00s Real=0.12s
[3285.417s][info][gc,marking     ] GC(711) Concurrent Scan Root Regions 187.043ms
[3285.417s][info][gc,marking     ] GC(711) Concurrent Mark
[3285.417s][info][gc,marking     ] GC(711) Concurrent Mark From Roots
[3285.417s][info][gc,task        ] GC(711) Using 2 workers of 2 for marking
.[3286.079s][info][gc,marking     ] GC(711) Concurrent Mark From Roots 661.997ms
[3286.079s][info][gc,marking     ] GC(711) Concurrent Preclean
[3286.079s][info][gc,marking     ] GC(711) Concurrent Preclean 0.096ms
[3286.079s][info][gc,start       ] GC(711) Pause Remark
[3286.082s][info][gc             ] GC(711) Pause Remark 2014M->2014M(4096M) 3.010ms
[3286.082s][info][gc,cpu         ] GC(711) User=0.02s Sys=0.01s Real=0.01s
[3286.082s][info][gc,marking     ] GC(711) Concurrent Mark 665.346ms
[3286.082s][info][gc,marking     ] GC(711) Concurrent Rebuild Remembered Sets and Scrub Regions
[3286.326s][info][gc,marking     ] GC(711) Concurrent Rebuild Remembered Sets and Scrub Regions 243.278ms
[3286.326s][info][gc,start       ] GC(711) Pause Cleanup
[3286.326s][info][gc             ] GC(711) Pause Cleanup 2182M->2182M(4096M) 0.103ms
[3286.326s][info][gc,cpu         ] GC(711) User=0.00s Sys=0.00s Real=0.00s
[3286.326s][info][gc,marking     ] GC(711) Concurrent Clear Claimed Marks
[3286.326s][info][gc,marking     ] GC(711) Concurrent Clear Claimed Marks 0.032ms
[3286.326s][info][gc,marking     ] GC(711) Concurrent Cleanup for Next Mark
[3286.332s][info][gc,marking     ] GC(711) Concurrent Cleanup for Next Mark 5.563ms
[3286.332s][info][gc             ] GC(711) Concurrent Mark Cycle 1101.826ms
..[3288.432s][info][gc,start       ] GC(712) Pause Young (Prepare Mixed) (G1 Evacuation Pause)
[3288.432s][info][gc,task        ] GC(712) Using 6 workers of 6 for evacuation
[3288.550s][info][gc,phases      ] GC(712)   Pre Evacuate Collection Set: 0.31ms
[3288.550s][info][gc,phases      ] GC(712)   Merge Heap Roots: 0.50ms
[3288.550s][info][gc,phases      ] GC(712)   Evacuate Collection Set: 116.15ms
[3288.550s][info][gc,phases      ] GC(712)   Post Evacuate Collection Set: 0.94ms
[3288.550s][info][gc,phases      ] GC(712)   Other: 0.09ms
[3288.550s][info][gc,heap        ] GC(712) Eden regions: 1115->0(1108)
[3288.550s][info][gc,heap        ] GC(712) Survivor regions: 113->110(154)
[3288.550s][info][gc,heap        ] GC(712) Old regions: 505->537
[3288.550s][info][gc,heap        ] GC(712) Humongous regions: 80->80
[3288.550s][info][gc,metaspace   ] GC(712) Metaspace: 28906K(29248K)->28906K(29248K) NonClass: 24038K(24192K)->24038K(24192K) Class: 4868K(5056K)->4868K(5056K)
[3288.550s][info][gc             ] GC(712) Pause Young (Prepare Mixed) (G1 Evacuation Pause) 3624M->1452M(4096M) 118.124ms
[3288.550s][info][gc,cpu         ] GC(712) User=0.70s Sys=0.00s Real=0.11s
...[3291.739s][info][gc,start       ] GC(713) Pause Young (Mixed) (G1 Evacuation Pause)
[3291.739s][info][gc,task        ] GC(713) Using 6 workers of 6 for evacuation
[3291.875s][info][gc,phases      ] GC(713)   Pre Evacuate Collection Set: 0.35ms
[3291.875s][info][gc,phases      ] GC(713)   Merge Heap Roots: 0.70ms
[3291.875s][info][gc,phases      ] GC(713)   Evacuate Collection Set: 133.54ms
[3291.875s][info][gc,phases      ] GC(713)   Post Evacuate Collection Set: 0.97ms
[3291.875s][info][gc,phases      ] GC(713)   Other: 0.09ms
[3291.875s][info][gc,heap        ] GC(713) Eden regions: 1108->0(1117)
[3291.875s][info][gc,heap        ] GC(713) Survivor regions: 110->111(153)
[3291.875s][info][gc,heap        ] GC(713) Old regions: 537->472
[3291.875s][info][gc,heap        ] GC(713) Humongous regions: 80->80
[3291.875s][info][gc,metaspace   ] GC(713) Metaspace: 28906K(29248K)->28906K(29248K) NonClass: 24038K(24192K)->24038K(24192K) Class: 4868K(5056K)->4868K(5056K)
[3291.875s][info][gc             ] GC(713) Pause Young (Mixed) (G1 Evacuation Pause) 3668M->1325M(4096M) 135.783ms
[3291.875s][info][gc,cpu         ] GC(713) User=0.81s Sys=0.00s Real=0.14s
...[3295.038s][info][gc,start       ] GC(714) Pause Young (Concurrent Start) (G1 Evacuation Pause)
[3295.038s][info][gc,task        ] GC(714) Using 6 workers of 6 for evacuation
[3295.157s][info][gc,phases      ] GC(714)   Pre Evacuate Collection Set: 0.39ms
[3295.157s][info][gc,phases      ] GC(714)   Merge Heap Roots: 0.49ms
[3295.157s][info][gc,phases      ] GC(714)   Evacuate Collection Set: 116.37ms
[3295.157s][info][gc,phases      ] GC(714)   Post Evacuate Collection Set: 0.87ms
[3295.157s][info][gc,phases      ] GC(714)   Other: 0.84ms
[3295.157s][info][gc,heap        ] GC(714) Eden regions: 1117->0(1117)
[3295.157s][info][gc,heap        ] GC(714) Survivor regions: 111->111(154)
[3295.157s][info][gc,heap        ] GC(714) Old regions: 472->505
[3295.157s][info][gc,heap        ] GC(714) Humongous regions: 80->80
[3295.157s][info][gc,metaspace   ] GC(714) Metaspace: 28906K(29248K)->28906K(29248K) NonClass: 24038K(24192K)->24038K(24192K) Class: 4868K(5056K)->4868K(5056K)
[3295.157s][info][gc             ] GC(714) Pause Young (Concurrent Start) (G1 Evacuation Pause) 3559M->1390M(4096M) 119.107ms
[3295.157s][info][gc             ] GC(715) Concurrent Mark Cycle
[3295.157s][info][gc,marking     ] GC(715) Concurrent Scan Root Regions
[3295.157s][info][gc,cpu         ] GC(714) User=0.70s Sys=0.00s Real=0.12s
.[3295.304s][info][gc,marking     ] GC(715) Concurrent Scan Root Regions 147.471ms
[3295.304s][info][gc,marking     ] GC(715) Concurrent Mark
[3295.304s][info][gc,marking     ] GC(715) Concurrent Mark From Roots
[3295.304s][info][gc,task        ] GC(715) Using 2 workers of 2 for marking
[3295.982s][info][gc,marking     ] GC(715) Concurrent Mark From Roots 678.035ms
[3295.982s][info][gc,marking     ] GC(715) Concurrent Preclean
[3295.983s][info][gc,marking     ] GC(715) Concurrent Preclean 0.091ms
[3295.983s][info][gc,start       ] GC(715) Pause Remark
[3295.986s][info][gc             ] GC(715) Pause Remark 1999M->1999M(4096M) 3.475ms
[3295.986s][info][gc,cpu         ] GC(715) User=0.02s Sys=0.00s Real=0.00s
[3295.986s][info][gc,marking     ] GC(715) Concurrent Mark 681.848ms
[3295.986s][info][gc,marking     ] GC(715) Concurrent Rebuild Remembered Sets and Scrub Regions
.[3296.238s][info][gc,marking     ] GC(715) Concurrent Rebuild Remembered Sets and Scrub Regions 252.256ms
[3296.239s][info][gc,start       ] GC(715) Pause Cleanup
[3296.239s][info][gc             ] GC(715) Pause Cleanup 2186M->2186M(4096M) 0.113ms
[3296.239s][info][gc,cpu         ] GC(715) User=0.00s Sys=0.00s Real=0.00s
[3296.239s][info][gc,marking     ] GC(715) Concurrent Clear Claimed Marks
[3296.239s][info][gc,marking     ] GC(715) Concurrent Clear Claimed Marks 0.026ms
[3296.239s][info][gc,marking     ] GC(715) Concurrent Cleanup for Next Mark
[3296.244s][info][gc,marking     ] GC(715) Concurrent Cleanup for Next Mark 4.833ms
[3296.244s][info][gc             ] GC(715) Concurrent Mark Cycle 1086.960ms
..[3298.402s][info][gc,start       ] GC(716) Pause Young (Prepare Mixed) (G1 Evacuation Pause)
[3298.402s][info][gc,task        ] GC(716) Using 6 workers of 6 for evacuation
[3298.517s][info][gc,phases      ] GC(716)   Pre Evacuate Collection Set: 0.32ms
[3298.517s][info][gc,phases      ] GC(716)   Merge Heap Roots: 0.52ms
[3298.517s][info][gc,phases      ] GC(716)   Evacuate Collection Set: 112.99ms
[3298.517s][info][gc,phases      ] GC(716)   Post Evacuate Collection Set: 0.90ms
[3298.517s][info][gc,phases      ] GC(716)   Other: 0.09ms
[3298.517s][info][gc,heap        ] GC(716) Eden regions: 1117->0(1112)
[3298.517s][info][gc,heap        ] GC(716) Survivor regions: 111->108(154)
[3298.517s][info][gc,heap        ] GC(716) Old regions: 505->537
[3298.517s][info][gc,heap        ] GC(716) Humongous regions: 80->80
[3298.517s][info][gc,metaspace   ] GC(716) Metaspace: 28906K(29248K)->28906K(29248K) NonClass: 24038K(24192K)->24038K(24192K) Class: 4868K(5056K)->4868K(5056K)
[3298.517s][info][gc             ] GC(716) Pause Young (Prepare Mixed) (G1 Evacuation Pause) 3624M->1447M(4096M) 114.957ms
[3298.517s][info][gc,cpu         ] GC(716) User=0.68s Sys=0.00s Real=0.11s
...[3301.681s][info][gc,start       ] GC(717) Pause Young (Mixed) (G1 Evacuation Pause)
[3301.681s][info][gc,task        ] GC(717) Using 6 workers of 6 for evacuation
[3301.815s][info][gc,phases      ] GC(717)   Pre Evacuate Collection Set: 0.36ms
[3301.815s][info][gc,phases      ] GC(717)   Merge Heap Roots: 0.66ms
[3301.815s][info][gc,phases      ] GC(717)   Evacuate Collection Set: 132.12ms
[3301.815s][info][gc,phases      ] GC(717)   Post Evacuate Collection Set: 0.94ms
[3301.815s][info][gc,phases      ] GC(717)   Other: 0.09ms
[3301.815s][info][gc,heap        ] GC(717) Eden regions: 1112->0(1114)
[3301.815s][info][gc,heap        ] GC(717) Survivor regions: 108->114(153)
[3301.815s][info][gc,heap        ] GC(717) Old regions: 537->473
[3301.815s][info][gc,heap        ] GC(717) Humongous regions: 80->80
[3301.815s][info][gc,metaspace   ] GC(717) Metaspace: 28906K(29248K)->28906K(29248K) NonClass: 24038K(24192K)->24038K(24192K) Class: 4868K(5056K)->4868K(5056K)
[3301.815s][info][gc             ] GC(717) Pause Young (Mixed) (G1 Evacuation Pause) 3671M->1332M(4096M) 134.313ms
[3301.815s][info][gc,cpu         ] GC(717) User=0.80s Sys=0.00s Real=0.14s
...[3304.988s][info][gc,start       ] GC(718) Pause Young (Concurrent Start) (G1 Evacuation Pause)
[3304.988s][info][gc,task        ] GC(718) Using 6 workers of 6 for evacuation
[3305.111s][info][gc,phases      ] GC(718)   Pre Evacuate Collection Set: 0.36ms
[3305.111s][info][gc,phases      ] GC(718)   Merge Heap Roots: 0.46ms
[3305.111s][info][gc,phases      ] GC(718)   Evacuate Collection Set: 121.10ms
[3305.111s][info][gc,phases      ] GC(718)   Post Evacuate Collection Set: 0.91ms
[3305.111s][info][gc,phases      ] GC(718)   Other: 0.13ms
[3305.111s][info][gc,heap        ] GC(718) Eden regions: 1114->0(1115)
[3305.111s][info][gc,heap        ] GC(718) Survivor regions: 114->113(154)
[3305.111s][info][gc,heap        ] GC(718) Old regions: 473->506
[3305.111s][info][gc,heap        ] GC(718) Humongous regions: 80->80
[3305.111s][info][gc,metaspace   ] GC(718) Metaspace: 28906K(29248K)->28906K(29248K) NonClass: 24038K(24192K)->24038K(24192K) Class: 4868K(5056K)->4868K(5056K)
[3305.111s][info][gc             ] GC(718) Pause Young (Concurrent Start) (G1 Evacuation Pause) 3560M->1395M(4096M) 123.091ms
[3305.111s][info][gc             ] GC(719) Concurrent Mark Cycle
[3305.111s][info][gc,marking     ] GC(719) Concurrent Scan Root Regions
[3305.111s][info][gc,cpu         ] GC(718) User=0.74s Sys=0.00s Real=0.12s
.[3305.259s][info][gc,marking     ] GC(719) Concurrent Scan Root Regions 147.899ms
[3305.259s][info][gc,marking     ] GC(719) Concurrent Mark
[3305.259s][info][gc,marking     ] GC(719) Concurrent Mark From Roots
[3305.259s][info][gc,task        ] GC(719) Using 2 workers of 2 for marking
[3305.957s][info][gc,marking     ] GC(719) Concurrent Mark From Roots 698.210ms
[3305.957s][info][gc,marking     ] GC(719) Concurrent Preclean
[3305.957s][info][gc,marking     ] GC(719) Concurrent Preclean 0.084ms
[3305.957s][info][gc,start       ] GC(719) Pause Remark
[3305.961s][info][gc             ] GC(719) Pause Remark 2048M->2048M(4096M) 3.838ms
[3305.961s][info][gc,cpu         ] GC(719) User=0.02s Sys=0.00s Real=0.01s
[3305.962s][info][gc,marking     ] GC(719) Concurrent Mark 702.862ms
[3305.962s][info][gc,marking     ] GC(719) Concurrent Rebuild Remembered Sets and Scrub Regions
.[3306.205s][info][gc,marking     ] GC(719) Concurrent Rebuild Remembered Sets and Scrub Regions 243.714ms
[3306.205s][info][gc,start       ] GC(719) Pause Cleanup
[3306.205s][info][gc             ] GC(719) Pause Cleanup 2206M->2206M(4096M) 0.118ms
[3306.206s][info][gc,cpu         ] GC(719) User=0.00s Sys=0.00s Real=0.00s
[3306.206s][info][gc,marking     ] GC(719) Concurrent Clear Claimed Marks
[3306.206s][info][gc,marking     ] GC(719) Concurrent Clear Claimed Marks 0.020ms
[3306.206s][info][gc,marking     ] GC(719) Concurrent Cleanup for Next Mark
[3306.209s][info][gc,marking     ] GC(719) Concurrent Cleanup for Next Mark 3.324ms
[3306.209s][info][gc             ] GC(719) Concurrent Mark Cycle 1098.219ms
..[3308.325s][info][gc,start       ] GC(720) Pause Young (Prepare Mixed) (G1 Evacuation Pause)
[3308.325s][info][gc,task        ] GC(720) Using 6 workers of 6 for evacuation
[3308.442s][info][gc,phases      ] GC(720)   Pre Evacuate Collection Set: 0.32ms
[3308.442s][info][gc,phases      ] GC(720)   Merge Heap Roots: 0.52ms
[3308.442s][info][gc,phases      ] GC(720)   Evacuate Collection Set: 115.11ms
[3308.442s][info][gc,phases      ] GC(720)   Post Evacuate Collection Set: 0.92ms
[3308.442s][info][gc,phases      ] GC(720)   Other: 0.09ms
[3308.442s][info][gc,heap        ] GC(720) Eden regions: 1115->0(1107)
[3308.442s][info][gc,heap        ] GC(720) Survivor regions: 113->110(154)
[3308.442s][info][gc,heap        ] GC(720) Old regions: 506->538
[3308.442s][info][gc,heap        ] GC(720) Humongous regions: 80->80
[3308.442s][info][gc,metaspace   ] GC(720) Metaspace: 28906K(29248K)->28906K(29248K) NonClass: 24038K(24192K)->24038K(24192K) Class: 4868K(5056K)->4868K(5056K)
[3308.442s][info][gc             ] GC(720) Pause Young (Prepare Mixed) (G1 Evacuation Pause) 3625M->1453M(4096M) 117.097ms
[3308.443s][info][gc,cpu         ] GC(720) User=0.69s Sys=0.00s Real=0.12s
...[3311.689s][info][gc,start       ] GC(721) Pause Young (Mixed) (G1 Evacuation Pause)
[3311.689s][info][gc,task        ] GC(721) Using 6 workers of 6 for evacuation
[3311.824s][info][gc,phases      ] GC(721)   Pre Evacuate Collection Set: 0.35ms
[3311.824s][info][gc,phases      ] GC(721)   Merge Heap Roots: 0.69ms
[3311.824s][info][gc,phases      ] GC(721)   Evacuate Collection Set: 132.60ms
[3311.824s][info][gc,phases      ] GC(721)   Post Evacuate Collection Set: 0.92ms
[3311.824s][info][gc,phases      ] GC(721)   Other: 0.09ms
[3311.824s][info][gc,heap        ] GC(721) Eden regions: 1107->0(1119)
[3311.824s][info][gc,heap        ] GC(721) Survivor regions: 110->109(153)
[3311.824s][info][gc,heap        ] GC(721) Old regions: 538->473
[3311.824s][info][gc,heap        ] GC(721) Humongous regions: 80->80
[3311.824s][info][gc,metaspace   ] GC(721) Metaspace: 28906K(29248K)->28906K(29248K) NonClass: 24038K(24192K)->24038K(24192K) Class: 4868K(5056K)->4868K(5056K)
[3311.824s][info][gc             ] GC(721) Pause Young (Mixed) (G1 Evacuation Pause) 3667M->1322M(4096M) 134.783ms
[3311.824s][info][gc,cpu         ] GC(721) User=0.81s Sys=0.00s Real=0.14s
...[3314.910s][info][gc,start       ] GC(722) Pause Young (Concurrent Start) (G1 Evacuation Pause)
[3314.910s][info][gc,task        ] GC(722) Using 6 workers of 6 for evacuation
[3315.029s][info][gc,phases      ] GC(722)   Pre Evacuate Collection Set: 0.37ms
[3315.029s][info][gc,phases      ] GC(722)   Merge Heap Roots: 0.45ms
[3315.029s][info][gc,phases      ] GC(722)   Evacuate Collection Set: 117.19ms
[3315.029s][info][gc,phases      ] GC(722)   Post Evacuate Collection Set: 0.87ms
[3315.029s][info][gc,phases      ] GC(722)   Other: 0.11ms
[3315.029s][info][gc,heap        ] GC(722) Eden regions: 1119->0(1119)
[3315.029s][info][gc,heap        ] GC(722) Survivor regions: 109->109(154)
[3315.029s][info][gc,heap        ] GC(722) Old regions: 473->507
[3315.029s][info][gc,heap        ] GC(722) Humongous regions: 80->80
[3315.029s][info][gc,metaspace   ] GC(722) Metaspace: 28906K(29248K)->28906K(29248K) NonClass: 24038K(24192K)->24038K(24192K) Class: 4868K(5056K)->4868K(5056K)
[3315.029s][info][gc             ] GC(722) Pause Young (Concurrent Start) (G1 Evacuation Pause) 3560M->1390M(4096M) 119.138ms
[3315.029s][info][gc             ] GC(723) Concurrent Mark Cycle
[3315.029s][info][gc,marking     ] GC(723) Concurrent Scan Root Regions
[3315.029s][info][gc,cpu         ] GC(722) User=0.70s Sys=0.00s Real=0.12s
[3315.194s][info][gc,marking     ] GC(723) Concurrent Scan Root Regions 164.440ms
[3315.194s][info][gc,marking     ] GC(723) Concurrent Mark
[3315.194s][info][gc,marking     ] GC(723) Concurrent Mark From Roots
[3315.194s][info][gc,task        ] GC(723) Using 2 workers of 2 for marking
.[3315.986s][info][gc,marking     ] GC(723) Concurrent Mark From Roots 791.738ms
[3315.986s][info][gc,marking     ] GC(723) Concurrent Preclean
[3315.986s][info][gc,marking     ] GC(723) Concurrent Preclean 0.098ms
[3315.986s][info][gc,start       ] GC(723) Pause Remark
[3315.990s][info][gc             ] GC(723) Pause Remark 2026M->2026M(4096M) 4.016ms
[3315.990s][info][gc,cpu         ] GC(723) User=0.02s Sys=0.00s Real=0.00s
[3315.990s][info][gc,marking     ] GC(723) Concurrent Mark 796.123ms
[3315.990s][info][gc,marking     ] GC(723) Concurrent Rebuild Remembered Sets and Scrub Regions
.[3316.285s][info][gc,marking     ] GC(723) Concurrent Rebuild Remembered Sets and Scrub Regions 295.228ms
[3316.286s][info][gc,start       ] GC(723) Pause Cleanup
[3316.286s][info][gc             ] GC(723) Pause Cleanup 2252M->2252M(4096M) 0.122ms
[3316.286s][info][gc,cpu         ] GC(723) User=0.00s Sys=0.00s Real=0.00s
[3316.286s][info][gc,marking     ] GC(723) Concurrent Clear Claimed Marks
[3316.286s][info][gc,marking     ] GC(723) Concurrent Clear Claimed Marks 0.026ms
[3316.286s][info][gc,marking     ] GC(723) Concurrent Cleanup for Next Mark
[3316.291s][info][gc,marking     ] GC(723) Concurrent Cleanup for Next Mark 5.145ms
[3316.291s][info][gc             ] GC(723) Concurrent Mark Cycle 1261.675ms
..[3318.269s][info][gc,start       ] GC(724) Pause Young (Prepare Mixed) (G1 Evacuation Pause)
[3318.269s][info][gc,task        ] GC(724) Using 6 workers of 6 for evacuation
[3318.386s][info][gc,phases      ] GC(724)   Pre Evacuate Collection Set: 0.32ms
[3318.386s][info][gc,phases      ] GC(724)   Merge Heap Roots: 0.52ms
[3318.386s][info][gc,phases      ] GC(724)   Evacuate Collection Set: 114.78ms
[3318.386s][info][gc,phases      ] GC(724)   Post Evacuate Collection Set: 0.91ms
[3318.386s][info][gc,phases      ] GC(724)   Other: 0.09ms
[3318.386s][info][gc,heap        ] GC(724) Eden regions: 1119->0(1109)
[3318.386s][info][gc,heap        ] GC(724) Survivor regions: 109->109(154)
[3318.386s][info][gc,heap        ] GC(724) Old regions: 507->538
[3318.386s][info][gc,heap        ] GC(724) Humongous regions: 80->80
[3318.386s][info][gc,metaspace   ] GC(724) Metaspace: 28906K(29248K)->28906K(29248K) NonClass: 24038K(24192K)->24038K(24192K) Class: 4868K(5056K)->4868K(5056K)
[3318.386s][info][gc             ] GC(724) Pause Young (Prepare Mixed) (G1 Evacuation Pause) 3628M->1453M(4096M) 116.746ms
[3318.386s][info][gc,cpu         ] GC(724) User=0.69s Sys=0.01s Real=0.12s
...[3321.576s][info][gc,start       ] GC(725) Pause Young (Mixed) (G1 Evacuation Pause)
[3321.576s][info][gc,task        ] GC(725) Using 6 workers of 6 for evacuation
[3321.708s][info][gc,phases      ] GC(725)   Pre Evacuate Collection Set: 0.35ms
[3321.708s][info][gc,phases      ] GC(725)   Merge Heap Roots: 0.66ms
[3321.708s][info][gc,phases      ] GC(725)   Evacuate Collection Set: 129.44ms
[3321.708s][info][gc,phases      ] GC(725)   Post Evacuate Collection Set: 0.93ms
[3321.708s][info][gc,phases      ] GC(725)   Other: 0.09ms
[3321.708s][info][gc,heap        ] GC(725) Eden regions: 1109->0(1120)
[3321.708s][info][gc,heap        ] GC(725) Survivor regions: 109->108(153)
[3321.708s][info][gc,heap        ] GC(725) Old regions: 538->474
[3321.708s][info][gc,heap        ] GC(725) Humongous regions: 80->80
[3321.708s][info][gc,metaspace   ] GC(725) Metaspace: 28906K(29248K)->28906K(29248K) NonClass: 24038K(24192K)->24038K(24192K) Class: 4868K(5056K)->4868K(5056K)
[3321.708s][info][gc             ] GC(725) Pause Young (Mixed) (G1 Evacuation Pause) 3671M->1321M(4096M) 131.600ms
[3321.708s][info][gc,cpu         ] GC(725) User=0.78s Sys=0.00s Real=0.13s
...[3324.904s][info][gc,start       ] GC(726) Pause Young (Concurrent Start) (G1 Evacuation Pause)
[3324.904s][info][gc,task        ] GC(726) Using 6 workers of 6 for evacuation
[3325.027s][info][gc,phases      ] GC(726)   Pre Evacuate Collection Set: 0.40ms
[3325.027s][info][gc,phases      ] GC(726)   Merge Heap Roots: 0.51ms
[3325.027s][info][gc,phases      ] GC(726)   Evacuate Collection Set: 120.55ms
[3325.027s][info][gc,phases      ] GC(726)   Post Evacuate Collection Set: 0.92ms
[3325.027s][info][gc,phases      ] GC(726)   Other: 0.11ms
[3325.027s][info][gc,heap        ] GC(726) Eden regions: 1120->0(1116)
[3325.027s][info][gc,heap        ] GC(726) Survivor regions: 108->112(154)
[3325.027s][info][gc,heap        ] GC(726) Old regions: 474->506
[3325.027s][info][gc,heap        ] GC(726) Humongous regions: 80->80
[3325.027s][info][gc,metaspace   ] GC(726) Metaspace: 28906K(29248K)->28906K(29248K) NonClass: 24038K(24192K)->24038K(24192K) Class: 4868K(5056K)->4868K(5056K)
[3325.027s][info][gc             ] GC(726) Pause Young (Concurrent Start) (G1 Evacuation Pause) 3561M->1393M(4096M) 122.631ms
[3325.027s][info][gc             ] GC(727) Concurrent Mark Cycle
[3325.027s][info][gc,marking     ] GC(727) Concurrent Scan Root Regions
[3325.027s][info][gc,cpu         ] GC(726) User=0.73s Sys=0.00s Real=0.12s
[3325.205s][info][gc,marking     ] GC(727) Concurrent Scan Root Regions 177.675ms
[3325.205s][info][gc,marking     ] GC(727) Concurrent Mark
[3325.205s][info][gc,marking     ] GC(727) Concurrent Mark From Roots
[3325.205s][info][gc,task        ] GC(727) Using 2 workers of 2 for marking
.[3326.014s][info][gc,marking     ] GC(727) Concurrent Mark From Roots 808.684ms
[3326.014s][info][gc,marking     ] GC(727) Concurrent Preclean
[3326.014s][info][gc,marking     ] GC(727) Concurrent Preclean 0.096ms
[3326.015s][info][gc,start       ] GC(727) Pause Remark
[3326.018s][info][gc             ] GC(727) Pause Remark 2083M->2083M(4096M) 3.525ms
[3326.018s][info][gc,cpu         ] GC(727) User=0.02s Sys=0.00s Real=0.00s
[3326.018s][info][gc,marking     ] GC(727) Concurrent Mark 813.560ms
[3326.018s][info][gc,marking     ] GC(727) Concurrent Rebuild Remembered Sets and Scrub Regions
.[3326.310s][info][gc,marking     ] GC(727) Concurrent Rebuild Remembered Sets and Scrub Regions 291.992ms
[3326.311s][info][gc,start       ] GC(727) Pause Cleanup
[3326.311s][info][gc             ] GC(727) Pause Cleanup 2303M->2303M(4096M) 0.114ms
[3326.311s][info][gc,cpu         ] GC(727) User=0.00s Sys=0.00s Real=0.00s
[3326.311s][info][gc,marking     ] GC(727) Concurrent Clear Claimed Marks
[3326.311s][info][gc,marking     ] GC(727) Concurrent Clear Claimed Marks 0.029ms
[3326.311s][info][gc,marking     ] GC(727) Concurrent Cleanup for Next Mark
[3326.315s][info][gc,marking     ] GC(727) Concurrent Cleanup for Next Mark 4.257ms
[3326.315s][info][gc             ] GC(727) Concurrent Mark Cycle 1288.011ms
..[3328.227s][info][gc,start       ] GC(728) Pause Young (Prepare Mixed) (G1 Evacuation Pause)
[3328.227s][info][gc,task        ] GC(728) Using 6 workers of 6 for evacuation
[3328.346s][info][gc,phases      ] GC(728)   Pre Evacuate Collection Set: 0.32ms
[3328.346s][info][gc,phases      ] GC(728)   Merge Heap Roots: 0.51ms
[3328.346s][info][gc,phases      ] GC(728)   Evacuate Collection Set: 117.35ms
[3328.346s][info][gc,phases      ] GC(728)   Post Evacuate Collection Set: 0.92ms
[3328.346s][info][gc,phases      ] GC(728)   Other: 0.08ms
[3328.346s][info][gc,heap        ] GC(728) Eden regions: 1116->0(1105)
[3328.346s][info][gc,heap        ] GC(728) Survivor regions: 112->111(154)
[3328.346s][info][gc,heap        ] GC(728) Old regions: 506->538
[3328.346s][info][gc,heap        ] GC(728) Humongous regions: 80->80
[3328.346s][info][gc,metaspace   ] GC(728) Metaspace: 28906K(29248K)->28906K(29248K) NonClass: 24038K(24192K)->24038K(24192K) Class: 4868K(5056K)->4868K(5056K)
[3328.346s][info][gc             ] GC(728) Pause Young (Prepare Mixed) (G1 Evacuation Pause) 3625M->1457M(4096M) 119.316ms
[3328.346s][info][gc,cpu         ] GC(728) User=0.71s Sys=0.00s Real=0.12s
...[3331.484s][info][gc,start       ] GC(729) Pause Young (Mixed) (G1 Evacuation Pause)
[3331.484s][info][gc,task        ] GC(729) Using 6 workers of 6 for evacuation
[3331.620s][info][gc,phases      ] GC(729)   Pre Evacuate Collection Set: 0.39ms
[3331.620s][info][gc,phases      ] GC(729)   Merge Heap Roots: 0.79ms
[3331.620s][info][gc,phases      ] GC(729)   Evacuate Collection Set: 134.45ms
[3331.621s][info][gc,phases      ] GC(729)   Post Evacuate Collection Set: 0.94ms
[3331.621s][info][gc,phases      ] GC(729)   Other: 0.09ms
[3331.621s][info][gc,heap        ] GC(729) Eden regions: 1105->0(1119)
[3331.621s][info][gc,heap        ] GC(729) Survivor regions: 111->109(152)
[3331.621s][info][gc,heap        ] GC(729) Old regions: 538->475
[3331.621s][info][gc,heap        ] GC(729) Humongous regions: 80->80
[3331.621s][info][gc,metaspace   ] GC(729) Metaspace: 28906K(29248K)->28906K(29248K) NonClass: 24038K(24192K)->24038K(24192K) Class: 4868K(5056K)->4868K(5056K)
[3331.621s][info][gc             ] GC(729) Pause Young (Mixed) (G1 Evacuation Pause) 3667M->1326M(4096M) 136.784ms
[3331.621s][info][gc,cpu         ] GC(729) User=0.82s Sys=0.00s Real=0.13s
...[3334.841s][info][gc,start       ] GC(730) Pause Young (Concurrent Start) (G1 Evacuation Pause)
[3334.841s][info][gc,task        ] GC(730) Using 6 workers of 6 for evacuation
[3334.961s][info][gc,phases      ] GC(730)   Pre Evacuate Collection Set: 0.37ms
[3334.961s][info][gc,phases      ] GC(730)   Merge Heap Roots: 0.54ms
[3334.961s][info][gc,phases      ] GC(730)   Evacuate Collection Set: 118.45ms
[3334.961s][info][gc,phases      ] GC(730)   Post Evacuate Collection Set: 0.85ms
[3334.961s][info][gc,phases      ] GC(730)   Other: 0.12ms
[3334.961s][info][gc,heap        ] GC(730) Eden regions: 1119->0(1117)
[3334.961s][info][gc,heap        ] GC(730) Survivor regions: 109->111(154)
[3334.961s][info][gc,heap        ] GC(730) Old regions: 475->507
[3334.961s][info][gc,heap        ] GC(730) Humongous regions: 80->80
[3334.961s][info][gc,metaspace   ] GC(730) Metaspace: 28906K(29248K)->28906K(29248K) NonClass: 24038K(24192K)->24038K(24192K) Class: 4868K(5056K)->4868K(5056K)
[3334.961s][info][gc             ] GC(730) Pause Young (Concurrent Start) (G1 Evacuation Pause) 3564M->1394M(4096M) 120.468ms
[3334.962s][info][gc             ] GC(731) Concurrent Mark Cycle
[3334.962s][info][gc,marking     ] GC(731) Concurrent Scan Root Regions
[3334.962s][info][gc,cpu         ] GC(730) User=0.72s Sys=0.00s Real=0.12s
[3335.154s][info][gc,marking     ] GC(731) Concurrent Scan Root Regions 192.161ms
[3335.154s][info][gc,marking     ] GC(731) Concurrent Mark
[3335.154s][info][gc,marking     ] GC(731) Concurrent Mark From Roots
[3335.154s][info][gc,task        ] GC(731) Using 2 workers of 2 for marking
.[3336.123s][info][gc,marking     ] GC(731) Concurrent Mark From Roots 969.431ms
[3336.123s][info][gc,marking     ] GC(731) Concurrent Preclean
[3336.123s][info][gc,marking     ] GC(731) Concurrent Preclean 0.072ms
[3336.123s][info][gc,start       ] GC(731) Pause Remark
[3336.128s][info][gc             ] GC(731) Pause Remark 2234M->2234M(4096M) 4.257ms
[3336.128s][info][gc,cpu         ] GC(731) User=0.03s Sys=0.00s Real=0.00s
[3336.128s][info][gc,marking     ] GC(731) Concurrent Mark 973.998ms
[3336.128s][info][gc,marking     ] GC(731) Concurrent Rebuild Remembered Sets and Scrub Regions
.[3336.480s][info][gc,marking     ] GC(731) Concurrent Rebuild Remembered Sets and Scrub Regions 351.906ms
[3336.480s][info][gc,start       ] GC(731) Pause Cleanup
[3336.480s][info][gc             ] GC(731) Pause Cleanup 2488M->2488M(4096M) 0.105ms
[3336.480s][info][gc,cpu         ] GC(731) User=0.00s Sys=0.00s Real=0.00s
[3336.480s][info][gc,marking     ] GC(731) Concurrent Clear Claimed Marks
[3336.480s][info][gc,marking     ] GC(731) Concurrent Clear Claimed Marks 0.025ms
[3336.480s][info][gc,marking     ] GC(731) Concurrent Cleanup for Next Mark
[3336.485s][info][gc,marking     ] GC(731) Concurrent Cleanup for Next Mark 4.603ms
[3336.485s][info][gc             ] GC(731) Concurrent Mark Cycle 1523.100ms
. (rIR:aIR:PR = 5673:5674:5674) (tPR = 84111) [OK] 
  3337s: Performance info:
         Transaction,    Success,    Partial,     Failed,   Receipts, AvgBarcode, 
             Overall,     341512,          0,          0,     324444,      59.47, 
         Response times:
             Request,    Success,    Partial,     Failed,   SkipFail,     Probes,    Samples,      min,      p50,      p90,      p95,      p99,      max, 
       TotalPurchase,     324444,          0,          0,          0,     318854,     406151,      300,     4700,    12200,    28000,    68000,   257000,
     InStorePurchase,     170773,          0,          0,          0,     168436,     214266,      300,     4800,    12600,    29000,    68000,   229000,
      OnlinePurchase,     119476,          0,          0,          0,     117176,     149287,      300,     4800,    12100,    28000,    69000,   257000,
        InstPurchase,      34195,          0,          0,          0,      33242,      42598,      400,     3900,    10900,    25000,    67000,   203000,
          AssocOfCat,        341,          0,          0,          0,        262,        422,    22000,    36000,    54000,    65700,   156700,   196000,
      AssocOfProduct,       3405,          0,          0,          0,       3107,       4151,      400,     4900,    12500,    27000,    67480,   148000,
      BusinessReport,        854,          0,          0,          0,        745,       1099,    28000,    43000,    76000,   103000,   182000,   258000,
          CustBuyBeh,       3420,          0,          0,          0,       3169,       4253,      300,     5500,    15000,    36000,    79460,   146000,
       ProductReturn,       9048,          0,          0,          0,       8633,      11424,      200,     5100,    13000,    28000,    67000,   150000,

  3337s: (42%)   IR =   5812 [3338.172s][info][gc,start       ] GC(732) Pause Young (Prepare Mixed) (G1 Evacuation Pause)
[3338.172s][info][gc,task        ] GC(732) Using 6 workers of 6 for evacuation
[3338.290s][info][gc,phases      ] GC(732)   Pre Evacuate Collection Set: 0.32ms
[3338.290s][info][gc,phases      ] GC(732)   Merge Heap Roots: 0.58ms
[3338.290s][info][gc,phases      ] GC(732)   Evacuate Collection Set: 115.98ms
[3338.290s][info][gc,phases      ] GC(732)   Post Evacuate Collection Set: 0.94ms
[3338.290s][info][gc,phases      ] GC(732)   Other: 0.09ms
[3338.290s][info][gc,heap        ] GC(732) Eden regions: 1117->0(1107)
[3338.290s][info][gc,heap        ] GC(732) Survivor regions: 111->110(154)
[3338.290s][info][gc,heap        ] GC(732) Old regions: 507->538
[3338.290s][info][gc,heap        ] GC(732) Humongous regions: 80->80
[3338.290s][info][gc,metaspace   ] GC(732) Metaspace: 28906K(29248K)->28906K(29248K) NonClass: 24038K(24192K)->24038K(24192K) Class: 4868K(5056K)->4868K(5056K)
[3338.290s][info][gc             ] GC(732) Pause Young (Prepare Mixed) (G1 Evacuation Pause) 3628M->1454M(4096M) 118.045ms
[3338.290s][info][gc,cpu         ] GC(732) User=0.70s Sys=0.00s Real=0.11s
....[3341.429s][info][gc,start       ] GC(733) Pause Young (Mixed) (G1 Evacuation Pause)
[3341.429s][info][gc,task        ] GC(733) Using 6 workers of 6 for evacuation
[3341.562s][info][gc,phases      ] GC(733)   Pre Evacuate Collection Set: 0.35ms
[3341.562s][info][gc,phases      ] GC(733)   Merge Heap Roots: 0.65ms
[3341.562s][info][gc,phases      ] GC(733)   Evacuate Collection Set: 130.63ms
[3341.562s][info][gc,phases      ] GC(733)   Post Evacuate Collection Set: 0.94ms
[3341.562s][info][gc,phases      ] GC(733)   Other: 0.09ms
[3341.562s][info][gc,heap        ] GC(733) Eden regions: 1107->0(1120)
[3341.562s][info][gc,heap        ] GC(733) Survivor regions: 110->108(153)
[3341.562s][info][gc,heap        ] GC(733) Old regions: 538->472
[3341.562s][info][gc,heap        ] GC(733) Humongous regions: 80->80
[3341.562s][info][gc,metaspace   ] GC(733) Metaspace: 28906K(29248K)->28906K(29248K) NonClass: 24038K(24192K)->24038K(24192K) Class: 4868K(5056K)->4868K(5056K)
[3341.562s][info][gc             ] GC(733) Pause Young (Mixed) (G1 Evacuation Pause) 3668M->1318M(4096M) 132.800ms
[3341.562s][info][gc,cpu         ] GC(733) User=0.79s Sys=0.00s Real=0.14s
...[3344.588s][info][gc,start       ] GC(734) Pause Young (Concurrent Start) (G1 Evacuation Pause)
[3344.588s][info][gc,task        ] GC(734) Using 6 workers of 6 for evacuation
[3344.703s][info][gc,phases      ] GC(734)   Pre Evacuate Collection Set: 0.40ms
[3344.703s][info][gc,phases      ] GC(734)   Merge Heap Roots: 0.47ms
[3344.703s][info][gc,phases      ] GC(734)   Evacuate Collection Set: 113.46ms
[3344.703s][info][gc,phases      ] GC(734)   Post Evacuate Collection Set: 0.85ms
[3344.703s][info][gc,phases      ] GC(734)   Other: 0.12ms
[3344.703s][info][gc,heap        ] GC(734) Eden regions: 1120->0(1121)
[3344.703s][info][gc,heap        ] GC(734) Survivor regions: 108->107(154)
[3344.703s][info][gc,heap        ] GC(734) Old regions: 472->505
[3344.703s][info][gc,heap        ] GC(734) Humongous regions: 80->80
[3344.703s][info][gc,metaspace   ] GC(734) Metaspace: 28906K(29248K)->28906K(29248K) NonClass: 24038K(24192K)->24038K(24192K) Class: 4868K(5056K)->4868K(5056K)
[3344.703s][info][gc             ] GC(734) Pause Young (Concurrent Start) (G1 Evacuation Pause) 3558M->1382M(4096M) 115.432ms
[3344.703s][info][gc             ] GC(735) Concurrent Mark Cycle
[3344.703s][info][gc,marking     ] GC(735) Concurrent Scan Root Regions
[3344.703s][info][gc,cpu         ] GC(734) User=0.69s Sys=0.00s Real=0.12s
[3344.886s][info][gc,marking     ] GC(735) Concurrent Scan Root Regions 182.358ms
[3344.886s][info][gc,marking     ] GC(735) Concurrent Mark
[3344.886s][info][gc,marking     ] GC(735) Concurrent Mark From Roots
[3344.886s][info][gc,task        ] GC(735) Using 2 workers of 2 for marking
.[3345.900s][info][gc,marking     ] GC(735) Concurrent Mark From Roots 1014.582ms
[3345.900s][info][gc,marking     ] GC(735) Concurrent Preclean
[3345.901s][info][gc,marking     ] GC(735) Concurrent Preclean 0.130ms
[3345.901s][info][gc,start       ] GC(735) Pause Remark
[3345.905s][info][gc             ] GC(735) Pause Remark 2215M->2215M(4096M) 4.089ms
[3345.905s][info][gc,cpu         ] GC(735) User=0.02s Sys=0.00s Real=0.01s
[3345.905s][info][gc,marking     ] GC(735) Concurrent Mark 1019.091ms
[3345.905s][info][gc,marking     ] GC(735) Concurrent Rebuild Remembered Sets and Scrub Regions
[3346.159s][info][gc,marking     ] GC(735) Concurrent Rebuild Remembered Sets and Scrub Regions 253.967ms
[3346.159s][info][gc,start       ] GC(735) Pause Cleanup
[3346.159s][info][gc             ] GC(735) Pause Cleanup 2384M->2384M(4096M) 0.113ms
[3346.159s][info][gc,cpu         ] GC(735) User=0.00s Sys=0.00s Real=0.00s
[3346.160s][info][gc,marking     ] GC(735) Concurrent Clear Claimed Marks
[3346.160s][info][gc,marking     ] GC(735) Concurrent Clear Claimed Marks 0.034ms
[3346.160s][info][gc,marking     ] GC(735) Concurrent Cleanup for Next Mark
[3346.165s][info][gc,marking     ] GC(735) Concurrent Cleanup for Next Mark 5.002ms
[3346.165s][info][gc             ] GC(735) Concurrent Mark Cycle 1461.487ms
..[3347.934s][info][gc,start       ] GC(736) Pause Young (Prepare Mixed) (G1 Evacuation Pause)
[3347.934s][info][gc,task        ] GC(736) Using 6 workers of 6 for evacuation
[3348.055s][info][gc,phases      ] GC(736)   Pre Evacuate Collection Set: 0.34ms
[3348.055s][info][gc,phases      ] GC(736)   Merge Heap Roots: 0.63ms
[3348.055s][info][gc,phases      ] GC(736)   Evacuate Collection Set: 119.64ms
[3348.055s][info][gc,phases      ] GC(736)   Post Evacuate Collection Set: 0.91ms
[3348.055s][info][gc,phases      ] GC(736)   Other: 0.09ms
[3348.055s][info][gc,heap        ] GC(736) Eden regions: 1121->0(1105)
[3348.055s][info][gc,heap        ] GC(736) Survivor regions: 107->112(154)
[3348.055s][info][gc,heap        ] GC(736) Old regions: 505->536
[3348.055s][info][gc,heap        ] GC(736) Humongous regions: 80->80
[3348.055s][info][gc,metaspace   ] GC(736) Metaspace: 28906K(29248K)->28906K(29248K) NonClass: 24038K(24192K)->24038K(24192K) Class: 4868K(5056K)->4868K(5056K)
[3348.055s][info][gc             ] GC(736) Pause Young (Prepare Mixed) (G1 Evacuation Pause) 3624M->1454M(4096M) 121.735ms
[3348.055s][info][gc,cpu         ] GC(736) User=0.72s Sys=0.00s Real=0.12s
...[3351.054s][info][gc,start       ] GC(737) Pause Young (Mixed) (G1 Evacuation Pause)
[3351.054s][info][gc,task        ] GC(737) Using 6 workers of 6 for evacuation
[3351.188s][info][gc,phases      ] GC(737)   Pre Evacuate Collection Set: 0.37ms
[3351.188s][info][gc,phases      ] GC(737)   Merge Heap Roots: 0.68ms
[3351.188s][info][gc,phases      ] GC(737)   Evacuate Collection Set: 131.94ms
[3351.188s][info][gc,phases      ] GC(737)   Post Evacuate Collection Set: 0.90ms
[3351.188s][info][gc,phases      ] GC(737)   Other: 0.09ms
[3351.188s][info][gc,heap        ] GC(737) Eden regions: 1105->0(1118)
[3351.188s][info][gc,heap        ] GC(737) Survivor regions: 112->110(153)
[3351.188s][info][gc,heap        ] GC(737) Old regions: 536->472
[3351.188s][info][gc,heap        ] GC(737) Humongous regions: 80->80
[3351.188s][info][gc,metaspace   ] GC(737) Metaspace: 28906K(29248K)->28906K(29248K) NonClass: 24038K(24192K)->24038K(24192K) Class: 4868K(5056K)->4868K(5056K)
[3351.188s][info][gc             ] GC(737) Pause Young (Mixed) (G1 Evacuation Pause) 3664M->1322M(4096M) 134.128ms
[3351.188s][info][gc,cpu         ] GC(737) User=0.80s Sys=0.00s Real=0.13s
...|.[3354.336s][info][gc,start       ] GC(738) Pause Young (Concurrent Start) (G1 Evacuation Pause)
[3354.336s][info][gc,task        ] GC(738) Using 6 workers of 6 for evacuation
[3354.454s][info][gc,phases      ] GC(738)   Pre Evacuate Collection Set: 0.39ms
[3354.454s][info][gc,phases      ] GC(738)   Merge Heap Roots: 0.47ms
[3354.454s][info][gc,phases      ] GC(738)   Evacuate Collection Set: 116.19ms
[3354.454s][info][gc,phases      ] GC(738)   Post Evacuate Collection Set: 0.91ms
[3354.454s][info][gc,phases      ] GC(738)   Other: 0.11ms
[3354.454s][info][gc,heap        ] GC(738) Eden regions: 1118->0(1121)
[3354.454s][info][gc,heap        ] GC(738) Survivor regions: 110->107(154)
[3354.454s][info][gc,heap        ] GC(738) Old regions: 472->506
[3354.454s][info][gc,heap        ] GC(738) Humongous regions: 80->80
[3354.454s][info][gc,metaspace   ] GC(738) Metaspace: 28906K(29248K)->28906K(29248K) NonClass: 24038K(24192K)->24038K(24192K) Class: 4868K(5056K)->4868K(5056K)
[3354.454s][info][gc             ] GC(738) Pause Young (Concurrent Start) (G1 Evacuation Pause) 3558M->1383M(4096M) 118.189ms
[3354.454s][info][gc             ] GC(739) Concurrent Mark Cycle
[3354.454s][info][gc,marking     ] GC(739) Concurrent Scan Root Regions
[3354.454s][info][gc,cpu         ] GC(738) User=0.70s Sys=0.00s Real=0.12s
[3354.603s][info][gc,marking     ] GC(739) Concurrent Scan Root Regions 148.504ms
[3354.603s][info][gc,marking     ] GC(739) Concurrent Mark
[3354.603s][info][gc,marking     ] GC(739) Concurrent Mark From Roots
[3354.603s][info][gc,task        ] GC(739) Using 2 workers of 2 for marking
[3355.284s][info][gc,marking     ] GC(739) Concurrent Mark From Roots 681.272ms
[3355.284s][info][gc,marking     ] GC(739) Concurrent Preclean
[3355.284s][info][gc,marking     ] GC(739) Concurrent Preclean 0.082ms
[3355.284s][info][gc,start       ] GC(739) Pause Remark
[3355.288s][info][gc             ] GC(739) Pause Remark 1991M->1991M(4096M) 3.814ms
[3355.288s][info][gc,cpu         ] GC(739) User=0.02s Sys=0.00s Real=0.00s
[3355.288s][info][gc,marking     ] GC(739) Concurrent Mark 685.396ms
[3355.288s][info][gc,marking     ] GC(739) Concurrent Rebuild Remembered Sets and Scrub Regions
.[3355.517s][info][gc,marking     ] GC(739) Concurrent Rebuild Remembered Sets and Scrub Regions 228.411ms
[3355.517s][info][gc,start       ] GC(739) Pause Cleanup
[3355.517s][info][gc             ] GC(739) Pause Cleanup 2166M->2166M(4096M) 0.108ms
[3355.517s][info][gc,cpu         ] GC(739) User=0.00s Sys=0.00s Real=0.00s
[3355.517s][info][gc,marking     ] GC(739) Concurrent Clear Claimed Marks
[3355.517s][info][gc,marking     ] GC(739) Concurrent Clear Claimed Marks 0.028ms
[3355.517s][info][gc,marking     ] GC(739) Concurrent Cleanup for Next Mark
[3355.521s][info][gc,marking     ] GC(739) Concurrent Cleanup for Next Mark 3.938ms
[3355.521s][info][gc             ] GC(739) Concurrent Mark Cycle 1066.750ms
..[3357.634s][info][gc,start       ] GC(740) Pause Young (Prepare Mixed) (G1 Evacuation Pause)
[3357.634s][info][gc,task        ] GC(740) Using 6 workers of 6 for evacuation
[3357.752s][info][gc,phases      ] GC(740)   Pre Evacuate Collection Set: 0.33ms
[3357.752s][info][gc,phases      ] GC(740)   Merge Heap Roots: 0.52ms
[3357.752s][info][gc,phases      ] GC(740)   Evacuate Collection Set: 116.01ms
[3357.752s][info][gc,phases      ] GC(740)   Post Evacuate Collection Set: 0.91ms
[3357.752s][info][gc,phases      ] GC(740)   Other: 0.09ms
[3357.752s][info][gc,heap        ] GC(740) Eden regions: 1121->0(1108)
[3357.752s][info][gc,heap        ] GC(740) Survivor regions: 107->110(154)
[3357.752s][info][gc,heap        ] GC(740) Old regions: 506->537
[3357.752s][info][gc,heap        ] GC(740) Humongous regions: 80->80
[3357.752s][info][gc,metaspace   ] GC(740) Metaspace: 28906K(29248K)->28906K(29248K) NonClass: 24038K(24192K)->24038K(24192K) Class: 4868K(5056K)->4868K(5056K)
[3357.752s][info][gc             ] GC(740) Pause Young (Prepare Mixed) (G1 Evacuation Pause) 3625M->1451M(4096M) 118.002ms
[3357.752s][info][gc,cpu         ] GC(740) User=0.71s Sys=0.00s Real=0.12s
...[3360.847s][info][gc,start       ] GC(741) Pause Young (Mixed) (G1 Evacuation Pause)
[3360.847s][info][gc,task        ] GC(741) Using 6 workers of 6 for evacuation
[3360.984s][info][gc,phases      ] GC(741)   Pre Evacuate Collection Set: 0.33ms
[3360.984s][info][gc,phases      ] GC(741)   Merge Heap Roots: 0.74ms
[3360.984s][info][gc,phases      ] GC(741)   Evacuate Collection Set: 134.26ms
[3360.984s][info][gc,phases      ] GC(741)   Post Evacuate Collection Set: 0.95ms
[3360.984s][info][gc,phases      ] GC(741)   Other: 0.09ms
[3360.984s][info][gc,heap        ] GC(741) Eden regions: 1108->0(1116)
[3360.984s][info][gc,heap        ] GC(741) Survivor regions: 110->112(153)
[3360.984s][info][gc,heap        ] GC(741) Old regions: 537->474
[3360.984s][info][gc,heap        ] GC(741) Humongous regions: 80->80
[3360.984s][info][gc,metaspace   ] GC(741) Metaspace: 28906K(29248K)->28906K(29248K) NonClass: 24038K(24192K)->24038K(24192K) Class: 4868K(5056K)->4868K(5056K)
[3360.984s][info][gc             ] GC(741) Pause Young (Mixed) (G1 Evacuation Pause) 3667M->1329M(4096M) 136.509ms
[3360.984s][info][gc,cpu         ] GC(741) User=0.81s Sys=0.00s Real=0.14s
...[3364.108s][info][gc,start       ] GC(742) Pause Young (Concurrent Start) (G1 Evacuation Pause)
[3364.108s][info][gc,task        ] GC(742) Using 6 workers of 6 for evacuation
[3364.226s][info][gc,phases      ] GC(742)   Pre Evacuate Collection Set: 0.38ms
[3364.226s][info][gc,phases      ] GC(742)   Merge Heap Roots: 0.48ms
[3364.226s][info][gc,phases      ] GC(742)   Evacuate Collection Set: 116.85ms
[3364.226s][info][gc,phases      ] GC(742)   Post Evacuate Collection Set: 0.87ms
[3364.226s][info][gc,phases      ] GC(742)   Other: 0.13ms
[3364.226s][info][gc,heap        ] GC(742) Eden regions: 1116->0(1117)
[3364.226s][info][gc,heap        ] GC(742) Survivor regions: 112->111(154)
[3364.226s][info][gc,heap        ] GC(742) Old regions: 474->506
[3364.226s][info][gc,heap        ] GC(742) Humongous regions: 80->80
[3364.226s][info][gc,metaspace   ] GC(742) Metaspace: 28906K(29248K)->28906K(29248K) NonClass: 24038K(24192K)->24038K(24192K) Class: 4868K(5056K)->4868K(5056K)
[3364.226s][info][gc             ] GC(742) Pause Young (Concurrent Start) (G1 Evacuation Pause) 3561M->1391M(4096M) 118.832ms
[3364.226s][info][gc             ] GC(743) Concurrent Mark Cycle
[3364.226s][info][gc,marking     ] GC(743) Concurrent Scan Root Regions
[3364.226s][info][gc,cpu         ] GC(742) User=0.70s Sys=0.00s Real=0.12s
.[3364.388s][info][gc,marking     ] GC(743) Concurrent Scan Root Regions 161.415ms
[3364.388s][info][gc,marking     ] GC(743) Concurrent Mark
[3364.388s][info][gc,marking     ] GC(743) Concurrent Mark From Roots
[3364.388s][info][gc,task        ] GC(743) Using 2 workers of 2 for marking
[3365.062s][info][gc,marking     ] GC(743) Concurrent Mark From Roots 673.789ms
[3365.062s][info][gc,marking     ] GC(743) Concurrent Preclean
[3365.062s][info][gc,marking     ] GC(743) Concurrent Preclean 0.101ms
[3365.062s][info][gc,start       ] GC(743) Pause Remark
[3365.066s][info][gc             ] GC(743) Pause Remark 2026M->2026M(4096M) 3.809ms
[3365.066s][info][gc,cpu         ] GC(743) User=0.02s Sys=0.00s Real=0.00s
[3365.066s][info][gc,marking     ] GC(743) Concurrent Mark 677.964ms
[3365.066s][info][gc,marking     ] GC(743) Concurrent Rebuild Remembered Sets and Scrub Regions
[3365.319s][info][gc,marking     ] GC(743) Concurrent Rebuild Remembered Sets and Scrub Regions 253.110ms
[3365.319s][info][gc,start       ] GC(743) Pause Cleanup
[3365.319s][info][gc             ] GC(743) Pause Cleanup 2212M->2212M(4096M) 0.112ms
[3365.319s][info][gc,cpu         ] GC(743) User=0.00s Sys=0.00s Real=0.00s
[3365.319s][info][gc,marking     ] GC(743) Concurrent Clear Claimed Marks
[3365.319s][info][gc,marking     ] GC(743) Concurrent Clear Claimed Marks 0.024ms
[3365.319s][info][gc,marking     ] GC(743) Concurrent Cleanup for Next Mark
[3365.325s][info][gc,marking     ] GC(743) Concurrent Cleanup for Next Mark 5.478ms
[3365.325s][info][gc             ] GC(743) Concurrent Mark Cycle 1098.566ms
..[3367.329s][info][gc,start       ] GC(744) Pause Young (Prepare Mixed) (G1 Evacuation Pause)
[3367.329s][info][gc,task        ] GC(744) Using 6 workers of 6 for evacuation
[3367.444s][info][gc,phases      ] GC(744)   Pre Evacuate Collection Set: 0.31ms
[3367.444s][info][gc,phases      ] GC(744)   Merge Heap Roots: 0.53ms
[3367.444s][info][gc,phases      ] GC(744)   Evacuate Collection Set: 113.37ms
[3367.444s][info][gc,phases      ] GC(744)   Post Evacuate Collection Set: 0.92ms
[3367.444s][info][gc,phases      ] GC(744)   Other: 0.08ms
[3367.444s][info][gc,heap        ] GC(744) Eden regions: 1117->0(1113)
[3367.444s][info][gc,heap        ] GC(744) Survivor regions: 111->107(154)
[3367.444s][info][gc,heap        ] GC(744) Old regions: 506->538
[3367.444s][info][gc,heap        ] GC(744) Humongous regions: 80->80
[3367.444s][info][gc,metaspace   ] GC(744) Metaspace: 28906K(29248K)->28906K(29248K) NonClass: 24038K(24192K)->24038K(24192K) Class: 4868K(5056K)->4868K(5056K)
[3367.444s][info][gc             ] GC(744) Pause Young (Prepare Mixed) (G1 Evacuation Pause) 3625M->1447M(4096M) 115.348ms
[3367.444s][info][gc,cpu         ] GC(744) User=0.69s Sys=0.00s Real=0.12s
....[3370.606s][info][gc,start       ] GC(745) Pause Young (Mixed) (G1 Evacuation Pause)
[3370.606s][info][gc,task        ] GC(745) Using 6 workers of 6 for evacuation
[3370.737s][info][gc,phases      ] GC(745)   Pre Evacuate Collection Set: 0.38ms
[3370.737s][info][gc,phases      ] GC(745)   Merge Heap Roots: 0.74ms
[3370.737s][info][gc,phases      ] GC(745)   Evacuate Collection Set: 128.54ms
[3370.737s][info][gc,phases      ] GC(745)   Post Evacuate Collection Set: 0.94ms
[3370.737s][info][gc,phases      ] GC(745)   Other: 0.09ms
[3370.737s][info][gc,heap        ] GC(745) Eden regions: 1113->0(1118)
[3370.737s][info][gc,heap        ] GC(745) Survivor regions: 107->110(153)
[3370.737s][info][gc,heap        ] GC(745) Old regions: 538->473
[3370.737s][info][gc,heap        ] GC(745) Humongous regions: 80->80
[3370.737s][info][gc,metaspace   ] GC(745) Metaspace: 28906K(29248K)->28906K(29248K) NonClass: 24038K(24192K)->24038K(24192K) Class: 4868K(5056K)->4868K(5056K)
[3370.737s][info][gc             ] GC(745) Pause Young (Mixed) (G1 Evacuation Pause) 3673M->1323M(4096M) 130.826ms
[3370.737s][info][gc,cpu         ] GC(745) User=0.78s Sys=0.00s Real=0.13s
...[3373.835s][info][gc,start       ] GC(746) Pause Young (Concurrent Start) (G1 Evacuation Pause)
[3373.836s][info][gc,task        ] GC(746) Using 6 workers of 6 for evacuation
[3373.952s][info][gc,phases      ] GC(746)   Pre Evacuate Collection Set: 0.38ms
[3373.952s][info][gc,phases      ] GC(746)   Merge Heap Roots: 0.48ms
[3373.952s][info][gc,phases      ] GC(746)   Evacuate Collection Set: 114.36ms
[3373.952s][info][gc,phases      ] GC(746)   Post Evacuate Collection Set: 0.86ms
[3373.952s][info][gc,phases      ] GC(746)   Other: 0.12ms
[3373.952s][info][gc,heap        ] GC(746) Eden regions: 1118->0(1119)
[3373.952s][info][gc,heap        ] GC(746) Survivor regions: 110->109(154)
[3373.952s][info][gc,heap        ] GC(746) Old regions: 473->504
[3373.952s][info][gc,heap        ] GC(746) Humongous regions: 80->80
[3373.952s][info][gc,metaspace   ] GC(746) Metaspace: 28906K(29248K)->28906K(29248K) NonClass: 24038K(24192K)->24038K(24192K) Class: 4868K(5056K)->4868K(5056K)
[3373.952s][info][gc             ] GC(746) Pause Young (Concurrent Start) (G1 Evacuation Pause) 3559M->1385M(4096M) 116.350ms
[3373.952s][info][gc             ] GC(747) Concurrent Mark Cycle
[3373.952s][info][gc,marking     ] GC(747) Concurrent Scan Root Regions
[3373.952s][info][gc,cpu         ] GC(746) User=0.69s Sys=0.00s Real=0.12s
[3374.094s][info][gc,marking     ] GC(747) Concurrent Scan Root Regions 142.565ms
[3374.094s][info][gc,marking     ] GC(747) Concurrent Mark
[3374.094s][info][gc,marking     ] GC(747) Concurrent Mark From Roots
[3374.095s][info][gc,task        ] GC(747) Using 2 workers of 2 for marking
.[3374.782s][info][gc,marking     ] GC(747) Concurrent Mark From Roots 687.449ms
[3374.782s][info][gc,marking     ] GC(747) Concurrent Preclean
[3374.782s][info][gc,marking     ] GC(747) Concurrent Preclean 0.116ms
[3374.783s][info][gc,start       ] GC(747) Pause Remark
[3374.786s][info][gc             ] GC(747) Pause Remark 2039M->2039M(4096M) 3.420ms
[3374.786s][info][gc,cpu         ] GC(747) User=0.02s Sys=0.00s Real=0.00s
[3374.786s][info][gc,marking     ] GC(747) Concurrent Mark 691.835ms
[3374.786s][info][gc,marking     ] GC(747) Concurrent Rebuild Remembered Sets and Scrub Regions
[3375.143s][info][gc,marking     ] GC(747) Concurrent Rebuild Remembered Sets and Scrub Regions 356.320ms
[3375.143s][info][gc,start       ] GC(747) Pause Cleanup
[3375.143s][info][gc             ] GC(747) Pause Cleanup 2295M->2295M(4096M) 0.119ms
[3375.143s][info][gc,cpu         ] GC(747) User=0.00s Sys=0.00s Real=0.00s
[3375.143s][info][gc,marking     ] GC(747) Concurrent Clear Claimed Marks
[3375.143s][info][gc,marking     ] GC(747) Concurrent Clear Claimed Marks 0.024ms
[3375.143s][info][gc,marking     ] GC(747) Concurrent Cleanup for Next Mark
[3375.148s][info][gc,marking     ] GC(747) Concurrent Cleanup for Next Mark 4.835ms
[3375.148s][info][gc             ] GC(747) Concurrent Mark Cycle 1196.101ms
..[3377.052s][info][gc,start       ] GC(748) Pause Young (Prepare Mixed) (G1 Evacuation Pause)
[3377.052s][info][gc,task        ] GC(748) Using 6 workers of 6 for evacuation
[3377.170s][info][gc,phases      ] GC(748)   Pre Evacuate Collection Set: 0.36ms
[3377.170s][info][gc,phases      ] GC(748)   Merge Heap Roots: 0.54ms
[3377.170s][info][gc,phases      ] GC(748)   Evacuate Collection Set: 115.72ms
[3377.170s][info][gc,phases      ] GC(748)   Post Evacuate Collection Set: 0.93ms
[3377.170s][info][gc,phases      ] GC(748)   Other: 0.09ms
[3377.170s][info][gc,heap        ] GC(748) Eden regions: 1119->0(1111)
[3377.170s][info][gc,heap        ] GC(748) Survivor regions: 109->108(154)
[3377.170s][info][gc,heap        ] GC(748) Old regions: 504->538
[3377.170s][info][gc,heap        ] GC(748) Humongous regions: 80->80
[3377.170s][info][gc,metaspace   ] GC(748) Metaspace: 28906K(29248K)->28906K(29248K) NonClass: 24038K(24192K)->24038K(24192K) Class: 4868K(5056K)->4868K(5056K)
[3377.170s][info][gc             ] GC(748) Pause Young (Prepare Mixed) (G1 Evacuation Pause) 3623M->1450M(4096M) 117.786ms
[3377.170s][info][gc,cpu         ] GC(748) User=0.71s Sys=0.00s Real=0.11s
...[3380.313s][info][gc,start       ] GC(749) Pause Young (Mixed) (G1 Evacuation Pause)
[3380.313s][info][gc,task        ] GC(749) Using 6 workers of 6 for evacuation
[3380.453s][info][gc,phases      ] GC(749)   Pre Evacuate Collection Set: 0.36ms
[3380.453s][info][gc,phases      ] GC(749)   Merge Heap Roots: 0.73ms
[3380.453s][info][gc,phases      ] GC(749)   Evacuate Collection Set: 137.41ms
[3380.453s][info][gc,phases      ] GC(749)   Post Evacuate Collection Set: 0.94ms
[3380.453s][info][gc,phases      ] GC(749)   Other: 0.09ms
[3380.453s][info][gc,heap        ] GC(749) Eden regions: 1111->0(1115)
[3380.453s][info][gc,heap        ] GC(749) Survivor regions: 108->113(153)
[3380.453s][info][gc,heap        ] GC(749) Old regions: 538->475
[3380.453s][info][gc,heap        ] GC(749) Humongous regions: 80->80
[3380.453s][info][gc,metaspace   ] GC(749) Metaspace: 28906K(29248K)->28906K(29248K) NonClass: 24038K(24192K)->24038K(24192K) Class: 4868K(5056K)->4868K(5056K)
[3380.453s][info][gc             ] GC(749) Pause Young (Mixed) (G1 Evacuation Pause) 3672M->1333M(4096M) 139.652ms
[3380.453s][info][gc,cpu         ] GC(749) User=0.83s Sys=0.00s Real=0.14s
....[3383.536s][info][gc,start       ] GC(750) Pause Young (Concurrent Start) (G1 Evacuation Pause)
[3383.536s][info][gc,task        ] GC(750) Using 6 workers of 6 for evacuation
[3383.652s][info][gc,phases      ] GC(750)   Pre Evacuate Collection Set: 0.34ms
[3383.652s][info][gc,phases      ] GC(750)   Merge Heap Roots: 0.46ms
[3383.652s][info][gc,phases      ] GC(750)   Evacuate Collection Set: 114.03ms
[3383.652s][info][gc,phases      ] GC(750)   Post Evacuate Collection Set: 0.88ms
[3383.652s][info][gc,phases      ] GC(750)   Other: 0.11ms
[3383.652s][info][gc,heap        ] GC(750) Eden regions: 1115->0(1120)
[3383.652s][info][gc,heap        ] GC(750) Survivor regions: 113->108(154)
[3383.652s][info][gc,heap        ] GC(750) Old regions: 475->507
[3383.652s][info][gc,heap        ] GC(750) Humongous regions: 80->80
[3383.652s][info][gc,metaspace   ] GC(750) Metaspace: 28906K(29248K)->28906K(29248K) NonClass: 24038K(24192K)->24038K(24192K) Class: 4868K(5056K)->4868K(5056K)
[3383.652s][info][gc             ] GC(750) Pause Young (Concurrent Start) (G1 Evacuation Pause) 3563M->1387M(4096M) 115.954ms
[3383.652s][info][gc             ] GC(751) Concurrent Mark Cycle
[3383.652s][info][gc,marking     ] GC(751) Concurrent Scan Root Regions
[3383.652s][info][gc,cpu         ] GC(750) User=0.69s Sys=0.00s Real=0.12s
[3383.834s][info][gc,marking     ] GC(751) Concurrent Scan Root Regions 181.907ms
[3383.834s][info][gc,marking     ] GC(751) Concurrent Mark
[3383.834s][info][gc,marking     ] GC(751) Concurrent Mark From Roots
[3383.834s][info][gc,task        ] GC(751) Using 2 workers of 2 for marking
.[3384.853s][info][gc,marking     ] GC(751) Concurrent Mark From Roots 1019.260ms
[3384.853s][info][gc,marking     ] GC(751) Concurrent Preclean
[3384.853s][info][gc,marking     ] GC(751) Concurrent Preclean 0.109ms
[3384.856s][info][gc,start       ] GC(751) Pause Remark
[3384.860s][info][gc             ] GC(751) Pause Remark 2239M->2239M(4096M) 3.981ms
[3384.860s][info][gc,cpu         ] GC(751) User=0.02s Sys=0.00s Real=0.00s
[3384.860s][info][gc,marking     ] GC(751) Concurrent Mark 1026.649ms
[3384.860s][info][gc,marking     ] GC(751) Concurrent Rebuild Remembered Sets and Scrub Regions
[3385.249s][info][gc,marking     ] GC(751) Concurrent Rebuild Remembered Sets and Scrub Regions 388.596ms
[3385.250s][info][gc,start       ] GC(751) Pause Cleanup
[3385.250s][info][gc             ] GC(751) Pause Cleanup 2605M->2605M(4096M) 0.126ms
[3385.250s][info][gc,cpu         ] GC(751) User=0.00s Sys=0.00s Real=0.00s
[3385.250s][info][gc,marking     ] GC(751) Concurrent Clear Claimed Marks
[3385.250s][info][gc,marking     ] GC(751) Concurrent Clear Claimed Marks 0.037ms
[3385.250s][info][gc,marking     ] GC(751) Concurrent Cleanup for Next Mark
[3385.255s][info][gc,marking     ] GC(751) Concurrent Cleanup for Next Mark 4.727ms
[3385.255s][info][gc             ] GC(751) Concurrent Mark Cycle 1603.651ms
..[3386.786s][info][gc,start       ] GC(752) Pause Young (Prepare Mixed) (G1 Evacuation Pause)
[3386.786s][info][gc,task        ] GC(752) Using 6 workers of 6 for evacuation
[3386.902s][info][gc,phases      ] GC(752)   Pre Evacuate Collection Set: 0.34ms
[3386.902s][info][gc,phases      ] GC(752)   Merge Heap Roots: 0.57ms
[3386.902s][info][gc,phases      ] GC(752)   Evacuate Collection Set: 114.48ms
[3386.903s][info][gc,phases      ] GC(752)   Post Evacuate Collection Set: 0.92ms
[3386.903s][info][gc,phases      ] GC(752)   Other: 0.09ms
[3386.903s][info][gc,heap        ] GC(752) Eden regions: 1120->0(1108)
[3386.903s][info][gc,heap        ] GC(752) Survivor regions: 108->109(154)
[3386.903s][info][gc,heap        ] GC(752) Old regions: 507->539
[3386.903s][info][gc,heap        ] GC(752) Humongous regions: 80->80
[3386.903s][info][gc,metaspace   ] GC(752) Metaspace: 28906K(29248K)->28906K(29248K) NonClass: 24038K(24192K)->24038K(24192K) Class: 4868K(5056K)->4868K(5056K)
[3386.903s][info][gc             ] GC(752) Pause Young (Prepare Mixed) (G1 Evacuation Pause) 3627M->1453M(4096M) 116.518ms
[3386.903s][info][gc,cpu         ] GC(752) User=0.69s Sys=0.00s Real=0.12s
...[3389.952s][info][gc,start       ] GC(753) Pause Young (Mixed) (G1 Evacuation Pause)
[3389.952s][info][gc,task        ] GC(753) Using 6 workers of 6 for evacuation
[3390.087s][info][gc,phases      ] GC(753)   Pre Evacuate Collection Set: 0.37ms
[3390.087s][info][gc,phases      ] GC(753)   Merge Heap Roots: 0.64ms
[3390.087s][info][gc,phases      ] GC(753)   Evacuate Collection Set: 132.63ms
[3390.087s][info][gc,phases      ] GC(753)   Post Evacuate Collection Set: 0.96ms
[3390.087s][info][gc,phases      ] GC(753)   Other: 0.09ms
[3390.087s][info][gc,heap        ] GC(753) Eden regions: 1108->0(1118)
[3390.087s][info][gc,heap        ] GC(753) Survivor regions: 109->110(153)
[3390.087s][info][gc,heap        ] GC(753) Old regions: 539->474
[3390.087s][info][gc,heap        ] GC(753) Humongous regions: 80->80
[3390.087s][info][gc,metaspace   ] GC(753) Metaspace: 28906K(29248K)->28906K(29248K) NonClass: 24038K(24192K)->24038K(24192K) Class: 4868K(5056K)->4868K(5056K)
[3390.087s][info][gc             ] GC(753) Pause Young (Mixed) (G1 Evacuation Pause) 3669M->1325M(4096M) 134.840ms
[3390.087s][info][gc,cpu         ] GC(753) User=0.80s Sys=0.00s Real=0.13s
...[3393.214s][info][gc,start       ] GC(754) Pause Young (Concurrent Start) (G1 Evacuation Pause)
[3393.214s][info][gc,task        ] GC(754) Using 6 workers of 6 for evacuation
[3393.333s][info][gc,phases      ] GC(754)   Pre Evacuate Collection Set: 0.43ms
[3393.333s][info][gc,phases      ] GC(754)   Merge Heap Roots: 0.56ms
[3393.333s][info][gc,phases      ] GC(754)   Evacuate Collection Set: 117.19ms
[3393.333s][info][gc,phases      ] GC(754)   Post Evacuate Collection Set: 0.88ms
[3393.333s][info][gc,phases      ] GC(754)   Other: 0.14ms
[3393.333s][info][gc,heap        ] GC(754) Eden regions: 1118->0(1118)
[3393.333s][info][gc,heap        ] GC(754) Survivor regions: 110->110(154)
[3393.333s][info][gc,heap        ] GC(754) Old regions: 474->506
[3393.333s][info][gc,heap        ] GC(754) Humongous regions: 80->80
[3393.333s][info][gc,metaspace   ] GC(754) Metaspace: 28906K(29248K)->28906K(29248K) NonClass: 24038K(24192K)->24038K(24192K) Class: 4868K(5056K)->4868K(5056K)
[3393.333s][info][gc             ] GC(754) Pause Young (Concurrent Start) (G1 Evacuation Pause) 3561M->1389M(4096M) 119.336ms
[3393.333s][info][gc             ] GC(755) Concurrent Mark Cycle
[3393.333s][info][gc,marking     ] GC(755) Concurrent Scan Root Regions
[3393.333s][info][gc,cpu         ] GC(754) User=0.71s Sys=0.00s Real=0.12s
.[3393.515s][info][gc,marking     ] GC(755) Concurrent Scan Root Regions 182.439ms
[3393.515s][info][gc,marking     ] GC(755) Concurrent Mark
[3393.515s][info][gc,marking     ] GC(755) Concurrent Mark From Roots
[3393.515s][info][gc,task        ] GC(755) Using 2 workers of 2 for marking
[3394.488s][info][gc,marking     ] GC(755) Concurrent Mark From Roots 972.131ms
[3394.488s][info][gc,marking     ] GC(755) Concurrent Preclean
[3394.488s][info][gc,marking     ] GC(755) Concurrent Preclean 0.111ms
[3394.488s][info][gc,start       ] GC(755) Pause Remark
[3394.493s][info][gc             ] GC(755) Pause Remark 2255M->2255M(4096M) 4.316ms
[3394.493s][info][gc,cpu         ] GC(755) User=0.02s Sys=0.00s Real=0.01s
[3394.493s][info][gc,marking     ] GC(755) Concurrent Mark 977.422ms
[3394.493s][info][gc,marking     ] GC(755) Concurrent Rebuild Remembered Sets and Scrub Regions
.[3394.899s][info][gc,marking     ] GC(755) Concurrent Rebuild Remembered Sets and Scrub Regions 406.101ms
[3394.899s][info][gc,start       ] GC(755) Pause Cleanup
[3394.899s][info][gc             ] GC(755) Pause Cleanup 2554M->2554M(4096M) 0.114ms
[3394.899s][info][gc,cpu         ] GC(755) User=0.00s Sys=0.00s Real=0.00s
[3394.899s][info][gc,marking     ] GC(755) Concurrent Clear Claimed Marks
[3394.899s][info][gc,marking     ] GC(755) Concurrent Clear Claimed Marks 0.024ms
[3394.899s][info][gc,marking     ] GC(755) Concurrent Cleanup for Next Mark
[3394.904s][info][gc,marking     ] GC(755) Concurrent Cleanup for Next Mark 4.209ms
[3394.904s][info][gc             ] GC(755) Concurrent Mark Cycle 1570.678ms
.[3396.449s][info][gc,start       ] GC(756) Pause Young (Prepare Mixed) (G1 Evacuation Pause)
[3396.449s][info][gc,task        ] GC(756) Using 6 workers of 6 for evacuation
[3396.564s][info][gc,phases      ] GC(756)   Pre Evacuate Collection Set: 0.32ms
[3396.564s][info][gc,phases      ] GC(756)   Merge Heap Roots: 0.60ms
[3396.564s][info][gc,phases      ] GC(756)   Evacuate Collection Set: 113.37ms
[3396.564s][info][gc,phases      ] GC(756)   Post Evacuate Collection Set: 0.91ms
[3396.564s][info][gc,phases      ] GC(756)   Other: 0.10ms
[3396.564s][info][gc,heap        ] GC(756) Eden regions: 1118->0(1112)
[3396.564s][info][gc,heap        ] GC(756) Survivor regions: 110->108(154)
[3396.564s][info][gc,heap        ] GC(756) Old regions: 506->537
[3396.564s][info][gc,heap        ] GC(756) Humongous regions: 80->80
[3396.564s][info][gc,metaspace   ] GC(756) Metaspace: 28906K(29248K)->28906K(29248K) NonClass: 24038K(24192K)->24038K(24192K) Class: 4868K(5056K)->4868K(5056K)
[3396.564s][info][gc             ] GC(756) Pause Young (Prepare Mixed) (G1 Evacuation Pause) 3625M->1448M(4096M) 115.469ms
[3396.564s][info][gc,cpu         ] GC(756) User=0.69s Sys=0.00s Real=0.12s
....[3399.685s][info][gc,start       ] GC(757) Pause Young (Mixed) (G1 Evacuation Pause)
[3399.685s][info][gc,task        ] GC(757) Using 6 workers of 6 for evacuation
[3399.819s][info][gc,phases      ] GC(757)   Pre Evacuate Collection Set: 0.37ms
[3399.819s][info][gc,phases      ] GC(757)   Merge Heap Roots: 0.70ms
[3399.819s][info][gc,phases      ] GC(757)   Evacuate Collection Set: 131.51ms
[3399.819s][info][gc,phases      ] GC(757)   Post Evacuate Collection Set: 0.93ms
[3399.819s][info][gc,phases      ] GC(757)   Other: 0.08ms
[3399.819s][info][gc,heap        ] GC(757) Eden regions: 1112->0(1119)
[3399.819s][info][gc,heap        ] GC(757) Survivor regions: 108->109(153)
[3399.819s][info][gc,heap        ] GC(757) Old regions: 537->472
[3399.819s][info][gc,heap        ] GC(757) Humongous regions: 80->80
[3399.819s][info][gc,metaspace   ] GC(757) Metaspace: 28906K(29248K)->28906K(29248K) NonClass: 24038K(24192K)->24038K(24192K) Class: 4868K(5056K)->4868K(5056K)
[3399.819s][info][gc             ] GC(757) Pause Young (Mixed) (G1 Evacuation Pause) 3672M->1320M(4096M) 133.716ms
[3399.819s][info][gc,cpu         ] GC(757) User=0.80s Sys=0.00s Real=0.13s
...[3402.970s][info][gc,start       ] GC(758) Pause Young (Concurrent Start) (G1 Evacuation Pause)
[3402.970s][info][gc,task        ] GC(758) Using 6 workers of 6 for evacuation
[3403.087s][info][gc,phases      ] GC(758)   Pre Evacuate Collection Set: 0.39ms
[3403.087s][info][gc,phases      ] GC(758)   Merge Heap Roots: 0.47ms
[3403.087s][info][gc,phases      ] GC(758)   Evacuate Collection Set: 114.72ms
[3403.087s][info][gc,phases      ] GC(758)   Post Evacuate Collection Set: 0.86ms
[3403.087s][info][gc,phases      ] GC(758)   Other: 0.10ms
[3403.087s][info][gc,heap        ] GC(758) Eden regions: 1119->0(1118)
[3403.087s][info][gc,heap        ] GC(758) Survivor regions: 109->110(154)
[3403.087s][info][gc,heap        ] GC(758) Old regions: 472->504
[3403.087s][info][gc,heap        ] GC(758) Humongous regions: 80->80
[3403.087s][info][gc,metaspace   ] GC(758) Metaspace: 28906K(29248K)->28906K(29248K) NonClass: 24038K(24192K)->24038K(24192K) Class: 4868K(5056K)->4868K(5056K)
[3403.087s][info][gc             ] GC(758) Pause Young (Concurrent Start) (G1 Evacuation Pause) 3558M->1386M(4096M) 116.667ms
[3403.087s][info][gc             ] GC(759) Concurrent Mark Cycle
[3403.087s][info][gc,marking     ] GC(759) Concurrent Scan Root Regions
[3403.087s][info][gc,cpu         ] GC(758) User=0.70s Sys=0.00s Real=0.12s
[3403.266s][info][gc,marking     ] GC(759) Concurrent Scan Root Regions 179.441ms
[3403.266s][info][gc,marking     ] GC(759) Concurrent Mark
[3403.266s][info][gc,marking     ] GC(759) Concurrent Mark From Roots
[3403.266s][info][gc,task        ] GC(759) Using 2 workers of 2 for marking
.[3404.131s][info][gc,marking     ] GC(759) Concurrent Mark From Roots 865.264ms
[3404.131s][info][gc,marking     ] GC(759) Concurrent Preclean
[3404.132s][info][gc,marking     ] GC(759) Concurrent Preclean 0.097ms
[3404.132s][info][gc,start       ] GC(759) Pause Remark
[3404.135s][info][gc             ] GC(759) Pause Remark 2209M->2209M(4096M) 3.014ms
[3404.135s][info][gc,cpu         ] GC(759) User=0.02s Sys=0.00s Real=0.00s
[3404.135s][info][gc,marking     ] GC(759) Concurrent Mark 868.635ms
[3404.135s][info][gc,marking     ] GC(759) Concurrent Rebuild Remembered Sets and Scrub Regions
[3404.392s][info][gc,marking     ] GC(759) Concurrent Rebuild Remembered Sets and Scrub Regions 257.484ms
[3404.392s][info][gc,start       ] GC(759) Pause Cleanup
[3404.393s][info][gc             ] GC(759) Pause Cleanup 2359M->2359M(4096M) 0.107ms
[3404.393s][info][gc,cpu         ] GC(759) User=0.00s Sys=0.00s Real=0.00s
[3404.393s][info][gc,marking     ] GC(759) Concurrent Clear Claimed Marks
[3404.393s][info][gc,marking     ] GC(759) Concurrent Clear Claimed Marks 0.026ms
[3404.393s][info][gc,marking     ] GC(759) Concurrent Cleanup for Next Mark
[3404.396s][info][gc,marking     ] GC(759) Concurrent Cleanup for Next Mark 3.257ms
[3404.396s][info][gc             ] GC(759) Concurrent Mark Cycle 1309.286ms
..[3406.228s][info][gc,start       ] GC(760) Pause Young (Prepare Mixed) (G1 Evacuation Pause)
[3406.228s][info][gc,task        ] GC(760) Using 6 workers of 6 for evacuation
[3406.347s][info][gc,phases      ] GC(760)   Pre Evacuate Collection Set: 0.32ms
[3406.347s][info][gc,phases      ] GC(760)   Merge Heap Roots: 0.57ms
[3406.347s][info][gc,phases      ] GC(760)   Evacuate Collection Set: 117.67ms
[3406.347s][info][gc,phases      ] GC(760)   Post Evacuate Collection Set: 0.91ms
[3406.347s][info][gc,phases      ] GC(760)   Other: 0.09ms
[3406.347s][info][gc,heap        ] GC(760) Eden regions: 1118->0(1107)
[3406.347s][info][gc,heap        ] GC(760) Survivor regions: 110->111(154)
[3406.347s][info][gc,heap        ] GC(760) Old regions: 504->536
[3406.347s][info][gc,heap        ] GC(760) Humongous regions: 80->80
[3406.347s][info][gc,metaspace   ] GC(760) Metaspace: 28906K(29248K)->28906K(29248K) NonClass: 24038K(24192K)->24038K(24192K) Class: 4868K(5056K)->4868K(5056K)
[3406.347s][info][gc             ] GC(760) Pause Young (Prepare Mixed) (G1 Evacuation Pause) 3622M->1452M(4096M) 119.697ms
[3406.348s][info][gc,cpu         ] GC(760) User=0.71s Sys=0.01s Real=0.12s
...[3409.446s][info][gc,start       ] GC(761) Pause Young (Mixed) (G1 Evacuation Pause)
[3409.447s][info][gc,task        ] GC(761) Using 6 workers of 6 for evacuation
[3409.578s][info][gc,phases      ] GC(761)   Pre Evacuate Collection Set: 0.39ms
[3409.578s][info][gc,phases      ] GC(761)   Merge Heap Roots: 0.63ms
[3409.578s][info][gc,phases      ] GC(761)   Evacuate Collection Set: 129.05ms
[3409.578s][info][gc,phases      ] GC(761)   Post Evacuate Collection Set: 0.96ms
[3409.578s][info][gc,phases      ] GC(761)   Other: 0.09ms
[3409.578s][info][gc,heap        ] GC(761) Eden regions: 1107->0(1120)
[3409.578s][info][gc,heap        ] GC(761) Survivor regions: 111->108(153)
[3409.578s][info][gc,heap        ] GC(761) Old regions: 536->472
[3409.578s][info][gc,heap        ] GC(761) Humongous regions: 80->80
[3409.578s][info][gc,metaspace   ] GC(761) Metaspace: 28906K(29248K)->28906K(29248K) NonClass: 24038K(24192K)->24038K(24192K) Class: 4868K(5056K)->4868K(5056K)
[3409.578s][info][gc             ] GC(761) Pause Young (Mixed) (G1 Evacuation Pause) 3666M->1317M(4096M) 131.244ms
[3409.578s][info][gc,cpu         ] GC(761) User=0.78s Sys=0.00s Real=0.13s
....[3412.704s][info][gc,start       ] GC(762) Pause Young (Concurrent Start) (G1 Evacuation Pause)
[3412.704s][info][gc,task        ] GC(762) Using 6 workers of 6 for evacuation
[3412.820s][info][gc,phases      ] GC(762)   Pre Evacuate Collection Set: 0.40ms
[3412.820s][info][gc,phases      ] GC(762)   Merge Heap Roots: 0.49ms
[3412.820s][info][gc,phases      ] GC(762)   Evacuate Collection Set: 113.77ms
[3412.820s][info][gc,phases      ] GC(762)   Post Evacuate Collection Set: 0.88ms
[3412.820s][info][gc,phases      ] GC(762)   Other: 0.12ms
[3412.820s][info][gc,heap        ] GC(762) Eden regions: 1120->0(1120)
[3412.820s][info][gc,heap        ] GC(762) Survivor regions: 108->108(154)
[3412.820s][info][gc,heap        ] GC(762) Old regions: 472->504
[3412.820s][info][gc,heap        ] GC(762) Humongous regions: 80->80
[3412.820s][info][gc,metaspace   ] GC(762) Metaspace: 28906K(29248K)->28906K(29248K) NonClass: 24038K(24192K)->24038K(24192K) Class: 4868K(5056K)->4868K(5056K)
[3412.820s][info][gc             ] GC(762) Pause Young (Concurrent Start) (G1 Evacuation Pause) 3557M->1382M(4096M) 115.811ms
[3412.820s][info][gc             ] GC(763) Concurrent Mark Cycle
[3412.820s][info][gc,marking     ] GC(763) Concurrent Scan Root Regions
[3412.820s][info][gc,cpu         ] GC(762) User=0.69s Sys=0.00s Real=0.11s
[3413.004s][info][gc,marking     ] GC(763) Concurrent Scan Root Regions 183.892ms
[3413.004s][info][gc,marking     ] GC(763) Concurrent Mark
[3413.004s][info][gc,marking     ] GC(763) Concurrent Mark From Roots
[3413.004s][info][gc,task        ] GC(763) Using 2 workers of 2 for marking
. (rIR:aIR:PR = 5812:5811:5811) (tPR = 86547) [OK] 
  3413s: Performance info:
         Transaction,    Success,    Partial,     Failed,   Receipts, AvgBarcode, 
             Overall,     350547,          0,          0,     332996,      59.47, 
         Response times:
             Request,    Success,    Partial,     Failed,   SkipFail,     Probes,    Samples,      min,      p50,      p90,      p95,      p99,      max, 
       TotalPurchase,     333016,          0,          0,          0,     326799,     416190,      300,     4900,    14700,    38000,    79000,   290000,
     InStorePurchase,     175272,          0,          0,          0,     172436,     219177,      300,     4900,    14600,    38000,    77000,   245000,
      OnlinePurchase,     122686,          0,          0,          0,     120426,     153511,      300,     4800,    14700,    38000,    81000,   220000,
        InstPurchase,      35058,          0,          0,          0,      33937,      43502,      400,     5300,    14900,    40000,    84000,   290000,
          AssocOfCat,        350,          0,          0,          0,        291,        486,    24000,    37000,    66600,    88650,   128160,   194000,
      AssocOfProduct,       3510,          0,          0,          0,       3242,       4363,      400,     5500,    14900,    38000,    84360,   163000,
      BusinessReport,        875,          0,          0,          0,        766,       1135,    26000,    41000,    71000,    89000,   146640,   336000,
          CustBuyBeh,       3508,          0,          0,          0,       3266,       4441,      200,     3600,    11100,    30000,    70000,   165000,
       ProductReturn,       9311,          0,          0,          0,       8849,      11574,      300,     4400,    13600,    32000,    73000,   190000,

  3413s: (43%)   IR =   5950 [3413.919s][info][gc,marking     ] GC(763) Concurrent Mark From Roots 915.242ms
[3413.919s][info][gc,marking     ] GC(763) Concurrent Preclean
[3413.919s][info][gc,marking     ] GC(763) Concurrent Preclean 0.114ms
[3413.922s][info][gc,start       ] GC(763) Pause Remark
[3413.926s][info][gc             ] GC(763) Pause Remark 2228M->2228M(4096M) 4.361ms
[3413.926s][info][gc,cpu         ] GC(763) User=0.02s Sys=0.00s Real=0.00s
[3413.927s][info][gc,marking     ] GC(763) Concurrent Mark 922.971ms
[3413.927s][info][gc,marking     ] GC(763) Concurrent Rebuild Remembered Sets and Scrub Regions
[3414.211s][info][gc,marking     ] GC(763) Concurrent Rebuild Remembered Sets and Scrub Regions 283.856ms
[3414.211s][info][gc,start       ] GC(763) Pause Cleanup
[3414.211s][info][gc             ] GC(763) Pause Cleanup 2427M->2427M(4096M) 0.107ms
[3414.211s][info][gc,cpu         ] GC(763) User=0.00s Sys=0.00s Real=0.00s
[3414.211s][info][gc,marking     ] GC(763) Concurrent Clear Claimed Marks
[3414.211s][info][gc,marking     ] GC(763) Concurrent Clear Claimed Marks 0.023ms
[3414.211s][info][gc,marking     ] GC(763) Concurrent Cleanup for Next Mark
[3414.217s][info][gc,marking     ] GC(763) Concurrent Cleanup for Next Mark 5.645ms
[3414.217s][info][gc             ] GC(763) Concurrent Mark Cycle 1396.838ms
..[3415.923s][info][gc,start       ] GC(764) Pause Young (Prepare Mixed) (G1 Evacuation Pause)
[3415.923s][info][gc,task        ] GC(764) Using 6 workers of 6 for evacuation
[3416.041s][info][gc,phases      ] GC(764)   Pre Evacuate Collection Set: 0.31ms
[3416.041s][info][gc,phases      ] GC(764)   Merge Heap Roots: 0.55ms
[3416.041s][info][gc,phases      ] GC(764)   Evacuate Collection Set: 116.67ms
[3416.041s][info][gc,phases      ] GC(764)   Post Evacuate Collection Set: 0.91ms
[3416.041s][info][gc,phases      ] GC(764)   Other: 0.09ms
[3416.041s][info][gc,heap        ] GC(764) Eden regions: 1120->0(1107)
[3416.041s][info][gc,heap        ] GC(764) Survivor regions: 108->111(154)
[3416.041s][info][gc,heap        ] GC(764) Old regions: 504->536
[3416.041s][info][gc,heap        ] GC(764) Humongous regions: 80->80
[3416.041s][info][gc,metaspace   ] GC(764) Metaspace: 28906K(29248K)->28906K(29248K) NonClass: 24038K(24192K)->24038K(24192K) Class: 4868K(5056K)->4868K(5056K)
[3416.041s][info][gc             ] GC(764) Pause Young (Prepare Mixed) (G1 Evacuation Pause) 3622M->1452M(4096M) 118.662ms
[3416.041s][info][gc,cpu         ] GC(764) User=0.70s Sys=0.00s Real=0.12s
...|[3419.024s][info][gc,start       ] GC(765) Pause Young (Mixed) (G1 Evacuation Pause)
[3419.024s][info][gc,task        ] GC(765) Using 6 workers of 6 for evacuation
[3419.160s][info][gc,phases      ] GC(765)   Pre Evacuate Collection Set: 0.34ms
[3419.160s][info][gc,phases      ] GC(765)   Merge Heap Roots: 0.71ms
[3419.160s][info][gc,phases      ] GC(765)   Evacuate Collection Set: 133.72ms
[3419.160s][info][gc,phases      ] GC(765)   Post Evacuate Collection Set: 0.94ms
[3419.160s][info][gc,phases      ] GC(765)   Other: 0.09ms
[3419.160s][info][gc,heap        ] GC(765) Eden regions: 1107->0(1118)
[3419.160s][info][gc,heap        ] GC(765) Survivor regions: 111->110(153)
[3419.160s][info][gc,heap        ] GC(765) Old regions: 536->474
[3419.160s][info][gc,heap        ] GC(765) Humongous regions: 80->80
[3419.160s][info][gc,metaspace   ] GC(765) Metaspace: 28906K(29248K)->28906K(29248K) NonClass: 24038K(24192K)->24038K(24192K) Class: 4868K(5056K)->4868K(5056K)
[3419.160s][info][gc             ] GC(765) Pause Young (Mixed) (G1 Evacuation Pause) 3666M->1326M(4096M) 135.928ms
[3419.160s][info][gc,cpu         ] GC(765) User=0.81s Sys=0.00s Real=0.13s
...[3422.183s][info][gc,start       ] GC(766) Pause Young (Concurrent Start) (G1 Evacuation Pause)
[3422.183s][info][gc,task        ] GC(766) Using 6 workers of 6 for evacuation
[3422.301s][info][gc,phases      ] GC(766)   Pre Evacuate Collection Set: 0.35ms
[3422.301s][info][gc,phases      ] GC(766)   Merge Heap Roots: 0.47ms
[3422.301s][info][gc,phases      ] GC(766)   Evacuate Collection Set: 115.86ms
[3422.301s][info][gc,phases      ] GC(766)   Post Evacuate Collection Set: 0.87ms
[3422.301s][info][gc,phases      ] GC(766)   Other: 0.10ms
[3422.301s][info][gc,heap        ] GC(766) Eden regions: 1118->0(1118)
[3422.301s][info][gc,heap        ] GC(766) Survivor regions: 110->110(154)
[3422.301s][info][gc,heap        ] GC(766) Old regions: 474->507
[3422.301s][info][gc,heap        ] GC(766) Humongous regions: 80->80
[3422.301s][info][gc,metaspace   ] GC(766) Metaspace: 28906K(29248K)->28906K(29248K) NonClass: 24038K(24192K)->24038K(24192K) Class: 4868K(5056K)->4868K(5056K)
[3422.301s][info][gc             ] GC(766) Pause Young (Concurrent Start) (G1 Evacuation Pause) 3562M->1391M(4096M) 117.787ms
[3422.301s][info][gc             ] GC(767) Concurrent Mark Cycle
[3422.301s][info][gc,marking     ] GC(767) Concurrent Scan Root Regions
[3422.301s][info][gc,cpu         ] GC(766) User=0.70s Sys=0.00s Real=0.12s
[3422.482s][info][gc,marking     ] GC(767) Concurrent Scan Root Regions 181.418ms
[3422.482s][info][gc,marking     ] GC(767) Concurrent Mark
[3422.482s][info][gc,marking     ] GC(767) Concurrent Mark From Roots
[3422.482s][info][gc,task        ] GC(767) Using 2 workers of 2 for marking
.[3423.176s][info][gc,marking     ] GC(767) Concurrent Mark From Roots 693.204ms
[3423.176s][info][gc,marking     ] GC(767) Concurrent Preclean
[3423.176s][info][gc,marking     ] GC(767) Concurrent Preclean 0.165ms
[3423.176s][info][gc,start       ] GC(767) Pause Remark
[3423.180s][info][gc             ] GC(767) Pause Remark 2072M->2072M(4096M) 3.412ms
[3423.180s][info][gc,cpu         ] GC(767) User=0.02s Sys=0.00s Real=0.00s
[3423.181s][info][gc,marking     ] GC(767) Concurrent Mark 698.203ms
[3423.181s][info][gc,marking     ] GC(767) Concurrent Rebuild Remembered Sets and Scrub Regions
[3423.423s][info][gc,marking     ] GC(767) Concurrent Rebuild Remembered Sets and Scrub Regions 242.010ms
[3423.423s][info][gc,start       ] GC(767) Pause Cleanup
[3423.423s][info][gc             ] GC(767) Pause Cleanup 2231M->2231M(4096M) 0.116ms
[3423.423s][info][gc,cpu         ] GC(767) User=0.00s Sys=0.00s Real=0.00s
[3423.423s][info][gc,marking     ] GC(767) Concurrent Clear Claimed Marks
[3423.423s][info][gc,marking     ] GC(767) Concurrent Clear Claimed Marks 0.022ms
[3423.423s][info][gc,marking     ] GC(767) Concurrent Cleanup for Next Mark
[3423.426s][info][gc,marking     ] GC(767) Concurrent Cleanup for Next Mark 3.293ms
[3423.426s][info][gc             ] GC(767) Concurrent Mark Cycle 1125.371ms
..[3425.404s][info][gc,start       ] GC(768) Pause Young (Prepare Mixed) (G1 Evacuation Pause)
[3425.404s][info][gc,task        ] GC(768) Using 6 workers of 6 for evacuation
[3425.521s][info][gc,phases      ] GC(768)   Pre Evacuate Collection Set: 0.30ms
[3425.521s][info][gc,phases      ] GC(768)   Merge Heap Roots: 0.63ms
[3425.521s][info][gc,phases      ] GC(768)   Evacuate Collection Set: 114.29ms
[3425.521s][info][gc,phases      ] GC(768)   Post Evacuate Collection Set: 0.89ms
[3425.521s][info][gc,phases      ] GC(768)   Other: 0.08ms
[3425.521s][info][gc,heap        ] GC(768) Eden regions: 1118->0(1113)
[3425.521s][info][gc,heap        ] GC(768) Survivor regions: 110->107(154)
[3425.521s][info][gc,heap        ] GC(768) Old regions: 507->538
[3425.521s][info][gc,heap        ] GC(768) Humongous regions: 80->80
[3425.521s][info][gc,metaspace   ] GC(768) Metaspace: 28906K(29248K)->28906K(29248K) NonClass: 24038K(24192K)->24038K(24192K) Class: 4868K(5056K)->4868K(5056K)
[3425.521s][info][gc             ] GC(768) Pause Young (Prepare Mixed) (G1 Evacuation Pause) 3627M->1448M(4096M) 116.323ms
[3425.521s][info][gc,cpu         ] GC(768) User=0.69s Sys=0.00s Real=0.11s
...[3428.598s][info][gc,start       ] GC(769) Pause Young (Mixed) (G1 Evacuation Pause)
[3428.598s][info][gc,task        ] GC(769) Using 6 workers of 6 for evacuation
[3428.731s][info][gc,phases      ] GC(769)   Pre Evacuate Collection Set: 0.38ms
[3428.731s][info][gc,phases      ] GC(769)   Merge Heap Roots: 0.77ms
[3428.731s][info][gc,phases      ] GC(769)   Evacuate Collection Set: 130.64ms
[3428.731s][info][gc,phases      ] GC(769)   Post Evacuate Collection Set: 0.96ms
[3428.731s][info][gc,phases      ] GC(769)   Other: 0.09ms
[3428.731s][info][gc,heap        ] GC(769) Eden regions: 1113->0(1119)
[3428.731s][info][gc,heap        ] GC(769) Survivor regions: 107->109(153)
[3428.731s][info][gc,heap        ] GC(769) Old regions: 538->474
[3428.731s][info][gc,heap        ] GC(769) Humongous regions: 80->80
[3428.731s][info][gc,metaspace   ] GC(769) Metaspace: 28906K(29248K)->28906K(29248K) NonClass: 24038K(24192K)->24038K(24192K) Class: 4868K(5056K)->4868K(5056K)
[3428.731s][info][gc             ] GC(769) Pause Young (Mixed) (G1 Evacuation Pause) 3674M->1324M(4096M) 132.971ms
[3428.731s][info][gc,cpu         ] GC(769) User=0.79s Sys=0.00s Real=0.13s
...[3431.711s][info][gc,start       ] GC(770) Pause Young (Concurrent Start) (G1 Evacuation Pause)
[3431.711s][info][gc,task        ] GC(770) Using 6 workers of 6 for evacuation
[3431.827s][info][gc,phases      ] GC(770)   Pre Evacuate Collection Set: 0.41ms
[3431.827s][info][gc,phases      ] GC(770)   Merge Heap Roots: 0.47ms
[3431.827s][info][gc,phases      ] GC(770)   Evacuate Collection Set: 113.70ms
[3431.827s][info][gc,phases      ] GC(770)   Post Evacuate Collection Set: 0.86ms
[3431.827s][info][gc,phases      ] GC(770)   Other: 0.11ms
[3431.827s][info][gc,heap        ] GC(770) Eden regions: 1119->0(1120)
[3431.827s][info][gc,heap        ] GC(770) Survivor regions: 109->108(154)
[3431.827s][info][gc,heap        ] GC(770) Old regions: 474->506
[3431.827s][info][gc,heap        ] GC(770) Humongous regions: 80->80
[3431.827s][info][gc,metaspace   ] GC(770) Metaspace: 28906K(29248K)->28906K(29248K) NonClass: 24038K(24192K)->24038K(24192K) Class: 4868K(5056K)->4868K(5056K)
[3431.827s][info][gc             ] GC(770) Pause Young (Concurrent Start) (G1 Evacuation Pause) 3562M->1386M(4096M) 115.707ms
[3431.827s][info][gc             ] GC(771) Concurrent Mark Cycle
[3431.827s][info][gc,marking     ] GC(771) Concurrent Scan Root Regions
[3431.827s][info][gc,cpu         ] GC(770) User=0.69s Sys=0.00s Real=0.11s
.[3431.966s][info][gc,marking     ] GC(771) Concurrent Scan Root Regions 139.375ms
[3431.966s][info][gc,marking     ] GC(771) Concurrent Mark
[3431.966s][info][gc,marking     ] GC(771) Concurrent Mark From Roots
[3431.966s][info][gc,task        ] GC(771) Using 2 workers of 2 for marking
[3432.639s][info][gc,marking     ] GC(771) Concurrent Mark From Roots 672.723ms
[3432.639s][info][gc,marking     ] GC(771) Concurrent Preclean
[3432.639s][info][gc,marking     ] GC(771) Concurrent Preclean 0.078ms
[3432.639s][info][gc,start       ] GC(771) Pause Remark
[3432.643s][info][gc             ] GC(771) Pause Remark 2030M->2030M(4096M) 3.850ms
[3432.643s][info][gc,cpu         ] GC(771) User=0.02s Sys=0.00s Real=0.01s
[3432.643s][info][gc,marking     ] GC(771) Concurrent Mark 676.879ms
[3432.643s][info][gc,marking     ] GC(771) Concurrent Rebuild Remembered Sets and Scrub Regions
.[3432.913s][info][gc,marking     ] GC(771) Concurrent Rebuild Remembered Sets and Scrub Regions 269.831ms
[3432.913s][info][gc,start       ] GC(771) Pause Cleanup
[3432.913s][info][gc             ] GC(771) Pause Cleanup 2217M->2217M(4096M) 0.116ms
[3432.913s][info][gc,cpu         ] GC(771) User=0.00s Sys=0.00s Real=0.00s
[3432.914s][info][gc,marking     ] GC(771) Concurrent Clear Claimed Marks
[3432.914s][info][gc,marking     ] GC(771) Concurrent Clear Claimed Marks 0.035ms
[3432.914s][info][gc,marking     ] GC(771) Concurrent Cleanup for Next Mark
[3432.918s][info][gc,marking     ] GC(771) Concurrent Cleanup for Next Mark 4.227ms
[3432.918s][info][gc             ] GC(771) Concurrent Mark Cycle 1091.131ms
..[3434.894s][info][gc,start       ] GC(772) Pause Young (Prepare Mixed) (G1 Evacuation Pause)
[3434.894s][info][gc,task        ] GC(772) Using 6 workers of 6 for evacuation
[3435.011s][info][gc,phases      ] GC(772)   Pre Evacuate Collection Set: 0.30ms
[3435.011s][info][gc,phases      ] GC(772)   Merge Heap Roots: 0.49ms
[3435.011s][info][gc,phases      ] GC(772)   Evacuate Collection Set: 115.24ms
[3435.011s][info][gc,phases      ] GC(772)   Post Evacuate Collection Set: 0.90ms
[3435.011s][info][gc,phases      ] GC(772)   Other: 0.09ms
[3435.011s][info][gc,heap        ] GC(772) Eden regions: 1120->0(1108)
[3435.011s][info][gc,heap        ] GC(772) Survivor regions: 108->109(154)
[3435.011s][info][gc,heap        ] GC(772) Old regions: 506->539
[3435.011s][info][gc,heap        ] GC(772) Humongous regions: 80->80
[3435.011s][info][gc,metaspace   ] GC(772) Metaspace: 28906K(29248K)->28906K(29248K) NonClass: 24038K(24192K)->24038K(24192K) Class: 4868K(5056K)->4868K(5056K)
[3435.011s][info][gc             ] GC(772) Pause Young (Prepare Mixed) (G1 Evacuation Pause) 3626M->1454M(4096M) 117.139ms
[3435.011s][info][gc,cpu         ] GC(772) User=0.70s Sys=0.00s Real=0.12s
...[3438.097s][info][gc,start       ] GC(773) Pause Young (Mixed) (G1 Evacuation Pause)
[3438.097s][info][gc,task        ] GC(773) Using 6 workers of 6 for evacuation
[3438.230s][info][gc,phases      ] GC(773)   Pre Evacuate Collection Set: 0.34ms
[3438.230s][info][gc,phases      ] GC(773)   Merge Heap Roots: 0.77ms
[3438.230s][info][gc,phases      ] GC(773)   Evacuate Collection Set: 131.01ms
[3438.230s][info][gc,phases      ] GC(773)   Post Evacuate Collection Set: 0.93ms
[3438.230s][info][gc,phases      ] GC(773)   Other: 0.09ms
[3438.230s][info][gc,heap        ] GC(773) Eden regions: 1108->0(1117)
[3438.230s][info][gc,heap        ] GC(773) Survivor regions: 109->111(153)
[3438.230s][info][gc,heap        ] GC(773) Old regions: 539->473
[3438.230s][info][gc,heap        ] GC(773) Humongous regions: 80->80
[3438.230s][info][gc,metaspace   ] GC(773) Metaspace: 28906K(29248K)->28906K(29248K) NonClass: 24038K(24192K)->24038K(24192K) Class: 4868K(5056K)->4868K(5056K)
[3438.230s][info][gc             ] GC(773) Pause Young (Mixed) (G1 Evacuation Pause) 3670M->1325M(4096M) 133.286ms
[3438.230s][info][gc,cpu         ] GC(773) User=0.79s Sys=0.00s Real=0.13s
...[3441.175s][info][gc,start       ] GC(774) Pause Young (Concurrent Start) (G1 Evacuation Pause)
[3441.175s][info][gc,task        ] GC(774) Using 6 workers of 6 for evacuation
[3441.295s][info][gc,phases      ] GC(774)   Pre Evacuate Collection Set: 0.40ms
[3441.295s][info][gc,phases      ] GC(774)   Merge Heap Roots: 0.46ms
[3441.295s][info][gc,phases      ] GC(774)   Evacuate Collection Set: 118.71ms
[3441.295s][info][gc,phases      ] GC(774)   Post Evacuate Collection Set: 0.87ms
[3441.295s][info][gc,phases      ] GC(774)   Other: 0.12ms
[3441.295s][info][gc,heap        ] GC(774) Eden regions: 1117->0(1116)
[3441.295s][info][gc,heap        ] GC(774) Survivor regions: 111->112(154)
[3441.295s][info][gc,heap        ] GC(774) Old regions: 473->506
[3441.295s][info][gc,heap        ] GC(774) Humongous regions: 80->80
[3441.295s][info][gc,metaspace   ] GC(774) Metaspace: 28906K(29248K)->28906K(29248K) NonClass: 24038K(24192K)->24038K(24192K) Class: 4868K(5056K)->4868K(5056K)
[3441.295s][info][gc             ] GC(774) Pause Young (Concurrent Start) (G1 Evacuation Pause) 3559M->1393M(4096M) 120.683ms
[3441.295s][info][gc             ] GC(775) Concurrent Mark Cycle
[3441.295s][info][gc,marking     ] GC(775) Concurrent Scan Root Regions
[3441.295s][info][gc,cpu         ] GC(774) User=0.72s Sys=0.00s Real=0.12s
[3441.480s][info][gc,marking     ] GC(775) Concurrent Scan Root Regions 184.571ms
[3441.480s][info][gc,marking     ] GC(775) Concurrent Mark
[3441.480s][info][gc,marking     ] GC(775) Concurrent Mark From Roots
[3441.480s][info][gc,task        ] GC(775) Using 2 workers of 2 for marking
.[3442.160s][info][gc,marking     ] GC(775) Concurrent Mark From Roots 679.535ms
[3442.160s][info][gc,marking     ] GC(775) Concurrent Preclean
[3442.160s][info][gc,marking     ] GC(775) Concurrent Preclean 0.089ms
[3442.160s][info][gc,start       ] GC(775) Pause Remark
[3442.162s][info][gc             ] GC(775) Pause Remark 2046M->2046M(4096M) 2.571ms
[3442.162s][info][gc,cpu         ] GC(775) User=0.01s Sys=0.01s Real=0.01s
[3442.162s][info][gc,marking     ] GC(775) Concurrent Mark 682.421ms
[3442.162s][info][gc,marking     ] GC(775) Concurrent Rebuild Remembered Sets and Scrub Regions
[3442.422s][info][gc,marking     ] GC(775) Concurrent Rebuild Remembered Sets and Scrub Regions 259.733ms
[3442.422s][info][gc,start       ] GC(775) Pause Cleanup
[3442.423s][info][gc             ] GC(775) Pause Cleanup 2256M->2256M(4096M) 0.106ms
[3442.423s][info][gc,cpu         ] GC(775) User=0.00s Sys=0.00s Real=0.00s
[3442.423s][info][gc,marking     ] GC(775) Concurrent Clear Claimed Marks
[3442.423s][info][gc,marking     ] GC(775) Concurrent Clear Claimed Marks 0.027ms
[3442.423s][info][gc,marking     ] GC(775) Concurrent Cleanup for Next Mark
[3442.427s][info][gc,marking     ] GC(775) Concurrent Cleanup for Next Mark 4.500ms
[3442.427s][info][gc             ] GC(775) Concurrent Mark Cycle 1131.845ms
..[3444.421s][info][gc,start       ] GC(776) Pause Young (Prepare Mixed) (G1 Evacuation Pause)
[3444.421s][info][gc,task        ] GC(776) Using 6 workers of 6 for evacuation
[3444.537s][info][gc,phases      ] GC(776)   Pre Evacuate Collection Set: 0.35ms
[3444.537s][info][gc,phases      ] GC(776)   Merge Heap Roots: 0.52ms
[3444.537s][info][gc,phases      ] GC(776)   Evacuate Collection Set: 114.55ms
[3444.538s][info][gc,phases      ] GC(776)   Post Evacuate Collection Set: 0.89ms
[3444.538s][info][gc,phases      ] GC(776)   Other: 0.09ms
[3444.538s][info][gc,heap        ] GC(776) Eden regions: 1116->0(1111)
[3444.538s][info][gc,heap        ] GC(776) Survivor regions: 112->108(154)
[3444.538s][info][gc,heap        ] GC(776) Old regions: 506->538
[3444.538s][info][gc,heap        ] GC(776) Humongous regions: 80->80
[3444.538s][info][gc,metaspace   ] GC(776) Metaspace: 28906K(29248K)->28906K(29248K) NonClass: 24038K(24192K)->24038K(24192K) Class: 4868K(5056K)->4868K(5056K)
[3444.538s][info][gc             ] GC(776) Pause Young (Prepare Mixed) (G1 Evacuation Pause) 3625M->1449M(4096M) 116.542ms
[3444.538s][info][gc,cpu         ] GC(776) User=0.70s Sys=0.00s Real=0.11s
...[3447.512s][info][gc,start       ] GC(777) Pause Young (Mixed) (G1 Evacuation Pause)
[3447.512s][info][gc,task        ] GC(777) Using 6 workers of 6 for evacuation
[3447.649s][info][gc,phases      ] GC(777)   Pre Evacuate Collection Set: 0.38ms
[3447.649s][info][gc,phases      ] GC(777)   Merge Heap Roots: 0.75ms
[3447.649s][info][gc,phases      ] GC(777)   Evacuate Collection Set: 134.86ms
[3447.649s][info][gc,phases      ] GC(777)   Post Evacuate Collection Set: 0.94ms
[3447.649s][info][gc,phases      ] GC(777)   Other: 0.09ms
[3447.649s][info][gc,heap        ] GC(777) Eden regions: 1111->0(1118)
[3447.649s][info][gc,heap        ] GC(777) Survivor regions: 108->110(153)
[3447.649s][info][gc,heap        ] GC(777) Old regions: 538->474
[3447.649s][info][gc,heap        ] GC(777) Humongous regions: 80->80
[3447.649s][info][gc,metaspace   ] GC(777) Metaspace: 28906K(29248K)->28906K(29248K) NonClass: 24038K(24192K)->24038K(24192K) Class: 4868K(5056K)->4868K(5056K)
[3447.649s][info][gc             ] GC(777) Pause Young (Mixed) (G1 Evacuation Pause) 3671M->1326M(4096M) 137.170ms
[3447.649s][info][gc,cpu         ] GC(777) User=0.82s Sys=0.01s Real=0.13s
...[3450.708s][info][gc,start       ] GC(778) Pause Young (Concurrent Start) (G1 Evacuation Pause)
[3450.708s][info][gc,task        ] GC(778) Using 6 workers of 6 for evacuation
[3450.825s][info][gc,phases      ] GC(778)   Pre Evacuate Collection Set: 0.36ms
[3450.825s][info][gc,phases      ] GC(778)   Merge Heap Roots: 0.46ms
[3450.825s][info][gc,phases      ] GC(778)   Evacuate Collection Set: 115.90ms
[3450.825s][info][gc,phases      ] GC(778)   Post Evacuate Collection Set: 0.87ms
[3450.825s][info][gc,phases      ] GC(778)   Other: 0.10ms
[3450.825s][info][gc,heap        ] GC(778) Eden regions: 1118->0(1119)
[3450.825s][info][gc,heap        ] GC(778) Survivor regions: 110->109(154)
[3450.825s][info][gc,heap        ] GC(778) Old regions: 474->507
[3450.825s][info][gc,heap        ] GC(778) Humongous regions: 80->80
[3450.825s][info][gc,metaspace   ] GC(778) Metaspace: 28906K(29248K)->28906K(29248K) NonClass: 24038K(24192K)->24038K(24192K) Class: 4868K(5056K)->4868K(5056K)
[3450.825s][info][gc             ] GC(778) Pause Young (Concurrent Start) (G1 Evacuation Pause) 3562M->1389M(4096M) 117.815ms
[3450.825s][info][gc             ] GC(779) Concurrent Mark Cycle
[3450.825s][info][gc,marking     ] GC(779) Concurrent Scan Root Regions
[3450.825s][info][gc,cpu         ] GC(778) User=0.70s Sys=0.00s Real=0.12s
.[3450.949s][info][gc,marking     ] GC(779) Concurrent Scan Root Regions 123.847ms
[3450.949s][info][gc,marking     ] GC(779) Concurrent Mark
[3450.949s][info][gc,marking     ] GC(779) Concurrent Mark From Roots
[3450.949s][info][gc,task        ] GC(779) Using 2 workers of 2 for marking
[3451.618s][info][gc,marking     ] GC(779) Concurrent Mark From Roots 668.967ms
[3451.618s][info][gc,marking     ] GC(779) Concurrent Preclean
[3451.619s][info][gc,marking     ] GC(779) Concurrent Preclean 0.104ms
[3451.621s][info][gc,start       ] GC(779) Pause Remark
[3451.624s][info][gc             ] GC(779) Pause Remark 1935M->1935M(4096M) 3.405ms
[3451.624s][info][gc,cpu         ] GC(779) User=0.02s Sys=0.00s Real=0.01s
[3451.624s][info][gc,marking     ] GC(779) Concurrent Mark 674.911ms
[3451.624s][info][gc,marking     ] GC(779) Concurrent Rebuild Remembered Sets and Scrub Regions
[3451.893s][info][gc,marking     ] GC(779) Concurrent Rebuild Remembered Sets and Scrub Regions 268.430ms
[3451.894s][info][gc,start       ] GC(779) Pause Cleanup
[3451.894s][info][gc             ] GC(779) Pause Cleanup 2169M->2169M(4096M) 0.121ms
[3451.894s][info][gc,cpu         ] GC(779) User=0.00s Sys=0.00s Real=0.00s
[3451.896s][info][gc,marking     ] GC(779) Concurrent Clear Claimed Marks
[3451.896s][info][gc,marking     ] GC(779) Concurrent Clear Claimed Marks 0.068ms
[3451.896s][info][gc,marking     ] GC(779) Concurrent Cleanup for Next Mark
.[3451.902s][info][gc,marking     ] GC(779) Concurrent Cleanup for Next Mark 6.177ms
[3451.902s][info][gc             ] GC(779) Concurrent Mark Cycle 1076.969ms
.[3453.870s][info][gc,start       ] GC(780) Pause Young (Prepare Mixed) (G1 Evacuation Pause)
[3453.870s][info][gc,task        ] GC(780) Using 6 workers of 6 for evacuation
[3453.987s][info][gc,phases      ] GC(780)   Pre Evacuate Collection Set: 0.31ms
[3453.987s][info][gc,phases      ] GC(780)   Merge Heap Roots: 0.50ms
[3453.987s][info][gc,phases      ] GC(780)   Evacuate Collection Set: 115.10ms
[3453.987s][info][gc,phases      ] GC(780)   Post Evacuate Collection Set: 0.91ms
[3453.987s][info][gc,phases      ] GC(780)   Other: 0.09ms
[3453.987s][info][gc,heap        ] GC(780) Eden regions: 1119->0(1110)
[3453.987s][info][gc,heap        ] GC(780) Survivor regions: 109->109(154)
[3453.987s][info][gc,heap        ] GC(780) Old regions: 507->537
[3453.987s][info][gc,heap        ] GC(780) Humongous regions: 80->80
[3453.987s][info][gc,metaspace   ] GC(780) Metaspace: 28906K(29248K)->28906K(29248K) NonClass: 24038K(24192K)->24038K(24192K) Class: 4868K(5056K)->4868K(5056K)
[3453.987s][info][gc             ] GC(780) Pause Young (Prepare Mixed) (G1 Evacuation Pause) 3627M->1451M(4096M) 117.048ms
[3453.987s][info][gc,cpu         ] GC(780) User=0.70s Sys=0.00s Real=0.12s
....[3457.032s][info][gc,start       ] GC(781) Pause Young (Mixed) (G1 Evacuation Pause)
[3457.032s][info][gc,task        ] GC(781) Using 6 workers of 6 for evacuation
[3457.170s][info][gc,phases      ] GC(781)   Pre Evacuate Collection Set: 0.37ms
[3457.170s][info][gc,phases      ] GC(781)   Merge Heap Roots: 0.74ms
[3457.170s][info][gc,phases      ] GC(781)   Evacuate Collection Set: 135.63ms
[3457.170s][info][gc,phases      ] GC(781)   Post Evacuate Collection Set: 0.96ms
[3457.170s][info][gc,phases      ] GC(781)   Other: 0.09ms
[3457.170s][info][gc,heap        ] GC(781) Eden regions: 1110->0(1115)
[3457.170s][info][gc,heap        ] GC(781) Survivor regions: 109->113(153)
[3457.170s][info][gc,heap        ] GC(781) Old regions: 537->473
[3457.170s][info][gc,heap        ] GC(781) Humongous regions: 80->80
[3457.170s][info][gc,metaspace   ] GC(781) Metaspace: 28906K(29248K)->28906K(29248K) NonClass: 24038K(24192K)->24038K(24192K) Class: 4868K(5056K)->4868K(5056K)
[3457.170s][info][gc             ] GC(781) Pause Young (Mixed) (G1 Evacuation Pause) 3671M->1330M(4096M) 137.923ms
[3457.170s][info][gc,cpu         ] GC(781) User=0.82s Sys=0.00s Real=0.13s
...[3460.192s][info][gc,start       ] GC(782) Pause Young (Concurrent Start) (G1 Evacuation Pause)
[3460.192s][info][gc,task        ] GC(782) Using 6 workers of 6 for evacuation
[3460.320s][info][gc,phases      ] GC(782)   Pre Evacuate Collection Set: 0.36ms
[3460.320s][info][gc,phases      ] GC(782)   Merge Heap Roots: 0.47ms
[3460.320s][info][gc,phases      ] GC(782)   Evacuate Collection Set: 125.67ms
[3460.320s][info][gc,phases      ] GC(782)   Post Evacuate Collection Set: 0.87ms
[3460.320s][info][gc,phases      ] GC(782)   Other: 0.11ms
[3460.320s][info][gc,heap        ] GC(782) Eden regions: 1115->0(1112)
[3460.320s][info][gc,heap        ] GC(782) Survivor regions: 113->116(154)
[3460.320s][info][gc,heap        ] GC(782) Old regions: 473->504
[3460.320s][info][gc,heap        ] GC(782) Humongous regions: 80->80
[3460.320s][info][gc,metaspace   ] GC(782) Metaspace: 28906K(29248K)->28906K(29248K) NonClass: 24038K(24192K)->24038K(24192K) Class: 4868K(5056K)->4868K(5056K)
[3460.320s][info][gc             ] GC(782) Pause Young (Concurrent Start) (G1 Evacuation Pause) 3560M->1398M(4096M) 127.613ms
[3460.320s][info][gc             ] GC(783) Concurrent Mark Cycle
[3460.320s][info][gc,marking     ] GC(783) Concurrent Scan Root Regions
[3460.320s][info][gc,cpu         ] GC(782) User=0.76s Sys=0.00s Real=0.12s
[3460.464s][info][gc,marking     ] GC(783) Concurrent Scan Root Regions 144.760ms
[3460.464s][info][gc,marking     ] GC(783) Concurrent Mark
[3460.464s][info][gc,marking     ] GC(783) Concurrent Mark From Roots
[3460.464s][info][gc,task        ] GC(783) Using 2 workers of 2 for marking
.[3461.139s][info][gc,marking     ] GC(783) Concurrent Mark From Roots 674.826ms
[3461.139s][info][gc,marking     ] GC(783) Concurrent Preclean
[3461.139s][info][gc,marking     ] GC(783) Concurrent Preclean 0.093ms
[3461.141s][info][gc,start       ] GC(783) Pause Remark
[3461.144s][info][gc             ] GC(783) Pause Remark 2030M->2030M(4096M) 3.382ms
[3461.144s][info][gc,cpu         ] GC(783) User=0.02s Sys=0.00s Real=0.01s
[3461.145s][info][gc,marking     ] GC(783) Concurrent Mark 680.343ms
[3461.145s][info][gc,marking     ] GC(783) Concurrent Rebuild Remembered Sets and Scrub Regions
[3461.399s][info][gc,marking     ] GC(783) Concurrent Rebuild Remembered Sets and Scrub Regions 254.016ms
[3461.399s][info][gc,start       ] GC(783) Pause Cleanup
[3461.399s][info][gc             ] GC(783) Pause Cleanup 2241M->2241M(4096M) 0.118ms
[3461.399s][info][gc,cpu         ] GC(783) User=0.00s Sys=0.00s Real=0.00s
[3461.399s][info][gc,marking     ] GC(783) Concurrent Clear Claimed Marks
[3461.399s][info][gc,marking     ] GC(783) Concurrent Clear Claimed Marks 0.026ms
[3461.399s][info][gc,marking     ] GC(783) Concurrent Cleanup for Next Mark
[3461.404s][info][gc,marking     ] GC(783) Concurrent Cleanup for Next Mark 4.647ms
[3461.404s][info][gc             ] GC(783) Concurrent Mark Cycle 1084.345ms
..[3463.396s][info][gc,start       ] GC(784) Pause Young (Prepare Mixed) (G1 Evacuation Pause)
[3463.396s][info][gc,task        ] GC(784) Using 6 workers of 6 for evacuation
[3463.515s][info][gc,phases      ] GC(784)   Pre Evacuate Collection Set: 0.33ms
[3463.515s][info][gc,phases      ] GC(784)   Merge Heap Roots: 0.66ms
[3463.515s][info][gc,phases      ] GC(784)   Evacuate Collection Set: 116.65ms
[3463.515s][info][gc,phases      ] GC(784)   Post Evacuate Collection Set: 0.92ms
[3463.515s][info][gc,phases      ] GC(784)   Other: 0.09ms
[3463.515s][info][gc,heap        ] GC(784) Eden regions: 1112->0(1113)
[3463.515s][info][gc,heap        ] GC(784) Survivor regions: 116->108(154)
[3463.515s][info][gc,heap        ] GC(784) Old regions: 504->536
[3463.515s][info][gc,heap        ] GC(784) Humongous regions: 80->80
[3463.515s][info][gc,metaspace   ] GC(784) Metaspace: 28906K(29248K)->28906K(29248K) NonClass: 24038K(24192K)->24038K(24192K) Class: 4868K(5056K)->4868K(5056K)
[3463.515s][info][gc             ] GC(784) Pause Young (Prepare Mixed) (G1 Evacuation Pause) 3622M->1447M(4096M) 118.774ms
[3463.515s][info][gc,cpu         ] GC(784) User=0.70s Sys=0.00s Real=0.12s
...[3466.487s][info][gc,start       ] GC(785) Pause Young (Mixed) (G1 Evacuation Pause)
[3466.487s][info][gc,task        ] GC(785) Using 6 workers of 6 for evacuation
[3466.621s][info][gc,phases      ] GC(785)   Pre Evacuate Collection Set: 0.39ms
[3466.621s][info][gc,phases      ] GC(785)   Merge Heap Roots: 0.65ms
[3466.621s][info][gc,phases      ] GC(785)   Evacuate Collection Set: 131.97ms
[3466.621s][info][gc,phases      ] GC(785)   Post Evacuate Collection Set: 0.95ms
[3466.621s][info][gc,phases      ] GC(785)   Other: 0.09ms
[3466.621s][info][gc,heap        ] GC(785) Eden regions: 1113->0(1119)
[3466.621s][info][gc,heap        ] GC(785) Survivor regions: 108->109(153)
[3466.621s][info][gc,heap        ] GC(785) Old regions: 536->472
[3466.621s][info][gc,heap        ] GC(785) Humongous regions: 80->80
[3466.621s][info][gc,metaspace   ] GC(785) Metaspace: 28906K(29248K)->28906K(29248K) NonClass: 24038K(24192K)->24038K(24192K) Class: 4868K(5056K)->4868K(5056K)
[3466.621s][info][gc             ] GC(785) Pause Young (Mixed) (G1 Evacuation Pause) 3673M->1321M(4096M) 134.177ms
[3466.621s][info][gc,cpu         ] GC(785) User=0.80s Sys=0.00s Real=0.14s
...[3469.654s][info][gc,start       ] GC(786) Pause Young (Concurrent Start) (G1 Evacuation Pause)
[3469.654s][info][gc,task        ] GC(786) Using 6 workers of 6 for evacuation
[3469.771s][info][gc,phases      ] GC(786)   Pre Evacuate Collection Set: 0.42ms
[3469.771s][info][gc,phases      ] GC(786)   Merge Heap Roots: 0.54ms
[3469.771s][info][gc,phases      ] GC(786)   Evacuate Collection Set: 114.89ms
[3469.771s][info][gc,phases      ] GC(786)   Post Evacuate Collection Set: 0.89ms
[3469.771s][info][gc,phases      ] GC(786)   Other: 0.16ms
[3469.771s][info][gc,heap        ] GC(786) Eden regions: 1119->0(1120)
[3469.771s][info][gc,heap        ] GC(786) Survivor regions: 109->108(154)
[3469.771s][info][gc,heap        ] GC(786) Old regions: 472->505
[3469.771s][info][gc,heap        ] GC(786) Humongous regions: 80->80
[3469.771s][info][gc,metaspace   ] GC(786) Metaspace: 28906K(29248K)->28906K(29248K) NonClass: 24038K(24192K)->24038K(24192K) Class: 4868K(5056K)->4868K(5056K)
[3469.771s][info][gc             ] GC(786) Pause Young (Concurrent Start) (G1 Evacuation Pause) 3559M->1384M(4096M) 117.027ms
[3469.771s][info][gc             ] GC(787) Concurrent Mark Cycle
[3469.771s][info][gc,marking     ] GC(787) Concurrent Scan Root Regions
[3469.771s][info][gc,cpu         ] GC(786) User=0.70s Sys=0.00s Real=0.12s
[3469.905s][info][gc,marking     ] GC(787) Concurrent Scan Root Regions 134.309ms
[3469.905s][info][gc,marking     ] GC(787) Concurrent Mark
[3469.905s][info][gc,marking     ] GC(787) Concurrent Mark From Roots
[3469.905s][info][gc,task        ] GC(787) Using 2 workers of 2 for marking
.[3470.579s][info][gc,marking     ] GC(787) Concurrent Mark From Roots 673.185ms
[3470.579s][info][gc,marking     ] GC(787) Concurrent Preclean
[3470.579s][info][gc,marking     ] GC(787) Concurrent Preclean 0.091ms
[3470.579s][info][gc,start       ] GC(787) Pause Remark
[3470.582s][info][gc             ] GC(787) Pause Remark 1987M->1987M(4096M) 3.241ms
[3470.582s][info][gc,cpu         ] GC(787) User=0.01s Sys=0.00s Real=0.01s
[3470.583s][info][gc,marking     ] GC(787) Concurrent Mark 677.260ms
[3470.583s][info][gc,marking     ] GC(787) Concurrent Rebuild Remembered Sets and Scrub Regions
[3470.875s][info][gc,marking     ] GC(787) Concurrent Rebuild Remembered Sets and Scrub Regions 292.128ms
[3470.875s][info][gc,start       ] GC(787) Pause Cleanup
[3470.875s][info][gc             ] GC(787) Pause Cleanup 2195M->2195M(4096M) 0.107ms
[3470.875s][info][gc,cpu         ] GC(787) User=0.00s Sys=0.00s Real=0.00s
[3470.875s][info][gc,marking     ] GC(787) Concurrent Clear Claimed Marks
[3470.875s][info][gc,marking     ] GC(787) Concurrent Clear Claimed Marks 0.025ms
[3470.875s][info][gc,marking     ] GC(787) Concurrent Cleanup for Next Mark
[3470.878s][info][gc,marking     ] GC(787) Concurrent Cleanup for Next Mark 3.179ms
[3470.878s][info][gc             ] GC(787) Concurrent Mark Cycle 1107.384ms
..[3472.913s][info][gc,start       ] GC(788) Pause Young (Prepare Mixed) (G1 Evacuation Pause)
[3472.913s][info][gc,task        ] GC(788) Using 6 workers of 6 for evacuation
[3473.033s][info][gc,phases      ] GC(788)   Pre Evacuate Collection Set: 0.30ms
[3473.033s][info][gc,phases      ] GC(788)   Merge Heap Roots: 0.60ms
[3473.033s][info][gc,phases      ] GC(788)   Evacuate Collection Set: 118.50ms
[3473.033s][info][gc,phases      ] GC(788)   Post Evacuate Collection Set: 0.90ms
[3473.033s][info][gc,phases      ] GC(788)   Other: 0.09ms
[3473.033s][info][gc,heap        ] GC(788) Eden regions: 1120->0(1105)
[3473.033s][info][gc,heap        ] GC(788) Survivor regions: 108->112(154)
[3473.033s][info][gc,heap        ] GC(788) Old regions: 505->536
[3473.033s][info][gc,heap        ] GC(788) Humongous regions: 80->80
[3473.033s][info][gc,metaspace   ] GC(788) Metaspace: 28906K(29248K)->28906K(29248K) NonClass: 24038K(24192K)->24038K(24192K) Class: 4868K(5056K)->4868K(5056K)
[3473.033s][info][gc             ] GC(788) Pause Young (Prepare Mixed) (G1 Evacuation Pause) 3624M->1455M(4096M) 120.516ms
[3473.033s][info][gc,cpu         ] GC(788) User=0.72s Sys=0.00s Real=0.12s
...[3475.991s][info][gc,start       ] GC(789) Pause Young (Mixed) (G1 Evacuation Pause)
[3475.991s][info][gc,task        ] GC(789) Using 6 workers of 6 for evacuation
[3476.126s][info][gc,phases      ] GC(789)   Pre Evacuate Collection Set: 0.33ms
[3476.126s][info][gc,phases      ] GC(789)   Merge Heap Roots: 0.64ms
[3476.126s][info][gc,phases      ] GC(789)   Evacuate Collection Set: 133.14ms
[3476.126s][info][gc,phases      ] GC(789)   Post Evacuate Collection Set: 0.85ms
[3476.126s][info][gc,phases      ] GC(789)   Other: 0.10ms
[3476.126s][info][gc,heap        ] GC(789) Eden regions: 1105->0(1117)
[3476.126s][info][gc,heap        ] GC(789) Survivor regions: 112->111(153)
[3476.126s][info][gc,heap        ] GC(789) Old regions: 536->473
[3476.126s][info][gc,heap        ] GC(789) Humongous regions: 80->80
[3476.126s][info][gc,metaspace   ] GC(789) Metaspace: 28906K(29248K)->28906K(29248K) NonClass: 24038K(24192K)->24038K(24192K) Class: 4868K(5056K)->4868K(5056K)
[3476.126s][info][gc             ] GC(789) Pause Young (Mixed) (G1 Evacuation Pause) 3665M->1326M(4096M) 135.188ms
[3476.126s][info][gc,cpu         ] GC(789) User=0.81s Sys=0.00s Real=0.13s
....[3479.146s][info][gc,start       ] GC(790) Pause Young (Concurrent Start) (G1 Evacuation Pause)
[3479.146s][info][gc,task        ] GC(790) Using 6 workers of 6 for evacuation
[3479.264s][info][gc,phases      ] GC(790)   Pre Evacuate Collection Set: 0.37ms
[3479.264s][info][gc,phases      ] GC(790)   Merge Heap Roots: 0.46ms
[3479.264s][info][gc,phases      ] GC(790)   Evacuate Collection Set: 116.04ms
[3479.264s][info][gc,phases      ] GC(790)   Post Evacuate Collection Set: 0.87ms
[3479.264s][info][gc,phases      ] GC(790)   Other: 0.13ms
[3479.264s][info][gc,heap        ] GC(790) Eden regions: 1117->0(1118)
[3479.264s][info][gc,heap        ] GC(790) Survivor regions: 111->110(154)
[3479.264s][info][gc,heap        ] GC(790) Old regions: 473->505
[3479.264s][info][gc,heap        ] GC(790) Humongous regions: 80->80
[3479.264s][info][gc,metaspace   ] GC(790) Metaspace: 28906K(29248K)->28906K(29248K) NonClass: 24038K(24192K)->24038K(24192K) Class: 4868K(5056K)->4868K(5056K)
[3479.264s][info][gc             ] GC(790) Pause Young (Concurrent Start) (G1 Evacuation Pause) 3560M->1388M(4096M) 117.999ms
[3479.264s][info][gc             ] GC(791) Concurrent Mark Cycle
[3479.264s][info][gc,marking     ] GC(791) Concurrent Scan Root Regions
[3479.264s][info][gc,cpu         ] GC(790) User=0.70s Sys=0.00s Real=0.12s
 (rIR:aIR:PR = 5950:5950:5950) (tPR = 88240) [OK] 
  3479s: Performance info:
         Transaction,    Success,    Partial,     Failed,   Receipts, AvgBarcode, 
             Overall,     359421,          0,          0,     341454,      59.48, 
         Response times:
             Request,    Success,    Partial,     Failed,   SkipFail,     Probes,    Samples,      min,      p50,      p90,      p95,      p99,      max, 
       TotalPurchase,     341455,          0,          0,          0,     335052,     363880,      300,     5000,    14300,    36000,   107000,   280000,
     InStorePurchase,     179729,          0,          0,          0,     176698,     191669,      300,     4900,    14300,    36000,   107000,   280000,
      OnlinePurchase,     125775,          0,          0,          0,     123259,     133822,      300,     5100,    14400,    36000,   107000,   258000,
        InstPurchase,      35951,          0,          0,          0,      35095,      38389,      400,     4800,    14100,    37000,   101000,   228000,
          AssocOfCat,        360,          0,          0,          0,        277,        411,    22000,    38000,    76600,   105000,   179000,   236000,
      AssocOfProduct,       3587,          0,          0,          0,       3319,       3754,      900,     6800,    19450,    45250,   111000,   172000,
      BusinessReport,        900,          0,          0,          0,        767,        923,    28000,    45000,    76600,   109000,   194280,   265000,
          CustBuyBeh,       3600,          0,          0,          0,       3419,       3907,      800,     5500,    13600,    37000,   104920,   186000,
       ProductReturn,       9514,          0,          0,          0,       9150,      10240,      200,     4600,    12900,    33950,   104000,   257000,

  3479s: (44%)   IR =   6088 [3479.396s][info][gc,marking     ] GC(791) Concurrent Scan Root Regions 131.840ms
[3479.396s][info][gc,marking     ] GC(791) Concurrent Mark
[3479.396s][info][gc,marking     ] GC(791) Concurrent Mark From Roots
[3479.396s][info][gc,task        ] GC(791) Using 2 workers of 2 for marking
[3480.097s][info][gc,marking     ] GC(791) Concurrent Mark From Roots 700.543ms
[3480.097s][info][gc,marking     ] GC(791) Concurrent Preclean
[3480.097s][info][gc,marking     ] GC(791) Concurrent Preclean 0.138ms
[3480.097s][info][gc,start       ] GC(791) Pause Remark
[3480.100s][info][gc             ] GC(791) Pause Remark 1988M->1988M(4096M) 3.248ms
[3480.100s][info][gc,cpu         ] GC(791) User=0.02s Sys=0.00s Real=0.00s
[3480.100s][info][gc,marking     ] GC(791) Concurrent Mark 704.203ms
[3480.100s][info][gc,marking     ] GC(791) Concurrent Rebuild Remembered Sets and Scrub Regions
.[3480.341s][info][gc,marking     ] GC(791) Concurrent Rebuild Remembered Sets and Scrub Regions 240.776ms
[3480.341s][info][gc,start       ] GC(791) Pause Cleanup
[3480.341s][info][gc             ] GC(791) Pause Cleanup 2161M->2161M(4096M) 0.116ms
[3480.341s][info][gc,cpu         ] GC(791) User=0.00s Sys=0.00s Real=0.00s
[3480.341s][info][gc,marking     ] GC(791) Concurrent Clear Claimed Marks
[3480.341s][info][gc,marking     ] GC(791) Concurrent Clear Claimed Marks 0.027ms
[3480.341s][info][gc,marking     ] GC(791) Concurrent Cleanup for Next Mark
[3480.348s][info][gc,marking     ] GC(791) Concurrent Cleanup for Next Mark 6.495ms
[3480.348s][info][gc             ] GC(791) Concurrent Mark Cycle 1083.769ms
..[3482.359s][info][gc,start       ] GC(792) Pause Young (Prepare Mixed) (G1 Evacuation Pause)
[3482.359s][info][gc,task        ] GC(792) Using 6 workers of 6 for evacuation
[3482.474s][info][gc,phases      ] GC(792)   Pre Evacuate Collection Set: 0.36ms
[3482.475s][info][gc,phases      ] GC(792)   Merge Heap Roots: 0.56ms
[3482.475s][info][gc,phases      ] GC(792)   Evacuate Collection Set: 113.03ms
[3482.475s][info][gc,phases      ] GC(792)   Post Evacuate Collection Set: 0.96ms
[3482.475s][info][gc,phases      ] GC(792)   Other: 0.09ms
[3482.475s][info][gc,heap        ] GC(792) Eden regions: 1118->0(1115)
[3482.475s][info][gc,heap        ] GC(792) Survivor regions: 110->107(154)
[3482.475s][info][gc,heap        ] GC(792) Old regions: 505->536
[3482.475s][info][gc,heap        ] GC(792) Humongous regions: 80->80
[3482.475s][info][gc,metaspace   ] GC(792) Metaspace: 28906K(29248K)->28906K(29248K) NonClass: 24038K(24192K)->24038K(24192K) Class: 4868K(5056K)->4868K(5056K)
[3482.475s][info][gc             ] GC(792) Pause Young (Prepare Mixed) (G1 Evacuation Pause) 3624M->1445M(4096M) 115.126ms
[3482.475s][info][gc,cpu         ] GC(792) User=0.68s Sys=0.00s Real=0.12s
.|..[3485.475s][info][gc,start       ] GC(793) Pause Young (Mixed) (G1 Evacuation Pause)
[3485.475s][info][gc,task        ] GC(793) Using 6 workers of 6 for evacuation
[3485.609s][info][gc,phases      ] GC(793)   Pre Evacuate Collection Set: 0.38ms
[3485.609s][info][gc,phases      ] GC(793)   Merge Heap Roots: 0.80ms
[3485.609s][info][gc,phases      ] GC(793)   Evacuate Collection Set: 132.60ms
[3485.609s][info][gc,phases      ] GC(793)   Post Evacuate Collection Set: 0.94ms
[3485.609s][info][gc,phases      ] GC(793)   Other: 0.10ms
[3485.609s][info][gc,heap        ] GC(793) Eden regions: 1115->0(1119)
[3485.609s][info][gc,heap        ] GC(793) Survivor regions: 107->109(153)
[3485.609s][info][gc,heap        ] GC(793) Old regions: 536->473
[3485.609s][info][gc,heap        ] GC(793) Humongous regions: 80->80
[3485.609s][info][gc,metaspace   ] GC(793) Metaspace: 28906K(29248K)->28906K(29248K) NonClass: 24038K(24192K)->24038K(24192K) Class: 4868K(5056K)->4868K(5056K)
[3485.609s][info][gc             ] GC(793) Pause Young (Mixed) (G1 Evacuation Pause) 3675M->1321M(4096M) 134.958ms
[3485.610s][info][gc,cpu         ] GC(793) User=0.80s Sys=0.00s Real=0.13s
...[3488.547s][info][gc,start       ] GC(794) Pause Young (Concurrent Start) (G1 Evacuation Pause)
[3488.547s][info][gc,task        ] GC(794) Using 6 workers of 6 for evacuation
[3488.664s][info][gc,phases      ] GC(794)   Pre Evacuate Collection Set: 0.41ms
[3488.664s][info][gc,phases      ] GC(794)   Merge Heap Roots: 0.53ms
[3488.664s][info][gc,phases      ] GC(794)   Evacuate Collection Set: 114.94ms
[3488.664s][info][gc,phases      ] GC(794)   Post Evacuate Collection Set: 0.89ms
[3488.664s][info][gc,phases      ] GC(794)   Other: 0.11ms
[3488.664s][info][gc,heap        ] GC(794) Eden regions: 1119->0(1120)
[3488.664s][info][gc,heap        ] GC(794) Survivor regions: 109->108(154)
[3488.664s][info][gc,heap        ] GC(794) Old regions: 473->505
[3488.664s][info][gc,heap        ] GC(794) Humongous regions: 80->80
[3488.664s][info][gc,metaspace   ] GC(794) Metaspace: 28906K(29248K)->28906K(29248K) NonClass: 24038K(24192K)->24038K(24192K) Class: 4868K(5056K)->4868K(5056K)
[3488.664s][info][gc             ] GC(794) Pause Young (Concurrent Start) (G1 Evacuation Pause) 3559M->1383M(4096M) 117.012ms
[3488.664s][info][gc             ] GC(795) Concurrent Mark Cycle
[3488.664s][info][gc,marking     ] GC(795) Concurrent Scan Root Regions
[3488.664s][info][gc,cpu         ] GC(794) User=0.70s Sys=0.00s Real=0.12s
[3488.806s][info][gc,marking     ] GC(795) Concurrent Scan Root Regions 142.192ms
[3488.806s][info][gc,marking     ] GC(795) Concurrent Mark
[3488.806s][info][gc,marking     ] GC(795) Concurrent Mark From Roots
[3488.806s][info][gc,task        ] GC(795) Using 2 workers of 2 for marking
.[3489.495s][info][gc,marking     ] GC(795) Concurrent Mark From Roots 689.517ms
[3489.496s][info][gc,marking     ] GC(795) Concurrent Preclean
[3489.496s][info][gc,marking     ] GC(795) Concurrent Preclean 0.139ms
[3489.496s][info][gc,start       ] GC(795) Pause Remark
[3489.499s][info][gc             ] GC(795) Pause Remark 2037M->2037M(4096M) 3.507ms
[3489.499s][info][gc,cpu         ] GC(795) User=0.02s Sys=0.00s Real=0.00s
[3489.499s][info][gc,marking     ] GC(795) Concurrent Mark 693.531ms
[3489.499s][info][gc,marking     ] GC(795) Concurrent Rebuild Remembered Sets and Scrub Regions
[3489.786s][info][gc,marking     ] GC(795) Concurrent Rebuild Remembered Sets and Scrub Regions 286.619ms
[3489.786s][info][gc,start       ] GC(795) Pause Cleanup
[3489.786s][info][gc             ] GC(795) Pause Cleanup 2223M->2223M(4096M) 0.102ms
[3489.786s][info][gc,cpu         ] GC(795) User=0.00s Sys=0.00s Real=0.00s
[3489.786s][info][gc,marking     ] GC(795) Concurrent Clear Claimed Marks
[3489.786s][info][gc,marking     ] GC(795) Concurrent Clear Claimed Marks 0.023ms
[3489.786s][info][gc,marking     ] GC(795) Concurrent Cleanup for Next Mark
[3489.796s][info][gc,marking     ] GC(795) Concurrent Cleanup for Next Mark 9.393ms
[3489.796s][info][gc             ] GC(795) Concurrent Mark Cycle 1132.191ms
..[3491.702s][info][gc,start       ] GC(796) Pause Young (Prepare Mixed) (G1 Evacuation Pause)
[3491.702s][info][gc,task        ] GC(796) Using 6 workers of 6 for evacuation
[3491.820s][info][gc,phases      ] GC(796)   Pre Evacuate Collection Set: 0.35ms
[3491.820s][info][gc,phases      ] GC(796)   Merge Heap Roots: 0.55ms
[3491.820s][info][gc,phases      ] GC(796)   Evacuate Collection Set: 115.99ms
[3491.820s][info][gc,phases      ] GC(796)   Post Evacuate Collection Set: 0.94ms
[3491.820s][info][gc,phases      ] GC(796)   Other: 0.09ms
[3491.820s][info][gc,heap        ] GC(796) Eden regions: 1120->0(1110)
[3491.820s][info][gc,heap        ] GC(796) Survivor regions: 108->109(154)
[3491.820s][info][gc,heap        ] GC(796) Old regions: 505->537
[3491.820s][info][gc,heap        ] GC(796) Humongous regions: 80->80
[3491.820s][info][gc,metaspace   ] GC(796) Metaspace: 28906K(29248K)->28906K(29248K) NonClass: 24038K(24192K)->24038K(24192K) Class: 4868K(5056K)->4868K(5056K)
[3491.820s][info][gc             ] GC(796) Pause Young (Prepare Mixed) (G1 Evacuation Pause) 3623M->1449M(4096M) 118.077ms
[3491.820s][info][gc,cpu         ] GC(796) User=0.70s Sys=0.00s Real=0.11s
...[3494.790s][info][gc,start       ] GC(797) Pause Young (Mixed) (G1 Evacuation Pause)
[3494.790s][info][gc,task        ] GC(797) Using 6 workers of 6 for evacuation
[3494.925s][info][gc,phases      ] GC(797)   Pre Evacuate Collection Set: 0.38ms
[3494.925s][info][gc,phases      ] GC(797)   Merge Heap Roots: 0.68ms
[3494.925s][info][gc,phases      ] GC(797)   Evacuate Collection Set: 132.92ms
[3494.925s][info][gc,phases      ] GC(797)   Post Evacuate Collection Set: 0.96ms
[3494.925s][info][gc,phases      ] GC(797)   Other: 0.08ms
[3494.926s][info][gc,heap        ] GC(797) Eden regions: 1110->0(1118)
[3494.926s][info][gc,heap        ] GC(797) Survivor regions: 109->110(153)
[3494.926s][info][gc,heap        ] GC(797) Old regions: 537->473
[3494.926s][info][gc,heap        ] GC(797) Humongous regions: 80->80
[3494.926s][info][gc,metaspace   ] GC(797) Metaspace: 28906K(29248K)->28906K(29248K) NonClass: 24038K(24192K)->24038K(24192K) Class: 4868K(5056K)->4868K(5056K)
[3494.926s][info][gc             ] GC(797) Pause Young (Mixed) (G1 Evacuation Pause) 3669M->1325M(4096M) 135.178ms
[3494.926s][info][gc,cpu         ] GC(797) User=0.81s Sys=0.00s Real=0.14s
...[3497.814s][info][gc,start       ] GC(798) Pause Young (Concurrent Start) (G1 Evacuation Pause)
[3497.814s][info][gc,task        ] GC(798) Using 6 workers of 6 for evacuation
[3497.932s][info][gc,phases      ] GC(798)   Pre Evacuate Collection Set: 0.37ms
[3497.933s][info][gc,phases      ] GC(798)   Merge Heap Roots: 0.49ms
[3497.933s][info][gc,phases      ] GC(798)   Evacuate Collection Set: 116.49ms
[3497.933s][info][gc,phases      ] GC(798)   Post Evacuate Collection Set: 0.93ms
[3497.933s][info][gc,phases      ] GC(798)   Other: 0.12ms
[3497.933s][info][gc,heap        ] GC(798) Eden regions: 1118->0(1118)
[3497.933s][info][gc,heap        ] GC(798) Survivor regions: 110->110(154)
[3497.933s][info][gc,heap        ] GC(798) Old regions: 473->506
[3497.933s][info][gc,heap        ] GC(798) Humongous regions: 80->80
[3497.933s][info][gc,metaspace   ] GC(798) Metaspace: 28906K(29248K)->28906K(29248K) NonClass: 24038K(24192K)->24038K(24192K) Class: 4868K(5056K)->4868K(5056K)
[3497.933s][info][gc             ] GC(798) Pause Young (Concurrent Start) (G1 Evacuation Pause) 3561M->1390M(4096M) 118.525ms
[3497.933s][info][gc             ] GC(799) Concurrent Mark Cycle
[3497.933s][info][gc,marking     ] GC(799) Concurrent Scan Root Regions
[3497.933s][info][gc,cpu         ] GC(798) User=0.71s Sys=0.00s Real=0.12s
[3498.124s][info][gc,marking     ] GC(799) Concurrent Scan Root Regions 191.055ms
[3498.124s][info][gc,marking     ] GC(799) Concurrent Mark
[3498.124s][info][gc,marking     ] GC(799) Concurrent Mark From Roots
[3498.124s][info][gc,task        ] GC(799) Using 2 workers of 2 for marking
.[3499.004s][info][gc,marking     ] GC(799) Concurrent Mark From Roots 880.503ms
[3499.004s][info][gc,marking     ] GC(799) Concurrent Preclean
[3499.004s][info][gc,marking     ] GC(799) Concurrent Preclean 0.136ms
[3499.005s][info][gc,start       ] GC(799) Pause Remark
[3499.009s][info][gc             ] GC(799) Pause Remark 2242M->2242M(4096M) 4.023ms
[3499.009s][info][gc,cpu         ] GC(799) User=0.03s Sys=0.00s Real=0.00s
[3499.009s][info][gc,marking     ] GC(799) Concurrent Mark 885.245ms
[3499.009s][info][gc,marking     ] GC(799) Concurrent Rebuild Remembered Sets and Scrub Regions
[3499.296s][info][gc,marking     ] GC(799) Concurrent Rebuild Remembered Sets and Scrub Regions 286.557ms
[3499.296s][info][gc,start       ] GC(799) Pause Cleanup
[3499.296s][info][gc             ] GC(799) Pause Cleanup 2435M->2435M(4096M) 0.121ms
[3499.296s][info][gc,cpu         ] GC(799) User=0.00s Sys=0.00s Real=0.00s
[3499.296s][info][gc,marking     ] GC(799) Concurrent Clear Claimed Marks
[3499.296s][info][gc,marking     ] GC(799) Concurrent Clear Claimed Marks 0.029ms
[3499.296s][info][gc,marking     ] GC(799) Concurrent Cleanup for Next Mark
[3499.300s][info][gc,marking     ] GC(799) Concurrent Cleanup for Next Mark 3.566ms
[3499.300s][info][gc             ] GC(799) Concurrent Mark Cycle 1366.943ms
..[3500.995s][info][gc,start       ] GC(800) Pause Young (Prepare Mixed) (G1 Evacuation Pause)
[3500.995s][info][gc,task        ] GC(800) Using 6 workers of 6 for evacuation
[3501.111s][info][gc,phases      ] GC(800)   Pre Evacuate Collection Set: 0.34ms
[3501.111s][info][gc,phases      ] GC(800)   Merge Heap Roots: 0.56ms
[3501.111s][info][gc,phases      ] GC(800)   Evacuate Collection Set: 114.07ms
[3501.111s][info][gc,phases      ] GC(800)   Post Evacuate Collection Set: 0.93ms
[3501.111s][info][gc,phases      ] GC(800)   Other: 0.09ms
[3501.111s][info][gc,heap        ] GC(800) Eden regions: 1118->0(1108)
[3501.111s][info][gc,heap        ] GC(800) Survivor regions: 110->110(154)
[3501.111s][info][gc,heap        ] GC(800) Old regions: 506->537
[3501.111s][info][gc,heap        ] GC(800) Humongous regions: 80->80
[3501.111s][info][gc,metaspace   ] GC(800) Metaspace: 28906K(29248K)->28906K(29248K) NonClass: 24038K(24192K)->24038K(24192K) Class: 4868K(5056K)->4868K(5056K)
[3501.111s][info][gc             ] GC(800) Pause Young (Prepare Mixed) (G1 Evacuation Pause) 3626M->1451M(4096M) 116.115ms
[3501.111s][info][gc,cpu         ] GC(800) User=0.68s Sys=0.00s Real=0.12s
...[3504.059s][info][gc,start       ] GC(801) Pause Young (Mixed) (G1 Evacuation Pause)
[3504.059s][info][gc,task        ] GC(801) Using 6 workers of 6 for evacuation
[3504.194s][info][gc,phases      ] GC(801)   Pre Evacuate Collection Set: 0.35ms
[3504.194s][info][gc,phases      ] GC(801)   Merge Heap Roots: 0.77ms
[3504.194s][info][gc,phases      ] GC(801)   Evacuate Collection Set: 132.53ms
[3504.194s][info][gc,phases      ] GC(801)   Post Evacuate Collection Set: 0.94ms
[3504.194s][info][gc,phases      ] GC(801)   Other: 0.09ms
[3504.194s][info][gc,heap        ] GC(801) Eden regions: 1108->0(1118)
[3504.194s][info][gc,heap        ] GC(801) Survivor regions: 110->110(153)
[3504.194s][info][gc,heap        ] GC(801) Old regions: 537->473
[3504.194s][info][gc,heap        ] GC(801) Humongous regions: 80->80
[3504.194s][info][gc,metaspace   ] GC(801) Metaspace: 28906K(29248K)->28906K(29248K) NonClass: 24038K(24192K)->24038K(24192K) Class: 4868K(5056K)->4868K(5056K)
[3504.194s][info][gc             ] GC(801) Pause Young (Mixed) (G1 Evacuation Pause) 3667M->1325M(4096M) 134.805ms
[3504.194s][info][gc,cpu         ] GC(801) User=0.80s Sys=0.00s Real=0.14s
...[3507.076s][info][gc,start       ] GC(802) Pause Young (Concurrent Start) (G1 Evacuation Pause)
[3507.076s][info][gc,task        ] GC(802) Using 6 workers of 6 for evacuation
[3507.196s][info][gc,phases      ] GC(802)   Pre Evacuate Collection Set: 0.35ms
[3507.196s][info][gc,phases      ] GC(802)   Merge Heap Roots: 0.49ms
[3507.196s][info][gc,phases      ] GC(802)   Evacuate Collection Set: 118.52ms
[3507.196s][info][gc,phases      ] GC(802)   Post Evacuate Collection Set: 0.89ms
[3507.196s][info][gc,phases      ] GC(802)   Other: 0.11ms
[3507.196s][info][gc,heap        ] GC(802) Eden regions: 1118->0(1118)
[3507.196s][info][gc,heap        ] GC(802) Survivor regions: 110->110(154)
[3507.196s][info][gc,heap        ] GC(802) Old regions: 473->506
[3507.196s][info][gc,heap        ] GC(802) Humongous regions: 80->80
[3507.196s][info][gc,metaspace   ] GC(802) Metaspace: 28906K(29248K)->28906K(29248K) NonClass: 24038K(24192K)->24038K(24192K) Class: 4868K(5056K)->4868K(5056K)
[3507.196s][info][gc             ] GC(802) Pause Young (Concurrent Start) (G1 Evacuation Pause) 3561M->1389M(4096M) 120.492ms
[3507.196s][info][gc             ] GC(803) Concurrent Mark Cycle
[3507.196s][info][gc,marking     ] GC(803) Concurrent Scan Root Regions
[3507.196s][info][gc,cpu         ] GC(802) User=0.72s Sys=0.00s Real=0.12s
[3507.382s][info][gc,marking     ] GC(803) Concurrent Scan Root Regions 185.953ms
[3507.382s][info][gc,marking     ] GC(803) Concurrent Mark
[3507.382s][info][gc,marking     ] GC(803) Concurrent Mark From Roots
[3507.382s][info][gc,task        ] GC(803) Using 2 workers of 2 for marking
.[3508.184s][info][gc,marking     ] GC(803) Concurrent Mark From Roots 801.401ms
[3508.184s][info][gc,marking     ] GC(803) Concurrent Preclean
[3508.184s][info][gc,marking     ] GC(803) Concurrent Preclean 0.104ms
[3508.184s][info][gc,start       ] GC(803) Pause Remark
[3508.187s][info][gc             ] GC(803) Pause Remark 2117M->2117M(4096M) 3.403ms
[3508.187s][info][gc,cpu         ] GC(803) User=0.02s Sys=0.00s Real=0.00s
[3508.187s][info][gc,marking     ] GC(803) Concurrent Mark 805.217ms
[3508.187s][info][gc,marking     ] GC(803) Concurrent Rebuild Remembered Sets and Scrub Regions
.[3508.438s][info][gc,marking     ] GC(803) Concurrent Rebuild Remembered Sets and Scrub Regions 250.889ms
[3508.439s][info][gc,start       ] GC(803) Pause Cleanup
[3508.439s][info][gc             ] GC(803) Pause Cleanup 2321M->2321M(4096M) 0.121ms
[3508.439s][info][gc,cpu         ] GC(803) User=0.00s Sys=0.00s Real=0.00s
[3508.439s][info][gc,marking     ] GC(803) Concurrent Clear Claimed Marks
[3508.439s][info][gc,marking     ] GC(803) Concurrent Clear Claimed Marks 0.029ms
[3508.439s][info][gc,marking     ] GC(803) Concurrent Cleanup for Next Mark
[3508.444s][info][gc,marking     ] GC(803) Concurrent Cleanup for Next Mark 4.548ms
[3508.444s][info][gc             ] GC(803) Concurrent Mark Cycle 1247.531ms
.[3510.236s][info][gc,start       ] GC(804) Pause Young (Prepare Mixed) (G1 Evacuation Pause)
[3510.236s][info][gc,task        ] GC(804) Using 6 workers of 6 for evacuation
[3510.354s][info][gc,phases      ] GC(804)   Pre Evacuate Collection Set: 0.34ms
[3510.354s][info][gc,phases      ] GC(804)   Merge Heap Roots: 0.58ms
[3510.354s][info][gc,phases      ] GC(804)   Evacuate Collection Set: 116.36ms
[3510.354s][info][gc,phases      ] GC(804)   Post Evacuate Collection Set: 0.92ms
[3510.354s][info][gc,phases      ] GC(804)   Other: 0.09ms
[3510.354s][info][gc,heap        ] GC(804) Eden regions: 1118->0(1106)
[3510.354s][info][gc,heap        ] GC(804) Survivor regions: 110->111(154)
[3510.354s][info][gc,heap        ] GC(804) Old regions: 506->537
[3510.354s][info][gc,heap        ] GC(804) Humongous regions: 80->80
[3510.354s][info][gc,metaspace   ] GC(804) Metaspace: 28906K(29248K)->28906K(29248K) NonClass: 24038K(24192K)->24038K(24192K) Class: 4868K(5056K)->4868K(5056K)
[3510.354s][info][gc             ] GC(804) Pause Young (Prepare Mixed) (G1 Evacuation Pause) 3625M->1453M(4096M) 118.455ms
[3510.354s][info][gc,cpu         ] GC(804) User=0.71s Sys=0.00s Real=0.12s
...[3513.300s][info][gc,start       ] GC(805) Pause Young (Mixed) (G1 Evacuation Pause)
[3513.300s][info][gc,task        ] GC(805) Using 6 workers of 6 for evacuation
[3513.440s][info][gc,phases      ] GC(805)   Pre Evacuate Collection Set: 0.38ms
[3513.440s][info][gc,phases      ] GC(805)   Merge Heap Roots: 0.80ms
[3513.440s][info][gc,phases      ] GC(805)   Evacuate Collection Set: 138.58ms
[3513.440s][info][gc,phases      ] GC(805)   Post Evacuate Collection Set: 0.95ms
[3513.440s][info][gc,phases      ] GC(805)   Other: 0.09ms
[3513.440s][info][gc,heap        ] GC(805) Eden regions: 1106->0(1113)
[3513.440s][info][gc,heap        ] GC(805) Survivor regions: 111->115(153)
[3513.440s][info][gc,heap        ] GC(805) Old regions: 537->473
[3513.440s][info][gc,heap        ] GC(805) Humongous regions: 80->80
[3513.440s][info][gc,metaspace   ] GC(805) Metaspace: 28906K(29248K)->28906K(29248K) NonClass: 24038K(24192K)->24038K(24192K) Class: 4868K(5056K)->4868K(5056K)
[3513.440s][info][gc             ] GC(805) Pause Young (Mixed) (G1 Evacuation Pause) 3665M->1335M(4096M) 140.922ms
[3513.440s][info][gc,cpu         ] GC(805) User=0.84s Sys=0.00s Real=0.14s
...[3516.379s][info][gc,start       ] GC(806) Pause Young (Concurrent Start) (G1 Evacuation Pause)
[3516.379s][info][gc,task        ] GC(806) Using 6 workers of 6 for evacuation
[3516.496s][info][gc,phases      ] GC(806)   Pre Evacuate Collection Set: 0.36ms
[3516.496s][info][gc,phases      ] GC(806)   Merge Heap Roots: 0.46ms
[3516.496s][info][gc,phases      ] GC(806)   Evacuate Collection Set: 114.89ms
[3516.496s][info][gc,phases      ] GC(806)   Post Evacuate Collection Set: 0.85ms
[3516.496s][info][gc,phases      ] GC(806)   Other: 0.10ms
[3516.496s][info][gc,heap        ] GC(806) Eden regions: 1113->0(1121)
[3516.496s][info][gc,heap        ] GC(806) Survivor regions: 115->107(154)
[3516.496s][info][gc,heap        ] GC(806) Old regions: 473->506
[3516.496s][info][gc,heap        ] GC(806) Humongous regions: 80->80
[3516.496s][info][gc,metaspace   ] GC(806) Metaspace: 28906K(29248K)->28906K(29248K) NonClass: 24038K(24192K)->24038K(24192K) Class: 4868K(5056K)->4868K(5056K)
[3516.496s][info][gc             ] GC(806) Pause Young (Concurrent Start) (G1 Evacuation Pause) 3561M->1384M(4096M) 116.808ms
[3516.496s][info][gc             ] GC(807) Concurrent Mark Cycle
[3516.496s][info][gc,marking     ] GC(807) Concurrent Scan Root Regions
[3516.496s][info][gc,cpu         ] GC(806) User=0.69s Sys=0.00s Real=0.12s
.[3516.692s][info][gc,marking     ] GC(807) Concurrent Scan Root Regions 195.560ms
[3516.692s][info][gc,marking     ] GC(807) Concurrent Mark
[3516.692s][info][gc,marking     ] GC(807) Concurrent Mark From Roots
[3516.692s][info][gc,task        ] GC(807) Using 2 workers of 2 for marking
.[3517.541s][info][gc,marking     ] GC(807) Concurrent Mark From Roots 848.808ms
[3517.541s][info][gc,marking     ] GC(807) Concurrent Preclean
[3517.541s][info][gc,marking     ] GC(807) Concurrent Preclean 0.126ms
[3517.541s][info][gc,start       ] GC(807) Pause Remark
[3517.545s][info][gc             ] GC(807) Pause Remark 2202M->2202M(4096M) 3.690ms
[3517.545s][info][gc,cpu         ] GC(807) User=0.01s Sys=0.00s Real=0.00s
[3517.545s][info][gc,marking     ] GC(807) Concurrent Mark 852.881ms
[3517.545s][info][gc,marking     ] GC(807) Concurrent Rebuild Remembered Sets and Scrub Regions
[3517.882s][info][gc,marking     ] GC(807) Concurrent Rebuild Remembered Sets and Scrub Regions 337.556ms
[3517.882s][info][gc,start       ] GC(807) Pause Cleanup
[3517.883s][info][gc             ] GC(807) Pause Cleanup 2456M->2456M(4096M) 0.126ms
[3517.883s][info][gc,cpu         ] GC(807) User=0.00s Sys=0.00s Real=0.00s
[3517.883s][info][gc,marking     ] GC(807) Concurrent Clear Claimed Marks
[3517.883s][info][gc,marking     ] GC(807) Concurrent Clear Claimed Marks 0.029ms
[3517.883s][info][gc,marking     ] GC(807) Concurrent Cleanup for Next Mark
[3517.887s][info][gc,marking     ] GC(807) Concurrent Cleanup for Next Mark 4.041ms
[3517.887s][info][gc             ] GC(807) Concurrent Mark Cycle 1390.551ms
.[3519.479s][info][gc,start       ] GC(808) Pause Young (Prepare Mixed) (G1 Evacuation Pause)
[3519.479s][info][gc,task        ] GC(808) Using 6 workers of 6 for evacuation
[3519.598s][info][gc,phases      ] GC(808)   Pre Evacuate Collection Set: 0.33ms
[3519.598s][info][gc,phases      ] GC(808)   Merge Heap Roots: 0.55ms
[3519.598s][info][gc,phases      ] GC(808)   Evacuate Collection Set: 116.29ms
[3519.598s][info][gc,phases      ] GC(808)   Post Evacuate Collection Set: 0.91ms
[3519.598s][info][gc,phases      ] GC(808)   Other: 0.08ms
[3519.598s][info][gc,heap        ] GC(808) Eden regions: 1121->0(1111)
[3519.598s][info][gc,heap        ] GC(808) Survivor regions: 107->108(154)
[3519.598s][info][gc,heap        ] GC(808) Old regions: 506->538
[3519.598s][info][gc,heap        ] GC(808) Humongous regions: 80->80
[3519.598s][info][gc,metaspace   ] GC(808) Metaspace: 28906K(29248K)->28906K(29248K) NonClass: 24038K(24192K)->24038K(24192K) Class: 4868K(5056K)->4868K(5056K)
[3519.598s][info][gc             ] GC(808) Pause Young (Prepare Mixed) (G1 Evacuation Pause) 3626M->1449M(4096M) 118.293ms
[3519.598s][info][gc,cpu         ] GC(808) User=0.71s Sys=0.00s Real=0.12s
...[3522.555s][info][gc,start       ] GC(809) Pause Young (Mixed) (G1 Evacuation Pause)
[3522.555s][info][gc,task        ] GC(809) Using 6 workers of 6 for evacuation
[3522.689s][info][gc,phases      ] GC(809)   Pre Evacuate Collection Set: 0.38ms
[3522.689s][info][gc,phases      ] GC(809)   Merge Heap Roots: 0.70ms
[3522.689s][info][gc,phases      ] GC(809)   Evacuate Collection Set: 131.30ms
[3522.689s][info][gc,phases      ] GC(809)   Post Evacuate Collection Set: 0.96ms
[3522.689s][info][gc,phases      ] GC(809)   Other: 0.09ms
[3522.689s][info][gc,heap        ] GC(809) Eden regions: 1111->0(1120)
[3522.689s][info][gc,heap        ] GC(809) Survivor regions: 108->108(153)
[3522.689s][info][gc,heap        ] GC(809) Old regions: 538->474
[3522.689s][info][gc,heap        ] GC(809) Humongous regions: 80->80
[3522.689s][info][gc,metaspace   ] GC(809) Metaspace: 28906K(29248K)->28906K(29248K) NonClass: 24038K(24192K)->24038K(24192K) Class: 4868K(5056K)->4868K(5056K)
[3522.689s][info][gc             ] GC(809) Pause Young (Mixed) (G1 Evacuation Pause) 3671M->1323M(4096M) 133.572ms
[3522.689s][info][gc,cpu         ] GC(809) User=0.79s Sys=0.00s Real=0.13s
...[3525.665s][info][gc,start       ] GC(810) Pause Young (Concurrent Start) (G1 Evacuation Pause)
[3525.665s][info][gc,task        ] GC(810) Using 6 workers of 6 for evacuation
[3525.787s][info][gc,phases      ] GC(810)   Pre Evacuate Collection Set: 0.40ms
[3525.787s][info][gc,phases      ] GC(810)   Merge Heap Roots: 0.54ms
[3525.787s][info][gc,phases      ] GC(810)   Evacuate Collection Set: 119.98ms
[3525.787s][info][gc,phases      ] GC(810)   Post Evacuate Collection Set: 0.86ms
[3525.787s][info][gc,phases      ] GC(810)   Other: 0.12ms
[3525.787s][info][gc,heap        ] GC(810) Eden regions: 1120->0(1115)
[3525.787s][info][gc,heap        ] GC(810) Survivor regions: 108->113(154)
[3525.787s][info][gc,heap        ] GC(810) Old regions: 474->506
[3525.787s][info][gc,heap        ] GC(810) Humongous regions: 80->80
[3525.787s][info][gc,metaspace   ] GC(810) Metaspace: 28906K(29248K)->28906K(29248K) NonClass: 24038K(24192K)->24038K(24192K) Class: 4868K(5056K)->4868K(5056K)
[3525.787s][info][gc             ] GC(810) Pause Young (Concurrent Start) (G1 Evacuation Pause) 3563M->1396M(4096M) 122.030ms
[3525.787s][info][gc             ] GC(811) Concurrent Mark Cycle
[3525.787s][info][gc,marking     ] GC(811) Concurrent Scan Root Regions
[3525.787s][info][gc,cpu         ] GC(810) User=0.73s Sys=0.00s Real=0.12s
.[3525.943s][info][gc,marking     ] GC(811) Concurrent Scan Root Regions 155.398ms
[3525.943s][info][gc,marking     ] GC(811) Concurrent Mark
[3525.943s][info][gc,marking     ] GC(811) Concurrent Mark From Roots
[3525.943s][info][gc,task        ] GC(811) Using 2 workers of 2 for marking
[3526.682s][info][gc,marking     ] GC(811) Concurrent Mark From Roots 739.196ms
[3526.682s][info][gc,marking     ] GC(811) Concurrent Preclean
[3526.682s][info][gc,marking     ] GC(811) Concurrent Preclean 0.159ms
[3526.684s][info][gc,start       ] GC(811) Pause Remark
[3526.688s][info][gc             ] GC(811) Pause Remark 2100M->2100M(4096M) 4.051ms
[3526.688s][info][gc,cpu         ] GC(811) User=0.02s Sys=0.00s Real=0.00s
[3526.688s][info][gc,marking     ] GC(811) Concurrent Mark 745.321ms
[3526.688s][info][gc,marking     ] GC(811) Concurrent Rebuild Remembered Sets and Scrub Regions
.[3527.046s][info][gc,marking     ] GC(811) Concurrent Rebuild Remembered Sets and Scrub Regions 358.419ms
[3527.047s][info][gc,start       ] GC(811) Pause Cleanup
[3527.047s][info][gc             ] GC(811) Pause Cleanup 2372M->2372M(4096M) 0.125ms
[3527.047s][info][gc,cpu         ] GC(811) User=0.00s Sys=0.00s Real=0.00s
[3527.047s][info][gc,marking     ] GC(811) Concurrent Clear Claimed Marks
[3527.047s][info][gc,marking     ] GC(811) Concurrent Clear Claimed Marks 0.030ms
[3527.047s][info][gc,marking     ] GC(811) Concurrent Cleanup for Next Mark
[3527.052s][info][gc,marking     ] GC(811) Concurrent Cleanup for Next Mark 4.662ms
[3527.052s][info][gc             ] GC(811) Concurrent Mark Cycle 1264.756ms
.[3528.769s][info][gc,start       ] GC(812) Pause Young (Prepare Mixed) (G1 Evacuation Pause)
[3528.769s][info][gc,task        ] GC(812) Using 6 workers of 6 for evacuation
[3528.886s][info][gc,phases      ] GC(812)   Pre Evacuate Collection Set: 0.31ms
[3528.886s][info][gc,phases      ] GC(812)   Merge Heap Roots: 0.57ms
[3528.886s][info][gc,phases      ] GC(812)   Evacuate Collection Set: 115.14ms
[3528.886s][info][gc,phases      ] GC(812)   Post Evacuate Collection Set: 0.91ms
[3528.886s][info][gc,phases      ] GC(812)   Other: 0.09ms
[3528.886s][info][gc,heap        ] GC(812) Eden regions: 1115->0(1110)
[3528.886s][info][gc,heap        ] GC(812) Survivor regions: 113->109(154)
[3528.886s][info][gc,heap        ] GC(812) Old regions: 506->537
[3528.886s][info][gc,heap        ] GC(812) Humongous regions: 80->80
[3528.886s][info][gc,metaspace   ] GC(812) Metaspace: 28906K(29248K)->28906K(29248K) NonClass: 24038K(24192K)->24038K(24192K) Class: 4868K(5056K)->4868K(5056K)
[3528.886s][info][gc             ] GC(812) Pause Young (Prepare Mixed) (G1 Evacuation Pause) 3626M->1451M(4096M) 117.193ms
[3528.886s][info][gc,cpu         ] GC(812) User=0.70s Sys=0.00s Real=0.12s
...[3531.831s][info][gc,start       ] GC(813) Pause Young (Mixed) (G1 Evacuation Pause)
[3531.831s][info][gc,task        ] GC(813) Using 6 workers of 6 for evacuation
[3531.966s][info][gc,phases      ] GC(813)   Pre Evacuate Collection Set: 0.36ms
[3531.966s][info][gc,phases      ] GC(813)   Merge Heap Roots: 0.69ms
[3531.966s][info][gc,phases      ] GC(813)   Evacuate Collection Set: 132.70ms
[3531.966s][info][gc,phases      ] GC(813)   Post Evacuate Collection Set: 0.92ms
[3531.966s][info][gc,phases      ] GC(813)   Other: 0.10ms
[3531.966s][info][gc,heap        ] GC(813) Eden regions: 1110->0(1117)
[3531.966s][info][gc,heap        ] GC(813) Survivor regions: 109->111(153)
[3531.966s][info][gc,heap        ] GC(813) Old regions: 537->472
[3531.966s][info][gc,heap        ] GC(813) Humongous regions: 80->80
[3531.966s][info][gc,metaspace   ] GC(813) Metaspace: 28906K(29248K)->28906K(29248K) NonClass: 24038K(24192K)->24038K(24192K) Class: 4868K(5056K)->4868K(5056K)
[3531.966s][info][gc             ] GC(813) Pause Young (Mixed) (G1 Evacuation Pause) 3671M->1324M(4096M) 134.911ms
[3531.966s][info][gc,cpu         ] GC(813) User=0.81s Sys=0.00s Real=0.13s
...[3534.891s][info][gc,start       ] GC(814) Pause Young (Concurrent Start) (G1 Evacuation Pause)
[3534.891s][info][gc,task        ] GC(814) Using 6 workers of 6 for evacuation
[3535.008s][info][gc,phases      ] GC(814)   Pre Evacuate Collection Set: 0.36ms
[3535.008s][info][gc,phases      ] GC(814)   Merge Heap Roots: 0.45ms
[3535.008s][info][gc,phases      ] GC(814)   Evacuate Collection Set: 115.24ms
[3535.008s][info][gc,phases      ] GC(814)   Post Evacuate Collection Set: 0.87ms
[3535.008s][info][gc,phases      ] GC(814)   Other: 0.14ms
[3535.008s][info][gc,heap        ] GC(814) Eden regions: 1117->0(1120)
[3535.008s][info][gc,heap        ] GC(814) Survivor regions: 111->108(154)
[3535.008s][info][gc,heap        ] GC(814) Old regions: 472->505
[3535.008s][info][gc,heap        ] GC(814) Humongous regions: 80->80
[3535.008s][info][gc,metaspace   ] GC(814) Metaspace: 28906K(29248K)->28906K(29248K) NonClass: 24038K(24192K)->24038K(24192K) Class: 4868K(5056K)->4868K(5056K)
[3535.008s][info][gc             ] GC(814) Pause Young (Concurrent Start) (G1 Evacuation Pause) 3558M->1384M(4096M) 117.196ms
[3535.008s][info][gc             ] GC(815) Concurrent Mark Cycle
[3535.008s][info][gc,marking     ] GC(815) Concurrent Scan Root Regions
[3535.008s][info][gc,cpu         ] GC(814) User=0.70s Sys=0.00s Real=0.11s
.[3535.199s][info][gc,marking     ] GC(815) Concurrent Scan Root Regions 190.261ms
[3535.199s][info][gc,marking     ] GC(815) Concurrent Mark
[3535.199s][info][gc,marking     ] GC(815) Concurrent Mark From Roots
[3535.199s][info][gc,task        ] GC(815) Using 2 workers of 2 for marking
.[3536.171s][info][gc,marking     ] GC(815) Concurrent Mark From Roots 972.315ms
[3536.171s][info][gc,marking     ] GC(815) Concurrent Preclean
[3536.171s][info][gc,marking     ] GC(815) Concurrent Preclean 0.134ms
[3536.174s][info][gc,start       ] GC(815) Pause Remark
[3536.178s][info][gc             ] GC(815) Pause Remark 2260M->2260M(4096M) 3.702ms
[3536.178s][info][gc,cpu         ] GC(815) User=0.02s Sys=0.00s Real=0.00s
[3536.178s][info][gc,marking     ] GC(815) Concurrent Mark 979.235ms
[3536.178s][info][gc,marking     ] GC(815) Concurrent Rebuild Remembered Sets and Scrub Regions
[3536.538s][info][gc,marking     ] GC(815) Concurrent Rebuild Remembered Sets and Scrub Regions 360.210ms
[3536.538s][info][gc,start       ] GC(815) Pause Cleanup
[3536.538s][info][gc             ] GC(815) Pause Cleanup 2537M->2537M(4096M) 0.115ms
[3536.538s][info][gc,cpu         ] GC(815) User=0.00s Sys=0.00s Real=0.00s
[3536.539s][info][gc,marking     ] GC(815) Concurrent Clear Claimed Marks
[3536.539s][info][gc,marking     ] GC(815) Concurrent Clear Claimed Marks 0.031ms
[3536.539s][info][gc,marking     ] GC(815) Concurrent Cleanup for Next Mark
[3536.543s][info][gc,marking     ] GC(815) Concurrent Cleanup for Next Mark 4.481ms
[3536.543s][info][gc             ] GC(815) Concurrent Mark Cycle 1534.943ms
.[3538.025s][info][gc,start       ] GC(816) Pause Young (Prepare Mixed) (G1 Evacuation Pause)
[3538.025s][info][gc,task        ] GC(816) Using 6 workers of 6 for evacuation
[3538.142s][info][gc,phases      ] GC(816)   Pre Evacuate Collection Set: 0.32ms
[3538.142s][info][gc,phases      ] GC(816)   Merge Heap Roots: 0.49ms
[3538.142s][info][gc,phases      ] GC(816)   Evacuate Collection Set: 115.62ms
[3538.142s][info][gc,phases      ] GC(816)   Post Evacuate Collection Set: 0.88ms
[3538.142s][info][gc,phases      ] GC(816)   Other: 0.08ms
[3538.143s][info][gc,heap        ] GC(816) Eden regions: 1120->0(1110)
[3538.143s][info][gc,heap        ] GC(816) Survivor regions: 108->109(154)
[3538.143s][info][gc,heap        ] GC(816) Old regions: 505->537
[3538.143s][info][gc,heap        ] GC(816) Humongous regions: 80->80
[3538.143s][info][gc,metaspace   ] GC(816) Metaspace: 28906K(29248K)->28906K(29248K) NonClass: 24038K(24192K)->24038K(24192K) Class: 4868K(5056K)->4868K(5056K)
[3538.143s][info][gc             ] GC(816) Pause Young (Prepare Mixed) (G1 Evacuation Pause) 3624M->1450M(4096M) 117.520ms
[3538.143s][info][gc,cpu         ] GC(816) User=0.70s Sys=0.00s Real=0.12s
...[3541.147s][info][gc,start       ] GC(817) Pause Young (Mixed) (G1 Evacuation Pause)
[3541.147s][info][gc,task        ] GC(817) Using 6 workers of 6 for evacuation
[3541.284s][info][gc,phases      ] GC(817)   Pre Evacuate Collection Set: 0.39ms
[3541.284s][info][gc,phases      ] GC(817)   Merge Heap Roots: 0.72ms
[3541.284s][info][gc,phases      ] GC(817)   Evacuate Collection Set: 134.15ms
[3541.284s][info][gc,phases      ] GC(817)   Post Evacuate Collection Set: 0.90ms
[3541.284s][info][gc,phases      ] GC(817)   Other: 0.09ms
[3541.284s][info][gc,heap        ] GC(817) Eden regions: 1110->0(1118)
[3541.284s][info][gc,heap        ] GC(817) Survivor regions: 109->110(153)
[3541.284s][info][gc,heap        ] GC(817) Old regions: 537->474
[3541.284s][info][gc,heap        ] GC(817) Humongous regions: 80->80
[3541.284s][info][gc,metaspace   ] GC(817) Metaspace: 28906K(29248K)->28906K(29248K) NonClass: 24038K(24192K)->24038K(24192K) Class: 4868K(5056K)->4868K(5056K)
[3541.284s][info][gc             ] GC(817) Pause Young (Mixed) (G1 Evacuation Pause) 3670M->1327M(4096M) 136.395ms
[3541.284s][info][gc,cpu         ] GC(817) User=0.81s Sys=0.00s Real=0.14s
...[3544.199s][info][gc,start       ] GC(818) Pause Young (Concurrent Start) (G1 Evacuation Pause)
[3544.199s][info][gc,task        ] GC(818) Using 6 workers of 6 for evacuation
[3544.318s][info][gc,phases      ] GC(818)   Pre Evacuate Collection Set: 0.40ms
[3544.318s][info][gc,phases      ] GC(818)   Merge Heap Roots: 0.49ms
[3544.318s][info][gc,phases      ] GC(818)   Evacuate Collection Set: 116.74ms
[3544.318s][info][gc,phases      ] GC(818)   Post Evacuate Collection Set: 0.84ms
[3544.318s][info][gc,phases      ] GC(818)   Other: 0.12ms
[3544.318s][info][gc,heap        ] GC(818) Eden regions: 1118->0(1117)
[3544.318s][info][gc,heap        ] GC(818) Survivor regions: 110->111(154)
[3544.318s][info][gc,heap        ] GC(818) Old regions: 474->507
[3544.318s][info][gc,heap        ] GC(818) Humongous regions: 80->80
[3544.318s][info][gc,metaspace   ] GC(818) Metaspace: 28906K(29248K)->28906K(29248K) NonClass: 24038K(24192K)->24038K(24192K) Class: 4868K(5056K)->4868K(5056K)
[3544.318s][info][gc             ] GC(818) Pause Young (Concurrent Start) (G1 Evacuation Pause) 3563M->1393M(4096M) 118.734ms
[3544.318s][info][gc             ] GC(819) Concurrent Mark Cycle
[3544.318s][info][gc,marking     ] GC(819) Concurrent Scan Root Regions
[3544.318s][info][gc,cpu         ] GC(818) User=0.70s Sys=0.01s Real=0.12s
. (rIR:aIR:PR = 6088:6078:6078) (tPR = 90363) [OK] 
  3544s: Performance info:
         Transaction,    Success,    Partial,     Failed,   Receipts, AvgBarcode, 
             Overall,     370893,          0,          0,     352368,      59.48, 
         Response times:
             Request,    Success,    Partial,     Failed,   SkipFail,     Probes,    Samples,      min,      p50,      p90,      p95,      p99,      max, 
       TotalPurchase,     352376,          0,          0,          0,     345395,     369133,      300,     5100,    13500,    34000,    93000,   216000,
     InStorePurchase,     185429,          0,          0,          0,     182298,     194716,      300,     4900,    13300,    33000,    92000,   216000,
      OnlinePurchase,     129830,          0,          0,          0,     127125,     135742,      300,     5400,    13900,    36000,    94000,   216000,
        InstPurchase,      37117,          0,          0,          0,      35972,      38675,      400,     5100,    13300,    35000,    95000,   216000,
          AssocOfCat,        374,          0,          0,          0,        299,        381,    28000,    39000,    75800,   109600,   174720,   191000,
      AssocOfProduct,       3718,          0,          0,          0,       3436,       3835,      500,     5300,    13500,    33000,    94640,   189000,
      BusinessReport,        925,          0,          0,          0,        789,        956,    26000,    44000,    73000,    90000,   163010,   204000,
          CustBuyBeh,       3706,          0,          0,          0,       3522,       3949,      300,     5600,    13600,    34000,   111000,   152000,
       ProductReturn,       9823,          0,          0,          0,       9344,      10291,      300,     4400,    13100,    33000,    85000,   216000,

  3544s: (45%)   IR =   6227 [3544.496s][info][gc,marking     ] GC(819) Concurrent Scan Root Regions 177.263ms
[3544.496s][info][gc,marking     ] GC(819) Concurrent Mark
[3544.496s][info][gc,marking     ] GC(819) Concurrent Mark From Roots
[3544.496s][info][gc,task        ] GC(819) Using 2 workers of 2 for marking
[3545.203s][info][gc,marking     ] GC(819) Concurrent Mark From Roots 706.938ms
[3545.203s][info][gc,marking     ] GC(819) Concurrent Preclean
[3545.203s][info][gc,marking     ] GC(819) Concurrent Preclean 0.120ms
[3545.203s][info][gc,start       ] GC(819) Pause Remark
[3545.206s][info][gc             ] GC(819) Pause Remark 2078M->2078M(4096M) 3.486ms
[3545.206s][info][gc,cpu         ] GC(819) User=0.02s Sys=0.00s Real=0.00s
[3545.207s][info][gc,marking     ] GC(819) Concurrent Mark 711.083ms
[3545.207s][info][gc,marking     ] GC(819) Concurrent Rebuild Remembered Sets and Scrub Regions
[3545.451s][info][gc,marking     ] GC(819) Concurrent Rebuild Remembered Sets and Scrub Regions 244.187ms
[3545.451s][info][gc,start       ] GC(819) Pause Cleanup
[3545.451s][info][gc             ] GC(819) Pause Cleanup 2249M->2249M(4096M) 0.118ms
[3545.451s][info][gc,cpu         ] GC(819) User=0.00s Sys=0.00s Real=0.00s
[3545.451s][info][gc,marking     ] GC(819) Concurrent Clear Claimed Marks
[3545.451s][info][gc,marking     ] GC(819) Concurrent Clear Claimed Marks 0.021ms
[3545.451s][info][gc,marking     ] GC(819) Concurrent Cleanup for Next Mark
[3545.454s][info][gc,marking     ] GC(819) Concurrent Cleanup for Next Mark 3.316ms
[3545.455s][info][gc             ] GC(819) Concurrent Mark Cycle 1136.298ms
..[3547.357s][info][gc,start       ] GC(820) Pause Young (Prepare Mixed) (G1 Evacuation Pause)
[3547.357s][info][gc,task        ] GC(820) Using 6 workers of 6 for evacuation
[3547.473s][info][gc,phases      ] GC(820)   Pre Evacuate Collection Set: 0.31ms
[3547.474s][info][gc,phases      ] GC(820)   Merge Heap Roots: 0.54ms
[3547.474s][info][gc,phases      ] GC(820)   Evacuate Collection Set: 114.67ms
[3547.474s][info][gc,phases      ] GC(820)   Post Evacuate Collection Set: 0.91ms
[3547.474s][info][gc,phases      ] GC(820)   Other: 0.09ms
[3547.474s][info][gc,heap        ] GC(820) Eden regions: 1117->0(1110)
[3547.474s][info][gc,heap        ] GC(820) Survivor regions: 111->108(154)
[3547.474s][info][gc,heap        ] GC(820) Old regions: 507->539
[3547.474s][info][gc,heap        ] GC(820) Humongous regions: 80->80
[3547.474s][info][gc,metaspace   ] GC(820) Metaspace: 28906K(29248K)->28906K(29248K) NonClass: 24038K(24192K)->24038K(24192K) Class: 4868K(5056K)->4868K(5056K)
[3547.474s][info][gc             ] GC(820) Pause Young (Prepare Mixed) (G1 Evacuation Pause) 3627M->1452M(4096M) 116.660ms
[3547.474s][info][gc,cpu         ] GC(820) User=0.69s Sys=0.00s Real=0.12s
...[3550.312s][info][gc,start       ] GC(821) Pause Young (Mixed) (G1 Evacuation Pause)
[3550.312s][info][gc,task        ] GC(821) Using 6 workers of 6 for evacuation
[3550.449s][info][gc,phases      ] GC(821)   Pre Evacuate Collection Set: 0.38ms
[3550.449s][info][gc,phases      ] GC(821)   Merge Heap Roots: 0.72ms
[3550.449s][info][gc,phases      ] GC(821)   Evacuate Collection Set: 135.32ms
[3550.449s][info][gc,phases      ] GC(821)   Post Evacuate Collection Set: 1.01ms
[3550.449s][info][gc,phases      ] GC(821)   Other: 0.09ms
[3550.449s][info][gc,heap        ] GC(821) Eden regions: 1110->0(1115)
[3550.449s][info][gc,heap        ] GC(821) Survivor regions: 108->113(153)
[3550.449s][info][gc,heap        ] GC(821) Old regions: 539->475
[3550.449s][info][gc,heap        ] GC(821) Humongous regions: 80->80
[3550.449s][info][gc,metaspace   ] GC(821) Metaspace: 28906K(29248K)->28906K(29248K) NonClass: 24038K(24192K)->24038K(24192K) Class: 4868K(5056K)->4868K(5056K)
[3550.449s][info][gc             ] GC(821) Pause Young (Mixed) (G1 Evacuation Pause) 3672M->1334M(4096M) 137.641ms
[3550.449s][info][gc,cpu         ] GC(821) User=0.81s Sys=0.01s Real=0.13s
...[3553.304s][info][gc,start       ] GC(822) Pause Young (Concurrent Start) (G1 Evacuation Pause)
[3553.305s][info][gc,task        ] GC(822) Using 6 workers of 6 for evacuation
[3553.425s][info][gc,phases      ] GC(822)   Pre Evacuate Collection Set: 0.36ms
[3553.425s][info][gc,phases      ] GC(822)   Merge Heap Roots: 0.50ms
[3553.425s][info][gc,phases      ] GC(822)   Evacuate Collection Set: 118.51ms
[3553.425s][info][gc,phases      ] GC(822)   Post Evacuate Collection Set: 0.88ms
[3553.425s][info][gc,phases      ] GC(822)   Other: 0.11ms
[3553.425s][info][gc,heap        ] GC(822) Eden regions: 1115->0(1118)
[3553.425s][info][gc,heap        ] GC(822) Survivor regions: 113->110(154)
[3553.425s][info][gc,heap        ] GC(822) Old regions: 475->508
[3553.425s][info][gc,heap        ] GC(822) Humongous regions: 80->80
[3553.425s][info][gc,metaspace   ] GC(822) Metaspace: 28907K(29248K)->28907K(29248K) NonClass: 24039K(24192K)->24039K(24192K) Class: 4868K(5056K)->4868K(5056K)
[3553.425s][info][gc             ] GC(822) Pause Young (Concurrent Start) (G1 Evacuation Pause) 3564M->1394M(4096M) 120.492ms
[3553.425s][info][gc             ] GC(823) Concurrent Mark Cycle
[3553.425s][info][gc,marking     ] GC(823) Concurrent Scan Root Regions
[3553.425s][info][gc,cpu         ] GC(822) User=0.72s Sys=0.00s Real=0.12s
.[3553.608s][info][gc,marking     ] GC(823) Concurrent Scan Root Regions 183.072ms
[3553.608s][info][gc,marking     ] GC(823) Concurrent Mark
[3553.608s][info][gc,marking     ] GC(823) Concurrent Mark From Roots
[3553.608s][info][gc,task        ] GC(823) Using 2 workers of 2 for marking
[3554.292s][info][gc,marking     ] GC(823) Concurrent Mark From Roots 683.699ms
[3554.292s][info][gc,marking     ] GC(823) Concurrent Preclean
[3554.292s][info][gc,marking     ] GC(823) Concurrent Preclean 0.130ms
[3554.292s][info][gc,start       ] GC(823) Pause Remark
[3554.296s][info][gc             ] GC(823) Pause Remark 2059M->2059M(4096M) 3.529ms
[3554.296s][info][gc,cpu         ] GC(823) User=0.02s Sys=0.00s Real=0.00s
[3554.296s][info][gc,marking     ] GC(823) Concurrent Mark 687.647ms
[3554.296s][info][gc,marking     ] GC(823) Concurrent Rebuild Remembered Sets and Scrub Regions
.[3554.551s][info][gc,marking     ] GC(823) Concurrent Rebuild Remembered Sets and Scrub Regions 255.033ms
[3554.551s][info][gc,start       ] GC(823) Pause Cleanup
[3554.551s][info][gc             ] GC(823) Pause Cleanup 2260M->2260M(4096M) 0.110ms
[3554.551s][info][gc,cpu         ] GC(823) User=0.00s Sys=0.00s Real=0.00s
[3554.551s][info][gc,marking     ] GC(823) Concurrent Clear Claimed Marks
[3554.551s][info][gc,marking     ] GC(823) Concurrent Clear Claimed Marks 0.025ms
[3554.551s][info][gc,marking     ] GC(823) Concurrent Cleanup for Next Mark
[3554.554s][info][gc,marking     ] GC(823) Concurrent Cleanup for Next Mark 3.303ms
[3554.554s][info][gc             ] GC(823) Concurrent Mark Cycle 1129.506ms
.[3556.407s][info][gc,start       ] GC(824) Pause Young (Prepare Mixed) (G1 Evacuation Pause)
[3556.407s][info][gc,task        ] GC(824) Using 6 workers of 6 for evacuation
[3556.526s][info][gc,phases      ] GC(824)   Pre Evacuate Collection Set: 0.33ms
[3556.526s][info][gc,phases      ] GC(824)   Merge Heap Roots: 0.50ms
[3556.526s][info][gc,phases      ] GC(824)   Evacuate Collection Set: 117.58ms
[3556.526s][info][gc,phases      ] GC(824)   Post Evacuate Collection Set: 0.90ms
[3556.526s][info][gc,phases      ] GC(824)   Other: 0.09ms
[3556.526s][info][gc,heap        ] GC(824) Eden regions: 1118->0(1106)
[3556.526s][info][gc,heap        ] GC(824) Survivor regions: 110->110(154)
[3556.526s][info][gc,heap        ] GC(824) Old regions: 508->539
[3556.526s][info][gc,heap        ] GC(824) Humongous regions: 80->80
[3556.526s][info][gc,metaspace   ] GC(824) Metaspace: 28907K(29248K)->28907K(29248K) NonClass: 24039K(24192K)->24039K(24192K) Class: 4868K(5056K)->4868K(5056K)
[3556.526s][info][gc             ] GC(824) Pause Young (Prepare Mixed) (G1 Evacuation Pause) 3630M->1456M(4096M) 119.528ms
[3556.526s][info][gc,cpu         ] GC(824) User=0.72s Sys=0.00s Real=0.12s
.|..[3559.334s][info][gc,start       ] GC(825) Pause Young (Mixed) (G1 Evacuation Pause)
[3559.334s][info][gc,task        ] GC(825) Using 6 workers of 6 for evacuation
[3559.476s][info][gc,phases      ] GC(825)   Pre Evacuate Collection Set: 0.34ms
[3559.476s][info][gc,phases      ] GC(825)   Merge Heap Roots: 0.70ms
[3559.476s][info][gc,phases      ] GC(825)   Evacuate Collection Set: 139.72ms
[3559.476s][info][gc,phases      ] GC(825)   Post Evacuate Collection Set: 0.94ms
[3559.476s][info][gc,phases      ] GC(825)   Other: 0.09ms
[3559.476s][info][gc,heap        ] GC(825) Eden regions: 1106->0(1115)
[3559.476s][info][gc,heap        ] GC(825) Survivor regions: 110->113(152)
[3559.476s][info][gc,heap        ] GC(825) Old regions: 539->474
[3559.476s][info][gc,heap        ] GC(825) Humongous regions: 80->80
[3559.476s][info][gc,metaspace   ] GC(825) Metaspace: 28907K(29248K)->28907K(29248K) NonClass: 24039K(24192K)->24039K(24192K) Class: 4868K(5056K)->4868K(5056K)
[3559.476s][info][gc             ] GC(825) Pause Young (Mixed) (G1 Evacuation Pause) 3668M->1332M(4096M) 141.918ms
[3559.476s][info][gc,cpu         ] GC(825) User=0.85s Sys=0.00s Real=0.14s
...[3562.387s][info][gc,start       ] GC(826) Pause Young (Concurrent Start) (G1 Evacuation Pause)
[3562.387s][info][gc,task        ] GC(826) Using 6 workers of 6 for evacuation
[3562.504s][info][gc,phases      ] GC(826)   Pre Evacuate Collection Set: 0.37ms
[3562.504s][info][gc,phases      ] GC(826)   Merge Heap Roots: 0.46ms
[3562.504s][info][gc,phases      ] GC(826)   Evacuate Collection Set: 114.73ms
[3562.504s][info][gc,phases      ] GC(826)   Post Evacuate Collection Set: 0.87ms
[3562.504s][info][gc,phases      ] GC(826)   Other: 0.11ms
[3562.504s][info][gc,heap        ] GC(826) Eden regions: 1115->0(1119)
[3562.504s][info][gc,heap        ] GC(826) Survivor regions: 113->109(154)
[3562.504s][info][gc,heap        ] GC(826) Old regions: 474->506
[3562.504s][info][gc,heap        ] GC(826) Humongous regions: 80->80
[3562.504s][info][gc,metaspace   ] GC(826) Metaspace: 28907K(29248K)->28907K(29248K) NonClass: 24039K(24192K)->24039K(24192K) Class: 4868K(5056K)->4868K(5056K)
[3562.504s][info][gc             ] GC(826) Pause Young (Concurrent Start) (G1 Evacuation Pause) 3562M->1388M(4096M) 116.699ms
[3562.504s][info][gc             ] GC(827) Concurrent Mark Cycle
[3562.504s][info][gc,marking     ] GC(827) Concurrent Scan Root Regions
[3562.504s][info][gc,cpu         ] GC(826) User=0.70s Sys=0.00s Real=0.12s
.[3562.710s][info][gc,marking     ] GC(827) Concurrent Scan Root Regions 206.147ms
[3562.710s][info][gc,marking     ] GC(827) Concurrent Mark
[3562.710s][info][gc,marking     ] GC(827) Concurrent Mark From Roots
[3562.710s][info][gc,task        ] GC(827) Using 2 workers of 2 for marking
[3563.578s][info][gc,marking     ] GC(827) Concurrent Mark From Roots 867.187ms
[3563.578s][info][gc,marking     ] GC(827) Concurrent Preclean
[3563.578s][info][gc,marking     ] GC(827) Concurrent Preclean 0.152ms
[3563.578s][info][gc,start       ] GC(827) Pause Remark
[3563.581s][info][gc             ] GC(827) Pause Remark 2244M->2244M(4096M) 3.550ms
[3563.581s][info][gc,cpu         ] GC(827) User=0.02s Sys=0.00s Real=0.01s
[3563.581s][info][gc,marking     ] GC(827) Concurrent Mark 871.171ms
[3563.582s][info][gc,marking     ] GC(827) Concurrent Rebuild Remembered Sets and Scrub Regions
.[3563.878s][info][gc,marking     ] GC(827) Concurrent Rebuild Remembered Sets and Scrub Regions 296.811ms
[3563.879s][info][gc,start       ] GC(827) Pause Cleanup
[3563.879s][info][gc             ] GC(827) Pause Cleanup 2472M->2472M(4096M) 0.118ms
[3563.879s][info][gc,cpu         ] GC(827) User=0.00s Sys=0.00s Real=0.00s
[3563.879s][info][gc,marking     ] GC(827) Concurrent Clear Claimed Marks
[3563.879s][info][gc,marking     ] GC(827) Concurrent Clear Claimed Marks 0.026ms
[3563.879s][info][gc,marking     ] GC(827) Concurrent Cleanup for Next Mark
[3563.895s][info][gc,marking     ] GC(827) Concurrent Cleanup for Next Mark 16.031ms
[3563.895s][info][gc             ] GC(827) Concurrent Mark Cycle 1391.350ms
.[3565.436s][info][gc,start       ] GC(828) Pause Young (Prepare Mixed) (G1 Evacuation Pause)
[3565.436s][info][gc,task        ] GC(828) Using 6 workers of 6 for evacuation
[3565.552s][info][gc,phases      ] GC(828)   Pre Evacuate Collection Set: 0.31ms
[3565.552s][info][gc,phases      ] GC(828)   Merge Heap Roots: 0.51ms
[3565.552s][info][gc,phases      ] GC(828)   Evacuate Collection Set: 114.10ms
[3565.552s][info][gc,phases      ] GC(828)   Post Evacuate Collection Set: 0.93ms
[3565.552s][info][gc,phases      ] GC(828)   Other: 0.07ms
[3565.552s][info][gc,heap        ] GC(828) Eden regions: 1119->0(1109)
[3565.552s][info][gc,heap        ] GC(828) Survivor regions: 109->109(154)
[3565.552s][info][gc,heap        ] GC(828) Old regions: 506->538
[3565.552s][info][gc,heap        ] GC(828) Humongous regions: 80->80
[3565.552s][info][gc,metaspace   ] GC(828) Metaspace: 28907K(29248K)->28907K(29248K) NonClass: 24039K(24192K)->24039K(24192K) Class: 4868K(5056K)->4868K(5056K)
[3565.552s][info][gc             ] GC(828) Pause Young (Prepare Mixed) (G1 Evacuation Pause) 3626M->1452M(4096M) 116.063ms
[3565.552s][info][gc,cpu         ] GC(828) User=0.69s Sys=0.01s Real=0.12s
...[3568.405s][info][gc,start       ] GC(829) Pause Young (Mixed) (G1 Evacuation Pause)
[3568.405s][info][gc,task        ] GC(829) Using 6 workers of 6 for evacuation
[3568.542s][info][gc,phases      ] GC(829)   Pre Evacuate Collection Set: 0.37ms
[3568.542s][info][gc,phases      ] GC(829)   Merge Heap Roots: 0.78ms
[3568.542s][info][gc,phases      ] GC(829)   Evacuate Collection Set: 135.23ms
[3568.542s][info][gc,phases      ] GC(829)   Post Evacuate Collection Set: 0.91ms
[3568.542s][info][gc,phases      ] GC(829)   Other: 0.11ms
[3568.542s][info][gc,heap        ] GC(829) Eden regions: 1109->0(1116)
[3568.542s][info][gc,heap        ] GC(829) Survivor regions: 109->112(153)
[3568.542s][info][gc,heap        ] GC(829) Old regions: 538->474
[3568.542s][info][gc,heap        ] GC(829) Humongous regions: 80->80
[3568.542s][info][gc,metaspace   ] GC(829) Metaspace: 28907K(29248K)->28907K(29248K) NonClass: 24039K(24192K)->24039K(24192K) Class: 4868K(5056K)->4868K(5056K)
[3568.542s][info][gc             ] GC(829) Pause Young (Mixed) (G1 Evacuation Pause) 3670M->1331M(4096M) 137.520ms
[3568.542s][info][gc,cpu         ] GC(829) User=0.82s Sys=0.00s Real=0.14s
...[3571.504s][info][gc,start       ] GC(830) Pause Young (Concurrent Start) (G1 Evacuation Pause)
[3571.504s][info][gc,task        ] GC(830) Using 6 workers of 6 for evacuation
[3571.623s][info][gc,phases      ] GC(830)   Pre Evacuate Collection Set: 0.36ms
[3571.623s][info][gc,phases      ] GC(830)   Merge Heap Roots: 0.48ms
[3571.623s][info][gc,phases      ] GC(830)   Evacuate Collection Set: 116.76ms
[3571.623s][info][gc,phases      ] GC(830)   Post Evacuate Collection Set: 0.89ms
[3571.623s][info][gc,phases      ] GC(830)   Other: 0.12ms
[3571.623s][info][gc,heap        ] GC(830) Eden regions: 1116->0(1119)
[3571.623s][info][gc,heap        ] GC(830) Survivor regions: 112->109(154)
[3571.623s][info][gc,heap        ] GC(830) Old regions: 474->505
[3571.623s][info][gc,heap        ] GC(830) Humongous regions: 80->80
[3571.623s][info][gc,metaspace   ] GC(830) Metaspace: 28907K(29248K)->28907K(29248K) NonClass: 24039K(24192K)->24039K(24192K) Class: 4868K(5056K)->4868K(5056K)
[3571.623s][info][gc             ] GC(830) Pause Young (Concurrent Start) (G1 Evacuation Pause) 3563M->1387M(4096M) 118.738ms
[3571.623s][info][gc             ] GC(831) Concurrent Mark Cycle
[3571.623s][info][gc,marking     ] GC(831) Concurrent Scan Root Regions
[3571.623s][info][gc,cpu         ] GC(830) User=0.71s Sys=0.00s Real=0.12s
.[3571.810s][info][gc,marking     ] GC(831) Concurrent Scan Root Regions 187.116ms
[3571.810s][info][gc,marking     ] GC(831) Concurrent Mark
[3571.810s][info][gc,marking     ] GC(831) Concurrent Mark From Roots
[3571.810s][info][gc,task        ] GC(831) Using 2 workers of 2 for marking
[3572.524s][info][gc,marking     ] GC(831) Concurrent Mark From Roots 713.402ms
[3572.524s][info][gc,marking     ] GC(831) Concurrent Preclean
[3572.524s][info][gc,marking     ] GC(831) Concurrent Preclean 0.105ms
[3572.524s][info][gc,start       ] GC(831) Pause Remark
[3572.527s][info][gc             ] GC(831) Pause Remark 2142M->2142M(4096M) 3.633ms
[3572.528s][info][gc,cpu         ] GC(831) User=0.02s Sys=0.00s Real=0.00s
[3572.528s][info][gc,marking     ] GC(831) Concurrent Mark 717.407ms
[3572.528s][info][gc,marking     ] GC(831) Concurrent Rebuild Remembered Sets and Scrub Regions
.[3572.824s][info][gc,marking     ] GC(831) Concurrent Rebuild Remembered Sets and Scrub Regions 295.991ms
[3572.824s][info][gc,start       ] GC(831) Pause Cleanup
[3572.824s][info][gc             ] GC(831) Pause Cleanup 2371M->2371M(4096M) 0.126ms
[3572.824s][info][gc,cpu         ] GC(831) User=0.00s Sys=0.00s Real=0.00s
[3572.824s][info][gc,marking     ] GC(831) Concurrent Clear Claimed Marks
[3572.824s][info][gc,marking     ] GC(831) Concurrent Clear Claimed Marks 0.031ms
[3572.824s][info][gc,marking     ] GC(831) Concurrent Cleanup for Next Mark
[3572.829s][info][gc,marking     ] GC(831) Concurrent Cleanup for Next Mark 4.797ms
[3572.829s][info][gc             ] GC(831) Concurrent Mark Cycle 1205.919ms
.[3574.498s][info][gc,start       ] GC(832) Pause Young (Prepare Mixed) (G1 Evacuation Pause)
[3574.498s][info][gc,task        ] GC(832) Using 6 workers of 6 for evacuation
[3574.616s][info][gc,phases      ] GC(832)   Pre Evacuate Collection Set: 0.36ms
[3574.616s][info][gc,phases      ] GC(832)   Merge Heap Roots: 0.66ms
[3574.616s][info][gc,phases      ] GC(832)   Evacuate Collection Set: 116.13ms
[3574.616s][info][gc,phases      ] GC(832)   Post Evacuate Collection Set: 0.89ms
[3574.616s][info][gc,phases      ] GC(832)   Other: 0.10ms
[3574.616s][info][gc,heap        ] GC(832) Eden regions: 1119->0(1113)
[3574.616s][info][gc,heap        ] GC(832) Survivor regions: 109->108(154)
[3574.616s][info][gc,heap        ] GC(832) Old regions: 505->536
[3574.616s][info][gc,heap        ] GC(832) Humongous regions: 80->80
[3574.616s][info][gc,metaspace   ] GC(832) Metaspace: 28907K(29248K)->28907K(29248K) NonClass: 24039K(24192K)->24039K(24192K) Class: 4868K(5056K)->4868K(5056K)
[3574.616s][info][gc             ] GC(832) Pause Young (Prepare Mixed) (G1 Evacuation Pause) 3625M->1447M(4096M) 118.269ms
[3574.616s][info][gc,cpu         ] GC(832) User=0.71s Sys=0.00s Real=0.12s
...[3577.533s][info][gc,start       ] GC(833) Pause Young (Mixed) (G1 Evacuation Pause)
[3577.533s][info][gc,task        ] GC(833) Using 6 workers of 6 for evacuation
[3577.667s][info][gc,phases      ] GC(833)   Pre Evacuate Collection Set: 0.37ms
[3577.667s][info][gc,phases      ] GC(833)   Merge Heap Roots: 0.77ms
[3577.667s][info][gc,phases      ] GC(833)   Evacuate Collection Set: 131.99ms
[3577.667s][info][gc,phases      ] GC(833)   Post Evacuate Collection Set: 0.97ms
[3577.667s][info][gc,phases      ] GC(833)   Other: 0.09ms
[3577.667s][info][gc,heap        ] GC(833) Eden regions: 1113->0(1118)
[3577.667s][info][gc,heap        ] GC(833) Survivor regions: 108->110(153)
[3577.667s][info][gc,heap        ] GC(833) Old regions: 536->474
[3577.667s][info][gc,heap        ] GC(833) Humongous regions: 80->80
[3577.667s][info][gc,metaspace   ] GC(833) Metaspace: 28907K(29248K)->28907K(29248K) NonClass: 24039K(24192K)->24039K(24192K) Class: 4868K(5056K)->4868K(5056K)
[3577.667s][info][gc             ] GC(833) Pause Young (Mixed) (G1 Evacuation Pause) 3673M->1326M(4096M) 134.324ms
[3577.668s][info][gc,cpu         ] GC(833) User=0.80s Sys=0.00s Real=0.13s
...[3580.522s][info][gc,start       ] GC(834) Pause Young (Concurrent Start) (G1 Evacuation Pause)
[3580.522s][info][gc,task        ] GC(834) Using 6 workers of 6 for evacuation
[3580.640s][info][gc,phases      ] GC(834)   Pre Evacuate Collection Set: 0.37ms
[3580.640s][info][gc,phases      ] GC(834)   Merge Heap Roots: 0.47ms
[3580.640s][info][gc,phases      ] GC(834)   Evacuate Collection Set: 116.34ms
[3580.640s][info][gc,phases      ] GC(834)   Post Evacuate Collection Set: 0.87ms
[3580.640s][info][gc,phases      ] GC(834)   Other: 0.11ms
[3580.640s][info][gc,heap        ] GC(834) Eden regions: 1118->0(1119)
[3580.640s][info][gc,heap        ] GC(834) Survivor regions: 110->109(154)
[3580.640s][info][gc,heap        ] GC(834) Old regions: 474->506
[3580.640s][info][gc,heap        ] GC(834) Humongous regions: 80->80
[3580.640s][info][gc,metaspace   ] GC(834) Metaspace: 28907K(29248K)->28907K(29248K) NonClass: 24039K(24192K)->24039K(24192K) Class: 4868K(5056K)->4868K(5056K)
[3580.640s][info][gc             ] GC(834) Pause Young (Concurrent Start) (G1 Evacuation Pause) 3562M->1389M(4096M) 118.286ms
[3580.640s][info][gc             ] GC(835) Concurrent Mark Cycle
[3580.640s][info][gc,marking     ] GC(835) Concurrent Scan Root Regions
[3580.640s][info][gc,cpu         ] GC(834) User=0.70s Sys=0.00s Real=0.11s
.[3580.787s][info][gc,marking     ] GC(835) Concurrent Scan Root Regions 146.753ms
[3580.787s][info][gc,marking     ] GC(835) Concurrent Mark
[3580.787s][info][gc,marking     ] GC(835) Concurrent Mark From Roots
[3580.787s][info][gc,task        ] GC(835) Using 2 workers of 2 for marking
[3581.623s][info][gc,marking     ] GC(835) Concurrent Mark From Roots 836.260ms
[3581.623s][info][gc,marking     ] GC(835) Concurrent Preclean
[3581.623s][info][gc,marking     ] GC(835) Concurrent Preclean 0.157ms
[3581.624s][info][gc,start       ] GC(835) Pause Remark
[3581.675s][info][gc             ] GC(835) Pause Remark 2149M->2149M(4096M) 51.812ms
[3581.675s][info][gc,cpu         ] GC(835) User=0.02s Sys=0.00s Real=0.05s
[3581.677s][info][gc,marking     ] GC(835) Concurrent Mark 889.757ms
[3581.677s][info][gc,marking     ] GC(835) Concurrent Rebuild Remembered Sets and Scrub Regions
.[3582.031s][info][gc,marking     ] GC(835) Concurrent Rebuild Remembered Sets and Scrub Regions 354.507ms
[3582.031s][info][gc,start       ] GC(835) Pause Cleanup
[3582.032s][info][gc             ] GC(835) Pause Cleanup 2489M->2489M(4096M) 0.117ms
[3582.032s][info][gc,cpu         ] GC(835) User=0.00s Sys=0.00s Real=0.00s
[3582.032s][info][gc,marking     ] GC(835) Concurrent Clear Claimed Marks
[3582.032s][info][gc,marking     ] GC(835) Concurrent Clear Claimed Marks 0.035ms
[3582.032s][info][gc,marking     ] GC(835) Concurrent Cleanup for Next Mark
[3582.039s][info][gc,marking     ] GC(835) Concurrent Cleanup for Next Mark 7.108ms
[3582.039s][info][gc             ] GC(835) Concurrent Mark Cycle 1398.921ms
.[3583.567s][info][gc,start       ] GC(836) Pause Young (Prepare Mixed) (G1 Evacuation Pause)
[3583.567s][info][gc,task        ] GC(836) Using 6 workers of 6 for evacuation
[3583.690s][info][gc,phases      ] GC(836)   Pre Evacuate Collection Set: 0.28ms
[3583.690s][info][gc,phases      ] GC(836)   Merge Heap Roots: 0.54ms
[3583.690s][info][gc,phases      ] GC(836)   Evacuate Collection Set: 120.55ms
[3583.690s][info][gc,phases      ] GC(836)   Post Evacuate Collection Set: 0.91ms
[3583.690s][info][gc,phases      ] GC(836)   Other: 0.10ms
[3583.690s][info][gc,heap        ] GC(836) Eden regions: 1119->0(1101)
[3583.690s][info][gc,heap        ] GC(836) Survivor regions: 109->113(154)
[3583.690s][info][gc,heap        ] GC(836) Old regions: 506->538
[3583.690s][info][gc,heap        ] GC(836) Humongous regions: 80->80
[3583.690s][info][gc,metaspace   ] GC(836) Metaspace: 28907K(29248K)->28907K(29248K) NonClass: 24039K(24192K)->24039K(24192K) Class: 4868K(5056K)->4868K(5056K)
[3583.690s][info][gc             ] GC(836) Pause Young (Prepare Mixed) (G1 Evacuation Pause) 3627M->1459M(4096M) 122.519ms
[3583.690s][info][gc,cpu         ] GC(836) User=0.73s Sys=0.00s Real=0.12s
...[3586.571s][info][gc,start       ] GC(837) Pause Young (Mixed) (G1 Evacuation Pause)
[3586.571s][info][gc,task        ] GC(837) Using 6 workers of 6 for evacuation
[3586.708s][info][gc,phases      ] GC(837)   Pre Evacuate Collection Set: 0.35ms
[3586.708s][info][gc,phases      ] GC(837)   Merge Heap Roots: 0.75ms
[3586.708s][info][gc,phases      ] GC(837)   Evacuate Collection Set: 134.02ms
[3586.708s][info][gc,phases      ] GC(837)   Post Evacuate Collection Set: 0.93ms
[3586.708s][info][gc,phases      ] GC(837)   Other: 0.09ms
[3586.708s][info][gc,heap        ] GC(837) Eden regions: 1101->0(1118)
[3586.708s][info][gc,heap        ] GC(837) Survivor regions: 113->110(152)
[3586.708s][info][gc,heap        ] GC(837) Old regions: 538->475
[3586.708s][info][gc,heap        ] GC(837) Humongous regions: 80->80
[3586.708s][info][gc,metaspace   ] GC(837) Metaspace: 28907K(29248K)->28907K(29248K) NonClass: 24039K(24192K)->24039K(24192K) Class: 4868K(5056K)->4868K(5056K)
[3586.708s][info][gc             ] GC(837) Pause Young (Mixed) (G1 Evacuation Pause) 3661M->1328M(4096M) 136.276ms
[3586.708s][info][gc,cpu         ] GC(837) User=0.81s Sys=0.00s Real=0.13s
...[3589.571s][info][gc,start       ] GC(838) Pause Young (Concurrent Start) (G1 Evacuation Pause)
[3589.571s][info][gc,task        ] GC(838) Using 6 workers of 6 for evacuation
[3589.689s][info][gc,phases      ] GC(838)   Pre Evacuate Collection Set: 0.41ms
[3589.689s][info][gc,phases      ] GC(838)   Merge Heap Roots: 0.55ms
[3589.689s][info][gc,phases      ] GC(838)   Evacuate Collection Set: 115.90ms
[3589.689s][info][gc,phases      ] GC(838)   Post Evacuate Collection Set: 0.88ms
[3589.689s][info][gc,phases      ] GC(838)   Other: 0.12ms
[3589.689s][info][gc,heap        ] GC(838) Eden regions: 1118->0(1119)
[3589.689s][info][gc,heap        ] GC(838) Survivor regions: 110->109(154)
[3589.689s][info][gc,heap        ] GC(838) Old regions: 475->507
[3589.689s][info][gc,heap        ] GC(838) Humongous regions: 80->80
[3589.689s][info][gc,metaspace   ] GC(838) Metaspace: 28907K(29248K)->28907K(29248K) NonClass: 24039K(24192K)->24039K(24192K) Class: 4868K(5056K)->4868K(5056K)
[3589.689s][info][gc             ] GC(838) Pause Young (Concurrent Start) (G1 Evacuation Pause) 3564M->1390M(4096M) 117.997ms
[3589.689s][info][gc             ] GC(839) Concurrent Mark Cycle
[3589.689s][info][gc,marking     ] GC(839) Concurrent Scan Root Regions
[3589.689s][info][gc,cpu         ] GC(838) User=0.70s Sys=0.00s Real=0.11s
[3589.835s][info][gc,marking     ] GC(839) Concurrent Scan Root Regions 146.022ms
[3589.835s][info][gc,marking     ] GC(839) Concurrent Mark
[3589.835s][info][gc,marking     ] GC(839) Concurrent Mark From Roots
[3589.835s][info][gc,task        ] GC(839) Using 2 workers of 2 for marking
.[3590.544s][info][gc,marking     ] GC(839) Concurrent Mark From Roots 708.435ms
[3590.544s][info][gc,marking     ] GC(839) Concurrent Preclean
[3590.544s][info][gc,marking     ] GC(839) Concurrent Preclean 0.094ms
[3590.545s][info][gc,start       ] GC(839) Pause Remark
[3590.547s][info][gc             ] GC(839) Pause Remark 2094M->2094M(4096M) 2.723ms
[3590.547s][info][gc,cpu         ] GC(839) User=0.01s Sys=0.00s Real=0.00s
[3590.548s][info][gc,marking     ] GC(839) Concurrent Mark 712.901ms
[3590.548s][info][gc,marking     ] GC(839) Concurrent Rebuild Remembered Sets and Scrub Regions
[3590.798s][info][gc,marking     ] GC(839) Concurrent Rebuild Remembered Sets and Scrub Regions 250.047ms
[3590.798s][info][gc,start       ] GC(839) Pause Cleanup
[3590.798s][info][gc             ] GC(839) Pause Cleanup 2254M->2254M(4096M) 0.110ms
[3590.798s][info][gc,cpu         ] GC(839) User=0.00s Sys=0.00s Real=0.00s
[3590.799s][info][gc,marking     ] GC(839) Concurrent Clear Claimed Marks
[3590.799s][info][gc,marking     ] GC(839) Concurrent Clear Claimed Marks 0.029ms
[3590.799s][info][gc,marking     ] GC(839) Concurrent Cleanup for Next Mark
[3590.804s][info][gc,marking     ] GC(839) Concurrent Cleanup for Next Mark 4.941ms
[3590.804s][info][gc             ] GC(839) Concurrent Mark Cycle 1115.025ms
..[3592.610s][info][gc,start       ] GC(840) Pause Young (Prepare Mixed) (G1 Evacuation Pause)
[3592.610s][info][gc,task        ] GC(840) Using 6 workers of 6 for evacuation
[3592.727s][info][gc,phases      ] GC(840)   Pre Evacuate Collection Set: 0.32ms
[3592.727s][info][gc,phases      ] GC(840)   Merge Heap Roots: 0.60ms
[3592.727s][info][gc,phases      ] GC(840)   Evacuate Collection Set: 115.96ms
[3592.727s][info][gc,phases      ] GC(840)   Post Evacuate Collection Set: 0.93ms
[3592.727s][info][gc,phases      ] GC(840)   Other: 0.09ms
[3592.727s][info][gc,heap        ] GC(840) Eden regions: 1119->0(1111)
[3592.727s][info][gc,heap        ] GC(840) Survivor regions: 109->108(154)
[3592.728s][info][gc,heap        ] GC(840) Old regions: 507->538
[3592.728s][info][gc,heap        ] GC(840) Humongous regions: 80->80
[3592.728s][info][gc,metaspace   ] GC(840) Metaspace: 28907K(29248K)->28907K(29248K) NonClass: 24039K(24192K)->24039K(24192K) Class: 4868K(5056K)->4868K(5056K)
[3592.728s][info][gc             ] GC(840) Pause Young (Prepare Mixed) (G1 Evacuation Pause) 3628M->1451M(4096M) 118.021ms
[3592.728s][info][gc,cpu         ] GC(840) User=0.70s Sys=0.00s Real=0.12s
...[3595.626s][info][gc,start       ] GC(841) Pause Young (Mixed) (G1 Evacuation Pause)
[3595.626s][info][gc,task        ] GC(841) Using 6 workers of 6 for evacuation
[3595.760s][info][gc,phases      ] GC(841)   Pre Evacuate Collection Set: 0.39ms
[3595.760s][info][gc,phases      ] GC(841)   Merge Heap Roots: 0.64ms
[3595.760s][info][gc,phases      ] GC(841)   Evacuate Collection Set: 132.58ms
[3595.760s][info][gc,phases      ] GC(841)   Post Evacuate Collection Set: 0.93ms
[3595.760s][info][gc,phases      ] GC(841)   Other: 0.09ms
[3595.760s][info][gc,heap        ] GC(841) Eden regions: 1111->0(1117)
[3595.760s][info][gc,heap        ] GC(841) Survivor regions: 108->111(153)
[3595.760s][info][gc,heap        ] GC(841) Old regions: 538->474
[3595.760s][info][gc,heap        ] GC(841) Humongous regions: 80->80
[3595.760s][info][gc,metaspace   ] GC(841) Metaspace: 28907K(29248K)->28907K(29248K) NonClass: 24039K(24192K)->24039K(24192K) Class: 4868K(5056K)->4868K(5056K)
[3595.760s][info][gc             ] GC(841) Pause Young (Mixed) (G1 Evacuation Pause) 3673M->1327M(4096M) 134.765ms
[3595.760s][info][gc,cpu         ] GC(841) User=0.80s Sys=0.00s Real=0.13s
...[3598.612s][info][gc,start       ] GC(842) Pause Young (Concurrent Start) (G1 Evacuation Pause)
[3598.612s][info][gc,task        ] GC(842) Using 6 workers of 6 for evacuation
[3598.737s][info][gc,phases      ] GC(842)   Pre Evacuate Collection Set: 0.39ms
[3598.737s][info][gc,phases      ] GC(842)   Merge Heap Roots: 0.47ms
[3598.737s][info][gc,phases      ] GC(842)   Evacuate Collection Set: 122.83ms
[3598.737s][info][gc,phases      ] GC(842)   Post Evacuate Collection Set: 0.91ms
[3598.737s][info][gc,phases      ] GC(842)   Other: 0.13ms
[3598.737s][info][gc,heap        ] GC(842) Eden regions: 1117->0(1115)
[3598.737s][info][gc,heap        ] GC(842) Survivor regions: 111->113(154)
[3598.737s][info][gc,heap        ] GC(842) Old regions: 474->506
[3598.737s][info][gc,heap        ] GC(842) Humongous regions: 80->80
[3598.737s][info][gc,metaspace   ] GC(842) Metaspace: 28907K(29248K)->28907K(29248K) NonClass: 24039K(24192K)->24039K(24192K) Class: 4868K(5056K)->4868K(5056K)
[3598.737s][info][gc             ] GC(842) Pause Young (Concurrent Start) (G1 Evacuation Pause) 3561M->1395M(4096M) 124.873ms
[3598.737s][info][gc             ] GC(843) Concurrent Mark Cycle
[3598.737s][info][gc,marking     ] GC(843) Concurrent Scan Root Regions
[3598.737s][info][gc,cpu         ] GC(842) User=0.74s Sys=0.00s Real=0.12s
[3598.919s][info][gc,marking     ] GC(843) Concurrent Scan Root Regions 181.148ms
[3598.919s][info][gc,marking     ] GC(843) Concurrent Mark
[3598.919s][info][gc,marking     ] GC(843) Concurrent Mark From Roots
[3598.919s][info][gc,task        ] GC(843) Using 2 workers of 2 for marking
.[3599.624s][info][gc,marking     ] GC(843) Concurrent Mark From Roots 705.815ms
[3599.624s][info][gc,marking     ] GC(843) Concurrent Preclean
[3599.625s][info][gc,marking     ] GC(843) Concurrent Preclean 0.109ms
[3599.625s][info][gc,start       ] GC(843) Pause Remark
[3599.677s][info][gc             ] GC(843) Pause Remark 2109M->2109M(4096M) 51.613ms
[3599.677s][info][gc,cpu         ] GC(843) User=0.02s Sys=0.00s Real=0.05s
[3599.677s][info][gc,marking     ] GC(843) Concurrent Mark 758.459ms
[3599.677s][info][gc,marking     ] GC(843) Concurrent Rebuild Remembered Sets and Scrub Regions
[3599.924s][info][gc,marking     ] GC(843) Concurrent Rebuild Remembered Sets and Scrub Regions 246.664ms
[3599.924s][info][gc,start       ] GC(843) Pause Cleanup
[3599.924s][info][gc             ] GC(843) Pause Cleanup 2306M->2306M(4096M) 0.095ms
[3599.924s][info][gc,cpu         ] GC(843) User=0.00s Sys=0.00s Real=0.00s
[3599.924s][info][gc,marking     ] GC(843) Concurrent Clear Claimed Marks
[3599.924s][info][gc,marking     ] GC(843) Concurrent Clear Claimed Marks 0.022ms
[3599.924s][info][gc,marking     ] GC(843) Concurrent Cleanup for Next Mark
[3599.929s][info][gc,marking     ] GC(843) Concurrent Cleanup for Next Mark 4.529ms
[3599.929s][info][gc             ] GC(843) Concurrent Mark Cycle 1191.271ms
..[3601.656s][info][gc,start       ] GC(844) Pause Young (Prepare Mixed) (G1 Evacuation Pause)
[3601.656s][info][gc,task        ] GC(844) Using 6 workers of 6 for evacuation
[3601.774s][info][gc,phases      ] GC(844)   Pre Evacuate Collection Set: 0.32ms
[3601.774s][info][gc,phases      ] GC(844)   Merge Heap Roots: 0.50ms
[3601.774s][info][gc,phases      ] GC(844)   Evacuate Collection Set: 115.59ms
[3601.774s][info][gc,phases      ] GC(844)   Post Evacuate Collection Set: 0.94ms
[3601.774s][info][gc,phases      ] GC(844)   Other: 0.09ms
[3601.774s][info][gc,heap        ] GC(844) Eden regions: 1115->0(1109)
[3601.774s][info][gc,heap        ] GC(844) Survivor regions: 113->109(154)
[3601.774s][info][gc,heap        ] GC(844) Old regions: 506->538
[3601.774s][info][gc,heap        ] GC(844) Humongous regions: 80->80
[3601.774s][info][gc,metaspace   ] GC(844) Metaspace: 28907K(29248K)->28907K(29248K) NonClass: 24039K(24192K)->24039K(24192K) Class: 4868K(5056K)->4868K(5056K)
[3601.774s][info][gc             ] GC(844) Pause Young (Prepare Mixed) (G1 Evacuation Pause) 3625M->1452M(4096M) 117.591ms
[3601.774s][info][gc,cpu         ] GC(844) User=0.70s Sys=0.01s Real=0.12s
...[3604.673s][info][gc,start       ] GC(845) Pause Young (Mixed) (G1 Evacuation Pause)
[3604.673s][info][gc,task        ] GC(845) Using 6 workers of 6 for evacuation
[3604.810s][info][gc,phases      ] GC(845)   Pre Evacuate Collection Set: 0.36ms
[3604.810s][info][gc,phases      ] GC(845)   Merge Heap Roots: 0.74ms
[3604.810s][info][gc,phases      ] GC(845)   Evacuate Collection Set: 134.49ms
[3604.810s][info][gc,phases      ] GC(845)   Post Evacuate Collection Set: 0.95ms
[3604.810s][info][gc,phases      ] GC(845)   Other: 0.09ms
[3604.810s][info][gc,heap        ] GC(845) Eden regions: 1109->0(1117)
[3604.810s][info][gc,heap        ] GC(845) Survivor regions: 109->111(153)
[3604.810s][info][gc,heap        ] GC(845) Old regions: 538->472
[3604.810s][info][gc,heap        ] GC(845) Humongous regions: 80->80
[3604.810s][info][gc,metaspace   ] GC(845) Metaspace: 28907K(29248K)->28907K(29248K) NonClass: 24039K(24192K)->24039K(24192K) Class: 4868K(5056K)->4868K(5056K)
[3604.810s][info][gc             ] GC(845) Pause Young (Mixed) (G1 Evacuation Pause) 3670M->1325M(4096M) 136.777ms
[3604.810s][info][gc,cpu         ] GC(845) User=0.82s Sys=0.00s Real=0.13s
...[3607.675s][info][gc,start       ] GC(846) Pause Young (Concurrent Start) (G1 Evacuation Pause)
[3607.675s][info][gc,task        ] GC(846) Using 6 workers of 6 for evacuation
[3607.795s][info][gc,phases      ] GC(846)   Pre Evacuate Collection Set: 0.34ms
[3607.795s][info][gc,phases      ] GC(846)   Merge Heap Roots: 0.46ms
[3607.795s][info][gc,phases      ] GC(846)   Evacuate Collection Set: 118.76ms
[3607.795s][info][gc,phases      ] GC(846)   Post Evacuate Collection Set: 0.88ms
[3607.795s][info][gc,phases      ] GC(846)   Other: 0.11ms
[3607.795s][info][gc,heap        ] GC(846) Eden regions: 1117->0(1118)
[3607.795s][info][gc,heap        ] GC(846) Survivor regions: 111->110(154)
[3607.795s][info][gc,heap        ] GC(846) Old regions: 472->504
[3607.795s][info][gc,heap        ] GC(846) Humongous regions: 80->80
[3607.795s][info][gc,metaspace   ] GC(846) Metaspace: 28907K(29248K)->28907K(29248K) NonClass: 24039K(24192K)->24039K(24192K) Class: 4868K(5056K)->4868K(5056K)
[3607.795s][info][gc             ] GC(846) Pause Young (Concurrent Start) (G1 Evacuation Pause) 3559M->1386M(4096M) 120.684ms
[3607.796s][info][gc             ] GC(847) Concurrent Mark Cycle
[3607.796s][info][gc,marking     ] GC(847) Concurrent Scan Root Regions
[3607.796s][info][gc,cpu         ] GC(846) User=0.71s Sys=0.00s Real=0.12s
[3607.939s][info][gc,marking     ] GC(847) Concurrent Scan Root Regions 143.400ms
[3607.939s][info][gc,marking     ] GC(847) Concurrent Mark
[3607.939s][info][gc,marking     ] GC(847) Concurrent Mark From Roots
[3607.939s][info][gc,task        ] GC(847) Using 2 workers of 2 for marking
.[3608.624s][info][gc,marking     ] GC(847) Concurrent Mark From Roots 684.591ms
[3608.624s][info][gc,marking     ] GC(847) Concurrent Preclean
[3608.624s][info][gc,marking     ] GC(847) Concurrent Preclean 0.098ms
[3608.624s][info][gc,start       ] GC(847) Pause Remark
[3608.628s][info][gc             ] GC(847) Pause Remark 2048M->2048M(4096M) 4.241ms
[3608.628s][info][gc,cpu         ] GC(847) User=0.02s Sys=0.00s Real=0.00s
[3608.628s][info][gc,marking     ] GC(847) Concurrent Mark 689.153ms
[3608.628s][info][gc,marking     ] GC(847) Concurrent Rebuild Remembered Sets and Scrub Regions
[3608.933s][info][gc,marking     ] GC(847) Concurrent Rebuild Remembered Sets and Scrub Regions 304.829ms
[3608.933s][info][gc,start       ] GC(847) Pause Cleanup
[3608.933s][info][gc             ] GC(847) Pause Cleanup 2282M->2282M(4096M) 0.116ms
[3608.933s][info][gc,cpu         ] GC(847) User=0.00s Sys=0.00s Real=0.00s
[3608.934s][info][gc,marking     ] GC(847) Concurrent Clear Claimed Marks
[3608.934s][info][gc,marking     ] GC(847) Concurrent Clear Claimed Marks 0.031ms
[3608.934s][info][gc,marking     ] GC(847) Concurrent Cleanup for Next Mark
[3608.940s][info][gc,marking     ] GC(847) Concurrent Cleanup for Next Mark 6.031ms
[3608.940s][info][gc             ] GC(847) Concurrent Mark Cycle 1144.160ms
..[3610.699s][info][gc,start       ] GC(848) Pause Young (Prepare Mixed) (G1 Evacuation Pause)
[3610.699s][info][gc,task        ] GC(848) Using 6 workers of 6 for evacuation
[3610.821s][info][gc,phases      ] GC(848)   Pre Evacuate Collection Set: 0.31ms
[3610.821s][info][gc,phases      ] GC(848)   Merge Heap Roots: 0.50ms
[3610.821s][info][gc,phases      ] GC(848)   Evacuate Collection Set: 119.39ms
[3610.821s][info][gc,phases      ] GC(848)   Post Evacuate Collection Set: 0.94ms
[3610.821s][info][gc,phases      ] GC(848)   Other: 0.09ms
[3610.821s][info][gc,heap        ] GC(848) Eden regions: 1118->0(1109)
[3610.821s][info][gc,heap        ] GC(848) Survivor regions: 110->110(154)
[3610.821s][info][gc,heap        ] GC(848) Old regions: 504->536
[3610.821s][info][gc,heap        ] GC(848) Humongous regions: 80->80
[3610.821s][info][gc,metaspace   ] GC(848) Metaspace: 28907K(29248K)->28907K(29248K) NonClass: 24039K(24192K)->24039K(24192K) Class: 4868K(5056K)->4868K(5056K)
[3610.821s][info][gc             ] GC(848) Pause Young (Prepare Mixed) (G1 Evacuation Pause) 3622M->1451M(4096M) 121.376ms
[3610.821s][info][gc,cpu         ] GC(848) User=0.72s Sys=0.00s Real=0.12s
...[3613.719s][info][gc,start       ] GC(849) Pause Young (Mixed) (G1 Evacuation Pause)
[3613.719s][info][gc,task        ] GC(849) Using 6 workers of 6 for evacuation
[3613.854s][info][gc,phases      ] GC(849)   Pre Evacuate Collection Set: 0.35ms
[3613.854s][info][gc,phases      ] GC(849)   Merge Heap Roots: 0.79ms
[3613.854s][info][gc,phases      ] GC(849)   Evacuate Collection Set: 133.17ms
[3613.854s][info][gc,phases      ] GC(849)   Post Evacuate Collection Set: 0.94ms
[3613.854s][info][gc,phases      ] GC(849)   Other: 0.09ms
[3613.854s][info][gc,heap        ] GC(849) Eden regions: 1109->0(1119)
[3613.854s][info][gc,heap        ] GC(849) Survivor regions: 110->109(153)
[3613.854s][info][gc,heap        ] GC(849) Old regions: 536->474
[3613.854s][info][gc,heap        ] GC(849) Humongous regions: 80->80
[3613.854s][info][gc,metaspace   ] GC(849) Metaspace: 28907K(29248K)->28907K(29248K) NonClass: 24039K(24192K)->24039K(24192K) Class: 4868K(5056K)->4868K(5056K)
[3613.854s][info][gc             ] GC(849) Pause Young (Mixed) (G1 Evacuation Pause) 3669M->1324M(4096M) 135.460ms
[3613.854s][info][gc,cpu         ] GC(849) User=0.81s Sys=0.00s Real=0.14s
...[3616.728s][info][gc,start       ] GC(850) Pause Young (Concurrent Start) (G1 Evacuation Pause)
[3616.728s][info][gc,task        ] GC(850) Using 6 workers of 6 for evacuation
[3616.845s][info][gc,phases      ] GC(850)   Pre Evacuate Collection Set: 0.35ms
[3616.845s][info][gc,phases      ] GC(850)   Merge Heap Roots: 0.49ms
[3616.845s][info][gc,phases      ] GC(850)   Evacuate Collection Set: 114.99ms
[3616.845s][info][gc,phases      ] GC(850)   Post Evacuate Collection Set: 0.87ms
[3616.845s][info][gc,phases      ] GC(850)   Other: 0.11ms
[3616.845s][info][gc,heap        ] GC(850) Eden regions: 1119->0(1119)
[3616.845s][info][gc,heap        ] GC(850) Survivor regions: 109->109(154)
[3616.845s][info][gc,heap        ] GC(850) Old regions: 474->506
[3616.845s][info][gc,heap        ] GC(850) Humongous regions: 80->80
[3616.845s][info][gc,metaspace   ] GC(850) Metaspace: 28907K(29248K)->28907K(29248K) NonClass: 24039K(24192K)->24039K(24192K) Class: 4868K(5056K)->4868K(5056K)
[3616.845s][info][gc             ] GC(850) Pause Young (Concurrent Start) (G1 Evacuation Pause) 3562M->1388M(4096M) 116.946ms
[3616.845s][info][gc             ] GC(851) Concurrent Mark Cycle
[3616.845s][info][gc,marking     ] GC(851) Concurrent Scan Root Regions
[3616.845s][info][gc,cpu         ] GC(850) User=0.70s Sys=0.00s Real=0.12s
[3616.986s][info][gc,marking     ] GC(851) Concurrent Scan Root Regions 140.589ms
[3616.986s][info][gc,marking     ] GC(851) Concurrent Mark
[3616.986s][info][gc,marking     ] GC(851) Concurrent Mark From Roots
[3616.986s][info][gc,task        ] GC(851) Using 2 workers of 2 for marking
. (rIR:aIR:PR = 6227:6238:6238) (tPR = 92625) [OK] 
  3617s: Performance info:
         Transaction,    Success,    Partial,     Failed,   Receipts, AvgBarcode, 
             Overall,     378307,          0,          0,     359657,      59.48, 
         Response times:
             Request,    Success,    Partial,     Failed,   SkipFail,     Probes,    Samples,      min,      p50,      p90,      p95,      p99,      max, 
       TotalPurchase,     359402,          0,          0,          0,     352535,     424240,      300,     5400,    24000,    54000,   116000,   287000,
     InStorePurchase,     189151,          0,          0,          0,     186027,     223290,      300,     5500,    25000,    55000,   116000,   287000,
      OnlinePurchase,     132444,          0,          0,          0,     130119,     156569,      300,     5200,    24000,    53000,   117000,   287000,
        InstPurchase,      37807,          0,          0,          0,      36389,      44381,      400,     5700,    25000,    56000,   115180,   227000,
          AssocOfCat,        377,          0,          0,          0,        323,        483,    24000,    42000,   102600,   151000,   206320,   222000,
      AssocOfProduct,       3767,          0,          0,          0,       3542,       4528,      800,     6700,    33000,    65000,   120710,   202000,
      BusinessReport,        944,          0,          0,          0,        803,       1083,    24000,    47000,    86600,   113800,   190640,   329000,
          CustBuyBeh,       3789,          0,          0,          0,       3477,       4384,      400,     6400,    28500,    63000,   115000,   242000,
       ProductReturn,      10031,          0,          0,          0,       9387,      11914,      200,     5600,    25000,    52000,   105000,   231000,

  3617s: (46%)   IR =   6365 [3617.685s][info][gc,marking     ] GC(851) Concurrent Mark From Roots 698.997ms
[3617.685s][info][gc,marking     ] GC(851) Concurrent Preclean
[3617.685s][info][gc,marking     ] GC(851) Concurrent Preclean 0.100ms
[3617.685s][info][gc,start       ] GC(851) Pause Remark
[3617.689s][info][gc             ] GC(851) Pause Remark 2044M->2044M(4096M) 3.710ms
[3617.689s][info][gc,cpu         ] GC(851) User=0.02s Sys=0.00s Real=0.00s
[3617.689s][info][gc,marking     ] GC(851) Concurrent Mark 703.650ms
[3617.689s][info][gc,marking     ] GC(851) Concurrent Rebuild Remembered Sets and Scrub Regions
[3617.930s][info][gc,marking     ] GC(851) Concurrent Rebuild Remembered Sets and Scrub Regions 240.486ms
[3617.931s][info][gc,start       ] GC(851) Pause Cleanup
[3617.931s][info][gc             ] GC(851) Pause Cleanup 2216M->2216M(4096M) 0.124ms
[3617.931s][info][gc,cpu         ] GC(851) User=0.00s Sys=0.00s Real=0.00s
[3617.931s][info][gc,marking     ] GC(851) Concurrent Clear Claimed Marks
[3617.931s][info][gc,marking     ] GC(851) Concurrent Clear Claimed Marks 0.031ms
[3617.931s][info][gc,marking     ] GC(851) Concurrent Cleanup for Next Mark
[3617.936s][info][gc,marking     ] GC(851) Concurrent Cleanup for Next Mark 5.259ms
[3617.936s][info][gc             ] GC(851) Concurrent Mark Cycle 1091.409ms
..[3619.732s][info][gc,start       ] GC(852) Pause Young (Prepare Mixed) (G1 Evacuation Pause)
[3619.732s][info][gc,task        ] GC(852) Using 6 workers of 6 for evacuation
[3619.858s][info][gc,phases      ] GC(852)   Pre Evacuate Collection Set: 0.36ms
[3619.858s][info][gc,phases      ] GC(852)   Merge Heap Roots: 0.54ms
[3619.858s][info][gc,phases      ] GC(852)   Evacuate Collection Set: 123.99ms
[3619.858s][info][gc,phases      ] GC(852)   Post Evacuate Collection Set: 1.01ms
[3619.858s][info][gc,phases      ] GC(852)   Other: 0.09ms
[3619.859s][info][gc,heap        ] GC(852) Eden regions: 1119->0(1095)
[3619.859s][info][gc,heap        ] GC(852) Survivor regions: 109->116(154)
[3619.859s][info][gc,heap        ] GC(852) Old regions: 506->538
[3619.859s][info][gc,heap        ] GC(852) Humongous regions: 80->80
[3619.859s][info][gc,metaspace   ] GC(852) Metaspace: 28908K(29248K)->28908K(29248K) NonClass: 24040K(24192K)->24040K(24192K) Class: 4868K(5056K)->4868K(5056K)
[3619.859s][info][gc             ] GC(852) Pause Young (Prepare Mixed) (G1 Evacuation Pause) 3626M->1466M(4096M) 126.122ms
[3619.859s][info][gc,cpu         ] GC(852) User=0.75s Sys=0.00s Real=0.12s
...|[3622.690s][info][gc,start       ] GC(853) Pause Young (Mixed) (G1 Evacuation Pause)
[3622.690s][info][gc,task        ] GC(853) Using 6 workers of 6 for evacuation
[3622.827s][info][gc,phases      ] GC(853)   Pre Evacuate Collection Set: 0.33ms
[3622.827s][info][gc,phases      ] GC(853)   Merge Heap Roots: 0.66ms
[3622.827s][info][gc,phases      ] GC(853)   Evacuate Collection Set: 134.54ms
[3622.827s][info][gc,phases      ] GC(853)   Post Evacuate Collection Set: 0.93ms
[3622.827s][info][gc,phases      ] GC(853)   Other: 0.08ms
[3622.827s][info][gc,heap        ] GC(853) Eden regions: 1095->0(1115)
[3622.827s][info][gc,heap        ] GC(853) Survivor regions: 116->113(152)
[3622.827s][info][gc,heap        ] GC(853) Old regions: 538->473
[3622.827s][info][gc,heap        ] GC(853) Humongous regions: 80->80
[3622.827s][info][gc,metaspace   ] GC(853) Metaspace: 28908K(29248K)->28908K(29248K) NonClass: 24040K(24192K)->24040K(24192K) Class: 4868K(5056K)->4868K(5056K)
[3622.827s][info][gc             ] GC(853) Pause Young (Mixed) (G1 Evacuation Pause) 3656M->1331M(4096M) 136.705ms
[3622.827s][info][gc,cpu         ] GC(853) User=0.81s Sys=0.00s Real=0.14s
...[3625.632s][info][gc,start       ] GC(854) Pause Young (Concurrent Start) (G1 Evacuation Pause)
[3625.632s][info][gc,task        ] GC(854) Using 6 workers of 6 for evacuation
[3625.749s][info][gc,phases      ] GC(854)   Pre Evacuate Collection Set: 0.39ms
[3625.749s][info][gc,phases      ] GC(854)   Merge Heap Roots: 0.51ms
[3625.749s][info][gc,phases      ] GC(854)   Evacuate Collection Set: 114.25ms
[3625.749s][info][gc,phases      ] GC(854)   Post Evacuate Collection Set: 0.87ms
[3625.749s][info][gc,phases      ] GC(854)   Other: 0.12ms
[3625.749s][info][gc,heap        ] GC(854) Eden regions: 1115->0(1120)
[3625.749s][info][gc,heap        ] GC(854) Survivor regions: 113->108(154)
[3625.749s][info][gc,heap        ] GC(854) Old regions: 473->506
[3625.749s][info][gc,heap        ] GC(854) Humongous regions: 80->80
[3625.749s][info][gc,metaspace   ] GC(854) Metaspace: 28908K(29248K)->28908K(29248K) NonClass: 24040K(24192K)->24040K(24192K) Class: 4868K(5056K)->4868K(5056K)
[3625.749s][info][gc             ] GC(854) Pause Young (Concurrent Start) (G1 Evacuation Pause) 3561M->1386M(4096M) 116.259ms
[3625.749s][info][gc             ] GC(855) Concurrent Mark Cycle
[3625.749s][info][gc,marking     ] GC(855) Concurrent Scan Root Regions
[3625.749s][info][gc,cpu         ] GC(854) User=0.69s Sys=0.00s Real=0.11s
[3625.932s][info][gc,marking     ] GC(855) Concurrent Scan Root Regions 182.932ms
[3625.932s][info][gc,marking     ] GC(855) Concurrent Mark
[3625.932s][info][gc,marking     ] GC(855) Concurrent Mark From Roots
[3625.932s][info][gc,task        ] GC(855) Using 2 workers of 2 for marking
.[3626.865s][info][gc,marking     ] GC(855) Concurrent Mark From Roots 932.870ms
[3626.865s][info][gc,marking     ] GC(855) Concurrent Preclean
[3626.865s][info][gc,marking     ] GC(855) Concurrent Preclean 0.161ms
[3626.866s][info][gc,start       ] GC(855) Pause Remark
[3626.868s][info][gc             ] GC(855) Pause Remark 2296M->2296M(4096M) 2.359ms
[3626.868s][info][gc,cpu         ] GC(855) User=0.01s Sys=0.00s Real=0.00s
[3626.868s][info][gc,marking     ] GC(855) Concurrent Mark 936.447ms
[3626.868s][info][gc,marking     ] GC(855) Concurrent Rebuild Remembered Sets and Scrub Regions
[3627.181s][info][gc,marking     ] GC(855) Concurrent Rebuild Remembered Sets and Scrub Regions 312.563ms
[3627.181s][info][gc,start       ] GC(855) Pause Cleanup
[3627.181s][info][gc             ] GC(855) Pause Cleanup 2544M->2544M(4096M) 0.122ms
[3627.181s][info][gc,cpu         ] GC(855) User=0.00s Sys=0.00s Real=0.00s
[3627.181s][info][gc,marking     ] GC(855) Concurrent Clear Claimed Marks
[3627.181s][info][gc,marking     ] GC(855) Concurrent Clear Claimed Marks 0.021ms
[3627.181s][info][gc,marking     ] GC(855) Concurrent Cleanup for Next Mark
[3627.184s][info][gc,marking     ] GC(855) Concurrent Cleanup for Next Mark 3.425ms
[3627.185s][info][gc             ] GC(855) Concurrent Mark Cycle 1435.809ms
..[3628.648s][info][gc,start       ] GC(856) Pause Young (Prepare Mixed) (G1 Evacuation Pause)
[3628.648s][info][gc,task        ] GC(856) Using 6 workers of 6 for evacuation
[3628.768s][info][gc,phases      ] GC(856)   Pre Evacuate Collection Set: 0.30ms
[3628.768s][info][gc,phases      ] GC(856)   Merge Heap Roots: 0.57ms
[3628.768s][info][gc,phases      ] GC(856)   Evacuate Collection Set: 117.81ms
[3628.768s][info][gc,phases      ] GC(856)   Post Evacuate Collection Set: 0.92ms
[3628.768s][info][gc,phases      ] GC(856)   Other: 0.10ms
[3628.768s][info][gc,heap        ] GC(856) Eden regions: 1120->0(1106)
[3628.768s][info][gc,heap        ] GC(856) Survivor regions: 108->111(154)
[3628.768s][info][gc,heap        ] GC(856) Old regions: 506->537
[3628.768s][info][gc,heap        ] GC(856) Humongous regions: 80->80
[3628.768s][info][gc,metaspace   ] GC(856) Metaspace: 28908K(29248K)->28908K(29248K) NonClass: 24040K(24192K)->24040K(24192K) Class: 4868K(5056K)->4868K(5056K)
[3628.768s][info][gc             ] GC(856) Pause Young (Prepare Mixed) (G1 Evacuation Pause) 3626M->1454M(4096M) 119.832ms
[3628.768s][info][gc,cpu         ] GC(856) User=0.71s Sys=0.00s Real=0.12s
...[3631.564s][info][gc,start       ] GC(857) Pause Young (Mixed) (G1 Evacuation Pause)
[3631.564s][info][gc,task        ] GC(857) Using 6 workers of 6 for evacuation
[3631.699s][info][gc,phases      ] GC(857)   Pre Evacuate Collection Set: 0.37ms
[3631.699s][info][gc,phases      ] GC(857)   Merge Heap Roots: 0.83ms
[3631.699s][info][gc,phases      ] GC(857)   Evacuate Collection Set: 132.41ms
[3631.699s][info][gc,phases      ] GC(857)   Post Evacuate Collection Set: 0.95ms
[3631.699s][info][gc,phases      ] GC(857)   Other: 0.09ms
[3631.699s][info][gc,heap        ] GC(857) Eden regions: 1106->0(1120)
[3631.699s][info][gc,heap        ] GC(857) Survivor regions: 111->108(153)
[3631.699s][info][gc,heap        ] GC(857) Old regions: 537->473
[3631.699s][info][gc,heap        ] GC(857) Humongous regions: 80->80
[3631.699s][info][gc,metaspace   ] GC(857) Metaspace: 28908K(29248K)->28908K(29248K) NonClass: 24040K(24192K)->24040K(24192K) Class: 4868K(5056K)->4868K(5056K)
[3631.699s][info][gc             ] GC(857) Pause Young (Mixed) (G1 Evacuation Pause) 3666M->1320M(4096M) 134.779ms
[3631.699s][info][gc,cpu         ] GC(857) User=0.81s Sys=0.00s Real=0.13s
...[3634.543s][info][gc,start       ] GC(858) Pause Young (Concurrent Start) (G1 Evacuation Pause)
[3634.543s][info][gc,task        ] GC(858) Using 6 workers of 6 for evacuation
[3634.666s][info][gc,phases      ] GC(858)   Pre Evacuate Collection Set: 0.36ms
[3634.666s][info][gc,phases      ] GC(858)   Merge Heap Roots: 0.50ms
[3634.666s][info][gc,phases      ] GC(858)   Evacuate Collection Set: 121.77ms
[3634.666s][info][gc,phases      ] GC(858)   Post Evacuate Collection Set: 0.97ms
[3634.666s][info][gc,phases      ] GC(858)   Other: 0.13ms
[3634.666s][info][gc,heap        ] GC(858) Eden regions: 1120->0(1113)
[3634.666s][info][gc,heap        ] GC(858) Survivor regions: 108->115(154)
[3634.666s][info][gc,heap        ] GC(858) Old regions: 473->506
[3634.666s][info][gc,heap        ] GC(858) Humongous regions: 80->80
[3634.666s][info][gc,metaspace   ] GC(858) Metaspace: 28908K(29248K)->28908K(29248K) NonClass: 24040K(24192K)->24040K(24192K) Class: 4868K(5056K)->4868K(5056K)
[3634.666s][info][gc             ] GC(858) Pause Young (Concurrent Start) (G1 Evacuation Pause) 3560M->1400M(4096M) 123.858ms
[3634.666s][info][gc             ] GC(859) Concurrent Mark Cycle
[3634.666s][info][gc,marking     ] GC(859) Concurrent Scan Root Regions
[3634.666s][info][gc,cpu         ] GC(858) User=0.74s Sys=0.00s Real=0.12s
[3634.870s][info][gc,marking     ] GC(859) Concurrent Scan Root Regions 203.992ms
[3634.871s][info][gc,marking     ] GC(859) Concurrent Mark
[3634.871s][info][gc,marking     ] GC(859) Concurrent Mark From Roots
[3634.871s][info][gc,task        ] GC(859) Using 2 workers of 2 for marking
.[3635.805s][info][gc,marking     ] GC(859) Concurrent Mark From Roots 934.608ms
[3635.805s][info][gc,marking     ] GC(859) Concurrent Preclean
[3635.805s][info][gc,marking     ] GC(859) Concurrent Preclean 0.124ms
[3635.806s][info][gc,start       ] GC(859) Pause Remark
[3635.810s][info][gc             ] GC(859) Pause Remark 2332M->2332M(4096M) 3.739ms
[3635.810s][info][gc,cpu         ] GC(859) User=0.02s Sys=0.00s Real=0.00s
[3635.811s][info][gc,marking     ] GC(859) Concurrent Mark 940.768ms
[3635.811s][info][gc,marking     ] GC(859) Concurrent Rebuild Remembered Sets and Scrub Regions
[3636.077s][info][gc,marking     ] GC(859) Concurrent Rebuild Remembered Sets and Scrub Regions 265.472ms
[3636.077s][info][gc,start       ] GC(859) Pause Cleanup
[3636.077s][info][gc             ] GC(859) Pause Cleanup 2548M->2548M(4096M) 0.122ms
[3636.077s][info][gc,cpu         ] GC(859) User=0.00s Sys=0.00s Real=0.00s
[3636.078s][info][gc,marking     ] GC(859) Concurrent Clear Claimed Marks
[3636.078s][info][gc,marking     ] GC(859) Concurrent Clear Claimed Marks 0.037ms
[3636.078s][info][gc,marking     ] GC(859) Concurrent Cleanup for Next Mark
[3636.083s][info][gc,marking     ] GC(859) Concurrent Cleanup for Next Mark 5.156ms
[3636.083s][info][gc             ] GC(859) Concurrent Mark Cycle 1416.651ms
..[3637.471s][info][gc,start       ] GC(860) Pause Young (Prepare Mixed) (G1 Evacuation Pause)
[3637.471s][info][gc,task        ] GC(860) Using 6 workers of 6 for evacuation
[3637.589s][info][gc,phases      ] GC(860)   Pre Evacuate Collection Set: 0.31ms
[3637.589s][info][gc,phases      ] GC(860)   Merge Heap Roots: 0.53ms
[3637.589s][info][gc,phases      ] GC(860)   Evacuate Collection Set: 116.16ms
[3637.589s][info][gc,phases      ] GC(860)   Post Evacuate Collection Set: 0.93ms
[3637.589s][info][gc,phases      ] GC(860)   Other: 0.08ms
[3637.589s][info][gc,heap        ] GC(860) Eden regions: 1113->0(1110)
[3637.589s][info][gc,heap        ] GC(860) Survivor regions: 115->109(154)
[3637.589s][info][gc,heap        ] GC(860) Old regions: 506->537
[3637.589s][info][gc,heap        ] GC(860) Humongous regions: 80->80
[3637.589s][info][gc,metaspace   ] GC(860) Metaspace: 28908K(29248K)->28908K(29248K) NonClass: 24040K(24192K)->24040K(24192K) Class: 4868K(5056K)->4868K(5056K)
[3637.589s][info][gc             ] GC(860) Pause Young (Prepare Mixed) (G1 Evacuation Pause) 3626M->1450M(4096M) 118.140ms
[3637.589s][info][gc,cpu         ] GC(860) User=0.70s Sys=0.00s Real=0.11s
...[3640.413s][info][gc,start       ] GC(861) Pause Young (Mixed) (G1 Evacuation Pause)
[3640.414s][info][gc,task        ] GC(861) Using 6 workers of 6 for evacuation
[3640.548s][info][gc,phases      ] GC(861)   Pre Evacuate Collection Set: 0.37ms
[3640.548s][info][gc,phases      ] GC(861)   Merge Heap Roots: 0.70ms
[3640.548s][info][gc,phases      ] GC(861)   Evacuate Collection Set: 132.42ms
[3640.548s][info][gc,phases      ] GC(861)   Post Evacuate Collection Set: 0.96ms
[3640.548s][info][gc,phases      ] GC(861)   Other: 0.09ms
[3640.548s][info][gc,heap        ] GC(861) Eden regions: 1110->0(1121)
[3640.548s][info][gc,heap        ] GC(861) Survivor regions: 109->107(153)
[3640.548s][info][gc,heap        ] GC(861) Old regions: 537->475
[3640.548s][info][gc,heap        ] GC(861) Humongous regions: 80->80
[3640.548s][info][gc,metaspace   ] GC(861) Metaspace: 28908K(29248K)->28908K(29248K) NonClass: 24040K(24192K)->24040K(24192K) Class: 4868K(5056K)->4868K(5056K)
[3640.548s][info][gc             ] GC(861) Pause Young (Mixed) (G1 Evacuation Pause) 3670M->1321M(4096M) 134.676ms
[3640.548s][info][gc,cpu         ] GC(861) User=0.80s Sys=0.00s Real=0.13s
...[3643.381s][info][gc,start       ] GC(862) Pause Young (Concurrent Start) (G1 Evacuation Pause)
[3643.381s][info][gc,task        ] GC(862) Using 6 workers of 6 for evacuation
[3643.497s][info][gc,phases      ] GC(862)   Pre Evacuate Collection Set: 0.36ms
[3643.497s][info][gc,phases      ] GC(862)   Merge Heap Roots: 0.50ms
[3643.497s][info][gc,phases      ] GC(862)   Evacuate Collection Set: 113.52ms
[3643.497s][info][gc,phases      ] GC(862)   Post Evacuate Collection Set: 0.88ms
[3643.497s][info][gc,phases      ] GC(862)   Other: 0.10ms
[3643.497s][info][gc,heap        ] GC(862) Eden regions: 1121->0(1122)
[3643.497s][info][gc,heap        ] GC(862) Survivor regions: 107->106(154)
[3643.497s][info][gc,heap        ] GC(862) Old regions: 475->507
[3643.497s][info][gc,heap        ] GC(862) Humongous regions: 80->80
[3643.497s][info][gc,metaspace   ] GC(862) Metaspace: 28908K(29248K)->28908K(29248K) NonClass: 24040K(24192K)->24040K(24192K) Class: 4868K(5056K)->4868K(5056K)
[3643.497s][info][gc             ] GC(862) Pause Young (Concurrent Start) (G1 Evacuation Pause) 3563M->1385M(4096M) 115.509ms
[3643.497s][info][gc             ] GC(863) Concurrent Mark Cycle
[3643.497s][info][gc,marking     ] GC(863) Concurrent Scan Root Regions
[3643.497s][info][gc,cpu         ] GC(862) User=0.69s Sys=0.01s Real=0.11s
[3643.667s][info][gc,marking     ] GC(863) Concurrent Scan Root Regions 170.632ms
[3643.668s][info][gc,marking     ] GC(863) Concurrent Mark
[3643.668s][info][gc,marking     ] GC(863) Concurrent Mark From Roots
[3643.668s][info][gc,task        ] GC(863) Using 2 workers of 2 for marking
.[3644.556s][info][gc,marking     ] GC(863) Concurrent Mark From Roots 888.808ms
[3644.556s][info][gc,marking     ] GC(863) Concurrent Preclean
[3644.556s][info][gc,marking     ] GC(863) Concurrent Preclean 0.077ms
[3644.557s][info][gc,start       ] GC(863) Pause Remark
[3644.560s][info][gc             ] GC(863) Pause Remark 2252M->2252M(4096M) 3.599ms
[3644.560s][info][gc,cpu         ] GC(863) User=0.02s Sys=0.00s Real=0.00s
[3644.560s][info][gc,marking     ] GC(863) Concurrent Mark 892.713ms
[3644.560s][info][gc,marking     ] GC(863) Concurrent Rebuild Remembered Sets and Scrub Regions
[3644.866s][info][gc,marking     ] GC(863) Concurrent Rebuild Remembered Sets and Scrub Regions 305.680ms
[3644.866s][info][gc,start       ] GC(863) Pause Cleanup
[3644.866s][info][gc             ] GC(863) Pause Cleanup 2459M->2459M(4096M) 0.100ms
[3644.866s][info][gc,cpu         ] GC(863) User=0.00s Sys=0.00s Real=0.00s
[3644.866s][info][gc,marking     ] GC(863) Concurrent Clear Claimed Marks
[3644.866s][info][gc,marking     ] GC(863) Concurrent Clear Claimed Marks 0.022ms
[3644.866s][info][gc,marking     ] GC(863) Concurrent Cleanup for Next Mark
[3644.872s][info][gc,marking     ] GC(863) Concurrent Cleanup for Next Mark 5.435ms
[3644.872s][info][gc             ] GC(863) Concurrent Mark Cycle 1374.922ms
..[3646.396s][info][gc,start       ] GC(864) Pause Young (Prepare Mixed) (G1 Evacuation Pause)
[3646.396s][info][gc,task        ] GC(864) Using 6 workers of 6 for evacuation
[3646.510s][info][gc,phases      ] GC(864)   Pre Evacuate Collection Set: 0.33ms
[3646.510s][info][gc,phases      ] GC(864)   Merge Heap Roots: 0.51ms
[3646.510s][info][gc,phases      ] GC(864)   Evacuate Collection Set: 112.18ms
[3646.510s][info][gc,phases      ] GC(864)   Post Evacuate Collection Set: 0.90ms
[3646.510s][info][gc,phases      ] GC(864)   Other: 0.08ms
[3646.510s][info][gc,heap        ] GC(864) Eden regions: 1122->0(1109)
[3646.510s][info][gc,heap        ] GC(864) Survivor regions: 106->109(154)
[3646.510s][info][gc,heap        ] GC(864) Old regions: 507->538
[3646.510s][info][gc,heap        ] GC(864) Humongous regions: 80->80
[3646.510s][info][gc,metaspace   ] GC(864) Metaspace: 28908K(29248K)->28908K(29248K) NonClass: 24040K(24192K)->24040K(24192K) Class: 4868K(5056K)->4868K(5056K)
[3646.510s][info][gc             ] GC(864) Pause Young (Prepare Mixed) (G1 Evacuation Pause) 3629M->1452M(4096M) 114.154ms
[3646.510s][info][gc,cpu         ] GC(864) User=0.68s Sys=0.00s Real=0.11s
..[3649.328s][info][gc,start       ] GC(865) Pause Young (Mixed) (G1 Evacuation Pause)
[3649.328s][info][gc,task        ] GC(865) Using 6 workers of 6 for evacuation
[3649.462s][info][gc,phases      ] GC(865)   Pre Evacuate Collection Set: 0.35ms
[3649.462s][info][gc,phases      ] GC(865)   Merge Heap Roots: 0.73ms
[3649.462s][info][gc,phases      ] GC(865)   Evacuate Collection Set: 131.10ms
[3649.462s][info][gc,phases      ] GC(865)   Post Evacuate Collection Set: 0.96ms
[3649.462s][info][gc,phases      ] GC(865)   Other: 0.09ms
[3649.462s][info][gc,heap        ] GC(865) Eden regions: 1109->0(1121)
[3649.462s][info][gc,heap        ] GC(865) Survivor regions: 109->107(153)
[3649.462s][info][gc,heap        ] GC(865) Old regions: 538->475
[3649.462s][info][gc,heap        ] GC(865) Humongous regions: 80->80
[3649.462s][info][gc,metaspace   ] GC(865) Metaspace: 28908K(29248K)->28908K(29248K) NonClass: 24040K(24192K)->24040K(24192K) Class: 4868K(5056K)->4868K(5056K)
[3649.462s][info][gc             ] GC(865) Pause Young (Mixed) (G1 Evacuation Pause) 3670M->1323M(4096M) 133.380ms
[3649.462s][info][gc,cpu         ] GC(865) User=0.80s Sys=0.00s Real=0.14s
...[3652.291s][info][gc,start       ] GC(866) Pause Young (Concurrent Start) (G1 Evacuation Pause)
[3652.291s][info][gc,task        ] GC(866) Using 6 workers of 6 for evacuation
[3652.415s][info][gc,phases      ] GC(866)   Pre Evacuate Collection Set: 0.36ms
[3652.415s][info][gc,phases      ] GC(866)   Merge Heap Roots: 0.46ms
[3652.415s][info][gc,phases      ] GC(866)   Evacuate Collection Set: 122.12ms
[3652.415s][info][gc,phases      ] GC(866)   Post Evacuate Collection Set: 0.87ms
[3652.415s][info][gc,phases      ] GC(866)   Other: 0.12ms
[3652.415s][info][gc,heap        ] GC(866) Eden regions: 1121->0(1115)
[3652.415s][info][gc,heap        ] GC(866) Survivor regions: 107->113(154)
[3652.415s][info][gc,heap        ] GC(866) Old regions: 475->508
[3652.415s][info][gc,heap        ] GC(866) Humongous regions: 80->80
[3652.415s][info][gc,metaspace   ] GC(866) Metaspace: 28908K(29248K)->28908K(29248K) NonClass: 24040K(24192K)->24040K(24192K) Class: 4868K(5056K)->4868K(5056K)
[3652.415s][info][gc             ] GC(866) Pause Young (Concurrent Start) (G1 Evacuation Pause) 3565M->1400M(4096M) 124.064ms
[3652.415s][info][gc             ] GC(867) Concurrent Mark Cycle
[3652.415s][info][gc,marking     ] GC(867) Concurrent Scan Root Regions
[3652.415s][info][gc,cpu         ] GC(866) User=0.74s Sys=0.00s Real=0.12s
.[3652.608s][info][gc,marking     ] GC(867) Concurrent Scan Root Regions 192.197ms
[3652.608s][info][gc,marking     ] GC(867) Concurrent Mark
[3652.608s][info][gc,marking     ] GC(867) Concurrent Mark From Roots
[3652.608s][info][gc,task        ] GC(867) Using 2 workers of 2 for marking
[3653.356s][info][gc,marking     ] GC(867) Concurrent Mark From Roots 748.506ms
[3653.356s][info][gc,marking     ] GC(867) Concurrent Preclean
[3653.356s][info][gc,marking     ] GC(867) Concurrent Preclean 0.101ms
[3653.358s][info][gc,start       ] GC(867) Pause Remark
[3653.363s][info][gc             ] GC(867) Pause Remark 2156M->2156M(4096M) 4.474ms
[3653.363s][info][gc,cpu         ] GC(867) User=0.03s Sys=0.00s Real=0.01s
[3653.363s][info][gc,marking     ] GC(867) Concurrent Mark 755.856ms
[3653.363s][info][gc,marking     ] GC(867) Concurrent Rebuild Remembered Sets and Scrub Regions
.[3653.612s][info][gc,marking     ] GC(867) Concurrent Rebuild Remembered Sets and Scrub Regions 248.137ms
[3653.612s][info][gc,start       ] GC(867) Pause Cleanup
[3653.612s][info][gc             ] GC(867) Pause Cleanup 2366M->2366M(4096M) 0.109ms
[3653.612s][info][gc,cpu         ] GC(867) User=0.00s Sys=0.00s Real=0.00s
[3653.613s][info][gc,marking     ] GC(867) Concurrent Clear Claimed Marks
[3653.613s][info][gc,marking     ] GC(867) Concurrent Clear Claimed Marks 0.037ms
[3653.613s][info][gc,marking     ] GC(867) Concurrent Cleanup for Next Mark
[3653.617s][info][gc,marking     ] GC(867) Concurrent Cleanup for Next Mark 4.241ms
[3653.617s][info][gc             ] GC(867) Concurrent Mark Cycle 1202.174ms
.[3655.197s][info][gc,start       ] GC(868) Pause Young (Prepare Mixed) (G1 Evacuation Pause)
[3655.198s][info][gc,task        ] GC(868) Using 6 workers of 6 for evacuation
[3655.325s][info][gc,phases      ] GC(868)   Pre Evacuate Collection Set: 0.34ms
[3655.325s][info][gc,phases      ] GC(868)   Merge Heap Roots: 0.61ms
[3655.325s][info][gc,phases      ] GC(868)   Evacuate Collection Set: 125.84ms
[3655.325s][info][gc,phases      ] GC(868)   Post Evacuate Collection Set: 0.77ms
[3655.325s][info][gc,phases      ] GC(868)   Other: 0.09ms
[3655.325s][info][gc,heap        ] GC(868) Eden regions: 1115->0(1090)
[3655.325s][info][gc,heap        ] GC(868) Survivor regions: 113->118(154)
[3655.325s][info][gc,heap        ] GC(868) Old regions: 508->539
[3655.325s][info][gc,heap        ] GC(868) Humongous regions: 80->80
[3655.325s][info][gc,metaspace   ] GC(868) Metaspace: 28908K(29248K)->28908K(29248K) NonClass: 24040K(24192K)->24040K(24192K) Class: 4868K(5056K)->4868K(5056K)
[3655.325s][info][gc             ] GC(868) Pause Young (Prepare Mixed) (G1 Evacuation Pause) 3630M->1472M(4096M) 127.785ms
[3655.325s][info][gc,cpu         ] GC(868) User=0.76s Sys=0.00s Real=0.13s
...[3658.145s][info][gc,start       ] GC(869) Pause Young (Mixed) (G1 Evacuation Pause)
[3658.145s][info][gc,task        ] GC(869) Using 6 workers of 6 for evacuation
[3658.283s][info][gc,phases      ] GC(869)   Pre Evacuate Collection Set: 0.36ms
[3658.283s][info][gc,phases      ] GC(869)   Merge Heap Roots: 0.67ms
[3658.283s][info][gc,phases      ] GC(869)   Evacuate Collection Set: 135.58ms
[3658.283s][info][gc,phases      ] GC(869)   Post Evacuate Collection Set: 0.86ms
[3658.283s][info][gc,phases      ] GC(869)   Other: 0.09ms
[3658.283s][info][gc,heap        ] GC(869) Eden regions: 1090->0(1116)
[3658.283s][info][gc,heap        ] GC(869) Survivor regions: 118->112(151)
[3658.283s][info][gc,heap        ] GC(869) Old regions: 539->474
[3658.283s][info][gc,heap        ] GC(869) Humongous regions: 80->80
[3658.283s][info][gc,metaspace   ] GC(869) Metaspace: 28908K(29248K)->28908K(29248K) NonClass: 24040K(24192K)->24040K(24192K) Class: 4868K(5056K)->4868K(5056K)
[3658.283s][info][gc             ] GC(869) Pause Young (Mixed) (G1 Evacuation Pause) 3652M->1330M(4096M) 137.683ms
[3658.283s][info][gc,cpu         ] GC(869) User=0.82s Sys=0.00s Real=0.14s
...[3661.078s][info][gc,start       ] GC(870) Pause Young (Concurrent Start) (G1 Evacuation Pause)
[3661.078s][info][gc,task        ] GC(870) Using 6 workers of 6 for evacuation
[3661.198s][info][gc,phases      ] GC(870)   Pre Evacuate Collection Set: 0.39ms
[3661.198s][info][gc,phases      ] GC(870)   Merge Heap Roots: 0.47ms
[3661.198s][info][gc,phases      ] GC(870)   Evacuate Collection Set: 117.42ms
[3661.198s][info][gc,phases      ] GC(870)   Post Evacuate Collection Set: 0.87ms
[3661.198s][info][gc,phases      ] GC(870)   Other: 0.12ms
[3661.198s][info][gc,heap        ] GC(870) Eden regions: 1116->0(1116)
[3661.198s][info][gc,heap        ] GC(870) Survivor regions: 112->112(154)
[3661.198s][info][gc,heap        ] GC(870) Old regions: 474->506
[3661.198s][info][gc,heap        ] GC(870) Humongous regions: 80->80
[3661.198s][info][gc,metaspace   ] GC(870) Metaspace: 28908K(29248K)->28908K(29248K) NonClass: 24040K(24192K)->24040K(24192K) Class: 4868K(5056K)->4868K(5056K)
[3661.198s][info][gc             ] GC(870) Pause Young (Concurrent Start) (G1 Evacuation Pause) 3562M->1394M(4096M) 119.399ms
[3661.198s][info][gc             ] GC(871) Concurrent Mark Cycle
[3661.198s][info][gc,marking     ] GC(871) Concurrent Scan Root Regions
[3661.198s][info][gc,cpu         ] GC(870) User=0.71s Sys=0.00s Real=0.12s
[3661.395s][info][gc,marking     ] GC(871) Concurrent Scan Root Regions 197.183ms
[3661.395s][info][gc,marking     ] GC(871) Concurrent Mark
[3661.395s][info][gc,marking     ] GC(871) Concurrent Mark From Roots
[3661.395s][info][gc,task        ] GC(871) Using 2 workers of 2 for marking
.[3662.100s][info][gc,marking     ] GC(871) Concurrent Mark From Roots 704.754ms
[3662.100s][info][gc,marking     ] GC(871) Concurrent Preclean
[3662.100s][info][gc,marking     ] GC(871) Concurrent Preclean 0.104ms
[3662.100s][info][gc,start       ] GC(871) Pause Remark
[3662.104s][info][gc             ] GC(871) Pause Remark 2143M->2143M(4096M) 3.826ms
[3662.104s][info][gc,cpu         ] GC(871) User=0.02s Sys=0.00s Real=0.01s
[3662.104s][info][gc,marking     ] GC(871) Concurrent Mark 708.994ms
[3662.104s][info][gc,marking     ] GC(871) Concurrent Rebuild Remembered Sets and Scrub Regions
[3662.353s][info][gc,marking     ] GC(871) Concurrent Rebuild Remembered Sets and Scrub Regions 249.634ms
[3662.354s][info][gc,start       ] GC(871) Pause Cleanup
[3662.354s][info][gc             ] GC(871) Pause Cleanup 2328M->2328M(4096M) 0.110ms
[3662.354s][info][gc,cpu         ] GC(871) User=0.00s Sys=0.00s Real=0.00s
[3662.354s][info][gc,marking     ] GC(871) Concurrent Clear Claimed Marks
[3662.354s][info][gc,marking     ] GC(871) Concurrent Clear Claimed Marks 0.021ms
[3662.354s][info][gc,marking     ] GC(871) Concurrent Cleanup for Next Mark
[3662.358s][info][gc,marking     ] GC(871) Concurrent Cleanup for Next Mark 4.322ms
[3662.358s][info][gc             ] GC(871) Concurrent Mark Cycle 1160.586ms
..[3664.056s][info][gc,start       ] GC(872) Pause Young (Prepare Mixed) (G1 Evacuation Pause)
[3664.056s][info][gc,task        ] GC(872) Using 6 workers of 6 for evacuation
[3664.178s][info][gc,phases      ] GC(872)   Pre Evacuate Collection Set: 0.34ms
[3664.178s][info][gc,phases      ] GC(872)   Merge Heap Roots: 0.58ms
[3664.178s][info][gc,phases      ] GC(872)   Evacuate Collection Set: 119.72ms
[3664.178s][info][gc,phases      ] GC(872)   Post Evacuate Collection Set: 0.84ms
[3664.178s][info][gc,phases      ] GC(872)   Other: 0.10ms
[3664.178s][info][gc,heap        ] GC(872) Eden regions: 1116->0(1105)
[3664.178s][info][gc,heap        ] GC(872) Survivor regions: 112->111(154)
[3664.178s][info][gc,heap        ] GC(872) Old regions: 506->538
[3664.178s][info][gc,heap        ] GC(872) Humongous regions: 80->80
[3664.178s][info][gc,metaspace   ] GC(872) Metaspace: 28908K(29248K)->28908K(29248K) NonClass: 24040K(24192K)->24040K(24192K) Class: 4868K(5056K)->4868K(5056K)
[3664.178s][info][gc             ] GC(872) Pause Young (Prepare Mixed) (G1 Evacuation Pause) 3626M->1456M(4096M) 121.710ms
[3664.178s][info][gc,cpu         ] GC(872) User=0.73s Sys=0.00s Real=0.12s
...[3666.939s][info][gc,start       ] GC(873) Pause Young (Mixed) (G1 Evacuation Pause)
[3666.939s][info][gc,task        ] GC(873) Using 6 workers of 6 for evacuation
[3667.074s][info][gc,phases      ] GC(873)   Pre Evacuate Collection Set: 0.34ms
[3667.074s][info][gc,phases      ] GC(873)   Merge Heap Roots: 0.69ms
[3667.074s][info][gc,phases      ] GC(873)   Evacuate Collection Set: 132.68ms
[3667.074s][info][gc,phases      ] GC(873)   Post Evacuate Collection Set: 0.94ms
[3667.074s][info][gc,phases      ] GC(873)   Other: 0.09ms
[3667.074s][info][gc,heap        ] GC(873) Eden regions: 1105->0(1118)
[3667.074s][info][gc,heap        ] GC(873) Survivor regions: 111->110(152)
[3667.074s][info][gc,heap        ] GC(873) Old regions: 538->474
[3667.074s][info][gc,heap        ] GC(873) Humongous regions: 80->80
[3667.074s][info][gc,metaspace   ] GC(873) Metaspace: 28908K(29248K)->28908K(29248K) NonClass: 24040K(24192K)->24040K(24192K) Class: 4868K(5056K)->4868K(5056K)
[3667.074s][info][gc             ] GC(873) Pause Young (Mixed) (G1 Evacuation Pause) 3666M->1326M(4096M) 134.859ms
[3667.074s][info][gc,cpu         ] GC(873) User=0.80s Sys=0.00s Real=0.14s
...[3669.943s][info][gc,start       ] GC(874) Pause Young (Concurrent Start) (G1 Evacuation Pause)
[3669.943s][info][gc,task        ] GC(874) Using 6 workers of 6 for evacuation
[3670.062s][info][gc,phases      ] GC(874)   Pre Evacuate Collection Set: 0.40ms
[3670.062s][info][gc,phases      ] GC(874)   Merge Heap Roots: 0.51ms
[3670.062s][info][gc,phases      ] GC(874)   Evacuate Collection Set: 116.72ms
[3670.062s][info][gc,phases      ] GC(874)   Post Evacuate Collection Set: 0.89ms
[3670.062s][info][gc,phases      ] GC(874)   Other: 0.10ms
[3670.062s][info][gc,heap        ] GC(874) Eden regions: 1118->0(1117)
[3670.062s][info][gc,heap        ] GC(874) Survivor regions: 110->111(154)
[3670.062s][info][gc,heap        ] GC(874) Old regions: 474->507
[3670.062s][info][gc,heap        ] GC(874) Humongous regions: 80->80
[3670.062s][info][gc,metaspace   ] GC(874) Metaspace: 28908K(29248K)->28908K(29248K) NonClass: 24040K(24192K)->24040K(24192K) Class: 4868K(5056K)->4868K(5056K)
[3670.062s][info][gc             ] GC(874) Pause Young (Concurrent Start) (G1 Evacuation Pause) 3562M->1393M(4096M) 118.761ms
[3670.062s][info][gc             ] GC(875) Concurrent Mark Cycle
[3670.062s][info][gc,marking     ] GC(875) Concurrent Scan Root Regions
[3670.062s][info][gc,cpu         ] GC(874) User=0.71s Sys=0.00s Real=0.12s
[3670.209s][info][gc,marking     ] GC(875) Concurrent Scan Root Regions 146.798ms
[3670.209s][info][gc,marking     ] GC(875) Concurrent Mark
[3670.209s][info][gc,marking     ] GC(875) Concurrent Mark From Roots
[3670.209s][info][gc,task        ] GC(875) Using 2 workers of 2 for marking
.[3670.952s][info][gc,marking     ] GC(875) Concurrent Mark From Roots 743.641ms
[3670.952s][info][gc,marking     ] GC(875) Concurrent Preclean
[3670.952s][info][gc,marking     ] GC(875) Concurrent Preclean 0.109ms
[3670.953s][info][gc,start       ] GC(875) Pause Remark
[3670.955s][info][gc             ] GC(875) Pause Remark 2142M->2142M(4096M) 2.587ms
[3670.955s][info][gc,cpu         ] GC(875) User=0.01s Sys=0.00s Real=0.00s
[3670.955s][info][gc,marking     ] GC(875) Concurrent Mark 746.643ms
[3670.955s][info][gc,marking     ] GC(875) Concurrent Rebuild Remembered Sets and Scrub Regions
[3671.210s][info][gc,marking     ] GC(875) Concurrent Rebuild Remembered Sets and Scrub Regions 254.256ms
[3671.210s][info][gc,start       ] GC(875) Pause Cleanup
[3671.210s][info][gc             ] GC(875) Pause Cleanup 2348M->2348M(4096M) 0.128ms
[3671.210s][info][gc,cpu         ] GC(875) User=0.00s Sys=0.00s Real=0.00s
[3671.210s][info][gc,marking     ] GC(875) Concurrent Clear Claimed Marks
[3671.210s][info][gc,marking     ] GC(875) Concurrent Clear Claimed Marks 0.026ms
[3671.210s][info][gc,marking     ] GC(875) Concurrent Cleanup for Next Mark
[3671.213s][info][gc,marking     ] GC(875) Concurrent Cleanup for Next Mark 3.408ms
[3671.213s][info][gc             ] GC(875) Concurrent Mark Cycle 1151.678ms
..[3672.913s][info][gc,start       ] GC(876) Pause Young (Prepare Mixed) (G1 Evacuation Pause)
[3672.913s][info][gc,task        ] GC(876) Using 6 workers of 6 for evacuation
[3673.031s][info][gc,phases      ] GC(876)   Pre Evacuate Collection Set: 0.30ms
[3673.031s][info][gc,phases      ] GC(876)   Merge Heap Roots: 0.61ms
[3673.031s][info][gc,phases      ] GC(876)   Evacuate Collection Set: 115.93ms
[3673.031s][info][gc,phases      ] GC(876)   Post Evacuate Collection Set: 0.90ms
[3673.031s][info][gc,phases      ] GC(876)   Other: 0.09ms
[3673.031s][info][gc,heap        ] GC(876) Eden regions: 1117->0(1106)
[3673.031s][info][gc,heap        ] GC(876) Survivor regions: 111->110(154)
[3673.031s][info][gc,heap        ] GC(876) Old regions: 507->539
[3673.031s][info][gc,heap        ] GC(876) Humongous regions: 80->80
[3673.031s][info][gc,metaspace   ] GC(876) Metaspace: 28908K(29248K)->28908K(29248K) NonClass: 24040K(24192K)->24040K(24192K) Class: 4868K(5056K)->4868K(5056K)
[3673.031s][info][gc             ] GC(876) Pause Young (Prepare Mixed) (G1 Evacuation Pause) 3627M->1455M(4096M) 117.977ms
[3673.031s][info][gc,cpu         ] GC(876) User=0.70s Sys=0.00s Real=0.12s
...[3675.857s][info][gc,start       ] GC(877) Pause Young (Mixed) (G1 Evacuation Pause)
[3675.857s][info][gc,task        ] GC(877) Using 6 workers of 6 for evacuation
[3675.996s][info][gc,phases      ] GC(877)   Pre Evacuate Collection Set: 0.35ms
[3675.996s][info][gc,phases      ] GC(877)   Merge Heap Roots: 0.79ms
[3675.996s][info][gc,phases      ] GC(877)   Evacuate Collection Set: 136.65ms
[3675.996s][info][gc,phases      ] GC(877)   Post Evacuate Collection Set: 0.93ms
[3675.996s][info][gc,phases      ] GC(877)   Other: 0.09ms
[3675.996s][info][gc,heap        ] GC(877) Eden regions: 1106->0(1115)
[3675.996s][info][gc,heap        ] GC(877) Survivor regions: 110->113(152)
[3675.996s][info][gc,heap        ] GC(877) Old regions: 539->474
[3675.996s][info][gc,heap        ] GC(877) Humongous regions: 80->80
[3675.996s][info][gc,metaspace   ] GC(877) Metaspace: 28908K(29248K)->28908K(29248K) NonClass: 24040K(24192K)->24040K(24192K) Class: 4868K(5056K)->4868K(5056K)
[3675.996s][info][gc             ] GC(877) Pause Young (Mixed) (G1 Evacuation Pause) 3667M->1333M(4096M) 138.945ms
[3675.996s][info][gc,cpu         ] GC(877) User=0.83s Sys=0.00s Real=0.14s
...[3678.765s][info][gc,start       ] GC(878) Pause Young (Concurrent Start) (G1 Evacuation Pause)
[3678.765s][info][gc,task        ] GC(878) Using 6 workers of 6 for evacuation
[3678.886s][info][gc,phases      ] GC(878)   Pre Evacuate Collection Set: 0.33ms
[3678.886s][info][gc,phases      ] GC(878)   Merge Heap Roots: 0.48ms
[3678.886s][info][gc,phases      ] GC(878)   Evacuate Collection Set: 119.31ms
[3678.886s][info][gc,phases      ] GC(878)   Post Evacuate Collection Set: 0.88ms
[3678.886s][info][gc,phases      ] GC(878)   Other: 0.11ms
[3678.886s][info][gc,heap        ] GC(878) Eden regions: 1115->0(1115)
[3678.886s][info][gc,heap        ] GC(878) Survivor regions: 113->113(154)
[3678.886s][info][gc,heap        ] GC(878) Old regions: 474->506
[3678.886s][info][gc,heap        ] GC(878) Humongous regions: 80->80
[3678.886s][info][gc,metaspace   ] GC(878) Metaspace: 28908K(29248K)->28908K(29248K) NonClass: 24040K(24192K)->24040K(24192K) Class: 4868K(5056K)->4868K(5056K)
[3678.886s][info][gc             ] GC(878) Pause Young (Concurrent Start) (G1 Evacuation Pause) 3563M->1397M(4096M) 121.242ms
[3678.886s][info][gc             ] GC(879) Concurrent Mark Cycle
[3678.887s][info][gc,marking     ] GC(879) Concurrent Scan Root Regions
[3678.887s][info][gc,cpu         ] GC(878) User=0.72s Sys=0.00s Real=0.12s
[3679.082s][info][gc,marking     ] GC(879) Concurrent Scan Root Regions 195.543ms
[3679.082s][info][gc,marking     ] GC(879) Concurrent Mark
[3679.082s][info][gc,marking     ] GC(879) Concurrent Mark From Roots
[3679.082s][info][gc,task        ] GC(879) Using 2 workers of 2 for marking
.[3679.961s][info][gc,marking     ] GC(879) Concurrent Mark From Roots 878.631ms
[3679.961s][info][gc,marking     ] GC(879) Concurrent Preclean
[3679.961s][info][gc,marking     ] GC(879) Concurrent Preclean 0.101ms
[3679.961s][info][gc,start       ] GC(879) Pause Remark
[3679.964s][info][gc             ] GC(879) Pause Remark 2278M->2278M(4096M) 3.220ms
[3679.964s][info][gc,cpu         ] GC(879) User=0.02s Sys=0.00s Real=0.00s
[3679.964s][info][gc,marking     ] GC(879) Concurrent Mark 882.213ms
[3679.964s][info][gc,marking     ] GC(879) Concurrent Rebuild Remembered Sets and Scrub Regions
[3680.224s][info][gc,marking     ] GC(879) Concurrent Rebuild Remembered Sets and Scrub Regions 260.122ms
[3680.225s][info][gc,start       ] GC(879) Pause Cleanup
[3680.225s][info][gc             ] GC(879) Pause Cleanup 2492M->2492M(4096M) 0.117ms
[3680.225s][info][gc,cpu         ] GC(879) User=0.00s Sys=0.00s Real=0.00s
[3680.225s][info][gc,marking     ] GC(879) Concurrent Clear Claimed Marks
[3680.225s][info][gc,marking     ] GC(879) Concurrent Clear Claimed Marks 0.035ms
[3680.225s][info][gc,marking     ] GC(879) Concurrent Cleanup for Next Mark
[3680.228s][info][gc,marking     ] GC(879) Concurrent Cleanup for Next Mark 3.547ms
[3680.228s][info][gc             ] GC(879) Concurrent Mark Cycle 1341.979ms
..[3681.761s][info][gc,start       ] GC(880) Pause Young (Prepare Mixed) (G1 Evacuation Pause)
[3681.761s][info][gc,task        ] GC(880) Using 6 workers of 6 for evacuation
[3681.879s][info][gc,phases      ] GC(880)   Pre Evacuate Collection Set: 0.35ms
[3681.879s][info][gc,phases      ] GC(880)   Merge Heap Roots: 0.56ms
[3681.879s][info][gc,phases      ] GC(880)   Evacuate Collection Set: 115.92ms
[3681.879s][info][gc,phases      ] GC(880)   Post Evacuate Collection Set: 0.92ms
[3681.879s][info][gc,phases      ] GC(880)   Other: 0.10ms
[3681.879s][info][gc,heap        ] GC(880) Eden regions: 1115->0(1109)
[3681.879s][info][gc,heap        ] GC(880) Survivor regions: 113->109(154)
[3681.879s][info][gc,heap        ] GC(880) Old regions: 506->538
[3681.879s][info][gc,heap        ] GC(880) Humongous regions: 80->80
[3681.879s][info][gc,metaspace   ] GC(880) Metaspace: 28908K(29248K)->28908K(29248K) NonClass: 24040K(24192K)->24040K(24192K) Class: 4868K(5056K)->4868K(5056K)
[3681.879s][info][gc             ] GC(880) Pause Young (Prepare Mixed) (G1 Evacuation Pause) 3627M->1453M(4096M) 117.980ms
[3681.879s][info][gc,cpu         ] GC(880) User=0.71s Sys=0.00s Real=0.11s
. (rIR:aIR:PR = 6365:6363:6363) (tPR = 94164) [OK] 
  3682s: Performance info:
         Transaction,    Success,    Partial,     Failed,   Receipts, AvgBarcode, 
             Overall,     383479,          0,          0,     364279,      59.47, 
         Response times:
             Request,    Success,    Partial,     Failed,   SkipFail,     Probes,    Samples,      min,      p50,      p90,      p95,      p99,      max, 
       TotalPurchase,     364285,          0,          0,          0,     355883,     388324,      300,     5400,    24000,    50000,   119000,   252000,
     InStorePurchase,     191747,          0,          0,          0,     187451,     204176,      300,     5400,    24000,    50000,   117000,   252000,
      OnlinePurchase,     134223,          0,          0,          0,     131364,     143360,      300,     5500,    24000,    50000,   121000,   252000,
        InstPurchase,      38315,          0,          0,          0,      37068,      40788,      300,     5400,    26000,    52000,   119000,   234000,
          AssocOfCat,        384,          0,          0,          0,        310,        418,    25000,    38000,    76100,   116050,   177050,   188000,
      AssocOfProduct,       3845,          0,          0,          0,       3583,       4103,     1000,     6100,    24000,    55000,   120960,   207000,
      BusinessReport,        962,          0,          0,          0,        847,       1051,    26000,    47000,   106000,   148400,   196000,   230000,
          CustBuyBeh,       3839,          0,          0,          0,       3593,       4114,      200,     7000,    32000,    65000,   126000,   178000,
       ProductReturn,      10169,          0,          0,          0,       9676,      10799,      200,     5700,    24000,    54000,   121000,   188000,

  3682s: (47%)   IR =   6503 ..[3684.683s][info][gc,start       ] GC(881) Pause Young (Mixed) (G1 Evacuation Pause)
[3684.683s][info][gc,task        ] GC(881) Using 6 workers of 6 for evacuation
[3684.818s][info][gc,phases      ] GC(881)   Pre Evacuate Collection Set: 0.37ms
[3684.818s][info][gc,phases      ] GC(881)   Merge Heap Roots: 0.71ms
[3684.818s][info][gc,phases      ] GC(881)   Evacuate Collection Set: 133.61ms
[3684.818s][info][gc,phases      ] GC(881)   Post Evacuate Collection Set: 0.92ms
[3684.818s][info][gc,phases      ] GC(881)   Other: 0.09ms
[3684.818s][info][gc,heap        ] GC(881) Eden regions: 1109->0(1117)
[3684.818s][info][gc,heap        ] GC(881) Survivor regions: 109->111(153)
[3684.818s][info][gc,heap        ] GC(881) Old regions: 538->474
[3684.818s][info][gc,heap        ] GC(881) Humongous regions: 80->80
[3684.818s][info][gc,metaspace   ] GC(881) Metaspace: 28909K(29248K)->28909K(29248K) NonClass: 24041K(24192K)->24041K(24192K) Class: 4868K(5056K)->4868K(5056K)
[3684.818s][info][gc             ] GC(881) Pause Young (Mixed) (G1 Evacuation Pause) 3671M->1328M(4096M) 135.832ms
[3684.819s][info][gc,cpu         ] GC(881) User=0.81s Sys=0.00s Real=0.13s
..[3687.598s][info][gc,start       ] GC(882) Pause Young (Concurrent Start) (G1 Evacuation Pause)
[3687.598s][info][gc,task        ] GC(882) Using 6 workers of 6 for evacuation
[3687.716s][info][gc,phases      ] GC(882)   Pre Evacuate Collection Set: 0.38ms
[3687.716s][info][gc,phases      ] GC(882)   Merge Heap Roots: 0.45ms
[3687.716s][info][gc,phases      ] GC(882)   Evacuate Collection Set: 116.38ms
[3687.716s][info][gc,phases      ] GC(882)   Post Evacuate Collection Set: 0.95ms
[3687.716s][info][gc,phases      ] GC(882)   Other: 0.12ms
[3687.716s][info][gc,heap        ] GC(882) Eden regions: 1117->0(1117)
[3687.716s][info][gc,heap        ] GC(882) Survivor regions: 111->111(154)
[3687.716s][info][gc,heap        ] GC(882) Old regions: 474->506
[3687.716s][info][gc,heap        ] GC(882) Humongous regions: 80->80
[3687.716s][info][gc,metaspace   ] GC(882) Metaspace: 28909K(29248K)->28909K(29248K) NonClass: 24041K(24192K)->24041K(24192K) Class: 4868K(5056K)->4868K(5056K)
[3687.716s][info][gc             ] GC(882) Pause Young (Concurrent Start) (G1 Evacuation Pause) 3562M->1392M(4096M) 118.420ms
[3687.716s][info][gc             ] GC(883) Concurrent Mark Cycle
[3687.716s][info][gc,marking     ] GC(883) Concurrent Scan Root Regions
[3687.716s][info][gc,cpu         ] GC(882) User=0.70s Sys=0.00s Real=0.12s
.[3687.903s][info][gc,marking     ] GC(883) Concurrent Scan Root Regions 187.064ms
[3687.904s][info][gc,marking     ] GC(883) Concurrent Mark
[3687.904s][info][gc,marking     ] GC(883) Concurrent Mark From Roots
[3687.904s][info][gc,task        ] GC(883) Using 2 workers of 2 for marking
.[3688.941s][info][gc,marking     ] GC(883) Concurrent Mark From Roots 1037.452ms
[3688.941s][info][gc,marking     ] GC(883) Concurrent Preclean
[3688.941s][info][gc,marking     ] GC(883) Concurrent Preclean 0.143ms
[3688.943s][info][gc,start       ] GC(883) Pause Remark
[3688.947s][info][gc             ] GC(883) Pause Remark 2392M->2392M(4096M) 4.443ms
[3688.947s][info][gc,cpu         ] GC(883) User=0.03s Sys=0.00s Real=0.00s
[3688.948s][info][gc,marking     ] GC(883) Concurrent Mark 1044.474ms
[3688.948s][info][gc,marking     ] GC(883) Concurrent Rebuild Remembered Sets and Scrub Regions
[3689.315s][info][gc,marking     ] GC(883) Concurrent Rebuild Remembered Sets and Scrub Regions 367.399ms
[3689.316s][info][gc,start       ] GC(883) Pause Cleanup
[3689.316s][info][gc             ] GC(883) Pause Cleanup 2683M->2683M(4096M) 0.112ms
[3689.316s][info][gc,cpu         ] GC(883) User=0.00s Sys=0.00s Real=0.00s
[3689.316s][info][gc,marking     ] GC(883) Concurrent Clear Claimed Marks
[3689.316s][info][gc,marking     ] GC(883) Concurrent Clear Claimed Marks 0.032ms
[3689.316s][info][gc,marking     ] GC(883) Concurrent Cleanup for Next Mark
[3689.321s][info][gc,marking     ] GC(883) Concurrent Cleanup for Next Mark 4.671ms
[3689.321s][info][gc             ] GC(883) Concurrent Mark Cycle 1604.192ms
.[3690.468s][info][gc,start       ] GC(884) Pause Young (Prepare Mixed) (G1 Evacuation Pause)
[3690.468s][info][gc,task        ] GC(884) Using 6 workers of 6 for evacuation
[3690.588s][info][gc,phases      ] GC(884)   Pre Evacuate Collection Set: 0.32ms
[3690.588s][info][gc,phases      ] GC(884)   Merge Heap Roots: 0.57ms
[3690.588s][info][gc,phases      ] GC(884)   Evacuate Collection Set: 118.62ms
[3690.588s][info][gc,phases      ] GC(884)   Post Evacuate Collection Set: 0.91ms
[3690.588s][info][gc,phases      ] GC(884)   Other: 0.08ms
[3690.588s][info][gc,heap        ] GC(884) Eden regions: 1117->0(1101)
[3690.588s][info][gc,heap        ] GC(884) Survivor regions: 111->113(154)
[3690.588s][info][gc,heap        ] GC(884) Old regions: 506->538
[3690.588s][info][gc,heap        ] GC(884) Humongous regions: 80->80
[3690.588s][info][gc,metaspace   ] GC(884) Metaspace: 28909K(29248K)->28909K(29248K) NonClass: 24041K(24192K)->24041K(24192K) Class: 4868K(5056K)->4868K(5056K)
[3690.588s][info][gc             ] GC(884) Pause Young (Prepare Mixed) (G1 Evacuation Pause) 3626M->1459M(4096M) 120.628ms
[3690.588s][info][gc,cpu         ] GC(884) User=0.72s Sys=0.00s Real=0.12s
.|..[3693.321s][info][gc,start       ] GC(885) Pause Young (Mixed) (G1 Evacuation Pause)
[3693.321s][info][gc,task        ] GC(885) Using 6 workers of 6 for evacuation
[3693.459s][info][gc,phases      ] GC(885)   Pre Evacuate Collection Set: 0.34ms
[3693.459s][info][gc,phases      ] GC(885)   Merge Heap Roots: 0.67ms
[3693.459s][info][gc,phases      ] GC(885)   Evacuate Collection Set: 135.39ms
[3693.459s][info][gc,phases      ] GC(885)   Post Evacuate Collection Set: 0.93ms
[3693.459s][info][gc,phases      ] GC(885)   Other: 0.09ms
[3693.459s][info][gc,heap        ] GC(885) Eden regions: 1101->0(1115)
[3693.459s][info][gc,heap        ] GC(885) Survivor regions: 113->113(152)
[3693.459s][info][gc,heap        ] GC(885) Old regions: 538->473
[3693.459s][info][gc,heap        ] GC(885) Humongous regions: 80->80
[3693.459s][info][gc,metaspace   ] GC(885) Metaspace: 28909K(29248K)->28909K(29248K) NonClass: 24041K(24192K)->24041K(24192K) Class: 4868K(5056K)->4868K(5056K)
[3693.459s][info][gc             ] GC(885) Pause Young (Mixed) (G1 Evacuation Pause) 3661M->1330M(4096M) 137.544ms
[3693.459s][info][gc,cpu         ] GC(885) User=0.82s Sys=0.00s Real=0.13s
...[3696.225s][info][gc,start       ] GC(886) Pause Young (Concurrent Start) (G1 Evacuation Pause)
[3696.225s][info][gc,task        ] GC(886) Using 6 workers of 6 for evacuation
[3696.345s][info][gc,phases      ] GC(886)   Pre Evacuate Collection Set: 0.37ms
[3696.345s][info][gc,phases      ] GC(886)   Merge Heap Roots: 0.47ms
[3696.345s][info][gc,phases      ] GC(886)   Evacuate Collection Set: 118.13ms
[3696.345s][info][gc,phases      ] GC(886)   Post Evacuate Collection Set: 0.87ms
[3696.345s][info][gc,phases      ] GC(886)   Other: 0.13ms
[3696.345s][info][gc,heap        ] GC(886) Eden regions: 1115->0(1118)
[3696.345s][info][gc,heap        ] GC(886) Survivor regions: 113->110(154)
[3696.345s][info][gc,heap        ] GC(886) Old regions: 473->505
[3696.345s][info][gc,heap        ] GC(886) Humongous regions: 80->80
[3696.345s][info][gc,metaspace   ] GC(886) Metaspace: 28909K(29248K)->28909K(29248K) NonClass: 24041K(24192K)->24041K(24192K) Class: 4868K(5056K)->4868K(5056K)
[3696.345s][info][gc             ] GC(886) Pause Young (Concurrent Start) (G1 Evacuation Pause) 3560M->1388M(4096M) 120.105ms
[3696.345s][info][gc             ] GC(887) Concurrent Mark Cycle
[3696.345s][info][gc,marking     ] GC(887) Concurrent Scan Root Regions
[3696.345s][info][gc,cpu         ] GC(886) User=0.72s Sys=0.00s Real=0.12s
[3696.530s][info][gc,marking     ] GC(887) Concurrent Scan Root Regions 184.864ms
[3696.530s][info][gc,marking     ] GC(887) Concurrent Mark
[3696.530s][info][gc,marking     ] GC(887) Concurrent Mark From Roots
[3696.530s][info][gc,task        ] GC(887) Using 2 workers of 2 for marking
.[3697.431s][info][gc,marking     ] GC(887) Concurrent Mark From Roots 901.311ms
[3697.431s][info][gc,marking     ] GC(887) Concurrent Preclean
[3697.431s][info][gc,marking     ] GC(887) Concurrent Preclean 0.079ms
[3697.432s][info][gc,start       ] GC(887) Pause Remark
[3697.436s][info][gc             ] GC(887) Pause Remark 2313M->2313M(4096M) 4.454ms
[3697.436s][info][gc,cpu         ] GC(887) User=0.02s Sys=0.00s Real=0.00s
[3697.436s][info][gc,marking     ] GC(887) Concurrent Mark 906.125ms
[3697.436s][info][gc,marking     ] GC(887) Concurrent Rebuild Remembered Sets and Scrub Regions
[3697.714s][info][gc,marking     ] GC(887) Concurrent Rebuild Remembered Sets and Scrub Regions 277.684ms
[3697.714s][info][gc,start       ] GC(887) Pause Cleanup
[3697.714s][info][gc             ] GC(887) Pause Cleanup 2537M->2537M(4096M) 0.105ms
[3697.714s][info][gc,cpu         ] GC(887) User=0.00s Sys=0.00s Real=0.00s
[3697.714s][info][gc,marking     ] GC(887) Concurrent Clear Claimed Marks
[3697.714s][info][gc,marking     ] GC(887) Concurrent Clear Claimed Marks 0.026ms
[3697.714s][info][gc,marking     ] GC(887) Concurrent Cleanup for Next Mark
[3697.719s][info][gc,marking     ] GC(887) Concurrent Cleanup for Next Mark 4.554ms
[3697.719s][info][gc             ] GC(887) Concurrent Mark Cycle 1373.941ms
..[3699.145s][info][gc,start       ] GC(888) Pause Young (Prepare Mixed) (G1 Evacuation Pause)
[3699.145s][info][gc,task        ] GC(888) Using 6 workers of 6 for evacuation
[3699.265s][info][gc,phases      ] GC(888)   Pre Evacuate Collection Set: 0.31ms
[3699.265s][info][gc,phases      ] GC(888)   Merge Heap Roots: 0.56ms
[3699.265s][info][gc,phases      ] GC(888)   Evacuate Collection Set: 117.60ms
[3699.265s][info][gc,phases      ] GC(888)   Post Evacuate Collection Set: 0.90ms
[3699.265s][info][gc,phases      ] GC(888)   Other: 0.10ms
[3699.265s][info][gc,heap        ] GC(888) Eden regions: 1118->0(1108)
[3699.265s][info][gc,heap        ] GC(888) Survivor regions: 110->111(154)
[3699.265s][info][gc,heap        ] GC(888) Old regions: 505->535
[3699.265s][info][gc,heap        ] GC(888) Humongous regions: 80->80
[3699.265s][info][gc,metaspace   ] GC(888) Metaspace: 28909K(29248K)->28909K(29248K) NonClass: 24041K(24192K)->24041K(24192K) Class: 4868K(5056K)->4868K(5056K)
[3699.265s][info][gc             ] GC(888) Pause Young (Prepare Mixed) (G1 Evacuation Pause) 3624M->1450M(4096M) 119.609ms
[3699.265s][info][gc,cpu         ] GC(888) User=0.71s Sys=0.00s Real=0.12s
...[3702.004s][info][gc,start       ] GC(889) Pause Young (Mixed) (G1 Evacuation Pause)
[3702.004s][info][gc,task        ] GC(889) Using 6 workers of 6 for evacuation
[3702.138s][info][gc,phases      ] GC(889)   Pre Evacuate Collection Set: 0.35ms
[3702.138s][info][gc,phases      ] GC(889)   Merge Heap Roots: 0.68ms
[3702.138s][info][gc,phases      ] GC(889)   Evacuate Collection Set: 132.54ms
[3702.138s][info][gc,phases      ] GC(889)   Post Evacuate Collection Set: 0.93ms
[3702.138s][info][gc,phases      ] GC(889)   Other: 0.09ms
[3702.138s][info][gc,heap        ] GC(889) Eden regions: 1108->0(1118)
[3702.138s][info][gc,heap        ] GC(889) Survivor regions: 111->110(153)
[3702.138s][info][gc,heap        ] GC(889) Old regions: 535->473
[3702.138s][info][gc,heap        ] GC(889) Humongous regions: 80->80
[3702.138s][info][gc,metaspace   ] GC(889) Metaspace: 28909K(29248K)->28909K(29248K) NonClass: 24041K(24192K)->24041K(24192K) Class: 4868K(5056K)->4868K(5056K)
[3702.138s][info][gc             ] GC(889) Pause Young (Mixed) (G1 Evacuation Pause) 3666M->1324M(4096M) 134.721ms
[3702.138s][info][gc,cpu         ] GC(889) User=0.80s Sys=0.01s Real=0.13s
...[3704.903s][info][gc,start       ] GC(890) Pause Young (Concurrent Start) (G1 Evacuation Pause)
[3704.903s][info][gc,task        ] GC(890) Using 6 workers of 6 for evacuation
[3705.025s][info][gc,phases      ] GC(890)   Pre Evacuate Collection Set: 0.41ms
[3705.025s][info][gc,phases      ] GC(890)   Merge Heap Roots: 0.55ms
[3705.025s][info][gc,phases      ] GC(890)   Evacuate Collection Set: 119.85ms
[3705.025s][info][gc,phases      ] GC(890)   Post Evacuate Collection Set: 0.87ms
[3705.025s][info][gc,phases      ] GC(890)   Other: 0.12ms
[3705.025s][info][gc,heap        ] GC(890) Eden regions: 1118->0(1116)
[3705.025s][info][gc,heap        ] GC(890) Survivor regions: 110->112(154)
[3705.025s][info][gc,heap        ] GC(890) Old regions: 473->505
[3705.025s][info][gc,heap        ] GC(890) Humongous regions: 80->80
[3705.025s][info][gc,metaspace   ] GC(890) Metaspace: 28909K(29248K)->28909K(29248K) NonClass: 24041K(24192K)->24041K(24192K) Class: 4868K(5056K)->4868K(5056K)
[3705.025s][info][gc             ] GC(890) Pause Young (Concurrent Start) (G1 Evacuation Pause) 3560M->1391M(4096M) 121.918ms
[3705.025s][info][gc             ] GC(891) Concurrent Mark Cycle
[3705.025s][info][gc,marking     ] GC(891) Concurrent Scan Root Regions
[3705.025s][info][gc,cpu         ] GC(890) User=0.72s Sys=0.00s Real=0.12s
[3705.180s][info][gc,marking     ] GC(891) Concurrent Scan Root Regions 154.546ms
[3705.180s][info][gc,marking     ] GC(891) Concurrent Mark
[3705.180s][info][gc,marking     ] GC(891) Concurrent Mark From Roots
[3705.180s][info][gc,task        ] GC(891) Using 2 workers of 2 for marking
.[3705.929s][info][gc,marking     ] GC(891) Concurrent Mark From Roots 749.213ms
[3705.929s][info][gc,marking     ] GC(891) Concurrent Preclean
[3705.929s][info][gc,marking     ] GC(891) Concurrent Preclean 0.101ms
[3705.930s][info][gc,start       ] GC(891) Pause Remark
[3705.933s][info][gc             ] GC(891) Pause Remark 2161M->2161M(4096M) 2.702ms
[3705.933s][info][gc,cpu         ] GC(891) User=0.01s Sys=0.00s Real=0.01s
[3705.933s][info][gc,marking     ] GC(891) Concurrent Mark 753.353ms
[3705.933s][info][gc,marking     ] GC(891) Concurrent Rebuild Remembered Sets and Scrub Regions
[3706.186s][info][gc,marking     ] GC(891) Concurrent Rebuild Remembered Sets and Scrub Regions 253.340ms
[3706.186s][info][gc,start       ] GC(891) Pause Cleanup
[3706.187s][info][gc             ] GC(891) Pause Cleanup 2346M->2346M(4096M) 0.114ms
[3706.187s][info][gc,cpu         ] GC(891) User=0.00s Sys=0.00s Real=0.00s
[3706.187s][info][gc,marking     ] GC(891) Concurrent Clear Claimed Marks
[3706.187s][info][gc,marking     ] GC(891) Concurrent Clear Claimed Marks 0.022ms
[3706.187s][info][gc,marking     ] GC(891) Concurrent Cleanup for Next Mark
[3706.192s][info][gc,marking     ] GC(891) Concurrent Cleanup for Next Mark 5.021ms
[3706.192s][info][gc             ] GC(891) Concurrent Mark Cycle 1166.737ms
.[3707.822s][info][gc,start       ] GC(892) Pause Young (Prepare Mixed) (G1 Evacuation Pause)
[3707.822s][info][gc,task        ] GC(892) Using 6 workers of 6 for evacuation
[3707.939s][info][gc,phases      ] GC(892)   Pre Evacuate Collection Set: 0.33ms
[3707.939s][info][gc,phases      ] GC(892)   Merge Heap Roots: 0.50ms
[3707.939s][info][gc,phases      ] GC(892)   Evacuate Collection Set: 115.61ms
[3707.939s][info][gc,phases      ] GC(892)   Post Evacuate Collection Set: 0.93ms
[3707.939s][info][gc,phases      ] GC(892)   Other: 0.09ms
[3707.939s][info][gc,heap        ] GC(892) Eden regions: 1116->0(1109)
[3707.939s][info][gc,heap        ] GC(892) Survivor regions: 112->110(154)
[3707.939s][info][gc,heap        ] GC(892) Old regions: 505->536
[3707.939s][info][gc,heap        ] GC(892) Humongous regions: 80->80
[3707.939s][info][gc,metaspace   ] GC(892) Metaspace: 28909K(29248K)->28909K(29248K) NonClass: 24041K(24192K)->24041K(24192K) Class: 4868K(5056K)->4868K(5056K)
[3707.939s][info][gc             ] GC(892) Pause Young (Prepare Mixed) (G1 Evacuation Pause) 3623M->1449M(4096M) 117.601ms
[3707.939s][info][gc,cpu         ] GC(892) User=0.70s Sys=0.00s Real=0.11s
...[3710.697s][info][gc,start       ] GC(893) Pause Young (Mixed) (G1 Evacuation Pause)
[3710.697s][info][gc,task        ] GC(893) Using 6 workers of 6 for evacuation
[3710.835s][info][gc,phases      ] GC(893)   Pre Evacuate Collection Set: 0.36ms
[3710.835s][info][gc,phases      ] GC(893)   Merge Heap Roots: 0.74ms
[3710.835s][info][gc,phases      ] GC(893)   Evacuate Collection Set: 135.95ms
[3710.835s][info][gc,phases      ] GC(893)   Post Evacuate Collection Set: 0.94ms
[3710.835s][info][gc,phases      ] GC(893)   Other: 0.09ms
[3710.835s][info][gc,heap        ] GC(893) Eden regions: 1109->0(1116)
[3710.835s][info][gc,heap        ] GC(893) Survivor regions: 110->112(153)
[3710.835s][info][gc,heap        ] GC(893) Old regions: 536->473
[3710.835s][info][gc,heap        ] GC(893) Humongous regions: 80->80
[3710.835s][info][gc,metaspace   ] GC(893) Metaspace: 28909K(29248K)->28909K(29248K) NonClass: 24041K(24192K)->24041K(24192K) Class: 4868K(5056K)->4868K(5056K)
[3710.835s][info][gc             ] GC(893) Pause Young (Mixed) (G1 Evacuation Pause) 3667M->1327M(4096M) 138.204ms
[3710.836s][info][gc,cpu         ] GC(893) User=0.82s Sys=0.00s Real=0.14s
...[3713.581s][info][gc,start       ] GC(894) Pause Young (Concurrent Start) (G1 Evacuation Pause)
[3713.581s][info][gc,task        ] GC(894) Using 6 workers of 6 for evacuation
[3713.702s][info][gc,phases      ] GC(894)   Pre Evacuate Collection Set: 0.38ms
[3713.702s][info][gc,phases      ] GC(894)   Merge Heap Roots: 0.54ms
[3713.702s][info][gc,phases      ] GC(894)   Evacuate Collection Set: 118.56ms
[3713.702s][info][gc,phases      ] GC(894)   Post Evacuate Collection Set: 0.87ms
[3713.702s][info][gc,phases      ] GC(894)   Other: 0.11ms
[3713.702s][info][gc,heap        ] GC(894) Eden regions: 1116->0(1118)
[3713.702s][info][gc,heap        ] GC(894) Survivor regions: 112->110(154)
[3713.702s][info][gc,heap        ] GC(894) Old regions: 473->505
[3713.702s][info][gc,heap        ] GC(894) Humongous regions: 80->80
[3713.702s][info][gc,metaspace   ] GC(894) Metaspace: 28909K(29248K)->28909K(29248K) NonClass: 24041K(24192K)->24041K(24192K) Class: 4868K(5056K)->4868K(5056K)
[3713.702s][info][gc             ] GC(894) Pause Young (Concurrent Start) (G1 Evacuation Pause) 3559M->1388M(4096M) 120.614ms
[3713.702s][info][gc             ] GC(895) Concurrent Mark Cycle
[3713.702s][info][gc,marking     ] GC(895) Concurrent Scan Root Regions
[3713.702s][info][gc,cpu         ] GC(894) User=0.72s Sys=0.00s Real=0.12s
[3713.837s][info][gc,marking     ] GC(895) Concurrent Scan Root Regions 135.351ms
[3713.837s][info][gc,marking     ] GC(895) Concurrent Mark
[3713.837s][info][gc,marking     ] GC(895) Concurrent Mark From Roots
[3713.837s][info][gc,task        ] GC(895) Using 2 workers of 2 for marking
.[3714.510s][info][gc,marking     ] GC(895) Concurrent Mark From Roots 672.895ms
[3714.510s][info][gc,marking     ] GC(895) Concurrent Preclean
[3714.510s][info][gc,marking     ] GC(895) Concurrent Preclean 0.095ms
[3714.511s][info][gc,start       ] GC(895) Pause Remark
[3714.514s][info][gc             ] GC(895) Pause Remark 1998M->1998M(4096M) 3.403ms
[3714.514s][info][gc,cpu         ] GC(895) User=0.02s Sys=0.00s Real=0.01s
[3714.514s][info][gc,marking     ] GC(895) Concurrent Mark 676.637ms
[3714.514s][info][gc,marking     ] GC(895) Concurrent Rebuild Remembered Sets and Scrub Regions
[3714.796s][info][gc,marking     ] GC(895) Concurrent Rebuild Remembered Sets and Scrub Regions 281.839ms
[3714.797s][info][gc,start       ] GC(895) Pause Cleanup
[3714.797s][info][gc             ] GC(895) Pause Cleanup 2228M->2228M(4096M) 0.124ms
[3714.797s][info][gc,cpu         ] GC(895) User=0.00s Sys=0.00s Real=0.00s
[3714.797s][info][gc,marking     ] GC(895) Concurrent Clear Claimed Marks
[3714.797s][info][gc,marking     ] GC(895) Concurrent Clear Claimed Marks 0.031ms
[3714.797s][info][gc,marking     ] GC(895) Concurrent Cleanup for Next Mark
[3714.802s][info][gc,marking     ] GC(895) Concurrent Cleanup for Next Mark 4.869ms
[3714.802s][info][gc             ] GC(895) Concurrent Mark Cycle 1100.067ms
..[3716.452s][info][gc,start       ] GC(896) Pause Young (Prepare Mixed) (G1 Evacuation Pause)
[3716.452s][info][gc,task        ] GC(896) Using 6 workers of 6 for evacuation
[3716.567s][info][gc,phases      ] GC(896)   Pre Evacuate Collection Set: 0.35ms
[3716.567s][info][gc,phases      ] GC(896)   Merge Heap Roots: 0.52ms
[3716.567s][info][gc,phases      ] GC(896)   Evacuate Collection Set: 113.54ms
[3716.567s][info][gc,phases      ] GC(896)   Post Evacuate Collection Set: 0.91ms
[3716.567s][info][gc,phases      ] GC(896)   Other: 0.08ms
[3716.567s][info][gc,heap        ] GC(896) Eden regions: 1118->0(1113)
[3716.567s][info][gc,heap        ] GC(896) Survivor regions: 110->108(154)
[3716.567s][info][gc,heap        ] GC(896) Old regions: 505->536
[3716.567s][info][gc,heap        ] GC(896) Humongous regions: 80->80
[3716.567s][info][gc,metaspace   ] GC(896) Metaspace: 28909K(29248K)->28909K(29248K) NonClass: 24041K(24192K)->24041K(24192K) Class: 4868K(5056K)->4868K(5056K)
[3716.567s][info][gc             ] GC(896) Pause Young (Prepare Mixed) (G1 Evacuation Pause) 3624M->1446M(4096M) 115.533ms
[3716.567s][info][gc,cpu         ] GC(896) User=0.69s Sys=0.00s Real=0.11s
...[3719.386s][info][gc,start       ] GC(897) Pause Young (Mixed) (G1 Evacuation Pause)
[3719.386s][info][gc,task        ] GC(897) Using 6 workers of 6 for evacuation
[3719.523s][info][gc,phases      ] GC(897)   Pre Evacuate Collection Set: 0.37ms
[3719.523s][info][gc,phases      ] GC(897)   Merge Heap Roots: 0.73ms
[3719.523s][info][gc,phases      ] GC(897)   Evacuate Collection Set: 135.66ms
[3719.523s][info][gc,phases      ] GC(897)   Post Evacuate Collection Set: 0.93ms
[3719.523s][info][gc,phases      ] GC(897)   Other: 0.11ms
[3719.523s][info][gc,heap        ] GC(897) Eden regions: 1113->0(1116)
[3719.523s][info][gc,heap        ] GC(897) Survivor regions: 108->112(153)
[3719.523s][info][gc,heap        ] GC(897) Old regions: 536->475
[3719.523s][info][gc,heap        ] GC(897) Humongous regions: 80->80
[3719.523s][info][gc,metaspace   ] GC(897) Metaspace: 28909K(29248K)->28909K(29248K) NonClass: 24041K(24192K)->24041K(24192K) Class: 4868K(5056K)->4868K(5056K)
[3719.523s][info][gc             ] GC(897) Pause Young (Mixed) (G1 Evacuation Pause) 3672M->1331M(4096M) 137.915ms
[3719.523s][info][gc,cpu         ] GC(897) User=0.82s Sys=0.00s Real=0.14s
...[3722.267s][info][gc,start       ] GC(898) Pause Young (Concurrent Start) (G1 Evacuation Pause)
[3722.267s][info][gc,task        ] GC(898) Using 6 workers of 6 for evacuation
[3722.384s][info][gc,phases      ] GC(898)   Pre Evacuate Collection Set: 0.36ms
[3722.384s][info][gc,phases      ] GC(898)   Merge Heap Roots: 0.49ms
[3722.384s][info][gc,phases      ] GC(898)   Evacuate Collection Set: 115.79ms
[3722.384s][info][gc,phases      ] GC(898)   Post Evacuate Collection Set: 0.87ms
[3722.384s][info][gc,phases      ] GC(898)   Other: 0.12ms
[3722.384s][info][gc,heap        ] GC(898) Eden regions: 1116->0(1118)
[3722.384s][info][gc,heap        ] GC(898) Survivor regions: 112->110(154)
[3722.384s][info][gc,heap        ] GC(898) Old regions: 475->506
[3722.384s][info][gc,heap        ] GC(898) Humongous regions: 80->80
[3722.384s][info][gc,metaspace   ] GC(898) Metaspace: 28909K(29248K)->28909K(29248K) NonClass: 24041K(24192K)->24041K(24192K) Class: 4868K(5056K)->4868K(5056K)
[3722.384s][info][gc             ] GC(898) Pause Young (Concurrent Start) (G1 Evacuation Pause) 3563M->1390M(4096M) 117.786ms
[3722.384s][info][gc             ] GC(899) Concurrent Mark Cycle
[3722.384s][info][gc,marking     ] GC(899) Concurrent Scan Root Regions
[3722.384s][info][gc,cpu         ] GC(898) User=0.70s Sys=0.00s Real=0.12s
[3722.630s][info][gc,marking     ] GC(899) Concurrent Scan Root Regions 245.370ms
[3722.630s][info][gc,marking     ] GC(899) Concurrent Mark
[3722.630s][info][gc,marking     ] GC(899) Concurrent Mark From Roots
[3722.630s][info][gc,task        ] GC(899) Using 2 workers of 2 for marking
.[3723.314s][info][gc,marking     ] GC(899) Concurrent Mark From Roots 684.402ms
[3723.314s][info][gc,marking     ] GC(899) Concurrent Preclean
[3723.315s][info][gc,marking     ] GC(899) Concurrent Preclean 0.120ms
[3723.315s][info][gc,start       ] GC(899) Pause Remark
[3723.319s][info][gc             ] GC(899) Pause Remark 2158M->2158M(4096M) 3.659ms
[3723.319s][info][gc,cpu         ] GC(899) User=0.02s Sys=0.00s Real=0.00s
[3723.320s][info][gc,marking     ] GC(899) Concurrent Mark 690.168ms
[3723.320s][info][gc,marking     ] GC(899) Concurrent Rebuild Remembered Sets and Scrub Regions
[3723.565s][info][gc,marking     ] GC(899) Concurrent Rebuild Remembered Sets and Scrub Regions 244.993ms
[3723.565s][info][gc,start       ] GC(899) Pause Cleanup
[3723.565s][info][gc             ] GC(899) Pause Cleanup 2339M->2339M(4096M) 0.119ms
[3723.565s][info][gc,cpu         ] GC(899) User=0.00s Sys=0.00s Real=0.00s
[3723.565s][info][gc,marking     ] GC(899) Concurrent Clear Claimed Marks
[3723.565s][info][gc,marking     ] GC(899) Concurrent Clear Claimed Marks 0.029ms
[3723.565s][info][gc,marking     ] GC(899) Concurrent Cleanup for Next Mark
[3723.571s][info][gc,marking     ] GC(899) Concurrent Cleanup for Next Mark 5.048ms
[3723.571s][info][gc             ] GC(899) Concurrent Mark Cycle 1186.122ms
..[3725.202s][info][gc,start       ] GC(900) Pause Young (Prepare Mixed) (G1 Evacuation Pause)
[3725.202s][info][gc,task        ] GC(900) Using 6 workers of 6 for evacuation
[3725.323s][info][gc,phases      ] GC(900)   Pre Evacuate Collection Set: 0.31ms
[3725.323s][info][gc,phases      ] GC(900)   Merge Heap Roots: 0.53ms
[3725.323s][info][gc,phases      ] GC(900)   Evacuate Collection Set: 119.13ms
[3725.323s][info][gc,phases      ] GC(900)   Post Evacuate Collection Set: 0.93ms
[3725.323s][info][gc,phases      ] GC(900)   Other: 0.10ms
[3725.323s][info][gc,heap        ] GC(900) Eden regions: 1118->0(1101)
[3725.323s][info][gc,heap        ] GC(900) Survivor regions: 110->113(154)
[3725.323s][info][gc,heap        ] GC(900) Old regions: 506->538
[3725.323s][info][gc,heap        ] GC(900) Humongous regions: 80->80
[3725.323s][info][gc,metaspace   ] GC(900) Metaspace: 28909K(29248K)->28909K(29248K) NonClass: 24041K(24192K)->24041K(24192K) Class: 4868K(5056K)->4868K(5056K)
[3725.323s][info][gc             ] GC(900) Pause Young (Prepare Mixed) (G1 Evacuation Pause) 3626M->1460M(4096M) 121.128ms
[3725.323s][info][gc,cpu         ] GC(900) User=0.72s Sys=0.00s Real=0.12s
..[3728.044s][info][gc,start       ] GC(901) Pause Young (Mixed) (G1 Evacuation Pause)
[3728.044s][info][gc,task        ] GC(901) Using 6 workers of 6 for evacuation
[3728.181s][info][gc,phases      ] GC(901)   Pre Evacuate Collection Set: 0.36ms
[3728.182s][info][gc,phases      ] GC(901)   Merge Heap Roots: 0.66ms
[3728.182s][info][gc,phases      ] GC(901)   Evacuate Collection Set: 135.68ms
[3728.182s][info][gc,phases      ] GC(901)   Post Evacuate Collection Set: 0.94ms
[3728.182s][info][gc,phases      ] GC(901)   Other: 0.09ms
[3728.182s][info][gc,heap        ] GC(901) Eden regions: 1101->0(1116)
[3728.182s][info][gc,heap        ] GC(901) Survivor regions: 113->112(152)
[3728.182s][info][gc,heap        ] GC(901) Old regions: 538->473
[3728.182s][info][gc,heap        ] GC(901) Humongous regions: 80->80
[3728.182s][info][gc,metaspace   ] GC(901) Metaspace: 28909K(29248K)->28909K(29248K) NonClass: 24041K(24192K)->24041K(24192K) Class: 4868K(5056K)->4868K(5056K)
[3728.182s][info][gc             ] GC(901) Pause Young (Mixed) (G1 Evacuation Pause) 3662M->1329M(4096M) 137.866ms
[3728.182s][info][gc,cpu         ] GC(901) User=0.82s Sys=0.00s Real=0.14s
...[3730.880s][info][gc,start       ] GC(902) Pause Young (Concurrent Start) (G1 Evacuation Pause)
[3730.880s][info][gc,task        ] GC(902) Using 6 workers of 6 for evacuation
[3731.000s][info][gc,phases      ] GC(902)   Pre Evacuate Collection Set: 0.37ms
[3731.000s][info][gc,phases      ] GC(902)   Merge Heap Roots: 0.45ms
[3731.000s][info][gc,phases      ] GC(902)   Evacuate Collection Set: 117.77ms
[3731.000s][info][gc,phases      ] GC(902)   Post Evacuate Collection Set: 0.86ms
[3731.000s][info][gc,phases      ] GC(902)   Other: 0.12ms
[3731.000s][info][gc,heap        ] GC(902) Eden regions: 1116->0(1118)
[3731.000s][info][gc,heap        ] GC(902) Survivor regions: 112->110(154)
[3731.000s][info][gc,heap        ] GC(902) Old regions: 473->506
[3731.000s][info][gc,heap        ] GC(902) Humongous regions: 80->80
[3731.000s][info][gc,metaspace   ] GC(902) Metaspace: 28909K(29248K)->28909K(29248K) NonClass: 24041K(24192K)->24041K(24192K) Class: 4868K(5056K)->4868K(5056K)
[3731.000s][info][gc             ] GC(902) Pause Young (Concurrent Start) (G1 Evacuation Pause) 3561M->1390M(4096M) 119.702ms
[3731.000s][info][gc             ] GC(903) Concurrent Mark Cycle
[3731.000s][info][gc,marking     ] GC(903) Concurrent Scan Root Regions
[3731.000s][info][gc,cpu         ] GC(902) User=0.71s Sys=0.00s Real=0.12s
[3731.138s][info][gc,marking     ] GC(903) Concurrent Scan Root Regions 138.235ms
[3731.138s][info][gc,marking     ] GC(903) Concurrent Mark
[3731.138s][info][gc,marking     ] GC(903) Concurrent Mark From Roots
[3731.138s][info][gc,task        ] GC(903) Using 2 workers of 2 for marking
.[3731.854s][info][gc,marking     ] GC(903) Concurrent Mark From Roots 715.707ms
[3731.854s][info][gc,marking     ] GC(903) Concurrent Preclean
[3731.854s][info][gc,marking     ] GC(903) Concurrent Preclean 0.105ms
[3731.855s][info][gc,start       ] GC(903) Pause Remark
[3731.858s][info][gc             ] GC(903) Pause Remark 2106M->2106M(4096M) 3.004ms
[3731.858s][info][gc,cpu         ] GC(903) User=0.02s Sys=0.00s Real=0.00s
[3731.858s][info][gc,marking     ] GC(903) Concurrent Mark 720.100ms
[3731.858s][info][gc,marking     ] GC(903) Concurrent Rebuild Remembered Sets and Scrub Regions
[3732.123s][info][gc,marking     ] GC(903) Concurrent Rebuild Remembered Sets and Scrub Regions 264.865ms
[3732.124s][info][gc,start       ] GC(903) Pause Cleanup
[3732.125s][info][gc             ] GC(903) Pause Cleanup 2324M->2324M(4096M) 0.127ms
[3732.125s][info][gc,cpu         ] GC(903) User=0.00s Sys=0.00s Real=0.00s
[3732.125s][info][gc,marking     ] GC(903) Concurrent Clear Claimed Marks
[3732.125s][info][gc,marking     ] GC(903) Concurrent Clear Claimed Marks 0.030ms
[3732.125s][info][gc,marking     ] GC(903) Concurrent Cleanup for Next Mark
[3732.130s][info][gc,marking     ] GC(903) Concurrent Cleanup for Next Mark 5.256ms
[3732.130s][info][gc             ] GC(903) Concurrent Mark Cycle 1130.278ms
..[3733.833s][info][gc,start       ] GC(904) Pause Young (Prepare Mixed) (G1 Evacuation Pause)
[3733.833s][info][gc,task        ] GC(904) Using 6 workers of 6 for evacuation
[3733.953s][info][gc,phases      ] GC(904)   Pre Evacuate Collection Set: 0.32ms
[3733.953s][info][gc,phases      ] GC(904)   Merge Heap Roots: 0.53ms
[3733.953s][info][gc,phases      ] GC(904)   Evacuate Collection Set: 118.06ms
[3733.953s][info][gc,phases      ] GC(904)   Post Evacuate Collection Set: 0.91ms
[3733.953s][info][gc,phases      ] GC(904)   Other: 0.09ms
[3733.953s][info][gc,heap        ] GC(904) Eden regions: 1118->0(1104)
[3733.953s][info][gc,heap        ] GC(904) Survivor regions: 110->112(154)
[3733.953s][info][gc,heap        ] GC(904) Old regions: 506->537
[3733.953s][info][gc,heap        ] GC(904) Humongous regions: 80->80
[3733.953s][info][gc,metaspace   ] GC(904) Metaspace: 28909K(29248K)->28909K(29248K) NonClass: 24041K(24192K)->24041K(24192K) Class: 4868K(5056K)->4868K(5056K)
[3733.953s][info][gc             ] GC(904) Pause Young (Prepare Mixed) (G1 Evacuation Pause) 3626M->1456M(4096M) 120.057ms
[3733.953s][info][gc,cpu         ] GC(904) User=0.72s Sys=0.00s Real=0.12s
...[3736.662s][info][gc,start       ] GC(905) Pause Young (Mixed) (G1 Evacuation Pause)
[3736.662s][info][gc,task        ] GC(905) Using 6 workers of 6 for evacuation
[3736.794s][info][gc,phases      ] GC(905)   Pre Evacuate Collection Set: 0.35ms
[3736.794s][info][gc,phases      ] GC(905)   Merge Heap Roots: 0.72ms
[3736.794s][info][gc,phases      ] GC(905)   Evacuate Collection Set: 130.09ms
[3736.794s][info][gc,phases      ] GC(905)   Post Evacuate Collection Set: 0.96ms
[3736.794s][info][gc,phases      ] GC(905)   Other: 0.09ms
[3736.794s][info][gc,heap        ] GC(905) Eden regions: 1104->0(1119)
[3736.794s][info][gc,heap        ] GC(905) Survivor regions: 112->109(152)
[3736.794s][info][gc,heap        ] GC(905) Old regions: 537->475
[3736.794s][info][gc,heap        ] GC(905) Humongous regions: 80->80
[3736.794s][info][gc,metaspace   ] GC(905) Metaspace: 28909K(29248K)->28909K(29248K) NonClass: 24041K(24192K)->24041K(24192K) Class: 4868K(5056K)->4868K(5056K)
[3736.794s][info][gc             ] GC(905) Pause Young (Mixed) (G1 Evacuation Pause) 3664M->1326M(4096M) 132.337ms
[3736.794s][info][gc,cpu         ] GC(905) User=0.78s Sys=0.00s Real=0.13s
...[3739.595s][info][gc,start       ] GC(906) Pause Young (Concurrent Start) (G1 Evacuation Pause)
[3739.595s][info][gc,task        ] GC(906) Using 6 workers of 6 for evacuation
[3739.712s][info][gc,phases      ] GC(906)   Pre Evacuate Collection Set: 0.36ms
[3739.712s][info][gc,phases      ] GC(906)   Merge Heap Roots: 0.46ms
[3739.712s][info][gc,phases      ] GC(906)   Evacuate Collection Set: 115.61ms
[3739.712s][info][gc,phases      ] GC(906)   Post Evacuate Collection Set: 0.87ms
[3739.712s][info][gc,phases      ] GC(906)   Other: 0.09ms
[3739.712s][info][gc,heap        ] GC(906) Eden regions: 1119->0(1120)
[3739.712s][info][gc,heap        ] GC(906) Survivor regions: 109->108(154)
[3739.712s][info][gc,heap        ] GC(906) Old regions: 475->508
[3739.712s][info][gc,heap        ] GC(906) Humongous regions: 80->80
[3739.712s][info][gc,metaspace   ] GC(906) Metaspace: 28909K(29248K)->28909K(29248K) NonClass: 24041K(24192K)->24041K(24192K) Class: 4868K(5056K)->4868K(5056K)
[3739.712s][info][gc             ] GC(906) Pause Young (Concurrent Start) (G1 Evacuation Pause) 3564M->1390M(4096M) 117.518ms
[3739.712s][info][gc             ] GC(907) Concurrent Mark Cycle
[3739.712s][info][gc,marking     ] GC(907) Concurrent Scan Root Regions
[3739.712s][info][gc,cpu         ] GC(906) User=0.70s Sys=0.00s Real=0.12s
[3739.855s][info][gc,marking     ] GC(907) Concurrent Scan Root Regions 142.146ms
[3739.855s][info][gc,marking     ] GC(907) Concurrent Mark
[3739.855s][info][gc,marking     ] GC(907) Concurrent Mark From Roots
[3739.855s][info][gc,task        ] GC(907) Using 2 workers of 2 for marking
[3740.540s][info][gc,marking     ] GC(907) Concurrent Mark From Roots 684.904ms
[3740.540s][info][gc,marking     ] GC(907) Concurrent Preclean
.[3740.540s][info][gc,marking     ] GC(907) Concurrent Preclean 0.118ms
[3740.540s][info][gc,start       ] GC(907) Pause Remark
[3740.544s][info][gc             ] GC(907) Pause Remark 2050M->2050M(4096M) 3.251ms
[3740.544s][info][gc,cpu         ] GC(907) User=0.02s Sys=0.00s Real=0.01s
[3740.544s][info][gc,marking     ] GC(907) Concurrent Mark 689.535ms
[3740.544s][info][gc,marking     ] GC(907) Concurrent Rebuild Remembered Sets and Scrub Regions
[3740.874s][info][gc,marking     ] GC(907) Concurrent Rebuild Remembered Sets and Scrub Regions 329.571ms
[3740.874s][info][gc,start       ] GC(907) Pause Cleanup
[3740.874s][info][gc             ] GC(907) Pause Cleanup 2330M->2330M(4096M) 0.112ms
[3740.874s][info][gc,cpu         ] GC(907) User=0.00s Sys=0.00s Real=0.00s
[3740.875s][info][gc,marking     ] GC(907) Concurrent Clear Claimed Marks
[3740.875s][info][gc,marking     ] GC(907) Concurrent Clear Claimed Marks 0.029ms
[3740.875s][info][gc,marking     ] GC(907) Concurrent Cleanup for Next Mark
[3740.881s][info][gc,marking     ] GC(907) Concurrent Cleanup for Next Mark 6.111ms
[3740.881s][info][gc             ] GC(907) Concurrent Mark Cycle 1168.356ms
.[3742.517s][info][gc,start       ] GC(908) Pause Young (Prepare Mixed) (G1 Evacuation Pause)
[3742.518s][info][gc,task        ] GC(908) Using 6 workers of 6 for evacuation
[3742.638s][info][gc,phases      ] GC(908)   Pre Evacuate Collection Set: 0.33ms
[3742.638s][info][gc,phases      ] GC(908)   Merge Heap Roots: 0.56ms
[3742.638s][info][gc,phases      ] GC(908)   Evacuate Collection Set: 118.16ms
[3742.638s][info][gc,phases      ] GC(908)   Post Evacuate Collection Set: 0.87ms
[3742.638s][info][gc,phases      ] GC(908)   Other: 0.09ms
[3742.638s][info][gc,heap        ] GC(908) Eden regions: 1120->0(1104)
[3742.638s][info][gc,heap        ] GC(908) Survivor regions: 108->111(154)
[3742.638s][info][gc,heap        ] GC(908) Old regions: 508->539
[3742.638s][info][gc,heap        ] GC(908) Humongous regions: 80->80
[3742.638s][info][gc,metaspace   ] GC(908) Metaspace: 28909K(29248K)->28909K(29248K) NonClass: 24041K(24192K)->24041K(24192K) Class: 4868K(5056K)->4868K(5056K)
[3742.638s][info][gc             ] GC(908) Pause Young (Prepare Mixed) (G1 Evacuation Pause) 3630M->1457M(4096M) 120.136ms
[3742.638s][info][gc,cpu         ] GC(908) User=0.71s Sys=0.00s Real=0.12s
...[3745.329s][info][gc,start       ] GC(909) Pause Young (Mixed) (G1 Evacuation Pause)
[3745.329s][info][gc,task        ] GC(909) Using 6 workers of 6 for evacuation
[3745.464s][info][gc,phases      ] GC(909)   Pre Evacuate Collection Set: 0.36ms
[3745.464s][info][gc,phases      ] GC(909)   Merge Heap Roots: 0.72ms
[3745.464s][info][gc,phases      ] GC(909)   Evacuate Collection Set: 132.84ms
[3745.464s][info][gc,phases      ] GC(909)   Post Evacuate Collection Set: 0.96ms
[3745.464s][info][gc,phases      ] GC(909)   Other: 0.09ms
[3745.464s][info][gc,heap        ] GC(909) Eden regions: 1104->0(1119)
[3745.464s][info][gc,heap        ] GC(909) Survivor regions: 111->109(152)
[3745.464s][info][gc,heap        ] GC(909) Old regions: 539->474
[3745.464s][info][gc,heap        ] GC(909) Humongous regions: 80->80
[3745.464s][info][gc,metaspace   ] GC(909) Metaspace: 28909K(29248K)->28909K(29248K) NonClass: 24041K(24192K)->24041K(24192K) Class: 4868K(5056K)->4868K(5056K)
[3745.464s][info][gc             ] GC(909) Pause Young (Mixed) (G1 Evacuation Pause) 3665M->1324M(4096M) 135.119ms
[3745.464s][info][gc,cpu         ] GC(909) User=0.81s Sys=0.00s Real=0.14s
...[3748.255s][info][gc,start       ] GC(910) Pause Young (Concurrent Start) (G1 Evacuation Pause)
[3748.255s][info][gc,task        ] GC(910) Using 6 workers of 6 for evacuation
[3748.375s][info][gc,phases      ] GC(910)   Pre Evacuate Collection Set: 0.37ms
[3748.375s][info][gc,phases      ] GC(910)   Merge Heap Roots: 0.46ms
[3748.375s][info][gc,phases      ] GC(910)   Evacuate Collection Set: 118.08ms
[3748.375s][info][gc,phases      ] GC(910)   Post Evacuate Collection Set: 0.87ms
[3748.375s][info][gc,phases      ] GC(910)   Other: 0.12ms
[3748.375s][info][gc,heap        ] GC(910) Eden regions: 1119->0(1117)
[3748.375s][info][gc,heap        ] GC(910) Survivor regions: 109->111(154)
[3748.375s][info][gc,heap        ] GC(910) Old regions: 474->506
[3748.375s][info][gc,heap        ] GC(910) Humongous regions: 80->80
[3748.375s][info][gc,metaspace   ] GC(910) Metaspace: 28909K(29248K)->28909K(29248K) NonClass: 24041K(24192K)->24041K(24192K) Class: 4868K(5056K)->4868K(5056K)
[3748.375s][info][gc             ] GC(910) Pause Young (Concurrent Start) (G1 Evacuation Pause) 3562M->1393M(4096M) 120.045ms
[3748.375s][info][gc             ] GC(911) Concurrent Mark Cycle
[3748.375s][info][gc,marking     ] GC(911) Concurrent Scan Root Regions
[3748.375s][info][gc,cpu         ] GC(910) User=0.72s Sys=0.00s Real=0.12s
[3748.522s][info][gc,marking     ] GC(911) Concurrent Scan Root Regions 147.173ms
[3748.522s][info][gc,marking     ] GC(911) Concurrent Mark
[3748.522s][info][gc,marking     ] GC(911) Concurrent Mark From Roots
[3748.522s][info][gc,task        ] GC(911) Using 2 workers of 2 for marking
.[3749.229s][info][gc,marking     ] GC(911) Concurrent Mark From Roots 706.525ms
[3749.229s][info][gc,marking     ] GC(911) Concurrent Preclean
[3749.229s][info][gc,marking     ] GC(911) Concurrent Preclean 0.155ms
[3749.232s][info][gc,start       ] GC(911) Pause Remark
[3749.235s][info][gc             ] GC(911) Pause Remark 2077M->2077M(4096M) 3.240ms
[3749.235s][info][gc,cpu         ] GC(911) User=0.01s Sys=0.00s Real=0.00s
[3749.236s][info][gc,marking     ] GC(911) Concurrent Mark 713.649ms
[3749.236s][info][gc,marking     ] GC(911) Concurrent Rebuild Remembered Sets and Scrub Regions
[3749.495s][info][gc,marking     ] GC(911) Concurrent Rebuild Remembered Sets and Scrub Regions 259.520ms
[3749.496s][info][gc,start       ] GC(911) Pause Cleanup
[3749.496s][info][gc             ] GC(911) Pause Cleanup 2303M->2303M(4096M) 0.108ms
[3749.496s][info][gc,cpu         ] GC(911) User=0.00s Sys=0.00s Real=0.00s
[3749.496s][info][gc,marking     ] GC(911) Concurrent Clear Claimed Marks
[3749.496s][info][gc,marking     ] GC(911) Concurrent Clear Claimed Marks 0.024ms
[3749.496s][info][gc,marking     ] GC(911) Concurrent Cleanup for Next Mark
[3749.504s][info][gc,marking     ] GC(911) Concurrent Cleanup for Next Mark 7.978ms
[3749.504s][info][gc             ] GC(911) Concurrent Mark Cycle 1129.407ms
..[3751.152s][info][gc,start       ] GC(912) Pause Young (Prepare Mixed) (G1 Evacuation Pause)
[3751.152s][info][gc,task        ] GC(912) Using 6 workers of 6 for evacuation
[3751.270s][info][gc,phases      ] GC(912)   Pre Evacuate Collection Set: 0.32ms
[3751.270s][info][gc,phases      ] GC(912)   Merge Heap Roots: 0.50ms
[3751.270s][info][gc,phases      ] GC(912)   Evacuate Collection Set: 116.40ms
[3751.270s][info][gc,phases      ] GC(912)   Post Evacuate Collection Set: 0.89ms
[3751.270s][info][gc,phases      ] GC(912)   Other: 0.09ms
[3751.270s][info][gc,heap        ] GC(912) Eden regions: 1117->0(1106)
[3751.270s][info][gc,heap        ] GC(912) Survivor regions: 111->111(154)
[3751.270s][info][gc,heap        ] GC(912) Old regions: 506->537
[3751.270s][info][gc,heap        ] GC(912) Humongous regions: 80->80
[3751.270s][info][gc,metaspace   ] GC(912) Metaspace: 28909K(29248K)->28909K(29248K) NonClass: 24041K(24192K)->24041K(24192K) Class: 4868K(5056K)->4868K(5056K)
[3751.270s][info][gc             ] GC(912) Pause Young (Prepare Mixed) (G1 Evacuation Pause) 3627M->1455M(4096M) 118.331ms
[3751.271s][info][gc,cpu         ] GC(912) User=0.71s Sys=0.00s Real=0.11s
. (rIR:aIR:PR = 6503:6502:6502) (tPR = 96555) [OK] 
  3751s: Performance info:
         Transaction,    Success,    Partial,     Failed,   Receipts, AvgBarcode, 
             Overall,     396145,          0,          0,     376340,      59.48, 
         Response times:
             Request,    Success,    Partial,     Failed,   SkipFail,     Probes,    Samples,      min,      p50,      p90,      p95,      p99,      max, 
       TotalPurchase,     376340,          0,          0,          0,     365042,     416324,      300,     5700,    27000,    51000,   126000,   278000,
     InStorePurchase,     198027,          0,          0,          0,     191909,     218853,      300,     5700,    28000,    51000,   126000,   278000,
      OnlinePurchase,     138726,          0,          0,          0,     134437,     153063,      300,     5600,    27000,    51000,   126000,   278000,
        InstPurchase,      39587,          0,          0,          0,      38696,      44408,      400,     5700,    26000,    51000,   125000,   278000,
          AssocOfCat,        393,          0,          0,          0,        307,        439,    24000,    38000,    68000,   126000,   195600,   227000,
      AssocOfProduct,       3964,          0,          0,          0,       3677,       4388,      400,     4800,    21000,    44000,   112220,   207000,
      BusinessReport,        987,          0,          0,          0,        847,       1076,    28000,    49000,    95000,   133150,   209690,   293000,
          CustBuyBeh,       3959,          0,          0,          0,       3668,       4339,      200,     5400,    23000,    49000,   117000,   173000,
       ProductReturn,      10503,          0,          0,          0,      10047,      11748,      200,     5900,    29000,    53000,   130000,   267000,

  3751s: (48%)   IR =   6642 ..[3753.997s][info][gc,start       ] GC(913) Pause Young (Mixed) (G1 Evacuation Pause)
[3753.997s][info][gc,task        ] GC(913) Using 6 workers of 6 for evacuation
[3754.132s][info][gc,phases      ] GC(913)   Pre Evacuate Collection Set: 0.34ms
[3754.132s][info][gc,phases      ] GC(913)   Merge Heap Roots: 0.79ms
[3754.132s][info][gc,phases      ] GC(913)   Evacuate Collection Set: 132.90ms
[3754.132s][info][gc,phases      ] GC(913)   Post Evacuate Collection Set: 0.99ms
[3754.132s][info][gc,phases      ] GC(913)   Other: 0.09ms
[3754.132s][info][gc,heap        ] GC(913) Eden regions: 1106->0(1119)
[3754.132s][info][gc,heap        ] GC(913) Survivor regions: 111->109(153)
[3754.132s][info][gc,heap        ] GC(913) Old regions: 537->474
[3754.132s][info][gc,heap        ] GC(913) Humongous regions: 80->80
[3754.132s][info][gc,metaspace   ] GC(913) Metaspace: 28909K(29248K)->28909K(29248K) NonClass: 24041K(24192K)->24041K(24192K) Class: 4868K(5056K)->4868K(5056K)
[3754.132s][info][gc             ] GC(913) Pause Young (Mixed) (G1 Evacuation Pause) 3667M->1324M(4096M) 135.244ms
[3754.132s][info][gc,cpu         ] GC(913) User=0.81s Sys=0.00s Real=0.14s
...[3756.842s][info][gc,start       ] GC(914) Pause Young (Concurrent Start) (G1 Evacuation Pause)
[3756.842s][info][gc,task        ] GC(914) Using 6 workers of 6 for evacuation
[3756.961s][info][gc,phases      ] GC(914)   Pre Evacuate Collection Set: 0.38ms
[3756.961s][info][gc,phases      ] GC(914)   Merge Heap Roots: 0.47ms
[3756.961s][info][gc,phases      ] GC(914)   Evacuate Collection Set: 117.56ms
[3756.961s][info][gc,phases      ] GC(914)   Post Evacuate Collection Set: 0.87ms
[3756.961s][info][gc,phases      ] GC(914)   Other: 0.12ms
[3756.961s][info][gc,heap        ] GC(914) Eden regions: 1119->0(1118)
[3756.961s][info][gc,heap        ] GC(914) Survivor regions: 109->110(154)
[3756.961s][info][gc,heap        ] GC(914) Old regions: 474->506
[3756.961s][info][gc,heap        ] GC(914) Humongous regions: 80->80
[3756.961s][info][gc,metaspace   ] GC(914) Metaspace: 28909K(29248K)->28909K(29248K) NonClass: 24041K(24192K)->24041K(24192K) Class: 4868K(5056K)->4868K(5056K)
[3756.961s][info][gc             ] GC(914) Pause Young (Concurrent Start) (G1 Evacuation Pause) 3562M->1390M(4096M) 119.521ms
[3756.961s][info][gc             ] GC(915) Concurrent Mark Cycle
[3756.961s][info][gc,marking     ] GC(915) Concurrent Scan Root Regions
[3756.961s][info][gc,cpu         ] GC(914) User=0.72s Sys=0.00s Real=0.12s
[3757.100s][info][gc,marking     ] GC(915) Concurrent Scan Root Regions 138.338ms
[3757.100s][info][gc,marking     ] GC(915) Concurrent Mark
[3757.100s][info][gc,marking     ] GC(915) Concurrent Mark From Roots
[3757.100s][info][gc,task        ] GC(915) Using 2 workers of 2 for marking
[3757.656s][info][gc,marking     ] GC(915) Concurrent Mark From Roots 556.162ms
[3757.656s][info][gc,marking     ] GC(915) Concurrent Preclean
[3757.656s][info][gc,marking     ] GC(915) Concurrent Preclean 0.113ms
[3757.656s][info][gc,start       ] GC(915) Pause Remark
[3757.659s][info][gc             ] GC(915) Pause Remark 1943M->1943M(4096M) 3.258ms
[3757.659s][info][gc,cpu         ] GC(915) User=0.02s Sys=0.00s Real=0.00s
[3757.660s][info][gc,marking     ] GC(915) Concurrent Mark 559.953ms
[3757.660s][info][gc,marking     ] GC(915) Concurrent Rebuild Remembered Sets and Scrub Regions
.|[3757.872s][info][gc,marking     ] GC(915) Concurrent Rebuild Remembered Sets and Scrub Regions 212.078ms
[3757.872s][info][gc,start       ] GC(915) Pause Cleanup
[3757.872s][info][gc             ] GC(915) Pause Cleanup 2140M->2140M(4096M) 0.108ms
[3757.872s][info][gc,cpu         ] GC(915) User=0.00s Sys=0.00s Real=0.00s
[3757.872s][info][gc,marking     ] GC(915) Concurrent Clear Claimed Marks
[3757.872s][info][gc,marking     ] GC(915) Concurrent Clear Claimed Marks 0.024ms
[3757.872s][info][gc,marking     ] GC(915) Concurrent Cleanup for Next Mark
[3757.879s][info][gc,marking     ] GC(915) Concurrent Cleanup for Next Mark 6.412ms
[3757.879s][info][gc             ] GC(915) Concurrent Mark Cycle 917.452ms
.[3759.706s][info][gc,start       ] GC(916) Pause Young (Prepare Mixed) (G1 Evacuation Pause)
[3759.706s][info][gc,task        ] GC(916) Using 6 workers of 6 for evacuation
[3759.826s][info][gc,phases      ] GC(916)   Pre Evacuate Collection Set: 0.34ms
[3759.827s][info][gc,phases      ] GC(916)   Merge Heap Roots: 0.58ms
[3759.827s][info][gc,phases      ] GC(916)   Evacuate Collection Set: 118.88ms
[3759.827s][info][gc,phases      ] GC(916)   Post Evacuate Collection Set: 0.92ms
[3759.827s][info][gc,phases      ] GC(916)   Other: 0.10ms
[3759.827s][info][gc,heap        ] GC(916) Eden regions: 1118->0(1107)
[3759.827s][info][gc,heap        ] GC(916) Survivor regions: 110->110(154)
[3759.827s][info][gc,heap        ] GC(916) Old regions: 506->538
[3759.827s][info][gc,heap        ] GC(916) Humongous regions: 80->80
[3759.827s][info][gc,metaspace   ] GC(916) Metaspace: 28909K(29248K)->28909K(29248K) NonClass: 24041K(24192K)->24041K(24192K) Class: 4868K(5056K)->4868K(5056K)
[3759.827s][info][gc             ] GC(916) Pause Young (Prepare Mixed) (G1 Evacuation Pause) 3626M->1454M(4096M) 120.975ms
[3759.827s][info][gc,cpu         ] GC(916) User=0.70s Sys=0.00s Real=0.12s
...[3762.447s][info][gc,start       ] GC(917) Pause Young (Mixed) (G1 Evacuation Pause)
[3762.447s][info][gc,task        ] GC(917) Using 6 workers of 6 for evacuation
[3762.579s][info][gc,phases      ] GC(917)   Pre Evacuate Collection Set: 0.34ms
[3762.579s][info][gc,phases      ] GC(917)   Merge Heap Roots: 0.69ms
[3762.579s][info][gc,phases      ] GC(917)   Evacuate Collection Set: 129.65ms
[3762.579s][info][gc,phases      ] GC(917)   Post Evacuate Collection Set: 0.95ms
[3762.579s][info][gc,phases      ] GC(917)   Other: 0.09ms
[3762.579s][info][gc,heap        ] GC(917) Eden regions: 1107->0(1120)
[3762.579s][info][gc,heap        ] GC(917) Survivor regions: 110->108(153)
[3762.579s][info][gc,heap        ] GC(917) Old regions: 538->475
[3762.579s][info][gc,heap        ] GC(917) Humongous regions: 80->80
[3762.579s][info][gc,metaspace   ] GC(917) Metaspace: 28909K(29248K)->28909K(29248K) NonClass: 24041K(24192K)->24041K(24192K) Class: 4868K(5056K)->4868K(5056K)
[3762.579s][info][gc             ] GC(917) Pause Young (Mixed) (G1 Evacuation Pause) 3668M->1324M(4096M) 131.836ms
[3762.579s][info][gc,cpu         ] GC(917) User=0.79s Sys=0.00s Real=0.13s
...[3765.322s][info][gc,start       ] GC(918) Pause Young (Concurrent Start) (G1 Evacuation Pause)
[3765.323s][info][gc,task        ] GC(918) Using 6 workers of 6 for evacuation
[3765.440s][info][gc,phases      ] GC(918)   Pre Evacuate Collection Set: 0.38ms
[3765.441s][info][gc,phases      ] GC(918)   Merge Heap Roots: 0.51ms
[3765.441s][info][gc,phases      ] GC(918)   Evacuate Collection Set: 116.08ms
[3765.441s][info][gc,phases      ] GC(918)   Post Evacuate Collection Set: 0.86ms
[3765.441s][info][gc,phases      ] GC(918)   Other: 0.12ms
[3765.441s][info][gc,heap        ] GC(918) Eden regions: 1120->0(1121)
[3765.441s][info][gc,heap        ] GC(918) Survivor regions: 108->107(154)
[3765.441s][info][gc,heap        ] GC(918) Old regions: 475->507
[3765.441s][info][gc,heap        ] GC(918) Humongous regions: 80->80
[3765.441s][info][gc,metaspace   ] GC(918) Metaspace: 28909K(29248K)->28909K(29248K) NonClass: 24041K(24192K)->24041K(24192K) Class: 4868K(5056K)->4868K(5056K)
[3765.441s][info][gc             ] GC(918) Pause Young (Concurrent Start) (G1 Evacuation Pause) 3564M->1387M(4096M) 118.096ms
[3765.441s][info][gc             ] GC(919) Concurrent Mark Cycle
[3765.441s][info][gc,marking     ] GC(919) Concurrent Scan Root Regions
[3765.441s][info][gc,cpu         ] GC(918) User=0.70s Sys=0.00s Real=0.11s
[3765.610s][info][gc,marking     ] GC(919) Concurrent Scan Root Regions 169.738ms
[3765.610s][info][gc,marking     ] GC(919) Concurrent Mark
[3765.610s][info][gc,marking     ] GC(919) Concurrent Mark From Roots
[3765.610s][info][gc,task        ] GC(919) Using 2 workers of 2 for marking
.[3766.533s][info][gc,marking     ] GC(919) Concurrent Mark From Roots 922.827ms
[3766.533s][info][gc,marking     ] GC(919) Concurrent Preclean
[3766.533s][info][gc,marking     ] GC(919) Concurrent Preclean 0.107ms
[3766.534s][info][gc,start       ] GC(919) Pause Remark
[3766.538s][info][gc             ] GC(919) Pause Remark 2327M->2327M(4096M) 3.784ms
[3766.538s][info][gc,cpu         ] GC(919) User=0.02s Sys=0.00s Real=0.00s
[3766.538s][info][gc,marking     ] GC(919) Concurrent Mark 927.253ms
[3766.538s][info][gc,marking     ] GC(919) Concurrent Rebuild Remembered Sets and Scrub Regions
.[3766.883s][info][gc,marking     ] GC(919) Concurrent Rebuild Remembered Sets and Scrub Regions 345.241ms
[3766.883s][info][gc,start       ] GC(919) Pause Cleanup
[3766.883s][info][gc             ] GC(919) Pause Cleanup 2602M->2602M(4096M) 0.115ms
[3766.883s][info][gc,cpu         ] GC(919) User=0.00s Sys=0.00s Real=0.00s
[3766.884s][info][gc,marking     ] GC(919) Concurrent Clear Claimed Marks
[3766.884s][info][gc,marking     ] GC(919) Concurrent Clear Claimed Marks 0.035ms
[3766.884s][info][gc,marking     ] GC(919) Concurrent Cleanup for Next Mark
[3766.889s][info][gc,marking     ] GC(919) Concurrent Cleanup for Next Mark 4.923ms
[3766.889s][info][gc             ] GC(919) Concurrent Mark Cycle 1448.242ms
.[3768.194s][info][gc,start       ] GC(920) Pause Young (Prepare Mixed) (G1 Evacuation Pause)
[3768.195s][info][gc,task        ] GC(920) Using 6 workers of 6 for evacuation
[3768.313s][info][gc,phases      ] GC(920)   Pre Evacuate Collection Set: 0.34ms
[3768.313s][info][gc,phases      ] GC(920)   Merge Heap Roots: 0.50ms
[3768.313s][info][gc,phases      ] GC(920)   Evacuate Collection Set: 116.12ms
[3768.313s][info][gc,phases      ] GC(920)   Post Evacuate Collection Set: 0.91ms
[3768.313s][info][gc,phases      ] GC(920)   Other: 0.09ms
[3768.313s][info][gc,heap        ] GC(920) Eden regions: 1121->0(1103)
[3768.313s][info][gc,heap        ] GC(920) Survivor regions: 107->112(154)
[3768.313s][info][gc,heap        ] GC(920) Old regions: 507->538
[3768.313s][info][gc,heap        ] GC(920) Humongous regions: 80->80
[3768.313s][info][gc,metaspace   ] GC(920) Metaspace: 28909K(29248K)->28909K(29248K) NonClass: 24041K(24192K)->24041K(24192K) Class: 4868K(5056K)->4868K(5056K)
[3768.313s][info][gc             ] GC(920) Pause Young (Prepare Mixed) (G1 Evacuation Pause) 3629M->1458M(4096M) 118.103ms
[3768.313s][info][gc,cpu         ] GC(920) User=0.70s Sys=0.00s Real=0.12s
...[3770.986s][info][gc,start       ] GC(921) Pause Young (Mixed) (G1 Evacuation Pause)
[3770.986s][info][gc,task        ] GC(921) Using 6 workers of 6 for evacuation
[3771.122s][info][gc,phases      ] GC(921)   Pre Evacuate Collection Set: 0.38ms
[3771.122s][info][gc,phases      ] GC(921)   Merge Heap Roots: 0.72ms
[3771.122s][info][gc,phases      ] GC(921)   Evacuate Collection Set: 133.94ms
[3771.122s][info][gc,phases      ] GC(921)   Post Evacuate Collection Set: 0.95ms
[3771.123s][info][gc,phases      ] GC(921)   Other: 0.09ms
[3771.123s][info][gc,heap        ] GC(921) Eden regions: 1103->0(1117)
[3771.123s][info][gc,heap        ] GC(921) Survivor regions: 112->111(152)
[3771.123s][info][gc,heap        ] GC(921) Old regions: 538->474
[3771.123s][info][gc,heap        ] GC(921) Humongous regions: 80->80
[3771.123s][info][gc,metaspace   ] GC(921) Metaspace: 28909K(29248K)->28909K(29248K) NonClass: 24041K(24192K)->24041K(24192K) Class: 4868K(5056K)->4868K(5056K)
[3771.123s][info][gc             ] GC(921) Pause Young (Mixed) (G1 Evacuation Pause) 3664M->1329M(4096M) 136.218ms
[3771.123s][info][gc,cpu         ] GC(921) User=0.82s Sys=0.00s Real=0.14s
..[3773.840s][info][gc,start       ] GC(922) Pause Young (Concurrent Start) (G1 Evacuation Pause)
[3773.840s][info][gc,task        ] GC(922) Using 6 workers of 6 for evacuation
[3773.962s][info][gc,phases      ] GC(922)   Pre Evacuate Collection Set: 0.40ms
[3773.962s][info][gc,phases      ] GC(922)   Merge Heap Roots: 0.55ms
[3773.962s][info][gc,phases      ] GC(922)   Evacuate Collection Set: 119.25ms
[3773.962s][info][gc,phases      ] GC(922)   Post Evacuate Collection Set: 0.88ms
[3773.962s][info][gc,phases      ] GC(922)   Other: 0.13ms
[3773.962s][info][gc,heap        ] GC(922) Eden regions: 1117->0(1118)
[3773.962s][info][gc,heap        ] GC(922) Survivor regions: 111->110(154)
[3773.962s][info][gc,heap        ] GC(922) Old regions: 474->507
[3773.962s][info][gc,heap        ] GC(922) Humongous regions: 80->80
[3773.962s][info][gc,metaspace   ] GC(922) Metaspace: 28909K(29248K)->28909K(29248K) NonClass: 24041K(24192K)->24041K(24192K) Class: 4868K(5056K)->4868K(5056K)
[3773.962s][info][gc             ] GC(922) Pause Young (Concurrent Start) (G1 Evacuation Pause) 3563M->1393M(4096M) 121.345ms
[3773.962s][info][gc             ] GC(923) Concurrent Mark Cycle
[3773.962s][info][gc,marking     ] GC(923) Concurrent Scan Root Regions
[3773.962s][info][gc,cpu         ] GC(922) User=0.72s Sys=0.00s Real=0.13s
.[3774.166s][info][gc,marking     ] GC(923) Concurrent Scan Root Regions 204.021ms
[3774.166s][info][gc,marking     ] GC(923) Concurrent Mark
[3774.166s][info][gc,marking     ] GC(923) Concurrent Mark From Roots
[3774.166s][info][gc,task        ] GC(923) Using 2 workers of 2 for marking
.[3775.083s][info][gc,marking     ] GC(923) Concurrent Mark From Roots 917.480ms
[3775.083s][info][gc,marking     ] GC(923) Concurrent Preclean
[3775.084s][info][gc,marking     ] GC(923) Concurrent Preclean 0.142ms
[3775.084s][info][gc,start       ] GC(923) Pause Remark
[3775.088s][info][gc             ] GC(923) Pause Remark 2366M->2366M(4096M) 4.401ms
[3775.088s][info][gc,cpu         ] GC(923) User=0.02s Sys=0.00s Real=0.00s
[3775.089s][info][gc,marking     ] GC(923) Concurrent Mark 922.729ms
[3775.089s][info][gc,marking     ] GC(923) Concurrent Rebuild Remembered Sets and Scrub Regions
[3775.450s][info][gc,marking     ] GC(923) Concurrent Rebuild Remembered Sets and Scrub Regions 361.679ms
[3775.451s][info][gc,start       ] GC(923) Pause Cleanup
[3775.451s][info][gc             ] GC(923) Pause Cleanup 2675M->2675M(4096M) 0.112ms
[3775.451s][info][gc,cpu         ] GC(923) User=0.00s Sys=0.00s Real=0.00s
[3775.452s][info][gc,marking     ] GC(923) Concurrent Clear Claimed Marks
[3775.452s][info][gc,marking     ] GC(923) Concurrent Clear Claimed Marks 0.030ms
[3775.452s][info][gc,marking     ] GC(923) Concurrent Cleanup for Next Mark
[3775.458s][info][gc,marking     ] GC(923) Concurrent Cleanup for Next Mark 6.448ms
[3775.458s][info][gc             ] GC(923) Concurrent Mark Cycle 1496.368ms
.[3776.649s][info][gc,start       ] GC(924) Pause Young (Prepare Mixed) (G1 Evacuation Pause)
[3776.649s][info][gc,task        ] GC(924) Using 6 workers of 6 for evacuation
[3776.767s][info][gc,phases      ] GC(924)   Pre Evacuate Collection Set: 0.32ms
[3776.767s][info][gc,phases      ] GC(924)   Merge Heap Roots: 0.62ms
[3776.767s][info][gc,phases      ] GC(924)   Evacuate Collection Set: 116.26ms
[3776.767s][info][gc,phases      ] GC(924)   Post Evacuate Collection Set: 0.89ms
[3776.767s][info][gc,phases      ] GC(924)   Other: 0.09ms
[3776.767s][info][gc,heap        ] GC(924) Eden regions: 1118->0(1107)
[3776.767s][info][gc,heap        ] GC(924) Survivor regions: 110->110(154)
[3776.767s][info][gc,heap        ] GC(924) Old regions: 507->538
[3776.767s][info][gc,heap        ] GC(924) Humongous regions: 80->80
[3776.767s][info][gc,metaspace   ] GC(924) Metaspace: 28909K(29248K)->28909K(29248K) NonClass: 24041K(24192K)->24041K(24192K) Class: 4868K(5056K)->4868K(5056K)
[3776.767s][info][gc             ] GC(924) Pause Young (Prepare Mixed) (G1 Evacuation Pause) 3629M->1455M(4096M) 118.318ms
[3776.767s][info][gc,cpu         ] GC(924) User=0.70s Sys=0.00s Real=0.12s
...[3779.525s][info][gc,start       ] GC(925) Pause Young (Mixed) (G1 Evacuation Pause)
[3779.525s][info][gc,task        ] GC(925) Using 6 workers of 6 for evacuation
[3779.658s][info][gc,phases      ] GC(925)   Pre Evacuate Collection Set: 0.35ms
[3779.658s][info][gc,phases      ] GC(925)   Merge Heap Roots: 0.77ms
[3779.658s][info][gc,phases      ] GC(925)   Evacuate Collection Set: 130.56ms
[3779.658s][info][gc,phases      ] GC(925)   Post Evacuate Collection Set: 0.95ms
[3779.658s][info][gc,phases      ] GC(925)   Other: 0.09ms
[3779.658s][info][gc,heap        ] GC(925) Eden regions: 1107->0(1121)
[3779.658s][info][gc,heap        ] GC(925) Survivor regions: 110->107(153)
[3779.658s][info][gc,heap        ] GC(925) Old regions: 538->474
[3779.658s][info][gc,heap        ] GC(925) Humongous regions: 80->80
[3779.658s][info][gc,metaspace   ] GC(925) Metaspace: 28909K(29248K)->28909K(29248K) NonClass: 24041K(24192K)->24041K(24192K) Class: 4868K(5056K)->4868K(5056K)
[3779.658s][info][gc             ] GC(925) Pause Young (Mixed) (G1 Evacuation Pause) 3669M->1321M(4096M) 132.851ms
[3779.658s][info][gc,cpu         ] GC(925) User=0.79s Sys=0.00s Real=0.13s
...[3782.321s][info][gc,start       ] GC(926) Pause Young (Concurrent Start) (G1 Evacuation Pause)
[3782.321s][info][gc,task        ] GC(926) Using 6 workers of 6 for evacuation
[3782.438s][info][gc,phases      ] GC(926)   Pre Evacuate Collection Set: 0.39ms
[3782.438s][info][gc,phases      ] GC(926)   Merge Heap Roots: 0.53ms
[3782.438s][info][gc,phases      ] GC(926)   Evacuate Collection Set: 115.15ms
[3782.438s][info][gc,phases      ] GC(926)   Post Evacuate Collection Set: 0.88ms
[3782.438s][info][gc,phases      ] GC(926)   Other: 0.12ms
[3782.438s][info][gc,heap        ] GC(926) Eden regions: 1121->0(1121)
[3782.438s][info][gc,heap        ] GC(926) Survivor regions: 107->107(154)
[3782.438s][info][gc,heap        ] GC(926) Old regions: 474->506
[3782.438s][info][gc,heap        ] GC(926) Humongous regions: 80->80
[3782.438s][info][gc,metaspace   ] GC(926) Metaspace: 28909K(29248K)->28909K(29248K) NonClass: 24041K(24192K)->24041K(24192K) Class: 4868K(5056K)->4868K(5056K)
[3782.438s][info][gc             ] GC(926) Pause Young (Concurrent Start) (G1 Evacuation Pause) 3563M->1384M(4096M) 117.191ms
[3782.438s][info][gc             ] GC(927) Concurrent Mark Cycle
[3782.438s][info][gc,marking     ] GC(927) Concurrent Scan Root Regions
[3782.438s][info][gc,cpu         ] GC(926) User=0.70s Sys=0.00s Real=0.12s
[3782.627s][info][gc,marking     ] GC(927) Concurrent Scan Root Regions 189.026ms
[3782.627s][info][gc,marking     ] GC(927) Concurrent Mark
[3782.627s][info][gc,marking     ] GC(927) Concurrent Mark From Roots
[3782.627s][info][gc,task        ] GC(927) Using 2 workers of 2 for marking
.[3783.616s][info][gc,marking     ] GC(927) Concurrent Mark From Roots 988.610ms
[3783.616s][info][gc,marking     ] GC(927) Concurrent Preclean
[3783.616s][info][gc,marking     ] GC(927) Concurrent Preclean 0.152ms
[3783.616s][info][gc,start       ] GC(927) Pause Remark
[3783.621s][info][gc             ] GC(927) Pause Remark 2361M->2361M(4096M) 4.716ms
[3783.621s][info][gc,cpu         ] GC(927) User=0.02s Sys=0.00s Real=0.00s
[3783.622s][info][gc,marking     ] GC(927) Concurrent Mark 994.976ms
[3783.622s][info][gc,marking     ] GC(927) Concurrent Rebuild Remembered Sets and Scrub Regions
[3783.890s][info][gc,marking     ] GC(927) Concurrent Rebuild Remembered Sets and Scrub Regions 268.459ms
[3783.891s][info][gc,start       ] GC(927) Pause Cleanup
[3783.891s][info][gc             ] GC(927) Pause Cleanup 2579M->2579M(4096M) 0.126ms
[3783.891s][info][gc,cpu         ] GC(927) User=0.00s Sys=0.00s Real=0.01s
[3783.891s][info][gc,marking     ] GC(927) Concurrent Clear Claimed Marks
[3783.891s][info][gc,marking     ] GC(927) Concurrent Clear Claimed Marks 0.036ms
[3783.891s][info][gc,marking     ] GC(927) Concurrent Cleanup for Next Mark
[3783.896s][info][gc,marking     ] GC(927) Concurrent Cleanup for Next Mark 4.772ms
[3783.896s][info][gc             ] GC(927) Concurrent Mark Cycle 1457.939ms
..[3785.167s][info][gc,start       ] GC(928) Pause Young (Prepare Mixed) (G1 Evacuation Pause)
[3785.167s][info][gc,task        ] GC(928) Using 6 workers of 6 for evacuation
[3785.288s][info][gc,phases      ] GC(928)   Pre Evacuate Collection Set: 0.33ms
[3785.288s][info][gc,phases      ] GC(928)   Merge Heap Roots: 0.62ms
[3785.288s][info][gc,phases      ] GC(928)   Evacuate Collection Set: 118.71ms
[3785.288s][info][gc,phases      ] GC(928)   Post Evacuate Collection Set: 0.84ms
[3785.288s][info][gc,phases      ] GC(928)   Other: 0.09ms
[3785.288s][info][gc,heap        ] GC(928) Eden regions: 1121->0(1105)
[3785.288s][info][gc,heap        ] GC(928) Survivor regions: 107->111(154)
[3785.288s][info][gc,heap        ] GC(928) Old regions: 506->538
[3785.288s][info][gc,heap        ] GC(928) Humongous regions: 80->80
[3785.288s][info][gc,metaspace   ] GC(928) Metaspace: 28909K(29248K)->28909K(29248K) NonClass: 24041K(24192K)->24041K(24192K) Class: 4868K(5056K)->4868K(5056K)
[3785.288s][info][gc             ] GC(928) Pause Young (Prepare Mixed) (G1 Evacuation Pause) 3626M->1456M(4096M) 120.734ms
[3785.288s][info][gc,cpu         ] GC(928) User=0.72s Sys=0.00s Real=0.12s
..[3787.955s][info][gc,start       ] GC(929) Pause Young (Mixed) (G1 Evacuation Pause)
[3787.955s][info][gc,task        ] GC(929) Using 6 workers of 6 for evacuation
[3788.092s][info][gc,phases      ] GC(929)   Pre Evacuate Collection Set: 0.36ms
[3788.092s][info][gc,phases      ] GC(929)   Merge Heap Roots: 0.76ms
[3788.092s][info][gc,phases      ] GC(929)   Evacuate Collection Set: 134.98ms
[3788.092s][info][gc,phases      ] GC(929)   Post Evacuate Collection Set: 0.94ms
[3788.092s][info][gc,phases      ] GC(929)   Other: 0.09ms
[3788.092s][info][gc,heap        ] GC(929) Eden regions: 1105->0(1114)
[3788.092s][info][gc,heap        ] GC(929) Survivor regions: 111->114(152)
[3788.092s][info][gc,heap        ] GC(929) Old regions: 538->474
[3788.092s][info][gc,heap        ] GC(929) Humongous regions: 80->80
[3788.092s][info][gc,metaspace   ] GC(929) Metaspace: 28909K(29248K)->28909K(29248K) NonClass: 24041K(24192K)->24041K(24192K) Class: 4868K(5056K)->4868K(5056K)
[3788.092s][info][gc             ] GC(929) Pause Young (Mixed) (G1 Evacuation Pause) 3666M->1333M(4096M) 137.270ms
[3788.092s][info][gc,cpu         ] GC(929) User=0.82s Sys=0.00s Real=0.14s
...[3790.850s][info][gc,start       ] GC(930) Pause Young (Concurrent Start) (G1 Evacuation Pause)
[3790.850s][info][gc,task        ] GC(930) Using 6 workers of 6 for evacuation
[3790.969s][info][gc,phases      ] GC(930)   Pre Evacuate Collection Set: 0.39ms
[3790.969s][info][gc,phases      ] GC(930)   Merge Heap Roots: 0.48ms
[3790.969s][info][gc,phases      ] GC(930)   Evacuate Collection Set: 117.69ms
[3790.969s][info][gc,phases      ] GC(930)   Post Evacuate Collection Set: 0.87ms
[3790.969s][info][gc,phases      ] GC(930)   Other: 0.12ms
[3790.969s][info][gc,heap        ] GC(930) Eden regions: 1114->0(1115)
[3790.969s][info][gc,heap        ] GC(930) Survivor regions: 114->113(154)
[3790.969s][info][gc,heap        ] GC(930) Old regions: 474->505
[3790.969s][info][gc,heap        ] GC(930) Humongous regions: 80->80
[3790.969s][info][gc,metaspace   ] GC(930) Metaspace: 28909K(29248K)->28909K(29248K) NonClass: 24041K(24192K)->24041K(24192K) Class: 4868K(5056K)->4868K(5056K)
[3790.969s][info][gc             ] GC(930) Pause Young (Concurrent Start) (G1 Evacuation Pause) 3561M->1394M(4096M) 119.673ms
[3790.969s][info][gc             ] GC(931) Concurrent Mark Cycle
[3790.969s][info][gc,marking     ] GC(931) Concurrent Scan Root Regions
[3790.969s][info][gc,cpu         ] GC(930) User=0.71s Sys=0.01s Real=0.12s
[3791.113s][info][gc,marking     ] GC(931) Concurrent Scan Root Regions 143.155ms
[3791.113s][info][gc,marking     ] GC(931) Concurrent Mark
[3791.113s][info][gc,marking     ] GC(931) Concurrent Mark From Roots
[3791.113s][info][gc,task        ] GC(931) Using 2 workers of 2 for marking
.[3791.825s][info][gc,marking     ] GC(931) Concurrent Mark From Roots 712.260ms
[3791.825s][info][gc,marking     ] GC(931) Concurrent Preclean
[3791.825s][info][gc,marking     ] GC(931) Concurrent Preclean 0.173ms
[3791.827s][info][gc,start       ] GC(931) Pause Remark
[3791.830s][info][gc             ] GC(931) Pause Remark 2100M->2100M(4096M) 2.625ms
[3791.830s][info][gc,cpu         ] GC(931) User=0.01s Sys=0.00s Real=0.00s
[3791.830s][info][gc,marking     ] GC(931) Concurrent Mark 717.484ms
[3791.830s][info][gc,marking     ] GC(931) Concurrent Rebuild Remembered Sets and Scrub Regions
[3792.088s][info][gc,marking     ] GC(931) Concurrent Rebuild Remembered Sets and Scrub Regions 257.421ms
[3792.088s][info][gc,start       ] GC(931) Pause Cleanup
[3792.088s][info][gc             ] GC(931) Pause Cleanup 2334M->2334M(4096M) 0.114ms
[3792.088s][info][gc,cpu         ] GC(931) User=0.00s Sys=0.00s Real=0.00s
[3792.088s][info][gc,marking     ] GC(931) Concurrent Clear Claimed Marks
[3792.088s][info][gc,marking     ] GC(931) Concurrent Clear Claimed Marks 0.023ms
[3792.088s][info][gc,marking     ] GC(931) Concurrent Cleanup for Next Mark
[3792.093s][info][gc,marking     ] GC(931) Concurrent Cleanup for Next Mark 4.758ms
[3792.093s][info][gc             ] GC(931) Concurrent Mark Cycle 1123.299ms
..[3793.671s][info][gc,start       ] GC(932) Pause Young (Prepare Mixed) (G1 Evacuation Pause)
[3793.671s][info][gc,task        ] GC(932) Using 6 workers of 6 for evacuation
[3793.795s][info][gc,phases      ] GC(932)   Pre Evacuate Collection Set: 0.30ms
[3793.795s][info][gc,phases      ] GC(932)   Merge Heap Roots: 0.49ms
[3793.795s][info][gc,phases      ] GC(932)   Evacuate Collection Set: 122.36ms
[3793.795s][info][gc,phases      ] GC(932)   Post Evacuate Collection Set: 0.92ms
[3793.795s][info][gc,phases      ] GC(932)   Other: 0.09ms
[3793.795s][info][gc,heap        ] GC(932) Eden regions: 1115->0(1098)
[3793.795s][info][gc,heap        ] GC(932) Survivor regions: 113->115(154)
[3793.795s][info][gc,heap        ] GC(932) Old regions: 505->537
[3793.795s][info][gc,heap        ] GC(932) Humongous regions: 80->80
[3793.795s][info][gc,metaspace   ] GC(932) Metaspace: 28909K(29248K)->28909K(29248K) NonClass: 24041K(24192K)->24041K(24192K) Class: 4868K(5056K)->4868K(5056K)
[3793.795s][info][gc             ] GC(932) Pause Young (Prepare Mixed) (G1 Evacuation Pause) 3624M->1462M(4096M) 124.290ms
[3793.795s][info][gc,cpu         ] GC(932) User=0.74s Sys=0.00s Real=0.13s
...[3796.498s][info][gc,start       ] GC(933) Pause Young (Mixed) (G1 Evacuation Pause)
[3796.498s][info][gc,task        ] GC(933) Using 6 workers of 6 for evacuation
[3796.638s][info][gc,phases      ] GC(933)   Pre Evacuate Collection Set: 0.37ms
[3796.638s][info][gc,phases      ] GC(933)   Merge Heap Roots: 0.77ms
[3796.638s][info][gc,phases      ] GC(933)   Evacuate Collection Set: 138.34ms
[3796.638s][info][gc,phases      ] GC(933)   Post Evacuate Collection Set: 0.91ms
[3796.638s][info][gc,phases      ] GC(933)   Other: 0.09ms
[3796.638s][info][gc,heap        ] GC(933) Eden regions: 1098->0(1117)
[3796.638s][info][gc,heap        ] GC(933) Survivor regions: 115->111(152)
[3796.638s][info][gc,heap        ] GC(933) Old regions: 537->473
[3796.638s][info][gc,heap        ] GC(933) Humongous regions: 80->80
[3796.638s][info][gc,metaspace   ] GC(933) Metaspace: 28909K(29248K)->28909K(29248K) NonClass: 24041K(24192K)->24041K(24192K) Class: 4868K(5056K)->4868K(5056K)
[3796.638s][info][gc             ] GC(933) Pause Young (Mixed) (G1 Evacuation Pause) 3658M->1325M(4096M) 140.600ms
[3796.638s][info][gc,cpu         ] GC(933) User=0.84s Sys=0.00s Real=0.14s
...[3799.325s][info][gc,start       ] GC(934) Pause Young (Concurrent Start) (G1 Evacuation Pause)
[3799.325s][info][gc,task        ] GC(934) Using 6 workers of 6 for evacuation
[3799.440s][info][gc,phases      ] GC(934)   Pre Evacuate Collection Set: 0.41ms
[3799.440s][info][gc,phases      ] GC(934)   Merge Heap Roots: 0.49ms
[3799.440s][info][gc,phases      ] GC(934)   Evacuate Collection Set: 113.12ms
[3799.440s][info][gc,phases      ] GC(934)   Post Evacuate Collection Set: 0.88ms
[3799.440s][info][gc,phases      ] GC(934)   Other: 0.13ms
[3799.440s][info][gc,heap        ] GC(934) Eden regions: 1117->0(1121)
[3799.440s][info][gc,heap        ] GC(934) Survivor regions: 111->107(154)
[3799.440s][info][gc,heap        ] GC(934) Old regions: 473->505
[3799.440s][info][gc,heap        ] GC(934) Humongous regions: 80->80
[3799.440s][info][gc,metaspace   ] GC(934) Metaspace: 28909K(29248K)->28909K(29248K) NonClass: 24041K(24192K)->24041K(24192K) Class: 4868K(5056K)->4868K(5056K)
[3799.440s][info][gc             ] GC(934) Pause Young (Concurrent Start) (G1 Evacuation Pause) 3559M->1382M(4096M) 115.155ms
[3799.440s][info][gc             ] GC(935) Concurrent Mark Cycle
[3799.440s][info][gc,marking     ] GC(935) Concurrent Scan Root Regions
[3799.440s][info][gc,cpu         ] GC(934) User=0.68s Sys=0.00s Real=0.11s
[3799.629s][info][gc,marking     ] GC(935) Concurrent Scan Root Regions 188.950ms
[3799.629s][info][gc,marking     ] GC(935) Concurrent Mark
[3799.629s][info][gc,marking     ] GC(935) Concurrent Mark From Roots
[3799.629s][info][gc,task        ] GC(935) Using 2 workers of 2 for marking
.[3800.540s][info][gc,marking     ] GC(935) Concurrent Mark From Roots 911.240ms
[3800.541s][info][gc,marking     ] GC(935) Concurrent Preclean
[3800.541s][info][gc,marking     ] GC(935) Concurrent Preclean 0.107ms
[3800.541s][info][gc,start       ] GC(935) Pause Remark
[3800.545s][info][gc             ] GC(935) Pause Remark 2294M->2294M(4096M) 4.531ms
[3800.545s][info][gc,cpu         ] GC(935) User=0.02s Sys=0.00s Real=0.01s
[3800.545s][info][gc,marking     ] GC(935) Concurrent Mark 916.131ms
[3800.545s][info][gc,marking     ] GC(935) Concurrent Rebuild Remembered Sets and Scrub Regions
[3800.911s][info][gc,marking     ] GC(935) Concurrent Rebuild Remembered Sets and Scrub Regions 365.239ms
[3800.911s][info][gc,start       ] GC(935) Pause Cleanup
[3800.911s][info][gc             ] GC(935) Pause Cleanup 2601M->2601M(4096M) 0.119ms
[3800.911s][info][gc,cpu         ] GC(935) User=0.00s Sys=0.00s Real=0.00s
[3800.911s][info][gc,marking     ] GC(935) Concurrent Clear Claimed Marks
[3800.911s][info][gc,marking     ] GC(935) Concurrent Clear Claimed Marks 0.027ms
[3800.911s][info][gc,marking     ] GC(935) Concurrent Cleanup for Next Mark
[3800.916s][info][gc,marking     ] GC(935) Concurrent Cleanup for Next Mark 5.189ms
[3800.916s][info][gc             ] GC(935) Concurrent Mark Cycle 1476.103ms
.[3802.146s][info][gc,start       ] GC(936) Pause Young (Prepare Mixed) (G1 Evacuation Pause)
[3802.146s][info][gc,task        ] GC(936) Using 6 workers of 6 for evacuation
[3802.268s][info][gc,phases      ] GC(936)   Pre Evacuate Collection Set: 0.34ms
[3802.268s][info][gc,phases      ] GC(936)   Merge Heap Roots: 0.52ms
[3802.268s][info][gc,phases      ] GC(936)   Evacuate Collection Set: 119.73ms
[3802.268s][info][gc,phases      ] GC(936)   Post Evacuate Collection Set: 0.91ms
[3802.268s][info][gc,phases      ] GC(936)   Other: 0.09ms
[3802.268s][info][gc,heap        ] GC(936) Eden regions: 1121->0(1104)
[3802.268s][info][gc,heap        ] GC(936) Survivor regions: 107->112(154)
[3802.268s][info][gc,heap        ] GC(936) Old regions: 505->537
[3802.268s][info][gc,heap        ] GC(936) Humongous regions: 80->80
[3802.268s][info][gc,metaspace   ] GC(936) Metaspace: 28909K(29248K)->28909K(29248K) NonClass: 24041K(24192K)->24041K(24192K) Class: 4868K(5056K)->4868K(5056K)
[3802.268s][info][gc             ] GC(936) Pause Young (Prepare Mixed) (G1 Evacuation Pause) 3624M->1456M(4096M) 121.749ms
[3802.268s][info][gc,cpu         ] GC(936) User=0.72s Sys=0.00s Real=0.12s
...[3804.963s][info][gc,start       ] GC(937) Pause Young (Mixed) (G1 Evacuation Pause)
[3804.963s][info][gc,task        ] GC(937) Using 6 workers of 6 for evacuation
[3805.100s][info][gc,phases      ] GC(937)   Pre Evacuate Collection Set: 0.33ms
[3805.100s][info][gc,phases      ] GC(937)   Merge Heap Roots: 0.73ms
[3805.100s][info][gc,phases      ] GC(937)   Evacuate Collection Set: 135.38ms
[3805.100s][info][gc,phases      ] GC(937)   Post Evacuate Collection Set: 1.02ms
[3805.100s][info][gc,phases      ] GC(937)   Other: 0.09ms
[3805.100s][info][gc,heap        ] GC(937) Eden regions: 1104->0(1116)
[3805.100s][info][gc,heap        ] GC(937) Survivor regions: 112->112(152)
[3805.100s][info][gc,heap        ] GC(937) Old regions: 537->475
[3805.100s][info][gc,heap        ] GC(937) Humongous regions: 80->80
[3805.100s][info][gc,metaspace   ] GC(937) Metaspace: 28909K(29248K)->28909K(29248K) NonClass: 24041K(24192K)->24041K(24192K) Class: 4868K(5056K)->4868K(5056K)
[3805.101s][info][gc             ] GC(937) Pause Young (Mixed) (G1 Evacuation Pause) 3664M->1332M(4096M) 137.703ms
[3805.101s][info][gc,cpu         ] GC(937) User=0.81s Sys=0.01s Real=0.13s
...[3807.704s][info][gc,start       ] GC(938) Pause Young (Concurrent Start) (G1 Evacuation Pause)
[3807.704s][info][gc,task        ] GC(938) Using 6 workers of 6 for evacuation
[3807.821s][info][gc,phases      ] GC(938)   Pre Evacuate Collection Set: 0.41ms
[3807.821s][info][gc,phases      ] GC(938)   Merge Heap Roots: 0.47ms
[3807.821s][info][gc,phases      ] GC(938)   Evacuate Collection Set: 115.42ms
[3807.821s][info][gc,phases      ] GC(938)   Post Evacuate Collection Set: 0.90ms
[3807.821s][info][gc,phases      ] GC(938)   Other: 0.12ms
[3807.821s][info][gc,heap        ] GC(938) Eden regions: 1116->0(1120)
[3807.821s][info][gc,heap        ] GC(938) Survivor regions: 112->108(154)
[3807.821s][info][gc,heap        ] GC(938) Old regions: 475->508
[3807.821s][info][gc,heap        ] GC(938) Humongous regions: 80->80
[3807.821s][info][gc,metaspace   ] GC(938) Metaspace: 28909K(29248K)->28909K(29248K) NonClass: 24041K(24192K)->24041K(24192K) Class: 4868K(5056K)->4868K(5056K)
[3807.821s][info][gc             ] GC(938) Pause Young (Concurrent Start) (G1 Evacuation Pause) 3564M->1389M(4096M) 117.459ms
[3807.821s][info][gc             ] GC(939) Concurrent Mark Cycle
[3807.821s][info][gc,marking     ] GC(939) Concurrent Scan Root Regions
[3807.821s][info][gc,cpu         ] GC(938) User=0.70s Sys=0.00s Real=0.12s
[3808.003s][info][gc,marking     ] GC(939) Concurrent Scan Root Regions 181.881ms
[3808.003s][info][gc,marking     ] GC(939) Concurrent Mark
[3808.003s][info][gc,marking     ] GC(939) Concurrent Mark From Roots
[3808.003s][info][gc,task        ] GC(939) Using 2 workers of 2 for marking
.[3809.012s][info][gc,marking     ] GC(939) Concurrent Mark From Roots 1008.695ms
[3809.012s][info][gc,marking     ] GC(939) Concurrent Preclean
[3809.012s][info][gc,marking     ] GC(939) Concurrent Preclean 0.124ms
[3809.012s][info][gc,start       ] GC(939) Pause Remark
[3809.017s][info][gc             ] GC(939) Pause Remark 2366M->2366M(4096M) 4.663ms
[3809.017s][info][gc,cpu         ] GC(939) User=0.02s Sys=0.00s Real=0.00s
[3809.017s][info][gc,marking     ] GC(939) Concurrent Mark 1013.823ms
[3809.017s][info][gc,marking     ] GC(939) Concurrent Rebuild Remembered Sets and Scrub Regions
.[3809.375s][info][gc,marking     ] GC(939) Concurrent Rebuild Remembered Sets and Scrub Regions 358.291ms
[3809.376s][info][gc,start       ] GC(939) Pause Cleanup
[3809.376s][info][gc             ] GC(939) Pause Cleanup 2649M->2649M(4096M) 0.116ms
[3809.376s][info][gc,cpu         ] GC(939) User=0.00s Sys=0.00s Real=0.00s
[3809.376s][info][gc,marking     ] GC(939) Concurrent Clear Claimed Marks
[3809.376s][info][gc,marking     ] GC(939) Concurrent Clear Claimed Marks 0.027ms
[3809.376s][info][gc,marking     ] GC(939) Concurrent Cleanup for Next Mark
[3809.380s][info][gc,marking     ] GC(939) Concurrent Cleanup for Next Mark 4.266ms
[3809.380s][info][gc             ] GC(939) Concurrent Mark Cycle 1558.796ms
.[3810.600s][info][gc,start       ] GC(940) Pause Young (Prepare Mixed) (G1 Evacuation Pause)
[3810.600s][info][gc,task        ] GC(940) Using 6 workers of 6 for evacuation
[3810.716s][info][gc,phases      ] GC(940)   Pre Evacuate Collection Set: 0.35ms
[3810.716s][info][gc,phases      ] GC(940)   Merge Heap Roots: 0.53ms
[3810.716s][info][gc,phases      ] GC(940)   Evacuate Collection Set: 114.51ms
[3810.716s][info][gc,phases      ] GC(940)   Post Evacuate Collection Set: 0.92ms
[3810.716s][info][gc,phases      ] GC(940)   Other: 0.09ms
[3810.717s][info][gc,heap        ] GC(940) Eden regions: 1120->0(1107)
[3810.717s][info][gc,heap        ] GC(940) Survivor regions: 108->109(154)
[3810.717s][info][gc,heap        ] GC(940) Old regions: 508->540
[3810.717s][info][gc,heap        ] GC(940) Humongous regions: 80->80
[3810.717s][info][gc,metaspace   ] GC(940) Metaspace: 28909K(29248K)->28909K(29248K) NonClass: 24041K(24192K)->24041K(24192K) Class: 4868K(5056K)->4868K(5056K)
[3810.717s][info][gc             ] GC(940) Pause Young (Prepare Mixed) (G1 Evacuation Pause) 3629M->1455M(4096M) 116.533ms
[3810.717s][info][gc,cpu         ] GC(940) User=0.69s Sys=0.00s Real=0.12s
...[3813.404s][info][gc,start       ] GC(941) Pause Young (Mixed) (G1 Evacuation Pause)
[3813.404s][info][gc,task        ] GC(941) Using 6 workers of 6 for evacuation
[3813.536s][info][gc,phases      ] GC(941)   Pre Evacuate Collection Set: 0.35ms
[3813.536s][info][gc,phases      ] GC(941)   Merge Heap Roots: 0.69ms
[3813.536s][info][gc,phases      ] GC(941)   Evacuate Collection Set: 130.18ms
[3813.536s][info][gc,phases      ] GC(941)   Post Evacuate Collection Set: 0.93ms
[3813.536s][info][gc,phases      ] GC(941)   Other: 0.09ms
[3813.536s][info][gc,heap        ] GC(941) Eden regions: 1107->0(1119)
[3813.536s][info][gc,heap        ] GC(941) Survivor regions: 109->109(152)
[3813.536s][info][gc,heap        ] GC(941) Old regions: 540->476
[3813.536s][info][gc,heap        ] GC(941) Humongous regions: 80->80
[3813.536s][info][gc,metaspace   ] GC(941) Metaspace: 28909K(29248K)->28909K(29248K) NonClass: 24041K(24192K)->24041K(24192K) Class: 4868K(5056K)->4868K(5056K)
[3813.536s][info][gc             ] GC(941) Pause Young (Mixed) (G1 Evacuation Pause) 3669M->1329M(4096M) 132.375ms
[3813.536s][info][gc,cpu         ] GC(941) User=0.78s Sys=0.00s Real=0.13s
..[3816.264s][info][gc,start       ] GC(942) Pause Young (Concurrent Start) (G1 Evacuation Pause)
[3816.264s][info][gc,task        ] GC(942) Using 6 workers of 6 for evacuation
[3816.388s][info][gc,phases      ] GC(942)   Pre Evacuate Collection Set: 0.36ms
[3816.388s][info][gc,phases      ] GC(942)   Merge Heap Roots: 0.49ms
[3816.388s][info][gc,phases      ] GC(942)   Evacuate Collection Set: 121.83ms
[3816.388s][info][gc,phases      ] GC(942)   Post Evacuate Collection Set: 0.90ms
[3816.388s][info][gc,phases      ] GC(942)   Other: 0.11ms
[3816.388s][info][gc,heap        ] GC(942) Eden regions: 1119->0(1115)
[3816.388s][info][gc,heap        ] GC(942) Survivor regions: 109->113(154)
[3816.388s][info][gc,heap        ] GC(942) Old regions: 476->509
[3816.388s][info][gc,heap        ] GC(942) Humongous regions: 80->80
[3816.388s][info][gc,metaspace   ] GC(942) Metaspace: 28909K(29248K)->28909K(29248K) NonClass: 24041K(24192K)->24041K(24192K) Class: 4868K(5056K)->4868K(5056K)
[3816.388s][info][gc             ] GC(942) Pause Young (Concurrent Start) (G1 Evacuation Pause) 3567M->1403M(4096M) 123.823ms
[3816.388s][info][gc             ] GC(943) Concurrent Mark Cycle
[3816.388s][info][gc,marking     ] GC(943) Concurrent Scan Root Regions
[3816.388s][info][gc,cpu         ] GC(942) User=0.74s Sys=0.00s Real=0.12s
.[3816.582s][info][gc,marking     ] GC(943) Concurrent Scan Root Regions 193.795ms
[3816.582s][info][gc,marking     ] GC(943) Concurrent Mark
[3816.582s][info][gc,marking     ] GC(943) Concurrent Mark From Roots
[3816.582s][info][gc,task        ] GC(943) Using 2 workers of 2 for marking
[3817.349s][info][gc,marking     ] GC(943) Concurrent Mark From Roots 767.527ms
[3817.349s][info][gc,marking     ] GC(943) Concurrent Preclean
[3817.350s][info][gc,marking     ] GC(943) Concurrent Preclean 0.125ms
[3817.350s][info][gc,start       ] GC(943) Pause Remark
[3817.354s][info][gc             ] GC(943) Pause Remark 2231M->2231M(4096M) 4.103ms
[3817.354s][info][gc,cpu         ] GC(943) User=0.02s Sys=0.00s Real=0.01s
[3817.355s][info][gc,marking     ] GC(943) Concurrent Mark 772.982ms
[3817.355s][info][gc,marking     ] GC(943) Concurrent Rebuild Remembered Sets and Scrub Regions
.[3817.607s][info][gc,marking     ] GC(943) Concurrent Rebuild Remembered Sets and Scrub Regions 252.182ms
[3817.607s][info][gc,start       ] GC(943) Pause Cleanup
[3817.608s][info][gc             ] GC(943) Pause Cleanup 2429M->2429M(4096M) 0.114ms
[3817.608s][info][gc,cpu         ] GC(943) User=0.00s Sys=0.00s Real=0.00s
[3817.608s][info][gc,marking     ] GC(943) Concurrent Clear Claimed Marks
[3817.608s][info][gc,marking     ] GC(943) Concurrent Clear Claimed Marks 0.032ms
[3817.608s][info][gc,marking     ] GC(943) Concurrent Cleanup for Next Mark
[3817.613s][info][gc,marking     ] GC(943) Concurrent Cleanup for Next Mark 5.675ms
[3817.613s][info][gc             ] GC(943) Concurrent Mark Cycle 1225.347ms
. (rIR:aIR:PR = 6642:6649:6649) (tPR = 98226) [OK] 
  3818s: Performance info:
         Transaction,    Success,    Partial,     Failed,   Receipts, AvgBarcode, 
             Overall,     403068,          0,          0,     382909,      59.48, 
         Response times:
             Request,    Success,    Partial,     Failed,   SkipFail,     Probes,    Samples,      min,      p50,      p90,      p95,      p99,      max, 
       TotalPurchase,     382731,          0,          0,          0,     361645,     399768,      300,     5700,    31000,    67000,   136000,   292000,
     InStorePurchase,     201491,          0,          0,          0,     190177,     210044,      300,     5900,    32000,    69000,   137000,   292000,
      OnlinePurchase,     140908,          0,          0,          0,     133463,     147572,      300,     5600,    30000,    66000,   136000,   274000,
        InstPurchase,      40332,          0,          0,          0,      38005,      42152,      400,     5600,    30000,    64000,   132000,   274000,
          AssocOfCat,        404,          0,          0,          0,        337,        457,    27000,    42000,   101200,   162100,   206260,   248000,
      AssocOfProduct,       4024,          0,          0,          0,       3732,       4323,      500,     6900,    36000,    75000,   137520,   243000,
      BusinessReport,       1008,          0,          0,          0,        890,       1108,    28000,    50000,   102000,   131550,   209000,   263000,
          CustBuyBeh,       4041,          0,          0,          0,       3753,       4345,      300,     6200,    33000,    71000,   142000,   183000,
       ProductReturn,      10692,          0,          0,          0,      10095,      11378,      200,     5400,    31000,    63050,   140000,   204000,

  3818s: (49%)   IR =   6780 [3819.116s][info][gc,start       ] GC(944) Pause Young (Prepare Mixed) (G1 Evacuation Pause)
[3819.116s][info][gc,task        ] GC(944) Using 6 workers of 6 for evacuation
[3819.238s][info][gc,phases      ] GC(944)   Pre Evacuate Collection Set: 0.30ms
[3819.238s][info][gc,phases      ] GC(944)   Merge Heap Roots: 0.52ms
[3819.238s][info][gc,phases      ] GC(944)   Evacuate Collection Set: 119.75ms
[3819.238s][info][gc,phases      ] GC(944)   Post Evacuate Collection Set: 0.99ms
[3819.238s][info][gc,phases      ] GC(944)   Other: 0.10ms
[3819.238s][info][gc,heap        ] GC(944) Eden regions: 1115->0(1098)
[3819.238s][info][gc,heap        ] GC(944) Survivor regions: 113->113(154)
[3819.238s][info][gc,heap        ] GC(944) Old regions: 509->541
[3819.238s][info][gc,heap        ] GC(944) Humongous regions: 80->80
[3819.238s][info][gc,metaspace   ] GC(944) Metaspace: 28909K(29248K)->28909K(29248K) NonClass: 24041K(24192K)->24041K(24192K) Class: 4868K(5056K)->4868K(5056K)
[3819.238s][info][gc             ] GC(944) Pause Young (Prepare Mixed) (G1 Evacuation Pause) 3633M->1465M(4096M) 121.779ms
[3819.238s][info][gc,cpu         ] GC(944) User=0.72s Sys=0.01s Real=0.12s
...[3821.857s][info][gc,start       ] GC(945) Pause Young (Mixed) (G1 Evacuation Pause)
[3821.857s][info][gc,task        ] GC(945) Using 6 workers of 6 for evacuation
[3821.998s][info][gc,phases      ] GC(945)   Pre Evacuate Collection Set: 0.39ms
[3821.998s][info][gc,phases      ] GC(945)   Merge Heap Roots: 0.71ms
[3821.998s][info][gc,phases      ] GC(945)   Evacuate Collection Set: 138.53ms
[3821.998s][info][gc,phases      ] GC(945)   Post Evacuate Collection Set: 0.99ms
[3821.998s][info][gc,phases      ] GC(945)   Other: 0.09ms
[3821.998s][info][gc,heap        ] GC(945) Eden regions: 1098->0(1113)
[3821.998s][info][gc,heap        ] GC(945) Survivor regions: 113->115(152)
[3821.998s][info][gc,heap        ] GC(945) Old regions: 541->474
[3821.998s][info][gc,heap        ] GC(945) Humongous regions: 80->80
[3821.998s][info][gc,metaspace   ] GC(945) Metaspace: 28909K(29248K)->28909K(29248K) NonClass: 24041K(24192K)->24041K(24192K) Class: 4868K(5056K)->4868K(5056K)
[3821.998s][info][gc             ] GC(945) Pause Young (Mixed) (G1 Evacuation Pause) 3661M->1336M(4096M) 140.850ms
[3821.998s][info][gc,cpu         ] GC(945) User=0.84s Sys=0.00s Real=0.14s
...|[3824.675s][info][gc,start       ] GC(946) Pause Young (Concurrent Start) (G1 Evacuation Pause)
[3824.675s][info][gc,task        ] GC(946) Using 6 workers of 6 for evacuation
[3824.794s][info][gc,phases      ] GC(946)   Pre Evacuate Collection Set: 0.45ms
[3824.794s][info][gc,phases      ] GC(946)   Merge Heap Roots: 0.53ms
[3824.794s][info][gc,phases      ] GC(946)   Evacuate Collection Set: 116.26ms
[3824.794s][info][gc,phases      ] GC(946)   Post Evacuate Collection Set: 0.87ms
[3824.794s][info][gc,phases      ] GC(946)   Other: 0.13ms
[3824.794s][info][gc,heap        ] GC(946) Eden regions: 1113->0(1119)
[3824.794s][info][gc,heap        ] GC(946) Survivor regions: 115->109(154)
[3824.794s][info][gc,heap        ] GC(946) Old regions: 474->506
[3824.794s][info][gc,heap        ] GC(946) Humongous regions: 80->80
[3824.794s][info][gc,metaspace   ] GC(946) Metaspace: 28909K(29248K)->28909K(29248K) NonClass: 24041K(24192K)->24041K(24192K) Class: 4868K(5056K)->4868K(5056K)
[3824.794s][info][gc             ] GC(946) Pause Young (Concurrent Start) (G1 Evacuation Pause) 3562M->1389M(4096M) 118.392ms
[3824.794s][info][gc             ] GC(947) Concurrent Mark Cycle
[3824.794s][info][gc,marking     ] GC(947) Concurrent Scan Root Regions
[3824.794s][info][gc,cpu         ] GC(946) User=0.70s Sys=0.00s Real=0.12s
[3825.017s][info][gc,marking     ] GC(947) Concurrent Scan Root Regions 223.242ms
[3825.017s][info][gc,marking     ] GC(947) Concurrent Mark
[3825.017s][info][gc,marking     ] GC(947) Concurrent Mark From Roots
[3825.017s][info][gc,task        ] GC(947) Using 2 workers of 2 for marking
.[3825.776s][info][gc,marking     ] GC(947) Concurrent Mark From Roots 758.623ms
[3825.776s][info][gc,marking     ] GC(947) Concurrent Preclean
[3825.776s][info][gc,marking     ] GC(947) Concurrent Preclean 0.161ms
[3825.776s][info][gc,start       ] GC(947) Pause Remark
[3825.779s][info][gc             ] GC(947) Pause Remark 2164M->2164M(4096M) 2.876ms
[3825.779s][info][gc,cpu         ] GC(947) User=0.01s Sys=0.00s Real=0.00s
[3825.779s][info][gc,marking     ] GC(947) Concurrent Mark 761.967ms
[3825.779s][info][gc,marking     ] GC(947) Concurrent Rebuild Remembered Sets and Scrub Regions
[3826.051s][info][gc,marking     ] GC(947) Concurrent Rebuild Remembered Sets and Scrub Regions 272.329ms
[3826.052s][info][gc,start       ] GC(947) Pause Cleanup
[3826.052s][info][gc             ] GC(947) Pause Cleanup 2428M->2428M(4096M) 0.116ms
[3826.052s][info][gc,cpu         ] GC(947) User=0.00s Sys=0.00s Real=0.00s
[3826.052s][info][gc,marking     ] GC(947) Concurrent Clear Claimed Marks
[3826.052s][info][gc,marking     ] GC(947) Concurrent Clear Claimed Marks 0.027ms
[3826.052s][info][gc,marking     ] GC(947) Concurrent Cleanup for Next Mark
[3826.057s][info][gc,marking     ] GC(947) Concurrent Cleanup for Next Mark 5.545ms
[3826.057s][info][gc             ] GC(947) Concurrent Mark Cycle 1263.756ms
.[3827.391s][info][gc,start       ] GC(948) Pause Young (Prepare Mixed) (G1 Evacuation Pause)
[3827.391s][info][gc,task        ] GC(948) Using 6 workers of 6 for evacuation
[3827.510s][info][gc,phases      ] GC(948)   Pre Evacuate Collection Set: 0.33ms
[3827.510s][info][gc,phases      ] GC(948)   Merge Heap Roots: 0.51ms
[3827.510s][info][gc,phases      ] GC(948)   Evacuate Collection Set: 116.75ms
[3827.510s][info][gc,phases      ] GC(948)   Post Evacuate Collection Set: 0.92ms
[3827.510s][info][gc,phases      ] GC(948)   Other: 0.09ms
[3827.510s][info][gc,heap        ] GC(948) Eden regions: 1119->0(1109)
[3827.510s][info][gc,heap        ] GC(948) Survivor regions: 109->109(154)
[3827.510s][info][gc,heap        ] GC(948) Old regions: 506->538
[3827.510s][info][gc,heap        ] GC(948) Humongous regions: 80->80
[3827.510s][info][gc,metaspace   ] GC(948) Metaspace: 28909K(29248K)->28909K(29248K) NonClass: 24041K(24192K)->24041K(24192K) Class: 4868K(5056K)->4868K(5056K)
[3827.510s][info][gc             ] GC(948) Pause Young (Prepare Mixed) (G1 Evacuation Pause) 3627M->1452M(4096M) 118.754ms
[3827.510s][info][gc,cpu         ] GC(948) User=0.71s Sys=0.00s Real=0.11s
...[3830.163s][info][gc,start       ] GC(949) Pause Young (Mixed) (G1 Evacuation Pause)
[3830.164s][info][gc,task        ] GC(949) Using 6 workers of 6 for evacuation
[3830.304s][info][gc,phases      ] GC(949)   Pre Evacuate Collection Set: 0.38ms
[3830.304s][info][gc,phases      ] GC(949)   Merge Heap Roots: 0.70ms
[3830.304s][info][gc,phases      ] GC(949)   Evacuate Collection Set: 138.29ms
[3830.304s][info][gc,phases      ] GC(949)   Post Evacuate Collection Set: 0.93ms
[3830.304s][info][gc,phases      ] GC(949)   Other: 0.09ms
[3830.304s][info][gc,heap        ] GC(949) Eden regions: 1109->0(1115)
[3830.304s][info][gc,heap        ] GC(949) Survivor regions: 109->113(153)
[3830.304s][info][gc,heap        ] GC(949) Old regions: 538->474
[3830.304s][info][gc,heap        ] GC(949) Humongous regions: 80->80
[3830.304s][info][gc,metaspace   ] GC(949) Metaspace: 28909K(29248K)->28909K(29248K) NonClass: 24041K(24192K)->24041K(24192K) Class: 4868K(5056K)->4868K(5056K)
[3830.304s][info][gc             ] GC(949) Pause Young (Mixed) (G1 Evacuation Pause) 3670M->1332M(4096M) 140.526ms
[3830.304s][info][gc,cpu         ] GC(949) User=0.84s Sys=0.00s Real=0.14s
...[3832.925s][info][gc,start       ] GC(950) Pause Young (Concurrent Start) (G1 Evacuation Pause)
[3832.925s][info][gc,task        ] GC(950) Using 6 workers of 6 for evacuation
[3833.044s][info][gc,phases      ] GC(950)   Pre Evacuate Collection Set: 0.35ms
[3833.044s][info][gc,phases      ] GC(950)   Merge Heap Roots: 0.46ms
[3833.044s][info][gc,phases      ] GC(950)   Evacuate Collection Set: 116.87ms
[3833.044s][info][gc,phases      ] GC(950)   Post Evacuate Collection Set: 0.86ms
[3833.044s][info][gc,phases      ] GC(950)   Other: 0.12ms
[3833.044s][info][gc,heap        ] GC(950) Eden regions: 1115->0(1117)
[3833.044s][info][gc,heap        ] GC(950) Survivor regions: 113->111(154)
[3833.044s][info][gc,heap        ] GC(950) Old regions: 474->505
[3833.044s][info][gc,heap        ] GC(950) Humongous regions: 80->80
[3833.044s][info][gc,metaspace   ] GC(950) Metaspace: 28909K(29248K)->28909K(29248K) NonClass: 24041K(24192K)->24041K(24192K) Class: 4868K(5056K)->4868K(5056K)
[3833.044s][info][gc             ] GC(950) Pause Young (Concurrent Start) (G1 Evacuation Pause) 3562M->1389M(4096M) 118.794ms
[3833.044s][info][gc             ] GC(951) Concurrent Mark Cycle
[3833.044s][info][gc,marking     ] GC(951) Concurrent Scan Root Regions
[3833.044s][info][gc,cpu         ] GC(950) User=0.71s Sys=0.00s Real=0.12s
[3833.183s][info][gc,marking     ] GC(951) Concurrent Scan Root Regions 139.042ms
[3833.183s][info][gc,marking     ] GC(951) Concurrent Mark
[3833.183s][info][gc,marking     ] GC(951) Concurrent Mark From Roots
[3833.183s][info][gc,task        ] GC(951) Using 2 workers of 2 for marking
.[3833.887s][info][gc,marking     ] GC(951) Concurrent Mark From Roots 704.104ms
[3833.887s][info][gc,marking     ] GC(951) Concurrent Preclean
[3833.887s][info][gc,marking     ] GC(951) Concurrent Preclean 0.114ms
[3833.890s][info][gc,start       ] GC(951) Pause Remark
[3833.893s][info][gc             ] GC(951) Pause Remark 2069M->2069M(4096M) 2.707ms
[3833.893s][info][gc,cpu         ] GC(951) User=0.02s Sys=0.00s Real=0.01s
[3833.893s][info][gc,marking     ] GC(951) Concurrent Mark 710.128ms
[3833.893s][info][gc,marking     ] GC(951) Concurrent Rebuild Remembered Sets and Scrub Regions
[3834.134s][info][gc,marking     ] GC(951) Concurrent Rebuild Remembered Sets and Scrub Regions 241.163ms
[3834.135s][info][gc,start       ] GC(951) Pause Cleanup
[3834.135s][info][gc             ] GC(951) Pause Cleanup 2285M->2285M(4096M) 0.126ms
[3834.135s][info][gc,cpu         ] GC(951) User=0.00s Sys=0.00s Real=0.00s
[3834.135s][info][gc,marking     ] GC(951) Concurrent Clear Claimed Marks
[3834.135s][info][gc,marking     ] GC(951) Concurrent Clear Claimed Marks 0.023ms
[3834.135s][info][gc,marking     ] GC(951) Concurrent Cleanup for Next Mark
[3834.142s][info][gc,marking     ] GC(951) Concurrent Cleanup for Next Mark 6.861ms
[3834.142s][info][gc             ] GC(951) Concurrent Mark Cycle 1098.522ms
..[3835.711s][info][gc,start       ] GC(952) Pause Young (Prepare Mixed) (G1 Evacuation Pause)
[3835.711s][info][gc,task        ] GC(952) Using 6 workers of 6 for evacuation
[3835.828s][info][gc,phases      ] GC(952)   Pre Evacuate Collection Set: 0.33ms
[3835.828s][info][gc,phases      ] GC(952)   Merge Heap Roots: 0.50ms
[3835.828s][info][gc,phases      ] GC(952)   Evacuate Collection Set: 115.08ms
[3835.828s][info][gc,phases      ] GC(952)   Post Evacuate Collection Set: 0.90ms
[3835.828s][info][gc,phases      ] GC(952)   Other: 0.09ms
[3835.828s][info][gc,heap        ] GC(952) Eden regions: 1117->0(1111)
[3835.828s][info][gc,heap        ] GC(952) Survivor regions: 111->109(154)
[3835.828s][info][gc,heap        ] GC(952) Old regions: 505->536
[3835.828s][info][gc,heap        ] GC(952) Humongous regions: 80->80
[3835.828s][info][gc,metaspace   ] GC(952) Metaspace: 28909K(29248K)->28909K(29248K) NonClass: 24041K(24192K)->24041K(24192K) Class: 4868K(5056K)->4868K(5056K)
[3835.828s][info][gc             ] GC(952) Pause Young (Prepare Mixed) (G1 Evacuation Pause) 3623M->1449M(4096M) 117.046ms
[3835.828s][info][gc,cpu         ] GC(952) User=0.69s Sys=0.00s Real=0.12s
..[3838.472s][info][gc,start       ] GC(953) Pause Young (Mixed) (G1 Evacuation Pause)
[3838.473s][info][gc,task        ] GC(953) Using 6 workers of 6 for evacuation
[3838.610s][info][gc,phases      ] GC(953)   Pre Evacuate Collection Set: 0.33ms
[3838.610s][info][gc,phases      ] GC(953)   Merge Heap Roots: 0.69ms
[3838.610s][info][gc,phases      ] GC(953)   Evacuate Collection Set: 135.30ms
[3838.610s][info][gc,phases      ] GC(953)   Post Evacuate Collection Set: 0.97ms
[3838.610s][info][gc,phases      ] GC(953)   Other: 0.09ms
[3838.610s][info][gc,heap        ] GC(953) Eden regions: 1111->0(1117)
[3838.610s][info][gc,heap        ] GC(953) Survivor regions: 109->111(153)
[3838.610s][info][gc,heap        ] GC(953) Old regions: 536->474
[3838.610s][info][gc,heap        ] GC(953) Humongous regions: 80->80
[3838.610s][info][gc,metaspace   ] GC(953) Metaspace: 28909K(29248K)->28909K(29248K) NonClass: 24041K(24192K)->24041K(24192K) Class: 4868K(5056K)->4868K(5056K)
[3838.610s][info][gc             ] GC(953) Pause Young (Mixed) (G1 Evacuation Pause) 3671M->1327M(4096M) 137.490ms
[3838.610s][info][gc,cpu         ] GC(953) User=0.82s Sys=0.00s Real=0.13s
...[3841.179s][info][gc,start       ] GC(954) Pause Young (Concurrent Start) (G1 Evacuation Pause)
[3841.179s][info][gc,task        ] GC(954) Using 6 workers of 6 for evacuation
[3841.296s][info][gc,phases      ] GC(954)   Pre Evacuate Collection Set: 0.38ms
[3841.296s][info][gc,phases      ] GC(954)   Merge Heap Roots: 0.47ms
[3841.296s][info][gc,phases      ] GC(954)   Evacuate Collection Set: 115.66ms
[3841.296s][info][gc,phases      ] GC(954)   Post Evacuate Collection Set: 0.88ms
[3841.296s][info][gc,phases      ] GC(954)   Other: 0.12ms
[3841.296s][info][gc,heap        ] GC(954) Eden regions: 1117->0(1119)
[3841.296s][info][gc,heap        ] GC(954) Survivor regions: 111->109(154)
[3841.296s][info][gc,heap        ] GC(954) Old regions: 474->506
[3841.296s][info][gc,heap        ] GC(954) Humongous regions: 80->80
[3841.296s][info][gc,metaspace   ] GC(954) Metaspace: 28909K(29248K)->28909K(29248K) NonClass: 24041K(24192K)->24041K(24192K) Class: 4868K(5056K)->4868K(5056K)
[3841.296s][info][gc             ] GC(954) Pause Young (Concurrent Start) (G1 Evacuation Pause) 3561M->1388M(4096M) 117.655ms
[3841.296s][info][gc             ] GC(955) Concurrent Mark Cycle
[3841.297s][info][gc,marking     ] GC(955) Concurrent Scan Root Regions
[3841.297s][info][gc,cpu         ] GC(954) User=0.70s Sys=0.00s Real=0.12s
[3841.409s][info][gc,marking     ] GC(955) Concurrent Scan Root Regions 112.367ms
[3841.409s][info][gc,marking     ] GC(955) Concurrent Mark
[3841.409s][info][gc,marking     ] GC(955) Concurrent Mark From Roots
[3841.409s][info][gc,task        ] GC(955) Using 2 workers of 2 for marking
.[3841.962s][info][gc,marking     ] GC(955) Concurrent Mark From Roots 553.158ms
[3841.962s][info][gc,marking     ] GC(955) Concurrent Preclean
[3841.962s][info][gc,marking     ] GC(955) Concurrent Preclean 0.089ms
[3841.965s][info][gc,start       ] GC(955) Pause Remark
[3841.967s][info][gc             ] GC(955) Pause Remark 1916M->1916M(4096M) 2.666ms
[3841.968s][info][gc,cpu         ] GC(955) User=0.02s Sys=0.00s Real=0.00s
[3841.968s][info][gc,marking     ] GC(955) Concurrent Mark 558.662ms
[3841.968s][info][gc,marking     ] GC(955) Concurrent Rebuild Remembered Sets and Scrub Regions
[3842.217s][info][gc,marking     ] GC(955) Concurrent Rebuild Remembered Sets and Scrub Regions 249.045ms
[3842.217s][info][gc,start       ] GC(955) Pause Cleanup
[3842.217s][info][gc             ] GC(955) Pause Cleanup 2112M->2112M(4096M) 0.112ms
[3842.217s][info][gc,cpu         ] GC(955) User=0.00s Sys=0.00s Real=0.00s
[3842.218s][info][gc,marking     ] GC(955) Concurrent Clear Claimed Marks
[3842.218s][info][gc,marking     ] GC(955) Concurrent Clear Claimed Marks 0.025ms
[3842.218s][info][gc,marking     ] GC(955) Concurrent Cleanup for Next Mark
[3842.222s][info][gc,marking     ] GC(955) Concurrent Cleanup for Next Mark 4.607ms
[3842.222s][info][gc             ] GC(955) Concurrent Mark Cycle 925.778ms
..[3844.065s][info][gc,start       ] GC(956) Pause Young (Prepare Mixed) (G1 Evacuation Pause)
[3844.065s][info][gc,task        ] GC(956) Using 6 workers of 6 for evacuation
[3844.186s][info][gc,phases      ] GC(956)   Pre Evacuate Collection Set: 0.32ms
[3844.186s][info][gc,phases      ] GC(956)   Merge Heap Roots: 0.56ms
[3844.186s][info][gc,phases      ] GC(956)   Evacuate Collection Set: 119.18ms
[3844.186s][info][gc,phases      ] GC(956)   Post Evacuate Collection Set: 0.92ms
[3844.186s][info][gc,phases      ] GC(956)   Other: 0.09ms
[3844.186s][info][gc,heap        ] GC(956) Eden regions: 1119->0(1102)
[3844.186s][info][gc,heap        ] GC(956) Survivor regions: 109->113(154)
[3844.186s][info][gc,heap        ] GC(956) Old regions: 506->537
[3844.186s][info][gc,heap        ] GC(956) Humongous regions: 80->80
[3844.186s][info][gc,metaspace   ] GC(956) Metaspace: 28909K(29248K)->28909K(29248K) NonClass: 24041K(24192K)->24041K(24192K) Class: 4868K(5056K)->4868K(5056K)
[3844.186s][info][gc             ] GC(956) Pause Young (Prepare Mixed) (G1 Evacuation Pause) 3626M->1458M(4096M) 121.191ms
[3844.186s][info][gc,cpu         ] GC(956) User=0.72s Sys=0.00s Real=0.12s
...[3846.747s][info][gc,start       ] GC(957) Pause Young (Mixed) (G1 Evacuation Pause)
[3846.747s][info][gc,task        ] GC(957) Using 6 workers of 6 for evacuation
[3846.882s][info][gc,phases      ] GC(957)   Pre Evacuate Collection Set: 0.38ms
[3846.882s][info][gc,phases      ] GC(957)   Merge Heap Roots: 0.66ms
[3846.882s][info][gc,phases      ] GC(957)   Evacuate Collection Set: 132.74ms
[3846.882s][info][gc,phases      ] GC(957)   Post Evacuate Collection Set: 0.92ms
[3846.882s][info][gc,phases      ] GC(957)   Other: 0.09ms
[3846.882s][info][gc,heap        ] GC(957) Eden regions: 1102->0(1119)
[3846.882s][info][gc,heap        ] GC(957) Survivor regions: 113->109(152)
[3846.882s][info][gc,heap        ] GC(957) Old regions: 537->474
[3846.882s][info][gc,heap        ] GC(957) Humongous regions: 80->80
[3846.882s][info][gc,metaspace   ] GC(957) Metaspace: 28909K(29248K)->28909K(29248K) NonClass: 24041K(24192K)->24041K(24192K) Class: 4868K(5056K)->4868K(5056K)
[3846.882s][info][gc             ] GC(957) Pause Young (Mixed) (G1 Evacuation Pause) 3662M->1323M(4096M) 134.917ms
[3846.882s][info][gc,cpu         ] GC(957) User=0.80s Sys=0.00s Real=0.14s
..[3849.550s][info][gc,start       ] GC(958) Pause Young (Concurrent Start) (G1 Evacuation Pause)
[3849.550s][info][gc,task        ] GC(958) Using 6 workers of 6 for evacuation
[3849.670s][info][gc,phases      ] GC(958)   Pre Evacuate Collection Set: 0.39ms
[3849.670s][info][gc,phases      ] GC(958)   Merge Heap Roots: 0.48ms
[3849.670s][info][gc,phases      ] GC(958)   Evacuate Collection Set: 118.17ms
[3849.670s][info][gc,phases      ] GC(958)   Post Evacuate Collection Set: 0.87ms
[3849.670s][info][gc,phases      ] GC(958)   Other: 0.13ms
[3849.670s][info][gc,heap        ] GC(958) Eden regions: 1119->0(1117)
[3849.670s][info][gc,heap        ] GC(958) Survivor regions: 109->111(154)
[3849.670s][info][gc,heap        ] GC(958) Old regions: 474->507
[3849.670s][info][gc,heap        ] GC(958) Humongous regions: 80->80
[3849.670s][info][gc,metaspace   ] GC(958) Metaspace: 28909K(29248K)->28909K(29248K) NonClass: 24041K(24192K)->24041K(24192K) Class: 4868K(5056K)->4868K(5056K)
[3849.670s][info][gc             ] GC(958) Pause Young (Concurrent Start) (G1 Evacuation Pause) 3561M->1393M(4096M) 120.173ms
[3849.670s][info][gc             ] GC(959) Concurrent Mark Cycle
[3849.670s][info][gc,marking     ] GC(959) Concurrent Scan Root Regions
[3849.670s][info][gc,cpu         ] GC(958) User=0.72s Sys=0.00s Real=0.12s
.[3849.809s][info][gc,marking     ] GC(959) Concurrent Scan Root Regions 138.804ms
[3849.809s][info][gc,marking     ] GC(959) Concurrent Mark
[3849.809s][info][gc,marking     ] GC(959) Concurrent Mark From Roots
[3849.809s][info][gc,task        ] GC(959) Using 2 workers of 2 for marking
[3850.507s][info][gc,marking     ] GC(959) Concurrent Mark From Roots 698.114ms
[3850.507s][info][gc,marking     ] GC(959) Concurrent Preclean
[3850.507s][info][gc,marking     ] GC(959) Concurrent Preclean 0.102ms
[3850.511s][info][gc,start       ] GC(959) Pause Remark
[3850.513s][info][gc             ] GC(959) Pause Remark 2063M->2063M(4096M) 2.511ms
[3850.513s][info][gc,cpu         ] GC(959) User=0.02s Sys=0.00s Real=0.01s
[3850.513s][info][gc,marking     ] GC(959) Concurrent Mark 704.333ms
[3850.513s][info][gc,marking     ] GC(959) Concurrent Rebuild Remembered Sets and Scrub Regions
.[3850.904s][info][gc,marking     ] GC(959) Concurrent Rebuild Remembered Sets and Scrub Regions 390.390ms
[3850.907s][info][gc,start       ] GC(959) Pause Cleanup
[3850.907s][info][gc             ] GC(959) Pause Cleanup 2377M->2377M(4096M) 0.130ms
[3850.907s][info][gc,cpu         ] GC(959) User=0.00s Sys=0.00s Real=0.00s
[3850.907s][info][gc,marking     ] GC(959) Concurrent Clear Claimed Marks
[3850.907s][info][gc,marking     ] GC(959) Concurrent Clear Claimed Marks 0.031ms
[3850.907s][info][gc,marking     ] GC(959) Concurrent Cleanup for Next Mark
[3850.911s][info][gc,marking     ] GC(959) Concurrent Cleanup for Next Mark 4.082ms
[3850.911s][info][gc             ] GC(959) Concurrent Mark Cycle 1241.407ms
.[3852.288s][info][gc,start       ] GC(960) Pause Young (Prepare Mixed) (G1 Evacuation Pause)
[3852.288s][info][gc,task        ] GC(960) Using 6 workers of 6 for evacuation
[3852.406s][info][gc,phases      ] GC(960)   Pre Evacuate Collection Set: 0.33ms
[3852.406s][info][gc,phases      ] GC(960)   Merge Heap Roots: 0.50ms
[3852.406s][info][gc,phases      ] GC(960)   Evacuate Collection Set: 116.62ms
[3852.406s][info][gc,phases      ] GC(960)   Post Evacuate Collection Set: 0.91ms
[3852.406s][info][gc,phases      ] GC(960)   Other: 0.09ms
[3852.406s][info][gc,heap        ] GC(960) Eden regions: 1117->0(1102)
[3852.406s][info][gc,heap        ] GC(960) Survivor regions: 111->112(154)
[3852.406s][info][gc,heap        ] GC(960) Old regions: 507->539
[3852.406s][info][gc,heap        ] GC(960) Humongous regions: 80->80
[3852.406s][info][gc,metaspace   ] GC(960) Metaspace: 28909K(29248K)->28909K(29248K) NonClass: 24041K(24192K)->24041K(24192K) Class: 4868K(5056K)->4868K(5056K)
[3852.406s][info][gc             ] GC(960) Pause Young (Prepare Mixed) (G1 Evacuation Pause) 3627M->1460M(4096M) 118.604ms
[3852.406s][info][gc,cpu         ] GC(960) User=0.70s Sys=0.00s Real=0.12s
...[3855.107s][info][gc,start       ] GC(961) Pause Young (Mixed) (G1 Evacuation Pause)
[3855.108s][info][gc,task        ] GC(961) Using 6 workers of 6 for evacuation
[3855.244s][info][gc,phases      ] GC(961)   Pre Evacuate Collection Set: 0.35ms
[3855.244s][info][gc,phases      ] GC(961)   Merge Heap Roots: 0.69ms
[3855.244s][info][gc,phases      ] GC(961)   Evacuate Collection Set: 133.93ms
[3855.244s][info][gc,phases      ] GC(961)   Post Evacuate Collection Set: 0.95ms
[3855.244s][info][gc,phases      ] GC(961)   Other: 0.09ms
[3855.244s][info][gc,heap        ] GC(961) Eden regions: 1102->0(1117)
[3855.244s][info][gc,heap        ] GC(961) Survivor regions: 112->111(152)
[3855.244s][info][gc,heap        ] GC(961) Old regions: 539->476
[3855.244s][info][gc,heap        ] GC(961) Humongous regions: 80->80
[3855.244s][info][gc,metaspace   ] GC(961) Metaspace: 28909K(29248K)->28909K(29248K) NonClass: 24041K(24192K)->24041K(24192K) Class: 4868K(5056K)->4868K(5056K)
[3855.244s][info][gc             ] GC(961) Pause Young (Mixed) (G1 Evacuation Pause) 3664M->1331M(4096M) 136.138ms
[3855.244s][info][gc,cpu         ] GC(961) User=0.81s Sys=0.00s Real=0.14s
...[3857.838s][info][gc,start       ] GC(962) Pause Young (Concurrent Start) (G1 Evacuation Pause)
[3857.838s][info][gc,task        ] GC(962) Using 6 workers of 6 for evacuation
[3857.955s][info][gc,phases      ] GC(962)   Pre Evacuate Collection Set: 0.35ms
[3857.955s][info][gc,phases      ] GC(962)   Merge Heap Roots: 0.55ms
[3857.955s][info][gc,phases      ] GC(962)   Evacuate Collection Set: 115.13ms
[3857.955s][info][gc,phases      ] GC(962)   Post Evacuate Collection Set: 0.88ms
[3857.955s][info][gc,phases      ] GC(962)   Other: 0.11ms
[3857.955s][info][gc,heap        ] GC(962) Eden regions: 1117->0(1119)
[3857.955s][info][gc,heap        ] GC(962) Survivor regions: 111->109(154)
[3857.955s][info][gc,heap        ] GC(962) Old regions: 476->508
[3857.955s][info][gc,heap        ] GC(962) Humongous regions: 80->80
[3857.955s][info][gc,metaspace   ] GC(962) Metaspace: 28909K(29248K)->28909K(29248K) NonClass: 24041K(24192K)->24041K(24192K) Class: 4868K(5056K)->4868K(5056K)
[3857.955s][info][gc             ] GC(962) Pause Young (Concurrent Start) (G1 Evacuation Pause) 3565M->1392M(4096M) 117.149ms
[3857.955s][info][gc             ] GC(963) Concurrent Mark Cycle
[3857.955s][info][gc,marking     ] GC(963) Concurrent Scan Root Regions
[3857.955s][info][gc,cpu         ] GC(962) User=0.69s Sys=0.00s Real=0.12s
[3858.099s][info][gc,marking     ] GC(963) Concurrent Scan Root Regions 144.184ms
[3858.099s][info][gc,marking     ] GC(963) Concurrent Mark
[3858.099s][info][gc,marking     ] GC(963) Concurrent Mark From Roots
[3858.099s][info][gc,task        ] GC(963) Using 2 workers of 2 for marking
.[3858.817s][info][gc,marking     ] GC(963) Concurrent Mark From Roots 717.684ms
[3858.817s][info][gc,marking     ] GC(963) Concurrent Preclean
[3858.817s][info][gc,marking     ] GC(963) Concurrent Preclean 0.118ms
[3858.818s][info][gc,start       ] GC(963) Pause Remark
[3858.822s][info][gc             ] GC(963) Pause Remark 2122M->2122M(4096M) 3.977ms
[3858.822s][info][gc,cpu         ] GC(963) User=0.02s Sys=0.00s Real=0.01s
[3858.822s][info][gc,marking     ] GC(963) Concurrent Mark 723.145ms
[3858.822s][info][gc,marking     ] GC(963) Concurrent Rebuild Remembered Sets and Scrub Regions
[3859.148s][info][gc,marking     ] GC(963) Concurrent Rebuild Remembered Sets and Scrub Regions 325.604ms
[3859.149s][info][gc,start       ] GC(963) Pause Cleanup
[3859.149s][info][gc             ] GC(963) Pause Cleanup 2418M->2418M(4096M) 0.124ms
[3859.149s][info][gc,cpu         ] GC(963) User=0.00s Sys=0.00s Real=0.00s
[3859.149s][info][gc,marking     ] GC(963) Concurrent Clear Claimed Marks
[3859.149s][info][gc,marking     ] GC(963) Concurrent Clear Claimed Marks 0.030ms
[3859.149s][info][gc,marking     ] GC(963) Concurrent Cleanup for Next Mark
[3859.154s][info][gc,marking     ] GC(963) Concurrent Cleanup for Next Mark 4.635ms
[3859.154s][info][gc             ] GC(963) Concurrent Mark Cycle 1198.604ms
.[3860.629s][info][gc,start       ] GC(964) Pause Young (Prepare Mixed) (G1 Evacuation Pause)
[3860.629s][info][gc,task        ] GC(964) Using 6 workers of 6 for evacuation
[3860.748s][info][gc,phases      ] GC(964)   Pre Evacuate Collection Set: 0.36ms
[3860.748s][info][gc,phases      ] GC(964)   Merge Heap Roots: 0.52ms
[3860.748s][info][gc,phases      ] GC(964)   Evacuate Collection Set: 117.19ms
[3860.748s][info][gc,phases      ] GC(964)   Post Evacuate Collection Set: 0.92ms
[3860.748s][info][gc,phases      ] GC(964)   Other: 0.08ms
[3860.748s][info][gc,heap        ] GC(964) Eden regions: 1119->0(1109)
[3860.748s][info][gc,heap        ] GC(964) Survivor regions: 109->108(154)
[3860.748s][info][gc,heap        ] GC(964) Old regions: 508->540
[3860.748s][info][gc,heap        ] GC(964) Humongous regions: 80->80
[3860.748s][info][gc,metaspace   ] GC(964) Metaspace: 28909K(29248K)->28909K(29248K) NonClass: 24041K(24192K)->24041K(24192K) Class: 4868K(5056K)->4868K(5056K)
[3860.748s][info][gc             ] GC(964) Pause Young (Prepare Mixed) (G1 Evacuation Pause) 3630M->1455M(4096M) 119.216ms
[3860.748s][info][gc,cpu         ] GC(964) User=0.70s Sys=0.00s Real=0.12s
...[3863.396s][info][gc,start       ] GC(965) Pause Young (Mixed) (G1 Evacuation Pause)
[3863.396s][info][gc,task        ] GC(965) Using 6 workers of 6 for evacuation
[3863.531s][info][gc,phases      ] GC(965)   Pre Evacuate Collection Set: 0.39ms
[3863.531s][info][gc,phases      ] GC(965)   Merge Heap Roots: 0.79ms
[3863.531s][info][gc,phases      ] GC(965)   Evacuate Collection Set: 132.55ms
[3863.531s][info][gc,phases      ] GC(965)   Post Evacuate Collection Set: 0.98ms
[3863.531s][info][gc,phases      ] GC(965)   Other: 0.09ms
[3863.531s][info][gc,heap        ] GC(965) Eden regions: 1109->0(1120)
[3863.531s][info][gc,heap        ] GC(965) Survivor regions: 108->108(153)
[3863.531s][info][gc,heap        ] GC(965) Old regions: 540->475
[3863.531s][info][gc,heap        ] GC(965) Humongous regions: 80->80
[3863.531s][info][gc,metaspace   ] GC(965) Metaspace: 28909K(29248K)->28909K(29248K) NonClass: 24041K(24192K)->24041K(24192K) Class: 4868K(5056K)->4868K(5056K)
[3863.531s][info][gc             ] GC(965) Pause Young (Mixed) (G1 Evacuation Pause) 3673M->1324M(4096M) 134.931ms
[3863.531s][info][gc,cpu         ] GC(965) User=0.80s Sys=0.00s Real=0.14s
...[3866.142s][info][gc,start       ] GC(966) Pause Young (Concurrent Start) (G1 Evacuation Pause)
[3866.142s][info][gc,task        ] GC(966) Using 6 workers of 6 for evacuation
[3866.260s][info][gc,phases      ] GC(966)   Pre Evacuate Collection Set: 0.38ms
[3866.260s][info][gc,phases      ] GC(966)   Merge Heap Roots: 0.46ms
[3866.260s][info][gc,phases      ] GC(966)   Evacuate Collection Set: 116.14ms
[3866.260s][info][gc,phases      ] GC(966)   Post Evacuate Collection Set: 0.89ms
[3866.260s][info][gc,phases      ] GC(966)   Other: 0.10ms
[3866.260s][info][gc,heap        ] GC(966) Eden regions: 1120->0(1118)
[3866.260s][info][gc,heap        ] GC(966) Survivor regions: 108->110(154)
[3866.260s][info][gc,heap        ] GC(966) Old regions: 475->507
[3866.260s][info][gc,heap        ] GC(966) Humongous regions: 80->80
[3866.260s][info][gc,metaspace   ] GC(966) Metaspace: 28909K(29248K)->28909K(29248K) NonClass: 24041K(24192K)->24041K(24192K) Class: 4868K(5056K)->4868K(5056K)
[3866.260s][info][gc             ] GC(966) Pause Young (Concurrent Start) (G1 Evacuation Pause) 3564M->1392M(4096M) 118.108ms
[3866.260s][info][gc             ] GC(967) Concurrent Mark Cycle
[3866.260s][info][gc,marking     ] GC(967) Concurrent Scan Root Regions
[3866.260s][info][gc,cpu         ] GC(966) User=0.70s Sys=0.00s Real=0.11s
[3866.462s][info][gc,marking     ] GC(967) Concurrent Scan Root Regions 201.285ms
[3866.462s][info][gc,marking     ] GC(967) Concurrent Mark
[3866.462s][info][gc,marking     ] GC(967) Concurrent Mark From Roots
[3866.462s][info][gc,task        ] GC(967) Using 2 workers of 2 for marking
.[3867.408s][info][gc,marking     ] GC(967) Concurrent Mark From Roots 946.592ms
[3867.408s][info][gc,marking     ] GC(967) Concurrent Preclean
[3867.409s][info][gc,marking     ] GC(967) Concurrent Preclean 0.109ms
[3867.409s][info][gc,start       ] GC(967) Pause Remark
[3867.412s][info][gc             ] GC(967) Pause Remark 2423M->2423M(4096M) 3.335ms
[3867.412s][info][gc,cpu         ] GC(967) User=0.02s Sys=0.00s Real=0.01s
[3867.412s][info][gc,marking     ] GC(967) Concurrent Mark 950.457ms
[3867.412s][info][gc,marking     ] GC(967) Concurrent Rebuild Remembered Sets and Scrub Regions
[3867.769s][info][gc,marking     ] GC(967) Concurrent Rebuild Remembered Sets and Scrub Regions 357.130ms
[3867.769s][info][gc,start       ] GC(967) Pause Cleanup
[3867.770s][info][gc             ] GC(967) Pause Cleanup 2692M->2692M(4096M) 0.119ms
[3867.770s][info][gc,cpu         ] GC(967) User=0.00s Sys=0.00s Real=0.00s
[3867.770s][info][gc,marking     ] GC(967) Concurrent Clear Claimed Marks
[3867.770s][info][gc,marking     ] GC(967) Concurrent Clear Claimed Marks 0.021ms
[3867.770s][info][gc,marking     ] GC(967) Concurrent Cleanup for Next Mark
[3867.773s][info][gc,marking     ] GC(967) Concurrent Cleanup for Next Mark 3.313ms
[3867.773s][info][gc             ] GC(967) Concurrent Mark Cycle 1512.602ms
..[3868.966s][info][gc,start       ] GC(968) Pause Young (Prepare Mixed) (G1 Evacuation Pause)
[3868.966s][info][gc,task        ] GC(968) Using 6 workers of 6 for evacuation
[3869.086s][info][gc,phases      ] GC(968)   Pre Evacuate Collection Set: 0.32ms
[3869.086s][info][gc,phases      ] GC(968)   Merge Heap Roots: 0.54ms
[3869.086s][info][gc,phases      ] GC(968)   Evacuate Collection Set: 118.67ms
[3869.086s][info][gc,phases      ] GC(968)   Post Evacuate Collection Set: 0.98ms
[3869.086s][info][gc,phases      ] GC(968)   Other: 0.08ms
[3869.086s][info][gc,heap        ] GC(968) Eden regions: 1118->0(1101)
[3869.086s][info][gc,heap        ] GC(968) Survivor regions: 110->112(154)
[3869.086s][info][gc,heap        ] GC(968) Old regions: 507->540
[3869.086s][info][gc,heap        ] GC(968) Humongous regions: 80->80
[3869.086s][info][gc,metaspace   ] GC(968) Metaspace: 28909K(29248K)->28909K(29248K) NonClass: 24041K(24192K)->24041K(24192K) Class: 4868K(5056K)->4868K(5056K)
[3869.086s][info][gc             ] GC(968) Pause Young (Prepare Mixed) (G1 Evacuation Pause) 3628M->1461M(4096M) 120.721ms
[3869.086s][info][gc,cpu         ] GC(968) User=0.72s Sys=0.00s Real=0.12s
..[3871.694s][info][gc,start       ] GC(969) Pause Young (Mixed) (G1 Evacuation Pause)
[3871.694s][info][gc,task        ] GC(969) Using 6 workers of 6 for evacuation
[3871.828s][info][gc,phases      ] GC(969)   Pre Evacuate Collection Set: 0.35ms
[3871.828s][info][gc,phases      ] GC(969)   Merge Heap Roots: 0.72ms
[3871.828s][info][gc,phases      ] GC(969)   Evacuate Collection Set: 132.28ms
[3871.828s][info][gc,phases      ] GC(969)   Post Evacuate Collection Set: 0.95ms
[3871.828s][info][gc,phases      ] GC(969)   Other: 0.09ms
[3871.828s][info][gc,heap        ] GC(969) Eden regions: 1101->0(1119)
[3871.828s][info][gc,heap        ] GC(969) Survivor regions: 112->109(152)
[3871.828s][info][gc,heap        ] GC(969) Old regions: 540->475
[3871.828s][info][gc,heap        ] GC(969) Humongous regions: 80->80
[3871.828s][info][gc,metaspace   ] GC(969) Metaspace: 28909K(29248K)->28909K(29248K) NonClass: 24041K(24192K)->24041K(24192K) Class: 4868K(5056K)->4868K(5056K)
[3871.828s][info][gc             ] GC(969) Pause Young (Mixed) (G1 Evacuation Pause) 3663M->1326M(4096M) 134.534ms
[3871.828s][info][gc,cpu         ] GC(969) User=0.80s Sys=0.00s Real=0.13s
...[3874.498s][info][gc,start       ] GC(970) Pause Young (Concurrent Start) (G1 Evacuation Pause)
[3874.498s][info][gc,task        ] GC(970) Using 6 workers of 6 for evacuation
[3874.614s][info][gc,phases      ] GC(970)   Pre Evacuate Collection Set: 0.34ms
[3874.615s][info][gc,phases      ] GC(970)   Merge Heap Roots: 0.46ms
[3874.615s][info][gc,phases      ] GC(970)   Evacuate Collection Set: 114.32ms
[3874.615s][info][gc,phases      ] GC(970)   Post Evacuate Collection Set: 0.89ms
[3874.615s][info][gc,phases      ] GC(970)   Other: 0.11ms
[3874.615s][info][gc,heap        ] GC(970) Eden regions: 1119->0(1121)
[3874.615s][info][gc,heap        ] GC(970) Survivor regions: 109->107(154)
[3874.615s][info][gc,heap        ] GC(970) Old regions: 475->507
[3874.615s][info][gc,heap        ] GC(970) Humongous regions: 80->80
[3874.615s][info][gc,metaspace   ] GC(970) Metaspace: 28909K(29248K)->28909K(29248K) NonClass: 24041K(24192K)->24041K(24192K) Class: 4868K(5056K)->4868K(5056K)
[3874.615s][info][gc             ] GC(970) Pause Young (Concurrent Start) (G1 Evacuation Pause) 3564M->1387M(4096M) 116.278ms
[3874.615s][info][gc             ] GC(971) Concurrent Mark Cycle
[3874.615s][info][gc,marking     ] GC(971) Concurrent Scan Root Regions
[3874.615s][info][gc,cpu         ] GC(970) User=0.69s Sys=0.00s Real=0.12s
[3874.802s][info][gc,marking     ] GC(971) Concurrent Scan Root Regions 187.763ms
[3874.802s][info][gc,marking     ] GC(971) Concurrent Mark
[3874.802s][info][gc,marking     ] GC(971) Concurrent Mark From Roots
[3874.802s][info][gc,task        ] GC(971) Using 2 workers of 2 for marking
.[3875.759s][info][gc,marking     ] GC(971) Concurrent Mark From Roots 956.707ms
[3875.759s][info][gc,marking     ] GC(971) Concurrent Preclean
[3875.759s][info][gc,marking     ] GC(971) Concurrent Preclean 0.124ms
[3875.759s][info][gc,start       ] GC(971) Pause Remark
[3875.764s][info][gc             ] GC(971) Pause Remark 2365M->2365M(4096M) 4.088ms
[3875.764s][info][gc,cpu         ] GC(971) User=0.02s Sys=0.00s Real=0.01s
[3875.764s][info][gc,marking     ] GC(971) Concurrent Mark 961.191ms
[3875.764s][info][gc,marking     ] GC(971) Concurrent Rebuild Remembered Sets and Scrub Regions
.[3876.068s][info][gc,marking     ] GC(971) Concurrent Rebuild Remembered Sets and Scrub Regions 303.941ms
[3876.068s][info][gc,start       ] GC(971) Pause Cleanup
[3876.068s][info][gc             ] GC(971) Pause Cleanup 2612M->2612M(4096M) 0.112ms
[3876.068s][info][gc,cpu         ] GC(971) User=0.00s Sys=0.00s Real=0.00s
[3876.068s][info][gc,marking     ] GC(971) Concurrent Clear Claimed Marks
[3876.068s][info][gc,marking     ] GC(971) Concurrent Clear Claimed Marks 0.027ms
[3876.068s][info][gc,marking     ] GC(971) Concurrent Cleanup for Next Mark
[3876.071s][info][gc,marking     ] GC(971) Concurrent Cleanup for Next Mark 3.515ms
[3876.072s][info][gc             ] GC(971) Concurrent Mark Cycle 1456.933ms
.[3877.281s][info][gc,start       ] GC(972) Pause Young (Prepare Mixed) (G1 Evacuation Pause)
[3877.281s][info][gc,task        ] GC(972) Using 6 workers of 6 for evacuation
[3877.400s][info][gc,phases      ] GC(972)   Pre Evacuate Collection Set: 0.31ms
[3877.400s][info][gc,phases      ] GC(972)   Merge Heap Roots: 0.51ms
[3877.400s][info][gc,phases      ] GC(972)   Evacuate Collection Set: 117.24ms
[3877.400s][info][gc,phases      ] GC(972)   Post Evacuate Collection Set: 0.89ms
[3877.400s][info][gc,phases      ] GC(972)   Other: 0.09ms
[3877.400s][info][gc,heap        ] GC(972) Eden regions: 1121->0(1104)
[3877.400s][info][gc,heap        ] GC(972) Survivor regions: 107->111(154)
[3877.400s][info][gc,heap        ] GC(972) Old regions: 507->539
[3877.400s][info][gc,heap        ] GC(972) Humongous regions: 80->80
[3877.400s][info][gc,metaspace   ] GC(972) Metaspace: 28909K(29248K)->28909K(29248K) NonClass: 24041K(24192K)->24041K(24192K) Class: 4868K(5056K)->4868K(5056K)
[3877.400s][info][gc             ] GC(972) Pause Young (Prepare Mixed) (G1 Evacuation Pause) 3629M->1459M(4096M) 119.180ms
[3877.400s][info][gc,cpu         ] GC(972) User=0.71s Sys=0.00s Real=0.12s
...[3880.001s][info][gc,start       ] GC(973) Pause Young (Mixed) (G1 Evacuation Pause)
[3880.001s][info][gc,task        ] GC(973) Using 6 workers of 6 for evacuation
[3880.137s][info][gc,phases      ] GC(973)   Pre Evacuate Collection Set: 0.37ms
[3880.137s][info][gc,phases      ] GC(973)   Merge Heap Roots: 0.70ms
[3880.137s][info][gc,phases      ] GC(973)   Evacuate Collection Set: 134.39ms
[3880.137s][info][gc,phases      ] GC(973)   Post Evacuate Collection Set: 0.90ms
[3880.137s][info][gc,phases      ] GC(973)   Other: 0.09ms
[3880.137s][info][gc,heap        ] GC(973) Eden regions: 1104->0(1118)
[3880.137s][info][gc,heap        ] GC(973) Survivor regions: 111->110(152)
[3880.137s][info][gc,heap        ] GC(973) Old regions: 539->475
[3880.137s][info][gc,heap        ] GC(973) Humongous regions: 80->80
[3880.137s][info][gc,metaspace   ] GC(973) Metaspace: 28909K(29248K)->28909K(29248K) NonClass: 24041K(24192K)->24041K(24192K) Class: 4868K(5056K)->4868K(5056K)
[3880.138s][info][gc             ] GC(973) Pause Young (Mixed) (G1 Evacuation Pause) 3667M->1327M(4096M) 136.581ms
[3880.138s][info][gc,cpu         ] GC(973) User=0.81s Sys=0.00s Real=0.13s
..[3882.805s][info][gc,start       ] GC(974) Pause Young (Concurrent Start) (G1 Evacuation Pause)
[3882.805s][info][gc,task        ] GC(974) Using 6 workers of 6 for evacuation
[3882.927s][info][gc,phases      ] GC(974)   Pre Evacuate Collection Set: 0.43ms
[3882.927s][info][gc,phases      ] GC(974)   Merge Heap Roots: 0.58ms
[3882.927s][info][gc,phases      ] GC(974)   Evacuate Collection Set: 120.03ms
[3882.927s][info][gc,phases      ] GC(974)   Post Evacuate Collection Set: 0.86ms
[3882.927s][info][gc,phases      ] GC(974)   Other: 0.13ms
[3882.927s][info][gc,heap        ] GC(974) Eden regions: 1118->0(1114)
[3882.927s][info][gc,heap        ] GC(974) Survivor regions: 110->114(154)
[3882.927s][info][gc,heap        ] GC(974) Old regions: 475->506
[3882.927s][info][gc,heap        ] GC(974) Humongous regions: 80->80
[3882.927s][info][gc,metaspace   ] GC(974) Metaspace: 28909K(29248K)->28909K(29248K) NonClass: 24041K(24192K)->24041K(24192K) Class: 4868K(5056K)->4868K(5056K)
[3882.927s][info][gc             ] GC(974) Pause Young (Concurrent Start) (G1 Evacuation Pause) 3563M->1398M(4096M) 122.173ms
[3882.927s][info][gc             ] GC(975) Concurrent Mark Cycle
[3882.927s][info][gc,marking     ] GC(975) Concurrent Scan Root Regions
[3882.927s][info][gc,cpu         ] GC(974) User=0.73s Sys=0.00s Real=0.12s
.[3883.133s][info][gc,marking     ] GC(975) Concurrent Scan Root Regions 205.749ms
[3883.133s][info][gc,marking     ] GC(975) Concurrent Mark
[3883.133s][info][gc,marking     ] GC(975) Concurrent Mark From Roots
[3883.133s][info][gc,task        ] GC(975) Using 2 workers of 2 for marking
.[3884.015s][info][gc,marking     ] GC(975) Concurrent Mark From Roots 882.486ms
[3884.015s][info][gc,marking     ] GC(975) Concurrent Preclean
[3884.015s][info][gc,marking     ] GC(975) Concurrent Preclean 0.140ms
[3884.017s][info][gc,start       ] GC(975) Pause Remark
[3884.021s][info][gc             ] GC(975) Pause Remark 2316M->2316M(4096M) 4.292ms
[3884.021s][info][gc,cpu         ] GC(975) User=0.02s Sys=0.00s Real=0.01s
[3884.021s][info][gc,marking     ] GC(975) Concurrent Mark 888.561ms
[3884.021s][info][gc,marking     ] GC(975) Concurrent Rebuild Remembered Sets and Scrub Regions
[3884.301s][info][gc,marking     ] GC(975) Concurrent Rebuild Remembered Sets and Scrub Regions 279.548ms
[3884.301s][info][gc,start       ] GC(975) Pause Cleanup
[3884.301s][info][gc             ] GC(975) Pause Cleanup 2511M->2511M(4096M) 0.108ms
[3884.301s][info][gc,cpu         ] GC(975) User=0.00s Sys=0.00s Real=0.00s
[3884.301s][info][gc,marking     ] GC(975) Concurrent Clear Claimed Marks
[3884.302s][info][gc,marking     ] GC(975) Concurrent Clear Claimed Marks 0.028ms
[3884.302s][info][gc,marking     ] GC(975) Concurrent Cleanup for Next Mark
[3884.308s][info][gc,marking     ] GC(975) Concurrent Cleanup for Next Mark 6.280ms
[3884.308s][info][gc             ] GC(975) Concurrent Mark Cycle 1380.913ms
. (rIR:aIR:PR = 6780:6783:6783) (tPR = 100498) [OK] 
  3884s: Performance info:
         Transaction,    Success,    Partial,     Failed,   Receipts, AvgBarcode, 
             Overall,     410196,          0,          0,     389676,      59.48, 
         Response times:
             Request,    Success,    Partial,     Failed,   SkipFail,     Probes,    Samples,      min,      p50,      p90,      p95,      p99,      max, 
       TotalPurchase,     389676,          0,          0,          0,     359473,     400381,      300,     5900,    43000,    80000,   156000,   546000,
     InStorePurchase,     205244,          0,          0,          0,     188935,     210303,      300,     5800,    43000,    80000,   161000,   409000,
      OnlinePurchase,     143393,          0,          0,          0,     132256,     147239,      300,     6000,    44000,    80000,   152000,   411000,
        InstPurchase,      41039,          0,          0,          0,      38282,      42839,      400,     6200,    44000,    79000,   150000,   546000,
          AssocOfCat,        408,          0,          0,          0,        333,        453,    22000,    39000,    79000,   131300,   188840,   256000,
      AssocOfProduct,       4099,          0,          0,          0,       3815,       4464,      600,     7100,    51000,    83750,   161700,   436000,
      BusinessReport,       1039,          0,          0,          0,        888,       1100,    30000,    51000,   131900,   181850,   235990,   442000,
          CustBuyBeh,       4098,          0,          0,          0,       3841,       4521,      300,     5500,    40000,    72000,   152560,   222000,
       ProductReturn,      10876,          0,          0,          0,      10212,      11588,      200,     3600,    31000,    67550,   151000,   436000,

  3884s: (50%)   IR =   6918 [3885.553s][info][gc,start       ] GC(976) Pause Young (Prepare Mixed) (G1 Evacuation Pause)
[3885.553s][info][gc,task        ] GC(976) Using 6 workers of 6 for evacuation
[3885.668s][info][gc,phases      ] GC(976)   Pre Evacuate Collection Set: 0.31ms
[3885.668s][info][gc,phases      ] GC(976)   Merge Heap Roots: 0.51ms
[3885.668s][info][gc,phases      ] GC(976)   Evacuate Collection Set: 113.45ms
[3885.668s][info][gc,phases      ] GC(976)   Post Evacuate Collection Set: 0.97ms
[3885.669s][info][gc,phases      ] GC(976)   Other: 0.09ms
[3885.669s][info][gc,heap        ] GC(976) Eden regions: 1114->0(1112)
[3885.669s][info][gc,heap        ] GC(976) Survivor regions: 114->108(154)
[3885.669s][info][gc,heap        ] GC(976) Old regions: 506->537
[3885.669s][info][gc,heap        ] GC(976) Humongous regions: 80->80
[3885.669s][info][gc,metaspace   ] GC(976) Metaspace: 28909K(29248K)->28909K(29248K) NonClass: 24041K(24192K)->24041K(24192K) Class: 4868K(5056K)->4868K(5056K)
[3885.669s][info][gc             ] GC(976) Pause Young (Prepare Mixed) (G1 Evacuation Pause) 3626M->1448M(4096M) 115.457ms
[3885.669s][info][gc,cpu         ] GC(976) User=0.69s Sys=0.00s Real=0.11s
...[3888.246s][info][gc,start       ] GC(977) Pause Young (Mixed) (G1 Evacuation Pause)
[3888.246s][info][gc,task        ] GC(977) Using 6 workers of 6 for evacuation
[3888.385s][info][gc,phases      ] GC(977)   Pre Evacuate Collection Set: 0.35ms
[3888.385s][info][gc,phases      ] GC(977)   Merge Heap Roots: 0.77ms
[3888.385s][info][gc,phases      ] GC(977)   Evacuate Collection Set: 136.51ms
[3888.385s][info][gc,phases      ] GC(977)   Post Evacuate Collection Set: 0.94ms
[3888.385s][info][gc,phases      ] GC(977)   Other: 0.09ms
[3888.385s][info][gc,heap        ] GC(977) Eden regions: 1112->0(1115)
[3888.385s][info][gc,heap        ] GC(977) Survivor regions: 108->113(153)
[3888.385s][info][gc,heap        ] GC(977) Old regions: 537->475
[3888.385s][info][gc,heap        ] GC(977) Humongous regions: 80->80
[3888.385s][info][gc,metaspace   ] GC(977) Metaspace: 28909K(29248K)->28909K(29248K) NonClass: 24041K(24192K)->24041K(24192K) Class: 4868K(5056K)->4868K(5056K)
[3888.385s][info][gc             ] GC(977) Pause Young (Mixed) (G1 Evacuation Pause) 3672M->1333M(4096M) 138.788ms
[3888.385s][info][gc,cpu         ] GC(977) User=0.83s Sys=0.00s Real=0.14s
..[3890.946s][info][gc,start       ] GC(978) Pause Young (Concurrent Start) (G1 Evacuation Pause)
[3890.946s][info][gc,task        ] GC(978) Using 6 workers of 6 for evacuation
[3891.066s][info][gc,phases      ] GC(978)   Pre Evacuate Collection Set: 0.35ms
[3891.066s][info][gc,phases      ] GC(978)   Merge Heap Roots: 0.45ms
[3891.066s][info][gc,phases      ] GC(978)   Evacuate Collection Set: 118.19ms
[3891.066s][info][gc,phases      ] GC(978)   Post Evacuate Collection Set: 0.86ms
[3891.066s][info][gc,phases      ] GC(978)   Other: 0.10ms
[3891.066s][info][gc,heap        ] GC(978) Eden regions: 1115->0(1116)
[3891.066s][info][gc,heap        ] GC(978) Survivor regions: 113->112(154)
[3891.066s][info][gc,heap        ] GC(978) Old regions: 475->506
[3891.066s][info][gc,heap        ] GC(978) Humongous regions: 80->80
[3891.066s][info][gc,metaspace   ] GC(978) Metaspace: 28909K(29248K)->28909K(29248K) NonClass: 24041K(24192K)->24041K(24192K) Class: 4868K(5056K)->4868K(5056K)
[3891.066s][info][gc             ] GC(978) Pause Young (Concurrent Start) (G1 Evacuation Pause) 3563M->1395M(4096M) 120.110ms
[3891.066s][info][gc             ] GC(979) Concurrent Mark Cycle
[3891.066s][info][gc,marking     ] GC(979) Concurrent Scan Root Regions
[3891.066s][info][gc,cpu         ] GC(978) User=0.71s Sys=0.00s Real=0.12s
.[3891.253s][info][gc,marking     ] GC(979) Concurrent Scan Root Regions 187.724ms
[3891.253s][info][gc,marking     ] GC(979) Concurrent Mark
[3891.253s][info][gc,marking     ] GC(979) Concurrent Mark From Roots
[3891.253s][info][gc,task        ] GC(979) Using 2 workers of 2 for marking
[3891.952s][info][gc,marking     ] GC(979) Concurrent Mark From Roots 698.361ms
[3891.952s][info][gc,marking     ] GC(979) Concurrent Preclean
[3891.952s][info][gc,marking     ] GC(979) Concurrent Preclean 0.118ms
[3891.953s][info][gc,start       ] GC(979) Pause Remark
[3891.956s][info][gc             ] GC(979) Pause Remark 2129M->2129M(4096M) 3.745ms
[3891.956s][info][gc,cpu         ] GC(979) User=0.02s Sys=0.00s Real=0.00s
[3891.958s][info][gc,marking     ] GC(979) Concurrent Mark 704.366ms
[3891.958s][info][gc,marking     ] GC(979) Concurrent Rebuild Remembered Sets and Scrub Regions
.[3892.215s][info][gc,marking     ] GC(979) Concurrent Rebuild Remembered Sets and Scrub Regions 256.871ms
[3892.216s][info][gc,start       ] GC(979) Pause Cleanup
[3892.216s][info][gc             ] GC(979) Pause Cleanup 2375M->2375M(4096M) 0.134ms
[3892.216s][info][gc,cpu         ] GC(979) User=0.00s Sys=0.00s Real=0.00s
[3892.216s][info][gc,marking     ] GC(979) Concurrent Clear Claimed Marks
[3892.216s][info][gc,marking     ] GC(979) Concurrent Clear Claimed Marks 0.046ms
[3892.216s][info][gc,marking     ] GC(979) Concurrent Cleanup for Next Mark
[3892.223s][info][gc,marking     ] GC(979) Concurrent Cleanup for Next Mark 6.623ms
[3892.223s][info][gc             ] GC(979) Concurrent Mark Cycle 1157.457ms
.[3893.734s][info][gc,start       ] GC(980) Pause Young (Prepare Mixed) (G1 Evacuation Pause)
[3893.734s][info][gc,task        ] GC(980) Using 6 workers of 6 for evacuation
[3893.854s][info][gc,phases      ] GC(980)   Pre Evacuate Collection Set: 0.32ms
[3893.854s][info][gc,phases      ] GC(980)   Merge Heap Roots: 0.51ms
[3893.855s][info][gc,phases      ] GC(980)   Evacuate Collection Set: 118.48ms
[3893.855s][info][gc,phases      ] GC(980)   Post Evacuate Collection Set: 0.92ms
[3893.855s][info][gc,phases      ] GC(980)   Other: 0.09ms
[3893.855s][info][gc,heap        ] GC(980) Eden regions: 1116->0(1103)
[3893.855s][info][gc,heap        ] GC(980) Survivor regions: 112->112(154)
[3893.855s][info][gc,heap        ] GC(980) Old regions: 506->538
[3893.855s][info][gc,heap        ] GC(980) Humongous regions: 80->80
[3893.855s][info][gc,metaspace   ] GC(980) Metaspace: 28909K(29248K)->28909K(29248K) NonClass: 24041K(24192K)->24041K(24192K) Class: 4868K(5056K)->4868K(5056K)
[3893.855s][info][gc             ] GC(980) Pause Young (Prepare Mixed) (G1 Evacuation Pause) 3627M->1459M(4096M) 120.459ms
[3893.855s][info][gc,cpu         ] GC(980) User=0.72s Sys=0.00s Real=0.12s
.|..[3896.360s][info][gc,start       ] GC(981) Pause Young (Mixed) (G1 Evacuation Pause)
[3896.360s][info][gc,task        ] GC(981) Using 6 workers of 6 for evacuation
[3896.490s][info][gc,phases      ] GC(981)   Pre Evacuate Collection Set: 0.40ms
[3896.490s][info][gc,phases      ] GC(981)   Merge Heap Roots: 0.75ms
[3896.490s][info][gc,phases      ] GC(981)   Evacuate Collection Set: 128.08ms
[3896.490s][info][gc,phases      ] GC(981)   Post Evacuate Collection Set: 0.94ms
[3896.490s][info][gc,phases      ] GC(981)   Other: 0.10ms
[3896.490s][info][gc,heap        ] GC(981) Eden regions: 1103->0(1122)
[3896.490s][info][gc,heap        ] GC(981) Survivor regions: 112->106(152)
[3896.490s][info][gc,heap        ] GC(981) Old regions: 538->473
[3896.490s][info][gc,heap        ] GC(981) Humongous regions: 80->80
[3896.490s][info][gc,metaspace   ] GC(981) Metaspace: 28909K(29248K)->28909K(29248K) NonClass: 24041K(24192K)->24041K(24192K) Class: 4868K(5056K)->4868K(5056K)
[3896.490s][info][gc             ] GC(981) Pause Young (Mixed) (G1 Evacuation Pause) 3665M->1317M(4096M) 130.423ms
[3896.490s][info][gc,cpu         ] GC(981) User=0.77s Sys=0.00s Real=0.13s
..[3899.073s][info][gc,start       ] GC(982) Pause Young (Concurrent Start) (G1 Evacuation Pause)
[3899.073s][info][gc,task        ] GC(982) Using 6 workers of 6 for evacuation
[3899.198s][info][gc,phases      ] GC(982)   Pre Evacuate Collection Set: 0.36ms
[3899.198s][info][gc,phases      ] GC(982)   Merge Heap Roots: 0.54ms
[3899.198s][info][gc,phases      ] GC(982)   Evacuate Collection Set: 122.73ms
[3899.198s][info][gc,phases      ] GC(982)   Post Evacuate Collection Set: 0.88ms
[3899.198s][info][gc,phases      ] GC(982)   Other: 0.11ms
[3899.198s][info][gc,heap        ] GC(982) Eden regions: 1122->0(1116)
[3899.198s][info][gc,heap        ] GC(982) Survivor regions: 106->112(154)
[3899.198s][info][gc,heap        ] GC(982) Old regions: 473->506
[3899.198s][info][gc,heap        ] GC(982) Humongous regions: 80->80
[3899.198s][info][gc,metaspace   ] GC(982) Metaspace: 28909K(29248K)->28909K(29248K) NonClass: 24041K(24192K)->24041K(24192K) Class: 4868K(5056K)->4868K(5056K)
[3899.198s][info][gc             ] GC(982) Pause Young (Concurrent Start) (G1 Evacuation Pause) 3561M->1395M(4096M) 124.748ms
[3899.198s][info][gc             ] GC(983) Concurrent Mark Cycle
[3899.198s][info][gc,marking     ] GC(983) Concurrent Scan Root Regions
[3899.198s][info][gc,cpu         ] GC(982) User=0.74s Sys=0.00s Real=0.12s
[3899.319s][info][gc,marking     ] GC(983) Concurrent Scan Root Regions 121.438ms
[3899.319s][info][gc,marking     ] GC(983) Concurrent Mark
[3899.319s][info][gc,marking     ] GC(983) Concurrent Mark From Roots
[3899.319s][info][gc,task        ] GC(983) Using 2 workers of 2 for marking
.[3899.950s][info][gc,marking     ] GC(983) Concurrent Mark From Roots 630.612ms
[3899.950s][info][gc,marking     ] GC(983) Concurrent Preclean
[3899.950s][info][gc,marking     ] GC(983) Concurrent Preclean 0.114ms
[3899.951s][info][gc,start       ] GC(983) Pause Remark
[3899.954s][info][gc             ] GC(983) Pause Remark 2021M->2021M(4096M) 2.805ms
[3899.954s][info][gc,cpu         ] GC(983) User=0.01s Sys=0.00s Real=0.00s
[3899.955s][info][gc,marking     ] GC(983) Concurrent Mark 636.006ms
[3899.955s][info][gc,marking     ] GC(983) Concurrent Rebuild Remembered Sets and Scrub Regions
[3900.223s][info][gc,marking     ] GC(983) Concurrent Rebuild Remembered Sets and Scrub Regions 267.301ms
[3900.223s][info][gc,start       ] GC(983) Pause Cleanup
[3900.223s][info][gc             ] GC(983) Pause Cleanup 2306M->2306M(4096M) 0.121ms
[3900.223s][info][gc,cpu         ] GC(983) User=0.00s Sys=0.00s Real=0.00s
[3900.223s][info][gc,marking     ] GC(983) Concurrent Clear Claimed Marks
[3900.223s][info][gc,marking     ] GC(983) Concurrent Clear Claimed Marks 0.024ms
[3900.223s][info][gc,marking     ] GC(983) Concurrent Cleanup for Next Mark
[3900.228s][info][gc,marking     ] GC(983) Concurrent Cleanup for Next Mark 4.848ms
[3900.228s][info][gc             ] GC(983) Concurrent Mark Cycle 1030.138ms
..[3901.896s][info][gc,start       ] GC(984) Pause Young (Prepare Mixed) (G1 Evacuation Pause)
[3901.896s][info][gc,task        ] GC(984) Using 6 workers of 6 for evacuation
[3902.017s][info][gc,phases      ] GC(984)   Pre Evacuate Collection Set: 0.31ms
[3902.017s][info][gc,phases      ] GC(984)   Merge Heap Roots: 0.53ms
[3902.017s][info][gc,phases      ] GC(984)   Evacuate Collection Set: 118.97ms
[3902.017s][info][gc,phases      ] GC(984)   Post Evacuate Collection Set: 0.91ms
[3902.017s][info][gc,phases      ] GC(984)   Other: 0.09ms
[3902.017s][info][gc,heap        ] GC(984) Eden regions: 1116->0(1104)
[3902.017s][info][gc,heap        ] GC(984) Survivor regions: 112->112(154)
[3902.017s][info][gc,heap        ] GC(984) Old regions: 506->537
[3902.017s][info][gc,heap        ] GC(984) Humongous regions: 80->80
[3902.017s][info][gc,metaspace   ] GC(984) Metaspace: 28909K(29248K)->28909K(29248K) NonClass: 24041K(24192K)->24041K(24192K) Class: 4868K(5056K)->4868K(5056K)
[3902.017s][info][gc             ] GC(984) Pause Young (Prepare Mixed) (G1 Evacuation Pause) 3627M->1456M(4096M) 120.966ms
[3902.017s][info][gc,cpu         ] GC(984) User=0.72s Sys=0.00s Real=0.12s
...[3904.534s][info][gc,start       ] GC(985) Pause Young (Mixed) (G1 Evacuation Pause)
[3904.534s][info][gc,task        ] GC(985) Using 6 workers of 6 for evacuation
[3904.669s][info][gc,phases      ] GC(985)   Pre Evacuate Collection Set: 0.35ms
[3904.669s][info][gc,phases      ] GC(985)   Merge Heap Roots: 0.66ms
[3904.669s][info][gc,phases      ] GC(985)   Evacuate Collection Set: 132.27ms
[3904.669s][info][gc,phases      ] GC(985)   Post Evacuate Collection Set: 0.99ms
[3904.669s][info][gc,phases      ] GC(985)   Other: 0.09ms
[3904.669s][info][gc,heap        ] GC(985) Eden regions: 1104->0(1118)
[3904.669s][info][gc,heap        ] GC(985) Survivor regions: 112->110(152)
[3904.669s][info][gc,heap        ] GC(985) Old regions: 537->475
[3904.669s][info][gc,heap        ] GC(985) Humongous regions: 80->80
[3904.669s][info][gc,metaspace   ] GC(985) Metaspace: 28909K(29248K)->28909K(29248K) NonClass: 24041K(24192K)->24041K(24192K) Class: 4868K(5056K)->4868K(5056K)
[3904.669s][info][gc             ] GC(985) Pause Young (Mixed) (G1 Evacuation Pause) 3664M->1328M(4096M) 134.488ms
[3904.669s][info][gc,cpu         ] GC(985) User=0.80s Sys=0.00s Real=0.13s
..[3907.266s][info][gc,start       ] GC(986) Pause Young (Concurrent Start) (G1 Evacuation Pause)
[3907.266s][info][gc,task        ] GC(986) Using 6 workers of 6 for evacuation
[3907.384s][info][gc,phases      ] GC(986)   Pre Evacuate Collection Set: 0.39ms
[3907.384s][info][gc,phases      ] GC(986)   Merge Heap Roots: 0.53ms
[3907.384s][info][gc,phases      ] GC(986)   Evacuate Collection Set: 116.12ms
[3907.384s][info][gc,phases      ] GC(986)   Post Evacuate Collection Set: 0.87ms
[3907.384s][info][gc,phases      ] GC(986)   Other: 0.10ms
[3907.384s][info][gc,heap        ] GC(986) Eden regions: 1118->0(1118)
[3907.384s][info][gc,heap        ] GC(986) Survivor regions: 110->110(154)
[3907.384s][info][gc,heap        ] GC(986) Old regions: 475->508
[3907.384s][info][gc,heap        ] GC(986) Humongous regions: 80->80
[3907.384s][info][gc,metaspace   ] GC(986) Metaspace: 28909K(29248K)->28909K(29248K) NonClass: 24041K(24192K)->24041K(24192K) Class: 4868K(5056K)->4868K(5056K)
[3907.384s][info][gc             ] GC(986) Pause Young (Concurrent Start) (G1 Evacuation Pause) 3564M->1395M(4096M) 118.159ms
[3907.384s][info][gc             ] GC(987) Concurrent Mark Cycle
[3907.384s][info][gc,marking     ] GC(987) Concurrent Scan Root Regions
[3907.384s][info][gc,cpu         ] GC(986) User=0.70s Sys=0.00s Real=0.12s
.[3907.523s][info][gc,marking     ] GC(987) Concurrent Scan Root Regions 138.768ms
[3907.523s][info][gc,marking     ] GC(987) Concurrent Mark
[3907.523s][info][gc,marking     ] GC(987) Concurrent Mark From Roots
[3907.523s][info][gc,task        ] GC(987) Using 2 workers of 2 for marking
[3908.236s][info][gc,marking     ] GC(987) Concurrent Mark From Roots 712.665ms
[3908.236s][info][gc,marking     ] GC(987) Concurrent Preclean
[3908.236s][info][gc,marking     ] GC(987) Concurrent Preclean 0.113ms
[3908.237s][info][gc,start       ] GC(987) Pause Remark
[3908.241s][info][gc             ] GC(987) Pause Remark 2111M->2111M(4096M) 3.597ms
[3908.241s][info][gc,cpu         ] GC(987) User=0.02s Sys=0.00s Real=0.00s
[3908.241s][info][gc,marking     ] GC(987) Concurrent Mark 717.779ms
[3908.241s][info][gc,marking     ] GC(987) Concurrent Rebuild Remembered Sets and Scrub Regions
.[3908.501s][info][gc,marking     ] GC(987) Concurrent Rebuild Remembered Sets and Scrub Regions 259.921ms
[3908.501s][info][gc,start       ] GC(987) Pause Cleanup
[3908.501s][info][gc             ] GC(987) Pause Cleanup 2355M->2355M(4096M) 0.109ms
[3908.501s][info][gc,cpu         ] GC(987) User=0.00s Sys=0.00s Real=0.00s
[3908.501s][info][gc,marking     ] GC(987) Concurrent Clear Claimed Marks
[3908.501s][info][gc,marking     ] GC(987) Concurrent Clear Claimed Marks 0.020ms
[3908.501s][info][gc,marking     ] GC(987) Concurrent Cleanup for Next Mark
[3908.506s][info][gc,marking     ] GC(987) Concurrent Cleanup for Next Mark 4.718ms
[3908.506s][info][gc             ] GC(987) Concurrent Mark Cycle 1121.862ms
.[3910.027s][info][gc,start       ] GC(988) Pause Young (Prepare Mixed) (G1 Evacuation Pause)
[3910.027s][info][gc,task        ] GC(988) Using 6 workers of 6 for evacuation
[3910.145s][info][gc,phases      ] GC(988)   Pre Evacuate Collection Set: 0.33ms
[3910.145s][info][gc,phases      ] GC(988)   Merge Heap Roots: 0.52ms
[3910.145s][info][gc,phases      ] GC(988)   Evacuate Collection Set: 115.78ms
[3910.145s][info][gc,phases      ] GC(988)   Post Evacuate Collection Set: 0.90ms
[3910.145s][info][gc,phases      ] GC(988)   Other: 0.09ms
[3910.145s][info][gc,heap        ] GC(988) Eden regions: 1118->0(1106)
[3910.145s][info][gc,heap        ] GC(988) Survivor regions: 110->110(154)
[3910.145s][info][gc,heap        ] GC(988) Old regions: 508->539
[3910.145s][info][gc,heap        ] GC(988) Humongous regions: 80->80
[3910.145s][info][gc,metaspace   ] GC(988) Metaspace: 28909K(29248K)->28909K(29248K) NonClass: 24041K(24192K)->24041K(24192K) Class: 4868K(5056K)->4868K(5056K)
[3910.145s][info][gc             ] GC(988) Pause Young (Prepare Mixed) (G1 Evacuation Pause) 3631M->1457M(4096M) 117.749ms
[3910.145s][info][gc,cpu         ] GC(988) User=0.70s Sys=0.01s Real=0.12s
...[3912.798s][info][gc,start       ] GC(989) Pause Young (Mixed) (G1 Evacuation Pause)
[3912.798s][info][gc,task        ] GC(989) Using 6 workers of 6 for evacuation
[3912.934s][info][gc,phases      ] GC(989)   Pre Evacuate Collection Set: 0.39ms
[3912.934s][info][gc,phases      ] GC(989)   Merge Heap Roots: 0.81ms
[3912.934s][info][gc,phases      ] GC(989)   Evacuate Collection Set: 133.76ms
[3912.934s][info][gc,phases      ] GC(989)   Post Evacuate Collection Set: 0.95ms
[3912.934s][info][gc,phases      ] GC(989)   Other: 0.09ms
[3912.934s][info][gc,heap        ] GC(989) Eden regions: 1106->0(1117)
[3912.934s][info][gc,heap        ] GC(989) Survivor regions: 110->111(152)
[3912.934s][info][gc,heap        ] GC(989) Old regions: 539->474
[3912.934s][info][gc,heap        ] GC(989) Humongous regions: 80->80
[3912.934s][info][gc,metaspace   ] GC(989) Metaspace: 28909K(29248K)->28909K(29248K) NonClass: 24041K(24192K)->24041K(24192K) Class: 4868K(5056K)->4868K(5056K)
[3912.934s][info][gc             ] GC(989) Pause Young (Mixed) (G1 Evacuation Pause) 3669M->1328M(4096M) 136.120ms
[3912.935s][info][gc,cpu         ] GC(989) User=0.81s Sys=0.00s Real=0.14s
...[3915.454s][info][gc,start       ] GC(990) Pause Young (Concurrent Start) (G1 Evacuation Pause)
[3915.454s][info][gc,task        ] GC(990) Using 6 workers of 6 for evacuation
[3915.572s][info][gc,phases      ] GC(990)   Pre Evacuate Collection Set: 0.40ms
[3915.572s][info][gc,phases      ] GC(990)   Merge Heap Roots: 0.55ms
[3915.572s][info][gc,phases      ] GC(990)   Evacuate Collection Set: 116.69ms
[3915.572s][info][gc,phases      ] GC(990)   Post Evacuate Collection Set: 0.89ms
[3915.572s][info][gc,phases      ] GC(990)   Other: 0.10ms
[3915.572s][info][gc,heap        ] GC(990) Eden regions: 1117->0(1121)
[3915.572s][info][gc,heap        ] GC(990) Survivor regions: 111->107(154)
[3915.572s][info][gc,heap        ] GC(990) Old regions: 474->506
[3915.572s][info][gc,heap        ] GC(990) Humongous regions: 80->80
[3915.572s][info][gc,metaspace   ] GC(990) Metaspace: 28909K(29248K)->28909K(29248K) NonClass: 24041K(24192K)->24041K(24192K) Class: 4868K(5056K)->4868K(5056K)
[3915.572s][info][gc             ] GC(990) Pause Young (Concurrent Start) (G1 Evacuation Pause) 3562M->1385M(4096M) 118.768ms
[3915.572s][info][gc             ] GC(991) Concurrent Mark Cycle
[3915.572s][info][gc,marking     ] GC(991) Concurrent Scan Root Regions
[3915.573s][info][gc,cpu         ] GC(990) User=0.70s Sys=0.00s Real=0.12s
[3915.755s][info][gc,marking     ] GC(991) Concurrent Scan Root Regions 182.928ms
[3915.755s][info][gc,marking     ] GC(991) Concurrent Mark
[3915.755s][info][gc,marking     ] GC(991) Concurrent Mark From Roots
[3915.755s][info][gc,task        ] GC(991) Using 2 workers of 2 for marking
.[3916.678s][info][gc,marking     ] GC(991) Concurrent Mark From Roots 922.093ms
[3916.678s][info][gc,marking     ] GC(991) Concurrent Preclean
[3916.678s][info][gc,marking     ] GC(991) Concurrent Preclean 0.111ms
[3916.679s][info][gc,start       ] GC(991) Pause Remark
[3916.683s][info][gc             ] GC(991) Pause Remark 2319M->2319M(4096M) 4.006ms
[3916.683s][info][gc,cpu         ] GC(991) User=0.02s Sys=0.00s Real=0.01s
[3916.686s][info][gc,marking     ] GC(991) Concurrent Mark 930.964ms
[3916.686s][info][gc,marking     ] GC(991) Concurrent Rebuild Remembered Sets and Scrub Regions
[3917.012s][info][gc,marking     ] GC(991) Concurrent Rebuild Remembered Sets and Scrub Regions 325.202ms
[3917.012s][info][gc,start       ] GC(991) Pause Cleanup
[3917.012s][info][gc             ] GC(991) Pause Cleanup 2625M->2625M(4096M) 0.111ms
[3917.012s][info][gc,cpu         ] GC(991) User=0.00s Sys=0.00s Real=0.00s
[3917.012s][info][gc,marking     ] GC(991) Concurrent Clear Claimed Marks
[3917.012s][info][gc,marking     ] GC(991) Concurrent Clear Claimed Marks 0.020ms
[3917.012s][info][gc,marking     ] GC(991) Concurrent Cleanup for Next Mark
[3917.019s][info][gc,marking     ] GC(991) Concurrent Cleanup for Next Mark 7.499ms
[3917.020s][info][gc             ] GC(991) Concurrent Mark Cycle 1447.074ms
.[3918.171s][info][gc,start       ] GC(992) Pause Young (Prepare Mixed) (G1 Evacuation Pause)
[3918.171s][info][gc,task        ] GC(992) Using 6 workers of 6 for evacuation
[3918.288s][info][gc,phases      ] GC(992)   Pre Evacuate Collection Set: 0.33ms
[3918.288s][info][gc,phases      ] GC(992)   Merge Heap Roots: 0.52ms
[3918.288s][info][gc,phases      ] GC(992)   Evacuate Collection Set: 114.74ms
[3918.288s][info][gc,phases      ] GC(992)   Post Evacuate Collection Set: 0.90ms
[3918.288s][info][gc,phases      ] GC(992)   Other: 0.08ms
[3918.288s][info][gc,heap        ] GC(992) Eden regions: 1121->0(1108)
[3918.288s][info][gc,heap        ] GC(992) Survivor regions: 107->109(154)
[3918.288s][info][gc,heap        ] GC(992) Old regions: 506->539
[3918.288s][info][gc,heap        ] GC(992) Humongous regions: 80->80
[3918.288s][info][gc,metaspace   ] GC(992) Metaspace: 28909K(29248K)->28909K(29248K) NonClass: 24041K(24192K)->24041K(24192K) Class: 4868K(5056K)->4868K(5056K)
[3918.288s][info][gc             ] GC(992) Pause Young (Prepare Mixed) (G1 Evacuation Pause) 3627M->1453M(4096M) 116.694ms
[3918.288s][info][gc,cpu         ] GC(992) User=0.70s Sys=0.00s Real=0.11s
...[3920.901s][info][gc,start       ] GC(993) Pause Young (Mixed) (G1 Evacuation Pause)
[3920.901s][info][gc,task        ] GC(993) Using 6 workers of 6 for evacuation
[3921.033s][info][gc,phases      ] GC(993)   Pre Evacuate Collection Set: 0.36ms
[3921.033s][info][gc,phases      ] GC(993)   Merge Heap Roots: 0.71ms
[3921.033s][info][gc,phases      ] GC(993)   Evacuate Collection Set: 129.74ms
[3921.033s][info][gc,phases      ] GC(993)   Post Evacuate Collection Set: 0.95ms
[3921.033s][info][gc,phases      ] GC(993)   Other: 0.09ms
[3921.033s][info][gc,heap        ] GC(993) Eden regions: 1108->0(1119)
[3921.033s][info][gc,heap        ] GC(993) Survivor regions: 109->109(153)
[3921.033s][info][gc,heap        ] GC(993) Old regions: 539->476
[3921.033s][info][gc,heap        ] GC(993) Humongous regions: 80->80
[3921.033s][info][gc,metaspace   ] GC(993) Metaspace: 28909K(29248K)->28909K(29248K) NonClass: 24041K(24192K)->24041K(24192K) Class: 4868K(5056K)->4868K(5056K)
[3921.033s][info][gc             ] GC(993) Pause Young (Mixed) (G1 Evacuation Pause) 3669M->1328M(4096M) 131.993ms
[3921.033s][info][gc,cpu         ] GC(993) User=0.78s Sys=0.00s Real=0.13s
...[3923.632s][info][gc,start       ] GC(994) Pause Young (Concurrent Start) (G1 Evacuation Pause)
[3923.632s][info][gc,task        ] GC(994) Using 6 workers of 6 for evacuation
[3923.756s][info][gc,phases      ] GC(994)   Pre Evacuate Collection Set: 0.38ms
[3923.756s][info][gc,phases      ] GC(994)   Merge Heap Roots: 0.47ms
[3923.756s][info][gc,phases      ] GC(994)   Evacuate Collection Set: 122.48ms
[3923.756s][info][gc,phases      ] GC(994)   Post Evacuate Collection Set: 0.89ms
[3923.756s][info][gc,phases      ] GC(994)   Other: 0.10ms
[3923.756s][info][gc,heap        ] GC(994) Eden regions: 1119->0(1113)
[3923.756s][info][gc,heap        ] GC(994) Survivor regions: 109->115(154)
[3923.756s][info][gc,heap        ] GC(994) Old regions: 476->507
[3923.756s][info][gc,heap        ] GC(994) Humongous regions: 80->80
[3923.756s][info][gc,metaspace   ] GC(994) Metaspace: 28909K(29248K)->28909K(29248K) NonClass: 24041K(24192K)->24041K(24192K) Class: 4868K(5056K)->4868K(5056K)
[3923.756s][info][gc             ] GC(994) Pause Young (Concurrent Start) (G1 Evacuation Pause) 3566M->1403M(4096M) 124.463ms
[3923.756s][info][gc             ] GC(995) Concurrent Mark Cycle
[3923.756s][info][gc,marking     ] GC(995) Concurrent Scan Root Regions
[3923.756s][info][gc,cpu         ] GC(994) User=0.74s Sys=0.00s Real=0.12s
[3923.951s][info][gc,marking     ] GC(995) Concurrent Scan Root Regions 194.350ms
[3923.951s][info][gc,marking     ] GC(995) Concurrent Mark
[3923.951s][info][gc,marking     ] GC(995) Concurrent Mark From Roots
[3923.951s][info][gc,task        ] GC(995) Using 2 workers of 2 for marking
.[3925.035s][info][gc,marking     ] GC(995) Concurrent Mark From Roots 1084.351ms
[3925.035s][info][gc,marking     ] GC(995) Concurrent Preclean
[3925.035s][info][gc,marking     ] GC(995) Concurrent Preclean 0.121ms
[3925.038s][info][gc,start       ] GC(995) Pause Remark
[3925.042s][info][gc             ] GC(995) Pause Remark 2539M->2539M(4096M) 4.390ms
[3925.042s][info][gc,cpu         ] GC(995) User=0.02s Sys=0.01s Real=0.01s
[3925.043s][info][gc,marking     ] GC(995) Concurrent Mark 1092.783ms
[3925.043s][info][gc,marking     ] GC(995) Concurrent Rebuild Remembered Sets and Scrub Regions
[3925.356s][info][gc,marking     ] GC(995) Concurrent Rebuild Remembered Sets and Scrub Regions 312.361ms
[3925.356s][info][gc,start       ] GC(995) Pause Cleanup
[3925.356s][info][gc             ] GC(995) Pause Cleanup 2779M->2779M(4096M) 0.114ms
[3925.356s][info][gc,cpu         ] GC(995) User=0.00s Sys=0.00s Real=0.00s
[3925.356s][info][gc,marking     ] GC(995) Concurrent Clear Claimed Marks
[3925.356s][info][gc,marking     ] GC(995) Concurrent Clear Claimed Marks 0.023ms
[3925.356s][info][gc,marking     ] GC(995) Concurrent Cleanup for Next Mark
[3925.360s][info][gc,marking     ] GC(995) Concurrent Cleanup for Next Mark 3.948ms
[3925.360s][info][gc             ] GC(995) Concurrent Mark Cycle 1603.920ms
.[3926.336s][info][gc,start       ] GC(996) Pause Young (Prepare Mixed) (G1 Evacuation Pause)
[3926.336s][info][gc,task        ] GC(996) Using 6 workers of 6 for evacuation
[3926.453s][info][gc,phases      ] GC(996)   Pre Evacuate Collection Set: 0.37ms
[3926.453s][info][gc,phases      ] GC(996)   Merge Heap Roots: 0.58ms
[3926.453s][info][gc,phases      ] GC(996)   Evacuate Collection Set: 114.84ms
[3926.453s][info][gc,phases      ] GC(996)   Post Evacuate Collection Set: 0.94ms
[3926.453s][info][gc,phases      ] GC(996)   Other: 0.09ms
[3926.453s][info][gc,heap        ] GC(996) Eden regions: 1113->0(1110)
[3926.453s][info][gc,heap        ] GC(996) Survivor regions: 115->108(154)
[3926.453s][info][gc,heap        ] GC(996) Old regions: 507->539
[3926.453s][info][gc,heap        ] GC(996) Humongous regions: 80->80
[3926.453s][info][gc,metaspace   ] GC(996) Metaspace: 28909K(29248K)->28909K(29248K) NonClass: 24041K(24192K)->24041K(24192K) Class: 4868K(5056K)->4868K(5056K)
[3926.453s][info][gc             ] GC(996) Pause Young (Prepare Mixed) (G1 Evacuation Pause) 3629M->1452M(4096M) 116.942ms
[3926.453s][info][gc,cpu         ] GC(996) User=0.69s Sys=0.00s Real=0.12s
...[3929.038s][info][gc,start       ] GC(997) Pause Young (Mixed) (G1 Evacuation Pause)
[3929.038s][info][gc,task        ] GC(997) Using 6 workers of 6 for evacuation
[3929.180s][info][gc,phases      ] GC(997)   Pre Evacuate Collection Set: 0.35ms
[3929.180s][info][gc,phases      ] GC(997)   Merge Heap Roots: 0.69ms
[3929.180s][info][gc,phases      ] GC(997)   Evacuate Collection Set: 139.92ms
[3929.180s][info][gc,phases      ] GC(997)   Post Evacuate Collection Set: 0.93ms
[3929.180s][info][gc,phases      ] GC(997)   Other: 0.09ms
[3929.180s][info][gc,heap        ] GC(997) Eden regions: 1110->0(1113)
[3929.180s][info][gc,heap        ] GC(997) Survivor regions: 108->115(153)
[3929.180s][info][gc,heap        ] GC(997) Old regions: 539->474
[3929.180s][info][gc,heap        ] GC(997) Humongous regions: 80->80
[3929.180s][info][gc,metaspace   ] GC(997) Metaspace: 28909K(29248K)->28909K(29248K) NonClass: 24041K(24192K)->24041K(24192K) Class: 4868K(5056K)->4868K(5056K)
[3929.180s][info][gc             ] GC(997) Pause Young (Mixed) (G1 Evacuation Pause) 3672M->1336M(4096M) 142.123ms
[3929.180s][info][gc,cpu         ] GC(997) User=0.85s Sys=0.00s Real=0.14s
...[3931.764s][info][gc,start       ] GC(998) Pause Young (Concurrent Start) (G1 Evacuation Pause)
[3931.764s][info][gc,task        ] GC(998) Using 6 workers of 6 for evacuation
[3931.883s][info][gc,phases      ] GC(998)   Pre Evacuate Collection Set: 0.36ms
[3931.883s][info][gc,phases      ] GC(998)   Merge Heap Roots: 0.47ms
[3931.883s][info][gc,phases      ] GC(998)   Evacuate Collection Set: 116.78ms
[3931.883s][info][gc,phases      ] GC(998)   Post Evacuate Collection Set: 0.90ms
[3931.883s][info][gc,phases      ] GC(998)   Other: 0.10ms
[3931.883s][info][gc,heap        ] GC(998) Eden regions: 1113->0(1119)
[3931.883s][info][gc,heap        ] GC(998) Survivor regions: 115->109(154)
[3931.883s][info][gc,heap        ] GC(998) Old regions: 474->506
[3931.883s][info][gc,heap        ] GC(998) Humongous regions: 80->80
[3931.883s][info][gc,metaspace   ] GC(998) Metaspace: 28909K(29248K)->28909K(29248K) NonClass: 24041K(24192K)->24041K(24192K) Class: 4868K(5056K)->4868K(5056K)
[3931.883s][info][gc             ] GC(998) Pause Young (Concurrent Start) (G1 Evacuation Pause) 3562M->1389M(4096M) 118.745ms
[3931.883s][info][gc             ] GC(999) Concurrent Mark Cycle
[3931.883s][info][gc,marking     ] GC(999) Concurrent Scan Root Regions
[3931.883s][info][gc,cpu         ] GC(998) User=0.71s Sys=0.00s Real=0.12s
[3932.109s][info][gc,marking     ] GC(999) Concurrent Scan Root Regions 226.277ms
[3932.109s][info][gc,marking     ] GC(999) Concurrent Mark
[3932.109s][info][gc,marking     ] GC(999) Concurrent Mark From Roots
[3932.109s][info][gc,task        ] GC(999) Using 2 workers of 2 for marking
.[3933.044s][info][gc,marking     ] GC(999) Concurrent Mark From Roots 935.151ms
[3933.044s][info][gc,marking     ] GC(999) Concurrent Preclean
[3933.044s][info][gc,marking     ] GC(999) Concurrent Preclean 0.110ms
[3933.045s][info][gc,start       ] GC(999) Pause Remark
[3933.050s][info][gc             ] GC(999) Pause Remark 2433M->2433M(4096M) 4.706ms
[3933.050s][info][gc,cpu         ] GC(999) User=0.02s Sys=0.00s Real=0.00s
[3933.050s][info][gc,marking     ] GC(999) Concurrent Mark 940.949ms
[3933.050s][info][gc,marking     ] GC(999) Concurrent Rebuild Remembered Sets and Scrub Regions
[3933.381s][info][gc,marking     ] GC(999) Concurrent Rebuild Remembered Sets and Scrub Regions 330.940ms
[3933.381s][info][gc,start       ] GC(999) Pause Cleanup
[3933.381s][info][gc             ] GC(999) Pause Cleanup 2726M->2726M(4096M) 0.110ms
[3933.381s][info][gc,cpu         ] GC(999) User=0.00s Sys=0.00s Real=0.00s
[3933.381s][info][gc,marking     ] GC(999) Concurrent Clear Claimed Marks
[3933.381s][info][gc,marking     ] GC(999) Concurrent Clear Claimed Marks 0.024ms
[3933.381s][info][gc,marking     ] GC(999) Concurrent Cleanup for Next Mark
[3933.387s][info][gc,marking     ] GC(999) Concurrent Cleanup for Next Mark 5.659ms
[3933.387s][info][gc             ] GC(999) Concurrent Mark Cycle 1504.396ms
.[3934.478s][info][gc,start       ] GC(1000) Pause Young (Prepare Mixed) (G1 Evacuation Pause)
[3934.478s][info][gc,task        ] GC(1000) Using 6 workers of 6 for evacuation
[3934.597s][info][gc,phases      ] GC(1000)   Pre Evacuate Collection Set: 0.29ms
[3934.597s][info][gc,phases      ] GC(1000)   Merge Heap Roots: 0.50ms
[3934.597s][info][gc,phases      ] GC(1000)   Evacuate Collection Set: 117.09ms
[3934.597s][info][gc,phases      ] GC(1000)   Post Evacuate Collection Set: 0.94ms
[3934.597s][info][gc,phases      ] GC(1000)   Other: 0.12ms
[3934.597s][info][gc,heap        ] GC(1000) Eden regions: 1119->0(1105)
[3934.597s][info][gc,heap        ] GC(1000) Survivor regions: 109->111(154)
[3934.597s][info][gc,heap        ] GC(1000) Old regions: 506->538
[3934.597s][info][gc,heap        ] GC(1000) Humongous regions: 80->80
[3934.597s][info][gc,metaspace   ] GC(1000) Metaspace: 28909K(29248K)->28909K(29248K) NonClass: 24041K(24192K)->24041K(24192K) Class: 4868K(5056K)->4868K(5056K)
[3934.597s][info][gc             ] GC(1000) Pause Young (Prepare Mixed) (G1 Evacuation Pause) 3627M->1456M(4096M) 119.066ms
[3934.598s][info][gc,cpu         ] GC(1000) User=0.71s Sys=0.00s Real=0.12s
...[3937.182s][info][gc,start       ] GC(1001) Pause Young (Mixed) (G1 Evacuation Pause)
[3937.182s][info][gc,task        ] GC(1001) Using 6 workers of 6 for evacuation
[3937.325s][info][gc,phases      ] GC(1001)   Pre Evacuate Collection Set: 0.34ms
[3937.325s][info][gc,phases      ] GC(1001)   Merge Heap Roots: 0.70ms
[3937.325s][info][gc,phases      ] GC(1001)   Evacuate Collection Set: 141.06ms
[3937.325s][info][gc,phases      ] GC(1001)   Post Evacuate Collection Set: 0.96ms
[3937.325s][info][gc,phases      ] GC(1001)   Other: 0.09ms
[3937.325s][info][gc,heap        ] GC(1001) Eden regions: 1105->0(1111)
[3937.325s][info][gc,heap        ] GC(1001) Survivor regions: 111->117(152)
[3937.325s][info][gc,heap        ] GC(1001) Old regions: 538->475
[3937.325s][info][gc,heap        ] GC(1001) Humongous regions: 80->80
[3937.325s][info][gc,metaspace   ] GC(1001) Metaspace: 28909K(29248K)->28909K(29248K) NonClass: 24041K(24192K)->24041K(24192K) Class: 4868K(5056K)->4868K(5056K)
[3937.325s][info][gc             ] GC(1001) Pause Young (Mixed) (G1 Evacuation Pause) 3666M->1343M(4096M) 143.291ms
[3937.325s][info][gc,cpu         ] GC(1001) User=0.86s Sys=0.00s Real=0.14s
...[3939.894s][info][gc,start       ] GC(1002) Pause Young (Concurrent Start) (G1 Evacuation Pause)
[3939.894s][info][gc,task        ] GC(1002) Using 6 workers of 6 for evacuation
[3940.010s][info][gc,phases      ] GC(1002)   Pre Evacuate Collection Set: 0.36ms
[3940.010s][info][gc,phases      ] GC(1002)   Merge Heap Roots: 0.45ms
[3940.010s][info][gc,phases      ] GC(1002)   Evacuate Collection Set: 114.13ms
[3940.010s][info][gc,phases      ] GC(1002)   Post Evacuate Collection Set: 0.87ms
[3940.010s][info][gc,phases      ] GC(1002)   Other: 0.11ms
[3940.010s][info][gc,heap        ] GC(1002) Eden regions: 1111->0(1119)
[3940.010s][info][gc,heap        ] GC(1002) Survivor regions: 117->109(154)
[3940.010s][info][gc,heap        ] GC(1002) Old regions: 475->507
[3940.010s][info][gc,heap        ] GC(1002) Humongous regions: 80->80
[3940.010s][info][gc,metaspace   ] GC(1002) Metaspace: 28909K(29248K)->28909K(29248K) NonClass: 24041K(24192K)->24041K(24192K) Class: 4868K(5056K)->4868K(5056K)
[3940.010s][info][gc             ] GC(1002) Pause Young (Concurrent Start) (G1 Evacuation Pause) 3565M->1390M(4096M) 116.069ms
[3940.010s][info][gc             ] GC(1003) Concurrent Mark Cycle
[3940.010s][info][gc,marking     ] GC(1003) Concurrent Scan Root Regions
[3940.010s][info][gc,cpu         ] GC(1002) User=0.69s Sys=0.00s Real=0.11s
[3940.189s][info][gc,marking     ] GC(1003) Concurrent Scan Root Regions 178.747ms
[3940.189s][info][gc,marking     ] GC(1003) Concurrent Mark
[3940.189s][info][gc,marking     ] GC(1003) Concurrent Mark From Roots
[3940.189s][info][gc,task        ] GC(1003) Using 2 workers of 2 for marking
.[3940.911s][info][gc,marking     ] GC(1003) Concurrent Mark From Roots 721.861ms
[3940.911s][info][gc,marking     ] GC(1003) Concurrent Preclean
[3940.911s][info][gc,marking     ] GC(1003) Concurrent Preclean 0.126ms
[3940.911s][info][gc,start       ] GC(1003) Pause Remark
[3940.915s][info][gc             ] GC(1003) Pause Remark 2165M->2165M(4096M) 3.463ms
[3940.915s][info][gc,cpu         ] GC(1003) User=0.02s Sys=0.00s Real=0.00s
[3940.915s][info][gc,marking     ] GC(1003) Concurrent Mark 725.822ms
[3940.915s][info][gc,marking     ] GC(1003) Concurrent Rebuild Remembered Sets and Scrub Regions
[3941.189s][info][gc,marking     ] GC(1003) Concurrent Rebuild Remembered Sets and Scrub Regions 274.209ms
[3941.190s][info][gc,start       ] GC(1003) Pause Cleanup
[3941.190s][info][gc             ] GC(1003) Pause Cleanup 2430M->2430M(4096M) 0.120ms
[3941.190s][info][gc,cpu         ] GC(1003) User=0.00s Sys=0.00s Real=0.00s
[3941.190s][info][gc,marking     ] GC(1003) Concurrent Clear Claimed Marks
[3941.190s][info][gc,marking     ] GC(1003) Concurrent Clear Claimed Marks 0.032ms
[3941.190s][info][gc,marking     ] GC(1003) Concurrent Cleanup for Next Mark
[3941.196s][info][gc,marking     ] GC(1003) Concurrent Cleanup for Next Mark 5.590ms
[3941.196s][info][gc             ] GC(1003) Concurrent Mark Cycle 1185.741ms
.[3942.587s][info][gc,start       ] GC(1004) Pause Young (Prepare Mixed) (G1 Evacuation Pause)
[3942.587s][info][gc,task        ] GC(1004) Using 6 workers of 6 for evacuation
[3942.704s][info][gc,phases      ] GC(1004)   Pre Evacuate Collection Set: 0.31ms
[3942.704s][info][gc,phases      ] GC(1004)   Merge Heap Roots: 0.50ms
[3942.704s][info][gc,phases      ] GC(1004)   Evacuate Collection Set: 115.02ms
[3942.704s][info][gc,phases      ] GC(1004)   Post Evacuate Collection Set: 0.91ms
[3942.704s][info][gc,phases      ] GC(1004)   Other: 0.08ms
[3942.704s][info][gc,heap        ] GC(1004) Eden regions: 1119->0(1108)
[3942.704s][info][gc,heap        ] GC(1004) Survivor regions: 109->109(154)
[3942.704s][info][gc,heap        ] GC(1004) Old regions: 507->539
[3942.704s][info][gc,heap        ] GC(1004) Humongous regions: 80->80
[3942.704s][info][gc,metaspace   ] GC(1004) Metaspace: 28909K(29248K)->28909K(29248K) NonClass: 24041K(24192K)->24041K(24192K) Class: 4868K(5056K)->4868K(5056K)
[3942.704s][info][gc             ] GC(1004) Pause Young (Prepare Mixed) (G1 Evacuation Pause) 3628M->1454M(4096M) 116.934ms
[3942.704s][info][gc,cpu         ] GC(1004) User=0.69s Sys=0.00s Real=0.12s
...[3945.304s][info][gc,start       ] GC(1005) Pause Young (Mixed) (G1 Evacuation Pause)
[3945.304s][info][gc,task        ] GC(1005) Using 6 workers of 6 for evacuation
[3945.438s][info][gc,phases      ] GC(1005)   Pre Evacuate Collection Set: 0.36ms
[3945.438s][info][gc,phases      ] GC(1005)   Merge Heap Roots: 0.62ms
[3945.438s][info][gc,phases      ] GC(1005)   Evacuate Collection Set: 131.31ms
[3945.438s][info][gc,phases      ] GC(1005)   Post Evacuate Collection Set: 0.92ms
[3945.438s][info][gc,phases      ] GC(1005)   Other: 0.10ms
[3945.438s][info][gc,heap        ] GC(1005) Eden regions: 1108->0(1117)
[3945.438s][info][gc,heap        ] GC(1005) Survivor regions: 109->111(153)
[3945.438s][info][gc,heap        ] GC(1005) Old regions: 539->475
[3945.438s][info][gc,heap        ] GC(1005) Humongous regions: 80->80
[3945.438s][info][gc,metaspace   ] GC(1005) Metaspace: 28909K(29248K)->28909K(29248K) NonClass: 24041K(24192K)->24041K(24192K) Class: 4868K(5056K)->4868K(5056K)
[3945.438s][info][gc             ] GC(1005) Pause Young (Mixed) (G1 Evacuation Pause) 3670M->1331M(4096M) 133.452ms
[3945.438s][info][gc,cpu         ] GC(1005) User=0.80s Sys=0.00s Real=0.13s
...[3948.102s][info][gc,start       ] GC(1006) Pause Young (Concurrent Start) (G1 Evacuation Pause)
[3948.102s][info][gc,task        ] GC(1006) Using 6 workers of 6 for evacuation
[3948.221s][info][gc,phases      ] GC(1006)   Pre Evacuate Collection Set: 0.37ms
[3948.221s][info][gc,phases      ] GC(1006)   Merge Heap Roots: 0.51ms
[3948.221s][info][gc,phases      ] GC(1006)   Evacuate Collection Set: 116.96ms
[3948.221s][info][gc,phases      ] GC(1006)   Post Evacuate Collection Set: 0.88ms
[3948.221s][info][gc,phases      ] GC(1006)   Other: 0.14ms
[3948.221s][info][gc,heap        ] GC(1006) Eden regions: 1117->0(1118)
[3948.221s][info][gc,heap        ] GC(1006) Survivor regions: 111->110(154)
[3948.221s][info][gc,heap        ] GC(1006) Old regions: 475->507
[3948.221s][info][gc,heap        ] GC(1006) Humongous regions: 80->80
[3948.221s][info][gc,metaspace   ] GC(1006) Metaspace: 28909K(29248K)->28909K(29248K) NonClass: 24041K(24192K)->24041K(24192K) Class: 4868K(5056K)->4868K(5056K)
[3948.221s][info][gc             ] GC(1006) Pause Young (Concurrent Start) (G1 Evacuation Pause) 3565M->1392M(4096M) 119.001ms
[3948.221s][info][gc             ] GC(1007) Concurrent Mark Cycle
[3948.221s][info][gc,marking     ] GC(1007) Concurrent Scan Root Regions
[3948.221s][info][gc,cpu         ] GC(1006) User=0.70s Sys=0.00s Real=0.12s
[3948.424s][info][gc,marking     ] GC(1007) Concurrent Scan Root Regions 203.373ms
[3948.424s][info][gc,marking     ] GC(1007) Concurrent Mark
[3948.424s][info][gc,marking     ] GC(1007) Concurrent Mark From Roots
[3948.424s][info][gc,task        ] GC(1007) Using 2 workers of 2 for marking
.[3949.414s][info][gc,marking     ] GC(1007) Concurrent Mark From Roots 989.858ms
[3949.414s][info][gc,marking     ] GC(1007) Concurrent Preclean
[3949.414s][info][gc,marking     ] GC(1007) Concurrent Preclean 0.143ms
[3949.415s][info][gc,start       ] GC(1007) Pause Remark
[3949.417s][info][gc             ] GC(1007) Pause Remark 2479M->2479M(4096M) 2.701ms
[3949.417s][info][gc,cpu         ] GC(1007) User=0.01s Sys=0.00s Real=0.00s
[3949.420s][info][gc,marking     ] GC(1007) Concurrent Mark 996.113ms
[3949.420s][info][gc,marking     ] GC(1007) Concurrent Rebuild Remembered Sets and Scrub Regions
[3949.833s][info][gc,marking     ] GC(1007) Concurrent Rebuild Remembered Sets and Scrub Regions 412.556ms
[3949.834s][info][gc,start       ] GC(1007) Pause Cleanup
[3949.834s][info][gc             ] GC(1007) Pause Cleanup 2858M->2858M(4096M) 0.124ms
[3949.834s][info][gc,cpu         ] GC(1007) User=0.00s Sys=0.00s Real=0.00s
[3949.834s][info][gc,marking     ] GC(1007) Concurrent Clear Claimed Marks
[3949.834s][info][gc,marking     ] GC(1007) Concurrent Clear Claimed Marks 0.030ms
[3949.834s][info][gc,marking     ] GC(1007) Concurrent Cleanup for Next Mark
[3949.854s][info][gc,marking     ] GC(1007) Concurrent Cleanup for Next Mark 19.995ms
[3949.854s][info][gc             ] GC(1007) Concurrent Mark Cycle 1633.310ms
.[3950.779s][info][gc,start       ] GC(1008) Pause Young (Prepare Mixed) (G1 Evacuation Pause)
[3950.779s][info][gc,task        ] GC(1008) Using 6 workers of 6 for evacuation
[3950.901s][info][gc,phases      ] GC(1008)   Pre Evacuate Collection Set: 0.30ms
[3950.901s][info][gc,phases      ] GC(1008)   Merge Heap Roots: 0.61ms
[3950.901s][info][gc,phases      ] GC(1008)   Evacuate Collection Set: 120.01ms
[3950.901s][info][gc,phases      ] GC(1008)   Post Evacuate Collection Set: 1.00ms
[3950.901s][info][gc,phases      ] GC(1008)   Other: 0.08ms
[3950.901s][info][gc,heap        ] GC(1008) Eden regions: 1118->0(1101)
[3950.901s][info][gc,heap        ] GC(1008) Survivor regions: 110->113(154)
[3950.901s][info][gc,heap        ] GC(1008) Old regions: 507->538
[3950.901s][info][gc,heap        ] GC(1008) Humongous regions: 80->80
[3950.901s][info][gc,metaspace   ] GC(1008) Metaspace: 28909K(29248K)->28909K(29248K) NonClass: 24041K(24192K)->24041K(24192K) Class: 4868K(5056K)->4868K(5056K)
[3950.901s][info][gc             ] GC(1008) Pause Young (Prepare Mixed) (G1 Evacuation Pause) 3628M->1459M(4096M) 122.137ms
[3950.901s][info][gc,cpu         ] GC(1008) User=0.73s Sys=0.00s Real=0.13s
...[3953.468s][info][gc,start       ] GC(1009) Pause Young (Mixed) (G1 Evacuation Pause)
[3953.468s][info][gc,task        ] GC(1009) Using 6 workers of 6 for evacuation
[3953.606s][info][gc,phases      ] GC(1009)   Pre Evacuate Collection Set: 0.35ms
[3953.606s][info][gc,phases      ] GC(1009)   Merge Heap Roots: 0.76ms
[3953.606s][info][gc,phases      ] GC(1009)   Evacuate Collection Set: 136.29ms
[3953.606s][info][gc,phases      ] GC(1009)   Post Evacuate Collection Set: 0.94ms
[3953.606s][info][gc,phases      ] GC(1009)   Other: 0.11ms
[3953.606s][info][gc,heap        ] GC(1009) Eden regions: 1101->0(1118)
[3953.606s][info][gc,heap        ] GC(1009) Survivor regions: 113->110(152)
[3953.606s][info][gc,heap        ] GC(1009) Old regions: 538->473
[3953.606s][info][gc,heap        ] GC(1009) Humongous regions: 80->80
[3953.606s][info][gc,metaspace   ] GC(1009) Metaspace: 28909K(29248K)->28909K(29248K) NonClass: 24041K(24192K)->24041K(24192K) Class: 4868K(5056K)->4868K(5056K)
[3953.606s][info][gc             ] GC(1009) Pause Young (Mixed) (G1 Evacuation Pause) 3661M->1325M(4096M) 138.589ms
[3953.606s][info][gc,cpu         ] GC(1009) User=0.82s Sys=0.00s Real=0.14s
.. (rIR:aIR:PR = 6918:6911:6911) (tPR = 102467) [OK] 
  3954s: Performance info:
         Transaction,    Success,    Partial,     Failed,   Receipts, AvgBarcode, 
             Overall,     421220,          0,          0,     400104,      59.48, 
         Response times:
             Request,    Success,    Partial,     Failed,   SkipFail,     Probes,    Samples,      min,      p50,      p90,      p95,      p99,      max, 
       TotalPurchase,     400104,          0,          0,          0,     363194,     421723,      300,     6100,    47000,    76000,   133000,   250000,
     InStorePurchase,     210721,          0,          0,          0,     191654,     222699,      300,     6200,    48000,    78000,   133000,   249000,
      OnlinePurchase,     147253,          0,          0,          0,     132998,     154039,      300,     5900,    47000,    75000,   131000,   250000,
        InstPurchase,      42130,          0,          0,          0,      38542,      44985,      300,     6200,    48000,    76000,   133000,   247000,
          AssocOfCat,        420,          0,          0,          0,        331,        465,    24000,    43000,   101600,   133700,   192020,   274000,
      AssocOfProduct,       4227,          0,          0,          0,       3947,       4772,      500,     6400,    50000,    81000,   135270,   211000,
      BusinessReport,       1061,          0,          0,          0,        907,       1171,    28000,    50000,   116000,   168000,   220000,   250000,
          CustBuyBeh,       4210,          0,          0,          0,       3964,       4807,      200,     5100,    46000,    74000,   127000,   237000,
       ProductReturn,      11197,          0,          0,          0,       9501,      11195,      200,     4800,    42000,    70000,   125000,   247000,

  3954s: (51%)   IR =   7057 .[3956.162s][info][gc,start       ] GC(1010) Pause Young (Concurrent Start) (G1 Evacuation Pause)
[3956.162s][info][gc,task        ] GC(1010) Using 6 workers of 6 for evacuation
[3956.283s][info][gc,phases      ] GC(1010)   Pre Evacuate Collection Set: 0.40ms
[3956.283s][info][gc,phases      ] GC(1010)   Merge Heap Roots: 0.46ms
[3956.283s][info][gc,phases      ] GC(1010)   Evacuate Collection Set: 118.26ms
[3956.283s][info][gc,phases      ] GC(1010)   Post Evacuate Collection Set: 0.92ms
[3956.283s][info][gc,phases      ] GC(1010)   Other: 0.12ms
[3956.283s][info][gc,heap        ] GC(1010) Eden regions: 1118->0(1117)
[3956.283s][info][gc,heap        ] GC(1010) Survivor regions: 110->111(154)
[3956.283s][info][gc,heap        ] GC(1010) Old regions: 473->505
[3956.283s][info][gc,heap        ] GC(1010) Humongous regions: 80->80
[3956.283s][info][gc,metaspace   ] GC(1010) Metaspace: 28909K(29248K)->28909K(29248K) NonClass: 24041K(24192K)->24041K(24192K) Class: 4868K(5056K)->4868K(5056K)
[3956.283s][info][gc             ] GC(1010) Pause Young (Concurrent Start) (G1 Evacuation Pause) 3561M->1390M(4096M) 120.293ms
[3956.283s][info][gc             ] GC(1011) Concurrent Mark Cycle
[3956.283s][info][gc,marking     ] GC(1011) Concurrent Scan Root Regions
[3956.283s][info][gc,cpu         ] GC(1010) User=0.72s Sys=0.00s Real=0.12s
[3956.469s][info][gc,marking     ] GC(1011) Concurrent Scan Root Regions 186.420ms
[3956.469s][info][gc,marking     ] GC(1011) Concurrent Mark
[3956.469s][info][gc,marking     ] GC(1011) Concurrent Mark From Roots
[3956.469s][info][gc,task        ] GC(1011) Using 2 workers of 2 for marking
.[3957.474s][info][gc,marking     ] GC(1011) Concurrent Mark From Roots 1004.990ms
[3957.474s][info][gc,marking     ] GC(1011) Concurrent Preclean
[3957.474s][info][gc,marking     ] GC(1011) Concurrent Preclean 0.134ms
[3957.475s][info][gc,start       ] GC(1011) Pause Remark
[3957.480s][info][gc             ] GC(1011) Pause Remark 2476M->2476M(4096M) 4.558ms
[3957.480s][info][gc,cpu         ] GC(1011) User=0.02s Sys=0.00s Real=0.00s
[3957.480s][info][gc,marking     ] GC(1011) Concurrent Mark 1010.561ms
[3957.480s][info][gc,marking     ] GC(1011) Concurrent Rebuild Remembered Sets and Scrub Regions
[3957.890s][info][gc,marking     ] GC(1011) Concurrent Rebuild Remembered Sets and Scrub Regions 410.211ms
[3957.890s][info][gc,start       ] GC(1011) Pause Cleanup
[3957.890s][info][gc             ] GC(1011) Pause Cleanup 2820M->2820M(4096M) 0.115ms
[3957.890s][info][gc,cpu         ] GC(1011) User=0.00s Sys=0.00s Real=0.00s
[3957.891s][info][gc,marking     ] GC(1011) Concurrent Clear Claimed Marks
[3957.891s][info][gc,marking     ] GC(1011) Concurrent Clear Claimed Marks 0.039ms
[3957.891s][info][gc,marking     ] GC(1011) Concurrent Cleanup for Next Mark
[3957.897s][info][gc,marking     ] GC(1011) Concurrent Cleanup for Next Mark 6.285ms
[3957.897s][info][gc             ] GC(1011) Concurrent Mark Cycle 1614.740ms
.[3958.853s][info][gc,start       ] GC(1012) Pause Young (Prepare Mixed) (G1 Evacuation Pause)
[3958.853s][info][gc,task        ] GC(1012) Using 6 workers of 6 for evacuation
[3958.971s][info][gc,phases      ] GC(1012)   Pre Evacuate Collection Set: 0.32ms
[3958.971s][info][gc,phases      ] GC(1012)   Merge Heap Roots: 0.50ms
[3958.971s][info][gc,phases      ] GC(1012)   Evacuate Collection Set: 116.26ms
[3958.971s][info][gc,phases      ] GC(1012)   Post Evacuate Collection Set: 0.92ms
[3958.971s][info][gc,phases      ] GC(1012)   Other: 0.08ms
[3958.971s][info][gc,heap        ] GC(1012) Eden regions: 1117->0(1111)
[3958.971s][info][gc,heap        ] GC(1012) Survivor regions: 111->109(154)
[3958.971s][info][gc,heap        ] GC(1012) Old regions: 505->536
[3958.971s][info][gc,heap        ] GC(1012) Humongous regions: 80->80
[3958.971s][info][gc,metaspace   ] GC(1012) Metaspace: 28909K(29248K)->28909K(29248K) NonClass: 24041K(24192K)->24041K(24192K) Class: 4868K(5056K)->4868K(5056K)
[3958.971s][info][gc             ] GC(1012) Pause Young (Prepare Mixed) (G1 Evacuation Pause) 3624M->1448M(4096M) 118.217ms
[3958.971s][info][gc,cpu         ] GC(1012) User=0.71s Sys=0.00s Real=0.12s
...[3961.450s][info][gc,start       ] GC(1013) Pause Young (Mixed) (G1 Evacuation Pause)
[3961.450s][info][gc,task        ] GC(1013) Using 6 workers of 6 for evacuation
[3961.584s][info][gc,phases      ] GC(1013)   Pre Evacuate Collection Set: 0.35ms
[3961.584s][info][gc,phases      ] GC(1013)   Merge Heap Roots: 0.70ms
[3961.584s][info][gc,phases      ] GC(1013)   Evacuate Collection Set: 131.76ms
[3961.584s][info][gc,phases      ] GC(1013)   Post Evacuate Collection Set: 0.94ms
[3961.584s][info][gc,phases      ] GC(1013)   Other: 0.09ms
[3961.584s][info][gc,heap        ] GC(1013) Eden regions: 1111->0(1120)
[3961.584s][info][gc,heap        ] GC(1013) Survivor regions: 109->108(153)
[3961.584s][info][gc,heap        ] GC(1013) Old regions: 536->474
[3961.584s][info][gc,heap        ] GC(1013) Humongous regions: 80->80
[3961.584s][info][gc,metaspace   ] GC(1013) Metaspace: 28909K(29248K)->28909K(29248K) NonClass: 24041K(24192K)->24041K(24192K) Class: 4868K(5056K)->4868K(5056K)
[3961.584s][info][gc             ] GC(1013) Pause Young (Mixed) (G1 Evacuation Pause) 3670M->1321M(4096M) 133.977ms
[3961.584s][info][gc,cpu         ] GC(1013) User=0.80s Sys=0.00s Real=0.14s
..|.[3964.206s][info][gc,start       ] GC(1014) Pause Young (Concurrent Start) (G1 Evacuation Pause)
[3964.206s][info][gc,task        ] GC(1014) Using 6 workers of 6 for evacuation
[3964.327s][info][gc,phases      ] GC(1014)   Pre Evacuate Collection Set: 0.42ms
[3964.327s][info][gc,phases      ] GC(1014)   Merge Heap Roots: 0.55ms
[3964.327s][info][gc,phases      ] GC(1014)   Evacuate Collection Set: 118.66ms
[3964.327s][info][gc,phases      ] GC(1014)   Post Evacuate Collection Set: 0.89ms
[3964.327s][info][gc,phases      ] GC(1014)   Other: 0.11ms
[3964.327s][info][gc,heap        ] GC(1014) Eden regions: 1120->0(1116)
[3964.327s][info][gc,heap        ] GC(1014) Survivor regions: 108->112(154)
[3964.327s][info][gc,heap        ] GC(1014) Old regions: 474->505
[3964.327s][info][gc,heap        ] GC(1014) Humongous regions: 80->80
[3964.327s][info][gc,metaspace   ] GC(1014) Metaspace: 28909K(29248K)->28909K(29248K) NonClass: 24041K(24192K)->24041K(24192K) Class: 4868K(5056K)->4868K(5056K)
[3964.327s][info][gc             ] GC(1014) Pause Young (Concurrent Start) (G1 Evacuation Pause) 3561M->1392M(4096M) 120.766ms
[3964.327s][info][gc             ] GC(1015) Concurrent Mark Cycle
[3964.327s][info][gc,marking     ] GC(1015) Concurrent Scan Root Regions
[3964.327s][info][gc,cpu         ] GC(1014) User=0.72s Sys=0.00s Real=0.12s
[3964.515s][info][gc,marking     ] GC(1015) Concurrent Scan Root Regions 187.462ms
[3964.515s][info][gc,marking     ] GC(1015) Concurrent Mark
[3964.515s][info][gc,marking     ] GC(1015) Concurrent Mark From Roots
[3964.515s][info][gc,task        ] GC(1015) Using 2 workers of 2 for marking
.[3965.496s][info][gc,marking     ] GC(1015) Concurrent Mark From Roots 980.871ms
[3965.496s][info][gc,marking     ] GC(1015) Concurrent Preclean
[3965.496s][info][gc,marking     ] GC(1015) Concurrent Preclean 0.156ms
[3965.498s][info][gc,start       ] GC(1015) Pause Remark
[3965.502s][info][gc             ] GC(1015) Pause Remark 2464M->2464M(4096M) 3.964ms
[3965.502s][info][gc,cpu         ] GC(1015) User=0.03s Sys=0.00s Real=0.01s
[3965.503s][info][gc,marking     ] GC(1015) Concurrent Mark 987.723ms
[3965.503s][info][gc,marking     ] GC(1015) Concurrent Rebuild Remembered Sets and Scrub Regions
[3965.807s][info][gc,marking     ] GC(1015) Concurrent Rebuild Remembered Sets and Scrub Regions 304.784ms
[3965.808s][info][gc,start       ] GC(1015) Pause Cleanup
[3965.808s][info][gc             ] GC(1015) Pause Cleanup 2717M->2717M(4096M) 0.125ms
[3965.808s][info][gc,cpu         ] GC(1015) User=0.00s Sys=0.00s Real=0.00s
[3965.808s][info][gc,marking     ] GC(1015) Concurrent Clear Claimed Marks
[3965.808s][info][gc,marking     ] GC(1015) Concurrent Clear Claimed Marks 0.038ms
[3965.808s][info][gc,marking     ] GC(1015) Concurrent Cleanup for Next Mark
[3965.813s][info][gc,marking     ] GC(1015) Concurrent Cleanup for Next Mark 4.513ms
[3965.813s][info][gc             ] GC(1015) Concurrent Mark Cycle 1485.446ms
.[3966.829s][info][gc,start       ] GC(1016) Pause Young (Prepare Mixed) (G1 Evacuation Pause)
[3966.829s][info][gc,task        ] GC(1016) Using 6 workers of 6 for evacuation
[3966.949s][info][gc,phases      ] GC(1016)   Pre Evacuate Collection Set: 0.34ms
[3966.949s][info][gc,phases      ] GC(1016)   Merge Heap Roots: 0.60ms
[3966.949s][info][gc,phases      ] GC(1016)   Evacuate Collection Set: 117.80ms
[3966.949s][info][gc,phases      ] GC(1016)   Post Evacuate Collection Set: 0.90ms
[3966.949s][info][gc,phases      ] GC(1016)   Other: 0.09ms
[3966.949s][info][gc,heap        ] GC(1016) Eden regions: 1116->0(1108)
[3966.949s][info][gc,heap        ] GC(1016) Survivor regions: 112->110(154)
[3966.949s][info][gc,heap        ] GC(1016) Old regions: 505->537
[3966.949s][info][gc,heap        ] GC(1016) Humongous regions: 80->80
[3966.949s][info][gc,metaspace   ] GC(1016) Metaspace: 28909K(29248K)->28909K(29248K) NonClass: 24041K(24192K)->24041K(24192K) Class: 4868K(5056K)->4868K(5056K)
[3966.949s][info][gc             ] GC(1016) Pause Young (Prepare Mixed) (G1 Evacuation Pause) 3624M->1451M(4096M) 119.864ms
[3966.949s][info][gc,cpu         ] GC(1016) User=0.72s Sys=0.00s Real=0.12s
...[3969.459s][info][gc,start       ] GC(1017) Pause Young (Mixed) (G1 Evacuation Pause)
[3969.459s][info][gc,task        ] GC(1017) Using 6 workers of 6 for evacuation
[3969.592s][info][gc,phases      ] GC(1017)   Pre Evacuate Collection Set: 0.39ms
[3969.592s][info][gc,phases      ] GC(1017)   Merge Heap Roots: 0.66ms
[3969.592s][info][gc,phases      ] GC(1017)   Evacuate Collection Set: 130.96ms
[3969.592s][info][gc,phases      ] GC(1017)   Post Evacuate Collection Set: 0.95ms
[3969.592s][info][gc,phases      ] GC(1017)   Other: 0.09ms
[3969.592s][info][gc,heap        ] GC(1017) Eden regions: 1108->0(1121)
[3969.592s][info][gc,heap        ] GC(1017) Survivor regions: 110->107(153)
[3969.592s][info][gc,heap        ] GC(1017) Old regions: 537->475
[3969.592s][info][gc,heap        ] GC(1017) Humongous regions: 80->80
[3969.592s][info][gc,metaspace   ] GC(1017) Metaspace: 28909K(29248K)->28909K(29248K) NonClass: 24041K(24192K)->24041K(24192K) Class: 4868K(5056K)->4868K(5056K)
[3969.592s][info][gc             ] GC(1017) Pause Young (Mixed) (G1 Evacuation Pause) 3667M->1321M(4096M) 133.170ms
[3969.592s][info][gc,cpu         ] GC(1017) User=0.80s Sys=0.00s Real=0.14s
..[3972.158s][info][gc,start       ] GC(1018) Pause Young (Concurrent Start) (G1 Evacuation Pause)
[3972.158s][info][gc,task        ] GC(1018) Using 6 workers of 6 for evacuation
[3972.274s][info][gc,phases      ] GC(1018)   Pre Evacuate Collection Set: 0.36ms
[3972.275s][info][gc,phases      ] GC(1018)   Merge Heap Roots: 0.47ms
[3972.275s][info][gc,phases      ] GC(1018)   Evacuate Collection Set: 114.77ms
[3972.275s][info][gc,phases      ] GC(1018)   Post Evacuate Collection Set: 0.87ms
[3972.275s][info][gc,phases      ] GC(1018)   Other: 0.10ms
[3972.275s][info][gc,heap        ] GC(1018) Eden regions: 1121->0(1117)
[3972.275s][info][gc,heap        ] GC(1018) Survivor regions: 107->111(154)
[3972.275s][info][gc,heap        ] GC(1018) Old regions: 475->505
[3972.275s][info][gc,heap        ] GC(1018) Humongous regions: 80->80
[3972.275s][info][gc,metaspace   ] GC(1018) Metaspace: 28909K(29248K)->28909K(29248K) NonClass: 24041K(24192K)->24041K(24192K) Class: 4868K(5056K)->4868K(5056K)
[3972.275s][info][gc             ] GC(1018) Pause Young (Concurrent Start) (G1 Evacuation Pause) 3563M->1390M(4096M) 116.706ms
[3972.275s][info][gc             ] GC(1019) Concurrent Mark Cycle
[3972.275s][info][gc,marking     ] GC(1019) Concurrent Scan Root Regions
[3972.275s][info][gc,cpu         ] GC(1018) User=0.69s Sys=0.00s Real=0.12s
.[3972.465s][info][gc,marking     ] GC(1019) Concurrent Scan Root Regions 190.796ms
[3972.465s][info][gc,marking     ] GC(1019) Concurrent Mark
[3972.465s][info][gc,marking     ] GC(1019) Concurrent Mark From Roots
[3972.465s][info][gc,task        ] GC(1019) Using 2 workers of 2 for marking
.[3973.455s][info][gc,marking     ] GC(1019) Concurrent Mark From Roots 989.422ms
[3973.455s][info][gc,marking     ] GC(1019) Concurrent Preclean
[3973.455s][info][gc,marking     ] GC(1019) Concurrent Preclean 0.145ms
[3973.456s][info][gc,start       ] GC(1019) Pause Remark
[3973.460s][info][gc             ] GC(1019) Pause Remark 2426M->2426M(4096M) 4.148ms
[3973.460s][info][gc,cpu         ] GC(1019) User=0.03s Sys=0.00s Real=0.00s
[3973.460s][info][gc,marking     ] GC(1019) Concurrent Mark 994.575ms
[3973.460s][info][gc,marking     ] GC(1019) Concurrent Rebuild Remembered Sets and Scrub Regions
[3973.817s][info][gc,marking     ] GC(1019) Concurrent Rebuild Remembered Sets and Scrub Regions 356.882ms
[3973.817s][info][gc,start       ] GC(1019) Pause Cleanup
[3973.817s][info][gc             ] GC(1019) Pause Cleanup 2729M->2729M(4096M) 0.120ms
[3973.817s][info][gc,cpu         ] GC(1019) User=0.00s Sys=0.00s Real=0.00s
[3973.817s][info][gc,marking     ] GC(1019) Concurrent Clear Claimed Marks
[3973.817s][info][gc,marking     ] GC(1019) Concurrent Clear Claimed Marks 0.027ms
[3973.817s][info][gc,marking     ] GC(1019) Concurrent Cleanup for Next Mark
[3973.822s][info][gc,marking     ] GC(1019) Concurrent Cleanup for Next Mark 4.381ms
[3973.822s][info][gc             ] GC(1019) Concurrent Mark Cycle 1547.212ms
.[3974.847s][info][gc,start       ] GC(1020) Pause Young (Prepare Mixed) (G1 Evacuation Pause)
[3974.847s][info][gc,task        ] GC(1020) Using 6 workers of 6 for evacuation
[3974.968s][info][gc,phases      ] GC(1020)   Pre Evacuate Collection Set: 0.31ms
[3974.968s][info][gc,phases      ] GC(1020)   Merge Heap Roots: 0.54ms
[3974.968s][info][gc,phases      ] GC(1020)   Evacuate Collection Set: 118.49ms
[3974.968s][info][gc,phases      ] GC(1020)   Post Evacuate Collection Set: 0.92ms
[3974.968s][info][gc,phases      ] GC(1020)   Other: 0.09ms
[3974.968s][info][gc,heap        ] GC(1020) Eden regions: 1117->0(1104)
[3974.968s][info][gc,heap        ] GC(1020) Survivor regions: 111->112(154)
[3974.968s][info][gc,heap        ] GC(1020) Old regions: 505->537
[3974.968s][info][gc,heap        ] GC(1020) Humongous regions: 80->80
[3974.968s][info][gc,metaspace   ] GC(1020) Metaspace: 28909K(29248K)->28909K(29248K) NonClass: 24041K(24192K)->24041K(24192K) Class: 4868K(5056K)->4868K(5056K)
[3974.968s][info][gc             ] GC(1020) Pause Young (Prepare Mixed) (G1 Evacuation Pause) 3624M->1455M(4096M) 120.472ms
[3974.968s][info][gc,cpu         ] GC(1020) User=0.71s Sys=0.00s Real=0.12s
...[3977.477s][info][gc,start       ] GC(1021) Pause Young (Mixed) (G1 Evacuation Pause)
[3977.477s][info][gc,task        ] GC(1021) Using 6 workers of 6 for evacuation
[3977.611s][info][gc,phases      ] GC(1021)   Pre Evacuate Collection Set: 0.38ms
[3977.611s][info][gc,phases      ] GC(1021)   Merge Heap Roots: 0.72ms
[3977.611s][info][gc,phases      ] GC(1021)   Evacuate Collection Set: 132.12ms
[3977.611s][info][gc,phases      ] GC(1021)   Post Evacuate Collection Set: 0.94ms
[3977.611s][info][gc,phases      ] GC(1021)   Other: 0.09ms
[3977.611s][info][gc,heap        ] GC(1021) Eden regions: 1104->0(1121)
[3977.611s][info][gc,heap        ] GC(1021) Survivor regions: 112->107(152)
[3977.611s][info][gc,heap        ] GC(1021) Old regions: 537->474
[3977.611s][info][gc,heap        ] GC(1021) Humongous regions: 80->80
[3977.611s][info][gc,metaspace   ] GC(1021) Metaspace: 28909K(29248K)->28909K(29248K) NonClass: 24041K(24192K)->24041K(24192K) Class: 4868K(5056K)->4868K(5056K)
[3977.611s][info][gc             ] GC(1021) Pause Young (Mixed) (G1 Evacuation Pause) 3663M->1320M(4096M) 134.377ms
[3977.611s][info][gc,cpu         ] GC(1021) User=0.80s Sys=0.00s Real=0.14s
..[3980.145s][info][gc,start       ] GC(1022) Pause Young (Concurrent Start) (G1 Evacuation Pause)
[3980.145s][info][gc,task        ] GC(1022) Using 6 workers of 6 for evacuation
[3980.264s][info][gc,phases      ] GC(1022)   Pre Evacuate Collection Set: 0.41ms
[3980.264s][info][gc,phases      ] GC(1022)   Merge Heap Roots: 0.54ms
[3980.264s][info][gc,phases      ] GC(1022)   Evacuate Collection Set: 117.17ms
[3980.264s][info][gc,phases      ] GC(1022)   Post Evacuate Collection Set: 0.87ms
[3980.264s][info][gc,phases      ] GC(1022)   Other: 0.11ms
[3980.264s][info][gc,heap        ] GC(1022) Eden regions: 1121->0(1117)
[3980.264s][info][gc,heap        ] GC(1022) Survivor regions: 107->111(154)
[3980.264s][info][gc,heap        ] GC(1022) Old regions: 474->506
[3980.264s][info][gc,heap        ] GC(1022) Humongous regions: 80->80
[3980.264s][info][gc,metaspace   ] GC(1022) Metaspace: 28909K(29248K)->28909K(29248K) NonClass: 24041K(24192K)->24041K(24192K) Class: 4868K(5056K)->4868K(5056K)
[3980.264s][info][gc             ] GC(1022) Pause Young (Concurrent Start) (G1 Evacuation Pause) 3562M->1391M(4096M) 119.233ms
[3980.264s][info][gc             ] GC(1023) Concurrent Mark Cycle
[3980.264s][info][gc,marking     ] GC(1023) Concurrent Scan Root Regions
[3980.264s][info][gc,cpu         ] GC(1022) User=0.71s Sys=0.00s Real=0.12s
[3980.451s][info][gc,marking     ] GC(1023) Concurrent Scan Root Regions 187.378ms
[3980.451s][info][gc,marking     ] GC(1023) Concurrent Mark
[3980.451s][info][gc,marking     ] GC(1023) Concurrent Mark From Roots
[3980.451s][info][gc,task        ] GC(1023) Using 2 workers of 2 for marking
.[3981.445s][info][gc,marking     ] GC(1023) Concurrent Mark From Roots 993.933ms
[3981.445s][info][gc,marking     ] GC(1023) Concurrent Preclean
[3981.445s][info][gc,marking     ] GC(1023) Concurrent Preclean 0.138ms
[3981.450s][info][gc,start       ] GC(1023) Pause Remark
[3981.454s][info][gc             ] GC(1023) Pause Remark 2481M->2481M(4096M) 4.657ms
[3981.454s][info][gc,cpu         ] GC(1023) User=0.03s Sys=0.00s Real=0.01s
[3981.454s][info][gc,marking     ] GC(1023) Concurrent Mark 1003.135ms
[3981.454s][info][gc,marking     ] GC(1023) Concurrent Rebuild Remembered Sets and Scrub Regions
.[3981.798s][info][gc,marking     ] GC(1023) Concurrent Rebuild Remembered Sets and Scrub Regions 343.646ms
[3981.798s][info][gc,start       ] GC(1023) Pause Cleanup
[3981.798s][info][gc             ] GC(1023) Pause Cleanup 2769M->2769M(4096M) 0.105ms
[3981.798s][info][gc,cpu         ] GC(1023) User=0.00s Sys=0.00s Real=0.00s
[3981.798s][info][gc,marking     ] GC(1023) Concurrent Clear Claimed Marks
[3981.798s][info][gc,marking     ] GC(1023) Concurrent Clear Claimed Marks 0.023ms
[3981.798s][info][gc,marking     ] GC(1023) Concurrent Cleanup for Next Mark
[3981.802s][info][gc,marking     ] GC(1023) Concurrent Cleanup for Next Mark 3.864ms
[3981.802s][info][gc             ] GC(1023) Concurrent Mark Cycle 1538.456ms
.[3982.833s][info][gc,start       ] GC(1024) Pause Young (Prepare Mixed) (G1 Evacuation Pause)
[3982.833s][info][gc,task        ] GC(1024) Using 6 workers of 6 for evacuation
[3982.953s][info][gc,phases      ] GC(1024)   Pre Evacuate Collection Set: 0.31ms
[3982.953s][info][gc,phases      ] GC(1024)   Merge Heap Roots: 0.51ms
[3982.953s][info][gc,phases      ] GC(1024)   Evacuate Collection Set: 118.83ms
[3982.953s][info][gc,phases      ] GC(1024)   Post Evacuate Collection Set: 0.88ms
[3982.953s][info][gc,phases      ] GC(1024)   Other: 0.09ms
[3982.953s][info][gc,heap        ] GC(1024) Eden regions: 1117->0(1104)
[3982.953s][info][gc,heap        ] GC(1024) Survivor regions: 111->112(154)
[3982.953s][info][gc,heap        ] GC(1024) Old regions: 506->537
[3982.953s][info][gc,heap        ] GC(1024) Humongous regions: 80->80
[3982.953s][info][gc,metaspace   ] GC(1024) Metaspace: 28909K(29248K)->28909K(29248K) NonClass: 24041K(24192K)->24041K(24192K) Class: 4868K(5056K)->4868K(5056K)
[3982.953s][info][gc             ] GC(1024) Pause Young (Prepare Mixed) (G1 Evacuation Pause) 3625M->1457M(4096M) 120.750ms
[3982.954s][info][gc,cpu         ] GC(1024) User=0.72s Sys=0.00s Real=0.12s
..[3985.425s][info][gc,start       ] GC(1025) Pause Young (Mixed) (G1 Evacuation Pause)
[3985.425s][info][gc,task        ] GC(1025) Using 6 workers of 6 for evacuation
[3985.555s][info][gc,phases      ] GC(1025)   Pre Evacuate Collection Set: 0.34ms
[3985.555s][info][gc,phases      ] GC(1025)   Merge Heap Roots: 0.66ms
[3985.555s][info][gc,phases      ] GC(1025)   Evacuate Collection Set: 128.26ms
[3985.555s][info][gc,phases      ] GC(1025)   Post Evacuate Collection Set: 0.93ms
[3985.555s][info][gc,phases      ] GC(1025)   Other: 0.09ms
[3985.555s][info][gc,heap        ] GC(1025) Eden regions: 1104->0(1121)
[3985.555s][info][gc,heap        ] GC(1025) Survivor regions: 112->107(152)
[3985.555s][info][gc,heap        ] GC(1025) Old regions: 537->475
[3985.555s][info][gc,heap        ] GC(1025) Humongous regions: 80->80
[3985.555s][info][gc,metaspace   ] GC(1025) Metaspace: 28909K(29248K)->28909K(29248K) NonClass: 24041K(24192K)->24041K(24192K) Class: 4868K(5056K)->4868K(5056K)
[3985.555s][info][gc             ] GC(1025) Pause Young (Mixed) (G1 Evacuation Pause) 3665M->1321M(4096M) 130.440ms
[3985.555s][info][gc,cpu         ] GC(1025) User=0.78s Sys=0.00s Real=0.13s
...[3988.161s][info][gc,start       ] GC(1026) Pause Young (Concurrent Start) (G1 Evacuation Pause)
[3988.161s][info][gc,task        ] GC(1026) Using 6 workers of 6 for evacuation
[3988.287s][info][gc,phases      ] GC(1026)   Pre Evacuate Collection Set: 0.36ms
[3988.287s][info][gc,phases      ] GC(1026)   Merge Heap Roots: 0.56ms
[3988.287s][info][gc,phases      ] GC(1026)   Evacuate Collection Set: 124.85ms
[3988.287s][info][gc,phases      ] GC(1026)   Post Evacuate Collection Set: 0.89ms
[3988.287s][info][gc,phases      ] GC(1026)   Other: 0.10ms
[3988.287s][info][gc,heap        ] GC(1026) Eden regions: 1121->0(1115)
[3988.287s][info][gc,heap        ] GC(1026) Survivor regions: 107->113(154)
[3988.287s][info][gc,heap        ] GC(1026) Old regions: 475->506
[3988.287s][info][gc,heap        ] GC(1026) Humongous regions: 80->80
[3988.287s][info][gc,metaspace   ] GC(1026) Metaspace: 28909K(29248K)->28909K(29248K) NonClass: 24041K(24192K)->24041K(24192K) Class: 4868K(5056K)->4868K(5056K)
[3988.287s][info][gc             ] GC(1026) Pause Young (Concurrent Start) (G1 Evacuation Pause) 3563M->1397M(4096M) 126.901ms
[3988.288s][info][gc             ] GC(1027) Concurrent Mark Cycle
[3988.288s][info][gc,marking     ] GC(1027) Concurrent Scan Root Regions
[3988.288s][info][gc,cpu         ] GC(1026) User=0.75s Sys=0.00s Real=0.13s
[3988.483s][info][gc,marking     ] GC(1027) Concurrent Scan Root Regions 195.033ms
[3988.483s][info][gc,marking     ] GC(1027) Concurrent Mark
[3988.483s][info][gc,marking     ] GC(1027) Concurrent Mark From Roots
[3988.483s][info][gc,task        ] GC(1027) Using 2 workers of 2 for marking
.[3989.459s][info][gc,marking     ] GC(1027) Concurrent Mark From Roots 976.699ms
[3989.459s][info][gc,marking     ] GC(1027) Concurrent Preclean
[3989.459s][info][gc,marking     ] GC(1027) Concurrent Preclean 0.087ms
[3989.460s][info][gc,start       ] GC(1027) Pause Remark
[3989.464s][info][gc             ] GC(1027) Pause Remark 2459M->2459M(4096M) 3.815ms
[3989.464s][info][gc,cpu         ] GC(1027) User=0.02s Sys=0.00s Real=0.01s
[3989.464s][info][gc,marking     ] GC(1027) Concurrent Mark 981.611ms
[3989.464s][info][gc,marking     ] GC(1027) Concurrent Rebuild Remembered Sets and Scrub Regions
.[3989.777s][info][gc,marking     ] GC(1027) Concurrent Rebuild Remembered Sets and Scrub Regions 312.654ms
[3989.777s][info][gc,start       ] GC(1027) Pause Cleanup
[3989.777s][info][gc             ] GC(1027) Pause Cleanup 2725M->2725M(4096M) 0.122ms
[3989.777s][info][gc,cpu         ] GC(1027) User=0.00s Sys=0.00s Real=0.00s
[3989.779s][info][gc,marking     ] GC(1027) Concurrent Clear Claimed Marks
[3989.779s][info][gc,marking     ] GC(1027) Concurrent Clear Claimed Marks 0.036ms
[3989.779s][info][gc,marking     ] GC(1027) Concurrent Cleanup for Next Mark
[3989.789s][info][gc,marking     ] GC(1027) Concurrent Cleanup for Next Mark 10.103ms
[3989.789s][info][gc             ] GC(1027) Concurrent Mark Cycle 1501.199ms
.[3990.814s][info][gc,start       ] GC(1028) Pause Young (Prepare Mixed) (G1 Evacuation Pause)
[3990.814s][info][gc,task        ] GC(1028) Using 6 workers of 6 for evacuation
[3990.932s][info][gc,phases      ] GC(1028)   Pre Evacuate Collection Set: 0.35ms
[3990.932s][info][gc,phases      ] GC(1028)   Merge Heap Roots: 0.54ms
[3990.932s][info][gc,phases      ] GC(1028)   Evacuate Collection Set: 116.51ms
[3990.932s][info][gc,phases      ] GC(1028)   Post Evacuate Collection Set: 0.93ms
[3990.932s][info][gc,phases      ] GC(1028)   Other: 0.08ms
[3990.932s][info][gc,heap        ] GC(1028) Eden regions: 1115->0(1105)
[3990.932s][info][gc,heap        ] GC(1028) Survivor regions: 113->111(154)
[3990.932s][info][gc,heap        ] GC(1028) Old regions: 506->538
[3990.932s][info][gc,heap        ] GC(1028) Humongous regions: 80->80
[3990.932s][info][gc,metaspace   ] GC(1028) Metaspace: 28909K(29248K)->28909K(29248K) NonClass: 24041K(24192K)->24041K(24192K) Class: 4868K(5056K)->4868K(5056K)
[3990.932s][info][gc             ] GC(1028) Pause Young (Prepare Mixed) (G1 Evacuation Pause) 3627M->1455M(4096M) 118.541ms
[3990.932s][info][gc,cpu         ] GC(1028) User=0.71s Sys=0.00s Real=0.12s
..[3993.437s][info][gc,start       ] GC(1029) Pause Young (Mixed) (G1 Evacuation Pause)
[3993.437s][info][gc,task        ] GC(1029) Using 6 workers of 6 for evacuation
[3993.571s][info][gc,phases      ] GC(1029)   Pre Evacuate Collection Set: 0.38ms
[3993.571s][info][gc,phases      ] GC(1029)   Merge Heap Roots: 0.71ms
[3993.571s][info][gc,phases      ] GC(1029)   Evacuate Collection Set: 132.02ms
[3993.571s][info][gc,phases      ] GC(1029)   Post Evacuate Collection Set: 0.90ms
[3993.571s][info][gc,phases      ] GC(1029)   Other: 0.09ms
[3993.571s][info][gc,heap        ] GC(1029) Eden regions: 1105->0(1117)
[3993.571s][info][gc,heap        ] GC(1029) Survivor regions: 111->111(152)
[3993.571s][info][gc,heap        ] GC(1029) Old regions: 538->475
[3993.571s][info][gc,heap        ] GC(1029) Humongous regions: 80->80
[3993.571s][info][gc,metaspace   ] GC(1029) Metaspace: 28909K(29248K)->28909K(29248K) NonClass: 24041K(24192K)->24041K(24192K) Class: 4868K(5056K)->4868K(5056K)
[3993.571s][info][gc             ] GC(1029) Pause Young (Mixed) (G1 Evacuation Pause) 3665M->1330M(4096M) 134.237ms
[3993.571s][info][gc,cpu         ] GC(1029) User=0.80s Sys=0.00s Real=0.14s
...[3996.143s][info][gc,start       ] GC(1030) Pause Young (Concurrent Start) (G1 Evacuation Pause)
[3996.143s][info][gc,task        ] GC(1030) Using 6 workers of 6 for evacuation
[3996.264s][info][gc,phases      ] GC(1030)   Pre Evacuate Collection Set: 0.40ms
[3996.264s][info][gc,phases      ] GC(1030)   Merge Heap Roots: 0.51ms
[3996.264s][info][gc,phases      ] GC(1030)   Evacuate Collection Set: 118.98ms
[3996.264s][info][gc,phases      ] GC(1030)   Post Evacuate Collection Set: 0.86ms
[3996.264s][info][gc,phases      ] GC(1030)   Other: 0.14ms
[3996.264s][info][gc,heap        ] GC(1030) Eden regions: 1117->0(1117)
[3996.264s][info][gc,heap        ] GC(1030) Survivor regions: 111->111(154)
[3996.264s][info][gc,heap        ] GC(1030) Old regions: 475->507
[3996.264s][info][gc,heap        ] GC(1030) Humongous regions: 80->80
[3996.264s][info][gc,metaspace   ] GC(1030) Metaspace: 28909K(29248K)->28909K(29248K) NonClass: 24041K(24192K)->24041K(24192K) Class: 4868K(5056K)->4868K(5056K)
[3996.264s][info][gc             ] GC(1030) Pause Young (Concurrent Start) (G1 Evacuation Pause) 3564M->1395M(4096M) 121.015ms
[3996.264s][info][gc             ] GC(1031) Concurrent Mark Cycle
[3996.264s][info][gc,marking     ] GC(1031) Concurrent Scan Root Regions
[3996.264s][info][gc,cpu         ] GC(1030) User=0.71s Sys=0.00s Real=0.12s
[3996.416s][info][gc,marking     ] GC(1031) Concurrent Scan Root Regions 151.632ms
[3996.416s][info][gc,marking     ] GC(1031) Concurrent Mark
[3996.416s][info][gc,marking     ] GC(1031) Concurrent Mark From Roots
[3996.416s][info][gc,task        ] GC(1031) Using 2 workers of 2 for marking
.[3997.173s][info][gc,marking     ] GC(1031) Concurrent Mark From Roots 756.750ms
[3997.173s][info][gc,marking     ] GC(1031) Concurrent Preclean
[3997.173s][info][gc,marking     ] GC(1031) Concurrent Preclean 0.091ms
[3997.173s][info][gc,start       ] GC(1031) Pause Remark
[3997.177s][info][gc             ] GC(1031) Pause Remark 2197M->2197M(4096M) 3.402ms
[3997.177s][info][gc,cpu         ] GC(1031) User=0.01s Sys=0.00s Real=0.00s
[3997.178s][info][gc,marking     ] GC(1031) Concurrent Mark 761.763ms
[3997.178s][info][gc,marking     ] GC(1031) Concurrent Rebuild Remembered Sets and Scrub Regions
[3997.446s][info][gc,marking     ] GC(1031) Concurrent Rebuild Remembered Sets and Scrub Regions 267.987ms
[3997.447s][info][gc,start       ] GC(1031) Pause Cleanup
[3997.447s][info][gc             ] GC(1031) Pause Cleanup 2447M->2447M(4096M) 0.125ms
[3997.447s][info][gc,cpu         ] GC(1031) User=0.00s Sys=0.00s Real=0.00s
[3997.447s][info][gc,marking     ] GC(1031) Concurrent Clear Claimed Marks
[3997.448s][info][gc,marking     ] GC(1031) Concurrent Clear Claimed Marks 0.029ms
[3997.448s][info][gc,marking     ] GC(1031) Concurrent Cleanup for Next Mark
[3997.456s][info][gc,marking     ] GC(1031) Concurrent Cleanup for Next Mark 8.283ms
[3997.456s][info][gc             ] GC(1031) Concurrent Mark Cycle 1191.498ms
..[3998.825s][info][gc,start       ] GC(1032) Pause Young (Prepare Mixed) (G1 Evacuation Pause)
[3998.825s][info][gc,task        ] GC(1032) Using 6 workers of 6 for evacuation
[3998.945s][info][gc,phases      ] GC(1032)   Pre Evacuate Collection Set: 0.32ms
[3998.945s][info][gc,phases      ] GC(1032)   Merge Heap Roots: 0.54ms
[3998.945s][info][gc,phases      ] GC(1032)   Evacuate Collection Set: 117.74ms
[3998.945s][info][gc,phases      ] GC(1032)   Post Evacuate Collection Set: 0.90ms
[3998.945s][info][gc,phases      ] GC(1032)   Other: 0.10ms
[3998.945s][info][gc,heap        ] GC(1032) Eden regions: 1117->0(1105)
[3998.945s][info][gc,heap        ] GC(1032) Survivor regions: 111->111(154)
[3998.945s][info][gc,heap        ] GC(1032) Old regions: 507->538
[3998.945s][info][gc,heap        ] GC(1032) Humongous regions: 80->80
[3998.945s][info][gc,metaspace   ] GC(1032) Metaspace: 28909K(29248K)->28909K(29248K) NonClass: 24041K(24192K)->24041K(24192K) Class: 4868K(5056K)->4868K(5056K)
[3998.945s][info][gc             ] GC(1032) Pause Young (Prepare Mixed) (G1 Evacuation Pause) 3629M->1456M(4096M) 119.738ms
[3998.945s][info][gc,cpu         ] GC(1032) User=0.71s Sys=0.00s Real=0.12s
..[4001.467s][info][gc,start       ] GC(1033) Pause Young (Mixed) (G1 Evacuation Pause)
[4001.467s][info][gc,task        ] GC(1033) Using 6 workers of 6 for evacuation
[4001.605s][info][gc,phases      ] GC(1033)   Pre Evacuate Collection Set: 0.37ms
[4001.605s][info][gc,phases      ] GC(1033)   Merge Heap Roots: 0.68ms
[4001.605s][info][gc,phases      ] GC(1033)   Evacuate Collection Set: 135.13ms
[4001.605s][info][gc,phases      ] GC(1033)   Post Evacuate Collection Set: 0.91ms
[4001.605s][info][gc,phases      ] GC(1033)   Other: 0.09ms
[4001.605s][info][gc,heap        ] GC(1033) Eden regions: 1105->0(1117)
[4001.605s][info][gc,heap        ] GC(1033) Survivor regions: 111->111(152)
[4001.605s][info][gc,heap        ] GC(1033) Old regions: 538->474
[4001.605s][info][gc,heap        ] GC(1033) Humongous regions: 80->80
[4001.605s][info][gc,metaspace   ] GC(1033) Metaspace: 28909K(29248K)->28909K(29248K) NonClass: 24041K(24192K)->24041K(24192K) Class: 4868K(5056K)->4868K(5056K)
[4001.605s][info][gc             ] GC(1033) Pause Young (Mixed) (G1 Evacuation Pause) 3666M->1328M(4096M) 137.311ms
[4001.605s][info][gc,cpu         ] GC(1033) User=0.82s Sys=0.00s Real=0.14s
...[4004.172s][info][gc,start       ] GC(1034) Pause Young (Concurrent Start) (G1 Evacuation Pause)
[4004.172s][info][gc,task        ] GC(1034) Using 6 workers of 6 for evacuation
[4004.297s][info][gc,phases      ] GC(1034)   Pre Evacuate Collection Set: 0.38ms
[4004.297s][info][gc,phases      ] GC(1034)   Merge Heap Roots: 0.56ms
[4004.297s][info][gc,phases      ] GC(1034)   Evacuate Collection Set: 122.81ms
[4004.297s][info][gc,phases      ] GC(1034)   Post Evacuate Collection Set: 0.89ms
[4004.297s][info][gc,phases      ] GC(1034)   Other: 0.13ms
[4004.297s][info][gc,heap        ] GC(1034) Eden regions: 1117->0(1112)
[4004.297s][info][gc,heap        ] GC(1034) Survivor regions: 111->116(154)
[4004.297s][info][gc,heap        ] GC(1034) Old regions: 474->505
[4004.297s][info][gc,heap        ] GC(1034) Humongous regions: 80->80
[4004.297s][info][gc,metaspace   ] GC(1034) Metaspace: 28909K(29248K)->28909K(29248K) NonClass: 24041K(24192K)->24041K(24192K) Class: 4868K(5056K)->4868K(5056K)
[4004.297s][info][gc             ] GC(1034) Pause Young (Concurrent Start) (G1 Evacuation Pause) 3562M->1400M(4096M) 124.908ms
[4004.297s][info][gc             ] GC(1035) Concurrent Mark Cycle
[4004.297s][info][gc,marking     ] GC(1035) Concurrent Scan Root Regions
[4004.297s][info][gc,cpu         ] GC(1034) User=0.74s Sys=0.00s Real=0.12s
[4004.511s][info][gc,marking     ] GC(1035) Concurrent Scan Root Regions 213.856ms
[4004.511s][info][gc,marking     ] GC(1035) Concurrent Mark
[4004.511s][info][gc,marking     ] GC(1035) Concurrent Mark From Roots
[4004.511s][info][gc,task        ] GC(1035) Using 2 workers of 2 for marking
.[4005.516s][info][gc,marking     ] GC(1035) Concurrent Mark From Roots 1005.599ms
[4005.516s][info][gc,marking     ] GC(1035) Concurrent Preclean
[4005.517s][info][gc,marking     ] GC(1035) Concurrent Preclean 0.135ms
[4005.517s][info][gc,start       ] GC(1035) Pause Remark
[4005.522s][info][gc             ] GC(1035) Pause Remark 2476M->2476M(4096M) 4.537ms
[4005.522s][info][gc,cpu         ] GC(1035) User=0.02s Sys=0.00s Real=0.01s
[4005.523s][info][gc,marking     ] GC(1035) Concurrent Mark 1011.811ms
[4005.523s][info][gc,marking     ] GC(1035) Concurrent Rebuild Remembered Sets and Scrub Regions
[4005.796s][info][gc,marking     ] GC(1035) Concurrent Rebuild Remembered Sets and Scrub Regions 273.719ms
[4005.797s][info][gc,start       ] GC(1035) Pause Cleanup
[4005.797s][info][gc             ] GC(1035) Pause Cleanup 2700M->2700M(4096M) 0.122ms
[4005.797s][info][gc,cpu         ] GC(1035) User=0.00s Sys=0.00s Real=0.00s
[4005.797s][info][gc,marking     ] GC(1035) Concurrent Clear Claimed Marks
[4005.797s][info][gc,marking     ] GC(1035) Concurrent Clear Claimed Marks 0.031ms
[4005.797s][info][gc,marking     ] GC(1035) Concurrent Cleanup for Next Mark
[4005.802s][info][gc,marking     ] GC(1035) Concurrent Cleanup for Next Mark 4.347ms
[4005.802s][info][gc             ] GC(1035) Concurrent Mark Cycle 1504.661ms
..[4006.870s][info][gc,start       ] GC(1036) Pause Young (Prepare Mixed) (G1 Evacuation Pause)
[4006.870s][info][gc,task        ] GC(1036) Using 6 workers of 6 for evacuation
[4006.990s][info][gc,phases      ] GC(1036)   Pre Evacuate Collection Set: 0.33ms
[4006.990s][info][gc,phases      ] GC(1036)   Merge Heap Roots: 0.53ms
[4006.990s][info][gc,phases      ] GC(1036)   Evacuate Collection Set: 118.28ms
[4006.990s][info][gc,phases      ] GC(1036)   Post Evacuate Collection Set: 0.93ms
[4006.990s][info][gc,phases      ] GC(1036)   Other: 0.09ms
[4006.990s][info][gc,heap        ] GC(1036) Eden regions: 1112->0(1105)
[4006.990s][info][gc,heap        ] GC(1036) Survivor regions: 116->112(154)
[4006.990s][info][gc,heap        ] GC(1036) Old regions: 505->536
[4006.990s][info][gc,heap        ] GC(1036) Humongous regions: 80->80
[4006.990s][info][gc,metaspace   ] GC(1036) Metaspace: 28909K(29248K)->28909K(29248K) NonClass: 24041K(24192K)->24041K(24192K) Class: 4868K(5056K)->4868K(5056K)
[4006.990s][info][gc             ] GC(1036) Pause Young (Prepare Mixed) (G1 Evacuation Pause) 3624M->1454M(4096M) 120.286ms
[4006.990s][info][gc,cpu         ] GC(1036) User=0.72s Sys=0.00s Real=0.12s
..[4009.519s][info][gc,start       ] GC(1037) Pause Young (Mixed) (G1 Evacuation Pause)
[4009.519s][info][gc,task        ] GC(1037) Using 6 workers of 6 for evacuation
[4009.654s][info][gc,phases      ] GC(1037)   Pre Evacuate Collection Set: 0.34ms
[4009.654s][info][gc,phases      ] GC(1037)   Merge Heap Roots: 0.68ms
[4009.654s][info][gc,phases      ] GC(1037)   Evacuate Collection Set: 133.51ms
[4009.654s][info][gc,phases      ] GC(1037)   Post Evacuate Collection Set: 0.95ms
[4009.654s][info][gc,phases      ] GC(1037)   Other: 0.09ms
[4009.654s][info][gc,heap        ] GC(1037) Eden regions: 1105->0(1118)
[4009.654s][info][gc,heap        ] GC(1037) Survivor regions: 112->110(153)
[4009.654s][info][gc,heap        ] GC(1037) Old regions: 536->473
[4009.654s][info][gc,heap        ] GC(1037) Humongous regions: 80->80
[4009.654s][info][gc,metaspace   ] GC(1037) Metaspace: 28909K(29248K)->28909K(29248K) NonClass: 24041K(24192K)->24041K(24192K) Class: 4868K(5056K)->4868K(5056K)
[4009.654s][info][gc             ] GC(1037) Pause Young (Mixed) (G1 Evacuation Pause) 3664M->1324M(4096M) 135.703ms
[4009.654s][info][gc,cpu         ] GC(1037) User=0.81s Sys=0.00s Real=0.14s
...[4012.219s][info][gc,start       ] GC(1038) Pause Young (Concurrent Start) (G1 Evacuation Pause)
[4012.219s][info][gc,task        ] GC(1038) Using 6 workers of 6 for evacuation
[4012.337s][info][gc,phases      ] GC(1038)   Pre Evacuate Collection Set: 0.40ms
[4012.337s][info][gc,phases      ] GC(1038)   Merge Heap Roots: 0.47ms
[4012.337s][info][gc,phases      ] GC(1038)   Evacuate Collection Set: 115.97ms
[4012.337s][info][gc,phases      ] GC(1038)   Post Evacuate Collection Set: 0.87ms
[4012.337s][info][gc,phases      ] GC(1038)   Other: 0.12ms
[4012.337s][info][gc,heap        ] GC(1038) Eden regions: 1118->0(1117)
[4012.337s][info][gc,heap        ] GC(1038) Survivor regions: 110->111(154)
[4012.337s][info][gc,heap        ] GC(1038) Old regions: 473->506
[4012.337s][info][gc,heap        ] GC(1038) Humongous regions: 80->80
[4012.337s][info][gc,metaspace   ] GC(1038) Metaspace: 28909K(29248K)->28909K(29248K) NonClass: 24041K(24192K)->24041K(24192K) Class: 4868K(5056K)->4868K(5056K)
[4012.337s][info][gc             ] GC(1038) Pause Young (Concurrent Start) (G1 Evacuation Pause) 3560M->1391M(4096M) 117.975ms
[4012.337s][info][gc             ] GC(1039) Concurrent Mark Cycle
[4012.337s][info][gc,marking     ] GC(1039) Concurrent Scan Root Regions
[4012.337s][info][gc,cpu         ] GC(1038) User=0.70s Sys=0.00s Real=0.12s
[4012.536s][info][gc,marking     ] GC(1039) Concurrent Scan Root Regions 198.819ms
[4012.536s][info][gc,marking     ] GC(1039) Concurrent Mark
[4012.536s][info][gc,marking     ] GC(1039) Concurrent Mark From Roots
[4012.536s][info][gc,task        ] GC(1039) Using 2 workers of 2 for marking
.[4013.526s][info][gc,marking     ] GC(1039) Concurrent Mark From Roots 990.366ms
[4013.526s][info][gc,marking     ] GC(1039) Concurrent Preclean
[4013.526s][info][gc,marking     ] GC(1039) Concurrent Preclean 0.094ms
[4013.526s][info][gc,start       ] GC(1039) Pause Remark
[4013.531s][info][gc             ] GC(1039) Pause Remark 2481M->2481M(4096M) 4.804ms
[4013.531s][info][gc,cpu         ] GC(1039) User=0.02s Sys=0.00s Real=0.01s
[4013.531s][info][gc,marking     ] GC(1039) Concurrent Mark 995.511ms
[4013.531s][info][gc,marking     ] GC(1039) Concurrent Rebuild Remembered Sets and Scrub Regions
.[4013.981s][info][gc,marking     ] GC(1039) Concurrent Rebuild Remembered Sets and Scrub Regions 449.510ms
[4013.981s][info][gc,start       ] GC(1039) Pause Cleanup
[4013.981s][info][gc             ] GC(1039) Pause Cleanup 2929M->2929M(4096M) 0.116ms
[4013.981s][info][gc,cpu         ] GC(1039) User=0.00s Sys=0.00s Real=0.00s
[4013.981s][info][gc,marking     ] GC(1039) Concurrent Clear Claimed Marks
[4013.981s][info][gc,marking     ] GC(1039) Concurrent Clear Claimed Marks 0.023ms
[4013.981s][info][gc,marking     ] GC(1039) Concurrent Cleanup for Next Mark
[4013.985s][info][gc,marking     ] GC(1039) Concurrent Cleanup for Next Mark 3.403ms
[4013.985s][info][gc             ] GC(1039) Concurrent Mark Cycle 1647.727ms
[4014.807s][info][gc,start       ] GC(1040) Pause Young (Prepare Mixed) (G1 Evacuation Pause)
[4014.807s][info][gc,task        ] GC(1040) Using 6 workers of 6 for evacuation
[4014.932s][info][gc,phases      ] GC(1040)   Pre Evacuate Collection Set: 0.34ms
[4014.932s][info][gc,phases      ] GC(1040)   Merge Heap Roots: 0.53ms
[4014.932s][info][gc,phases      ] GC(1040)   Evacuate Collection Set: 122.96ms
[4014.932s][info][gc,phases      ] GC(1040)   Post Evacuate Collection Set: 0.94ms
[4014.932s][info][gc,phases      ] GC(1040)   Other: 0.09ms
[4014.932s][info][gc,heap        ] GC(1040) Eden regions: 1117->0(1096)
[4014.932s][info][gc,heap        ] GC(1040) Survivor regions: 111->116(154)
[4014.932s][info][gc,heap        ] GC(1040) Old regions: 506->537
[4014.932s][info][gc,heap        ] GC(1040) Humongous regions: 80->80
[4014.932s][info][gc,metaspace   ] GC(1040) Metaspace: 28909K(29248K)->28909K(29248K) NonClass: 24041K(24192K)->24041K(24192K) Class: 4868K(5056K)->4868K(5056K)
[4014.932s][info][gc             ] GC(1040) Pause Young (Prepare Mixed) (G1 Evacuation Pause) 3625M->1464M(4096M) 124.987ms
[4014.932s][info][gc,cpu         ] GC(1040) User=0.74s Sys=0.00s Real=0.13s
...[4017.458s][info][gc,start       ] GC(1041) Pause Young (Mixed) (G1 Evacuation Pause)
[4017.458s][info][gc,task        ] GC(1041) Using 6 workers of 6 for evacuation
[4017.591s][info][gc,phases      ] GC(1041)   Pre Evacuate Collection Set: 0.39ms
[4017.591s][info][gc,phases      ] GC(1041)   Merge Heap Roots: 0.80ms
[4017.591s][info][gc,phases      ] GC(1041)   Evacuate Collection Set: 131.23ms
[4017.591s][info][gc,phases      ] GC(1041)   Post Evacuate Collection Set: 0.94ms
[4017.591s][info][gc,phases      ] GC(1041)   Other: 0.09ms
[4017.591s][info][gc,heap        ] GC(1041) Eden regions: 1096->0(1122)
[4017.591s][info][gc,heap        ] GC(1041) Survivor regions: 116->106(152)
[4017.591s][info][gc,heap        ] GC(1041) Old regions: 537->475
[4017.591s][info][gc,heap        ] GC(1041) Humongous regions: 80->80
[4017.591s][info][gc,metaspace   ] GC(1041) Metaspace: 28909K(29248K)->28909K(29248K) NonClass: 24041K(24192K)->24041K(24192K) Class: 4868K(5056K)->4868K(5056K)
[4017.591s][info][gc             ] GC(1041) Pause Young (Mixed) (G1 Evacuation Pause) 3656M->1321M(4096M) 133.602ms
[4017.591s][info][gc,cpu         ] GC(1041) User=0.80s Sys=0.00s Real=0.14s
...[4020.166s][info][gc,start       ] GC(1042) Pause Young (Concurrent Start) (G1 Evacuation Pause)
[4020.166s][info][gc,task        ] GC(1042) Using 6 workers of 6 for evacuation
[4020.286s][info][gc,phases      ] GC(1042)   Pre Evacuate Collection Set: 0.36ms
[4020.286s][info][gc,phases      ] GC(1042)   Merge Heap Roots: 0.49ms
[4020.286s][info][gc,phases      ] GC(1042)   Evacuate Collection Set: 117.47ms
[4020.286s][info][gc,phases      ] GC(1042)   Post Evacuate Collection Set: 0.90ms
[4020.286s][info][gc,phases      ] GC(1042)   Other: 0.11ms
[4020.286s][info][gc,heap        ] GC(1042) Eden regions: 1122->0(1115)
[4020.286s][info][gc,heap        ] GC(1042) Survivor regions: 106->113(154)
[4020.286s][info][gc,heap        ] GC(1042) Old regions: 475->507
[4020.286s][info][gc,heap        ] GC(1042) Humongous regions: 80->80
[4020.286s][info][gc,metaspace   ] GC(1042) Metaspace: 28909K(29248K)->28909K(29248K) NonClass: 24041K(24192K)->24041K(24192K) Class: 4868K(5056K)->4868K(5056K)
[4020.286s][info][gc             ] GC(1042) Pause Young (Concurrent Start) (G1 Evacuation Pause) 3565M->1397M(4096M) 119.460ms
[4020.286s][info][gc             ] GC(1043) Concurrent Mark Cycle
[4020.286s][info][gc,marking     ] GC(1043) Concurrent Scan Root Regions
[4020.286s][info][gc,cpu         ] GC(1042) User=0.71s Sys=0.00s Real=0.12s
[4020.433s][info][gc,marking     ] GC(1043) Concurrent Scan Root Regions 147.264ms
[4020.433s][info][gc,marking     ] GC(1043) Concurrent Mark
[4020.433s][info][gc,marking     ] GC(1043) Concurrent Mark From Roots
[4020.433s][info][gc,task        ] GC(1043) Using 2 workers of 2 for marking
.[4021.135s][info][gc,marking     ] GC(1043) Concurrent Mark From Roots 702.338ms
[4021.136s][info][gc,marking     ] GC(1043) Concurrent Preclean
[4021.136s][info][gc,marking     ] GC(1043) Concurrent Preclean 0.098ms
[4021.137s][info][gc,start       ] GC(1043) Pause Remark
[4021.141s][info][gc             ] GC(1043) Pause Remark 2133M->2133M(4096M) 3.939ms
[4021.141s][info][gc,cpu         ] GC(1043) User=0.02s Sys=0.00s Real=0.01s
[4021.142s][info][gc,marking     ] GC(1043) Concurrent Mark 708.392ms
[4021.142s][info][gc,marking     ] GC(1043) Concurrent Rebuild Remembered Sets and Scrub Regions
[4021.408s][info][gc,marking     ] GC(1043) Concurrent Rebuild Remembered Sets and Scrub Regions 266.717ms
[4021.408s][info][gc,start       ] GC(1043) Pause Cleanup
[4021.409s][info][gc             ] GC(1043) Pause Cleanup 2388M->2388M(4096M) 0.102ms
[4021.409s][info][gc,cpu         ] GC(1043) User=0.00s Sys=0.00s Real=0.00s
[4021.409s][info][gc,marking     ] GC(1043) Concurrent Clear Claimed Marks
[4021.409s][info][gc,marking     ] GC(1043) Concurrent Clear Claimed Marks 0.021ms
[4021.409s][info][gc,marking     ] GC(1043) Concurrent Cleanup for Next Mark
[4021.415s][info][gc,marking     ] GC(1043) Concurrent Cleanup for Next Mark 6.723ms
[4021.415s][info][gc             ] GC(1043) Concurrent Mark Cycle 1129.529ms
.[4022.816s][info][gc,start       ] GC(1044) Pause Young (Prepare Mixed) (G1 Evacuation Pause)
[4022.816s][info][gc,task        ] GC(1044) Using 6 workers of 6 for evacuation
[4022.939s][info][gc,phases      ] GC(1044)   Pre Evacuate Collection Set: 0.32ms
[4022.939s][info][gc,phases      ] GC(1044)   Merge Heap Roots: 0.51ms
[4022.939s][info][gc,phases      ] GC(1044)   Evacuate Collection Set: 121.34ms
[4022.939s][info][gc,phases      ] GC(1044)   Post Evacuate Collection Set: 0.93ms
[4022.939s][info][gc,phases      ] GC(1044)   Other: 0.10ms
[4022.939s][info][gc,heap        ] GC(1044) Eden regions: 1115->0(1099)
[4022.939s][info][gc,heap        ] GC(1044) Survivor regions: 113->114(154)
[4022.939s][info][gc,heap        ] GC(1044) Old regions: 507->538
[4022.939s][info][gc,heap        ] GC(1044) Humongous regions: 80->80
[4022.939s][info][gc,metaspace   ] GC(1044) Metaspace: 28909K(29248K)->28909K(29248K) NonClass: 24041K(24192K)->24041K(24192K) Class: 4868K(5056K)->4868K(5056K)
[4022.939s][info][gc             ] GC(1044) Pause Young (Prepare Mixed) (G1 Evacuation Pause) 3627M->1463M(4096M) 123.352ms
[4022.940s][info][gc,cpu         ] GC(1044) User=0.74s Sys=0.00s Real=0.12s
.. (rIR:aIR:PR = 7057:7040:7041) (tPR = 105020) [OK] 
  4023s: Performance info:
         Transaction,    Success,    Partial,     Failed,   Receipts, AvgBarcode, 
             Overall,     428761,          0,          0,     407237,      59.47, 
         Response times:
             Request,    Success,    Partial,     Failed,   SkipFail,     Probes,    Samples,      min,      p50,      p90,      p95,      p99,      max, 
       TotalPurchase,     407212,          0,          0,          0,     364416,     415142,      300,     6300,    62000,   108000,   199000,   358000,
     InStorePurchase,     214014,          0,          0,          0,     191854,     217951,      300,     6100,    61000,   106000,   197000,   358000,
      OnlinePurchase,     150282,          0,          0,          0,     134206,     153292,      300,     6400,    63000,   109000,   200000,   354000,
        InstPurchase,      42916,          0,          0,          0,      38356,      43899,      400,     6900,    65000,   111000,   201000,   354000,
          AssocOfCat,        428,          0,          0,          0,        346,        483,    21000,    45000,   154200,   204000,   256320,   280000,
      AssocOfProduct,       4304,          0,          0,          0,       4009,       4793,      500,     4600,    53000,    98300,   196240,   344000,
      BusinessReport,       1074,          0,          0,          0,        942,       1230,    28000,    53000,   149000,   193900,   266380,   373000,
          CustBuyBeh,       4305,          0,          0,          0,       3998,       4817,      200,     4500,    53000,    97000,   185000,   258000,
       ProductReturn,      11413,          0,          0,          0,       9586,      11199,      100,     6900,    66000,   113000,   202000,   344000,

  4023s: (52%)   IR =   7195 .[4025.428s][info][gc,start       ] GC(1045) Pause Young (Mixed) (G1 Evacuation Pause)
[4025.428s][info][gc,task        ] GC(1045) Using 6 workers of 6 for evacuation
[4025.562s][info][gc,phases      ] GC(1045)   Pre Evacuate Collection Set: 0.37ms
[4025.562s][info][gc,phases      ] GC(1045)   Merge Heap Roots: 0.74ms
[4025.562s][info][gc,phases      ] GC(1045)   Evacuate Collection Set: 131.28ms
[4025.562s][info][gc,phases      ] GC(1045)   Post Evacuate Collection Set: 1.00ms
[4025.562s][info][gc,phases      ] GC(1045)   Other: 0.09ms
[4025.562s][info][gc,heap        ] GC(1045) Eden regions: 1099->0(1120)
[4025.562s][info][gc,heap        ] GC(1045) Survivor regions: 114->108(152)
[4025.562s][info][gc,heap        ] GC(1045) Old regions: 538->475
[4025.562s][info][gc,heap        ] GC(1045) Humongous regions: 80->80
[4025.562s][info][gc,metaspace   ] GC(1045) Metaspace: 28909K(29248K)->28909K(29248K) NonClass: 24041K(24192K)->24041K(24192K) Class: 4868K(5056K)->4868K(5056K)
[4025.562s][info][gc             ] GC(1045) Pause Young (Mixed) (G1 Evacuation Pause) 3661M->1325M(4096M) 133.648ms
[4025.562s][info][gc,cpu         ] GC(1045) User=0.79s Sys=0.00s Real=0.14s
..[4028.107s][info][gc,start       ] GC(1046) Pause Young (Concurrent Start) (G1 Evacuation Pause)
[4028.108s][info][gc,task        ] GC(1046) Using 6 workers of 6 for evacuation
[4028.230s][info][gc,phases      ] GC(1046)   Pre Evacuate Collection Set: 0.45ms
[4028.230s][info][gc,phases      ] GC(1046)   Merge Heap Roots: 0.60ms
[4028.230s][info][gc,phases      ] GC(1046)   Evacuate Collection Set: 119.74ms
[4028.230s][info][gc,phases      ] GC(1046)   Post Evacuate Collection Set: 0.85ms
[4028.230s][info][gc,phases      ] GC(1046)   Other: 0.92ms
[4028.230s][info][gc,heap        ] GC(1046) Eden regions: 1120->0(1117)
[4028.230s][info][gc,heap        ] GC(1046) Survivor regions: 108->111(154)
[4028.230s][info][gc,heap        ] GC(1046) Old regions: 475->507
[4028.230s][info][gc,heap        ] GC(1046) Humongous regions: 80->80
[4028.230s][info][gc,metaspace   ] GC(1046) Metaspace: 28909K(29248K)->28909K(29248K) NonClass: 24041K(24192K)->24041K(24192K) Class: 4868K(5056K)->4868K(5056K)
[4028.230s][info][gc             ] GC(1046) Pause Young (Concurrent Start) (G1 Evacuation Pause) 3565M->1395M(4096M) 122.710ms
[4028.230s][info][gc             ] GC(1047) Concurrent Mark Cycle
[4028.230s][info][gc,marking     ] GC(1047) Concurrent Scan Root Regions
[4028.230s][info][gc,cpu         ] GC(1046) User=0.73s Sys=0.00s Real=0.12s
.[4028.419s][info][gc,marking     ] GC(1047) Concurrent Scan Root Regions 188.485ms
[4028.419s][info][gc,marking     ] GC(1047) Concurrent Mark
[4028.419s][info][gc,marking     ] GC(1047) Concurrent Mark From Roots
[4028.419s][info][gc,task        ] GC(1047) Using 2 workers of 2 for marking
.[4029.425s][info][gc,marking     ] GC(1047) Concurrent Mark From Roots 1006.049ms
[4029.425s][info][gc,marking     ] GC(1047) Concurrent Preclean
[4029.425s][info][gc,marking     ] GC(1047) Concurrent Preclean 0.149ms
[4029.427s][info][gc,start       ] GC(1047) Pause Remark
[4029.432s][info][gc             ] GC(1047) Pause Remark 2499M->2499M(4096M) 4.379ms
[4029.432s][info][gc,cpu         ] GC(1047) User=0.02s Sys=0.00s Real=0.01s
[4029.433s][info][gc,marking     ] GC(1047) Concurrent Mark 1013.892ms
[4029.433s][info][gc,marking     ] GC(1047) Concurrent Rebuild Remembered Sets and Scrub Regions
[4029.841s][info][gc,marking     ] GC(1047) Concurrent Rebuild Remembered Sets and Scrub Regions 408.266ms
[4029.842s][info][gc,start       ] GC(1047) Pause Cleanup
[4029.842s][info][gc             ] GC(1047) Pause Cleanup 2893M->2893M(4096M) 0.129ms
[4029.842s][info][gc,cpu         ] GC(1047) User=0.00s Sys=0.00s Real=0.00s
[4029.843s][info][gc,marking     ] GC(1047) Concurrent Clear Claimed Marks
[4029.843s][info][gc,marking     ] GC(1047) Concurrent Clear Claimed Marks 0.025ms
[4029.843s][info][gc,marking     ] GC(1047) Concurrent Cleanup for Next Mark
[4029.848s][info][gc,marking     ] GC(1047) Concurrent Cleanup for Next Mark 5.010ms
[4029.848s][info][gc             ] GC(1047) Concurrent Mark Cycle 1617.425ms
.[4030.739s][info][gc,start       ] GC(1048) Pause Young (Prepare Mixed) (G1 Evacuation Pause)
[4030.739s][info][gc,task        ] GC(1048) Using 6 workers of 6 for evacuation
[4030.862s][info][gc,phases      ] GC(1048)   Pre Evacuate Collection Set: 0.32ms
[4030.862s][info][gc,phases      ] GC(1048)   Merge Heap Roots: 0.55ms
[4030.862s][info][gc,phases      ] GC(1048)   Evacuate Collection Set: 121.01ms
[4030.862s][info][gc,phases      ] GC(1048)   Post Evacuate Collection Set: 0.95ms
[4030.862s][info][gc,phases      ] GC(1048)   Other: 0.10ms
[4030.862s][info][gc,heap        ] GC(1048) Eden regions: 1117->0(1098)
[4030.862s][info][gc,heap        ] GC(1048) Survivor regions: 111->114(154)
[4030.862s][info][gc,heap        ] GC(1048) Old regions: 507->539
[4030.862s][info][gc,heap        ] GC(1048) Humongous regions: 80->80
[4030.862s][info][gc,metaspace   ] GC(1048) Metaspace: 28909K(29248K)->28909K(29248K) NonClass: 24041K(24192K)->24041K(24192K) Class: 4868K(5056K)->4868K(5056K)
[4030.862s][info][gc             ] GC(1048) Pause Young (Prepare Mixed) (G1 Evacuation Pause) 3629M->1463M(4096M) 123.089ms
[4030.862s][info][gc,cpu         ] GC(1048) User=0.73s Sys=0.00s Real=0.13s
..|.[4033.308s][info][gc,start       ] GC(1049) Pause Young (Mixed) (G1 Evacuation Pause)
[4033.308s][info][gc,task        ] GC(1049) Using 6 workers of 6 for evacuation
[4033.446s][info][gc,phases      ] GC(1049)   Pre Evacuate Collection Set: 0.34ms
[4033.446s][info][gc,phases      ] GC(1049)   Merge Heap Roots: 0.64ms
[4033.446s][info][gc,phases      ] GC(1049)   Evacuate Collection Set: 136.06ms
[4033.446s][info][gc,phases      ] GC(1049)   Post Evacuate Collection Set: 0.94ms
[4033.446s][info][gc,phases      ] GC(1049)   Other: 0.09ms
[4033.446s][info][gc,heap        ] GC(1049) Eden regions: 1098->0(1113)
[4033.446s][info][gc,heap        ] GC(1049) Survivor regions: 114->115(152)
[4033.446s][info][gc,heap        ] GC(1049) Old regions: 539->474
[4033.446s][info][gc,heap        ] GC(1049) Humongous regions: 80->80
[4033.446s][info][gc,metaspace   ] GC(1049) Metaspace: 28909K(29248K)->28909K(29248K) NonClass: 24041K(24192K)->24041K(24192K) Class: 4868K(5056K)->4868K(5056K)
[4033.446s][info][gc             ] GC(1049) Pause Young (Mixed) (G1 Evacuation Pause) 3659M->1336M(4096M) 138.211ms
[4033.446s][info][gc,cpu         ] GC(1049) User=0.82s Sys=0.00s Real=0.14s
..[4035.830s][info][gc,start       ] GC(1050) Pause Young (Concurrent Start) (G1 Evacuation Pause)
[4035.830s][info][gc,task        ] GC(1050) Using 6 workers of 6 for evacuation
[4035.953s][info][gc,phases      ] GC(1050)   Pre Evacuate Collection Set: 0.36ms
[4035.953s][info][gc,phases      ] GC(1050)   Merge Heap Roots: 0.54ms
[4035.953s][info][gc,phases      ] GC(1050)   Evacuate Collection Set: 120.49ms
[4035.953s][info][gc,phases      ] GC(1050)   Post Evacuate Collection Set: 0.85ms
[4035.953s][info][gc,phases      ] GC(1050)   Other: 0.12ms
[4035.953s][info][gc,heap        ] GC(1050) Eden regions: 1113->0(1118)
[4035.953s][info][gc,heap        ] GC(1050) Survivor regions: 115->110(154)
[4035.953s][info][gc,heap        ] GC(1050) Old regions: 474->508
[4035.953s][info][gc,heap        ] GC(1050) Humongous regions: 80->80
[4035.953s][info][gc,metaspace   ] GC(1050) Metaspace: 28909K(29248K)->28909K(29248K) NonClass: 24041K(24192K)->24041K(24192K) Class: 4868K(5056K)->4868K(5056K)
[4035.953s][info][gc             ] GC(1050) Pause Young (Concurrent Start) (G1 Evacuation Pause) 3562M->1394M(4096M) 122.487ms
[4035.953s][info][gc             ] GC(1051) Concurrent Mark Cycle
[4035.953s][info][gc,marking     ] GC(1051) Concurrent Scan Root Regions
[4035.953s][info][gc,cpu         ] GC(1050) User=0.73s Sys=0.00s Real=0.13s
[4036.140s][info][gc,marking     ] GC(1051) Concurrent Scan Root Regions 187.267ms
[4036.140s][info][gc,marking     ] GC(1051) Concurrent Mark
[4036.140s][info][gc,marking     ] GC(1051) Concurrent Mark From Roots
[4036.140s][info][gc,task        ] GC(1051) Using 2 workers of 2 for marking
.[4037.126s][info][gc,marking     ] GC(1051) Concurrent Mark From Roots 985.792ms
[4037.126s][info][gc,marking     ] GC(1051) Concurrent Preclean
[4037.126s][info][gc,marking     ] GC(1051) Concurrent Preclean 0.111ms
[4037.127s][info][gc,start       ] GC(1051) Pause Remark
[4037.132s][info][gc             ] GC(1051) Pause Remark 2396M->2396M(4096M) 4.848ms
[4037.132s][info][gc,cpu         ] GC(1051) User=0.03s Sys=0.00s Real=0.01s
[4037.132s][info][gc,marking     ] GC(1051) Concurrent Mark 991.906ms
[4037.132s][info][gc,marking     ] GC(1051) Concurrent Rebuild Remembered Sets and Scrub Regions
.[4037.498s][info][gc,marking     ] GC(1051) Concurrent Rebuild Remembered Sets and Scrub Regions 366.533ms
[4037.499s][info][gc,start       ] GC(1051) Pause Cleanup
[4037.499s][info][gc             ] GC(1051) Pause Cleanup 2744M->2744M(4096M) 0.121ms
[4037.499s][info][gc,cpu         ] GC(1051) User=0.00s Sys=0.00s Real=0.00s
[4037.500s][info][gc,marking     ] GC(1051) Concurrent Clear Claimed Marks
[4037.500s][info][gc,marking     ] GC(1051) Concurrent Clear Claimed Marks 0.032ms
[4037.500s][info][gc,marking     ] GC(1051) Concurrent Cleanup for Next Mark
[4037.505s][info][gc,marking     ] GC(1051) Concurrent Cleanup for Next Mark 5.149ms
[4037.505s][info][gc             ] GC(1051) Concurrent Mark Cycle 1552.652ms
.[4038.511s][info][gc,start       ] GC(1052) Pause Young (Prepare Mixed) (G1 Evacuation Pause)
[4038.511s][info][gc,task        ] GC(1052) Using 6 workers of 6 for evacuation
[4038.630s][info][gc,phases      ] GC(1052)   Pre Evacuate Collection Set: 0.34ms
[4038.630s][info][gc,phases      ] GC(1052)   Merge Heap Roots: 0.61ms
[4038.630s][info][gc,phases      ] GC(1052)   Evacuate Collection Set: 117.23ms
[4038.630s][info][gc,phases      ] GC(1052)   Post Evacuate Collection Set: 0.96ms
[4038.630s][info][gc,phases      ] GC(1052)   Other: 0.09ms
[4038.630s][info][gc,heap        ] GC(1052) Eden regions: 1118->0(1105)
[4038.630s][info][gc,heap        ] GC(1052) Survivor regions: 110->110(154)
[4038.630s][info][gc,heap        ] GC(1052) Old regions: 508->540
[4038.630s][info][gc,heap        ] GC(1052) Humongous regions: 80->80
[4038.630s][info][gc,metaspace   ] GC(1052) Metaspace: 28909K(29248K)->28909K(29248K) NonClass: 24041K(24192K)->24041K(24192K) Class: 4868K(5056K)->4868K(5056K)
[4038.630s][info][gc             ] GC(1052) Pause Young (Prepare Mixed) (G1 Evacuation Pause) 3630M->1458M(4096M) 119.375ms
[4038.630s][info][gc,cpu         ] GC(1052) User=0.71s Sys=0.00s Real=0.11s
..[4041.071s][info][gc,start       ] GC(1053) Pause Young (Mixed) (G1 Evacuation Pause)
[4041.071s][info][gc,task        ] GC(1053) Using 6 workers of 6 for evacuation
[4041.206s][info][gc,phases      ] GC(1053)   Pre Evacuate Collection Set: 0.36ms
[4041.206s][info][gc,phases      ] GC(1053)   Merge Heap Roots: 0.69ms
[4041.206s][info][gc,phases      ] GC(1053)   Evacuate Collection Set: 132.84ms
[4041.206s][info][gc,phases      ] GC(1053)   Post Evacuate Collection Set: 0.95ms
[4041.206s][info][gc,phases      ] GC(1053)   Other: 0.09ms
[4041.206s][info][gc,heap        ] GC(1053) Eden regions: 1105->0(1118)
[4041.206s][info][gc,heap        ] GC(1053) Survivor regions: 110->110(152)
[4041.206s][info][gc,heap        ] GC(1053) Old regions: 540->476
[4041.206s][info][gc,heap        ] GC(1053) Humongous regions: 80->80
[4041.206s][info][gc,metaspace   ] GC(1053) Metaspace: 28909K(29248K)->28909K(29248K) NonClass: 24041K(24192K)->24041K(24192K) Class: 4868K(5056K)->4868K(5056K)
[4041.206s][info][gc             ] GC(1053) Pause Young (Mixed) (G1 Evacuation Pause) 3668M->1330M(4096M) 135.062ms
[4041.206s][info][gc,cpu         ] GC(1053) User=0.80s Sys=0.00s Real=0.13s
...[4043.682s][info][gc,start       ] GC(1054) Pause Young (Concurrent Start) (G1 Evacuation Pause)
[4043.682s][info][gc,task        ] GC(1054) Using 6 workers of 6 for evacuation
[4043.803s][info][gc,phases      ] GC(1054)   Pre Evacuate Collection Set: 0.41ms
[4043.803s][info][gc,phases      ] GC(1054)   Merge Heap Roots: 0.45ms
[4043.803s][info][gc,phases      ] GC(1054)   Evacuate Collection Set: 118.60ms
[4043.803s][info][gc,phases      ] GC(1054)   Post Evacuate Collection Set: 0.87ms
[4043.803s][info][gc,phases      ] GC(1054)   Other: 0.13ms
[4043.803s][info][gc,heap        ] GC(1054) Eden regions: 1118->0(1117)
[4043.803s][info][gc,heap        ] GC(1054) Survivor regions: 110->111(154)
[4043.803s][info][gc,heap        ] GC(1054) Old regions: 476->508
[4043.803s][info][gc,heap        ] GC(1054) Humongous regions: 80->80
[4043.803s][info][gc,metaspace   ] GC(1054) Metaspace: 28909K(29248K)->28909K(29248K) NonClass: 24041K(24192K)->24041K(24192K) Class: 4868K(5056K)->4868K(5056K)
[4043.803s][info][gc             ] GC(1054) Pause Young (Concurrent Start) (G1 Evacuation Pause) 3566M->1396M(4096M) 120.576ms
[4043.803s][info][gc             ] GC(1055) Concurrent Mark Cycle
[4043.803s][info][gc,marking     ] GC(1055) Concurrent Scan Root Regions
[4043.803s][info][gc,cpu         ] GC(1054) User=0.71s Sys=0.00s Real=0.12s
[4043.952s][info][gc,marking     ] GC(1055) Concurrent Scan Root Regions 148.884ms
[4043.952s][info][gc,marking     ] GC(1055) Concurrent Mark
[4043.952s][info][gc,marking     ] GC(1055) Concurrent Mark From Roots
[4043.952s][info][gc,task        ] GC(1055) Using 2 workers of 2 for marking
.[4044.720s][info][gc,marking     ] GC(1055) Concurrent Mark From Roots 767.790ms
[4044.720s][info][gc,marking     ] GC(1055) Concurrent Preclean
[4044.720s][info][gc,marking     ] GC(1055) Concurrent Preclean 0.093ms
[4044.720s][info][gc,start       ] GC(1055) Pause Remark
[4044.724s][info][gc             ] GC(1055) Pause Remark 2145M->2145M(4096M) 3.831ms
[4044.724s][info][gc,cpu         ] GC(1055) User=0.02s Sys=0.00s Real=0.01s
[4044.725s][info][gc,marking     ] GC(1055) Concurrent Mark 773.533ms
[4044.725s][info][gc,marking     ] GC(1055) Concurrent Rebuild Remembered Sets and Scrub Regions
[4045.096s][info][gc,marking     ] GC(1055) Concurrent Rebuild Remembered Sets and Scrub Regions 370.172ms
[4045.096s][info][gc,start       ] GC(1055) Pause Cleanup
[4045.096s][info][gc             ] GC(1055) Pause Cleanup 2565M->2565M(4096M) 0.122ms
[4045.096s][info][gc,cpu         ] GC(1055) User=0.00s Sys=0.00s Real=0.00s
[4045.096s][info][gc,marking     ] GC(1055) Concurrent Clear Claimed Marks
[4045.096s][info][gc,marking     ] GC(1055) Concurrent Clear Claimed Marks 0.026ms
[4045.096s][info][gc,marking     ] GC(1055) Concurrent Cleanup for Next Mark
[4045.102s][info][gc,marking     ] GC(1055) Concurrent Cleanup for Next Mark 5.032ms
[4045.102s][info][gc             ] GC(1055) Concurrent Mark Cycle 1298.601ms
.[4046.350s][info][gc,start       ] GC(1056) Pause Young (Prepare Mixed) (G1 Evacuation Pause)
[4046.350s][info][gc,task        ] GC(1056) Using 6 workers of 6 for evacuation
[4046.468s][info][gc,phases      ] GC(1056)   Pre Evacuate Collection Set: 0.31ms
[4046.468s][info][gc,phases      ] GC(1056)   Merge Heap Roots: 0.58ms
[4046.468s][info][gc,phases      ] GC(1056)   Evacuate Collection Set: 116.03ms
[4046.468s][info][gc,phases      ] GC(1056)   Post Evacuate Collection Set: 0.92ms
[4046.468s][info][gc,phases      ] GC(1056)   Other: 0.09ms
[4046.468s][info][gc,heap        ] GC(1056) Eden regions: 1117->0(1106)
[4046.468s][info][gc,heap        ] GC(1056) Survivor regions: 111->110(154)
[4046.468s][info][gc,heap        ] GC(1056) Old regions: 508->539
[4046.468s][info][gc,heap        ] GC(1056) Humongous regions: 80->80
[4046.468s][info][gc,metaspace   ] GC(1056) Metaspace: 28909K(29248K)->28909K(29248K) NonClass: 24041K(24192K)->24041K(24192K) Class: 4868K(5056K)->4868K(5056K)
[4046.468s][info][gc             ] GC(1056) Pause Young (Prepare Mixed) (G1 Evacuation Pause) 3630M->1456M(4096M) 118.064ms
[4046.468s][info][gc,cpu         ] GC(1056) User=0.70s Sys=0.00s Real=0.12s
...[4048.972s][info][gc,start       ] GC(1057) Pause Young (Mixed) (G1 Evacuation Pause)
[4048.972s][info][gc,task        ] GC(1057) Using 6 workers of 6 for evacuation
[4049.108s][info][gc,phases      ] GC(1057)   Pre Evacuate Collection Set: 0.34ms
[4049.108s][info][gc,phases      ] GC(1057)   Merge Heap Roots: 0.78ms
[4049.108s][info][gc,phases      ] GC(1057)   Evacuate Collection Set: 133.55ms
[4049.108s][info][gc,phases      ] GC(1057)   Post Evacuate Collection Set: 0.93ms
[4049.108s][info][gc,phases      ] GC(1057)   Other: 0.09ms
[4049.108s][info][gc,heap        ] GC(1057) Eden regions: 1106->0(1117)
[4049.108s][info][gc,heap        ] GC(1057) Survivor regions: 110->111(152)
[4049.108s][info][gc,heap        ] GC(1057) Old regions: 539->475
[4049.108s][info][gc,heap        ] GC(1057) Humongous regions: 80->80
[4049.108s][info][gc,metaspace   ] GC(1057) Metaspace: 28909K(29248K)->28909K(29248K) NonClass: 24041K(24192K)->24041K(24192K) Class: 4868K(5056K)->4868K(5056K)
[4049.108s][info][gc             ] GC(1057) Pause Young (Mixed) (G1 Evacuation Pause) 3668M->1330M(4096M) 135.808ms
[4049.108s][info][gc,cpu         ] GC(1057) User=0.80s Sys=0.00s Real=0.13s
...[4051.552s][info][gc,start       ] GC(1058) Pause Young (Concurrent Start) (G1 Evacuation Pause)
[4051.552s][info][gc,task        ] GC(1058) Using 6 workers of 6 for evacuation
[4051.675s][info][gc,phases      ] GC(1058)   Pre Evacuate Collection Set: 0.35ms
[4051.675s][info][gc,phases      ] GC(1058)   Merge Heap Roots: 0.45ms
[4051.675s][info][gc,phases      ] GC(1058)   Evacuate Collection Set: 120.60ms
[4051.675s][info][gc,phases      ] GC(1058)   Post Evacuate Collection Set: 0.88ms
[4051.675s][info][gc,phases      ] GC(1058)   Other: 0.12ms
[4051.675s][info][gc,heap        ] GC(1058) Eden regions: 1117->0(1116)
[4051.675s][info][gc,heap        ] GC(1058) Survivor regions: 111->112(154)
[4051.675s][info][gc,heap        ] GC(1058) Old regions: 475->507
[4051.675s][info][gc,heap        ] GC(1058) Humongous regions: 80->80
[4051.675s][info][gc,metaspace   ] GC(1058) Metaspace: 28909K(29248K)->28909K(29248K) NonClass: 24041K(24192K)->24041K(24192K) Class: 4868K(5056K)->4868K(5056K)
[4051.675s][info][gc             ] GC(1058) Pause Young (Concurrent Start) (G1 Evacuation Pause) 3564M->1397M(4096M) 122.545ms
[4051.675s][info][gc             ] GC(1059) Concurrent Mark Cycle
[4051.675s][info][gc,marking     ] GC(1059) Concurrent Scan Root Regions
[4051.675s][info][gc,cpu         ] GC(1058) User=0.73s Sys=0.00s Real=0.12s
[4051.857s][info][gc,marking     ] GC(1059) Concurrent Scan Root Regions 182.571ms
[4051.857s][info][gc,marking     ] GC(1059) Concurrent Mark
[4051.857s][info][gc,marking     ] GC(1059) Concurrent Mark From Roots
[4051.857s][info][gc,task        ] GC(1059) Using 2 workers of 2 for marking
[4052.493s][info][gc,marking     ] GC(1059) Concurrent Mark From Roots 635.633ms
[4052.493s][info][gc,marking     ] GC(1059) Concurrent Preclean
[4052.493s][info][gc,marking     ] GC(1059) Concurrent Preclean 0.116ms
[4052.494s][info][gc,start       ] GC(1059) Pause Remark
[4052.497s][info][gc             ] GC(1059) Pause Remark 2083M->2083M(4096M) 3.571ms
[4052.497s][info][gc,cpu         ] GC(1059) User=0.02s Sys=0.00s Real=0.00s
[4052.498s][info][gc,marking     ] GC(1059) Concurrent Mark 641.117ms
[4052.498s][info][gc,marking     ] GC(1059) Concurrent Rebuild Remembered Sets and Scrub Regions
.[4052.818s][info][gc,marking     ] GC(1059) Concurrent Rebuild Remembered Sets and Scrub Regions 319.424ms
[4052.821s][info][gc,start       ] GC(1059) Pause Cleanup
[4052.822s][info][gc             ] GC(1059) Pause Cleanup 2329M->2329M(4096M) 0.137ms
[4052.822s][info][gc,cpu         ] GC(1059) User=0.00s Sys=0.00s Real=0.00s
[4052.822s][info][gc,marking     ] GC(1059) Concurrent Clear Claimed Marks
[4052.822s][info][gc,marking     ] GC(1059) Concurrent Clear Claimed Marks 0.038ms
[4052.822s][info][gc,marking     ] GC(1059) Concurrent Cleanup for Next Mark
[4052.829s][info][gc,marking     ] GC(1059) Concurrent Cleanup for Next Mark 7.336ms
[4052.829s][info][gc             ] GC(1059) Concurrent Mark Cycle 1154.501ms
.[4054.192s][info][gc,start       ] GC(1060) Pause Young (Prepare Mixed) (G1 Evacuation Pause)
[4054.192s][info][gc,task        ] GC(1060) Using 6 workers of 6 for evacuation
[4054.317s][info][gc,phases      ] GC(1060)   Pre Evacuate Collection Set: 0.34ms
[4054.317s][info][gc,phases      ] GC(1060)   Merge Heap Roots: 0.59ms
[4054.317s][info][gc,phases      ] GC(1060)   Evacuate Collection Set: 122.93ms
[4054.317s][info][gc,phases      ] GC(1060)   Post Evacuate Collection Set: 0.92ms
[4054.317s][info][gc,phases      ] GC(1060)   Other: 0.08ms
[4054.317s][info][gc,heap        ] GC(1060) Eden regions: 1116->0(1100)
[4054.317s][info][gc,heap        ] GC(1060) Survivor regions: 112->113(154)
[4054.317s][info][gc,heap        ] GC(1060) Old regions: 507->539
[4054.317s][info][gc,heap        ] GC(1060) Humongous regions: 80->80
[4054.317s][info][gc,metaspace   ] GC(1060) Metaspace: 28909K(29248K)->28909K(29248K) NonClass: 24041K(24192K)->24041K(24192K) Class: 4868K(5056K)->4868K(5056K)
[4054.317s][info][gc             ] GC(1060) Pause Young (Prepare Mixed) (G1 Evacuation Pause) 3629M->1462M(4096M) 124.995ms
[4054.317s][info][gc,cpu         ] GC(1060) User=0.74s Sys=0.00s Real=0.12s
...[4056.740s][info][gc,start       ] GC(1061) Pause Young (Mixed) (G1 Evacuation Pause)
[4056.740s][info][gc,task        ] GC(1061) Using 6 workers of 6 for evacuation
[4056.872s][info][gc,phases      ] GC(1061)   Pre Evacuate Collection Set: 0.39ms
[4056.872s][info][gc,phases      ] GC(1061)   Merge Heap Roots: 0.73ms
[4056.872s][info][gc,phases      ] GC(1061)   Evacuate Collection Set: 130.43ms
[4056.873s][info][gc,phases      ] GC(1061)   Post Evacuate Collection Set: 0.92ms
[4056.873s][info][gc,phases      ] GC(1061)   Other: 0.09ms
[4056.873s][info][gc,heap        ] GC(1061) Eden regions: 1100->0(1119)
[4056.873s][info][gc,heap        ] GC(1061) Survivor regions: 113->109(152)
[4056.873s][info][gc,heap        ] GC(1061) Old regions: 539->476
[4056.873s][info][gc,heap        ] GC(1061) Humongous regions: 80->80
[4056.873s][info][gc,metaspace   ] GC(1061) Metaspace: 28909K(29248K)->28909K(29248K) NonClass: 24041K(24192K)->24041K(24192K) Class: 4868K(5056K)->4868K(5056K)
[4056.873s][info][gc             ] GC(1061) Pause Young (Mixed) (G1 Evacuation Pause) 3662M->1328M(4096M) 132.706ms
[4056.873s][info][gc,cpu         ] GC(1061) User=0.79s Sys=0.00s Real=0.14s
..[4059.318s][info][gc,start       ] GC(1062) Pause Young (Concurrent Start) (G1 Evacuation Pause)
[4059.318s][info][gc,task        ] GC(1062) Using 6 workers of 6 for evacuation
[4059.444s][info][gc,phases      ] GC(1062)   Pre Evacuate Collection Set: 0.36ms
[4059.444s][info][gc,phases      ] GC(1062)   Merge Heap Roots: 0.52ms
[4059.444s][info][gc,phases      ] GC(1062)   Evacuate Collection Set: 124.69ms
[4059.444s][info][gc,phases      ] GC(1062)   Post Evacuate Collection Set: 0.88ms
[4059.444s][info][gc,phases      ] GC(1062)   Other: 0.10ms
[4059.444s][info][gc,heap        ] GC(1062) Eden regions: 1119->0(1112)
[4059.444s][info][gc,heap        ] GC(1062) Survivor regions: 109->116(154)
[4059.444s][info][gc,heap        ] GC(1062) Old regions: 476->507
[4059.445s][info][gc,heap        ] GC(1062) Humongous regions: 80->80
[4059.445s][info][gc,metaspace   ] GC(1062) Metaspace: 28909K(29248K)->28909K(29248K) NonClass: 24041K(24192K)->24041K(24192K) Class: 4868K(5056K)->4868K(5056K)
[4059.445s][info][gc             ] GC(1062) Pause Young (Concurrent Start) (G1 Evacuation Pause) 3566M->1403M(4096M) 126.675ms
[4059.445s][info][gc             ] GC(1063) Concurrent Mark Cycle
[4059.445s][info][gc,marking     ] GC(1063) Concurrent Scan Root Regions
[4059.445s][info][gc,cpu         ] GC(1062) User=0.75s Sys=0.01s Real=0.13s
.[4059.594s][info][gc,marking     ] GC(1063) Concurrent Scan Root Regions 149.770ms
[4059.594s][info][gc,marking     ] GC(1063) Concurrent Mark
[4059.594s][info][gc,marking     ] GC(1063) Concurrent Mark From Roots
[4059.594s][info][gc,task        ] GC(1063) Using 2 workers of 2 for marking
[4060.321s][info][gc,marking     ] GC(1063) Concurrent Mark From Roots 726.408ms
[4060.321s][info][gc,marking     ] GC(1063) Concurrent Preclean
[4060.321s][info][gc,marking     ] GC(1063) Concurrent Preclean 0.098ms
[4060.321s][info][gc,start       ] GC(1063) Pause Remark
[4060.325s][info][gc             ] GC(1063) Pause Remark 2151M->2151M(4096M) 3.436ms
[4060.325s][info][gc,cpu         ] GC(1063) User=0.02s Sys=0.00s Real=0.00s
[4060.325s][info][gc,marking     ] GC(1063) Concurrent Mark 730.537ms
[4060.325s][info][gc,marking     ] GC(1063) Concurrent Rebuild Remembered Sets and Scrub Regions
.[4060.585s][info][gc,marking     ] GC(1063) Concurrent Rebuild Remembered Sets and Scrub Regions 260.405ms
[4060.585s][info][gc,start       ] GC(1063) Pause Cleanup
[4060.586s][info][gc             ] GC(1063) Pause Cleanup 2399M->2399M(4096M) 0.100ms
[4060.586s][info][gc,cpu         ] GC(1063) User=0.00s Sys=0.00s Real=0.00s
[4060.586s][info][gc,marking     ] GC(1063) Concurrent Clear Claimed Marks
[4060.586s][info][gc,marking     ] GC(1063) Concurrent Clear Claimed Marks 0.037ms
[4060.586s][info][gc,marking     ] GC(1063) Concurrent Cleanup for Next Mark
[4060.591s][info][gc,marking     ] GC(1063) Concurrent Cleanup for Next Mark 4.662ms
[4060.591s][info][gc             ] GC(1063) Concurrent Mark Cycle 1146.322ms
.[4061.959s][info][gc,start       ] GC(1064) Pause Young (Prepare Mixed) (G1 Evacuation Pause)
[4061.959s][info][gc,task        ] GC(1064) Using 6 workers of 6 for evacuation
[4062.080s][info][gc,phases      ] GC(1064)   Pre Evacuate Collection Set: 0.35ms
[4062.080s][info][gc,phases      ] GC(1064)   Merge Heap Roots: 0.58ms
[4062.080s][info][gc,phases      ] GC(1064)   Evacuate Collection Set: 118.92ms
[4062.080s][info][gc,phases      ] GC(1064)   Post Evacuate Collection Set: 0.91ms
[4062.080s][info][gc,phases      ] GC(1064)   Other: 0.08ms
[4062.080s][info][gc,heap        ] GC(1064) Eden regions: 1112->0(1104)
[4062.080s][info][gc,heap        ] GC(1064) Survivor regions: 116->111(154)
[4062.080s][info][gc,heap        ] GC(1064) Old regions: 507->539
[4062.080s][info][gc,heap        ] GC(1064) Humongous regions: 80->80
[4062.080s][info][gc,metaspace   ] GC(1064) Metaspace: 28909K(29248K)->28909K(29248K) NonClass: 24041K(24192K)->24041K(24192K) Class: 4868K(5056K)->4868K(5056K)
[4062.080s][info][gc             ] GC(1064) Pause Young (Prepare Mixed) (G1 Evacuation Pause) 3627M->1457M(4096M) 120.982ms
[4062.080s][info][gc,cpu         ] GC(1064) User=0.72s Sys=0.00s Real=0.12s
..[4064.449s][info][gc,start       ] GC(1065) Pause Young (Mixed) (G1 Evacuation Pause)
[4064.449s][info][gc,task        ] GC(1065) Using 6 workers of 6 for evacuation
[4064.588s][info][gc,phases      ] GC(1065)   Pre Evacuate Collection Set: 0.37ms
[4064.588s][info][gc,phases      ] GC(1065)   Merge Heap Roots: 0.71ms
[4064.588s][info][gc,phases      ] GC(1065)   Evacuate Collection Set: 136.68ms
[4064.588s][info][gc,phases      ] GC(1065)   Post Evacuate Collection Set: 0.94ms
[4064.588s][info][gc,phases      ] GC(1065)   Other: 0.09ms
[4064.588s][info][gc,heap        ] GC(1065) Eden regions: 1104->0(1118)
[4064.588s][info][gc,heap        ] GC(1065) Survivor regions: 111->110(152)
[4064.588s][info][gc,heap        ] GC(1065) Old regions: 539->475
[4064.588s][info][gc,heap        ] GC(1065) Humongous regions: 80->80
[4064.588s][info][gc,metaspace   ] GC(1065) Metaspace: 28909K(29248K)->28909K(29248K) NonClass: 24041K(24192K)->24041K(24192K) Class: 4868K(5056K)->4868K(5056K)
[4064.588s][info][gc             ] GC(1065) Pause Young (Mixed) (G1 Evacuation Pause) 3665M->1328M(4096M) 138.919ms
[4064.588s][info][gc,cpu         ] GC(1065) User=0.82s Sys=0.00s Real=0.14s
...[4067.088s][info][gc,start       ] GC(1066) Pause Young (Concurrent Start) (G1 Evacuation Pause)
[4067.088s][info][gc,task        ] GC(1066) Using 6 workers of 6 for evacuation
[4067.210s][info][gc,phases      ] GC(1066)   Pre Evacuate Collection Set: 0.41ms
[4067.210s][info][gc,phases      ] GC(1066)   Merge Heap Roots: 0.52ms
[4067.210s][info][gc,phases      ] GC(1066)   Evacuate Collection Set: 120.04ms
[4067.210s][info][gc,phases      ] GC(1066)   Post Evacuate Collection Set: 0.88ms
[4067.210s][info][gc,phases      ] GC(1066)   Other: 0.12ms
[4067.210s][info][gc,heap        ] GC(1066) Eden regions: 1118->0(1116)
[4067.210s][info][gc,heap        ] GC(1066) Survivor regions: 110->112(154)
[4067.210s][info][gc,heap        ] GC(1066) Old regions: 475->507
[4067.210s][info][gc,heap        ] GC(1066) Humongous regions: 80->80
[4067.210s][info][gc,metaspace   ] GC(1066) Metaspace: 28909K(29248K)->28909K(29248K) NonClass: 24041K(24192K)->24041K(24192K) Class: 4868K(5056K)->4868K(5056K)
[4067.211s][info][gc             ] GC(1066) Pause Young (Concurrent Start) (G1 Evacuation Pause) 3564M->1396M(4096M) 122.108ms
[4067.211s][info][gc             ] GC(1067) Concurrent Mark Cycle
[4067.211s][info][gc,marking     ] GC(1067) Concurrent Scan Root Regions
[4067.211s][info][gc,cpu         ] GC(1066) User=0.72s Sys=0.00s Real=0.12s
[4067.355s][info][gc,marking     ] GC(1067) Concurrent Scan Root Regions 144.892ms
[4067.356s][info][gc,marking     ] GC(1067) Concurrent Mark
[4067.356s][info][gc,marking     ] GC(1067) Concurrent Mark From Roots
[4067.356s][info][gc,task        ] GC(1067) Using 2 workers of 2 for marking
.[4068.057s][info][gc,marking     ] GC(1067) Concurrent Mark From Roots 701.854ms
[4068.057s][info][gc,marking     ] GC(1067) Concurrent Preclean
[4068.058s][info][gc,marking     ] GC(1067) Concurrent Preclean 0.120ms
[4068.060s][info][gc,start       ] GC(1067) Pause Remark
[4068.064s][info][gc             ] GC(1067) Pause Remark 2088M->2088M(4096M) 3.817ms
[4068.064s][info][gc,cpu         ] GC(1067) User=0.02s Sys=0.00s Real=0.01s
[4068.064s][info][gc,marking     ] GC(1067) Concurrent Mark 708.762ms
[4068.064s][info][gc,marking     ] GC(1067) Concurrent Rebuild Remembered Sets and Scrub Regions
[4068.336s][info][gc,marking     ] GC(1067) Concurrent Rebuild Remembered Sets and Scrub Regions 271.413ms
[4068.338s][info][gc,start       ] GC(1067) Pause Cleanup
[4068.338s][info][gc             ] GC(1067) Pause Cleanup 2388M->2388M(4096M) 0.131ms
[4068.338s][info][gc,cpu         ] GC(1067) User=0.00s Sys=0.00s Real=0.00s
[4068.338s][info][gc,marking     ] GC(1067) Concurrent Clear Claimed Marks
[4068.338s][info][gc,marking     ] GC(1067) Concurrent Clear Claimed Marks 0.033ms
[4068.338s][info][gc,marking     ] GC(1067) Concurrent Cleanup for Next Mark
[4068.347s][info][gc,marking     ] GC(1067) Concurrent Cleanup for Next Mark 9.586ms
[4068.348s][info][gc             ] GC(1067) Concurrent Mark Cycle 1136.983ms
..[4069.745s][info][gc,start       ] GC(1068) Pause Young (Prepare Mixed) (G1 Evacuation Pause)
[4069.745s][info][gc,task        ] GC(1068) Using 6 workers of 6 for evacuation
[4069.868s][info][gc,phases      ] GC(1068)   Pre Evacuate Collection Set: 0.33ms
[4069.868s][info][gc,phases      ] GC(1068)   Merge Heap Roots: 0.52ms
[4069.868s][info][gc,phases      ] GC(1068)   Evacuate Collection Set: 121.52ms
[4069.868s][info][gc,phases      ] GC(1068)   Post Evacuate Collection Set: 0.90ms
[4069.868s][info][gc,phases      ] GC(1068)   Other: 0.09ms
[4069.868s][info][gc,heap        ] GC(1068) Eden regions: 1116->0(1099)
[4069.868s][info][gc,heap        ] GC(1068) Survivor regions: 112->114(154)
[4069.868s][info][gc,heap        ] GC(1068) Old regions: 507->538
[4069.868s][info][gc,heap        ] GC(1068) Humongous regions: 80->80
[4069.868s][info][gc,metaspace   ] GC(1068) Metaspace: 28909K(29248K)->28909K(29248K) NonClass: 24041K(24192K)->24041K(24192K) Class: 4868K(5056K)->4868K(5056K)
[4069.868s][info][gc             ] GC(1068) Pause Young (Prepare Mixed) (G1 Evacuation Pause) 3628M->1461M(4096M) 123.493ms
[4069.868s][info][gc,cpu         ] GC(1068) User=0.74s Sys=0.00s Real=0.12s
..[4072.282s][info][gc,start       ] GC(1069) Pause Young (Mixed) (G1 Evacuation Pause)
[4072.282s][info][gc,task        ] GC(1069) Using 6 workers of 6 for evacuation
[4072.422s][info][gc,phases      ] GC(1069)   Pre Evacuate Collection Set: 0.38ms
[4072.422s][info][gc,phases      ] GC(1069)   Merge Heap Roots: 0.65ms
[4072.422s][info][gc,phases      ] GC(1069)   Evacuate Collection Set: 137.26ms
[4072.422s][info][gc,phases      ] GC(1069)   Post Evacuate Collection Set: 0.98ms
[4072.422s][info][gc,phases      ] GC(1069)   Other: 0.09ms
[4072.422s][info][gc,heap        ] GC(1069) Eden regions: 1099->0(1115)
[4072.422s][info][gc,heap        ] GC(1069) Survivor regions: 114->113(152)
[4072.422s][info][gc,heap        ] GC(1069) Old regions: 538->474
[4072.422s][info][gc,heap        ] GC(1069) Humongous regions: 80->80
[4072.422s][info][gc,metaspace   ] GC(1069) Metaspace: 28909K(29248K)->28909K(29248K) NonClass: 24041K(24192K)->24041K(24192K) Class: 4868K(5056K)->4868K(5056K)
[4072.422s][info][gc             ] GC(1069) Pause Young (Mixed) (G1 Evacuation Pause) 3659M->1332M(4096M) 139.493ms
[4072.422s][info][gc,cpu         ] GC(1069) User=0.83s Sys=0.00s Real=0.14s
...[4074.946s][info][gc,start       ] GC(1070) Pause Young (Concurrent Start) (G1 Evacuation Pause)
[4074.946s][info][gc,task        ] GC(1070) Using 6 workers of 6 for evacuation
[4075.066s][info][gc,phases      ] GC(1070)   Pre Evacuate Collection Set: 0.37ms
[4075.066s][info][gc,phases      ] GC(1070)   Merge Heap Roots: 0.45ms
[4075.066s][info][gc,phases      ] GC(1070)   Evacuate Collection Set: 118.41ms
[4075.066s][info][gc,phases      ] GC(1070)   Post Evacuate Collection Set: 0.87ms
[4075.066s][info][gc,phases      ] GC(1070)   Other: 0.13ms
[4075.066s][info][gc,heap        ] GC(1070) Eden regions: 1115->0(1116)
[4075.066s][info][gc,heap        ] GC(1070) Survivor regions: 113->112(154)
[4075.066s][info][gc,heap        ] GC(1070) Old regions: 474->505
[4075.066s][info][gc,heap        ] GC(1070) Humongous regions: 80->80
[4075.066s][info][gc,metaspace   ] GC(1070) Metaspace: 28909K(29248K)->28909K(29248K) NonClass: 24041K(24192K)->24041K(24192K) Class: 4868K(5056K)->4868K(5056K)
[4075.066s][info][gc             ] GC(1070) Pause Young (Concurrent Start) (G1 Evacuation Pause) 3562M->1392M(4096M) 120.361ms
[4075.066s][info][gc             ] GC(1071) Concurrent Mark Cycle
[4075.066s][info][gc,cpu         ] GC(1070) User=0.72s Sys=0.00s Real=0.12s
[4075.066s][info][gc,marking     ] GC(1071) Concurrent Scan Root Regions
[4075.303s][info][gc,marking     ] GC(1071) Concurrent Scan Root Regions 236.842ms
[4075.303s][info][gc,marking     ] GC(1071) Concurrent Mark
[4075.303s][info][gc,marking     ] GC(1071) Concurrent Mark From Roots
[4075.303s][info][gc,task        ] GC(1071) Using 2 workers of 2 for marking
.[4076.290s][info][gc,marking     ] GC(1071) Concurrent Mark From Roots 986.899ms
[4076.290s][info][gc,marking     ] GC(1071) Concurrent Preclean
[4076.290s][info][gc,marking     ] GC(1071) Concurrent Preclean 0.093ms
[4076.290s][info][gc,start       ] GC(1071) Pause Remark
[4076.295s][info][gc             ] GC(1071) Pause Remark 2537M->2537M(4096M) 4.612ms
[4076.295s][info][gc,cpu         ] GC(1071) User=0.03s Sys=0.00s Real=0.01s
[4076.295s][info][gc,marking     ] GC(1071) Concurrent Mark 991.837ms
[4076.295s][info][gc,marking     ] GC(1071) Concurrent Rebuild Remembered Sets and Scrub Regions
[4076.613s][info][gc,marking     ] GC(1071) Concurrent Rebuild Remembered Sets and Scrub Regions 318.719ms
[4076.614s][info][gc,start       ] GC(1071) Pause Cleanup
[4076.614s][info][gc             ] GC(1071) Pause Cleanup 2804M->2804M(4096M) 0.110ms
[4076.614s][info][gc,cpu         ] GC(1071) User=0.00s Sys=0.00s Real=0.00s
[4076.614s][info][gc,marking     ] GC(1071) Concurrent Clear Claimed Marks
[4076.614s][info][gc,marking     ] GC(1071) Concurrent Clear Claimed Marks 0.024ms
[4076.614s][info][gc,marking     ] GC(1071) Concurrent Cleanup for Next Mark
[4076.618s][info][gc,marking     ] GC(1071) Concurrent Cleanup for Next Mark 4.247ms
[4076.618s][info][gc             ] GC(1071) Concurrent Mark Cycle 1552.152ms
.[4077.520s][info][gc,start       ] GC(1072) Pause Young (Prepare Mixed) (G1 Evacuation Pause)
[4077.520s][info][gc,task        ] GC(1072) Using 6 workers of 6 for evacuation
[4077.636s][info][gc,phases      ] GC(1072)   Pre Evacuate Collection Set: 0.34ms
[4077.636s][info][gc,phases      ] GC(1072)   Merge Heap Roots: 0.52ms
[4077.636s][info][gc,phases      ] GC(1072)   Evacuate Collection Set: 113.68ms
[4077.636s][info][gc,phases      ] GC(1072)   Post Evacuate Collection Set: 0.94ms
[4077.636s][info][gc,phases      ] GC(1072)   Other: 0.08ms
[4077.636s][info][gc,heap        ] GC(1072) Eden regions: 1116->0(1112)
[4077.636s][info][gc,heap        ] GC(1072) Survivor regions: 112->108(154)
[4077.636s][info][gc,heap        ] GC(1072) Old regions: 505->537
[4077.636s][info][gc,heap        ] GC(1072) Humongous regions: 80->80
[4077.636s][info][gc,metaspace   ] GC(1072) Metaspace: 28909K(29248K)->28909K(29248K) NonClass: 24041K(24192K)->24041K(24192K) Class: 4868K(5056K)->4868K(5056K)
[4077.636s][info][gc             ] GC(1072) Pause Young (Prepare Mixed) (G1 Evacuation Pause) 3624M->1447M(4096M) 115.714ms
[4077.636s][info][gc,cpu         ] GC(1072) User=0.69s Sys=0.00s Real=0.12s
...[4080.112s][info][gc,start       ] GC(1073) Pause Young (Mixed) (G1 Evacuation Pause)
[4080.112s][info][gc,task        ] GC(1073) Using 6 workers of 6 for evacuation
[4080.249s][info][gc,phases      ] GC(1073)   Pre Evacuate Collection Set: 0.37ms
[4080.249s][info][gc,phases      ] GC(1073)   Merge Heap Roots: 0.78ms
[4080.249s][info][gc,phases      ] GC(1073)   Evacuate Collection Set: 134.57ms
[4080.249s][info][gc,phases      ] GC(1073)   Post Evacuate Collection Set: 0.93ms
[4080.249s][info][gc,phases      ] GC(1073)   Other: 0.09ms
[4080.249s][info][gc,heap        ] GC(1073) Eden regions: 1112->0(1119)
[4080.249s][info][gc,heap        ] GC(1073) Survivor regions: 108->109(153)
[4080.249s][info][gc,heap        ] GC(1073) Old regions: 537->475
[4080.249s][info][gc,heap        ] GC(1073) Humongous regions: 80->80
[4080.249s][info][gc,metaspace   ] GC(1073) Metaspace: 28909K(29248K)->28909K(29248K) NonClass: 24041K(24192K)->24041K(24192K) Class: 4868K(5056K)->4868K(5056K)
[4080.249s][info][gc             ] GC(1073) Pause Young (Mixed) (G1 Evacuation Pause) 3671M->1326M(4096M) 136.880ms
[4080.249s][info][gc,cpu         ] GC(1073) User=0.81s Sys=0.00s Real=0.13s
...[4082.735s][info][gc,start       ] GC(1074) Pause Young (Concurrent Start) (G1 Evacuation Pause)
[4082.735s][info][gc,task        ] GC(1074) Using 6 workers of 6 for evacuation
[4082.858s][info][gc,phases      ] GC(1074)   Pre Evacuate Collection Set: 0.36ms
[4082.858s][info][gc,phases      ] GC(1074)   Merge Heap Roots: 0.48ms
[4082.858s][info][gc,phases      ] GC(1074)   Evacuate Collection Set: 121.32ms
[4082.858s][info][gc,phases      ] GC(1074)   Post Evacuate Collection Set: 0.87ms
[4082.858s][info][gc,phases      ] GC(1074)   Other: 0.12ms
[4082.858s][info][gc,heap        ] GC(1074) Eden regions: 1119->0(1113)
[4082.858s][info][gc,heap        ] GC(1074) Survivor regions: 109->115(154)
[4082.858s][info][gc,heap        ] GC(1074) Old regions: 475->505
[4082.858s][info][gc,heap        ] GC(1074) Humongous regions: 80->80
[4082.858s][info][gc,metaspace   ] GC(1074) Metaspace: 28909K(29248K)->28909K(29248K) NonClass: 24041K(24192K)->24041K(24192K) Class: 4868K(5056K)->4868K(5056K)
[4082.858s][info][gc             ] GC(1074) Pause Young (Concurrent Start) (G1 Evacuation Pause) 3564M->1398M(4096M) 123.273ms
[4082.858s][info][gc             ] GC(1075) Concurrent Mark Cycle
[4082.858s][info][gc,marking     ] GC(1075) Concurrent Scan Root Regions
[4082.858s][info][gc,cpu         ] GC(1074) User=0.74s Sys=0.00s Real=0.12s
[4083.011s][info][gc,marking     ] GC(1075) Concurrent Scan Root Regions 152.909ms
[4083.011s][info][gc,marking     ] GC(1075) Concurrent Mark
[4083.011s][info][gc,marking     ] GC(1075) Concurrent Mark From Roots
[4083.011s][info][gc,task        ] GC(1075) Using 2 workers of 2 for marking
.[4083.839s][info][gc,marking     ] GC(1075) Concurrent Mark From Roots 827.141ms
[4083.839s][info][gc,marking     ] GC(1075) Concurrent Preclean
[4083.839s][info][gc,marking     ] GC(1075) Concurrent Preclean 0.096ms
[4083.839s][info][gc,start       ] GC(1075) Pause Remark
[4083.844s][info][gc             ] GC(1075) Pause Remark 2279M->2279M(4096M) 4.794ms
[4083.844s][info][gc,cpu         ] GC(1075) User=0.03s Sys=0.00s Real=0.01s
[4083.844s][info][gc,marking     ] GC(1075) Concurrent Mark 832.572ms
[4083.844s][info][gc,marking     ] GC(1075) Concurrent Rebuild Remembered Sets and Scrub Regions
[4084.124s][info][gc,marking     ] GC(1075) Concurrent Rebuild Remembered Sets and Scrub Regions 279.748ms
[4084.124s][info][gc,start       ] GC(1075) Pause Cleanup
[4084.124s][info][gc             ] GC(1075) Pause Cleanup 2562M->2562M(4096M) 0.123ms
[4084.124s][info][gc,cpu         ] GC(1075) User=0.00s Sys=0.00s Real=0.00s
[4084.124s][info][gc,marking     ] GC(1075) Concurrent Clear Claimed Marks
[4084.124s][info][gc,marking     ] GC(1075) Concurrent Clear Claimed Marks 0.028ms
[4084.125s][info][gc,marking     ] GC(1075) Concurrent Cleanup for Next Mark
[4084.129s][info][gc,marking     ] GC(1075) Concurrent Cleanup for Next Mark 4.623ms
[4084.129s][info][gc             ] GC(1075) Concurrent Mark Cycle 1270.808ms
.[4085.330s][info][gc,start       ] GC(1076) Pause Young (Prepare Mixed) (G1 Evacuation Pause)
[4085.330s][info][gc,task        ] GC(1076) Using 6 workers of 6 for evacuation
[4085.448s][info][gc,phases      ] GC(1076)   Pre Evacuate Collection Set: 0.32ms
[4085.448s][info][gc,phases      ] GC(1076)   Merge Heap Roots: 0.54ms
[4085.448s][info][gc,phases      ] GC(1076)   Evacuate Collection Set: 116.54ms
[4085.448s][info][gc,phases      ] GC(1076)   Post Evacuate Collection Set: 0.92ms
[4085.448s][info][gc,phases      ] GC(1076)   Other: 0.09ms
[4085.448s][info][gc,heap        ] GC(1076) Eden regions: 1113->0(1110)
[4085.448s][info][gc,heap        ] GC(1076) Survivor regions: 115->109(154)
[4085.448s][info][gc,heap        ] GC(1076) Old regions: 505->537
[4085.448s][info][gc,heap        ] GC(1076) Humongous regions: 80->80
[4085.448s][info][gc,metaspace   ] GC(1076) Metaspace: 28909K(29248K)->28909K(29248K) NonClass: 24041K(24192K)->24041K(24192K) Class: 4868K(5056K)->4868K(5056K)
[4085.448s][info][gc             ] GC(1076) Pause Young (Prepare Mixed) (G1 Evacuation Pause) 3624M->1450M(4096M) 118.538ms
[4085.448s][info][gc,cpu         ] GC(1076) User=0.70s Sys=0.00s Real=0.12s
...[4087.939s][info][gc,start       ] GC(1077) Pause Young (Mixed) (G1 Evacuation Pause)
[4087.939s][info][gc,task        ] GC(1077) Using 6 workers of 6 for evacuation
[4088.078s][info][gc,phases      ] GC(1077)   Pre Evacuate Collection Set: 0.36ms
[4088.078s][info][gc,phases      ] GC(1077)   Merge Heap Roots: 0.76ms
[4088.078s][info][gc,phases      ] GC(1077)   Evacuate Collection Set: 137.28ms
[4088.078s][info][gc,phases      ] GC(1077)   Post Evacuate Collection Set: 0.92ms
[4088.078s][info][gc,phases      ] GC(1077)   Other: 0.09ms
[4088.078s][info][gc,heap        ] GC(1077) Eden regions: 1110->0(1117)
[4088.078s][info][gc,heap        ] GC(1077) Survivor regions: 109->111(153)
[4088.078s][info][gc,heap        ] GC(1077) Old regions: 537->475
[4088.078s][info][gc,heap        ] GC(1077) Humongous regions: 80->80
[4088.078s][info][gc,metaspace   ] GC(1077) Metaspace: 28909K(29248K)->28909K(29248K) NonClass: 24041K(24192K)->24041K(24192K) Class: 4868K(5056K)->4868K(5056K)
[4088.078s][info][gc             ] GC(1077) Pause Young (Mixed) (G1 Evacuation Pause) 3670M->1330M(4096M) 139.537ms
[4088.078s][info][gc,cpu         ] GC(1077) User=0.83s Sys=0.00s Real=0.14s
..[4090.543s][info][gc,start       ] GC(1078) Pause Young (Concurrent Start) (G1 Evacuation Pause)
[4090.543s][info][gc,task        ] GC(1078) Using 6 workers of 6 for evacuation
[4090.664s][info][gc,phases      ] GC(1078)   Pre Evacuate Collection Set: 0.36ms
[4090.664s][info][gc,phases      ] GC(1078)   Merge Heap Roots: 0.43ms
[4090.664s][info][gc,phases      ] GC(1078)   Evacuate Collection Set: 118.72ms
[4090.664s][info][gc,phases      ] GC(1078)   Post Evacuate Collection Set: 0.87ms
[4090.664s][info][gc,phases      ] GC(1078)   Other: 0.13ms
[4090.664s][info][gc,heap        ] GC(1078) Eden regions: 1117->0(1117)
[4090.664s][info][gc,heap        ] GC(1078) Survivor regions: 111->111(154)
[4090.664s][info][gc,heap        ] GC(1078) Old regions: 475->506
[4090.664s][info][gc,heap        ] GC(1078) Humongous regions: 80->80
[4090.664s][info][gc,metaspace   ] GC(1078) Metaspace: 28909K(29248K)->28909K(29248K) NonClass: 24041K(24192K)->24041K(24192K) Class: 4868K(5056K)->4868K(5056K)
[4090.664s][info][gc             ] GC(1078) Pause Young (Concurrent Start) (G1 Evacuation Pause) 3564M->1393M(4096M) 120.625ms
[4090.664s][info][gc             ] GC(1079) Concurrent Mark Cycle
[4090.664s][info][gc,marking     ] GC(1079) Concurrent Scan Root Regions
[4090.664s][info][gc,cpu         ] GC(1078) User=0.71s Sys=0.00s Real=0.12s
.[4090.811s][info][gc,marking     ] GC(1079) Concurrent Scan Root Regions 146.753ms
[4090.811s][info][gc,marking     ] GC(1079) Concurrent Mark
[4090.811s][info][gc,marking     ] GC(1079) Concurrent Mark From Roots
[4090.811s][info][gc,task        ] GC(1079) Using 2 workers of 2 for marking
[4091.519s][info][gc,marking     ] GC(1079) Concurrent Mark From Roots 708.375ms
[4091.519s][info][gc,marking     ] GC(1079) Concurrent Preclean
[4091.519s][info][gc,marking     ] GC(1079) Concurrent Preclean 0.106ms
[4091.521s][info][gc,start       ] GC(1079) Pause Remark
[4091.525s][info][gc             ] GC(1079) Pause Remark 2143M->2143M(4096M) 4.175ms
[4091.525s][info][gc,cpu         ] GC(1079) User=0.02s Sys=0.00s Real=0.00s
[4091.525s][info][gc,marking     ] GC(1079) Concurrent Mark 714.400ms
[4091.525s][info][gc,marking     ] GC(1079) Concurrent Rebuild Remembered Sets and Scrub Regions
.[4091.932s][info][gc,marking     ] GC(1079) Concurrent Rebuild Remembered Sets and Scrub Regions 406.266ms
[4091.932s][info][gc,start       ] GC(1079) Pause Cleanup
[4091.932s][info][gc             ] GC(1079) Pause Cleanup 2519M->2519M(4096M) 0.117ms
[4091.932s][info][gc,cpu         ] GC(1079) User=0.00s Sys=0.00s Real=0.00s
[4091.933s][info][gc,marking     ] GC(1079) Concurrent Clear Claimed Marks
[4091.933s][info][gc,marking     ] GC(1079) Concurrent Clear Claimed Marks 0.030ms
[4091.933s][info][gc,marking     ] GC(1079) Concurrent Cleanup for Next Mark
[4091.938s][info][gc,marking     ] GC(1079) Concurrent Cleanup for Next Mark 4.989ms
[4091.938s][info][gc             ] GC(1079) Concurrent Mark Cycle 1273.685ms
. (rIR:aIR:PR = 7195:7206:7206) (tPR = 106691) [OK] 
  4092s: Performance info:
         Transaction,    Success,    Partial,     Failed,   Receipts, AvgBarcode, 
             Overall,     436383,          0,          0,     414573,      59.47, 
         Response times:
             Request,    Success,    Partial,     Failed,   SkipFail,     Probes,    Samples,      min,      p50,      p90,      p95,      p99,      max, 
       TotalPurchase,     414574,          0,          0,          0,     361780,     416894,      300,     6500,    68000,    99000,   169000,   426000,
     InStorePurchase,     218137,          0,          0,          0,     189427,     218796,      300,     6300,    67000,    98000,   169000,   426000,
      OnlinePurchase,     152964,          0,          0,          0,     133480,     153095,      300,     6600,    68000,    98000,   168000,   321000,
        InstPurchase,      43473,          0,          0,          0,      38873,      45003,      400,     7100,    71000,   103000,   171000,   285000,
          AssocOfCat,        435,          0,          0,          0,        341,        461,    23000,    45000,   130800,   162800,   220520,   293000,
      AssocOfProduct,       4366,          0,          0,          0,       4061,       4846,      500,     4300,    56000,    88000,   166530,   285000,
      BusinessReport,       1092,          0,          0,          0,        949,       1242,    26000,    52000,   143700,   176000,   238140,   358000,
          CustBuyBeh,       4369,          0,          0,          0,       4126,       4949,      300,     5200,    62000,    94000,   164000,   285000,
       ProductReturn,      11548,          0,          0,          0,       9868,      11735,      200,     6400,    65000,    96000,   166000,   285000,

  4092s: (53%)   IR =   7334 [4093.217s][info][gc,start       ] GC(1080) Pause Young (Prepare Mixed) (G1 Evacuation Pause)
[4093.217s][info][gc,task        ] GC(1080) Using 6 workers of 6 for evacuation
[4093.337s][info][gc,phases      ] GC(1080)   Pre Evacuate Collection Set: 0.34ms
[4093.337s][info][gc,phases      ] GC(1080)   Merge Heap Roots: 0.60ms
[4093.337s][info][gc,phases      ] GC(1080)   Evacuate Collection Set: 118.34ms
[4093.337s][info][gc,phases      ] GC(1080)   Post Evacuate Collection Set: 0.97ms
[4093.337s][info][gc,phases      ] GC(1080)   Other: 0.09ms
[4093.337s][info][gc,heap        ] GC(1080) Eden regions: 1117->0(1107)
[4093.337s][info][gc,heap        ] GC(1080) Survivor regions: 111->110(154)
[4093.337s][info][gc,heap        ] GC(1080) Old regions: 506->538
[4093.337s][info][gc,heap        ] GC(1080) Humongous regions: 80->80
[4093.337s][info][gc,metaspace   ] GC(1080) Metaspace: 28909K(29248K)->28909K(29248K) NonClass: 24041K(24192K)->24041K(24192K) Class: 4868K(5056K)->4868K(5056K)
[4093.337s][info][gc             ] GC(1080) Pause Young (Prepare Mixed) (G1 Evacuation Pause) 3627M->1454M(4096M) 120.478ms
[4093.337s][info][gc,cpu         ] GC(1080) User=0.72s Sys=0.00s Real=0.12s
..[4095.700s][info][gc,start       ] GC(1081) Pause Young (Mixed) (G1 Evacuation Pause)
[4095.700s][info][gc,task        ] GC(1081) Using 6 workers of 6 for evacuation
[4095.839s][info][gc,phases      ] GC(1081)   Pre Evacuate Collection Set: 0.37ms
[4095.839s][info][gc,phases      ] GC(1081)   Merge Heap Roots: 0.66ms
[4095.839s][info][gc,phases      ] GC(1081)   Evacuate Collection Set: 137.36ms
[4095.839s][info][gc,phases      ] GC(1081)   Post Evacuate Collection Set: 1.05ms
[4095.839s][info][gc,phases      ] GC(1081)   Other: 0.09ms
[4095.839s][info][gc,heap        ] GC(1081) Eden regions: 1107->0(1115)
[4095.839s][info][gc,heap        ] GC(1081) Survivor regions: 110->113(153)
[4095.839s][info][gc,heap        ] GC(1081) Old regions: 538->474
[4095.839s][info][gc,heap        ] GC(1081) Humongous regions: 80->80
[4095.839s][info][gc,metaspace   ] GC(1081) Metaspace: 28909K(29248K)->28909K(29248K) NonClass: 24041K(24192K)->24041K(24192K) Class: 4868K(5056K)->4868K(5056K)
[4095.839s][info][gc             ] GC(1081) Pause Young (Mixed) (G1 Evacuation Pause) 3668M->1333M(4096M) 139.665ms
[4095.839s][info][gc,cpu         ] GC(1081) User=0.83s Sys=0.00s Real=0.14s
...[4098.280s][info][gc,start       ] GC(1082) Pause Young (Concurrent Start) (G1 Evacuation Pause)
[4098.280s][info][gc,task        ] GC(1082) Using 6 workers of 6 for evacuation
[4098.404s][info][gc,phases      ] GC(1082)   Pre Evacuate Collection Set: 0.35ms
[4098.404s][info][gc,phases      ] GC(1082)   Merge Heap Roots: 0.55ms
[4098.404s][info][gc,phases      ] GC(1082)   Evacuate Collection Set: 122.53ms
[4098.404s][info][gc,phases      ] GC(1082)   Post Evacuate Collection Set: 0.89ms
[4098.404s][info][gc,phases      ] GC(1082)   Other: 0.11ms
[4098.404s][info][gc,heap        ] GC(1082) Eden regions: 1115->0(1115)
[4098.404s][info][gc,heap        ] GC(1082) Survivor regions: 113->113(154)
[4098.404s][info][gc,heap        ] GC(1082) Old regions: 474->507
[4098.404s][info][gc,heap        ] GC(1082) Humongous regions: 80->80
[4098.404s][info][gc,metaspace   ] GC(1082) Metaspace: 28909K(29248K)->28909K(29248K) NonClass: 24041K(24192K)->24041K(24192K) Class: 4868K(5056K)->4868K(5056K)
[4098.404s][info][gc             ] GC(1082) Pause Young (Concurrent Start) (G1 Evacuation Pause) 3563M->1398M(4096M) 124.553ms
[4098.404s][info][gc             ] GC(1083) Concurrent Mark Cycle
[4098.404s][info][gc,marking     ] GC(1083) Concurrent Scan Root Regions
[4098.404s][info][gc,cpu         ] GC(1082) User=0.74s Sys=0.00s Real=0.13s
[4098.599s][info][gc,marking     ] GC(1083) Concurrent Scan Root Regions 194.085ms
[4098.599s][info][gc,marking     ] GC(1083) Concurrent Mark
[4098.599s][info][gc,marking     ] GC(1083) Concurrent Mark From Roots
[4098.599s][info][gc,task        ] GC(1083) Using 2 workers of 2 for marking
.[4099.605s][info][gc,marking     ] GC(1083) Concurrent Mark From Roots 1006.022ms
[4099.605s][info][gc,marking     ] GC(1083) Concurrent Preclean
[4099.605s][info][gc,marking     ] GC(1083) Concurrent Preclean 0.145ms
[4099.605s][info][gc,start       ] GC(1083) Pause Remark
[4099.610s][info][gc             ] GC(1083) Pause Remark 2528M->2528M(4096M) 4.898ms
[4099.610s][info][gc,cpu         ] GC(1083) User=0.03s Sys=0.00s Real=0.00s
[4099.612s][info][gc,marking     ] GC(1083) Concurrent Mark 1013.217ms
[4099.612s][info][gc,marking     ] GC(1083) Concurrent Rebuild Remembered Sets and Scrub Regions
.[4100.003s][info][gc,marking     ] GC(1083) Concurrent Rebuild Remembered Sets and Scrub Regions 391.407ms
[4100.003s][info][gc,start       ] GC(1083) Pause Cleanup
[4100.003s][info][gc             ] GC(1083) Pause Cleanup 2886M->2886M(4096M) 0.115ms
[4100.003s][info][gc,cpu         ] GC(1083) User=0.00s Sys=0.00s Real=0.00s
[4100.004s][info][gc,marking     ] GC(1083) Concurrent Clear Claimed Marks
[4100.004s][info][gc,marking     ] GC(1083) Concurrent Clear Claimed Marks 0.026ms
[4100.004s][info][gc,marking     ] GC(1083) Concurrent Cleanup for Next Mark
[4100.010s][info][gc,marking     ] GC(1083) Concurrent Cleanup for Next Mark 6.395ms
[4100.010s][info][gc             ] GC(1083) Concurrent Mark Cycle 1605.598ms
[4100.820s][info][gc,start       ] GC(1084) Pause Young (Prepare Mixed) (G1 Evacuation Pause)
[4100.820s][info][gc,task        ] GC(1084) Using 6 workers of 6 for evacuation
[4100.943s][info][gc,phases      ] GC(1084)   Pre Evacuate Collection Set: 0.32ms
[4100.943s][info][gc,phases      ] GC(1084)   Merge Heap Roots: 0.58ms
[4100.943s][info][gc,phases      ] GC(1084)   Evacuate Collection Set: 121.12ms
[4100.943s][info][gc,phases      ] GC(1084)   Post Evacuate Collection Set: 0.97ms
[4100.943s][info][gc,phases      ] GC(1084)   Other: 0.09ms
[4100.943s][info][gc,heap        ] GC(1084) Eden regions: 1115->0(1097)
[4100.943s][info][gc,heap        ] GC(1084) Survivor regions: 113->115(154)
[4100.943s][info][gc,heap        ] GC(1084) Old regions: 507->538
[4100.943s][info][gc,heap        ] GC(1084) Humongous regions: 80->80
[4100.944s][info][gc,metaspace   ] GC(1084) Metaspace: 28909K(29248K)->28909K(29248K) NonClass: 24041K(24192K)->24041K(24192K) Class: 4868K(5056K)->4868K(5056K)
[4100.944s][info][gc             ] GC(1084) Pause Young (Prepare Mixed) (G1 Evacuation Pause) 3628M->1463M(4096M) 123.221ms
[4100.944s][info][gc,cpu         ] GC(1084) User=0.73s Sys=0.00s Real=0.13s
...[4103.331s][info][gc,start       ] GC(1085) Pause Young (Mixed) (G1 Evacuation Pause)
[4103.331s][info][gc,task        ] GC(1085) Using 6 workers of 6 for evacuation
[4103.466s][info][gc,phases      ] GC(1085)   Pre Evacuate Collection Set: 0.35ms
[4103.466s][info][gc,phases      ] GC(1085)   Merge Heap Roots: 0.87ms
[4103.466s][info][gc,phases      ] GC(1085)   Evacuate Collection Set: 133.53ms
[4103.466s][info][gc,phases      ] GC(1085)   Post Evacuate Collection Set: 0.93ms
[4103.466s][info][gc,phases      ] GC(1085)   Other: 0.09ms
[4103.466s][info][gc,heap        ] GC(1085) Eden regions: 1097->0(1120)
[4103.466s][info][gc,heap        ] GC(1085) Survivor regions: 115->108(152)
[4103.466s][info][gc,heap        ] GC(1085) Old regions: 538->474
[4103.466s][info][gc,heap        ] GC(1085) Humongous regions: 80->80
[4103.466s][info][gc,metaspace   ] GC(1085) Metaspace: 28909K(29248K)->28909K(29248K) NonClass: 24041K(24192K)->24041K(24192K) Class: 4868K(5056K)->4868K(5056K)
[4103.466s][info][gc             ] GC(1085) Pause Young (Mixed) (G1 Evacuation Pause) 3657M->1322M(4096M) 135.898ms
[4103.466s][info][gc,cpu         ] GC(1085) User=0.81s Sys=0.00s Real=0.14s
.|.[4105.872s][info][gc,start       ] GC(1086) Pause Young (Concurrent Start) (G1 Evacuation Pause)
[4105.872s][info][gc,task        ] GC(1086) Using 6 workers of 6 for evacuation
[4105.990s][info][gc,phases      ] GC(1086)   Pre Evacuate Collection Set: 0.43ms
[4105.990s][info][gc,phases      ] GC(1086)   Merge Heap Roots: 0.50ms
[4105.990s][info][gc,phases      ] GC(1086)   Evacuate Collection Set: 115.85ms
[4105.990s][info][gc,phases      ] GC(1086)   Post Evacuate Collection Set: 0.87ms
[4105.990s][info][gc,phases      ] GC(1086)   Other: 0.12ms
[4105.990s][info][gc,heap        ] GC(1086) Eden regions: 1120->0(1120)
[4105.990s][info][gc,heap        ] GC(1086) Survivor regions: 108->108(154)
[4105.990s][info][gc,heap        ] GC(1086) Old regions: 474->507
[4105.990s][info][gc,heap        ] GC(1086) Humongous regions: 80->80
[4105.990s][info][gc,metaspace   ] GC(1086) Metaspace: 28909K(29248K)->28909K(29248K) NonClass: 24041K(24192K)->24041K(24192K) Class: 4868K(5056K)->4868K(5056K)
[4105.990s][info][gc             ] GC(1086) Pause Young (Concurrent Start) (G1 Evacuation Pause) 3562M->1389M(4096M) 117.901ms
[4105.990s][info][gc             ] GC(1087) Concurrent Mark Cycle
[4105.990s][info][gc,marking     ] GC(1087) Concurrent Scan Root Regions
[4105.990s][info][gc,cpu         ] GC(1086) User=0.69s Sys=0.00s Real=0.11s
.[4106.172s][info][gc,marking     ] GC(1087) Concurrent Scan Root Regions 182.583ms
[4106.172s][info][gc,marking     ] GC(1087) Concurrent Mark
[4106.172s][info][gc,marking     ] GC(1087) Concurrent Mark From Roots
[4106.173s][info][gc,task        ] GC(1087) Using 2 workers of 2 for marking
.[4107.165s][info][gc,marking     ] GC(1087) Concurrent Mark From Roots 992.112ms
[4107.165s][info][gc,marking     ] GC(1087) Concurrent Preclean
[4107.165s][info][gc,marking     ] GC(1087) Concurrent Preclean 0.123ms
[4107.170s][info][gc,start       ] GC(1087) Pause Remark
[4107.172s][info][gc             ] GC(1087) Pause Remark 2453M->2453M(4096M) 2.449ms
[4107.172s][info][gc,cpu         ] GC(1087) User=0.02s Sys=0.00s Real=0.01s
[4107.172s][info][gc,marking     ] GC(1087) Concurrent Mark 999.629ms
[4107.172s][info][gc,marking     ] GC(1087) Concurrent Rebuild Remembered Sets and Scrub Regions
[4107.560s][info][gc,marking     ] GC(1087) Concurrent Rebuild Remembered Sets and Scrub Regions 387.681ms
[4107.560s][info][gc,start       ] GC(1087) Pause Cleanup
[4107.560s][info][gc             ] GC(1087) Pause Cleanup 2822M->2822M(4096M) 0.116ms
[4107.560s][info][gc,cpu         ] GC(1087) User=0.00s Sys=0.00s Real=0.00s
[4107.560s][info][gc,marking     ] GC(1087) Concurrent Clear Claimed Marks
[4107.560s][info][gc,marking     ] GC(1087) Concurrent Clear Claimed Marks 0.025ms
[4107.560s][info][gc,marking     ] GC(1087) Concurrent Cleanup for Next Mark
[4107.566s][info][gc,marking     ] GC(1087) Concurrent Cleanup for Next Mark 5.584ms
[4107.566s][info][gc             ] GC(1087) Concurrent Mark Cycle 1576.028ms
.[4108.410s][info][gc,start       ] GC(1088) Pause Young (Prepare Mixed) (G1 Evacuation Pause)
[4108.410s][info][gc,task        ] GC(1088) Using 6 workers of 6 for evacuation
[4108.528s][info][gc,phases      ] GC(1088)   Pre Evacuate Collection Set: 0.31ms
[4108.528s][info][gc,phases      ] GC(1088)   Merge Heap Roots: 0.51ms
[4108.528s][info][gc,phases      ] GC(1088)   Evacuate Collection Set: 116.24ms
[4108.528s][info][gc,phases      ] GC(1088)   Post Evacuate Collection Set: 0.93ms
[4108.528s][info][gc,phases      ] GC(1088)   Other: 0.08ms
[4108.528s][info][gc,heap        ] GC(1088) Eden regions: 1120->0(1108)
[4108.528s][info][gc,heap        ] GC(1088) Survivor regions: 108->109(154)
[4108.528s][info][gc,heap        ] GC(1088) Old regions: 507->539
[4108.528s][info][gc,heap        ] GC(1088) Humongous regions: 80->80
[4108.528s][info][gc,metaspace   ] GC(1088) Metaspace: 28909K(29248K)->28909K(29248K) NonClass: 24041K(24192K)->24041K(24192K) Class: 4868K(5056K)->4868K(5056K)
[4108.528s][info][gc             ] GC(1088) Pause Young (Prepare Mixed) (G1 Evacuation Pause) 3629M->1453M(4096M) 118.207ms
[4108.529s][info][gc,cpu         ] GC(1088) User=0.70s Sys=0.00s Real=0.12s
..[4110.994s][info][gc,start       ] GC(1089) Pause Young (Mixed) (G1 Evacuation Pause)
[4110.994s][info][gc,task        ] GC(1089) Using 6 workers of 6 for evacuation
[4111.129s][info][gc,phases      ] GC(1089)   Pre Evacuate Collection Set: 0.35ms
[4111.129s][info][gc,phases      ] GC(1089)   Merge Heap Roots: 0.81ms
[4111.129s][info][gc,phases      ] GC(1089)   Evacuate Collection Set: 132.59ms
[4111.129s][info][gc,phases      ] GC(1089)   Post Evacuate Collection Set: 0.93ms
[4111.129s][info][gc,phases      ] GC(1089)   Other: 0.09ms
[4111.129s][info][gc,heap        ] GC(1089) Eden regions: 1108->0(1119)
[4111.129s][info][gc,heap        ] GC(1089) Survivor regions: 109->109(153)
[4111.129s][info][gc,heap        ] GC(1089) Old regions: 539->477
[4111.129s][info][gc,heap        ] GC(1089) Humongous regions: 80->80
[4111.129s][info][gc,metaspace   ] GC(1089) Metaspace: 28909K(29248K)->28909K(29248K) NonClass: 24041K(24192K)->24041K(24192K) Class: 4868K(5056K)->4868K(5056K)
[4111.129s][info][gc             ] GC(1089) Pause Young (Mixed) (G1 Evacuation Pause) 3669M->1330M(4096M) 134.903ms
[4111.129s][info][gc,cpu         ] GC(1089) User=0.81s Sys=0.00s Real=0.13s
...[4113.523s][info][gc,start       ] GC(1090) Pause Young (Concurrent Start) (G1 Evacuation Pause)
[4113.523s][info][gc,task        ] GC(1090) Using 6 workers of 6 for evacuation
[4113.642s][info][gc,phases      ] GC(1090)   Pre Evacuate Collection Set: 0.35ms
[4113.642s][info][gc,phases      ] GC(1090)   Merge Heap Roots: 0.54ms
[4113.642s][info][gc,phases      ] GC(1090)   Evacuate Collection Set: 116.82ms
[4113.642s][info][gc,phases      ] GC(1090)   Post Evacuate Collection Set: 0.86ms
[4113.642s][info][gc,phases      ] GC(1090)   Other: 0.11ms
[4113.642s][info][gc,heap        ] GC(1090) Eden regions: 1119->0(1120)
[4113.642s][info][gc,heap        ] GC(1090) Survivor regions: 109->108(154)
[4113.642s][info][gc,heap        ] GC(1090) Old regions: 477->509
[4113.642s][info][gc,heap        ] GC(1090) Humongous regions: 80->80
[4113.642s][info][gc,metaspace   ] GC(1090) Metaspace: 28909K(29248K)->28909K(29248K) NonClass: 24041K(24192K)->24041K(24192K) Class: 4868K(5056K)->4868K(5056K)
[4113.642s][info][gc             ] GC(1090) Pause Young (Concurrent Start) (G1 Evacuation Pause) 3568M->1393M(4096M) 118.801ms
[4113.642s][info][gc             ] GC(1091) Concurrent Mark Cycle
[4113.642s][info][gc,marking     ] GC(1091) Concurrent Scan Root Regions
[4113.642s][info][gc,cpu         ] GC(1090) User=0.70s Sys=0.00s Real=0.12s
[4113.826s][info][gc,marking     ] GC(1091) Concurrent Scan Root Regions 183.413ms
[4113.826s][info][gc,marking     ] GC(1091) Concurrent Mark
[4113.826s][info][gc,marking     ] GC(1091) Concurrent Mark From Roots
[4113.826s][info][gc,task        ] GC(1091) Using 2 workers of 2 for marking
.[4114.871s][info][gc,marking     ] GC(1091) Concurrent Mark From Roots 1045.440ms
[4114.871s][info][gc,marking     ] GC(1091) Concurrent Preclean
[4114.871s][info][gc,marking     ] GC(1091) Concurrent Preclean 0.113ms
[4114.873s][info][gc,start       ] GC(1091) Pause Remark
[4114.877s][info][gc             ] GC(1091) Pause Remark 2539M->2539M(4096M) 4.075ms
[4114.877s][info][gc,cpu         ] GC(1091) User=0.02s Sys=0.00s Real=0.00s
[4114.878s][info][gc,marking     ] GC(1091) Concurrent Mark 1052.477ms
[4114.878s][info][gc,marking     ] GC(1091) Concurrent Rebuild Remembered Sets and Scrub Regions
[4115.244s][info][gc,marking     ] GC(1091) Concurrent Rebuild Remembered Sets and Scrub Regions 365.644ms
[4115.244s][info][gc,start       ] GC(1091) Pause Cleanup
[4115.244s][info][gc             ] GC(1091) Pause Cleanup 2899M->2899M(4096M) 0.112ms
[4115.244s][info][gc,cpu         ] GC(1091) User=0.00s Sys=0.00s Real=0.00s
[4115.244s][info][gc,marking     ] GC(1091) Concurrent Clear Claimed Marks
[4115.244s][info][gc,marking     ] GC(1091) Concurrent Clear Claimed Marks 0.023ms
[4115.244s][info][gc,marking     ] GC(1091) Concurrent Cleanup for Next Mark
[4115.249s][info][gc,marking     ] GC(1091) Concurrent Cleanup for Next Mark 4.744ms
[4115.249s][info][gc             ] GC(1091) Concurrent Mark Cycle 1606.812ms
.[4116.091s][info][gc,start       ] GC(1092) Pause Young (Prepare Mixed) (G1 Evacuation Pause)
[4116.091s][info][gc,task        ] GC(1092) Using 6 workers of 6 for evacuation
[4116.208s][info][gc,phases      ] GC(1092)   Pre Evacuate Collection Set: 0.34ms
[4116.208s][info][gc,phases      ] GC(1092)   Merge Heap Roots: 0.52ms
[4116.208s][info][gc,phases      ] GC(1092)   Evacuate Collection Set: 115.35ms
[4116.208s][info][gc,phases      ] GC(1092)   Post Evacuate Collection Set: 0.92ms
[4116.208s][info][gc,phases      ] GC(1092)   Other: 0.08ms
[4116.208s][info][gc,heap        ] GC(1092) Eden regions: 1120->0(1103)
[4116.208s][info][gc,heap        ] GC(1092) Survivor regions: 108->111(154)
[4116.208s][info][gc,heap        ] GC(1092) Old regions: 509->540
[4116.208s][info][gc,heap        ] GC(1092) Humongous regions: 80->80
[4116.208s][info][gc,metaspace   ] GC(1092) Metaspace: 28909K(29248K)->28909K(29248K) NonClass: 24041K(24192K)->24041K(24192K) Class: 4868K(5056K)->4868K(5056K)
[4116.208s][info][gc             ] GC(1092) Pause Young (Prepare Mixed) (G1 Evacuation Pause) 3633M->1460M(4096M) 117.341ms
[4116.208s][info][gc,cpu         ] GC(1092) User=0.69s Sys=0.00s Real=0.12s
...[4118.620s][info][gc,start       ] GC(1093) Pause Young (Mixed) (G1 Evacuation Pause)
[4118.620s][info][gc,task        ] GC(1093) Using 6 workers of 6 for evacuation
[4118.755s][info][gc,phases      ] GC(1093)   Pre Evacuate Collection Set: 0.38ms
[4118.755s][info][gc,phases      ] GC(1093)   Merge Heap Roots: 0.71ms
[4118.755s][info][gc,phases      ] GC(1093)   Evacuate Collection Set: 133.48ms
[4118.755s][info][gc,phases      ] GC(1093)   Post Evacuate Collection Set: 0.92ms
[4118.755s][info][gc,phases      ] GC(1093)   Other: 0.09ms
[4118.755s][info][gc,heap        ] GC(1093) Eden regions: 1103->0(1118)
[4118.755s][info][gc,heap        ] GC(1093) Survivor regions: 111->110(152)
[4118.755s][info][gc,heap        ] GC(1093) Old regions: 540->475
[4118.755s][info][gc,heap        ] GC(1093) Humongous regions: 80->80
[4118.755s][info][gc,metaspace   ] GC(1093) Metaspace: 28909K(29248K)->28909K(29248K) NonClass: 24041K(24192K)->24041K(24192K) Class: 4868K(5056K)->4868K(5056K)
[4118.755s][info][gc             ] GC(1093) Pause Young (Mixed) (G1 Evacuation Pause) 3666M->1328M(4096M) 135.706ms
[4118.755s][info][gc,cpu         ] GC(1093) User=0.81s Sys=0.00s Real=0.14s
..[4121.222s][info][gc,start       ] GC(1094) Pause Young (Concurrent Start) (G1 Evacuation Pause)
[4121.222s][info][gc,task        ] GC(1094) Using 6 workers of 6 for evacuation
[4121.343s][info][gc,phases      ] GC(1094)   Pre Evacuate Collection Set: 0.39ms
[4121.343s][info][gc,phases      ] GC(1094)   Merge Heap Roots: 0.46ms
[4121.343s][info][gc,phases      ] GC(1094)   Evacuate Collection Set: 119.30ms
[4121.343s][info][gc,phases      ] GC(1094)   Post Evacuate Collection Set: 0.75ms
[4121.343s][info][gc,phases      ] GC(1094)   Other: 0.11ms
[4121.343s][info][gc,heap        ] GC(1094) Eden regions: 1118->0(1115)
[4121.343s][info][gc,heap        ] GC(1094) Survivor regions: 110->113(154)
[4121.343s][info][gc,heap        ] GC(1094) Old regions: 475->507
[4121.343s][info][gc,heap        ] GC(1094) Humongous regions: 80->80
[4121.343s][info][gc,metaspace   ] GC(1094) Metaspace: 28909K(29248K)->28909K(29248K) NonClass: 24041K(24192K)->24041K(24192K) Class: 4868K(5056K)->4868K(5056K)
[4121.343s][info][gc             ] GC(1094) Pause Young (Concurrent Start) (G1 Evacuation Pause) 3564M->1397M(4096M) 121.138ms
[4121.343s][info][gc             ] GC(1095) Concurrent Mark Cycle
[4121.344s][info][gc,marking     ] GC(1095) Concurrent Scan Root Regions
[4121.344s][info][gc,cpu         ] GC(1094) User=0.72s Sys=0.00s Real=0.12s
.[4121.564s][info][gc,marking     ] GC(1095) Concurrent Scan Root Regions 220.199ms
[4121.564s][info][gc,marking     ] GC(1095) Concurrent Mark
[4121.564s][info][gc,marking     ] GC(1095) Concurrent Mark From Roots
[4121.564s][info][gc,task        ] GC(1095) Using 2 workers of 2 for marking
.[4122.574s][info][gc,marking     ] GC(1095) Concurrent Mark From Roots 1010.494ms
[4122.574s][info][gc,marking     ] GC(1095) Concurrent Preclean
[4122.574s][info][gc,marking     ] GC(1095) Concurrent Preclean 0.115ms
[4122.575s][info][gc,start       ] GC(1095) Pause Remark
[4122.579s][info][gc             ] GC(1095) Pause Remark 2498M->2498M(4096M) 3.985ms
[4122.579s][info][gc,cpu         ] GC(1095) User=0.02s Sys=0.01s Real=0.00s
[4122.579s][info][gc,marking     ] GC(1095) Concurrent Mark 1014.838ms
[4122.579s][info][gc,marking     ] GC(1095) Concurrent Rebuild Remembered Sets and Scrub Regions
[4122.978s][info][gc,marking     ] GC(1095) Concurrent Rebuild Remembered Sets and Scrub Regions 398.963ms
[4122.978s][info][gc,start       ] GC(1095) Pause Cleanup
[4122.978s][info][gc             ] GC(1095) Pause Cleanup 2895M->2895M(4096M) 0.122ms
[4122.978s][info][gc,cpu         ] GC(1095) User=0.00s Sys=0.00s Real=0.00s
[4122.979s][info][gc,marking     ] GC(1095) Concurrent Clear Claimed Marks
[4122.979s][info][gc,marking     ] GC(1095) Concurrent Clear Claimed Marks 0.032ms
[4122.979s][info][gc,marking     ] GC(1095) Concurrent Cleanup for Next Mark
[4122.989s][info][gc,marking     ] GC(1095) Concurrent Cleanup for Next Mark 10.743ms
[4122.989s][info][gc             ] GC(1095) Concurrent Mark Cycle 1645.983ms
.[4123.771s][info][gc,start       ] GC(1096) Pause Young (Prepare Mixed) (G1 Evacuation Pause)
[4123.771s][info][gc,task        ] GC(1096) Using 6 workers of 6 for evacuation
[4123.891s][info][gc,phases      ] GC(1096)   Pre Evacuate Collection Set: 0.32ms
[4123.892s][info][gc,phases      ] GC(1096)   Merge Heap Roots: 0.54ms
[4123.892s][info][gc,phases      ] GC(1096)   Evacuate Collection Set: 118.55ms
[4123.892s][info][gc,phases      ] GC(1096)   Post Evacuate Collection Set: 0.90ms
[4123.892s][info][gc,phases      ] GC(1096)   Other: 0.09ms
[4123.892s][info][gc,heap        ] GC(1096) Eden regions: 1115->0(1104)
[4123.892s][info][gc,heap        ] GC(1096) Survivor regions: 113->111(154)
[4123.892s][info][gc,heap        ] GC(1096) Old regions: 507->539
[4123.892s][info][gc,heap        ] GC(1096) Humongous regions: 80->80
[4123.892s][info][gc,metaspace   ] GC(1096) Metaspace: 28909K(29248K)->28909K(29248K) NonClass: 24041K(24192K)->24041K(24192K) Class: 4868K(5056K)->4868K(5056K)
[4123.892s][info][gc             ] GC(1096) Pause Young (Prepare Mixed) (G1 Evacuation Pause) 3627M->1458M(4096M) 120.518ms
[4123.892s][info][gc,cpu         ] GC(1096) User=0.71s Sys=0.00s Real=0.12s
..[4126.311s][info][gc,start       ] GC(1097) Pause Young (Mixed) (G1 Evacuation Pause)
[4126.312s][info][gc,task        ] GC(1097) Using 6 workers of 6 for evacuation
[4126.451s][info][gc,phases      ] GC(1097)   Pre Evacuate Collection Set: 0.35ms
[4126.451s][info][gc,phases      ] GC(1097)   Merge Heap Roots: 0.60ms
[4126.451s][info][gc,phases      ] GC(1097)   Evacuate Collection Set: 137.44ms
[4126.451s][info][gc,phases      ] GC(1097)   Post Evacuate Collection Set: 0.86ms
[4126.451s][info][gc,phases      ] GC(1097)   Other: 0.08ms
[4126.451s][info][gc,heap        ] GC(1097) Eden regions: 1104->0(1113)
[4126.451s][info][gc,heap        ] GC(1097) Survivor regions: 111->115(152)
[4126.451s][info][gc,heap        ] GC(1097) Old regions: 539->475
[4126.451s][info][gc,heap        ] GC(1097) Humongous regions: 80->80
[4126.451s][info][gc,metaspace   ] GC(1097) Metaspace: 28909K(29248K)->28909K(29248K) NonClass: 24041K(24192K)->24041K(24192K) Class: 4868K(5056K)->4868K(5056K)
[4126.451s][info][gc             ] GC(1097) Pause Young (Mixed) (G1 Evacuation Pause) 3666M->1339M(4096M) 139.483ms
[4126.451s][info][gc,cpu         ] GC(1097) User=0.83s Sys=0.00s Real=0.14s
...[4128.836s][info][gc,start       ] GC(1098) Pause Young (Concurrent Start) (G1 Evacuation Pause)
[4128.836s][info][gc,task        ] GC(1098) Using 6 workers of 6 for evacuation
[4128.952s][info][gc,phases      ] GC(1098)   Pre Evacuate Collection Set: 0.41ms
[4128.952s][info][gc,phases      ] GC(1098)   Merge Heap Roots: 0.48ms
[4128.952s][info][gc,phases      ] GC(1098)   Evacuate Collection Set: 114.22ms
[4128.952s][info][gc,phases      ] GC(1098)   Post Evacuate Collection Set: 0.89ms
[4128.953s][info][gc,phases      ] GC(1098)   Other: 0.12ms
[4128.953s][info][gc,heap        ] GC(1098) Eden regions: 1113->0(1119)
[4128.953s][info][gc,heap        ] GC(1098) Survivor regions: 115->109(154)
[4128.953s][info][gc,heap        ] GC(1098) Old regions: 475->507
[4128.953s][info][gc,heap        ] GC(1098) Humongous regions: 80->80
[4128.953s][info][gc,metaspace   ] GC(1098) Metaspace: 28909K(29248K)->28909K(29248K) NonClass: 24041K(24192K)->24041K(24192K) Class: 4868K(5056K)->4868K(5056K)
[4128.953s][info][gc             ] GC(1098) Pause Young (Concurrent Start) (G1 Evacuation Pause) 3565M->1390M(4096M) 116.249ms
[4128.953s][info][gc             ] GC(1099) Concurrent Mark Cycle
[4128.953s][info][gc,marking     ] GC(1099) Concurrent Scan Root Regions
[4128.953s][info][gc,cpu         ] GC(1098) User=0.69s Sys=0.00s Real=0.12s
[4129.125s][info][gc,marking     ] GC(1099) Concurrent Scan Root Regions 172.582ms
[4129.125s][info][gc,marking     ] GC(1099) Concurrent Mark
[4129.125s][info][gc,marking     ] GC(1099) Concurrent Mark From Roots
[4129.125s][info][gc,task        ] GC(1099) Using 2 workers of 2 for marking
.[4130.093s][info][gc,marking     ] GC(1099) Concurrent Mark From Roots 967.463ms
[4130.093s][info][gc,marking     ] GC(1099) Concurrent Preclean
[4130.093s][info][gc,marking     ] GC(1099) Concurrent Preclean 0.143ms
[4130.101s][info][gc,start       ] GC(1099) Pause Remark
[4130.105s][info][gc             ] GC(1099) Pause Remark 2414M->2414M(4096M) 3.964ms
[4130.105s][info][gc,cpu         ] GC(1099) User=0.02s Sys=0.00s Real=0.01s
[4130.105s][info][gc,marking     ] GC(1099) Concurrent Mark 979.428ms
[4130.105s][info][gc,marking     ] GC(1099) Concurrent Rebuild Remembered Sets and Scrub Regions
[4130.388s][info][gc,marking     ] GC(1099) Concurrent Rebuild Remembered Sets and Scrub Regions 283.742ms
[4130.390s][info][gc,start       ] GC(1099) Pause Cleanup
[4130.391s][info][gc             ] GC(1099) Pause Cleanup 2682M->2682M(4096M) 0.131ms
[4130.391s][info][gc,cpu         ] GC(1099) User=0.00s Sys=0.00s Real=0.00s
[4130.391s][info][gc,marking     ] GC(1099) Concurrent Clear Claimed Marks
[4130.391s][info][gc,marking     ] GC(1099) Concurrent Clear Claimed Marks 0.038ms
[4130.391s][info][gc,marking     ] GC(1099) Concurrent Cleanup for Next Mark
[4130.398s][info][gc,marking     ] GC(1099) Concurrent Cleanup for Next Mark 7.063ms
[4130.398s][info][gc             ] GC(1099) Concurrent Mark Cycle 1445.290ms
.[4131.390s][info][gc,start       ] GC(1100) Pause Young (Prepare Mixed) (G1 Evacuation Pause)
[4131.390s][info][gc,task        ] GC(1100) Using 6 workers of 6 for evacuation
[4131.508s][info][gc,phases      ] GC(1100)   Pre Evacuate Collection Set: 0.35ms
[4131.508s][info][gc,phases      ] GC(1100)   Merge Heap Roots: 0.56ms
[4131.508s][info][gc,phases      ] GC(1100)   Evacuate Collection Set: 115.93ms
[4131.508s][info][gc,phases      ] GC(1100)   Post Evacuate Collection Set: 0.89ms
[4131.508s][info][gc,phases      ] GC(1100)   Other: 0.08ms
[4131.508s][info][gc,heap        ] GC(1100) Eden regions: 1119->0(1111)
[4131.508s][info][gc,heap        ] GC(1100) Survivor regions: 109->108(154)
[4131.508s][info][gc,heap        ] GC(1100) Old regions: 507->538
[4131.508s][info][gc,heap        ] GC(1100) Humongous regions: 80->80
[4131.508s][info][gc,metaspace   ] GC(1100) Metaspace: 28909K(29248K)->28909K(29248K) NonClass: 24041K(24192K)->24041K(24192K) Class: 4868K(5056K)->4868K(5056K)
[4131.508s][info][gc             ] GC(1100) Pause Young (Prepare Mixed) (G1 Evacuation Pause) 3628M->1451M(4096M) 117.928ms
[4131.508s][info][gc,cpu         ] GC(1100) User=0.71s Sys=0.00s Real=0.12s
...[4133.884s][info][gc,start       ] GC(1101) Pause Young (Mixed) (G1 Evacuation Pause)
[4133.884s][info][gc,task        ] GC(1101) Using 6 workers of 6 for evacuation
[4134.013s][info][gc,phases      ] GC(1101)   Pre Evacuate Collection Set: 0.33ms
[4134.013s][info][gc,phases      ] GC(1101)   Merge Heap Roots: 0.62ms
[4134.013s][info][gc,phases      ] GC(1101)   Evacuate Collection Set: 127.07ms
[4134.013s][info][gc,phases      ] GC(1101)   Post Evacuate Collection Set: 0.93ms
[4134.013s][info][gc,phases      ] GC(1101)   Other: 0.09ms
[4134.013s][info][gc,heap        ] GC(1101) Eden regions: 1111->0(1120)
[4134.013s][info][gc,heap        ] GC(1101) Survivor regions: 108->108(153)
[4134.013s][info][gc,heap        ] GC(1101) Old regions: 538->476
[4134.013s][info][gc,heap        ] GC(1101) Humongous regions: 80->80
[4134.013s][info][gc,metaspace   ] GC(1101) Metaspace: 28909K(29248K)->28909K(29248K) NonClass: 24041K(24192K)->24041K(24192K) Class: 4868K(5056K)->4868K(5056K)
[4134.013s][info][gc             ] GC(1101) Pause Young (Mixed) (G1 Evacuation Pause) 3673M->1326M(4096M) 129.162ms
[4134.013s][info][gc,cpu         ] GC(1101) User=0.77s Sys=0.00s Real=0.13s
..[4136.499s][info][gc,start       ] GC(1102) Pause Young (Concurrent Start) (G1 Evacuation Pause)
[4136.499s][info][gc,task        ] GC(1102) Using 6 workers of 6 for evacuation
[4136.617s][info][gc,phases      ] GC(1102)   Pre Evacuate Collection Set: 0.35ms
[4136.617s][info][gc,phases      ] GC(1102)   Merge Heap Roots: 0.53ms
[4136.617s][info][gc,phases      ] GC(1102)   Evacuate Collection Set: 115.57ms
[4136.617s][info][gc,phases      ] GC(1102)   Post Evacuate Collection Set: 0.86ms
[4136.617s][info][gc,phases      ] GC(1102)   Other: 0.11ms
[4136.617s][info][gc,heap        ] GC(1102) Eden regions: 1120->0(1118)
[4136.617s][info][gc,heap        ] GC(1102) Survivor regions: 108->110(154)
[4136.617s][info][gc,heap        ] GC(1102) Old regions: 476->508
[4136.617s][info][gc,heap        ] GC(1102) Humongous regions: 80->80
[4136.617s][info][gc,metaspace   ] GC(1102) Metaspace: 28909K(29248K)->28909K(29248K) NonClass: 24041K(24192K)->24041K(24192K) Class: 4868K(5056K)->4868K(5056K)
[4136.617s][info][gc             ] GC(1102) Pause Young (Concurrent Start) (G1 Evacuation Pause) 3566M->1393M(4096M) 117.552ms
[4136.617s][info][gc             ] GC(1103) Concurrent Mark Cycle
[4136.617s][info][gc,marking     ] GC(1103) Concurrent Scan Root Regions
[4136.617s][info][gc,cpu         ] GC(1102) User=0.70s Sys=0.00s Real=0.12s
.[4136.749s][info][gc,marking     ] GC(1103) Concurrent Scan Root Regions 131.776ms
[4136.749s][info][gc,marking     ] GC(1103) Concurrent Mark
[4136.749s][info][gc,marking     ] GC(1103) Concurrent Mark From Roots
[4136.749s][info][gc,task        ] GC(1103) Using 2 workers of 2 for marking
[4137.336s][info][gc,marking     ] GC(1103) Concurrent Mark From Roots 587.514ms
[4137.336s][info][gc,marking     ] GC(1103) Concurrent Preclean
[4137.336s][info][gc,marking     ] GC(1103) Concurrent Preclean 0.148ms
[4137.337s][info][gc,start       ] GC(1103) Pause Remark
[4137.340s][info][gc             ] GC(1103) Pause Remark 1993M->1993M(4096M) 3.024ms
[4137.340s][info][gc,cpu         ] GC(1103) User=0.01s Sys=0.00s Real=0.00s
[4137.341s][info][gc,marking     ] GC(1103) Concurrent Mark 592.581ms
[4137.341s][info][gc,marking     ] GC(1103) Concurrent Rebuild Remembered Sets and Scrub Regions
[4137.719s][info][gc,marking     ] GC(1103) Concurrent Rebuild Remembered Sets and Scrub Regions 378.056ms
[4137.721s][info][gc,start       ] GC(1103) Pause Cleanup
[4137.721s][info][gc             ] GC(1103) Pause Cleanup 2341M->2341M(4096M) 0.136ms
[4137.721s][info][gc,cpu         ] GC(1103) User=0.01s Sys=0.00s Real=0.00s
[4137.723s][info][gc,marking     ] GC(1103) Concurrent Clear Claimed Marks
[4137.723s][info][gc,marking     ] GC(1103) Concurrent Clear Claimed Marks 0.051ms
[4137.723s][info][gc,marking     ] GC(1103) Concurrent Cleanup for Next Mark
[4137.729s][info][gc,marking     ] GC(1103) Concurrent Cleanup for Next Mark 6.257ms
[4137.729s][info][gc             ] GC(1103) Concurrent Mark Cycle 1112.375ms
..[4139.059s][info][gc,start       ] GC(1104) Pause Young (Prepare Mixed) (G1 Evacuation Pause)
[4139.060s][info][gc,task        ] GC(1104) Using 6 workers of 6 for evacuation
[4139.179s][info][gc,phases      ] GC(1104)   Pre Evacuate Collection Set: 0.37ms
[4139.179s][info][gc,phases      ] GC(1104)   Merge Heap Roots: 0.58ms
[4139.179s][info][gc,phases      ] GC(1104)   Evacuate Collection Set: 117.60ms
[4139.179s][info][gc,phases      ] GC(1104)   Post Evacuate Collection Set: 0.91ms
[4139.179s][info][gc,phases      ] GC(1104)   Other: 0.09ms
[4139.179s][info][gc,heap        ] GC(1104) Eden regions: 1118->0(1104)
[4139.179s][info][gc,heap        ] GC(1104) Survivor regions: 110->111(154)
[4139.179s][info][gc,heap        ] GC(1104) Old regions: 508->539
[4139.179s][info][gc,heap        ] GC(1104) Humongous regions: 80->80
[4139.179s][info][gc,metaspace   ] GC(1104) Metaspace: 28909K(29248K)->28909K(29248K) NonClass: 24041K(24192K)->24041K(24192K) Class: 4868K(5056K)->4868K(5056K)
[4139.179s][info][gc             ] GC(1104) Pause Young (Prepare Mixed) (G1 Evacuation Pause) 3629M->1459M(4096M) 119.699ms
[4139.179s][info][gc,cpu         ] GC(1104) User=0.71s Sys=0.00s Real=0.12s
..[4141.565s][info][gc,start       ] GC(1105) Pause Young (Mixed) (G1 Evacuation Pause)
[4141.565s][info][gc,task        ] GC(1105) Using 6 workers of 6 for evacuation
[4141.698s][info][gc,phases      ] GC(1105)   Pre Evacuate Collection Set: 0.36ms
[4141.698s][info][gc,phases      ] GC(1105)   Merge Heap Roots: 0.66ms
[4141.698s][info][gc,phases      ] GC(1105)   Evacuate Collection Set: 130.54ms
[4141.698s][info][gc,phases      ] GC(1105)   Post Evacuate Collection Set: 0.93ms
[4141.698s][info][gc,phases      ] GC(1105)   Other: 0.09ms
[4141.698s][info][gc,heap        ] GC(1105) Eden regions: 1104->0(1121)
[4141.698s][info][gc,heap        ] GC(1105) Survivor regions: 111->107(152)
[4141.698s][info][gc,heap        ] GC(1105) Old regions: 539->476
[4141.698s][info][gc,heap        ] GC(1105) Humongous regions: 80->80
[4141.698s][info][gc,metaspace   ] GC(1105) Metaspace: 28909K(29248K)->28909K(29248K) NonClass: 24041K(24192K)->24041K(24192K) Class: 4868K(5056K)->4868K(5056K)
[4141.698s][info][gc             ] GC(1105) Pause Young (Mixed) (G1 Evacuation Pause) 3667M->1324M(4096M) 132.707ms
[4141.698s][info][gc,cpu         ] GC(1105) User=0.79s Sys=0.00s Real=0.13s
...[4144.132s][info][gc,start       ] GC(1106) Pause Young (Concurrent Start) (G1 Evacuation Pause)
[4144.132s][info][gc,task        ] GC(1106) Using 6 workers of 6 for evacuation
[4144.251s][info][gc,phases      ] GC(1106)   Pre Evacuate Collection Set: 0.42ms
[4144.251s][info][gc,phases      ] GC(1106)   Merge Heap Roots: 0.47ms
[4144.251s][info][gc,phases      ] GC(1106)   Evacuate Collection Set: 116.26ms
[4144.251s][info][gc,phases      ] GC(1106)   Post Evacuate Collection Set: 0.87ms
[4144.251s][info][gc,phases      ] GC(1106)   Other: 0.13ms
[4144.251s][info][gc,heap        ] GC(1106) Eden regions: 1121->0(1118)
[4144.251s][info][gc,heap        ] GC(1106) Survivor regions: 107->110(154)
[4144.251s][info][gc,heap        ] GC(1106) Old regions: 476->508
[4144.251s][info][gc,heap        ] GC(1106) Humongous regions: 80->80
[4144.251s][info][gc,metaspace   ] GC(1106) Metaspace: 28909K(29248K)->28909K(29248K) NonClass: 24041K(24192K)->24041K(24192K) Class: 4868K(5056K)->4868K(5056K)
[4144.251s][info][gc             ] GC(1106) Pause Young (Concurrent Start) (G1 Evacuation Pause) 3566M->1394M(4096M) 118.291ms
[4144.251s][info][gc             ] GC(1107) Concurrent Mark Cycle
[4144.251s][info][gc,marking     ] GC(1107) Concurrent Scan Root Regions
[4144.251s][info][gc,cpu         ] GC(1106) User=0.70s Sys=0.00s Real=0.11s
[4144.450s][info][gc,marking     ] GC(1107) Concurrent Scan Root Regions 199.675ms
[4144.450s][info][gc,marking     ] GC(1107) Concurrent Mark
[4144.450s][info][gc,marking     ] GC(1107) Concurrent Mark From Roots
[4144.450s][info][gc,task        ] GC(1107) Using 2 workers of 2 for marking
.[4145.353s][info][gc,marking     ] GC(1107) Concurrent Mark From Roots 902.378ms
[4145.353s][info][gc,marking     ] GC(1107) Concurrent Preclean
[4145.353s][info][gc,marking     ] GC(1107) Concurrent Preclean 0.136ms
[4145.358s][info][gc,start       ] GC(1107) Pause Remark
[4145.362s][info][gc             ] GC(1107) Pause Remark 2372M->2372M(4096M) 4.465ms
[4145.363s][info][gc,cpu         ] GC(1107) User=0.02s Sys=0.00s Real=0.01s
[4145.363s][info][gc,marking     ] GC(1107) Concurrent Mark 912.168ms
[4145.363s][info][gc,marking     ] GC(1107) Concurrent Rebuild Remembered Sets and Scrub Regions
.[4145.793s][info][gc,marking     ] GC(1107) Concurrent Rebuild Remembered Sets and Scrub Regions 430.254ms
[4145.795s][info][gc,start       ] GC(1107) Pause Cleanup
[4145.795s][info][gc             ] GC(1107) Pause Cleanup 2802M->2802M(4096M) 0.136ms
[4145.795s][info][gc,cpu         ] GC(1107) User=0.00s Sys=0.00s Real=0.00s
[4145.795s][info][gc,marking     ] GC(1107) Concurrent Clear Claimed Marks
[4145.795s][info][gc,marking     ] GC(1107) Concurrent Clear Claimed Marks 0.032ms
[4145.795s][info][gc,marking     ] GC(1107) Concurrent Cleanup for Next Mark
[4145.803s][info][gc,marking     ] GC(1107) Concurrent Cleanup for Next Mark 7.623ms
[4145.803s][info][gc             ] GC(1107) Concurrent Mark Cycle 1552.333ms
[4146.700s][info][gc,start       ] GC(1108) Pause Young (Prepare Mixed) (G1 Evacuation Pause)
[4146.700s][info][gc,task        ] GC(1108) Using 6 workers of 6 for evacuation
[4146.819s][info][gc,phases      ] GC(1108)   Pre Evacuate Collection Set: 0.34ms
[4146.819s][info][gc,phases      ] GC(1108)   Merge Heap Roots: 0.48ms
[4146.819s][info][gc,phases      ] GC(1108)   Evacuate Collection Set: 116.90ms
[4146.819s][info][gc,phases      ] GC(1108)   Post Evacuate Collection Set: 0.93ms
[4146.819s][info][gc,phases      ] GC(1108)   Other: 0.08ms
[4146.819s][info][gc,heap        ] GC(1108) Eden regions: 1118->0(1102)
[4146.819s][info][gc,heap        ] GC(1108) Survivor regions: 110->112(154)
[4146.819s][info][gc,heap        ] GC(1108) Old regions: 508->539
[4146.819s][info][gc,heap        ] GC(1108) Humongous regions: 80->80
[4146.819s][info][gc,metaspace   ] GC(1108) Metaspace: 28909K(29248K)->28909K(29248K) NonClass: 24041K(24192K)->24041K(24192K) Class: 4868K(5056K)->4868K(5056K)
[4146.819s][info][gc             ] GC(1108) Pause Young (Prepare Mixed) (G1 Evacuation Pause) 3630M->1459M(4096M) 118.869ms
[4146.819s][info][gc,cpu         ] GC(1108) User=0.70s Sys=0.01s Real=0.12s
...[4149.233s][info][gc,start       ] GC(1109) Pause Young (Mixed) (G1 Evacuation Pause)
[4149.233s][info][gc,task        ] GC(1109) Using 6 workers of 6 for evacuation
[4149.372s][info][gc,phases      ] GC(1109)   Pre Evacuate Collection Set: 0.33ms
[4149.372s][info][gc,phases      ] GC(1109)   Merge Heap Roots: 0.66ms
[4149.372s][info][gc,phases      ] GC(1109)   Evacuate Collection Set: 137.33ms
[4149.372s][info][gc,phases      ] GC(1109)   Post Evacuate Collection Set: 0.86ms
[4149.372s][info][gc,phases      ] GC(1109)   Other: 0.09ms
[4149.372s][info][gc,heap        ] GC(1109) Eden regions: 1102->0(1114)
[4149.372s][info][gc,heap        ] GC(1109) Survivor regions: 112->114(152)
[4149.372s][info][gc,heap        ] GC(1109) Old regions: 539->475
[4149.372s][info][gc,heap        ] GC(1109) Humongous regions: 80->80
[4149.372s][info][gc,metaspace   ] GC(1109) Metaspace: 28909K(29248K)->28909K(29248K) NonClass: 24041K(24192K)->24041K(24192K) Class: 4868K(5056K)->4868K(5056K)
[4149.372s][info][gc             ] GC(1109) Pause Young (Mixed) (G1 Evacuation Pause) 3663M->1336M(4096M) 139.414ms
[4149.372s][info][gc,cpu         ] GC(1109) User=0.84s Sys=0.00s Real=0.14s
..[4151.827s][info][gc,start       ] GC(1110) Pause Young (Concurrent Start) (G1 Evacuation Pause)
[4151.827s][info][gc,task        ] GC(1110) Using 6 workers of 6 for evacuation
[4151.951s][info][gc,phases      ] GC(1110)   Pre Evacuate Collection Set: 0.35ms
[4151.951s][info][gc,phases      ] GC(1110)   Merge Heap Roots: 0.45ms
[4151.951s][info][gc,phases      ] GC(1110)   Evacuate Collection Set: 122.26ms
[4151.951s][info][gc,phases      ] GC(1110)   Post Evacuate Collection Set: 0.87ms
[4151.951s][info][gc,phases      ] GC(1110)   Other: 0.10ms
[4151.951s][info][gc,heap        ] GC(1110) Eden regions: 1114->0(1114)
[4151.951s][info][gc,heap        ] GC(1110) Survivor regions: 114->114(154)
[4151.951s][info][gc,heap        ] GC(1110) Old regions: 475->508
[4151.951s][info][gc,heap        ] GC(1110) Humongous regions: 80->80
[4151.951s][info][gc,metaspace   ] GC(1110) Metaspace: 28909K(29248K)->28909K(29248K) NonClass: 24041K(24192K)->24041K(24192K) Class: 4868K(5056K)->4868K(5056K)
[4151.951s][info][gc             ] GC(1110) Pause Young (Concurrent Start) (G1 Evacuation Pause) 3564M->1402M(4096M) 124.157ms
[4151.951s][info][gc             ] GC(1111) Concurrent Mark Cycle
[4151.951s][info][gc,marking     ] GC(1111) Concurrent Scan Root Regions
[4151.951s][info][gc,cpu         ] GC(1110) User=0.74s Sys=0.00s Real=0.13s
.[4152.125s][info][gc,marking     ] GC(1111) Concurrent Scan Root Regions 173.377ms
[4152.125s][info][gc,marking     ] GC(1111) Concurrent Mark
[4152.125s][info][gc,marking     ] GC(1111) Concurrent Mark From Roots
[4152.125s][info][gc,task        ] GC(1111) Using 2 workers of 2 for marking
[4152.882s][info][gc,marking     ] GC(1111) Concurrent Mark From Roots 757.221ms
[4152.882s][info][gc,marking     ] GC(1111) Concurrent Preclean
[4152.882s][info][gc,marking     ] GC(1111) Concurrent Preclean 0.122ms
[4152.884s][info][gc,start       ] GC(1111) Pause Remark
[4152.887s][info][gc             ] GC(1111) Pause Remark 2230M->2230M(4096M) 3.854ms
[4152.887s][info][gc,cpu         ] GC(1111) User=0.02s Sys=0.00s Real=0.00s
[4152.888s][info][gc,marking     ] GC(1111) Concurrent Mark 763.151ms
[4152.888s][info][gc,marking     ] GC(1111) Concurrent Rebuild Remembered Sets and Scrub Regions
.[4153.150s][info][gc,marking     ] GC(1111) Concurrent Rebuild Remembered Sets and Scrub Regions 261.863ms
[4153.150s][info][gc,start       ] GC(1111) Pause Cleanup
[4153.150s][info][gc             ] GC(1111) Pause Cleanup 2476M->2476M(4096M) 0.112ms
[4153.150s][info][gc,cpu         ] GC(1111) User=0.00s Sys=0.00s Real=0.00s
[4153.150s][info][gc,marking     ] GC(1111) Concurrent Clear Claimed Marks
[4153.150s][info][gc,marking     ] GC(1111) Concurrent Clear Claimed Marks 0.024ms
[4153.150s][info][gc,marking     ] GC(1111) Concurrent Cleanup for Next Mark
[4153.160s][info][gc,marking     ] GC(1111) Concurrent Cleanup for Next Mark 9.969ms
[4153.160s][info][gc             ] GC(1111) Concurrent Mark Cycle 1208.883ms
.[4154.354s][info][gc,start       ] GC(1112) Pause Young (Prepare Mixed) (G1 Evacuation Pause)
[4154.354s][info][gc,task        ] GC(1112) Using 6 workers of 6 for evacuation
[4154.473s][info][gc,phases      ] GC(1112)   Pre Evacuate Collection Set: 0.33ms
[4154.473s][info][gc,phases      ] GC(1112)   Merge Heap Roots: 0.47ms
[4154.473s][info][gc,phases      ] GC(1112)   Evacuate Collection Set: 117.40ms
[4154.473s][info][gc,phases      ] GC(1112)   Post Evacuate Collection Set: 0.81ms
[4154.473s][info][gc,phases      ] GC(1112)   Other: 0.09ms
[4154.473s][info][gc,heap        ] GC(1112) Eden regions: 1114->0(1104)
[4154.473s][info][gc,heap        ] GC(1112) Survivor regions: 114->111(154)
[4154.473s][info][gc,heap        ] GC(1112) Old regions: 508->539
[4154.473s][info][gc,heap        ] GC(1112) Humongous regions: 80->80
[4154.473s][info][gc,metaspace   ] GC(1112) Metaspace: 28909K(29248K)->28909K(29248K) NonClass: 24041K(24192K)->24041K(24192K) Class: 4868K(5056K)->4868K(5056K)
[4154.473s][info][gc             ] GC(1112) Pause Young (Prepare Mixed) (G1 Evacuation Pause) 3630M->1458M(4096M) 119.242ms
[4154.473s][info][gc,cpu         ] GC(1112) User=0.71s Sys=0.00s Real=0.12s
..[4156.954s][info][gc,start       ] GC(1113) Pause Young (Mixed) (G1 Evacuation Pause)
[4156.954s][info][gc,task        ] GC(1113) Using 6 workers of 6 for evacuation
[4157.087s][info][gc,phases      ] GC(1113)   Pre Evacuate Collection Set: 0.35ms
[4157.087s][info][gc,phases      ] GC(1113)   Merge Heap Roots: 0.72ms
[4157.087s][info][gc,phases      ] GC(1113)   Evacuate Collection Set: 131.24ms
[4157.087s][info][gc,phases      ] GC(1113)   Post Evacuate Collection Set: 0.93ms
[4157.087s][info][gc,phases      ] GC(1113)   Other: 0.09ms
[4157.087s][info][gc,heap        ] GC(1113) Eden regions: 1104->0(1119)
[4157.087s][info][gc,heap        ] GC(1113) Survivor regions: 111->109(152)
[4157.087s][info][gc,heap        ] GC(1113) Old regions: 539->477
[4157.087s][info][gc,heap        ] GC(1113) Humongous regions: 80->80
[4157.087s][info][gc,metaspace   ] GC(1113) Metaspace: 28909K(29248K)->28909K(29248K) NonClass: 24041K(24192K)->24041K(24192K) Class: 4868K(5056K)->4868K(5056K)
[4157.087s][info][gc             ] GC(1113) Pause Young (Mixed) (G1 Evacuation Pause) 3666M->1330M(4096M) 133.456ms
[4157.087s][info][gc,cpu         ] GC(1113) User=0.79s Sys=0.00s Real=0.13s
...[4159.486s][info][gc,start       ] GC(1114) Pause Young (Concurrent Start) (G1 Evacuation Pause)
[4159.486s][info][gc,task        ] GC(1114) Using 6 workers of 6 for evacuation
[4159.605s][info][gc,phases      ] GC(1114)   Pre Evacuate Collection Set: 0.38ms
[4159.605s][info][gc,phases      ] GC(1114)   Merge Heap Roots: 0.46ms
[4159.605s][info][gc,phases      ] GC(1114)   Evacuate Collection Set: 116.52ms
[4159.605s][info][gc,phases      ] GC(1114)   Post Evacuate Collection Set: 0.86ms
[4159.605s][info][gc,phases      ] GC(1114)   Other: 0.12ms
[4159.605s][info][gc,heap        ] GC(1114) Eden regions: 1119->0(1119)
[4159.605s][info][gc,heap        ] GC(1114) Survivor regions: 109->109(154)
[4159.605s][info][gc,heap        ] GC(1114) Old regions: 477->508
[4159.605s][info][gc,heap        ] GC(1114) Humongous regions: 80->80
[4159.605s][info][gc,metaspace   ] GC(1114) Metaspace: 28909K(29248K)->28909K(29248K) NonClass: 24041K(24192K)->24041K(24192K) Class: 4868K(5056K)->4868K(5056K)
[4159.605s][info][gc             ] GC(1114) Pause Young (Concurrent Start) (G1 Evacuation Pause) 3568M->1393M(4096M) 118.470ms
[4159.605s][info][gc             ] GC(1115) Concurrent Mark Cycle
[4159.605s][info][gc,marking     ] GC(1115) Concurrent Scan Root Regions
[4159.605s][info][gc,cpu         ] GC(1114) User=0.70s Sys=0.00s Real=0.12s
[4159.829s][info][gc,marking     ] GC(1115) Concurrent Scan Root Regions 224.542ms
[4159.829s][info][gc,marking     ] GC(1115) Concurrent Mark
[4159.829s][info][gc,marking     ] GC(1115) Concurrent Mark From Roots
[4159.829s][info][gc,task        ] GC(1115) Using 2 workers of 2 for marking
.[4160.911s][info][gc,marking     ] GC(1115) Concurrent Mark From Roots 1081.550ms
[4160.911s][info][gc,marking     ] GC(1115) Concurrent Preclean
[4160.911s][info][gc,marking     ] GC(1115) Concurrent Preclean 0.126ms
[4160.913s][info][gc,start       ] GC(1115) Pause Remark
[4160.918s][info][gc             ] GC(1115) Pause Remark 2609M->2609M(4096M) 4.737ms
[4160.918s][info][gc,cpu         ] GC(1115) User=0.03s Sys=0.00s Real=0.00s
[4160.918s][info][gc,marking     ] GC(1115) Concurrent Mark 1088.339ms
[4160.918s][info][gc,marking     ] GC(1115) Concurrent Rebuild Remembered Sets and Scrub Regions
.[4161.263s][info][gc,marking     ] GC(1115) Concurrent Rebuild Remembered Sets and Scrub Regions 345.535ms
[4161.264s][info][gc,start       ] GC(1115) Pause Cleanup
[4161.264s][info][gc             ] GC(1115) Pause Cleanup 2942M->2942M(4096M) 0.116ms
[4161.264s][info][gc,cpu         ] GC(1115) User=0.00s Sys=0.00s Real=0.00s
[4161.264s][info][gc,marking     ] GC(1115) Concurrent Clear Claimed Marks
[4161.264s][info][gc,marking     ] GC(1115) Concurrent Clear Claimed Marks 0.027ms
[4161.264s][info][gc,marking     ] GC(1115) Concurrent Cleanup for Next Mark
[4161.269s][info][gc,marking     ] GC(1115) Concurrent Cleanup for Next Mark 5.059ms
[4161.269s][info][gc             ] GC(1115) Concurrent Mark Cycle 1664.707ms
[4162.031s][info][gc,start       ] GC(1116) Pause Young (Prepare Mixed) (G1 Evacuation Pause)
[4162.031s][info][gc,task        ] GC(1116) Using 6 workers of 6 for evacuation
[4162.150s][info][gc,phases      ] GC(1116)   Pre Evacuate Collection Set: 0.31ms
[4162.150s][info][gc,phases      ] GC(1116)   Merge Heap Roots: 0.49ms
[4162.150s][info][gc,phases      ] GC(1116)   Evacuate Collection Set: 117.06ms
[4162.150s][info][gc,phases      ] GC(1116)   Post Evacuate Collection Set: 0.93ms
[4162.150s][info][gc,phases      ] GC(1116)   Other: 0.09ms
[4162.150s][info][gc,heap        ] GC(1116) Eden regions: 1119->0(1102)
[4162.150s][info][gc,heap        ] GC(1116) Survivor regions: 109->111(154)
[4162.150s][info][gc,heap        ] GC(1116) Old regions: 508->541
[4162.150s][info][gc,heap        ] GC(1116) Humongous regions: 80->80
[4162.150s][info][gc,metaspace   ] GC(1116) Metaspace: 28909K(29248K)->28909K(29248K) NonClass: 24041K(24192K)->24041K(24192K) Class: 4868K(5056K)->4868K(5056K)
[4162.150s][info][gc             ] GC(1116) Pause Young (Prepare Mixed) (G1 Evacuation Pause) 3631M->1462M(4096M) 119.012ms
[4162.150s][info][gc,cpu         ] GC(1116) User=0.71s Sys=0.00s Real=0.11s
... (rIR:aIR:PR = 7334:7327:7326) (tPR = 109186) [OK] 
  4164s: Performance info:
         Transaction,    Success,    Partial,     Failed,   Receipts, AvgBarcode, 
             Overall,     441119,          0,          0,     419040,      59.48, 
         Response times:
             Request,    Success,    Partial,     Failed,   SkipFail,     Probes,    Samples,      min,      p50,      p90,      p95,      p99,      max, 
       TotalPurchase,     419041,          0,          0,          0,     356156,     429500,      300,     6600,    67000,    92000,   137000,   322000,
     InStorePurchase,     220547,          0,          0,          0,     187040,     225217,      300,     6800,    68000,    92000,   136000,   311000,
      OnlinePurchase,     154288,          0,          0,          0,     131245,     158488,      300,     6400,    66000,    91000,   141000,   322000,
        InstPurchase,      44206,          0,          0,          0,      37871,      45795,      400,     6500,    65000,    90000,   135000,   298000,
          AssocOfCat,        443,          0,          0,          0,        373,        546,    25000,    45000,   124900,   158650,   215530,   272000,
      AssocOfProduct,       4411,          0,          0,          0,       4094,       5265,     1000,     7200,    70000,    93000,   139000,   254000,
      BusinessReport,       1103,          0,          0,          0,        930,       1252,    22000,    44000,   117000,   142000,   186410,   296000,
          CustBuyBeh,       4422,          0,          0,          0,       4078,       5086,      300,     6000,    63000,    88000,   128130,   215000,
       ProductReturn,      11723,          0,          0,          0,       9953,      12251,      200,     7100,    69000,    94000,   133480,   259000,

  4164s: (54%)   IR =   7472 [4164.616s][info][gc,start       ] GC(1117) Pause Young (Mixed) (G1 Evacuation Pause)
[4164.616s][info][gc,task        ] GC(1117) Using 6 workers of 6 for evacuation
[4164.750s][info][gc,phases      ] GC(1117)   Pre Evacuate Collection Set: 0.37ms
[4164.750s][info][gc,phases      ] GC(1117)   Merge Heap Roots: 0.74ms
[4164.750s][info][gc,phases      ] GC(1117)   Evacuate Collection Set: 131.58ms
[4164.750s][info][gc,phases      ] GC(1117)   Post Evacuate Collection Set: 0.95ms
[4164.750s][info][gc,phases      ] GC(1117)   Other: 0.10ms
[4164.750s][info][gc,heap        ] GC(1117) Eden regions: 1102->0(1120)
[4164.750s][info][gc,heap        ] GC(1117) Survivor regions: 111->108(152)
[4164.750s][info][gc,heap        ] GC(1117) Old regions: 541->476
[4164.750s][info][gc,heap        ] GC(1117) Humongous regions: 80->80
[4164.750s][info][gc,metaspace   ] GC(1117) Metaspace: 28909K(29248K)->28909K(29248K) NonClass: 24041K(24192K)->24041K(24192K) Class: 4868K(5056K)->4868K(5056K)
[4164.750s][info][gc             ] GC(1117) Pause Young (Mixed) (G1 Evacuation Pause) 3666M->1325M(4096M) 133.870ms
[4164.750s][info][gc,cpu         ] GC(1117) User=0.80s Sys=0.00s Real=0.13s
..[4167.113s][info][gc,start       ] GC(1118) Pause Young (Concurrent Start) (G1 Evacuation Pause)
[4167.113s][info][gc,task        ] GC(1118) Using 6 workers of 6 for evacuation
[4167.233s][info][gc,phases      ] GC(1118)   Pre Evacuate Collection Set: 0.36ms
[4167.233s][info][gc,phases      ] GC(1118)   Merge Heap Roots: 0.48ms
[4167.233s][info][gc,phases      ] GC(1118)   Evacuate Collection Set: 118.94ms
[4167.233s][info][gc,phases      ] GC(1118)   Post Evacuate Collection Set: 0.95ms
[4167.233s][info][gc,phases      ] GC(1118)   Other: 0.11ms
[4167.233s][info][gc,heap        ] GC(1118) Eden regions: 1120->0(1117)
[4167.233s][info][gc,heap        ] GC(1118) Survivor regions: 108->111(154)
[4167.233s][info][gc,heap        ] GC(1118) Old regions: 476->506
[4167.233s][info][gc,heap        ] GC(1118) Humongous regions: 80->80
[4167.233s][info][gc,metaspace   ] GC(1118) Metaspace: 28909K(29248K)->28909K(29248K) NonClass: 24041K(24192K)->24041K(24192K) Class: 4868K(5056K)->4868K(5056K)
[4167.234s][info][gc             ] GC(1118) Pause Young (Concurrent Start) (G1 Evacuation Pause) 3565M->1393M(4096M) 120.978ms
[4167.234s][info][gc             ] GC(1119) Concurrent Mark Cycle
[4167.234s][info][gc,marking     ] GC(1119) Concurrent Scan Root Regions
[4167.234s][info][gc,cpu         ] GC(1118) User=0.72s Sys=0.00s Real=0.12s
.[4167.428s][info][gc,marking     ] GC(1119) Concurrent Scan Root Regions 194.088ms
[4167.428s][info][gc,marking     ] GC(1119) Concurrent Mark
[4167.428s][info][gc,marking     ] GC(1119) Concurrent Mark From Roots
[4167.428s][info][gc,task        ] GC(1119) Using 2 workers of 2 for marking
[4168.378s][info][gc,marking     ] GC(1119) Concurrent Mark From Roots 950.642ms
[4168.378s][info][gc,marking     ] GC(1119) Concurrent Preclean
[4168.379s][info][gc,marking     ] GC(1119) Concurrent Preclean 0.111ms
[4168.379s][info][gc,start       ] GC(1119) Pause Remark
[4168.383s][info][gc             ] GC(1119) Pause Remark 2455M->2455M(4096M) 4.524ms
[4168.383s][info][gc,cpu         ] GC(1119) User=0.03s Sys=0.00s Real=0.01s
[4168.384s][info][gc,marking     ] GC(1119) Concurrent Mark 956.401ms
[4168.384s][info][gc,marking     ] GC(1119) Concurrent Rebuild Remembered Sets and Scrub Regions
.[4168.735s][info][gc,marking     ] GC(1119) Concurrent Rebuild Remembered Sets and Scrub Regions 350.817ms
[4168.735s][info][gc,start       ] GC(1119) Pause Cleanup
[4168.735s][info][gc             ] GC(1119) Pause Cleanup 2784M->2784M(4096M) 0.120ms
[4168.735s][info][gc,cpu         ] GC(1119) User=0.00s Sys=0.00s Real=0.00s
[4168.735s][info][gc,marking     ] GC(1119) Concurrent Clear Claimed Marks
[4168.735s][info][gc,marking     ] GC(1119) Concurrent Clear Claimed Marks 0.031ms
[4168.735s][info][gc,marking     ] GC(1119) Concurrent Cleanup for Next Mark
[4168.740s][info][gc,marking     ] GC(1119) Concurrent Cleanup for Next Mark 4.743ms
[4168.740s][info][gc             ] GC(1119) Concurrent Mark Cycle 1506.700ms
.[4169.658s][info][gc,start       ] GC(1120) Pause Young (Prepare Mixed) (G1 Evacuation Pause)
[4169.658s][info][gc,task        ] GC(1120) Using 6 workers of 6 for evacuation
[4169.774s][info][gc,phases      ] GC(1120)   Pre Evacuate Collection Set: 0.32ms
[4169.774s][info][gc,phases      ] GC(1120)   Merge Heap Roots: 0.52ms
[4169.774s][info][gc,phases      ] GC(1120)   Evacuate Collection Set: 114.49ms
[4169.774s][info][gc,phases      ] GC(1120)   Post Evacuate Collection Set: 0.92ms
[4169.774s][info][gc,phases      ] GC(1120)   Other: 0.09ms
[4169.774s][info][gc,heap        ] GC(1120) Eden regions: 1117->0(1110)
[4169.774s][info][gc,heap        ] GC(1120) Survivor regions: 111->108(154)
[4169.774s][info][gc,heap        ] GC(1120) Old regions: 506->539
[4169.774s][info][gc,heap        ] GC(1120) Humongous regions: 80->80
[4169.774s][info][gc,metaspace   ] GC(1120) Metaspace: 28909K(29248K)->28909K(29248K) NonClass: 24041K(24192K)->24041K(24192K) Class: 4868K(5056K)->4868K(5056K)
[4169.774s][info][gc             ] GC(1120) Pause Young (Prepare Mixed) (G1 Evacuation Pause) 3627M->1451M(4096M) 116.480ms
[4169.774s][info][gc,cpu         ] GC(1120) User=0.69s Sys=0.00s Real=0.12s
..|[4172.096s][info][gc,start       ] GC(1121) Pause Young (Mixed) (G1 Evacuation Pause)
[4172.096s][info][gc,task        ] GC(1121) Using 6 workers of 6 for evacuation
[4172.234s][info][gc,phases      ] GC(1121)   Pre Evacuate Collection Set: 0.36ms
[4172.234s][info][gc,phases      ] GC(1121)   Merge Heap Roots: 0.77ms
[4172.234s][info][gc,phases      ] GC(1121)   Evacuate Collection Set: 136.45ms
[4172.234s][info][gc,phases      ] GC(1121)   Post Evacuate Collection Set: 0.93ms
[4172.234s][info][gc,phases      ] GC(1121)   Other: 0.09ms
[4172.234s][info][gc,heap        ] GC(1121) Eden regions: 1110->0(1115)
[4172.234s][info][gc,heap        ] GC(1121) Survivor regions: 108->113(153)
[4172.234s][info][gc,heap        ] GC(1121) Old regions: 539->475
[4172.234s][info][gc,heap        ] GC(1121) Humongous regions: 80->80
[4172.234s][info][gc,metaspace   ] GC(1121) Metaspace: 28909K(29248K)->28909K(29248K) NonClass: 24041K(24192K)->24041K(24192K) Class: 4868K(5056K)->4868K(5056K)
[4172.234s][info][gc             ] GC(1121) Pause Young (Mixed) (G1 Evacuation Pause) 3671M->1335M(4096M) 138.725ms
[4172.234s][info][gc,cpu         ] GC(1121) User=0.82s Sys=0.00s Real=0.14s
...[4174.611s][info][gc,start       ] GC(1122) Pause Young (Concurrent Start) (G1 Evacuation Pause)
[4174.611s][info][gc,task        ] GC(1122) Using 6 workers of 6 for evacuation
[4174.727s][info][gc,phases      ] GC(1122)   Pre Evacuate Collection Set: 0.41ms
[4174.728s][info][gc,phases      ] GC(1122)   Merge Heap Roots: 0.46ms
[4174.728s][info][gc,phases      ] GC(1122)   Evacuate Collection Set: 114.75ms
[4174.728s][info][gc,phases      ] GC(1122)   Post Evacuate Collection Set: 0.87ms
[4174.728s][info][gc,phases      ] GC(1122)   Other: 0.11ms
[4174.728s][info][gc,heap        ] GC(1122) Eden regions: 1115->0(1119)
[4174.728s][info][gc,heap        ] GC(1122) Survivor regions: 113->109(154)
[4174.728s][info][gc,heap        ] GC(1122) Old regions: 475->507
[4174.728s][info][gc,heap        ] GC(1122) Humongous regions: 80->80
[4174.728s][info][gc,metaspace   ] GC(1122) Metaspace: 28909K(29248K)->28909K(29248K) NonClass: 24041K(24192K)->24041K(24192K) Class: 4868K(5056K)->4868K(5056K)
[4174.728s][info][gc             ] GC(1122) Pause Young (Concurrent Start) (G1 Evacuation Pause) 3565M->1390M(4096M) 116.743ms
[4174.728s][info][gc             ] GC(1123) Concurrent Mark Cycle
[4174.728s][info][gc,marking     ] GC(1123) Concurrent Scan Root Regions
[4174.728s][info][gc,cpu         ] GC(1122) User=0.69s Sys=0.00s Real=0.11s
[4174.912s][info][gc,marking     ] GC(1123) Concurrent Scan Root Regions 184.434ms
[4174.912s][info][gc,marking     ] GC(1123) Concurrent Mark
[4174.912s][info][gc,marking     ] GC(1123) Concurrent Mark From Roots
[4174.912s][info][gc,task        ] GC(1123) Using 2 workers of 2 for marking
.[4175.949s][info][gc,marking     ] GC(1123) Concurrent Mark From Roots 1036.971ms
[4175.949s][info][gc,marking     ] GC(1123) Concurrent Preclean
[4175.949s][info][gc,marking     ] GC(1123) Concurrent Preclean 0.109ms
[4175.949s][info][gc,start       ] GC(1123) Pause Remark
[4175.952s][info][gc             ] GC(1123) Pause Remark 2560M->2560M(4096M) 2.632ms
[4175.952s][info][gc,cpu         ] GC(1123) User=0.01s Sys=0.00s Real=0.01s
[4175.952s][info][gc,marking     ] GC(1123) Concurrent Mark 1040.042ms
[4175.952s][info][gc,marking     ] GC(1123) Concurrent Rebuild Remembered Sets and Scrub Regions
[4176.263s][info][gc,marking     ] GC(1123) Concurrent Rebuild Remembered Sets and Scrub Regions 310.679ms
[4176.263s][info][gc,start       ] GC(1123) Pause Cleanup
[4176.263s][info][gc             ] GC(1123) Pause Cleanup 2806M->2806M(4096M) 0.108ms
[4176.263s][info][gc,cpu         ] GC(1123) User=0.00s Sys=0.00s Real=0.00s
[4176.263s][info][gc,marking     ] GC(1123) Concurrent Clear Claimed Marks
[4176.263s][info][gc,marking     ] GC(1123) Concurrent Clear Claimed Marks 0.022ms
[4176.263s][info][gc,marking     ] GC(1123) Concurrent Cleanup for Next Mark
[4176.267s][info][gc,marking     ] GC(1123) Concurrent Cleanup for Next Mark 4.056ms
[4176.267s][info][gc             ] GC(1123) Concurrent Mark Cycle 1539.676ms
.[4177.194s][info][gc,start       ] GC(1124) Pause Young (Prepare Mixed) (G1 Evacuation Pause)
[4177.194s][info][gc,task        ] GC(1124) Using 6 workers of 6 for evacuation
[4177.319s][info][gc,phases      ] GC(1124)   Pre Evacuate Collection Set: 0.30ms
[4177.319s][info][gc,phases      ] GC(1124)   Merge Heap Roots: 0.50ms
[4177.319s][info][gc,phases      ] GC(1124)   Evacuate Collection Set: 122.79ms
[4177.319s][info][gc,phases      ] GC(1124)   Post Evacuate Collection Set: 0.93ms
[4177.319s][info][gc,phases      ] GC(1124)   Other: 0.09ms
[4177.319s][info][gc,heap        ] GC(1124) Eden regions: 1119->0(1093)
[4177.319s][info][gc,heap        ] GC(1124) Survivor regions: 109->117(154)
[4177.319s][info][gc,heap        ] GC(1124) Old regions: 507->538
[4177.319s][info][gc,heap        ] GC(1124) Humongous regions: 80->80
[4177.319s][info][gc,metaspace   ] GC(1124) Metaspace: 28909K(29248K)->28909K(29248K) NonClass: 24041K(24192K)->24041K(24192K) Class: 4868K(5056K)->4868K(5056K)
[4177.319s][info][gc             ] GC(1124) Pause Young (Prepare Mixed) (G1 Evacuation Pause) 3628M->1467M(4096M) 124.748ms
[4177.319s][info][gc,cpu         ] GC(1124) User=0.74s Sys=0.00s Real=0.12s
...[4179.608s][info][gc,start       ] GC(1125) Pause Young (Mixed) (G1 Evacuation Pause)
[4179.608s][info][gc,task        ] GC(1125) Using 6 workers of 6 for evacuation
[4179.752s][info][gc,phases      ] GC(1125)   Pre Evacuate Collection Set: 0.34ms
[4179.752s][info][gc,phases      ] GC(1125)   Merge Heap Roots: 0.72ms
[4179.752s][info][gc,phases      ] GC(1125)   Evacuate Collection Set: 141.49ms
[4179.752s][info][gc,phases      ] GC(1125)   Post Evacuate Collection Set: 0.94ms
[4179.752s][info][gc,phases      ] GC(1125)   Other: 0.09ms
[4179.752s][info][gc,heap        ] GC(1125) Eden regions: 1093->0(1113)
[4179.752s][info][gc,heap        ] GC(1125) Survivor regions: 117->115(152)
[4179.752s][info][gc,heap        ] GC(1125) Old regions: 538->474
[4179.752s][info][gc,heap        ] GC(1125) Humongous regions: 80->80
[4179.752s][info][gc,metaspace   ] GC(1125) Metaspace: 28909K(29248K)->28909K(29248K) NonClass: 24041K(24192K)->24041K(24192K) Class: 4868K(5056K)->4868K(5056K)
[4179.752s][info][gc             ] GC(1125) Pause Young (Mixed) (G1 Evacuation Pause) 3653M->1337M(4096M) 143.706ms
[4179.752s][info][gc,cpu         ] GC(1125) User=0.86s Sys=0.00s Real=0.15s
..[4182.150s][info][gc,start       ] GC(1126) Pause Young (Concurrent Start) (G1 Evacuation Pause)
[4182.150s][info][gc,task        ] GC(1126) Using 6 workers of 6 for evacuation
[4182.269s][info][gc,phases      ] GC(1126)   Pre Evacuate Collection Set: 0.35ms
[4182.269s][info][gc,phases      ] GC(1126)   Merge Heap Roots: 0.46ms
[4182.269s][info][gc,phases      ] GC(1126)   Evacuate Collection Set: 117.06ms
[4182.269s][info][gc,phases      ] GC(1126)   Post Evacuate Collection Set: 0.91ms
[4182.269s][info][gc,phases      ] GC(1126)   Other: 0.12ms
[4182.269s][info][gc,heap        ] GC(1126) Eden regions: 1113->0(1116)
[4182.269s][info][gc,heap        ] GC(1126) Survivor regions: 115->112(154)
[4182.269s][info][gc,heap        ] GC(1126) Old regions: 474->507
[4182.269s][info][gc,heap        ] GC(1126) Humongous regions: 80->80
[4182.269s][info][gc,metaspace   ] GC(1126) Metaspace: 28909K(29248K)->28909K(29248K) NonClass: 24041K(24192K)->24041K(24192K) Class: 4868K(5056K)->4868K(5056K)
[4182.269s][info][gc             ] GC(1126) Pause Young (Concurrent Start) (G1 Evacuation Pause) 3563M->1397M(4096M) 119.031ms
[4182.269s][info][gc             ] GC(1127) Concurrent Mark Cycle
[4182.269s][info][gc,marking     ] GC(1127) Concurrent Scan Root Regions
[4182.269s][info][gc,cpu         ] GC(1126) User=0.71s Sys=0.00s Real=0.12s
[4182.456s][info][gc,marking     ] GC(1127) Concurrent Scan Root Regions 186.677ms
[4182.456s][info][gc,marking     ] GC(1127) Concurrent Mark
[4182.456s][info][gc,marking     ] GC(1127) Concurrent Mark From Roots
[4182.456s][info][gc,task        ] GC(1127) Using 2 workers of 2 for marking
.[4183.442s][info][gc,marking     ] GC(1127) Concurrent Mark From Roots 986.070ms
[4183.442s][info][gc,marking     ] GC(1127) Concurrent Preclean
[4183.442s][info][gc,marking     ] GC(1127) Concurrent Preclean 0.131ms
[4183.443s][info][gc,start       ] GC(1127) Pause Remark
[4183.448s][info][gc             ] GC(1127) Pause Remark 2507M->2507M(4096M) 4.203ms
[4183.448s][info][gc,cpu         ] GC(1127) User=0.02s Sys=0.00s Real=0.00s
[4183.448s][info][gc,marking     ] GC(1127) Concurrent Mark 991.635ms
[4183.448s][info][gc,marking     ] GC(1127) Concurrent Rebuild Remembered Sets and Scrub Regions
.[4183.866s][info][gc,marking     ] GC(1127) Concurrent Rebuild Remembered Sets and Scrub Regions 418.092ms
[4183.866s][info][gc,start       ] GC(1127) Pause Cleanup
[4183.866s][info][gc             ] GC(1127) Pause Cleanup 2912M->2912M(4096M) 0.110ms
[4183.866s][info][gc,cpu         ] GC(1127) User=0.00s Sys=0.00s Real=0.00s
[4183.867s][info][gc,marking     ] GC(1127) Concurrent Clear Claimed Marks
[4183.867s][info][gc,marking     ] GC(1127) Concurrent Clear Claimed Marks 0.030ms
[4183.867s][info][gc,marking     ] GC(1127) Concurrent Cleanup for Next Mark
[4183.891s][info][gc,marking     ] GC(1127) Concurrent Cleanup for Next Mark 24.698ms
[4183.891s][info][gc             ] GC(1127) Concurrent Mark Cycle 1622.111ms
.[4184.641s][info][gc,start       ] GC(1128) Pause Young (Prepare Mixed) (G1 Evacuation Pause)
[4184.641s][info][gc,task        ] GC(1128) Using 6 workers of 6 for evacuation
[4184.762s][info][gc,phases      ] GC(1128)   Pre Evacuate Collection Set: 0.35ms
[4184.762s][info][gc,phases      ] GC(1128)   Merge Heap Roots: 0.53ms
[4184.762s][info][gc,phases      ] GC(1128)   Evacuate Collection Set: 118.84ms
[4184.762s][info][gc,phases      ] GC(1128)   Post Evacuate Collection Set: 0.94ms
[4184.762s][info][gc,phases      ] GC(1128)   Other: 0.09ms
[4184.762s][info][gc,heap        ] GC(1128) Eden regions: 1116->0(1103)
[4184.762s][info][gc,heap        ] GC(1128) Survivor regions: 112->112(154)
[4184.762s][info][gc,heap        ] GC(1128) Old regions: 507->538
[4184.762s][info][gc,heap        ] GC(1128) Humongous regions: 80->80
[4184.762s][info][gc,metaspace   ] GC(1128) Metaspace: 28909K(29248K)->28909K(29248K) NonClass: 24041K(24192K)->24041K(24192K) Class: 4868K(5056K)->4868K(5056K)
[4184.762s][info][gc             ] GC(1128) Pause Young (Prepare Mixed) (G1 Evacuation Pause) 3629M->1458M(4096M) 120.869ms
[4184.762s][info][gc,cpu         ] GC(1128) User=0.72s Sys=0.00s Real=0.12s
..[4187.041s][info][gc,start       ] GC(1129) Pause Young (Mixed) (G1 Evacuation Pause)
[4187.041s][info][gc,task        ] GC(1129) Using 6 workers of 6 for evacuation
[4187.182s][info][gc,phases      ] GC(1129)   Pre Evacuate Collection Set: 0.35ms
[4187.182s][info][gc,phases      ] GC(1129)   Merge Heap Roots: 0.89ms
[4187.182s][info][gc,phases      ] GC(1129)   Evacuate Collection Set: 138.62ms
[4187.182s][info][gc,phases      ] GC(1129)   Post Evacuate Collection Set: 0.96ms
[4187.182s][info][gc,phases      ] GC(1129)   Other: 0.09ms
[4187.182s][info][gc,heap        ] GC(1129) Eden regions: 1103->0(1117)
[4187.182s][info][gc,heap        ] GC(1129) Survivor regions: 112->111(152)
[4187.182s][info][gc,heap        ] GC(1129) Old regions: 538->475
[4187.182s][info][gc,heap        ] GC(1129) Humongous regions: 80->80
[4187.182s][info][gc,metaspace   ] GC(1129) Metaspace: 28909K(29248K)->28909K(29248K) NonClass: 24041K(24192K)->24041K(24192K) Class: 4868K(5056K)->4868K(5056K)
[4187.182s][info][gc             ] GC(1129) Pause Young (Mixed) (G1 Evacuation Pause) 3664M->1330M(4096M) 141.054ms
[4187.182s][info][gc,cpu         ] GC(1129) User=0.84s Sys=0.00s Real=0.14s
..[4189.518s][info][gc,start       ] GC(1130) Pause Young (Concurrent Start) (G1 Evacuation Pause)
[4189.518s][info][gc,task        ] GC(1130) Using 6 workers of 6 for evacuation
[4189.632s][info][gc,phases      ] GC(1130)   Pre Evacuate Collection Set: 0.34ms
[4189.632s][info][gc,phases      ] GC(1130)   Merge Heap Roots: 0.46ms
[4189.632s][info][gc,phases      ] GC(1130)   Evacuate Collection Set: 111.62ms
[4189.632s][info][gc,phases      ] GC(1130)   Post Evacuate Collection Set: 0.86ms
[4189.632s][info][gc,phases      ] GC(1130)   Other: 0.11ms
[4189.632s][info][gc,heap        ] GC(1130) Eden regions: 1117->0(1121)
[4189.632s][info][gc,heap        ] GC(1130) Survivor regions: 111->107(154)
[4189.632s][info][gc,heap        ] GC(1130) Old regions: 475->507
[4189.632s][info][gc,heap        ] GC(1130) Humongous regions: 80->80
[4189.632s][info][gc,metaspace   ] GC(1130) Metaspace: 28909K(29248K)->28909K(29248K) NonClass: 24041K(24192K)->24041K(24192K) Class: 4868K(5056K)->4868K(5056K)
[4189.632s][info][gc             ] GC(1130) Pause Young (Concurrent Start) (G1 Evacuation Pause) 3564M->1385M(4096M) 113.522ms
[4189.632s][info][gc             ] GC(1131) Concurrent Mark Cycle
[4189.632s][info][gc,marking     ] GC(1131) Concurrent Scan Root Regions
[4189.632s][info][gc,cpu         ] GC(1130) User=0.68s Sys=0.00s Real=0.12s
.[4189.813s][info][gc,marking     ] GC(1131) Concurrent Scan Root Regions 181.328ms
[4189.813s][info][gc,marking     ] GC(1131) Concurrent Mark
[4189.813s][info][gc,marking     ] GC(1131) Concurrent Mark From Roots
[4189.813s][info][gc,task        ] GC(1131) Using 2 workers of 2 for marking
.[4190.852s][info][gc,marking     ] GC(1131) Concurrent Mark From Roots 1038.390ms
[4190.852s][info][gc,marking     ] GC(1131) Concurrent Preclean
[4190.852s][info][gc,marking     ] GC(1131) Concurrent Preclean 0.126ms
[4190.854s][info][gc,start       ] GC(1131) Pause Remark
[4190.858s][info][gc             ] GC(1131) Pause Remark 2483M->2483M(4096M) 3.997ms
[4190.858s][info][gc,cpu         ] GC(1131) User=0.02s Sys=0.00s Real=0.00s
[4190.858s][info][gc,marking     ] GC(1131) Concurrent Mark 1044.949ms
[4190.858s][info][gc,marking     ] GC(1131) Concurrent Rebuild Remembered Sets and Scrub Regions
[4191.125s][info][gc,marking     ] GC(1131) Concurrent Rebuild Remembered Sets and Scrub Regions 266.801ms
[4191.125s][info][gc,start       ] GC(1131) Pause Cleanup
[4191.125s][info][gc             ] GC(1131) Pause Cleanup 2744M->2744M(4096M) 0.111ms
[4191.125s][info][gc,cpu         ] GC(1131) User=0.00s Sys=0.00s Real=0.00s
[4191.125s][info][gc,marking     ] GC(1131) Concurrent Clear Claimed Marks
[4191.125s][info][gc,marking     ] GC(1131) Concurrent Clear Claimed Marks 0.025ms
[4191.125s][info][gc,marking     ] GC(1131) Concurrent Cleanup for Next Mark
[4191.130s][info][gc,marking     ] GC(1131) Concurrent Cleanup for Next Mark 4.880ms
[4191.130s][info][gc             ] GC(1131) Concurrent Mark Cycle 1498.508ms
.[4192.080s][info][gc,start       ] GC(1132) Pause Young (Prepare Mixed) (G1 Evacuation Pause)
[4192.080s][info][gc,task        ] GC(1132) Using 6 workers of 6 for evacuation
[4192.202s][info][gc,phases      ] GC(1132)   Pre Evacuate Collection Set: 0.34ms
[4192.202s][info][gc,phases      ] GC(1132)   Merge Heap Roots: 0.62ms
[4192.202s][info][gc,phases      ] GC(1132)   Evacuate Collection Set: 119.78ms
[4192.202s][info][gc,phases      ] GC(1132)   Post Evacuate Collection Set: 0.92ms
[4192.202s][info][gc,phases      ] GC(1132)   Other: 0.09ms
[4192.202s][info][gc,heap        ] GC(1132) Eden regions: 1121->0(1101)
[4192.202s][info][gc,heap        ] GC(1132) Survivor regions: 107->113(154)
[4192.202s][info][gc,heap        ] GC(1132) Old regions: 507->538
[4192.202s][info][gc,heap        ] GC(1132) Humongous regions: 80->80
[4192.202s][info][gc,metaspace   ] GC(1132) Metaspace: 28909K(29248K)->28909K(29248K) NonClass: 24041K(24192K)->24041K(24192K) Class: 4868K(5056K)->4868K(5056K)
[4192.202s][info][gc             ] GC(1132) Pause Young (Prepare Mixed) (G1 Evacuation Pause) 3627M->1461M(4096M) 121.892ms
[4192.202s][info][gc,cpu         ] GC(1132) User=0.72s Sys=0.00s Real=0.13s
..[4194.524s][info][gc,start       ] GC(1133) Pause Young (Mixed) (G1 Evacuation Pause)
[4194.524s][info][gc,task        ] GC(1133) Using 6 workers of 6 for evacuation
[4194.657s][info][gc,phases      ] GC(1133)   Pre Evacuate Collection Set: 0.37ms
[4194.658s][info][gc,phases      ] GC(1133)   Merge Heap Roots: 0.71ms
[4194.658s][info][gc,phases      ] GC(1133)   Evacuate Collection Set: 131.34ms
[4194.658s][info][gc,phases      ] GC(1133)   Post Evacuate Collection Set: 0.93ms
[4194.658s][info][gc,phases      ] GC(1133)   Other: 0.09ms
[4194.658s][info][gc,heap        ] GC(1133) Eden regions: 1101->0(1120)
[4194.658s][info][gc,heap        ] GC(1133) Survivor regions: 113->108(152)
[4194.658s][info][gc,heap        ] GC(1133) Old regions: 538->476
[4194.658s][info][gc,heap        ] GC(1133) Humongous regions: 80->80
[4194.658s][info][gc,metaspace   ] GC(1133) Metaspace: 28909K(29248K)->28909K(29248K) NonClass: 24041K(24192K)->24041K(24192K) Class: 4868K(5056K)->4868K(5056K)
[4194.658s][info][gc             ] GC(1133) Pause Young (Mixed) (G1 Evacuation Pause) 3663M->1327M(4096M) 133.576ms
[4194.658s][info][gc,cpu         ] GC(1133) User=0.80s Sys=0.00s Real=0.13s
...[4197.049s][info][gc,start       ] GC(1134) Pause Young (Concurrent Start) (G1 Evacuation Pause)
[4197.049s][info][gc,task        ] GC(1134) Using 6 workers of 6 for evacuation
[4197.169s][info][gc,phases      ] GC(1134)   Pre Evacuate Collection Set: 0.37ms
[4197.169s][info][gc,phases      ] GC(1134)   Merge Heap Roots: 0.46ms
[4197.169s][info][gc,phases      ] GC(1134)   Evacuate Collection Set: 118.55ms
[4197.169s][info][gc,phases      ] GC(1134)   Post Evacuate Collection Set: 0.88ms
[4197.169s][info][gc,phases      ] GC(1134)   Other: 0.13ms
[4197.170s][info][gc,heap        ] GC(1134) Eden regions: 1120->0(1117)
[4197.170s][info][gc,heap        ] GC(1134) Survivor regions: 108->111(154)
[4197.170s][info][gc,heap        ] GC(1134) Old regions: 476->510
[4197.170s][info][gc,heap        ] GC(1134) Humongous regions: 80->80
[4197.170s][info][gc,metaspace   ] GC(1134) Metaspace: 28909K(29248K)->28909K(29248K) NonClass: 24041K(24192K)->24041K(24192K) Class: 4868K(5056K)->4868K(5056K)
[4197.170s][info][gc             ] GC(1134) Pause Young (Concurrent Start) (G1 Evacuation Pause) 3567M->1399M(4096M) 120.526ms
[4197.170s][info][gc             ] GC(1135) Concurrent Mark Cycle
[4197.170s][info][gc,marking     ] GC(1135) Concurrent Scan Root Regions
[4197.170s][info][gc,cpu         ] GC(1134) User=0.71s Sys=0.00s Real=0.12s
[4197.314s][info][gc,marking     ] GC(1135) Concurrent Scan Root Regions 144.616ms
[4197.314s][info][gc,marking     ] GC(1135) Concurrent Mark
[4197.314s][info][gc,marking     ] GC(1135) Concurrent Mark From Roots
[4197.314s][info][gc,task        ] GC(1135) Using 2 workers of 2 for marking
.[4198.025s][info][gc,marking     ] GC(1135) Concurrent Mark From Roots 711.058ms
[4198.025s][info][gc,marking     ] GC(1135) Concurrent Preclean
[4198.025s][info][gc,marking     ] GC(1135) Concurrent Preclean 0.104ms
[4198.026s][info][gc,start       ] GC(1135) Pause Remark
[4198.030s][info][gc             ] GC(1135) Pause Remark 2120M->2120M(4096M) 3.900ms
[4198.030s][info][gc,cpu         ] GC(1135) User=0.02s Sys=0.00s Real=0.00s
[4198.032s][info][gc,marking     ] GC(1135) Concurrent Mark 717.998ms
[4198.032s][info][gc,marking     ] GC(1135) Concurrent Rebuild Remembered Sets and Scrub Regions
[4198.248s][info][gc,marking     ] GC(1135) Concurrent Rebuild Remembered Sets and Scrub Regions 215.378ms
[4198.249s][info][gc,start       ] GC(1135) Pause Cleanup
[4198.249s][info][gc             ] GC(1135) Pause Cleanup 2318M->2318M(4096M) 0.122ms
[4198.249s][info][gc,cpu         ] GC(1135) User=0.00s Sys=0.00s Real=0.00s
[4198.250s][info][gc,marking     ] GC(1135) Concurrent Clear Claimed Marks
[4198.250s][info][gc,marking     ] GC(1135) Concurrent Clear Claimed Marks 0.031ms
[4198.250s][info][gc,marking     ] GC(1135) Concurrent Cleanup for Next Mark
[4198.261s][info][gc,marking     ] GC(1135) Concurrent Cleanup for Next Mark 11.532ms
[4198.261s][info][gc             ] GC(1135) Concurrent Mark Cycle 1091.560ms
.[4199.637s][info][gc,start       ] GC(1136) Pause Young (Prepare Mixed) (G1 Evacuation Pause)
[4199.637s][info][gc,task        ] GC(1136) Using 6 workers of 6 for evacuation
[4199.757s][info][gc,phases      ] GC(1136)   Pre Evacuate Collection Set: 0.34ms
[4199.757s][info][gc,phases      ] GC(1136)   Merge Heap Roots: 0.57ms
[4199.757s][info][gc,phases      ] GC(1136)   Evacuate Collection Set: 117.88ms
[4199.757s][info][gc,phases      ] GC(1136)   Post Evacuate Collection Set: 0.94ms
[4199.757s][info][gc,phases      ] GC(1136)   Other: 0.09ms
[4199.757s][info][gc,heap        ] GC(1136) Eden regions: 1117->0(1103)
[4199.757s][info][gc,heap        ] GC(1136) Survivor regions: 111->111(154)
[4199.757s][info][gc,heap        ] GC(1136) Old regions: 510->540
[4199.757s][info][gc,heap        ] GC(1136) Humongous regions: 80->80
[4199.757s][info][gc,metaspace   ] GC(1136) Metaspace: 28909K(29248K)->28909K(29248K) NonClass: 24041K(24192K)->24041K(24192K) Class: 4868K(5056K)->4868K(5056K)
[4199.757s][info][gc             ] GC(1136) Pause Young (Prepare Mixed) (G1 Evacuation Pause) 3633M->1461M(4096M) 119.960ms
[4199.757s][info][gc,cpu         ] GC(1136) User=0.72s Sys=0.00s Real=0.12s
...[4202.097s][info][gc,start       ] GC(1137) Pause Young (Mixed) (G1 Evacuation Pause)
[4202.097s][info][gc,task        ] GC(1137) Using 6 workers of 6 for evacuation
[4202.232s][info][gc,phases      ] GC(1137)   Pre Evacuate Collection Set: 0.35ms
[4202.232s][info][gc,phases      ] GC(1137)   Merge Heap Roots: 0.75ms
[4202.232s][info][gc,phases      ] GC(1137)   Evacuate Collection Set: 132.97ms
[4202.232s][info][gc,phases      ] GC(1137)   Post Evacuate Collection Set: 0.92ms
[4202.232s][info][gc,phases      ] GC(1137)   Other: 0.09ms
[4202.232s][info][gc,heap        ] GC(1137) Eden regions: 1103->0(1117)
[4202.232s][info][gc,heap        ] GC(1137) Survivor regions: 111->111(152)
[4202.232s][info][gc,heap        ] GC(1137) Old regions: 540->475
[4202.232s][info][gc,heap        ] GC(1137) Humongous regions: 80->80
[4202.232s][info][gc,metaspace   ] GC(1137) Metaspace: 28909K(29248K)->28909K(29248K) NonClass: 24041K(24192K)->24041K(24192K) Class: 4868K(5056K)->4868K(5056K)
[4202.232s][info][gc             ] GC(1137) Pause Young (Mixed) (G1 Evacuation Pause) 3667M->1330M(4096M) 135.204ms
[4202.232s][info][gc,cpu         ] GC(1137) User=0.81s Sys=0.00s Real=0.14s
..[4204.638s][info][gc,start       ] GC(1138) Pause Young (Concurrent Start) (G1 Evacuation Pause)
[4204.638s][info][gc,task        ] GC(1138) Using 6 workers of 6 for evacuation
[4204.759s][info][gc,phases      ] GC(1138)   Pre Evacuate Collection Set: 0.34ms
[4204.759s][info][gc,phases      ] GC(1138)   Merge Heap Roots: 0.50ms
[4204.759s][info][gc,phases      ] GC(1138)   Evacuate Collection Set: 119.52ms
[4204.759s][info][gc,phases      ] GC(1138)   Post Evacuate Collection Set: 0.86ms
[4204.759s][info][gc,phases      ] GC(1138)   Other: 0.11ms
[4204.759s][info][gc,heap        ] GC(1138) Eden regions: 1117->0(1116)
[4204.759s][info][gc,heap        ] GC(1138) Survivor regions: 111->112(154)
[4204.759s][info][gc,heap        ] GC(1138) Old regions: 475->508
[4204.759s][info][gc,heap        ] GC(1138) Humongous regions: 80->80
[4204.759s][info][gc,metaspace   ] GC(1138) Metaspace: 28909K(29248K)->28909K(29248K) NonClass: 24041K(24192K)->24041K(24192K) Class: 4868K(5056K)->4868K(5056K)
[4204.759s][info][gc             ] GC(1138) Pause Young (Concurrent Start) (G1 Evacuation Pause) 3564M->1399M(4096M) 121.460ms
[4204.759s][info][gc             ] GC(1139) Concurrent Mark Cycle
[4204.759s][info][gc,marking     ] GC(1139) Concurrent Scan Root Regions
[4204.759s][info][gc,cpu         ] GC(1138) User=0.72s Sys=0.00s Real=0.12s
.[4204.902s][info][gc,marking     ] GC(1139) Concurrent Scan Root Regions 142.924ms
[4204.902s][info][gc,marking     ] GC(1139) Concurrent Mark
[4204.902s][info][gc,marking     ] GC(1139) Concurrent Mark From Roots
[4204.902s][info][gc,task        ] GC(1139) Using 2 workers of 2 for marking
[4205.587s][info][gc,marking     ] GC(1139) Concurrent Mark From Roots 684.933ms
[4205.587s][info][gc,marking     ] GC(1139) Concurrent Preclean
[4205.587s][info][gc,marking     ] GC(1139) Concurrent Preclean 0.090ms
[4205.589s][info][gc,start       ] GC(1139) Pause Remark
[4205.592s][info][gc             ] GC(1139) Pause Remark 2065M->2065M(4096M) 3.440ms
[4205.592s][info][gc,cpu         ] GC(1139) User=0.02s Sys=0.00s Real=0.01s
[4205.593s][info][gc,marking     ] GC(1139) Concurrent Mark 690.398ms
[4205.593s][info][gc,marking     ] GC(1139) Concurrent Rebuild Remembered Sets and Scrub Regions
.[4205.903s][info][gc,marking     ] GC(1139) Concurrent Rebuild Remembered Sets and Scrub Regions 309.981ms
[4205.904s][info][gc,start       ] GC(1139) Pause Cleanup
[4205.904s][info][gc             ] GC(1139) Pause Cleanup 2293M->2293M(4096M) 0.119ms
[4205.904s][info][gc,cpu         ] GC(1139) User=0.00s Sys=0.00s Real=0.00s
[4205.904s][info][gc,marking     ] GC(1139) Concurrent Clear Claimed Marks
[4205.904s][info][gc,marking     ] GC(1139) Concurrent Clear Claimed Marks 0.033ms
[4205.904s][info][gc,marking     ] GC(1139) Concurrent Cleanup for Next Mark
[4205.909s][info][gc,marking     ] GC(1139) Concurrent Cleanup for Next Mark 4.867ms
[4205.909s][info][gc             ] GC(1139) Concurrent Mark Cycle 1149.615ms
.[4207.173s][info][gc,start       ] GC(1140) Pause Young (Prepare Mixed) (G1 Evacuation Pause)
[4207.173s][info][gc,task        ] GC(1140) Using 6 workers of 6 for evacuation
[4207.301s][info][gc,phases      ] GC(1140)   Pre Evacuate Collection Set: 0.34ms
[4207.301s][info][gc,phases      ] GC(1140)   Merge Heap Roots: 0.55ms
[4207.301s][info][gc,phases      ] GC(1140)   Evacuate Collection Set: 125.73ms
[4207.301s][info][gc,phases      ] GC(1140)   Post Evacuate Collection Set: 0.92ms
[4207.301s][info][gc,phases      ] GC(1140)   Other: 0.09ms
[4207.301s][info][gc,heap        ] GC(1140) Eden regions: 1116->0(1096)
[4207.301s][info][gc,heap        ] GC(1140) Survivor regions: 112->115(154)
[4207.301s][info][gc,heap        ] GC(1140) Old regions: 508->539
[4207.301s][info][gc,heap        ] GC(1140) Humongous regions: 80->80
[4207.301s][info][gc,metaspace   ] GC(1140) Metaspace: 28911K(29248K)->28911K(29248K) NonClass: 24043K(24192K)->24043K(24192K) Class: 4868K(5056K)->4868K(5056K)
[4207.301s][info][gc             ] GC(1140) Pause Young (Prepare Mixed) (G1 Evacuation Pause) 3631M->1467M(4096M) 127.772ms
[4207.301s][info][gc,cpu         ] GC(1140) User=0.76s Sys=0.00s Real=0.12s
..[4209.668s][info][gc,start       ] GC(1141) Pause Young (Mixed) (G1 Evacuation Pause)
[4209.668s][info][gc,task        ] GC(1141) Using 6 workers of 6 for evacuation
[4209.810s][info][gc,phases      ] GC(1141)   Pre Evacuate Collection Set: 0.34ms
[4209.810s][info][gc,phases      ] GC(1141)   Merge Heap Roots: 0.75ms
[4209.810s][info][gc,phases      ] GC(1141)   Evacuate Collection Set: 140.12ms
[4209.810s][info][gc,phases      ] GC(1141)   Post Evacuate Collection Set: 0.97ms
[4209.810s][info][gc,phases      ] GC(1141)   Other: 0.09ms
[4209.810s][info][gc,heap        ] GC(1141) Eden regions: 1096->0(1117)
[4209.810s][info][gc,heap        ] GC(1141) Survivor regions: 115->111(152)
[4209.810s][info][gc,heap        ] GC(1141) Old regions: 539->476
[4209.810s][info][gc,heap        ] GC(1141) Humongous regions: 80->80
[4209.810s][info][gc,metaspace   ] GC(1141) Metaspace: 28911K(29248K)->28911K(29248K) NonClass: 24043K(24192K)->24043K(24192K) Class: 4868K(5056K)->4868K(5056K)
[4209.810s][info][gc             ] GC(1141) Pause Young (Mixed) (G1 Evacuation Pause) 3659M->1333M(4096M) 142.419ms
[4209.810s][info][gc,cpu         ] GC(1141) User=0.85s Sys=0.00s Real=0.14s
...[4212.108s][info][gc,start       ] GC(1142) Pause Young (Concurrent Start) (G1 Evacuation Pause)
[4212.108s][info][gc,task        ] GC(1142) Using 6 workers of 6 for evacuation
[4212.226s][info][gc,phases      ] GC(1142)   Pre Evacuate Collection Set: 0.40ms
[4212.226s][info][gc,phases      ] GC(1142)   Merge Heap Roots: 0.48ms
[4212.226s][info][gc,phases      ] GC(1142)   Evacuate Collection Set: 116.51ms
[4212.226s][info][gc,phases      ] GC(1142)   Post Evacuate Collection Set: 0.87ms
[4212.226s][info][gc,phases      ] GC(1142)   Other: 0.12ms
[4212.226s][info][gc,heap        ] GC(1142) Eden regions: 1117->0(1119)
[4212.226s][info][gc,heap        ] GC(1142) Survivor regions: 111->109(154)
[4212.226s][info][gc,heap        ] GC(1142) Old regions: 476->509
[4212.226s][info][gc,heap        ] GC(1142) Humongous regions: 80->80
[4212.226s][info][gc,metaspace   ] GC(1142) Metaspace: 28911K(29248K)->28911K(29248K) NonClass: 24043K(24192K)->24043K(24192K) Class: 4868K(5056K)->4868K(5056K)
[4212.226s][info][gc             ] GC(1142) Pause Young (Concurrent Start) (G1 Evacuation Pause) 3567M->1394M(4096M) 118.495ms
[4212.226s][info][gc             ] GC(1143) Concurrent Mark Cycle
[4212.226s][info][gc,marking     ] GC(1143) Concurrent Scan Root Regions
[4212.226s][info][gc,cpu         ] GC(1142) User=0.70s Sys=0.01s Real=0.12s
[4212.411s][info][gc,marking     ] GC(1143) Concurrent Scan Root Regions 184.628ms
[4212.411s][info][gc,marking     ] GC(1143) Concurrent Mark
[4212.411s][info][gc,marking     ] GC(1143) Concurrent Mark From Roots
[4212.411s][info][gc,task        ] GC(1143) Using 2 workers of 2 for marking
.[4213.351s][info][gc,marking     ] GC(1143) Concurrent Mark From Roots 940.022ms
[4213.351s][info][gc,marking     ] GC(1143) Concurrent Preclean
[4213.351s][info][gc,marking     ] GC(1143) Concurrent Preclean 0.101ms
[4213.353s][info][gc,start       ] GC(1143) Pause Remark
[4213.357s][info][gc             ] GC(1143) Pause Remark 2430M->2430M(4096M) 4.643ms
[4213.357s][info][gc,cpu         ] GC(1143) User=0.02s Sys=0.00s Real=0.00s
[4213.358s][info][gc,marking     ] GC(1143) Concurrent Mark 946.936ms
[4213.358s][info][gc,marking     ] GC(1143) Concurrent Rebuild Remembered Sets and Scrub Regions
[4213.758s][info][gc,marking     ] GC(1143) Concurrent Rebuild Remembered Sets and Scrub Regions 399.949ms
[4213.758s][info][gc,start       ] GC(1143) Pause Cleanup
[4213.758s][info][gc             ] GC(1143) Pause Cleanup 2805M->2805M(4096M) 0.109ms
[4213.758s][info][gc,cpu         ] GC(1143) User=0.00s Sys=0.00s Real=0.00s
[4213.758s][info][gc,marking     ] GC(1143) Concurrent Clear Claimed Marks
[4213.758s][info][gc,marking     ] GC(1143) Concurrent Clear Claimed Marks 0.023ms
[4213.758s][info][gc,marking     ] GC(1143) Concurrent Cleanup for Next Mark
[4213.763s][info][gc,marking     ] GC(1143) Concurrent Cleanup for Next Mark 4.526ms
[4213.763s][info][gc             ] GC(1143) Concurrent Mark Cycle 1536.528ms
.[4214.671s][info][gc,start       ] GC(1144) Pause Young (Prepare Mixed) (G1 Evacuation Pause)
[4214.671s][info][gc,task        ] GC(1144) Using 6 workers of 6 for evacuation
[4214.790s][info][gc,phases      ] GC(1144)   Pre Evacuate Collection Set: 0.32ms
[4214.790s][info][gc,phases      ] GC(1144)   Merge Heap Roots: 0.61ms
[4214.790s][info][gc,phases      ] GC(1144)   Evacuate Collection Set: 116.85ms
[4214.790s][info][gc,phases      ] GC(1144)   Post Evacuate Collection Set: 0.93ms
[4214.790s][info][gc,phases      ] GC(1144)   Other: 0.09ms
[4214.790s][info][gc,heap        ] GC(1144) Eden regions: 1119->0(1108)
[4214.790s][info][gc,heap        ] GC(1144) Survivor regions: 109->109(154)
[4214.790s][info][gc,heap        ] GC(1144) Old regions: 509->539
[4214.790s][info][gc,heap        ] GC(1144) Humongous regions: 80->80
[4214.790s][info][gc,metaspace   ] GC(1144) Metaspace: 28911K(29248K)->28911K(29248K) NonClass: 24043K(24192K)->24043K(24192K) Class: 4868K(5056K)->4868K(5056K)
[4214.790s][info][gc             ] GC(1144) Pause Young (Prepare Mixed) (G1 Evacuation Pause) 3632M->1454M(4096M) 118.958ms
[4214.790s][info][gc,cpu         ] GC(1144) User=0.71s Sys=0.00s Real=0.11s
...[4217.094s][info][gc,start       ] GC(1145) Pause Young (Mixed) (G1 Evacuation Pause)
[4217.094s][info][gc,task        ] GC(1145) Using 6 workers of 6 for evacuation
[4217.231s][info][gc,phases      ] GC(1145)   Pre Evacuate Collection Set: 0.40ms
[4217.231s][info][gc,phases      ] GC(1145)   Merge Heap Roots: 0.73ms
[4217.231s][info][gc,phases      ] GC(1145)   Evacuate Collection Set: 135.29ms
[4217.231s][info][gc,phases      ] GC(1145)   Post Evacuate Collection Set: 0.95ms
[4217.231s][info][gc,phases      ] GC(1145)   Other: 0.09ms
[4217.231s][info][gc,heap        ] GC(1145) Eden regions: 1108->0(1116)
[4217.231s][info][gc,heap        ] GC(1145) Survivor regions: 109->112(153)
[4217.231s][info][gc,heap        ] GC(1145) Old regions: 539->476
[4217.231s][info][gc,heap        ] GC(1145) Humongous regions: 80->80
[4217.231s][info][gc,metaspace   ] GC(1145) Metaspace: 28911K(29248K)->28911K(29248K) NonClass: 24043K(24192K)->24043K(24192K) Class: 4868K(5056K)->4868K(5056K)
[4217.231s][info][gc             ] GC(1145) Pause Young (Mixed) (G1 Evacuation Pause) 3670M->1334M(4096M) 137.587ms
[4217.231s][info][gc,cpu         ] GC(1145) User=0.82s Sys=0.00s Real=0.14s
..[4219.641s][info][gc,start       ] GC(1146) Pause Young (Concurrent Start) (G1 Evacuation Pause)
[4219.641s][info][gc,task        ] GC(1146) Using 6 workers of 6 for evacuation
[4219.762s][info][gc,phases      ] GC(1146)   Pre Evacuate Collection Set: 0.34ms
[4219.762s][info][gc,phases      ] GC(1146)   Merge Heap Roots: 0.45ms
[4219.762s][info][gc,phases      ] GC(1146)   Evacuate Collection Set: 119.24ms
[4219.762s][info][gc,phases      ] GC(1146)   Post Evacuate Collection Set: 0.86ms
[4219.762s][info][gc,phases      ] GC(1146)   Other: 0.11ms
[4219.762s][info][gc,heap        ] GC(1146) Eden regions: 1116->0(1117)
[4219.762s][info][gc,heap        ] GC(1146) Survivor regions: 112->111(154)
[4219.762s][info][gc,heap        ] GC(1146) Old regions: 476->508
[4219.762s][info][gc,heap        ] GC(1146) Humongous regions: 80->80
[4219.762s][info][gc,metaspace   ] GC(1146) Metaspace: 28911K(29248K)->28911K(29248K) NonClass: 24043K(24192K)->24043K(24192K) Class: 4868K(5056K)->4868K(5056K)
[4219.762s][info][gc             ] GC(1146) Pause Young (Concurrent Start) (G1 Evacuation Pause) 3566M->1396M(4096M) 121.133ms
[4219.762s][info][gc             ] GC(1147) Concurrent Mark Cycle
[4219.762s][info][gc,marking     ] GC(1147) Concurrent Scan Root Regions
[4219.762s][info][gc,cpu         ] GC(1146) User=0.72s Sys=0.00s Real=0.13s
.[4219.967s][info][gc,marking     ] GC(1147) Concurrent Scan Root Regions 205.694ms
[4219.968s][info][gc,marking     ] GC(1147) Concurrent Mark
[4219.968s][info][gc,marking     ] GC(1147) Concurrent Mark From Roots
[4219.968s][info][gc,task        ] GC(1147) Using 2 workers of 2 for marking
.[4221.021s][info][gc,marking     ] GC(1147) Concurrent Mark From Roots 1053.040ms
[4221.021s][info][gc,marking     ] GC(1147) Concurrent Preclean
[4221.021s][info][gc,marking     ] GC(1147) Concurrent Preclean 0.116ms
[4221.022s][info][gc,start       ] GC(1147) Pause Remark
[4221.026s][info][gc             ] GC(1147) Pause Remark 2582M->2582M(4096M) 3.860ms
[4221.026s][info][gc,cpu         ] GC(1147) User=0.02s Sys=0.00s Real=0.00s
[4221.027s][info][gc,marking     ] GC(1147) Concurrent Mark 1059.157ms
[4221.027s][info][gc,marking     ] GC(1147) Concurrent Rebuild Remembered Sets and Scrub Regions
[4221.356s][info][gc,marking     ] GC(1147) Concurrent Rebuild Remembered Sets and Scrub Regions 328.908ms
[4221.358s][info][gc,start       ] GC(1147) Pause Cleanup
[4221.358s][info][gc             ] GC(1147) Pause Cleanup 2912M->2912M(4096M) 0.138ms
[4221.358s][info][gc,cpu         ] GC(1147) User=0.00s Sys=0.00s Real=0.00s
[4221.359s][info][gc,marking     ] GC(1147) Concurrent Clear Claimed Marks
[4221.359s][info][gc,marking     ] GC(1147) Concurrent Clear Claimed Marks 0.031ms
[4221.359s][info][gc,marking     ] GC(1147) Concurrent Cleanup for Next Mark
[4221.365s][info][gc,marking     ] GC(1147) Concurrent Cleanup for Next Mark 6.328ms
[4221.365s][info][gc             ] GC(1147) Concurrent Mark Cycle 1603.243ms
.[4222.177s][info][gc,start       ] GC(1148) Pause Young (Prepare Mixed) (G1 Evacuation Pause)
[4222.177s][info][gc,task        ] GC(1148) Using 6 workers of 6 for evacuation
[4222.302s][info][gc,phases      ] GC(1148)   Pre Evacuate Collection Set: 0.30ms
[4222.302s][info][gc,phases      ] GC(1148)   Merge Heap Roots: 0.51ms
[4222.302s][info][gc,phases      ] GC(1148)   Evacuate Collection Set: 122.80ms
[4222.302s][info][gc,phases      ] GC(1148)   Post Evacuate Collection Set: 0.92ms
[4222.302s][info][gc,phases      ] GC(1148)   Other: 0.09ms
[4222.302s][info][gc,heap        ] GC(1148) Eden regions: 1117->0(1094)
[4222.302s][info][gc,heap        ] GC(1148) Survivor regions: 111->116(154)
[4222.302s][info][gc,heap        ] GC(1148) Old regions: 508->539
[4222.302s][info][gc,heap        ] GC(1148) Humongous regions: 80->80
[4222.302s][info][gc,metaspace   ] GC(1148) Metaspace: 28911K(29248K)->28911K(29248K) NonClass: 24043K(24192K)->24043K(24192K) Class: 4868K(5056K)->4868K(5056K)
[4222.302s][info][gc             ] GC(1148) Pause Young (Prepare Mixed) (G1 Evacuation Pause) 3630M->1469M(4096M) 124.746ms
[4222.302s][info][gc,cpu         ] GC(1148) User=0.74s Sys=0.00s Real=0.13s
..[4224.601s][info][gc,start       ] GC(1149) Pause Young (Mixed) (G1 Evacuation Pause)
[4224.601s][info][gc,task        ] GC(1149) Using 6 workers of 6 for evacuation
[4224.740s][info][gc,phases      ] GC(1149)   Pre Evacuate Collection Set: 0.34ms
[4224.740s][info][gc,phases      ] GC(1149)   Merge Heap Roots: 0.71ms
[4224.740s][info][gc,phases      ] GC(1149)   Evacuate Collection Set: 137.13ms
[4224.740s][info][gc,phases      ] GC(1149)   Post Evacuate Collection Set: 0.83ms
[4224.740s][info][gc,phases      ] GC(1149)   Other: 0.09ms
[4224.740s][info][gc,heap        ] GC(1149) Eden regions: 1094->0(1115)
[4224.740s][info][gc,heap        ] GC(1149) Survivor regions: 116->113(152)
[4224.740s][info][gc,heap        ] GC(1149) Old regions: 539->476
[4224.740s][info][gc,heap        ] GC(1149) Humongous regions: 80->80
[4224.740s][info][gc,metaspace   ] GC(1149) Metaspace: 28913K(29312K)->28913K(29312K) NonClass: 24045K(24256K)->24045K(24256K) Class: 4868K(5056K)->4868K(5056K)
[4224.740s][info][gc             ] GC(1149) Pause Young (Mixed) (G1 Evacuation Pause) 3657M->1336M(4096M) 139.248ms
[4224.740s][info][gc,cpu         ] GC(1149) User=0.83s Sys=0.00s Real=0.14s
...[4227.103s][info][gc,start       ] GC(1150) Pause Young (Concurrent Start) (G1 Evacuation Pause)
[4227.103s][info][gc,task        ] GC(1150) Using 6 workers of 6 for evacuation
[4227.223s][info][gc,phases      ] GC(1150)   Pre Evacuate Collection Set: 0.36ms
[4227.223s][info][gc,phases      ] GC(1150)   Merge Heap Roots: 0.46ms
[4227.223s][info][gc,phases      ] GC(1150)   Evacuate Collection Set: 117.91ms
[4227.223s][info][gc,phases      ] GC(1150)   Post Evacuate Collection Set: 0.91ms
[4227.223s][info][gc,phases      ] GC(1150)   Other: 0.10ms
[4227.223s][info][gc,heap        ] GC(1150) Eden regions: 1115->0(1116)
[4227.223s][info][gc,heap        ] GC(1150) Survivor regions: 113->112(154)
[4227.223s][info][gc,heap        ] GC(1150) Old regions: 476->510
[4227.223s][info][gc,heap        ] GC(1150) Humongous regions: 80->80
[4227.223s][info][gc,metaspace   ] GC(1150) Metaspace: 28913K(29312K)->28913K(29312K) NonClass: 24045K(24256K)->24045K(24256K) Class: 4868K(5056K)->4868K(5056K)
[4227.223s][info][gc             ] GC(1150) Pause Young (Concurrent Start) (G1 Evacuation Pause) 3566M->1401M(4096M) 119.878ms
[4227.223s][info][gc             ] GC(1151) Concurrent Mark Cycle
[4227.223s][info][gc,marking     ] GC(1151) Concurrent Scan Root Regions
[4227.223s][info][gc,cpu         ] GC(1150) User=0.72s Sys=0.00s Real=0.12s
[4227.361s][info][gc,marking     ] GC(1151) Concurrent Scan Root Regions 137.719ms
[4227.361s][info][gc,marking     ] GC(1151) Concurrent Mark
[4227.361s][info][gc,marking     ] GC(1151) Concurrent Mark From Roots
[4227.361s][info][gc,task        ] GC(1151) Using 2 workers of 2 for marking
.[4228.280s][info][gc,marking     ] GC(1151) Concurrent Mark From Roots 918.842ms
[4228.280s][info][gc,marking     ] GC(1151) Concurrent Preclean
[4228.280s][info][gc,marking     ] GC(1151) Concurrent Preclean 0.103ms
[4228.281s][info][gc,start       ] GC(1151) Pause Remark
[4228.286s][info][gc             ] GC(1151) Pause Remark 2355M->2355M(4096M) 4.901ms
[4228.286s][info][gc,cpu         ] GC(1151) User=0.03s Sys=0.00s Real=0.01s
[4228.286s][info][gc,marking     ] GC(1151) Concurrent Mark 924.686ms
[4228.286s][info][gc,marking     ] GC(1151) Concurrent Rebuild Remembered Sets and Scrub Regions
[4228.556s][info][gc,marking     ] GC(1151) Concurrent Rebuild Remembered Sets and Scrub Regions 269.807ms
[4228.556s][info][gc,start       ] GC(1151) Pause Cleanup
[4228.556s][info][gc             ] GC(1151) Pause Cleanup 2645M->2645M(4096M) 0.111ms
[4228.556s][info][gc,cpu         ] GC(1151) User=0.00s Sys=0.00s Real=0.00s
[4228.557s][info][gc,marking     ] GC(1151) Concurrent Clear Claimed Marks
[4228.557s][info][gc,marking     ] GC(1151) Concurrent Clear Claimed Marks 0.031ms
[4228.557s][info][gc,marking     ] GC(1151) Concurrent Cleanup for Next Mark
[4228.562s][info][gc,marking     ] GC(1151) Concurrent Cleanup for Next Mark 4.741ms
[4228.562s][info][gc             ] GC(1151) Concurrent Mark Cycle 1338.498ms
.[4229.658s][info][gc,start       ] GC(1152) Pause Young (Prepare Mixed) (G1 Evacuation Pause)
[4229.658s][info][gc,task        ] GC(1152) Using 6 workers of 6 for evacuation
[4229.781s][info][gc,phases      ] GC(1152)   Pre Evacuate Collection Set: 0.31ms
[4229.781s][info][gc,phases      ] GC(1152)   Merge Heap Roots: 0.51ms
[4229.781s][info][gc,phases      ] GC(1152)   Evacuate Collection Set: 120.67ms
[4229.781s][info][gc,phases      ] GC(1152)   Post Evacuate Collection Set: 0.97ms
[4229.781s][info][gc,phases      ] GC(1152)   Other: 0.09ms
[4229.781s][info][gc,heap        ] GC(1152) Eden regions: 1116->0(1096)
[4229.781s][info][gc,heap        ] GC(1152) Survivor regions: 112->114(154)
[4229.781s][info][gc,heap        ] GC(1152) Old regions: 510->541
[4229.781s][info][gc,heap        ] GC(1152) Humongous regions: 80->80
[4229.781s][info][gc,metaspace   ] GC(1152) Metaspace: 28913K(29312K)->28913K(29312K) NonClass: 24045K(24256K)->24045K(24256K) Class: 4868K(5056K)->4868K(5056K)
[4229.781s][info][gc             ] GC(1152) Pause Young (Prepare Mixed) (G1 Evacuation Pause) 3633M->1468M(4096M) 122.673ms
[4229.781s][info][gc,cpu         ] GC(1152) User=0.73s Sys=0.00s Real=0.12s
...[4232.070s][info][gc,start       ] GC(1153) Pause Young (Mixed) (G1 Evacuation Pause)
[4232.070s][info][gc,task        ] GC(1153) Using 6 workers of 6 for evacuation
[4232.206s][info][gc,phases      ] GC(1153)   Pre Evacuate Collection Set: 0.37ms
[4232.206s][info][gc,phases      ] GC(1153)   Merge Heap Roots: 0.65ms
[4232.206s][info][gc,phases      ] GC(1153)   Evacuate Collection Set: 134.12ms
[4232.206s][info][gc,phases      ] GC(1153)   Post Evacuate Collection Set: 0.90ms
[4232.206s][info][gc,phases      ] GC(1153)   Other: 0.09ms
[4232.206s][info][gc,heap        ] GC(1153) Eden regions: 1096->0(1118)
[4232.206s][info][gc,heap        ] GC(1153) Survivor regions: 114->110(152)
[4232.206s][info][gc,heap        ] GC(1153) Old regions: 541->477
[4232.206s][info][gc,heap        ] GC(1153) Humongous regions: 80->80
[4232.206s][info][gc,metaspace   ] GC(1153) Metaspace: 28913K(29312K)->28913K(29312K) NonClass: 24045K(24256K)->24045K(24256K) Class: 4868K(5056K)->4868K(5056K)
[4232.206s][info][gc             ] GC(1153) Pause Young (Mixed) (G1 Evacuation Pause) 3660M->1333M(4096M) 136.258ms
[4232.206s][info][gc,cpu         ] GC(1153) User=0.82s Sys=0.00s Real=0.14s
 (rIR:aIR:PR = 7472:7470:7470) (tPR = 110331) [OK] 
  4232s: Performance info:
         Transaction,    Success,    Partial,     Failed,   Receipts, AvgBarcode, 
             Overall,     452615,          0,          0,     429971,      59.48, 
         Response times:
             Request,    Success,    Partial,     Failed,   SkipFail,     Probes,    Samples,      min,      p50,      p90,      p95,      p99,      max, 
       TotalPurchase,     429976,          0,          0,          0,     356713,     407978,      200,     6500,    52000,    85000,   145000,   427000,
     InStorePurchase,     226206,          0,          0,          0,     187388,     214320,      300,     6400,    52000,    85000,   144000,   424000,
      OnlinePurchase,     158726,          0,          0,          0,     131665,     150480,      200,     6600,    53000,    87000,   146000,   427000,
        InstPurchase,      45044,          0,          0,          0,      37660,      43178,      400,     6800,    53000,    85000,   144000,   340000,
          AssocOfCat,        453,          0,          0,          0,        352,        473,    23000,    45000,   102600,   153900,   199560,   268000,
      AssocOfProduct,       4536,          0,          0,          0,       4202,       4910,      500,     7100,    55000,    89450,   143000,   247000,
      BusinessReport,       1133,          0,          0,          0,        986,       1247,    28000,    50000,   130000,   166000,   235040,   311000,
          CustBuyBeh,       4526,          0,          0,          0,       4207,       4929,      200,     4700,    48000,    80000,   133000,   272000,
       ProductReturn,      11997,          0,          0,          0,      10245,      11804,      200,     6500,    53000,    85000,   144000,   272000,

  4232s: (55%)   IR =   7610 ..[4234.658s][info][gc,start       ] GC(1154) Pause Young (Concurrent Start) (G1 Evacuation Pause)
[4234.658s][info][gc,task        ] GC(1154) Using 6 workers of 6 for evacuation
[4234.776s][info][gc,phases      ] GC(1154)   Pre Evacuate Collection Set: 0.35ms
[4234.776s][info][gc,phases      ] GC(1154)   Merge Heap Roots: 0.48ms
[4234.776s][info][gc,phases      ] GC(1154)   Evacuate Collection Set: 115.78ms
[4234.776s][info][gc,phases      ] GC(1154)   Post Evacuate Collection Set: 0.95ms
[4234.776s][info][gc,phases      ] GC(1154)   Other: 0.11ms
[4234.776s][info][gc,heap        ] GC(1154) Eden regions: 1118->0(1119)
[4234.776s][info][gc,heap        ] GC(1154) Survivor regions: 110->109(154)
[4234.776s][info][gc,heap        ] GC(1154) Old regions: 477->510
[4234.776s][info][gc,heap        ] GC(1154) Humongous regions: 80->80
[4234.776s][info][gc,metaspace   ] GC(1154) Metaspace: 28913K(29312K)->28913K(29312K) NonClass: 24045K(24256K)->24045K(24256K) Class: 4868K(5056K)->4868K(5056K)
[4234.776s][info][gc             ] GC(1154) Pause Young (Concurrent Start) (G1 Evacuation Pause) 3569M->1395M(4096M) 117.801ms
[4234.776s][info][gc             ] GC(1155) Concurrent Mark Cycle
[4234.776s][info][gc,marking     ] GC(1155) Concurrent Scan Root Regions
[4234.776s][info][gc,cpu         ] GC(1154) User=0.70s Sys=0.00s Real=0.12s
[4234.915s][info][gc,marking     ] GC(1155) Concurrent Scan Root Regions 139.423ms
[4234.915s][info][gc,marking     ] GC(1155) Concurrent Mark
[4234.915s][info][gc,marking     ] GC(1155) Concurrent Mark From Roots
[4234.915s][info][gc,task        ] GC(1155) Using 2 workers of 2 for marking
.[4235.706s][info][gc,marking     ] GC(1155) Concurrent Mark From Roots 790.748ms
[4235.706s][info][gc,marking     ] GC(1155) Concurrent Preclean
[4235.706s][info][gc,marking     ] GC(1155) Concurrent Preclean 0.147ms
[4235.707s][info][gc,start       ] GC(1155) Pause Remark
[4235.711s][info][gc             ] GC(1155) Pause Remark 2197M->2197M(4096M) 3.799ms
[4235.711s][info][gc,cpu         ] GC(1155) User=0.02s Sys=0.00s Real=0.01s
[4235.712s][info][gc,marking     ] GC(1155) Concurrent Mark 796.296ms
[4235.712s][info][gc,marking     ] GC(1155) Concurrent Rebuild Remembered Sets and Scrub Regions
[4235.991s][info][gc,marking     ] GC(1155) Concurrent Rebuild Remembered Sets and Scrub Regions 278.775ms
[4235.992s][info][gc,start       ] GC(1155) Pause Cleanup
[4235.992s][info][gc             ] GC(1155) Pause Cleanup 2501M->2501M(4096M) 0.132ms
[4235.992s][info][gc,cpu         ] GC(1155) User=0.00s Sys=0.00s Real=0.00s
[4235.994s][info][gc,marking     ] GC(1155) Concurrent Clear Claimed Marks
[4235.994s][info][gc,marking     ] GC(1155) Concurrent Clear Claimed Marks 0.034ms
[4235.994s][info][gc,marking     ] GC(1155) Concurrent Cleanup for Next Mark
[4235.999s][info][gc,marking     ] GC(1155) Concurrent Cleanup for Next Mark 5.538ms
[4235.999s][info][gc             ] GC(1155) Concurrent Mark Cycle 1223.369ms
.[4237.102s][info][gc,start       ] GC(1156) Pause Young (Prepare Mixed) (G1 Evacuation Pause)
[4237.102s][info][gc,task        ] GC(1156) Using 6 workers of 6 for evacuation
[4237.220s][info][gc,phases      ] GC(1156)   Pre Evacuate Collection Set: 0.32ms
[4237.220s][info][gc,phases      ] GC(1156)   Merge Heap Roots: 0.52ms
[4237.220s][info][gc,phases      ] GC(1156)   Evacuate Collection Set: 115.87ms
[4237.220s][info][gc,phases      ] GC(1156)   Post Evacuate Collection Set: 0.91ms
[4237.220s][info][gc,phases      ] GC(1156)   Other: 0.09ms
[4237.220s][info][gc,heap        ] GC(1156) Eden regions: 1119->0(1104)
[4237.220s][info][gc,heap        ] GC(1156) Survivor regions: 109->110(154)
[4237.220s][info][gc,heap        ] GC(1156) Old regions: 510->541
[4237.220s][info][gc,heap        ] GC(1156) Humongous regions: 80->80
[4237.220s][info][gc,metaspace   ] GC(1156) Metaspace: 28913K(29312K)->28913K(29312K) NonClass: 24045K(24256K)->24045K(24256K) Class: 4868K(5056K)->4868K(5056K)
[4237.220s][info][gc             ] GC(1156) Pause Young (Prepare Mixed) (G1 Evacuation Pause) 3633M->1460M(4096M) 117.845ms
[4237.220s][info][gc,cpu         ] GC(1156) User=0.70s Sys=0.00s Real=0.11s
...[4239.578s][info][gc,start       ] GC(1157) Pause Young (Mixed) (G1 Evacuation Pause)
[4239.578s][info][gc,task        ] GC(1157) Using 6 workers of 6 for evacuation
[4239.711s][info][gc,phases      ] GC(1157)   Pre Evacuate Collection Set: 0.35ms
[4239.711s][info][gc,phases      ] GC(1157)   Merge Heap Roots: 0.67ms
[4239.711s][info][gc,phases      ] GC(1157)   Evacuate Collection Set: 131.01ms
[4239.711s][info][gc,phases      ] GC(1157)   Post Evacuate Collection Set: 0.93ms
[4239.711s][info][gc,phases      ] GC(1157)   Other: 0.09ms
[4239.711s][info][gc,heap        ] GC(1157) Eden regions: 1104->0(1119)
[4239.711s][info][gc,heap        ] GC(1157) Survivor regions: 110->109(152)
[4239.711s][info][gc,heap        ] GC(1157) Old regions: 541->476
[4239.711s][info][gc,heap        ] GC(1157) Humongous regions: 80->80
[4239.711s][info][gc,metaspace   ] GC(1157) Metaspace: 28913K(29312K)->28913K(29312K) NonClass: 24045K(24256K)->24045K(24256K) Class: 4868K(5056K)->4868K(5056K)
[4239.711s][info][gc             ] GC(1157) Pause Young (Mixed) (G1 Evacuation Pause) 3668M->1327M(4096M) 133.180ms
[4239.711s][info][gc,cpu         ] GC(1157) User=0.79s Sys=0.00s Real=0.14s
.|.[4241.920s][info][gc,start       ] GC(1158) Pause Young (Concurrent Start) (G1 Evacuation Pause)
[4241.920s][info][gc,task        ] GC(1158) Using 6 workers of 6 for evacuation
[4242.042s][info][gc,phases      ] GC(1158)   Pre Evacuate Collection Set: 0.39ms
[4242.042s][info][gc,phases      ] GC(1158)   Merge Heap Roots: 0.46ms
[4242.042s][info][gc,phases      ] GC(1158)   Evacuate Collection Set: 120.53ms
[4242.042s][info][gc,phases      ] GC(1158)   Post Evacuate Collection Set: 0.86ms
[4242.042s][info][gc,phases      ] GC(1158)   Other: 0.13ms
[4242.042s][info][gc,heap        ] GC(1158) Eden regions: 1119->0(1117)
[4242.042s][info][gc,heap        ] GC(1158) Survivor regions: 109->111(154)
[4242.042s][info][gc,heap        ] GC(1158) Old regions: 476->508
[4242.042s][info][gc,heap        ] GC(1158) Humongous regions: 80->80
[4242.042s][info][gc,metaspace   ] GC(1158) Metaspace: 28913K(29312K)->28913K(29312K) NonClass: 24045K(24256K)->24045K(24256K) Class: 4868K(5056K)->4868K(5056K)
[4242.043s][info][gc             ] GC(1158) Pause Young (Concurrent Start) (G1 Evacuation Pause) 3565M->1395M(4096M) 122.484ms
[4242.043s][info][gc             ] GC(1159) Concurrent Mark Cycle
[4242.043s][info][gc,marking     ] GC(1159) Concurrent Scan Root Regions
[4242.043s][info][gc,cpu         ] GC(1158) User=0.73s Sys=0.00s Real=0.13s
[4242.229s][info][gc,marking     ] GC(1159) Concurrent Scan Root Regions 186.143ms
[4242.229s][info][gc,marking     ] GC(1159) Concurrent Mark
[4242.229s][info][gc,marking     ] GC(1159) Concurrent Mark From Roots
[4242.229s][info][gc,task        ] GC(1159) Using 2 workers of 2 for marking
.[4243.191s][info][gc,marking     ] GC(1159) Concurrent Mark From Roots 962.671ms
[4243.192s][info][gc,marking     ] GC(1159) Concurrent Preclean
[4243.192s][info][gc,marking     ] GC(1159) Concurrent Preclean 0.146ms
[4243.194s][info][gc,start       ] GC(1159) Pause Remark
[4243.197s][info][gc             ] GC(1159) Pause Remark 2454M->2454M(4096M) 3.381ms
[4243.197s][info][gc,cpu         ] GC(1159) User=0.01s Sys=0.00s Real=0.00s
[4243.197s][info][gc,marking     ] GC(1159) Concurrent Mark 968.435ms
[4243.197s][info][gc,marking     ] GC(1159) Concurrent Rebuild Remembered Sets and Scrub Regions
.[4243.523s][info][gc,marking     ] GC(1159) Concurrent Rebuild Remembered Sets and Scrub Regions 325.477ms
[4243.523s][info][gc,start       ] GC(1159) Pause Cleanup
[4243.523s][info][gc             ] GC(1159) Pause Cleanup 2781M->2781M(4096M) 0.124ms
[4243.523s][info][gc,cpu         ] GC(1159) User=0.00s Sys=0.00s Real=0.00s
[4243.523s][info][gc,marking     ] GC(1159) Concurrent Clear Claimed Marks
[4243.523s][info][gc,marking     ] GC(1159) Concurrent Clear Claimed Marks 0.028ms
[4243.523s][info][gc,marking     ] GC(1159) Concurrent Cleanup for Next Mark
[4243.527s][info][gc,marking     ] GC(1159) Concurrent Cleanup for Next Mark 3.343ms
[4243.527s][info][gc             ] GC(1159) Concurrent Mark Cycle 1484.121ms
[4244.426s][info][gc,start       ] GC(1160) Pause Young (Prepare Mixed) (G1 Evacuation Pause)
[4244.427s][info][gc,task        ] GC(1160) Using 6 workers of 6 for evacuation
[4244.546s][info][gc,phases      ] GC(1160)   Pre Evacuate Collection Set: 0.32ms
[4244.546s][info][gc,phases      ] GC(1160)   Merge Heap Roots: 0.49ms
[4244.546s][info][gc,phases      ] GC(1160)   Evacuate Collection Set: 117.53ms
[4244.546s][info][gc,phases      ] GC(1160)   Post Evacuate Collection Set: 0.94ms
[4244.546s][info][gc,phases      ] GC(1160)   Other: 0.09ms
[4244.546s][info][gc,heap        ] GC(1160) Eden regions: 1117->0(1103)
[4244.546s][info][gc,heap        ] GC(1160) Survivor regions: 111->111(154)
[4244.546s][info][gc,heap        ] GC(1160) Old regions: 508->540
[4244.546s][info][gc,heap        ] GC(1160) Humongous regions: 80->80
[4244.546s][info][gc,metaspace   ] GC(1160) Metaspace: 28913K(29312K)->28913K(29312K) NonClass: 24045K(24256K)->24045K(24256K) Class: 4868K(5056K)->4868K(5056K)
[4244.546s][info][gc             ] GC(1160) Pause Young (Prepare Mixed) (G1 Evacuation Pause) 3629M->1460M(4096M) 119.507ms
[4244.546s][info][gc,cpu         ] GC(1160) User=0.71s Sys=0.00s Real=0.12s
...[4246.841s][info][gc,start       ] GC(1161) Pause Young (Mixed) (G1 Evacuation Pause)
[4246.841s][info][gc,task        ] GC(1161) Using 6 workers of 6 for evacuation
[4246.978s][info][gc,phases      ] GC(1161)   Pre Evacuate Collection Set: 0.39ms
[4246.978s][info][gc,phases      ] GC(1161)   Merge Heap Roots: 0.86ms
[4246.978s][info][gc,phases      ] GC(1161)   Evacuate Collection Set: 134.04ms
[4246.978s][info][gc,phases      ] GC(1161)   Post Evacuate Collection Set: 0.94ms
[4246.978s][info][gc,phases      ] GC(1161)   Other: 0.09ms
[4246.978s][info][gc,heap        ] GC(1161) Eden regions: 1103->0(1117)
[4246.978s][info][gc,heap        ] GC(1161) Survivor regions: 111->111(152)
[4246.978s][info][gc,heap        ] GC(1161) Old regions: 540->476
[4246.978s][info][gc,heap        ] GC(1161) Humongous regions: 80->80
[4246.978s][info][gc,metaspace   ] GC(1161) Metaspace: 28913K(29312K)->28913K(29312K) NonClass: 24045K(24256K)->24045K(24256K) Class: 4868K(5056K)->4868K(5056K)
[4246.978s][info][gc             ] GC(1161) Pause Young (Mixed) (G1 Evacuation Pause) 3666M->1331M(4096M) 136.435ms
[4246.978s][info][gc,cpu         ] GC(1161) User=0.81s Sys=0.00s Real=0.13s
..[4249.319s][info][gc,start       ] GC(1162) Pause Young (Concurrent Start) (G1 Evacuation Pause)
[4249.320s][info][gc,task        ] GC(1162) Using 6 workers of 6 for evacuation
[4249.439s][info][gc,phases      ] GC(1162)   Pre Evacuate Collection Set: 0.40ms
[4249.439s][info][gc,phases      ] GC(1162)   Merge Heap Roots: 0.54ms
[4249.439s][info][gc,phases      ] GC(1162)   Evacuate Collection Set: 117.74ms
[4249.439s][info][gc,phases      ] GC(1162)   Post Evacuate Collection Set: 0.89ms
[4249.439s][info][gc,phases      ] GC(1162)   Other: 0.11ms
[4249.439s][info][gc,heap        ] GC(1162) Eden regions: 1117->0(1118)
[4249.439s][info][gc,heap        ] GC(1162) Survivor regions: 111->110(154)
[4249.439s][info][gc,heap        ] GC(1162) Old regions: 476->508
[4249.439s][info][gc,heap        ] GC(1162) Humongous regions: 80->80
[4249.439s][info][gc,metaspace   ] GC(1162) Metaspace: 28913K(29312K)->28913K(29312K) NonClass: 24045K(24256K)->24045K(24256K) Class: 4868K(5056K)->4868K(5056K)
[4249.439s][info][gc             ] GC(1162) Pause Young (Concurrent Start) (G1 Evacuation Pause) 3565M->1393M(4096M) 119.805ms
[4249.439s][info][gc             ] GC(1163) Concurrent Mark Cycle
[4249.439s][info][gc,marking     ] GC(1163) Concurrent Scan Root Regions
[4249.439s][info][gc,cpu         ] GC(1162) User=0.72s Sys=0.00s Real=0.12s
.[4249.631s][info][gc,marking     ] GC(1163) Concurrent Scan Root Regions 191.314ms
[4249.631s][info][gc,marking     ] GC(1163) Concurrent Mark
[4249.631s][info][gc,marking     ] GC(1163) Concurrent Mark From Roots
[4249.631s][info][gc,task        ] GC(1163) Using 2 workers of 2 for marking
[4250.598s][info][gc,marking     ] GC(1163) Concurrent Mark From Roots 967.537ms
[4250.598s][info][gc,marking     ] GC(1163) Concurrent Preclean
[4250.598s][info][gc,marking     ] GC(1163) Concurrent Preclean 0.132ms
[4250.599s][info][gc,start       ] GC(1163) Pause Remark
[4250.602s][info][gc             ] GC(1163) Pause Remark 2514M->2514M(4096M) 2.744ms
[4250.602s][info][gc,cpu         ] GC(1163) User=0.01s Sys=0.00s Real=0.01s
[4250.602s][info][gc,marking     ] GC(1163) Concurrent Mark 971.236ms
[4250.602s][info][gc,marking     ] GC(1163) Concurrent Rebuild Remembered Sets and Scrub Regions
.[4250.989s][info][gc,marking     ] GC(1163) Concurrent Rebuild Remembered Sets and Scrub Regions 386.896ms
[4250.989s][info][gc,start       ] GC(1163) Pause Cleanup
[4250.989s][info][gc             ] GC(1163) Pause Cleanup 2880M->2880M(4096M) 0.109ms
[4250.989s][info][gc,cpu         ] GC(1163) User=0.00s Sys=0.00s Real=0.00s
[4250.989s][info][gc,marking     ] GC(1163) Concurrent Clear Claimed Marks
[4250.989s][info][gc,marking     ] GC(1163) Concurrent Clear Claimed Marks 0.023ms
[4250.989s][info][gc,marking     ] GC(1163) Concurrent Cleanup for Next Mark
[4250.992s][info][gc,marking     ] GC(1163) Concurrent Cleanup for Next Mark 3.253ms
[4250.992s][info][gc             ] GC(1163) Concurrent Mark Cycle 1553.105ms
[4251.760s][info][gc,start       ] GC(1164) Pause Young (Prepare Mixed) (G1 Evacuation Pause)
[4251.760s][info][gc,task        ] GC(1164) Using 6 workers of 6 for evacuation
[4251.881s][info][gc,phases      ] GC(1164)   Pre Evacuate Collection Set: 0.34ms
[4251.881s][info][gc,phases      ] GC(1164)   Merge Heap Roots: 0.55ms
[4251.881s][info][gc,phases      ] GC(1164)   Evacuate Collection Set: 117.98ms
[4251.881s][info][gc,phases      ] GC(1164)   Post Evacuate Collection Set: 0.93ms
[4251.881s][info][gc,phases      ] GC(1164)   Other: 0.86ms
[4251.881s][info][gc,heap        ] GC(1164) Eden regions: 1118->0(1105)
[4251.881s][info][gc,heap        ] GC(1164) Survivor regions: 110->110(154)
[4251.881s][info][gc,heap        ] GC(1164) Old regions: 508->540
[4251.881s][info][gc,heap        ] GC(1164) Humongous regions: 80->80
[4251.881s][info][gc,metaspace   ] GC(1164) Metaspace: 28913K(29312K)->28913K(29312K) NonClass: 24045K(24256K)->24045K(24256K) Class: 4868K(5056K)->4868K(5056K)
[4251.881s][info][gc             ] GC(1164) Pause Young (Prepare Mixed) (G1 Evacuation Pause) 3629M->1458M(4096M) 120.797ms
[4251.881s][info][gc,cpu         ] GC(1164) User=0.72s Sys=0.00s Real=0.13s
...[4254.168s][info][gc,start       ] GC(1165) Pause Young (Mixed) (G1 Evacuation Pause)
[4254.168s][info][gc,task        ] GC(1165) Using 6 workers of 6 for evacuation
[4254.300s][info][gc,phases      ] GC(1165)   Pre Evacuate Collection Set: 0.35ms
[4254.300s][info][gc,phases      ] GC(1165)   Merge Heap Roots: 0.65ms
[4254.300s][info][gc,phases      ] GC(1165)   Evacuate Collection Set: 130.19ms
[4254.300s][info][gc,phases      ] GC(1165)   Post Evacuate Collection Set: 0.93ms
[4254.300s][info][gc,phases      ] GC(1165)   Other: 0.09ms
[4254.300s][info][gc,heap        ] GC(1165) Eden regions: 1105->0(1118)
[4254.300s][info][gc,heap        ] GC(1165) Survivor regions: 110->110(152)
[4254.300s][info][gc,heap        ] GC(1165) Old regions: 540->476
[4254.300s][info][gc,heap        ] GC(1165) Humongous regions: 80->80
[4254.300s][info][gc,metaspace   ] GC(1165) Metaspace: 28913K(29312K)->28913K(29312K) NonClass: 24045K(24256K)->24045K(24256K) Class: 4868K(5056K)->4868K(5056K)
[4254.300s][info][gc             ] GC(1165) Pause Young (Mixed) (G1 Evacuation Pause) 3668M->1330M(4096M) 132.341ms
[4254.300s][info][gc,cpu         ] GC(1165) User=0.79s Sys=0.00s Real=0.13s
..[4256.690s][info][gc,start       ] GC(1166) Pause Young (Concurrent Start) (G1 Evacuation Pause)
[4256.690s][info][gc,task        ] GC(1166) Using 6 workers of 6 for evacuation
[4256.805s][info][gc,phases      ] GC(1166)   Pre Evacuate Collection Set: 0.35ms
[4256.806s][info][gc,phases      ] GC(1166)   Merge Heap Roots: 0.46ms
[4256.806s][info][gc,phases      ] GC(1166)   Evacuate Collection Set: 113.80ms
[4256.806s][info][gc,phases      ] GC(1166)   Post Evacuate Collection Set: 0.90ms
[4256.806s][info][gc,phases      ] GC(1166)   Other: 0.11ms
[4256.806s][info][gc,heap        ] GC(1166) Eden regions: 1118->0(1120)
[4256.806s][info][gc,heap        ] GC(1166) Survivor regions: 110->108(154)
[4256.806s][info][gc,heap        ] GC(1166) Old regions: 476->507
[4256.806s][info][gc,heap        ] GC(1166) Humongous regions: 80->80
[4256.806s][info][gc,metaspace   ] GC(1166) Metaspace: 28913K(29312K)->28913K(29312K) NonClass: 24045K(24256K)->24045K(24256K) Class: 4868K(5056K)->4868K(5056K)
[4256.806s][info][gc             ] GC(1166) Pause Young (Concurrent Start) (G1 Evacuation Pause) 3566M->1389M(4096M) 115.769ms
[4256.806s][info][gc             ] GC(1167) Concurrent Mark Cycle
[4256.806s][info][gc,marking     ] GC(1167) Concurrent Scan Root Regions
[4256.806s][info][gc,cpu         ] GC(1166) User=0.69s Sys=0.00s Real=0.12s
.[4256.989s][info][gc,marking     ] GC(1167) Concurrent Scan Root Regions 183.288ms
[4256.989s][info][gc,marking     ] GC(1167) Concurrent Mark
[4256.989s][info][gc,marking     ] GC(1167) Concurrent Mark From Roots
[4256.989s][info][gc,task        ] GC(1167) Using 2 workers of 2 for marking
.[4258.017s][info][gc,marking     ] GC(1167) Concurrent Mark From Roots 1027.654ms
[4258.017s][info][gc,marking     ] GC(1167) Concurrent Preclean
[4258.017s][info][gc,marking     ] GC(1167) Concurrent Preclean 0.127ms
[4258.020s][info][gc,start       ] GC(1167) Pause Remark
[4258.025s][info][gc             ] GC(1167) Pause Remark 2511M->2511M(4096M) 4.597ms
[4258.025s][info][gc,cpu         ] GC(1167) User=0.02s Sys=0.00s Real=0.01s
[4258.025s][info][gc,marking     ] GC(1167) Concurrent Mark 1036.303ms
[4258.025s][info][gc,marking     ] GC(1167) Concurrent Rebuild Remembered Sets and Scrub Regions
[4258.445s][info][gc,marking     ] GC(1167) Concurrent Rebuild Remembered Sets and Scrub Regions 419.499ms
[4258.445s][info][gc,start       ] GC(1167) Pause Cleanup
[4258.445s][info][gc             ] GC(1167) Pause Cleanup 2994M->2994M(4096M) 0.107ms
[4258.445s][info][gc,cpu         ] GC(1167) User=0.00s Sys=0.00s Real=0.00s
[4258.445s][info][gc,marking     ] GC(1167) Concurrent Clear Claimed Marks
[4258.445s][info][gc,marking     ] GC(1167) Concurrent Clear Claimed Marks 0.019ms
[4258.445s][info][gc,marking     ] GC(1167) Concurrent Cleanup for Next Mark
[4258.450s][info][gc,marking     ] GC(1167) Concurrent Cleanup for Next Mark 5.353ms
[4258.450s][info][gc             ] GC(1167) Concurrent Mark Cycle 1644.863ms
.[4259.139s][info][gc,start       ] GC(1168) Pause Young (Prepare Mixed) (G1 Evacuation Pause)
[4259.139s][info][gc,task        ] GC(1168) Using 6 workers of 6 for evacuation
[4259.263s][info][gc,phases      ] GC(1168)   Pre Evacuate Collection Set: 0.35ms
[4259.263s][info][gc,phases      ] GC(1168)   Merge Heap Roots: 0.54ms
[4259.263s][info][gc,phases      ] GC(1168)   Evacuate Collection Set: 121.90ms
[4259.263s][info][gc,phases      ] GC(1168)   Post Evacuate Collection Set: 1.01ms
[4259.263s][info][gc,phases      ] GC(1168)   Other: 0.09ms
[4259.263s][info][gc,heap        ] GC(1168) Eden regions: 1120->0(1097)
[4259.263s][info][gc,heap        ] GC(1168) Survivor regions: 108->114(154)
[4259.263s][info][gc,heap        ] GC(1168) Old regions: 507->540
[4259.263s][info][gc,heap        ] GC(1168) Humongous regions: 80->80
[4259.263s][info][gc,metaspace   ] GC(1168) Metaspace: 28913K(29312K)->28913K(29312K) NonClass: 24045K(24256K)->24045K(24256K) Class: 4868K(5056K)->4868K(5056K)
[4259.263s][info][gc             ] GC(1168) Pause Young (Prepare Mixed) (G1 Evacuation Pause) 3629M->1466M(4096M) 124.014ms
[4259.263s][info][gc,cpu         ] GC(1168) User=0.73s Sys=0.00s Real=0.13s
..[4261.569s][info][gc,start       ] GC(1169) Pause Young (Mixed) (G1 Evacuation Pause)
[4261.569s][info][gc,task        ] GC(1169) Using 6 workers of 6 for evacuation
[4261.704s][info][gc,phases      ] GC(1169)   Pre Evacuate Collection Set: 0.37ms
[4261.704s][info][gc,phases      ] GC(1169)   Merge Heap Roots: 0.75ms
[4261.704s][info][gc,phases      ] GC(1169)   Evacuate Collection Set: 133.14ms
[4261.704s][info][gc,phases      ] GC(1169)   Post Evacuate Collection Set: 0.94ms
[4261.704s][info][gc,phases      ] GC(1169)   Other: 0.09ms
[4261.704s][info][gc,heap        ] GC(1169) Eden regions: 1097->0(1120)
[4261.704s][info][gc,heap        ] GC(1169) Survivor regions: 114->108(152)
[4261.704s][info][gc,heap        ] GC(1169) Old regions: 540->476
[4261.704s][info][gc,heap        ] GC(1169) Humongous regions: 80->80
[4261.704s][info][gc,metaspace   ] GC(1169) Metaspace: 28913K(29312K)->28913K(29312K) NonClass: 24045K(24256K)->24045K(24256K) Class: 4868K(5056K)->4868K(5056K)
[4261.704s][info][gc             ] GC(1169) Pause Young (Mixed) (G1 Evacuation Pause) 3660M->1326M(4096M) 135.424ms
[4261.704s][info][gc,cpu         ] GC(1169) User=0.80s Sys=0.00s Real=0.14s
...[4264.026s][info][gc,start       ] GC(1170) Pause Young (Concurrent Start) (G1 Evacuation Pause)
[4264.026s][info][gc,task        ] GC(1170) Using 6 workers of 6 for evacuation
[4264.143s][info][gc,phases      ] GC(1170)   Pre Evacuate Collection Set: 0.39ms
[4264.143s][info][gc,phases      ] GC(1170)   Merge Heap Roots: 0.49ms
[4264.143s][info][gc,phases      ] GC(1170)   Evacuate Collection Set: 115.38ms
[4264.143s][info][gc,phases      ] GC(1170)   Post Evacuate Collection Set: 0.85ms
[4264.143s][info][gc,phases      ] GC(1170)   Other: 0.12ms
[4264.143s][info][gc,heap        ] GC(1170) Eden regions: 1120->0(1119)
[4264.143s][info][gc,heap        ] GC(1170) Survivor regions: 108->109(154)
[4264.143s][info][gc,heap        ] GC(1170) Old regions: 476->508
[4264.143s][info][gc,heap        ] GC(1170) Humongous regions: 80->80
[4264.143s][info][gc,metaspace   ] GC(1170) Metaspace: 28913K(29312K)->28913K(29312K) NonClass: 24045K(24256K)->24045K(24256K) Class: 4868K(5056K)->4868K(5056K)
[4264.143s][info][gc             ] GC(1170) Pause Young (Concurrent Start) (G1 Evacuation Pause) 3566M->1392M(4096M) 117.363ms
[4264.143s][info][gc             ] GC(1171) Concurrent Mark Cycle
[4264.144s][info][gc,marking     ] GC(1171) Concurrent Scan Root Regions
[4264.144s][info][gc,cpu         ] GC(1170) User=0.69s Sys=0.00s Real=0.12s
[4264.353s][info][gc,marking     ] GC(1171) Concurrent Scan Root Regions 209.936ms
[4264.354s][info][gc,marking     ] GC(1171) Concurrent Mark
[4264.354s][info][gc,marking     ] GC(1171) Concurrent Mark From Roots
[4264.354s][info][gc,task        ] GC(1171) Using 2 workers of 2 for marking
.[4265.383s][info][gc,marking     ] GC(1171) Concurrent Mark From Roots 1029.884ms
[4265.383s][info][gc,marking     ] GC(1171) Concurrent Preclean
[4265.384s][info][gc,marking     ] GC(1171) Concurrent Preclean 0.133ms
[4265.387s][info][gc,start       ] GC(1171) Pause Remark
[4265.392s][info][gc             ] GC(1171) Pause Remark 2588M->2588M(4096M) 5.122ms
[4265.393s][info][gc,cpu         ] GC(1171) User=0.03s Sys=0.00s Real=0.01s
[4265.393s][info][gc,marking     ] GC(1171) Concurrent Mark 1039.018ms
[4265.393s][info][gc,marking     ] GC(1171) Concurrent Rebuild Remembered Sets and Scrub Regions
[4265.798s][info][gc,marking     ] GC(1171) Concurrent Rebuild Remembered Sets and Scrub Regions 405.088ms
[4265.798s][info][gc,start       ] GC(1171) Pause Cleanup
[4265.798s][info][gc             ] GC(1171) Pause Cleanup 2932M->2932M(4096M) 0.114ms
[4265.798s][info][gc,cpu         ] GC(1171) User=0.00s Sys=0.00s Real=0.00s
[4265.798s][info][gc,marking     ] GC(1171) Concurrent Clear Claimed Marks
[4265.798s][info][gc,marking     ] GC(1171) Concurrent Clear Claimed Marks 0.023ms
[4265.798s][info][gc,marking     ] GC(1171) Concurrent Cleanup for Next Mark
[4265.803s][info][gc,marking     ] GC(1171) Concurrent Cleanup for Next Mark 4.904ms
[4265.803s][info][gc             ] GC(1171) Concurrent Mark Cycle 1659.490ms
.[4266.464s][info][gc,start       ] GC(1172) Pause Young (Prepare Mixed) (G1 Evacuation Pause)
[4266.464s][info][gc,task        ] GC(1172) Using 6 workers of 6 for evacuation
[4266.584s][info][gc,phases      ] GC(1172)   Pre Evacuate Collection Set: 0.28ms
[4266.584s][info][gc,phases      ] GC(1172)   Merge Heap Roots: 0.51ms
[4266.584s][info][gc,phases      ] GC(1172)   Evacuate Collection Set: 118.53ms
[4266.584s][info][gc,phases      ] GC(1172)   Post Evacuate Collection Set: 0.92ms
[4266.584s][info][gc,phases      ] GC(1172)   Other: 0.08ms
[4266.584s][info][gc,heap        ] GC(1172) Eden regions: 1119->0(1102)
[4266.584s][info][gc,heap        ] GC(1172) Survivor regions: 109->112(154)
[4266.584s][info][gc,heap        ] GC(1172) Old regions: 508->539
[4266.584s][info][gc,heap        ] GC(1172) Humongous regions: 80->80
[4266.584s][info][gc,metaspace   ] GC(1172) Metaspace: 28913K(29312K)->28913K(29312K) NonClass: 24045K(24256K)->24045K(24256K) Class: 4868K(5056K)->4868K(5056K)
[4266.584s][info][gc             ] GC(1172) Pause Young (Prepare Mixed) (G1 Evacuation Pause) 3630M->1460M(4096M) 120.449ms
[4266.584s][info][gc,cpu         ] GC(1172) User=0.71s Sys=0.00s Real=0.12s
..[4268.946s][info][gc,start       ] GC(1173) Pause Young (Mixed) (G1 Evacuation Pause)
[4268.946s][info][gc,task        ] GC(1173) Using 6 workers of 6 for evacuation
[4269.086s][info][gc,phases      ] GC(1173)   Pre Evacuate Collection Set: 0.40ms
[4269.086s][info][gc,phases      ] GC(1173)   Merge Heap Roots: 0.68ms
[4269.086s][info][gc,phases      ] GC(1173)   Evacuate Collection Set: 137.42ms
[4269.086s][info][gc,phases      ] GC(1173)   Post Evacuate Collection Set: 0.93ms
[4269.086s][info][gc,phases      ] GC(1173)   Other: 0.09ms
[4269.086s][info][gc,heap        ] GC(1173) Eden regions: 1102->0(1115)
[4269.086s][info][gc,heap        ] GC(1173) Survivor regions: 112->113(152)
[4269.086s][info][gc,heap        ] GC(1173) Old regions: 539->474
[4269.086s][info][gc,heap        ] GC(1173) Humongous regions: 80->80
[4269.086s][info][gc,metaspace   ] GC(1173) Metaspace: 28913K(29312K)->28913K(29312K) NonClass: 24045K(24256K)->24045K(24256K) Class: 4868K(5056K)->4868K(5056K)
[4269.086s][info][gc             ] GC(1173) Pause Young (Mixed) (G1 Evacuation Pause) 3664M->1333M(4096M) 139.655ms
[4269.086s][info][gc,cpu         ] GC(1173) User=0.83s Sys=0.00s Real=0.14s
...[4271.377s][info][gc,start       ] GC(1174) Pause Young (Concurrent Start) (G1 Evacuation Pause)
[4271.377s][info][gc,task        ] GC(1174) Using 6 workers of 6 for evacuation
[4271.491s][info][gc,phases      ] GC(1174)   Pre Evacuate Collection Set: 0.40ms
[4271.491s][info][gc,phases      ] GC(1174)   Merge Heap Roots: 0.48ms
[4271.491s][info][gc,phases      ] GC(1174)   Evacuate Collection Set: 112.91ms
[4271.491s][info][gc,phases      ] GC(1174)   Post Evacuate Collection Set: 0.84ms
[4271.491s][info][gc,phases      ] GC(1174)   Other: 0.15ms
[4271.491s][info][gc,heap        ] GC(1174) Eden regions: 1115->0(1121)
[4271.491s][info][gc,heap        ] GC(1174) Survivor regions: 113->107(154)
[4271.491s][info][gc,heap        ] GC(1174) Old regions: 474->506
[4271.491s][info][gc,heap        ] GC(1174) Humongous regions: 80->80
[4271.491s][info][gc,metaspace   ] GC(1174) Metaspace: 28913K(29312K)->28913K(29312K) NonClass: 24045K(24256K)->24045K(24256K) Class: 4868K(5056K)->4868K(5056K)
[4271.491s][info][gc             ] GC(1174) Pause Young (Concurrent Start) (G1 Evacuation Pause) 3563M->1385M(4096M) 114.912ms
[4271.491s][info][gc             ] GC(1175) Concurrent Mark Cycle
[4271.491s][info][gc,marking     ] GC(1175) Concurrent Scan Root Regions
[4271.492s][info][gc,cpu         ] GC(1174) User=0.68s Sys=0.00s Real=0.12s
[4271.686s][info][gc,marking     ] GC(1175) Concurrent Scan Root Regions 194.169ms
[4271.686s][info][gc,marking     ] GC(1175) Concurrent Mark
[4271.686s][info][gc,marking     ] GC(1175) Concurrent Mark From Roots
[4271.686s][info][gc,task        ] GC(1175) Using 2 workers of 2 for marking
.[4272.731s][info][gc,marking     ] GC(1175) Concurrent Mark From Roots 1045.131ms
[4272.731s][info][gc,marking     ] GC(1175) Concurrent Preclean
[4272.731s][info][gc,marking     ] GC(1175) Concurrent Preclean 0.110ms
[4272.734s][info][gc,start       ] GC(1175) Pause Remark
[4272.739s][info][gc             ] GC(1175) Pause Remark 2549M->2549M(4096M) 5.087ms
[4272.739s][info][gc,cpu         ] GC(1175) User=0.03s Sys=0.00s Real=0.00s
[4272.739s][info][gc,marking     ] GC(1175) Concurrent Mark 1053.344ms
[4272.739s][info][gc,marking     ] GC(1175) Concurrent Rebuild Remembered Sets and Scrub Regions
[4273.128s][info][gc,marking     ] GC(1175) Concurrent Rebuild Remembered Sets and Scrub Regions 389.385ms
[4273.130s][info][gc,start       ] GC(1175) Pause Cleanup
[4273.130s][info][gc             ] GC(1175) Pause Cleanup 2985M->2985M(4096M) 0.133ms
[4273.130s][info][gc,cpu         ] GC(1175) User=0.00s Sys=0.00s Real=0.00s
[4273.130s][info][gc,marking     ] GC(1175) Concurrent Clear Claimed Marks
[4273.131s][info][gc,marking     ] GC(1175) Concurrent Clear Claimed Marks 0.022ms
[4273.131s][info][gc,marking     ] GC(1175) Concurrent Cleanup for Next Mark
[4273.138s][info][gc,marking     ] GC(1175) Concurrent Cleanup for Next Mark 6.989ms
[4273.138s][info][gc             ] GC(1175) Concurrent Mark Cycle 1646.081ms
.[4273.743s][info][gc,start       ] GC(1176) Pause Young (Prepare Mixed) (G1 Evacuation Pause)
[4273.743s][info][gc,task        ] GC(1176) Using 6 workers of 6 for evacuation
[4273.860s][info][gc,phases      ] GC(1176)   Pre Evacuate Collection Set: 0.34ms
[4273.860s][info][gc,phases      ] GC(1176)   Merge Heap Roots: 0.49ms
[4273.860s][info][gc,phases      ] GC(1176)   Evacuate Collection Set: 114.50ms
[4273.860s][info][gc,phases      ] GC(1176)   Post Evacuate Collection Set: 0.92ms
[4273.860s][info][gc,phases      ] GC(1176)   Other: 0.09ms
[4273.860s][info][gc,heap        ] GC(1176) Eden regions: 1121->0(1109)
[4273.860s][info][gc,heap        ] GC(1176) Survivor regions: 107->109(154)
[4273.860s][info][gc,heap        ] GC(1176) Old regions: 506->538
[4273.860s][info][gc,heap        ] GC(1176) Humongous regions: 80->80
[4273.860s][info][gc,metaspace   ] GC(1176) Metaspace: 28913K(29312K)->28913K(29312K) NonClass: 24045K(24256K)->24045K(24256K) Class: 4868K(5056K)->4868K(5056K)
[4273.860s][info][gc             ] GC(1176) Pause Young (Prepare Mixed) (G1 Evacuation Pause) 3627M->1451M(4096M) 116.466ms
[4273.860s][info][gc,cpu         ] GC(1176) User=0.69s Sys=0.00s Real=0.11s
..[4276.205s][info][gc,start       ] GC(1177) Pause Young (Mixed) (G1 Evacuation Pause)
[4276.205s][info][gc,task        ] GC(1177) Using 6 workers of 6 for evacuation
[4276.342s][info][gc,phases      ] GC(1177)   Pre Evacuate Collection Set: 0.37ms
[4276.342s][info][gc,phases      ] GC(1177)   Merge Heap Roots: 0.73ms
[4276.342s][info][gc,phases      ] GC(1177)   Evacuate Collection Set: 134.34ms
[4276.342s][info][gc,phases      ] GC(1177)   Post Evacuate Collection Set: 0.95ms
[4276.342s][info][gc,phases      ] GC(1177)   Other: 0.10ms
[4276.342s][info][gc,heap        ] GC(1177) Eden regions: 1109->0(1117)
[4276.342s][info][gc,heap        ] GC(1177) Survivor regions: 109->111(153)
[4276.342s][info][gc,heap        ] GC(1177) Old regions: 538->475
[4276.342s][info][gc,heap        ] GC(1177) Humongous regions: 80->80
[4276.342s][info][gc,metaspace   ] GC(1177) Metaspace: 28913K(29312K)->28913K(29312K) NonClass: 24045K(24256K)->24045K(24256K) Class: 4868K(5056K)->4868K(5056K)
[4276.342s][info][gc             ] GC(1177) Pause Young (Mixed) (G1 Evacuation Pause) 3669M->1331M(4096M) 136.619ms
[4276.342s][info][gc,cpu         ] GC(1177) User=0.81s Sys=0.00s Real=0.14s
...[4278.702s][info][gc,start       ] GC(1178) Pause Young (Concurrent Start) (G1 Evacuation Pause)
[4278.702s][info][gc,task        ] GC(1178) Using 6 workers of 6 for evacuation
[4278.824s][info][gc,phases      ] GC(1178)   Pre Evacuate Collection Set: 0.42ms
[4278.824s][info][gc,phases      ] GC(1178)   Merge Heap Roots: 0.52ms
[4278.824s][info][gc,phases      ] GC(1178)   Evacuate Collection Set: 119.67ms
[4278.824s][info][gc,phases      ] GC(1178)   Post Evacuate Collection Set: 0.90ms
[4278.824s][info][gc,phases      ] GC(1178)   Other: 0.11ms
[4278.824s][info][gc,heap        ] GC(1178) Eden regions: 1117->0(1115)
[4278.824s][info][gc,heap        ] GC(1178) Survivor regions: 111->113(154)
[4278.824s][info][gc,heap        ] GC(1178) Old regions: 475->507
[4278.824s][info][gc,heap        ] GC(1178) Humongous regions: 80->80
[4278.824s][info][gc,metaspace   ] GC(1178) Metaspace: 28913K(29312K)->28913K(29312K) NonClass: 24045K(24256K)->24045K(24256K) Class: 4868K(5056K)->4868K(5056K)
[4278.824s][info][gc             ] GC(1178) Pause Young (Concurrent Start) (G1 Evacuation Pause) 3565M->1398M(4096M) 121.750ms
[4278.824s][info][gc             ] GC(1179) Concurrent Mark Cycle
[4278.824s][info][gc,marking     ] GC(1179) Concurrent Scan Root Regions
[4278.824s][info][gc,cpu         ] GC(1178) User=0.73s Sys=0.00s Real=0.12s
[4279.059s][info][gc,marking     ] GC(1179) Concurrent Scan Root Regions 234.761ms
[4279.059s][info][gc,marking     ] GC(1179) Concurrent Mark
[4279.059s][info][gc,marking     ] GC(1179) Concurrent Mark From Roots
[4279.059s][info][gc,task        ] GC(1179) Using 2 workers of 2 for marking
.[4280.116s][info][gc,marking     ] GC(1179) Concurrent Mark From Roots 1057.318ms
[4280.116s][info][gc,marking     ] GC(1179) Concurrent Preclean
[4280.117s][info][gc,marking     ] GC(1179) Concurrent Preclean 0.114ms
[4280.117s][info][gc,start       ] GC(1179) Pause Remark
[4280.122s][info][gc             ] GC(1179) Pause Remark 2640M->2640M(4096M) 4.228ms
[4280.122s][info][gc,cpu         ] GC(1179) User=0.02s Sys=0.00s Real=0.01s
[4280.123s][info][gc,marking     ] GC(1179) Concurrent Mark 1063.488ms
[4280.123s][info][gc,marking     ] GC(1179) Concurrent Rebuild Remembered Sets and Scrub Regions
.[4280.476s][info][gc,marking     ] GC(1179) Concurrent Rebuild Remembered Sets and Scrub Regions 353.353ms
[4280.478s][info][gc,start       ] GC(1179) Pause Cleanup
[4280.478s][info][gc             ] GC(1179) Pause Cleanup 3022M->3022M(4096M) 0.140ms
[4280.478s][info][gc,cpu         ] GC(1179) User=0.00s Sys=0.00s Real=0.00s
[4280.478s][info][gc,marking     ] GC(1179) Concurrent Clear Claimed Marks
[4280.478s][info][gc,marking     ] GC(1179) Concurrent Clear Claimed Marks 0.035ms
[4280.478s][info][gc,marking     ] GC(1179) Concurrent Cleanup for Next Mark
[4280.482s][info][gc,marking     ] GC(1179) Concurrent Cleanup for Next Mark 3.876ms
[4280.482s][info][gc             ] GC(1179) Concurrent Mark Cycle 1657.767ms
[4281.134s][info][gc,start       ] GC(1180) Pause Young (Prepare Mixed) (G1 Evacuation Pause)
[4281.134s][info][gc,task        ] GC(1180) Using 6 workers of 6 for evacuation
[4281.254s][info][gc,phases      ] GC(1180)   Pre Evacuate Collection Set: 0.31ms
[4281.254s][info][gc,phases      ] GC(1180)   Merge Heap Roots: 0.52ms
[4281.254s][info][gc,phases      ] GC(1180)   Evacuate Collection Set: 118.80ms
[4281.254s][info][gc,phases      ] GC(1180)   Post Evacuate Collection Set: 0.91ms
[4281.254s][info][gc,phases      ] GC(1180)   Other: 0.09ms
[4281.254s][info][gc,heap        ] GC(1180) Eden regions: 1115->0(1101)
[4281.254s][info][gc,heap        ] GC(1180) Survivor regions: 113->112(154)
[4281.254s][info][gc,heap        ] GC(1180) Old regions: 507->540
[4281.254s][info][gc,heap        ] GC(1180) Humongous regions: 80->80
[4281.254s][info][gc,metaspace   ] GC(1180) Metaspace: 28913K(29312K)->28913K(29312K) NonClass: 24045K(24256K)->24045K(24256K) Class: 4868K(5056K)->4868K(5056K)
[4281.254s][info][gc             ] GC(1180) Pause Young (Prepare Mixed) (G1 Evacuation Pause) 3628M->1462M(4096M) 120.764ms
[4281.254s][info][gc,cpu         ] GC(1180) User=0.72s Sys=0.00s Real=0.12s
...[4283.581s][info][gc,start       ] GC(1181) Pause Young (Mixed) (G1 Evacuation Pause)
[4283.581s][info][gc,task        ] GC(1181) Using 6 workers of 6 for evacuation
[4283.718s][info][gc,phases      ] GC(1181)   Pre Evacuate Collection Set: 0.35ms
[4283.718s][info][gc,phases      ] GC(1181)   Merge Heap Roots: 0.77ms
[4283.718s][info][gc,phases      ] GC(1181)   Evacuate Collection Set: 135.24ms
[4283.718s][info][gc,phases      ] GC(1181)   Post Evacuate Collection Set: 0.89ms
[4283.718s][info][gc,phases      ] GC(1181)   Other: 0.09ms
[4283.718s][info][gc,heap        ] GC(1181) Eden regions: 1101->0(1117)
[4283.718s][info][gc,heap        ] GC(1181) Survivor regions: 112->111(152)
[4283.718s][info][gc,heap        ] GC(1181) Old regions: 540->476
[4283.718s][info][gc,heap        ] GC(1181) Humongous regions: 80->80
[4283.718s][info][gc,metaspace   ] GC(1181) Metaspace: 28913K(29312K)->28913K(29312K) NonClass: 24045K(24256K)->24045K(24256K) Class: 4868K(5056K)->4868K(5056K)
[4283.718s][info][gc             ] GC(1181) Pause Young (Mixed) (G1 Evacuation Pause) 3664M->1332M(4096M) 137.471ms
[4283.718s][info][gc,cpu         ] GC(1181) User=0.81s Sys=0.00s Real=0.13s
..[4286.003s][info][gc,start       ] GC(1182) Pause Young (Concurrent Start) (G1 Evacuation Pause)
[4286.003s][info][gc,task        ] GC(1182) Using 6 workers of 6 for evacuation
[4286.126s][info][gc,phases      ] GC(1182)   Pre Evacuate Collection Set: 0.38ms
[4286.126s][info][gc,phases      ] GC(1182)   Merge Heap Roots: 0.55ms
[4286.126s][info][gc,phases      ] GC(1182)   Evacuate Collection Set: 121.43ms
[4286.126s][info][gc,phases      ] GC(1182)   Post Evacuate Collection Set: 0.87ms
[4286.126s][info][gc,phases      ] GC(1182)   Other: 0.10ms
[4286.126s][info][gc,heap        ] GC(1182) Eden regions: 1117->0(1116)
[4286.126s][info][gc,heap        ] GC(1182) Survivor regions: 111->112(154)
[4286.126s][info][gc,heap        ] GC(1182) Old regions: 476->509
[4286.126s][info][gc,heap        ] GC(1182) Humongous regions: 80->80
[4286.126s][info][gc,metaspace   ] GC(1182) Metaspace: 28913K(29312K)->28913K(29312K) NonClass: 24045K(24256K)->24045K(24256K) Class: 4868K(5056K)->4868K(5056K)
[4286.126s][info][gc             ] GC(1182) Pause Young (Concurrent Start) (G1 Evacuation Pause) 3566M->1400M(4096M) 123.464ms
[4286.126s][info][gc             ] GC(1183) Concurrent Mark Cycle
[4286.126s][info][gc,marking     ] GC(1183) Concurrent Scan Root Regions
[4286.126s][info][gc,cpu         ] GC(1182) User=0.73s Sys=0.00s Real=0.12s
[4286.359s][info][gc,marking     ] GC(1183) Concurrent Scan Root Regions 233.236ms
[4286.359s][info][gc,marking     ] GC(1183) Concurrent Mark
[4286.359s][info][gc,marking     ] GC(1183) Concurrent Mark From Roots
[4286.359s][info][gc,task        ] GC(1183) Using 2 workers of 2 for marking
.[4287.317s][info][gc,marking     ] GC(1183) Concurrent Mark From Roots 957.769ms
[4287.317s][info][gc,marking     ] GC(1183) Concurrent Preclean
[4287.317s][info][gc,marking     ] GC(1183) Concurrent Preclean 0.119ms
[4287.318s][info][gc,start       ] GC(1183) Pause Remark
[4287.322s][info][gc             ] GC(1183) Pause Remark 2525M->2525M(4096M) 4.456ms
[4287.322s][info][gc,cpu         ] GC(1183) User=0.02s Sys=0.00s Real=0.01s
[4287.322s][info][gc,marking     ] GC(1183) Concurrent Mark 962.668ms
[4287.322s][info][gc,marking     ] GC(1183) Concurrent Rebuild Remembered Sets and Scrub Regions
.[4287.708s][info][gc,marking     ] GC(1183) Concurrent Rebuild Remembered Sets and Scrub Regions 385.915ms
[4287.708s][info][gc,start       ] GC(1183) Pause Cleanup
[4287.708s][info][gc             ] GC(1183) Pause Cleanup 2895M->2895M(4096M) 0.114ms
[4287.708s][info][gc,cpu         ] GC(1183) User=0.00s Sys=0.00s Real=0.00s
[4287.709s][info][gc,marking     ] GC(1183) Concurrent Clear Claimed Marks
[4287.709s][info][gc,marking     ] GC(1183) Concurrent Clear Claimed Marks 0.033ms
[4287.709s][info][gc,marking     ] GC(1183) Concurrent Cleanup for Next Mark
[4287.714s][info][gc,marking     ] GC(1183) Concurrent Cleanup for Next Mark 4.574ms
[4287.714s][info][gc             ] GC(1183) Concurrent Mark Cycle 1587.467ms
.[4288.515s][info][gc,start       ] GC(1184) Pause Young (Prepare Mixed) (G1 Evacuation Pause)
[4288.515s][info][gc,task        ] GC(1184) Using 6 workers of 6 for evacuation
[4288.634s][info][gc,phases      ] GC(1184)   Pre Evacuate Collection Set: 0.33ms
[4288.634s][info][gc,phases      ] GC(1184)   Merge Heap Roots: 0.50ms
[4288.634s][info][gc,phases      ] GC(1184)   Evacuate Collection Set: 116.97ms
[4288.634s][info][gc,phases      ] GC(1184)   Post Evacuate Collection Set: 0.91ms
[4288.634s][info][gc,phases      ] GC(1184)   Other: 0.09ms
[4288.634s][info][gc,heap        ] GC(1184) Eden regions: 1116->0(1105)
[4288.634s][info][gc,heap        ] GC(1184) Survivor regions: 112->110(154)
[4288.634s][info][gc,heap        ] GC(1184) Old regions: 509->540
[4288.634s][info][gc,heap        ] GC(1184) Humongous regions: 80->80
[4288.634s][info][gc,metaspace   ] GC(1184) Metaspace: 28913K(29312K)->28913K(29312K) NonClass: 24045K(24256K)->24045K(24256K) Class: 4868K(5056K)->4868K(5056K)
[4288.634s][info][gc             ] GC(1184) Pause Young (Prepare Mixed) (G1 Evacuation Pause) 3632M->1459M(4096M) 118.925ms
[4288.634s][info][gc,cpu         ] GC(1184) User=0.70s Sys=0.00s Real=0.12s
..[4290.893s][info][gc,start       ] GC(1185) Pause Young (Mixed) (G1 Evacuation Pause)
[4290.893s][info][gc,task        ] GC(1185) Using 6 workers of 6 for evacuation
[4291.032s][info][gc,phases      ] GC(1185)   Pre Evacuate Collection Set: 0.35ms
[4291.032s][info][gc,phases      ] GC(1185)   Merge Heap Roots: 0.67ms
[4291.032s][info][gc,phases      ] GC(1185)   Evacuate Collection Set: 136.66ms
[4291.032s][info][gc,phases      ] GC(1185)   Post Evacuate Collection Set: 0.95ms
[4291.032s][info][gc,phases      ] GC(1185)   Other: 0.09ms
[4291.032s][info][gc,heap        ] GC(1185) Eden regions: 1105->0(1115)
[4291.032s][info][gc,heap        ] GC(1185) Survivor regions: 110->113(152)
[4291.032s][info][gc,heap        ] GC(1185) Old regions: 540->474
[4291.032s][info][gc,heap        ] GC(1185) Humongous regions: 80->80
[4291.032s][info][gc,metaspace   ] GC(1185) Metaspace: 28913K(29312K)->28913K(29312K) NonClass: 24045K(24256K)->24045K(24256K) Class: 4868K(5056K)->4868K(5056K)
[4291.032s][info][gc             ] GC(1185) Pause Young (Mixed) (G1 Evacuation Pause) 3669M->1333M(4096M) 138.836ms
[4291.032s][info][gc,cpu         ] GC(1185) User=0.82s Sys=0.00s Real=0.14s
..[4293.383s][info][gc,start       ] GC(1186) Pause Young (Concurrent Start) (G1 Evacuation Pause)
[4293.383s][info][gc,task        ] GC(1186) Using 6 workers of 6 for evacuation
[4293.499s][info][gc,phases      ] GC(1186)   Pre Evacuate Collection Set: 0.35ms
[4293.499s][info][gc,phases      ] GC(1186)   Merge Heap Roots: 0.45ms
[4293.499s][info][gc,phases      ] GC(1186)   Evacuate Collection Set: 114.34ms
[4293.499s][info][gc,phases      ] GC(1186)   Post Evacuate Collection Set: 0.87ms
[4293.499s][info][gc,phases      ] GC(1186)   Other: 0.12ms
[4293.499s][info][gc,heap        ] GC(1186) Eden regions: 1115->0(1122)
[4293.499s][info][gc,heap        ] GC(1186) Survivor regions: 113->106(154)
[4293.499s][info][gc,heap        ] GC(1186) Old regions: 474->506
[4293.499s][info][gc,heap        ] GC(1186) Humongous regions: 80->80
[4293.499s][info][gc,metaspace   ] GC(1186) Metaspace: 28913K(29312K)->28913K(29312K) NonClass: 24045K(24256K)->24045K(24256K) Class: 4868K(5056K)->4868K(5056K)
[4293.499s][info][gc             ] GC(1186) Pause Young (Concurrent Start) (G1 Evacuation Pause) 3563M->1383M(4096M) 116.268ms
[4293.499s][info][gc             ] GC(1187) Concurrent Mark Cycle
[4293.499s][info][gc,marking     ] GC(1187) Concurrent Scan Root Regions
[4293.499s][info][gc,cpu         ] GC(1186) User=0.69s Sys=0.00s Real=0.11s
.[4293.737s][info][gc,marking     ] GC(1187) Concurrent Scan Root Regions 238.114ms
[4293.738s][info][gc,marking     ] GC(1187) Concurrent Mark
[4293.738s][info][gc,marking     ] GC(1187) Concurrent Mark From Roots
[4293.738s][info][gc,task        ] GC(1187) Using 2 workers of 2 for marking
.[4294.790s][info][gc,marking     ] GC(1187) Concurrent Mark From Roots 1052.380ms
[4294.790s][info][gc,marking     ] GC(1187) Concurrent Preclean
[4294.790s][info][gc,marking     ] GC(1187) Concurrent Preclean 0.089ms
[4294.791s][info][gc,start       ] GC(1187) Pause Remark
[4294.795s][info][gc             ] GC(1187) Pause Remark 2624M->2624M(4096M) 4.541ms
[4294.795s][info][gc,cpu         ] GC(1187) User=0.03s Sys=0.00s Real=0.01s
[4294.797s][info][gc,marking     ] GC(1187) Concurrent Mark 1059.071ms
[4294.797s][info][gc,marking     ] GC(1187) Concurrent Rebuild Remembered Sets and Scrub Regions
[4295.075s][info][gc,marking     ] GC(1187) Concurrent Rebuild Remembered Sets and Scrub Regions 278.117ms
[4295.075s][info][gc,start       ] GC(1187) Pause Cleanup
[4295.075s][info][gc             ] GC(1187) Pause Cleanup 2886M->2886M(4096M) 0.119ms
[4295.075s][info][gc,cpu         ] GC(1187) User=0.00s Sys=0.00s Real=0.00s
[4295.075s][info][gc,marking     ] GC(1187) Concurrent Clear Claimed Marks
[4295.075s][info][gc,marking     ] GC(1187) Concurrent Clear Claimed Marks 0.026ms
[4295.075s][info][gc,marking     ] GC(1187) Concurrent Cleanup for Next Mark
[4295.078s][info][gc,marking     ] GC(1187) Concurrent Cleanup for Next Mark 3.177ms
[4295.078s][info][gc             ] GC(1187) Concurrent Mark Cycle 1579.011ms
.[4295.872s][info][gc,start       ] GC(1188) Pause Young (Prepare Mixed) (G1 Evacuation Pause)
[4295.872s][info][gc,task        ] GC(1188) Using 6 workers of 6 for evacuation
[4295.995s][info][gc,phases      ] GC(1188)   Pre Evacuate Collection Set: 0.32ms
[4295.995s][info][gc,phases      ] GC(1188)   Merge Heap Roots: 0.62ms
[4295.995s][info][gc,phases      ] GC(1188)   Evacuate Collection Set: 120.19ms
[4295.995s][info][gc,phases      ] GC(1188)   Post Evacuate Collection Set: 0.92ms
[4295.995s][info][gc,phases      ] GC(1188)   Other: 0.09ms
[4295.995s][info][gc,heap        ] GC(1188) Eden regions: 1122->0(1100)
[4295.995s][info][gc,heap        ] GC(1188) Survivor regions: 106->114(154)
[4295.995s][info][gc,heap        ] GC(1188) Old regions: 506->537
[4295.995s][info][gc,heap        ] GC(1188) Humongous regions: 80->80
[4295.995s][info][gc,metaspace   ] GC(1188) Metaspace: 28913K(29312K)->28913K(29312K) NonClass: 24045K(24256K)->24045K(24256K) Class: 4868K(5056K)->4868K(5056K)
[4295.995s][info][gc             ] GC(1188) Pause Young (Prepare Mixed) (G1 Evacuation Pause) 3627M->1460M(4096M) 122.264ms
[4295.995s][info][gc,cpu         ] GC(1188) User=0.73s Sys=0.00s Real=0.12s
..[4298.259s][info][gc,start       ] GC(1189) Pause Young (Mixed) (G1 Evacuation Pause)
[4298.259s][info][gc,task        ] GC(1189) Using 6 workers of 6 for evacuation
[4298.396s][info][gc,phases      ] GC(1189)   Pre Evacuate Collection Set: 0.36ms
[4298.396s][info][gc,phases      ] GC(1189)   Merge Heap Roots: 0.71ms
[4298.396s][info][gc,phases      ] GC(1189)   Evacuate Collection Set: 135.25ms
[4298.396s][info][gc,phases      ] GC(1189)   Post Evacuate Collection Set: 0.93ms
[4298.396s][info][gc,phases      ] GC(1189)   Other: 0.09ms
[4298.396s][info][gc,heap        ] GC(1189) Eden regions: 1100->0(1118)
[4298.396s][info][gc,heap        ] GC(1189) Survivor regions: 114->110(152)
[4298.396s][info][gc,heap        ] GC(1189) Old regions: 537->474
[4298.396s][info][gc,heap        ] GC(1189) Humongous regions: 80->80
[4298.396s][info][gc,metaspace   ] GC(1189) Metaspace: 28913K(29312K)->28913K(29312K) NonClass: 24045K(24256K)->24045K(24256K) Class: 4868K(5056K)->4868K(5056K)
[4298.396s][info][gc             ] GC(1189) Pause Young (Mixed) (G1 Evacuation Pause) 3660M->1326M(4096M) 137.473ms
[4298.396s][info][gc,cpu         ] GC(1189) User=0.82s Sys=0.00s Real=0.14s
..[4300.709s][info][gc,start       ] GC(1190) Pause Young (Concurrent Start) (G1 Evacuation Pause)
[4300.709s][info][gc,task        ] GC(1190) Using 6 workers of 6 for evacuation
[4300.829s][info][gc,phases      ] GC(1190)   Pre Evacuate Collection Set: 0.34ms
[4300.829s][info][gc,phases      ] GC(1190)   Merge Heap Roots: 0.49ms
[4300.829s][info][gc,phases      ] GC(1190)   Evacuate Collection Set: 118.49ms
[4300.829s][info][gc,phases      ] GC(1190)   Post Evacuate Collection Set: 0.90ms
[4300.829s][info][gc,phases      ] GC(1190)   Other: 0.11ms
[4300.829s][info][gc,heap        ] GC(1190) Eden regions: 1118->0(1118)
[4300.829s][info][gc,heap        ] GC(1190) Survivor regions: 110->110(154)
[4300.829s][info][gc,heap        ] GC(1190) Old regions: 474->506
[4300.829s][info][gc,heap        ] GC(1190) Humongous regions: 80->80
[4300.829s][info][gc,metaspace   ] GC(1190) Metaspace: 28913K(29312K)->28913K(29312K) NonClass: 24045K(24256K)->24045K(24256K) Class: 4868K(5056K)->4868K(5056K)
[4300.829s][info][gc             ] GC(1190) Pause Young (Concurrent Start) (G1 Evacuation Pause) 3562M->1391M(4096M) 120.459ms
[4300.829s][info][gc             ] GC(1191) Concurrent Mark Cycle
[4300.830s][info][gc,marking     ] GC(1191) Concurrent Scan Root Regions
[4300.830s][info][gc,cpu         ] GC(1190) User=0.72s Sys=0.00s Real=0.12s
. (rIR:aIR:PR = 7610:7629:7628) (tPR = 113694) [OK] 
  4300s: Performance info:
         Transaction,    Success,    Partial,     Failed,   Receipts, AvgBarcode, 
             Overall,     462290,          0,          0,     439188,      59.48, 
         Response times:
             Request,    Success,    Partial,     Failed,   SkipFail,     Probes,    Samples,      min,      p50,      p90,      p95,      p99,      max, 
       TotalPurchase,     439347,          0,          0,          0,     356686,     411541,      300,     6700,    71000,   117000,   181000,   337000,
     InStorePurchase,     230832,          0,          0,          0,     187829,     216542,      300,     6600,    70000,   115000,   179000,   337000,
      OnlinePurchase,     162315,          0,          0,          0,     131504,     151727,      300,     6800,    72000,   118000,   184000,   324000,
        InstPurchase,      46200,          0,          0,          0,      37353,      43272,      400,     6900,    73000,   119000,   178000,   300000,
          AssocOfCat,        464,          0,          0,          0,        373,        510,    23000,    43000,   119800,   172000,   227780,   304000,
      AssocOfProduct,       4592,          0,          0,          0,       4326,       5238,      500,     6000,    73000,   120000,   188220,   239000,
      BusinessReport,       1151,          0,          0,          0,       1035,       1326,    25000,    50000,   143000,   200650,   244730,   325000,
          CustBuyBeh,       4614,          0,          0,          0,       4283,       5080,      200,     6200,    63000,   109000,   175000,   265000,
       ProductReturn,      12295,          0,          0,          0,       9409,      11119,      200,     6100,    67000,   112000,   177800,   288000,

  4300s: (56%)   IR =   7749 [4300.977s][info][gc,marking     ] GC(1191) Concurrent Scan Root Regions 147.413ms
[4300.977s][info][gc,marking     ] GC(1191) Concurrent Mark
[4300.977s][info][gc,marking     ] GC(1191) Concurrent Mark From Roots
[4300.977s][info][gc,task        ] GC(1191) Using 2 workers of 2 for marking
[4301.731s][info][gc,marking     ] GC(1191) Concurrent Mark From Roots 753.915ms
[4301.731s][info][gc,marking     ] GC(1191) Concurrent Preclean
[4301.731s][info][gc,marking     ] GC(1191) Concurrent Preclean 0.094ms
[4301.731s][info][gc,start       ] GC(1191) Pause Remark
[4301.735s][info][gc             ] GC(1191) Pause Remark 2126M->2126M(4096M) 3.445ms
[4301.735s][info][gc,cpu         ] GC(1191) User=0.02s Sys=0.00s Real=0.00s
[4301.735s][info][gc,marking     ] GC(1191) Concurrent Mark 757.781ms
[4301.735s][info][gc,marking     ] GC(1191) Concurrent Rebuild Remembered Sets and Scrub Regions
[4301.946s][info][gc,marking     ] GC(1191) Concurrent Rebuild Remembered Sets and Scrub Regions 211.604ms
[4301.947s][info][gc,start       ] GC(1191) Pause Cleanup
[4301.947s][info][gc             ] GC(1191) Pause Cleanup 2319M->2319M(4096M) 0.117ms
[4301.947s][info][gc,cpu         ] GC(1191) User=0.00s Sys=0.00s Real=0.00s
[4301.948s][info][gc,marking     ] GC(1191) Concurrent Clear Claimed Marks
[4301.948s][info][gc,marking     ] GC(1191) Concurrent Clear Claimed Marks 0.031ms
[4301.948s][info][gc,marking     ] GC(1191) Concurrent Cleanup for Next Mark
[4301.953s][info][gc,marking     ] GC(1191) Concurrent Cleanup for Next Mark 5.216ms
[4301.953s][info][gc             ] GC(1191) Concurrent Mark Cycle 1123.537ms
..[4303.366s][info][gc,start       ] GC(1192) Pause Young (Prepare Mixed) (G1 Evacuation Pause)
[4303.367s][info][gc,task        ] GC(1192) Using 6 workers of 6 for evacuation
[4303.486s][info][gc,phases      ] GC(1192)   Pre Evacuate Collection Set: 0.32ms
[4303.486s][info][gc,phases      ] GC(1192)   Merge Heap Roots: 0.59ms
[4303.486s][info][gc,phases      ] GC(1192)   Evacuate Collection Set: 117.78ms
[4303.486s][info][gc,phases      ] GC(1192)   Post Evacuate Collection Set: 0.91ms
[4303.486s][info][gc,phases      ] GC(1192)   Other: 0.09ms
[4303.486s][info][gc,heap        ] GC(1192) Eden regions: 1118->0(1107)
[4303.486s][info][gc,heap        ] GC(1192) Survivor regions: 110->110(154)
[4303.486s][info][gc,heap        ] GC(1192) Old regions: 506->538
[4303.486s][info][gc,heap        ] GC(1192) Humongous regions: 80->80
[4303.486s][info][gc,metaspace   ] GC(1192) Metaspace: 28913K(29312K)->28913K(29312K) NonClass: 24045K(24256K)->24045K(24256K) Class: 4868K(5056K)->4868K(5056K)
[4303.486s][info][gc             ] GC(1192) Pause Young (Prepare Mixed) (G1 Evacuation Pause) 3627M->1454M(4096M) 119.801ms
[4303.486s][info][gc,cpu         ] GC(1192) User=0.71s Sys=0.00s Real=0.12s
..[4305.759s][info][gc,start       ] GC(1193) Pause Young (Mixed) (G1 Evacuation Pause)
[4305.759s][info][gc,task        ] GC(1193) Using 6 workers of 6 for evacuation
[4305.892s][info][gc,phases      ] GC(1193)   Pre Evacuate Collection Set: 0.38ms
[4305.892s][info][gc,phases      ] GC(1193)   Merge Heap Roots: 0.79ms
[4305.892s][info][gc,phases      ] GC(1193)   Evacuate Collection Set: 130.71ms
[4305.892s][info][gc,phases      ] GC(1193)   Post Evacuate Collection Set: 0.93ms
[4305.892s][info][gc,phases      ] GC(1193)   Other: 0.09ms
[4305.892s][info][gc,heap        ] GC(1193) Eden regions: 1107->0(1119)
[4305.892s][info][gc,heap        ] GC(1193) Survivor regions: 110->109(153)
[4305.892s][info][gc,heap        ] GC(1193) Old regions: 538->476
[4305.892s][info][gc,heap        ] GC(1193) Humongous regions: 80->80
[4305.892s][info][gc,metaspace   ] GC(1193) Metaspace: 28913K(29312K)->28913K(29312K) NonClass: 24045K(24256K)->24045K(24256K) Class: 4868K(5056K)->4868K(5056K)
[4305.892s][info][gc             ] GC(1193) Pause Young (Mixed) (G1 Evacuation Pause) 3668M->1328M(4096M) 133.028ms
[4305.892s][info][gc,cpu         ] GC(1193) User=0.79s Sys=0.00s Real=0.14s
...[4308.210s][info][gc,start       ] GC(1194) Pause Young (Concurrent Start) (G1 Evacuation Pause)
[4308.210s][info][gc,task        ] GC(1194) Using 6 workers of 6 for evacuation
[4308.332s][info][gc,phases      ] GC(1194)   Pre Evacuate Collection Set: 0.35ms
[4308.333s][info][gc,phases      ] GC(1194)   Merge Heap Roots: 0.45ms
[4308.333s][info][gc,phases      ] GC(1194)   Evacuate Collection Set: 120.97ms
[4308.333s][info][gc,phases      ] GC(1194)   Post Evacuate Collection Set: 0.89ms
[4308.333s][info][gc,phases      ] GC(1194)   Other: 0.11ms
[4308.333s][info][gc,heap        ] GC(1194) Eden regions: 1119->0(1116)
[4308.333s][info][gc,heap        ] GC(1194) Survivor regions: 109->112(154)
[4308.333s][info][gc,heap        ] GC(1194) Old regions: 476->509
[4308.333s][info][gc,heap        ] GC(1194) Humongous regions: 80->80
[4308.333s][info][gc,metaspace   ] GC(1194) Metaspace: 28913K(29312K)->28913K(29312K) NonClass: 24045K(24256K)->24045K(24256K) Class: 4868K(5056K)->4868K(5056K)
[4308.333s][info][gc             ] GC(1194) Pause Young (Concurrent Start) (G1 Evacuation Pause) 3566M->1401M(4096M) 122.912ms
[4308.333s][info][gc             ] GC(1195) Concurrent Mark Cycle
[4308.333s][info][gc,marking     ] GC(1195) Concurrent Scan Root Regions
[4308.333s][info][gc,cpu         ] GC(1194) User=0.73s Sys=0.00s Real=0.13s
[4308.474s][info][gc,marking     ] GC(1195) Concurrent Scan Root Regions 141.686ms
[4308.474s][info][gc,marking     ] GC(1195) Concurrent Mark
[4308.474s][info][gc,marking     ] GC(1195) Concurrent Mark From Roots
[4308.474s][info][gc,task        ] GC(1195) Using 2 workers of 2 for marking
.[4309.171s][info][gc,marking     ] GC(1195) Concurrent Mark From Roots 697.134ms
[4309.172s][info][gc,marking     ] GC(1195) Concurrent Preclean
[4309.172s][info][gc,marking     ] GC(1195) Concurrent Preclean 0.149ms
[4309.172s][info][gc,start       ] GC(1195) Pause Remark
[4309.176s][info][gc             ] GC(1195) Pause Remark 2107M->2107M(4096M) 3.950ms
[4309.176s][info][gc,cpu         ] GC(1195) User=0.03s Sys=0.00s Real=0.00s
[4309.176s][info][gc,marking     ] GC(1195) Concurrent Mark 701.547ms
[4309.176s][info][gc,marking     ] GC(1195) Concurrent Rebuild Remembered Sets and Scrub Regions
[4309.460s][info][gc,marking     ] GC(1195) Concurrent Rebuild Remembered Sets and Scrub Regions 283.891ms
[4309.460s][info][gc,start       ] GC(1195) Pause Cleanup
[4309.460s][info][gc             ] GC(1195) Pause Cleanup 2399M->2399M(4096M) 0.099ms
[4309.460s][info][gc,cpu         ] GC(1195) User=0.00s Sys=0.00s Real=0.00s
[4309.460s][info][gc,marking     ] GC(1195) Concurrent Clear Claimed Marks
[4309.460s][info][gc,marking     ] GC(1195) Concurrent Clear Claimed Marks 0.022ms
[4309.460s][info][gc,marking     ] GC(1195) Concurrent Cleanup for Next Mark
[4309.465s][info][gc,marking     ] GC(1195) Concurrent Cleanup for Next Mark 5.177ms
[4309.465s][info][gc             ] GC(1195) Concurrent Mark Cycle 1132.757ms
.[4310.629s][info][gc,start       ] GC(1196) Pause Young (Prepare Mixed) (G1 Evacuation Pause)
[4310.629s][info][gc,task        ] GC(1196) Using 6 workers of 6 for evacuation
[4310.749s][info][gc,phases      ] GC(1196)   Pre Evacuate Collection Set: 0.32ms
[4310.749s][info][gc,phases      ] GC(1196)   Merge Heap Roots: 0.51ms
[4310.749s][info][gc,phases      ] GC(1196)   Evacuate Collection Set: 117.91ms
[4310.749s][info][gc,phases      ] GC(1196)   Post Evacuate Collection Set: 0.90ms
[4310.749s][info][gc,phases      ] GC(1196)   Other: 0.09ms
[4310.749s][info][gc,heap        ] GC(1196) Eden regions: 1116->0(1103)
[4310.749s][info][gc,heap        ] GC(1196) Survivor regions: 112->111(154)
[4310.749s][info][gc,heap        ] GC(1196) Old regions: 509->540
[4310.749s][info][gc,heap        ] GC(1196) Humongous regions: 80->80
[4310.749s][info][gc,metaspace   ] GC(1196) Metaspace: 28913K(29312K)->28913K(29312K) NonClass: 24045K(24256K)->24045K(24256K) Class: 4868K(5056K)->4868K(5056K)
[4310.749s][info][gc             ] GC(1196) Pause Young (Prepare Mixed) (G1 Evacuation Pause) 3633M->1460M(4096M) 119.869ms
[4310.749s][info][gc,cpu         ] GC(1196) User=0.71s Sys=0.00s Real=0.12s
..[4312.928s][info][gc,start       ] GC(1197) Pause Young (Mixed) (G1 Evacuation Pause)
[4312.928s][info][gc,task        ] GC(1197) Using 6 workers of 6 for evacuation
[4313.065s][info][gc,phases      ] GC(1197)   Pre Evacuate Collection Set: 0.34ms
[4313.065s][info][gc,phases      ] GC(1197)   Merge Heap Roots: 0.69ms
[4313.065s][info][gc,phases      ] GC(1197)   Evacuate Collection Set: 135.04ms
[4313.065s][info][gc,phases      ] GC(1197)   Post Evacuate Collection Set: 0.97ms
[4313.065s][info][gc,phases      ] GC(1197)   Other: 0.09ms
[4313.065s][info][gc,heap        ] GC(1197) Eden regions: 1103->0(1118)
[4313.065s][info][gc,heap        ] GC(1197) Survivor regions: 111->110(152)
[4313.065s][info][gc,heap        ] GC(1197) Old regions: 540->475
[4313.065s][info][gc,heap        ] GC(1197) Humongous regions: 80->80
[4313.065s][info][gc,metaspace   ] GC(1197) Metaspace: 28913K(29312K)->28913K(29312K) NonClass: 24045K(24256K)->24045K(24256K) Class: 4868K(5056K)->4868K(5056K)
[4313.065s][info][gc             ] GC(1197) Pause Young (Mixed) (G1 Evacuation Pause) 3666M->1329M(4096M) 137.294ms
[4313.066s][info][gc,cpu         ] GC(1197) User=0.81s Sys=0.00s Real=0.14s
...[4315.393s][info][gc,start       ] GC(1198) Pause Young (Concurrent Start) (G1 Evacuation Pause)
[4315.393s][info][gc,task        ] GC(1198) Using 6 workers of 6 for evacuation
[4315.508s][info][gc,phases      ] GC(1198)   Pre Evacuate Collection Set: 0.36ms
[4315.508s][info][gc,phases      ] GC(1198)   Merge Heap Roots: 0.46ms
[4315.508s][info][gc,phases      ] GC(1198)   Evacuate Collection Set: 113.14ms
[4315.508s][info][gc,phases      ] GC(1198)   Post Evacuate Collection Set: 0.87ms
[4315.508s][info][gc,phases      ] GC(1198)   Other: 0.10ms
[4315.508s][info][gc,heap        ] GC(1198) Eden regions: 1118->0(1121)
[4315.508s][info][gc,heap        ] GC(1198) Survivor regions: 110->107(154)
[4315.508s][info][gc,heap        ] GC(1198) Old regions: 475->508
[4315.508s][info][gc,heap        ] GC(1198) Humongous regions: 80->80
[4315.508s][info][gc,metaspace   ] GC(1198) Metaspace: 28913K(29312K)->28913K(29312K) NonClass: 24045K(24256K)->24045K(24256K) Class: 4868K(5056K)->4868K(5056K)
[4315.508s][info][gc             ] GC(1198) Pause Young (Concurrent Start) (G1 Evacuation Pause) 3565M->1387M(4096M) 115.071ms
[4315.508s][info][gc             ] GC(1199) Concurrent Mark Cycle
[4315.508s][info][gc,marking     ] GC(1199) Concurrent Scan Root Regions
[4315.508s][info][gc,cpu         ] GC(1198) User=0.69s Sys=0.00s Real=0.11s
[4315.653s][info][gc,marking     ] GC(1199) Concurrent Scan Root Regions 144.386ms
[4315.653s][info][gc,marking     ] GC(1199) Concurrent Mark
[4315.653s][info][gc,marking     ] GC(1199) Concurrent Mark From Roots
[4315.653s][info][gc,task        ] GC(1199) Using 2 workers of 2 for marking
.[4316.456s][info][gc,marking     ] GC(1199) Concurrent Mark From Roots 803.016ms
[4316.456s][info][gc,marking     ] GC(1199) Concurrent Preclean
[4316.456s][info][gc,marking     ] GC(1199) Concurrent Preclean 0.122ms
[4316.457s][info][gc,start       ] GC(1199) Pause Remark
[4316.461s][info][gc             ] GC(1199) Pause Remark 2231M->2231M(4096M) 4.001ms
[4316.461s][info][gc,cpu         ] GC(1199) User=0.02s Sys=0.00s Real=0.00s
[4316.461s][info][gc,marking     ] GC(1199) Concurrent Mark 808.870ms
[4316.461s][info][gc,marking     ] GC(1199) Concurrent Rebuild Remembered Sets and Scrub Regions
[4316.908s][info][gc,marking     ] GC(1199) Concurrent Rebuild Remembered Sets and Scrub Regions 446.759ms
[4316.910s][info][gc,start       ] GC(1199) Pause Cleanup
[4316.910s][info][gc             ] GC(1199) Pause Cleanup 2717M->2717M(4096M) 0.129ms
[4316.910s][info][gc,cpu         ] GC(1199) User=0.00s Sys=0.00s Real=0.00s
[4316.910s][info][gc,marking     ] GC(1199) Concurrent Clear Claimed Marks
[4316.910s][info][gc,marking     ] GC(1199) Concurrent Clear Claimed Marks 0.025ms
[4316.910s][info][gc,marking     ] GC(1199) Concurrent Cleanup for Next Mark
[4316.927s][info][gc,marking     ] GC(1199) Concurrent Cleanup for Next Mark 16.313ms
[4316.927s][info][gc             ] GC(1199) Concurrent Mark Cycle 1418.599ms
.[4317.830s][info][gc,start       ] GC(1200) Pause Young (Prepare Mixed) (G1 Evacuation Pause)
[4317.830s][info][gc,task        ] GC(1200) Using 6 workers of 6 for evacuation
[4317.953s][info][gc,phases      ] GC(1200)   Pre Evacuate Collection Set: 0.31ms
[4317.953s][info][gc,phases      ] GC(1200)   Merge Heap Roots: 0.52ms
[4317.953s][info][gc,phases      ] GC(1200)   Evacuate Collection Set: 121.05ms
[4317.953s][info][gc,phases      ] GC(1200)   Post Evacuate Collection Set: 0.93ms
[4317.953s][info][gc,phases      ] GC(1200)   Other: 0.09ms
[4317.953s][info][gc,heap        ] GC(1200) Eden regions: 1121->0(1098)
[4317.953s][info][gc,heap        ] GC(1200) Survivor regions: 107->115(154)
[4317.953s][info][gc,heap        ] GC(1200) Old regions: 508->537
[4317.953s][info][gc,heap        ] GC(1200) Humongous regions: 80->80
[4317.953s][info][gc,metaspace   ] GC(1200) Metaspace: 28913K(29312K)->28913K(29312K) NonClass: 24045K(24256K)->24045K(24256K) Class: 4868K(5056K)->4868K(5056K)
[4317.953s][info][gc             ] GC(1200) Pause Young (Prepare Mixed) (G1 Evacuation Pause) 3629M->1463M(4096M) 123.040ms
[4317.953s][info][gc,cpu         ] GC(1200) User=0.74s Sys=0.00s Real=0.13s
..|[4320.164s][info][gc,start       ] GC(1201) Pause Young (Mixed) (G1 Evacuation Pause)
[4320.164s][info][gc,task        ] GC(1201) Using 6 workers of 6 for evacuation
[4320.300s][info][gc,phases      ] GC(1201)   Pre Evacuate Collection Set: 0.35ms
[4320.300s][info][gc,phases      ] GC(1201)   Merge Heap Roots: 0.74ms
[4320.300s][info][gc,phases      ] GC(1201)   Evacuate Collection Set: 133.49ms
[4320.300s][info][gc,phases      ] GC(1201)   Post Evacuate Collection Set: 0.94ms
[4320.300s][info][gc,phases      ] GC(1201)   Other: 0.09ms
[4320.300s][info][gc,heap        ] GC(1201) Eden regions: 1098->0(1118)
[4320.300s][info][gc,heap        ] GC(1201) Survivor regions: 115->110(152)
[4320.300s][info][gc,heap        ] GC(1201) Old regions: 537->475
[4320.300s][info][gc,heap        ] GC(1201) Humongous regions: 80->80
[4320.300s][info][gc,metaspace   ] GC(1201) Metaspace: 28913K(29312K)->28913K(29312K) NonClass: 24045K(24256K)->24045K(24256K) Class: 4868K(5056K)->4868K(5056K)
[4320.300s][info][gc             ] GC(1201) Pause Young (Mixed) (G1 Evacuation Pause) 3659M->1328M(4096M) 135.731ms
[4320.300s][info][gc,cpu         ] GC(1201) User=0.81s Sys=0.00s Real=0.13s
...[4322.550s][info][gc,start       ] GC(1202) Pause Young (Concurrent Start) (G1 Evacuation Pause)
[4322.550s][info][gc,task        ] GC(1202) Using 6 workers of 6 for evacuation
[4322.667s][info][gc,phases      ] GC(1202)   Pre Evacuate Collection Set: 0.36ms
[4322.667s][info][gc,phases      ] GC(1202)   Merge Heap Roots: 0.49ms
[4322.667s][info][gc,phases      ] GC(1202)   Evacuate Collection Set: 115.17ms
[4322.667s][info][gc,phases      ] GC(1202)   Post Evacuate Collection Set: 0.86ms
[4322.667s][info][gc,phases      ] GC(1202)   Other: 0.12ms
[4322.667s][info][gc,heap        ] GC(1202) Eden regions: 1118->0(1120)
[4322.667s][info][gc,heap        ] GC(1202) Survivor regions: 110->108(154)
[4322.667s][info][gc,heap        ] GC(1202) Old regions: 475->508
[4322.667s][info][gc,heap        ] GC(1202) Humongous regions: 80->80
[4322.667s][info][gc,metaspace   ] GC(1202) Metaspace: 28913K(29312K)->28913K(29312K) NonClass: 24045K(24256K)->24045K(24256K) Class: 4868K(5056K)->4868K(5056K)
[4322.667s][info][gc             ] GC(1202) Pause Young (Concurrent Start) (G1 Evacuation Pause) 3564M->1390M(4096M) 117.150ms
[4322.667s][info][gc             ] GC(1203) Concurrent Mark Cycle
[4322.667s][info][gc,marking     ] GC(1203) Concurrent Scan Root Regions
[4322.667s][info][gc,cpu         ] GC(1202) User=0.69s Sys=0.00s Real=0.12s
[4322.853s][info][gc,marking     ] GC(1203) Concurrent Scan Root Regions 186.174ms
[4322.853s][info][gc,marking     ] GC(1203) Concurrent Mark
[4322.853s][info][gc,marking     ] GC(1203) Concurrent Mark From Roots
[4322.853s][info][gc,task        ] GC(1203) Using 2 workers of 2 for marking
.[4323.913s][info][gc,marking     ] GC(1203) Concurrent Mark From Roots 1059.571ms
[4323.913s][info][gc,marking     ] GC(1203) Concurrent Preclean
[4323.913s][info][gc,marking     ] GC(1203) Concurrent Preclean 0.100ms
[4323.913s][info][gc,start       ] GC(1203) Pause Remark
[4323.917s][info][gc             ] GC(1203) Pause Remark 2586M->2586M(4096M) 3.765ms
[4323.917s][info][gc,cpu         ] GC(1203) User=0.02s Sys=0.00s Real=0.00s
[4323.918s][info][gc,marking     ] GC(1203) Concurrent Mark 1064.981ms
[4323.918s][info][gc,marking     ] GC(1203) Concurrent Rebuild Remembered Sets and Scrub Regions
[4324.274s][info][gc,marking     ] GC(1203) Concurrent Rebuild Remembered Sets and Scrub Regions 356.001ms
[4324.274s][info][gc,start       ] GC(1203) Pause Cleanup
[4324.275s][info][gc             ] GC(1203) Pause Cleanup 2964M->2964M(4096M) 0.117ms
[4324.275s][info][gc,cpu         ] GC(1203) User=0.00s Sys=0.00s Real=0.00s
[4324.275s][info][gc,marking     ] GC(1203) Concurrent Clear Claimed Marks
[4324.275s][info][gc,marking     ] GC(1203) Concurrent Clear Claimed Marks 0.024ms
[4324.275s][info][gc,marking     ] GC(1203) Concurrent Cleanup for Next Mark
[4324.279s][info][gc,marking     ] GC(1203) Concurrent Cleanup for Next Mark 4.390ms
[4324.279s][info][gc             ] GC(1203) Concurrent Mark Cycle 1612.094ms
.[4324.945s][info][gc,start       ] GC(1204) Pause Young (Prepare Mixed) (G1 Evacuation Pause)
[4324.945s][info][gc,task        ] GC(1204) Using 6 workers of 6 for evacuation
[4325.063s][info][gc,phases      ] GC(1204)   Pre Evacuate Collection Set: 0.32ms
[4325.063s][info][gc,phases      ] GC(1204)   Merge Heap Roots: 0.49ms
[4325.063s][info][gc,phases      ] GC(1204)   Evacuate Collection Set: 116.16ms
[4325.063s][info][gc,phases      ] GC(1204)   Post Evacuate Collection Set: 0.91ms
[4325.063s][info][gc,phases      ] GC(1204)   Other: 0.08ms
[4325.063s][info][gc,heap        ] GC(1204) Eden regions: 1120->0(1104)
[4325.063s][info][gc,heap        ] GC(1204) Survivor regions: 108->111(154)
[4325.063s][info][gc,heap        ] GC(1204) Old regions: 508->539
[4325.063s][info][gc,heap        ] GC(1204) Humongous regions: 80->80
[4325.063s][info][gc,metaspace   ] GC(1204) Metaspace: 28913K(29312K)->28913K(29312K) NonClass: 24045K(24256K)->24045K(24256K) Class: 4868K(5056K)->4868K(5056K)
[4325.063s][info][gc             ] GC(1204) Pause Young (Prepare Mixed) (G1 Evacuation Pause) 3630M->1458M(4096M) 118.100ms
[4325.063s][info][gc,cpu         ] GC(1204) User=0.70s Sys=0.00s Real=0.12s
..[4327.312s][info][gc,start       ] GC(1205) Pause Young (Mixed) (G1 Evacuation Pause)
[4327.312s][info][gc,task        ] GC(1205) Using 6 workers of 6 for evacuation
[4327.443s][info][gc,phases      ] GC(1205)   Pre Evacuate Collection Set: 0.34ms
[4327.443s][info][gc,phases      ] GC(1205)   Merge Heap Roots: 0.64ms
[4327.443s][info][gc,phases      ] GC(1205)   Evacuate Collection Set: 129.06ms
[4327.443s][info][gc,phases      ] GC(1205)   Post Evacuate Collection Set: 0.93ms
[4327.443s][info][gc,phases      ] GC(1205)   Other: 0.10ms
[4327.443s][info][gc,heap        ] GC(1205) Eden regions: 1104->0(1122)
[4327.443s][info][gc,heap        ] GC(1205) Survivor regions: 111->106(152)
[4327.443s][info][gc,heap        ] GC(1205) Old regions: 539->476
[4327.443s][info][gc,heap        ] GC(1205) Humongous regions: 80->80
[4327.443s][info][gc,metaspace   ] GC(1205) Metaspace: 28913K(29312K)->28913K(29312K) NonClass: 24045K(24256K)->24045K(24256K) Class: 4868K(5056K)->4868K(5056K)
[4327.443s][info][gc             ] GC(1205) Pause Young (Mixed) (G1 Evacuation Pause) 3666M->1322M(4096M) 131.210ms
[4327.443s][info][gc,cpu         ] GC(1205) User=0.77s Sys=0.01s Real=0.13s
...[4329.769s][info][gc,start       ] GC(1206) Pause Young (Concurrent Start) (G1 Evacuation Pause)
[4329.769s][info][gc,task        ] GC(1206) Using 6 workers of 6 for evacuation
[4329.885s][info][gc,phases      ] GC(1206)   Pre Evacuate Collection Set: 0.34ms
[4329.885s][info][gc,phases      ] GC(1206)   Merge Heap Roots: 0.46ms
[4329.885s][info][gc,phases      ] GC(1206)   Evacuate Collection Set: 114.47ms
[4329.885s][info][gc,phases      ] GC(1206)   Post Evacuate Collection Set: 0.88ms
[4329.885s][info][gc,phases      ] GC(1206)   Other: 0.11ms
[4329.885s][info][gc,heap        ] GC(1206) Eden regions: 1122->0(1120)
[4329.885s][info][gc,heap        ] GC(1206) Survivor regions: 106->108(154)
[4329.885s][info][gc,heap        ] GC(1206) Old regions: 476->508
[4329.885s][info][gc,heap        ] GC(1206) Humongous regions: 80->80
[4329.885s][info][gc,metaspace   ] GC(1206) Metaspace: 28913K(29312K)->28913K(29312K) NonClass: 24045K(24256K)->24045K(24256K) Class: 4868K(5056K)->4868K(5056K)
[4329.885s][info][gc             ] GC(1206) Pause Young (Concurrent Start) (G1 Evacuation Pause) 3566M->1390M(4096M) 116.385ms
[4329.885s][info][gc             ] GC(1207) Concurrent Mark Cycle
[4329.886s][info][gc,marking     ] GC(1207) Concurrent Scan Root Regions
[4329.886s][info][gc,cpu         ] GC(1206) User=0.69s Sys=0.00s Real=0.12s
[4330.070s][info][gc,marking     ] GC(1207) Concurrent Scan Root Regions 184.389ms
[4330.070s][info][gc,marking     ] GC(1207) Concurrent Mark
[4330.070s][info][gc,marking     ] GC(1207) Concurrent Mark From Roots
[4330.070s][info][gc,task        ] GC(1207) Using 2 workers of 2 for marking
.[4331.058s][info][gc,marking     ] GC(1207) Concurrent Mark From Roots 987.756ms
[4331.058s][info][gc,marking     ] GC(1207) Concurrent Preclean
[4331.058s][info][gc,marking     ] GC(1207) Concurrent Preclean 0.111ms
[4331.059s][info][gc,start       ] GC(1207) Pause Remark
[4331.064s][info][gc             ] GC(1207) Pause Remark 2510M->2510M(4096M) 4.790ms
[4331.064s][info][gc,cpu         ] GC(1207) User=0.02s Sys=0.00s Real=0.01s
[4331.064s][info][gc,marking     ] GC(1207) Concurrent Mark 993.701ms
[4331.064s][info][gc,marking     ] GC(1207) Concurrent Rebuild Remembered Sets and Scrub Regions
[4331.332s][info][gc,marking     ] GC(1207) Concurrent Rebuild Remembered Sets and Scrub Regions 268.643ms
[4331.332s][info][gc,start       ] GC(1207) Pause Cleanup
[4331.333s][info][gc             ] GC(1207) Pause Cleanup 2784M->2784M(4096M) 0.116ms
[4331.333s][info][gc,cpu         ] GC(1207) User=0.00s Sys=0.00s Real=0.00s
[4331.333s][info][gc,marking     ] GC(1207) Concurrent Clear Claimed Marks
[4331.333s][info][gc,marking     ] GC(1207) Concurrent Clear Claimed Marks 0.022ms
[4331.333s][info][gc,marking     ] GC(1207) Concurrent Cleanup for Next Mark
[4331.337s][info][gc,marking     ] GC(1207) Concurrent Cleanup for Next Mark 4.536ms
[4331.337s][info][gc             ] GC(1207) Concurrent Mark Cycle 1451.769ms
.[4332.205s][info][gc,start       ] GC(1208) Pause Young (Prepare Mixed) (G1 Evacuation Pause)
[4332.206s][info][gc,task        ] GC(1208) Using 6 workers of 6 for evacuation
[4332.327s][info][gc,phases      ] GC(1208)   Pre Evacuate Collection Set: 0.32ms
[4332.327s][info][gc,phases      ] GC(1208)   Merge Heap Roots: 0.58ms
[4332.327s][info][gc,phases      ] GC(1208)   Evacuate Collection Set: 119.43ms
[4332.327s][info][gc,phases      ] GC(1208)   Post Evacuate Collection Set: 0.94ms
[4332.327s][info][gc,phases      ] GC(1208)   Other: 0.10ms
[4332.327s][info][gc,heap        ] GC(1208) Eden regions: 1120->0(1102)
[4332.327s][info][gc,heap        ] GC(1208) Survivor regions: 108->112(154)
[4332.327s][info][gc,heap        ] GC(1208) Old regions: 508->539
[4332.327s][info][gc,heap        ] GC(1208) Humongous regions: 80->80
[4332.327s][info][gc,metaspace   ] GC(1208) Metaspace: 28913K(29312K)->28913K(29312K) NonClass: 24045K(24256K)->24045K(24256K) Class: 4868K(5056K)->4868K(5056K)
[4332.327s][info][gc             ] GC(1208) Pause Young (Prepare Mixed) (G1 Evacuation Pause) 3630M->1460M(4096M) 121.516ms
[4332.327s][info][gc,cpu         ] GC(1208) User=0.72s Sys=0.00s Real=0.12s
..[4334.563s][info][gc,start       ] GC(1209) Pause Young (Mixed) (G1 Evacuation Pause)
[4334.563s][info][gc,task        ] GC(1209) Using 6 workers of 6 for evacuation
[4334.695s][info][gc,phases      ] GC(1209)   Pre Evacuate Collection Set: 0.36ms
[4334.695s][info][gc,phases      ] GC(1209)   Merge Heap Roots: 0.73ms
[4334.695s][info][gc,phases      ] GC(1209)   Evacuate Collection Set: 130.31ms
[4334.695s][info][gc,phases      ] GC(1209)   Post Evacuate Collection Set: 0.96ms
[4334.695s][info][gc,phases      ] GC(1209)   Other: 0.09ms
[4334.695s][info][gc,heap        ] GC(1209) Eden regions: 1102->0(1121)
[4334.695s][info][gc,heap        ] GC(1209) Survivor regions: 112->107(152)
[4334.695s][info][gc,heap        ] GC(1209) Old regions: 539->475
[4334.695s][info][gc,heap        ] GC(1209) Humongous regions: 80->80
[4334.695s][info][gc,metaspace   ] GC(1209) Metaspace: 28913K(29312K)->28913K(29312K) NonClass: 24045K(24256K)->24045K(24256K) Class: 4868K(5056K)->4868K(5056K)
[4334.695s][info][gc             ] GC(1209) Pause Young (Mixed) (G1 Evacuation Pause) 3664M->1321M(4096M) 132.603ms
[4334.695s][info][gc,cpu         ] GC(1209) User=0.79s Sys=0.00s Real=0.13s
...[4336.997s][info][gc,start       ] GC(1210) Pause Young (Concurrent Start) (G1 Evacuation Pause)
[4336.997s][info][gc,task        ] GC(1210) Using 6 workers of 6 for evacuation
[4337.118s][info][gc,phases      ] GC(1210)   Pre Evacuate Collection Set: 0.33ms
[4337.118s][info][gc,phases      ] GC(1210)   Merge Heap Roots: 0.46ms
[4337.118s][info][gc,phases      ] GC(1210)   Evacuate Collection Set: 118.96ms
[4337.118s][info][gc,phases      ] GC(1210)   Post Evacuate Collection Set: 0.85ms
[4337.118s][info][gc,phases      ] GC(1210)   Other: 0.09ms
[4337.118s][info][gc,heap        ] GC(1210) Eden regions: 1121->0(1117)
[4337.118s][info][gc,heap        ] GC(1210) Survivor regions: 107->111(154)
[4337.118s][info][gc,heap        ] GC(1210) Old regions: 475->507
[4337.118s][info][gc,heap        ] GC(1210) Humongous regions: 80->80
[4337.118s][info][gc,metaspace   ] GC(1210) Metaspace: 28913K(29312K)->28913K(29312K) NonClass: 24045K(24256K)->24045K(24256K) Class: 4868K(5056K)->4868K(5056K)
[4337.118s][info][gc             ] GC(1210) Pause Young (Concurrent Start) (G1 Evacuation Pause) 3563M->1395M(4096M) 120.835ms
[4337.118s][info][gc             ] GC(1211) Concurrent Mark Cycle
[4337.118s][info][gc,marking     ] GC(1211) Concurrent Scan Root Regions
[4337.118s][info][gc,cpu         ] GC(1210) User=0.72s Sys=0.00s Real=0.12s
[4337.326s][info][gc,marking     ] GC(1211) Concurrent Scan Root Regions 208.543ms
[4337.326s][info][gc,marking     ] GC(1211) Concurrent Mark
[4337.326s][info][gc,marking     ] GC(1211) Concurrent Mark From Roots
[4337.326s][info][gc,task        ] GC(1211) Using 2 workers of 2 for marking
.[4338.321s][info][gc,marking     ] GC(1211) Concurrent Mark From Roots 994.878ms
[4338.321s][info][gc,marking     ] GC(1211) Concurrent Preclean
[4338.321s][info][gc,marking     ] GC(1211) Concurrent Preclean 0.116ms
[4338.324s][info][gc,start       ] GC(1211) Pause Remark
[4338.328s][info][gc             ] GC(1211) Pause Remark 2569M->2569M(4096M) 4.368ms
[4338.328s][info][gc,cpu         ] GC(1211) User=0.02s Sys=0.00s Real=0.00s
[4338.328s][info][gc,marking     ] GC(1211) Concurrent Mark 1002.002ms
[4338.328s][info][gc,marking     ] GC(1211) Concurrent Rebuild Remembered Sets and Scrub Regions
.[4338.806s][info][gc,marking     ] GC(1211) Concurrent Rebuild Remembered Sets and Scrub Regions 477.916ms
[4338.809s][info][gc,start       ] GC(1211) Pause Cleanup
[4338.809s][info][gc             ] GC(1211) Pause Cleanup 3067M->3067M(4096M) 0.133ms
[4338.809s][info][gc,cpu         ] GC(1211) User=0.00s Sys=0.00s Real=0.00s
[4338.809s][info][gc,marking     ] GC(1211) Concurrent Clear Claimed Marks
[4338.809s][info][gc,marking     ] GC(1211) Concurrent Clear Claimed Marks 0.032ms
[4338.809s][info][gc,marking     ] GC(1211) Concurrent Cleanup for Next Mark
[4338.814s][info][gc,marking     ] GC(1211) Concurrent Cleanup for Next Mark 4.710ms
[4338.814s][info][gc             ] GC(1211) Concurrent Mark Cycle 1696.267ms
[4339.353s][info][gc,start       ] GC(1212) Pause Young (Prepare Mixed) (G1 Evacuation Pause)
[4339.353s][info][gc,task        ] GC(1212) Using 6 workers of 6 for evacuation
[4339.471s][info][gc,phases      ] GC(1212)   Pre Evacuate Collection Set: 0.36ms
[4339.471s][info][gc,phases      ] GC(1212)   Merge Heap Roots: 0.52ms
[4339.471s][info][gc,phases      ] GC(1212)   Evacuate Collection Set: 115.72ms
[4339.471s][info][gc,phases      ] GC(1212)   Post Evacuate Collection Set: 0.91ms
[4339.471s][info][gc,phases      ] GC(1212)   Other: 0.09ms
[4339.471s][info][gc,heap        ] GC(1212) Eden regions: 1117->0(1107)
[4339.471s][info][gc,heap        ] GC(1212) Survivor regions: 111->110(154)
[4339.471s][info][gc,heap        ] GC(1212) Old regions: 507->538
[4339.471s][info][gc,heap        ] GC(1212) Humongous regions: 80->80
[4339.471s][info][gc,metaspace   ] GC(1212) Metaspace: 28913K(29312K)->28913K(29312K) NonClass: 24045K(24256K)->24045K(24256K) Class: 4868K(5056K)->4868K(5056K)
[4339.471s][info][gc             ] GC(1212) Pause Young (Prepare Mixed) (G1 Evacuation Pause) 3629M->1453M(4096M) 117.742ms
[4339.471s][info][gc,cpu         ] GC(1212) User=0.70s Sys=0.00s Real=0.12s
..[4341.775s][info][gc,start       ] GC(1213) Pause Young (Mixed) (G1 Evacuation Pause)
[4341.775s][info][gc,task        ] GC(1213) Using 6 workers of 6 for evacuation
[4341.911s][info][gc,phases      ] GC(1213)   Pre Evacuate Collection Set: 0.35ms
[4341.911s][info][gc,phases      ] GC(1213)   Merge Heap Roots: 0.72ms
[4341.911s][info][gc,phases      ] GC(1213)   Evacuate Collection Set: 133.82ms
[4341.911s][info][gc,phases      ] GC(1213)   Post Evacuate Collection Set: 0.94ms
[4341.911s][info][gc,phases      ] GC(1213)   Other: 0.09ms
[4341.911s][info][gc,heap        ] GC(1213) Eden regions: 1107->0(1117)
[4341.911s][info][gc,heap        ] GC(1213) Survivor regions: 110->111(153)
[4341.911s][info][gc,heap        ] GC(1213) Old regions: 538->475
[4341.911s][info][gc,heap        ] GC(1213) Humongous regions: 80->80
[4341.911s][info][gc,metaspace   ] GC(1213) Metaspace: 28913K(29312K)->28913K(29312K) NonClass: 24045K(24256K)->24045K(24256K) Class: 4868K(5056K)->4868K(5056K)
[4341.911s][info][gc             ] GC(1213) Pause Young (Mixed) (G1 Evacuation Pause) 3667M->1331M(4096M) 136.034ms
[4341.911s][info][gc,cpu         ] GC(1213) User=0.81s Sys=0.00s Real=0.13s
...[4344.198s][info][gc,start       ] GC(1214) Pause Young (Concurrent Start) (G1 Evacuation Pause)
[4344.198s][info][gc,task        ] GC(1214) Using 6 workers of 6 for evacuation
[4344.315s][info][gc,phases      ] GC(1214)   Pre Evacuate Collection Set: 0.36ms
[4344.315s][info][gc,phases      ] GC(1214)   Merge Heap Roots: 0.46ms
[4344.315s][info][gc,phases      ] GC(1214)   Evacuate Collection Set: 115.04ms
[4344.315s][info][gc,phases      ] GC(1214)   Post Evacuate Collection Set: 0.87ms
[4344.315s][info][gc,phases      ] GC(1214)   Other: 0.10ms
[4344.315s][info][gc,heap        ] GC(1214) Eden regions: 1117->0(1118)
[4344.315s][info][gc,heap        ] GC(1214) Survivor regions: 111->110(154)
[4344.315s][info][gc,heap        ] GC(1214) Old regions: 475->507
[4344.315s][info][gc,heap        ] GC(1214) Humongous regions: 80->80
[4344.315s][info][gc,metaspace   ] GC(1214) Metaspace: 28913K(29312K)->28913K(29312K) NonClass: 24045K(24256K)->24045K(24256K) Class: 4868K(5056K)->4868K(5056K)
[4344.315s][info][gc             ] GC(1214) Pause Young (Concurrent Start) (G1 Evacuation Pause) 3565M->1393M(4096M) 116.966ms
[4344.315s][info][gc             ] GC(1215) Concurrent Mark Cycle
[4344.315s][info][gc,marking     ] GC(1215) Concurrent Scan Root Regions
[4344.315s][info][gc,cpu         ] GC(1214) User=0.70s Sys=0.00s Real=0.12s
[4344.456s][info][gc,marking     ] GC(1215) Concurrent Scan Root Regions 140.463ms
[4344.456s][info][gc,marking     ] GC(1215) Concurrent Mark
[4344.456s][info][gc,marking     ] GC(1215) Concurrent Mark From Roots
[4344.456s][info][gc,task        ] GC(1215) Using 2 workers of 2 for marking
[4345.018s][info][gc,marking     ] GC(1215) Concurrent Mark From Roots 561.618ms
[4345.018s][info][gc,marking     ] GC(1215) Concurrent Preclean
[4345.018s][info][gc,marking     ] GC(1215) Concurrent Preclean 0.090ms
[4345.018s][info][gc,start       ] GC(1215) Pause Remark
[4345.021s][info][gc             ] GC(1215) Pause Remark 1952M->1952M(4096M) 3.282ms
[4345.021s][info][gc,cpu         ] GC(1215) User=0.02s Sys=0.00s Real=0.01s
[4345.023s][info][gc,marking     ] GC(1215) Concurrent Mark 566.830ms
[4345.023s][info][gc,marking     ] GC(1215) Concurrent Rebuild Remembered Sets and Scrub Regions
.[4345.281s][info][gc,marking     ] GC(1215) Concurrent Rebuild Remembered Sets and Scrub Regions 258.008ms
[4345.284s][info][gc,start       ] GC(1215) Pause Cleanup
[4345.284s][info][gc             ] GC(1215) Pause Cleanup 2199M->2199M(4096M) 0.155ms
[4345.284s][info][gc,cpu         ] GC(1215) User=0.00s Sys=0.00s Real=0.00s
[4345.284s][info][gc,marking     ] GC(1215) Concurrent Clear Claimed Marks
[4345.284s][info][gc,marking     ] GC(1215) Concurrent Clear Claimed Marks 0.035ms
[4345.284s][info][gc,marking     ] GC(1215) Concurrent Cleanup for Next Mark
[4345.289s][info][gc,marking     ] GC(1215) Concurrent Cleanup for Next Mark 5.444ms
[4345.290s][info][gc             ] GC(1215) Concurrent Mark Cycle 974.122ms
.[4346.681s][info][gc,start       ] GC(1216) Pause Young (Prepare Mixed) (G1 Evacuation Pause)
[4346.681s][info][gc,task        ] GC(1216) Using 6 workers of 6 for evacuation
[4346.796s][info][gc,phases      ] GC(1216)   Pre Evacuate Collection Set: 0.35ms
[4346.796s][info][gc,phases      ] GC(1216)   Merge Heap Roots: 0.50ms
[4346.796s][info][gc,phases      ] GC(1216)   Evacuate Collection Set: 113.63ms
[4346.796s][info][gc,phases      ] GC(1216)   Post Evacuate Collection Set: 0.92ms
[4346.796s][info][gc,phases      ] GC(1216)   Other: 0.09ms
[4346.796s][info][gc,heap        ] GC(1216) Eden regions: 1118->0(1108)
[4346.796s][info][gc,heap        ] GC(1216) Survivor regions: 110->109(154)
[4346.796s][info][gc,heap        ] GC(1216) Old regions: 507->539
[4346.796s][info][gc,heap        ] GC(1216) Humongous regions: 80->80
[4346.796s][info][gc,metaspace   ] GC(1216) Metaspace: 28913K(29312K)->28913K(29312K) NonClass: 24045K(24256K)->24045K(24256K) Class: 4868K(5056K)->4868K(5056K)
[4346.796s][info][gc             ] GC(1216) Pause Young (Prepare Mixed) (G1 Evacuation Pause) 3629M->1453M(4096M) 115.630ms
[4346.796s][info][gc,cpu         ] GC(1216) User=0.69s Sys=0.00s Real=0.12s
...[4349.107s][info][gc,start       ] GC(1217) Pause Young (Mixed) (G1 Evacuation Pause)
[4349.108s][info][gc,task        ] GC(1217) Using 6 workers of 6 for evacuation
[4349.241s][info][gc,phases      ] GC(1217)   Pre Evacuate Collection Set: 0.36ms
[4349.241s][info][gc,phases      ] GC(1217)   Merge Heap Roots: 0.75ms
[4349.241s][info][gc,phases      ] GC(1217)   Evacuate Collection Set: 131.69ms
[4349.241s][info][gc,phases      ] GC(1217)   Post Evacuate Collection Set: 0.92ms
[4349.241s][info][gc,phases      ] GC(1217)   Other: 0.09ms
[4349.241s][info][gc,heap        ] GC(1217) Eden regions: 1108->0(1118)
[4349.241s][info][gc,heap        ] GC(1217) Survivor regions: 109->110(153)
[4349.241s][info][gc,heap        ] GC(1217) Old regions: 539->475
[4349.241s][info][gc,heap        ] GC(1217) Humongous regions: 80->80
[4349.241s][info][gc,metaspace   ] GC(1217) Metaspace: 28913K(29312K)->28913K(29312K) NonClass: 24045K(24256K)->24045K(24256K) Class: 4868K(5056K)->4868K(5056K)
[4349.241s][info][gc             ] GC(1217) Pause Young (Mixed) (G1 Evacuation Pause) 3669M->1329M(4096M) 133.934ms
[4349.241s][info][gc,cpu         ] GC(1217) User=0.80s Sys=0.00s Real=0.14s
..[4351.512s][info][gc,start       ] GC(1218) Pause Young (Concurrent Start) (G1 Evacuation Pause)
[4351.512s][info][gc,task        ] GC(1218) Using 6 workers of 6 for evacuation
[4351.628s][info][gc,phases      ] GC(1218)   Pre Evacuate Collection Set: 0.33ms
[4351.629s][info][gc,phases      ] GC(1218)   Merge Heap Roots: 0.47ms
[4351.629s][info][gc,phases      ] GC(1218)   Evacuate Collection Set: 114.26ms
[4351.629s][info][gc,phases      ] GC(1218)   Post Evacuate Collection Set: 0.88ms
[4351.629s][info][gc,phases      ] GC(1218)   Other: 0.10ms
[4351.629s][info][gc,heap        ] GC(1218) Eden regions: 1118->0(1120)
[4351.629s][info][gc,heap        ] GC(1218) Survivor regions: 110->108(154)
[4351.629s][info][gc,heap        ] GC(1218) Old regions: 475->507
[4351.629s][info][gc,heap        ] GC(1218) Humongous regions: 80->80
[4351.629s][info][gc,metaspace   ] GC(1218) Metaspace: 28913K(29312K)->28913K(29312K) NonClass: 24045K(24256K)->24045K(24256K) Class: 4868K(5056K)->4868K(5056K)
[4351.629s][info][gc             ] GC(1218) Pause Young (Concurrent Start) (G1 Evacuation Pause) 3565M->1388M(4096M) 116.200ms
[4351.629s][info][gc             ] GC(1219) Concurrent Mark Cycle
[4351.629s][info][gc,marking     ] GC(1219) Concurrent Scan Root Regions
[4351.629s][info][gc,cpu         ] GC(1218) User=0.69s Sys=0.00s Real=0.11s
[4351.741s][info][gc,marking     ] GC(1219) Concurrent Scan Root Regions 112.054ms
[4351.741s][info][gc,marking     ] GC(1219) Concurrent Mark
[4351.741s][info][gc,marking     ] GC(1219) Concurrent Mark From Roots
[4351.741s][info][gc,task        ] GC(1219) Using 2 workers of 2 for marking
.[4352.464s][info][gc,marking     ] GC(1219) Concurrent Mark From Roots 723.584ms
[4352.464s][info][gc,marking     ] GC(1219) Concurrent Preclean
[4352.464s][info][gc,marking     ] GC(1219) Concurrent Preclean 0.095ms
[4352.465s][info][gc,start       ] GC(1219) Pause Remark
[4352.468s][info][gc             ] GC(1219) Pause Remark 2077M->2077M(4096M) 3.252ms
[4352.468s][info][gc,cpu         ] GC(1219) User=0.02s Sys=0.00s Real=0.00s
[4352.468s][info][gc,marking     ] GC(1219) Concurrent Mark 727.167ms
[4352.468s][info][gc,marking     ] GC(1219) Concurrent Rebuild Remembered Sets and Scrub Regions
[4352.777s][info][gc,marking     ] GC(1219) Concurrent Rebuild Remembered Sets and Scrub Regions 309.129ms
[4352.777s][info][gc,start       ] GC(1219) Pause Cleanup
[4352.777s][info][gc             ] GC(1219) Pause Cleanup 2317M->2317M(4096M) 0.099ms
[4352.777s][info][gc,cpu         ] GC(1219) User=0.00s Sys=0.00s Real=0.00s
[4352.779s][info][gc,marking     ] GC(1219) Concurrent Clear Claimed Marks
[4352.779s][info][gc,marking     ] GC(1219) Concurrent Clear Claimed Marks 0.044ms
[4352.779s][info][gc,marking     ] GC(1219) Concurrent Cleanup for Next Mark
[4352.793s][info][gc,marking     ] GC(1219) Concurrent Cleanup for Next Mark 13.831ms
[4352.793s][info][gc             ] GC(1219) Concurrent Mark Cycle 1164.079ms
.[4353.964s][info][gc,start       ] GC(1220) Pause Young (Prepare Mixed) (G1 Evacuation Pause)
[4353.964s][info][gc,task        ] GC(1220) Using 6 workers of 6 for evacuation
[4354.080s][info][gc,phases      ] GC(1220)   Pre Evacuate Collection Set: 0.34ms
[4354.080s][info][gc,phases      ] GC(1220)   Merge Heap Roots: 0.53ms
[4354.080s][info][gc,phases      ] GC(1220)   Evacuate Collection Set: 114.05ms
[4354.080s][info][gc,phases      ] GC(1220)   Post Evacuate Collection Set: 0.90ms
[4354.080s][info][gc,phases      ] GC(1220)   Other: 0.10ms
[4354.080s][info][gc,heap        ] GC(1220) Eden regions: 1120->0(1108)
[4354.080s][info][gc,heap        ] GC(1220) Survivor regions: 108->109(154)
[4354.080s][info][gc,heap        ] GC(1220) Old regions: 507->539
[4354.080s][info][gc,heap        ] GC(1220) Humongous regions: 80->80
[4354.080s][info][gc,metaspace   ] GC(1220) Metaspace: 28913K(29312K)->28913K(29312K) NonClass: 24045K(24256K)->24045K(24256K) Class: 4868K(5056K)->4868K(5056K)
[4354.080s][info][gc             ] GC(1220) Pause Young (Prepare Mixed) (G1 Evacuation Pause) 3628M->1454M(4096M) 116.062ms
[4354.080s][info][gc,cpu         ] GC(1220) User=0.69s Sys=0.00s Real=0.11s
...[4356.331s][info][gc,start       ] GC(1221) Pause Young (Mixed) (G1 Evacuation Pause)
[4356.331s][info][gc,task        ] GC(1221) Using 6 workers of 6 for evacuation
[4356.462s][info][gc,phases      ] GC(1221)   Pre Evacuate Collection Set: 0.40ms
[4356.462s][info][gc,phases      ] GC(1221)   Merge Heap Roots: 0.75ms
[4356.462s][info][gc,phases      ] GC(1221)   Evacuate Collection Set: 129.00ms
[4356.462s][info][gc,phases      ] GC(1221)   Post Evacuate Collection Set: 0.97ms
[4356.462s][info][gc,phases      ] GC(1221)   Other: 0.09ms
[4356.462s][info][gc,heap        ] GC(1221) Eden regions: 1108->0(1121)
[4356.462s][info][gc,heap        ] GC(1221) Survivor regions: 109->107(153)
[4356.462s][info][gc,heap        ] GC(1221) Old regions: 539->475
[4356.462s][info][gc,heap        ] GC(1221) Humongous regions: 80->80
[4356.462s][info][gc,metaspace   ] GC(1221) Metaspace: 28913K(29312K)->28913K(29312K) NonClass: 24045K(24256K)->24045K(24256K) Class: 4868K(5056K)->4868K(5056K)
[4356.462s][info][gc             ] GC(1221) Pause Young (Mixed) (G1 Evacuation Pause) 3670M->1322M(4096M) 131.353ms
[4356.462s][info][gc,cpu         ] GC(1221) User=0.79s Sys=0.00s Real=0.14s
..[4358.865s][info][gc,start       ] GC(1222) Pause Young (Concurrent Start) (G1 Evacuation Pause)
[4358.865s][info][gc,task        ] GC(1222) Using 6 workers of 6 for evacuation
[4358.985s][info][gc,phases      ] GC(1222)   Pre Evacuate Collection Set: 0.39ms
[4358.985s][info][gc,phases      ] GC(1222)   Merge Heap Roots: 0.46ms
[4358.985s][info][gc,phases      ] GC(1222)   Evacuate Collection Set: 117.87ms
[4358.985s][info][gc,phases      ] GC(1222)   Post Evacuate Collection Set: 0.88ms
[4358.985s][info][gc,phases      ] GC(1222)   Other: 0.12ms
[4358.985s][info][gc,heap        ] GC(1222) Eden regions: 1121->0(1115)
[4358.985s][info][gc,heap        ] GC(1222) Survivor regions: 107->113(154)
[4358.985s][info][gc,heap        ] GC(1222) Old regions: 475->507
[4358.985s][info][gc,heap        ] GC(1222) Humongous regions: 80->80
[4358.985s][info][gc,metaspace   ] GC(1222) Metaspace: 28913K(29312K)->28913K(29312K) NonClass: 24045K(24256K)->24045K(24256K) Class: 4868K(5056K)->4868K(5056K)
[4358.985s][info][gc             ] GC(1222) Pause Young (Concurrent Start) (G1 Evacuation Pause) 3564M->1398M(4096M) 119.865ms
[4358.985s][info][gc             ] GC(1223) Concurrent Mark Cycle
[4358.985s][info][gc,marking     ] GC(1223) Concurrent Scan Root Regions
[4358.985s][info][gc,cpu         ] GC(1222) User=0.71s Sys=0.00s Real=0.12s
[4359.121s][info][gc,marking     ] GC(1223) Concurrent Scan Root Regions 135.930ms
[4359.121s][info][gc,marking     ] GC(1223) Concurrent Mark
[4359.121s][info][gc,marking     ] GC(1223) Concurrent Mark From Roots
[4359.121s][info][gc,task        ] GC(1223) Using 2 workers of 2 for marking
.[4359.750s][info][gc,marking     ] GC(1223) Concurrent Mark From Roots 629.088ms
[4359.750s][info][gc,marking     ] GC(1223) Concurrent Preclean
[4359.750s][info][gc,marking     ] GC(1223) Concurrent Preclean 0.118ms
[4359.752s][info][gc,start       ] GC(1223) Pause Remark
[4359.755s][info][gc             ] GC(1223) Pause Remark 2052M->2052M(4096M) 2.984ms
[4359.755s][info][gc,cpu         ] GC(1223) User=0.02s Sys=0.00s Real=0.00s
[4359.756s][info][gc,marking     ] GC(1223) Concurrent Mark 634.625ms
[4359.756s][info][gc,marking     ] GC(1223) Concurrent Rebuild Remembered Sets and Scrub Regions
[4359.967s][info][gc,marking     ] GC(1223) Concurrent Rebuild Remembered Sets and Scrub Regions 211.674ms
[4359.967s][info][gc,start       ] GC(1223) Pause Cleanup
[4359.968s][info][gc             ] GC(1223) Pause Cleanup 2243M->2243M(4096M) 0.104ms
[4359.968s][info][gc,cpu         ] GC(1223) User=0.00s Sys=0.00s Real=0.00s
[4359.968s][info][gc,marking     ] GC(1223) Concurrent Clear Claimed Marks
[4359.968s][info][gc,marking     ] GC(1223) Concurrent Clear Claimed Marks 0.019ms
[4359.968s][info][gc,marking     ] GC(1223) Concurrent Cleanup for Next Mark
[4359.976s][info][gc,marking     ] GC(1223) Concurrent Cleanup for Next Mark 8.729ms
[4359.976s][info][gc             ] GC(1223) Concurrent Mark Cycle 991.520ms
.[4361.263s][info][gc,start       ] GC(1224) Pause Young (Prepare Mixed) (G1 Evacuation Pause)
[4361.263s][info][gc,task        ] GC(1224) Using 6 workers of 6 for evacuation
[4361.383s][info][gc,phases      ] GC(1224)   Pre Evacuate Collection Set: 0.35ms
[4361.383s][info][gc,phases      ] GC(1224)   Merge Heap Roots: 0.52ms
[4361.383s][info][gc,phases      ] GC(1224)   Evacuate Collection Set: 118.56ms
[4361.383s][info][gc,phases      ] GC(1224)   Post Evacuate Collection Set: 0.94ms
[4361.383s][info][gc,phases      ] GC(1224)   Other: 0.09ms
[4361.383s][info][gc,heap        ] GC(1224) Eden regions: 1115->0(1099)
[4361.383s][info][gc,heap        ] GC(1224) Survivor regions: 113->114(154)
[4361.383s][info][gc,heap        ] GC(1224) Old regions: 507->538
[4361.383s][info][gc,heap        ] GC(1224) Humongous regions: 80->80
[4361.383s][info][gc,metaspace   ] GC(1224) Metaspace: 28913K(29312K)->28913K(29312K) NonClass: 24045K(24256K)->24045K(24256K) Class: 4868K(5056K)->4868K(5056K)
[4361.383s][info][gc             ] GC(1224) Pause Young (Prepare Mixed) (G1 Evacuation Pause) 3628M->1462M(4096M) 120.604ms
[4361.383s][info][gc,cpu         ] GC(1224) User=0.71s Sys=0.00s Real=0.12s
...[4363.570s][info][gc,start       ] GC(1225) Pause Young (Mixed) (G1 Evacuation Pause)
[4363.570s][info][gc,task        ] GC(1225) Using 6 workers of 6 for evacuation
[4363.701s][info][gc,phases      ] GC(1225)   Pre Evacuate Collection Set: 0.40ms
[4363.701s][info][gc,phases      ] GC(1225)   Merge Heap Roots: 0.66ms
[4363.701s][info][gc,phases      ] GC(1225)   Evacuate Collection Set: 129.38ms
[4363.701s][info][gc,phases      ] GC(1225)   Post Evacuate Collection Set: 0.96ms
[4363.701s][info][gc,phases      ] GC(1225)   Other: 0.09ms
[4363.701s][info][gc,heap        ] GC(1225) Eden regions: 1099->0(1122)
[4363.701s][info][gc,heap        ] GC(1225) Survivor regions: 114->106(152)
[4363.701s][info][gc,heap        ] GC(1225) Old regions: 538->475
[4363.701s][info][gc,heap        ] GC(1225) Humongous regions: 80->80
[4363.701s][info][gc,metaspace   ] GC(1225) Metaspace: 28913K(29312K)->28913K(29312K) NonClass: 24045K(24256K)->24045K(24256K) Class: 4868K(5056K)->4868K(5056K)
[4363.701s][info][gc             ] GC(1225) Pause Young (Mixed) (G1 Evacuation Pause) 3660M->1321M(4096M) 131.619ms
[4363.701s][info][gc,cpu         ] GC(1225) User=0.78s Sys=0.00s Real=0.14s
..[4366.051s][info][gc,start       ] GC(1226) Pause Young (Concurrent Start) (G1 Evacuation Pause)
[4366.052s][info][gc,task        ] GC(1226) Using 6 workers of 6 for evacuation
[4366.170s][info][gc,phases      ] GC(1226)   Pre Evacuate Collection Set: 0.39ms
[4366.170s][info][gc,phases      ] GC(1226)   Merge Heap Roots: 0.51ms
[4366.170s][info][gc,phases      ] GC(1226)   Evacuate Collection Set: 116.52ms
[4366.170s][info][gc,phases      ] GC(1226)   Post Evacuate Collection Set: 0.85ms
[4366.170s][info][gc,phases      ] GC(1226)   Other: 0.13ms
[4366.170s][info][gc,heap        ] GC(1226) Eden regions: 1122->0(1118)
[4366.170s][info][gc,heap        ] GC(1226) Survivor regions: 106->110(154)
[4366.170s][info][gc,heap        ] GC(1226) Old regions: 475->507
[4366.170s][info][gc,heap        ] GC(1226) Humongous regions: 80->80
[4366.170s][info][gc,metaspace   ] GC(1226) Metaspace: 28913K(29312K)->28913K(29312K) NonClass: 24045K(24256K)->24045K(24256K) Class: 4868K(5056K)->4868K(5056K)
[4366.170s][info][gc             ] GC(1226) Pause Young (Concurrent Start) (G1 Evacuation Pause) 3565M->1393M(4096M) 118.531ms
[4366.170s][info][gc             ] GC(1227) Concurrent Mark Cycle
[4366.170s][info][gc,marking     ] GC(1227) Concurrent Scan Root Regions
[4366.170s][info][gc,cpu         ] GC(1226) User=0.71s Sys=0.00s Real=0.11s
[4366.318s][info][gc,marking     ] GC(1227) Concurrent Scan Root Regions 147.948ms
[4366.318s][info][gc,marking     ] GC(1227) Concurrent Mark
[4366.318s][info][gc,marking     ] GC(1227) Concurrent Mark From Roots
[4366.318s][info][gc,task        ] GC(1227) Using 2 workers of 2 for marking
.[4367.024s][info][gc,marking     ] GC(1227) Concurrent Mark From Roots 706.188ms
[4367.024s][info][gc,marking     ] GC(1227) Concurrent Preclean
[4367.024s][info][gc,marking     ] GC(1227) Concurrent Preclean 0.102ms
[4367.027s][info][gc,start       ] GC(1227) Pause Remark
[4367.030s][info][gc             ] GC(1227) Pause Remark 2109M->2109M(4096M) 3.496ms
[4367.030s][info][gc,cpu         ] GC(1227) User=0.02s Sys=0.00s Real=0.00s
[4367.031s][info][gc,marking     ] GC(1227) Concurrent Mark 713.062ms
[4367.031s][info][gc,marking     ] GC(1227) Concurrent Rebuild Remembered Sets and Scrub Regions
[4367.313s][info][gc,marking     ] GC(1227) Concurrent Rebuild Remembered Sets and Scrub Regions 281.691ms
[4367.314s][info][gc,start       ] GC(1227) Pause Cleanup
[4367.314s][info][gc             ] GC(1227) Pause Cleanup 2419M->2419M(4096M) 0.124ms
[4367.314s][info][gc,cpu         ] GC(1227) User=0.00s Sys=0.00s Real=0.00s
[4367.314s][info][gc,marking     ] GC(1227) Concurrent Clear Claimed Marks
[4367.314s][info][gc,marking     ] GC(1227) Concurrent Clear Claimed Marks 0.028ms
[4367.314s][info][gc,marking     ] GC(1227) Concurrent Cleanup for Next Mark
[4367.319s][info][gc,marking     ] GC(1227) Concurrent Cleanup for Next Mark 4.723ms
[4367.319s][info][gc             ] GC(1227) Concurrent Mark Cycle 1149.083ms
.[4368.523s][info][gc,start       ] GC(1228) Pause Young (Prepare Mixed) (G1 Evacuation Pause)
[4368.523s][info][gc,task        ] GC(1228) Using 6 workers of 6 for evacuation
[4368.640s][info][gc,phases      ] GC(1228)   Pre Evacuate Collection Set: 0.35ms
[4368.640s][info][gc,phases      ] GC(1228)   Merge Heap Roots: 0.51ms
[4368.640s][info][gc,phases      ] GC(1228)   Evacuate Collection Set: 115.21ms
[4368.640s][info][gc,phases      ] GC(1228)   Post Evacuate Collection Set: 0.91ms
[4368.640s][info][gc,phases      ] GC(1228)   Other: 0.09ms
[4368.640s][info][gc,heap        ] GC(1228) Eden regions: 1118->0(1107)
[4368.640s][info][gc,heap        ] GC(1228) Survivor regions: 110->110(154)
[4368.640s][info][gc,heap        ] GC(1228) Old regions: 507->538
[4368.640s][info][gc,heap        ] GC(1228) Humongous regions: 80->80
[4368.640s][info][gc,metaspace   ] GC(1228) Metaspace: 28913K(29312K)->28913K(29312K) NonClass: 24045K(24256K)->24045K(24256K) Class: 4868K(5056K)->4868K(5056K)
[4368.640s][info][gc             ] GC(1228) Pause Young (Prepare Mixed) (G1 Evacuation Pause) 3629M->1455M(4096M) 117.190ms
[4368.640s][info][gc,cpu         ] GC(1228) User=0.70s Sys=0.00s Real=0.11s
...[4370.899s][info][gc,start       ] GC(1229) Pause Young (Mixed) (G1 Evacuation Pause)
[4370.899s][info][gc,task        ] GC(1229) Using 6 workers of 6 for evacuation
[4371.035s][info][gc,phases      ] GC(1229)   Pre Evacuate Collection Set: 0.36ms
[4371.035s][info][gc,phases      ] GC(1229)   Merge Heap Roots: 0.69ms
[4371.035s][info][gc,phases      ] GC(1229)   Evacuate Collection Set: 133.52ms
[4371.035s][info][gc,phases      ] GC(1229)   Post Evacuate Collection Set: 0.96ms
[4371.035s][info][gc,phases      ] GC(1229)   Other: 0.09ms
[4371.035s][info][gc,heap        ] GC(1229) Eden regions: 1107->0(1118)
[4371.035s][info][gc,heap        ] GC(1229) Survivor regions: 110->110(153)
[4371.035s][info][gc,heap        ] GC(1229) Old regions: 538->477
[4371.035s][info][gc,heap        ] GC(1229) Humongous regions: 80->80
[4371.035s][info][gc,metaspace   ] GC(1229) Metaspace: 28913K(29312K)->28913K(29312K) NonClass: 24045K(24256K)->24045K(24256K) Class: 4868K(5056K)->4868K(5056K)
[4371.035s][info][gc             ] GC(1229) Pause Young (Mixed) (G1 Evacuation Pause) 3669M->1332M(4096M) 135.740ms
[4371.035s][info][gc,cpu         ] GC(1229) User=0.81s Sys=0.00s Real=0.14s
..[4373.330s][info][gc,start       ] GC(1230) Pause Young (Concurrent Start) (G1 Evacuation Pause)
[4373.330s][info][gc,task        ] GC(1230) Using 6 workers of 6 for evacuation
[4373.450s][info][gc,phases      ] GC(1230)   Pre Evacuate Collection Set: 0.35ms
[4373.450s][info][gc,phases      ] GC(1230)   Merge Heap Roots: 0.52ms
[4373.450s][info][gc,phases      ] GC(1230)   Evacuate Collection Set: 117.44ms
[4373.450s][info][gc,phases      ] GC(1230)   Post Evacuate Collection Set: 0.88ms
[4373.450s][info][gc,phases      ] GC(1230)   Other: 0.11ms
[4373.450s][info][gc,heap        ] GC(1230) Eden regions: 1118->0(1119)
[4373.450s][info][gc,heap        ] GC(1230) Survivor regions: 110->109(154)
[4373.450s][info][gc,heap        ] GC(1230) Old regions: 477->508
[4373.450s][info][gc,heap        ] GC(1230) Humongous regions: 80->80
[4373.450s][info][gc,metaspace   ] GC(1230) Metaspace: 28913K(29312K)->28913K(29312K) NonClass: 24045K(24256K)->24045K(24256K) Class: 4868K(5056K)->4868K(5056K)
[4373.450s][info][gc             ] GC(1230) Pause Young (Concurrent Start) (G1 Evacuation Pause) 3568M->1393M(4096M) 119.431ms
[4373.450s][info][gc             ] GC(1231) Concurrent Mark Cycle
[4373.450s][info][gc,marking     ] GC(1231) Concurrent Scan Root Regions
[4373.450s][info][gc,cpu         ] GC(1230) User=0.71s Sys=0.00s Real=0.12s
[4373.594s][info][gc,marking     ] GC(1231) Concurrent Scan Root Regions 143.911ms
[4373.594s][info][gc,marking     ] GC(1231) Concurrent Mark
[4373.594s][info][gc,marking     ] GC(1231) Concurrent Mark From Roots
[4373.594s][info][gc,task        ] GC(1231) Using 2 workers of 2 for marking
.[4374.318s][info][gc,marking     ] GC(1231) Concurrent Mark From Roots 724.120ms
[4374.318s][info][gc,marking     ] GC(1231) Concurrent Preclean
[4374.318s][info][gc,marking     ] GC(1231) Concurrent Preclean 0.121ms
[4374.321s][info][gc,start       ] GC(1231) Pause Remark
[4374.324s][info][gc             ] GC(1231) Pause Remark 2201M->2201M(4096M) 3.240ms
[4374.324s][info][gc,cpu         ] GC(1231) User=0.02s Sys=0.00s Real=0.00s
[4374.324s][info][gc,marking     ] GC(1231) Concurrent Mark 730.480ms
[4374.324s][info][gc,marking     ] GC(1231) Concurrent Rebuild Remembered Sets and Scrub Regions
[4374.623s][info][gc,marking     ] GC(1231) Concurrent Rebuild Remembered Sets and Scrub Regions 298.713ms
[4374.624s][info][gc,start       ] GC(1231) Pause Cleanup
[4374.624s][info][gc             ] GC(1231) Pause Cleanup 2513M->2513M(4096M) 0.124ms
[4374.624s][info][gc,cpu         ] GC(1231) User=0.00s Sys=0.00s Real=0.00s
[4374.624s][info][gc,marking     ] GC(1231) Concurrent Clear Claimed Marks
[4374.624s][info][gc,marking     ] GC(1231) Concurrent Clear Claimed Marks 0.032ms
[4374.624s][info][gc,marking     ] GC(1231) Concurrent Cleanup for Next Mark
[4374.679s][info][gc,marking     ] GC(1231) Concurrent Cleanup for Next Mark 54.334ms
[4374.679s][info][gc             ] GC(1231) Concurrent Mark Cycle 1229.007ms
.[4375.733s][info][gc,start       ] GC(1232) Pause Young (Prepare Mixed) (G1 Evacuation Pause)
[4375.733s][info][gc,task        ] GC(1232) Using 6 workers of 6 for evacuation
[4375.853s][info][gc,phases      ] GC(1232)   Pre Evacuate Collection Set: 0.33ms
[4375.853s][info][gc,phases      ] GC(1232)   Merge Heap Roots: 0.49ms
[4375.853s][info][gc,phases      ] GC(1232)   Evacuate Collection Set: 118.01ms
[4375.853s][info][gc,phases      ] GC(1232)   Post Evacuate Collection Set: 0.91ms
[4375.853s][info][gc,phases      ] GC(1232)   Other: 0.09ms
[4375.853s][info][gc,heap        ] GC(1232) Eden regions: 1119->0(1101)
[4375.853s][info][gc,heap        ] GC(1232) Survivor regions: 109->112(154)
[4375.853s][info][gc,heap        ] GC(1232) Old regions: 508->540
[4375.853s][info][gc,heap        ] GC(1232) Humongous regions: 80->80
[4375.853s][info][gc,metaspace   ] GC(1232) Metaspace: 28913K(29312K)->28913K(29312K) NonClass: 24045K(24256K)->24045K(24256K) Class: 4868K(5056K)->4868K(5056K)
[4375.853s][info][gc             ] GC(1232) Pause Young (Prepare Mixed) (G1 Evacuation Pause) 3631M->1461M(4096M) 119.957ms
[4375.853s][info][gc,cpu         ] GC(1232) User=0.72s Sys=0.00s Real=0.12s
...[4378.009s][info][gc,start       ] GC(1233) Pause Young (Mixed) (G1 Evacuation Pause)
[4378.009s][info][gc,task        ] GC(1233) Using 6 workers of 6 for evacuation
[4378.144s][info][gc,phases      ] GC(1233)   Pre Evacuate Collection Set: 0.35ms
[4378.144s][info][gc,phases      ] GC(1233)   Merge Heap Roots: 0.66ms
[4378.144s][info][gc,phases      ] GC(1233)   Evacuate Collection Set: 133.14ms
[4378.144s][info][gc,phases      ] GC(1233)   Post Evacuate Collection Set: 0.91ms
[4378.144s][info][gc,phases      ] GC(1233)   Other: 0.09ms
[4378.144s][info][gc,heap        ] GC(1233) Eden regions: 1101->0(1117)
[4378.144s][info][gc,heap        ] GC(1233) Survivor regions: 112->111(152)
[4378.144s][info][gc,heap        ] GC(1233) Old regions: 540->476
[4378.144s][info][gc,heap        ] GC(1233) Humongous regions: 80->80
[4378.144s][info][gc,metaspace   ] GC(1233) Metaspace: 28913K(29312K)->28913K(29312K) NonClass: 24045K(24256K)->24045K(24256K) Class: 4868K(5056K)->4868K(5056K)
[4378.144s][info][gc             ] GC(1233) Pause Young (Mixed) (G1 Evacuation Pause) 3663M->1331M(4096M) 135.277ms
[4378.144s][info][gc,cpu         ] GC(1233) User=0.80s Sys=0.00s Real=0.14s
.. (rIR:aIR:PR = 7749:7765:7765) (tPR = 115352) [OK] 
  4379s: Performance info:
         Transaction,    Success,    Partial,     Failed,   Receipts, AvgBarcode, 
             Overall,     471444,          0,          0,     447840,      59.48, 
         Response times:
             Request,    Success,    Partial,     Failed,   SkipFail,     Probes,    Samples,      min,      p50,      p90,      p95,      p99,      max, 
       TotalPurchase,     447840,          0,          0,          0,     355432,     476712,      300,     6700,    93000,   157000,   251000,   429000,
     InStorePurchase,     235567,          0,          0,          0,     186501,     250159,      300,     6600,    93000,   157000,   247000,   429000,
      OnlinePurchase,     165005,          0,          0,          0,     130860,     175701,      300,     6900,    95000,   159000,   253000,   408000,
        InstPurchase,      47268,          0,          0,          0,      38071,      50852,      400,     6600,    92000,   156000,   263000,   370000,
          AssocOfCat,        470,          0,          0,          0,        366,        557,    26000,    48000,   163000,   232000,   337540,   366000,
      AssocOfProduct,       4714,          0,          0,          0,       4361,       6031,      800,     7900,   104000,   165400,   257080,   377000,
      BusinessReport,       1174,          0,          0,          0,       1053,       1549,    26000,    51000,   157000,   217500,   323000,   620000,
          CustBuyBeh,       4709,          0,          0,          0,       4256,       6020,      200,     7100,    95900,   164900,   260000,   377000,
       ProductReturn,      12537,          0,          0,          0,       9513,      12842,      200,     6900,   100000,   159850,   258000,   375000,

  4379s: (57%)   IR =   7887 [4380.485s][info][gc,start       ] GC(1234) Pause Young (Concurrent Start) (G1 Evacuation Pause)
[4380.485s][info][gc,task        ] GC(1234) Using 6 workers of 6 for evacuation
[4380.603s][info][gc,phases      ] GC(1234)   Pre Evacuate Collection Set: 0.39ms
[4380.603s][info][gc,phases      ] GC(1234)   Merge Heap Roots: 0.48ms
[4380.603s][info][gc,phases      ] GC(1234)   Evacuate Collection Set: 116.23ms
[4380.603s][info][gc,phases      ] GC(1234)   Post Evacuate Collection Set: 0.87ms
[4380.603s][info][gc,phases      ] GC(1234)   Other: 0.11ms
[4380.603s][info][gc,heap        ] GC(1234) Eden regions: 1117->0(1118)
[4380.603s][info][gc,heap        ] GC(1234) Survivor regions: 111->110(154)
[4380.603s][info][gc,heap        ] GC(1234) Old regions: 476->508
[4380.603s][info][gc,heap        ] GC(1234) Humongous regions: 80->80
[4380.603s][info][gc,metaspace   ] GC(1234) Metaspace: 28913K(29312K)->28913K(29312K) NonClass: 24045K(24256K)->24045K(24256K) Class: 4868K(5056K)->4868K(5056K)
[4380.603s][info][gc             ] GC(1234) Pause Young (Concurrent Start) (G1 Evacuation Pause) 3565M->1393M(4096M) 118.201ms
[4380.603s][info][gc             ] GC(1235) Concurrent Mark Cycle
[4380.603s][info][gc,marking     ] GC(1235) Concurrent Scan Root Regions
[4380.603s][info][gc,cpu         ] GC(1234) User=0.71s Sys=0.00s Real=0.12s
[4380.751s][info][gc,marking     ] GC(1235) Concurrent Scan Root Regions 147.524ms
[4380.751s][info][gc,marking     ] GC(1235) Concurrent Mark
[4380.751s][info][gc,marking     ] GC(1235) Concurrent Mark From Roots
[4380.751s][info][gc,task        ] GC(1235) Using 2 workers of 2 for marking
.[4381.496s][info][gc,marking     ] GC(1235) Concurrent Mark From Roots 745.171ms
[4381.496s][info][gc,marking     ] GC(1235) Concurrent Preclean
[4381.496s][info][gc,marking     ] GC(1235) Concurrent Preclean 0.155ms
[4381.498s][info][gc,start       ] GC(1235) Pause Remark
[4381.502s][info][gc             ] GC(1235) Pause Remark 2195M->2195M(4096M) 3.349ms
[4381.502s][info][gc,cpu         ] GC(1235) User=0.01s Sys=0.00s Real=0.01s
[4381.502s][info][gc,marking     ] GC(1235) Concurrent Mark 751.114ms
[4381.502s][info][gc,marking     ] GC(1235) Concurrent Rebuild Remembered Sets and Scrub Regions
[4381.783s][info][gc,marking     ] GC(1235) Concurrent Rebuild Remembered Sets and Scrub Regions 280.829ms
[4381.785s][info][gc,start       ] GC(1235) Pause Cleanup
[4381.785s][info][gc             ] GC(1235) Pause Cleanup 2413M->2413M(4096M) 0.134ms
[4381.785s][info][gc,cpu         ] GC(1235) User=0.00s Sys=0.00s Real=0.00s
[4381.785s][info][gc,marking     ] GC(1235) Concurrent Clear Claimed Marks
[4381.785s][info][gc,marking     ] GC(1235) Concurrent Clear Claimed Marks 0.030ms
[4381.785s][info][gc,marking     ] GC(1235) Concurrent Cleanup for Next Mark
[4381.791s][info][gc,marking     ] GC(1235) Concurrent Cleanup for Next Mark 6.313ms
[4381.791s][info][gc             ] GC(1235) Concurrent Mark Cycle 1188.084ms
.[4382.936s][info][gc,start       ] GC(1236) Pause Young (Prepare Mixed) (G1 Evacuation Pause)
[4382.936s][info][gc,task        ] GC(1236) Using 6 workers of 6 for evacuation
[4383.055s][info][gc,phases      ] GC(1236)   Pre Evacuate Collection Set: 0.33ms
[4383.055s][info][gc,phases      ] GC(1236)   Merge Heap Roots: 0.51ms
[4383.055s][info][gc,phases      ] GC(1236)   Evacuate Collection Set: 116.45ms
[4383.055s][info][gc,phases      ] GC(1236)   Post Evacuate Collection Set: 0.91ms
[4383.055s][info][gc,phases      ] GC(1236)   Other: 0.08ms
[4383.055s][info][gc,heap        ] GC(1236) Eden regions: 1118->0(1105)
[4383.055s][info][gc,heap        ] GC(1236) Survivor regions: 110->111(154)
[4383.055s][info][gc,heap        ] GC(1236) Old regions: 508->538
[4383.055s][info][gc,heap        ] GC(1236) Humongous regions: 80->80
[4383.055s][info][gc,metaspace   ] GC(1236) Metaspace: 28913K(29312K)->28913K(29312K) NonClass: 24045K(24256K)->24045K(24256K) Class: 4868K(5056K)->4868K(5056K)
[4383.055s][info][gc             ] GC(1236) Pause Young (Prepare Mixed) (G1 Evacuation Pause) 3629M->1456M(4096M) 118.414ms
[4383.055s][info][gc,cpu         ] GC(1236) User=0.70s Sys=0.00s Real=0.12s
...[4385.302s][info][gc,start       ] GC(1237) Pause Young (Mixed) (G1 Evacuation Pause)
[4385.302s][info][gc,task        ] GC(1237) Using 6 workers of 6 for evacuation
[4385.442s][info][gc,phases      ] GC(1237)   Pre Evacuate Collection Set: 0.38ms
[4385.442s][info][gc,phases      ] GC(1237)   Merge Heap Roots: 0.75ms
[4385.442s][info][gc,phases      ] GC(1237)   Evacuate Collection Set: 138.11ms
[4385.442s][info][gc,phases      ] GC(1237)   Post Evacuate Collection Set: 0.93ms
[4385.442s][info][gc,phases      ] GC(1237)   Other: 0.09ms
[4385.442s][info][gc,heap        ] GC(1237) Eden regions: 1105->0(1116)
[4385.442s][info][gc,heap        ] GC(1237) Survivor regions: 111->112(152)
[4385.442s][info][gc,heap        ] GC(1237) Old regions: 538->475
[4385.442s][info][gc,heap        ] GC(1237) Humongous regions: 80->80
[4385.442s][info][gc,metaspace   ] GC(1237) Metaspace: 28913K(29312K)->28913K(29312K) NonClass: 24045K(24256K)->24045K(24256K) Class: 4868K(5056K)->4868K(5056K)
[4385.442s][info][gc             ] GC(1237) Pause Young (Mixed) (G1 Evacuation Pause) 3666M->1332M(4096M) 140.389ms
[4385.442s][info][gc,cpu         ] GC(1237) User=0.84s Sys=0.00s Real=0.14s
..[4387.621s][info][gc,start       ] GC(1238) Pause Young (Concurrent Start) (G1 Evacuation Pause)
[4387.621s][info][gc,task        ] GC(1238) Using 6 workers of 6 for evacuation
[4387.741s][info][gc,phases      ] GC(1238)   Pre Evacuate Collection Set: 0.37ms
[4387.741s][info][gc,phases      ] GC(1238)   Merge Heap Roots: 0.47ms
[4387.741s][info][gc,phases      ] GC(1238)   Evacuate Collection Set: 117.98ms
[4387.741s][info][gc,phases      ] GC(1238)   Post Evacuate Collection Set: 0.85ms
[4387.741s][info][gc,phases      ] GC(1238)   Other: 0.10ms
[4387.741s][info][gc,heap        ] GC(1238) Eden regions: 1116->0(1117)
[4387.741s][info][gc,heap        ] GC(1238) Survivor regions: 112->111(154)
[4387.741s][info][gc,heap        ] GC(1238) Old regions: 475->507
[4387.741s][info][gc,heap        ] GC(1238) Humongous regions: 80->80
[4387.741s][info][gc,metaspace   ] GC(1238) Metaspace: 28913K(29312K)->28913K(29312K) NonClass: 24045K(24256K)->24045K(24256K) Class: 4868K(5056K)->4868K(5056K)
[4387.741s][info][gc             ] GC(1238) Pause Young (Concurrent Start) (G1 Evacuation Pause) 3564M->1394M(4096M) 119.925ms
[4387.741s][info][gc             ] GC(1239) Concurrent Mark Cycle
[4387.741s][info][gc,marking     ] GC(1239) Concurrent Scan Root Regions
[4387.741s][info][gc,cpu         ] GC(1238) User=0.72s Sys=0.00s Real=0.12s
[4387.935s][info][gc,marking     ] GC(1239) Concurrent Scan Root Regions 194.458ms
[4387.935s][info][gc,marking     ] GC(1239) Concurrent Mark
[4387.935s][info][gc,marking     ] GC(1239) Concurrent Mark From Roots
[4387.935s][info][gc,task        ] GC(1239) Using 2 workers of 2 for marking
.[4388.997s][info][gc,marking     ] GC(1239) Concurrent Mark From Roots 1061.442ms
[4388.997s][info][gc,marking     ] GC(1239) Concurrent Preclean
[4388.997s][info][gc,marking     ] GC(1239) Concurrent Preclean 0.115ms
[4388.999s][info][gc,start       ] GC(1239) Pause Remark
[4389.002s][info][gc             ] GC(1239) Pause Remark 2568M->2568M(4096M) 3.039ms
[4389.002s][info][gc,cpu         ] GC(1239) User=0.01s Sys=0.00s Real=0.01s
[4389.002s][info][gc,marking     ] GC(1239) Concurrent Mark 1066.648ms
[4389.002s][info][gc,marking     ] GC(1239) Concurrent Rebuild Remembered Sets and Scrub Regions
.[4389.375s][info][gc,marking     ] GC(1239) Concurrent Rebuild Remembered Sets and Scrub Regions 372.502ms
[4389.375s][info][gc,start       ] GC(1239) Pause Cleanup
[4389.375s][info][gc             ] GC(1239) Pause Cleanup 2949M->2949M(4096M) 0.124ms
[4389.375s][info][gc,cpu         ] GC(1239) User=0.00s Sys=0.00s Real=0.00s
[4389.376s][info][gc,marking     ] GC(1239) Concurrent Clear Claimed Marks
[4389.376s][info][gc,marking     ] GC(1239) Concurrent Clear Claimed Marks 0.036ms
[4389.376s][info][gc,marking     ] GC(1239) Concurrent Cleanup for Next Mark
[4389.380s][info][gc,marking     ] GC(1239) Concurrent Cleanup for Next Mark 4.697ms
[4389.380s][info][gc             ] GC(1239) Concurrent Mark Cycle 1639.481ms
[4390.090s][info][gc,start       ] GC(1240) Pause Young (Prepare Mixed) (G1 Evacuation Pause)
[4390.090s][info][gc,task        ] GC(1240) Using 6 workers of 6 for evacuation
[4390.216s][info][gc,phases      ] GC(1240)   Pre Evacuate Collection Set: 0.34ms
[4390.216s][info][gc,phases      ] GC(1240)   Merge Heap Roots: 0.54ms
[4390.216s][info][gc,phases      ] GC(1240)   Evacuate Collection Set: 123.43ms
[4390.216s][info][gc,phases      ] GC(1240)   Post Evacuate Collection Set: 0.91ms
[4390.216s][info][gc,phases      ] GC(1240)   Other: 0.09ms
[4390.216s][info][gc,heap        ] GC(1240) Eden regions: 1117->0(1096)
[4390.216s][info][gc,heap        ] GC(1240) Survivor regions: 111->115(154)
[4390.216s][info][gc,heap        ] GC(1240) Old regions: 507->539
[4390.216s][info][gc,heap        ] GC(1240) Humongous regions: 80->80
[4390.216s][info][gc,metaspace   ] GC(1240) Metaspace: 28913K(29312K)->28913K(29312K) NonClass: 24045K(24256K)->24045K(24256K) Class: 4868K(5056K)->4868K(5056K)
[4390.216s][info][gc             ] GC(1240) Pause Young (Prepare Mixed) (G1 Evacuation Pause) 3628M->1465M(4096M) 125.427ms
[4390.216s][info][gc,cpu         ] GC(1240) User=0.75s Sys=0.00s Real=0.13s
.|..[4392.345s][info][gc,start       ] GC(1241) Pause Young (Mixed) (G1 Evacuation Pause)
[4392.345s][info][gc,task        ] GC(1241) Using 6 workers of 6 for evacuation
[4392.476s][info][gc,phases      ] GC(1241)   Pre Evacuate Collection Set: 0.35ms
[4392.476s][info][gc,phases      ] GC(1241)   Merge Heap Roots: 0.75ms
[4392.476s][info][gc,phases      ] GC(1241)   Evacuate Collection Set: 129.70ms
[4392.476s][info][gc,phases      ] GC(1241)   Post Evacuate Collection Set: 0.93ms
[4392.476s][info][gc,phases      ] GC(1241)   Other: 0.09ms
[4392.476s][info][gc,heap        ] GC(1241) Eden regions: 1096->0(1122)
[4392.476s][info][gc,heap        ] GC(1241) Survivor regions: 115->106(152)
[4392.476s][info][gc,heap        ] GC(1241) Old regions: 539->476
[4392.476s][info][gc,heap        ] GC(1241) Humongous regions: 80->80
[4392.476s][info][gc,metaspace   ] GC(1241) Metaspace: 28913K(29312K)->28913K(29312K) NonClass: 24045K(24256K)->24045K(24256K) Class: 4868K(5056K)->4868K(5056K)
[4392.476s][info][gc             ] GC(1241) Pause Young (Mixed) (G1 Evacuation Pause) 3657M->1321M(4096M) 131.932ms
[4392.477s][info][gc,cpu         ] GC(1241) User=0.79s Sys=0.00s Real=0.13s
..[4394.680s][info][gc,start       ] GC(1242) Pause Young (Concurrent Start) (G1 Evacuation Pause)
[4394.680s][info][gc,task        ] GC(1242) Using 6 workers of 6 for evacuation
[4394.799s][info][gc,phases      ] GC(1242)   Pre Evacuate Collection Set: 0.37ms
[4394.799s][info][gc,phases      ] GC(1242)   Merge Heap Roots: 0.46ms
[4394.799s][info][gc,phases      ] GC(1242)   Evacuate Collection Set: 117.50ms
[4394.799s][info][gc,phases      ] GC(1242)   Post Evacuate Collection Set: 0.85ms
[4394.799s][info][gc,phases      ] GC(1242)   Other: 0.13ms
[4394.799s][info][gc,heap        ] GC(1242) Eden regions: 1122->0(1117)
[4394.799s][info][gc,heap        ] GC(1242) Survivor regions: 106->111(154)
[4394.799s][info][gc,heap        ] GC(1242) Old regions: 476->508
[4394.799s][info][gc,heap        ] GC(1242) Humongous regions: 80->80
[4394.799s][info][gc,metaspace   ] GC(1242) Metaspace: 28913K(29312K)->28913K(29312K) NonClass: 24045K(24256K)->24045K(24256K) Class: 4868K(5056K)->4868K(5056K)
[4394.799s][info][gc             ] GC(1242) Pause Young (Concurrent Start) (G1 Evacuation Pause) 3565M->1396M(4096M) 119.432ms
[4394.799s][info][gc             ] GC(1243) Concurrent Mark Cycle
[4394.799s][info][gc,marking     ] GC(1243) Concurrent Scan Root Regions
[4394.799s][info][gc,cpu         ] GC(1242) User=0.71s Sys=0.00s Real=0.12s
[4394.987s][info][gc,marking     ] GC(1243) Concurrent Scan Root Regions 187.706ms
[4394.987s][info][gc,marking     ] GC(1243) Concurrent Mark
[4394.987s][info][gc,marking     ] GC(1243) Concurrent Mark From Roots
[4394.987s][info][gc,task        ] GC(1243) Using 2 workers of 2 for marking
.[4396.016s][info][gc,marking     ] GC(1243) Concurrent Mark From Roots 1028.901ms
[4396.016s][info][gc,marking     ] GC(1243) Concurrent Preclean
[4396.016s][info][gc,marking     ] GC(1243) Concurrent Preclean 0.121ms
[4396.017s][info][gc,start       ] GC(1243) Pause Remark
[4396.022s][info][gc             ] GC(1243) Pause Remark 2542M->2542M(4096M) 5.058ms
[4396.023s][info][gc,cpu         ] GC(1243) User=0.03s Sys=0.00s Real=0.01s
[4396.023s][info][gc,marking     ] GC(1243) Concurrent Mark 1035.335ms
[4396.023s][info][gc,marking     ] GC(1243) Concurrent Rebuild Remembered Sets and Scrub Regions
.[4396.373s][info][gc,marking     ] GC(1243) Concurrent Rebuild Remembered Sets and Scrub Regions 350.611ms
[4396.373s][info][gc,start       ] GC(1243) Pause Cleanup
[4396.373s][info][gc             ] GC(1243) Pause Cleanup 2900M->2900M(4096M) 0.116ms
[4396.373s][info][gc,cpu         ] GC(1243) User=0.00s Sys=0.00s Real=0.00s
[4396.374s][info][gc,marking     ] GC(1243) Concurrent Clear Claimed Marks
[4396.374s][info][gc,marking     ] GC(1243) Concurrent Clear Claimed Marks 0.025ms
[4396.374s][info][gc,marking     ] GC(1243) Concurrent Cleanup for Next Mark
[4396.379s][info][gc,marking     ] GC(1243) Concurrent Cleanup for Next Mark 5.173ms
[4396.379s][info][gc             ] GC(1243) Concurrent Mark Cycle 1579.351ms
[4397.114s][info][gc,start       ] GC(1244) Pause Young (Prepare Mixed) (G1 Evacuation Pause)
[4397.114s][info][gc,task        ] GC(1244) Using 6 workers of 6 for evacuation
[4397.234s][info][gc,phases      ] GC(1244)   Pre Evacuate Collection Set: 0.34ms
[4397.234s][info][gc,phases      ] GC(1244)   Merge Heap Roots: 0.51ms
[4397.234s][info][gc,phases      ] GC(1244)   Evacuate Collection Set: 118.14ms
[4397.234s][info][gc,phases      ] GC(1244)   Post Evacuate Collection Set: 0.95ms
[4397.234s][info][gc,phases      ] GC(1244)   Other: 0.08ms
[4397.234s][info][gc,heap        ] GC(1244) Eden regions: 1117->0(1099)
[4397.234s][info][gc,heap        ] GC(1244) Survivor regions: 111->114(154)
[4397.234s][info][gc,heap        ] GC(1244) Old regions: 508->538
[4397.234s][info][gc,heap        ] GC(1244) Humongous regions: 80->80
[4397.234s][info][gc,metaspace   ] GC(1244) Metaspace: 28913K(29312K)->28913K(29312K) NonClass: 24045K(24256K)->24045K(24256K) Class: 4868K(5056K)->4868K(5056K)
[4397.234s][info][gc             ] GC(1244) Pause Young (Prepare Mixed) (G1 Evacuation Pause) 3630M->1462M(4096M) 120.153ms
[4397.234s][info][gc,cpu         ] GC(1244) User=0.72s Sys=0.00s Real=0.12s
...[4399.446s][info][gc,start       ] GC(1245) Pause Young (Mixed) (G1 Evacuation Pause)
[4399.446s][info][gc,task        ] GC(1245) Using 6 workers of 6 for evacuation
[4399.578s][info][gc,phases      ] GC(1245)   Pre Evacuate Collection Set: 0.37ms
[4399.578s][info][gc,phases      ] GC(1245)   Merge Heap Roots: 0.71ms
[4399.578s][info][gc,phases      ] GC(1245)   Evacuate Collection Set: 130.72ms
[4399.578s][info][gc,phases      ] GC(1245)   Post Evacuate Collection Set: 0.94ms
[4399.578s][info][gc,phases      ] GC(1245)   Other: 0.10ms
[4399.578s][info][gc,heap        ] GC(1245) Eden regions: 1099->0(1120)
[4399.578s][info][gc,heap        ] GC(1245) Survivor regions: 114->108(152)
[4399.578s][info][gc,heap        ] GC(1245) Old regions: 538->474
[4399.578s][info][gc,heap        ] GC(1245) Humongous regions: 80->80
[4399.578s][info][gc,metaspace   ] GC(1245) Metaspace: 28913K(29312K)->28913K(29312K) NonClass: 24045K(24256K)->24045K(24256K) Class: 4868K(5056K)->4868K(5056K)
[4399.579s][info][gc             ] GC(1245) Pause Young (Mixed) (G1 Evacuation Pause) 3660M->1321M(4096M) 132.961ms
[4399.579s][info][gc,cpu         ] GC(1245) User=0.79s Sys=0.00s Real=0.13s
..[4401.865s][info][gc,start       ] GC(1246) Pause Young (Concurrent Start) (G1 Evacuation Pause)
[4401.865s][info][gc,task        ] GC(1246) Using 6 workers of 6 for evacuation
[4401.983s][info][gc,phases      ] GC(1246)   Pre Evacuate Collection Set: 0.39ms
[4401.983s][info][gc,phases      ] GC(1246)   Merge Heap Roots: 0.52ms
[4401.983s][info][gc,phases      ] GC(1246)   Evacuate Collection Set: 116.07ms
[4401.983s][info][gc,phases      ] GC(1246)   Post Evacuate Collection Set: 0.88ms
[4401.983s][info][gc,phases      ] GC(1246)   Other: 0.12ms
[4401.983s][info][gc,heap        ] GC(1246) Eden regions: 1120->0(1118)
[4401.983s][info][gc,heap        ] GC(1246) Survivor regions: 108->110(154)
[4401.983s][info][gc,heap        ] GC(1246) Old regions: 474->506
[4401.983s][info][gc,heap        ] GC(1246) Humongous regions: 80->80
[4401.983s][info][gc,metaspace   ] GC(1246) Metaspace: 28913K(29312K)->28913K(29312K) NonClass: 24045K(24256K)->24045K(24256K) Class: 4868K(5056K)->4868K(5056K)
[4401.983s][info][gc             ] GC(1246) Pause Young (Concurrent Start) (G1 Evacuation Pause) 3561M->1389M(4096M) 118.102ms
[4401.983s][info][gc             ] GC(1247) Concurrent Mark Cycle
[4401.983s][info][gc,marking     ] GC(1247) Concurrent Scan Root Regions
[4401.983s][info][gc,cpu         ] GC(1246) User=0.70s Sys=0.00s Real=0.12s
[4402.165s][info][gc,marking     ] GC(1247) Concurrent Scan Root Regions 181.756ms
[4402.165s][info][gc,marking     ] GC(1247) Concurrent Mark
[4402.165s][info][gc,marking     ] GC(1247) Concurrent Mark From Roots
[4402.165s][info][gc,task        ] GC(1247) Using 2 workers of 2 for marking
.[4403.195s][info][gc,marking     ] GC(1247) Concurrent Mark From Roots 1029.873ms
[4403.195s][info][gc,marking     ] GC(1247) Concurrent Preclean
[4403.195s][info][gc,marking     ] GC(1247) Concurrent Preclean 0.135ms
[4403.196s][info][gc,start       ] GC(1247) Pause Remark
[4403.200s][info][gc             ] GC(1247) Pause Remark 2513M->2513M(4096M) 3.921ms
[4403.200s][info][gc,cpu         ] GC(1247) User=0.02s Sys=0.00s Real=0.00s
[4403.200s][info][gc,marking     ] GC(1247) Concurrent Mark 1035.105ms
[4403.200s][info][gc,marking     ] GC(1247) Concurrent Rebuild Remembered Sets and Scrub Regions
[4403.560s][info][gc,marking     ] GC(1247) Concurrent Rebuild Remembered Sets and Scrub Regions 359.765ms
[4403.560s][info][gc,start       ] GC(1247) Pause Cleanup
[4403.560s][info][gc             ] GC(1247) Pause Cleanup 2911M->2911M(4096M) 0.099ms
[4403.560s][info][gc,cpu         ] GC(1247) User=0.00s Sys=0.00s Real=0.00s
[4403.560s][info][gc,marking     ] GC(1247) Concurrent Clear Claimed Marks
[4403.560s][info][gc,marking     ] GC(1247) Concurrent Clear Claimed Marks 0.022ms
[4403.560s][info][gc,marking     ] GC(1247) Concurrent Cleanup for Next Mark
.[4403.567s][info][gc,marking     ] GC(1247) Concurrent Cleanup for Next Mark 7.099ms
[4403.567s][info][gc             ] GC(1247) Concurrent Mark Cycle 1584.131ms
[4404.353s][info][gc,start       ] GC(1248) Pause Young (Prepare Mixed) (G1 Evacuation Pause)
[4404.353s][info][gc,task        ] GC(1248) Using 6 workers of 6 for evacuation
[4404.470s][info][gc,phases      ] GC(1248)   Pre Evacuate Collection Set: 0.33ms
[4404.470s][info][gc,phases      ] GC(1248)   Merge Heap Roots: 0.60ms
[4404.470s][info][gc,phases      ] GC(1248)   Evacuate Collection Set: 115.33ms
[4404.470s][info][gc,phases      ] GC(1248)   Post Evacuate Collection Set: 0.91ms
[4404.470s][info][gc,phases      ] GC(1248)   Other: 0.10ms
[4404.470s][info][gc,heap        ] GC(1248) Eden regions: 1118->0(1108)
[4404.470s][info][gc,heap        ] GC(1248) Survivor regions: 110->109(154)
[4404.470s][info][gc,heap        ] GC(1248) Old regions: 506->539
[4404.470s][info][gc,heap        ] GC(1248) Humongous regions: 80->80
[4404.470s][info][gc,metaspace   ] GC(1248) Metaspace: 28913K(29312K)->28913K(29312K) NonClass: 24045K(24256K)->24045K(24256K) Class: 4868K(5056K)->4868K(5056K)
[4404.470s][info][gc             ] GC(1248) Pause Young (Prepare Mixed) (G1 Evacuation Pause) 3625M->1453M(4096M) 117.401ms
[4404.470s][info][gc,cpu         ] GC(1248) User=0.70s Sys=0.00s Real=0.11s
...[4406.694s][info][gc,start       ] GC(1249) Pause Young (Mixed) (G1 Evacuation Pause)
[4406.694s][info][gc,task        ] GC(1249) Using 6 workers of 6 for evacuation
[4406.825s][info][gc,phases      ] GC(1249)   Pre Evacuate Collection Set: 0.36ms
[4406.825s][info][gc,phases      ] GC(1249)   Merge Heap Roots: 0.67ms
[4406.825s][info][gc,phases      ] GC(1249)   Evacuate Collection Set: 129.76ms
[4406.825s][info][gc,phases      ] GC(1249)   Post Evacuate Collection Set: 0.91ms
[4406.825s][info][gc,phases      ] GC(1249)   Other: 0.09ms
[4406.825s][info][gc,heap        ] GC(1249) Eden regions: 1108->0(1121)
[4406.825s][info][gc,heap        ] GC(1249) Survivor regions: 109->107(153)
[4406.825s][info][gc,heap        ] GC(1249) Old regions: 539->476
[4406.825s][info][gc,heap        ] GC(1249) Humongous regions: 80->80
[4406.825s][info][gc,metaspace   ] GC(1249) Metaspace: 28913K(29312K)->28913K(29312K) NonClass: 24045K(24256K)->24045K(24256K) Class: 4868K(5056K)->4868K(5056K)
[4406.825s][info][gc             ] GC(1249) Pause Young (Mixed) (G1 Evacuation Pause) 3669M->1324M(4096M) 131.930ms
[4406.826s][info][gc,cpu         ] GC(1249) User=0.78s Sys=0.00s Real=0.13s
..[4409.040s][info][gc,start       ] GC(1250) Pause Young (Concurrent Start) (G1 Evacuation Pause)
[4409.040s][info][gc,task        ] GC(1250) Using 6 workers of 6 for evacuation
[4409.164s][info][gc,phases      ] GC(1250)   Pre Evacuate Collection Set: 0.36ms
[4409.164s][info][gc,phases      ] GC(1250)   Merge Heap Roots: 0.53ms
[4409.164s][info][gc,phases      ] GC(1250)   Evacuate Collection Set: 121.26ms
[4409.164s][info][gc,phases      ] GC(1250)   Post Evacuate Collection Set: 0.88ms
[4409.164s][info][gc,phases      ] GC(1250)   Other: 0.11ms
[4409.164s][info][gc,heap        ] GC(1250) Eden regions: 1121->0(1115)
[4409.164s][info][gc,heap        ] GC(1250) Survivor regions: 107->113(154)
[4409.164s][info][gc,heap        ] GC(1250) Old regions: 476->507
[4409.164s][info][gc,heap        ] GC(1250) Humongous regions: 80->80
[4409.164s][info][gc,metaspace   ] GC(1250) Metaspace: 28913K(29312K)->28913K(29312K) NonClass: 24045K(24256K)->24045K(24256K) Class: 4868K(5056K)->4868K(5056K)
[4409.164s][info][gc             ] GC(1250) Pause Young (Concurrent Start) (G1 Evacuation Pause) 3566M->1399M(4096M) 123.267ms
[4409.164s][info][gc             ] GC(1251) Concurrent Mark Cycle
[4409.164s][info][gc,marking     ] GC(1251) Concurrent Scan Root Regions
[4409.164s][info][gc,cpu         ] GC(1250) User=0.73s Sys=0.00s Real=0.13s
[4409.368s][info][gc,marking     ] GC(1251) Concurrent Scan Root Regions 204.382ms
[4409.368s][info][gc,marking     ] GC(1251) Concurrent Mark
[4409.368s][info][gc,marking     ] GC(1251) Concurrent Mark From Roots
[4409.368s][info][gc,task        ] GC(1251) Using 2 workers of 2 for marking
.[4410.375s][info][gc,marking     ] GC(1251) Concurrent Mark From Roots 1006.469ms
[4410.375s][info][gc,marking     ] GC(1251) Concurrent Preclean
[4410.375s][info][gc,marking     ] GC(1251) Concurrent Preclean 0.135ms
[4410.378s][info][gc,start       ] GC(1251) Pause Remark
[4410.382s][info][gc             ] GC(1251) Pause Remark 2587M->2587M(4096M) 4.057ms
[4410.382s][info][gc,cpu         ] GC(1251) User=0.02s Sys=0.00s Real=0.01s
[4410.382s][info][gc,marking     ] GC(1251) Concurrent Mark 1013.922ms
[4410.382s][info][gc,marking     ] GC(1251) Concurrent Rebuild Remembered Sets and Scrub Regions
[4410.691s][info][gc,marking     ] GC(1251) Concurrent Rebuild Remembered Sets and Scrub Regions 308.614ms
[4410.692s][info][gc,start       ] GC(1251) Pause Cleanup
[4410.692s][info][gc             ] GC(1251) Pause Cleanup 2825M->2825M(4096M) 0.120ms
[4410.692s][info][gc,cpu         ] GC(1251) User=0.00s Sys=0.00s Real=0.00s
[4410.693s][info][gc,marking     ] GC(1251) Concurrent Clear Claimed Marks
[4410.693s][info][gc,marking     ] GC(1251) Concurrent Clear Claimed Marks 0.035ms
[4410.693s][info][gc,marking     ] GC(1251) Concurrent Cleanup for Next Mark
[4410.700s][info][gc,marking     ] GC(1251) Concurrent Cleanup for Next Mark 7.017ms
[4410.700s][info][gc             ] GC(1251) Concurrent Mark Cycle 1536.361ms
.[4411.464s][info][gc,start       ] GC(1252) Pause Young (Prepare Mixed) (G1 Evacuation Pause)
[4411.464s][info][gc,task        ] GC(1252) Using 6 workers of 6 for evacuation
[4411.582s][info][gc,phases      ] GC(1252)   Pre Evacuate Collection Set: 0.33ms
[4411.582s][info][gc,phases      ] GC(1252)   Merge Heap Roots: 0.54ms
[4411.582s][info][gc,phases      ] GC(1252)   Evacuate Collection Set: 115.63ms
[4411.582s][info][gc,phases      ] GC(1252)   Post Evacuate Collection Set: 0.94ms
[4411.582s][info][gc,phases      ] GC(1252)   Other: 0.08ms
[4411.582s][info][gc,heap        ] GC(1252) Eden regions: 1115->0(1110)
[4411.582s][info][gc,heap        ] GC(1252) Survivor regions: 113->108(154)
[4411.582s][info][gc,heap        ] GC(1252) Old regions: 507->539
[4411.582s][info][gc,heap        ] GC(1252) Humongous regions: 80->80
[4411.582s][info][gc,metaspace   ] GC(1252) Metaspace: 28913K(29312K)->28913K(29312K) NonClass: 24045K(24256K)->24045K(24256K) Class: 4868K(5056K)->4868K(5056K)
[4411.582s][info][gc             ] GC(1252) Pause Young (Prepare Mixed) (G1 Evacuation Pause) 3629M->1452M(4096M) 117.641ms
[4411.582s][info][gc,cpu         ] GC(1252) User=0.70s Sys=0.00s Real=0.12s
...[4413.814s][info][gc,start       ] GC(1253) Pause Young (Mixed) (G1 Evacuation Pause)
[4413.814s][info][gc,task        ] GC(1253) Using 6 workers of 6 for evacuation
[4413.947s][info][gc,phases      ] GC(1253)   Pre Evacuate Collection Set: 0.35ms
[4413.947s][info][gc,phases      ] GC(1253)   Merge Heap Roots: 0.69ms
[4413.947s][info][gc,phases      ] GC(1253)   Evacuate Collection Set: 130.82ms
[4413.947s][info][gc,phases      ] GC(1253)   Post Evacuate Collection Set: 0.95ms
[4413.947s][info][gc,phases      ] GC(1253)   Other: 0.09ms
[4413.947s][info][gc,heap        ] GC(1253) Eden regions: 1110->0(1119)
[4413.947s][info][gc,heap        ] GC(1253) Survivor regions: 108->109(153)
[4413.947s][info][gc,heap        ] GC(1253) Old regions: 539->476
[4413.947s][info][gc,heap        ] GC(1253) Humongous regions: 80->80
[4413.947s][info][gc,metaspace   ] GC(1253) Metaspace: 28913K(29312K)->28913K(29312K) NonClass: 24045K(24256K)->24045K(24256K) Class: 4868K(5056K)->4868K(5056K)
[4413.947s][info][gc             ] GC(1253) Pause Young (Mixed) (G1 Evacuation Pause) 3672M->1328M(4096M) 133.023ms
[4413.947s][info][gc,cpu         ] GC(1253) User=0.79s Sys=0.00s Real=0.13s
..[4416.202s][info][gc,start       ] GC(1254) Pause Young (Concurrent Start) (G1 Evacuation Pause)
[4416.202s][info][gc,task        ] GC(1254) Using 6 workers of 6 for evacuation
[4416.322s][info][gc,phases      ] GC(1254)   Pre Evacuate Collection Set: 0.38ms
[4416.322s][info][gc,phases      ] GC(1254)   Merge Heap Roots: 0.46ms
[4416.322s][info][gc,phases      ] GC(1254)   Evacuate Collection Set: 117.64ms
[4416.322s][info][gc,phases      ] GC(1254)   Post Evacuate Collection Set: 0.87ms
[4416.322s][info][gc,phases      ] GC(1254)   Other: 0.12ms
[4416.322s][info][gc,heap        ] GC(1254) Eden regions: 1119->0(1117)
[4416.322s][info][gc,heap        ] GC(1254) Survivor regions: 109->111(154)
[4416.322s][info][gc,heap        ] GC(1254) Old regions: 476->508
[4416.322s][info][gc,heap        ] GC(1254) Humongous regions: 80->80
[4416.322s][info][gc,metaspace   ] GC(1254) Metaspace: 28913K(29312K)->28913K(29312K) NonClass: 24045K(24256K)->24045K(24256K) Class: 4868K(5056K)->4868K(5056K)
[4416.322s][info][gc             ] GC(1254) Pause Young (Concurrent Start) (G1 Evacuation Pause) 3566M->1396M(4096M) 119.622ms
[4416.322s][info][gc             ] GC(1255) Concurrent Mark Cycle
[4416.322s][info][gc,marking     ] GC(1255) Concurrent Scan Root Regions
[4416.322s][info][gc,cpu         ] GC(1254) User=0.71s Sys=0.00s Real=0.12s
[4416.461s][info][gc,marking     ] GC(1255) Concurrent Scan Root Regions 139.545ms
[4416.461s][info][gc,marking     ] GC(1255) Concurrent Mark
[4416.461s][info][gc,marking     ] GC(1255) Concurrent Mark From Roots
[4416.461s][info][gc,task        ] GC(1255) Using 2 workers of 2 for marking
.[4417.166s][info][gc,marking     ] GC(1255) Concurrent Mark From Roots 704.672ms
[4417.166s][info][gc,marking     ] GC(1255) Concurrent Preclean
[4417.166s][info][gc,marking     ] GC(1255) Concurrent Preclean 0.114ms
[4417.168s][info][gc,start       ] GC(1255) Pause Remark
[4417.172s][info][gc             ] GC(1255) Pause Remark 2100M->2100M(4096M) 3.920ms
[4417.172s][info][gc,cpu         ] GC(1255) User=0.02s Sys=0.00s Real=0.01s
[4417.172s][info][gc,marking     ] GC(1255) Concurrent Mark 710.650ms
[4417.172s][info][gc,marking     ] GC(1255) Concurrent Rebuild Remembered Sets and Scrub Regions
[4417.530s][info][gc,marking     ] GC(1255) Concurrent Rebuild Remembered Sets and Scrub Regions 357.757ms
[4417.531s][info][gc,start       ] GC(1255) Pause Cleanup
[4417.531s][info][gc             ] GC(1255) Pause Cleanup 2482M->2482M(4096M) 0.123ms
[4417.531s][info][gc,cpu         ] GC(1255) User=0.00s Sys=0.00s Real=0.00s
[4417.531s][info][gc,marking     ] GC(1255) Concurrent Clear Claimed Marks
[4417.531s][info][gc,marking     ] GC(1255) Concurrent Clear Claimed Marks 0.028ms
[4417.531s][info][gc,marking     ] GC(1255) Concurrent Cleanup for Next Mark
[4417.537s][info][gc,marking     ] GC(1255) Concurrent Cleanup for Next Mark 5.215ms
[4417.537s][info][gc             ] GC(1255) Concurrent Mark Cycle 1214.721ms
.[4418.578s][info][gc,start       ] GC(1256) Pause Young (Prepare Mixed) (G1 Evacuation Pause)
[4418.578s][info][gc,task        ] GC(1256) Using 6 workers of 6 for evacuation
[4418.696s][info][gc,phases      ] GC(1256)   Pre Evacuate Collection Set: 0.31ms
[4418.696s][info][gc,phases      ] GC(1256)   Merge Heap Roots: 0.52ms
[4418.696s][info][gc,phases      ] GC(1256)   Evacuate Collection Set: 115.47ms
[4418.696s][info][gc,phases      ] GC(1256)   Post Evacuate Collection Set: 0.91ms
[4418.696s][info][gc,phases      ] GC(1256)   Other: 0.09ms
[4418.696s][info][gc,heap        ] GC(1256) Eden regions: 1117->0(1107)
[4418.696s][info][gc,heap        ] GC(1256) Survivor regions: 111->109(154)
[4418.696s][info][gc,heap        ] GC(1256) Old regions: 508->540
[4418.696s][info][gc,heap        ] GC(1256) Humongous regions: 80->80
[4418.696s][info][gc,metaspace   ] GC(1256) Metaspace: 28913K(29312K)->28913K(29312K) NonClass: 24045K(24256K)->24045K(24256K) Class: 4868K(5056K)->4868K(5056K)
[4418.696s][info][gc             ] GC(1256) Pause Young (Prepare Mixed) (G1 Evacuation Pause) 3630M->1456M(4096M) 117.422ms
[4418.696s][info][gc,cpu         ] GC(1256) User=0.70s Sys=0.00s Real=0.12s
...[4420.904s][info][gc,start       ] GC(1257) Pause Young (Mixed) (G1 Evacuation Pause)
[4420.904s][info][gc,task        ] GC(1257) Using 6 workers of 6 for evacuation
[4421.038s][info][gc,phases      ] GC(1257)   Pre Evacuate Collection Set: 0.35ms
[4421.038s][info][gc,phases      ] GC(1257)   Merge Heap Roots: 0.73ms
[4421.038s][info][gc,phases      ] GC(1257)   Evacuate Collection Set: 131.70ms
[4421.038s][info][gc,phases      ] GC(1257)   Post Evacuate Collection Set: 0.90ms
[4421.038s][info][gc,phases      ] GC(1257)   Other: 0.09ms
[4421.038s][info][gc,heap        ] GC(1257) Eden regions: 1107->0(1119)
[4421.038s][info][gc,heap        ] GC(1257) Survivor regions: 109->109(152)
[4421.038s][info][gc,heap        ] GC(1257) Old regions: 540->475
[4421.038s][info][gc,heap        ] GC(1257) Humongous regions: 80->80
[4421.038s][info][gc,metaspace   ] GC(1257) Metaspace: 28913K(29312K)->28913K(29312K) NonClass: 24045K(24256K)->24045K(24256K) Class: 4868K(5056K)->4868K(5056K)
[4421.038s][info][gc             ] GC(1257) Pause Young (Mixed) (G1 Evacuation Pause) 3670M->1326M(4096M) 133.923ms
[4421.038s][info][gc,cpu         ] GC(1257) User=0.80s Sys=0.00s Real=0.13s
..[4423.305s][info][gc,start       ] GC(1258) Pause Young (Concurrent Start) (G1 Evacuation Pause)
[4423.305s][info][gc,task        ] GC(1258) Using 6 workers of 6 for evacuation
[4423.426s][info][gc,phases      ] GC(1258)   Pre Evacuate Collection Set: 0.37ms
[4423.426s][info][gc,phases      ] GC(1258)   Merge Heap Roots: 0.48ms
[4423.426s][info][gc,phases      ] GC(1258)   Evacuate Collection Set: 119.12ms
[4423.426s][info][gc,phases      ] GC(1258)   Post Evacuate Collection Set: 0.89ms
[4423.426s][info][gc,phases      ] GC(1258)   Other: 0.11ms
[4423.426s][info][gc,heap        ] GC(1258) Eden regions: 1119->0(1116)
[4423.426s][info][gc,heap        ] GC(1258) Survivor regions: 109->112(154)
[4423.426s][info][gc,heap        ] GC(1258) Old regions: 475->507
[4423.426s][info][gc,heap        ] GC(1258) Humongous regions: 80->80
[4423.426s][info][gc,metaspace   ] GC(1258) Metaspace: 28913K(29312K)->28913K(29312K) NonClass: 24045K(24256K)->24045K(24256K) Class: 4868K(5056K)->4868K(5056K)
[4423.426s][info][gc             ] GC(1258) Pause Young (Concurrent Start) (G1 Evacuation Pause) 3564M->1397M(4096M) 121.118ms
[4423.426s][info][gc             ] GC(1259) Concurrent Mark Cycle
[4423.426s][info][gc,marking     ] GC(1259) Concurrent Scan Root Regions
[4423.426s][info][gc,cpu         ] GC(1258) User=0.72s Sys=0.00s Real=0.12s
[4423.570s][info][gc,marking     ] GC(1259) Concurrent Scan Root Regions 143.818ms
[4423.570s][info][gc,marking     ] GC(1259) Concurrent Mark
[4423.570s][info][gc,marking     ] GC(1259) Concurrent Mark From Roots
[4423.570s][info][gc,task        ] GC(1259) Using 2 workers of 2 for marking
.[4424.361s][info][gc,marking     ] GC(1259) Concurrent Mark From Roots 790.321ms
[4424.361s][info][gc,marking     ] GC(1259) Concurrent Preclean
[4424.361s][info][gc,marking     ] GC(1259) Concurrent Preclean 0.099ms
[4424.363s][info][gc,start       ] GC(1259) Pause Remark
[4424.367s][info][gc             ] GC(1259) Pause Remark 2245M->2245M(4096M) 3.840ms
[4424.367s][info][gc,cpu         ] GC(1259) User=0.01s Sys=0.00s Real=0.00s
[4424.367s][info][gc,marking     ] GC(1259) Concurrent Mark 796.868ms
[4424.367s][info][gc,marking     ] GC(1259) Concurrent Rebuild Remembered Sets and Scrub Regions
[4424.686s][info][gc,marking     ] GC(1259) Concurrent Rebuild Remembered Sets and Scrub Regions 318.764ms
[4424.687s][info][gc,start       ] GC(1259) Pause Cleanup
[4424.687s][info][gc             ] GC(1259) Pause Cleanup 2519M->2519M(4096M) 0.116ms
[4424.687s][info][gc,cpu         ] GC(1259) User=0.00s Sys=0.00s Real=0.00s
[4424.687s][info][gc,marking     ] GC(1259) Concurrent Clear Claimed Marks
[4424.687s][info][gc,marking     ] GC(1259) Concurrent Clear Claimed Marks 0.032ms
[4424.687s][info][gc,marking     ] GC(1259) Concurrent Cleanup for Next Mark
[4424.692s][info][gc,marking     ] GC(1259) Concurrent Cleanup for Next Mark 4.794ms
[4424.692s][info][gc             ] GC(1259) Concurrent Mark Cycle 1265.638ms
.[4425.687s][info][gc,start       ] GC(1260) Pause Young (Prepare Mixed) (G1 Evacuation Pause)
[4425.687s][info][gc,task        ] GC(1260) Using 6 workers of 6 for evacuation
[4425.807s][info][gc,phases      ] GC(1260)   Pre Evacuate Collection Set: 0.36ms
[4425.807s][info][gc,phases      ] GC(1260)   Merge Heap Roots: 0.52ms
[4425.807s][info][gc,phases      ] GC(1260)   Evacuate Collection Set: 117.15ms
[4425.807s][info][gc,phases      ] GC(1260)   Post Evacuate Collection Set: 0.94ms
[4425.807s][info][gc,phases      ] GC(1260)   Other: 0.09ms
[4425.807s][info][gc,heap        ] GC(1260) Eden regions: 1116->0(1104)
[4425.807s][info][gc,heap        ] GC(1260) Survivor regions: 112->111(154)
[4425.807s][info][gc,heap        ] GC(1260) Old regions: 507->539
[4425.807s][info][gc,heap        ] GC(1260) Humongous regions: 80->80
[4425.807s][info][gc,metaspace   ] GC(1260) Metaspace: 28913K(29312K)->28913K(29312K) NonClass: 24045K(24256K)->24045K(24256K) Class: 4868K(5056K)->4868K(5056K)
[4425.807s][info][gc             ] GC(1260) Pause Young (Prepare Mixed) (G1 Evacuation Pause) 3629M->1458M(4096M) 119.191ms
[4425.807s][info][gc,cpu         ] GC(1260) User=0.71s Sys=0.00s Real=0.12s
...[4428.062s][info][gc,start       ] GC(1261) Pause Young (Mixed) (G1 Evacuation Pause)
[4428.062s][info][gc,task        ] GC(1261) Using 6 workers of 6 for evacuation
[4428.202s][info][gc,phases      ] GC(1261)   Pre Evacuate Collection Set: 0.33ms
[4428.202s][info][gc,phases      ] GC(1261)   Merge Heap Roots: 0.72ms
[4428.202s][info][gc,phases      ] GC(1261)   Evacuate Collection Set: 138.19ms
[4428.202s][info][gc,phases      ] GC(1261)   Post Evacuate Collection Set: 0.91ms
[4428.202s][info][gc,phases      ] GC(1261)   Other: 0.09ms
[4428.202s][info][gc,heap        ] GC(1261) Eden regions: 1104->0(1115)
[4428.202s][info][gc,heap        ] GC(1261) Survivor regions: 111->113(152)
[4428.202s][info][gc,heap        ] GC(1261) Old regions: 539->474
[4428.202s][info][gc,heap        ] GC(1261) Humongous regions: 80->80
[4428.202s][info][gc,metaspace   ] GC(1261) Metaspace: 28913K(29312K)->28913K(29312K) NonClass: 24045K(24256K)->24045K(24256K) Class: 4868K(5056K)->4868K(5056K)
[4428.202s][info][gc             ] GC(1261) Pause Young (Mixed) (G1 Evacuation Pause) 3666M->1333M(4096M) 140.372ms
[4428.202s][info][gc,cpu         ] GC(1261) User=0.83s Sys=0.00s Real=0.14s
..[4430.361s][info][gc,start       ] GC(1262) Pause Young (Concurrent Start) (G1 Evacuation Pause)
[4430.361s][info][gc,task        ] GC(1262) Using 6 workers of 6 for evacuation
[4430.479s][info][gc,phases      ] GC(1262)   Pre Evacuate Collection Set: 0.34ms
[4430.479s][info][gc,phases      ] GC(1262)   Merge Heap Roots: 0.47ms
[4430.479s][info][gc,phases      ] GC(1262)   Evacuate Collection Set: 116.00ms
[4430.479s][info][gc,phases      ] GC(1262)   Post Evacuate Collection Set: 0.89ms
[4430.479s][info][gc,phases      ] GC(1262)   Other: 0.11ms
[4430.479s][info][gc,heap        ] GC(1262) Eden regions: 1115->0(1118)
[4430.479s][info][gc,heap        ] GC(1262) Survivor regions: 113->110(154)
[4430.479s][info][gc,heap        ] GC(1262) Old regions: 474->507
[4430.479s][info][gc,heap        ] GC(1262) Humongous regions: 80->80
[4430.479s][info][gc,metaspace   ] GC(1262) Metaspace: 28913K(29312K)->28913K(29312K) NonClass: 24045K(24256K)->24045K(24256K) Class: 4868K(5056K)->4868K(5056K)
[4430.479s][info][gc             ] GC(1262) Pause Young (Concurrent Start) (G1 Evacuation Pause) 3563M->1391M(4096M) 117.937ms
[4430.479s][info][gc             ] GC(1263) Concurrent Mark Cycle
[4430.479s][info][gc,marking     ] GC(1263) Concurrent Scan Root Regions
[4430.479s][info][gc,cpu         ] GC(1262) User=0.70s Sys=0.00s Real=0.11s
[4430.623s][info][gc,marking     ] GC(1263) Concurrent Scan Root Regions 144.162ms
[4430.623s][info][gc,marking     ] GC(1263) Concurrent Mark
[4430.623s][info][gc,marking     ] GC(1263) Concurrent Mark From Roots
[4430.623s][info][gc,task        ] GC(1263) Using 2 workers of 2 for marking
.[4431.387s][info][gc,marking     ] GC(1263) Concurrent Mark From Roots 763.681ms
[4431.387s][info][gc,marking     ] GC(1263) Concurrent Preclean
[4431.387s][info][gc,marking     ] GC(1263) Concurrent Preclean 0.122ms
[4431.388s][info][gc,start       ] GC(1263) Pause Remark
[4431.392s][info][gc             ] GC(1263) Pause Remark 2219M->2219M(4096M) 4.043ms
[4431.392s][info][gc,cpu         ] GC(1263) User=0.02s Sys=0.00s Real=0.01s
[4431.392s][info][gc,marking     ] GC(1263) Concurrent Mark 769.085ms
[4431.392s][info][gc,marking     ] GC(1263) Concurrent Rebuild Remembered Sets and Scrub Regions
[4431.710s][info][gc,marking     ] GC(1263) Concurrent Rebuild Remembered Sets and Scrub Regions 317.201ms
[4431.711s][info][gc,start       ] GC(1263) Pause Cleanup
[4431.712s][info][gc             ] GC(1263) Pause Cleanup 2515M->2515M(4096M) 0.135ms
[4431.712s][info][gc,cpu         ] GC(1263) User=0.00s Sys=0.00s Real=0.00s
[4431.712s][info][gc,marking     ] GC(1263) Concurrent Clear Claimed Marks
[4431.712s][info][gc,marking     ] GC(1263) Concurrent Clear Claimed Marks 0.039ms
[4431.712s][info][gc,marking     ] GC(1263) Concurrent Cleanup for Next Mark
[4431.720s][info][gc,marking     ] GC(1263) Concurrent Cleanup for Next Mark 8.522ms
[4431.720s][info][gc             ] GC(1263) Concurrent Mark Cycle 1241.307ms
.[4432.840s][info][gc,start       ] GC(1264) Pause Young (Prepare Mixed) (G1 Evacuation Pause)
[4432.840s][info][gc,task        ] GC(1264) Using 6 workers of 6 for evacuation
[4432.960s][info][gc,phases      ] GC(1264)   Pre Evacuate Collection Set: 0.35ms
[4432.960s][info][gc,phases      ] GC(1264)   Merge Heap Roots: 0.52ms
[4432.960s][info][gc,phases      ] GC(1264)   Evacuate Collection Set: 117.67ms
[4432.960s][info][gc,phases      ] GC(1264)   Post Evacuate Collection Set: 0.89ms
[4432.960s][info][gc,phases      ] GC(1264)   Other: 0.09ms
[4432.960s][info][gc,heap        ] GC(1264) Eden regions: 1118->0(1101)
[4432.960s][info][gc,heap        ] GC(1264) Survivor regions: 110->112(154)
[4432.960s][info][gc,heap        ] GC(1264) Old regions: 507->540
[4432.960s][info][gc,heap        ] GC(1264) Humongous regions: 80->80
[4432.960s][info][gc,metaspace   ] GC(1264) Metaspace: 28913K(29312K)->28913K(29312K) NonClass: 24045K(24256K)->24045K(24256K) Class: 4868K(5056K)->4868K(5056K)
[4432.960s][info][gc             ] GC(1264) Pause Young (Prepare Mixed) (G1 Evacuation Pause) 3627M->1461M(4096M) 119.659ms
[4432.960s][info][gc,cpu         ] GC(1264) User=0.72s Sys=0.00s Real=0.12s
...[4435.158s][info][gc,start       ] GC(1265) Pause Young (Mixed) (G1 Evacuation Pause)
[4435.158s][info][gc,task        ] GC(1265) Using 6 workers of 6 for evacuation
[4435.299s][info][gc,phases      ] GC(1265)   Pre Evacuate Collection Set: 0.36ms
[4435.299s][info][gc,phases      ] GC(1265)   Merge Heap Roots: 0.72ms
[4435.299s][info][gc,phases      ] GC(1265)   Evacuate Collection Set: 138.83ms
[4435.299s][info][gc,phases      ] GC(1265)   Post Evacuate Collection Set: 1.01ms
[4435.299s][info][gc,phases      ] GC(1265)   Other: 0.09ms
[4435.299s][info][gc,heap        ] GC(1265) Eden regions: 1101->0(1112)
[4435.299s][info][gc,heap        ] GC(1265) Survivor regions: 112->116(152)
[4435.299s][info][gc,heap        ] GC(1265) Old regions: 540->477
[4435.299s][info][gc,heap        ] GC(1265) Humongous regions: 80->80
[4435.299s][info][gc,metaspace   ] GC(1265) Metaspace: 28913K(29312K)->28913K(29312K) NonClass: 24045K(24256K)->24045K(24256K) Class: 4868K(5056K)->4868K(5056K)
[4435.299s][info][gc             ] GC(1265) Pause Young (Mixed) (G1 Evacuation Pause) 3663M->1345M(4096M) 141.155ms
[4435.299s][info][gc,cpu         ] GC(1265) User=0.84s Sys=0.00s Real=0.14s
..[4437.528s][info][gc,start       ] GC(1266) Pause Young (Concurrent Start) (G1 Evacuation Pause)
[4437.529s][info][gc,task        ] GC(1266) Using 6 workers of 6 for evacuation
[4437.644s][info][gc,phases      ] GC(1266)   Pre Evacuate Collection Set: 0.41ms
[4437.644s][info][gc,phases      ] GC(1266)   Merge Heap Roots: 0.48ms
[4437.644s][info][gc,phases      ] GC(1266)   Evacuate Collection Set: 113.92ms
[4437.644s][info][gc,phases      ] GC(1266)   Post Evacuate Collection Set: 0.87ms
[4437.644s][info][gc,phases      ] GC(1266)   Other: 0.11ms
[4437.644s][info][gc,heap        ] GC(1266) Eden regions: 1112->0(1121)
[4437.644s][info][gc,heap        ] GC(1266) Survivor regions: 116->107(154)
[4437.644s][info][gc,heap        ] GC(1266) Old regions: 477->510
[4437.644s][info][gc,heap        ] GC(1266) Humongous regions: 80->80
[4437.644s][info][gc,metaspace   ] GC(1266) Metaspace: 28913K(29312K)->28913K(29312K) NonClass: 24045K(24256K)->24045K(24256K) Class: 4868K(5056K)->4868K(5056K)
[4437.644s][info][gc             ] GC(1266) Pause Young (Concurrent Start) (G1 Evacuation Pause) 3569M->1391M(4096M) 115.940ms
[4437.644s][info][gc             ] GC(1267) Concurrent Mark Cycle
[4437.644s][info][gc,marking     ] GC(1267) Concurrent Scan Root Regions
[4437.644s][info][gc,cpu         ] GC(1266) User=0.69s Sys=0.00s Real=0.12s
[4437.827s][info][gc,marking     ] GC(1267) Concurrent Scan Root Regions 182.574ms
[4437.827s][info][gc,marking     ] GC(1267) Concurrent Mark
[4437.827s][info][gc,marking     ] GC(1267) Concurrent Mark From Roots
[4437.827s][info][gc,task        ] GC(1267) Using 2 workers of 2 for marking
.[4438.871s][info][gc,marking     ] GC(1267) Concurrent Mark From Roots 1043.993ms
[4438.871s][info][gc,marking     ] GC(1267) Concurrent Preclean
[4438.871s][info][gc,marking     ] GC(1267) Concurrent Preclean 0.106ms
[4438.874s][info][gc,start       ] GC(1267) Pause Remark
[4438.878s][info][gc             ] GC(1267) Pause Remark 2511M->2511M(4096M) 3.299ms
[4438.878s][info][gc,cpu         ] GC(1267) User=0.01s Sys=0.00s Real=0.00s
[4438.878s][info][gc,marking     ] GC(1267) Concurrent Mark 1050.693ms
[4438.878s][info][gc,marking     ] GC(1267) Concurrent Rebuild Remembered Sets and Scrub Regions
[4439.149s][info][gc,marking     ] GC(1267) Concurrent Rebuild Remembered Sets and Scrub Regions 270.802ms
.[4439.152s][info][gc,start       ] GC(1267) Pause Cleanup
[4439.152s][info][gc             ] GC(1267) Pause Cleanup 2787M->2787M(4096M) 0.133ms
[4439.152s][info][gc,cpu         ] GC(1267) User=0.00s Sys=0.00s Real=0.00s
[4439.153s][info][gc,marking     ] GC(1267) Concurrent Clear Claimed Marks
[4439.153s][info][gc,marking     ] GC(1267) Concurrent Clear Claimed Marks 0.026ms
[4439.153s][info][gc,marking     ] GC(1267) Concurrent Cleanup for Next Mark
[4439.157s][info][gc,marking     ] GC(1267) Concurrent Cleanup for Next Mark 4.196ms
[4439.157s][info][gc             ] GC(1267) Concurrent Mark Cycle 1512.390ms
[4439.978s][info][gc,start       ] GC(1268) Pause Young (Prepare Mixed) (G1 Evacuation Pause)
[4439.978s][info][gc,task        ] GC(1268) Using 6 workers of 6 for evacuation
[4440.094s][info][gc,phases      ] GC(1268)   Pre Evacuate Collection Set: 0.31ms
[4440.094s][info][gc,phases      ] GC(1268)   Merge Heap Roots: 0.51ms
[4440.094s][info][gc,phases      ] GC(1268)   Evacuate Collection Set: 114.53ms
[4440.094s][info][gc,phases      ] GC(1268)   Post Evacuate Collection Set: 0.89ms
[4440.094s][info][gc,phases      ] GC(1268)   Other: 0.09ms
[4440.094s][info][gc,heap        ] GC(1268) Eden regions: 1121->0(1104)
[4440.094s][info][gc,heap        ] GC(1268) Survivor regions: 107->110(154)
[4440.094s][info][gc,heap        ] GC(1268) Old regions: 510->541
[4440.094s][info][gc,heap        ] GC(1268) Humongous regions: 80->80
[4440.094s][info][gc,metaspace   ] GC(1268) Metaspace: 28915K(29312K)->28915K(29312K) NonClass: 24047K(24256K)->24047K(24256K) Class: 4868K(5056K)->4868K(5056K)
[4440.094s][info][gc             ] GC(1268) Pause Young (Prepare Mixed) (G1 Evacuation Pause) 3633M->1459M(4096M) 116.465ms
[4440.094s][info][gc,cpu         ] GC(1268) User=0.70s Sys=0.00s Real=0.12s
...[4442.350s][info][gc,start       ] GC(1269) Pause Young (Mixed) (G1 Evacuation Pause)
[4442.350s][info][gc,task        ] GC(1269) Using 6 workers of 6 for evacuation
[4442.482s][info][gc,phases      ] GC(1269)   Pre Evacuate Collection Set: 0.37ms
[4442.482s][info][gc,phases      ] GC(1269)   Merge Heap Roots: 0.64ms
[4442.482s][info][gc,phases      ] GC(1269)   Evacuate Collection Set: 130.18ms
[4442.482s][info][gc,phases      ] GC(1269)   Post Evacuate Collection Set: 0.94ms
[4442.482s][info][gc,phases      ] GC(1269)   Other: 0.09ms
[4442.482s][info][gc,heap        ] GC(1269) Eden regions: 1104->0(1122)
[4442.482s][info][gc,heap        ] GC(1269) Survivor regions: 110->106(152)
[4442.482s][info][gc,heap        ] GC(1269) Old regions: 541->476
[4442.482s][info][gc,heap        ] GC(1269) Humongous regions: 80->80
[4442.482s][info][gc,metaspace   ] GC(1269) Metaspace: 28915K(29312K)->28915K(29312K) NonClass: 24047K(24256K)->24047K(24256K) Class: 4868K(5056K)->4868K(5056K)
[4442.482s][info][gc             ] GC(1269) Pause Young (Mixed) (G1 Evacuation Pause) 3667M->1321M(4096M) 132.359ms
[4442.482s][info][gc,cpu         ] GC(1269) User=0.79s Sys=0.00s Real=0.14s
..[4444.773s][info][gc,start       ] GC(1270) Pause Young (Concurrent Start) (G1 Evacuation Pause)
[4444.773s][info][gc,task        ] GC(1270) Using 6 workers of 6 for evacuation
[4444.889s][info][gc,phases      ] GC(1270)   Pre Evacuate Collection Set: 0.39ms
[4444.889s][info][gc,phases      ] GC(1270)   Merge Heap Roots: 0.48ms
[4444.889s][info][gc,phases      ] GC(1270)   Evacuate Collection Set: 114.38ms
[4444.889s][info][gc,phases      ] GC(1270)   Post Evacuate Collection Set: 0.87ms
[4444.889s][info][gc,phases      ] GC(1270)   Other: 0.13ms
[4444.889s][info][gc,heap        ] GC(1270) Eden regions: 1122->0(1118)
[4444.889s][info][gc,heap        ] GC(1270) Survivor regions: 106->110(154)
[4444.889s][info][gc,heap        ] GC(1270) Old regions: 476->507
[4444.889s][info][gc,heap        ] GC(1270) Humongous regions: 80->80
[4444.889s][info][gc,metaspace   ] GC(1270) Metaspace: 28915K(29312K)->28915K(29312K) NonClass: 24047K(24256K)->24047K(24256K) Class: 4868K(5056K)->4868K(5056K)
[4444.889s][info][gc             ] GC(1270) Pause Young (Concurrent Start) (G1 Evacuation Pause) 3565M->1393M(4096M) 116.385ms
[4444.889s][info][gc             ] GC(1271) Concurrent Mark Cycle
[4444.889s][info][gc,marking     ] GC(1271) Concurrent Scan Root Regions
[4444.889s][info][gc,cpu         ] GC(1270) User=0.69s Sys=0.00s Real=0.11s
[4445.138s][info][gc,marking     ] GC(1271) Concurrent Scan Root Regions 248.532ms
[4445.138s][info][gc,marking     ] GC(1271) Concurrent Mark
[4445.138s][info][gc,marking     ] GC(1271) Concurrent Mark From Roots
[4445.138s][info][gc,task        ] GC(1271) Using 2 workers of 2 for marking
.[4446.159s][info][gc,marking     ] GC(1271) Concurrent Mark From Roots 1020.698ms
[4446.159s][info][gc,marking     ] GC(1271) Concurrent Preclean
[4446.159s][info][gc,marking     ] GC(1271) Concurrent Preclean 0.109ms
[4446.161s][info][gc,start       ] GC(1271) Pause Remark
[4446.165s][info][gc             ] GC(1271) Pause Remark 2627M->2627M(4096M) 3.914ms
[4446.165s][info][gc,cpu         ] GC(1271) User=0.02s Sys=0.00s Real=0.00s
[4446.166s][info][gc,marking     ] GC(1271) Concurrent Mark 1027.820ms
[4446.166s][info][gc,marking     ] GC(1271) Concurrent Rebuild Remembered Sets and Scrub Regions
.[4446.436s][info][gc,marking     ] GC(1271) Concurrent Rebuild Remembered Sets and Scrub Regions 270.095ms
[4446.436s][info][gc,start       ] GC(1271) Pause Cleanup
[4446.436s][info][gc             ] GC(1271) Pause Cleanup 2887M->2887M(4096M) 0.113ms
[4446.436s][info][gc,cpu         ] GC(1271) User=0.00s Sys=0.00s Real=0.00s
[4446.436s][info][gc,marking     ] GC(1271) Concurrent Clear Claimed Marks
[4446.436s][info][gc,marking     ] GC(1271) Concurrent Clear Claimed Marks 0.029ms
[4446.436s][info][gc,marking     ] GC(1271) Concurrent Cleanup for Next Mark
[4446.442s][info][gc,marking     ] GC(1271) Concurrent Cleanup for Next Mark 5.798ms
[4446.442s][info][gc             ] GC(1271) Concurrent Mark Cycle 1552.731ms
[4447.216s][info][gc,start       ] GC(1272) Pause Young (Prepare Mixed) (G1 Evacuation Pause)
[4447.216s][info][gc,task        ] GC(1272) Using 6 workers of 6 for evacuation
[4447.338s][info][gc,phases      ] GC(1272)   Pre Evacuate Collection Set: 0.35ms
[4447.338s][info][gc,phases      ] GC(1272)   Merge Heap Roots: 0.51ms
[4447.338s][info][gc,phases      ] GC(1272)   Evacuate Collection Set: 120.73ms
[4447.338s][info][gc,phases      ] GC(1272)   Post Evacuate Collection Set: 0.93ms
[4447.338s][info][gc,phases      ] GC(1272)   Other: 0.09ms
[4447.338s][info][gc,heap        ] GC(1272) Eden regions: 1118->0(1099)
[4447.338s][info][gc,heap        ] GC(1272) Survivor regions: 110->114(154)
[4447.338s][info][gc,heap        ] GC(1272) Old regions: 507->538
[4447.338s][info][gc,heap        ] GC(1272) Humongous regions: 80->80
[4447.338s][info][gc,metaspace   ] GC(1272) Metaspace: 28915K(29312K)->28915K(29312K) NonClass: 24047K(24256K)->24047K(24256K) Class: 4868K(5056K)->4868K(5056K)
[4447.338s][info][gc             ] GC(1272) Pause Young (Prepare Mixed) (G1 Evacuation Pause) 3629M->1463M(4096M) 122.745ms
[4447.338s][info][gc,cpu         ] GC(1272) User=0.73s Sys=0.01s Real=0.12s
...[4449.463s][info][gc,start       ] GC(1273) Pause Young (Mixed) (G1 Evacuation Pause)
[4449.463s][info][gc,task        ] GC(1273) Using 6 workers of 6 for evacuation
[4449.598s][info][gc,phases      ] GC(1273)   Pre Evacuate Collection Set: 0.38ms
[4449.598s][info][gc,phases      ] GC(1273)   Merge Heap Roots: 0.64ms
[4449.598s][info][gc,phases      ] GC(1273)   Evacuate Collection Set: 133.04ms
[4449.598s][info][gc,phases      ] GC(1273)   Post Evacuate Collection Set: 0.92ms
[4449.599s][info][gc,phases      ] GC(1273)   Other: 0.09ms
[4449.599s][info][gc,heap        ] GC(1273) Eden regions: 1099->0(1119)
[4449.599s][info][gc,heap        ] GC(1273) Survivor regions: 114->109(152)
[4449.599s][info][gc,heap        ] GC(1273) Old regions: 538->474
[4449.599s][info][gc,heap        ] GC(1273) Humongous regions: 80->80
[4449.599s][info][gc,metaspace   ] GC(1273) Metaspace: 28915K(29312K)->28915K(29312K) NonClass: 24047K(24256K)->24047K(24256K) Class: 4868K(5056K)->4868K(5056K)
[4449.599s][info][gc             ] GC(1273) Pause Young (Mixed) (G1 Evacuation Pause) 3661M->1325M(4096M) 135.204ms
[4449.599s][info][gc,cpu         ] GC(1273) User=0.81s Sys=0.00s Real=0.13s
. (rIR:aIR:PR = 7887:7864:7866) (tPR = 117800) [OK] 
  4450s: Performance info:
         Transaction,    Success,    Partial,     Failed,   Receipts, AvgBarcode, 
             Overall,     472996,          0,          0,     449142,      59.47, 
         Response times:
             Request,    Success,    Partial,     Failed,   SkipFail,     Probes,    Samples,      min,      p50,      p90,      p95,      p99,      max, 
       TotalPurchase,     449026,          0,          0,          0,     353104,     424153,      300,     7200,   100000,   142000,   211000,   385000,
     InStorePurchase,     234153,          0,          0,          0,     185887,     223136,      300,     7100,   100000,   142000,   209000,   367000,
      OnlinePurchase,     167363,          0,          0,          0,     129793,     156025,      300,     7300,   102000,   143000,   214000,   367000,
        InstPurchase,      47510,          0,          0,          0,      37424,      44992,      400,     7200,   100000,   140000,   214000,   385000,
          AssocOfCat,        478,          0,          0,          0,        363,        526,    25000,    52000,   167000,   210650,   277000,   345000,
      AssocOfProduct,       4757,          0,          0,          0,       4424,       5568,     1000,     6800,    99000,   145000,   223000,   385000,
      BusinessReport,       1193,          0,          0,          0,       1052,       1394,    27000,    52000,   165500,   196500,   294600,   430000,
          CustBuyBeh,       4759,          0,          0,          0,       4409,       5529,      600,     8000,   107000,   147000,   218700,   386000,
       ProductReturn,      12648,          0,          0,          0,       9625,      11883,      700,     7500,   107000,   143000,   214000,   386000,

  4450s: (58%)   IR =   8025 .[4451.821s][info][gc,start       ] GC(1274) Pause Young (Concurrent Start) (G1 Evacuation Pause)
[4451.821s][info][gc,task        ] GC(1274) Using 6 workers of 6 for evacuation
[4451.941s][info][gc,phases      ] GC(1274)   Pre Evacuate Collection Set: 0.37ms
[4451.941s][info][gc,phases      ] GC(1274)   Merge Heap Roots: 0.59ms
[4451.941s][info][gc,phases      ] GC(1274)   Evacuate Collection Set: 118.33ms
[4451.941s][info][gc,phases      ] GC(1274)   Post Evacuate Collection Set: 0.90ms
[4451.941s][info][gc,phases      ] GC(1274)   Other: 0.13ms
[4451.941s][info][gc,heap        ] GC(1274) Eden regions: 1119->0(1117)
[4451.941s][info][gc,heap        ] GC(1274) Survivor regions: 109->111(154)
[4451.941s][info][gc,heap        ] GC(1274) Old regions: 474->506
[4451.941s][info][gc,heap        ] GC(1274) Humongous regions: 80->80
[4451.941s][info][gc,metaspace   ] GC(1274) Metaspace: 28915K(29312K)->28915K(29312K) NonClass: 24047K(24256K)->24047K(24256K) Class: 4868K(5056K)->4868K(5056K)
[4451.941s][info][gc             ] GC(1274) Pause Young (Concurrent Start) (G1 Evacuation Pause) 3563M->1392M(4096M) 120.487ms
[4451.941s][info][gc             ] GC(1275) Concurrent Mark Cycle
[4451.941s][info][gc,marking     ] GC(1275) Concurrent Scan Root Regions
[4451.941s][info][gc,cpu         ] GC(1274) User=0.71s Sys=0.00s Real=0.13s
[4452.094s][info][gc,marking     ] GC(1275) Concurrent Scan Root Regions 152.573ms
[4452.094s][info][gc,marking     ] GC(1275) Concurrent Mark
[4452.094s][info][gc,marking     ] GC(1275) Concurrent Mark From Roots
[4452.094s][info][gc,task        ] GC(1275) Using 2 workers of 2 for marking
.[4452.880s][info][gc,marking     ] GC(1275) Concurrent Mark From Roots 786.639ms
[4452.880s][info][gc,marking     ] GC(1275) Concurrent Preclean
[4452.881s][info][gc,marking     ] GC(1275) Concurrent Preclean 0.153ms
[4452.883s][info][gc,start       ] GC(1275) Pause Remark
[4452.887s][info][gc             ] GC(1275) Pause Remark 2196M->2196M(4096M) 4.056ms
[4452.887s][info][gc,cpu         ] GC(1275) User=0.02s Sys=0.00s Real=0.00s
[4452.887s][info][gc,marking     ] GC(1275) Concurrent Mark 792.993ms
[4452.887s][info][gc,marking     ] GC(1275) Concurrent Rebuild Remembered Sets and Scrub Regions
[4453.273s][info][gc,marking     ] GC(1275) Concurrent Rebuild Remembered Sets and Scrub Regions 385.945ms
[4453.274s][info][gc,start       ] GC(1275) Pause Cleanup
[4453.274s][info][gc             ] GC(1275) Pause Cleanup 2650M->2650M(4096M) 0.122ms
[4453.274s][info][gc,cpu         ] GC(1275) User=0.00s Sys=0.00s Real=0.00s
[4453.274s][info][gc,marking     ] GC(1275) Concurrent Clear Claimed Marks
[4453.274s][info][gc,marking     ] GC(1275) Concurrent Clear Claimed Marks 0.021ms
[4453.274s][info][gc,marking     ] GC(1275) Concurrent Cleanup for Next Mark
[4453.282s][info][gc,marking     ] GC(1275) Concurrent Cleanup for Next Mark 8.138ms
[4453.282s][info][gc             ] GC(1275) Concurrent Mark Cycle 1341.106ms
.[4454.180s][info][gc,start       ] GC(1276) Pause Young (Prepare Mixed) (G1 Evacuation Pause)
[4454.181s][info][gc,task        ] GC(1276) Using 6 workers of 6 for evacuation
[4454.306s][info][gc,phases      ] GC(1276)   Pre Evacuate Collection Set: 0.34ms
[4454.306s][info][gc,phases      ] GC(1276)   Merge Heap Roots: 0.55ms
[4454.306s][info][gc,phases      ] GC(1276)   Evacuate Collection Set: 124.01ms
[4454.306s][info][gc,phases      ] GC(1276)   Post Evacuate Collection Set: 0.91ms
[4454.306s][info][gc,phases      ] GC(1276)   Other: 0.09ms
[4454.306s][info][gc,heap        ] GC(1276) Eden regions: 1117->0(1092)
[4454.306s][info][gc,heap        ] GC(1276) Survivor regions: 111->118(154)
[4454.306s][info][gc,heap        ] GC(1276) Old regions: 506->537
[4454.306s][info][gc,heap        ] GC(1276) Humongous regions: 80->80
[4454.306s][info][gc,metaspace   ] GC(1276) Metaspace: 28915K(29312K)->28915K(29312K) NonClass: 24047K(24256K)->24047K(24256K) Class: 4868K(5056K)->4868K(5056K)
[4454.306s][info][gc             ] GC(1276) Pause Young (Prepare Mixed) (G1 Evacuation Pause) 3626M->1467M(4096M) 126.021ms
[4454.307s][info][gc,cpu         ] GC(1276) User=0.75s Sys=0.00s Real=0.13s
...[4456.495s][info][gc,start       ] GC(1277) Pause Young (Mixed) (G1 Evacuation Pause)
[4456.495s][info][gc,task        ] GC(1277) Using 6 workers of 6 for evacuation
[4456.629s][info][gc,phases      ] GC(1277)   Pre Evacuate Collection Set: 0.36ms
[4456.629s][info][gc,phases      ] GC(1277)   Merge Heap Roots: 0.70ms
[4456.629s][info][gc,phases      ] GC(1277)   Evacuate Collection Set: 131.34ms
[4456.629s][info][gc,phases      ] GC(1277)   Post Evacuate Collection Set: 0.91ms
[4456.629s][info][gc,phases      ] GC(1277)   Other: 0.08ms
[4456.629s][info][gc,heap        ] GC(1277) Eden regions: 1092->0(1121)
[4456.629s][info][gc,heap        ] GC(1277) Survivor regions: 118->107(152)
[4456.629s][info][gc,heap        ] GC(1277) Old regions: 537->474
[4456.629s][info][gc,heap        ] GC(1277) Humongous regions: 80->80
[4456.629s][info][gc,metaspace   ] GC(1277) Metaspace: 28915K(29312K)->28915K(29312K) NonClass: 24047K(24256K)->24047K(24256K) Class: 4868K(5056K)->4868K(5056K)
[4456.629s][info][gc             ] GC(1277) Pause Young (Mixed) (G1 Evacuation Pause) 3651M->1321M(4096M) 133.535ms
[4456.629s][info][gc,cpu         ] GC(1277) User=0.80s Sys=0.00s Real=0.13s
..[4458.872s][info][gc,start       ] GC(1278) Pause Young (Concurrent Start) (G1 Evacuation Pause)
[4458.872s][info][gc,task        ] GC(1278) Using 6 workers of 6 for evacuation
[4458.991s][info][gc,phases      ] GC(1278)   Pre Evacuate Collection Set: 0.35ms
[4458.991s][info][gc,phases      ] GC(1278)   Merge Heap Roots: 0.44ms
[4458.991s][info][gc,phases      ] GC(1278)   Evacuate Collection Set: 116.88ms
[4458.991s][info][gc,phases      ] GC(1278)   Post Evacuate Collection Set: 0.86ms
[4458.991s][info][gc,phases      ] GC(1278)   Other: 0.11ms
[4458.991s][info][gc,heap        ] GC(1278) Eden regions: 1121->0(1118)
[4458.991s][info][gc,heap        ] GC(1278) Survivor regions: 107->110(154)
[4458.991s][info][gc,heap        ] GC(1278) Old regions: 474->507
[4458.991s][info][gc,heap        ] GC(1278) Humongous regions: 80->80
[4458.991s][info][gc,metaspace   ] GC(1278) Metaspace: 28915K(29312K)->28915K(29312K) NonClass: 24047K(24256K)->24047K(24256K) Class: 4868K(5056K)->4868K(5056K)
[4458.991s][info][gc             ] GC(1278) Pause Young (Concurrent Start) (G1 Evacuation Pause) 3563M->1392M(4096M) 118.771ms
[4458.991s][info][gc             ] GC(1279) Concurrent Mark Cycle
[4458.991s][info][gc,marking     ] GC(1279) Concurrent Scan Root Regions
[4458.991s][info][gc,cpu         ] GC(1278) User=0.71s Sys=0.00s Real=0.12s
[4459.203s][info][gc,marking     ] GC(1279) Concurrent Scan Root Regions 212.115ms
[4459.203s][info][gc,marking     ] GC(1279) Concurrent Mark
[4459.203s][info][gc,marking     ] GC(1279) Concurrent Mark From Roots
[4459.203s][info][gc,task        ] GC(1279) Using 2 workers of 2 for marking
.[4460.248s][info][gc,marking     ] GC(1279) Concurrent Mark From Roots 1045.116ms
[4460.248s][info][gc,marking     ] GC(1279) Concurrent Preclean
[4460.248s][info][gc,marking     ] GC(1279) Concurrent Preclean 0.158ms
[4460.250s][info][gc,start       ] GC(1279) Pause Remark
[4460.254s][info][gc             ] GC(1279) Pause Remark 2668M->2668M(4096M) 4.081ms
[4460.254s][info][gc,cpu         ] GC(1279) User=0.02s Sys=0.00s Real=0.01s
[4460.255s][info][gc,marking     ] GC(1279) Concurrent Mark 1051.433ms
[4460.255s][info][gc,marking     ] GC(1279) Concurrent Rebuild Remembered Sets and Scrub Regions
[4460.601s][info][gc,marking     ] GC(1279) Concurrent Rebuild Remembered Sets and Scrub Regions 346.207ms
[4460.601s][info][gc,start       ] GC(1279) Pause Cleanup
[4460.601s][info][gc             ] GC(1279) Pause Cleanup 3006M->3006M(4096M) 0.117ms
[4460.601s][info][gc,cpu         ] GC(1279) User=0.00s Sys=0.00s Real=0.00s
[4460.601s][info][gc,marking     ] GC(1279) Concurrent Clear Claimed Marks
[4460.602s][info][gc,marking     ] GC(1279) Concurrent Clear Claimed Marks 0.034ms
[4460.602s][info][gc,marking     ] GC(1279) Concurrent Cleanup for Next Mark
[4460.606s][info][gc,marking     ] GC(1279) Concurrent Cleanup for Next Mark 4.884ms
[4460.606s][info][gc             ] GC(1279) Concurrent Mark Cycle 1615.476ms
.[4461.279s][info][gc,start       ] GC(1280) Pause Young (Prepare Mixed) (G1 Evacuation Pause)
[4461.279s][info][gc,task        ] GC(1280) Using 6 workers of 6 for evacuation
[4461.399s][info][gc,phases      ] GC(1280)   Pre Evacuate Collection Set: 0.35ms
[4461.399s][info][gc,phases      ] GC(1280)   Merge Heap Roots: 0.51ms
[4461.399s][info][gc,phases      ] GC(1280)   Evacuate Collection Set: 118.65ms
[4461.399s][info][gc,phases      ] GC(1280)   Post Evacuate Collection Set: 0.93ms
[4461.399s][info][gc,phases      ] GC(1280)   Other: 0.08ms
[4461.399s][info][gc,heap        ] GC(1280) Eden regions: 1118->0(1101)
[4461.399s][info][gc,heap        ] GC(1280) Survivor regions: 110->113(154)
[4461.399s][info][gc,heap        ] GC(1280) Old regions: 507->538
[4461.399s][info][gc,heap        ] GC(1280) Humongous regions: 80->80
[4461.399s][info][gc,metaspace   ] GC(1280) Metaspace: 28915K(29312K)->28915K(29312K) NonClass: 24047K(24256K)->24047K(24256K) Class: 4868K(5056K)->4868K(5056K)
[4461.399s][info][gc             ] GC(1280) Pause Young (Prepare Mixed) (G1 Evacuation Pause) 3628M->1460M(4096M) 120.676ms
[4461.399s][info][gc,cpu         ] GC(1280) User=0.72s Sys=0.00s Real=0.12s
..[4463.537s][info][gc,start       ] GC(1281) Pause Young (Mixed) (G1 Evacuation Pause)
[4463.537s][info][gc,task        ] GC(1281) Using 6 workers of 6 for evacuation
[4463.671s][info][gc,phases      ] GC(1281)   Pre Evacuate Collection Set: 0.33ms
[4463.671s][info][gc,phases      ] GC(1281)   Merge Heap Roots: 0.70ms
[4463.671s][info][gc,phases      ] GC(1281)   Evacuate Collection Set: 131.91ms
[4463.671s][info][gc,phases      ] GC(1281)   Post Evacuate Collection Set: 0.87ms
[4463.671s][info][gc,phases      ] GC(1281)   Other: 0.08ms
[4463.671s][info][gc,heap        ] GC(1281) Eden regions: 1101->0(1119)
[4463.671s][info][gc,heap        ] GC(1281) Survivor regions: 113->109(152)
[4463.671s][info][gc,heap        ] GC(1281) Old regions: 538->477
[4463.671s][info][gc,heap        ] GC(1281) Humongous regions: 80->80
[4463.671s][info][gc,metaspace   ] GC(1281) Metaspace: 28915K(29312K)->28915K(29312K) NonClass: 24047K(24256K)->24047K(24256K) Class: 4868K(5056K)->4868K(5056K)
[4463.671s][info][gc             ] GC(1281) Pause Young (Mixed) (G1 Evacuation Pause) 3662M->1330M(4096M) 134.019ms
[4463.671s][info][gc,cpu         ] GC(1281) User=0.79s Sys=0.01s Real=0.14s
...[4465.875s][info][gc,start       ] GC(1282) Pause Young (Concurrent Start) (G1 Evacuation Pause)
[4465.875s][info][gc,task        ] GC(1282) Using 6 workers of 6 for evacuation
[4465.993s][info][gc,phases      ] GC(1282)   Pre Evacuate Collection Set: 0.37ms
[4465.993s][info][gc,phases      ] GC(1282)   Merge Heap Roots: 0.47ms
[4465.993s][info][gc,phases      ] GC(1282)   Evacuate Collection Set: 116.75ms
[4465.993s][info][gc,phases      ] GC(1282)   Post Evacuate Collection Set: 0.88ms
[4465.993s][info][gc,phases      ] GC(1282)   Other: 0.11ms
[4465.993s][info][gc,heap        ] GC(1282) Eden regions: 1119->0(1118)
[4465.994s][info][gc,heap        ] GC(1282) Survivor regions: 109->110(154)
[4465.994s][info][gc,heap        ] GC(1282) Old regions: 477->510
[4465.994s][info][gc,heap        ] GC(1282) Humongous regions: 80->80
[4465.994s][info][gc,metaspace   ] GC(1282) Metaspace: 28915K(29312K)->28915K(29312K) NonClass: 24047K(24256K)->24047K(24256K) Class: 4868K(5056K)->4868K(5056K)
[4465.994s][info][gc             ] GC(1282) Pause Young (Concurrent Start) (G1 Evacuation Pause) 3568M->1398M(4096M) 118.717ms
[4465.994s][info][gc             ] GC(1283) Concurrent Mark Cycle
[4465.994s][info][gc,marking     ] GC(1283) Concurrent Scan Root Regions
[4465.994s][info][gc,cpu         ] GC(1282) User=0.71s Sys=0.00s Real=0.12s
[4466.184s][info][gc,marking     ] GC(1283) Concurrent Scan Root Regions 190.684ms
[4466.184s][info][gc,marking     ] GC(1283) Concurrent Mark
[4466.184s][info][gc,marking     ] GC(1283) Concurrent Mark From Roots
[4466.184s][info][gc,task        ] GC(1283) Using 2 workers of 2 for marking
.|[4467.149s][info][gc,marking     ] GC(1283) Concurrent Mark From Roots 964.823ms
[4467.149s][info][gc,marking     ] GC(1283) Concurrent Preclean
[4467.149s][info][gc,marking     ] GC(1283) Concurrent Preclean 0.143ms
[4467.153s][info][gc,start       ] GC(1283) Pause Remark
[4467.157s][info][gc             ] GC(1283) Pause Remark 2524M->2524M(4096M) 3.799ms
[4467.157s][info][gc,cpu         ] GC(1283) User=0.02s Sys=0.00s Real=0.00s
[4467.157s][info][gc,marking     ] GC(1283) Concurrent Mark 972.995ms
[4467.157s][info][gc,marking     ] GC(1283) Concurrent Rebuild Remembered Sets and Scrub Regions
[4467.507s][info][gc,marking     ] GC(1283) Concurrent Rebuild Remembered Sets and Scrub Regions 349.903ms
[4467.507s][info][gc,start       ] GC(1283) Pause Cleanup
[4467.508s][info][gc             ] GC(1283) Pause Cleanup 2898M->2898M(4096M) 0.115ms
[4467.508s][info][gc,cpu         ] GC(1283) User=0.00s Sys=0.00s Real=0.00s
[4467.508s][info][gc,marking     ] GC(1283) Concurrent Clear Claimed Marks
[4467.508s][info][gc,marking     ] GC(1283) Concurrent Clear Claimed Marks 0.023ms
[4467.508s][info][gc,marking     ] GC(1283) Concurrent Cleanup for Next Mark
[4467.512s][info][gc,marking     ] GC(1283) Concurrent Cleanup for Next Mark 4.717ms
[4467.512s][info][gc             ] GC(1283) Concurrent Mark Cycle 1518.816ms
.[4468.186s][info][gc,start       ] GC(1284) Pause Young (Prepare Mixed) (G1 Evacuation Pause)
[4468.186s][info][gc,task        ] GC(1284) Using 6 workers of 6 for evacuation
[4468.311s][info][gc,phases      ] GC(1284)   Pre Evacuate Collection Set: 0.33ms
[4468.311s][info][gc,phases      ] GC(1284)   Merge Heap Roots: 0.53ms
[4468.311s][info][gc,phases      ] GC(1284)   Evacuate Collection Set: 123.00ms
[4468.311s][info][gc,phases      ] GC(1284)   Post Evacuate Collection Set: 0.92ms
[4468.311s][info][gc,phases      ] GC(1284)   Other: 0.09ms
[4468.311s][info][gc,heap        ] GC(1284) Eden regions: 1118->0(1092)
[4468.311s][info][gc,heap        ] GC(1284) Survivor regions: 110->116(154)
[4468.311s][info][gc,heap        ] GC(1284) Old regions: 510->541
[4468.311s][info][gc,heap        ] GC(1284) Humongous regions: 80->80
[4468.311s][info][gc,metaspace   ] GC(1284) Metaspace: 28915K(29312K)->28915K(29312K) NonClass: 24047K(24256K)->24047K(24256K) Class: 4868K(5056K)->4868K(5056K)
[4468.311s][info][gc             ] GC(1284) Pause Young (Prepare Mixed) (G1 Evacuation Pause) 3634M->1472M(4096M) 124.986ms
[4468.311s][info][gc,cpu         ] GC(1284) User=0.74s Sys=0.00s Real=0.13s
..[4470.403s][info][gc,start       ] GC(1285) Pause Young (Mixed) (G1 Evacuation Pause)
[4470.404s][info][gc,task        ] GC(1285) Using 6 workers of 6 for evacuation
[4470.535s][info][gc,phases      ] GC(1285)   Pre Evacuate Collection Set: 0.41ms
[4470.535s][info][gc,phases      ] GC(1285)   Merge Heap Roots: 0.77ms
[4470.535s][info][gc,phases      ] GC(1285)   Evacuate Collection Set: 129.08ms
[4470.535s][info][gc,phases      ] GC(1285)   Post Evacuate Collection Set: 0.91ms
[4470.535s][info][gc,phases      ] GC(1285)   Other: 0.09ms
[4470.535s][info][gc,heap        ] GC(1285) Eden regions: 1092->0(1122)
[4470.535s][info][gc,heap        ] GC(1285) Survivor regions: 116->106(151)
[4470.535s][info][gc,heap        ] GC(1285) Old regions: 541->476
[4470.535s][info][gc,heap        ] GC(1285) Humongous regions: 80->80
[4470.535s][info][gc,metaspace   ] GC(1285) Metaspace: 28915K(29312K)->28915K(29312K) NonClass: 24047K(24256K)->24047K(24256K) Class: 4868K(5056K)->4868K(5056K)
[4470.535s][info][gc             ] GC(1285) Pause Young (Mixed) (G1 Evacuation Pause) 3656M->1323M(4096M) 131.389ms
[4470.535s][info][gc,cpu         ] GC(1285) User=0.77s Sys=0.00s Real=0.13s
...[4472.836s][info][gc,start       ] GC(1286) Pause Young (Concurrent Start) (G1 Evacuation Pause)
[4472.836s][info][gc,task        ] GC(1286) Using 6 workers of 6 for evacuation
[4472.951s][info][gc,phases      ] GC(1286)   Pre Evacuate Collection Set: 0.36ms
[4472.951s][info][gc,phases      ] GC(1286)   Merge Heap Roots: 0.45ms
[4472.951s][info][gc,phases      ] GC(1286)   Evacuate Collection Set: 113.74ms
[4472.951s][info][gc,phases      ] GC(1286)   Post Evacuate Collection Set: 0.85ms
[4472.951s][info][gc,phases      ] GC(1286)   Other: 0.10ms
[4472.951s][info][gc,heap        ] GC(1286) Eden regions: 1122->0(1119)
[4472.951s][info][gc,heap        ] GC(1286) Survivor regions: 106->109(154)
[4472.951s][info][gc,heap        ] GC(1286) Old regions: 476->508
[4472.951s][info][gc,heap        ] GC(1286) Humongous regions: 80->80
[4472.951s][info][gc,metaspace   ] GC(1286) Metaspace: 28915K(29312K)->28915K(29312K) NonClass: 24047K(24256K)->24047K(24256K) Class: 4868K(5056K)->4868K(5056K)
[4472.951s][info][gc             ] GC(1286) Pause Young (Concurrent Start) (G1 Evacuation Pause) 3567M->1393M(4096M) 115.652ms
[4472.951s][info][gc             ] GC(1287) Concurrent Mark Cycle
[4472.951s][info][gc,marking     ] GC(1287) Concurrent Scan Root Regions
[4472.951s][info][gc,cpu         ] GC(1286) User=0.69s Sys=0.00s Real=0.12s
[4473.133s][info][gc,marking     ] GC(1287) Concurrent Scan Root Regions 181.409ms
[4473.133s][info][gc,marking     ] GC(1287) Concurrent Mark
[4473.133s][info][gc,marking     ] GC(1287) Concurrent Mark From Roots
[4473.133s][info][gc,task        ] GC(1287) Using 2 workers of 2 for marking
[4473.877s][info][gc,marking     ] GC(1287) Concurrent Mark From Roots 744.782ms
[4473.878s][info][gc,marking     ] GC(1287) Concurrent Preclean
[4473.878s][info][gc,marking     ] GC(1287) Concurrent Preclean 0.161ms
[4473.880s][info][gc,start       ] GC(1287) Pause Remark
[4473.884s][info][gc             ] GC(1287) Pause Remark 2201M->2201M(4096M) 3.236ms
[4473.884s][info][gc,cpu         ] GC(1287) User=0.02s Sys=0.00s Real=0.01s
[4473.884s][info][gc,marking     ] GC(1287) Concurrent Mark 751.106ms
[4473.884s][info][gc,marking     ] GC(1287) Concurrent Rebuild Remembered Sets and Scrub Regions
.[4474.150s][info][gc,marking     ] GC(1287) Concurrent Rebuild Remembered Sets and Scrub Regions 265.736ms
[4474.150s][info][gc,start       ] GC(1287) Pause Cleanup
[4474.150s][info][gc             ] GC(1287) Pause Cleanup 2465M->2465M(4096M) 0.129ms
[4474.150s][info][gc,cpu         ] GC(1287) User=0.00s Sys=0.00s Real=0.00s
[4474.150s][info][gc,marking     ] GC(1287) Concurrent Clear Claimed Marks
[4474.150s][info][gc,marking     ] GC(1287) Concurrent Clear Claimed Marks 0.029ms
[4474.150s][info][gc,marking     ] GC(1287) Concurrent Cleanup for Next Mark
[4474.159s][info][gc,marking     ] GC(1287) Concurrent Cleanup for Next Mark 8.751ms
[4474.159s][info][gc             ] GC(1287) Concurrent Mark Cycle 1207.963ms
.[4475.152s][info][gc,start       ] GC(1288) Pause Young (Prepare Mixed) (G1 Evacuation Pause)
[4475.152s][info][gc,task        ] GC(1288) Using 6 workers of 6 for evacuation
[4475.270s][info][gc,phases      ] GC(1288)   Pre Evacuate Collection Set: 0.31ms
[4475.270s][info][gc,phases      ] GC(1288)   Merge Heap Roots: 0.50ms
[4475.270s][info][gc,phases      ] GC(1288)   Evacuate Collection Set: 115.97ms
[4475.270s][info][gc,phases      ] GC(1288)   Post Evacuate Collection Set: 0.92ms
[4475.270s][info][gc,phases      ] GC(1288)   Other: 0.09ms
[4475.270s][info][gc,heap        ] GC(1288) Eden regions: 1119->0(1101)
[4475.270s][info][gc,heap        ] GC(1288) Survivor regions: 109->112(154)
[4475.270s][info][gc,heap        ] GC(1288) Old regions: 508->540
[4475.270s][info][gc,heap        ] GC(1288) Humongous regions: 80->80
[4475.270s][info][gc,metaspace   ] GC(1288) Metaspace: 28915K(29312K)->28915K(29312K) NonClass: 24047K(24256K)->24047K(24256K) Class: 4868K(5056K)->4868K(5056K)
[4475.270s][info][gc             ] GC(1288) Pause Young (Prepare Mixed) (G1 Evacuation Pause) 3631M->1461M(4096M) 117.925ms
[4475.270s][info][gc,cpu         ] GC(1288) User=0.70s Sys=0.00s Real=0.11s
..[4477.399s][info][gc,start       ] GC(1289) Pause Young (Mixed) (G1 Evacuation Pause)
[4477.399s][info][gc,task        ] GC(1289) Using 6 workers of 6 for evacuation
[4477.530s][info][gc,phases      ] GC(1289)   Pre Evacuate Collection Set: 0.38ms
[4477.530s][info][gc,phases      ] GC(1289)   Merge Heap Roots: 0.66ms
[4477.530s][info][gc,phases      ] GC(1289)   Evacuate Collection Set: 128.15ms
[4477.530s][info][gc,phases      ] GC(1289)   Post Evacuate Collection Set: 0.93ms
[4477.530s][info][gc,phases      ] GC(1289)   Other: 0.09ms
[4477.530s][info][gc,heap        ] GC(1289) Eden regions: 1101->0(1122)
[4477.530s][info][gc,heap        ] GC(1289) Survivor regions: 112->106(152)
[4477.530s][info][gc,heap        ] GC(1289) Old regions: 540->476
[4477.530s][info][gc,heap        ] GC(1289) Humongous regions: 80->80
[4477.530s][info][gc,metaspace   ] GC(1289) Metaspace: 28915K(29312K)->28915K(29312K) NonClass: 24047K(24256K)->24047K(24256K) Class: 4868K(5056K)->4868K(5056K)
[4477.530s][info][gc             ] GC(1289) Pause Young (Mixed) (G1 Evacuation Pause) 3663M->1322M(4096M) 130.344ms
[4477.530s][info][gc,cpu         ] GC(1289) User=0.77s Sys=0.01s Real=0.13s
..[4479.809s][info][gc,start       ] GC(1290) Pause Young (Concurrent Start) (G1 Evacuation Pause)
[4479.809s][info][gc,task        ] GC(1290) Using 6 workers of 6 for evacuation
[4479.934s][info][gc,phases      ] GC(1290)   Pre Evacuate Collection Set: 0.34ms
[4479.934s][info][gc,phases      ] GC(1290)   Merge Heap Roots: 0.49ms
[4479.934s][info][gc,phases      ] GC(1290)   Evacuate Collection Set: 122.79ms
[4479.934s][info][gc,phases      ] GC(1290)   Post Evacuate Collection Set: 0.88ms
[4479.934s][info][gc,phases      ] GC(1290)   Other: 0.12ms
[4479.934s][info][gc,heap        ] GC(1290) Eden regions: 1122->0(1113)
[4479.934s][info][gc,heap        ] GC(1290) Survivor regions: 106->115(154)
[4479.934s][info][gc,heap        ] GC(1290) Old regions: 476->507
[4479.934s][info][gc,heap        ] GC(1290) Humongous regions: 80->80
[4479.934s][info][gc,metaspace   ] GC(1290) Metaspace: 28915K(29312K)->28915K(29312K) NonClass: 24047K(24256K)->24047K(24256K) Class: 4868K(5056K)->4868K(5056K)
[4479.934s][info][gc             ] GC(1290) Pause Young (Concurrent Start) (G1 Evacuation Pause) 3566M->1402M(4096M) 124.756ms
[4479.934s][info][gc             ] GC(1291) Concurrent Mark Cycle
[4479.934s][info][gc,marking     ] GC(1291) Concurrent Scan Root Regions
[4479.934s][info][gc,cpu         ] GC(1290) User=0.74s Sys=0.00s Real=0.13s
.[4480.091s][info][gc,marking     ] GC(1291) Concurrent Scan Root Regions 157.257ms
[4480.091s][info][gc,marking     ] GC(1291) Concurrent Mark
[4480.091s][info][gc,marking     ] GC(1291) Concurrent Mark From Roots
[4480.091s][info][gc,task        ] GC(1291) Using 2 workers of 2 for marking
[4480.953s][info][gc,marking     ] GC(1291) Concurrent Mark From Roots 861.557ms
[4480.953s][info][gc,marking     ] GC(1291) Concurrent Preclean
[4480.953s][info][gc,marking     ] GC(1291) Concurrent Preclean 0.160ms
[4480.955s][info][gc,start       ] GC(1291) Pause Remark
[4480.958s][info][gc             ] GC(1291) Pause Remark 2354M->2354M(4096M) 3.720ms
[4480.959s][info][gc,cpu         ] GC(1291) User=0.02s Sys=0.00s Real=0.00s
[4480.959s][info][gc,marking     ] GC(1291) Concurrent Mark 867.367ms
[4480.959s][info][gc,marking     ] GC(1291) Concurrent Rebuild Remembered Sets and Scrub Regions
.[4481.302s][info][gc,marking     ] GC(1291) Concurrent Rebuild Remembered Sets and Scrub Regions 342.856ms
[4481.304s][info][gc,start       ] GC(1291) Pause Cleanup
[4481.304s][info][gc             ] GC(1291) Pause Cleanup 2754M->2754M(4096M) 0.144ms
[4481.304s][info][gc,cpu         ] GC(1291) User=0.00s Sys=0.00s Real=0.00s
[4481.304s][info][gc,marking     ] GC(1291) Concurrent Clear Claimed Marks
[4481.304s][info][gc,marking     ] GC(1291) Concurrent Clear Claimed Marks 0.029ms
[4481.304s][info][gc,marking     ] GC(1291) Concurrent Cleanup for Next Mark
[4481.310s][info][gc,marking     ] GC(1291) Concurrent Cleanup for Next Mark 5.620ms
[4481.310s][info][gc             ] GC(1291) Concurrent Mark Cycle 1376.034ms
.[4482.191s][info][gc,start       ] GC(1292) Pause Young (Prepare Mixed) (G1 Evacuation Pause)
[4482.191s][info][gc,task        ] GC(1292) Using 6 workers of 6 for evacuation
[4482.313s][info][gc,phases      ] GC(1292)   Pre Evacuate Collection Set: 0.33ms
[4482.313s][info][gc,phases      ] GC(1292)   Merge Heap Roots: 0.50ms
[4482.313s][info][gc,phases      ] GC(1292)   Evacuate Collection Set: 119.95ms
[4482.313s][info][gc,phases      ] GC(1292)   Post Evacuate Collection Set: 0.93ms
[4482.313s][info][gc,phases      ] GC(1292)   Other: 0.08ms
[4482.313s][info][gc,heap        ] GC(1292) Eden regions: 1113->0(1098)
[4482.313s][info][gc,heap        ] GC(1292) Survivor regions: 115->114(154)
[4482.313s][info][gc,heap        ] GC(1292) Old regions: 507->539
[4482.313s][info][gc,heap        ] GC(1292) Humongous regions: 80->80
[4482.313s][info][gc,metaspace   ] GC(1292) Metaspace: 28915K(29312K)->28915K(29312K) NonClass: 24047K(24256K)->24047K(24256K) Class: 4868K(5056K)->4868K(5056K)
[4482.313s][info][gc             ] GC(1292) Pause Young (Prepare Mixed) (G1 Evacuation Pause) 3628M->1464M(4096M) 121.948ms
[4482.313s][info][gc,cpu         ] GC(1292) User=0.72s Sys=0.00s Real=0.12s
..[4484.482s][info][gc,start       ] GC(1293) Pause Young (Mixed) (G1 Evacuation Pause)
[4484.482s][info][gc,task        ] GC(1293) Using 6 workers of 6 for evacuation
[4484.615s][info][gc,phases      ] GC(1293)   Pre Evacuate Collection Set: 0.34ms
[4484.615s][info][gc,phases      ] GC(1293)   Merge Heap Roots: 0.71ms
[4484.615s][info][gc,phases      ] GC(1293)   Evacuate Collection Set: 130.40ms
[4484.615s][info][gc,phases      ] GC(1293)   Post Evacuate Collection Set: 0.92ms
[4484.615s][info][gc,phases      ] GC(1293)   Other: 0.09ms
[4484.615s][info][gc,heap        ] GC(1293) Eden regions: 1098->0(1121)
[4484.615s][info][gc,heap        ] GC(1293) Survivor regions: 114->107(152)
[4484.615s][info][gc,heap        ] GC(1293) Old regions: 539->475
[4484.615s][info][gc,heap        ] GC(1293) Humongous regions: 80->80
[4484.615s][info][gc,metaspace   ] GC(1293) Metaspace: 28915K(29312K)->28915K(29312K) NonClass: 24047K(24256K)->24047K(24256K) Class: 4868K(5056K)->4868K(5056K)
[4484.615s][info][gc             ] GC(1293) Pause Young (Mixed) (G1 Evacuation Pause) 3660M->1323M(4096M) 132.589ms
[4484.615s][info][gc,cpu         ] GC(1293) User=0.79s Sys=0.00s Real=0.13s
..[4486.817s][info][gc,start       ] GC(1294) Pause Young (Concurrent Start) (G1 Evacuation Pause)
[4486.817s][info][gc,task        ] GC(1294) Using 6 workers of 6 for evacuation
[4486.942s][info][gc,phases      ] GC(1294)   Pre Evacuate Collection Set: 0.37ms
[4486.942s][info][gc,phases      ] GC(1294)   Merge Heap Roots: 0.53ms
[4486.942s][info][gc,phases      ] GC(1294)   Evacuate Collection Set: 123.67ms
[4486.942s][info][gc,phases      ] GC(1294)   Post Evacuate Collection Set: 0.88ms
[4486.942s][info][gc,phases      ] GC(1294)   Other: 0.10ms
[4486.942s][info][gc,heap        ] GC(1294) Eden regions: 1121->0(1112)
[4486.942s][info][gc,heap        ] GC(1294) Survivor regions: 107->116(154)
[4486.942s][info][gc,heap        ] GC(1294) Old regions: 475->508
[4486.942s][info][gc,heap        ] GC(1294) Humongous regions: 80->80
[4486.942s][info][gc,metaspace   ] GC(1294) Metaspace: 28915K(29312K)->28915K(29312K) NonClass: 24047K(24256K)->24047K(24256K) Class: 4868K(5056K)->4868K(5056K)
[4486.942s][info][gc             ] GC(1294) Pause Young (Concurrent Start) (G1 Evacuation Pause) 3565M->1406M(4096M) 125.679ms
[4486.942s][info][gc             ] GC(1295) Concurrent Mark Cycle
[4486.942s][info][gc,marking     ] GC(1295) Concurrent Scan Root Regions
[4486.942s][info][gc,cpu         ] GC(1294) User=0.75s Sys=0.00s Real=0.13s
[4487.091s][info][gc,marking     ] GC(1295) Concurrent Scan Root Regions 148.633ms
[4487.091s][info][gc,marking     ] GC(1295) Concurrent Mark
[4487.091s][info][gc,marking     ] GC(1295) Concurrent Mark From Roots
[4487.091s][info][gc,task        ] GC(1295) Using 2 workers of 2 for marking
.[4487.842s][info][gc,marking     ] GC(1295) Concurrent Mark From Roots 750.805ms
[4487.842s][info][gc,marking     ] GC(1295) Concurrent Preclean
[4487.842s][info][gc,marking     ] GC(1295) Concurrent Preclean 0.157ms
[4487.844s][info][gc,start       ] GC(1295) Pause Remark
[4487.848s][info][gc             ] GC(1295) Pause Remark 2140M->2140M(4096M) 3.643ms
[4487.848s][info][gc,cpu         ] GC(1295) User=0.02s Sys=0.00s Real=0.00s
[4487.848s][info][gc,marking     ] GC(1295) Concurrent Mark 757.152ms
[4487.848s][info][gc,marking     ] GC(1295) Concurrent Rebuild Remembered Sets and Scrub Regions
.[4488.180s][info][gc,marking     ] GC(1295) Concurrent Rebuild Remembered Sets and Scrub Regions 331.883ms
[4488.180s][info][gc,start       ] GC(1295) Pause Cleanup
[4488.181s][info][gc             ] GC(1295) Pause Cleanup 2560M->2560M(4096M) 0.124ms
[4488.181s][info][gc,cpu         ] GC(1295) User=0.01s Sys=0.00s Real=0.00s
[4488.181s][info][gc,marking     ] GC(1295) Concurrent Clear Claimed Marks
[4488.181s][info][gc,marking     ] GC(1295) Concurrent Clear Claimed Marks 0.029ms
[4488.181s][info][gc,marking     ] GC(1295) Concurrent Cleanup for Next Mark
[4488.187s][info][gc,marking     ] GC(1295) Concurrent Cleanup for Next Mark 6.527ms
[4488.187s][info][gc             ] GC(1295) Concurrent Mark Cycle 1244.932ms
[4489.124s][info][gc,start       ] GC(1296) Pause Young (Prepare Mixed) (G1 Evacuation Pause)
[4489.124s][info][gc,task        ] GC(1296) Using 6 workers of 6 for evacuation
[4489.250s][info][gc,phases      ] GC(1296)   Pre Evacuate Collection Set: 0.35ms
[4489.250s][info][gc,phases      ] GC(1296)   Merge Heap Roots: 0.54ms
[4489.250s][info][gc,phases      ] GC(1296)   Evacuate Collection Set: 123.52ms
[4489.250s][info][gc,phases      ] GC(1296)   Post Evacuate Collection Set: 0.92ms
[4489.250s][info][gc,phases      ] GC(1296)   Other: 0.09ms
[4489.250s][info][gc,heap        ] GC(1296) Eden regions: 1112->0(1094)
[4489.250s][info][gc,heap        ] GC(1296) Survivor regions: 116->116(154)
[4489.250s][info][gc,heap        ] GC(1296) Old regions: 508->539
[4489.250s][info][gc,heap        ] GC(1296) Humongous regions: 80->80
[4489.250s][info][gc,metaspace   ] GC(1296) Metaspace: 28915K(29312K)->28915K(29312K) NonClass: 24047K(24256K)->24047K(24256K) Class: 4868K(5056K)->4868K(5056K)
[4489.250s][info][gc             ] GC(1296) Pause Young (Prepare Mixed) (G1 Evacuation Pause) 3630M->1469M(4096M) 125.549ms
[4489.250s][info][gc,cpu         ] GC(1296) User=0.75s Sys=0.00s Real=0.12s
...[4491.392s][info][gc,start       ] GC(1297) Pause Young (Mixed) (G1 Evacuation Pause)
[4491.392s][info][gc,task        ] GC(1297) Using 6 workers of 6 for evacuation
[4491.520s][info][gc,phases      ] GC(1297)   Pre Evacuate Collection Set: 0.36ms
[4491.520s][info][gc,phases      ] GC(1297)   Merge Heap Roots: 0.66ms
[4491.520s][info][gc,phases      ] GC(1297)   Evacuate Collection Set: 126.44ms
[4491.520s][info][gc,phases      ] GC(1297)   Post Evacuate Collection Set: 0.93ms
[4491.520s][info][gc,phases      ] GC(1297)   Other: 0.08ms
[4491.520s][info][gc,heap        ] GC(1297) Eden regions: 1094->0(1122)
[4491.520s][info][gc,heap        ] GC(1297) Survivor regions: 116->106(152)
[4491.520s][info][gc,heap        ] GC(1297) Old regions: 539->477
[4491.520s][info][gc,heap        ] GC(1297) Humongous regions: 80->80
[4491.520s][info][gc,metaspace   ] GC(1297) Metaspace: 28915K(29312K)->28915K(29312K) NonClass: 24047K(24256K)->24047K(24256K) Class: 4868K(5056K)->4868K(5056K)
[4491.520s][info][gc             ] GC(1297) Pause Young (Mixed) (G1 Evacuation Pause) 3657M->1325M(4096M) 128.615ms
[4491.520s][info][gc,cpu         ] GC(1297) User=0.76s Sys=0.00s Real=0.12s
..[4493.736s][info][gc,start       ] GC(1298) Pause Young (Concurrent Start) (G1 Evacuation Pause)
[4493.736s][info][gc,task        ] GC(1298) Using 6 workers of 6 for evacuation
[4493.853s][info][gc,phases      ] GC(1298)   Pre Evacuate Collection Set: 0.37ms
[4493.853s][info][gc,phases      ] GC(1298)   Merge Heap Roots: 0.45ms
[4493.853s][info][gc,phases      ] GC(1298)   Evacuate Collection Set: 115.05ms
[4493.853s][info][gc,phases      ] GC(1298)   Post Evacuate Collection Set: 0.88ms
[4493.853s][info][gc,phases      ] GC(1298)   Other: 0.10ms
[4493.853s][info][gc,heap        ] GC(1298) Eden regions: 1122->0(1118)
[4493.853s][info][gc,heap        ] GC(1298) Survivor regions: 106->110(154)
[4493.853s][info][gc,heap        ] GC(1298) Old regions: 477->509
[4493.853s][info][gc,heap        ] GC(1298) Humongous regions: 80->80
[4493.853s][info][gc,metaspace   ] GC(1298) Metaspace: 28915K(29312K)->28915K(29312K) NonClass: 24047K(24256K)->24047K(24256K) Class: 4868K(5056K)->4868K(5056K)
[4493.853s][info][gc             ] GC(1298) Pause Young (Concurrent Start) (G1 Evacuation Pause) 3569M->1396M(4096M) 116.993ms
[4493.853s][info][gc             ] GC(1299) Concurrent Mark Cycle
[4493.853s][info][gc,marking     ] GC(1299) Concurrent Scan Root Regions
[4493.853s][info][gc,cpu         ] GC(1298) User=0.70s Sys=0.00s Real=0.12s
[4494.017s][info][gc,marking     ] GC(1299) Concurrent Scan Root Regions 163.208ms
[4494.017s][info][gc,marking     ] GC(1299) Concurrent Mark
[4494.017s][info][gc,marking     ] GC(1299) Concurrent Mark From Roots
[4494.017s][info][gc,task        ] GC(1299) Using 2 workers of 2 for marking
.[4494.848s][info][gc,marking     ] GC(1299) Concurrent Mark From Roots 831.438ms
[4494.848s][info][gc,marking     ] GC(1299) Concurrent Preclean
[4494.848s][info][gc,marking     ] GC(1299) Concurrent Preclean 0.126ms
[4494.849s][info][gc,start       ] GC(1299) Pause Remark
[4494.851s][info][gc             ] GC(1299) Pause Remark 2321M->2321M(4096M) 2.278ms
[4494.851s][info][gc,cpu         ] GC(1299) User=0.02s Sys=0.00s Real=0.01s
[4494.853s][info][gc,marking     ] GC(1299) Concurrent Mark 836.712ms
[4494.853s][info][gc,marking     ] GC(1299) Concurrent Rebuild Remembered Sets and Scrub Regions
[4495.132s][info][gc,marking     ] GC(1299) Concurrent Rebuild Remembered Sets and Scrub Regions 278.947ms
[4495.134s][info][gc,start       ] GC(1299) Pause Cleanup
[4495.134s][info][gc             ] GC(1299) Pause Cleanup 2628M->2628M(4096M) 0.136ms
[4495.134s][info][gc,cpu         ] GC(1299) User=0.00s Sys=0.00s Real=0.00s
[4495.134s][info][gc,marking     ] GC(1299) Concurrent Clear Claimed Marks
[4495.134s][info][gc,marking     ] GC(1299) Concurrent Clear Claimed Marks 0.027ms
[4495.134s][info][gc,marking     ] GC(1299) Concurrent Cleanup for Next Mark
[4495.177s][info][gc,marking     ] GC(1299) Concurrent Cleanup for Next Mark 42.835ms
[4495.177s][info][gc             ] GC(1299) Concurrent Mark Cycle 1323.956ms
.[4495.975s][info][gc,start       ] GC(1300) Pause Young (Prepare Mixed) (G1 Evacuation Pause)
[4495.975s][info][gc,task        ] GC(1300) Using 6 workers of 6 for evacuation
[4496.097s][info][gc,phases      ] GC(1300)   Pre Evacuate Collection Set: 0.30ms
[4496.097s][info][gc,phases      ] GC(1300)   Merge Heap Roots: 0.51ms
[4496.097s][info][gc,phases      ] GC(1300)   Evacuate Collection Set: 120.03ms
[4496.097s][info][gc,phases      ] GC(1300)   Post Evacuate Collection Set: 0.89ms
[4496.097s][info][gc,phases      ] GC(1300)   Other: 0.09ms
[4496.097s][info][gc,heap        ] GC(1300) Eden regions: 1118->0(1099)
[4496.097s][info][gc,heap        ] GC(1300) Survivor regions: 110->113(154)
[4496.097s][info][gc,heap        ] GC(1300) Old regions: 509->540
[4496.097s][info][gc,heap        ] GC(1300) Humongous regions: 80->80
[4496.097s][info][gc,metaspace   ] GC(1300) Metaspace: 28915K(29312K)->28915K(29312K) NonClass: 24047K(24256K)->24047K(24256K) Class: 4868K(5056K)->4868K(5056K)
[4496.097s][info][gc             ] GC(1300) Pause Young (Prepare Mixed) (G1 Evacuation Pause) 3632M->1465M(4096M) 121.965ms
[4496.097s][info][gc,cpu         ] GC(1300) User=0.72s Sys=0.00s Real=0.12s
..[4498.307s][info][gc,start       ] GC(1301) Pause Young (Mixed) (G1 Evacuation Pause)
[4498.307s][info][gc,task        ] GC(1301) Using 6 workers of 6 for evacuation
[4498.447s][info][gc,phases      ] GC(1301)   Pre Evacuate Collection Set: 0.35ms
[4498.447s][info][gc,phases      ] GC(1301)   Merge Heap Roots: 0.68ms
[4498.447s][info][gc,phases      ] GC(1301)   Evacuate Collection Set: 138.03ms
[4498.447s][info][gc,phases      ] GC(1301)   Post Evacuate Collection Set: 0.95ms
[4498.447s][info][gc,phases      ] GC(1301)   Other: 0.09ms
[4498.447s][info][gc,heap        ] GC(1301) Eden regions: 1099->0(1115)
[4498.447s][info][gc,heap        ] GC(1301) Survivor regions: 113->113(152)
[4498.447s][info][gc,heap        ] GC(1301) Old regions: 540->476
[4498.447s][info][gc,heap        ] GC(1301) Humongous regions: 80->80
[4498.447s][info][gc,metaspace   ] GC(1301) Metaspace: 28915K(29312K)->28915K(29312K) NonClass: 24047K(24256K)->24047K(24256K) Class: 4868K(5056K)->4868K(5056K)
[4498.447s][info][gc             ] GC(1301) Pause Young (Mixed) (G1 Evacuation Pause) 3663M->1335M(4096M) 140.241ms
[4498.447s][info][gc,cpu         ] GC(1301) User=0.83s Sys=0.00s Real=0.14s
...[4500.637s][info][gc,start       ] GC(1302) Pause Young (Concurrent Start) (G1 Evacuation Pause)
[4500.637s][info][gc,task        ] GC(1302) Using 6 workers of 6 for evacuation
[4500.758s][info][gc,phases      ] GC(1302)   Pre Evacuate Collection Set: 0.34ms
[4500.758s][info][gc,phases      ] GC(1302)   Merge Heap Roots: 0.47ms
[4500.758s][info][gc,phases      ] GC(1302)   Evacuate Collection Set: 118.61ms
[4500.758s][info][gc,phases      ] GC(1302)   Post Evacuate Collection Set: 0.86ms
[4500.758s][info][gc,phases      ] GC(1302)   Other: 0.11ms
[4500.758s][info][gc,heap        ] GC(1302) Eden regions: 1115->0(1117)
[4500.758s][info][gc,heap        ] GC(1302) Survivor regions: 113->111(154)
[4500.758s][info][gc,heap        ] GC(1302) Old regions: 476->507
[4500.758s][info][gc,heap        ] GC(1302) Humongous regions: 80->80
[4500.758s][info][gc,metaspace   ] GC(1302) Metaspace: 28915K(29312K)->28915K(29312K) NonClass: 24047K(24256K)->24047K(24256K) Class: 4868K(5056K)->4868K(5056K)
[4500.758s][info][gc             ] GC(1302) Pause Young (Concurrent Start) (G1 Evacuation Pause) 3565M->1395M(4096M) 120.511ms
[4500.758s][info][gc             ] GC(1303) Concurrent Mark Cycle
[4500.758s][info][gc,marking     ] GC(1303) Concurrent Scan Root Regions
[4500.758s][info][gc,cpu         ] GC(1302) User=0.72s Sys=0.00s Real=0.12s
[4500.947s][info][gc,marking     ] GC(1303) Concurrent Scan Root Regions 189.114ms
[4500.947s][info][gc,marking     ] GC(1303) Concurrent Mark
[4500.947s][info][gc,marking     ] GC(1303) Concurrent Mark From Roots
[4500.947s][info][gc,task        ] GC(1303) Using 2 workers of 2 for marking
.[4502.001s][info][gc,marking     ] GC(1303) Concurrent Mark From Roots 1053.586ms
[4502.001s][info][gc,marking     ] GC(1303) Concurrent Preclean
[4502.001s][info][gc,marking     ] GC(1303) Concurrent Preclean 0.114ms
[4502.003s][info][gc,start       ] GC(1303) Pause Remark
[4502.008s][info][gc             ] GC(1303) Pause Remark 2587M->2587M(4096M) 4.836ms
[4502.008s][info][gc,cpu         ] GC(1303) User=0.02s Sys=0.00s Real=0.00s
[4502.008s][info][gc,marking     ] GC(1303) Concurrent Mark 1061.104ms
[4502.008s][info][gc,marking     ] GC(1303) Concurrent Rebuild Remembered Sets and Scrub Regions
[4502.367s][info][gc,marking     ] GC(1303) Concurrent Rebuild Remembered Sets and Scrub Regions 358.757ms
[4502.367s][info][gc,start       ] GC(1303) Pause Cleanup
[4502.367s][info][gc             ] GC(1303) Pause Cleanup 2950M->2950M(4096M) 0.106ms
[4502.367s][info][gc,cpu         ] GC(1303) User=0.00s Sys=0.00s Real=0.00s
[4502.367s][info][gc,marking     ] GC(1303) Concurrent Clear Claimed Marks
[4502.367s][info][gc,marking     ] GC(1303) Concurrent Clear Claimed Marks 0.023ms
[4502.367s][info][gc,marking     ] GC(1303) Concurrent Cleanup for Next Mark
[4502.372s][info][gc,marking     ] GC(1303) Concurrent Cleanup for Next Mark 4.903ms
[4502.372s][info][gc             ] GC(1303) Concurrent Mark Cycle 1614.390ms
.[4502.985s][info][gc,start       ] GC(1304) Pause Young (Prepare Mixed) (G1 Evacuation Pause)
[4502.985s][info][gc,task        ] GC(1304) Using 6 workers of 6 for evacuation
[4503.106s][info][gc,phases      ] GC(1304)   Pre Evacuate Collection Set: 0.32ms
[4503.106s][info][gc,phases      ] GC(1304)   Merge Heap Roots: 0.52ms
[4503.106s][info][gc,phases      ] GC(1304)   Evacuate Collection Set: 119.26ms
[4503.106s][info][gc,phases      ] GC(1304)   Post Evacuate Collection Set: 0.92ms
[4503.106s][info][gc,phases      ] GC(1304)   Other: 0.09ms
[4503.106s][info][gc,heap        ] GC(1304) Eden regions: 1117->0(1100)
[4503.106s][info][gc,heap        ] GC(1304) Survivor regions: 111->113(154)
[4503.106s][info][gc,heap        ] GC(1304) Old regions: 507->539
[4503.106s][info][gc,heap        ] GC(1304) Humongous regions: 80->80
[4503.106s][info][gc,metaspace   ] GC(1304) Metaspace: 28915K(29312K)->28915K(29312K) NonClass: 24047K(24256K)->24047K(24256K) Class: 4868K(5056K)->4868K(5056K)
[4503.106s][info][gc             ] GC(1304) Pause Young (Prepare Mixed) (G1 Evacuation Pause) 3629M->1461M(4096M) 121.237ms
[4503.107s][info][gc,cpu         ] GC(1304) User=0.72s Sys=0.00s Real=0.12s
..[4505.274s][info][gc,start       ] GC(1305) Pause Young (Mixed) (G1 Evacuation Pause)
[4505.274s][info][gc,task        ] GC(1305) Using 6 workers of 6 for evacuation
[4505.409s][info][gc,phases      ] GC(1305)   Pre Evacuate Collection Set: 0.35ms
[4505.409s][info][gc,phases      ] GC(1305)   Merge Heap Roots: 0.66ms
[4505.409s][info][gc,phases      ] GC(1305)   Evacuate Collection Set: 132.98ms
[4505.409s][info][gc,phases      ] GC(1305)   Post Evacuate Collection Set: 0.92ms
[4505.409s][info][gc,phases      ] GC(1305)   Other: 0.09ms
[4505.409s][info][gc,heap        ] GC(1305) Eden regions: 1100->0(1117)
[4505.409s][info][gc,heap        ] GC(1305) Survivor regions: 113->111(152)
[4505.409s][info][gc,heap        ] GC(1305) Old regions: 539->476
[4505.409s][info][gc,heap        ] GC(1305) Humongous regions: 80->80
[4505.409s][info][gc,metaspace   ] GC(1305) Metaspace: 28915K(29312K)->28915K(29312K) NonClass: 24047K(24256K)->24047K(24256K) Class: 4868K(5056K)->4868K(5056K)
[4505.409s][info][gc             ] GC(1305) Pause Young (Mixed) (G1 Evacuation Pause) 3661M->1331M(4096M) 135.136ms
[4505.409s][info][gc,cpu         ] GC(1305) User=0.80s Sys=0.00s Real=0.13s
..[4507.673s][info][gc,start       ] GC(1306) Pause Young (Concurrent Start) (G1 Evacuation Pause)
[4507.673s][info][gc,task        ] GC(1306) Using 6 workers of 6 for evacuation
[4507.797s][info][gc,phases      ] GC(1306)   Pre Evacuate Collection Set: 0.33ms
[4507.797s][info][gc,phases      ] GC(1306)   Merge Heap Roots: 0.46ms
[4507.797s][info][gc,phases      ] GC(1306)   Evacuate Collection Set: 122.19ms
[4507.797s][info][gc,phases      ] GC(1306)   Post Evacuate Collection Set: 0.82ms
[4507.797s][info][gc,phases      ] GC(1306)   Other: 0.11ms
[4507.797s][info][gc,heap        ] GC(1306) Eden regions: 1117->0(1115)
[4507.797s][info][gc,heap        ] GC(1306) Survivor regions: 111->113(154)
[4507.797s][info][gc,heap        ] GC(1306) Old regions: 476->508
[4507.797s][info][gc,heap        ] GC(1306) Humongous regions: 80->80
[4507.797s][info][gc,metaspace   ] GC(1306) Metaspace: 28915K(29312K)->28915K(29312K) NonClass: 24047K(24256K)->24047K(24256K) Class: 4868K(5056K)->4868K(5056K)
[4507.797s][info][gc             ] GC(1306) Pause Young (Concurrent Start) (G1 Evacuation Pause) 3565M->1401M(4096M) 124.053ms
[4507.797s][info][gc             ] GC(1307) Concurrent Mark Cycle
[4507.797s][info][gc,marking     ] GC(1307) Concurrent Scan Root Regions
[4507.797s][info][gc,cpu         ] GC(1306) User=0.74s Sys=0.00s Real=0.12s
.[4507.986s][info][gc,marking     ] GC(1307) Concurrent Scan Root Regions 188.835ms
[4507.986s][info][gc,marking     ] GC(1307) Concurrent Mark
[4507.986s][info][gc,marking     ] GC(1307) Concurrent Mark From Roots
[4507.986s][info][gc,task        ] GC(1307) Using 2 workers of 2 for marking
.[4509.065s][info][gc,marking     ] GC(1307) Concurrent Mark From Roots 1079.257ms
[4509.065s][info][gc,marking     ] GC(1307) Concurrent Preclean
[4509.065s][info][gc,marking     ] GC(1307) Concurrent Preclean 0.115ms
[4509.068s][info][gc,start       ] GC(1307) Pause Remark
[4509.073s][info][gc             ] GC(1307) Pause Remark 2589M->2589M(4096M) 4.672ms
[4509.073s][info][gc,cpu         ] GC(1307) User=0.03s Sys=0.00s Real=0.01s
[4509.073s][info][gc,marking     ] GC(1307) Concurrent Mark 1087.205ms
[4509.073s][info][gc,marking     ] GC(1307) Concurrent Rebuild Remembered Sets and Scrub Regions
[4509.346s][info][gc,marking     ] GC(1307) Concurrent Rebuild Remembered Sets and Scrub Regions 272.938ms
[4509.346s][info][gc,start       ] GC(1307) Pause Cleanup
[4509.346s][info][gc             ] GC(1307) Pause Cleanup 2912M->2912M(4096M) 0.102ms
[4509.346s][info][gc,cpu         ] GC(1307) User=0.00s Sys=0.00s Real=0.00s
[4509.346s][info][gc,marking     ] GC(1307) Concurrent Clear Claimed Marks
[4509.346s][info][gc,marking     ] GC(1307) Concurrent Clear Claimed Marks 0.018ms
[4509.346s][info][gc,marking     ] GC(1307) Concurrent Cleanup for Next Mark
[4509.351s][info][gc,marking     ] GC(1307) Concurrent Cleanup for Next Mark 4.536ms
[4509.351s][info][gc             ] GC(1307) Concurrent Mark Cycle 1553.957ms
.[4509.986s][info][gc,start       ] GC(1308) Pause Young (Prepare Mixed) (G1 Evacuation Pause)
[4509.986s][info][gc,task        ] GC(1308) Using 6 workers of 6 for evacuation
[4510.103s][info][gc,phases      ] GC(1308)   Pre Evacuate Collection Set: 0.33ms
[4510.103s][info][gc,phases      ] GC(1308)   Merge Heap Roots: 0.51ms
[4510.103s][info][gc,phases      ] GC(1308)   Evacuate Collection Set: 115.33ms
[4510.103s][info][gc,phases      ] GC(1308)   Post Evacuate Collection Set: 0.93ms
[4510.103s][info][gc,phases      ] GC(1308)   Other: 0.09ms
[4510.103s][info][gc,heap        ] GC(1308) Eden regions: 1115->0(1105)
[4510.103s][info][gc,heap        ] GC(1308) Survivor regions: 113->110(154)
[4510.103s][info][gc,heap        ] GC(1308) Old regions: 508->540
[4510.103s][info][gc,heap        ] GC(1308) Humongous regions: 80->80
[4510.103s][info][gc,metaspace   ] GC(1308) Metaspace: 28915K(29312K)->28915K(29312K) NonClass: 24047K(24256K)->24047K(24256K) Class: 4868K(5056K)->4868K(5056K)
[4510.103s][info][gc             ] GC(1308) Pause Young (Prepare Mixed) (G1 Evacuation Pause) 3631M->1457M(4096M) 117.316ms
[4510.103s][info][gc,cpu         ] GC(1308) User=0.70s Sys=0.00s Real=0.12s
..[4512.337s][info][gc,start       ] GC(1309) Pause Young (Mixed) (G1 Evacuation Pause)
[4512.337s][info][gc,task        ] GC(1309) Using 6 workers of 6 for evacuation
[4512.470s][info][gc,phases      ] GC(1309)   Pre Evacuate Collection Set: 0.39ms
[4512.470s][info][gc,phases      ] GC(1309)   Merge Heap Roots: 0.78ms
[4512.470s][info][gc,phases      ] GC(1309)   Evacuate Collection Set: 130.86ms
[4512.470s][info][gc,phases      ] GC(1309)   Post Evacuate Collection Set: 0.95ms
[4512.470s][info][gc,phases      ] GC(1309)   Other: 0.09ms
[4512.470s][info][gc,heap        ] GC(1309) Eden regions: 1105->0(1120)
[4512.470s][info][gc,heap        ] GC(1309) Survivor regions: 110->108(152)
[4512.470s][info][gc,heap        ] GC(1309) Old regions: 540->476
[4512.470s][info][gc,heap        ] GC(1309) Humongous regions: 80->80
[4512.470s][info][gc,metaspace   ] GC(1309) Metaspace: 28915K(29312K)->28915K(29312K) NonClass: 24047K(24256K)->24047K(24256K) Class: 4868K(5056K)->4868K(5056K)
[4512.470s][info][gc             ] GC(1309) Pause Young (Mixed) (G1 Evacuation Pause) 3667M->1325M(4096M) 133.212ms
[4512.470s][info][gc,cpu         ] GC(1309) User=0.79s Sys=0.00s Real=0.13s
..[4514.595s][info][gc,start       ] GC(1310) Pause Young (Concurrent Start) (G1 Evacuation Pause)
[4514.595s][info][gc,task        ] GC(1310) Using 6 workers of 6 for evacuation
[4514.715s][info][gc,phases      ] GC(1310)   Pre Evacuate Collection Set: 0.40ms
[4514.715s][info][gc,phases      ] GC(1310)   Merge Heap Roots: 0.44ms
[4514.715s][info][gc,phases      ] GC(1310)   Evacuate Collection Set: 118.10ms
[4514.715s][info][gc,phases      ] GC(1310)   Post Evacuate Collection Set: 0.88ms
[4514.715s][info][gc,phases      ] GC(1310)   Other: 0.12ms
[4514.715s][info][gc,heap        ] GC(1310) Eden regions: 1120->0(1118)
[4514.715s][info][gc,heap        ] GC(1310) Survivor regions: 108->110(154)
[4514.715s][info][gc,heap        ] GC(1310) Old regions: 476->508
[4514.715s][info][gc,heap        ] GC(1310) Humongous regions: 80->80
[4514.715s][info][gc,metaspace   ] GC(1310) Metaspace: 28915K(29312K)->28915K(29312K) NonClass: 24047K(24256K)->24047K(24256K) Class: 4868K(5056K)->4868K(5056K)
[4514.715s][info][gc             ] GC(1310) Pause Young (Concurrent Start) (G1 Evacuation Pause) 3565M->1395M(4096M) 120.082ms
[4514.715s][info][gc             ] GC(1311) Concurrent Mark Cycle
[4514.715s][info][gc,marking     ] GC(1311) Concurrent Scan Root Regions
[4514.715s][info][gc,cpu         ] GC(1310) User=0.72s Sys=0.00s Real=0.12s
[4514.917s][info][gc,marking     ] GC(1311) Concurrent Scan Root Regions 202.102ms
[4514.917s][info][gc,marking     ] GC(1311) Concurrent Mark
[4514.917s][info][gc,marking     ] GC(1311) Concurrent Mark From Roots
[4514.917s][info][gc,task        ] GC(1311) Using 2 workers of 2 for marking
.[4516.010s][info][gc,marking     ] GC(1311) Concurrent Mark From Roots 1092.591ms
[4516.010s][info][gc,marking     ] GC(1311) Concurrent Preclean
[4516.010s][info][gc,marking     ] GC(1311) Concurrent Preclean 0.145ms
[4516.010s][info][gc,start       ] GC(1311) Pause Remark
[4516.014s][info][gc             ] GC(1311) Pause Remark 2653M->2653M(4096M) 3.903ms
[4516.014s][info][gc,cpu         ] GC(1311) User=0.02s Sys=0.00s Real=0.01s
[4516.014s][info][gc,marking     ] GC(1311) Concurrent Mark 1097.044ms
[4516.014s][info][gc,marking     ] GC(1311) Concurrent Rebuild Remembered Sets and Scrub Regions
.[4516.378s][info][gc,marking     ] GC(1311) Concurrent Rebuild Remembered Sets and Scrub Regions 363.618ms
[4516.378s][info][gc,start       ] GC(1311) Pause Cleanup
[4516.378s][info][gc             ] GC(1311) Pause Cleanup 3032M->3032M(4096M) 0.125ms
[4516.378s][info][gc,cpu         ] GC(1311) User=0.00s Sys=0.00s Real=0.00s
[4516.379s][info][gc,marking     ] GC(1311) Concurrent Clear Claimed Marks
[4516.379s][info][gc,marking     ] GC(1311) Concurrent Clear Claimed Marks 0.027ms
[4516.379s][info][gc,marking     ] GC(1311) Concurrent Cleanup for Next Mark
[4516.384s][info][gc,marking     ] GC(1311) Concurrent Cleanup for Next Mark 5.303ms
[4516.384s][info][gc             ] GC(1311) Concurrent Mark Cycle 1668.639ms
[4516.905s][info][gc,start       ] GC(1312) Pause Young (Prepare Mixed) (G1 Evacuation Pause)
[4516.905s][info][gc,task        ] GC(1312) Using 6 workers of 6 for evacuation
[4517.024s][info][gc,phases      ] GC(1312)   Pre Evacuate Collection Set: 0.35ms
[4517.024s][info][gc,phases      ] GC(1312)   Merge Heap Roots: 0.53ms
[4517.024s][info][gc,phases      ] GC(1312)   Evacuate Collection Set: 116.68ms
[4517.024s][info][gc,phases      ] GC(1312)   Post Evacuate Collection Set: 0.94ms
[4517.024s][info][gc,phases      ] GC(1312)   Other: 0.08ms
[4517.024s][info][gc,heap        ] GC(1312) Eden regions: 1118->0(1105)
[4517.024s][info][gc,heap        ] GC(1312) Survivor regions: 110->110(154)
[4517.024s][info][gc,heap        ] GC(1312) Old regions: 508->540
[4517.024s][info][gc,heap        ] GC(1312) Humongous regions: 80->80
[4517.024s][info][gc,metaspace   ] GC(1312) Metaspace: 28915K(29312K)->28915K(29312K) NonClass: 24047K(24256K)->24047K(24256K) Class: 4868K(5056K)->4868K(5056K)
[4517.024s][info][gc             ] GC(1312) Pause Young (Prepare Mixed) (G1 Evacuation Pause) 3631M->1459M(4096M) 118.702ms
[4517.024s][info][gc,cpu         ] GC(1312) User=0.71s Sys=0.00s Real=0.12s
...[4519.146s][info][gc,start       ] GC(1313) Pause Young (Mixed) (G1 Evacuation Pause)
[4519.146s][info][gc,task        ] GC(1313) Using 6 workers of 6 for evacuation
[4519.278s][info][gc,phases      ] GC(1313)   Pre Evacuate Collection Set: 0.40ms
[4519.278s][info][gc,phases      ] GC(1313)   Merge Heap Roots: 0.67ms
[4519.278s][info][gc,phases      ] GC(1313)   Evacuate Collection Set: 130.50ms
[4519.278s][info][gc,phases      ] GC(1313)   Post Evacuate Collection Set: 0.94ms
[4519.278s][info][gc,phases      ] GC(1313)   Other: 0.09ms
[4519.278s][info][gc,heap        ] GC(1313) Eden regions: 1105->0(1118)
[4519.278s][info][gc,heap        ] GC(1313) Survivor regions: 110->110(152)
[4519.278s][info][gc,heap        ] GC(1313) Old regions: 540->476
[4519.278s][info][gc,heap        ] GC(1313) Humongous regions: 80->80
[4519.278s][info][gc,metaspace   ] GC(1313) Metaspace: 28915K(29312K)->28915K(29312K) NonClass: 24047K(24256K)->24047K(24256K) Class: 4868K(5056K)->4868K(5056K)
[4519.278s][info][gc             ] GC(1313) Pause Young (Mixed) (G1 Evacuation Pause) 3669M->1331M(4096M) 132.739ms
[4519.278s][info][gc,cpu         ] GC(1313) User=0.79s Sys=0.00s Real=0.13s
..[4521.495s][info][gc,start       ] GC(1314) Pause Young (Concurrent Start) (G1 Evacuation Pause)
[4521.495s][info][gc,task        ] GC(1314) Using 6 workers of 6 for evacuation
[4521.613s][info][gc,phases      ] GC(1314)   Pre Evacuate Collection Set: 0.36ms
[4521.613s][info][gc,phases      ] GC(1314)   Merge Heap Roots: 0.48ms
[4521.613s][info][gc,phases      ] GC(1314)   Evacuate Collection Set: 115.99ms
[4521.613s][info][gc,phases      ] GC(1314)   Post Evacuate Collection Set: 0.87ms
[4521.613s][info][gc,phases      ] GC(1314)   Other: 0.09ms
[4521.613s][info][gc,heap        ] GC(1314) Eden regions: 1118->0(1118)
[4521.613s][info][gc,heap        ] GC(1314) Survivor regions: 110->110(154)
[4521.613s][info][gc,heap        ] GC(1314) Old regions: 476->509
[4521.613s][info][gc,heap        ] GC(1314) Humongous regions: 80->80
[4521.613s][info][gc,metaspace   ] GC(1314) Metaspace: 28915K(29312K)->28915K(29312K) NonClass: 24047K(24256K)->24047K(24256K) Class: 4868K(5056K)->4868K(5056K)
[4521.613s][info][gc             ] GC(1314) Pause Young (Concurrent Start) (G1 Evacuation Pause) 3567M->1395M(4096M) 117.925ms
[4521.613s][info][gc             ] GC(1315) Concurrent Mark Cycle
[4521.613s][info][gc,marking     ] GC(1315) Concurrent Scan Root Regions
[4521.613s][info][gc,cpu         ] GC(1314) User=0.70s Sys=0.00s Real=0.12s
[4521.795s][info][gc,marking     ] GC(1315) Concurrent Scan Root Regions 182.453ms
[4521.795s][info][gc,marking     ] GC(1315) Concurrent Mark
[4521.795s][info][gc,marking     ] GC(1315) Concurrent Mark From Roots
[4521.795s][info][gc,task        ] GC(1315) Using 2 workers of 2 for marking
.[4522.541s][info][gc,marking     ] GC(1315) Concurrent Mark From Roots 745.309ms
[4522.541s][info][gc,marking     ] GC(1315) Concurrent Preclean
[4522.541s][info][gc,marking     ] GC(1315) Concurrent Preclean 0.127ms
[4522.542s][info][gc,start       ] GC(1315) Pause Remark
[4522.546s][info][gc             ] GC(1315) Pause Remark 2295M->2295M(4096M) 3.689ms
[4522.546s][info][gc,cpu         ] GC(1315) User=0.02s Sys=0.00s Real=0.00s
[4522.547s][info][gc,marking     ] GC(1315) Concurrent Mark 751.977ms
[4522.547s][info][gc,marking     ] GC(1315) Concurrent Rebuild Remembered Sets and Scrub Regions
[4522.971s][info][gc,marking     ] GC(1315) Concurrent Rebuild Remembered Sets and Scrub Regions 424.157ms
[4522.972s][info][gc,start       ] GC(1315) Pause Cleanup
[4522.972s][info][gc             ] GC(1315) Pause Cleanup 2665M->2665M(4096M) 0.124ms
[4522.972s][info][gc,cpu         ] GC(1315) User=0.00s Sys=0.00s Real=0.00s
[4522.972s][info][gc,marking     ] GC(1315) Concurrent Clear Claimed Marks
[4522.972s][info][gc,marking     ] GC(1315) Concurrent Clear Claimed Marks 0.026ms
[4522.972s][info][gc,marking     ] GC(1315) Concurrent Cleanup for Next Mark
[4522.982s][info][gc,marking     ] GC(1315) Concurrent Cleanup for Next Mark 9.944ms
[4522.982s][info][gc             ] GC(1315) Concurrent Mark Cycle 1369.146ms
.[4523.823s][info][gc,start       ] GC(1316) Pause Young (Prepare Mixed) (G1 Evacuation Pause)
[4523.823s][info][gc,task        ] GC(1316) Using 6 workers of 6 for evacuation
[4523.941s][info][gc,phases      ] GC(1316)   Pre Evacuate Collection Set: 0.32ms
[4523.941s][info][gc,phases      ] GC(1316)   Merge Heap Roots: 0.52ms
[4523.941s][info][gc,phases      ] GC(1316)   Evacuate Collection Set: 115.77ms
[4523.941s][info][gc,phases      ] GC(1316)   Post Evacuate Collection Set: 0.88ms
[4523.941s][info][gc,phases      ] GC(1316)   Other: 0.09ms
[4523.941s][info][gc,heap        ] GC(1316) Eden regions: 1118->0(1105)
[4523.941s][info][gc,heap        ] GC(1316) Survivor regions: 110->110(154)
[4523.941s][info][gc,heap        ] GC(1316) Old regions: 509->540
[4523.941s][info][gc,heap        ] GC(1316) Humongous regions: 80->80
[4523.941s][info][gc,metaspace   ] GC(1316) Metaspace: 28915K(29312K)->28915K(29312K) NonClass: 24047K(24256K)->24047K(24256K) Class: 4868K(5056K)->4868K(5056K)
[4523.941s][info][gc             ] GC(1316) Pause Young (Prepare Mixed) (G1 Evacuation Pause) 3631M->1458M(4096M) 117.699ms
[4523.941s][info][gc,cpu         ] GC(1316) User=0.70s Sys=0.00s Real=0.11s
..[4526.166s][info][gc,start       ] GC(1317) Pause Young (Mixed) (G1 Evacuation Pause)
[4526.166s][info][gc,task        ] GC(1317) Using 6 workers of 6 for evacuation
[4526.307s][info][gc,phases      ] GC(1317)   Pre Evacuate Collection Set: 0.35ms
[4526.307s][info][gc,phases      ] GC(1317)   Merge Heap Roots: 0.72ms
[4526.307s][info][gc,phases      ] GC(1317)   Evacuate Collection Set: 139.34ms
[4526.307s][info][gc,phases      ] GC(1317)   Post Evacuate Collection Set: 0.97ms
[4526.307s][info][gc,phases      ] GC(1317)   Other: 0.09ms
[4526.307s][info][gc,heap        ] GC(1317) Eden regions: 1105->0(1113)
[4526.307s][info][gc,heap        ] GC(1317) Survivor regions: 110->115(152)
[4526.307s][info][gc,heap        ] GC(1317) Old regions: 540->475
[4526.307s][info][gc,heap        ] GC(1317) Humongous regions: 80->80
[4526.307s][info][gc,metaspace   ] GC(1317) Metaspace: 28915K(29312K)->28915K(29312K) NonClass: 24047K(24256K)->24047K(24256K) Class: 4868K(5056K)->4868K(5056K)
[4526.307s][info][gc             ] GC(1317) Pause Young (Mixed) (G1 Evacuation Pause) 3668M->1338M(4096M) 141.612ms
[4526.307s][info][gc,cpu         ] GC(1317) User=0.84s Sys=0.00s Real=0.14s
.. (rIR:aIR:PR = 8025:8059:8059) (tPR = 119097) [OK] 
  4527s: Performance info:
         Transaction,    Success,    Partial,     Failed,   Receipts, AvgBarcode, 
             Overall,     488618,          0,          0,     464311,      59.47, 
         Response times:
             Request,    Success,    Partial,     Failed,   SkipFail,     Probes,    Samples,      min,      p50,      p90,      p95,      p99,      max, 
       TotalPurchase,     464004,          0,          0,          0,     351623,     462886,      200,     7500,   128000,   166000,   235000,   569000,
     InStorePurchase,     244903,          0,          0,          0,     184805,     243540,      200,     7600,   129000,   166000,   235000,   548000,
      OnlinePurchase,     170504,          0,          0,          0,     129652,     170538,      300,     7300,   127000,   164000,   230000,   569000,
        InstPurchase,      48597,          0,          0,          0,      37166,      48808,      400,     7400,   126000,   170000,   239000,   392000,
          AssocOfCat,        486,          0,          0,          0,        390,        588,    23000,    50000,   192100,   229000,   294990,   346000,
      AssocOfProduct,       4891,          0,          0,          0,       3333,       4527,      400,     7500,   123000,   165000,   220000,   345000,
      BusinessReport,       1223,          0,          0,          0,       1060,       1479,    26000,    53000,   175000,   214000,   282200,   469000,
          CustBuyBeh,       4860,          0,          0,          0,       3355,       4650,      400,     7950,   130000,   172000,   238000,   364000,
       ProductReturn,      12840,          0,          0,          0,       9770,      12975,      200,     7600,   122400,   161000,   223000,   345000,

  4527s: (59%)   IR =   8164 .[4528.563s][info][gc,start       ] GC(1318) Pause Young (Concurrent Start) (G1 Evacuation Pause)
[4528.563s][info][gc,task        ] GC(1318) Using 6 workers of 6 for evacuation
[4528.687s][info][gc,phases      ] GC(1318)   Pre Evacuate Collection Set: 0.38ms
[4528.687s][info][gc,phases      ] GC(1318)   Merge Heap Roots: 0.57ms
[4528.687s][info][gc,phases      ] GC(1318)   Evacuate Collection Set: 122.39ms
[4528.687s][info][gc,phases      ] GC(1318)   Post Evacuate Collection Set: 0.96ms
[4528.687s][info][gc,phases      ] GC(1318)   Other: 0.12ms
[4528.687s][info][gc,heap        ] GC(1318) Eden regions: 1113->0(1115)
[4528.687s][info][gc,heap        ] GC(1318) Survivor regions: 115->113(154)
[4528.687s][info][gc,heap        ] GC(1318) Old regions: 475->507
[4528.687s][info][gc,heap        ] GC(1318) Humongous regions: 80->80
[4528.687s][info][gc,metaspace   ] GC(1318) Metaspace: 28917K(29312K)->28917K(29312K) NonClass: 24048K(24256K)->24048K(24256K) Class: 4868K(5056K)->4868K(5056K)
[4528.687s][info][gc             ] GC(1318) Pause Young (Concurrent Start) (G1 Evacuation Pause) 3564M->1399M(4096M) 124.539ms
[4528.687s][info][gc             ] GC(1319) Concurrent Mark Cycle
[4528.687s][info][gc,marking     ] GC(1319) Concurrent Scan Root Regions
[4528.687s][info][gc,cpu         ] GC(1318) User=0.74s Sys=0.01s Real=0.12s
[4528.833s][info][gc,marking     ] GC(1319) Concurrent Scan Root Regions 145.601ms
[4528.833s][info][gc,marking     ] GC(1319) Concurrent Mark
[4528.833s][info][gc,marking     ] GC(1319) Concurrent Mark From Roots
[4528.833s][info][gc,task        ] GC(1319) Using 2 workers of 2 for marking
[4529.407s][info][gc,marking     ] GC(1319) Concurrent Mark From Roots 573.721ms
[4529.407s][info][gc,marking     ] GC(1319) Concurrent Preclean
[4529.407s][info][gc,marking     ] GC(1319) Concurrent Preclean 0.165ms
[4529.409s][info][gc,start       ] GC(1319) Pause Remark
[4529.412s][info][gc             ] GC(1319) Pause Remark 1977M->1977M(4096M) 3.159ms
[4529.412s][info][gc,cpu         ] GC(1319) User=0.02s Sys=0.00s Real=0.01s
[4529.413s][info][gc,marking     ] GC(1319) Concurrent Mark 579.746ms
[4529.413s][info][gc,marking     ] GC(1319) Concurrent Rebuild Remembered Sets and Scrub Regions
.[4529.833s][info][gc,marking     ] GC(1319) Concurrent Rebuild Remembered Sets and Scrub Regions 420.453ms
[4529.834s][info][gc,start       ] GC(1319) Pause Cleanup
[4529.834s][info][gc             ] GC(1319) Pause Cleanup 2380M->2380M(4096M) 0.126ms
[4529.834s][info][gc,cpu         ] GC(1319) User=0.00s Sys=0.00s Real=0.00s
[4529.835s][info][gc,marking     ] GC(1319) Concurrent Clear Claimed Marks
[4529.835s][info][gc,marking     ] GC(1319) Concurrent Clear Claimed Marks 0.034ms
[4529.835s][info][gc,marking     ] GC(1319) Concurrent Cleanup for Next Mark
[4529.910s][info][gc,marking     ] GC(1319) Concurrent Cleanup for Next Mark 75.282ms
[4529.910s][info][gc             ] GC(1319) Concurrent Mark Cycle 1222.690ms
.[4530.855s][info][gc,start       ] GC(1320) Pause Young (Prepare Mixed) (G1 Evacuation Pause)
[4530.855s][info][gc,task        ] GC(1320) Using 6 workers of 6 for evacuation
[4530.975s][info][gc,phases      ] GC(1320)   Pre Evacuate Collection Set: 0.33ms
[4530.975s][info][gc,phases      ] GC(1320)   Merge Heap Roots: 0.49ms
[4530.975s][info][gc,phases      ] GC(1320)   Evacuate Collection Set: 117.99ms
[4530.975s][info][gc,phases      ] GC(1320)   Post Evacuate Collection Set: 0.97ms
[4530.975s][info][gc,phases      ] GC(1320)   Other: 0.09ms
[4530.975s][info][gc,heap        ] GC(1320) Eden regions: 1115->0(1104)
[4530.975s][info][gc,heap        ] GC(1320) Survivor regions: 113->111(154)
[4530.975s][info][gc,heap        ] GC(1320) Old regions: 507->539
[4530.975s][info][gc,heap        ] GC(1320) Humongous regions: 80->80
[4530.975s][info][gc,metaspace   ] GC(1320) Metaspace: 28917K(29312K)->28917K(29312K) NonClass: 24048K(24256K)->24048K(24256K) Class: 4868K(5056K)->4868K(5056K)
[4530.975s][info][gc             ] GC(1320) Pause Young (Prepare Mixed) (G1 Evacuation Pause) 3629M->1458M(4096M) 120.006ms
[4530.975s][info][gc,cpu         ] GC(1320) User=0.71s Sys=0.00s Real=0.12s
..[4533.076s][info][gc,start       ] GC(1321) Pause Young (Mixed) (G1 Evacuation Pause)
[4533.076s][info][gc,task        ] GC(1321) Using 6 workers of 6 for evacuation
[4533.213s][info][gc,phases      ] GC(1321)   Pre Evacuate Collection Set: 0.37ms
[4533.213s][info][gc,phases      ] GC(1321)   Merge Heap Roots: 0.66ms
[4533.213s][info][gc,phases      ] GC(1321)   Evacuate Collection Set: 134.89ms
[4533.213s][info][gc,phases      ] GC(1321)   Post Evacuate Collection Set: 0.96ms
[4533.213s][info][gc,phases      ] GC(1321)   Other: 0.10ms
[4533.213s][info][gc,heap        ] GC(1321) Eden regions: 1104->0(1115)
[4533.213s][info][gc,heap        ] GC(1321) Survivor regions: 111->113(152)
[4533.213s][info][gc,heap        ] GC(1321) Old regions: 539->476
[4533.213s][info][gc,heap        ] GC(1321) Humongous regions: 80->80
[4533.213s][info][gc,metaspace   ] GC(1321) Metaspace: 28917K(29312K)->28917K(29312K) NonClass: 24048K(24256K)->24048K(24256K) Class: 4868K(5056K)->4868K(5056K)
[4533.213s][info][gc             ] GC(1321) Pause Young (Mixed) (G1 Evacuation Pause) 3666M->1336M(4096M) 137.114ms
[4533.213s][info][gc,cpu         ] GC(1321) User=0.81s Sys=0.00s Real=0.14s
..[4535.411s][info][gc,start       ] GC(1322) Pause Young (Concurrent Start) (G1 Evacuation Pause)
[4535.411s][info][gc,task        ] GC(1322) Using 6 workers of 6 for evacuation
[4535.528s][info][gc,phases      ] GC(1322)   Pre Evacuate Collection Set: 0.34ms
[4535.528s][info][gc,phases      ] GC(1322)   Merge Heap Roots: 0.55ms
[4535.528s][info][gc,phases      ] GC(1322)   Evacuate Collection Set: 114.85ms
[4535.528s][info][gc,phases      ] GC(1322)   Post Evacuate Collection Set: 0.88ms
[4535.528s][info][gc,phases      ] GC(1322)   Other: 0.10ms
[4535.528s][info][gc,heap        ] GC(1322) Eden regions: 1115->0(1121)
[4535.528s][info][gc,heap        ] GC(1322) Survivor regions: 113->107(154)
[4535.528s][info][gc,heap        ] GC(1322) Old regions: 476->509
[4535.528s][info][gc,heap        ] GC(1322) Humongous regions: 80->80
[4535.528s][info][gc,metaspace   ] GC(1322) Metaspace: 28917K(29312K)->28917K(29312K) NonClass: 24048K(24256K)->24048K(24256K) Class: 4868K(5056K)->4868K(5056K)
[4535.528s][info][gc             ] GC(1322) Pause Young (Concurrent Start) (G1 Evacuation Pause) 3566M->1389M(4096M) 116.859ms
[4535.528s][info][gc             ] GC(1323) Concurrent Mark Cycle
[4535.528s][info][gc,marking     ] GC(1323) Concurrent Scan Root Regions
[4535.528s][info][gc,cpu         ] GC(1322) User=0.69s Sys=0.00s Real=0.11s
.[4535.738s][info][gc,marking     ] GC(1323) Concurrent Scan Root Regions 210.353ms
[4535.738s][info][gc,marking     ] GC(1323) Concurrent Mark
[4535.738s][info][gc,marking     ] GC(1323) Concurrent Mark From Roots
[4535.738s][info][gc,task        ] GC(1323) Using 2 workers of 2 for marking
.[4536.832s][info][gc,marking     ] GC(1323) Concurrent Mark From Roots 1093.382ms
[4536.832s][info][gc,marking     ] GC(1323) Concurrent Preclean
[4536.832s][info][gc,marking     ] GC(1323) Concurrent Preclean 0.116ms
[4536.834s][info][gc,start       ] GC(1323) Pause Remark
[4536.839s][info][gc             ] GC(1323) Pause Remark 2599M->2599M(4096M) 4.846ms
[4536.839s][info][gc,cpu         ] GC(1323) User=0.03s Sys=0.00s Real=0.00s
[4536.840s][info][gc,marking     ] GC(1323) Concurrent Mark 1101.353ms
[4536.840s][info][gc,marking     ] GC(1323) Concurrent Rebuild Remembered Sets and Scrub Regions
[4537.261s][info][gc,marking     ] GC(1323) Concurrent Rebuild Remembered Sets and Scrub Regions 420.803ms
[4537.261s][info][gc,start       ] GC(1323) Pause Cleanup
[4537.261s][info][gc             ] GC(1323) Pause Cleanup 3121M->3121M(4096M) 0.126ms
[4537.261s][info][gc,cpu         ] GC(1323) User=0.00s Sys=0.00s Real=0.00s
[4537.262s][info][gc,marking     ] GC(1323) Concurrent Clear Claimed Marks
[4537.262s][info][gc,marking     ] GC(1323) Concurrent Clear Claimed Marks 0.032ms
[4537.262s][info][gc,marking     ] GC(1323) Concurrent Cleanup for Next Mark
[4537.272s][info][gc,marking     ] GC(1323) Concurrent Cleanup for Next Mark 9.766ms
[4537.272s][info][gc             ] GC(1323) Concurrent Mark Cycle 1743.708ms
[4537.697s][info][gc,start       ] GC(1324) Pause Young (Prepare Mixed) (G1 Evacuation Pause)
[4537.697s][info][gc,task        ] GC(1324) Using 6 workers of 6 for evacuation
[4537.818s][info][gc,phases      ] GC(1324)   Pre Evacuate Collection Set: 0.31ms
[4537.818s][info][gc,phases      ] GC(1324)   Merge Heap Roots: 0.51ms
[4537.818s][info][gc,phases      ] GC(1324)   Evacuate Collection Set: 119.59ms
[4537.818s][info][gc,phases      ] GC(1324)   Post Evacuate Collection Set: 0.96ms
[4537.818s][info][gc,phases      ] GC(1324)   Other: 0.09ms
[4537.818s][info][gc,heap        ] GC(1324) Eden regions: 1121->0(1099)
[4537.818s][info][gc,heap        ] GC(1324) Survivor regions: 107->113(154)
[4537.818s][info][gc,heap        ] GC(1324) Old regions: 509->540
[4537.818s][info][gc,heap        ] GC(1324) Humongous regions: 80->80
[4537.818s][info][gc,metaspace   ] GC(1324) Metaspace: 28917K(29312K)->28917K(29312K) NonClass: 24048K(24256K)->24048K(24256K) Class: 4868K(5056K)->4868K(5056K)
[4537.818s][info][gc             ] GC(1324) Pause Young (Prepare Mixed) (G1 Evacuation Pause) 3631M->1463M(4096M) 121.588ms
[4537.818s][info][gc,cpu         ] GC(1324) User=0.72s Sys=0.00s Real=0.12s
...[4539.983s][info][gc,start       ] GC(1325) Pause Young (Mixed) (G1 Evacuation Pause)
[4539.983s][info][gc,task        ] GC(1325) Using 6 workers of 6 for evacuation
[4540.120s][info][gc,phases      ] GC(1325)   Pre Evacuate Collection Set: 0.36ms
[4540.120s][info][gc,phases      ] GC(1325)   Merge Heap Roots: 0.72ms
[4540.120s][info][gc,phases      ] GC(1325)   Evacuate Collection Set: 134.69ms
[4540.120s][info][gc,phases      ] GC(1325)   Post Evacuate Collection Set: 0.96ms
[4540.120s][info][gc,phases      ] GC(1325)   Other: 0.09ms
[4540.120s][info][gc,heap        ] GC(1325) Eden regions: 1099->0(1116)
[4540.120s][info][gc,heap        ] GC(1325) Survivor regions: 113->112(152)
[4540.120s][info][gc,heap        ] GC(1325) Old regions: 540->476
[4540.120s][info][gc,heap        ] GC(1325) Humongous regions: 80->80
[4540.120s][info][gc,metaspace   ] GC(1325) Metaspace: 28917K(29312K)->28917K(29312K) NonClass: 24048K(24256K)->24048K(24256K) Class: 4868K(5056K)->4868K(5056K)
[4540.120s][info][gc             ] GC(1325) Pause Young (Mixed) (G1 Evacuation Pause) 3661M->1335M(4096M) 136.962ms
[4540.120s][info][gc,cpu         ] GC(1325) User=0.82s Sys=0.00s Real=0.13s
.|.[4542.301s][info][gc,start       ] GC(1326) Pause Young (Concurrent Start) (G1 Evacuation Pause)
[4542.301s][info][gc,task        ] GC(1326) Using 6 workers of 6 for evacuation
[4542.422s][info][gc,phases      ] GC(1326)   Pre Evacuate Collection Set: 0.39ms
[4542.422s][info][gc,phases      ] GC(1326)   Merge Heap Roots: 0.50ms
[4542.422s][info][gc,phases      ] GC(1326)   Evacuate Collection Set: 119.14ms
[4542.422s][info][gc,phases      ] GC(1326)   Post Evacuate Collection Set: 0.88ms
[4542.422s][info][gc,phases      ] GC(1326)   Other: 0.12ms
[4542.422s][info][gc,heap        ] GC(1326) Eden regions: 1116->0(1115)
[4542.422s][info][gc,heap        ] GC(1326) Survivor regions: 112->113(154)
[4542.422s][info][gc,heap        ] GC(1326) Old regions: 476->508
[4542.422s][info][gc,heap        ] GC(1326) Humongous regions: 80->80
[4542.422s][info][gc,metaspace   ] GC(1326) Metaspace: 28917K(29312K)->28917K(29312K) NonClass: 24048K(24256K)->24048K(24256K) Class: 4868K(5056K)->4868K(5056K)
[4542.422s][info][gc             ] GC(1326) Pause Young (Concurrent Start) (G1 Evacuation Pause) 3567M->1400M(4096M) 121.171ms
[4542.422s][info][gc             ] GC(1327) Concurrent Mark Cycle
[4542.422s][info][gc,marking     ] GC(1327) Concurrent Scan Root Regions
[4542.422s][info][gc,cpu         ] GC(1326) User=0.72s Sys=0.00s Real=0.13s
[4542.627s][info][gc,marking     ] GC(1327) Concurrent Scan Root Regions 205.486ms
[4542.627s][info][gc,marking     ] GC(1327) Concurrent Mark
[4542.627s][info][gc,marking     ] GC(1327) Concurrent Mark From Roots
[4542.627s][info][gc,task        ] GC(1327) Using 2 workers of 2 for marking
.[4543.464s][info][gc,marking     ] GC(1327) Concurrent Mark From Roots 836.365ms
[4543.464s][info][gc,marking     ] GC(1327) Concurrent Preclean
[4543.464s][info][gc,marking     ] GC(1327) Concurrent Preclean 0.131ms
[4543.465s][info][gc,start       ] GC(1327) Pause Remark
[4543.467s][info][gc             ] GC(1327) Pause Remark 2420M->2420M(4096M) 2.496ms
[4543.467s][info][gc,cpu         ] GC(1327) User=0.01s Sys=0.00s Real=0.00s
[4543.467s][info][gc,marking     ] GC(1327) Concurrent Mark 840.075ms
[4543.467s][info][gc,marking     ] GC(1327) Concurrent Rebuild Remembered Sets and Scrub Regions
[4543.906s][info][gc,marking     ] GC(1327) Concurrent Rebuild Remembered Sets and Scrub Regions 438.827ms
[4543.916s][info][gc,start       ] GC(1327) Pause Cleanup
[4543.916s][info][gc             ] GC(1327) Pause Cleanup 2863M->2863M(4096M) 0.141ms
[4543.916s][info][gc,cpu         ] GC(1327) User=0.00s Sys=0.00s Real=0.00s
[4543.917s][info][gc,marking     ] GC(1327) Concurrent Clear Claimed Marks
[4543.917s][info][gc,marking     ] GC(1327) Concurrent Clear Claimed Marks 0.040ms
[4543.917s][info][gc,marking     ] GC(1327) Concurrent Cleanup for Next Mark
[4543.926s][info][gc,marking     ] GC(1327) Concurrent Cleanup for Next Mark 8.679ms
[4543.926s][info][gc             ] GC(1327) Concurrent Mark Cycle 1504.209ms
.[4544.608s][info][gc,start       ] GC(1328) Pause Young (Prepare Mixed) (G1 Evacuation Pause)
[4544.608s][info][gc,task        ] GC(1328) Using 6 workers of 6 for evacuation
[4544.724s][info][gc,phases      ] GC(1328)   Pre Evacuate Collection Set: 0.31ms
[4544.724s][info][gc,phases      ] GC(1328)   Merge Heap Roots: 0.51ms
[4544.724s][info][gc,phases      ] GC(1328)   Evacuate Collection Set: 114.64ms
[4544.724s][info][gc,phases      ] GC(1328)   Post Evacuate Collection Set: 0.91ms
[4544.724s][info][gc,phases      ] GC(1328)   Other: 0.10ms
[4544.724s][info][gc,heap        ] GC(1328) Eden regions: 1115->0(1107)
[4544.724s][info][gc,heap        ] GC(1328) Survivor regions: 113->109(154)
[4544.724s][info][gc,heap        ] GC(1328) Old regions: 508->540
[4544.724s][info][gc,heap        ] GC(1328) Humongous regions: 80->80
[4544.724s][info][gc,metaspace   ] GC(1328) Metaspace: 28917K(29312K)->28917K(29312K) NonClass: 24048K(24256K)->24048K(24256K) Class: 4868K(5056K)->4868K(5056K)
[4544.724s][info][gc             ] GC(1328) Pause Young (Prepare Mixed) (G1 Evacuation Pause) 3630M->1457M(4096M) 116.596ms
[4544.724s][info][gc,cpu         ] GC(1328) User=0.69s Sys=0.00s Real=0.12s
..[4546.797s][info][gc,start       ] GC(1329) Pause Young (Mixed) (G1 Evacuation Pause)
[4546.797s][info][gc,task        ] GC(1329) Using 6 workers of 6 for evacuation
[4546.933s][info][gc,phases      ] GC(1329)   Pre Evacuate Collection Set: 0.35ms
[4546.933s][info][gc,phases      ] GC(1329)   Merge Heap Roots: 0.77ms
[4546.933s][info][gc,phases      ] GC(1329)   Evacuate Collection Set: 133.10ms
[4546.933s][info][gc,phases      ] GC(1329)   Post Evacuate Collection Set: 0.94ms
[4546.933s][info][gc,phases      ] GC(1329)   Other: 0.09ms
[4546.933s][info][gc,heap        ] GC(1329) Eden regions: 1107->0(1119)
[4546.933s][info][gc,heap        ] GC(1329) Survivor regions: 109->109(152)
[4546.933s][info][gc,heap        ] GC(1329) Old regions: 540->477
[4546.933s][info][gc,heap        ] GC(1329) Humongous regions: 80->80
[4546.933s][info][gc,metaspace   ] GC(1329) Metaspace: 28917K(29312K)->28917K(29312K) NonClass: 24048K(24256K)->24048K(24256K) Class: 4868K(5056K)->4868K(5056K)
[4546.933s][info][gc             ] GC(1329) Pause Young (Mixed) (G1 Evacuation Pause) 3671M->1330M(4096M) 135.375ms
[4546.933s][info][gc,cpu         ] GC(1329) User=0.81s Sys=0.00s Real=0.14s
...[4549.070s][info][gc,start       ] GC(1330) Pause Young (Concurrent Start) (G1 Evacuation Pause)
[4549.070s][info][gc,task        ] GC(1330) Using 6 workers of 6 for evacuation
[4549.191s][info][gc,phases      ] GC(1330)   Pre Evacuate Collection Set: 0.38ms
[4549.191s][info][gc,phases      ] GC(1330)   Merge Heap Roots: 0.45ms
[4549.191s][info][gc,phases      ] GC(1330)   Evacuate Collection Set: 119.01ms
[4549.191s][info][gc,phases      ] GC(1330)   Post Evacuate Collection Set: 0.87ms
[4549.191s][info][gc,phases      ] GC(1330)   Other: 0.11ms
[4549.191s][info][gc,heap        ] GC(1330) Eden regions: 1119->0(1115)
[4549.191s][info][gc,heap        ] GC(1330) Survivor regions: 109->113(154)
[4549.191s][info][gc,heap        ] GC(1330) Old regions: 477->509
[4549.191s][info][gc,heap        ] GC(1330) Humongous regions: 80->80
[4549.191s][info][gc,metaspace   ] GC(1330) Metaspace: 28917K(29312K)->28917K(29312K) NonClass: 24048K(24256K)->24048K(24256K) Class: 4868K(5056K)->4868K(5056K)
[4549.191s][info][gc             ] GC(1330) Pause Young (Concurrent Start) (G1 Evacuation Pause) 3568M->1402M(4096M) 120.951ms
[4549.191s][info][gc             ] GC(1331) Concurrent Mark Cycle
[4549.191s][info][gc,marking     ] GC(1331) Concurrent Scan Root Regions
[4549.191s][info][gc,cpu         ] GC(1330) User=0.72s Sys=0.00s Real=0.13s
[4549.378s][info][gc,marking     ] GC(1331) Concurrent Scan Root Regions 186.921ms
[4549.378s][info][gc,marking     ] GC(1331) Concurrent Mark
[4549.378s][info][gc,marking     ] GC(1331) Concurrent Mark From Roots
[4549.378s][info][gc,task        ] GC(1331) Using 2 workers of 2 for marking
.[4550.370s][info][gc,marking     ] GC(1331) Concurrent Mark From Roots 992.126ms
[4550.371s][info][gc,marking     ] GC(1331) Concurrent Preclean
[4550.371s][info][gc,marking     ] GC(1331) Concurrent Preclean 0.114ms
[4550.373s][info][gc,start       ] GC(1331) Pause Remark
[4550.378s][info][gc             ] GC(1331) Pause Remark 2562M->2562M(4096M) 4.904ms
[4550.378s][info][gc,cpu         ] GC(1331) User=0.03s Sys=0.00s Real=0.00s
[4550.379s][info][gc,marking     ] GC(1331) Concurrent Mark 1000.909ms
[4550.379s][info][gc,marking     ] GC(1331) Concurrent Rebuild Remembered Sets and Scrub Regions
[4550.794s][info][gc,marking     ] GC(1331) Concurrent Rebuild Remembered Sets and Scrub Regions 414.780ms
[4550.794s][info][gc,start       ] GC(1331) Pause Cleanup
[4550.794s][info][gc             ] GC(1331) Pause Cleanup 2982M->2982M(4096M) 0.127ms
[4550.794s][info][gc,cpu         ] GC(1331) User=0.00s Sys=0.00s Real=0.00s
[4550.794s][info][gc,marking     ] GC(1331) Concurrent Clear Claimed Marks
[4550.794s][info][gc,marking     ] GC(1331) Concurrent Clear Claimed Marks 0.027ms
[4550.794s][info][gc,marking     ] GC(1331) Concurrent Cleanup for Next Mark
[4550.800s][info][gc,marking     ] GC(1331) Concurrent Cleanup for Next Mark 5.490ms
[4550.800s][info][gc             ] GC(1331) Concurrent Mark Cycle 1608.694ms
.[4551.339s][info][gc,start       ] GC(1332) Pause Young (Prepare Mixed) (G1 Evacuation Pause)
[4551.339s][info][gc,task        ] GC(1332) Using 6 workers of 6 for evacuation
[4551.457s][info][gc,phases      ] GC(1332)   Pre Evacuate Collection Set: 0.30ms
[4551.457s][info][gc,phases      ] GC(1332)   Merge Heap Roots: 0.54ms
[4551.457s][info][gc,phases      ] GC(1332)   Evacuate Collection Set: 115.65ms
[4551.457s][info][gc,phases      ] GC(1332)   Post Evacuate Collection Set: 0.92ms
[4551.457s][info][gc,phases      ] GC(1332)   Other: 0.09ms
[4551.457s][info][gc,heap        ] GC(1332) Eden regions: 1115->0(1106)
[4551.457s][info][gc,heap        ] GC(1332) Survivor regions: 113->109(154)
[4551.457s][info][gc,heap        ] GC(1332) Old regions: 509->541
[4551.457s][info][gc,heap        ] GC(1332) Humongous regions: 80->80
[4551.457s][info][gc,metaspace   ] GC(1332) Metaspace: 28917K(29312K)->28917K(29312K) NonClass: 24048K(24256K)->24048K(24256K) Class: 4868K(5056K)->4868K(5056K)
[4551.457s][info][gc             ] GC(1332) Pause Young (Prepare Mixed) (G1 Evacuation Pause) 3632M->1458M(4096M) 117.622ms
[4551.457s][info][gc,cpu         ] GC(1332) User=0.70s Sys=0.00s Real=0.12s
..[4553.680s][info][gc,start       ] GC(1333) Pause Young (Mixed) (G1 Evacuation Pause)
[4553.680s][info][gc,task        ] GC(1333) Using 6 workers of 6 for evacuation
[4553.817s][info][gc,phases      ] GC(1333)   Pre Evacuate Collection Set: 0.39ms
[4553.817s][info][gc,phases      ] GC(1333)   Merge Heap Roots: 0.74ms
[4553.817s][info][gc,phases      ] GC(1333)   Evacuate Collection Set: 134.73ms
[4553.817s][info][gc,phases      ] GC(1333)   Post Evacuate Collection Set: 0.92ms
[4553.817s][info][gc,phases      ] GC(1333)   Other: 0.09ms
[4553.817s][info][gc,heap        ] GC(1333) Eden regions: 1106->0(1117)
[4553.817s][info][gc,heap        ] GC(1333) Survivor regions: 109->111(152)
[4553.817s][info][gc,heap        ] GC(1333) Old regions: 541->476
[4553.817s][info][gc,heap        ] GC(1333) Humongous regions: 80->80
[4553.817s][info][gc,metaspace   ] GC(1333) Metaspace: 28917K(29312K)->28917K(29312K) NonClass: 24048K(24256K)->24048K(24256K) Class: 4868K(5056K)->4868K(5056K)
[4553.817s][info][gc             ] GC(1333) Pause Young (Mixed) (G1 Evacuation Pause) 3670M->1332M(4096M) 137.000ms
[4553.817s][info][gc,cpu         ] GC(1333) User=0.81s Sys=0.00s Real=0.14s
..[4555.952s][info][gc,start       ] GC(1334) Pause Young (Concurrent Start) (G1 Evacuation Pause)
[4555.952s][info][gc,task        ] GC(1334) Using 6 workers of 6 for evacuation
[4556.072s][info][gc,phases      ] GC(1334)   Pre Evacuate Collection Set: 0.35ms
[4556.072s][info][gc,phases      ] GC(1334)   Merge Heap Roots: 0.48ms
[4556.072s][info][gc,phases      ] GC(1334)   Evacuate Collection Set: 117.57ms
[4556.072s][info][gc,phases      ] GC(1334)   Post Evacuate Collection Set: 0.86ms
[4556.072s][info][gc,phases      ] GC(1334)   Other: 0.10ms
[4556.072s][info][gc,heap        ] GC(1334) Eden regions: 1117->0(1117)
[4556.072s][info][gc,heap        ] GC(1334) Survivor regions: 111->111(154)
[4556.072s][info][gc,heap        ] GC(1334) Old regions: 476->507
[4556.072s][info][gc,heap        ] GC(1334) Humongous regions: 80->80
[4556.072s][info][gc,metaspace   ] GC(1334) Metaspace: 28917K(29312K)->28917K(29312K) NonClass: 24048K(24256K)->24048K(24256K) Class: 4868K(5056K)->4868K(5056K)
[4556.072s][info][gc             ] GC(1334) Pause Young (Concurrent Start) (G1 Evacuation Pause) 3566M->1395M(4096M) 119.516ms
[4556.072s][info][gc             ] GC(1335) Concurrent Mark Cycle
[4556.072s][info][gc,marking     ] GC(1335) Concurrent Scan Root Regions
[4556.072s][info][gc,cpu         ] GC(1334) User=0.72s Sys=0.00s Real=0.12s
.[4556.268s][info][gc,marking     ] GC(1335) Concurrent Scan Root Regions 196.092ms
[4556.268s][info][gc,marking     ] GC(1335) Concurrent Mark
[4556.268s][info][gc,marking     ] GC(1335) Concurrent Mark From Roots
[4556.268s][info][gc,task        ] GC(1335) Using 2 workers of 2 for marking
.[4557.266s][info][gc,marking     ] GC(1335) Concurrent Mark From Roots 998.257ms
[4557.266s][info][gc,marking     ] GC(1335) Concurrent Preclean
[4557.266s][info][gc,marking     ] GC(1335) Concurrent Preclean 0.113ms
[4557.268s][info][gc,start       ] GC(1335) Pause Remark
[4557.273s][info][gc             ] GC(1335) Pause Remark 2571M->2571M(4096M) 4.457ms
[4557.273s][info][gc,cpu         ] GC(1335) User=0.02s Sys=0.00s Real=0.01s
[4557.273s][info][gc,marking     ] GC(1335) Concurrent Mark 1004.828ms
[4557.273s][info][gc,marking     ] GC(1335) Concurrent Rebuild Remembered Sets and Scrub Regions
[4557.736s][info][gc,marking     ] GC(1335) Concurrent Rebuild Remembered Sets and Scrub Regions 463.195ms
[4557.738s][info][gc,start       ] GC(1335) Pause Cleanup
[4557.738s][info][gc             ] GC(1335) Pause Cleanup 3053M->3053M(4096M) 0.151ms
[4557.738s][info][gc,cpu         ] GC(1335) User=0.00s Sys=0.00s Real=0.00s
[4557.739s][info][gc,marking     ] GC(1335) Concurrent Clear Claimed Marks
[4557.739s][info][gc,marking     ] GC(1335) Concurrent Clear Claimed Marks 0.039ms
[4557.739s][info][gc,marking     ] GC(1335) Concurrent Cleanup for Next Mark
[4557.750s][info][gc,marking     ] GC(1335) Concurrent Cleanup for Next Mark 10.796ms
[4557.750s][info][gc             ] GC(1335) Concurrent Mark Cycle 1678.052ms
.[4558.293s][info][gc,start       ] GC(1336) Pause Young (Prepare Mixed) (G1 Evacuation Pause)
[4558.293s][info][gc,task        ] GC(1336) Using 6 workers of 6 for evacuation
[4558.420s][info][gc,phases      ] GC(1336)   Pre Evacuate Collection Set: 0.33ms
[4558.420s][info][gc,phases      ] GC(1336)   Merge Heap Roots: 0.50ms
[4558.420s][info][gc,phases      ] GC(1336)   Evacuate Collection Set: 125.42ms
[4558.420s][info][gc,phases      ] GC(1336)   Post Evacuate Collection Set: 0.93ms
[4558.420s][info][gc,phases      ] GC(1336)   Other: 0.09ms
[4558.420s][info][gc,heap        ] GC(1336) Eden regions: 1117->0(1089)
[4558.420s][info][gc,heap        ] GC(1336) Survivor regions: 111->118(154)
[4558.420s][info][gc,heap        ] GC(1336) Old regions: 507->540
[4558.420s][info][gc,heap        ] GC(1336) Humongous regions: 80->80
[4558.420s][info][gc,metaspace   ] GC(1336) Metaspace: 28917K(29312K)->28917K(29312K) NonClass: 24048K(24256K)->24048K(24256K) Class: 4868K(5056K)->4868K(5056K)
[4558.420s][info][gc             ] GC(1336) Pause Young (Prepare Mixed) (G1 Evacuation Pause) 3629M->1473M(4096M) 127.401ms
[4558.420s][info][gc,cpu         ] GC(1336) User=0.76s Sys=0.00s Real=0.12s
..[4560.479s][info][gc,start       ] GC(1337) Pause Young (Mixed) (G1 Evacuation Pause)
[4560.479s][info][gc,task        ] GC(1337) Using 6 workers of 6 for evacuation
[4560.612s][info][gc,phases      ] GC(1337)   Pre Evacuate Collection Set: 0.34ms
[4560.612s][info][gc,phases      ] GC(1337)   Merge Heap Roots: 0.68ms
[4560.612s][info][gc,phases      ] GC(1337)   Evacuate Collection Set: 130.74ms
[4560.612s][info][gc,phases      ] GC(1337)   Post Evacuate Collection Set: 0.89ms
[4560.612s][info][gc,phases      ] GC(1337)   Other: 0.08ms
[4560.612s][info][gc,heap        ] GC(1337) Eden regions: 1089->0(1121)
[4560.612s][info][gc,heap        ] GC(1337) Survivor regions: 118->107(151)
[4560.612s][info][gc,heap        ] GC(1337) Old regions: 540->476
[4560.612s][info][gc,heap        ] GC(1337) Humongous regions: 80->80
[4560.612s][info][gc,metaspace   ] GC(1337) Metaspace: 28917K(29312K)->28917K(29312K) NonClass: 24048K(24256K)->24048K(24256K) Class: 4868K(5056K)->4868K(5056K)
[4560.612s][info][gc             ] GC(1337) Pause Young (Mixed) (G1 Evacuation Pause) 3651M->1324M(4096M) 132.874ms
[4560.612s][info][gc,cpu         ] GC(1337) User=0.79s Sys=0.00s Real=0.14s
..[4562.737s][info][gc,start       ] GC(1338) Pause Young (Concurrent Start) (G1 Evacuation Pause)
[4562.737s][info][gc,task        ] GC(1338) Using 6 workers of 6 for evacuation
[4562.856s][info][gc,phases      ] GC(1338)   Pre Evacuate Collection Set: 0.36ms
[4562.856s][info][gc,phases      ] GC(1338)   Merge Heap Roots: 0.49ms
[4562.856s][info][gc,phases      ] GC(1338)   Evacuate Collection Set: 117.11ms
[4562.856s][info][gc,phases      ] GC(1338)   Post Evacuate Collection Set: 0.88ms
[4562.856s][info][gc,phases      ] GC(1338)   Other: 0.11ms
[4562.856s][info][gc,heap        ] GC(1338) Eden regions: 1121->0(1118)
[4562.856s][info][gc,heap        ] GC(1338) Survivor regions: 107->110(154)
[4562.856s][info][gc,heap        ] GC(1338) Old regions: 476->508
[4562.856s][info][gc,heap        ] GC(1338) Humongous regions: 80->80
[4562.856s][info][gc,metaspace   ] GC(1338) Metaspace: 28917K(29312K)->28917K(29312K) NonClass: 24048K(24256K)->24048K(24256K) Class: 4868K(5056K)->4868K(5056K)
[4562.856s][info][gc             ] GC(1338) Pause Young (Concurrent Start) (G1 Evacuation Pause) 3566M->1394M(4096M) 119.065ms
[4562.856s][info][gc             ] GC(1339) Concurrent Mark Cycle
[4562.856s][info][gc,marking     ] GC(1339) Concurrent Scan Root Regions
[4562.856s][info][gc,cpu         ] GC(1338) User=0.71s Sys=0.00s Real=0.12s
[4563.081s][info][gc,marking     ] GC(1339) Concurrent Scan Root Regions 224.869ms
[4563.081s][info][gc,marking     ] GC(1339) Concurrent Mark
[4563.081s][info][gc,marking     ] GC(1339) Concurrent Mark From Roots
[4563.081s][info][gc,task        ] GC(1339) Using 2 workers of 2 for marking
.[4564.122s][info][gc,marking     ] GC(1339) Concurrent Mark From Roots 1040.739ms
[4564.122s][info][gc,marking     ] GC(1339) Concurrent Preclean
[4564.122s][info][gc,marking     ] GC(1339) Concurrent Preclean 0.087ms
[4564.122s][info][gc,start       ] GC(1339) Pause Remark
[4564.127s][info][gc             ] GC(1339) Pause Remark 2659M->2659M(4096M) 4.736ms
[4564.127s][info][gc,cpu         ] GC(1339) User=0.03s Sys=0.00s Real=0.00s
[4564.128s][info][gc,marking     ] GC(1339) Concurrent Mark 1046.462ms
[4564.128s][info][gc,marking     ] GC(1339) Concurrent Rebuild Remembered Sets and Scrub Regions
.[4564.343s][info][gc,marking     ] GC(1339) Concurrent Rebuild Remembered Sets and Scrub Regions 215.512ms
[4564.343s][info][gc,start       ] GC(1339) Pause Cleanup
[4564.343s][info][gc             ] GC(1339) Pause Cleanup 2825M->2825M(4096M) 0.103ms
[4564.343s][info][gc,cpu         ] GC(1339) User=0.00s Sys=0.00s Real=0.00s
[4564.343s][info][gc,marking     ] GC(1339) Concurrent Clear Claimed Marks
[4564.343s][info][gc,marking     ] GC(1339) Concurrent Clear Claimed Marks 0.019ms
[4564.343s][info][gc,marking     ] GC(1339) Concurrent Cleanup for Next Mark
[4564.352s][info][gc,marking     ] GC(1339) Concurrent Cleanup for Next Mark 8.165ms
[4564.352s][info][gc             ] GC(1339) Concurrent Mark Cycle 1495.568ms
[4565.088s][info][gc,start       ] GC(1340) Pause Young (Prepare Mixed) (G1 Evacuation Pause)
[4565.088s][info][gc,task        ] GC(1340) Using 6 workers of 6 for evacuation
[4565.213s][info][gc,phases      ] GC(1340)   Pre Evacuate Collection Set: 0.34ms
[4565.213s][info][gc,phases      ] GC(1340)   Merge Heap Roots: 0.61ms
[4565.213s][info][gc,phases      ] GC(1340)   Evacuate Collection Set: 122.22ms
[4565.213s][info][gc,phases      ] GC(1340)   Post Evacuate Collection Set: 0.91ms
[4565.213s][info][gc,phases      ] GC(1340)   Other: 0.09ms
[4565.213s][info][gc,heap        ] GC(1340) Eden regions: 1118->0(1102)
[4565.213s][info][gc,heap        ] GC(1340) Survivor regions: 110->112(154)
[4565.213s][info][gc,heap        ] GC(1340) Old regions: 508->539
[4565.213s][info][gc,heap        ] GC(1340) Humongous regions: 80->80
[4565.213s][info][gc,metaspace   ] GC(1340) Metaspace: 28917K(29312K)->28917K(29312K) NonClass: 24048K(24256K)->24048K(24256K) Class: 4868K(5056K)->4868K(5056K)
[4565.213s][info][gc             ] GC(1340) Pause Young (Prepare Mixed) (G1 Evacuation Pause) 3630M->1460M(4096M) 124.320ms
[4565.213s][info][gc,cpu         ] GC(1340) User=0.74s Sys=0.00s Real=0.13s
...[4567.311s][info][gc,start       ] GC(1341) Pause Young (Mixed) (G1 Evacuation Pause)
[4567.311s][info][gc,task        ] GC(1341) Using 6 workers of 6 for evacuation
[4567.448s][info][gc,phases      ] GC(1341)   Pre Evacuate Collection Set: 0.37ms
[4567.449s][info][gc,phases      ] GC(1341)   Merge Heap Roots: 0.72ms
[4567.449s][info][gc,phases      ] GC(1341)   Evacuate Collection Set: 135.45ms
[4567.449s][info][gc,phases      ] GC(1341)   Post Evacuate Collection Set: 0.94ms
[4567.449s][info][gc,phases      ] GC(1341)   Other: 0.09ms
[4567.449s][info][gc,heap        ] GC(1341) Eden regions: 1102->0(1116)
[4567.449s][info][gc,heap        ] GC(1341) Survivor regions: 112->112(152)
[4567.449s][info][gc,heap        ] GC(1341) Old regions: 539->475
[4567.449s][info][gc,heap        ] GC(1341) Humongous regions: 80->80
[4567.449s][info][gc,metaspace   ] GC(1341) Metaspace: 28917K(29312K)->28917K(29312K) NonClass: 24048K(24256K)->24048K(24256K) Class: 4868K(5056K)->4868K(5056K)
[4567.449s][info][gc             ] GC(1341) Pause Young (Mixed) (G1 Evacuation Pause) 3664M->1331M(4096M) 137.699ms
[4567.449s][info][gc,cpu         ] GC(1341) User=0.82s Sys=0.00s Real=0.13s
..[4569.642s][info][gc,start       ] GC(1342) Pause Young (Concurrent Start) (G1 Evacuation Pause)
[4569.642s][info][gc,task        ] GC(1342) Using 6 workers of 6 for evacuation
[4569.758s][info][gc,phases      ] GC(1342)   Pre Evacuate Collection Set: 0.39ms
[4569.758s][info][gc,phases      ] GC(1342)   Merge Heap Roots: 0.48ms
[4569.758s][info][gc,phases      ] GC(1342)   Evacuate Collection Set: 114.34ms
[4569.758s][info][gc,phases      ] GC(1342)   Post Evacuate Collection Set: 0.87ms
[4569.758s][info][gc,phases      ] GC(1342)   Other: 0.10ms
[4569.758s][info][gc,heap        ] GC(1342) Eden regions: 1116->0(1121)
[4569.758s][info][gc,heap        ] GC(1342) Survivor regions: 112->107(154)
[4569.758s][info][gc,heap        ] GC(1342) Old regions: 475->507
[4569.758s][info][gc,heap        ] GC(1342) Humongous regions: 80->80
[4569.758s][info][gc,metaspace   ] GC(1342) Metaspace: 28917K(29312K)->28917K(29312K) NonClass: 24048K(24256K)->24048K(24256K) Class: 4868K(5056K)->4868K(5056K)
[4569.758s][info][gc             ] GC(1342) Pause Young (Concurrent Start) (G1 Evacuation Pause) 3563M->1387M(4096M) 116.318ms
[4569.758s][info][gc             ] GC(1343) Concurrent Mark Cycle
[4569.758s][info][gc,marking     ] GC(1343) Concurrent Scan Root Regions
[4569.758s][info][gc,cpu         ] GC(1342) User=0.70s Sys=0.00s Real=0.11s
[4569.902s][info][gc,marking     ] GC(1343) Concurrent Scan Root Regions 143.073ms
[4569.902s][info][gc,marking     ] GC(1343) Concurrent Mark
[4569.902s][info][gc,marking     ] GC(1343) Concurrent Mark From Roots
[4569.902s][info][gc,task        ] GC(1343) Using 2 workers of 2 for marking
.[4570.621s][info][gc,marking     ] GC(1343) Concurrent Mark From Roots 719.371ms
[4570.621s][info][gc,marking     ] GC(1343) Concurrent Preclean
[4570.621s][info][gc,marking     ] GC(1343) Concurrent Preclean 0.099ms
[4570.622s][info][gc,start       ] GC(1343) Pause Remark
[4570.626s][info][gc             ] GC(1343) Pause Remark 2147M->2147M(4096M) 4.124ms
[4570.675s][info][gc,cpu         ] GC(1343) User=0.03s Sys=0.00s Real=0.00s
[4570.675s][info][gc,marking     ] GC(1343) Concurrent Mark 773.387ms
[4570.675s][info][gc,marking     ] GC(1343) Concurrent Rebuild Remembered Sets and Scrub Regions
[4570.964s][info][gc,marking     ] GC(1343) Concurrent Rebuild Remembered Sets and Scrub Regions 288.801ms
[4570.964s][info][gc,start       ] GC(1343) Pause Cleanup
[4570.964s][info][gc             ] GC(1343) Pause Cleanup 2441M->2441M(4096M) 0.119ms
[4570.964s][info][gc,cpu         ] GC(1343) User=0.00s Sys=0.00s Real=0.00s
[4570.965s][info][gc,marking     ] GC(1343) Concurrent Clear Claimed Marks
[4570.965s][info][gc,marking     ] GC(1343) Concurrent Clear Claimed Marks 0.029ms
[4570.965s][info][gc,marking     ] GC(1343) Concurrent Cleanup for Next Mark
[4570.971s][info][gc,marking     ] GC(1343) Concurrent Cleanup for Next Mark 6.226ms
[4570.971s][info][gc             ] GC(1343) Concurrent Mark Cycle 1212.615ms
.[4571.886s][info][gc,start       ] GC(1344) Pause Young (Prepare Mixed) (G1 Evacuation Pause)
[4571.886s][info][gc,task        ] GC(1344) Using 6 workers of 6 for evacuation
[4572.004s][info][gc,phases      ] GC(1344)   Pre Evacuate Collection Set: 0.34ms
[4572.004s][info][gc,phases      ] GC(1344)   Merge Heap Roots: 0.50ms
[4572.004s][info][gc,phases      ] GC(1344)   Evacuate Collection Set: 115.91ms
[4572.004s][info][gc,phases      ] GC(1344)   Post Evacuate Collection Set: 0.89ms
[4572.004s][info][gc,phases      ] GC(1344)   Other: 0.08ms
[4572.004s][info][gc,heap        ] GC(1344) Eden regions: 1121->0(1106)
[4572.004s][info][gc,heap        ] GC(1344) Survivor regions: 107->110(154)
[4572.004s][info][gc,heap        ] GC(1344) Old regions: 507->539
[4572.004s][info][gc,heap        ] GC(1344) Humongous regions: 80->80
[4572.004s][info][gc,metaspace   ] GC(1344) Metaspace: 28917K(29312K)->28917K(29312K) NonClass: 24048K(24256K)->24048K(24256K) Class: 4868K(5056K)->4868K(5056K)
[4572.004s][info][gc             ] GC(1344) Pause Young (Prepare Mixed) (G1 Evacuation Pause) 3629M->1456M(4096M) 117.856ms
[4572.004s][info][gc,cpu         ] GC(1344) User=0.70s Sys=0.00s Real=0.12s
..[4574.186s][info][gc,start       ] GC(1345) Pause Young (Mixed) (G1 Evacuation Pause)
[4574.186s][info][gc,task        ] GC(1345) Using 6 workers of 6 for evacuation
[4574.323s][info][gc,phases      ] GC(1345)   Pre Evacuate Collection Set: 0.37ms
[4574.323s][info][gc,phases      ] GC(1345)   Merge Heap Roots: 0.67ms
[4574.323s][info][gc,phases      ] GC(1345)   Evacuate Collection Set: 134.86ms
[4574.323s][info][gc,phases      ] GC(1345)   Post Evacuate Collection Set: 0.83ms
[4574.323s][info][gc,phases      ] GC(1345)   Other: 0.09ms
[4574.323s][info][gc,heap        ] GC(1345) Eden regions: 1106->0(1116)
[4574.323s][info][gc,heap        ] GC(1345) Survivor regions: 110->112(152)
[4574.323s][info][gc,heap        ] GC(1345) Old regions: 539->475
[4574.323s][info][gc,heap        ] GC(1345) Humongous regions: 80->80
[4574.323s][info][gc,metaspace   ] GC(1345) Metaspace: 28917K(29312K)->28917K(29312K) NonClass: 24048K(24256K)->24048K(24256K) Class: 4868K(5056K)->4868K(5056K)
[4574.323s][info][gc             ] GC(1345) Pause Young (Mixed) (G1 Evacuation Pause) 3668M->1332M(4096M) 136.973ms
[4574.323s][info][gc,cpu         ] GC(1345) User=0.82s Sys=0.00s Real=0.14s
...[4576.496s][info][gc,start       ] GC(1346) Pause Young (Concurrent Start) (G1 Evacuation Pause)
[4576.496s][info][gc,task        ] GC(1346) Using 6 workers of 6 for evacuation
[4576.615s][info][gc,phases      ] GC(1346)   Pre Evacuate Collection Set: 0.34ms
[4576.615s][info][gc,phases      ] GC(1346)   Merge Heap Roots: 0.46ms
[4576.615s][info][gc,phases      ] GC(1346)   Evacuate Collection Set: 117.31ms
[4576.615s][info][gc,phases      ] GC(1346)   Post Evacuate Collection Set: 0.85ms
[4576.615s][info][gc,phases      ] GC(1346)   Other: 0.09ms
[4576.615s][info][gc,heap        ] GC(1346) Eden regions: 1116->0(1118)
[4576.615s][info][gc,heap        ] GC(1346) Survivor regions: 112->110(154)
[4576.615s][info][gc,heap        ] GC(1346) Old regions: 475->508
[4576.615s][info][gc,heap        ] GC(1346) Humongous regions: 80->80
[4576.615s][info][gc,metaspace   ] GC(1346) Metaspace: 28917K(29312K)->28917K(29312K) NonClass: 24048K(24256K)->24048K(24256K) Class: 4868K(5056K)->4868K(5056K)
[4576.615s][info][gc             ] GC(1346) Pause Young (Concurrent Start) (G1 Evacuation Pause) 3564M->1394M(4096M) 119.188ms
[4576.615s][info][gc             ] GC(1347) Concurrent Mark Cycle
[4576.616s][info][gc,marking     ] GC(1347) Concurrent Scan Root Regions
[4576.616s][info][gc,cpu         ] GC(1346) User=0.71s Sys=0.00s Real=0.12s
[4576.819s][info][gc,marking     ] GC(1347) Concurrent Scan Root Regions 203.108ms
[4576.819s][info][gc,marking     ] GC(1347) Concurrent Mark
[4576.819s][info][gc,marking     ] GC(1347) Concurrent Mark From Roots
[4576.819s][info][gc,task        ] GC(1347) Using 2 workers of 2 for marking
.[4577.941s][info][gc,marking     ] GC(1347) Concurrent Mark From Roots 1122.442ms
[4577.941s][info][gc,marking     ] GC(1347) Concurrent Preclean
[4577.941s][info][gc,marking     ] GC(1347) Concurrent Preclean 0.083ms
[4577.942s][info][gc,start       ] GC(1347) Pause Remark
[4577.946s][info][gc             ] GC(1347) Pause Remark 2676M->2676M(4096M) 4.558ms
[4577.947s][info][gc,cpu         ] GC(1347) User=0.03s Sys=0.00s Real=0.00s
[4577.947s][info][gc,marking     ] GC(1347) Concurrent Mark 1128.473ms
[4577.947s][info][gc,marking     ] GC(1347) Concurrent Rebuild Remembered Sets and Scrub Regions
[4578.336s][info][gc,marking     ] GC(1347) Concurrent Rebuild Remembered Sets and Scrub Regions 389.128ms
[4578.338s][info][gc,start       ] GC(1347) Pause Cleanup
[4578.338s][info][gc             ] GC(1347) Pause Cleanup 3108M->3108M(4096M) 0.126ms
[4578.338s][info][gc,cpu         ] GC(1347) User=0.00s Sys=0.00s Real=0.00s
[4578.338s][info][gc,marking     ] GC(1347) Concurrent Clear Claimed Marks
[4578.338s][info][gc,marking     ] GC(1347) Concurrent Clear Claimed Marks 0.032ms
[4578.338s][info][gc,marking     ] GC(1347) Concurrent Cleanup for Next Mark
[4578.345s][info][gc,marking     ] GC(1347) Concurrent Cleanup for Next Mark 7.416ms
[4578.345s][info][gc             ] GC(1347) Concurrent Mark Cycle 1729.982ms
.[4578.823s][info][gc,start       ] GC(1348) Pause Young (Prepare Mixed) (G1 Evacuation Pause)
[4578.823s][info][gc,task        ] GC(1348) Using 6 workers of 6 for evacuation
[4578.940s][info][gc,phases      ] GC(1348)   Pre Evacuate Collection Set: 0.35ms
[4578.940s][info][gc,phases      ] GC(1348)   Merge Heap Roots: 0.51ms
[4578.940s][info][gc,phases      ] GC(1348)   Evacuate Collection Set: 114.67ms
[4578.940s][info][gc,phases      ] GC(1348)   Post Evacuate Collection Set: 0.93ms
[4578.940s][info][gc,phases      ] GC(1348)   Other: 0.09ms
[4578.940s][info][gc,heap        ] GC(1348) Eden regions: 1118->0(1107)
[4578.940s][info][gc,heap        ] GC(1348) Survivor regions: 110->109(154)
[4578.940s][info][gc,heap        ] GC(1348) Old regions: 508->540
[4578.940s][info][gc,heap        ] GC(1348) Humongous regions: 80->80
[4578.940s][info][gc,metaspace   ] GC(1348) Metaspace: 28917K(29312K)->28917K(29312K) NonClass: 24048K(24256K)->24048K(24256K) Class: 4868K(5056K)->4868K(5056K)
[4578.940s][info][gc             ] GC(1348) Pause Young (Prepare Mixed) (G1 Evacuation Pause) 3630M->1455M(4096M) 116.669ms
[4578.940s][info][gc,cpu         ] GC(1348) User=0.70s Sys=0.00s Real=0.11s
..[4581.220s][info][gc,start       ] GC(1349) Pause Young (Mixed) (G1 Evacuation Pause)
[4581.220s][info][gc,task        ] GC(1349) Using 6 workers of 6 for evacuation
[4581.355s][info][gc,phases      ] GC(1349)   Pre Evacuate Collection Set: 0.37ms
[4581.355s][info][gc,phases      ] GC(1349)   Merge Heap Roots: 0.78ms
[4581.355s][info][gc,phases      ] GC(1349)   Evacuate Collection Set: 133.44ms
[4581.355s][info][gc,phases      ] GC(1349)   Post Evacuate Collection Set: 0.96ms
[4581.356s][info][gc,phases      ] GC(1349)   Other: 0.10ms
[4581.356s][info][gc,heap        ] GC(1349) Eden regions: 1107->0(1118)
[4581.356s][info][gc,heap        ] GC(1349) Survivor regions: 109->110(152)
[4581.356s][info][gc,heap        ] GC(1349) Old regions: 540->477
[4581.356s][info][gc,heap        ] GC(1349) Humongous regions: 80->80
[4581.356s][info][gc,metaspace   ] GC(1349) Metaspace: 28917K(29312K)->28917K(29312K) NonClass: 24048K(24256K)->24048K(24256K) Class: 4868K(5056K)->4868K(5056K)
[4581.356s][info][gc             ] GC(1349) Pause Young (Mixed) (G1 Evacuation Pause) 3669M->1333M(4096M) 135.793ms
[4581.356s][info][gc,cpu         ] GC(1349) User=0.81s Sys=0.00s Real=0.14s
..[4583.505s][info][gc,start       ] GC(1350) Pause Young (Concurrent Start) (G1 Evacuation Pause)
[4583.505s][info][gc,task        ] GC(1350) Using 6 workers of 6 for evacuation
[4583.624s][info][gc,phases      ] GC(1350)   Pre Evacuate Collection Set: 0.42ms
[4583.624s][info][gc,phases      ] GC(1350)   Merge Heap Roots: 0.52ms
[4583.624s][info][gc,phases      ] GC(1350)   Evacuate Collection Set: 116.82ms
[4583.624s][info][gc,phases      ] GC(1350)   Post Evacuate Collection Set: 0.88ms
[4583.624s][info][gc,phases      ] GC(1350)   Other: 0.12ms
[4583.624s][info][gc,heap        ] GC(1350) Eden regions: 1118->0(1118)
[4583.624s][info][gc,heap        ] GC(1350) Survivor regions: 110->110(154)
[4583.624s][info][gc,heap        ] GC(1350) Old regions: 477->509
[4583.624s][info][gc,heap        ] GC(1350) Humongous regions: 80->80
[4583.624s][info][gc,metaspace   ] GC(1350) Metaspace: 28917K(29312K)->28917K(29312K) NonClass: 24048K(24256K)->24048K(24256K) Class: 4868K(5056K)->4868K(5056K)
[4583.624s][info][gc             ] GC(1350) Pause Young (Concurrent Start) (G1 Evacuation Pause) 3569M->1396M(4096M) 118.884ms
[4583.624s][info][gc             ] GC(1351) Concurrent Mark Cycle
[4583.624s][info][gc,marking     ] GC(1351) Concurrent Scan Root Regions
[4583.624s][info][gc,cpu         ] GC(1350) User=0.71s Sys=0.00s Real=0.12s
.[4583.836s][info][gc,marking     ] GC(1351) Concurrent Scan Root Regions 212.221ms
[4583.836s][info][gc,marking     ] GC(1351) Concurrent Mark
[4583.836s][info][gc,marking     ] GC(1351) Concurrent Mark From Roots
[4583.836s][info][gc,task        ] GC(1351) Using 2 workers of 2 for marking
.[4584.945s][info][gc,marking     ] GC(1351) Concurrent Mark From Roots 1108.782ms
[4584.945s][info][gc,marking     ] GC(1351) Concurrent Preclean
[4584.945s][info][gc,marking     ] GC(1351) Concurrent Preclean 0.104ms
[4584.947s][info][gc,start       ] GC(1351) Pause Remark
[4584.950s][info][gc             ] GC(1351) Pause Remark 2694M->2694M(4096M) 3.654ms
[4584.950s][info][gc,cpu         ] GC(1351) User=0.02s Sys=0.00s Real=0.00s
[4584.951s][info][gc,marking     ] GC(1351) Concurrent Mark 1115.128ms
[4584.951s][info][gc,marking     ] GC(1351) Concurrent Rebuild Remembered Sets and Scrub Regions
[4585.321s][info][gc,marking     ] GC(1351) Concurrent Rebuild Remembered Sets and Scrub Regions 370.281ms
[4585.323s][info][gc,start       ] GC(1351) Pause Cleanup
[4585.323s][info][gc             ] GC(1351) Pause Cleanup 3092M->3092M(4096M) 0.151ms
[4585.323s][info][gc,cpu         ] GC(1351) User=0.00s Sys=0.00s Real=0.00s
[4585.324s][info][gc,marking     ] GC(1351) Concurrent Clear Claimed Marks
[4585.324s][info][gc,marking     ] GC(1351) Concurrent Clear Claimed Marks 0.049ms
[4585.324s][info][gc,marking     ] GC(1351) Concurrent Cleanup for Next Mark
[4585.330s][info][gc,marking     ] GC(1351) Concurrent Cleanup for Next Mark 5.340ms
[4585.330s][info][gc             ] GC(1351) Concurrent Mark Cycle 1705.950ms
.[4585.785s][info][gc,start       ] GC(1352) Pause Young (Prepare Mixed) (G1 Evacuation Pause)
[4585.785s][info][gc,task        ] GC(1352) Using 6 workers of 6 for evacuation
[4585.903s][info][gc,phases      ] GC(1352)   Pre Evacuate Collection Set: 0.31ms
[4585.903s][info][gc,phases      ] GC(1352)   Merge Heap Roots: 0.50ms
[4585.903s][info][gc,phases      ] GC(1352)   Evacuate Collection Set: 116.16ms
[4585.903s][info][gc,phases      ] GC(1352)   Post Evacuate Collection Set: 0.91ms
[4585.903s][info][gc,phases      ] GC(1352)   Other: 0.09ms
[4585.903s][info][gc,heap        ] GC(1352) Eden regions: 1118->0(1102)
[4585.903s][info][gc,heap        ] GC(1352) Survivor regions: 110->111(154)
[4585.903s][info][gc,heap        ] GC(1352) Old regions: 509->541
[4585.903s][info][gc,heap        ] GC(1352) Humongous regions: 80->80
[4585.903s][info][gc,metaspace   ] GC(1352) Metaspace: 28917K(29312K)->28917K(29312K) NonClass: 24048K(24256K)->24048K(24256K) Class: 4868K(5056K)->4868K(5056K)
[4585.903s][info][gc             ] GC(1352) Pause Young (Prepare Mixed) (G1 Evacuation Pause) 3632M->1461M(4096M) 118.121ms
[4585.903s][info][gc,cpu         ] GC(1352) User=0.70s Sys=0.00s Real=0.12s
..[4588.077s][info][gc,start       ] GC(1353) Pause Young (Mixed) (G1 Evacuation Pause)
[4588.077s][info][gc,task        ] GC(1353) Using 6 workers of 6 for evacuation
[4588.214s][info][gc,phases      ] GC(1353)   Pre Evacuate Collection Set: 0.34ms
[4588.214s][info][gc,phases      ] GC(1353)   Merge Heap Roots: 0.74ms
[4588.214s][info][gc,phases      ] GC(1353)   Evacuate Collection Set: 134.66ms
[4588.214s][info][gc,phases      ] GC(1353)   Post Evacuate Collection Set: 0.98ms
[4588.214s][info][gc,phases      ] GC(1353)   Other: 0.08ms
[4588.214s][info][gc,heap        ] GC(1353) Eden regions: 1102->0(1116)
[4588.214s][info][gc,heap        ] GC(1353) Survivor regions: 111->112(152)
[4588.214s][info][gc,heap        ] GC(1353) Old regions: 541->477
[4588.214s][info][gc,heap        ] GC(1353) Humongous regions: 80->80
[4588.214s][info][gc,metaspace   ] GC(1353) Metaspace: 28917K(29312K)->28917K(29312K) NonClass: 24048K(24256K)->24048K(24256K) Class: 4868K(5056K)->4868K(5056K)
[4588.214s][info][gc             ] GC(1353) Pause Young (Mixed) (G1 Evacuation Pause) 3665M->1335M(4096M) 136.962ms
[4588.214s][info][gc,cpu         ] GC(1353) User=0.82s Sys=0.00s Real=0.14s
..[4590.354s][info][gc,start       ] GC(1354) Pause Young (Concurrent Start) (G1 Evacuation Pause)
[4590.354s][info][gc,task        ] GC(1354) Using 6 workers of 6 for evacuation
[4590.470s][info][gc,phases      ] GC(1354)   Pre Evacuate Collection Set: 0.37ms
[4590.470s][info][gc,phases      ] GC(1354)   Merge Heap Roots: 0.46ms
[4590.470s][info][gc,phases      ] GC(1354)   Evacuate Collection Set: 114.41ms
[4590.470s][info][gc,phases      ] GC(1354)   Post Evacuate Collection Set: 0.88ms
[4590.470s][info][gc,phases      ] GC(1354)   Other: 0.12ms
[4590.470s][info][gc,heap        ] GC(1354) Eden regions: 1116->0(1120)
[4590.470s][info][gc,heap        ] GC(1354) Survivor regions: 112->108(154)
[4590.470s][info][gc,heap        ] GC(1354) Old regions: 477->509
[4590.470s][info][gc,heap        ] GC(1354) Humongous regions: 80->80
[4590.470s][info][gc,metaspace   ] GC(1354) Metaspace: 28917K(29312K)->28917K(29312K) NonClass: 24048K(24256K)->24048K(24256K) Class: 4868K(5056K)->4868K(5056K)
[4590.470s][info][gc             ] GC(1354) Pause Young (Concurrent Start) (G1 Evacuation Pause) 3567M->1392M(4096M) 116.365ms
[4590.470s][info][gc             ] GC(1355) Concurrent Mark Cycle
[4590.470s][info][gc,marking     ] GC(1355) Concurrent Scan Root Regions
[4590.470s][info][gc,cpu         ] GC(1354) User=0.70s Sys=0.00s Real=0.11s
[4590.647s][info][gc,marking     ] GC(1355) Concurrent Scan Root Regions 177.219ms
[4590.647s][info][gc,marking     ] GC(1355) Concurrent Mark
[4590.647s][info][gc,marking     ] GC(1355) Concurrent Mark From Roots
[4590.647s][info][gc,task        ] GC(1355) Using 2 workers of 2 for marking
.[4591.684s][info][gc,marking     ] GC(1355) Concurrent Mark From Roots 1036.762ms
[4591.684s][info][gc,marking     ] GC(1355) Concurrent Preclean
[4591.684s][info][gc,marking     ] GC(1355) Concurrent Preclean 0.112ms
[4591.685s][info][gc,start       ] GC(1355) Pause Remark
[4591.688s][info][gc             ] GC(1355) Pause Remark 2520M->2520M(4096M) 3.747ms
[4591.688s][info][gc,cpu         ] GC(1355) User=0.02s Sys=0.00s Real=0.00s
[4591.689s][info][gc,marking     ] GC(1355) Concurrent Mark 1041.194ms
[4591.689s][info][gc,marking     ] GC(1355) Concurrent Rebuild Remembered Sets and Scrub Regions
.[4592.040s][info][gc,marking     ] GC(1355) Concurrent Rebuild Remembered Sets and Scrub Regions 351.467ms
[4592.040s][info][gc,start       ] GC(1355) Pause Cleanup
[4592.040s][info][gc             ] GC(1355) Pause Cleanup 2895M->2895M(4096M) 0.113ms
[4592.040s][info][gc,cpu         ] GC(1355) User=0.00s Sys=0.00s Real=0.00s
[4592.040s][info][gc,marking     ] GC(1355) Concurrent Clear Claimed Marks
[4592.040s][info][gc,marking     ] GC(1355) Concurrent Clear Claimed Marks 0.024ms
[4592.040s][info][gc,marking     ] GC(1355) Concurrent Cleanup for Next Mark
[4592.045s][info][gc,marking     ] GC(1355) Concurrent Cleanup for Next Mark 4.938ms
[4592.045s][info][gc             ] GC(1355) Concurrent Mark Cycle 1575.359ms
[4592.786s][info][gc,start       ] GC(1356) Pause Young (Prepare Mixed) (G1 Evacuation Pause)
[4592.786s][info][gc,task        ] GC(1356) Using 6 workers of 6 for evacuation
[4592.905s][info][gc,phases      ] GC(1356)   Pre Evacuate Collection Set: 0.33ms
[4592.906s][info][gc,phases      ] GC(1356)   Merge Heap Roots: 0.66ms
[4592.906s][info][gc,phases      ] GC(1356)   Evacuate Collection Set: 117.87ms
[4592.906s][info][gc,phases      ] GC(1356)   Post Evacuate Collection Set: 0.91ms
[4592.906s][info][gc,phases      ] GC(1356)   Other: 0.08ms
[4592.906s][info][gc,heap        ] GC(1356) Eden regions: 1120->0(1101)
[4592.906s][info][gc,heap        ] GC(1356) Survivor regions: 108->112(154)
[4592.906s][info][gc,heap        ] GC(1356) Old regions: 509->540
[4592.906s][info][gc,heap        ] GC(1356) Humongous regions: 80->80
[4592.906s][info][gc,metaspace   ] GC(1356) Metaspace: 28917K(29312K)->28917K(29312K) NonClass: 24048K(24256K)->24048K(24256K) Class: 4868K(5056K)->4868K(5056K)
[4592.906s][info][gc             ] GC(1356) Pause Young (Prepare Mixed) (G1 Evacuation Pause) 3632M->1462M(4096M) 119.978ms
[4592.906s][info][gc,cpu         ] GC(1356) User=0.71s Sys=0.00s Real=0.12s
...[4595.015s][info][gc,start       ] GC(1357) Pause Young (Mixed) (G1 Evacuation Pause)
[4595.015s][info][gc,task        ] GC(1357) Using 6 workers of 6 for evacuation
[4595.150s][info][gc,phases      ] GC(1357)   Pre Evacuate Collection Set: 0.36ms
[4595.150s][info][gc,phases      ] GC(1357)   Merge Heap Roots: 0.68ms
[4595.150s][info][gc,phases      ] GC(1357)   Evacuate Collection Set: 132.58ms
[4595.150s][info][gc,phases      ] GC(1357)   Post Evacuate Collection Set: 0.95ms
[4595.150s][info][gc,phases      ] GC(1357)   Other: 0.09ms
[4595.150s][info][gc,heap        ] GC(1357) Eden regions: 1101->0(1118)
[4595.150s][info][gc,heap        ] GC(1357) Survivor regions: 112->110(152)
[4595.150s][info][gc,heap        ] GC(1357) Old regions: 540->475
[4595.150s][info][gc,heap        ] GC(1357) Humongous regions: 80->80
[4595.150s][info][gc,metaspace   ] GC(1357) Metaspace: 28917K(29312K)->28917K(29312K) NonClass: 24048K(24256K)->24048K(24256K) Class: 4868K(5056K)->4868K(5056K)
[4595.150s][info][gc             ] GC(1357) Pause Young (Mixed) (G1 Evacuation Pause) 3664M->1328M(4096M) 134.785ms
[4595.150s][info][gc,cpu         ] GC(1357) User=0.80s Sys=0.00s Real=0.13s
..[4597.280s][info][gc,start       ] GC(1358) Pause Young (Concurrent Start) (G1 Evacuation Pause)
[4597.280s][info][gc,task        ] GC(1358) Using 6 workers of 6 for evacuation
[4597.401s][info][gc,phases      ] GC(1358)   Pre Evacuate Collection Set: 0.36ms
[4597.401s][info][gc,phases      ] GC(1358)   Merge Heap Roots: 0.53ms
[4597.401s][info][gc,phases      ] GC(1358)   Evacuate Collection Set: 119.23ms
[4597.401s][info][gc,phases      ] GC(1358)   Post Evacuate Collection Set: 0.89ms
[4597.401s][info][gc,phases      ] GC(1358)   Other: 0.11ms
[4597.401s][info][gc,heap        ] GC(1358) Eden regions: 1118->0(1116)
[4597.401s][info][gc,heap        ] GC(1358) Survivor regions: 110->112(154)
[4597.401s][info][gc,heap        ] GC(1358) Old regions: 475->507
[4597.401s][info][gc,heap        ] GC(1358) Humongous regions: 80->80
[4597.401s][info][gc,metaspace   ] GC(1358) Metaspace: 28917K(29312K)->28917K(29312K) NonClass: 24048K(24256K)->24048K(24256K) Class: 4868K(5056K)->4868K(5056K)
[4597.401s][info][gc             ] GC(1358) Pause Young (Concurrent Start) (G1 Evacuation Pause) 3564M->1396M(4096M) 121.261ms
[4597.401s][info][gc             ] GC(1359) Concurrent Mark Cycle
[4597.401s][info][gc,cpu         ] GC(1358) User=0.72s Sys=0.00s Real=0.13s
[4597.401s][info][gc,marking     ] GC(1359) Concurrent Scan Root Regions
[4597.549s][info][gc,marking     ] GC(1359) Concurrent Scan Root Regions 147.765ms
[4597.549s][info][gc,marking     ] GC(1359) Concurrent Mark
[4597.549s][info][gc,marking     ] GC(1359) Concurrent Mark From Roots
[4597.549s][info][gc,task        ] GC(1359) Using 2 workers of 2 for marking
.[4598.328s][info][gc,marking     ] GC(1359) Concurrent Mark From Roots 778.992ms
[4598.328s][info][gc,marking     ] GC(1359) Concurrent Preclean
[4598.328s][info][gc,marking     ] GC(1359) Concurrent Preclean 0.111ms
[4598.329s][info][gc,start       ] GC(1359) Pause Remark
[4598.333s][info][gc             ] GC(1359) Pause Remark 2209M->2209M(4096M) 3.574ms
[4598.333s][info][gc,cpu         ] GC(1359) User=0.01s Sys=0.00s Real=0.01s
[4598.336s][info][gc,marking     ] GC(1359) Concurrent Mark 787.283ms
[4598.336s][info][gc,marking     ] GC(1359) Concurrent Rebuild Remembered Sets and Scrub Regions
[4598.767s][info][gc,marking     ] GC(1359) Concurrent Rebuild Remembered Sets and Scrub Regions 431.087ms
[4598.767s][info][gc,start       ] GC(1359) Pause Cleanup
[4598.768s][info][gc             ] GC(1359) Pause Cleanup 2739M->2739M(4096M) 0.125ms
[4598.768s][info][gc,cpu         ] GC(1359) User=0.00s Sys=0.00s Real=0.00s
[4598.768s][info][gc,marking     ] GC(1359) Concurrent Clear Claimed Marks
[4598.768s][info][gc,marking     ] GC(1359) Concurrent Clear Claimed Marks 0.028ms
[4598.768s][info][gc,marking     ] GC(1359) Concurrent Cleanup for Next Mark
[4598.773s][info][gc,marking     ] GC(1359) Concurrent Cleanup for Next Mark 5.582ms
[4598.773s][info][gc             ] GC(1359) Concurrent Mark Cycle 1372.384ms
.[4599.586s][info][gc,start       ] GC(1360) Pause Young (Prepare Mixed) (G1 Evacuation Pause)
[4599.586s][info][gc,task        ] GC(1360) Using 6 workers of 6 for evacuation
[4599.703s][info][gc,phases      ] GC(1360)   Pre Evacuate Collection Set: 0.35ms
[4599.703s][info][gc,phases      ] GC(1360)   Merge Heap Roots: 0.55ms
[4599.703s][info][gc,phases      ] GC(1360)   Evacuate Collection Set: 114.79ms
[4599.703s][info][gc,phases      ] GC(1360)   Post Evacuate Collection Set: 0.91ms
[4599.703s][info][gc,phases      ] GC(1360)   Other: 0.08ms
[4599.703s][info][gc,heap        ] GC(1360) Eden regions: 1116->0(1108)
[4599.703s][info][gc,heap        ] GC(1360) Survivor regions: 112->109(154)
[4599.703s][info][gc,heap        ] GC(1360) Old regions: 507->539
[4599.703s][info][gc,heap        ] GC(1360) Humongous regions: 80->80
[4599.703s][info][gc,metaspace   ] GC(1360) Metaspace: 28917K(29312K)->28917K(29312K) NonClass: 24048K(24256K)->24048K(24256K) Class: 4868K(5056K)->4868K(5056K)
[4599.703s][info][gc             ] GC(1360) Pause Young (Prepare Mixed) (G1 Evacuation Pause) 3628M->1453M(4096M) 116.810ms
[4599.703s][info][gc,cpu         ] GC(1360) User=0.69s Sys=0.00s Real=0.12s
.. (rIR:aIR:PR = 8164:8148:8147) (tPR = 120927) [OK] 
  4600s: Performance info:
         Transaction,    Success,    Partial,     Failed,   Receipts, AvgBarcode, 
             Overall,     490219,          0,          0,     465591,      59.47, 
         Response times:
             Request,    Success,    Partial,     Failed,   SkipFail,     Probes,    Samples,      min,      p50,      p90,      p95,      p99,      max, 
       TotalPurchase,     465733,          0,          0,          0,     351775,     443700,      200,     7800,   107000,   155000,   245000,   422000,
     InStorePurchase,     243878,          0,          0,          0,     183972,     232314,      200,     7800,   106000,   154000,   244000,   422000,
      OnlinePurchase,     172921,          0,          0,          0,     130054,     163614,      300,     7800,   108000,   156000,   245000,   421000,
        InstPurchase,      48934,          0,          0,          0,      37749,      47772,      400,     8100,   110000,   156000,   249000,   421000,
          AssocOfCat,        491,          0,          0,          0,        419,        633,    25000,    47000,   162600,   192300,   284980,   507000,
      AssocOfProduct,       4941,          0,          0,          0,       3448,       4496,      800,     6900,   101300,   149150,   236030,   419000,
      BusinessReport,       1232,          0,          0,          0,       1100,       1476,    29000,    54000,   173000,   208450,   305150,   424000,
          CustBuyBeh,       4950,          0,          0,          0,       3464,       4511,      200,     8200,   106000,   154000,   237000,   373000,
       ProductReturn,      13016,          0,          0,          0,       9926,      12739,      200,     6600,   104000,   147000,   240000,   362000,

  4600s: (60%)   IR =   8302 [4601.819s][info][gc,start       ] GC(1361) Pause Young (Mixed) (G1 Evacuation Pause)
[4601.819s][info][gc,task        ] GC(1361) Using 6 workers of 6 for evacuation
[4601.954s][info][gc,phases      ] GC(1361)   Pre Evacuate Collection Set: 0.39ms
[4601.954s][info][gc,phases      ] GC(1361)   Merge Heap Roots: 0.74ms
[4601.954s][info][gc,phases      ] GC(1361)   Evacuate Collection Set: 132.72ms
[4601.954s][info][gc,phases      ] GC(1361)   Post Evacuate Collection Set: 1.03ms
[4601.954s][info][gc,phases      ] GC(1361)   Other: 0.09ms
[4601.954s][info][gc,heap        ] GC(1361) Eden regions: 1108->0(1120)
[4601.954s][info][gc,heap        ] GC(1361) Survivor regions: 109->108(153)
[4601.954s][info][gc,heap        ] GC(1361) Old regions: 539->476
[4601.954s][info][gc,heap        ] GC(1361) Humongous regions: 80->80
[4601.954s][info][gc,metaspace   ] GC(1361) Metaspace: 28921K(29312K)->28921K(29312K) NonClass: 24053K(24256K)->24053K(24256K) Class: 4868K(5056K)->4868K(5056K)
[4601.954s][info][gc             ] GC(1361) Pause Young (Mixed) (G1 Evacuation Pause) 3669M->1325M(4096M) 135.094ms
[4601.955s][info][gc,cpu         ] GC(1361) User=0.80s Sys=0.01s Real=0.14s
...[4604.152s][info][gc,start       ] GC(1362) Pause Young (Concurrent Start) (G1 Evacuation Pause)
[4604.153s][info][gc,task        ] GC(1362) Using 6 workers of 6 for evacuation
[4604.271s][info][gc,phases      ] GC(1362)   Pre Evacuate Collection Set: 0.41ms
[4604.271s][info][gc,phases      ] GC(1362)   Merge Heap Roots: 0.46ms
[4604.271s][info][gc,phases      ] GC(1362)   Evacuate Collection Set: 116.38ms
[4604.271s][info][gc,phases      ] GC(1362)   Post Evacuate Collection Set: 0.86ms
[4604.271s][info][gc,phases      ] GC(1362)   Other: 0.11ms
[4604.271s][info][gc,heap        ] GC(1362) Eden regions: 1120->0(1119)
[4604.271s][info][gc,heap        ] GC(1362) Survivor regions: 108->109(154)
[4604.271s][info][gc,heap        ] GC(1362) Old regions: 476->508
[4604.271s][info][gc,heap        ] GC(1362) Humongous regions: 80->80
[4604.271s][info][gc,metaspace   ] GC(1362) Metaspace: 28921K(29312K)->28921K(29312K) NonClass: 24053K(24256K)->24053K(24256K) Class: 4868K(5056K)->4868K(5056K)
[4604.271s][info][gc             ] GC(1362) Pause Young (Concurrent Start) (G1 Evacuation Pause) 3565M->1393M(4096M) 118.352ms
[4604.271s][info][gc             ] GC(1363) Concurrent Mark Cycle
[4604.271s][info][gc,marking     ] GC(1363) Concurrent Scan Root Regions
[4604.271s][info][gc,cpu         ] GC(1362) User=0.70s Sys=0.00s Real=0.12s
[4604.482s][info][gc,marking     ] GC(1363) Concurrent Scan Root Regions 211.409ms
[4604.482s][info][gc,marking     ] GC(1363) Concurrent Mark
[4604.482s][info][gc,marking     ] GC(1363) Concurrent Mark From Roots
[4604.482s][info][gc,task        ] GC(1363) Using 2 workers of 2 for marking
.[4605.558s][info][gc,marking     ] GC(1363) Concurrent Mark From Roots 1075.878ms
[4605.558s][info][gc,marking     ] GC(1363) Concurrent Preclean
[4605.558s][info][gc,marking     ] GC(1363) Concurrent Preclean 0.148ms
[4605.560s][info][gc,start       ] GC(1363) Pause Remark
[4605.565s][info][gc             ] GC(1363) Pause Remark 2643M->2643M(4096M) 4.646ms
[4605.565s][info][gc,cpu         ] GC(1363) User=0.02s Sys=0.00s Real=0.01s
[4605.565s][info][gc,marking     ] GC(1363) Concurrent Mark 1082.889ms
[4605.565s][info][gc,marking     ] GC(1363) Concurrent Rebuild Remembered Sets and Scrub Regions
[4606.017s][info][gc,marking     ] GC(1363) Concurrent Rebuild Remembered Sets and Scrub Regions 451.411ms
[4606.019s][info][gc,start       ] GC(1363) Pause Cleanup
[4606.019s][info][gc             ] GC(1363) Pause Cleanup 3129M->3129M(4096M) 0.130ms
[4606.019s][info][gc,cpu         ] GC(1363) User=0.00s Sys=0.00s Real=0.00s
[4606.019s][info][gc,marking     ] GC(1363) Concurrent Clear Claimed Marks
[4606.019s][info][gc,marking     ] GC(1363) Concurrent Clear Claimed Marks 0.025ms
[4606.019s][info][gc,marking     ] GC(1363) Concurrent Cleanup for Next Mark
[4606.035s][info][gc,marking     ] GC(1363) Concurrent Cleanup for Next Mark 16.232ms
[4606.035s][info][gc             ] GC(1363) Concurrent Mark Cycle 1764.531ms
.[4606.419s][info][gc,start       ] GC(1364) Pause Young (Prepare Mixed) (G1 Evacuation Pause)
[4606.419s][info][gc,task        ] GC(1364) Using 6 workers of 6 for evacuation
[4606.534s][info][gc,phases      ] GC(1364)   Pre Evacuate Collection Set: 0.32ms
[4606.534s][info][gc,phases      ] GC(1364)   Merge Heap Roots: 0.50ms
[4606.534s][info][gc,phases      ] GC(1364)   Evacuate Collection Set: 112.87ms
[4606.534s][info][gc,phases      ] GC(1364)   Post Evacuate Collection Set: 0.91ms
[4606.534s][info][gc,phases      ] GC(1364)   Other: 0.08ms
[4606.534s][info][gc,heap        ] GC(1364) Eden regions: 1119->0(1110)
[4606.534s][info][gc,heap        ] GC(1364) Survivor regions: 109->108(154)
[4606.534s][info][gc,heap        ] GC(1364) Old regions: 508->539
[4606.534s][info][gc,heap        ] GC(1364) Humongous regions: 80->80
[4606.534s][info][gc,metaspace   ] GC(1364) Metaspace: 28921K(29312K)->28921K(29312K) NonClass: 24053K(24256K)->24053K(24256K) Class: 4868K(5056K)->4868K(5056K)
[4606.534s][info][gc             ] GC(1364) Pause Young (Prepare Mixed) (G1 Evacuation Pause) 3631M->1452M(4096M) 114.811ms
[4606.534s][info][gc,cpu         ] GC(1364) User=0.68s Sys=0.00s Real=0.12s
..[4608.668s][info][gc,start       ] GC(1365) Pause Young (Mixed) (G1 Evacuation Pause)
[4608.668s][info][gc,task        ] GC(1365) Using 6 workers of 6 for evacuation
[4608.807s][info][gc,phases      ] GC(1365)   Pre Evacuate Collection Set: 0.37ms
[4608.807s][info][gc,phases      ] GC(1365)   Merge Heap Roots: 0.70ms
[4608.807s][info][gc,phases      ] GC(1365)   Evacuate Collection Set: 137.73ms
[4608.807s][info][gc,phases      ] GC(1365)   Post Evacuate Collection Set: 1.01ms
[4608.808s][info][gc,phases      ] GC(1365)   Other: 0.09ms
[4608.808s][info][gc,heap        ] GC(1365) Eden regions: 1110->0(1114)
[4608.808s][info][gc,heap        ] GC(1365) Survivor regions: 108->114(153)
[4608.808s][info][gc,heap        ] GC(1365) Old regions: 539->477
[4608.808s][info][gc,heap        ] GC(1365) Humongous regions: 80->80
[4608.808s][info][gc,metaspace   ] GC(1365) Metaspace: 28921K(29312K)->28921K(29312K) NonClass: 24053K(24256K)->24053K(24256K) Class: 4868K(5056K)->4868K(5056K)
[4608.808s][info][gc             ] GC(1365) Pause Young (Mixed) (G1 Evacuation Pause) 3672M->1339M(4096M) 140.032ms
[4608.808s][info][gc,cpu         ] GC(1365) User=0.83s Sys=0.00s Real=0.14s
..[4610.949s][info][gc,start       ] GC(1366) Pause Young (Concurrent Start) (G1 Evacuation Pause)
[4610.949s][info][gc,task        ] GC(1366) Using 6 workers of 6 for evacuation
[4611.070s][info][gc,phases      ] GC(1366)   Pre Evacuate Collection Set: 0.36ms
[4611.070s][info][gc,phases      ] GC(1366)   Merge Heap Roots: 0.48ms
[4611.070s][info][gc,phases      ] GC(1366)   Evacuate Collection Set: 119.36ms
[4611.070s][info][gc,phases      ] GC(1366)   Post Evacuate Collection Set: 0.91ms
[4611.070s][info][gc,phases      ] GC(1366)   Other: 0.12ms
[4611.070s][info][gc,heap        ] GC(1366) Eden regions: 1114->0(1116)
[4611.070s][info][gc,heap        ] GC(1366) Survivor regions: 114->112(154)
[4611.070s][info][gc,heap        ] GC(1366) Old regions: 477->509
[4611.070s][info][gc,heap        ] GC(1366) Humongous regions: 80->80
[4611.070s][info][gc,metaspace   ] GC(1366) Metaspace: 28921K(29312K)->28921K(29312K) NonClass: 24053K(24256K)->24053K(24256K) Class: 4868K(5056K)->4868K(5056K)
[4611.070s][info][gc             ] GC(1366) Pause Young (Concurrent Start) (G1 Evacuation Pause) 3567M->1399M(4096M) 121.371ms
[4611.070s][info][gc             ] GC(1367) Concurrent Mark Cycle
[4611.070s][info][gc,marking     ] GC(1367) Concurrent Scan Root Regions
[4611.070s][info][gc,cpu         ] GC(1366) User=0.72s Sys=0.00s Real=0.12s
[4611.263s][info][gc,marking     ] GC(1367) Concurrent Scan Root Regions 192.556ms
[4611.263s][info][gc,marking     ] GC(1367) Concurrent Mark
[4611.263s][info][gc,marking     ] GC(1367) Concurrent Mark From Roots
[4611.263s][info][gc,task        ] GC(1367) Using 2 workers of 2 for marking
.[4612.249s][info][gc,marking     ] GC(1367) Concurrent Mark From Roots 986.139ms
[4612.249s][info][gc,marking     ] GC(1367) Concurrent Preclean
[4612.249s][info][gc,marking     ] GC(1367) Concurrent Preclean 0.108ms
[4612.250s][info][gc,start       ] GC(1367) Pause Remark
[4612.254s][info][gc             ] GC(1367) Pause Remark 2560M->2560M(4096M) 4.582ms
[4612.254s][info][gc,cpu         ] GC(1367) User=0.03s Sys=0.00s Real=0.01s
[4612.254s][info][gc,marking     ] GC(1367) Concurrent Mark 991.658ms
[4612.254s][info][gc,marking     ] GC(1367) Concurrent Rebuild Remembered Sets and Scrub Regions
.[4612.565s][info][gc,marking     ] GC(1367) Concurrent Rebuild Remembered Sets and Scrub Regions 310.046ms
[4612.565s][info][gc,start       ] GC(1367) Pause Cleanup
[4612.565s][info][gc             ] GC(1367) Pause Cleanup 2829M->2829M(4096M) 0.099ms
[4612.565s][info][gc,cpu         ] GC(1367) User=0.00s Sys=0.00s Real=0.00s
[4612.565s][info][gc,marking     ] GC(1367) Concurrent Clear Claimed Marks
[4612.565s][info][gc,marking     ] GC(1367) Concurrent Clear Claimed Marks 0.026ms
[4612.565s][info][gc,marking     ] GC(1367) Concurrent Cleanup for Next Mark
[4612.568s][info][gc,marking     ] GC(1367) Concurrent Cleanup for Next Mark 3.155ms
[4612.568s][info][gc             ] GC(1367) Concurrent Mark Cycle 1497.863ms
[4613.267s][info][gc,start       ] GC(1368) Pause Young (Prepare Mixed) (G1 Evacuation Pause)
[4613.267s][info][gc,task        ] GC(1368) Using 6 workers of 6 for evacuation
[4613.390s][info][gc,phases      ] GC(1368)   Pre Evacuate Collection Set: 0.32ms
[4613.391s][info][gc,phases      ] GC(1368)   Merge Heap Roots: 0.57ms
[4613.391s][info][gc,phases      ] GC(1368)   Evacuate Collection Set: 121.38ms
[4613.391s][info][gc,phases      ] GC(1368)   Post Evacuate Collection Set: 0.95ms
[4613.391s][info][gc,phases      ] GC(1368)   Other: 0.09ms
[4613.391s][info][gc,heap        ] GC(1368) Eden regions: 1116->0(1096)
[4613.391s][info][gc,heap        ] GC(1368) Survivor regions: 112->114(154)
[4613.391s][info][gc,heap        ] GC(1368) Old regions: 509->541
[4613.391s][info][gc,heap        ] GC(1368) Humongous regions: 80->80
[4613.391s][info][gc,metaspace   ] GC(1368) Metaspace: 28921K(29312K)->28921K(29312K) NonClass: 24053K(24256K)->24053K(24256K) Class: 4868K(5056K)->4868K(5056K)
[4613.391s][info][gc             ] GC(1368) Pause Young (Prepare Mixed) (G1 Evacuation Pause) 3631M->1468M(4096M) 123.436ms
[4613.391s][info][gc,cpu         ] GC(1368) User=0.74s Sys=0.00s Real=0.12s
...[4615.585s][info][gc,start       ] GC(1369) Pause Young (Mixed) (G1 Evacuation Pause)
[4615.585s][info][gc,task        ] GC(1369) Using 6 workers of 6 for evacuation
[4615.719s][info][gc,phases      ] GC(1369)   Pre Evacuate Collection Set: 0.34ms
[4615.719s][info][gc,phases      ] GC(1369)   Merge Heap Roots: 0.65ms
[4615.719s][info][gc,phases      ] GC(1369)   Evacuate Collection Set: 131.99ms
[4615.719s][info][gc,phases      ] GC(1369)   Post Evacuate Collection Set: 0.94ms
[4615.719s][info][gc,phases      ] GC(1369)   Other: 0.09ms
[4615.719s][info][gc,heap        ] GC(1369) Eden regions: 1096->0(1119)
[4615.719s][info][gc,heap        ] GC(1369) Survivor regions: 114->109(152)
[4615.719s][info][gc,heap        ] GC(1369) Old regions: 541->477
[4615.719s][info][gc,heap        ] GC(1369) Humongous regions: 80->80
[4615.719s][info][gc,metaspace   ] GC(1369) Metaspace: 28921K(29312K)->28921K(29312K) NonClass: 24053K(24256K)->24053K(24256K) Class: 4868K(5056K)->4868K(5056K)
[4615.719s][info][gc             ] GC(1369) Pause Young (Mixed) (G1 Evacuation Pause) 3660M->1329M(4096M) 134.175ms
[4615.719s][info][gc,cpu         ] GC(1369) User=0.80s Sys=0.00s Real=0.13s
..[4617.864s][info][gc,start       ] GC(1370) Pause Young (Concurrent Start) (G1 Evacuation Pause)
[4617.864s][info][gc,task        ] GC(1370) Using 6 workers of 6 for evacuation
[4617.984s][info][gc,phases      ] GC(1370)   Pre Evacuate Collection Set: 0.40ms
[4617.984s][info][gc,phases      ] GC(1370)   Merge Heap Roots: 0.48ms
[4617.984s][info][gc,phases      ] GC(1370)   Evacuate Collection Set: 117.91ms
[4617.984s][info][gc,phases      ] GC(1370)   Post Evacuate Collection Set: 0.87ms
[4617.984s][info][gc,phases      ] GC(1370)   Other: 0.13ms
[4617.984s][info][gc,heap        ] GC(1370) Eden regions: 1119->0(1117)
[4617.984s][info][gc,heap        ] GC(1370) Survivor regions: 109->111(154)
[4617.984s][info][gc,heap        ] GC(1370) Old regions: 477->508
[4617.984s][info][gc,heap        ] GC(1370) Humongous regions: 80->80
[4617.984s][info][gc,metaspace   ] GC(1370) Metaspace: 28921K(29312K)->28921K(29312K) NonClass: 24053K(24256K)->24053K(24256K) Class: 4868K(5056K)->4868K(5056K)
[4617.984s][info][gc             ] GC(1370) Pause Young (Concurrent Start) (G1 Evacuation Pause) 3567M->1397M(4096M) 119.943ms
[4617.984s][info][gc             ] GC(1371) Concurrent Mark Cycle
[4617.984s][info][gc,marking     ] GC(1371) Concurrent Scan Root Regions
[4617.984s][info][gc,cpu         ] GC(1370) User=0.72s Sys=0.00s Real=0.12s
[4618.171s][info][gc,marking     ] GC(1371) Concurrent Scan Root Regions 186.749ms
[4618.171s][info][gc,marking     ] GC(1371) Concurrent Mark
[4618.171s][info][gc,marking     ] GC(1371) Concurrent Mark From Roots
[4618.171s][info][gc,task        ] GC(1371) Using 2 workers of 2 for marking
.[4619.252s][info][gc,marking     ] GC(1371) Concurrent Mark From Roots 1081.610ms
[4619.252s][info][gc,marking     ] GC(1371) Concurrent Preclean
[4619.252s][info][gc,marking     ] GC(1371) Concurrent Preclean 0.127ms
[4619.253s][info][gc,start       ] GC(1371) Pause Remark
[4619.257s][info][gc             ] GC(1371) Pause Remark 2637M->2637M(4096M) 4.632ms
[4619.257s][info][gc,cpu         ] GC(1371) User=0.03s Sys=0.00s Real=0.00s
[4619.258s][info][gc,marking     ] GC(1371) Concurrent Mark 1086.951ms
[4619.258s][info][gc,marking     ] GC(1371) Concurrent Rebuild Remembered Sets and Scrub Regions
.[4619.700s][info][gc,marking     ] GC(1371) Concurrent Rebuild Remembered Sets and Scrub Regions 442.158ms
[4619.700s][info][gc,start       ] GC(1371) Pause Cleanup
[4619.700s][info][gc             ] GC(1371) Pause Cleanup 3087M->3087M(4096M) 0.125ms
[4619.700s][info][gc,cpu         ] GC(1371) User=0.00s Sys=0.00s Real=0.00s
[4619.701s][info][gc,marking     ] GC(1371) Concurrent Clear Claimed Marks
[4619.701s][info][gc,marking     ] GC(1371) Concurrent Clear Claimed Marks 0.034ms
[4619.701s][info][gc,marking     ] GC(1371) Concurrent Cleanup for Next Mark
[4619.707s][info][gc,marking     ] GC(1371) Concurrent Cleanup for Next Mark 5.425ms
[4619.707s][info][gc             ] GC(1371) Concurrent Mark Cycle 1722.994ms
[4620.144s][info][gc,start       ] GC(1372) Pause Young (Prepare Mixed) (G1 Evacuation Pause)
[4620.144s][info][gc,task        ] GC(1372) Using 6 workers of 6 for evacuation
[4620.265s][info][gc,phases      ] GC(1372)   Pre Evacuate Collection Set: 0.32ms
[4620.265s][info][gc,phases      ] GC(1372)   Merge Heap Roots: 0.53ms
[4620.265s][info][gc,phases      ] GC(1372)   Evacuate Collection Set: 119.76ms
[4620.265s][info][gc,phases      ] GC(1372)   Post Evacuate Collection Set: 0.92ms
[4620.265s][info][gc,phases      ] GC(1372)   Other: 0.09ms
[4620.265s][info][gc,heap        ] GC(1372) Eden regions: 1117->0(1099)
[4620.265s][info][gc,heap        ] GC(1372) Survivor regions: 111->113(154)
[4620.265s][info][gc,heap        ] GC(1372) Old regions: 508->540
[4620.265s][info][gc,heap        ] GC(1372) Humongous regions: 80->80
[4620.265s][info][gc,metaspace   ] GC(1372) Metaspace: 28921K(29312K)->28921K(29312K) NonClass: 24053K(24256K)->24053K(24256K) Class: 4868K(5056K)->4868K(5056K)
[4620.265s][info][gc             ] GC(1372) Pause Young (Prepare Mixed) (G1 Evacuation Pause) 3631M->1463M(4096M) 121.756ms
[4620.265s][info][gc,cpu         ] GC(1372) User=0.73s Sys=0.00s Real=0.12s
..[4622.400s][info][gc,start       ] GC(1373) Pause Young (Mixed) (G1 Evacuation Pause)
[4622.400s][info][gc,task        ] GC(1373) Using 6 workers of 6 for evacuation
[4622.536s][info][gc,phases      ] GC(1373)   Pre Evacuate Collection Set: 0.40ms
[4622.536s][info][gc,phases      ] GC(1373)   Merge Heap Roots: 0.72ms
[4622.536s][info][gc,phases      ] GC(1373)   Evacuate Collection Set: 133.96ms
[4622.536s][info][gc,phases      ] GC(1373)   Post Evacuate Collection Set: 0.95ms
[4622.536s][info][gc,phases      ] GC(1373)   Other: 0.09ms
[4622.536s][info][gc,heap        ] GC(1373) Eden regions: 1099->0(1120)
[4622.536s][info][gc,heap        ] GC(1373) Survivor regions: 113->108(152)
[4622.536s][info][gc,heap        ] GC(1373) Old regions: 540->476
[4622.536s][info][gc,heap        ] GC(1373) Humongous regions: 80->80
[4622.536s][info][gc,metaspace   ] GC(1373) Metaspace: 28921K(29312K)->28921K(29312K) NonClass: 24053K(24256K)->24053K(24256K) Class: 4868K(5056K)->4868K(5056K)
[4622.536s][info][gc             ] GC(1373) Pause Young (Mixed) (G1 Evacuation Pause) 3661M->1327M(4096M) 136.240ms
[4622.537s][info][gc,cpu         ] GC(1373) User=0.81s Sys=0.00s Real=0.14s
..[4624.612s][info][gc,start       ] GC(1374) Pause Young (Concurrent Start) (G1 Evacuation Pause)
[4624.612s][info][gc,task        ] GC(1374) Using 6 workers of 6 for evacuation
[4624.731s][info][gc,phases      ] GC(1374)   Pre Evacuate Collection Set: 0.35ms
[4624.731s][info][gc,phases      ] GC(1374)   Merge Heap Roots: 0.45ms
[4624.731s][info][gc,phases      ] GC(1374)   Evacuate Collection Set: 116.47ms
[4624.731s][info][gc,phases      ] GC(1374)   Post Evacuate Collection Set: 0.86ms
[4624.731s][info][gc,phases      ] GC(1374)   Other: 0.11ms
[4624.731s][info][gc,heap        ] GC(1374) Eden regions: 1120->0(1118)
[4624.731s][info][gc,heap        ] GC(1374) Survivor regions: 108->110(154)
[4624.731s][info][gc,heap        ] GC(1374) Old regions: 476->508
[4624.731s][info][gc,heap        ] GC(1374) Humongous regions: 80->80
[4624.731s][info][gc,metaspace   ] GC(1374) Metaspace: 28921K(29312K)->28921K(29312K) NonClass: 24053K(24256K)->24053K(24256K) Class: 4868K(5056K)->4868K(5056K)
[4624.731s][info][gc             ] GC(1374) Pause Young (Concurrent Start) (G1 Evacuation Pause) 3567M->1394M(4096M) 118.374ms
[4624.731s][info][gc             ] GC(1375) Concurrent Mark Cycle
[4624.731s][info][gc,marking     ] GC(1375) Concurrent Scan Root Regions
[4624.731s][info][gc,cpu         ] GC(1374) User=0.71s Sys=0.00s Real=0.11s
.[4624.918s][info][gc,marking     ] GC(1375) Concurrent Scan Root Regions 187.599ms
[4624.918s][info][gc,marking     ] GC(1375) Concurrent Mark
[4624.918s][info][gc,marking     ] GC(1375) Concurrent Mark From Roots
[4624.918s][info][gc,task        ] GC(1375) Using 2 workers of 2 for marking
.[4625.966s][info][gc,marking     ] GC(1375) Concurrent Mark From Roots 1047.796ms
[4625.966s][info][gc,marking     ] GC(1375) Concurrent Preclean
[4625.966s][info][gc,marking     ] GC(1375) Concurrent Preclean 0.155ms
[4625.971s][info][gc,start       ] GC(1375) Pause Remark
[4625.975s][info][gc             ] GC(1375) Pause Remark 2550M->2550M(4096M) 4.154ms
[4625.975s][info][gc,cpu         ] GC(1375) User=0.02s Sys=0.01s Real=0.00s
[4625.975s][info][gc,marking     ] GC(1375) Concurrent Mark 1056.744ms
[4625.975s][info][gc,marking     ] GC(1375) Concurrent Rebuild Remembered Sets and Scrub Regions
[4626.347s][info][gc,marking     ] GC(1375) Concurrent Rebuild Remembered Sets and Scrub Regions 372.147ms
[4626.347s][info][gc,start       ] GC(1375) Pause Cleanup
[4626.348s][info][gc             ] GC(1375) Pause Cleanup 2927M->2927M(4096M) 0.130ms
[4626.348s][info][gc,cpu         ] GC(1375) User=0.01s Sys=0.00s Real=0.00s
[4626.348s][info][gc,marking     ] GC(1375) Concurrent Clear Claimed Marks
[4626.348s][info][gc,marking     ] GC(1375) Concurrent Clear Claimed Marks 0.028ms
[4626.348s][info][gc,marking     ] GC(1375) Concurrent Cleanup for Next Mark
[4626.353s][info][gc,marking     ] GC(1375) Concurrent Cleanup for Next Mark 5.597ms
[4626.353s][info][gc             ] GC(1375) Concurrent Mark Cycle 1622.730ms
.[4626.917s][info][gc,start       ] GC(1376) Pause Young (Prepare Mixed) (G1 Evacuation Pause)
[4626.918s][info][gc,task        ] GC(1376) Using 6 workers of 6 for evacuation
[4627.038s][info][gc,phases      ] GC(1376)   Pre Evacuate Collection Set: 0.31ms
[4627.038s][info][gc,phases      ] GC(1376)   Merge Heap Roots: 0.50ms
[4627.038s][info][gc,phases      ] GC(1376)   Evacuate Collection Set: 118.42ms
[4627.038s][info][gc,phases      ] GC(1376)   Post Evacuate Collection Set: 0.89ms
[4627.038s][info][gc,phases      ] GC(1376)   Other: 0.09ms
[4627.038s][info][gc,heap        ] GC(1376) Eden regions: 1118->0(1103)
[4627.038s][info][gc,heap        ] GC(1376) Survivor regions: 110->111(154)
[4627.038s][info][gc,heap        ] GC(1376) Old regions: 508->540
[4627.038s][info][gc,heap        ] GC(1376) Humongous regions: 80->80
[4627.038s][info][gc,metaspace   ] GC(1376) Metaspace: 28921K(29312K)->28921K(29312K) NonClass: 24053K(24256K)->24053K(24256K) Class: 4868K(5056K)->4868K(5056K)
[4627.038s][info][gc             ] GC(1376) Pause Young (Prepare Mixed) (G1 Evacuation Pause) 3630M->1460M(4096M) 120.341ms
[4627.038s][info][gc,cpu         ] GC(1376) User=0.71s Sys=0.01s Real=0.12s
..[4629.083s][info][gc,start       ] GC(1377) Pause Young (Mixed) (G1 Evacuation Pause)
[4629.083s][info][gc,task        ] GC(1377) Using 6 workers of 6 for evacuation
[4629.221s][info][gc,phases      ] GC(1377)   Pre Evacuate Collection Set: 0.34ms
[4629.221s][info][gc,phases      ] GC(1377)   Merge Heap Roots: 0.73ms
[4629.221s][info][gc,phases      ] GC(1377)   Evacuate Collection Set: 135.83ms
[4629.221s][info][gc,phases      ] GC(1377)   Post Evacuate Collection Set: 1.00ms
[4629.221s][info][gc,phases      ] GC(1377)   Other: 0.09ms
[4629.221s][info][gc,heap        ] GC(1377) Eden regions: 1103->0(1115)
[4629.221s][info][gc,heap        ] GC(1377) Survivor regions: 111->113(152)
[4629.221s][info][gc,heap        ] GC(1377) Old regions: 540->476
[4629.221s][info][gc,heap        ] GC(1377) Humongous regions: 80->80
[4629.221s][info][gc,metaspace   ] GC(1377) Metaspace: 28921K(29312K)->28921K(29312K) NonClass: 24053K(24256K)->24053K(24256K) Class: 4868K(5056K)->4868K(5056K)
[4629.221s][info][gc             ] GC(1377) Pause Young (Mixed) (G1 Evacuation Pause) 3666M->1335M(4096M) 138.122ms
[4629.221s][info][gc,cpu         ] GC(1377) User=0.82s Sys=0.00s Real=0.14s
..[4631.400s][info][gc,start       ] GC(1378) Pause Young (Concurrent Start) (G1 Evacuation Pause)
[4631.400s][info][gc,task        ] GC(1378) Using 6 workers of 6 for evacuation
[4631.520s][info][gc,phases      ] GC(1378)   Pre Evacuate Collection Set: 0.34ms
[4631.520s][info][gc,phases      ] GC(1378)   Merge Heap Roots: 0.50ms
[4631.520s][info][gc,phases      ] GC(1378)   Evacuate Collection Set: 117.38ms
[4631.520s][info][gc,phases      ] GC(1378)   Post Evacuate Collection Set: 0.86ms
[4631.520s][info][gc,phases      ] GC(1378)   Other: 0.11ms
[4631.520s][info][gc,heap        ] GC(1378) Eden regions: 1115->0(1117)
[4631.520s][info][gc,heap        ] GC(1378) Survivor regions: 113->111(154)
[4631.520s][info][gc,heap        ] GC(1378) Old regions: 476->508
[4631.520s][info][gc,heap        ] GC(1378) Humongous regions: 80->80
[4631.520s][info][gc,metaspace   ] GC(1378) Metaspace: 28921K(29312K)->28921K(29312K) NonClass: 24053K(24256K)->24053K(24256K) Class: 4868K(5056K)->4868K(5056K)
[4631.520s][info][gc             ] GC(1378) Pause Young (Concurrent Start) (G1 Evacuation Pause) 3565M->1396M(4096M) 119.334ms
[4631.520s][info][gc             ] GC(1379) Concurrent Mark Cycle
[4631.520s][info][gc,marking     ] GC(1379) Concurrent Scan Root Regions
[4631.520s][info][gc,cpu         ] GC(1378) User=0.71s Sys=0.00s Real=0.12s
[4631.716s][info][gc,marking     ] GC(1379) Concurrent Scan Root Regions 196.543ms
[4631.716s][info][gc,marking     ] GC(1379) Concurrent Mark
[4631.716s][info][gc,marking     ] GC(1379) Concurrent Mark From Roots
[4631.716s][info][gc,task        ] GC(1379) Using 2 workers of 2 for marking
. (rIR:aIR:PR = 8302:8220:8220) (tPR = 122742) [IR is under limit] 
  4631s: Performance info:
         Transaction,    Success,    Partial,     Failed,   Receipts, AvgBarcode, 
             Overall,     168752,          0,          0,     160483,      59.48, 
         Response times:
             Request,    Success,    Partial,     Failed,   SkipFail,     Probes,    Samples,      min,      p50,      p90,      p95,      p99,      max, 
       TotalPurchase,     160564,          0,          0,          0,     118620,     180709,      300,     7600,   136000,   167000,   219900,   359000,
     InStorePurchase,      83952,          0,          0,          0,      62342,      94967,      300,     7700,   138000,   169000,   224000,   359000,
      OnlinePurchase,      59700,          0,          0,          0,      43691,      66453,      300,     7500,   135000,   165000,   220000,   359000,
        InstPurchase,      16912,          0,          0,          0,      12587,      19289,      400,     7600,   132000,   163000,   200000,   322000,
          AssocOfCat,        167,          0,          0,          0,        139,        262,    25000,    48500,   181000,   208850,   261850,   307000,
      AssocOfProduct,       1717,          0,          0,          0,       1130,       1824,     1200,     7200,   133000,   170000,   217000,   294000,
      BusinessReport,        420,          0,          0,          0,        375,        649,    30000,    55000,   213000,   256500,   312500,   346000,
          CustBuyBeh,       1691,          0,          0,          0,       1196,       1902,      300,     7500,   127000,   164000,   201850,   322000,
       ProductReturn,       4501,          0,          0,          0,       3063,       4784,      300,     7000,   131000,   162000,   220000,   322000,

  4631s: 
  4631s: Failed, 9 overall retries left, retrying 1 of 1
  4631s: (60%)   IR =   8302 [4632.467s][info][gc,marking     ] GC(1379) Concurrent Mark From Roots 750.450ms
[4632.467s][info][gc,marking     ] GC(1379) Concurrent Preclean
[4632.467s][info][gc,marking     ] GC(1379) Concurrent Preclean 0.124ms
[4632.470s][info][gc,start       ] GC(1379) Pause Remark
[4632.473s][info][gc             ] GC(1379) Pause Remark 2274M->2274M(4096M) 3.524ms
[4632.473s][info][gc,cpu         ] GC(1379) User=0.02s Sys=0.00s Real=0.01s
[4632.473s][info][gc,marking     ] GC(1379) Concurrent Mark 757.105ms
[4632.473s][info][gc,marking     ] GC(1379) Concurrent Rebuild Remembered Sets and Scrub Regions
[4632.825s][info][gc,marking     ] GC(1379) Concurrent Rebuild Remembered Sets and Scrub Regions 351.553ms
[4632.828s][info][gc,start       ] GC(1379) Pause Cleanup
[4632.828s][info][gc             ] GC(1379) Pause Cleanup 2588M->2588M(4096M) 0.137ms
[4632.828s][info][gc,cpu         ] GC(1379) User=0.00s Sys=0.00s Real=0.00s
[4632.828s][info][gc,marking     ] GC(1379) Concurrent Clear Claimed Marks
[4632.828s][info][gc,marking     ] GC(1379) Concurrent Clear Claimed Marks 0.031ms
[4632.828s][info][gc,marking     ] GC(1379) Concurrent Cleanup for Next Mark
[4632.835s][info][gc,marking     ] GC(1379) Concurrent Cleanup for Next Mark 7.180ms
[4632.835s][info][gc             ] GC(1379) Concurrent Mark Cycle 1315.494ms
.[4633.803s][info][gc,start       ] GC(1380) Pause Young (Prepare Mixed) (G1 Evacuation Pause)
[4633.803s][info][gc,task        ] GC(1380) Using 6 workers of 6 for evacuation
[4633.923s][info][gc,phases      ] GC(1380)   Pre Evacuate Collection Set: 0.34ms
[4633.924s][info][gc,phases      ] GC(1380)   Merge Heap Roots: 0.53ms
[4633.924s][info][gc,phases      ] GC(1380)   Evacuate Collection Set: 118.65ms
[4633.924s][info][gc,phases      ] GC(1380)   Post Evacuate Collection Set: 1.00ms
[4633.924s][info][gc,phases      ] GC(1380)   Other: 0.09ms
[4633.924s][info][gc,heap        ] GC(1380) Eden regions: 1117->0(1100)
[4633.924s][info][gc,heap        ] GC(1380) Survivor regions: 111->113(154)
[4633.924s][info][gc,heap        ] GC(1380) Old regions: 508->539
[4633.924s][info][gc,heap        ] GC(1380) Humongous regions: 80->80
[4633.924s][info][gc,metaspace   ] GC(1380) Metaspace: 28921K(29312K)->28921K(29312K) NonClass: 24053K(24256K)->24053K(24256K) Class: 4868K(5056K)->4868K(5056K)
[4633.924s][info][gc             ] GC(1380) Pause Young (Prepare Mixed) (G1 Evacuation Pause) 3630M->1462M(4096M) 120.737ms
[4633.924s][info][gc,cpu         ] GC(1380) User=0.72s Sys=0.00s Real=0.12s
...[4636.035s][info][gc,start       ] GC(1381) Pause Young (Mixed) (G1 Evacuation Pause)
[4636.035s][info][gc,task        ] GC(1381) Using 6 workers of 6 for evacuation
[4636.169s][info][gc,phases      ] GC(1381)   Pre Evacuate Collection Set: 0.38ms
[4636.169s][info][gc,phases      ] GC(1381)   Merge Heap Roots: 0.74ms
[4636.169s][info][gc,phases      ] GC(1381)   Evacuate Collection Set: 132.40ms
[4636.169s][info][gc,phases      ] GC(1381)   Post Evacuate Collection Set: 0.97ms
[4636.169s][info][gc,phases      ] GC(1381)   Other: 0.09ms
[4636.169s][info][gc,heap        ] GC(1381) Eden regions: 1100->0(1119)
[4636.169s][info][gc,heap        ] GC(1381) Survivor regions: 113->109(152)
[4636.169s][info][gc,heap        ] GC(1381) Old regions: 539->475
[4636.169s][info][gc,heap        ] GC(1381) Humongous regions: 80->80
[4636.169s][info][gc,metaspace   ] GC(1381) Metaspace: 28921K(29312K)->28921K(29312K) NonClass: 24053K(24256K)->24053K(24256K) Class: 4868K(5056K)->4868K(5056K)
[4636.169s][info][gc             ] GC(1381) Pause Young (Mixed) (G1 Evacuation Pause) 3662M->1327M(4096M) 134.706ms
[4636.169s][info][gc,cpu         ] GC(1381) User=0.80s Sys=0.00s Real=0.13s
..[4638.418s][info][gc,start       ] GC(1382) Pause Young (Concurrent Start) (G1 Evacuation Pause)
[4638.418s][info][gc,task        ] GC(1382) Using 6 workers of 6 for evacuation
[4638.542s][info][gc,phases      ] GC(1382)   Pre Evacuate Collection Set: 0.38ms
[4638.542s][info][gc,phases      ] GC(1382)   Merge Heap Roots: 0.47ms
[4638.542s][info][gc,phases      ] GC(1382)   Evacuate Collection Set: 121.81ms
[4638.542s][info][gc,phases      ] GC(1382)   Post Evacuate Collection Set: 0.86ms
[4638.542s][info][gc,phases      ] GC(1382)   Other: 0.10ms
[4638.542s][info][gc,heap        ] GC(1382) Eden regions: 1119->0(1116)
[4638.542s][info][gc,heap        ] GC(1382) Survivor regions: 109->112(154)
[4638.542s][info][gc,heap        ] GC(1382) Old regions: 475->509
[4638.542s][info][gc,heap        ] GC(1382) Humongous regions: 80->80
[4638.542s][info][gc,metaspace   ] GC(1382) Metaspace: 28921K(29312K)->28921K(29312K) NonClass: 24053K(24256K)->24053K(24256K) Class: 4868K(5056K)->4868K(5056K)
[4638.542s][info][gc             ] GC(1382) Pause Young (Concurrent Start) (G1 Evacuation Pause) 3565M->1400M(4096M) 123.752ms
[4638.542s][info][gc             ] GC(1383) Concurrent Mark Cycle
[4638.542s][info][gc,marking     ] GC(1383) Concurrent Scan Root Regions
[4638.542s][info][gc,cpu         ] GC(1382) User=0.74s Sys=0.00s Real=0.13s
[4638.695s][info][gc,marking     ] GC(1383) Concurrent Scan Root Regions 152.872ms
[4638.695s][info][gc,marking     ] GC(1383) Concurrent Mark
[4638.695s][info][gc,marking     ] GC(1383) Concurrent Mark From Roots
[4638.695s][info][gc,task        ] GC(1383) Using 2 workers of 2 for marking
.[4639.463s][info][gc,marking     ] GC(1383) Concurrent Mark From Roots 768.655ms
[4639.463s][info][gc,marking     ] GC(1383) Concurrent Preclean
[4639.464s][info][gc,marking     ] GC(1383) Concurrent Preclean 0.181ms
[4639.466s][info][gc,start       ] GC(1383) Pause Remark
[4639.470s][info][gc             ] GC(1383) Pause Remark 2254M->2254M(4096M) 3.966ms
[4639.470s][info][gc,cpu         ] GC(1383) User=0.02s Sys=0.00s Real=0.00s
[4639.470s][info][gc,marking     ] GC(1383) Concurrent Mark 775.011ms
[4639.470s][info][gc,marking     ] GC(1383) Concurrent Rebuild Remembered Sets and Scrub Regions
[4639.798s][info][gc,marking     ] GC(1383) Concurrent Rebuild Remembered Sets and Scrub Regions 328.585ms
[4639.799s][info][gc,start       ] GC(1383) Pause Cleanup
[4639.799s][info][gc             ] GC(1383) Pause Cleanup 2520M->2520M(4096M) 0.116ms
[4639.799s][info][gc,cpu         ] GC(1383) User=0.00s Sys=0.00s Real=0.00s
[4639.799s][info][gc,marking     ] GC(1383) Concurrent Clear Claimed Marks
[4639.799s][info][gc,marking     ] GC(1383) Concurrent Clear Claimed Marks 0.026ms
[4639.799s][info][gc,marking     ] GC(1383) Concurrent Cleanup for Next Mark
[4639.851s][info][gc,marking     ] GC(1383) Concurrent Cleanup for Next Mark 51.687ms
[4639.851s][info][gc             ] GC(1383) Concurrent Mark Cycle 1309.217ms
.[4640.610s][info][gc,start       ] GC(1384) Pause Young (Prepare Mixed) (G1 Evacuation Pause)
[4640.610s][info][gc,task        ] GC(1384) Using 6 workers of 6 for evacuation
[4640.729s][info][gc,phases      ] GC(1384)   Pre Evacuate Collection Set: 0.30ms
[4640.729s][info][gc,phases      ] GC(1384)   Merge Heap Roots: 0.50ms
[4640.729s][info][gc,phases      ] GC(1384)   Evacuate Collection Set: 116.58ms
[4640.729s][info][gc,phases      ] GC(1384)   Post Evacuate Collection Set: 0.92ms
[4640.729s][info][gc,phases      ] GC(1384)   Other: 0.09ms
[4640.729s][info][gc,heap        ] GC(1384) Eden regions: 1116->0(1106)
[4640.729s][info][gc,heap        ] GC(1384) Survivor regions: 112->110(154)
[4640.729s][info][gc,heap        ] GC(1384) Old regions: 509->539
[4640.729s][info][gc,heap        ] GC(1384) Humongous regions: 80->80
[4640.729s][info][gc,metaspace   ] GC(1384) Metaspace: 28921K(29312K)->28921K(29312K) NonClass: 24053K(24256K)->24053K(24256K) Class: 4868K(5056K)->4868K(5056K)
[4640.729s][info][gc             ] GC(1384) Pause Young (Prepare Mixed) (G1 Evacuation Pause) 3632M->1456M(4096M) 118.517ms
[4640.729s][info][gc,cpu         ] GC(1384) User=0.70s Sys=0.00s Real=0.12s
..[4642.847s][info][gc,start       ] GC(1385) Pause Young (Mixed) (G1 Evacuation Pause)
[4642.847s][info][gc,task        ] GC(1385) Using 6 workers of 6 for evacuation
[4642.984s][info][gc,phases      ] GC(1385)   Pre Evacuate Collection Set: 0.36ms
[4642.984s][info][gc,phases      ] GC(1385)   Merge Heap Roots: 0.69ms
[4642.984s][info][gc,phases      ] GC(1385)   Evacuate Collection Set: 134.97ms
[4642.984s][info][gc,phases      ] GC(1385)   Post Evacuate Collection Set: 0.92ms
[4642.984s][info][gc,phases      ] GC(1385)   Other: 0.09ms
[4642.984s][info][gc,heap        ] GC(1385) Eden regions: 1106->0(1117)
[4642.984s][info][gc,heap        ] GC(1385) Survivor regions: 110->111(152)
[4642.984s][info][gc,heap        ] GC(1385) Old regions: 539->477
[4642.984s][info][gc,heap        ] GC(1385) Humongous regions: 80->80
[4642.984s][info][gc,metaspace   ] GC(1385) Metaspace: 28921K(29312K)->28921K(29312K) NonClass: 24053K(24256K)->24053K(24256K) Class: 4868K(5056K)->4868K(5056K)
[4642.984s][info][gc             ] GC(1385) Pause Young (Mixed) (G1 Evacuation Pause) 3668M->1334M(4096M) 137.144ms
[4642.984s][info][gc,cpu         ] GC(1385) User=0.82s Sys=0.00s Real=0.14s
..[4645.062s][info][gc,start       ] GC(1386) Pause Young (Concurrent Start) (G1 Evacuation Pause)
[4645.062s][info][gc,task        ] GC(1386) Using 6 workers of 6 for evacuation
[4645.183s][info][gc,phases      ] GC(1386)   Pre Evacuate Collection Set: 0.34ms
[4645.183s][info][gc,phases      ] GC(1386)   Merge Heap Roots: 0.47ms
[4645.183s][info][gc,phases      ] GC(1386)   Evacuate Collection Set: 118.52ms
[4645.183s][info][gc,phases      ] GC(1386)   Post Evacuate Collection Set: 0.87ms
[4645.183s][info][gc,phases      ] GC(1386)   Other: 0.11ms
[4645.183s][info][gc,heap        ] GC(1386) Eden regions: 1117->0(1116)
[4645.183s][info][gc,heap        ] GC(1386) Survivor regions: 111->112(154)
[4645.183s][info][gc,heap        ] GC(1386) Old regions: 477->508
[4645.183s][info][gc,heap        ] GC(1386) Humongous regions: 80->80
[4645.183s][info][gc,metaspace   ] GC(1386) Metaspace: 28921K(29312K)->28921K(29312K) NonClass: 24053K(24256K)->24053K(24256K) Class: 4868K(5056K)->4868K(5056K)
[4645.183s][info][gc             ] GC(1386) Pause Young (Concurrent Start) (G1 Evacuation Pause) 3568M->1399M(4096M) 120.443ms
[4645.183s][info][gc             ] GC(1387) Concurrent Mark Cycle
[4645.183s][info][gc,marking     ] GC(1387) Concurrent Scan Root Regions
[4645.183s][info][gc,cpu         ] GC(1386) User=0.72s Sys=0.00s Real=0.12s
.[4645.383s][info][gc,marking     ] GC(1387) Concurrent Scan Root Regions 200.235ms
[4645.383s][info][gc,marking     ] GC(1387) Concurrent Mark
[4645.383s][info][gc,marking     ] GC(1387) Concurrent Mark From Roots
[4645.383s][info][gc,task        ] GC(1387) Using 2 workers of 2 for marking
[4646.124s][info][gc,marking     ] GC(1387) Concurrent Mark From Roots 741.162ms
[4646.124s][info][gc,marking     ] GC(1387) Concurrent Preclean
[4646.124s][info][gc,marking     ] GC(1387) Concurrent Preclean 0.105ms
[4646.126s][info][gc,start       ] GC(1387) Pause Remark
[4646.131s][info][gc             ] GC(1387) Pause Remark 2302M->2302M(4096M) 4.912ms
[4646.131s][info][gc,cpu         ] GC(1387) User=0.02s Sys=0.00s Real=0.00s
[4646.132s][info][gc,marking     ] GC(1387) Concurrent Mark 749.073ms
[4646.132s][info][gc,marking     ] GC(1387) Concurrent Rebuild Remembered Sets and Scrub Regions
[4646.358s][info][gc,marking     ] GC(1387) Concurrent Rebuild Remembered Sets and Scrub Regions 225.767ms
[4646.361s][info][gc,start       ] GC(1387) Pause Cleanup
[4646.361s][info][gc             ] GC(1387) Pause Cleanup 2513M->2513M(4096M) 0.137ms
[4646.361s][info][gc,cpu         ] GC(1387) User=0.00s Sys=0.00s Real=0.00s
[4646.361s][info][gc,marking     ] GC(1387) Concurrent Clear Claimed Marks
[4646.361s][info][gc,marking     ] GC(1387) Concurrent Clear Claimed Marks 0.028ms
[4646.361s][info][gc,marking     ] GC(1387) Concurrent Cleanup for Next Mark
[4646.366s][info][gc,marking     ] GC(1387) Concurrent Cleanup for Next Mark 4.938ms
[4646.366s][info][gc             ] GC(1387) Concurrent Mark Cycle 1183.584ms
..[4647.384s][info][gc,start       ] GC(1388) Pause Young (Prepare Mixed) (G1 Evacuation Pause)
[4647.384s][info][gc,task        ] GC(1388) Using 6 workers of 6 for evacuation
[4647.502s][info][gc,phases      ] GC(1388)   Pre Evacuate Collection Set: 0.34ms
[4647.502s][info][gc,phases      ] GC(1388)   Merge Heap Roots: 0.60ms
[4647.502s][info][gc,phases      ] GC(1388)   Evacuate Collection Set: 115.55ms
[4647.502s][info][gc,phases      ] GC(1388)   Post Evacuate Collection Set: 0.94ms
[4647.502s][info][gc,phases      ] GC(1388)   Other: 0.09ms
[4647.502s][info][gc,heap        ] GC(1388) Eden regions: 1116->0(1107)
[4647.502s][info][gc,heap        ] GC(1388) Survivor regions: 112->109(154)
[4647.502s][info][gc,heap        ] GC(1388) Old regions: 508->540
[4647.502s][info][gc,heap        ] GC(1388) Humongous regions: 80->80
[4647.502s][info][gc,metaspace   ] GC(1388) Metaspace: 28921K(29312K)->28921K(29312K) NonClass: 24053K(24256K)->24053K(24256K) Class: 4868K(5056K)->4868K(5056K)
[4647.502s][info][gc             ] GC(1388) Pause Young (Prepare Mixed) (G1 Evacuation Pause) 3631M->1456M(4096M) 117.641ms
[4647.502s][info][gc,cpu         ] GC(1388) User=0.70s Sys=0.00s Real=0.12s
..|[4649.609s][info][gc,start       ] GC(1389) Pause Young (Mixed) (G1 Evacuation Pause)
[4649.609s][info][gc,task        ] GC(1389) Using 6 workers of 6 for evacuation
[4649.744s][info][gc,phases      ] GC(1389)   Pre Evacuate Collection Set: 0.39ms
[4649.744s][info][gc,phases      ] GC(1389)   Merge Heap Roots: 0.75ms
[4649.744s][info][gc,phases      ] GC(1389)   Evacuate Collection Set: 132.44ms
[4649.744s][info][gc,phases      ] GC(1389)   Post Evacuate Collection Set: 0.90ms
[4649.744s][info][gc,phases      ] GC(1389)   Other: 0.09ms
[4649.744s][info][gc,heap        ] GC(1389) Eden regions: 1107->0(1119)
[4649.744s][info][gc,heap        ] GC(1389) Survivor regions: 109->109(152)
[4649.744s][info][gc,heap        ] GC(1389) Old regions: 540->476
[4649.744s][info][gc,heap        ] GC(1389) Humongous regions: 80->80
[4649.744s][info][gc,metaspace   ] GC(1389) Metaspace: 28921K(29312K)->28921K(29312K) NonClass: 24053K(24256K)->24053K(24256K) Class: 4868K(5056K)->4868K(5056K)
[4649.744s][info][gc             ] GC(1389) Pause Young (Mixed) (G1 Evacuation Pause) 3670M->1329M(4096M) 134.714ms
[4649.744s][info][gc,cpu         ] GC(1389) User=0.80s Sys=0.00s Real=0.14s
..[4651.855s][info][gc,start       ] GC(1390) Pause Young (Concurrent Start) (G1 Evacuation Pause)
[4651.855s][info][gc,task        ] GC(1390) Using 6 workers of 6 for evacuation
[4651.973s][info][gc,phases      ] GC(1390)   Pre Evacuate Collection Set: 0.35ms
[4651.973s][info][gc,phases      ] GC(1390)   Merge Heap Roots: 0.52ms
[4651.973s][info][gc,phases      ] GC(1390)   Evacuate Collection Set: 115.52ms
[4651.973s][info][gc,phases      ] GC(1390)   Post Evacuate Collection Set: 0.85ms
[4651.973s][info][gc,phases      ] GC(1390)   Other: 0.10ms
[4651.973s][info][gc,heap        ] GC(1390) Eden regions: 1119->0(1119)
[4651.973s][info][gc,heap        ] GC(1390) Survivor regions: 109->109(154)
[4651.973s][info][gc,heap        ] GC(1390) Old regions: 476->509
[4651.973s][info][gc,heap        ] GC(1390) Humongous regions: 80->80
[4651.973s][info][gc,metaspace   ] GC(1390) Metaspace: 28921K(29312K)->28921K(29312K) NonClass: 24053K(24256K)->24053K(24256K) Class: 4868K(5056K)->4868K(5056K)
[4651.973s][info][gc             ] GC(1390) Pause Young (Concurrent Start) (G1 Evacuation Pause) 3567M->1394M(4096M) 117.479ms
[4651.973s][info][gc             ] GC(1391) Concurrent Mark Cycle
[4651.973s][info][gc,marking     ] GC(1391) Concurrent Scan Root Regions
[4651.973s][info][gc,cpu         ] GC(1390) User=0.70s Sys=0.00s Real=0.12s
[4652.087s][info][gc,marking     ] GC(1391) Concurrent Scan Root Regions 113.989ms
[4652.087s][info][gc,marking     ] GC(1391) Concurrent Mark
[4652.087s][info][gc,marking     ] GC(1391) Concurrent Mark From Roots
[4652.087s][info][gc,task        ] GC(1391) Using 2 workers of 2 for marking
.[4652.642s][info][gc,marking     ] GC(1391) Concurrent Mark From Roots 555.040ms
[4652.642s][info][gc,marking     ] GC(1391) Concurrent Preclean
[4652.642s][info][gc,marking     ] GC(1391) Concurrent Preclean 0.116ms
[4652.644s][info][gc,start       ] GC(1391) Pause Remark
[4652.647s][info][gc             ] GC(1391) Pause Remark 1896M->1896M(4096M) 2.633ms
[4652.647s][info][gc,cpu         ] GC(1391) User=0.02s Sys=0.00s Real=0.00s
[4652.647s][info][gc,marking     ] GC(1391) Concurrent Mark 560.292ms
[4652.647s][info][gc,marking     ] GC(1391) Concurrent Rebuild Remembered Sets and Scrub Regions
[4652.918s][info][gc,marking     ] GC(1391) Concurrent Rebuild Remembered Sets and Scrub Regions 270.356ms
[4652.920s][info][gc,start       ] GC(1391) Pause Cleanup
[4652.920s][info][gc             ] GC(1391) Pause Cleanup 2166M->2166M(4096M) 0.124ms
[4652.920s][info][gc,cpu         ] GC(1391) User=0.00s Sys=0.00s Real=0.00s
[4652.920s][info][gc,marking     ] GC(1391) Concurrent Clear Claimed Marks
[4652.920s][info][gc,marking     ] GC(1391) Concurrent Clear Claimed Marks 0.031ms
[4652.920s][info][gc,marking     ] GC(1391) Concurrent Cleanup for Next Mark
[4652.931s][info][gc,marking     ] GC(1391) Concurrent Cleanup for Next Mark 11.001ms
[4652.931s][info][gc             ] GC(1391) Concurrent Mark Cycle 958.068ms
.[4654.160s][info][gc,start       ] GC(1392) Pause Young (Prepare Mixed) (G1 Evacuation Pause)
[4654.160s][info][gc,task        ] GC(1392) Using 6 workers of 6 for evacuation
[4654.280s][info][gc,phases      ] GC(1392)   Pre Evacuate Collection Set: 0.33ms
[4654.280s][info][gc,phases      ] GC(1392)   Merge Heap Roots: 0.50ms
[4654.280s][info][gc,phases      ] GC(1392)   Evacuate Collection Set: 117.56ms
[4654.280s][info][gc,phases      ] GC(1392)   Post Evacuate Collection Set: 0.91ms
[4654.280s][info][gc,phases      ] GC(1392)   Other: 0.08ms
[4654.280s][info][gc,heap        ] GC(1392) Eden regions: 1119->0(1101)
[4654.280s][info][gc,heap        ] GC(1392) Survivor regions: 109->112(154)
[4654.280s][info][gc,heap        ] GC(1392) Old regions: 509->540
[4654.280s][info][gc,heap        ] GC(1392) Humongous regions: 80->80
[4654.280s][info][gc,metaspace   ] GC(1392) Metaspace: 28921K(29312K)->28921K(29312K) NonClass: 24053K(24256K)->24053K(24256K) Class: 4868K(5056K)->4868K(5056K)
[4654.280s][info][gc             ] GC(1392) Pause Young (Prepare Mixed) (G1 Evacuation Pause) 3632M->1462M(4096M) 119.533ms
[4654.280s][info][gc,cpu         ] GC(1392) User=0.71s Sys=0.00s Real=0.12s
..[4656.384s][info][gc,start       ] GC(1393) Pause Young (Mixed) (G1 Evacuation Pause)
[4656.384s][info][gc,task        ] GC(1393) Using 6 workers of 6 for evacuation
[4656.519s][info][gc,phases      ] GC(1393)   Pre Evacuate Collection Set: 0.35ms
[4656.519s][info][gc,phases      ] GC(1393)   Merge Heap Roots: 0.81ms
[4656.519s][info][gc,phases      ] GC(1393)   Evacuate Collection Set: 132.29ms
[4656.519s][info][gc,phases      ] GC(1393)   Post Evacuate Collection Set: 1.00ms
[4656.519s][info][gc,phases      ] GC(1393)   Other: 0.09ms
[4656.519s][info][gc,heap        ] GC(1393) Eden regions: 1101->0(1119)
[4656.519s][info][gc,heap        ] GC(1393) Survivor regions: 112->109(152)
[4656.519s][info][gc,heap        ] GC(1393) Old regions: 540->477
[4656.519s][info][gc,heap        ] GC(1393) Humongous regions: 80->80
[4656.519s][info][gc,metaspace   ] GC(1393) Metaspace: 28921K(29312K)->28921K(29312K) NonClass: 24053K(24256K)->24053K(24256K) Class: 4868K(5056K)->4868K(5056K)
[4656.519s][info][gc             ] GC(1393) Pause Young (Mixed) (G1 Evacuation Pause) 3664M->1329M(4096M) 134.684ms
[4656.519s][info][gc,cpu         ] GC(1393) User=0.80s Sys=0.00s Real=0.13s
...[4658.599s][info][gc,start       ] GC(1394) Pause Young (Concurrent Start) (G1 Evacuation Pause)
[4658.600s][info][gc,task        ] GC(1394) Using 6 workers of 6 for evacuation
[4658.718s][info][gc,phases      ] GC(1394)   Pre Evacuate Collection Set: 0.33ms
[4658.718s][info][gc,phases      ] GC(1394)   Merge Heap Roots: 0.45ms
[4658.718s][info][gc,phases      ] GC(1394)   Evacuate Collection Set: 116.66ms
[4658.718s][info][gc,phases      ] GC(1394)   Post Evacuate Collection Set: 0.88ms
[4658.718s][info][gc,phases      ] GC(1394)   Other: 0.10ms
[4658.718s][info][gc,heap        ] GC(1394) Eden regions: 1119->0(1117)
[4658.718s][info][gc,heap        ] GC(1394) Survivor regions: 109->111(154)
[4658.718s][info][gc,heap        ] GC(1394) Old regions: 477->508
[4658.718s][info][gc,heap        ] GC(1394) Humongous regions: 80->80
[4658.718s][info][gc,metaspace   ] GC(1394) Metaspace: 28921K(29312K)->28921K(29312K) NonClass: 24053K(24256K)->24053K(24256K) Class: 4868K(5056K)->4868K(5056K)
[4658.718s][info][gc             ] GC(1394) Pause Young (Concurrent Start) (G1 Evacuation Pause) 3567M->1396M(4096M) 118.559ms
[4658.718s][info][gc             ] GC(1395) Concurrent Mark Cycle
[4658.718s][info][gc,marking     ] GC(1395) Concurrent Scan Root Regions
[4658.718s][info][gc,cpu         ] GC(1394) User=0.71s Sys=0.00s Real=0.12s
[4658.918s][info][gc,marking     ] GC(1395) Concurrent Scan Root Regions 199.733ms
[4658.918s][info][gc,marking     ] GC(1395) Concurrent Mark
[4658.918s][info][gc,marking     ] GC(1395) Concurrent Mark From Roots
[4658.918s][info][gc,task        ] GC(1395) Using 2 workers of 2 for marking
.[4659.988s][info][gc,marking     ] GC(1395) Concurrent Mark From Roots 1070.533ms
[4659.988s][info][gc,marking     ] GC(1395) Concurrent Preclean
[4659.989s][info][gc,marking     ] GC(1395) Concurrent Preclean 0.141ms
[4659.991s][info][gc,start       ] GC(1395) Pause Remark
[4659.996s][info][gc             ] GC(1395) Pause Remark 2580M->2580M(4096M) 4.907ms
[4659.996s][info][gc,cpu         ] GC(1395) User=0.02s Sys=0.00s Real=0.00s
[4659.996s][info][gc,marking     ] GC(1395) Concurrent Mark 1078.214ms
[4659.996s][info][gc,marking     ] GC(1395) Concurrent Rebuild Remembered Sets and Scrub Regions
[4660.375s][info][gc,marking     ] GC(1395) Concurrent Rebuild Remembered Sets and Scrub Regions 379.104ms
[4660.375s][info][gc,start       ] GC(1395) Pause Cleanup
[4660.375s][info][gc             ] GC(1395) Pause Cleanup 3010M->3010M(4096M) 0.120ms
[4660.376s][info][gc,cpu         ] GC(1395) User=0.00s Sys=0.00s Real=0.00s
[4660.376s][info][gc,marking     ] GC(1395) Concurrent Clear Claimed Marks
[4660.376s][info][gc,marking     ] GC(1395) Concurrent Clear Claimed Marks 0.043ms
[4660.376s][info][gc,marking     ] GC(1395) Concurrent Cleanup for Next Mark
[4660.381s][info][gc,marking     ] GC(1395) Concurrent Cleanup for Next Mark 5.542ms
[4660.381s][info][gc             ] GC(1395) Concurrent Mark Cycle 1663.166ms
.[4660.850s][info][gc,start       ] GC(1396) Pause Young (Prepare Mixed) (G1 Evacuation Pause)
[4660.850s][info][gc,task        ] GC(1396) Using 6 workers of 6 for evacuation
[4660.969s][info][gc,phases      ] GC(1396)   Pre Evacuate Collection Set: 0.30ms
[4660.969s][info][gc,phases      ] GC(1396)   Merge Heap Roots: 0.51ms
[4660.969s][info][gc,phases      ] GC(1396)   Evacuate Collection Set: 117.28ms
[4660.969s][info][gc,phases      ] GC(1396)   Post Evacuate Collection Set: 0.90ms
[4660.969s][info][gc,phases      ] GC(1396)   Other: 0.09ms
[4660.969s][info][gc,heap        ] GC(1396) Eden regions: 1117->0(1101)
[4660.969s][info][gc,heap        ] GC(1396) Survivor regions: 111->112(154)
[4660.969s][info][gc,heap        ] GC(1396) Old regions: 508->540
[4660.969s][info][gc,heap        ] GC(1396) Humongous regions: 80->80
[4660.969s][info][gc,metaspace   ] GC(1396) Metaspace: 28921K(29312K)->28921K(29312K) NonClass: 24053K(24256K)->24053K(24256K) Class: 4868K(5056K)->4868K(5056K)
[4660.969s][info][gc             ] GC(1396) Pause Young (Prepare Mixed) (G1 Evacuation Pause) 3630M->1461M(4096M) 119.199ms
[4660.969s][info][gc,cpu         ] GC(1396) User=0.71s Sys=0.00s Real=0.12s
..[4663.005s][info][gc,start       ] GC(1397) Pause Young (Mixed) (G1 Evacuation Pause)
[4663.005s][info][gc,task        ] GC(1397) Using 6 workers of 6 for evacuation
[4663.142s][info][gc,phases      ] GC(1397)   Pre Evacuate Collection Set: 0.38ms
[4663.142s][info][gc,phases      ] GC(1397)   Merge Heap Roots: 0.78ms
[4663.142s][info][gc,phases      ] GC(1397)   Evacuate Collection Set: 134.20ms
[4663.142s][info][gc,phases      ] GC(1397)   Post Evacuate Collection Set: 0.91ms
[4663.142s][info][gc,phases      ] GC(1397)   Other: 0.09ms
[4663.142s][info][gc,heap        ] GC(1397) Eden regions: 1101->0(1117)
[4663.142s][info][gc,heap        ] GC(1397) Survivor regions: 112->111(152)
[4663.142s][info][gc,heap        ] GC(1397) Old regions: 540->475
[4663.142s][info][gc,heap        ] GC(1397) Humongous regions: 80->80
[4663.142s][info][gc,metaspace   ] GC(1397) Metaspace: 28921K(29312K)->28921K(29312K) NonClass: 24053K(24256K)->24053K(24256K) Class: 4868K(5056K)->4868K(5056K)
[4663.142s][info][gc             ] GC(1397) Pause Young (Mixed) (G1 Evacuation Pause) 3663M->1331M(4096M) 136.488ms
[4663.142s][info][gc,cpu         ] GC(1397) User=0.81s Sys=0.00s Real=0.14s
..[4665.250s][info][gc,start       ] GC(1398) Pause Young (Concurrent Start) (G1 Evacuation Pause)
[4665.250s][info][gc,task        ] GC(1398) Using 6 workers of 6 for evacuation
[4665.372s][info][gc,phases      ] GC(1398)   Pre Evacuate Collection Set: 0.37ms
[4665.372s][info][gc,phases      ] GC(1398)   Merge Heap Roots: 0.46ms
[4665.372s][info][gc,phases      ] GC(1398)   Evacuate Collection Set: 119.96ms
[4665.372s][info][gc,phases      ] GC(1398)   Post Evacuate Collection Set: 0.88ms
[4665.372s][info][gc,phases      ] GC(1398)   Other: 0.11ms
[4665.372s][info][gc,heap        ] GC(1398) Eden regions: 1117->0(1113)
[4665.372s][info][gc,heap        ] GC(1398) Survivor regions: 111->115(154)
[4665.372s][info][gc,heap        ] GC(1398) Old regions: 475->506
[4665.372s][info][gc,heap        ] GC(1398) Humongous regions: 80->80
[4665.372s][info][gc,metaspace   ] GC(1398) Metaspace: 28921K(29312K)->28921K(29312K) NonClass: 24053K(24256K)->24053K(24256K) Class: 4868K(5056K)->4868K(5056K)
[4665.372s][info][gc             ] GC(1398) Pause Young (Concurrent Start) (G1 Evacuation Pause) 3565M->1400M(4096M) 121.920ms
[4665.372s][info][gc             ] GC(1399) Concurrent Mark Cycle
[4665.372s][info][gc,marking     ] GC(1399) Concurrent Scan Root Regions
[4665.372s][info][gc,cpu         ] GC(1398) User=0.73s Sys=0.00s Real=0.13s
[4665.574s][info][gc,marking     ] GC(1399) Concurrent Scan Root Regions 202.555ms
[4665.575s][info][gc,marking     ] GC(1399) Concurrent Mark
[4665.575s][info][gc,marking     ] GC(1399) Concurrent Mark From Roots
[4665.575s][info][gc,task        ] GC(1399) Using 2 workers of 2 for marking
.[4666.574s][info][gc,marking     ] GC(1399) Concurrent Mark From Roots 999.690ms
[4666.574s][info][gc,marking     ] GC(1399) Concurrent Preclean
[4666.574s][info][gc,marking     ] GC(1399) Concurrent Preclean 0.154ms
[4666.576s][info][gc,start       ] GC(1399) Pause Remark
[4666.580s][info][gc             ] GC(1399) Pause Remark 2496M->2496M(4096M) 4.746ms
[4666.580s][info][gc,cpu         ] GC(1399) User=0.02s Sys=0.00s Real=0.00s
[4666.582s][info][gc,marking     ] GC(1399) Concurrent Mark 1007.121ms
[4666.582s][info][gc,marking     ] GC(1399) Concurrent Rebuild Remembered Sets and Scrub Regions
.[4667.012s][info][gc,marking     ] GC(1399) Concurrent Rebuild Remembered Sets and Scrub Regions 429.797ms
[4667.012s][info][gc,start       ] GC(1399) Pause Cleanup
[4667.012s][info][gc             ] GC(1399) Pause Cleanup 2918M->2918M(4096M) 0.131ms
[4667.012s][info][gc,cpu         ] GC(1399) User=0.00s Sys=0.00s Real=0.00s
[4667.012s][info][gc,marking     ] GC(1399) Concurrent Clear Claimed Marks
[4667.012s][info][gc,marking     ] GC(1399) Concurrent Clear Claimed Marks 0.035ms
[4667.012s][info][gc,marking     ] GC(1399) Concurrent Cleanup for Next Mark
[4667.045s][info][gc,marking     ] GC(1399) Concurrent Cleanup for Next Mark 32.397ms
[4667.045s][info][gc             ] GC(1399) Concurrent Mark Cycle 1673.008ms
[4667.602s][info][gc,start       ] GC(1400) Pause Young (Prepare Mixed) (G1 Evacuation Pause)
[4667.602s][info][gc,task        ] GC(1400) Using 6 workers of 6 for evacuation
[4667.720s][info][gc,phases      ] GC(1400)   Pre Evacuate Collection Set: 0.35ms
[4667.720s][info][gc,phases      ] GC(1400)   Merge Heap Roots: 0.61ms
[4667.720s][info][gc,phases      ] GC(1400)   Evacuate Collection Set: 116.06ms
[4667.720s][info][gc,phases      ] GC(1400)   Post Evacuate Collection Set: 0.93ms
[4667.720s][info][gc,phases      ] GC(1400)   Other: 0.09ms
[4667.720s][info][gc,heap        ] GC(1400) Eden regions: 1113->0(1109)
[4667.720s][info][gc,heap        ] GC(1400) Survivor regions: 115->109(154)
[4667.720s][info][gc,heap        ] GC(1400) Old regions: 506->538
[4667.720s][info][gc,heap        ] GC(1400) Humongous regions: 80->80
[4667.720s][info][gc,metaspace   ] GC(1400) Metaspace: 28921K(29312K)->28921K(29312K) NonClass: 24053K(24256K)->24053K(24256K) Class: 4868K(5056K)->4868K(5056K)
[4667.720s][info][gc             ] GC(1400) Pause Young (Prepare Mixed) (G1 Evacuation Pause) 3626M->1452M(4096M) 118.171ms
[4667.720s][info][gc,cpu         ] GC(1400) User=0.70s Sys=0.00s Real=0.11s
...[4669.764s][info][gc,start       ] GC(1401) Pause Young (Mixed) (G1 Evacuation Pause)
[4669.764s][info][gc,task        ] GC(1401) Using 6 workers of 6 for evacuation
[4669.898s][info][gc,phases      ] GC(1401)   Pre Evacuate Collection Set: 0.35ms
[4669.898s][info][gc,phases      ] GC(1401)   Merge Heap Roots: 0.78ms
[4669.898s][info][gc,phases      ] GC(1401)   Evacuate Collection Set: 131.94ms
[4669.898s][info][gc,phases      ] GC(1401)   Post Evacuate Collection Set: 0.95ms
[4669.898s][info][gc,phases      ] GC(1401)   Other: 0.09ms
[4669.898s][info][gc,heap        ] GC(1401) Eden regions: 1109->0(1119)
[4669.898s][info][gc,heap        ] GC(1401) Survivor regions: 109->109(153)
[4669.898s][info][gc,heap        ] GC(1401) Old regions: 538->476
[4669.898s][info][gc,heap        ] GC(1401) Humongous regions: 80->80
[4669.898s][info][gc,metaspace   ] GC(1401) Metaspace: 28921K(29312K)->28921K(29312K) NonClass: 24053K(24256K)->24053K(24256K) Class: 4868K(5056K)->4868K(5056K)
[4669.898s][info][gc             ] GC(1401) Pause Young (Mixed) (G1 Evacuation Pause) 3670M->1328M(4096M) 134.244ms
[4669.898s][info][gc,cpu         ] GC(1401) User=0.79s Sys=0.00s Real=0.13s
..[4672.062s][info][gc,start       ] GC(1402) Pause Young (Concurrent Start) (G1 Evacuation Pause)
[4672.062s][info][gc,task        ] GC(1402) Using 6 workers of 6 for evacuation
[4672.183s][info][gc,phases      ] GC(1402)   Pre Evacuate Collection Set: 0.34ms
[4672.183s][info][gc,phases      ] GC(1402)   Merge Heap Roots: 0.54ms
[4672.183s][info][gc,phases      ] GC(1402)   Evacuate Collection Set: 118.36ms
[4672.183s][info][gc,phases      ] GC(1402)   Post Evacuate Collection Set: 0.88ms
[4672.183s][info][gc,phases      ] GC(1402)   Other: 0.12ms
[4672.183s][info][gc,heap        ] GC(1402) Eden regions: 1119->0(1117)
[4672.183s][info][gc,heap        ] GC(1402) Survivor regions: 109->111(154)
[4672.183s][info][gc,heap        ] GC(1402) Old regions: 476->508
[4672.183s][info][gc,heap        ] GC(1402) Humongous regions: 80->80
[4672.183s][info][gc,metaspace   ] GC(1402) Metaspace: 28921K(29312K)->28921K(29312K) NonClass: 24053K(24256K)->24053K(24256K) Class: 4868K(5056K)->4868K(5056K)
[4672.183s][info][gc             ] GC(1402) Pause Young (Concurrent Start) (G1 Evacuation Pause) 3566M->1396M(4096M) 120.359ms
[4672.183s][info][gc             ] GC(1403) Concurrent Mark Cycle
[4672.183s][info][gc,marking     ] GC(1403) Concurrent Scan Root Regions
[4672.183s][info][gc,cpu         ] GC(1402) User=0.72s Sys=0.00s Real=0.12s
[4672.371s][info][gc,marking     ] GC(1403) Concurrent Scan Root Regions 188.132ms
[4672.371s][info][gc,marking     ] GC(1403) Concurrent Mark
[4672.371s][info][gc,marking     ] GC(1403) Concurrent Mark From Roots
[4672.371s][info][gc,task        ] GC(1403) Using 2 workers of 2 for marking
.[4673.377s][info][gc,marking     ] GC(1403) Concurrent Mark From Roots 1006.040ms
[4673.377s][info][gc,marking     ] GC(1403) Concurrent Preclean
[4673.377s][info][gc,marking     ] GC(1403) Concurrent Preclean 0.149ms
[4673.379s][info][gc,start       ] GC(1403) Pause Remark
[4673.384s][info][gc             ] GC(1403) Pause Remark 2578M->2578M(4096M) 4.827ms
[4673.384s][info][gc,cpu         ] GC(1403) User=0.03s Sys=0.00s Real=0.01s
[4673.384s][info][gc,marking     ] GC(1403) Concurrent Mark 1013.327ms
[4673.384s][info][gc,marking     ] GC(1403) Concurrent Rebuild Remembered Sets and Scrub Regions
[4673.844s][info][gc,marking     ] GC(1403) Concurrent Rebuild Remembered Sets and Scrub Regions 459.578ms
[4673.844s][info][gc,start       ] GC(1403) Pause Cleanup
[4673.844s][info][gc             ] GC(1403) Pause Cleanup 3054M->3054M(4096M) 0.125ms
[4673.844s][info][gc,cpu         ] GC(1403) User=0.00s Sys=0.00s Real=0.00s
[4673.844s][info][gc,marking     ] GC(1403) Concurrent Clear Claimed Marks
[4673.844s][info][gc,marking     ] GC(1403) Concurrent Clear Claimed Marks 0.034ms
[4673.844s][info][gc,marking     ] GC(1403) Concurrent Cleanup for Next Mark
[4673.858s][info][gc,marking     ] GC(1403) Concurrent Cleanup for Next Mark 13.198ms
[4673.858s][info][gc             ] GC(1403) Concurrent Mark Cycle 1674.917ms
.[4674.334s][info][gc,start       ] GC(1404) Pause Young (Prepare Mixed) (G1 Evacuation Pause)
[4674.334s][info][gc,task        ] GC(1404) Using 6 workers of 6 for evacuation
[4674.453s][info][gc,phases      ] GC(1404)   Pre Evacuate Collection Set: 0.35ms
[4674.453s][info][gc,phases      ] GC(1404)   Merge Heap Roots: 0.57ms
[4674.453s][info][gc,phases      ] GC(1404)   Evacuate Collection Set: 117.43ms
[4674.453s][info][gc,phases      ] GC(1404)   Post Evacuate Collection Set: 0.93ms
[4674.453s][info][gc,phases      ] GC(1404)   Other: 0.09ms
[4674.453s][info][gc,heap        ] GC(1404) Eden regions: 1117->0(1105)
[4674.453s][info][gc,heap        ] GC(1404) Survivor regions: 111->110(154)
[4674.453s][info][gc,heap        ] GC(1404) Old regions: 508->540
[4674.453s][info][gc,heap        ] GC(1404) Humongous regions: 80->80
[4674.453s][info][gc,metaspace   ] GC(1404) Metaspace: 28921K(29312K)->28921K(29312K) NonClass: 24053K(24256K)->24053K(24256K) Class: 4868K(5056K)->4868K(5056K)
[4674.453s][info][gc             ] GC(1404) Pause Young (Prepare Mixed) (G1 Evacuation Pause) 3630M->1458M(4096M) 119.495ms
[4674.453s][info][gc,cpu         ] GC(1404) User=0.71s Sys=0.00s Real=0.12s
..[4676.573s][info][gc,start       ] GC(1405) Pause Young (Mixed) (G1 Evacuation Pause)
[4676.573s][info][gc,task        ] GC(1405) Using 6 workers of 6 for evacuation
[4676.706s][info][gc,phases      ] GC(1405)   Pre Evacuate Collection Set: 0.35ms
[4676.706s][info][gc,phases      ] GC(1405)   Merge Heap Roots: 0.62ms
[4676.706s][info][gc,phases      ] GC(1405)   Evacuate Collection Set: 131.11ms
[4676.706s][info][gc,phases      ] GC(1405)   Post Evacuate Collection Set: 0.80ms
[4676.706s][info][gc,phases      ] GC(1405)   Other: 0.10ms
[4676.706s][info][gc,heap        ] GC(1405) Eden regions: 1105->0(1120)
[4676.706s][info][gc,heap        ] GC(1405) Survivor regions: 110->108(152)
[4676.706s][info][gc,heap        ] GC(1405) Old regions: 540->476
[4676.706s][info][gc,heap        ] GC(1405) Humongous regions: 80->80
[4676.706s][info][gc,metaspace   ] GC(1405) Metaspace: 28921K(29312K)->28921K(29312K) NonClass: 24053K(24256K)->24053K(24256K) Class: 4868K(5056K)->4868K(5056K)
[4676.706s][info][gc             ] GC(1405) Pause Young (Mixed) (G1 Evacuation Pause) 3668M->1326M(4096M) 133.128ms
[4676.706s][info][gc,cpu         ] GC(1405) User=0.79s Sys=0.00s Real=0.13s
..[4678.740s][info][gc,start       ] GC(1406) Pause Young (Concurrent Start) (G1 Evacuation Pause)
[4678.740s][info][gc,task        ] GC(1406) Using 6 workers of 6 for evacuation
[4678.861s][info][gc,phases      ] GC(1406)   Pre Evacuate Collection Set: 0.36ms
[4678.862s][info][gc,phases      ] GC(1406)   Merge Heap Roots: 0.46ms
[4678.862s][info][gc,phases      ] GC(1406)   Evacuate Collection Set: 119.89ms
[4678.862s][info][gc,phases      ] GC(1406)   Post Evacuate Collection Set: 0.92ms
[4678.862s][info][gc,phases      ] GC(1406)   Other: 0.12ms
[4678.862s][info][gc,heap        ] GC(1406) Eden regions: 1120->0(1116)
[4678.862s][info][gc,heap        ] GC(1406) Survivor regions: 108->112(154)
[4678.862s][info][gc,heap        ] GC(1406) Old regions: 476->508
[4678.862s][info][gc,heap        ] GC(1406) Humongous regions: 80->80
[4678.862s][info][gc,metaspace   ] GC(1406) Metaspace: 28921K(29312K)->28921K(29312K) NonClass: 24053K(24256K)->24053K(24256K) Class: 4868K(5056K)->4868K(5056K)
[4678.862s][info][gc             ] GC(1406) Pause Young (Concurrent Start) (G1 Evacuation Pause) 3566M->1398M(4096M) 121.905ms
[4678.862s][info][gc             ] GC(1407) Concurrent Mark Cycle
[4678.862s][info][gc,marking     ] GC(1407) Concurrent Scan Root Regions
[4678.862s][info][gc,cpu         ] GC(1406) User=0.73s Sys=0.00s Real=0.13s
.[4679.081s][info][gc,marking     ] GC(1407) Concurrent Scan Root Regions 219.812ms
[4679.081s][info][gc,marking     ] GC(1407) Concurrent Mark
[4679.081s][info][gc,marking     ] GC(1407) Concurrent Mark From Roots
[4679.081s][info][gc,task        ] GC(1407) Using 2 workers of 2 for marking
.[4680.182s][info][gc,marking     ] GC(1407) Concurrent Mark From Roots 1100.376ms
[4680.182s][info][gc,marking     ] GC(1407) Concurrent Preclean
[4680.182s][info][gc,marking     ] GC(1407) Concurrent Preclean 0.153ms
[4680.183s][info][gc,start       ] GC(1407) Pause Remark
[4680.187s][info][gc             ] GC(1407) Pause Remark 2694M->2694M(4096M) 3.798ms
[4680.187s][info][gc,cpu         ] GC(1407) User=0.02s Sys=0.00s Real=0.00s
[4680.188s][info][gc,marking     ] GC(1407) Concurrent Mark 1106.206ms
[4680.188s][info][gc,marking     ] GC(1407) Concurrent Rebuild Remembered Sets and Scrub Regions
[4680.511s][info][gc,marking     ] GC(1407) Concurrent Rebuild Remembered Sets and Scrub Regions 322.996ms
[4680.512s][info][gc,start       ] GC(1407) Pause Cleanup
[4680.512s][info][gc             ] GC(1407) Pause Cleanup 3014M->3014M(4096M) 0.131ms
[4680.513s][info][gc,cpu         ] GC(1407) User=0.00s Sys=0.00s Real=0.00s
[4680.513s][info][gc,marking     ] GC(1407) Concurrent Clear Claimed Marks
[4680.513s][info][gc,marking     ] GC(1407) Concurrent Clear Claimed Marks 0.022ms
[4680.513s][info][gc,marking     ] GC(1407) Concurrent Cleanup for Next Mark
[4680.520s][info][gc,marking     ] GC(1407) Concurrent Cleanup for Next Mark 7.108ms
[4680.520s][info][gc             ] GC(1407) Concurrent Mark Cycle 1658.144ms
.[4681.078s][info][gc,start       ] GC(1408) Pause Young (Prepare Mixed) (G1 Evacuation Pause)
[4681.078s][info][gc,task        ] GC(1408) Using 6 workers of 6 for evacuation
[4681.202s][info][gc,phases      ] GC(1408)   Pre Evacuate Collection Set: 0.34ms
[4681.202s][info][gc,phases      ] GC(1408)   Merge Heap Roots: 0.52ms
[4681.202s][info][gc,phases      ] GC(1408)   Evacuate Collection Set: 122.42ms
[4681.202s][info][gc,phases      ] GC(1408)   Post Evacuate Collection Set: 0.98ms
[4681.202s][info][gc,phases      ] GC(1408)   Other: 0.09ms
[4681.202s][info][gc,heap        ] GC(1408) Eden regions: 1116->0(1095)
[4681.202s][info][gc,heap        ] GC(1408) Survivor regions: 112->115(154)
[4681.202s][info][gc,heap        ] GC(1408) Old regions: 508->540
[4681.202s][info][gc,heap        ] GC(1408) Humongous regions: 80->80
[4681.202s][info][gc,metaspace   ] GC(1408) Metaspace: 28921K(29312K)->28921K(29312K) NonClass: 24053K(24256K)->24053K(24256K) Class: 4868K(5056K)->4868K(5056K)
[4681.202s][info][gc             ] GC(1408) Pause Young (Prepare Mixed) (G1 Evacuation Pause) 3630M->1468M(4096M) 124.471ms
[4681.202s][info][gc,cpu         ] GC(1408) User=0.74s Sys=0.00s Real=0.13s
..[4683.257s][info][gc,start       ] GC(1409) Pause Young (Mixed) (G1 Evacuation Pause)
[4683.258s][info][gc,task        ] GC(1409) Using 6 workers of 6 for evacuation
[4683.397s][info][gc,phases      ] GC(1409)   Pre Evacuate Collection Set: 0.40ms
[4683.397s][info][gc,phases      ] GC(1409)   Merge Heap Roots: 0.76ms
[4683.397s][info][gc,phases      ] GC(1409)   Evacuate Collection Set: 137.22ms
[4683.397s][info][gc,phases      ] GC(1409)   Post Evacuate Collection Set: 0.99ms
[4683.397s][info][gc,phases      ] GC(1409)   Other: 0.10ms
[4683.397s][info][gc,heap        ] GC(1409) Eden regions: 1095->0(1118)
[4683.397s][info][gc,heap        ] GC(1409) Survivor regions: 115->110(152)
[4683.397s][info][gc,heap        ] GC(1409) Old regions: 540->477
[4683.397s][info][gc,heap        ] GC(1409) Humongous regions: 80->80
[4683.397s][info][gc,metaspace   ] GC(1409) Metaspace: 28921K(29312K)->28921K(29312K) NonClass: 24053K(24256K)->24053K(24256K) Class: 4868K(5056K)->4868K(5056K)
[4683.397s][info][gc             ] GC(1409) Pause Young (Mixed) (G1 Evacuation Pause) 3658M->1333M(4096M) 139.609ms
[4683.397s][info][gc,cpu         ] GC(1409) User=0.83s Sys=0.00s Real=0.14s
..[4685.476s][info][gc,start       ] GC(1410) Pause Young (Concurrent Start) (G1 Evacuation Pause)
[4685.476s][info][gc,task        ] GC(1410) Using 6 workers of 6 for evacuation
[4685.591s][info][gc,phases      ] GC(1410)   Pre Evacuate Collection Set: 0.34ms
[4685.591s][info][gc,phases      ] GC(1410)   Merge Heap Roots: 0.44ms
[4685.591s][info][gc,phases      ] GC(1410)   Evacuate Collection Set: 113.00ms
[4685.591s][info][gc,phases      ] GC(1410)   Post Evacuate Collection Set: 0.87ms
[4685.591s][info][gc,phases      ] GC(1410)   Other: 0.11ms
[4685.591s][info][gc,heap        ] GC(1410) Eden regions: 1118->0(1121)
[4685.591s][info][gc,heap        ] GC(1410) Survivor regions: 110->107(154)
[4685.591s][info][gc,heap        ] GC(1410) Old regions: 477->509
[4685.591s][info][gc,heap        ] GC(1410) Humongous regions: 80->80
[4685.591s][info][gc,metaspace   ] GC(1410) Metaspace: 28921K(29312K)->28921K(29312K) NonClass: 24053K(24256K)->24053K(24256K) Class: 4868K(5056K)->4868K(5056K)
[4685.591s][info][gc             ] GC(1410) Pause Young (Concurrent Start) (G1 Evacuation Pause) 3569M->1390M(4096M) 114.894ms
[4685.591s][info][gc             ] GC(1411) Concurrent Mark Cycle
[4685.591s][info][gc,marking     ] GC(1411) Concurrent Scan Root Regions
[4685.591s][info][gc,cpu         ] GC(1410) User=0.69s Sys=0.00s Real=0.11s
[4685.783s][info][gc,marking     ] GC(1411) Concurrent Scan Root Regions 191.990ms
[4685.783s][info][gc,marking     ] GC(1411) Concurrent Mark
[4685.783s][info][gc,marking     ] GC(1411) Concurrent Mark From Roots
[4685.783s][info][gc,task        ] GC(1411) Using 2 workers of 2 for marking
.[4686.855s][info][gc,marking     ] GC(1411) Concurrent Mark From Roots 1072.135ms
[4686.855s][info][gc,marking     ] GC(1411) Concurrent Preclean
[4686.855s][info][gc,marking     ] GC(1411) Concurrent Preclean 0.153ms
[4686.858s][info][gc,start       ] GC(1411) Pause Remark
[4686.862s][info][gc             ] GC(1411) Pause Remark 2650M->2650M(4096M) 4.311ms
[4686.862s][info][gc,cpu         ] GC(1411) User=0.02s Sys=0.00s Real=0.01s
[4686.862s][info][gc,marking     ] GC(1411) Concurrent Mark 1079.673ms
[4686.862s][info][gc,marking     ] GC(1411) Concurrent Rebuild Remembered Sets and Scrub Regions
.[4687.246s][info][gc,marking     ] GC(1411) Concurrent Rebuild Remembered Sets and Scrub Regions 384.014ms
[4687.247s][info][gc,start       ] GC(1411) Pause Cleanup
[4687.247s][info][gc             ] GC(1411) Pause Cleanup 3081M->3081M(4096M) 0.125ms
[4687.247s][info][gc,cpu         ] GC(1411) User=0.00s Sys=0.00s Real=0.00s
[4687.247s][info][gc,marking     ] GC(1411) Concurrent Clear Claimed Marks
[4687.247s][info][gc,marking     ] GC(1411) Concurrent Clear Claimed Marks 0.026ms
[4687.247s][info][gc,marking     ] GC(1411) Concurrent Cleanup for Next Mark
[4687.253s][info][gc,marking     ] GC(1411) Concurrent Cleanup for Next Mark 5.969ms
[4687.253s][info][gc             ] GC(1411) Concurrent Mark Cycle 1662.209ms
[4687.771s][info][gc,start       ] GC(1412) Pause Young (Prepare Mixed) (G1 Evacuation Pause)
[4687.771s][info][gc,task        ] GC(1412) Using 6 workers of 6 for evacuation
[4687.889s][info][gc,phases      ] GC(1412)   Pre Evacuate Collection Set: 0.33ms
[4687.889s][info][gc,phases      ] GC(1412)   Merge Heap Roots: 0.52ms
[4687.889s][info][gc,phases      ] GC(1412)   Evacuate Collection Set: 116.45ms
[4687.889s][info][gc,phases      ] GC(1412)   Post Evacuate Collection Set: 0.96ms
[4687.889s][info][gc,phases      ] GC(1412)   Other: 0.09ms
[4687.889s][info][gc,heap        ] GC(1412) Eden regions: 1121->0(1105)
[4687.889s][info][gc,heap        ] GC(1412) Survivor regions: 107->110(154)
[4687.889s][info][gc,heap        ] GC(1412) Old regions: 509->540
[4687.889s][info][gc,heap        ] GC(1412) Humongous regions: 80->80
[4687.889s][info][gc,metaspace   ] GC(1412) Metaspace: 28921K(29312K)->28921K(29312K) NonClass: 24053K(24256K)->24053K(24256K) Class: 4868K(5056K)->4868K(5056K)
[4687.889s][info][gc             ] GC(1412) Pause Young (Prepare Mixed) (G1 Evacuation Pause) 3632M->1458M(4096M) 118.491ms
[4687.889s][info][gc,cpu         ] GC(1412) User=0.70s Sys=0.00s Real=0.12s
..[4689.985s][info][gc,start       ] GC(1413) Pause Young (Mixed) (G1 Evacuation Pause)
[4689.985s][info][gc,task        ] GC(1413) Using 6 workers of 6 for evacuation
[4690.126s][info][gc,phases      ] GC(1413)   Pre Evacuate Collection Set: 0.34ms
[4690.126s][info][gc,phases      ] GC(1413)   Merge Heap Roots: 0.68ms
[4690.126s][info][gc,phases      ] GC(1413)   Evacuate Collection Set: 139.09ms
[4690.126s][info][gc,phases      ] GC(1413)   Post Evacuate Collection Set: 0.93ms
[4690.126s][info][gc,phases      ] GC(1413)   Other: 0.08ms
[4690.126s][info][gc,heap        ] GC(1413) Eden regions: 1105->0(1111)
[4690.126s][info][gc,heap        ] GC(1413) Survivor regions: 110->117(152)
[4690.126s][info][gc,heap        ] GC(1413) Old regions: 540->475
[4690.126s][info][gc,heap        ] GC(1413) Humongous regions: 80->80
[4690.126s][info][gc,metaspace   ] GC(1413) Metaspace: 28921K(29312K)->28921K(29312K) NonClass: 24053K(24256K)->24053K(24256K) Class: 4868K(5056K)->4868K(5056K)
[4690.126s][info][gc             ] GC(1413) Pause Young (Mixed) (G1 Evacuation Pause) 3668M->1341M(4096M) 141.255ms
[4690.126s][info][gc,cpu         ] GC(1413) User=0.84s Sys=0.00s Real=0.14s
...[4692.271s][info][gc,start       ] GC(1414) Pause Young (Concurrent Start) (G1 Evacuation Pause)
[4692.271s][info][gc,task        ] GC(1414) Using 6 workers of 6 for evacuation
[4692.393s][info][gc,phases      ] GC(1414)   Pre Evacuate Collection Set: 0.39ms
[4692.393s][info][gc,phases      ] GC(1414)   Merge Heap Roots: 0.50ms
[4692.393s][info][gc,phases      ] GC(1414)   Evacuate Collection Set: 119.46ms
[4692.393s][info][gc,phases      ] GC(1414)   Post Evacuate Collection Set: 0.88ms
[4692.393s][info][gc,phases      ] GC(1414)   Other: 0.13ms
[4692.393s][info][gc,heap        ] GC(1414) Eden regions: 1111->0(1115)
[4692.393s][info][gc,heap        ] GC(1414) Survivor regions: 117->113(154)
[4692.393s][info][gc,heap        ] GC(1414) Old regions: 475->507
[4692.393s][info][gc,heap        ] GC(1414) Humongous regions: 80->80
[4692.393s][info][gc,metaspace   ] GC(1414) Metaspace: 28921K(29312K)->28921K(29312K) NonClass: 24053K(24256K)->24053K(24256K) Class: 4868K(5056K)->4868K(5056K)
[4692.393s][info][gc             ] GC(1414) Pause Young (Concurrent Start) (G1 Evacuation Pause) 3563M->1399M(4096M) 121.503ms
[4692.393s][info][gc             ] GC(1415) Concurrent Mark Cycle
[4692.393s][info][gc,marking     ] GC(1415) Concurrent Scan Root Regions
[4692.393s][info][gc,cpu         ] GC(1414) User=0.72s Sys=0.00s Real=0.12s
[4692.590s][info][gc,marking     ] GC(1415) Concurrent Scan Root Regions 197.430ms
[4692.590s][info][gc,marking     ] GC(1415) Concurrent Mark
[4692.590s][info][gc,marking     ] GC(1415) Concurrent Mark From Roots
[4692.590s][info][gc,task        ] GC(1415) Using 2 workers of 2 for marking
.[4693.597s][info][gc,marking     ] GC(1415) Concurrent Mark From Roots 1006.421ms
[4693.597s][info][gc,marking     ] GC(1415) Concurrent Preclean
[4693.597s][info][gc,marking     ] GC(1415) Concurrent Preclean 0.141ms
[4693.601s][info][gc,start       ] GC(1415) Pause Remark
[4693.604s][info][gc             ] GC(1415) Pause Remark 2579M->2579M(4096M) 3.039ms
[4693.604s][info][gc,cpu         ] GC(1415) User=0.02s Sys=0.00s Real=0.00s
[4693.606s][info][gc,marking     ] GC(1415) Concurrent Mark 1015.836ms
[4693.606s][info][gc,marking     ] GC(1415) Concurrent Rebuild Remembered Sets and Scrub Regions
[4694.026s][info][gc,marking     ] GC(1415) Concurrent Rebuild Remembered Sets and Scrub Regions 420.062ms
[4694.028s][info][gc,start       ] GC(1415) Pause Cleanup
[4694.028s][info][gc             ] GC(1415) Pause Cleanup 2989M->2989M(4096M) 0.132ms
[4694.028s][info][gc,cpu         ] GC(1415) User=0.00s Sys=0.00s Real=0.00s
[4694.028s][info][gc,marking     ] GC(1415) Concurrent Clear Claimed Marks
[4694.028s][info][gc,marking     ] GC(1415) Concurrent Clear Claimed Marks 0.033ms
[4694.028s][info][gc,marking     ] GC(1415) Concurrent Cleanup for Next Mark
[4694.040s][info][gc,marking     ] GC(1415) Concurrent Cleanup for Next Mark 11.846ms
[4694.040s][info][gc             ] GC(1415) Concurrent Mark Cycle 1646.938ms
.[4694.546s][info][gc,start       ] GC(1416) Pause Young (Prepare Mixed) (G1 Evacuation Pause)
[4694.546s][info][gc,task        ] GC(1416) Using 6 workers of 6 for evacuation
[4694.666s][info][gc,phases      ] GC(1416)   Pre Evacuate Collection Set: 0.33ms
[4694.666s][info][gc,phases      ] GC(1416)   Merge Heap Roots: 0.62ms
[4694.666s][info][gc,phases      ] GC(1416)   Evacuate Collection Set: 117.34ms
[4694.666s][info][gc,phases      ] GC(1416)   Post Evacuate Collection Set: 0.90ms
[4694.666s][info][gc,phases      ] GC(1416)   Other: 0.09ms
[4694.666s][info][gc,heap        ] GC(1416) Eden regions: 1115->0(1104)
[4694.666s][info][gc,heap        ] GC(1416) Survivor regions: 113->111(154)
[4694.666s][info][gc,heap        ] GC(1416) Old regions: 507->539
[4694.666s][info][gc,heap        ] GC(1416) Humongous regions: 80->80
[4694.666s][info][gc,metaspace   ] GC(1416) Metaspace: 28921K(29312K)->28921K(29312K) NonClass: 24053K(24256K)->24053K(24256K) Class: 4868K(5056K)->4868K(5056K)
[4694.666s][info][gc             ] GC(1416) Pause Young (Prepare Mixed) (G1 Evacuation Pause) 3629M->1458M(4096M) 119.410ms
[4694.666s][info][gc,cpu         ] GC(1416) User=0.71s Sys=0.00s Real=0.12s
..[4696.749s][info][gc,start       ] GC(1417) Pause Young (Mixed) (G1 Evacuation Pause)
[4696.749s][info][gc,task        ] GC(1417) Using 6 workers of 6 for evacuation
[4696.881s][info][gc,phases      ] GC(1417)   Pre Evacuate Collection Set: 0.34ms
[4696.881s][info][gc,phases      ] GC(1417)   Merge Heap Roots: 0.66ms
[4696.881s][info][gc,phases      ] GC(1417)   Evacuate Collection Set: 129.68ms
[4696.881s][info][gc,phases      ] GC(1417)   Post Evacuate Collection Set: 0.92ms
[4696.881s][info][gc,phases      ] GC(1417)   Other: 0.09ms
[4696.881s][info][gc,heap        ] GC(1417) Eden regions: 1104->0(1120)
[4696.881s][info][gc,heap        ] GC(1417) Survivor regions: 111->108(152)
[4696.881s][info][gc,heap        ] GC(1417) Old regions: 539->475
[4696.881s][info][gc,heap        ] GC(1417) Humongous regions: 80->80
[4696.881s][info][gc,metaspace   ] GC(1417) Metaspace: 28921K(29312K)->28921K(29312K) NonClass: 24053K(24256K)->24053K(24256K) Class: 4868K(5056K)->4868K(5056K)
[4696.881s][info][gc             ] GC(1417) Pause Young (Mixed) (G1 Evacuation Pause) 3666M->1323M(4096M) 131.856ms
[4696.881s][info][gc,cpu         ] GC(1417) User=0.78s Sys=0.00s Real=0.14s
..[4698.956s][info][gc,start       ] GC(1418) Pause Young (Concurrent Start) (G1 Evacuation Pause)
[4698.956s][info][gc,task        ] GC(1418) Using 6 workers of 6 for evacuation
[4699.075s][info][gc,phases      ] GC(1418)   Pre Evacuate Collection Set: 0.34ms
[4699.075s][info][gc,phases      ] GC(1418)   Merge Heap Roots: 0.45ms
[4699.075s][info][gc,phases      ] GC(1418)   Evacuate Collection Set: 116.86ms
[4699.075s][info][gc,phases      ] GC(1418)   Post Evacuate Collection Set: 0.88ms
[4699.075s][info][gc,phases      ] GC(1418)   Other: 0.11ms
[4699.075s][info][gc,heap        ] GC(1418) Eden regions: 1120->0(1120)
[4699.075s][info][gc,heap        ] GC(1418) Survivor regions: 108->108(154)
[4699.075s][info][gc,heap        ] GC(1418) Old regions: 475->507
[4699.075s][info][gc,heap        ] GC(1418) Humongous regions: 80->80
[4699.075s][info][gc,metaspace   ] GC(1418) Metaspace: 28921K(29312K)->28921K(29312K) NonClass: 24053K(24256K)->24053K(24256K) Class: 4868K(5056K)->4868K(5056K)
[4699.075s][info][gc             ] GC(1418) Pause Young (Concurrent Start) (G1 Evacuation Pause) 3563M->1388M(4096M) 118.764ms
[4699.075s][info][gc             ] GC(1419) Concurrent Mark Cycle
[4699.075s][info][gc,marking     ] GC(1419) Concurrent Scan Root Regions
[4699.075s][info][gc,cpu         ] GC(1418) User=0.70s Sys=0.00s Real=0.12s
[4699.264s][info][gc,marking     ] GC(1419) Concurrent Scan Root Regions 189.294ms
[4699.264s][info][gc,marking     ] GC(1419) Concurrent Mark
[4699.264s][info][gc,marking     ] GC(1419) Concurrent Mark From Roots
[4699.264s][info][gc,task        ] GC(1419) Using 2 workers of 2 for marking
.[4700.277s][info][gc,marking     ] GC(1419) Concurrent Mark From Roots 1012.554ms
[4700.277s][info][gc,marking     ] GC(1419) Concurrent Preclean
[4700.277s][info][gc,marking     ] GC(1419) Concurrent Preclean 0.121ms
[4700.277s][info][gc,start       ] GC(1419) Pause Remark
[4700.282s][info][gc             ] GC(1419) Pause Remark 2540M->2540M(4096M) 4.442ms
[4700.282s][info][gc,cpu         ] GC(1419) User=0.02s Sys=0.00s Real=0.01s
[4700.282s][info][gc,marking     ] GC(1419) Concurrent Mark 1018.038ms
[4700.282s][info][gc,marking     ] GC(1419) Concurrent Rebuild Remembered Sets and Scrub Regions
.[4700.701s][info][gc,marking     ] GC(1419) Concurrent Rebuild Remembered Sets and Scrub Regions 419.307ms
[4700.703s][info][gc,start       ] GC(1419) Pause Cleanup
[4700.703s][info][gc             ] GC(1419) Pause Cleanup 2980M->2980M(4096M) 0.126ms
[4700.703s][info][gc,cpu         ] GC(1419) User=0.00s Sys=0.00s Real=0.00s
[4700.703s][info][gc,marking     ] GC(1419) Concurrent Clear Claimed Marks
[4700.704s][info][gc,marking     ] GC(1419) Concurrent Clear Claimed Marks 0.041ms
[4700.704s][info][gc,marking     ] GC(1419) Concurrent Cleanup for Next Mark
[4700.711s][info][gc,marking     ] GC(1419) Concurrent Cleanup for Next Mark 7.890ms
[4700.711s][info][gc             ] GC(1419) Concurrent Mark Cycle 1636.800ms
[4701.298s][info][gc,start       ] GC(1420) Pause Young (Prepare Mixed) (G1 Evacuation Pause)
[4701.298s][info][gc,task        ] GC(1420) Using 6 workers of 6 for evacuation
[4701.418s][info][gc,phases      ] GC(1420)   Pre Evacuate Collection Set: 0.31ms
[4701.418s][info][gc,phases      ] GC(1420)   Merge Heap Roots: 0.61ms
[4701.418s][info][gc,phases      ] GC(1420)   Evacuate Collection Set: 118.29ms
[4701.418s][info][gc,phases      ] GC(1420)   Post Evacuate Collection Set: 0.90ms
[4701.418s][info][gc,phases      ] GC(1420)   Other: 0.09ms
[4701.418s][info][gc,heap        ] GC(1420) Eden regions: 1120->0(1103)
[4701.418s][info][gc,heap        ] GC(1420) Survivor regions: 108->112(154)
[4701.418s][info][gc,heap        ] GC(1420) Old regions: 507->538
[4701.418s][info][gc,heap        ] GC(1420) Humongous regions: 80->80
[4701.418s][info][gc,metaspace   ] GC(1420) Metaspace: 28921K(29312K)->28921K(29312K) NonClass: 24053K(24256K)->24053K(24256K) Class: 4868K(5056K)->4868K(5056K)
[4701.418s][info][gc             ] GC(1420) Pause Young (Prepare Mixed) (G1 Evacuation Pause) 3628M->1457M(4096M) 120.346ms
[4701.418s][info][gc,cpu         ] GC(1420) User=0.71s Sys=0.00s Real=0.12s
...[4703.527s][info][gc,start       ] GC(1421) Pause Young (Mixed) (G1 Evacuation Pause)
[4703.527s][info][gc,task        ] GC(1421) Using 6 workers of 6 for evacuation
[4703.661s][info][gc,phases      ] GC(1421)   Pre Evacuate Collection Set: 0.35ms
[4703.661s][info][gc,phases      ] GC(1421)   Merge Heap Roots: 0.85ms
[4703.661s][info][gc,phases      ] GC(1421)   Evacuate Collection Set: 131.78ms
[4703.661s][info][gc,phases      ] GC(1421)   Post Evacuate Collection Set: 0.93ms
[4703.661s][info][gc,phases      ] GC(1421)   Other: 0.09ms
[4703.661s][info][gc,heap        ] GC(1421) Eden regions: 1103->0(1121)
[4703.661s][info][gc,heap        ] GC(1421) Survivor regions: 112->107(152)
[4703.661s][info][gc,heap        ] GC(1421) Old regions: 538->476
[4703.661s][info][gc,heap        ] GC(1421) Humongous regions: 80->80
[4703.661s][info][gc,metaspace   ] GC(1421) Metaspace: 28921K(29312K)->28921K(29312K) NonClass: 24053K(24256K)->24053K(24256K) Class: 4868K(5056K)->4868K(5056K)
[4703.661s][info][gc             ] GC(1421) Pause Young (Mixed) (G1 Evacuation Pause) 3663M->1324M(4096M) 134.119ms
[4703.661s][info][gc,cpu         ] GC(1421) User=0.80s Sys=0.00s Real=0.14s
..[4705.785s][info][gc,start       ] GC(1422) Pause Young (Concurrent Start) (G1 Evacuation Pause)
[4705.785s][info][gc,task        ] GC(1422) Using 6 workers of 6 for evacuation
[4705.902s][info][gc,phases      ] GC(1422)   Pre Evacuate Collection Set: 0.33ms
[4705.902s][info][gc,phases      ] GC(1422)   Merge Heap Roots: 0.46ms
[4705.902s][info][gc,phases      ] GC(1422)   Evacuate Collection Set: 115.91ms
[4705.902s][info][gc,phases      ] GC(1422)   Post Evacuate Collection Set: 0.89ms
[4705.902s][info][gc,phases      ] GC(1422)   Other: 0.11ms
[4705.902s][info][gc,heap        ] GC(1422) Eden regions: 1121->0(1120)
[4705.902s][info][gc,heap        ] GC(1422) Survivor regions: 107->108(154)
[4705.902s][info][gc,heap        ] GC(1422) Old regions: 476->507
[4705.902s][info][gc,heap        ] GC(1422) Humongous regions: 80->80
[4705.902s][info][gc,metaspace   ] GC(1422) Metaspace: 28921K(29312K)->28921K(29312K) NonClass: 24053K(24256K)->24053K(24256K) Class: 4868K(5056K)->4868K(5056K)
[4705.902s][info][gc             ] GC(1422) Pause Young (Concurrent Start) (G1 Evacuation Pause) 3566M->1389M(4096M) 117.819ms
[4705.902s][info][gc             ] GC(1423) Concurrent Mark Cycle
[4705.902s][info][gc,marking     ] GC(1423) Concurrent Scan Root Regions
[4705.902s][info][gc,cpu         ] GC(1422) User=0.70s Sys=0.00s Real=0.12s
[4706.113s][info][gc,marking     ] GC(1423) Concurrent Scan Root Regions 210.889ms
[4706.113s][info][gc,marking     ] GC(1423) Concurrent Mark
[4706.113s][info][gc,marking     ] GC(1423) Concurrent Mark From Roots
[4706.113s][info][gc,task        ] GC(1423) Using 2 workers of 2 for marking
.[4707.210s][info][gc,marking     ] GC(1423) Concurrent Mark From Roots 1097.138ms
[4707.211s][info][gc,marking     ] GC(1423) Concurrent Preclean
[4707.211s][info][gc,marking     ] GC(1423) Concurrent Preclean 0.118ms
[4707.213s][info][gc,start       ] GC(1423) Pause Remark
[4707.217s][info][gc             ] GC(1423) Pause Remark 2729M->2729M(4096M) 3.124ms
[4707.217s][info][gc,cpu         ] GC(1423) User=0.02s Sys=0.00s Real=0.00s
[4707.217s][info][gc,marking     ] GC(1423) Concurrent Mark 1103.380ms
[4707.217s][info][gc,marking     ] GC(1423) Concurrent Rebuild Remembered Sets and Scrub Regions
[4707.504s][info][gc,marking     ] GC(1423) Concurrent Rebuild Remembered Sets and Scrub Regions 287.135ms
[4707.505s][info][gc,start       ] GC(1423) Pause Cleanup
[4707.505s][info][gc             ] GC(1423) Pause Cleanup 3041M->3041M(4096M) 0.115ms
[4707.505s][info][gc,cpu         ] GC(1423) User=0.00s Sys=0.00s Real=0.00s
[4707.505s][info][gc,marking     ] GC(1423) Concurrent Clear Claimed Marks
[4707.505s][info][gc,marking     ] GC(1423) Concurrent Clear Claimed Marks 0.026ms
[4707.505s][info][gc,marking     ] GC(1423) Concurrent Cleanup for Next Mark
[4707.513s][info][gc,marking     ] GC(1423) Concurrent Cleanup for Next Mark 7.743ms
[4707.513s][info][gc             ] GC(1423) Concurrent Mark Cycle 1610.774ms
.[4708.017s][info][gc,start       ] GC(1424) Pause Young (Prepare Mixed) (G1 Evacuation Pause)
[4708.017s][info][gc,task        ] GC(1424) Using 6 workers of 6 for evacuation
[4708.136s][info][gc,phases      ] GC(1424)   Pre Evacuate Collection Set: 0.36ms
[4708.136s][info][gc,phases      ] GC(1424)   Merge Heap Roots: 0.52ms
[4708.136s][info][gc,phases      ] GC(1424)   Evacuate Collection Set: 116.88ms
[4708.136s][info][gc,phases      ] GC(1424)   Post Evacuate Collection Set: 0.92ms
[4708.136s][info][gc,phases      ] GC(1424)   Other: 0.09ms
[4708.136s][info][gc,heap        ] GC(1424) Eden regions: 1120->0(1103)
[4708.136s][info][gc,heap        ] GC(1424) Survivor regions: 108->112(154)
[4708.136s][info][gc,heap        ] GC(1424) Old regions: 507->538
[4708.136s][info][gc,heap        ] GC(1424) Humongous regions: 80->80
[4708.136s][info][gc,metaspace   ] GC(1424) Metaspace: 28921K(29312K)->28921K(29312K) NonClass: 24053K(24256K)->24053K(24256K) Class: 4868K(5056K)->4868K(5056K)
[4708.136s][info][gc             ] GC(1424) Pause Young (Prepare Mixed) (G1 Evacuation Pause) 3629M->1458M(4096M) 118.899ms
[4708.136s][info][gc,cpu         ] GC(1424) User=0.70s Sys=0.00s Real=0.12s
.. (rIR:aIR:PR = 8302:8340:8339) (tPR = 123945) [OK] 
  4709s: Performance info:
         Transaction,    Success,    Partial,     Failed,   Receipts, AvgBarcode, 
             Overall,     501586,          0,          0,     476539,      59.48, 
         Response times:
             Request,    Success,    Partial,     Failed,   SkipFail,     Probes,    Samples,      min,      p50,      p90,      p95,      p99,      max, 
       TotalPurchase,     476587,          0,          0,          0,     345837,     468718,      300,     8400,   128000,   175000,   253000,   595000,
     InStorePurchase,     251756,          0,          0,          0,     181734,     246302,      300,     8400,   126000,   173000,   252000,   592000,
      OnlinePurchase,     174925,          0,          0,          0,     126754,     172309,      300,     8500,   132000,   176000,   252000,   472000,
        InstPurchase,      49906,          0,          0,          0,      37349,      50107,      400,     8500,   128000,   175000,   261000,   595000,
          AssocOfCat,        499,          0,          0,          0,        398,        596,    26000,    52000,   165300,   231000,   312240,   357000,
      AssocOfProduct,       5009,          0,          0,          0,       3435,       4772,      500,     9100,   125700,   175000,   262270,   365000,
      BusinessReport,       1245,          0,          0,          0,       1096,       1615,    28000,    58000,   185000,   229000,   307840,   511000,
          CustBuyBeh,       4942,          0,          0,          0,       3421,       4836,      300,     9300,   132000,   190000,   258000,   394000,
       ProductReturn,      13351,          0,          0,          0,       8973,      12276,      200,     8300,   127000,   176000,   266230,   370000,

  4709s: (61%)   IR =   8441 [4710.265s][info][gc,start       ] GC(1425) Pause Young (Mixed) (G1 Evacuation Pause)
[4710.265s][info][gc,task        ] GC(1425) Using 6 workers of 6 for evacuation
[4710.403s][info][gc,phases      ] GC(1425)   Pre Evacuate Collection Set: 0.42ms
[4710.403s][info][gc,phases      ] GC(1425)   Merge Heap Roots: 0.77ms
[4710.403s][info][gc,phases      ] GC(1425)   Evacuate Collection Set: 135.90ms
[4710.403s][info][gc,phases      ] GC(1425)   Post Evacuate Collection Set: 1.02ms
[4710.403s][info][gc,phases      ] GC(1425)   Other: 0.09ms
[4710.403s][info][gc,heap        ] GC(1425) Eden regions: 1103->0(1115)
[4710.403s][info][gc,heap        ] GC(1425) Survivor regions: 112->113(152)
[4710.403s][info][gc,heap        ] GC(1425) Old regions: 538->474
[4710.403s][info][gc,heap        ] GC(1425) Humongous regions: 80->80
[4710.404s][info][gc,metaspace   ] GC(1425) Metaspace: 28922K(29312K)->28922K(29312K) NonClass: 24054K(24256K)->24054K(24256K) Class: 4868K(5056K)->4868K(5056K)
[4710.404s][info][gc             ] GC(1425) Pause Young (Mixed) (G1 Evacuation Pause) 3664M->1331M(4096M) 138.345ms
[4710.404s][info][gc,cpu         ] GC(1425) User=0.82s Sys=0.01s Real=0.14s
..[4712.418s][info][gc,start       ] GC(1426) Pause Young (Concurrent Start) (G1 Evacuation Pause)
[4712.418s][info][gc,task        ] GC(1426) Using 6 workers of 6 for evacuation
[4712.533s][info][gc,phases      ] GC(1426)   Pre Evacuate Collection Set: 0.38ms
[4712.533s][info][gc,phases      ] GC(1426)   Merge Heap Roots: 0.47ms
[4712.533s][info][gc,phases      ] GC(1426)   Evacuate Collection Set: 113.63ms
[4712.533s][info][gc,phases      ] GC(1426)   Post Evacuate Collection Set: 0.86ms
[4712.533s][info][gc,phases      ] GC(1426)   Other: 0.12ms
[4712.533s][info][gc,heap        ] GC(1426) Eden regions: 1115->0(1120)
[4712.533s][info][gc,heap        ] GC(1426) Survivor regions: 113->108(154)
[4712.533s][info][gc,heap        ] GC(1426) Old regions: 474->506
[4712.533s][info][gc,heap        ] GC(1426) Humongous regions: 80->80
[4712.533s][info][gc,metaspace   ] GC(1426) Metaspace: 28922K(29312K)->28922K(29312K) NonClass: 24054K(24256K)->24054K(24256K) Class: 4868K(5056K)->4868K(5056K)
[4712.533s][info][gc             ] GC(1426) Pause Young (Concurrent Start) (G1 Evacuation Pause) 3561M->1386M(4096M) 115.608ms
[4712.533s][info][gc             ] GC(1427) Concurrent Mark Cycle
[4712.533s][info][gc,marking     ] GC(1427) Concurrent Scan Root Regions
[4712.533s][info][gc,cpu         ] GC(1426) User=0.69s Sys=0.00s Real=0.12s
.[4712.699s][info][gc,marking     ] GC(1427) Concurrent Scan Root Regions 165.407ms
[4712.699s][info][gc,marking     ] GC(1427) Concurrent Mark
[4712.699s][info][gc,marking     ] GC(1427) Concurrent Mark From Roots
[4712.699s][info][gc,task        ] GC(1427) Using 2 workers of 2 for marking
[4713.411s][info][gc,marking     ] GC(1427) Concurrent Mark From Roots 712.165ms
[4713.411s][info][gc,marking     ] GC(1427) Concurrent Preclean
[4713.411s][info][gc,marking     ] GC(1427) Concurrent Preclean 0.134ms
[4713.412s][info][gc,start       ] GC(1427) Pause Remark
[4713.417s][info][gc             ] GC(1427) Pause Remark 2232M->2232M(4096M) 4.626ms
[4713.417s][info][gc,cpu         ] GC(1427) User=0.03s Sys=0.00s Real=0.00s
[4713.417s][info][gc,marking     ] GC(1427) Concurrent Mark 718.114ms
[4713.417s][info][gc,marking     ] GC(1427) Concurrent Rebuild Remembered Sets and Scrub Regions
.[4713.940s][info][gc,marking     ] GC(1427) Concurrent Rebuild Remembered Sets and Scrub Regions 523.404ms
[4713.942s][info][gc,start       ] GC(1427) Pause Cleanup
[4713.942s][info][gc             ] GC(1427) Pause Cleanup 2816M->2816M(4096M) 0.125ms
[4713.942s][info][gc,cpu         ] GC(1427) User=0.00s Sys=0.00s Real=0.00s
[4713.942s][info][gc,marking     ] GC(1427) Concurrent Clear Claimed Marks
[4713.942s][info][gc,marking     ] GC(1427) Concurrent Clear Claimed Marks 0.026ms
[4713.942s][info][gc,marking     ] GC(1427) Concurrent Cleanup for Next Mark
[4713.948s][info][gc,marking     ] GC(1427) Concurrent Cleanup for Next Mark 5.826ms
[4713.948s][info][gc             ] GC(1427) Concurrent Mark Cycle 1414.840ms
[4714.631s][info][gc,start       ] GC(1428) Pause Young (Prepare Mixed) (G1 Evacuation Pause)
[4714.632s][info][gc,task        ] GC(1428) Using 6 workers of 6 for evacuation
[4714.751s][info][gc,phases      ] GC(1428)   Pre Evacuate Collection Set: 0.34ms
[4714.751s][info][gc,phases      ] GC(1428)   Merge Heap Roots: 0.66ms
[4714.751s][info][gc,phases      ] GC(1428)   Evacuate Collection Set: 117.82ms
[4714.751s][info][gc,phases      ] GC(1428)   Post Evacuate Collection Set: 0.92ms
[4714.751s][info][gc,phases      ] GC(1428)   Other: 0.10ms
[4714.751s][info][gc,heap        ] GC(1428) Eden regions: 1120->0(1105)
[4714.751s][info][gc,heap        ] GC(1428) Survivor regions: 108->110(154)
[4714.751s][info][gc,heap        ] GC(1428) Old regions: 506->540
[4714.751s][info][gc,heap        ] GC(1428) Humongous regions: 80->80
[4714.751s][info][gc,metaspace   ] GC(1428) Metaspace: 28922K(29312K)->28922K(29312K) NonClass: 24054K(24256K)->24054K(24256K) Class: 4868K(5056K)->4868K(5056K)
[4714.751s][info][gc             ] GC(1428) Pause Young (Prepare Mixed) (G1 Evacuation Pause) 3626M->1457M(4096M) 119.972ms
[4714.751s][info][gc,cpu         ] GC(1428) User=0.72s Sys=0.00s Real=0.12s
...[4716.944s][info][gc,start       ] GC(1429) Pause Young (Mixed) (G1 Evacuation Pause)
