[0.002s][info][gc,init] CardTable entry size: 512
[0.002s][info][gc     ] Using G1
[0.009s][info][gc,init] Version: 24-internal-adhoc.thomas.source (release)
[0.009s][info][gc,init] CPUs: 8 total, 6 available
[0.009s][info][gc,init] Memory: 15662M
[0.009s][info][gc,init] Large Page Support: Disabled
[0.009s][info][gc,init] NUMA Support: Disabled
[0.009s][info][gc,init] Compressed Oops: Enabled (Zero based)
[0.009s][info][gc,init] Heap Region Size: 2M
[0.009s][info][gc,init] Heap Min Capacity: 4G
[0.009s][info][gc,init] Heap Initial Capacity: 4G
[0.009s][info][gc,init] Heap Max Capacity: 4G
[0.009s][info][gc,init] Pre-touch: Disabled
[0.009s][info][gc,init] Parallel Workers: 6
[0.009s][info][gc,init] Concurrent Workers: 2
[0.009s][info][gc,init] Concurrent Refinement Workers: 6
[0.009s][info][gc,init] Periodic GC: Disabled
[0.009s][info][gc,metaspace] CDS archive(s) not mapped
[0.009s][info][gc,metaspace] Compressed class space mapped at: 0x00000000b5000000-0x00000000f5000000, reserved size: 1073741824
[0.009s][info][gc,metaspace] UseCompressedClassPointers 1, UseCompactObjectHeaders 1, narrow klass pointer bits 22, max shift 10
[0.009s][info][gc,metaspace] Narrow klass base: 0x00000000b5000000, Narrow klass shift: 9, Narrow klass range: 0x40000000

SPECjbb2015 Java Business Benchmark
 (c) Standard Performance Evaluation Corporation, 2015

Preparing to launch All-in-one SPECjbb2015.

Reading property file: /shared/projects/openjdk/analysis/lilliput-benefits/specjbb/results-COH-ON-Parallel-3/./config/specjbb2015.props

     0s: Enumerating plugins...
     0s:    Connectivity:
     0s:             HTTP_Grizzly: Grizzly HTTP server, JDK HTTP client
     0s:              NIO_Grizzly: Grizzly NIO server, Grizzly NIO client
     0s:               HTTP_Jetty: Jetty HTTP server, JDK HTTP client
     0s:    Snapshot:
     0s:                 InMemory: Stores snapshots in heap memory
     0s:    Data Writers:
     0s:                     Demo: Send all frame to listener
     0s:                   InFile: Writing Data into file
     0s:                   Silent: Drop all frames
     0s: 
     0s: Kit validation is skipped.
     0s: Tests are skipped.
     0s: 
     0s: [0.843s][info][gc,start    ] GC(0) Pause Young (Normal) (G1 Evacuation Pause)
[0.844s][info][gc,task     ] GC(0) Using 6 workers of 6 for evacuation
[0.849s][info][gc,phases   ] GC(0)   Pre Evacuate Collection Set: 0.29ms
[0.849s][info][gc,phases   ] GC(0)   Merge Heap Roots: 0.08ms
[0.849s][info][gc,phases   ] GC(0)   Evacuate Collection Set: 4.04ms
[0.849s][info][gc,phases   ] GC(0)   Post Evacuate Collection Set: 0.44ms
[0.849s][info][gc,phases   ] GC(0)   Other: 0.34ms
[0.849s][info][gc,heap     ] GC(0) Eden regions: 102->0(99)
[0.849s][info][gc,heap     ] GC(0) Survivor regions: 0->3(13)
[0.849s][info][gc,heap     ] GC(0) Old regions: 0->0
[0.849s][info][gc,heap     ] GC(0) Humongous regions: 0->0
[0.849s][info][gc,metaspace] GC(0) Metaspace: 21083K(21312K)->21083K(21312K) NonClass: 17083K(17216K)->17083K(17216K) Class: 3999K(4096K)->3999K(4096K)
[0.849s][info][gc          ] GC(0) Pause Young (Normal) (G1 Evacuation Pause) 204M->4M(4096M) 5.380ms
[0.849s][info][gc,cpu      ] GC(0) User=0.01s Sys=0.01s Real=0.01s
[1.015s][info][gc,start    ] GC(1) Pause Young (Concurrent Start) (Metadata GC Threshold)
[1.015s][info][gc,task     ] GC(1) Using 6 workers of 6 for evacuation
[1.017s][info][gc,phases   ] GC(1)   Pre Evacuate Collection Set: 0.32ms
[1.018s][info][gc,phases   ] GC(1)   Merge Heap Roots: 0.03ms
[1.018s][info][gc,phases   ] GC(1)   Evacuate Collection Set: 2.24ms
[1.018s][info][gc,phases   ] GC(1)   Post Evacuate Collection Set: 0.30ms
[1.018s][info][gc,phases   ] GC(1)   Other: 0.05ms
[1.018s][info][gc,heap     ] GC(1) Eden regions: 47->0(99)
[1.018s][info][gc,heap     ] GC(1) Survivor regions: 3->3(13)
[1.018s][info][gc,heap     ] GC(1) Old regions: 0->0
[1.018s][info][gc,heap     ] GC(1) Humongous regions: 0->0
[1.018s][info][gc,metaspace] GC(1) Metaspace: 21413K(21504K)->21413K(21504K) NonClass: 17382K(17408K)->17382K(17408K) Class: 4031K(4096K)->4031K(4096K)
[1.018s][info][gc          ] GC(1) Pause Young (Concurrent Start) (Metadata GC Threshold) 98M->5M(4096M) 3.051ms
[1.018s][info][gc,cpu      ] GC(1) User=0.02s Sys=0.00s Real=0.00s
[1.018s][info][gc          ] GC(2) Concurrent Mark Cycle
[1.018s][info][gc,marking  ] GC(2) Concurrent Scan Root Regions
[1.019s][info][gc,marking  ] GC(2) Concurrent Scan Root Regions 1.404ms
[1.019s][info][gc,marking  ] GC(2) Concurrent Mark
[1.019s][info][gc,marking  ] GC(2) Concurrent Mark From Roots
[1.019s][info][gc,task     ] GC(2) Using 2 workers of 2 for marking
[1.020s][info][gc,marking  ] GC(2) Concurrent Mark From Roots 0.687ms
[1.020s][info][gc,marking  ] GC(2) Concurrent Preclean
[1.020s][info][gc,marking  ] GC(2) Concurrent Preclean 0.006ms
[1.020s][info][gc,start    ] GC(2) Pause Remark
[1.021s][info][gc          ] GC(2) Pause Remark 6M->6M(4096M) 0.832ms
[1.021s][info][gc,cpu      ] GC(2) User=0.01s Sys=0.00s Real=0.00s
[1.021s][info][gc,marking  ] GC(2) Concurrent Mark 1.613ms
[1.021s][info][gc,marking  ] GC(2) Concurrent Rebuild Remembered Sets and Scrub Regions
[1.021s][info][gc,marking  ] GC(2) Concurrent Rebuild Remembered Sets and Scrub Regions 0.057ms
[1.021s][info][gc,start    ] GC(2) Pause Cleanup
[1.021s][info][gc          ] GC(2) Pause Cleanup 6M->6M(4096M) 0.010ms
[1.021s][info][gc,cpu      ] GC(2) User=0.00s Sys=0.00s Real=0.00s
[1.021s][info][gc,marking  ] GC(2) Concurrent Clear Claimed Marks
[1.021s][info][gc,marking  ] GC(2) Concurrent Clear Claimed Marks 0.007ms
[1.021s][info][gc,marking  ] GC(2) Concurrent Cleanup for Next Mark
[1.027s][info][gc,marking  ] GC(2) Concurrent Cleanup for Next Mark 6.359ms
[1.027s][info][gc          ] GC(2) Concurrent Mark Cycle 9.602ms
Ladies and gentlemen, this is your Controller speaking.
     0s: We are delighted in having you for benchmark run today.
     0s: 
     0s: Binary log file is ./specjbb2015-C-20240908-00001.data.gz
     0s: 
     0s: Performing handshake with all agents ...
     0s: 
     0s:  Agent Group1.TxInjector.CompositeTxInjector has attached to Controller
     0s:  Agent Group1.Backend.CompositeBackend has attached to Controller
     0s: 
     0s: All agents have connected.
     0s: 
     0s: Attached agents info:

Group "Group1"
    TxInjectors:
        CompositeTxInjector, includes { Driver } @ [local in-Java link]
    Backends:
        CompositeBackend, includes { SM(2),SP(2) } @ [local in-Java link]

     0s: Initializing... (init[1.215s][info][gc,start    ] GC(3) Pause Young (Normal) (G1 Evacuation Pause)
[1.215s][info][gc,task     ] GC(3) Using 6 workers of 6 for evacuation
[1.276s][info][gc,phases   ] GC(3)   Pre Evacuate Collection Set: 0.25ms
[1.277s][info][gc,phases   ] GC(3)   Merge Heap Roots: 0.07ms
[1.277s][info][gc,phases   ] GC(3)   Evacuate Collection Set: 60.77ms
[1.277s][info][gc,phases   ] GC(3)   Post Evacuate Collection Set: 0.62ms
[1.277s][info][gc,phases   ] GC(3)   Other: 0.06ms
[1.277s][info][gc,heap     ] GC(3) Eden regions: 99->0(89)
[1.277s][info][gc,heap     ] GC(3) Survivor regions: 3->13(13)
[1.277s][info][gc,heap     ] GC(3) Old regions: 0->53
[1.277s][info][gc,heap     ] GC(3) Humongous regions: 14->14
[1.277s][info][gc,metaspace] GC(3) Metaspace: 22608K(22784K)->22608K(22784K) NonClass: 18347K(18432K)->18347K(18432K) Class: 4261K(4352K)->4261K(4352K)
[1.277s][info][gc          ] GC(3) Pause Young (Normal) (G1 Evacuation Pause) 231M->159M(4096M) 61.887ms
[1.277s][info][gc,cpu      ] GC(3) User=0.31s Sys=0.06s Real=0.06s
[1.512s][info][gc,start    ] GC(4) Pause Young (Normal) (G1 Evacuation Pause)
[1.512s][info][gc,task     ] GC(4) Using 6 workers of 6 for evacuation
[1.592s][info][gc,phases   ] GC(4)   Pre Evacuate Collection Set: 0.30ms
[1.592s][info][gc,phases   ] GC(4)   Merge Heap Roots: 0.33ms
[1.592s][info][gc,phases   ] GC(4)   Evacuate Collection Set: 78.61ms
[1.592s][info][gc,phases   ] GC(4)   Post Evacuate Collection Set: 0.52ms
[1.592s][info][gc,phases   ] GC(4)   Other: 0.05ms
[1.592s][info][gc,heap     ] GC(4) Eden regions: 89->0(89)
[1.592s][info][gc,heap     ] GC(4) Survivor regions: 13->13(13)
[1.592s][info][gc,heap     ] GC(4) Old regions: 53->115
[1.592s][info][gc,heap     ] GC(4) Humongous regions: 19->19
[1.592s][info][gc,metaspace] GC(4) Metaspace: 22648K(22784K)->22648K(22784K) NonClass: 18386K(18432K)->18386K(18432K) Class: 4261K(4352K)->4261K(4352K)
[1.592s][info][gc          ] GC(4) Pause Young (Normal) (G1 Evacuation Pause) 347M->293M(4096M) 79.973ms
[1.592s][info][gc,cpu      ] GC(4) User=0.45s Sys=0.02s Real=0.08s
[1.732s][info][gc,start    ] GC(5) Pause Young (Normal) (G1 Evacuation Pause)
[1.732s][info][gc,task     ] GC(5) Using 6 workers of 6 for evacuation
[1.811s][info][gc,phases   ] GC(5)   Pre Evacuate Collection Set: 0.32ms
[1.811s][info][gc,phases   ] GC(5)   Merge Heap Roots: 0.12ms
[1.811s][info][gc,phases   ] GC(5)   Evacuate Collection Set: 78.72ms
[1.811s][info][gc,phases   ] GC(5)   Post Evacuate Collection Set: 0.21ms
[1.811s][info][gc,phases   ] GC(5)   Other: 0.06ms
[1.811s][info][gc,heap     ] GC(5) Eden regions: 89->0(89)
[1.811s][info][gc,heap     ] GC(5) Survivor regions: 13->13(13)
[1.811s][info][gc,heap     ] GC(5) Old regions: 115->193
[1.811s][info][gc,heap     ] GC(5) Humongous regions: 19->19
[1.811s][info][gc,metaspace] GC(5) Metaspace: 22660K(22784K)->22660K(22784K) NonClass: 18398K(18432K)->18398K(18432K) Class: 4261K(4352K)->4261K(4352K)
[1.811s][info][gc          ] GC(5) Pause Young (Normal) (G1 Evacuation Pause) 471M->450M(4096M) 79.598ms
[1.811s][info][gc,cpu      ] GC(5) User=0.45s Sys=0.03s Real=0.08s
[1.950s][info][gc,start    ] GC(6) Pause Young (Normal) (G1 Evacuation Pause)
[1.950s][info][gc,task     ] GC(6) Using 6 workers of 6 for evacuation
[2.023s][info][gc,phases   ] GC(6)   Pre Evacuate Collection Set: 0.30ms
[2.023s][info][gc,phases   ] GC(6)   Merge Heap Roots: 0.04ms
[2.023s][info][gc,phases   ] GC(6)   Evacuate Collection Set: 72.04ms
[2.023s][info][gc,phases   ] GC(6)   Post Evacuate Collection Set: 0.20ms
[2.023s][info][gc,phases   ] GC(6)   Other: 0.05ms
[2.023s][info][gc,heap     ] GC(6) Eden regions: 89->0(89)
[2.023s][info][gc,heap     ] GC(6) Survivor regions: 13->13(13)
[2.023s][info][gc,heap     ] GC(6) Old regions: 193->271
[2.023s][info][gc,heap     ] GC(6) Humongous regions: 19->19
[2.023s][info][gc,metaspace] GC(6) Metaspace: 22680K(22976K)->22680K(22976K) NonClass: 18416K(18560K)->18416K(18560K) Class: 4263K(4416K)->4263K(4416K)
[2.023s][info][gc          ] GC(6) Pause Young (Normal) (G1 Evacuation Pause) 628M->606M(4096M) 72.760ms
[2.023s][info][gc,cpu      ] GC(6) User=0.40s Sys=0.02s Real=0.07s
[2.147s][info][gc,start    ] GC(7) Pause Young (Normal) (G1 Evacuation Pause)
[2.147s][info][gc,task     ] GC(7) Using 6 workers of 6 for evacuation
[2.223s][info][gc,phases   ] GC(7)   Pre Evacuate Collection Set: 0.27ms
[2.223s][info][gc,phases   ] GC(7)   Merge Heap Roots: 0.05ms
[2.223s][info][gc,phases   ] GC(7)   Evacuate Collection Set: 75.61ms
[2.223s][info][gc,phases   ] GC(7)   Post Evacuate Collection Set: 0.20ms
[2.223s][info][gc,phases   ] GC(7)   Other: 0.05ms
[2.223s][info][gc,heap     ] GC(7) Eden regions: 89->0(89)
[2.223s][info][gc,heap     ] GC(7) Survivor regions: 13->13(13)
[2.223s][info][gc,heap     ] GC(7) Old regions: 271->345
[2.223s][info][gc,heap     ] GC(7) Humongous regions: 21->21
[2.223s][info][gc,metaspace] GC(7) Metaspace: 22687K(22976K)->22687K(22976K) NonClass: 18423K(18560K)->18423K(18560K) Class: 4264K(4416K)->4264K(4416K)
[2.223s][info][gc          ] GC(7) Pause Young (Normal) (G1 Evacuation Pause) 788M->758M(4096M) 76.305ms
[2.223s][info][gc,cpu      ] GC(7) User=0.41s Sys=0.04s Real=0.08s
[2.418s][info][gc,start    ] GC(8) Pause Young (Normal) (G1 Evacuation Pause)
[2.418s][info][gc,task     ] GC(8) Using 6 workers of 6 for evacuation
[2.504s][info][gc,phases   ] GC(8)   Pre Evacuate Collection Set: 0.29ms
[2.504s][info][gc,phases   ] GC(8)   Merge Heap Roots: 0.10ms
[2.504s][info][gc,phases   ] GC(8)   Evacuate Collection Set: 85.03ms
[2.504s][info][gc,phases   ] GC(8)   Post Evacuate Collection Set: 0.26ms
[2.504s][info][gc,phases   ] GC(8)   Other: 0.05ms
[2.504s][info][gc,heap     ] GC(8) Eden regions: 89->0(89)
[2.504s][info][gc,heap     ] GC(8) Survivor regions: 13->13(13)
[2.504s][info][gc,heap     ] GC(8) Old regions: 345->402
[2.504s][info][gc,heap     ] GC(8) Humongous regions: 29->29
[2.504s][info][gc,metaspace] GC(8) Metaspace: 22705K(22976K)->22705K(22976K) NonClass: 18441K(18560K)->18441K(18560K) Class: 4264K(4416K)->4264K(4416K)
[2.504s][info][gc          ] GC(8) Pause Young (Normal) (G1 Evacuation Pause) 952M->888M(4096M) 85.900ms
[2.504s][info][gc,cpu      ] GC(8) User=0.50s Sys=0.01s Real=0.09s
[2.760s][info][gc,start    ] GC(9) Pause Young (Normal) (G1 Evacuation Pause)
[2.760s][info][gc,task     ] GC(9) Using 6 workers of 6 for evacuation
[2.838s][info][gc,phases   ] GC(9)   Pre Evacuate Collection Set: 0.31ms
[2.839s][info][gc,phases   ] GC(9)   Merge Heap Roots: 0.25ms
[2.839s][info][gc,phases   ] GC(9)   Evacuate Collection Set: 77.13ms
[2.839s][info][gc,phases   ] GC(9)   Post Evacuate Collection Set: 0.27ms
[2.839s][info][gc,phases   ] GC(9)   Other: 0.05ms
[2.839s][info][gc,heap     ] GC(9) Eden regions: 89->0(89)
[2.839s][info][gc,heap     ] GC(9) Survivor regions: 13->13(13)
[2.839s][info][gc,heap     ] GC(9) Old regions: 402->449
[2.839s][info][gc,heap     ] GC(9) Humongous regions: 38->38
[2.839s][info][gc,metaspace] GC(9) Metaspace: 22750K(22976K)->22750K(22976K) NonClass: 18483K(18560K)->18483K(18560K) Class: 4266K(4416K)->4266K(4416K)
[2.839s][info][gc          ] GC(9) Pause Young (Normal) (G1 Evacuation Pause) 1084M->1000M(4096M) 78.181ms
[2.839s][info][gc,cpu      ] GC(9) User=0.45s Sys=0.01s Real=0.08s
) OK
     2s: 
     2s: Check whether properties are compliant
     2s: (validation=PASSED) Property settings are COMPLIANT.
     2s: 
     2s: Searching for high-bound for max-jOPS possible for this system
     2s: Searching from base IR = 100
     2s:       rampup IR =      0 [reconfig (term) [3.163s][info][gc,start    ] GC(10) Pause Full (System.gc())
[3.163s][info][gc,task     ] GC(10) Using 6 workers of 6 for full compaction
[3.163s][info][gc,phases,start] GC(10) Phase 1: Mark live objects
[3.178s][info][gc,phases      ] GC(10) Phase 1: Mark live objects 14.516ms
[3.178s][info][gc,phases,start] GC(10) Phase 2: Prepare compaction
[3.184s][info][gc,phases      ] GC(10) Phase 2: Prepare compaction 6.479ms
[3.184s][info][gc,phases,start] GC(10) Phase 3: Adjust pointers
[3.192s][info][gc,phases      ] GC(10) Phase 3: Adjust pointers 7.958ms
[3.192s][info][gc,phases,start] GC(10) Phase 4: Compact heap
[3.201s][info][gc,phases      ] GC(10) Phase 4: Compact heap 8.766ms
[3.201s][info][gc,phases,start] GC(10) Phase 5: Reset Metadata
[3.203s][info][gc,phases      ] GC(10) Phase 5: Reset Metadata 1.881ms
[3.207s][info][gc,heap        ] GC(10) Eden regions: 63->0(102)
[3.207s][info][gc,heap        ] GC(10) Survivor regions: 13->0(13)
[3.207s][info][gc,heap        ] GC(10) Old regions: 449->32
[3.207s][info][gc,heap        ] GC(10) Humongous regions: 46->13
[3.207s][info][gc,metaspace   ] GC(10) Metaspace: 23010K(23232K)->23010K(23232K) NonClass: 18703K(18816K)->18703K(18816K) Class: 4307K(4416K)->4307K(4416K)
[3.208s][info][gc             ] GC(10) Pause Full (System.gc()) 1141M->86M(4096M) 44.803ms
[3.208s][info][gc,cpu         ] GC(10) User=0.24s Sys=0.00s Real=0.04s
(init[3.512s][info][gc,start       ] GC(11) Pause Young (Normal) (G1 Evacuation Pause)
[3.512s][info][gc,task        ] GC(11) Using 6 workers of 6 for evacuation
[3.566s][info][gc,phases      ] GC(11)   Pre Evacuate Collection Set: 0.28ms
[3.566s][info][gc,phases      ] GC(11)   Merge Heap Roots: 0.05ms
[3.566s][info][gc,phases      ] GC(11)   Evacuate Collection Set: 53.50ms
[3.566s][info][gc,phases      ] GC(11)   Post Evacuate Collection Set: 0.34ms
[3.566s][info][gc,phases      ] GC(11)   Other: 0.05ms
[3.566s][info][gc,heap        ] GC(11) Eden regions: 102->0(89)
[3.566s][info][gc,heap        ] GC(11) Survivor regions: 0->13(13)
[3.566s][info][gc,heap        ] GC(11) Old regions: 32->91
[3.566s][info][gc,heap        ] GC(11) Humongous regions: 15->15
[3.566s][info][gc,metaspace   ] GC(11) Metaspace: 23017K(23232K)->23017K(23232K) NonClass: 18710K(18816K)->18710K(18816K) Class: 4307K(4416K)->4307K(4416K)
[3.566s][info][gc             ] GC(11) Pause Young (Normal) (G1 Evacuation Pause) 294M->233M(4096M) 54.352ms
[3.566s][info][gc,cpu         ] GC(11) User=0.32s Sys=0.00s Real=0.05s
[3.587s][info][gc,start       ] GC(12) Pause Young (Normal) (G1 Evacuation Pause)
[3.587s][info][gc,task        ] GC(12) Using 6 workers of 6 for evacuation
[3.657s][info][gc,phases      ] GC(12)   Pre Evacuate Collection Set: 0.30ms
[3.657s][info][gc,phases      ] GC(12)   Merge Heap Roots: 0.22ms
[3.657s][info][gc,phases      ] GC(12)   Evacuate Collection Set: 68.47ms
[3.657s][info][gc,phases      ] GC(12)   Post Evacuate Collection Set: 0.25ms
[3.657s][info][gc,phases      ] GC(12)   Other: 0.05ms
[3.657s][info][gc,heap        ] GC(12) Eden regions: 89->0(89)
[3.657s][info][gc,heap        ] GC(12) Survivor regions: 13->13(13)
[3.657s][info][gc,heap        ] GC(12) Old regions: 91->168
[3.657s][info][gc,heap        ] GC(12) Humongous regions: 15->15
[3.657s][info][gc,metaspace   ] GC(12) Metaspace: 23017K(23232K)->23017K(23232K) NonClass: 18710K(18816K)->18710K(18816K) Class: 4307K(4416K)->4307K(4416K)
[3.657s][info][gc             ] GC(12) Pause Young (Normal) (G1 Evacuation Pause) 411M->387M(4096M) 69.423ms
[3.657s][info][gc,cpu         ] GC(12) User=0.41s Sys=0.00s Real=0.07s
[3.680s][info][gc,start       ] GC(13) Pause Young (Normal) (G1 Evacuation Pause)
[3.680s][info][gc,task        ] GC(13) Using 6 workers of 6 for evacuation
[3.742s][info][gc,phases      ] GC(13)   Pre Evacuate Collection Set: 0.28ms
[3.742s][info][gc,phases      ] GC(13)   Merge Heap Roots: 0.08ms
[3.742s][info][gc,phases      ] GC(13)   Evacuate Collection Set: 61.89ms
[3.742s][info][gc,phases      ] GC(13)   Post Evacuate Collection Set: 0.20ms
[3.742s][info][gc,phases      ] GC(13)   Other: 0.05ms
[3.742s][info][gc,heap        ] GC(13) Eden regions: 89->0(89)
[3.742s][info][gc,heap        ] GC(13) Survivor regions: 13->13(13)
[3.742s][info][gc,heap        ] GC(13) Old regions: 168->244
[3.742s][info][gc,heap        ] GC(13) Humongous regions: 15->15
[3.742s][info][gc,metaspace   ] GC(13) Metaspace: 23019K(23232K)->23019K(23232K) NonClass: 18712K(18816K)->18712K(18816K) Class: 4307K(4416K)->4307K(4416K)
[3.742s][info][gc             ] GC(13) Pause Young (Normal) (G1 Evacuation Pause) 565M->540M(4096M) 62.627ms
[3.742s][info][gc,cpu         ] GC(13) User=0.37s Sys=0.00s Real=0.06s
[3.765s][info][gc,start       ] GC(14) Pause Young (Normal) (G1 Evacuation Pause)
[3.765s][info][gc,task        ] GC(14) Using 6 workers of 6 for evacuation
[3.827s][info][gc,phases      ] GC(14)   Pre Evacuate Collection Set: 0.32ms
[3.827s][info][gc,phases      ] GC(14)   Merge Heap Roots: 0.06ms
[3.827s][info][gc,phases      ] GC(14)   Evacuate Collection Set: 61.53ms
[3.827s][info][gc,phases      ] GC(14)   Post Evacuate Collection Set: 0.21ms
[3.827s][info][gc,phases      ] GC(14)   Other: 0.05ms
[3.827s][info][gc,heap        ] GC(14) Eden regions: 89->0(89)
[3.827s][info][gc,heap        ] GC(14) Survivor regions: 13->13(13)
[3.827s][info][gc,heap        ] GC(14) Old regions: 244->320
[3.827s][info][gc,heap        ] GC(14) Humongous regions: 15->15
[3.827s][info][gc,metaspace   ] GC(14) Metaspace: 23027K(23232K)->23027K(23232K) NonClass: 18720K(18816K)->18720K(18816K) Class: 4307K(4416K)->4307K(4416K)
[3.827s][info][gc             ] GC(14) Pause Young (Normal) (G1 Evacuation Pause) 718M->691M(4096M) 62.304ms
[3.827s][info][gc,cpu         ] GC(14) User=0.37s Sys=0.00s Real=0.06s
[4.012s][info][gc,start       ] GC(15) Pause Young (Normal) (G1 Evacuation Pause)
[4.012s][info][gc,task        ] GC(15) Using 6 workers of 6 for evacuation
[4.074s][info][gc,phases      ] GC(15)   Pre Evacuate Collection Set: 0.32ms
[4.074s][info][gc,phases      ] GC(15)   Merge Heap Roots: 0.15ms
[4.074s][info][gc,phases      ] GC(15)   Evacuate Collection Set: 60.62ms
[4.074s][info][gc,phases      ] GC(15)   Post Evacuate Collection Set: 0.31ms
[4.074s][info][gc,phases      ] GC(15)   Other: 0.05ms
[4.074s][info][gc,heap        ] GC(15) Eden regions: 89->0(105)
[4.074s][info][gc,heap        ] GC(15) Survivor regions: 13->13(13)
[4.074s][info][gc,heap        ] GC(15) Old regions: 320->378
[4.074s][info][gc,heap        ] GC(15) Humongous regions: 21->21
[4.074s][info][gc,metaspace   ] GC(15) Metaspace: 23029K(23232K)->23029K(23232K) NonClass: 18721K(18816K)->18721K(18816K) Class: 4307K(4416K)->4307K(4416K)
[4.074s][info][gc             ] GC(15) Pause Young (Normal) (G1 Evacuation Pause) 880M->820M(4096M) 61.581ms
[4.074s][info][gc,cpu         ] GC(15) User=0.36s Sys=0.00s Real=0.06s
[4.272s][info][gc,start       ] GC(16) Pause Young (Normal) (G1 Evacuation Pause)
[4.272s][info][gc,task        ] GC(16) Using 6 workers of 6 for evacuation
[4.354s][info][gc,phases      ] GC(16)   Pre Evacuate Collection Set: 0.32ms
[4.355s][info][gc,phases      ] GC(16)   Merge Heap Roots: 0.32ms
[4.355s][info][gc,phases      ] GC(16)   Evacuate Collection Set: 81.16ms
[4.355s][info][gc,phases      ] GC(16)   Post Evacuate Collection Set: 0.29ms
[4.355s][info][gc,phases      ] GC(16)   Other: 0.05ms
[4.355s][info][gc,heap        ] GC(16) Eden regions: 89->0(112)
[4.355s][info][gc,heap        ] GC(16) Survivor regions: 13->13(13)
[4.355s][info][gc,heap        ] GC(16) Old regions: 378->431
[4.355s][info][gc,heap        ] GC(16) Humongous regions: 30->30
[4.355s][info][gc,metaspace   ] GC(16) Metaspace: 23030K(23232K)->23030K(23232K) NonClass: 18723K(18816K)->18723K(18816K) Class: 4307K(4416K)->4307K(4416K)
[4.355s][info][gc             ] GC(16) Pause Young (Normal) (G1 Evacuation Pause) 1016M->943M(4096M) 82.306ms
[4.355s][info][gc,cpu         ] GC(16) User=0.49s Sys=0.00s Real=0.08s
[4.564s][info][gc,start       ] GC(17) Pause Young (Normal) (G1 Evacuation Pause)
[4.564s][info][gc,task        ] GC(17) Using 6 workers of 6 for evacuation
[4.673s][info][gc,phases      ] GC(17)   Pre Evacuate Collection Set: 0.34ms
[4.673s][info][gc,phases      ] GC(17)   Merge Heap Roots: 0.42ms
[4.673s][info][gc,phases      ] GC(17)   Evacuate Collection Set: 107.46ms
[4.673s][info][gc,phases      ] GC(17)   Post Evacuate Collection Set: 0.31ms
[4.673s][info][gc,phases      ] GC(17)   Other: 0.07ms
[4.673s][info][gc,heap        ] GC(17) Eden regions: 101->0(118)
[4.673s][info][gc,heap        ] GC(17) Survivor regions: 13->15(15)
[4.673s][info][gc,heap        ] GC(17) Old regions: 431->474
[4.673s][info][gc,heap        ] GC(17) Humongous regions: 45->45
[4.673s][info][gc,metaspace   ] GC(17) Metaspace: 23030K(23232K)->23030K(23232K) NonClass: 18723K(18816K)->18723K(18816K) Class: 4307K(4416K)->4307K(4416K)
[4.673s][info][gc             ] GC(17) Pause Young (Normal) (G1 Evacuation Pause) 1175M->1063M(4096M) 108.805ms
[4.673s][info][gc,cpu         ] GC(17) User=0.55s Sys=0.01s Real=0.11s
) ] ... (rIR:aIR:PR = 0:0:0) (tPR = 0) [OK] 
     7s:       rampup IR =     10 ... (rIR:aIR:PR = 10:9:9) (tPR = 916) [OK] 
    10s:       rampup IR =     20 ... (rIR:aIR:PR = 20:21:21) (tPR = 1646) [OK] 
    13s:       rampup IR =     30 .... (rIR:aIR:PR = 30:29:29) (tPR = 2286) [OK] 
    17s:       rampup IR =     40 .... (rIR:aIR:PR = 40:39:39) (tPR = 2597) [OK] 
    21s:       rampup IR =     50 .... (rIR:aIR:PR = 50:52:52) (tPR = 3562) [OK] 
    25s:       rampup IR =     60 ...[29.729s][info][gc,start       ] GC(18) Pause Young (Normal) (G1 Evacuation Pause)
[29.729s][info][gc,task        ] GC(18) Using 6 workers of 6 for evacuation
[29.758s][info][gc,phases      ] GC(18)   Pre Evacuate Collection Set: 0.32ms
[29.758s][info][gc,phases      ] GC(18)   Merge Heap Roots: 0.22ms
[29.758s][info][gc,phases      ] GC(18)   Evacuate Collection Set: 28.40ms
[29.758s][info][gc,phases      ] GC(18)   Post Evacuate Collection Set: 0.31ms
[29.758s][info][gc,phases      ] GC(18)   Other: 0.06ms
[29.758s][info][gc,heap        ] GC(18) Eden regions: 130->0(169)
[29.758s][info][gc,heap        ] GC(18) Survivor regions: 15->9(19)
[29.758s][info][gc,heap        ] GC(18) Old regions: 474->491
[29.758s][info][gc,heap        ] GC(18) Humongous regions: 46->46
[29.758s][info][gc,metaspace   ] GC(18) Metaspace: 25060K(25216K)->25060K(25216K) NonClass: 20573K(20672K)->20573K(20672K) Class: 4486K(4544K)->4486K(4544K)
[29.758s][info][gc             ] GC(18) Pause Young (Normal) (G1 Evacuation Pause) 1325M->1086M(4096M) 29.447ms
[29.758s][info][gc,cpu         ] GC(18) User=0.16s Sys=0.01s Real=0.02s
. (rIR:aIR:PR = 60:61:59) (tPR = 3700) [OK] 
    29s:       rampup IR =     70 .... (rIR:aIR:PR = 70:68:67) (tPR = 3964) [OK] 
    33s:       rampup IR =     80 .... (rIR:aIR:PR = 80:80:78) (tPR = 4015) [OK] 
    37s:       rampup IR =     90 .... (rIR:aIR:PR = 90:93:92) (tPR = 4503) [OK] 
    41s:       rampup IR =    100 .... (rIR:aIR:PR = 100:101:99) (tPR = 4445) [OK] 
    45s:    snapshot, IR =    100 ....|..[52.403s][info][gc,start       ] GC(19) Pause Young (Normal) (G1 Evacuation Pause)
[52.403s][info][gc,task        ] GC(19) Using 6 workers of 6 for evacuation
[52.427s][info][gc,phases      ] GC(19)   Pre Evacuate Collection Set: 0.34ms
[52.427s][info][gc,phases      ] GC(19)   Merge Heap Roots: 0.19ms
[52.427s][info][gc,phases      ] GC(19)   Evacuate Collection Set: 22.73ms
[52.427s][info][gc,phases      ] GC(19)   Post Evacuate Collection Set: 0.39ms
[52.427s][info][gc,phases      ] GC(19)   Other: 0.07ms
[52.427s][info][gc,heap        ] GC(19) Eden regions: 189->0(215)
[52.427s][info][gc,heap        ] GC(19) Survivor regions: 9->20(25)
[52.427s][info][gc,heap        ] GC(19) Old regions: 491->491
[52.427s][info][gc,heap        ] GC(19) Humongous regions: 46->46
[52.427s][info][gc,metaspace   ] GC(19) Metaspace: 25230K(25344K)->25230K(25344K) NonClass: 20741K(20800K)->20741K(20800K) Class: 4488K(4544K)->4488K(4544K)
[52.427s][info][gc             ] GC(19) Pause Young (Normal) (G1 Evacuation Pause) 1464M->1108M(4096M) 23.866ms
[52.427s][info][gc,cpu         ] GC(19) User=0.13s Sys=0.01s Real=0.02s
.........................[77.059s][info][gc,start       ] GC(20) Pause Young (Normal) (G1 Evacuation Pause)
[77.059s][info][gc,task        ] GC(20) Using 6 workers of 6 for evacuation
[77.093s][info][gc,phases      ] GC(20)   Pre Evacuate Collection Set: 0.32ms
[77.093s][info][gc,phases      ] GC(20)   Merge Heap Roots: 0.21ms
[77.094s][info][gc,phases      ] GC(20)   Evacuate Collection Set: 33.00ms
[77.094s][info][gc,phases      ] GC(20)   Post Evacuate Collection Set: 0.48ms
[77.094s][info][gc,phases      ] GC(20)   Other: 0.08ms
[77.094s][info][gc,heap        ] GC(20) Eden regions: 232->0(273)
[77.094s][info][gc,heap        ] GC(20) Survivor regions: 20->25(32)
[77.094s][info][gc,heap        ] GC(20) Old regions: 491->498
[77.094s][info][gc,heap        ] GC(20) Humongous regions: 46->46
[77.094s][info][gc,metaspace   ] GC(20) Metaspace: 27186K(27392K)->27186K(27392K) NonClass: 22375K(22464K)->22375K(22464K) Class: 4811K(4928K)->4811K(4928K)
[77.094s][info][gc             ] GC(20) Pause Young (Normal) (G1 Evacuation Pause) 1572M->1132M(4096M) 34.236ms
[77.094s][info][gc,cpu         ] GC(20) User=0.19s Sys=0.02s Real=0.03s
... (rIR:aIR:PR = 100:100:98) (tPR = 3148) [OK] 
    79s: Performing snapshot: (quiescence.....) (stop TxI) (stop BE) (saving... 103499 Kb) (term) [87.087s][info][gc,start       ] GC(21) Pause Full (System.gc())
[87.087s][info][gc,task        ] GC(21) Using 6 workers of 6 for full compaction
[87.087s][info][gc,phases,start] GC(21) Phase 1: Mark live objects
[87.103s][info][gc,phases      ] GC(21) Phase 1: Mark live objects 15.719ms
[87.103s][info][gc,phases,start] GC(21) Phase 2: Prepare compaction
[87.106s][info][gc,phases      ] GC(21) Phase 2: Prepare compaction 2.680ms
[87.106s][info][gc,phases,start] GC(21) Phase 3: Adjust pointers
[87.112s][info][gc,phases      ] GC(21) Phase 3: Adjust pointers 6.341ms
[87.112s][info][gc,phases,start] GC(21) Phase 4: Compact heap
[87.114s][info][gc,phases      ] GC(21) Phase 4: Compact heap 2.477ms
[87.114s][info][gc,phases,start] GC(21) Phase 5: Reset Metadata
[87.119s][info][gc,phases      ] GC(21) Phase 5: Reset Metadata 4.113ms
[87.125s][info][gc,heap        ] GC(21) Eden regions: 119->0(318)
[87.125s][info][gc,heap        ] GC(21) Survivor regions: 25->0(32)
[87.125s][info][gc,heap        ] GC(21) Old regions: 498->34
[87.125s][info][gc,heap        ] GC(21) Humongous regions: 331->66
[87.125s][info][gc,metaspace   ] GC(21) Metaspace: 27340K(27584K)->27340K(27584K) NonClass: 22520K(22656K)->22520K(22656K) Class: 4819K(4928K)->4819K(4928K)
[87.125s][info][gc             ] GC(21) Pause Full (System.gc()) 1939M->193M(4096M) 38.411ms
[87.125s][info][gc,cpu         ] GC(21) User=0.20s Sys=0.00s Real=0.04s
(init[87.933s][info][gc,start       ] GC(22) Pause Young (Normal) (G1 Evacuation Pause)
[87.933s][info][gc,task        ] GC(22) Using 6 workers of 6 for evacuation
[88.104s][info][gc,phases      ] GC(22)   Pre Evacuate Collection Set: 0.29ms
[88.104s][info][gc,phases      ] GC(22)   Merge Heap Roots: 0.28ms
[88.104s][info][gc,phases      ] GC(22)   Evacuate Collection Set: 169.72ms
[88.104s][info][gc,phases      ] GC(22)   Post Evacuate Collection Set: 0.46ms
[88.104s][info][gc,phases      ] GC(22)   Other: 0.07ms
[88.104s][info][gc,heap        ] GC(22) Eden regions: 298->0(233)
[88.104s][info][gc,heap        ] GC(22) Survivor regions: 0->38(38)
[88.104s][info][gc,heap        ] GC(22) Old regions: 34->99
[88.104s][info][gc,heap        ] GC(22) Humongous regions: 107->107
[88.104s][info][gc,metaspace   ] GC(22) Metaspace: 27429K(27648K)->27429K(27648K) NonClass: 22601K(22720K)->22601K(22720K) Class: 4828K(4928K)->4828K(4928K)
[88.104s][info][gc             ] GC(22) Pause Young (Normal) (G1 Evacuation Pause) 871M->480M(4096M) 170.952ms
[88.104s][info][gc,cpu         ] GC(22) User=0.99s Sys=0.02s Real=0.17s
[88.347s][info][gc,start       ] GC(23) Pause Young (Normal) (G1 Evacuation Pause)
[88.347s][info][gc,task        ] GC(23) Using 6 workers of 6 for evacuation
[88.510s][info][gc,phases      ] GC(23)   Pre Evacuate Collection Set: 0.28ms
[88.510s][info][gc,phases      ] GC(23)   Merge Heap Roots: 0.39ms
[88.510s][info][gc,phases      ] GC(23)   Evacuate Collection Set: 162.32ms
[88.510s][info][gc,phases      ] GC(23)   Post Evacuate Collection Set: 0.37ms
[88.510s][info][gc,phases      ] GC(23)   Other: 0.05ms
[88.510s][info][gc,heap        ] GC(23) Eden regions: 200->0(197)
[88.510s][info][gc,heap        ] GC(23) Survivor regions: 38->30(30)
[88.510s][info][gc,heap        ] GC(23) Old regions: 99->223
[88.510s][info][gc,heap        ] GC(23) Humongous regions: 126->125
[88.510s][info][gc,metaspace   ] GC(23) Metaspace: 27451K(27712K)->27451K(27712K) NonClass: 22620K(22784K)->22620K(22784K) Class: 4830K(4928K)->4830K(4928K)
[88.510s][info][gc             ] GC(23) Pause Young (Normal) (G1 Evacuation Pause) 918M->748M(4096M) 163.543ms
[88.510s][info][gc,cpu         ] GC(23) User=0.97s Sys=0.01s Real=0.17s
[89.052s][info][gc,start       ] GC(24) Pause Young (Normal) (G1 Evacuation Pause)
[89.053s][info][gc,task        ] GC(24) Using 6 workers of 6 for evacuation
[89.173s][info][gc,phases      ] GC(24)   Pre Evacuate Collection Set: 0.36ms
[89.173s][info][gc,phases      ] GC(24)   Merge Heap Roots: 0.40ms
[89.173s][info][gc,phases      ] GC(24)   Evacuate Collection Set: 118.40ms
[89.173s][info][gc,phases      ] GC(24)   Post Evacuate Collection Set: 0.40ms
[89.173s][info][gc,phases      ] GC(24)   Other: 0.79ms
[89.173s][info][gc,heap        ] GC(24) Eden regions: 196->0(224)
[89.173s][info][gc,heap        ] GC(24) Survivor regions: 30->29(29)
[89.173s][info][gc,heap        ] GC(24) Old regions: 223->305
[89.173s][info][gc,heap        ] GC(24) Humongous regions: 162->160
[89.173s][info][gc,metaspace   ] GC(24) Metaspace: 27458K(27712K)->27458K(27712K) NonClass: 22626K(22784K)->22626K(22784K) Class: 4831K(4928K)->4831K(4928K)
[89.173s][info][gc             ] GC(24) Pause Young (Normal) (G1 Evacuation Pause) 1214M->981M(4096M) 120.502ms
[89.173s][info][gc,cpu         ] GC(24) User=0.71s Sys=0.00s Real=0.12s
[89.302s][info][gc,start       ] GC(25) Pause Young (Normal) (G1 Evacuation Pause)
[89.302s][info][gc,task        ] GC(25) Using 6 workers of 6 for evacuation
[89.487s][info][gc,phases      ] GC(25)   Pre Evacuate Collection Set: 0.29ms
[89.487s][info][gc,phases      ] GC(25)   Merge Heap Roots: 0.22ms
[89.487s][info][gc,phases      ] GC(25)   Evacuate Collection Set: 183.44ms
[89.487s][info][gc,phases      ] GC(25)   Post Evacuate Collection Set: 0.32ms
[89.487s][info][gc,phases      ] GC(25)   Other: 0.06ms
[89.487s][info][gc,heap        ] GC(25) Eden regions: 255->0(179)
[89.487s][info][gc,heap        ] GC(25) Survivor regions: 29->36(36)
[89.487s][info][gc,heap        ] GC(25) Old regions: 305->520
[89.487s][info][gc,heap        ] GC(25) Humongous regions: 160->160
[89.487s][info][gc,metaspace   ] GC(25) Metaspace: 27458K(27712K)->27458K(27712K) NonClass: 22626K(22784K)->22626K(22784K) Class: 4831K(4928K)->4831K(4928K)
[89.487s][info][gc             ] GC(25) Pause Young (Normal) (G1 Evacuation Pause) 1491M->1425M(4096M) 184.468ms
[89.487s][info][gc,cpu         ] GC(25) User=1.10s Sys=0.00s Real=0.18s
) ...
    92s:       rampup IR =      0 ... (rIR:aIR:PR = 0:0:0) (tPR = 0) [OK] 
    95s:       rampup IR =     10 ... (rIR:aIR:PR = 10:10:10) (tPR = 208) [OK] 
    98s:       rampup IR =     20 ... (rIR:aIR:PR = 20:18:18) (tPR = 379) [OK] 
   101s:       rampup IR =     30 .... (rIR:aIR:PR = 30:31:31) (tPR = 835) [OK] 
   105s:       rampup IR =     40 .... (rIR:aIR:PR = 40:39:39) (tPR = 866) [OK] 
   109s:       rampup IR =     50 .... (rIR:aIR:PR = 50:50:49) (tPR = 898) [OK] 
   113s:       rampup IR =     60 .... (rIR:aIR:PR = 60:60:58) (tPR = 1502) [OK] 
   117s:       rampup IR =     70 .... (rIR:aIR:PR = 70:69:67) (tPR = 1458) [OK] 
   121s:       rampup IR =     80 .... (rIR:aIR:PR = 80:81:80) (tPR = 2092) [OK] 
   125s:       rampup IR =     90 .... (rIR:aIR:PR = 90:89:87) (tPR = 2069) [OK] 
   129s:       rampup IR =    100 .... (rIR:aIR:PR = 100:100:98) (tPR = 2049) [OK] 
   133s:       trying IR =    200 ....[137.673s][info][gc,start       ] GC(26) Pause Young (Normal) (G1 Evacuation Pause)
[137.673s][info][gc,task        ] GC(26) Using 6 workers of 6 for evacuation
[137.731s][info][gc,phases      ] GC(26)   Pre Evacuate Collection Set: 0.35ms
[137.731s][info][gc,phases      ] GC(26)   Merge Heap Roots: 0.50ms
[137.731s][info][gc,phases      ] GC(26)   Evacuate Collection Set: 56.35ms
[137.731s][info][gc,phases      ] GC(26)   Post Evacuate Collection Set: 0.55ms
[137.731s][info][gc,phases      ] GC(26)   Other: 0.06ms
[137.731s][info][gc,heap        ] GC(26) Eden regions: 183->0(248)
[137.731s][info][gc,heap        ] GC(26) Survivor regions: 36->27(28)
[137.731s][info][gc,heap        ] GC(26) Old regions: 520->558
[137.731s][info][gc,heap        ] GC(26) Humongous regions: 160->160
[137.731s][info][gc,metaspace   ] GC(26) Metaspace: 27638K(27904K)->27638K(27904K) NonClass: 22804K(22976K)->22804K(22976K) Class: 4833K(4928K)->4833K(4928K)
[137.731s][info][gc             ] GC(26) Pause Young (Normal) (G1 Evacuation Pause) 1791M->1481M(4096M) 57.936ms
[137.731s][info][gc,cpu         ] GC(26) User=0.34s Sys=0.00s Real=0.06s
. (rIR:aIR:PR = 200:197:193) (tPR = 3751) [OK] 
   138s:       trying IR =    220 .... (rIR:aIR:PR = 220:219:215) (tPR = 4215) [OK] 
   142s:       trying IR =    244 .... (rIR:aIR:PR = 244:249:244) (tPR = 4394) [OK] 
   146s:       trying IR =    273 .... (rIR:aIR:PR = 273:270:266) (tPR = 4576) [OK] 
   150s:       trying IR =    307 ..[152.687s][info][gc,start       ] GC(27) Pause Young (Normal) (G1 Evacuation Pause)
[152.688s][info][gc,task        ] GC(27) Using 6 workers of 6 for evacuation
[152.731s][info][gc,phases      ] GC(27)   Pre Evacuate Collection Set: 0.33ms
[152.731s][info][gc,phases      ] GC(27)   Merge Heap Roots: 0.57ms
[152.731s][info][gc,phases      ] GC(27)   Evacuate Collection Set: 42.46ms
[152.731s][info][gc,phases      ] GC(27)   Post Evacuate Collection Set: 0.38ms
[152.731s][info][gc,phases      ] GC(27)   Other: 0.07ms
[152.731s][info][gc,heap        ] GC(27) Eden regions: 240->0(334)
[152.731s][info][gc,heap        ] GC(27) Survivor regions: 27->18(34)
[152.731s][info][gc,heap        ] GC(27) Old regions: 558->580
[152.731s][info][gc,heap        ] GC(27) Humongous regions: 160->160
[152.731s][info][gc,metaspace   ] GC(27) Metaspace: 27728K(27904K)->27728K(27904K) NonClass: 22895K(22976K)->22895K(22976K) Class: 4833K(4928K)->4833K(4928K)
[152.731s][info][gc             ] GC(27) Pause Young (Normal) (G1 Evacuation Pause) 1961M->1508M(4096M) 43.965ms
[152.731s][info][gc,cpu         ] GC(27) User=0.26s Sys=0.00s Real=0.05s
.. (rIR:aIR:PR = 307:313:306) (tPR = 6251) [OK] 
   154s:       trying IR =    349 .... (rIR:aIR:PR = 349:342:335) (tPR = 6671) [OK] 
   158s:       trying IR =    399 .....[163.622s][info][gc,start       ] GC(28) Pause Young (Normal) (G1 Evacuation Pause)
[163.622s][info][gc,task        ] GC(28) Using 6 workers of 6 for evacuation
[163.667s][info][gc,phases      ] GC(28)   Pre Evacuate Collection Set: 0.32ms
[163.667s][info][gc,phases      ] GC(28)   Merge Heap Roots: 0.43ms
[163.667s][info][gc,phases      ] GC(28)   Evacuate Collection Set: 43.43ms
[163.667s][info][gc,phases      ] GC(28)   Post Evacuate Collection Set: 0.49ms
[163.667s][info][gc,phases      ] GC(28)   Other: 0.07ms
[163.667s][info][gc,heap        ] GC(28) Eden regions: 342->0(358)
[163.667s][info][gc,heap        ] GC(28) Survivor regions: 18->37(45)
[163.667s][info][gc,heap        ] GC(28) Old regions: 580->580
[163.667s][info][gc,heap        ] GC(28) Humongous regions: 160->160
[163.667s][info][gc,metaspace   ] GC(28) Metaspace: 27788K(28032K)->27788K(28032K) NonClass: 22952K(23104K)->22952K(23104K) Class: 4836K(4928K)->4836K(4928K)
[163.667s][info][gc             ] GC(28) Pause Young (Normal) (G1 Evacuation Pause) 2192M->1546M(4096M) 44.868ms
[163.667s][info][gc,cpu         ] GC(28) User=0.25s Sys=0.01s Real=0.04s
. (rIR:aIR:PR = 399:398:389) (tPR = 7389) [OK] 
   164s:       trying IR =    458 ..... (rIR:aIR:PR = 458:458:448) (tPR = 7995) [OK] 
   169s:       trying IR =    530 ...[172.722s][info][gc,start       ] GC(29) Pause Young (Normal) (G1 Evacuation Pause)
[172.722s][info][gc,task        ] GC(29) Using 6 workers of 6 for evacuation
[172.779s][info][gc,phases      ] GC(29)   Pre Evacuate Collection Set: 0.36ms
[172.779s][info][gc,phases      ] GC(29)   Merge Heap Roots: 0.48ms
[172.779s][info][gc,phases      ] GC(29)   Evacuate Collection Set: 55.01ms
[172.779s][info][gc,phases      ] GC(29)   Post Evacuate Collection Set: 0.48ms
[172.779s][info][gc,phases      ] GC(29)   Other: 0.07ms
[172.779s][info][gc,heap        ] GC(29) Eden regions: 361->0(431)
[172.779s][info][gc,heap        ] GC(29) Survivor regions: 37->38(50)
[172.779s][info][gc,heap        ] GC(29) Old regions: 580->596
[172.779s][info][gc,heap        ] GC(29) Humongous regions: 160->160
[172.779s][info][gc,metaspace   ] GC(29) Metaspace: 27816K(28032K)->27816K(28032K) NonClass: 22980K(23104K)->22980K(23104K) Class: 4836K(4928K)->4836K(4928K)
[172.779s][info][gc             ] GC(29) Pause Young (Normal) (G1 Evacuation Pause) 2268M->1579M(4096M) 56.565ms
[172.779s][info][gc,cpu         ] GC(29) User=0.31s Sys=0.02s Real=0.06s
. (rIR:aIR:PR = 530:538:526) (tPR = 8969) [OK] 
   173s:       trying IR =    616 .... (rIR:aIR:PR = 616:619:606) (tPR = 10923) [OK] 
   177s:       trying IR =    719 ...[180.690s][info][gc,start       ] GC(30) Pause Young (Normal) (G1 Evacuation Pause)
[180.690s][info][gc,task        ] GC(30) Using 6 workers of 6 for evacuation
[180.749s][info][gc,phases      ] GC(30)   Pre Evacuate Collection Set: 0.39ms
[180.749s][info][gc,phases      ] GC(30)   Merge Heap Roots: 0.42ms
[180.749s][info][gc,phases      ] GC(30)   Evacuate Collection Set: 57.26ms
[180.749s][info][gc,phases      ] GC(30)   Post Evacuate Collection Set: 0.54ms
[180.749s][info][gc,phases      ] GC(30)   Other: 0.08ms
[180.749s][info][gc,heap        ] GC(30) Eden regions: 441->0(479)
[180.749s][info][gc,heap        ] GC(30) Survivor regions: 38->43(60)
[180.749s][info][gc,heap        ] GC(30) Old regions: 596->612
[180.749s][info][gc,heap        ] GC(30) Humongous regions: 160->160
[180.749s][info][gc,metaspace   ] GC(30) Metaspace: 27851K(28096K)->27851K(28096K) NonClass: 23014K(23168K)->23014K(23168K) Class: 4837K(4928K)->4837K(4928K)
[180.749s][info][gc             ] GC(30) Pause Young (Normal) (G1 Evacuation Pause) 2461M->1622M(4096M) 58.829ms
[180.749s][info][gc,cpu         ] GC(30) User=0.33s Sys=0.01s Real=0.06s
. (rIR:aIR:PR = 719:719:702) (tPR = 13288) [OK] 
   181s:       trying IR =    843 ..... (rIR:aIR:PR = 843:845:825) (tPR = 14164) [OK] 
   186s:       trying IR =    992 .[187.758s][info][gc,start       ] GC(31) Pause Young (Normal) (G1 Evacuation Pause)
[187.758s][info][gc,task        ] GC(31) Using 6 workers of 6 for evacuation
[187.822s][info][gc,phases      ] GC(31)   Pre Evacuate Collection Set: 0.35ms
[187.822s][info][gc,phases      ] GC(31)   Merge Heap Roots: 0.41ms
[187.822s][info][gc,phases      ] GC(31)   Evacuate Collection Set: 62.80ms
[187.822s][info][gc,phases      ] GC(31)   Post Evacuate Collection Set: 0.59ms
[187.822s][info][gc,phases      ] GC(31)   Other: 0.07ms
[187.822s][info][gc,heap        ] GC(31) Eden regions: 491->0(540)
[187.822s][info][gc,heap        ] GC(31) Survivor regions: 43->49(67)
[187.822s][info][gc,heap        ] GC(31) Old regions: 612->630
[187.822s][info][gc,heap        ] GC(31) Humongous regions: 160->160
[187.822s][info][gc,metaspace   ] GC(31) Metaspace: 27908K(28096K)->27908K(28096K) NonClass: 23069K(23168K)->23069K(23168K) Class: 4838K(4928K)->4838K(4928K)
[187.822s][info][gc             ] GC(31) Pause Young (Normal) (G1 Evacuation Pause) 2604M->1671M(4096M) 64.373ms
[187.822s][info][gc,cpu         ] GC(31) User=0.37s Sys=0.02s Real=0.07s
... (rIR:aIR:PR = 992:997:975) (tPR = 17210) [OK] 
   190s:       trying IR =   1170 ...[193.807s][info][gc,start       ] GC(32) Pause Young (Normal) (G1 Evacuation Pause)
[193.807s][info][gc,task        ] GC(32) Using 6 workers of 6 for evacuation
[193.876s][info][gc,phases      ] GC(32)   Pre Evacuate Collection Set: 0.34ms
[193.876s][info][gc,phases      ] GC(32)   Merge Heap Roots: 0.40ms
[193.876s][info][gc,phases      ] GC(32)   Evacuate Collection Set: 68.13ms
[193.876s][info][gc,phases      ] GC(32)   Post Evacuate Collection Set: 0.55ms
[193.876s][info][gc,phases      ] GC(32)   Other: 0.08ms
[193.876s][info][gc,heap        ] GC(32) Eden regions: 551->0(594)
[193.876s][info][gc,heap        ] GC(32) Survivor regions: 49->54(75)
[193.876s][info][gc,heap        ] GC(32) Old regions: 630->650
[193.876s][info][gc,heap        ] GC(32) Humongous regions: 160->160
[193.876s][info][gc,metaspace   ] GC(32) Metaspace: 27943K(28160K)->27943K(28160K) NonClass: 23104K(23232K)->23104K(23232K) Class: 4838K(4928K)->4838K(4928K)
[193.876s][info][gc             ] GC(32) Pause Young (Normal) (G1 Evacuation Pause) 2773M->1719M(4096M) 69.619ms
[193.876s][info][gc,cpu         ] GC(32) User=0.41s Sys=0.00s Real=0.07s
. (rIR:aIR:PR = 1170:1178:1152) (tPR = 20197) [OK] 
   194s:       trying IR =   1384 .... (rIR:aIR:PR = 1384:1377:1354) (tPR = 23329) [OK] 
   198s:       trying IR =   1641 [199.180s][info][gc,start       ] GC(33) Pause Young (Normal) (G1 Evacuation Pause)
[199.180s][info][gc,task        ] GC(33) Using 6 workers of 6 for evacuation
[199.256s][info][gc,phases      ] GC(33)   Pre Evacuate Collection Set: 0.36ms
[199.256s][info][gc,phases      ] GC(33)   Merge Heap Roots: 0.44ms
[199.256s][info][gc,phases      ] GC(33)   Evacuate Collection Set: 73.82ms
[199.256s][info][gc,phases      ] GC(33)   Post Evacuate Collection Set: 0.66ms
[199.256s][info][gc,phases      ] GC(33)   Other: 0.09ms
[199.256s][info][gc,heap        ] GC(33) Eden regions: 605->0(648)
[199.256s][info][gc,heap        ] GC(33) Survivor regions: 54->59(83)
[199.256s][info][gc,heap        ] GC(33) Old regions: 650->673
[199.256s][info][gc,heap        ] GC(33) Humongous regions: 160->160
[199.256s][info][gc,metaspace   ] GC(33) Metaspace: 28048K(28352K)->28048K(28352K) NonClass: 23193K(23360K)->23193K(23360K) Class: 4854K(4992K)->4854K(4992K)
[199.256s][info][gc             ] GC(33) Pause Young (Normal) (G1 Evacuation Pause) 2929M->1776M(4096M) 75.507ms
[199.256s][info][gc,cpu         ] GC(33) User=0.43s Sys=0.03s Real=0.07s
.... (rIR:aIR:PR = 1641:1666:1662) (tPR = 28483) [OK] 
   202s:       trying IR =   1949 .[203.716s][info][gc,start       ] GC(34) Pause Young (Normal) (G1 Evacuation Pause)
[203.716s][info][gc,task        ] GC(34) Using 6 workers of 6 for evacuation
[203.797s][info][gc,phases      ] GC(34)   Pre Evacuate Collection Set: 0.36ms
[203.797s][info][gc,phases      ] GC(34)   Merge Heap Roots: 0.36ms
[203.797s][info][gc,phases      ] GC(34)   Evacuate Collection Set: 79.47ms
[203.797s][info][gc,phases      ] GC(34)   Post Evacuate Collection Set: 0.68ms
[203.797s][info][gc,phases      ] GC(34)   Other: 0.09ms
[203.797s][info][gc,heap        ] GC(34) Eden regions: 651->0(699)
[203.797s][info][gc,heap        ] GC(34) Survivor regions: 59->63(89)
[203.797s][info][gc,heap        ] GC(34) Old regions: 673->696
[203.797s][info][gc,heap        ] GC(34) Humongous regions: 162->162
[203.797s][info][gc,metaspace   ] GC(34) Metaspace: 28069K(28352K)->28069K(28352K) NonClass: 23214K(23360K)->23214K(23360K) Class: 4854K(4992K)->4854K(4992K)
[203.797s][info][gc             ] GC(34) Pause Young (Normal) (G1 Evacuation Pause) 3082M->1835M(4096M) 81.082ms
[203.797s][info][gc,cpu         ] GC(34) User=0.45s Sys=0.03s Real=0.08s
... (rIR:aIR:PR = 1949:1930:1930) (tPR = 31409) [OK] 
   206s:       trying IR =   2319 .[207.859s][info][gc,start       ] GC(35) Pause Young (Normal) (G1 Evacuation Pause)
[207.859s][info][gc,task        ] GC(35) Using 6 workers of 6 for evacuation
[207.949s][info][gc,phases      ] GC(35)   Pre Evacuate Collection Set: 0.33ms
[207.949s][info][gc,phases      ] GC(35)   Merge Heap Roots: 0.37ms
[207.949s][info][gc,phases      ] GC(35)   Evacuate Collection Set: 88.19ms
[207.949s][info][gc,phases      ] GC(35)   Post Evacuate Collection Set: 0.78ms
[207.949s][info][gc,phases      ] GC(35)   Other: 0.07ms
[207.949s][info][gc,heap        ] GC(35) Eden regions: 702->0(737)
[207.949s][info][gc,heap        ] GC(35) Survivor regions: 63->71(96)
[207.949s][info][gc,heap        ] GC(35) Old regions: 696->721
[207.949s][info][gc,heap        ] GC(35) Humongous regions: 162->162
[207.949s][info][gc,metaspace   ] GC(35) Metaspace: 28094K(28352K)->28094K(28352K) NonClass: 23239K(23360K)->23239K(23360K) Class: 4854K(4992K)->4854K(4992K)
[207.949s][info][gc             ] GC(35) Pause Young (Normal) (G1 Evacuation Pause) 3239M->1900M(4096M) 89.888ms
[207.949s][info][gc,cpu         ] GC(35) User=0.51s Sys=0.02s Real=0.09s
... (rIR:aIR:PR = 2319:2315:2315) (tPR = 37510) [OK] 
   210s:       trying IR =   2762 .[211.845s][info][gc,start       ] GC(36) Pause Young (Normal) (G1 Evacuation Pause)
[211.845s][info][gc,task        ] GC(36) Using 6 workers of 6 for evacuation
[211.937s][info][gc,phases      ] GC(36)   Pre Evacuate Collection Set: 0.37ms
[211.937s][info][gc,phases      ] GC(36)   Merge Heap Roots: 0.42ms
[211.937s][info][gc,phases      ] GC(36)   Evacuate Collection Set: 90.72ms
[211.937s][info][gc,phases      ] GC(36)   Post Evacuate Collection Set: 0.77ms
[211.937s][info][gc,phases      ] GC(36)   Other: 0.09ms
[211.938s][info][gc,heap        ] GC(36) Eden regions: 740->0(760)
[211.938s][info][gc,heap        ] GC(36) Survivor regions: 71->74(102)
[211.938s][info][gc,heap        ] GC(36) Old regions: 721->748
[211.938s][info][gc,heap        ] GC(36) Humongous regions: 162->162
[211.938s][info][gc,metaspace   ] GC(36) Metaspace: 28148K(28416K)->28148K(28416K) NonClass: 23293K(23424K)->23293K(23424K) Class: 4854K(4992K)->4854K(4992K)
[211.938s][info][gc             ] GC(36) Pause Young (Normal) (G1 Evacuation Pause) 3380M->1960M(4096M) 92.506ms
[211.938s][info][gc,cpu         ] GC(36) User=0.52s Sys=0.03s Real=0.09s
... (rIR:aIR:PR = 2762:2768:2770) (tPR = 46010) [OK] 
   214s:       trying IR =   3295 [215.575s][info][gc,start       ] GC(37) Pause Young (Normal) (G1 Evacuation Pause)
[215.575s][info][gc,task        ] GC(37) Using 6 workers of 6 for evacuation
[215.669s][info][gc,phases      ] GC(37)   Pre Evacuate Collection Set: 0.41ms
[215.669s][info][gc,phases      ] GC(37)   Merge Heap Roots: 0.38ms
[215.669s][info][gc,phases      ] GC(37)   Evacuate Collection Set: 91.63ms
[215.669s][info][gc,phases      ] GC(37)   Post Evacuate Collection Set: 0.79ms
[215.669s][info][gc,phases      ] GC(37)   Other: 0.09ms
[215.669s][info][gc,heap        ] GC(37) Eden regions: 760->0(768)
[215.669s][info][gc,heap        ] GC(37) Survivor regions: 74->76(105)
[215.669s][info][gc,heap        ] GC(37) Old regions: 748->776
[215.669s][info][gc,heap        ] GC(37) Humongous regions: 162->162
[215.669s][info][gc,metaspace   ] GC(37) Metaspace: 28312K(28608K)->28312K(28608K) NonClass: 23441K(23616K)->23441K(23616K) Class: 4870K(4992K)->4870K(4992K)
[215.669s][info][gc             ] GC(37) Pause Young (Normal) (G1 Evacuation Pause) 3480M->2020M(4096M) 93.442ms
[215.669s][info][gc,cpu         ] GC(37) User=0.53s Sys=0.03s Real=0.10s
....[219.105s][info][gc,start       ] GC(38) Pause Young (Concurrent Start) (G1 Evacuation Pause)
[219.105s][info][gc,task        ] GC(38) Using 6 workers of 6 for evacuation
[219.202s][info][gc,phases      ] GC(38)   Pre Evacuate Collection Set: 0.40ms
[219.202s][info][gc,phases      ] GC(38)   Merge Heap Roots: 0.41ms
[219.202s][info][gc,phases      ] GC(38)   Evacuate Collection Set: 94.75ms
[219.202s][info][gc,phases      ] GC(38)   Post Evacuate Collection Set: 0.78ms
[219.202s][info][gc,phases      ] GC(38)   Other: 0.10ms
[219.202s][info][gc,heap        ] GC(38) Eden regions: 768->0(770)
[219.202s][info][gc,heap        ] GC(38) Survivor regions: 76->81(106)
[219.202s][info][gc,heap        ] GC(38) Old regions: 776->804
[219.202s][info][gc,heap        ] GC(38) Humongous regions: 162->162
[219.202s][info][gc,metaspace   ] GC(38) Metaspace: 28567K(28864K)->28567K(28864K) NonClass: 23686K(23808K)->23686K(23808K) Class: 4881K(5056K)->4881K(5056K)
[219.202s][info][gc             ] GC(38) Pause Young (Concurrent Start) (G1 Evacuation Pause) 3556M->2086M(4096M) 96.565ms
[219.202s][info][gc             ] GC(39) Concurrent Mark Cycle
[219.202s][info][gc,marking     ] GC(39) Concurrent Scan Root Regions
[219.202s][info][gc,cpu         ] GC(38) User=0.55s Sys=0.02s Real=0.10s
[219.303s][info][gc,marking     ] GC(39) Concurrent Scan Root Regions 101.420ms
[219.303s][info][gc,marking     ] GC(39) Concurrent Mark
[219.303s][info][gc,marking     ] GC(39) Concurrent Mark From Roots
[219.303s][info][gc,task        ] GC(39) Using 2 workers of 2 for marking
. (rIR:aIR:PR = 3295:3348:3377) (tPR = 51425) [OK] 
   219s:       trying IR =   3934 [219.907s][info][gc,marking     ] GC(39) Concurrent Mark From Roots 603.533ms
[219.907s][info][gc,marking     ] GC(39) Concurrent Preclean
[219.907s][info][gc,marking     ] GC(39) Concurrent Preclean 0.034ms
[219.907s][info][gc,start       ] GC(39) Pause Remark
[219.912s][info][gc             ] GC(39) Pause Remark 2416M->2070M(4096M) 4.745ms
[219.912s][info][gc,cpu         ] GC(39) User=0.02s Sys=0.00s Real=0.01s
[219.912s][info][gc,marking     ] GC(39) Concurrent Mark 609.063ms
[219.912s][info][gc,marking     ] GC(39) Concurrent Rebuild Remembered Sets and Scrub Regions
[220.167s][info][gc,marking     ] GC(39) Concurrent Rebuild Remembered Sets and Scrub Regions 254.171ms
[220.168s][info][gc,start       ] GC(39) Pause Cleanup
[220.169s][info][gc             ] GC(39) Pause Cleanup 2224M->2224M(4096M) 0.265ms
[220.169s][info][gc,cpu         ] GC(39) User=0.00s Sys=0.00s Real=0.01s
[220.169s][info][gc,marking     ] GC(39) Concurrent Clear Claimed Marks
[220.169s][info][gc,marking     ] GC(39) Concurrent Clear Claimed Marks 0.037ms
[220.169s][info][gc,marking     ] GC(39) Concurrent Cleanup for Next Mark
[220.173s][info][gc,marking     ] GC(39) Concurrent Cleanup for Next Mark 4.350ms
[220.173s][info][gc             ] GC(39) Concurrent Mark Cycle 971.376ms
..[222.349s][info][gc,start       ] GC(40) Pause Young (Prepare Mixed) (G1 Evacuation Pause)
[222.349s][info][gc,task        ] GC(40) Using 6 workers of 6 for evacuation
[222.447s][info][gc,phases      ] GC(40)   Pre Evacuate Collection Set: 0.33ms
[222.447s][info][gc,phases      ] GC(40)   Merge Heap Roots: 0.45ms
[222.447s][info][gc,phases      ] GC(40)   Evacuate Collection Set: 96.22ms
[222.447s][info][gc,phases      ] GC(40)   Post Evacuate Collection Set: 0.79ms
[222.447s][info][gc,phases      ] GC(40)   Other: 0.10ms
[222.447s][info][gc,heap        ] GC(40) Eden regions: 770->0(795)
[222.447s][info][gc,heap        ] GC(40) Survivor regions: 81->87(107)
[222.447s][info][gc,heap        ] GC(40) Old regions: 716->745
[222.447s][info][gc,heap        ] GC(40) Humongous regions: 77->77
[222.447s][info][gc,metaspace   ] GC(40) Metaspace: 28619K(28928K)->28619K(28928K) NonClass: 23738K(23872K)->23738K(23872K) Class: 4881K(5056K)->4881K(5056K)
[222.447s][info][gc             ] GC(40) Pause Young (Prepare Mixed) (G1 Evacuation Pause) 3280M->1810M(4096M) 98.028ms
[222.448s][info][gc,cpu         ] GC(40) User=0.57s Sys=0.01s Real=0.09s
.. (rIR:aIR:PR = 3934:3957:3957) (tPR = 59380) [OK] 
   223s:       trying IR =   4701 .[225.307s][info][gc,start       ] GC(41) Pause Young (Mixed) (G1 Evacuation Pause)
[225.307s][info][gc,task        ] GC(41) Using 6 workers of 6 for evacuation
[225.416s][info][gc,phases      ] GC(41)   Pre Evacuate Collection Set: 0.38ms
[225.416s][info][gc,phases      ] GC(41)   Merge Heap Roots: 0.62ms
[225.416s][info][gc,phases      ] GC(41)   Evacuate Collection Set: 106.58ms
[225.416s][info][gc,phases      ] GC(41)   Merge Optional Heap Roots: 0.02ms
[225.416s][info][gc,phases      ] GC(41)   Evacuate Optional Collection Set: 0.28ms
[225.416s][info][gc,phases      ] GC(41)   Post Evacuate Collection Set: 0.96ms
[225.416s][info][gc,phases      ] GC(41)   Other: 0.10ms
[225.416s][info][gc,heap        ] GC(41) Eden regions: 785->0(842)
[225.416s][info][gc,heap        ] GC(41) Survivor regions: 87->87(109)
[225.416s][info][gc,heap        ] GC(41) Old regions: 745->733
[225.416s][info][gc,heap        ] GC(41) Humongous regions: 77->77
[225.416s][info][gc,metaspace   ] GC(41) Metaspace: 28627K(28928K)->28627K(28928K) NonClass: 23745K(23872K)->23745K(23872K) Class: 4882K(5056K)->4882K(5056K)
[225.416s][info][gc             ] GC(41) Pause Young (Mixed) (G1 Evacuation Pause) 3380M->1785M(4096M) 109.089ms
[225.417s][info][gc,cpu         ] GC(41) User=0.64s Sys=0.01s Real=0.11s
... (rIR:aIR:PR = 4701:4724:4723) (tPR = 74118) [OK] 
   227s:       trying IR =   5621 [228.097s][info][gc,start       ] GC(42) Pause Young (Mixed) (G1 Evacuation Pause)
[228.097s][info][gc,task        ] GC(42) Using 6 workers of 6 for evacuation
[228.211s][info][gc,phases      ] GC(42)   Pre Evacuate Collection Set: 0.38ms
[228.211s][info][gc,phases      ] GC(42)   Merge Heap Roots: 0.56ms
[228.211s][info][gc,phases      ] GC(42)   Evacuate Collection Set: 111.10ms
[228.211s][info][gc,phases      ] GC(42)   Merge Optional Heap Roots: 0.04ms
[228.211s][info][gc,phases      ] GC(42)   Evacuate Optional Collection Set: 0.45ms
[228.211s][info][gc,phases      ] GC(42)   Post Evacuate Collection Set: 1.11ms
[228.211s][info][gc,phases      ] GC(42)   Other: 0.11ms
[228.211s][info][gc,heap        ] GC(42) Eden regions: 821->0(871)
[228.211s][info][gc,heap        ] GC(42) Survivor regions: 87->91(114)
[228.211s][info][gc,heap        ] GC(42) Old regions: 733->719
[228.211s][info][gc,heap        ] GC(42) Humongous regions: 77->77
[228.211s][info][gc,metaspace   ] GC(42) Metaspace: 28643K(28992K)->28643K(28992K) NonClass: 23760K(23936K)->23760K(23936K) Class: 4882K(5056K)->4882K(5056K)
[228.211s][info][gc             ] GC(42) Pause Young (Mixed) (G1 Evacuation Pause) 3427M->1767M(4096M) 113.882ms
[228.211s][info][gc,cpu         ] GC(42) User=0.67s Sys=0.00s Real=0.12s
..[230.574s][info][gc,start       ] GC(43) Pause Young (Mixed) (G1 Evacuation Pause)
[230.574s][info][gc,task        ] GC(43) Using 6 workers of 6 for evacuation
[230.689s][info][gc,phases      ] GC(43)   Pre Evacuate Collection Set: 0.37ms
[230.689s][info][gc,phases      ] GC(43)   Merge Heap Roots: 0.65ms
[230.689s][info][gc,phases      ] GC(43)   Evacuate Collection Set: 112.71ms
[230.689s][info][gc,phases      ] GC(43)   Merge Optional Heap Roots: 0.04ms
[230.689s][info][gc,phases      ] GC(43)   Evacuate Optional Collection Set: 0.24ms
[230.689s][info][gc,phases      ] GC(43)   Post Evacuate Collection Set: 1.08ms
[230.689s][info][gc,phases      ] GC(43)   Other: 0.11ms
[230.689s][info][gc,heap        ] GC(43) Eden regions: 846->0(549)
[230.689s][info][gc,heap        ] GC(43) Survivor regions: 91->91(118)
[230.689s][info][gc,heap        ] GC(43) Old regions: 719->702
[230.689s][info][gc,heap        ] GC(43) Humongous regions: 77->77
[230.689s][info][gc,metaspace   ] GC(43) Metaspace: 28644K(28992K)->28644K(28992K) NonClass: 23762K(23936K)->23762K(23936K) Class: 4882K(5056K)->4882K(5056K)
[230.689s][info][gc             ] GC(43) Pause Young (Mixed) (G1 Evacuation Pause) 3459M->1734M(4096M) 115.343ms
[230.689s][info][gc,cpu         ] GC(43) User=0.68s Sys=0.01s Real=0.12s
.. (rIR:aIR:PR = 5621:5620:5620) (tPR = 82204) [OK] 
   231s:       trying IR =   6725 [232.333s][info][gc,start       ] GC(44) Pause Young (Mixed) (G1 Evacuation Pause)
[232.333s][info][gc,task        ] GC(44) Using 6 workers of 6 for evacuation
[232.445s][info][gc,phases      ] GC(44)   Pre Evacuate Collection Set: 0.38ms
[232.445s][info][gc,phases      ] GC(44)   Merge Heap Roots: 0.74ms
[232.445s][info][gc,phases      ] GC(44)   Evacuate Collection Set: 109.96ms
[232.445s][info][gc,phases      ] GC(44)   Post Evacuate Collection Set: 0.98ms
[232.445s][info][gc,phases      ] GC(44)   Other: 0.08ms
[232.445s][info][gc,heap        ] GC(44) Eden regions: 620->0(882)
[232.445s][info][gc,heap        ] GC(44) Survivor regions: 91->47(89)
[232.445s][info][gc,heap        ] GC(44) Old regions: 702->735
[232.445s][info][gc,heap        ] GC(44) Humongous regions: 77->77
[232.445s][info][gc,metaspace   ] GC(44) Metaspace: 28648K(28992K)->28648K(28992K) NonClass: 23766K(23936K)->23766K(23936K) Class: 4882K(5056K)->4882K(5056K)
[232.445s][info][gc             ] GC(44) Pause Young (Mixed) (G1 Evacuation Pause) 2974M->1711M(4096M) 112.274ms
[232.445s][info][gc,cpu         ] GC(44) User=0.67s Sys=0.00s Real=0.11s
..[234.508s][info][gc,start       ] GC(45) Pause Young (Mixed) (G1 Evacuation Pause)
[234.508s][info][gc,task        ] GC(45) Using 6 workers of 6 for evacuation
[234.603s][info][gc,phases      ] GC(45)   Pre Evacuate Collection Set: 0.33ms
[234.603s][info][gc,phases      ] GC(45)   Merge Heap Roots: 0.71ms
[234.603s][info][gc,phases      ] GC(45)   Evacuate Collection Set: 91.56ms
[234.603s][info][gc,phases      ] GC(45)   Merge Optional Heap Roots: 0.04ms
[234.603s][info][gc,phases      ] GC(45)   Evacuate Optional Collection Set: 0.78ms
[234.603s][info][gc,phases      ] GC(45)   Post Evacuate Collection Set: 1.03ms
[234.603s][info][gc,phases      ] GC(45)   Other: 0.11ms
[234.603s][info][gc,heap        ] GC(45) Eden regions: 886->0(916)
[234.603s][info][gc,heap        ] GC(45) Survivor regions: 47->89(117)
[234.603s][info][gc,heap        ] GC(45) Old regions: 735->684
[234.603s][info][gc,heap        ] GC(45) Humongous regions: 77->77
[234.603s][info][gc,metaspace   ] GC(45) Metaspace: 28684K(28992K)->28684K(28992K) NonClass: 23802K(23936K)->23802K(23936K) Class: 4882K(5056K)->4882K(5056K)
[234.603s][info][gc             ] GC(45) Pause Young (Mixed) (G1 Evacuation Pause) 3483M->1694M(4096M) 94.708ms
[234.603s][info][gc,cpu         ] GC(45) User=0.57s Sys=0.00s Real=0.10s
.. (rIR:aIR:PR = 6725:6764:6764) (tPR = 99024) [OK] 
   235s:       trying IR =   8050 [236.585s][info][gc,start       ] GC(46) Pause Young (Mixed) (G1 Evacuation Pause)
[236.585s][info][gc,task        ] GC(46) Using 6 workers of 6 for evacuation
[236.712s][info][gc,phases      ] GC(46)   Pre Evacuate Collection Set: 0.35ms
[236.712s][info][gc,phases      ] GC(46)   Merge Heap Roots: 0.80ms
[236.712s][info][gc,phases      ] GC(46)   Evacuate Collection Set: 121.30ms
[236.712s][info][gc,phases      ] GC(46)   Merge Optional Heap Roots: 0.16ms
[236.712s][info][gc,phases      ] GC(46)   Evacuate Optional Collection Set: 3.08ms
[236.712s][info][gc,phases      ] GC(46)   Post Evacuate Collection Set: 1.06ms
[236.712s][info][gc,phases      ] GC(46)   Other: 0.11ms
[236.712s][info][gc,heap        ] GC(46) Eden regions: 916->0(948)
[236.712s][info][gc,heap        ] GC(46) Survivor regions: 89->96(126)
[236.712s][info][gc,heap        ] GC(46) Old regions: 684->640
[236.712s][info][gc,heap        ] GC(46) Humongous regions: 77->77
[236.712s][info][gc,metaspace   ] GC(46) Metaspace: 28685K(28992K)->28685K(28992K) NonClass: 23803K(23936K)->23803K(23936K) Class: 4882K(5056K)->4882K(5056K)
[236.712s][info][gc             ] GC(46) Pause Young (Mixed) (G1 Evacuation Pause) 3526M->1621M(4096M) 126.993ms
[236.712s][info][gc,cpu         ] GC(46) User=0.73s Sys=0.02s Real=0.13s
..[238.563s][info][gc,start       ] GC(47) Pause Young (Mixed) (G1 Evacuation Pause)
[238.563s][info][gc,task        ] GC(47) Using 6 workers of 6 for evacuation
[238.687s][info][gc,phases      ] GC(47)   Pre Evacuate Collection Set: 0.37ms
[238.687s][info][gc,phases      ] GC(47)   Merge Heap Roots: 0.87ms
[238.687s][info][gc,phases      ] GC(47)   Evacuate Collection Set: 122.57ms
[238.687s][info][gc,phases      ] GC(47)   Post Evacuate Collection Set: 0.85ms
[238.687s][info][gc,phases      ] GC(47)   Other: 0.09ms
[238.687s][info][gc,heap        ] GC(47) Eden regions: 949->0(962)
[238.687s][info][gc,heap        ] GC(47) Survivor regions: 96->97(131)
[238.687s][info][gc,heap        ] GC(47) Old regions: 640->641
[238.687s][info][gc,heap        ] GC(47) Humongous regions: 77->77
[238.687s][info][gc,metaspace   ] GC(47) Metaspace: 28696K(29056K)->28696K(29056K) NonClass: 23814K(24000K)->23814K(24000K) Class: 4882K(5056K)->4882K(5056K)
[238.687s][info][gc             ] GC(47) Pause Young (Mixed) (G1 Evacuation Pause) 3519M->1627M(4096M) 124.876ms
[238.687s][info][gc,cpu         ] GC(47) User=0.74s Sys=0.00s Real=0.12s
..[240.542s][info][gc,start       ] GC(48) Pause Young (Normal) (G1 Evacuation Pause)
[240.542s][info][gc,task        ] GC(48) Using 6 workers of 6 for evacuation
[240.654s][info][gc,phases      ] GC(48)   Pre Evacuate Collection Set: 0.35ms
[240.654s][info][gc,phases      ] GC(48)   Merge Heap Roots: 0.50ms
[240.654s][info][gc,phases      ] GC(48)   Evacuate Collection Set: 109.91ms
[240.654s][info][gc,phases      ] GC(48)   Post Evacuate Collection Set: 0.88ms
[240.654s][info][gc,phases      ] GC(48)   Other: 0.10ms
[240.654s][info][gc,heap        ] GC(48) Eden regions: 962->0(959)
[240.654s][info][gc,heap        ] GC(48) Survivor regions: 97->102(133)
[240.654s][info][gc,heap        ] GC(48) Old regions: 641->672
[240.654s][info][gc,heap        ] GC(48) Humongous regions: 77->77
[240.654s][info][gc,metaspace   ] GC(48) Metaspace: 28696K(29056K)->28696K(29056K) NonClass: 23814K(24000K)->23814K(24000K) Class: 4882K(5056K)->4882K(5056K)
[240.654s][info][gc             ] GC(48) Pause Young (Normal) (G1 Evacuation Pause) 3551M->1698M(4096M) 111.865ms
[240.654s][info][gc,cpu         ] GC(48) User=0.67s Sys=0.00s Real=0.11s
. (rIR:aIR:PR = 8050:8167:8176) (tPR = 122441) [OK] 
   240s:       trying IR =   9640 .[242.275s][info][gc,start       ] GC(49) Pause Young (Normal) (G1 Evacuation Pause)
[242.275s][info][gc,task        ] GC(49) Using 6 workers of 6 for evacuation
[242.388s][info][gc,phases      ] GC(49)   Pre Evacuate Collection Set: 0.37ms
[242.388s][info][gc,phases      ] GC(49)   Merge Heap Roots: 0.46ms
[242.388s][info][gc,phases      ] GC(49)   Evacuate Collection Set: 110.78ms
[242.388s][info][gc,phases      ] GC(49)   Post Evacuate Collection Set: 0.91ms
[242.388s][info][gc,phases      ] GC(49)   Other: 0.08ms
[242.388s][info][gc,heap        ] GC(49) Eden regions: 959->0(952)
[242.388s][info][gc,heap        ] GC(49) Survivor regions: 102->103(133)
[242.388s][info][gc,heap        ] GC(49) Old regions: 672->703
[242.388s][info][gc,heap        ] GC(49) Humongous regions: 77->77
[242.388s][info][gc,metaspace   ] GC(49) Metaspace: 28696K(29056K)->28696K(29056K) NonClass: 23814K(24000K)->23814K(24000K) Class: 4882K(5056K)->4882K(5056K)
[242.388s][info][gc             ] GC(49) Pause Young (Normal) (G1 Evacuation Pause) 3616M->1764M(4096M) 112.723ms
[242.388s][info][gc,cpu         ] GC(49) User=0.67s Sys=0.00s Real=0.11s
..[243.989s][info][gc,start       ] GC(50) Pause Young (Normal) (G1 Evacuation Pause)
[243.990s][info][gc,task        ] GC(50) Using 6 workers of 6 for evacuation
[244.106s][info][gc,phases      ] GC(50)   Pre Evacuate Collection Set: 0.35ms
[244.106s][info][gc,phases      ] GC(50)   Merge Heap Roots: 0.52ms
[244.106s][info][gc,phases      ] GC(50)   Evacuate Collection Set: 114.15ms
[244.106s][info][gc,phases      ] GC(50)   Post Evacuate Collection Set: 0.89ms
[244.106s][info][gc,phases      ] GC(50)   Other: 0.08ms
[244.106s][info][gc,heap        ] GC(50) Eden regions: 952->0(925)
[244.106s][info][gc,heap        ] GC(50) Survivor regions: 103->104(132)
[244.106s][info][gc,heap        ] GC(50) Old regions: 703->735
[244.106s][info][gc,heap        ] GC(50) Humongous regions: 77->77
[244.106s][info][gc,metaspace   ] GC(50) Metaspace: 28697K(29056K)->28697K(29056K) NonClass: 23815K(24000K)->23815K(24000K) Class: 4882K(5056K)->4882K(5056K)
[244.106s][info][gc             ] GC(50) Pause Young (Normal) (G1 Evacuation Pause) 3668M->1829M(4096M) 116.136ms
[244.106s][info][gc,cpu         ] GC(50) User=0.69s Sys=0.00s Real=0.11s
.[245.545s][info][gc,start       ] GC(51) Pause Young (Normal) (G1 Evacuation Pause)
[245.545s][info][gc,task        ] GC(51) Using 6 workers of 6 for evacuation
[245.654s][info][gc,phases      ] GC(51)   Pre Evacuate Collection Set: 0.33ms
[245.654s][info][gc,phases      ] GC(51)   Merge Heap Roots: 0.45ms
[245.654s][info][gc,phases      ] GC(51)   Evacuate Collection Set: 107.60ms
[245.654s][info][gc,phases      ] GC(51)   Post Evacuate Collection Set: 0.85ms
[245.654s][info][gc,phases      ] GC(51)   Other: 0.08ms
[245.654s][info][gc,heap        ] GC(51) Eden regions: 925->0(904)
[245.654s][info][gc,heap        ] GC(51) Survivor regions: 104->99(129)
[245.654s][info][gc,heap        ] GC(51) Old regions: 735->766
[245.654s][info][gc,heap        ] GC(51) Humongous regions: 77->77
[245.654s][info][gc,metaspace   ] GC(51) Metaspace: 28725K(29056K)->28725K(29056K) NonClass: 23842K(24000K)->23842K(24000K) Class: 4882K(5056K)->4882K(5056K)
[245.654s][info][gc             ] GC(51) Pause Young (Normal) (G1 Evacuation Pause) 3679M->1882M(4096M) 109.434ms
[245.655s][info][gc,cpu         ] GC(51) User=0.65s Sys=0.00s Real=0.11s
. (rIR:aIR:PR = 9640:9657:9661) (tPR = 146440) [OK] 
   245s:       trying IR =  11548 .[246.969s][info][gc,start       ] GC(52) Pause Young (Normal) (G1 Evacuation Pause)
[246.969s][info][gc,task        ] GC(52) Using 6 workers of 6 for evacuation
[247.080s][info][gc,phases      ] GC(52)   Pre Evacuate Collection Set: 0.31ms
[247.080s][info][gc,phases      ] GC(52)   Merge Heap Roots: 0.45ms
[247.080s][info][gc,phases      ] GC(52)   Evacuate Collection Set: 108.82ms
[247.080s][info][gc,phases      ] GC(52)   Post Evacuate Collection Set: 0.88ms
[247.080s][info][gc,phases      ] GC(52)   Other: 0.07ms
[247.080s][info][gc,heap        ] GC(52) Eden regions: 904->0(870)
[247.080s][info][gc,heap        ] GC(52) Survivor regions: 99->99(126)
[247.080s][info][gc,heap        ] GC(52) Old regions: 766->800
[247.080s][info][gc,heap        ] GC(52) Humongous regions: 77->77
[247.080s][info][gc,metaspace   ] GC(52) Metaspace: 28728K(29056K)->28728K(29056K) NonClass: 23845K(24000K)->23845K(24000K) Class: 4882K(5056K)->4882K(5056K)
[247.080s][info][gc             ] GC(52) Pause Young (Normal) (G1 Evacuation Pause) 3690M->1949M(4096M) 110.661ms
[247.080s][info][gc,cpu         ] GC(52) User=0.66s Sys=0.00s Real=0.11s
.[248.222s][info][gc,start       ] GC(53) Pause Young (Normal) (G1 Evacuation Pause)
[248.222s][info][gc,task        ] GC(53) Using 6 workers of 6 for evacuation
[248.337s][info][gc,phases      ] GC(53)   Pre Evacuate Collection Set: 0.32ms
[248.337s][info][gc,phases      ] GC(53)   Merge Heap Roots: 0.45ms
[248.337s][info][gc,phases      ] GC(53)   Evacuate Collection Set: 113.36ms
[248.337s][info][gc,phases      ] GC(53)   Post Evacuate Collection Set: 0.77ms
[248.337s][info][gc,phases      ] GC(53)   Other: 0.07ms
[248.337s][info][gc,heap        ] GC(53) Eden regions: 870->0(830)
[248.337s][info][gc,heap        ] GC(53) Survivor regions: 99->104(122)
[248.337s][info][gc,heap        ] GC(53) Old regions: 800->830
[248.337s][info][gc,heap        ] GC(53) Humongous regions: 77->77
[248.337s][info][gc,metaspace   ] GC(53) Metaspace: 28728K(29056K)->28728K(29056K) NonClass: 23845K(24000K)->23845K(24000K) Class: 4882K(5056K)->4882K(5056K)
[248.337s][info][gc             ] GC(53) Pause Young (Normal) (G1 Evacuation Pause) 3689M->2020M(4096M) 115.109ms
[248.337s][info][gc,cpu         ] GC(53) User=0.68s Sys=0.00s Real=0.11s
.[249.481s][info][gc,start       ] GC(54) Pause Young (Normal) (G1 Evacuation Pause)
[249.481s][info][gc,task        ] GC(54) Using 6 workers of 6 for evacuation
[249.595s][info][gc,phases      ] GC(54)   Pre Evacuate Collection Set: 0.32ms
[249.595s][info][gc,phases      ] GC(54)   Merge Heap Roots: 0.45ms
[249.595s][info][gc,phases      ] GC(54)   Evacuate Collection Set: 112.01ms
[249.595s][info][gc,phases      ] GC(54)   Post Evacuate Collection Set: 0.74ms
[249.595s][info][gc,phases      ] GC(54)   Other: 0.07ms
[249.595s][info][gc,heap        ] GC(54) Eden regions: 830->0(844)
[249.595s][info][gc,heap        ] GC(54) Survivor regions: 104->61(117)
[249.595s][info][gc,heap        ] GC(54) Old regions: 830->902
[249.595s][info][gc,heap        ] GC(54) Humongous regions: 77->77
[249.595s][info][gc,metaspace   ] GC(54) Metaspace: 28728K(29056K)->28728K(29056K) NonClass: 23845K(24000K)->23845K(24000K) Class: 4882K(5056K)->4882K(5056K)
[249.595s][info][gc             ] GC(54) Pause Young (Normal) (G1 Evacuation Pause) 3680M->2078M(4096M) 113.718ms
[249.595s][info][gc,cpu         ] GC(54) User=0.68s Sys=0.00s Real=0.11s
. (rIR:aIR:PR = 11548:11223:11199) (tPR = 168278) [OK] 
   249s:       trying IR =  13837 [250.707s][info][gc,start       ] GC(55) Pause Young (Concurrent Start) (G1 Evacuation Pause)
[250.707s][info][gc,task        ] GC(55) Using 6 workers of 6 for evacuation
[250.796s][info][gc,phases      ] GC(55)   Pre Evacuate Collection Set: 0.44ms
[250.796s][info][gc,phases      ] GC(55)   Merge Heap Roots: 0.44ms
[250.796s][info][gc,phases      ] GC(55)   Evacuate Collection Set: 86.79ms
[250.796s][info][gc,phases      ] GC(55)   Post Evacuate Collection Set: 0.76ms
[250.796s][info][gc,phases      ] GC(55)   Other: 0.12ms
[250.796s][info][gc,heap        ] GC(55) Eden regions: 844->0(803)
[250.796s][info][gc,heap        ] GC(55) Survivor regions: 61->63(114)
[250.796s][info][gc,heap        ] GC(55) Old regions: 902->939
[250.796s][info][gc,heap        ] GC(55) Humongous regions: 77->77
[250.796s][info][gc,metaspace   ] GC(55) Metaspace: 28735K(29056K)->28735K(29056K) NonClass: 23852K(24000K)->23852K(24000K) Class: 4882K(5056K)->4882K(5056K)
[250.796s][info][gc             ] GC(55) Pause Young (Concurrent Start) (G1 Evacuation Pause) 3766M->2154M(4096M) 88.667ms
[250.796s][info][gc             ] GC(56) Concurrent Mark Cycle
[250.796s][info][gc,marking     ] GC(56) Concurrent Scan Root Regions
[250.796s][info][gc,cpu         ] GC(55) User=0.52s Sys=0.00s Real=0.09s
[250.937s][info][gc,marking     ] GC(56) Concurrent Scan Root Regions 141.698ms
[250.937s][info][gc,marking     ] GC(56) Concurrent Mark
[250.937s][info][gc,marking     ] GC(56) Concurrent Mark From Roots
[250.937s][info][gc,task        ] GC(56) Using 2 workers of 2 for marking
.[252.248s][info][gc,start       ] GC(57) Pause Young (Normal) (G1 Evacuation Pause)
[252.248s][info][gc,task        ] GC(57) Using 6 workers of 6 for evacuation
[252.333s][info][gc,phases      ] GC(57)   Pre Evacuate Collection Set: 0.33ms
[252.333s][info][gc,phases      ] GC(57)   Merge Heap Roots: 0.41ms
[252.333s][info][gc,phases      ] GC(57)   Evacuate Collection Set: 83.43ms
[252.333s][info][gc,phases      ] GC(57)   Post Evacuate Collection Set: 0.72ms
[252.333s][info][gc,phases      ] GC(57)   Other: 0.07ms
[252.333s][info][gc,heap        ] GC(57) Eden regions: 803->0(774)
[252.333s][info][gc,heap        ] GC(57) Survivor regions: 63->57(109)
[252.333s][info][gc,heap        ] GC(57) Old regions: 939->980
[252.333s][info][gc,heap        ] GC(57) Humongous regions: 77->77
[252.333s][info][gc,metaspace   ] GC(57) Metaspace: 28736K(29056K)->28736K(29056K) NonClass: 23853K(24000K)->23853K(24000K) Class: 4882K(5056K)->4882K(5056K)
[252.333s][info][gc             ] GC(57) Pause Young (Normal) (G1 Evacuation Pause) 3760M->2226M(4096M) 85.086ms
[252.333s][info][gc,cpu         ] GC(57) User=0.51s Sys=0.00s Real=0.09s
[252.585s][info][gc,marking     ] GC(56) Concurrent Mark From Roots 1647.062ms
[252.585s][info][gc,marking     ] GC(56) Concurrent Preclean
[252.585s][info][gc,marking     ] GC(56) Concurrent Preclean 0.198ms
[252.586s][info][gc,start       ] GC(56) Pause Remark
[252.595s][info][gc             ] GC(56) Pause Remark 2498M->2474M(4096M) 8.190ms
[252.595s][info][gc,cpu         ] GC(56) User=0.04s Sys=0.00s Real=0.01s
[252.597s][info][gc,marking     ] GC(56) Concurrent Mark 1659.286ms
[252.597s][info][gc,marking     ] GC(56) Concurrent Rebuild Remembered Sets and Scrub Regions
.[253.208s][info][gc,marking     ] GC(56) Concurrent Rebuild Remembered Sets and Scrub Regions 610.757ms
[253.211s][info][gc,start       ] GC(56) Pause Cleanup
[253.211s][info][gc             ] GC(56) Pause Cleanup 3236M->3236M(4096M) 0.344ms
[253.211s][info][gc,cpu         ] GC(56) User=0.00s Sys=0.00s Real=0.00s
[253.211s][info][gc,marking     ] GC(56) Concurrent Clear Claimed Marks
[253.211s][info][gc,marking     ] GC(56) Concurrent Clear Claimed Marks 0.037ms
[253.211s][info][gc,marking     ] GC(56) Concurrent Cleanup for Next Mark
[253.333s][info][gc,marking     ] GC(56) Concurrent Cleanup for Next Mark 121.672ms
[253.333s][info][gc             ] GC(56) Concurrent Mark Cycle 2537.050ms
[253.517s][info][gc,start       ] GC(58) Pause Young (Prepare Mixed) (G1 Evacuation Pause)
[253.517s][info][gc,task        ] GC(58) Using 6 workers of 6 for evacuation
[253.603s][info][gc,phases      ] GC(58)   Pre Evacuate Collection Set: 0.33ms
[253.603s][info][gc,phases      ] GC(58)   Merge Heap Roots: 0.42ms
[253.603s][info][gc,phases      ] GC(58)   Evacuate Collection Set: 83.48ms
[253.603s][info][gc,phases      ] GC(58)   Post Evacuate Collection Set: 0.79ms
[253.603s][info][gc,phases      ] GC(58)   Other: 0.09ms
[253.603s][info][gc,heap        ] GC(58) Eden regions: 774->0(742)
[253.603s][info][gc,heap        ] GC(58) Survivor regions: 57->59(104)
[253.603s][info][gc,heap        ] GC(58) Old regions: 968->1008
[253.603s][info][gc,heap        ] GC(58) Humongous regions: 77->77
[253.603s][info][gc,metaspace   ] GC(58) Metaspace: 28736K(29056K)->28736K(29056K) NonClass: 23853K(24000K)->23853K(24000K) Class: 4882K(5056K)->4882K(5056K)
[253.603s][info][gc             ] GC(58) Pause Young (Prepare Mixed) (G1 Evacuation Pause) 3750M->2285M(4096M) 85.233ms
[253.603s][info][gc,cpu         ] GC(58) User=0.51s Sys=0.00s Real=0.09s
.[254.810s][info][gc,start       ] GC(59) Pause Young (Mixed) (G1 Evacuation Pause)
[254.810s][info][gc,task        ] GC(59) Using 6 workers of 6 for evacuation
[254.890s][info][gc,phases      ] GC(59)   Pre Evacuate Collection Set: 0.41ms
[254.890s][info][gc,phases      ] GC(59)   Merge Heap Roots: 0.49ms
[254.890s][info][gc,phases      ] GC(59)   Evacuate Collection Set: 78.70ms
[254.890s][info][gc,phases      ] GC(59)   Post Evacuate Collection Set: 0.93ms
[254.890s][info][gc,phases      ] GC(59)   Other: 0.09ms
[254.890s][info][gc,heap        ] GC(59) Eden regions: 742->0(916)
[254.890s][info][gc,heap        ] GC(59) Survivor regions: 59->47(101)
[254.890s][info][gc,heap        ] GC(59) Old regions: 1008->846
[254.890s][info][gc,heap        ] GC(59) Humongous regions: 77->77
[254.890s][info][gc,metaspace   ] GC(59) Metaspace: 28736K(29056K)->28736K(29056K) NonClass: 23853K(24000K)->23853K(24000K) Class: 4882K(5056K)->4882K(5056K)
[254.890s][info][gc             ] GC(59) Pause Young (Mixed) (G1 Evacuation Pause) 3769M->1937M(4096M) 80.750ms
[254.890s][info][gc,cpu         ] GC(59) User=0.48s Sys=0.00s Real=0.08s
.[255.957s][info][gc,start       ] GC(60) Pause Young (Mixed) (G1 Evacuation Pause)
[255.957s][info][gc,task        ] GC(60) Using 6 workers of 6 for evacuation
[256.065s][info][gc,phases      ] GC(60)   Pre Evacuate Collection Set: 0.40ms
[256.065s][info][gc,phases      ] GC(60)   Merge Heap Roots: 0.76ms
[256.065s][info][gc,phases      ] GC(60)   Evacuate Collection Set: 105.18ms
[256.065s][info][gc,phases      ] GC(60)   Post Evacuate Collection Set: 1.07ms
[256.065s][info][gc,phases      ] GC(60)   Other: 0.10ms
[256.065s][info][gc,heap        ] GC(60) Eden regions: 916->0(1018)
[256.065s][info][gc,heap        ] GC(60) Survivor regions: 47->98(121)
[256.065s][info][gc,heap        ] GC(60) Old regions: 846->654
[256.065s][info][gc,heap        ] GC(60) Humongous regions: 77->77
[256.065s][info][gc,metaspace   ] GC(60) Metaspace: 28737K(29056K)->28737K(29056K) NonClass: 23854K(24000K)->23854K(24000K) Class: 4882K(5056K)->4882K(5056K)
[256.065s][info][gc             ] GC(60) Pause Young (Mixed) (G1 Evacuation Pause) 3769M->1654M(4096M) 107.683ms
[256.065s][info][gc,cpu         ] GC(60) User=0.64s Sys=0.00s Real=0.11s
.[257.309s][info][gc,start       ] GC(61) Pause Young (Mixed) (G1 Evacuation Pause)
[257.309s][info][gc,task        ] GC(61) Using 6 workers of 6 for evacuation
[257.458s][info][gc,phases      ] GC(61)   Pre Evacuate Collection Set: 0.37ms
[257.458s][info][gc,phases      ] GC(61)   Merge Heap Roots: 0.96ms
[257.458s][info][gc,phases      ] GC(61)   Evacuate Collection Set: 134.54ms
[257.458s][info][gc,phases      ] GC(61)   Merge Optional Heap Roots: 0.26ms
[257.458s][info][gc,phases      ] GC(61)   Evacuate Optional Collection Set: 10.74ms
[257.458s][info][gc,phases      ] GC(61)   Post Evacuate Collection Set: 1.15ms
[257.458s][info][gc,phases      ] GC(61)   Other: 0.13ms
[257.458s][info][gc,heap        ] GC(61) Eden regions: 1018->0(1026)
[257.458s][info][gc,heap        ] GC(61) Survivor regions: 98->109(140)
[257.458s][info][gc,heap        ] GC(61) Old regions: 654->592
[257.458s][info][gc,heap        ] GC(61) Humongous regions: 77->77
[257.458s][info][gc,metaspace   ] GC(61) Metaspace: 28737K(29056K)->28737K(29056K) NonClass: 23854K(24000K)->23854K(24000K) Class: 4882K(5056K)->4882K(5056K)
[257.458s][info][gc             ] GC(61) Pause Young (Mixed) (G1 Evacuation Pause) 3690M->1553M(4096M) 148.305ms
[257.458s][info][gc,cpu         ] GC(61) User=0.88s Sys=0.00s Real=0.14s
..[258.913s][info][gc,start       ] GC(62) Pause Young (Mixed) (G1 Evacuation Pause)
[258.913s][info][gc,task        ] GC(62) Using 6 workers of 6 for evacuation
[259.053s][info][gc,phases      ] GC(62)   Pre Evacuate Collection Set: 0.36ms
[259.053s][info][gc,phases      ] GC(62)   Merge Heap Roots: 0.95ms
[259.053s][info][gc,phases      ] GC(62)   Evacuate Collection Set: 137.73ms
[259.053s][info][gc,phases      ] GC(62)   Post Evacuate Collection Set: 0.89ms
[259.053s][info][gc,phases      ] GC(62)   Other: 0.08ms
[259.053s][info][gc,heap        ] GC(62) Eden regions: 1026->0(1022)
[259.053s][info][gc,heap        ] GC(62) Survivor regions: 109->111(142)
[259.053s][info][gc,heap        ] GC(62) Old regions: 592->621
[259.053s][info][gc,heap        ] GC(62) Humongous regions: 77->77
[259.053s][info][gc,metaspace   ] GC(62) Metaspace: 28737K(29056K)->28737K(29056K) NonClass: 23855K(24000K)->23855K(24000K) Class: 4882K(5056K)->4882K(5056K)
[259.053s][info][gc             ] GC(62) Pause Young (Mixed) (G1 Evacuation Pause) 3605M->1614M(4096M) 140.139ms
[259.053s][info][gc,cpu         ] GC(62) User=0.84s Sys=0.00s Real=0.14s
.[260.309s][info][gc,start       ] GC(63) Pause Young (Normal) (G1 Evacuation Pause)
[260.309s][info][gc,task        ] GC(63) Using 6 workers of 6 for evacuation
[260.427s][info][gc,phases      ] GC(63)   Pre Evacuate Collection Set: 0.39ms
[260.427s][info][gc,phases      ] GC(63)   Merge Heap Roots: 0.48ms
[260.427s][info][gc,phases      ] GC(63)   Evacuate Collection Set: 115.93ms
[260.427s][info][gc,phases      ] GC(63)   Post Evacuate Collection Set: 0.86ms
[260.427s][info][gc,phases      ] GC(63)   Other: 0.08ms
[260.427s][info][gc,heap        ] GC(63) Eden regions: 1022->0(999)
[260.427s][info][gc,heap        ] GC(63) Survivor regions: 111->108(142)
[260.427s][info][gc,heap        ] GC(63) Old regions: 621->653
[260.427s][info][gc,heap        ] GC(63) Humongous regions: 77->77
[260.427s][info][gc,metaspace   ] GC(63) Metaspace: 28738K(29056K)->28738K(29056K) NonClass: 23855K(24000K)->23855K(24000K) Class: 4882K(5056K)->4882K(5056K)
[260.427s][info][gc             ] GC(63) Pause Young (Normal) (G1 Evacuation Pause) 3658M->1674M(4096M) 117.875ms
[260.427s][info][gc,cpu         ] GC(63) User=0.71s Sys=0.00s Real=0.11s
.[261.837s][info][gc,start       ] GC(64) Pause Young (Normal) (G1 Evacuation Pause)
[261.837s][info][gc,task        ] GC(64) Using 6 workers of 6 for evacuation
[261.963s][info][gc,phases      ] GC(64)   Pre Evacuate Collection Set: 0.33ms
[261.963s][info][gc,phases      ] GC(64)   Merge Heap Roots: 0.47ms
[261.963s][info][gc,phases      ] GC(64)   Evacuate Collection Set: 124.63ms
[261.963s][info][gc,phases      ] GC(64)   Post Evacuate Collection Set: 0.83ms
[261.963s][info][gc,phases      ] GC(64)   Other: 0.08ms
[261.963s][info][gc,heap        ] GC(64) Eden regions: 999->0(950)
[261.963s][info][gc,heap        ] GC(64) Survivor regions: 108->116(139)
[261.963s][info][gc,heap        ] GC(64) Old regions: 653->686
[261.963s][info][gc,heap        ] GC(64) Humongous regions: 77->77
[261.963s][info][gc,metaspace   ] GC(64) Metaspace: 28746K(29056K)->28746K(29056K) NonClass: 23863K(24000K)->23863K(24000K) Class: 4882K(5056K)->4882K(5056K)
[261.963s][info][gc             ] GC(64) Pause Young (Normal) (G1 Evacuation Pause) 3672M->1756M(4096M) 126.458ms
[261.964s][info][gc,cpu         ] GC(64) User=0.75s Sys=0.00s Real=0.13s
.[263.319s][info][gc,start       ] GC(65) Pause Young (Normal) (G1 Evacuation Pause)
[263.319s][info][gc,task        ] GC(65) Using 6 workers of 6 for evacuation
[263.432s][info][gc,phases      ] GC(65)   Pre Evacuate Collection Set: 0.35ms
[263.432s][info][gc,phases      ] GC(65)   Merge Heap Roots: 0.42ms
[263.432s][info][gc,phases      ] GC(65)   Evacuate Collection Set: 111.51ms
[263.432s][info][gc,phases      ] GC(65)   Post Evacuate Collection Set: 0.84ms
[263.432s][info][gc,phases      ] GC(65)   Other: 0.08ms
[263.432s][info][gc,heap        ] GC(65) Eden regions: 950->0(972)
[263.432s][info][gc,heap        ] GC(65) Survivor regions: 116->61(134)
[263.432s][info][gc,heap        ] GC(65) Old regions: 686->762
[263.432s][info][gc,heap        ] GC(65) Humongous regions: 77->77
[263.432s][info][gc,metaspace   ] GC(65) Metaspace: 28746K(29056K)->28746K(29056K) NonClass: 23863K(24000K)->23863K(24000K) Class: 4882K(5056K)->4882K(5056K)
[263.432s][info][gc             ] GC(65) Pause Young (Normal) (G1 Evacuation Pause) 3656M->1797M(4096M) 113.337ms
[263.432s][info][gc,cpu         ] GC(65) User=0.67s Sys=0.00s Real=0.11s
.[264.748s][info][gc,start       ] GC(66) Pause Young (Normal) (G1 Evacuation Pause)
[264.748s][info][gc,task        ] GC(66) Using 6 workers of 6 for evacuation
[264.849s][info][gc,phases      ] GC(66)   Pre Evacuate Collection Set: 0.36ms
[264.850s][info][gc,phases      ] GC(66)   Merge Heap Roots: 0.51ms
[264.850s][info][gc,phases      ] GC(66)   Evacuate Collection Set: 99.71ms
[264.850s][info][gc,phases      ] GC(66)   Post Evacuate Collection Set: 0.83ms
[264.850s][info][gc,phases      ] GC(66)   Other: 0.09ms
[264.850s][info][gc,heap        ] GC(66) Eden regions: 972->0(886)
[264.850s][info][gc,heap        ] GC(66) Survivor regions: 61->110(130)
[264.850s][info][gc,heap        ] GC(66) Old regions: 762->762
[264.850s][info][gc,heap        ] GC(66) Humongous regions: 77->77
[264.850s][info][gc,metaspace   ] GC(66) Metaspace: 28746K(29056K)->28746K(29056K) NonClass: 23863K(24000K)->23863K(24000K) Class: 4882K(5056K)->4882K(5056K)
[264.850s][info][gc             ] GC(66) Pause Young (Normal) (G1 Evacuation Pause) 3741M->1895M(4096M) 101.639ms
[264.850s][info][gc,cpu         ] GC(66) User=0.60s Sys=0.00s Real=0.11s
.[266.041s][info][gc,start       ] GC(67) Pause Young (Normal) (G1 Evacuation Pause)
[266.041s][info][gc,task        ] GC(67) Using 6 workers of 6 for evacuation
[266.157s][info][gc,phases      ] GC(67)   Pre Evacuate Collection Set: 0.35ms
[266.157s][info][gc,phases      ] GC(67)   Merge Heap Roots: 0.43ms
[266.157s][info][gc,phases      ] GC(67)   Evacuate Collection Set: 114.30ms
[266.157s][info][gc,phases      ] GC(67)   Post Evacuate Collection Set: 0.79ms
[266.157s][info][gc,phases      ] GC(67)   Other: 0.08ms
[266.157s][info][gc,heap        ] GC(67) Eden regions: 886->0(896)
[266.157s][info][gc,heap        ] GC(67) Survivor regions: 110->64(125)
[266.157s][info][gc,heap        ] GC(67) Old regions: 762->840
[266.157s][info][gc,heap        ] GC(67) Humongous regions: 77->77
[266.157s][info][gc,metaspace   ] GC(67) Metaspace: 28746K(29056K)->28746K(29056K) NonClass: 23863K(24000K)->23863K(24000K) Class: 4882K(5056K)->4882K(5056K)
[266.157s][info][gc             ] GC(67) Pause Young (Normal) (G1 Evacuation Pause) 3667M->1958M(4096M) 116.105ms
[266.157s][info][gc,cpu         ] GC(67) User=0.69s Sys=0.00s Real=0.11s
.[267.216s][info][gc,start       ] GC(68) Pause Young (Normal) (G1 Evacuation Pause)
[267.216s][info][gc,task        ] GC(68) Using 6 workers of 6 for evacuation
[267.311s][info][gc,phases      ] GC(68)   Pre Evacuate Collection Set: 0.30ms
[267.311s][info][gc,phases      ] GC(68)   Merge Heap Roots: 0.43ms
[267.311s][info][gc,phases      ] GC(68)   Evacuate Collection Set: 93.39ms
[267.311s][info][gc,phases      ] GC(68)   Post Evacuate Collection Set: 0.75ms
[267.311s][info][gc,phases      ] GC(68)   Other: 0.08ms
[267.311s][info][gc,heap        ] GC(68) Eden regions: 896->0(855)
[267.311s][info][gc,heap        ] GC(68) Survivor regions: 64->66(120)
[267.311s][info][gc,heap        ] GC(68) Old regions: 840->881
[267.311s][info][gc,heap        ] GC(68) Humongous regions: 77->77
[267.311s][info][gc,metaspace   ] GC(68) Metaspace: 28746K(29056K)->28746K(29056K) NonClass: 23863K(24000K)->23863K(24000K) Class: 4882K(5056K)->4882K(5056K)
[267.311s][info][gc             ] GC(68) Pause Young (Normal) (G1 Evacuation Pause) 3750M->2044M(4096M) 95.073ms
[267.311s][info][gc,cpu         ] GC(68) User=0.56s Sys=0.00s Real=0.10s
.[268.394s][info][gc,start       ] GC(69) Pause Young (Concurrent Start) (G1 Evacuation Pause)
[268.394s][info][gc,task        ] GC(69) Using 6 workers of 6 for evacuation
[268.486s][info][gc,phases      ] GC(69)   Pre Evacuate Collection Set: 0.40ms
[268.486s][info][gc,phases      ] GC(69)   Merge Heap Roots: 0.42ms
[268.486s][info][gc,phases      ] GC(69)   Evacuate Collection Set: 90.35ms
[268.486s][info][gc,phases      ] GC(69)   Post Evacuate Collection Set: 0.70ms
[268.486s][info][gc,phases      ] GC(69)   Other: 0.10ms
[268.486s][info][gc,heap        ] GC(69) Eden regions: 855->0(820)
[268.486s][info][gc,heap        ] GC(69) Survivor regions: 66->63(116)
[268.486s][info][gc,heap        ] GC(69) Old regions: 881->922
[268.486s][info][gc,heap        ] GC(69) Humongous regions: 77->77
[268.486s][info][gc,metaspace   ] GC(69) Metaspace: 28748K(29056K)->28748K(29056K) NonClass: 23866K(24000K)->23866K(24000K) Class: 4882K(5056K)->4882K(5056K)
[268.486s][info][gc             ] GC(69) Pause Young (Concurrent Start) (G1 Evacuation Pause) 3754M->2122M(4096M) 92.093ms
[268.486s][info][gc             ] GC(70) Concurrent Mark Cycle
[268.486s][info][gc,marking     ] GC(70) Concurrent Scan Root Regions
[268.486s][info][gc,cpu         ] GC(69) User=0.54s Sys=0.00s Real=0.09s
[268.674s][info][gc,marking     ] GC(70) Concurrent Scan Root Regions 187.610ms
[268.674s][info][gc,marking     ] GC(70) Concurrent Mark
[268.674s][info][gc,marking     ] GC(70) Concurrent Mark From Roots
[268.674s][info][gc,task        ] GC(70) Using 2 workers of 2 for marking
.[269.887s][info][gc,marking     ] GC(70) Concurrent Mark From Roots 1213.458ms
[269.887s][info][gc,marking     ] GC(70) Concurrent Preclean
[269.887s][info][gc,marking     ] GC(70) Concurrent Preclean 0.037ms
[269.888s][info][gc,start       ] GC(70) Pause Remark
[269.892s][info][gc             ] GC(70) Pause Remark 3516M->3514M(4096M) 3.882ms
[269.892s][info][gc,cpu         ] GC(70) User=0.02s Sys=0.00s Real=0.01s
[269.892s][info][gc,marking     ] GC(70) Concurrent Mark 1218.730ms
[269.892s][info][gc,marking     ] GC(70) Concurrent Rebuild Remembered Sets and Scrub Regions
[270.107s][info][gc,start       ] GC(71) Pause Young (Normal) (G1 Evacuation Pause)
[270.107s][info][gc,task        ] GC(71) Using 6 workers of 6 for evacuation
[270.195s][info][gc,phases      ] GC(71)   Pre Evacuate Collection Set: 0.31ms
[270.195s][info][gc,phases      ] GC(71)   Merge Heap Roots: 0.44ms
[270.195s][info][gc,phases      ] GC(71)   Evacuate Collection Set: 86.43ms
[270.195s][info][gc,phases      ] GC(71)   Post Evacuate Collection Set: 0.84ms
[270.195s][info][gc,phases      ] GC(71)   Other: 0.10ms
[270.195s][info][gc,heap        ] GC(71) Eden regions: 820->0(785)
[270.195s][info][gc,heap        ] GC(71) Survivor regions: 63->60(111)
[270.195s][info][gc,heap        ] GC(71) Old regions: 921->963
[270.195s][info][gc,heap        ] GC(71) Humongous regions: 77->77
[270.195s][info][gc,metaspace   ] GC(71) Metaspace: 28749K(29056K)->28749K(29056K) NonClass: 23866K(24000K)->23866K(24000K) Class: 4882K(5056K)->4882K(5056K)
[270.195s][info][gc             ] GC(71) Pause Young (Normal) (G1 Evacuation Pause) 3760M->2196M(4096M) 88.250ms
[270.195s][info][gc,cpu         ] GC(71) User=0.52s Sys=0.00s Real=0.09s
.[270.458s][info][gc,marking     ] GC(70) Concurrent Rebuild Remembered Sets and Scrub Regions 566.137ms
[270.459s][info][gc,start       ] GC(70) Pause Cleanup
[270.460s][info][gc             ] GC(70) Pause Cleanup 2468M->2468M(4096M) 0.327ms
[270.460s][info][gc,cpu         ] GC(70) User=0.00s Sys=0.00s Real=0.00s
[270.465s][info][gc,marking     ] GC(70) Concurrent Clear Claimed Marks
[270.465s][info][gc,marking     ] GC(70) Concurrent Clear Claimed Marks 0.073ms
[270.465s][info][gc,marking     ] GC(70) Concurrent Cleanup for Next Mark
[270.470s][info][gc,marking     ] GC(70) Concurrent Cleanup for Next Mark 5.334ms
[270.470s][info][gc             ] GC(70) Concurrent Mark Cycle 1984.359ms
[271.378s][info][gc,start       ] GC(72) Pause Young (Prepare Mixed) (G1 Evacuation Pause)
[271.378s][info][gc,task        ] GC(72) Using 6 workers of 6 for evacuation
[271.462s][info][gc,phases      ] GC(72)   Pre Evacuate Collection Set: 0.30ms
[271.462s][info][gc,phases      ] GC(72)   Merge Heap Roots: 0.47ms
[271.462s][info][gc,phases      ] GC(72)   Evacuate Collection Set: 81.56ms
[271.462s][info][gc,phases      ] GC(72)   Post Evacuate Collection Set: 0.89ms
[271.462s][info][gc,phases      ] GC(72)   Other: 0.10ms
[271.462s][info][gc,heap        ] GC(72) Eden regions: 785->0(760)
[271.462s][info][gc,heap        ] GC(72) Survivor regions: 60->51(106)
[271.462s][info][gc,heap        ] GC(72) Old regions: 963->1006
[271.462s][info][gc,heap        ] GC(72) Humongous regions: 77->77
[271.462s][info][gc,metaspace   ] GC(72) Metaspace: 28749K(29056K)->28749K(29056K) NonClass: 23866K(24000K)->23866K(24000K) Class: 4882K(5056K)->4882K(5056K)
[271.462s][info][gc             ] GC(72) Pause Young (Prepare Mixed) (G1 Evacuation Pause) 3766M->2265M(4096M) 83.460ms
[271.462s][info][gc,cpu         ] GC(72) User=0.49s Sys=0.00s Real=0.09s
.[272.435s][info][gc,start       ] GC(73) Pause Young (Mixed) (G1 Evacuation Pause)
[272.435s][info][gc,task        ] GC(73) Using 6 workers of 6 for evacuation
[272.518s][info][gc,phases      ] GC(73)   Pre Evacuate Collection Set: 0.38ms
[272.518s][info][gc,phases      ] GC(73)   Merge Heap Roots: 0.51ms
[272.518s][info][gc,phases      ] GC(73)   Evacuate Collection Set: 81.15ms
[272.518s][info][gc,phases      ] GC(73)   Post Evacuate Collection Set: 0.89ms
[272.518s][info][gc,phases      ] GC(73)   Other: 0.10ms
[272.518s][info][gc,heap        ] GC(73) Eden regions: 760->0(883)
[272.518s][info][gc,heap        ] GC(73) Survivor regions: 51->90(102)
[272.518s][info][gc,heap        ] GC(73) Old regions: 1006->805
[272.518s][info][gc,heap        ] GC(73) Humongous regions: 77->77
[272.518s][info][gc,metaspace   ] GC(73) Metaspace: 28753K(29056K)->28753K(29056K) NonClass: 23870K(24000K)->23870K(24000K) Class: 4882K(5056K)->4882K(5056K)
[272.518s][info][gc             ] GC(73) Pause Young (Mixed) (G1 Evacuation Pause) 3785M->1942M(4096M) 83.160ms
[272.518s][info][gc,cpu         ] GC(73) User=0.49s Sys=0.00s Real=0.08s
[273.502s][info][gc,start       ] GC(74) Pause Young (Mixed) (G1 Evacuation Pause)
[273.502s][info][gc,task        ] GC(74) Using 6 workers of 6 for evacuation
[273.691s][info][gc,phases      ] GC(74)   Pre Evacuate Collection Set: 0.41ms
[273.691s][info][gc,phases      ] GC(74)   Merge Heap Roots: 0.67ms
[273.691s][info][gc,phases      ] GC(74)   Evacuate Collection Set: 186.75ms
[273.691s][info][gc,phases      ] GC(74)   Post Evacuate Collection Set: 1.03ms
[273.691s][info][gc,phases      ] GC(74)   Other: 0.12ms
[273.691s][info][gc,heap        ] GC(74) Eden regions: 883->0(959)
[273.691s][info][gc,heap        ] GC(74) Survivor regions: 90->122(122)
[273.691s][info][gc,heap        ] GC(74) Old regions: 805->641
[273.691s][info][gc,heap        ] GC(74) Humongous regions: 77->77
[273.691s][info][gc,metaspace   ] GC(74) Metaspace: 28754K(29056K)->28754K(29056K) NonClass: 23872K(24000K)->23872K(24000K) Class: 4882K(5056K)->4882K(5056K)
[273.691s][info][gc             ] GC(74) Pause Young (Mixed) (G1 Evacuation Pause) 3708M->1678M(4096M) 189.120ms
[273.691s][info][gc,cpu         ] GC(74) User=0.85s Sys=0.00s Real=0.19s
.[274.854s][info][gc,start       ] GC(75) Pause Young (Mixed) (G1 Evacuation Pause)
[274.854s][info][gc,task        ] GC(75) Using 6 workers of 6 for evacuation
[275.001s][info][gc,phases      ] GC(75)   Pre Evacuate Collection Set: 0.34ms
[275.001s][info][gc,phases      ] GC(75)   Merge Heap Roots: 0.65ms
[275.001s][info][gc,phases      ] GC(75)   Evacuate Collection Set: 144.59ms
[275.001s][info][gc,phases      ] GC(75)   Merge Optional Heap Roots: 0.07ms
[275.001s][info][gc,phases      ] GC(75)   Evacuate Optional Collection Set: 0.37ms
[275.001s][info][gc,phases      ] GC(75)   Post Evacuate Collection Set: 1.01ms
[275.001s][info][gc,phases      ] GC(75)   Other: 0.10ms
[275.001s][info][gc,heap        ] GC(75) Eden regions: 983->0(1023)
[275.001s][info][gc,heap        ] GC(75) Survivor regions: 122->79(139)
[275.001s][info][gc,heap        ] GC(75) Old regions: 641->667
[275.001s][info][gc,heap        ] GC(75) Humongous regions: 77->77
[275.001s][info][gc,metaspace   ] GC(75) Metaspace: 28754K(29056K)->28754K(29056K) NonClass: 23872K(24000K)->23872K(24000K) Class: 4882K(5056K)->4882K(5056K)
[275.001s][info][gc             ] GC(75) Pause Young (Mixed) (G1 Evacuation Pause) 3644M->1644M(4096M) 147.255ms
[275.001s][info][gc,cpu         ] GC(75) User=0.87s Sys=0.01s Real=0.15s
.[276.340s][info][gc,start       ] GC(76) Pause Young (Mixed) (G1 Evacuation Pause)
[276.340s][info][gc,task        ] GC(76) Using 6 workers of 6 for evacuation
[276.470s][info][gc,phases      ] GC(76)   Pre Evacuate Collection Set: 0.32ms
[276.470s][info][gc,phases      ] GC(76)   Merge Heap Roots: 0.77ms
[276.470s][info][gc,phases      ] GC(76)   Evacuate Collection Set: 127.72ms
[276.470s][info][gc,phases      ] GC(76)   Post Evacuate Collection Set: 0.76ms
[276.470s][info][gc,phases      ] GC(76)   Other: 0.08ms
[276.470s][info][gc,heap        ] GC(76) Eden regions: 1023->0(997)
[276.470s][info][gc,heap        ] GC(76) Survivor regions: 79->77(138)
[276.470s][info][gc,heap        ] GC(76) Old regions: 667->699
[276.470s][info][gc,heap        ] GC(76) Humongous regions: 77->77
[276.470s][info][gc,metaspace   ] GC(76) Metaspace: 28754K(29056K)->28754K(29056K) NonClass: 23872K(24000K)->23872K(24000K) Class: 4882K(5056K)->4882K(5056K)
[276.470s][info][gc             ] GC(76) Pause Young (Mixed) (G1 Evacuation Pause) 3690M->1703M(4096M) 129.794ms
[276.470s][info][gc,cpu         ] GC(76) User=0.78s Sys=0.00s Real=0.13s
..[277.825s][info][gc,start       ] GC(77) Pause Young (Concurrent Start) (G1 Evacuation Pause)
[277.825s][info][gc,task        ] GC(77) Using 6 workers of 6 for evacuation
[277.922s][info][gc,phases      ] GC(77)   Pre Evacuate Collection Set: 0.36ms
[277.922s][info][gc,phases      ] GC(77)   Merge Heap Roots: 0.45ms
[277.922s][info][gc,phases      ] GC(77)   Evacuate Collection Set: 95.74ms
[277.922s][info][gc,phases      ] GC(77)   Post Evacuate Collection Set: 0.83ms
[277.922s][info][gc,phases      ] GC(77)   Other: 0.11ms
[277.922s][info][gc,heap        ] GC(77) Eden regions: 997->0(974)
[277.922s][info][gc,heap        ] GC(77) Survivor regions: 77->67(135)
[277.922s][info][gc,heap        ] GC(77) Old regions: 699->741
[277.922s][info][gc,heap        ] GC(77) Humongous regions: 77->77
[277.922s][info][gc,metaspace   ] GC(77) Metaspace: 28754K(29056K)->28754K(29056K) NonClass: 23872K(24000K)->23872K(24000K) Class: 4882K(5056K)->4882K(5056K)
[277.922s][info][gc             ] GC(77) Pause Young (Concurrent Start) (G1 Evacuation Pause) 3697M->1767M(4096M) 97.626ms
[277.922s][info][gc             ] GC(78) Concurrent Mark Cycle
[277.922s][info][gc,marking     ] GC(78) Concurrent Scan Root Regions
[277.922s][info][gc,cpu         ] GC(77) User=0.58s Sys=0.00s Real=0.10s
[278.065s][info][gc,marking     ] GC(78) Concurrent Scan Root Regions 142.284ms
[278.065s][info][gc,marking     ] GC(78) Concurrent Mark
[278.065s][info][gc,marking     ] GC(78) Concurrent Mark From Roots
[278.065s][info][gc,task        ] GC(78) Using 2 workers of 2 for marking
.[279.697s][info][gc,start       ] GC(79) Pause Young (Normal) (G1 Evacuation Pause)
[279.697s][info][gc,task        ] GC(79) Using 6 workers of 6 for evacuation
[279.792s][info][gc,phases      ] GC(79)   Pre Evacuate Collection Set: 0.30ms
[279.792s][info][gc,phases      ] GC(79)   Merge Heap Roots: 0.43ms
[279.792s][info][gc,phases      ] GC(79)   Evacuate Collection Set: 93.08ms
[279.792s][info][gc,phases      ] GC(79)   Post Evacuate Collection Set: 0.82ms
[279.792s][info][gc,phases      ] GC(79)   Other: 0.08ms
[279.792s][info][gc,heap        ] GC(79) Eden regions: 974->0(913)
[279.792s][info][gc,heap        ] GC(79) Survivor regions: 67->107(131)
[279.792s][info][gc,heap        ] GC(79) Old regions: 741->741
[279.792s][info][gc,heap        ] GC(79) Humongous regions: 77->77
[279.792s][info][gc,metaspace   ] GC(79) Metaspace: 28754K(29056K)->28754K(29056K) NonClass: 23872K(24000K)->23872K(24000K) Class: 4882K(5056K)->4882K(5056K)
[279.792s][info][gc             ] GC(79) Pause Young (Normal) (G1 Evacuation Pause) 3715M->1848M(4096M) 94.834ms
[279.792s][info][gc,cpu         ] GC(79) User=0.56s Sys=0.00s Real=0.10s
[280.411s][info][gc,marking     ] GC(78) Concurrent Mark From Roots 2345.980ms
[280.411s][info][gc,marking     ] GC(78) Concurrent Preclean
[280.411s][info][gc,marking     ] GC(78) Concurrent Preclean 0.038ms
[280.411s][info][gc,start       ] GC(78) Pause Remark
[280.413s][info][gc             ] GC(78) Pause Remark 2582M->2580M(4096M) 2.041ms
[280.413s][info][gc,cpu         ] GC(78) User=0.01s Sys=0.00s Real=0.00s
[280.413s][info][gc,marking     ] GC(78) Concurrent Mark 2348.675ms
[280.413s][info][gc,marking     ] GC(78) Concurrent Rebuild Remembered Sets and Scrub Regions
[281.200s][info][gc,marking     ] GC(78) Concurrent Rebuild Remembered Sets and Scrub Regions 786.076ms
.[281.202s][info][gc,start       ] GC(78) Pause Cleanup
[281.202s][info][gc             ] GC(78) Pause Cleanup 3642M->3642M(4096M) 0.243ms
[281.202s][info][gc,cpu         ] GC(78) User=0.00s Sys=0.00s Real=0.00s
[281.202s][info][gc,marking     ] GC(78) Concurrent Clear Claimed Marks
[281.202s][info][gc,marking     ] GC(78) Concurrent Clear Claimed Marks 0.039ms
[281.202s][info][gc,marking     ] GC(78) Concurrent Cleanup for Next Mark
 (rIR:aIR:PR = 13837:13390:11485) (tPR = 173348) [PR is under limit] 
   281s: Re-initializing (term[281.224s][info][gc,marking     ] GC(78) Concurrent Cleanup for Next Mark 22.265ms
[281.225s][info][gc,start       ] GC(80) Pause Young (Prepare Mixed) (G1 Evacuation Pause)
[281.225s][info][gc,task        ] GC(80) Using 6 workers of 6 for evacuation
[281.335s][info][gc,phases      ] GC(80)   Pre Evacuate Collection Set: 0.32ms
[281.335s][info][gc,phases      ] GC(80)   Merge Heap Roots: 0.52ms
[281.335s][info][gc,phases      ] GC(80)   Evacuate Collection Set: 108.89ms
[281.335s][info][gc,phases      ] GC(80)   Post Evacuate Collection Set: 0.87ms
[281.335s][info][gc,phases      ] GC(80)   Other: 0.09ms
[281.335s][info][gc,heap        ] GC(80) Eden regions: 913->0(924)
[281.335s][info][gc,heap        ] GC(80) Survivor regions: 107->62(128)
[281.335s][info][gc,heap        ] GC(80) Old regions: 740->813
[281.335s][info][gc,heap        ] GC(80) Humongous regions: 77->77
[281.335s][info][gc,metaspace   ] GC(80) Metaspace: 28757K(29056K)->28757K(29056K) NonClass: 23874K(24000K)->23874K(24000K) Class: 4882K(5056K)->4882K(5056K)
[281.335s][info][gc             ] GC(80) Pause Young (Prepare Mixed) (G1 Evacuation Pause) 3672M->1901M(4096M) 110.807ms
[281.335s][info][gc,cpu         ] GC(80) User=0.65s Sys=0.00s Real=0.11s
[281.335s][info][gc             ] GC(78) Concurrent Mark Cycle 3413.070ms
[282.609s][info][gc,start       ] GC(81) Pause Young (Mixed) (G1 Evacuation Pause)
[282.609s][info][gc,task        ] GC(81) Using 6 workers of 6 for evacuation
[282.765s][info][gc,phases      ] GC(81)   Pre Evacuate Collection Set: 0.40ms
[282.765s][info][gc,phases      ] GC(81)   Merge Heap Roots: 0.56ms
[282.765s][info][gc,phases      ] GC(81)   Evacuate Collection Set: 153.60ms
[282.765s][info][gc,phases      ] GC(81)   Post Evacuate Collection Set: 1.03ms
[282.765s][info][gc,phases      ] GC(81)   Other: 0.11ms
[282.765s][info][gc,heap        ] GC(81) Eden regions: 924->0(1020)
[282.765s][info][gc,heap        ] GC(81) Survivor regions: 62->114(124)
[282.765s][info][gc,heap        ] GC(81) Old regions: 813->620
[282.765s][info][gc,heap        ] GC(81) Humongous regions: 77->77
[282.765s][info][gc,metaspace   ] GC(81) Metaspace: 28761K(29056K)->28761K(29056K) NonClass: 23878K(24000K)->23878K(24000K) Class: 4882K(5056K)->4882K(5056K)
[282.765s][info][gc             ] GC(81) Pause Young (Mixed) (G1 Evacuation Pause) 3749M->1618M(4096M) 155.829ms
[282.765s][info][gc,cpu         ] GC(81) User=0.65s Sys=0.01s Real=0.15s
[283.979s][info][gc,start       ] GC(82) Pause Young (Mixed) (G1 Evacuation Pause)
[283.979s][info][gc,task        ] GC(82) Using 6 workers of 6 for evacuation
[284.123s][info][gc,phases      ] GC(82)   Pre Evacuate Collection Set: 0.33ms
[284.123s][info][gc,phases      ] GC(82)   Merge Heap Roots: 0.59ms
[284.123s][info][gc,phases      ] GC(82)   Evacuate Collection Set: 139.46ms
[284.123s][info][gc,phases      ] GC(82)   Merge Optional Heap Roots: 0.08ms
[284.123s][info][gc,phases      ] GC(82)   Evacuate Optional Collection Set: 1.86ms
[284.123s][info][gc,phases      ] GC(82)   Post Evacuate Collection Set: 0.93ms
[284.123s][info][gc,phases      ] GC(82)   Other: 0.11ms
[284.123s][info][gc,heap        ] GC(82) Eden regions: 1020->0(944)
[284.123s][info][gc,heap        ] GC(82) Survivor regions: 114->129(142)
[284.123s][info][gc,heap        ] GC(82) Old regions: 620->603
[284.123s][info][gc,heap        ] GC(82) Humongous regions: 77->77
[284.123s][info][gc,metaspace   ] GC(82) Metaspace: 28762K(29056K)->28762K(29056K) NonClass: 23879K(24000K)->23879K(24000K) Class: 4882K(5056K)->4882K(5056K)
[284.123s][info][gc             ] GC(82) Pause Young (Mixed) (G1 Evacuation Pause) 3658M->1615M(4096M) 143.496ms
[284.123s][info][gc,cpu         ] GC(82) User=0.86s Sys=0.00s Real=0.14s
[285.289s][info][gc,start       ] GC(83) Pause Young (Mixed) (G1 Evacuation Pause)
[285.289s][info][gc,task        ] GC(83) Using 6 workers of 6 for evacuation
[285.433s][info][gc,phases      ] GC(83)   Pre Evacuate Collection Set: 0.31ms
[285.433s][info][gc,phases      ] GC(83)   Merge Heap Roots: 0.64ms
[285.433s][info][gc,phases      ] GC(83)   Evacuate Collection Set: 142.70ms
[285.433s][info][gc,phases      ] GC(83)   Post Evacuate Collection Set: 0.87ms
[285.433s][info][gc,phases      ] GC(83)   Other: 0.08ms
[285.433s][info][gc,heap        ] GC(83) Eden regions: 950->0(1034)
[285.433s][info][gc,heap        ] GC(83) Survivor regions: 129->74(135)
[285.433s][info][gc,heap        ] GC(83) Old regions: 603->662
[285.433s][info][gc,heap        ] GC(83) Humongous regions: 77->77
[285.433s][info][gc,metaspace   ] GC(83) Metaspace: 28763K(29056K)->28763K(29056K) NonClass: 23881K(24000K)->23881K(24000K) Class: 4882K(5056K)->4882K(5056K)
[285.433s][info][gc             ] GC(83) Pause Young (Mixed) (G1 Evacuation Pause) 3515M->1624M(4096M) 144.740ms
[285.433s][info][gc,cpu         ] GC(83) User=0.86s Sys=0.00s Real=0.14s
) [286.182s][info][gc,start       ] GC(84) Pause Full (System.gc())
[286.182s][info][gc,task        ] GC(84) Using 6 workers of 6 for full compaction
[286.182s][info][gc,phases,start] GC(84) Phase 1: Mark live objects
[286.197s][info][gc,phases      ] GC(84) Phase 1: Mark live objects 14.652ms
[286.197s][info][gc,phases,start] GC(84) Phase 2: Prepare compaction
[286.200s][info][gc,phases      ] GC(84) Phase 2: Prepare compaction 3.107ms
[286.200s][info][gc,phases,start] GC(84) Phase 3: Adjust pointers
[286.208s][info][gc,phases      ] GC(84) Phase 3: Adjust pointers 7.428ms
[286.208s][info][gc,phases,start] GC(84) Phase 4: Compact heap
[286.211s][info][gc,phases      ] GC(84) Phase 4: Compact heap 3.161ms
[286.211s][info][gc,phases,start] GC(84) Phase 5: Reset Metadata
[286.215s][info][gc,phases      ] GC(84) Phase 5: Reset Metadata 4.451ms
[286.222s][info][gc,heap        ] GC(84) Eden regions: 665->0(1228)
[286.222s][info][gc,heap        ] GC(84) Survivor regions: 74->0(135)
[286.222s][info][gc,heap        ] GC(84) Old regions: 662->34
[286.222s][info][gc,heap        ] GC(84) Humongous regions: 77->66
[286.222s][info][gc,metaspace   ] GC(84) Metaspace: 28767K(29056K)->28767K(29056K) NonClass: 23885K(24000K)->23885K(24000K) Class: 4882K(5056K)->4882K(5056K)
[286.222s][info][gc             ] GC(84) Pause Full (System.gc()) 2954M->194M(4096M) 40.349ms
[286.222s][info][gc,cpu         ] GC(84) User=0.20s Sys=0.00s Real=0.04s
(init[286.462s][info][gc,start       ] GC(85) Pause Young (Concurrent Start) (G1 Humongous Allocation)
[286.462s][info][gc,task        ] GC(85) Using 6 workers of 6 for evacuation
[286.475s][info][gc,phases      ] GC(85)   Pre Evacuate Collection Set: 0.32ms
[286.475s][info][gc,phases      ] GC(85)   Merge Heap Roots: 0.03ms
[286.475s][info][gc,phases      ] GC(85)   Evacuate Collection Set: 11.84ms
[286.475s][info][gc,phases      ] GC(85)   Post Evacuate Collection Set: 0.25ms
[286.475s][info][gc,phases      ] GC(85)   Other: 0.08ms
[286.475s][info][gc,heap        ] GC(85) Eden regions: 46->0(1216)
[286.475s][info][gc,heap        ] GC(85) Survivor regions: 0->12(154)
[286.475s][info][gc,heap        ] GC(85) Old regions: 34->34
[286.475s][info][gc,heap        ] GC(85) Humongous regions: 66->66
[286.475s][info][gc,metaspace   ] GC(85) Metaspace: 28777K(29056K)->28777K(29056K) NonClass: 23894K(24000K)->23894K(24000K) Class: 4882K(5056K)->4882K(5056K)
[286.475s][info][gc             ] GC(85) Pause Young (Concurrent Start) (G1 Humongous Allocation) 285M->218M(4096M) 12.674ms
[286.475s][info][gc             ] GC(86) Concurrent Mark Cycle
[286.475s][info][gc,cpu         ] GC(85) User=0.07s Sys=0.00s Real=0.01s
[286.475s][info][gc,marking     ] GC(86) Concurrent Scan Root Regions
[286.482s][info][gc,marking     ] GC(86) Concurrent Scan Root Regions 7.263ms
[286.482s][info][gc,marking     ] GC(86) Concurrent Mark
[286.482s][info][gc,marking     ] GC(86) Concurrent Mark From Roots
[286.482s][info][gc,task        ] GC(86) Using 2 workers of 2 for marking
[286.529s][info][gc,marking     ] GC(86) Concurrent Mark From Roots 46.605ms
[286.529s][info][gc,marking     ] GC(86) Concurrent Preclean
[286.529s][info][gc,marking     ] GC(86) Concurrent Preclean 0.210ms
[286.530s][info][gc,start       ] GC(86) Pause Remark
[286.532s][info][gc             ] GC(86) Pause Remark 334M->334M(4096M) 2.038ms
[286.532s][info][gc,cpu         ] GC(86) User=0.01s Sys=0.00s Real=0.00s
[286.532s][info][gc,marking     ] GC(86) Concurrent Mark 49.741ms
[286.532s][info][gc,marking     ] GC(86) Concurrent Rebuild Remembered Sets and Scrub Regions
[286.557s][info][gc,marking     ] GC(86) Concurrent Rebuild Remembered Sets and Scrub Regions 25.545ms
[286.557s][info][gc,start       ] GC(86) Pause Cleanup
[286.558s][info][gc             ] GC(86) Pause Cleanup 379M->379M(4096M) 0.092ms
[286.558s][info][gc,cpu         ] GC(86) User=0.00s Sys=0.00s Real=0.00s
[286.558s][info][gc,marking     ] GC(86) Concurrent Clear Claimed Marks
[286.558s][info][gc,marking     ] GC(86) Concurrent Clear Claimed Marks 0.032ms
[286.558s][info][gc,marking     ] GC(86) Concurrent Cleanup for Next Mark
[286.562s][info][gc,marking     ] GC(86) Concurrent Cleanup for Next Mark 4.437ms
[286.562s][info][gc             ] GC(86) Concurrent Mark Cycle 87.392ms
) ... OK
   290s: Searching from base IR = 11548
   290s:       rampup IR =      0 ... (rIR:aIR:PR = 0:0:0) (tPR = 0) [OK] 
   293s:       rampup IR =   1155 ...[296.935s][info][gc,start       ] GC(87) Pause Young (Prepare Mixed) (G1 Evacuation Pause)
[296.935s][info][gc,task        ] GC(87) Using 6 workers of 6 for evacuation
[297.412s][info][gc,mmu         ] GC(87) MMU target violated: 201.0ms (200.0ms/201.0ms)
[297.412s][info][gc,phases      ] GC(87)   Pre Evacuate Collection Set: 0.33ms
[297.412s][info][gc,phases      ] GC(87)   Merge Heap Roots: 0.65ms
[297.412s][info][gc,phases      ] GC(87)   Evacuate Collection Set: 475.34ms
[297.412s][info][gc,phases      ] GC(87)   Post Evacuate Collection Set: 1.30ms
[297.412s][info][gc,phases      ] GC(87)   Other: 0.15ms
[297.412s][info][gc,heap        ] GC(87) Eden regions: 1216->0(403)
[297.412s][info][gc,heap        ] GC(87) Survivor regions: 12->154(154)
[297.412s][info][gc,heap        ] GC(87) Old regions: 34->342
[297.412s][info][gc,heap        ] GC(87) Humongous regions: 163->155
[297.412s][info][gc,metaspace   ] GC(87) Metaspace: 28787K(29120K)->28787K(29120K) NonClass: 23904K(24064K)->23904K(24064K) Class: 4883K(5056K)->4883K(5056K)
[297.412s][info][gc             ] GC(87) Pause Young (Prepare Mixed) (G1 Evacuation Pause) 2844M->1295M(4096M) 477.886ms
[297.412s][info][gc,cpu         ] GC(87) User=2.85s Sys=0.01s Real=0.48s
. (rIR:aIR:PR = 1155:1156:1129) (tPR = 23166) [OK] 
   297s:       rampup IR =   2310 .[299.568s][info][gc,start       ] GC(88) Pause Young (Mixed) (G1 Evacuation Pause)
[299.568s][info][gc,task        ] GC(88) Using 6 workers of 6 for evacuation
[299.759s][info][gc,phases      ] GC(88)   Pre Evacuate Collection Set: 0.34ms
[299.759s][info][gc,phases      ] GC(88)   Merge Heap Roots: 0.60ms
[299.759s][info][gc,phases      ] GC(88)   Evacuate Collection Set: 189.70ms
[299.759s][info][gc,phases      ] GC(88)   Post Evacuate Collection Set: 0.58ms
[299.759s][info][gc,phases      ] GC(88)   Other: 0.07ms
[299.759s][info][gc,heap        ] GC(88) Eden regions: 401->0(648)
[299.759s][info][gc,heap        ] GC(88) Survivor regions: 154->26(70)
[299.759s][info][gc,heap        ] GC(88) Old regions: 342->494
[299.759s][info][gc,heap        ] GC(88) Humongous regions: 155->155
[299.759s][info][gc,metaspace   ] GC(88) Metaspace: 28788K(29120K)->28788K(29120K) NonClass: 23904K(24064K)->23904K(24064K) Class: 4883K(5056K)->4883K(5056K)
[299.759s][info][gc             ] GC(88) Pause Young (Mixed) (G1 Evacuation Pause) 2097M->1345M(4096M) 191.415ms
[299.759s][info][gc,cpu         ] GC(88) User=1.14s Sys=0.00s Real=0.20s
....[303.011s][info][gc,start       ] GC(89) Pause Young (Concurrent Start) (G1 Evacuation Pause)
[303.011s][info][gc,task        ] GC(89) Using 6 workers of 6 for evacuation
[303.072s][info][gc,phases      ] GC(89)   Pre Evacuate Collection Set: 0.41ms
[303.072s][info][gc,phases      ] GC(89)   Merge Heap Roots: 0.55ms
[303.072s][info][gc,phases      ] GC(89)   Evacuate Collection Set: 59.21ms
[303.072s][info][gc,phases      ] GC(89)   Post Evacuate Collection Set: 0.69ms
[303.072s][info][gc,phases      ] GC(89)   Other: 0.13ms
[303.072s][info][gc,heap        ] GC(89) Eden regions: 684->0(674)
[303.072s][info][gc,heap        ] GC(89) Survivor regions: 26->59(89)
[303.072s][info][gc,heap        ] GC(89) Old regions: 494->494
[303.072s][info][gc,heap        ] GC(89) Humongous regions: 155->155
[303.072s][info][gc,metaspace   ] GC(89) Metaspace: 28789K(29120K)->28789K(29120K) NonClass: 23905K(24064K)->23905K(24064K) Class: 4883K(5056K)->4883K(5056K)
[303.072s][info][gc             ] GC(89) Pause Young (Concurrent Start) (G1 Evacuation Pause) 2713M->1410M(4096M) 61.143ms
[303.072s][info][gc             ] GC(90) Concurrent Mark Cycle
[303.072s][info][gc,marking     ] GC(90) Concurrent Scan Root Regions
[303.072s][info][gc,cpu         ] GC(89) User=0.36s Sys=0.00s Real=0.06s
[303.150s][info][gc,marking     ] GC(90) Concurrent Scan Root Regions 78.176ms
[303.150s][info][gc,marking     ] GC(90) Concurrent Mark
[303.150s][info][gc,marking     ] GC(90) Concurrent Mark From Roots
[303.150s][info][gc,task        ] GC(90) Using 2 workers of 2 for marking
. (rIR:aIR:PR = 2310:2296:2250) (tPR = 43408) [OK] 
   303s:       rampup IR =   3464 [304.082s][info][gc,marking     ] GC(90) Concurrent Mark From Roots 931.900ms
[304.082s][info][gc,marking     ] GC(90) Concurrent Preclean
[304.082s][info][gc,marking     ] GC(90) Concurrent Preclean 0.051ms
[304.082s][info][gc,start       ] GC(90) Pause Remark
[304.090s][info][gc             ] GC(90) Pause Remark 1873M->1643M(4096M) 7.385ms
[304.090s][info][gc,cpu         ] GC(90) User=0.04s Sys=0.00s Real=0.01s
[304.090s][info][gc,marking     ] GC(90) Concurrent Mark 940.025ms
[304.090s][info][gc,marking     ] GC(90) Concurrent Rebuild Remembered Sets and Scrub Regions
[304.290s][info][gc,marking     ] GC(90) Concurrent Rebuild Remembered Sets and Scrub Regions 200.372ms
[304.291s][info][gc,start       ] GC(90) Pause Cleanup
[304.291s][info][gc             ] GC(90) Pause Cleanup 1779M->1779M(4096M) 0.106ms
[304.291s][info][gc,cpu         ] GC(90) User=0.00s Sys=0.00s Real=0.00s
[304.292s][info][gc,marking     ] GC(90) Concurrent Clear Claimed Marks
[304.292s][info][gc,marking     ] GC(90) Concurrent Clear Claimed Marks 0.039ms
[304.292s][info][gc,marking     ] GC(90) Concurrent Cleanup for Next Mark
[304.296s][info][gc,marking     ] GC(90) Concurrent Cleanup for Next Mark 4.219ms
[304.296s][info][gc             ] GC(90) Concurrent Mark Cycle 1224.046ms
.[305.543s][info][gc,start       ] GC(91) Pause Young (Prepare Mixed) (G1 Evacuation Pause)
[305.543s][info][gc,task        ] GC(91) Using 6 workers of 6 for evacuation
[305.621s][info][gc,phases      ] GC(91)   Pre Evacuate Collection Set: 0.33ms
[305.621s][info][gc,phases      ] GC(91)   Merge Heap Roots: 0.56ms
[305.621s][info][gc,phases      ] GC(91)   Evacuate Collection Set: 76.59ms
[305.621s][info][gc,phases      ] GC(91)   Post Evacuate Collection Set: 0.71ms
[305.621s][info][gc,phases      ] GC(91)   Other: 0.07ms
[305.621s][info][gc,heap        ] GC(91) Eden regions: 665->0(782)
[305.621s][info][gc,heap        ] GC(91) Survivor regions: 59->68(91)
[305.621s][info][gc,heap        ] GC(91) Old regions: 459->477
[305.621s][info][gc,heap        ] GC(91) Humongous regions: 75->75
[305.621s][info][gc,metaspace   ] GC(91) Metaspace: 28789K(29120K)->28789K(29120K) NonClass: 23906K(24064K)->23906K(24064K) Class: 4883K(5056K)->4883K(5056K)
[305.621s][info][gc             ] GC(91) Pause Young (Prepare Mixed) (G1 Evacuation Pause) 2510M->1235M(4096M) 78.393ms
[305.621s][info][gc,cpu         ] GC(91) User=0.46s Sys=0.00s Real=0.08s
... (rIR:aIR:PR = 3464:3466:3391) (tPR = 58415) [OK] 
   307s:       rampup IR =   4619 [308.385s][info][gc,start       ] GC(92) Pause Young (Mixed) (G1 Evacuation Pause)
[308.385s][info][gc,task        ] GC(92) Using 6 workers of 6 for evacuation
[308.475s][info][gc,phases      ] GC(92)   Pre Evacuate Collection Set: 0.32ms
[308.475s][info][gc,phases      ] GC(92)   Merge Heap Roots: 0.49ms
[308.475s][info][gc,phases      ] GC(92)   Evacuate Collection Set: 88.38ms
[308.475s][info][gc,phases      ] GC(92)   Post Evacuate Collection Set: 0.83ms
[308.475s][info][gc,phases      ] GC(92)   Other: 0.08ms
[308.475s][info][gc,heap        ] GC(92) Eden regions: 887->0(985)
[308.475s][info][gc,heap        ] GC(92) Survivor regions: 68->77(120)
[308.475s][info][gc,heap        ] GC(92) Old regions: 477->500
[308.475s][info][gc,heap        ] GC(92) Humongous regions: 75->75
[308.475s][info][gc,metaspace   ] GC(92) Metaspace: 28789K(29120K)->28789K(29120K) NonClass: 23906K(24064K)->23906K(24064K) Class: 4883K(5056K)->4883K(5056K)
[308.475s][info][gc             ] GC(92) Pause Young (Mixed) (G1 Evacuation Pause) 3009M->1298M(4096M) 90.234ms
[308.475s][info][gc,cpu         ] GC(92) User=0.53s Sys=0.00s Real=0.09s
...[311.068s][info][gc,start       ] GC(93) Pause Young (Mixed) (G1 Evacuation Pause)
[311.068s][info][gc,task        ] GC(93) Using 6 workers of 6 for evacuation
[311.170s][info][gc,phases      ] GC(93)   Pre Evacuate Collection Set: 0.36ms
[311.170s][info][gc,phases      ] GC(93)   Merge Heap Roots: 0.42ms
[311.170s][info][gc,phases      ] GC(93)   Evacuate Collection Set: 100.31ms
[311.170s][info][gc,phases      ] GC(93)   Post Evacuate Collection Set: 0.89ms
[311.170s][info][gc,phases      ] GC(93)   Other: 0.09ms
[311.170s][info][gc,heap        ] GC(93) Eden regions: 1032->0(1048)
[311.170s][info][gc,heap        ] GC(93) Survivor regions: 77->91(139)
[311.170s][info][gc,heap        ] GC(93) Old regions: 500->520
[311.170s][info][gc,heap        ] GC(93) Humongous regions: 77->77
[311.170s][info][gc,metaspace   ] GC(93) Metaspace: 28790K(29120K)->28790K(29120K) NonClass: 23906K(24064K)->23906K(24064K) Class: 4883K(5056K)->4883K(5056K)
[311.170s][info][gc             ] GC(93) Pause Young (Mixed) (G1 Evacuation Pause) 3366M->1371M(4096M) 102.191ms
[311.170s][info][gc,cpu         ] GC(93) User=0.61s Sys=0.00s Real=0.11s
. (rIR:aIR:PR = 4619:4642:4602) (tPR = 75760) [OK] 
   311s:       rampup IR =   5774 .[313.514s][info][gc,start       ] GC(94) Pause Young (Mixed) (G1 Evacuation Pause)
[313.514s][info][gc,task        ] GC(94) Using 6 workers of 6 for evacuation
[313.630s][info][gc,phases      ] GC(94)   Pre Evacuate Collection Set: 0.35ms
[313.630s][info][gc,phases      ] GC(94)   Merge Heap Roots: 0.55ms
[313.630s][info][gc,phases      ] GC(94)   Evacuate Collection Set: 114.00ms
[313.630s][info][gc,phases      ] GC(94)   Merge Optional Heap Roots: 0.05ms
[313.630s][info][gc,phases      ] GC(94)   Evacuate Optional Collection Set: 0.40ms
[313.630s][info][gc,phases      ] GC(94)   Post Evacuate Collection Set: 1.07ms
[313.630s][info][gc,phases      ] GC(94)   Other: 0.09ms
[313.630s][info][gc,heap        ] GC(94) Eden regions: 1061->0(1061)
[313.630s][info][gc,heap        ] GC(94) Survivor regions: 91->101(144)
[313.630s][info][gc,heap        ] GC(94) Old regions: 520->542
[313.630s][info][gc,heap        ] GC(94) Humongous regions: 77->77
[313.630s][info][gc,metaspace   ] GC(94) Metaspace: 28790K(29120K)->28790K(29120K) NonClass: 23907K(24064K)->23907K(24064K) Class: 4883K(5056K)->4883K(5056K)
[313.630s][info][gc             ] GC(94) Pause Young (Mixed) (G1 Evacuation Pause) 3493M->1438M(4096M) 116.641ms
[313.630s][info][gc,cpu         ] GC(94) User=0.69s Sys=0.00s Real=0.12s
... (rIR:aIR:PR = 5774:5765:5765) (tPR = 94838) [OK] 
   315s:       rampup IR =   6929 [316.075s][info][gc,start       ] GC(95) Pause Young (Mixed) (G1 Evacuation Pause)
[316.075s][info][gc,task        ] GC(95) Using 6 workers of 6 for evacuation
[316.201s][info][gc,phases      ] GC(95)   Pre Evacuate Collection Set: 0.37ms
[316.201s][info][gc,phases      ] GC(95)   Merge Heap Roots: 0.64ms
[316.201s][info][gc,phases      ] GC(95)   Evacuate Collection Set: 123.92ms
[316.201s][info][gc,phases      ] GC(95)   Post Evacuate Collection Set: 1.01ms
[316.201s][info][gc,phases      ] GC(95)   Other: 0.09ms
[316.201s][info][gc,heap        ] GC(95) Eden regions: 1061->0(1063)
[316.201s][info][gc,heap        ] GC(95) Survivor regions: 101->104(146)
[316.201s][info][gc,heap        ] GC(95) Old regions: 542->560
[316.201s][info][gc,heap        ] GC(95) Humongous regions: 77->77
[316.201s][info][gc,metaspace   ] GC(95) Metaspace: 28794K(29120K)->28794K(29120K) NonClass: 23910K(24064K)->23910K(24064K) Class: 4883K(5056K)->4883K(5056K)
[316.201s][info][gc             ] GC(95) Pause Young (Mixed) (G1 Evacuation Pause) 3560M->1480M(4096M) 126.160ms
[316.201s][info][gc,cpu         ] GC(95) User=0.75s Sys=0.01s Real=0.13s
..[318.468s][info][gc,start       ] GC(96) Pause Young (Concurrent Start) (G1 Evacuation Pause)
[318.468s][info][gc,task        ] GC(96) Using 6 workers of 6 for evacuation
[318.585s][info][gc,phases      ] GC(96)   Pre Evacuate Collection Set: 0.40ms
[318.585s][info][gc,phases      ] GC(96)   Merge Heap Roots: 0.42ms
[318.585s][info][gc,phases      ] GC(96)   Evacuate Collection Set: 115.61ms
[318.585s][info][gc,phases      ] GC(96)   Post Evacuate Collection Set: 0.94ms
[318.585s][info][gc,phases      ] GC(96)   Other: 0.10ms
[318.585s][info][gc,heap        ] GC(96) Eden regions: 1063->0(1049)
[318.585s][info][gc,heap        ] GC(96) Survivor regions: 104->107(146)
[318.585s][info][gc,heap        ] GC(96) Old regions: 560->595
[318.585s][info][gc,heap        ] GC(96) Humongous regions: 77->77
[318.585s][info][gc,metaspace   ] GC(96) Metaspace: 28797K(29120K)->28797K(29120K) NonClass: 23913K(24064K)->23913K(24064K) Class: 4883K(5056K)->4883K(5056K)
[318.585s][info][gc             ] GC(96) Pause Young (Concurrent Start) (G1 Evacuation Pause) 3606M->1557M(4096M) 117.607ms
[318.585s][info][gc             ] GC(97) Concurrent Mark Cycle
[318.585s][info][gc,marking     ] GC(97) Concurrent Scan Root Regions
[318.585s][info][gc,cpu         ] GC(96) User=0.70s Sys=0.00s Real=0.12s
[318.781s][info][gc,marking     ] GC(97) Concurrent Scan Root Regions 195.423ms
[318.781s][info][gc,marking     ] GC(97) Concurrent Mark
[318.781s][info][gc,marking     ] GC(97) Concurrent Mark From Roots
[318.781s][info][gc,task        ] GC(97) Using 2 workers of 2 for marking
.[319.617s][info][gc,marking     ] GC(97) Concurrent Mark From Roots 836.514ms
[319.617s][info][gc,marking     ] GC(97) Concurrent Preclean
[319.618s][info][gc,marking     ] GC(97) Concurrent Preclean 0.086ms
[319.621s][info][gc,start       ] GC(97) Pause Remark
[319.675s][info][gc             ] GC(97) Pause Remark 2537M->2537M(4096M) 54.015ms
[319.675s][info][gc,cpu         ] GC(97) User=0.09s Sys=0.00s Real=0.05s
[319.675s][info][gc,marking     ] GC(97) Concurrent Mark 894.120ms
[319.675s][info][gc,marking     ] GC(97) Concurrent Rebuild Remembered Sets and Scrub Regions
.[320.034s][info][gc,marking     ] GC(97) Concurrent Rebuild Remembered Sets and Scrub Regions 359.324ms
[320.035s][info][gc,start       ] GC(97) Pause Cleanup
[320.035s][info][gc             ] GC(97) Pause Cleanup 2882M->2882M(4096M) 0.180ms
[320.035s][info][gc,cpu         ] GC(97) User=0.00s Sys=0.00s Real=0.00s
[320.036s][info][gc,marking     ] GC(97) Concurrent Clear Claimed Marks
[320.036s][info][gc,marking     ] GC(97) Concurrent Clear Claimed Marks 0.048ms
[320.036s][info][gc,marking     ] GC(97) Concurrent Cleanup for Next Mark
[320.044s][info][gc,marking     ] GC(97) Concurrent Cleanup for Next Mark 7.212ms
[320.044s][info][gc             ] GC(97) Concurrent Mark Cycle 1458.357ms
.[320.898s][info][gc,start       ] GC(98) Pause Young (Prepare Mixed) (G1 Evacuation Pause)
[320.898s][info][gc,task        ] GC(98) Using 6 workers of 6 for evacuation
[321.015s][info][gc,phases      ] GC(98)   Pre Evacuate Collection Set: 0.33ms
[321.015s][info][gc,phases      ] GC(98)   Merge Heap Roots: 0.61ms
[321.015s][info][gc,phases      ] GC(98)   Evacuate Collection Set: 114.79ms
[321.015s][info][gc,phases      ] GC(98)   Post Evacuate Collection Set: 0.94ms
[321.015s][info][gc,phases      ] GC(98)   Other: 0.09ms
[321.015s][info][gc,heap        ] GC(98) Eden regions: 1049->0(1026)
[321.015s][info][gc,heap        ] GC(98) Survivor regions: 107->106(145)
[321.015s][info][gc,heap        ] GC(98) Old regions: 595->630
[321.015s][info][gc,heap        ] GC(98) Humongous regions: 77->77
[321.015s][info][gc,metaspace   ] GC(98) Metaspace: 28797K(29120K)->28797K(29120K) NonClass: 23913K(24064K)->23913K(24064K) Class: 4883K(5056K)->4883K(5056K)
[321.015s][info][gc             ] GC(98) Pause Young (Prepare Mixed) (G1 Evacuation Pause) 3655M->1624M(4096M) 116.877ms
[321.015s][info][gc,cpu         ] GC(98) User=0.69s Sys=0.00s Real=0.12s
. (rIR:aIR:PR = 6929:6833:6833) (tPR = 104806) [OK] 
   321s:       rampup IR =   8084 .[323.163s][info][gc,start       ] GC(99) Pause Young (Mixed) (G1 Evacuation Pause)
[323.163s][info][gc,task        ] GC(99) Using 6 workers of 6 for evacuation
[323.302s][info][gc,phases      ] GC(99)   Pre Evacuate Collection Set: 0.41ms
[323.302s][info][gc,phases      ] GC(99)   Merge Heap Roots: 0.78ms
[323.302s][info][gc,phases      ] GC(99)   Evacuate Collection Set: 134.48ms
[323.302s][info][gc,phases      ] GC(99)   Merge Optional Heap Roots: 0.05ms
[323.302s][info][gc,phases      ] GC(99)   Evacuate Optional Collection Set: 1.57ms
[323.302s][info][gc,phases      ] GC(99)   Post Evacuate Collection Set: 1.14ms
[323.302s][info][gc,phases      ] GC(99)   Other: 0.11ms
[323.302s][info][gc,heap        ] GC(99) Eden regions: 1026->0(1118)
[323.302s][info][gc,heap        ] GC(99) Survivor regions: 106->110(142)
[323.302s][info][gc,heap        ] GC(99) Old regions: 630->479
[323.302s][info][gc,heap        ] GC(99) Humongous regions: 77->77
[323.302s][info][gc,metaspace   ] GC(99) Metaspace: 28797K(29120K)->28797K(29120K) NonClass: 23913K(24064K)->23913K(24064K) Class: 4883K(5056K)->4883K(5056K)
[323.302s][info][gc             ] GC(99) Pause Young (Mixed) (G1 Evacuation Pause) 3676M->1329M(4096M) 138.695ms
[323.302s][info][gc,cpu         ] GC(99) User=0.83s Sys=0.00s Real=0.14s
..[325.353s][info][gc,start       ] GC(100) Pause Young (Mixed) (G1 Evacuation Pause)
[325.353s][info][gc,task        ] GC(100) Using 6 workers of 6 for evacuation
[325.486s][info][gc,phases      ] GC(100)   Pre Evacuate Collection Set: 0.33ms
[325.486s][info][gc,phases      ] GC(100)   Merge Heap Roots: 0.81ms
[325.486s][info][gc,phases      ] GC(100)   Evacuate Collection Set: 130.85ms
[325.486s][info][gc,phases      ] GC(100)   Post Evacuate Collection Set: 0.92ms
[325.486s][info][gc,phases      ] GC(100)   Other: 0.08ms
[325.486s][info][gc,heap        ] GC(100) Eden regions: 1118->0(1119)
[325.486s][info][gc,heap        ] GC(100) Survivor regions: 110->109(154)
[325.486s][info][gc,heap        ] GC(100) Old regions: 479->493
[325.486s][info][gc,heap        ] GC(100) Humongous regions: 77->77
[325.486s][info][gc,metaspace   ] GC(100) Metaspace: 28797K(29120K)->28797K(29120K) NonClass: 23914K(24064K)->23914K(24064K) Class: 4883K(5056K)->4883K(5056K)
[325.486s][info][gc             ] GC(100) Pause Young (Mixed) (G1 Evacuation Pause) 3565M->1356M(4096M) 133.128ms
[325.486s][info][gc,cpu         ] GC(100) User=0.79s Sys=0.00s Real=0.13s
. (rIR:aIR:PR = 8084:8234:8234) (tPR = 123827) [OK] 
   325s:       rampup IR =   9238 .[327.469s][info][gc,start       ] GC(101) Pause Young (Concurrent Start) (G1 Evacuation Pause)
[327.469s][info][gc,task        ] GC(101) Using 6 workers of 6 for evacuation
[327.591s][info][gc,phases      ] GC(101)   Pre Evacuate Collection Set: 0.39ms
[327.591s][info][gc,phases      ] GC(101)   Merge Heap Roots: 0.49ms
[327.591s][info][gc,phases      ] GC(101)   Evacuate Collection Set: 119.80ms
[327.591s][info][gc,phases      ] GC(101)   Post Evacuate Collection Set: 0.95ms
[327.591s][info][gc,phases      ] GC(101)   Other: 0.11ms
[327.591s][info][gc,heap        ] GC(101) Eden regions: 1119->0(1114)
[327.591s][info][gc,heap        ] GC(101) Survivor regions: 109->114(154)
[327.591s][info][gc,heap        ] GC(101) Old regions: 493->524
[327.591s][info][gc,heap        ] GC(101) Humongous regions: 77->77
[327.591s][info][gc,metaspace   ] GC(101) Metaspace: 28797K(29120K)->28797K(29120K) NonClass: 23914K(24064K)->23914K(24064K) Class: 4883K(5056K)->4883K(5056K)
[327.591s][info][gc             ] GC(101) Pause Young (Concurrent Start) (G1 Evacuation Pause) 3594M->1428M(4096M) 121.856ms
[327.591s][info][gc             ] GC(102) Concurrent Mark Cycle
[327.591s][info][gc,marking     ] GC(102) Concurrent Scan Root Regions
[327.591s][info][gc,cpu         ] GC(101) User=0.73s Sys=0.00s Real=0.12s
[327.738s][info][gc,marking     ] GC(102) Concurrent Scan Root Regions 146.723ms
[327.738s][info][gc,marking     ] GC(102) Concurrent Mark
[327.738s][info][gc,marking     ] GC(102) Concurrent Mark From Roots
[327.738s][info][gc,task        ] GC(102) Using 2 workers of 2 for marking
.[328.388s][info][gc,marking     ] GC(102) Concurrent Mark From Roots 650.210ms
[328.388s][info][gc,marking     ] GC(102) Concurrent Preclean
[328.388s][info][gc,marking     ] GC(102) Concurrent Preclean 0.077ms
[328.388s][info][gc,start       ] GC(102) Pause Remark
[328.392s][info][gc             ] GC(102) Pause Remark 2116M->2116M(4096M) 3.941ms
[328.392s][info][gc,cpu         ] GC(102) User=0.02s Sys=0.00s Real=0.01s
[328.392s][info][gc,marking     ] GC(102) Concurrent Mark 654.810ms
[328.393s][info][gc,marking     ] GC(102) Concurrent Rebuild Remembered Sets and Scrub Regions
[328.701s][info][gc,marking     ] GC(102) Concurrent Rebuild Remembered Sets and Scrub Regions 308.882ms
[328.702s][info][gc,start       ] GC(102) Pause Cleanup
[328.702s][info][gc             ] GC(102) Pause Cleanup 2401M->2401M(4096M) 0.157ms
[328.702s][info][gc,cpu         ] GC(102) User=0.00s Sys=0.00s Real=0.00s
[328.702s][info][gc,marking     ] GC(102) Concurrent Clear Claimed Marks
[328.702s][info][gc,marking     ] GC(102) Concurrent Clear Claimed Marks 0.029ms
[328.702s][info][gc,marking     ] GC(102) Concurrent Cleanup for Next Mark
[328.707s][info][gc,marking     ] GC(102) Concurrent Cleanup for Next Mark 5.314ms
[328.707s][info][gc             ] GC(102) Concurrent Mark Cycle 1116.407ms
.[329.551s][info][gc,start       ] GC(103) Pause Young (Prepare Mixed) (G1 Evacuation Pause)
[329.551s][info][gc,task        ] GC(103) Using 6 workers of 6 for evacuation
[329.693s][info][gc,phases      ] GC(103)   Pre Evacuate Collection Set: 0.33ms
[329.693s][info][gc,phases      ] GC(103)   Merge Heap Roots: 0.59ms
[329.693s][info][gc,phases      ] GC(103)   Evacuate Collection Set: 139.76ms
[329.693s][info][gc,phases      ] GC(103)   Post Evacuate Collection Set: 1.12ms
[329.693s][info][gc,phases      ] GC(103)   Other: 0.10ms
[329.693s][info][gc,heap        ] GC(103) Eden regions: 1114->0(1072)
[329.693s][info][gc,heap        ] GC(103) Survivor regions: 114->119(154)
[329.693s][info][gc,heap        ] GC(103) Old regions: 524->558
[329.693s][info][gc,heap        ] GC(103) Humongous regions: 77->77
[329.693s][info][gc,metaspace   ] GC(103) Metaspace: 28797K(29120K)->28797K(29120K) NonClass: 23914K(24064K)->23914K(24064K) Class: 4883K(5056K)->4883K(5056K)
[329.693s][info][gc             ] GC(103) Pause Young (Prepare Mixed) (G1 Evacuation Pause) 3656M->1506M(4096M) 142.020ms
[329.693s][info][gc,cpu         ] GC(103) User=0.78s Sys=0.00s Real=0.14s
..[331.432s][info][gc,start       ] GC(104) Pause Young (Mixed) (G1 Evacuation Pause)
[331.432s][info][gc,task        ] GC(104) Using 6 workers of 6 for evacuation
[331.585s][info][gc,phases      ] GC(104)   Pre Evacuate Collection Set: 0.40ms
[331.585s][info][gc,phases      ] GC(104)   Merge Heap Roots: 0.92ms
[331.585s][info][gc,phases      ] GC(104)   Evacuate Collection Set: 145.34ms
[331.585s][info][gc,phases      ] GC(104)   Merge Optional Heap Roots: 0.19ms
[331.585s][info][gc,phases      ] GC(104)   Evacuate Optional Collection Set: 4.83ms
[331.585s][info][gc,phases      ] GC(104)   Post Evacuate Collection Set: 0.98ms
[331.585s][info][gc,phases      ] GC(104)   Other: 0.10ms
[331.585s][info][gc,heap        ] GC(104) Eden regions: 1072->0(1115)
[331.585s][info][gc,heap        ] GC(104) Survivor regions: 119->113(149)
[331.585s][info][gc,heap        ] GC(104) Old regions: 558->463
[331.585s][info][gc,heap        ] GC(104) Humongous regions: 77->77
[331.585s][info][gc,metaspace   ] GC(104) Metaspace: 28797K(29120K)->28797K(29120K) NonClass: 23914K(24064K)->23914K(24064K) Class: 4883K(5056K)->4883K(5056K)
[331.585s][info][gc             ] GC(104) Pause Young (Mixed) (G1 Evacuation Pause) 3650M->1303M(4096M) 152.903ms
[331.585s][info][gc,cpu         ] GC(104) User=0.91s Sys=0.00s Real=0.15s
. (rIR:aIR:PR = 9238:9125:9125) (tPR = 139292) [OK] 
   331s:       rampup IR =  10393 .[333.342s][info][gc,start       ] GC(105) Pause Young (Concurrent Start) (G1 Evacuation Pause)
[333.342s][info][gc,task        ] GC(105) Using 6 workers of 6 for evacuation
[333.465s][info][gc,phases      ] GC(105)   Pre Evacuate Collection Set: 0.40ms
[333.465s][info][gc,phases      ] GC(105)   Merge Heap Roots: 0.63ms
[333.465s][info][gc,phases      ] GC(105)   Evacuate Collection Set: 121.15ms
[333.465s][info][gc,phases      ] GC(105)   Post Evacuate Collection Set: 0.95ms
[333.465s][info][gc,phases      ] GC(105)   Other: 0.11ms
[333.465s][info][gc,heap        ] GC(105) Eden regions: 1115->0(1118)
[333.465s][info][gc,heap        ] GC(105) Survivor regions: 113->110(154)
[333.465s][info][gc,heap        ] GC(105) Old regions: 463->496
[333.465s][info][gc,heap        ] GC(105) Humongous regions: 77->77
[333.465s][info][gc,metaspace   ] GC(105) Metaspace: 28797K(29120K)->28797K(29120K) NonClass: 23914K(24064K)->23914K(24064K) Class: 4883K(5056K)->4883K(5056K)
[333.465s][info][gc             ] GC(105) Pause Young (Concurrent Start) (G1 Evacuation Pause) 3533M->1364M(4096M) 123.392ms
[333.466s][info][gc             ] GC(106) Concurrent Mark Cycle
[333.466s][info][gc,marking     ] GC(106) Concurrent Scan Root Regions
[333.466s][info][gc,cpu         ] GC(105) User=0.73s Sys=0.00s Real=0.12s
[333.606s][info][gc,marking     ] GC(106) Concurrent Scan Root Regions 140.555ms
[333.606s][info][gc,marking     ] GC(106) Concurrent Mark
[333.606s][info][gc,marking     ] GC(106) Concurrent Mark From Roots
[333.606s][info][gc,task        ] GC(106) Using 2 workers of 2 for marking
.[334.223s][info][gc,marking     ] GC(106) Concurrent Mark From Roots 616.622ms
[334.223s][info][gc,marking     ] GC(106) Concurrent Preclean
[334.223s][info][gc,marking     ] GC(106) Concurrent Preclean 0.110ms
[334.223s][info][gc,start       ] GC(106) Pause Remark
[334.227s][info][gc             ] GC(106) Pause Remark 1966M->1966M(4096M) 3.940ms
[334.227s][info][gc,cpu         ] GC(106) User=0.02s Sys=0.00s Real=0.00s
[334.227s][info][gc,marking     ] GC(106) Concurrent Mark 620.965ms
[334.227s][info][gc,marking     ] GC(106) Concurrent Rebuild Remembered Sets and Scrub Regions
[334.469s][info][gc,marking     ] GC(106) Concurrent Rebuild Remembered Sets and Scrub Regions 242.205ms
[334.469s][info][gc,start       ] GC(106) Pause Cleanup
[334.470s][info][gc             ] GC(106) Pause Cleanup 2245M->2245M(4096M) 0.125ms
[334.470s][info][gc,cpu         ] GC(106) User=0.00s Sys=0.00s Real=0.00s
[334.470s][info][gc,marking     ] GC(106) Concurrent Clear Claimed Marks
[334.470s][info][gc,marking     ] GC(106) Concurrent Clear Claimed Marks 0.025ms
[334.470s][info][gc,marking     ] GC(106) Concurrent Cleanup for Next Mark
[334.474s][info][gc,marking     ] GC(106) Concurrent Cleanup for Next Mark 4.644ms
[334.474s][info][gc             ] GC(106) Concurrent Mark Cycle 1008.839ms
.[335.342s][info][gc,start       ] GC(107) Pause Young (Prepare Mixed) (G1 Evacuation Pause)
[335.342s][info][gc,task        ] GC(107) Using 6 workers of 6 for evacuation
[335.469s][info][gc,phases      ] GC(107)   Pre Evacuate Collection Set: 0.36ms
[335.469s][info][gc,phases      ] GC(107)   Merge Heap Roots: 0.51ms
[335.469s][info][gc,phases      ] GC(107)   Evacuate Collection Set: 125.21ms
[335.469s][info][gc,phases      ] GC(107)   Post Evacuate Collection Set: 0.94ms
[335.469s][info][gc,phases      ] GC(107)   Other: 0.09ms
[335.469s][info][gc,heap        ] GC(107) Eden regions: 1118->0(1104)
[335.469s][info][gc,heap        ] GC(107) Survivor regions: 110->118(154)
[335.469s][info][gc,heap        ] GC(107) Old regions: 496->528
[335.469s][info][gc,heap        ] GC(107) Humongous regions: 77->77
[335.469s][info][gc,metaspace   ] GC(107) Metaspace: 28797K(29120K)->28797K(29120K) NonClass: 23914K(24064K)->23914K(24064K) Class: 4883K(5056K)->4883K(5056K)
[335.469s][info][gc             ] GC(107) Pause Young (Prepare Mixed) (G1 Evacuation Pause) 3600M->1444M(4096M) 127.241ms
[335.469s][info][gc,cpu         ] GC(107) User=0.75s Sys=0.00s Real=0.13s
.[337.074s][info][gc,start       ] GC(108) Pause Young (Mixed) (G1 Evacuation Pause)
[337.074s][info][gc,task        ] GC(108) Using 6 workers of 6 for evacuation
[337.211s][info][gc,phases      ] GC(108)   Pre Evacuate Collection Set: 0.37ms
[337.211s][info][gc,phases      ] GC(108)   Merge Heap Roots: 0.74ms
[337.211s][info][gc,phases      ] GC(108)   Evacuate Collection Set: 134.68ms
[337.211s][info][gc,phases      ] GC(108)   Post Evacuate Collection Set: 0.97ms
[337.211s][info][gc,phases      ] GC(108)   Other: 0.09ms
[337.211s][info][gc,heap        ] GC(108) Eden regions: 1104->0(1118)
[337.211s][info][gc,heap        ] GC(108) Survivor regions: 118->110(153)
[337.211s][info][gc,heap        ] GC(108) Old regions: 528->467
[337.211s][info][gc,heap        ] GC(108) Humongous regions: 77->77
[337.211s][info][gc,metaspace   ] GC(108) Metaspace: 28797K(29120K)->28797K(29120K) NonClass: 23914K(24064K)->23914K(24064K) Class: 4883K(5056K)->4883K(5056K)
[337.211s][info][gc             ] GC(108) Pause Young (Mixed) (G1 Evacuation Pause) 3652M->1307M(4096M) 136.989ms
[337.211s][info][gc,cpu         ] GC(108) User=0.82s Sys=0.00s Real=0.14s
..[338.783s][info][gc,start       ] GC(109) Pause Young (Concurrent Start) (G1 Evacuation Pause)
[338.783s][info][gc,task        ] GC(109) Using 6 workers of 6 for evacuation
[338.903s][info][gc,phases      ] GC(109)   Pre Evacuate Collection Set: 0.42ms
[338.903s][info][gc,phases      ] GC(109)   Merge Heap Roots: 0.55ms
[338.903s][info][gc,phases      ] GC(109)   Evacuate Collection Set: 118.07ms
[338.903s][info][gc,phases      ] GC(109)   Post Evacuate Collection Set: 0.87ms
[338.903s][info][gc,phases      ] GC(109)   Other: 0.12ms
[338.903s][info][gc,heap        ] GC(109) Eden regions: 1118->0(1120)
[338.903s][info][gc,heap        ] GC(109) Survivor regions: 110->108(154)
[338.903s][info][gc,heap        ] GC(109) Old regions: 467->500
[338.903s][info][gc,heap        ] GC(109) Humongous regions: 77->77
[338.903s][info][gc,metaspace   ] GC(109) Metaspace: 28797K(29120K)->28797K(29120K) NonClass: 23914K(24064K)->23914K(24064K) Class: 4883K(5056K)->4883K(5056K)
[338.903s][info][gc             ] GC(109) Pause Young (Concurrent Start) (G1 Evacuation Pause) 3543M->1369M(4096M) 120.160ms
[338.903s][info][gc             ] GC(110) Concurrent Mark Cycle
[338.903s][info][gc,marking     ] GC(110) Concurrent Scan Root Regions
[338.903s][info][gc,cpu         ] GC(109) User=0.71s Sys=0.00s Real=0.12s
[339.096s][info][gc,marking     ] GC(110) Concurrent Scan Root Regions 192.571ms
[339.096s][info][gc,marking     ] GC(110) Concurrent Mark
[339.096s][info][gc,marking     ] GC(110) Concurrent Mark From Roots
[339.096s][info][gc,task        ] GC(110) Using 2 workers of 2 for marking
.[339.760s][info][gc,marking     ] GC(110) Concurrent Mark From Roots 664.066ms
[339.760s][info][gc,marking     ] GC(110) Concurrent Preclean
[339.760s][info][gc,marking     ] GC(110) Concurrent Preclean 0.038ms
[339.764s][info][gc,start       ] GC(110) Pause Remark
[339.769s][info][gc             ] GC(110) Pause Remark 2201M->2201M(4096M) 5.035ms
[339.769s][info][gc,cpu         ] GC(110) User=0.02s Sys=0.00s Real=0.01s
[339.769s][info][gc,marking     ] GC(110) Concurrent Mark 673.262ms
[339.769s][info][gc,marking     ] GC(110) Concurrent Rebuild Remembered Sets and Scrub Regions
[340.029s][info][gc,marking     ] GC(110) Concurrent Rebuild Remembered Sets and Scrub Regions 259.740ms
[340.029s][info][gc,start       ] GC(110) Pause Cleanup
[340.029s][info][gc             ] GC(110) Pause Cleanup 2448M->2448M(4096M) 0.133ms
[340.029s][info][gc,cpu         ] GC(110) User=0.00s Sys=0.00s Real=0.00s
[340.029s][info][gc,marking     ] GC(110) Concurrent Clear Claimed Marks
[340.029s][info][gc,marking     ] GC(110) Concurrent Clear Claimed Marks 0.026ms
[340.029s][info][gc,marking     ] GC(110) Concurrent Cleanup for Next Mark
[340.035s][info][gc,marking     ] GC(110) Concurrent Cleanup for Next Mark 6.468ms
[340.036s][info][gc             ] GC(110) Concurrent Mark Cycle 1132.589ms
. (rIR:aIR:PR = 10393:9913:9914) (tPR = 147729) [OK] 
   340s:       rampup IR =  11548 [340.922s][info][gc,start       ] GC(111) Pause Young (Prepare Mixed) (G1 Evacuation Pause)
[340.922s][info][gc,task        ] GC(111) Using 6 workers of 6 for evacuation
[341.040s][info][gc,phases      ] GC(111)   Pre Evacuate Collection Set: 0.33ms
[341.040s][info][gc,phases      ] GC(111)   Merge Heap Roots: 0.57ms
[341.040s][info][gc,phases      ] GC(111)   Evacuate Collection Set: 115.65ms
[341.040s][info][gc,phases      ] GC(111)   Post Evacuate Collection Set: 0.94ms
[341.040s][info][gc,phases      ] GC(111)   Other: 0.09ms
[341.040s][info][gc,heap        ] GC(111) Eden regions: 1120->0(1121)
[341.040s][info][gc,heap        ] GC(111) Survivor regions: 108->107(154)
[341.040s][info][gc,heap        ] GC(111) Old regions: 500->532
[341.040s][info][gc,heap        ] GC(111) Humongous regions: 77->77
[341.040s][info][gc,metaspace   ] GC(111) Metaspace: 28799K(29120K)->28799K(29120K) NonClass: 23915K(24064K)->23915K(24064K) Class: 4883K(5056K)->4883K(5056K)
[341.040s][info][gc             ] GC(111) Pause Young (Prepare Mixed) (G1 Evacuation Pause) 3609M->1431M(4096M) 117.710ms
[341.040s][info][gc,cpu         ] GC(111) User=0.70s Sys=0.00s Real=0.12s
.[342.512s][info][gc,start       ] GC(112) Pause Young (Mixed) (G1 Evacuation Pause)
[342.512s][info][gc,task        ] GC(112) Using 6 workers of 6 for evacuation
[342.706s][info][gc,phases      ] GC(112)   Pre Evacuate Collection Set: 0.37ms
[342.706s][info][gc,phases      ] GC(112)   Merge Heap Roots: 0.84ms
[342.706s][info][gc,phases      ] GC(112)   Evacuate Collection Set: 191.75ms
[342.706s][info][gc,phases      ] GC(112)   Post Evacuate Collection Set: 1.07ms
[342.706s][info][gc,phases      ] GC(112)   Other: 0.09ms
[342.706s][info][gc,heap        ] GC(112) Eden regions: 1121->0(1111)
[342.706s][info][gc,heap        ] GC(112) Survivor regions: 107->117(154)
[342.706s][info][gc,heap        ] GC(112) Old regions: 532->467
[342.706s][info][gc,heap        ] GC(112) Humongous regions: 77->77
[342.706s][info][gc,metaspace   ] GC(112) Metaspace: 28799K(29120K)->28799K(29120K) NonClass: 23915K(24064K)->23915K(24064K) Class: 4883K(5056K)->4883K(5056K)
[342.706s][info][gc             ] GC(112) Pause Young (Mixed) (G1 Evacuation Pause) 3673M->1321M(4096M) 194.258ms
[342.706s][info][gc,cpu         ] GC(112) User=0.88s Sys=0.00s Real=0.19s
..[344.175s][info][gc,start       ] GC(113) Pause Young (Concurrent Start) (G1 Evacuation Pause)
[344.175s][info][gc,task        ] GC(113) Using 6 workers of 6 for evacuation
[344.299s][info][gc,phases      ] GC(113)   Pre Evacuate Collection Set: 0.38ms
[344.299s][info][gc,phases      ] GC(113)   Merge Heap Roots: 0.50ms
[344.299s][info][gc,phases      ] GC(113)   Evacuate Collection Set: 121.94ms
[344.299s][info][gc,phases      ] GC(113)   Post Evacuate Collection Set: 0.92ms
[344.299s][info][gc,phases      ] GC(113)   Other: 0.12ms
[344.299s][info][gc,heap        ] GC(113) Eden regions: 1111->0(1111)
[344.299s][info][gc,heap        ] GC(113) Survivor regions: 117->117(154)
[344.299s][info][gc,heap        ] GC(113) Old regions: 467->498
[344.299s][info][gc,heap        ] GC(113) Humongous regions: 77->77
[344.299s][info][gc,metaspace   ] GC(113) Metaspace: 28799K(29120K)->28799K(29120K) NonClass: 23915K(24064K)->23915K(24064K) Class: 4883K(5056K)->4883K(5056K)
[344.299s][info][gc             ] GC(113) Pause Young (Concurrent Start) (G1 Evacuation Pause) 3543M->1382M(4096M) 123.993ms
[344.299s][info][gc             ] GC(114) Concurrent Mark Cycle
[344.299s][info][gc,marking     ] GC(114) Concurrent Scan Root Regions
[344.299s][info][gc,cpu         ] GC(113) User=0.74s Sys=0.00s Real=0.13s
[344.487s][info][gc,marking     ] GC(114) Concurrent Scan Root Regions 188.165ms
[344.487s][info][gc,marking     ] GC(114) Concurrent Mark
[344.487s][info][gc,marking     ] GC(114) Concurrent Mark From Roots
[344.487s][info][gc,task        ] GC(114) Using 2 workers of 2 for marking
.[345.884s][info][gc,marking     ] GC(114) Concurrent Mark From Roots 1396.832ms
[345.884s][info][gc,marking     ] GC(114) Concurrent Preclean
[345.884s][info][gc,marking     ] GC(114) Concurrent Preclean 0.074ms
[345.886s][info][gc,start       ] GC(114) Pause Remark
[345.892s][info][gc             ] GC(114) Pause Remark 2912M->2912M(4096M) 6.028ms
[345.892s][info][gc,cpu         ] GC(114) User=0.04s Sys=0.00s Real=0.01s
[345.892s][info][gc,marking     ] GC(114) Concurrent Mark 1404.604ms
[345.892s][info][gc,marking     ] GC(114) Concurrent Rebuild Remembered Sets and Scrub Regions
.[346.343s][info][gc,start       ] GC(115) Pause Young (Normal) (G1 Evacuation Pause)
[346.343s][info][gc,task        ] GC(115) Using 6 workers of 6 for evacuation
[346.472s][info][gc,phases      ] GC(115)   Pre Evacuate Collection Set: 0.32ms
[346.472s][info][gc,phases      ] GC(115)   Merge Heap Roots: 0.50ms
[346.472s][info][gc,phases      ] GC(115)   Evacuate Collection Set: 127.58ms
[346.472s][info][gc,phases      ] GC(115)   Post Evacuate Collection Set: 0.95ms
[346.472s][info][gc,phases      ] GC(115)   Other: 0.09ms
[346.472s][info][gc,heap        ] GC(115) Eden regions: 1111->0(1100)
[346.472s][info][gc,heap        ] GC(115) Survivor regions: 117->118(154)
[346.472s][info][gc,heap        ] GC(115) Old regions: 498->532
[346.472s][info][gc,heap        ] GC(115) Humongous regions: 77->77
[346.472s][info][gc,metaspace   ] GC(115) Metaspace: 28805K(29120K)->28805K(29120K) NonClass: 23921K(24064K)->23921K(24064K) Class: 4883K(5056K)->4883K(5056K)
[346.472s][info][gc             ] GC(115) Pause Young (Normal) (G1 Evacuation Pause) 3604M->1452M(4096M) 129.567ms
[346.473s][info][gc,cpu         ] GC(115) User=0.77s Sys=0.00s Real=0.13s
[346.717s][info][gc,marking     ] GC(114) Concurrent Rebuild Remembered Sets and Scrub Regions 824.696ms
[346.720s][info][gc,start       ] GC(114) Pause Cleanup
[346.720s][info][gc             ] GC(114) Pause Cleanup 1754M->1754M(4096M) 0.160ms
[346.720s][info][gc,cpu         ] GC(114) User=0.00s Sys=0.00s Real=0.00s
[346.721s][info][gc,marking     ] GC(114) Concurrent Clear Claimed Marks
[346.721s][info][gc,marking     ] GC(114) Concurrent Clear Claimed Marks 0.041ms
[346.721s][info][gc,marking     ] GC(114) Concurrent Cleanup for Next Mark
[346.726s][info][gc,marking     ] GC(114) Concurrent Cleanup for Next Mark 5.445ms
[346.726s][info][gc             ] GC(114) Concurrent Mark Cycle 2427.230ms
.[348.060s][info][gc,start       ] GC(116) Pause Young (Prepare Mixed) (G1 Evacuation Pause)
[348.060s][info][gc,task        ] GC(116) Using 6 workers of 6 for evacuation
[348.182s][info][gc,phases      ] GC(116)   Pre Evacuate Collection Set: 0.34ms
[348.182s][info][gc,phases      ] GC(116)   Merge Heap Roots: 0.52ms
[348.182s][info][gc,phases      ] GC(116)   Evacuate Collection Set: 119.67ms
[348.182s][info][gc,phases      ] GC(116)   Post Evacuate Collection Set: 0.98ms
[348.182s][info][gc,phases      ] GC(116)   Other: 0.09ms
[348.182s][info][gc,heap        ] GC(116) Eden regions: 1100->0(1082)
[348.182s][info][gc,heap        ] GC(116) Survivor regions: 118->110(153)
[348.182s][info][gc,heap        ] GC(116) Old regions: 532->566
[348.182s][info][gc,heap        ] GC(116) Humongous regions: 77->77
[348.182s][info][gc,metaspace   ] GC(116) Metaspace: 28806K(29120K)->28806K(29120K) NonClass: 23922K(24064K)->23922K(24064K) Class: 4883K(5056K)->4883K(5056K)
[348.182s][info][gc             ] GC(116) Pause Young (Prepare Mixed) (G1 Evacuation Pause) 3652M->1504M(4096M) 121.732ms
[348.182s][info][gc,cpu         ] GC(116) User=0.72s Sys=0.00s Real=0.12s
.[349.563s][info][gc,start       ] GC(117) Pause Young (Mixed) (G1 Evacuation Pause)
[349.563s][info][gc,task        ] GC(117) Using 6 workers of 6 for evacuation
[349.762s][info][gc,phases      ] GC(117)   Pre Evacuate Collection Set: 0.36ms
[349.762s][info][gc,phases      ] GC(117)   Merge Heap Roots: 0.61ms
[349.762s][info][gc,phases      ] GC(117)   Evacuate Collection Set: 193.97ms
[349.762s][info][gc,phases      ] GC(117)   Merge Optional Heap Roots: 0.10ms
[349.762s][info][gc,phases      ] GC(117)   Evacuate Optional Collection Set: 2.97ms
[349.762s][info][gc,phases      ] GC(117)   Post Evacuate Collection Set: 1.06ms
[349.762s][info][gc,phases      ] GC(117)   Other: 0.10ms
[349.762s][info][gc,heap        ] GC(117) Eden regions: 1082->0(1103)
[349.762s][info][gc,heap        ] GC(117) Survivor regions: 110->125(149)
[349.762s][info][gc,heap        ] GC(117) Old regions: 566->497
[349.762s][info][gc,heap        ] GC(117) Humongous regions: 77->77
[349.762s][info][gc,metaspace   ] GC(117) Metaspace: 28806K(29120K)->28806K(29120K) NonClass: 23922K(24064K)->23922K(24064K) Class: 4883K(5056K)->4883K(5056K)
[349.762s][info][gc             ] GC(117) Pause Young (Mixed) (G1 Evacuation Pause) 3668M->1396M(4096M) 199.314ms
[349.763s][info][gc,cpu         ] GC(117) User=0.91s Sys=0.00s Real=0.20s
..[351.226s][info][gc,start       ] GC(118) Pause Young (Concurrent Start) (G1 Evacuation Pause)
[351.226s][info][gc,task        ] GC(118) Using 6 workers of 6 for evacuation
[351.351s][info][gc,phases      ] GC(118)   Pre Evacuate Collection Set: 0.38ms
[351.351s][info][gc,phases      ] GC(118)   Merge Heap Roots: 0.51ms
[351.351s][info][gc,phases      ] GC(118)   Evacuate Collection Set: 123.08ms
[351.351s][info][gc,phases      ] GC(118)   Post Evacuate Collection Set: 0.90ms
[351.351s][info][gc,phases      ] GC(118)   Other: 0.10ms
[351.351s][info][gc,heap        ] GC(118) Eden regions: 1103->0(1129)
[351.351s][info][gc,heap        ] GC(118) Survivor regions: 125->72(154)
[351.351s][info][gc,heap        ] GC(118) Old regions: 497->573
[351.351s][info][gc,heap        ] GC(118) Humongous regions: 77->77
[351.351s][info][gc,metaspace   ] GC(118) Metaspace: 28808K(29120K)->28808K(29120K) NonClass: 23924K(24064K)->23924K(24064K) Class: 4883K(5056K)->4883K(5056K)
[351.351s][info][gc             ] GC(118) Pause Young (Concurrent Start) (G1 Evacuation Pause) 3602M->1442M(4096M) 125.122ms
[351.351s][info][gc             ] GC(119) Concurrent Mark Cycle
[351.351s][info][gc,marking     ] GC(119) Concurrent Scan Root Regions
[351.351s][info][gc,cpu         ] GC(118) User=0.74s Sys=0.00s Real=0.13s
[351.540s][info][gc,marking     ] GC(119) Concurrent Scan Root Regions 188.862ms
[351.540s][info][gc,marking     ] GC(119) Concurrent Mark
[351.540s][info][gc,marking     ] GC(119) Concurrent Mark From Roots
[351.540s][info][gc,task        ] GC(119) Using 2 workers of 2 for marking
.[352.536s][info][gc,marking     ] GC(119) Concurrent Mark From Roots 996.389ms
[352.537s][info][gc,marking     ] GC(119) Concurrent Preclean
[352.537s][info][gc,marking     ] GC(119) Concurrent Preclean 0.052ms
[352.537s][info][gc,start       ] GC(119) Pause Remark
[352.541s][info][gc             ] GC(119) Pause Remark 2471M->2471M(4096M) 4.726ms
[352.542s][info][gc,cpu         ] GC(119) User=0.03s Sys=0.00s Real=0.01s
[352.542s][info][gc,marking     ] GC(119) Concurrent Mark 1001.538ms
[352.542s][info][gc,marking     ] GC(119) Concurrent Rebuild Remembered Sets and Scrub Regions
[353.006s][info][gc,marking     ] GC(119) Concurrent Rebuild Remembered Sets and Scrub Regions 463.941ms
[353.006s][info][gc,start       ] GC(119) Pause Cleanup
[353.006s][info][gc             ] GC(119) Pause Cleanup 2944M->2944M(4096M) 0.166ms
[353.006s][info][gc,cpu         ] GC(119) User=0.00s Sys=0.00s Real=0.00s
[353.007s][info][gc,marking     ] GC(119) Concurrent Clear Claimed Marks
[353.007s][info][gc,marking     ] GC(119) Concurrent Clear Claimed Marks 0.040ms
[353.007s][info][gc,marking     ] GC(119) Concurrent Cleanup for Next Mark
[353.092s][info][gc,marking     ] GC(119) Concurrent Cleanup for Next Mark 84.599ms
[353.092s][info][gc             ] GC(119) Concurrent Mark Cycle 1740.475ms
.[353.448s][info][gc,start       ] GC(120) Pause Young (Prepare Mixed) (G1 Evacuation Pause)
[353.448s][info][gc,task        ] GC(120) Using 6 workers of 6 for evacuation
[353.553s][info][gc,phases      ] GC(120)   Pre Evacuate Collection Set: 0.36ms
[353.553s][info][gc,phases      ] GC(120)   Merge Heap Roots: 0.52ms
[353.553s][info][gc,phases      ] GC(120)   Evacuate Collection Set: 103.26ms
[353.553s][info][gc,phases      ] GC(120)   Post Evacuate Collection Set: 0.93ms
[353.554s][info][gc,phases      ] GC(120)   Other: 0.08ms
[353.554s][info][gc,heap        ] GC(120) Eden regions: 1129->0(1057)
[353.554s][info][gc,heap        ] GC(120) Survivor regions: 72->119(151)
[353.554s][info][gc,heap        ] GC(120) Old regions: 573->573
[353.554s][info][gc,heap        ] GC(120) Humongous regions: 77->77
[353.554s][info][gc,metaspace   ] GC(120) Metaspace: 28810K(29120K)->28810K(29120K) NonClass: 23926K(24064K)->23926K(24064K) Class: 4883K(5056K)->4883K(5056K)
[353.554s][info][gc             ] GC(120) Pause Young (Prepare Mixed) (G1 Evacuation Pause) 3700M->1537M(4096M) 105.284ms
[353.554s][info][gc,cpu         ] GC(120) User=0.62s Sys=0.00s Real=0.11s
.[354.925s][info][gc,start       ] GC(121) Pause Young (Mixed) (G1 Evacuation Pause)
[354.925s][info][gc,task        ] GC(121) Using 6 workers of 6 for evacuation
[355.063s][info][gc,phases      ] GC(121)   Pre Evacuate Collection Set: 0.41ms
[355.063s][info][gc,phases      ] GC(121)   Merge Heap Roots: 0.62ms
[355.063s][info][gc,phases      ] GC(121)   Evacuate Collection Set: 134.25ms
[355.063s][info][gc,phases      ] GC(121)   Merge Optional Heap Roots: 0.05ms
[355.063s][info][gc,phases      ] GC(121)   Evacuate Optional Collection Set: 1.25ms
[355.063s][info][gc,phases      ] GC(121)   Post Evacuate Collection Set: 1.02ms
[355.063s][info][gc,phases      ] GC(121)   Other: 0.91ms
[355.063s][info][gc,heap        ] GC(121) Eden regions: 1057->0(1124)
[355.063s][info][gc,heap        ] GC(121) Survivor regions: 119->77(147)
[355.063s][info][gc,heap        ] GC(121) Old regions: 573->570
[355.063s][info][gc,heap        ] GC(121) Humongous regions: 77->77
[355.063s][info][gc,metaspace   ] GC(121) Metaspace: 28810K(29120K)->28810K(29120K) NonClass: 23926K(24064K)->23926K(24064K) Class: 4883K(5056K)->4883K(5056K)
[355.063s][info][gc             ] GC(121) Pause Young (Mixed) (G1 Evacuation Pause) 3651M->1445M(4096M) 138.636ms
[355.063s][info][gc,cpu         ] GC(121) User=0.82s Sys=0.00s Real=0.14s
.[356.532s][info][gc,start       ] GC(122) Pause Young (Mixed) (G1 Evacuation Pause)
[356.532s][info][gc,task        ] GC(122) Using 6 workers of 6 for evacuation
[356.696s][info][gc,phases      ] GC(122)   Pre Evacuate Collection Set: 0.35ms
[356.696s][info][gc,phases      ] GC(122)   Merge Heap Roots: 0.73ms
[356.696s][info][gc,phases      ] GC(122)   Evacuate Collection Set: 161.95ms
[356.696s][info][gc,phases      ] GC(122)   Post Evacuate Collection Set: 0.95ms
[356.696s][info][gc,phases      ] GC(122)   Other: 0.09ms
[356.696s][info][gc,heap        ] GC(122) Eden regions: 1124->0(1106)
[356.696s][info][gc,heap        ] GC(122) Survivor regions: 77->117(151)
[356.696s][info][gc,heap        ] GC(122) Old regions: 570->528
[356.696s][info][gc,heap        ] GC(122) Humongous regions: 77->77
[356.696s][info][gc,metaspace   ] GC(122) Metaspace: 28810K(29120K)->28810K(29120K) NonClass: 23926K(24064K)->23926K(24064K) Class: 4883K(5056K)->4883K(5056K)
[356.696s][info][gc             ] GC(122) Pause Young (Mixed) (G1 Evacuation Pause) 3693M->1442M(4096M) 164.201ms
[356.696s][info][gc,cpu         ] GC(122) User=0.71s Sys=0.00s Real=0.16s
..[358.062s][info][gc,start       ] GC(123) Pause Young (Concurrent Start) (G1 Evacuation Pause)
[358.062s][info][gc,task        ] GC(123) Using 6 workers of 6 for evacuation
[358.195s][info][gc,phases      ] GC(123)   Pre Evacuate Collection Set: 0.40ms
[358.195s][info][gc,phases      ] GC(123)   Merge Heap Roots: 0.54ms
[358.195s][info][gc,phases      ] GC(123)   Evacuate Collection Set: 130.78ms
[358.195s][info][gc,phases      ] GC(123)   Post Evacuate Collection Set: 0.92ms
[358.195s][info][gc,phases      ] GC(123)   Other: 0.13ms
[358.195s][info][gc,heap        ] GC(123) Eden regions: 1106->0(1058)
[358.195s][info][gc,heap        ] GC(123) Survivor regions: 117->125(153)
[358.195s][info][gc,heap        ] GC(123) Old regions: 528->560
[358.195s][info][gc,heap        ] GC(123) Humongous regions: 77->77
[358.195s][info][gc,metaspace   ] GC(123) Metaspace: 28810K(29120K)->28810K(29120K) NonClass: 23926K(24064K)->23926K(24064K) Class: 4883K(5056K)->4883K(5056K)
[358.195s][info][gc             ] GC(123) Pause Young (Concurrent Start) (G1 Evacuation Pause) 3654M->1523M(4096M) 132.888ms
[358.195s][info][gc             ] GC(124) Concurrent Mark Cycle
[358.195s][info][gc,marking     ] GC(124) Concurrent Scan Root Regions
[358.195s][info][gc,cpu         ] GC(123) User=0.80s Sys=0.00s Real=0.13s
[358.441s][info][gc,marking     ] GC(124) Concurrent Scan Root Regions 245.973ms
[358.441s][info][gc,marking     ] GC(124) Concurrent Mark
[358.441s][info][gc,marking     ] GC(124) Concurrent Mark From Roots
[358.441s][info][gc,task        ] GC(124) Using 2 workers of 2 for marking
.[359.694s][info][gc,marking     ] GC(124) Concurrent Mark From Roots 1252.777ms
[359.694s][info][gc,marking     ] GC(124) Concurrent Preclean
[359.694s][info][gc,marking     ] GC(124) Concurrent Preclean 0.062ms
[359.695s][info][gc,start       ] GC(124) Pause Remark
[359.699s][info][gc             ] GC(124) Pause Remark 3020M->3020M(4096M) 4.160ms
[359.699s][info][gc,cpu         ] GC(124) User=0.02s Sys=0.00s Real=0.01s
[359.699s][info][gc,marking     ] GC(124) Concurrent Mark 1257.717ms
[359.699s][info][gc,marking     ] GC(124) Concurrent Rebuild Remembered Sets and Scrub Regions
[360.204s][info][gc,start       ] GC(125) Pause Young (Normal) (G1 Evacuation Pause)
[360.204s][info][gc,task        ] GC(125) Using 6 workers of 6 for evacuation
[360.331s][info][gc,phases      ] GC(125)   Pre Evacuate Collection Set: 0.33ms
[360.331s][info][gc,phases      ] GC(125)   Merge Heap Roots: 0.63ms
[360.331s][info][gc,phases      ] GC(125)   Evacuate Collection Set: 123.90ms
[360.331s][info][gc,phases      ] GC(125)   Post Evacuate Collection Set: 0.99ms
[360.331s][info][gc,phases      ] GC(125)   Other: 0.81ms
[360.331s][info][gc,heap        ] GC(125) Eden regions: 1058->0(1070)
[360.331s][info][gc,heap        ] GC(125) Survivor regions: 125->68(148)
[360.331s][info][gc,heap        ] GC(125) Old regions: 560->639
[360.331s][info][gc,heap        ] GC(125) Humongous regions: 77->77
[360.331s][info][gc,metaspace   ] GC(125) Metaspace: 28810K(29120K)->28810K(29120K) NonClass: 23927K(24064K)->23927K(24064K) Class: 4883K(5056K)->4883K(5056K)
[360.331s][info][gc             ] GC(125) Pause Young (Normal) (G1 Evacuation Pause) 3639M->1567M(4096M) 126.800ms
[360.331s][info][gc,cpu         ] GC(125) User=0.75s Sys=0.01s Real=0.13s
[360.358s][info][gc,marking     ] GC(124) Concurrent Rebuild Remembered Sets and Scrub Regions 659.054ms
[360.358s][info][gc,start       ] GC(124) Pause Cleanup
[360.358s][info][gc             ] GC(124) Pause Cleanup 1594M->1594M(4096M) 0.166ms
[360.358s][info][gc,cpu         ] GC(124) User=0.00s Sys=0.00s Real=0.00s
[360.358s][info][gc,marking     ] GC(124) Concurrent Clear Claimed Marks
[360.358s][info][gc,marking     ] GC(124) Concurrent Clear Claimed Marks 0.028ms
[360.358s][info][gc,marking     ] GC(124) Concurrent Cleanup for Next Mark
[360.364s][info][gc,marking     ] GC(124) Concurrent Cleanup for Next Mark 5.066ms
[360.364s][info][gc             ] GC(124) Concurrent Mark Cycle 2168.342ms
.[361.781s][info][gc,start       ] GC(126) Pause Young (Prepare Mixed) (G1 Evacuation Pause)
[361.781s][info][gc,task        ] GC(126) Using 6 workers of 6 for evacuation
[361.885s][info][gc,phases      ] GC(126)   Pre Evacuate Collection Set: 0.32ms
[361.885s][info][gc,phases      ] GC(126)   Merge Heap Roots: 0.60ms
[361.885s][info][gc,phases      ] GC(126)   Evacuate Collection Set: 102.07ms
[361.885s][info][gc,phases      ] GC(126)   Post Evacuate Collection Set: 1.00ms
[361.885s][info][gc,phases      ] GC(126)   Other: 0.11ms
[361.885s][info][gc,heap        ] GC(126) Eden regions: 1070->0(1005)
[361.885s][info][gc,heap        ] GC(126) Survivor regions: 68->112(143)
[361.885s][info][gc,heap        ] GC(126) Old regions: 639->639
[361.885s][info][gc,heap        ] GC(126) Humongous regions: 77->77
[361.885s][info][gc,metaspace   ] GC(126) Metaspace: 28812K(29120K)->28812K(29120K) NonClass: 23928K(24064K)->23928K(24064K) Class: 4883K(5056K)->4883K(5056K)
[361.885s][info][gc             ] GC(126) Pause Young (Prepare Mixed) (G1 Evacuation Pause) 3707M->1654M(4096M) 104.256ms
[361.885s][info][gc,cpu         ] GC(126) User=0.62s Sys=0.00s Real=0.10s
..[363.194s][info][gc,start       ] GC(127) Pause Young (Mixed) (G1 Evacuation Pause)
[363.194s][info][gc,task        ] GC(127) Using 6 workers of 6 for evacuation
[363.320s][info][gc,phases      ] GC(127)   Pre Evacuate Collection Set: 0.35ms
[363.320s][info][gc,phases      ] GC(127)   Merge Heap Roots: 0.61ms
[363.320s][info][gc,phases      ] GC(127)   Evacuate Collection Set: 122.83ms
[363.320s][info][gc,phases      ] GC(127)   Merge Optional Heap Roots: 0.06ms
[363.320s][info][gc,phases      ] GC(127)   Evacuate Optional Collection Set: 0.60ms
[363.320s][info][gc,phases      ] GC(127)   Post Evacuate Collection Set: 1.07ms
[363.320s][info][gc,phases      ] GC(127)   Other: 0.10ms
[363.320s][info][gc,heap        ] GC(127) Eden regions: 1005->0(1046)
[363.320s][info][gc,heap        ] GC(127) Survivor regions: 112->108(140)
[363.320s][info][gc,heap        ] GC(127) Old regions: 639->606
[363.320s][info][gc,heap        ] GC(127) Humongous regions: 77->77
[363.320s][info][gc,metaspace   ] GC(127) Metaspace: 28812K(29120K)->28812K(29120K) NonClass: 23928K(24064K)->23928K(24064K) Class: 4883K(5056K)->4883K(5056K)
[363.320s][info][gc             ] GC(127) Pause Young (Mixed) (G1 Evacuation Pause) 3664M->1579M(4096M) 125.759ms
[363.320s][info][gc,cpu         ] GC(127) User=0.75s Sys=0.00s Real=0.13s
.[364.563s][info][gc,start       ] GC(128) Pause Young (Mixed) (G1 Evacuation Pause)
[364.563s][info][gc,task        ] GC(128) Using 6 workers of 6 for evacuation
[364.748s][info][gc,phases      ] GC(128)   Pre Evacuate Collection Set: 0.34ms
[364.748s][info][gc,phases      ] GC(128)   Merge Heap Roots: 0.69ms
[364.748s][info][gc,phases      ] GC(128)   Evacuate Collection Set: 179.18ms
[364.748s][info][gc,phases      ] GC(128)   Merge Optional Heap Roots: 0.14ms
[364.748s][info][gc,phases      ] GC(128)   Evacuate Optional Collection Set: 3.60ms
[364.748s][info][gc,phases      ] GC(128)   Post Evacuate Collection Set: 1.11ms
[364.748s][info][gc,phases      ] GC(128)   Other: 0.10ms
[364.748s][info][gc,heap        ] GC(128) Eden regions: 1046->0(983)
[364.748s][info][gc,heap        ] GC(128) Survivor regions: 108->115(145)
[364.748s][info][gc,heap        ] GC(128) Old regions: 606->572
[364.748s][info][gc,heap        ] GC(128) Humongous regions: 77->77
[364.748s][info][gc,metaspace   ] GC(128) Metaspace: 28812K(29120K)->28812K(29120K) NonClass: 23928K(24064K)->23928K(24064K) Class: 4883K(5056K)->4883K(5056K)
[364.748s][info][gc             ] GC(128) Pause Young (Mixed) (G1 Evacuation Pause) 3671M->1526M(4096M) 185.279ms
[364.748s][info][gc,cpu         ] GC(128) User=0.82s Sys=0.00s Real=0.18s
.[365.944s][info][gc,start       ] GC(129) Pause Young (Mixed) (G1 Evacuation Pause)
[365.945s][info][gc,task        ] GC(129) Using 6 workers of 6 for evacuation
[366.080s][info][gc,phases      ] GC(129)   Pre Evacuate Collection Set: 0.34ms
[366.080s][info][gc,phases      ] GC(129)   Merge Heap Roots: 0.79ms
[366.080s][info][gc,phases      ] GC(129)   Evacuate Collection Set: 132.33ms
[366.080s][info][gc,phases      ] GC(129)   Merge Optional Heap Roots: 0.10ms
[366.080s][info][gc,phases      ] GC(129)   Evacuate Optional Collection Set: 0.94ms
[366.080s][info][gc,phases      ] GC(129)   Post Evacuate Collection Set: 1.06ms
[366.080s][info][gc,phases      ] GC(129)   Other: 0.09ms
[366.080s][info][gc,heap        ] GC(129) Eden regions: 911->0(1080)
[366.080s][info][gc,heap        ] GC(129) Survivor regions: 115->68(129)
[366.080s][info][gc,heap        ] GC(129) Old regions: 572->630
[366.080s][info][gc,heap        ] GC(129) Humongous regions: 77->77
[366.080s][info][gc,metaspace   ] GC(129) Metaspace: 28812K(29120K)->28812K(29120K) NonClass: 23928K(24064K)->23928K(24064K) Class: 4883K(5056K)->4883K(5056K)
[366.080s][info][gc             ] GC(129) Pause Young (Mixed) (G1 Evacuation Pause) 3348M->1547M(4096M) 135.785ms
[366.080s][info][gc,cpu         ] GC(129) User=0.81s Sys=0.00s Real=0.14s
.[367.493s][info][gc,start       ] GC(130) Pause Young (Mixed) (G1 Evacuation Pause)
[367.493s][info][gc,task        ] GC(130) Using 6 workers of 6 for evacuation
[367.617s][info][gc,phases      ] GC(130)   Pre Evacuate Collection Set: 0.35ms
[367.617s][info][gc,phases      ] GC(130)   Merge Heap Roots: 1.08ms
[367.617s][info][gc,phases      ] GC(130)   Evacuate Collection Set: 121.68ms
[367.617s][info][gc,phases      ] GC(130)   Post Evacuate Collection Set: 0.90ms
[367.617s][info][gc,phases      ] GC(130)   Other: 0.08ms
[367.617s][info][gc,heap        ] GC(130) Eden regions: 1080->0(1031)
[367.617s][info][gc,heap        ] GC(130) Survivor regions: 68->109(144)
[367.617s][info][gc,heap        ] GC(130) Old regions: 630->619
[367.617s][info][gc,heap        ] GC(130) Humongous regions: 77->77
[367.617s][info][gc,metaspace   ] GC(130) Metaspace: 28812K(29120K)->28812K(29120K) NonClass: 23928K(24064K)->23928K(24064K) Class: 4883K(5056K)->4883K(5056K)
[367.617s][info][gc             ] GC(130) Pause Young (Mixed) (G1 Evacuation Pause) 3707M->1607M(4096M) 124.243ms
[367.617s][info][gc,cpu         ] GC(130) User=0.74s Sys=0.00s Real=0.12s
.[368.949s][info][gc,start       ] GC(131) Pause Young (Concurrent Start) (G1 Evacuation Pause)
[368.949s][info][gc,task        ] GC(131) Using 6 workers of 6 for evacuation
[369.067s][info][gc,phases      ] GC(131)   Pre Evacuate Collection Set: 0.41ms
[369.067s][info][gc,phases      ] GC(131)   Merge Heap Roots: 0.50ms
[369.067s][info][gc,phases      ] GC(131)   Evacuate Collection Set: 115.85ms
[369.067s][info][gc,phases      ] GC(131)   Post Evacuate Collection Set: 0.84ms
[369.067s][info][gc,phases      ] GC(131)   Other: 0.11ms
[369.067s][info][gc,heap        ] GC(131) Eden regions: 1031->0(998)
[369.067s][info][gc,heap        ] GC(131) Survivor regions: 109->111(143)
[369.067s][info][gc,heap        ] GC(131) Old regions: 619->648
[369.067s][info][gc,heap        ] GC(131) Humongous regions: 77->77
[369.067s][info][gc,metaspace   ] GC(131) Metaspace: 28812K(29120K)->28812K(29120K) NonClass: 23929K(24064K)->23929K(24064K) Class: 4883K(5056K)->4883K(5056K)
[369.067s][info][gc             ] GC(131) Pause Young (Concurrent Start) (G1 Evacuation Pause) 3669M->1670M(4096M) 117.835ms
[369.067s][info][gc             ] GC(132) Concurrent Mark Cycle
[369.067s][info][gc,marking     ] GC(132) Concurrent Scan Root Regions
[369.067s][info][gc,cpu         ] GC(131) User=0.70s Sys=0.00s Real=0.11s
[369.236s][info][gc,marking     ] GC(132) Concurrent Scan Root Regions 169.629ms
[369.236s][info][gc,marking     ] GC(132) Concurrent Mark
[369.236s][info][gc,marking     ] GC(132) Concurrent Mark From Roots
[369.236s][info][gc,task        ] GC(132) Using 2 workers of 2 for marking
. (rIR:aIR:PR = 11548:11277:11260) (tPR = 164883) [OK] 
   369s:    snapshot, IR =  11548 [370.374s][info][gc,marking     ] GC(132) Concurrent Mark From Roots 1137.637ms
[370.374s][info][gc,marking     ] GC(132) Concurrent Preclean
[370.374s][info][gc,marking     ] GC(132) Concurrent Preclean 0.050ms
[370.374s][info][gc,start       ] GC(132) Pause Remark
[370.379s][info][gc             ] GC(132) Pause Remark 3030M->3030M(4096M) 4.602ms
[370.379s][info][gc,cpu         ] GC(132) User=0.02s Sys=0.00s Real=0.01s
[370.379s][info][gc,marking     ] GC(132) Concurrent Mark 1142.674ms
[370.379s][info][gc,marking     ] GC(132) Concurrent Rebuild Remembered Sets and Scrub Regions
[370.707s][info][gc,marking     ] GC(132) Concurrent Rebuild Remembered Sets and Scrub Regions 327.335ms
[370.707s][info][gc,start       ] GC(132) Pause Cleanup
[370.708s][info][gc             ] GC(132) Pause Cleanup 3333M->3333M(4096M) 0.863ms
[370.708s][info][gc,cpu         ] GC(132) User=0.00s Sys=0.00s Real=0.00s
[370.708s][info][gc,marking     ] GC(132) Concurrent Clear Claimed Marks
[370.708s][info][gc,marking     ] GC(132) Concurrent Clear Claimed Marks 0.051ms
[370.708s][info][gc,marking     ] GC(132) Concurrent Cleanup for Next Mark
[370.716s][info][gc,marking     ] GC(132) Concurrent Cleanup for Next Mark 8.711ms
[370.717s][info][gc             ] GC(132) Concurrent Mark Cycle 1649.793ms
.[371.011s][info][gc,start       ] GC(133) Pause Young (Prepare Mixed) (G1 Evacuation Pause)
[371.011s][info][gc,task        ] GC(133) Using 6 workers of 6 for evacuation
[371.131s][info][gc,phases      ] GC(133)   Pre Evacuate Collection Set: 0.32ms
[371.131s][info][gc,phases      ] GC(133)   Merge Heap Roots: 0.64ms
[371.131s][info][gc,phases      ] GC(133)   Evacuate Collection Set: 118.29ms
[371.131s][info][gc,phases      ] GC(133)   Post Evacuate Collection Set: 1.05ms
[371.131s][info][gc,phases      ] GC(133)   Other: 0.10ms
[371.131s][info][gc,heap        ] GC(133) Eden regions: 998->0(967)
[371.131s][info][gc,heap        ] GC(133) Survivor regions: 111->110(139)
[371.131s][info][gc,heap        ] GC(133) Old regions: 648->681
[371.131s][info][gc,heap        ] GC(133) Humongous regions: 77->77
[371.131s][info][gc,metaspace   ] GC(133) Metaspace: 28817K(29120K)->28817K(29120K) NonClass: 23933K(24064K)->23933K(24064K) Class: 4883K(5056K)->4883K(5056K)
[371.131s][info][gc             ] GC(133) Pause Young (Prepare Mixed) (G1 Evacuation Pause) 3666M->1734M(4096M) 120.538ms
[371.131s][info][gc,cpu         ] GC(133) User=0.72s Sys=0.00s Real=0.12s
.[372.341s][info][gc,start       ] GC(134) Pause Young (Mixed) (G1 Evacuation Pause)
[372.341s][info][gc,task        ] GC(134) Using 6 workers of 6 for evacuation
[372.474s][info][gc,phases      ] GC(134)   Pre Evacuate Collection Set: 0.40ms
[372.474s][info][gc,phases      ] GC(134)   Merge Heap Roots: 0.63ms
[372.474s][info][gc,phases      ] GC(134)   Evacuate Collection Set: 130.25ms
[372.474s][info][gc,phases      ] GC(134)   Post Evacuate Collection Set: 0.95ms
[372.474s][info][gc,phases      ] GC(134)   Other: 0.10ms
[372.474s][info][gc,heap        ] GC(134) Eden regions: 967->0(1121)
[372.474s][info][gc,heap        ] GC(134) Survivor regions: 110->107(135)
[372.474s][info][gc,heap        ] GC(134) Old regions: 681->525
[372.474s][info][gc,heap        ] GC(134) Humongous regions: 77->77
[372.474s][info][gc,metaspace   ] GC(134) Metaspace: 28817K(29120K)->28817K(29120K) NonClass: 23933K(24064K)->23933K(24064K) Class: 4883K(5056K)->4883K(5056K)
[372.474s][info][gc             ] GC(134) Pause Young (Mixed) (G1 Evacuation Pause) 3668M->1415M(4096M) 132.480ms
[372.474s][info][gc,cpu         ] GC(134) User=0.79s Sys=0.00s Real=0.13s
.[374.045s][info][gc,start       ] GC(135) Pause Young (Mixed) (G1 Evacuation Pause)
[374.045s][info][gc,task        ] GC(135) Using 6 workers of 6 for evacuation
[374.181s][info][gc,phases      ] GC(135)   Pre Evacuate Collection Set: 0.35ms
[374.182s][info][gc,phases      ] GC(135)   Merge Heap Roots: 0.86ms
[374.182s][info][gc,phases      ] GC(135)   Evacuate Collection Set: 129.72ms
[374.182s][info][gc,phases      ] GC(135)   Merge Optional Heap Roots: 0.19ms
[374.182s][info][gc,phases      ] GC(135)   Evacuate Optional Collection Set: 4.38ms
[374.182s][info][gc,phases      ] GC(135)   Post Evacuate Collection Set: 1.12ms
[374.182s][info][gc,phases      ] GC(135)   Other: 0.09ms
[374.182s][info][gc,heap        ] GC(135) Eden regions: 1121->0(1121)
[374.182s][info][gc,heap        ] GC(135) Survivor regions: 107->107(154)
[374.182s][info][gc,heap        ] GC(135) Old regions: 525->500
[374.182s][info][gc,heap        ] GC(135) Humongous regions: 77->77
[374.182s][info][gc,metaspace   ] GC(135) Metaspace: 28823K(29120K)->28823K(29120K) NonClass: 23940K(24064K)->23940K(24064K) Class: 4883K(5056K)->4883K(5056K)
[374.182s][info][gc             ] GC(135) Pause Young (Mixed) (G1 Evacuation Pause) 3657M->1367M(4096M) 136.873ms
[374.182s][info][gc,cpu         ] GC(135) User=0.82s Sys=0.00s Real=0.14s
..|[375.621s][info][gc,start       ] GC(136) Pause Young (Concurrent Start) (G1 Evacuation Pause)
[375.621s][info][gc,task        ] GC(136) Using 6 workers of 6 for evacuation
[375.797s][info][gc,phases      ] GC(136)   Pre Evacuate Collection Set: 0.37ms
[375.797s][info][gc,phases      ] GC(136)   Merge Heap Roots: 0.59ms
[375.797s][info][gc,phases      ] GC(136)   Evacuate Collection Set: 174.20ms
[375.797s][info][gc,phases      ] GC(136)   Post Evacuate Collection Set: 0.91ms
[375.797s][info][gc,phases      ] GC(136)   Other: 0.12ms
[375.797s][info][gc,heap        ] GC(136) Eden regions: 1121->0(1100)
[375.797s][info][gc,heap        ] GC(136) Survivor regions: 107->119(154)
[375.797s][info][gc,heap        ] GC(136) Old regions: 500->530
[375.797s][info][gc,heap        ] GC(136) Humongous regions: 77->77
[375.797s][info][gc,metaspace   ] GC(136) Metaspace: 28823K(29120K)->28823K(29120K) NonClass: 23940K(24064K)->23940K(24064K) Class: 4883K(5056K)->4883K(5056K)
[375.797s][info][gc             ] GC(136) Pause Young (Concurrent Start) (G1 Evacuation Pause) 3609M->1450M(4096M) 176.357ms
[375.797s][info][gc             ] GC(137) Concurrent Mark Cycle
[375.797s][info][gc,marking     ] GC(137) Concurrent Scan Root Regions
[375.797s][info][gc,cpu         ] GC(136) User=0.77s Sys=0.00s Real=0.17s
[375.950s][info][gc,marking     ] GC(137) Concurrent Scan Root Regions 153.547ms
[375.951s][info][gc,marking     ] GC(137) Concurrent Mark
[375.951s][info][gc,marking     ] GC(137) Concurrent Mark From Roots
[375.951s][info][gc,task        ] GC(137) Using 2 workers of 2 for marking
.[376.810s][info][gc,marking     ] GC(137) Concurrent Mark From Roots 859.710ms
[376.810s][info][gc,marking     ] GC(137) Concurrent Preclean
[376.810s][info][gc,marking     ] GC(137) Concurrent Preclean 0.065ms
[376.812s][info][gc,start       ] GC(137) Pause Remark
[376.815s][info][gc             ] GC(137) Pause Remark 2402M->2402M(4096M) 2.611ms
[376.815s][info][gc,cpu         ] GC(137) User=0.02s Sys=0.00s Real=0.00s
[376.815s][info][gc,marking     ] GC(137) Concurrent Mark 864.434ms
[376.815s][info][gc,marking     ] GC(137) Concurrent Rebuild Remembered Sets and Scrub Regions
[377.143s][info][gc,marking     ] GC(137) Concurrent Rebuild Remembered Sets and Scrub Regions 327.537ms
[377.143s][info][gc,start       ] GC(137) Pause Cleanup
[377.143s][info][gc             ] GC(137) Pause Cleanup 2760M->2760M(4096M) 0.143ms
[377.143s][info][gc,cpu         ] GC(137) User=0.00s Sys=0.00s Real=0.00s
[377.143s][info][gc,marking     ] GC(137) Concurrent Clear Claimed Marks
[377.143s][info][gc,marking     ] GC(137) Concurrent Clear Claimed Marks 0.026ms
[377.143s][info][gc,marking     ] GC(137) Concurrent Cleanup for Next Mark
[377.149s][info][gc,marking     ] GC(137) Concurrent Cleanup for Next Mark 6.180ms
[377.149s][info][gc             ] GC(137) Concurrent Mark Cycle 1352.236ms
.[377.762s][info][gc,start       ] GC(138) Pause Young (Prepare Mixed) (G1 Evacuation Pause)
[377.762s][info][gc,task        ] GC(138) Using 6 workers of 6 for evacuation
[377.888s][info][gc,phases      ] GC(138)   Pre Evacuate Collection Set: 0.32ms
[377.888s][info][gc,phases      ] GC(138)   Merge Heap Roots: 0.53ms
[377.888s][info][gc,phases      ] GC(138)   Evacuate Collection Set: 124.23ms
[377.888s][info][gc,phases      ] GC(138)   Post Evacuate Collection Set: 1.07ms
[377.888s][info][gc,phases      ] GC(138)   Other: 0.09ms
[377.888s][info][gc,heap        ] GC(138) Eden regions: 1100->0(1069)
[377.888s][info][gc,heap        ] GC(138) Survivor regions: 119->119(153)
[377.888s][info][gc,heap        ] GC(138) Old regions: 530->561
[377.888s][info][gc,heap        ] GC(138) Humongous regions: 77->77
[377.888s][info][gc,metaspace   ] GC(138) Metaspace: 28823K(29120K)->28823K(29120K) NonClass: 23940K(24064K)->23940K(24064K) Class: 4883K(5056K)->4883K(5056K)
[377.888s][info][gc             ] GC(138) Pause Young (Prepare Mixed) (G1 Evacuation Pause) 3650M->1512M(4096M) 126.369ms
[377.888s][info][gc,cpu         ] GC(138) User=0.75s Sys=0.00s Real=0.12s
.[379.313s][info][gc,start       ] GC(139) Pause Young (Mixed) (G1 Evacuation Pause)
[379.313s][info][gc,task        ] GC(139) Using 6 workers of 6 for evacuation
[379.457s][info][gc,phases      ] GC(139)   Pre Evacuate Collection Set: 0.43ms
[379.457s][info][gc,phases      ] GC(139)   Merge Heap Roots: 0.64ms
[379.457s][info][gc,phases      ] GC(139)   Evacuate Collection Set: 137.00ms
[379.457s][info][gc,phases      ] GC(139)   Merge Optional Heap Roots: 0.13ms
[379.457s][info][gc,phases      ] GC(139)   Evacuate Optional Collection Set: 4.88ms
[379.457s][info][gc,phases      ] GC(139)   Post Evacuate Collection Set: 1.07ms
[379.457s][info][gc,phases      ] GC(139)   Other: 0.09ms
[379.457s][info][gc,heap        ] GC(139) Eden regions: 1069->0(1117)
[379.457s][info][gc,heap        ] GC(139) Survivor regions: 119->111(149)
[379.457s][info][gc,heap        ] GC(139) Old regions: 561->473
[379.457s][info][gc,heap        ] GC(139) Humongous regions: 77->77
[379.457s][info][gc,metaspace   ] GC(139) Metaspace: 28823K(29120K)->28823K(29120K) NonClass: 23940K(24064K)->23940K(24064K) Class: 4883K(5056K)->4883K(5056K)
[379.457s][info][gc             ] GC(139) Pause Young (Mixed) (G1 Evacuation Pause) 3650M->1320M(4096M) 144.377ms
[379.457s][info][gc,cpu         ] GC(139) User=0.86s Sys=0.00s Real=0.14s
.[380.896s][info][gc,start       ] GC(140) Pause Young (Concurrent Start) (G1 Evacuation Pause)
[380.897s][info][gc,task        ] GC(140) Using 6 workers of 6 for evacuation
[381.027s][info][gc,phases      ] GC(140)   Pre Evacuate Collection Set: 0.40ms
[381.027s][info][gc,phases      ] GC(140)   Merge Heap Roots: 0.61ms
[381.027s][info][gc,phases      ] GC(140)   Evacuate Collection Set: 127.32ms
[381.027s][info][gc,phases      ] GC(140)   Post Evacuate Collection Set: 0.94ms
[381.027s][info][gc,phases      ] GC(140)   Other: 0.86ms
[381.027s][info][gc,heap        ] GC(140) Eden regions: 1117->0(1110)
[381.027s][info][gc,heap        ] GC(140) Survivor regions: 111->118(154)
[381.027s][info][gc,heap        ] GC(140) Old regions: 473->505
[381.027s][info][gc,heap        ] GC(140) Humongous regions: 77->77
[381.027s][info][gc,metaspace   ] GC(140) Metaspace: 28823K(29120K)->28823K(29120K) NonClass: 23940K(24064K)->23940K(24064K) Class: 4883K(5056K)->4883K(5056K)
[381.027s][info][gc             ] GC(140) Pause Young (Concurrent Start) (G1 Evacuation Pause) 3554M->1397M(4096M) 130.262ms
[381.027s][info][gc             ] GC(141) Concurrent Mark Cycle
[381.027s][info][gc,marking     ] GC(141) Concurrent Scan Root Regions
[381.027s][info][gc,cpu         ] GC(140) User=0.77s Sys=0.00s Real=0.13s
.[381.318s][info][gc,marking     ] GC(141) Concurrent Scan Root Regions 291.373ms
[381.318s][info][gc,marking     ] GC(141) Concurrent Mark
[381.318s][info][gc,marking     ] GC(141) Concurrent Mark From Roots
[381.318s][info][gc,task        ] GC(141) Using 2 workers of 2 for marking
.[383.007s][info][gc,start       ] GC(142) Pause Young (Normal) (G1 Evacuation Pause)
[383.007s][info][gc,task        ] GC(142) Using 6 workers of 6 for evacuation
[383.132s][info][gc,phases      ] GC(142)   Pre Evacuate Collection Set: 0.30ms
[383.132s][info][gc,phases      ] GC(142)   Merge Heap Roots: 0.47ms
[383.132s][info][gc,phases      ] GC(142)   Evacuate Collection Set: 123.06ms
[383.132s][info][gc,phases      ] GC(142)   Post Evacuate Collection Set: 1.00ms
[383.132s][info][gc,phases      ] GC(142)   Other: 0.07ms
[383.132s][info][gc,heap        ] GC(142) Eden regions: 1110->0(1098)
[383.132s][info][gc,heap        ] GC(142) Survivor regions: 118->118(154)
[383.132s][info][gc,heap        ] GC(142) Old regions: 505->534
[383.132s][info][gc,heap        ] GC(142) Humongous regions: 77->77
[383.132s][info][gc,metaspace   ] GC(142) Metaspace: 28823K(29120K)->28823K(29120K) NonClass: 23940K(24064K)->23940K(24064K) Class: 4883K(5056K)->4883K(5056K)
[383.132s][info][gc             ] GC(142) Pause Young (Normal) (G1 Evacuation Pause) 3617M->1456M(4096M) 125.034ms
[383.132s][info][gc,cpu         ] GC(142) User=0.74s Sys=0.00s Real=0.13s
[383.292s][info][gc,marking     ] GC(141) Concurrent Mark From Roots 1973.296ms
[383.292s][info][gc,marking     ] GC(141) Concurrent Preclean
[383.292s][info][gc,marking     ] GC(141) Concurrent Preclean 0.040ms
[383.292s][info][gc,start       ] GC(141) Pause Remark
[383.298s][info][gc             ] GC(141) Pause Remark 1609M->1609M(4096M) 6.457ms
[383.298s][info][gc,cpu         ] GC(141) User=0.04s Sys=0.00s Real=0.00s
[383.298s][info][gc,marking     ] GC(141) Concurrent Mark 1980.111ms
[383.298s][info][gc,marking     ] GC(141) Concurrent Rebuild Remembered Sets and Scrub Regions
.[384.051s][info][gc,marking     ] GC(141) Concurrent Rebuild Remembered Sets and Scrub Regions 752.201ms
[384.051s][info][gc,start       ] GC(141) Pause Cleanup
[384.051s][info][gc             ] GC(141) Pause Cleanup 2724M->2724M(4096M) 0.139ms
[384.051s][info][gc,cpu         ] GC(141) User=0.00s Sys=0.00s Real=0.00s
[384.054s][info][gc,marking     ] GC(141) Concurrent Clear Claimed Marks
[384.054s][info][gc,marking     ] GC(141) Concurrent Clear Claimed Marks 0.078ms
[384.054s][info][gc,marking     ] GC(141) Concurrent Cleanup for Next Mark
[384.059s][info][gc,marking     ] GC(141) Concurrent Cleanup for Next Mark 4.671ms
[384.059s][info][gc             ] GC(141) Concurrent Mark Cycle 3032.075ms
.[384.789s][info][gc,start       ] GC(143) Pause Young (Prepare Mixed) (G1 Evacuation Pause)
[384.789s][info][gc,task        ] GC(143) Using 6 workers of 6 for evacuation
[384.916s][info][gc,phases      ] GC(143)   Pre Evacuate Collection Set: 0.33ms
[384.916s][info][gc,phases      ] GC(143)   Merge Heap Roots: 0.58ms
[384.916s][info][gc,phases      ] GC(143)   Evacuate Collection Set: 124.91ms
[384.916s][info][gc,phases      ] GC(143)   Post Evacuate Collection Set: 0.99ms
[384.916s][info][gc,phases      ] GC(143)   Other: 0.09ms
[384.916s][info][gc,heap        ] GC(143) Eden regions: 1098->0(1068)
[384.916s][info][gc,heap        ] GC(143) Survivor regions: 118->116(152)
[384.916s][info][gc,heap        ] GC(143) Old regions: 534->568
[384.916s][info][gc,heap        ] GC(143) Humongous regions: 77->77
[384.916s][info][gc,metaspace   ] GC(143) Metaspace: 28823K(29120K)->28823K(29120K) NonClass: 23940K(24064K)->23940K(24064K) Class: 4883K(5056K)->4883K(5056K)
[384.916s][info][gc             ] GC(143) Pause Young (Prepare Mixed) (G1 Evacuation Pause) 3652M->1520M(4096M) 127.022ms
[384.916s][info][gc,cpu         ] GC(143) User=0.75s Sys=0.00s Real=0.12s
.[386.292s][info][gc,start       ] GC(144) Pause Young (Mixed) (G1 Evacuation Pause)
[386.293s][info][gc,task        ] GC(144) Using 6 workers of 6 for evacuation
[386.435s][info][gc,phases      ] GC(144)   Pre Evacuate Collection Set: 0.39ms
[386.435s][info][gc,phases      ] GC(144)   Merge Heap Roots: 0.85ms
[386.435s][info][gc,phases      ] GC(144)   Evacuate Collection Set: 139.93ms
[386.435s][info][gc,phases      ] GC(144)   Post Evacuate Collection Set: 0.94ms
[386.435s][info][gc,phases      ] GC(144)   Other: 0.09ms
[386.435s][info][gc,heap        ] GC(144) Eden regions: 1068->0(1111)
[386.435s][info][gc,heap        ] GC(144) Survivor regions: 116->117(148)
[386.435s][info][gc,heap        ] GC(144) Old regions: 568->502
[386.435s][info][gc,heap        ] GC(144) Humongous regions: 77->77
[386.435s][info][gc,metaspace   ] GC(144) Metaspace: 28823K(29120K)->28823K(29120K) NonClass: 23940K(24064K)->23940K(24064K) Class: 4883K(5056K)->4883K(5056K)
[386.435s][info][gc             ] GC(144) Pause Young (Mixed) (G1 Evacuation Pause) 3656M->1389M(4096M) 142.329ms
[386.435s][info][gc,cpu         ] GC(144) User=0.85s Sys=0.00s Real=0.14s
.[387.776s][info][gc,start       ] GC(145) Pause Young (Concurrent Start) (G1 Evacuation Pause)
[387.776s][info][gc,task        ] GC(145) Using 6 workers of 6 for evacuation
[387.913s][info][gc,phases      ] GC(145)   Pre Evacuate Collection Set: 0.38ms
[387.913s][info][gc,phases      ] GC(145)   Merge Heap Roots: 0.51ms
[387.913s][info][gc,phases      ] GC(145)   Evacuate Collection Set: 135.51ms
[387.913s][info][gc,phases      ] GC(145)   Post Evacuate Collection Set: 0.93ms
[387.913s][info][gc,phases      ] GC(145)   Other: 0.11ms
[387.913s][info][gc,heap        ] GC(145) Eden regions: 1111->0(1070)
[387.913s][info][gc,heap        ] GC(145) Survivor regions: 117->131(154)
[387.913s][info][gc,heap        ] GC(145) Old regions: 502->536
[387.913s][info][gc,heap        ] GC(145) Humongous regions: 77->77
[387.913s][info][gc,metaspace   ] GC(145) Metaspace: 28823K(29120K)->28823K(29120K) NonClass: 23940K(24064K)->23940K(24064K) Class: 4883K(5056K)->4883K(5056K)
[387.913s][info][gc             ] GC(145) Pause Young (Concurrent Start) (G1 Evacuation Pause) 3611M->1486M(4096M) 137.568ms
[387.913s][info][gc             ] GC(146) Concurrent Mark Cycle
[387.913s][info][gc,marking     ] GC(146) Concurrent Scan Root Regions
[387.913s][info][gc,cpu         ] GC(145) User=0.82s Sys=0.00s Real=0.14s
.[388.188s][info][gc,marking     ] GC(146) Concurrent Scan Root Regions 275.029ms
[388.188s][info][gc,marking     ] GC(146) Concurrent Mark
[388.188s][info][gc,marking     ] GC(146) Concurrent Mark From Roots
[388.188s][info][gc,task        ] GC(146) Using 2 workers of 2 for marking
[389.043s][info][gc,marking     ] GC(146) Concurrent Mark From Roots 854.706ms
[389.043s][info][gc,marking     ] GC(146) Concurrent Preclean
[389.043s][info][gc,marking     ] GC(146) Concurrent Preclean 0.035ms
[389.045s][info][gc,start       ] GC(146) Pause Remark
[389.050s][info][gc             ] GC(146) Pause Remark 2562M->2562M(4096M) 5.163ms
[389.050s][info][gc,cpu         ] GC(146) User=0.03s Sys=0.00s Real=0.01s
[389.050s][info][gc,marking     ] GC(146) Concurrent Mark 861.988ms
[389.050s][info][gc,marking     ] GC(146) Concurrent Rebuild Remembered Sets and Scrub Regions
.[389.809s][info][gc,marking     ] GC(146) Concurrent Rebuild Remembered Sets and Scrub Regions 758.966ms
[389.810s][info][gc,start       ] GC(147) Pause Young (Normal) (G1 Evacuation Pause)
[389.810s][info][gc,task        ] GC(147) Using 6 workers of 6 for evacuation
[389.938s][info][gc,phases      ] GC(147)   Pre Evacuate Collection Set: 0.31ms
[389.938s][info][gc,phases      ] GC(147)   Merge Heap Roots: 0.56ms
[389.938s][info][gc,phases      ] GC(147)   Evacuate Collection Set: 126.31ms
[389.938s][info][gc,phases      ] GC(147)   Post Evacuate Collection Set: 0.99ms
[389.938s][info][gc,phases      ] GC(147)   Other: 0.09ms
[389.938s][info][gc,heap        ] GC(147) Eden regions: 1070->0(1089)
[389.938s][info][gc,heap        ] GC(147) Survivor regions: 131->72(151)
[389.938s][info][gc,heap        ] GC(147) Old regions: 536->614
[389.938s][info][gc,heap        ] GC(147) Humongous regions: 77->77
[389.938s][info][gc,metaspace   ] GC(147) Metaspace: 28826K(29120K)->28826K(29120K) NonClass: 23943K(24064K)->23943K(24064K) Class: 4883K(5056K)->4883K(5056K)
[389.938s][info][gc             ] GC(147) Pause Young (Normal) (G1 Evacuation Pause) 3626M->1525M(4096M) 128.357ms
[389.938s][info][gc,cpu         ] GC(147) User=0.76s Sys=0.00s Real=0.12s
[389.938s][info][gc,start       ] GC(146) Pause Cleanup
[389.938s][info][gc             ] GC(146) Pause Cleanup 1527M->1527M(4096M) 0.111ms
[389.938s][info][gc,cpu         ] GC(146) User=0.00s Sys=0.00s Real=0.00s
[389.938s][info][gc,marking     ] GC(146) Concurrent Clear Claimed Marks
[389.939s][info][gc,marking     ] GC(146) Concurrent Clear Claimed Marks 0.035ms
[389.939s][info][gc,marking     ] GC(146) Concurrent Cleanup for Next Mark
[389.950s][info][gc,marking     ] GC(146) Concurrent Cleanup for Next Mark 11.883ms
[389.950s][info][gc             ] GC(146) Concurrent Mark Cycle 2037.158ms
.[391.490s][info][gc,start       ] GC(148) Pause Young (Prepare Mixed) (G1 Evacuation Pause)
[391.490s][info][gc,task        ] GC(148) Using 6 workers of 6 for evacuation
[391.598s][info][gc,phases      ] GC(148)   Pre Evacuate Collection Set: 0.35ms
[391.598s][info][gc,phases      ] GC(148)   Merge Heap Roots: 0.61ms
[391.598s][info][gc,phases      ] GC(148)   Evacuate Collection Set: 105.03ms
[391.598s][info][gc,phases      ] GC(148)   Post Evacuate Collection Set: 0.98ms
[391.598s][info][gc,phases      ] GC(148)   Other: 0.84ms
[391.598s][info][gc,heap        ] GC(148) Eden regions: 1089->0(1016)
[391.598s][info][gc,heap        ] GC(148) Survivor regions: 72->119(146)
[391.598s][info][gc,heap        ] GC(148) Old regions: 614->614
[391.598s][info][gc,heap        ] GC(148) Humongous regions: 77->77
[391.598s][info][gc,metaspace   ] GC(148) Metaspace: 28826K(29120K)->28826K(29120K) NonClass: 23943K(24064K)->23943K(24064K) Class: 4883K(5056K)->4883K(5056K)
[391.598s][info][gc             ] GC(148) Pause Young (Prepare Mixed) (G1 Evacuation Pause) 3703M->1619M(4096M) 107.926ms
[391.598s][info][gc,cpu         ] GC(148) User=0.64s Sys=0.00s Real=0.10s
.[392.829s][info][gc,start       ] GC(149) Pause Young (Mixed) (G1 Evacuation Pause)
[392.829s][info][gc,task        ] GC(149) Using 6 workers of 6 for evacuation
[392.970s][info][gc,phases      ] GC(149)   Pre Evacuate Collection Set: 0.38ms
[392.970s][info][gc,phases      ] GC(149)   Merge Heap Roots: 0.86ms
[392.970s][info][gc,phases      ] GC(149)   Evacuate Collection Set: 138.82ms
[392.970s][info][gc,phases      ] GC(149)   Post Evacuate Collection Set: 0.98ms
[392.970s][info][gc,phases      ] GC(149)   Other: 0.09ms
[392.970s][info][gc,heap        ] GC(149) Eden regions: 1016->0(1116)
[392.970s][info][gc,heap        ] GC(149) Survivor regions: 119->112(142)
[392.970s][info][gc,heap        ] GC(149) Old regions: 614->521
[392.970s][info][gc,heap        ] GC(149) Humongous regions: 77->77
[392.970s][info][gc,metaspace   ] GC(149) Metaspace: 28826K(29120K)->28826K(29120K) NonClass: 23943K(24064K)->23943K(24064K) Class: 4883K(5056K)->4883K(5056K)
[392.970s][info][gc             ] GC(149) Pause Young (Mixed) (G1 Evacuation Pause) 3651M->1418M(4096M) 141.268ms
[392.970s][info][gc,cpu         ] GC(149) User=0.84s Sys=0.00s Real=0.14s
..[394.500s][info][gc,start       ] GC(150) Pause Young (Concurrent Start) (G1 Evacuation Pause)
[394.500s][info][gc,task        ] GC(150) Using 6 workers of 6 for evacuation
[394.673s][info][gc,phases      ] GC(150)   Pre Evacuate Collection Set: 0.35ms
[394.673s][info][gc,phases      ] GC(150)   Merge Heap Roots: 0.53ms
[394.673s][info][gc,phases      ] GC(150)   Evacuate Collection Set: 123.34ms
[394.673s][info][gc,phases      ] GC(150)   Post Evacuate Collection Set: 49.25ms
[394.673s][info][gc,phases      ] GC(150)   Other: 0.11ms
[394.673s][info][gc,heap        ] GC(150) Eden regions: 1116->0(1079)
[394.673s][info][gc,heap        ] GC(150) Survivor regions: 112->119(154)
[394.673s][info][gc,heap        ] GC(150) Old regions: 521->551
[394.673s][info][gc,heap        ] GC(150) Humongous regions: 77->77
[394.673s][info][gc,metaspace   ] GC(150) Metaspace: 28826K(29120K)->28826K(29120K) NonClass: 23943K(24064K)->23943K(24064K) Class: 4883K(5056K)->4883K(5056K)
[394.673s][info][gc             ] GC(150) Pause Young (Concurrent Start) (G1 Evacuation Pause) 3650M->1491M(4096M) 173.733ms
[394.673s][info][gc             ] GC(151) Concurrent Mark Cycle
[394.673s][info][gc,marking     ] GC(151) Concurrent Scan Root Regions
[394.673s][info][gc,cpu         ] GC(150) User=0.74s Sys=0.00s Real=0.17s
[394.893s][info][gc,marking     ] GC(151) Concurrent Scan Root Regions 219.190ms
[394.893s][info][gc,marking     ] GC(151) Concurrent Mark
[394.893s][info][gc,marking     ] GC(151) Concurrent Mark From Roots
[394.893s][info][gc,task        ] GC(151) Using 2 workers of 2 for marking
.[395.622s][info][gc,marking     ] GC(151) Concurrent Mark From Roots 729.305ms
[395.622s][info][gc,marking     ] GC(151) Concurrent Preclean
[395.622s][info][gc,marking     ] GC(151) Concurrent Preclean 0.047ms
[395.622s][info][gc,start       ] GC(151) Pause Remark
[395.673s][info][gc             ] GC(151) Pause Remark 2286M->2286M(4096M) 51.013ms
[395.673s][info][gc,cpu         ] GC(151) User=0.03s Sys=0.00s Real=0.05s
[395.673s][info][gc,marking     ] GC(151) Concurrent Mark 780.723ms
[395.673s][info][gc,marking     ] GC(151) Concurrent Rebuild Remembered Sets and Scrub Regions
[396.299s][info][gc,marking     ] GC(151) Concurrent Rebuild Remembered Sets and Scrub Regions 626.073ms
[396.300s][info][gc,start       ] GC(151) Pause Cleanup
[396.300s][info][gc             ] GC(151) Pause Cleanup 3243M->3243M(4096M) 0.174ms
[396.300s][info][gc,cpu         ] GC(151) User=0.00s Sys=0.00s Real=0.00s
[396.300s][info][gc,marking     ] GC(151) Concurrent Clear Claimed Marks
[396.300s][info][gc,marking     ] GC(151) Concurrent Clear Claimed Marks 0.037ms
[396.300s][info][gc,marking     ] GC(151) Concurrent Cleanup for Next Mark
[396.309s][info][gc,marking     ] GC(151) Concurrent Cleanup for Next Mark 8.674ms
[396.309s][info][gc             ] GC(151) Concurrent Mark Cycle 1635.661ms
[396.533s][info][gc,start       ] GC(152) Pause Young (Prepare Mixed) (G1 Evacuation Pause)
[396.533s][info][gc,task        ] GC(152) Using 6 workers of 6 for evacuation
[396.707s][info][gc,phases      ] GC(152)   Pre Evacuate Collection Set: 0.34ms
[396.707s][info][gc,phases      ] GC(152)   Merge Heap Roots: 0.56ms
[396.707s][info][gc,phases      ] GC(152)   Evacuate Collection Set: 172.06ms
[396.707s][info][gc,phases      ] GC(152)   Post Evacuate Collection Set: 1.04ms
[396.707s][info][gc,phases      ] GC(152)   Other: 0.10ms
[396.707s][info][gc,heap        ] GC(152) Eden regions: 1079->0(1050)
[396.707s][info][gc,heap        ] GC(152) Survivor regions: 119->117(150)
[396.707s][info][gc,heap        ] GC(152) Old regions: 551->584
[396.707s][info][gc,heap        ] GC(152) Humongous regions: 77->77
[396.707s][info][gc,metaspace   ] GC(152) Metaspace: 28837K(29120K)->28837K(29120K) NonClass: 23954K(24064K)->23954K(24064K) Class: 4883K(5056K)->4883K(5056K)
[396.707s][info][gc             ] GC(152) Pause Young (Prepare Mixed) (G1 Evacuation Pause) 3649M->1553M(4096M) 174.236ms
[396.707s][info][gc,cpu         ] GC(152) User=0.76s Sys=0.00s Real=0.17s
..[398.195s][info][gc,start       ] GC(153) Pause Young (Mixed) (G1 Evacuation Pause)
[398.195s][info][gc,task        ] GC(153) Using 6 workers of 6 for evacuation
[398.328s][info][gc,phases      ] GC(153)   Pre Evacuate Collection Set: 0.38ms
[398.328s][info][gc,phases      ] GC(153)   Merge Heap Roots: 0.58ms
[398.328s][info][gc,phases      ] GC(153)   Evacuate Collection Set: 127.60ms
[398.328s][info][gc,phases      ] GC(153)   Merge Optional Heap Roots: 0.07ms
[398.328s][info][gc,phases      ] GC(153)   Evacuate Optional Collection Set: 3.15ms
[398.328s][info][gc,phases      ] GC(153)   Post Evacuate Collection Set: 1.04ms
[398.328s][info][gc,phases      ] GC(153)   Other: 0.10ms
[398.328s][info][gc,heap        ] GC(153) Eden regions: 1050->0(1119)
[398.328s][info][gc,heap        ] GC(153) Survivor regions: 117->109(146)
[398.328s][info][gc,heap        ] GC(153) Old regions: 584->489
[398.328s][info][gc,heap        ] GC(153) Humongous regions: 77->77
[398.328s][info][gc,metaspace   ] GC(153) Metaspace: 28837K(29120K)->28837K(29120K) NonClass: 23954K(24064K)->23954K(24064K) Class: 4883K(5056K)->4883K(5056K)
[398.328s][info][gc             ] GC(153) Pause Young (Mixed) (G1 Evacuation Pause) 3653M->1348M(4096M) 133.061ms
[398.328s][info][gc,cpu         ] GC(153) User=0.80s Sys=0.00s Real=0.13s
.[399.769s][info][gc,start       ] GC(154) Pause Young (Mixed) (G1 Evacuation Pause)
[399.769s][info][gc,task        ] GC(154) Using 6 workers of 6 for evacuation
[399.894s][info][gc,phases      ] GC(154)   Pre Evacuate Collection Set: 0.33ms
[399.894s][info][gc,phases      ] GC(154)   Merge Heap Roots: 0.67ms
[399.894s][info][gc,phases      ] GC(154)   Evacuate Collection Set: 123.34ms
[399.894s][info][gc,phases      ] GC(154)   Post Evacuate Collection Set: 0.96ms
[399.894s][info][gc,phases      ] GC(154)   Other: 0.09ms
[399.894s][info][gc,heap        ] GC(154) Eden regions: 1119->0(1118)
[399.894s][info][gc,heap        ] GC(154) Survivor regions: 109->110(154)
[399.894s][info][gc,heap        ] GC(154) Old regions: 489->509
[399.894s][info][gc,heap        ] GC(154) Humongous regions: 77->77
[399.894s][info][gc,metaspace   ] GC(154) Metaspace: 28837K(29120K)->28837K(29120K) NonClass: 23954K(24064K)->23954K(24064K) Class: 4883K(5056K)->4883K(5056K)
[399.894s][info][gc             ] GC(154) Pause Young (Mixed) (G1 Evacuation Pause) 3586M->1389M(4096M) 125.516ms
[399.894s][info][gc,cpu         ] GC(154) User=0.75s Sys=0.00s Real=0.12s
.[401.164s][info][gc,start       ] GC(155) Pause Young (Concurrent Start) (G1 Evacuation Pause)
[401.164s][info][gc,task        ] GC(155) Using 6 workers of 6 for evacuation
[401.293s][info][gc,phases      ] GC(155)   Pre Evacuate Collection Set: 0.41ms
[401.293s][info][gc,phases      ] GC(155)   Merge Heap Roots: 0.52ms
[401.293s][info][gc,phases      ] GC(155)   Evacuate Collection Set: 126.70ms
[401.293s][info][gc,phases      ] GC(155)   Post Evacuate Collection Set: 0.92ms
[401.293s][info][gc,phases      ] GC(155)   Other: 0.10ms
[401.293s][info][gc,heap        ] GC(155) Eden regions: 1118->0(1086)
[401.293s][info][gc,heap        ] GC(155) Survivor regions: 110->123(154)
[401.293s][info][gc,heap        ] GC(155) Old regions: 509->536
[401.293s][info][gc,heap        ] GC(155) Humongous regions: 77->77
[401.293s][info][gc,metaspace   ] GC(155) Metaspace: 28837K(29120K)->28837K(29120K) NonClass: 23954K(24064K)->23954K(24064K) Class: 4883K(5056K)->4883K(5056K)
[401.293s][info][gc             ] GC(155) Pause Young (Concurrent Start) (G1 Evacuation Pause) 3625M->1469M(4096M) 128.768ms
[401.293s][info][gc             ] GC(156) Concurrent Mark Cycle
[401.293s][info][gc,marking     ] GC(156) Concurrent Scan Root Regions
[401.293s][info][gc,cpu         ] GC(155) User=0.76s Sys=0.00s Real=0.13s
.[401.565s][info][gc,marking     ] GC(156) Concurrent Scan Root Regions 272.444ms
[401.712s][info][gc,marking     ] GC(156) Concurrent Mark
[401.712s][info][gc,marking     ] GC(156) Concurrent Mark From Roots
[401.712s][info][gc,task        ] GC(156) Using 2 workers of 2 for marking
.[403.336s][info][gc,start       ] GC(157) Pause Young (Normal) (G1 Evacuation Pause)
[403.336s][info][gc,task        ] GC(157) Using 6 workers of 6 for evacuation
[403.461s][info][gc,phases      ] GC(157)   Pre Evacuate Collection Set: 0.34ms
[403.461s][info][gc,phases      ] GC(157)   Merge Heap Roots: 0.50ms
[403.461s][info][gc,phases      ] GC(157)   Evacuate Collection Set: 123.83ms
[403.461s][info][gc,phases      ] GC(157)   Post Evacuate Collection Set: 0.84ms
[403.461s][info][gc,phases      ] GC(157)   Other: 0.08ms
[403.461s][info][gc,heap        ] GC(157) Eden regions: 1086->0(1093)
[403.461s][info][gc,heap        ] GC(157) Survivor regions: 123->69(152)
[403.461s][info][gc,heap        ] GC(157) Old regions: 536->618
[403.461s][info][gc,heap        ] GC(157) Humongous regions: 77->77
[403.461s][info][gc,metaspace   ] GC(157) Metaspace: 28837K(29120K)->28837K(29120K) NonClass: 23954K(24064K)->23954K(24064K) Class: 4883K(5056K)->4883K(5056K)
[403.461s][info][gc             ] GC(157) Pause Young (Normal) (G1 Evacuation Pause) 3641M->1527M(4096M) 125.727ms
[403.461s][info][gc,cpu         ] GC(157) User=0.75s Sys=0.00s Real=0.13s
[403.961s][info][gc,marking     ] GC(156) Concurrent Mark From Roots 2248.956ms
[403.961s][info][gc,marking     ] GC(156) Concurrent Preclean
[403.961s][info][gc,marking     ] GC(156) Concurrent Preclean 0.046ms
[403.964s][info][gc,start       ] GC(156) Pause Remark
[403.968s][info][gc             ] GC(156) Pause Remark 2029M->2029M(4096M) 4.129ms
[403.968s][info][gc,cpu         ] GC(156) User=0.02s Sys=0.00s Real=0.00s
[403.968s][info][gc,marking     ] GC(156) Concurrent Mark 2256.961ms
[403.969s][info][gc,marking     ] GC(156) Concurrent Rebuild Remembered Sets and Scrub Regions
.[404.679s][info][gc,marking     ] GC(156) Concurrent Rebuild Remembered Sets and Scrub Regions 710.029ms
[404.681s][info][gc,start       ] GC(156) Pause Cleanup
[404.682s][info][gc             ] GC(156) Pause Cleanup 2969M->2969M(4096M) 0.194ms
[404.682s][info][gc,cpu         ] GC(156) User=0.00s Sys=0.00s Real=0.00s
[404.682s][info][gc,marking     ] GC(156) Concurrent Clear Claimed Marks
[404.682s][info][gc,marking     ] GC(156) Concurrent Clear Claimed Marks 0.037ms
[404.682s][info][gc,marking     ] GC(156) Concurrent Cleanup for Next Mark
[404.747s][info][gc,marking     ] GC(156) Concurrent Cleanup for Next Mark 65.090ms
[404.747s][info][gc             ] GC(156) Concurrent Mark Cycle 3453.989ms
[405.270s][info][gc,start       ] GC(158) Pause Young (Prepare Mixed) (G1 Evacuation Pause)
[405.270s][info][gc,task        ] GC(158) Using 6 workers of 6 for evacuation
[405.376s][info][gc,phases      ] GC(158)   Pre Evacuate Collection Set: 0.33ms
[405.376s][info][gc,phases      ] GC(158)   Merge Heap Roots: 0.54ms
[405.376s][info][gc,phases      ] GC(158)   Evacuate Collection Set: 103.69ms
[405.376s][info][gc,phases      ] GC(158)   Post Evacuate Collection Set: 1.00ms
[405.376s][info][gc,phases      ] GC(158)   Other: 0.09ms
[405.376s][info][gc,heap        ] GC(158) Eden regions: 1093->0(1022)
[405.376s][info][gc,heap        ] GC(158) Survivor regions: 69->114(146)
[405.376s][info][gc,heap        ] GC(158) Old regions: 618->618
[405.376s][info][gc,heap        ] GC(158) Humongous regions: 77->77
[405.376s][info][gc,metaspace   ] GC(158) Metaspace: 28837K(29120K)->28837K(29120K) NonClass: 23954K(24064K)->23954K(24064K) Class: 4883K(5056K)->4883K(5056K)
[405.376s][info][gc             ] GC(158) Pause Young (Prepare Mixed) (G1 Evacuation Pause) 3713M->1616M(4096M) 105.784ms
[405.376s][info][gc,cpu         ] GC(158) User=0.62s Sys=0.00s Real=0.10s
. (rIR:aIR:PR = 11548:10769:10739) (tPR = 157387) [IR is under limit] [PR is under limit] 
   405s: Re-initializing (term[406.677s][info][gc,start       ] GC(159) Pause Young (Mixed) (G1 Evacuation Pause)
[406.677s][info][gc,task        ] GC(159) Using 6 workers of 6 for evacuation
[406.825s][info][gc,phases      ] GC(159)   Pre Evacuate Collection Set: 0.38ms
[406.825s][info][gc,phases      ] GC(159)   Merge Heap Roots: 1.02ms
[406.825s][info][gc,phases      ] GC(159)   Evacuate Collection Set: 145.24ms
[406.825s][info][gc,phases      ] GC(159)   Post Evacuate Collection Set: 0.85ms
[406.825s][info][gc,phases      ] GC(159)   Other: 0.82ms
[406.825s][info][gc,heap        ] GC(159) Eden regions: 1022->0(1112)
[406.825s][info][gc,heap        ] GC(159) Survivor regions: 114->116(142)
[406.825s][info][gc,heap        ] GC(159) Old regions: 618->511
[406.825s][info][gc,heap        ] GC(159) Humongous regions: 77->77
[406.825s][info][gc,metaspace   ] GC(159) Metaspace: 28837K(29120K)->28837K(29120K) NonClass: 23954K(24064K)->23954K(24064K) Class: 4883K(5056K)->4883K(5056K)
[406.825s][info][gc             ] GC(159) Pause Young (Mixed) (G1 Evacuation Pause) 3660M->1406M(4096M) 148.443ms
[406.825s][info][gc,cpu         ] GC(159) User=0.88s Sys=0.00s Real=0.15s
) [407.752s][info][gc,start       ] GC(160) Pause Full (System.gc())
[407.752s][info][gc,task        ] GC(160) Using 6 workers of 6 for full compaction
[407.753s][info][gc,phases,start] GC(160) Phase 1: Mark live objects
[407.769s][info][gc,phases      ] GC(160) Phase 1: Mark live objects 15.796ms
[407.769s][info][gc,phases,start] GC(160) Phase 2: Prepare compaction
[407.772s][info][gc,phases      ] GC(160) Phase 2: Prepare compaction 3.010ms
[407.772s][info][gc,phases,start] GC(160) Phase 3: Adjust pointers
[407.779s][info][gc,phases      ] GC(160) Phase 3: Adjust pointers 7.211ms
[407.779s][info][gc,phases,start] GC(160) Phase 4: Compact heap
[407.782s][info][gc,phases      ] GC(160) Phase 4: Compact heap 3.055ms
[407.782s][info][gc,phases,start] GC(160) Phase 5: Reset Metadata
[407.786s][info][gc,phases      ] GC(160) Phase 5: Reset Metadata 4.375ms
[407.793s][info][gc,heap        ] GC(160) Eden regions: 736->0(1228)
[407.793s][info][gc,heap        ] GC(160) Survivor regions: 116->0(142)
[407.793s][info][gc,heap        ] GC(160) Old regions: 511->35
[407.793s][info][gc,heap        ] GC(160) Humongous regions: 77->66
[407.793s][info][gc,metaspace   ] GC(160) Metaspace: 28837K(29120K)->28837K(29120K) NonClass: 23954K(24064K)->23954K(24064K) Class: 4883K(5056K)->4883K(5056K)
[407.793s][info][gc             ] GC(160) Pause Full (System.gc()) 2878M->194M(4096M) 40.307ms
[407.793s][info][gc,cpu         ] GC(160) User=0.21s Sys=0.01s Real=0.04s
(init[408.031s][info][gc,start       ] GC(161) Pause Young (Concurrent Start) (G1 Humongous Allocation)
[408.031s][info][gc,task        ] GC(161) Using 6 workers of 6 for evacuation
[408.045s][info][gc,phases      ] GC(161)   Pre Evacuate Collection Set: 0.32ms
[408.045s][info][gc,phases      ] GC(161)   Merge Heap Roots: 0.03ms
[408.045s][info][gc,phases      ] GC(161)   Evacuate Collection Set: 13.50ms
[408.045s][info][gc,phases      ] GC(161)   Post Evacuate Collection Set: 0.23ms
[408.045s][info][gc,phases      ] GC(161)   Other: 0.07ms
[408.045s][info][gc,heap        ] GC(161) Eden regions: 47->0(1214)
[408.045s][info][gc,heap        ] GC(161) Survivor regions: 0->14(154)
[408.045s][info][gc,heap        ] GC(161) Old regions: 35->35
[408.045s][info][gc,heap        ] GC(161) Humongous regions: 66->66
[408.045s][info][gc,metaspace   ] GC(161) Metaspace: 28837K(29120K)->28837K(29120K) NonClass: 23954K(24064K)->23954K(24064K) Class: 4883K(5056K)->4883K(5056K)
[408.045s][info][gc             ] GC(161) Pause Young (Concurrent Start) (G1 Humongous Allocation) 287M->221M(4096M) 14.284ms
[408.045s][info][gc             ] GC(162) Concurrent Mark Cycle
[408.045s][info][gc,cpu         ] GC(161) User=0.08s Sys=0.00s Real=0.01s
[408.045s][info][gc,marking     ] GC(162) Concurrent Scan Root Regions
[408.052s][info][gc,marking     ] GC(162) Concurrent Scan Root Regions 6.935ms
[408.052s][info][gc,marking     ] GC(162) Concurrent Mark
[408.052s][info][gc,marking     ] GC(162) Concurrent Mark From Roots
[408.052s][info][gc,task        ] GC(162) Using 2 workers of 2 for marking
[408.112s][info][gc,marking     ] GC(162) Concurrent Mark From Roots 60.163ms
[408.112s][info][gc,marking     ] GC(162) Concurrent Preclean
[408.113s][info][gc,marking     ] GC(162) Concurrent Preclean 0.105ms
[408.113s][info][gc,start       ] GC(162) Pause Remark
[408.114s][info][gc             ] GC(162) Pause Remark 345M->345M(4096M) 1.808ms
[408.114s][info][gc,cpu         ] GC(162) User=0.01s Sys=0.00s Real=0.00s
[408.114s][info][gc,marking     ] GC(162) Concurrent Mark 62.270ms
[408.114s][info][gc,marking     ] GC(162) Concurrent Rebuild Remembered Sets and Scrub Regions
[408.134s][info][gc,marking     ] GC(162) Concurrent Rebuild Remembered Sets and Scrub Regions 19.492ms
[408.134s][info][gc,start       ] GC(162) Pause Cleanup
[408.134s][info][gc             ] GC(162) Pause Cleanup 389M->389M(4096M) 0.066ms
[408.134s][info][gc,cpu         ] GC(162) User=0.00s Sys=0.00s Real=0.00s
[408.134s][info][gc,marking     ] GC(162) Concurrent Clear Claimed Marks
[408.134s][info][gc,marking     ] GC(162) Concurrent Clear Claimed Marks 0.027ms
[408.134s][info][gc,marking     ] GC(162) Concurrent Cleanup for Next Mark
[408.138s][info][gc,marking     ] GC(162) Concurrent Cleanup for Next Mark 4.332ms
[408.139s][info][gc             ] GC(162) Concurrent Mark Cycle 93.363ms
) ... OK
   411s: high-bound for max-jOPS is measured to be 13837
   411s: 
   411s: Restarting (term) [412.097s][info][gc,start       ] GC(163) Pause Full (System.gc())
[412.098s][info][gc,task        ] GC(163) Using 6 workers of 6 for full compaction
[412.098s][info][gc,phases,start] GC(163) Phase 1: Mark live objects
[412.113s][info][gc,phases      ] GC(163) Phase 1: Mark live objects 15.232ms
[412.113s][info][gc,phases,start] GC(163) Phase 2: Prepare compaction
[412.115s][info][gc,phases      ] GC(163) Phase 2: Prepare compaction 2.112ms
[412.115s][info][gc,phases,start] GC(163) Phase 3: Adjust pointers
[412.122s][info][gc,phases      ] GC(163) Phase 3: Adjust pointers 7.080ms
[412.122s][info][gc,phases,start] GC(163) Phase 4: Compact heap
[412.125s][info][gc,phases      ] GC(163) Phase 4: Compact heap 2.095ms
[412.125s][info][gc,phases,start] GC(163) Phase 5: Reset Metadata
[412.129s][info][gc,phases      ] GC(163) Phase 5: Reset Metadata 4.340ms
[412.135s][info][gc,heap        ] GC(163) Eden regions: 914->0(1228)
[412.135s][info][gc,heap        ] GC(163) Survivor regions: 14->0(154)
[412.135s][info][gc,heap        ] GC(163) Old regions: 35->36
[412.135s][info][gc,heap        ] GC(163) Humongous regions: 163->66
[412.135s][info][gc,metaspace   ] GC(163) Metaspace: 28842K(29184K)->28842K(29184K) NonClass: 23959K(24128K)->23959K(24128K) Class: 4883K(5056K)->4883K(5056K)
[412.135s][info][gc             ] GC(163) Pause Full (System.gc()) 2242M->194M(4096M) 37.715ms
[412.135s][info][gc,cpu         ] GC(163) User=0.19s Sys=0.01s Real=0.04s
(init[412.373s][info][gc,start       ] GC(164) Pause Young (Concurrent Start) (G1 Humongous Allocation)
[412.373s][info][gc,task        ] GC(164) Using 6 workers of 6 for evacuation
[412.387s][info][gc,phases      ] GC(164)   Pre Evacuate Collection Set: 0.35ms
[412.387s][info][gc,phases      ] GC(164)   Merge Heap Roots: 0.04ms
[412.387s][info][gc,phases      ] GC(164)   Evacuate Collection Set: 13.42ms
[412.387s][info][gc,phases      ] GC(164)   Post Evacuate Collection Set: 0.29ms
[412.387s][info][gc,phases      ] GC(164)   Other: 0.07ms
[412.387s][info][gc,heap        ] GC(164) Eden regions: 49->0(1214)
[412.387s][info][gc,heap        ] GC(164) Survivor regions: 0->14(154)
[412.387s][info][gc,heap        ] GC(164) Old regions: 36->36
[412.387s][info][gc,heap        ] GC(164) Humongous regions: 66->66
[412.387s][info][gc,metaspace   ] GC(164) Metaspace: 28843K(29184K)->28843K(29184K) NonClass: 23960K(24128K)->23960K(24128K) Class: 4883K(5056K)->4883K(5056K)
[412.387s][info][gc             ] GC(164) Pause Young (Concurrent Start) (G1 Humongous Allocation) 291M->222M(4096M) 14.307ms
[412.387s][info][gc             ] GC(165) Concurrent Mark Cycle
[412.387s][info][gc,cpu         ] GC(164) User=0.08s Sys=0.00s Real=0.01s
[412.387s][info][gc,marking     ] GC(165) Concurrent Scan Root Regions
[412.396s][info][gc,marking     ] GC(165) Concurrent Scan Root Regions 8.949ms
[412.396s][info][gc,marking     ] GC(165) Concurrent Mark
[412.396s][info][gc,marking     ] GC(165) Concurrent Mark From Roots
[412.396s][info][gc,task        ] GC(165) Using 2 workers of 2 for marking
[412.443s][info][gc,marking     ] GC(165) Concurrent Mark From Roots 46.512ms
[412.443s][info][gc,marking     ] GC(165) Concurrent Preclean
[412.443s][info][gc,marking     ] GC(165) Concurrent Preclean 0.094ms
[412.443s][info][gc,start       ] GC(165) Pause Remark
[412.445s][info][gc             ] GC(165) Pause Remark 350M->350M(4096M) 1.734ms
[412.445s][info][gc,cpu         ] GC(165) User=0.01s Sys=0.00s Real=0.00s
[412.445s][info][gc,marking     ] GC(165) Concurrent Mark 48.508ms
[412.445s][info][gc,marking     ] GC(165) Concurrent Rebuild Remembered Sets and Scrub Regions
[412.479s][info][gc,marking     ] GC(165) Concurrent Rebuild Remembered Sets and Scrub Regions 34.516ms
[412.479s][info][gc,start       ] GC(165) Pause Cleanup
[412.479s][info][gc             ] GC(165) Pause Cleanup 408M->408M(4096M) 0.073ms
[412.479s][info][gc,cpu         ] GC(165) User=0.00s Sys=0.00s Real=0.00s
[412.479s][info][gc,marking     ] GC(165) Concurrent Clear Claimed Marks
[412.479s][info][gc,marking     ] GC(165) Concurrent Clear Claimed Marks 0.027ms
[412.479s][info][gc,marking     ] GC(165) Concurrent Cleanup for Next Mark
[412.484s][info][gc,marking     ] GC(165) Concurrent Cleanup for Next Mark 4.330ms
[412.484s][info][gc             ] GC(165) Concurrent Mark Cycle 96.639ms
) ... OK
   416s: 
   416s: Warmup for building throughput-responsetime curve
   416s: (10%)   IR =   1384 ..[419.805s][info][gc,start       ] GC(166) Pause Young (Prepare Mixed) (G1 Evacuation Pause)
[419.805s][info][gc,task        ] GC(166) Using 6 workers of 6 for evacuation
[420.275s][info][gc,mmu         ] GC(166) MMU target violated: 201.0ms (200.0ms/201.0ms)
[420.275s][info][gc,phases      ] GC(166)   Pre Evacuate Collection Set: 0.33ms
[420.275s][info][gc,phases      ] GC(166)   Merge Heap Roots: 0.59ms
[420.275s][info][gc,phases      ] GC(166)   Evacuate Collection Set: 468.40ms
[420.275s][info][gc,phases      ] GC(166)   Post Evacuate Collection Set: 1.27ms
[420.275s][info][gc,phases      ] GC(166)   Other: 0.12ms
[420.275s][info][gc,heap        ] GC(166) Eden regions: 1214->0(471)
[420.275s][info][gc,heap        ] GC(166) Survivor regions: 14->154(154)
[420.275s][info][gc,heap        ] GC(166) Old regions: 36->344
[420.275s][info][gc,heap        ] GC(166) Humongous regions: 163->155
[420.275s][info][gc,metaspace   ] GC(166) Metaspace: 28847K(29184K)->28847K(29184K) NonClass: 23963K(24128K)->23963K(24128K) Class: 4883K(5056K)->4883K(5056K)
[420.275s][info][gc             ] GC(166) Pause Young (Prepare Mixed) (G1 Evacuation Pause) 2844M->1296M(4096M) 470.813ms
[420.275s][info][gc,cpu         ] GC(166) User=2.80s Sys=0.00s Real=0.47s
....[423.970s][info][gc,start       ] GC(167) Pause Young (Mixed) (G1 Evacuation Pause)
[423.971s][info][gc,task        ] GC(167) Using 6 workers of 6 for evacuation
[424.157s][info][gc,phases      ] GC(167)   Pre Evacuate Collection Set: 0.33ms
[424.157s][info][gc,phases      ] GC(167)   Merge Heap Roots: 0.54ms
[424.157s][info][gc,phases      ] GC(167)   Evacuate Collection Set: 184.65ms
[424.157s][info][gc,phases      ] GC(167)   Post Evacuate Collection Set: 0.50ms
[424.157s][info][gc,phases      ] GC(167)   Other: 0.07ms
[424.157s][info][gc,heap        ] GC(167) Eden regions: 468->0(645)
[424.157s][info][gc,heap        ] GC(167) Survivor regions: 154->28(78)
[424.157s][info][gc,heap        ] GC(167) Old regions: 344->495
[424.157s][info][gc,heap        ] GC(167) Humongous regions: 155->155
[424.157s][info][gc,metaspace   ] GC(167) Metaspace: 28847K(29184K)->28847K(29184K) NonClass: 23963K(24128K)->23963K(24128K) Class: 4883K(5056K)->4883K(5056K)
[424.157s][info][gc             ] GC(167) Pause Young (Mixed) (G1 Evacuation Pause) 2232M->1346M(4096M) 186.265ms
[424.157s][info][gc,cpu         ] GC(167) User=1.11s Sys=0.00s Real=0.18s
......[429.742s][info][gc,start       ] GC(168) Pause Young (Concurrent Start) (G1 Evacuation Pause)
[429.742s][info][gc,task        ] GC(168) Using 6 workers of 6 for evacuation
[429.802s][info][gc,phases      ] GC(168)   Pre Evacuate Collection Set: 0.38ms
[429.802s][info][gc,phases      ] GC(168)   Merge Heap Roots: 0.46ms
[429.802s][info][gc,phases      ] GC(168)   Evacuate Collection Set: 58.54ms
[429.802s][info][gc,phases      ] GC(168)   Post Evacuate Collection Set: 0.67ms
[429.802s][info][gc,phases      ] GC(168)   Other: 0.08ms
[429.802s][info][gc,heap        ] GC(168) Eden regions: 686->0(694)
[429.802s][info][gc,heap        ] GC(168) Survivor regions: 28->60(90)
[429.802s][info][gc,heap        ] GC(168) Old regions: 495->495
[429.802s][info][gc,heap        ] GC(168) Humongous regions: 155->155
[429.802s][info][gc,metaspace   ] GC(168) Metaspace: 28852K(29184K)->28852K(29184K) NonClass: 23968K(24128K)->23968K(24128K) Class: 4883K(5056K)->4883K(5056K)
[429.802s][info][gc             ] GC(168) Pause Young (Concurrent Start) (G1 Evacuation Pause) 2718M->1410M(4096M) 60.261ms
[429.802s][info][gc             ] GC(169) Concurrent Mark Cycle
[429.802s][info][gc,marking     ] GC(169) Concurrent Scan Root Regions
[429.802s][info][gc,cpu         ] GC(168) User=0.36s Sys=0.00s Real=0.06s
[429.861s][info][gc,marking     ] GC(169) Concurrent Scan Root Regions 58.814ms
[429.861s][info][gc,marking     ] GC(169) Concurrent Mark
[429.861s][info][gc,marking     ] GC(169) Concurrent Mark From Roots
[429.861s][info][gc,task        ] GC(169) Using 2 workers of 2 for marking
.[430.463s][info][gc,marking     ] GC(169) Concurrent Mark From Roots 602.196ms
[430.463s][info][gc,marking     ] GC(169) Concurrent Preclean
[430.463s][info][gc,marking     ] GC(169) Concurrent Preclean 0.057ms
[430.463s][info][gc,start       ] GC(169) Pause Remark
[430.467s][info][gc             ] GC(169) Pause Remark 1587M->1387M(4096M) 3.791ms
[430.467s][info][gc,cpu         ] GC(169) User=0.02s Sys=0.00s Real=0.00s
[430.467s][info][gc,marking     ] GC(169) Concurrent Mark 606.314ms
[430.467s][info][gc,marking     ] GC(169) Concurrent Rebuild Remembered Sets and Scrub Regions
[430.670s][info][gc,marking     ] GC(169) Concurrent Rebuild Remembered Sets and Scrub Regions 202.617ms
[430.670s][info][gc,start       ] GC(169) Pause Cleanup
[430.670s][info][gc             ] GC(169) Pause Cleanup 1438M->1438M(4096M) 0.101ms
[430.670s][info][gc,cpu         ] GC(169) User=0.00s Sys=0.00s Real=0.00s
[430.670s][info][gc,marking     ] GC(169) Concurrent Clear Claimed Marks
[430.670s][info][gc,marking     ] GC(169) Concurrent Clear Claimed Marks 0.025ms
[430.670s][info][gc,marking     ] GC(169) Concurrent Cleanup for Next Mark
[430.674s][info][gc,marking     ] GC(169) Concurrent Cleanup for Next Mark 3.849ms
[430.674s][info][gc             ] GC(169) Concurrent Mark Cycle 872.098ms
.....[435.705s][info][gc,start       ] GC(170) Pause Young (Prepare Mixed) (G1 Evacuation Pause)
[435.705s][info][gc,task        ] GC(170) Using 6 workers of 6 for evacuation
[435.790s][info][gc,phases      ] GC(170)   Pre Evacuate Collection Set: 0.38ms
[435.790s][info][gc,phases      ] GC(170)   Merge Heap Roots: 0.61ms
[435.790s][info][gc,phases      ] GC(170)   Evacuate Collection Set: 83.02ms
[435.790s][info][gc,phases      ] GC(170)   Post Evacuate Collection Set: 0.70ms
[435.790s][info][gc,phases      ] GC(170)   Other: 0.07ms
[435.790s][info][gc,heap        ] GC(170) Eden regions: 693->0(958)
[435.790s][info][gc,heap        ] GC(170) Survivor regions: 60->72(95)
[435.790s][info][gc,heap        ] GC(170) Old regions: 475->495
[435.790s][info][gc,heap        ] GC(170) Humongous regions: 75->75
[435.790s][info][gc,metaspace   ] GC(170) Metaspace: 28855K(29184K)->28855K(29184K) NonClass: 23971K(24128K)->23971K(24128K) Class: 4883K(5056K)->4883K(5056K)
[435.790s][info][gc             ] GC(170) Pause Young (Prepare Mixed) (G1 Evacuation Pause) 2596M->1274M(4096M) 84.892ms
[435.790s][info][gc,cpu         ] GC(170) User=0.50s Sys=0.00s Real=0.09s
.........[444.666s][info][gc,start       ] GC(171) Pause Young (Mixed) (G1 Evacuation Pause)
[444.666s][info][gc,task        ] GC(171) Using 6 workers of 6 for evacuation
[444.762s][info][gc,phases      ] GC(171)   Pre Evacuate Collection Set: 0.37ms
[444.762s][info][gc,phases      ] GC(171)   Merge Heap Roots: 0.50ms
[444.762s][info][gc,phases      ] GC(171)   Evacuate Collection Set: 93.95ms
[444.762s][info][gc,phases      ] GC(171)   Merge Optional Heap Roots: 0.07ms
[444.762s][info][gc,phases      ] GC(171)   Evacuate Optional Collection Set: 0.70ms
[444.762s][info][gc,phases      ] GC(171)   Post Evacuate Collection Set: 0.87ms
[444.762s][info][gc,phases      ] GC(171)   Other: 0.09ms
[444.762s][info][gc,heap        ] GC(171) Eden regions: 1045->0(1067)
[444.762s][info][gc,heap        ] GC(171) Survivor regions: 72->83(140)
[444.762s][info][gc,heap        ] GC(171) Old regions: 495->505
[444.762s][info][gc,heap        ] GC(171) Humongous regions: 75->75
[444.762s][info][gc,metaspace   ] GC(171) Metaspace: 28859K(29184K)->28859K(29184K) NonClass: 23976K(24128K)->23976K(24128K) Class: 4883K(5056K)->4883K(5056K)
[444.762s][info][gc             ] GC(171) Pause Young (Mixed) (G1 Evacuation Pause) 3364M->1323M(4096M) 96.692ms
[444.762s][info][gc,cpu         ] GC(171) User=0.57s Sys=0.00s Real=0.10s
.........[453.940s][info][gc,start       ] GC(172) Pause Young (Mixed) (G1 Evacuation Pause)
[453.940s][info][gc,task        ] GC(172) Using 6 workers of 6 for evacuation
[454.049s][info][gc,phases      ] GC(172)   Pre Evacuate Collection Set: 0.33ms
[454.049s][info][gc,phases      ] GC(172)   Merge Heap Roots: 0.54ms
[454.049s][info][gc,phases      ] GC(172)   Evacuate Collection Set: 107.41ms
[454.049s][info][gc,phases      ] GC(172)   Post Evacuate Collection Set: 0.88ms
[454.049s][info][gc,phases      ] GC(172)   Other: 0.08ms
[454.049s][info][gc,heap        ] GC(172) Eden regions: 1067->0(983)
[454.049s][info][gc,heap        ] GC(172) Survivor regions: 83->96(144)
[454.049s][info][gc,heap        ] GC(172) Old regions: 505->512
[454.049s][info][gc,heap        ] GC(172) Humongous regions: 77->77
[454.049s][info][gc,metaspace   ] GC(172) Metaspace: 28859K(29184K)->28859K(29184K) NonClass: 23976K(24128K)->23976K(24128K) Class: 4883K(5056K)->4883K(5056K)
[454.049s][info][gc             ] GC(172) Pause Young (Mixed) (G1 Evacuation Pause) 3461M->1368M(4096M) 109.376ms
[454.049s][info][gc,cpu         ] GC(172) User=0.65s Sys=0.00s Real=0.11s
..........[463.649s][info][gc,start       ] GC(173) Pause Young (Concurrent Start) (G1 Evacuation Pause)
[463.649s][info][gc,task        ] GC(173) Using 6 workers of 6 for evacuation
[463.763s][info][gc,phases      ] GC(173)   Pre Evacuate Collection Set: 0.39ms
[463.763s][info][gc,phases      ] GC(173)   Merge Heap Roots: 0.44ms
[463.763s][info][gc,phases      ] GC(173)   Evacuate Collection Set: 112.30ms
[463.763s][info][gc,phases      ] GC(173)   Post Evacuate Collection Set: 0.89ms
[463.763s][info][gc,phases      ] GC(173)   Other: 0.10ms
[463.763s][info][gc,heap        ] GC(173) Eden regions: 1066->0(1074)
[463.763s][info][gc,heap        ] GC(173) Survivor regions: 96->100(146)
[463.763s][info][gc,heap        ] GC(173) Old regions: 512->547
[463.763s][info][gc,heap        ] GC(173) Humongous regions: 77->77
[463.763s][info][gc,metaspace   ] GC(173) Metaspace: 28860K(29184K)->28860K(29184K) NonClass: 23976K(24128K)->23976K(24128K) Class: 4883K(5056K)->4883K(5056K)
[463.763s][info][gc             ] GC(173) Pause Young (Concurrent Start) (G1 Evacuation Pause) 3500M->1446M(4096M) 114.245ms
[463.763s][info][gc             ] GC(174) Concurrent Mark Cycle
[463.763s][info][gc,marking     ] GC(174) Concurrent Scan Root Regions
[463.763s][info][gc,cpu         ] GC(173) User=0.68s Sys=0.00s Real=0.11s
[463.870s][info][gc,marking     ] GC(174) Concurrent Scan Root Regions 107.320ms
[463.870s][info][gc,marking     ] GC(174) Concurrent Mark
[463.870s][info][gc,marking     ] GC(174) Concurrent Mark From Roots
[463.870s][info][gc,task        ] GC(174) Using 2 workers of 2 for marking
.[464.317s][info][gc,marking     ] GC(174) Concurrent Mark From Roots 447.120ms
[464.317s][info][gc,marking     ] GC(174) Concurrent Preclean
[464.318s][info][gc,marking     ] GC(174) Concurrent Preclean 0.063ms
[464.318s][info][gc,start       ] GC(174) Pause Remark
[464.321s][info][gc             ] GC(174) Pause Remark 1584M->1584M(4096M) 3.237ms
[464.321s][info][gc,cpu         ] GC(174) User=0.01s Sys=0.00s Real=0.01s
[464.321s][info][gc,marking     ] GC(174) Concurrent Mark 450.663ms
[464.321s][info][gc,marking     ] GC(174) Concurrent Rebuild Remembered Sets and Scrub Regions
[464.506s][info][gc,marking     ] GC(174) Concurrent Rebuild Remembered Sets and Scrub Regions 185.108ms
[464.506s][info][gc,start       ] GC(174) Pause Cleanup
[464.506s][info][gc             ] GC(174) Pause Cleanup 1620M->1620M(4096M) 0.157ms
[464.506s][info][gc,cpu         ] GC(174) User=0.00s Sys=0.00s Real=0.00s
[464.506s][info][gc,marking     ] GC(174) Concurrent Clear Claimed Marks
[464.506s][info][gc,marking     ] GC(174) Concurrent Clear Claimed Marks 0.027ms
[464.506s][info][gc,marking     ] GC(174) Concurrent Cleanup for Next Mark
[464.511s][info][gc,marking     ] GC(174) Concurrent Cleanup for Next Mark 4.360ms
[464.511s][info][gc             ] GC(174) Concurrent Mark Cycle 747.945ms
..........[474.971s][info][gc,start       ] GC(175) Pause Young (Prepare Mixed) (G1 Evacuation Pause)
[474.971s][info][gc,task        ] GC(175) Using 6 workers of 6 for evacuation
[475.087s][info][gc,phases      ] GC(175)   Pre Evacuate Collection Set: 0.38ms
[475.087s][info][gc,phases      ] GC(175)   Merge Heap Roots: 0.56ms
[475.087s][info][gc,phases      ] GC(175)   Evacuate Collection Set: 113.60ms
[475.087s][info][gc,phases      ] GC(175)   Post Evacuate Collection Set: 0.96ms
[475.087s][info][gc,phases      ] GC(175)   Other: 0.08ms
[475.087s][info][gc,heap        ] GC(175) Eden regions: 1074->0(1059)
[475.087s][info][gc,heap        ] GC(175) Survivor regions: 100->104(147)
[475.087s][info][gc,heap        ] GC(175) Old regions: 547->582
[475.087s][info][gc,heap        ] GC(175) Humongous regions: 77->77
[475.087s][info][gc,metaspace   ] GC(175) Metaspace: 28860K(29184K)->28860K(29184K) NonClass: 23976K(24128K)->23976K(24128K) Class: 4883K(5056K)->4883K(5056K)
[475.087s][info][gc             ] GC(175) Pause Young (Prepare Mixed) (G1 Evacuation Pause) 3594M->1524M(4096M) 115.737ms
[475.087s][info][gc,cpu         ] GC(175) User=0.69s Sys=0.00s Real=0.11s
............[486.872s][info][gc,start       ] GC(176) Pause Young (Mixed) (G1 Evacuation Pause)
[486.872s][info][gc,task        ] GC(176) Using 6 workers of 6 for evacuation
[487.006s][info][gc,phases      ] GC(176)   Pre Evacuate Collection Set: 0.42ms
[487.006s][info][gc,phases      ] GC(176)   Merge Heap Roots: 0.60ms
[487.006s][info][gc,phases      ] GC(176)   Evacuate Collection Set: 128.16ms
[487.006s][info][gc,phases      ] GC(176)   Merge Optional Heap Roots: 0.06ms
[487.006s][info][gc,phases      ] GC(176)   Evacuate Optional Collection Set: 3.38ms
[487.006s][info][gc,phases      ] GC(176)   Post Evacuate Collection Set: 1.13ms
[487.006s][info][gc,phases      ] GC(176)   Other: 0.12ms
[487.006s][info][gc,heap        ] GC(176) Eden regions: 1059->0(1122)
[487.006s][info][gc,heap        ] GC(176) Survivor regions: 104->106(146)
[487.006s][info][gc,heap        ] GC(176) Old regions: 582->480
[487.006s][info][gc,heap        ] GC(176) Humongous regions: 77->77
[487.006s][info][gc,metaspace   ] GC(176) Metaspace: 28865K(29184K)->28865K(29184K) NonClass: 23982K(24128K)->23982K(24128K) Class: 4883K(5056K)->4883K(5056K)
[487.006s][info][gc             ] GC(176) Pause Young (Mixed) (G1 Evacuation Pause) 3642M->1324M(4096M) 134.001ms
[487.006s][info][gc,cpu         ] GC(176) User=0.80s Sys=0.00s Real=0.13s
.............[500.178s][info][gc,start       ] GC(177) Pause Young (Mixed) (G1 Evacuation Pause)
[500.178s][info][gc,task        ] GC(177) Using 6 workers of 6 for evacuation
[500.306s][info][gc,phases      ] GC(177)   Pre Evacuate Collection Set: 0.35ms
[500.306s][info][gc,phases      ] GC(177)   Merge Heap Roots: 0.67ms
[500.306s][info][gc,phases      ] GC(177)   Evacuate Collection Set: 125.76ms
[500.306s][info][gc,phases      ] GC(177)   Post Evacuate Collection Set: 0.95ms
[500.306s][info][gc,phases      ] GC(177)   Other: 0.10ms
[500.306s][info][gc,heap        ] GC(177) Eden regions: 1122->0(1119)
[500.306s][info][gc,heap        ] GC(177) Survivor regions: 106->109(154)
[500.306s][info][gc,heap        ] GC(177) Old regions: 480->493
[500.306s][info][gc,heap        ] GC(177) Humongous regions: 77->77
[500.306s][info][gc,metaspace   ] GC(177) Metaspace: 28869K(29184K)->28869K(29184K) NonClass: 23985K(24128K)->23985K(24128K) Class: 4883K(5056K)->4883K(5056K)
[500.306s][info][gc             ] GC(177) Pause Young (Mixed) (G1 Evacuation Pause) 3568M->1355M(4096M) 127.960ms
[500.306s][info][gc,cpu         ] GC(177) User=0.76s Sys=0.00s Real=0.13s
.............[513.237s][info][gc,start       ] GC(178) Pause Young (Concurrent Start) (G1 Evacuation Pause)
[513.237s][info][gc,task        ] GC(178) Using 6 workers of 6 for evacuation
[513.356s][info][gc,phases      ] GC(178)   Pre Evacuate Collection Set: 0.43ms
[513.356s][info][gc,phases      ] GC(178)   Merge Heap Roots: 0.50ms
[513.356s][info][gc,phases      ] GC(178)   Evacuate Collection Set: 117.45ms
[513.356s][info][gc,phases      ] GC(178)   Post Evacuate Collection Set: 0.91ms
[513.356s][info][gc,phases      ] GC(178)   Other: 0.12ms
[513.356s][info][gc,heap        ] GC(178) Eden regions: 1119->0(1117)
[513.356s][info][gc,heap        ] GC(178) Survivor regions: 109->111(154)
[513.356s][info][gc,heap        ] GC(178) Old regions: 493->526
[513.356s][info][gc,heap        ] GC(178) Humongous regions: 77->77
[513.356s][info][gc,metaspace   ] GC(178) Metaspace: 28869K(29184K)->28869K(29184K) NonClass: 23985K(24128K)->23985K(24128K) Class: 4883K(5056K)->4883K(5056K)
[513.356s][info][gc             ] GC(178) Pause Young (Concurrent Start) (G1 Evacuation Pause) 3593M->1425M(4096M) 119.550ms
[513.356s][info][gc             ] GC(179) Concurrent Mark Cycle
[513.356s][info][gc,marking     ] GC(179) Concurrent Scan Root Regions
[513.356s][info][gc,cpu         ] GC(178) User=0.71s Sys=0.00s Real=0.12s
.[513.480s][info][gc,marking     ] GC(179) Concurrent Scan Root Regions 123.476ms
[513.480s][info][gc,marking     ] GC(179) Concurrent Mark
[513.480s][info][gc,marking     ] GC(179) Concurrent Mark From Roots
[513.480s][info][gc,task        ] GC(179) Using 2 workers of 2 for marking
[513.956s][info][gc,marking     ] GC(179) Concurrent Mark From Roots 476.817ms
[513.957s][info][gc,marking     ] GC(179) Concurrent Preclean
[513.957s][info][gc,marking     ] GC(179) Concurrent Preclean 0.051ms
[513.957s][info][gc,start       ] GC(179) Pause Remark
[513.959s][info][gc             ] GC(179) Pause Remark 1548M->1548M(4096M) 2.633ms
[513.959s][info][gc,cpu         ] GC(179) User=0.02s Sys=0.00s Real=0.01s
[513.959s][info][gc,marking     ] GC(179) Concurrent Mark 479.784ms
[513.959s][info][gc,marking     ] GC(179) Concurrent Rebuild Remembered Sets and Scrub Regions
[514.145s][info][gc,marking     ] GC(179) Concurrent Rebuild Remembered Sets and Scrub Regions 185.269ms
[514.145s][info][gc,start       ] GC(179) Pause Cleanup
[514.145s][info][gc             ] GC(179) Pause Cleanup 1585M->1585M(4096M) 0.145ms
[514.145s][info][gc,cpu         ] GC(179) User=0.00s Sys=0.00s Real=0.00s
[514.145s][info][gc,marking     ] GC(179) Concurrent Clear Claimed Marks
[514.145s][info][gc,marking     ] GC(179) Concurrent Clear Claimed Marks 0.026ms
[514.145s][info][gc,marking     ] GC(179) Concurrent Cleanup for Next Mark
[514.148s][info][gc,marking     ] GC(179) Concurrent Cleanup for Next Mark 3.188ms
[514.148s][info][gc             ] GC(179) Concurrent Mark Cycle 792.195ms
.............[526.428s][info][gc,start       ] GC(180) Pause Young (Prepare Mixed) (G1 Evacuation Pause)
[526.428s][info][gc,task        ] GC(180) Using 6 workers of 6 for evacuation
[526.546s][info][gc,phases      ] GC(180)   Pre Evacuate Collection Set: 0.37ms
[526.546s][info][gc,phases      ] GC(180)   Merge Heap Roots: 0.52ms
[526.546s][info][gc,phases      ] GC(180)   Evacuate Collection Set: 115.89ms
[526.546s][info][gc,phases      ] GC(180)   Post Evacuate Collection Set: 0.95ms
[526.546s][info][gc,phases      ] GC(180)   Other: 0.10ms
[526.546s][info][gc,heap        ] GC(180) Eden regions: 1117->0(1089)
[526.546s][info][gc,heap        ] GC(180) Survivor regions: 111->109(154)
[526.546s][info][gc,heap        ] GC(180) Old regions: 526->561
[526.546s][info][gc,heap        ] GC(180) Humongous regions: 77->77
[526.546s][info][gc,metaspace   ] GC(180) Metaspace: 28870K(29184K)->28870K(29184K) NonClass: 23986K(24128K)->23986K(24128K) Class: 4883K(5056K)->4883K(5056K)
[526.546s][info][gc             ] GC(180) Pause Young (Prepare Mixed) (G1 Evacuation Pause) 3659M->1491M(4096M) 117.956ms
[526.546s][info][gc,cpu         ] GC(180) User=0.70s Sys=0.00s Real=0.12s
.............[539.518s][info][gc,start       ] GC(181) Pause Young (Mixed) (G1 Evacuation Pause)
[539.518s][info][gc,task        ] GC(181) Using 6 workers of 6 for evacuation
[539.652s][info][gc,phases      ] GC(181)   Pre Evacuate Collection Set: 0.42ms
[539.652s][info][gc,phases      ] GC(181)   Merge Heap Roots: 0.77ms
[539.652s][info][gc,phases      ] GC(181)   Evacuate Collection Set: 131.41ms
[539.652s][info][gc,phases      ] GC(181)   Post Evacuate Collection Set: 0.99ms
[539.652s][info][gc,phases      ] GC(181)   Other: 0.09ms
[539.652s][info][gc,heap        ] GC(181) Eden regions: 1089->0(1119)
[539.652s][info][gc,heap        ] GC(181) Survivor regions: 109->109(150)
[539.652s][info][gc,heap        ] GC(181) Old regions: 561->462
[539.652s][info][gc,heap        ] GC(181) Humongous regions: 77->77
[539.652s][info][gc,metaspace   ] GC(181) Metaspace: 28871K(29184K)->28871K(29184K) NonClass: 23987K(24128K)->23987K(24128K) Class: 4883K(5056K)->4883K(5056K)
[539.652s][info][gc             ] GC(181) Pause Young (Mixed) (G1 Evacuation Pause) 3669M->1295M(4096M) 133.807ms
[539.652s][info][gc,cpu         ] GC(181) User=0.80s Sys=0.00s Real=0.14s
.............[552.804s][info][gc,start       ] GC(182) Pause Young (Concurrent Start) (G1 Evacuation Pause)
[552.804s][info][gc,task        ] GC(182) Using 6 workers of 6 for evacuation
[552.920s][info][gc,phases      ] GC(182)   Pre Evacuate Collection Set: 0.41ms
[552.920s][info][gc,phases      ] GC(182)   Merge Heap Roots: 0.44ms
[552.920s][info][gc,phases      ] GC(182)   Evacuate Collection Set: 114.67ms
[552.920s][info][gc,phases      ] GC(182)   Post Evacuate Collection Set: 0.93ms
[552.920s][info][gc,phases      ] GC(182)   Other: 0.10ms
[552.920s][info][gc,heap        ] GC(182) Eden regions: 1119->0(1120)
[552.920s][info][gc,heap        ] GC(182) Survivor regions: 109->108(154)
[552.920s][info][gc,heap        ] GC(182) Old regions: 462->496
[552.920s][info][gc,heap        ] GC(182) Humongous regions: 77->77
[552.920s][info][gc,metaspace   ] GC(182) Metaspace: 28871K(29184K)->28871K(29184K) NonClass: 23987K(24128K)->23987K(24128K) Class: 4883K(5056K)->4883K(5056K)
[552.920s][info][gc             ] GC(182) Pause Young (Concurrent Start) (G1 Evacuation Pause) 3533M->1360M(4096M) 116.677ms
[552.920s][info][gc             ] GC(183) Concurrent Mark Cycle
[552.920s][info][gc,marking     ] GC(183) Concurrent Scan Root Regions
[552.920s][info][gc,cpu         ] GC(182) User=0.70s Sys=0.00s Real=0.12s
[553.032s][info][gc,marking     ] GC(183) Concurrent Scan Root Regions 112.008ms
[553.032s][info][gc,marking     ] GC(183) Concurrent Mark
[553.032s][info][gc,marking     ] GC(183) Concurrent Mark From Roots
[553.032s][info][gc,task        ] GC(183) Using 2 workers of 2 for marking
.[553.522s][info][gc,marking     ] GC(183) Concurrent Mark From Roots 489.462ms
[553.522s][info][gc,marking     ] GC(183) Concurrent Preclean
[553.522s][info][gc,marking     ] GC(183) Concurrent Preclean 0.058ms
[553.522s][info][gc,start       ] GC(183) Pause Remark
[553.525s][info][gc             ] GC(183) Pause Remark 1482M->1482M(4096M) 2.629ms
[553.525s][info][gc,cpu         ] GC(183) User=0.02s Sys=0.00s Real=0.00s
[553.525s][info][gc,marking     ] GC(183) Concurrent Mark 492.391ms
[553.525s][info][gc,marking     ] GC(183) Concurrent Rebuild Remembered Sets and Scrub Regions
[553.714s][info][gc,marking     ] GC(183) Concurrent Rebuild Remembered Sets and Scrub Regions 189.283ms
[553.714s][info][gc,start       ] GC(183) Pause Cleanup
[553.714s][info][gc             ] GC(183) Pause Cleanup 1513M->1513M(4096M) 0.128ms
[553.714s][info][gc,cpu         ] GC(183) User=0.00s Sys=0.00s Real=0.00s
[553.714s][info][gc,marking     ] GC(183) Concurrent Clear Claimed Marks
[553.715s][info][gc,marking     ] GC(183) Concurrent Clear Claimed Marks 0.035ms
[553.715s][info][gc,marking     ] GC(183) Concurrent Cleanup for Next Mark
[553.718s][info][gc,marking     ] GC(183) Concurrent Cleanup for Next Mark 3.141ms
[553.718s][info][gc             ] GC(183) Concurrent Mark Cycle 797.348ms
............[566.154s][info][gc,start       ] GC(184) Pause Young (Prepare Mixed) (G1 Evacuation Pause)
[566.154s][info][gc,task        ] GC(184) Using 6 workers of 6 for evacuation
[566.272s][info][gc,phases      ] GC(184)   Pre Evacuate Collection Set: 0.35ms
[566.272s][info][gc,phases      ] GC(184)   Merge Heap Roots: 0.55ms
[566.272s][info][gc,phases      ] GC(184)   Evacuate Collection Set: 115.86ms
[566.272s][info][gc,phases      ] GC(184)   Post Evacuate Collection Set: 0.92ms
[566.272s][info][gc,phases      ] GC(184)   Other: 0.10ms
[566.272s][info][gc,heap        ] GC(184) Eden regions: 1120->0(1120)
[566.272s][info][gc,heap        ] GC(184) Survivor regions: 108->108(154)
[566.272s][info][gc,heap        ] GC(184) Old regions: 496->528
[566.272s][info][gc,heap        ] GC(184) Humongous regions: 77->77
[566.272s][info][gc,metaspace   ] GC(184) Metaspace: 28872K(29184K)->28872K(29184K) NonClass: 23988K(24128K)->23988K(24128K) Class: 4883K(5056K)->4883K(5056K)
[566.272s][info][gc             ] GC(184) Pause Young (Prepare Mixed) (G1 Evacuation Pause) 3600M->1424M(4096M) 117.911ms
[566.272s][info][gc,cpu         ] GC(184) User=0.71s Sys=0.00s Real=0.12s
..............[579.544s][info][gc,start       ] GC(185) Pause Young (Mixed) (G1 Evacuation Pause)
[579.544s][info][gc,task        ] GC(185) Using 6 workers of 6 for evacuation
[579.676s][info][gc,phases      ] GC(185)   Pre Evacuate Collection Set: 0.39ms
[579.676s][info][gc,phases      ] GC(185)   Merge Heap Roots: 0.73ms
[579.676s][info][gc,phases      ] GC(185)   Evacuate Collection Set: 129.24ms
[579.676s][info][gc,phases      ] GC(185)   Post Evacuate Collection Set: 0.98ms
[579.676s][info][gc,phases      ] GC(185)   Other: 0.09ms
[579.676s][info][gc,heap        ] GC(185) Eden regions: 1120->0(1120)
[579.676s][info][gc,heap        ] GC(185) Survivor regions: 108->108(154)
[579.676s][info][gc,heap        ] GC(185) Old regions: 528->465
[579.676s][info][gc,heap        ] GC(185) Humongous regions: 77->77
[579.676s][info][gc,metaspace   ] GC(185) Metaspace: 28873K(29184K)->28873K(29184K) NonClass: 23989K(24128K)->23989K(24128K) Class: 4883K(5056K)->4883K(5056K)
[579.676s][info][gc             ] GC(185) Pause Young (Mixed) (G1 Evacuation Pause) 3664M->1297M(4096M) 131.556ms
[579.676s][info][gc,cpu         ] GC(185) User=0.79s Sys=0.00s Real=0.13s
.............[593.049s][info][gc,start       ] GC(186) Pause Young (Concurrent Start) (G1 Evacuation Pause)
[593.049s][info][gc,task        ] GC(186) Using 6 workers of 6 for evacuation
[593.166s][info][gc,phases      ] GC(186)   Pre Evacuate Collection Set: 0.39ms
[593.166s][info][gc,phases      ] GC(186)   Merge Heap Roots: 0.55ms
[593.166s][info][gc,phases      ] GC(186)   Evacuate Collection Set: 115.32ms
[593.166s][info][gc,phases      ] GC(186)   Post Evacuate Collection Set: 0.90ms
[593.166s][info][gc,phases      ] GC(186)   Other: 0.10ms
[593.166s][info][gc,heap        ] GC(186) Eden regions: 1120->0(1120)
[593.166s][info][gc,heap        ] GC(186) Survivor regions: 108->108(154)
[593.166s][info][gc,heap        ] GC(186) Old regions: 465->497
[593.166s][info][gc,heap        ] GC(186) Humongous regions: 77->77
[593.166s][info][gc,metaspace   ] GC(186) Metaspace: 28873K(29184K)->28873K(29184K) NonClass: 23989K(24128K)->23989K(24128K) Class: 4883K(5056K)->4883K(5056K)
[593.166s][info][gc             ] GC(186) Pause Young (Concurrent Start) (G1 Evacuation Pause) 3537M->1362M(4096M) 117.397ms
[593.166s][info][gc             ] GC(187) Concurrent Mark Cycle
[593.166s][info][gc,marking     ] GC(187) Concurrent Scan Root Regions
[593.166s][info][gc,cpu         ] GC(186) User=0.70s Sys=0.00s Real=0.11s
[593.276s][info][gc,marking     ] GC(187) Concurrent Scan Root Regions 109.747ms
[593.276s][info][gc,marking     ] GC(187) Concurrent Mark
[593.276s][info][gc,marking     ] GC(187) Concurrent Mark From Roots
[593.276s][info][gc,task        ] GC(187) Using 2 workers of 2 for marking
.[593.766s][info][gc,marking     ] GC(187) Concurrent Mark From Roots 490.509ms
[593.766s][info][gc,marking     ] GC(187) Concurrent Preclean
[593.767s][info][gc,marking     ] GC(187) Concurrent Preclean 0.077ms
[593.767s][info][gc,start       ] GC(187) Pause Remark
[593.769s][info][gc             ] GC(187) Pause Remark 1486M->1486M(4096M) 2.718ms
[593.769s][info][gc,cpu         ] GC(187) User=0.01s Sys=0.00s Real=0.01s
[593.769s][info][gc,marking     ] GC(187) Concurrent Mark 493.576ms
[593.770s][info][gc,marking     ] GC(187) Concurrent Rebuild Remembered Sets and Scrub Regions
[593.966s][info][gc,marking     ] GC(187) Concurrent Rebuild Remembered Sets and Scrub Regions 196.765ms
[593.966s][info][gc,start       ] GC(187) Pause Cleanup
[593.967s][info][gc             ] GC(187) Pause Cleanup 1526M->1526M(4096M) 0.126ms
[593.967s][info][gc,cpu         ] GC(187) User=0.00s Sys=0.00s Real=0.00s
[593.967s][info][gc,marking     ] GC(187) Concurrent Clear Claimed Marks
[593.967s][info][gc,marking     ] GC(187) Concurrent Clear Claimed Marks 0.033ms
[593.967s][info][gc,marking     ] GC(187) Concurrent Cleanup for Next Mark
[593.970s][info][gc,marking     ] GC(187) Concurrent Cleanup for Next Mark 3.140ms
[593.970s][info][gc             ] GC(187) Concurrent Mark Cycle 803.704ms
.... (rIR:aIR:PR = 1384:1384:1384) (tPR = 20978) [OK] 
   597s: 
   597s: Building throughput-responsetime curve
   597s: ( 0%)   IR =      0 ...|............................................................ (rIR:aIR:PR = 0:0:0) (tPR = 0) [OK] 
   660s: Performance info:
         Transaction,    Success,    Partial,     Failed,   Receipts, AvgBarcode, 
         Response times:
             Request,    Success,    Partial,     Failed,   SkipFail,     Probes,    Samples,      min,      p50,      p90,      p95,      p99,      max, 

   660s: ( 1%)   IR =    138 ....|............................................................ (rIR:aIR:PR = 138:138:138) (tPR = 2046) [OK] 
   724s: Performance info:
         Transaction,    Success,    Partial,     Failed,   Receipts, AvgBarcode, 
             Overall,       8281,          0,          0,       7865,      59.46, 
         Response times:
             Request,    Success,    Partial,     Failed,   SkipFail,     Probes,    Samples,      min,      p50,      p90,      p95,      p99,      max, 
       TotalPurchase,       7865,          0,          0,          0,       7221,       8232,      300,      400,      600,      600,      800,     1100,
     InStorePurchase,       4138,          0,          0,          0,       3853,       4326,      300,      400,      500,      600,      800,     1100,
      OnlinePurchase,       2897,          0,          0,          0,       2678,       3062,      300,      400,      600,      600,      800,     1000,
        InstPurchase,        830,          0,          0,          0,        690,        844,      400,      500,      600,      700,      900,     1100,
          AssocOfCat,          8,          0,          0,          0,          7,          8,    21000,    23500,    30000,    30000,    30000,    30000,
      AssocOfProduct,         83,          0,          0,          0,         81,         87,      500,      600,      700,      700,     1100,     1100,
      BusinessReport,         23,          0,          0,          0,         18,         22,    24000,    28000,    32700,    35550,    36000,    36000,
          CustBuyBeh,         82,          0,          0,          0,         82,         87,      200,      300,      300,      300,      400,      400,
       ProductReturn,        220,          0,          0,          0,        166,        239,      200,      300,      300,      500,      600,      600,

   724s: ( 2%)   IR =    277 ....|........[737.180s][info][gc,start       ] GC(188) Pause Young (Prepare Mixed) (G1 Evacuation Pause)
[737.180s][info][gc,task        ] GC(188) Using 6 workers of 6 for evacuation
[737.297s][info][gc,phases      ] GC(188)   Pre Evacuate Collection Set: 0.34ms
[737.298s][info][gc,phases      ] GC(188)   Merge Heap Roots: 0.68ms
[737.298s][info][gc,phases      ] GC(188)   Evacuate Collection Set: 115.32ms
[737.298s][info][gc,phases      ] GC(188)   Post Evacuate Collection Set: 0.93ms
[737.298s][info][gc,phases      ] GC(188)   Other: 0.10ms
[737.298s][info][gc,heap        ] GC(188) Eden regions: 1120->0(1120)
[737.298s][info][gc,heap        ] GC(188) Survivor regions: 108->108(154)
[737.298s][info][gc,heap        ] GC(188) Old regions: 497->530
[737.298s][info][gc,heap        ] GC(188) Humongous regions: 77->77
[737.298s][info][gc,metaspace   ] GC(188) Metaspace: 28877K(29184K)->28877K(29184K) NonClass: 23993K(24128K)->23993K(24128K) Class: 4883K(5056K)->4883K(5056K)
[737.298s][info][gc             ] GC(188) Pause Young (Prepare Mixed) (G1 Evacuation Pause) 3602M->1427M(4096M) 117.507ms
[737.298s][info][gc,cpu         ] GC(188) User=0.70s Sys=0.00s Real=0.11s
.................................................... (rIR:aIR:PR = 277:277:277) (tPR = 4071) [OK] 
   788s: Performance info:
         Transaction,    Success,    Partial,     Failed,   Receipts, AvgBarcode, 
             Overall,      16633,          0,          0,      15790,      59.45, 
         Response times:
             Request,    Success,    Partial,     Failed,   SkipFail,     Probes,    Samples,      min,      p50,      p90,      p95,      p99,      max, 
       TotalPurchase,      15790,          0,          0,          0,      14886,      16576,      300,      500,      800,      900,     1000,   119000,
     InStorePurchase,       8306,          0,          0,          0,       7944,       8742,      300,      500,      700,      800,     1000,   119000,
      OnlinePurchase,       5819,          0,          0,          0,       5444,       6084,      300,      500,      800,      900,     1100,   119000,
        InstPurchase,       1665,          0,          0,          0,       1498,       1750,      400,      600,      800,      900,     1149,   119000,
          AssocOfCat,         17,          0,          0,          0,         16,         16,    17900,    22000,    25600,    27000,    27000,    27000,
      AssocOfProduct,        169,          0,          0,          0,        129,        198,      400,      700,      810,     1000,     1002,     1200,
      BusinessReport,         43,          0,          0,          0,         38,         44,    19400,    27000,    36000,    43500,    46000,    46000,
          CustBuyBeh,        167,          0,          0,          0,        127,        186,      200,      300,      600,      600,     1026,     1200,
       ProductReturn,        447,          0,          0,          0,        342,        430,      200,      300,      500,      600,      800,     1800,

   788s: ( 3%)   IR =    415 ....|......[798.545s][info][gc,start       ] GC(189) Pause Young (Mixed) (G1 Evacuation Pause)
[798.545s][info][gc,task        ] GC(189) Using 6 workers of 6 for evacuation
[798.683s][info][gc,phases      ] GC(189)   Pre Evacuate Collection Set: 0.43ms
[798.683s][info][gc,phases      ] GC(189)   Merge Heap Roots: 0.72ms
[798.683s][info][gc,phases      ] GC(189)   Evacuate Collection Set: 135.56ms
[798.683s][info][gc,phases      ] GC(189)   Post Evacuate Collection Set: 0.96ms
[798.683s][info][gc,phases      ] GC(189)   Other: 0.10ms
[798.683s][info][gc,heap        ] GC(189) Eden regions: 1120->0(1119)
[798.683s][info][gc,heap        ] GC(189) Survivor regions: 108->109(154)
[798.683s][info][gc,heap        ] GC(189) Old regions: 530->464
[798.683s][info][gc,heap        ] GC(189) Humongous regions: 77->77
[798.683s][info][gc,metaspace   ] GC(189) Metaspace: 28881K(29184K)->28881K(29184K) NonClass: 23998K(24128K)->23998K(24128K) Class: 4883K(5056K)->4883K(5056K)
[798.683s][info][gc             ] GC(189) Pause Young (Mixed) (G1 Evacuation Pause) 3667M->1299M(4096M) 137.909ms
[798.683s][info][gc,cpu         ] GC(189) User=0.82s Sys=0.00s Real=0.14s
.............................................[843.851s][info][gc,start       ] GC(190) Pause Young (Concurrent Start) (G1 Evacuation Pause)
[843.851s][info][gc,task        ] GC(190) Using 6 workers of 6 for evacuation
[843.968s][info][gc,phases      ] GC(190)   Pre Evacuate Collection Set: 0.40ms
[843.968s][info][gc,phases      ] GC(190)   Merge Heap Roots: 0.51ms
[843.968s][info][gc,phases      ] GC(190)   Evacuate Collection Set: 114.66ms
[843.968s][info][gc,phases      ] GC(190)   Post Evacuate Collection Set: 0.90ms
[843.968s][info][gc,phases      ] GC(190)   Other: 0.12ms
[843.968s][info][gc,heap        ] GC(190) Eden regions: 1119->0(1120)
[843.968s][info][gc,heap        ] GC(190) Survivor regions: 109->108(154)
[843.968s][info][gc,heap        ] GC(190) Old regions: 464->496
[843.968s][info][gc,heap        ] GC(190) Humongous regions: 77->77
[843.968s][info][gc,metaspace   ] GC(190) Metaspace: 28885K(29184K)->28885K(29184K) NonClass: 24002K(24128K)->24002K(24128K) Class: 4883K(5056K)->4883K(5056K)
[843.968s][info][gc             ] GC(190) Pause Young (Concurrent Start) (G1 Evacuation Pause) 3537M->1361M(4096M) 116.724ms
[843.968s][info][gc             ] GC(191) Concurrent Mark Cycle
[843.968s][info][gc,marking     ] GC(191) Concurrent Scan Root Regions
[843.968s][info][gc,cpu         ] GC(190) User=0.69s Sys=0.00s Real=0.11s
[844.071s][info][gc,marking     ] GC(191) Concurrent Scan Root Regions 103.057ms
[844.071s][info][gc,marking     ] GC(191) Concurrent Mark
[844.071s][info][gc,marking     ] GC(191) Concurrent Mark From Roots
[844.071s][info][gc,task        ] GC(191) Using 2 workers of 2 for marking
[844.553s][info][gc,marking     ] GC(191) Concurrent Mark From Roots 482.146ms
[844.553s][info][gc,marking     ] GC(191) Concurrent Preclean
[844.553s][info][gc,marking     ] GC(191) Concurrent Preclean 0.057ms
[844.554s][info][gc,start       ] GC(191) Pause Remark
[844.556s][info][gc             ] GC(191) Pause Remark 1401M->1401M(4096M) 2.180ms
[844.556s][info][gc,cpu         ] GC(191) User=0.01s Sys=0.00s Real=0.00s
[844.556s][info][gc,marking     ] GC(191) Concurrent Mark 484.609ms
[844.556s][info][gc,marking     ] GC(191) Concurrent Rebuild Remembered Sets and Scrub Regions
.[844.746s][info][gc,marking     ] GC(191) Concurrent Rebuild Remembered Sets and Scrub Regions 190.203ms
[844.746s][info][gc,start       ] GC(191) Pause Cleanup
[844.746s][info][gc             ] GC(191) Pause Cleanup 1410M->1410M(4096M) 0.119ms
[844.746s][info][gc,cpu         ] GC(191) User=0.00s Sys=0.00s Real=0.00s
[844.746s][info][gc,marking     ] GC(191) Concurrent Clear Claimed Marks
[844.746s][info][gc,marking     ] GC(191) Concurrent Clear Claimed Marks 0.030ms
[844.746s][info][gc,marking     ] GC(191) Concurrent Cleanup for Next Mark
[844.750s][info][gc,marking     ] GC(191) Concurrent Cleanup for Next Mark 3.193ms
[844.750s][info][gc             ] GC(191) Concurrent Mark Cycle 781.551ms
........ (rIR:aIR:PR = 415:416:416) (tPR = 6254) [OK] 
   852s: Performance info:
         Transaction,    Success,    Partial,     Failed,   Receipts, AvgBarcode, 
             Overall,      24951,          0,          0,      23708,      59.46, 
         Response times:
             Request,    Success,    Partial,     Failed,   SkipFail,     Probes,    Samples,      min,      p50,      p90,      p95,      p99,      max, 
       TotalPurchase,      23708,          0,          0,          0,      22644,      25001,      300,      600,      900,     1000,     1300,   143000,
     InStorePurchase,      12488,          0,          0,          0,      12065,      13266,      300,      600,      900,     1000,     1300,   143000,
      OnlinePurchase,       8729,          0,          0,          0,       8273,       9120,      300,      600,      900,     1000,     1300,   141000,
        InstPurchase,       2491,          0,          0,          0,       2306,       2615,      400,      600,      900,     1000,     1284,     6600,
          AssocOfCat,         26,          0,          0,          0,         26,         26,    17400,    23000,    26600,    28650,    29000,    29000,
      AssocOfProduct,        249,          0,          0,          0,        184,        246,      400,      800,     1100,     1200,     1918,     4100,
      BusinessReport,         62,          0,          0,          0,         56,         66,    19400,    26000,    30000,    34900,   164000,   164000,
          CustBuyBeh,        249,          0,          0,          0,        181,        240,      200,      500,      700,      800,     1100,     1300,
       ProductReturn,        657,          0,          0,          0,        540,        687,      200,      600,      800,      900,     1412,     5800,

   852s: ( 4%)   IR =    553 ....|.......................[880.001s][info][gc,start       ] GC(192) Pause Young (Prepare Mixed) (G1 Evacuation Pause)
[880.001s][info][gc,task        ] GC(192) Using 6 workers of 6 for evacuation
[880.118s][info][gc,phases      ] GC(192)   Pre Evacuate Collection Set: 0.37ms
[880.118s][info][gc,phases      ] GC(192)   Merge Heap Roots: 0.68ms
[880.118s][info][gc,phases      ] GC(192)   Evacuate Collection Set: 114.47ms
[880.118s][info][gc,phases      ] GC(192)   Post Evacuate Collection Set: 0.96ms
[880.118s][info][gc,phases      ] GC(192)   Other: 0.10ms
[880.118s][info][gc,heap        ] GC(192) Eden regions: 1120->0(1120)
[880.118s][info][gc,heap        ] GC(192) Survivor regions: 108->108(154)
[880.118s][info][gc,heap        ] GC(192) Old regions: 496->529
[880.118s][info][gc,heap        ] GC(192) Humongous regions: 77->77
[880.118s][info][gc,metaspace   ] GC(192) Metaspace: 28886K(29184K)->28886K(29184K) NonClass: 24003K(24128K)->24003K(24128K) Class: 4883K(5056K)->4883K(5056K)
[880.118s][info][gc             ] GC(192) Pause Young (Prepare Mixed) (G1 Evacuation Pause) 3601M->1425M(4096M) 116.712ms
[880.118s][info][gc,cpu         ] GC(192) User=0.69s Sys=0.01s Real=0.11s
..................................[914.066s][info][gc,start       ] GC(193) Pause Young (Mixed) (G1 Evacuation Pause)
[914.066s][info][gc,task        ] GC(193) Using 6 workers of 6 for evacuation
[914.199s][info][gc,phases      ] GC(193)   Pre Evacuate Collection Set: 0.40ms
[914.199s][info][gc,phases      ] GC(193)   Merge Heap Roots: 0.78ms
[914.199s][info][gc,phases      ] GC(193)   Evacuate Collection Set: 131.36ms
[914.199s][info][gc,phases      ] GC(193)   Post Evacuate Collection Set: 1.02ms
[914.199s][info][gc,phases      ] GC(193)   Other: 0.09ms
[914.199s][info][gc,heap        ] GC(193) Eden regions: 1120->0(1120)
[914.199s][info][gc,heap        ] GC(193) Survivor regions: 108->108(154)
[914.199s][info][gc,heap        ] GC(193) Old regions: 529->466
[914.199s][info][gc,heap        ] GC(193) Humongous regions: 77->77
[914.199s][info][gc,metaspace   ] GC(193) Metaspace: 28887K(29184K)->28887K(29184K) NonClass: 24003K(24128K)->24003K(24128K) Class: 4883K(5056K)->4883K(5056K)
[914.199s][info][gc             ] GC(193) Pause Young (Mixed) (G1 Evacuation Pause) 3665M->1299M(4096M) 133.797ms
[914.199s][info][gc,cpu         ] GC(193) User=0.80s Sys=0.00s Real=0.14s
... (rIR:aIR:PR = 553:553:553) (tPR = 8348) [OK] 
   916s: Performance info:
         Transaction,    Success,    Partial,     Failed,   Receipts, AvgBarcode, 
             Overall,      33209,          0,          0,      31555,      59.51, 
         Response times:
             Request,    Success,    Partial,     Failed,   SkipFail,     Probes,    Samples,      min,      p50,      p90,      p95,      p99,      max, 
       TotalPurchase,      31555,          0,          0,          0,      30422,      33371,      300,      700,     1100,     1200,     1500,   136000,
     InStorePurchase,      16614,          0,          0,          0,      16085,      17500,      300,      700,     1100,     1200,     1500,   136000,
      OnlinePurchase,      11625,          0,          0,          0,      11283,      12469,      300,      700,     1100,     1200,     1500,   136000,
        InstPurchase,       3316,          0,          0,          0,       3054,       3402,      400,      800,     1100,     1200,     1500,     4500,
          AssocOfCat,         33,          0,          0,          0,         32,         34,    18100,    24000,    25500,    26000,    26000,    26000,
      AssocOfProduct,        330,          0,          0,          0,        260,        349,      500,     1100,     1400,     1450,     1600,     1800,
      BusinessReport,         84,          0,          0,          0,         79,         88,    18300,    27000,    30000,    31000,    37000,    37000,
          CustBuyBeh,        330,          0,          0,          0,        260,        341,      200,      500,      980,     1100,     1458,     1500,
       ProductReturn,        877,          0,          0,          0,        766,        950,      200,      600,     1000,     1100,     1500,   136000,

   916s: ( 5%)   IR =    692 ....|.....................[941.964s][info][gc,start       ] GC(194) Pause Young (Concurrent Start) (G1 Evacuation Pause)
[941.964s][info][gc,task        ] GC(194) Using 6 workers of 6 for evacuation
[942.081s][info][gc,phases      ] GC(194)   Pre Evacuate Collection Set: 0.41ms
[942.081s][info][gc,phases      ] GC(194)   Merge Heap Roots: 0.59ms
[942.081s][info][gc,phases      ] GC(194)   Evacuate Collection Set: 115.21ms
[942.081s][info][gc,phases      ] GC(194)   Post Evacuate Collection Set: 0.96ms
[942.081s][info][gc,phases      ] GC(194)   Other: 0.12ms
[942.081s][info][gc,heap        ] GC(194) Eden regions: 1120->0(1119)
[942.081s][info][gc,heap        ] GC(194) Survivor regions: 108->109(154)
[942.081s][info][gc,heap        ] GC(194) Old regions: 466->498
[942.081s][info][gc,heap        ] GC(194) Humongous regions: 77->77
[942.081s][info][gc,metaspace   ] GC(194) Metaspace: 28890K(29184K)->28890K(29184K) NonClass: 24006K(24128K)->24006K(24128K) Class: 4883K(5056K)->4883K(5056K)
[942.081s][info][gc             ] GC(194) Pause Young (Concurrent Start) (G1 Evacuation Pause) 3539M->1365M(4096M) 117.415ms
[942.081s][info][gc             ] GC(195) Concurrent Mark Cycle
[942.081s][info][gc,marking     ] GC(195) Concurrent Scan Root Regions
[942.081s][info][gc,cpu         ] GC(194) User=0.70s Sys=0.00s Real=0.12s
[942.191s][info][gc,marking     ] GC(195) Concurrent Scan Root Regions 109.348ms
[942.191s][info][gc,marking     ] GC(195) Concurrent Mark
[942.191s][info][gc,marking     ] GC(195) Concurrent Mark From Roots
[942.191s][info][gc,task        ] GC(195) Using 2 workers of 2 for marking
.[942.695s][info][gc,marking     ] GC(195) Concurrent Mark From Roots 504.599ms
[942.695s][info][gc,marking     ] GC(195) Concurrent Preclean
[942.695s][info][gc,marking     ] GC(195) Concurrent Preclean 0.053ms
[942.695s][info][gc,start       ] GC(195) Pause Remark
[942.698s][info][gc             ] GC(195) Pause Remark 1428M->1428M(4096M) 2.435ms
[942.698s][info][gc,cpu         ] GC(195) User=0.02s Sys=0.00s Real=0.00s
[942.698s][info][gc,marking     ] GC(195) Concurrent Mark 507.324ms
[942.698s][info][gc,marking     ] GC(195) Concurrent Rebuild Remembered Sets and Scrub Regions
[943.021s][info][gc,marking     ] GC(195) Concurrent Rebuild Remembered Sets and Scrub Regions 322.722ms
[943.021s][info][gc,start       ] GC(195) Pause Cleanup
[943.021s][info][gc             ] GC(195) Pause Cleanup 1457M->1457M(4096M) 0.116ms
[943.021s][info][gc,cpu         ] GC(195) User=0.00s Sys=0.00s Real=0.00s
[943.021s][info][gc,marking     ] GC(195) Concurrent Clear Claimed Marks
[943.021s][info][gc,marking     ] GC(195) Concurrent Clear Claimed Marks 0.028ms
[943.021s][info][gc,marking     ] GC(195) Concurrent Cleanup for Next Mark
[943.024s][info][gc,marking     ] GC(195) Concurrent Cleanup for Next Mark 3.342ms
[943.024s][info][gc             ] GC(195) Concurrent Mark Cycle 943.187ms
..........................[969.243s][info][gc,start       ] GC(196) Pause Young (Prepare Mixed) (G1 Evacuation Pause)
[969.243s][info][gc,task        ] GC(196) Using 6 workers of 6 for evacuation
[969.361s][info][gc,phases      ] GC(196)   Pre Evacuate Collection Set: 0.37ms
[969.361s][info][gc,phases      ] GC(196)   Merge Heap Roots: 0.62ms
[969.361s][info][gc,phases      ] GC(196)   Evacuate Collection Set: 115.10ms
[969.361s][info][gc,phases      ] GC(196)   Post Evacuate Collection Set: 0.92ms
[969.361s][info][gc,phases      ] GC(196)   Other: 0.10ms
[969.361s][info][gc,heap        ] GC(196) Eden regions: 1119->0(1119)
[969.361s][info][gc,heap        ] GC(196) Survivor regions: 109->109(154)
[969.361s][info][gc,heap        ] GC(196) Old regions: 498->530
[969.361s][info][gc,heap        ] GC(196) Humongous regions: 77->77
[969.361s][info][gc,metaspace   ] GC(196) Metaspace: 28895K(29184K)->28895K(29184K) NonClass: 24012K(24128K)->24012K(24128K) Class: 4883K(5056K)->4883K(5056K)
[969.361s][info][gc             ] GC(196) Pause Young (Prepare Mixed) (G1 Evacuation Pause) 3603M->1429M(4096M) 117.243ms
[969.361s][info][gc,cpu         ] GC(196) User=0.70s Sys=0.01s Real=0.12s
............ (rIR:aIR:PR = 692:692:692) (tPR = 10310) [OK] 
   980s: Performance info:
         Transaction,    Success,    Partial,     Failed,   Receipts, AvgBarcode, 
             Overall,      41565,          0,          0,      39485,      59.47, 
         Response times:
             Request,    Success,    Partial,     Failed,   SkipFail,     Probes,    Samples,      min,      p50,      p90,      p95,      p99,      max, 
       TotalPurchase,      39485,          0,          0,          0,      38094,      41703,      300,      900,     1300,     1400,     1800,   119000,
     InStorePurchase,      20782,          0,          0,          0,      20079,      21835,      300,      900,     1300,     1400,     1700,   119000,
      OnlinePurchase,      14552,          0,          0,          0,      14141,      15467,      300,      900,     1300,     1400,     1700,   119000,
        InstPurchase,       4151,          0,          0,          0,       3874,       4401,      400,     1000,     1400,     1500,     1900,     8500,
          AssocOfCat,         42,          0,          0,          0,         40,         43,    18500,    23000,    26000,    26000,    35000,    35000,
      AssocOfProduct,        415,          0,          0,          0,        349,        478,      500,      900,     1200,     1400,     1721,     2900,
      BusinessReport,        105,          0,          0,          0,        103,        111,    18700,    27000,    30000,    31400,    55080,    57000,
          CustBuyBeh,        414,          0,          0,          0,        339,        438,      200,      500,     1000,     1200,     1361,     2500,
       ProductReturn,       1104,          0,          0,          0,       1007,       1202,      200,      500,      900,     1000,     1400,     4800,

   980s: ( 6%)   IR =    830 ....|.........[993.954s][info][gc,start       ] GC(197) Pause Young (Mixed) (G1 Evacuation Pause)
[993.954s][info][gc,task        ] GC(197) Using 6 workers of 6 for evacuation
[994.087s][info][gc,phases      ] GC(197)   Pre Evacuate Collection Set: 0.35ms
[994.087s][info][gc,phases      ] GC(197)   Merge Heap Roots: 0.74ms
[994.087s][info][gc,phases      ] GC(197)   Evacuate Collection Set: 131.07ms
[994.087s][info][gc,phases      ] GC(197)   Post Evacuate Collection Set: 0.95ms
[994.087s][info][gc,phases      ] GC(197)   Other: 0.09ms
[994.087s][info][gc,heap        ] GC(197) Eden regions: 1119->0(1119)
[994.087s][info][gc,heap        ] GC(197) Survivor regions: 109->109(154)
[994.087s][info][gc,heap        ] GC(197) Old regions: 530->465
[994.087s][info][gc,heap        ] GC(197) Humongous regions: 77->77
[994.087s][info][gc,metaspace   ] GC(197) Metaspace: 28895K(29184K)->28895K(29184K) NonClass: 24012K(24128K)->24012K(24128K) Class: 4883K(5056K)->4883K(5056K)
[994.087s][info][gc             ] GC(197) Pause Young (Mixed) (G1 Evacuation Pause) 3667M->1299M(4096M) 133.351ms
[994.087s][info][gc,cpu         ] GC(197) User=0.79s Sys=0.00s Real=0.13s
.......................[1016.974s][info][gc,start       ] GC(198) Pause Young (Concurrent Start) (G1 Evacuation Pause)
[1016.974s][info][gc,task        ] GC(198) Using 6 workers of 6 for evacuation
[1017.090s][info][gc,phases      ] GC(198)   Pre Evacuate Collection Set: 0.41ms
[1017.090s][info][gc,phases      ] GC(198)   Merge Heap Roots: 0.51ms
[1017.090s][info][gc,phases      ] GC(198)   Evacuate Collection Set: 113.95ms
[1017.090s][info][gc,phases      ] GC(198)   Post Evacuate Collection Set: 0.97ms
[1017.090s][info][gc,phases      ] GC(198)   Other: 0.11ms
[1017.090s][info][gc,heap        ] GC(198) Eden regions: 1119->0(1120)
[1017.090s][info][gc,heap        ] GC(198) Survivor regions: 109->108(154)
[1017.090s][info][gc,heap        ] GC(198) Old regions: 465->498
[1017.090s][info][gc,heap        ] GC(198) Humongous regions: 77->77
[1017.090s][info][gc,metaspace   ] GC(198) Metaspace: 28897K(29184K)->28897K(29184K) NonClass: 24013K(24128K)->24013K(24128K) Class: 4883K(5056K)->4883K(5056K)
[1017.090s][info][gc             ] GC(198) Pause Young (Concurrent Start) (G1 Evacuation Pause) 3537M->1364M(4096M) 116.090ms
[1017.090s][info][gc             ] GC(199) Concurrent Mark Cycle
[1017.090s][info][gc,marking     ] GC(199) Concurrent Scan Root Regions
[1017.090s][info][gc,cpu         ] GC(198) User=0.69s Sys=0.00s Real=0.12s
[1017.199s][info][gc,marking     ] GC(199) Concurrent Scan Root Regions 108.766ms
[1017.199s][info][gc,marking     ] GC(199) Concurrent Mark
[1017.199s][info][gc,marking     ] GC(199) Concurrent Mark From Roots
[1017.199s][info][gc,task        ] GC(199) Using 2 workers of 2 for marking
.[1017.710s][info][gc,marking     ] GC(199) Concurrent Mark From Roots 511.332ms
[1017.710s][info][gc,marking     ] GC(199) Concurrent Preclean
[1017.710s][info][gc,marking     ] GC(199) Concurrent Preclean 0.061ms
[1017.710s][info][gc,start       ] GC(199) Pause Remark
[1017.713s][info][gc             ] GC(199) Pause Remark 1444M->1444M(4096M) 2.382ms
[1017.713s][info][gc,cpu         ] GC(199) User=0.01s Sys=0.00s Real=0.00s
[1017.713s][info][gc,marking     ] GC(199) Concurrent Mark 514.007ms
[1017.713s][info][gc,marking     ] GC(199) Concurrent Rebuild Remembered Sets and Scrub Regions
[1017.910s][info][gc,marking     ] GC(199) Concurrent Rebuild Remembered Sets and Scrub Regions 197.480ms
[1017.910s][info][gc,start       ] GC(199) Pause Cleanup
[1017.911s][info][gc             ] GC(199) Pause Cleanup 1456M->1456M(4096M) 0.122ms
[1017.911s][info][gc,cpu         ] GC(199) User=0.00s Sys=0.00s Real=0.00s
[1017.911s][info][gc,marking     ] GC(199) Concurrent Clear Claimed Marks
[1017.911s][info][gc,marking     ] GC(199) Concurrent Clear Claimed Marks 0.027ms
[1017.911s][info][gc,marking     ] GC(199) Concurrent Cleanup for Next Mark
[1017.914s][info][gc,marking     ] GC(199) Concurrent Cleanup for Next Mark 3.322ms
[1017.914s][info][gc             ] GC(199) Concurrent Mark Cycle 824.073ms
......................[1039.978s][info][gc,start       ] GC(200) Pause Young (Prepare Mixed) (G1 Evacuation Pause)
[1039.978s][info][gc,task        ] GC(200) Using 6 workers of 6 for evacuation
[1040.095s][info][gc,phases      ] GC(200)   Pre Evacuate Collection Set: 0.35ms
[1040.095s][info][gc,phases      ] GC(200)   Merge Heap Roots: 0.63ms
[1040.095s][info][gc,phases      ] GC(200)   Evacuate Collection Set: 114.72ms
[1040.095s][info][gc,phases      ] GC(200)   Post Evacuate Collection Set: 0.96ms
[1040.095s][info][gc,phases      ] GC(200)   Other: 0.09ms
[1040.095s][info][gc,heap        ] GC(200) Eden regions: 1120->0(1120)
[1040.095s][info][gc,heap        ] GC(200) Survivor regions: 108->108(154)
[1040.095s][info][gc,heap        ] GC(200) Old regions: 498->530
[1040.095s][info][gc,heap        ] GC(200) Humongous regions: 77->77
[1040.095s][info][gc,metaspace   ] GC(200) Metaspace: 28897K(29184K)->28897K(29184K) NonClass: 24013K(24128K)->24013K(24128K) Class: 4883K(5056K)->4883K(5056K)
[1040.095s][info][gc             ] GC(200) Pause Young (Prepare Mixed) (G1 Evacuation Pause) 3604M->1429M(4096M) 116.889ms
[1040.095s][info][gc,cpu         ] GC(200) User=0.69s Sys=0.00s Real=0.12s
..... (rIR:aIR:PR = 830:830:830) (tPR = 12485) [OK] 
  1044s: Performance info:
         Transaction,    Success,    Partial,     Failed,   Receipts, AvgBarcode, 
             Overall,      49796,          0,          0,      47313,      59.47, 
         Response times:
             Request,    Success,    Partial,     Failed,   SkipFail,     Probes,    Samples,      min,      p50,      p90,      p95,      p99,      max, 
       TotalPurchase,      47313,          0,          0,          0,      45557,      49421,      300,     1000,     1400,     1600,     2100,   136000,
     InStorePurchase,      24921,          0,          0,          0,      24070,      25975,      300,     1000,     1400,     1600,     2100,   135000,
      OnlinePurchase,      17417,          0,          0,          0,      16747,      18151,      300,     1000,     1500,     1600,     2100,   118000,
        InstPurchase,       4975,          0,          0,          0,       4740,       5295,      400,     1000,     1500,     1600,     2100,   136000,
          AssocOfCat,         49,          0,          0,          0,         47,         52,    17700,    24000,    30100,    35050,    37000,    37000,
      AssocOfProduct,        497,          0,          0,          0,        404,        511,      500,     1100,     1600,     1700,     3780,     7100,
      BusinessReport,        123,          0,          0,          0,         96,        138,    19100,    28000,    31000,    36000,    47320,    52000,
          CustBuyBeh,        498,          0,          0,          0,        407,        522,      200,     1100,     1470,     1585,     2154,     7500,
       ProductReturn,       1316,          0,          0,          0,       1151,       1363,      200,      800,     1300,     1400,     2560,     7400,

  1044s: ( 7%)   IR =    969 .....|..........[1060.192s][info][gc,start       ] GC(201) Pause Young (Mixed) (G1 Evacuation Pause)
[1060.192s][info][gc,task        ] GC(201) Using 6 workers of 6 for evacuation
[1060.325s][info][gc,phases      ] GC(201)   Pre Evacuate Collection Set: 0.38ms
[1060.325s][info][gc,phases      ] GC(201)   Merge Heap Roots: 0.78ms
[1060.325s][info][gc,phases      ] GC(201)   Evacuate Collection Set: 131.14ms
[1060.325s][info][gc,phases      ] GC(201)   Post Evacuate Collection Set: 1.00ms
[1060.325s][info][gc,phases      ] GC(201)   Other: 0.09ms
[1060.325s][info][gc,heap        ] GC(201) Eden regions: 1120->0(1119)
[1060.325s][info][gc,heap        ] GC(201) Survivor regions: 108->109(154)
[1060.325s][info][gc,heap        ] GC(201) Old regions: 530->467
[1060.325s][info][gc,heap        ] GC(201) Humongous regions: 77->77
[1060.325s][info][gc,metaspace   ] GC(201) Metaspace: 28897K(29184K)->28897K(29184K) NonClass: 24013K(24128K)->24013K(24128K) Class: 4883K(5056K)->4883K(5056K)
[1060.325s][info][gc             ] GC(201) Pause Young (Mixed) (G1 Evacuation Pause) 3669M->1305M(4096M) 133.515ms
[1060.325s][info][gc,cpu         ] GC(201) User=0.80s Sys=0.00s Real=0.13s
....................[1080.020s][info][gc,start       ] GC(202) Pause Young (Concurrent Start) (G1 Evacuation Pause)
[1080.020s][info][gc,task        ] GC(202) Using 6 workers of 6 for evacuation
[1080.139s][info][gc,phases      ] GC(202)   Pre Evacuate Collection Set: 0.41ms
[1080.139s][info][gc,phases      ] GC(202)   Merge Heap Roots: 0.50ms
[1080.139s][info][gc,phases      ] GC(202)   Evacuate Collection Set: 117.96ms
[1080.140s][info][gc,phases      ] GC(202)   Post Evacuate Collection Set: 0.89ms
[1080.140s][info][gc,phases      ] GC(202)   Other: 0.13ms
[1080.140s][info][gc,heap        ] GC(202) Eden regions: 1119->0(1117)
[1080.140s][info][gc,heap        ] GC(202) Survivor regions: 109->111(154)
[1080.140s][info][gc,heap        ] GC(202) Old regions: 467->499
[1080.140s][info][gc,heap        ] GC(202) Humongous regions: 77->77
[1080.140s][info][gc,metaspace   ] GC(202) Metaspace: 28897K(29184K)->28897K(29184K) NonClass: 24013K(24128K)->24013K(24128K) Class: 4883K(5056K)->4883K(5056K)
[1080.140s][info][gc             ] GC(202) Pause Young (Concurrent Start) (G1 Evacuation Pause) 3543M->1373M(4096M) 120.032ms
[1080.140s][info][gc             ] GC(203) Concurrent Mark Cycle
[1080.140s][info][gc,marking     ] GC(203) Concurrent Scan Root Regions
[1080.140s][info][gc,cpu         ] GC(202) User=0.71s Sys=0.00s Real=0.12s
[1080.265s][info][gc,marking     ] GC(203) Concurrent Scan Root Regions 125.376ms
[1080.265s][info][gc,marking     ] GC(203) Concurrent Mark
[1080.265s][info][gc,marking     ] GC(203) Concurrent Mark From Roots
[1080.265s][info][gc,task        ] GC(203) Using 2 workers of 2 for marking
.[1080.758s][info][gc,marking     ] GC(203) Concurrent Mark From Roots 492.907ms
[1080.758s][info][gc,marking     ] GC(203) Concurrent Preclean
[1080.758s][info][gc,marking     ] GC(203) Concurrent Preclean 0.057ms
[1080.758s][info][gc,start       ] GC(203) Pause Remark
[1080.761s][info][gc             ] GC(203) Pause Remark 1457M->1457M(4096M) 2.491ms
[1080.761s][info][gc,cpu         ] GC(203) User=0.01s Sys=0.00s Real=0.01s
[1080.761s][info][gc,marking     ] GC(203) Concurrent Mark 495.685ms
[1080.761s][info][gc,marking     ] GC(203) Concurrent Rebuild Remembered Sets and Scrub Regions
[1080.960s][info][gc,marking     ] GC(203) Concurrent Rebuild Remembered Sets and Scrub Regions 198.777ms
[1080.960s][info][gc,start       ] GC(203) Pause Cleanup
[1080.960s][info][gc             ] GC(203) Pause Cleanup 1481M->1481M(4096M) 0.122ms
[1080.960s][info][gc,cpu         ] GC(203) User=0.00s Sys=0.00s Real=0.00s
[1080.960s][info][gc,marking     ] GC(203) Concurrent Clear Claimed Marks
[1080.960s][info][gc,marking     ] GC(203) Concurrent Clear Claimed Marks 0.029ms
[1080.960s][info][gc,marking     ] GC(203) Concurrent Cleanup for Next Mark
[1080.963s][info][gc,marking     ] GC(203) Concurrent Cleanup for Next Mark 3.406ms
[1080.963s][info][gc             ] GC(203) Concurrent Mark Cycle 823.746ms
..................[1099.653s][info][gc,start       ] GC(204) Pause Young (Prepare Mixed) (G1 Evacuation Pause)
[1099.653s][info][gc,task        ] GC(204) Using 6 workers of 6 for evacuation
[1099.770s][info][gc,phases      ] GC(204)   Pre Evacuate Collection Set: 0.36ms
[1099.770s][info][gc,phases      ] GC(204)   Merge Heap Roots: 0.66ms
[1099.770s][info][gc,phases      ] GC(204)   Evacuate Collection Set: 115.02ms
[1099.770s][info][gc,phases      ] GC(204)   Post Evacuate Collection Set: 0.95ms
[1099.770s][info][gc,phases      ] GC(204)   Other: 0.10ms
[1099.770s][info][gc,heap        ] GC(204) Eden regions: 1117->0(1120)
[1099.770s][info][gc,heap        ] GC(204) Survivor regions: 111->108(154)
[1099.770s][info][gc,heap        ] GC(204) Old regions: 499->532
[1099.770s][info][gc,heap        ] GC(204) Humongous regions: 77->77
[1099.770s][info][gc,metaspace   ] GC(204) Metaspace: 28897K(29184K)->28897K(29184K) NonClass: 24013K(24128K)->24013K(24128K) Class: 4883K(5056K)->4883K(5056K)
[1099.770s][info][gc             ] GC(204) Pause Young (Prepare Mixed) (G1 Evacuation Pause) 3607M->1432M(4096M) 117.223ms
[1099.770s][info][gc,cpu         ] GC(204) User=0.70s Sys=0.00s Real=0.12s
........... (rIR:aIR:PR = 969:969:969) (tPR = 14625) [OK] 
  1109s: Performance info:
         Transaction,    Success,    Partial,     Failed,   Receipts, AvgBarcode, 
             Overall,      58203,          0,          0,      55301,      59.47, 
         Response times:
             Request,    Success,    Partial,     Failed,   SkipFail,     Probes,    Samples,      min,      p50,      p90,      p95,      p99,      max, 
       TotalPurchase,      55302,          0,          0,          0,      53240,      58808,      300,     1100,     1600,     1800,     2300,   136000,
     InStorePurchase,      29103,          0,          0,          0,      28125,      30932,      300,     1100,     1600,     1800,     2367,   136000,
      OnlinePurchase,      20377,          0,          0,          0,      19645,      21656,      300,     1100,     1600,     1800,     2400,   136000,
        InstPurchase,       5822,          0,          0,          0,       5470,       6220,      400,     1200,     1700,     1800,     2300,   136000,
          AssocOfCat,         59,          0,          0,          0,         50,         62,    16700,    24000,    27000,    28000,    32000,    32000,
      AssocOfProduct,        578,          0,          0,          0,        487,        628,      500,     1400,     1900,     2100,     2600,    13200,
      BusinessReport,        145,          0,          0,          0,        105,        161,    19300,    29000,    31000,    33000,   104360,   149000,
          CustBuyBeh,        578,          0,          0,          0,        467,        614,      300,     1200,     1600,     1725,     2085,     8800,
       ProductReturn,       1543,          0,          0,          0,       1407,       1672,      200,      900,     1400,     1500,     1900,     3400,

  1109s: ( 8%)   IR =   1107 ......|..[1118.221s][info][gc,start       ] GC(205) Pause Young (Mixed) (G1 Evacuation Pause)
[1118.221s][info][gc,task        ] GC(205) Using 6 workers of 6 for evacuation
[1118.352s][info][gc,phases      ] GC(205)   Pre Evacuate Collection Set: 0.42ms
[1118.352s][info][gc,phases      ] GC(205)   Merge Heap Roots: 0.68ms
[1118.352s][info][gc,phases      ] GC(205)   Evacuate Collection Set: 128.95ms
[1118.352s][info][gc,phases      ] GC(205)   Post Evacuate Collection Set: 1.01ms
[1118.352s][info][gc,phases      ] GC(205)   Other: 0.09ms
[1118.352s][info][gc,heap        ] GC(205) Eden regions: 1120->0(1119)
[1118.352s][info][gc,heap        ] GC(205) Survivor regions: 108->109(154)
[1118.352s][info][gc,heap        ] GC(205) Old regions: 532->466
[1118.352s][info][gc,heap        ] GC(205) Humongous regions: 77->77
[1118.352s][info][gc,metaspace   ] GC(205) Metaspace: 28898K(29184K)->28898K(29184K) NonClass: 24014K(24128K)->24014K(24128K) Class: 4883K(5056K)->4883K(5056K)
[1118.352s][info][gc             ] GC(205) Pause Young (Mixed) (G1 Evacuation Pause) 3672M->1302M(4096M) 131.288ms
[1118.352s][info][gc,cpu         ] GC(205) User=0.78s Sys=0.00s Real=0.13s
.................[1135.398s][info][gc,start       ] GC(206) Pause Young (Concurrent Start) (G1 Evacuation Pause)
[1135.398s][info][gc,task        ] GC(206) Using 6 workers of 6 for evacuation
[1135.515s][info][gc,phases      ] GC(206)   Pre Evacuate Collection Set: 0.43ms
[1135.515s][info][gc,phases      ] GC(206)   Merge Heap Roots: 0.60ms
[1135.515s][info][gc,phases      ] GC(206)   Evacuate Collection Set: 114.97ms
[1135.515s][info][gc,phases      ] GC(206)   Post Evacuate Collection Set: 0.91ms
[1135.515s][info][gc,phases      ] GC(206)   Other: 0.14ms
[1135.515s][info][gc,heap        ] GC(206) Eden regions: 1119->0(1118)
[1135.515s][info][gc,heap        ] GC(206) Survivor regions: 109->110(154)
[1135.515s][info][gc,heap        ] GC(206) Old regions: 466->499
[1135.515s][info][gc,heap        ] GC(206) Humongous regions: 77->77
[1135.515s][info][gc,metaspace   ] GC(206) Metaspace: 28898K(29184K)->28898K(29184K) NonClass: 24014K(24128K)->24014K(24128K) Class: 4883K(5056K)->4883K(5056K)
[1135.515s][info][gc             ] GC(206) Pause Young (Concurrent Start) (G1 Evacuation Pause) 3540M->1369M(4096M) 117.190ms
[1135.515s][info][gc             ] GC(207) Concurrent Mark Cycle
[1135.515s][info][gc,marking     ] GC(207) Concurrent Scan Root Regions
[1135.515s][info][gc,cpu         ] GC(206) User=0.70s Sys=0.00s Real=0.12s
[1135.639s][info][gc,marking     ] GC(207) Concurrent Scan Root Regions 124.333ms
[1135.639s][info][gc,marking     ] GC(207) Concurrent Mark
[1135.639s][info][gc,marking     ] GC(207) Concurrent Mark From Roots
[1135.639s][info][gc,task        ] GC(207) Using 2 workers of 2 for marking
.[1136.152s][info][gc,marking     ] GC(207) Concurrent Mark From Roots 512.718ms
[1136.152s][info][gc,marking     ] GC(207) Concurrent Preclean
[1136.152s][info][gc,marking     ] GC(207) Concurrent Preclean 0.060ms
[1136.152s][info][gc,start       ] GC(207) Pause Remark
[1136.155s][info][gc             ] GC(207) Pause Remark 1467M->1467M(4096M) 2.524ms
[1136.155s][info][gc,cpu         ] GC(207) User=0.01s Sys=0.00s Real=0.00s
[1136.155s][info][gc,marking     ] GC(207) Concurrent Mark 515.532ms
[1136.155s][info][gc,marking     ] GC(207) Concurrent Rebuild Remembered Sets and Scrub Regions
[1136.358s][info][gc,marking     ] GC(207) Concurrent Rebuild Remembered Sets and Scrub Regions 202.674ms
[1136.358s][info][gc,start       ] GC(207) Pause Cleanup
[1136.358s][info][gc             ] GC(207) Pause Cleanup 1497M->1497M(4096M) 0.120ms
[1136.358s][info][gc,cpu         ] GC(207) User=0.00s Sys=0.00s Real=0.00s
[1136.358s][info][gc,marking     ] GC(207) Concurrent Clear Claimed Marks
[1136.358s][info][gc,marking     ] GC(207) Concurrent Clear Claimed Marks 0.036ms
[1136.358s][info][gc,marking     ] GC(207) Concurrent Cleanup for Next Mark
[1136.362s][info][gc,marking     ] GC(207) Concurrent Cleanup for Next Mark 3.989ms
[1136.362s][info][gc             ] GC(207) Concurrent Mark Cycle 846.999ms
.................[1152.902s][info][gc,start       ] GC(208) Pause Young (Prepare Mixed) (G1 Evacuation Pause)
[1152.902s][info][gc,task        ] GC(208) Using 6 workers of 6 for evacuation
[1153.019s][info][gc,phases      ] GC(208)   Pre Evacuate Collection Set: 0.39ms
[1153.019s][info][gc,phases      ] GC(208)   Merge Heap Roots: 0.64ms
[1153.019s][info][gc,phases      ] GC(208)   Evacuate Collection Set: 114.63ms
[1153.019s][info][gc,phases      ] GC(208)   Post Evacuate Collection Set: 0.95ms
[1153.019s][info][gc,phases      ] GC(208)   Other: 0.09ms
[1153.019s][info][gc,heap        ] GC(208) Eden regions: 1118->0(1119)
[1153.019s][info][gc,heap        ] GC(208) Survivor regions: 110->109(154)
[1153.019s][info][gc,heap        ] GC(208) Old regions: 499->531
[1153.019s][info][gc,heap        ] GC(208) Humongous regions: 77->77
[1153.019s][info][gc,metaspace   ] GC(208) Metaspace: 28898K(29184K)->28898K(29184K) NonClass: 24014K(24128K)->24014K(24128K) Class: 4883K(5056K)->4883K(5056K)
[1153.019s][info][gc             ] GC(208) Pause Young (Prepare Mixed) (G1 Evacuation Pause) 3605M->1433M(4096M) 116.818ms
[1153.019s][info][gc,cpu         ] GC(208) User=0.70s Sys=0.00s Real=0.12s
.................[1169.954s][info][gc,start       ] GC(209) Pause Young (Mixed) (G1 Evacuation Pause)
[1169.954s][info][gc,task        ] GC(209) Using 6 workers of 6 for evacuation
[1170.089s][info][gc,phases      ] GC(209)   Pre Evacuate Collection Set: 0.41ms
[1170.089s][info][gc,phases      ] GC(209)   Merge Heap Roots: 0.85ms
[1170.089s][info][gc,phases      ] GC(209)   Evacuate Collection Set: 132.29ms
[1170.089s][info][gc,phases      ] GC(209)   Post Evacuate Collection Set: 0.94ms
[1170.089s][info][gc,phases      ] GC(209)   Other: 0.09ms
[1170.089s][info][gc,heap        ] GC(209) Eden regions: 1119->0(1117)
[1170.089s][info][gc,heap        ] GC(209) Survivor regions: 109->111(154)
[1170.089s][info][gc,heap        ] GC(209) Old regions: 531->467
[1170.089s][info][gc,heap        ] GC(209) Humongous regions: 77->77
[1170.089s][info][gc,metaspace   ] GC(209) Metaspace: 28898K(29184K)->28898K(29184K) NonClass: 24014K(24128K)->24014K(24128K) Class: 4883K(5056K)->4883K(5056K)
[1170.089s][info][gc             ] GC(209) Pause Young (Mixed) (G1 Evacuation Pause) 3671M->1308M(4096M) 134.704ms
[1170.089s][info][gc,cpu         ] GC(209) User=0.80s Sys=0.00s Real=0.14s
...... (rIR:aIR:PR = 1107:1108:1108) (tPR = 16639) [OK] 
  1175s: Performance info:
         Transaction,    Success,    Partial,     Failed,   Receipts, AvgBarcode, 
             Overall,      66497,          0,          0,      63191,      59.47, 
         Response times:
             Request,    Success,    Partial,     Failed,   SkipFail,     Probes,    Samples,      min,      p50,      p90,      p95,      p99,      max, 
       TotalPurchase,      63191,          0,          0,          0,      61072,      68469,      300,     1200,     1800,     2000,     2600,   134000,
     InStorePurchase,      33251,          0,          0,          0,      32280,      36031,      300,     1100,     1700,     1900,     2600,   134000,
      OnlinePurchase,      23283,          0,          0,          0,      22431,      25197,      300,     1300,     1800,     2000,     2700,   133000,
        InstPurchase,       6657,          0,          0,          0,       6361,       7241,      400,     1400,     1900,     2100,     2800,   133000,
          AssocOfCat,         66,          0,          0,          0,         63,         72,    17200,    24000,    27000,    29350,    39000,    39000,
      AssocOfProduct,        663,          0,          0,          0,        568,        713,      400,     1300,     1900,     2100,     2786,   119000,
      BusinessReport,        164,          0,          0,          0,        132,        207,    18300,    28000,    33200,    36000,    72000,   170000,
          CustBuyBeh,        664,          0,          0,          0,        586,        747,      200,     1200,     1700,     1900,     2452,     8800,
       ProductReturn,       1749,          0,          0,          0,       1585,       1942,      200,      800,     1500,     1700,     3400,    12300,

  1175s: ( 9%)   IR =   1245 .....|.....[1186.010s][info][gc,start       ] GC(210) Pause Young (Concurrent Start) (G1 Evacuation Pause)
[1186.010s][info][gc,task        ] GC(210) Using 6 workers of 6 for evacuation
[1186.129s][info][gc,phases      ] GC(210)   Pre Evacuate Collection Set: 0.41ms
[1186.129s][info][gc,phases      ] GC(210)   Merge Heap Roots: 0.56ms
[1186.129s][info][gc,phases      ] GC(210)   Evacuate Collection Set: 117.49ms
[1186.129s][info][gc,phases      ] GC(210)   Post Evacuate Collection Set: 0.90ms
[1186.129s][info][gc,phases      ] GC(210)   Other: 0.11ms
[1186.129s][info][gc,heap        ] GC(210) Eden regions: 1117->0(1119)
[1186.129s][info][gc,heap        ] GC(210) Survivor regions: 111->109(154)
[1186.129s][info][gc,heap        ] GC(210) Old regions: 467->500
[1186.129s][info][gc,heap        ] GC(210) Humongous regions: 77->77
[1186.129s][info][gc,metaspace   ] GC(210) Metaspace: 28900K(29184K)->28900K(29184K) NonClass: 24017K(24128K)->24017K(24128K) Class: 4883K(5056K)->4883K(5056K)
[1186.129s][info][gc             ] GC(210) Pause Young (Concurrent Start) (G1 Evacuation Pause) 3542M->1370M(4096M) 119.581ms
[1186.129s][info][gc             ] GC(211) Concurrent Mark Cycle
[1186.129s][info][gc,marking     ] GC(211) Concurrent Scan Root Regions
[1186.129s][info][gc,cpu         ] GC(210) User=0.71s Sys=0.00s Real=0.12s
[1186.296s][info][gc,marking     ] GC(211) Concurrent Scan Root Regions 166.984ms
[1186.296s][info][gc,marking     ] GC(211) Concurrent Mark
[1186.296s][info][gc,marking     ] GC(211) Concurrent Mark From Roots
[1186.296s][info][gc,task        ] GC(211) Using 2 workers of 2 for marking
.[1187.151s][info][gc,marking     ] GC(211) Concurrent Mark From Roots 854.754ms
[1187.151s][info][gc,marking     ] GC(211) Concurrent Preclean
[1187.151s][info][gc,marking     ] GC(211) Concurrent Preclean 0.059ms
[1187.151s][info][gc,start       ] GC(211) Pause Remark
[1187.154s][info][gc             ] GC(211) Pause Remark 1543M->1543M(4096M) 2.911ms
[1187.154s][info][gc,cpu         ] GC(211) User=0.02s Sys=0.00s Real=0.00s
[1187.154s][info][gc,marking     ] GC(211) Concurrent Mark 857.954ms
[1187.154s][info][gc,marking     ] GC(211) Concurrent Rebuild Remembered Sets and Scrub Regions
[1187.486s][info][gc,marking     ] GC(211) Concurrent Rebuild Remembered Sets and Scrub Regions 331.542ms
[1187.486s][info][gc,start       ] GC(211) Pause Cleanup
[1187.486s][info][gc             ] GC(211) Pause Cleanup 1602M->1602M(4096M) 0.118ms
[1187.486s][info][gc,cpu         ] GC(211) User=0.00s Sys=0.00s Real=0.00s
[1187.486s][info][gc,marking     ] GC(211) Concurrent Clear Claimed Marks
[1187.486s][info][gc,marking     ] GC(211) Concurrent Clear Claimed Marks 0.032ms
[1187.486s][info][gc,marking     ] GC(211) Concurrent Cleanup for Next Mark
[1187.490s][info][gc,marking     ] GC(211) Concurrent Cleanup for Next Mark 3.314ms
[1187.490s][info][gc             ] GC(211) Concurrent Mark Cycle 1360.231ms
..............[1201.349s][info][gc,start       ] GC(212) Pause Young (Prepare Mixed) (G1 Evacuation Pause)
[1201.349s][info][gc,task        ] GC(212) Using 6 workers of 6 for evacuation
[1201.467s][info][gc,phases      ] GC(212)   Pre Evacuate Collection Set: 0.36ms
[1201.467s][info][gc,phases      ] GC(212)   Merge Heap Roots: 0.57ms
[1201.467s][info][gc,phases      ] GC(212)   Evacuate Collection Set: 115.56ms
[1201.467s][info][gc,phases      ] GC(212)   Post Evacuate Collection Set: 0.92ms
[1201.467s][info][gc,phases      ] GC(212)   Other: 0.08ms
[1201.467s][info][gc,heap        ] GC(212) Eden regions: 1119->0(1119)
[1201.467s][info][gc,heap        ] GC(212) Survivor regions: 109->109(154)
[1201.467s][info][gc,heap        ] GC(212) Old regions: 500->531
[1201.467s][info][gc,heap        ] GC(212) Humongous regions: 77->77
[1201.467s][info][gc,metaspace   ] GC(212) Metaspace: 28900K(29184K)->28900K(29184K) NonClass: 24017K(24128K)->24017K(24128K) Class: 4883K(5056K)->4883K(5056K)
[1201.467s][info][gc             ] GC(212) Pause Young (Prepare Mixed) (G1 Evacuation Pause) 3608M->1433M(4096M) 117.651ms
[1201.467s][info][gc,cpu         ] GC(212) User=0.70s Sys=0.00s Real=0.11s
...............[1216.445s][info][gc,start       ] GC(213) Pause Young (Mixed) (G1 Evacuation Pause)
[1216.445s][info][gc,task        ] GC(213) Using 6 workers of 6 for evacuation
[1216.578s][info][gc,phases      ] GC(213)   Pre Evacuate Collection Set: 0.37ms
[1216.578s][info][gc,phases      ] GC(213)   Merge Heap Roots: 0.64ms
[1216.578s][info][gc,phases      ] GC(213)   Evacuate Collection Set: 130.28ms
[1216.578s][info][gc,phases      ] GC(213)   Post Evacuate Collection Set: 0.99ms
[1216.578s][info][gc,phases      ] GC(213)   Other: 0.09ms
[1216.578s][info][gc,heap        ] GC(213) Eden regions: 1119->0(1117)
[1216.578s][info][gc,heap        ] GC(213) Survivor regions: 109->111(154)
[1216.578s][info][gc,heap        ] GC(213) Old regions: 531->469
[1216.578s][info][gc,heap        ] GC(213) Humongous regions: 77->77
[1216.578s][info][gc,metaspace   ] GC(213) Metaspace: 28900K(29184K)->28900K(29184K) NonClass: 24017K(24128K)->24017K(24128K) Class: 4883K(5056K)->4883K(5056K)
[1216.578s][info][gc             ] GC(213) Pause Young (Mixed) (G1 Evacuation Pause) 3671M->1312M(4096M) 132.491ms
[1216.578s][info][gc,cpu         ] GC(213) User=0.79s Sys=0.00s Real=0.13s
...............[1231.676s][info][gc,start       ] GC(214) Pause Young (Concurrent Start) (G1 Evacuation Pause)
[1231.676s][info][gc,task        ] GC(214) Using 6 workers of 6 for evacuation
[1231.793s][info][gc,phases      ] GC(214)   Pre Evacuate Collection Set: 0.40ms
[1231.793s][info][gc,phases      ] GC(214)   Merge Heap Roots: 0.55ms
[1231.793s][info][gc,phases      ] GC(214)   Evacuate Collection Set: 114.53ms
[1231.793s][info][gc,phases      ] GC(214)   Post Evacuate Collection Set: 0.89ms
[1231.793s][info][gc,phases      ] GC(214)   Other: 0.13ms
[1231.793s][info][gc,heap        ] GC(214) Eden regions: 1117->0(1120)
[1231.793s][info][gc,heap        ] GC(214) Survivor regions: 111->108(154)
[1231.793s][info][gc,heap        ] GC(214) Old regions: 469->501
[1231.793s][info][gc,heap        ] GC(214) Humongous regions: 77->77
[1231.793s][info][gc,metaspace   ] GC(214) Metaspace: 28900K(29184K)->28900K(29184K) NonClass: 24017K(24128K)->24017K(24128K) Class: 4883K(5056K)->4883K(5056K)
[1231.793s][info][gc             ] GC(214) Pause Young (Concurrent Start) (G1 Evacuation Pause) 3546M->1369M(4096M) 116.631ms
[1231.793s][info][gc             ] GC(215) Concurrent Mark Cycle
[1231.793s][info][gc,marking     ] GC(215) Concurrent Scan Root Regions
[1231.793s][info][gc,cpu         ] GC(214) User=0.69s Sys=0.00s Real=0.12s
.[1231.956s][info][gc,marking     ] GC(215) Concurrent Scan Root Regions 163.467ms
[1231.956s][info][gc,marking     ] GC(215) Concurrent Mark
[1231.956s][info][gc,marking     ] GC(215) Concurrent Mark From Roots
[1231.956s][info][gc,task        ] GC(215) Using 2 workers of 2 for marking
.[1232.864s][info][gc,marking     ] GC(215) Concurrent Mark From Roots 907.738ms
[1232.864s][info][gc,marking     ] GC(215) Concurrent Preclean
[1232.864s][info][gc,marking     ] GC(215) Concurrent Preclean 0.061ms
[1232.864s][info][gc,start       ] GC(215) Pause Remark
[1232.868s][info][gc             ] GC(215) Pause Remark 1535M->1535M(4096M) 3.093ms
[1232.868s][info][gc,cpu         ] GC(215) User=0.02s Sys=0.00s Real=0.00s
[1232.868s][info][gc,marking     ] GC(215) Concurrent Mark 911.139ms
[1232.868s][info][gc,marking     ] GC(215) Concurrent Rebuild Remembered Sets and Scrub Regions
[1233.068s][info][gc,marking     ] GC(215) Concurrent Rebuild Remembered Sets and Scrub Regions 200.309ms
[1233.068s][info][gc,start       ] GC(215) Pause Cleanup
[1233.068s][info][gc             ] GC(215) Pause Cleanup 1558M->1558M(4096M) 0.119ms
[1233.068s][info][gc,cpu         ] GC(215) User=0.00s Sys=0.00s Real=0.00s
[1233.068s][info][gc,marking     ] GC(215) Concurrent Clear Claimed Marks
[1233.068s][info][gc,marking     ] GC(215) Concurrent Clear Claimed Marks 0.034ms
[1233.068s][info][gc,marking     ] GC(215) Concurrent Cleanup for Next Mark
[1233.071s][info][gc,marking     ] GC(215) Concurrent Cleanup for Next Mark 3.184ms
[1233.071s][info][gc             ] GC(215) Concurrent Mark Cycle 1278.591ms
........ (rIR:aIR:PR = 1245:1245:1245) (tPR = 18406) [OK] 
  1240s: Performance info:
         Transaction,    Success,    Partial,     Failed,   Receipts, AvgBarcode, 
             Overall,      74733,          0,          0,      71001,      59.47, 
         Response times:
             Request,    Success,    Partial,     Failed,   SkipFail,     Probes,    Samples,      min,      p50,      p90,      p95,      p99,      max, 
       TotalPurchase,      71001,          0,          0,          0,      69004,      75750,      300,     1300,     1900,     2100,     3000,   137000,
     InStorePurchase,      37401,          0,          0,          0,      36502,      39891,      300,     1300,     1900,     2100,     3100,   137000,
      OnlinePurchase,      26120,          0,          0,          0,      25406,      27928,      300,     1300,     1900,     2100,     3000,   135000,
        InstPurchase,       7480,          0,          0,          0,       7096,       7931,      400,     1400,     2000,     2200,     3100,   123000,
          AssocOfCat,         73,          0,          0,          0,         66,         80,    18600,    24000,    27000,    29000,    40000,    40000,
      AssocOfProduct,        752,          0,          0,          0,        639,        779,      500,     1500,     2200,     2500,     4120,   123000,
      BusinessReport,        188,          0,          0,          0,        152,        212,    19300,    28000,    34700,    38350,   151660,   157000,
          CustBuyBeh,        750,          0,          0,          0,        642,        795,      100,      600,     1200,     1400,     2100,     4800,
       ProductReturn,       1969,          0,          0,          0,       1787,       2142,      200,     1200,     1800,     2100,     3000,    15600,

  1240s: (10%)   IR =   1384 ....|.[1246.450s][info][gc,start       ] GC(216) Pause Young (Prepare Mixed) (G1 Evacuation Pause)
[1246.450s][info][gc,task        ] GC(216) Using 6 workers of 6 for evacuation
[1246.568s][info][gc,phases      ] GC(216)   Pre Evacuate Collection Set: 0.36ms
[1246.568s][info][gc,phases      ] GC(216)   Merge Heap Roots: 0.58ms
[1246.568s][info][gc,phases      ] GC(216)   Evacuate Collection Set: 115.53ms
[1246.568s][info][gc,phases      ] GC(216)   Post Evacuate Collection Set: 0.95ms
[1246.568s][info][gc,phases      ] GC(216)   Other: 0.09ms
[1246.568s][info][gc,heap        ] GC(216) Eden regions: 1120->0(1117)
[1246.568s][info][gc,heap        ] GC(216) Survivor regions: 108->109(154)
[1246.568s][info][gc,heap        ] GC(216) Old regions: 501->533
[1246.568s][info][gc,heap        ] GC(216) Humongous regions: 77->77
[1246.568s][info][gc,metaspace   ] GC(216) Metaspace: 28901K(29184K)->28901K(29184K) NonClass: 24017K(24128K)->24017K(24128K) Class: 4883K(5056K)->4883K(5056K)
[1246.568s][info][gc             ] GC(216) Pause Young (Prepare Mixed) (G1 Evacuation Pause) 3609M->1436M(4096M) 117.649ms
[1246.568s][info][gc,cpu         ] GC(216) User=0.70s Sys=0.00s Real=0.11s
..............[1260.121s][info][gc,start       ] GC(217) Pause Young (Mixed) (G1 Evacuation Pause)
[1260.121s][info][gc,task        ] GC(217) Using 6 workers of 6 for evacuation
[1260.252s][info][gc,phases      ] GC(217)   Pre Evacuate Collection Set: 0.41ms
[1260.252s][info][gc,phases      ] GC(217)   Merge Heap Roots: 0.86ms
[1260.252s][info][gc,phases      ] GC(217)   Evacuate Collection Set: 128.35ms
[1260.252s][info][gc,phases      ] GC(217)   Post Evacuate Collection Set: 0.99ms
[1260.252s][info][gc,phases      ] GC(217)   Other: 0.09ms
[1260.252s][info][gc,heap        ] GC(217) Eden regions: 1117->0(1119)
[1260.252s][info][gc,heap        ] GC(217) Survivor regions: 109->109(154)
[1260.252s][info][gc,heap        ] GC(217) Old regions: 533->468
[1260.252s][info][gc,heap        ] GC(217) Humongous regions: 77->77
[1260.252s][info][gc,metaspace   ] GC(217) Metaspace: 28901K(29184K)->28901K(29184K) NonClass: 24017K(24128K)->24017K(24128K) Class: 4883K(5056K)->4883K(5056K)
[1260.252s][info][gc             ] GC(217) Pause Young (Mixed) (G1 Evacuation Pause) 3670M->1306M(4096M) 130.833ms
[1260.252s][info][gc,cpu         ] GC(217) User=0.78s Sys=0.00s Real=0.13s
..............[1273.946s][info][gc,start       ] GC(218) Pause Young (Concurrent Start) (G1 Evacuation Pause)
[1273.946s][info][gc,task        ] GC(218) Using 6 workers of 6 for evacuation
[1274.063s][info][gc,phases      ] GC(218)   Pre Evacuate Collection Set: 0.39ms
[1274.063s][info][gc,phases      ] GC(218)   Merge Heap Roots: 0.52ms
[1274.063s][info][gc,phases      ] GC(218)   Evacuate Collection Set: 115.05ms
[1274.063s][info][gc,phases      ] GC(218)   Post Evacuate Collection Set: 0.92ms
[1274.063s][info][gc,phases      ] GC(218)   Other: 0.09ms
[1274.063s][info][gc,heap        ] GC(218) Eden regions: 1119->0(1119)
[1274.063s][info][gc,heap        ] GC(218) Survivor regions: 109->109(154)
[1274.063s][info][gc,heap        ] GC(218) Old regions: 468->500
[1274.063s][info][gc,heap        ] GC(218) Humongous regions: 77->77
[1274.063s][info][gc,metaspace   ] GC(218) Metaspace: 28902K(29184K)->28902K(29184K) NonClass: 24018K(24128K)->24018K(24128K) Class: 4883K(5056K)->4883K(5056K)
[1274.063s][info][gc             ] GC(218) Pause Young (Concurrent Start) (G1 Evacuation Pause) 3544M->1370M(4096M) 117.099ms
[1274.063s][info][gc             ] GC(219) Concurrent Mark Cycle
[1274.063s][info][gc,marking     ] GC(219) Concurrent Scan Root Regions
[1274.063s][info][gc,cpu         ] GC(218) User=0.70s Sys=0.00s Real=0.12s
[1274.167s][info][gc,marking     ] GC(219) Concurrent Scan Root Regions 103.704ms
[1274.167s][info][gc,marking     ] GC(219) Concurrent Mark
[1274.167s][info][gc,marking     ] GC(219) Concurrent Mark From Roots
[1274.167s][info][gc,task        ] GC(219) Using 2 workers of 2 for marking
[1274.661s][info][gc,marking     ] GC(219) Concurrent Mark From Roots 494.663ms
[1274.662s][info][gc,marking     ] GC(219) Concurrent Preclean
[1274.662s][info][gc,marking     ] GC(219) Concurrent Preclean 0.061ms
[1274.662s][info][gc,start       ] GC(219) Pause Remark
[1274.664s][info][gc             ] GC(219) Pause Remark 1477M->1477M(4096M) 2.605ms
[1274.664s][info][gc,cpu         ] GC(219) User=0.01s Sys=0.00s Real=0.00s
[1274.664s][info][gc,marking     ] GC(219) Concurrent Mark 497.585ms
[1274.664s][info][gc,marking     ] GC(219) Concurrent Rebuild Remembered Sets and Scrub Regions
[1274.864s][info][gc,marking     ] GC(219) Concurrent Rebuild Remembered Sets and Scrub Regions 199.184ms
[1274.864s][info][gc,start       ] GC(219) Pause Cleanup
[1274.864s][info][gc             ] GC(219) Pause Cleanup 1526M->1526M(4096M) 0.119ms
[1274.864s][info][gc,cpu         ] GC(219) User=0.00s Sys=0.00s Real=0.00s
[1274.864s][info][gc,marking     ] GC(219) Concurrent Clear Claimed Marks
[1274.864s][info][gc,marking     ] GC(219) Concurrent Clear Claimed Marks 0.042ms
[1274.864s][info][gc,marking     ] GC(219) Concurrent Cleanup for Next Mark
[1274.868s][info][gc,marking     ] GC(219) Concurrent Cleanup for Next Mark 3.755ms
[1274.868s][info][gc             ] GC(219) Concurrent Mark Cycle 804.741ms
.............[1287.736s][info][gc,start       ] GC(220) Pause Young (Prepare Mixed) (G1 Evacuation Pause)
[1287.736s][info][gc,task        ] GC(220) Using 6 workers of 6 for evacuation
[1287.854s][info][gc,phases      ] GC(220)   Pre Evacuate Collection Set: 0.34ms
[1287.854s][info][gc,phases      ] GC(220)   Merge Heap Roots: 0.62ms
[1287.854s][info][gc,phases      ] GC(220)   Evacuate Collection Set: 115.63ms
[1287.854s][info][gc,phases      ] GC(220)   Post Evacuate Collection Set: 0.94ms
[1287.854s][info][gc,phases      ] GC(220)   Other: 0.09ms
[1287.854s][info][gc,heap        ] GC(220) Eden regions: 1119->0(1118)
[1287.854s][info][gc,heap        ] GC(220) Survivor regions: 109->109(154)
[1287.854s][info][gc,heap        ] GC(220) Old regions: 500->532
[1287.854s][info][gc,heap        ] GC(220) Humongous regions: 77->77
[1287.854s][info][gc,metaspace   ] GC(220) Metaspace: 28902K(29184K)->28902K(29184K) NonClass: 24018K(24128K)->24018K(24128K) Class: 4883K(5056K)->4883K(5056K)
[1287.854s][info][gc             ] GC(220) Pause Young (Prepare Mixed) (G1 Evacuation Pause) 3608M->1435M(4096M) 117.755ms
[1287.854s][info][gc,cpu         ] GC(220) User=0.70s Sys=0.00s Real=0.12s
..............[1301.547s][info][gc,start       ] GC(221) Pause Young (Mixed) (G1 Evacuation Pause)
[1301.547s][info][gc,task        ] GC(221) Using 6 workers of 6 for evacuation
[1301.679s][info][gc,phases      ] GC(221)   Pre Evacuate Collection Set: 0.42ms
[1301.679s][info][gc,phases      ] GC(221)   Merge Heap Roots: 0.80ms
[1301.679s][info][gc,phases      ] GC(221)   Evacuate Collection Set: 129.94ms
[1301.679s][info][gc,phases      ] GC(221)   Post Evacuate Collection Set: 0.99ms
[1301.679s][info][gc,phases      ] GC(221)   Other: 0.10ms
[1301.679s][info][gc,heap        ] GC(221) Eden regions: 1118->0(1119)
[1301.679s][info][gc,heap        ] GC(221) Survivor regions: 109->109(154)
[1301.679s][info][gc,heap        ] GC(221) Old regions: 532->469
[1301.679s][info][gc,heap        ] GC(221) Humongous regions: 77->77
[1301.679s][info][gc,metaspace   ] GC(221) Metaspace: 28902K(29184K)->28902K(29184K) NonClass: 24019K(24128K)->24019K(24128K) Class: 4883K(5056K)->4883K(5056K)
[1301.680s][info][gc             ] GC(221) Pause Young (Mixed) (G1 Evacuation Pause) 3671M->1307M(4096M) 132.399ms
[1301.680s][info][gc,cpu         ] GC(221) User=0.78s Sys=0.00s Real=0.14s
.... (rIR:aIR:PR = 1384:1384:1384) (tPR = 20460) [OK] 
  1304s: Performance info:
         Transaction,    Success,    Partial,     Failed,   Receipts, AvgBarcode, 
             Overall,      83071,          0,          0,      78897,      59.47, 
         Response times:
             Request,    Success,    Partial,     Failed,   SkipFail,     Probes,    Samples,      min,      p50,      p90,      p95,      p99,      max, 
       TotalPurchase,      78897,          0,          0,          0,      76503,      82915,      300,     1400,     2100,     2300,     3400,   136000,
     InStorePurchase,      41517,          0,          0,          0,      40531,      43753,      300,     1400,     2100,     2300,     3400,   135000,
      OnlinePurchase,      29076,          0,          0,          0,      28131,      30539,      300,     1500,     2100,     2300,     3400,   136000,
        InstPurchase,       8304,          0,          0,          0,       7841,       8623,      400,     1500,     2100,     2300,     3400,   135000,
          AssocOfCat,         84,          0,          0,          0,         83,         87,    17700,    25000,    28200,    31600,    34000,    34000,
      AssocOfProduct,        833,          0,          0,          0,        709,        867,     1000,     1900,     2300,     2500,     8300,    15700,
      BusinessReport,        207,          0,          0,          0,        155,        204,    19300,    28000,    32000,    34750,    40000,    44000,
          CustBuyBeh,        833,          0,          0,          0,        726,        886,      200,     1200,     1900,     2100,     5330,    14000,
       ProductReturn,       2217,          0,          0,          0,       2036,       2326,      200,     1100,     1800,     2000,     2600,    10200,

  1304s: (11%)   IR =   1522 ......|...[1314.370s][info][gc,start       ] GC(222) Pause Young (Concurrent Start) (G1 Evacuation Pause)
[1314.370s][info][gc,task        ] GC(222) Using 6 workers of 6 for evacuation
[1314.487s][info][gc,phases      ] GC(222)   Pre Evacuate Collection Set: 0.40ms
[1314.487s][info][gc,phases      ] GC(222)   Merge Heap Roots: 0.51ms
[1314.487s][info][gc,phases      ] GC(222)   Evacuate Collection Set: 115.29ms
[1314.487s][info][gc,phases      ] GC(222)   Post Evacuate Collection Set: 0.88ms
[1314.487s][info][gc,phases      ] GC(222)   Other: 0.10ms
[1314.487s][info][gc,heap        ] GC(222) Eden regions: 1119->0(1119)
[1314.487s][info][gc,heap        ] GC(222) Survivor regions: 109->109(154)
[1314.487s][info][gc,heap        ] GC(222) Old regions: 469->502
[1314.487s][info][gc,heap        ] GC(222) Humongous regions: 77->77
[1314.487s][info][gc,metaspace   ] GC(222) Metaspace: 28903K(29184K)->28903K(29184K) NonClass: 24019K(24128K)->24019K(24128K) Class: 4883K(5056K)->4883K(5056K)
[1314.487s][info][gc             ] GC(222) Pause Young (Concurrent Start) (G1 Evacuation Pause) 3545M->1374M(4096M) 117.310ms
[1314.487s][info][gc             ] GC(223) Concurrent Mark Cycle
[1314.487s][info][gc,marking     ] GC(223) Concurrent Scan Root Regions
[1314.487s][info][gc,cpu         ] GC(222) User=0.70s Sys=0.00s Real=0.11s
[1314.605s][info][gc,marking     ] GC(223) Concurrent Scan Root Regions 118.116ms
[1314.605s][info][gc,marking     ] GC(223) Concurrent Mark
[1314.605s][info][gc,marking     ] GC(223) Concurrent Mark From Roots
[1314.605s][info][gc,task        ] GC(223) Using 2 workers of 2 for marking
.[1315.125s][info][gc,marking     ] GC(223) Concurrent Mark From Roots 519.602ms
[1315.125s][info][gc,marking     ] GC(223) Concurrent Preclean
[1315.125s][info][gc,marking     ] GC(223) Concurrent Preclean 0.058ms
[1315.125s][info][gc,start       ] GC(223) Pause Remark
[1315.128s][info][gc             ] GC(223) Pause Remark 1520M->1520M(4096M) 2.806ms
[1315.128s][info][gc,cpu         ] GC(223) User=0.01s Sys=0.00s Real=0.00s
[1315.128s][info][gc,marking     ] GC(223) Concurrent Mark 522.719ms
[1315.128s][info][gc,marking     ] GC(223) Concurrent Rebuild Remembered Sets and Scrub Regions
[1315.329s][info][gc,marking     ] GC(223) Concurrent Rebuild Remembered Sets and Scrub Regions 200.535ms
[1315.329s][info][gc,start       ] GC(223) Pause Cleanup
[1315.329s][info][gc             ] GC(223) Pause Cleanup 1552M->1552M(4096M) 0.114ms
[1315.329s][info][gc,cpu         ] GC(223) User=0.00s Sys=0.00s Real=0.00s
[1315.329s][info][gc,marking     ] GC(223) Concurrent Clear Claimed Marks
[1315.329s][info][gc,marking     ] GC(223) Concurrent Clear Claimed Marks 0.033ms
[1315.329s][info][gc,marking     ] GC(223) Concurrent Cleanup for Next Mark
[1315.333s][info][gc,marking     ] GC(223) Concurrent Cleanup for Next Mark 3.873ms
[1315.333s][info][gc             ] GC(223) Concurrent Mark Cycle 845.690ms
...........[1326.895s][info][gc,start       ] GC(224) Pause Young (Prepare Mixed) (G1 Evacuation Pause)
[1326.895s][info][gc,task        ] GC(224) Using 6 workers of 6 for evacuation
[1327.011s][info][gc,phases      ] GC(224)   Pre Evacuate Collection Set: 0.35ms
[1327.011s][info][gc,phases      ] GC(224)   Merge Heap Roots: 0.55ms
[1327.011s][info][gc,phases      ] GC(224)   Evacuate Collection Set: 113.66ms
[1327.011s][info][gc,phases      ] GC(224)   Post Evacuate Collection Set: 0.94ms
[1327.011s][info][gc,phases      ] GC(224)   Other: 0.09ms
[1327.011s][info][gc,heap        ] GC(224) Eden regions: 1119->0(1118)
[1327.011s][info][gc,heap        ] GC(224) Survivor regions: 109->108(154)
[1327.011s][info][gc,heap        ] GC(224) Old regions: 502->534
[1327.011s][info][gc,heap        ] GC(224) Humongous regions: 77->77
[1327.011s][info][gc,metaspace   ] GC(224) Metaspace: 28903K(29184K)->28903K(29184K) NonClass: 24019K(24128K)->24019K(24128K) Class: 4883K(5056K)->4883K(5056K)
[1327.011s][info][gc             ] GC(224) Pause Young (Prepare Mixed) (G1 Evacuation Pause) 3612M->1436M(4096M) 115.742ms
[1327.011s][info][gc,cpu         ] GC(224) User=0.69s Sys=0.00s Real=0.12s
.............[1339.379s][info][gc,start       ] GC(225) Pause Young (Mixed) (G1 Evacuation Pause)
[1339.379s][info][gc,task        ] GC(225) Using 6 workers of 6 for evacuation
[1339.510s][info][gc,phases      ] GC(225)   Pre Evacuate Collection Set: 0.42ms
[1339.510s][info][gc,phases      ] GC(225)   Merge Heap Roots: 0.71ms
[1339.510s][info][gc,phases      ] GC(225)   Evacuate Collection Set: 128.59ms
[1339.510s][info][gc,phases      ] GC(225)   Post Evacuate Collection Set: 0.98ms
[1339.510s][info][gc,phases      ] GC(225)   Other: 0.10ms
[1339.510s][info][gc,heap        ] GC(225) Eden regions: 1118->0(1120)
[1339.510s][info][gc,heap        ] GC(225) Survivor regions: 108->108(154)
[1339.510s][info][gc,heap        ] GC(225) Old regions: 534->469
[1339.510s][info][gc,heap        ] GC(225) Humongous regions: 77->77
[1339.510s][info][gc,metaspace   ] GC(225) Metaspace: 28903K(29184K)->28903K(29184K) NonClass: 24019K(24128K)->24019K(24128K) Class: 4883K(5056K)->4883K(5056K)
[1339.510s][info][gc             ] GC(225) Pause Young (Mixed) (G1 Evacuation Pause) 3672M->1307M(4096M) 130.927ms
[1339.510s][info][gc,cpu         ] GC(225) User=0.78s Sys=0.00s Real=0.13s
............[1351.816s][info][gc,start       ] GC(226) Pause Young (Concurrent Start) (G1 Evacuation Pause)
[1351.816s][info][gc,task        ] GC(226) Using 6 workers of 6 for evacuation
[1351.932s][info][gc,phases      ] GC(226)   Pre Evacuate Collection Set: 0.45ms
[1351.932s][info][gc,phases      ] GC(226)   Merge Heap Roots: 0.58ms
[1351.932s][info][gc,phases      ] GC(226)   Evacuate Collection Set: 113.93ms
[1351.932s][info][gc,phases      ] GC(226)   Post Evacuate Collection Set: 0.88ms
[1351.932s][info][gc,phases      ] GC(226)   Other: 0.14ms
[1351.932s][info][gc,heap        ] GC(226) Eden regions: 1120->0(1120)
[1351.932s][info][gc,heap        ] GC(226) Survivor regions: 108->108(154)
[1351.932s][info][gc,heap        ] GC(226) Old regions: 469->502
[1351.932s][info][gc,heap        ] GC(226) Humongous regions: 77->77
[1351.932s][info][gc,metaspace   ] GC(226) Metaspace: 28903K(29184K)->28903K(29184K) NonClass: 24019K(24128K)->24019K(24128K) Class: 4883K(5056K)->4883K(5056K)
[1351.932s][info][gc             ] GC(226) Pause Young (Concurrent Start) (G1 Evacuation Pause) 3547M->1371M(4096M) 116.122ms
[1351.932s][info][gc             ] GC(227) Concurrent Mark Cycle
[1351.932s][info][gc,marking     ] GC(227) Concurrent Scan Root Regions
[1351.932s][info][gc,cpu         ] GC(226) User=0.69s Sys=0.00s Real=0.12s
.[1352.044s][info][gc,marking     ] GC(227) Concurrent Scan Root Regions 111.121ms
[1352.044s][info][gc,marking     ] GC(227) Concurrent Mark
[1352.044s][info][gc,marking     ] GC(227) Concurrent Mark From Roots
[1352.044s][info][gc,task        ] GC(227) Using 2 workers of 2 for marking
[1352.557s][info][gc,marking     ] GC(227) Concurrent Mark From Roots 513.206ms
[1352.557s][info][gc,marking     ] GC(227) Concurrent Preclean
[1352.557s][info][gc,marking     ] GC(227) Concurrent Preclean 0.054ms
[1352.557s][info][gc,start       ] GC(227) Pause Remark
[1352.560s][info][gc             ] GC(227) Pause Remark 1487M->1487M(4096M) 2.725ms
[1352.560s][info][gc,cpu         ] GC(227) User=0.02s Sys=0.00s Real=0.01s
[1352.560s][info][gc,marking     ] GC(227) Concurrent Mark 516.488ms
[1352.560s][info][gc,marking     ] GC(227) Concurrent Rebuild Remembered Sets and Scrub Regions
[1352.764s][info][gc,marking     ] GC(227) Concurrent Rebuild Remembered Sets and Scrub Regions 203.546ms
[1352.764s][info][gc,start       ] GC(227) Pause Cleanup
[1352.764s][info][gc             ] GC(227) Pause Cleanup 1516M->1516M(4096M) 0.129ms
[1352.764s][info][gc,cpu         ] GC(227) User=0.00s Sys=0.00s Real=0.00s
[1352.764s][info][gc,marking     ] GC(227) Concurrent Clear Claimed Marks
[1352.764s][info][gc,marking     ] GC(227) Concurrent Clear Claimed Marks 0.036ms
[1352.764s][info][gc,marking     ] GC(227) Concurrent Cleanup for Next Mark
[1352.768s][info][gc,marking     ] GC(227) Concurrent Cleanup for Next Mark 3.523ms
[1352.768s][info][gc             ] GC(227) Concurrent Mark Cycle 835.219ms
............[1364.403s][info][gc,start       ] GC(228) Pause Young (Prepare Mixed) (G1 Evacuation Pause)
[1364.403s][info][gc,task        ] GC(228) Using 6 workers of 6 for evacuation
[1364.520s][info][gc,phases      ] GC(228)   Pre Evacuate Collection Set: 0.35ms
[1364.520s][info][gc,phases      ] GC(228)   Merge Heap Roots: 0.61ms
[1364.520s][info][gc,phases      ] GC(228)   Evacuate Collection Set: 115.05ms
[1364.520s][info][gc,phases      ] GC(228)   Post Evacuate Collection Set: 0.91ms
[1364.520s][info][gc,phases      ] GC(228)   Other: 0.09ms
[1364.520s][info][gc,heap        ] GC(228) Eden regions: 1120->0(1115)
[1364.520s][info][gc,heap        ] GC(228) Survivor regions: 108->110(154)
[1364.520s][info][gc,heap        ] GC(228) Old regions: 502->533
[1364.520s][info][gc,heap        ] GC(228) Humongous regions: 77->77
[1364.520s][info][gc,metaspace   ] GC(228) Metaspace: 28903K(29184K)->28903K(29184K) NonClass: 24019K(24128K)->24019K(24128K) Class: 4883K(5056K)->4883K(5056K)
[1364.520s][info][gc             ] GC(228) Pause Young (Prepare Mixed) (G1 Evacuation Pause) 3611M->1438M(4096M) 117.157ms
[1364.520s][info][gc,cpu         ] GC(228) User=0.70s Sys=0.00s Real=0.12s
....... (rIR:aIR:PR = 1522:1522:1522) (tPR = 22997) [OK] 
  1370s: Performance info:
         Transaction,    Success,    Partial,     Failed,   Receipts, AvgBarcode, 
             Overall,      91487,          0,          0,      86922,      59.48, 
         Response times:
             Request,    Success,    Partial,     Failed,   SkipFail,     Probes,    Samples,      min,      p50,      p90,      p95,      p99,      max, 
       TotalPurchase,      86922,          0,          0,          0,      84036,      93921,      300,     1500,     2300,     2500,     4700,   134000,
     InStorePurchase,      45747,          0,          0,          0,      44266,      49376,      300,     1500,     2200,     2500,     5000,   134000,
      OnlinePurchase,      32034,          0,          0,          0,      31058,      34655,      300,     1600,     2300,     2600,     5144,   134000,
        InstPurchase,       9141,          0,          0,          0,       8712,       9890,      400,     1400,     2200,     2500,     3600,   132000,
          AssocOfCat,         91,          0,          0,          0,         87,         98,    17500,    25000,    29100,    34000,    46000,    46000,
      AssocOfProduct,        912,          0,          0,          0,        792,       1020,      500,     2000,     2600,     2800,     5679,    16800,
      BusinessReport,        230,          0,          0,          0,        161,        216,    19300,    29000,    36000,    38150,   134170,   156000,
          CustBuyBeh,        914,          0,          0,          0,        803,        989,      200,     1400,     2000,     2300,     5600,   121000,
       ProductReturn,       2418,          0,          0,          0,       2215,       2617,      200,     1200,     2100,     2400,     4592,   133000,

  1370s: (12%)   IR =   1660 .....[1376.286s][info][gc,start       ] GC(229) Pause Young (Mixed) (G1 Evacuation Pause)
[1376.286s][info][gc,task        ] GC(229) Using 6 workers of 6 for evacuation
[1376.417s][info][gc,phases      ] GC(229)   Pre Evacuate Collection Set: 0.39ms
[1376.417s][info][gc,phases      ] GC(229)   Merge Heap Roots: 0.74ms
[1376.417s][info][gc,phases      ] GC(229)   Evacuate Collection Set: 129.01ms
[1376.417s][info][gc,phases      ] GC(229)   Post Evacuate Collection Set: 0.99ms
[1376.417s][info][gc,phases      ] GC(229)   Other: 0.09ms
[1376.417s][info][gc,heap        ] GC(229) Eden regions: 1115->0(1119)
[1376.417s][info][gc,heap        ] GC(229) Survivor regions: 110->109(154)
[1376.417s][info][gc,heap        ] GC(229) Old regions: 533->470
[1376.417s][info][gc,heap        ] GC(229) Humongous regions: 77->77
[1376.417s][info][gc,metaspace   ] GC(229) Metaspace: 28903K(29184K)->28903K(29184K) NonClass: 24019K(24128K)->24019K(24128K) Class: 4883K(5056K)->4883K(5056K)
[1376.417s][info][gc             ] GC(229) Pause Young (Mixed) (G1 Evacuation Pause) 3668M->1309M(4096M) 131.344ms
[1376.418s][info][gc,cpu         ] GC(229) User=0.79s Sys=0.00s Real=0.13s
...|........[1387.743s][info][gc,start       ] GC(230) Pause Young (Concurrent Start) (G1 Evacuation Pause)
[1387.743s][info][gc,task        ] GC(230) Using 6 workers of 6 for evacuation
[1387.859s][info][gc,phases      ] GC(230)   Pre Evacuate Collection Set: 0.40ms
[1387.859s][info][gc,phases      ] GC(230)   Merge Heap Roots: 0.54ms
[1387.859s][info][gc,phases      ] GC(230)   Evacuate Collection Set: 114.72ms
[1387.859s][info][gc,phases      ] GC(230)   Post Evacuate Collection Set: 0.96ms
[1387.859s][info][gc,phases      ] GC(230)   Other: 0.09ms
[1387.859s][info][gc,heap        ] GC(230) Eden regions: 1119->0(1120)
[1387.859s][info][gc,heap        ] GC(230) Survivor regions: 109->108(154)
[1387.859s][info][gc,heap        ] GC(230) Old regions: 470->502
[1387.859s][info][gc,heap        ] GC(230) Humongous regions: 77->77
[1387.859s][info][gc,metaspace   ] GC(230) Metaspace: 28903K(29184K)->28903K(29184K) NonClass: 24019K(24128K)->24019K(24128K) Class: 4883K(5056K)->4883K(5056K)
[1387.859s][info][gc             ] GC(230) Pause Young (Concurrent Start) (G1 Evacuation Pause) 3547M->1373M(4096M) 116.855ms
[1387.860s][info][gc             ] GC(231) Concurrent Mark Cycle
[1387.860s][info][gc,marking     ] GC(231) Concurrent Scan Root Regions
[1387.860s][info][gc,cpu         ] GC(230) User=0.69s Sys=0.00s Real=0.12s
[1388.027s][info][gc,marking     ] GC(231) Concurrent Scan Root Regions 167.097ms
[1388.027s][info][gc,marking     ] GC(231) Concurrent Mark
[1388.027s][info][gc,marking     ] GC(231) Concurrent Mark From Roots
[1388.027s][info][gc,task        ] GC(231) Using 2 workers of 2 for marking
.[1388.899s][info][gc,marking     ] GC(231) Concurrent Mark From Roots 872.320ms
[1388.899s][info][gc,marking     ] GC(231) Concurrent Preclean
[1388.899s][info][gc,marking     ] GC(231) Concurrent Preclean 0.059ms
[1388.899s][info][gc,start       ] GC(231) Pause Remark
[1388.903s][info][gc             ] GC(231) Pause Remark 1607M->1607M(4096M) 3.256ms
[1388.903s][info][gc,cpu         ] GC(231) User=0.02s Sys=0.00s Real=0.00s
[1388.903s][info][gc,marking     ] GC(231) Concurrent Mark 875.892ms
[1388.903s][info][gc,marking     ] GC(231) Concurrent Rebuild Remembered Sets and Scrub Regions
.[1389.244s][info][gc,marking     ] GC(231) Concurrent Rebuild Remembered Sets and Scrub Regions 340.875ms
[1389.244s][info][gc,start       ] GC(231) Pause Cleanup
[1389.244s][info][gc             ] GC(231) Pause Cleanup 1657M->1657M(4096M) 0.127ms
[1389.244s][info][gc,cpu         ] GC(231) User=0.00s Sys=0.00s Real=0.00s
[1389.244s][info][gc,marking     ] GC(231) Concurrent Clear Claimed Marks
[1389.244s][info][gc,marking     ] GC(231) Concurrent Clear Claimed Marks 0.032ms
[1389.244s][info][gc,marking     ] GC(231) Concurrent Cleanup for Next Mark
[1389.248s][info][gc,marking     ] GC(231) Concurrent Cleanup for Next Mark 4.158ms
[1389.248s][info][gc             ] GC(231) Concurrent Mark Cycle 1388.521ms
..........[1399.284s][info][gc,start       ] GC(232) Pause Young (Prepare Mixed) (G1 Evacuation Pause)
[1399.284s][info][gc,task        ] GC(232) Using 6 workers of 6 for evacuation
[1399.400s][info][gc,phases      ] GC(232)   Pre Evacuate Collection Set: 0.36ms
[1399.400s][info][gc,phases      ] GC(232)   Merge Heap Roots: 0.60ms
[1399.400s][info][gc,phases      ] GC(232)   Evacuate Collection Set: 114.55ms
[1399.400s][info][gc,phases      ] GC(232)   Post Evacuate Collection Set: 0.95ms
[1399.400s][info][gc,phases      ] GC(232)   Other: 0.10ms
[1399.400s][info][gc,heap        ] GC(232) Eden regions: 1120->0(1114)
[1399.400s][info][gc,heap        ] GC(232) Survivor regions: 108->110(154)
[1399.400s][info][gc,heap        ] GC(232) Old regions: 502->534
[1399.400s][info][gc,heap        ] GC(232) Humongous regions: 77->77
[1399.400s][info][gc,metaspace   ] GC(232) Metaspace: 28903K(29184K)->28903K(29184K) NonClass: 24019K(24128K)->24019K(24128K) Class: 4883K(5056K)->4883K(5056K)
[1399.400s][info][gc             ] GC(232) Pause Young (Prepare Mixed) (G1 Evacuation Pause) 3613M->1439M(4096M) 116.688ms
[1399.401s][info][gc,cpu         ] GC(232) User=0.69s Sys=0.00s Real=0.12s
...........[1410.624s][info][gc,start       ] GC(233) Pause Young (Mixed) (G1 Evacuation Pause)
[1410.624s][info][gc,task        ] GC(233) Using 6 workers of 6 for evacuation
[1410.757s][info][gc,phases      ] GC(233)   Pre Evacuate Collection Set: 0.40ms
[1410.757s][info][gc,phases      ] GC(233)   Merge Heap Roots: 0.85ms
[1410.757s][info][gc,phases      ] GC(233)   Evacuate Collection Set: 130.35ms
[1410.757s][info][gc,phases      ] GC(233)   Post Evacuate Collection Set: 0.92ms
[1410.757s][info][gc,phases      ] GC(233)   Other: 0.09ms
[1410.757s][info][gc,heap        ] GC(233) Eden regions: 1114->0(1120)
[1410.757s][info][gc,heap        ] GC(233) Survivor regions: 110->108(153)
[1410.757s][info][gc,heap        ] GC(233) Old regions: 534->470
[1410.757s][info][gc,heap        ] GC(233) Humongous regions: 77->77
[1410.757s][info][gc,metaspace   ] GC(233) Metaspace: 28904K(29184K)->28904K(29184K) NonClass: 24021K(24128K)->24021K(24128K) Class: 4883K(5056K)->4883K(5056K)
[1410.757s][info][gc             ] GC(233) Pause Young (Mixed) (G1 Evacuation Pause) 3667M->1309M(4096M) 132.738ms
[1410.757s][info][gc,cpu         ] GC(233) User=0.79s Sys=0.00s Real=0.13s
............[1422.101s][info][gc,start       ] GC(234) Pause Young (Concurrent Start) (G1 Evacuation Pause)
[1422.101s][info][gc,task        ] GC(234) Using 6 workers of 6 for evacuation
[1422.217s][info][gc,phases      ] GC(234)   Pre Evacuate Collection Set: 0.43ms
[1422.217s][info][gc,phases      ] GC(234)   Merge Heap Roots: 0.57ms
[1422.217s][info][gc,phases      ] GC(234)   Evacuate Collection Set: 114.00ms
[1422.217s][info][gc,phases      ] GC(234)   Post Evacuate Collection Set: 0.94ms
[1422.217s][info][gc,phases      ] GC(234)   Other: 0.12ms
[1422.217s][info][gc,heap        ] GC(234) Eden regions: 1120->0(1120)
[1422.217s][info][gc,heap        ] GC(234) Survivor regions: 108->108(154)
[1422.217s][info][gc,heap        ] GC(234) Old regions: 470->502
[1422.217s][info][gc,heap        ] GC(234) Humongous regions: 77->77
[1422.217s][info][gc,metaspace   ] GC(234) Metaspace: 28904K(29184K)->28904K(29184K) NonClass: 24021K(24128K)->24021K(24128K) Class: 4883K(5056K)->4883K(5056K)
[1422.218s][info][gc             ] GC(234) Pause Young (Concurrent Start) (G1 Evacuation Pause) 3549M->1372M(4096M) 116.206ms
[1422.218s][info][gc             ] GC(235) Concurrent Mark Cycle
[1422.218s][info][gc,marking     ] GC(235) Concurrent Scan Root Regions
[1422.218s][info][gc,cpu         ] GC(234) User=0.69s Sys=0.00s Real=0.11s
[1422.382s][info][gc,marking     ] GC(235) Concurrent Scan Root Regions 164.367ms
[1422.382s][info][gc,marking     ] GC(235) Concurrent Mark
[1422.382s][info][gc,marking     ] GC(235) Concurrent Mark From Roots
[1422.382s][info][gc,task        ] GC(235) Using 2 workers of 2 for marking
[1422.940s][info][gc,marking     ] GC(235) Concurrent Mark From Roots 557.490ms
[1422.940s][info][gc,marking     ] GC(235) Concurrent Preclean
[1422.940s][info][gc,marking     ] GC(235) Concurrent Preclean 0.055ms
[1422.940s][info][gc,start       ] GC(235) Pause Remark
[1422.943s][info][gc             ] GC(235) Pause Remark 1541M->1541M(4096M) 2.849ms
[1422.943s][info][gc,cpu         ] GC(235) User=0.02s Sys=0.00s Real=0.00s
[1422.943s][info][gc,marking     ] GC(235) Concurrent Mark 560.675ms
[1422.943s][info][gc,marking     ] GC(235) Concurrent Rebuild Remembered Sets and Scrub Regions
.[1423.158s][info][gc,marking     ] GC(235) Concurrent Rebuild Remembered Sets and Scrub Regions 215.460ms
[1423.158s][info][gc,start       ] GC(235) Pause Cleanup
[1423.158s][info][gc             ] GC(235) Pause Cleanup 1580M->1580M(4096M) 0.133ms
[1423.158s][info][gc,cpu         ] GC(235) User=0.00s Sys=0.00s Real=0.00s
[1423.159s][info][gc,marking     ] GC(235) Concurrent Clear Claimed Marks
[1423.159s][info][gc,marking     ] GC(235) Concurrent Clear Claimed Marks 0.032ms
[1423.159s][info][gc,marking     ] GC(235) Concurrent Cleanup for Next Mark
[1423.162s][info][gc,marking     ] GC(235) Concurrent Cleanup for Next Mark 3.410ms
[1423.162s][info][gc             ] GC(235) Concurrent Mark Cycle 944.490ms
..........[1433.464s][info][gc,start       ] GC(236) Pause Young (Prepare Mixed) (G1 Evacuation Pause)
[1433.464s][info][gc,task        ] GC(236) Using 6 workers of 6 for evacuation
[1433.582s][info][gc,phases      ] GC(236)   Pre Evacuate Collection Set: 0.34ms
[1433.582s][info][gc,phases      ] GC(236)   Merge Heap Roots: 0.53ms
[1433.582s][info][gc,phases      ] GC(236)   Evacuate Collection Set: 116.45ms
[1433.582s][info][gc,phases      ] GC(236)   Post Evacuate Collection Set: 0.91ms
[1433.582s][info][gc,phases      ] GC(236)   Other: 0.09ms
[1433.582s][info][gc,heap        ] GC(236) Eden regions: 1120->0(1114)
[1433.582s][info][gc,heap        ] GC(236) Survivor regions: 108->110(154)
[1433.582s][info][gc,heap        ] GC(236) Old regions: 502->534
[1433.582s][info][gc,heap        ] GC(236) Humongous regions: 77->77
[1433.582s][info][gc,metaspace   ] GC(236) Metaspace: 28904K(29184K)->28904K(29184K) NonClass: 24021K(24128K)->24021K(24128K) Class: 4883K(5056K)->4883K(5056K)
[1433.582s][info][gc             ] GC(236) Pause Young (Prepare Mixed) (G1 Evacuation Pause) 3612M->1440M(4096M) 118.442ms
[1433.582s][info][gc,cpu         ] GC(236) User=0.70s Sys=0.00s Real=0.12s
...... (rIR:aIR:PR = 1660:1660:1660) (tPR = 25106) [OK] 
  1438s: Performance info:
         Transaction,    Success,    Partial,     Failed,   Receipts, AvgBarcode, 
             Overall,      99651,          0,          0,      94681,      59.48, 
         Response times:
             Request,    Success,    Partial,     Failed,   SkipFail,     Probes,    Samples,      min,      p50,      p90,      p95,      p99,      max, 
       TotalPurchase,      94681,          0,          0,          0,      91828,     105903,      300,     1600,     2400,     2700,     5200,   136000,
     InStorePurchase,      49816,          0,          0,          0,      48446,      55617,      300,     1700,     2400,     2700,     5100,   136000,
      OnlinePurchase,      34911,          0,          0,          0,      33918,      39174,      300,     1600,     2400,     2700,     5300,   136000,
        InstPurchase,       9954,          0,          0,          0,       9464,      11112,      400,     1600,     2400,     2700,     5387,   135000,
          AssocOfCat,         99,          0,          0,          0,         99,        112,    17700,    26000,    30000,    36050,   141440,   156000,
      AssocOfProduct,        991,          0,          0,          0,        879,       1161,      500,     2200,     2800,     3200,     8176,    14900,
      BusinessReport,        245,          0,          0,          0,        191,        285,    19200,    29000,    36000,    40000,    89660,   167000,
          CustBuyBeh,       1000,          0,          0,          0,        879,       1113,      200,     1500,     2300,     2600,     5658,   123000,
       ProductReturn,       2635,          0,          0,          0,       2424,       2960,      200,     1500,     2400,     2700,     4656,   123000,

  1438s: (13%)   IR =   1799 ....|.[1444.586s][info][gc,start       ] GC(237) Pause Young (Mixed) (G1 Evacuation Pause)
[1444.586s][info][gc,task        ] GC(237) Using 6 workers of 6 for evacuation
[1444.716s][info][gc,phases      ] GC(237)   Pre Evacuate Collection Set: 0.39ms
[1444.716s][info][gc,phases      ] GC(237)   Merge Heap Roots: 0.65ms
[1444.716s][info][gc,phases      ] GC(237)   Evacuate Collection Set: 128.56ms
[1444.716s][info][gc,phases      ] GC(237)   Post Evacuate Collection Set: 0.93ms
[1444.716s][info][gc,phases      ] GC(237)   Other: 0.09ms
[1444.716s][info][gc,heap        ] GC(237) Eden regions: 1114->0(1119)
[1444.716s][info][gc,heap        ] GC(237) Survivor regions: 110->109(153)
[1444.716s][info][gc,heap        ] GC(237) Old regions: 534->469
[1444.716s][info][gc,heap        ] GC(237) Humongous regions: 77->77
[1444.716s][info][gc,metaspace   ] GC(237) Metaspace: 28907K(29184K)->28907K(29184K) NonClass: 24023K(24128K)->24023K(24128K) Class: 4883K(5056K)->4883K(5056K)
[1444.717s][info][gc             ] GC(237) Pause Young (Mixed) (G1 Evacuation Pause) 3668M->1308M(4096M) 130.759ms
[1444.717s][info][gc,cpu         ] GC(237) User=0.78s Sys=0.00s Real=0.13s
...........[1455.215s][info][gc,start       ] GC(238) Pause Young (Concurrent Start) (G1 Evacuation Pause)
[1455.215s][info][gc,task        ] GC(238) Using 6 workers of 6 for evacuation
[1455.335s][info][gc,phases      ] GC(238)   Pre Evacuate Collection Set: 0.40ms
[1455.335s][info][gc,phases      ] GC(238)   Merge Heap Roots: 0.51ms
[1455.335s][info][gc,phases      ] GC(238)   Evacuate Collection Set: 117.74ms
[1455.335s][info][gc,phases      ] GC(238)   Post Evacuate Collection Set: 0.91ms
[1455.335s][info][gc,phases      ] GC(238)   Other: 0.11ms
[1455.335s][info][gc,heap        ] GC(238) Eden regions: 1119->0(1116)
[1455.335s][info][gc,heap        ] GC(238) Survivor regions: 109->112(154)
[1455.335s][info][gc,heap        ] GC(238) Old regions: 469->502
[1455.335s][info][gc,heap        ] GC(238) Humongous regions: 77->77
[1455.335s][info][gc,metaspace   ] GC(238) Metaspace: 28907K(29184K)->28907K(29184K) NonClass: 24023K(24128K)->24023K(24128K) Class: 4883K(5056K)->4883K(5056K)
[1455.335s][info][gc             ] GC(238) Pause Young (Concurrent Start) (G1 Evacuation Pause) 3546M->1379M(4096M) 119.791ms
[1455.335s][info][gc             ] GC(239) Concurrent Mark Cycle
[1455.335s][info][gc,marking     ] GC(239) Concurrent Scan Root Regions
[1455.335s][info][gc,cpu         ] GC(238) User=0.71s Sys=0.00s Real=0.12s
[1455.474s][info][gc,marking     ] GC(239) Concurrent Scan Root Regions 138.602ms
[1455.474s][info][gc,marking     ] GC(239) Concurrent Mark
[1455.474s][info][gc,marking     ] GC(239) Concurrent Mark From Roots
[1455.474s][info][gc,task        ] GC(239) Using 2 workers of 2 for marking
[1456.035s][info][gc,marking     ] GC(239) Concurrent Mark From Roots 560.982ms
[1456.035s][info][gc,marking     ] GC(239) Concurrent Preclean
[1456.035s][info][gc,marking     ] GC(239) Concurrent Preclean 0.052ms
[1456.035s][info][gc,start       ] GC(239) Pause Remark
[1456.038s][info][gc             ] GC(239) Pause Remark 1579M->1579M(4096M) 2.797ms
[1456.038s][info][gc,cpu         ] GC(239) User=0.01s Sys=0.00s Real=0.00s
[1456.038s][info][gc,marking     ] GC(239) Concurrent Mark 564.079ms
[1456.038s][info][gc,marking     ] GC(239) Concurrent Rebuild Remembered Sets and Scrub Regions
.[1456.252s][info][gc,marking     ] GC(239) Concurrent Rebuild Remembered Sets and Scrub Regions 214.403ms
[1456.252s][info][gc,start       ] GC(239) Pause Cleanup
[1456.252s][info][gc             ] GC(239) Pause Cleanup 1625M->1625M(4096M) 0.123ms
[1456.253s][info][gc,cpu         ] GC(239) User=0.00s Sys=0.00s Real=0.00s
[1456.253s][info][gc,marking     ] GC(239) Concurrent Clear Claimed Marks
[1456.253s][info][gc,marking     ] GC(239) Concurrent Clear Claimed Marks 0.026ms
[1456.253s][info][gc,marking     ] GC(239) Concurrent Cleanup for Next Mark
[1456.256s][info][gc,marking     ] GC(239) Concurrent Cleanup for Next Mark 3.131ms
[1456.256s][info][gc             ] GC(239) Concurrent Mark Cycle 920.705ms
.........[1465.701s][info][gc,start       ] GC(240) Pause Young (Prepare Mixed) (G1 Evacuation Pause)
[1465.702s][info][gc,task        ] GC(240) Using 6 workers of 6 for evacuation
[1465.818s][info][gc,phases      ] GC(240)   Pre Evacuate Collection Set: 0.35ms
[1465.818s][info][gc,phases      ] GC(240)   Merge Heap Roots: 0.59ms
[1465.818s][info][gc,phases      ] GC(240)   Evacuate Collection Set: 114.95ms
[1465.819s][info][gc,phases      ] GC(240)   Post Evacuate Collection Set: 0.95ms
[1465.819s][info][gc,phases      ] GC(240)   Other: 0.09ms
[1465.819s][info][gc,heap        ] GC(240) Eden regions: 1116->0(1118)
[1465.819s][info][gc,heap        ] GC(240) Survivor regions: 112->108(154)
[1465.819s][info][gc,heap        ] GC(240) Old regions: 502->534
[1465.819s][info][gc,heap        ] GC(240) Humongous regions: 77->77
[1465.819s][info][gc,metaspace   ] GC(240) Metaspace: 28907K(29184K)->28907K(29184K) NonClass: 24023K(24128K)->24023K(24128K) Class: 4883K(5056K)->4883K(5056K)
[1465.819s][info][gc             ] GC(240) Pause Young (Prepare Mixed) (G1 Evacuation Pause) 3611M->1436M(4096M) 117.072ms
[1465.819s][info][gc,cpu         ] GC(240) User=0.70s Sys=0.00s Real=0.12s
...........[1476.360s][info][gc,start       ] GC(241) Pause Young (Mixed) (G1 Evacuation Pause)
[1476.360s][info][gc,task        ] GC(241) Using 6 workers of 6 for evacuation
[1476.492s][info][gc,phases      ] GC(241)   Pre Evacuate Collection Set: 0.40ms
[1476.492s][info][gc,phases      ] GC(241)   Merge Heap Roots: 0.80ms
[1476.492s][info][gc,phases      ] GC(241)   Evacuate Collection Set: 130.47ms
[1476.492s][info][gc,phases      ] GC(241)   Post Evacuate Collection Set: 0.98ms
[1476.492s][info][gc,phases      ] GC(241)   Other: 0.10ms
[1476.492s][info][gc,heap        ] GC(241) Eden regions: 1118->0(1119)
[1476.492s][info][gc,heap        ] GC(241) Survivor regions: 108->109(154)
[1476.492s][info][gc,heap        ] GC(241) Old regions: 534->470
[1476.492s][info][gc,heap        ] GC(241) Humongous regions: 79->79
[1476.492s][info][gc,metaspace   ] GC(241) Metaspace: 28907K(29184K)->28907K(29184K) NonClass: 24023K(24128K)->24023K(24128K) Class: 4883K(5056K)->4883K(5056K)
[1476.492s][info][gc             ] GC(241) Pause Young (Mixed) (G1 Evacuation Pause) 3676M->1314M(4096M) 132.895ms
[1476.492s][info][gc,cpu         ] GC(241) User=0.79s Sys=0.00s Real=0.13s
.[1477.451s][info][gc,start       ] GC(242) Pause Young (Concurrent Start) (G1 Humongous Allocation)
[1477.451s][info][gc,task        ] GC(242) Using 6 workers of 6 for evacuation
[1477.542s][info][gc,phases      ] GC(242)   Pre Evacuate Collection Set: 0.39ms
[1477.542s][info][gc,phases      ] GC(242)   Merge Heap Roots: 0.30ms
[1477.542s][info][gc,phases      ] GC(242)   Evacuate Collection Set: 90.25ms
[1477.542s][info][gc,phases      ] GC(242)   Post Evacuate Collection Set: 0.43ms
[1477.542s][info][gc,phases      ] GC(242)   Other: 0.09ms
[1477.542s][info][gc,heap        ] GC(242) Eden regions: 133->0(1154)
[1477.542s][info][gc,heap        ] GC(242) Survivor regions: 109->74(154)
[1477.542s][info][gc,heap        ] GC(242) Old regions: 470->512
[1477.542s][info][gc,heap        ] GC(242) Humongous regions: 79->79
[1477.542s][info][gc,metaspace   ] GC(242) Metaspace: 28907K(29184K)->28907K(29184K) NonClass: 24023K(24128K)->24023K(24128K) Class: 4883K(5056K)->4883K(5056K)
[1477.543s][info][gc             ] GC(242) Pause Young (Concurrent Start) (G1 Humongous Allocation) 1580M->1329M(4096M) 91.589ms
[1477.543s][info][gc             ] GC(243) Concurrent Mark Cycle
[1477.543s][info][gc,marking     ] GC(243) Concurrent Scan Root Regions
[1477.543s][info][gc,cpu         ] GC(242) User=0.55s Sys=0.00s Real=0.09s
[1477.650s][info][gc,marking     ] GC(243) Concurrent Scan Root Regions 107.458ms
[1477.650s][info][gc,marking     ] GC(243) Concurrent Mark
[1477.650s][info][gc,marking     ] GC(243) Concurrent Mark From Roots
[1477.650s][info][gc,task        ] GC(243) Using 2 workers of 2 for marking
.[1478.277s][info][gc,marking     ] GC(243) Concurrent Mark From Roots 627.385ms
[1478.277s][info][gc,marking     ] GC(243) Concurrent Preclean
[1478.278s][info][gc,marking     ] GC(243) Concurrent Preclean 0.050ms
[1478.278s][info][gc,start       ] GC(243) Pause Remark
[1478.281s][info][gc             ] GC(243) Pause Remark 1501M->1501M(4096M) 3.212ms
[1478.281s][info][gc,cpu         ] GC(243) User=0.02s Sys=0.00s Real=0.01s
[1478.281s][info][gc,marking     ] GC(243) Concurrent Mark 630.900ms
[1478.281s][info][gc,marking     ] GC(243) Concurrent Rebuild Remembered Sets and Scrub Regions
[1478.516s][info][gc,marking     ] GC(243) Concurrent Rebuild Remembered Sets and Scrub Regions 235.064ms
[1478.516s][info][gc,start       ] GC(243) Pause Cleanup
[1478.516s][info][gc             ] GC(243) Pause Cleanup 1554M->1554M(4096M) 0.116ms
[1478.516s][info][gc,cpu         ] GC(243) User=0.00s Sys=0.00s Real=0.00s
[1478.516s][info][gc,marking     ] GC(243) Concurrent Clear Claimed Marks
[1478.516s][info][gc,marking     ] GC(243) Concurrent Clear Claimed Marks 0.032ms
[1478.516s][info][gc,marking     ] GC(243) Concurrent Cleanup for Next Mark
[1478.520s][info][gc,marking     ] GC(243) Concurrent Cleanup for Next Mark 3.155ms
[1478.520s][info][gc             ] GC(243) Concurrent Mark Cycle 977.068ms
..........[1488.405s][info][gc,start       ] GC(244) Pause Young (Prepare Mixed) (G1 Evacuation Pause)
[1488.405s][info][gc,task        ] GC(244) Using 6 workers of 6 for evacuation
[1488.507s][info][gc,phases      ] GC(244)   Pre Evacuate Collection Set: 0.37ms
[1488.507s][info][gc,phases      ] GC(244)   Merge Heap Roots: 0.66ms
[1488.507s][info][gc,phases      ] GC(244)   Evacuate Collection Set: 99.94ms
[1488.507s][info][gc,phases      ] GC(244)   Post Evacuate Collection Set: 0.93ms
[1488.507s][info][gc,phases      ] GC(244)   Other: 0.10ms
[1488.507s][info][gc,heap        ] GC(244) Eden regions: 1154->0(1113)
[1488.507s][info][gc,heap        ] GC(244) Survivor regions: 74->115(154)
[1488.507s][info][gc,heap        ] GC(244) Old regions: 512->512
[1488.507s][info][gc,heap        ] GC(244) Humongous regions: 80->80
[1488.507s][info][gc,metaspace   ] GC(244) Metaspace: 28907K(29184K)->28907K(29184K) NonClass: 24023K(24128K)->24023K(24128K) Class: 4883K(5056K)->4883K(5056K)
[1488.507s][info][gc             ] GC(244) Pause Young (Prepare Mixed) (G1 Evacuation Pause) 3639M->1412M(4096M) 102.138ms
[1488.507s][info][gc,cpu         ] GC(244) User=0.60s Sys=0.00s Real=0.10s
..........[1498.847s][info][gc,start       ] GC(245) Pause Young (Mixed) (G1 Evacuation Pause)
[1498.847s][info][gc,task        ] GC(245) Using 6 workers of 6 for evacuation
[1498.980s][info][gc,phases      ] GC(245)   Pre Evacuate Collection Set: 0.43ms
[1498.980s][info][gc,phases      ] GC(245)   Merge Heap Roots: 0.77ms
[1498.980s][info][gc,phases      ] GC(245)   Evacuate Collection Set: 131.25ms
[1498.980s][info][gc,phases      ] GC(245)   Post Evacuate Collection Set: 1.00ms
[1498.980s][info][gc,phases      ] GC(245)   Other: 0.10ms
[1498.980s][info][gc,heap        ] GC(245) Eden regions: 1113->0(1115)
[1498.980s][info][gc,heap        ] GC(245) Survivor regions: 115->113(154)
[1498.980s][info][gc,heap        ] GC(245) Old regions: 512->477
[1498.980s][info][gc,heap        ] GC(245) Humongous regions: 80->80
[1498.980s][info][gc,metaspace   ] GC(245) Metaspace: 28907K(29184K)->28907K(29184K) NonClass: 24023K(24128K)->24023K(24128K) Class: 4883K(5056K)->4883K(5056K)
[1498.980s][info][gc             ] GC(245) Pause Young (Mixed) (G1 Evacuation Pause) 3638M->1337M(4096M) 133.695ms
[1498.980s][info][gc,cpu         ] GC(245) User=0.80s Sys=0.00s Real=0.14s
..... (rIR:aIR:PR = 1799:1799:1799) (tPR = 26972) [OK] 
  1502s: Performance info:
         Transaction,    Success,    Partial,     Failed,   Receipts, AvgBarcode, 
             Overall,     107978,          0,          0,     102580,      59.48, 
         Response times:
             Request,    Success,    Partial,     Failed,   SkipFail,     Probes,    Samples,      min,      p50,      p90,      p95,      p99,      max, 
       TotalPurchase,     102580,          0,          0,          0,     100006,     107786,      300,     1700,     2600,     2900,     9500,   165000,
     InStorePurchase,      53981,          0,          0,          0,      52660,      56457,      300,     1700,     2500,     2800,     9100,   165000,
      OnlinePurchase,      37794,          0,          0,          0,      37011,      40009,      300,     1700,     2600,     2900,     9600,   165000,
        InstPurchase,      10805,          0,          0,          0,      10335,      11320,      400,     1700,     2600,     2900,    10600,   141000,
          AssocOfCat,        109,          0,          0,          0,        108,        116,    18000,    26000,    32000,    34300,    47320,    48000,
      AssocOfProduct,       1083,          0,          0,          0,        940,       1135,      500,     1800,     2700,     2900,     9500,   140000,
      BusinessReport,        267,          0,          0,          0,        209,        290,    18500,    30000,    35000,    40000,    85000,   124000,
          CustBuyBeh,       1081,          0,          0,          0,        963,       1168,      300,     1800,     2600,     2800,    10955,   135000,
       ProductReturn,       2858,          0,          0,          0,       2606,       2898,      200,     1900,     2500,     3000,    19100,   133000,

  1502s: (14%)   IR =   1937 .....[1509.039s][info][gc,start       ] GC(246) Pause Young (Concurrent Start) (G1 Evacuation Pause)
[1509.039s][info][gc,task        ] GC(246) Using 6 workers of 6 for evacuation
[1509.161s][info][gc,phases      ] GC(246)   Pre Evacuate Collection Set: 0.40ms
[1509.161s][info][gc,phases      ] GC(246)   Merge Heap Roots: 0.66ms
[1509.161s][info][gc,phases      ] GC(246)   Evacuate Collection Set: 119.58ms
[1509.161s][info][gc,phases      ] GC(246)   Post Evacuate Collection Set: 0.92ms
[1509.161s][info][gc,phases      ] GC(246)   Other: 0.13ms
[1509.161s][info][gc,heap        ] GC(246) Eden regions: 1115->0(1120)
[1509.161s][info][gc,heap        ] GC(246) Survivor regions: 113->108(154)
[1509.161s][info][gc,heap        ] GC(246) Old regions: 477->513
[1509.161s][info][gc,heap        ] GC(246) Humongous regions: 80->80
[1509.161s][info][gc,metaspace   ] GC(246) Metaspace: 28907K(29184K)->28907K(29184K) NonClass: 24023K(24128K)->24023K(24128K) Class: 4883K(5056K)->4883K(5056K)
[1509.161s][info][gc             ] GC(246) Pause Young (Concurrent Start) (G1 Evacuation Pause) 3567M->1400M(4096M) 121.834ms
[1509.161s][info][gc             ] GC(247) Concurrent Mark Cycle
[1509.161s][info][gc,marking     ] GC(247) Concurrent Scan Root Regions
[1509.161s][info][gc,cpu         ] GC(246) User=0.73s Sys=0.00s Real=0.12s
.[1509.283s][info][gc,marking     ] GC(247) Concurrent Scan Root Regions 121.724ms
[1509.283s][info][gc,marking     ] GC(247) Concurrent Mark
[1509.283s][info][gc,marking     ] GC(247) Concurrent Mark From Roots
[1509.283s][info][gc,task        ] GC(247) Using 2 workers of 2 for marking
[1510.172s][info][gc,marking     ] GC(247) Concurrent Mark From Roots 889.329ms
[1510.172s][info][gc,marking     ] GC(247) Concurrent Preclean
[1510.172s][info][gc,marking     ] GC(247) Concurrent Preclean 0.061ms
[1510.172s][info][gc,start       ] GC(247) Pause Remark
[1510.176s][info][gc             ] GC(247) Pause Remark 1642M->1642M(4096M) 3.556ms
[1510.176s][info][gc,cpu         ] GC(247) User=0.02s Sys=0.00s Real=0.00s
[1510.176s][info][gc,marking     ] GC(247) Concurrent Mark 893.169ms
[1510.176s][info][gc,marking     ] GC(247) Concurrent Rebuild Remembered Sets and Scrub Regions
.[1510.517s][info][gc,marking     ] GC(247) Concurrent Rebuild Remembered Sets and Scrub Regions 341.046ms
[1510.517s][info][gc,start       ] GC(247) Pause Cleanup
[1510.517s][info][gc             ] GC(247) Pause Cleanup 1731M->1731M(4096M) 0.120ms
[1510.517s][info][gc,cpu         ] GC(247) User=0.00s Sys=0.00s Real=0.00s
[1510.517s][info][gc,marking     ] GC(247) Concurrent Clear Claimed Marks
[1510.517s][info][gc,marking     ] GC(247) Concurrent Clear Claimed Marks 0.028ms
[1510.517s][info][gc,marking     ] GC(247) Concurrent Cleanup for Next Mark
[1510.520s][info][gc,marking     ] GC(247) Concurrent Cleanup for Next Mark 3.336ms
[1510.520s][info][gc             ] GC(247) Concurrent Mark Cycle 1359.730ms
..|......[1518.899s][info][gc,start       ] GC(248) Pause Young (Prepare Mixed) (G1 Evacuation Pause)
[1518.899s][info][gc,task        ] GC(248) Using 6 workers of 6 for evacuation
[1519.017s][info][gc,phases      ] GC(248)   Pre Evacuate Collection Set: 0.34ms
[1519.017s][info][gc,phases      ] GC(248)   Merge Heap Roots: 0.58ms
[1519.017s][info][gc,phases      ] GC(248)   Evacuate Collection Set: 115.55ms
[1519.017s][info][gc,phases      ] GC(248)   Post Evacuate Collection Set: 0.97ms
[1519.017s][info][gc,phases      ] GC(248)   Other: 0.09ms
[1519.017s][info][gc,heap        ] GC(248) Eden regions: 1120->0(1103)
[1519.017s][info][gc,heap        ] GC(248) Survivor regions: 108->109(154)
[1519.017s][info][gc,heap        ] GC(248) Old regions: 513->544
[1519.017s][info][gc,heap        ] GC(248) Humongous regions: 80->80
[1519.017s][info][gc,metaspace   ] GC(248) Metaspace: 28907K(29184K)->28907K(29184K) NonClass: 24023K(24128K)->24023K(24128K) Class: 4883K(5056K)->4883K(5056K)
[1519.017s][info][gc             ] GC(248) Pause Young (Prepare Mixed) (G1 Evacuation Pause) 3640M->1464M(4096M) 117.676ms
[1519.017s][info][gc,cpu         ] GC(248) User=0.71s Sys=0.00s Real=0.11s
..........[1528.575s][info][gc,start       ] GC(249) Pause Young (Mixed) (G1 Evacuation Pause)
[1528.575s][info][gc,task        ] GC(249) Using 6 workers of 6 for evacuation
[1528.705s][info][gc,phases      ] GC(249)   Pre Evacuate Collection Set: 0.38ms
[1528.705s][info][gc,phases      ] GC(249)   Merge Heap Roots: 0.68ms
[1528.705s][info][gc,phases      ] GC(249)   Evacuate Collection Set: 128.26ms
[1528.705s][info][gc,phases      ] GC(249)   Post Evacuate Collection Set: 0.95ms
[1528.705s][info][gc,phases      ] GC(249)   Other: 0.09ms
[1528.705s][info][gc,heap        ] GC(249) Eden regions: 1103->0(1120)
[1528.705s][info][gc,heap        ] GC(249) Survivor regions: 109->108(152)
[1528.705s][info][gc,heap        ] GC(249) Old regions: 544->466
[1528.705s][info][gc,heap        ] GC(249) Humongous regions: 80->80
[1528.705s][info][gc,metaspace   ] GC(249) Metaspace: 28907K(29184K)->28907K(29184K) NonClass: 24023K(24128K)->24023K(24128K) Class: 4883K(5056K)->4883K(5056K)
[1528.705s][info][gc             ] GC(249) Pause Young (Mixed) (G1 Evacuation Pause) 3670M->1305M(4096M) 130.490ms
[1528.706s][info][gc,cpu         ] GC(249) User=0.78s Sys=0.00s Real=0.13s
..........[1538.304s][info][gc,start       ] GC(250) Pause Young (Concurrent Start) (G1 Evacuation Pause)
[1538.304s][info][gc,task        ] GC(250) Using 6 workers of 6 for evacuation
[1538.420s][info][gc,phases      ] GC(250)   Pre Evacuate Collection Set: 0.39ms
[1538.420s][info][gc,phases      ] GC(250)   Merge Heap Roots: 0.48ms
[1538.420s][info][gc,phases      ] GC(250)   Evacuate Collection Set: 114.03ms
[1538.420s][info][gc,phases      ] GC(250)   Post Evacuate Collection Set: 0.89ms
[1538.420s][info][gc,phases      ] GC(250)   Other: 0.11ms
[1538.420s][info][gc,heap        ] GC(250) Eden regions: 1120->0(1120)
[1538.420s][info][gc,heap        ] GC(250) Survivor regions: 108->108(154)
[1538.420s][info][gc,heap        ] GC(250) Old regions: 466->498
[1538.420s][info][gc,heap        ] GC(250) Humongous regions: 80->80
[1538.420s][info][gc,metaspace   ] GC(250) Metaspace: 28907K(29184K)->28907K(29184K) NonClass: 24023K(24128K)->24023K(24128K) Class: 4883K(5056K)->4883K(5056K)
[1538.420s][info][gc             ] GC(250) Pause Young (Concurrent Start) (G1 Evacuation Pause) 3545M->1371M(4096M) 116.039ms
[1538.420s][info][gc             ] GC(251) Concurrent Mark Cycle
[1538.420s][info][gc,marking     ] GC(251) Concurrent Scan Root Regions
[1538.420s][info][gc,cpu         ] GC(250) User=0.69s Sys=0.00s Real=0.12s
[1538.543s][info][gc,marking     ] GC(251) Concurrent Scan Root Regions 123.294ms
[1538.543s][info][gc,marking     ] GC(251) Concurrent Mark
[1538.543s][info][gc,marking     ] GC(251) Concurrent Mark From Roots
[1538.543s][info][gc,task        ] GC(251) Using 2 workers of 2 for marking
[1539.096s][info][gc,marking     ] GC(251) Concurrent Mark From Roots 552.510ms
[1539.096s][info][gc,marking     ] GC(251) Concurrent Preclean
[1539.096s][info][gc,marking     ] GC(251) Concurrent Preclean 0.055ms
[1539.096s][info][gc,start       ] GC(251) Pause Remark
[1539.099s][info][gc             ] GC(251) Pause Remark 1549M->1549M(4096M) 2.865ms
[1539.099s][info][gc,cpu         ] GC(251) User=0.02s Sys=0.00s Real=0.01s
[1539.099s][info][gc,marking     ] GC(251) Concurrent Mark 555.677ms
[1539.099s][info][gc,marking     ] GC(251) Concurrent Rebuild Remembered Sets and Scrub Regions
.[1539.334s][info][gc,marking     ] GC(251) Concurrent Rebuild Remembered Sets and Scrub Regions 234.999ms
[1539.334s][info][gc,start       ] GC(251) Pause Cleanup
[1539.334s][info][gc             ] GC(251) Pause Cleanup 1618M->1618M(4096M) 0.128ms
[1539.334s][info][gc,cpu         ] GC(251) User=0.01s Sys=0.00s Real=0.00s
[1539.334s][info][gc,marking     ] GC(251) Concurrent Clear Claimed Marks
[1539.335s][info][gc,marking     ] GC(251) Concurrent Clear Claimed Marks 0.046ms
[1539.335s][info][gc,marking     ] GC(251) Concurrent Cleanup for Next Mark
[1539.338s][info][gc,marking     ] GC(251) Concurrent Cleanup for Next Mark 3.760ms
[1539.338s][info][gc             ] GC(251) Concurrent Mark Cycle 918.262ms
........[1548.060s][info][gc,start       ] GC(252) Pause Young (Prepare Mixed) (G1 Evacuation Pause)
[1548.060s][info][gc,task        ] GC(252) Using 6 workers of 6 for evacuation
[1548.178s][info][gc,phases      ] GC(252)   Pre Evacuate Collection Set: 0.35ms
[1548.178s][info][gc,phases      ] GC(252)   Merge Heap Roots: 0.50ms
[1548.178s][info][gc,phases      ] GC(252)   Evacuate Collection Set: 116.92ms
[1548.178s][info][gc,phases      ] GC(252)   Post Evacuate Collection Set: 0.99ms
[1548.178s][info][gc,phases      ] GC(252)   Other: 0.09ms
[1548.178s][info][gc,heap        ] GC(252) Eden regions: 1120->0(1113)
[1548.178s][info][gc,heap        ] GC(252) Survivor regions: 108->111(154)
[1548.178s][info][gc,heap        ] GC(252) Old regions: 498->530
[1548.178s][info][gc,heap        ] GC(252) Humongous regions: 80->80
[1548.178s][info][gc,metaspace   ] GC(252) Metaspace: 28907K(29184K)->28907K(29184K) NonClass: 24023K(24128K)->24023K(24128K) Class: 4883K(5056K)->4883K(5056K)
[1548.179s][info][gc             ] GC(252) Pause Young (Prepare Mixed) (G1 Evacuation Pause) 3611M->1440M(4096M) 118.982ms
[1548.179s][info][gc,cpu         ] GC(252) User=0.71s Sys=0.00s Real=0.12s
..........[1557.919s][info][gc,start       ] GC(253) Pause Young (Mixed) (G1 Evacuation Pause)
[1557.919s][info][gc,task        ] GC(253) Using 6 workers of 6 for evacuation
[1558.059s][info][gc,phases      ] GC(253)   Pre Evacuate Collection Set: 0.37ms
[1558.059s][info][gc,phases      ] GC(253)   Merge Heap Roots: 0.95ms
[1558.059s][info][gc,phases      ] GC(253)   Evacuate Collection Set: 137.57ms
[1558.059s][info][gc,phases      ] GC(253)   Post Evacuate Collection Set: 0.96ms
[1558.059s][info][gc,phases      ] GC(253)   Other: 0.09ms
[1558.059s][info][gc,heap        ] GC(253) Eden regions: 1113->0(1118)
[1558.059s][info][gc,heap        ] GC(253) Survivor regions: 111->110(153)
[1558.059s][info][gc,heap        ] GC(253) Old regions: 530->471
[1558.059s][info][gc,heap        ] GC(253) Humongous regions: 80->80
[1558.059s][info][gc,metaspace   ] GC(253) Metaspace: 28907K(29184K)->28907K(29184K) NonClass: 24024K(24128K)->24024K(24128K) Class: 4883K(5056K)->4883K(5056K)
[1558.059s][info][gc             ] GC(253) Pause Young (Mixed) (G1 Evacuation Pause) 3666M->1320M(4096M) 140.066ms
[1558.059s][info][gc,cpu         ] GC(253) User=0.84s Sys=0.00s Real=0.14s
..........[1567.641s][info][gc,start       ] GC(254) Pause Young (Concurrent Start) (G1 Evacuation Pause)
[1567.641s][info][gc,task        ] GC(254) Using 6 workers of 6 for evacuation
[1567.765s][info][gc,phases      ] GC(254)   Pre Evacuate Collection Set: 0.38ms
[1567.765s][info][gc,phases      ] GC(254)   Merge Heap Roots: 0.51ms
[1567.765s][info][gc,phases      ] GC(254)   Evacuate Collection Set: 121.86ms
[1567.765s][info][gc,phases      ] GC(254)   Post Evacuate Collection Set: 0.91ms
[1567.765s][info][gc,phases      ] GC(254)   Other: 0.10ms
[1567.765s][info][gc,heap        ] GC(254) Eden regions: 1118->0(1114)
[1567.765s][info][gc,heap        ] GC(254) Survivor regions: 110->114(154)
[1567.765s][info][gc,heap        ] GC(254) Old regions: 471->503
[1567.765s][info][gc,heap        ] GC(254) Humongous regions: 80->80
[1567.765s][info][gc,metaspace   ] GC(254) Metaspace: 28907K(29184K)->28907K(29184K) NonClass: 24024K(24128K)->24024K(24128K) Class: 4883K(5056K)->4883K(5056K)
[1567.765s][info][gc             ] GC(254) Pause Young (Concurrent Start) (G1 Evacuation Pause) 3556M->1392M(4096M) 123.904ms
[1567.765s][info][gc             ] GC(255) Concurrent Mark Cycle
[1567.765s][info][gc,marking     ] GC(255) Concurrent Scan Root Regions
[1567.765s][info][gc,cpu         ] GC(254) User=0.74s Sys=0.00s Real=0.12s
[1567.885s][info][gc,marking     ] GC(255) Concurrent Scan Root Regions 119.697ms
[1567.885s][info][gc,marking     ] GC(255) Concurrent Mark
[1567.885s][info][gc,marking     ] GC(255) Concurrent Mark From Roots
[1567.885s][info][gc,task        ] GC(255) Using 2 workers of 2 for marking
.[1568.421s][info][gc,marking     ] GC(255) Concurrent Mark From Roots 536.117ms
[1568.421s][info][gc,marking     ] GC(255) Concurrent Preclean
[1568.421s][info][gc,marking     ] GC(255) Concurrent Preclean 0.055ms
[1568.421s][info][gc,start       ] GC(255) Pause Remark
[1568.424s][info][gc             ] GC(255) Pause Remark 1561M->1561M(4096M) 2.751ms
[1568.424s][info][gc,cpu         ] GC(255) User=0.01s Sys=0.00s Real=0.00s
[1568.424s][info][gc,marking     ] GC(255) Concurrent Mark 539.148ms
[1568.424s][info][gc,marking     ] GC(255) Concurrent Rebuild Remembered Sets and Scrub Regions
[1568.683s][info][gc,marking     ] GC(255) Concurrent Rebuild Remembered Sets and Scrub Regions 259.255ms
[1568.683s][info][gc,start       ] GC(255) Pause Cleanup
[1568.683s][info][gc             ] GC(255) Pause Cleanup 1629M->1629M(4096M) 0.112ms
[1568.683s][info][gc,cpu         ] GC(255) User=0.00s Sys=0.00s Real=0.00s
[1568.683s][info][gc,marking     ] GC(255) Concurrent Clear Claimed Marks
[1568.683s][info][gc,marking     ] GC(255) Concurrent Clear Claimed Marks 0.029ms
[1568.683s][info][gc,marking     ] GC(255) Concurrent Cleanup for Next Mark
[1568.687s][info][gc,marking     ] GC(255) Concurrent Cleanup for Next Mark 3.208ms
[1568.687s][info][gc             ] GC(255) Concurrent Mark Cycle 921.750ms
.... (rIR:aIR:PR = 1937:1937:1937) (tPR = 28820) [OK] 
  1572s: Performance info:
         Transaction,    Success,    Partial,     Failed,   Receipts, AvgBarcode, 
             Overall,     116303,          0,          0,     110505,      59.47, 
         Response times:
             Request,    Success,    Partial,     Failed,   SkipFail,     Probes,    Samples,      min,      p50,      p90,      p95,      p99,      max, 
       TotalPurchase,     110505,          0,          0,          0,     107612,     125272,      300,     1800,     2800,     3200,    11900,   189000,
     InStorePurchase,      58174,          0,          0,          0,      56729,      65702,      300,     1700,     2700,     3100,    10097,   156000,
      OnlinePurchase,      40691,          0,          0,          0,      39648,      46307,      300,     1900,     2800,     3300,    14700,   189000,
        InstPurchase,      11640,          0,          0,          0,      11235,      13263,      400,     1800,     2700,     3100,    10208,   189000,
          AssocOfCat,        117,          0,          0,          0,        113,        132,    17400,    25000,    30000,    33350,    67100,    77000,
      AssocOfProduct,       1156,          0,          0,          0,       1044,       1367,      700,     2200,     3000,     3500,    14232,   133000,
      BusinessReport,        289,          0,          0,          0,        214,        311,    19100,    30000,    37800,    42000,    73640,   168000,
          CustBuyBeh,       1162,          0,          0,          0,       1037,       1315,      200,     1000,     2000,     2420,    10352,   134000,
       ProductReturn,       3074,          0,          0,          0,       2847,       3513,      200,     1800,     2700,     3100,    13972,   137000,

  1572s: (15%)   IR =   2076 .....[1577.290s][info][gc,start       ] GC(256) Pause Young (Prepare Mixed) (G1 Evacuation Pause)
[1577.290s][info][gc,task        ] GC(256) Using 6 workers of 6 for evacuation
[1577.410s][info][gc,phases      ] GC(256)   Pre Evacuate Collection Set: 0.34ms
[1577.410s][info][gc,phases      ] GC(256)   Merge Heap Roots: 0.63ms
[1577.410s][info][gc,phases      ] GC(256)   Evacuate Collection Set: 118.02ms
[1577.410s][info][gc,phases      ] GC(256)   Post Evacuate Collection Set: 0.96ms
[1577.410s][info][gc,phases      ] GC(256)   Other: 0.10ms
[1577.410s][info][gc,heap        ] GC(256) Eden regions: 1114->0(1110)
[1577.410s][info][gc,heap        ] GC(256) Survivor regions: 114->110(154)
[1577.410s][info][gc,heap        ] GC(256) Old regions: 503->535
[1577.410s][info][gc,heap        ] GC(256) Humongous regions: 80->80
[1577.410s][info][gc,metaspace   ] GC(256) Metaspace: 28909K(29184K)->28909K(29184K) NonClass: 24026K(24128K)->24026K(24128K) Class: 4883K(5056K)->4883K(5056K)
[1577.410s][info][gc             ] GC(256) Pause Young (Prepare Mixed) (G1 Evacuation Pause) 3620M->1447M(4096M) 120.174ms
[1577.410s][info][gc,cpu         ] GC(256) User=0.72s Sys=0.00s Real=0.12s
..|.......[1586.265s][info][gc,start       ] GC(257) Pause Young (Mixed) (G1 Evacuation Pause)
[1586.265s][info][gc,task        ] GC(257) Using 6 workers of 6 for evacuation
[1586.397s][info][gc,phases      ] GC(257)   Pre Evacuate Collection Set: 0.39ms
[1586.397s][info][gc,phases      ] GC(257)   Merge Heap Roots: 0.80ms
[1586.397s][info][gc,phases      ] GC(257)   Evacuate Collection Set: 129.26ms
[1586.397s][info][gc,phases      ] GC(257)   Post Evacuate Collection Set: 0.97ms
[1586.397s][info][gc,phases      ] GC(257)   Other: 0.10ms
[1586.397s][info][gc,heap        ] GC(257) Eden regions: 1110->0(1119)
[1586.397s][info][gc,heap        ] GC(257) Survivor regions: 110->109(153)
[1586.397s][info][gc,heap        ] GC(257) Old regions: 535->470
[1586.397s][info][gc,heap        ] GC(257) Humongous regions: 80->80
[1586.397s][info][gc,metaspace   ] GC(257) Metaspace: 28909K(29184K)->28909K(29184K) NonClass: 24026K(24128K)->24026K(24128K) Class: 4883K(5056K)->4883K(5056K)
[1586.397s][info][gc             ] GC(257) Pause Young (Mixed) (G1 Evacuation Pause) 3667M->1316M(4096M) 131.659ms
[1586.397s][info][gc,cpu         ] GC(257) User=0.79s Sys=0.00s Real=0.13s
.........[1595.465s][info][gc,start       ] GC(258) Pause Young (Concurrent Start) (G1 Evacuation Pause)
[1595.465s][info][gc,task        ] GC(258) Using 6 workers of 6 for evacuation
[1595.586s][info][gc,phases      ] GC(258)   Pre Evacuate Collection Set: 0.40ms
[1595.586s][info][gc,phases      ] GC(258)   Merge Heap Roots: 0.56ms
[1595.586s][info][gc,phases      ] GC(258)   Evacuate Collection Set: 118.79ms
[1595.586s][info][gc,phases      ] GC(258)   Post Evacuate Collection Set: 0.88ms
[1595.586s][info][gc,phases      ] GC(258)   Other: 0.11ms
[1595.586s][info][gc,heap        ] GC(258) Eden regions: 1119->0(1116)
[1595.586s][info][gc,heap        ] GC(258) Survivor regions: 109->112(154)
[1595.586s][info][gc,heap        ] GC(258) Old regions: 470->502
[1595.586s][info][gc,heap        ] GC(258) Humongous regions: 80->80
[1595.586s][info][gc,metaspace   ] GC(258) Metaspace: 28909K(29184K)->28909K(29184K) NonClass: 24026K(24128K)->24026K(24128K) Class: 4883K(5056K)->4883K(5056K)
[1595.586s][info][gc             ] GC(258) Pause Young (Concurrent Start) (G1 Evacuation Pause) 3554M->1386M(4096M) 120.888ms
[1595.586s][info][gc             ] GC(259) Concurrent Mark Cycle
[1595.586s][info][gc,marking     ] GC(259) Concurrent Scan Root Regions
[1595.586s][info][gc,cpu         ] GC(258) User=0.72s Sys=0.00s Real=0.12s
[1595.712s][info][gc,marking     ] GC(259) Concurrent Scan Root Regions 125.689ms
[1595.712s][info][gc,marking     ] GC(259) Concurrent Mark
[1595.712s][info][gc,marking     ] GC(259) Concurrent Mark From Roots
[1595.712s][info][gc,task        ] GC(259) Using 2 workers of 2 for marking
.[1596.243s][info][gc,marking     ] GC(259) Concurrent Mark From Roots 531.402ms
[1596.243s][info][gc,marking     ] GC(259) Concurrent Preclean
[1596.244s][info][gc,marking     ] GC(259) Concurrent Preclean 0.064ms
[1596.244s][info][gc,start       ] GC(259) Pause Remark
[1596.247s][info][gc             ] GC(259) Pause Remark 1570M->1570M(4096M) 2.991ms
[1596.247s][info][gc,cpu         ] GC(259) User=0.02s Sys=0.00s Real=0.00s
[1596.247s][info][gc,marking     ] GC(259) Concurrent Mark 534.691ms
[1596.247s][info][gc,marking     ] GC(259) Concurrent Rebuild Remembered Sets and Scrub Regions
[1596.457s][info][gc,marking     ] GC(259) Concurrent Rebuild Remembered Sets and Scrub Regions 209.942ms
[1596.457s][info][gc,start       ] GC(259) Pause Cleanup
[1596.457s][info][gc             ] GC(259) Pause Cleanup 1622M->1622M(4096M) 0.124ms
[1596.457s][info][gc,cpu         ] GC(259) User=0.00s Sys=0.00s Real=0.00s
[1596.457s][info][gc,marking     ] GC(259) Concurrent Clear Claimed Marks
[1596.457s][info][gc,marking     ] GC(259) Concurrent Clear Claimed Marks 0.036ms
[1596.457s][info][gc,marking     ] GC(259) Concurrent Cleanup for Next Mark
[1596.461s][info][gc,marking     ] GC(259) Concurrent Cleanup for Next Mark 3.474ms
[1596.461s][info][gc             ] GC(259) Concurrent Mark Cycle 874.299ms
........[1604.652s][info][gc,start       ] GC(260) Pause Young (Prepare Mixed) (G1 Evacuation Pause)
[1604.652s][info][gc,task        ] GC(260) Using 6 workers of 6 for evacuation
[1604.770s][info][gc,phases      ] GC(260)   Pre Evacuate Collection Set: 0.35ms
[1604.770s][info][gc,phases      ] GC(260)   Merge Heap Roots: 0.67ms
[1604.770s][info][gc,phases      ] GC(260)   Evacuate Collection Set: 115.93ms
[1604.770s][info][gc,phases      ] GC(260)   Post Evacuate Collection Set: 0.96ms
[1604.770s][info][gc,phases      ] GC(260)   Other: 0.10ms
[1604.770s][info][gc,heap        ] GC(260) Eden regions: 1116->0(1112)
[1604.770s][info][gc,heap        ] GC(260) Survivor regions: 112->110(154)
[1604.770s][info][gc,heap        ] GC(260) Old regions: 502->533
[1604.770s][info][gc,heap        ] GC(260) Humongous regions: 80->80
[1604.770s][info][gc,metaspace   ] GC(260) Metaspace: 28909K(29184K)->28909K(29184K) NonClass: 24026K(24128K)->24026K(24128K) Class: 4883K(5056K)->4883K(5056K)
[1604.770s][info][gc             ] GC(260) Pause Young (Prepare Mixed) (G1 Evacuation Pause) 3618M->1445M(4096M) 118.149ms
[1604.770s][info][gc,cpu         ] GC(260) User=0.70s Sys=0.00s Real=0.12s
.........[1613.726s][info][gc,start       ] GC(261) Pause Young (Mixed) (G1 Evacuation Pause)
[1613.726s][info][gc,task        ] GC(261) Using 6 workers of 6 for evacuation
[1613.859s][info][gc,phases      ] GC(261)   Pre Evacuate Collection Set: 0.38ms
[1613.859s][info][gc,phases      ] GC(261)   Merge Heap Roots: 0.78ms
[1613.859s][info][gc,phases      ] GC(261)   Evacuate Collection Set: 130.03ms
[1613.859s][info][gc,phases      ] GC(261)   Post Evacuate Collection Set: 0.95ms
[1613.859s][info][gc,phases      ] GC(261)   Other: 0.09ms
[1613.859s][info][gc,heap        ] GC(261) Eden regions: 1112->0(1120)
[1613.859s][info][gc,heap        ] GC(261) Survivor regions: 110->108(153)
[1613.859s][info][gc,heap        ] GC(261) Old regions: 533->469
[1613.859s][info][gc,heap        ] GC(261) Humongous regions: 80->80
[1613.859s][info][gc,metaspace   ] GC(261) Metaspace: 28909K(29184K)->28909K(29184K) NonClass: 24026K(24128K)->24026K(24128K) Class: 4883K(5056K)->4883K(5056K)
[1613.859s][info][gc             ] GC(261) Pause Young (Mixed) (G1 Evacuation Pause) 3669M->1313M(4096M) 132.357ms
[1613.859s][info][gc,cpu         ] GC(261) User=0.79s Sys=0.00s Real=0.14s
.........[1622.916s][info][gc,start       ] GC(262) Pause Young (Concurrent Start) (G1 Evacuation Pause)
[1622.916s][info][gc,task        ] GC(262) Using 6 workers of 6 for evacuation
[1623.036s][info][gc,phases      ] GC(262)   Pre Evacuate Collection Set: 0.40ms
[1623.036s][info][gc,phases      ] GC(262)   Merge Heap Roots: 0.58ms
[1623.036s][info][gc,phases      ] GC(262)   Evacuate Collection Set: 118.24ms
[1623.036s][info][gc,phases      ] GC(262)   Post Evacuate Collection Set: 0.91ms
[1623.036s][info][gc,phases      ] GC(262)   Other: 0.11ms
[1623.036s][info][gc,heap        ] GC(262) Eden regions: 1120->0(1117)
[1623.036s][info][gc,heap        ] GC(262) Survivor regions: 108->111(154)
[1623.036s][info][gc,heap        ] GC(262) Old regions: 469->501
[1623.036s][info][gc,heap        ] GC(262) Humongous regions: 80->80
[1623.036s][info][gc,metaspace   ] GC(262) Metaspace: 28909K(29184K)->28909K(29184K) NonClass: 24026K(24128K)->24026K(24128K) Class: 4883K(5056K)->4883K(5056K)
[1623.036s][info][gc             ] GC(262) Pause Young (Concurrent Start) (G1 Evacuation Pause) 3553M->1383M(4096M) 120.386ms
[1623.036s][info][gc             ] GC(263) Concurrent Mark Cycle
[1623.036s][info][gc,marking     ] GC(263) Concurrent Scan Root Regions
[1623.037s][info][gc,cpu         ] GC(262) User=0.72s Sys=0.00s Real=0.12s
[1623.167s][info][gc,marking     ] GC(263) Concurrent Scan Root Regions 130.866ms
[1623.167s][info][gc,marking     ] GC(263) Concurrent Mark
[1623.167s][info][gc,marking     ] GC(263) Concurrent Mark From Roots
[1623.167s][info][gc,task        ] GC(263) Using 2 workers of 2 for marking
.[1623.708s][info][gc,marking     ] GC(263) Concurrent Mark From Roots 540.899ms
[1623.708s][info][gc,marking     ] GC(263) Concurrent Preclean
[1623.708s][info][gc,marking     ] GC(263) Concurrent Preclean 0.070ms
[1623.709s][info][gc,start       ] GC(263) Pause Remark
[1623.712s][info][gc             ] GC(263) Pause Remark 1592M->1592M(4096M) 2.955ms
[1623.712s][info][gc,cpu         ] GC(263) User=0.02s Sys=0.00s Real=0.00s
[1623.712s][info][gc,marking     ] GC(263) Concurrent Mark 544.173ms
[1623.712s][info][gc,marking     ] GC(263) Concurrent Rebuild Remembered Sets and Scrub Regions
[1623.917s][info][gc,marking     ] GC(263) Concurrent Rebuild Remembered Sets and Scrub Regions 205.702ms
[1623.917s][info][gc,start       ] GC(263) Pause Cleanup
[1623.918s][info][gc             ] GC(263) Pause Cleanup 1630M->1630M(4096M) 0.118ms
[1623.918s][info][gc,cpu         ] GC(263) User=0.00s Sys=0.00s Real=0.00s
[1623.918s][info][gc,marking     ] GC(263) Concurrent Clear Claimed Marks
[1623.918s][info][gc,marking     ] GC(263) Concurrent Clear Claimed Marks 0.032ms
[1623.918s][info][gc,marking     ] GC(263) Concurrent Cleanup for Next Mark
[1623.921s][info][gc,marking     ] GC(263) Concurrent Cleanup for Next Mark 3.601ms
[1623.921s][info][gc             ] GC(263) Concurrent Mark Cycle 884.800ms
........[1632.051s][info][gc,start       ] GC(264) Pause Young (Prepare Mixed) (G1 Evacuation Pause)
[1632.051s][info][gc,task        ] GC(264) Using 6 workers of 6 for evacuation
[1632.169s][info][gc,phases      ] GC(264)   Pre Evacuate Collection Set: 0.36ms
[1632.169s][info][gc,phases      ] GC(264)   Merge Heap Roots: 0.72ms
[1632.169s][info][gc,phases      ] GC(264)   Evacuate Collection Set: 115.28ms
[1632.169s][info][gc,phases      ] GC(264)   Post Evacuate Collection Set: 0.99ms
[1632.169s][info][gc,phases      ] GC(264)   Other: 0.10ms
[1632.169s][info][gc,heap        ] GC(264) Eden regions: 1117->0(1114)
[1632.169s][info][gc,heap        ] GC(264) Survivor regions: 111->109(154)
[1632.169s][info][gc,heap        ] GC(264) Old regions: 501->533
[1632.169s][info][gc,heap        ] GC(264) Humongous regions: 80->80
[1632.169s][info][gc,metaspace   ] GC(264) Metaspace: 28909K(29184K)->28909K(29184K) NonClass: 24026K(24128K)->24026K(24128K) Class: 4883K(5056K)->4883K(5056K)
[1632.169s][info][gc             ] GC(264) Pause Young (Prepare Mixed) (G1 Evacuation Pause) 3617M->1443M(4096M) 117.588ms
[1632.169s][info][gc,cpu         ] GC(264) User=0.70s Sys=0.00s Real=0.12s
........ (rIR:aIR:PR = 2076:2076:2076) (tPR = 30568) [OK] 
  1639s: Performance info:
         Transaction,    Success,    Partial,     Failed,   Receipts, AvgBarcode, 
             Overall,     124605,          0,          0,     118383,      59.47, 
         Response times:
             Request,    Success,    Partial,     Failed,   SkipFail,     Probes,    Samples,      min,      p50,      p90,      p95,      p99,      max, 
       TotalPurchase,     118383,          0,          0,          0,     115530,     130626,      300,     1900,     2900,     3300,     9500,   139000,
     InStorePurchase,      62296,          0,          0,          0,      61034,      68893,      300,     1900,     2900,     3200,     9500,   139000,
      OnlinePurchase,      43598,          0,          0,          0,      42469,      47871,      300,     1900,     2900,     3300,     9500,   137000,
        InstPurchase,      12489,          0,          0,          0,      12027,      13862,      400,     1900,     2900,     3300,    10174,   136000,
          AssocOfCat,        127,          0,          0,          0,         95,        147,    17200,    26000,    34000,    37000,   159240,   165000,
      AssocOfProduct,       1245,          0,          0,          0,       1080,       1362,      600,     2200,     2900,     3200,     9900,   121000,
      BusinessReport,        308,          0,          0,          0,        232,        327,    19100,    31000,    38000,    44600,   163720,   212000,
          CustBuyBeh,       1251,          0,          0,          0,       1104,       1388,      300,     2000,     3000,     3455,    14633,   122000,
       ProductReturn,       3291,          0,          0,          0,       2976,       3553,      200,     1600,     2700,     3100,     6300,   120000,

  1639s: (16%)   IR =   2214 .[1641.106s][info][gc,start       ] GC(265) Pause Young (Mixed) (G1 Evacuation Pause)
[1641.106s][info][gc,task        ] GC(265) Using 6 workers of 6 for evacuation
[1641.236s][info][gc,phases      ] GC(265)   Pre Evacuate Collection Set: 0.40ms
[1641.236s][info][gc,phases      ] GC(265)   Merge Heap Roots: 0.76ms
[1641.236s][info][gc,phases      ] GC(265)   Evacuate Collection Set: 128.16ms
[1641.236s][info][gc,phases      ] GC(265)   Post Evacuate Collection Set: 0.96ms
[1641.236s][info][gc,phases      ] GC(265)   Other: 0.09ms
[1641.236s][info][gc,heap        ] GC(265) Eden regions: 1114->0(1119)
[1641.236s][info][gc,heap        ] GC(265) Survivor regions: 109->109(153)
[1641.236s][info][gc,heap        ] GC(265) Old regions: 533->472
[1641.236s][info][gc,heap        ] GC(265) Humongous regions: 80->80
[1641.236s][info][gc,metaspace   ] GC(265) Metaspace: 28912K(29184K)->28912K(29184K) NonClass: 24028K(24128K)->24028K(24128K) Class: 4883K(5056K)->4883K(5056K)
[1641.236s][info][gc             ] GC(265) Pause Young (Mixed) (G1 Evacuation Pause) 3671M->1320M(4096M) 130.497ms
[1641.236s][info][gc,cpu         ] GC(265) User=0.78s Sys=0.00s Real=0.13s
...|......[1649.693s][info][gc,start       ] GC(266) Pause Young (Concurrent Start) (G1 Evacuation Pause)
[1649.693s][info][gc,task        ] GC(266) Using 6 workers of 6 for evacuation
[1649.814s][info][gc,phases      ] GC(266)   Pre Evacuate Collection Set: 0.39ms
[1649.814s][info][gc,phases      ] GC(266)   Merge Heap Roots: 0.58ms
[1649.814s][info][gc,phases      ] GC(266)   Evacuate Collection Set: 119.38ms
[1649.814s][info][gc,phases      ] GC(266)   Post Evacuate Collection Set: 0.93ms
[1649.814s][info][gc,phases      ] GC(266)   Other: 0.11ms
[1649.814s][info][gc,heap        ] GC(266) Eden regions: 1119->0(1117)
[1649.814s][info][gc,heap        ] GC(266) Survivor regions: 109->111(154)
[1649.814s][info][gc,heap        ] GC(266) Old regions: 472->504
[1649.814s][info][gc,heap        ] GC(266) Humongous regions: 80->80
[1649.814s][info][gc,metaspace   ] GC(266) Metaspace: 28912K(29184K)->28912K(29184K) NonClass: 24028K(24128K)->24028K(24128K) Class: 4883K(5056K)->4883K(5056K)
[1649.814s][info][gc             ] GC(266) Pause Young (Concurrent Start) (G1 Evacuation Pause) 3558M->1388M(4096M) 121.527ms
[1649.814s][info][gc             ] GC(267) Concurrent Mark Cycle
[1649.814s][info][gc,marking     ] GC(267) Concurrent Scan Root Regions
[1649.814s][info][gc,cpu         ] GC(266) User=0.73s Sys=0.00s Real=0.12s
[1649.933s][info][gc,marking     ] GC(267) Concurrent Scan Root Regions 118.959ms
[1649.933s][info][gc,marking     ] GC(267) Concurrent Mark
[1649.933s][info][gc,marking     ] GC(267) Concurrent Mark From Roots
[1649.933s][info][gc,task        ] GC(267) Using 2 workers of 2 for marking
.[1650.490s][info][gc,marking     ] GC(267) Concurrent Mark From Roots 556.834ms
[1650.490s][info][gc,marking     ] GC(267) Concurrent Preclean
[1650.490s][info][gc,marking     ] GC(267) Concurrent Preclean 0.055ms
[1650.490s][info][gc,start       ] GC(267) Pause Remark
[1650.493s][info][gc             ] GC(267) Pause Remark 1601M->1601M(4096M) 2.987ms
[1650.493s][info][gc,cpu         ] GC(267) User=0.01s Sys=0.00s Real=0.00s
[1650.493s][info][gc,marking     ] GC(267) Concurrent Mark 560.143ms
[1650.493s][info][gc,marking     ] GC(267) Concurrent Rebuild Remembered Sets and Scrub Regions
[1650.737s][info][gc,marking     ] GC(267) Concurrent Rebuild Remembered Sets and Scrub Regions 243.759ms
[1650.737s][info][gc,start       ] GC(267) Pause Cleanup
[1650.737s][info][gc             ] GC(267) Pause Cleanup 1664M->1664M(4096M) 0.120ms
[1650.737s][info][gc,cpu         ] GC(267) User=0.00s Sys=0.00s Real=0.00s
[1650.738s][info][gc,marking     ] GC(267) Concurrent Clear Claimed Marks
[1650.738s][info][gc,marking     ] GC(267) Concurrent Clear Claimed Marks 0.031ms
[1650.738s][info][gc,marking     ] GC(267) Concurrent Cleanup for Next Mark
[1650.742s][info][gc,marking     ] GC(267) Concurrent Cleanup for Next Mark 3.981ms
[1650.742s][info][gc             ] GC(267) Concurrent Mark Cycle 927.336ms
.......[1658.269s][info][gc,start       ] GC(268) Pause Young (Prepare Mixed) (G1 Evacuation Pause)
[1658.269s][info][gc,task        ] GC(268) Using 6 workers of 6 for evacuation
[1658.387s][info][gc,phases      ] GC(268)   Pre Evacuate Collection Set: 0.35ms
[1658.387s][info][gc,phases      ] GC(268)   Merge Heap Roots: 0.64ms
[1658.387s][info][gc,phases      ] GC(268)   Evacuate Collection Set: 116.18ms
[1658.387s][info][gc,phases      ] GC(268)   Post Evacuate Collection Set: 0.94ms
[1658.387s][info][gc,phases      ] GC(268)   Other: 0.09ms
[1658.387s][info][gc,heap        ] GC(268) Eden regions: 1117->0(1111)
[1658.387s][info][gc,heap        ] GC(268) Survivor regions: 111->108(154)
[1658.387s][info][gc,heap        ] GC(268) Old regions: 504->538
[1658.387s][info][gc,heap        ] GC(268) Humongous regions: 80->80
[1658.387s][info][gc,metaspace   ] GC(268) Metaspace: 28912K(29184K)->28912K(29184K) NonClass: 24028K(24128K)->24028K(24128K) Class: 4883K(5056K)->4883K(5056K)
[1658.387s][info][gc             ] GC(268) Pause Young (Prepare Mixed) (G1 Evacuation Pause) 3622M->1450M(4096M) 118.340ms
[1658.387s][info][gc,cpu         ] GC(268) User=0.70s Sys=0.00s Real=0.11s
.........[1666.760s][info][gc,start       ] GC(269) Pause Young (Mixed) (G1 Evacuation Pause)
[1666.760s][info][gc,task        ] GC(269) Using 6 workers of 6 for evacuation
[1666.896s][info][gc,phases      ] GC(269)   Pre Evacuate Collection Set: 0.44ms
[1666.896s][info][gc,phases      ] GC(269)   Merge Heap Roots: 0.86ms
[1666.896s][info][gc,phases      ] GC(269)   Evacuate Collection Set: 133.03ms
[1666.896s][info][gc,phases      ] GC(269)   Post Evacuate Collection Set: 0.98ms
[1666.896s][info][gc,phases      ] GC(269)   Other: 0.11ms
[1666.896s][info][gc,heap        ] GC(269) Eden regions: 1111->0(1119)
[1666.896s][info][gc,heap        ] GC(269) Survivor regions: 108->109(153)
[1666.896s][info][gc,heap        ] GC(269) Old regions: 538->472
[1666.896s][info][gc,heap        ] GC(269) Humongous regions: 80->80
[1666.896s][info][gc,metaspace   ] GC(269) Metaspace: 28912K(29184K)->28912K(29184K) NonClass: 24028K(24128K)->24028K(24128K) Class: 4883K(5056K)->4883K(5056K)
[1666.896s][info][gc             ] GC(269) Pause Young (Mixed) (G1 Evacuation Pause) 3672M->1320M(4096M) 135.559ms
[1666.896s][info][gc,cpu         ] GC(269) User=0.80s Sys=0.00s Real=0.13s
........[1675.351s][info][gc,start       ] GC(270) Pause Young (Concurrent Start) (G1 Evacuation Pause)
[1675.351s][info][gc,task        ] GC(270) Using 6 workers of 6 for evacuation
[1675.469s][info][gc,phases      ] GC(270)   Pre Evacuate Collection Set: 0.42ms
[1675.469s][info][gc,phases      ] GC(270)   Merge Heap Roots: 0.48ms
[1675.469s][info][gc,phases      ] GC(270)   Evacuate Collection Set: 115.70ms
[1675.469s][info][gc,phases      ] GC(270)   Post Evacuate Collection Set: 0.92ms
[1675.469s][info][gc,phases      ] GC(270)   Other: 0.12ms
[1675.469s][info][gc,heap        ] GC(270) Eden regions: 1119->0(1120)
[1675.469s][info][gc,heap        ] GC(270) Survivor regions: 109->108(154)
[1675.469s][info][gc,heap        ] GC(270) Old regions: 472->505
[1675.469s][info][gc,heap        ] GC(270) Humongous regions: 80->80
[1675.469s][info][gc,metaspace   ] GC(270) Metaspace: 28912K(29184K)->28912K(29184K) NonClass: 24028K(24128K)->24028K(24128K) Class: 4883K(5056K)->4883K(5056K)
[1675.469s][info][gc             ] GC(270) Pause Young (Concurrent Start) (G1 Evacuation Pause) 3558M->1384M(4096M) 117.772ms
[1675.469s][info][gc             ] GC(271) Concurrent Mark Cycle
[1675.469s][info][gc,marking     ] GC(271) Concurrent Scan Root Regions
[1675.469s][info][gc,cpu         ] GC(270) User=0.70s Sys=0.00s Real=0.12s
.[1675.639s][info][gc,marking     ] GC(271) Concurrent Scan Root Regions 170.034ms
[1675.639s][info][gc,marking     ] GC(271) Concurrent Mark
[1675.639s][info][gc,marking     ] GC(271) Concurrent Mark From Roots
[1675.639s][info][gc,task        ] GC(271) Using 2 workers of 2 for marking
.[1676.528s][info][gc,marking     ] GC(271) Concurrent Mark From Roots 889.740ms
[1676.529s][info][gc,marking     ] GC(271) Concurrent Preclean
[1676.529s][info][gc,marking     ] GC(271) Concurrent Preclean 0.045ms
[1676.529s][info][gc,start       ] GC(271) Pause Remark
[1676.532s][info][gc             ] GC(271) Pause Remark 1722M->1722M(4096M) 3.738ms
[1676.532s][info][gc,cpu         ] GC(271) User=0.02s Sys=0.00s Real=0.00s
[1676.533s][info][gc,marking     ] GC(271) Concurrent Mark 893.759ms
[1676.533s][info][gc,marking     ] GC(271) Concurrent Rebuild Remembered Sets and Scrub Regions
[1676.928s][info][gc,marking     ] GC(271) Concurrent Rebuild Remembered Sets and Scrub Regions 395.756ms
[1676.928s][info][gc,start       ] GC(271) Pause Cleanup
[1676.929s][info][gc             ] GC(271) Pause Cleanup 1807M->1807M(4096M) 0.130ms
[1676.929s][info][gc,cpu         ] GC(271) User=0.00s Sys=0.00s Real=0.01s
[1676.929s][info][gc,marking     ] GC(271) Concurrent Clear Claimed Marks
[1676.929s][info][gc,marking     ] GC(271) Concurrent Clear Claimed Marks 0.031ms
[1676.929s][info][gc,marking     ] GC(271) Concurrent Cleanup for Next Mark
[1676.932s][info][gc,marking     ] GC(271) Concurrent Cleanup for Next Mark 3.270ms
[1676.932s][info][gc             ] GC(271) Concurrent Mark Cycle 1463.278ms
.......[1683.949s][info][gc,start       ] GC(272) Pause Young (Prepare Mixed) (G1 Evacuation Pause)
[1683.949s][info][gc,task        ] GC(272) Using 6 workers of 6 for evacuation
[1684.071s][info][gc,phases      ] GC(272)   Pre Evacuate Collection Set: 0.34ms
[1684.071s][info][gc,phases      ] GC(272)   Merge Heap Roots: 0.66ms
[1684.071s][info][gc,phases      ] GC(272)   Evacuate Collection Set: 119.94ms
[1684.071s][info][gc,phases      ] GC(272)   Post Evacuate Collection Set: 0.95ms
[1684.071s][info][gc,phases      ] GC(272)   Other: 0.08ms
[1684.071s][info][gc,heap        ] GC(272) Eden regions: 1120->0(1106)
[1684.071s][info][gc,heap        ] GC(272) Survivor regions: 108->111(154)
[1684.071s][info][gc,heap        ] GC(272) Old regions: 505->537
[1684.071s][info][gc,heap        ] GC(272) Humongous regions: 80->80
[1684.071s][info][gc,metaspace   ] GC(272) Metaspace: 28912K(29184K)->28912K(29184K) NonClass: 24028K(24128K)->24028K(24128K) Class: 4883K(5056K)->4883K(5056K)
[1684.071s][info][gc             ] GC(272) Pause Young (Prepare Mixed) (G1 Evacuation Pause) 3624M->1453M(4096M) 122.093ms
[1684.071s][info][gc,cpu         ] GC(272) User=0.72s Sys=0.00s Real=0.12s
........[1692.366s][info][gc,start       ] GC(273) Pause Young (Mixed) (G1 Evacuation Pause)
[1692.366s][info][gc,task        ] GC(273) Using 6 workers of 6 for evacuation
[1692.499s][info][gc,phases      ] GC(273)   Pre Evacuate Collection Set: 0.40ms
[1692.499s][info][gc,phases      ] GC(273)   Merge Heap Roots: 0.80ms
[1692.499s][info][gc,phases      ] GC(273)   Evacuate Collection Set: 130.63ms
[1692.499s][info][gc,phases      ] GC(273)   Post Evacuate Collection Set: 0.96ms
[1692.499s][info][gc,phases      ] GC(273)   Other: 0.09ms
[1692.499s][info][gc,heap        ] GC(273) Eden regions: 1106->0(1119)
[1692.499s][info][gc,heap        ] GC(273) Survivor regions: 111->109(153)
[1692.499s][info][gc,heap        ] GC(273) Old regions: 537->472
[1692.499s][info][gc,heap        ] GC(273) Humongous regions: 80->80
[1692.499s][info][gc,metaspace   ] GC(273) Metaspace: 28912K(29184K)->28912K(29184K) NonClass: 24028K(24128K)->24028K(24128K) Class: 4883K(5056K)->4883K(5056K)
[1692.499s][info][gc             ] GC(273) Pause Young (Mixed) (G1 Evacuation Pause) 3665M->1320M(4096M) 133.045ms
[1692.499s][info][gc,cpu         ] GC(273) User=0.79s Sys=0.00s Real=0.14s
.........[1700.995s][info][gc,start       ] GC(274) Pause Young (Concurrent Start) (G1 Evacuation Pause)
[1700.995s][info][gc,task        ] GC(274) Using 6 workers of 6 for evacuation
[1701.115s][info][gc,phases      ] GC(274)   Pre Evacuate Collection Set: 0.41ms
[1701.115s][info][gc,phases      ] GC(274)   Merge Heap Roots: 0.52ms
[1701.115s][info][gc,phases      ] GC(274)   Evacuate Collection Set: 118.17ms
[1701.115s][info][gc,phases      ] GC(274)   Post Evacuate Collection Set: 0.91ms
[1701.115s][info][gc,phases      ] GC(274)   Other: 0.12ms
[1701.115s][info][gc,heap        ] GC(274) Eden regions: 1119->0(1118)
[1701.115s][info][gc,heap        ] GC(274) Survivor regions: 109->110(154)
[1701.115s][info][gc,heap        ] GC(274) Old regions: 472->504
[1701.115s][info][gc,heap        ] GC(274) Humongous regions: 80->80
[1701.115s][info][gc,metaspace   ] GC(274) Metaspace: 28912K(29184K)->28912K(29184K) NonClass: 24028K(24128K)->24028K(24128K) Class: 4883K(5056K)->4883K(5056K)
[1701.115s][info][gc             ] GC(274) Pause Young (Concurrent Start) (G1 Evacuation Pause) 3558M->1386M(4096M) 120.232ms
[1701.115s][info][gc             ] GC(275) Concurrent Mark Cycle
[1701.115s][info][gc,marking     ] GC(275) Concurrent Scan Root Regions
[1701.115s][info][gc,cpu         ] GC(274) User=0.71s Sys=0.00s Real=0.12s
[1701.284s][info][gc,marking     ] GC(275) Concurrent Scan Root Regions 168.862ms
[1701.284s][info][gc,marking     ] GC(275) Concurrent Mark
[1701.284s][info][gc,marking     ] GC(275) Concurrent Mark From Roots
[1701.284s][info][gc,task        ] GC(275) Using 2 workers of 2 for marking
.[1702.170s][info][gc,marking     ] GC(275) Concurrent Mark From Roots 885.226ms
[1702.170s][info][gc,marking     ] GC(275) Concurrent Preclean
[1702.170s][info][gc,marking     ] GC(275) Concurrent Preclean 0.080ms
[1702.170s][info][gc,start       ] GC(275) Pause Remark
[1702.173s][info][gc             ] GC(275) Pause Remark 1661M->1661M(4096M) 3.641ms
[1702.174s][info][gc,cpu         ] GC(275) User=0.02s Sys=0.00s Real=0.00s
[1702.174s][info][gc,marking     ] GC(275) Concurrent Mark 889.224ms
[1702.174s][info][gc,marking     ] GC(275) Concurrent Rebuild Remembered Sets and Scrub Regions
[1702.398s][info][gc,marking     ] GC(275) Concurrent Rebuild Remembered Sets and Scrub Regions 224.650ms
[1702.398s][info][gc,start       ] GC(275) Pause Cleanup
[1702.398s][info][gc             ] GC(275) Pause Cleanup 1740M->1740M(4096M) 0.112ms
[1702.399s][info][gc,cpu         ] GC(275) User=0.00s Sys=0.00s Real=0.01s
[1702.399s][info][gc,marking     ] GC(275) Concurrent Clear Claimed Marks
[1702.399s][info][gc,marking     ] GC(275) Concurrent Clear Claimed Marks 0.031ms
[1702.399s][info][gc,marking     ] GC(275) Concurrent Cleanup for Next Mark
[1702.402s][info][gc,marking     ] GC(275) Concurrent Cleanup for Next Mark 3.212ms
[1702.402s][info][gc             ] GC(275) Concurrent Mark Cycle 1286.432ms
.. (rIR:aIR:PR = 2214:2212:2212) (tPR = 33048) [OK] 
  1703s: Performance info:
         Transaction,    Success,    Partial,     Failed,   Receipts, AvgBarcode, 
             Overall,     133244,          0,          0,     126568,      59.49, 
         Response times:
             Request,    Success,    Partial,     Failed,   SkipFail,     Probes,    Samples,      min,      p50,      p90,      p95,      p99,      max, 
       TotalPurchase,     126574,          0,          0,          0,     124268,     133122,      300,     2000,     3100,     3600,    11800,   150000,
     InStorePurchase,      66630,          0,          0,          0,      65558,      69892,      300,     1900,     3100,     3500,    11600,   140000,
      OnlinePurchase,      46606,          0,          0,          0,      45905,      49303,      300,     2100,     3200,     3700,    12400,   150000,
        InstPurchase,      13338,          0,          0,          0,      12805,      13927,      400,     2000,     3100,     3600,    10072,   139000,
          AssocOfCat,        134,          0,          0,          0,         94,        119,    19000,    27000,    35000,    51000,   152400,   156000,
      AssocOfProduct,       1336,          0,          0,          0,       1208,       1423,      500,     2400,     3600,     4200,    19700,   139000,
      BusinessReport,        331,          0,          0,          0,        267,        366,    18900,    32000,    41300,    50000,   131530,   171000,
          CustBuyBeh,       1338,          0,          0,          0,       1169,       1337,      200,     2600,     3500,     4000,    17100,   139000,
       ProductReturn,       3538,          0,          0,          0,       3268,       3646,      200,     2200,     3200,     3700,    16759,   121000,

  1703s: (17%)   IR =   2352 .....|[1709.188s][info][gc,start       ] GC(276) Pause Young (Prepare Mixed) (G1 Evacuation Pause)
[1709.188s][info][gc,task        ] GC(276) Using 6 workers of 6 for evacuation
[1709.305s][info][gc,phases      ] GC(276)   Pre Evacuate Collection Set: 0.35ms
[1709.305s][info][gc,phases      ] GC(276)   Merge Heap Roots: 0.63ms
[1709.305s][info][gc,phases      ] GC(276)   Evacuate Collection Set: 115.36ms
[1709.305s][info][gc,phases      ] GC(276)   Post Evacuate Collection Set: 0.96ms
[1709.305s][info][gc,phases      ] GC(276)   Other: 0.09ms
[1709.305s][info][gc,heap        ] GC(276) Eden regions: 1118->0(1111)
[1709.305s][info][gc,heap        ] GC(276) Survivor regions: 110->109(154)
[1709.305s][info][gc,heap        ] GC(276) Old regions: 504->536
[1709.305s][info][gc,heap        ] GC(276) Humongous regions: 80->80
[1709.305s][info][gc,metaspace   ] GC(276) Metaspace: 28912K(29184K)->28912K(29184K) NonClass: 24028K(24128K)->24028K(24128K) Class: 4883K(5056K)->4883K(5056K)
[1709.305s][info][gc             ] GC(276) Pause Young (Prepare Mixed) (G1 Evacuation Pause) 3622M->1447M(4096M) 117.556ms
[1709.305s][info][gc,cpu         ] GC(276) User=0.70s Sys=0.00s Real=0.12s
........[1717.218s][info][gc,start       ] GC(277) Pause Young (Mixed) (G1 Evacuation Pause)
[1717.218s][info][gc,task        ] GC(277) Using 6 workers of 6 for evacuation
[1717.352s][info][gc,phases      ] GC(277)   Pre Evacuate Collection Set: 0.42ms
[1717.352s][info][gc,phases      ] GC(277)   Merge Heap Roots: 0.78ms
[1717.352s][info][gc,phases      ] GC(277)   Evacuate Collection Set: 131.76ms
[1717.352s][info][gc,phases      ] GC(277)   Post Evacuate Collection Set: 0.98ms
[1717.352s][info][gc,phases      ] GC(277)   Other: 0.09ms
[1717.352s][info][gc,heap        ] GC(277) Eden regions: 1111->0(1119)
[1717.352s][info][gc,heap        ] GC(277) Survivor regions: 109->109(153)
[1717.352s][info][gc,heap        ] GC(277) Old regions: 536->471
[1717.352s][info][gc,heap        ] GC(277) Humongous regions: 80->80
[1717.352s][info][gc,metaspace   ] GC(277) Metaspace: 28912K(29184K)->28912K(29184K) NonClass: 24028K(24128K)->24028K(24128K) Class: 4883K(5056K)->4883K(5056K)
[1717.352s][info][gc             ] GC(277) Pause Young (Mixed) (G1 Evacuation Pause) 3669M->1318M(4096M) 134.173ms
[1717.352s][info][gc,cpu         ] GC(277) User=0.80s Sys=0.00s Real=0.14s
........[1725.284s][info][gc,start       ] GC(278) Pause Young (Concurrent Start) (G1 Evacuation Pause)
[1725.285s][info][gc,task        ] GC(278) Using 6 workers of 6 for evacuation
[1725.403s][info][gc,phases      ] GC(278)   Pre Evacuate Collection Set: 0.40ms
[1725.403s][info][gc,phases      ] GC(278)   Merge Heap Roots: 0.57ms
[1725.403s][info][gc,phases      ] GC(278)   Evacuate Collection Set: 116.47ms
[1725.403s][info][gc,phases      ] GC(278)   Post Evacuate Collection Set: 0.95ms
[1725.403s][info][gc,phases      ] GC(278)   Other: 0.13ms
[1725.403s][info][gc,heap        ] GC(278) Eden regions: 1119->0(1120)
[1725.403s][info][gc,heap        ] GC(278) Survivor regions: 109->108(154)
[1725.403s][info][gc,heap        ] GC(278) Old regions: 471->503
[1725.403s][info][gc,heap        ] GC(278) Humongous regions: 80->80
[1725.403s][info][gc,metaspace   ] GC(278) Metaspace: 28912K(29184K)->28912K(29184K) NonClass: 24028K(24128K)->24028K(24128K) Class: 4883K(5056K)->4883K(5056K)
[1725.403s][info][gc             ] GC(278) Pause Young (Concurrent Start) (G1 Evacuation Pause) 3556M->1381M(4096M) 118.658ms
[1725.403s][info][gc             ] GC(279) Concurrent Mark Cycle
[1725.403s][info][gc,marking     ] GC(279) Concurrent Scan Root Regions
[1725.403s][info][gc,cpu         ] GC(278) User=0.71s Sys=0.00s Real=0.12s
[1725.530s][info][gc,marking     ] GC(279) Concurrent Scan Root Regions 126.501ms
[1725.530s][info][gc,marking     ] GC(279) Concurrent Mark
[1725.530s][info][gc,marking     ] GC(279) Concurrent Mark From Roots
[1725.530s][info][gc,task        ] GC(279) Using 2 workers of 2 for marking
.[1726.085s][info][gc,marking     ] GC(279) Concurrent Mark From Roots 555.687ms
[1726.085s][info][gc,marking     ] GC(279) Concurrent Preclean
[1726.085s][info][gc,marking     ] GC(279) Concurrent Preclean 0.062ms
[1726.086s][info][gc,start       ] GC(279) Pause Remark
[1726.089s][info][gc             ] GC(279) Pause Remark 1595M->1595M(4096M) 3.203ms
[1726.089s][info][gc,cpu         ] GC(279) User=0.01s Sys=0.00s Real=0.01s
[1726.089s][info][gc,marking     ] GC(279) Concurrent Mark 559.210ms
[1726.089s][info][gc,marking     ] GC(279) Concurrent Rebuild Remembered Sets and Scrub Regions
[1726.302s][info][gc,marking     ] GC(279) Concurrent Rebuild Remembered Sets and Scrub Regions 212.952ms
[1726.302s][info][gc,start       ] GC(279) Pause Cleanup
[1726.302s][info][gc             ] GC(279) Pause Cleanup 1655M->1655M(4096M) 0.127ms
[1726.302s][info][gc,cpu         ] GC(279) User=0.00s Sys=0.00s Real=0.00s
[1726.302s][info][gc,marking     ] GC(279) Concurrent Clear Claimed Marks
[1726.302s][info][gc,marking     ] GC(279) Concurrent Clear Claimed Marks 0.031ms
[1726.302s][info][gc,marking     ] GC(279) Concurrent Cleanup for Next Mark
[1726.306s][info][gc,marking     ] GC(279) Concurrent Cleanup for Next Mark 3.451ms
[1726.306s][info][gc             ] GC(279) Concurrent Mark Cycle 902.593ms
.......[1733.461s][info][gc,start       ] GC(280) Pause Young (Prepare Mixed) (G1 Evacuation Pause)
[1733.461s][info][gc,task        ] GC(280) Using 6 workers of 6 for evacuation
[1733.582s][info][gc,phases      ] GC(280)   Pre Evacuate Collection Set: 0.37ms
[1733.582s][info][gc,phases      ] GC(280)   Merge Heap Roots: 0.69ms
[1733.582s][info][gc,phases      ] GC(280)   Evacuate Collection Set: 118.19ms
[1733.582s][info][gc,phases      ] GC(280)   Post Evacuate Collection Set: 1.01ms
[1733.582s][info][gc,phases      ] GC(280)   Other: 0.09ms
[1733.582s][info][gc,heap        ] GC(280) Eden regions: 1120->0(1112)
[1733.582s][info][gc,heap        ] GC(280) Survivor regions: 108->109(154)
[1733.582s][info][gc,heap        ] GC(280) Old regions: 503->535
[1733.582s][info][gc,heap        ] GC(280) Humongous regions: 80->80
[1733.582s][info][gc,metaspace   ] GC(280) Metaspace: 28912K(29184K)->28912K(29184K) NonClass: 24029K(24128K)->24029K(24128K) Class: 4883K(5056K)->4883K(5056K)
[1733.582s][info][gc             ] GC(280) Pause Young (Prepare Mixed) (G1 Evacuation Pause) 3621M->1446M(4096M) 120.485ms
[1733.582s][info][gc,cpu         ] GC(280) User=0.71s Sys=0.00s Real=0.12s
........[1741.494s][info][gc,start       ] GC(281) Pause Young (Mixed) (G1 Evacuation Pause)
[1741.494s][info][gc,task        ] GC(281) Using 6 workers of 6 for evacuation
[1741.623s][info][gc,phases      ] GC(281)   Pre Evacuate Collection Set: 0.38ms
[1741.623s][info][gc,phases      ] GC(281)   Merge Heap Roots: 0.74ms
[1741.623s][info][gc,phases      ] GC(281)   Evacuate Collection Set: 127.24ms
[1741.623s][info][gc,phases      ] GC(281)   Post Evacuate Collection Set: 0.95ms
[1741.623s][info][gc,phases      ] GC(281)   Other: 0.09ms
[1741.623s][info][gc,heap        ] GC(281) Eden regions: 1112->0(1121)
[1741.623s][info][gc,heap        ] GC(281) Survivor regions: 109->107(153)
[1741.623s][info][gc,heap        ] GC(281) Old regions: 535->471
[1741.623s][info][gc,heap        ] GC(281) Humongous regions: 80->80
[1741.623s][info][gc,metaspace   ] GC(281) Metaspace: 28912K(29184K)->28912K(29184K) NonClass: 24029K(24128K)->24029K(24128K) Class: 4883K(5056K)->4883K(5056K)
[1741.623s][info][gc             ] GC(281) Pause Young (Mixed) (G1 Evacuation Pause) 3670M->1314M(4096M) 129.554ms
[1741.623s][info][gc,cpu         ] GC(281) User=0.77s Sys=0.00s Real=0.13s
........[1749.529s][info][gc,start       ] GC(282) Pause Young (Concurrent Start) (G1 Evacuation Pause)
[1749.529s][info][gc,task        ] GC(282) Using 6 workers of 6 for evacuation
[1749.648s][info][gc,phases      ] GC(282)   Pre Evacuate Collection Set: 0.38ms
[1749.648s][info][gc,phases      ] GC(282)   Merge Heap Roots: 0.54ms
[1749.648s][info][gc,phases      ] GC(282)   Evacuate Collection Set: 117.33ms
[1749.648s][info][gc,phases      ] GC(282)   Post Evacuate Collection Set: 0.89ms
[1749.648s][info][gc,phases      ] GC(282)   Other: 0.11ms
[1749.648s][info][gc,heap        ] GC(282) Eden regions: 1121->0(1119)
[1749.648s][info][gc,heap        ] GC(282) Survivor regions: 107->109(154)
[1749.648s][info][gc,heap        ] GC(282) Old regions: 471->503
[1749.648s][info][gc,heap        ] GC(282) Humongous regions: 80->80
[1749.648s][info][gc,metaspace   ] GC(282) Metaspace: 28912K(29184K)->28912K(29184K) NonClass: 24029K(24128K)->24029K(24128K) Class: 4883K(5056K)->4883K(5056K)
[1749.648s][info][gc             ] GC(282) Pause Young (Concurrent Start) (G1 Evacuation Pause) 3556M->1382M(4096M) 119.380ms
[1749.648s][info][gc             ] GC(283) Concurrent Mark Cycle
[1749.648s][info][gc,marking     ] GC(283) Concurrent Scan Root Regions
[1749.648s][info][gc,cpu         ] GC(282) User=0.72s Sys=0.00s Real=0.11s
.[1749.760s][info][gc,marking     ] GC(283) Concurrent Scan Root Regions 111.944ms
[1749.760s][info][gc,marking     ] GC(283) Concurrent Mark
[1749.760s][info][gc,marking     ] GC(283) Concurrent Mark From Roots
[1749.760s][info][gc,task        ] GC(283) Using 2 workers of 2 for marking
[1750.301s][info][gc,marking     ] GC(283) Concurrent Mark From Roots 541.086ms
[1750.301s][info][gc,marking     ] GC(283) Concurrent Preclean
[1750.301s][info][gc,marking     ] GC(283) Concurrent Preclean 0.056ms
[1750.301s][info][gc,start       ] GC(283) Pause Remark
[1750.305s][info][gc             ] GC(283) Pause Remark 1561M->1561M(4096M) 3.165ms
[1750.305s][info][gc,cpu         ] GC(283) User=0.02s Sys=0.00s Real=0.00s
[1750.305s][info][gc,marking     ] GC(283) Concurrent Mark 544.581ms
[1750.305s][info][gc,marking     ] GC(283) Concurrent Rebuild Remembered Sets and Scrub Regions
[1750.519s][info][gc,marking     ] GC(283) Concurrent Rebuild Remembered Sets and Scrub Regions 213.889ms
[1750.519s][info][gc,start       ] GC(283) Pause Cleanup
[1750.519s][info][gc             ] GC(283) Pause Cleanup 1616M->1616M(4096M) 0.122ms
[1750.519s][info][gc,cpu         ] GC(283) User=0.00s Sys=0.00s Real=0.00s
[1750.519s][info][gc,marking     ] GC(283) Concurrent Clear Claimed Marks
[1750.519s][info][gc,marking     ] GC(283) Concurrent Clear Claimed Marks 0.032ms
[1750.519s][info][gc,marking     ] GC(283) Concurrent Cleanup for Next Mark
[1750.522s][info][gc,marking     ] GC(283) Concurrent Cleanup for Next Mark 3.141ms
[1750.522s][info][gc             ] GC(283) Concurrent Mark Cycle 873.988ms
.......[1757.642s][info][gc,start       ] GC(284) Pause Young (Prepare Mixed) (G1 Evacuation Pause)
[1757.642s][info][gc,task        ] GC(284) Using 6 workers of 6 for evacuation
[1757.758s][info][gc,phases      ] GC(284)   Pre Evacuate Collection Set: 0.36ms
[1757.758s][info][gc,phases      ] GC(284)   Merge Heap Roots: 0.58ms
[1757.758s][info][gc,phases      ] GC(284)   Evacuate Collection Set: 113.85ms
[1757.758s][info][gc,phases      ] GC(284)   Post Evacuate Collection Set: 0.96ms
[1757.758s][info][gc,phases      ] GC(284)   Other: 0.09ms
[1757.758s][info][gc,heap        ] GC(284) Eden regions: 1119->0(1114)
[1757.758s][info][gc,heap        ] GC(284) Survivor regions: 109->108(154)
[1757.758s][info][gc,heap        ] GC(284) Old regions: 503->535
[1757.758s][info][gc,heap        ] GC(284) Humongous regions: 80->80
[1757.758s][info][gc,metaspace   ] GC(284) Metaspace: 28915K(29184K)->28915K(29184K) NonClass: 24032K(24128K)->24032K(24128K) Class: 4883K(5056K)->4883K(5056K)
[1757.758s][info][gc             ] GC(284) Pause Young (Prepare Mixed) (G1 Evacuation Pause) 3620M->1444M(4096M) 116.006ms
[1757.758s][info][gc,cpu         ] GC(284) User=0.69s Sys=0.00s Real=0.11s
........[1765.612s][info][gc,start       ] GC(285) Pause Young (Mixed) (G1 Evacuation Pause)
[1765.612s][info][gc,task        ] GC(285) Using 6 workers of 6 for evacuation
[1765.743s][info][gc,phases      ] GC(285)   Pre Evacuate Collection Set: 0.36ms
[1765.743s][info][gc,phases      ] GC(285)   Merge Heap Roots: 0.74ms
[1765.743s][info][gc,phases      ] GC(285)   Evacuate Collection Set: 129.57ms
[1765.743s][info][gc,phases      ] GC(285)   Post Evacuate Collection Set: 0.98ms
[1765.743s][info][gc,phases      ] GC(285)   Other: 0.09ms
[1765.743s][info][gc,heap        ] GC(285) Eden regions: 1114->0(1119)
[1765.743s][info][gc,heap        ] GC(285) Survivor regions: 108->109(153)
[1765.743s][info][gc,heap        ] GC(285) Old regions: 535->471
[1765.743s][info][gc,heap        ] GC(285) Humongous regions: 80->80
[1765.743s][info][gc,metaspace   ] GC(285) Metaspace: 28918K(29184K)->28918K(29184K) NonClass: 24035K(24128K)->24035K(24128K) Class: 4883K(5056K)->4883K(5056K)
[1765.743s][info][gc             ] GC(285) Pause Young (Mixed) (G1 Evacuation Pause) 3672M->1318M(4096M) 131.856ms
[1765.743s][info][gc,cpu         ] GC(285) User=0.79s Sys=0.00s Real=0.13s
.... (rIR:aIR:PR = 2352:2352:2352) (tPR = 34862) [OK] 
  1768s: Performance info:
         Transaction,    Success,    Partial,     Failed,   Receipts, AvgBarcode, 
             Overall,     141651,          0,          0,     134569,      59.49, 
         Response times:
             Request,    Success,    Partial,     Failed,   SkipFail,     Probes,    Samples,      min,      p50,      p90,      p95,      p99,      max, 
       TotalPurchase,     134569,          0,          0,          0,     131342,     143959,      300,     2100,     3200,     3600,     8000,   140000,
     InStorePurchase,      70810,          0,          0,          0,      69238,      75469,      300,     2200,     3300,     3700,     8800,   140000,
      OnlinePurchase,      49588,          0,          0,          0,      48523,      53394,      300,     1900,     3100,     3500,     7000,   139000,
        InstPurchase,      14171,          0,          0,          0,      13581,      15096,      400,     1800,     3200,     3600,     7509,   140000,
          AssocOfCat,        145,          0,          0,          0,        110,        159,    18100,    27000,    32000,    34000,    89800,   154000,
      AssocOfProduct,       1419,          0,          0,          0,       1232,       1465,      500,     2400,     3400,     3900,     7338,    35000,
      BusinessReport,        354,          0,          0,          0,        280,        386,    19200,    32000,    38000,    42650,    98560,   167000,
          CustBuyBeh,       1418,          0,          0,          0,       1285,       1560,      300,     2200,     3100,     3500,     8607,   123000,
       ProductReturn,       3746,          0,          0,          0,       3520,       4001,      200,     1900,     3100,     3400,     6800,   140000,

  1768s: (18%)   IR =   2491 ....[1773.475s][info][gc,start       ] GC(286) Pause Young (Concurrent Start) (G1 Evacuation Pause)
[1773.475s][info][gc,task        ] GC(286) Using 6 workers of 6 for evacuation
[1773.592s][info][gc,phases      ] GC(286)   Pre Evacuate Collection Set: 0.38ms
[1773.592s][info][gc,phases      ] GC(286)   Merge Heap Roots: 0.59ms
[1773.592s][info][gc,phases      ] GC(286)   Evacuate Collection Set: 114.91ms
[1773.592s][info][gc,phases      ] GC(286)   Post Evacuate Collection Set: 0.92ms
[1773.592s][info][gc,phases      ] GC(286)   Other: 0.11ms
[1773.592s][info][gc,heap        ] GC(286) Eden regions: 1119->0(1120)
[1773.592s][info][gc,heap        ] GC(286) Survivor regions: 109->108(154)
[1773.592s][info][gc,heap        ] GC(286) Old regions: 471->504
[1773.592s][info][gc,heap        ] GC(286) Humongous regions: 80->80
[1773.592s][info][gc,metaspace   ] GC(286) Metaspace: 28918K(29184K)->28918K(29184K) NonClass: 24035K(24128K)->24035K(24128K) Class: 4883K(5056K)->4883K(5056K)
[1773.593s][info][gc             ] GC(286) Pause Young (Concurrent Start) (G1 Evacuation Pause) 3556M->1381M(4096M) 117.065ms
[1773.593s][info][gc             ] GC(287) Concurrent Mark Cycle
[1773.593s][info][gc,marking     ] GC(287) Concurrent Scan Root Regions
[1773.593s][info][gc,cpu         ] GC(286) User=0.69s Sys=0.00s Real=0.12s
[1773.714s][info][gc,marking     ] GC(287) Concurrent Scan Root Regions 121.505ms
[1773.714s][info][gc,marking     ] GC(287) Concurrent Mark
[1773.714s][info][gc,marking     ] GC(287) Concurrent Mark From Roots
[1773.714s][info][gc,task        ] GC(287) Using 2 workers of 2 for marking
.[1774.270s][info][gc,marking     ] GC(287) Concurrent Mark From Roots 555.980ms
[1774.270s][info][gc,marking     ] GC(287) Concurrent Preclean
[1774.270s][info][gc,marking     ] GC(287) Concurrent Preclean 0.059ms
[1774.270s][info][gc,start       ] GC(287) Pause Remark
[1774.274s][info][gc             ] GC(287) Pause Remark 1627M->1627M(4096M) 3.258ms
[1774.274s][info][gc,cpu         ] GC(287) User=0.02s Sys=0.00s Real=0.00s
[1774.274s][info][gc,marking     ] GC(287) Concurrent Mark 559.542ms
[1774.274s][info][gc,marking     ] GC(287) Concurrent Rebuild Remembered Sets and Scrub Regions
[1774.494s][info][gc,marking     ] GC(287) Concurrent Rebuild Remembered Sets and Scrub Regions 219.931ms
[1774.494s][info][gc,start       ] GC(287) Pause Cleanup
[1774.494s][info][gc             ] GC(287) Pause Cleanup 1701M->1701M(4096M) 0.128ms
[1774.494s][info][gc,cpu         ] GC(287) User=0.00s Sys=0.00s Real=0.00s
[1774.494s][info][gc,marking     ] GC(287) Concurrent Clear Claimed Marks
[1774.494s][info][gc,marking     ] GC(287) Concurrent Clear Claimed Marks 0.030ms
[1774.494s][info][gc,marking     ] GC(287) Concurrent Cleanup for Next Mark
[1774.498s][info][gc,marking     ] GC(287) Concurrent Cleanup for Next Mark 4.087ms
[1774.498s][info][gc             ] GC(287) Concurrent Mark Cycle 905.544ms
.|......[1781.101s][info][gc,start       ] GC(288) Pause Young (Prepare Mixed) (G1 Evacuation Pause)
[1781.101s][info][gc,task        ] GC(288) Using 6 workers of 6 for evacuation
[1781.219s][info][gc,phases      ] GC(288)   Pre Evacuate Collection Set: 0.34ms
[1781.219s][info][gc,phases      ] GC(288)   Merge Heap Roots: 0.67ms
[1781.219s][info][gc,phases      ] GC(288)   Evacuate Collection Set: 116.18ms
[1781.219s][info][gc,phases      ] GC(288)   Post Evacuate Collection Set: 0.96ms
[1781.219s][info][gc,phases      ] GC(288)   Other: 0.09ms
[1781.219s][info][gc,heap        ] GC(288) Eden regions: 1120->0(1111)
[1781.219s][info][gc,heap        ] GC(288) Survivor regions: 108->109(154)
[1781.219s][info][gc,heap        ] GC(288) Old regions: 504->536
[1781.219s][info][gc,heap        ] GC(288) Humongous regions: 80->80
[1781.219s][info][gc,metaspace   ] GC(288) Metaspace: 28918K(29184K)->28918K(29184K) NonClass: 24035K(24128K)->24035K(24128K) Class: 4883K(5056K)->4883K(5056K)
[1781.219s][info][gc             ] GC(288) Pause Young (Prepare Mixed) (G1 Evacuation Pause) 3621M->1447M(4096M) 118.368ms
[1781.219s][info][gc,cpu         ] GC(288) User=0.71s Sys=0.00s Real=0.12s
.......[1788.671s][info][gc,start       ] GC(289) Pause Young (Mixed) (G1 Evacuation Pause)
[1788.671s][info][gc,task        ] GC(289) Using 6 workers of 6 for evacuation
[1788.801s][info][gc,phases      ] GC(289)   Pre Evacuate Collection Set: 0.37ms
[1788.801s][info][gc,phases      ] GC(289)   Merge Heap Roots: 0.74ms
[1788.801s][info][gc,phases      ] GC(289)   Evacuate Collection Set: 127.77ms
[1788.801s][info][gc,phases      ] GC(289)   Post Evacuate Collection Set: 0.97ms
[1788.801s][info][gc,phases      ] GC(289)   Other: 0.09ms
[1788.801s][info][gc,heap        ] GC(289) Eden regions: 1111->0(1119)
[1788.801s][info][gc,heap        ] GC(289) Survivor regions: 109->109(153)
[1788.801s][info][gc,heap        ] GC(289) Old regions: 536->470
[1788.801s][info][gc,heap        ] GC(289) Humongous regions: 80->80
[1788.801s][info][gc,metaspace   ] GC(289) Metaspace: 28918K(29184K)->28918K(29184K) NonClass: 24035K(24128K)->24035K(24128K) Class: 4883K(5056K)->4883K(5056K)
[1788.801s][info][gc             ] GC(289) Pause Young (Mixed) (G1 Evacuation Pause) 3669M->1317M(4096M) 130.108ms
[1788.801s][info][gc,cpu         ] GC(289) User=0.77s Sys=0.00s Real=0.13s
........[1796.286s][info][gc,start       ] GC(290) Pause Young (Concurrent Start) (G1 Evacuation Pause)
[1796.286s][info][gc,task        ] GC(290) Using 6 workers of 6 for evacuation
[1796.405s][info][gc,phases      ] GC(290)   Pre Evacuate Collection Set: 0.41ms
[1796.405s][info][gc,phases      ] GC(290)   Merge Heap Roots: 0.56ms
[1796.405s][info][gc,phases      ] GC(290)   Evacuate Collection Set: 117.83ms
[1796.405s][info][gc,phases      ] GC(290)   Post Evacuate Collection Set: 0.93ms
[1796.405s][info][gc,phases      ] GC(290)   Other: 0.13ms
[1796.405s][info][gc,heap        ] GC(290) Eden regions: 1119->0(1119)
[1796.405s][info][gc,heap        ] GC(290) Survivor regions: 109->109(154)
[1796.405s][info][gc,heap        ] GC(290) Old regions: 470->502
[1796.405s][info][gc,heap        ] GC(290) Humongous regions: 80->80
[1796.405s][info][gc,metaspace   ] GC(290) Metaspace: 28921K(29184K)->28921K(29184K) NonClass: 24037K(24128K)->24037K(24128K) Class: 4883K(5056K)->4883K(5056K)
[1796.406s][info][gc             ] GC(290) Pause Young (Concurrent Start) (G1 Evacuation Pause) 3555M->1381M(4096M) 119.988ms
[1796.406s][info][gc             ] GC(291) Concurrent Mark Cycle
[1796.406s][info][gc,cpu         ] GC(290) User=0.71s Sys=0.00s Real=0.12s
[1796.406s][info][gc,marking     ] GC(291) Concurrent Scan Root Regions
[1796.533s][info][gc,marking     ] GC(291) Concurrent Scan Root Regions 126.957ms
[1796.533s][info][gc,marking     ] GC(291) Concurrent Mark
[1796.533s][info][gc,marking     ] GC(291) Concurrent Mark From Roots
[1796.533s][info][gc,task        ] GC(291) Using 2 workers of 2 for marking
.[1797.080s][info][gc,marking     ] GC(291) Concurrent Mark From Roots 547.754ms
[1797.080s][info][gc,marking     ] GC(291) Concurrent Preclean
[1797.080s][info][gc,marking     ] GC(291) Concurrent Preclean 0.063ms
[1797.081s][info][gc,start       ] GC(291) Pause Remark
[1797.084s][info][gc             ] GC(291) Pause Remark 1613M->1613M(4096M) 3.142ms
[1797.084s][info][gc,cpu         ] GC(291) User=0.02s Sys=0.00s Real=0.00s
[1797.084s][info][gc,marking     ] GC(291) Concurrent Mark 551.207ms
[1797.084s][info][gc,marking     ] GC(291) Concurrent Rebuild Remembered Sets and Scrub Regions
[1797.305s][info][gc,marking     ] GC(291) Concurrent Rebuild Remembered Sets and Scrub Regions 221.294ms
[1797.305s][info][gc,start       ] GC(291) Pause Cleanup
[1797.305s][info][gc             ] GC(291) Pause Cleanup 1672M->1672M(4096M) 0.126ms
[1797.305s][info][gc,cpu         ] GC(291) User=0.00s Sys=0.00s Real=0.00s
[1797.305s][info][gc,marking     ] GC(291) Concurrent Clear Claimed Marks
[1797.305s][info][gc,marking     ] GC(291) Concurrent Clear Claimed Marks 0.033ms
[1797.305s][info][gc,marking     ] GC(291) Concurrent Cleanup for Next Mark
[1797.309s][info][gc,marking     ] GC(291) Concurrent Cleanup for Next Mark 3.176ms
[1797.309s][info][gc             ] GC(291) Concurrent Mark Cycle 903.156ms
.......[1803.884s][info][gc,start       ] GC(292) Pause Young (Prepare Mixed) (G1 Evacuation Pause)
[1803.884s][info][gc,task        ] GC(292) Using 6 workers of 6 for evacuation
[1804.003s][info][gc,phases      ] GC(292)   Pre Evacuate Collection Set: 0.35ms
[1804.003s][info][gc,phases      ] GC(292)   Merge Heap Roots: 0.66ms
[1804.003s][info][gc,phases      ] GC(292)   Evacuate Collection Set: 116.99ms
[1804.003s][info][gc,phases      ] GC(292)   Post Evacuate Collection Set: 0.96ms
[1804.003s][info][gc,phases      ] GC(292)   Other: 0.09ms
[1804.003s][info][gc,heap        ] GC(292) Eden regions: 1119->0(1110)
[1804.003s][info][gc,heap        ] GC(292) Survivor regions: 109->110(154)
[1804.003s][info][gc,heap        ] GC(292) Old regions: 502->535
[1804.003s][info][gc,heap        ] GC(292) Humongous regions: 80->80
[1804.003s][info][gc,metaspace   ] GC(292) Metaspace: 28921K(29184K)->28921K(29184K) NonClass: 24038K(24128K)->24038K(24128K) Class: 4883K(5056K)->4883K(5056K)
[1804.003s][info][gc             ] GC(292) Pause Young (Prepare Mixed) (G1 Evacuation Pause) 3619M->1447M(4096M) 119.192ms
[1804.003s][info][gc,cpu         ] GC(292) User=0.71s Sys=0.00s Real=0.12s
.......[1811.436s][info][gc,start       ] GC(293) Pause Young (Mixed) (G1 Evacuation Pause)
[1811.436s][info][gc,task        ] GC(293) Using 6 workers of 6 for evacuation
[1811.575s][info][gc,phases      ] GC(293)   Pre Evacuate Collection Set: 0.40ms
[1811.575s][info][gc,phases      ] GC(293)   Merge Heap Roots: 0.98ms
[1811.575s][info][gc,phases      ] GC(293)   Evacuate Collection Set: 135.77ms
[1811.575s][info][gc,phases      ] GC(293)   Post Evacuate Collection Set: 1.00ms
[1811.575s][info][gc,phases      ] GC(293)   Other: 0.10ms
[1811.575s][info][gc,heap        ] GC(293) Eden regions: 1110->0(1119)
[1811.575s][info][gc,heap        ] GC(293) Survivor regions: 110->109(153)
[1811.575s][info][gc,heap        ] GC(293) Old regions: 535->471
[1811.575s][info][gc,heap        ] GC(293) Humongous regions: 80->80
[1811.575s][info][gc,metaspace   ] GC(293) Metaspace: 28921K(29184K)->28921K(29184K) NonClass: 24038K(24128K)->24038K(24128K) Class: 4883K(5056K)->4883K(5056K)
[1811.575s][info][gc             ] GC(293) Pause Young (Mixed) (G1 Evacuation Pause) 3667M->1319M(4096M) 138.398ms
[1811.575s][info][gc,cpu         ] GC(293) User=0.83s Sys=0.00s Real=0.14s
........[1819.053s][info][gc,start       ] GC(294) Pause Young (Concurrent Start) (G1 Evacuation Pause)
[1819.053s][info][gc,task        ] GC(294) Using 6 workers of 6 for evacuation
[1819.172s][info][gc,phases      ] GC(294)   Pre Evacuate Collection Set: 0.42ms
[1819.172s][info][gc,phases      ] GC(294)   Merge Heap Roots: 0.62ms
[1819.172s][info][gc,phases      ] GC(294)   Evacuate Collection Set: 117.00ms
[1819.172s][info][gc,phases      ] GC(294)   Post Evacuate Collection Set: 0.95ms
[1819.172s][info][gc,phases      ] GC(294)   Other: 0.12ms
[1819.172s][info][gc,heap        ] GC(294) Eden regions: 1119->0(1118)
[1819.172s][info][gc,heap        ] GC(294) Survivor regions: 109->110(154)
[1819.172s][info][gc,heap        ] GC(294) Old regions: 471->503
[1819.172s][info][gc,heap        ] GC(294) Humongous regions: 80->80
[1819.172s][info][gc,metaspace   ] GC(294) Metaspace: 28921K(29184K)->28921K(29184K) NonClass: 24038K(24128K)->24038K(24128K) Class: 4883K(5056K)->4883K(5056K)
[1819.172s][info][gc             ] GC(294) Pause Young (Concurrent Start) (G1 Evacuation Pause) 3557M->1385M(4096M) 119.261ms
[1819.172s][info][gc             ] GC(295) Concurrent Mark Cycle
[1819.172s][info][gc,marking     ] GC(295) Concurrent Scan Root Regions
[1819.172s][info][gc,cpu         ] GC(294) User=0.71s Sys=0.00s Real=0.12s
[1819.310s][info][gc,marking     ] GC(295) Concurrent Scan Root Regions 138.048ms
[1819.310s][info][gc,marking     ] GC(295) Concurrent Mark
[1819.310s][info][gc,marking     ] GC(295) Concurrent Mark From Roots
[1819.310s][info][gc,task        ] GC(295) Using 2 workers of 2 for marking
.[1819.824s][info][gc,marking     ] GC(295) Concurrent Mark From Roots 513.042ms
[1819.824s][info][gc,marking     ] GC(295) Concurrent Preclean
[1819.824s][info][gc,marking     ] GC(295) Concurrent Preclean 0.046ms
[1819.824s][info][gc,start       ] GC(295) Pause Remark
[1819.827s][info][gc             ] GC(295) Pause Remark 1614M->1614M(4096M) 3.114ms
[1819.827s][info][gc,cpu         ] GC(295) User=0.01s Sys=0.00s Real=0.00s
[1819.827s][info][gc,marking     ] GC(295) Concurrent Mark 516.431ms
[1819.827s][info][gc,marking     ] GC(295) Concurrent Rebuild Remembered Sets and Scrub Regions
[1820.032s][info][gc,marking     ] GC(295) Concurrent Rebuild Remembered Sets and Scrub Regions 204.884ms
[1820.032s][info][gc,start       ] GC(295) Pause Cleanup
[1820.032s][info][gc             ] GC(295) Pause Cleanup 1676M->1676M(4096M) 0.123ms
[1820.032s][info][gc,cpu         ] GC(295) User=0.00s Sys=0.00s Real=0.00s
[1820.032s][info][gc,marking     ] GC(295) Concurrent Clear Claimed Marks
[1820.032s][info][gc,marking     ] GC(295) Concurrent Clear Claimed Marks 0.035ms
[1820.032s][info][gc,marking     ] GC(295) Concurrent Cleanup for Next Mark
[1820.035s][info][gc,marking     ] GC(295) Concurrent Cleanup for Next Mark 3.246ms
[1820.035s][info][gc             ] GC(295) Concurrent Mark Cycle 863.107ms
......[1826.670s][info][gc,start       ] GC(296) Pause Young (Prepare Mixed) (G1 Evacuation Pause)
[1826.670s][info][gc,task        ] GC(296) Using 6 workers of 6 for evacuation
[1826.793s][info][gc,phases      ] GC(296)   Pre Evacuate Collection Set: 0.37ms
[1826.793s][info][gc,phases      ] GC(296)   Merge Heap Roots: 0.71ms
[1826.793s][info][gc,phases      ] GC(296)   Evacuate Collection Set: 120.94ms
[1826.793s][info][gc,phases      ] GC(296)   Post Evacuate Collection Set: 0.94ms
[1826.793s][info][gc,phases      ] GC(296)   Other: 0.11ms
[1826.793s][info][gc,heap        ] GC(296) Eden regions: 1118->0(1108)
[1826.793s][info][gc,heap        ] GC(296) Survivor regions: 110->111(154)
[1826.793s][info][gc,heap        ] GC(296) Old regions: 503->535
[1826.793s][info][gc,heap        ] GC(296) Humongous regions: 80->80
[1826.793s][info][gc,metaspace   ] GC(296) Metaspace: 28921K(29184K)->28921K(29184K) NonClass: 24038K(24128K)->24038K(24128K) Class: 4883K(5056K)->4883K(5056K)
[1826.793s][info][gc             ] GC(296) Pause Young (Prepare Mixed) (G1 Evacuation Pause) 3621M->1451M(4096M) 123.200ms
[1826.793s][info][gc,cpu         ] GC(296) User=0.73s Sys=0.00s Real=0.12s
........[1834.173s][info][gc,start       ] GC(297) Pause Young (Mixed) (G1 Evacuation Pause)
[1834.173s][info][gc,task        ] GC(297) Using 6 workers of 6 for evacuation
[1834.305s][info][gc,phases      ] GC(297)   Pre Evacuate Collection Set: 0.41ms
[1834.305s][info][gc,phases      ] GC(297)   Merge Heap Roots: 0.76ms
[1834.305s][info][gc,phases      ] GC(297)   Evacuate Collection Set: 129.49ms
[1834.305s][info][gc,phases      ] GC(297)   Post Evacuate Collection Set: 0.99ms
[1834.305s][info][gc,phases      ] GC(297)   Other: 0.09ms
[1834.305s][info][gc,heap        ] GC(297) Eden regions: 1108->0(1120)
[1834.305s][info][gc,heap        ] GC(297) Survivor regions: 111->108(153)
[1834.305s][info][gc,heap        ] GC(297) Old regions: 535->472
[1834.305s][info][gc,heap        ] GC(297) Humongous regions: 80->80
[1834.305s][info][gc,metaspace   ] GC(297) Metaspace: 28921K(29184K)->28921K(29184K) NonClass: 24038K(24128K)->24038K(24128K) Class: 4883K(5056K)->4883K(5056K)
[1834.305s][info][gc             ] GC(297) Pause Young (Mixed) (G1 Evacuation Pause) 3667M->1317M(4096M) 131.887ms
[1834.305s][info][gc,cpu         ] GC(297) User=0.78s Sys=0.00s Real=0.13s
. (rIR:aIR:PR = 2491:2492:2492) (tPR = 37101) [OK] 
  1834s: Performance info:
         Transaction,    Success,    Partial,     Failed,   Receipts, AvgBarcode, 
             Overall,     149613,          0,          0,     142143,      59.47, 
         Response times:
             Request,    Success,    Partial,     Failed,   SkipFail,     Probes,    Samples,      min,      p50,      p90,      p95,      p99,      max, 
       TotalPurchase,     142143,          0,          0,          0,     138736,     153894,      300,     2200,     3500,     4100,    17900,   179000,
     InStorePurchase,      74824,          0,          0,          0,      73030,      80691,      300,     2200,     3500,     4100,    18500,   136000,
      OnlinePurchase,      52358,          0,          0,          0,      51251,      56876,      300,     2100,     3400,     4000,    16000,   179000,
        InstPurchase,      14961,          0,          0,          0,      14455,      16327,      400,     2400,     3600,     4200,    21000,   135000,
          AssocOfCat,        149,          0,          0,          0,        111,        171,    18100,    27000,    33800,    37800,    74680,    79000,
      AssocOfProduct,       1493,          0,          0,          0,       1303,       1554,      600,     1800,     2800,     3200,    11800,   122000,
      BusinessReport,        372,          0,          0,          0,        281,        372,    19400,    32000,    42000,    55700,   145940,   183000,
          CustBuyBeh,       1495,          0,          0,          0,       1334,       1609,      200,     1400,     3200,     3600,    23000,   128000,
       ProductReturn,       3961,          0,          0,          0,       3724,       4292,      200,     2300,     3400,     3900,    18442,   135000,

  1834s: (19%)   IR =   2629 ......|[1841.434s][info][gc,start       ] GC(298) Pause Young (Concurrent Start) (G1 Evacuation Pause)
[1841.434s][info][gc,task        ] GC(298) Using 6 workers of 6 for evacuation
[1841.550s][info][gc,phases      ] GC(298)   Pre Evacuate Collection Set: 0.44ms
[1841.550s][info][gc,phases      ] GC(298)   Merge Heap Roots: 0.54ms
[1841.550s][info][gc,phases      ] GC(298)   Evacuate Collection Set: 114.29ms
[1841.550s][info][gc,phases      ] GC(298)   Post Evacuate Collection Set: 0.92ms
[1841.550s][info][gc,phases      ] GC(298)   Other: 0.13ms
[1841.550s][info][gc,heap        ] GC(298) Eden regions: 1120->0(1120)
[1841.550s][info][gc,heap        ] GC(298) Survivor regions: 108->108(154)
[1841.550s][info][gc,heap        ] GC(298) Old regions: 472->504
[1841.550s][info][gc,heap        ] GC(298) Humongous regions: 80->80
[1841.550s][info][gc,metaspace   ] GC(298) Metaspace: 28921K(29184K)->28921K(29184K) NonClass: 24038K(24128K)->24038K(24128K) Class: 4883K(5056K)->4883K(5056K)
[1841.550s][info][gc             ] GC(298) Pause Young (Concurrent Start) (G1 Evacuation Pause) 3557M->1383M(4096M) 116.465ms
[1841.550s][info][gc             ] GC(299) Concurrent Mark Cycle
[1841.550s][info][gc,marking     ] GC(299) Concurrent Scan Root Regions
[1841.550s][info][gc,cpu         ] GC(298) User=0.69s Sys=0.00s Real=0.12s
[1841.668s][info][gc,marking     ] GC(299) Concurrent Scan Root Regions 118.097ms
[1841.668s][info][gc,marking     ] GC(299) Concurrent Mark
[1841.668s][info][gc,marking     ] GC(299) Concurrent Mark From Roots
[1841.668s][info][gc,task        ] GC(299) Using 2 workers of 2 for marking
.[1842.231s][info][gc,marking     ] GC(299) Concurrent Mark From Roots 562.293ms
[1842.231s][info][gc,marking     ] GC(299) Concurrent Preclean
[1842.231s][info][gc,marking     ] GC(299) Concurrent Preclean 0.075ms
[1842.231s][info][gc,start       ] GC(299) Pause Remark
[1842.234s][info][gc             ] GC(299) Pause Remark 1611M->1611M(4096M) 3.303ms
[1842.234s][info][gc,cpu         ] GC(299) User=0.02s Sys=0.00s Real=0.00s
[1842.234s][info][gc,marking     ] GC(299) Concurrent Mark 565.922ms
[1842.234s][info][gc,marking     ] GC(299) Concurrent Rebuild Remembered Sets and Scrub Regions
[1842.475s][info][gc,marking     ] GC(299) Concurrent Rebuild Remembered Sets and Scrub Regions 240.816ms
[1842.475s][info][gc,start       ] GC(299) Pause Cleanup
[1842.475s][info][gc             ] GC(299) Pause Cleanup 1693M->1693M(4096M) 0.117ms
[1842.475s][info][gc,cpu         ] GC(299) User=0.00s Sys=0.00s Real=0.00s
[1842.475s][info][gc,marking     ] GC(299) Concurrent Clear Claimed Marks
[1842.475s][info][gc,marking     ] GC(299) Concurrent Clear Claimed Marks 0.033ms
[1842.475s][info][gc,marking     ] GC(299) Concurrent Cleanup for Next Mark
[1842.479s][info][gc,marking     ] GC(299) Concurrent Cleanup for Next Mark 3.904ms
[1842.479s][info][gc             ] GC(299) Concurrent Mark Cycle 929.211ms
......[1848.683s][info][gc,start       ] GC(300) Pause Young (Prepare Mixed) (G1 Evacuation Pause)
[1848.683s][info][gc,task        ] GC(300) Using 6 workers of 6 for evacuation
[1848.803s][info][gc,phases      ] GC(300)   Pre Evacuate Collection Set: 0.37ms
[1848.803s][info][gc,phases      ] GC(300)   Merge Heap Roots: 0.65ms
[1848.803s][info][gc,phases      ] GC(300)   Evacuate Collection Set: 117.89ms
[1848.803s][info][gc,phases      ] GC(300)   Post Evacuate Collection Set: 0.94ms
[1848.803s][info][gc,phases      ] GC(300)   Other: 0.08ms
[1848.803s][info][gc,heap        ] GC(300) Eden regions: 1120->0(1113)
[1848.803s][info][gc,heap        ] GC(300) Survivor regions: 108->108(154)
[1848.803s][info][gc,heap        ] GC(300) Old regions: 504->536
[1848.803s][info][gc,heap        ] GC(300) Humongous regions: 80->80
[1848.803s][info][gc,metaspace   ] GC(300) Metaspace: 28921K(29184K)->28921K(29184K) NonClass: 24038K(24128K)->24038K(24128K) Class: 4883K(5056K)->4883K(5056K)
[1848.803s][info][gc             ] GC(300) Pause Young (Prepare Mixed) (G1 Evacuation Pause) 3623M->1447M(4096M) 120.076ms
[1848.804s][info][gc,cpu         ] GC(300) User=0.71s Sys=0.00s Real=0.12s
........[1855.915s][info][gc,start       ] GC(301) Pause Young (Mixed) (G1 Evacuation Pause)
[1855.915s][info][gc,task        ] GC(301) Using 6 workers of 6 for evacuation
[1856.048s][info][gc,phases      ] GC(301)   Pre Evacuate Collection Set: 0.38ms
[1856.048s][info][gc,phases      ] GC(301)   Merge Heap Roots: 0.77ms
[1856.048s][info][gc,phases      ] GC(301)   Evacuate Collection Set: 131.06ms
[1856.048s][info][gc,phases      ] GC(301)   Post Evacuate Collection Set: 0.98ms
[1856.048s][info][gc,phases      ] GC(301)   Other: 0.10ms
[1856.048s][info][gc,heap        ] GC(301) Eden regions: 1113->0(1119)
[1856.048s][info][gc,heap        ] GC(301) Survivor regions: 108->109(153)
[1856.048s][info][gc,heap        ] GC(301) Old regions: 536->472
[1856.048s][info][gc,heap        ] GC(301) Humongous regions: 80->80
[1856.048s][info][gc,metaspace   ] GC(301) Metaspace: 28921K(29184K)->28921K(29184K) NonClass: 24038K(24128K)->24038K(24128K) Class: 4883K(5056K)->4883K(5056K)
[1856.048s][info][gc             ] GC(301) Pause Young (Mixed) (G1 Evacuation Pause) 3673M->1319M(4096M) 133.425ms
[1856.048s][info][gc,cpu         ] GC(301) User=0.80s Sys=0.00s Real=0.13s
.......[1863.125s][info][gc,start       ] GC(302) Pause Young (Concurrent Start) (G1 Evacuation Pause)
[1863.125s][info][gc,task        ] GC(302) Using 6 workers of 6 for evacuation
[1863.242s][info][gc,phases      ] GC(302)   Pre Evacuate Collection Set: 0.40ms
[1863.242s][info][gc,phases      ] GC(302)   Merge Heap Roots: 0.50ms
[1863.242s][info][gc,phases      ] GC(302)   Evacuate Collection Set: 114.87ms
[1863.242s][info][gc,phases      ] GC(302)   Post Evacuate Collection Set: 0.91ms
[1863.242s][info][gc,phases      ] GC(302)   Other: 0.13ms
[1863.242s][info][gc,heap        ] GC(302) Eden regions: 1119->0(1119)
[1863.242s][info][gc,heap        ] GC(302) Survivor regions: 109->109(154)
[1863.242s][info][gc,heap        ] GC(302) Old regions: 472->504
[1863.242s][info][gc,heap        ] GC(302) Humongous regions: 80->80
[1863.242s][info][gc,metaspace   ] GC(302) Metaspace: 28921K(29184K)->28921K(29184K) NonClass: 24038K(24128K)->24038K(24128K) Class: 4883K(5056K)->4883K(5056K)
[1863.242s][info][gc             ] GC(302) Pause Young (Concurrent Start) (G1 Evacuation Pause) 3557M->1383M(4096M) 116.942ms
[1863.242s][info][gc             ] GC(303) Concurrent Mark Cycle
[1863.242s][info][gc,marking     ] GC(303) Concurrent Scan Root Regions
[1863.242s][info][gc,cpu         ] GC(302) User=0.69s Sys=0.00s Real=0.12s
[1863.369s][info][gc,marking     ] GC(303) Concurrent Scan Root Regions 127.035ms
[1863.369s][info][gc,marking     ] GC(303) Concurrent Mark
[1863.369s][info][gc,marking     ] GC(303) Concurrent Mark From Roots
[1863.369s][info][gc,task        ] GC(303) Using 2 workers of 2 for marking
.[1864.005s][info][gc,marking     ] GC(303) Concurrent Mark From Roots 636.409ms
[1864.005s][info][gc,marking     ] GC(303) Concurrent Preclean
[1864.005s][info][gc,marking     ] GC(303) Concurrent Preclean 0.046ms
[1864.005s][info][gc,start       ] GC(303) Pause Remark
[1864.009s][info][gc             ] GC(303) Pause Remark 1645M->1645M(4096M) 3.142ms
[1864.009s][info][gc,cpu         ] GC(303) User=0.01s Sys=0.00s Real=0.01s
[1864.009s][info][gc,marking     ] GC(303) Concurrent Mark 639.861ms
[1864.009s][info][gc,marking     ] GC(303) Concurrent Rebuild Remembered Sets and Scrub Regions
[1864.262s][info][gc,marking     ] GC(303) Concurrent Rebuild Remembered Sets and Scrub Regions 253.239ms
[1864.262s][info][gc,start       ] GC(303) Pause Cleanup
[1864.262s][info][gc             ] GC(303) Pause Cleanup 1767M->1767M(4096M) 0.131ms
[1864.262s][info][gc,cpu         ] GC(303) User=0.00s Sys=0.00s Real=0.00s
[1864.262s][info][gc,marking     ] GC(303) Concurrent Clear Claimed Marks
[1864.262s][info][gc,marking     ] GC(303) Concurrent Clear Claimed Marks 0.032ms
[1864.262s][info][gc,marking     ] GC(303) Concurrent Cleanup for Next Mark
[1864.266s][info][gc,marking     ] GC(303) Concurrent Cleanup for Next Mark 3.494ms
[1864.266s][info][gc             ] GC(303) Concurrent Mark Cycle 1024.083ms
......[1870.315s][info][gc,start       ] GC(304) Pause Young (Prepare Mixed) (G1 Evacuation Pause)
[1870.315s][info][gc,task        ] GC(304) Using 6 workers of 6 for evacuation
[1870.432s][info][gc,phases      ] GC(304)   Pre Evacuate Collection Set: 0.32ms
[1870.432s][info][gc,phases      ] GC(304)   Merge Heap Roots: 0.55ms
[1870.432s][info][gc,phases      ] GC(304)   Evacuate Collection Set: 115.83ms
[1870.432s][info][gc,phases      ] GC(304)   Post Evacuate Collection Set: 0.95ms
[1870.432s][info][gc,phases      ] GC(304)   Other: 0.09ms
[1870.432s][info][gc,heap        ] GC(304) Eden regions: 1119->0(1109)
[1870.432s][info][gc,heap        ] GC(304) Survivor regions: 109->110(154)
[1870.432s][info][gc,heap        ] GC(304) Old regions: 504->536
[1870.432s][info][gc,heap        ] GC(304) Humongous regions: 80->80
[1870.432s][info][gc,metaspace   ] GC(304) Metaspace: 28921K(29184K)->28921K(29184K) NonClass: 24038K(24128K)->24038K(24128K) Class: 4883K(5056K)->4883K(5056K)
[1870.432s][info][gc             ] GC(304) Pause Young (Prepare Mixed) (G1 Evacuation Pause) 3621M->1450M(4096M) 117.873ms
[1870.433s][info][gc,cpu         ] GC(304) User=0.70s Sys=0.00s Real=0.12s
.......[1877.482s][info][gc,start       ] GC(305) Pause Young (Mixed) (G1 Evacuation Pause)
[1877.482s][info][gc,task        ] GC(305) Using 6 workers of 6 for evacuation
[1877.614s][info][gc,phases      ] GC(305)   Pre Evacuate Collection Set: 0.38ms
[1877.614s][info][gc,phases      ] GC(305)   Merge Heap Roots: 0.83ms
[1877.614s][info][gc,phases      ] GC(305)   Evacuate Collection Set: 130.19ms
[1877.614s][info][gc,phases      ] GC(305)   Post Evacuate Collection Set: 0.95ms
[1877.614s][info][gc,phases      ] GC(305)   Other: 0.09ms
[1877.614s][info][gc,heap        ] GC(305) Eden regions: 1109->0(1120)
[1877.614s][info][gc,heap        ] GC(305) Survivor regions: 110->108(153)
[1877.614s][info][gc,heap        ] GC(305) Old regions: 536->472
[1877.614s][info][gc,heap        ] GC(305) Humongous regions: 80->80
[1877.614s][info][gc,metaspace   ] GC(305) Metaspace: 28921K(29184K)->28921K(29184K) NonClass: 24038K(24128K)->24038K(24128K) Class: 4883K(5056K)->4883K(5056K)
[1877.614s][info][gc             ] GC(305) Pause Young (Mixed) (G1 Evacuation Pause) 3668M->1318M(4096M) 132.565ms
[1877.614s][info][gc,cpu         ] GC(305) User=0.79s Sys=0.00s Real=0.13s
.......[1884.731s][info][gc,start       ] GC(306) Pause Young (Concurrent Start) (G1 Evacuation Pause)
[1884.731s][info][gc,task        ] GC(306) Using 6 workers of 6 for evacuation
[1884.850s][info][gc,phases      ] GC(306)   Pre Evacuate Collection Set: 0.37ms
[1884.850s][info][gc,phases      ] GC(306)   Merge Heap Roots: 0.51ms
[1884.850s][info][gc,phases      ] GC(306)   Evacuate Collection Set: 116.29ms
[1884.850s][info][gc,phases      ] GC(306)   Post Evacuate Collection Set: 0.92ms
[1884.850s][info][gc,phases      ] GC(306)   Other: 0.10ms
[1884.850s][info][gc,heap        ] GC(306) Eden regions: 1120->0(1119)
[1884.850s][info][gc,heap        ] GC(306) Survivor regions: 108->109(154)
[1884.850s][info][gc,heap        ] GC(306) Old regions: 472->504
[1884.850s][info][gc,heap        ] GC(306) Humongous regions: 80->80
[1884.850s][info][gc,metaspace   ] GC(306) Metaspace: 28921K(29184K)->28921K(29184K) NonClass: 24038K(24128K)->24038K(24128K) Class: 4883K(5056K)->4883K(5056K)
[1884.850s][info][gc             ] GC(306) Pause Young (Concurrent Start) (G1 Evacuation Pause) 3558M->1385M(4096M) 118.316ms
[1884.850s][info][gc             ] GC(307) Concurrent Mark Cycle
[1884.850s][info][gc,marking     ] GC(307) Concurrent Scan Root Regions
[1884.850s][info][gc,cpu         ] GC(306) User=0.70s Sys=0.00s Real=0.12s
.[1885.010s][info][gc,marking     ] GC(307) Concurrent Scan Root Regions 159.786ms
[1885.010s][info][gc,marking     ] GC(307) Concurrent Mark
[1885.010s][info][gc,marking     ] GC(307) Concurrent Mark From Roots
[1885.010s][info][gc,task        ] GC(307) Using 2 workers of 2 for marking
[1885.630s][info][gc,marking     ] GC(307) Concurrent Mark From Roots 620.015ms
[1885.630s][info][gc,marking     ] GC(307) Concurrent Preclean
[1885.630s][info][gc,marking     ] GC(307) Concurrent Preclean 0.048ms
[1885.630s][info][gc,start       ] GC(307) Pause Remark
[1885.633s][info][gc             ] GC(307) Pause Remark 1687M->1687M(4096M) 3.128ms
[1885.633s][info][gc,cpu         ] GC(307) User=0.02s Sys=0.00s Real=0.00s
[1885.633s][info][gc,marking     ] GC(307) Concurrent Mark 623.450ms
[1885.633s][info][gc,marking     ] GC(307) Concurrent Rebuild Remembered Sets and Scrub Regions
[1885.856s][info][gc,marking     ] GC(307) Concurrent Rebuild Remembered Sets and Scrub Regions 223.116ms
[1885.856s][info][gc,start       ] GC(307) Pause Cleanup
[1885.856s][info][gc             ] GC(307) Pause Cleanup 1750M->1750M(4096M) 0.129ms
[1885.856s][info][gc,cpu         ] GC(307) User=0.00s Sys=0.00s Real=0.00s
[1885.857s][info][gc,marking     ] GC(307) Concurrent Clear Claimed Marks
[1885.857s][info][gc,marking     ] GC(307) Concurrent Clear Claimed Marks 0.025ms
[1885.857s][info][gc,marking     ] GC(307) Concurrent Cleanup for Next Mark
[1885.860s][info][gc,marking     ] GC(307) Concurrent Cleanup for Next Mark 3.170ms
[1885.860s][info][gc             ] GC(307) Concurrent Mark Cycle 1009.946ms
......[1891.848s][info][gc,start       ] GC(308) Pause Young (Prepare Mixed) (G1 Evacuation Pause)
[1891.848s][info][gc,task        ] GC(308) Using 6 workers of 6 for evacuation
[1891.965s][info][gc,phases      ] GC(308)   Pre Evacuate Collection Set: 0.36ms
[1891.965s][info][gc,phases      ] GC(308)   Merge Heap Roots: 0.58ms
[1891.965s][info][gc,phases      ] GC(308)   Evacuate Collection Set: 115.06ms
[1891.965s][info][gc,phases      ] GC(308)   Post Evacuate Collection Set: 0.99ms
[1891.965s][info][gc,phases      ] GC(308)   Other: 0.09ms
[1891.965s][info][gc,heap        ] GC(308) Eden regions: 1119->0(1111)
[1891.965s][info][gc,heap        ] GC(308) Survivor regions: 109->109(154)
[1891.965s][info][gc,heap        ] GC(308) Old regions: 504->536
[1891.965s][info][gc,heap        ] GC(308) Humongous regions: 80->80
[1891.965s][info][gc,metaspace   ] GC(308) Metaspace: 28921K(29184K)->28921K(29184K) NonClass: 24038K(24128K)->24038K(24128K) Class: 4883K(5056K)->4883K(5056K)
[1891.965s][info][gc             ] GC(308) Pause Young (Prepare Mixed) (G1 Evacuation Pause) 3623M->1448M(4096M) 117.208ms
[1891.965s][info][gc,cpu         ] GC(308) User=0.70s Sys=0.00s Real=0.12s
........[1899.033s][info][gc,start       ] GC(309) Pause Young (Mixed) (G1 Evacuation Pause)
[1899.033s][info][gc,task        ] GC(309) Using 6 workers of 6 for evacuation
[1899.161s][info][gc,phases      ] GC(309)   Pre Evacuate Collection Set: 0.36ms
[1899.162s][info][gc,phases      ] GC(309)   Merge Heap Roots: 0.67ms
[1899.162s][info][gc,phases      ] GC(309)   Evacuate Collection Set: 126.53ms
[1899.162s][info][gc,phases      ] GC(309)   Post Evacuate Collection Set: 0.97ms
[1899.162s][info][gc,phases      ] GC(309)   Other: 0.09ms
[1899.162s][info][gc,heap        ] GC(309) Eden regions: 1111->0(1120)
[1899.162s][info][gc,heap        ] GC(309) Survivor regions: 109->108(153)
[1899.162s][info][gc,heap        ] GC(309) Old regions: 536->470
[1899.162s][info][gc,heap        ] GC(309) Humongous regions: 80->80
[1899.162s][info][gc,metaspace   ] GC(309) Metaspace: 28921K(29184K)->28921K(29184K) NonClass: 24038K(24128K)->24038K(24128K) Class: 4883K(5056K)->4883K(5056K)
[1899.162s][info][gc             ] GC(309) Pause Young (Mixed) (G1 Evacuation Pause) 3670M->1314M(4096M) 128.761ms
[1899.162s][info][gc,cpu         ] GC(309) User=0.77s Sys=0.00s Real=0.13s
.. (rIR:aIR:PR = 2629:2630:2630) (tPR = 38914) [OK] 
  1900s: Performance info:
         Transaction,    Success,    Partial,     Failed,   Receipts, AvgBarcode, 
             Overall,     158135,          0,          0,     150239,      59.47, 
         Response times:
             Request,    Success,    Partial,     Failed,   SkipFail,     Probes,    Samples,      min,      p50,      p90,      p95,      p99,      max, 
       TotalPurchase,     150238,          0,          0,          0,     147023,     162488,      300,     2300,     3600,     4200,    17600,   162000,
     InStorePurchase,      79094,          0,          0,          0,      77673,      85669,      300,     2200,     3600,     4200,    17000,   142000,
      OnlinePurchase,      55305,          0,          0,          0,      54158,      59905,      300,     2300,     3600,     4300,    17600,   162000,
        InstPurchase,      15839,          0,          0,          0,      15192,      16914,      400,     2500,     3800,     4425,    23000,   142000,
          AssocOfCat,        160,          0,          0,          0,        117,        170,    19700,    28000,    41900,    49450,    93100,   157000,
      AssocOfProduct,       1573,          0,          0,          0,       1437,       1716,     1000,     2800,     4000,     4615,    22031,   137000,
      BusinessReport,        396,          0,          0,          0,        320,        429,    19500,    32000,    41000,    47500,    97000,   197000,
          CustBuyBeh,       1578,          0,          0,          0,       1448,       1790,      800,     2900,     4000,     4900,    17918,   137000,
       ProductReturn,       4189,          0,          0,          0,       3881,       4511,      200,     1800,     3500,     4100,    14376,   131000,

  1900s: (20%)   IR =   2767 .....|[1906.033s][info][gc,start       ] GC(310) Pause Young (Concurrent Start) (G1 Evacuation Pause)
[1906.033s][info][gc,task        ] GC(310) Using 6 workers of 6 for evacuation
[1906.150s][info][gc,phases      ] GC(310)   Pre Evacuate Collection Set: 0.38ms
[1906.150s][info][gc,phases      ] GC(310)   Merge Heap Roots: 0.56ms
[1906.150s][info][gc,phases      ] GC(310)   Evacuate Collection Set: 114.71ms
[1906.150s][info][gc,phases      ] GC(310)   Post Evacuate Collection Set: 0.89ms
[1906.150s][info][gc,phases      ] GC(310)   Other: 0.08ms
[1906.150s][info][gc,heap        ] GC(310) Eden regions: 1120->0(1119)
[1906.150s][info][gc,heap        ] GC(310) Survivor regions: 108->109(154)
[1906.150s][info][gc,heap        ] GC(310) Old regions: 470->502
[1906.150s][info][gc,heap        ] GC(310) Humongous regions: 80->80
[1906.150s][info][gc,metaspace   ] GC(310) Metaspace: 28921K(29184K)->28921K(29184K) NonClass: 24038K(24128K)->24038K(24128K) Class: 4883K(5056K)->4883K(5056K)
[1906.150s][info][gc             ] GC(310) Pause Young (Concurrent Start) (G1 Evacuation Pause) 3554M->1379M(4096M) 116.768ms
[1906.150s][info][gc             ] GC(311) Concurrent Mark Cycle
[1906.150s][info][gc,marking     ] GC(311) Concurrent Scan Root Regions
[1906.150s][info][gc,cpu         ] GC(310) User=0.69s Sys=0.00s Real=0.12s
[1906.300s][info][gc,marking     ] GC(311) Concurrent Scan Root Regions 150.416ms
[1906.301s][info][gc,marking     ] GC(311) Concurrent Mark
[1906.301s][info][gc,marking     ] GC(311) Concurrent Mark From Roots
[1906.301s][info][gc,task        ] GC(311) Using 2 workers of 2 for marking
[1906.923s][info][gc,marking     ] GC(311) Concurrent Mark From Roots 622.325ms
[1906.923s][info][gc,marking     ] GC(311) Concurrent Preclean
[1906.923s][info][gc,marking     ] GC(311) Concurrent Preclean 0.055ms
[1906.923s][info][gc,start       ] GC(311) Pause Remark
[1906.926s][info][gc             ] GC(311) Pause Remark 1673M->1673M(4096M) 3.355ms
[1906.926s][info][gc,cpu         ] GC(311) User=0.02s Sys=0.00s Real=0.00s
[1906.927s][info][gc,marking     ] GC(311) Concurrent Mark 625.997ms
[1906.927s][info][gc,marking     ] GC(311) Concurrent Rebuild Remembered Sets and Scrub Regions
.[1907.169s][info][gc,marking     ] GC(311) Concurrent Rebuild Remembered Sets and Scrub Regions 242.511ms
[1907.169s][info][gc,start       ] GC(311) Pause Cleanup
[1907.169s][info][gc             ] GC(311) Pause Cleanup 1755M->1755M(4096M) 0.129ms
[1907.169s][info][gc,cpu         ] GC(311) User=0.00s Sys=0.00s Real=0.00s
[1907.169s][info][gc,marking     ] GC(311) Concurrent Clear Claimed Marks
[1907.169s][info][gc,marking     ] GC(311) Concurrent Clear Claimed Marks 0.025ms
[1907.169s][info][gc,marking     ] GC(311) Concurrent Cleanup for Next Mark
[1907.173s][info][gc,marking     ] GC(311) Concurrent Cleanup for Next Mark 3.170ms
[1907.173s][info][gc             ] GC(311) Concurrent Mark Cycle 1022.526ms
.....[1912.916s][info][gc,start       ] GC(312) Pause Young (Prepare Mixed) (G1 Evacuation Pause)
[1912.916s][info][gc,task        ] GC(312) Using 6 workers of 6 for evacuation
[1913.037s][info][gc,phases      ] GC(312)   Pre Evacuate Collection Set: 0.36ms
[1913.037s][info][gc,phases      ] GC(312)   Merge Heap Roots: 0.69ms
[1913.037s][info][gc,phases      ] GC(312)   Evacuate Collection Set: 118.64ms
[1913.037s][info][gc,phases      ] GC(312)   Post Evacuate Collection Set: 0.98ms
[1913.037s][info][gc,phases      ] GC(312)   Other: 0.09ms
[1913.037s][info][gc,heap        ] GC(312) Eden regions: 1119->0(1109)
[1913.037s][info][gc,heap        ] GC(312) Survivor regions: 109->111(154)
[1913.037s][info][gc,heap        ] GC(312) Old regions: 502->534
[1913.037s][info][gc,heap        ] GC(312) Humongous regions: 80->80
[1913.037s][info][gc,metaspace   ] GC(312) Metaspace: 28921K(29184K)->28921K(29184K) NonClass: 24038K(24128K)->24038K(24128K) Class: 4883K(5056K)->4883K(5056K)
[1913.037s][info][gc             ] GC(312) Pause Young (Prepare Mixed) (G1 Evacuation Pause) 3617M->1448M(4096M) 120.897ms
[1913.037s][info][gc,cpu         ] GC(312) User=0.72s Sys=0.00s Real=0.12s
.......[1919.624s][info][gc,start       ] GC(313) Pause Young (Mixed) (G1 Evacuation Pause)
[1919.624s][info][gc,task        ] GC(313) Using 6 workers of 6 for evacuation
[1919.758s][info][gc,phases      ] GC(313)   Pre Evacuate Collection Set: 0.38ms
[1919.758s][info][gc,phases      ] GC(313)   Merge Heap Roots: 0.78ms
[1919.758s][info][gc,phases      ] GC(313)   Evacuate Collection Set: 131.31ms
[1919.758s][info][gc,phases      ] GC(313)   Post Evacuate Collection Set: 0.98ms
[1919.758s][info][gc,phases      ] GC(313)   Other: 0.09ms
[1919.758s][info][gc,heap        ] GC(313) Eden regions: 1109->0(1120)
[1919.758s][info][gc,heap        ] GC(313) Survivor regions: 111->108(153)
[1919.758s][info][gc,heap        ] GC(313) Old regions: 534->471
[1919.758s][info][gc,heap        ] GC(313) Humongous regions: 80->80
[1919.758s][info][gc,metaspace   ] GC(313) Metaspace: 28921K(29184K)->28921K(29184K) NonClass: 24038K(24128K)->24038K(24128K) Class: 4883K(5056K)->4883K(5056K)
[1919.758s][info][gc             ] GC(313) Pause Young (Mixed) (G1 Evacuation Pause) 3666M->1316M(4096M) 133.670ms
[1919.758s][info][gc,cpu         ] GC(313) User=0.79s Sys=0.00s Real=0.13s
.......[1926.527s][info][gc,start       ] GC(314) Pause Young (Concurrent Start) (G1 Evacuation Pause)
[1926.527s][info][gc,task        ] GC(314) Using 6 workers of 6 for evacuation
[1926.643s][info][gc,phases      ] GC(314)   Pre Evacuate Collection Set: 0.39ms
[1926.643s][info][gc,phases      ] GC(314)   Merge Heap Roots: 0.56ms
[1926.643s][info][gc,phases      ] GC(314)   Evacuate Collection Set: 114.06ms
[1926.643s][info][gc,phases      ] GC(314)   Post Evacuate Collection Set: 0.88ms
[1926.643s][info][gc,phases      ] GC(314)   Other: 0.11ms
[1926.643s][info][gc,heap        ] GC(314) Eden regions: 1120->0(1121)
[1926.643s][info][gc,heap        ] GC(314) Survivor regions: 108->107(154)
[1926.643s][info][gc,heap        ] GC(314) Old regions: 471->503
[1926.643s][info][gc,heap        ] GC(314) Humongous regions: 80->80
[1926.643s][info][gc,metaspace   ] GC(314) Metaspace: 28921K(29184K)->28921K(29184K) NonClass: 24038K(24128K)->24038K(24128K) Class: 4883K(5056K)->4883K(5056K)
[1926.643s][info][gc             ] GC(314) Pause Young (Concurrent Start) (G1 Evacuation Pause) 3556M->1379M(4096M) 116.140ms
[1926.643s][info][gc             ] GC(315) Concurrent Mark Cycle
[1926.643s][info][gc,marking     ] GC(315) Concurrent Scan Root Regions
[1926.643s][info][gc,cpu         ] GC(314) User=0.69s Sys=0.00s Real=0.12s
[1926.812s][info][gc,marking     ] GC(315) Concurrent Scan Root Regions 168.458ms
[1926.812s][info][gc,marking     ] GC(315) Concurrent Mark
[1926.812s][info][gc,marking     ] GC(315) Concurrent Mark From Roots
[1926.812s][info][gc,task        ] GC(315) Using 2 workers of 2 for marking
.[1927.457s][info][gc,marking     ] GC(315) Concurrent Mark From Roots 645.845ms
[1927.457s][info][gc,marking     ] GC(315) Concurrent Preclean
[1927.458s][info][gc,marking     ] GC(315) Concurrent Preclean 0.060ms
[1927.458s][info][gc,start       ] GC(315) Pause Remark
[1927.461s][info][gc             ] GC(315) Pause Remark 1676M->1676M(4096M) 3.488ms
[1927.461s][info][gc,cpu         ] GC(315) User=0.01s Sys=0.00s Real=0.01s
[1927.461s][info][gc,marking     ] GC(315) Concurrent Mark 649.654ms
[1927.461s][info][gc,marking     ] GC(315) Concurrent Rebuild Remembered Sets and Scrub Regions
[1927.702s][info][gc,marking     ] GC(315) Concurrent Rebuild Remembered Sets and Scrub Regions 240.345ms
[1927.702s][info][gc,start       ] GC(315) Pause Cleanup
[1927.702s][info][gc             ] GC(315) Pause Cleanup 1762M->1762M(4096M) 0.123ms
[1927.702s][info][gc,cpu         ] GC(315) User=0.00s Sys=0.00s Real=0.00s
[1927.702s][info][gc,marking     ] GC(315) Concurrent Clear Claimed Marks
[1927.702s][info][gc,marking     ] GC(315) Concurrent Clear Claimed Marks 0.033ms
[1927.702s][info][gc,marking     ] GC(315) Concurrent Cleanup for Next Mark
[1927.705s][info][gc,marking     ] GC(315) Concurrent Cleanup for Next Mark 3.462ms
[1927.706s][info][gc             ] GC(315) Concurrent Mark Cycle 1062.413ms
......[1933.353s][info][gc,start       ] GC(316) Pause Young (Prepare Mixed) (G1 Evacuation Pause)
[1933.353s][info][gc,task        ] GC(316) Using 6 workers of 6 for evacuation
[1933.471s][info][gc,phases      ] GC(316)   Pre Evacuate Collection Set: 0.35ms
[1933.471s][info][gc,phases      ] GC(316)   Merge Heap Roots: 0.66ms
[1933.471s][info][gc,phases      ] GC(316)   Evacuate Collection Set: 115.90ms
[1933.471s][info][gc,phases      ] GC(316)   Post Evacuate Collection Set: 0.92ms
[1933.471s][info][gc,phases      ] GC(316)   Other: 0.08ms
[1933.471s][info][gc,heap        ] GC(316) Eden regions: 1121->0(1112)
[1933.471s][info][gc,heap        ] GC(316) Survivor regions: 107->109(154)
[1933.471s][info][gc,heap        ] GC(316) Old regions: 503->535
[1933.471s][info][gc,heap        ] GC(316) Humongous regions: 80->80
[1933.471s][info][gc,metaspace   ] GC(316) Metaspace: 28921K(29184K)->28921K(29184K) NonClass: 24038K(24128K)->24038K(24128K) Class: 4883K(5056K)->4883K(5056K)
[1933.471s][info][gc             ] GC(316) Pause Young (Prepare Mixed) (G1 Evacuation Pause) 3621M->1446M(4096M) 118.058ms
[1933.471s][info][gc,cpu         ] GC(316) User=0.70s Sys=0.00s Real=0.12s
.......[1940.120s][info][gc,start       ] GC(317) Pause Young (Mixed) (G1 Evacuation Pause)
[1940.120s][info][gc,task        ] GC(317) Using 6 workers of 6 for evacuation
[1940.252s][info][gc,phases      ] GC(317)   Pre Evacuate Collection Set: 0.38ms
[1940.252s][info][gc,phases      ] GC(317)   Merge Heap Roots: 0.72ms
[1940.252s][info][gc,phases      ] GC(317)   Evacuate Collection Set: 129.49ms
[1940.252s][info][gc,phases      ] GC(317)   Post Evacuate Collection Set: 0.93ms
[1940.252s][info][gc,phases      ] GC(317)   Other: 0.09ms
[1940.252s][info][gc,heap        ] GC(317) Eden regions: 1112->0(1120)
[1940.252s][info][gc,heap        ] GC(317) Survivor regions: 109->108(153)
[1940.252s][info][gc,heap        ] GC(317) Old regions: 535->471
[1940.252s][info][gc,heap        ] GC(317) Humongous regions: 80->80
[1940.252s][info][gc,metaspace   ] GC(317) Metaspace: 28921K(29184K)->28921K(29184K) NonClass: 24038K(24128K)->24038K(24128K) Class: 4883K(5056K)->4883K(5056K)
[1940.252s][info][gc             ] GC(317) Pause Young (Mixed) (G1 Evacuation Pause) 3670M->1316M(4096M) 131.779ms
[1940.252s][info][gc,cpu         ] GC(317) User=0.79s Sys=0.00s Real=0.13s
.......[1947.078s][info][gc,start       ] GC(318) Pause Young (Concurrent Start) (G1 Evacuation Pause)
[1947.078s][info][gc,task        ] GC(318) Using 6 workers of 6 for evacuation
[1947.197s][info][gc,phases      ] GC(318)   Pre Evacuate Collection Set: 0.45ms
[1947.197s][info][gc,phases      ] GC(318)   Merge Heap Roots: 0.58ms
[1947.197s][info][gc,phases      ] GC(318)   Evacuate Collection Set: 116.13ms
[1947.197s][info][gc,phases      ] GC(318)   Post Evacuate Collection Set: 0.91ms
[1947.197s][info][gc,phases      ] GC(318)   Other: 0.15ms
[1947.197s][info][gc,heap        ] GC(318) Eden regions: 1120->0(1120)
[1947.197s][info][gc,heap        ] GC(318) Survivor regions: 108->108(154)
[1947.197s][info][gc,heap        ] GC(318) Old regions: 471->504
[1947.197s][info][gc,heap        ] GC(318) Humongous regions: 80->80
[1947.197s][info][gc,metaspace   ] GC(318) Metaspace: 28921K(29184K)->28921K(29184K) NonClass: 24038K(24128K)->24038K(24128K) Class: 4883K(5056K)->4883K(5056K)
[1947.197s][info][gc             ] GC(318) Pause Young (Concurrent Start) (G1 Evacuation Pause) 3556M->1382M(4096M) 118.338ms
[1947.197s][info][gc             ] GC(319) Concurrent Mark Cycle
[1947.197s][info][gc,marking     ] GC(319) Concurrent Scan Root Regions
[1947.197s][info][gc,cpu         ] GC(318) User=0.71s Sys=0.00s Real=0.12s
[1947.337s][info][gc,marking     ] GC(319) Concurrent Scan Root Regions 140.395ms
[1947.337s][info][gc,marking     ] GC(319) Concurrent Mark
[1947.337s][info][gc,marking     ] GC(319) Concurrent Mark From Roots
[1947.337s][info][gc,task        ] GC(319) Using 2 workers of 2 for marking
[1947.990s][info][gc,marking     ] GC(319) Concurrent Mark From Roots 653.377ms
[1947.991s][info][gc,marking     ] GC(319) Concurrent Preclean
[1947.991s][info][gc,marking     ] GC(319) Concurrent Preclean 0.047ms
[1947.991s][info][gc,start       ] GC(319) Pause Remark
[1947.994s][info][gc             ] GC(319) Pause Remark 1709M->1709M(4096M) 3.380ms
[1947.994s][info][gc,cpu         ] GC(319) User=0.02s Sys=0.00s Real=0.00s
[1947.994s][info][gc,marking     ] GC(319) Concurrent Mark 657.049ms
[1947.994s][info][gc,marking     ] GC(319) Concurrent Rebuild Remembered Sets and Scrub Regions
.[1948.234s][info][gc,marking     ] GC(319) Concurrent Rebuild Remembered Sets and Scrub Regions 239.767ms
[1948.234s][info][gc,start       ] GC(319) Pause Cleanup
[1948.234s][info][gc             ] GC(319) Pause Cleanup 1784M->1784M(4096M) 0.134ms
[1948.234s][info][gc,cpu         ] GC(319) User=0.00s Sys=0.00s Real=0.00s
[1948.234s][info][gc,marking     ] GC(319) Concurrent Clear Claimed Marks
[1948.234s][info][gc,marking     ] GC(319) Concurrent Clear Claimed Marks 0.034ms
[1948.234s][info][gc,marking     ] GC(319) Concurrent Cleanup for Next Mark
[1948.238s][info][gc,marking     ] GC(319) Concurrent Cleanup for Next Mark 3.943ms
[1948.238s][info][gc             ] GC(319) Concurrent Mark Cycle 1041.631ms
.....[1953.942s][info][gc,start       ] GC(320) Pause Young (Prepare Mixed) (G1 Evacuation Pause)
[1953.942s][info][gc,task        ] GC(320) Using 6 workers of 6 for evacuation
[1954.059s][info][gc,phases      ] GC(320)   Pre Evacuate Collection Set: 0.36ms
[1954.059s][info][gc,phases      ] GC(320)   Merge Heap Roots: 0.57ms
[1954.059s][info][gc,phases      ] GC(320)   Evacuate Collection Set: 114.71ms
[1954.059s][info][gc,phases      ] GC(320)   Post Evacuate Collection Set: 0.92ms
[1954.059s][info][gc,phases      ] GC(320)   Other: 0.11ms
[1954.059s][info][gc,heap        ] GC(320) Eden regions: 1120->0(1112)
[1954.059s][info][gc,heap        ] GC(320) Survivor regions: 108->109(154)
[1954.059s][info][gc,heap        ] GC(320) Old regions: 504->535
[1954.059s][info][gc,heap        ] GC(320) Humongous regions: 80->80
[1954.059s][info][gc,metaspace   ] GC(320) Metaspace: 28921K(29184K)->28921K(29184K) NonClass: 24038K(24128K)->24038K(24128K) Class: 4883K(5056K)->4883K(5056K)
[1954.059s][info][gc             ] GC(320) Pause Young (Prepare Mixed) (G1 Evacuation Pause) 3622M->1446M(4096M) 116.816ms
[1954.059s][info][gc,cpu         ] GC(320) User=0.70s Sys=0.00s Real=0.12s
.......[1960.730s][info][gc,start       ] GC(321) Pause Young (Mixed) (G1 Evacuation Pause)
[1960.730s][info][gc,task        ] GC(321) Using 6 workers of 6 for evacuation
[1960.865s][info][gc,phases      ] GC(321)   Pre Evacuate Collection Set: 0.40ms
[1960.865s][info][gc,phases      ] GC(321)   Merge Heap Roots: 0.82ms
[1960.865s][info][gc,phases      ] GC(321)   Evacuate Collection Set: 132.64ms
[1960.865s][info][gc,phases      ] GC(321)   Post Evacuate Collection Set: 0.96ms
[1960.865s][info][gc,phases      ] GC(321)   Other: 0.09ms
[1960.865s][info][gc,heap        ] GC(321) Eden regions: 1112->0(1119)
[1960.865s][info][gc,heap        ] GC(321) Survivor regions: 109->109(153)
[1960.865s][info][gc,heap        ] GC(321) Old regions: 535->472
[1960.865s][info][gc,heap        ] GC(321) Humongous regions: 80->80
[1960.865s][info][gc,metaspace   ] GC(321) Metaspace: 28921K(29184K)->28921K(29184K) NonClass: 24038K(24128K)->24038K(24128K) Class: 4883K(5056K)->4883K(5056K)
[1960.865s][info][gc             ] GC(321) Pause Young (Mixed) (G1 Evacuation Pause) 3670M->1319M(4096M) 135.080ms
[1960.865s][info][gc,cpu         ] GC(321) User=0.80s Sys=0.00s Real=0.13s
...... (rIR:aIR:PR = 2767:2766:2766) (tPR = 41318) [OK] 
  1965s: Performance info:
         Transaction,    Success,    Partial,     Failed,   Receipts, AvgBarcode, 
             Overall,     166222,          0,          0,     157908,      59.47, 
         Response times:
             Request,    Success,    Partial,     Failed,   SkipFail,     Probes,    Samples,      min,      p50,      p90,      p95,      p99,      max, 
       TotalPurchase,     157908,          0,          0,          0,     154523,     169216,      300,     2400,     3800,     4500,    15700,   170000,
     InStorePurchase,      83116,          0,          0,          0,      81522,      89046,      300,     2300,     3800,     4400,    15100,   170000,
      OnlinePurchase,      58186,          0,          0,          0,      57008,      62384,      300,     2500,     3900,     4600,    17000,   170000,
        InstPurchase,      16606,          0,          0,          0,      15993,      17786,      400,     2300,     3700,     4300,    14700,   138000,
          AssocOfCat,        165,          0,          0,          0,        121,        188,    19400,    29000,    32100,    36550,    58440,    62000,
      AssocOfProduct,       1662,          0,          0,          0,       1478,       1805,     1000,     2800,     3900,     4700,    18094,   135000,
      BusinessReport,        417,          0,          0,          0,        334,        422,    21000,    33000,    39000,    47000,    74770,   185000,
          CustBuyBeh,       1659,          0,          0,          0,       1497,       1784,      200,     2100,     3700,     4300,    17300,   139000,
       ProductReturn,       4411,          0,          0,          0,       4104,       4639,      200,     2400,     3700,     4400,    16760,   138000,

  1965s: (21%)   IR =   2906 .[1967.452s][info][gc,start       ] GC(322) Pause Young (Concurrent Start) (G1 Evacuation Pause)
[1967.452s][info][gc,task        ] GC(322) Using 6 workers of 6 for evacuation
[1967.569s][info][gc,phases      ] GC(322)   Pre Evacuate Collection Set: 0.42ms
[1967.569s][info][gc,phases      ] GC(322)   Merge Heap Roots: 0.59ms
[1967.569s][info][gc,phases      ] GC(322)   Evacuate Collection Set: 115.24ms
[1967.569s][info][gc,phases      ] GC(322)   Post Evacuate Collection Set: 0.93ms
[1967.569s][info][gc,phases      ] GC(322)   Other: 0.12ms
[1967.569s][info][gc,heap        ] GC(322) Eden regions: 1119->0(1119)
[1967.569s][info][gc,heap        ] GC(322) Survivor regions: 109->109(154)
[1967.569s][info][gc,heap        ] GC(322) Old regions: 472->503
[1967.569s][info][gc,heap        ] GC(322) Humongous regions: 80->80
[1967.569s][info][gc,metaspace   ] GC(322) Metaspace: 28921K(29184K)->28921K(29184K) NonClass: 24038K(24128K)->24038K(24128K) Class: 4883K(5056K)->4883K(5056K)
[1967.569s][info][gc             ] GC(322) Pause Young (Concurrent Start) (G1 Evacuation Pause) 3557M->1383M(4096M) 117.438ms
[1967.569s][info][gc             ] GC(323) Concurrent Mark Cycle
[1967.569s][info][gc,marking     ] GC(323) Concurrent Scan Root Regions
[1967.570s][info][gc,cpu         ] GC(322) User=0.69s Sys=0.00s Real=0.12s
[1967.709s][info][gc,marking     ] GC(323) Concurrent Scan Root Regions 139.379ms
[1967.709s][info][gc,marking     ] GC(323) Concurrent Mark
[1967.709s][info][gc,marking     ] GC(323) Concurrent Mark From Roots
[1967.709s][info][gc,task        ] GC(323) Using 2 workers of 2 for marking
.[1968.318s][info][gc,marking     ] GC(323) Concurrent Mark From Roots 609.472ms
[1968.318s][info][gc,marking     ] GC(323) Concurrent Preclean
[1968.319s][info][gc,marking     ] GC(323) Concurrent Preclean 0.060ms
[1968.319s][info][gc,start       ] GC(323) Pause Remark
[1968.322s][info][gc             ] GC(323) Pause Remark 1662M->1662M(4096M) 3.395ms
[1968.322s][info][gc,cpu         ] GC(323) User=0.02s Sys=0.00s Real=0.00s
[1968.322s][info][gc,marking     ] GC(323) Concurrent Mark 613.185ms
[1968.322s][info][gc,marking     ] GC(323) Concurrent Rebuild Remembered Sets and Scrub Regions
[1968.561s][info][gc,marking     ] GC(323) Concurrent Rebuild Remembered Sets and Scrub Regions 239.003ms
[1968.561s][info][gc,start       ] GC(323) Pause Cleanup
[1968.561s][info][gc             ] GC(323) Pause Cleanup 1756M->1756M(4096M) 0.117ms
[1968.561s][info][gc,cpu         ] GC(323) User=0.00s Sys=0.00s Real=0.00s
[1968.561s][info][gc,marking     ] GC(323) Concurrent Clear Claimed Marks
[1968.561s][info][gc,marking     ] GC(323) Concurrent Clear Claimed Marks 0.028ms
[1968.561s][info][gc,marking     ] GC(323) Concurrent Cleanup for Next Mark
[1968.565s][info][gc,marking     ] GC(323) Concurrent Cleanup for Next Mark 3.505ms
[1968.565s][info][gc             ] GC(323) Concurrent Mark Cycle 995.543ms
...|..[1973.991s][info][gc,start       ] GC(324) Pause Young (Prepare Mixed) (G1 Evacuation Pause)
[1973.991s][info][gc,task        ] GC(324) Using 6 workers of 6 for evacuation
[1974.108s][info][gc,phases      ] GC(324)   Pre Evacuate Collection Set: 0.35ms
[1974.108s][info][gc,phases      ] GC(324)   Merge Heap Roots: 0.55ms
[1974.108s][info][gc,phases      ] GC(324)   Evacuate Collection Set: 115.08ms
[1974.108s][info][gc,phases      ] GC(324)   Post Evacuate Collection Set: 0.94ms
[1974.108s][info][gc,phases      ] GC(324)   Other: 0.09ms
[1974.108s][info][gc,heap        ] GC(324) Eden regions: 1119->0(1112)
[1974.108s][info][gc,heap        ] GC(324) Survivor regions: 109->109(154)
[1974.108s][info][gc,heap        ] GC(324) Old regions: 503->535
[1974.108s][info][gc,heap        ] GC(324) Humongous regions: 80->80
[1974.108s][info][gc,metaspace   ] GC(324) Metaspace: 28921K(29184K)->28921K(29184K) NonClass: 24038K(24128K)->24038K(24128K) Class: 4883K(5056K)->4883K(5056K)
[1974.108s][info][gc             ] GC(324) Pause Young (Prepare Mixed) (G1 Evacuation Pause) 3621M->1445M(4096M) 117.146ms
[1974.108s][info][gc,cpu         ] GC(324) User=0.70s Sys=0.00s Real=0.11s
.......[1980.540s][info][gc,start       ] GC(325) Pause Young (Mixed) (G1 Evacuation Pause)
[1980.541s][info][gc,task        ] GC(325) Using 6 workers of 6 for evacuation
[1980.675s][info][gc,phases      ] GC(325)   Pre Evacuate Collection Set: 0.38ms
[1980.675s][info][gc,phases      ] GC(325)   Merge Heap Roots: 0.81ms
[1980.675s][info][gc,phases      ] GC(325)   Evacuate Collection Set: 131.90ms
[1980.675s][info][gc,phases      ] GC(325)   Post Evacuate Collection Set: 0.96ms
[1980.675s][info][gc,phases      ] GC(325)   Other: 0.10ms
[1980.675s][info][gc,heap        ] GC(325) Eden regions: 1112->0(1120)
[1980.675s][info][gc,heap        ] GC(325) Survivor regions: 109->108(153)
[1980.675s][info][gc,heap        ] GC(325) Old regions: 535->471
[1980.675s][info][gc,heap        ] GC(325) Humongous regions: 80->80
[1980.675s][info][gc,metaspace   ] GC(325) Metaspace: 28921K(29184K)->28921K(29184K) NonClass: 24038K(24128K)->24038K(24128K) Class: 4883K(5056K)->4883K(5056K)
[1980.675s][info][gc             ] GC(325) Pause Young (Mixed) (G1 Evacuation Pause) 3669M->1317M(4096M) 134.291ms
[1980.675s][info][gc,cpu         ] GC(325) User=0.79s Sys=0.00s Real=0.13s
......[1987.091s][info][gc,start       ] GC(326) Pause Young (Concurrent Start) (G1 Evacuation Pause)
[1987.091s][info][gc,task        ] GC(326) Using 6 workers of 6 for evacuation
[1987.213s][info][gc,phases      ] GC(326)   Pre Evacuate Collection Set: 0.39ms
[1987.213s][info][gc,phases      ] GC(326)   Merge Heap Roots: 0.54ms
[1987.213s][info][gc,phases      ] GC(326)   Evacuate Collection Set: 119.34ms
[1987.213s][info][gc,phases      ] GC(326)   Post Evacuate Collection Set: 0.94ms
[1987.213s][info][gc,phases      ] GC(326)   Other: 0.11ms
[1987.213s][info][gc,heap        ] GC(326) Eden regions: 1120->0(1116)
[1987.213s][info][gc,heap        ] GC(326) Survivor regions: 108->112(154)
[1987.213s][info][gc,heap        ] GC(326) Old regions: 471->503
[1987.213s][info][gc,heap        ] GC(326) Humongous regions: 80->80
[1987.213s][info][gc,metaspace   ] GC(326) Metaspace: 28921K(29184K)->28921K(29184K) NonClass: 24038K(24128K)->24038K(24128K) Class: 4883K(5056K)->4883K(5056K)
[1987.213s][info][gc             ] GC(326) Pause Young (Concurrent Start) (G1 Evacuation Pause) 3557M->1389M(4096M) 121.471ms
[1987.213s][info][gc             ] GC(327) Concurrent Mark Cycle
[1987.213s][info][gc,marking     ] GC(327) Concurrent Scan Root Regions
[1987.213s][info][gc,cpu         ] GC(326) User=0.72s Sys=0.00s Real=0.12s
.[1987.382s][info][gc,marking     ] GC(327) Concurrent Scan Root Regions 169.267ms
[1987.382s][info][gc,marking     ] GC(327) Concurrent Mark
[1987.382s][info][gc,marking     ] GC(327) Concurrent Mark From Roots
[1987.382s][info][gc,task        ] GC(327) Using 2 workers of 2 for marking
.[1988.277s][info][gc,marking     ] GC(327) Concurrent Mark From Roots 895.040ms
[1988.277s][info][gc,marking     ] GC(327) Concurrent Preclean
[1988.277s][info][gc,marking     ] GC(327) Concurrent Preclean 0.064ms
[1988.277s][info][gc,start       ] GC(327) Pause Remark
[1988.281s][info][gc             ] GC(327) Pause Remark 1800M->1800M(4096M) 4.021ms
[1988.281s][info][gc,cpu         ] GC(327) User=0.03s Sys=0.00s Real=0.01s
[1988.281s][info][gc,marking     ] GC(327) Concurrent Mark 899.358ms
[1988.281s][info][gc,marking     ] GC(327) Concurrent Rebuild Remembered Sets and Scrub Regions
[1988.682s][info][gc,marking     ] GC(327) Concurrent Rebuild Remembered Sets and Scrub Regions 400.596ms
[1988.682s][info][gc,start       ] GC(327) Pause Cleanup
[1988.682s][info][gc             ] GC(327) Pause Cleanup 1956M->1956M(4096M) 0.117ms
[1988.682s][info][gc,cpu         ] GC(327) User=0.00s Sys=0.00s Real=0.00s
[1988.682s][info][gc,marking     ] GC(327) Concurrent Clear Claimed Marks
[1988.682s][info][gc,marking     ] GC(327) Concurrent Clear Claimed Marks 0.030ms
[1988.682s][info][gc,marking     ] GC(327) Concurrent Cleanup for Next Mark
[1988.686s][info][gc,marking     ] GC(327) Concurrent Cleanup for Next Mark 3.386ms
[1988.686s][info][gc             ] GC(327) Concurrent Mark Cycle 1473.118ms
.....[1993.588s][info][gc,start       ] GC(328) Pause Young (Prepare Mixed) (G1 Evacuation Pause)
[1993.588s][info][gc,task        ] GC(328) Using 6 workers of 6 for evacuation
[1993.705s][info][gc,phases      ] GC(328)   Pre Evacuate Collection Set: 0.35ms
[1993.705s][info][gc,phases      ] GC(328)   Merge Heap Roots: 0.58ms
[1993.705s][info][gc,phases      ] GC(328)   Evacuate Collection Set: 114.72ms
[1993.705s][info][gc,phases      ] GC(328)   Post Evacuate Collection Set: 0.93ms
[1993.705s][info][gc,phases      ] GC(328)   Other: 0.09ms
[1993.705s][info][gc,heap        ] GC(328) Eden regions: 1116->0(1112)
[1993.705s][info][gc,heap        ] GC(328) Survivor regions: 112->109(154)
[1993.705s][info][gc,heap        ] GC(328) Old regions: 503->535
[1993.705s][info][gc,heap        ] GC(328) Humongous regions: 80->80
[1993.705s][info][gc,metaspace   ] GC(328) Metaspace: 28921K(29184K)->28921K(29184K) NonClass: 24038K(24128K)->24038K(24128K) Class: 4883K(5056K)->4883K(5056K)
[1993.705s][info][gc             ] GC(328) Pause Young (Prepare Mixed) (G1 Evacuation Pause) 3621M->1446M(4096M) 116.807ms
[1993.705s][info][gc,cpu         ] GC(328) User=0.69s Sys=0.00s Real=0.12s
......[1999.949s][info][gc,start       ] GC(329) Pause Young (Mixed) (G1 Evacuation Pause)
[1999.949s][info][gc,task        ] GC(329) Using 6 workers of 6 for evacuation
[2000.082s][info][gc,phases      ] GC(329)   Pre Evacuate Collection Set: 0.41ms
[2000.082s][info][gc,phases      ] GC(329)   Merge Heap Roots: 0.81ms
[2000.082s][info][gc,phases      ] GC(329)   Evacuate Collection Set: 130.33ms
[2000.082s][info][gc,phases      ] GC(329)   Post Evacuate Collection Set: 0.92ms
[2000.082s][info][gc,phases      ] GC(329)   Other: 0.10ms
[2000.082s][info][gc,heap        ] GC(329) Eden regions: 1112->0(1120)
[2000.082s][info][gc,heap        ] GC(329) Survivor regions: 109->108(153)
[2000.082s][info][gc,heap        ] GC(329) Old regions: 535->473
[2000.082s][info][gc,heap        ] GC(329) Humongous regions: 80->80
[2000.082s][info][gc,metaspace   ] GC(329) Metaspace: 28921K(29184K)->28921K(29184K) NonClass: 24038K(24128K)->24038K(24128K) Class: 4883K(5056K)->4883K(5056K)
[2000.082s][info][gc             ] GC(329) Pause Young (Mixed) (G1 Evacuation Pause) 3670M->1320M(4096M) 132.734ms
[2000.082s][info][gc,cpu         ] GC(329) User=0.79s Sys=0.00s Real=0.13s
.......[2006.607s][info][gc,start       ] GC(330) Pause Young (Concurrent Start) (G1 Evacuation Pause)
[2006.607s][info][gc,task        ] GC(330) Using 6 workers of 6 for evacuation
[2006.727s][info][gc,phases      ] GC(330)   Pre Evacuate Collection Set: 0.44ms
[2006.727s][info][gc,phases      ] GC(330)   Merge Heap Roots: 0.64ms
[2006.727s][info][gc,phases      ] GC(330)   Evacuate Collection Set: 117.36ms
[2006.727s][info][gc,phases      ] GC(330)   Post Evacuate Collection Set: 0.90ms
[2006.727s][info][gc,phases      ] GC(330)   Other: 0.14ms
[2006.727s][info][gc,heap        ] GC(330) Eden regions: 1120->0(1119)
[2006.727s][info][gc,heap        ] GC(330) Survivor regions: 108->109(154)
[2006.727s][info][gc,heap        ] GC(330) Old regions: 473->505
[2006.727s][info][gc,heap        ] GC(330) Humongous regions: 80->80
[2006.727s][info][gc,metaspace   ] GC(330) Metaspace: 28921K(29184K)->28921K(29184K) NonClass: 24038K(24128K)->24038K(24128K) Class: 4883K(5056K)->4883K(5056K)
[2006.727s][info][gc             ] GC(330) Pause Young (Concurrent Start) (G1 Evacuation Pause) 3560M->1385M(4096M) 119.617ms
[2006.727s][info][gc             ] GC(331) Concurrent Mark Cycle
[2006.727s][info][gc,marking     ] GC(331) Concurrent Scan Root Regions
[2006.727s][info][gc,cpu         ] GC(330) User=0.71s Sys=0.00s Real=0.12s
[2006.864s][info][gc,marking     ] GC(331) Concurrent Scan Root Regions 137.173ms
[2006.864s][info][gc,marking     ] GC(331) Concurrent Mark
[2006.864s][info][gc,marking     ] GC(331) Concurrent Mark From Roots
[2006.864s][info][gc,task        ] GC(331) Using 2 workers of 2 for marking
.[2007.430s][info][gc,marking     ] GC(331) Concurrent Mark From Roots 566.094ms
[2007.430s][info][gc,marking     ] GC(331) Concurrent Preclean
[2007.430s][info][gc,marking     ] GC(331) Concurrent Preclean 0.065ms
[2007.430s][info][gc,start       ] GC(331) Pause Remark
[2007.434s][info][gc             ] GC(331) Pause Remark 1693M->1693M(4096M) 3.335ms
[2007.434s][info][gc,cpu         ] GC(331) User=0.02s Sys=0.00s Real=0.00s
[2007.434s][info][gc,marking     ] GC(331) Concurrent Mark 569.761ms
[2007.434s][info][gc,marking     ] GC(331) Concurrent Rebuild Remembered Sets and Scrub Regions
[2007.694s][info][gc,marking     ] GC(331) Concurrent Rebuild Remembered Sets and Scrub Regions 260.685ms
[2007.695s][info][gc,start       ] GC(331) Pause Cleanup
[2007.695s][info][gc             ] GC(331) Pause Cleanup 1795M->1795M(4096M) 0.133ms
[2007.695s][info][gc,cpu         ] GC(331) User=0.00s Sys=0.00s Real=0.00s
[2007.695s][info][gc,marking     ] GC(331) Concurrent Clear Claimed Marks
[2007.695s][info][gc,marking     ] GC(331) Concurrent Clear Claimed Marks 0.037ms
[2007.695s][info][gc,marking     ] GC(331) Concurrent Cleanup for Next Mark
[2007.699s][info][gc,marking     ] GC(331) Concurrent Cleanup for Next Mark 3.670ms
[2007.699s][info][gc             ] GC(331) Concurrent Mark Cycle 972.301ms
.....[2012.973s][info][gc,start       ] GC(332) Pause Young (Prepare Mixed) (G1 Evacuation Pause)
[2012.974s][info][gc,task        ] GC(332) Using 6 workers of 6 for evacuation
[2013.092s][info][gc,phases      ] GC(332)   Pre Evacuate Collection Set: 0.36ms
[2013.092s][info][gc,phases      ] GC(332)   Merge Heap Roots: 0.60ms
[2013.092s][info][gc,phases      ] GC(332)   Evacuate Collection Set: 116.83ms
[2013.092s][info][gc,phases      ] GC(332)   Post Evacuate Collection Set: 0.95ms
[2013.092s][info][gc,phases      ] GC(332)   Other: 0.09ms
[2013.092s][info][gc,heap        ] GC(332) Eden regions: 1119->0(1111)
[2013.092s][info][gc,heap        ] GC(332) Survivor regions: 109->109(154)
[2013.092s][info][gc,heap        ] GC(332) Old regions: 505->536
[2013.092s][info][gc,heap        ] GC(332) Humongous regions: 80->80
[2013.092s][info][gc,metaspace   ] GC(332) Metaspace: 28921K(29184K)->28921K(29184K) NonClass: 24038K(24128K)->24038K(24128K) Class: 4883K(5056K)->4883K(5056K)
[2013.092s][info][gc             ] GC(332) Pause Young (Prepare Mixed) (G1 Evacuation Pause) 3623M->1448M(4096M) 118.959ms
[2013.092s][info][gc,cpu         ] GC(332) User=0.71s Sys=0.00s Real=0.12s
.......[2019.521s][info][gc,start       ] GC(333) Pause Young (Mixed) (G1 Evacuation Pause)
[2019.521s][info][gc,task        ] GC(333) Using 6 workers of 6 for evacuation
[2019.653s][info][gc,phases      ] GC(333)   Pre Evacuate Collection Set: 0.38ms
[2019.653s][info][gc,phases      ] GC(333)   Merge Heap Roots: 0.75ms
[2019.653s][info][gc,phases      ] GC(333)   Evacuate Collection Set: 129.78ms
[2019.653s][info][gc,phases      ] GC(333)   Post Evacuate Collection Set: 0.98ms
[2019.653s][info][gc,phases      ] GC(333)   Other: 0.09ms
[2019.653s][info][gc,heap        ] GC(333) Eden regions: 1111->0(1121)
[2019.653s][info][gc,heap        ] GC(333) Survivor regions: 109->107(153)
[2019.653s][info][gc,heap        ] GC(333) Old regions: 536->472
[2019.653s][info][gc,heap        ] GC(333) Humongous regions: 80->80
[2019.653s][info][gc,metaspace   ] GC(333) Metaspace: 28921K(29184K)->28921K(29184K) NonClass: 24038K(24128K)->24038K(24128K) Class: 4883K(5056K)->4883K(5056K)
[2019.654s][info][gc             ] GC(333) Pause Young (Mixed) (G1 Evacuation Pause) 3670M->1315M(4096M) 132.121ms
[2019.654s][info][gc,cpu         ] GC(333) User=0.79s Sys=0.00s Real=0.13s
......[2026.040s][info][gc,start       ] GC(334) Pause Young (Concurrent Start) (G1 Evacuation Pause)
[2026.040s][info][gc,task        ] GC(334) Using 6 workers of 6 for evacuation
[2026.158s][info][gc,phases      ] GC(334)   Pre Evacuate Collection Set: 0.39ms
[2026.158s][info][gc,phases      ] GC(334)   Merge Heap Roots: 0.57ms
[2026.158s][info][gc,phases      ] GC(334)   Evacuate Collection Set: 115.80ms
[2026.158s][info][gc,phases      ] GC(334)   Post Evacuate Collection Set: 0.94ms
[2026.158s][info][gc,phases      ] GC(334)   Other: 0.11ms
[2026.158s][info][gc,heap        ] GC(334) Eden regions: 1121->0(1119)
[2026.158s][info][gc,heap        ] GC(334) Survivor regions: 107->109(154)
[2026.158s][info][gc,heap        ] GC(334) Old regions: 472->503
[2026.158s][info][gc,heap        ] GC(334) Humongous regions: 80->80
[2026.158s][info][gc,metaspace   ] GC(334) Metaspace: 28921K(29184K)->28921K(29184K) NonClass: 24038K(24128K)->24038K(24128K) Class: 4883K(5056K)->4883K(5056K)
[2026.158s][info][gc             ] GC(334) Pause Young (Concurrent Start) (G1 Evacuation Pause) 3557M->1383M(4096M) 117.960ms
[2026.158s][info][gc             ] GC(335) Concurrent Mark Cycle
[2026.158s][info][gc,marking     ] GC(335) Concurrent Scan Root Regions
[2026.158s][info][gc,cpu         ] GC(334) User=0.70s Sys=0.00s Real=0.11s
.[2026.301s][info][gc,marking     ] GC(335) Concurrent Scan Root Regions 142.897ms
[2026.301s][info][gc,marking     ] GC(335) Concurrent Mark
[2026.301s][info][gc,marking     ] GC(335) Concurrent Mark From Roots
[2026.301s][info][gc,task        ] GC(335) Using 2 workers of 2 for marking
[2026.912s][info][gc,marking     ] GC(335) Concurrent Mark From Roots 611.218ms
[2026.912s][info][gc,marking     ] GC(335) Concurrent Preclean
[2026.912s][info][gc,marking     ] GC(335) Concurrent Preclean 0.057ms
[2026.913s][info][gc,start       ] GC(335) Pause Remark
[2026.916s][info][gc             ] GC(335) Pause Remark 1678M->1678M(4096M) 3.650ms
[2026.916s][info][gc,cpu         ] GC(335) User=0.02s Sys=0.00s Real=0.00s
[2026.916s][info][gc,marking     ] GC(335) Concurrent Mark 615.187ms
[2026.916s][info][gc,marking     ] GC(335) Concurrent Rebuild Remembered Sets and Scrub Regions
[2027.143s][info][gc,marking     ] GC(335) Concurrent Rebuild Remembered Sets and Scrub Regions 227.120ms
[2027.144s][info][gc,start       ] GC(335) Pause Cleanup
[2027.144s][info][gc             ] GC(335) Pause Cleanup 1734M->1734M(4096M) 0.125ms
[2027.144s][info][gc,cpu         ] GC(335) User=0.00s Sys=0.00s Real=0.00s
[2027.144s][info][gc,marking     ] GC(335) Concurrent Clear Claimed Marks
[2027.144s][info][gc,marking     ] GC(335) Concurrent Clear Claimed Marks 0.030ms
[2027.144s][info][gc,marking     ] GC(335) Concurrent Cleanup for Next Mark
[2027.148s][info][gc,marking     ] GC(335) Concurrent Cleanup for Next Mark 3.905ms
[2027.148s][info][gc             ] GC(335) Concurrent Mark Cycle 989.622ms
..... (rIR:aIR:PR = 2906:2905:2905) (tPR = 42786) [OK] 
  2031s: Performance info:
         Transaction,    Success,    Partial,     Failed,   Receipts, AvgBarcode, 
             Overall,     174687,          0,          0,     165948,      59.47, 
         Response times:
             Request,    Success,    Partial,     Failed,   SkipFail,     Probes,    Samples,      min,      p50,      p90,      p95,      p99,      max, 
       TotalPurchase,     165948,          0,          0,          0,     161894,     177054,      300,     2500,     4000,     4800,    18100,   159000,
     InStorePurchase,      87335,          0,          0,          0,      85528,      93145,      300,     2400,     3900,     4800,    18000,   159000,
      OnlinePurchase,      61162,          0,          0,          0,      59513,      65242,      300,     2600,     4000,     4800,    18300,   159000,
        InstPurchase,      17451,          0,          0,          0,      16853,      18667,      400,     2600,     4000,     4900,    19900,   159000,
          AssocOfCat,        175,          0,          0,          0,        125,        194,    18100,    28000,    38500,    50000,   161800,   196000,
      AssocOfProduct,       1750,          0,          0,          0,       1564,       1879,      300,     1200,     3500,     4000,     9620,   137000,
      BusinessReport,        438,          0,          0,          0,        350,        436,    19400,    33000,    44000,    50150,    84260,    92000,
          CustBuyBeh,       1747,          0,          0,          0,       1580,       1887,      300,     2900,     4100,     5000,    19824,   136000,
       ProductReturn,       4630,          0,          0,          0,       4372,       4936,      200,     1100,     2400,     3100,     9400,   137000,

  2031s: (22%)   IR =   3044 .[2032.528s][info][gc,start       ] GC(336) Pause Young (Prepare Mixed) (G1 Evacuation Pause)
[2032.528s][info][gc,task        ] GC(336) Using 6 workers of 6 for evacuation
[2032.647s][info][gc,phases      ] GC(336)   Pre Evacuate Collection Set: 0.36ms
[2032.647s][info][gc,phases      ] GC(336)   Merge Heap Roots: 0.62ms
[2032.647s][info][gc,phases      ] GC(336)   Evacuate Collection Set: 117.26ms
[2032.647s][info][gc,phases      ] GC(336)   Post Evacuate Collection Set: 0.97ms
[2032.647s][info][gc,phases      ] GC(336)   Other: 0.09ms
[2032.647s][info][gc,heap        ] GC(336) Eden regions: 1119->0(1114)
[2032.647s][info][gc,heap        ] GC(336) Survivor regions: 109->108(154)
[2032.647s][info][gc,heap        ] GC(336) Old regions: 503->535
[2032.647s][info][gc,heap        ] GC(336) Humongous regions: 80->80
[2032.647s][info][gc,metaspace   ] GC(336) Metaspace: 28921K(29184K)->28921K(29184K) NonClass: 24038K(24128K)->24038K(24128K) Class: 4883K(5056K)->4883K(5056K)
[2032.647s][info][gc             ] GC(336) Pause Young (Prepare Mixed) (G1 Evacuation Pause) 3621M->1445M(4096M) 119.464ms
[2032.647s][info][gc,cpu         ] GC(336) User=0.70s Sys=0.00s Real=0.12s
...|...[2038.692s][info][gc,start       ] GC(337) Pause Young (Mixed) (G1 Evacuation Pause)
[2038.692s][info][gc,task        ] GC(337) Using 6 workers of 6 for evacuation
[2038.831s][info][gc,phases      ] GC(337)   Pre Evacuate Collection Set: 0.38ms
[2038.831s][info][gc,phases      ] GC(337)   Merge Heap Roots: 0.84ms
[2038.831s][info][gc,phases      ] GC(337)   Evacuate Collection Set: 136.16ms
[2038.831s][info][gc,phases      ] GC(337)   Post Evacuate Collection Set: 1.02ms
[2038.831s][info][gc,phases      ] GC(337)   Other: 0.10ms
[2038.831s][info][gc,heap        ] GC(337) Eden regions: 1114->0(1117)
[2038.831s][info][gc,heap        ] GC(337) Survivor regions: 108->111(153)
[2038.831s][info][gc,heap        ] GC(337) Old regions: 535->472
[2038.831s][info][gc,heap        ] GC(337) Humongous regions: 80->80
[2038.831s][info][gc,metaspace   ] GC(337) Metaspace: 28921K(29184K)->28921K(29184K) NonClass: 24038K(24128K)->24038K(24128K) Class: 4883K(5056K)->4883K(5056K)
[2038.831s][info][gc             ] GC(337) Pause Young (Mixed) (G1 Evacuation Pause) 3673M->1324M(4096M) 138.628ms
[2038.831s][info][gc,cpu         ] GC(337) User=0.82s Sys=0.00s Real=0.14s
......[2044.877s][info][gc,start       ] GC(338) Pause Young (Concurrent Start) (G1 Evacuation Pause)
[2044.877s][info][gc,task        ] GC(338) Using 6 workers of 6 for evacuation
[2044.994s][info][gc,phases      ] GC(338)   Pre Evacuate Collection Set: 0.44ms
[2044.994s][info][gc,phases      ] GC(338)   Merge Heap Roots: 0.51ms
[2044.994s][info][gc,phases      ] GC(338)   Evacuate Collection Set: 114.94ms
[2044.994s][info][gc,phases      ] GC(338)   Post Evacuate Collection Set: 0.89ms
[2044.994s][info][gc,phases      ] GC(338)   Other: 0.12ms
[2044.994s][info][gc,heap        ] GC(338) Eden regions: 1117->0(1120)
[2044.994s][info][gc,heap        ] GC(338) Survivor regions: 111->108(154)
[2044.994s][info][gc,heap        ] GC(338) Old regions: 472->504
[2044.994s][info][gc,heap        ] GC(338) Humongous regions: 80->80
[2044.994s][info][gc,metaspace   ] GC(338) Metaspace: 28921K(29184K)->28921K(29184K) NonClass: 24038K(24128K)->24038K(24128K) Class: 4883K(5056K)->4883K(5056K)
[2044.994s][info][gc             ] GC(338) Pause Young (Concurrent Start) (G1 Evacuation Pause) 3558M->1383M(4096M) 117.024ms
[2044.994s][info][gc             ] GC(339) Concurrent Mark Cycle
[2044.994s][info][gc,marking     ] GC(339) Concurrent Scan Root Regions
[2044.994s][info][gc,cpu         ] GC(338) User=0.70s Sys=0.00s Real=0.12s
[2045.163s][info][gc,marking     ] GC(339) Concurrent Scan Root Regions 168.393ms
[2045.163s][info][gc,marking     ] GC(339) Concurrent Mark
[2045.163s][info][gc,marking     ] GC(339) Concurrent Mark From Roots
[2045.163s][info][gc,task        ] GC(339) Using 2 workers of 2 for marking
.[2045.778s][info][gc,marking     ] GC(339) Concurrent Mark From Roots 615.410ms
[2045.778s][info][gc,marking     ] GC(339) Concurrent Preclean
[2045.778s][info][gc,marking     ] GC(339) Concurrent Preclean 0.058ms
[2045.778s][info][gc,start       ] GC(339) Pause Remark
[2045.782s][info][gc             ] GC(339) Pause Remark 1725M->1725M(4096M) 3.369ms
[2045.782s][info][gc,cpu         ] GC(339) User=0.01s Sys=0.00s Real=0.01s
[2045.782s][info][gc,marking     ] GC(339) Concurrent Mark 619.116ms
[2045.782s][info][gc,marking     ] GC(339) Concurrent Rebuild Remembered Sets and Scrub Regions
[2046.013s][info][gc,marking     ] GC(339) Concurrent Rebuild Remembered Sets and Scrub Regions 231.363ms
[2046.013s][info][gc,start       ] GC(339) Pause Cleanup
[2046.013s][info][gc             ] GC(339) Pause Cleanup 1800M->1800M(4096M) 0.125ms
[2046.013s][info][gc,cpu         ] GC(339) User=0.00s Sys=0.00s Real=0.00s
[2046.013s][info][gc,marking     ] GC(339) Concurrent Clear Claimed Marks
[2046.013s][info][gc,marking     ] GC(339) Concurrent Clear Claimed Marks 0.027ms
[2046.013s][info][gc,marking     ] GC(339) Concurrent Cleanup for Next Mark
[2046.017s][info][gc,marking     ] GC(339) Concurrent Cleanup for Next Mark 3.182ms
[2046.017s][info][gc             ] GC(339) Concurrent Mark Cycle 1022.487ms
.....[2051.086s][info][gc,start       ] GC(340) Pause Young (Prepare Mixed) (G1 Evacuation Pause)
[2051.086s][info][gc,task        ] GC(340) Using 6 workers of 6 for evacuation
[2051.202s][info][gc,phases      ] GC(340)   Pre Evacuate Collection Set: 0.33ms
[2051.202s][info][gc,phases      ] GC(340)   Merge Heap Roots: 0.56ms
[2051.202s][info][gc,phases      ] GC(340)   Evacuate Collection Set: 114.60ms
[2051.202s][info][gc,phases      ] GC(340)   Post Evacuate Collection Set: 0.96ms
[2051.202s][info][gc,phases      ] GC(340)   Other: 0.09ms
[2051.202s][info][gc,heap        ] GC(340) Eden regions: 1120->0(1111)
[2051.202s][info][gc,heap        ] GC(340) Survivor regions: 108->109(154)
[2051.202s][info][gc,heap        ] GC(340) Old regions: 504->536
[2051.202s][info][gc,heap        ] GC(340) Humongous regions: 80->80
[2051.202s][info][gc,metaspace   ] GC(340) Metaspace: 28921K(29184K)->28921K(29184K) NonClass: 24038K(24128K)->24038K(24128K) Class: 4883K(5056K)->4883K(5056K)
[2051.202s][info][gc             ] GC(340) Pause Young (Prepare Mixed) (G1 Evacuation Pause) 3623M->1447M(4096M) 116.674ms
[2051.202s][info][gc,cpu         ] GC(340) User=0.70s Sys=0.00s Real=0.12s
.......[2057.307s][info][gc,start       ] GC(341) Pause Young (Mixed) (G1 Evacuation Pause)
[2057.307s][info][gc,task        ] GC(341) Using 6 workers of 6 for evacuation
[2057.439s][info][gc,phases      ] GC(341)   Pre Evacuate Collection Set: 0.39ms
[2057.439s][info][gc,phases      ] GC(341)   Merge Heap Roots: 0.67ms
[2057.439s][info][gc,phases      ] GC(341)   Evacuate Collection Set: 129.83ms
[2057.439s][info][gc,phases      ] GC(341)   Post Evacuate Collection Set: 0.95ms
[2057.439s][info][gc,phases      ] GC(341)   Other: 0.09ms
[2057.439s][info][gc,heap        ] GC(341) Eden regions: 1111->0(1120)
[2057.439s][info][gc,heap        ] GC(341) Survivor regions: 109->108(153)
[2057.439s][info][gc,heap        ] GC(341) Old regions: 536->472
[2057.439s][info][gc,heap        ] GC(341) Humongous regions: 80->80
[2057.439s][info][gc,metaspace   ] GC(341) Metaspace: 28921K(29184K)->28921K(29184K) NonClass: 24038K(24128K)->24038K(24128K) Class: 4883K(5056K)->4883K(5056K)
[2057.439s][info][gc             ] GC(341) Pause Young (Mixed) (G1 Evacuation Pause) 3669M->1318M(4096M) 132.064ms
[2057.439s][info][gc,cpu         ] GC(341) User=0.79s Sys=0.00s Real=0.14s
......[2063.485s][info][gc,start       ] GC(342) Pause Young (Concurrent Start) (G1 Evacuation Pause)
[2063.485s][info][gc,task        ] GC(342) Using 6 workers of 6 for evacuation
[2063.604s][info][gc,phases      ] GC(342)   Pre Evacuate Collection Set: 0.42ms
[2063.604s][info][gc,phases      ] GC(342)   Merge Heap Roots: 0.57ms
[2063.604s][info][gc,phases      ] GC(342)   Evacuate Collection Set: 116.71ms
[2063.604s][info][gc,phases      ] GC(342)   Post Evacuate Collection Set: 0.92ms
[2063.604s][info][gc,phases      ] GC(342)   Other: 0.13ms
[2063.604s][info][gc,heap        ] GC(342) Eden regions: 1120->0(1118)
[2063.604s][info][gc,heap        ] GC(342) Survivor regions: 108->110(154)
[2063.604s][info][gc,heap        ] GC(342) Old regions: 472->505
[2063.604s][info][gc,heap        ] GC(342) Humongous regions: 80->80
[2063.604s][info][gc,metaspace   ] GC(342) Metaspace: 28921K(29184K)->28921K(29184K) NonClass: 24038K(24128K)->24038K(24128K) Class: 4883K(5056K)->4883K(5056K)
[2063.604s][info][gc             ] GC(342) Pause Young (Concurrent Start) (G1 Evacuation Pause) 3558M->1387M(4096M) 118.889ms
[2063.604s][info][gc             ] GC(343) Concurrent Mark Cycle
[2063.604s][info][gc,marking     ] GC(343) Concurrent Scan Root Regions
[2063.604s][info][gc,cpu         ] GC(342) User=0.70s Sys=0.00s Real=0.12s
[2063.749s][info][gc,marking     ] GC(343) Concurrent Scan Root Regions 144.526ms
[2063.749s][info][gc,marking     ] GC(343) Concurrent Mark
[2063.749s][info][gc,marking     ] GC(343) Concurrent Mark From Roots
[2063.749s][info][gc,task        ] GC(343) Using 2 workers of 2 for marking
.[2064.390s][info][gc,marking     ] GC(343) Concurrent Mark From Roots 640.976ms
[2064.390s][info][gc,marking     ] GC(343) Concurrent Preclean
[2064.390s][info][gc,marking     ] GC(343) Concurrent Preclean 0.046ms
[2064.390s][info][gc,start       ] GC(343) Pause Remark
[2064.393s][info][gc             ] GC(343) Pause Remark 1710M->1710M(4096M) 3.626ms
[2064.393s][info][gc,cpu         ] GC(343) User=0.02s Sys=0.00s Real=0.00s
[2064.393s][info][gc,marking     ] GC(343) Concurrent Mark 644.908ms
[2064.393s][info][gc,marking     ] GC(343) Concurrent Rebuild Remembered Sets and Scrub Regions
[2064.673s][info][gc,marking     ] GC(343) Concurrent Rebuild Remembered Sets and Scrub Regions 279.686ms
[2064.673s][info][gc,start       ] GC(343) Pause Cleanup
[2064.673s][info][gc             ] GC(343) Pause Cleanup 1809M->1809M(4096M) 0.153ms
[2064.674s][info][gc,cpu         ] GC(343) User=0.00s Sys=0.00s Real=0.00s
[2064.674s][info][gc,marking     ] GC(343) Concurrent Clear Claimed Marks
[2064.674s][info][gc,marking     ] GC(343) Concurrent Clear Claimed Marks 0.029ms
[2064.674s][info][gc,marking     ] GC(343) Concurrent Cleanup for Next Mark
[2064.677s][info][gc,marking     ] GC(343) Concurrent Cleanup for Next Mark 3.882ms
[2064.678s][info][gc             ] GC(343) Concurrent Mark Cycle 1073.583ms
.....[2069.677s][info][gc,start       ] GC(344) Pause Young (Prepare Mixed) (G1 Evacuation Pause)
[2069.677s][info][gc,task        ] GC(344) Using 6 workers of 6 for evacuation
[2069.794s][info][gc,phases      ] GC(344)   Pre Evacuate Collection Set: 0.34ms
[2069.794s][info][gc,phases      ] GC(344)   Merge Heap Roots: 0.66ms
[2069.794s][info][gc,phases      ] GC(344)   Evacuate Collection Set: 114.86ms
[2069.794s][info][gc,phases      ] GC(344)   Post Evacuate Collection Set: 0.95ms
[2069.794s][info][gc,phases      ] GC(344)   Other: 0.09ms
[2069.794s][info][gc,heap        ] GC(344) Eden regions: 1118->0(1112)
[2069.794s][info][gc,heap        ] GC(344) Survivor regions: 110->108(154)
[2069.794s][info][gc,heap        ] GC(344) Old regions: 505->537
[2069.794s][info][gc,heap        ] GC(344) Humongous regions: 80->80
[2069.794s][info][gc,metaspace   ] GC(344) Metaspace: 28921K(29184K)->28921K(29184K) NonClass: 24038K(24128K)->24038K(24128K) Class: 4883K(5056K)->4883K(5056K)
[2069.794s][info][gc             ] GC(344) Pause Young (Prepare Mixed) (G1 Evacuation Pause) 3623M->1447M(4096M) 117.013ms
[2069.794s][info][gc,cpu         ] GC(344) User=0.69s Sys=0.00s Real=0.12s
......[2075.979s][info][gc,start       ] GC(345) Pause Young (Mixed) (G1 Evacuation Pause)
[2075.979s][info][gc,task        ] GC(345) Using 6 workers of 6 for evacuation
[2076.112s][info][gc,phases      ] GC(345)   Pre Evacuate Collection Set: 0.42ms
[2076.113s][info][gc,phases      ] GC(345)   Merge Heap Roots: 0.92ms
[2076.113s][info][gc,phases      ] GC(345)   Evacuate Collection Set: 131.13ms
[2076.113s][info][gc,phases      ] GC(345)   Post Evacuate Collection Set: 0.97ms
[2076.113s][info][gc,phases      ] GC(345)   Other: 0.10ms
[2076.113s][info][gc,heap        ] GC(345) Eden regions: 1112->0(1119)
[2076.113s][info][gc,heap        ] GC(345) Survivor regions: 108->109(153)
[2076.113s][info][gc,heap        ] GC(345) Old regions: 537->472
[2076.113s][info][gc,heap        ] GC(345) Humongous regions: 80->80
[2076.113s][info][gc,metaspace   ] GC(345) Metaspace: 28921K(29184K)->28921K(29184K) NonClass: 24038K(24128K)->24038K(24128K) Class: 4883K(5056K)->4883K(5056K)
[2076.113s][info][gc             ] GC(345) Pause Young (Mixed) (G1 Evacuation Pause) 3671M->1320M(4096M) 133.683ms
[2076.113s][info][gc,cpu         ] GC(345) User=0.80s Sys=0.00s Real=0.13s
......[2082.152s][info][gc,start       ] GC(346) Pause Young (Concurrent Start) (G1 Evacuation Pause)
[2082.152s][info][gc,task        ] GC(346) Using 6 workers of 6 for evacuation
[2082.270s][info][gc,phases      ] GC(346)   Pre Evacuate Collection Set: 0.39ms
[2082.270s][info][gc,phases      ] GC(346)   Merge Heap Roots: 0.51ms
[2082.270s][info][gc,phases      ] GC(346)   Evacuate Collection Set: 115.46ms
[2082.270s][info][gc,phases      ] GC(346)   Post Evacuate Collection Set: 0.88ms
[2082.270s][info][gc,phases      ] GC(346)   Other: 0.11ms
[2082.270s][info][gc,heap        ] GC(346) Eden regions: 1119->0(1118)
[2082.270s][info][gc,heap        ] GC(346) Survivor regions: 109->110(154)
[2082.270s][info][gc,heap        ] GC(346) Old regions: 472->504
[2082.270s][info][gc,heap        ] GC(346) Humongous regions: 80->80
[2082.270s][info][gc,metaspace   ] GC(346) Metaspace: 28921K(29184K)->28921K(29184K) NonClass: 24038K(24128K)->24038K(24128K) Class: 4883K(5056K)->4883K(5056K)
[2082.270s][info][gc             ] GC(346) Pause Young (Concurrent Start) (G1 Evacuation Pause) 3558M->1385M(4096M) 117.480ms
[2082.270s][info][gc             ] GC(347) Concurrent Mark Cycle
[2082.270s][info][gc,marking     ] GC(347) Concurrent Scan Root Regions
[2082.270s][info][gc,cpu         ] GC(346) User=0.70s Sys=0.00s Real=0.12s
.[2082.415s][info][gc,marking     ] GC(347) Concurrent Scan Root Regions 145.570ms
[2082.415s][info][gc,marking     ] GC(347) Concurrent Mark
[2082.415s][info][gc,marking     ] GC(347) Concurrent Mark From Roots
[2082.415s][info][gc,task        ] GC(347) Using 2 workers of 2 for marking
[2083.078s][info][gc,marking     ] GC(347) Concurrent Mark From Roots 662.457ms
[2083.078s][info][gc,marking     ] GC(347) Concurrent Preclean
[2083.078s][info][gc,marking     ] GC(347) Concurrent Preclean 0.085ms
[2083.078s][info][gc,start       ] GC(347) Pause Remark
[2083.082s][info][gc             ] GC(347) Pause Remark 1737M->1737M(4096M) 3.529ms
[2083.082s][info][gc,cpu         ] GC(347) User=0.02s Sys=0.00s Real=0.01s
[2083.082s][info][gc,marking     ] GC(347) Concurrent Mark 667.014ms
[2083.082s][info][gc,marking     ] GC(347) Concurrent Rebuild Remembered Sets and Scrub Regions
.[2083.437s][info][gc,marking     ] GC(347) Concurrent Rebuild Remembered Sets and Scrub Regions 354.387ms
[2083.438s][info][gc,start       ] GC(347) Pause Cleanup
[2083.439s][info][gc             ] GC(347) Pause Cleanup 1857M->1857M(4096M) 0.145ms
[2083.439s][info][gc,cpu         ] GC(347) User=0.00s Sys=0.00s Real=0.01s
[2083.439s][info][gc,marking     ] GC(347) Concurrent Clear Claimed Marks
[2083.439s][info][gc,marking     ] GC(347) Concurrent Clear Claimed Marks 0.035ms
[2083.439s][info][gc,marking     ] GC(347) Concurrent Cleanup for Next Mark
[2083.444s][info][gc,marking     ] GC(347) Concurrent Cleanup for Next Mark 5.222ms
[2083.444s][info][gc             ] GC(347) Concurrent Mark Cycle 1174.289ms
.....[2088.357s][info][gc,start       ] GC(348) Pause Young (Prepare Mixed) (G1 Evacuation Pause)
[2088.357s][info][gc,task        ] GC(348) Using 6 workers of 6 for evacuation
[2088.476s][info][gc,phases      ] GC(348)   Pre Evacuate Collection Set: 0.36ms
[2088.476s][info][gc,phases      ] GC(348)   Merge Heap Roots: 0.56ms
[2088.476s][info][gc,phases      ] GC(348)   Evacuate Collection Set: 116.46ms
[2088.476s][info][gc,phases      ] GC(348)   Post Evacuate Collection Set: 0.94ms
[2088.476s][info][gc,phases      ] GC(348)   Other: 0.09ms
[2088.476s][info][gc,heap        ] GC(348) Eden regions: 1118->0(1111)
[2088.476s][info][gc,heap        ] GC(348) Survivor regions: 110->109(154)
[2088.476s][info][gc,heap        ] GC(348) Old regions: 504->536
[2088.476s][info][gc,heap        ] GC(348) Humongous regions: 80->80
[2088.476s][info][gc,metaspace   ] GC(348) Metaspace: 28921K(29184K)->28921K(29184K) NonClass: 24038K(24128K)->24038K(24128K) Class: 4883K(5056K)->4883K(5056K)
[2088.476s][info][gc             ] GC(348) Pause Young (Prepare Mixed) (G1 Evacuation Pause) 3621M->1448M(4096M) 118.554ms
[2088.476s][info][gc,cpu         ] GC(348) User=0.71s Sys=0.00s Real=0.12s
......[2094.521s][info][gc,start       ] GC(349) Pause Young (Mixed) (G1 Evacuation Pause)
[2094.521s][info][gc,task        ] GC(349) Using 6 workers of 6 for evacuation
[2094.653s][info][gc,phases      ] GC(349)   Pre Evacuate Collection Set: 0.39ms
[2094.653s][info][gc,phases      ] GC(349)   Merge Heap Roots: 0.87ms
[2094.653s][info][gc,phases      ] GC(349)   Evacuate Collection Set: 129.86ms
[2094.653s][info][gc,phases      ] GC(349)   Post Evacuate Collection Set: 0.96ms
[2094.653s][info][gc,phases      ] GC(349)   Other: 0.09ms
[2094.653s][info][gc,heap        ] GC(349) Eden regions: 1111->0(1121)
[2094.653s][info][gc,heap        ] GC(349) Survivor regions: 109->107(153)
[2094.653s][info][gc,heap        ] GC(349) Old regions: 536->472
[2094.653s][info][gc,heap        ] GC(349) Humongous regions: 80->80
[2094.653s][info][gc,metaspace   ] GC(349) Metaspace: 28921K(29184K)->28921K(29184K) NonClass: 24038K(24128K)->24038K(24128K) Class: 4883K(5056K)->4883K(5056K)
[2094.653s][info][gc             ] GC(349) Pause Young (Mixed) (G1 Evacuation Pause) 3670M->1316M(4096M) 132.296ms
[2094.653s][info][gc,cpu         ] GC(349) User=0.78s Sys=0.00s Real=0.13s
. (rIR:aIR:PR = 3044:3042:3042) (tPR = 45025) [OK] 
  2095s: Performance info:
         Transaction,    Success,    Partial,     Failed,   Receipts, AvgBarcode, 
             Overall,     182678,          0,          0,     173565,      59.47, 
         Response times:
             Request,    Success,    Partial,     Failed,   SkipFail,     Probes,    Samples,      min,      p50,      p90,      p95,      p99,      max, 
       TotalPurchase,     173565,          0,          0,          0,     171101,     183092,      300,     2600,     4200,     5200,    25000,   173000,
     InStorePurchase,      91386,          0,          0,          0,      90342,      96254,      300,     2700,     4200,     5200,    25000,   173000,
      OnlinePurchase,      63937,          0,          0,          0,      63047,      67587,      300,     2500,     4200,     5200,    24120,   156000,
        InstPurchase,      18242,          0,          0,          0,      17712,      19251,      400,     2700,     4200,     5300,    25000,   149000,
          AssocOfCat,        181,          0,          0,          0,        137,        185,    18900,    29000,    39400,    51100,    99120,   192000,
      AssocOfProduct,       1819,          0,          0,          0,       1631,       1892,      600,     2700,     4200,     4900,    17807,   134000,
      BusinessReport,        454,          0,          0,          0,        362,        470,    19500,    33000,    46000,    55450,   107280,   208000,
          CustBuyBeh,       1826,          0,          0,          0,       1661,       1941,      300,     3000,     4800,     7100,    29000,   146000,
       ProductReturn,       4832,          0,          0,          0,       4556,       5054,      200,     2200,     4100,     5000,    22450,   136000,

  2095s: (23%)   IR =   3183 .....|[2100.639s][info][gc,start       ] GC(350) Pause Young (Concurrent Start) (G1 Evacuation Pause)
[2100.639s][info][gc,task        ] GC(350) Using 6 workers of 6 for evacuation
[2100.765s][info][gc,phases      ] GC(350)   Pre Evacuate Collection Set: 0.40ms
[2100.765s][info][gc,phases      ] GC(350)   Merge Heap Roots: 0.63ms
[2100.765s][info][gc,phases      ] GC(350)   Evacuate Collection Set: 123.69ms
[2100.765s][info][gc,phases      ] GC(350)   Post Evacuate Collection Set: 0.95ms
[2100.765s][info][gc,phases      ] GC(350)   Other: 0.14ms
[2100.765s][info][gc,heap        ] GC(350) Eden regions: 1121->0(1113)
[2100.765s][info][gc,heap        ] GC(350) Survivor regions: 107->115(154)
[2100.765s][info][gc,heap        ] GC(350) Old regions: 472->503
[2100.765s][info][gc,heap        ] GC(350) Humongous regions: 80->80
[2100.765s][info][gc,metaspace   ] GC(350) Metaspace: 28922K(29184K)->28922K(29184K) NonClass: 24038K(24128K)->24038K(24128K) Class: 4883K(5056K)->4883K(5056K)
[2100.765s][info][gc             ] GC(350) Pause Young (Concurrent Start) (G1 Evacuation Pause) 3558M->1394M(4096M) 125.954ms
[2100.765s][info][gc             ] GC(351) Concurrent Mark Cycle
[2100.765s][info][gc,marking     ] GC(351) Concurrent Scan Root Regions
[2100.765s][info][gc,cpu         ] GC(350) User=0.75s Sys=0.00s Real=0.12s
[2100.926s][info][gc,marking     ] GC(351) Concurrent Scan Root Regions 161.410ms
[2100.926s][info][gc,marking     ] GC(351) Concurrent Mark
[2100.926s][info][gc,marking     ] GC(351) Concurrent Mark From Roots
[2100.926s][info][gc,task        ] GC(351) Using 2 workers of 2 for marking
.[2101.566s][info][gc,marking     ] GC(351) Concurrent Mark From Roots 639.792ms
[2101.566s][info][gc,marking     ] GC(351) Concurrent Preclean
[2101.566s][info][gc,marking     ] GC(351) Concurrent Preclean 0.080ms
[2101.566s][info][gc,start       ] GC(351) Pause Remark
[2101.570s][info][gc             ] GC(351) Pause Remark 1762M->1762M(4096M) 3.647ms
[2101.570s][info][gc,cpu         ] GC(351) User=0.02s Sys=0.00s Real=0.01s
[2101.570s][info][gc,marking     ] GC(351) Concurrent Mark 643.756ms
[2101.570s][info][gc,marking     ] GC(351) Concurrent Rebuild Remembered Sets and Scrub Regions
[2101.826s][info][gc,marking     ] GC(351) Concurrent Rebuild Remembered Sets and Scrub Regions 255.796ms
[2101.826s][info][gc,start       ] GC(351) Pause Cleanup
[2101.826s][info][gc             ] GC(351) Pause Cleanup 1840M->1840M(4096M) 0.126ms
[2101.826s][info][gc,cpu         ] GC(351) User=0.00s Sys=0.00s Real=0.00s
[2101.826s][info][gc,marking     ] GC(351) Concurrent Clear Claimed Marks
[2101.826s][info][gc,marking     ] GC(351) Concurrent Clear Claimed Marks 0.032ms
[2101.826s][info][gc,marking     ] GC(351) Concurrent Cleanup for Next Mark
[2101.829s][info][gc,marking     ] GC(351) Concurrent Cleanup for Next Mark 3.200ms
[2101.829s][info][gc             ] GC(351) Concurrent Mark Cycle 1064.647ms
.....[2106.582s][info][gc,start       ] GC(352) Pause Young (Prepare Mixed) (G1 Evacuation Pause)
[2106.582s][info][gc,task        ] GC(352) Using 6 workers of 6 for evacuation
[2106.698s][info][gc,phases      ] GC(352)   Pre Evacuate Collection Set: 0.36ms
[2106.698s][info][gc,phases      ] GC(352)   Merge Heap Roots: 0.61ms
[2106.698s][info][gc,phases      ] GC(352)   Evacuate Collection Set: 114.45ms
[2106.698s][info][gc,phases      ] GC(352)   Post Evacuate Collection Set: 0.97ms
[2106.698s][info][gc,phases      ] GC(352)   Other: 0.08ms
[2106.698s][info][gc,heap        ] GC(352) Eden regions: 1113->0(1112)
[2106.698s][info][gc,heap        ] GC(352) Survivor regions: 115->109(154)
[2106.698s][info][gc,heap        ] GC(352) Old regions: 503->535
[2106.698s][info][gc,heap        ] GC(352) Humongous regions: 80->80
[2106.698s][info][gc,metaspace   ] GC(352) Metaspace: 28922K(29184K)->28922K(29184K) NonClass: 24038K(24128K)->24038K(24128K) Class: 4883K(5056K)->4883K(5056K)
[2106.698s][info][gc             ] GC(352) Pause Young (Prepare Mixed) (G1 Evacuation Pause) 3620M->1446M(4096M) 116.601ms
[2106.698s][info][gc,cpu         ] GC(352) User=0.70s Sys=0.00s Real=0.11s
......[2112.504s][info][gc,start       ] GC(353) Pause Young (Mixed) (G1 Evacuation Pause)
[2112.504s][info][gc,task        ] GC(353) Using 6 workers of 6 for evacuation
[2112.640s][info][gc,phases      ] GC(353)   Pre Evacuate Collection Set: 0.41ms
[2112.640s][info][gc,phases      ] GC(353)   Merge Heap Roots: 0.88ms
[2112.640s][info][gc,phases      ] GC(353)   Evacuate Collection Set: 133.60ms
[2112.640s][info][gc,phases      ] GC(353)   Post Evacuate Collection Set: 0.97ms
[2112.640s][info][gc,phases      ] GC(353)   Other: 0.09ms
[2112.640s][info][gc,heap        ] GC(353) Eden regions: 1112->0(1119)
[2112.640s][info][gc,heap        ] GC(353) Survivor regions: 109->109(153)
[2112.640s][info][gc,heap        ] GC(353) Old regions: 535->470
[2112.640s][info][gc,heap        ] GC(353) Humongous regions: 80->80
[2112.640s][info][gc,metaspace   ] GC(353) Metaspace: 28922K(29184K)->28922K(29184K) NonClass: 24038K(24128K)->24038K(24128K) Class: 4883K(5056K)->4883K(5056K)
[2112.640s][info][gc             ] GC(353) Pause Young (Mixed) (G1 Evacuation Pause) 3670M->1317M(4096M) 136.097ms
[2112.640s][info][gc,cpu         ] GC(353) User=0.81s Sys=0.00s Real=0.14s
......[2118.463s][info][gc,start       ] GC(354) Pause Young (Concurrent Start) (G1 Evacuation Pause)
[2118.464s][info][gc,task        ] GC(354) Using 6 workers of 6 for evacuation
[2118.582s][info][gc,phases      ] GC(354)   Pre Evacuate Collection Set: 0.40ms
[2118.582s][info][gc,phases      ] GC(354)   Merge Heap Roots: 0.54ms
[2118.582s][info][gc,phases      ] GC(354)   Evacuate Collection Set: 116.26ms
[2118.582s][info][gc,phases      ] GC(354)   Post Evacuate Collection Set: 0.89ms
[2118.582s][info][gc,phases      ] GC(354)   Other: 0.11ms
[2118.582s][info][gc,heap        ] GC(354) Eden regions: 1119->0(1118)
[2118.582s][info][gc,heap        ] GC(354) Survivor regions: 109->110(154)
[2118.582s][info][gc,heap        ] GC(354) Old regions: 470->502
[2118.582s][info][gc,heap        ] GC(354) Humongous regions: 80->80
[2118.582s][info][gc,metaspace   ] GC(354) Metaspace: 28922K(29184K)->28922K(29184K) NonClass: 24038K(24128K)->24038K(24128K) Class: 4883K(5056K)->4883K(5056K)
[2118.582s][info][gc             ] GC(354) Pause Young (Concurrent Start) (G1 Evacuation Pause) 3555M->1381M(4096M) 118.341ms
[2118.582s][info][gc             ] GC(355) Concurrent Mark Cycle
[2118.582s][info][gc,marking     ] GC(355) Concurrent Scan Root Regions
[2118.582s][info][gc,cpu         ] GC(354) User=0.70s Sys=0.00s Real=0.12s
[2118.755s][info][gc,marking     ] GC(355) Concurrent Scan Root Regions 173.179ms
[2118.755s][info][gc,marking     ] GC(355) Concurrent Mark
[2118.755s][info][gc,marking     ] GC(355) Concurrent Mark From Roots
[2118.755s][info][gc,task        ] GC(355) Using 2 workers of 2 for marking
.[2119.706s][info][gc,marking     ] GC(355) Concurrent Mark From Roots 950.569ms
[2119.706s][info][gc,marking     ] GC(355) Concurrent Preclean
[2119.706s][info][gc,marking     ] GC(355) Concurrent Preclean 0.072ms
[2119.706s][info][gc,start       ] GC(355) Pause Remark
[2119.710s][info][gc             ] GC(355) Pause Remark 1859M->1859M(4096M) 4.292ms
[2119.710s][info][gc,cpu         ] GC(355) User=0.02s Sys=0.00s Real=0.01s
[2119.710s][info][gc,marking     ] GC(355) Concurrent Mark 955.228ms
[2119.710s][info][gc,marking     ] GC(355) Concurrent Rebuild Remembered Sets and Scrub Regions
[2120.069s][info][gc,marking     ] GC(355) Concurrent Rebuild Remembered Sets and Scrub Regions 358.616ms
[2120.069s][info][gc,start       ] GC(355) Pause Cleanup
[2120.069s][info][gc             ] GC(355) Pause Cleanup 2017M->2017M(4096M) 0.129ms
[2120.069s][info][gc,cpu         ] GC(355) User=0.00s Sys=0.00s Real=0.00s
[2120.069s][info][gc,marking     ] GC(355) Concurrent Clear Claimed Marks
[2120.069s][info][gc,marking     ] GC(355) Concurrent Clear Claimed Marks 0.028ms
[2120.069s][info][gc,marking     ] GC(355) Concurrent Cleanup for Next Mark
[2120.073s][info][gc,marking     ] GC(355) Concurrent Cleanup for Next Mark 3.612ms
[2120.073s][info][gc             ] GC(355) Concurrent Mark Cycle 1491.075ms
.....[2124.410s][info][gc,start       ] GC(356) Pause Young (Prepare Mixed) (G1 Evacuation Pause)
[2124.410s][info][gc,task        ] GC(356) Using 6 workers of 6 for evacuation
[2124.528s][info][gc,phases      ] GC(356)   Pre Evacuate Collection Set: 0.36ms
[2124.528s][info][gc,phases      ] GC(356)   Merge Heap Roots: 0.57ms
[2124.528s][info][gc,phases      ] GC(356)   Evacuate Collection Set: 116.35ms
[2124.528s][info][gc,phases      ] GC(356)   Post Evacuate Collection Set: 0.95ms
[2124.528s][info][gc,phases      ] GC(356)   Other: 0.09ms
[2124.528s][info][gc,heap        ] GC(356) Eden regions: 1118->0(1113)
[2124.528s][info][gc,heap        ] GC(356) Survivor regions: 110->109(154)
[2124.528s][info][gc,heap        ] GC(356) Old regions: 502->534
[2124.528s][info][gc,heap        ] GC(356) Humongous regions: 80->80
[2124.528s][info][gc,metaspace   ] GC(356) Metaspace: 28922K(29184K)->28922K(29184K) NonClass: 24038K(24128K)->24038K(24128K) Class: 4883K(5056K)->4883K(5056K)
[2124.528s][info][gc             ] GC(356) Pause Young (Prepare Mixed) (G1 Evacuation Pause) 3617M->1443M(4096M) 118.486ms
[2124.529s][info][gc,cpu         ] GC(356) User=0.71s Sys=0.00s Real=0.12s
.....[2130.345s][info][gc,start       ] GC(357) Pause Young (Mixed) (G1 Evacuation Pause)
[2130.346s][info][gc,task        ] GC(357) Using 6 workers of 6 for evacuation
[2130.480s][info][gc,phases      ] GC(357)   Pre Evacuate Collection Set: 0.38ms
[2130.480s][info][gc,phases      ] GC(357)   Merge Heap Roots: 0.79ms
[2130.480s][info][gc,phases      ] GC(357)   Evacuate Collection Set: 132.67ms
[2130.480s][info][gc,phases      ] GC(357)   Post Evacuate Collection Set: 0.96ms
[2130.480s][info][gc,phases      ] GC(357)   Other: 0.09ms
[2130.480s][info][gc,heap        ] GC(357) Eden regions: 1113->0(1119)
[2130.480s][info][gc,heap        ] GC(357) Survivor regions: 109->109(153)
[2130.480s][info][gc,heap        ] GC(357) Old regions: 534->472
[2130.480s][info][gc,heap        ] GC(357) Humongous regions: 80->80
[2130.480s][info][gc,metaspace   ] GC(357) Metaspace: 28922K(29184K)->28922K(29184K) NonClass: 24038K(24128K)->24038K(24128K) Class: 4883K(5056K)->4883K(5056K)
[2130.481s][info][gc             ] GC(357) Pause Young (Mixed) (G1 Evacuation Pause) 3669M->1321M(4096M) 135.039ms
[2130.481s][info][gc,cpu         ] GC(357) User=0.80s Sys=0.00s Real=0.14s
......[2136.186s][info][gc,start       ] GC(358) Pause Young (Concurrent Start) (G1 Evacuation Pause)
[2136.186s][info][gc,task        ] GC(358) Using 6 workers of 6 for evacuation
[2136.303s][info][gc,phases      ] GC(358)   Pre Evacuate Collection Set: 0.42ms
[2136.304s][info][gc,phases      ] GC(358)   Merge Heap Roots: 0.51ms
[2136.304s][info][gc,phases      ] GC(358)   Evacuate Collection Set: 115.21ms
[2136.304s][info][gc,phases      ] GC(358)   Post Evacuate Collection Set: 0.87ms
[2136.304s][info][gc,phases      ] GC(358)   Other: 0.13ms
[2136.304s][info][gc,heap        ] GC(358) Eden regions: 1119->0(1119)
[2136.304s][info][gc,heap        ] GC(358) Survivor regions: 109->109(154)
[2136.304s][info][gc,heap        ] GC(358) Old regions: 472->504
[2136.304s][info][gc,heap        ] GC(358) Humongous regions: 80->80
[2136.304s][info][gc,metaspace   ] GC(358) Metaspace: 28922K(29184K)->28922K(29184K) NonClass: 24038K(24128K)->24038K(24128K) Class: 4883K(5056K)->4883K(5056K)
[2136.304s][info][gc             ] GC(358) Pause Young (Concurrent Start) (G1 Evacuation Pause) 3559M->1384M(4096M) 117.298ms
[2136.304s][info][gc             ] GC(359) Concurrent Mark Cycle
[2136.304s][info][gc,marking     ] GC(359) Concurrent Scan Root Regions
[2136.304s][info][gc,cpu         ] GC(358) User=0.70s Sys=0.00s Real=0.12s
[2136.443s][info][gc,marking     ] GC(359) Concurrent Scan Root Regions 139.169ms
[2136.443s][info][gc,marking     ] GC(359) Concurrent Mark
[2136.443s][info][gc,marking     ] GC(359) Concurrent Mark From Roots
[2136.443s][info][gc,task        ] GC(359) Using 2 workers of 2 for marking
.[2137.123s][info][gc,marking     ] GC(359) Concurrent Mark From Roots 680.509ms
[2137.123s][info][gc,marking     ] GC(359) Concurrent Preclean
[2137.123s][info][gc,marking     ] GC(359) Concurrent Preclean 0.054ms
[2137.124s][info][gc,start       ] GC(359) Pause Remark
[2137.127s][info][gc             ] GC(359) Pause Remark 1742M->1742M(4096M) 3.864ms
[2137.127s][info][gc,cpu         ] GC(359) User=0.02s Sys=0.00s Real=0.00s
[2137.127s][info][gc,marking     ] GC(359) Concurrent Mark 684.668ms
[2137.128s][info][gc,marking     ] GC(359) Concurrent Rebuild Remembered Sets and Scrub Regions
[2137.363s][info][gc,marking     ] GC(359) Concurrent Rebuild Remembered Sets and Scrub Regions 235.785ms
[2137.363s][info][gc,start       ] GC(359) Pause Cleanup
[2137.364s][info][gc             ] GC(359) Pause Cleanup 1814M->1814M(4096M) 0.133ms
[2137.364s][info][gc,cpu         ] GC(359) User=0.00s Sys=0.00s Real=0.00s
[2137.364s][info][gc,marking     ] GC(359) Concurrent Clear Claimed Marks
[2137.364s][info][gc,marking     ] GC(359) Concurrent Clear Claimed Marks 0.027ms
[2137.364s][info][gc,marking     ] GC(359) Concurrent Cleanup for Next Mark
[2137.367s][info][gc,marking     ] GC(359) Concurrent Cleanup for Next Mark 3.160ms
[2137.367s][info][gc             ] GC(359) Concurrent Mark Cycle 1063.234ms
.....[2142.148s][info][gc,start       ] GC(360) Pause Young (Prepare Mixed) (G1 Evacuation Pause)
[2142.148s][info][gc,task        ] GC(360) Using 6 workers of 6 for evacuation
[2142.265s][info][gc,phases      ] GC(360)   Pre Evacuate Collection Set: 0.36ms
[2142.265s][info][gc,phases      ] GC(360)   Merge Heap Roots: 0.56ms
[2142.265s][info][gc,phases      ] GC(360)   Evacuate Collection Set: 114.27ms
[2142.265s][info][gc,phases      ] GC(360)   Post Evacuate Collection Set: 0.92ms
[2142.265s][info][gc,phases      ] GC(360)   Other: 0.09ms
[2142.265s][info][gc,heap        ] GC(360) Eden regions: 1119->0(1112)
[2142.265s][info][gc,heap        ] GC(360) Survivor regions: 109->108(154)
[2142.265s][info][gc,heap        ] GC(360) Old regions: 504->537
[2142.265s][info][gc,heap        ] GC(360) Humongous regions: 80->80
[2142.265s][info][gc,metaspace   ] GC(360) Metaspace: 28922K(29184K)->28922K(29184K) NonClass: 24039K(24128K)->24039K(24128K) Class: 4883K(5056K)->4883K(5056K)
[2142.265s][info][gc             ] GC(360) Pause Young (Prepare Mixed) (G1 Evacuation Pause) 3622M->1447M(4096M) 116.325ms
[2142.265s][info][gc,cpu         ] GC(360) User=0.69s Sys=0.00s Real=0.12s
......[2148.006s][info][gc,start       ] GC(361) Pause Young (Mixed) (G1 Evacuation Pause)
[2148.006s][info][gc,task        ] GC(361) Using 6 workers of 6 for evacuation
[2148.138s][info][gc,phases      ] GC(361)   Pre Evacuate Collection Set: 0.39ms
[2148.138s][info][gc,phases      ] GC(361)   Merge Heap Roots: 0.71ms
[2148.138s][info][gc,phases      ] GC(361)   Evacuate Collection Set: 129.65ms
[2148.138s][info][gc,phases      ] GC(361)   Post Evacuate Collection Set: 0.97ms
[2148.138s][info][gc,phases      ] GC(361)   Other: 0.09ms
[2148.138s][info][gc,heap        ] GC(361) Eden regions: 1112->0(1119)
[2148.138s][info][gc,heap        ] GC(361) Survivor regions: 108->109(153)
[2148.138s][info][gc,heap        ] GC(361) Old regions: 537->474
[2148.138s][info][gc,heap        ] GC(361) Humongous regions: 80->80
[2148.138s][info][gc,metaspace   ] GC(361) Metaspace: 28922K(29184K)->28922K(29184K) NonClass: 24039K(24128K)->24039K(24128K) Class: 4883K(5056K)->4883K(5056K)
[2148.138s][info][gc             ] GC(361) Pause Young (Mixed) (G1 Evacuation Pause) 3671M->1323M(4096M) 131.935ms
[2148.138s][info][gc,cpu         ] GC(361) User=0.79s Sys=0.00s Real=0.13s
......[2154.003s][info][gc,start       ] GC(362) Pause Young (Concurrent Start) (G1 Evacuation Pause)
[2154.003s][info][gc,task        ] GC(362) Using 6 workers of 6 for evacuation
[2154.124s][info][gc,phases      ] GC(362)   Pre Evacuate Collection Set: 0.38ms
[2154.124s][info][gc,phases      ] GC(362)   Merge Heap Roots: 0.50ms
[2154.124s][info][gc,phases      ] GC(362)   Evacuate Collection Set: 119.09ms
[2154.124s][info][gc,phases      ] GC(362)   Post Evacuate Collection Set: 0.94ms
[2154.124s][info][gc,phases      ] GC(362)   Other: 0.11ms
[2154.124s][info][gc,heap        ] GC(362) Eden regions: 1119->0(1115)
[2154.124s][info][gc,heap        ] GC(362) Survivor regions: 109->113(154)
[2154.124s][info][gc,heap        ] GC(362) Old regions: 474->506
[2154.124s][info][gc,heap        ] GC(362) Humongous regions: 80->80
[2154.124s][info][gc,metaspace   ] GC(362) Metaspace: 28922K(29184K)->28922K(29184K) NonClass: 24039K(24128K)->24039K(24128K) Class: 4883K(5056K)->4883K(5056K)
[2154.124s][info][gc             ] GC(362) Pause Young (Concurrent Start) (G1 Evacuation Pause) 3561M->1395M(4096M) 121.135ms
[2154.124s][info][gc             ] GC(363) Concurrent Mark Cycle
[2154.124s][info][gc,marking     ] GC(363) Concurrent Scan Root Regions
[2154.124s][info][gc,cpu         ] GC(362) User=0.72s Sys=0.00s Real=0.12s
[2154.269s][info][gc,marking     ] GC(363) Concurrent Scan Root Regions 144.877ms
[2154.269s][info][gc,marking     ] GC(363) Concurrent Mark
[2154.269s][info][gc,marking     ] GC(363) Concurrent Mark From Roots
[2154.269s][info][gc,task        ] GC(363) Using 2 workers of 2 for marking
.[2154.901s][info][gc,marking     ] GC(363) Concurrent Mark From Roots 631.430ms
[2154.901s][info][gc,marking     ] GC(363) Concurrent Preclean
[2154.901s][info][gc,marking     ] GC(363) Concurrent Preclean 0.054ms
[2154.901s][info][gc,start       ] GC(363) Pause Remark
[2154.904s][info][gc             ] GC(363) Pause Remark 1724M->1724M(4096M) 3.706ms
[2154.904s][info][gc,cpu         ] GC(363) User=0.02s Sys=0.00s Real=0.00s
[2154.905s][info][gc,marking     ] GC(363) Concurrent Mark 635.408ms
[2154.905s][info][gc,marking     ] GC(363) Concurrent Rebuild Remembered Sets and Scrub Regions
[2155.151s][info][gc,marking     ] GC(363) Concurrent Rebuild Remembered Sets and Scrub Regions 246.471ms
[2155.151s][info][gc,start       ] GC(363) Pause Cleanup
[2155.151s][info][gc             ] GC(363) Pause Cleanup 1827M->1827M(4096M) 0.120ms
[2155.151s][info][gc,cpu         ] GC(363) User=0.00s Sys=0.00s Real=0.00s
[2155.151s][info][gc,marking     ] GC(363) Concurrent Clear Claimed Marks
[2155.151s][info][gc,marking     ] GC(363) Concurrent Clear Claimed Marks 0.028ms
[2155.151s][info][gc,marking     ] GC(363) Concurrent Cleanup for Next Mark
[2155.155s][info][gc,marking     ] GC(363) Concurrent Cleanup for Next Mark 3.442ms
[2155.155s][info][gc             ] GC(363) Concurrent Mark Cycle 1030.658ms
.....[2159.937s][info][gc,start       ] GC(364) Pause Young (Prepare Mixed) (G1 Evacuation Pause)
[2159.937s][info][gc,task        ] GC(364) Using 6 workers of 6 for evacuation
[2160.059s][info][gc,phases      ] GC(364)   Pre Evacuate Collection Set: 0.36ms
[2160.059s][info][gc,phases      ] GC(364)   Merge Heap Roots: 0.65ms
[2160.059s][info][gc,phases      ] GC(364)   Evacuate Collection Set: 119.40ms
[2160.059s][info][gc,phases      ] GC(364)   Post Evacuate Collection Set: 0.98ms
[2160.059s][info][gc,phases      ] GC(364)   Other: 0.09ms
[2160.059s][info][gc,heap        ] GC(364) Eden regions: 1115->0(1102)
[2160.059s][info][gc,heap        ] GC(364) Survivor regions: 113->113(154)
[2160.059s][info][gc,heap        ] GC(364) Old regions: 506->537
[2160.059s][info][gc,heap        ] GC(364) Humongous regions: 80->80
[2160.059s][info][gc,metaspace   ] GC(364) Metaspace: 28922K(29184K)->28922K(29184K) NonClass: 24039K(24128K)->24039K(24128K) Class: 4883K(5056K)->4883K(5056K)
[2160.059s][info][gc             ] GC(364) Pause Young (Prepare Mixed) (G1 Evacuation Pause) 3625M->1458M(4096M) 121.625ms
[2160.059s][info][gc,cpu         ] GC(364) User=0.72s Sys=0.00s Real=0.13s
. (rIR:aIR:PR = 3183:3183:3183) (tPR = 47578) [OK] 
  2160s: Performance info:
         Transaction,    Success,    Partial,     Failed,   Receipts, AvgBarcode, 
             Overall,     191567,          0,          0,     181994,      59.48, 
         Response times:
             Request,    Success,    Partial,     Failed,   SkipFail,     Probes,    Samples,      min,      p50,      p90,      p95,      p99,      max, 
       TotalPurchase,     181994,          0,          0,          0,     177551,     193247,      300,     2700,     4400,     5500,    27000,   181000,
     InStorePurchase,      95773,          0,          0,          0,      93584,     101561,      300,     2700,     4400,     5400,    27000,   178000,
      OnlinePurchase,      67044,          0,          0,          0,      65505,      71329,      300,     2600,     4400,     5600,    26000,   181000,
        InstPurchase,      19177,          0,          0,          0,      18462,      20357,      400,     2900,     4600,     5800,    28000,   165000,
          AssocOfCat,        191,          0,          0,          0,        143,        219,    18800,    29000,    39000,    51000,   164800,   177000,
      AssocOfProduct,       1918,          0,          0,          0,       1717,       2022,     1200,     3500,     5000,     6400,    30000,   141000,
      BusinessReport,        478,          0,          0,          0,        382,        474,    19500,    34000,    48000,    56250,   182250,   225000,
          CustBuyBeh,       1912,          0,          0,          0,       1715,       2003,      100,     1400,     3100,     3780,    13400,    53000,
       ProductReturn,       5074,          0,          0,          0,       4765,       5391,      200,     2100,     4200,     5200,    27160,   137000,

  2160s: (24%)   IR =   3321 .....[2165.562s][info][gc,start       ] GC(365) Pause Young (Mixed) (G1 Evacuation Pause)
[2165.562s][info][gc,task        ] GC(365) Using 6 workers of 6 for evacuation
[2165.694s][info][gc,phases      ] GC(365)   Pre Evacuate Collection Set: 0.39ms
[2165.694s][info][gc,phases      ] GC(365)   Merge Heap Roots: 0.72ms
[2165.694s][info][gc,phases      ] GC(365)   Evacuate Collection Set: 129.50ms
[2165.694s][info][gc,phases      ] GC(365)   Post Evacuate Collection Set: 1.02ms
[2165.694s][info][gc,phases      ] GC(365)   Other: 0.09ms
[2165.694s][info][gc,heap        ] GC(365) Eden regions: 1102->0(1120)
[2165.694s][info][gc,heap        ] GC(365) Survivor regions: 113->108(152)
[2165.694s][info][gc,heap        ] GC(365) Old regions: 537->472
[2165.694s][info][gc,heap        ] GC(365) Humongous regions: 80->80
[2165.694s][info][gc,metaspace   ] GC(365) Metaspace: 28939K(29248K)->28939K(29248K) NonClass: 24056K(24192K)->24056K(24192K) Class: 4883K(5056K)->4883K(5056K)
[2165.694s][info][gc             ] GC(365) Pause Young (Mixed) (G1 Evacuation Pause) 3662M->1317M(4096M) 131.837ms
[2165.694s][info][gc,cpu         ] GC(365) User=0.78s Sys=0.00s Real=0.13s
..|...[2171.240s][info][gc,start       ] GC(366) Pause Young (Concurrent Start) (G1 Evacuation Pause)
[2171.240s][info][gc,task        ] GC(366) Using 6 workers of 6 for evacuation
[2171.357s][info][gc,phases      ] GC(366)   Pre Evacuate Collection Set: 0.41ms
[2171.357s][info][gc,phases      ] GC(366)   Merge Heap Roots: 0.57ms
[2171.357s][info][gc,phases      ] GC(366)   Evacuate Collection Set: 115.73ms
[2171.357s][info][gc,phases      ] GC(366)   Post Evacuate Collection Set: 0.93ms
[2171.357s][info][gc,phases      ] GC(366)   Other: 0.13ms
[2171.357s][info][gc,heap        ] GC(366) Eden regions: 1120->0(1119)
[2171.357s][info][gc,heap        ] GC(366) Survivor regions: 108->109(154)
[2171.357s][info][gc,heap        ] GC(366) Old regions: 472->504
[2171.357s][info][gc,heap        ] GC(366) Humongous regions: 80->80
[2171.357s][info][gc,metaspace   ] GC(366) Metaspace: 28941K(29248K)->28941K(29248K) NonClass: 24057K(24192K)->24057K(24192K) Class: 4883K(5056K)->4883K(5056K)
[2171.357s][info][gc             ] GC(366) Pause Young (Concurrent Start) (G1 Evacuation Pause) 3557M->1385M(4096M) 117.922ms
[2171.358s][info][gc             ] GC(367) Concurrent Mark Cycle
[2171.358s][info][gc,marking     ] GC(367) Concurrent Scan Root Regions
[2171.358s][info][gc,cpu         ] GC(366) User=0.70s Sys=0.00s Real=0.11s
[2171.513s][info][gc,marking     ] GC(367) Concurrent Scan Root Regions 155.053ms
[2171.513s][info][gc,marking     ] GC(367) Concurrent Mark
[2171.513s][info][gc,marking     ] GC(367) Concurrent Mark From Roots
[2171.513s][info][gc,task        ] GC(367) Using 2 workers of 2 for marking
.[2172.141s][info][gc,marking     ] GC(367) Concurrent Mark From Roots 627.875ms
[2172.141s][info][gc,marking     ] GC(367) Concurrent Preclean
[2172.141s][info][gc,marking     ] GC(367) Concurrent Preclean 0.082ms
[2172.141s][info][gc,start       ] GC(367) Pause Remark
[2172.145s][info][gc             ] GC(367) Pause Remark 1720M->1720M(4096M) 3.500ms
[2172.145s][info][gc,cpu         ] GC(367) User=0.02s Sys=0.00s Real=0.00s
[2172.145s][info][gc,marking     ] GC(367) Concurrent Mark 632.210ms
[2172.145s][info][gc,marking     ] GC(367) Concurrent Rebuild Remembered Sets and Scrub Regions
[2172.389s][info][gc,marking     ] GC(367) Concurrent Rebuild Remembered Sets and Scrub Regions 244.565ms
[2172.390s][info][gc,start       ] GC(367) Pause Cleanup
[2172.390s][info][gc             ] GC(367) Pause Cleanup 1815M->1815M(4096M) 0.123ms
[2172.390s][info][gc,cpu         ] GC(367) User=0.00s Sys=0.00s Real=0.00s
[2172.390s][info][gc,marking     ] GC(367) Concurrent Clear Claimed Marks
[2172.390s][info][gc,marking     ] GC(367) Concurrent Clear Claimed Marks 0.027ms
[2172.390s][info][gc,marking     ] GC(367) Concurrent Cleanup for Next Mark
[2172.393s][info][gc,marking     ] GC(367) Concurrent Cleanup for Next Mark 3.156ms
[2172.393s][info][gc             ] GC(367) Concurrent Mark Cycle 1035.432ms
.....[2176.918s][info][gc,start       ] GC(368) Pause Young (Prepare Mixed) (G1 Evacuation Pause)
[2176.918s][info][gc,task        ] GC(368) Using 6 workers of 6 for evacuation
[2177.036s][info][gc,phases      ] GC(368)   Pre Evacuate Collection Set: 0.35ms
[2177.036s][info][gc,phases      ] GC(368)   Merge Heap Roots: 0.68ms
[2177.036s][info][gc,phases      ] GC(368)   Evacuate Collection Set: 115.53ms
[2177.036s][info][gc,phases      ] GC(368)   Post Evacuate Collection Set: 0.93ms
[2177.036s][info][gc,phases      ] GC(368)   Other: 0.09ms
[2177.036s][info][gc,heap        ] GC(368) Eden regions: 1119->0(1112)
[2177.036s][info][gc,heap        ] GC(368) Survivor regions: 109->109(154)
[2177.036s][info][gc,heap        ] GC(368) Old regions: 504->535
[2177.036s][info][gc,heap        ] GC(368) Humongous regions: 80->80
[2177.036s][info][gc,metaspace   ] GC(368) Metaspace: 28941K(29248K)->28941K(29248K) NonClass: 24057K(24192K)->24057K(24192K) Class: 4883K(5056K)->4883K(5056K)
[2177.036s][info][gc             ] GC(368) Pause Young (Prepare Mixed) (G1 Evacuation Pause) 3623M->1447M(4096M) 117.720ms
[2177.036s][info][gc,cpu         ] GC(368) User=0.70s Sys=0.00s Real=0.12s
......[2182.599s][info][gc,start       ] GC(369) Pause Young (Mixed) (G1 Evacuation Pause)
[2182.599s][info][gc,task        ] GC(369) Using 6 workers of 6 for evacuation
[2182.731s][info][gc,phases      ] GC(369)   Pre Evacuate Collection Set: 0.40ms
[2182.731s][info][gc,phases      ] GC(369)   Merge Heap Roots: 0.81ms
[2182.731s][info][gc,phases      ] GC(369)   Evacuate Collection Set: 130.13ms
[2182.731s][info][gc,phases      ] GC(369)   Post Evacuate Collection Set: 0.98ms
[2182.731s][info][gc,phases      ] GC(369)   Other: 0.10ms
[2182.731s][info][gc,heap        ] GC(369) Eden regions: 1112->0(1121)
[2182.731s][info][gc,heap        ] GC(369) Survivor regions: 109->107(153)
[2182.731s][info][gc,heap        ] GC(369) Old regions: 535->472
[2182.731s][info][gc,heap        ] GC(369) Humongous regions: 80->80
[2182.731s][info][gc,metaspace   ] GC(369) Metaspace: 28941K(29248K)->28941K(29248K) NonClass: 24057K(24192K)->24057K(24192K) Class: 4883K(5056K)->4883K(5056K)
[2182.731s][info][gc             ] GC(369) Pause Young (Mixed) (G1 Evacuation Pause) 3671M->1316M(4096M) 132.559ms
[2182.731s][info][gc,cpu         ] GC(369) User=0.78s Sys=0.00s Real=0.13s
.....[2188.296s][info][gc,start       ] GC(370) Pause Young (Concurrent Start) (G1 Evacuation Pause)
[2188.296s][info][gc,task        ] GC(370) Using 6 workers of 6 for evacuation
[2188.419s][info][gc,phases      ] GC(370)   Pre Evacuate Collection Set: 0.41ms
[2188.419s][info][gc,phases      ] GC(370)   Merge Heap Roots: 0.58ms
[2188.419s][info][gc,phases      ] GC(370)   Evacuate Collection Set: 120.76ms
[2188.419s][info][gc,phases      ] GC(370)   Post Evacuate Collection Set: 0.94ms
[2188.419s][info][gc,phases      ] GC(370)   Other: 0.11ms
[2188.419s][info][gc,heap        ] GC(370) Eden regions: 1121->0(1115)
[2188.419s][info][gc,heap        ] GC(370) Survivor regions: 107->113(154)
[2188.419s][info][gc,heap        ] GC(370) Old regions: 472->503
[2188.419s][info][gc,heap        ] GC(370) Humongous regions: 80->80
[2188.419s][info][gc,metaspace   ] GC(370) Metaspace: 28941K(29248K)->28941K(29248K) NonClass: 24057K(24192K)->24057K(24192K) Class: 4883K(5056K)->4883K(5056K)
[2188.419s][info][gc             ] GC(370) Pause Young (Concurrent Start) (G1 Evacuation Pause) 3558M->1389M(4096M) 122.920ms
[2188.419s][info][gc             ] GC(371) Concurrent Mark Cycle
[2188.419s][info][gc,marking     ] GC(371) Concurrent Scan Root Regions
[2188.419s][info][gc,cpu         ] GC(370) User=0.73s Sys=0.00s Real=0.13s
.[2188.589s][info][gc,marking     ] GC(371) Concurrent Scan Root Regions 169.516ms
[2188.589s][info][gc,marking     ] GC(371) Concurrent Mark
[2188.589s][info][gc,marking     ] GC(371) Concurrent Mark From Roots
[2188.589s][info][gc,task        ] GC(371) Using 2 workers of 2 for marking
[2189.200s][info][gc,marking     ] GC(371) Concurrent Mark From Roots 611.231ms
[2189.200s][info][gc,marking     ] GC(371) Concurrent Preclean
[2189.200s][info][gc,marking     ] GC(371) Concurrent Preclean 0.056ms
[2189.200s][info][gc,start       ] GC(371) Pause Remark
[2189.204s][info][gc             ] GC(371) Pause Remark 1728M->1728M(4096M) 3.592ms
[2189.204s][info][gc,cpu         ] GC(371) User=0.02s Sys=0.00s Real=0.00s
[2189.204s][info][gc,marking     ] GC(371) Concurrent Mark 615.130ms
[2189.204s][info][gc,marking     ] GC(371) Concurrent Rebuild Remembered Sets and Scrub Regions
[2189.437s][info][gc,marking     ] GC(371) Concurrent Rebuild Remembered Sets and Scrub Regions 232.941ms
[2189.437s][info][gc,start       ] GC(371) Pause Cleanup
[2189.437s][info][gc             ] GC(371) Pause Cleanup 1802M->1802M(4096M) 0.125ms
[2189.437s][info][gc,cpu         ] GC(371) User=0.00s Sys=0.00s Real=0.00s
[2189.437s][info][gc,marking     ] GC(371) Concurrent Clear Claimed Marks
[2189.437s][info][gc,marking     ] GC(371) Concurrent Clear Claimed Marks 0.031ms
[2189.437s][info][gc,marking     ] GC(371) Concurrent Cleanup for Next Mark
[2189.440s][info][gc,marking     ] GC(371) Concurrent Cleanup for Next Mark 3.184ms
[2189.440s][info][gc             ] GC(371) Concurrent Mark Cycle 1021.226ms
.....[2193.978s][info][gc,start       ] GC(372) Pause Young (Prepare Mixed) (G1 Evacuation Pause)
[2193.978s][info][gc,task        ] GC(372) Using 6 workers of 6 for evacuation
[2194.096s][info][gc,phases      ] GC(372)   Pre Evacuate Collection Set: 0.33ms
[2194.096s][info][gc,phases      ] GC(372)   Merge Heap Roots: 0.65ms
[2194.096s][info][gc,phases      ] GC(372)   Evacuate Collection Set: 116.28ms
[2194.096s][info][gc,phases      ] GC(372)   Post Evacuate Collection Set: 0.97ms
[2194.096s][info][gc,phases      ] GC(372)   Other: 0.09ms
[2194.096s][info][gc,heap        ] GC(372) Eden regions: 1115->0(1108)
[2194.096s][info][gc,heap        ] GC(372) Survivor regions: 113->111(154)
[2194.096s][info][gc,heap        ] GC(372) Old regions: 503->535
[2194.096s][info][gc,heap        ] GC(372) Humongous regions: 80->80
[2194.096s][info][gc,metaspace   ] GC(372) Metaspace: 28941K(29248K)->28941K(29248K) NonClass: 24057K(24192K)->24057K(24192K) Class: 4883K(5056K)->4883K(5056K)
[2194.096s][info][gc             ] GC(372) Pause Young (Prepare Mixed) (G1 Evacuation Pause) 3619M->1449M(4096M) 118.448ms
[2194.096s][info][gc,cpu         ] GC(372) User=0.71s Sys=0.00s Real=0.12s
......[2199.637s][info][gc,start       ] GC(373) Pause Young (Mixed) (G1 Evacuation Pause)
[2199.637s][info][gc,task        ] GC(373) Using 6 workers of 6 for evacuation
[2199.770s][info][gc,phases      ] GC(373)   Pre Evacuate Collection Set: 0.43ms
[2199.770s][info][gc,phases      ] GC(373)   Merge Heap Roots: 0.80ms
[2199.770s][info][gc,phases      ] GC(373)   Evacuate Collection Set: 130.94ms
[2199.770s][info][gc,phases      ] GC(373)   Post Evacuate Collection Set: 0.98ms
[2199.770s][info][gc,phases      ] GC(373)   Other: 0.10ms
[2199.770s][info][gc,heap        ] GC(373) Eden regions: 1108->0(1119)
[2199.770s][info][gc,heap        ] GC(373) Survivor regions: 111->109(153)
[2199.770s][info][gc,heap        ] GC(373) Old regions: 535->473
[2199.770s][info][gc,heap        ] GC(373) Humongous regions: 80->80
[2199.770s][info][gc,metaspace   ] GC(373) Metaspace: 28941K(29248K)->28941K(29248K) NonClass: 24057K(24192K)->24057K(24192K) Class: 4883K(5056K)->4883K(5056K)
[2199.770s][info][gc             ] GC(373) Pause Young (Mixed) (G1 Evacuation Pause) 3665M->1321M(4096M) 133.386ms
[2199.770s][info][gc,cpu         ] GC(373) User=0.79s Sys=0.00s Real=0.14s
.....[2205.338s][info][gc,start       ] GC(374) Pause Young (Concurrent Start) (G1 Evacuation Pause)
[2205.338s][info][gc,task        ] GC(374) Using 6 workers of 6 for evacuation
[2205.460s][info][gc,phases      ] GC(374)   Pre Evacuate Collection Set: 0.46ms
[2205.460s][info][gc,phases      ] GC(374)   Merge Heap Roots: 0.55ms
[2205.460s][info][gc,phases      ] GC(374)   Evacuate Collection Set: 119.43ms
[2205.460s][info][gc,phases      ] GC(374)   Post Evacuate Collection Set: 0.88ms
[2205.460s][info][gc,phases      ] GC(374)   Other: 0.14ms
[2205.460s][info][gc,heap        ] GC(374) Eden regions: 1119->0(1116)
[2205.460s][info][gc,heap        ] GC(374) Survivor regions: 109->112(154)
[2205.460s][info][gc,heap        ] GC(374) Old regions: 473->505
[2205.460s][info][gc,heap        ] GC(374) Humongous regions: 80->80
[2205.460s][info][gc,metaspace   ] GC(374) Metaspace: 28941K(29248K)->28941K(29248K) NonClass: 24057K(24192K)->24057K(24192K) Class: 4883K(5056K)->4883K(5056K)
[2205.460s][info][gc             ] GC(374) Pause Young (Concurrent Start) (G1 Evacuation Pause) 3559M->1391M(4096M) 121.614ms
[2205.460s][info][gc             ] GC(375) Concurrent Mark Cycle
[2205.460s][info][gc,marking     ] GC(375) Concurrent Scan Root Regions
[2205.460s][info][gc,cpu         ] GC(374) User=0.72s Sys=0.00s Real=0.13s
.[2205.636s][info][gc,marking     ] GC(375) Concurrent Scan Root Regions 176.336ms
[2205.636s][info][gc,marking     ] GC(375) Concurrent Mark
[2205.636s][info][gc,marking     ] GC(375) Concurrent Mark From Roots
[2205.636s][info][gc,task        ] GC(375) Using 2 workers of 2 for marking
[2206.282s][info][gc,marking     ] GC(375) Concurrent Mark From Roots 645.492ms
[2206.282s][info][gc,marking     ] GC(375) Concurrent Preclean
[2206.282s][info][gc,marking     ] GC(375) Concurrent Preclean 0.058ms
[2206.282s][info][gc,start       ] GC(375) Pause Remark
[2206.285s][info][gc             ] GC(375) Pause Remark 1754M->1754M(4096M) 3.668ms
[2206.285s][info][gc,cpu         ] GC(375) User=0.02s Sys=0.00s Real=0.00s
[2206.285s][info][gc,marking     ] GC(375) Concurrent Mark 649.451ms
[2206.285s][info][gc,marking     ] GC(375) Concurrent Rebuild Remembered Sets and Scrub Regions
[2206.545s][info][gc,marking     ] GC(375) Concurrent Rebuild Remembered Sets and Scrub Regions 259.877ms
[2206.545s][info][gc,start       ] GC(375) Pause Cleanup
[2206.546s][info][gc             ] GC(375) Pause Cleanup 1884M->1884M(4096M) 0.136ms
[2206.546s][info][gc,cpu         ] GC(375) User=0.00s Sys=0.00s Real=0.00s
[2206.546s][info][gc,marking     ] GC(375) Concurrent Clear Claimed Marks
[2206.546s][info][gc,marking     ] GC(375) Concurrent Clear Claimed Marks 0.026ms
[2206.546s][info][gc,marking     ] GC(375) Concurrent Cleanup for Next Mark
[2206.549s][info][gc,marking     ] GC(375) Concurrent Cleanup for Next Mark 3.245ms
[2206.549s][info][gc             ] GC(375) Concurrent Mark Cycle 1089.312ms
.....[2210.997s][info][gc,start       ] GC(376) Pause Young (Prepare Mixed) (G1 Evacuation Pause)
[2210.997s][info][gc,task        ] GC(376) Using 6 workers of 6 for evacuation
[2211.113s][info][gc,phases      ] GC(376)   Pre Evacuate Collection Set: 0.36ms
[2211.113s][info][gc,phases      ] GC(376)   Merge Heap Roots: 0.59ms
[2211.113s][info][gc,phases      ] GC(376)   Evacuate Collection Set: 114.44ms
[2211.113s][info][gc,phases      ] GC(376)   Post Evacuate Collection Set: 0.99ms
[2211.113s][info][gc,phases      ] GC(376)   Other: 0.09ms
[2211.113s][info][gc,heap        ] GC(376) Eden regions: 1116->0(1113)
[2211.113s][info][gc,heap        ] GC(376) Survivor regions: 112->108(154)
[2211.113s][info][gc,heap        ] GC(376) Old regions: 505->536
[2211.113s][info][gc,heap        ] GC(376) Humongous regions: 80->80
[2211.113s][info][gc,metaspace   ] GC(376) Metaspace: 28946K(29248K)->28946K(29248K) NonClass: 24062K(24192K)->24062K(24192K) Class: 4883K(5056K)->4883K(5056K)
[2211.113s][info][gc             ] GC(376) Pause Young (Prepare Mixed) (G1 Evacuation Pause) 3623M->1447M(4096M) 116.609ms
[2211.113s][info][gc,cpu         ] GC(376) User=0.69s Sys=0.00s Real=0.12s
......[2216.676s][info][gc,start       ] GC(377) Pause Young (Mixed) (G1 Evacuation Pause)
[2216.676s][info][gc,task        ] GC(377) Using 6 workers of 6 for evacuation
[2216.808s][info][gc,phases      ] GC(377)   Pre Evacuate Collection Set: 0.43ms
[2216.808s][info][gc,phases      ] GC(377)   Merge Heap Roots: 0.86ms
[2216.808s][info][gc,phases      ] GC(377)   Evacuate Collection Set: 129.47ms
[2216.808s][info][gc,phases      ] GC(377)   Post Evacuate Collection Set: 1.05ms
[2216.808s][info][gc,phases      ] GC(377)   Other: 0.10ms
[2216.808s][info][gc,heap        ] GC(377) Eden regions: 1113->0(1121)
[2216.808s][info][gc,heap        ] GC(377) Survivor regions: 108->107(153)
[2216.808s][info][gc,heap        ] GC(377) Old regions: 536->472
[2216.808s][info][gc,heap        ] GC(377) Humongous regions: 80->80
[2216.808s][info][gc,metaspace   ] GC(377) Metaspace: 28946K(29248K)->28946K(29248K) NonClass: 24062K(24192K)->24062K(24192K) Class: 4883K(5056K)->4883K(5056K)
[2216.808s][info][gc             ] GC(377) Pause Young (Mixed) (G1 Evacuation Pause) 3673M->1315M(4096M) 132.029ms
[2216.808s][info][gc,cpu         ] GC(377) User=0.78s Sys=0.01s Real=0.13s
.....[2222.332s][info][gc,start       ] GC(378) Pause Young (Concurrent Start) (G1 Evacuation Pause)
[2222.332s][info][gc,task        ] GC(378) Using 6 workers of 6 for evacuation
[2222.450s][info][gc,phases      ] GC(378)   Pre Evacuate Collection Set: 0.42ms
[2222.450s][info][gc,phases      ] GC(378)   Merge Heap Roots: 0.54ms
[2222.450s][info][gc,phases      ] GC(378)   Evacuate Collection Set: 115.88ms
[2222.450s][info][gc,phases      ] GC(378)   Post Evacuate Collection Set: 0.90ms
[2222.450s][info][gc,phases      ] GC(378)   Other: 0.12ms
[2222.450s][info][gc,heap        ] GC(378) Eden regions: 1121->0(1119)
[2222.450s][info][gc,heap        ] GC(378) Survivor regions: 107->109(154)
[2222.450s][info][gc,heap        ] GC(378) Old regions: 472->504
[2222.450s][info][gc,heap        ] GC(378) Humongous regions: 80->80
[2222.450s][info][gc,metaspace   ] GC(378) Metaspace: 28946K(29248K)->28946K(29248K) NonClass: 24062K(24192K)->24062K(24192K) Class: 4883K(5056K)->4883K(5056K)
[2222.450s][info][gc             ] GC(378) Pause Young (Concurrent Start) (G1 Evacuation Pause) 3557M->1383M(4096M) 117.983ms
[2222.450s][info][gc             ] GC(379) Concurrent Mark Cycle
[2222.450s][info][gc,marking     ] GC(379) Concurrent Scan Root Regions
[2222.450s][info][gc,cpu         ] GC(378) User=0.70s Sys=0.00s Real=0.12s
[2222.599s][info][gc,marking     ] GC(379) Concurrent Scan Root Regions 148.695ms
[2222.599s][info][gc,marking     ] GC(379) Concurrent Mark
[2222.599s][info][gc,marking     ] GC(379) Concurrent Mark From Roots
[2222.599s][info][gc,task        ] GC(379) Using 2 workers of 2 for marking
.[2223.215s][info][gc,marking     ] GC(379) Concurrent Mark From Roots 616.477ms
[2223.215s][info][gc,marking     ] GC(379) Concurrent Preclean
[2223.215s][info][gc,marking     ] GC(379) Concurrent Preclean 0.057ms
[2223.216s][info][gc,start       ] GC(379) Pause Remark
[2223.219s][info][gc             ] GC(379) Pause Remark 1707M->1707M(4096M) 3.682ms
[2223.219s][info][gc,cpu         ] GC(379) User=0.02s Sys=0.00s Real=0.01s
[2223.219s][info][gc,marking     ] GC(379) Concurrent Mark 620.469ms
[2223.219s][info][gc,marking     ] GC(379) Concurrent Rebuild Remembered Sets and Scrub Regions
[2223.450s][info][gc,marking     ] GC(379) Concurrent Rebuild Remembered Sets and Scrub Regions 231.033ms
[2223.450s][info][gc,start       ] GC(379) Pause Cleanup
[2223.451s][info][gc             ] GC(379) Pause Cleanup 1807M->1807M(4096M) 0.123ms
[2223.451s][info][gc,cpu         ] GC(379) User=0.00s Sys=0.00s Real=0.00s
[2223.451s][info][gc,marking     ] GC(379) Concurrent Clear Claimed Marks
[2223.451s][info][gc,marking     ] GC(379) Concurrent Clear Claimed Marks 0.031ms
[2223.451s][info][gc,marking     ] GC(379) Concurrent Cleanup for Next Mark
[2223.454s][info][gc,marking     ] GC(379) Concurrent Cleanup for Next Mark 3.219ms
[2223.454s][info][gc             ] GC(379) Concurrent Mark Cycle 1003.917ms
..... (rIR:aIR:PR = 3321:3321:3321) (tPR = 48962) [OK] 
  2227s: Performance info:
         Transaction,    Success,    Partial,     Failed,   Receipts, AvgBarcode, 
             Overall,     199530,          0,          0,     189533,      59.47, 
         Response times:
             Request,    Success,    Partial,     Failed,   SkipFail,     Probes,    Samples,      min,      p50,      p90,      p95,      p99,      max, 
       TotalPurchase,     189533,          0,          0,          0,     186331,     208924,      300,     2900,     4700,     5700,    35000,   231000,
     InStorePurchase,      99776,          0,          0,          0,      98365,     110024,      300,     2800,     4700,     5800,    36750,   192000,
      OnlinePurchase,      69780,          0,          0,          0,      68555,      76775,      300,     2900,     4600,     5600,    34000,   231000,
        InstPurchase,      19977,          0,          0,          0,      19411,      22125,      400,     3000,     4900,     6000,    38740,   164000,
          AssocOfCat,        200,          0,          0,          0,        144,        218,    18800,    30000,    42000,    48100,    97150,   170000,
      AssocOfProduct,       1998,          0,          0,          0,       1825,       2224,      500,     1800,     3000,     3800,    18700,   135000,
      BusinessReport,        500,          0,          0,          0,        420,        561,    21000,    34000,    49800,    63800,   201280,   219000,
          CustBuyBeh,       2002,          0,          0,          0,       1842,       2204,      200,     2800,     4100,     4900,    27950,   160000,
       ProductReturn,       5297,          0,          0,          0,       5005,       5851,      200,     2600,     4500,     5500,    29000,   144000,

  2227s: (25%)   IR =   3459 [2228.042s][info][gc,start       ] GC(380) Pause Young (Prepare Mixed) (G1 Evacuation Pause)
[2228.042s][info][gc,task        ] GC(380) Using 6 workers of 6 for evacuation
[2228.161s][info][gc,phases      ] GC(380)   Pre Evacuate Collection Set: 0.35ms
[2228.161s][info][gc,phases      ] GC(380)   Merge Heap Roots: 0.70ms
[2228.161s][info][gc,phases      ] GC(380)   Evacuate Collection Set: 116.30ms
[2228.161s][info][gc,phases      ] GC(380)   Post Evacuate Collection Set: 0.93ms
[2228.161s][info][gc,phases      ] GC(380)   Other: 0.09ms
[2228.161s][info][gc,heap        ] GC(380) Eden regions: 1119->0(1112)
[2228.161s][info][gc,heap        ] GC(380) Survivor regions: 109->109(154)
[2228.161s][info][gc,heap        ] GC(380) Old regions: 504->535
[2228.161s][info][gc,heap        ] GC(380) Humongous regions: 80->80
[2228.161s][info][gc,metaspace   ] GC(380) Metaspace: 28946K(29248K)->28946K(29248K) NonClass: 24062K(24192K)->24062K(24192K) Class: 4883K(5056K)->4883K(5056K)
[2228.161s][info][gc             ] GC(380) Pause Young (Prepare Mixed) (G1 Evacuation Pause) 3621M->1446M(4096M) 118.496ms
[2228.161s][info][gc,cpu         ] GC(380) User=0.70s Sys=0.00s Real=0.12s
....|.[2233.467s][info][gc,start       ] GC(381) Pause Young (Mixed) (G1 Evacuation Pause)
[2233.467s][info][gc,task        ] GC(381) Using 6 workers of 6 for evacuation
[2233.601s][info][gc,phases      ] GC(381)   Pre Evacuate Collection Set: 0.39ms
[2233.601s][info][gc,phases      ] GC(381)   Merge Heap Roots: 0.78ms
[2233.601s][info][gc,phases      ] GC(381)   Evacuate Collection Set: 132.11ms
[2233.601s][info][gc,phases      ] GC(381)   Post Evacuate Collection Set: 0.99ms
[2233.601s][info][gc,phases      ] GC(381)   Other: 0.09ms
[2233.601s][info][gc,heap        ] GC(381) Eden regions: 1112->0(1118)
[2233.601s][info][gc,heap        ] GC(381) Survivor regions: 109->110(153)
[2233.601s][info][gc,heap        ] GC(381) Old regions: 535->473
[2233.601s][info][gc,heap        ] GC(381) Humongous regions: 80->80
[2233.601s][info][gc,metaspace   ] GC(381) Metaspace: 28946K(29248K)->28946K(29248K) NonClass: 24062K(24192K)->24062K(24192K) Class: 4883K(5056K)->4883K(5056K)
[2233.601s][info][gc             ] GC(381) Pause Young (Mixed) (G1 Evacuation Pause) 3670M->1323M(4096M) 134.512ms
[2233.601s][info][gc,cpu         ] GC(381) User=0.80s Sys=0.00s Real=0.14s
......[2238.987s][info][gc,start       ] GC(382) Pause Young (Concurrent Start) (G1 Evacuation Pause)
[2238.987s][info][gc,task        ] GC(382) Using 6 workers of 6 for evacuation
[2239.105s][info][gc,phases      ] GC(382)   Pre Evacuate Collection Set: 0.43ms
[2239.105s][info][gc,phases      ] GC(382)   Merge Heap Roots: 0.55ms
[2239.105s][info][gc,phases      ] GC(382)   Evacuate Collection Set: 115.65ms
[2239.105s][info][gc,phases      ] GC(382)   Post Evacuate Collection Set: 0.88ms
[2239.105s][info][gc,phases      ] GC(382)   Other: 0.12ms
[2239.105s][info][gc,heap        ] GC(382) Eden regions: 1118->0(1119)
[2239.105s][info][gc,heap        ] GC(382) Survivor regions: 110->109(154)
[2239.105s][info][gc,heap        ] GC(382) Old regions: 473->504
[2239.105s][info][gc,heap        ] GC(382) Humongous regions: 80->80
[2239.105s][info][gc,metaspace   ] GC(382) Metaspace: 28946K(29248K)->28946K(29248K) NonClass: 24062K(24192K)->24062K(24192K) Class: 4883K(5056K)->4883K(5056K)
[2239.105s][info][gc             ] GC(382) Pause Young (Concurrent Start) (G1 Evacuation Pause) 3559M->1385M(4096M) 117.773ms
[2239.105s][info][gc             ] GC(383) Concurrent Mark Cycle
[2239.105s][info][gc,marking     ] GC(383) Concurrent Scan Root Regions
[2239.105s][info][gc,cpu         ] GC(382) User=0.70s Sys=0.00s Real=0.12s
[2239.225s][info][gc,marking     ] GC(383) Concurrent Scan Root Regions 119.746ms
[2239.225s][info][gc,marking     ] GC(383) Concurrent Mark
[2239.225s][info][gc,marking     ] GC(383) Concurrent Mark From Roots
[2239.225s][info][gc,task        ] GC(383) Using 2 workers of 2 for marking
.[2239.841s][info][gc,marking     ] GC(383) Concurrent Mark From Roots 616.666ms
[2239.841s][info][gc,marking     ] GC(383) Concurrent Preclean
[2239.841s][info][gc,marking     ] GC(383) Concurrent Preclean 0.065ms
[2239.841s][info][gc,start       ] GC(383) Pause Remark
[2239.845s][info][gc             ] GC(383) Pause Remark 1788M->1788M(4096M) 3.656ms
[2239.845s][info][gc,cpu         ] GC(383) User=0.01s Sys=0.00s Real=0.00s
[2239.845s][info][gc,marking     ] GC(383) Concurrent Mark 620.622ms
[2239.845s][info][gc,marking     ] GC(383) Concurrent Rebuild Remembered Sets and Scrub Regions
[2240.074s][info][gc,marking     ] GC(383) Concurrent Rebuild Remembered Sets and Scrub Regions 228.540ms
[2240.074s][info][gc,start       ] GC(383) Pause Cleanup
[2240.074s][info][gc             ] GC(383) Pause Cleanup 1882M->1882M(4096M) 0.122ms
[2240.074s][info][gc,cpu         ] GC(383) User=0.00s Sys=0.00s Real=0.00s
[2240.074s][info][gc,marking     ] GC(383) Concurrent Clear Claimed Marks
[2240.074s][info][gc,marking     ] GC(383) Concurrent Clear Claimed Marks 0.032ms
[2240.074s][info][gc,marking     ] GC(383) Concurrent Cleanup for Next Mark
[2240.078s][info][gc,marking     ] GC(383) Concurrent Cleanup for Next Mark 3.668ms
[2240.078s][info][gc             ] GC(383) Concurrent Mark Cycle 973.074ms
....[2244.355s][info][gc,start       ] GC(384) Pause Young (Prepare Mixed) (G1 Evacuation Pause)
[2244.355s][info][gc,task        ] GC(384) Using 6 workers of 6 for evacuation
[2244.473s][info][gc,phases      ] GC(384)   Pre Evacuate Collection Set: 0.32ms
[2244.473s][info][gc,phases      ] GC(384)   Merge Heap Roots: 0.68ms
[2244.473s][info][gc,phases      ] GC(384)   Evacuate Collection Set: 116.03ms
[2244.473s][info][gc,phases      ] GC(384)   Post Evacuate Collection Set: 0.94ms
[2244.473s][info][gc,phases      ] GC(384)   Other: 0.09ms
[2244.473s][info][gc,heap        ] GC(384) Eden regions: 1119->0(1108)
[2244.473s][info][gc,heap        ] GC(384) Survivor regions: 109->110(154)
[2244.473s][info][gc,heap        ] GC(384) Old regions: 504->537
[2244.473s][info][gc,heap        ] GC(384) Humongous regions: 80->80
[2244.473s][info][gc,metaspace   ] GC(384) Metaspace: 28946K(29248K)->28946K(29248K) NonClass: 24062K(24192K)->24062K(24192K) Class: 4883K(5056K)->4883K(5056K)
[2244.473s][info][gc             ] GC(384) Pause Young (Prepare Mixed) (G1 Evacuation Pause) 3623M->1451M(4096M) 118.202ms
[2244.473s][info][gc,cpu         ] GC(384) User=0.70s Sys=0.00s Real=0.12s
......[2249.777s][info][gc,start       ] GC(385) Pause Young (Mixed) (G1 Evacuation Pause)
[2249.777s][info][gc,task        ] GC(385) Using 6 workers of 6 for evacuation
[2249.909s][info][gc,phases      ] GC(385)   Pre Evacuate Collection Set: 0.36ms
[2249.909s][info][gc,phases      ] GC(385)   Merge Heap Roots: 0.69ms
[2249.909s][info][gc,phases      ] GC(385)   Evacuate Collection Set: 129.35ms
[2249.909s][info][gc,phases      ] GC(385)   Post Evacuate Collection Set: 0.99ms
[2249.909s][info][gc,phases      ] GC(385)   Other: 0.09ms
[2249.909s][info][gc,heap        ] GC(385) Eden regions: 1108->0(1121)
[2249.909s][info][gc,heap        ] GC(385) Survivor regions: 110->107(153)
[2249.909s][info][gc,heap        ] GC(385) Old regions: 537->473
[2249.909s][info][gc,heap        ] GC(385) Humongous regions: 80->80
[2249.909s][info][gc,metaspace   ] GC(385) Metaspace: 28946K(29248K)->28946K(29248K) NonClass: 24062K(24192K)->24062K(24192K) Class: 4883K(5056K)->4883K(5056K)
[2249.909s][info][gc             ] GC(385) Pause Young (Mixed) (G1 Evacuation Pause) 3667M->1319M(4096M) 131.622ms
[2249.909s][info][gc,cpu         ] GC(385) User=0.78s Sys=0.00s Real=0.14s
.....[2255.181s][info][gc,start       ] GC(386) Pause Young (Concurrent Start) (G1 Evacuation Pause)
[2255.181s][info][gc,task        ] GC(386) Using 6 workers of 6 for evacuation
[2255.297s][info][gc,phases      ] GC(386)   Pre Evacuate Collection Set: 0.42ms
[2255.297s][info][gc,phases      ] GC(386)   Merge Heap Roots: 0.55ms
[2255.297s][info][gc,phases      ] GC(386)   Evacuate Collection Set: 114.42ms
[2255.297s][info][gc,phases      ] GC(386)   Post Evacuate Collection Set: 0.90ms
[2255.297s][info][gc,phases      ] GC(386)   Other: 0.11ms
[2255.297s][info][gc,heap        ] GC(386) Eden regions: 1121->0(1121)
[2255.297s][info][gc,heap        ] GC(386) Survivor regions: 107->107(154)
[2255.297s][info][gc,heap        ] GC(386) Old regions: 473->506
[2255.297s][info][gc,heap        ] GC(386) Humongous regions: 80->80
[2255.297s][info][gc,metaspace   ] GC(386) Metaspace: 28946K(29248K)->28946K(29248K) NonClass: 24062K(24192K)->24062K(24192K) Class: 4883K(5056K)->4883K(5056K)
[2255.297s][info][gc             ] GC(386) Pause Young (Concurrent Start) (G1 Evacuation Pause) 3561M->1384M(4096M) 116.525ms
[2255.297s][info][gc             ] GC(387) Concurrent Mark Cycle
[2255.297s][info][gc,marking     ] GC(387) Concurrent Scan Root Regions
[2255.297s][info][gc,cpu         ] GC(386) User=0.69s Sys=0.00s Real=0.11s
[2255.416s][info][gc,marking     ] GC(387) Concurrent Scan Root Regions 118.421ms
[2255.416s][info][gc,marking     ] GC(387) Concurrent Mark
[2255.416s][info][gc,marking     ] GC(387) Concurrent Mark From Roots
[2255.416s][info][gc,task        ] GC(387) Using 2 workers of 2 for marking
.[2255.998s][info][gc,marking     ] GC(387) Concurrent Mark From Roots 582.416ms
[2255.998s][info][gc,marking     ] GC(387) Concurrent Preclean
[2255.998s][info][gc,marking     ] GC(387) Concurrent Preclean 0.084ms
[2255.998s][info][gc,start       ] GC(387) Pause Remark
[2256.002s][info][gc             ] GC(387) Pause Remark 1702M->1702M(4096M) 3.702ms
[2256.002s][info][gc,cpu         ] GC(387) User=0.02s Sys=0.00s Real=0.01s
[2256.002s][info][gc,marking     ] GC(387) Concurrent Mark 586.480ms
[2256.002s][info][gc,marking     ] GC(387) Concurrent Rebuild Remembered Sets and Scrub Regions
[2256.233s][info][gc,marking     ] GC(387) Concurrent Rebuild Remembered Sets and Scrub Regions 231.246ms
[2256.234s][info][gc,start       ] GC(387) Pause Cleanup
[2256.234s][info][gc             ] GC(387) Pause Cleanup 1809M->1809M(4096M) 0.129ms
[2256.234s][info][gc,cpu         ] GC(387) User=0.00s Sys=0.00s Real=0.00s
[2256.234s][info][gc,marking     ] GC(387) Concurrent Clear Claimed Marks
[2256.234s][info][gc,marking     ] GC(387) Concurrent Clear Claimed Marks 0.029ms
[2256.234s][info][gc,marking     ] GC(387) Concurrent Cleanup for Next Mark
[2256.237s][info][gc,marking     ] GC(387) Concurrent Cleanup for Next Mark 3.167ms
[2256.237s][info][gc             ] GC(387) Concurrent Mark Cycle 939.816ms
....[2260.660s][info][gc,start       ] GC(388) Pause Young (Prepare Mixed) (G1 Evacuation Pause)
[2260.660s][info][gc,task        ] GC(388) Using 6 workers of 6 for evacuation
[2260.776s][info][gc,phases      ] GC(388)   Pre Evacuate Collection Set: 0.36ms
[2260.776s][info][gc,phases      ] GC(388)   Merge Heap Roots: 0.63ms
[2260.776s][info][gc,phases      ] GC(388)   Evacuate Collection Set: 114.41ms
[2260.776s][info][gc,phases      ] GC(388)   Post Evacuate Collection Set: 0.92ms
[2260.776s][info][gc,phases      ] GC(388)   Other: 0.08ms
[2260.776s][info][gc,heap        ] GC(388) Eden regions: 1121->0(1114)
[2260.776s][info][gc,heap        ] GC(388) Survivor regions: 107->107(154)
[2260.776s][info][gc,heap        ] GC(388) Old regions: 506->537
[2260.776s][info][gc,heap        ] GC(388) Humongous regions: 80->80
[2260.776s][info][gc,metaspace   ] GC(388) Metaspace: 28946K(29248K)->28946K(29248K) NonClass: 24062K(24192K)->24062K(24192K) Class: 4883K(5056K)->4883K(5056K)
[2260.776s][info][gc             ] GC(388) Pause Young (Prepare Mixed) (G1 Evacuation Pause) 3626M->1447M(4096M) 116.544ms
[2260.776s][info][gc,cpu         ] GC(388) User=0.69s Sys=0.00s Real=0.11s
......[2266.080s][info][gc,start       ] GC(389) Pause Young (Mixed) (G1 Evacuation Pause)
[2266.080s][info][gc,task        ] GC(389) Using 6 workers of 6 for evacuation
[2266.214s][info][gc,phases      ] GC(389)   Pre Evacuate Collection Set: 0.39ms
[2266.214s][info][gc,phases      ] GC(389)   Merge Heap Roots: 0.80ms
[2266.214s][info][gc,phases      ] GC(389)   Evacuate Collection Set: 132.05ms
[2266.214s][info][gc,phases      ] GC(389)   Post Evacuate Collection Set: 0.97ms
[2266.214s][info][gc,phases      ] GC(389)   Other: 0.10ms
[2266.214s][info][gc,heap        ] GC(389) Eden regions: 1114->0(1118)
[2266.214s][info][gc,heap        ] GC(389) Survivor regions: 107->110(153)
[2266.214s][info][gc,heap        ] GC(389) Old regions: 537->473
[2266.214s][info][gc,heap        ] GC(389) Humongous regions: 80->80
[2266.214s][info][gc,metaspace   ] GC(389) Metaspace: 28946K(29248K)->28946K(29248K) NonClass: 24062K(24192K)->24062K(24192K) Class: 4883K(5056K)->4883K(5056K)
[2266.214s][info][gc             ] GC(389) Pause Young (Mixed) (G1 Evacuation Pause) 3675M->1323M(4096M) 134.439ms
[2266.214s][info][gc,cpu         ] GC(389) User=0.81s Sys=0.00s Real=0.13s
.....[2271.639s][info][gc,start       ] GC(390) Pause Young (Concurrent Start) (G1 Evacuation Pause)
[2271.639s][info][gc,task        ] GC(390) Using 6 workers of 6 for evacuation
[2271.757s][info][gc,phases      ] GC(390)   Pre Evacuate Collection Set: 0.45ms
[2271.757s][info][gc,phases      ] GC(390)   Merge Heap Roots: 0.65ms
[2271.757s][info][gc,phases      ] GC(390)   Evacuate Collection Set: 115.36ms
[2271.757s][info][gc,phases      ] GC(390)   Post Evacuate Collection Set: 0.89ms
[2271.757s][info][gc,phases      ] GC(390)   Other: 0.12ms
[2271.757s][info][gc,heap        ] GC(390) Eden regions: 1118->0(1120)
[2271.757s][info][gc,heap        ] GC(390) Survivor regions: 110->108(154)
[2271.757s][info][gc,heap        ] GC(390) Old regions: 473->504
[2271.757s][info][gc,heap        ] GC(390) Humongous regions: 80->80
[2271.757s][info][gc,metaspace   ] GC(390) Metaspace: 28946K(29248K)->28946K(29248K) NonClass: 24062K(24192K)->24062K(24192K) Class: 4883K(5056K)->4883K(5056K)
[2271.757s][info][gc             ] GC(390) Pause Young (Concurrent Start) (G1 Evacuation Pause) 3559M->1383M(4096M) 117.606ms
[2271.757s][info][gc             ] GC(391) Concurrent Mark Cycle
[2271.757s][info][gc,marking     ] GC(391) Concurrent Scan Root Regions
[2271.757s][info][gc,cpu         ] GC(390) User=0.70s Sys=0.00s Real=0.11s
.[2271.893s][info][gc,marking     ] GC(391) Concurrent Scan Root Regions 136.172ms
[2271.893s][info][gc,marking     ] GC(391) Concurrent Mark
[2271.893s][info][gc,marking     ] GC(391) Concurrent Mark From Roots
[2271.893s][info][gc,task        ] GC(391) Using 2 workers of 2 for marking
[2272.504s][info][gc,marking     ] GC(391) Concurrent Mark From Roots 611.591ms
[2272.505s][info][gc,marking     ] GC(391) Concurrent Preclean
[2272.505s][info][gc,marking     ] GC(391) Concurrent Preclean 0.045ms
[2272.505s][info][gc,start       ] GC(391) Pause Remark
[2272.508s][info][gc             ] GC(391) Pause Remark 1760M->1760M(4096M) 3.657ms
[2272.508s][info][gc,cpu         ] GC(391) User=0.02s Sys=0.00s Real=0.00s
[2272.508s][info][gc,marking     ] GC(391) Concurrent Mark 615.552ms
[2272.508s][info][gc,marking     ] GC(391) Concurrent Rebuild Remembered Sets and Scrub Regions
[2272.758s][info][gc,marking     ] GC(391) Concurrent Rebuild Remembered Sets and Scrub Regions 249.123ms
[2272.758s][info][gc,start       ] GC(391) Pause Cleanup
[2272.758s][info][gc             ] GC(391) Pause Cleanup 1861M->1861M(4096M) 0.135ms
[2272.758s][info][gc,cpu         ] GC(391) User=0.00s Sys=0.00s Real=0.00s
[2272.758s][info][gc,marking     ] GC(391) Concurrent Clear Claimed Marks
[2272.758s][info][gc,marking     ] GC(391) Concurrent Clear Claimed Marks 0.026ms
[2272.758s][info][gc,marking     ] GC(391) Concurrent Cleanup for Next Mark
[2272.761s][info][gc,marking     ] GC(391) Concurrent Cleanup for Next Mark 3.253ms
[2272.761s][info][gc             ] GC(391) Concurrent Mark Cycle 1004.565ms
.....[2277.049s][info][gc,start       ] GC(392) Pause Young (Prepare Mixed) (G1 Evacuation Pause)
[2277.049s][info][gc,task        ] GC(392) Using 6 workers of 6 for evacuation
[2277.168s][info][gc,phases      ] GC(392)   Pre Evacuate Collection Set: 0.35ms
[2277.169s][info][gc,phases      ] GC(392)   Merge Heap Roots: 0.61ms
[2277.169s][info][gc,phases      ] GC(392)   Evacuate Collection Set: 117.47ms
[2277.169s][info][gc,phases      ] GC(392)   Post Evacuate Collection Set: 0.93ms
[2277.169s][info][gc,phases      ] GC(392)   Other: 0.09ms
[2277.169s][info][gc,heap        ] GC(392) Eden regions: 1120->0(1107)
[2277.169s][info][gc,heap        ] GC(392) Survivor regions: 108->111(154)
[2277.169s][info][gc,heap        ] GC(392) Old regions: 504->536
[2277.169s][info][gc,heap        ] GC(392) Humongous regions: 80->80
[2277.169s][info][gc,metaspace   ] GC(392) Metaspace: 28946K(29248K)->28946K(29248K) NonClass: 24062K(24192K)->24062K(24192K) Class: 4883K(5056K)->4883K(5056K)
[2277.169s][info][gc             ] GC(392) Pause Young (Prepare Mixed) (G1 Evacuation Pause) 3623M->1452M(4096M) 119.607ms
[2277.169s][info][gc,cpu         ] GC(392) User=0.71s Sys=0.00s Real=0.12s
.....[2282.393s][info][gc,start       ] GC(393) Pause Young (Mixed) (G1 Evacuation Pause)
[2282.393s][info][gc,task        ] GC(393) Using 6 workers of 6 for evacuation
[2282.529s][info][gc,phases      ] GC(393)   Pre Evacuate Collection Set: 0.40ms
[2282.529s][info][gc,phases      ] GC(393)   Merge Heap Roots: 0.69ms
[2282.529s][info][gc,phases      ] GC(393)   Evacuate Collection Set: 133.15ms
[2282.529s][info][gc,phases      ] GC(393)   Post Evacuate Collection Set: 0.98ms
[2282.529s][info][gc,phases      ] GC(393)   Other: 0.09ms
[2282.529s][info][gc,heap        ] GC(393) Eden regions: 1107->0(1117)
[2282.529s][info][gc,heap        ] GC(393) Survivor regions: 111->111(153)
[2282.529s][info][gc,heap        ] GC(393) Old regions: 536->472
[2282.529s][info][gc,heap        ] GC(393) Humongous regions: 80->80
[2282.529s][info][gc,metaspace   ] GC(393) Metaspace: 28946K(29248K)->28946K(29248K) NonClass: 24062K(24192K)->24062K(24192K) Class: 4883K(5056K)->4883K(5056K)
[2282.529s][info][gc             ] GC(393) Pause Young (Mixed) (G1 Evacuation Pause) 3666M->1324M(4096M) 135.449ms
[2282.529s][info][gc,cpu         ] GC(393) User=0.80s Sys=0.00s Real=0.14s
......[2287.933s][info][gc,start       ] GC(394) Pause Young (Concurrent Start) (G1 Evacuation Pause)
[2287.933s][info][gc,task        ] GC(394) Using 6 workers of 6 for evacuation
[2288.049s][info][gc,phases      ] GC(394)   Pre Evacuate Collection Set: 0.38ms
[2288.049s][info][gc,phases      ] GC(394)   Merge Heap Roots: 0.50ms
[2288.049s][info][gc,phases      ] GC(394)   Evacuate Collection Set: 114.87ms
[2288.049s][info][gc,phases      ] GC(394)   Post Evacuate Collection Set: 0.90ms
[2288.049s][info][gc,phases      ] GC(394)   Other: 0.13ms
[2288.049s][info][gc,heap        ] GC(394) Eden regions: 1117->0(1120)
[2288.049s][info][gc,heap        ] GC(394) Survivor regions: 111->108(154)
[2288.049s][info][gc,heap        ] GC(394) Old regions: 472->504
[2288.049s][info][gc,heap        ] GC(394) Humongous regions: 80->80
[2288.050s][info][gc,metaspace   ] GC(394) Metaspace: 28946K(29248K)->28946K(29248K) NonClass: 24062K(24192K)->24062K(24192K) Class: 4883K(5056K)->4883K(5056K)
[2288.050s][info][gc             ] GC(394) Pause Young (Concurrent Start) (G1 Evacuation Pause) 3558M->1381M(4096M) 116.930ms
[2288.050s][info][gc             ] GC(395) Concurrent Mark Cycle
[2288.050s][info][gc,marking     ] GC(395) Concurrent Scan Root Regions
[2288.050s][info][gc,cpu         ] GC(394) User=0.70s Sys=0.00s Real=0.12s
[2288.213s][info][gc,marking     ] GC(395) Concurrent Scan Root Regions 163.443ms
[2288.213s][info][gc,marking     ] GC(395) Concurrent Mark
[2288.213s][info][gc,marking     ] GC(395) Concurrent Mark From Roots
[2288.213s][info][gc,task        ] GC(395) Using 2 workers of 2 for marking
.[2288.856s][info][gc,marking     ] GC(395) Concurrent Mark From Roots 643.118ms
[2288.856s][info][gc,marking     ] GC(395) Concurrent Preclean
[2288.856s][info][gc,marking     ] GC(395) Concurrent Preclean 0.058ms
[2288.856s][info][gc,start       ] GC(395) Pause Remark
[2288.860s][info][gc             ] GC(395) Pause Remark 1758M->1758M(4096M) 3.952ms
[2288.860s][info][gc,cpu         ] GC(395) User=0.02s Sys=0.00s Real=0.01s
[2288.860s][info][gc,marking     ] GC(395) Concurrent Mark 647.370ms
[2288.860s][info][gc,marking     ] GC(395) Concurrent Rebuild Remembered Sets and Scrub Regions
[2289.119s][info][gc,marking     ] GC(395) Concurrent Rebuild Remembered Sets and Scrub Regions 258.537ms
[2289.119s][info][gc,start       ] GC(395) Pause Cleanup
[2289.119s][info][gc             ] GC(395) Pause Cleanup 1875M->1875M(4096M) 0.131ms
[2289.119s][info][gc,cpu         ] GC(395) User=0.00s Sys=0.00s Real=0.00s
[2289.119s][info][gc,marking     ] GC(395) Concurrent Clear Claimed Marks
[2289.119s][info][gc,marking     ] GC(395) Concurrent Clear Claimed Marks 0.033ms
[2289.119s][info][gc,marking     ] GC(395) Concurrent Cleanup for Next Mark
[2289.123s][info][gc,marking     ] GC(395) Concurrent Cleanup for Next Mark 3.411ms
[2289.123s][info][gc             ] GC(395) Concurrent Mark Cycle 1073.270ms
... (rIR:aIR:PR = 3459:3458:3458) (tPR = 51614) [OK] 
  2291s: Performance info:
         Transaction,    Success,    Partial,     Failed,   Receipts, AvgBarcode, 
             Overall,     208141,          0,          0,     197714,      59.48, 
         Response times:
             Request,    Success,    Partial,     Failed,   SkipFail,     Probes,    Samples,      min,      p50,      p90,      p95,      p99,      max, 
       TotalPurchase,     197718,          0,          0,          0,     193459,     207670,      300,     2900,     4900,     6500,    25000,   185000,
     InStorePurchase,     104046,          0,          0,          0,     102073,     109508,      300,     2700,     4700,     6300,    24000,   185000,
      OnlinePurchase,      72860,          0,          0,          0,      71151,      76229,      300,     3100,     5000,     6600,    26000,   170000,
        InstPurchase,      20812,          0,          0,          0,      20235,      21933,      400,     3100,     5000,     6700,    26000,   143000,
          AssocOfCat,        207,          0,          0,          0,        152,        233,    19700,    30000,    39600,    46300,    68600,    75000,
      AssocOfProduct,       2094,          0,          0,          0,       1906,       2216,      600,     2400,     4400,     5300,    19683,   121000,
      BusinessReport,        521,          0,          0,          0,        418,        526,    19000,    35000,    51000,    61650,   137180,   186000,
          CustBuyBeh,       2088,          0,          0,          0,       1938,       2267,      200,     2000,     3900,     5000,    16448,   141000,
       ProductReturn,       5515,          0,          0,          0,       5163,       5747,      200,     2900,     4900,     6400,    31000,   140000,

  2291s: (26%)   IR =   3598 .[2293.344s][info][gc,start       ] GC(396) Pause Young (Prepare Mixed) (G1 Evacuation Pause)
[2293.344s][info][gc,task        ] GC(396) Using 6 workers of 6 for evacuation
[2293.463s][info][gc,phases      ] GC(396)   Pre Evacuate Collection Set: 0.34ms
[2293.463s][info][gc,phases      ] GC(396)   Merge Heap Roots: 0.63ms
[2293.463s][info][gc,phases      ] GC(396)   Evacuate Collection Set: 116.37ms
[2293.463s][info][gc,phases      ] GC(396)   Post Evacuate Collection Set: 0.92ms
[2293.463s][info][gc,phases      ] GC(396)   Other: 0.09ms
[2293.463s][info][gc,heap        ] GC(396) Eden regions: 1120->0(1110)
[2293.463s][info][gc,heap        ] GC(396) Survivor regions: 108->110(154)
[2293.463s][info][gc,heap        ] GC(396) Old regions: 504->535
[2293.463s][info][gc,heap        ] GC(396) Humongous regions: 80->80
[2293.463s][info][gc,metaspace   ] GC(396) Metaspace: 28946K(29248K)->28946K(29248K) NonClass: 24062K(24192K)->24062K(24192K) Class: 4883K(5056K)->4883K(5056K)
[2293.463s][info][gc             ] GC(396) Pause Young (Prepare Mixed) (G1 Evacuation Pause) 3621M->1448M(4096M) 118.483ms
[2293.463s][info][gc,cpu         ] GC(396) User=0.70s Sys=0.00s Real=0.12s
...|..[2298.626s][info][gc,start       ] GC(397) Pause Young (Mixed) (G1 Evacuation Pause)
[2298.626s][info][gc,task        ] GC(397) Using 6 workers of 6 for evacuation
[2298.759s][info][gc,phases      ] GC(397)   Pre Evacuate Collection Set: 0.39ms
[2298.759s][info][gc,phases      ] GC(397)   Merge Heap Roots: 0.84ms
[2298.759s][info][gc,phases      ] GC(397)   Evacuate Collection Set: 130.31ms
[2298.759s][info][gc,phases      ] GC(397)   Post Evacuate Collection Set: 0.94ms
[2298.759s][info][gc,phases      ] GC(397)   Other: 0.09ms
[2298.759s][info][gc,heap        ] GC(397) Eden regions: 1110->0(1119)
[2298.759s][info][gc,heap        ] GC(397) Survivor regions: 110->109(153)
[2298.759s][info][gc,heap        ] GC(397) Old regions: 535->473
[2298.759s][info][gc,heap        ] GC(397) Humongous regions: 80->80
[2298.759s][info][gc,metaspace   ] GC(397) Metaspace: 28946K(29248K)->28946K(29248K) NonClass: 24062K(24192K)->24062K(24192K) Class: 4883K(5056K)->4883K(5056K)
[2298.759s][info][gc             ] GC(397) Pause Young (Mixed) (G1 Evacuation Pause) 3668M->1322M(4096M) 132.726ms
[2298.759s][info][gc,cpu         ] GC(397) User=0.79s Sys=0.00s Real=0.14s
.....[2303.822s][info][gc,start       ] GC(398) Pause Young (Concurrent Start) (G1 Evacuation Pause)
[2303.822s][info][gc,task        ] GC(398) Using 6 workers of 6 for evacuation
[2303.941s][info][gc,phases      ] GC(398)   Pre Evacuate Collection Set: 0.44ms
[2303.941s][info][gc,phases      ] GC(398)   Merge Heap Roots: 0.61ms
[2303.941s][info][gc,phases      ] GC(398)   Evacuate Collection Set: 116.07ms
[2303.941s][info][gc,phases      ] GC(398)   Post Evacuate Collection Set: 0.90ms
[2303.941s][info][gc,phases      ] GC(398)   Other: 0.14ms
[2303.941s][info][gc,heap        ] GC(398) Eden regions: 1119->0(1120)
[2303.941s][info][gc,heap        ] GC(398) Survivor regions: 109->108(154)
[2303.941s][info][gc,heap        ] GC(398) Old regions: 473->504
[2303.941s][info][gc,heap        ] GC(398) Humongous regions: 80->80
[2303.941s][info][gc,metaspace   ] GC(398) Metaspace: 28946K(29248K)->28946K(29248K) NonClass: 24062K(24192K)->24062K(24192K) Class: 4883K(5056K)->4883K(5056K)
[2303.941s][info][gc             ] GC(398) Pause Young (Concurrent Start) (G1 Evacuation Pause) 3560M->1382M(4096M) 118.302ms
[2303.941s][info][gc             ] GC(399) Concurrent Mark Cycle
[2303.941s][info][gc,marking     ] GC(399) Concurrent Scan Root Regions
[2303.941s][info][gc,cpu         ] GC(398) User=0.70s Sys=0.00s Real=0.12s
.[2304.072s][info][gc,marking     ] GC(399) Concurrent Scan Root Regions 131.396ms
[2304.072s][info][gc,marking     ] GC(399) Concurrent Mark
[2304.072s][info][gc,marking     ] GC(399) Concurrent Mark From Roots
[2304.072s][info][gc,task        ] GC(399) Using 2 workers of 2 for marking
[2304.671s][info][gc,marking     ] GC(399) Concurrent Mark From Roots 598.737ms
[2304.671s][info][gc,marking     ] GC(399) Concurrent Preclean
[2304.671s][info][gc,marking     ] GC(399) Concurrent Preclean 0.072ms
[2304.671s][info][gc,start       ] GC(399) Pause Remark
[2304.675s][info][gc             ] GC(399) Pause Remark 1738M->1738M(4096M) 3.868ms
[2304.675s][info][gc,cpu         ] GC(399) User=0.03s Sys=0.00s Real=0.00s
[2304.675s][info][gc,marking     ] GC(399) Concurrent Mark 602.962ms
[2304.675s][info][gc,marking     ] GC(399) Concurrent Rebuild Remembered Sets and Scrub Regions
[2304.896s][info][gc,marking     ] GC(399) Concurrent Rebuild Remembered Sets and Scrub Regions 220.999ms
[2304.896s][info][gc,start       ] GC(399) Pause Cleanup
[2304.896s][info][gc             ] GC(399) Pause Cleanup 1818M->1818M(4096M) 0.122ms
[2304.897s][info][gc,cpu         ] GC(399) User=0.00s Sys=0.00s Real=0.00s
[2304.898s][info][gc,marking     ] GC(399) Concurrent Clear Claimed Marks
[2304.898s][info][gc,marking     ] GC(399) Concurrent Clear Claimed Marks 0.048ms
[2304.898s][info][gc,marking     ] GC(399) Concurrent Cleanup for Next Mark
[2304.904s][info][gc,marking     ] GC(399) Concurrent Cleanup for Next Mark 5.549ms
[2304.904s][info][gc             ] GC(399) Concurrent Mark Cycle 962.991ms
.....[2309.096s][info][gc,start       ] GC(400) Pause Young (Prepare Mixed) (G1 Evacuation Pause)
[2309.096s][info][gc,task        ] GC(400) Using 6 workers of 6 for evacuation
[2309.214s][info][gc,phases      ] GC(400)   Pre Evacuate Collection Set: 0.35ms
[2309.214s][info][gc,phases      ] GC(400)   Merge Heap Roots: 0.63ms
[2309.214s][info][gc,phases      ] GC(400)   Evacuate Collection Set: 115.70ms
[2309.214s][info][gc,phases      ] GC(400)   Post Evacuate Collection Set: 0.93ms
[2309.214s][info][gc,phases      ] GC(400)   Other: 0.08ms
[2309.214s][info][gc,heap        ] GC(400) Eden regions: 1120->0(1111)
[2309.214s][info][gc,heap        ] GC(400) Survivor regions: 108->109(154)
[2309.214s][info][gc,heap        ] GC(400) Old regions: 504->536
[2309.214s][info][gc,heap        ] GC(400) Humongous regions: 80->80
[2309.214s][info][gc,metaspace   ] GC(400) Metaspace: 28946K(29248K)->28946K(29248K) NonClass: 24062K(24192K)->24062K(24192K) Class: 4883K(5056K)->4883K(5056K)
[2309.214s][info][gc             ] GC(400) Pause Young (Prepare Mixed) (G1 Evacuation Pause) 3622M->1447M(4096M) 117.835ms
[2309.214s][info][gc,cpu         ] GC(400) User=0.70s Sys=0.00s Real=0.12s
.....[2314.335s][info][gc,start       ] GC(401) Pause Young (Mixed) (G1 Evacuation Pause)
[2314.335s][info][gc,task        ] GC(401) Using 6 workers of 6 for evacuation
[2314.468s][info][gc,phases      ] GC(401)   Pre Evacuate Collection Set: 0.38ms
[2314.468s][info][gc,phases      ] GC(401)   Merge Heap Roots: 0.72ms
[2314.468s][info][gc,phases      ] GC(401)   Evacuate Collection Set: 131.12ms
[2314.468s][info][gc,phases      ] GC(401)   Post Evacuate Collection Set: 0.97ms
[2314.468s][info][gc,phases      ] GC(401)   Other: 0.09ms
[2314.468s][info][gc,heap        ] GC(401) Eden regions: 1111->0(1118)
[2314.468s][info][gc,heap        ] GC(401) Survivor regions: 109->110(153)
[2314.468s][info][gc,heap        ] GC(401) Old regions: 536->471
[2314.468s][info][gc,heap        ] GC(401) Humongous regions: 80->80
[2314.468s][info][gc,metaspace   ] GC(401) Metaspace: 28946K(29248K)->28946K(29248K) NonClass: 24062K(24192K)->24062K(24192K) Class: 4883K(5056K)->4883K(5056K)
[2314.468s][info][gc             ] GC(401) Pause Young (Mixed) (G1 Evacuation Pause) 3669M->1321M(4096M) 133.410ms
[2314.468s][info][gc,cpu         ] GC(401) User=0.79s Sys=0.00s Real=0.13s
.....[2319.721s][info][gc,start       ] GC(402) Pause Young (Concurrent Start) (G1 Evacuation Pause)
[2319.721s][info][gc,task        ] GC(402) Using 6 workers of 6 for evacuation
[2319.844s][info][gc,phases      ] GC(402)   Pre Evacuate Collection Set: 0.40ms
[2319.844s][info][gc,phases      ] GC(402)   Merge Heap Roots: 0.49ms
[2319.844s][info][gc,phases      ] GC(402)   Evacuate Collection Set: 120.47ms
[2319.844s][info][gc,phases      ] GC(402)   Post Evacuate Collection Set: 0.89ms
[2319.844s][info][gc,phases      ] GC(402)   Other: 0.14ms
[2319.844s][info][gc,heap        ] GC(402) Eden regions: 1118->0(1116)
[2319.844s][info][gc,heap        ] GC(402) Survivor regions: 110->112(154)
[2319.844s][info][gc,heap        ] GC(402) Old regions: 471->503
[2319.844s][info][gc,heap        ] GC(402) Humongous regions: 80->80
[2319.844s][info][gc,metaspace   ] GC(402) Metaspace: 28946K(29248K)->28946K(29248K) NonClass: 24062K(24192K)->24062K(24192K) Class: 4883K(5056K)->4883K(5056K)
[2319.844s][info][gc             ] GC(402) Pause Young (Concurrent Start) (G1 Evacuation Pause) 3557M->1389M(4096M) 122.532ms
[2319.844s][info][gc             ] GC(403) Concurrent Mark Cycle
[2319.844s][info][gc,marking     ] GC(403) Concurrent Scan Root Regions
[2319.844s][info][gc,cpu         ] GC(402) User=0.73s Sys=0.00s Real=0.12s
.[2319.997s][info][gc,marking     ] GC(403) Concurrent Scan Root Regions 152.953ms
[2319.997s][info][gc,marking     ] GC(403) Concurrent Mark
[2319.997s][info][gc,marking     ] GC(403) Concurrent Mark From Roots
[2319.997s][info][gc,task        ] GC(403) Using 2 workers of 2 for marking
[2320.613s][info][gc,marking     ] GC(403) Concurrent Mark From Roots 616.003ms
[2320.613s][info][gc,marking     ] GC(403) Concurrent Preclean
[2320.613s][info][gc,marking     ] GC(403) Concurrent Preclean 0.055ms
[2320.613s][info][gc,start       ] GC(403) Pause Remark
[2320.617s][info][gc             ] GC(403) Pause Remark 1815M->1815M(4096M) 3.799ms
[2320.617s][info][gc,cpu         ] GC(403) User=0.02s Sys=0.00s Real=0.00s
[2320.617s][info][gc,marking     ] GC(403) Concurrent Mark 620.120ms
[2320.617s][info][gc,marking     ] GC(403) Concurrent Rebuild Remembered Sets and Scrub Regions
[2320.860s][info][gc,marking     ] GC(403) Concurrent Rebuild Remembered Sets and Scrub Regions 243.020ms
[2320.860s][info][gc,start       ] GC(403) Pause Cleanup
[2320.860s][info][gc             ] GC(403) Pause Cleanup 1915M->1915M(4096M) 0.144ms
[2320.860s][info][gc,cpu         ] GC(403) User=0.00s Sys=0.00s Real=0.00s
[2320.860s][info][gc,marking     ] GC(403) Concurrent Clear Claimed Marks
[2320.860s][info][gc,marking     ] GC(403) Concurrent Clear Claimed Marks 0.040ms
[2320.860s][info][gc,marking     ] GC(403) Concurrent Cleanup for Next Mark
[2320.865s][info][gc,marking     ] GC(403) Concurrent Cleanup for Next Mark 4.727ms
[2320.865s][info][gc             ] GC(403) Concurrent Mark Cycle 1021.442ms
....[2324.837s][info][gc,start       ] GC(404) Pause Young (Prepare Mixed) (G1 Evacuation Pause)
[2324.837s][info][gc,task        ] GC(404) Using 6 workers of 6 for evacuation
[2324.953s][info][gc,phases      ] GC(404)   Pre Evacuate Collection Set: 0.38ms
[2324.953s][info][gc,phases      ] GC(404)   Merge Heap Roots: 0.64ms
[2324.953s][info][gc,phases      ] GC(404)   Evacuate Collection Set: 114.71ms
[2324.953s][info][gc,phases      ] GC(404)   Post Evacuate Collection Set: 0.95ms
[2324.953s][info][gc,phases      ] GC(404)   Other: 0.09ms
[2324.953s][info][gc,heap        ] GC(404) Eden regions: 1116->0(1114)
[2324.953s][info][gc,heap        ] GC(404) Survivor regions: 112->108(154)
[2324.953s][info][gc,heap        ] GC(404) Old regions: 503->535
[2324.953s][info][gc,heap        ] GC(404) Humongous regions: 80->80
[2324.953s][info][gc,metaspace   ] GC(404) Metaspace: 28946K(29248K)->28946K(29248K) NonClass: 24062K(24192K)->24062K(24192K) Class: 4883K(5056K)->4883K(5056K)
[2324.953s][info][gc             ] GC(404) Pause Young (Prepare Mixed) (G1 Evacuation Pause) 3621M->1444M(4096M) 116.918ms
[2324.953s][info][gc,cpu         ] GC(404) User=0.70s Sys=0.00s Real=0.12s
......[2330.014s][info][gc,start       ] GC(405) Pause Young (Mixed) (G1 Evacuation Pause)
[2330.014s][info][gc,task        ] GC(405) Using 6 workers of 6 for evacuation
[2330.148s][info][gc,phases      ] GC(405)   Pre Evacuate Collection Set: 0.38ms
[2330.148s][info][gc,phases      ] GC(405)   Merge Heap Roots: 0.79ms
[2330.148s][info][gc,phases      ] GC(405)   Evacuate Collection Set: 131.86ms
[2330.148s][info][gc,phases      ] GC(405)   Post Evacuate Collection Set: 0.93ms
[2330.148s][info][gc,phases      ] GC(405)   Other: 0.09ms
[2330.148s][info][gc,heap        ] GC(405) Eden regions: 1114->0(1121)
[2330.148s][info][gc,heap        ] GC(405) Survivor regions: 108->107(153)
[2330.148s][info][gc,heap        ] GC(405) Old regions: 535->472
[2330.148s][info][gc,heap        ] GC(405) Humongous regions: 80->80
[2330.148s][info][gc,metaspace   ] GC(405) Metaspace: 28946K(29248K)->28946K(29248K) NonClass: 24062K(24192K)->24062K(24192K) Class: 4883K(5056K)->4883K(5056K)
[2330.148s][info][gc             ] GC(405) Pause Young (Mixed) (G1 Evacuation Pause) 3672M->1317M(4096M) 134.198ms
[2330.148s][info][gc,cpu         ] GC(405) User=0.80s Sys=0.00s Real=0.13s
.....[2335.355s][info][gc,start       ] GC(406) Pause Young (Concurrent Start) (G1 Evacuation Pause)
[2335.355s][info][gc,task        ] GC(406) Using 6 workers of 6 for evacuation
[2335.476s][info][gc,phases      ] GC(406)   Pre Evacuate Collection Set: 0.41ms
[2335.476s][info][gc,phases      ] GC(406)   Merge Heap Roots: 0.58ms
[2335.476s][info][gc,phases      ] GC(406)   Evacuate Collection Set: 118.76ms
[2335.476s][info][gc,phases      ] GC(406)   Post Evacuate Collection Set: 0.91ms
[2335.476s][info][gc,phases      ] GC(406)   Other: 0.10ms
[2335.476s][info][gc,heap        ] GC(406) Eden regions: 1121->0(1116)
[2335.476s][info][gc,heap        ] GC(406) Survivor regions: 107->112(154)
[2335.476s][info][gc,heap        ] GC(406) Old regions: 472->504
[2335.476s][info][gc,heap        ] GC(406) Humongous regions: 80->80
[2335.476s][info][gc,metaspace   ] GC(406) Metaspace: 28946K(29248K)->28946K(29248K) NonClass: 24062K(24192K)->24062K(24192K) Class: 4883K(5056K)->4883K(5056K)
[2335.476s][info][gc             ] GC(406) Pause Young (Concurrent Start) (G1 Evacuation Pause) 3559M->1390M(4096M) 120.895ms
[2335.476s][info][gc             ] GC(407) Concurrent Mark Cycle
[2335.476s][info][gc,marking     ] GC(407) Concurrent Scan Root Regions
[2335.476s][info][gc,cpu         ] GC(406) User=0.72s Sys=0.00s Real=0.12s
[2335.613s][info][gc,marking     ] GC(407) Concurrent Scan Root Regions 137.495ms
[2335.613s][info][gc,marking     ] GC(407) Concurrent Mark
[2335.613s][info][gc,marking     ] GC(407) Concurrent Mark From Roots
[2335.613s][info][gc,task        ] GC(407) Using 2 workers of 2 for marking
.[2336.221s][info][gc,marking     ] GC(407) Concurrent Mark From Roots 607.860ms
[2336.221s][info][gc,marking     ] GC(407) Concurrent Preclean
[2336.221s][info][gc,marking     ] GC(407) Concurrent Preclean 0.051ms
[2336.221s][info][gc,start       ] GC(407) Pause Remark
[2336.225s][info][gc             ] GC(407) Pause Remark 1785M->1785M(4096M) 3.649ms
[2336.225s][info][gc,cpu         ] GC(407) User=0.02s Sys=0.00s Real=0.00s
[2336.225s][info][gc,marking     ] GC(407) Concurrent Mark 611.824ms
[2336.225s][info][gc,marking     ] GC(407) Concurrent Rebuild Remembered Sets and Scrub Regions
[2336.455s][info][gc,marking     ] GC(407) Concurrent Rebuild Remembered Sets and Scrub Regions 229.706ms
[2336.455s][info][gc,start       ] GC(407) Pause Cleanup
[2336.455s][info][gc             ] GC(407) Pause Cleanup 1874M->1874M(4096M) 0.124ms
[2336.455s][info][gc,cpu         ] GC(407) User=0.00s Sys=0.00s Real=0.00s
[2336.456s][info][gc,marking     ] GC(407) Concurrent Clear Claimed Marks
[2336.456s][info][gc,marking     ] GC(407) Concurrent Clear Claimed Marks 0.033ms
[2336.456s][info][gc,marking     ] GC(407) Concurrent Cleanup for Next Mark
[2336.459s][info][gc,marking     ] GC(407) Concurrent Cleanup for Next Mark 3.816ms
[2336.459s][info][gc             ] GC(407) Concurrent Mark Cycle 983.735ms
....[2340.585s][info][gc,start       ] GC(408) Pause Young (Prepare Mixed) (G1 Evacuation Pause)
[2340.585s][info][gc,task        ] GC(408) Using 6 workers of 6 for evacuation
[2340.702s][info][gc,phases      ] GC(408)   Pre Evacuate Collection Set: 0.33ms
[2340.702s][info][gc,phases      ] GC(408)   Merge Heap Roots: 0.66ms
[2340.702s][info][gc,phases      ] GC(408)   Evacuate Collection Set: 115.02ms
[2340.702s][info][gc,phases      ] GC(408)   Post Evacuate Collection Set: 0.96ms
[2340.702s][info][gc,phases      ] GC(408)   Other: 0.10ms
[2340.702s][info][gc,heap        ] GC(408) Eden regions: 1116->0(1113)
[2340.702s][info][gc,heap        ] GC(408) Survivor regions: 112->109(154)
[2340.702s][info][gc,heap        ] GC(408) Old regions: 504->534
[2340.702s][info][gc,heap        ] GC(408) Humongous regions: 80->80
[2340.702s][info][gc,metaspace   ] GC(408) Metaspace: 28946K(29248K)->28946K(29248K) NonClass: 24062K(24192K)->24062K(24192K) Class: 4883K(5056K)->4883K(5056K)
[2340.702s][info][gc             ] GC(408) Pause Young (Prepare Mixed) (G1 Evacuation Pause) 3622M->1445M(4096M) 117.212ms
[2340.702s][info][gc,cpu         ] GC(408) User=0.70s Sys=0.00s Real=0.12s
.....[2345.764s][info][gc,start       ] GC(409) Pause Young (Mixed) (G1 Evacuation Pause)
[2345.764s][info][gc,task        ] GC(409) Using 6 workers of 6 for evacuation
[2345.900s][info][gc,phases      ] GC(409)   Pre Evacuate Collection Set: 0.37ms
[2345.900s][info][gc,phases      ] GC(409)   Merge Heap Roots: 0.93ms
[2345.900s][info][gc,phases      ] GC(409)   Evacuate Collection Set: 133.23ms
[2345.900s][info][gc,phases      ] GC(409)   Post Evacuate Collection Set: 0.97ms
[2345.900s][info][gc,phases      ] GC(409)   Other: 0.10ms
[2345.900s][info][gc,heap        ] GC(409) Eden regions: 1113->0(1120)
[2345.900s][info][gc,heap        ] GC(409) Survivor regions: 109->108(153)
[2345.900s][info][gc,heap        ] GC(409) Old regions: 534->472
[2345.900s][info][gc,heap        ] GC(409) Humongous regions: 80->80
[2345.900s][info][gc,metaspace   ] GC(409) Metaspace: 28946K(29248K)->28946K(29248K) NonClass: 24062K(24192K)->24062K(24192K) Class: 4883K(5056K)->4883K(5056K)
[2345.900s][info][gc             ] GC(409) Pause Young (Mixed) (G1 Evacuation Pause) 3671M->1318M(4096M) 135.719ms
[2345.900s][info][gc,cpu         ] GC(409) User=0.81s Sys=0.00s Real=0.14s
......[2351.068s][info][gc,start       ] GC(410) Pause Young (Concurrent Start) (G1 Evacuation Pause)
[2351.068s][info][gc,task        ] GC(410) Using 6 workers of 6 for evacuation
[2351.186s][info][gc,phases      ] GC(410)   Pre Evacuate Collection Set: 0.41ms
[2351.186s][info][gc,phases      ] GC(410)   Merge Heap Roots: 0.48ms
[2351.186s][info][gc,phases      ] GC(410)   Evacuate Collection Set: 115.48ms
[2351.186s][info][gc,phases      ] GC(410)   Post Evacuate Collection Set: 0.90ms
[2351.186s][info][gc,phases      ] GC(410)   Other: 0.12ms
[2351.186s][info][gc,heap        ] GC(410) Eden regions: 1120->0(1119)
[2351.186s][info][gc,heap        ] GC(410) Survivor regions: 108->109(154)
[2351.186s][info][gc,heap        ] GC(410) Old regions: 472->503
[2351.186s][info][gc,heap        ] GC(410) Humongous regions: 80->80
[2351.186s][info][gc,metaspace   ] GC(410) Metaspace: 28946K(29248K)->28946K(29248K) NonClass: 24062K(24192K)->24062K(24192K) Class: 4883K(5056K)->4883K(5056K)
[2351.186s][info][gc             ] GC(410) Pause Young (Concurrent Start) (G1 Evacuation Pause) 3558M->1383M(4096M) 117.524ms
[2351.186s][info][gc             ] GC(411) Concurrent Mark Cycle
[2351.186s][info][gc,marking     ] GC(411) Concurrent Scan Root Regions
[2351.186s][info][gc,cpu         ] GC(410) User=0.70s Sys=0.00s Real=0.12s
[2351.319s][info][gc,marking     ] GC(411) Concurrent Scan Root Regions 133.577ms
[2351.319s][info][gc,marking     ] GC(411) Concurrent Mark
[2351.319s][info][gc,marking     ] GC(411) Concurrent Mark From Roots
[2351.319s][info][gc,task        ] GC(411) Using 2 workers of 2 for marking
[2351.919s][info][gc,marking     ] GC(411) Concurrent Mark From Roots 599.929ms
[2351.919s][info][gc,marking     ] GC(411) Concurrent Preclean
[2351.919s][info][gc,marking     ] GC(411) Concurrent Preclean 0.059ms
[2351.919s][info][gc,start       ] GC(411) Pause Remark
[2351.923s][info][gc             ] GC(411) Pause Remark 1739M->1739M(4096M) 3.746ms
[2351.923s][info][gc,cpu         ] GC(411) User=0.02s Sys=0.00s Real=0.00s
[2351.923s][info][gc,marking     ] GC(411) Concurrent Mark 603.998ms
[2351.923s][info][gc,marking     ] GC(411) Concurrent Rebuild Remembered Sets and Scrub Regions
.[2352.154s][info][gc,marking     ] GC(411) Concurrent Rebuild Remembered Sets and Scrub Regions 230.627ms
[2352.155s][info][gc,start       ] GC(411) Pause Cleanup
[2352.155s][info][gc             ] GC(411) Pause Cleanup 1857M->1857M(4096M) 0.132ms
[2352.155s][info][gc,cpu         ] GC(411) User=0.00s Sys=0.00s Real=0.00s
[2352.155s][info][gc,marking     ] GC(411) Concurrent Clear Claimed Marks
[2352.155s][info][gc,marking     ] GC(411) Concurrent Clear Claimed Marks 0.036ms
[2352.155s][info][gc,marking     ] GC(411) Concurrent Cleanup for Next Mark
[2352.159s][info][gc,marking     ] GC(411) Concurrent Cleanup for Next Mark 4.423ms
[2352.159s][info][gc             ] GC(411) Concurrent Mark Cycle 973.686ms
.... (rIR:aIR:PR = 3598:3597:3597) (tPR = 53277) [OK] 
  2355s: Performance info:
         Transaction,    Success,    Partial,     Failed,   Receipts, AvgBarcode, 
             Overall,     216363,          0,          0,     205536,      59.47, 
         Response times:
             Request,    Success,    Partial,     Failed,   SkipFail,     Probes,    Samples,      min,      p50,      p90,      p95,      p99,      max, 
       TotalPurchase,     205536,          0,          0,          0,     200878,     216728,      300,     3100,     5300,     7400,    36000,   161000,
     InStorePurchase,     108149,          0,          0,          0,     105960,     114316,      300,     3000,     5200,     7300,    35000,   161000,
      OnlinePurchase,      75749,          0,          0,          0,      74057,      79638,      300,     3300,     5400,     7700,    38000,   161000,
        InstPurchase,      21638,          0,          0,          0,      20861,      22774,      400,     2500,     5000,     7000,    33000,   144000,
          AssocOfCat,        216,          0,          0,          0,        167,        240,    17100,    32000,    41900,    49900,   140700,   182000,
      AssocOfProduct,       2164,          0,          0,          0,       1963,       2226,      500,     3800,     5600,     7465,    48000,   145000,
      BusinessReport,        545,          0,          0,          0,        452,        579,    21000,    35000,    50000,    63000,   143000,   192000,
          CustBuyBeh,       2165,          0,          0,          0,       1957,       2281,      200,     2700,     4500,     5800,    33000,   140000,
       ProductReturn,       5737,          0,          0,          0,       5404,       6009,      200,     2100,     4800,     6300,    26000,   137000,

  2355s: (27%)   IR =   3736 [2356.388s][info][gc,start       ] GC(412) Pause Young (Prepare Mixed) (G1 Evacuation Pause)
[2356.388s][info][gc,task        ] GC(412) Using 6 workers of 6 for evacuation
[2356.507s][info][gc,phases      ] GC(412)   Pre Evacuate Collection Set: 0.39ms
[2356.507s][info][gc,phases      ] GC(412)   Merge Heap Roots: 0.70ms
[2356.507s][info][gc,phases      ] GC(412)   Evacuate Collection Set: 116.15ms
[2356.507s][info][gc,phases      ] GC(412)   Post Evacuate Collection Set: 0.95ms
[2356.507s][info][gc,phases      ] GC(412)   Other: 0.10ms
[2356.507s][info][gc,heap        ] GC(412) Eden regions: 1119->0(1108)
[2356.507s][info][gc,heap        ] GC(412) Survivor regions: 109->111(154)
[2356.507s][info][gc,heap        ] GC(412) Old regions: 503->535
[2356.507s][info][gc,heap        ] GC(412) Humongous regions: 80->80
[2356.507s][info][gc,metaspace   ] GC(412) Metaspace: 28946K(29248K)->28946K(29248K) NonClass: 24062K(24192K)->24062K(24192K) Class: 4883K(5056K)->4883K(5056K)
[2356.507s][info][gc             ] GC(412) Pause Young (Prepare Mixed) (G1 Evacuation Pause) 3621M->1450M(4096M) 118.406ms
[2356.507s][info][gc,cpu         ] GC(412) User=0.70s Sys=0.00s Real=0.12s
.....[2361.408s][info][gc,start       ] GC(413) Pause Young (Mixed) (G1 Evacuation Pause)
[2361.408s][info][gc,task        ] GC(413) Using 6 workers of 6 for evacuation
[2361.540s][info][gc,phases      ] GC(413)   Pre Evacuate Collection Set: 0.40ms
[2361.540s][info][gc,phases      ] GC(413)   Merge Heap Roots: 0.68ms
[2361.540s][info][gc,phases      ] GC(413)   Evacuate Collection Set: 129.43ms
[2361.540s][info][gc,phases      ] GC(413)   Post Evacuate Collection Set: 0.98ms
[2361.540s][info][gc,phases      ] GC(413)   Other: 0.09ms
[2361.540s][info][gc,heap        ] GC(413) Eden regions: 1108->0(1118)
[2361.540s][info][gc,heap        ] GC(413) Survivor regions: 111->110(153)
[2361.540s][info][gc,heap        ] GC(413) Old regions: 535->472
[2361.540s][info][gc,heap        ] GC(413) Humongous regions: 80->80
[2361.540s][info][gc,metaspace   ] GC(413) Metaspace: 28946K(29248K)->28946K(29248K) NonClass: 24062K(24192K)->24062K(24192K) Class: 4883K(5056K)->4883K(5056K)
[2361.540s][info][gc             ] GC(413) Pause Young (Mixed) (G1 Evacuation Pause) 3666M->1321M(4096M) 131.744ms
[2361.540s][info][gc,cpu         ] GC(413) User=0.78s Sys=0.00s Real=0.14s
.|....[2366.407s][info][gc,start       ] GC(414) Pause Young (Concurrent Start) (G1 Evacuation Pause)
[2366.407s][info][gc,task        ] GC(414) Using 6 workers of 6 for evacuation
[2366.526s][info][gc,phases      ] GC(414)   Pre Evacuate Collection Set: 0.42ms
[2366.526s][info][gc,phases      ] GC(414)   Merge Heap Roots: 0.50ms
[2366.526s][info][gc,phases      ] GC(414)   Evacuate Collection Set: 116.30ms
[2366.526s][info][gc,phases      ] GC(414)   Post Evacuate Collection Set: 0.90ms
[2366.526s][info][gc,phases      ] GC(414)   Other: 0.11ms
[2366.526s][info][gc,heap        ] GC(414) Eden regions: 1118->0(1119)
[2366.526s][info][gc,heap        ] GC(414) Survivor regions: 110->109(154)
[2366.526s][info][gc,heap        ] GC(414) Old regions: 472->504
[2366.526s][info][gc,heap        ] GC(414) Humongous regions: 80->80
[2366.526s][info][gc,metaspace   ] GC(414) Metaspace: 28946K(29248K)->28946K(29248K) NonClass: 24062K(24192K)->24062K(24192K) Class: 4883K(5056K)->4883K(5056K)
[2366.526s][info][gc             ] GC(414) Pause Young (Concurrent Start) (G1 Evacuation Pause) 3557M->1385M(4096M) 118.366ms
[2366.526s][info][gc             ] GC(415) Concurrent Mark Cycle
[2366.526s][info][gc,marking     ] GC(415) Concurrent Scan Root Regions
[2366.526s][info][gc,cpu         ] GC(414) User=0.70s Sys=0.00s Real=0.12s
[2366.653s][info][gc,marking     ] GC(415) Concurrent Scan Root Regions 126.982ms
[2366.653s][info][gc,marking     ] GC(415) Concurrent Mark
[2366.653s][info][gc,marking     ] GC(415) Concurrent Mark From Roots
[2366.653s][info][gc,task        ] GC(415) Using 2 workers of 2 for marking
.[2367.251s][info][gc,marking     ] GC(415) Concurrent Mark From Roots 598.709ms
[2367.251s][info][gc,marking     ] GC(415) Concurrent Preclean
[2367.252s][info][gc,marking     ] GC(415) Concurrent Preclean 0.063ms
[2367.252s][info][gc,start       ] GC(415) Pause Remark
[2367.256s][info][gc             ] GC(415) Pause Remark 1729M->1729M(4096M) 3.990ms
[2367.256s][info][gc,cpu         ] GC(415) User=0.02s Sys=0.00s Real=0.00s
[2367.256s][info][gc,marking     ] GC(415) Concurrent Mark 603.005ms
[2367.256s][info][gc,marking     ] GC(415) Concurrent Rebuild Remembered Sets and Scrub Regions
[2367.484s][info][gc,marking     ] GC(415) Concurrent Rebuild Remembered Sets and Scrub Regions 228.709ms
[2367.485s][info][gc,start       ] GC(415) Pause Cleanup
[2367.485s][info][gc             ] GC(415) Pause Cleanup 1828M->1828M(4096M) 0.129ms
[2367.485s][info][gc,cpu         ] GC(415) User=0.00s Sys=0.00s Real=0.00s
[2367.485s][info][gc,marking     ] GC(415) Concurrent Clear Claimed Marks
[2367.485s][info][gc,marking     ] GC(415) Concurrent Clear Claimed Marks 0.031ms
[2367.485s][info][gc,marking     ] GC(415) Concurrent Cleanup for Next Mark
[2367.489s][info][gc,marking     ] GC(415) Concurrent Cleanup for Next Mark 4.401ms
[2367.489s][info][gc             ] GC(415) Concurrent Mark Cycle 963.615ms
....[2371.513s][info][gc,start       ] GC(416) Pause Young (Prepare Mixed) (G1 Evacuation Pause)
[2371.513s][info][gc,task        ] GC(416) Using 6 workers of 6 for evacuation
[2371.629s][info][gc,phases      ] GC(416)   Pre Evacuate Collection Set: 0.37ms
[2371.629s][info][gc,phases      ] GC(416)   Merge Heap Roots: 0.65ms
[2371.629s][info][gc,phases      ] GC(416)   Evacuate Collection Set: 114.19ms
[2371.629s][info][gc,phases      ] GC(416)   Post Evacuate Collection Set: 0.94ms
[2371.629s][info][gc,phases      ] GC(416)   Other: 0.10ms
[2371.629s][info][gc,heap        ] GC(416) Eden regions: 1119->0(1113)
[2371.629s][info][gc,heap        ] GC(416) Survivor regions: 109->108(154)
[2371.629s][info][gc,heap        ] GC(416) Old regions: 504->536
[2371.629s][info][gc,heap        ] GC(416) Humongous regions: 80->80
[2371.629s][info][gc,metaspace   ] GC(416) Metaspace: 28946K(29248K)->28946K(29248K) NonClass: 24062K(24192K)->24062K(24192K) Class: 4883K(5056K)->4883K(5056K)
[2371.629s][info][gc             ] GC(416) Pause Young (Prepare Mixed) (G1 Evacuation Pause) 3623M->1446M(4096M) 116.382ms
[2371.629s][info][gc,cpu         ] GC(416) User=0.69s Sys=0.00s Real=0.12s
.....[2376.504s][info][gc,start       ] GC(417) Pause Young (Mixed) (G1 Evacuation Pause)
[2376.504s][info][gc,task        ] GC(417) Using 6 workers of 6 for evacuation
[2376.635s][info][gc,phases      ] GC(417)   Pre Evacuate Collection Set: 0.39ms
[2376.635s][info][gc,phases      ] GC(417)   Merge Heap Roots: 0.76ms
[2376.635s][info][gc,phases      ] GC(417)   Evacuate Collection Set: 128.45ms
[2376.635s][info][gc,phases      ] GC(417)   Post Evacuate Collection Set: 0.96ms
[2376.635s][info][gc,phases      ] GC(417)   Other: 0.09ms
[2376.635s][info][gc,heap        ] GC(417) Eden regions: 1113->0(1121)
[2376.635s][info][gc,heap        ] GC(417) Survivor regions: 108->107(153)
[2376.635s][info][gc,heap        ] GC(417) Old regions: 536->475
[2376.635s][info][gc,heap        ] GC(417) Humongous regions: 80->80
[2376.635s][info][gc,metaspace   ] GC(417) Metaspace: 28946K(29248K)->28946K(29248K) NonClass: 24062K(24192K)->24062K(24192K) Class: 4883K(5056K)->4883K(5056K)
[2376.635s][info][gc             ] GC(417) Pause Young (Mixed) (G1 Evacuation Pause) 3672M->1322M(4096M) 130.772ms
[2376.635s][info][gc,cpu         ] GC(417) User=0.78s Sys=0.00s Real=0.13s
.....[2381.557s][info][gc,start       ] GC(418) Pause Young (Concurrent Start) (G1 Evacuation Pause)
[2381.557s][info][gc,task        ] GC(418) Using 6 workers of 6 for evacuation
[2381.672s][info][gc,phases      ] GC(418)   Pre Evacuate Collection Set: 0.38ms
[2381.672s][info][gc,phases      ] GC(418)   Merge Heap Roots: 0.58ms
[2381.672s][info][gc,phases      ] GC(418)   Evacuate Collection Set: 113.70ms
[2381.672s][info][gc,phases      ] GC(418)   Post Evacuate Collection Set: 0.90ms
[2381.672s][info][gc,phases      ] GC(418)   Other: 0.11ms
[2381.672s][info][gc,heap        ] GC(418) Eden regions: 1121->0(1120)
[2381.672s][info][gc,heap        ] GC(418) Survivor regions: 107->108(154)
[2381.672s][info][gc,heap        ] GC(418) Old regions: 475->507
[2381.672s][info][gc,heap        ] GC(418) Humongous regions: 80->80
[2381.672s][info][gc,metaspace   ] GC(418) Metaspace: 28946K(29248K)->28946K(29248K) NonClass: 24062K(24192K)->24062K(24192K) Class: 4883K(5056K)->4883K(5056K)
[2381.672s][info][gc             ] GC(418) Pause Young (Concurrent Start) (G1 Evacuation Pause) 3564M->1388M(4096M) 115.804ms
[2381.672s][info][gc             ] GC(419) Concurrent Mark Cycle
[2381.672s][info][gc,marking     ] GC(419) Concurrent Scan Root Regions
[2381.672s][info][gc,cpu         ] GC(418) User=0.69s Sys=0.00s Real=0.12s
[2381.796s][info][gc,marking     ] GC(419) Concurrent Scan Root Regions 123.919ms
[2381.796s][info][gc,marking     ] GC(419) Concurrent Mark
[2381.796s][info][gc,marking     ] GC(419) Concurrent Mark From Roots
[2381.796s][info][gc,task        ] GC(419) Using 2 workers of 2 for marking
.[2382.383s][info][gc,marking     ] GC(419) Concurrent Mark From Roots 586.566ms
[2382.383s][info][gc,marking     ] GC(419) Concurrent Preclean
[2382.383s][info][gc,marking     ] GC(419) Concurrent Preclean 0.048ms
[2382.383s][info][gc,start       ] GC(419) Pause Remark
[2382.387s][info][gc             ] GC(419) Pause Remark 1723M->1723M(4096M) 3.702ms
[2382.387s][info][gc,cpu         ] GC(419) User=0.02s Sys=0.00s Real=0.00s
[2382.388s][info][gc,marking     ] GC(419) Concurrent Mark 591.649ms
[2382.388s][info][gc,marking     ] GC(419) Concurrent Rebuild Remembered Sets and Scrub Regions
[2382.624s][info][gc,marking     ] GC(419) Concurrent Rebuild Remembered Sets and Scrub Regions 235.938ms
[2382.625s][info][gc,start       ] GC(419) Pause Cleanup
[2382.625s][info][gc             ] GC(419) Pause Cleanup 1847M->1847M(4096M) 0.140ms
[2382.625s][info][gc,cpu         ] GC(419) User=0.00s Sys=0.00s Real=0.00s
[2382.625s][info][gc,marking     ] GC(419) Concurrent Clear Claimed Marks
[2382.625s][info][gc,marking     ] GC(419) Concurrent Clear Claimed Marks 0.027ms
[2382.625s][info][gc,marking     ] GC(419) Concurrent Cleanup for Next Mark
[2382.629s][info][gc,marking     ] GC(419) Concurrent Cleanup for Next Mark 3.394ms
[2382.629s][info][gc             ] GC(419) Concurrent Mark Cycle 956.258ms
....[2386.736s][info][gc,start       ] GC(420) Pause Young (Prepare Mixed) (G1 Evacuation Pause)
[2386.736s][info][gc,task        ] GC(420) Using 6 workers of 6 for evacuation
[2386.854s][info][gc,phases      ] GC(420)   Pre Evacuate Collection Set: 0.34ms
[2386.854s][info][gc,phases      ] GC(420)   Merge Heap Roots: 0.62ms
[2386.854s][info][gc,phases      ] GC(420)   Evacuate Collection Set: 115.59ms
[2386.854s][info][gc,phases      ] GC(420)   Post Evacuate Collection Set: 0.95ms
[2386.854s][info][gc,phases      ] GC(420)   Other: 0.09ms
[2386.854s][info][gc,heap        ] GC(420) Eden regions: 1120->0(1111)
[2386.854s][info][gc,heap        ] GC(420) Survivor regions: 108->108(154)
[2386.854s][info][gc,heap        ] GC(420) Old regions: 507->538
[2386.854s][info][gc,heap        ] GC(420) Humongous regions: 80->80
[2386.854s][info][gc,metaspace   ] GC(420) Metaspace: 28946K(29248K)->28946K(29248K) NonClass: 24062K(24192K)->24062K(24192K) Class: 4883K(5056K)->4883K(5056K)
[2386.854s][info][gc             ] GC(420) Pause Young (Prepare Mixed) (G1 Evacuation Pause) 3628M->1451M(4096M) 117.721ms
[2386.854s][info][gc,cpu         ] GC(420) User=0.70s Sys=0.00s Real=0.12s
.....[2391.696s][info][gc,start       ] GC(421) Pause Young (Mixed) (G1 Evacuation Pause)
[2391.696s][info][gc,task        ] GC(421) Using 6 workers of 6 for evacuation
[2391.828s][info][gc,phases      ] GC(421)   Pre Evacuate Collection Set: 0.39ms
[2391.828s][info][gc,phases      ] GC(421)   Merge Heap Roots: 0.73ms
[2391.828s][info][gc,phases      ] GC(421)   Evacuate Collection Set: 129.55ms
[2391.828s][info][gc,phases      ] GC(421)   Post Evacuate Collection Set: 0.96ms
[2391.828s][info][gc,phases      ] GC(421)   Other: 0.09ms
[2391.828s][info][gc,heap        ] GC(421) Eden regions: 1111->0(1120)
[2391.828s][info][gc,heap        ] GC(421) Survivor regions: 108->108(153)
[2391.828s][info][gc,heap        ] GC(421) Old regions: 538->473
[2391.828s][info][gc,heap        ] GC(421) Humongous regions: 80->80
[2391.828s][info][gc,metaspace   ] GC(421) Metaspace: 28946K(29248K)->28946K(29248K) NonClass: 24062K(24192K)->24062K(24192K) Class: 4883K(5056K)->4883K(5056K)
[2391.828s][info][gc             ] GC(421) Pause Young (Mixed) (G1 Evacuation Pause) 3673M->1320M(4096M) 131.850ms
[2391.828s][info][gc,cpu         ] GC(421) User=0.78s Sys=0.00s Real=0.13s
.....[2396.725s][info][gc,start       ] GC(422) Pause Young (Concurrent Start) (G1 Evacuation Pause)
[2396.725s][info][gc,task        ] GC(422) Using 6 workers of 6 for evacuation
[2396.842s][info][gc,phases      ] GC(422)   Pre Evacuate Collection Set: 0.43ms
[2396.842s][info][gc,phases      ] GC(422)   Merge Heap Roots: 0.59ms
[2396.842s][info][gc,phases      ] GC(422)   Evacuate Collection Set: 114.66ms
[2396.842s][info][gc,phases      ] GC(422)   Post Evacuate Collection Set: 0.92ms
[2396.842s][info][gc,phases      ] GC(422)   Other: 0.13ms
[2396.842s][info][gc,heap        ] GC(422) Eden regions: 1120->0(1120)
[2396.842s][info][gc,heap        ] GC(422) Survivor regions: 108->108(154)
[2396.842s][info][gc,heap        ] GC(422) Old regions: 473->506
[2396.842s][info][gc,heap        ] GC(422) Humongous regions: 80->80
[2396.842s][info][gc,metaspace   ] GC(422) Metaspace: 28946K(29248K)->28946K(29248K) NonClass: 24062K(24192K)->24062K(24192K) Class: 4883K(5056K)->4883K(5056K)
[2396.842s][info][gc             ] GC(422) Pause Young (Concurrent Start) (G1 Evacuation Pause) 3560M->1385M(4096M) 116.883ms
[2396.842s][info][gc             ] GC(423) Concurrent Mark Cycle
[2396.842s][info][gc,marking     ] GC(423) Concurrent Scan Root Regions
[2396.842s][info][gc,cpu         ] GC(422) User=0.69s Sys=0.01s Real=0.12s
[2397.001s][info][gc,marking     ] GC(423) Concurrent Scan Root Regions 158.629ms
[2397.001s][info][gc,marking     ] GC(423) Concurrent Mark
[2397.001s][info][gc,marking     ] GC(423) Concurrent Mark From Roots
[2397.001s][info][gc,task        ] GC(423) Using 2 workers of 2 for marking
.[2397.679s][info][gc,marking     ] GC(423) Concurrent Mark From Roots 677.763ms
[2397.679s][info][gc,marking     ] GC(423) Concurrent Preclean
[2397.679s][info][gc,marking     ] GC(423) Concurrent Preclean 0.066ms
[2397.679s][info][gc,start       ] GC(423) Pause Remark
[2397.683s][info][gc             ] GC(423) Pause Remark 1795M->1795M(4096M) 3.962ms
[2397.683s][info][gc,cpu         ] GC(423) User=0.02s Sys=0.00s Real=0.00s
[2397.683s][info][gc,marking     ] GC(423) Concurrent Mark 682.037ms
[2397.683s][info][gc,marking     ] GC(423) Concurrent Rebuild Remembered Sets and Scrub Regions
[2397.944s][info][gc,marking     ] GC(423) Concurrent Rebuild Remembered Sets and Scrub Regions 260.533ms
[2397.944s][info][gc,start       ] GC(423) Pause Cleanup
[2397.944s][info][gc             ] GC(423) Pause Cleanup 1925M->1925M(4096M) 0.134ms
[2397.944s][info][gc,cpu         ] GC(423) User=0.00s Sys=0.00s Real=0.00s
[2397.944s][info][gc,marking     ] GC(423) Concurrent Clear Claimed Marks
[2397.944s][info][gc,marking     ] GC(423) Concurrent Clear Claimed Marks 0.030ms
[2397.944s][info][gc,marking     ] GC(423) Concurrent Cleanup for Next Mark
[2397.948s][info][gc,marking     ] GC(423) Concurrent Cleanup for Next Mark 4.407ms
[2397.948s][info][gc             ] GC(423) Concurrent Mark Cycle 1106.108ms
....[2401.783s][info][gc,start       ] GC(424) Pause Young (Prepare Mixed) (G1 Evacuation Pause)
[2401.783s][info][gc,task        ] GC(424) Using 6 workers of 6 for evacuation
[2401.901s][info][gc,phases      ] GC(424)   Pre Evacuate Collection Set: 0.36ms
[2401.901s][info][gc,phases      ] GC(424)   Merge Heap Roots: 0.68ms
[2401.901s][info][gc,phases      ] GC(424)   Evacuate Collection Set: 115.40ms
[2401.901s][info][gc,phases      ] GC(424)   Post Evacuate Collection Set: 0.94ms
[2401.901s][info][gc,phases      ] GC(424)   Other: 0.08ms
[2401.901s][info][gc,heap        ] GC(424) Eden regions: 1120->0(1112)
[2401.901s][info][gc,heap        ] GC(424) Survivor regions: 108->108(154)
[2401.901s][info][gc,heap        ] GC(424) Old regions: 506->537
[2401.901s][info][gc,heap        ] GC(424) Humongous regions: 80->80
[2401.901s][info][gc,metaspace   ] GC(424) Metaspace: 28946K(29248K)->28946K(29248K) NonClass: 24062K(24192K)->24062K(24192K) Class: 4883K(5056K)->4883K(5056K)
[2401.901s][info][gc             ] GC(424) Pause Young (Prepare Mixed) (G1 Evacuation Pause) 3625M->1449M(4096M) 117.587ms
[2401.901s][info][gc,cpu         ] GC(424) User=0.70s Sys=0.00s Real=0.12s
.....[2406.825s][info][gc,start       ] GC(425) Pause Young (Mixed) (G1 Evacuation Pause)
[2406.825s][info][gc,task        ] GC(425) Using 6 workers of 6 for evacuation
[2406.959s][info][gc,phases      ] GC(425)   Pre Evacuate Collection Set: 0.41ms
[2406.959s][info][gc,phases      ] GC(425)   Merge Heap Roots: 0.85ms
[2406.959s][info][gc,phases      ] GC(425)   Evacuate Collection Set: 131.10ms
[2406.959s][info][gc,phases      ] GC(425)   Post Evacuate Collection Set: 0.96ms
[2406.959s][info][gc,phases      ] GC(425)   Other: 0.10ms
[2406.959s][info][gc,heap        ] GC(425) Eden regions: 1112->0(1120)
[2406.959s][info][gc,heap        ] GC(425) Survivor regions: 108->108(153)
[2406.959s][info][gc,heap        ] GC(425) Old regions: 537->474
[2406.959s][info][gc,heap        ] GC(425) Humongous regions: 80->80
[2406.959s][info][gc,metaspace   ] GC(425) Metaspace: 28946K(29248K)->28946K(29248K) NonClass: 24062K(24192K)->24062K(24192K) Class: 4883K(5056K)->4883K(5056K)
[2406.959s][info][gc             ] GC(425) Pause Young (Mixed) (G1 Evacuation Pause) 3673M->1322M(4096M) 133.570ms
[2406.959s][info][gc,cpu         ] GC(425) User=0.79s Sys=0.00s Real=0.14s
.....[2411.905s][info][gc,start       ] GC(426) Pause Young (Concurrent Start) (G1 Evacuation Pause)
[2411.905s][info][gc,task        ] GC(426) Using 6 workers of 6 for evacuation
[2412.029s][info][gc,phases      ] GC(426)   Pre Evacuate Collection Set: 0.39ms
[2412.029s][info][gc,phases      ] GC(426)   Merge Heap Roots: 0.55ms
[2412.029s][info][gc,phases      ] GC(426)   Evacuate Collection Set: 121.35ms
[2412.029s][info][gc,phases      ] GC(426)   Post Evacuate Collection Set: 0.89ms
[2412.029s][info][gc,phases      ] GC(426)   Other: 0.13ms
[2412.029s][info][gc,heap        ] GC(426) Eden regions: 1120->0(1115)
[2412.029s][info][gc,heap        ] GC(426) Survivor regions: 108->113(154)
[2412.029s][info][gc,heap        ] GC(426) Old regions: 474->506
[2412.029s][info][gc,heap        ] GC(426) Humongous regions: 80->80
[2412.029s][info][gc,metaspace   ] GC(426) Metaspace: 28946K(29248K)->28946K(29248K) NonClass: 24062K(24192K)->24062K(24192K) Class: 4883K(5056K)->4883K(5056K)
[2412.029s][info][gc             ] GC(426) Pause Young (Concurrent Start) (G1 Evacuation Pause) 3562M->1395M(4096M) 123.434ms
[2412.029s][info][gc             ] GC(427) Concurrent Mark Cycle
[2412.029s][info][gc,marking     ] GC(427) Concurrent Scan Root Regions
[2412.029s][info][gc,cpu         ] GC(426) User=0.74s Sys=0.00s Real=0.13s
.[2412.208s][info][gc,marking     ] GC(427) Concurrent Scan Root Regions 179.268ms
[2412.208s][info][gc,marking     ] GC(427) Concurrent Mark
[2412.208s][info][gc,marking     ] GC(427) Concurrent Mark From Roots
[2412.208s][info][gc,task        ] GC(427) Using 2 workers of 2 for marking
[2412.845s][info][gc,marking     ] GC(427) Concurrent Mark From Roots 636.791ms
[2412.845s][info][gc,marking     ] GC(427) Concurrent Preclean
[2412.845s][info][gc,marking     ] GC(427) Concurrent Preclean 0.063ms
[2412.845s][info][gc,start       ] GC(427) Pause Remark
[2412.849s][info][gc             ] GC(427) Pause Remark 1816M->1816M(4096M) 4.108ms
[2412.849s][info][gc,cpu         ] GC(427) User=0.03s Sys=0.00s Real=0.01s
[2412.849s][info][gc,marking     ] GC(427) Concurrent Mark 641.233ms
[2412.849s][info][gc,marking     ] GC(427) Concurrent Rebuild Remembered Sets and Scrub Regions
.[2413.102s][info][gc,marking     ] GC(427) Concurrent Rebuild Remembered Sets and Scrub Regions 252.656ms
[2413.102s][info][gc,start       ] GC(427) Pause Cleanup
[2413.102s][info][gc             ] GC(427) Pause Cleanup 1924M->1924M(4096M) 0.125ms
[2413.102s][info][gc,cpu         ] GC(427) User=0.00s Sys=0.00s Real=0.00s
[2413.102s][info][gc,marking     ] GC(427) Concurrent Clear Claimed Marks
[2413.102s][info][gc,marking     ] GC(427) Concurrent Clear Claimed Marks 0.024ms
[2413.102s][info][gc,marking     ] GC(427) Concurrent Cleanup for Next Mark
[2413.106s][info][gc,marking     ] GC(427) Concurrent Cleanup for Next Mark 3.216ms
[2413.106s][info][gc             ] GC(427) Concurrent Mark Cycle 1076.770ms
...[2416.969s][info][gc,start       ] GC(428) Pause Young (Prepare Mixed) (G1 Evacuation Pause)
[2416.969s][info][gc,task        ] GC(428) Using 6 workers of 6 for evacuation
[2417.086s][info][gc,phases      ] GC(428)   Pre Evacuate Collection Set: 0.37ms
[2417.086s][info][gc,phases      ] GC(428)   Merge Heap Roots: 0.68ms
[2417.086s][info][gc,phases      ] GC(428)   Evacuate Collection Set: 115.21ms
[2417.086s][info][gc,phases      ] GC(428)   Post Evacuate Collection Set: 0.95ms
[2417.086s][info][gc,phases      ] GC(428)   Other: 0.09ms
[2417.086s][info][gc,heap        ] GC(428) Eden regions: 1115->0(1109)
[2417.086s][info][gc,heap        ] GC(428) Survivor regions: 113->109(154)
[2417.086s][info][gc,heap        ] GC(428) Old regions: 506->538
[2417.086s][info][gc,heap        ] GC(428) Humongous regions: 80->80
[2417.086s][info][gc,metaspace   ] GC(428) Metaspace: 28946K(29248K)->28946K(29248K) NonClass: 24062K(24192K)->24062K(24192K) Class: 4883K(5056K)->4883K(5056K)
[2417.086s][info][gc             ] GC(428) Pause Young (Prepare Mixed) (G1 Evacuation Pause) 3625M->1452M(4096M) 117.439ms
[2417.086s][info][gc,cpu         ] GC(428) User=0.70s Sys=0.00s Real=0.11s
.....[2421.989s][info][gc,start       ] GC(429) Pause Young (Mixed) (G1 Evacuation Pause)
[2421.989s][info][gc,task        ] GC(429) Using 6 workers of 6 for evacuation
[2422.121s][info][gc,phases      ] GC(429)   Pre Evacuate Collection Set: 0.43ms
[2422.121s][info][gc,phases      ] GC(429)   Merge Heap Roots: 0.89ms
[2422.121s][info][gc,phases      ] GC(429)   Evacuate Collection Set: 129.72ms
[2422.121s][info][gc,phases      ] GC(429)   Post Evacuate Collection Set: 0.95ms
[2422.121s][info][gc,phases      ] GC(429)   Other: 0.09ms
[2422.121s][info][gc,heap        ] GC(429) Eden regions: 1109->0(1120)
[2422.121s][info][gc,heap        ] GC(429) Survivor regions: 109->108(153)
[2422.121s][info][gc,heap        ] GC(429) Old regions: 538->473
[2422.121s][info][gc,heap        ] GC(429) Humongous regions: 80->80
[2422.121s][info][gc,metaspace   ] GC(429) Metaspace: 28946K(29248K)->28946K(29248K) NonClass: 24062K(24192K)->24062K(24192K) Class: 4883K(5056K)->4883K(5056K)
[2422.121s][info][gc             ] GC(429) Pause Young (Mixed) (G1 Evacuation Pause) 3670M->1321M(4096M) 132.215ms
[2422.121s][info][gc,cpu         ] GC(429) User=0.79s Sys=0.00s Real=0.13s
. (rIR:aIR:PR = 3736:3727:3727) (tPR = 55343) [OK] 
  2421s: Performance info:
         Transaction,    Success,    Partial,     Failed,   Receipts, AvgBarcode, 
             Overall,     223941,          0,          0,     212747,      59.48, 
         Response times:
             Request,    Success,    Partial,     Failed,   SkipFail,     Probes,    Samples,      min,      p50,      p90,      p95,      p99,      max, 
       TotalPurchase,     212738,          0,          0,          0,     208289,     230328,      300,     3100,     5400,     6900,    34000,   177000,
     InStorePurchase,     111976,          0,          0,          0,     109817,     121164,      300,     3100,     5300,     6900,    34000,   177000,
      OnlinePurchase,      78356,          0,          0,          0,      76798,      84994,      300,     3100,     5400,     6900,    35000,   165000,
        InstPurchase,      22406,          0,          0,          0,      21674,      24170,      400,     3100,     5400,     7000,    39000,   153000,
          AssocOfCat,        223,          0,          0,          0,        162,        230,    19900,    31000,    42000,    51000,   146400,   189000,
      AssocOfProduct,       2234,          0,          0,          0,       2060,       2441,      700,     3700,     5500,     7000,    41000,   178000,
      BusinessReport,        563,          0,          0,          0,        467,        576,    21000,    36000,    47000,    53300,    84460,   263000,
          CustBuyBeh,       2235,          0,          0,          0,       2017,       2412,      700,     3900,     5800,     7200,    37000,    60000,
       ProductReturn,       5937,          0,          0,          0,       5554,       6365,      200,     2600,     4900,     6400,    37000,   139000,

  2421s: (28%)   IR =   3874 ....[2426.901s][info][gc,start       ] GC(430) Pause Young (Concurrent Start) (G1 Evacuation Pause)
[2426.902s][info][gc,task        ] GC(430) Using 6 workers of 6 for evacuation
[2427.017s][info][gc,phases      ] GC(430)   Pre Evacuate Collection Set: 0.40ms
[2427.017s][info][gc,phases      ] GC(430)   Merge Heap Roots: 0.51ms
[2427.017s][info][gc,phases      ] GC(430)   Evacuate Collection Set: 113.33ms
[2427.017s][info][gc,phases      ] GC(430)   Post Evacuate Collection Set: 0.90ms
[2427.017s][info][gc,phases      ] GC(430)   Other: 0.13ms
[2427.017s][info][gc,heap        ] GC(430) Eden regions: 1120->0(1120)
[2427.017s][info][gc,heap        ] GC(430) Survivor regions: 108->108(154)
[2427.017s][info][gc,heap        ] GC(430) Old regions: 473->506
[2427.017s][info][gc,heap        ] GC(430) Humongous regions: 80->80
[2427.017s][info][gc,metaspace   ] GC(430) Metaspace: 28946K(29248K)->28946K(29248K) NonClass: 24063K(24192K)->24063K(24192K) Class: 4883K(5056K)->4883K(5056K)
[2427.017s][info][gc             ] GC(430) Pause Young (Concurrent Start) (G1 Evacuation Pause) 3561M->1385M(4096M) 115.425ms
[2427.017s][info][gc             ] GC(431) Concurrent Mark Cycle
[2427.017s][info][gc,marking     ] GC(431) Concurrent Scan Root Regions
[2427.017s][info][gc,cpu         ] GC(430) User=0.68s Sys=0.01s Real=0.11s
[2427.170s][info][gc,marking     ] GC(431) Concurrent Scan Root Regions 152.770ms
[2427.170s][info][gc,marking     ] GC(431) Concurrent Mark
[2427.170s][info][gc,marking     ] GC(431) Concurrent Mark From Roots
[2427.170s][info][gc,task        ] GC(431) Using 2 workers of 2 for marking
.[2427.855s][info][gc,marking     ] GC(431) Concurrent Mark From Roots 685.196ms
[2427.855s][info][gc,marking     ] GC(431) Concurrent Preclean
[2427.855s][info][gc,marking     ] GC(431) Concurrent Preclean 0.085ms
[2427.855s][info][gc,start       ] GC(431) Pause Remark
[2427.859s][info][gc             ] GC(431) Pause Remark 1816M->1816M(4096M) 3.995ms
[2427.859s][info][gc,cpu         ] GC(431) User=0.02s Sys=0.00s Real=0.01s
[2427.859s][info][gc,marking     ] GC(431) Concurrent Mark 689.589ms
[2427.859s][info][gc,marking     ] GC(431) Concurrent Rebuild Remembered Sets and Scrub Regions
[2428.111s][info][gc,marking     ] GC(431) Concurrent Rebuild Remembered Sets and Scrub Regions 251.478ms
[2428.111s][info][gc,start       ] GC(431) Pause Cleanup
[2428.111s][info][gc             ] GC(431) Pause Cleanup 1923M->1923M(4096M) 0.124ms
[2428.111s][info][gc,cpu         ] GC(431) User=0.00s Sys=0.00s Real=0.00s
[2428.111s][info][gc,marking     ] GC(431) Concurrent Clear Claimed Marks
[2428.111s][info][gc,marking     ] GC(431) Concurrent Clear Claimed Marks 0.034ms
[2428.111s][info][gc,marking     ] GC(431) Concurrent Cleanup for Next Mark
[2428.116s][info][gc,marking     ] GC(431) Concurrent Cleanup for Next Mark 4.681ms
[2428.116s][info][gc             ] GC(431) Concurrent Mark Cycle 1099.087ms
.|...[2431.849s][info][gc,start       ] GC(432) Pause Young (Prepare Mixed) (G1 Evacuation Pause)
[2431.850s][info][gc,task        ] GC(432) Using 6 workers of 6 for evacuation
[2431.970s][info][gc,phases      ] GC(432)   Pre Evacuate Collection Set: 0.37ms
[2431.970s][info][gc,phases      ] GC(432)   Merge Heap Roots: 0.60ms
[2431.970s][info][gc,phases      ] GC(432)   Evacuate Collection Set: 118.15ms
[2431.970s][info][gc,phases      ] GC(432)   Post Evacuate Collection Set: 0.99ms
[2431.970s][info][gc,phases      ] GC(432)   Other: 0.09ms
[2431.970s][info][gc,heap        ] GC(432) Eden regions: 1120->0(1104)
[2431.970s][info][gc,heap        ] GC(432) Survivor regions: 108->112(154)
[2431.970s][info][gc,heap        ] GC(432) Old regions: 506->537
[2431.970s][info][gc,heap        ] GC(432) Humongous regions: 80->80
[2431.970s][info][gc,metaspace   ] GC(432) Metaspace: 28946K(29248K)->28946K(29248K) NonClass: 24063K(24192K)->24063K(24192K) Class: 4883K(5056K)->4883K(5056K)
[2431.970s][info][gc             ] GC(432) Pause Young (Prepare Mixed) (G1 Evacuation Pause) 3625M->1457M(4096M) 120.346ms
[2431.970s][info][gc,cpu         ] GC(432) User=0.72s Sys=0.00s Real=0.12s
.....[2436.654s][info][gc,start       ] GC(433) Pause Young (Mixed) (G1 Evacuation Pause)
[2436.654s][info][gc,task        ] GC(433) Using 6 workers of 6 for evacuation
[2436.787s][info][gc,phases      ] GC(433)   Pre Evacuate Collection Set: 0.42ms
[2436.787s][info][gc,phases      ] GC(433)   Merge Heap Roots: 0.89ms
[2436.787s][info][gc,phases      ] GC(433)   Evacuate Collection Set: 129.97ms
[2436.787s][info][gc,phases      ] GC(433)   Post Evacuate Collection Set: 0.94ms
[2436.787s][info][gc,phases      ] GC(433)   Other: 0.09ms
[2436.787s][info][gc,heap        ] GC(433) Eden regions: 1104->0(1119)
[2436.787s][info][gc,heap        ] GC(433) Survivor regions: 112->109(152)
[2436.787s][info][gc,heap        ] GC(433) Old regions: 537->473
[2436.787s][info][gc,heap        ] GC(433) Humongous regions: 80->80
[2436.787s][info][gc,metaspace   ] GC(433) Metaspace: 28946K(29248K)->28946K(29248K) NonClass: 24063K(24192K)->24063K(24192K) Class: 4883K(5056K)->4883K(5056K)
[2436.787s][info][gc             ] GC(433) Pause Young (Mixed) (G1 Evacuation Pause) 3665M->1321M(4096M) 132.473ms
[2436.787s][info][gc,cpu         ] GC(433) User=0.78s Sys=0.00s Real=0.13s
.....[2441.547s][info][gc,start       ] GC(434) Pause Young (Concurrent Start) (G1 Evacuation Pause)
[2441.547s][info][gc,task        ] GC(434) Using 6 workers of 6 for evacuation
[2441.664s][info][gc,phases      ] GC(434)   Pre Evacuate Collection Set: 0.46ms
[2441.664s][info][gc,phases      ] GC(434)   Merge Heap Roots: 0.59ms
[2441.664s][info][gc,phases      ] GC(434)   Evacuate Collection Set: 114.71ms
[2441.664s][info][gc,phases      ] GC(434)   Post Evacuate Collection Set: 0.91ms
[2441.664s][info][gc,phases      ] GC(434)   Other: 0.15ms
[2441.664s][info][gc,heap        ] GC(434) Eden regions: 1119->0(1121)
[2441.664s][info][gc,heap        ] GC(434) Survivor regions: 109->107(154)
[2441.664s][info][gc,heap        ] GC(434) Old regions: 473->506
[2441.664s][info][gc,heap        ] GC(434) Humongous regions: 80->80
[2441.664s][info][gc,metaspace   ] GC(434) Metaspace: 28946K(29248K)->28946K(29248K) NonClass: 24063K(24192K)->24063K(24192K) Class: 4883K(5056K)->4883K(5056K)
[2441.664s][info][gc             ] GC(434) Pause Young (Concurrent Start) (G1 Evacuation Pause) 3559M->1383M(4096M) 116.956ms
[2441.664s][info][gc             ] GC(435) Concurrent Mark Cycle
[2441.664s][info][gc,marking     ] GC(435) Concurrent Scan Root Regions
[2441.664s][info][gc,cpu         ] GC(434) User=0.70s Sys=0.00s Real=0.12s
[2441.818s][info][gc,marking     ] GC(435) Concurrent Scan Root Regions 153.931ms
[2441.818s][info][gc,marking     ] GC(435) Concurrent Mark
[2441.818s][info][gc,marking     ] GC(435) Concurrent Mark From Roots
[2441.818s][info][gc,task        ] GC(435) Using 2 workers of 2 for marking
.[2442.464s][info][gc,marking     ] GC(435) Concurrent Mark From Roots 645.789ms
[2442.464s][info][gc,marking     ] GC(435) Concurrent Preclean
[2442.464s][info][gc,marking     ] GC(435) Concurrent Preclean 0.065ms
[2442.464s][info][gc,start       ] GC(435) Pause Remark
[2442.468s][info][gc             ] GC(435) Pause Remark 1791M->1791M(4096M) 4.048ms
[2442.468s][info][gc,cpu         ] GC(435) User=0.02s Sys=0.00s Real=0.00s
[2442.469s][info][gc,marking     ] GC(435) Concurrent Mark 650.137ms
[2442.469s][info][gc,marking     ] GC(435) Concurrent Rebuild Remembered Sets and Scrub Regions
[2442.763s][info][gc,marking     ] GC(435) Concurrent Rebuild Remembered Sets and Scrub Regions 294.145ms
[2442.763s][info][gc,start       ] GC(435) Pause Cleanup
[2442.763s][info][gc             ] GC(435) Pause Cleanup 1925M->1925M(4096M) 0.129ms
[2442.763s][info][gc,cpu         ] GC(435) User=0.00s Sys=0.00s Real=0.00s
[2442.763s][info][gc,marking     ] GC(435) Concurrent Clear Claimed Marks
[2442.763s][info][gc,marking     ] GC(435) Concurrent Clear Claimed Marks 0.030ms
[2442.763s][info][gc,marking     ] GC(435) Concurrent Cleanup for Next Mark
[2442.766s][info][gc,marking     ] GC(435) Concurrent Cleanup for Next Mark 3.188ms
[2442.766s][info][gc             ] GC(435) Concurrent Mark Cycle 1101.890ms
....[2446.470s][info][gc,start       ] GC(436) Pause Young (Prepare Mixed) (G1 Evacuation Pause)
[2446.470s][info][gc,task        ] GC(436) Using 6 workers of 6 for evacuation
[2446.590s][info][gc,phases      ] GC(436)   Pre Evacuate Collection Set: 0.32ms
[2446.590s][info][gc,phases      ] GC(436)   Merge Heap Roots: 0.66ms
[2446.590s][info][gc,phases      ] GC(436)   Evacuate Collection Set: 117.78ms
[2446.590s][info][gc,phases      ] GC(436)   Post Evacuate Collection Set: 0.96ms
[2446.590s][info][gc,phases      ] GC(436)   Other: 0.09ms
[2446.590s][info][gc,heap        ] GC(436) Eden regions: 1121->0(1108)
[2446.590s][info][gc,heap        ] GC(436) Survivor regions: 107->110(154)
[2446.590s][info][gc,heap        ] GC(436) Old regions: 506->537
[2446.590s][info][gc,heap        ] GC(436) Humongous regions: 80->80
[2446.590s][info][gc,metaspace   ] GC(436) Metaspace: 28946K(29248K)->28946K(29248K) NonClass: 24063K(24192K)->24063K(24192K) Class: 4883K(5056K)->4883K(5056K)
[2446.590s][info][gc             ] GC(436) Pause Young (Prepare Mixed) (G1 Evacuation Pause) 3625M->1453M(4096M) 119.962ms
[2446.590s][info][gc,cpu         ] GC(436) User=0.72s Sys=0.00s Real=0.12s
.....[2451.273s][info][gc,start       ] GC(437) Pause Young (Mixed) (G1 Evacuation Pause)
[2451.273s][info][gc,task        ] GC(437) Using 6 workers of 6 for evacuation
[2451.406s][info][gc,phases      ] GC(437)   Pre Evacuate Collection Set: 0.38ms
[2451.406s][info][gc,phases      ] GC(437)   Merge Heap Roots: 0.80ms
[2451.406s][info][gc,phases      ] GC(437)   Evacuate Collection Set: 131.15ms
[2451.406s][info][gc,phases      ] GC(437)   Post Evacuate Collection Set: 0.95ms
[2451.406s][info][gc,phases      ] GC(437)   Other: 0.09ms
[2451.406s][info][gc,heap        ] GC(437) Eden regions: 1108->0(1119)
[2451.406s][info][gc,heap        ] GC(437) Survivor regions: 110->109(153)
[2451.406s][info][gc,heap        ] GC(437) Old regions: 537->473
[2451.406s][info][gc,heap        ] GC(437) Humongous regions: 80->80
[2451.406s][info][gc,metaspace   ] GC(437) Metaspace: 28946K(29248K)->28946K(29248K) NonClass: 24063K(24192K)->24063K(24192K) Class: 4883K(5056K)->4883K(5056K)
[2451.406s][info][gc             ] GC(437) Pause Young (Mixed) (G1 Evacuation Pause) 3669M->1322M(4096M) 133.501ms
[2451.406s][info][gc,cpu         ] GC(437) User=0.80s Sys=0.00s Real=0.13s
....[2456.167s][info][gc,start       ] GC(438) Pause Young (Concurrent Start) (G1 Evacuation Pause)
[2456.167s][info][gc,task        ] GC(438) Using 6 workers of 6 for evacuation
[2456.285s][info][gc,phases      ] GC(438)   Pre Evacuate Collection Set: 0.40ms
[2456.285s][info][gc,phases      ] GC(438)   Merge Heap Roots: 0.57ms
[2456.285s][info][gc,phases      ] GC(438)   Evacuate Collection Set: 116.26ms
[2456.285s][info][gc,phases      ] GC(438)   Post Evacuate Collection Set: 0.89ms
[2456.285s][info][gc,phases      ] GC(438)   Other: 0.13ms
[2456.285s][info][gc,heap        ] GC(438) Eden regions: 1119->0(1119)
[2456.285s][info][gc,heap        ] GC(438) Survivor regions: 109->109(154)
[2456.285s][info][gc,heap        ] GC(438) Old regions: 473->505
[2456.285s][info][gc,heap        ] GC(438) Humongous regions: 80->80
[2456.285s][info][gc,metaspace   ] GC(438) Metaspace: 28946K(29248K)->28946K(29248K) NonClass: 24063K(24192K)->24063K(24192K) Class: 4883K(5056K)->4883K(5056K)
[2456.285s][info][gc             ] GC(438) Pause Young (Concurrent Start) (G1 Evacuation Pause) 3560M->1386M(4096M) 118.386ms
[2456.285s][info][gc             ] GC(439) Concurrent Mark Cycle
[2456.285s][info][gc,marking     ] GC(439) Concurrent Scan Root Regions
[2456.285s][info][gc,cpu         ] GC(438) User=0.71s Sys=0.00s Real=0.12s
.[2456.462s][info][gc,marking     ] GC(439) Concurrent Scan Root Regions 176.635ms
[2456.462s][info][gc,marking     ] GC(439) Concurrent Mark
[2456.462s][info][gc,marking     ] GC(439) Concurrent Mark From Roots
[2456.462s][info][gc,task        ] GC(439) Using 2 workers of 2 for marking
[2457.138s][info][gc,marking     ] GC(439) Concurrent Mark From Roots 676.579ms
[2457.138s][info][gc,marking     ] GC(439) Concurrent Preclean
[2457.138s][info][gc,marking     ] GC(439) Concurrent Preclean 0.049ms
[2457.139s][info][gc,start       ] GC(439) Pause Remark
[2457.143s][info][gc             ] GC(439) Pause Remark 1848M->1848M(4096M) 4.567ms
[2457.143s][info][gc,cpu         ] GC(439) User=0.03s Sys=0.00s Real=0.00s
[2457.143s][info][gc,marking     ] GC(439) Concurrent Mark 681.458ms
[2457.143s][info][gc,marking     ] GC(439) Concurrent Rebuild Remembered Sets and Scrub Regions
.[2457.373s][info][gc,marking     ] GC(439) Concurrent Rebuild Remembered Sets and Scrub Regions 229.443ms
[2457.373s][info][gc,start       ] GC(439) Pause Cleanup
[2457.373s][info][gc             ] GC(439) Pause Cleanup 1941M->1941M(4096M) 0.122ms
[2457.373s][info][gc,cpu         ] GC(439) User=0.00s Sys=0.00s Real=0.00s
[2457.373s][info][gc,marking     ] GC(439) Concurrent Clear Claimed Marks
[2457.373s][info][gc,marking     ] GC(439) Concurrent Clear Claimed Marks 0.027ms
[2457.373s][info][gc,marking     ] GC(439) Concurrent Cleanup for Next Mark
[2457.376s][info][gc,marking     ] GC(439) Concurrent Cleanup for Next Mark 3.192ms
[2457.376s][info][gc             ] GC(439) Concurrent Mark Cycle 1091.148ms
...[2460.970s][info][gc,start       ] GC(440) Pause Young (Prepare Mixed) (G1 Evacuation Pause)
[2460.970s][info][gc,task        ] GC(440) Using 6 workers of 6 for evacuation
[2461.087s][info][gc,phases      ] GC(440)   Pre Evacuate Collection Set: 0.36ms
[2461.087s][info][gc,phases      ] GC(440)   Merge Heap Roots: 0.66ms
[2461.087s][info][gc,phases      ] GC(440)   Evacuate Collection Set: 114.76ms
[2461.087s][info][gc,phases      ] GC(440)   Post Evacuate Collection Set: 0.95ms
[2461.087s][info][gc,phases      ] GC(440)   Other: 0.10ms
[2461.087s][info][gc,heap        ] GC(440) Eden regions: 1119->0(1112)
[2461.087s][info][gc,heap        ] GC(440) Survivor regions: 109->108(154)
[2461.087s][info][gc,heap        ] GC(440) Old regions: 505->537
[2461.087s][info][gc,heap        ] GC(440) Humongous regions: 80->80
[2461.087s][info][gc,metaspace   ] GC(440) Metaspace: 28946K(29248K)->28946K(29248K) NonClass: 24063K(24192K)->24063K(24192K) Class: 4883K(5056K)->4883K(5056K)
[2461.087s][info][gc             ] GC(440) Pause Young (Prepare Mixed) (G1 Evacuation Pause) 3624M->1449M(4096M) 116.968ms
[2461.087s][info][gc,cpu         ] GC(440) User=0.70s Sys=0.00s Real=0.11s
.....[2465.927s][info][gc,start       ] GC(441) Pause Young (Mixed) (G1 Evacuation Pause)
[2465.927s][info][gc,task        ] GC(441) Using 6 workers of 6 for evacuation
[2466.064s][info][gc,phases      ] GC(441)   Pre Evacuate Collection Set: 0.39ms
[2466.064s][info][gc,phases      ] GC(441)   Merge Heap Roots: 0.86ms
[2466.064s][info][gc,phases      ] GC(441)   Evacuate Collection Set: 134.57ms
[2466.064s][info][gc,phases      ] GC(441)   Post Evacuate Collection Set: 1.03ms
[2466.064s][info][gc,phases      ] GC(441)   Other: 0.09ms
[2466.064s][info][gc,heap        ] GC(441) Eden regions: 1112->0(1116)
[2466.064s][info][gc,heap        ] GC(441) Survivor regions: 108->112(153)
[2466.064s][info][gc,heap        ] GC(441) Old regions: 537->473
[2466.064s][info][gc,heap        ] GC(441) Humongous regions: 80->80
[2466.064s][info][gc,metaspace   ] GC(441) Metaspace: 28946K(29248K)->28946K(29248K) NonClass: 24063K(24192K)->24063K(24192K) Class: 4883K(5056K)->4883K(5056K)
[2466.064s][info][gc             ] GC(441) Pause Young (Mixed) (G1 Evacuation Pause) 3673M->1328M(4096M) 137.108ms
[2466.064s][info][gc,cpu         ] GC(441) User=0.82s Sys=0.00s Real=0.14s
.....[2470.730s][info][gc,start       ] GC(442) Pause Young (Concurrent Start) (G1 Evacuation Pause)
[2470.730s][info][gc,task        ] GC(442) Using 6 workers of 6 for evacuation
[2470.846s][info][gc,phases      ] GC(442)   Pre Evacuate Collection Set: 0.38ms
[2470.846s][info][gc,phases      ] GC(442)   Merge Heap Roots: 0.55ms
[2470.846s][info][gc,phases      ] GC(442)   Evacuate Collection Set: 114.07ms
[2470.846s][info][gc,phases      ] GC(442)   Post Evacuate Collection Set: 0.91ms
[2470.846s][info][gc,phases      ] GC(442)   Other: 0.11ms
[2470.846s][info][gc,heap        ] GC(442) Eden regions: 1116->0(1119)
[2470.846s][info][gc,heap        ] GC(442) Survivor regions: 112->109(154)
[2470.846s][info][gc,heap        ] GC(442) Old regions: 473->504
[2470.846s][info][gc,heap        ] GC(442) Humongous regions: 80->80
[2470.846s][info][gc,metaspace   ] GC(442) Metaspace: 28946K(29248K)->28946K(29248K) NonClass: 24063K(24192K)->24063K(24192K) Class: 4883K(5056K)->4883K(5056K)
[2470.846s][info][gc             ] GC(442) Pause Young (Concurrent Start) (G1 Evacuation Pause) 3560M->1384M(4096M) 116.144ms
[2470.846s][info][gc             ] GC(443) Concurrent Mark Cycle
[2470.846s][info][gc,marking     ] GC(443) Concurrent Scan Root Regions
[2470.846s][info][gc,cpu         ] GC(442) User=0.69s Sys=0.00s Real=0.11s
[2470.969s][info][gc,marking     ] GC(443) Concurrent Scan Root Regions 122.888ms
[2470.969s][info][gc,marking     ] GC(443) Concurrent Mark
[2470.969s][info][gc,marking     ] GC(443) Concurrent Mark From Roots
[2470.969s][info][gc,task        ] GC(443) Using 2 workers of 2 for marking
.[2471.568s][info][gc,marking     ] GC(443) Concurrent Mark From Roots 599.449ms
[2471.568s][info][gc,marking     ] GC(443) Concurrent Preclean
[2471.568s][info][gc,marking     ] GC(443) Concurrent Preclean 0.047ms
[2471.568s][info][gc,start       ] GC(443) Pause Remark
[2471.572s][info][gc             ] GC(443) Pause Remark 1734M->1734M(4096M) 3.710ms
[2471.572s][info][gc,cpu         ] GC(443) User=0.02s Sys=0.00s Real=0.01s
[2471.572s][info][gc,marking     ] GC(443) Concurrent Mark 603.444ms
[2471.572s][info][gc,marking     ] GC(443) Concurrent Rebuild Remembered Sets and Scrub Regions
[2471.809s][info][gc,marking     ] GC(443) Concurrent Rebuild Remembered Sets and Scrub Regions 236.631ms
[2471.811s][info][gc,start       ] GC(443) Pause Cleanup
[2471.811s][info][gc             ] GC(443) Pause Cleanup 1838M->1838M(4096M) 0.159ms
[2471.811s][info][gc,cpu         ] GC(443) User=0.00s Sys=0.00s Real=0.00s
[2471.811s][info][gc,marking     ] GC(443) Concurrent Clear Claimed Marks
[2471.811s][info][gc,marking     ] GC(443) Concurrent Clear Claimed Marks 0.045ms
[2471.811s][info][gc,marking     ] GC(443) Concurrent Cleanup for Next Mark
[2471.816s][info][gc,marking     ] GC(443) Concurrent Cleanup for Next Mark 5.159ms
[2471.816s][info][gc             ] GC(443) Concurrent Mark Cycle 970.263ms
....[2475.625s][info][gc,start       ] GC(444) Pause Young (Prepare Mixed) (G1 Evacuation Pause)
[2475.625s][info][gc,task        ] GC(444) Using 6 workers of 6 for evacuation
[2475.742s][info][gc,phases      ] GC(444)   Pre Evacuate Collection Set: 0.33ms
[2475.742s][info][gc,phases      ] GC(444)   Merge Heap Roots: 0.63ms
[2475.742s][info][gc,phases      ] GC(444)   Evacuate Collection Set: 114.49ms
[2475.742s][info][gc,phases      ] GC(444)   Post Evacuate Collection Set: 0.94ms
[2475.742s][info][gc,phases      ] GC(444)   Other: 0.08ms
[2475.742s][info][gc,heap        ] GC(444) Eden regions: 1119->0(1114)
[2475.742s][info][gc,heap        ] GC(444) Survivor regions: 109->107(154)
[2475.742s][info][gc,heap        ] GC(444) Old regions: 504->537
[2475.742s][info][gc,heap        ] GC(444) Humongous regions: 80->80
[2475.742s][info][gc,metaspace   ] GC(444) Metaspace: 28946K(29248K)->28946K(29248K) NonClass: 24063K(24192K)->24063K(24192K) Class: 4883K(5056K)->4883K(5056K)
[2475.742s][info][gc             ] GC(444) Pause Young (Prepare Mixed) (G1 Evacuation Pause) 3622M->1446M(4096M) 116.605ms
[2475.742s][info][gc,cpu         ] GC(444) User=0.69s Sys=0.00s Real=0.12s
.....[2480.462s][info][gc,start       ] GC(445) Pause Young (Mixed) (G1 Evacuation Pause)
[2480.462s][info][gc,task        ] GC(445) Using 6 workers of 6 for evacuation
[2480.597s][info][gc,phases      ] GC(445)   Pre Evacuate Collection Set: 0.41ms
[2480.597s][info][gc,phases      ] GC(445)   Merge Heap Roots: 0.86ms
[2480.597s][info][gc,phases      ] GC(445)   Evacuate Collection Set: 132.61ms
[2480.597s][info][gc,phases      ] GC(445)   Post Evacuate Collection Set: 0.96ms
[2480.597s][info][gc,phases      ] GC(445)   Other: 0.09ms
[2480.597s][info][gc,heap        ] GC(445) Eden regions: 1114->0(1118)
[2480.597s][info][gc,heap        ] GC(445) Survivor regions: 107->110(153)
[2480.597s][info][gc,heap        ] GC(445) Old regions: 537->474
[2480.597s][info][gc,heap        ] GC(445) Humongous regions: 80->80
[2480.597s][info][gc,metaspace   ] GC(445) Metaspace: 28946K(29248K)->28946K(29248K) NonClass: 24063K(24192K)->24063K(24192K) Class: 4883K(5056K)->4883K(5056K)
[2480.597s][info][gc             ] GC(445) Pause Young (Mixed) (G1 Evacuation Pause) 3674M->1325M(4096M) 135.062ms
[2480.597s][info][gc,cpu         ] GC(445) User=0.80s Sys=0.00s Real=0.13s
.....[2485.400s][info][gc,start       ] GC(446) Pause Young (Concurrent Start) (G1 Evacuation Pause)
[2485.400s][info][gc,task        ] GC(446) Using 6 workers of 6 for evacuation
[2485.520s][info][gc,phases      ] GC(446)   Pre Evacuate Collection Set: 0.42ms
[2485.520s][info][gc,phases      ] GC(446)   Merge Heap Roots: 0.53ms
[2485.520s][info][gc,phases      ] GC(446)   Evacuate Collection Set: 117.94ms
[2485.520s][info][gc,phases      ] GC(446)   Post Evacuate Collection Set: 0.90ms
[2485.520s][info][gc,phases      ] GC(446)   Other: 0.12ms
[2485.520s][info][gc,heap        ] GC(446) Eden regions: 1118->0(1118)
[2485.520s][info][gc,heap        ] GC(446) Survivor regions: 110->110(154)
[2485.520s][info][gc,heap        ] GC(446) Old regions: 474->505
[2485.520s][info][gc,heap        ] GC(446) Humongous regions: 80->80
[2485.520s][info][gc,metaspace   ] GC(446) Metaspace: 28946K(29248K)->28946K(29248K) NonClass: 24063K(24192K)->24063K(24192K) Class: 4883K(5056K)->4883K(5056K)
[2485.520s][info][gc             ] GC(446) Pause Young (Concurrent Start) (G1 Evacuation Pause) 3561M->1389M(4096M) 120.056ms
[2485.520s][info][gc             ] GC(447) Concurrent Mark Cycle
[2485.520s][info][gc,marking     ] GC(447) Concurrent Scan Root Regions
[2485.520s][info][gc,cpu         ] GC(446) User=0.72s Sys=0.00s Real=0.12s
[2485.699s][info][gc,marking     ] GC(447) Concurrent Scan Root Regions 179.344ms
[2485.699s][info][gc,marking     ] GC(447) Concurrent Mark
[2485.699s][info][gc,marking     ] GC(447) Concurrent Mark From Roots
[2485.699s][info][gc,task        ] GC(447) Using 2 workers of 2 for marking
.[2486.436s][info][gc,marking     ] GC(447) Concurrent Mark From Roots 736.467ms
[2486.436s][info][gc,marking     ] GC(447) Concurrent Preclean
[2486.436s][info][gc,marking     ] GC(447) Concurrent Preclean 0.066ms
[2486.437s][info][gc,start       ] GC(447) Pause Remark
[2486.441s][info][gc             ] GC(447) Pause Remark 1917M->1917M(4096M) 4.105ms
[2486.441s][info][gc,cpu         ] GC(447) User=0.02s Sys=0.00s Real=0.01s
[2486.441s][info][gc,marking     ] GC(447) Concurrent Mark 742.004ms
[2486.441s][info][gc,marking     ] GC(447) Concurrent Rebuild Remembered Sets and Scrub Regions
[2486.736s][info][gc,marking     ] GC(447) Concurrent Rebuild Remembered Sets and Scrub Regions 294.895ms
[2486.736s][info][gc,start       ] GC(447) Pause Cleanup
[2486.736s][info][gc             ] GC(447) Pause Cleanup 2040M->2040M(4096M) 0.125ms
[2486.736s][info][gc,cpu         ] GC(447) User=0.00s Sys=0.00s Real=0.00s
[2486.736s][info][gc,marking     ] GC(447) Concurrent Clear Claimed Marks
[2486.736s][info][gc,marking     ] GC(447) Concurrent Clear Claimed Marks 0.031ms
[2486.736s][info][gc,marking     ] GC(447) Concurrent Cleanup for Next Mark
[2486.740s][info][gc,marking     ] GC(447) Concurrent Cleanup for Next Mark 3.158ms
[2486.740s][info][gc             ] GC(447) Concurrent Mark Cycle 1219.857ms
.. (rIR:aIR:PR = 3874:3874:3874) (tPR = 57549) [OK] 
  2488s: Performance info:
         Transaction,    Success,    Partial,     Failed,   Receipts, AvgBarcode, 
             Overall,     233022,          0,          0,     221389,      59.48, 
         Response times:
             Request,    Success,    Partial,     Failed,   SkipFail,     Probes,    Samples,      min,      p50,      p90,      p95,      p99,      max, 
       TotalPurchase,     221388,          0,          0,          0,     218268,     239954,      300,     3200,     5600,     7900,    38000,   191000,
     InStorePurchase,     116477,          0,          0,          0,     115164,     126299,      300,     3000,     5400,     7700,    37000,   183000,
      OnlinePurchase,      81626,          0,          0,          0,      80390,      88468,      300,     3400,     5700,     8000,    40000,   191000,
        InstPurchase,      23285,          0,          0,          0,      22714,      25187,      400,     3400,     5700,     8400,    40000,   141000,
          AssocOfCat,        231,          0,          0,          0,        169,        257,    21000,    32000,    46000,    54300,   106840,   179000,
      AssocOfProduct,       2326,          0,          0,          0,       2138,       2524,      500,     1600,     5300,     7000,    30750,   140000,
      BusinessReport,        580,          0,          0,          0,        498,        680,    23000,    36000,    53000,    67950,   126000,   187000,
          CustBuyBeh,       2327,          0,          0,          0,       2097,       2488,      200,     3400,     5600,     7665,    38000,   141000,
       ProductReturn,       6169,          0,          0,          0,       5816,       6820,      200,     3000,     5600,     8300,    38790,   129000,

  2488s: (29%)   IR =   4013 .[2490.179s][info][gc,start       ] GC(448) Pause Young (Prepare Mixed) (G1 Evacuation Pause)
[2490.179s][info][gc,task        ] GC(448) Using 6 workers of 6 for evacuation
[2490.297s][info][gc,phases      ] GC(448)   Pre Evacuate Collection Set: 0.34ms
[2490.297s][info][gc,phases      ] GC(448)   Merge Heap Roots: 0.58ms
[2490.297s][info][gc,phases      ] GC(448)   Evacuate Collection Set: 115.61ms
[2490.297s][info][gc,phases      ] GC(448)   Post Evacuate Collection Set: 0.96ms
[2490.297s][info][gc,phases      ] GC(448)   Other: 0.09ms
[2490.297s][info][gc,heap        ] GC(448) Eden regions: 1118->0(1110)
[2490.297s][info][gc,heap        ] GC(448) Survivor regions: 110->109(154)
[2490.297s][info][gc,heap        ] GC(448) Old regions: 505->537
[2490.297s][info][gc,heap        ] GC(448) Humongous regions: 80->80
[2490.297s][info][gc,metaspace   ] GC(448) Metaspace: 28946K(29248K)->28946K(29248K) NonClass: 24063K(24192K)->24063K(24192K) Class: 4883K(5056K)->4883K(5056K)
[2490.297s][info][gc             ] GC(448) Pause Young (Prepare Mixed) (G1 Evacuation Pause) 3625M->1451M(4096M) 117.709ms
[2490.297s][info][gc,cpu         ] GC(448) User=0.70s Sys=0.00s Real=0.11s
....|.[2494.901s][info][gc,start       ] GC(449) Pause Young (Mixed) (G1 Evacuation Pause)
[2494.901s][info][gc,task        ] GC(449) Using 6 workers of 6 for evacuation
[2495.031s][info][gc,phases      ] GC(449)   Pre Evacuate Collection Set: 0.41ms
[2495.031s][info][gc,phases      ] GC(449)   Merge Heap Roots: 0.81ms
[2495.031s][info][gc,phases      ] GC(449)   Evacuate Collection Set: 128.44ms
[2495.031s][info][gc,phases      ] GC(449)   Post Evacuate Collection Set: 0.95ms
[2495.031s][info][gc,phases      ] GC(449)   Other: 0.09ms
[2495.031s][info][gc,heap        ] GC(449) Eden regions: 1110->0(1120)
[2495.031s][info][gc,heap        ] GC(449) Survivor regions: 109->108(153)
[2495.031s][info][gc,heap        ] GC(449) Old regions: 537->472
[2495.031s][info][gc,heap        ] GC(449) Humongous regions: 80->80
[2495.031s][info][gc,metaspace   ] GC(449) Metaspace: 28946K(29248K)->28946K(29248K) NonClass: 24063K(24192K)->24063K(24192K) Class: 4883K(5056K)->4883K(5056K)
[2495.032s][info][gc             ] GC(449) Pause Young (Mixed) (G1 Evacuation Pause) 3671M->1318M(4096M) 130.843ms
[2495.032s][info][gc,cpu         ] GC(449) User=0.78s Sys=0.01s Real=0.13s
.....[2499.599s][info][gc,start       ] GC(450) Pause Young (Concurrent Start) (G1 Evacuation Pause)
[2499.599s][info][gc,task        ] GC(450) Using 6 workers of 6 for evacuation
[2499.716s][info][gc,phases      ] GC(450)   Pre Evacuate Collection Set: 0.38ms
[2499.716s][info][gc,phases      ] GC(450)   Merge Heap Roots: 0.56ms
[2499.716s][info][gc,phases      ] GC(450)   Evacuate Collection Set: 114.63ms
[2499.716s][info][gc,phases      ] GC(450)   Post Evacuate Collection Set: 0.92ms
[2499.716s][info][gc,phases      ] GC(450)   Other: 0.12ms
[2499.716s][info][gc,heap        ] GC(450) Eden regions: 1120->0(1120)
[2499.716s][info][gc,heap        ] GC(450) Survivor regions: 108->108(154)
[2499.716s][info][gc,heap        ] GC(450) Old regions: 472->504
[2499.716s][info][gc,heap        ] GC(450) Humongous regions: 80->80
[2499.716s][info][gc,metaspace   ] GC(450) Metaspace: 28946K(29248K)->28946K(29248K) NonClass: 24063K(24192K)->24063K(24192K) Class: 4883K(5056K)->4883K(5056K)
[2499.716s][info][gc             ] GC(450) Pause Young (Concurrent Start) (G1 Evacuation Pause) 3558M->1382M(4096M) 116.747ms
[2499.716s][info][gc             ] GC(451) Concurrent Mark Cycle
[2499.716s][info][gc,marking     ] GC(451) Concurrent Scan Root Regions
[2499.716s][info][gc,cpu         ] GC(450) User=0.69s Sys=0.00s Real=0.11s
[2499.884s][info][gc,marking     ] GC(451) Concurrent Scan Root Regions 168.061ms
[2499.884s][info][gc,marking     ] GC(451) Concurrent Mark
[2499.884s][info][gc,marking     ] GC(451) Concurrent Mark From Roots
[2499.884s][info][gc,task        ] GC(451) Using 2 workers of 2 for marking
.[2500.566s][info][gc,marking     ] GC(451) Concurrent Mark From Roots 682.123ms
[2500.566s][info][gc,marking     ] GC(451) Concurrent Preclean
[2500.566s][info][gc,marking     ] GC(451) Concurrent Preclean 0.072ms
[2500.566s][info][gc,start       ] GC(451) Pause Remark
[2500.570s][info][gc             ] GC(451) Pause Remark 1840M->1840M(4096M) 4.078ms
[2500.570s][info][gc,cpu         ] GC(451) User=0.02s Sys=0.00s Real=0.01s
[2500.570s][info][gc,marking     ] GC(451) Concurrent Mark 686.519ms
[2500.570s][info][gc,marking     ] GC(451) Concurrent Rebuild Remembered Sets and Scrub Regions
[2500.882s][info][gc,marking     ] GC(451) Concurrent Rebuild Remembered Sets and Scrub Regions 311.573ms
[2500.882s][info][gc,start       ] GC(451) Pause Cleanup
[2500.882s][info][gc             ] GC(451) Pause Cleanup 2002M->2002M(4096M) 0.129ms
[2500.882s][info][gc,cpu         ] GC(451) User=0.00s Sys=0.00s Real=0.00s
[2500.882s][info][gc,marking     ] GC(451) Concurrent Clear Claimed Marks
[2500.882s][info][gc,marking     ] GC(451) Concurrent Clear Claimed Marks 0.026ms
[2500.882s][info][gc,marking     ] GC(451) Concurrent Cleanup for Next Mark
[2500.886s][info][gc,marking     ] GC(451) Concurrent Cleanup for Next Mark 3.795ms
[2500.886s][info][gc             ] GC(451) Concurrent Mark Cycle 1170.398ms
...[2504.292s][info][gc,start       ] GC(452) Pause Young (Prepare Mixed) (G1 Evacuation Pause)
[2504.292s][info][gc,task        ] GC(452) Using 6 workers of 6 for evacuation
[2504.414s][info][gc,phases      ] GC(452)   Pre Evacuate Collection Set: 0.36ms
[2504.414s][info][gc,phases      ] GC(452)   Merge Heap Roots: 0.60ms
[2504.414s][info][gc,phases      ] GC(452)   Evacuate Collection Set: 119.71ms
[2504.414s][info][gc,phases      ] GC(452)   Post Evacuate Collection Set: 1.00ms
[2504.414s][info][gc,phases      ] GC(452)   Other: 0.09ms
[2504.414s][info][gc,heap        ] GC(452) Eden regions: 1120->0(1108)
[2504.414s][info][gc,heap        ] GC(452) Survivor regions: 108->111(154)
[2504.414s][info][gc,heap        ] GC(452) Old regions: 504->535
[2504.414s][info][gc,heap        ] GC(452) Humongous regions: 80->80
[2504.414s][info][gc,metaspace   ] GC(452) Metaspace: 28946K(29248K)->28946K(29248K) NonClass: 24063K(24192K)->24063K(24192K) Class: 4883K(5056K)->4883K(5056K)
[2504.414s][info][gc             ] GC(452) Pause Young (Prepare Mixed) (G1 Evacuation Pause) 3622M->1451M(4096M) 121.900ms
[2504.414s][info][gc,cpu         ] GC(452) User=0.72s Sys=0.00s Real=0.12s
.....[2508.994s][info][gc,start       ] GC(453) Pause Young (Mixed) (G1 Evacuation Pause)
[2508.994s][info][gc,task        ] GC(453) Using 6 workers of 6 for evacuation
[2509.127s][info][gc,phases      ] GC(453)   Pre Evacuate Collection Set: 0.43ms
[2509.127s][info][gc,phases      ] GC(453)   Merge Heap Roots: 0.80ms
[2509.127s][info][gc,phases      ] GC(453)   Evacuate Collection Set: 131.07ms
[2509.127s][info][gc,phases      ] GC(453)   Post Evacuate Collection Set: 0.98ms
[2509.127s][info][gc,phases      ] GC(453)   Other: 0.10ms
[2509.127s][info][gc,heap        ] GC(453) Eden regions: 1108->0(1120)
[2509.127s][info][gc,heap        ] GC(453) Survivor regions: 111->108(153)
[2509.127s][info][gc,heap        ] GC(453) Old regions: 535->474
[2509.127s][info][gc,heap        ] GC(453) Humongous regions: 80->80
[2509.127s][info][gc,metaspace   ] GC(453) Metaspace: 28946K(29248K)->28946K(29248K) NonClass: 24063K(24192K)->24063K(24192K) Class: 4883K(5056K)->4883K(5056K)
[2509.127s][info][gc             ] GC(453) Pause Young (Mixed) (G1 Evacuation Pause) 3667M->1321M(4096M) 133.571ms
[2509.127s][info][gc,cpu         ] GC(453) User=0.79s Sys=0.00s Real=0.13s
.....[2513.694s][info][gc,start       ] GC(454) Pause Young (Concurrent Start) (G1 Evacuation Pause)
[2513.694s][info][gc,task        ] GC(454) Using 6 workers of 6 for evacuation
[2513.815s][info][gc,phases      ] GC(454)   Pre Evacuate Collection Set: 0.43ms
[2513.815s][info][gc,phases      ] GC(454)   Merge Heap Roots: 0.62ms
[2513.815s][info][gc,phases      ] GC(454)   Evacuate Collection Set: 118.79ms
[2513.815s][info][gc,phases      ] GC(454)   Post Evacuate Collection Set: 0.95ms
[2513.815s][info][gc,phases      ] GC(454)   Other: 0.15ms
[2513.815s][info][gc,heap        ] GC(454) Eden regions: 1120->0(1118)
[2513.815s][info][gc,heap        ] GC(454) Survivor regions: 108->110(154)
[2513.815s][info][gc,heap        ] GC(454) Old regions: 474->505
[2513.815s][info][gc,heap        ] GC(454) Humongous regions: 80->80
[2513.815s][info][gc,metaspace   ] GC(454) Metaspace: 28946K(29248K)->28946K(29248K) NonClass: 24063K(24192K)->24063K(24192K) Class: 4883K(5056K)->4883K(5056K)
[2513.815s][info][gc             ] GC(454) Pause Young (Concurrent Start) (G1 Evacuation Pause) 3561M->1389M(4096M) 121.071ms
[2513.815s][info][gc             ] GC(455) Concurrent Mark Cycle
[2513.816s][info][gc,marking     ] GC(455) Concurrent Scan Root Regions
[2513.816s][info][gc,cpu         ] GC(454) User=0.72s Sys=0.00s Real=0.12s
[2513.994s][info][gc,marking     ] GC(455) Concurrent Scan Root Regions 178.228ms
[2513.994s][info][gc,marking     ] GC(455) Concurrent Mark
[2513.994s][info][gc,marking     ] GC(455) Concurrent Mark From Roots
[2513.994s][info][gc,task        ] GC(455) Using 2 workers of 2 for marking
.[2514.707s][info][gc,marking     ] GC(455) Concurrent Mark From Roots 712.949ms
[2514.707s][info][gc,marking     ] GC(455) Concurrent Preclean
[2514.707s][info][gc,marking     ] GC(455) Concurrent Preclean 0.094ms
[2514.708s][info][gc,start       ] GC(455) Pause Remark
[2514.712s][info][gc             ] GC(455) Pause Remark 1873M->1873M(4096M) 4.374ms
[2514.712s][info][gc,cpu         ] GC(455) User=0.03s Sys=0.00s Real=0.01s
[2514.713s][info][gc,marking     ] GC(455) Concurrent Mark 718.983ms
[2514.713s][info][gc,marking     ] GC(455) Concurrent Rebuild Remembered Sets and Scrub Regions
[2514.980s][info][gc,marking     ] GC(455) Concurrent Rebuild Remembered Sets and Scrub Regions 267.268ms
[2514.980s][info][gc,start       ] GC(455) Pause Cleanup
[2514.981s][info][gc             ] GC(455) Pause Cleanup 2006M->2006M(4096M) 0.146ms
[2514.981s][info][gc,cpu         ] GC(455) User=0.00s Sys=0.00s Real=0.00s
[2514.981s][info][gc,marking     ] GC(455) Concurrent Clear Claimed Marks
[2514.981s][info][gc,marking     ] GC(455) Concurrent Clear Claimed Marks 0.029ms
[2514.981s][info][gc,marking     ] GC(455) Concurrent Cleanup for Next Mark
[2514.984s][info][gc,marking     ] GC(455) Concurrent Cleanup for Next Mark 3.869ms
[2514.985s][info][gc             ] GC(455) Concurrent Mark Cycle 1169.029ms
...[2518.422s][info][gc,start       ] GC(456) Pause Young (Prepare Mixed) (G1 Evacuation Pause)
[2518.422s][info][gc,task        ] GC(456) Using 6 workers of 6 for evacuation
[2518.542s][info][gc,phases      ] GC(456)   Pre Evacuate Collection Set: 0.35ms
[2518.542s][info][gc,phases      ] GC(456)   Merge Heap Roots: 0.61ms
[2518.542s][info][gc,phases      ] GC(456)   Evacuate Collection Set: 117.75ms
[2518.542s][info][gc,phases      ] GC(456)   Post Evacuate Collection Set: 0.97ms
[2518.542s][info][gc,phases      ] GC(456)   Other: 0.09ms
[2518.542s][info][gc,heap        ] GC(456) Eden regions: 1118->0(1109)
[2518.542s][info][gc,heap        ] GC(456) Survivor regions: 110->110(154)
[2518.542s][info][gc,heap        ] GC(456) Old regions: 505->536
[2518.542s][info][gc,heap        ] GC(456) Humongous regions: 80->80
[2518.542s][info][gc,metaspace   ] GC(456) Metaspace: 28946K(29248K)->28946K(29248K) NonClass: 24063K(24192K)->24063K(24192K) Class: 4883K(5056K)->4883K(5056K)
[2518.542s][info][gc             ] GC(456) Pause Young (Prepare Mixed) (G1 Evacuation Pause) 3625M->1451M(4096M) 119.906ms
[2518.542s][info][gc,cpu         ] GC(456) User=0.71s Sys=0.00s Real=0.12s
.....[2523.078s][info][gc,start       ] GC(457) Pause Young (Mixed) (G1 Evacuation Pause)
[2523.078s][info][gc,task        ] GC(457) Using 6 workers of 6 for evacuation
[2523.213s][info][gc,phases      ] GC(457)   Pre Evacuate Collection Set: 0.41ms
[2523.213s][info][gc,phases      ] GC(457)   Merge Heap Roots: 0.92ms
[2523.213s][info][gc,phases      ] GC(457)   Evacuate Collection Set: 132.83ms
[2523.213s][info][gc,phases      ] GC(457)   Post Evacuate Collection Set: 1.05ms
[2523.213s][info][gc,phases      ] GC(457)   Other: 0.10ms
[2523.213s][info][gc,heap        ] GC(457) Eden regions: 1109->0(1119)
[2523.213s][info][gc,heap        ] GC(457) Survivor regions: 110->109(153)
[2523.213s][info][gc,heap        ] GC(457) Old regions: 536->473
[2523.213s][info][gc,heap        ] GC(457) Humongous regions: 80->80
[2523.213s][info][gc,metaspace   ] GC(457) Metaspace: 28946K(29248K)->28946K(29248K) NonClass: 24063K(24192K)->24063K(24192K) Class: 4883K(5056K)->4883K(5056K)
[2523.213s][info][gc             ] GC(457) Pause Young (Mixed) (G1 Evacuation Pause) 3669M->1322M(4096M) 135.475ms
[2523.213s][info][gc,cpu         ] GC(457) User=0.80s Sys=0.00s Real=0.14s
.....[2527.752s][info][gc,start       ] GC(458) Pause Young (Concurrent Start) (G1 Evacuation Pause)
[2527.752s][info][gc,task        ] GC(458) Using 6 workers of 6 for evacuation
[2527.868s][info][gc,phases      ] GC(458)   Pre Evacuate Collection Set: 0.45ms
[2527.868s][info][gc,phases      ] GC(458)   Merge Heap Roots: 0.56ms
[2527.868s][info][gc,phases      ] GC(458)   Evacuate Collection Set: 114.16ms
[2527.868s][info][gc,phases      ] GC(458)   Post Evacuate Collection Set: 0.96ms
[2527.868s][info][gc,phases      ] GC(458)   Other: 0.14ms
[2527.868s][info][gc,heap        ] GC(458) Eden regions: 1119->0(1121)
[2527.868s][info][gc,heap        ] GC(458) Survivor regions: 109->107(154)
[2527.868s][info][gc,heap        ] GC(458) Old regions: 473->505
[2527.868s][info][gc,heap        ] GC(458) Humongous regions: 80->80
[2527.868s][info][gc,metaspace   ] GC(458) Metaspace: 28946K(29248K)->28946K(29248K) NonClass: 24063K(24192K)->24063K(24192K) Class: 4883K(5056K)->4883K(5056K)
[2527.868s][info][gc             ] GC(458) Pause Young (Concurrent Start) (G1 Evacuation Pause) 3560M->1383M(4096M) 116.415ms
[2527.868s][info][gc             ] GC(459) Concurrent Mark Cycle
[2527.868s][info][gc,marking     ] GC(459) Concurrent Scan Root Regions
[2527.868s][info][gc,cpu         ] GC(458) User=0.69s Sys=0.00s Real=0.11s
[2528.038s][info][gc,marking     ] GC(459) Concurrent Scan Root Regions 169.136ms
[2528.038s][info][gc,marking     ] GC(459) Concurrent Mark
[2528.038s][info][gc,marking     ] GC(459) Concurrent Mark From Roots
[2528.038s][info][gc,task        ] GC(459) Using 2 workers of 2 for marking
.[2528.714s][info][gc,marking     ] GC(459) Concurrent Mark From Roots 676.434ms
[2528.714s][info][gc,marking     ] GC(459) Concurrent Preclean
[2528.714s][info][gc,marking     ] GC(459) Concurrent Preclean 0.068ms
[2528.714s][info][gc,start       ] GC(459) Pause Remark
[2528.719s][info][gc             ] GC(459) Pause Remark 1833M->1833M(4096M) 4.434ms
[2528.719s][info][gc,cpu         ] GC(459) User=0.03s Sys=0.00s Real=0.01s
[2528.719s][info][gc,marking     ] GC(459) Concurrent Mark 681.208ms
[2528.719s][info][gc,marking     ] GC(459) Concurrent Rebuild Remembered Sets and Scrub Regions
[2528.978s][info][gc,marking     ] GC(459) Concurrent Rebuild Remembered Sets and Scrub Regions 259.159ms
[2528.978s][info][gc,start       ] GC(459) Pause Cleanup
[2528.978s][info][gc             ] GC(459) Pause Cleanup 1947M->1947M(4096M) 0.127ms
[2528.978s][info][gc,cpu         ] GC(459) User=0.00s Sys=0.00s Real=0.00s
[2528.978s][info][gc,marking     ] GC(459) Concurrent Clear Claimed Marks
[2528.978s][info][gc,marking     ] GC(459) Concurrent Clear Claimed Marks 0.030ms
[2528.978s][info][gc,marking     ] GC(459) Concurrent Cleanup for Next Mark
[2528.982s][info][gc,marking     ] GC(459) Concurrent Cleanup for Next Mark 3.311ms
[2528.982s][info][gc             ] GC(459) Concurrent Mark Cycle 1113.261ms
....[2532.565s][info][gc,start       ] GC(460) Pause Young (Prepare Mixed) (G1 Evacuation Pause)
[2532.565s][info][gc,task        ] GC(460) Using 6 workers of 6 for evacuation
[2532.681s][info][gc,phases      ] GC(460)   Pre Evacuate Collection Set: 0.34ms
[2532.681s][info][gc,phases      ] GC(460)   Merge Heap Roots: 0.62ms
[2532.681s][info][gc,phases      ] GC(460)   Evacuate Collection Set: 114.62ms
[2532.681s][info][gc,phases      ] GC(460)   Post Evacuate Collection Set: 0.97ms
[2532.681s][info][gc,phases      ] GC(460)   Other: 0.09ms
[2532.681s][info][gc,heap        ] GC(460) Eden regions: 1121->0(1112)
[2532.681s][info][gc,heap        ] GC(460) Survivor regions: 107->108(154)
[2532.681s][info][gc,heap        ] GC(460) Old regions: 505->537
[2532.681s][info][gc,heap        ] GC(460) Humongous regions: 80->80
[2532.681s][info][gc,metaspace   ] GC(460) Metaspace: 28946K(29248K)->28946K(29248K) NonClass: 24063K(24192K)->24063K(24192K) Class: 4883K(5056K)->4883K(5056K)
[2532.681s][info][gc             ] GC(460) Pause Young (Prepare Mixed) (G1 Evacuation Pause) 3625M->1449M(4096M) 116.773ms
[2532.681s][info][gc,cpu         ] GC(460) User=0.70s Sys=0.00s Real=0.12s
....[2537.163s][info][gc,start       ] GC(461) Pause Young (Mixed) (G1 Evacuation Pause)
[2537.163s][info][gc,task        ] GC(461) Using 6 workers of 6 for evacuation
[2537.295s][info][gc,phases      ] GC(461)   Pre Evacuate Collection Set: 0.38ms
[2537.295s][info][gc,phases      ] GC(461)   Merge Heap Roots: 0.67ms
[2537.295s][info][gc,phases      ] GC(461)   Evacuate Collection Set: 129.93ms
[2537.295s][info][gc,phases      ] GC(461)   Post Evacuate Collection Set: 1.01ms
[2537.295s][info][gc,phases      ] GC(461)   Other: 0.09ms
[2537.295s][info][gc,heap        ] GC(461) Eden regions: 1112->0(1119)
[2537.295s][info][gc,heap        ] GC(461) Survivor regions: 108->109(153)
[2537.295s][info][gc,heap        ] GC(461) Old regions: 537->473
[2537.295s][info][gc,heap        ] GC(461) Humongous regions: 80->80
[2537.295s][info][gc,metaspace   ] GC(461) Metaspace: 28946K(29248K)->28946K(29248K) NonClass: 24063K(24192K)->24063K(24192K) Class: 4883K(5056K)->4883K(5056K)
[2537.295s][info][gc             ] GC(461) Pause Young (Mixed) (G1 Evacuation Pause) 3673M->1322M(4096M) 132.203ms
[2537.295s][info][gc,cpu         ] GC(461) User=0.79s Sys=0.00s Real=0.13s
.....[2541.937s][info][gc,start       ] GC(462) Pause Young (Concurrent Start) (G1 Evacuation Pause)
[2541.937s][info][gc,task        ] GC(462) Using 6 workers of 6 for evacuation
[2542.056s][info][gc,phases      ] GC(462)   Pre Evacuate Collection Set: 0.42ms
[2542.056s][info][gc,phases      ] GC(462)   Merge Heap Roots: 0.58ms
[2542.056s][info][gc,phases      ] GC(462)   Evacuate Collection Set: 117.44ms
[2542.056s][info][gc,phases      ] GC(462)   Post Evacuate Collection Set: 0.91ms
[2542.056s][info][gc,phases      ] GC(462)   Other: 0.12ms
[2542.056s][info][gc,heap        ] GC(462) Eden regions: 1119->0(1120)
[2542.056s][info][gc,heap        ] GC(462) Survivor regions: 109->108(154)
[2542.056s][info][gc,heap        ] GC(462) Old regions: 473->506
[2542.056s][info][gc,heap        ] GC(462) Humongous regions: 80->80
[2542.056s][info][gc,metaspace   ] GC(462) Metaspace: 28946K(29248K)->28946K(29248K) NonClass: 24063K(24192K)->24063K(24192K) Class: 4883K(5056K)->4883K(5056K)
[2542.057s][info][gc             ] GC(462) Pause Young (Concurrent Start) (G1 Evacuation Pause) 3560M->1386M(4096M) 119.608ms
[2542.057s][info][gc             ] GC(463) Concurrent Mark Cycle
[2542.057s][info][gc,marking     ] GC(463) Concurrent Scan Root Regions
[2542.057s][info][gc,cpu         ] GC(462) User=0.71s Sys=0.00s Real=0.12s
[2542.227s][info][gc,marking     ] GC(463) Concurrent Scan Root Regions 170.602ms
[2542.227s][info][gc,marking     ] GC(463) Concurrent Mark
[2542.227s][info][gc,marking     ] GC(463) Concurrent Mark From Roots
[2542.227s][info][gc,task        ] GC(463) Using 2 workers of 2 for marking
.[2542.950s][info][gc,marking     ] GC(463) Concurrent Mark From Roots 723.145ms
[2542.950s][info][gc,marking     ] GC(463) Concurrent Preclean
[2542.951s][info][gc,marking     ] GC(463) Concurrent Preclean 0.067ms
[2542.951s][info][gc,start       ] GC(463) Pause Remark
[2542.955s][info][gc             ] GC(463) Pause Remark 1905M->1903M(4096M) 4.233ms
[2542.955s][info][gc,cpu         ] GC(463) User=0.02s Sys=0.00s Real=0.00s
[2542.955s][info][gc,marking     ] GC(463) Concurrent Mark 727.716ms
[2542.955s][info][gc,marking     ] GC(463) Concurrent Rebuild Remembered Sets and Scrub Regions
[2543.222s][info][gc,marking     ] GC(463) Concurrent Rebuild Remembered Sets and Scrub Regions 266.924ms
[2543.222s][info][gc,start       ] GC(463) Pause Cleanup
[2543.222s][info][gc             ] GC(463) Pause Cleanup 2043M->2043M(4096M) 0.135ms
[2543.222s][info][gc,cpu         ] GC(463) User=0.00s Sys=0.00s Real=0.00s
[2543.222s][info][gc,marking     ] GC(463) Concurrent Clear Claimed Marks
[2543.222s][info][gc,marking     ] GC(463) Concurrent Clear Claimed Marks 0.032ms
[2543.222s][info][gc,marking     ] GC(463) Concurrent Cleanup for Next Mark
[2543.226s][info][gc,marking     ] GC(463) Concurrent Cleanup for Next Mark 3.301ms
[2543.226s][info][gc             ] GC(463) Concurrent Mark Cycle 1169.019ms
....[2546.663s][info][gc,start       ] GC(464) Pause Young (Prepare Mixed) (G1 Evacuation Pause)
[2546.663s][info][gc,task        ] GC(464) Using 6 workers of 6 for evacuation
[2546.782s][info][gc,phases      ] GC(464)   Pre Evacuate Collection Set: 0.36ms
[2546.783s][info][gc,phases      ] GC(464)   Merge Heap Roots: 0.64ms
[2546.783s][info][gc,phases      ] GC(464)   Evacuate Collection Set: 117.06ms
[2546.783s][info][gc,phases      ] GC(464)   Post Evacuate Collection Set: 0.95ms
[2546.783s][info][gc,phases      ] GC(464)   Other: 0.09ms
[2546.783s][info][gc,heap        ] GC(464) Eden regions: 1120->0(1109)
[2546.783s][info][gc,heap        ] GC(464) Survivor regions: 108->110(154)
[2546.783s][info][gc,heap        ] GC(464) Old regions: 505->536
[2546.783s][info][gc,heap        ] GC(464) Humongous regions: 80->80
[2546.783s][info][gc,metaspace   ] GC(464) Metaspace: 28946K(29248K)->28946K(29248K) NonClass: 24063K(24192K)->24063K(24192K) Class: 4883K(5056K)->4883K(5056K)
[2546.783s][info][gc             ] GC(464) Pause Young (Prepare Mixed) (G1 Evacuation Pause) 3624M->1451M(4096M) 119.238ms
[2546.783s][info][gc,cpu         ] GC(464) User=0.70s Sys=0.00s Real=0.12s
....[2551.261s][info][gc,start       ] GC(465) Pause Young (Mixed) (G1 Evacuation Pause)
[2551.261s][info][gc,task        ] GC(465) Using 6 workers of 6 for evacuation
[2551.399s][info][gc,phases      ] GC(465)   Pre Evacuate Collection Set: 0.41ms
[2551.399s][info][gc,phases      ] GC(465)   Merge Heap Roots: 0.83ms
[2551.399s][info][gc,phases      ] GC(465)   Evacuate Collection Set: 136.21ms
[2551.399s][info][gc,phases      ] GC(465)   Post Evacuate Collection Set: 1.02ms
[2551.399s][info][gc,phases      ] GC(465)   Other: 0.09ms
[2551.399s][info][gc,heap        ] GC(465) Eden regions: 1109->0(1119)
[2551.399s][info][gc,heap        ] GC(465) Survivor regions: 110->109(153)
[2551.399s][info][gc,heap        ] GC(465) Old regions: 536->473
[2551.399s][info][gc,heap        ] GC(465) Humongous regions: 80->80
[2551.399s][info][gc,metaspace   ] GC(465) Metaspace: 28946K(29248K)->28946K(29248K) NonClass: 24063K(24192K)->24063K(24192K) Class: 4883K(5056K)->4883K(5056K)
[2551.399s][info][gc             ] GC(465) Pause Young (Mixed) (G1 Evacuation Pause) 3669M->1322M(4096M) 138.713ms
[2551.399s][info][gc,cpu         ] GC(465) User=0.82s Sys=0.00s Real=0.14s
... (rIR:aIR:PR = 4013:4013:4013) (tPR = 59662) [OK] 
  2553s: Performance info:
         Transaction,    Success,    Partial,     Failed,   Receipts, AvgBarcode, 
             Overall,     241659,          0,          0,     229566,      59.47, 
         Response times:
             Request,    Success,    Partial,     Failed,   SkipFail,     Probes,    Samples,      min,      p50,      p90,      p95,      p99,      max, 
       TotalPurchase,     229566,          0,          0,          0,     225156,     244315,      300,     3300,     5800,     8100,    39000,   208000,
     InStorePurchase,     120798,          0,          0,          0,     118770,     128706,      300,     3200,     5700,     8000,    39000,   179000,
      OnlinePurchase,      84612,          0,          0,          0,      82955,      89855,      300,     3400,     5900,     8100,    40000,   173000,
        InstPurchase,      24156,          0,          0,          0,      23431,      25754,      400,     3500,     6000,     8600,    40000,   208000,
          AssocOfCat,        243,          0,          0,          0,        190,        254,    18500,    31000,    41000,    51000,   167900,   186000,
      AssocOfProduct,       2426,          0,          0,          0,       2265,       2612,      500,     4400,     6600,    10300,    48870,   145000,
      BusinessReport,        606,          0,          0,          0,        511,        621,    21000,    36000,    52800,    68900,   101680,   198000,
          CustBuyBeh,       2416,          0,          0,          0,       2206,       2578,      300,     3600,     6300,     9005,    39420,   135000,
       ProductReturn,       6402,          0,          0,          0,       6203,       7038,      200,     2600,     5200,     6900,    32000,   143000,

  2553s: (30%)   IR =   4151 ..[2555.859s][info][gc,start       ] GC(466) Pause Young (Concurrent Start) (G1 Evacuation Pause)
[2555.859s][info][gc,task        ] GC(466) Using 6 workers of 6 for evacuation
[2555.976s][info][gc,phases      ] GC(466)   Pre Evacuate Collection Set: 0.42ms
[2555.976s][info][gc,phases      ] GC(466)   Merge Heap Roots: 0.50ms
[2555.976s][info][gc,phases      ] GC(466)   Evacuate Collection Set: 115.61ms
[2555.976s][info][gc,phases      ] GC(466)   Post Evacuate Collection Set: 0.95ms
[2555.976s][info][gc,phases      ] GC(466)   Other: 0.12ms
[2555.976s][info][gc,heap        ] GC(466) Eden regions: 1119->0(1120)
[2555.976s][info][gc,heap        ] GC(466) Survivor regions: 109->108(154)
[2555.976s][info][gc,heap        ] GC(466) Old regions: 473->505
[2555.976s][info][gc,heap        ] GC(466) Humongous regions: 80->80
[2555.976s][info][gc,metaspace   ] GC(466) Metaspace: 28949K(29312K)->28949K(29312K) NonClass: 24065K(24256K)->24065K(24256K) Class: 4883K(5056K)->4883K(5056K)
[2555.976s][info][gc             ] GC(466) Pause Young (Concurrent Start) (G1 Evacuation Pause) 3560M->1383M(4096M) 117.731ms
[2555.976s][info][gc             ] GC(467) Concurrent Mark Cycle
[2555.976s][info][gc,marking     ] GC(467) Concurrent Scan Root Regions
[2555.976s][info][gc,cpu         ] GC(466) User=0.70s Sys=0.00s Real=0.11s
[2556.148s][info][gc,marking     ] GC(467) Concurrent Scan Root Regions 171.799ms
[2556.148s][info][gc,marking     ] GC(467) Concurrent Mark
[2556.148s][info][gc,marking     ] GC(467) Concurrent Mark From Roots
[2556.148s][info][gc,task        ] GC(467) Using 2 workers of 2 for marking
.[2557.073s][info][gc,marking     ] GC(467) Concurrent Mark From Roots 924.563ms
[2557.073s][info][gc,marking     ] GC(467) Concurrent Preclean
[2557.073s][info][gc,marking     ] GC(467) Concurrent Preclean 0.094ms
[2557.074s][info][gc,start       ] GC(467) Pause Remark
[2557.079s][info][gc             ] GC(467) Pause Remark 1974M->1974M(4096M) 5.045ms
[2557.079s][info][gc,cpu         ] GC(467) User=0.03s Sys=0.00s Real=0.01s
[2557.079s][info][gc,marking     ] GC(467) Concurrent Mark 931.259ms
[2557.079s][info][gc,marking     ] GC(467) Concurrent Rebuild Remembered Sets and Scrub Regions
[2557.315s][info][gc,marking     ] GC(467) Concurrent Rebuild Remembered Sets and Scrub Regions 235.110ms
[2557.315s][info][gc,start       ] GC(467) Pause Cleanup
[2557.316s][info][gc             ] GC(467) Pause Cleanup 2079M->2079M(4096M) 0.140ms
[2557.316s][info][gc,cpu         ] GC(467) User=0.00s Sys=0.00s Real=0.00s
[2557.316s][info][gc,marking     ] GC(467) Concurrent Clear Claimed Marks
[2557.316s][info][gc,marking     ] GC(467) Concurrent Clear Claimed Marks 0.045ms
[2557.316s][info][gc,marking     ] GC(467) Concurrent Cleanup for Next Mark
[2557.320s][info][gc,marking     ] GC(467) Concurrent Cleanup for Next Mark 4.451ms
[2557.320s][info][gc             ] GC(467) Concurrent Mark Cycle 1343.788ms
.|..[2560.446s][info][gc,start       ] GC(468) Pause Young (Prepare Mixed) (G1 Evacuation Pause)
[2560.446s][info][gc,task        ] GC(468) Using 6 workers of 6 for evacuation
[2560.564s][info][gc,phases      ] GC(468)   Pre Evacuate Collection Set: 0.34ms
[2560.564s][info][gc,phases      ] GC(468)   Merge Heap Roots: 0.62ms
[2560.564s][info][gc,phases      ] GC(468)   Evacuate Collection Set: 115.86ms
[2560.564s][info][gc,phases      ] GC(468)   Post Evacuate Collection Set: 0.97ms
[2560.564s][info][gc,phases      ] GC(468)   Other: 0.09ms
[2560.564s][info][gc,heap        ] GC(468) Eden regions: 1120->0(1109)
[2560.564s][info][gc,heap        ] GC(468) Survivor regions: 108->110(154)
[2560.564s][info][gc,heap        ] GC(468) Old regions: 505->536
[2560.564s][info][gc,heap        ] GC(468) Humongous regions: 80->80
[2560.564s][info][gc,metaspace   ] GC(468) Metaspace: 28949K(29312K)->28949K(29312K) NonClass: 24065K(24256K)->24065K(24256K) Class: 4883K(5056K)->4883K(5056K)
[2560.564s][info][gc             ] GC(468) Pause Young (Prepare Mixed) (G1 Evacuation Pause) 3623M->1450M(4096M) 117.991ms
[2560.564s][info][gc,cpu         ] GC(468) User=0.70s Sys=0.00s Real=0.12s
.....[2564.983s][info][gc,start       ] GC(469) Pause Young (Mixed) (G1 Evacuation Pause)
[2564.983s][info][gc,task        ] GC(469) Using 6 workers of 6 for evacuation
[2565.119s][info][gc,phases      ] GC(469)   Pre Evacuate Collection Set: 0.37ms
[2565.119s][info][gc,phases      ] GC(469)   Merge Heap Roots: 0.90ms
[2565.119s][info][gc,phases      ] GC(469)   Evacuate Collection Set: 133.25ms
[2565.119s][info][gc,phases      ] GC(469)   Post Evacuate Collection Set: 1.01ms
[2565.119s][info][gc,phases      ] GC(469)   Other: 0.09ms
[2565.119s][info][gc,heap        ] GC(469) Eden regions: 1109->0(1119)
[2565.119s][info][gc,heap        ] GC(469) Survivor regions: 110->109(153)
[2565.119s][info][gc,heap        ] GC(469) Old regions: 536->472
[2565.119s][info][gc,heap        ] GC(469) Humongous regions: 80->80
[2565.119s][info][gc,metaspace   ] GC(469) Metaspace: 28951K(29312K)->28951K(29312K) NonClass: 24068K(24256K)->24068K(24256K) Class: 4883K(5056K)->4883K(5056K)
[2565.119s][info][gc             ] GC(469) Pause Young (Mixed) (G1 Evacuation Pause) 3668M->1320M(4096M) 135.749ms
[2565.119s][info][gc,cpu         ] GC(469) User=0.81s Sys=0.00s Real=0.14s
....[2569.542s][info][gc,start       ] GC(470) Pause Young (Concurrent Start) (G1 Evacuation Pause)
[2569.542s][info][gc,task        ] GC(470) Using 6 workers of 6 for evacuation
[2569.658s][info][gc,phases      ] GC(470)   Pre Evacuate Collection Set: 0.40ms
[2569.658s][info][gc,phases      ] GC(470)   Merge Heap Roots: 0.56ms
[2569.658s][info][gc,phases      ] GC(470)   Evacuate Collection Set: 114.16ms
[2569.658s][info][gc,phases      ] GC(470)   Post Evacuate Collection Set: 0.88ms
[2569.658s][info][gc,phases      ] GC(470)   Other: 0.13ms
[2569.658s][info][gc,heap        ] GC(470) Eden regions: 1119->0(1120)
[2569.658s][info][gc,heap        ] GC(470) Survivor regions: 109->108(154)
[2569.658s][info][gc,heap        ] GC(470) Old regions: 472->505
[2569.658s][info][gc,heap        ] GC(470) Humongous regions: 80->80
[2569.658s][info][gc,metaspace   ] GC(470) Metaspace: 28951K(29312K)->28951K(29312K) NonClass: 24068K(24256K)->24068K(24256K) Class: 4883K(5056K)->4883K(5056K)
[2569.658s][info][gc             ] GC(470) Pause Young (Concurrent Start) (G1 Evacuation Pause) 3558M->1383M(4096M) 116.264ms
[2569.658s][info][gc             ] GC(471) Concurrent Mark Cycle
[2569.658s][info][gc,marking     ] GC(471) Concurrent Scan Root Regions
[2569.658s][info][gc,cpu         ] GC(470) User=0.69s Sys=0.00s Real=0.11s
.[2569.800s][info][gc,marking     ] GC(471) Concurrent Scan Root Regions 142.111ms
[2569.800s][info][gc,marking     ] GC(471) Concurrent Mark
[2569.800s][info][gc,marking     ] GC(471) Concurrent Mark From Roots
[2569.800s][info][gc,task        ] GC(471) Using 2 workers of 2 for marking
[2570.469s][info][gc,marking     ] GC(471) Concurrent Mark From Roots 668.848ms
[2570.469s][info][gc,marking     ] GC(471) Concurrent Preclean
[2570.469s][info][gc,marking     ] GC(471) Concurrent Preclean 0.091ms
[2570.470s][info][gc,start       ] GC(471) Pause Remark
[2570.474s][info][gc             ] GC(471) Pause Remark 1791M->1791M(4096M) 4.298ms
[2570.474s][info][gc,cpu         ] GC(471) User=0.03s Sys=0.00s Real=0.00s
[2570.475s][info][gc,marking     ] GC(471) Concurrent Mark 674.752ms
[2570.475s][info][gc,marking     ] GC(471) Concurrent Rebuild Remembered Sets and Scrub Regions
.[2570.786s][info][gc,marking     ] GC(471) Concurrent Rebuild Remembered Sets and Scrub Regions 310.912ms
[2570.786s][info][gc,start       ] GC(471) Pause Cleanup
[2570.786s][info][gc             ] GC(471) Pause Cleanup 1954M->1954M(4096M) 0.132ms
[2570.786s][info][gc,cpu         ] GC(471) User=0.00s Sys=0.00s Real=0.00s
[2570.786s][info][gc,marking     ] GC(471) Concurrent Clear Claimed Marks
[2570.786s][info][gc,marking     ] GC(471) Concurrent Clear Claimed Marks 0.026ms
[2570.786s][info][gc,marking     ] GC(471) Concurrent Cleanup for Next Mark
[2570.789s][info][gc,marking     ] GC(471) Concurrent Cleanup for Next Mark 3.166ms
[2570.789s][info][gc             ] GC(471) Concurrent Mark Cycle 1131.432ms
...[2574.082s][info][gc,start       ] GC(472) Pause Young (Prepare Mixed) (G1 Evacuation Pause)
[2574.082s][info][gc,task        ] GC(472) Using 6 workers of 6 for evacuation
[2574.205s][info][gc,phases      ] GC(472)   Pre Evacuate Collection Set: 0.33ms
[2574.205s][info][gc,phases      ] GC(472)   Merge Heap Roots: 0.66ms
[2574.205s][info][gc,phases      ] GC(472)   Evacuate Collection Set: 119.97ms
[2574.205s][info][gc,phases      ] GC(472)   Post Evacuate Collection Set: 1.27ms
[2574.205s][info][gc,phases      ] GC(472)   Other: 0.09ms
[2574.205s][info][gc,heap        ] GC(472) Eden regions: 1120->0(1106)
[2574.205s][info][gc,heap        ] GC(472) Survivor regions: 108->111(154)
[2574.205s][info][gc,heap        ] GC(472) Old regions: 505->537
[2574.205s][info][gc,heap        ] GC(472) Humongous regions: 80->80
[2574.205s][info][gc,metaspace   ] GC(472) Metaspace: 28951K(29312K)->28951K(29312K) NonClass: 24068K(24256K)->24068K(24256K) Class: 4883K(5056K)->4883K(5056K)
[2574.205s][info][gc             ] GC(472) Pause Young (Prepare Mixed) (G1 Evacuation Pause) 3623M->1454M(4096M) 122.450ms
[2574.205s][info][gc,cpu         ] GC(472) User=0.73s Sys=0.00s Real=0.12s
....[2578.541s][info][gc,start       ] GC(473) Pause Young (Mixed) (G1 Evacuation Pause)
[2578.541s][info][gc,task        ] GC(473) Using 6 workers of 6 for evacuation
[2578.671s][info][gc,phases      ] GC(473)   Pre Evacuate Collection Set: 0.37ms
[2578.671s][info][gc,phases      ] GC(473)   Merge Heap Roots: 0.75ms
[2578.671s][info][gc,phases      ] GC(473)   Evacuate Collection Set: 127.98ms
[2578.671s][info][gc,phases      ] GC(473)   Post Evacuate Collection Set: 0.97ms
[2578.671s][info][gc,phases      ] GC(473)   Other: 0.09ms
[2578.671s][info][gc,heap        ] GC(473) Eden regions: 1106->0(1121)
[2578.671s][info][gc,heap        ] GC(473) Survivor regions: 111->107(153)
[2578.671s][info][gc,heap        ] GC(473) Old regions: 537->475
[2578.671s][info][gc,heap        ] GC(473) Humongous regions: 80->80
[2578.671s][info][gc,metaspace   ] GC(473) Metaspace: 28951K(29312K)->28951K(29312K) NonClass: 24068K(24256K)->24068K(24256K) Class: 4883K(5056K)->4883K(5056K)
[2578.671s][info][gc             ] GC(473) Pause Young (Mixed) (G1 Evacuation Pause) 3666M->1321M(4096M) 130.289ms
[2578.671s][info][gc,cpu         ] GC(473) User=0.78s Sys=0.00s Real=0.13s
.....[2583.202s][info][gc,start       ] GC(474) Pause Young (Concurrent Start) (G1 Evacuation Pause)
[2583.202s][info][gc,task        ] GC(474) Using 6 workers of 6 for evacuation
[2583.319s][info][gc,phases      ] GC(474)   Pre Evacuate Collection Set: 0.40ms
[2583.319s][info][gc,phases      ] GC(474)   Merge Heap Roots: 0.54ms
[2583.319s][info][gc,phases      ] GC(474)   Evacuate Collection Set: 115.57ms
[2583.319s][info][gc,phases      ] GC(474)   Post Evacuate Collection Set: 0.93ms
[2583.319s][info][gc,phases      ] GC(474)   Other: 0.13ms
[2583.319s][info][gc,heap        ] GC(474) Eden regions: 1121->0(1119)
[2583.319s][info][gc,heap        ] GC(474) Survivor regions: 107->109(154)
[2583.319s][info][gc,heap        ] GC(474) Old regions: 475->507
[2583.319s][info][gc,heap        ] GC(474) Humongous regions: 80->80
[2583.319s][info][gc,metaspace   ] GC(474) Metaspace: 28951K(29312K)->28951K(29312K) NonClass: 24068K(24256K)->24068K(24256K) Class: 4883K(5056K)->4883K(5056K)
[2583.319s][info][gc             ] GC(474) Pause Young (Concurrent Start) (G1 Evacuation Pause) 3563M->1390M(4096M) 117.713ms
[2583.319s][info][gc             ] GC(475) Concurrent Mark Cycle
[2583.319s][info][gc,marking     ] GC(475) Concurrent Scan Root Regions
[2583.319s][info][gc,cpu         ] GC(474) User=0.70s Sys=0.00s Real=0.12s
[2583.496s][info][gc,marking     ] GC(475) Concurrent Scan Root Regions 176.617ms
[2583.496s][info][gc,marking     ] GC(475) Concurrent Mark
[2583.496s][info][gc,marking     ] GC(475) Concurrent Mark From Roots
[2583.496s][info][gc,task        ] GC(475) Using 2 workers of 2 for marking
.[2584.138s][info][gc,marking     ] GC(475) Concurrent Mark From Roots 641.663ms
[2584.138s][info][gc,marking     ] GC(475) Concurrent Preclean
[2584.138s][info][gc,marking     ] GC(475) Concurrent Preclean 0.063ms
[2584.138s][info][gc,start       ] GC(475) Pause Remark
[2584.142s][info][gc             ] GC(475) Pause Remark 1886M->1886M(4096M) 4.097ms
[2584.142s][info][gc,cpu         ] GC(475) User=0.02s Sys=0.00s Real=0.01s
[2584.142s][info][gc,marking     ] GC(475) Concurrent Mark 646.074ms
[2584.142s][info][gc,marking     ] GC(475) Concurrent Rebuild Remembered Sets and Scrub Regions
[2584.379s][info][gc,marking     ] GC(475) Concurrent Rebuild Remembered Sets and Scrub Regions 236.733ms
[2584.379s][info][gc,start       ] GC(475) Pause Cleanup
[2584.379s][info][gc             ] GC(475) Pause Cleanup 2004M->2004M(4096M) 0.134ms
[2584.379s][info][gc,cpu         ] GC(475) User=0.00s Sys=0.00s Real=0.00s
[2584.379s][info][gc,marking     ] GC(475) Concurrent Clear Claimed Marks
[2584.379s][info][gc,marking     ] GC(475) Concurrent Clear Claimed Marks 0.025ms
[2584.379s][info][gc,marking     ] GC(475) Concurrent Cleanup for Next Mark
[2584.383s][info][gc,marking     ] GC(475) Concurrent Cleanup for Next Mark 4.249ms
[2584.384s][info][gc             ] GC(475) Concurrent Mark Cycle 1064.184ms
....[2587.721s][info][gc,start       ] GC(476) Pause Young (Prepare Mixed) (G1 Evacuation Pause)
[2587.721s][info][gc,task        ] GC(476) Using 6 workers of 6 for evacuation
[2587.837s][info][gc,phases      ] GC(476)   Pre Evacuate Collection Set: 0.35ms
[2587.837s][info][gc,phases      ] GC(476)   Merge Heap Roots: 0.62ms
[2587.837s][info][gc,phases      ] GC(476)   Evacuate Collection Set: 113.45ms
[2587.837s][info][gc,phases      ] GC(476)   Post Evacuate Collection Set: 0.95ms
[2587.837s][info][gc,phases      ] GC(476)   Other: 0.09ms
[2587.837s][info][gc,heap        ] GC(476) Eden regions: 1119->0(1109)
[2587.837s][info][gc,heap        ] GC(476) Survivor regions: 109->109(154)
[2587.837s][info][gc,heap        ] GC(476) Old regions: 507->538
[2587.837s][info][gc,heap        ] GC(476) Humongous regions: 80->80
[2587.837s][info][gc,metaspace   ] GC(476) Metaspace: 28953K(29312K)->28953K(29312K) NonClass: 24069K(24256K)->24069K(24256K) Class: 4883K(5056K)->4883K(5056K)
[2587.837s][info][gc             ] GC(476) Pause Young (Prepare Mixed) (G1 Evacuation Pause) 3628M->1451M(4096M) 115.589ms
[2587.837s][info][gc,cpu         ] GC(476) User=0.68s Sys=0.00s Real=0.11s
....[2592.267s][info][gc,start       ] GC(477) Pause Young (Mixed) (G1 Evacuation Pause)
[2592.267s][info][gc,task        ] GC(477) Using 6 workers of 6 for evacuation
[2592.401s][info][gc,phases      ] GC(477)   Pre Evacuate Collection Set: 0.42ms
[2592.401s][info][gc,phases      ] GC(477)   Merge Heap Roots: 0.83ms
[2592.401s][info][gc,phases      ] GC(477)   Evacuate Collection Set: 130.99ms
[2592.401s][info][gc,phases      ] GC(477)   Post Evacuate Collection Set: 0.98ms
[2592.401s][info][gc,phases      ] GC(477)   Other: 0.11ms
[2592.401s][info][gc,heap        ] GC(477) Eden regions: 1109->0(1118)
[2592.401s][info][gc,heap        ] GC(477) Survivor regions: 109->110(153)
[2592.401s][info][gc,heap        ] GC(477) Old regions: 538->472
[2592.401s][info][gc,heap        ] GC(477) Humongous regions: 80->80
[2592.401s][info][gc,metaspace   ] GC(477) Metaspace: 28953K(29312K)->28953K(29312K) NonClass: 24069K(24256K)->24069K(24256K) Class: 4883K(5056K)->4883K(5056K)
[2592.401s][info][gc             ] GC(477) Pause Young (Mixed) (G1 Evacuation Pause) 3669M->1322M(4096M) 133.443ms
[2592.401s][info][gc,cpu         ] GC(477) User=0.79s Sys=0.00s Real=0.14s
.....[2596.766s][info][gc,start       ] GC(478) Pause Young (Concurrent Start) (G1 Evacuation Pause)
[2596.766s][info][gc,task        ] GC(478) Using 6 workers of 6 for evacuation
[2596.884s][info][gc,phases      ] GC(478)   Pre Evacuate Collection Set: 0.39ms
[2596.884s][info][gc,phases      ] GC(478)   Merge Heap Roots: 0.57ms
[2596.884s][info][gc,phases      ] GC(478)   Evacuate Collection Set: 115.46ms
[2596.884s][info][gc,phases      ] GC(478)   Post Evacuate Collection Set: 0.92ms
[2596.884s][info][gc,phases      ] GC(478)   Other: 0.11ms
[2596.884s][info][gc,heap        ] GC(478) Eden regions: 1118->0(1120)
[2596.884s][info][gc,heap        ] GC(478) Survivor regions: 110->108(154)
[2596.884s][info][gc,heap        ] GC(478) Old regions: 472->505
[2596.884s][info][gc,heap        ] GC(478) Humongous regions: 80->80
[2596.884s][info][gc,metaspace   ] GC(478) Metaspace: 28953K(29312K)->28953K(29312K) NonClass: 24069K(24256K)->24069K(24256K) Class: 4883K(5056K)->4883K(5056K)
[2596.884s][info][gc             ] GC(478) Pause Young (Concurrent Start) (G1 Evacuation Pause) 3558M->1384M(4096M) 117.583ms
[2596.884s][info][gc             ] GC(479) Concurrent Mark Cycle
[2596.884s][info][gc,marking     ] GC(479) Concurrent Scan Root Regions
[2596.884s][info][gc,cpu         ] GC(478) User=0.70s Sys=0.00s Real=0.12s
[2597.022s][info][gc,marking     ] GC(479) Concurrent Scan Root Regions 137.897ms
[2597.022s][info][gc,marking     ] GC(479) Concurrent Mark
[2597.022s][info][gc,marking     ] GC(479) Concurrent Mark From Roots
[2597.022s][info][gc,task        ] GC(479) Using 2 workers of 2 for marking
.[2597.941s][info][gc,marking     ] GC(479) Concurrent Mark From Roots 919.421ms
[2597.941s][info][gc,marking     ] GC(479) Concurrent Preclean
[2597.941s][info][gc,marking     ] GC(479) Concurrent Preclean 0.088ms
[2597.941s][info][gc,start       ] GC(479) Pause Remark
[2597.946s][info][gc             ] GC(479) Pause Remark 1988M->1988M(4096M) 4.926ms
[2597.946s][info][gc,cpu         ] GC(479) User=0.02s Sys=0.00s Real=0.00s
[2597.946s][info][gc,marking     ] GC(479) Concurrent Mark 924.743ms
[2597.946s][info][gc,marking     ] GC(479) Concurrent Rebuild Remembered Sets and Scrub Regions
[2598.311s][info][gc,marking     ] GC(479) Concurrent Rebuild Remembered Sets and Scrub Regions 364.174ms
[2598.311s][info][gc,start       ] GC(479) Pause Cleanup
[2598.311s][info][gc             ] GC(479) Pause Cleanup 2164M->2164M(4096M) 0.125ms
[2598.311s][info][gc,cpu         ] GC(479) User=0.00s Sys=0.00s Real=0.00s
[2598.311s][info][gc,marking     ] GC(479) Concurrent Clear Claimed Marks
[2598.311s][info][gc,marking     ] GC(479) Concurrent Clear Claimed Marks 0.028ms
[2598.311s][info][gc,marking     ] GC(479) Concurrent Cleanup for Next Mark
[2598.314s][info][gc,marking     ] GC(479) Concurrent Cleanup for Next Mark 3.412ms
[2598.314s][info][gc             ] GC(479) Concurrent Mark Cycle 1430.674ms
...[2601.350s][info][gc,start       ] GC(480) Pause Young (Prepare Mixed) (G1 Evacuation Pause)
[2601.350s][info][gc,task        ] GC(480) Using 6 workers of 6 for evacuation
[2601.469s][info][gc,phases      ] GC(480)   Pre Evacuate Collection Set: 0.37ms
[2601.469s][info][gc,phases      ] GC(480)   Merge Heap Roots: 0.66ms
[2601.469s][info][gc,phases      ] GC(480)   Evacuate Collection Set: 116.22ms
[2601.469s][info][gc,phases      ] GC(480)   Post Evacuate Collection Set: 0.97ms
[2601.469s][info][gc,phases      ] GC(480)   Other: 0.11ms
[2601.469s][info][gc,heap        ] GC(480) Eden regions: 1120->0(1108)
[2601.469s][info][gc,heap        ] GC(480) Survivor regions: 108->110(154)
[2601.469s][info][gc,heap        ] GC(480) Old regions: 505->537
[2601.469s][info][gc,heap        ] GC(480) Humongous regions: 80->80
[2601.469s][info][gc,metaspace   ] GC(480) Metaspace: 28953K(29312K)->28953K(29312K) NonClass: 24069K(24256K)->24069K(24256K) Class: 4883K(5056K)->4883K(5056K)
[2601.469s][info][gc             ] GC(480) Pause Young (Prepare Mixed) (G1 Evacuation Pause) 3624M->1453M(4096M) 118.467ms
[2601.469s][info][gc,cpu         ] GC(480) User=0.71s Sys=0.00s Real=0.12s
.....[2605.838s][info][gc,start       ] GC(481) Pause Young (Mixed) (G1 Evacuation Pause)
[2605.838s][info][gc,task        ] GC(481) Using 6 workers of 6 for evacuation
[2605.973s][info][gc,phases      ] GC(481)   Pre Evacuate Collection Set: 0.40ms
[2605.973s][info][gc,phases      ] GC(481)   Merge Heap Roots: 0.82ms
[2605.973s][info][gc,phases      ] GC(481)   Evacuate Collection Set: 132.99ms
[2605.973s][info][gc,phases      ] GC(481)   Post Evacuate Collection Set: 0.99ms
[2605.973s][info][gc,phases      ] GC(481)   Other: 0.09ms
[2605.973s][info][gc,heap        ] GC(481) Eden regions: 1108->0(1118)
[2605.973s][info][gc,heap        ] GC(481) Survivor regions: 110->110(153)
[2605.973s][info][gc,heap        ] GC(481) Old regions: 537->474
[2605.973s][info][gc,heap        ] GC(481) Humongous regions: 80->80
[2605.973s][info][gc,metaspace   ] GC(481) Metaspace: 28953K(29312K)->28953K(29312K) NonClass: 24069K(24256K)->24069K(24256K) Class: 4883K(5056K)->4883K(5056K)
[2605.973s][info][gc             ] GC(481) Pause Young (Mixed) (G1 Evacuation Pause) 3669M->1327M(4096M) 135.424ms
[2605.973s][info][gc,cpu         ] GC(481) User=0.81s Sys=0.00s Real=0.14s
....[2610.373s][info][gc,start       ] GC(482) Pause Young (Concurrent Start) (G1 Evacuation Pause)
[2610.373s][info][gc,task        ] GC(482) Using 6 workers of 6 for evacuation
[2610.495s][info][gc,phases      ] GC(482)   Pre Evacuate Collection Set: 0.44ms
[2610.495s][info][gc,phases      ] GC(482)   Merge Heap Roots: 0.58ms
[2610.495s][info][gc,phases      ] GC(482)   Evacuate Collection Set: 120.21ms
[2610.495s][info][gc,phases      ] GC(482)   Post Evacuate Collection Set: 0.90ms
[2610.495s][info][gc,phases      ] GC(482)   Other: 0.15ms
[2610.495s][info][gc,heap        ] GC(482) Eden regions: 1118->0(1116)
[2610.495s][info][gc,heap        ] GC(482) Survivor regions: 110->112(154)
[2610.495s][info][gc,heap        ] GC(482) Old regions: 474->507
[2610.495s][info][gc,heap        ] GC(482) Humongous regions: 80->80
[2610.495s][info][gc,metaspace   ] GC(482) Metaspace: 28953K(29312K)->28953K(29312K) NonClass: 24069K(24256K)->24069K(24256K) Class: 4883K(5056K)->4883K(5056K)
[2610.495s][info][gc             ] GC(482) Pause Young (Concurrent Start) (G1 Evacuation Pause) 3563M->1397M(4096M) 122.410ms
[2610.495s][info][gc             ] GC(483) Concurrent Mark Cycle
[2610.495s][info][gc,marking     ] GC(483) Concurrent Scan Root Regions
[2610.495s][info][gc,cpu         ] GC(482) User=0.73s Sys=0.00s Real=0.12s
[2610.678s][info][gc,marking     ] GC(483) Concurrent Scan Root Regions 182.502ms
[2610.678s][info][gc,marking     ] GC(483) Concurrent Mark
[2610.678s][info][gc,marking     ] GC(483) Concurrent Mark From Roots
[2610.678s][info][gc,task        ] GC(483) Using 2 workers of 2 for marking
.[2611.596s][info][gc,marking     ] GC(483) Concurrent Mark From Roots 917.833ms
[2611.596s][info][gc,marking     ] GC(483) Concurrent Preclean
[2611.596s][info][gc,marking     ] GC(483) Concurrent Preclean 0.061ms
[2611.596s][info][gc,start       ] GC(483) Pause Remark
[2611.601s][info][gc             ] GC(483) Pause Remark 1990M->1990M(4096M) 4.619ms
[2611.601s][info][gc,cpu         ] GC(483) User=0.03s Sys=0.00s Real=0.01s
[2611.601s][info][gc,marking     ] GC(483) Concurrent Mark 922.764ms
[2611.601s][info][gc,marking     ] GC(483) Concurrent Rebuild Remembered Sets and Scrub Regions
.[2612.008s][info][gc,marking     ] GC(483) Concurrent Rebuild Remembered Sets and Scrub Regions 406.805ms
[2612.008s][info][gc,start       ] GC(483) Pause Cleanup
[2612.008s][info][gc             ] GC(483) Pause Cleanup 2184M->2184M(4096M) 0.128ms
[2612.008s][info][gc,cpu         ] GC(483) User=0.00s Sys=0.00s Real=0.00s
[2612.008s][info][gc,marking     ] GC(483) Concurrent Clear Claimed Marks
[2612.008s][info][gc,marking     ] GC(483) Concurrent Clear Claimed Marks 0.035ms
[2612.008s][info][gc,marking     ] GC(483) Concurrent Cleanup for Next Mark
[2612.013s][info][gc,marking     ] GC(483) Concurrent Cleanup for Next Mark 4.868ms
[2612.013s][info][gc             ] GC(483) Concurrent Mark Cycle 1517.504ms
...[2614.925s][info][gc,start       ] GC(484) Pause Young (Prepare Mixed) (G1 Evacuation Pause)
[2614.925s][info][gc,task        ] GC(484) Using 6 workers of 6 for evacuation
[2615.044s][info][gc,phases      ] GC(484)   Pre Evacuate Collection Set: 0.36ms
[2615.044s][info][gc,phases      ] GC(484)   Merge Heap Roots: 0.60ms
[2615.044s][info][gc,phases      ] GC(484)   Evacuate Collection Set: 117.66ms
[2615.044s][info][gc,phases      ] GC(484)   Post Evacuate Collection Set: 0.97ms
[2615.044s][info][gc,phases      ] GC(484)   Other: 0.08ms
[2615.044s][info][gc,heap        ] GC(484) Eden regions: 1116->0(1104)
[2615.044s][info][gc,heap        ] GC(484) Survivor regions: 112->111(154)
[2615.044s][info][gc,heap        ] GC(484) Old regions: 507->539
[2615.044s][info][gc,heap        ] GC(484) Humongous regions: 80->80
[2615.044s][info][gc,metaspace   ] GC(484) Metaspace: 28953K(29312K)->28953K(29312K) NonClass: 24069K(24256K)->24069K(24256K) Class: 4883K(5056K)->4883K(5056K)
[2615.044s][info][gc             ] GC(484) Pause Young (Prepare Mixed) (G1 Evacuation Pause) 3629M->1458M(4096M) 119.807ms
[2615.044s][info][gc,cpu         ] GC(484) User=0.71s Sys=0.00s Real=0.12s
... (rIR:aIR:PR = 4151:4152:4152) (tPR = 61639) [OK] 
  2617s: Performance info:
         Transaction,    Success,    Partial,     Failed,   Receipts, AvgBarcode, 
             Overall,     249542,          0,          0,     237086,      59.48, 
         Response times:
             Request,    Success,    Partial,     Failed,   SkipFail,     Probes,    Samples,      min,      p50,      p90,      p95,      p99,      max, 
       TotalPurchase,     237085,          0,          0,          0,     232842,     249324,      300,     3500,     6300,     9700,    51000,   168000,
     InStorePurchase,     124764,          0,          0,          0,     122612,     130822,      300,     3500,     6300,     9600,    51000,   168000,
      OnlinePurchase,      87350,          0,          0,          0,      86041,      92314,      300,     3500,     6300,     9925,    51000,   168000,
        InstPurchase,      24971,          0,          0,          0,      24189,      26188,      400,     3600,     6400,     9700,    51000,   168000,
          AssocOfCat,        251,          0,          0,          0,        203,        273,    19000,    31000,    46200,    56000,   101520,   158000,
      AssocOfProduct,       2497,          0,          0,          0,       2334,       2653,      300,     2100,     4400,     6530,    40000,   161000,
      BusinessReport,        623,          0,          0,          0,        532,        683,    21000,    37000,    58000,    74000,   166160,   247000,
          CustBuyBeh,       2491,          0,          0,          0,       2326,       2634,      100,     2900,     6250,    10000,    47650,   130000,
       ProductReturn,       6594,          0,          0,          0,       6250,       6891,      200,     3300,     6100,     9500,    51000,   142000,

  2617s: (31%)   IR =   4289 .[2619.309s][info][gc,start       ] GC(485) Pause Young (Mixed) (G1 Evacuation Pause)
[2619.309s][info][gc,task        ] GC(485) Using 6 workers of 6 for evacuation
[2619.442s][info][gc,phases      ] GC(485)   Pre Evacuate Collection Set: 0.38ms
[2619.442s][info][gc,phases      ] GC(485)   Merge Heap Roots: 0.74ms
[2619.442s][info][gc,phases      ] GC(485)   Evacuate Collection Set: 131.22ms
[2619.442s][info][gc,phases      ] GC(485)   Post Evacuate Collection Set: 0.98ms
[2619.442s][info][gc,phases      ] GC(485)   Other: 0.09ms
[2619.442s][info][gc,heap        ] GC(485) Eden regions: 1104->0(1116)
[2619.442s][info][gc,heap        ] GC(485) Survivor regions: 111->112(152)
[2619.442s][info][gc,heap        ] GC(485) Old regions: 539->474
[2619.442s][info][gc,heap        ] GC(485) Humongous regions: 80->80
[2619.442s][info][gc,metaspace   ] GC(485) Metaspace: 28953K(29312K)->28953K(29312K) NonClass: 24069K(24256K)->24069K(24256K) Class: 4883K(5056K)->4883K(5056K)
[2619.442s][info][gc             ] GC(485) Pause Young (Mixed) (G1 Evacuation Pause) 3666M->1330M(4096M) 133.542ms
[2619.442s][info][gc,cpu         ] GC(485) User=0.79s Sys=0.00s Real=0.13s
....|[2623.753s][info][gc,start       ] GC(486) Pause Young (Concurrent Start) (G1 Evacuation Pause)
[2623.753s][info][gc,task        ] GC(486) Using 6 workers of 6 for evacuation
[2623.871s][info][gc,phases      ] GC(486)   Pre Evacuate Collection Set: 0.40ms
[2623.871s][info][gc,phases      ] GC(486)   Merge Heap Roots: 0.62ms
[2623.871s][info][gc,phases      ] GC(486)   Evacuate Collection Set: 115.58ms
[2623.871s][info][gc,phases      ] GC(486)   Post Evacuate Collection Set: 0.92ms
[2623.871s][info][gc,phases      ] GC(486)   Other: 0.12ms
[2623.871s][info][gc,heap        ] GC(486) Eden regions: 1116->0(1119)
[2623.871s][info][gc,heap        ] GC(486) Survivor regions: 112->109(154)
[2623.871s][info][gc,heap        ] GC(486) Old regions: 474->507
[2623.871s][info][gc,heap        ] GC(486) Humongous regions: 80->80
[2623.871s][info][gc,metaspace   ] GC(486) Metaspace: 28953K(29312K)->28953K(29312K) NonClass: 24069K(24256K)->24069K(24256K) Class: 4883K(5056K)->4883K(5056K)
[2623.871s][info][gc             ] GC(486) Pause Young (Concurrent Start) (G1 Evacuation Pause) 3562M->1390M(4096M) 117.754ms
[2623.871s][info][gc             ] GC(487) Concurrent Mark Cycle
[2623.871s][info][gc,marking     ] GC(487) Concurrent Scan Root Regions
[2623.871s][info][gc,cpu         ] GC(486) User=0.70s Sys=0.00s Real=0.12s
.[2623.982s][info][gc,marking     ] GC(487) Concurrent Scan Root Regions 110.954ms
[2623.982s][info][gc,marking     ] GC(487) Concurrent Mark
[2623.982s][info][gc,marking     ] GC(487) Concurrent Mark From Roots
[2623.982s][info][gc,task        ] GC(487) Using 2 workers of 2 for marking
[2624.593s][info][gc,marking     ] GC(487) Concurrent Mark From Roots 611.574ms
[2624.593s][info][gc,marking     ] GC(487) Concurrent Preclean
[2624.593s][info][gc,marking     ] GC(487) Concurrent Preclean 0.061ms
[2624.594s][info][gc,start       ] GC(487) Pause Remark
[2624.598s][info][gc             ] GC(487) Pause Remark 1786M->1786M(4096M) 4.064ms
[2624.598s][info][gc,cpu         ] GC(487) User=0.02s Sys=0.00s Real=0.00s
[2624.598s][info][gc,marking     ] GC(487) Concurrent Mark 615.954ms
[2624.598s][info][gc,marking     ] GC(487) Concurrent Rebuild Remembered Sets and Scrub Regions
[2624.850s][info][gc,marking     ] GC(487) Concurrent Rebuild Remembered Sets and Scrub Regions 252.317ms
[2624.851s][info][gc,start       ] GC(487) Pause Cleanup
[2624.851s][info][gc             ] GC(487) Pause Cleanup 1932M->1932M(4096M) 0.152ms
[2624.851s][info][gc,cpu         ] GC(487) User=0.00s Sys=0.00s Real=0.00s
[2624.852s][info][gc,marking     ] GC(487) Concurrent Clear Claimed Marks
[2624.852s][info][gc,marking     ] GC(487) Concurrent Clear Claimed Marks 0.039ms
[2624.852s][info][gc,marking     ] GC(487) Concurrent Cleanup for Next Mark
[2624.858s][info][gc,marking     ] GC(487) Concurrent Cleanup for Next Mark 6.125ms
[2624.858s][info][gc             ] GC(487) Concurrent Mark Cycle 987.105ms
....[2628.158s][info][gc,start       ] GC(488) Pause Young (Prepare Mixed) (G1 Evacuation Pause)
[2628.158s][info][gc,task        ] GC(488) Using 6 workers of 6 for evacuation
[2628.274s][info][gc,phases      ] GC(488)   Pre Evacuate Collection Set: 0.37ms
[2628.274s][info][gc,phases      ] GC(488)   Merge Heap Roots: 0.58ms
[2628.274s][info][gc,phases      ] GC(488)   Evacuate Collection Set: 114.65ms
[2628.274s][info][gc,phases      ] GC(488)   Post Evacuate Collection Set: 0.91ms
[2628.274s][info][gc,phases      ] GC(488)   Other: 0.08ms
[2628.274s][info][gc,heap        ] GC(488) Eden regions: 1119->0(1107)
[2628.274s][info][gc,heap        ] GC(488) Survivor regions: 109->110(154)
[2628.274s][info][gc,heap        ] GC(488) Old regions: 507->538
[2628.274s][info][gc,heap        ] GC(488) Humongous regions: 80->80
[2628.274s][info][gc,metaspace   ] GC(488) Metaspace: 28953K(29312K)->28953K(29312K) NonClass: 24069K(24256K)->24069K(24256K) Class: 4883K(5056K)->4883K(5056K)
[2628.275s][info][gc             ] GC(488) Pause Young (Prepare Mixed) (G1 Evacuation Pause) 3628M->1454M(4096M) 116.754ms
[2628.275s][info][gc,cpu         ] GC(488) User=0.69s Sys=0.00s Real=0.12s
....[2632.507s][info][gc,start       ] GC(489) Pause Young (Mixed) (G1 Evacuation Pause)
[2632.507s][info][gc,task        ] GC(489) Using 6 workers of 6 for evacuation
[2632.639s][info][gc,phases      ] GC(489)   Pre Evacuate Collection Set: 0.45ms
[2632.639s][info][gc,phases      ] GC(489)   Merge Heap Roots: 0.80ms
[2632.639s][info][gc,phases      ] GC(489)   Evacuate Collection Set: 129.55ms
[2632.639s][info][gc,phases      ] GC(489)   Post Evacuate Collection Set: 0.99ms
[2632.639s][info][gc,phases      ] GC(489)   Other: 0.10ms
[2632.639s][info][gc,heap        ] GC(489) Eden regions: 1107->0(1120)
[2632.639s][info][gc,heap        ] GC(489) Survivor regions: 110->108(153)
[2632.639s][info][gc,heap        ] GC(489) Old regions: 538->474
[2632.639s][info][gc,heap        ] GC(489) Humongous regions: 80->80
[2632.639s][info][gc,metaspace   ] GC(489) Metaspace: 28953K(29312K)->28953K(29312K) NonClass: 24069K(24256K)->24069K(24256K) Class: 4883K(5056K)->4883K(5056K)
[2632.639s][info][gc             ] GC(489) Pause Young (Mixed) (G1 Evacuation Pause) 3668M->1321M(4096M) 132.021ms
[2632.639s][info][gc,cpu         ] GC(489) User=0.78s Sys=0.00s Real=0.14s
.....[2636.893s][info][gc,start       ] GC(490) Pause Young (Concurrent Start) (G1 Evacuation Pause)
[2636.893s][info][gc,task        ] GC(490) Using 6 workers of 6 for evacuation
[2637.009s][info][gc,phases      ] GC(490)   Pre Evacuate Collection Set: 0.42ms
[2637.009s][info][gc,phases      ] GC(490)   Merge Heap Roots: 0.51ms
[2637.009s][info][gc,phases      ] GC(490)   Evacuate Collection Set: 113.97ms
[2637.009s][info][gc,phases      ] GC(490)   Post Evacuate Collection Set: 0.91ms
[2637.009s][info][gc,phases      ] GC(490)   Other: 0.12ms
[2637.009s][info][gc,heap        ] GC(490) Eden regions: 1120->0(1120)
[2637.009s][info][gc,heap        ] GC(490) Survivor regions: 108->108(154)
[2637.009s][info][gc,heap        ] GC(490) Old regions: 474->505
[2637.009s][info][gc,heap        ] GC(490) Humongous regions: 80->80
[2637.009s][info][gc,metaspace   ] GC(490) Metaspace: 28953K(29312K)->28953K(29312K) NonClass: 24069K(24256K)->24069K(24256K) Class: 4883K(5056K)->4883K(5056K)
[2637.009s][info][gc             ] GC(490) Pause Young (Concurrent Start) (G1 Evacuation Pause) 3561M->1384M(4096M) 116.038ms
[2637.009s][info][gc             ] GC(491) Concurrent Mark Cycle
[2637.009s][info][gc,cpu         ] GC(490) User=0.69s Sys=0.00s Real=0.12s
[2637.009s][info][gc,marking     ] GC(491) Concurrent Scan Root Regions
[2637.176s][info][gc,marking     ] GC(491) Concurrent Scan Root Regions 166.724ms
[2637.176s][info][gc,marking     ] GC(491) Concurrent Mark
[2637.176s][info][gc,marking     ] GC(491) Concurrent Mark From Roots
[2637.176s][info][gc,task        ] GC(491) Using 2 workers of 2 for marking
[2637.875s][info][gc,marking     ] GC(491) Concurrent Mark From Roots 698.810ms
[2637.875s][info][gc,marking     ] GC(491) Concurrent Preclean
[2637.875s][info][gc,marking     ] GC(491) Concurrent Preclean 0.071ms
[2637.875s][info][gc,start       ] GC(491) Pause Remark
[2637.879s][info][gc             ] GC(491) Pause Remark 1878M->1878M(4096M) 4.270ms
[2637.879s][info][gc,cpu         ] GC(491) User=0.02s Sys=0.00s Real=0.01s
[2637.880s][info][gc,marking     ] GC(491) Concurrent Mark 703.420ms
[2637.880s][info][gc,marking     ] GC(491) Concurrent Rebuild Remembered Sets and Scrub Regions
.[2638.145s][info][gc,marking     ] GC(491) Concurrent Rebuild Remembered Sets and Scrub Regions 265.010ms
[2638.145s][info][gc,start       ] GC(491) Pause Cleanup
[2638.145s][info][gc             ] GC(491) Pause Cleanup 2026M->2026M(4096M) 0.135ms
[2638.145s][info][gc,cpu         ] GC(491) User=0.00s Sys=0.00s Real=0.00s
[2638.145s][info][gc,marking     ] GC(491) Concurrent Clear Claimed Marks
[2638.145s][info][gc,marking     ] GC(491) Concurrent Clear Claimed Marks 0.028ms
[2638.145s][info][gc,marking     ] GC(491) Concurrent Cleanup for Next Mark
[2638.149s][info][gc,marking     ] GC(491) Concurrent Cleanup for Next Mark 3.617ms
[2638.149s][info][gc             ] GC(491) Concurrent Mark Cycle 1139.242ms
...[2641.342s][info][gc,start       ] GC(492) Pause Young (Prepare Mixed) (G1 Evacuation Pause)
[2641.343s][info][gc,task        ] GC(492) Using 6 workers of 6 for evacuation
[2641.464s][info][gc,phases      ] GC(492)   Pre Evacuate Collection Set: 0.37ms
[2641.464s][info][gc,phases      ] GC(492)   Merge Heap Roots: 0.69ms
[2641.464s][info][gc,phases      ] GC(492)   Evacuate Collection Set: 119.55ms
[2641.464s][info][gc,phases      ] GC(492)   Post Evacuate Collection Set: 0.95ms
[2641.464s][info][gc,phases      ] GC(492)   Other: 0.09ms
[2641.464s][info][gc,heap        ] GC(492) Eden regions: 1120->0(1100)
[2641.464s][info][gc,heap        ] GC(492) Survivor regions: 108->114(154)
[2641.464s][info][gc,heap        ] GC(492) Old regions: 505->537
[2641.464s][info][gc,heap        ] GC(492) Humongous regions: 80->80
[2641.464s][info][gc,metaspace   ] GC(492) Metaspace: 28953K(29312K)->28953K(29312K) NonClass: 24069K(24256K)->24069K(24256K) Class: 4883K(5056K)->4883K(5056K)
[2641.464s][info][gc             ] GC(492) Pause Young (Prepare Mixed) (G1 Evacuation Pause) 3624M->1460M(4096M) 121.778ms
[2641.464s][info][gc,cpu         ] GC(492) User=0.73s Sys=0.00s Real=0.12s
....[2645.618s][info][gc,start       ] GC(493) Pause Young (Mixed) (G1 Evacuation Pause)
[2645.618s][info][gc,task        ] GC(493) Using 6 workers of 6 for evacuation
[2645.750s][info][gc,phases      ] GC(493)   Pre Evacuate Collection Set: 0.36ms
[2645.750s][info][gc,phases      ] GC(493)   Merge Heap Roots: 0.73ms
[2645.750s][info][gc,phases      ] GC(493)   Evacuate Collection Set: 128.99ms
[2645.750s][info][gc,phases      ] GC(493)   Post Evacuate Collection Set: 1.87ms
[2645.750s][info][gc,phases      ] GC(493)   Other: 0.09ms
[2645.750s][info][gc,heap        ] GC(493) Eden regions: 1100->0(1120)
[2645.750s][info][gc,heap        ] GC(493) Survivor regions: 114->108(152)
[2645.750s][info][gc,heap        ] GC(493) Old regions: 537->474
[2645.750s][info][gc,heap        ] GC(493) Humongous regions: 80->80
[2645.750s][info][gc,metaspace   ] GC(493) Metaspace: 28953K(29312K)->28953K(29312K) NonClass: 24069K(24256K)->24069K(24256K) Class: 4883K(5056K)->4883K(5056K)
[2645.750s][info][gc             ] GC(493) Pause Young (Mixed) (G1 Evacuation Pause) 3660M->1322M(4096M) 132.196ms
[2645.750s][info][gc,cpu         ] GC(493) User=0.78s Sys=0.00s Real=0.14s
.....[2650.069s][info][gc,start       ] GC(494) Pause Young (Concurrent Start) (G1 Evacuation Pause)
[2650.069s][info][gc,task        ] GC(494) Using 6 workers of 6 for evacuation
[2650.186s][info][gc,phases      ] GC(494)   Pre Evacuate Collection Set: 0.40ms
[2650.186s][info][gc,phases      ] GC(494)   Merge Heap Roots: 0.59ms
[2650.186s][info][gc,phases      ] GC(494)   Evacuate Collection Set: 114.56ms
[2650.186s][info][gc,phases      ] GC(494)   Post Evacuate Collection Set: 0.90ms
[2650.186s][info][gc,phases      ] GC(494)   Other: 0.10ms
[2650.186s][info][gc,heap        ] GC(494) Eden regions: 1120->0(1119)
[2650.186s][info][gc,heap        ] GC(494) Survivor regions: 108->109(154)
[2650.186s][info][gc,heap        ] GC(494) Old regions: 474->507
[2650.186s][info][gc,heap        ] GC(494) Humongous regions: 80->80
[2650.186s][info][gc,metaspace   ] GC(494) Metaspace: 28953K(29312K)->28953K(29312K) NonClass: 24069K(24256K)->24069K(24256K) Class: 4883K(5056K)->4883K(5056K)
[2650.186s][info][gc             ] GC(494) Pause Young (Concurrent Start) (G1 Evacuation Pause) 3562M->1390M(4096M) 116.694ms
[2650.186s][info][gc             ] GC(495) Concurrent Mark Cycle
[2650.186s][info][gc,marking     ] GC(495) Concurrent Scan Root Regions
[2650.186s][info][gc,cpu         ] GC(494) User=0.70s Sys=0.00s Real=0.11s
[2650.361s][info][gc,marking     ] GC(495) Concurrent Scan Root Regions 174.735ms
[2650.361s][info][gc,marking     ] GC(495) Concurrent Mark
[2650.361s][info][gc,marking     ] GC(495) Concurrent Mark From Roots
[2650.361s][info][gc,task        ] GC(495) Using 2 workers of 2 for marking
.[2651.278s][info][gc,marking     ] GC(495) Concurrent Mark From Roots 916.739ms
[2651.278s][info][gc,marking     ] GC(495) Concurrent Preclean
[2651.278s][info][gc,marking     ] GC(495) Concurrent Preclean 0.089ms
[2651.278s][info][gc,start       ] GC(495) Pause Remark
[2651.284s][info][gc             ] GC(495) Pause Remark 1971M->1971M(4096M) 5.780ms
[2651.284s][info][gc,cpu         ] GC(495) User=0.03s Sys=0.00s Real=0.01s
[2651.284s][info][gc,marking     ] GC(495) Concurrent Mark 923.403ms
[2651.284s][info][gc,marking     ] GC(495) Concurrent Rebuild Remembered Sets and Scrub Regions
[2651.643s][info][gc,marking     ] GC(495) Concurrent Rebuild Remembered Sets and Scrub Regions 358.778ms
[2651.643s][info][gc,start       ] GC(495) Pause Cleanup
[2651.643s][info][gc             ] GC(495) Pause Cleanup 2186M->2186M(4096M) 0.128ms
[2651.643s][info][gc,cpu         ] GC(495) User=0.00s Sys=0.00s Real=0.00s
[2651.643s][info][gc,marking     ] GC(495) Concurrent Clear Claimed Marks
[2651.643s][info][gc,marking     ] GC(495) Concurrent Clear Claimed Marks 0.030ms
[2651.643s][info][gc,marking     ] GC(495) Concurrent Cleanup for Next Mark
[2651.647s][info][gc,marking     ] GC(495) Concurrent Cleanup for Next Mark 3.894ms
[2651.647s][info][gc             ] GC(495) Concurrent Mark Cycle 1461.287ms
...[2654.445s][info][gc,start       ] GC(496) Pause Young (Prepare Mixed) (G1 Evacuation Pause)
[2654.445s][info][gc,task        ] GC(496) Using 6 workers of 6 for evacuation
[2654.563s][info][gc,phases      ] GC(496)   Pre Evacuate Collection Set: 0.33ms
[2654.563s][info][gc,phases      ] GC(496)   Merge Heap Roots: 0.63ms
[2654.563s][info][gc,phases      ] GC(496)   Evacuate Collection Set: 116.11ms
[2654.563s][info][gc,phases      ] GC(496)   Post Evacuate Collection Set: 0.96ms
[2654.563s][info][gc,phases      ] GC(496)   Other: 0.09ms
[2654.563s][info][gc,heap        ] GC(496) Eden regions: 1119->0(1107)
[2654.563s][info][gc,heap        ] GC(496) Survivor regions: 109->110(154)
[2654.563s][info][gc,heap        ] GC(496) Old regions: 507->538
[2654.563s][info][gc,heap        ] GC(496) Humongous regions: 80->80
[2654.563s][info][gc,metaspace   ] GC(496) Metaspace: 28953K(29312K)->28953K(29312K) NonClass: 24069K(24256K)->24069K(24256K) Class: 4883K(5056K)->4883K(5056K)
[2654.563s][info][gc             ] GC(496) Pause Young (Prepare Mixed) (G1 Evacuation Pause) 3628M->1455M(4096M) 118.259ms
[2654.563s][info][gc,cpu         ] GC(496) User=0.71s Sys=0.00s Real=0.12s
....[2658.843s][info][gc,start       ] GC(497) Pause Young (Mixed) (G1 Evacuation Pause)
[2658.843s][info][gc,task        ] GC(497) Using 6 workers of 6 for evacuation
[2658.973s][info][gc,phases      ] GC(497)   Pre Evacuate Collection Set: 0.40ms
[2658.973s][info][gc,phases      ] GC(497)   Merge Heap Roots: 0.82ms
[2658.973s][info][gc,phases      ] GC(497)   Evacuate Collection Set: 127.58ms
[2658.973s][info][gc,phases      ] GC(497)   Post Evacuate Collection Set: 0.98ms
[2658.973s][info][gc,phases      ] GC(497)   Other: 0.09ms
[2658.973s][info][gc,heap        ] GC(497) Eden regions: 1107->0(1119)
[2658.973s][info][gc,heap        ] GC(497) Survivor regions: 110->109(153)
[2658.973s][info][gc,heap        ] GC(497) Old regions: 538->474
[2658.973s][info][gc,heap        ] GC(497) Humongous regions: 80->80
[2658.973s][info][gc,metaspace   ] GC(497) Metaspace: 28953K(29312K)->28953K(29312K) NonClass: 24069K(24256K)->24069K(24256K) Class: 4883K(5056K)->4883K(5056K)
[2658.973s][info][gc             ] GC(497) Pause Young (Mixed) (G1 Evacuation Pause) 3669M->1323M(4096M) 130.023ms
[2658.973s][info][gc,cpu         ] GC(497) User=0.78s Sys=0.00s Real=0.13s
.....[2663.237s][info][gc,start       ] GC(498) Pause Young (Concurrent Start) (G1 Evacuation Pause)
[2663.237s][info][gc,task        ] GC(498) Using 6 workers of 6 for evacuation
[2663.354s][info][gc,phases      ] GC(498)   Pre Evacuate Collection Set: 0.39ms
[2663.354s][info][gc,phases      ] GC(498)   Merge Heap Roots: 0.55ms
[2663.354s][info][gc,phases      ] GC(498)   Evacuate Collection Set: 115.51ms
[2663.354s][info][gc,phases      ] GC(498)   Post Evacuate Collection Set: 0.91ms
[2663.354s][info][gc,phases      ] GC(498)   Other: 0.09ms
[2663.354s][info][gc,heap        ] GC(498) Eden regions: 1119->0(1118)
[2663.354s][info][gc,heap        ] GC(498) Survivor regions: 109->110(154)
[2663.354s][info][gc,heap        ] GC(498) Old regions: 474->505
[2663.354s][info][gc,heap        ] GC(498) Humongous regions: 80->80
[2663.354s][info][gc,metaspace   ] GC(498) Metaspace: 28953K(29312K)->28953K(29312K) NonClass: 24069K(24256K)->24069K(24256K) Class: 4883K(5056K)->4883K(5056K)
[2663.354s][info][gc             ] GC(498) Pause Young (Concurrent Start) (G1 Evacuation Pause) 3561M->1387M(4096M) 117.578ms
[2663.354s][info][gc             ] GC(499) Concurrent Mark Cycle
[2663.354s][info][gc,marking     ] GC(499) Concurrent Scan Root Regions
[2663.354s][info][gc,cpu         ] GC(498) User=0.70s Sys=0.00s Real=0.12s
[2663.533s][info][gc,marking     ] GC(499) Concurrent Scan Root Regions 178.611ms
[2663.533s][info][gc,marking     ] GC(499) Concurrent Mark
[2663.533s][info][gc,marking     ] GC(499) Concurrent Mark From Roots
[2663.533s][info][gc,task        ] GC(499) Using 2 workers of 2 for marking
.[2664.471s][info][gc,marking     ] GC(499) Concurrent Mark From Roots 938.044ms
[2664.471s][info][gc,marking     ] GC(499) Concurrent Preclean
[2664.471s][info][gc,marking     ] GC(499) Concurrent Preclean 0.060ms
[2664.471s][info][gc,start       ] GC(499) Pause Remark
[2664.476s][info][gc             ] GC(499) Pause Remark 2001M->2001M(4096M) 4.936ms
[2664.476s][info][gc,cpu         ] GC(499) User=0.03s Sys=0.00s Real=0.00s
[2664.476s][info][gc,marking     ] GC(499) Concurrent Mark 943.271ms
[2664.476s][info][gc,marking     ] GC(499) Concurrent Rebuild Remembered Sets and Scrub Regions
[2664.754s][info][gc,marking     ] GC(499) Concurrent Rebuild Remembered Sets and Scrub Regions 277.338ms
[2664.754s][info][gc,start       ] GC(499) Pause Cleanup
[2664.754s][info][gc             ] GC(499) Pause Cleanup 2131M->2131M(4096M) 0.119ms
[2664.754s][info][gc,cpu         ] GC(499) User=0.00s Sys=0.00s Real=0.00s
[2664.754s][info][gc,marking     ] GC(499) Concurrent Clear Claimed Marks
[2664.754s][info][gc,marking     ] GC(499) Concurrent Clear Claimed Marks 0.031ms
[2664.754s][info][gc,marking     ] GC(499) Concurrent Cleanup for Next Mark
[2664.757s][info][gc,marking     ] GC(499) Concurrent Cleanup for Next Mark 3.181ms
[2664.757s][info][gc             ] GC(499) Concurrent Mark Cycle 1402.916ms
...[2667.631s][info][gc,start       ] GC(500) Pause Young (Prepare Mixed) (G1 Evacuation Pause)
[2667.631s][info][gc,task        ] GC(500) Using 6 workers of 6 for evacuation
[2667.748s][info][gc,phases      ] GC(500)   Pre Evacuate Collection Set: 0.37ms
[2667.748s][info][gc,phases      ] GC(500)   Merge Heap Roots: 0.65ms
[2667.748s][info][gc,phases      ] GC(500)   Evacuate Collection Set: 114.11ms
[2667.748s][info][gc,phases      ] GC(500)   Post Evacuate Collection Set: 0.92ms
[2667.748s][info][gc,phases      ] GC(500)   Other: 0.09ms
[2667.748s][info][gc,heap        ] GC(500) Eden regions: 1118->0(1113)
[2667.748s][info][gc,heap        ] GC(500) Survivor regions: 110->108(154)
[2667.748s][info][gc,heap        ] GC(500) Old regions: 505->536
[2667.748s][info][gc,heap        ] GC(500) Humongous regions: 80->80
[2667.748s][info][gc,metaspace   ] GC(500) Metaspace: 28953K(29312K)->28953K(29312K) NonClass: 24069K(24256K)->24069K(24256K) Class: 4883K(5056K)->4883K(5056K)
[2667.748s][info][gc             ] GC(500) Pause Young (Prepare Mixed) (G1 Evacuation Pause) 3623M->1446M(4096M) 116.298ms
[2667.748s][info][gc,cpu         ] GC(500) User=0.68s Sys=0.01s Real=0.11s
.....[2672.050s][info][gc,start       ] GC(501) Pause Young (Mixed) (G1 Evacuation Pause)
[2672.050s][info][gc,task        ] GC(501) Using 6 workers of 6 for evacuation
[2672.182s][info][gc,phases      ] GC(501)   Pre Evacuate Collection Set: 0.39ms
[2672.182s][info][gc,phases      ] GC(501)   Merge Heap Roots: 0.72ms
[2672.182s][info][gc,phases      ] GC(501)   Evacuate Collection Set: 130.25ms
[2672.182s][info][gc,phases      ] GC(501)   Post Evacuate Collection Set: 0.97ms
[2672.182s][info][gc,phases      ] GC(501)   Other: 0.09ms
[2672.182s][info][gc,heap        ] GC(501) Eden regions: 1113->0(1119)
[2672.182s][info][gc,heap        ] GC(501) Survivor regions: 108->109(153)
[2672.182s][info][gc,heap        ] GC(501) Old regions: 536->472
[2672.182s][info][gc,heap        ] GC(501) Humongous regions: 80->80
[2672.182s][info][gc,metaspace   ] GC(501) Metaspace: 28953K(29312K)->28953K(29312K) NonClass: 24069K(24256K)->24069K(24256K) Class: 4883K(5056K)->4883K(5056K)
[2672.182s][info][gc             ] GC(501) Pause Young (Mixed) (G1 Evacuation Pause) 3672M->1319M(4096M) 132.558ms
[2672.182s][info][gc,cpu         ] GC(501) User=0.78s Sys=0.00s Real=0.13s
....[2676.426s][info][gc,start       ] GC(502) Pause Young (Concurrent Start) (G1 Evacuation Pause)
[2676.426s][info][gc,task        ] GC(502) Using 6 workers of 6 for evacuation
[2676.544s][info][gc,phases      ] GC(502)   Pre Evacuate Collection Set: 0.44ms
[2676.544s][info][gc,phases      ] GC(502)   Merge Heap Roots: 0.59ms
[2676.544s][info][gc,phases      ] GC(502)   Evacuate Collection Set: 115.96ms
[2676.544s][info][gc,phases      ] GC(502)   Post Evacuate Collection Set: 1.17ms
[2676.544s][info][gc,phases      ] GC(502)   Other: 0.13ms
[2676.544s][info][gc,heap        ] GC(502) Eden regions: 1119->0(1118)
[2676.544s][info][gc,heap        ] GC(502) Survivor regions: 109->110(154)
[2676.544s][info][gc,heap        ] GC(502) Old regions: 472->503
[2676.544s][info][gc,heap        ] GC(502) Humongous regions: 80->80
[2676.544s][info][gc,metaspace   ] GC(502) Metaspace: 28953K(29312K)->28953K(29312K) NonClass: 24069K(24256K)->24069K(24256K) Class: 4883K(5056K)->4883K(5056K)
[2676.545s][info][gc             ] GC(502) Pause Young (Concurrent Start) (G1 Evacuation Pause) 3557M->1384M(4096M) 118.452ms
[2676.545s][info][gc             ] GC(503) Concurrent Mark Cycle
[2676.545s][info][gc,marking     ] GC(503) Concurrent Scan Root Regions
[2676.545s][info][gc,cpu         ] GC(502) User=0.71s Sys=0.00s Real=0.12s
[2676.716s][info][gc,marking     ] GC(503) Concurrent Scan Root Regions 171.204ms
[2676.716s][info][gc,marking     ] GC(503) Concurrent Mark
[2676.716s][info][gc,marking     ] GC(503) Concurrent Mark From Roots
[2676.716s][info][gc,task        ] GC(503) Using 2 workers of 2 for marking
.[2677.673s][info][gc,marking     ] GC(503) Concurrent Mark From Roots 956.628ms
[2677.673s][info][gc,marking     ] GC(503) Concurrent Preclean
[2677.673s][info][gc,marking     ] GC(503) Concurrent Preclean 0.073ms
[2677.673s][info][gc,start       ] GC(503) Pause Remark
[2677.678s][info][gc             ] GC(503) Pause Remark 2018M->2018M(4096M) 5.203ms
[2677.678s][info][gc,cpu         ] GC(503) User=0.03s Sys=0.00s Real=0.00s
[2677.678s][info][gc,marking     ] GC(503) Concurrent Mark 962.172ms
[2677.678s][info][gc,marking     ] GC(503) Concurrent Rebuild Remembered Sets and Scrub Regions
[2677.928s][info][gc,marking     ] GC(503) Concurrent Rebuild Remembered Sets and Scrub Regions 250.410ms
[2677.929s][info][gc,start       ] GC(503) Pause Cleanup
[2677.929s][info][gc             ] GC(503) Pause Cleanup 2125M->2125M(4096M) 0.122ms
[2677.929s][info][gc,cpu         ] GC(503) User=0.00s Sys=0.00s Real=0.00s
[2677.929s][info][gc,marking     ] GC(503) Concurrent Clear Claimed Marks
[2677.929s][info][gc,marking     ] GC(503) Concurrent Clear Claimed Marks 0.027ms
[2677.929s][info][gc,marking     ] GC(503) Concurrent Cleanup for Next Mark
[2677.932s][info][gc,marking     ] GC(503) Concurrent Cleanup for Next Mark 3.178ms
[2677.932s][info][gc             ] GC(503) Concurrent Mark Cycle 1387.427ms
...[2680.833s][info][gc,start       ] GC(504) Pause Young (Prepare Mixed) (G1 Evacuation Pause)
[2680.833s][info][gc,task        ] GC(504) Using 6 workers of 6 for evacuation
[2680.949s][info][gc,phases      ] GC(504)   Pre Evacuate Collection Set: 0.35ms
[2680.949s][info][gc,phases      ] GC(504)   Merge Heap Roots: 0.60ms
[2680.949s][info][gc,phases      ] GC(504)   Evacuate Collection Set: 114.03ms
[2680.949s][info][gc,phases      ] GC(504)   Post Evacuate Collection Set: 0.95ms
[2680.949s][info][gc,phases      ] GC(504)   Other: 0.09ms
[2680.949s][info][gc,heap        ] GC(504) Eden regions: 1118->0(1114)
[2680.949s][info][gc,heap        ] GC(504) Survivor regions: 110->108(154)
[2680.949s][info][gc,heap        ] GC(504) Old regions: 503->535
[2680.949s][info][gc,heap        ] GC(504) Humongous regions: 80->80
[2680.949s][info][gc,metaspace   ] GC(504) Metaspace: 28953K(29312K)->28953K(29312K) NonClass: 24069K(24256K)->24069K(24256K) Class: 4883K(5056K)->4883K(5056K)
[2680.949s][info][gc             ] GC(504) Pause Young (Prepare Mixed) (G1 Evacuation Pause) 3620M->1444M(4096M) 116.145ms
[2680.949s][info][gc,cpu         ] GC(504) User=0.69s Sys=0.00s Real=0.12s
... (rIR:aIR:PR = 4289:4289:4289) (tPR = 63715) [OK] 
  2682s: Performance info:
         Transaction,    Success,    Partial,     Failed,   Receipts, AvgBarcode, 
             Overall,     258335,          0,          0,     245410,      59.47, 
         Response times:
             Request,    Success,    Partial,     Failed,   SkipFail,     Probes,    Samples,      min,      p50,      p90,      p95,      p99,      max, 
       TotalPurchase,     245417,          0,          0,          0,     241306,     262235,      300,     3600,     6600,     9800,    47000,   208000,
     InStorePurchase,     129177,          0,          0,          0,     127335,     138109,      300,     3600,     6600,     9900,    47000,   208000,
      OnlinePurchase,      90406,          0,          0,          0,      88830,      96440,      300,     3600,     6500,     9600,    47000,   158000,
        InstPurchase,      25834,          0,          0,          0,      25141,      27686,      400,     3400,     6200,     9665,    47000,   198000,
          AssocOfCat,        257,          0,          0,          0,        204,        292,    19000,    33000,    49700,    59350,   159540,   185000,
      AssocOfProduct,       2586,          0,          0,          0,       2372,       2769,      700,     3900,     6400,    13050,    44600,   136000,
      BusinessReport,        649,          0,          0,          0,        547,        692,    21000,    36000,    53000,    66350,   134070,   187000,
          CustBuyBeh,       2583,          0,          0,          0,       2342,       2693,      300,     3800,     6700,    10730,    53180,   136000,
       ProductReturn,       6850,          0,          0,          0,       6524,       7279,      200,     3100,     6600,    10900,    46000,   154000,

  2682s: (32%)   IR =   4428 ..[2685.214s][info][gc,start       ] GC(505) Pause Young (Mixed) (G1 Evacuation Pause)
[2685.214s][info][gc,task        ] GC(505) Using 6 workers of 6 for evacuation
[2685.347s][info][gc,phases      ] GC(505)   Pre Evacuate Collection Set: 0.37ms
[2685.347s][info][gc,phases      ] GC(505)   Merge Heap Roots: 0.71ms
[2685.347s][info][gc,phases      ] GC(505)   Evacuate Collection Set: 130.24ms
[2685.347s][info][gc,phases      ] GC(505)   Post Evacuate Collection Set: 1.02ms
[2685.347s][info][gc,phases      ] GC(505)   Other: 0.09ms
[2685.347s][info][gc,heap        ] GC(505) Eden regions: 1114->0(1119)
[2685.347s][info][gc,heap        ] GC(505) Survivor regions: 108->109(153)
[2685.347s][info][gc,heap        ] GC(505) Old regions: 535->472
[2685.347s][info][gc,heap        ] GC(505) Humongous regions: 80->80
[2685.347s][info][gc,metaspace   ] GC(505) Metaspace: 28955K(29312K)->28955K(29312K) NonClass: 24072K(24256K)->24072K(24256K) Class: 4883K(5056K)->4883K(5056K)
[2685.347s][info][gc             ] GC(505) Pause Young (Mixed) (G1 Evacuation Pause) 3672M->1321M(4096M) 132.577ms
[2685.347s][info][gc,cpu         ] GC(505) User=0.79s Sys=0.00s Real=0.13s
....[2689.487s][info][gc,start       ] GC(506) Pause Young (Concurrent Start) (G1 Evacuation Pause)
[2689.487s][info][gc,task        ] GC(506) Using 6 workers of 6 for evacuation
[2689.606s][info][gc,phases      ] GC(506)   Pre Evacuate Collection Set: 0.41ms
[2689.606s][info][gc,phases      ] GC(506)   Merge Heap Roots: 0.60ms
[2689.606s][info][gc,phases      ] GC(506)   Evacuate Collection Set: 116.89ms
[2689.606s][info][gc,phases      ] GC(506)   Post Evacuate Collection Set: 0.96ms
[2689.606s][info][gc,phases      ] GC(506)   Other: 0.11ms
[2689.606s][info][gc,heap        ] GC(506) Eden regions: 1119->0(1118)
[2689.606s][info][gc,heap        ] GC(506) Survivor regions: 109->110(154)
[2689.606s][info][gc,heap        ] GC(506) Old regions: 472->504
[2689.606s][info][gc,heap        ] GC(506) Humongous regions: 80->80
[2689.606s][info][gc,metaspace   ] GC(506) Metaspace: 28955K(29312K)->28955K(29312K) NonClass: 24072K(24256K)->24072K(24256K) Class: 4883K(5056K)->4883K(5056K)
[2689.606s][info][gc             ] GC(506) Pause Young (Concurrent Start) (G1 Evacuation Pause) 3559M->1386M(4096M) 119.100ms
[2689.606s][info][gc             ] GC(507) Concurrent Mark Cycle
[2689.606s][info][gc,marking     ] GC(507) Concurrent Scan Root Regions
[2689.606s][info][gc,cpu         ] GC(506) User=0.71s Sys=0.00s Real=0.12s
[2689.756s][info][gc,marking     ] GC(507) Concurrent Scan Root Regions 149.884ms
[2689.756s][info][gc,marking     ] GC(507) Concurrent Mark
[2689.756s][info][gc,marking     ] GC(507) Concurrent Mark From Roots
[2689.756s][info][gc,task        ] GC(507) Using 2 workers of 2 for marking
.|[2690.398s][info][gc,marking     ] GC(507) Concurrent Mark From Roots 642.083ms
[2690.398s][info][gc,marking     ] GC(507) Concurrent Preclean
[2690.398s][info][gc,marking     ] GC(507) Concurrent Preclean 0.067ms
[2690.398s][info][gc,start       ] GC(507) Pause Remark
[2690.403s][info][gc             ] GC(507) Pause Remark 1892M->1892M(4096M) 4.634ms
[2690.403s][info][gc,cpu         ] GC(507) User=0.03s Sys=0.00s Real=0.01s
[2690.403s][info][gc,marking     ] GC(507) Concurrent Mark 647.023ms
[2690.403s][info][gc,marking     ] GC(507) Concurrent Rebuild Remembered Sets and Scrub Regions
[2690.644s][info][gc,marking     ] GC(507) Concurrent Rebuild Remembered Sets and Scrub Regions 241.087ms
[2690.644s][info][gc,start       ] GC(507) Pause Cleanup
[2690.644s][info][gc             ] GC(507) Pause Cleanup 2018M->2018M(4096M) 0.133ms
[2690.644s][info][gc,cpu         ] GC(507) User=0.00s Sys=0.00s Real=0.00s
[2690.644s][info][gc,marking     ] GC(507) Concurrent Clear Claimed Marks
[2690.644s][info][gc,marking     ] GC(507) Concurrent Clear Claimed Marks 0.030ms
[2690.644s][info][gc,marking     ] GC(507) Concurrent Cleanup for Next Mark
[2690.648s][info][gc,marking     ] GC(507) Concurrent Cleanup for Next Mark 3.848ms
[2690.648s][info][gc             ] GC(507) Concurrent Mark Cycle 1042.361ms
...[2693.746s][info][gc,start       ] GC(508) Pause Young (Prepare Mixed) (G1 Evacuation Pause)
[2693.746s][info][gc,task        ] GC(508) Using 6 workers of 6 for evacuation
[2693.866s][info][gc,phases      ] GC(508)   Pre Evacuate Collection Set: 0.34ms
[2693.866s][info][gc,phases      ] GC(508)   Merge Heap Roots: 0.65ms
[2693.866s][info][gc,phases      ] GC(508)   Evacuate Collection Set: 118.18ms
[2693.866s][info][gc,phases      ] GC(508)   Post Evacuate Collection Set: 0.95ms
[2693.866s][info][gc,phases      ] GC(508)   Other: 0.09ms
[2693.866s][info][gc,heap        ] GC(508) Eden regions: 1118->0(1106)
[2693.866s][info][gc,heap        ] GC(508) Survivor regions: 110->111(154)
[2693.866s][info][gc,heap        ] GC(508) Old regions: 504->537
[2693.866s][info][gc,heap        ] GC(508) Humongous regions: 80->80
[2693.866s][info][gc,metaspace   ] GC(508) Metaspace: 28955K(29312K)->28955K(29312K) NonClass: 24072K(24256K)->24072K(24256K) Class: 4883K(5056K)->4883K(5056K)
[2693.866s][info][gc             ] GC(508) Pause Young (Prepare Mixed) (G1 Evacuation Pause) 3622M->1454M(4096M) 120.353ms
[2693.866s][info][gc,cpu         ] GC(508) User=0.72s Sys=0.00s Real=0.12s
....[2697.967s][info][gc,start       ] GC(509) Pause Young (Mixed) (G1 Evacuation Pause)
[2697.967s][info][gc,task        ] GC(509) Using 6 workers of 6 for evacuation
[2698.100s][info][gc,phases      ] GC(509)   Pre Evacuate Collection Set: 0.39ms
[2698.100s][info][gc,phases      ] GC(509)   Merge Heap Roots: 0.84ms
[2698.100s][info][gc,phases      ] GC(509)   Evacuate Collection Set: 131.08ms
[2698.100s][info][gc,phases      ] GC(509)   Post Evacuate Collection Set: 0.98ms
[2698.100s][info][gc,phases      ] GC(509)   Other: 0.09ms
[2698.100s][info][gc,heap        ] GC(509) Eden regions: 1106->0(1119)
[2698.100s][info][gc,heap        ] GC(509) Survivor regions: 111->109(153)
[2698.100s][info][gc,heap        ] GC(509) Old regions: 537->474
[2698.100s][info][gc,heap        ] GC(509) Humongous regions: 80->80
[2698.100s][info][gc,metaspace   ] GC(509) Metaspace: 28955K(29312K)->28955K(29312K) NonClass: 24072K(24256K)->24072K(24256K) Class: 4883K(5056K)->4883K(5056K)
[2698.100s][info][gc             ] GC(509) Pause Young (Mixed) (G1 Evacuation Pause) 3666M->1323M(4096M) 133.520ms
[2698.100s][info][gc,cpu         ] GC(509) User=0.79s Sys=0.00s Real=0.14s
.....[2702.243s][info][gc,start       ] GC(510) Pause Young (Concurrent Start) (G1 Evacuation Pause)
[2702.243s][info][gc,task        ] GC(510) Using 6 workers of 6 for evacuation
[2702.365s][info][gc,phases      ] GC(510)   Pre Evacuate Collection Set: 0.40ms
[2702.365s][info][gc,phases      ] GC(510)   Merge Heap Roots: 0.57ms
[2702.365s][info][gc,phases      ] GC(510)   Evacuate Collection Set: 119.74ms
[2702.365s][info][gc,phases      ] GC(510)   Post Evacuate Collection Set: 0.89ms
[2702.365s][info][gc,phases      ] GC(510)   Other: 0.12ms
[2702.365s][info][gc,heap        ] GC(510) Eden regions: 1119->0(1114)
[2702.365s][info][gc,heap        ] GC(510) Survivor regions: 109->114(154)
[2702.365s][info][gc,heap        ] GC(510) Old regions: 474->506
[2702.365s][info][gc,heap        ] GC(510) Humongous regions: 80->80
[2702.365s][info][gc,metaspace   ] GC(510) Metaspace: 28955K(29312K)->28955K(29312K) NonClass: 24072K(24256K)->24072K(24256K) Class: 4883K(5056K)->4883K(5056K)
[2702.365s][info][gc             ] GC(510) Pause Young (Concurrent Start) (G1 Evacuation Pause) 3561M->1397M(4096M) 121.882ms
[2702.365s][info][gc             ] GC(511) Concurrent Mark Cycle
[2702.365s][info][gc,marking     ] GC(511) Concurrent Scan Root Regions
[2702.365s][info][gc,cpu         ] GC(510) User=0.72s Sys=0.00s Real=0.12s
[2702.509s][info][gc,marking     ] GC(511) Concurrent Scan Root Regions 144.189ms
[2702.509s][info][gc,marking     ] GC(511) Concurrent Mark
[2702.509s][info][gc,marking     ] GC(511) Concurrent Mark From Roots
[2702.509s][info][gc,task        ] GC(511) Using 2 workers of 2 for marking
.[2703.143s][info][gc,marking     ] GC(511) Concurrent Mark From Roots 633.956ms
[2703.143s][info][gc,marking     ] GC(511) Concurrent Preclean
[2703.143s][info][gc,marking     ] GC(511) Concurrent Preclean 0.123ms
[2703.144s][info][gc,start       ] GC(511) Pause Remark
[2703.149s][info][gc             ] GC(511) Pause Remark 1869M->1869M(4096M) 5.624ms
[2703.149s][info][gc,cpu         ] GC(511) User=0.03s Sys=0.00s Real=0.01s
[2703.149s][info][gc,marking     ] GC(511) Concurrent Mark 640.005ms
[2703.149s][info][gc,marking     ] GC(511) Concurrent Rebuild Remembered Sets and Scrub Regions
[2703.394s][info][gc,marking     ] GC(511) Concurrent Rebuild Remembered Sets and Scrub Regions 244.748ms
[2703.394s][info][gc,start       ] GC(511) Pause Cleanup
[2703.394s][info][gc             ] GC(511) Pause Cleanup 1997M->1997M(4096M) 0.120ms
[2703.394s][info][gc,cpu         ] GC(511) User=0.00s Sys=0.00s Real=0.00s
[2703.394s][info][gc,marking     ] GC(511) Concurrent Clear Claimed Marks
[2703.394s][info][gc,marking     ] GC(511) Concurrent Clear Claimed Marks 0.032ms
[2703.394s][info][gc,marking     ] GC(511) Concurrent Cleanup for Next Mark
[2703.399s][info][gc,marking     ] GC(511) Concurrent Cleanup for Next Mark 4.219ms
[2703.399s][info][gc             ] GC(511) Concurrent Mark Cycle 1033.707ms
...[2706.409s][info][gc,start       ] GC(512) Pause Young (Prepare Mixed) (G1 Evacuation Pause)
[2706.409s][info][gc,task        ] GC(512) Using 6 workers of 6 for evacuation
[2706.526s][info][gc,phases      ] GC(512)   Pre Evacuate Collection Set: 0.32ms
[2706.526s][info][gc,phases      ] GC(512)   Merge Heap Roots: 0.53ms
[2706.526s][info][gc,phases      ] GC(512)   Evacuate Collection Set: 115.31ms
[2706.526s][info][gc,phases      ] GC(512)   Post Evacuate Collection Set: 0.94ms
[2706.526s][info][gc,phases      ] GC(512)   Other: 0.08ms
[2706.526s][info][gc,heap        ] GC(512) Eden regions: 1114->0(1109)
[2706.526s][info][gc,heap        ] GC(512) Survivor regions: 114->109(154)
[2706.526s][info][gc,heap        ] GC(512) Old regions: 506->538
[2706.526s][info][gc,heap        ] GC(512) Humongous regions: 80->80
[2706.526s][info][gc,metaspace   ] GC(512) Metaspace: 28955K(29312K)->28955K(29312K) NonClass: 24074K(24256K)->24074K(24256K) Class: 4881K(5056K)->4881K(5056K)
[2706.526s][info][gc             ] GC(512) Pause Young (Prepare Mixed) (G1 Evacuation Pause) 3625M->1452M(4096M) 117.315ms
[2706.526s][info][gc,cpu         ] GC(512) User=0.70s Sys=0.00s Real=0.11s
....[2710.724s][info][gc,start       ] GC(513) Pause Young (Mixed) (G1 Evacuation Pause)
[2710.724s][info][gc,task        ] GC(513) Using 6 workers of 6 for evacuation
[2710.858s][info][gc,phases      ] GC(513)   Pre Evacuate Collection Set: 0.39ms
[2710.858s][info][gc,phases      ] GC(513)   Merge Heap Roots: 0.82ms
[2710.858s][info][gc,phases      ] GC(513)   Evacuate Collection Set: 130.96ms
[2710.858s][info][gc,phases      ] GC(513)   Post Evacuate Collection Set: 0.98ms
[2710.858s][info][gc,phases      ] GC(513)   Other: 0.09ms
[2710.858s][info][gc,heap        ] GC(513) Eden regions: 1109->0(1118)
[2710.858s][info][gc,heap        ] GC(513) Survivor regions: 109->110(153)
[2710.858s][info][gc,heap        ] GC(513) Old regions: 538->474
[2710.858s][info][gc,heap        ] GC(513) Humongous regions: 80->80
[2710.858s][info][gc,metaspace   ] GC(513) Metaspace: 28955K(29312K)->28955K(29312K) NonClass: 24074K(24256K)->24074K(24256K) Class: 4881K(5056K)->4881K(5056K)
[2710.858s][info][gc             ] GC(513) Pause Young (Mixed) (G1 Evacuation Pause) 3670M->1326M(4096M) 133.395ms
[2710.858s][info][gc,cpu         ] GC(513) User=0.79s Sys=0.00s Real=0.13s
....[2714.934s][info][gc,start       ] GC(514) Pause Young (Concurrent Start) (G1 Evacuation Pause)
[2714.934s][info][gc,task        ] GC(514) Using 6 workers of 6 for evacuation
[2715.051s][info][gc,phases      ] GC(514)   Pre Evacuate Collection Set: 0.37ms
[2715.051s][info][gc,phases      ] GC(514)   Merge Heap Roots: 0.51ms
[2715.051s][info][gc,phases      ] GC(514)   Evacuate Collection Set: 115.09ms
[2715.051s][info][gc,phases      ] GC(514)   Post Evacuate Collection Set: 0.91ms
[2715.051s][info][gc,phases      ] GC(514)   Other: 0.11ms
[2715.051s][info][gc,heap        ] GC(514) Eden regions: 1118->0(1119)
[2715.051s][info][gc,heap        ] GC(514) Survivor regions: 110->109(154)
[2715.051s][info][gc,heap        ] GC(514) Old regions: 474->506
[2715.051s][info][gc,heap        ] GC(514) Humongous regions: 80->80
[2715.051s][info][gc,metaspace   ] GC(514) Metaspace: 28955K(29312K)->28955K(29312K) NonClass: 24074K(24256K)->24074K(24256K) Class: 4881K(5056K)->4881K(5056K)
[2715.051s][info][gc             ] GC(514) Pause Young (Concurrent Start) (G1 Evacuation Pause) 3562M->1388M(4096M) 117.107ms
[2715.051s][info][gc             ] GC(515) Concurrent Mark Cycle
[2715.051s][info][gc,marking     ] GC(515) Concurrent Scan Root Regions
[2715.051s][info][gc,cpu         ] GC(514) User=0.70s Sys=0.00s Real=0.12s
.[2715.227s][info][gc,marking     ] GC(515) Concurrent Scan Root Regions 175.560ms
[2715.227s][info][gc,marking     ] GC(515) Concurrent Mark
[2715.227s][info][gc,marking     ] GC(515) Concurrent Mark From Roots
[2715.227s][info][gc,task        ] GC(515) Using 2 workers of 2 for marking
.[2716.163s][info][gc,marking     ] GC(515) Concurrent Mark From Roots 935.977ms
[2716.163s][info][gc,marking     ] GC(515) Concurrent Preclean
[2716.163s][info][gc,marking     ] GC(515) Concurrent Preclean 0.108ms
[2716.163s][info][gc,start       ] GC(515) Pause Remark
[2716.169s][info][gc             ] GC(515) Pause Remark 2022M->2022M(4096M) 6.195ms
[2716.169s][info][gc,cpu         ] GC(515) User=0.04s Sys=0.00s Real=0.01s
[2716.169s][info][gc,marking     ] GC(515) Concurrent Mark 942.538ms
[2716.169s][info][gc,marking     ] GC(515) Concurrent Rebuild Remembered Sets and Scrub Regions
[2716.424s][info][gc,marking     ] GC(515) Concurrent Rebuild Remembered Sets and Scrub Regions 254.559ms
[2716.424s][info][gc,start       ] GC(515) Pause Cleanup
[2716.424s][info][gc             ] GC(515) Pause Cleanup 2183M->2183M(4096M) 0.130ms
[2716.424s][info][gc,cpu         ] GC(515) User=0.00s Sys=0.00s Real=0.00s
[2716.424s][info][gc,marking     ] GC(515) Concurrent Clear Claimed Marks
[2716.424s][info][gc,marking     ] GC(515) Concurrent Clear Claimed Marks 0.026ms
[2716.424s][info][gc,marking     ] GC(515) Concurrent Cleanup for Next Mark
[2716.428s][info][gc,marking     ] GC(515) Concurrent Cleanup for Next Mark 3.410ms
[2716.428s][info][gc             ] GC(515) Concurrent Mark Cycle 1376.637ms
...[2719.205s][info][gc,start       ] GC(516) Pause Young (Prepare Mixed) (G1 Evacuation Pause)
[2719.205s][info][gc,task        ] GC(516) Using 6 workers of 6 for evacuation
[2719.322s][info][gc,phases      ] GC(516)   Pre Evacuate Collection Set: 0.35ms
[2719.322s][info][gc,phases      ] GC(516)   Merge Heap Roots: 0.62ms
[2719.322s][info][gc,phases      ] GC(516)   Evacuate Collection Set: 114.59ms
[2719.322s][info][gc,phases      ] GC(516)   Post Evacuate Collection Set: 0.97ms
[2719.322s][info][gc,phases      ] GC(516)   Other: 0.10ms
[2719.322s][info][gc,heap        ] GC(516) Eden regions: 1119->0(1109)
[2719.322s][info][gc,heap        ] GC(516) Survivor regions: 109->109(154)
[2719.322s][info][gc,heap        ] GC(516) Old regions: 506->538
[2719.322s][info][gc,heap        ] GC(516) Humongous regions: 80->80
[2719.322s][info][gc,metaspace   ] GC(516) Metaspace: 28954K(29312K)->28954K(29312K) NonClass: 24073K(24256K)->24073K(24256K) Class: 4880K(5056K)->4880K(5056K)
[2719.322s][info][gc             ] GC(516) Pause Young (Prepare Mixed) (G1 Evacuation Pause) 3626M->1452M(4096M) 116.772ms
[2719.322s][info][gc,cpu         ] GC(516) User=0.70s Sys=0.00s Real=0.12s
....[2723.461s][info][gc,start       ] GC(517) Pause Young (Mixed) (G1 Evacuation Pause)
[2723.461s][info][gc,task        ] GC(517) Using 6 workers of 6 for evacuation
[2723.596s][info][gc,phases      ] GC(517)   Pre Evacuate Collection Set: 0.36ms
[2723.596s][info][gc,phases      ] GC(517)   Merge Heap Roots: 0.77ms
[2723.596s][info][gc,phases      ] GC(517)   Evacuate Collection Set: 132.08ms
[2723.596s][info][gc,phases      ] GC(517)   Post Evacuate Collection Set: 0.96ms
[2723.596s][info][gc,phases      ] GC(517)   Other: 0.09ms
[2723.596s][info][gc,heap        ] GC(517) Eden regions: 1109->0(1118)
[2723.596s][info][gc,heap        ] GC(517) Survivor regions: 109->110(153)
[2723.596s][info][gc,heap        ] GC(517) Old regions: 538->472
[2723.596s][info][gc,heap        ] GC(517) Humongous regions: 80->80
[2723.596s][info][gc,metaspace   ] GC(517) Metaspace: 28954K(29312K)->28954K(29312K) NonClass: 24073K(24256K)->24073K(24256K) Class: 4880K(5056K)->4880K(5056K)
[2723.596s][info][gc             ] GC(517) Pause Young (Mixed) (G1 Evacuation Pause) 3670M->1322M(4096M) 134.377ms
[2723.596s][info][gc,cpu         ] GC(517) User=0.80s Sys=0.00s Real=0.13s
....[2727.714s][info][gc,start       ] GC(518) Pause Young (Concurrent Start) (G1 Evacuation Pause)
[2727.714s][info][gc,task        ] GC(518) Using 6 workers of 6 for evacuation
[2727.833s][info][gc,phases      ] GC(518)   Pre Evacuate Collection Set: 0.37ms
[2727.833s][info][gc,phases      ] GC(518)   Merge Heap Roots: 0.58ms
[2727.833s][info][gc,phases      ] GC(518)   Evacuate Collection Set: 117.09ms
[2727.833s][info][gc,phases      ] GC(518)   Post Evacuate Collection Set: 0.88ms
[2727.833s][info][gc,phases      ] GC(518)   Other: 0.10ms
[2727.833s][info][gc,heap        ] GC(518) Eden regions: 1118->0(1118)
[2727.833s][info][gc,heap        ] GC(518) Survivor regions: 110->110(154)
[2727.833s][info][gc,heap        ] GC(518) Old regions: 472->503
[2727.833s][info][gc,heap        ] GC(518) Humongous regions: 80->80
[2727.833s][info][gc,metaspace   ] GC(518) Metaspace: 28954K(29312K)->28954K(29312K) NonClass: 24073K(24256K)->24073K(24256K) Class: 4880K(5056K)->4880K(5056K)
[2727.833s][info][gc             ] GC(518) Pause Young (Concurrent Start) (G1 Evacuation Pause) 3558M->1384M(4096M) 119.160ms
[2727.833s][info][gc             ] GC(519) Concurrent Mark Cycle
[2727.833s][info][gc,marking     ] GC(519) Concurrent Scan Root Regions
[2727.833s][info][gc,cpu         ] GC(518) User=0.71s Sys=0.00s Real=0.12s
[2727.972s][info][gc,marking     ] GC(519) Concurrent Scan Root Regions 139.071ms
[2727.972s][info][gc,marking     ] GC(519) Concurrent Mark
[2727.972s][info][gc,marking     ] GC(519) Concurrent Mark From Roots
[2727.972s][info][gc,task        ] GC(519) Using 2 workers of 2 for marking
.[2728.582s][info][gc,marking     ] GC(519) Concurrent Mark From Roots 609.661ms
[2728.582s][info][gc,marking     ] GC(519) Concurrent Preclean
[2728.582s][info][gc,marking     ] GC(519) Concurrent Preclean 0.076ms
[2728.582s][info][gc,start       ] GC(519) Pause Remark
[2728.587s][info][gc             ] GC(519) Pause Remark 1822M->1822M(4096M) 4.179ms
[2728.587s][info][gc,cpu         ] GC(519) User=0.02s Sys=0.00s Real=0.00s
[2728.587s][info][gc,marking     ] GC(519) Concurrent Mark 614.185ms
[2728.587s][info][gc,marking     ] GC(519) Concurrent Rebuild Remembered Sets and Scrub Regions
[2728.850s][info][gc,marking     ] GC(519) Concurrent Rebuild Remembered Sets and Scrub Regions 263.807ms
[2728.851s][info][gc,start       ] GC(519) Pause Cleanup
[2728.851s][info][gc             ] GC(519) Pause Cleanup 1979M->1979M(4096M) 0.127ms
[2728.851s][info][gc,cpu         ] GC(519) User=0.00s Sys=0.00s Real=0.00s
[2728.851s][info][gc,marking     ] GC(519) Concurrent Clear Claimed Marks
[2728.851s][info][gc,marking     ] GC(519) Concurrent Clear Claimed Marks 0.026ms
[2728.851s][info][gc,marking     ] GC(519) Concurrent Cleanup for Next Mark
[2728.855s][info][gc,marking     ] GC(519) Concurrent Cleanup for Next Mark 4.229ms
[2728.855s][info][gc             ] GC(519) Concurrent Mark Cycle 1021.803ms
...[2731.924s][info][gc,start       ] GC(520) Pause Young (Prepare Mixed) (G1 Evacuation Pause)
[2731.924s][info][gc,task        ] GC(520) Using 6 workers of 6 for evacuation
[2732.050s][info][gc,phases      ] GC(520)   Pre Evacuate Collection Set: 0.36ms
[2732.050s][info][gc,phases      ] GC(520)   Merge Heap Roots: 0.69ms
[2732.050s][info][gc,phases      ] GC(520)   Evacuate Collection Set: 123.38ms
[2732.050s][info][gc,phases      ] GC(520)   Post Evacuate Collection Set: 0.95ms
[2732.050s][info][gc,phases      ] GC(520)   Other: 0.09ms
[2732.050s][info][gc,heap        ] GC(520) Eden regions: 1118->0(1103)
[2732.050s][info][gc,heap        ] GC(520) Survivor regions: 110->113(154)
[2732.050s][info][gc,heap        ] GC(520) Old regions: 503->536
[2732.050s][info][gc,heap        ] GC(520) Humongous regions: 80->80
[2732.050s][info][gc,metaspace   ] GC(520) Metaspace: 28954K(29312K)->28954K(29312K) NonClass: 24073K(24256K)->24073K(24256K) Class: 4880K(5056K)->4880K(5056K)
[2732.050s][info][gc             ] GC(520) Pause Young (Prepare Mixed) (G1 Evacuation Pause) 3620M->1455M(4096M) 125.593ms
[2732.050s][info][gc,cpu         ] GC(520) User=0.75s Sys=0.00s Real=0.13s
....[2736.179s][info][gc,start       ] GC(521) Pause Young (Mixed) (G1 Evacuation Pause)
[2736.179s][info][gc,task        ] GC(521) Using 6 workers of 6 for evacuation
[2736.316s][info][gc,phases      ] GC(521)   Pre Evacuate Collection Set: 0.39ms
[2736.316s][info][gc,phases      ] GC(521)   Merge Heap Roots: 0.84ms
[2736.316s][info][gc,phases      ] GC(521)   Evacuate Collection Set: 135.11ms
[2736.316s][info][gc,phases      ] GC(521)   Post Evacuate Collection Set: 0.98ms
[2736.316s][info][gc,phases      ] GC(521)   Other: 0.09ms
[2736.316s][info][gc,heap        ] GC(521) Eden regions: 1103->0(1116)
[2736.316s][info][gc,heap        ] GC(521) Survivor regions: 113->112(152)
[2736.316s][info][gc,heap        ] GC(521) Old regions: 536->473
[2736.316s][info][gc,heap        ] GC(521) Humongous regions: 80->80
[2736.316s][info][gc,metaspace   ] GC(521) Metaspace: 28954K(29312K)->28954K(29312K) NonClass: 24073K(24256K)->24073K(24256K) Class: 4880K(5056K)->4880K(5056K)
[2736.316s][info][gc             ] GC(521) Pause Young (Mixed) (G1 Evacuation Pause) 3661M->1329M(4096M) 137.537ms
[2736.316s][info][gc,cpu         ] GC(521) User=0.82s Sys=0.00s Real=0.13s
.....[2740.458s][info][gc,start       ] GC(522) Pause Young (Concurrent Start) (G1 Evacuation Pause)
[2740.458s][info][gc,task        ] GC(522) Using 6 workers of 6 for evacuation
[2740.577s][info][gc,phases      ] GC(522)   Pre Evacuate Collection Set: 0.42ms
[2740.577s][info][gc,phases      ] GC(522)   Merge Heap Roots: 0.59ms
[2740.577s][info][gc,phases      ] GC(522)   Evacuate Collection Set: 117.08ms
[2740.577s][info][gc,phases      ] GC(522)   Post Evacuate Collection Set: 0.91ms
[2740.577s][info][gc,phases      ] GC(522)   Other: 0.13ms
[2740.577s][info][gc,heap        ] GC(522) Eden regions: 1116->0(1118)
[2740.577s][info][gc,heap        ] GC(522) Survivor regions: 112->110(154)
[2740.577s][info][gc,heap        ] GC(522) Old regions: 473->505
[2740.577s][info][gc,heap        ] GC(522) Humongous regions: 80->80
[2740.577s][info][gc,metaspace   ] GC(522) Metaspace: 28954K(29312K)->28954K(29312K) NonClass: 24073K(24256K)->24073K(24256K) Class: 4880K(5056K)->4880K(5056K)
[2740.577s][info][gc             ] GC(522) Pause Young (Concurrent Start) (G1 Evacuation Pause) 3561M->1388M(4096M) 119.267ms
[2740.577s][info][gc             ] GC(523) Concurrent Mark Cycle
[2740.577s][info][gc,marking     ] GC(523) Concurrent Scan Root Regions
[2740.577s][info][gc,cpu         ] GC(522) User=0.71s Sys=0.00s Real=0.12s
[2740.752s][info][gc,marking     ] GC(523) Concurrent Scan Root Regions 174.791ms
[2740.752s][info][gc,marking     ] GC(523) Concurrent Mark
[2740.752s][info][gc,marking     ] GC(523) Concurrent Mark From Roots
[2740.752s][info][gc,task        ] GC(523) Using 2 workers of 2 for marking
.[2741.388s][info][gc,marking     ] GC(523) Concurrent Mark From Roots 636.162ms
[2741.388s][info][gc,marking     ] GC(523) Concurrent Preclean
[2741.389s][info][gc,marking     ] GC(523) Concurrent Preclean 0.081ms
[2741.396s][info][gc,start       ] GC(523) Pause Remark
[2741.400s][info][gc             ] GC(523) Pause Remark 1904M->1904M(4096M) 4.224ms
[2741.400s][info][gc,cpu         ] GC(523) User=0.02s Sys=0.00s Real=0.01s
[2741.400s][info][gc,marking     ] GC(523) Concurrent Mark 647.598ms
[2741.400s][info][gc,marking     ] GC(523) Concurrent Rebuild Remembered Sets and Scrub Regions
[2741.664s][info][gc,marking     ] GC(523) Concurrent Rebuild Remembered Sets and Scrub Regions 264.407ms
[2741.664s][info][gc,start       ] GC(523) Pause Cleanup
[2741.665s][info][gc             ] GC(523) Pause Cleanup 2049M->2049M(4096M) 0.127ms
[2741.665s][info][gc,cpu         ] GC(523) User=0.00s Sys=0.00s Real=0.00s
[2741.665s][info][gc,marking     ] GC(523) Concurrent Clear Claimed Marks
[2741.665s][info][gc,marking     ] GC(523) Concurrent Clear Claimed Marks 0.028ms
[2741.665s][info][gc,marking     ] GC(523) Concurrent Cleanup for Next Mark
[2741.668s][info][gc,marking     ] GC(523) Concurrent Cleanup for Next Mark 3.159ms
[2741.668s][info][gc             ] GC(523) Concurrent Mark Cycle 1090.395ms
...[2744.701s][info][gc,start       ] GC(524) Pause Young (Prepare Mixed) (G1 Evacuation Pause)
[2744.701s][info][gc,task        ] GC(524) Using 6 workers of 6 for evacuation
[2744.822s][info][gc,phases      ] GC(524)   Pre Evacuate Collection Set: 0.32ms
[2744.822s][info][gc,phases      ] GC(524)   Merge Heap Roots: 0.62ms
[2744.822s][info][gc,phases      ] GC(524)   Evacuate Collection Set: 118.18ms
[2744.822s][info][gc,phases      ] GC(524)   Post Evacuate Collection Set: 0.96ms
[2744.822s][info][gc,phases      ] GC(524)   Other: 0.09ms
[2744.822s][info][gc,heap        ] GC(524) Eden regions: 1118->0(1106)
[2744.822s][info][gc,heap        ] GC(524) Survivor regions: 110->111(154)
[2744.822s][info][gc,heap        ] GC(524) Old regions: 505->537
[2744.822s][info][gc,heap        ] GC(524) Humongous regions: 80->80
[2744.822s][info][gc,metaspace   ] GC(524) Metaspace: 28954K(29312K)->28954K(29312K) NonClass: 24073K(24256K)->24073K(24256K) Class: 4880K(5056K)->4880K(5056K)
[2744.822s][info][gc             ] GC(524) Pause Young (Prepare Mixed) (G1 Evacuation Pause) 3624M->1453M(4096M) 120.303ms
[2744.822s][info][gc,cpu         ] GC(524) User=0.71s Sys=0.00s Real=0.12s
....[2748.923s][info][gc,start       ] GC(525) Pause Young (Mixed) (G1 Evacuation Pause)
[2748.923s][info][gc,task        ] GC(525) Using 6 workers of 6 for evacuation
[2749.055s][info][gc,phases      ] GC(525)   Pre Evacuate Collection Set: 0.36ms
[2749.055s][info][gc,phases      ] GC(525)   Merge Heap Roots: 0.71ms
[2749.055s][info][gc,phases      ] GC(525)   Evacuate Collection Set: 130.62ms
[2749.055s][info][gc,phases      ] GC(525)   Post Evacuate Collection Set: 0.99ms
[2749.055s][info][gc,phases      ] GC(525)   Other: 0.09ms
[2749.055s][info][gc,heap        ] GC(525) Eden regions: 1106->0(1120)
[2749.055s][info][gc,heap        ] GC(525) Survivor regions: 111->108(153)
[2749.055s][info][gc,heap        ] GC(525) Old regions: 537->474
[2749.055s][info][gc,heap        ] GC(525) Humongous regions: 80->80
[2749.056s][info][gc,metaspace   ] GC(525) Metaspace: 28954K(29312K)->28954K(29312K) NonClass: 24073K(24256K)->24073K(24256K) Class: 4880K(5056K)->4880K(5056K)
[2749.056s][info][gc             ] GC(525) Pause Young (Mixed) (G1 Evacuation Pause) 3665M->1322M(4096M) 132.905ms
[2749.056s][info][gc,cpu         ] GC(525) User=0.79s Sys=0.00s Real=0.13s
.. (rIR:aIR:PR = 4428:4430:4430) (tPR = 66010) [OK] 
  2750s: Performance info:
         Transaction,    Success,    Partial,     Failed,   Receipts, AvgBarcode, 
             Overall,     267083,          0,          0,     253748,      59.48, 
         Response times:
             Request,    Success,    Partial,     Failed,   SkipFail,     Probes,    Samples,      min,      p50,      p90,      p95,      p99,      max, 
       TotalPurchase,     253750,          0,          0,          0,     248745,     279256,      300,     3700,     7000,    13900,    59000,   182000,
     InStorePurchase,     133550,          0,          0,          0,     131326,     147319,      300,     3600,     6900,    13800,    58000,   172000,
      OnlinePurchase,      93514,          0,          0,          0,      91503,     102449,      300,     3700,     7100,    13700,    60000,   172000,
        InstPurchase,      26686,          0,          0,          0,      25916,      29488,      400,     3900,     7200,    16055,    63000,   182000,
          AssocOfCat,        268,          0,          0,          0,        211,        291,    19400,    33000,    50000,    62400,   175240,   187000,
      AssocOfProduct,       2673,          0,          0,          0,       2507,       3030,      500,     2500,     5400,     9535,    52380,   139000,
      BusinessReport,        664,          0,          0,          0,        560,        732,    21000,    36000,    55000,    81700,   174340,   200000,
          CustBuyBeh,       2665,          0,          0,          0,       2466,       2920,      300,     3400,     6990,    12000,    65000,   142000,
       ProductReturn,       7065,          0,          0,          0,       6729,       7814,      200,     3500,     6100,    11600,    58000,   142000,

  2750s: (33%)   IR =   4566 ..[2753.130s][info][gc,start       ] GC(526) Pause Young (Concurrent Start) (G1 Evacuation Pause)
[2753.130s][info][gc,task        ] GC(526) Using 6 workers of 6 for evacuation
[2753.250s][info][gc,phases      ] GC(526)   Pre Evacuate Collection Set: 0.41ms
[2753.250s][info][gc,phases      ] GC(526)   Merge Heap Roots: 0.58ms
[2753.250s][info][gc,phases      ] GC(526)   Evacuate Collection Set: 118.01ms
[2753.250s][info][gc,phases      ] GC(526)   Post Evacuate Collection Set: 0.95ms
[2753.250s][info][gc,phases      ] GC(526)   Other: 0.11ms
[2753.250s][info][gc,heap        ] GC(526) Eden regions: 1120->0(1117)
[2753.250s][info][gc,heap        ] GC(526) Survivor regions: 108->111(154)
[2753.250s][info][gc,heap        ] GC(526) Old regions: 474->505
[2753.250s][info][gc,heap        ] GC(526) Humongous regions: 80->80
[2753.250s][info][gc,metaspace   ] GC(526) Metaspace: 28954K(29312K)->28954K(29312K) NonClass: 24073K(24256K)->24073K(24256K) Class: 4880K(5056K)->4880K(5056K)
[2753.250s][info][gc             ] GC(526) Pause Young (Concurrent Start) (G1 Evacuation Pause) 3562M->1390M(4096M) 120.204ms
[2753.250s][info][gc             ] GC(527) Concurrent Mark Cycle
[2753.250s][info][gc,marking     ] GC(527) Concurrent Scan Root Regions
[2753.250s][info][gc,cpu         ] GC(526) User=0.71s Sys=0.00s Real=0.12s
.[2753.414s][info][gc,marking     ] GC(527) Concurrent Scan Root Regions 163.261ms
[2753.414s][info][gc,marking     ] GC(527) Concurrent Mark
[2753.414s][info][gc,marking     ] GC(527) Concurrent Mark From Roots
[2753.414s][info][gc,task        ] GC(527) Using 2 workers of 2 for marking
[2754.053s][info][gc,marking     ] GC(527) Concurrent Mark From Roots 639.393ms
[2754.053s][info][gc,marking     ] GC(527) Concurrent Preclean
[2754.053s][info][gc,marking     ] GC(527) Concurrent Preclean 0.111ms
[2754.053s][info][gc,start       ] GC(527) Pause Remark
[2754.057s][info][gc             ] GC(527) Pause Remark 1899M->1899M(4096M) 4.086ms
[2754.057s][info][gc,cpu         ] GC(527) User=0.02s Sys=0.00s Real=0.00s
[2754.057s][info][gc,marking     ] GC(527) Concurrent Mark 643.820ms
[2754.057s][info][gc,marking     ] GC(527) Concurrent Rebuild Remembered Sets and Scrub Regions
[2754.308s][info][gc,marking     ] GC(527) Concurrent Rebuild Remembered Sets and Scrub Regions 250.815ms
[2754.308s][info][gc,start       ] GC(527) Pause Cleanup
[2754.309s][info][gc             ] GC(527) Pause Cleanup 2020M->2020M(4096M) 0.126ms
[2754.309s][info][gc,cpu         ] GC(527) User=0.00s Sys=0.00s Real=0.01s
[2754.309s][info][gc,marking     ] GC(527) Concurrent Clear Claimed Marks
[2754.309s][info][gc,marking     ] GC(527) Concurrent Clear Claimed Marks 0.023ms
[2754.309s][info][gc,marking     ] GC(527) Concurrent Cleanup for Next Mark
[2754.312s][info][gc,marking     ] GC(527) Concurrent Cleanup for Next Mark 3.587ms
[2754.312s][info][gc             ] GC(527) Concurrent Mark Cycle 1061.970ms
.|..[2757.157s][info][gc,start       ] GC(528) Pause Young (Prepare Mixed) (G1 Evacuation Pause)
[2757.157s][info][gc,task        ] GC(528) Using 6 workers of 6 for evacuation
[2757.276s][info][gc,phases      ] GC(528)   Pre Evacuate Collection Set: 0.32ms
[2757.276s][info][gc,phases      ] GC(528)   Merge Heap Roots: 0.53ms
[2757.276s][info][gc,phases      ] GC(528)   Evacuate Collection Set: 116.94ms
[2757.276s][info][gc,phases      ] GC(528)   Post Evacuate Collection Set: 1.01ms
[2757.276s][info][gc,phases      ] GC(528)   Other: 0.09ms
[2757.276s][info][gc,heap        ] GC(528) Eden regions: 1117->0(1107)
[2757.276s][info][gc,heap        ] GC(528) Survivor regions: 111->110(154)
[2757.276s][info][gc,heap        ] GC(528) Old regions: 505->538
[2757.276s][info][gc,heap        ] GC(528) Humongous regions: 80->80
[2757.276s][info][gc,metaspace   ] GC(528) Metaspace: 28954K(29312K)->28954K(29312K) NonClass: 24073K(24256K)->24073K(24256K) Class: 4880K(5056K)->4880K(5056K)
[2757.276s][info][gc             ] GC(528) Pause Young (Prepare Mixed) (G1 Evacuation Pause) 3624M->1454M(4096M) 119.031ms
[2757.276s][info][gc,cpu         ] GC(528) User=0.71s Sys=0.00s Real=0.12s
....[2761.313s][info][gc,start       ] GC(529) Pause Young (Mixed) (G1 Evacuation Pause)
[2761.313s][info][gc,task        ] GC(529) Using 6 workers of 6 for evacuation
[2761.448s][info][gc,phases      ] GC(529)   Pre Evacuate Collection Set: 0.38ms
[2761.448s][info][gc,phases      ] GC(529)   Merge Heap Roots: 0.82ms
[2761.448s][info][gc,phases      ] GC(529)   Evacuate Collection Set: 133.04ms
[2761.448s][info][gc,phases      ] GC(529)   Post Evacuate Collection Set: 0.96ms
[2761.448s][info][gc,phases      ] GC(529)   Other: 0.09ms
[2761.448s][info][gc,heap        ] GC(529) Eden regions: 1107->0(1118)
[2761.448s][info][gc,heap        ] GC(529) Survivor regions: 110->110(153)
[2761.448s][info][gc,heap        ] GC(529) Old regions: 538->474
[2761.448s][info][gc,heap        ] GC(529) Humongous regions: 80->80
[2761.449s][info][gc,metaspace   ] GC(529) Metaspace: 28954K(29312K)->28954K(29312K) NonClass: 24073K(24256K)->24073K(24256K) Class: 4880K(5056K)->4880K(5056K)
[2761.449s][info][gc             ] GC(529) Pause Young (Mixed) (G1 Evacuation Pause) 3668M->1326M(4096M) 135.428ms
[2761.449s][info][gc,cpu         ] GC(529) User=0.81s Sys=0.00s Real=0.14s
.....[2765.469s][info][gc,start       ] GC(530) Pause Young (Concurrent Start) (G1 Evacuation Pause)
[2765.469s][info][gc,task        ] GC(530) Using 6 workers of 6 for evacuation
[2765.591s][info][gc,phases      ] GC(530)   Pre Evacuate Collection Set: 0.43ms
[2765.591s][info][gc,phases      ] GC(530)   Merge Heap Roots: 0.56ms
[2765.591s][info][gc,phases      ] GC(530)   Evacuate Collection Set: 120.40ms
[2765.591s][info][gc,phases      ] GC(530)   Post Evacuate Collection Set: 0.92ms
[2765.591s][info][gc,phases      ] GC(530)   Other: 0.11ms
[2765.591s][info][gc,heap        ] GC(530) Eden regions: 1118->0(1115)
[2765.591s][info][gc,heap        ] GC(530) Survivor regions: 110->113(154)
[2765.591s][info][gc,heap        ] GC(530) Old regions: 474->506
[2765.591s][info][gc,heap        ] GC(530) Humongous regions: 80->80
[2765.591s][info][gc,metaspace   ] GC(530) Metaspace: 28954K(29312K)->28954K(29312K) NonClass: 24073K(24256K)->24073K(24256K) Class: 4880K(5056K)->4880K(5056K)
[2765.591s][info][gc             ] GC(530) Pause Young (Concurrent Start) (G1 Evacuation Pause) 3562M->1395M(4096M) 122.537ms
[2765.591s][info][gc             ] GC(531) Concurrent Mark Cycle
[2765.591s][info][gc,marking     ] GC(531) Concurrent Scan Root Regions
[2765.591s][info][gc,cpu         ] GC(530) User=0.73s Sys=0.00s Real=0.12s
[2765.745s][info][gc,marking     ] GC(531) Concurrent Scan Root Regions 153.976ms
[2765.745s][info][gc,marking     ] GC(531) Concurrent Mark
[2765.745s][info][gc,marking     ] GC(531) Concurrent Mark From Roots
[2765.745s][info][gc,task        ] GC(531) Using 2 workers of 2 for marking
[2766.281s][info][gc,marking     ] GC(531) Concurrent Mark From Roots 535.548ms
[2766.281s][info][gc,marking     ] GC(531) Concurrent Preclean
[2766.281s][info][gc,marking     ] GC(531) Concurrent Preclean 0.106ms
[2766.283s][info][gc,start       ] GC(531) Pause Remark
[2766.288s][info][gc             ] GC(531) Pause Remark 1849M->1849M(4096M) 5.141ms
[2766.288s][info][gc,cpu         ] GC(531) User=0.02s Sys=0.00s Real=0.00s
[2766.288s][info][gc,marking     ] GC(531) Concurrent Mark 542.556ms
[2766.288s][info][gc,marking     ] GC(531) Concurrent Rebuild Remembered Sets and Scrub Regions
.[2766.525s][info][gc,marking     ] GC(531) Concurrent Rebuild Remembered Sets and Scrub Regions 236.735ms
[2766.525s][info][gc,start       ] GC(531) Pause Cleanup
[2766.525s][info][gc             ] GC(531) Pause Cleanup 1982M->1982M(4096M) 0.137ms
[2766.525s][info][gc,cpu         ] GC(531) User=0.00s Sys=0.00s Real=0.00s
[2766.525s][info][gc,marking     ] GC(531) Concurrent Clear Claimed Marks
[2766.525s][info][gc,marking     ] GC(531) Concurrent Clear Claimed Marks 0.031ms
[2766.525s][info][gc,marking     ] GC(531) Concurrent Cleanup for Next Mark
[2766.528s][info][gc,marking     ] GC(531) Concurrent Cleanup for Next Mark 3.301ms
[2766.528s][info][gc             ] GC(531) Concurrent Mark Cycle 937.076ms
...[2769.547s][info][gc,start       ] GC(532) Pause Young (Prepare Mixed) (G1 Evacuation Pause)
[2769.547s][info][gc,task        ] GC(532) Using 6 workers of 6 for evacuation
[2769.662s][info][gc,phases      ] GC(532)   Pre Evacuate Collection Set: 0.33ms
[2769.662s][info][gc,phases      ] GC(532)   Merge Heap Roots: 0.53ms
[2769.662s][info][gc,phases      ] GC(532)   Evacuate Collection Set: 113.23ms
[2769.662s][info][gc,phases      ] GC(532)   Post Evacuate Collection Set: 0.93ms
[2769.662s][info][gc,phases      ] GC(532)   Other: 0.09ms
[2769.662s][info][gc,heap        ] GC(532) Eden regions: 1115->0(1113)
[2769.662s][info][gc,heap        ] GC(532) Survivor regions: 113->107(154)
[2769.662s][info][gc,heap        ] GC(532) Old regions: 506->538
[2769.662s][info][gc,heap        ] GC(532) Humongous regions: 80->80
[2769.662s][info][gc,metaspace   ] GC(532) Metaspace: 28950K(29312K)->28950K(29312K) NonClass: 24071K(24256K)->24071K(24256K) Class: 4879K(5056K)->4879K(5056K)
[2769.662s][info][gc             ] GC(532) Pause Young (Prepare Mixed) (G1 Evacuation Pause) 3625M->1449M(4096M) 115.252ms
[2769.662s][info][gc,cpu         ] GC(532) User=0.69s Sys=0.00s Real=0.12s
....[2773.740s][info][gc,start       ] GC(533) Pause Young (Mixed) (G1 Evacuation Pause)
[2773.740s][info][gc,task        ] GC(533) Using 6 workers of 6 for evacuation
[2773.874s][info][gc,phases      ] GC(533)   Pre Evacuate Collection Set: 0.39ms
[2773.874s][info][gc,phases      ] GC(533)   Merge Heap Roots: 0.74ms
[2773.874s][info][gc,phases      ] GC(533)   Evacuate Collection Set: 131.70ms
[2773.874s][info][gc,phases      ] GC(533)   Post Evacuate Collection Set: 0.97ms
[2773.874s][info][gc,phases      ] GC(533)   Other: 0.09ms
[2773.874s][info][gc,heap        ] GC(533) Eden regions: 1113->0(1118)
[2773.874s][info][gc,heap        ] GC(533) Survivor regions: 107->110(153)
[2773.874s][info][gc,heap        ] GC(533) Old regions: 538->475
[2773.874s][info][gc,heap        ] GC(533) Humongous regions: 80->80
[2773.874s][info][gc,metaspace   ] GC(533) Metaspace: 28950K(29312K)->28950K(29312K) NonClass: 24071K(24256K)->24071K(24256K) Class: 4879K(5056K)->4879K(5056K)
[2773.874s][info][gc             ] GC(533) Pause Young (Mixed) (G1 Evacuation Pause) 3675M->1328M(4096M) 134.021ms
[2773.874s][info][gc,cpu         ] GC(533) User=0.79s Sys=0.00s Real=0.13s
....[2777.870s][info][gc,start       ] GC(534) Pause Young (Concurrent Start) (G1 Evacuation Pause)
[2777.870s][info][gc,task        ] GC(534) Using 6 workers of 6 for evacuation
[2777.992s][info][gc,phases      ] GC(534)   Pre Evacuate Collection Set: 0.41ms
[2777.992s][info][gc,phases      ] GC(534)   Merge Heap Roots: 0.52ms
[2777.992s][info][gc,phases      ] GC(534)   Evacuate Collection Set: 119.21ms
[2777.992s][info][gc,phases      ] GC(534)   Post Evacuate Collection Set: 0.89ms
[2777.992s][info][gc,phases      ] GC(534)   Other: 0.13ms
[2777.992s][info][gc,heap        ] GC(534) Eden regions: 1118->0(1114)
[2777.992s][info][gc,heap        ] GC(534) Survivor regions: 110->114(154)
[2777.992s][info][gc,heap        ] GC(534) Old regions: 475->505
[2777.992s][info][gc,heap        ] GC(534) Humongous regions: 80->80
[2777.992s][info][gc,metaspace   ] GC(534) Metaspace: 28950K(29312K)->28950K(29312K) NonClass: 24071K(24256K)->24071K(24256K) Class: 4879K(5056K)->4879K(5056K)
[2777.992s][info][gc             ] GC(534) Pause Young (Concurrent Start) (G1 Evacuation Pause) 3564M->1396M(4096M) 121.292ms
[2777.992s][info][gc             ] GC(535) Concurrent Mark Cycle
[2777.992s][info][gc,marking     ] GC(535) Concurrent Scan Root Regions
[2777.992s][info][gc,cpu         ] GC(534) User=0.72s Sys=0.00s Real=0.12s
[2778.185s][info][gc,marking     ] GC(535) Concurrent Scan Root Regions 192.892ms
[2778.185s][info][gc,marking     ] GC(535) Concurrent Mark
[2778.185s][info][gc,marking     ] GC(535) Concurrent Mark From Roots
[2778.185s][info][gc,task        ] GC(535) Using 2 workers of 2 for marking
.[2778.818s][info][gc,marking     ] GC(535) Concurrent Mark From Roots 633.418ms
[2778.818s][info][gc,marking     ] GC(535) Concurrent Preclean
[2778.818s][info][gc,marking     ] GC(535) Concurrent Preclean 0.093ms
[2778.818s][info][gc,start       ] GC(535) Pause Remark
[2778.822s][info][gc             ] GC(535) Pause Remark 1927M->1927M(4096M) 4.058ms
[2778.822s][info][gc,cpu         ] GC(535) User=0.02s Sys=0.00s Real=0.01s
[2778.822s][info][gc,marking     ] GC(535) Concurrent Mark 637.823ms
[2778.823s][info][gc,marking     ] GC(535) Concurrent Rebuild Remembered Sets and Scrub Regions
[2779.063s][info][gc,marking     ] GC(535) Concurrent Rebuild Remembered Sets and Scrub Regions 240.676ms
[2779.063s][info][gc,start       ] GC(535) Pause Cleanup
[2779.063s][info][gc             ] GC(535) Pause Cleanup 2063M->2063M(4096M) 0.117ms
[2779.063s][info][gc,cpu         ] GC(535) User=0.00s Sys=0.00s Real=0.00s
[2779.063s][info][gc,marking     ] GC(535) Concurrent Clear Claimed Marks
[2779.064s][info][gc,marking     ] GC(535) Concurrent Clear Claimed Marks 0.032ms
[2779.064s][info][gc,marking     ] GC(535) Concurrent Cleanup for Next Mark
[2779.067s][info][gc,marking     ] GC(535) Concurrent Cleanup for Next Mark 3.741ms
[2779.067s][info][gc             ] GC(535) Concurrent Mark Cycle 1075.635ms
...[2781.947s][info][gc,start       ] GC(536) Pause Young (Prepare Mixed) (G1 Evacuation Pause)
[2781.947s][info][gc,task        ] GC(536) Using 6 workers of 6 for evacuation
[2782.069s][info][gc,phases      ] GC(536)   Pre Evacuate Collection Set: 0.33ms
[2782.069s][info][gc,phases      ] GC(536)   Merge Heap Roots: 0.52ms
[2782.069s][info][gc,phases      ] GC(536)   Evacuate Collection Set: 120.21ms
[2782.069s][info][gc,phases      ] GC(536)   Post Evacuate Collection Set: 1.00ms
[2782.069s][info][gc,phases      ] GC(536)   Other: 0.09ms
[2782.069s][info][gc,heap        ] GC(536) Eden regions: 1114->0(1104)
[2782.069s][info][gc,heap        ] GC(536) Survivor regions: 114->112(154)
[2782.069s][info][gc,heap        ] GC(536) Old regions: 505->537
[2782.069s][info][gc,heap        ] GC(536) Humongous regions: 80->80
[2782.069s][info][gc,metaspace   ] GC(536) Metaspace: 28952K(29312K)->28952K(29312K) NonClass: 24072K(24256K)->24072K(24256K) Class: 4879K(5056K)->4879K(5056K)
[2782.069s][info][gc             ] GC(536) Pause Young (Prepare Mixed) (G1 Evacuation Pause) 3624M->1456M(4096M) 122.270ms
[2782.069s][info][gc,cpu         ] GC(536) User=0.73s Sys=0.00s Real=0.13s
....[2786.023s][info][gc,start       ] GC(537) Pause Young (Mixed) (G1 Evacuation Pause)
[2786.023s][info][gc,task        ] GC(537) Using 6 workers of 6 for evacuation
[2786.161s][info][gc,phases      ] GC(537)   Pre Evacuate Collection Set: 0.36ms
[2786.161s][info][gc,phases      ] GC(537)   Merge Heap Roots: 0.77ms
[2786.161s][info][gc,phases      ] GC(537)   Evacuate Collection Set: 135.91ms
[2786.161s][info][gc,phases      ] GC(537)   Post Evacuate Collection Set: 0.97ms
[2786.161s][info][gc,phases      ] GC(537)   Other: 0.08ms
[2786.161s][info][gc,heap        ] GC(537) Eden regions: 1104->0(1119)
[2786.161s][info][gc,heap        ] GC(537) Survivor regions: 112->109(152)
[2786.161s][info][gc,heap        ] GC(537) Old regions: 537->472
[2786.161s][info][gc,heap        ] GC(537) Humongous regions: 80->80
[2786.161s][info][gc,metaspace   ] GC(537) Metaspace: 28952K(29312K)->28952K(29312K) NonClass: 24072K(24256K)->24072K(24256K) Class: 4879K(5056K)->4879K(5056K)
[2786.161s][info][gc             ] GC(537) Pause Young (Mixed) (G1 Evacuation Pause) 3664M->1321M(4096M) 138.219ms
[2786.161s][info][gc,cpu         ] GC(537) User=0.82s Sys=0.00s Real=0.14s
....[2790.191s][info][gc,start       ] GC(538) Pause Young (Concurrent Start) (G1 Evacuation Pause)
[2790.191s][info][gc,task        ] GC(538) Using 6 workers of 6 for evacuation
[2790.308s][info][gc,phases      ] GC(538)   Pre Evacuate Collection Set: 0.38ms
[2790.308s][info][gc,phases      ] GC(538)   Merge Heap Roots: 0.48ms
[2790.308s][info][gc,phases      ] GC(538)   Evacuate Collection Set: 115.48ms
[2790.308s][info][gc,phases      ] GC(538)   Post Evacuate Collection Set: 0.91ms
[2790.308s][info][gc,phases      ] GC(538)   Other: 0.12ms
[2790.308s][info][gc,heap        ] GC(538) Eden regions: 1119->0(1118)
[2790.308s][info][gc,heap        ] GC(538) Survivor regions: 109->110(154)
[2790.308s][info][gc,heap        ] GC(538) Old regions: 472->504
[2790.308s][info][gc,heap        ] GC(538) Humongous regions: 80->80
[2790.308s][info][gc,metaspace   ] GC(538) Metaspace: 28952K(29312K)->28952K(29312K) NonClass: 24073K(24256K)->24073K(24256K) Class: 4879K(5056K)->4879K(5056K)
[2790.308s][info][gc             ] GC(538) Pause Young (Concurrent Start) (G1 Evacuation Pause) 3559M->1385M(4096M) 117.512ms
[2790.308s][info][gc             ] GC(539) Concurrent Mark Cycle
[2790.308s][info][gc,marking     ] GC(539) Concurrent Scan Root Regions
[2790.308s][info][gc,cpu         ] GC(538) User=0.69s Sys=0.00s Real=0.11s
[2790.448s][info][gc,marking     ] GC(539) Concurrent Scan Root Regions 139.970ms
[2790.448s][info][gc,marking     ] GC(539) Concurrent Mark
[2790.448s][info][gc,marking     ] GC(539) Concurrent Mark From Roots
[2790.448s][info][gc,task        ] GC(539) Using 2 workers of 2 for marking
.[2791.073s][info][gc,marking     ] GC(539) Concurrent Mark From Roots 625.020ms
[2791.073s][info][gc,marking     ] GC(539) Concurrent Preclean
[2791.074s][info][gc,marking     ] GC(539) Concurrent Preclean 0.082ms
[2791.074s][info][gc,start       ] GC(539) Pause Remark
[2791.078s][info][gc             ] GC(539) Pause Remark 1867M->1867M(4096M) 4.035ms
[2791.078s][info][gc,cpu         ] GC(539) User=0.03s Sys=0.00s Real=0.00s
[2791.078s][info][gc,marking     ] GC(539) Concurrent Mark 629.361ms
[2791.078s][info][gc,marking     ] GC(539) Concurrent Rebuild Remembered Sets and Scrub Regions
[2791.305s][info][gc,marking     ] GC(539) Concurrent Rebuild Remembered Sets and Scrub Regions 227.583ms
[2791.306s][info][gc,start       ] GC(539) Pause Cleanup
[2791.306s][info][gc             ] GC(539) Pause Cleanup 1977M->1977M(4096M) 0.132ms
[2791.306s][info][gc,cpu         ] GC(539) User=0.00s Sys=0.00s Real=0.00s
[2791.306s][info][gc,marking     ] GC(539) Concurrent Clear Claimed Marks
[2791.306s][info][gc,marking     ] GC(539) Concurrent Clear Claimed Marks 0.040ms
[2791.306s][info][gc,marking     ] GC(539) Concurrent Cleanup for Next Mark
[2791.311s][info][gc,marking     ] GC(539) Concurrent Cleanup for Next Mark 4.816ms
[2791.311s][info][gc             ] GC(539) Concurrent Mark Cycle 1002.295ms
...[2794.300s][info][gc,start       ] GC(540) Pause Young (Prepare Mixed) (G1 Evacuation Pause)
[2794.300s][info][gc,task        ] GC(540) Using 6 workers of 6 for evacuation
[2794.419s][info][gc,phases      ] GC(540)   Pre Evacuate Collection Set: 0.36ms
[2794.420s][info][gc,phases      ] GC(540)   Merge Heap Roots: 0.54ms
[2794.420s][info][gc,phases      ] GC(540)   Evacuate Collection Set: 117.60ms
[2794.420s][info][gc,phases      ] GC(540)   Post Evacuate Collection Set: 0.94ms
[2794.420s][info][gc,phases      ] GC(540)   Other: 0.09ms
[2794.420s][info][gc,heap        ] GC(540) Eden regions: 1118->0(1106)
[2794.420s][info][gc,heap        ] GC(540) Survivor regions: 110->112(154)
[2794.420s][info][gc,heap        ] GC(540) Old regions: 504->535
[2794.420s][info][gc,heap        ] GC(540) Humongous regions: 80->80
[2794.420s][info][gc,metaspace   ] GC(540) Metaspace: 28952K(29312K)->28952K(29312K) NonClass: 24073K(24256K)->24073K(24256K) Class: 4879K(5056K)->4879K(5056K)
[2794.420s][info][gc             ] GC(540) Pause Young (Prepare Mixed) (G1 Evacuation Pause) 3621M->1453M(4096M) 119.674ms
[2794.420s][info][gc,cpu         ] GC(540) User=0.71s Sys=0.00s Real=0.12s
....[2798.423s][info][gc,start       ] GC(541) Pause Young (Mixed) (G1 Evacuation Pause)
[2798.423s][info][gc,task        ] GC(541) Using 6 workers of 6 for evacuation
[2798.556s][info][gc,phases      ] GC(541)   Pre Evacuate Collection Set: 0.39ms
[2798.556s][info][gc,phases      ] GC(541)   Merge Heap Roots: 0.69ms
[2798.556s][info][gc,phases      ] GC(541)   Evacuate Collection Set: 130.23ms
[2798.556s][info][gc,phases      ] GC(541)   Post Evacuate Collection Set: 0.95ms
[2798.556s][info][gc,phases      ] GC(541)   Other: 0.08ms
[2798.556s][info][gc,heap        ] GC(541) Eden regions: 1106->0(1118)
[2798.556s][info][gc,heap        ] GC(541) Survivor regions: 112->110(153)
[2798.556s][info][gc,heap        ] GC(541) Old regions: 535->474
[2798.556s][info][gc,heap        ] GC(541) Humongous regions: 80->80
[2798.556s][info][gc,metaspace   ] GC(541) Metaspace: 28952K(29312K)->28952K(29312K) NonClass: 24073K(24256K)->24073K(24256K) Class: 4879K(5056K)->4879K(5056K)
[2798.556s][info][gc             ] GC(541) Pause Young (Mixed) (G1 Evacuation Pause) 3665M->1326M(4096M) 132.485ms
[2798.556s][info][gc,cpu         ] GC(541) User=0.79s Sys=0.00s Real=0.13s
....[2802.486s][info][gc,start       ] GC(542) Pause Young (Concurrent Start) (G1 Evacuation Pause)
[2802.486s][info][gc,task        ] GC(542) Using 6 workers of 6 for evacuation
[2802.602s][info][gc,phases      ] GC(542)   Pre Evacuate Collection Set: 0.36ms
[2802.602s][info][gc,phases      ] GC(542)   Merge Heap Roots: 0.52ms
[2802.603s][info][gc,phases      ] GC(542)   Evacuate Collection Set: 114.69ms
[2802.603s][info][gc,phases      ] GC(542)   Post Evacuate Collection Set: 0.89ms
[2802.603s][info][gc,phases      ] GC(542)   Other: 0.11ms
[2802.603s][info][gc,heap        ] GC(542) Eden regions: 1118->0(1121)
[2802.603s][info][gc,heap        ] GC(542) Survivor regions: 110->107(154)
[2802.603s][info][gc,heap        ] GC(542) Old regions: 474->506
[2802.603s][info][gc,heap        ] GC(542) Humongous regions: 80->80
[2802.603s][info][gc,metaspace   ] GC(542) Metaspace: 28952K(29312K)->28952K(29312K) NonClass: 24073K(24256K)->24073K(24256K) Class: 4879K(5056K)->4879K(5056K)
[2802.603s][info][gc             ] GC(542) Pause Young (Concurrent Start) (G1 Evacuation Pause) 3562M->1384M(4096M) 117.457ms
[2802.603s][info][gc             ] GC(543) Concurrent Mark Cycle
[2802.603s][info][gc,marking     ] GC(543) Concurrent Scan Root Regions
[2802.603s][info][gc,cpu         ] GC(542) User=0.70s Sys=0.00s Real=0.12s
.[2802.738s][info][gc,marking     ] GC(543) Concurrent Scan Root Regions 134.989ms
[2802.738s][info][gc,marking     ] GC(543) Concurrent Mark
[2802.738s][info][gc,marking     ] GC(543) Concurrent Mark From Roots
[2802.738s][info][gc,task        ] GC(543) Using 2 workers of 2 for marking
[2803.346s][info][gc,marking     ] GC(543) Concurrent Mark From Roots 607.948ms
[2803.346s][info][gc,marking     ] GC(543) Concurrent Preclean
[2803.346s][info][gc,marking     ] GC(543) Concurrent Preclean 0.090ms
[2803.346s][info][gc,start       ] GC(543) Pause Remark
[2803.351s][info][gc             ] GC(543) Pause Remark 1841M->1841M(4096M) 5.110ms
[2803.352s][info][gc,cpu         ] GC(543) User=0.02s Sys=0.00s Real=0.01s
[2803.352s][info][gc,marking     ] GC(543) Concurrent Mark 613.470ms
[2803.352s][info][gc,marking     ] GC(543) Concurrent Rebuild Remembered Sets and Scrub Regions
[2803.588s][info][gc,marking     ] GC(543) Concurrent Rebuild Remembered Sets and Scrub Regions 236.884ms
[2803.589s][info][gc,start       ] GC(543) Pause Cleanup
[2803.589s][info][gc             ] GC(543) Pause Cleanup 1981M->1981M(4096M) 0.114ms
[2803.589s][info][gc,cpu         ] GC(543) User=0.00s Sys=0.00s Real=0.00s
[2803.589s][info][gc,marking     ] GC(543) Concurrent Clear Claimed Marks
[2803.589s][info][gc,marking     ] GC(543) Concurrent Clear Claimed Marks 0.023ms
[2803.589s][info][gc,marking     ] GC(543) Concurrent Cleanup for Next Mark
[2803.592s][info][gc,marking     ] GC(543) Concurrent Cleanup for Next Mark 3.333ms
[2803.592s][info][gc             ] GC(543) Concurrent Mark Cycle 989.122ms
...[2806.654s][info][gc,start       ] GC(544) Pause Young (Prepare Mixed) (G1 Evacuation Pause)
[2806.654s][info][gc,task        ] GC(544) Using 6 workers of 6 for evacuation
[2806.772s][info][gc,phases      ] GC(544)   Pre Evacuate Collection Set: 0.29ms
[2806.772s][info][gc,phases      ] GC(544)   Merge Heap Roots: 0.64ms
[2806.772s][info][gc,phases      ] GC(544)   Evacuate Collection Set: 116.38ms
[2806.772s][info][gc,phases      ] GC(544)   Post Evacuate Collection Set: 0.92ms
[2806.772s][info][gc,phases      ] GC(544)   Other: 0.08ms
[2806.772s][info][gc,heap        ] GC(544) Eden regions: 1121->0(1110)
[2806.772s][info][gc,heap        ] GC(544) Survivor regions: 107->109(154)
[2806.772s][info][gc,heap        ] GC(544) Old regions: 506->537
[2806.772s][info][gc,heap        ] GC(544) Humongous regions: 80->80
[2806.772s][info][gc,metaspace   ] GC(544) Metaspace: 28950K(29312K)->28950K(29312K) NonClass: 24071K(24256K)->24071K(24256K) Class: 4878K(5056K)->4878K(5056K)
[2806.772s][info][gc             ] GC(544) Pause Young (Prepare Mixed) (G1 Evacuation Pause) 3626M->1451M(4096M) 118.447ms
[2806.772s][info][gc,cpu         ] GC(544) User=0.71s Sys=0.00s Real=0.12s
....[2810.753s][info][gc,start       ] GC(545) Pause Young (Mixed) (G1 Evacuation Pause)
[2810.753s][info][gc,task        ] GC(545) Using 6 workers of 6 for evacuation
[2810.884s][info][gc,phases      ] GC(545)   Pre Evacuate Collection Set: 0.37ms
[2810.884s][info][gc,phases      ] GC(545)   Merge Heap Roots: 0.65ms
[2810.884s][info][gc,phases      ] GC(545)   Evacuate Collection Set: 128.88ms
[2810.884s][info][gc,phases      ] GC(545)   Post Evacuate Collection Set: 0.94ms
[2810.884s][info][gc,phases      ] GC(545)   Other: 0.09ms
[2810.884s][info][gc,heap        ] GC(545) Eden regions: 1110->0(1118)
[2810.884s][info][gc,heap        ] GC(545) Survivor regions: 109->110(153)
[2810.884s][info][gc,heap        ] GC(545) Old regions: 537->472
[2810.884s][info][gc,heap        ] GC(545) Humongous regions: 80->80
[2810.884s][info][gc,metaspace   ] GC(545) Metaspace: 28950K(29312K)->28950K(29312K) NonClass: 24071K(24256K)->24071K(24256K) Class: 4878K(5056K)->4878K(5056K)
[2810.884s][info][gc             ] GC(545) Pause Young (Mixed) (G1 Evacuation Pause) 3671M->1322M(4096M) 131.060ms
[2810.884s][info][gc,cpu         ] GC(545) User=0.78s Sys=0.00s Real=0.13s
.....[2814.905s][info][gc,start       ] GC(546) Pause Young (Concurrent Start) (G1 Evacuation Pause)
[2814.905s][info][gc,task        ] GC(546) Using 6 workers of 6 for evacuation
[2815.023s][info][gc,phases      ] GC(546)   Pre Evacuate Collection Set: 0.40ms
[2815.023s][info][gc,phases      ] GC(546)   Merge Heap Roots: 0.57ms
[2815.023s][info][gc,phases      ] GC(546)   Evacuate Collection Set: 116.72ms
[2815.023s][info][gc,phases      ] GC(546)   Post Evacuate Collection Set: 0.89ms
[2815.023s][info][gc,phases      ] GC(546)   Other: 0.12ms
[2815.023s][info][gc,heap        ] GC(546) Eden regions: 1118->0(1119)
[2815.023s][info][gc,heap        ] GC(546) Survivor regions: 110->109(154)
[2815.023s][info][gc,heap        ] GC(546) Old regions: 472->504
[2815.023s][info][gc,heap        ] GC(546) Humongous regions: 80->80
[2815.023s][info][gc,metaspace   ] GC(546) Metaspace: 28950K(29312K)->28950K(29312K) NonClass: 24071K(24256K)->24071K(24256K) Class: 4878K(5056K)->4878K(5056K)
[2815.023s][info][gc             ] GC(546) Pause Young (Concurrent Start) (G1 Evacuation Pause) 3558M->1384M(4096M) 118.834ms
[2815.023s][info][gc             ] GC(547) Concurrent Mark Cycle
[2815.023s][info][gc,marking     ] GC(547) Concurrent Scan Root Regions
[2815.023s][info][gc,cpu         ] GC(546) User=0.71s Sys=0.00s Real=0.12s
 (rIR:aIR:PR = 4566:4568:4568) (tPR = 67897) [OK] 
  2814s: Performance info:
         Transaction,    Success,    Partial,     Failed,   Receipts, AvgBarcode, 
             Overall,     276520,          0,          0,     262706,      59.47, 
         Response times:
             Request,    Success,    Partial,     Failed,   SkipFail,     Probes,    Samples,      min,      p50,      p90,      p95,      p99,      max, 
       TotalPurchase,     262705,          0,          0,          0,     257722,     275059,      300,     3700,     6900,    14000,    57000,   217000,
     InStorePurchase,     138312,          0,          0,          0,     136286,     145285,      300,     3700,     6900,    14000,    57000,   217000,
      OnlinePurchase,      96788,          0,          0,          0,      94581,     100775,      300,     3700,     6900,    14200,    57000,   182000,
        InstPurchase,      27605,          0,          0,          0,      26855,      28999,      400,     3600,     7000,    13800,    57000,   182000,
          AssocOfCat,        277,          0,          0,          0,        218,        283,    21000,    34000,    58000,    94200,   174160,   199000,
      AssocOfProduct,       2769,          0,          0,          0,       2518,       2852,      400,     2100,     5600,    10400,    46470,   144000,
      BusinessReport,        694,          0,          0,          0,        613,        757,    24000,    36000,    60000,    80000,   158360,   303000,
          CustBuyBeh,       2764,          0,          0,          0,       2541,       2896,      200,     2000,     5400,     8900,    51000,   140000,
       ProductReturn,       7311,          0,          0,          0,       6936,       7649,      200,     4100,     7200,    15900,    59000,   166000,

  2814s: (34%)   IR =   4705 [2815.195s][info][gc,marking     ] GC(547) Concurrent Scan Root Regions 171.104ms
[2815.195s][info][gc,marking     ] GC(547) Concurrent Mark
[2815.195s][info][gc,marking     ] GC(547) Concurrent Mark From Roots
[2815.195s][info][gc,task        ] GC(547) Using 2 workers of 2 for marking
.[2816.113s][info][gc,marking     ] GC(547) Concurrent Mark From Roots 918.814ms
[2816.113s][info][gc,marking     ] GC(547) Concurrent Preclean
[2816.114s][info][gc,marking     ] GC(547) Concurrent Preclean 0.121ms
[2816.114s][info][gc,start       ] GC(547) Pause Remark
[2816.119s][info][gc             ] GC(547) Pause Remark 1984M->1984M(4096M) 5.043ms
[2816.119s][info][gc,cpu         ] GC(547) User=0.03s Sys=0.00s Real=0.01s
[2816.120s][info][gc,marking     ] GC(547) Concurrent Mark 925.084ms
[2816.120s][info][gc,marking     ] GC(547) Concurrent Rebuild Remembered Sets and Scrub Regions
[2816.471s][info][gc,marking     ] GC(547) Concurrent Rebuild Remembered Sets and Scrub Regions 350.999ms
[2816.471s][info][gc,start       ] GC(547) Pause Cleanup
[2816.471s][info][gc             ] GC(547) Pause Cleanup 2192M->2192M(4096M) 0.107ms
[2816.471s][info][gc,cpu         ] GC(547) User=0.00s Sys=0.00s Real=0.00s
[2816.473s][info][gc,marking     ] GC(547) Concurrent Clear Claimed Marks
[2816.473s][info][gc,marking     ] GC(547) Concurrent Clear Claimed Marks 0.044ms
[2816.473s][info][gc,marking     ] GC(547) Concurrent Cleanup for Next Mark
[2816.480s][info][gc,marking     ] GC(547) Concurrent Cleanup for Next Mark 6.426ms
[2816.480s][info][gc             ] GC(547) Concurrent Mark Cycle 1456.273ms
...|[2819.148s][info][gc,start       ] GC(548) Pause Young (Prepare Mixed) (G1 Evacuation Pause)
[2819.148s][info][gc,task        ] GC(548) Using 6 workers of 6 for evacuation
[2819.269s][info][gc,phases      ] GC(548)   Pre Evacuate Collection Set: 0.34ms
[2819.269s][info][gc,phases      ] GC(548)   Merge Heap Roots: 0.56ms
[2819.269s][info][gc,phases      ] GC(548)   Evacuate Collection Set: 118.90ms
[2819.269s][info][gc,phases      ] GC(548)   Post Evacuate Collection Set: 0.92ms
[2819.269s][info][gc,phases      ] GC(548)   Other: 0.09ms
[2819.269s][info][gc,heap        ] GC(548) Eden regions: 1119->0(1107)
[2819.269s][info][gc,heap        ] GC(548) Survivor regions: 109->111(154)
[2819.269s][info][gc,heap        ] GC(548) Old regions: 504->536
[2819.269s][info][gc,heap        ] GC(548) Humongous regions: 80->80
[2819.269s][info][gc,metaspace   ] GC(548) Metaspace: 28950K(29312K)->28950K(29312K) NonClass: 24071K(24256K)->24071K(24256K) Class: 4878K(5056K)->4878K(5056K)
[2819.269s][info][gc             ] GC(548) Pause Young (Prepare Mixed) (G1 Evacuation Pause) 3622M->1453M(4096M) 120.937ms
[2819.269s][info][gc,cpu         ] GC(548) User=0.72s Sys=0.00s Real=0.13s
...[2822.994s][info][gc,start       ] GC(549) Pause Young (Mixed) (G1 Evacuation Pause)
[2822.994s][info][gc,task        ] GC(549) Using 6 workers of 6 for evacuation
[2823.126s][info][gc,phases      ] GC(549)   Pre Evacuate Collection Set: 0.35ms
[2823.127s][info][gc,phases      ] GC(549)   Merge Heap Roots: 0.62ms
[2823.127s][info][gc,phases      ] GC(549)   Evacuate Collection Set: 129.78ms
[2823.127s][info][gc,phases      ] GC(549)   Post Evacuate Collection Set: 0.95ms
[2823.127s][info][gc,phases      ] GC(549)   Other: 0.09ms
[2823.127s][info][gc,heap        ] GC(549) Eden regions: 1107->0(1119)
[2823.127s][info][gc,heap        ] GC(549) Survivor regions: 111->109(153)
[2823.127s][info][gc,heap        ] GC(549) Old regions: 536->472
[2823.127s][info][gc,heap        ] GC(549) Humongous regions: 80->80
[2823.127s][info][gc,metaspace   ] GC(549) Metaspace: 28952K(29312K)->28952K(29312K) NonClass: 24073K(24256K)->24073K(24256K) Class: 4878K(5056K)->4878K(5056K)
[2823.127s][info][gc             ] GC(549) Pause Young (Mixed) (G1 Evacuation Pause) 3667M->1321M(4096M) 132.663ms
[2823.127s][info][gc,cpu         ] GC(549) User=0.79s Sys=0.00s Real=0.13s
....[2826.970s][info][gc,start       ] GC(550) Pause Young (Concurrent Start) (G1 Evacuation Pause)
[2826.970s][info][gc,task        ] GC(550) Using 6 workers of 6 for evacuation
[2827.087s][info][gc,phases      ] GC(550)   Pre Evacuate Collection Set: 0.41ms
[2827.087s][info][gc,phases      ] GC(550)   Merge Heap Roots: 0.46ms
[2827.087s][info][gc,phases      ] GC(550)   Evacuate Collection Set: 115.14ms
[2827.087s][info][gc,phases      ] GC(550)   Post Evacuate Collection Set: 0.85ms
[2827.087s][info][gc,phases      ] GC(550)   Other: 0.13ms
[2827.087s][info][gc,heap        ] GC(550) Eden regions: 1119->0(1121)
[2827.087s][info][gc,heap        ] GC(550) Survivor regions: 109->107(154)
[2827.087s][info][gc,heap        ] GC(550) Old regions: 472->506
[2827.087s][info][gc,heap        ] GC(550) Humongous regions: 80->80
[2827.087s][info][gc,metaspace   ] GC(550) Metaspace: 28952K(29312K)->28952K(29312K) NonClass: 24073K(24256K)->24073K(24256K) Class: 4878K(5056K)->4878K(5056K)
[2827.087s][info][gc             ] GC(550) Pause Young (Concurrent Start) (G1 Evacuation Pause) 3559M->1384M(4096M) 117.126ms
[2827.087s][info][gc             ] GC(551) Concurrent Mark Cycle
[2827.087s][info][gc,marking     ] GC(551) Concurrent Scan Root Regions
[2827.087s][info][gc,cpu         ] GC(550) User=0.70s Sys=0.00s Real=0.11s
.[2827.221s][info][gc,marking     ] GC(551) Concurrent Scan Root Regions 133.883ms
[2827.221s][info][gc,marking     ] GC(551) Concurrent Mark
[2827.221s][info][gc,marking     ] GC(551) Concurrent Mark From Roots
[2827.221s][info][gc,task        ] GC(551) Using 2 workers of 2 for marking
[2827.844s][info][gc,marking     ] GC(551) Concurrent Mark From Roots 622.630ms
[2827.844s][info][gc,marking     ] GC(551) Concurrent Preclean
[2827.844s][info][gc,marking     ] GC(551) Concurrent Preclean 0.087ms
[2827.844s][info][gc,start       ] GC(551) Pause Remark
[2827.849s][info][gc             ] GC(551) Pause Remark 1870M->1870M(4096M) 4.443ms
[2827.849s][info][gc,cpu         ] GC(551) User=0.03s Sys=0.00s Real=0.01s
[2827.849s][info][gc,marking     ] GC(551) Concurrent Mark 627.487ms
[2827.849s][info][gc,marking     ] GC(551) Concurrent Rebuild Remembered Sets and Scrub Regions
[2828.134s][info][gc,marking     ] GC(551) Concurrent Rebuild Remembered Sets and Scrub Regions 285.140ms
[2828.134s][info][gc,start       ] GC(551) Pause Cleanup
[2828.135s][info][gc             ] GC(551) Pause Cleanup 2034M->2034M(4096M) 0.838ms
[2828.135s][info][gc,cpu         ] GC(551) User=0.01s Sys=0.00s Real=0.00s
[2828.135s][info][gc,marking     ] GC(551) Concurrent Clear Claimed Marks
[2828.135s][info][gc,marking     ] GC(551) Concurrent Clear Claimed Marks 0.031ms
[2828.135s][info][gc,marking     ] GC(551) Concurrent Cleanup for Next Mark
[2828.138s][info][gc,marking     ] GC(551) Concurrent Cleanup for Next Mark 3.225ms
[2828.138s][info][gc             ] GC(551) Concurrent Mark Cycle 1050.974ms
...[2831.063s][info][gc,start       ] GC(552) Pause Young (Prepare Mixed) (G1 Evacuation Pause)
[2831.063s][info][gc,task        ] GC(552) Using 6 workers of 6 for evacuation
[2831.182s][info][gc,phases      ] GC(552)   Pre Evacuate Collection Set: 0.35ms
[2831.183s][info][gc,phases      ] GC(552)   Merge Heap Roots: 0.56ms
[2831.183s][info][gc,phases      ] GC(552)   Evacuate Collection Set: 117.20ms
[2831.183s][info][gc,phases      ] GC(552)   Post Evacuate Collection Set: 0.98ms
[2831.183s][info][gc,phases      ] GC(552)   Other: 0.09ms
[2831.183s][info][gc,heap        ] GC(552) Eden regions: 1121->0(1104)
[2831.183s][info][gc,heap        ] GC(552) Survivor regions: 107->112(154)
[2831.183s][info][gc,heap        ] GC(552) Old regions: 506->537
[2831.183s][info][gc,heap        ] GC(552) Humongous regions: 80->80
[2831.183s][info][gc,metaspace   ] GC(552) Metaspace: 28952K(29312K)->28952K(29312K) NonClass: 24073K(24256K)->24073K(24256K) Class: 4878K(5056K)->4878K(5056K)
[2831.183s][info][gc             ] GC(552) Pause Young (Prepare Mixed) (G1 Evacuation Pause) 3626M->1456M(4096M) 119.341ms
[2831.183s][info][gc,cpu         ] GC(552) User=0.70s Sys=0.01s Real=0.12s
....[2834.990s][info][gc,start       ] GC(553) Pause Young (Mixed) (G1 Evacuation Pause)
[2834.990s][info][gc,task        ] GC(553) Using 6 workers of 6 for evacuation
[2835.127s][info][gc,phases      ] GC(553)   Pre Evacuate Collection Set: 0.33ms
[2835.127s][info][gc,phases      ] GC(553)   Merge Heap Roots: 0.74ms
[2835.127s][info][gc,phases      ] GC(553)   Evacuate Collection Set: 135.68ms
[2835.127s][info][gc,phases      ] GC(553)   Post Evacuate Collection Set: 0.86ms
[2835.127s][info][gc,phases      ] GC(553)   Other: 0.08ms
[2835.127s][info][gc,heap        ] GC(553) Eden regions: 1104->0(1119)
[2835.127s][info][gc,heap        ] GC(553) Survivor regions: 112->109(152)
[2835.127s][info][gc,heap        ] GC(553) Old regions: 537->475
[2835.127s][info][gc,heap        ] GC(553) Humongous regions: 80->80
[2835.127s][info][gc,metaspace   ] GC(553) Metaspace: 28952K(29312K)->28952K(29312K) NonClass: 24073K(24256K)->24073K(24256K) Class: 4878K(5056K)->4878K(5056K)
[2835.127s][info][gc             ] GC(553) Pause Young (Mixed) (G1 Evacuation Pause) 3664M->1326M(4096M) 137.818ms
[2835.127s][info][gc,cpu         ] GC(553) User=0.82s Sys=0.00s Real=0.13s
....[2838.990s][info][gc,start       ] GC(554) Pause Young (Concurrent Start) (G1 Evacuation Pause)
[2838.990s][info][gc,task        ] GC(554) Using 6 workers of 6 for evacuation
[2839.107s][info][gc,phases      ] GC(554)   Pre Evacuate Collection Set: 0.35ms
[2839.107s][info][gc,phases      ] GC(554)   Merge Heap Roots: 0.55ms
[2839.107s][info][gc,phases      ] GC(554)   Evacuate Collection Set: 115.37ms
[2839.107s][info][gc,phases      ] GC(554)   Post Evacuate Collection Set: 0.91ms
[2839.107s][info][gc,phases      ] GC(554)   Other: 0.12ms
[2839.107s][info][gc,heap        ] GC(554) Eden regions: 1119->0(1120)
[2839.107s][info][gc,heap        ] GC(554) Survivor regions: 109->108(154)
[2839.107s][info][gc,heap        ] GC(554) Old regions: 475->507
[2839.107s][info][gc,heap        ] GC(554) Humongous regions: 80->80
[2839.107s][info][gc,metaspace   ] GC(554) Metaspace: 28952K(29312K)->28952K(29312K) NonClass: 24073K(24256K)->24073K(24256K) Class: 4878K(5056K)->4878K(5056K)
[2839.107s][info][gc             ] GC(554) Pause Young (Concurrent Start) (G1 Evacuation Pause) 3564M->1388M(4096M) 117.428ms
[2839.107s][info][gc             ] GC(555) Concurrent Mark Cycle
[2839.107s][info][gc,marking     ] GC(555) Concurrent Scan Root Regions
[2839.107s][info][gc,cpu         ] GC(554) User=0.70s Sys=0.00s Real=0.11s
.[2839.274s][info][gc,marking     ] GC(555) Concurrent Scan Root Regions 166.780ms
[2839.274s][info][gc,marking     ] GC(555) Concurrent Mark
[2839.274s][info][gc,marking     ] GC(555) Concurrent Mark From Roots
[2839.274s][info][gc,task        ] GC(555) Using 2 workers of 2 for marking
[2839.980s][info][gc,marking     ] GC(555) Concurrent Mark From Roots 705.802ms
[2839.980s][info][gc,marking     ] GC(555) Concurrent Preclean
[2839.980s][info][gc,marking     ] GC(555) Concurrent Preclean 0.058ms
[2839.980s][info][gc,start       ] GC(555) Pause Remark
[2839.984s][info][gc             ] GC(555) Pause Remark 1896M->1896M(4096M) 4.531ms
[2839.985s][info][gc,cpu         ] GC(555) User=0.02s Sys=0.01s Real=0.00s
[2839.985s][info][gc,marking     ] GC(555) Concurrent Mark 710.634ms
[2839.985s][info][gc,marking     ] GC(555) Concurrent Rebuild Remembered Sets and Scrub Regions
.[2840.239s][info][gc,marking     ] GC(555) Concurrent Rebuild Remembered Sets and Scrub Regions 254.223ms
[2840.239s][info][gc,start       ] GC(555) Pause Cleanup
[2840.239s][info][gc             ] GC(555) Pause Cleanup 2038M->2038M(4096M) 0.122ms
[2840.239s][info][gc,cpu         ] GC(555) User=0.00s Sys=0.00s Real=0.00s
[2840.239s][info][gc,marking     ] GC(555) Concurrent Clear Claimed Marks
[2840.239s][info][gc,marking     ] GC(555) Concurrent Clear Claimed Marks 0.033ms
[2840.239s][info][gc,marking     ] GC(555) Concurrent Cleanup for Next Mark
[2840.258s][info][gc,marking     ] GC(555) Concurrent Cleanup for Next Mark 18.714ms
[2840.258s][info][gc             ] GC(555) Concurrent Mark Cycle 1151.118ms
..[2843.045s][info][gc,start       ] GC(556) Pause Young (Prepare Mixed) (G1 Evacuation Pause)
[2843.045s][info][gc,task        ] GC(556) Using 6 workers of 6 for evacuation
[2843.163s][info][gc,phases      ] GC(556)   Pre Evacuate Collection Set: 0.33ms
[2843.163s][info][gc,phases      ] GC(556)   Merge Heap Roots: 0.49ms
[2843.163s][info][gc,phases      ] GC(556)   Evacuate Collection Set: 116.65ms
[2843.163s][info][gc,phases      ] GC(556)   Post Evacuate Collection Set: 0.90ms
[2843.163s][info][gc,phases      ] GC(556)   Other: 0.08ms
[2843.163s][info][gc,heap        ] GC(556) Eden regions: 1120->0(1105)
[2843.163s][info][gc,heap        ] GC(556) Survivor regions: 108->111(154)
[2843.163s][info][gc,heap        ] GC(556) Old regions: 507->538
[2843.163s][info][gc,heap        ] GC(556) Humongous regions: 80->80
[2843.163s][info][gc,metaspace   ] GC(556) Metaspace: 28952K(29312K)->28952K(29312K) NonClass: 24073K(24256K)->24073K(24256K) Class: 4878K(5056K)->4878K(5056K)
[2843.163s][info][gc             ] GC(556) Pause Young (Prepare Mixed) (G1 Evacuation Pause) 3628M->1457M(4096M) 118.575ms
[2843.163s][info][gc,cpu         ] GC(556) User=0.71s Sys=0.00s Real=0.12s
....[2847.039s][info][gc,start       ] GC(557) Pause Young (Mixed) (G1 Evacuation Pause)
[2847.039s][info][gc,task        ] GC(557) Using 6 workers of 6 for evacuation
[2847.169s][info][gc,phases      ] GC(557)   Pre Evacuate Collection Set: 0.36ms
[2847.169s][info][gc,phases      ] GC(557)   Merge Heap Roots: 0.64ms
[2847.169s][info][gc,phases      ] GC(557)   Evacuate Collection Set: 127.69ms
[2847.169s][info][gc,phases      ] GC(557)   Post Evacuate Collection Set: 0.94ms
[2847.169s][info][gc,phases      ] GC(557)   Other: 0.10ms
[2847.169s][info][gc,heap        ] GC(557) Eden regions: 1105->0(1119)
[2847.169s][info][gc,heap        ] GC(557) Survivor regions: 111->109(152)
[2847.169s][info][gc,heap        ] GC(557) Old regions: 538->473
[2847.169s][info][gc,heap        ] GC(557) Humongous regions: 80->80
[2847.169s][info][gc,metaspace   ] GC(557) Metaspace: 28952K(29312K)->28952K(29312K) NonClass: 24073K(24256K)->24073K(24256K) Class: 4878K(5056K)->4878K(5056K)
[2847.169s][info][gc             ] GC(557) Pause Young (Mixed) (G1 Evacuation Pause) 3667M->1322M(4096M) 129.868ms
[2847.169s][info][gc,cpu         ] GC(557) User=0.77s Sys=0.00s Real=0.13s
....[2851.085s][info][gc,start       ] GC(558) Pause Young (Concurrent Start) (G1 Evacuation Pause)
[2851.085s][info][gc,task        ] GC(558) Using 6 workers of 6 for evacuation
[2851.202s][info][gc,phases      ] GC(558)   Pre Evacuate Collection Set: 0.44ms
[2851.202s][info][gc,phases      ] GC(558)   Merge Heap Roots: 0.59ms
[2851.202s][info][gc,phases      ] GC(558)   Evacuate Collection Set: 115.26ms
[2851.202s][info][gc,phases      ] GC(558)   Post Evacuate Collection Set: 0.91ms
[2851.202s][info][gc,phases      ] GC(558)   Other: 0.14ms
[2851.202s][info][gc,heap        ] GC(558) Eden regions: 1119->0(1118)
[2851.202s][info][gc,heap        ] GC(558) Survivor regions: 109->110(154)
[2851.202s][info][gc,heap        ] GC(558) Old regions: 473->505
[2851.202s][info][gc,heap        ] GC(558) Humongous regions: 80->80
[2851.202s][info][gc,metaspace   ] GC(558) Metaspace: 28952K(29312K)->28952K(29312K) NonClass: 24073K(24256K)->24073K(24256K) Class: 4878K(5056K)->4878K(5056K)
[2851.202s][info][gc             ] GC(558) Pause Young (Concurrent Start) (G1 Evacuation Pause) 3560M->1387M(4096M) 117.492ms
[2851.202s][info][gc             ] GC(559) Concurrent Mark Cycle
[2851.202s][info][gc,marking     ] GC(559) Concurrent Scan Root Regions
[2851.202s][info][gc,cpu         ] GC(558) User=0.70s Sys=0.00s Real=0.12s
.[2851.393s][info][gc,marking     ] GC(559) Concurrent Scan Root Regions 190.331ms
[2851.393s][info][gc,marking     ] GC(559) Concurrent Mark
[2851.393s][info][gc,marking     ] GC(559) Concurrent Mark From Roots
[2851.393s][info][gc,task        ] GC(559) Using 2 workers of 2 for marking
[2852.111s][info][gc,marking     ] GC(559) Concurrent Mark From Roots 717.760ms
[2852.111s][info][gc,marking     ] GC(559) Concurrent Preclean
[2852.111s][info][gc,marking     ] GC(559) Concurrent Preclean 0.074ms
[2852.111s][info][gc,start       ] GC(559) Pause Remark
[2852.115s][info][gc             ] GC(559) Pause Remark 1939M->1939M(4096M) 4.256ms
[2852.115s][info][gc,cpu         ] GC(559) User=0.02s Sys=0.00s Real=0.00s
[2852.115s][info][gc,marking     ] GC(559) Concurrent Mark 722.327ms
[2852.115s][info][gc,marking     ] GC(559) Concurrent Rebuild Remembered Sets and Scrub Regions
.[2852.405s][info][gc,marking     ] GC(559) Concurrent Rebuild Remembered Sets and Scrub Regions 289.513ms
[2852.405s][info][gc,start       ] GC(559) Pause Cleanup
[2852.405s][info][gc             ] GC(559) Pause Cleanup 2141M->2141M(4096M) 0.108ms
[2852.405s][info][gc,cpu         ] GC(559) User=0.00s Sys=0.00s Real=0.00s
[2852.405s][info][gc,marking     ] GC(559) Concurrent Clear Claimed Marks
[2852.405s][info][gc,marking     ] GC(559) Concurrent Clear Claimed Marks 0.025ms
[2852.405s][info][gc,marking     ] GC(559) Concurrent Cleanup for Next Mark
[2852.408s][info][gc,marking     ] GC(559) Concurrent Cleanup for Next Mark 3.182ms
[2852.408s][info][gc             ] GC(559) Concurrent Mark Cycle 1205.797ms
..[2855.035s][info][gc,start       ] GC(560) Pause Young (Prepare Mixed) (G1 Evacuation Pause)
[2855.035s][info][gc,task        ] GC(560) Using 6 workers of 6 for evacuation
[2855.155s][info][gc,phases      ] GC(560)   Pre Evacuate Collection Set: 0.34ms
[2855.155s][info][gc,phases      ] GC(560)   Merge Heap Roots: 0.58ms
[2855.155s][info][gc,phases      ] GC(560)   Evacuate Collection Set: 117.63ms
[2855.155s][info][gc,phases      ] GC(560)   Post Evacuate Collection Set: 0.95ms
[2855.155s][info][gc,phases      ] GC(560)   Other: 0.09ms
[2855.155s][info][gc,heap        ] GC(560) Eden regions: 1118->0(1108)
[2855.155s][info][gc,heap        ] GC(560) Survivor regions: 110->110(154)
[2855.155s][info][gc,heap        ] GC(560) Old regions: 505->537
[2855.155s][info][gc,heap        ] GC(560) Humongous regions: 80->80
[2855.155s][info][gc,metaspace   ] GC(560) Metaspace: 28952K(29312K)->28952K(29312K) NonClass: 24073K(24256K)->24073K(24256K) Class: 4878K(5056K)->4878K(5056K)
[2855.155s][info][gc             ] GC(560) Pause Young (Prepare Mixed) (G1 Evacuation Pause) 3623M->1452M(4096M) 119.713ms
[2855.155s][info][gc,cpu         ] GC(560) User=0.72s Sys=0.00s Real=0.12s
....[2859.033s][info][gc,start       ] GC(561) Pause Young (Mixed) (G1 Evacuation Pause)
[2859.033s][info][gc,task        ] GC(561) Using 6 workers of 6 for evacuation
[2859.168s][info][gc,phases      ] GC(561)   Pre Evacuate Collection Set: 0.35ms
[2859.168s][info][gc,phases      ] GC(561)   Merge Heap Roots: 0.83ms
[2859.168s][info][gc,phases      ] GC(561)   Evacuate Collection Set: 133.36ms
[2859.168s][info][gc,phases      ] GC(561)   Post Evacuate Collection Set: 0.92ms
[2859.168s][info][gc,phases      ] GC(561)   Other: 0.09ms
[2859.168s][info][gc,heap        ] GC(561) Eden regions: 1108->0(1119)
[2859.168s][info][gc,heap        ] GC(561) Survivor regions: 110->109(153)
[2859.168s][info][gc,heap        ] GC(561) Old regions: 537->475
[2859.168s][info][gc,heap        ] GC(561) Humongous regions: 80->80
[2859.168s][info][gc,metaspace   ] GC(561) Metaspace: 28952K(29312K)->28952K(29312K) NonClass: 24073K(24256K)->24073K(24256K) Class: 4878K(5056K)->4878K(5056K)
[2859.169s][info][gc             ] GC(561) Pause Young (Mixed) (G1 Evacuation Pause) 3668M->1325M(4096M) 135.695ms
[2859.169s][info][gc,cpu         ] GC(561) User=0.81s Sys=0.00s Real=0.14s
....[2863.011s][info][gc,start       ] GC(562) Pause Young (Concurrent Start) (G1 Evacuation Pause)
[2863.011s][info][gc,task        ] GC(562) Using 6 workers of 6 for evacuation
[2863.128s][info][gc,phases      ] GC(562)   Pre Evacuate Collection Set: 0.35ms
[2863.128s][info][gc,phases      ] GC(562)   Merge Heap Roots: 0.50ms
[2863.128s][info][gc,phases      ] GC(562)   Evacuate Collection Set: 115.23ms
[2863.128s][info][gc,phases      ] GC(562)   Post Evacuate Collection Set: 0.89ms
[2863.128s][info][gc,phases      ] GC(562)   Other: 0.11ms
[2863.128s][info][gc,heap        ] GC(562) Eden regions: 1119->0(1120)
[2863.128s][info][gc,heap        ] GC(562) Survivor regions: 109->108(154)
[2863.128s][info][gc,heap        ] GC(562) Old regions: 475->507
[2863.128s][info][gc,heap        ] GC(562) Humongous regions: 80->80
[2863.128s][info][gc,metaspace   ] GC(562) Metaspace: 28952K(29312K)->28952K(29312K) NonClass: 24073K(24256K)->24073K(24256K) Class: 4878K(5056K)->4878K(5056K)
[2863.128s][info][gc             ] GC(562) Pause Young (Concurrent Start) (G1 Evacuation Pause) 3563M->1387M(4096M) 117.216ms
[2863.128s][info][gc             ] GC(563) Concurrent Mark Cycle
[2863.128s][info][gc,marking     ] GC(563) Concurrent Scan Root Regions
[2863.128s][info][gc,cpu         ] GC(562) User=0.70s Sys=0.00s Real=0.11s
.[2863.307s][info][gc,marking     ] GC(563) Concurrent Scan Root Regions 178.114ms
[2863.307s][info][gc,marking     ] GC(563) Concurrent Mark
[2863.307s][info][gc,marking     ] GC(563) Concurrent Mark From Roots
[2863.307s][info][gc,task        ] GC(563) Using 2 workers of 2 for marking
[2863.866s][info][gc,marking     ] GC(563) Concurrent Mark From Roots 559.804ms
[2863.866s][info][gc,marking     ] GC(563) Concurrent Preclean
[2863.867s][info][gc,marking     ] GC(563) Concurrent Preclean 0.074ms
[2863.867s][info][gc,start       ] GC(563) Pause Remark
[2863.871s][info][gc             ] GC(563) Pause Remark 1879M->1879M(4096M) 4.635ms
[2863.871s][info][gc,cpu         ] GC(563) User=0.03s Sys=0.00s Real=0.01s
[2863.871s][info][gc,marking     ] GC(563) Concurrent Mark 564.786ms
[2863.871s][info][gc,marking     ] GC(563) Concurrent Rebuild Remembered Sets and Scrub Regions
[2864.080s][info][gc,marking     ] GC(563) Concurrent Rebuild Remembered Sets and Scrub Regions 208.488ms
[2864.080s][info][gc,start       ] GC(563) Pause Cleanup
[2864.080s][info][gc             ] GC(563) Pause Cleanup 1984M->1984M(4096M) 0.100ms
[2864.080s][info][gc,cpu         ] GC(563) User=0.00s Sys=0.00s Real=0.00s
[2864.080s][info][gc,marking     ] GC(563) Concurrent Clear Claimed Marks
[2864.080s][info][gc,marking     ] GC(563) Concurrent Clear Claimed Marks 0.030ms
[2864.080s][info][gc,marking     ] GC(563) Concurrent Cleanup for Next Mark
[2864.083s][info][gc,marking     ] GC(563) Concurrent Cleanup for Next Mark 3.145ms
[2864.083s][info][gc             ] GC(563) Concurrent Mark Cycle 954.961ms
...[2867.029s][info][gc,start       ] GC(564) Pause Young (Prepare Mixed) (G1 Evacuation Pause)
[2867.029s][info][gc,task        ] GC(564) Using 6 workers of 6 for evacuation
[2867.145s][info][gc,phases      ] GC(564)   Pre Evacuate Collection Set: 0.32ms
[2867.145s][info][gc,phases      ] GC(564)   Merge Heap Roots: 0.53ms
[2867.145s][info][gc,phases      ] GC(564)   Evacuate Collection Set: 114.33ms
[2867.145s][info][gc,phases      ] GC(564)   Post Evacuate Collection Set: 0.91ms
[2867.145s][info][gc,phases      ] GC(564)   Other: 0.09ms
[2867.145s][info][gc,heap        ] GC(564) Eden regions: 1120->0(1109)
[2867.145s][info][gc,heap        ] GC(564) Survivor regions: 108->109(154)
[2867.145s][info][gc,heap        ] GC(564) Old regions: 507->538
[2867.145s][info][gc,heap        ] GC(564) Humongous regions: 80->80
[2867.145s][info][gc,metaspace   ] GC(564) Metaspace: 28952K(29312K)->28952K(29312K) NonClass: 24073K(24256K)->24073K(24256K) Class: 4878K(5056K)->4878K(5056K)
[2867.145s][info][gc             ] GC(564) Pause Young (Prepare Mixed) (G1 Evacuation Pause) 3627M->1452M(4096M) 116.306ms
[2867.145s][info][gc,cpu         ] GC(564) User=0.69s Sys=0.00s Real=0.11s
....[2871.007s][info][gc,start       ] GC(565) Pause Young (Mixed) (G1 Evacuation Pause)
[2871.007s][info][gc,task        ] GC(565) Using 6 workers of 6 for evacuation
[2871.139s][info][gc,phases      ] GC(565)   Pre Evacuate Collection Set: 0.35ms
[2871.139s][info][gc,phases      ] GC(565)   Merge Heap Roots: 0.79ms
[2871.139s][info][gc,phases      ] GC(565)   Evacuate Collection Set: 130.24ms
[2871.139s][info][gc,phases      ] GC(565)   Post Evacuate Collection Set: 0.95ms
[2871.139s][info][gc,phases      ] GC(565)   Other: 0.09ms
[2871.139s][info][gc,heap        ] GC(565) Eden regions: 1109->0(1119)
[2871.139s][info][gc,heap        ] GC(565) Survivor regions: 109->109(153)
[2871.139s][info][gc,heap        ] GC(565) Old regions: 538->473
[2871.139s][info][gc,heap        ] GC(565) Humongous regions: 80->80
[2871.139s][info][gc,metaspace   ] GC(565) Metaspace: 28952K(29312K)->28952K(29312K) NonClass: 24073K(24256K)->24073K(24256K) Class: 4878K(5056K)->4878K(5056K)
[2871.139s][info][gc             ] GC(565) Pause Young (Mixed) (G1 Evacuation Pause) 3670M->1323M(4096M) 132.550ms
[2871.139s][info][gc,cpu         ] GC(565) User=0.79s Sys=0.01s Real=0.14s
....[2875.085s][info][gc,start       ] GC(566) Pause Young (Concurrent Start) (G1 Evacuation Pause)
[2875.085s][info][gc,task        ] GC(566) Using 6 workers of 6 for evacuation
[2875.204s][info][gc,phases      ] GC(566)   Pre Evacuate Collection Set: 0.41ms
[2875.204s][info][gc,phases      ] GC(566)   Merge Heap Roots: 0.56ms
[2875.204s][info][gc,phases      ] GC(566)   Evacuate Collection Set: 116.43ms
[2875.204s][info][gc,phases      ] GC(566)   Post Evacuate Collection Set: 0.87ms
[2875.204s][info][gc,phases      ] GC(566)   Other: 0.12ms
[2875.204s][info][gc,heap        ] GC(566) Eden regions: 1119->0(1119)
[2875.204s][info][gc,heap        ] GC(566) Survivor regions: 109->109(154)
[2875.204s][info][gc,heap        ] GC(566) Old regions: 473->505
[2875.204s][info][gc,heap        ] GC(566) Humongous regions: 80->80
[2875.204s][info][gc,metaspace   ] GC(566) Metaspace: 28952K(29312K)->28952K(29312K) NonClass: 24073K(24256K)->24073K(24256K) Class: 4878K(5056K)->4878K(5056K)
[2875.204s][info][gc             ] GC(566) Pause Young (Concurrent Start) (G1 Evacuation Pause) 3561M->1386M(4096M) 118.534ms
[2875.204s][info][gc             ] GC(567) Concurrent Mark Cycle
[2875.204s][info][gc,marking     ] GC(567) Concurrent Scan Root Regions
[2875.204s][info][gc,cpu         ] GC(566) User=0.70s Sys=0.00s Real=0.12s
.[2875.355s][info][gc,marking     ] GC(567) Concurrent Scan Root Regions 151.246ms
[2875.355s][info][gc,marking     ] GC(567) Concurrent Mark
[2875.355s][info][gc,marking     ] GC(567) Concurrent Mark From Roots
[2875.355s][info][gc,task        ] GC(567) Using 2 workers of 2 for marking
[2875.903s][info][gc,marking     ] GC(567) Concurrent Mark From Roots 547.627ms
[2875.903s][info][gc,marking     ] GC(567) Concurrent Preclean
[2875.903s][info][gc,marking     ] GC(567) Concurrent Preclean 0.070ms
[2875.904s][info][gc,start       ] GC(567) Pause Remark
[2875.908s][info][gc             ] GC(567) Pause Remark 1826M->1826M(4096M) 3.926ms
[2875.908s][info][gc,cpu         ] GC(567) User=0.02s Sys=0.00s Real=0.00s
[2875.908s][info][gc,marking     ] GC(567) Concurrent Mark 553.423ms
[2875.908s][info][gc,marking     ] GC(567) Concurrent Rebuild Remembered Sets and Scrub Regions
[2876.120s][info][gc,marking     ] GC(567) Concurrent Rebuild Remembered Sets and Scrub Regions 211.343ms
[2876.121s][info][gc,start       ] GC(567) Pause Cleanup
[2876.121s][info][gc             ] GC(567) Pause Cleanup 1946M->1946M(4096M) 0.117ms
[2876.121s][info][gc,cpu         ] GC(567) User=0.00s Sys=0.00s Real=0.00s
[2876.121s][info][gc,marking     ] GC(567) Concurrent Clear Claimed Marks
[2876.121s][info][gc,marking     ] GC(567) Concurrent Clear Claimed Marks 0.032ms
[2876.121s][info][gc,marking     ] GC(567) Concurrent Cleanup for Next Mark
[2876.125s][info][gc,marking     ] GC(567) Concurrent Cleanup for Next Mark 4.465ms
[2876.125s][info][gc             ] GC(567) Concurrent Mark Cycle 921.535ms
...[2879.027s][info][gc,start       ] GC(568) Pause Young (Prepare Mixed) (G1 Evacuation Pause)
[2879.027s][info][gc,task        ] GC(568) Using 6 workers of 6 for evacuation
[2879.151s][info][gc,phases      ] GC(568)   Pre Evacuate Collection Set: 0.30ms
[2879.151s][info][gc,phases      ] GC(568)   Merge Heap Roots: 0.52ms
[2879.151s][info][gc,phases      ] GC(568)   Evacuate Collection Set: 122.30ms
[2879.151s][info][gc,phases      ] GC(568)   Post Evacuate Collection Set: 0.92ms
[2879.151s][info][gc,phases      ] GC(568)   Other: 0.09ms
[2879.151s][info][gc,heap        ] GC(568) Eden regions: 1119->0(1098)
[2879.151s][info][gc,heap        ] GC(568) Survivor regions: 109->115(154)
[2879.151s][info][gc,heap        ] GC(568) Old regions: 505->537
[2879.151s][info][gc,heap        ] GC(568) Humongous regions: 80->80
[2879.151s][info][gc,metaspace   ] GC(568) Metaspace: 28952K(29312K)->28952K(29312K) NonClass: 24073K(24256K)->24073K(24256K) Class: 4878K(5056K)->4878K(5056K)
[2879.151s][info][gc             ] GC(568) Pause Young (Prepare Mixed) (G1 Evacuation Pause) 3624M->1462M(4096M) 124.261ms
[2879.151s][info][gc,cpu         ] GC(568) User=0.74s Sys=0.00s Real=0.13s
. (rIR:aIR:PR = 4705:4708:4708) (tPR = 70212) [OK] 
  2879s: Performance info:
         Transaction,    Success,    Partial,     Failed,   Receipts, AvgBarcode, 
             Overall,     283891,          0,          0,     269695,      59.48, 
         Response times:
             Request,    Success,    Partial,     Failed,   SkipFail,     Probes,    Samples,      min,      p50,      p90,      p95,      p99,      max, 
       TotalPurchase,     269694,          0,          0,          0,     261097,     283337,      300,     3900,     7500,    14100,    53000,   202000,
     InStorePurchase,     141927,          0,          0,          0,     137640,     149197,      300,     3900,     7600,    14700,    53000,   202000,
      OnlinePurchase,      99373,          0,          0,          0,      96114,     104247,      300,     3900,     7300,    13460,    54000,   186000,
        InstPurchase,      28394,          0,          0,          0,      27343,      29893,      400,     3700,     7400,    13500,    50000,   186000,
          AssocOfCat,        287,          0,          0,          0,        224,        307,    19800,    32000,    48000,    59000,   175440,   183000,
      AssocOfProduct,       2836,          0,          0,          0,       2598,       2954,      500,     4300,     7800,    12325,    53450,   136000,
      BusinessReport,        718,          0,          0,          0,        622,        777,    21000,    37000,    57000,    70000,   164660,   197000,
          CustBuyBeh,       2844,          0,          0,          0,       2636,       2999,      200,     3200,     7000,    12400,    48000,   186000,
       ProductReturn,       7515,          0,          0,          0,       7139,       7823,      200,     1800,     5800,     9100,    42000,   201000,

  2879s: (35%)   IR =   4843 ...[2882.930s][info][gc,start       ] GC(569) Pause Young (Mixed) (G1 Evacuation Pause)
[2882.930s][info][gc,task        ] GC(569) Using 6 workers of 6 for evacuation
[2883.064s][info][gc,phases      ] GC(569)   Pre Evacuate Collection Set: 0.35ms
[2883.064s][info][gc,phases      ] GC(569)   Merge Heap Roots: 0.84ms
[2883.064s][info][gc,phases      ] GC(569)   Evacuate Collection Set: 131.79ms
[2883.064s][info][gc,phases      ] GC(569)   Post Evacuate Collection Set: 1.00ms
[2883.064s][info][gc,phases      ] GC(569)   Other: 0.08ms
[2883.064s][info][gc,heap        ] GC(569) Eden regions: 1098->0(1120)
[2883.064s][info][gc,heap        ] GC(569) Survivor regions: 115->108(152)
[2883.064s][info][gc,heap        ] GC(569) Old regions: 537->474
[2883.064s][info][gc,heap        ] GC(569) Humongous regions: 80->80
[2883.064s][info][gc,metaspace   ] GC(569) Metaspace: 28952K(29312K)->28952K(29312K) NonClass: 24073K(24256K)->24073K(24256K) Class: 4878K(5056K)->4878K(5056K)
[2883.064s][info][gc             ] GC(569) Pause Young (Mixed) (G1 Evacuation Pause) 3658M->1322M(4096M) 134.194ms
[2883.064s][info][gc,cpu         ] GC(569) User=0.80s Sys=0.00s Real=0.13s
...|.[2886.797s][info][gc,start       ] GC(570) Pause Young (Concurrent Start) (G1 Evacuation Pause)
[2886.797s][info][gc,task        ] GC(570) Using 6 workers of 6 for evacuation
[2886.919s][info][gc,phases      ] GC(570)   Pre Evacuate Collection Set: 0.36ms
[2886.919s][info][gc,phases      ] GC(570)   Merge Heap Roots: 0.57ms
[2886.919s][info][gc,phases      ] GC(570)   Evacuate Collection Set: 120.12ms
[2886.919s][info][gc,phases      ] GC(570)   Post Evacuate Collection Set: 0.90ms
[2886.919s][info][gc,phases      ] GC(570)   Other: 0.11ms
[2886.919s][info][gc,heap        ] GC(570) Eden regions: 1120->0(1115)
[2886.919s][info][gc,heap        ] GC(570) Survivor regions: 108->113(154)
[2886.919s][info][gc,heap        ] GC(570) Old regions: 474->506
[2886.919s][info][gc,heap        ] GC(570) Humongous regions: 80->80
[2886.919s][info][gc,metaspace   ] GC(570) Metaspace: 28952K(29312K)->28952K(29312K) NonClass: 24073K(24256K)->24073K(24256K) Class: 4878K(5056K)->4878K(5056K)
[2886.919s][info][gc             ] GC(570) Pause Young (Concurrent Start) (G1 Evacuation Pause) 3562M->1395M(4096M) 122.192ms
[2886.919s][info][gc             ] GC(571) Concurrent Mark Cycle
[2886.919s][info][gc,marking     ] GC(571) Concurrent Scan Root Regions
[2886.919s][info][gc,cpu         ] GC(570) User=0.72s Sys=0.00s Real=0.13s
[2887.101s][info][gc,marking     ] GC(571) Concurrent Scan Root Regions 181.568ms
[2887.101s][info][gc,marking     ] GC(571) Concurrent Mark
[2887.101s][info][gc,marking     ] GC(571) Concurrent Mark From Roots
[2887.101s][info][gc,task        ] GC(571) Using 2 workers of 2 for marking
.[2887.843s][info][gc,marking     ] GC(571) Concurrent Mark From Roots 742.235ms
[2887.843s][info][gc,marking     ] GC(571) Concurrent Preclean
[2887.843s][info][gc,marking     ] GC(571) Concurrent Preclean 0.098ms
[2887.843s][info][gc,start       ] GC(571) Pause Remark
[2887.848s][info][gc             ] GC(571) Pause Remark 2001M->2001M(4096M) 4.991ms
[2887.848s][info][gc,cpu         ] GC(571) User=0.03s Sys=0.00s Real=0.00s
[2887.848s][info][gc,marking     ] GC(571) Concurrent Mark 747.588ms
[2887.848s][info][gc,marking     ] GC(571) Concurrent Rebuild Remembered Sets and Scrub Regions
[2888.079s][info][gc,marking     ] GC(571) Concurrent Rebuild Remembered Sets and Scrub Regions 230.698ms
[2888.079s][info][gc,start       ] GC(571) Pause Cleanup
[2888.079s][info][gc             ] GC(571) Pause Cleanup 2122M->2122M(4096M) 0.102ms
[2888.079s][info][gc,cpu         ] GC(571) User=0.00s Sys=0.00s Real=0.00s
[2888.079s][info][gc,marking     ] GC(571) Concurrent Clear Claimed Marks
[2888.079s][info][gc,marking     ] GC(571) Concurrent Clear Claimed Marks 0.029ms
[2888.079s][info][gc,marking     ] GC(571) Concurrent Cleanup for Next Mark
[2888.083s][info][gc,marking     ] GC(571) Concurrent Cleanup for Next Mark 3.701ms
[2888.083s][info][gc             ] GC(571) Concurrent Mark Cycle 1164.011ms
...[2890.663s][info][gc,start       ] GC(572) Pause Young (Prepare Mixed) (G1 Evacuation Pause)
[2890.663s][info][gc,task        ] GC(572) Using 6 workers of 6 for evacuation
[2890.779s][info][gc,phases      ] GC(572)   Pre Evacuate Collection Set: 0.34ms
[2890.779s][info][gc,phases      ] GC(572)   Merge Heap Roots: 0.57ms
[2890.779s][info][gc,phases      ] GC(572)   Evacuate Collection Set: 113.76ms
[2890.779s][info][gc,phases      ] GC(572)   Post Evacuate Collection Set: 0.94ms
[2890.779s][info][gc,phases      ] GC(572)   Other: 0.09ms
[2890.779s][info][gc,heap        ] GC(572) Eden regions: 1115->0(1113)
[2890.779s][info][gc,heap        ] GC(572) Survivor regions: 113->107(154)
[2890.779s][info][gc,heap        ] GC(572) Old regions: 506->538
[2890.779s][info][gc,heap        ] GC(572) Humongous regions: 80->80
[2890.779s][info][gc,metaspace   ] GC(572) Metaspace: 28952K(29312K)->28952K(29312K) NonClass: 24073K(24256K)->24073K(24256K) Class: 4878K(5056K)->4878K(5056K)
[2890.779s][info][gc             ] GC(572) Pause Young (Prepare Mixed) (G1 Evacuation Pause) 3625M->1449M(4096M) 115.822ms
[2890.779s][info][gc,cpu         ] GC(572) User=0.69s Sys=0.00s Real=0.12s
....[2894.529s][info][gc,start       ] GC(573) Pause Young (Mixed) (G1 Evacuation Pause)
[2894.529s][info][gc,task        ] GC(573) Using 6 workers of 6 for evacuation
[2894.665s][info][gc,phases      ] GC(573)   Pre Evacuate Collection Set: 0.40ms
[2894.665s][info][gc,phases      ] GC(573)   Merge Heap Roots: 0.83ms
[2894.665s][info][gc,phases      ] GC(573)   Evacuate Collection Set: 133.81ms
[2894.665s][info][gc,phases      ] GC(573)   Post Evacuate Collection Set: 0.96ms
[2894.665s][info][gc,phases      ] GC(573)   Other: 0.09ms
[2894.665s][info][gc,heap        ] GC(573) Eden regions: 1113->0(1118)
[2894.665s][info][gc,heap        ] GC(573) Survivor regions: 107->110(153)
[2894.665s][info][gc,heap        ] GC(573) Old regions: 538->474
[2894.665s][info][gc,heap        ] GC(573) Humongous regions: 80->80
[2894.665s][info][gc,metaspace   ] GC(573) Metaspace: 28952K(29312K)->28952K(29312K) NonClass: 24073K(24256K)->24073K(24256K) Class: 4878K(5056K)->4878K(5056K)
[2894.665s][info][gc             ] GC(573) Pause Young (Mixed) (G1 Evacuation Pause) 3675M->1327M(4096M) 136.242ms
[2894.665s][info][gc,cpu         ] GC(573) User=0.81s Sys=0.00s Real=0.13s
....[2898.442s][info][gc,start       ] GC(574) Pause Young (Concurrent Start) (G1 Evacuation Pause)
[2898.442s][info][gc,task        ] GC(574) Using 6 workers of 6 for evacuation
[2898.564s][info][gc,phases      ] GC(574)   Pre Evacuate Collection Set: 0.40ms
[2898.564s][info][gc,phases      ] GC(574)   Merge Heap Roots: 0.46ms
[2898.565s][info][gc,phases      ] GC(574)   Evacuate Collection Set: 120.12ms
[2898.565s][info][gc,phases      ] GC(574)   Post Evacuate Collection Set: 0.85ms
[2898.565s][info][gc,phases      ] GC(574)   Other: 0.15ms
[2898.565s][info][gc,heap        ] GC(574) Eden regions: 1118->0(1116)
[2898.565s][info][gc,heap        ] GC(574) Survivor regions: 110->112(154)
[2898.565s][info][gc,heap        ] GC(574) Old regions: 474->507
[2898.565s][info][gc,heap        ] GC(574) Humongous regions: 80->80
[2898.565s][info][gc,metaspace   ] GC(574) Metaspace: 28952K(29312K)->28952K(29312K) NonClass: 24073K(24256K)->24073K(24256K) Class: 4878K(5056K)->4878K(5056K)
[2898.565s][info][gc             ] GC(574) Pause Young (Concurrent Start) (G1 Evacuation Pause) 3563M->1396M(4096M) 122.105ms
[2898.565s][info][gc             ] GC(575) Concurrent Mark Cycle
[2898.565s][info][gc,marking     ] GC(575) Concurrent Scan Root Regions
[2898.565s][info][gc,cpu         ] GC(574) User=0.73s Sys=0.00s Real=0.12s
[2898.707s][info][gc,marking     ] GC(575) Concurrent Scan Root Regions 142.038ms
[2898.707s][info][gc,marking     ] GC(575) Concurrent Mark
[2898.707s][info][gc,marking     ] GC(575) Concurrent Mark From Roots
[2898.707s][info][gc,task        ] GC(575) Using 2 workers of 2 for marking
[2899.381s][info][gc,marking     ] GC(575) Concurrent Mark From Roots 673.823ms
[2899.381s][info][gc,marking     ] GC(575) Concurrent Preclean
[2899.381s][info][gc,marking     ] GC(575) Concurrent Preclean 0.070ms
[2899.385s][info][gc,start       ] GC(575) Pause Remark
[2899.389s][info][gc             ] GC(575) Pause Remark 1980M->1980M(4096M) 4.392ms
[2899.389s][info][gc,cpu         ] GC(575) User=0.02s Sys=0.00s Real=0.01s
[2899.389s][info][gc,marking     ] GC(575) Concurrent Mark 682.641ms
[2899.389s][info][gc,marking     ] GC(575) Concurrent Rebuild Remembered Sets and Scrub Regions
.[2899.683s][info][gc,marking     ] GC(575) Concurrent Rebuild Remembered Sets and Scrub Regions 293.775ms
[2899.683s][info][gc,start       ] GC(575) Pause Cleanup
[2899.683s][info][gc             ] GC(575) Pause Cleanup 2164M->2164M(4096M) 0.113ms
[2899.683s][info][gc,cpu         ] GC(575) User=0.00s Sys=0.00s Real=0.00s
[2899.683s][info][gc,marking     ] GC(575) Concurrent Clear Claimed Marks
[2899.683s][info][gc,marking     ] GC(575) Concurrent Clear Claimed Marks 0.024ms
[2899.683s][info][gc,marking     ] GC(575) Concurrent Cleanup for Next Mark
[2899.688s][info][gc,marking     ] GC(575) Concurrent Cleanup for Next Mark 4.279ms
[2899.688s][info][gc             ] GC(575) Concurrent Mark Cycle 1123.175ms
..[2902.340s][info][gc,start       ] GC(576) Pause Young (Prepare Mixed) (G1 Evacuation Pause)
[2902.340s][info][gc,task        ] GC(576) Using 6 workers of 6 for evacuation
[2902.458s][info][gc,phases      ] GC(576)   Pre Evacuate Collection Set: 0.34ms
[2902.458s][info][gc,phases      ] GC(576)   Merge Heap Roots: 0.54ms
[2902.458s][info][gc,phases      ] GC(576)   Evacuate Collection Set: 116.11ms
[2902.458s][info][gc,phases      ] GC(576)   Post Evacuate Collection Set: 0.94ms
[2902.458s][info][gc,phases      ] GC(576)   Other: 0.09ms
[2902.458s][info][gc,heap        ] GC(576) Eden regions: 1116->0(1108)
[2902.458s][info][gc,heap        ] GC(576) Survivor regions: 112->109(154)
[2902.458s][info][gc,heap        ] GC(576) Old regions: 507->539
[2902.458s][info][gc,heap        ] GC(576) Humongous regions: 80->80
[2902.458s][info][gc,metaspace   ] GC(576) Metaspace: 28952K(29312K)->28952K(29312K) NonClass: 24073K(24256K)->24073K(24256K) Class: 4878K(5056K)->4878K(5056K)
[2902.458s][info][gc             ] GC(576) Pause Young (Prepare Mixed) (G1 Evacuation Pause) 3628M->1454M(4096M) 118.157ms
[2902.458s][info][gc,cpu         ] GC(576) User=0.71s Sys=0.00s Real=0.11s
....[2906.158s][info][gc,start       ] GC(577) Pause Young (Mixed) (G1 Evacuation Pause)
[2906.158s][info][gc,task        ] GC(577) Using 6 workers of 6 for evacuation
[2906.296s][info][gc,phases      ] GC(577)   Pre Evacuate Collection Set: 0.37ms
[2906.296s][info][gc,phases      ] GC(577)   Merge Heap Roots: 0.71ms
[2906.296s][info][gc,phases      ] GC(577)   Evacuate Collection Set: 135.81ms
[2906.296s][info][gc,phases      ] GC(577)   Post Evacuate Collection Set: 0.93ms
[2906.296s][info][gc,phases      ] GC(577)   Other: 0.09ms
[2906.296s][info][gc,heap        ] GC(577) Eden regions: 1108->0(1117)
[2906.296s][info][gc,heap        ] GC(577) Survivor regions: 109->111(153)
[2906.296s][info][gc,heap        ] GC(577) Old regions: 539->475
[2906.296s][info][gc,heap        ] GC(577) Humongous regions: 80->80
[2906.296s][info][gc,metaspace   ] GC(577) Metaspace: 28952K(29312K)->28952K(29312K) NonClass: 24073K(24256K)->24073K(24256K) Class: 4878K(5056K)->4878K(5056K)
[2906.296s][info][gc             ] GC(577) Pause Young (Mixed) (G1 Evacuation Pause) 3670M->1331M(4096M) 138.034ms
[2906.296s][info][gc,cpu         ] GC(577) User=0.82s Sys=0.00s Real=0.14s
....[2910.085s][info][gc,start       ] GC(578) Pause Young (Concurrent Start) (G1 Evacuation Pause)
[2910.085s][info][gc,task        ] GC(578) Using 6 workers of 6 for evacuation
[2910.202s][info][gc,phases      ] GC(578)   Pre Evacuate Collection Set: 0.40ms
[2910.202s][info][gc,phases      ] GC(578)   Merge Heap Roots: 0.51ms
[2910.202s][info][gc,phases      ] GC(578)   Evacuate Collection Set: 114.96ms
[2910.202s][info][gc,phases      ] GC(578)   Post Evacuate Collection Set: 0.88ms
[2910.202s][info][gc,phases      ] GC(578)   Other: 0.12ms
[2910.202s][info][gc,heap        ] GC(578) Eden regions: 1117->0(1119)
[2910.202s][info][gc,heap        ] GC(578) Survivor regions: 111->109(154)
[2910.202s][info][gc,heap        ] GC(578) Old regions: 475->507
[2910.202s][info][gc,heap        ] GC(578) Humongous regions: 80->80
[2910.202s][info][gc,metaspace   ] GC(578) Metaspace: 28952K(29312K)->28952K(29312K) NonClass: 24073K(24256K)->24073K(24256K) Class: 4878K(5056K)->4878K(5056K)
[2910.202s][info][gc             ] GC(578) Pause Young (Concurrent Start) (G1 Evacuation Pause) 3565M->1391M(4096M) 117.006ms
[2910.202s][info][gc             ] GC(579) Concurrent Mark Cycle
[2910.202s][info][gc,marking     ] GC(579) Concurrent Scan Root Regions
[2910.202s][info][gc,cpu         ] GC(578) User=0.69s Sys=0.00s Real=0.12s
[2910.377s][info][gc,marking     ] GC(579) Concurrent Scan Root Regions 175.835ms
[2910.378s][info][gc,marking     ] GC(579) Concurrent Mark
[2910.378s][info][gc,marking     ] GC(579) Concurrent Mark From Roots
[2910.378s][info][gc,task        ] GC(579) Using 2 workers of 2 for marking
.[2911.300s][info][gc,marking     ] GC(579) Concurrent Mark From Roots 922.950ms
[2911.301s][info][gc,marking     ] GC(579) Concurrent Preclean
[2911.301s][info][gc,marking     ] GC(579) Concurrent Preclean 0.079ms
[2911.301s][info][gc,start       ] GC(579) Pause Remark
[2911.307s][info][gc             ] GC(579) Pause Remark 2068M->2068M(4096M) 6.492ms
[2911.307s][info][gc,cpu         ] GC(579) User=0.03s Sys=0.00s Real=0.00s
[2911.307s][info][gc,marking     ] GC(579) Concurrent Mark 929.824ms
[2911.307s][info][gc,marking     ] GC(579) Concurrent Rebuild Remembered Sets and Scrub Regions
.[2911.548s][info][gc,marking     ] GC(579) Concurrent Rebuild Remembered Sets and Scrub Regions 240.883ms
[2911.548s][info][gc,start       ] GC(579) Pause Cleanup
[2911.548s][info][gc             ] GC(579) Pause Cleanup 2212M->2212M(4096M) 0.102ms
[2911.548s][info][gc,cpu         ] GC(579) User=0.00s Sys=0.00s Real=0.00s
[2911.549s][info][gc,marking     ] GC(579) Concurrent Clear Claimed Marks
[2911.549s][info][gc,marking     ] GC(579) Concurrent Clear Claimed Marks 0.024ms
[2911.549s][info][gc,marking     ] GC(579) Concurrent Cleanup for Next Mark
[2911.553s][info][gc,marking     ] GC(579) Concurrent Cleanup for Next Mark 4.162ms
[2911.553s][info][gc             ] GC(579) Concurrent Mark Cycle 1351.152ms
..[2913.937s][info][gc,start       ] GC(580) Pause Young (Prepare Mixed) (G1 Evacuation Pause)
[2913.937s][info][gc,task        ] GC(580) Using 6 workers of 6 for evacuation
[2914.055s][info][gc,phases      ] GC(580)   Pre Evacuate Collection Set: 0.30ms
[2914.055s][info][gc,phases      ] GC(580)   Merge Heap Roots: 0.62ms
[2914.055s][info][gc,phases      ] GC(580)   Evacuate Collection Set: 116.47ms
[2914.055s][info][gc,phases      ] GC(580)   Post Evacuate Collection Set: 0.94ms
[2914.055s][info][gc,phases      ] GC(580)   Other: 0.08ms
[2914.055s][info][gc,heap        ] GC(580) Eden regions: 1119->0(1104)
[2914.055s][info][gc,heap        ] GC(580) Survivor regions: 109->111(154)
[2914.055s][info][gc,heap        ] GC(580) Old regions: 507->539
[2914.055s][info][gc,heap        ] GC(580) Humongous regions: 80->80
[2914.055s][info][gc,metaspace   ] GC(580) Metaspace: 28949K(29312K)->28949K(29312K) NonClass: 24071K(24256K)->24071K(24256K) Class: 4877K(5056K)->4877K(5056K)
[2914.055s][info][gc             ] GC(580) Pause Young (Prepare Mixed) (G1 Evacuation Pause) 3629M->1457M(4096M) 118.565ms
[2914.055s][info][gc,cpu         ] GC(580) User=0.71s Sys=0.00s Real=0.12s
....[2917.819s][info][gc,start       ] GC(581) Pause Young (Mixed) (G1 Evacuation Pause)
[2917.819s][info][gc,task        ] GC(581) Using 6 workers of 6 for evacuation
[2917.954s][info][gc,phases      ] GC(581)   Pre Evacuate Collection Set: 0.34ms
[2917.954s][info][gc,phases      ] GC(581)   Merge Heap Roots: 0.68ms
[2917.954s][info][gc,phases      ] GC(581)   Evacuate Collection Set: 132.99ms
[2917.954s][info][gc,phases      ] GC(581)   Post Evacuate Collection Set: 0.94ms
[2917.954s][info][gc,phases      ] GC(581)   Other: 0.09ms
[2917.954s][info][gc,heap        ] GC(581) Eden regions: 1104->0(1118)
[2917.954s][info][gc,heap        ] GC(581) Survivor regions: 111->110(152)
[2917.954s][info][gc,heap        ] GC(581) Old regions: 539->474
[2917.954s][info][gc,heap        ] GC(581) Humongous regions: 80->80
[2917.954s][info][gc,metaspace   ] GC(581) Metaspace: 28949K(29312K)->28949K(29312K) NonClass: 24071K(24256K)->24071K(24256K) Class: 4877K(5056K)->4877K(5056K)
[2917.954s][info][gc             ] GC(581) Pause Young (Mixed) (G1 Evacuation Pause) 3665M->1327M(4096M) 135.174ms
[2917.954s][info][gc,cpu         ] GC(581) User=0.81s Sys=0.00s Real=0.13s
....[2921.649s][info][gc,start       ] GC(582) Pause Young (Concurrent Start) (G1 Evacuation Pause)
[2921.649s][info][gc,task        ] GC(582) Using 6 workers of 6 for evacuation
[2921.769s][info][gc,phases      ] GC(582)   Pre Evacuate Collection Set: 0.41ms
[2921.769s][info][gc,phases      ] GC(582)   Merge Heap Roots: 0.52ms
[2921.769s][info][gc,phases      ] GC(582)   Evacuate Collection Set: 117.75ms
[2921.769s][info][gc,phases      ] GC(582)   Post Evacuate Collection Set: 0.90ms
[2921.769s][info][gc,phases      ] GC(582)   Other: 0.11ms
[2921.769s][info][gc,heap        ] GC(582) Eden regions: 1118->0(1119)
[2921.769s][info][gc,heap        ] GC(582) Survivor regions: 110->109(154)
[2921.769s][info][gc,heap        ] GC(582) Old regions: 474->506
[2921.769s][info][gc,heap        ] GC(582) Humongous regions: 80->80
[2921.769s][info][gc,metaspace   ] GC(582) Metaspace: 28949K(29312K)->28949K(29312K) NonClass: 24071K(24256K)->24071K(24256K) Class: 4877K(5056K)->4877K(5056K)
[2921.769s][info][gc             ] GC(582) Pause Young (Concurrent Start) (G1 Evacuation Pause) 3563M->1389M(4096M) 119.830ms
[2921.769s][info][gc             ] GC(583) Concurrent Mark Cycle
[2921.769s][info][gc,marking     ] GC(583) Concurrent Scan Root Regions
[2921.769s][info][gc,cpu         ] GC(582) User=0.71s Sys=0.00s Real=0.12s
[2921.939s][info][gc,marking     ] GC(583) Concurrent Scan Root Regions 169.801ms
[2921.939s][info][gc,marking     ] GC(583) Concurrent Mark
[2921.939s][info][gc,marking     ] GC(583) Concurrent Mark From Roots
[2921.939s][info][gc,task        ] GC(583) Using 2 workers of 2 for marking
.[2922.702s][info][gc,marking     ] GC(583) Concurrent Mark From Roots 763.212ms
[2922.702s][info][gc,marking     ] GC(583) Concurrent Preclean
[2922.702s][info][gc,marking     ] GC(583) Concurrent Preclean 0.060ms
[2922.702s][info][gc,start       ] GC(583) Pause Remark
[2922.707s][info][gc             ] GC(583) Pause Remark 1979M->1979M(4096M) 4.881ms
[2922.707s][info][gc,cpu         ] GC(583) User=0.02s Sys=0.00s Real=0.00s
[2922.707s][info][gc,marking     ] GC(583) Concurrent Mark 768.409ms
[2922.707s][info][gc,marking     ] GC(583) Concurrent Rebuild Remembered Sets and Scrub Regions
[2922.973s][info][gc,marking     ] GC(583) Concurrent Rebuild Remembered Sets and Scrub Regions 265.704ms
[2922.973s][info][gc,start       ] GC(583) Pause Cleanup
[2922.973s][info][gc             ] GC(583) Pause Cleanup 2135M->2135M(4096M) 0.112ms
[2922.973s][info][gc,cpu         ] GC(583) User=0.00s Sys=0.00s Real=0.00s
[2922.973s][info][gc,marking     ] GC(583) Concurrent Clear Claimed Marks
[2922.973s][info][gc,marking     ] GC(583) Concurrent Clear Claimed Marks 0.038ms
[2922.973s][info][gc,marking     ] GC(583) Concurrent Cleanup for Next Mark
[2922.982s][info][gc,marking     ] GC(583) Concurrent Cleanup for Next Mark 8.323ms
[2922.982s][info][gc             ] GC(583) Concurrent Mark Cycle 1212.813ms
...[2925.602s][info][gc,start       ] GC(584) Pause Young (Prepare Mixed) (G1 Evacuation Pause)
[2925.602s][info][gc,task        ] GC(584) Using 6 workers of 6 for evacuation
[2925.720s][info][gc,phases      ] GC(584)   Pre Evacuate Collection Set: 0.34ms
[2925.720s][info][gc,phases      ] GC(584)   Merge Heap Roots: 0.55ms
[2925.720s][info][gc,phases      ] GC(584)   Evacuate Collection Set: 115.96ms
[2925.720s][info][gc,phases      ] GC(584)   Post Evacuate Collection Set: 0.93ms
[2925.720s][info][gc,phases      ] GC(584)   Other: 0.08ms
[2925.720s][info][gc,heap        ] GC(584) Eden regions: 1119->0(1113)
[2925.720s][info][gc,heap        ] GC(584) Survivor regions: 109->107(154)
[2925.720s][info][gc,heap        ] GC(584) Old regions: 506->538
[2925.720s][info][gc,heap        ] GC(584) Humongous regions: 80->80
[2925.720s][info][gc,metaspace   ] GC(584) Metaspace: 28949K(29312K)->28949K(29312K) NonClass: 24071K(24256K)->24071K(24256K) Class: 4877K(5056K)->4877K(5056K)
[2925.720s][info][gc             ] GC(584) Pause Young (Prepare Mixed) (G1 Evacuation Pause) 3627M->1449M(4096M) 117.992ms
[2925.720s][info][gc,cpu         ] GC(584) User=0.71s Sys=0.00s Real=0.12s
...[2929.436s][info][gc,start       ] GC(585) Pause Young (Mixed) (G1 Evacuation Pause)
[2929.436s][info][gc,task        ] GC(585) Using 6 workers of 6 for evacuation
[2929.573s][info][gc,phases      ] GC(585)   Pre Evacuate Collection Set: 0.37ms
[2929.573s][info][gc,phases      ] GC(585)   Merge Heap Roots: 0.71ms
[2929.573s][info][gc,phases      ] GC(585)   Evacuate Collection Set: 134.26ms
[2929.573s][info][gc,phases      ] GC(585)   Post Evacuate Collection Set: 0.94ms
[2929.573s][info][gc,phases      ] GC(585)   Other: 0.09ms
[2929.573s][info][gc,heap        ] GC(585) Eden regions: 1113->0(1113)
[2929.573s][info][gc,heap        ] GC(585) Survivor regions: 107->115(153)
[2929.573s][info][gc,heap        ] GC(585) Old regions: 538->476
[2929.573s][info][gc,heap        ] GC(585) Humongous regions: 80->80
[2929.573s][info][gc,metaspace   ] GC(585) Metaspace: 28949K(29312K)->28949K(29312K) NonClass: 24071K(24256K)->24071K(24256K) Class: 4877K(5056K)->4877K(5056K)
[2929.573s][info][gc             ] GC(585) Pause Young (Mixed) (G1 Evacuation Pause) 3675M->1339M(4096M) 136.488ms
[2929.573s][info][gc,cpu         ] GC(585) User=0.81s Sys=0.00s Real=0.14s
....[2933.373s][info][gc,start       ] GC(586) Pause Young (Concurrent Start) (G1 Evacuation Pause)
[2933.373s][info][gc,task        ] GC(586) Using 6 workers of 6 for evacuation
[2933.491s][info][gc,phases      ] GC(586)   Pre Evacuate Collection Set: 0.36ms
[2933.491s][info][gc,phases      ] GC(586)   Merge Heap Roots: 0.55ms
[2933.491s][info][gc,phases      ] GC(586)   Evacuate Collection Set: 116.33ms
[2933.491s][info][gc,phases      ] GC(586)   Post Evacuate Collection Set: 0.88ms
[2933.491s][info][gc,phases      ] GC(586)   Other: 0.11ms
[2933.491s][info][gc,heap        ] GC(586) Eden regions: 1113->0(1118)
[2933.491s][info][gc,heap        ] GC(586) Survivor regions: 115->110(154)
[2933.491s][info][gc,heap        ] GC(586) Old regions: 476->509
[2933.491s][info][gc,heap        ] GC(586) Humongous regions: 80->80
[2933.492s][info][gc,metaspace   ] GC(586) Metaspace: 28949K(29312K)->28949K(29312K) NonClass: 24071K(24256K)->24071K(24256K) Class: 4877K(5056K)->4877K(5056K)
[2933.492s][info][gc             ] GC(586) Pause Young (Concurrent Start) (G1 Evacuation Pause) 3565M->1395M(4096M) 118.375ms
[2933.492s][info][gc             ] GC(587) Concurrent Mark Cycle
[2933.492s][info][gc,marking     ] GC(587) Concurrent Scan Root Regions
[2933.492s][info][gc,cpu         ] GC(586) User=0.71s Sys=0.00s Real=0.12s
.[2933.666s][info][gc,marking     ] GC(587) Concurrent Scan Root Regions 174.177ms
[2933.666s][info][gc,marking     ] GC(587) Concurrent Mark
[2933.666s][info][gc,marking     ] GC(587) Concurrent Mark From Roots
[2933.666s][info][gc,task        ] GC(587) Using 2 workers of 2 for marking
[2934.450s][info][gc,marking     ] GC(587) Concurrent Mark From Roots 783.835ms
[2934.450s][info][gc,marking     ] GC(587) Concurrent Preclean
[2934.450s][info][gc,marking     ] GC(587) Concurrent Preclean 0.084ms
[2934.450s][info][gc,start       ] GC(587) Pause Remark
[2934.455s][info][gc             ] GC(587) Pause Remark 2043M->2043M(4096M) 4.954ms
[2934.455s][info][gc,cpu         ] GC(587) User=0.03s Sys=0.00s Real=0.00s
[2934.456s][info][gc,marking     ] GC(587) Concurrent Mark 789.928ms
[2934.456s][info][gc,marking     ] GC(587) Concurrent Rebuild Remembered Sets and Scrub Regions
.[2934.693s][info][gc,marking     ] GC(587) Concurrent Rebuild Remembered Sets and Scrub Regions 237.394ms
[2934.693s][info][gc,start       ] GC(587) Pause Cleanup
[2934.693s][info][gc             ] GC(587) Pause Cleanup 2191M->2191M(4096M) 0.100ms
[2934.693s][info][gc,cpu         ] GC(587) User=0.00s Sys=0.00s Real=0.00s
[2934.694s][info][gc,marking     ] GC(587) Concurrent Clear Claimed Marks
[2934.694s][info][gc,marking     ] GC(587) Concurrent Clear Claimed Marks 0.039ms
[2934.694s][info][gc,marking     ] GC(587) Concurrent Cleanup for Next Mark
[2934.698s][info][gc,marking     ] GC(587) Concurrent Cleanup for Next Mark 4.563ms
[2934.698s][info][gc             ] GC(587) Concurrent Mark Cycle 1206.920ms
..[2937.275s][info][gc,start       ] GC(588) Pause Young (Prepare Mixed) (G1 Evacuation Pause)
[2937.275s][info][gc,task        ] GC(588) Using 6 workers of 6 for evacuation
[2937.392s][info][gc,phases      ] GC(588)   Pre Evacuate Collection Set: 0.32ms
[2937.392s][info][gc,phases      ] GC(588)   Merge Heap Roots: 0.54ms
[2937.392s][info][gc,phases      ] GC(588)   Evacuate Collection Set: 115.36ms
[2937.392s][info][gc,phases      ] GC(588)   Post Evacuate Collection Set: 0.91ms
[2937.392s][info][gc,phases      ] GC(588)   Other: 0.09ms
[2937.392s][info][gc,heap        ] GC(588) Eden regions: 1118->0(1105)
[2937.392s][info][gc,heap        ] GC(588) Survivor regions: 110->110(154)
[2937.392s][info][gc,heap        ] GC(588) Old regions: 509->540
[2937.392s][info][gc,heap        ] GC(588) Humongous regions: 80->80
[2937.392s][info][gc,metaspace   ] GC(588) Metaspace: 28949K(29312K)->28949K(29312K) NonClass: 24071K(24256K)->24071K(24256K) Class: 4877K(5056K)->4877K(5056K)
[2937.392s][info][gc             ] GC(588) Pause Young (Prepare Mixed) (G1 Evacuation Pause) 3631M->1458M(4096M) 117.340ms
[2937.392s][info][gc,cpu         ] GC(588) User=0.70s Sys=0.00s Real=0.12s
....[2941.072s][info][gc,start       ] GC(589) Pause Young (Mixed) (G1 Evacuation Pause)
[2941.072s][info][gc,task        ] GC(589) Using 6 workers of 6 for evacuation
[2941.207s][info][gc,phases      ] GC(589)   Pre Evacuate Collection Set: 0.35ms
[2941.207s][info][gc,phases      ] GC(589)   Merge Heap Roots: 0.76ms
[2941.207s][info][gc,phases      ] GC(589)   Evacuate Collection Set: 132.49ms
[2941.207s][info][gc,phases      ] GC(589)   Post Evacuate Collection Set: 1.01ms
[2941.207s][info][gc,phases      ] GC(589)   Other: 0.09ms
[2941.207s][info][gc,heap        ] GC(589) Eden regions: 1105->0(1118)
[2941.207s][info][gc,heap        ] GC(589) Survivor regions: 110->110(152)
[2941.207s][info][gc,heap        ] GC(589) Old regions: 540->474
[2941.207s][info][gc,heap        ] GC(589) Humongous regions: 80->80
[2941.207s][info][gc,metaspace   ] GC(589) Metaspace: 28949K(29312K)->28949K(29312K) NonClass: 24071K(24256K)->24071K(24256K) Class: 4877K(5056K)->4877K(5056K)
[2941.207s][info][gc             ] GC(589) Pause Young (Mixed) (G1 Evacuation Pause) 3668M->1327M(4096M) 134.817ms
[2941.207s][info][gc,cpu         ] GC(589) User=0.80s Sys=0.00s Real=0.13s
....[2945.010s][info][gc,start       ] GC(590) Pause Young (Concurrent Start) (G1 Evacuation Pause)
[2945.010s][info][gc,task        ] GC(590) Using 6 workers of 6 for evacuation
[2945.130s][info][gc,phases      ] GC(590)   Pre Evacuate Collection Set: 0.38ms
[2945.130s][info][gc,phases      ] GC(590)   Merge Heap Roots: 0.50ms
[2945.130s][info][gc,phases      ] GC(590)   Evacuate Collection Set: 117.96ms
[2945.130s][info][gc,phases      ] GC(590)   Post Evacuate Collection Set: 0.87ms
[2945.130s][info][gc,phases      ] GC(590)   Other: 0.11ms
[2945.130s][info][gc,heap        ] GC(590) Eden regions: 1118->0(1118)
[2945.130s][info][gc,heap        ] GC(590) Survivor regions: 110->110(154)
[2945.130s][info][gc,heap        ] GC(590) Old regions: 474->506
[2945.130s][info][gc,heap        ] GC(590) Humongous regions: 80->80
[2945.130s][info][gc,metaspace   ] GC(590) Metaspace: 28949K(29312K)->28949K(29312K) NonClass: 24071K(24256K)->24071K(24256K) Class: 4877K(5056K)->4877K(5056K)
[2945.130s][info][gc             ] GC(590) Pause Young (Concurrent Start) (G1 Evacuation Pause) 3563M->1390M(4096M) 119.961ms
[2945.130s][info][gc             ] GC(591) Concurrent Mark Cycle
[2945.130s][info][gc,marking     ] GC(591) Concurrent Scan Root Regions
[2945.130s][info][gc,cpu         ] GC(590) User=0.71s Sys=0.00s Real=0.12s
[2945.302s][info][gc,marking     ] GC(591) Concurrent Scan Root Regions 171.562ms
[2945.302s][info][gc,marking     ] GC(591) Concurrent Mark
[2945.302s][info][gc,marking     ] GC(591) Concurrent Mark From Roots
[2945.302s][info][gc,task        ] GC(591) Using 2 workers of 2 for marking
. (rIR:aIR:PR = 4843:4841:4841) (tPR = 72580) [OK] 
  2945s: Performance info:
         Transaction,    Success,    Partial,     Failed,   Receipts, AvgBarcode, 
             Overall,     291537,          0,          0,     276982,      59.48, 
         Response times:
             Request,    Success,    Partial,     Failed,   SkipFail,     Probes,    Samples,      min,      p50,      p90,      p95,      p99,      max, 
       TotalPurchase,     276974,          0,          0,          0,     272616,     299618,      300,     3800,     7600,    15800,    61000,   253000,
     InStorePurchase,     145818,          0,          0,          0,     143915,     158129,      300,     3800,     7600,    15800,    60000,   192000,
      OnlinePurchase,     102024,          0,          0,          0,     100348,     109980,      300,     3900,     7700,    16100,    60000,   253000,
        InstPurchase,      29132,          0,          0,          0,      28353,      31509,      400,     3900,     7500,    15100,    63000,   185000,
          AssocOfCat,        290,          0,          0,          0,        235,        334,    22000,    33000,    57000,    69500,   127650,   157000,
      AssocOfProduct,       2907,          0,          0,          0,       2684,       3187,      400,     4300,     7400,    12860,    59000,   142000,
      BusinessReport,        725,          0,          0,          0,        623,        775,    24000,    37000,    66800,    91600,   170480,   220000,
          CustBuyBeh,       2912,          0,          0,          0,       2751,       3249,     1100,     4900,     9800,    27000,    81000,   143000,
       ProductReturn,       7721,          0,          0,          0,       7318,       8413,      200,     4000,     7700,    15900,    62000,   150000,

  2945s: (36%)   IR =   4981 [2946.035s][info][gc,marking     ] GC(591) Concurrent Mark From Roots 732.695ms
[2946.035s][info][gc,marking     ] GC(591) Concurrent Preclean
[2946.035s][info][gc,marking     ] GC(591) Concurrent Preclean 0.067ms
[2946.035s][info][gc,start       ] GC(591) Pause Remark
[2946.040s][info][gc             ] GC(591) Pause Remark 1962M->1962M(4096M) 4.898ms
[2946.040s][info][gc,cpu         ] GC(591) User=0.03s Sys=0.00s Real=0.01s
[2946.040s][info][gc,marking     ] GC(591) Concurrent Mark 737.964ms
[2946.040s][info][gc,marking     ] GC(591) Concurrent Rebuild Remembered Sets and Scrub Regions
[2946.317s][info][gc,marking     ] GC(591) Concurrent Rebuild Remembered Sets and Scrub Regions 277.382ms
[2946.317s][info][gc,start       ] GC(591) Pause Cleanup
[2946.317s][info][gc             ] GC(591) Pause Cleanup 2135M->2135M(4096M) 0.104ms
[2946.317s][info][gc,cpu         ] GC(591) User=0.00s Sys=0.00s Real=0.00s
[2946.317s][info][gc,marking     ] GC(591) Concurrent Clear Claimed Marks
[2946.318s][info][gc,marking     ] GC(591) Concurrent Clear Claimed Marks 0.034ms
[2946.318s][info][gc,marking     ] GC(591) Concurrent Cleanup for Next Mark
[2946.321s][info][gc,marking     ] GC(591) Concurrent Cleanup for Next Mark 3.496ms
[2946.321s][info][gc             ] GC(591) Concurrent Mark Cycle 1190.923ms
...[2948.838s][info][gc,start       ] GC(592) Pause Young (Prepare Mixed) (G1 Evacuation Pause)
[2948.838s][info][gc,task        ] GC(592) Using 6 workers of 6 for evacuation
[2948.955s][info][gc,phases      ] GC(592)   Pre Evacuate Collection Set: 0.35ms
[2948.955s][info][gc,phases      ] GC(592)   Merge Heap Roots: 0.62ms
[2948.955s][info][gc,phases      ] GC(592)   Evacuate Collection Set: 115.68ms
[2948.955s][info][gc,phases      ] GC(592)   Post Evacuate Collection Set: 0.96ms
[2948.955s][info][gc,phases      ] GC(592)   Other: 0.10ms
[2948.956s][info][gc,heap        ] GC(592) Eden regions: 1118->0(1110)
[2948.956s][info][gc,heap        ] GC(592) Survivor regions: 110->109(154)
[2948.956s][info][gc,heap        ] GC(592) Old regions: 506->537
[2948.956s][info][gc,heap        ] GC(592) Humongous regions: 80->80
[2948.956s][info][gc,metaspace   ] GC(592) Metaspace: 28949K(29312K)->28949K(29312K) NonClass: 24071K(24256K)->24071K(24256K) Class: 4877K(5056K)->4877K(5056K)
[2948.956s][info][gc             ] GC(592) Pause Young (Prepare Mixed) (G1 Evacuation Pause) 3626M->1451M(4096M) 117.842ms
[2948.956s][info][gc,cpu         ] GC(592) User=0.71s Sys=0.00s Real=0.12s
...|[2952.597s][info][gc,start       ] GC(593) Pause Young (Mixed) (G1 Evacuation Pause)
[2952.597s][info][gc,task        ] GC(593) Using 6 workers of 6 for evacuation
[2952.726s][info][gc,phases      ] GC(593)   Pre Evacuate Collection Set: 0.35ms
[2952.726s][info][gc,phases      ] GC(593)   Merge Heap Roots: 0.65ms
[2952.726s][info][gc,phases      ] GC(593)   Evacuate Collection Set: 126.70ms
[2952.726s][info][gc,phases      ] GC(593)   Post Evacuate Collection Set: 0.99ms
[2952.726s][info][gc,phases      ] GC(593)   Other: 0.08ms
[2952.726s][info][gc,heap        ] GC(593) Eden regions: 1110->0(1121)
[2952.726s][info][gc,heap        ] GC(593) Survivor regions: 109->107(153)
[2952.726s][info][gc,heap        ] GC(593) Old regions: 537->474
[2952.726s][info][gc,heap        ] GC(593) Humongous regions: 80->80
[2952.726s][info][gc,metaspace   ] GC(593) Metaspace: 28949K(29312K)->28949K(29312K) NonClass: 24071K(24256K)->24071K(24256K) Class: 4877K(5056K)->4877K(5056K)
[2952.726s][info][gc             ] GC(593) Pause Young (Mixed) (G1 Evacuation Pause) 3671M->1319M(4096M) 128.891ms
[2952.726s][info][gc,cpu         ] GC(593) User=0.77s Sys=0.00s Real=0.13s
....[2956.396s][info][gc,start       ] GC(594) Pause Young (Concurrent Start) (G1 Evacuation Pause)
[2956.396s][info][gc,task        ] GC(594) Using 6 workers of 6 for evacuation
[2956.517s][info][gc,phases      ] GC(594)   Pre Evacuate Collection Set: 0.40ms
[2956.517s][info][gc,phases      ] GC(594)   Merge Heap Roots: 0.49ms
[2956.517s][info][gc,phases      ] GC(594)   Evacuate Collection Set: 118.65ms
[2956.517s][info][gc,phases      ] GC(594)   Post Evacuate Collection Set: 0.88ms
[2956.517s][info][gc,phases      ] GC(594)   Other: 0.13ms
[2956.517s][info][gc,heap        ] GC(594) Eden regions: 1121->0(1116)
[2956.517s][info][gc,heap        ] GC(594) Survivor regions: 107->112(154)
[2956.517s][info][gc,heap        ] GC(594) Old regions: 474->506
[2956.517s][info][gc,heap        ] GC(594) Humongous regions: 80->80
[2956.517s][info][gc,metaspace   ] GC(594) Metaspace: 28949K(29312K)->28949K(29312K) NonClass: 24071K(24256K)->24071K(24256K) Class: 4877K(5056K)->4877K(5056K)
[2956.517s][info][gc             ] GC(594) Pause Young (Concurrent Start) (G1 Evacuation Pause) 3561M->1394M(4096M) 120.700ms
[2956.517s][info][gc             ] GC(595) Concurrent Mark Cycle
[2956.517s][info][gc,marking     ] GC(595) Concurrent Scan Root Regions
[2956.517s][info][gc,cpu         ] GC(594) User=0.71s Sys=0.00s Real=0.12s
[2956.696s][info][gc,marking     ] GC(595) Concurrent Scan Root Regions 179.308ms
[2956.696s][info][gc,marking     ] GC(595) Concurrent Mark
[2956.696s][info][gc,marking     ] GC(595) Concurrent Mark From Roots
[2956.696s][info][gc,task        ] GC(595) Using 2 workers of 2 for marking
.[2957.394s][info][gc,marking     ] GC(595) Concurrent Mark From Roots 697.074ms
[2957.394s][info][gc,marking     ] GC(595) Concurrent Preclean
[2957.394s][info][gc,marking     ] GC(595) Concurrent Preclean 0.089ms
[2957.394s][info][gc,start       ] GC(595) Pause Remark
[2957.398s][info][gc             ] GC(595) Pause Remark 1962M->1962M(4096M) 4.458ms
[2957.398s][info][gc,cpu         ] GC(595) User=0.02s Sys=0.00s Real=0.00s
[2957.398s][info][gc,marking     ] GC(595) Concurrent Mark 701.888ms
[2957.398s][info][gc,marking     ] GC(595) Concurrent Rebuild Remembered Sets and Scrub Regions
[2957.673s][info][gc,marking     ] GC(595) Concurrent Rebuild Remembered Sets and Scrub Regions 274.179ms
[2957.673s][info][gc,start       ] GC(595) Pause Cleanup
[2957.673s][info][gc             ] GC(595) Pause Cleanup 2131M->2131M(4096M) 0.146ms
[2957.673s][info][gc,cpu         ] GC(595) User=0.00s Sys=0.00s Real=0.00s
[2957.673s][info][gc,marking     ] GC(595) Concurrent Clear Claimed Marks
[2957.673s][info][gc,marking     ] GC(595) Concurrent Clear Claimed Marks 0.029ms
[2957.673s][info][gc,marking     ] GC(595) Concurrent Cleanup for Next Mark
[2957.676s][info][gc,marking     ] GC(595) Concurrent Cleanup for Next Mark 3.283ms
[2957.676s][info][gc             ] GC(595) Concurrent Mark Cycle 1159.259ms
...[2960.177s][info][gc,start       ] GC(596) Pause Young (Prepare Mixed) (G1 Evacuation Pause)
[2960.177s][info][gc,task        ] GC(596) Using 6 workers of 6 for evacuation
[2960.299s][info][gc,phases      ] GC(596)   Pre Evacuate Collection Set: 0.33ms
[2960.299s][info][gc,phases      ] GC(596)   Merge Heap Roots: 0.51ms
[2960.299s][info][gc,phases      ] GC(596)   Evacuate Collection Set: 119.57ms
[2960.299s][info][gc,phases      ] GC(596)   Post Evacuate Collection Set: 0.78ms
[2960.299s][info][gc,phases      ] GC(596)   Other: 0.09ms
[2960.299s][info][gc,heap        ] GC(596) Eden regions: 1116->0(1102)
[2960.299s][info][gc,heap        ] GC(596) Survivor regions: 112->113(154)
[2960.299s][info][gc,heap        ] GC(596) Old regions: 506->537
[2960.299s][info][gc,heap        ] GC(596) Humongous regions: 80->80
[2960.299s][info][gc,metaspace   ] GC(596) Metaspace: 28949K(29312K)->28949K(29312K) NonClass: 24071K(24256K)->24071K(24256K) Class: 4877K(5056K)->4877K(5056K)
[2960.299s][info][gc             ] GC(596) Pause Young (Prepare Mixed) (G1 Evacuation Pause) 3626M->1458M(4096M) 121.403ms
[2960.299s][info][gc,cpu         ] GC(596) User=0.72s Sys=0.00s Real=0.13s
....[2963.897s][info][gc,start       ] GC(597) Pause Young (Mixed) (G1 Evacuation Pause)
[2963.897s][info][gc,task        ] GC(597) Using 6 workers of 6 for evacuation
[2964.028s][info][gc,phases      ] GC(597)   Pre Evacuate Collection Set: 0.36ms
[2964.028s][info][gc,phases      ] GC(597)   Merge Heap Roots: 0.67ms
[2964.028s][info][gc,phases      ] GC(597)   Evacuate Collection Set: 129.31ms
[2964.028s][info][gc,phases      ] GC(597)   Post Evacuate Collection Set: 0.92ms
[2964.028s][info][gc,phases      ] GC(597)   Other: 0.09ms
[2964.028s][info][gc,heap        ] GC(597) Eden regions: 1102->0(1119)
[2964.028s][info][gc,heap        ] GC(597) Survivor regions: 113->109(152)
[2964.028s][info][gc,heap        ] GC(597) Old regions: 537->474
[2964.028s][info][gc,heap        ] GC(597) Humongous regions: 80->80
[2964.028s][info][gc,metaspace   ] GC(597) Metaspace: 28949K(29312K)->28949K(29312K) NonClass: 24071K(24256K)->24071K(24256K) Class: 4877K(5056K)->4877K(5056K)
[2964.028s][info][gc             ] GC(597) Pause Young (Mixed) (G1 Evacuation Pause) 3662M->1324M(4096M) 131.480ms
[2964.028s][info][gc,cpu         ] GC(597) User=0.79s Sys=0.00s Real=0.13s
...[2967.721s][info][gc,start       ] GC(598) Pause Young (Concurrent Start) (G1 Evacuation Pause)
[2967.721s][info][gc,task        ] GC(598) Using 6 workers of 6 for evacuation
[2967.838s][info][gc,phases      ] GC(598)   Pre Evacuate Collection Set: 0.41ms
[2967.838s][info][gc,phases      ] GC(598)   Merge Heap Roots: 0.52ms
[2967.838s][info][gc,phases      ] GC(598)   Evacuate Collection Set: 114.68ms
[2967.838s][info][gc,phases      ] GC(598)   Post Evacuate Collection Set: 0.85ms
[2967.838s][info][gc,phases      ] GC(598)   Other: 0.10ms
[2967.838s][info][gc,heap        ] GC(598) Eden regions: 1119->0(1120)
[2967.838s][info][gc,heap        ] GC(598) Survivor regions: 109->108(154)
[2967.838s][info][gc,heap        ] GC(598) Old regions: 474->506
[2967.838s][info][gc,heap        ] GC(598) Humongous regions: 80->80
[2967.838s][info][gc,metaspace   ] GC(598) Metaspace: 28949K(29312K)->28949K(29312K) NonClass: 24071K(24256K)->24071K(24256K) Class: 4877K(5056K)->4877K(5056K)
[2967.838s][info][gc             ] GC(598) Pause Young (Concurrent Start) (G1 Evacuation Pause) 3562M->1386M(4096M) 116.694ms
[2967.838s][info][gc             ] GC(599) Concurrent Mark Cycle
[2967.838s][info][gc,marking     ] GC(599) Concurrent Scan Root Regions
[2967.838s][info][gc,cpu         ] GC(598) User=0.69s Sys=0.00s Real=0.11s
.[2968.013s][info][gc,marking     ] GC(599) Concurrent Scan Root Regions 175.171ms
[2968.013s][info][gc,marking     ] GC(599) Concurrent Mark
[2968.013s][info][gc,marking     ] GC(599) Concurrent Mark From Roots
[2968.013s][info][gc,task        ] GC(599) Using 2 workers of 2 for marking
[2968.764s][info][gc,marking     ] GC(599) Concurrent Mark From Roots 750.420ms
[2968.764s][info][gc,marking     ] GC(599) Concurrent Preclean
[2968.764s][info][gc,marking     ] GC(599) Concurrent Preclean 0.118ms
[2968.764s][info][gc,start       ] GC(599) Pause Remark
[2968.768s][info][gc             ] GC(599) Pause Remark 2004M->2004M(4096M) 4.491ms
[2968.769s][info][gc,cpu         ] GC(599) User=0.03s Sys=0.00s Real=0.01s
[2968.769s][info][gc,marking     ] GC(599) Concurrent Mark 755.381ms
[2968.769s][info][gc,marking     ] GC(599) Concurrent Rebuild Remembered Sets and Scrub Regions
.[2969.045s][info][gc,marking     ] GC(599) Concurrent Rebuild Remembered Sets and Scrub Regions 276.615ms
[2969.046s][info][gc,start       ] GC(599) Pause Cleanup
[2969.046s][info][gc             ] GC(599) Pause Cleanup 2184M->2184M(4096M) 0.123ms
[2969.046s][info][gc,cpu         ] GC(599) User=0.00s Sys=0.00s Real=0.00s
[2969.046s][info][gc,marking     ] GC(599) Concurrent Clear Claimed Marks
[2969.046s][info][gc,marking     ] GC(599) Concurrent Clear Claimed Marks 0.033ms
[2969.046s][info][gc,marking     ] GC(599) Concurrent Cleanup for Next Mark
[2969.051s][info][gc,marking     ] GC(599) Concurrent Cleanup for Next Mark 4.519ms
[2969.051s][info][gc             ] GC(599) Concurrent Mark Cycle 1212.822ms
..[2971.509s][info][gc,start       ] GC(600) Pause Young (Prepare Mixed) (G1 Evacuation Pause)
[2971.509s][info][gc,task        ] GC(600) Using 6 workers of 6 for evacuation
[2971.628s][info][gc,phases      ] GC(600)   Pre Evacuate Collection Set: 0.31ms
[2971.628s][info][gc,phases      ] GC(600)   Merge Heap Roots: 0.56ms
[2971.628s][info][gc,phases      ] GC(600)   Evacuate Collection Set: 116.53ms
[2971.628s][info][gc,phases      ] GC(600)   Post Evacuate Collection Set: 0.91ms
[2971.628s][info][gc,phases      ] GC(600)   Other: 0.09ms
[2971.628s][info][gc,heap        ] GC(600) Eden regions: 1120->0(1107)
[2971.628s][info][gc,heap        ] GC(600) Survivor regions: 108->110(154)
[2971.628s][info][gc,heap        ] GC(600) Old regions: 506->538
[2971.628s][info][gc,heap        ] GC(600) Humongous regions: 80->80
[2971.628s][info][gc,metaspace   ] GC(600) Metaspace: 28949K(29312K)->28949K(29312K) NonClass: 24071K(24256K)->24071K(24256K) Class: 4877K(5056K)->4877K(5056K)
[2971.628s][info][gc             ] GC(600) Pause Young (Prepare Mixed) (G1 Evacuation Pause) 3626M->1454M(4096M) 118.557ms
[2971.628s][info][gc,cpu         ] GC(600) User=0.71s Sys=0.00s Real=0.11s
....[2975.244s][info][gc,start       ] GC(601) Pause Young (Mixed) (G1 Evacuation Pause)
[2975.244s][info][gc,task        ] GC(601) Using 6 workers of 6 for evacuation
[2975.379s][info][gc,phases      ] GC(601)   Pre Evacuate Collection Set: 0.38ms
[2975.379s][info][gc,phases      ] GC(601)   Merge Heap Roots: 0.70ms
[2975.379s][info][gc,phases      ] GC(601)   Evacuate Collection Set: 132.71ms
[2975.379s][info][gc,phases      ] GC(601)   Post Evacuate Collection Set: 0.95ms
[2975.379s][info][gc,phases      ] GC(601)   Other: 0.09ms
[2975.379s][info][gc,heap        ] GC(601) Eden regions: 1107->0(1116)
[2975.379s][info][gc,heap        ] GC(601) Survivor regions: 110->112(153)
[2975.379s][info][gc,heap        ] GC(601) Old regions: 538->472
[2975.379s][info][gc,heap        ] GC(601) Humongous regions: 80->80
[2975.379s][info][gc,metaspace   ] GC(601) Metaspace: 28949K(29312K)->28949K(29312K) NonClass: 24071K(24256K)->24071K(24256K) Class: 4877K(5056K)->4877K(5056K)
[2975.379s][info][gc             ] GC(601) Pause Young (Mixed) (G1 Evacuation Pause) 3668M->1326M(4096M) 134.965ms
[2975.379s][info][gc,cpu         ] GC(601) User=0.81s Sys=0.00s Real=0.14s
....[2979.097s][info][gc,start       ] GC(602) Pause Young (Concurrent Start) (G1 Evacuation Pause)
[2979.097s][info][gc,task        ] GC(602) Using 6 workers of 6 for evacuation
[2979.214s][info][gc,phases      ] GC(602)   Pre Evacuate Collection Set: 0.35ms
[2979.214s][info][gc,phases      ] GC(602)   Merge Heap Roots: 0.45ms
[2979.214s][info][gc,phases      ] GC(602)   Evacuate Collection Set: 114.45ms
[2979.214s][info][gc,phases      ] GC(602)   Post Evacuate Collection Set: 0.88ms
[2979.214s][info][gc,phases      ] GC(602)   Other: 0.12ms
[2979.214s][info][gc,heap        ] GC(602) Eden regions: 1116->0(1118)
[2979.214s][info][gc,heap        ] GC(602) Survivor regions: 112->110(154)
[2979.214s][info][gc,heap        ] GC(602) Old regions: 472->505
[2979.214s][info][gc,heap        ] GC(602) Humongous regions: 80->80
[2979.214s][info][gc,metaspace   ] GC(602) Metaspace: 28949K(29312K)->28949K(29312K) NonClass: 24071K(24256K)->24071K(24256K) Class: 4877K(5056K)->4877K(5056K)
[2979.214s][info][gc             ] GC(602) Pause Young (Concurrent Start) (G1 Evacuation Pause) 3558M->1387M(4096M) 116.390ms
[2979.214s][info][gc             ] GC(603) Concurrent Mark Cycle
[2979.214s][info][gc,marking     ] GC(603) Concurrent Scan Root Regions
[2979.214s][info][gc,cpu         ] GC(602) User=0.69s Sys=0.00s Real=0.12s
[2979.390s][info][gc,marking     ] GC(603) Concurrent Scan Root Regions 175.966ms
[2979.390s][info][gc,marking     ] GC(603) Concurrent Mark
[2979.390s][info][gc,marking     ] GC(603) Concurrent Mark From Roots
[2979.390s][info][gc,task        ] GC(603) Using 2 workers of 2 for marking
.[2980.176s][info][gc,marking     ] GC(603) Concurrent Mark From Roots 786.493ms
[2980.176s][info][gc,marking     ] GC(603) Concurrent Preclean
[2980.177s][info][gc,marking     ] GC(603) Concurrent Preclean 0.080ms
[2980.177s][info][gc,start       ] GC(603) Pause Remark
[2980.182s][info][gc             ] GC(603) Pause Remark 2060M->2060M(4096M) 5.355ms
[2980.182s][info][gc,cpu         ] GC(603) User=0.03s Sys=0.00s Real=0.01s
[2980.182s][info][gc,marking     ] GC(603) Concurrent Mark 792.180ms
[2980.182s][info][gc,marking     ] GC(603) Concurrent Rebuild Remembered Sets and Scrub Regions
[2980.440s][info][gc,marking     ] GC(603) Concurrent Rebuild Remembered Sets and Scrub Regions 257.451ms
[2980.440s][info][gc,start       ] GC(603) Pause Cleanup
[2980.440s][info][gc             ] GC(603) Pause Cleanup 2189M->2189M(4096M) 0.103ms
[2980.440s][info][gc,cpu         ] GC(603) User=0.00s Sys=0.00s Real=0.00s
[2980.440s][info][gc,marking     ] GC(603) Concurrent Clear Claimed Marks
[2980.440s][info][gc,marking     ] GC(603) Concurrent Clear Claimed Marks 0.026ms
[2980.440s][info][gc,marking     ] GC(603) Concurrent Cleanup for Next Mark
[2980.443s][info][gc,marking     ] GC(603) Concurrent Cleanup for Next Mark 3.133ms
[2980.443s][info][gc             ] GC(603) Concurrent Mark Cycle 1229.186ms
..[2982.836s][info][gc,start       ] GC(604) Pause Young (Prepare Mixed) (G1 Evacuation Pause)
[2982.836s][info][gc,task        ] GC(604) Using 6 workers of 6 for evacuation
[2982.957s][info][gc,phases      ] GC(604)   Pre Evacuate Collection Set: 0.32ms
[2982.957s][info][gc,phases      ] GC(604)   Merge Heap Roots: 0.50ms
[2982.957s][info][gc,phases      ] GC(604)   Evacuate Collection Set: 118.92ms
[2982.957s][info][gc,phases      ] GC(604)   Post Evacuate Collection Set: 0.92ms
[2982.957s][info][gc,phases      ] GC(604)   Other: 0.08ms
[2982.957s][info][gc,heap        ] GC(604) Eden regions: 1118->0(1104)
[2982.957s][info][gc,heap        ] GC(604) Survivor regions: 110->112(154)
[2982.957s][info][gc,heap        ] GC(604) Old regions: 505->537
[2982.957s][info][gc,heap        ] GC(604) Humongous regions: 80->80
[2982.957s][info][gc,metaspace   ] GC(604) Metaspace: 28949K(29312K)->28949K(29312K) NonClass: 24071K(24256K)->24071K(24256K) Class: 4877K(5056K)->4877K(5056K)
[2982.957s][info][gc             ] GC(604) Pause Young (Prepare Mixed) (G1 Evacuation Pause) 3623M->1456M(4096M) 120.868ms
[2982.957s][info][gc,cpu         ] GC(604) User=0.72s Sys=0.01s Real=0.12s
....[2986.615s][info][gc,start       ] GC(605) Pause Young (Mixed) (G1 Evacuation Pause)
[2986.615s][info][gc,task        ] GC(605) Using 6 workers of 6 for evacuation
[2986.752s][info][gc,phases      ] GC(605)   Pre Evacuate Collection Set: 0.35ms
[2986.752s][info][gc,phases      ] GC(605)   Merge Heap Roots: 0.81ms
[2986.752s][info][gc,phases      ] GC(605)   Evacuate Collection Set: 134.23ms
[2986.752s][info][gc,phases      ] GC(605)   Post Evacuate Collection Set: 0.97ms
[2986.752s][info][gc,phases      ] GC(605)   Other: 0.10ms
[2986.752s][info][gc,heap        ] GC(605) Eden regions: 1104->0(1118)
[2986.752s][info][gc,heap        ] GC(605) Survivor regions: 112->110(152)
[2986.752s][info][gc,heap        ] GC(605) Old regions: 537->475
[2986.752s][info][gc,heap        ] GC(605) Humongous regions: 80->80
[2986.752s][info][gc,metaspace   ] GC(605) Metaspace: 28949K(29312K)->28949K(29312K) NonClass: 24071K(24256K)->24071K(24256K) Class: 4877K(5056K)->4877K(5056K)
[2986.752s][info][gc             ] GC(605) Pause Young (Mixed) (G1 Evacuation Pause) 3664M->1328M(4096M) 136.605ms
[2986.752s][info][gc,cpu         ] GC(605) User=0.81s Sys=0.00s Real=0.14s
....[2990.307s][info][gc,start       ] GC(606) Pause Young (Concurrent Start) (G1 Evacuation Pause)
[2990.307s][info][gc,task        ] GC(606) Using 6 workers of 6 for evacuation
[2990.430s][info][gc,phases      ] GC(606)   Pre Evacuate Collection Set: 0.39ms
[2990.430s][info][gc,phases      ] GC(606)   Merge Heap Roots: 0.57ms
[2990.430s][info][gc,phases      ] GC(606)   Evacuate Collection Set: 121.20ms
[2990.430s][info][gc,phases      ] GC(606)   Post Evacuate Collection Set: 0.90ms
[2990.430s][info][gc,phases      ] GC(606)   Other: 0.13ms
[2990.430s][info][gc,heap        ] GC(606) Eden regions: 1118->0(1114)
[2990.430s][info][gc,heap        ] GC(606) Survivor regions: 110->114(154)
[2990.430s][info][gc,heap        ] GC(606) Old regions: 475->507
[2990.430s][info][gc,heap        ] GC(606) Humongous regions: 80->80
[2990.430s][info][gc,metaspace   ] GC(606) Metaspace: 28949K(29312K)->28949K(29312K) NonClass: 24071K(24256K)->24071K(24256K) Class: 4877K(5056K)->4877K(5056K)
[2990.430s][info][gc             ] GC(606) Pause Young (Concurrent Start) (G1 Evacuation Pause) 3564M->1400M(4096M) 123.311ms
[2990.430s][info][gc             ] GC(607) Concurrent Mark Cycle
[2990.430s][info][gc,marking     ] GC(607) Concurrent Scan Root Regions
[2990.430s][info][gc,cpu         ] GC(606) User=0.73s Sys=0.00s Real=0.13s
[2990.600s][info][gc,marking     ] GC(607) Concurrent Scan Root Regions 169.122ms
[2990.600s][info][gc,marking     ] GC(607) Concurrent Mark
[2990.600s][info][gc,marking     ] GC(607) Concurrent Mark From Roots
[2990.600s][info][gc,task        ] GC(607) Using 2 workers of 2 for marking
.[2991.328s][info][gc,marking     ] GC(607) Concurrent Mark From Roots 728.791ms
[2991.328s][info][gc,marking     ] GC(607) Concurrent Preclean
[2991.328s][info][gc,marking     ] GC(607) Concurrent Preclean 0.090ms
[2991.329s][info][gc,start       ] GC(607) Pause Remark
[2991.333s][info][gc             ] GC(607) Pause Remark 1966M->1966M(4096M) 4.775ms
[2991.333s][info][gc,cpu         ] GC(607) User=0.02s Sys=0.00s Real=0.00s
[2991.333s][info][gc,marking     ] GC(607) Concurrent Mark 733.915ms
[2991.333s][info][gc,marking     ] GC(607) Concurrent Rebuild Remembered Sets and Scrub Regions
[2991.612s][info][gc,marking     ] GC(607) Concurrent Rebuild Remembered Sets and Scrub Regions 278.249ms
[2991.612s][info][gc,start       ] GC(607) Pause Cleanup
[2991.612s][info][gc             ] GC(607) Pause Cleanup 2141M->2141M(4096M) 0.101ms
[2991.612s][info][gc,cpu         ] GC(607) User=0.00s Sys=0.00s Real=0.00s
[2991.612s][info][gc,marking     ] GC(607) Concurrent Clear Claimed Marks
[2991.612s][info][gc,marking     ] GC(607) Concurrent Clear Claimed Marks 0.025ms
[2991.612s][info][gc,marking     ] GC(607) Concurrent Cleanup for Next Mark
[2991.615s][info][gc,marking     ] GC(607) Concurrent Cleanup for Next Mark 3.164ms
[2991.615s][info][gc             ] GC(607) Concurrent Mark Cycle 1184.859ms
...[2994.138s][info][gc,start       ] GC(608) Pause Young (Prepare Mixed) (G1 Evacuation Pause)
[2994.138s][info][gc,task        ] GC(608) Using 6 workers of 6 for evacuation
[2994.263s][info][gc,phases      ] GC(608)   Pre Evacuate Collection Set: 0.33ms
[2994.263s][info][gc,phases      ] GC(608)   Merge Heap Roots: 0.58ms
[2994.263s][info][gc,phases      ] GC(608)   Evacuate Collection Set: 123.34ms
[2994.263s][info][gc,phases      ] GC(608)   Post Evacuate Collection Set: 0.94ms
[2994.263s][info][gc,phases      ] GC(608)   Other: 0.08ms
[2994.263s][info][gc,heap        ] GC(608) Eden regions: 1114->0(1096)
[2994.263s][info][gc,heap        ] GC(608) Survivor regions: 114->115(154)
[2994.263s][info][gc,heap        ] GC(608) Old regions: 507->539
[2994.263s][info][gc,heap        ] GC(608) Humongous regions: 80->80
[2994.263s][info][gc,metaspace   ] GC(608) Metaspace: 28949K(29312K)->28949K(29312K) NonClass: 24071K(24256K)->24071K(24256K) Class: 4877K(5056K)->4877K(5056K)
[2994.264s][info][gc             ] GC(608) Pause Young (Prepare Mixed) (G1 Evacuation Pause) 3628M->1466M(4096M) 125.409ms
[2994.264s][info][gc,cpu         ] GC(608) User=0.74s Sys=0.00s Real=0.13s
...[2997.855s][info][gc,start       ] GC(609) Pause Young (Mixed) (G1 Evacuation Pause)
[2997.855s][info][gc,task        ] GC(609) Using 6 workers of 6 for evacuation
[2997.990s][info][gc,phases      ] GC(609)   Pre Evacuate Collection Set: 0.37ms
[2997.990s][info][gc,phases      ] GC(609)   Merge Heap Roots: 0.90ms
[2997.990s][info][gc,phases      ] GC(609)   Evacuate Collection Set: 133.02ms
[2997.990s][info][gc,phases      ] GC(609)   Post Evacuate Collection Set: 0.95ms
[2997.990s][info][gc,phases      ] GC(609)   Other: 0.09ms
[2997.990s][info][gc,heap        ] GC(609) Eden regions: 1096->0(1119)
[2997.990s][info][gc,heap        ] GC(609) Survivor regions: 115->109(152)
[2997.990s][info][gc,heap        ] GC(609) Old regions: 539->475
[2997.990s][info][gc,heap        ] GC(609) Humongous regions: 80->80
[2997.990s][info][gc,metaspace   ] GC(609) Metaspace: 28949K(29312K)->28949K(29312K) NonClass: 24071K(24256K)->24071K(24256K) Class: 4877K(5056K)->4877K(5056K)
[2997.990s][info][gc             ] GC(609) Pause Young (Mixed) (G1 Evacuation Pause) 3658M->1326M(4096M) 135.476ms
[2997.990s][info][gc,cpu         ] GC(609) User=0.81s Sys=0.00s Real=0.14s
....[3001.731s][info][gc,start       ] GC(610) Pause Young (Concurrent Start) (G1 Evacuation Pause)
[3001.731s][info][gc,task        ] GC(610) Using 6 workers of 6 for evacuation
[3001.849s][info][gc,phases      ] GC(610)   Pre Evacuate Collection Set: 0.39ms
[3001.849s][info][gc,phases      ] GC(610)   Merge Heap Roots: 0.50ms
[3001.849s][info][gc,phases      ] GC(610)   Evacuate Collection Set: 116.33ms
[3001.849s][info][gc,phases      ] GC(610)   Post Evacuate Collection Set: 0.86ms
[3001.849s][info][gc,phases      ] GC(610)   Other: 0.12ms
[3001.849s][info][gc,heap        ] GC(610) Eden regions: 1119->0(1119)
[3001.849s][info][gc,heap        ] GC(610) Survivor regions: 109->109(154)
[3001.849s][info][gc,heap        ] GC(610) Old regions: 475->506
[3001.849s][info][gc,heap        ] GC(610) Humongous regions: 80->80
[3001.849s][info][gc,metaspace   ] GC(610) Metaspace: 28949K(29312K)->28949K(29312K) NonClass: 24071K(24256K)->24071K(24256K) Class: 4877K(5056K)->4877K(5056K)
[3001.849s][info][gc             ] GC(610) Pause Young (Concurrent Start) (G1 Evacuation Pause) 3564M->1388M(4096M) 118.343ms
[3001.849s][info][gc             ] GC(611) Concurrent Mark Cycle
[3001.849s][info][gc,marking     ] GC(611) Concurrent Scan Root Regions
[3001.849s][info][gc,cpu         ] GC(610) User=0.70s Sys=0.00s Real=0.12s
.[3002.029s][info][gc,marking     ] GC(611) Concurrent Scan Root Regions 179.320ms
[3002.029s][info][gc,marking     ] GC(611) Concurrent Mark
[3002.029s][info][gc,marking     ] GC(611) Concurrent Mark From Roots
[3002.029s][info][gc,task        ] GC(611) Using 2 workers of 2 for marking
[3002.824s][info][gc,marking     ] GC(611) Concurrent Mark From Roots 795.055ms
[3002.824s][info][gc,marking     ] GC(611) Concurrent Preclean
[3002.824s][info][gc,marking     ] GC(611) Concurrent Preclean 0.119ms
[3002.825s][info][gc,start       ] GC(611) Pause Remark
[3002.830s][info][gc             ] GC(611) Pause Remark 2070M->2070M(4096M) 5.253ms
[3002.830s][info][gc,cpu         ] GC(611) User=0.03s Sys=0.00s Real=0.01s
[3002.831s][info][gc,marking     ] GC(611) Concurrent Mark 801.954ms
[3002.831s][info][gc,marking     ] GC(611) Concurrent Rebuild Remembered Sets and Scrub Regions
.[3003.076s][info][gc,marking     ] GC(611) Concurrent Rebuild Remembered Sets and Scrub Regions 245.460ms
[3003.076s][info][gc,start       ] GC(611) Pause Cleanup
[3003.077s][info][gc             ] GC(611) Pause Cleanup 2239M->2239M(4096M) 0.121ms
[3003.077s][info][gc,cpu         ] GC(611) User=0.00s Sys=0.00s Real=0.00s
[3003.078s][info][gc,marking     ] GC(611) Concurrent Clear Claimed Marks
[3003.078s][info][gc,marking     ] GC(611) Concurrent Clear Claimed Marks 0.041ms
[3003.078s][info][gc,marking     ] GC(611) Concurrent Cleanup for Next Mark
[3003.082s][info][gc,marking     ] GC(611) Concurrent Cleanup for Next Mark 3.466ms
[3003.082s][info][gc             ] GC(611) Concurrent Mark Cycle 1232.670ms
..[3005.442s][info][gc,start       ] GC(612) Pause Young (Prepare Mixed) (G1 Evacuation Pause)
[3005.442s][info][gc,task        ] GC(612) Using 6 workers of 6 for evacuation
[3005.563s][info][gc,phases      ] GC(612)   Pre Evacuate Collection Set: 0.35ms
[3005.563s][info][gc,phases      ] GC(612)   Merge Heap Roots: 0.52ms
[3005.563s][info][gc,phases      ] GC(612)   Evacuate Collection Set: 118.71ms
[3005.563s][info][gc,phases      ] GC(612)   Post Evacuate Collection Set: 0.92ms
[3005.563s][info][gc,phases      ] GC(612)   Other: 0.08ms
[3005.563s][info][gc,heap        ] GC(612) Eden regions: 1119->0(1102)
[3005.563s][info][gc,heap        ] GC(612) Survivor regions: 109->113(154)
[3005.563s][info][gc,heap        ] GC(612) Old regions: 506->537
[3005.563s][info][gc,heap        ] GC(612) Humongous regions: 80->80
[3005.563s][info][gc,metaspace   ] GC(612) Metaspace: 28949K(29312K)->28949K(29312K) NonClass: 24071K(24256K)->24071K(24256K) Class: 4877K(5056K)->4877K(5056K)
[3005.563s][info][gc             ] GC(612) Pause Young (Prepare Mixed) (G1 Evacuation Pause) 3626M->1457M(4096M) 120.728ms
[3005.563s][info][gc,cpu         ] GC(612) User=0.72s Sys=0.00s Real=0.12s
....[3009.163s][info][gc,start       ] GC(613) Pause Young (Mixed) (G1 Evacuation Pause)
[3009.163s][info][gc,task        ] GC(613) Using 6 workers of 6 for evacuation
[3009.297s][info][gc,phases      ] GC(613)   Pre Evacuate Collection Set: 0.38ms
[3009.297s][info][gc,phases      ] GC(613)   Merge Heap Roots: 0.73ms
[3009.297s][info][gc,phases      ] GC(613)   Evacuate Collection Set: 131.54ms
[3009.297s][info][gc,phases      ] GC(613)   Post Evacuate Collection Set: 0.93ms
[3009.297s][info][gc,phases      ] GC(613)   Other: 0.08ms
[3009.297s][info][gc,heap        ] GC(613) Eden regions: 1102->0(1120)
[3009.297s][info][gc,heap        ] GC(613) Survivor regions: 113->108(152)
[3009.297s][info][gc,heap        ] GC(613) Old regions: 537->474
[3009.297s][info][gc,heap        ] GC(613) Humongous regions: 80->80
[3009.297s][info][gc,metaspace   ] GC(613) Metaspace: 28949K(29312K)->28949K(29312K) NonClass: 24071K(24256K)->24071K(24256K) Class: 4877K(5056K)->4877K(5056K)
[3009.297s][info][gc             ] GC(613) Pause Young (Mixed) (G1 Evacuation Pause) 3661M->1321M(4096M) 133.794ms
[3009.297s][info][gc,cpu         ] GC(613) User=0.80s Sys=0.00s Real=0.13s
... (rIR:aIR:PR = 4981:4981:4981) (tPR = 74113) [OK] 
  3011s: Performance info:
         Transaction,    Success,    Partial,     Failed,   Receipts, AvgBarcode, 
             Overall,     300675,          0,          0,     285636,      59.47, 
         Response times:
             Request,    Success,    Partial,     Failed,   SkipFail,     Probes,    Samples,      min,      p50,      p90,      p95,      p99,      max, 
       TotalPurchase,     285636,          0,          0,          0,     280244,     309041,      300,     4000,     7800,    15900,    64000,   226000,
     InStorePurchase,     150332,          0,          0,          0,     147729,     162568,      300,     4000,     7900,    15500,    64000,   226000,
      OnlinePurchase,     105245,          0,          0,          0,     103245,     113996,      300,     4000,     7800,    16500,    64000,   150000,
        InstPurchase,      30059,          0,          0,          0,      29270,      32477,      400,     4000,     7700,    15600,    63000,   150000,
          AssocOfCat,        302,          0,          0,          0,        250,        329,    21000,    33000,    51000,    61500,   174100,   195000,
      AssocOfProduct,       3001,          0,          0,          0,       2769,       3262,      400,     3200,     7600,    15385,    72740,   144000,
      BusinessReport,        752,          0,          0,          0,        665,        819,    23000,    37000,    58000,    79000,   176400,   231000,
          CustBuyBeh,       3006,          0,          0,          0,       2809,       3323,      300,     3700,     8100,    15860,    60000,   145000,
       ProductReturn,       7978,          0,          0,          0,       7527,       8606,      200,     4800,     8500,    19600,    72000,   141000,

  3011s: (37%)   IR =   5120 [3012.985s][info][gc,start       ] GC(614) Pause Young (Concurrent Start) (G1 Evacuation Pause)
[3012.985s][info][gc,task        ] GC(614) Using 6 workers of 6 for evacuation
[3013.107s][info][gc,phases      ] GC(614)   Pre Evacuate Collection Set: 0.34ms
[3013.107s][info][gc,phases      ] GC(614)   Merge Heap Roots: 0.51ms
[3013.107s][info][gc,phases      ] GC(614)   Evacuate Collection Set: 120.44ms
[3013.107s][info][gc,phases      ] GC(614)   Post Evacuate Collection Set: 0.91ms
[3013.107s][info][gc,phases      ] GC(614)   Other: 0.11ms
[3013.107s][info][gc,heap        ] GC(614) Eden regions: 1120->0(1115)
[3013.107s][info][gc,heap        ] GC(614) Survivor regions: 108->113(154)
[3013.107s][info][gc,heap        ] GC(614) Old regions: 474->505
[3013.107s][info][gc,heap        ] GC(614) Humongous regions: 80->80
[3013.107s][info][gc,metaspace   ] GC(614) Metaspace: 28949K(29312K)->28949K(29312K) NonClass: 24071K(24256K)->24071K(24256K) Class: 4877K(5056K)->4877K(5056K)
[3013.107s][info][gc             ] GC(614) Pause Young (Concurrent Start) (G1 Evacuation Pause) 3561M->1394M(4096M) 122.451ms
[3013.107s][info][gc             ] GC(615) Concurrent Mark Cycle
[3013.107s][info][gc,marking     ] GC(615) Concurrent Scan Root Regions
[3013.107s][info][gc,cpu         ] GC(614) User=0.73s Sys=0.00s Real=0.12s
.[3013.250s][info][gc,marking     ] GC(615) Concurrent Scan Root Regions 143.052ms
[3013.250s][info][gc,marking     ] GC(615) Concurrent Mark
[3013.250s][info][gc,marking     ] GC(615) Concurrent Mark From Roots
[3013.250s][info][gc,task        ] GC(615) Using 2 workers of 2 for marking
[3013.988s][info][gc,marking     ] GC(615) Concurrent Mark From Roots 737.731ms
[3013.988s][info][gc,marking     ] GC(615) Concurrent Preclean
[3013.988s][info][gc,marking     ] GC(615) Concurrent Preclean 0.114ms
[3013.988s][info][gc,start       ] GC(615) Pause Remark
[3013.993s][info][gc             ] GC(615) Pause Remark 2031M->2031M(4096M) 5.156ms
[3013.993s][info][gc,cpu         ] GC(615) User=0.03s Sys=0.00s Real=0.01s
[3013.994s][info][gc,marking     ] GC(615) Concurrent Mark 743.656ms
[3013.994s][info][gc,marking     ] GC(615) Concurrent Rebuild Remembered Sets and Scrub Regions
.[3014.252s][info][gc,marking     ] GC(615) Concurrent Rebuild Remembered Sets and Scrub Regions 258.035ms
[3014.252s][info][gc,start       ] GC(615) Pause Cleanup
[3014.252s][info][gc             ] GC(615) Pause Cleanup 2147M->2147M(4096M) 0.105ms
[3014.252s][info][gc,cpu         ] GC(615) User=0.00s Sys=0.00s Real=0.00s
[3014.252s][info][gc,marking     ] GC(615) Concurrent Clear Claimed Marks
[3014.252s][info][gc,marking     ] GC(615) Concurrent Clear Claimed Marks 0.026ms
[3014.252s][info][gc,marking     ] GC(615) Concurrent Cleanup for Next Mark
[3014.256s][info][gc,marking     ] GC(615) Concurrent Cleanup for Next Mark 3.776ms
[3014.256s][info][gc             ] GC(615) Concurrent Mark Cycle 1148.961ms
..[3016.652s][info][gc,start       ] GC(616) Pause Young (Prepare Mixed) (G1 Evacuation Pause)
[3016.653s][info][gc,task        ] GC(616) Using 6 workers of 6 for evacuation
[3016.768s][info][gc,phases      ] GC(616)   Pre Evacuate Collection Set: 0.32ms
[3016.768s][info][gc,phases      ] GC(616)   Merge Heap Roots: 0.53ms
[3016.768s][info][gc,phases      ] GC(616)   Evacuate Collection Set: 113.76ms
[3016.768s][info][gc,phases      ] GC(616)   Post Evacuate Collection Set: 0.98ms
[3016.768s][info][gc,phases      ] GC(616)   Other: 0.09ms
[3016.768s][info][gc,heap        ] GC(616) Eden regions: 1115->0(1110)
[3016.768s][info][gc,heap        ] GC(616) Survivor regions: 113->109(154)
[3016.768s][info][gc,heap        ] GC(616) Old regions: 505->537
[3016.768s][info][gc,heap        ] GC(616) Humongous regions: 80->80
[3016.768s][info][gc,metaspace   ] GC(616) Metaspace: 28949K(29312K)->28949K(29312K) NonClass: 24071K(24256K)->24071K(24256K) Class: 4877K(5056K)->4877K(5056K)
[3016.768s][info][gc             ] GC(616) Pause Young (Prepare Mixed) (G1 Evacuation Pause) 3624M->1449M(4096M) 115.822ms
[3016.768s][info][gc,cpu         ] GC(616) User=0.69s Sys=0.00s Real=0.11s
....[3020.304s][info][gc,start       ] GC(617) Pause Young (Mixed) (G1 Evacuation Pause)
[3020.304s][info][gc,task        ] GC(617) Using 6 workers of 6 for evacuation
[3020.441s][info][gc,phases      ] GC(617)   Pre Evacuate Collection Set: 0.35ms
[3020.441s][info][gc,phases      ] GC(617)   Merge Heap Roots: 0.71ms
[3020.441s][info][gc,phases      ] GC(617)   Evacuate Collection Set: 134.60ms
[3020.441s][info][gc,phases      ] GC(617)   Post Evacuate Collection Set: 0.94ms
[3020.441s][info][gc,phases      ] GC(617)   Other: 0.09ms
[3020.441s][info][gc,heap        ] GC(617) Eden regions: 1110->0(1116)
[3020.441s][info][gc,heap        ] GC(617) Survivor regions: 109->112(153)
[3020.441s][info][gc,heap        ] GC(617) Old regions: 537->473
[3020.441s][info][gc,heap        ] GC(617) Humongous regions: 80->80
[3020.441s][info][gc,metaspace   ] GC(617) Metaspace: 28949K(29312K)->28949K(29312K) NonClass: 24071K(24256K)->24071K(24256K) Class: 4877K(5056K)->4877K(5056K)
[3020.441s][info][gc             ] GC(617) Pause Young (Mixed) (G1 Evacuation Pause) 3669M->1328M(4096M) 136.805ms
[3020.441s][info][gc,cpu         ] GC(617) User=0.81s Sys=0.00s Real=0.14s
...[3023.985s][info][gc,start       ] GC(618) Pause Young (Concurrent Start) (G1 Evacuation Pause)
[3023.985s][info][gc,task        ] GC(618) Using 6 workers of 6 for evacuation
[3024.107s][info][gc,phases      ] GC(618)   Pre Evacuate Collection Set: 0.34ms
[3024.107s][info][gc,phases      ] GC(618)   Merge Heap Roots: 0.48ms
[3024.107s][info][gc,phases      ] GC(618)   Evacuate Collection Set: 120.11ms
[3024.107s][info][gc,phases      ] GC(618)   Post Evacuate Collection Set: 0.86ms
[3024.107s][info][gc,phases      ] GC(618)   Other: 0.12ms
[3024.107s][info][gc,heap        ] GC(618) Eden regions: 1116->0(1116)
[3024.107s][info][gc,heap        ] GC(618) Survivor regions: 112->112(154)
[3024.107s][info][gc,heap        ] GC(618) Old regions: 473->506
[3024.107s][info][gc,heap        ] GC(618) Humongous regions: 80->80
[3024.107s][info][gc,metaspace   ] GC(618) Metaspace: 28949K(29312K)->28949K(29312K) NonClass: 24071K(24256K)->24071K(24256K) Class: 4877K(5056K)->4877K(5056K)
[3024.107s][info][gc             ] GC(618) Pause Young (Concurrent Start) (G1 Evacuation Pause) 3560M->1393M(4096M) 122.042ms
[3024.107s][info][gc             ] GC(619) Concurrent Mark Cycle
[3024.107s][info][gc,marking     ] GC(619) Concurrent Scan Root Regions
[3024.107s][info][gc,cpu         ] GC(618) User=0.73s Sys=0.00s Real=0.12s
.[3024.284s][info][gc,marking     ] GC(619) Concurrent Scan Root Regions 177.136ms
[3024.284s][info][gc,marking     ] GC(619) Concurrent Mark
[3024.284s][info][gc,marking     ] GC(619) Concurrent Mark From Roots
[3024.284s][info][gc,task        ] GC(619) Using 2 workers of 2 for marking
.[3025.205s][info][gc,marking     ] GC(619) Concurrent Mark From Roots 920.741ms
[3025.205s][info][gc,marking     ] GC(619) Concurrent Preclean
[3025.205s][info][gc,marking     ] GC(619) Concurrent Preclean 0.088ms
[3025.205s][info][gc,start       ] GC(619) Pause Remark
[3025.211s][info][gc             ] GC(619) Pause Remark 2117M->2117M(4096M) 5.295ms
[3025.211s][info][gc,cpu         ] GC(619) User=0.03s Sys=0.00s Real=0.01s
[3025.211s][info][gc,marking     ] GC(619) Concurrent Mark 926.360ms
[3025.211s][info][gc,marking     ] GC(619) Concurrent Rebuild Remembered Sets and Scrub Regions
[3025.450s][info][gc,marking     ] GC(619) Concurrent Rebuild Remembered Sets and Scrub Regions 239.473ms
[3025.450s][info][gc,start       ] GC(619) Pause Cleanup
[3025.451s][info][gc             ] GC(619) Pause Cleanup 2265M->2265M(4096M) 0.103ms
[3025.451s][info][gc,cpu         ] GC(619) User=0.00s Sys=0.00s Real=0.00s
[3025.451s][info][gc,marking     ] GC(619) Concurrent Clear Claimed Marks
[3025.451s][info][gc,marking     ] GC(619) Concurrent Clear Claimed Marks 0.030ms
[3025.451s][info][gc,marking     ] GC(619) Concurrent Cleanup for Next Mark
[3025.455s][info][gc,marking     ] GC(619) Concurrent Cleanup for Next Mark 4.092ms
[3025.455s][info][gc             ] GC(619) Concurrent Mark Cycle 1347.504ms
..[3027.723s][info][gc,start       ] GC(620) Pause Young (Prepare Mixed) (G1 Evacuation Pause)
[3027.723s][info][gc,task        ] GC(620) Using 6 workers of 6 for evacuation
[3027.840s][info][gc,phases      ] GC(620)   Pre Evacuate Collection Set: 0.33ms
[3027.840s][info][gc,phases      ] GC(620)   Merge Heap Roots: 0.59ms
[3027.840s][info][gc,phases      ] GC(620)   Evacuate Collection Set: 115.10ms
[3027.840s][info][gc,phases      ] GC(620)   Post Evacuate Collection Set: 0.91ms
[3027.840s][info][gc,phases      ] GC(620)   Other: 0.08ms
[3027.840s][info][gc,heap        ] GC(620) Eden regions: 1116->0(1110)
[3027.840s][info][gc,heap        ] GC(620) Survivor regions: 112->109(154)
[3027.840s][info][gc,heap        ] GC(620) Old regions: 506->537
[3027.840s][info][gc,heap        ] GC(620) Humongous regions: 80->80
[3027.840s][info][gc,metaspace   ] GC(620) Metaspace: 28949K(29312K)->28949K(29312K) NonClass: 24071K(24256K)->24071K(24256K) Class: 4877K(5056K)->4877K(5056K)
[3027.840s][info][gc             ] GC(620) Pause Young (Prepare Mixed) (G1 Evacuation Pause) 3625M->1450M(4096M) 117.165ms
[3027.840s][info][gc,cpu         ] GC(620) User=0.70s Sys=0.00s Real=0.12s
..|..[3031.338s][info][gc,start       ] GC(621) Pause Young (Mixed) (G1 Evacuation Pause)
[3031.338s][info][gc,task        ] GC(621) Using 6 workers of 6 for evacuation
[3031.474s][info][gc,phases      ] GC(621)   Pre Evacuate Collection Set: 0.39ms
[3031.474s][info][gc,phases      ] GC(621)   Merge Heap Roots: 0.72ms
[3031.474s][info][gc,phases      ] GC(621)   Evacuate Collection Set: 133.77ms
[3031.474s][info][gc,phases      ] GC(621)   Post Evacuate Collection Set: 0.91ms
[3031.474s][info][gc,phases      ] GC(621)   Other: 0.09ms
[3031.474s][info][gc,heap        ] GC(621) Eden regions: 1110->0(1117)
[3031.474s][info][gc,heap        ] GC(621) Survivor regions: 109->111(153)
[3031.474s][info][gc,heap        ] GC(621) Old regions: 537->474
[3031.474s][info][gc,heap        ] GC(621) Humongous regions: 80->80
[3031.474s][info][gc,metaspace   ] GC(621) Metaspace: 28949K(29312K)->28949K(29312K) NonClass: 24071K(24256K)->24071K(24256K) Class: 4877K(5056K)->4877K(5056K)
[3031.474s][info][gc             ] GC(621) Pause Young (Mixed) (G1 Evacuation Pause) 3670M->1328M(4096M) 136.023ms
[3031.474s][info][gc,cpu         ] GC(621) User=0.81s Sys=0.00s Real=0.14s
...[3035.070s][info][gc,start       ] GC(622) Pause Young (Concurrent Start) (G1 Evacuation Pause)
[3035.070s][info][gc,task        ] GC(622) Using 6 workers of 6 for evacuation
[3035.188s][info][gc,phases      ] GC(622)   Pre Evacuate Collection Set: 0.41ms
[3035.188s][info][gc,phases      ] GC(622)   Merge Heap Roots: 0.47ms
[3035.188s][info][gc,phases      ] GC(622)   Evacuate Collection Set: 116.58ms
[3035.188s][info][gc,phases      ] GC(622)   Post Evacuate Collection Set: 0.88ms
[3035.188s][info][gc,phases      ] GC(622)   Other: 0.12ms
[3035.188s][info][gc,heap        ] GC(622) Eden regions: 1117->0(1116)
[3035.188s][info][gc,heap        ] GC(622) Survivor regions: 111->112(154)
[3035.188s][info][gc,heap        ] GC(622) Old regions: 474->506
[3035.188s][info][gc,heap        ] GC(622) Humongous regions: 80->80
[3035.188s][info][gc,metaspace   ] GC(622) Metaspace: 28949K(29312K)->28949K(29312K) NonClass: 24071K(24256K)->24071K(24256K) Class: 4877K(5056K)->4877K(5056K)
[3035.188s][info][gc             ] GC(622) Pause Young (Concurrent Start) (G1 Evacuation Pause) 3562M->1393M(4096M) 118.593ms
[3035.188s][info][gc             ] GC(623) Concurrent Mark Cycle
[3035.188s][info][gc,marking     ] GC(623) Concurrent Scan Root Regions
[3035.188s][info][gc,cpu         ] GC(622) User=0.71s Sys=0.00s Real=0.11s
.[3035.369s][info][gc,marking     ] GC(623) Concurrent Scan Root Regions 180.831ms
[3035.369s][info][gc,marking     ] GC(623) Concurrent Mark
[3035.369s][info][gc,marking     ] GC(623) Concurrent Mark From Roots
[3035.369s][info][gc,task        ] GC(623) Using 2 workers of 2 for marking
[3036.132s][info][gc,marking     ] GC(623) Concurrent Mark From Roots 762.704ms
[3036.132s][info][gc,marking     ] GC(623) Concurrent Preclean
[3036.132s][info][gc,marking     ] GC(623) Concurrent Preclean 0.114ms
[3036.132s][info][gc,start       ] GC(623) Pause Remark
[3036.138s][info][gc             ] GC(623) Pause Remark 2053M->2053M(4096M) 5.427ms
[3036.138s][info][gc,cpu         ] GC(623) User=0.03s Sys=0.00s Real=0.00s
[3036.140s][info][gc,marking     ] GC(623) Concurrent Mark 770.810ms
[3036.140s][info][gc,marking     ] GC(623) Concurrent Rebuild Remembered Sets and Scrub Regions
.[3036.442s][info][gc,marking     ] GC(623) Concurrent Rebuild Remembered Sets and Scrub Regions 302.242ms
[3036.442s][info][gc,start       ] GC(623) Pause Cleanup
[3036.443s][info][gc             ] GC(623) Pause Cleanup 2273M->2273M(4096M) 0.117ms
[3036.443s][info][gc,cpu         ] GC(623) User=0.00s Sys=0.00s Real=0.00s
[3036.443s][info][gc,marking     ] GC(623) Concurrent Clear Claimed Marks
[3036.443s][info][gc,marking     ] GC(623) Concurrent Clear Claimed Marks 0.029ms
[3036.443s][info][gc,marking     ] GC(623) Concurrent Cleanup for Next Mark
[3036.446s][info][gc,marking     ] GC(623) Concurrent Cleanup for Next Mark 3.165ms
[3036.446s][info][gc             ] GC(623) Concurrent Mark Cycle 1257.519ms
..[3038.710s][info][gc,start       ] GC(624) Pause Young (Prepare Mixed) (G1 Evacuation Pause)
[3038.710s][info][gc,task        ] GC(624) Using 6 workers of 6 for evacuation
[3038.830s][info][gc,phases      ] GC(624)   Pre Evacuate Collection Set: 0.30ms
[3038.830s][info][gc,phases      ] GC(624)   Merge Heap Roots: 0.51ms
[3038.830s][info][gc,phases      ] GC(624)   Evacuate Collection Set: 117.67ms
[3038.830s][info][gc,phases      ] GC(624)   Post Evacuate Collection Set: 0.96ms
[3038.830s][info][gc,phases      ] GC(624)   Other: 0.09ms
[3038.830s][info][gc,heap        ] GC(624) Eden regions: 1116->0(1103)
[3038.830s][info][gc,heap        ] GC(624) Survivor regions: 112->112(154)
[3038.830s][info][gc,heap        ] GC(624) Old regions: 506->538
[3038.830s][info][gc,heap        ] GC(624) Humongous regions: 80->80
[3038.830s][info][gc,metaspace   ] GC(624) Metaspace: 28949K(29312K)->28949K(29312K) NonClass: 24071K(24256K)->24071K(24256K) Class: 4877K(5056K)->4877K(5056K)
[3038.830s][info][gc             ] GC(624) Pause Young (Prepare Mixed) (G1 Evacuation Pause) 3625M->1458M(4096M) 119.699ms
[3038.830s][info][gc,cpu         ] GC(624) User=0.71s Sys=0.00s Real=0.12s
....[3042.330s][info][gc,start       ] GC(625) Pause Young (Mixed) (G1 Evacuation Pause)
[3042.330s][info][gc,task        ] GC(625) Using 6 workers of 6 for evacuation
[3042.466s][info][gc,phases      ] GC(625)   Pre Evacuate Collection Set: 0.38ms
[3042.466s][info][gc,phases      ] GC(625)   Merge Heap Roots: 0.71ms
[3042.466s][info][gc,phases      ] GC(625)   Evacuate Collection Set: 133.62ms
[3042.466s][info][gc,phases      ] GC(625)   Post Evacuate Collection Set: 0.92ms
[3042.466s][info][gc,phases      ] GC(625)   Other: 0.09ms
[3042.466s][info][gc,heap        ] GC(625) Eden regions: 1103->0(1115)
[3042.466s][info][gc,heap        ] GC(625) Survivor regions: 112->113(152)
[3042.466s][info][gc,heap        ] GC(625) Old regions: 538->475
[3042.466s][info][gc,heap        ] GC(625) Humongous regions: 80->80
[3042.466s][info][gc,metaspace   ] GC(625) Metaspace: 28949K(29312K)->28949K(29312K) NonClass: 24071K(24256K)->24071K(24256K) Class: 4877K(5056K)->4877K(5056K)
[3042.466s][info][gc             ] GC(625) Pause Young (Mixed) (G1 Evacuation Pause) 3664M->1333M(4096M) 135.849ms
[3042.466s][info][gc,cpu         ] GC(625) User=0.81s Sys=0.00s Real=0.13s
...[3046.063s][info][gc,start       ] GC(626) Pause Young (Concurrent Start) (G1 Evacuation Pause)
[3046.063s][info][gc,task        ] GC(626) Using 6 workers of 6 for evacuation
[3046.182s][info][gc,phases      ] GC(626)   Pre Evacuate Collection Set: 0.41ms
[3046.182s][info][gc,phases      ] GC(626)   Merge Heap Roots: 0.50ms
[3046.182s][info][gc,phases      ] GC(626)   Evacuate Collection Set: 117.66ms
[3046.182s][info][gc,phases      ] GC(626)   Post Evacuate Collection Set: 0.86ms
[3046.182s][info][gc,phases      ] GC(626)   Other: 0.13ms
[3046.182s][info][gc,heap        ] GC(626) Eden regions: 1115->0(1117)
[3046.182s][info][gc,heap        ] GC(626) Survivor regions: 113->111(154)
[3046.182s][info][gc,heap        ] GC(626) Old regions: 475->507
[3046.182s][info][gc,heap        ] GC(626) Humongous regions: 80->80
[3046.182s][info][gc,metaspace   ] GC(626) Metaspace: 28949K(29312K)->28949K(29312K) NonClass: 24071K(24256K)->24071K(24256K) Class: 4877K(5056K)->4877K(5056K)
[3046.182s][info][gc             ] GC(626) Pause Young (Concurrent Start) (G1 Evacuation Pause) 3563M->1394M(4096M) 119.690ms
[3046.182s][info][gc             ] GC(627) Concurrent Mark Cycle
[3046.183s][info][gc,marking     ] GC(627) Concurrent Scan Root Regions
[3046.183s][info][gc,cpu         ] GC(626) User=0.72s Sys=0.00s Real=0.12s
[3046.366s][info][gc,marking     ] GC(627) Concurrent Scan Root Regions 183.029ms
[3046.366s][info][gc,marking     ] GC(627) Concurrent Mark
[3046.366s][info][gc,marking     ] GC(627) Concurrent Mark From Roots
[3046.366s][info][gc,task        ] GC(627) Using 2 workers of 2 for marking
.[3047.146s][info][gc,marking     ] GC(627) Concurrent Mark From Roots 780.488ms
[3047.146s][info][gc,marking     ] GC(627) Concurrent Preclean
[3047.146s][info][gc,marking     ] GC(627) Concurrent Preclean 0.109ms
[3047.147s][info][gc,start       ] GC(627) Pause Remark
[3047.152s][info][gc             ] GC(627) Pause Remark 2089M->2089M(4096M) 5.749ms
[3047.152s][info][gc,cpu         ] GC(627) User=0.04s Sys=0.00s Real=0.01s
[3047.152s][info][gc,marking     ] GC(627) Concurrent Mark 786.822ms
[3047.152s][info][gc,marking     ] GC(627) Concurrent Rebuild Remembered Sets and Scrub Regions
.[3047.426s][info][gc,marking     ] GC(627) Concurrent Rebuild Remembered Sets and Scrub Regions 273.245ms
[3047.426s][info][gc,start       ] GC(627) Pause Cleanup
[3047.426s][info][gc             ] GC(627) Pause Cleanup 2256M->2256M(4096M) 0.120ms
[3047.426s][info][gc,cpu         ] GC(627) User=0.00s Sys=0.00s Real=0.00s
[3047.426s][info][gc,marking     ] GC(627) Concurrent Clear Claimed Marks
[3047.426s][info][gc,marking     ] GC(627) Concurrent Clear Claimed Marks 0.028ms
[3047.426s][info][gc,marking     ] GC(627) Concurrent Cleanup for Next Mark
[3047.431s][info][gc,marking     ] GC(627) Concurrent Cleanup for Next Mark 4.497ms
[3047.431s][info][gc             ] GC(627) Concurrent Mark Cycle 1248.307ms
..[3049.754s][info][gc,start       ] GC(628) Pause Young (Prepare Mixed) (G1 Evacuation Pause)
[3049.754s][info][gc,task        ] GC(628) Using 6 workers of 6 for evacuation
[3049.870s][info][gc,phases      ] GC(628)   Pre Evacuate Collection Set: 0.31ms
[3049.870s][info][gc,phases      ] GC(628)   Merge Heap Roots: 0.54ms
[3049.870s][info][gc,phases      ] GC(628)   Evacuate Collection Set: 113.87ms
[3049.870s][info][gc,phases      ] GC(628)   Post Evacuate Collection Set: 0.92ms
[3049.870s][info][gc,phases      ] GC(628)   Other: 0.08ms
[3049.870s][info][gc,heap        ] GC(628) Eden regions: 1117->0(1107)
[3049.870s][info][gc,heap        ] GC(628) Survivor regions: 111->110(154)
[3049.870s][info][gc,heap        ] GC(628) Old regions: 507->538
[3049.870s][info][gc,heap        ] GC(628) Humongous regions: 80->80
[3049.870s][info][gc,metaspace   ] GC(628) Metaspace: 28949K(29312K)->28949K(29312K) NonClass: 24071K(24256K)->24071K(24256K) Class: 4877K(5056K)->4877K(5056K)
[3049.870s][info][gc             ] GC(628) Pause Young (Prepare Mixed) (G1 Evacuation Pause) 3628M->1454M(4096M) 115.873ms
[3049.870s][info][gc,cpu         ] GC(628) User=0.69s Sys=0.00s Real=0.12s
...[3053.340s][info][gc,start       ] GC(629) Pause Young (Mixed) (G1 Evacuation Pause)
[3053.340s][info][gc,task        ] GC(629) Using 6 workers of 6 for evacuation
[3053.475s][info][gc,phases      ] GC(629)   Pre Evacuate Collection Set: 0.37ms
[3053.475s][info][gc,phases      ] GC(629)   Merge Heap Roots: 0.83ms
[3053.475s][info][gc,phases      ] GC(629)   Evacuate Collection Set: 131.83ms
[3053.475s][info][gc,phases      ] GC(629)   Post Evacuate Collection Set: 0.93ms
[3053.475s][info][gc,phases      ] GC(629)   Other: 0.10ms
[3053.475s][info][gc,heap        ] GC(629) Eden regions: 1107->0(1119)
[3053.475s][info][gc,heap        ] GC(629) Survivor regions: 110->109(153)
[3053.475s][info][gc,heap        ] GC(629) Old regions: 538->474
[3053.475s][info][gc,heap        ] GC(629) Humongous regions: 80->80
[3053.475s][info][gc,metaspace   ] GC(629) Metaspace: 28949K(29312K)->28949K(29312K) NonClass: 24071K(24256K)->24071K(24256K) Class: 4877K(5056K)->4877K(5056K)
[3053.475s][info][gc             ] GC(629) Pause Young (Mixed) (G1 Evacuation Pause) 3668M->1325M(4096M) 134.192ms
[3053.475s][info][gc,cpu         ] GC(629) User=0.79s Sys=0.00s Real=0.13s
....[3057.054s][info][gc,start       ] GC(630) Pause Young (Concurrent Start) (G1 Evacuation Pause)
[3057.054s][info][gc,task        ] GC(630) Using 6 workers of 6 for evacuation
[3057.171s][info][gc,phases      ] GC(630)   Pre Evacuate Collection Set: 0.39ms
[3057.171s][info][gc,phases      ] GC(630)   Merge Heap Roots: 0.52ms
[3057.171s][info][gc,phases      ] GC(630)   Evacuate Collection Set: 115.73ms
[3057.171s][info][gc,phases      ] GC(630)   Post Evacuate Collection Set: 0.87ms
[3057.171s][info][gc,phases      ] GC(630)   Other: 0.12ms
[3057.171s][info][gc,heap        ] GC(630) Eden regions: 1119->0(1119)
[3057.171s][info][gc,heap        ] GC(630) Survivor regions: 109->109(154)
[3057.171s][info][gc,heap        ] GC(630) Old regions: 474->506
[3057.171s][info][gc,heap        ] GC(630) Humongous regions: 80->80
[3057.171s][info][gc,metaspace   ] GC(630) Metaspace: 28949K(29312K)->28949K(29312K) NonClass: 24071K(24256K)->24071K(24256K) Class: 4877K(5056K)->4877K(5056K)
[3057.171s][info][gc             ] GC(630) Pause Young (Concurrent Start) (G1 Evacuation Pause) 3563M->1388M(4096M) 117.760ms
[3057.171s][info][gc             ] GC(631) Concurrent Mark Cycle
[3057.171s][info][gc,marking     ] GC(631) Concurrent Scan Root Regions
[3057.171s][info][gc,cpu         ] GC(630) User=0.70s Sys=0.00s Real=0.12s
[3057.345s][info][gc,marking     ] GC(631) Concurrent Scan Root Regions 174.070ms
[3057.346s][info][gc,marking     ] GC(631) Concurrent Mark
[3057.346s][info][gc,marking     ] GC(631) Concurrent Mark From Roots
[3057.346s][info][gc,task        ] GC(631) Using 2 workers of 2 for marking
.[3058.074s][info][gc,marking     ] GC(631) Concurrent Mark From Roots 728.230ms
[3058.074s][info][gc,marking     ] GC(631) Concurrent Preclean
[3058.074s][info][gc,marking     ] GC(631) Concurrent Preclean 0.121ms
[3058.075s][info][gc,start       ] GC(631) Pause Remark
[3058.080s][info][gc             ] GC(631) Pause Remark 1963M->1963M(4096M) 5.031ms
[3058.080s][info][gc,cpu         ] GC(631) User=0.03s Sys=0.00s Real=0.01s
[3058.080s][info][gc,marking     ] GC(631) Concurrent Mark 734.963ms
[3058.080s][info][gc,marking     ] GC(631) Concurrent Rebuild Remembered Sets and Scrub Regions
[3058.385s][info][gc,marking     ] GC(631) Concurrent Rebuild Remembered Sets and Scrub Regions 304.740ms
[3058.385s][info][gc,start       ] GC(631) Pause Cleanup
[3058.385s][info][gc             ] GC(631) Pause Cleanup 2207M->2207M(4096M) 0.103ms
[3058.385s][info][gc,cpu         ] GC(631) User=0.00s Sys=0.00s Real=0.00s
[3058.385s][info][gc,marking     ] GC(631) Concurrent Clear Claimed Marks
[3058.386s][info][gc,marking     ] GC(631) Concurrent Clear Claimed Marks 0.029ms
[3058.386s][info][gc,marking     ] GC(631) Concurrent Cleanup for Next Mark
[3058.389s][info][gc,marking     ] GC(631) Concurrent Cleanup for Next Mark 3.220ms
[3058.389s][info][gc             ] GC(631) Concurrent Mark Cycle 1217.432ms
...[3060.771s][info][gc,start       ] GC(632) Pause Young (Prepare Mixed) (G1 Evacuation Pause)
[3060.771s][info][gc,task        ] GC(632) Using 6 workers of 6 for evacuation
[3060.890s][info][gc,phases      ] GC(632)   Pre Evacuate Collection Set: 0.31ms
[3060.890s][info][gc,phases      ] GC(632)   Merge Heap Roots: 0.60ms
[3060.890s][info][gc,phases      ] GC(632)   Evacuate Collection Set: 116.55ms
[3060.890s][info][gc,phases      ] GC(632)   Post Evacuate Collection Set: 0.93ms
[3060.890s][info][gc,phases      ] GC(632)   Other: 0.08ms
[3060.890s][info][gc,heap        ] GC(632) Eden regions: 1119->0(1106)
[3060.890s][info][gc,heap        ] GC(632) Survivor regions: 109->111(154)
[3060.890s][info][gc,heap        ] GC(632) Old regions: 506->537
[3060.890s][info][gc,heap        ] GC(632) Humongous regions: 80->80
[3060.890s][info][gc,metaspace   ] GC(632) Metaspace: 28949K(29312K)->28949K(29312K) NonClass: 24071K(24256K)->24071K(24256K) Class: 4877K(5056K)->4877K(5056K)
[3060.890s][info][gc             ] GC(632) Pause Young (Prepare Mixed) (G1 Evacuation Pause) 3626M->1454M(4096M) 118.614ms
[3060.890s][info][gc,cpu         ] GC(632) User=0.71s Sys=0.00s Real=0.12s
...[3064.415s][info][gc,start       ] GC(633) Pause Young (Mixed) (G1 Evacuation Pause)
[3064.415s][info][gc,task        ] GC(633) Using 6 workers of 6 for evacuation
[3064.554s][info][gc,phases      ] GC(633)   Pre Evacuate Collection Set: 0.35ms
[3064.554s][info][gc,phases      ] GC(633)   Merge Heap Roots: 0.81ms
[3064.554s][info][gc,phases      ] GC(633)   Evacuate Collection Set: 136.23ms
[3064.554s][info][gc,phases      ] GC(633)   Post Evacuate Collection Set: 0.93ms
[3064.554s][info][gc,phases      ] GC(633)   Other: 0.09ms
[3064.554s][info][gc,heap        ] GC(633) Eden regions: 1106->0(1115)
[3064.554s][info][gc,heap        ] GC(633) Survivor regions: 111->113(153)
[3064.554s][info][gc,heap        ] GC(633) Old regions: 537->474
[3064.554s][info][gc,heap        ] GC(633) Humongous regions: 80->80
[3064.554s][info][gc,metaspace   ] GC(633) Metaspace: 28949K(29312K)->28949K(29312K) NonClass: 24071K(24256K)->24071K(24256K) Class: 4877K(5056K)->4877K(5056K)
[3064.554s][info][gc             ] GC(633) Pause Young (Mixed) (G1 Evacuation Pause) 3666M->1331M(4096M) 138.536ms
[3064.554s][info][gc,cpu         ] GC(633) User=0.83s Sys=0.00s Real=0.14s
....[3068.058s][info][gc,start       ] GC(634) Pause Young (Concurrent Start) (G1 Evacuation Pause)
[3068.058s][info][gc,task        ] GC(634) Using 6 workers of 6 for evacuation
[3068.177s][info][gc,phases      ] GC(634)   Pre Evacuate Collection Set: 0.35ms
[3068.177s][info][gc,phases      ] GC(634)   Merge Heap Roots: 0.49ms
[3068.177s][info][gc,phases      ] GC(634)   Evacuate Collection Set: 116.26ms
[3068.177s][info][gc,phases      ] GC(634)   Post Evacuate Collection Set: 0.87ms
[3068.177s][info][gc,phases      ] GC(634)   Other: 0.12ms
[3068.177s][info][gc,heap        ] GC(634) Eden regions: 1115->0(1118)
[3068.177s][info][gc,heap        ] GC(634) Survivor regions: 113->110(154)
[3068.177s][info][gc,heap        ] GC(634) Old regions: 474->506
[3068.177s][info][gc,heap        ] GC(634) Humongous regions: 80->80
[3068.177s][info][gc,metaspace   ] GC(634) Metaspace: 28949K(29312K)->28949K(29312K) NonClass: 24071K(24256K)->24071K(24256K) Class: 4877K(5056K)->4877K(5056K)
[3068.177s][info][gc             ] GC(634) Pause Young (Concurrent Start) (G1 Evacuation Pause) 3561M->1390M(4096M) 118.205ms
[3068.177s][info][gc             ] GC(635) Concurrent Mark Cycle
[3068.177s][info][gc,marking     ] GC(635) Concurrent Scan Root Regions
[3068.177s][info][gc,cpu         ] GC(634) User=0.70s Sys=0.00s Real=0.12s
[3068.306s][info][gc,marking     ] GC(635) Concurrent Scan Root Regions 129.131ms
[3068.306s][info][gc,marking     ] GC(635) Concurrent Mark
[3068.306s][info][gc,marking     ] GC(635) Concurrent Mark From Roots
[3068.306s][info][gc,task        ] GC(635) Using 2 workers of 2 for marking
.[3068.925s][info][gc,marking     ] GC(635) Concurrent Mark From Roots 619.156ms
[3068.925s][info][gc,marking     ] GC(635) Concurrent Preclean
[3068.925s][info][gc,marking     ] GC(635) Concurrent Preclean 0.094ms
[3068.925s][info][gc,start       ] GC(635) Pause Remark
[3068.929s][info][gc             ] GC(635) Pause Remark 1814M->1814M(4096M) 4.188ms
[3068.930s][info][gc,cpu         ] GC(635) User=0.02s Sys=0.00s Real=0.01s
[3068.930s][info][gc,marking     ] GC(635) Concurrent Mark 623.694ms
[3068.930s][info][gc,marking     ] GC(635) Concurrent Rebuild Remembered Sets and Scrub Regions
[3069.161s][info][gc,marking     ] GC(635) Concurrent Rebuild Remembered Sets and Scrub Regions 231.338ms
[3069.162s][info][gc,start       ] GC(635) Pause Cleanup
[3069.162s][info][gc             ] GC(635) Pause Cleanup 1967M->1967M(4096M) 0.118ms
[3069.162s][info][gc,cpu         ] GC(635) User=0.00s Sys=0.00s Real=0.00s
[3069.162s][info][gc,marking     ] GC(635) Concurrent Clear Claimed Marks
[3069.162s][info][gc,marking     ] GC(635) Concurrent Clear Claimed Marks 0.034ms
[3069.162s][info][gc,marking     ] GC(635) Concurrent Cleanup for Next Mark
[3069.172s][info][gc,marking     ] GC(635) Concurrent Cleanup for Next Mark 9.915ms
[3069.172s][info][gc             ] GC(635) Concurrent Mark Cycle 995.687ms
...[3071.732s][info][gc,start       ] GC(636) Pause Young (Prepare Mixed) (G1 Evacuation Pause)
[3071.732s][info][gc,task        ] GC(636) Using 6 workers of 6 for evacuation
[3071.854s][info][gc,phases      ] GC(636)   Pre Evacuate Collection Set: 0.34ms
[3071.854s][info][gc,phases      ] GC(636)   Merge Heap Roots: 0.59ms
[3071.854s][info][gc,phases      ] GC(636)   Evacuate Collection Set: 120.19ms
[3071.854s][info][gc,phases      ] GC(636)   Post Evacuate Collection Set: 0.91ms
[3071.854s][info][gc,phases      ] GC(636)   Other: 0.09ms
[3071.854s][info][gc,heap        ] GC(636) Eden regions: 1118->0(1102)
[3071.854s][info][gc,heap        ] GC(636) Survivor regions: 110->113(154)
[3071.854s][info][gc,heap        ] GC(636) Old regions: 506->537
[3071.854s][info][gc,heap        ] GC(636) Humongous regions: 80->80
[3071.854s][info][gc,metaspace   ] GC(636) Metaspace: 28949K(29312K)->28949K(29312K) NonClass: 24071K(24256K)->24071K(24256K) Class: 4877K(5056K)->4877K(5056K)
[3071.854s][info][gc             ] GC(636) Pause Young (Prepare Mixed) (G1 Evacuation Pause) 3626M->1458M(4096M) 122.245ms
[3071.854s][info][gc,cpu         ] GC(636) User=0.73s Sys=0.00s Real=0.12s
...[3075.372s][info][gc,start       ] GC(637) Pause Young (Mixed) (G1 Evacuation Pause)
[3075.372s][info][gc,task        ] GC(637) Using 6 workers of 6 for evacuation
[3075.503s][info][gc,phases      ] GC(637)   Pre Evacuate Collection Set: 0.35ms
[3075.504s][info][gc,phases      ] GC(637)   Merge Heap Roots: 0.62ms
[3075.504s][info][gc,phases      ] GC(637)   Evacuate Collection Set: 129.85ms
[3075.504s][info][gc,phases      ] GC(637)   Post Evacuate Collection Set: 0.93ms
[3075.504s][info][gc,phases      ] GC(637)   Other: 0.09ms
[3075.504s][info][gc,heap        ] GC(637) Eden regions: 1102->0(1118)
[3075.504s][info][gc,heap        ] GC(637) Survivor regions: 113->110(152)
[3075.504s][info][gc,heap        ] GC(637) Old regions: 537->475
[3075.504s][info][gc,heap        ] GC(637) Humongous regions: 80->80
[3075.504s][info][gc,metaspace   ] GC(637) Metaspace: 28949K(29312K)->28949K(29312K) NonClass: 24071K(24256K)->24071K(24256K) Class: 4877K(5056K)->4877K(5056K)
[3075.504s][info][gc             ] GC(637) Pause Young (Mixed) (G1 Evacuation Pause) 3662M->1328M(4096M) 131.980ms
[3075.504s][info][gc,cpu         ] GC(637) User=0.78s Sys=0.00s Real=0.13s
....[3079.026s][info][gc,start       ] GC(638) Pause Young (Concurrent Start) (G1 Evacuation Pause)
[3079.026s][info][gc,task        ] GC(638) Using 6 workers of 6 for evacuation
[3079.142s][info][gc,phases      ] GC(638)   Pre Evacuate Collection Set: 0.41ms
[3079.142s][info][gc,phases      ] GC(638)   Merge Heap Roots: 0.46ms
[3079.142s][info][gc,phases      ] GC(638)   Evacuate Collection Set: 114.15ms
[3079.142s][info][gc,phases      ] GC(638)   Post Evacuate Collection Set: 0.89ms
[3079.142s][info][gc,phases      ] GC(638)   Other: 0.12ms
[3079.142s][info][gc,heap        ] GC(638) Eden regions: 1118->0(1120)
[3079.142s][info][gc,heap        ] GC(638) Survivor regions: 110->108(154)
[3079.142s][info][gc,heap        ] GC(638) Old regions: 475->508
[3079.142s][info][gc,heap        ] GC(638) Humongous regions: 80->80
[3079.142s][info][gc,metaspace   ] GC(638) Metaspace: 28949K(29312K)->28949K(29312K) NonClass: 24071K(24256K)->24071K(24256K) Class: 4877K(5056K)->4877K(5056K)
[3079.142s][info][gc             ] GC(638) Pause Young (Concurrent Start) (G1 Evacuation Pause) 3564M->1390M(4096M) 116.171ms
[3079.142s][info][gc             ] GC(639) Concurrent Mark Cycle
[3079.142s][info][gc,marking     ] GC(639) Concurrent Scan Root Regions
[3079.142s][info][gc,cpu         ] GC(638) User=0.69s Sys=0.01s Real=0.12s
[3079.310s][info][gc,marking     ] GC(639) Concurrent Scan Root Regions 167.847ms
[3079.310s][info][gc,marking     ] GC(639) Concurrent Mark
[3079.310s][info][gc,marking     ] GC(639) Concurrent Mark From Roots
[3079.310s][info][gc,task        ] GC(639) Using 2 workers of 2 for marking
.[3080.014s][info][gc,marking     ] GC(639) Concurrent Mark From Roots 703.466ms
[3080.014s][info][gc,marking     ] GC(639) Concurrent Preclean
[3080.014s][info][gc,marking     ] GC(639) Concurrent Preclean 0.087ms
[3080.014s][info][gc,start       ] GC(639) Pause Remark
[3080.019s][info][gc             ] GC(639) Pause Remark 1933M->1933M(4096M) 4.713ms
[3080.019s][info][gc,cpu         ] GC(639) User=0.03s Sys=0.00s Real=0.01s
[3080.019s][info][gc,marking     ] GC(639) Concurrent Mark 708.519ms
[3080.019s][info][gc,marking     ] GC(639) Concurrent Rebuild Remembered Sets and Scrub Regions
[3080.305s][info][gc,marking     ] GC(639) Concurrent Rebuild Remembered Sets and Scrub Regions 286.061ms
[3080.305s][info][gc,start       ] GC(639) Pause Cleanup
[3080.306s][info][gc             ] GC(639) Pause Cleanup 2138M->2138M(4096M) 0.126ms
[3080.306s][info][gc,cpu         ] GC(639) User=0.00s Sys=0.00s Real=0.00s
[3080.308s][info][gc,marking     ] GC(639) Concurrent Clear Claimed Marks
[3080.308s][info][gc,marking     ] GC(639) Concurrent Clear Claimed Marks 0.039ms
[3080.308s][info][gc,marking     ] GC(639) Concurrent Cleanup for Next Mark
[3080.313s][info][gc,marking     ] GC(639) Concurrent Cleanup for Next Mark 5.057ms
[3080.313s][info][gc             ] GC(639) Concurrent Mark Cycle 1170.398ms
...[3082.719s][info][gc,start       ] GC(640) Pause Young (Prepare Mixed) (G1 Evacuation Pause)
[3082.719s][info][gc,task        ] GC(640) Using 6 workers of 6 for evacuation
[3082.835s][info][gc,phases      ] GC(640)   Pre Evacuate Collection Set: 0.32ms
[3082.835s][info][gc,phases      ] GC(640)   Merge Heap Roots: 0.54ms
[3082.835s][info][gc,phases      ] GC(640)   Evacuate Collection Set: 114.34ms
[3082.835s][info][gc,phases      ] GC(640)   Post Evacuate Collection Set: 0.92ms
[3082.835s][info][gc,phases      ] GC(640)   Other: 0.09ms
[3082.835s][info][gc,heap        ] GC(640) Eden regions: 1120->0(1110)
[3082.835s][info][gc,heap        ] GC(640) Survivor regions: 108->108(154)
[3082.835s][info][gc,heap        ] GC(640) Old regions: 508->539
[3082.835s][info][gc,heap        ] GC(640) Humongous regions: 80->80
[3082.835s][info][gc,metaspace   ] GC(640) Metaspace: 28949K(29312K)->28949K(29312K) NonClass: 24071K(24256K)->24071K(24256K) Class: 4877K(5056K)->4877K(5056K)
[3082.835s][info][gc             ] GC(640) Pause Young (Prepare Mixed) (G1 Evacuation Pause) 3630M->1453M(4096M) 116.363ms
[3082.835s][info][gc,cpu         ] GC(640) User=0.69s Sys=0.00s Real=0.11s
...[3086.455s][info][gc,start       ] GC(641) Pause Young (Mixed) (G1 Evacuation Pause)
[3086.455s][info][gc,task        ] GC(641) Using 6 workers of 6 for evacuation
[3086.589s][info][gc,phases      ] GC(641)   Pre Evacuate Collection Set: 0.38ms
[3086.589s][info][gc,phases      ] GC(641)   Merge Heap Roots: 0.75ms
[3086.589s][info][gc,phases      ] GC(641)   Evacuate Collection Set: 131.38ms
[3086.589s][info][gc,phases      ] GC(641)   Post Evacuate Collection Set: 0.94ms
[3086.589s][info][gc,phases      ] GC(641)   Other: 0.09ms
[3086.589s][info][gc,heap        ] GC(641) Eden regions: 1110->0(1117)
[3086.589s][info][gc,heap        ] GC(641) Survivor regions: 108->111(153)
[3086.589s][info][gc,heap        ] GC(641) Old regions: 539->474
[3086.589s][info][gc,heap        ] GC(641) Humongous regions: 80->80
[3086.589s][info][gc,metaspace   ] GC(641) Metaspace: 28949K(29312K)->28949K(29312K) NonClass: 24071K(24256K)->24071K(24256K) Class: 4877K(5056K)->4877K(5056K)
[3086.589s][info][gc             ] GC(641) Pause Young (Mixed) (G1 Evacuation Pause) 3673M->1327M(4096M) 133.703ms
[3086.589s][info][gc,cpu         ] GC(641) User=0.80s Sys=0.00s Real=0.14s
.... (rIR:aIR:PR = 5120:5121:5121) (tPR = 76158) [OK] 
  3089s: Performance info:
         Transaction,    Success,    Partial,     Failed,   Receipts, AvgBarcode, 
             Overall,     309456,          0,          0,     293977,      59.47, 
         Response times:
             Request,    Success,    Partial,     Failed,   SkipFail,     Probes,    Samples,      min,      p50,      p90,      p95,      p99,      max, 
       TotalPurchase,     293974,          0,          0,          0,     288618,     373468,      300,     4100,     8300,    17900,    61000,   210000,
     InStorePurchase,     154693,          0,          0,          0,     152313,     196771,      300,     4000,     8300,    18400,    61000,   206000,
      OnlinePurchase,     108319,          0,          0,          0,     106309,     137544,      300,     4300,     8600,    18200,    63000,   204000,
        InstPurchase,      30962,          0,          0,          0,      29996,      39153,      400,     3400,     7700,    14800,    55000,   210000,
          AssocOfCat,        310,          0,          0,          0,        241,        364,    22000,    34000,    57000,    75500,   175150,   186000,
      AssocOfProduct,       3100,          0,          0,          0,       2820,       3849,      400,     5200,     9700,    24000,    72000,   199000,
      BusinessReport,        776,          0,          0,          0,        640,        943,    26000,    39000,    74000,   101600,   186680,   220000,
          CustBuyBeh,       3100,          0,          0,          0,       2887,       3998,      200,     4600,     9100,    22050,    75010,   164000,
       ProductReturn,       8194,          0,          0,          0,       7821,      10499,      200,     3000,     6900,    15100,    50000,   188000,

  3089s: (38%)   IR =   5258 [3090.057s][info][gc,start       ] GC(642) Pause Young (Concurrent Start) (G1 Evacuation Pause)
[3090.057s][info][gc,task        ] GC(642) Using 6 workers of 6 for evacuation
[3090.173s][info][gc,phases      ] GC(642)   Pre Evacuate Collection Set: 0.34ms
[3090.173s][info][gc,phases      ] GC(642)   Merge Heap Roots: 0.47ms
[3090.173s][info][gc,phases      ] GC(642)   Evacuate Collection Set: 114.83ms
[3090.173s][info][gc,phases      ] GC(642)   Post Evacuate Collection Set: 0.95ms
[3090.173s][info][gc,phases      ] GC(642)   Other: 0.10ms
[3090.173s][info][gc,heap        ] GC(642) Eden regions: 1117->0(1118)
[3090.173s][info][gc,heap        ] GC(642) Survivor regions: 111->110(154)
[3090.173s][info][gc,heap        ] GC(642) Old regions: 474->506
[3090.173s][info][gc,heap        ] GC(642) Humongous regions: 80->80
[3090.173s][info][gc,metaspace   ] GC(642) Metaspace: 28949K(29312K)->28949K(29312K) NonClass: 24071K(24256K)->24071K(24256K) Class: 4877K(5056K)->4877K(5056K)
[3090.173s][info][gc             ] GC(642) Pause Young (Concurrent Start) (G1 Evacuation Pause) 3561M->1389M(4096M) 116.822ms
[3090.174s][info][gc             ] GC(643) Concurrent Mark Cycle
[3090.174s][info][gc,marking     ] GC(643) Concurrent Scan Root Regions
[3090.174s][info][gc,cpu         ] GC(642) User=0.69s Sys=0.00s Real=0.12s
[3090.312s][info][gc,marking     ] GC(643) Concurrent Scan Root Regions 138.086ms
[3090.312s][info][gc,marking     ] GC(643) Concurrent Mark
[3090.312s][info][gc,marking     ] GC(643) Concurrent Mark From Roots
[3090.312s][info][gc,task        ] GC(643) Using 2 workers of 2 for marking
.[3090.934s][info][gc,marking     ] GC(643) Concurrent Mark From Roots 622.268ms
[3090.934s][info][gc,marking     ] GC(643) Concurrent Preclean
[3090.934s][info][gc,marking     ] GC(643) Concurrent Preclean 0.104ms
[3090.937s][info][gc,start       ] GC(643) Pause Remark
[3090.942s][info][gc             ] GC(643) Pause Remark 1909M->1909M(4096M) 4.686ms
[3090.942s][info][gc,cpu         ] GC(643) User=0.03s Sys=0.00s Real=0.01s
[3090.942s][info][gc,marking     ] GC(643) Concurrent Mark 630.049ms
[3090.942s][info][gc,marking     ] GC(643) Concurrent Rebuild Remembered Sets and Scrub Regions
[3091.202s][info][gc,marking     ] GC(643) Concurrent Rebuild Remembered Sets and Scrub Regions 259.817ms
[3091.202s][info][gc,start       ] GC(643) Pause Cleanup
[3091.202s][info][gc             ] GC(643) Pause Cleanup 2113M->2113M(4096M) 0.104ms
[3091.202s][info][gc,cpu         ] GC(643) User=0.00s Sys=0.00s Real=0.00s
[3091.202s][info][gc,marking     ] GC(643) Concurrent Clear Claimed Marks
[3091.202s][info][gc,marking     ] GC(643) Concurrent Clear Claimed Marks 0.022ms
[3091.202s][info][gc,marking     ] GC(643) Concurrent Cleanup for Next Mark
[3091.205s][info][gc,marking     ] GC(643) Concurrent Cleanup for Next Mark 3.392ms
[3091.205s][info][gc             ] GC(643) Concurrent Mark Cycle 1031.794ms
...[3093.700s][info][gc,start       ] GC(644) Pause Young (Prepare Mixed) (G1 Evacuation Pause)
[3093.700s][info][gc,task        ] GC(644) Using 6 workers of 6 for evacuation
[3093.816s][info][gc,phases      ] GC(644)   Pre Evacuate Collection Set: 0.31ms
[3093.816s][info][gc,phases      ] GC(644)   Merge Heap Roots: 0.64ms
[3093.816s][info][gc,phases      ] GC(644)   Evacuate Collection Set: 113.92ms
[3093.816s][info][gc,phases      ] GC(644)   Post Evacuate Collection Set: 0.97ms
[3093.816s][info][gc,phases      ] GC(644)   Other: 0.09ms
[3093.816s][info][gc,heap        ] GC(644) Eden regions: 1118->0(1111)
[3093.816s][info][gc,heap        ] GC(644) Survivor regions: 110->108(154)
[3093.816s][info][gc,heap        ] GC(644) Old regions: 506->538
[3093.816s][info][gc,heap        ] GC(644) Humongous regions: 80->80
[3093.816s][info][gc,metaspace   ] GC(644) Metaspace: 28949K(29312K)->28949K(29312K) NonClass: 24071K(24256K)->24071K(24256K) Class: 4877K(5056K)->4877K(5056K)
[3093.816s][info][gc             ] GC(644) Pause Young (Prepare Mixed) (G1 Evacuation Pause) 3625M->1450M(4096M) 116.067ms
[3093.817s][info][gc,cpu         ] GC(644) User=0.69s Sys=0.00s Real=0.11s
..|.[3097.257s][info][gc,start       ] GC(645) Pause Young (Mixed) (G1 Evacuation Pause)
[3097.257s][info][gc,task        ] GC(645) Using 6 workers of 6 for evacuation
[3097.390s][info][gc,phases      ] GC(645)   Pre Evacuate Collection Set: 0.34ms
[3097.390s][info][gc,phases      ] GC(645)   Merge Heap Roots: 0.76ms
[3097.390s][info][gc,phases      ] GC(645)   Evacuate Collection Set: 131.37ms
[3097.390s][info][gc,phases      ] GC(645)   Post Evacuate Collection Set: 0.95ms
[3097.390s][info][gc,phases      ] GC(645)   Other: 0.09ms
[3097.390s][info][gc,heap        ] GC(645) Eden regions: 1111->0(1118)
[3097.390s][info][gc,heap        ] GC(645) Survivor regions: 108->110(153)
[3097.390s][info][gc,heap        ] GC(645) Old regions: 538->474
[3097.390s][info][gc,heap        ] GC(645) Humongous regions: 80->80
[3097.390s][info][gc,metaspace   ] GC(645) Metaspace: 28949K(29312K)->28949K(29312K) NonClass: 24071K(24256K)->24071K(24256K) Class: 4877K(5056K)->4877K(5056K)
[3097.390s][info][gc             ] GC(645) Pause Young (Mixed) (G1 Evacuation Pause) 3672M->1325M(4096M) 133.632ms
[3097.390s][info][gc,cpu         ] GC(645) User=0.79s Sys=0.00s Real=0.14s
....[3100.785s][info][gc,start       ] GC(646) Pause Young (Concurrent Start) (G1 Evacuation Pause)
[3100.785s][info][gc,task        ] GC(646) Using 6 workers of 6 for evacuation
[3100.905s][info][gc,phases      ] GC(646)   Pre Evacuate Collection Set: 0.35ms
[3100.905s][info][gc,phases      ] GC(646)   Merge Heap Roots: 0.55ms
[3100.905s][info][gc,phases      ] GC(646)   Evacuate Collection Set: 117.68ms
[3100.905s][info][gc,phases      ] GC(646)   Post Evacuate Collection Set: 0.89ms
[3100.905s][info][gc,phases      ] GC(646)   Other: 0.12ms
[3100.905s][info][gc,heap        ] GC(646) Eden regions: 1118->0(1119)
[3100.905s][info][gc,heap        ] GC(646) Survivor regions: 110->109(154)
[3100.905s][info][gc,heap        ] GC(646) Old regions: 474->506
[3100.905s][info][gc,heap        ] GC(646) Humongous regions: 80->80
[3100.905s][info][gc,metaspace   ] GC(646) Metaspace: 28949K(29312K)->28949K(29312K) NonClass: 24071K(24256K)->24071K(24256K) Class: 4877K(5056K)->4877K(5056K)
[3100.905s][info][gc             ] GC(646) Pause Young (Concurrent Start) (G1 Evacuation Pause) 3561M->1389M(4096M) 119.721ms
[3100.905s][info][gc             ] GC(647) Concurrent Mark Cycle
[3100.905s][info][gc,marking     ] GC(647) Concurrent Scan Root Regions
[3100.905s][info][gc,cpu         ] GC(646) User=0.71s Sys=0.00s Real=0.12s
[3101.055s][info][gc,marking     ] GC(647) Concurrent Scan Root Regions 150.402ms
[3101.055s][info][gc,marking     ] GC(647) Concurrent Mark
[3101.055s][info][gc,marking     ] GC(647) Concurrent Mark From Roots
[3101.055s][info][gc,task        ] GC(647) Using 2 workers of 2 for marking
.[3101.698s][info][gc,marking     ] GC(647) Concurrent Mark From Roots 642.352ms
[3101.698s][info][gc,marking     ] GC(647) Concurrent Preclean
[3101.698s][info][gc,marking     ] GC(647) Concurrent Preclean 0.081ms
[3101.699s][info][gc,start       ] GC(647) Pause Remark
[3101.703s][info][gc             ] GC(647) Pause Remark 1930M->1930M(4096M) 4.484ms
[3101.703s][info][gc,cpu         ] GC(647) User=0.03s Sys=0.00s Real=0.00s
[3101.704s][info][gc,marking     ] GC(647) Concurrent Mark 648.247ms
[3101.704s][info][gc,marking     ] GC(647) Concurrent Rebuild Remembered Sets and Scrub Regions
[3101.936s][info][gc,marking     ] GC(647) Concurrent Rebuild Remembered Sets and Scrub Regions 232.130ms
[3101.936s][info][gc,start       ] GC(647) Pause Cleanup
[3101.936s][info][gc             ] GC(647) Pause Cleanup 2063M->2063M(4096M) 0.121ms
[3101.936s][info][gc,cpu         ] GC(647) User=0.00s Sys=0.00s Real=0.00s
[3101.936s][info][gc,marking     ] GC(647) Concurrent Clear Claimed Marks
[3101.936s][info][gc,marking     ] GC(647) Concurrent Clear Claimed Marks 0.042ms
[3101.936s][info][gc,marking     ] GC(647) Concurrent Cleanup for Next Mark
[3101.941s][info][gc,marking     ] GC(647) Concurrent Cleanup for Next Mark 4.730ms
[3101.941s][info][gc             ] GC(647) Concurrent Mark Cycle 1036.349ms
..[3104.425s][info][gc,start       ] GC(648) Pause Young (Prepare Mixed) (G1 Evacuation Pause)
[3104.425s][info][gc,task        ] GC(648) Using 6 workers of 6 for evacuation
[3104.545s][info][gc,phases      ] GC(648)   Pre Evacuate Collection Set: 0.35ms
[3104.545s][info][gc,phases      ] GC(648)   Merge Heap Roots: 0.52ms
[3104.545s][info][gc,phases      ] GC(648)   Evacuate Collection Set: 118.08ms
[3104.545s][info][gc,phases      ] GC(648)   Post Evacuate Collection Set: 0.95ms
[3104.545s][info][gc,phases      ] GC(648)   Other: 0.09ms
[3104.545s][info][gc,heap        ] GC(648) Eden regions: 1119->0(1103)
[3104.545s][info][gc,heap        ] GC(648) Survivor regions: 109->112(154)
[3104.545s][info][gc,heap        ] GC(648) Old regions: 506->538
[3104.545s][info][gc,heap        ] GC(648) Humongous regions: 80->80
[3104.545s][info][gc,metaspace   ] GC(648) Metaspace: 28949K(29312K)->28949K(29312K) NonClass: 24071K(24256K)->24071K(24256K) Class: 4877K(5056K)->4877K(5056K)
[3104.545s][info][gc             ] GC(648) Pause Young (Prepare Mixed) (G1 Evacuation Pause) 3627M->1458M(4096M) 120.120ms
[3104.545s][info][gc,cpu         ] GC(648) User=0.72s Sys=0.00s Real=0.12s
....[3107.930s][info][gc,start       ] GC(649) Pause Young (Mixed) (G1 Evacuation Pause)
[3107.930s][info][gc,task        ] GC(649) Using 6 workers of 6 for evacuation
[3108.065s][info][gc,phases      ] GC(649)   Pre Evacuate Collection Set: 0.39ms
[3108.065s][info][gc,phases      ] GC(649)   Merge Heap Roots: 0.70ms
[3108.065s][info][gc,phases      ] GC(649)   Evacuate Collection Set: 133.33ms
[3108.065s][info][gc,phases      ] GC(649)   Post Evacuate Collection Set: 0.91ms
[3108.065s][info][gc,phases      ] GC(649)   Other: 0.10ms
[3108.065s][info][gc,heap        ] GC(649) Eden regions: 1103->0(1116)
[3108.065s][info][gc,heap        ] GC(649) Survivor regions: 112->112(152)
[3108.065s][info][gc,heap        ] GC(649) Old regions: 538->474
[3108.065s][info][gc,heap        ] GC(649) Humongous regions: 80->80
[3108.065s][info][gc,metaspace   ] GC(649) Metaspace: 28949K(29312K)->28949K(29312K) NonClass: 24071K(24256K)->24071K(24256K) Class: 4877K(5056K)->4877K(5056K)
[3108.065s][info][gc             ] GC(649) Pause Young (Mixed) (G1 Evacuation Pause) 3664M->1329M(4096M) 135.561ms
[3108.066s][info][gc,cpu         ] GC(649) User=0.81s Sys=0.00s Real=0.13s
...[3111.477s][info][gc,start       ] GC(650) Pause Young (Concurrent Start) (G1 Evacuation Pause)
[3111.477s][info][gc,task        ] GC(650) Using 6 workers of 6 for evacuation
[3111.598s][info][gc,phases      ] GC(650)   Pre Evacuate Collection Set: 0.43ms
[3111.598s][info][gc,phases      ] GC(650)   Merge Heap Roots: 0.48ms
[3111.598s][info][gc,phases      ] GC(650)   Evacuate Collection Set: 119.36ms
[3111.598s][info][gc,phases      ] GC(650)   Post Evacuate Collection Set: 0.86ms
[3111.598s][info][gc,phases      ] GC(650)   Other: 0.11ms
[3111.598s][info][gc,heap        ] GC(650) Eden regions: 1116->0(1116)
[3111.598s][info][gc,heap        ] GC(650) Survivor regions: 112->112(154)
[3111.599s][info][gc,heap        ] GC(650) Old regions: 474->506
[3111.599s][info][gc,heap        ] GC(650) Humongous regions: 80->80
[3111.599s][info][gc,metaspace   ] GC(650) Metaspace: 28949K(29312K)->28949K(29312K) NonClass: 24071K(24256K)->24071K(24256K) Class: 4877K(5056K)->4877K(5056K)
[3111.599s][info][gc             ] GC(650) Pause Young (Concurrent Start) (G1 Evacuation Pause) 3561M->1395M(4096M) 121.376ms
[3111.599s][info][gc             ] GC(651) Concurrent Mark Cycle
[3111.599s][info][gc,marking     ] GC(651) Concurrent Scan Root Regions
[3111.599s][info][gc,cpu         ] GC(650) User=0.72s Sys=0.01s Real=0.13s
[3111.738s][info][gc,marking     ] GC(651) Concurrent Scan Root Regions 139.482ms
[3111.738s][info][gc,marking     ] GC(651) Concurrent Mark
.[3111.738s][info][gc,marking     ] GC(651) Concurrent Mark From Roots
[3111.738s][info][gc,task        ] GC(651) Using 2 workers of 2 for marking
[3112.377s][info][gc,marking     ] GC(651) Concurrent Mark From Roots 638.406ms
[3112.377s][info][gc,marking     ] GC(651) Concurrent Preclean
[3112.377s][info][gc,marking     ] GC(651) Concurrent Preclean 0.070ms
[3112.378s][info][gc,start       ] GC(651) Pause Remark
[3112.382s][info][gc             ] GC(651) Pause Remark 1891M->1891M(4096M) 4.064ms
[3112.382s][info][gc,cpu         ] GC(651) User=0.02s Sys=0.00s Real=0.01s
[3112.382s][info][gc,marking     ] GC(651) Concurrent Mark 644.234ms
[3112.382s][info][gc,marking     ] GC(651) Concurrent Rebuild Remembered Sets and Scrub Regions
[3112.623s][info][gc,marking     ] GC(651) Concurrent Rebuild Remembered Sets and Scrub Regions 240.293ms
[3112.623s][info][gc,start       ] GC(651) Pause Cleanup
[3112.623s][info][gc             ] GC(651) Pause Cleanup 2033M->2033M(4096M) 0.107ms
[3112.623s][info][gc,cpu         ] GC(651) User=0.00s Sys=0.00s Real=0.00s
[3112.623s][info][gc,marking     ] GC(651) Concurrent Clear Claimed Marks
[3112.623s][info][gc,marking     ] GC(651) Concurrent Clear Claimed Marks 0.028ms
[3112.623s][info][gc,marking     ] GC(651) Concurrent Cleanup for Next Mark
[3112.673s][info][gc,marking     ] GC(651) Concurrent Cleanup for Next Mark 50.043ms
[3112.673s][info][gc             ] GC(651) Concurrent Mark Cycle 1074.546ms
...[3115.169s][info][gc,start       ] GC(652) Pause Young (Prepare Mixed) (G1 Evacuation Pause)
[3115.169s][info][gc,task        ] GC(652) Using 6 workers of 6 for evacuation
[3115.291s][info][gc,phases      ] GC(652)   Pre Evacuate Collection Set: 0.33ms
[3115.291s][info][gc,phases      ] GC(652)   Merge Heap Roots: 0.50ms
[3115.291s][info][gc,phases      ] GC(652)   Evacuate Collection Set: 119.59ms
[3115.291s][info][gc,phases      ] GC(652)   Post Evacuate Collection Set: 0.94ms
[3115.291s][info][gc,phases      ] GC(652)   Other: 0.10ms
[3115.291s][info][gc,heap        ] GC(652) Eden regions: 1116->0(1099)
[3115.291s][info][gc,heap        ] GC(652) Survivor regions: 112->114(154)
[3115.291s][info][gc,heap        ] GC(652) Old regions: 506->538
[3115.291s][info][gc,heap        ] GC(652) Humongous regions: 80->80
[3115.291s][info][gc,metaspace   ] GC(652) Metaspace: 28949K(29312K)->28949K(29312K) NonClass: 24071K(24256K)->24071K(24256K) Class: 4877K(5056K)->4877K(5056K)
[3115.291s][info][gc             ] GC(652) Pause Young (Prepare Mixed) (G1 Evacuation Pause) 3627M->1462M(4096M) 121.576ms
[3115.291s][info][gc,cpu         ] GC(652) User=0.72s Sys=0.00s Real=0.12s
...[3118.650s][info][gc,start       ] GC(653) Pause Young (Mixed) (G1 Evacuation Pause)
[3118.650s][info][gc,task        ] GC(653) Using 6 workers of 6 for evacuation
[3118.787s][info][gc,phases      ] GC(653)   Pre Evacuate Collection Set: 0.36ms
[3118.787s][info][gc,phases      ] GC(653)   Merge Heap Roots: 0.79ms
[3118.787s][info][gc,phases      ] GC(653)   Evacuate Collection Set: 134.95ms
[3118.787s][info][gc,phases      ] GC(653)   Post Evacuate Collection Set: 0.92ms
[3118.787s][info][gc,phases      ] GC(653)   Other: 0.09ms
[3118.787s][info][gc,heap        ] GC(653) Eden regions: 1099->0(1118)
[3118.787s][info][gc,heap        ] GC(653) Survivor regions: 114->110(152)
[3118.787s][info][gc,heap        ] GC(653) Old regions: 538->475
[3118.787s][info][gc,heap        ] GC(653) Humongous regions: 80->80
[3118.787s][info][gc,metaspace   ] GC(653) Metaspace: 28949K(29312K)->28949K(29312K) NonClass: 24071K(24256K)->24071K(24256K) Class: 4877K(5056K)->4877K(5056K)
[3118.787s][info][gc             ] GC(653) Pause Young (Mixed) (G1 Evacuation Pause) 3660M->1329M(4096M) 137.237ms
[3118.787s][info][gc,cpu         ] GC(653) User=0.81s Sys=0.00s Real=0.13s
....[3122.219s][info][gc,start       ] GC(654) Pause Young (Concurrent Start) (G1 Evacuation Pause)
[3122.219s][info][gc,task        ] GC(654) Using 6 workers of 6 for evacuation
[3122.336s][info][gc,phases      ] GC(654)   Pre Evacuate Collection Set: 0.38ms
[3122.336s][info][gc,phases      ] GC(654)   Merge Heap Roots: 0.46ms
[3122.336s][info][gc,phases      ] GC(654)   Evacuate Collection Set: 114.83ms
[3122.336s][info][gc,phases      ] GC(654)   Post Evacuate Collection Set: 0.88ms
[3122.336s][info][gc,phases      ] GC(654)   Other: 0.10ms
[3122.336s][info][gc,heap        ] GC(654) Eden regions: 1118->0(1120)
[3122.336s][info][gc,heap        ] GC(654) Survivor regions: 110->108(154)
[3122.336s][info][gc,heap        ] GC(654) Old regions: 475->509
[3122.336s][info][gc,heap        ] GC(654) Humongous regions: 80->80
[3122.336s][info][gc,metaspace   ] GC(654) Metaspace: 28949K(29312K)->28949K(29312K) NonClass: 24071K(24256K)->24071K(24256K) Class: 4877K(5056K)->4877K(5056K)
[3122.336s][info][gc             ] GC(654) Pause Young (Concurrent Start) (G1 Evacuation Pause) 3565M->1391M(4096M) 116.775ms
[3122.336s][info][gc             ] GC(655) Concurrent Mark Cycle
[3122.336s][info][gc,marking     ] GC(655) Concurrent Scan Root Regions
[3122.336s][info][gc,cpu         ] GC(654) User=0.69s Sys=0.00s Real=0.11s
[3122.514s][info][gc,marking     ] GC(655) Concurrent Scan Root Regions 178.047ms
[3122.514s][info][gc,marking     ] GC(655) Concurrent Mark
[3122.514s][info][gc,marking     ] GC(655) Concurrent Mark From Roots
[3122.514s][info][gc,task        ] GC(655) Using 2 workers of 2 for marking
.[3123.240s][info][gc,marking     ] GC(655) Concurrent Mark From Roots 725.748ms
[3123.240s][info][gc,marking     ] GC(655) Concurrent Preclean
[3123.240s][info][gc,marking     ] GC(655) Concurrent Preclean 0.132ms
[3123.240s][info][gc,start       ] GC(655) Pause Remark
[3123.247s][info][gc             ] GC(655) Pause Remark 2006M->2006M(4096M) 6.068ms
[3123.247s][info][gc,cpu         ] GC(655) User=0.03s Sys=0.00s Real=0.00s
[3123.248s][info][gc,marking     ] GC(655) Concurrent Mark 733.367ms
[3123.248s][info][gc,marking     ] GC(655) Concurrent Rebuild Remembered Sets and Scrub Regions
[3123.479s][info][gc,marking     ] GC(655) Concurrent Rebuild Remembered Sets and Scrub Regions 231.721ms
[3123.480s][info][gc,start       ] GC(655) Pause Cleanup
[3123.480s][info][gc             ] GC(655) Pause Cleanup 2136M->2136M(4096M) 0.101ms
[3123.480s][info][gc,cpu         ] GC(655) User=0.01s Sys=0.00s Real=0.00s
[3123.480s][info][gc,marking     ] GC(655) Concurrent Clear Claimed Marks
[3123.480s][info][gc,marking     ] GC(655) Concurrent Clear Claimed Marks 0.028ms
[3123.480s][info][gc,marking     ] GC(655) Concurrent Cleanup for Next Mark
[3123.485s][info][gc,marking     ] GC(655) Concurrent Cleanup for Next Mark 5.757ms
[3123.486s][info][gc             ] GC(655) Concurrent Mark Cycle 1149.389ms
...[3125.890s][info][gc,start       ] GC(656) Pause Young (Prepare Mixed) (G1 Evacuation Pause)
[3125.890s][info][gc,task        ] GC(656) Using 6 workers of 6 for evacuation
[3126.008s][info][gc,phases      ] GC(656)   Pre Evacuate Collection Set: 0.31ms
[3126.008s][info][gc,phases      ] GC(656)   Merge Heap Roots: 0.54ms
[3126.008s][info][gc,phases      ] GC(656)   Evacuate Collection Set: 116.68ms
[3126.008s][info][gc,phases      ] GC(656)   Post Evacuate Collection Set: 0.91ms
[3126.008s][info][gc,phases      ] GC(656)   Other: 0.09ms
[3126.008s][info][gc,heap        ] GC(656) Eden regions: 1120->0(1105)
[3126.008s][info][gc,heap        ] GC(656) Survivor regions: 108->110(154)
[3126.008s][info][gc,heap        ] GC(656) Old regions: 509->540
[3126.008s][info][gc,heap        ] GC(656) Humongous regions: 80->80
[3126.008s][info][gc,metaspace   ] GC(656) Metaspace: 28892K(29312K)->28892K(29312K) NonClass: 24024K(24256K)->24024K(24256K) Class: 4868K(5056K)->4868K(5056K)
[3126.008s][info][gc             ] GC(656) Pause Young (Prepare Mixed) (G1 Evacuation Pause) 3631M->1458M(4096M) 118.657ms
[3126.008s][info][gc,cpu         ] GC(656) User=0.71s Sys=0.00s Real=0.11s
...[3129.397s][info][gc,start       ] GC(657) Pause Young (Mixed) (G1 Evacuation Pause)
[3129.398s][info][gc,task        ] GC(657) Using 6 workers of 6 for evacuation
[3129.529s][info][gc,phases      ] GC(657)   Pre Evacuate Collection Set: 0.35ms
[3129.529s][info][gc,phases      ] GC(657)   Merge Heap Roots: 0.70ms
[3129.529s][info][gc,phases      ] GC(657)   Evacuate Collection Set: 129.70ms
[3129.529s][info][gc,phases      ] GC(657)   Post Evacuate Collection Set: 0.92ms
[3129.529s][info][gc,phases      ] GC(657)   Other: 0.09ms
[3129.529s][info][gc,heap        ] GC(657) Eden regions: 1105->0(1118)
[3129.529s][info][gc,heap        ] GC(657) Survivor regions: 110->110(152)
[3129.529s][info][gc,heap        ] GC(657) Old regions: 540->476
[3129.529s][info][gc,heap        ] GC(657) Humongous regions: 80->80
[3129.529s][info][gc,metaspace   ] GC(657) Metaspace: 28892K(29312K)->28892K(29312K) NonClass: 24024K(24256K)->24024K(24256K) Class: 4868K(5056K)->4868K(5056K)
[3129.529s][info][gc             ] GC(657) Pause Young (Mixed) (G1 Evacuation Pause) 3668M->1330M(4096M) 131.890ms
[3129.529s][info][gc,cpu         ] GC(657) User=0.79s Sys=0.00s Real=0.14s
....[3132.932s][info][gc,start       ] GC(658) Pause Young (Concurrent Start) (G1 Evacuation Pause)
[3132.932s][info][gc,task        ] GC(658) Using 6 workers of 6 for evacuation
[3133.052s][info][gc,phases      ] GC(658)   Pre Evacuate Collection Set: 0.35ms
[3133.052s][info][gc,phases      ] GC(658)   Merge Heap Roots: 0.46ms
[3133.052s][info][gc,phases      ] GC(658)   Evacuate Collection Set: 118.50ms
[3133.052s][info][gc,phases      ] GC(658)   Post Evacuate Collection Set: 0.88ms
[3133.052s][info][gc,phases      ] GC(658)   Other: 0.12ms
[3133.052s][info][gc,heap        ] GC(658) Eden regions: 1118->0(1117)
[3133.052s][info][gc,heap        ] GC(658) Survivor regions: 110->111(154)
[3133.052s][info][gc,heap        ] GC(658) Old regions: 476->509
[3133.052s][info][gc,heap        ] GC(658) Humongous regions: 80->80
[3133.052s][info][gc,metaspace   ] GC(658) Metaspace: 28892K(29312K)->28892K(29312K) NonClass: 24024K(24256K)->24024K(24256K) Class: 4868K(5056K)->4868K(5056K)
[3133.052s][info][gc             ] GC(658) Pause Young (Concurrent Start) (G1 Evacuation Pause) 3566M->1397M(4096M) 120.457ms
[3133.052s][info][gc             ] GC(659) Concurrent Mark Cycle
[3133.052s][info][gc,marking     ] GC(659) Concurrent Scan Root Regions
[3133.052s][info][gc,cpu         ] GC(658) User=0.71s Sys=0.00s Real=0.12s
[3133.194s][info][gc,marking     ] GC(659) Concurrent Scan Root Regions 142.023ms
[3133.195s][info][gc,marking     ] GC(659) Concurrent Mark
[3133.195s][info][gc,marking     ] GC(659) Concurrent Mark From Roots
[3133.195s][info][gc,task        ] GC(659) Using 2 workers of 2 for marking
.[3133.836s][info][gc,marking     ] GC(659) Concurrent Mark From Roots 641.773ms
[3133.836s][info][gc,marking     ] GC(659) Concurrent Preclean
[3133.837s][info][gc,marking     ] GC(659) Concurrent Preclean 1.021ms
[3133.837s][info][gc,start       ] GC(659) Pause Remark
[3133.844s][info][gc             ] GC(659) Pause Remark 1943M->1943M(4096M) 6.186ms
[3133.844s][info][gc,cpu         ] GC(659) User=0.03s Sys=0.00s Real=0.01s
[3133.844s][info][gc,marking     ] GC(659) Concurrent Mark 649.222ms
[3133.844s][info][gc,marking     ] GC(659) Concurrent Rebuild Remembered Sets and Scrub Regions
[3134.098s][info][gc,marking     ] GC(659) Concurrent Rebuild Remembered Sets and Scrub Regions 254.686ms
[3134.100s][info][gc,start       ] GC(659) Pause Cleanup
[3134.100s][info][gc             ] GC(659) Pause Cleanup 2107M->2107M(4096M) 0.122ms
[3134.100s][info][gc,cpu         ] GC(659) User=0.00s Sys=0.00s Real=0.00s
[3134.100s][info][gc,marking     ] GC(659) Concurrent Clear Claimed Marks
[3134.100s][info][gc,marking     ] GC(659) Concurrent Clear Claimed Marks 0.031ms
[3134.100s][info][gc,marking     ] GC(659) Concurrent Cleanup for Next Mark
[3134.105s][info][gc,marking     ] GC(659) Concurrent Cleanup for Next Mark 4.526ms
[3134.105s][info][gc             ] GC(659) Concurrent Mark Cycle 1052.591ms
..[3136.549s][info][gc,start       ] GC(660) Pause Young (Prepare Mixed) (G1 Evacuation Pause)
[3136.549s][info][gc,task        ] GC(660) Using 6 workers of 6 for evacuation
[3136.664s][info][gc,phases      ] GC(660)   Pre Evacuate Collection Set: 0.33ms
[3136.664s][info][gc,phases      ] GC(660)   Merge Heap Roots: 0.55ms
[3136.664s][info][gc,phases      ] GC(660)   Evacuate Collection Set: 113.17ms
[3136.664s][info][gc,phases      ] GC(660)   Post Evacuate Collection Set: 0.91ms
[3136.664s][info][gc,phases      ] GC(660)   Other: 0.09ms
[3136.664s][info][gc,heap        ] GC(660) Eden regions: 1117->0(1109)
[3136.664s][info][gc,heap        ] GC(660) Survivor regions: 111->108(154)
[3136.664s][info][gc,heap        ] GC(660) Old regions: 509->540
[3136.664s][info][gc,heap        ] GC(660) Humongous regions: 80->80
[3136.664s][info][gc,metaspace   ] GC(660) Metaspace: 28892K(29312K)->28892K(29312K) NonClass: 24024K(24256K)->24024K(24256K) Class: 4868K(5056K)->4868K(5056K)
[3136.664s][info][gc             ] GC(660) Pause Young (Prepare Mixed) (G1 Evacuation Pause) 3631M->1455M(4096M) 115.199ms
[3136.664s][info][gc,cpu         ] GC(660) User=0.69s Sys=0.00s Real=0.11s
....[3140.078s][info][gc,start       ] GC(661) Pause Young (Mixed) (G1 Evacuation Pause)
[3140.078s][info][gc,task        ] GC(661) Using 6 workers of 6 for evacuation
[3140.213s][info][gc,phases      ] GC(661)   Pre Evacuate Collection Set: 0.36ms
[3140.213s][info][gc,phases      ] GC(661)   Merge Heap Roots: 0.73ms
[3140.213s][info][gc,phases      ] GC(661)   Evacuate Collection Set: 132.05ms
[3140.213s][info][gc,phases      ] GC(661)   Post Evacuate Collection Set: 0.92ms
[3140.213s][info][gc,phases      ] GC(661)   Other: 0.08ms
[3140.213s][info][gc,heap        ] GC(661) Eden regions: 1109->0(1119)
[3140.213s][info][gc,heap        ] GC(661) Survivor regions: 108->109(153)
[3140.213s][info][gc,heap        ] GC(661) Old regions: 540->474
[3140.213s][info][gc,heap        ] GC(661) Humongous regions: 80->80
[3140.213s][info][gc,metaspace   ] GC(661) Metaspace: 28892K(29312K)->28892K(29312K) NonClass: 24024K(24256K)->24024K(24256K) Class: 4868K(5056K)->4868K(5056K)
[3140.213s][info][gc             ] GC(661) Pause Young (Mixed) (G1 Evacuation Pause) 3673M->1324M(4096M) 134.278ms
[3140.213s][info][gc,cpu         ] GC(661) User=0.79s Sys=0.00s Real=0.14s
...[3143.688s][info][gc,start       ] GC(662) Pause Young (Concurrent Start) (G1 Evacuation Pause)
[3143.688s][info][gc,task        ] GC(662) Using 6 workers of 6 for evacuation
[3143.804s][info][gc,phases      ] GC(662)   Pre Evacuate Collection Set: 0.41ms
[3143.804s][info][gc,phases      ] GC(662)   Merge Heap Roots: 0.51ms
[3143.804s][info][gc,phases      ] GC(662)   Evacuate Collection Set: 114.42ms
[3143.804s][info][gc,phases      ] GC(662)   Post Evacuate Collection Set: 0.87ms
[3143.804s][info][gc,phases      ] GC(662)   Other: 0.14ms
[3143.804s][info][gc,heap        ] GC(662) Eden regions: 1119->0(1120)
[3143.804s][info][gc,heap        ] GC(662) Survivor regions: 109->108(154)
[3143.804s][info][gc,heap        ] GC(662) Old regions: 474->506
[3143.804s][info][gc,heap        ] GC(662) Humongous regions: 80->80
[3143.804s][info][gc,metaspace   ] GC(662) Metaspace: 28892K(29312K)->28892K(29312K) NonClass: 24024K(24256K)->24024K(24256K) Class: 4868K(5056K)->4868K(5056K)
[3143.804s][info][gc             ] GC(662) Pause Young (Concurrent Start) (G1 Evacuation Pause) 3562M->1385M(4096M) 116.482ms
[3143.804s][info][gc             ] GC(663) Concurrent Mark Cycle
[3143.804s][info][gc,cpu         ] GC(662) User=0.68s Sys=0.00s Real=0.12s
[3143.804s][info][gc,marking     ] GC(663) Concurrent Scan Root Regions
.[3143.976s][info][gc,marking     ] GC(663) Concurrent Scan Root Regions 171.631ms
[3143.976s][info][gc,marking     ] GC(663) Concurrent Mark
[3143.976s][info][gc,marking     ] GC(663) Concurrent Mark From Roots
[3143.976s][info][gc,task        ] GC(663) Using 2 workers of 2 for marking
[3144.617s][info][gc,marking     ] GC(663) Concurrent Mark From Roots 641.469ms
[3144.617s][info][gc,marking     ] GC(663) Concurrent Preclean
[3144.617s][info][gc,marking     ] GC(663) Concurrent Preclean 0.069ms
[3144.617s][info][gc,start       ] GC(663) Pause Remark
[3144.622s][info][gc             ] GC(663) Pause Remark 1910M->1910M(4096M) 4.275ms
[3144.622s][info][gc,cpu         ] GC(663) User=0.02s Sys=0.00s Real=0.01s
[3144.622s][info][gc,marking     ] GC(663) Concurrent Mark 646.138ms
[3144.622s][info][gc,marking     ] GC(663) Concurrent Rebuild Remembered Sets and Scrub Regions
[3144.874s][info][gc,marking     ] GC(663) Concurrent Rebuild Remembered Sets and Scrub Regions 252.380ms
.[3144.875s][info][gc,start       ] GC(663) Pause Cleanup
[3144.875s][info][gc             ] GC(663) Pause Cleanup 2082M->2082M(4096M) 0.579ms
[3144.875s][info][gc,cpu         ] GC(663) User=0.00s Sys=0.00s Real=0.00s
[3144.876s][info][gc,marking     ] GC(663) Concurrent Clear Claimed Marks
[3144.876s][info][gc,marking     ] GC(663) Concurrent Clear Claimed Marks 0.033ms
[3144.876s][info][gc,marking     ] GC(663) Concurrent Cleanup for Next Mark
[3144.880s][info][gc,marking     ] GC(663) Concurrent Cleanup for Next Mark 3.797ms
[3144.880s][info][gc             ] GC(663) Concurrent Mark Cycle 1076.048ms
..[3147.304s][info][gc,start       ] GC(664) Pause Young (Prepare Mixed) (G1 Evacuation Pause)
[3147.304s][info][gc,task        ] GC(664) Using 6 workers of 6 for evacuation
[3147.433s][info][gc,phases      ] GC(664)   Pre Evacuate Collection Set: 0.36ms
[3147.433s][info][gc,phases      ] GC(664)   Merge Heap Roots: 0.55ms
[3147.433s][info][gc,phases      ] GC(664)   Evacuate Collection Set: 126.50ms
[3147.433s][info][gc,phases      ] GC(664)   Post Evacuate Collection Set: 0.96ms
[3147.433s][info][gc,phases      ] GC(664)   Other: 0.09ms
[3147.433s][info][gc,heap        ] GC(664) Eden regions: 1120->0(1088)
[3147.433s][info][gc,heap        ] GC(664) Survivor regions: 108->120(154)
[3147.433s][info][gc,heap        ] GC(664) Old regions: 506->537
[3147.433s][info][gc,heap        ] GC(664) Humongous regions: 80->80
[3147.433s][info][gc,metaspace   ] GC(664) Metaspace: 28892K(29312K)->28892K(29312K) NonClass: 24024K(24256K)->24024K(24256K) Class: 4868K(5056K)->4868K(5056K)
[3147.433s][info][gc             ] GC(664) Pause Young (Prepare Mixed) (G1 Evacuation Pause) 3625M->1472M(4096M) 128.613ms
[3147.433s][info][gc,cpu         ] GC(664) User=0.77s Sys=0.00s Real=0.13s
...[3150.797s][info][gc,start       ] GC(665) Pause Young (Mixed) (G1 Evacuation Pause)
[3150.797s][info][gc,task        ] GC(665) Using 6 workers of 6 for evacuation
[3150.927s][info][gc,phases      ] GC(665)   Pre Evacuate Collection Set: 0.40ms
[3150.927s][info][gc,phases      ] GC(665)   Merge Heap Roots: 0.66ms
[3150.927s][info][gc,phases      ] GC(665)   Evacuate Collection Set: 127.66ms
[3150.927s][info][gc,phases      ] GC(665)   Post Evacuate Collection Set: 0.96ms
[3150.927s][info][gc,phases      ] GC(665)   Other: 0.09ms
[3150.927s][info][gc,heap        ] GC(665) Eden regions: 1088->0(1120)
[3150.927s][info][gc,heap        ] GC(665) Survivor regions: 120->108(151)
[3150.927s][info][gc,heap        ] GC(665) Old regions: 537->474
[3150.927s][info][gc,heap        ] GC(665) Humongous regions: 80->80
[3150.927s][info][gc,metaspace   ] GC(665) Metaspace: 28892K(29312K)->28892K(29312K) NonClass: 24024K(24256K)->24024K(24256K) Class: 4868K(5056K)->4868K(5056K)
[3150.927s][info][gc             ] GC(665) Pause Young (Mixed) (G1 Evacuation Pause) 3648M->1322M(4096M) 129.905ms
[3150.927s][info][gc,cpu         ] GC(665) User=0.77s Sys=0.01s Real=0.13s
....[3154.311s][info][gc,start       ] GC(666) Pause Young (Concurrent Start) (G1 Evacuation Pause)
[3154.311s][info][gc,task        ] GC(666) Using 6 workers of 6 for evacuation
[3154.430s][info][gc,phases      ] GC(666)   Pre Evacuate Collection Set: 0.38ms
[3154.430s][info][gc,phases      ] GC(666)   Merge Heap Roots: 0.56ms
[3154.430s][info][gc,phases      ] GC(666)   Evacuate Collection Set: 116.30ms
[3154.430s][info][gc,phases      ] GC(666)   Post Evacuate Collection Set: 0.88ms
[3154.430s][info][gc,phases      ] GC(666)   Other: 0.11ms
[3154.430s][info][gc,heap        ] GC(666) Eden regions: 1120->0(1120)
[3154.430s][info][gc,heap        ] GC(666) Survivor regions: 108->108(154)
[3154.430s][info][gc,heap        ] GC(666) Old regions: 474->506
[3154.430s][info][gc,heap        ] GC(666) Humongous regions: 80->80
[3154.430s][info][gc,metaspace   ] GC(666) Metaspace: 28892K(29312K)->28892K(29312K) NonClass: 24024K(24256K)->24024K(24256K) Class: 4868K(5056K)->4868K(5056K)
[3154.430s][info][gc             ] GC(666) Pause Young (Concurrent Start) (G1 Evacuation Pause) 3562M->1386M(4096M) 118.351ms
[3154.430s][info][gc             ] GC(667) Concurrent Mark Cycle
[3154.430s][info][gc,marking     ] GC(667) Concurrent Scan Root Regions
[3154.430s][info][gc,cpu         ] GC(666) User=0.70s Sys=0.00s Real=0.12s
[3154.568s][info][gc,marking     ] GC(667) Concurrent Scan Root Regions 137.904ms
[3154.568s][info][gc,marking     ] GC(667) Concurrent Mark
[3154.568s][info][gc,marking     ] GC(667) Concurrent Mark From Roots
[3154.568s][info][gc,task        ] GC(667) Using 2 workers of 2 for marking
.[3155.199s][info][gc,marking     ] GC(667) Concurrent Mark From Roots 631.660ms
[3155.199s][info][gc,marking     ] GC(667) Concurrent Preclean
[3155.201s][info][gc,marking     ] GC(667) Concurrent Preclean 1.077ms
[3155.201s][info][gc,start       ] GC(667) Pause Remark
[3155.206s][info][gc             ] GC(667) Pause Remark 1909M->1909M(4096M) 5.176ms
[3155.206s][info][gc,cpu         ] GC(667) User=0.02s Sys=0.00s Real=0.00s
[3155.206s][info][gc,marking     ] GC(667) Concurrent Mark 638.150ms
[3155.206s][info][gc,marking     ] GC(667) Concurrent Rebuild Remembered Sets and Scrub Regions
[3155.479s][info][gc,marking     ] GC(667) Concurrent Rebuild Remembered Sets and Scrub Regions 272.875ms
[3155.479s][info][gc,start       ] GC(667) Pause Cleanup
[3155.479s][info][gc             ] GC(667) Pause Cleanup 2072M->2072M(4096M) 0.121ms
[3155.480s][info][gc,cpu         ] GC(667) User=0.00s Sys=0.00s Real=0.00s
[3155.480s][info][gc,marking     ] GC(667) Concurrent Clear Claimed Marks
[3155.480s][info][gc,marking     ] GC(667) Concurrent Clear Claimed Marks 0.036ms
[3155.480s][info][gc,marking     ] GC(667) Concurrent Cleanup for Next Mark
[3155.484s][info][gc,marking     ] GC(667) Concurrent Cleanup for Next Mark 4.443ms
[3155.484s][info][gc             ] GC(667) Concurrent Mark Cycle 1054.544ms
. (rIR:aIR:PR = 5258:5260:5260) (tPR = 78285) [OK] 
  3155s: Performance info:
         Transaction,    Success,    Partial,     Failed,   Receipts, AvgBarcode, 
             Overall,     316917,          0,          0,     301068,      59.48, 
         Response times:
             Request,    Success,    Partial,     Failed,   SkipFail,     Probes,    Samples,      min,      p50,      p90,      p95,      p99,      max, 
       TotalPurchase,     301070,          0,          0,          0,     295709,     326345,      300,     4300,     9300,    22000,    66000,   183000,
     InStorePurchase,     158465,          0,          0,          0,     155809,     171880,      300,     4200,     9200,    21000,    66000,   170000,
      OnlinePurchase,     110926,          0,          0,          0,     109314,     120421,      300,     4300,     9200,    22000,    65000,   183000,
        InstPurchase,      31679,          0,          0,          0,      30586,      34044,      400,     4900,     9900,    26000,    69000,   148000,
          AssocOfCat,        317,          0,          0,          0,        250,        351,    19700,    34000,    51800,    66400,   160200,   176000,
      AssocOfProduct,       3173,          0,          0,          0,       2957,       3468,      500,     4600,     9300,    23000,    65310,   145000,
      BusinessReport,        795,          0,          0,          0,        699,        882,    24000,    38000,    62000,    79000,   178340,   190000,
          CustBuyBeh,       3171,          0,          0,          0,       2932,       3347,      200,     4300,     9700,    19800,    65000,   147000,
       ProductReturn,       8394,          0,          0,          0,       7955,       9002,      400,     4300,     9000,    24000,    66000,   145000,

  3155s: (39%)   IR =   5396 .[3157.865s][info][gc,start       ] GC(668) Pause Young (Prepare Mixed) (G1 Evacuation Pause)
[3157.865s][info][gc,task        ] GC(668) Using 6 workers of 6 for evacuation
[3157.984s][info][gc,phases      ] GC(668)   Pre Evacuate Collection Set: 0.31ms
[3157.984s][info][gc,phases      ] GC(668)   Merge Heap Roots: 0.62ms
[3157.984s][info][gc,phases      ] GC(668)   Evacuate Collection Set: 117.12ms
[3157.984s][info][gc,phases      ] GC(668)   Post Evacuate Collection Set: 0.97ms
[3157.984s][info][gc,phases      ] GC(668)   Other: 0.09ms
[3157.984s][info][gc,heap        ] GC(668) Eden regions: 1120->0(1110)
[3157.984s][info][gc,heap        ] GC(668) Survivor regions: 108->109(154)
[3157.984s][info][gc,heap        ] GC(668) Old regions: 506->537
[3157.984s][info][gc,heap        ] GC(668) Humongous regions: 80->80
[3157.984s][info][gc,metaspace   ] GC(668) Metaspace: 28892K(29312K)->28892K(29312K) NonClass: 24024K(24256K)->24024K(24256K) Class: 4868K(5056K)->4868K(5056K)
[3157.984s][info][gc             ] GC(668) Pause Young (Prepare Mixed) (G1 Evacuation Pause) 3626M->1449M(4096M) 119.248ms
[3157.984s][info][gc,cpu         ] GC(668) User=0.71s Sys=0.00s Real=0.12s
....[3161.319s][info][gc,start       ] GC(669) Pause Young (Mixed) (G1 Evacuation Pause)
[3161.319s][info][gc,task        ] GC(669) Using 6 workers of 6 for evacuation
[3161.455s][info][gc,phases      ] GC(669)   Pre Evacuate Collection Set: 0.35ms
[3161.455s][info][gc,phases      ] GC(669)   Merge Heap Roots: 0.72ms
[3161.455s][info][gc,phases      ] GC(669)   Evacuate Collection Set: 133.47ms
[3161.455s][info][gc,phases      ] GC(669)   Post Evacuate Collection Set: 0.99ms
[3161.455s][info][gc,phases      ] GC(669)   Other: 0.09ms
[3161.455s][info][gc,heap        ] GC(669) Eden regions: 1110->0(1118)
[3161.455s][info][gc,heap        ] GC(669) Survivor regions: 109->110(153)
[3161.455s][info][gc,heap        ] GC(669) Old regions: 537->473
[3161.455s][info][gc,heap        ] GC(669) Humongous regions: 80->80
[3161.455s][info][gc,metaspace   ] GC(669) Metaspace: 28892K(29312K)->28892K(29312K) NonClass: 24024K(24256K)->24024K(24256K) Class: 4868K(5056K)->4868K(5056K)
[3161.455s][info][gc             ] GC(669) Pause Young (Mixed) (G1 Evacuation Pause) 3669M->1325M(4096M) 135.759ms
[3161.455s][info][gc,cpu         ] GC(669) User=0.81s Sys=0.00s Real=0.13s
.|..[3164.846s][info][gc,start       ] GC(670) Pause Young (Concurrent Start) (G1 Evacuation Pause)
[3164.846s][info][gc,task        ] GC(670) Using 6 workers of 6 for evacuation
[3164.964s][info][gc,phases      ] GC(670)   Pre Evacuate Collection Set: 0.39ms
[3164.964s][info][gc,phases      ] GC(670)   Merge Heap Roots: 0.47ms
[3164.964s][info][gc,phases      ] GC(670)   Evacuate Collection Set: 115.43ms
[3164.964s][info][gc,phases      ] GC(670)   Post Evacuate Collection Set: 0.87ms
[3164.964s][info][gc,phases      ] GC(670)   Other: 0.13ms
[3164.964s][info][gc,heap        ] GC(670) Eden regions: 1118->0(1120)
[3164.964s][info][gc,heap        ] GC(670) Survivor regions: 110->108(154)
[3164.964s][info][gc,heap        ] GC(670) Old regions: 473->506
[3164.964s][info][gc,heap        ] GC(670) Humongous regions: 80->80
[3164.964s][info][gc,metaspace   ] GC(670) Metaspace: 28892K(29312K)->28892K(29312K) NonClass: 24024K(24256K)->24024K(24256K) Class: 4868K(5056K)->4868K(5056K)
[3164.964s][info][gc             ] GC(670) Pause Young (Concurrent Start) (G1 Evacuation Pause) 3561M->1387M(4096M) 117.428ms
[3164.964s][info][gc             ] GC(671) Concurrent Mark Cycle
[3164.964s][info][gc,marking     ] GC(671) Concurrent Scan Root Regions
[3164.964s][info][gc,cpu         ] GC(670) User=0.69s Sys=0.01s Real=0.12s
.[3165.190s][info][gc,marking     ] GC(671) Concurrent Scan Root Regions 226.303ms
[3165.190s][info][gc,marking     ] GC(671) Concurrent Mark
[3165.190s][info][gc,marking     ] GC(671) Concurrent Mark From Roots
[3165.190s][info][gc,task        ] GC(671) Using 2 workers of 2 for marking
.[3166.134s][info][gc,marking     ] GC(671) Concurrent Mark From Roots 944.004ms
[3166.134s][info][gc,marking     ] GC(671) Concurrent Preclean
[3166.135s][info][gc,marking     ] GC(671) Concurrent Preclean 0.608ms
[3166.135s][info][gc,start       ] GC(671) Pause Remark
[3166.141s][info][gc             ] GC(671) Pause Remark 2257M->2257M(4096M) 6.092ms
[3166.141s][info][gc,cpu         ] GC(671) User=0.04s Sys=0.00s Real=0.01s
[3166.141s][info][gc,marking     ] GC(671) Concurrent Mark 950.945ms
[3166.141s][info][gc,marking     ] GC(671) Concurrent Rebuild Remembered Sets and Scrub Regions
[3166.497s][info][gc,marking     ] GC(671) Concurrent Rebuild Remembered Sets and Scrub Regions 355.337ms
[3166.497s][info][gc,start       ] GC(671) Pause Cleanup
[3166.497s][info][gc             ] GC(671) Pause Cleanup 2478M->2478M(4096M) 0.112ms
[3166.497s][info][gc,cpu         ] GC(671) User=0.00s Sys=0.00s Real=0.00s
[3166.497s][info][gc,marking     ] GC(671) Concurrent Clear Claimed Marks
[3166.497s][info][gc,marking     ] GC(671) Concurrent Clear Claimed Marks 0.021ms
[3166.497s][info][gc,marking     ] GC(671) Concurrent Cleanup for Next Mark
[3166.500s][info][gc,marking     ] GC(671) Concurrent Cleanup for Next Mark 3.310ms
[3166.500s][info][gc             ] GC(671) Concurrent Mark Cycle 1536.329ms
..[3168.315s][info][gc,start       ] GC(672) Pause Young (Prepare Mixed) (G1 Evacuation Pause)
[3168.315s][info][gc,task        ] GC(672) Using 6 workers of 6 for evacuation
[3168.431s][info][gc,phases      ] GC(672)   Pre Evacuate Collection Set: 0.35ms
[3168.431s][info][gc,phases      ] GC(672)   Merge Heap Roots: 0.54ms
[3168.431s][info][gc,phases      ] GC(672)   Evacuate Collection Set: 114.61ms
[3168.431s][info][gc,phases      ] GC(672)   Post Evacuate Collection Set: 0.91ms
[3168.431s][info][gc,phases      ] GC(672)   Other: 0.09ms
[3168.431s][info][gc,heap        ] GC(672) Eden regions: 1120->0(1109)
[3168.431s][info][gc,heap        ] GC(672) Survivor regions: 108->109(154)
[3168.431s][info][gc,heap        ] GC(672) Old regions: 506->538
[3168.431s][info][gc,heap        ] GC(672) Humongous regions: 80->80
[3168.431s][info][gc,metaspace   ] GC(672) Metaspace: 28892K(29312K)->28892K(29312K) NonClass: 24024K(24256K)->24024K(24256K) Class: 4868K(5056K)->4868K(5056K)
[3168.431s][info][gc             ] GC(672) Pause Young (Prepare Mixed) (G1 Evacuation Pause) 3627M->1452M(4096M) 116.647ms
[3168.431s][info][gc,cpu         ] GC(672) User=0.69s Sys=0.00s Real=0.12s
...[3171.712s][info][gc,start       ] GC(673) Pause Young (Mixed) (G1 Evacuation Pause)
[3171.712s][info][gc,task        ] GC(673) Using 6 workers of 6 for evacuation
[3171.844s][info][gc,phases      ] GC(673)   Pre Evacuate Collection Set: 0.37ms
[3171.844s][info][gc,phases      ] GC(673)   Merge Heap Roots: 0.66ms
[3171.844s][info][gc,phases      ] GC(673)   Evacuate Collection Set: 129.85ms
[3171.844s][info][gc,phases      ] GC(673)   Post Evacuate Collection Set: 0.93ms
[3171.844s][info][gc,phases      ] GC(673)   Other: 0.08ms
[3171.844s][info][gc,heap        ] GC(673) Eden regions: 1109->0(1119)
[3171.844s][info][gc,heap        ] GC(673) Survivor regions: 109->109(153)
[3171.844s][info][gc,heap        ] GC(673) Old regions: 538->475
[3171.844s][info][gc,heap        ] GC(673) Humongous regions: 80->80
[3171.844s][info][gc,metaspace   ] GC(673) Metaspace: 28892K(29312K)->28892K(29312K) NonClass: 24024K(24256K)->24024K(24256K) Class: 4868K(5056K)->4868K(5056K)
[3171.844s][info][gc             ] GC(673) Pause Young (Mixed) (G1 Evacuation Pause) 3670M->1325M(4096M) 132.029ms
[3171.844s][info][gc,cpu         ] GC(673) User=0.79s Sys=0.00s Real=0.13s
....[3175.205s][info][gc,start       ] GC(674) Pause Young (Concurrent Start) (G1 Evacuation Pause)
[3175.205s][info][gc,task        ] GC(674) Using 6 workers of 6 for evacuation
[3175.323s][info][gc,phases      ] GC(674)   Pre Evacuate Collection Set: 0.38ms
[3175.324s][info][gc,phases      ] GC(674)   Merge Heap Roots: 0.44ms
[3175.324s][info][gc,phases      ] GC(674)   Evacuate Collection Set: 116.61ms
[3175.324s][info][gc,phases      ] GC(674)   Post Evacuate Collection Set: 0.85ms
[3175.324s][info][gc,phases      ] GC(674)   Other: 0.12ms
[3175.324s][info][gc,heap        ] GC(674) Eden regions: 1119->0(1117)
[3175.324s][info][gc,heap        ] GC(674) Survivor regions: 109->111(154)
[3175.324s][info][gc,heap        ] GC(674) Old regions: 475->506
[3175.324s][info][gc,heap        ] GC(674) Humongous regions: 80->80
[3175.324s][info][gc,metaspace   ] GC(674) Metaspace: 28892K(29312K)->28892K(29312K) NonClass: 24024K(24256K)->24024K(24256K) Class: 4868K(5056K)->4868K(5056K)
[3175.324s][info][gc             ] GC(674) Pause Young (Concurrent Start) (G1 Evacuation Pause) 3563M->1393M(4096M) 118.533ms
[3175.324s][info][gc             ] GC(675) Concurrent Mark Cycle
[3175.324s][info][gc,marking     ] GC(675) Concurrent Scan Root Regions
[3175.324s][info][gc,cpu         ] GC(674) User=0.71s Sys=0.01s Real=0.12s
[3175.491s][info][gc,marking     ] GC(675) Concurrent Scan Root Regions 167.599ms
[3175.491s][info][gc,marking     ] GC(675) Concurrent Mark
[3175.491s][info][gc,marking     ] GC(675) Concurrent Mark From Roots
[3175.491s][info][gc,task        ] GC(675) Using 2 workers of 2 for marking
.[3176.136s][info][gc,marking     ] GC(675) Concurrent Mark From Roots 644.689ms
[3176.136s][info][gc,marking     ] GC(675) Concurrent Preclean
[3176.137s][info][gc,marking     ] GC(675) Concurrent Preclean 0.538ms
[3176.137s][info][gc,start       ] GC(675) Pause Remark
[3176.142s][info][gc             ] GC(675) Pause Remark 1989M->1989M(4096M) 5.089ms
[3176.142s][info][gc,cpu         ] GC(675) User=0.03s Sys=0.00s Real=0.01s
[3176.142s][info][gc,marking     ] GC(675) Concurrent Mark 650.553ms
[3176.142s][info][gc,marking     ] GC(675) Concurrent Rebuild Remembered Sets and Scrub Regions
[3176.387s][info][gc,marking     ] GC(675) Concurrent Rebuild Remembered Sets and Scrub Regions 244.914ms
[3176.387s][info][gc,start       ] GC(675) Pause Cleanup
[3176.387s][info][gc             ] GC(675) Pause Cleanup 2147M->2147M(4096M) 0.112ms
[3176.387s][info][gc,cpu         ] GC(675) User=0.00s Sys=0.00s Real=0.00s
[3176.387s][info][gc,marking     ] GC(675) Concurrent Clear Claimed Marks
[3176.387s][info][gc,marking     ] GC(675) Concurrent Clear Claimed Marks 0.033ms
[3176.387s][info][gc,marking     ] GC(675) Concurrent Cleanup for Next Mark
[3176.392s][info][gc,marking     ] GC(675) Concurrent Cleanup for Next Mark 4.968ms
[3176.392s][info][gc             ] GC(675) Concurrent Mark Cycle 1068.595ms
..[3178.694s][info][gc,start       ] GC(676) Pause Young (Prepare Mixed) (G1 Evacuation Pause)
[3178.694s][info][gc,task        ] GC(676) Using 6 workers of 6 for evacuation
[3178.813s][info][gc,phases      ] GC(676)   Pre Evacuate Collection Set: 0.32ms
[3178.813s][info][gc,phases      ] GC(676)   Merge Heap Roots: 0.57ms
[3178.813s][info][gc,phases      ] GC(676)   Evacuate Collection Set: 117.22ms
[3178.813s][info][gc,phases      ] GC(676)   Post Evacuate Collection Set: 0.94ms
[3178.813s][info][gc,phases      ] GC(676)   Other: 0.09ms
[3178.813s][info][gc,heap        ] GC(676) Eden regions: 1117->0(1107)
[3178.813s][info][gc,heap        ] GC(676) Survivor regions: 111->110(154)
[3178.813s][info][gc,heap        ] GC(676) Old regions: 506->538
[3178.813s][info][gc,heap        ] GC(676) Humongous regions: 80->80
[3178.813s][info][gc,metaspace   ] GC(676) Metaspace: 28892K(29312K)->28892K(29312K) NonClass: 24024K(24256K)->24024K(24256K) Class: 4868K(5056K)->4868K(5056K)
[3178.813s][info][gc             ] GC(676) Pause Young (Prepare Mixed) (G1 Evacuation Pause) 3627M->1455M(4096M) 119.273ms
[3178.813s][info][gc,cpu         ] GC(676) User=0.71s Sys=0.00s Real=0.12s
....[3182.113s][info][gc,start       ] GC(677) Pause Young (Mixed) (G1 Evacuation Pause)
[3182.113s][info][gc,task        ] GC(677) Using 6 workers of 6 for evacuation
[3182.249s][info][gc,phases      ] GC(677)   Pre Evacuate Collection Set: 0.35ms
[3182.249s][info][gc,phases      ] GC(677)   Merge Heap Roots: 0.72ms
[3182.249s][info][gc,phases      ] GC(677)   Evacuate Collection Set: 134.20ms
[3182.249s][info][gc,phases      ] GC(677)   Post Evacuate Collection Set: 0.93ms
[3182.249s][info][gc,phases      ] GC(677)   Other: 0.08ms
[3182.249s][info][gc,heap        ] GC(677) Eden regions: 1107->0(1119)
[3182.249s][info][gc,heap        ] GC(677) Survivor regions: 110->109(153)
[3182.249s][info][gc,heap        ] GC(677) Old regions: 538->474
[3182.249s][info][gc,heap        ] GC(677) Humongous regions: 80->80
[3182.249s][info][gc,metaspace   ] GC(677) Metaspace: 28892K(29312K)->28892K(29312K) NonClass: 24024K(24256K)->24024K(24256K) Class: 4868K(5056K)->4868K(5056K)
[3182.249s][info][gc             ] GC(677) Pause Young (Mixed) (G1 Evacuation Pause) 3669M->1325M(4096M) 136.417ms
[3182.249s][info][gc,cpu         ] GC(677) User=0.81s Sys=0.00s Real=0.14s
...[3185.567s][info][gc,start       ] GC(678) Pause Young (Concurrent Start) (G1 Evacuation Pause)
[3185.567s][info][gc,task        ] GC(678) Using 6 workers of 6 for evacuation
[3185.680s][info][gc,phases      ] GC(678)   Pre Evacuate Collection Set: 0.34ms
[3185.680s][info][gc,phases      ] GC(678)   Merge Heap Roots: 0.46ms
[3185.680s][info][gc,phases      ] GC(678)   Evacuate Collection Set: 111.59ms
[3185.680s][info][gc,phases      ] GC(678)   Post Evacuate Collection Set: 0.86ms
[3185.680s][info][gc,phases      ] GC(678)   Other: 0.10ms
[3185.680s][info][gc,heap        ] GC(678) Eden regions: 1119->0(1121)
[3185.680s][info][gc,heap        ] GC(678) Survivor regions: 109->107(154)
[3185.680s][info][gc,heap        ] GC(678) Old regions: 474->507
[3185.680s][info][gc,heap        ] GC(678) Humongous regions: 80->80
[3185.680s][info][gc,metaspace   ] GC(678) Metaspace: 28892K(29312K)->28892K(29312K) NonClass: 24024K(24256K)->24024K(24256K) Class: 4868K(5056K)->4868K(5056K)
[3185.680s][info][gc             ] GC(678) Pause Young (Concurrent Start) (G1 Evacuation Pause) 3563M->1385M(4096M) 113.480ms
[3185.680s][info][gc             ] GC(679) Concurrent Mark Cycle
[3185.680s][info][gc,marking     ] GC(679) Concurrent Scan Root Regions
[3185.680s][info][gc,cpu         ] GC(678) User=0.68s Sys=0.00s Real=0.12s
[3185.816s][info][gc,marking     ] GC(679) Concurrent Scan Root Regions 136.014ms
[3185.816s][info][gc,marking     ] GC(679) Concurrent Mark
[3185.816s][info][gc,marking     ] GC(679) Concurrent Mark From Roots
[3185.817s][info][gc,task        ] GC(679) Using 2 workers of 2 for marking
.[3186.471s][info][gc,marking     ] GC(679) Concurrent Mark From Roots 654.835ms
[3186.471s][info][gc,marking     ] GC(679) Concurrent Preclean
[3186.472s][info][gc,marking     ] GC(679) Concurrent Preclean 0.530ms
[3186.472s][info][gc,start       ] GC(679) Pause Remark
[3186.477s][info][gc             ] GC(679) Pause Remark 1947M->1947M(4096M) 4.896ms
[3186.477s][info][gc,cpu         ] GC(679) User=0.02s Sys=0.00s Real=0.00s
[3186.478s][info][gc,marking     ] GC(679) Concurrent Mark 661.035ms
[3186.478s][info][gc,marking     ] GC(679) Concurrent Rebuild Remembered Sets and Scrub Regions
[3186.769s][info][gc,marking     ] GC(679) Concurrent Rebuild Remembered Sets and Scrub Regions 291.232ms
[3186.769s][info][gc,start       ] GC(679) Pause Cleanup
[3186.769s][info][gc             ] GC(679) Pause Cleanup 2125M->2125M(4096M) 0.104ms
[3186.769s][info][gc,cpu         ] GC(679) User=0.00s Sys=0.00s Real=0.00s
[3186.769s][info][gc,marking     ] GC(679) Concurrent Clear Claimed Marks
[3186.769s][info][gc,marking     ] GC(679) Concurrent Clear Claimed Marks 0.027ms
[3186.769s][info][gc,marking     ] GC(679) Concurrent Cleanup for Next Mark
[3186.773s][info][gc,marking     ] GC(679) Concurrent Cleanup for Next Mark 3.854ms
[3186.773s][info][gc             ] GC(679) Concurrent Mark Cycle 1092.633ms
..[3189.084s][info][gc,start       ] GC(680) Pause Young (Prepare Mixed) (G1 Evacuation Pause)
[3189.084s][info][gc,task        ] GC(680) Using 6 workers of 6 for evacuation
[3189.203s][info][gc,phases      ] GC(680)   Pre Evacuate Collection Set: 0.32ms
[3189.203s][info][gc,phases      ] GC(680)   Merge Heap Roots: 0.55ms
[3189.203s][info][gc,phases      ] GC(680)   Evacuate Collection Set: 116.26ms
[3189.203s][info][gc,phases      ] GC(680)   Post Evacuate Collection Set: 0.92ms
[3189.203s][info][gc,phases      ] GC(680)   Other: 0.09ms
[3189.203s][info][gc,heap        ] GC(680) Eden regions: 1121->0(1109)
[3189.203s][info][gc,heap        ] GC(680) Survivor regions: 107->109(154)
[3189.203s][info][gc,heap        ] GC(680) Old regions: 507->538
[3189.203s][info][gc,heap        ] GC(680) Humongous regions: 80->80
[3189.203s][info][gc,metaspace   ] GC(680) Metaspace: 28892K(29312K)->28892K(29312K) NonClass: 24024K(24256K)->24024K(24256K) Class: 4868K(5056K)->4868K(5056K)
[3189.203s][info][gc             ] GC(680) Pause Young (Prepare Mixed) (G1 Evacuation Pause) 3627M->1452M(4096M) 118.281ms
[3189.203s][info][gc,cpu         ] GC(680) User=0.71s Sys=0.00s Real=0.12s
....[3192.544s][info][gc,start       ] GC(681) Pause Young (Mixed) (G1 Evacuation Pause)
[3192.544s][info][gc,task        ] GC(681) Using 6 workers of 6 for evacuation
[3192.680s][info][gc,phases      ] GC(681)   Pre Evacuate Collection Set: 0.35ms
[3192.680s][info][gc,phases      ] GC(681)   Merge Heap Roots: 0.87ms
[3192.680s][info][gc,phases      ] GC(681)   Evacuate Collection Set: 133.52ms
[3192.680s][info][gc,phases      ] GC(681)   Post Evacuate Collection Set: 0.94ms
[3192.680s][info][gc,phases      ] GC(681)   Other: 0.09ms
[3192.680s][info][gc,heap        ] GC(681) Eden regions: 1109->0(1119)
[3192.680s][info][gc,heap        ] GC(681) Survivor regions: 109->109(153)
[3192.680s][info][gc,heap        ] GC(681) Old regions: 538->474
[3192.680s][info][gc,heap        ] GC(681) Humongous regions: 80->80
[3192.680s][info][gc,metaspace   ] GC(681) Metaspace: 28892K(29312K)->28892K(29312K) NonClass: 24024K(24256K)->24024K(24256K) Class: 4868K(5056K)->4868K(5056K)
[3192.680s][info][gc             ] GC(681) Pause Young (Mixed) (G1 Evacuation Pause) 3670M->1325M(4096M) 135.900ms
[3192.680s][info][gc,cpu         ] GC(681) User=0.81s Sys=0.00s Real=0.14s
...[3196.043s][info][gc,start       ] GC(682) Pause Young (Concurrent Start) (G1 Evacuation Pause)
[3196.043s][info][gc,task        ] GC(682) Using 6 workers of 6 for evacuation
[3196.164s][info][gc,phases      ] GC(682)   Pre Evacuate Collection Set: 0.40ms
[3196.164s][info][gc,phases      ] GC(682)   Merge Heap Roots: 0.55ms
[3196.164s][info][gc,phases      ] GC(682)   Evacuate Collection Set: 119.07ms
[3196.164s][info][gc,phases      ] GC(682)   Post Evacuate Collection Set: 0.87ms
[3196.164s][info][gc,phases      ] GC(682)   Other: 0.12ms
[3196.164s][info][gc,heap        ] GC(682) Eden regions: 1119->0(1117)
[3196.164s][info][gc,heap        ] GC(682) Survivor regions: 109->111(154)
[3196.164s][info][gc,heap        ] GC(682) Old regions: 474->506
[3196.164s][info][gc,heap        ] GC(682) Humongous regions: 80->80
[3196.164s][info][gc,metaspace   ] GC(682) Metaspace: 28892K(29312K)->28892K(29312K) NonClass: 24024K(24256K)->24024K(24256K) Class: 4868K(5056K)->4868K(5056K)
[3196.164s][info][gc             ] GC(682) Pause Young (Concurrent Start) (G1 Evacuation Pause) 3563M->1392M(4096M) 121.143ms
[3196.164s][info][gc             ] GC(683) Concurrent Mark Cycle
[3196.164s][info][gc,marking     ] GC(683) Concurrent Scan Root Regions
[3196.164s][info][gc,cpu         ] GC(682) User=0.72s Sys=0.00s Real=0.12s
.[3196.306s][info][gc,marking     ] GC(683) Concurrent Scan Root Regions 141.879ms
[3196.306s][info][gc,marking     ] GC(683) Concurrent Mark
[3196.306s][info][gc,marking     ] GC(683) Concurrent Mark From Roots
[3196.306s][info][gc,task        ] GC(683) Using 2 workers of 2 for marking
[3196.967s][info][gc,marking     ] GC(683) Concurrent Mark From Roots 660.892ms
[3196.967s][info][gc,marking     ] GC(683) Concurrent Preclean
[3196.967s][info][gc,marking     ] GC(683) Concurrent Preclean 0.423ms
[3196.967s][info][gc,start       ] GC(683) Pause Remark
[3196.973s][info][gc             ] GC(683) Pause Remark 2006M->2006M(4096M) 5.577ms
[3196.973s][info][gc,cpu         ] GC(683) User=0.03s Sys=0.00s Real=0.01s
[3196.973s][info][gc,marking     ] GC(683) Concurrent Mark 667.227ms
[3196.973s][info][gc,marking     ] GC(683) Concurrent Rebuild Remembered Sets and Scrub Regions
.[3197.220s][info][gc,marking     ] GC(683) Concurrent Rebuild Remembered Sets and Scrub Regions 247.022ms
[3197.220s][info][gc,start       ] GC(683) Pause Cleanup
[3197.220s][info][gc             ] GC(683) Pause Cleanup 2174M->2174M(4096M) 0.111ms
[3197.220s][info][gc,cpu         ] GC(683) User=0.00s Sys=0.00s Real=0.00s
[3197.221s][info][gc,marking     ] GC(683) Concurrent Clear Claimed Marks
[3197.221s][info][gc,marking     ] GC(683) Concurrent Clear Claimed Marks 0.033ms
[3197.221s][info][gc,marking     ] GC(683) Concurrent Cleanup for Next Mark
[3197.231s][info][gc,marking     ] GC(683) Concurrent Cleanup for Next Mark 10.143ms
[3197.231s][info][gc             ] GC(683) Concurrent Mark Cycle 1067.063ms
..[3199.517s][info][gc,start       ] GC(684) Pause Young (Prepare Mixed) (G1 Evacuation Pause)
[3199.517s][info][gc,task        ] GC(684) Using 6 workers of 6 for evacuation
[3199.633s][info][gc,phases      ] GC(684)   Pre Evacuate Collection Set: 0.30ms
[3199.633s][info][gc,phases      ] GC(684)   Merge Heap Roots: 0.55ms
[3199.633s][info][gc,phases      ] GC(684)   Evacuate Collection Set: 114.29ms
[3199.633s][info][gc,phases      ] GC(684)   Post Evacuate Collection Set: 0.93ms
[3199.633s][info][gc,phases      ] GC(684)   Other: 0.09ms
[3199.633s][info][gc,heap        ] GC(684) Eden regions: 1117->0(1111)
[3199.633s][info][gc,heap        ] GC(684) Survivor regions: 111->108(154)
[3199.633s][info][gc,heap        ] GC(684) Old regions: 506->538
[3199.633s][info][gc,heap        ] GC(684) Humongous regions: 80->80
[3199.633s][info][gc,metaspace   ] GC(684) Metaspace: 28892K(29312K)->28892K(29312K) NonClass: 24024K(24256K)->24024K(24256K) Class: 4868K(5056K)->4868K(5056K)
[3199.633s][info][gc             ] GC(684) Pause Young (Prepare Mixed) (G1 Evacuation Pause) 3626M->1449M(4096M) 116.288ms
[3199.633s][info][gc,cpu         ] GC(684) User=0.69s Sys=0.00s Real=0.12s
...[3202.995s][info][gc,start       ] GC(685) Pause Young (Mixed) (G1 Evacuation Pause)
[3202.995s][info][gc,task        ] GC(685) Using 6 workers of 6 for evacuation
[3203.129s][info][gc,phases      ] GC(685)   Pre Evacuate Collection Set: 0.40ms
[3203.129s][info][gc,phases      ] GC(685)   Merge Heap Roots: 0.79ms
[3203.129s][info][gc,phases      ] GC(685)   Evacuate Collection Set: 132.60ms
[3203.129s][info][gc,phases      ] GC(685)   Post Evacuate Collection Set: 0.88ms
[3203.129s][info][gc,phases      ] GC(685)   Other: 0.10ms
[3203.129s][info][gc,heap        ] GC(685) Eden regions: 1111->0(1118)
[3203.129s][info][gc,heap        ] GC(685) Survivor regions: 108->110(153)
[3203.129s][info][gc,heap        ] GC(685) Old regions: 538->474
[3203.129s][info][gc,heap        ] GC(685) Humongous regions: 80->80
[3203.129s][info][gc,metaspace   ] GC(685) Metaspace: 28892K(29312K)->28892K(29312K) NonClass: 24024K(24256K)->24024K(24256K) Class: 4868K(5056K)->4868K(5056K)
[3203.129s][info][gc             ] GC(685) Pause Young (Mixed) (G1 Evacuation Pause) 3671M->1326M(4096M) 134.913ms
[3203.129s][info][gc,cpu         ] GC(685) User=0.80s Sys=0.00s Real=0.14s
....[3206.394s][info][gc,start       ] GC(686) Pause Young (Concurrent Start) (G1 Evacuation Pause)
[3206.394s][info][gc,task        ] GC(686) Using 6 workers of 6 for evacuation
[3206.517s][info][gc,phases      ] GC(686)   Pre Evacuate Collection Set: 0.35ms
[3206.517s][info][gc,phases      ] GC(686)   Merge Heap Roots: 0.54ms
[3206.517s][info][gc,phases      ] GC(686)   Evacuate Collection Set: 121.36ms
[3206.517s][info][gc,phases      ] GC(686)   Post Evacuate Collection Set: 0.88ms
[3206.517s][info][gc,phases      ] GC(686)   Other: 0.12ms
[3206.517s][info][gc,heap        ] GC(686) Eden regions: 1118->0(1117)
[3206.517s][info][gc,heap        ] GC(686) Survivor regions: 110->111(154)
[3206.517s][info][gc,heap        ] GC(686) Old regions: 474->507
[3206.517s][info][gc,heap        ] GC(686) Humongous regions: 80->80
[3206.517s][info][gc,metaspace   ] GC(686) Metaspace: 28892K(29312K)->28892K(29312K) NonClass: 24024K(24256K)->24024K(24256K) Class: 4868K(5056K)->4868K(5056K)
[3206.517s][info][gc             ] GC(686) Pause Young (Concurrent Start) (G1 Evacuation Pause) 3562M->1394M(4096M) 123.364ms
[3206.517s][info][gc             ] GC(687) Concurrent Mark Cycle
[3206.517s][info][gc,marking     ] GC(687) Concurrent Scan Root Regions
[3206.517s][info][gc,cpu         ] GC(686) User=0.74s Sys=0.00s Real=0.12s
[3206.661s][info][gc,marking     ] GC(687) Concurrent Scan Root Regions 144.021ms
[3206.661s][info][gc,marking     ] GC(687) Concurrent Mark
[3206.661s][info][gc,marking     ] GC(687) Concurrent Mark From Roots
[3206.661s][info][gc,task        ] GC(687) Using 2 workers of 2 for marking
.[3207.316s][info][gc,marking     ] GC(687) Concurrent Mark From Roots 654.499ms
[3207.316s][info][gc,marking     ] GC(687) Concurrent Preclean
[3207.316s][info][gc,marking     ] GC(687) Concurrent Preclean 0.331ms
[3207.316s][info][gc,start       ] GC(687) Pause Remark
[3207.321s][info][gc             ] GC(687) Pause Remark 1957M->1957M(4096M) 4.419ms
[3207.321s][info][gc,cpu         ] GC(687) User=0.02s Sys=0.00s Real=0.01s
[3207.321s][info][gc,marking     ] GC(687) Concurrent Mark 659.531ms
[3207.321s][info][gc,marking     ] GC(687) Concurrent Rebuild Remembered Sets and Scrub Regions
[3207.528s][info][gc,marking     ] GC(687) Concurrent Rebuild Remembered Sets and Scrub Regions 207.452ms
[3207.529s][info][gc,start       ] GC(687) Pause Cleanup
[3207.529s][info][gc             ] GC(687) Pause Cleanup 2106M->2106M(4096M) 0.122ms
[3207.529s][info][gc,cpu         ] GC(687) User=0.00s Sys=0.00s Real=0.00s
[3207.529s][info][gc,marking     ] GC(687) Concurrent Clear Claimed Marks
[3207.529s][info][gc,marking     ] GC(687) Concurrent Clear Claimed Marks 0.035ms
[3207.529s][info][gc,marking     ] GC(687) Concurrent Cleanup for Next Mark
[3207.533s][info][gc,marking     ] GC(687) Concurrent Cleanup for Next Mark 4.042ms
[3207.533s][info][gc             ] GC(687) Concurrent Mark Cycle 1016.119ms
..[3209.912s][info][gc,start       ] GC(688) Pause Young (Prepare Mixed) (G1 Evacuation Pause)
[3209.912s][info][gc,task        ] GC(688) Using 6 workers of 6 for evacuation
[3210.032s][info][gc,phases      ] GC(688)   Pre Evacuate Collection Set: 0.36ms
[3210.032s][info][gc,phases      ] GC(688)   Merge Heap Roots: 0.61ms
[3210.032s][info][gc,phases      ] GC(688)   Evacuate Collection Set: 117.32ms
[3210.032s][info][gc,phases      ] GC(688)   Post Evacuate Collection Set: 0.90ms
[3210.032s][info][gc,phases      ] GC(688)   Other: 0.09ms
[3210.032s][info][gc,heap        ] GC(688) Eden regions: 1117->0(1108)
[3210.032s][info][gc,heap        ] GC(688) Survivor regions: 111->109(154)
[3210.032s][info][gc,heap        ] GC(688) Old regions: 507->539
[3210.032s][info][gc,heap        ] GC(688) Humongous regions: 80->80
[3210.032s][info][gc,metaspace   ] GC(688) Metaspace: 28892K(29312K)->28892K(29312K) NonClass: 24024K(24256K)->24024K(24256K) Class: 4868K(5056K)->4868K(5056K)
[3210.032s][info][gc             ] GC(688) Pause Young (Prepare Mixed) (G1 Evacuation Pause) 3628M->1454M(4096M) 119.419ms
[3210.032s][info][gc,cpu         ] GC(688) User=0.71s Sys=0.00s Real=0.12s
....[3213.388s][info][gc,start       ] GC(689) Pause Young (Mixed) (G1 Evacuation Pause)
[3213.388s][info][gc,task        ] GC(689) Using 6 workers of 6 for evacuation
[3213.521s][info][gc,phases      ] GC(689)   Pre Evacuate Collection Set: 0.40ms
[3213.521s][info][gc,phases      ] GC(689)   Merge Heap Roots: 0.62ms
[3213.521s][info][gc,phases      ] GC(689)   Evacuate Collection Set: 131.38ms
[3213.521s][info][gc,phases      ] GC(689)   Post Evacuate Collection Set: 0.94ms
[3213.521s][info][gc,phases      ] GC(689)   Other: 0.09ms
[3213.521s][info][gc,heap        ] GC(689) Eden regions: 1108->0(1118)
[3213.521s][info][gc,heap        ] GC(689) Survivor regions: 109->110(153)
[3213.521s][info][gc,heap        ] GC(689) Old regions: 539->475
[3213.521s][info][gc,heap        ] GC(689) Humongous regions: 80->80
[3213.521s][info][gc,metaspace   ] GC(689) Metaspace: 28892K(29312K)->28892K(29312K) NonClass: 24024K(24256K)->24024K(24256K) Class: 4868K(5056K)->4868K(5056K)
[3213.521s][info][gc             ] GC(689) Pause Young (Mixed) (G1 Evacuation Pause) 3670M->1329M(4096M) 133.566ms
[3213.521s][info][gc,cpu         ] GC(689) User=0.80s Sys=0.00s Real=0.14s
...[3216.829s][info][gc,start       ] GC(690) Pause Young (Concurrent Start) (G1 Evacuation Pause)
[3216.829s][info][gc,task        ] GC(690) Using 6 workers of 6 for evacuation
[3216.945s][info][gc,phases      ] GC(690)   Pre Evacuate Collection Set: 0.35ms
[3216.945s][info][gc,phases      ] GC(690)   Merge Heap Roots: 0.45ms
[3216.945s][info][gc,phases      ] GC(690)   Evacuate Collection Set: 113.81ms
[3216.945s][info][gc,phases      ] GC(690)   Post Evacuate Collection Set: 0.86ms
[3216.945s][info][gc,phases      ] GC(690)   Other: 0.09ms
[3216.945s][info][gc,heap        ] GC(690) Eden regions: 1118->0(1121)
[3216.945s][info][gc,heap        ] GC(690) Survivor regions: 110->107(154)
[3216.945s][info][gc,heap        ] GC(690) Old regions: 475->508
[3216.945s][info][gc,heap        ] GC(690) Humongous regions: 80->80
[3216.945s][info][gc,metaspace   ] GC(690) Metaspace: 28892K(29312K)->28892K(29312K) NonClass: 24024K(24256K)->24024K(24256K) Class: 4868K(5056K)->4868K(5056K)
[3216.945s][info][gc             ] GC(690) Pause Young (Concurrent Start) (G1 Evacuation Pause) 3565M->1387M(4096M) 115.703ms
[3216.945s][info][gc             ] GC(691) Concurrent Mark Cycle
[3216.945s][info][gc,marking     ] GC(691) Concurrent Scan Root Regions
[3216.945s][info][gc,cpu         ] GC(690) User=0.68s Sys=0.00s Real=0.11s
[3217.081s][info][gc,marking     ] GC(691) Concurrent Scan Root Regions 136.021ms
[3217.081s][info][gc,marking     ] GC(691) Concurrent Mark
[3217.081s][info][gc,marking     ] GC(691) Concurrent Mark From Roots
[3217.081s][info][gc,task        ] GC(691) Using 2 workers of 2 for marking
.[3217.707s][info][gc,marking     ] GC(691) Concurrent Mark From Roots 625.623ms
[3217.707s][info][gc,marking     ] GC(691) Concurrent Preclean
[3217.707s][info][gc,marking     ] GC(691) Concurrent Preclean 0.099ms
[3217.708s][info][gc,start       ] GC(691) Pause Remark
[3217.714s][info][gc             ] GC(691) Pause Remark 1914M->1914M(4096M) 5.251ms
[3217.714s][info][gc,cpu         ] GC(691) User=0.03s Sys=0.00s Real=0.01s
[3217.715s][info][gc,marking     ] GC(691) Concurrent Mark 633.704ms
[3217.715s][info][gc,marking     ] GC(691) Concurrent Rebuild Remembered Sets and Scrub Regions
[3217.970s][info][gc,marking     ] GC(691) Concurrent Rebuild Remembered Sets and Scrub Regions 255.177ms
[3217.970s][info][gc,start       ] GC(691) Pause Cleanup
[3217.970s][info][gc             ] GC(691) Pause Cleanup 2107M->2107M(4096M) 0.113ms
[3217.970s][info][gc,cpu         ] GC(691) User=0.00s Sys=0.00s Real=0.00s
[3217.971s][info][gc,marking     ] GC(691) Concurrent Clear Claimed Marks
[3217.971s][info][gc,marking     ] GC(691) Concurrent Clear Claimed Marks 0.027ms
[3217.971s][info][gc,marking     ] GC(691) Concurrent Cleanup for Next Mark
[3217.975s][info][gc,marking     ] GC(691) Concurrent Cleanup for Next Mark 4.429ms
[3217.975s][info][gc             ] GC(691) Concurrent Mark Cycle 1029.895ms
...[3220.347s][info][gc,start       ] GC(692) Pause Young (Prepare Mixed) (G1 Evacuation Pause)
[3220.347s][info][gc,task        ] GC(692) Using 6 workers of 6 for evacuation
[3220.465s][info][gc,phases      ] GC(692)   Pre Evacuate Collection Set: 0.35ms
[3220.465s][info][gc,phases      ] GC(692)   Merge Heap Roots: 0.59ms
[3220.465s][info][gc,phases      ] GC(692)   Evacuate Collection Set: 116.17ms
[3220.465s][info][gc,phases      ] GC(692)   Post Evacuate Collection Set: 0.89ms
[3220.465s][info][gc,phases      ] GC(692)   Other: 0.09ms
[3220.465s][info][gc,heap        ] GC(692) Eden regions: 1121->0(1106)
[3220.465s][info][gc,heap        ] GC(692) Survivor regions: 107->110(154)
[3220.465s][info][gc,heap        ] GC(692) Old regions: 508->539
[3220.465s][info][gc,heap        ] GC(692) Humongous regions: 80->80
[3220.465s][info][gc,metaspace   ] GC(692) Metaspace: 28892K(29312K)->28892K(29312K) NonClass: 24024K(24256K)->24024K(24256K) Class: 4868K(5056K)->4868K(5056K)
[3220.465s][info][gc             ] GC(692) Pause Young (Prepare Mixed) (G1 Evacuation Pause) 3629M->1457M(4096M) 118.220ms
[3220.466s][info][gc,cpu         ] GC(692) User=0.70s Sys=0.00s Real=0.12s
.. (rIR:aIR:PR = 5396:5397:5397) (tPR = 79902) [OK] 
  3222s: Performance info:
         Transaction,    Success,    Partial,     Failed,   Receipts, AvgBarcode, 
             Overall,     325173,          0,          0,     308891,      59.48, 
         Response times:
             Request,    Success,    Partial,     Failed,   SkipFail,     Probes,    Samples,      min,      p50,      p90,      p95,      p99,      max, 
       TotalPurchase,     308891,          0,          0,          0,     303048,     334232,      300,     4400,    10000,    24000,    71000,   222000,
     InStorePurchase,     162579,          0,          0,          0,     159855,     176193,      300,     4200,     9800,    24000,    72000,   202000,
      OnlinePurchase,     113810,          0,          0,          0,     111655,     122940,      300,     4500,    10100,    24000,    69000,   222000,
        InstPurchase,      32502,          0,          0,          0,      31538,      35099,      400,     4600,    10000,    24000,    69000,   202000,
          AssocOfCat,        326,          0,          0,          0,        255,        363,    21000,    34000,    57000,    82800,   158800,   178000,
      AssocOfProduct,       3257,          0,          0,          0,       3028,       3552,      400,     4500,     9170,    20220,    68000,   263000,
      BusinessReport,        811,          0,          0,          0,        691,        887,    26000,    40000,    73000,   100000,   174120,   283000,
          CustBuyBeh,       3253,          0,          0,          0,       2989,       3470,      200,     3000,     6500,    15045,    50580,   201000,
       ProductReturn,       8635,          0,          0,          0,       8235,       9378,      200,     3300,     7400,    18905,    57000,   182000,

  3222s: (40%)   IR =   5535 .[3223.778s][info][gc,start       ] GC(693) Pause Young (Mixed) (G1 Evacuation Pause)
[3223.778s][info][gc,task        ] GC(693) Using 6 workers of 6 for evacuation
[3223.910s][info][gc,phases      ] GC(693)   Pre Evacuate Collection Set: 0.36ms
[3223.910s][info][gc,phases      ] GC(693)   Merge Heap Roots: 0.73ms
[3223.910s][info][gc,phases      ] GC(693)   Evacuate Collection Set: 129.71ms
[3223.910s][info][gc,phases      ] GC(693)   Post Evacuate Collection Set: 0.98ms
[3223.910s][info][gc,phases      ] GC(693)   Other: 0.09ms
[3223.910s][info][gc,heap        ] GC(693) Eden regions: 1106->0(1119)
[3223.910s][info][gc,heap        ] GC(693) Survivor regions: 110->109(152)
[3223.910s][info][gc,heap        ] GC(693) Old regions: 539->473
[3223.910s][info][gc,heap        ] GC(693) Humongous regions: 80->80
[3223.910s][info][gc,metaspace   ] GC(693) Metaspace: 28892K(29312K)->28892K(29312K) NonClass: 24024K(24256K)->24024K(24256K) Class: 4868K(5056K)->4868K(5056K)
[3223.910s][info][gc             ] GC(693) Pause Young (Mixed) (G1 Evacuation Pause) 3669M->1321M(4096M) 132.000ms
[3223.910s][info][gc,cpu         ] GC(693) User=0.79s Sys=0.00s Real=0.14s
...|[3227.176s][info][gc,start       ] GC(694) Pause Young (Concurrent Start) (G1 Evacuation Pause)
[3227.176s][info][gc,task        ] GC(694) Using 6 workers of 6 for evacuation
[3227.294s][info][gc,phases      ] GC(694)   Pre Evacuate Collection Set: 0.36ms
[3227.294s][info][gc,phases      ] GC(694)   Merge Heap Roots: 0.48ms
[3227.294s][info][gc,phases      ] GC(694)   Evacuate Collection Set: 116.22ms
[3227.294s][info][gc,phases      ] GC(694)   Post Evacuate Collection Set: 0.87ms
[3227.294s][info][gc,phases      ] GC(694)   Other: 0.11ms
[3227.294s][info][gc,heap        ] GC(694) Eden regions: 1119->0(1118)
[3227.294s][info][gc,heap        ] GC(694) Survivor regions: 109->110(154)
[3227.294s][info][gc,heap        ] GC(694) Old regions: 473->505
[3227.294s][info][gc,heap        ] GC(694) Humongous regions: 80->80
[3227.294s][info][gc,metaspace   ] GC(694) Metaspace: 28892K(29312K)->28892K(29312K) NonClass: 24024K(24256K)->24024K(24256K) Class: 4868K(5056K)->4868K(5056K)
[3227.294s][info][gc             ] GC(694) Pause Young (Concurrent Start) (G1 Evacuation Pause) 3559M->1388M(4096M) 118.154ms
[3227.294s][info][gc             ] GC(695) Concurrent Mark Cycle
[3227.294s][info][gc,marking     ] GC(695) Concurrent Scan Root Regions
[3227.294s][info][gc,cpu         ] GC(694) User=0.70s Sys=0.00s Real=0.12s
.[3227.472s][info][gc,marking     ] GC(695) Concurrent Scan Root Regions 177.262ms
[3227.472s][info][gc,marking     ] GC(695) Concurrent Mark
[3227.472s][info][gc,marking     ] GC(695) Concurrent Mark From Roots
[3227.472s][info][gc,task        ] GC(695) Using 2 workers of 2 for marking
[3228.257s][info][gc,marking     ] GC(695) Concurrent Mark From Roots 785.662ms
[3228.257s][info][gc,marking     ] GC(695) Concurrent Preclean
[3228.258s][info][gc,marking     ] GC(695) Concurrent Preclean 0.284ms
[3228.258s][info][gc,start       ] GC(695) Pause Remark
[3228.264s][info][gc             ] GC(695) Pause Remark 2038M->2038M(4096M) 5.653ms
[3228.264s][info][gc,cpu         ] GC(695) User=0.02s Sys=0.00s Real=0.01s
[3228.265s][info][gc,marking     ] GC(695) Concurrent Mark 793.672ms
[3228.265s][info][gc,marking     ] GC(695) Concurrent Rebuild Remembered Sets and Scrub Regions
.[3228.586s][info][gc,marking     ] GC(695) Concurrent Rebuild Remembered Sets and Scrub Regions 320.646ms
[3228.586s][info][gc,start       ] GC(695) Pause Cleanup
[3228.586s][info][gc             ] GC(695) Pause Cleanup 2312M->2312M(4096M) 0.115ms
[3228.586s][info][gc,cpu         ] GC(695) User=0.00s Sys=0.00s Real=0.00s
[3228.586s][info][gc,marking     ] GC(695) Concurrent Clear Claimed Marks
[3228.586s][info][gc,marking     ] GC(695) Concurrent Clear Claimed Marks 0.028ms
[3228.586s][info][gc,marking     ] GC(695) Concurrent Cleanup for Next Mark
[3228.590s][info][gc,marking     ] GC(695) Concurrent Cleanup for Next Mark 3.170ms
[3228.590s][info][gc             ] GC(695) Concurrent Mark Cycle 1295.196ms
..[3230.606s][info][gc,start       ] GC(696) Pause Young (Prepare Mixed) (G1 Evacuation Pause)
[3230.606s][info][gc,task        ] GC(696) Using 6 workers of 6 for evacuation
[3230.724s][info][gc,phases      ] GC(696)   Pre Evacuate Collection Set: 0.33ms
[3230.724s][info][gc,phases      ] GC(696)   Merge Heap Roots: 0.58ms
[3230.724s][info][gc,phases      ] GC(696)   Evacuate Collection Set: 116.00ms
[3230.724s][info][gc,phases      ] GC(696)   Post Evacuate Collection Set: 0.91ms
[3230.724s][info][gc,phases      ] GC(696)   Other: 0.09ms
[3230.724s][info][gc,heap        ] GC(696) Eden regions: 1118->0(1110)
[3230.724s][info][gc,heap        ] GC(696) Survivor regions: 110->109(154)
[3230.724s][info][gc,heap        ] GC(696) Old regions: 505->537
[3230.724s][info][gc,heap        ] GC(696) Humongous regions: 80->80
[3230.724s][info][gc,metaspace   ] GC(696) Metaspace: 28892K(29312K)->28892K(29312K) NonClass: 24024K(24256K)->24024K(24256K) Class: 4868K(5056K)->4868K(5056K)
[3230.724s][info][gc             ] GC(696) Pause Young (Prepare Mixed) (G1 Evacuation Pause) 3624M->1450M(4096M) 118.042ms
[3230.724s][info][gc,cpu         ] GC(696) User=0.70s Sys=0.00s Real=0.12s
...[3233.939s][info][gc,start       ] GC(697) Pause Young (Mixed) (G1 Evacuation Pause)
[3233.940s][info][gc,task        ] GC(697) Using 6 workers of 6 for evacuation
[3234.077s][info][gc,phases      ] GC(697)   Pre Evacuate Collection Set: 0.34ms
[3234.077s][info][gc,phases      ] GC(697)   Merge Heap Roots: 0.83ms
[3234.077s][info][gc,phases      ] GC(697)   Evacuate Collection Set: 134.94ms
[3234.077s][info][gc,phases      ] GC(697)   Post Evacuate Collection Set: 0.95ms
[3234.077s][info][gc,phases      ] GC(697)   Other: 0.09ms
[3234.077s][info][gc,heap        ] GC(697) Eden regions: 1110->0(1115)
[3234.077s][info][gc,heap        ] GC(697) Survivor regions: 109->113(153)
[3234.077s][info][gc,heap        ] GC(697) Old regions: 537->473
[3234.077s][info][gc,heap        ] GC(697) Humongous regions: 80->80
[3234.077s][info][gc,metaspace   ] GC(697) Metaspace: 28892K(29312K)->28892K(29312K) NonClass: 24024K(24256K)->24024K(24256K) Class: 4868K(5056K)->4868K(5056K)
[3234.077s][info][gc             ] GC(697) Pause Young (Mixed) (G1 Evacuation Pause) 3670M->1330M(4096M) 137.275ms
[3234.077s][info][gc,cpu         ] GC(697) User=0.82s Sys=0.00s Real=0.13s
....[3237.349s][info][gc,start       ] GC(698) Pause Young (Concurrent Start) (G1 Evacuation Pause)
[3237.349s][info][gc,task        ] GC(698) Using 6 workers of 6 for evacuation
[3237.470s][info][gc,phases      ] GC(698)   Pre Evacuate Collection Set: 0.38ms
[3237.470s][info][gc,phases      ] GC(698)   Merge Heap Roots: 0.48ms
[3237.470s][info][gc,phases      ] GC(698)   Evacuate Collection Set: 118.73ms
[3237.470s][info][gc,phases      ] GC(698)   Post Evacuate Collection Set: 0.84ms
[3237.470s][info][gc,phases      ] GC(698)   Other: 0.11ms
[3237.470s][info][gc,heap        ] GC(698) Eden regions: 1115->0(1116)
[3237.470s][info][gc,heap        ] GC(698) Survivor regions: 113->112(154)
[3237.470s][info][gc,heap        ] GC(698) Old regions: 473->505
[3237.470s][info][gc,heap        ] GC(698) Humongous regions: 80->80
[3237.470s][info][gc,metaspace   ] GC(698) Metaspace: 28892K(29312K)->28892K(29312K) NonClass: 24024K(24256K)->24024K(24256K) Class: 4868K(5056K)->4868K(5056K)
[3237.470s][info][gc             ] GC(698) Pause Young (Concurrent Start) (G1 Evacuation Pause) 3560M->1392M(4096M) 120.666ms
[3237.470s][info][gc             ] GC(699) Concurrent Mark Cycle
[3237.470s][info][gc,marking     ] GC(699) Concurrent Scan Root Regions
[3237.470s][info][gc,cpu         ] GC(698) User=0.72s Sys=0.00s Real=0.12s
[3237.652s][info][gc,marking     ] GC(699) Concurrent Scan Root Regions 182.222ms
[3237.652s][info][gc,marking     ] GC(699) Concurrent Mark
[3237.652s][info][gc,marking     ] GC(699) Concurrent Mark From Roots
[3237.652s][info][gc,task        ] GC(699) Using 2 workers of 2 for marking
.[3238.442s][info][gc,marking     ] GC(699) Concurrent Mark From Roots 789.925ms
[3238.442s][info][gc,marking     ] GC(699) Concurrent Preclean
[3238.442s][info][gc,marking     ] GC(699) Concurrent Preclean 0.195ms
[3238.442s][info][gc,start       ] GC(699) Pause Remark
[3238.448s][info][gc             ] GC(699) Pause Remark 2122M->2122M(4096M) 5.662ms
[3238.448s][info][gc,cpu         ] GC(699) User=0.03s Sys=0.00s Real=0.00s
[3238.448s][info][gc,marking     ] GC(699) Concurrent Mark 796.064ms
[3238.448s][info][gc,marking     ] GC(699) Concurrent Rebuild Remembered Sets and Scrub Regions
[3238.800s][info][gc,marking     ] GC(699) Concurrent Rebuild Remembered Sets and Scrub Regions 351.944ms
[3238.800s][info][gc,start       ] GC(699) Pause Cleanup
[3238.800s][info][gc             ] GC(699) Pause Cleanup 2386M->2386M(4096M) 0.108ms
[3238.800s][info][gc,cpu         ] GC(699) User=0.00s Sys=0.00s Real=0.00s
[3238.800s][info][gc,marking     ] GC(699) Concurrent Clear Claimed Marks
[3238.800s][info][gc,marking     ] GC(699) Concurrent Clear Claimed Marks 0.027ms
[3238.801s][info][gc,marking     ] GC(699) Concurrent Cleanup for Next Mark
[3238.804s][info][gc,marking     ] GC(699) Concurrent Cleanup for Next Mark 3.133ms
[3238.804s][info][gc             ] GC(699) Concurrent Mark Cycle 1333.840ms
..[3240.704s][info][gc,start       ] GC(700) Pause Young (Prepare Mixed) (G1 Evacuation Pause)
[3240.704s][info][gc,task        ] GC(700) Using 6 workers of 6 for evacuation
[3240.821s][info][gc,phases      ] GC(700)   Pre Evacuate Collection Set: 0.32ms
[3240.821s][info][gc,phases      ] GC(700)   Merge Heap Roots: 0.64ms
[3240.821s][info][gc,phases      ] GC(700)   Evacuate Collection Set: 115.07ms
[3240.821s][info][gc,phases      ] GC(700)   Post Evacuate Collection Set: 0.92ms
[3240.821s][info][gc,phases      ] GC(700)   Other: 0.08ms
[3240.821s][info][gc,heap        ] GC(700) Eden regions: 1116->0(1111)
[3240.821s][info][gc,heap        ] GC(700) Survivor regions: 112->109(154)
[3240.821s][info][gc,heap        ] GC(700) Old regions: 505->536
[3240.821s][info][gc,heap        ] GC(700) Humongous regions: 80->80
[3240.821s][info][gc,metaspace   ] GC(700) Metaspace: 28892K(29312K)->28892K(29312K) NonClass: 24024K(24256K)->24024K(24256K) Class: 4868K(5056K)->4868K(5056K)
[3240.821s][info][gc             ] GC(700) Pause Young (Prepare Mixed) (G1 Evacuation Pause) 3624M->1447M(4096M) 117.162ms
[3240.821s][info][gc,cpu         ] GC(700) User=0.70s Sys=0.00s Real=0.12s
...[3244.080s][info][gc,start       ] GC(701) Pause Young (Mixed) (G1 Evacuation Pause)
[3244.080s][info][gc,task        ] GC(701) Using 6 workers of 6 for evacuation
[3244.214s][info][gc,phases      ] GC(701)   Pre Evacuate Collection Set: 0.34ms
[3244.214s][info][gc,phases      ] GC(701)   Merge Heap Roots: 0.74ms
[3244.214s][info][gc,phases      ] GC(701)   Evacuate Collection Set: 131.41ms
[3244.214s][info][gc,phases      ] GC(701)   Post Evacuate Collection Set: 0.95ms
[3244.214s][info][gc,phases      ] GC(701)   Other: 0.09ms
[3244.214s][info][gc,heap        ] GC(701) Eden regions: 1111->0(1120)
[3244.214s][info][gc,heap        ] GC(701) Survivor regions: 109->108(153)
[3244.214s][info][gc,heap        ] GC(701) Old regions: 536->472
[3244.214s][info][gc,heap        ] GC(701) Humongous regions: 80->80
[3244.214s][info][gc,metaspace   ] GC(701) Metaspace: 28892K(29312K)->28892K(29312K) NonClass: 24024K(24256K)->24024K(24256K) Class: 4868K(5056K)->4868K(5056K)
[3244.214s][info][gc             ] GC(701) Pause Young (Mixed) (G1 Evacuation Pause) 3669M->1319M(4096M) 133.642ms
[3244.214s][info][gc,cpu         ] GC(701) User=0.80s Sys=0.01s Real=0.13s
....[3247.460s][info][gc,start       ] GC(702) Pause Young (Concurrent Start) (G1 Evacuation Pause)
[3247.460s][info][gc,task        ] GC(702) Using 6 workers of 6 for evacuation
[3247.578s][info][gc,phases      ] GC(702)   Pre Evacuate Collection Set: 0.35ms
[3247.578s][info][gc,phases      ] GC(702)   Merge Heap Roots: 0.45ms
[3247.578s][info][gc,phases      ] GC(702)   Evacuate Collection Set: 115.39ms
[3247.578s][info][gc,phases      ] GC(702)   Post Evacuate Collection Set: 0.89ms
[3247.578s][info][gc,phases      ] GC(702)   Other: 0.11ms
[3247.578s][info][gc,heap        ] GC(702) Eden regions: 1120->0(1117)
[3247.578s][info][gc,heap        ] GC(702) Survivor regions: 108->111(154)
[3247.578s][info][gc,heap        ] GC(702) Old regions: 472->505
[3247.578s][info][gc,heap        ] GC(702) Humongous regions: 80->80
[3247.578s][info][gc,metaspace   ] GC(702) Metaspace: 28892K(29312K)->28892K(29312K) NonClass: 24024K(24256K)->24024K(24256K) Class: 4868K(5056K)->4868K(5056K)
[3247.578s][info][gc             ] GC(702) Pause Young (Concurrent Start) (G1 Evacuation Pause) 3559M->1389M(4096M) 117.331ms
[3247.578s][info][gc             ] GC(703) Concurrent Mark Cycle
[3247.578s][info][gc,marking     ] GC(703) Concurrent Scan Root Regions
[3247.578s][info][gc,cpu         ] GC(702) User=0.70s Sys=0.00s Real=0.11s
[3247.763s][info][gc,marking     ] GC(703) Concurrent Scan Root Regions 185.174ms
[3247.763s][info][gc,marking     ] GC(703) Concurrent Mark
[3247.763s][info][gc,marking     ] GC(703) Concurrent Mark From Roots
[3247.763s][info][gc,task        ] GC(703) Using 2 workers of 2 for marking
.[3248.744s][info][gc,marking     ] GC(703) Concurrent Mark From Roots 980.729ms
[3248.744s][info][gc,marking     ] GC(703) Concurrent Preclean
[3248.744s][info][gc,marking     ] GC(703) Concurrent Preclean 0.198ms
[3248.744s][info][gc,start       ] GC(703) Pause Remark
[3248.750s][info][gc             ] GC(703) Pause Remark 2243M->2243M(4096M) 6.038ms
[3248.750s][info][gc,cpu         ] GC(703) User=0.04s Sys=0.00s Real=0.01s
[3248.750s][info][gc,marking     ] GC(703) Concurrent Mark 987.230ms
[3248.750s][info][gc,marking     ] GC(703) Concurrent Rebuild Remembered Sets and Scrub Regions
[3249.112s][info][gc,marking     ] GC(703) Concurrent Rebuild Remembered Sets and Scrub Regions 361.214ms
[3249.112s][info][gc,start       ] GC(703) Pause Cleanup
[3249.112s][info][gc             ] GC(703) Pause Cleanup 2497M->2497M(4096M) 0.106ms
[3249.112s][info][gc,cpu         ] GC(703) User=0.00s Sys=0.00s Real=0.00s
[3249.112s][info][gc,marking     ] GC(703) Concurrent Clear Claimed Marks
[3249.112s][info][gc,marking     ] GC(703) Concurrent Clear Claimed Marks 0.023ms
[3249.112s][info][gc,marking     ] GC(703) Concurrent Cleanup for Next Mark
[3249.117s][info][gc,marking     ] GC(703) Concurrent Cleanup for Next Mark 4.786ms
[3249.117s][info][gc             ] GC(703) Concurrent Mark Cycle 1538.871ms
..[3250.823s][info][gc,start       ] GC(704) Pause Young (Prepare Mixed) (G1 Evacuation Pause)
[3250.824s][info][gc,task        ] GC(704) Using 6 workers of 6 for evacuation
[3250.946s][info][gc,phases      ] GC(704)   Pre Evacuate Collection Set: 0.35ms
[3250.946s][info][gc,phases      ] GC(704)   Merge Heap Roots: 0.54ms
[3250.946s][info][gc,phases      ] GC(704)   Evacuate Collection Set: 120.22ms
[3250.946s][info][gc,phases      ] GC(704)   Post Evacuate Collection Set: 0.91ms
[3250.946s][info][gc,phases      ] GC(704)   Other: 0.08ms
[3250.946s][info][gc,heap        ] GC(704) Eden regions: 1117->0(1102)
[3250.946s][info][gc,heap        ] GC(704) Survivor regions: 111->113(154)
[3250.946s][info][gc,heap        ] GC(704) Old regions: 505->537
[3250.946s][info][gc,heap        ] GC(704) Humongous regions: 80->80
[3250.946s][info][gc,metaspace   ] GC(704) Metaspace: 28892K(29312K)->28892K(29312K) NonClass: 24024K(24256K)->24024K(24256K) Class: 4868K(5056K)->4868K(5056K)
[3250.946s][info][gc             ] GC(704) Pause Young (Prepare Mixed) (G1 Evacuation Pause) 3623M->1459M(4096M) 122.225ms
[3250.946s][info][gc,cpu         ] GC(704) User=0.72s Sys=0.01s Real=0.12s
...[3254.135s][info][gc,start       ] GC(705) Pause Young (Mixed) (G1 Evacuation Pause)
[3254.135s][info][gc,task        ] GC(705) Using 6 workers of 6 for evacuation
[3254.269s][info][gc,phases      ] GC(705)   Pre Evacuate Collection Set: 0.33ms
[3254.269s][info][gc,phases      ] GC(705)   Merge Heap Roots: 0.72ms
[3254.269s][info][gc,phases      ] GC(705)   Evacuate Collection Set: 131.88ms
[3254.269s][info][gc,phases      ] GC(705)   Post Evacuate Collection Set: 0.94ms
[3254.269s][info][gc,phases      ] GC(705)   Other: 0.09ms
[3254.269s][info][gc,heap        ] GC(705) Eden regions: 1102->0(1120)
[3254.269s][info][gc,heap        ] GC(705) Survivor regions: 113->108(152)
[3254.269s][info][gc,heap        ] GC(705) Old regions: 537->474
[3254.269s][info][gc,heap        ] GC(705) Humongous regions: 80->80
[3254.269s][info][gc,metaspace   ] GC(705) Metaspace: 28892K(29312K)->28892K(29312K) NonClass: 24024K(24256K)->24024K(24256K) Class: 4868K(5056K)->4868K(5056K)
[3254.269s][info][gc             ] GC(705) Pause Young (Mixed) (G1 Evacuation Pause) 3663M->1322M(4096M) 134.100ms
[3254.269s][info][gc,cpu         ] GC(705) User=0.79s Sys=0.00s Real=0.14s
....[3257.594s][info][gc,start       ] GC(706) Pause Young (Concurrent Start) (G1 Evacuation Pause)
[3257.594s][info][gc,task        ] GC(706) Using 6 workers of 6 for evacuation
[3257.711s][info][gc,phases      ] GC(706)   Pre Evacuate Collection Set: 0.35ms
[3257.711s][info][gc,phases      ] GC(706)   Merge Heap Roots: 0.55ms
[3257.711s][info][gc,phases      ] GC(706)   Evacuate Collection Set: 114.87ms
[3257.711s][info][gc,phases      ] GC(706)   Post Evacuate Collection Set: 0.89ms
[3257.711s][info][gc,phases      ] GC(706)   Other: 0.10ms
[3257.711s][info][gc,heap        ] GC(706) Eden regions: 1120->0(1120)
[3257.711s][info][gc,heap        ] GC(706) Survivor regions: 108->108(154)
[3257.711s][info][gc,heap        ] GC(706) Old regions: 474->506
[3257.711s][info][gc,heap        ] GC(706) Humongous regions: 80->80
[3257.711s][info][gc,metaspace   ] GC(706) Metaspace: 28892K(29312K)->28892K(29312K) NonClass: 24024K(24256K)->24024K(24256K) Class: 4868K(5056K)->4868K(5056K)
[3257.711s][info][gc             ] GC(706) Pause Young (Concurrent Start) (G1 Evacuation Pause) 3562M->1386M(4096M) 116.887ms
[3257.711s][info][gc             ] GC(707) Concurrent Mark Cycle
[3257.711s][info][gc,marking     ] GC(707) Concurrent Scan Root Regions
[3257.711s][info][gc,cpu         ] GC(706) User=0.70s Sys=0.00s Real=0.12s
[3257.893s][info][gc,marking     ] GC(707) Concurrent Scan Root Regions 182.037ms
[3257.893s][info][gc,marking     ] GC(707) Concurrent Mark
[3257.893s][info][gc,marking     ] GC(707) Concurrent Mark From Roots
[3257.893s][info][gc,task        ] GC(707) Using 2 workers of 2 for marking
.[3258.739s][info][gc,marking     ] GC(707) Concurrent Mark From Roots 845.849ms
[3258.739s][info][gc,marking     ] GC(707) Concurrent Preclean
[3258.739s][info][gc,marking     ] GC(707) Concurrent Preclean 0.108ms
[3258.740s][info][gc,start       ] GC(707) Pause Remark
[3258.746s][info][gc             ] GC(707) Pause Remark 2154M->2154M(4096M) 5.372ms
[3258.746s][info][gc,cpu         ] GC(707) User=0.03s Sys=0.00s Real=0.00s
[3258.746s][info][gc,marking     ] GC(707) Concurrent Mark 853.218ms
[3258.746s][info][gc,marking     ] GC(707) Concurrent Rebuild Remembered Sets and Scrub Regions
[3259.007s][info][gc,marking     ] GC(707) Concurrent Rebuild Remembered Sets and Scrub Regions 260.739ms
[3259.007s][info][gc,start       ] GC(707) Pause Cleanup
[3259.007s][info][gc             ] GC(707) Pause Cleanup 2299M->2299M(4096M) 0.111ms
[3259.007s][info][gc,cpu         ] GC(707) User=0.00s Sys=0.00s Real=0.00s
[3259.007s][info][gc,marking     ] GC(707) Concurrent Clear Claimed Marks
[3259.007s][info][gc,marking     ] GC(707) Concurrent Clear Claimed Marks 0.028ms
[3259.007s][info][gc,marking     ] GC(707) Concurrent Cleanup for Next Mark
[3259.011s][info][gc,marking     ] GC(707) Concurrent Cleanup for Next Mark 3.603ms
[3259.011s][info][gc             ] GC(707) Concurrent Mark Cycle 1300.071ms
..[3260.981s][info][gc,start       ] GC(708) Pause Young (Prepare Mixed) (G1 Evacuation Pause)
[3260.981s][info][gc,task        ] GC(708) Using 6 workers of 6 for evacuation
[3261.099s][info][gc,phases      ] GC(708)   Pre Evacuate Collection Set: 0.36ms
[3261.099s][info][gc,phases      ] GC(708)   Merge Heap Roots: 0.59ms
[3261.099s][info][gc,phases      ] GC(708)   Evacuate Collection Set: 116.27ms
[3261.099s][info][gc,phases      ] GC(708)   Post Evacuate Collection Set: 0.84ms
[3261.099s][info][gc,phases      ] GC(708)   Other: 0.09ms
[3261.099s][info][gc,heap        ] GC(708) Eden regions: 1120->0(1108)
[3261.099s][info][gc,heap        ] GC(708) Survivor regions: 108->110(154)
[3261.099s][info][gc,heap        ] GC(708) Old regions: 506->537
[3261.099s][info][gc,heap        ] GC(708) Humongous regions: 80->80
[3261.099s][info][gc,metaspace   ] GC(708) Metaspace: 28892K(29312K)->28892K(29312K) NonClass: 24024K(24256K)->24024K(24256K) Class: 4868K(5056K)->4868K(5056K)
[3261.099s][info][gc             ] GC(708) Pause Young (Prepare Mixed) (G1 Evacuation Pause) 3626M->1452M(4096M) 118.301ms
[3261.100s][info][gc,cpu         ] GC(708) User=0.70s Sys=0.00s Real=0.12s
....[3264.383s][info][gc,start       ] GC(709) Pause Young (Mixed) (G1 Evacuation Pause)
[3264.383s][info][gc,task        ] GC(709) Using 6 workers of 6 for evacuation
[3264.521s][info][gc,phases      ] GC(709)   Pre Evacuate Collection Set: 0.36ms
[3264.521s][info][gc,phases      ] GC(709)   Merge Heap Roots: 0.76ms
[3264.521s][info][gc,phases      ] GC(709)   Evacuate Collection Set: 136.09ms
[3264.521s][info][gc,phases      ] GC(709)   Post Evacuate Collection Set: 0.95ms
[3264.521s][info][gc,phases      ] GC(709)   Other: 0.09ms
[3264.521s][info][gc,heap        ] GC(709) Eden regions: 1108->0(1115)
[3264.521s][info][gc,heap        ] GC(709) Survivor regions: 110->113(153)
[3264.521s][info][gc,heap        ] GC(709) Old regions: 537->474
[3264.521s][info][gc,heap        ] GC(709) Humongous regions: 80->80
[3264.521s][info][gc,metaspace   ] GC(709) Metaspace: 28892K(29312K)->28892K(29312K) NonClass: 24024K(24256K)->24024K(24256K) Class: 4868K(5056K)->4868K(5056K)
[3264.521s][info][gc             ] GC(709) Pause Young (Mixed) (G1 Evacuation Pause) 3668M->1333M(4096M) 138.391ms
[3264.521s][info][gc,cpu         ] GC(709) User=0.82s Sys=0.00s Real=0.14s
...[3267.727s][info][gc,start       ] GC(710) Pause Young (Concurrent Start) (G1 Evacuation Pause)
[3267.727s][info][gc,task        ] GC(710) Using 6 workers of 6 for evacuation
[3267.842s][info][gc,phases      ] GC(710)   Pre Evacuate Collection Set: 0.36ms
[3267.842s][info][gc,phases      ] GC(710)   Merge Heap Roots: 0.48ms
[3267.842s][info][gc,phases      ] GC(710)   Evacuate Collection Set: 113.21ms
[3267.842s][info][gc,phases      ] GC(710)   Post Evacuate Collection Set: 0.84ms
[3267.842s][info][gc,phases      ] GC(710)   Other: 0.11ms
[3267.842s][info][gc,heap        ] GC(710) Eden regions: 1115->0(1121)
[3267.842s][info][gc,heap        ] GC(710) Survivor regions: 113->107(154)
[3267.842s][info][gc,heap        ] GC(710) Old regions: 474->506
[3267.842s][info][gc,heap        ] GC(710) Humongous regions: 80->80
[3267.842s][info][gc,metaspace   ] GC(710) Metaspace: 28892K(29312K)->28892K(29312K) NonClass: 24024K(24256K)->24024K(24256K) Class: 4868K(5056K)->4868K(5056K)
[3267.842s][info][gc             ] GC(710) Pause Young (Concurrent Start) (G1 Evacuation Pause) 3563M->1384M(4096M) 115.113ms
[3267.842s][info][gc             ] GC(711) Concurrent Mark Cycle
[3267.842s][info][gc,marking     ] GC(711) Concurrent Scan Root Regions
[3267.842s][info][gc,cpu         ] GC(710) User=0.68s Sys=0.00s Real=0.12s
[3268.017s][info][gc,marking     ] GC(711) Concurrent Scan Root Regions 174.769ms
[3268.017s][info][gc,marking     ] GC(711) Concurrent Mark
[3268.017s][info][gc,marking     ] GC(711) Concurrent Mark From Roots
[3268.017s][info][gc,task        ] GC(711) Using 2 workers of 2 for marking
.[3268.823s][info][gc,marking     ] GC(711) Concurrent Mark From Roots 806.496ms
[3268.823s][info][gc,marking     ] GC(711) Concurrent Preclean
[3268.824s][info][gc,marking     ] GC(711) Concurrent Preclean 0.170ms
[3268.824s][info][gc,start       ] GC(711) Pause Remark
[3268.829s][info][gc             ] GC(711) Pause Remark 2106M->2106M(4096M) 5.664ms
[3268.829s][info][gc,cpu         ] GC(711) User=0.03s Sys=0.00s Real=0.01s
[3268.829s][info][gc,marking     ] GC(711) Concurrent Mark 812.547ms
[3268.829s][info][gc,marking     ] GC(711) Concurrent Rebuild Remembered Sets and Scrub Regions
[3269.103s][info][gc,marking     ] GC(711) Concurrent Rebuild Remembered Sets and Scrub Regions 273.087ms
[3269.103s][info][gc,start       ] GC(711) Pause Cleanup
[3269.103s][info][gc             ] GC(711) Pause Cleanup 2262M->2262M(4096M) 0.122ms
[3269.103s][info][gc,cpu         ] GC(711) User=0.00s Sys=0.00s Real=0.00s
[3269.103s][info][gc,marking     ] GC(711) Concurrent Clear Claimed Marks
[3269.103s][info][gc,marking     ] GC(711) Concurrent Clear Claimed Marks 0.025ms
[3269.103s][info][gc,marking     ] GC(711) Concurrent Cleanup for Next Mark
[3269.106s][info][gc,marking     ] GC(711) Concurrent Cleanup for Next Mark 3.193ms
[3269.106s][info][gc             ] GC(711) Concurrent Mark Cycle 1264.072ms
..[3271.169s][info][gc,start       ] GC(712) Pause Young (Prepare Mixed) (G1 Evacuation Pause)
[3271.169s][info][gc,task        ] GC(712) Using 6 workers of 6 for evacuation
[3271.289s][info][gc,phases      ] GC(712)   Pre Evacuate Collection Set: 0.31ms
[3271.289s][info][gc,phases      ] GC(712)   Merge Heap Roots: 0.61ms
[3271.289s][info][gc,phases      ] GC(712)   Evacuate Collection Set: 118.73ms
[3271.289s][info][gc,phases      ] GC(712)   Post Evacuate Collection Set: 0.94ms
[3271.290s][info][gc,phases      ] GC(712)   Other: 0.09ms
[3271.290s][info][gc,heap        ] GC(712) Eden regions: 1121->0(1101)
[3271.290s][info][gc,heap        ] GC(712) Survivor regions: 107->113(154)
[3271.290s][info][gc,heap        ] GC(712) Old regions: 506->538
[3271.290s][info][gc,heap        ] GC(712) Humongous regions: 80->80
[3271.290s][info][gc,metaspace   ] GC(712) Metaspace: 28892K(29312K)->28892K(29312K) NonClass: 24024K(24256K)->24024K(24256K) Class: 4868K(5056K)->4868K(5056K)
[3271.290s][info][gc             ] GC(712) Pause Young (Prepare Mixed) (G1 Evacuation Pause) 3626M->1460M(4096M) 120.816ms
[3271.290s][info][gc,cpu         ] GC(712) User=0.72s Sys=0.00s Real=0.12s
....[3274.474s][info][gc,start       ] GC(713) Pause Young (Mixed) (G1 Evacuation Pause)
[3274.474s][info][gc,task        ] GC(713) Using 6 workers of 6 for evacuation
[3274.609s][info][gc,phases      ] GC(713)   Pre Evacuate Collection Set: 0.37ms
[3274.609s][info][gc,phases      ] GC(713)   Merge Heap Roots: 0.84ms
[3274.609s][info][gc,phases      ] GC(713)   Evacuate Collection Set: 133.26ms
[3274.609s][info][gc,phases      ] GC(713)   Post Evacuate Collection Set: 0.95ms
[3274.609s][info][gc,phases      ] GC(713)   Other: 0.08ms
[3274.609s][info][gc,heap        ] GC(713) Eden regions: 1101->0(1119)
[3274.609s][info][gc,heap        ] GC(713) Survivor regions: 113->109(152)
[3274.609s][info][gc,heap        ] GC(713) Old regions: 538->474
[3274.609s][info][gc,heap        ] GC(713) Humongous regions: 80->80
[3274.609s][info][gc,metaspace   ] GC(713) Metaspace: 28892K(29312K)->28892K(29312K) NonClass: 24024K(24256K)->24024K(24256K) Class: 4868K(5056K)->4868K(5056K)
[3274.609s][info][gc             ] GC(713) Pause Young (Mixed) (G1 Evacuation Pause) 3662M->1324M(4096M) 135.630ms
[3274.609s][info][gc,cpu         ] GC(713) User=0.81s Sys=0.00s Real=0.14s
...[3277.960s][info][gc,start       ] GC(714) Pause Young (Concurrent Start) (G1 Evacuation Pause)
[3277.960s][info][gc,task        ] GC(714) Using 6 workers of 6 for evacuation
[3278.080s][info][gc,phases      ] GC(714)   Pre Evacuate Collection Set: 0.36ms
[3278.080s][info][gc,phases      ] GC(714)   Merge Heap Roots: 0.46ms
[3278.080s][info][gc,phases      ] GC(714)   Evacuate Collection Set: 118.00ms
[3278.080s][info][gc,phases      ] GC(714)   Post Evacuate Collection Set: 0.88ms
[3278.080s][info][gc,phases      ] GC(714)   Other: 0.12ms
[3278.080s][info][gc,heap        ] GC(714) Eden regions: 1119->0(1117)
[3278.080s][info][gc,heap        ] GC(714) Survivor regions: 109->111(154)
[3278.080s][info][gc,heap        ] GC(714) Old regions: 474->506
[3278.080s][info][gc,heap        ] GC(714) Humongous regions: 80->80
[3278.080s][info][gc,metaspace   ] GC(714) Metaspace: 28892K(29312K)->28892K(29312K) NonClass: 24024K(24256K)->24024K(24256K) Class: 4868K(5056K)->4868K(5056K)
[3278.080s][info][gc             ] GC(714) Pause Young (Concurrent Start) (G1 Evacuation Pause) 3562M->1392M(4096M) 119.983ms
[3278.080s][info][gc             ] GC(715) Concurrent Mark Cycle
[3278.080s][info][gc,marking     ] GC(715) Concurrent Scan Root Regions
[3278.080s][info][gc,cpu         ] GC(714) User=0.71s Sys=0.00s Real=0.12s
[3278.257s][info][gc,marking     ] GC(715) Concurrent Scan Root Regions 176.537ms
[3278.257s][info][gc,marking     ] GC(715) Concurrent Mark
[3278.257s][info][gc,marking     ] GC(715) Concurrent Mark From Roots
[3278.257s][info][gc,task        ] GC(715) Using 2 workers of 2 for marking
.[3279.104s][info][gc,marking     ] GC(715) Concurrent Mark From Roots 846.645ms
[3279.104s][info][gc,marking     ] GC(715) Concurrent Preclean
[3279.104s][info][gc,marking     ] GC(715) Concurrent Preclean 0.220ms
[3279.104s][info][gc,start       ] GC(715) Pause Remark
[3279.110s][info][gc             ] GC(715) Pause Remark 2188M->2188M(4096M) 5.873ms
[3279.110s][info][gc,cpu         ] GC(715) User=0.03s Sys=0.00s Real=0.01s
[3279.111s][info][gc,marking     ] GC(715) Concurrent Mark 853.876ms
[3279.111s][info][gc,marking     ] GC(715) Concurrent Rebuild Remembered Sets and Scrub Regions
.[3279.397s][info][gc,marking     ] GC(715) Concurrent Rebuild Remembered Sets and Scrub Regions 285.772ms
[3279.397s][info][gc,start       ] GC(715) Pause Cleanup
[3279.397s][info][gc             ] GC(715) Pause Cleanup 2377M->2377M(4096M) 0.113ms
[3279.397s][info][gc,cpu         ] GC(715) User=0.00s Sys=0.00s Real=0.00s
[3279.397s][info][gc,marking     ] GC(715) Concurrent Clear Claimed Marks
[3279.397s][info][gc,marking     ] GC(715) Concurrent Clear Claimed Marks 0.028ms
[3279.397s][info][gc,marking     ] GC(715) Concurrent Cleanup for Next Mark
[3279.401s][info][gc,marking     ] GC(715) Concurrent Cleanup for Next Mark 4.192ms
[3279.401s][info][gc             ] GC(715) Concurrent Mark Cycle 1320.900ms
.[3281.266s][info][gc,start       ] GC(716) Pause Young (Prepare Mixed) (G1 Evacuation Pause)
[3281.266s][info][gc,task        ] GC(716) Using 6 workers of 6 for evacuation
[3281.386s][info][gc,phases      ] GC(716)   Pre Evacuate Collection Set: 0.34ms
[3281.386s][info][gc,phases      ] GC(716)   Merge Heap Roots: 0.60ms
[3281.386s][info][gc,phases      ] GC(716)   Evacuate Collection Set: 118.61ms
[3281.386s][info][gc,phases      ] GC(716)   Post Evacuate Collection Set: 0.92ms
[3281.386s][info][gc,phases      ] GC(716)   Other: 0.09ms
[3281.386s][info][gc,heap        ] GC(716) Eden regions: 1117->0(1105)
[3281.386s][info][gc,heap        ] GC(716) Survivor regions: 111->111(154)
[3281.386s][info][gc,heap        ] GC(716) Old regions: 506->538
[3281.386s][info][gc,heap        ] GC(716) Humongous regions: 80->80
[3281.386s][info][gc,metaspace   ] GC(716) Metaspace: 28892K(29312K)->28892K(29312K) NonClass: 24024K(24256K)->24024K(24256K) Class: 4868K(5056K)->4868K(5056K)
[3281.386s][info][gc             ] GC(716) Pause Young (Prepare Mixed) (G1 Evacuation Pause) 3626M->1456M(4096M) 120.682ms
[3281.386s][info][gc,cpu         ] GC(716) User=0.72s Sys=0.00s Real=0.12s
....[3284.642s][info][gc,start       ] GC(717) Pause Young (Mixed) (G1 Evacuation Pause)
[3284.642s][info][gc,task        ] GC(717) Using 6 workers of 6 for evacuation
[3284.774s][info][gc,phases      ] GC(717)   Pre Evacuate Collection Set: 0.37ms
[3284.774s][info][gc,phases      ] GC(717)   Merge Heap Roots: 0.58ms
[3284.774s][info][gc,phases      ] GC(717)   Evacuate Collection Set: 129.34ms
[3284.774s][info][gc,phases      ] GC(717)   Post Evacuate Collection Set: 0.98ms
[3284.774s][info][gc,phases      ] GC(717)   Other: 0.08ms
[3284.774s][info][gc,heap        ] GC(717) Eden regions: 1105->0(1120)
[3284.774s][info][gc,heap        ] GC(717) Survivor regions: 111->108(152)
[3284.774s][info][gc,heap        ] GC(717) Old regions: 538->474
[3284.774s][info][gc,heap        ] GC(717) Humongous regions: 80->80
[3284.774s][info][gc,metaspace   ] GC(717) Metaspace: 28892K(29312K)->28892K(29312K) NonClass: 24024K(24256K)->24024K(24256K) Class: 4868K(5056K)->4868K(5056K)
[3284.774s][info][gc             ] GC(717) Pause Young (Mixed) (G1 Evacuation Pause) 3666M->1321M(4096M) 131.495ms
[3284.774s][info][gc,cpu         ] GC(717) User=0.78s Sys=0.00s Real=0.13s
.. (rIR:aIR:PR = 5535:5536:5536) (tPR = 82275) [OK] 
  3286s: Performance info:
         Transaction,    Success,    Partial,     Failed,   Receipts, AvgBarcode, 
             Overall,     332743,          0,          0,     316086,      59.47, 
         Response times:
             Request,    Success,    Partial,     Failed,   SkipFail,     Probes,    Samples,      min,      p50,      p90,      p95,      p99,      max, 
       TotalPurchase,     316095,          0,          0,          0,     311192,     331993,      300,     4600,    11000,    27000,    63000,   229000,
     InStorePurchase,     166359,          0,          0,          0,     164174,     174745,      300,     4500,    11000,    27000,    63000,   219000,
      OnlinePurchase,     116475,          0,          0,          0,     114689,     122371,      300,     4600,    11000,    26000,    63000,   229000,
        InstPurchase,      33261,          0,          0,          0,      32329,      34877,      400,     4700,    11500,    28000,    67000,   219000,
          AssocOfCat,        331,          0,          0,          0,        258,        352,    22000,    37000,    63700,    88350,   167940,   196000,
      AssocOfProduct,       3332,          0,          0,          0,       3117,       3545,      400,     3100,     9740,    23000,    53000,   137000,
      BusinessReport,        834,          0,          0,          0,        715,        871,    25000,    41000,    68800,    95000,   177840,   217000,
          CustBuyBeh,       3328,          0,          0,          0,       3100,       3475,      200,     3200,     8000,    19140,    55240,   131000,
       ProductReturn,       8821,          0,          0,          0,       8365,       9121,      200,     4700,    12100,    29000,    66780,   144000,

  3286s: (41%)   IR =   5673 .[3287.990s][info][gc,start       ] GC(718) Pause Young (Concurrent Start) (G1 Evacuation Pause)
[3287.990s][info][gc,task        ] GC(718) Using 6 workers of 6 for evacuation
[3288.110s][info][gc,phases      ] GC(718)   Pre Evacuate Collection Set: 0.39ms
[3288.110s][info][gc,phases      ] GC(718)   Merge Heap Roots: 0.45ms
[3288.110s][info][gc,phases      ] GC(718)   Evacuate Collection Set: 118.14ms
[3288.110s][info][gc,phases      ] GC(718)   Post Evacuate Collection Set: 0.88ms
[3288.110s][info][gc,phases      ] GC(718)   Other: 0.11ms
[3288.110s][info][gc,heap        ] GC(718) Eden regions: 1120->0(1118)
[3288.110s][info][gc,heap        ] GC(718) Survivor regions: 108->110(154)
[3288.110s][info][gc,heap        ] GC(718) Old regions: 474->505
[3288.110s][info][gc,heap        ] GC(718) Humongous regions: 80->80
[3288.110s][info][gc,metaspace   ] GC(718) Metaspace: 28892K(29312K)->28892K(29312K) NonClass: 24024K(24256K)->24024K(24256K) Class: 4868K(5056K)->4868K(5056K)
[3288.110s][info][gc             ] GC(718) Pause Young (Concurrent Start) (G1 Evacuation Pause) 3561M->1389M(4096M) 120.115ms
[3288.110s][info][gc             ] GC(719) Concurrent Mark Cycle
[3288.110s][info][gc,marking     ] GC(719) Concurrent Scan Root Regions
[3288.110s][info][gc,cpu         ] GC(718) User=0.71s Sys=0.00s Real=0.12s
[3288.292s][info][gc,marking     ] GC(719) Concurrent Scan Root Regions 181.355ms
[3288.292s][info][gc,marking     ] GC(719) Concurrent Mark
[3288.292s][info][gc,marking     ] GC(719) Concurrent Mark From Roots
[3288.292s][info][gc,task        ] GC(719) Using 2 workers of 2 for marking
.[3289.081s][info][gc,marking     ] GC(719) Concurrent Mark From Roots 789.218ms
[3289.081s][info][gc,marking     ] GC(719) Concurrent Preclean
[3289.081s][info][gc,marking     ] GC(719) Concurrent Preclean 0.205ms
[3289.081s][info][gc,start       ] GC(719) Pause Remark
[3289.087s][info][gc             ] GC(719) Pause Remark 2102M->2102M(4096M) 5.721ms
[3289.087s][info][gc,cpu         ] GC(719) User=0.03s Sys=0.00s Real=0.00s
[3289.087s][info][gc,marking     ] GC(719) Concurrent Mark 795.532ms
[3289.087s][info][gc,marking     ] GC(719) Concurrent Rebuild Remembered Sets and Scrub Regions
[3289.411s][info][gc,marking     ] GC(719) Concurrent Rebuild Remembered Sets and Scrub Regions 324.045ms
[3289.411s][info][gc,start       ] GC(719) Pause Cleanup
[3289.411s][info][gc             ] GC(719) Pause Cleanup 2365M->2365M(4096M) 0.109ms
[3289.412s][info][gc,cpu         ] GC(719) User=0.00s Sys=0.00s Real=0.00s
[3289.412s][info][gc,marking     ] GC(719) Concurrent Clear Claimed Marks
[3289.412s][info][gc,marking     ] GC(719) Concurrent Clear Claimed Marks 0.025ms
[3289.412s][info][gc,marking     ] GC(719) Concurrent Cleanup for Next Mark
[3289.417s][info][gc,marking     ] GC(719) Concurrent Cleanup for Next Mark 4.918ms
[3289.417s][info][gc             ] GC(719) Concurrent Mark Cycle 1306.366ms
..|[3291.261s][info][gc,start       ] GC(720) Pause Young (Prepare Mixed) (G1 Evacuation Pause)
[3291.261s][info][gc,task        ] GC(720) Using 6 workers of 6 for evacuation
[3291.379s][info][gc,phases      ] GC(720)   Pre Evacuate Collection Set: 0.29ms
[3291.379s][info][gc,phases      ] GC(720)   Merge Heap Roots: 0.53ms
[3291.379s][info][gc,phases      ] GC(720)   Evacuate Collection Set: 116.45ms
[3291.379s][info][gc,phases      ] GC(720)   Post Evacuate Collection Set: 0.92ms
[3291.379s][info][gc,phases      ] GC(720)   Other: 0.09ms
[3291.379s][info][gc,heap        ] GC(720) Eden regions: 1118->0(1108)
[3291.379s][info][gc,heap        ] GC(720) Survivor regions: 110->110(154)
[3291.379s][info][gc,heap        ] GC(720) Old regions: 505->537
[3291.379s][info][gc,heap        ] GC(720) Humongous regions: 80->80
[3291.379s][info][gc,metaspace   ] GC(720) Metaspace: 28892K(29312K)->28892K(29312K) NonClass: 24024K(24256K)->24024K(24256K) Class: 4868K(5056K)->4868K(5056K)
[3291.379s][info][gc             ] GC(720) Pause Young (Prepare Mixed) (G1 Evacuation Pause) 3625M->1453M(4096M) 118.414ms
[3291.379s][info][gc,cpu         ] GC(720) User=0.70s Sys=0.00s Real=0.12s
....[3294.548s][info][gc,start       ] GC(721) Pause Young (Mixed) (G1 Evacuation Pause)
[3294.548s][info][gc,task        ] GC(721) Using 6 workers of 6 for evacuation
[3294.685s][info][gc,phases      ] GC(721)   Pre Evacuate Collection Set: 0.35ms
[3294.685s][info][gc,phases      ] GC(721)   Merge Heap Roots: 0.72ms
[3294.685s][info][gc,phases      ] GC(721)   Evacuate Collection Set: 135.30ms
[3294.685s][info][gc,phases      ] GC(721)   Post Evacuate Collection Set: 0.93ms
[3294.685s][info][gc,phases      ] GC(721)   Other: 0.09ms
[3294.685s][info][gc,heap        ] GC(721) Eden regions: 1108->0(1120)
[3294.685s][info][gc,heap        ] GC(721) Survivor regions: 110->108(153)
[3294.685s][info][gc,heap        ] GC(721) Old regions: 537->473
[3294.685s][info][gc,heap        ] GC(721) Humongous regions: 80->80
[3294.685s][info][gc,metaspace   ] GC(721) Metaspace: 28892K(29312K)->28892K(29312K) NonClass: 24024K(24256K)->24024K(24256K) Class: 4868K(5056K)->4868K(5056K)
[3294.685s][info][gc             ] GC(721) Pause Young (Mixed) (G1 Evacuation Pause) 3669M->1320M(4096M) 137.516ms
[3294.685s][info][gc,cpu         ] GC(721) User=0.82s Sys=0.00s Real=0.14s
...[3297.924s][info][gc,start       ] GC(722) Pause Young (Concurrent Start) (G1 Evacuation Pause)
[3297.924s][info][gc,task        ] GC(722) Using 6 workers of 6 for evacuation
[3298.043s][info][gc,phases      ] GC(722)   Pre Evacuate Collection Set: 0.35ms
[3298.043s][info][gc,phases      ] GC(722)   Merge Heap Roots: 0.48ms
[3298.043s][info][gc,phases      ] GC(722)   Evacuate Collection Set: 116.94ms
[3298.043s][info][gc,phases      ] GC(722)   Post Evacuate Collection Set: 0.90ms
[3298.043s][info][gc,phases      ] GC(722)   Other: 0.12ms
[3298.043s][info][gc,heap        ] GC(722) Eden regions: 1120->0(1117)
[3298.043s][info][gc,heap        ] GC(722) Survivor regions: 108->111(154)
[3298.043s][info][gc,heap        ] GC(722) Old regions: 473->505
[3298.043s][info][gc,heap        ] GC(722) Humongous regions: 80->80
[3298.043s][info][gc,metaspace   ] GC(722) Metaspace: 28892K(29312K)->28892K(29312K) NonClass: 24024K(24256K)->24024K(24256K) Class: 4868K(5056K)->4868K(5056K)
[3298.043s][info][gc             ] GC(722) Pause Young (Concurrent Start) (G1 Evacuation Pause) 3560M->1391M(4096M) 118.911ms
[3298.043s][info][gc             ] GC(723) Concurrent Mark Cycle
[3298.043s][info][gc,marking     ] GC(723) Concurrent Scan Root Regions
[3298.043s][info][gc,cpu         ] GC(722) User=0.71s Sys=0.00s Real=0.12s
[3298.238s][info][gc,marking     ] GC(723) Concurrent Scan Root Regions 194.800ms
[3298.238s][info][gc,marking     ] GC(723) Concurrent Mark
[3298.238s][info][gc,marking     ] GC(723) Concurrent Mark From Roots
[3298.238s][info][gc,task        ] GC(723) Using 2 workers of 2 for marking
.[3299.051s][info][gc,marking     ] GC(723) Concurrent Mark From Roots 813.537ms
[3299.051s][info][gc,marking     ] GC(723) Concurrent Preclean
[3299.052s][info][gc,marking     ] GC(723) Concurrent Preclean 0.194ms
[3299.052s][info][gc,start       ] GC(723) Pause Remark
[3299.058s][info][gc             ] GC(723) Pause Remark 2175M->2175M(4096M) 5.783ms
[3299.058s][info][gc,cpu         ] GC(723) User=0.03s Sys=0.00s Real=0.00s
[3299.058s][info][gc,marking     ] GC(723) Concurrent Mark 820.066ms
[3299.058s][info][gc,marking     ] GC(723) Concurrent Rebuild Remembered Sets and Scrub Regions
[3299.307s][info][gc,marking     ] GC(723) Concurrent Rebuild Remembered Sets and Scrub Regions 249.454ms
[3299.307s][info][gc,start       ] GC(723) Pause Cleanup
[3299.308s][info][gc             ] GC(723) Pause Cleanup 2345M->2345M(4096M) 0.106ms
[3299.308s][info][gc,cpu         ] GC(723) User=0.00s Sys=0.00s Real=0.00s
[3299.308s][info][gc,marking     ] GC(723) Concurrent Clear Claimed Marks
[3299.308s][info][gc,marking     ] GC(723) Concurrent Clear Claimed Marks 0.032ms
[3299.308s][info][gc,marking     ] GC(723) Concurrent Cleanup for Next Mark
[3299.313s][info][gc,marking     ] GC(723) Concurrent Cleanup for Next Mark 5.521ms
[3299.313s][info][gc             ] GC(723) Concurrent Mark Cycle 1270.355ms
..[3301.214s][info][gc,start       ] GC(724) Pause Young (Prepare Mixed) (G1 Evacuation Pause)
[3301.214s][info][gc,task        ] GC(724) Using 6 workers of 6 for evacuation
[3301.334s][info][gc,phases      ] GC(724)   Pre Evacuate Collection Set: 0.32ms
[3301.334s][info][gc,phases      ] GC(724)   Merge Heap Roots: 0.62ms
[3301.334s][info][gc,phases      ] GC(724)   Evacuate Collection Set: 117.84ms
[3301.334s][info][gc,phases      ] GC(724)   Post Evacuate Collection Set: 0.93ms
[3301.334s][info][gc,phases      ] GC(724)   Other: 0.09ms
[3301.334s][info][gc,heap        ] GC(724) Eden regions: 1117->0(1102)
[3301.334s][info][gc,heap        ] GC(724) Survivor regions: 111->113(154)
[3301.334s][info][gc,heap        ] GC(724) Old regions: 505->537
[3301.334s][info][gc,heap        ] GC(724) Humongous regions: 80->80
[3301.334s][info][gc,metaspace   ] GC(724) Metaspace: 28892K(29312K)->28892K(29312K) NonClass: 24024K(24256K)->24024K(24256K) Class: 4868K(5056K)->4868K(5056K)
[3301.334s][info][gc             ] GC(724) Pause Young (Prepare Mixed) (G1 Evacuation Pause) 3625M->1458M(4096M) 119.932ms
[3301.334s][info][gc,cpu         ] GC(724) User=0.72s Sys=0.00s Real=0.12s
...[3304.423s][info][gc,start       ] GC(725) Pause Young (Mixed) (G1 Evacuation Pause)
[3304.423s][info][gc,task        ] GC(725) Using 6 workers of 6 for evacuation
[3304.554s][info][gc,phases      ] GC(725)   Pre Evacuate Collection Set: 0.36ms
[3304.554s][info][gc,phases      ] GC(725)   Merge Heap Roots: 0.64ms
[3304.554s][info][gc,phases      ] GC(725)   Evacuate Collection Set: 129.09ms
[3304.554s][info][gc,phases      ] GC(725)   Post Evacuate Collection Set: 0.92ms
[3304.554s][info][gc,phases      ] GC(725)   Other: 0.09ms
[3304.554s][info][gc,heap        ] GC(725) Eden regions: 1102->0(1120)
[3304.554s][info][gc,heap        ] GC(725) Survivor regions: 113->108(152)
[3304.554s][info][gc,heap        ] GC(725) Old regions: 537->473
[3304.554s][info][gc,heap        ] GC(725) Humongous regions: 80->80
[3304.554s][info][gc,metaspace   ] GC(725) Metaspace: 28892K(29312K)->28892K(29312K) NonClass: 24024K(24256K)->24024K(24256K) Class: 4868K(5056K)->4868K(5056K)
[3304.554s][info][gc             ] GC(725) Pause Young (Mixed) (G1 Evacuation Pause) 3662M->1321M(4096M) 131.230ms
[3304.555s][info][gc,cpu         ] GC(725) User=0.78s Sys=0.00s Real=0.13s
....[3307.730s][info][gc,start       ] GC(726) Pause Young (Concurrent Start) (G1 Evacuation Pause)
[3307.730s][info][gc,task        ] GC(726) Using 6 workers of 6 for evacuation
[3307.849s][info][gc,phases      ] GC(726)   Pre Evacuate Collection Set: 0.35ms
[3307.849s][info][gc,phases      ] GC(726)   Merge Heap Roots: 0.53ms
[3307.849s][info][gc,phases      ] GC(726)   Evacuate Collection Set: 117.44ms
[3307.849s][info][gc,phases      ] GC(726)   Post Evacuate Collection Set: 0.87ms
[3307.849s][info][gc,phases      ] GC(726)   Other: 0.11ms
[3307.849s][info][gc,heap        ] GC(726) Eden regions: 1120->0(1120)
[3307.849s][info][gc,heap        ] GC(726) Survivor regions: 108->108(154)
[3307.849s][info][gc,heap        ] GC(726) Old regions: 473->505
[3307.849s][info][gc,heap        ] GC(726) Humongous regions: 80->80
[3307.849s][info][gc,metaspace   ] GC(726) Metaspace: 28892K(29312K)->28892K(29312K) NonClass: 24024K(24256K)->24024K(24256K) Class: 4868K(5056K)->4868K(5056K)
[3307.849s][info][gc             ] GC(726) Pause Young (Concurrent Start) (G1 Evacuation Pause) 3561M->1385M(4096M) 119.426ms
[3307.849s][info][gc             ] GC(727) Concurrent Mark Cycle
[3307.849s][info][gc,marking     ] GC(727) Concurrent Scan Root Regions
[3307.849s][info][gc,cpu         ] GC(726) User=0.71s Sys=0.00s Real=0.12s
[3307.987s][info][gc,marking     ] GC(727) Concurrent Scan Root Regions 137.422ms
[3307.987s][info][gc,marking     ] GC(727) Concurrent Mark
[3307.987s][info][gc,marking     ] GC(727) Concurrent Mark From Roots
[3307.987s][info][gc,task        ] GC(727) Using 2 workers of 2 for marking
.[3308.643s][info][gc,marking     ] GC(727) Concurrent Mark From Roots 655.994ms
[3308.643s][info][gc,marking     ] GC(727) Concurrent Preclean
[3308.643s][info][gc,marking     ] GC(727) Concurrent Preclean 0.094ms
[3308.643s][info][gc,start       ] GC(727) Pause Remark
[3308.647s][info][gc             ] GC(727) Pause Remark 1981M->1981M(4096M) 4.164ms
[3308.648s][info][gc,cpu         ] GC(727) User=0.02s Sys=0.00s Real=0.00s
[3308.648s][info][gc,marking     ] GC(727) Concurrent Mark 660.749ms
[3308.648s][info][gc,marking     ] GC(727) Concurrent Rebuild Remembered Sets and Scrub Regions
[3308.908s][info][gc,marking     ] GC(727) Concurrent Rebuild Remembered Sets and Scrub Regions 260.275ms
[3308.908s][info][gc,start       ] GC(727) Pause Cleanup
[3308.908s][info][gc             ] GC(727) Pause Cleanup 2162M->2162M(4096M) 0.105ms
[3308.908s][info][gc,cpu         ] GC(727) User=0.00s Sys=0.00s Real=0.00s
[3308.908s][info][gc,marking     ] GC(727) Concurrent Clear Claimed Marks
[3308.908s][info][gc,marking     ] GC(727) Concurrent Clear Claimed Marks 0.039ms
[3308.909s][info][gc,marking     ] GC(727) Concurrent Cleanup for Next Mark
[3308.914s][info][gc,marking     ] GC(727) Concurrent Cleanup for Next Mark 5.549ms
[3308.914s][info][gc             ] GC(727) Concurrent Mark Cycle 1064.787ms
..[3311.035s][info][gc,start       ] GC(728) Pause Young (Prepare Mixed) (G1 Evacuation Pause)
[3311.035s][info][gc,task        ] GC(728) Using 6 workers of 6 for evacuation
[3311.153s][info][gc,phases      ] GC(728)   Pre Evacuate Collection Set: 0.31ms
[3311.153s][info][gc,phases      ] GC(728)   Merge Heap Roots: 0.55ms
[3311.153s][info][gc,phases      ] GC(728)   Evacuate Collection Set: 115.92ms
[3311.153s][info][gc,phases      ] GC(728)   Post Evacuate Collection Set: 0.92ms
[3311.153s][info][gc,phases      ] GC(728)   Other: 0.09ms
[3311.153s][info][gc,heap        ] GC(728) Eden regions: 1120->0(1108)
[3311.153s][info][gc,heap        ] GC(728) Survivor regions: 108->110(154)
[3311.153s][info][gc,heap        ] GC(728) Old regions: 505->537
[3311.153s][info][gc,heap        ] GC(728) Humongous regions: 80->80
[3311.153s][info][gc,metaspace   ] GC(728) Metaspace: 28892K(29312K)->28892K(29312K) NonClass: 24024K(24256K)->24024K(24256K) Class: 4868K(5056K)->4868K(5056K)
[3311.153s][info][gc             ] GC(728) Pause Young (Prepare Mixed) (G1 Evacuation Pause) 3625M->1452M(4096M) 117.934ms
[3311.153s][info][gc,cpu         ] GC(728) User=0.70s Sys=0.00s Real=0.12s
...[3314.356s][info][gc,start       ] GC(729) Pause Young (Mixed) (G1 Evacuation Pause)
[3314.357s][info][gc,task        ] GC(729) Using 6 workers of 6 for evacuation
[3314.495s][info][gc,phases      ] GC(729)   Pre Evacuate Collection Set: 0.37ms
[3314.495s][info][gc,phases      ] GC(729)   Merge Heap Roots: 0.85ms
[3314.495s][info][gc,phases      ] GC(729)   Evacuate Collection Set: 135.75ms
[3314.495s][info][gc,phases      ] GC(729)   Post Evacuate Collection Set: 0.95ms
[3314.495s][info][gc,phases      ] GC(729)   Other: 0.09ms
[3314.495s][info][gc,heap        ] GC(729) Eden regions: 1108->0(1118)
[3314.495s][info][gc,heap        ] GC(729) Survivor regions: 110->110(153)
[3314.495s][info][gc,heap        ] GC(729) Old regions: 537->473
[3314.495s][info][gc,heap        ] GC(729) Humongous regions: 80->80
[3314.495s][info][gc,metaspace   ] GC(729) Metaspace: 28892K(29312K)->28892K(29312K) NonClass: 24024K(24256K)->24024K(24256K) Class: 4868K(5056K)->4868K(5056K)
[3314.495s][info][gc             ] GC(729) Pause Young (Mixed) (G1 Evacuation Pause) 3668M->1323M(4096M) 138.159ms
[3314.495s][info][gc,cpu         ] GC(729) User=0.83s Sys=0.00s Real=0.14s
....[3317.629s][info][gc,start       ] GC(730) Pause Young (Concurrent Start) (G1 Evacuation Pause)
[3317.629s][info][gc,task        ] GC(730) Using 6 workers of 6 for evacuation
[3317.746s][info][gc,phases      ] GC(730)   Pre Evacuate Collection Set: 0.37ms
[3317.746s][info][gc,phases      ] GC(730)   Merge Heap Roots: 0.51ms
[3317.746s][info][gc,phases      ] GC(730)   Evacuate Collection Set: 115.41ms
[3317.746s][info][gc,phases      ] GC(730)   Post Evacuate Collection Set: 0.87ms
[3317.746s][info][gc,phases      ] GC(730)   Other: 0.13ms
[3317.746s][info][gc,heap        ] GC(730) Eden regions: 1118->0(1120)
[3317.746s][info][gc,heap        ] GC(730) Survivor regions: 110->108(154)
[3317.746s][info][gc,heap        ] GC(730) Old regions: 473->505
[3317.746s][info][gc,heap        ] GC(730) Humongous regions: 80->80
[3317.746s][info][gc,metaspace   ] GC(730) Metaspace: 28892K(29312K)->28892K(29312K) NonClass: 24024K(24256K)->24024K(24256K) Class: 4868K(5056K)->4868K(5056K)
[3317.746s][info][gc             ] GC(730) Pause Young (Concurrent Start) (G1 Evacuation Pause) 3559M->1383M(4096M) 117.420ms
[3317.746s][info][gc             ] GC(731) Concurrent Mark Cycle
[3317.746s][info][gc,marking     ] GC(731) Concurrent Scan Root Regions
[3317.746s][info][gc,cpu         ] GC(730) User=0.70s Sys=0.00s Real=0.11s
[3317.859s][info][gc,marking     ] GC(731) Concurrent Scan Root Regions 113.090ms
[3317.859s][info][gc,marking     ] GC(731) Concurrent Mark
[3317.859s][info][gc,marking     ] GC(731) Concurrent Mark From Roots
[3317.859s][info][gc,task        ] GC(731) Using 2 workers of 2 for marking
[3318.397s][info][gc,marking     ] GC(731) Concurrent Mark From Roots 537.831ms
[3318.397s][info][gc,marking     ] GC(731) Concurrent Preclean
[3318.397s][info][gc,marking     ] GC(731) Concurrent Preclean 0.096ms
[3318.398s][info][gc,start       ] GC(731) Pause Remark
[3318.402s][info][gc             ] GC(731) Pause Remark 1872M->1872M(4096M) 4.828ms
[3318.403s][info][gc,cpu         ] GC(731) User=0.02s Sys=0.00s Real=0.01s
[3318.403s][info][gc,marking     ] GC(731) Concurrent Mark 543.274ms
[3318.403s][info][gc,marking     ] GC(731) Concurrent Rebuild Remembered Sets and Scrub Regions
.[3318.677s][info][gc,marking     ] GC(731) Concurrent Rebuild Remembered Sets and Scrub Regions 274.167ms
[3318.677s][info][gc,start       ] GC(731) Pause Cleanup
[3318.677s][info][gc             ] GC(731) Pause Cleanup 2056M->2056M(4096M) 0.102ms
[3318.677s][info][gc,cpu         ] GC(731) User=0.00s Sys=0.00s Real=0.00s
[3318.679s][info][gc,marking     ] GC(731) Concurrent Clear Claimed Marks
[3318.679s][info][gc,marking     ] GC(731) Concurrent Clear Claimed Marks 0.059ms
[3318.679s][info][gc,marking     ] GC(731) Concurrent Cleanup for Next Mark
[3318.684s][info][gc,marking     ] GC(731) Concurrent Cleanup for Next Mark 4.122ms
[3318.684s][info][gc             ] GC(731) Concurrent Mark Cycle 937.508ms
..[3320.927s][info][gc,start       ] GC(732) Pause Young (Prepare Mixed) (G1 Evacuation Pause)
[3320.927s][info][gc,task        ] GC(732) Using 6 workers of 6 for evacuation
[3321.047s][info][gc,phases      ] GC(732)   Pre Evacuate Collection Set: 0.35ms
[3321.047s][info][gc,phases      ] GC(732)   Merge Heap Roots: 0.59ms
[3321.047s][info][gc,phases      ] GC(732)   Evacuate Collection Set: 118.10ms
[3321.047s][info][gc,phases      ] GC(732)   Post Evacuate Collection Set: 0.93ms
[3321.047s][info][gc,phases      ] GC(732)   Other: 0.09ms
[3321.047s][info][gc,heap        ] GC(732) Eden regions: 1120->0(1106)
[3321.047s][info][gc,heap        ] GC(732) Survivor regions: 108->111(154)
[3321.047s][info][gc,heap        ] GC(732) Old regions: 505->537
[3321.047s][info][gc,heap        ] GC(732) Humongous regions: 80->80
[3321.047s][info][gc,metaspace   ] GC(732) Metaspace: 28892K(29312K)->28892K(29312K) NonClass: 24024K(24256K)->24024K(24256K) Class: 4868K(5056K)->4868K(5056K)
[3321.047s][info][gc             ] GC(732) Pause Young (Prepare Mixed) (G1 Evacuation Pause) 3623M->1454M(4096M) 120.176ms
[3321.047s][info][gc,cpu         ] GC(732) User=0.72s Sys=0.00s Real=0.12s
...[3324.207s][info][gc,start       ] GC(733) Pause Young (Mixed) (G1 Evacuation Pause)
[3324.207s][info][gc,task        ] GC(733) Using 6 workers of 6 for evacuation
[3324.339s][info][gc,phases      ] GC(733)   Pre Evacuate Collection Set: 0.38ms
[3324.339s][info][gc,phases      ] GC(733)   Merge Heap Roots: 0.67ms
[3324.339s][info][gc,phases      ] GC(733)   Evacuate Collection Set: 129.91ms
[3324.339s][info][gc,phases      ] GC(733)   Post Evacuate Collection Set: 0.94ms
[3324.339s][info][gc,phases      ] GC(733)   Other: 0.09ms
[3324.339s][info][gc,heap        ] GC(733) Eden regions: 1106->0(1118)
[3324.339s][info][gc,heap        ] GC(733) Survivor regions: 111->110(153)
[3324.339s][info][gc,heap        ] GC(733) Old regions: 537->473
[3324.339s][info][gc,heap        ] GC(733) Humongous regions: 80->80
[3324.339s][info][gc,metaspace   ] GC(733) Metaspace: 28892K(29312K)->28892K(29312K) NonClass: 24024K(24256K)->24024K(24256K) Class: 4868K(5056K)->4868K(5056K)
[3324.339s][info][gc             ] GC(733) Pause Young (Mixed) (G1 Evacuation Pause) 3666M->1323M(4096M) 132.104ms
[3324.339s][info][gc,cpu         ] GC(733) User=0.79s Sys=0.00s Real=0.14s
...[3327.596s][info][gc,start       ] GC(734) Pause Young (Concurrent Start) (G1 Evacuation Pause)
[3327.596s][info][gc,task        ] GC(734) Using 6 workers of 6 for evacuation
[3327.715s][info][gc,phases      ] GC(734)   Pre Evacuate Collection Set: 0.39ms
[3327.715s][info][gc,phases      ] GC(734)   Merge Heap Roots: 0.51ms
[3327.715s][info][gc,phases      ] GC(734)   Evacuate Collection Set: 117.55ms
[3327.715s][info][gc,phases      ] GC(734)   Post Evacuate Collection Set: 0.84ms
[3327.715s][info][gc,phases      ] GC(734)   Other: 0.15ms
[3327.715s][info][gc,heap        ] GC(734) Eden regions: 1118->0(1118)
[3327.715s][info][gc,heap        ] GC(734) Survivor regions: 110->110(154)
[3327.715s][info][gc,heap        ] GC(734) Old regions: 473->505
[3327.715s][info][gc,heap        ] GC(734) Humongous regions: 80->80
[3327.715s][info][gc,metaspace   ] GC(734) Metaspace: 28892K(29312K)->28892K(29312K) NonClass: 24024K(24256K)->24024K(24256K) Class: 4868K(5056K)->4868K(5056K)
[3327.715s][info][gc             ] GC(734) Pause Young (Concurrent Start) (G1 Evacuation Pause) 3559M->1387M(4096M) 119.567ms
[3327.715s][info][gc             ] GC(735) Concurrent Mark Cycle
[3327.715s][info][gc,marking     ] GC(735) Concurrent Scan Root Regions
[3327.716s][info][gc,cpu         ] GC(734) User=0.71s Sys=0.01s Real=0.12s
.[3327.915s][info][gc,marking     ] GC(735) Concurrent Scan Root Regions 199.198ms
[3327.915s][info][gc,marking     ] GC(735) Concurrent Mark
[3327.915s][info][gc,marking     ] GC(735) Concurrent Mark From Roots
[3327.915s][info][gc,task        ] GC(735) Using 2 workers of 2 for marking
.[3328.771s][info][gc,marking     ] GC(735) Concurrent Mark From Roots 856.329ms
[3328.771s][info][gc,marking     ] GC(735) Concurrent Preclean
[3328.771s][info][gc,marking     ] GC(735) Concurrent Preclean 0.084ms
[3328.771s][info][gc,start       ] GC(735) Pause Remark
[3328.777s][info][gc             ] GC(735) Pause Remark 2216M->2216M(4096M) 5.892ms
[3328.777s][info][gc,cpu         ] GC(735) User=0.03s Sys=0.00s Real=0.00s
[3328.777s][info][gc,marking     ] GC(735) Concurrent Mark 862.529ms
[3328.777s][info][gc,marking     ] GC(735) Concurrent Rebuild Remembered Sets and Scrub Regions
[3329.018s][info][gc,marking     ] GC(735) Concurrent Rebuild Remembered Sets and Scrub Regions 240.926ms
[3329.018s][info][gc,start       ] GC(735) Pause Cleanup
[3329.018s][info][gc             ] GC(735) Pause Cleanup 2370M->2370M(4096M) 0.104ms
[3329.019s][info][gc,cpu         ] GC(735) User=0.00s Sys=0.00s Real=0.01s
[3329.019s][info][gc,marking     ] GC(735) Concurrent Clear Claimed Marks
[3329.019s][info][gc,marking     ] GC(735) Concurrent Clear Claimed Marks 0.028ms
[3329.019s][info][gc,marking     ] GC(735) Concurrent Cleanup for Next Mark
[3329.023s][info][gc,marking     ] GC(735) Concurrent Cleanup for Next Mark 4.655ms
[3329.023s][info][gc             ] GC(735) Concurrent Mark Cycle 1307.829ms
..[3330.870s][info][gc,start       ] GC(736) Pause Young (Prepare Mixed) (G1 Evacuation Pause)
[3330.870s][info][gc,task        ] GC(736) Using 6 workers of 6 for evacuation
[3330.988s][info][gc,phases      ] GC(736)   Pre Evacuate Collection Set: 0.30ms
[3330.988s][info][gc,phases      ] GC(736)   Merge Heap Roots: 0.63ms
[3330.988s][info][gc,phases      ] GC(736)   Evacuate Collection Set: 116.79ms
[3330.988s][info][gc,phases      ] GC(736)   Post Evacuate Collection Set: 0.90ms
[3330.988s][info][gc,phases      ] GC(736)   Other: 0.08ms
[3330.988s][info][gc,heap        ] GC(736) Eden regions: 1118->0(1109)
[3330.988s][info][gc,heap        ] GC(736) Survivor regions: 110->110(154)
[3330.988s][info][gc,heap        ] GC(736) Old regions: 505->536
[3330.988s][info][gc,heap        ] GC(736) Humongous regions: 80->80
[3330.988s][info][gc,metaspace   ] GC(736) Metaspace: 28892K(29312K)->28892K(29312K) NonClass: 24024K(24256K)->24024K(24256K) Class: 4868K(5056K)->4868K(5056K)
[3330.988s][info][gc             ] GC(736) Pause Young (Prepare Mixed) (G1 Evacuation Pause) 3623M->1450M(4096M) 118.843ms
[3330.989s][info][gc,cpu         ] GC(736) User=0.71s Sys=0.00s Real=0.12s
...[3334.128s][info][gc,start       ] GC(737) Pause Young (Mixed) (G1 Evacuation Pause)
[3334.128s][info][gc,task        ] GC(737) Using 6 workers of 6 for evacuation
[3334.263s][info][gc,phases      ] GC(737)   Pre Evacuate Collection Set: 0.38ms
[3334.263s][info][gc,phases      ] GC(737)   Merge Heap Roots: 0.73ms
[3334.263s][info][gc,phases      ] GC(737)   Evacuate Collection Set: 132.80ms
[3334.263s][info][gc,phases      ] GC(737)   Post Evacuate Collection Set: 0.94ms
[3334.263s][info][gc,phases      ] GC(737)   Other: 0.09ms
[3334.263s][info][gc,heap        ] GC(737) Eden regions: 1109->0(1119)
[3334.263s][info][gc,heap        ] GC(737) Survivor regions: 110->109(153)
[3334.263s][info][gc,heap        ] GC(737) Old regions: 536->472
[3334.263s][info][gc,heap        ] GC(737) Humongous regions: 80->80
[3334.263s][info][gc,metaspace   ] GC(737) Metaspace: 28892K(29312K)->28892K(29312K) NonClass: 24024K(24256K)->24024K(24256K) Class: 4868K(5056K)->4868K(5056K)
[3334.263s][info][gc             ] GC(737) Pause Young (Mixed) (G1 Evacuation Pause) 3668M->1320M(4096M) 135.068ms
[3334.263s][info][gc,cpu         ] GC(737) User=0.81s Sys=0.00s Real=0.14s
...[3337.450s][info][gc,start       ] GC(738) Pause Young (Concurrent Start) (G1 Evacuation Pause)
[3337.450s][info][gc,task        ] GC(738) Using 6 workers of 6 for evacuation
[3337.570s][info][gc,phases      ] GC(738)   Pre Evacuate Collection Set: 0.40ms
[3337.570s][info][gc,phases      ] GC(738)   Merge Heap Roots: 0.48ms
[3337.570s][info][gc,phases      ] GC(738)   Evacuate Collection Set: 118.19ms
[3337.570s][info][gc,phases      ] GC(738)   Post Evacuate Collection Set: 0.86ms
[3337.570s][info][gc,phases      ] GC(738)   Other: 0.10ms
[3337.570s][info][gc,heap        ] GC(738) Eden regions: 1119->0(1117)
[3337.570s][info][gc,heap        ] GC(738) Survivor regions: 109->111(154)
[3337.570s][info][gc,heap        ] GC(738) Old regions: 472->505
[3337.570s][info][gc,heap        ] GC(738) Humongous regions: 80->80
[3337.570s][info][gc,metaspace   ] GC(738) Metaspace: 28892K(29312K)->28892K(29312K) NonClass: 24024K(24256K)->24024K(24256K) Class: 4868K(5056K)->4868K(5056K)
[3337.570s][info][gc             ] GC(738) Pause Young (Concurrent Start) (G1 Evacuation Pause) 3558M->1390M(4096M) 120.159ms
[3337.570s][info][gc             ] GC(739) Concurrent Mark Cycle
[3337.570s][info][gc,marking     ] GC(739) Concurrent Scan Root Regions
[3337.570s][info][gc,cpu         ] GC(738) User=0.71s Sys=0.00s Real=0.12s
[3337.714s][info][gc,marking     ] GC(739) Concurrent Scan Root Regions 143.474ms
[3337.714s][info][gc,marking     ] GC(739) Concurrent Mark
[3337.714s][info][gc,marking     ] GC(739) Concurrent Mark From Roots
[3337.714s][info][gc,task        ] GC(739) Using 2 workers of 2 for marking
.[3338.249s][info][gc,marking     ] GC(739) Concurrent Mark From Roots 535.143ms
[3338.249s][info][gc,marking     ] GC(739) Concurrent Preclean
[3338.249s][info][gc,marking     ] GC(739) Concurrent Preclean 0.091ms
[3338.249s][info][gc,start       ] GC(739) Pause Remark
[3338.254s][info][gc             ] GC(739) Pause Remark 1867M->1867M(4096M) 4.659ms
[3338.254s][info][gc,cpu         ] GC(739) User=0.03s Sys=0.00s Real=0.00s
[3338.255s][info][gc,marking     ] GC(739) Concurrent Mark 540.844ms
[3338.255s][info][gc,marking     ] GC(739) Concurrent Rebuild Remembered Sets and Scrub Regions
[3338.469s][info][gc,marking     ] GC(739) Concurrent Rebuild Remembered Sets and Scrub Regions 214.309ms
[3338.473s][info][gc,start       ] GC(739) Pause Cleanup
[3338.473s][info][gc             ] GC(739) Pause Cleanup 2034M->2034M(4096M) 0.133ms
[3338.473s][info][gc,cpu         ] GC(739) User=0.00s Sys=0.00s Real=0.00s
[3338.473s][info][gc,marking     ] GC(739) Concurrent Clear Claimed Marks
[3338.473s][info][gc,marking     ] GC(739) Concurrent Clear Claimed Marks 0.027ms
[3338.473s][info][gc,marking     ] GC(739) Concurrent Cleanup for Next Mark
[3338.478s][info][gc,marking     ] GC(739) Concurrent Cleanup for Next Mark 4.843ms
[3338.478s][info][gc             ] GC(739) Concurrent Mark Cycle 907.547ms
..[3340.725s][info][gc,start       ] GC(740) Pause Young (Prepare Mixed) (G1 Evacuation Pause)
[3340.725s][info][gc,task        ] GC(740) Using 6 workers of 6 for evacuation
[3340.840s][info][gc,phases      ] GC(740)   Pre Evacuate Collection Set: 0.35ms
[3340.840s][info][gc,phases      ] GC(740)   Merge Heap Roots: 0.52ms
[3340.840s][info][gc,phases      ] GC(740)   Evacuate Collection Set: 113.22ms
[3340.840s][info][gc,phases      ] GC(740)   Post Evacuate Collection Set: 0.91ms
[3340.840s][info][gc,phases      ] GC(740)   Other: 0.09ms
[3340.840s][info][gc,heap        ] GC(740) Eden regions: 1117->0(1110)
[3340.840s][info][gc,heap        ] GC(740) Survivor regions: 111->109(154)
[3340.840s][info][gc,heap        ] GC(740) Old regions: 505->537
[3340.840s][info][gc,heap        ] GC(740) Humongous regions: 80->80
[3340.840s][info][gc,metaspace   ] GC(740) Metaspace: 28892K(29312K)->28892K(29312K) NonClass: 24024K(24256K)->24024K(24256K) Class: 4868K(5056K)->4868K(5056K)
[3340.840s][info][gc             ] GC(740) Pause Young (Prepare Mixed) (G1 Evacuation Pause) 3624M->1449M(4096M) 115.240ms
[3340.840s][info][gc,cpu         ] GC(740) User=0.69s Sys=0.00s Real=0.12s
....[3344.051s][info][gc,start       ] GC(741) Pause Young (Mixed) (G1 Evacuation Pause)
[3344.051s][info][gc,task        ] GC(741) Using 6 workers of 6 for evacuation
[3344.187s][info][gc,phases      ] GC(741)   Pre Evacuate Collection Set: 0.36ms
[3344.187s][info][gc,phases      ] GC(741)   Merge Heap Roots: 0.84ms
[3344.187s][info][gc,phases      ] GC(741)   Evacuate Collection Set: 133.68ms
[3344.187s][info][gc,phases      ] GC(741)   Post Evacuate Collection Set: 0.92ms
[3344.187s][info][gc,phases      ] GC(741)   Other: 0.09ms
[3344.187s][info][gc,heap        ] GC(741) Eden regions: 1110->0(1116)
[3344.187s][info][gc,heap        ] GC(741) Survivor regions: 109->112(153)
[3344.187s][info][gc,heap        ] GC(741) Old regions: 537->475
[3344.187s][info][gc,heap        ] GC(741) Humongous regions: 80->80
[3344.187s][info][gc,metaspace   ] GC(741) Metaspace: 28892K(29312K)->28892K(29312K) NonClass: 24024K(24256K)->24024K(24256K) Class: 4868K(5056K)->4868K(5056K)
[3344.187s][info][gc             ] GC(741) Pause Young (Mixed) (G1 Evacuation Pause) 3669M->1332M(4096M) 136.059ms
[3344.187s][info][gc,cpu         ] GC(741) User=0.81s Sys=0.00s Real=0.13s
...[3347.296s][info][gc,start       ] GC(742) Pause Young (Concurrent Start) (G1 Evacuation Pause)
[3347.296s][info][gc,task        ] GC(742) Using 6 workers of 6 for evacuation
[3347.413s][info][gc,phases      ] GC(742)   Pre Evacuate Collection Set: 0.39ms
[3347.413s][info][gc,phases      ] GC(742)   Merge Heap Roots: 0.45ms
[3347.413s][info][gc,phases      ] GC(742)   Evacuate Collection Set: 114.86ms
[3347.413s][info][gc,phases      ] GC(742)   Post Evacuate Collection Set: 0.87ms
[3347.413s][info][gc,phases      ] GC(742)   Other: 0.11ms
[3347.413s][info][gc,heap        ] GC(742) Eden regions: 1116->0(1118)
[3347.413s][info][gc,heap        ] GC(742) Survivor regions: 112->110(154)
[3347.413s][info][gc,heap        ] GC(742) Old regions: 475->506
[3347.413s][info][gc,heap        ] GC(742) Humongous regions: 80->80
[3347.413s][info][gc,metaspace   ] GC(742) Metaspace: 28892K(29312K)->28892K(29312K) NonClass: 24024K(24256K)->24024K(24256K) Class: 4868K(5056K)->4868K(5056K)
[3347.413s][info][gc             ] GC(742) Pause Young (Concurrent Start) (G1 Evacuation Pause) 3564M->1390M(4096M) 116.813ms
[3347.413s][info][gc             ] GC(743) Concurrent Mark Cycle
[3347.413s][info][gc,marking     ] GC(743) Concurrent Scan Root Regions
[3347.413s][info][gc,cpu         ] GC(742) User=0.69s Sys=0.00s Real=0.12s
[3347.550s][info][gc,marking     ] GC(743) Concurrent Scan Root Regions 137.297ms
[3347.550s][info][gc,marking     ] GC(743) Concurrent Mark
[3347.550s][info][gc,marking     ] GC(743) Concurrent Mark From Roots
[3347.550s][info][gc,task        ] GC(743) Using 2 workers of 2 for marking
.[3348.092s][info][gc,marking     ] GC(743) Concurrent Mark From Roots 541.389ms
[3348.092s][info][gc,marking     ] GC(743) Concurrent Preclean
[3348.092s][info][gc,marking     ] GC(743) Concurrent Preclean 0.102ms
[3348.093s][info][gc,start       ] GC(743) Pause Remark
[3348.097s][info][gc             ] GC(743) Pause Remark 1886M->1886M(4096M) 4.242ms
[3348.097s][info][gc,cpu         ] GC(743) User=0.02s Sys=0.00s Real=0.00s
[3348.097s][info][gc,marking     ] GC(743) Concurrent Mark 546.511ms
[3348.097s][info][gc,marking     ] GC(743) Concurrent Rebuild Remembered Sets and Scrub Regions
[3348.305s][info][gc,marking     ] GC(743) Concurrent Rebuild Remembered Sets and Scrub Regions 207.523ms
[3348.305s][info][gc,start       ] GC(743) Pause Cleanup
[3348.305s][info][gc             ] GC(743) Pause Cleanup 2050M->2050M(4096M) 0.097ms
[3348.305s][info][gc,cpu         ] GC(743) User=0.00s Sys=0.00s Real=0.00s
[3348.305s][info][gc,marking     ] GC(743) Concurrent Clear Claimed Marks
[3348.305s][info][gc,marking     ] GC(743) Concurrent Clear Claimed Marks 0.022ms
[3348.305s][info][gc,marking     ] GC(743) Concurrent Cleanup for Next Mark
[3348.310s][info][gc,marking     ] GC(743) Concurrent Cleanup for Next Mark 4.759ms
[3348.310s][info][gc             ] GC(743) Concurrent Mark Cycle 896.510ms
..[3350.607s][info][gc,start       ] GC(744) Pause Young (Prepare Mixed) (G1 Evacuation Pause)
[3350.607s][info][gc,task        ] GC(744) Using 6 workers of 6 for evacuation
[3350.726s][info][gc,phases      ] GC(744)   Pre Evacuate Collection Set: 0.32ms
[3350.726s][info][gc,phases      ] GC(744)   Merge Heap Roots: 0.50ms
[3350.726s][info][gc,phases      ] GC(744)   Evacuate Collection Set: 117.11ms
[3350.726s][info][gc,phases      ] GC(744)   Post Evacuate Collection Set: 0.91ms
[3350.726s][info][gc,phases      ] GC(744)   Other: 0.08ms
[3350.726s][info][gc,heap        ] GC(744) Eden regions: 1118->0(1108)
[3350.726s][info][gc,heap        ] GC(744) Survivor regions: 110->109(154)
[3350.726s][info][gc,heap        ] GC(744) Old regions: 506->539
[3350.726s][info][gc,heap        ] GC(744) Humongous regions: 80->80
[3350.726s][info][gc,metaspace   ] GC(744) Metaspace: 28892K(29312K)->28892K(29312K) NonClass: 24024K(24256K)->24024K(24256K) Class: 4868K(5056K)->4868K(5056K)
[3350.726s][info][gc             ] GC(744) Pause Young (Prepare Mixed) (G1 Evacuation Pause) 3626M->1454M(4096M) 119.062ms
[3350.726s][info][gc,cpu         ] GC(744) User=0.71s Sys=0.00s Real=0.12s
. (rIR:aIR:PR = 5673:5674:5674) (tPR = 84289) [OK] 
  3350s: Performance info:
         Transaction,    Success,    Partial,     Failed,   Receipts, AvgBarcode, 
             Overall,     342778,          0,          0,     325675,      59.47, 
         Response times:
             Request,    Success,    Partial,     Failed,   SkipFail,     Probes,    Samples,      min,      p50,      p90,      p95,      p99,      max, 
       TotalPurchase,     325683,          0,          0,          0,     320169,     342248,      300,     4700,    12800,    34000,    91000,   201000,
     InStorePurchase,     171402,          0,          0,          0,     168718,     179779,      300,     4500,    12600,    33000,    90000,   201000,
      OnlinePurchase,     119985,          0,          0,          0,     118032,     126531,      300,     5000,    13200,    34000,    93000,   196000,
        InstPurchase,      34296,          0,          0,          0,      33419,      35938,      300,     4800,    12610,    34000,    91000,   201000,
          AssocOfCat,        345,          0,          0,          0,        272,        355,    21000,    35000,    62000,    80400,   178560,   252000,
      AssocOfProduct,       3414,          0,          0,          0,       3174,       3565,      700,     3900,    11140,    28000,    78340,   140000,
      BusinessReport,        854,          0,          0,          0,        752,        905,    26000,    41000,    78000,   104700,   178000,   221000,
          CustBuyBeh,       3427,          0,          0,          0,       3154,       3585,      200,     4900,    12700,    35000,    91000,   169000,
       ProductReturn,       9064,          0,          0,          0,       8683,       9511,      200,     5400,    13980,    37000,    94880,   191000,

  3350s: (42%)   IR =   5812 ..[3353.860s][info][gc,start       ] GC(745) Pause Young (Mixed) (G1 Evacuation Pause)
[3353.860s][info][gc,task        ] GC(745) Using 6 workers of 6 for evacuation
[3353.993s][info][gc,phases      ] GC(745)   Pre Evacuate Collection Set: 0.38ms
[3353.993s][info][gc,phases      ] GC(745)   Merge Heap Roots: 0.69ms
[3353.993s][info][gc,phases      ] GC(745)   Evacuate Collection Set: 130.46ms
[3353.993s][info][gc,phases      ] GC(745)   Post Evacuate Collection Set: 0.85ms
[3353.993s][info][gc,phases      ] GC(745)   Other: 0.09ms
[3353.993s][info][gc,heap        ] GC(745) Eden regions: 1108->0(1119)
[3353.993s][info][gc,heap        ] GC(745) Survivor regions: 109->109(153)
[3353.993s][info][gc,heap        ] GC(745) Old regions: 539->474
[3353.993s][info][gc,heap        ] GC(745) Humongous regions: 80->80
[3353.993s][info][gc,metaspace   ] GC(745) Metaspace: 28892K(29312K)->28892K(29312K) NonClass: 24024K(24256K)->24024K(24256K) Class: 4868K(5056K)->4868K(5056K)
[3353.993s][info][gc             ] GC(745) Pause Young (Mixed) (G1 Evacuation Pause) 3670M->1323M(4096M) 132.587ms
[3353.993s][info][gc,cpu         ] GC(745) User=0.78s Sys=0.00s Real=0.13s
....|[3357.054s][info][gc,start       ] GC(746) Pause Young (Concurrent Start) (G1 Evacuation Pause)
[3357.054s][info][gc,task        ] GC(746) Using 6 workers of 6 for evacuation
[3357.173s][info][gc,phases      ] GC(746)   Pre Evacuate Collection Set: 0.31ms
[3357.173s][info][gc,phases      ] GC(746)   Merge Heap Roots: 0.48ms
[3357.173s][info][gc,phases      ] GC(746)   Evacuate Collection Set: 116.94ms
[3357.173s][info][gc,phases      ] GC(746)   Post Evacuate Collection Set: 0.91ms
[3357.173s][info][gc,phases      ] GC(746)   Other: 0.11ms
[3357.173s][info][gc,heap        ] GC(746) Eden regions: 1119->0(1117)
[3357.173s][info][gc,heap        ] GC(746) Survivor regions: 109->111(154)
[3357.173s][info][gc,heap        ] GC(746) Old regions: 474->506
[3357.173s][info][gc,heap        ] GC(746) Humongous regions: 80->80
[3357.173s][info][gc,metaspace   ] GC(746) Metaspace: 28892K(29312K)->28892K(29312K) NonClass: 24024K(24256K)->24024K(24256K) Class: 4868K(5056K)->4868K(5056K)
[3357.173s][info][gc             ] GC(746) Pause Young (Concurrent Start) (G1 Evacuation Pause) 3561M->1391M(4096M) 118.880ms
[3357.173s][info][gc             ] GC(747) Concurrent Mark Cycle
[3357.173s][info][gc,marking     ] GC(747) Concurrent Scan Root Regions
[3357.173s][info][gc,cpu         ] GC(746) User=0.71s Sys=0.00s Real=0.12s
[3357.308s][info][gc,marking     ] GC(747) Concurrent Scan Root Regions 135.641ms
[3357.308s][info][gc,marking     ] GC(747) Concurrent Mark
[3357.308s][info][gc,marking     ] GC(747) Concurrent Mark From Roots
[3357.308s][info][gc,task        ] GC(747) Using 2 workers of 2 for marking
[3357.963s][info][gc,marking     ] GC(747) Concurrent Mark From Roots 654.534ms
[3357.963s][info][gc,marking     ] GC(747) Concurrent Preclean
[3357.963s][info][gc,marking     ] GC(747) Concurrent Preclean 0.098ms
[3357.964s][info][gc,start       ] GC(747) Pause Remark
[3357.969s][info][gc             ] GC(747) Pause Remark 2000M->2000M(4096M) 5.042ms
[3357.969s][info][gc,cpu         ] GC(747) User=0.03s Sys=0.00s Real=0.01s
[3357.969s][info][gc,marking     ] GC(747) Concurrent Mark 660.439ms
[3357.969s][info][gc,marking     ] GC(747) Concurrent Rebuild Remembered Sets and Scrub Regions
.[3358.268s][info][gc,marking     ] GC(747) Concurrent Rebuild Remembered Sets and Scrub Regions 299.468ms
[3358.269s][info][gc,start       ] GC(747) Pause Cleanup
[3358.269s][info][gc             ] GC(747) Pause Cleanup 2219M->2219M(4096M) 0.130ms
[3358.269s][info][gc,cpu         ] GC(747) User=0.00s Sys=0.00s Real=0.00s
[3358.269s][info][gc,marking     ] GC(747) Concurrent Clear Claimed Marks
[3358.269s][info][gc,marking     ] GC(747) Concurrent Clear Claimed Marks 0.026ms
[3358.269s][info][gc,marking     ] GC(747) Concurrent Cleanup for Next Mark
[3358.272s][info][gc,marking     ] GC(747) Concurrent Cleanup for Next Mark 3.628ms
[3358.272s][info][gc             ] GC(747) Concurrent Mark Cycle 1099.683ms
..[3360.348s][info][gc,start       ] GC(748) Pause Young (Prepare Mixed) (G1 Evacuation Pause)
[3360.348s][info][gc,task        ] GC(748) Using 6 workers of 6 for evacuation
[3360.472s][info][gc,phases      ] GC(748)   Pre Evacuate Collection Set: 0.32ms
[3360.472s][info][gc,phases      ] GC(748)   Merge Heap Roots: 0.59ms
[3360.472s][info][gc,phases      ] GC(748)   Evacuate Collection Set: 122.29ms
[3360.472s][info][gc,phases      ] GC(748)   Post Evacuate Collection Set: 0.89ms
[3360.472s][info][gc,phases      ] GC(748)   Other: 0.09ms
[3360.472s][info][gc,heap        ] GC(748) Eden regions: 1117->0(1098)
[3360.472s][info][gc,heap        ] GC(748) Survivor regions: 111->115(154)
[3360.472s][info][gc,heap        ] GC(748) Old regions: 506->537
[3360.472s][info][gc,heap        ] GC(748) Humongous regions: 80->80
[3360.472s][info][gc,metaspace   ] GC(748) Metaspace: 28892K(29312K)->28892K(29312K) NonClass: 24024K(24256K)->24024K(24256K) Class: 4868K(5056K)->4868K(5056K)
[3360.472s][info][gc             ] GC(748) Pause Young (Prepare Mixed) (G1 Evacuation Pause) 3625M->1463M(4096M) 124.303ms
[3360.472s][info][gc,cpu         ] GC(748) User=0.74s Sys=0.00s Real=0.13s
...[3363.524s][info][gc,start       ] GC(749) Pause Young (Mixed) (G1 Evacuation Pause)
[3363.524s][info][gc,task        ] GC(749) Using 6 workers of 6 for evacuation
[3363.655s][info][gc,phases      ] GC(749)   Pre Evacuate Collection Set: 0.38ms
[3363.655s][info][gc,phases      ] GC(749)   Merge Heap Roots: 0.72ms
[3363.655s][info][gc,phases      ] GC(749)   Evacuate Collection Set: 128.78ms
[3363.655s][info][gc,phases      ] GC(749)   Post Evacuate Collection Set: 0.95ms
[3363.655s][info][gc,phases      ] GC(749)   Other: 0.12ms
[3363.655s][info][gc,heap        ] GC(749) Eden regions: 1098->0(1121)
[3363.655s][info][gc,heap        ] GC(749) Survivor regions: 115->107(152)
[3363.655s][info][gc,heap        ] GC(749) Old regions: 537->474
[3363.655s][info][gc,heap        ] GC(749) Humongous regions: 80->80
[3363.655s][info][gc,metaspace   ] GC(749) Metaspace: 28892K(29312K)->28892K(29312K) NonClass: 24024K(24256K)->24024K(24256K) Class: 4868K(5056K)->4868K(5056K)
[3363.655s][info][gc             ] GC(749) Pause Young (Mixed) (G1 Evacuation Pause) 3659M->1320M(4096M) 131.086ms
[3363.655s][info][gc,cpu         ] GC(749) User=0.78s Sys=0.00s Real=0.13s
...[3366.712s][info][gc,start       ] GC(750) Pause Young (Concurrent Start) (G1 Evacuation Pause)
[3366.712s][info][gc,task        ] GC(750) Using 6 workers of 6 for evacuation
[3366.828s][info][gc,phases      ] GC(750)   Pre Evacuate Collection Set: 0.36ms
[3366.828s][info][gc,phases      ] GC(750)   Merge Heap Roots: 0.47ms
[3366.828s][info][gc,phases      ] GC(750)   Evacuate Collection Set: 114.37ms
[3366.828s][info][gc,phases      ] GC(750)   Post Evacuate Collection Set: 0.87ms
[3366.828s][info][gc,phases      ] GC(750)   Other: 0.13ms
[3366.828s][info][gc,heap        ] GC(750) Eden regions: 1121->0(1121)
[3366.828s][info][gc,heap        ] GC(750) Survivor regions: 107->107(154)
[3366.828s][info][gc,heap        ] GC(750) Old regions: 474->506
[3366.828s][info][gc,heap        ] GC(750) Humongous regions: 80->80
[3366.828s][info][gc,metaspace   ] GC(750) Metaspace: 28892K(29312K)->28892K(29312K) NonClass: 24024K(24256K)->24024K(24256K) Class: 4868K(5056K)->4868K(5056K)
[3366.828s][info][gc             ] GC(750) Pause Young (Concurrent Start) (G1 Evacuation Pause) 3562M->1384M(4096M) 116.333ms
[3366.828s][info][gc             ] GC(751) Concurrent Mark Cycle
[3366.828s][info][gc,marking     ] GC(751) Concurrent Scan Root Regions
[3366.828s][info][gc,cpu         ] GC(750) User=0.70s Sys=0.00s Real=0.11s
[3367.026s][info][gc,marking     ] GC(751) Concurrent Scan Root Regions 197.455ms
[3367.026s][info][gc,marking     ] GC(751) Concurrent Mark
[3367.026s][info][gc,marking     ] GC(751) Concurrent Mark From Roots
[3367.026s][info][gc,task        ] GC(751) Using 2 workers of 2 for marking
.[3367.846s][info][gc,marking     ] GC(751) Concurrent Mark From Roots 820.312ms
[3367.846s][info][gc,marking     ] GC(751) Concurrent Preclean
[3367.846s][info][gc,marking     ] GC(751) Concurrent Preclean 0.091ms
[3367.848s][info][gc,start       ] GC(751) Pause Remark
[3367.853s][info][gc             ] GC(751) Pause Remark 2180M->2180M(4096M) 5.301ms
[3367.853s][info][gc,cpu         ] GC(751) User=0.03s Sys=0.00s Real=0.01s
[3367.853s][info][gc,marking     ] GC(751) Concurrent Mark 827.528ms
[3367.853s][info][gc,marking     ] GC(751) Concurrent Rebuild Remembered Sets and Scrub Regions
.[3368.136s][info][gc,marking     ] GC(751) Concurrent Rebuild Remembered Sets and Scrub Regions 282.132ms
[3368.136s][info][gc,start       ] GC(751) Pause Cleanup
[3368.136s][info][gc             ] GC(751) Pause Cleanup 2358M->2358M(4096M) 0.109ms
[3368.136s][info][gc,cpu         ] GC(751) User=0.00s Sys=0.00s Real=0.00s
[3368.136s][info][gc,marking     ] GC(751) Concurrent Clear Claimed Marks
[3368.136s][info][gc,marking     ] GC(751) Concurrent Clear Claimed Marks 0.024ms
[3368.136s][info][gc,marking     ] GC(751) Concurrent Cleanup for Next Mark
[3368.139s][info][gc,marking     ] GC(751) Concurrent Cleanup for Next Mark 3.351ms
[3368.139s][info][gc             ] GC(751) Concurrent Mark Cycle 1310.911ms
.[3369.970s][info][gc,start       ] GC(752) Pause Young (Prepare Mixed) (G1 Evacuation Pause)
[3369.970s][info][gc,task        ] GC(752) Using 6 workers of 6 for evacuation
[3370.088s][info][gc,phases      ] GC(752)   Pre Evacuate Collection Set: 0.31ms
[3370.088s][info][gc,phases      ] GC(752)   Merge Heap Roots: 0.59ms
[3370.089s][info][gc,phases      ] GC(752)   Evacuate Collection Set: 116.07ms
[3370.089s][info][gc,phases      ] GC(752)   Post Evacuate Collection Set: 0.92ms
[3370.089s][info][gc,phases      ] GC(752)   Other: 0.10ms
[3370.089s][info][gc,heap        ] GC(752) Eden regions: 1121->0(1108)
[3370.089s][info][gc,heap        ] GC(752) Survivor regions: 107->110(154)
[3370.089s][info][gc,heap        ] GC(752) Old regions: 506->537
[3370.089s][info][gc,heap        ] GC(752) Humongous regions: 80->80
[3370.089s][info][gc,metaspace   ] GC(752) Metaspace: 28892K(29312K)->28892K(29312K) NonClass: 24024K(24256K)->24024K(24256K) Class: 4868K(5056K)->4868K(5056K)
[3370.089s][info][gc             ] GC(752) Pause Young (Prepare Mixed) (G1 Evacuation Pause) 3626M->1453M(4096M) 118.149ms
[3370.089s][info][gc,cpu         ] GC(752) User=0.70s Sys=0.00s Real=0.12s
...[3373.089s][info][gc,start       ] GC(753) Pause Young (Mixed) (G1 Evacuation Pause)
[3373.089s][info][gc,task        ] GC(753) Using 6 workers of 6 for evacuation
[3373.227s][info][gc,phases      ] GC(753)   Pre Evacuate Collection Set: 0.34ms
[3373.227s][info][gc,phases      ] GC(753)   Merge Heap Roots: 0.81ms
[3373.227s][info][gc,phases      ] GC(753)   Evacuate Collection Set: 135.48ms
[3373.227s][info][gc,phases      ] GC(753)   Post Evacuate Collection Set: 1.04ms
[3373.227s][info][gc,phases      ] GC(753)   Other: 0.09ms
[3373.227s][info][gc,heap        ] GC(753) Eden regions: 1108->0(1116)
[3373.227s][info][gc,heap        ] GC(753) Survivor regions: 110->112(153)
[3373.227s][info][gc,heap        ] GC(753) Old regions: 537->474
[3373.227s][info][gc,heap        ] GC(753) Humongous regions: 80->80
[3373.227s][info][gc,metaspace   ] GC(753) Metaspace: 28892K(29312K)->28892K(29312K) NonClass: 24024K(24256K)->24024K(24256K) Class: 4868K(5056K)->4868K(5056K)
[3373.227s][info][gc             ] GC(753) Pause Young (Mixed) (G1 Evacuation Pause) 3669M->1330M(4096M) 137.884ms
[3373.227s][info][gc,cpu         ] GC(753) User=0.82s Sys=0.00s Real=0.13s
....[3376.408s][info][gc,start       ] GC(754) Pause Young (Concurrent Start) (G1 Evacuation Pause)
[3376.408s][info][gc,task        ] GC(754) Using 6 workers of 6 for evacuation
[3376.528s][info][gc,phases      ] GC(754)   Pre Evacuate Collection Set: 0.35ms
[3376.528s][info][gc,phases      ] GC(754)   Merge Heap Roots: 0.51ms
[3376.528s][info][gc,phases      ] GC(754)   Evacuate Collection Set: 117.56ms
[3376.528s][info][gc,phases      ] GC(754)   Post Evacuate Collection Set: 0.86ms
[3376.528s][info][gc,phases      ] GC(754)   Other: 0.11ms
[3376.528s][info][gc,heap        ] GC(754) Eden regions: 1116->0(1117)
[3376.528s][info][gc,heap        ] GC(754) Survivor regions: 112->111(154)
[3376.528s][info][gc,heap        ] GC(754) Old regions: 474->506
[3376.528s][info][gc,heap        ] GC(754) Humongous regions: 80->80
[3376.528s][info][gc,metaspace   ] GC(754) Metaspace: 28892K(29312K)->28892K(29312K) NonClass: 24024K(24256K)->24024K(24256K) Class: 4868K(5056K)->4868K(5056K)
[3376.528s][info][gc             ] GC(754) Pause Young (Concurrent Start) (G1 Evacuation Pause) 3562M->1392M(4096M) 119.513ms
[3376.528s][info][gc             ] GC(755) Concurrent Mark Cycle
[3376.528s][info][gc,marking     ] GC(755) Concurrent Scan Root Regions
[3376.528s][info][gc,cpu         ] GC(754) User=0.71s Sys=0.00s Real=0.12s
[3376.709s][info][gc,marking     ] GC(755) Concurrent Scan Root Regions 181.248ms
[3376.709s][info][gc,marking     ] GC(755) Concurrent Mark
[3376.709s][info][gc,marking     ] GC(755) Concurrent Mark From Roots
[3376.709s][info][gc,task        ] GC(755) Using 2 workers of 2 for marking
.[3377.542s][info][gc,marking     ] GC(755) Concurrent Mark From Roots 832.883ms
[3377.542s][info][gc,marking     ] GC(755) Concurrent Preclean
[3377.542s][info][gc,marking     ] GC(755) Concurrent Preclean 0.084ms
[3377.543s][info][gc,start       ] GC(755) Pause Remark
[3377.549s][info][gc             ] GC(755) Pause Remark 2173M->2173M(4096M) 5.504ms
[3377.549s][info][gc,cpu         ] GC(755) User=0.03s Sys=0.00s Real=0.01s
[3377.550s][info][gc,marking     ] GC(755) Concurrent Mark 840.761ms
[3377.550s][info][gc,marking     ] GC(755) Concurrent Rebuild Remembered Sets and Scrub Regions
[3377.898s][info][gc,marking     ] GC(755) Concurrent Rebuild Remembered Sets and Scrub Regions 348.502ms
[3377.899s][info][gc,start       ] GC(755) Pause Cleanup
[3377.899s][info][gc             ] GC(755) Pause Cleanup 2438M->2438M(4096M) 0.123ms
[3377.899s][info][gc,cpu         ] GC(755) User=0.00s Sys=0.00s Real=0.00s
[3377.899s][info][gc,marking     ] GC(755) Concurrent Clear Claimed Marks
[3377.899s][info][gc,marking     ] GC(755) Concurrent Clear Claimed Marks 0.028ms
[3377.899s][info][gc,marking     ] GC(755) Concurrent Cleanup for Next Mark
[3377.902s][info][gc,marking     ] GC(755) Concurrent Cleanup for Next Mark 3.463ms
[3377.902s][info][gc             ] GC(755) Concurrent Mark Cycle 1374.513ms
..[3379.612s][info][gc,start       ] GC(756) Pause Young (Prepare Mixed) (G1 Evacuation Pause)
[3379.613s][info][gc,task        ] GC(756) Using 6 workers of 6 for evacuation
[3379.728s][info][gc,phases      ] GC(756)   Pre Evacuate Collection Set: 0.31ms
[3379.728s][info][gc,phases      ] GC(756)   Merge Heap Roots: 0.50ms
[3379.728s][info][gc,phases      ] GC(756)   Evacuate Collection Set: 113.85ms
[3379.728s][info][gc,phases      ] GC(756)   Post Evacuate Collection Set: 0.90ms
[3379.728s][info][gc,phases      ] GC(756)   Other: 0.09ms
[3379.728s][info][gc,heap        ] GC(756) Eden regions: 1117->0(1111)
[3379.728s][info][gc,heap        ] GC(756) Survivor regions: 111->109(154)
[3379.728s][info][gc,heap        ] GC(756) Old regions: 506->536
[3379.728s][info][gc,heap        ] GC(756) Humongous regions: 80->80
[3379.728s][info][gc,metaspace   ] GC(756) Metaspace: 28892K(29312K)->28892K(29312K) NonClass: 24024K(24256K)->24024K(24256K) Class: 4868K(5056K)->4868K(5056K)
[3379.728s][info][gc             ] GC(756) Pause Young (Prepare Mixed) (G1 Evacuation Pause) 3626M->1448M(4096M) 115.799ms
[3379.728s][info][gc,cpu         ] GC(756) User=0.69s Sys=0.00s Real=0.11s
...[3382.799s][info][gc,start       ] GC(757) Pause Young (Mixed) (G1 Evacuation Pause)
[3382.799s][info][gc,task        ] GC(757) Using 6 workers of 6 for evacuation
[3382.932s][info][gc,phases      ] GC(757)   Pre Evacuate Collection Set: 0.35ms
[3382.932s][info][gc,phases      ] GC(757)   Merge Heap Roots: 0.72ms
[3382.932s][info][gc,phases      ] GC(757)   Evacuate Collection Set: 130.68ms
[3382.932s][info][gc,phases      ] GC(757)   Post Evacuate Collection Set: 0.94ms
[3382.932s][info][gc,phases      ] GC(757)   Other: 0.09ms
[3382.932s][info][gc,heap        ] GC(757) Eden regions: 1111->0(1121)
[3382.932s][info][gc,heap        ] GC(757) Survivor regions: 109->107(153)
[3382.932s][info][gc,heap        ] GC(757) Old regions: 536->473
[3382.932s][info][gc,heap        ] GC(757) Humongous regions: 80->80
[3382.932s][info][gc,metaspace   ] GC(757) Metaspace: 28892K(29312K)->28892K(29312K) NonClass: 24024K(24256K)->24024K(24256K) Class: 4868K(5056K)->4868K(5056K)
[3382.932s][info][gc             ] GC(757) Pause Young (Mixed) (G1 Evacuation Pause) 3670M->1319M(4096M) 132.901ms
[3382.932s][info][gc,cpu         ] GC(757) User=0.79s Sys=0.00s Real=0.13s
...[3386.117s][info][gc,start       ] GC(758) Pause Young (Concurrent Start) (G1 Evacuation Pause)
[3386.117s][info][gc,task        ] GC(758) Using 6 workers of 6 for evacuation
[3386.235s][info][gc,phases      ] GC(758)   Pre Evacuate Collection Set: 0.41ms
[3386.235s][info][gc,phases      ] GC(758)   Merge Heap Roots: 0.48ms
[3386.235s][info][gc,phases      ] GC(758)   Evacuate Collection Set: 115.92ms
[3386.235s][info][gc,phases      ] GC(758)   Post Evacuate Collection Set: 0.86ms
[3386.235s][info][gc,phases      ] GC(758)   Other: 0.12ms
[3386.235s][info][gc,heap        ] GC(758) Eden regions: 1121->0(1118)
[3386.235s][info][gc,heap        ] GC(758) Survivor regions: 107->110(154)
[3386.235s][info][gc,heap        ] GC(758) Old regions: 473->505
[3386.235s][info][gc,heap        ] GC(758) Humongous regions: 80->80
[3386.235s][info][gc,metaspace   ] GC(758) Metaspace: 28892K(29312K)->28892K(29312K) NonClass: 24024K(24256K)->24024K(24256K) Class: 4868K(5056K)->4868K(5056K)
[3386.235s][info][gc             ] GC(758) Pause Young (Concurrent Start) (G1 Evacuation Pause) 3561M->1388M(4096M) 117.936ms
[3386.235s][info][gc             ] GC(759) Concurrent Mark Cycle
[3386.235s][info][gc,marking     ] GC(759) Concurrent Scan Root Regions
[3386.235s][info][gc,cpu         ] GC(758) User=0.71s Sys=0.00s Real=0.12s
.[3386.443s][info][gc,marking     ] GC(759) Concurrent Scan Root Regions 207.481ms
[3386.443s][info][gc,marking     ] GC(759) Concurrent Mark
[3386.443s][info][gc,marking     ] GC(759) Concurrent Mark From Roots
[3386.443s][info][gc,task        ] GC(759) Using 2 workers of 2 for marking
.[3387.298s][info][gc,marking     ] GC(759) Concurrent Mark From Roots 855.112ms
[3387.298s][info][gc,marking     ] GC(759) Concurrent Preclean
[3387.298s][info][gc,marking     ] GC(759) Concurrent Preclean 0.076ms
[3387.298s][info][gc,start       ] GC(759) Pause Remark
[3387.304s][info][gc             ] GC(759) Pause Remark 2244M->2244M(4096M) 6.180ms
[3387.304s][info][gc,cpu         ] GC(759) User=0.03s Sys=0.00s Real=0.01s
[3387.304s][info][gc,marking     ] GC(759) Concurrent Mark 861.616ms
[3387.304s][info][gc,marking     ] GC(759) Concurrent Rebuild Remembered Sets and Scrub Regions
[3387.598s][info][gc,marking     ] GC(759) Concurrent Rebuild Remembered Sets and Scrub Regions 294.119ms
[3387.598s][info][gc,start       ] GC(759) Pause Cleanup
[3387.599s][info][gc             ] GC(759) Pause Cleanup 2461M->2461M(4096M) 0.113ms
[3387.599s][info][gc,cpu         ] GC(759) User=0.00s Sys=0.00s Real=0.01s
[3387.599s][info][gc,marking     ] GC(759) Concurrent Clear Claimed Marks
[3387.599s][info][gc,marking     ] GC(759) Concurrent Clear Claimed Marks 0.027ms
[3387.599s][info][gc,marking     ] GC(759) Concurrent Cleanup for Next Mark
[3387.602s][info][gc,marking     ] GC(759) Concurrent Cleanup for Next Mark 3.255ms
[3387.602s][info][gc             ] GC(759) Concurrent Mark Cycle 1366.909ms
.[3389.231s][info][gc,start       ] GC(760) Pause Young (Prepare Mixed) (G1 Evacuation Pause)
[3389.231s][info][gc,task        ] GC(760) Using 6 workers of 6 for evacuation
[3389.350s][info][gc,phases      ] GC(760)   Pre Evacuate Collection Set: 0.36ms
[3389.350s][info][gc,phases      ] GC(760)   Merge Heap Roots: 0.53ms
[3389.350s][info][gc,phases      ] GC(760)   Evacuate Collection Set: 117.43ms
[3389.350s][info][gc,phases      ] GC(760)   Post Evacuate Collection Set: 0.92ms
[3389.350s][info][gc,phases      ] GC(760)   Other: 0.09ms
[3389.350s][info][gc,heap        ] GC(760) Eden regions: 1118->0(1107)
[3389.350s][info][gc,heap        ] GC(760) Survivor regions: 110->111(154)
[3389.350s][info][gc,heap        ] GC(760) Old regions: 505->536
[3389.350s][info][gc,heap        ] GC(760) Humongous regions: 80->80
[3389.350s][info][gc,metaspace   ] GC(760) Metaspace: 28892K(29312K)->28892K(29312K) NonClass: 24024K(24256K)->24024K(24256K) Class: 4868K(5056K)->4868K(5056K)
[3389.350s][info][gc             ] GC(760) Pause Young (Prepare Mixed) (G1 Evacuation Pause) 3624M->1452M(4096M) 119.457ms
[3389.350s][info][gc,cpu         ] GC(760) User=0.71s Sys=0.00s Real=0.12s
....[3392.511s][info][gc,start       ] GC(761) Pause Young (Mixed) (G1 Evacuation Pause)
[3392.511s][info][gc,task        ] GC(761) Using 6 workers of 6 for evacuation
[3392.646s][info][gc,phases      ] GC(761)   Pre Evacuate Collection Set: 0.38ms
[3392.646s][info][gc,phases      ] GC(761)   Merge Heap Roots: 0.80ms
[3392.646s][info][gc,phases      ] GC(761)   Evacuate Collection Set: 132.64ms
[3392.646s][info][gc,phases      ] GC(761)   Post Evacuate Collection Set: 0.97ms
[3392.646s][info][gc,phases      ] GC(761)   Other: 0.09ms
[3392.646s][info][gc,heap        ] GC(761) Eden regions: 1107->0(1119)
[3392.646s][info][gc,heap        ] GC(761) Survivor regions: 111->109(153)
[3392.646s][info][gc,heap        ] GC(761) Old regions: 536->474
[3392.646s][info][gc,heap        ] GC(761) Humongous regions: 80->80
[3392.646s][info][gc,metaspace   ] GC(761) Metaspace: 28892K(29312K)->28892K(29312K) NonClass: 24024K(24256K)->24024K(24256K) Class: 4868K(5056K)->4868K(5056K)
[3392.646s][info][gc             ] GC(761) Pause Young (Mixed) (G1 Evacuation Pause) 3666M->1325M(4096M) 135.010ms
[3392.646s][info][gc,cpu         ] GC(761) User=0.81s Sys=0.00s Real=0.13s
...[3395.683s][info][gc,start       ] GC(762) Pause Young (Concurrent Start) (G1 Evacuation Pause)
[3395.683s][info][gc,task        ] GC(762) Using 6 workers of 6 for evacuation
[3395.798s][info][gc,phases      ] GC(762)   Pre Evacuate Collection Set: 0.39ms
[3395.798s][info][gc,phases      ] GC(762)   Merge Heap Roots: 0.47ms
[3395.798s][info][gc,phases      ] GC(762)   Evacuate Collection Set: 112.50ms
[3395.798s][info][gc,phases      ] GC(762)   Post Evacuate Collection Set: 0.86ms
[3395.798s][info][gc,phases      ] GC(762)   Other: 0.12ms
[3395.798s][info][gc,heap        ] GC(762) Eden regions: 1119->0(1121)
[3395.798s][info][gc,heap        ] GC(762) Survivor regions: 109->107(154)
[3395.798s][info][gc,heap        ] GC(762) Old regions: 474->506
[3395.798s][info][gc,heap        ] GC(762) Humongous regions: 80->80
[3395.798s][info][gc,metaspace   ] GC(762) Metaspace: 28892K(29312K)->28892K(29312K) NonClass: 24024K(24256K)->24024K(24256K) Class: 4868K(5056K)->4868K(5056K)
[3395.798s][info][gc             ] GC(762) Pause Young (Concurrent Start) (G1 Evacuation Pause) 3563M->1385M(4096M) 114.474ms
[3395.798s][info][gc             ] GC(763) Concurrent Mark Cycle
[3395.798s][info][gc,marking     ] GC(763) Concurrent Scan Root Regions
[3395.798s][info][gc,cpu         ] GC(762) User=0.68s Sys=0.00s Real=0.11s
[3395.975s][info][gc,marking     ] GC(763) Concurrent Scan Root Regions 176.747ms
[3395.975s][info][gc,marking     ] GC(763) Concurrent Mark
[3395.975s][info][gc,marking     ] GC(763) Concurrent Mark From Roots
[3395.975s][info][gc,task        ] GC(763) Using 2 workers of 2 for marking
.[3396.625s][info][gc,marking     ] GC(763) Concurrent Mark From Roots 650.416ms
[3396.625s][info][gc,marking     ] GC(763) Concurrent Preclean
[3396.625s][info][gc,marking     ] GC(763) Concurrent Preclean 0.085ms
[3396.625s][info][gc,start       ] GC(763) Pause Remark
[3396.673s][info][gc             ] GC(763) Pause Remark 2033M->2033M(4096M) 47.789ms
[3396.673s][info][gc,cpu         ] GC(763) User=0.03s Sys=0.00s Real=0.05s
[3396.674s][info][gc,marking     ] GC(763) Concurrent Mark 698.933ms
[3396.674s][info][gc,marking     ] GC(763) Concurrent Rebuild Remembered Sets and Scrub Regions
[3396.929s][info][gc,marking     ] GC(763) Concurrent Rebuild Remembered Sets and Scrub Regions 255.054ms
[3396.929s][info][gc,start       ] GC(763) Pause Cleanup
[3396.929s][info][gc             ] GC(763) Pause Cleanup 2242M->2242M(4096M) 0.101ms
[3396.929s][info][gc,cpu         ] GC(763) User=0.00s Sys=0.00s Real=0.00s
[3396.929s][info][gc,marking     ] GC(763) Concurrent Clear Claimed Marks
[3396.929s][info][gc,marking     ] GC(763) Concurrent Clear Claimed Marks 0.025ms
[3396.929s][info][gc,marking     ] GC(763) Concurrent Cleanup for Next Mark
[3396.932s][info][gc,marking     ] GC(763) Concurrent Cleanup for Next Mark 3.211ms
[3396.932s][info][gc             ] GC(763) Concurrent Mark Cycle 1134.397ms
..[3398.947s][info][gc,start       ] GC(764) Pause Young (Prepare Mixed) (G1 Evacuation Pause)
[3398.947s][info][gc,task        ] GC(764) Using 6 workers of 6 for evacuation
[3399.067s][info][gc,phases      ] GC(764)   Pre Evacuate Collection Set: 0.35ms
[3399.067s][info][gc,phases      ] GC(764)   Merge Heap Roots: 0.61ms
[3399.067s][info][gc,phases      ] GC(764)   Evacuate Collection Set: 117.59ms
[3399.067s][info][gc,phases      ] GC(764)   Post Evacuate Collection Set: 0.92ms
[3399.067s][info][gc,phases      ] GC(764)   Other: 0.09ms
[3399.067s][info][gc,heap        ] GC(764) Eden regions: 1121->0(1106)
[3399.067s][info][gc,heap        ] GC(764) Survivor regions: 107->110(154)
[3399.067s][info][gc,heap        ] GC(764) Old regions: 506->539
[3399.067s][info][gc,heap        ] GC(764) Humongous regions: 80->80
[3399.067s][info][gc,metaspace   ] GC(764) Metaspace: 28892K(29312K)->28892K(29312K) NonClass: 24024K(24256K)->24024K(24256K) Class: 4868K(5056K)->4868K(5056K)
[3399.067s][info][gc             ] GC(764) Pause Young (Prepare Mixed) (G1 Evacuation Pause) 3627M->1455M(4096M) 119.713ms
[3399.067s][info][gc,cpu         ] GC(764) User=0.72s Sys=0.00s Real=0.12s
...[3402.149s][info][gc,start       ] GC(765) Pause Young (Mixed) (G1 Evacuation Pause)
[3402.149s][info][gc,task        ] GC(765) Using 6 workers of 6 for evacuation
[3402.283s][info][gc,phases      ] GC(765)   Pre Evacuate Collection Set: 0.35ms
[3402.283s][info][gc,phases      ] GC(765)   Merge Heap Roots: 0.68ms
[3402.283s][info][gc,phases      ] GC(765)   Evacuate Collection Set: 132.34ms
[3402.283s][info][gc,phases      ] GC(765)   Post Evacuate Collection Set: 0.94ms
[3402.283s][info][gc,phases      ] GC(765)   Other: 0.09ms
[3402.284s][info][gc,heap        ] GC(765) Eden regions: 1106->0(1116)
[3402.284s][info][gc,heap        ] GC(765) Survivor regions: 110->112(152)
[3402.284s][info][gc,heap        ] GC(765) Old regions: 539->474
[3402.284s][info][gc,heap        ] GC(765) Humongous regions: 80->80
[3402.284s][info][gc,metaspace   ] GC(765) Metaspace: 28892K(29312K)->28892K(29312K) NonClass: 24024K(24256K)->24024K(24256K) Class: 4868K(5056K)->4868K(5056K)
[3402.284s][info][gc             ] GC(765) Pause Young (Mixed) (G1 Evacuation Pause) 3667M->1331M(4096M) 134.546ms
[3402.284s][info][gc,cpu         ] GC(765) User=0.80s Sys=0.00s Real=0.13s
...[3405.364s][info][gc,start       ] GC(766) Pause Young (Concurrent Start) (G1 Evacuation Pause)
[3405.364s][info][gc,task        ] GC(766) Using 6 workers of 6 for evacuation
[3405.482s][info][gc,phases      ] GC(766)   Pre Evacuate Collection Set: 0.34ms
[3405.482s][info][gc,phases      ] GC(766)   Merge Heap Roots: 0.46ms
[3405.482s][info][gc,phases      ] GC(766)   Evacuate Collection Set: 115.66ms
[3405.482s][info][gc,phases      ] GC(766)   Post Evacuate Collection Set: 0.86ms
[3405.482s][info][gc,phases      ] GC(766)   Other: 0.09ms
[3405.482s][info][gc,heap        ] GC(766) Eden regions: 1116->0(1118)
[3405.482s][info][gc,heap        ] GC(766) Survivor regions: 112->110(154)
[3405.482s][info][gc,heap        ] GC(766) Old regions: 474->506
[3405.482s][info][gc,heap        ] GC(766) Humongous regions: 80->80
[3405.482s][info][gc,metaspace   ] GC(766) Metaspace: 28892K(29312K)->28892K(29312K) NonClass: 24024K(24256K)->24024K(24256K) Class: 4868K(5056K)->4868K(5056K)
[3405.482s][info][gc             ] GC(766) Pause Young (Concurrent Start) (G1 Evacuation Pause) 3563M->1390M(4096M) 117.559ms
[3405.482s][info][gc             ] GC(767) Concurrent Mark Cycle
[3405.482s][info][gc,marking     ] GC(767) Concurrent Scan Root Regions
[3405.482s][info][gc,cpu         ] GC(766) User=0.70s Sys=0.00s Real=0.12s
.[3405.623s][info][gc,marking     ] GC(767) Concurrent Scan Root Regions 141.279ms
[3405.623s][info][gc,marking     ] GC(767) Concurrent Mark
[3405.623s][info][gc,marking     ] GC(767) Concurrent Mark From Roots
[3405.623s][info][gc,task        ] GC(767) Using 2 workers of 2 for marking
[3406.300s][info][gc,marking     ] GC(767) Concurrent Mark From Roots 677.042ms
[3406.300s][info][gc,marking     ] GC(767) Concurrent Preclean
[3406.300s][info][gc,marking     ] GC(767) Concurrent Preclean 0.100ms
[3406.302s][info][gc,start       ] GC(767) Pause Remark
[3406.306s][info][gc             ] GC(767) Pause Remark 2008M->2008M(4096M) 4.075ms
[3406.306s][info][gc,cpu         ] GC(767) User=0.02s Sys=0.00s Real=0.00s
[3406.306s][info][gc,marking     ] GC(767) Concurrent Mark 682.904ms
[3406.306s][info][gc,marking     ] GC(767) Concurrent Rebuild Remembered Sets and Scrub Regions
.[3406.609s][info][gc,marking     ] GC(767) Concurrent Rebuild Remembered Sets and Scrub Regions 303.045ms
[3406.609s][info][gc,start       ] GC(767) Pause Cleanup
[3406.609s][info][gc             ] GC(767) Pause Cleanup 2228M->2228M(4096M) 0.104ms
[3406.609s][info][gc,cpu         ] GC(767) User=0.00s Sys=0.00s Real=0.00s
[3406.609s][info][gc,marking     ] GC(767) Concurrent Clear Claimed Marks
[3406.609s][info][gc,marking     ] GC(767) Concurrent Clear Claimed Marks 0.024ms
[3406.609s][info][gc,marking     ] GC(767) Concurrent Cleanup for Next Mark
[3406.614s][info][gc,marking     ] GC(767) Concurrent Cleanup for Next Mark 4.291ms
[3406.614s][info][gc             ] GC(767) Concurrent Mark Cycle 1131.971ms
..[3408.623s][info][gc,start       ] GC(768) Pause Young (Prepare Mixed) (G1 Evacuation Pause)
[3408.623s][info][gc,task        ] GC(768) Using 6 workers of 6 for evacuation
[3408.740s][info][gc,phases      ] GC(768)   Pre Evacuate Collection Set: 0.33ms
[3408.740s][info][gc,phases      ] GC(768)   Merge Heap Roots: 0.52ms
[3408.740s][info][gc,phases      ] GC(768)   Evacuate Collection Set: 114.68ms
[3408.740s][info][gc,phases      ] GC(768)   Post Evacuate Collection Set: 0.93ms
[3408.740s][info][gc,phases      ] GC(768)   Other: 0.08ms
[3408.740s][info][gc,heap        ] GC(768) Eden regions: 1118->0(1111)
[3408.740s][info][gc,heap        ] GC(768) Survivor regions: 110->108(154)
[3408.740s][info][gc,heap        ] GC(768) Old regions: 506->538
[3408.740s][info][gc,heap        ] GC(768) Humongous regions: 80->80
[3408.740s][info][gc,metaspace   ] GC(768) Metaspace: 28892K(29312K)->28892K(29312K) NonClass: 24024K(24256K)->24024K(24256K) Class: 4868K(5056K)->4868K(5056K)
[3408.740s][info][gc             ] GC(768) Pause Young (Prepare Mixed) (G1 Evacuation Pause) 3626M->1450M(4096M) 116.667ms
[3408.740s][info][gc,cpu         ] GC(768) User=0.70s Sys=0.00s Real=0.12s
...[3411.837s][info][gc,start       ] GC(769) Pause Young (Mixed) (G1 Evacuation Pause)
[3411.837s][info][gc,task        ] GC(769) Using 6 workers of 6 for evacuation
[3411.971s][info][gc,phases      ] GC(769)   Pre Evacuate Collection Set: 0.35ms
[3411.971s][info][gc,phases      ] GC(769)   Merge Heap Roots: 0.73ms
[3411.971s][info][gc,phases      ] GC(769)   Evacuate Collection Set: 131.23ms
[3411.971s][info][gc,phases      ] GC(769)   Post Evacuate Collection Set: 0.95ms
[3411.971s][info][gc,phases      ] GC(769)   Other: 0.08ms
[3411.971s][info][gc,heap        ] GC(769) Eden regions: 1111->0(1119)
[3411.971s][info][gc,heap        ] GC(769) Survivor regions: 108->109(153)
[3411.971s][info][gc,heap        ] GC(769) Old regions: 538->473
[3411.971s][info][gc,heap        ] GC(769) Humongous regions: 80->80
[3411.971s][info][gc,metaspace   ] GC(769) Metaspace: 28892K(29312K)->28892K(29312K) NonClass: 24024K(24256K)->24024K(24256K) Class: 4868K(5056K)->4868K(5056K)
[3411.971s][info][gc             ] GC(769) Pause Young (Mixed) (G1 Evacuation Pause) 3672M->1322M(4096M) 133.468ms
[3411.971s][info][gc,cpu         ] GC(769) User=0.80s Sys=0.00s Real=0.14s
...[3415.036s][info][gc,start       ] GC(770) Pause Young (Concurrent Start) (G1 Evacuation Pause)
[3415.037s][info][gc,task        ] GC(770) Using 6 workers of 6 for evacuation
[3415.156s][info][gc,phases      ] GC(770)   Pre Evacuate Collection Set: 0.39ms
[3415.156s][info][gc,phases      ] GC(770)   Merge Heap Roots: 0.56ms
[3415.156s][info][gc,phases      ] GC(770)   Evacuate Collection Set: 117.04ms
[3415.156s][info][gc,phases      ] GC(770)   Post Evacuate Collection Set: 0.87ms
[3415.156s][info][gc,phases      ] GC(770)   Other: 0.11ms
[3415.156s][info][gc,heap        ] GC(770) Eden regions: 1119->0(1119)
[3415.156s][info][gc,heap        ] GC(770) Survivor regions: 109->109(154)
[3415.156s][info][gc,heap        ] GC(770) Old regions: 473->505
[3415.156s][info][gc,heap        ] GC(770) Humongous regions: 80->80
[3415.156s][info][gc,metaspace   ] GC(770) Metaspace: 28892K(29312K)->28892K(29312K) NonClass: 24024K(24256K)->24024K(24256K) Class: 4868K(5056K)->4868K(5056K)
[3415.156s][info][gc             ] GC(770) Pause Young (Concurrent Start) (G1 Evacuation Pause) 3560M->1385M(4096M) 119.115ms
[3415.156s][info][gc             ] GC(771) Concurrent Mark Cycle
[3415.156s][info][gc,marking     ] GC(771) Concurrent Scan Root Regions
[3415.156s][info][gc,cpu         ] GC(770) User=0.71s Sys=0.00s Real=0.12s
[3415.333s][info][gc,marking     ] GC(771) Concurrent Scan Root Regions 177.376ms
[3415.333s][info][gc,marking     ] GC(771) Concurrent Mark
[3415.333s][info][gc,marking     ] GC(771) Concurrent Mark From Roots
[3415.333s][info][gc,task        ] GC(771) Using 2 workers of 2 for marking
.[3416.116s][info][gc,marking     ] GC(771) Concurrent Mark From Roots 783.129ms
[3416.116s][info][gc,marking     ] GC(771) Concurrent Preclean
[3416.116s][info][gc,marking     ] GC(771) Concurrent Preclean 0.109ms
[3416.117s][info][gc,start       ] GC(771) Pause Remark
[3416.121s][info][gc             ] GC(771) Pause Remark 2102M->2102M(4096M) 4.810ms
[3416.121s][info][gc,cpu         ] GC(771) User=0.02s Sys=0.00s Real=0.01s
[3416.125s][info][gc,marking     ] GC(771) Concurrent Mark 791.525ms
[3416.125s][info][gc,marking     ] GC(771) Concurrent Rebuild Remembered Sets and Scrub Regions
[3416.422s][info][gc,marking     ] GC(771) Concurrent Rebuild Remembered Sets and Scrub Regions 297.266ms
[3416.422s][info][gc,start       ] GC(771) Pause Cleanup
[3416.422s][info][gc             ] GC(771) Pause Cleanup 2324M->2324M(4096M) 0.099ms
[3416.422s][info][gc,cpu         ] GC(771) User=0.00s Sys=0.00s Real=0.00s
[3416.423s][info][gc,marking     ] GC(771) Concurrent Clear Claimed Marks
[3416.424s][info][gc,marking     ] GC(771) Concurrent Clear Claimed Marks 0.047ms
[3416.424s][info][gc,marking     ] GC(771) Concurrent Cleanup for Next Mark
[3416.430s][info][gc,marking     ] GC(771) Concurrent Cleanup for Next Mark 6.442ms
[3416.430s][info][gc             ] GC(771) Concurrent Mark Cycle 1274.413ms
.. (rIR:aIR:PR = 5812:5813:5813) (tPR = 85836) [OK] 
  3417s: Performance info:
         Transaction,    Success,    Partial,     Failed,   Receipts, AvgBarcode, 
             Overall,     351604,          0,          0,     334017,      59.47, 
         Response times:
             Request,    Success,    Partial,     Failed,   SkipFail,     Probes,    Samples,      min,      p50,      p90,      p95,      p99,      max, 
       TotalPurchase,     334030,          0,          0,          0,     328496,     362839,      300,     4900,    14200,    38000,    94000,   250000,
     InStorePurchase,     175745,          0,          0,          0,     173076,     191107,      300,     4700,    13900,    37000,    93000,   239000,
      OnlinePurchase,     123132,          0,          0,          0,     121122,     133545,      300,     5000,    14400,    39000,    94000,   250000,
        InstPurchase,      35153,          0,          0,          0,      34298,      38187,      400,     5200,    14700,    39000,    95000,   231000,
          AssocOfCat,        352,          0,          0,          0,        281,        391,    26000,    37000,    64800,    91400,   169160,   332000,
      AssocOfProduct,       3537,          0,          0,          0,       3320,       3868,      400,     3400,    12810,    36000,    88000,   170000,
      BusinessReport,        872,          0,          0,          0,        775,        988,    25000,    41000,    79000,   117650,   187220,   237000,
          CustBuyBeh,       3519,          0,          0,          0,       3235,       3754,      200,     4700,    13400,    37000,    87000,   208000,
       ProductReturn,       9315,          0,          0,          0,       8772,       9873,      300,     5000,    15800,    39000,    89000,   188000,

  3417s: (43%)   IR =   5950 [3418.389s][info][gc,start       ] GC(772) Pause Young (Prepare Mixed) (G1 Evacuation Pause)
[3418.389s][info][gc,task        ] GC(772) Using 6 workers of 6 for evacuation
[3418.508s][info][gc,phases      ] GC(772)   Pre Evacuate Collection Set: 0.33ms
[3418.508s][info][gc,phases      ] GC(772)   Merge Heap Roots: 0.51ms
[3418.508s][info][gc,phases      ] GC(772)   Evacuate Collection Set: 117.03ms
[3418.508s][info][gc,phases      ] GC(772)   Post Evacuate Collection Set: 0.90ms
[3418.508s][info][gc,phases      ] GC(772)   Other: 0.08ms
[3418.508s][info][gc,heap        ] GC(772) Eden regions: 1119->0(1105)
[3418.508s][info][gc,heap        ] GC(772) Survivor regions: 109->112(154)
[3418.508s][info][gc,heap        ] GC(772) Old regions: 505->536
[3418.508s][info][gc,heap        ] GC(772) Humongous regions: 80->80
[3418.508s][info][gc,metaspace   ] GC(772) Metaspace: 28892K(29312K)->28892K(29312K) NonClass: 24024K(24256K)->24024K(24256K) Class: 4868K(5056K)->4868K(5056K)
[3418.508s][info][gc             ] GC(772) Pause Young (Prepare Mixed) (G1 Evacuation Pause) 3623M->1453M(4096M) 119.013ms
[3418.508s][info][gc,cpu         ] GC(772) User=0.71s Sys=0.00s Real=0.11s
...[3421.491s][info][gc,start       ] GC(773) Pause Young (Mixed) (G1 Evacuation Pause)
[3421.491s][info][gc,task        ] GC(773) Using 6 workers of 6 for evacuation
[3421.622s][info][gc,phases      ] GC(773)   Pre Evacuate Collection Set: 0.38ms
[3421.622s][info][gc,phases      ] GC(773)   Merge Heap Roots: 0.64ms
[3421.622s][info][gc,phases      ] GC(773)   Evacuate Collection Set: 128.88ms
[3421.622s][info][gc,phases      ] GC(773)   Post Evacuate Collection Set: 0.92ms
[3421.622s][info][gc,phases      ] GC(773)   Other: 0.09ms
[3421.622s][info][gc,heap        ] GC(773) Eden regions: 1105->0(1120)
[3421.622s][info][gc,heap        ] GC(773) Survivor regions: 112->108(153)
[3421.622s][info][gc,heap        ] GC(773) Old regions: 536->474
[3421.622s][info][gc,heap        ] GC(773) Humongous regions: 80->80
[3421.622s][info][gc,metaspace   ] GC(773) Metaspace: 28892K(29312K)->28892K(29312K) NonClass: 24024K(24256K)->24024K(24256K) Class: 4868K(5056K)->4868K(5056K)
[3421.622s][info][gc             ] GC(773) Pause Young (Mixed) (G1 Evacuation Pause) 3663M->1322M(4096M) 131.045ms
[3421.622s][info][gc,cpu         ] GC(773) User=0.78s Sys=0.00s Real=0.13s
...[3424.581s][info][gc,start       ] GC(774) Pause Young (Concurrent Start) (G1 Evacuation Pause)
[3424.581s][info][gc,task        ] GC(774) Using 6 workers of 6 for evacuation
[3424.701s][info][gc,phases      ] GC(774)   Pre Evacuate Collection Set: 0.40ms
[3424.701s][info][gc,phases      ] GC(774)   Merge Heap Roots: 0.46ms
[3424.701s][info][gc,phases      ] GC(774)   Evacuate Collection Set: 117.59ms
[3424.701s][info][gc,phases      ] GC(774)   Post Evacuate Collection Set: 0.87ms
[3424.701s][info][gc,phases      ] GC(774)   Other: 0.12ms
[3424.701s][info][gc,heap        ] GC(774) Eden regions: 1120->0(1117)
[3424.701s][info][gc,heap        ] GC(774) Survivor regions: 108->111(154)
[3424.701s][info][gc,heap        ] GC(774) Old regions: 474->507
[3424.701s][info][gc,heap        ] GC(774) Humongous regions: 80->80
[3424.701s][info][gc,metaspace   ] GC(774) Metaspace: 28892K(29312K)->28892K(29312K) NonClass: 24024K(24256K)->24024K(24256K) Class: 4868K(5056K)->4868K(5056K)
[3424.701s][info][gc             ] GC(774) Pause Young (Concurrent Start) (G1 Evacuation Pause) 3562M->1395M(4096M) 119.570ms
[3424.701s][info][gc             ] GC(775) Concurrent Mark Cycle
[3424.701s][info][gc,marking     ] GC(775) Concurrent Scan Root Regions
[3424.701s][info][gc,cpu         ] GC(774) User=0.71s Sys=0.00s Real=0.12s
.[3424.839s][info][gc,marking     ] GC(775) Concurrent Scan Root Regions 138.313ms
[3424.839s][info][gc,marking     ] GC(775) Concurrent Mark
[3424.839s][info][gc,marking     ] GC(775) Concurrent Mark From Roots
[3424.839s][info][gc,task        ] GC(775) Using 2 workers of 2 for marking
[3425.530s][info][gc,marking     ] GC(775) Concurrent Mark From Roots 691.060ms
[3425.530s][info][gc,marking     ] GC(775) Concurrent Preclean
[3425.530s][info][gc,marking     ] GC(775) Concurrent Preclean 0.090ms
[3425.530s][info][gc,start       ] GC(775) Pause Remark
[3425.536s][info][gc             ] GC(775) Pause Remark 2046M->2046M(4096M) 5.847ms
[3425.536s][info][gc,cpu         ] GC(775) User=0.03s Sys=0.01s Real=0.00s
[3425.536s][info][gc,marking     ] GC(775) Concurrent Mark 697.283ms
[3425.536s][info][gc,marking     ] GC(775) Concurrent Rebuild Remembered Sets and Scrub Regions
.[3425.774s][info][gc,marking     ] GC(775) Concurrent Rebuild Remembered Sets and Scrub Regions 237.671ms
[3425.774s][info][gc,start       ] GC(775) Pause Cleanup
[3425.774s][info][gc             ] GC(775) Pause Cleanup 2209M->2209M(4096M) 0.117ms
[3425.774s][info][gc,cpu         ] GC(775) User=0.00s Sys=0.00s Real=0.00s
[3425.774s][info][gc,marking     ] GC(775) Concurrent Clear Claimed Marks
[3425.774s][info][gc,marking     ] GC(775) Concurrent Clear Claimed Marks 0.021ms
[3425.774s][info][gc,marking     ] GC(775) Concurrent Cleanup for Next Mark
[3425.778s][info][gc,marking     ] GC(775) Concurrent Cleanup for Next Mark 3.207ms
[3425.778s][info][gc             ] GC(775) Concurrent Mark Cycle 1076.910ms
.[3427.751s][info][gc,start       ] GC(776) Pause Young (Prepare Mixed) (G1 Evacuation Pause)
[3427.751s][info][gc,task        ] GC(776) Using 6 workers of 6 for evacuation
[3427.868s][info][gc,phases      ] GC(776)   Pre Evacuate Collection Set: 0.33ms
[3427.868s][info][gc,phases      ] GC(776)   Merge Heap Roots: 0.55ms
[3427.868s][info][gc,phases      ] GC(776)   Evacuate Collection Set: 114.85ms
[3427.868s][info][gc,phases      ] GC(776)   Post Evacuate Collection Set: 0.91ms
[3427.868s][info][gc,phases      ] GC(776)   Other: 0.09ms
[3427.868s][info][gc,heap        ] GC(776) Eden regions: 1117->0(1109)
[3427.868s][info][gc,heap        ] GC(776) Survivor regions: 111->108(154)
[3427.868s][info][gc,heap        ] GC(776) Old regions: 507->540
[3427.868s][info][gc,heap        ] GC(776) Humongous regions: 80->80
[3427.868s][info][gc,metaspace   ] GC(776) Metaspace: 28892K(29312K)->28892K(29312K) NonClass: 24024K(24256K)->24024K(24256K) Class: 4868K(5056K)->4868K(5056K)
[3427.868s][info][gc             ] GC(776) Pause Young (Prepare Mixed) (G1 Evacuation Pause) 3629M->1453M(4096M) 116.853ms
[3427.868s][info][gc,cpu         ] GC(776) User=0.69s Sys=0.00s Real=0.11s
...|[3430.861s][info][gc,start       ] GC(777) Pause Young (Mixed) (G1 Evacuation Pause)
[3430.861s][info][gc,task        ] GC(777) Using 6 workers of 6 for evacuation
[3430.993s][info][gc,phases      ] GC(777)   Pre Evacuate Collection Set: 0.34ms
[3430.993s][info][gc,phases      ] GC(777)   Merge Heap Roots: 0.69ms
[3430.993s][info][gc,phases      ] GC(777)   Evacuate Collection Set: 130.51ms
[3430.993s][info][gc,phases      ] GC(777)   Post Evacuate Collection Set: 0.93ms
[3430.993s][info][gc,phases      ] GC(777)   Other: 0.08ms
[3430.993s][info][gc,heap        ] GC(777) Eden regions: 1109->0(1118)
[3430.993s][info][gc,heap        ] GC(777) Survivor regions: 108->110(153)
[3430.993s][info][gc,heap        ] GC(777) Old regions: 540->474
[3430.993s][info][gc,heap        ] GC(777) Humongous regions: 80->80
[3430.993s][info][gc,metaspace   ] GC(777) Metaspace: 28892K(29312K)->28892K(29312K) NonClass: 24024K(24256K)->24024K(24256K) Class: 4868K(5056K)->4868K(5056K)
[3430.993s][info][gc             ] GC(777) Pause Young (Mixed) (G1 Evacuation Pause) 3671M->1326M(4096M) 132.674ms
[3430.993s][info][gc,cpu         ] GC(777) User=0.79s Sys=0.00s Real=0.13s
....[3434.021s][info][gc,start       ] GC(778) Pause Young (Concurrent Start) (G1 Evacuation Pause)
[3434.021s][info][gc,task        ] GC(778) Using 6 workers of 6 for evacuation
[3434.142s][info][gc,phases      ] GC(778)   Pre Evacuate Collection Set: 0.34ms
[3434.142s][info][gc,phases      ] GC(778)   Merge Heap Roots: 0.45ms
[3434.142s][info][gc,phases      ] GC(778)   Evacuate Collection Set: 119.46ms
[3434.142s][info][gc,phases      ] GC(778)   Post Evacuate Collection Set: 0.85ms
[3434.142s][info][gc,phases      ] GC(778)   Other: 0.10ms
[3434.142s][info][gc,heap        ] GC(778) Eden regions: 1118->0(1116)
[3434.142s][info][gc,heap        ] GC(778) Survivor regions: 110->112(154)
[3434.142s][info][gc,heap        ] GC(778) Old regions: 474->506
[3434.142s][info][gc,heap        ] GC(778) Humongous regions: 80->80
[3434.142s][info][gc,metaspace   ] GC(778) Metaspace: 28892K(29312K)->28892K(29312K) NonClass: 24024K(24256K)->24024K(24256K) Class: 4868K(5056K)->4868K(5056K)
[3434.143s][info][gc             ] GC(778) Pause Young (Concurrent Start) (G1 Evacuation Pause) 3562M->1394M(4096M) 121.332ms
[3434.143s][info][gc             ] GC(779) Concurrent Mark Cycle
[3434.143s][info][gc,marking     ] GC(779) Concurrent Scan Root Regions
[3434.143s][info][gc,cpu         ] GC(778) User=0.72s Sys=0.00s Real=0.12s
[3434.298s][info][gc,marking     ] GC(779) Concurrent Scan Root Regions 155.853ms
[3434.298s][info][gc,marking     ] GC(779) Concurrent Mark
[3434.298s][info][gc,marking     ] GC(779) Concurrent Mark From Roots
[3434.299s][info][gc,task        ] GC(779) Using 2 workers of 2 for marking
[3434.839s][info][gc,marking     ] GC(779) Concurrent Mark From Roots 540.430ms
[3434.839s][info][gc,marking     ] GC(779) Concurrent Preclean
[3434.839s][info][gc,marking     ] GC(779) Concurrent Preclean 0.066ms
[3434.839s][info][gc,start       ] GC(779) Pause Remark
[3434.844s][info][gc             ] GC(779) Pause Remark 1923M->1923M(4096M) 4.978ms
[3434.844s][info][gc,cpu         ] GC(779) User=0.02s Sys=0.00s Real=0.00s
[3434.845s][info][gc,marking     ] GC(779) Concurrent Mark 546.459ms
[3434.845s][info][gc,marking     ] GC(779) Concurrent Rebuild Remembered Sets and Scrub Regions
.[3435.059s][info][gc,marking     ] GC(779) Concurrent Rebuild Remembered Sets and Scrub Regions 213.620ms
[3435.059s][info][gc,start       ] GC(779) Pause Cleanup
[3435.059s][info][gc             ] GC(779) Pause Cleanup 2091M->2091M(4096M) 0.103ms
[3435.059s][info][gc,cpu         ] GC(779) User=0.00s Sys=0.00s Real=0.00s
[3435.059s][info][gc,marking     ] GC(779) Concurrent Clear Claimed Marks
[3435.059s][info][gc,marking     ] GC(779) Concurrent Clear Claimed Marks 0.022ms
[3435.059s][info][gc,marking     ] GC(779) Concurrent Cleanup for Next Mark
[3435.064s][info][gc,marking     ] GC(779) Concurrent Cleanup for Next Mark 5.175ms
[3435.064s][info][gc             ] GC(779) Concurrent Mark Cycle 921.559ms
..[3437.185s][info][gc,start       ] GC(780) Pause Young (Prepare Mixed) (G1 Evacuation Pause)
[3437.185s][info][gc,task        ] GC(780) Using 6 workers of 6 for evacuation
[3437.303s][info][gc,phases      ] GC(780)   Pre Evacuate Collection Set: 0.32ms
[3437.303s][info][gc,phases      ] GC(780)   Merge Heap Roots: 0.54ms
[3437.303s][info][gc,phases      ] GC(780)   Evacuate Collection Set: 116.42ms
[3437.303s][info][gc,phases      ] GC(780)   Post Evacuate Collection Set: 0.91ms
[3437.303s][info][gc,phases      ] GC(780)   Other: 0.10ms
[3437.303s][info][gc,heap        ] GC(780) Eden regions: 1116->0(1105)
[3437.303s][info][gc,heap        ] GC(780) Survivor regions: 112->111(154)
[3437.303s][info][gc,heap        ] GC(780) Old regions: 506->538
[3437.303s][info][gc,heap        ] GC(780) Humongous regions: 80->80
[3437.303s][info][gc,metaspace   ] GC(780) Metaspace: 28892K(29312K)->28892K(29312K) NonClass: 24024K(24256K)->24024K(24256K) Class: 4868K(5056K)->4868K(5056K)
[3437.303s][info][gc             ] GC(780) Pause Young (Prepare Mixed) (G1 Evacuation Pause) 3626M->1455M(4096M) 118.436ms
[3437.303s][info][gc,cpu         ] GC(780) User=0.70s Sys=0.00s Real=0.12s
...[3440.264s][info][gc,start       ] GC(781) Pause Young (Mixed) (G1 Evacuation Pause)
[3440.264s][info][gc,task        ] GC(781) Using 6 workers of 6 for evacuation
[3440.404s][info][gc,phases      ] GC(781)   Pre Evacuate Collection Set: 0.36ms
[3440.404s][info][gc,phases      ] GC(781)   Merge Heap Roots: 0.81ms
[3440.404s][info][gc,phases      ] GC(781)   Evacuate Collection Set: 137.79ms
[3440.404s][info][gc,phases      ] GC(781)   Post Evacuate Collection Set: 0.94ms
[3440.404s][info][gc,phases      ] GC(781)   Other: 0.09ms
[3440.404s][info][gc,heap        ] GC(781) Eden regions: 1105->0(1115)
[3440.404s][info][gc,heap        ] GC(781) Survivor regions: 111->113(152)
[3440.404s][info][gc,heap        ] GC(781) Old regions: 538->473
[3440.404s][info][gc,heap        ] GC(781) Humongous regions: 80->80
[3440.404s][info][gc,metaspace   ] GC(781) Metaspace: 28892K(29312K)->28892K(29312K) NonClass: 24024K(24256K)->24024K(24256K) Class: 4868K(5056K)->4868K(5056K)
[3440.404s][info][gc             ] GC(781) Pause Young (Mixed) (G1 Evacuation Pause) 3665M->1331M(4096M) 140.125ms
[3440.404s][info][gc,cpu         ] GC(781) User=0.84s Sys=0.00s Real=0.14s
...[3443.430s][info][gc,start       ] GC(782) Pause Young (Concurrent Start) (G1 Evacuation Pause)
[3443.430s][info][gc,task        ] GC(782) Using 6 workers of 6 for evacuation
[3443.554s][info][gc,phases      ] GC(782)   Pre Evacuate Collection Set: 0.40ms
[3443.554s][info][gc,phases      ] GC(782)   Merge Heap Roots: 0.54ms
[3443.554s][info][gc,phases      ] GC(782)   Evacuate Collection Set: 121.39ms
[3443.554s][info][gc,phases      ] GC(782)   Post Evacuate Collection Set: 0.88ms
[3443.554s][info][gc,phases      ] GC(782)   Other: 0.11ms
[3443.554s][info][gc,heap        ] GC(782) Eden regions: 1115->0(1114)
[3443.554s][info][gc,heap        ] GC(782) Survivor regions: 113->114(154)
[3443.554s][info][gc,heap        ] GC(782) Old regions: 473->506
[3443.554s][info][gc,heap        ] GC(782) Humongous regions: 80->80
[3443.554s][info][gc,metaspace   ] GC(782) Metaspace: 28892K(29312K)->28892K(29312K) NonClass: 24024K(24256K)->24024K(24256K) Class: 4868K(5056K)->4868K(5056K)
[3443.554s][info][gc             ] GC(782) Pause Young (Concurrent Start) (G1 Evacuation Pause) 3561M->1397M(4096M) 123.440ms
[3443.554s][info][gc             ] GC(783) Concurrent Mark Cycle
[3443.554s][info][gc,marking     ] GC(783) Concurrent Scan Root Regions
[3443.554s][info][gc,cpu         ] GC(782) User=0.73s Sys=0.00s Real=0.12s
[3443.693s][info][gc,marking     ] GC(783) Concurrent Scan Root Regions 139.425ms
[3443.693s][info][gc,marking     ] GC(783) Concurrent Mark
[3443.693s][info][gc,marking     ] GC(783) Concurrent Mark From Roots
[3443.693s][info][gc,task        ] GC(783) Using 2 workers of 2 for marking
.[3444.357s][info][gc,marking     ] GC(783) Concurrent Mark From Roots 663.875ms
[3444.357s][info][gc,marking     ] GC(783) Concurrent Preclean
[3444.357s][info][gc,marking     ] GC(783) Concurrent Preclean 0.119ms
[3444.358s][info][gc,start       ] GC(783) Pause Remark
[3444.363s][info][gc             ] GC(783) Pause Remark 2032M->2032M(4096M) 5.041ms
[3444.363s][info][gc,cpu         ] GC(783) User=0.03s Sys=0.00s Real=0.01s
[3444.363s][info][gc,marking     ] GC(783) Concurrent Mark 669.741ms
[3444.363s][info][gc,marking     ] GC(783) Concurrent Rebuild Remembered Sets and Scrub Regions
[3444.623s][info][gc,marking     ] GC(783) Concurrent Rebuild Remembered Sets and Scrub Regions 260.465ms
[3444.624s][info][gc,start       ] GC(783) Pause Cleanup
[3444.624s][info][gc             ] GC(783) Pause Cleanup 2239M->2239M(4096M) 0.112ms
[3444.624s][info][gc,cpu         ] GC(783) User=0.00s Sys=0.00s Real=0.00s
[3444.624s][info][gc,marking     ] GC(783) Concurrent Clear Claimed Marks
[3444.624s][info][gc,marking     ] GC(783) Concurrent Clear Claimed Marks 0.037ms
[3444.624s][info][gc,marking     ] GC(783) Concurrent Cleanup for Next Mark
[3444.629s][info][gc,marking     ] GC(783) Concurrent Cleanup for Next Mark 4.627ms
[3444.629s][info][gc             ] GC(783) Concurrent Mark Cycle 1074.948ms
..[3446.595s][info][gc,start       ] GC(784) Pause Young (Prepare Mixed) (G1 Evacuation Pause)
[3446.595s][info][gc,task        ] GC(784) Using 6 workers of 6 for evacuation
[3446.713s][info][gc,phases      ] GC(784)   Pre Evacuate Collection Set: 0.31ms
[3446.713s][info][gc,phases      ] GC(784)   Merge Heap Roots: 0.62ms
[3446.713s][info][gc,phases      ] GC(784)   Evacuate Collection Set: 116.12ms
[3446.713s][info][gc,phases      ] GC(784)   Post Evacuate Collection Set: 0.91ms
[3446.713s][info][gc,phases      ] GC(784)   Other: 0.08ms
[3446.713s][info][gc,heap        ] GC(784) Eden regions: 1114->0(1112)
[3446.713s][info][gc,heap        ] GC(784) Survivor regions: 114->108(154)
[3446.713s][info][gc,heap        ] GC(784) Old regions: 506->537
[3446.713s][info][gc,heap        ] GC(784) Humongous regions: 80->80
[3446.713s][info][gc,metaspace   ] GC(784) Metaspace: 28892K(29312K)->28892K(29312K) NonClass: 24024K(24256K)->24024K(24256K) Class: 4868K(5056K)->4868K(5056K)
[3446.713s][info][gc             ] GC(784) Pause Young (Prepare Mixed) (G1 Evacuation Pause) 3625M->1448M(4096M) 118.178ms
[3446.714s][info][gc,cpu         ] GC(784) User=0.71s Sys=0.00s Real=0.12s
...[3449.745s][info][gc,start       ] GC(785) Pause Young (Mixed) (G1 Evacuation Pause)
[3449.745s][info][gc,task        ] GC(785) Using 6 workers of 6 for evacuation
[3449.878s][info][gc,phases      ] GC(785)   Pre Evacuate Collection Set: 0.35ms
[3449.878s][info][gc,phases      ] GC(785)   Merge Heap Roots: 0.72ms
[3449.878s][info][gc,phases      ] GC(785)   Evacuate Collection Set: 130.49ms
[3449.878s][info][gc,phases      ] GC(785)   Post Evacuate Collection Set: 0.95ms
[3449.878s][info][gc,phases      ] GC(785)   Other: 0.09ms
[3449.878s][info][gc,heap        ] GC(785) Eden regions: 1112->0(1120)
[3449.878s][info][gc,heap        ] GC(785) Survivor regions: 108->108(153)
[3449.878s][info][gc,heap        ] GC(785) Old regions: 537->474
[3449.878s][info][gc,heap        ] GC(785) Humongous regions: 80->80
[3449.878s][info][gc,metaspace   ] GC(785) Metaspace: 28892K(29312K)->28892K(29312K) NonClass: 24024K(24256K)->24024K(24256K) Class: 4868K(5056K)->4868K(5056K)
[3449.878s][info][gc             ] GC(785) Pause Young (Mixed) (G1 Evacuation Pause) 3672M->1322M(4096M) 132.718ms
[3449.878s][info][gc,cpu         ] GC(785) User=0.79s Sys=0.00s Real=0.13s
...[3452.894s][info][gc,start       ] GC(786) Pause Young (Concurrent Start) (G1 Evacuation Pause)
[3452.894s][info][gc,task        ] GC(786) Using 6 workers of 6 for evacuation
[3453.011s][info][gc,phases      ] GC(786)   Pre Evacuate Collection Set: 0.37ms
[3453.011s][info][gc,phases      ] GC(786)   Merge Heap Roots: 0.52ms
[3453.011s][info][gc,phases      ] GC(786)   Evacuate Collection Set: 115.41ms
[3453.011s][info][gc,phases      ] GC(786)   Post Evacuate Collection Set: 0.86ms
[3453.011s][info][gc,phases      ] GC(786)   Other: 0.11ms
[3453.011s][info][gc,heap        ] GC(786) Eden regions: 1120->0(1119)
[3453.011s][info][gc,heap        ] GC(786) Survivor regions: 108->109(154)
[3453.011s][info][gc,heap        ] GC(786) Old regions: 474->506
[3453.011s][info][gc,heap        ] GC(786) Humongous regions: 80->80
[3453.011s][info][gc,metaspace   ] GC(786) Metaspace: 28892K(29312K)->28892K(29312K) NonClass: 24024K(24256K)->24024K(24256K) Class: 4868K(5056K)->4868K(5056K)
[3453.011s][info][gc             ] GC(786) Pause Young (Concurrent Start) (G1 Evacuation Pause) 3562M->1387M(4096M) 117.389ms
[3453.011s][info][gc             ] GC(787) Concurrent Mark Cycle
[3453.011s][info][gc,marking     ] GC(787) Concurrent Scan Root Regions
[3453.011s][info][gc,cpu         ] GC(786) User=0.70s Sys=0.00s Real=0.12s
.[3453.195s][info][gc,marking     ] GC(787) Concurrent Scan Root Regions 183.114ms
[3453.195s][info][gc,marking     ] GC(787) Concurrent Mark
[3453.195s][info][gc,marking     ] GC(787) Concurrent Mark From Roots
[3453.195s][info][gc,task        ] GC(787) Using 2 workers of 2 for marking
[3454.001s][info][gc,marking     ] GC(787) Concurrent Mark From Roots 806.467ms
[3454.001s][info][gc,marking     ] GC(787) Concurrent Preclean
[3454.001s][info][gc,marking     ] GC(787) Concurrent Preclean 0.087ms
[3454.002s][info][gc,start       ] GC(787) Pause Remark
[3454.007s][info][gc             ] GC(787) Pause Remark 2157M->2157M(4096M) 5.436ms
[3454.007s][info][gc,cpu         ] GC(787) User=0.03s Sys=0.00s Real=0.00s
[3454.008s][info][gc,marking     ] GC(787) Concurrent Mark 813.451ms
[3454.008s][info][gc,marking     ] GC(787) Concurrent Rebuild Remembered Sets and Scrub Regions
.[3454.311s][info][gc,marking     ] GC(787) Concurrent Rebuild Remembered Sets and Scrub Regions 302.709ms
[3454.311s][info][gc,start       ] GC(787) Pause Cleanup
[3454.311s][info][gc             ] GC(787) Pause Cleanup 2387M->2387M(4096M) 0.119ms
[3454.311s][info][gc,cpu         ] GC(787) User=0.00s Sys=0.00s Real=0.00s
[3454.311s][info][gc,marking     ] GC(787) Concurrent Clear Claimed Marks
[3454.311s][info][gc,marking     ] GC(787) Concurrent Clear Claimed Marks 0.026ms
[3454.311s][info][gc,marking     ] GC(787) Concurrent Cleanup for Next Mark
[3454.315s][info][gc,marking     ] GC(787) Concurrent Cleanup for Next Mark 3.730ms
[3454.315s][info][gc             ] GC(787) Concurrent Mark Cycle 1303.576ms
.[3456.013s][info][gc,start       ] GC(788) Pause Young (Prepare Mixed) (G1 Evacuation Pause)
[3456.013s][info][gc,task        ] GC(788) Using 6 workers of 6 for evacuation
[3456.129s][info][gc,phases      ] GC(788)   Pre Evacuate Collection Set: 0.31ms
[3456.129s][info][gc,phases      ] GC(788)   Merge Heap Roots: 0.52ms
[3456.129s][info][gc,phases      ] GC(788)   Evacuate Collection Set: 114.04ms
[3456.129s][info][gc,phases      ] GC(788)   Post Evacuate Collection Set: 0.91ms
[3456.129s][info][gc,phases      ] GC(788)   Other: 0.08ms
[3456.129s][info][gc,heap        ] GC(788) Eden regions: 1119->0(1110)
[3456.129s][info][gc,heap        ] GC(788) Survivor regions: 109->109(154)
[3456.129s][info][gc,heap        ] GC(788) Old regions: 506->537
[3456.129s][info][gc,heap        ] GC(788) Humongous regions: 80->80
[3456.129s][info][gc,metaspace   ] GC(788) Metaspace: 28892K(29312K)->28892K(29312K) NonClass: 24024K(24256K)->24024K(24256K) Class: 4868K(5056K)->4868K(5056K)
[3456.129s][info][gc             ] GC(788) Pause Young (Prepare Mixed) (G1 Evacuation Pause) 3625M->1449M(4096M) 116.008ms
[3456.129s][info][gc,cpu         ] GC(788) User=0.69s Sys=0.00s Real=0.12s
....[3459.172s][info][gc,start       ] GC(789) Pause Young (Mixed) (G1 Evacuation Pause)
[3459.172s][info][gc,task        ] GC(789) Using 6 workers of 6 for evacuation
[3459.313s][info][gc,phases      ] GC(789)   Pre Evacuate Collection Set: 0.34ms
[3459.313s][info][gc,phases      ] GC(789)   Merge Heap Roots: 0.81ms
[3459.313s][info][gc,phases      ] GC(789)   Evacuate Collection Set: 138.17ms
[3459.313s][info][gc,phases      ] GC(789)   Post Evacuate Collection Set: 0.77ms
[3459.313s][info][gc,phases      ] GC(789)   Other: 0.10ms
[3459.313s][info][gc,heap        ] GC(789) Eden regions: 1110->0(1115)
[3459.313s][info][gc,heap        ] GC(789) Survivor regions: 109->113(153)
[3459.313s][info][gc,heap        ] GC(789) Old regions: 537->473
[3459.313s][info][gc,heap        ] GC(789) Humongous regions: 80->80
[3459.313s][info][gc,metaspace   ] GC(789) Metaspace: 28892K(29312K)->28892K(29312K) NonClass: 24024K(24256K)->24024K(24256K) Class: 4868K(5056K)->4868K(5056K)
[3459.313s][info][gc             ] GC(789) Pause Young (Mixed) (G1 Evacuation Pause) 3669M->1331M(4096M) 140.319ms
[3459.313s][info][gc,cpu         ] GC(789) User=0.84s Sys=0.00s Real=0.14s
...[3462.314s][info][gc,start       ] GC(790) Pause Young (Concurrent Start) (G1 Evacuation Pause)
[3462.314s][info][gc,task        ] GC(790) Using 6 workers of 6 for evacuation
[3462.434s][info][gc,phases      ] GC(790)   Pre Evacuate Collection Set: 0.34ms
[3462.434s][info][gc,phases      ] GC(790)   Merge Heap Roots: 0.54ms
[3462.434s][info][gc,phases      ] GC(790)   Evacuate Collection Set: 117.29ms
[3462.434s][info][gc,phases      ] GC(790)   Post Evacuate Collection Set: 0.88ms
[3462.434s][info][gc,phases      ] GC(790)   Other: 0.12ms
[3462.434s][info][gc,heap        ] GC(790) Eden regions: 1115->0(1116)
[3462.434s][info][gc,heap        ] GC(790) Survivor regions: 113->112(154)
[3462.434s][info][gc,heap        ] GC(790) Old regions: 473->505
[3462.434s][info][gc,heap        ] GC(790) Humongous regions: 80->80
[3462.434s][info][gc,metaspace   ] GC(790) Metaspace: 28892K(29312K)->28892K(29312K) NonClass: 24024K(24256K)->24024K(24256K) Class: 4868K(5056K)->4868K(5056K)
[3462.434s][info][gc             ] GC(790) Pause Young (Concurrent Start) (G1 Evacuation Pause) 3561M->1391M(4096M) 119.291ms
[3462.434s][info][gc             ] GC(791) Concurrent Mark Cycle
[3462.434s][info][gc,marking     ] GC(791) Concurrent Scan Root Regions
[3462.434s][info][gc,cpu         ] GC(790) User=0.71s Sys=0.00s Real=0.12s
[3462.614s][info][gc,marking     ] GC(791) Concurrent Scan Root Regions 180.250ms
[3462.614s][info][gc,marking     ] GC(791) Concurrent Mark
[3462.614s][info][gc,marking     ] GC(791) Concurrent Mark From Roots
[3462.614s][info][gc,task        ] GC(791) Using 2 workers of 2 for marking
.[3463.508s][info][gc,marking     ] GC(791) Concurrent Mark From Roots 894.039ms
[3463.508s][info][gc,marking     ] GC(791) Concurrent Preclean
[3463.508s][info][gc,marking     ] GC(791) Concurrent Preclean 0.104ms
[3463.508s][info][gc,start       ] GC(791) Pause Remark
[3463.513s][info][gc             ] GC(791) Pause Remark 2293M->2293M(4096M) 5.025ms
[3463.514s][info][gc,cpu         ] GC(791) User=0.03s Sys=0.00s Real=0.01s
[3463.514s][info][gc,marking     ] GC(791) Concurrent Mark 899.466ms
[3463.514s][info][gc,marking     ] GC(791) Concurrent Rebuild Remembered Sets and Scrub Regions
[3463.799s][info][gc,marking     ] GC(791) Concurrent Rebuild Remembered Sets and Scrub Regions 285.263ms
[3463.799s][info][gc,start       ] GC(791) Pause Cleanup
[3463.799s][info][gc             ] GC(791) Pause Cleanup 2451M->2451M(4096M) 0.104ms
[3463.799s][info][gc,cpu         ] GC(791) User=0.00s Sys=0.00s Real=0.00s
[3463.799s][info][gc,marking     ] GC(791) Concurrent Clear Claimed Marks
[3463.799s][info][gc,marking     ] GC(791) Concurrent Clear Claimed Marks 0.023ms
[3463.799s][info][gc,marking     ] GC(791) Concurrent Cleanup for Next Mark
[3463.804s][info][gc,marking     ] GC(791) Concurrent Cleanup for Next Mark 4.641ms
[3463.804s][info][gc             ] GC(791) Concurrent Mark Cycle 1370.104ms
..[3465.472s][info][gc,start       ] GC(792) Pause Young (Prepare Mixed) (G1 Evacuation Pause)
[3465.472s][info][gc,task        ] GC(792) Using 6 workers of 6 for evacuation
[3465.587s][info][gc,phases      ] GC(792)   Pre Evacuate Collection Set: 0.31ms
[3465.587s][info][gc,phases      ] GC(792)   Merge Heap Roots: 0.53ms
[3465.587s][info][gc,phases      ] GC(792)   Evacuate Collection Set: 113.12ms
[3465.587s][info][gc,phases      ] GC(792)   Post Evacuate Collection Set: 0.92ms
[3465.587s][info][gc,phases      ] GC(792)   Other: 0.09ms
[3465.587s][info][gc,heap        ] GC(792) Eden regions: 1116->0(1113)
[3465.587s][info][gc,heap        ] GC(792) Survivor regions: 112->108(154)
[3465.587s][info][gc,heap        ] GC(792) Old regions: 505->536
[3465.587s][info][gc,heap        ] GC(792) Humongous regions: 80->80
[3465.587s][info][gc,metaspace   ] GC(792) Metaspace: 28892K(29312K)->28892K(29312K) NonClass: 24024K(24256K)->24024K(24256K) Class: 4868K(5056K)->4868K(5056K)
[3465.588s][info][gc             ] GC(792) Pause Young (Prepare Mixed) (G1 Evacuation Pause) 3623M->1446M(4096M) 115.098ms
[3465.588s][info][gc,cpu         ] GC(792) User=0.68s Sys=0.00s Real=0.11s
...[3468.608s][info][gc,start       ] GC(793) Pause Young (Mixed) (G1 Evacuation Pause)
[3468.608s][info][gc,task        ] GC(793) Using 6 workers of 6 for evacuation
[3468.745s][info][gc,phases      ] GC(793)   Pre Evacuate Collection Set: 0.37ms
[3468.745s][info][gc,phases      ] GC(793)   Merge Heap Roots: 0.68ms
[3468.745s][info][gc,phases      ] GC(793)   Evacuate Collection Set: 135.25ms
[3468.745s][info][gc,phases      ] GC(793)   Post Evacuate Collection Set: 0.95ms
[3468.745s][info][gc,phases      ] GC(793)   Other: 0.09ms
[3468.745s][info][gc,heap        ] GC(793) Eden regions: 1113->0(1115)
[3468.745s][info][gc,heap        ] GC(793) Survivor regions: 108->113(153)
[3468.745s][info][gc,heap        ] GC(793) Old regions: 536->474
[3468.745s][info][gc,heap        ] GC(793) Humongous regions: 80->80
[3468.745s][info][gc,metaspace   ] GC(793) Metaspace: 28892K(29312K)->28892K(29312K) NonClass: 24024K(24256K)->24024K(24256K) Class: 4868K(5056K)->4868K(5056K)
[3468.746s][info][gc             ] GC(793) Pause Young (Mixed) (G1 Evacuation Pause) 3672M->1332M(4096M) 137.465ms
[3468.746s][info][gc,cpu         ] GC(793) User=0.82s Sys=0.00s Real=0.14s
...[3471.744s][info][gc,start       ] GC(794) Pause Young (Concurrent Start) (G1 Evacuation Pause)
[3471.744s][info][gc,task        ] GC(794) Using 6 workers of 6 for evacuation
[3471.864s][info][gc,phases      ] GC(794)   Pre Evacuate Collection Set: 0.35ms
[3471.864s][info][gc,phases      ] GC(794)   Merge Heap Roots: 0.53ms
[3471.864s][info][gc,phases      ] GC(794)   Evacuate Collection Set: 118.33ms
[3471.864s][info][gc,phases      ] GC(794)   Post Evacuate Collection Set: 0.85ms
[3471.864s][info][gc,phases      ] GC(794)   Other: 0.11ms
[3471.864s][info][gc,heap        ] GC(794) Eden regions: 1115->0(1118)
[3471.864s][info][gc,heap        ] GC(794) Survivor regions: 113->110(154)
[3471.864s][info][gc,heap        ] GC(794) Old regions: 474->507
[3471.864s][info][gc,heap        ] GC(794) Humongous regions: 80->80
[3471.864s][info][gc,metaspace   ] GC(794) Metaspace: 28892K(29312K)->28892K(29312K) NonClass: 24024K(24256K)->24024K(24256K) Class: 4868K(5056K)->4868K(5056K)
[3471.864s][info][gc             ] GC(794) Pause Young (Concurrent Start) (G1 Evacuation Pause) 3562M->1392M(4096M) 120.297ms
[3471.864s][info][gc             ] GC(795) Concurrent Mark Cycle
[3471.864s][info][gc,marking     ] GC(795) Concurrent Scan Root Regions
[3471.864s][info][gc,cpu         ] GC(794) User=0.72s Sys=0.00s Real=0.12s
[3472.049s][info][gc,marking     ] GC(795) Concurrent Scan Root Regions 185.075ms
[3472.049s][info][gc,marking     ] GC(795) Concurrent Mark
[3472.049s][info][gc,marking     ] GC(795) Concurrent Mark From Roots
[3472.049s][info][gc,task        ] GC(795) Using 2 workers of 2 for marking
.[3472.859s][info][gc,marking     ] GC(795) Concurrent Mark From Roots 809.384ms
[3472.859s][info][gc,marking     ] GC(795) Concurrent Preclean
[3472.859s][info][gc,marking     ] GC(795) Concurrent Preclean 0.085ms
[3472.860s][info][gc,start       ] GC(795) Pause Remark
[3472.865s][info][gc             ] GC(795) Pause Remark 2144M->2144M(4096M) 5.513ms
[3472.866s][info][gc,cpu         ] GC(795) User=0.03s Sys=0.00s Real=0.00s
[3472.866s][info][gc,marking     ] GC(795) Concurrent Mark 816.428ms
[3472.866s][info][gc,marking     ] GC(795) Concurrent Rebuild Remembered Sets and Scrub Regions
.[3473.180s][info][gc,marking     ] GC(795) Concurrent Rebuild Remembered Sets and Scrub Regions 314.585ms
[3473.181s][info][gc,start       ] GC(795) Pause Cleanup
[3473.181s][info][gc             ] GC(795) Pause Cleanup 2390M->2390M(4096M) 0.124ms
[3473.181s][info][gc,cpu         ] GC(795) User=0.00s Sys=0.00s Real=0.00s
[3473.182s][info][gc,marking     ] GC(795) Concurrent Clear Claimed Marks
[3473.182s][info][gc,marking     ] GC(795) Concurrent Clear Claimed Marks 0.034ms
[3473.182s][info][gc,marking     ] GC(795) Concurrent Cleanup for Next Mark
[3473.189s][info][gc,marking     ] GC(795) Concurrent Cleanup for Next Mark 7.701ms
[3473.189s][info][gc             ] GC(795) Concurrent Mark Cycle 1325.311ms
.[3474.916s][info][gc,start       ] GC(796) Pause Young (Prepare Mixed) (G1 Evacuation Pause)
[3474.916s][info][gc,task        ] GC(796) Using 6 workers of 6 for evacuation
[3475.034s][info][gc,phases      ] GC(796)   Pre Evacuate Collection Set: 0.32ms
[3475.034s][info][gc,phases      ] GC(796)   Merge Heap Roots: 0.51ms
[3475.034s][info][gc,phases      ] GC(796)   Evacuate Collection Set: 115.79ms
[3475.034s][info][gc,phases      ] GC(796)   Post Evacuate Collection Set: 0.92ms
[3475.034s][info][gc,phases      ] GC(796)   Other: 0.09ms
[3475.034s][info][gc,heap        ] GC(796) Eden regions: 1118->0(1105)
[3475.034s][info][gc,heap        ] GC(796) Survivor regions: 110->111(154)
[3475.034s][info][gc,heap        ] GC(796) Old regions: 507->538
[3475.034s][info][gc,heap        ] GC(796) Humongous regions: 80->80
[3475.034s][info][gc,metaspace   ] GC(796) Metaspace: 28892K(29312K)->28892K(29312K) NonClass: 24024K(24256K)->24024K(24256K) Class: 4868K(5056K)->4868K(5056K)
[3475.034s][info][gc             ] GC(796) Pause Young (Prepare Mixed) (G1 Evacuation Pause) 3628M->1456M(4096M) 117.755ms
[3475.034s][info][gc,cpu         ] GC(796) User=0.70s Sys=0.00s Real=0.12s
...[3478.020s][info][gc,start       ] GC(797) Pause Young (Mixed) (G1 Evacuation Pause)
[3478.020s][info][gc,task        ] GC(797) Using 6 workers of 6 for evacuation
[3478.154s][info][gc,phases      ] GC(797)   Pre Evacuate Collection Set: 0.37ms
[3478.154s][info][gc,phases      ] GC(797)   Merge Heap Roots: 0.82ms
[3478.154s][info][gc,phases      ] GC(797)   Evacuate Collection Set: 132.46ms
[3478.154s][info][gc,phases      ] GC(797)   Post Evacuate Collection Set: 0.93ms
[3478.154s][info][gc,phases      ] GC(797)   Other: 0.09ms
[3478.154s][info][gc,heap        ] GC(797) Eden regions: 1105->0(1117)
[3478.154s][info][gc,heap        ] GC(797) Survivor regions: 111->111(152)
[3478.154s][info][gc,heap        ] GC(797) Old regions: 538->473
[3478.154s][info][gc,heap        ] GC(797) Humongous regions: 80->80
[3478.154s][info][gc,metaspace   ] GC(797) Metaspace: 28892K(29312K)->28892K(29312K) NonClass: 24024K(24256K)->24024K(24256K) Class: 4868K(5056K)->4868K(5056K)
[3478.154s][info][gc             ] GC(797) Pause Young (Mixed) (G1 Evacuation Pause) 3666M->1327M(4096M) 134.806ms
[3478.155s][info][gc,cpu         ] GC(797) User=0.80s Sys=0.00s Real=0.13s
....[3481.209s][info][gc,start       ] GC(798) Pause Young (Concurrent Start) (G1 Evacuation Pause)
[3481.209s][info][gc,task        ] GC(798) Using 6 workers of 6 for evacuation
[3481.327s][info][gc,phases      ] GC(798)   Pre Evacuate Collection Set: 0.36ms
[3481.327s][info][gc,phases      ] GC(798)   Merge Heap Roots: 0.47ms
[3481.327s][info][gc,phases      ] GC(798)   Evacuate Collection Set: 116.03ms
[3481.327s][info][gc,phases      ] GC(798)   Post Evacuate Collection Set: 0.87ms
[3481.327s][info][gc,phases      ] GC(798)   Other: 0.11ms
[3481.327s][info][gc,heap        ] GC(798) Eden regions: 1117->0(1118)
[3481.327s][info][gc,heap        ] GC(798) Survivor regions: 111->110(154)
[3481.327s][info][gc,heap        ] GC(798) Old regions: 473->506
[3481.327s][info][gc,heap        ] GC(798) Humongous regions: 80->80
[3481.327s][info][gc,metaspace   ] GC(798) Metaspace: 28892K(29312K)->28892K(29312K) NonClass: 24024K(24256K)->24024K(24256K) Class: 4868K(5056K)->4868K(5056K)
[3481.327s][info][gc             ] GC(798) Pause Young (Concurrent Start) (G1 Evacuation Pause) 3561M->1390M(4096M) 117.952ms
[3481.327s][info][gc             ] GC(799) Concurrent Mark Cycle
[3481.327s][info][gc,marking     ] GC(799) Concurrent Scan Root Regions
[3481.327s][info][gc,cpu         ] GC(798) User=0.70s Sys=0.00s Real=0.11s
[3481.510s][info][gc,marking     ] GC(799) Concurrent Scan Root Regions 182.665ms
[3481.510s][info][gc,marking     ] GC(799) Concurrent Mark
[3481.510s][info][gc,marking     ] GC(799) Concurrent Mark From Roots
[3481.510s][info][gc,task        ] GC(799) Using 2 workers of 2 for marking
[3482.155s][info][gc,marking     ] GC(799) Concurrent Mark From Roots 644.824ms
[3482.155s][info][gc,marking     ] GC(799) Concurrent Preclean
[3482.155s][info][gc,marking     ] GC(799) Concurrent Preclean 0.086ms
[3482.156s][info][gc,start       ] GC(799) Pause Remark
[3482.161s][info][gc             ] GC(799) Pause Remark 2046M->2046M(4096M) 5.009ms
[3482.162s][info][gc,cpu         ] GC(799) User=0.03s Sys=0.01s Real=0.01s
[3482.162s][info][gc,marking     ] GC(799) Concurrent Mark 651.591ms
[3482.162s][info][gc,marking     ] GC(799) Concurrent Rebuild Remembered Sets and Scrub Regions
.[3482.405s][info][gc,marking     ] GC(799) Concurrent Rebuild Remembered Sets and Scrub Regions 243.032ms
[3482.405s][info][gc,start       ] GC(799) Pause Cleanup
[3482.405s][info][gc             ] GC(799) Pause Cleanup 2239M->2239M(4096M) 0.095ms
[3482.405s][info][gc,cpu         ] GC(799) User=0.00s Sys=0.00s Real=0.00s
[3482.405s][info][gc,marking     ] GC(799) Concurrent Clear Claimed Marks
[3482.405s][info][gc,marking     ] GC(799) Concurrent Clear Claimed Marks 0.022ms
[3482.405s][info][gc,marking     ] GC(799) Concurrent Cleanup for Next Mark
[3482.409s][info][gc,marking     ] GC(799) Concurrent Cleanup for Next Mark 4.402ms
[3482.409s][info][gc             ] GC(799) Concurrent Mark Cycle 1082.123ms
..[3484.380s][info][gc,start       ] GC(800) Pause Young (Prepare Mixed) (G1 Evacuation Pause)
[3484.380s][info][gc,task        ] GC(800) Using 6 workers of 6 for evacuation
[3484.499s][info][gc,phases      ] GC(800)   Pre Evacuate Collection Set: 0.33ms
[3484.499s][info][gc,phases      ] GC(800)   Merge Heap Roots: 0.56ms
[3484.499s][info][gc,phases      ] GC(800)   Evacuate Collection Set: 117.14ms
[3484.499s][info][gc,phases      ] GC(800)   Post Evacuate Collection Set: 0.93ms
[3484.499s][info][gc,phases      ] GC(800)   Other: 0.09ms
[3484.499s][info][gc,heap        ] GC(800) Eden regions: 1118->0(1104)
[3484.499s][info][gc,heap        ] GC(800) Survivor regions: 110->112(154)
[3484.499s][info][gc,heap        ] GC(800) Old regions: 506->537
[3484.499s][info][gc,heap        ] GC(800) Humongous regions: 80->80
[3484.499s][info][gc,metaspace   ] GC(800) Metaspace: 28892K(29312K)->28892K(29312K) NonClass: 24024K(24256K)->24024K(24256K) Class: 4868K(5056K)->4868K(5056K)
[3484.499s][info][gc             ] GC(800) Pause Young (Prepare Mixed) (G1 Evacuation Pause) 3626M->1456M(4096M) 119.203ms
[3484.499s][info][gc,cpu         ] GC(800) User=0.71s Sys=0.00s Real=0.12s
...[3487.464s][info][gc,start       ] GC(801) Pause Young (Mixed) (G1 Evacuation Pause)
[3487.464s][info][gc,task        ] GC(801) Using 6 workers of 6 for evacuation
[3487.600s][info][gc,phases      ] GC(801)   Pre Evacuate Collection Set: 0.37ms
[3487.600s][info][gc,phases      ] GC(801)   Merge Heap Roots: 0.74ms
[3487.600s][info][gc,phases      ] GC(801)   Evacuate Collection Set: 134.05ms
[3487.600s][info][gc,phases      ] GC(801)   Post Evacuate Collection Set: 0.95ms
[3487.600s][info][gc,phases      ] GC(801)   Other: 0.09ms
[3487.600s][info][gc,heap        ] GC(801) Eden regions: 1104->0(1116)
[3487.600s][info][gc,heap        ] GC(801) Survivor regions: 112->112(152)
[3487.600s][info][gc,heap        ] GC(801) Old regions: 537->474
[3487.600s][info][gc,heap        ] GC(801) Humongous regions: 80->80
[3487.600s][info][gc,metaspace   ] GC(801) Metaspace: 28892K(29312K)->28892K(29312K) NonClass: 24024K(24256K)->24024K(24256K) Class: 4868K(5056K)->4868K(5056K)
[3487.600s][info][gc             ] GC(801) Pause Young (Mixed) (G1 Evacuation Pause) 3664M->1330M(4096M) 136.330ms
[3487.600s][info][gc,cpu         ] GC(801) User=0.81s Sys=0.00s Real=0.14s
... (rIR:aIR:PR = 5950:5949:5949) (tPR = 88027) [OK] 
  3490s: Performance info:
         Transaction,    Success,    Partial,     Failed,   Receipts, AvgBarcode, 
             Overall,     358951,          0,          0,     341017,      59.47, 
         Response times:
             Request,    Success,    Partial,     Failed,   SkipFail,     Probes,    Samples,      min,      p50,      p90,      p95,      p99,      max, 
       TotalPurchase,     341017,          0,          0,          0,     333547,     404331,      300,     4900,    15100,    38000,    91000,   291000,
     InStorePurchase,     179489,          0,          0,          0,     176149,     212722,      300,     4900,    15000,    38000,    92000,   291000,
      OnlinePurchase,     125636,          0,          0,          0,     122503,     148875,      300,     4800,    15100,    38000,    90000,   246000,
        InstPurchase,      35892,          0,          0,          0,      34895,      42734,      400,     5300,    15900,    39000,    92000,   203000,
          AssocOfCat,        357,          0,          0,          0,        277,        421,    22000,    37000,    90600,   128000,   182460,   189000,
      AssocOfProduct,       3589,          0,          0,          0,       3275,       4180,      600,     6200,    21000,    48000,   108380,   192000,
      BusinessReport,        900,          0,          0,          0,        787,       1062,    24000,    43000,    80000,   106850,   209000,   226000,
          CustBuyBeh,       3587,          0,          0,          0,       3338,       4217,      300,     5600,    18420,    46000,   108820,   194000,
       ProductReturn,       9500,          0,          0,          0,       9138,      11563,      200,     3600,    12600,    31000,    78360,   194000,

  3490s: (44%)   IR =   6088 [3490.599s][info][gc,start       ] GC(802) Pause Young (Concurrent Start) (G1 Evacuation Pause)
[3490.599s][info][gc,task        ] GC(802) Using 6 workers of 6 for evacuation
[3490.714s][info][gc,phases      ] GC(802)   Pre Evacuate Collection Set: 0.35ms
[3490.714s][info][gc,phases      ] GC(802)   Merge Heap Roots: 0.45ms
[3490.714s][info][gc,phases      ] GC(802)   Evacuate Collection Set: 113.30ms
[3490.714s][info][gc,phases      ] GC(802)   Post Evacuate Collection Set: 0.87ms
[3490.714s][info][gc,phases      ] GC(802)   Other: 0.12ms
[3490.714s][info][gc,heap        ] GC(802) Eden regions: 1116->0(1120)
[3490.714s][info][gc,heap        ] GC(802) Survivor regions: 112->108(154)
[3490.714s][info][gc,heap        ] GC(802) Old regions: 474->507
[3490.714s][info][gc,heap        ] GC(802) Humongous regions: 80->80
[3490.714s][info][gc,metaspace   ] GC(802) Metaspace: 28892K(29312K)->28892K(29312K) NonClass: 24024K(24256K)->24024K(24256K) Class: 4868K(5056K)->4868K(5056K)
[3490.714s][info][gc             ] GC(802) Pause Young (Concurrent Start) (G1 Evacuation Pause) 3562M->1387M(4096M) 115.249ms
[3490.714s][info][gc             ] GC(803) Concurrent Mark Cycle
[3490.714s][info][gc,marking     ] GC(803) Concurrent Scan Root Regions
[3490.714s][info][gc,cpu         ] GC(802) User=0.68s Sys=0.00s Real=0.11s
[3490.912s][info][gc,marking     ] GC(803) Concurrent Scan Root Regions 197.984ms
[3490.912s][info][gc,marking     ] GC(803) Concurrent Mark
[3490.912s][info][gc,marking     ] GC(803) Concurrent Mark From Roots
[3490.912s][info][gc,task        ] GC(803) Using 2 workers of 2 for marking
.[3491.577s][info][gc,marking     ] GC(803) Concurrent Mark From Roots 665.134ms
[3491.577s][info][gc,marking     ] GC(803) Concurrent Preclean
[3491.577s][info][gc,marking     ] GC(803) Concurrent Preclean 0.103ms
[3491.578s][info][gc,start       ] GC(803) Pause Remark
[3491.584s][info][gc             ] GC(803) Pause Remark 2079M->2079M(4096M) 6.020ms
[3491.584s][info][gc,cpu         ] GC(803) User=0.03s Sys=0.00s Real=0.01s
[3491.584s][info][gc,marking     ] GC(803) Concurrent Mark 671.589ms
[3491.584s][info][gc,marking     ] GC(803) Concurrent Rebuild Remembered Sets and Scrub Regions
[3491.910s][info][gc,marking     ] GC(803) Concurrent Rebuild Remembered Sets and Scrub Regions 325.981ms
[3491.910s][info][gc,start       ] GC(803) Pause Cleanup
[3491.910s][info][gc             ] GC(803) Pause Cleanup 2360M->2360M(4096M) 0.106ms
[3491.910s][info][gc,cpu         ] GC(803) User=0.00s Sys=0.00s Real=0.00s
[3491.912s][info][gc,marking     ] GC(803) Concurrent Clear Claimed Marks
[3491.912s][info][gc,marking     ] GC(803) Concurrent Clear Claimed Marks 0.044ms
[3491.912s][info][gc,marking     ] GC(803) Concurrent Cleanup for Next Mark
[3491.918s][info][gc,marking     ] GC(803) Concurrent Cleanup for Next Mark 6.508ms
[3491.918s][info][gc             ] GC(803) Concurrent Mark Cycle 1204.158ms
..[3493.688s][info][gc,start       ] GC(804) Pause Young (Prepare Mixed) (G1 Evacuation Pause)
[3493.688s][info][gc,task        ] GC(804) Using 6 workers of 6 for evacuation
[3493.805s][info][gc,phases      ] GC(804)   Pre Evacuate Collection Set: 0.31ms
[3493.805s][info][gc,phases      ] GC(804)   Merge Heap Roots: 0.61ms
[3493.805s][info][gc,phases      ] GC(804)   Evacuate Collection Set: 114.41ms
[3493.805s][info][gc,phases      ] GC(804)   Post Evacuate Collection Set: 0.89ms
[3493.805s][info][gc,phases      ] GC(804)   Other: 0.09ms
[3493.805s][info][gc,heap        ] GC(804) Eden regions: 1120->0(1112)
[3493.805s][info][gc,heap        ] GC(804) Survivor regions: 108->107(154)
[3493.805s][info][gc,heap        ] GC(804) Old regions: 507->539
[3493.805s][info][gc,heap        ] GC(804) Humongous regions: 80->80
[3493.805s][info][gc,metaspace   ] GC(804) Metaspace: 28892K(29312K)->28892K(29312K) NonClass: 24024K(24256K)->24024K(24256K) Class: 4868K(5056K)->4868K(5056K)
[3493.805s][info][gc             ] GC(804) Pause Young (Prepare Mixed) (G1 Evacuation Pause) 3627M->1449M(4096M) 116.432ms
[3493.805s][info][gc,cpu         ] GC(804) User=0.69s Sys=0.00s Real=0.12s
..|.[3496.729s][info][gc,start       ] GC(805) Pause Young (Mixed) (G1 Evacuation Pause)
[3496.729s][info][gc,task        ] GC(805) Using 6 workers of 6 for evacuation
[3496.863s][info][gc,phases      ] GC(805)   Pre Evacuate Collection Set: 0.36ms
[3496.863s][info][gc,phases      ] GC(805)   Merge Heap Roots: 0.62ms
[3496.863s][info][gc,phases      ] GC(805)   Evacuate Collection Set: 132.12ms
[3496.863s][info][gc,phases      ] GC(805)   Post Evacuate Collection Set: 0.92ms
[3496.863s][info][gc,phases      ] GC(805)   Other: 0.08ms
[3496.863s][info][gc,heap        ] GC(805) Eden regions: 1112->0(1116)
[3496.863s][info][gc,heap        ] GC(805) Survivor regions: 107->112(153)
[3496.863s][info][gc,heap        ] GC(805) Old regions: 539->475
[3496.863s][info][gc,heap        ] GC(805) Humongous regions: 80->80
[3496.863s][info][gc,metaspace   ] GC(805) Metaspace: 28892K(29312K)->28892K(29312K) NonClass: 24024K(24256K)->24024K(24256K) Class: 4868K(5056K)->4868K(5056K)
[3496.863s][info][gc             ] GC(805) Pause Young (Mixed) (G1 Evacuation Pause) 3673M->1332M(4096M) 134.240ms
[3496.863s][info][gc,cpu         ] GC(805) User=0.80s Sys=0.00s Real=0.13s
...[3499.810s][info][gc,start       ] GC(806) Pause Young (Concurrent Start) (G1 Evacuation Pause)
[3499.810s][info][gc,task        ] GC(806) Using 6 workers of 6 for evacuation
[3499.931s][info][gc,phases      ] GC(806)   Pre Evacuate Collection Set: 0.35ms
[3499.931s][info][gc,phases      ] GC(806)   Merge Heap Roots: 0.46ms
[3499.931s][info][gc,phases      ] GC(806)   Evacuate Collection Set: 119.23ms
[3499.931s][info][gc,phases      ] GC(806)   Post Evacuate Collection Set: 0.87ms
[3499.931s][info][gc,phases      ] GC(806)   Other: 0.12ms
[3499.931s][info][gc,heap        ] GC(806) Eden regions: 1116->0(1116)
[3499.931s][info][gc,heap        ] GC(806) Survivor regions: 112->112(154)
[3499.931s][info][gc,heap        ] GC(806) Old regions: 475->508
[3499.931s][info][gc,heap        ] GC(806) Humongous regions: 80->80
[3499.931s][info][gc,metaspace   ] GC(806) Metaspace: 28892K(29312K)->28892K(29312K) NonClass: 24024K(24256K)->24024K(24256K) Class: 4868K(5056K)->4868K(5056K)
[3499.931s][info][gc             ] GC(806) Pause Young (Concurrent Start) (G1 Evacuation Pause) 3564M->1398M(4096M) 121.164ms
[3499.931s][info][gc             ] GC(807) Concurrent Mark Cycle
[3499.931s][info][gc,marking     ] GC(807) Concurrent Scan Root Regions
[3499.931s][info][gc,cpu         ] GC(806) User=0.72s Sys=0.00s Real=0.12s
[3500.087s][info][gc,marking     ] GC(807) Concurrent Scan Root Regions 156.551ms
[3500.087s][info][gc,marking     ] GC(807) Concurrent Mark
[3500.087s][info][gc,marking     ] GC(807) Concurrent Mark From Roots
[3500.087s][info][gc,task        ] GC(807) Using 2 workers of 2 for marking
.[3500.761s][info][gc,marking     ] GC(807) Concurrent Mark From Roots 674.101ms
[3500.761s][info][gc,marking     ] GC(807) Concurrent Preclean
[3500.762s][info][gc,marking     ] GC(807) Concurrent Preclean 0.132ms
[3500.762s][info][gc,start       ] GC(807) Pause Remark
[3500.768s][info][gc             ] GC(807) Pause Remark 2080M->2080M(4096M) 6.023ms
[3500.769s][info][gc,cpu         ] GC(807) User=0.03s Sys=0.01s Real=0.01s
[3500.769s][info][gc,marking     ] GC(807) Concurrent Mark 681.238ms
[3500.769s][info][gc,marking     ] GC(807) Concurrent Rebuild Remembered Sets and Scrub Regions
[3501.011s][info][gc,marking     ] GC(807) Concurrent Rebuild Remembered Sets and Scrub Regions 242.569ms
[3501.011s][info][gc,start       ] GC(807) Pause Cleanup
[3501.011s][info][gc             ] GC(807) Pause Cleanup 2241M->2241M(4096M) 0.099ms
[3501.011s][info][gc,cpu         ] GC(807) User=0.00s Sys=0.00s Real=0.00s
[3501.011s][info][gc,marking     ] GC(807) Concurrent Clear Claimed Marks
[3501.011s][info][gc,marking     ] GC(807) Concurrent Clear Claimed Marks 0.022ms
[3501.011s][info][gc,marking     ] GC(807) Concurrent Cleanup for Next Mark
[3501.016s][info][gc,marking     ] GC(807) Concurrent Cleanup for Next Mark 4.397ms
[3501.016s][info][gc             ] GC(807) Concurrent Mark Cycle 1085.167ms
..[3502.949s][info][gc,start       ] GC(808) Pause Young (Prepare Mixed) (G1 Evacuation Pause)
[3502.949s][info][gc,task        ] GC(808) Using 6 workers of 6 for evacuation
[3503.065s][info][gc,phases      ] GC(808)   Pre Evacuate Collection Set: 0.31ms
[3503.065s][info][gc,phases      ] GC(808)   Merge Heap Roots: 0.49ms
[3503.065s][info][gc,phases      ] GC(808)   Evacuate Collection Set: 114.15ms
[3503.065s][info][gc,phases      ] GC(808)   Post Evacuate Collection Set: 0.91ms
[3503.065s][info][gc,phases      ] GC(808)   Other: 0.09ms
[3503.065s][info][gc,heap        ] GC(808) Eden regions: 1116->0(1106)
[3503.065s][info][gc,heap        ] GC(808) Survivor regions: 112->110(154)
[3503.065s][info][gc,heap        ] GC(808) Old regions: 508->539
[3503.065s][info][gc,heap        ] GC(808) Humongous regions: 80->80
[3503.065s][info][gc,metaspace   ] GC(808) Metaspace: 28892K(29312K)->28892K(29312K) NonClass: 24024K(24256K)->24024K(24256K) Class: 4868K(5056K)->4868K(5056K)
[3503.065s][info][gc             ] GC(808) Pause Young (Prepare Mixed) (G1 Evacuation Pause) 3630M->1457M(4096M) 116.093ms
[3503.065s][info][gc,cpu         ] GC(808) User=0.69s Sys=0.00s Real=0.11s
...[3505.916s][info][gc,start       ] GC(809) Pause Young (Mixed) (G1 Evacuation Pause)
[3505.916s][info][gc,task        ] GC(809) Using 6 workers of 6 for evacuation
[3506.051s][info][gc,phases      ] GC(809)   Pre Evacuate Collection Set: 0.36ms
[3506.051s][info][gc,phases      ] GC(809)   Merge Heap Roots: 0.90ms
[3506.051s][info][gc,phases      ] GC(809)   Evacuate Collection Set: 132.75ms
[3506.051s][info][gc,phases      ] GC(809)   Post Evacuate Collection Set: 0.93ms
[3506.051s][info][gc,phases      ] GC(809)   Other: 0.10ms
[3506.051s][info][gc,heap        ] GC(809) Eden regions: 1106->0(1120)
[3506.051s][info][gc,heap        ] GC(809) Survivor regions: 110->108(152)
[3506.051s][info][gc,heap        ] GC(809) Old regions: 539->474
[3506.051s][info][gc,heap        ] GC(809) Humongous regions: 80->80
[3506.051s][info][gc,metaspace   ] GC(809) Metaspace: 28892K(29312K)->28892K(29312K) NonClass: 24024K(24256K)->24024K(24256K) Class: 4868K(5056K)->4868K(5056K)
[3506.051s][info][gc             ] GC(809) Pause Young (Mixed) (G1 Evacuation Pause) 3669M->1322M(4096M) 135.198ms
[3506.051s][info][gc,cpu         ] GC(809) User=0.81s Sys=0.00s Real=0.14s
...[3508.970s][info][gc,start       ] GC(810) Pause Young (Concurrent Start) (G1 Evacuation Pause)
[3508.970s][info][gc,task        ] GC(810) Using 6 workers of 6 for evacuation
[3509.086s][info][gc,phases      ] GC(810)   Pre Evacuate Collection Set: 0.41ms
[3509.086s][info][gc,phases      ] GC(810)   Merge Heap Roots: 0.52ms
[3509.086s][info][gc,phases      ] GC(810)   Evacuate Collection Set: 113.44ms
[3509.086s][info][gc,phases      ] GC(810)   Post Evacuate Collection Set: 0.88ms
[3509.086s][info][gc,phases      ] GC(810)   Other: 0.12ms
[3509.086s][info][gc,heap        ] GC(810) Eden regions: 1120->0(1120)
[3509.086s][info][gc,heap        ] GC(810) Survivor regions: 108->108(154)
[3509.086s][info][gc,heap        ] GC(810) Old regions: 474->506
[3509.086s][info][gc,heap        ] GC(810) Humongous regions: 80->80
[3509.086s][info][gc,metaspace   ] GC(810) Metaspace: 28892K(29312K)->28892K(29312K) NonClass: 24024K(24256K)->24024K(24256K) Class: 4868K(5056K)->4868K(5056K)
[3509.086s][info][gc             ] GC(810) Pause Young (Concurrent Start) (G1 Evacuation Pause) 3562M->1386M(4096M) 115.505ms
[3509.086s][info][gc             ] GC(811) Concurrent Mark Cycle
[3509.086s][info][gc,marking     ] GC(811) Concurrent Scan Root Regions
[3509.086s][info][gc,cpu         ] GC(810) User=0.69s Sys=0.00s Real=0.11s
[3509.262s][info][gc,marking     ] GC(811) Concurrent Scan Root Regions 175.835ms
[3509.262s][info][gc,marking     ] GC(811) Concurrent Mark
[3509.262s][info][gc,marking     ] GC(811) Concurrent Mark From Roots
[3509.262s][info][gc,task        ] GC(811) Using 2 workers of 2 for marking
.[3510.054s][info][gc,marking     ] GC(811) Concurrent Mark From Roots 791.917ms
[3510.054s][info][gc,marking     ] GC(811) Concurrent Preclean
[3510.054s][info][gc,marking     ] GC(811) Concurrent Preclean 0.115ms
[3510.055s][info][gc,start       ] GC(811) Pause Remark
[3510.060s][info][gc             ] GC(811) Pause Remark 2136M->2136M(4096M) 5.498ms
[3510.060s][info][gc,cpu         ] GC(811) User=0.03s Sys=0.00s Real=0.01s
[3510.060s][info][gc,marking     ] GC(811) Concurrent Mark 798.630ms
[3510.060s][info][gc,marking     ] GC(811) Concurrent Rebuild Remembered Sets and Scrub Regions
.[3510.320s][info][gc,marking     ] GC(811) Concurrent Rebuild Remembered Sets and Scrub Regions 259.109ms
[3510.320s][info][gc,start       ] GC(811) Pause Cleanup
[3510.320s][info][gc             ] GC(811) Pause Cleanup 2337M->2337M(4096M) 0.108ms
[3510.320s][info][gc,cpu         ] GC(811) User=0.00s Sys=0.00s Real=0.00s
[3510.320s][info][gc,marking     ] GC(811) Concurrent Clear Claimed Marks
[3510.320s][info][gc,marking     ] GC(811) Concurrent Clear Claimed Marks 0.020ms
[3510.320s][info][gc,marking     ] GC(811) Concurrent Cleanup for Next Mark
[3510.324s][info][gc,marking     ] GC(811) Concurrent Cleanup for Next Mark 4.439ms
[3510.324s][info][gc             ] GC(811) Concurrent Mark Cycle 1238.454ms
.[3512.093s][info][gc,start       ] GC(812) Pause Young (Prepare Mixed) (G1 Evacuation Pause)
[3512.093s][info][gc,task        ] GC(812) Using 6 workers of 6 for evacuation
[3512.213s][info][gc,phases      ] GC(812)   Pre Evacuate Collection Set: 0.36ms
[3512.213s][info][gc,phases      ] GC(812)   Merge Heap Roots: 0.57ms
[3512.213s][info][gc,phases      ] GC(812)   Evacuate Collection Set: 117.93ms
[3512.213s][info][gc,phases      ] GC(812)   Post Evacuate Collection Set: 0.94ms
[3512.213s][info][gc,phases      ] GC(812)   Other: 0.09ms
[3512.213s][info][gc,heap        ] GC(812) Eden regions: 1120->0(1109)
[3512.213s][info][gc,heap        ] GC(812) Survivor regions: 108->109(154)
[3512.213s][info][gc,heap        ] GC(812) Old regions: 506->538
[3512.213s][info][gc,heap        ] GC(812) Humongous regions: 80->80
[3512.213s][info][gc,metaspace   ] GC(812) Metaspace: 28892K(29312K)->28892K(29312K) NonClass: 24024K(24256K)->24024K(24256K) Class: 4868K(5056K)->4868K(5056K)
[3512.213s][info][gc             ] GC(812) Pause Young (Prepare Mixed) (G1 Evacuation Pause) 3626M->1452M(4096M) 120.009ms
[3512.213s][info][gc,cpu         ] GC(812) User=0.71s Sys=0.00s Real=0.12s
...[3515.095s][info][gc,start       ] GC(813) Pause Young (Mixed) (G1 Evacuation Pause)
[3515.095s][info][gc,task        ] GC(813) Using 6 workers of 6 for evacuation
[3515.229s][info][gc,phases      ] GC(813)   Pre Evacuate Collection Set: 0.38ms
[3515.229s][info][gc,phases      ] GC(813)   Merge Heap Roots: 0.75ms
[3515.229s][info][gc,phases      ] GC(813)   Evacuate Collection Set: 132.08ms
[3515.229s][info][gc,phases      ] GC(813)   Post Evacuate Collection Set: 0.80ms
[3515.229s][info][gc,phases      ] GC(813)   Other: 0.08ms
[3515.229s][info][gc,heap        ] GC(813) Eden regions: 1109->0(1119)
[3515.229s][info][gc,heap        ] GC(813) Survivor regions: 109->109(153)
[3515.229s][info][gc,heap        ] GC(813) Old regions: 538->475
[3515.229s][info][gc,heap        ] GC(813) Humongous regions: 80->80
[3515.229s][info][gc,metaspace   ] GC(813) Metaspace: 28892K(29312K)->28892K(29312K) NonClass: 24024K(24256K)->24024K(24256K) Class: 4868K(5056K)->4868K(5056K)
[3515.229s][info][gc             ] GC(813) Pause Young (Mixed) (G1 Evacuation Pause) 3670M->1326M(4096M) 134.219ms
[3515.229s][info][gc,cpu         ] GC(813) User=0.80s Sys=0.00s Real=0.14s
...[3518.198s][info][gc,start       ] GC(814) Pause Young (Concurrent Start) (G1 Evacuation Pause)
[3518.198s][info][gc,task        ] GC(814) Using 6 workers of 6 for evacuation
[3518.318s][info][gc,phases      ] GC(814)   Pre Evacuate Collection Set: 0.34ms
[3518.318s][info][gc,phases      ] GC(814)   Merge Heap Roots: 0.47ms
[3518.318s][info][gc,phases      ] GC(814)   Evacuate Collection Set: 118.08ms
[3518.318s][info][gc,phases      ] GC(814)   Post Evacuate Collection Set: 0.86ms
[3518.318s][info][gc,phases      ] GC(814)   Other: 0.09ms
[3518.318s][info][gc,heap        ] GC(814) Eden regions: 1119->0(1116)
[3518.318s][info][gc,heap        ] GC(814) Survivor regions: 109->112(154)
[3518.318s][info][gc,heap        ] GC(814) Old regions: 475->508
[3518.318s][info][gc,heap        ] GC(814) Humongous regions: 80->80
[3518.318s][info][gc,metaspace   ] GC(814) Metaspace: 28892K(29312K)->28892K(29312K) NonClass: 24024K(24256K)->24024K(24256K) Class: 4868K(5056K)->4868K(5056K)
[3518.318s][info][gc             ] GC(814) Pause Young (Concurrent Start) (G1 Evacuation Pause) 3564M->1398M(4096M) 119.967ms
[3518.318s][info][gc             ] GC(815) Concurrent Mark Cycle
[3518.318s][info][gc,marking     ] GC(815) Concurrent Scan Root Regions
[3518.318s][info][gc,cpu         ] GC(814) User=0.71s Sys=0.00s Real=0.12s
.[3518.458s][info][gc,marking     ] GC(815) Concurrent Scan Root Regions 140.537ms
[3518.458s][info][gc,marking     ] GC(815) Concurrent Mark
[3518.458s][info][gc,marking     ] GC(815) Concurrent Mark From Roots
[3518.458s][info][gc,task        ] GC(815) Using 2 workers of 2 for marking
[3519.156s][info][gc,marking     ] GC(815) Concurrent Mark From Roots 698.004ms
[3519.156s][info][gc,marking     ] GC(815) Concurrent Preclean
[3519.157s][info][gc,marking     ] GC(815) Concurrent Preclean 0.084ms
[3519.157s][info][gc,start       ] GC(815) Pause Remark
[3519.162s][info][gc             ] GC(815) Pause Remark 2107M->2107M(4096M) 4.976ms
[3519.162s][info][gc,cpu         ] GC(815) User=0.03s Sys=0.00s Real=0.01s
[3519.162s][info][gc,marking     ] GC(815) Concurrent Mark 703.289ms
[3519.162s][info][gc,marking     ] GC(815) Concurrent Rebuild Remembered Sets and Scrub Regions
[3519.370s][info][gc,marking     ] GC(815) Concurrent Rebuild Remembered Sets and Scrub Regions 208.669ms
[3519.371s][info][gc,start       ] GC(815) Pause Cleanup
[3519.371s][info][gc             ] GC(815) Pause Cleanup 2218M->2218M(4096M) 0.097ms
[3519.371s][info][gc,cpu         ] GC(815) User=0.00s Sys=0.00s Real=0.00s
[3519.371s][info][gc,marking     ] GC(815) Concurrent Clear Claimed Marks
[3519.371s][info][gc,marking     ] GC(815) Concurrent Clear Claimed Marks 0.035ms
[3519.371s][info][gc,marking     ] GC(815) Concurrent Cleanup for Next Mark
[3519.378s][info][gc,marking     ] GC(815) Concurrent Cleanup for Next Mark 6.165ms
[3519.378s][info][gc             ] GC(815) Concurrent Mark Cycle 1059.788ms
..[3521.334s][info][gc,start       ] GC(816) Pause Young (Prepare Mixed) (G1 Evacuation Pause)
[3521.335s][info][gc,task        ] GC(816) Using 6 workers of 6 for evacuation
[3521.453s][info][gc,phases      ] GC(816)   Pre Evacuate Collection Set: 0.34ms
[3521.453s][info][gc,phases      ] GC(816)   Merge Heap Roots: 0.54ms
[3521.453s][info][gc,phases      ] GC(816)   Evacuate Collection Set: 116.64ms
[3521.453s][info][gc,phases      ] GC(816)   Post Evacuate Collection Set: 0.91ms
[3521.453s][info][gc,phases      ] GC(816)   Other: 0.09ms
[3521.453s][info][gc,heap        ] GC(816) Eden regions: 1116->0(1104)
[3521.453s][info][gc,heap        ] GC(816) Survivor regions: 112->111(154)
[3521.453s][info][gc,heap        ] GC(816) Old regions: 508->539
[3521.453s][info][gc,heap        ] GC(816) Humongous regions: 80->80
[3521.453s][info][gc,metaspace   ] GC(816) Metaspace: 28892K(29312K)->28892K(29312K) NonClass: 24024K(24256K)->24024K(24256K) Class: 4868K(5056K)->4868K(5056K)
[3521.453s][info][gc             ] GC(816) Pause Young (Prepare Mixed) (G1 Evacuation Pause) 3630M->1457M(4096M) 118.656ms
[3521.453s][info][gc,cpu         ] GC(816) User=0.71s Sys=0.01s Real=0.12s
...[3524.359s][info][gc,start       ] GC(817) Pause Young (Mixed) (G1 Evacuation Pause)
[3524.359s][info][gc,task        ] GC(817) Using 6 workers of 6 for evacuation
[3524.493s][info][gc,phases      ] GC(817)   Pre Evacuate Collection Set: 0.39ms
[3524.493s][info][gc,phases      ] GC(817)   Merge Heap Roots: 0.74ms
[3524.493s][info][gc,phases      ] GC(817)   Evacuate Collection Set: 132.40ms
[3524.493s][info][gc,phases      ] GC(817)   Post Evacuate Collection Set: 0.95ms
[3524.493s][info][gc,phases      ] GC(817)   Other: 0.09ms
[3524.493s][info][gc,heap        ] GC(817) Eden regions: 1104->0(1118)
[3524.493s][info][gc,heap        ] GC(817) Survivor regions: 111->110(152)
[3524.493s][info][gc,heap        ] GC(817) Old regions: 539->474
[3524.493s][info][gc,heap        ] GC(817) Humongous regions: 80->80
[3524.493s][info][gc,metaspace   ] GC(817) Metaspace: 28892K(29312K)->28892K(29312K) NonClass: 24024K(24256K)->24024K(24256K) Class: 4868K(5056K)->4868K(5056K)
[3524.493s][info][gc             ] GC(817) Pause Young (Mixed) (G1 Evacuation Pause) 3665M->1326M(4096M) 134.705ms
[3524.493s][info][gc,cpu         ] GC(817) User=0.80s Sys=0.00s Real=0.13s
...[3527.420s][info][gc,start       ] GC(818) Pause Young (Concurrent Start) (G1 Evacuation Pause)
[3527.420s][info][gc,task        ] GC(818) Using 6 workers of 6 for evacuation
[3527.538s][info][gc,phases      ] GC(818)   Pre Evacuate Collection Set: 0.38ms
[3527.538s][info][gc,phases      ] GC(818)   Merge Heap Roots: 0.52ms
[3527.538s][info][gc,phases      ] GC(818)   Evacuate Collection Set: 116.37ms
[3527.538s][info][gc,phases      ] GC(818)   Post Evacuate Collection Set: 0.86ms
[3527.538s][info][gc,phases      ] GC(818)   Other: 0.12ms
[3527.538s][info][gc,heap        ] GC(818) Eden regions: 1118->0(1118)
[3527.538s][info][gc,heap        ] GC(818) Survivor regions: 110->110(154)
[3527.538s][info][gc,heap        ] GC(818) Old regions: 474->507
[3527.538s][info][gc,heap        ] GC(818) Humongous regions: 80->80
[3527.538s][info][gc,metaspace   ] GC(818) Metaspace: 28892K(29312K)->28892K(29312K) NonClass: 24024K(24256K)->24024K(24256K) Class: 4868K(5056K)->4868K(5056K)
[3527.538s][info][gc             ] GC(818) Pause Young (Concurrent Start) (G1 Evacuation Pause) 3562M->1391M(4096M) 118.417ms
[3527.538s][info][gc             ] GC(819) Concurrent Mark Cycle
[3527.538s][info][gc,marking     ] GC(819) Concurrent Scan Root Regions
[3527.538s][info][gc,cpu         ] GC(818) User=0.70s Sys=0.00s Real=0.11s
.[3527.679s][info][gc,marking     ] GC(819) Concurrent Scan Root Regions 140.637ms
[3527.679s][info][gc,marking     ] GC(819) Concurrent Mark
[3527.679s][info][gc,marking     ] GC(819) Concurrent Mark From Roots
[3527.679s][info][gc,task        ] GC(819) Using 2 workers of 2 for marking
[3528.362s][info][gc,marking     ] GC(819) Concurrent Mark From Roots 683.475ms
[3528.362s][info][gc,marking     ] GC(819) Concurrent Preclean
[3528.363s][info][gc,marking     ] GC(819) Concurrent Preclean 0.126ms
[3528.363s][info][gc,start       ] GC(819) Pause Remark
[3528.368s][info][gc             ] GC(819) Pause Remark 2061M->2061M(4096M) 4.396ms
[3528.368s][info][gc,cpu         ] GC(819) User=0.02s Sys=0.00s Real=0.00s
[3528.368s][info][gc,marking     ] GC(819) Concurrent Mark 689.146ms
[3528.368s][info][gc,marking     ] GC(819) Concurrent Rebuild Remembered Sets and Scrub Regions
[3528.612s][info][gc,marking     ] GC(819) Concurrent Rebuild Remembered Sets and Scrub Regions 244.123ms
[3528.614s][info][gc,start       ] GC(819) Pause Cleanup
[3528.614s][info][gc             ] GC(819) Pause Cleanup 2233M->2233M(4096M) 0.142ms
[3528.614s][info][gc,cpu         ] GC(819) User=0.00s Sys=0.00s Real=0.00s
[3528.614s][info][gc,marking     ] GC(819) Concurrent Clear Claimed Marks
[3528.614s][info][gc,marking     ] GC(819) Concurrent Clear Claimed Marks 0.036ms
[3528.614s][info][gc,marking     ] GC(819) Concurrent Cleanup for Next Mark
[3528.620s][info][gc,marking     ] GC(819) Concurrent Cleanup for Next Mark 6.005ms
[3528.620s][info][gc             ] GC(819) Concurrent Mark Cycle 1082.118ms
..[3530.526s][info][gc,start       ] GC(820) Pause Young (Prepare Mixed) (G1 Evacuation Pause)
[3530.526s][info][gc,task        ] GC(820) Using 6 workers of 6 for evacuation
[3530.646s][info][gc,phases      ] GC(820)   Pre Evacuate Collection Set: 0.31ms
[3530.646s][info][gc,phases      ] GC(820)   Merge Heap Roots: 0.55ms
[3530.646s][info][gc,phases      ] GC(820)   Evacuate Collection Set: 118.10ms
[3530.646s][info][gc,phases      ] GC(820)   Post Evacuate Collection Set: 0.91ms
[3530.646s][info][gc,phases      ] GC(820)   Other: 0.09ms
[3530.646s][info][gc,heap        ] GC(820) Eden regions: 1118->0(1105)
[3530.646s][info][gc,heap        ] GC(820) Survivor regions: 110->111(154)
[3530.646s][info][gc,heap        ] GC(820) Old regions: 507->538
[3530.646s][info][gc,heap        ] GC(820) Humongous regions: 80->80
[3530.646s][info][gc,metaspace   ] GC(820) Metaspace: 28892K(29312K)->28892K(29312K) NonClass: 24024K(24256K)->24024K(24256K) Class: 4868K(5056K)->4868K(5056K)
[3530.646s][info][gc             ] GC(820) Pause Young (Prepare Mixed) (G1 Evacuation Pause) 3627M->1457M(4096M) 120.092ms
[3530.646s][info][gc,cpu         ] GC(820) User=0.71s Sys=0.00s Real=0.12s
...[3533.572s][info][gc,start       ] GC(821) Pause Young (Mixed) (G1 Evacuation Pause)
[3533.572s][info][gc,task        ] GC(821) Using 6 workers of 6 for evacuation
[3533.703s][info][gc,phases      ] GC(821)   Pre Evacuate Collection Set: 0.35ms
[3533.703s][info][gc,phases      ] GC(821)   Merge Heap Roots: 0.76ms
[3533.703s][info][gc,phases      ] GC(821)   Evacuate Collection Set: 128.41ms
[3533.703s][info][gc,phases      ] GC(821)   Post Evacuate Collection Set: 0.94ms
[3533.703s][info][gc,phases      ] GC(821)   Other: 0.09ms
[3533.703s][info][gc,heap        ] GC(821) Eden regions: 1105->0(1121)
[3533.703s][info][gc,heap        ] GC(821) Survivor regions: 111->107(152)
[3533.703s][info][gc,heap        ] GC(821) Old regions: 538->475
[3533.703s][info][gc,heap        ] GC(821) Humongous regions: 80->80
[3533.703s][info][gc,metaspace   ] GC(821) Metaspace: 28892K(29312K)->28892K(29312K) NonClass: 24024K(24256K)->24024K(24256K) Class: 4868K(5056K)->4868K(5056K)
[3533.703s][info][gc             ] GC(821) Pause Young (Mixed) (G1 Evacuation Pause) 3667M->1322M(4096M) 130.665ms
[3533.703s][info][gc,cpu         ] GC(821) User=0.77s Sys=0.00s Real=0.13s
...[3536.704s][info][gc,start       ] GC(822) Pause Young (Concurrent Start) (G1 Evacuation Pause)
[3536.704s][info][gc,task        ] GC(822) Using 6 workers of 6 for evacuation
[3536.825s][info][gc,phases      ] GC(822)   Pre Evacuate Collection Set: 0.34ms
[3536.825s][info][gc,phases      ] GC(822)   Merge Heap Roots: 0.47ms
[3536.825s][info][gc,phases      ] GC(822)   Evacuate Collection Set: 118.80ms
[3536.825s][info][gc,phases      ] GC(822)   Post Evacuate Collection Set: 0.87ms
[3536.825s][info][gc,phases      ] GC(822)   Other: 0.09ms
[3536.825s][info][gc,heap        ] GC(822) Eden regions: 1121->0(1117)
[3536.825s][info][gc,heap        ] GC(822) Survivor regions: 107->111(154)
[3536.825s][info][gc,heap        ] GC(822) Old regions: 475->506
[3536.825s][info][gc,heap        ] GC(822) Humongous regions: 80->80
[3536.825s][info][gc,metaspace   ] GC(822) Metaspace: 28892K(29312K)->28892K(29312K) NonClass: 24024K(24256K)->24024K(24256K) Class: 4868K(5056K)->4868K(5056K)
[3536.825s][info][gc             ] GC(822) Pause Young (Concurrent Start) (G1 Evacuation Pause) 3564M->1393M(4096M) 120.703ms
[3536.825s][info][gc             ] GC(823) Concurrent Mark Cycle
[3536.825s][info][gc,marking     ] GC(823) Concurrent Scan Root Regions
[3536.825s][info][gc,cpu         ] GC(822) User=0.71s Sys=0.01s Real=0.12s
.[3536.961s][info][gc,marking     ] GC(823) Concurrent Scan Root Regions 136.227ms
[3536.961s][info][gc,marking     ] GC(823) Concurrent Mark
[3536.961s][info][gc,marking     ] GC(823) Concurrent Mark From Roots
[3536.961s][info][gc,task        ] GC(823) Using 2 workers of 2 for marking
[3537.698s][info][gc,marking     ] GC(823) Concurrent Mark From Roots 736.285ms
[3537.699s][info][gc,marking     ] GC(823) Concurrent Preclean
[3537.699s][info][gc,marking     ] GC(823) Concurrent Preclean 0.145ms
[3537.701s][info][gc,start       ] GC(823) Pause Remark
[3537.706s][info][gc             ] GC(823) Pause Remark 2117M->2117M(4096M) 5.293ms
[3537.706s][info][gc,cpu         ] GC(823) User=0.03s Sys=0.00s Real=0.00s
[3537.706s][info][gc,marking     ] GC(823) Concurrent Mark 745.232ms
[3537.707s][info][gc,marking     ] GC(823) Concurrent Rebuild Remembered Sets and Scrub Regions
.[3538.016s][info][gc,marking     ] GC(823) Concurrent Rebuild Remembered Sets and Scrub Regions 309.767ms
[3538.016s][info][gc,start       ] GC(823) Pause Cleanup
[3538.017s][info][gc             ] GC(823) Pause Cleanup 2379M->2379M(4096M) 0.113ms
[3538.017s][info][gc,cpu         ] GC(823) User=0.00s Sys=0.00s Real=0.00s
[3538.017s][info][gc,marking     ] GC(823) Concurrent Clear Claimed Marks
[3538.017s][info][gc,marking     ] GC(823) Concurrent Clear Claimed Marks 0.022ms
[3538.017s][info][gc,marking     ] GC(823) Concurrent Cleanup for Next Mark
[3538.021s][info][gc,marking     ] GC(823) Concurrent Cleanup for Next Mark 4.259ms
[3538.021s][info][gc             ] GC(823) Concurrent Mark Cycle 1195.972ms
.[3539.792s][info][gc,start       ] GC(824) Pause Young (Prepare Mixed) (G1 Evacuation Pause)
[3539.792s][info][gc,task        ] GC(824) Using 6 workers of 6 for evacuation
[3539.915s][info][gc,phases      ] GC(824)   Pre Evacuate Collection Set: 0.34ms
[3539.915s][info][gc,phases      ] GC(824)   Merge Heap Roots: 0.63ms
[3539.915s][info][gc,phases      ] GC(824)   Evacuate Collection Set: 120.53ms
[3539.915s][info][gc,phases      ] GC(824)   Post Evacuate Collection Set: 0.94ms
[3539.915s][info][gc,phases      ] GC(824)   Other: 0.09ms
[3539.915s][info][gc,heap        ] GC(824) Eden regions: 1117->0(1101)
[3539.915s][info][gc,heap        ] GC(824) Survivor regions: 111->113(154)
[3539.915s][info][gc,heap        ] GC(824) Old regions: 506->538
[3539.915s][info][gc,heap        ] GC(824) Humongous regions: 80->80
[3539.915s][info][gc,metaspace   ] GC(824) Metaspace: 28892K(29312K)->28892K(29312K) NonClass: 24024K(24256K)->24024K(24256K) Class: 4868K(5056K)->4868K(5056K)
[3539.915s][info][gc             ] GC(824) Pause Young (Prepare Mixed) (G1 Evacuation Pause) 3627M->1461M(4096M) 122.682ms
[3539.915s][info][gc,cpu         ] GC(824) User=0.73s Sys=0.00s Real=0.12s
...[3542.769s][info][gc,start       ] GC(825) Pause Young (Mixed) (G1 Evacuation Pause)
[3542.769s][info][gc,task        ] GC(825) Using 6 workers of 6 for evacuation
[3542.899s][info][gc,phases      ] GC(825)   Pre Evacuate Collection Set: 0.39ms
[3542.899s][info][gc,phases      ] GC(825)   Merge Heap Roots: 0.67ms
[3542.899s][info][gc,phases      ] GC(825)   Evacuate Collection Set: 128.24ms
[3542.899s][info][gc,phases      ] GC(825)   Post Evacuate Collection Set: 0.92ms
[3542.899s][info][gc,phases      ] GC(825)   Other: 0.19ms
[3542.899s][info][gc,heap        ] GC(825) Eden regions: 1101->0(1121)
[3542.899s][info][gc,heap        ] GC(825) Survivor regions: 113->107(152)
[3542.899s][info][gc,heap        ] GC(825) Old regions: 538->475
[3542.899s][info][gc,heap        ] GC(825) Humongous regions: 80->80
[3542.899s][info][gc,metaspace   ] GC(825) Metaspace: 28892K(29312K)->28892K(29312K) NonClass: 24024K(24256K)->24024K(24256K) Class: 4868K(5056K)->4868K(5056K)
[3542.899s][info][gc             ] GC(825) Pause Young (Mixed) (G1 Evacuation Pause) 3663M->1322M(4096M) 130.525ms
[3542.899s][info][gc,cpu         ] GC(825) User=0.78s Sys=0.00s Real=0.13s
...[3545.915s][info][gc,start       ] GC(826) Pause Young (Concurrent Start) (G1 Evacuation Pause)
[3545.915s][info][gc,task        ] GC(826) Using 6 workers of 6 for evacuation
[3546.035s][info][gc,phases      ] GC(826)   Pre Evacuate Collection Set: 0.40ms
[3546.035s][info][gc,phases      ] GC(826)   Merge Heap Roots: 0.53ms
[3546.035s][info][gc,phases      ] GC(826)   Evacuate Collection Set: 117.56ms
[3546.035s][info][gc,phases      ] GC(826)   Post Evacuate Collection Set: 0.86ms
[3546.035s][info][gc,phases      ] GC(826)   Other: 0.12ms
[3546.035s][info][gc,heap        ] GC(826) Eden regions: 1121->0(1117)
[3546.035s][info][gc,heap        ] GC(826) Survivor regions: 107->111(154)
[3546.035s][info][gc,heap        ] GC(826) Old regions: 475->507
[3546.035s][info][gc,heap        ] GC(826) Humongous regions: 80->80
[3546.035s][info][gc,metaspace   ] GC(826) Metaspace: 28892K(29312K)->28892K(29312K) NonClass: 24024K(24256K)->24024K(24256K) Class: 4868K(5056K)->4868K(5056K)
[3546.035s][info][gc             ] GC(826) Pause Young (Concurrent Start) (G1 Evacuation Pause) 3564M->1393M(4096M) 119.620ms
[3546.035s][info][gc             ] GC(827) Concurrent Mark Cycle
[3546.035s][info][gc,marking     ] GC(827) Concurrent Scan Root Regions
[3546.035s][info][gc,cpu         ] GC(826) User=0.71s Sys=0.00s Real=0.12s
.[3546.214s][info][gc,marking     ] GC(827) Concurrent Scan Root Regions 179.696ms
[3546.214s][info][gc,marking     ] GC(827) Concurrent Mark
[3546.214s][info][gc,marking     ] GC(827) Concurrent Mark From Roots
[3546.214s][info][gc,task        ] GC(827) Using 2 workers of 2 for marking
[3546.913s][info][gc,marking     ] GC(827) Concurrent Mark From Roots 698.077ms
[3546.913s][info][gc,marking     ] GC(827) Concurrent Preclean
[3546.913s][info][gc,marking     ] GC(827) Concurrent Preclean 0.114ms
[3546.913s][info][gc,start       ] GC(827) Pause Remark
[3546.919s][info][gc             ] GC(827) Pause Remark 2099M->2099M(4096M) 5.529ms
[3546.919s][info][gc,cpu         ] GC(827) User=0.03s Sys=0.00s Real=0.01s
[3546.919s][info][gc,marking     ] GC(827) Concurrent Mark 704.239ms
[3546.919s][info][gc,marking     ] GC(827) Concurrent Rebuild Remembered Sets and Scrub Regions
.[3547.190s][info][gc,marking     ] GC(827) Concurrent Rebuild Remembered Sets and Scrub Regions 271.598ms
[3547.191s][info][gc,start       ] GC(827) Pause Cleanup
[3547.191s][info][gc             ] GC(827) Pause Cleanup 2313M->2313M(4096M) 0.114ms
[3547.191s][info][gc,cpu         ] GC(827) User=0.00s Sys=0.00s Real=0.00s
[3547.191s][info][gc,marking     ] GC(827) Concurrent Clear Claimed Marks
[3547.191s][info][gc,marking     ] GC(827) Concurrent Clear Claimed Marks 0.027ms
[3547.191s][info][gc,marking     ] GC(827) Concurrent Cleanup for Next Mark
[3547.230s][info][gc,marking     ] GC(827) Concurrent Cleanup for Next Mark 38.656ms
[3547.230s][info][gc             ] GC(827) Concurrent Mark Cycle 1194.918ms
.[3548.956s][info][gc,start       ] GC(828) Pause Young (Prepare Mixed) (G1 Evacuation Pause)
[3548.956s][info][gc,task        ] GC(828) Using 6 workers of 6 for evacuation
[3549.071s][info][gc,phases      ] GC(828)   Pre Evacuate Collection Set: 0.36ms
[3549.071s][info][gc,phases      ] GC(828)   Merge Heap Roots: 0.52ms
[3549.071s][info][gc,phases      ] GC(828)   Evacuate Collection Set: 113.19ms
[3549.071s][info][gc,phases      ] GC(828)   Post Evacuate Collection Set: 0.93ms
[3549.071s][info][gc,phases      ] GC(828)   Other: 0.09ms
[3549.071s][info][gc,heap        ] GC(828) Eden regions: 1117->0(1110)
[3549.071s][info][gc,heap        ] GC(828) Survivor regions: 111->109(154)
[3549.071s][info][gc,heap        ] GC(828) Old regions: 507->537
[3549.071s][info][gc,heap        ] GC(828) Humongous regions: 80->80
[3549.071s][info][gc,metaspace   ] GC(828) Metaspace: 28892K(29312K)->28892K(29312K) NonClass: 24024K(24256K)->24024K(24256K) Class: 4868K(5056K)->4868K(5056K)
[3549.071s][info][gc             ] GC(828) Pause Young (Prepare Mixed) (G1 Evacuation Pause) 3627M->1451M(4096M) 115.218ms
[3549.071s][info][gc,cpu         ] GC(828) User=0.68s Sys=0.00s Real=0.12s
...[3552.027s][info][gc,start       ] GC(829) Pause Young (Mixed) (G1 Evacuation Pause)
[3552.027s][info][gc,task        ] GC(829) Using 6 workers of 6 for evacuation
[3552.159s][info][gc,phases      ] GC(829)   Pre Evacuate Collection Set: 0.36ms
[3552.159s][info][gc,phases      ] GC(829)   Merge Heap Roots: 0.65ms
[3552.159s][info][gc,phases      ] GC(829)   Evacuate Collection Set: 130.00ms
[3552.159s][info][gc,phases      ] GC(829)   Post Evacuate Collection Set: 0.91ms
[3552.159s][info][gc,phases      ] GC(829)   Other: 0.08ms
[3552.159s][info][gc,heap        ] GC(829) Eden regions: 1110->0(1120)
[3552.159s][info][gc,heap        ] GC(829) Survivor regions: 109->108(153)
[3552.159s][info][gc,heap        ] GC(829) Old regions: 537->474
[3552.159s][info][gc,heap        ] GC(829) Humongous regions: 80->80
[3552.159s][info][gc,metaspace   ] GC(829) Metaspace: 28892K(29312K)->28892K(29312K) NonClass: 24024K(24256K)->24024K(24256K) Class: 4868K(5056K)->4868K(5056K)
[3552.159s][info][gc             ] GC(829) Pause Young (Mixed) (G1 Evacuation Pause) 3671M->1321M(4096M) 132.136ms
[3552.159s][info][gc,cpu         ] GC(829) User=0.79s Sys=0.00s Real=0.14s
...[3555.144s][info][gc,start       ] GC(830) Pause Young (Concurrent Start) (G1 Evacuation Pause)
[3555.144s][info][gc,task        ] GC(830) Using 6 workers of 6 for evacuation
[3555.262s][info][gc,phases      ] GC(830)   Pre Evacuate Collection Set: 0.38ms
[3555.262s][info][gc,phases      ] GC(830)   Merge Heap Roots: 0.47ms
[3555.262s][info][gc,phases      ] GC(830)   Evacuate Collection Set: 115.45ms
[3555.262s][info][gc,phases      ] GC(830)   Post Evacuate Collection Set: 0.87ms
[3555.262s][info][gc,phases      ] GC(830)   Other: 0.10ms
[3555.262s][info][gc,heap        ] GC(830) Eden regions: 1120->0(1118)
[3555.262s][info][gc,heap        ] GC(830) Survivor regions: 108->110(154)
[3555.262s][info][gc,heap        ] GC(830) Old regions: 474->505
[3555.262s][info][gc,heap        ] GC(830) Humongous regions: 80->80
[3555.262s][info][gc,metaspace   ] GC(830) Metaspace: 28892K(29312K)->28892K(29312K) NonClass: 24024K(24256K)->24024K(24256K) Class: 4868K(5056K)->4868K(5056K)
[3555.262s][info][gc             ] GC(830) Pause Young (Concurrent Start) (G1 Evacuation Pause) 3561M->1389M(4096M) 117.431ms
[3555.262s][info][gc             ] GC(831) Concurrent Mark Cycle
[3555.262s][info][gc,marking     ] GC(831) Concurrent Scan Root Regions
[3555.262s][info][gc,cpu         ] GC(830) User=0.70s Sys=0.00s Real=0.12s
.[3555.431s][info][gc,marking     ] GC(831) Concurrent Scan Root Regions 168.889ms
[3555.431s][info][gc,marking     ] GC(831) Concurrent Mark
[3555.431s][info][gc,marking     ] GC(831) Concurrent Mark From Roots
[3555.431s][info][gc,task        ] GC(831) Using 2 workers of 2 for marking
. (rIR:aIR:PR = 6088:6084:6084) (tPR = 90041) [OK] 
  3556s: Performance info:
         Transaction,    Success,    Partial,     Failed,   Receipts, AvgBarcode, 
             Overall,     371084,          0,          0,     352526,      59.47, 
         Response times:
             Request,    Success,    Partial,     Failed,   SkipFail,     Probes,    Samples,      min,      p50,      p90,      p95,      p99,      max, 
       TotalPurchase,     352516,          0,          0,          0,     346588,     376908,      300,     5200,    23000,    51000,   115000,   300000,
     InStorePurchase,     185644,          0,          0,          0,     182739,     198641,      300,     5200,    22000,    51000,   115000,   300000,
      OnlinePurchase,     129790,          0,          0,          0,     127673,     138708,      300,     4900,    23000,    51000,   113000,   236000,
        InstPurchase,      37082,          0,          0,          0,      36176,      39559,      400,     5600,    25000,    52000,   120000,   300000,
          AssocOfCat,        371,          0,          0,          0,        302,        390,    24000,    37000,    86000,   106450,   170720,   190000,
      AssocOfProduct,       3710,          0,          0,          0,       3447,       3927,     1500,     5600,    33000,    57000,   100000,   202000,
      BusinessReport,        934,          0,          0,          0,        794,        943,    25000,    42000,    81000,   108600,   194000,   251000,
          CustBuyBeh,       3711,          0,          0,          0,       3486,       3960,      200,     5600,    25000,    54000,   122390,   220000,
       ProductReturn,       9829,          0,          0,          0,       9316,      10380,      200,     4600,    21000,    51000,   104190,   215000,

  3556s: (45%)   IR =   6227 [3556.323s][info][gc,marking     ] GC(831) Concurrent Mark From Roots 892.113ms
[3556.323s][info][gc,marking     ] GC(831) Concurrent Preclean
[3556.323s][info][gc,marking     ] GC(831) Concurrent Preclean 0.088ms
[3556.323s][info][gc,start       ] GC(831) Pause Remark
[3556.329s][info][gc             ] GC(831) Pause Remark 2252M->2252M(4096M) 5.915ms
[3556.329s][info][gc,cpu         ] GC(831) User=0.03s Sys=0.00s Real=0.01s
[3556.329s][info][gc,marking     ] GC(831) Concurrent Mark 898.356ms
[3556.329s][info][gc,marking     ] GC(831) Concurrent Rebuild Remembered Sets and Scrub Regions
[3556.696s][info][gc,marking     ] GC(831) Concurrent Rebuild Remembered Sets and Scrub Regions 367.054ms
[3556.696s][info][gc,start       ] GC(831) Pause Cleanup
[3556.696s][info][gc             ] GC(831) Pause Cleanup 2561M->2561M(4096M) 0.101ms
[3556.696s][info][gc,cpu         ] GC(831) User=0.00s Sys=0.00s Real=0.00s
[3556.697s][info][gc,marking     ] GC(831) Concurrent Clear Claimed Marks
[3556.697s][info][gc,marking     ] GC(831) Concurrent Clear Claimed Marks 0.033ms
[3556.697s][info][gc,marking     ] GC(831) Concurrent Cleanup for Next Mark
[3556.702s][info][gc,marking     ] GC(831) Concurrent Cleanup for Next Mark 5.122ms
[3556.702s][info][gc             ] GC(831) Concurrent Mark Cycle 1440.383ms
.[3558.184s][info][gc,start       ] GC(832) Pause Young (Prepare Mixed) (G1 Evacuation Pause)
[3558.184s][info][gc,task        ] GC(832) Using 6 workers of 6 for evacuation
[3558.302s][info][gc,phases      ] GC(832)   Pre Evacuate Collection Set: 0.32ms
[3558.302s][info][gc,phases      ] GC(832)   Merge Heap Roots: 0.58ms
[3558.302s][info][gc,phases      ] GC(832)   Evacuate Collection Set: 115.21ms
[3558.302s][info][gc,phases      ] GC(832)   Post Evacuate Collection Set: 0.92ms
[3558.302s][info][gc,phases      ] GC(832)   Other: 0.84ms
[3558.302s][info][gc,heap        ] GC(832) Eden regions: 1118->0(1109)
[3558.302s][info][gc,heap        ] GC(832) Survivor regions: 110->109(154)
[3558.302s][info][gc,heap        ] GC(832) Old regions: 505->538
[3558.302s][info][gc,heap        ] GC(832) Humongous regions: 80->80
[3558.302s][info][gc,metaspace   ] GC(832) Metaspace: 28894K(29312K)->28894K(29312K) NonClass: 24026K(24256K)->24026K(24256K) Class: 4868K(5056K)->4868K(5056K)
[3558.302s][info][gc             ] GC(832) Pause Young (Prepare Mixed) (G1 Evacuation Pause) 3625M->1452M(4096M) 117.995ms
[3558.302s][info][gc,cpu         ] GC(832) User=0.70s Sys=0.00s Real=0.12s
...[3561.137s][info][gc,start       ] GC(833) Pause Young (Mixed) (G1 Evacuation Pause)
[3561.137s][info][gc,task        ] GC(833) Using 6 workers of 6 for evacuation
[3561.271s][info][gc,phases      ] GC(833)   Pre Evacuate Collection Set: 0.37ms
[3561.271s][info][gc,phases      ] GC(833)   Merge Heap Roots: 0.73ms
[3561.271s][info][gc,phases      ] GC(833)   Evacuate Collection Set: 131.77ms
[3561.271s][info][gc,phases      ] GC(833)   Post Evacuate Collection Set: 0.96ms
[3561.271s][info][gc,phases      ] GC(833)   Other: 0.09ms
[3561.271s][info][gc,heap        ] GC(833) Eden regions: 1109->0(1120)
[3561.271s][info][gc,heap        ] GC(833) Survivor regions: 109->108(153)
[3561.271s][info][gc,heap        ] GC(833) Old regions: 538->476
[3561.271s][info][gc,heap        ] GC(833) Humongous regions: 80->80
[3561.271s][info][gc,metaspace   ] GC(833) Metaspace: 28894K(29312K)->28894K(29312K) NonClass: 24026K(24256K)->24026K(24256K) Class: 4868K(5056K)->4868K(5056K)
[3561.271s][info][gc             ] GC(833) Pause Young (Mixed) (G1 Evacuation Pause) 3670M->1326M(4096M) 134.043ms
[3561.271s][info][gc,cpu         ] GC(833) User=0.80s Sys=0.00s Real=0.14s
...[3564.141s][info][gc,start       ] GC(834) Pause Young (Concurrent Start) (G1 Evacuation Pause)
[3564.141s][info][gc,task        ] GC(834) Using 6 workers of 6 for evacuation
[3564.262s][info][gc,phases      ] GC(834)   Pre Evacuate Collection Set: 0.40ms
[3564.262s][info][gc,phases      ] GC(834)   Merge Heap Roots: 0.51ms
[3564.262s][info][gc,phases      ] GC(834)   Evacuate Collection Set: 118.59ms
[3564.262s][info][gc,phases      ] GC(834)   Post Evacuate Collection Set: 0.88ms
[3564.262s][info][gc,phases      ] GC(834)   Other: 0.14ms
[3564.262s][info][gc,heap        ] GC(834) Eden regions: 1120->0(1115)
[3564.262s][info][gc,heap        ] GC(834) Survivor regions: 108->113(154)
[3564.262s][info][gc,heap        ] GC(834) Old regions: 476->508
[3564.262s][info][gc,heap        ] GC(834) Humongous regions: 80->80
[3564.262s][info][gc,metaspace   ] GC(834) Metaspace: 28894K(29312K)->28894K(29312K) NonClass: 24026K(24256K)->24026K(24256K) Class: 4868K(5056K)->4868K(5056K)
[3564.262s][info][gc             ] GC(834) Pause Young (Concurrent Start) (G1 Evacuation Pause) 3566M->1399M(4096M) 120.653ms
[3564.262s][info][gc             ] GC(835) Concurrent Mark Cycle
[3564.262s][info][gc,marking     ] GC(835) Concurrent Scan Root Regions
[3564.262s][info][gc,cpu         ] GC(834) User=0.72s Sys=0.00s Real=0.12s
.[3564.440s][info][gc,marking     ] GC(835) Concurrent Scan Root Regions 177.718ms
[3564.440s][info][gc,marking     ] GC(835) Concurrent Mark
[3564.440s][info][gc,marking     ] GC(835) Concurrent Mark From Roots
[3564.440s][info][gc,task        ] GC(835) Using 2 workers of 2 for marking
.[3565.376s][info][gc,marking     ] GC(835) Concurrent Mark From Roots 935.985ms
[3565.376s][info][gc,marking     ] GC(835) Concurrent Preclean
[3565.376s][info][gc,marking     ] GC(835) Concurrent Preclean 0.107ms
[3565.376s][info][gc,start       ] GC(835) Pause Remark
[3565.382s][info][gc             ] GC(835) Pause Remark 2311M->2311M(4096M) 6.057ms
[3565.382s][info][gc,cpu         ] GC(835) User=0.04s Sys=0.00s Real=0.01s
[3565.382s][info][gc,marking     ] GC(835) Concurrent Mark 942.409ms
[3565.382s][info][gc,marking     ] GC(835) Concurrent Rebuild Remembered Sets and Scrub Regions
[3565.704s][info][gc,marking     ] GC(835) Concurrent Rebuild Remembered Sets and Scrub Regions 321.617ms
[3565.704s][info][gc,start       ] GC(835) Pause Cleanup
[3565.704s][info][gc             ] GC(835) Pause Cleanup 2557M->2557M(4096M) 0.129ms
[3565.704s][info][gc,cpu         ] GC(835) User=0.00s Sys=0.00s Real=0.00s
[3565.704s][info][gc,marking     ] GC(835) Concurrent Clear Claimed Marks
[3565.704s][info][gc,marking     ] GC(835) Concurrent Clear Claimed Marks 0.028ms
[3565.704s][info][gc,marking     ] GC(835) Concurrent Cleanup for Next Mark
[3565.707s][info][gc,marking     ] GC(835) Concurrent Cleanup for Next Mark 3.227ms
[3565.707s][info][gc             ] GC(835) Concurrent Mark Cycle 1445.511ms
.[3567.180s][info][gc,start       ] GC(836) Pause Young (Prepare Mixed) (G1 Evacuation Pause)
[3567.180s][info][gc,task        ] GC(836) Using 6 workers of 6 for evacuation
[3567.299s][info][gc,phases      ] GC(836)   Pre Evacuate Collection Set: 0.34ms
[3567.299s][info][gc,phases      ] GC(836)   Merge Heap Roots: 0.51ms
[3567.299s][info][gc,phases      ] GC(836)   Evacuate Collection Set: 117.00ms
[3567.299s][info][gc,phases      ] GC(836)   Post Evacuate Collection Set: 0.95ms
[3567.299s][info][gc,phases      ] GC(836)   Other: 0.09ms
[3567.299s][info][gc,heap        ] GC(836) Eden regions: 1115->0(1102)
[3567.299s][info][gc,heap        ] GC(836) Survivor regions: 113->112(154)
[3567.299s][info][gc,heap        ] GC(836) Old regions: 508->539
[3567.299s][info][gc,heap        ] GC(836) Humongous regions: 80->80
[3567.299s][info][gc,metaspace   ] GC(836) Metaspace: 28894K(29312K)->28894K(29312K) NonClass: 24026K(24256K)->24026K(24256K) Class: 4868K(5056K)->4868K(5056K)
[3567.299s][info][gc             ] GC(836) Pause Young (Prepare Mixed) (G1 Evacuation Pause) 3629M->1460M(4096M) 119.022ms
[3567.299s][info][gc,cpu         ] GC(836) User=0.71s Sys=0.00s Real=0.12s
.|..[3570.141s][info][gc,start       ] GC(837) Pause Young (Mixed) (G1 Evacuation Pause)
[3570.141s][info][gc,task        ] GC(837) Using 6 workers of 6 for evacuation
[3570.274s][info][gc,phases      ] GC(837)   Pre Evacuate Collection Set: 0.39ms
[3570.274s][info][gc,phases      ] GC(837)   Merge Heap Roots: 0.75ms
[3570.274s][info][gc,phases      ] GC(837)   Evacuate Collection Set: 130.90ms
[3570.274s][info][gc,phases      ] GC(837)   Post Evacuate Collection Set: 0.95ms
[3570.274s][info][gc,phases      ] GC(837)   Other: 0.09ms
[3570.274s][info][gc,heap        ] GC(837) Eden regions: 1102->0(1118)
[3570.274s][info][gc,heap        ] GC(837) Survivor regions: 112->110(152)
[3570.274s][info][gc,heap        ] GC(837) Old regions: 539->475
[3570.274s][info][gc,heap        ] GC(837) Humongous regions: 80->80
[3570.274s][info][gc,metaspace   ] GC(837) Metaspace: 28894K(29312K)->28894K(29312K) NonClass: 24026K(24256K)->24026K(24256K) Class: 4868K(5056K)->4868K(5056K)
[3570.274s][info][gc             ] GC(837) Pause Young (Mixed) (G1 Evacuation Pause) 3664M->1327M(4096M) 133.228ms
[3570.274s][info][gc,cpu         ] GC(837) User=0.79s Sys=0.00s Real=0.13s
...[3573.128s][info][gc,start       ] GC(838) Pause Young (Concurrent Start) (G1 Evacuation Pause)
[3573.128s][info][gc,task        ] GC(838) Using 6 workers of 6 for evacuation
[3573.251s][info][gc,phases      ] GC(838)   Pre Evacuate Collection Set: 0.40ms
[3573.251s][info][gc,phases      ] GC(838)   Merge Heap Roots: 0.45ms
[3573.251s][info][gc,phases      ] GC(838)   Evacuate Collection Set: 120.79ms
[3573.251s][info][gc,phases      ] GC(838)   Post Evacuate Collection Set: 0.88ms
[3573.251s][info][gc,phases      ] GC(838)   Other: 0.10ms
[3573.251s][info][gc,heap        ] GC(838) Eden regions: 1118->0(1117)
[3573.251s][info][gc,heap        ] GC(838) Survivor regions: 110->111(154)
[3573.251s][info][gc,heap        ] GC(838) Old regions: 475->506
[3573.251s][info][gc,heap        ] GC(838) Humongous regions: 80->80
[3573.251s][info][gc,metaspace   ] GC(838) Metaspace: 28894K(29312K)->28894K(29312K) NonClass: 24026K(24256K)->24026K(24256K) Class: 4868K(5056K)->4868K(5056K)
[3573.251s][info][gc             ] GC(838) Pause Young (Concurrent Start) (G1 Evacuation Pause) 3563M->1393M(4096M) 122.771ms
[3573.251s][info][gc             ] GC(839) Concurrent Mark Cycle
[3573.251s][info][gc,marking     ] GC(839) Concurrent Scan Root Regions
[3573.251s][info][gc,cpu         ] GC(838) User=0.73s Sys=0.00s Real=0.13s
[3573.445s][info][gc,marking     ] GC(839) Concurrent Scan Root Regions 193.878ms
[3573.445s][info][gc,marking     ] GC(839) Concurrent Mark
[3573.445s][info][gc,marking     ] GC(839) Concurrent Mark From Roots
[3573.445s][info][gc,task        ] GC(839) Using 2 workers of 2 for marking
.[3574.289s][info][gc,marking     ] GC(839) Concurrent Mark From Roots 844.502ms
[3574.289s][info][gc,marking     ] GC(839) Concurrent Preclean
[3574.290s][info][gc,marking     ] GC(839) Concurrent Preclean 0.062ms
[3574.290s][info][gc,start       ] GC(839) Pause Remark
[3574.295s][info][gc             ] GC(839) Pause Remark 2257M->2257M(4096M) 5.706ms
[3574.295s][info][gc,cpu         ] GC(839) User=0.03s Sys=0.00s Real=0.00s
[3574.295s][info][gc,marking     ] GC(839) Concurrent Mark 850.535ms
[3574.295s][info][gc,marking     ] GC(839) Concurrent Rebuild Remembered Sets and Scrub Regions
.[3574.584s][info][gc,marking     ] GC(839) Concurrent Rebuild Remembered Sets and Scrub Regions 288.293ms
[3574.585s][info][gc,start       ] GC(839) Pause Cleanup
[3574.585s][info][gc             ] GC(839) Pause Cleanup 2470M->2470M(4096M) 0.126ms
[3574.585s][info][gc,cpu         ] GC(839) User=0.00s Sys=0.00s Real=0.00s
[3574.585s][info][gc,marking     ] GC(839) Concurrent Clear Claimed Marks
[3574.585s][info][gc,marking     ] GC(839) Concurrent Clear Claimed Marks 0.036ms
[3574.585s][info][gc,marking     ] GC(839) Concurrent Cleanup for Next Mark
[3574.590s][info][gc,marking     ] GC(839) Concurrent Cleanup for Next Mark 5.294ms
[3574.590s][info][gc             ] GC(839) Concurrent Mark Cycle 1339.267ms
.[3576.146s][info][gc,start       ] GC(840) Pause Young (Prepare Mixed) (G1 Evacuation Pause)
[3576.146s][info][gc,task        ] GC(840) Using 6 workers of 6 for evacuation
[3576.263s][info][gc,phases      ] GC(840)   Pre Evacuate Collection Set: 0.33ms
[3576.263s][info][gc,phases      ] GC(840)   Merge Heap Roots: 0.52ms
[3576.263s][info][gc,phases      ] GC(840)   Evacuate Collection Set: 115.82ms
[3576.263s][info][gc,phases      ] GC(840)   Post Evacuate Collection Set: 0.91ms
[3576.263s][info][gc,phases      ] GC(840)   Other: 0.09ms
[3576.263s][info][gc,heap        ] GC(840) Eden regions: 1117->0(1107)
[3576.263s][info][gc,heap        ] GC(840) Survivor regions: 111->110(154)
[3576.263s][info][gc,heap        ] GC(840) Old regions: 506->538
[3576.263s][info][gc,heap        ] GC(840) Humongous regions: 80->80
[3576.263s][info][gc,metaspace   ] GC(840) Metaspace: 28894K(29312K)->28894K(29312K) NonClass: 24026K(24256K)->24026K(24256K) Class: 4868K(5056K)->4868K(5056K)
[3576.263s][info][gc             ] GC(840) Pause Young (Prepare Mixed) (G1 Evacuation Pause) 3627M->1454M(4096M) 117.820ms
[3576.264s][info][gc,cpu         ] GC(840) User=0.70s Sys=0.00s Real=0.12s
...[3579.119s][info][gc,start       ] GC(841) Pause Young (Mixed) (G1 Evacuation Pause)
[3579.119s][info][gc,task        ] GC(841) Using 6 workers of 6 for evacuation
[3579.257s][info][gc,phases      ] GC(841)   Pre Evacuate Collection Set: 0.38ms
[3579.257s][info][gc,phases      ] GC(841)   Merge Heap Roots: 0.65ms
[3579.257s][info][gc,phases      ] GC(841)   Evacuate Collection Set: 135.52ms
[3579.257s][info][gc,phases      ] GC(841)   Post Evacuate Collection Set: 0.97ms
[3579.257s][info][gc,phases      ] GC(841)   Other: 0.09ms
[3579.257s][info][gc,heap        ] GC(841) Eden regions: 1107->0(1113)
[3579.257s][info][gc,heap        ] GC(841) Survivor regions: 110->115(153)
[3579.257s][info][gc,heap        ] GC(841) Old regions: 538->475
[3579.257s][info][gc,heap        ] GC(841) Humongous regions: 80->80
[3579.257s][info][gc,metaspace   ] GC(841) Metaspace: 28894K(29312K)->28894K(29312K) NonClass: 24026K(24256K)->24026K(24256K) Class: 4868K(5056K)->4868K(5056K)
[3579.257s][info][gc             ] GC(841) Pause Young (Mixed) (G1 Evacuation Pause) 3668M->1337M(4096M) 137.761ms
[3579.257s][info][gc,cpu         ] GC(841) User=0.82s Sys=0.00s Real=0.13s
...[3582.142s][info][gc,start       ] GC(842) Pause Young (Concurrent Start) (G1 Evacuation Pause)
[3582.143s][info][gc,task        ] GC(842) Using 6 workers of 6 for evacuation
[3582.262s][info][gc,phases      ] GC(842)   Pre Evacuate Collection Set: 0.35ms
[3582.262s][info][gc,phases      ] GC(842)   Merge Heap Roots: 0.45ms
[3582.262s][info][gc,phases      ] GC(842)   Evacuate Collection Set: 117.75ms
[3582.262s][info][gc,phases      ] GC(842)   Post Evacuate Collection Set: 0.93ms
[3582.262s][info][gc,phases      ] GC(842)   Other: 0.10ms
[3582.262s][info][gc,heap        ] GC(842) Eden regions: 1113->0(1117)
[3582.262s][info][gc,heap        ] GC(842) Survivor regions: 115->111(154)
[3582.262s][info][gc,heap        ] GC(842) Old regions: 475->507
[3582.262s][info][gc,heap        ] GC(842) Humongous regions: 80->80
[3582.262s][info][gc,metaspace   ] GC(842) Metaspace: 28894K(29312K)->28894K(29312K) NonClass: 24026K(24256K)->24026K(24256K) Class: 4868K(5056K)->4868K(5056K)
[3582.262s][info][gc             ] GC(842) Pause Young (Concurrent Start) (G1 Evacuation Pause) 3563M->1394M(4096M) 119.716ms
[3582.262s][info][gc             ] GC(843) Concurrent Mark Cycle
[3582.262s][info][gc,marking     ] GC(843) Concurrent Scan Root Regions
[3582.262s][info][gc,cpu         ] GC(842) User=0.71s Sys=0.00s Real=0.12s
[3582.401s][info][gc,marking     ] GC(843) Concurrent Scan Root Regions 139.176ms
[3582.401s][info][gc,marking     ] GC(843) Concurrent Mark
[3582.401s][info][gc,marking     ] GC(843) Concurrent Mark From Roots
[3582.401s][info][gc,task        ] GC(843) Using 2 workers of 2 for marking
.[3583.092s][info][gc,marking     ] GC(843) Concurrent Mark From Roots 690.043ms
[3583.092s][info][gc,marking     ] GC(843) Concurrent Preclean
[3583.092s][info][gc,marking     ] GC(843) Concurrent Preclean 0.089ms
[3583.093s][info][gc,start       ] GC(843) Pause Remark
[3583.098s][info][gc             ] GC(843) Pause Remark 2118M->2118M(4096M) 5.255ms
[3583.098s][info][gc,cpu         ] GC(843) User=0.03s Sys=0.00s Real=0.00s
[3583.099s][info][gc,marking     ] GC(843) Concurrent Mark 697.048ms
[3583.099s][info][gc,marking     ] GC(843) Concurrent Rebuild Remembered Sets and Scrub Regions
[3583.340s][info][gc,marking     ] GC(843) Concurrent Rebuild Remembered Sets and Scrub Regions 241.323ms
[3583.340s][info][gc,start       ] GC(843) Pause Cleanup
[3583.340s][info][gc             ] GC(843) Pause Cleanup 2277M->2277M(4096M) 0.102ms
[3583.340s][info][gc,cpu         ] GC(843) User=0.00s Sys=0.00s Real=0.00s
[3583.340s][info][gc,marking     ] GC(843) Concurrent Clear Claimed Marks
[3583.340s][info][gc,marking     ] GC(843) Concurrent Clear Claimed Marks 0.026ms
[3583.340s][info][gc,marking     ] GC(843) Concurrent Cleanup for Next Mark
[3583.344s][info][gc,marking     ] GC(843) Concurrent Cleanup for Next Mark 3.333ms
[3583.344s][info][gc             ] GC(843) Concurrent Mark Cycle 1081.335ms
..[3585.121s][info][gc,start       ] GC(844) Pause Young (Prepare Mixed) (G1 Evacuation Pause)
[3585.121s][info][gc,task        ] GC(844) Using 6 workers of 6 for evacuation
[3585.238s][info][gc,phases      ] GC(844)   Pre Evacuate Collection Set: 0.31ms
[3585.238s][info][gc,phases      ] GC(844)   Merge Heap Roots: 0.53ms
[3585.238s][info][gc,phases      ] GC(844)   Evacuate Collection Set: 115.51ms
[3585.238s][info][gc,phases      ] GC(844)   Post Evacuate Collection Set: 0.92ms
[3585.238s][info][gc,phases      ] GC(844)   Other: 0.09ms
[3585.238s][info][gc,heap        ] GC(844) Eden regions: 1117->0(1108)
[3585.238s][info][gc,heap        ] GC(844) Survivor regions: 111->109(154)
[3585.238s][info][gc,heap        ] GC(844) Old regions: 507->539
[3585.238s][info][gc,heap        ] GC(844) Humongous regions: 80->80
[3585.238s][info][gc,metaspace   ] GC(844) Metaspace: 28894K(29312K)->28894K(29312K) NonClass: 24026K(24256K)->24026K(24256K) Class: 4868K(5056K)->4868K(5056K)
[3585.238s][info][gc             ] GC(844) Pause Young (Prepare Mixed) (G1 Evacuation Pause) 3628M->1455M(4096M) 117.498ms
[3585.238s][info][gc,cpu         ] GC(844) User=0.70s Sys=0.00s Real=0.11s
...[3588.115s][info][gc,start       ] GC(845) Pause Young (Mixed) (G1 Evacuation Pause)
[3588.115s][info][gc,task        ] GC(845) Using 6 workers of 6 for evacuation
[3588.248s][info][gc,phases      ] GC(845)   Pre Evacuate Collection Set: 0.36ms
[3588.248s][info][gc,phases      ] GC(845)   Merge Heap Roots: 0.71ms
[3588.248s][info][gc,phases      ] GC(845)   Evacuate Collection Set: 130.96ms
[3588.248s][info][gc,phases      ] GC(845)   Post Evacuate Collection Set: 0.96ms
[3588.248s][info][gc,phases      ] GC(845)   Other: 0.09ms
[3588.248s][info][gc,heap        ] GC(845) Eden regions: 1108->0(1120)
[3588.248s][info][gc,heap        ] GC(845) Survivor regions: 109->108(153)
[3588.248s][info][gc,heap        ] GC(845) Old regions: 539->475
[3588.248s][info][gc,heap        ] GC(845) Humongous regions: 80->80
[3588.248s][info][gc,metaspace   ] GC(845) Metaspace: 28894K(29312K)->28894K(29312K) NonClass: 24026K(24256K)->24026K(24256K) Class: 4868K(5056K)->4868K(5056K)
[3588.248s][info][gc             ] GC(845) Pause Young (Mixed) (G1 Evacuation Pause) 3671M->1325M(4096M) 133.225ms
[3588.248s][info][gc,cpu         ] GC(845) User=0.79s Sys=0.00s Real=0.13s
...[3591.204s][info][gc,start       ] GC(846) Pause Young (Concurrent Start) (G1 Evacuation Pause)
[3591.204s][info][gc,task        ] GC(846) Using 6 workers of 6 for evacuation
[3591.327s][info][gc,phases      ] GC(846)   Pre Evacuate Collection Set: 0.35ms
[3591.327s][info][gc,phases      ] GC(846)   Merge Heap Roots: 0.55ms
[3591.327s][info][gc,phases      ] GC(846)   Evacuate Collection Set: 121.05ms
[3591.327s][info][gc,phases      ] GC(846)   Post Evacuate Collection Set: 0.89ms
[3591.327s][info][gc,phases      ] GC(846)   Other: 0.10ms
[3591.327s][info][gc,heap        ] GC(846) Eden regions: 1120->0(1117)
[3591.327s][info][gc,heap        ] GC(846) Survivor regions: 108->111(154)
[3591.327s][info][gc,heap        ] GC(846) Old regions: 475->507
[3591.327s][info][gc,heap        ] GC(846) Humongous regions: 80->80
[3591.327s][info][gc,metaspace   ] GC(846) Metaspace: 28894K(29312K)->28894K(29312K) NonClass: 24026K(24256K)->24026K(24256K) Class: 4868K(5056K)->4868K(5056K)
[3591.327s][info][gc             ] GC(846) Pause Young (Concurrent Start) (G1 Evacuation Pause) 3565M->1394M(4096M) 123.074ms
[3591.327s][info][gc             ] GC(847) Concurrent Mark Cycle
[3591.327s][info][gc,marking     ] GC(847) Concurrent Scan Root Regions
[3591.327s][info][gc,cpu         ] GC(846) User=0.73s Sys=0.00s Real=0.12s
[3591.505s][info][gc,marking     ] GC(847) Concurrent Scan Root Regions 177.912ms
[3591.505s][info][gc,marking     ] GC(847) Concurrent Mark
[3591.505s][info][gc,marking     ] GC(847) Concurrent Mark From Roots
[3591.505s][info][gc,task        ] GC(847) Using 2 workers of 2 for marking
.[3592.437s][info][gc,marking     ] GC(847) Concurrent Mark From Roots 931.347ms
[3592.437s][info][gc,marking     ] GC(847) Concurrent Preclean
[3592.437s][info][gc,marking     ] GC(847) Concurrent Preclean 0.092ms
[3592.440s][info][gc,start       ] GC(847) Pause Remark
[3592.446s][info][gc             ] GC(847) Pause Remark 2328M->2328M(4096M) 5.478ms
[3592.446s][info][gc,cpu         ] GC(847) User=0.03s Sys=0.00s Real=0.00s
[3592.446s][info][gc,marking     ] GC(847) Concurrent Mark 940.650ms
[3592.446s][info][gc,marking     ] GC(847) Concurrent Rebuild Remembered Sets and Scrub Regions
.[3592.798s][info][gc,marking     ] GC(847) Concurrent Rebuild Remembered Sets and Scrub Regions 352.458ms
[3592.798s][info][gc,start       ] GC(847) Pause Cleanup
[3592.798s][info][gc             ] GC(847) Pause Cleanup 2628M->2628M(4096M) 0.114ms
[3592.799s][info][gc,cpu         ] GC(847) User=0.00s Sys=0.00s Real=0.01s
[3592.799s][info][gc,marking     ] GC(847) Concurrent Clear Claimed Marks
[3592.799s][info][gc,marking     ] GC(847) Concurrent Clear Claimed Marks 0.027ms
[3592.799s][info][gc,marking     ] GC(847) Concurrent Cleanup for Next Mark
[3592.803s][info][gc,marking     ] GC(847) Concurrent Cleanup for Next Mark 3.990ms
[3592.803s][info][gc             ] GC(847) Concurrent Mark Cycle 1475.520ms
.[3594.169s][info][gc,start       ] GC(848) Pause Young (Prepare Mixed) (G1 Evacuation Pause)
[3594.169s][info][gc,task        ] GC(848) Using 6 workers of 6 for evacuation
[3594.287s][info][gc,phases      ] GC(848)   Pre Evacuate Collection Set: 0.35ms
[3594.287s][info][gc,phases      ] GC(848)   Merge Heap Roots: 0.59ms
[3594.287s][info][gc,phases      ] GC(848)   Evacuate Collection Set: 116.56ms
[3594.287s][info][gc,phases      ] GC(848)   Post Evacuate Collection Set: 0.91ms
[3594.287s][info][gc,phases      ] GC(848)   Other: 0.08ms
[3594.287s][info][gc,heap        ] GC(848) Eden regions: 1117->0(1107)
[3594.287s][info][gc,heap        ] GC(848) Survivor regions: 111->110(154)
[3594.287s][info][gc,heap        ] GC(848) Old regions: 507->538
[3594.287s][info][gc,heap        ] GC(848) Humongous regions: 80->80
[3594.287s][info][gc,metaspace   ] GC(848) Metaspace: 28894K(29312K)->28894K(29312K) NonClass: 24026K(24256K)->24026K(24256K) Class: 4868K(5056K)->4868K(5056K)
[3594.287s][info][gc             ] GC(848) Pause Young (Prepare Mixed) (G1 Evacuation Pause) 3628M->1454M(4096M) 118.620ms
[3594.287s][info][gc,cpu         ] GC(848) User=0.70s Sys=0.00s Real=0.11s
...[3597.177s][info][gc,start       ] GC(849) Pause Young (Mixed) (G1 Evacuation Pause)
[3597.177s][info][gc,task        ] GC(849) Using 6 workers of 6 for evacuation
[3597.312s][info][gc,phases      ] GC(849)   Pre Evacuate Collection Set: 0.35ms
[3597.312s][info][gc,phases      ] GC(849)   Merge Heap Roots: 0.72ms
[3597.312s][info][gc,phases      ] GC(849)   Evacuate Collection Set: 132.39ms
[3597.312s][info][gc,phases      ] GC(849)   Post Evacuate Collection Set: 0.99ms
[3597.312s][info][gc,phases      ] GC(849)   Other: 0.09ms
[3597.312s][info][gc,heap        ] GC(849) Eden regions: 1107->0(1118)
[3597.312s][info][gc,heap        ] GC(849) Survivor regions: 110->110(153)
[3597.312s][info][gc,heap        ] GC(849) Old regions: 538->474
[3597.312s][info][gc,heap        ] GC(849) Humongous regions: 80->80
[3597.312s][info][gc,metaspace   ] GC(849) Metaspace: 28894K(29312K)->28894K(29312K) NonClass: 24026K(24256K)->24026K(24256K) Class: 4868K(5056K)->4868K(5056K)
[3597.312s][info][gc             ] GC(849) Pause Young (Mixed) (G1 Evacuation Pause) 3668M->1326M(4096M) 134.689ms
[3597.312s][info][gc,cpu         ] GC(849) User=0.80s Sys=0.00s Real=0.14s
...[3600.085s][info][gc,start       ] GC(850) Pause Young (Concurrent Start) (G1 Evacuation Pause)
[3600.085s][info][gc,task        ] GC(850) Using 6 workers of 6 for evacuation
[3600.200s][info][gc,phases      ] GC(850)   Pre Evacuate Collection Set: 0.39ms
[3600.200s][info][gc,phases      ] GC(850)   Merge Heap Roots: 0.45ms
[3600.200s][info][gc,phases      ] GC(850)   Evacuate Collection Set: 113.17ms
[3600.200s][info][gc,phases      ] GC(850)   Post Evacuate Collection Set: 0.87ms
[3600.200s][info][gc,phases      ] GC(850)   Other: 0.13ms
[3600.200s][info][gc,heap        ] GC(850) Eden regions: 1118->0(1120)
[3600.200s][info][gc,heap        ] GC(850) Survivor regions: 110->108(154)
[3600.200s][info][gc,heap        ] GC(850) Old regions: 474->505
[3600.200s][info][gc,heap        ] GC(850) Humongous regions: 80->80
[3600.200s][info][gc,metaspace   ] GC(850) Metaspace: 28894K(29312K)->28894K(29312K) NonClass: 24026K(24256K)->24026K(24256K) Class: 4868K(5056K)->4868K(5056K)
[3600.200s][info][gc             ] GC(850) Pause Young (Concurrent Start) (G1 Evacuation Pause) 3562M->1384M(4096M) 115.152ms
[3600.200s][info][gc             ] GC(851) Concurrent Mark Cycle
[3600.200s][info][gc,marking     ] GC(851) Concurrent Scan Root Regions
[3600.200s][info][gc,cpu         ] GC(850) User=0.68s Sys=0.00s Real=0.12s
[3600.376s][info][gc,marking     ] GC(851) Concurrent Scan Root Regions 175.417ms
[3600.376s][info][gc,marking     ] GC(851) Concurrent Mark
[3600.376s][info][gc,marking     ] GC(851) Concurrent Mark From Roots
[3600.376s][info][gc,task        ] GC(851) Using 2 workers of 2 for marking
.[3601.149s][info][gc,marking     ] GC(851) Concurrent Mark From Roots 773.362ms
[3601.149s][info][gc,marking     ] GC(851) Concurrent Preclean
[3601.149s][info][gc,marking     ] GC(851) Concurrent Preclean 0.089ms
[3601.149s][info][gc,start       ] GC(851) Pause Remark
[3601.155s][info][gc             ] GC(851) Pause Remark 2090M->2090M(4096M) 5.685ms
[3601.155s][info][gc,cpu         ] GC(851) User=0.03s Sys=0.00s Real=0.00s
[3601.156s][info][gc,marking     ] GC(851) Concurrent Mark 780.357ms
[3601.156s][info][gc,marking     ] GC(851) Concurrent Rebuild Remembered Sets and Scrub Regions
[3601.464s][info][gc,marking     ] GC(851) Concurrent Rebuild Remembered Sets and Scrub Regions 307.555ms
[3601.464s][info][gc,start       ] GC(851) Pause Cleanup
[3601.464s][info][gc             ] GC(851) Pause Cleanup 2338M->2338M(4096M) 0.102ms
[3601.464s][info][gc,cpu         ] GC(851) User=0.01s Sys=0.00s Real=0.00s
[3601.464s][info][gc,marking     ] GC(851) Concurrent Clear Claimed Marks
[3601.464s][info][gc,marking     ] GC(851) Concurrent Clear Claimed Marks 0.037ms
[3601.464s][info][gc,marking     ] GC(851) Concurrent Cleanup for Next Mark
[3601.469s][info][gc,marking     ] GC(851) Concurrent Cleanup for Next Mark 4.593ms
[3601.469s][info][gc             ] GC(851) Concurrent Mark Cycle 1268.929ms
..[3603.118s][info][gc,start       ] GC(852) Pause Young (Prepare Mixed) (G1 Evacuation Pause)
[3603.118s][info][gc,task        ] GC(852) Using 6 workers of 6 for evacuation
[3603.236s][info][gc,phases      ] GC(852)   Pre Evacuate Collection Set: 0.31ms
[3603.236s][info][gc,phases      ] GC(852)   Merge Heap Roots: 0.53ms
[3603.236s][info][gc,phases      ] GC(852)   Evacuate Collection Set: 115.70ms
[3603.236s][info][gc,phases      ] GC(852)   Post Evacuate Collection Set: 0.92ms
[3603.236s][info][gc,phases      ] GC(852)   Other: 0.09ms
[3603.236s][info][gc,heap        ] GC(852) Eden regions: 1120->0(1110)
[3603.236s][info][gc,heap        ] GC(852) Survivor regions: 108->109(154)
[3603.236s][info][gc,heap        ] GC(852) Old regions: 505->537
[3603.236s][info][gc,heap        ] GC(852) Humongous regions: 80->80
[3603.236s][info][gc,metaspace   ] GC(852) Metaspace: 28894K(29312K)->28894K(29312K) NonClass: 24026K(24256K)->24026K(24256K) Class: 4868K(5056K)->4868K(5056K)
[3603.236s][info][gc             ] GC(852) Pause Young (Prepare Mixed) (G1 Evacuation Pause) 3624M->1450M(4096M) 117.677ms
[3603.236s][info][gc,cpu         ] GC(852) User=0.70s Sys=0.00s Real=0.12s
...[3606.155s][info][gc,start       ] GC(853) Pause Young (Mixed) (G1 Evacuation Pause)
[3606.155s][info][gc,task        ] GC(853) Using 6 workers of 6 for evacuation
[3606.288s][info][gc,phases      ] GC(853)   Pre Evacuate Collection Set: 0.34ms
[3606.288s][info][gc,phases      ] GC(853)   Merge Heap Roots: 0.68ms
[3606.288s][info][gc,phases      ] GC(853)   Evacuate Collection Set: 130.76ms
[3606.288s][info][gc,phases      ] GC(853)   Post Evacuate Collection Set: 0.95ms
[3606.288s][info][gc,phases      ] GC(853)   Other: 0.09ms
[3606.288s][info][gc,heap        ] GC(853) Eden regions: 1110->0(1117)
[3606.288s][info][gc,heap        ] GC(853) Survivor regions: 109->111(153)
[3606.288s][info][gc,heap        ] GC(853) Old regions: 537->473
[3606.288s][info][gc,heap        ] GC(853) Humongous regions: 80->80
[3606.288s][info][gc,metaspace   ] GC(853) Metaspace: 28894K(29312K)->28894K(29312K) NonClass: 24026K(24256K)->24026K(24256K) Class: 4868K(5056K)->4868K(5056K)
[3606.288s][info][gc             ] GC(853) Pause Young (Mixed) (G1 Evacuation Pause) 3670M->1326M(4096M) 132.963ms
[3606.288s][info][gc,cpu         ] GC(853) User=0.79s Sys=0.01s Real=0.13s
...[3609.179s][info][gc,start       ] GC(854) Pause Young (Concurrent Start) (G1 Evacuation Pause)
[3609.179s][info][gc,task        ] GC(854) Using 6 workers of 6 for evacuation
[3609.297s][info][gc,phases      ] GC(854)   Pre Evacuate Collection Set: 0.34ms
[3609.297s][info][gc,phases      ] GC(854)   Merge Heap Roots: 0.53ms
[3609.297s][info][gc,phases      ] GC(854)   Evacuate Collection Set: 115.98ms
[3609.297s][info][gc,phases      ] GC(854)   Post Evacuate Collection Set: 0.85ms
[3609.297s][info][gc,phases      ] GC(854)   Other: 0.11ms
[3609.297s][info][gc,heap        ] GC(854) Eden regions: 1117->0(1118)
[3609.297s][info][gc,heap        ] GC(854) Survivor regions: 111->110(154)
[3609.297s][info][gc,heap        ] GC(854) Old regions: 473->505
[3609.297s][info][gc,heap        ] GC(854) Humongous regions: 80->80
[3609.297s][info][gc,metaspace   ] GC(854) Metaspace: 28894K(29312K)->28894K(29312K) NonClass: 24026K(24256K)->24026K(24256K) Class: 4868K(5056K)->4868K(5056K)
[3609.297s][info][gc             ] GC(854) Pause Young (Concurrent Start) (G1 Evacuation Pause) 3560M->1387M(4096M) 117.946ms
[3609.297s][info][gc             ] GC(855) Concurrent Mark Cycle
[3609.297s][info][gc,marking     ] GC(855) Concurrent Scan Root Regions
[3609.297s][info][gc,cpu         ] GC(854) User=0.70s Sys=0.00s Real=0.11s
[3609.435s][info][gc,marking     ] GC(855) Concurrent Scan Root Regions 137.905ms
[3609.435s][info][gc,marking     ] GC(855) Concurrent Mark
[3609.435s][info][gc,marking     ] GC(855) Concurrent Mark From Roots
[3609.435s][info][gc,task        ] GC(855) Using 2 workers of 2 for marking
.[3610.100s][info][gc,marking     ] GC(855) Concurrent Mark From Roots 664.991ms
[3610.100s][info][gc,marking     ] GC(855) Concurrent Preclean
[3610.100s][info][gc,marking     ] GC(855) Concurrent Preclean 0.070ms
[3610.102s][info][gc,start       ] GC(855) Pause Remark
[3610.108s][info][gc             ] GC(855) Pause Remark 2023M->2023M(4096M) 5.089ms
[3610.108s][info][gc,cpu         ] GC(855) User=0.03s Sys=0.00s Real=0.00s
[3610.108s][info][gc,marking     ] GC(855) Concurrent Mark 672.808ms
[3610.108s][info][gc,marking     ] GC(855) Concurrent Rebuild Remembered Sets and Scrub Regions
[3610.323s][info][gc,marking     ] GC(855) Concurrent Rebuild Remembered Sets and Scrub Regions 214.803ms
[3610.323s][info][gc,start       ] GC(855) Pause Cleanup
[3610.323s][info][gc             ] GC(855) Pause Cleanup 2211M->2211M(4096M) 0.114ms
[3610.323s][info][gc,cpu         ] GC(855) User=0.00s Sys=0.00s Real=0.00s
[3610.323s][info][gc,marking     ] GC(855) Concurrent Clear Claimed Marks
[3610.323s][info][gc,marking     ] GC(855) Concurrent Clear Claimed Marks 0.028ms
[3610.324s][info][gc,marking     ] GC(855) Concurrent Cleanup for Next Mark
[3610.328s][info][gc,marking     ] GC(855) Concurrent Cleanup for Next Mark 4.797ms
[3610.328s][info][gc             ] GC(855) Concurrent Mark Cycle 1031.035ms
..[3612.132s][info][gc,start       ] GC(856) Pause Young (Prepare Mixed) (G1 Evacuation Pause)
[3612.132s][info][gc,task        ] GC(856) Using 6 workers of 6 for evacuation
[3612.249s][info][gc,phases      ] GC(856)   Pre Evacuate Collection Set: 0.32ms
[3612.249s][info][gc,phases      ] GC(856)   Merge Heap Roots: 0.51ms
[3612.249s][info][gc,phases      ] GC(856)   Evacuate Collection Set: 114.92ms
[3612.249s][info][gc,phases      ] GC(856)   Post Evacuate Collection Set: 0.93ms
[3612.249s][info][gc,phases      ] GC(856)   Other: 0.09ms
[3612.249s][info][gc,heap        ] GC(856) Eden regions: 1118->0(1110)
[3612.249s][info][gc,heap        ] GC(856) Survivor regions: 110->109(154)
[3612.249s][info][gc,heap        ] GC(856) Old regions: 505->537
[3612.249s][info][gc,heap        ] GC(856) Humongous regions: 80->80
[3612.249s][info][gc,metaspace   ] GC(856) Metaspace: 28894K(29312K)->28894K(29312K) NonClass: 24026K(24256K)->24026K(24256K) Class: 4868K(5056K)->4868K(5056K)
[3612.249s][info][gc             ] GC(856) Pause Young (Prepare Mixed) (G1 Evacuation Pause) 3623M->1449M(4096M) 116.924ms
[3612.249s][info][gc,cpu         ] GC(856) User=0.70s Sys=0.00s Real=0.12s
...[3615.152s][info][gc,start       ] GC(857) Pause Young (Mixed) (G1 Evacuation Pause)
[3615.153s][info][gc,task        ] GC(857) Using 6 workers of 6 for evacuation
[3615.292s][info][gc,phases      ] GC(857)   Pre Evacuate Collection Set: 0.34ms
[3615.292s][info][gc,phases      ] GC(857)   Merge Heap Roots: 0.71ms
[3615.292s][info][gc,phases      ] GC(857)   Evacuate Collection Set: 137.59ms
[3615.292s][info][gc,phases      ] GC(857)   Post Evacuate Collection Set: 0.93ms
[3615.292s][info][gc,phases      ] GC(857)   Other: 0.10ms
[3615.292s][info][gc,heap        ] GC(857) Eden regions: 1110->0(1115)
[3615.292s][info][gc,heap        ] GC(857) Survivor regions: 109->113(153)
[3615.292s][info][gc,heap        ] GC(857) Old regions: 537->474
[3615.292s][info][gc,heap        ] GC(857) Humongous regions: 80->80
[3615.292s][info][gc,metaspace   ] GC(857) Metaspace: 28894K(29312K)->28894K(29312K) NonClass: 24026K(24256K)->24026K(24256K) Class: 4868K(5056K)->4868K(5056K)
[3615.292s][info][gc             ] GC(857) Pause Young (Mixed) (G1 Evacuation Pause) 3669M->1332M(4096M) 139.812ms
[3615.292s][info][gc,cpu         ] GC(857) User=0.83s Sys=0.00s Real=0.14s
...[3618.150s][info][gc,start       ] GC(858) Pause Young (Concurrent Start) (G1 Evacuation Pause)
[3618.150s][info][gc,task        ] GC(858) Using 6 workers of 6 for evacuation
[3618.268s][info][gc,phases      ] GC(858)   Pre Evacuate Collection Set: 0.35ms
[3618.268s][info][gc,phases      ] GC(858)   Merge Heap Roots: 0.53ms
[3618.268s][info][gc,phases      ] GC(858)   Evacuate Collection Set: 116.55ms
[3618.268s][info][gc,phases      ] GC(858)   Post Evacuate Collection Set: 0.86ms
[3618.268s][info][gc,phases      ] GC(858)   Other: 0.11ms
[3618.268s][info][gc,heap        ] GC(858) Eden regions: 1115->0(1119)
[3618.268s][info][gc,heap        ] GC(858) Survivor regions: 113->109(154)
[3618.268s][info][gc,heap        ] GC(858) Old regions: 474->505
[3618.268s][info][gc,heap        ] GC(858) Humongous regions: 80->80
[3618.268s][info][gc,metaspace   ] GC(858) Metaspace: 28894K(29312K)->28894K(29312K) NonClass: 24026K(24256K)->24026K(24256K) Class: 4868K(5056K)->4868K(5056K)
[3618.268s][info][gc             ] GC(858) Pause Young (Concurrent Start) (G1 Evacuation Pause) 3562M->1387M(4096M) 118.544ms
[3618.268s][info][gc             ] GC(859) Concurrent Mark Cycle
[3618.268s][info][gc,marking     ] GC(859) Concurrent Scan Root Regions
[3618.268s][info][gc,cpu         ] GC(858) User=0.71s Sys=0.00s Real=0.11s
[3618.418s][info][gc,marking     ] GC(859) Concurrent Scan Root Regions 150.025ms
[3618.418s][info][gc,marking     ] GC(859) Concurrent Mark
[3618.418s][info][gc,marking     ] GC(859) Concurrent Mark From Roots
[3618.418s][info][gc,task        ] GC(859) Using 2 workers of 2 for marking
.[3619.093s][info][gc,marking     ] GC(859) Concurrent Mark From Roots 674.253ms
[3619.093s][info][gc,marking     ] GC(859) Concurrent Preclean
[3619.093s][info][gc,marking     ] GC(859) Concurrent Preclean 0.070ms
[3619.093s][info][gc,start       ] GC(859) Pause Remark
[3619.098s][info][gc             ] GC(859) Pause Remark 2035M->2035M(4096M) 4.928ms
[3619.098s][info][gc,cpu         ] GC(859) User=0.03s Sys=0.00s Real=0.00s
[3619.098s][info][gc,marking     ] GC(859) Concurrent Mark 679.501ms
[3619.098s][info][gc,marking     ] GC(859) Concurrent Rebuild Remembered Sets and Scrub Regions
[3619.357s][info][gc,marking     ] GC(859) Concurrent Rebuild Remembered Sets and Scrub Regions 259.229ms
[3619.357s][info][gc,start       ] GC(859) Pause Cleanup
[3619.357s][info][gc             ] GC(859) Pause Cleanup 2246M->2246M(4096M) 0.105ms
[3619.357s][info][gc,cpu         ] GC(859) User=0.00s Sys=0.00s Real=0.00s
[3619.357s][info][gc,marking     ] GC(859) Concurrent Clear Claimed Marks
[3619.357s][info][gc,marking     ] GC(859) Concurrent Clear Claimed Marks 0.031ms
[3619.357s][info][gc,marking     ] GC(859) Concurrent Cleanup for Next Mark
[3619.361s][info][gc,marking     ] GC(859) Concurrent Cleanup for Next Mark 3.157ms
[3619.361s][info][gc             ] GC(859) Concurrent Mark Cycle 1092.332ms
..[3621.166s][info][gc,start       ] GC(860) Pause Young (Prepare Mixed) (G1 Evacuation Pause)
[3621.166s][info][gc,task        ] GC(860) Using 6 workers of 6 for evacuation
[3621.287s][info][gc,phases      ] GC(860)   Pre Evacuate Collection Set: 0.30ms
[3621.287s][info][gc,phases      ] GC(860)   Merge Heap Roots: 0.55ms
[3621.287s][info][gc,phases      ] GC(860)   Evacuate Collection Set: 119.87ms
[3621.287s][info][gc,phases      ] GC(860)   Post Evacuate Collection Set: 0.93ms
[3621.287s][info][gc,phases      ] GC(860)   Other: 0.08ms
[3621.287s][info][gc,heap        ] GC(860) Eden regions: 1119->0(1102)
[3621.287s][info][gc,heap        ] GC(860) Survivor regions: 109->113(154)
[3621.287s][info][gc,heap        ] GC(860) Old regions: 505->537
[3621.287s][info][gc,heap        ] GC(860) Humongous regions: 80->80
[3621.287s][info][gc,metaspace   ] GC(860) Metaspace: 28894K(29312K)->28894K(29312K) NonClass: 24026K(24256K)->24026K(24256K) Class: 4868K(5056K)->4868K(5056K)
[3621.287s][info][gc             ] GC(860) Pause Young (Prepare Mixed) (G1 Evacuation Pause) 3625M->1458M(4096M) 121.878ms
[3621.287s][info][gc,cpu         ] GC(860) User=0.72s Sys=0.01s Real=0.12s
...[3624.172s][info][gc,start       ] GC(861) Pause Young (Mixed) (G1 Evacuation Pause)
[3624.172s][info][gc,task        ] GC(861) Using 6 workers of 6 for evacuation
[3624.307s][info][gc,phases      ] GC(861)   Pre Evacuate Collection Set: 0.35ms
[3624.307s][info][gc,phases      ] GC(861)   Merge Heap Roots: 0.80ms
[3624.307s][info][gc,phases      ] GC(861)   Evacuate Collection Set: 132.92ms
[3624.307s][info][gc,phases      ] GC(861)   Post Evacuate Collection Set: 0.95ms
[3624.307s][info][gc,phases      ] GC(861)   Other: 0.09ms
[3624.307s][info][gc,heap        ] GC(861) Eden regions: 1102->0(1119)
[3624.307s][info][gc,heap        ] GC(861) Survivor regions: 113->109(152)
[3624.307s][info][gc,heap        ] GC(861) Old regions: 537->475
[3624.307s][info][gc,heap        ] GC(861) Humongous regions: 80->80
[3624.307s][info][gc,metaspace   ] GC(861) Metaspace: 28894K(29312K)->28894K(29312K) NonClass: 24026K(24256K)->24026K(24256K) Class: 4868K(5056K)->4868K(5056K)
[3624.307s][info][gc             ] GC(861) Pause Young (Mixed) (G1 Evacuation Pause) 3662M->1326M(4096M) 135.230ms
[3624.307s][info][gc,cpu         ] GC(861) User=0.81s Sys=0.00s Real=0.13s
...[3627.145s][info][gc,start       ] GC(862) Pause Young (Concurrent Start) (G1 Evacuation Pause)
[3627.145s][info][gc,task        ] GC(862) Using 6 workers of 6 for evacuation
[3627.264s][info][gc,phases      ] GC(862)   Pre Evacuate Collection Set: 0.37ms
[3627.264s][info][gc,phases      ] GC(862)   Merge Heap Roots: 0.48ms
[3627.264s][info][gc,phases      ] GC(862)   Evacuate Collection Set: 116.63ms
[3627.264s][info][gc,phases      ] GC(862)   Post Evacuate Collection Set: 0.88ms
[3627.264s][info][gc,phases      ] GC(862)   Other: 0.10ms
[3627.264s][info][gc,heap        ] GC(862) Eden regions: 1119->0(1120)
[3627.264s][info][gc,heap        ] GC(862) Survivor regions: 109->108(154)
[3627.264s][info][gc,heap        ] GC(862) Old regions: 475->508
[3627.264s][info][gc,heap        ] GC(862) Humongous regions: 80->80
[3627.264s][info][gc,metaspace   ] GC(862) Metaspace: 28894K(29312K)->28894K(29312K) NonClass: 24026K(24256K)->24026K(24256K) Class: 4868K(5056K)->4868K(5056K)
[3627.264s][info][gc             ] GC(862) Pause Young (Concurrent Start) (G1 Evacuation Pause) 3564M->1390M(4096M) 118.606ms
[3627.264s][info][gc             ] GC(863) Concurrent Mark Cycle
[3627.264s][info][gc,marking     ] GC(863) Concurrent Scan Root Regions
[3627.264s][info][gc,cpu         ] GC(862) User=0.71s Sys=0.00s Real=0.12s
[3627.434s][info][gc,marking     ] GC(863) Concurrent Scan Root Regions 169.640ms
[3627.434s][info][gc,marking     ] GC(863) Concurrent Mark
[3627.434s][info][gc,marking     ] GC(863) Concurrent Mark From Roots
[3627.434s][info][gc,task        ] GC(863) Using 2 workers of 2 for marking
. (rIR:aIR:PR = 6227:6236:6236) (tPR = 92702) [OK] 
  3627s: Performance info:
         Transaction,    Success,    Partial,     Failed,   Receipts, AvgBarcode, 
             Overall,     377371,          0,          0,     358537,      59.48, 
         Response times:
             Request,    Success,    Partial,     Failed,   SkipFail,     Probes,    Samples,      min,      p50,      p90,      p95,      p99,      max, 
       TotalPurchase,     358532,          0,          0,          0,     346018,     417185,      300,     5400,    22000,    51000,    99000,   285000,
     InStorePurchase,     188720,          0,          0,          0,     181560,     219415,      300,     5400,    22000,    51000,   100840,   285000,
      OnlinePurchase,     132077,          0,          0,          0,     127679,     153813,      300,     5300,    21000,    50000,    99000,   285000,
        InstPurchase,      37735,          0,          0,          0,      36779,      43957,      400,     5200,    19300,    50000,    94000,   284000,
          AssocOfCat,        374,          0,          0,          0,        298,        414,    23000,    36000,    78000,   115500,   181350,   212000,
      AssocOfProduct,       3758,          0,          0,          0,       3460,       4316,      600,     5400,    18700,    49000,   113830,   213000,
      BusinessReport,        941,          0,          0,          0,        827,       1119,    26000,    41000,    67000,   101000,   184600,   227000,
          CustBuyBeh,       3763,          0,          0,          0,       3582,       4479,      200,     5300,    22000,    56000,   103200,   160000,
       ProductReturn,       9990,          0,          0,          0,       9616,      11569,      200,     6300,    22000,    53000,   101000,   170000,

  3627s: (46%)   IR =   6365 [3628.215s][info][gc,marking     ] GC(863) Concurrent Mark From Roots 781.635ms
[3628.215s][info][gc,marking     ] GC(863) Concurrent Preclean
[3628.215s][info][gc,marking     ] GC(863) Concurrent Preclean 0.090ms
[3628.216s][info][gc,start       ] GC(863) Pause Remark
[3628.221s][info][gc             ] GC(863) Pause Remark 2102M->2102M(4096M) 5.341ms
[3628.221s][info][gc,cpu         ] GC(863) User=0.03s Sys=0.00s Real=0.01s
[3628.221s][info][gc,marking     ] GC(863) Concurrent Mark 787.299ms
[3628.221s][info][gc,marking     ] GC(863) Concurrent Rebuild Remembered Sets and Scrub Regions
[3628.525s][info][gc,marking     ] GC(863) Concurrent Rebuild Remembered Sets and Scrub Regions 303.579ms
[3628.525s][info][gc,start       ] GC(863) Pause Cleanup
[3628.525s][info][gc             ] GC(863) Pause Cleanup 2339M->2339M(4096M) 0.108ms
[3628.525s][info][gc,cpu         ] GC(863) User=0.00s Sys=0.00s Real=0.00s
[3628.525s][info][gc,marking     ] GC(863) Concurrent Clear Claimed Marks
[3628.525s][info][gc,marking     ] GC(863) Concurrent Clear Claimed Marks 0.024ms
[3628.525s][info][gc,marking     ] GC(863) Concurrent Cleanup for Next Mark
[3628.529s][info][gc,marking     ] GC(863) Concurrent Cleanup for Next Mark 4.260ms
[3628.529s][info][gc             ] GC(863) Concurrent Mark Cycle 1265.241ms
..[3630.179s][info][gc,start       ] GC(864) Pause Young (Prepare Mixed) (G1 Evacuation Pause)
[3630.179s][info][gc,task        ] GC(864) Using 6 workers of 6 for evacuation
[3630.299s][info][gc,phases      ] GC(864)   Pre Evacuate Collection Set: 0.32ms
[3630.299s][info][gc,phases      ] GC(864)   Merge Heap Roots: 0.53ms
[3630.299s][info][gc,phases      ] GC(864)   Evacuate Collection Set: 118.89ms
[3630.299s][info][gc,phases      ] GC(864)   Post Evacuate Collection Set: 0.93ms
[3630.299s][info][gc,phases      ] GC(864)   Other: 0.09ms
[3630.300s][info][gc,heap        ] GC(864) Eden regions: 1120->0(1101)
[3630.300s][info][gc,heap        ] GC(864) Survivor regions: 108->112(154)
[3630.300s][info][gc,heap        ] GC(864) Old regions: 508->540
[3630.300s][info][gc,heap        ] GC(864) Humongous regions: 80->80
[3630.300s][info][gc,metaspace   ] GC(864) Metaspace: 28895K(29312K)->28895K(29312K) NonClass: 24026K(24256K)->24026K(24256K) Class: 4868K(5056K)->4868K(5056K)
[3630.300s][info][gc             ] GC(864) Pause Young (Prepare Mixed) (G1 Evacuation Pause) 3630M->1461M(4096M) 120.896ms
[3630.300s][info][gc,cpu         ] GC(864) User=0.72s Sys=0.00s Real=0.12s
...[3633.106s][info][gc,start       ] GC(865) Pause Young (Mixed) (G1 Evacuation Pause)
[3633.106s][info][gc,task        ] GC(865) Using 6 workers of 6 for evacuation
[3633.242s][info][gc,phases      ] GC(865)   Pre Evacuate Collection Set: 0.33ms
[3633.242s][info][gc,phases      ] GC(865)   Merge Heap Roots: 0.64ms
[3633.242s][info][gc,phases      ] GC(865)   Evacuate Collection Set: 134.30ms
[3633.242s][info][gc,phases      ] GC(865)   Post Evacuate Collection Set: 0.95ms
[3633.242s][info][gc,phases      ] GC(865)   Other: 0.08ms
[3633.242s][info][gc,heap        ] GC(865) Eden regions: 1101->0(1115)
[3633.242s][info][gc,heap        ] GC(865) Survivor regions: 112->113(152)
[3633.242s][info][gc,heap        ] GC(865) Old regions: 540->476
[3633.242s][info][gc,heap        ] GC(865) Humongous regions: 80->80
[3633.242s][info][gc,metaspace   ] GC(865) Metaspace: 28895K(29312K)->28895K(29312K) NonClass: 24026K(24256K)->24026K(24256K) Class: 4868K(5056K)->4868K(5056K)
[3633.242s][info][gc             ] GC(865) Pause Young (Mixed) (G1 Evacuation Pause) 3663M->1336M(4096M) 136.434ms
[3633.242s][info][gc,cpu         ] GC(865) User=0.81s Sys=0.00s Real=0.14s
.|..[3636.057s][info][gc,start       ] GC(866) Pause Young (Concurrent Start) (G1 Evacuation Pause)
[3636.057s][info][gc,task        ] GC(866) Using 6 workers of 6 for evacuation
[3636.173s][info][gc,phases      ] GC(866)   Pre Evacuate Collection Set: 0.37ms
[3636.173s][info][gc,phases      ] GC(866)   Merge Heap Roots: 0.46ms
[3636.173s][info][gc,phases      ] GC(866)   Evacuate Collection Set: 114.63ms
[3636.173s][info][gc,phases      ] GC(866)   Post Evacuate Collection Set: 0.91ms
[3636.173s][info][gc,phases      ] GC(866)   Other: 0.10ms
[3636.173s][info][gc,heap        ] GC(866) Eden regions: 1115->0(1120)
[3636.173s][info][gc,heap        ] GC(866) Survivor regions: 113->108(154)
[3636.173s][info][gc,heap        ] GC(866) Old regions: 476->509
[3636.173s][info][gc,heap        ] GC(866) Humongous regions: 80->80
[3636.173s][info][gc,metaspace   ] GC(866) Metaspace: 28895K(29312K)->28895K(29312K) NonClass: 24026K(24256K)->24026K(24256K) Class: 4868K(5056K)->4868K(5056K)
[3636.173s][info][gc             ] GC(866) Pause Young (Concurrent Start) (G1 Evacuation Pause) 3566M->1392M(4096M) 116.604ms
[3636.173s][info][gc             ] GC(867) Concurrent Mark Cycle
[3636.173s][info][gc,marking     ] GC(867) Concurrent Scan Root Regions
[3636.173s][info][gc,cpu         ] GC(866) User=0.70s Sys=0.00s Real=0.12s
[3636.353s][info][gc,marking     ] GC(867) Concurrent Scan Root Regions 179.505ms
[3636.353s][info][gc,marking     ] GC(867) Concurrent Mark
[3636.353s][info][gc,marking     ] GC(867) Concurrent Mark From Roots
[3636.353s][info][gc,task        ] GC(867) Using 2 workers of 2 for marking
.[3637.206s][info][gc,marking     ] GC(867) Concurrent Mark From Roots 853.106ms
[3637.206s][info][gc,marking     ] GC(867) Concurrent Preclean
[3637.206s][info][gc,marking     ] GC(867) Concurrent Preclean 0.107ms
[3637.207s][info][gc,start       ] GC(867) Pause Remark
[3637.212s][info][gc             ] GC(867) Pause Remark 2258M->2258M(4096M) 5.386ms
[3637.212s][info][gc,cpu         ] GC(867) User=0.03s Sys=0.00s Real=0.01s
[3637.213s][info][gc,marking     ] GC(867) Concurrent Mark 859.757ms
[3637.213s][info][gc,marking     ] GC(867) Concurrent Rebuild Remembered Sets and Scrub Regions
[3637.515s][info][gc,marking     ] GC(867) Concurrent Rebuild Remembered Sets and Scrub Regions 302.133ms
[3637.515s][info][gc,start       ] GC(867) Pause Cleanup
[3637.515s][info][gc             ] GC(867) Pause Cleanup 2490M->2490M(4096M) 0.111ms
[3637.515s][info][gc,cpu         ] GC(867) User=0.00s Sys=0.00s Real=0.00s
[3637.515s][info][gc,marking     ] GC(867) Concurrent Clear Claimed Marks
[3637.515s][info][gc,marking     ] GC(867) Concurrent Clear Claimed Marks 0.029ms
[3637.515s][info][gc,marking     ] GC(867) Concurrent Cleanup for Next Mark
[3637.519s][info][gc,marking     ] GC(867) Concurrent Cleanup for Next Mark 3.453ms
[3637.519s][info][gc             ] GC(867) Concurrent Mark Cycle 1345.349ms
..[3638.999s][info][gc,start       ] GC(868) Pause Young (Prepare Mixed) (G1 Evacuation Pause)
[3638.999s][info][gc,task        ] GC(868) Using 6 workers of 6 for evacuation
[3639.116s][info][gc,phases      ] GC(868)   Pre Evacuate Collection Set: 0.31ms
[3639.116s][info][gc,phases      ] GC(868)   Merge Heap Roots: 0.52ms
[3639.116s][info][gc,phases      ] GC(868)   Evacuate Collection Set: 114.92ms
[3639.116s][info][gc,phases      ] GC(868)   Post Evacuate Collection Set: 0.92ms
[3639.116s][info][gc,phases      ] GC(868)   Other: 0.08ms
[3639.116s][info][gc,heap        ] GC(868) Eden regions: 1120->0(1108)
[3639.116s][info][gc,heap        ] GC(868) Survivor regions: 108->108(154)
[3639.116s][info][gc,heap        ] GC(868) Old regions: 509->541
[3639.116s][info][gc,heap        ] GC(868) Humongous regions: 80->80
[3639.116s][info][gc,metaspace   ] GC(868) Metaspace: 28895K(29312K)->28895K(29312K) NonClass: 24026K(24256K)->24026K(24256K) Class: 4868K(5056K)->4868K(5056K)
[3639.116s][info][gc             ] GC(868) Pause Young (Prepare Mixed) (G1 Evacuation Pause) 3632M->1456M(4096M) 116.883ms
[3639.116s][info][gc,cpu         ] GC(868) User=0.70s Sys=0.00s Real=0.11s
...[3641.951s][info][gc,start       ] GC(869) Pause Young (Mixed) (G1 Evacuation Pause)
[3641.952s][info][gc,task        ] GC(869) Using 6 workers of 6 for evacuation
[3642.084s][info][gc,phases      ] GC(869)   Pre Evacuate Collection Set: 0.35ms
[3642.084s][info][gc,phases      ] GC(869)   Merge Heap Roots: 0.76ms
[3642.084s][info][gc,phases      ] GC(869)   Evacuate Collection Set: 129.95ms
[3642.084s][info][gc,phases      ] GC(869)   Post Evacuate Collection Set: 0.92ms
[3642.084s][info][gc,phases      ] GC(869)   Other: 0.09ms
[3642.084s][info][gc,heap        ] GC(869) Eden regions: 1108->0(1119)
[3642.084s][info][gc,heap        ] GC(869) Survivor regions: 108->109(152)
[3642.084s][info][gc,heap        ] GC(869) Old regions: 541->474
[3642.084s][info][gc,heap        ] GC(869) Humongous regions: 80->80
[3642.084s][info][gc,metaspace   ] GC(869) Metaspace: 28895K(29312K)->28895K(29312K) NonClass: 24026K(24256K)->24026K(24256K) Class: 4868K(5056K)->4868K(5056K)
[3642.084s][info][gc             ] GC(869) Pause Young (Mixed) (G1 Evacuation Pause) 3672M->1325M(4096M) 132.195ms
[3642.084s][info][gc,cpu         ] GC(869) User=0.79s Sys=0.01s Real=0.13s
..[3644.834s][info][gc,start       ] GC(870) Pause Young (Concurrent Start) (G1 Evacuation Pause)
[3644.834s][info][gc,task        ] GC(870) Using 6 workers of 6 for evacuation
[3644.950s][info][gc,phases      ] GC(870)   Pre Evacuate Collection Set: 0.37ms
[3644.950s][info][gc,phases      ] GC(870)   Merge Heap Roots: 0.50ms
[3644.950s][info][gc,phases      ] GC(870)   Evacuate Collection Set: 114.11ms
[3644.950s][info][gc,phases      ] GC(870)   Post Evacuate Collection Set: 0.86ms
[3644.950s][info][gc,phases      ] GC(870)   Other: 0.12ms
[3644.950s][info][gc,heap        ] GC(870) Eden regions: 1119->0(1120)
[3644.950s][info][gc,heap        ] GC(870) Survivor regions: 109->108(154)
[3644.950s][info][gc,heap        ] GC(870) Old regions: 474->506
[3644.950s][info][gc,heap        ] GC(870) Humongous regions: 80->80
[3644.950s][info][gc,metaspace   ] GC(870) Metaspace: 28895K(29312K)->28895K(29312K) NonClass: 24026K(24256K)->24026K(24256K) Class: 4868K(5056K)->4868K(5056K)
[3644.950s][info][gc             ] GC(870) Pause Young (Concurrent Start) (G1 Evacuation Pause) 3563M->1385M(4096M) 116.107ms
[3644.950s][info][gc             ] GC(871) Concurrent Mark Cycle
[3644.950s][info][gc,marking     ] GC(871) Concurrent Scan Root Regions
[3644.950s][info][gc,cpu         ] GC(870) User=0.69s Sys=0.00s Real=0.12s
.[3645.129s][info][gc,marking     ] GC(871) Concurrent Scan Root Regions 178.195ms
[3645.129s][info][gc,marking     ] GC(871) Concurrent Mark
[3645.129s][info][gc,marking     ] GC(871) Concurrent Mark From Roots
[3645.129s][info][gc,task        ] GC(871) Using 2 workers of 2 for marking
[3645.952s][info][gc,marking     ] GC(871) Concurrent Mark From Roots 823.861ms
[3645.953s][info][gc,marking     ] GC(871) Concurrent Preclean
[3645.953s][info][gc,marking     ] GC(871) Concurrent Preclean 0.095ms
[3645.953s][info][gc,start       ] GC(871) Pause Remark
[3645.959s][info][gc             ] GC(871) Pause Remark 2191M->2191M(4096M) 5.821ms
[3645.959s][info][gc,cpu         ] GC(871) User=0.03s Sys=0.00s Real=0.01s
[3645.959s][info][gc,marking     ] GC(871) Concurrent Mark 830.092ms
[3645.959s][info][gc,marking     ] GC(871) Concurrent Rebuild Remembered Sets and Scrub Regions
.[3646.267s][info][gc,marking     ] GC(871) Concurrent Rebuild Remembered Sets and Scrub Regions 308.034ms
[3646.268s][info][gc,start       ] GC(871) Pause Cleanup
[3646.268s][info][gc             ] GC(871) Pause Cleanup 2433M->2433M(4096M) 0.113ms
[3646.268s][info][gc,cpu         ] GC(871) User=0.00s Sys=0.00s Real=0.00s
[3646.268s][info][gc,marking     ] GC(871) Concurrent Clear Claimed Marks
[3646.268s][info][gc,marking     ] GC(871) Concurrent Clear Claimed Marks 0.027ms
[3646.268s][info][gc,marking     ] GC(871) Concurrent Cleanup for Next Mark
[3646.273s][info][gc,marking     ] GC(871) Concurrent Cleanup for Next Mark 4.605ms
[3646.273s][info][gc             ] GC(871) Concurrent Mark Cycle 1322.267ms
.[3647.872s][info][gc,start       ] GC(872) Pause Young (Prepare Mixed) (G1 Evacuation Pause)
[3647.872s][info][gc,task        ] GC(872) Using 6 workers of 6 for evacuation
[3647.988s][info][gc,phases      ] GC(872)   Pre Evacuate Collection Set: 0.33ms
[3647.988s][info][gc,phases      ] GC(872)   Merge Heap Roots: 0.52ms
[3647.988s][info][gc,phases      ] GC(872)   Evacuate Collection Set: 114.04ms
[3647.988s][info][gc,phases      ] GC(872)   Post Evacuate Collection Set: 0.90ms
[3647.988s][info][gc,phases      ] GC(872)   Other: 0.08ms
[3647.988s][info][gc,heap        ] GC(872) Eden regions: 1120->0(1111)
[3647.988s][info][gc,heap        ] GC(872) Survivor regions: 108->108(154)
[3647.988s][info][gc,heap        ] GC(872) Old regions: 506->538
[3647.988s][info][gc,heap        ] GC(872) Humongous regions: 80->80
[3647.988s][info][gc,metaspace   ] GC(872) Metaspace: 28895K(29312K)->28895K(29312K) NonClass: 24026K(24256K)->24026K(24256K) Class: 4868K(5056K)->4868K(5056K)
[3647.988s][info][gc             ] GC(872) Pause Young (Prepare Mixed) (G1 Evacuation Pause) 3625M->1449M(4096M) 116.022ms
[3647.988s][info][gc,cpu         ] GC(872) User=0.69s Sys=0.00s Real=0.11s
...[3650.745s][info][gc,start       ] GC(873) Pause Young (Mixed) (G1 Evacuation Pause)
[3650.745s][info][gc,task        ] GC(873) Using 6 workers of 6 for evacuation
[3650.882s][info][gc,phases      ] GC(873)   Pre Evacuate Collection Set: 0.38ms
[3650.882s][info][gc,phases      ] GC(873)   Merge Heap Roots: 0.77ms
[3650.882s][info][gc,phases      ] GC(873)   Evacuate Collection Set: 134.11ms
[3650.882s][info][gc,phases      ] GC(873)   Post Evacuate Collection Set: 0.95ms
[3650.882s][info][gc,phases      ] GC(873)   Other: 0.09ms
[3650.882s][info][gc,heap        ] GC(873) Eden regions: 1111->0(1117)
[3650.882s][info][gc,heap        ] GC(873) Survivor regions: 108->111(153)
[3650.882s][info][gc,heap        ] GC(873) Old regions: 538->474
[3650.882s][info][gc,heap        ] GC(873) Humongous regions: 80->80
[3650.882s][info][gc,metaspace   ] GC(873) Metaspace: 28895K(29312K)->28895K(29312K) NonClass: 24026K(24256K)->24026K(24256K) Class: 4868K(5056K)->4868K(5056K)
[3650.882s][info][gc             ] GC(873) Pause Young (Mixed) (G1 Evacuation Pause) 3671M->1328M(4096M) 136.442ms
[3650.882s][info][gc,cpu         ] GC(873) User=0.81s Sys=0.00s Real=0.14s
...[3653.682s][info][gc,start       ] GC(874) Pause Young (Concurrent Start) (G1 Evacuation Pause)
[3653.682s][info][gc,task        ] GC(874) Using 6 workers of 6 for evacuation
[3653.799s][info][gc,phases      ] GC(874)   Pre Evacuate Collection Set: 0.40ms
[3653.799s][info][gc,phases      ] GC(874)   Merge Heap Roots: 0.54ms
[3653.799s][info][gc,phases      ] GC(874)   Evacuate Collection Set: 114.68ms
[3653.799s][info][gc,phases      ] GC(874)   Post Evacuate Collection Set: 0.89ms
[3653.799s][info][gc,phases      ] GC(874)   Other: 0.14ms
[3653.799s][info][gc,heap        ] GC(874) Eden regions: 1117->0(1121)
[3653.799s][info][gc,heap        ] GC(874) Survivor regions: 111->107(154)
[3653.799s][info][gc,heap        ] GC(874) Old regions: 474->506
[3653.799s][info][gc,heap        ] GC(874) Humongous regions: 80->80
[3653.799s][info][gc,metaspace   ] GC(874) Metaspace: 28895K(29312K)->28895K(29312K) NonClass: 24026K(24256K)->24026K(24256K) Class: 4868K(5056K)->4868K(5056K)
[3653.799s][info][gc             ] GC(874) Pause Young (Concurrent Start) (G1 Evacuation Pause) 3562M->1385M(4096M) 116.783ms
[3653.799s][info][gc             ] GC(875) Concurrent Mark Cycle
[3653.799s][info][gc,marking     ] GC(875) Concurrent Scan Root Regions
[3653.799s][info][gc,cpu         ] GC(874) User=0.70s Sys=0.01s Real=0.12s
[3653.982s][info][gc,marking     ] GC(875) Concurrent Scan Root Regions 183.045ms
[3653.982s][info][gc,marking     ] GC(875) Concurrent Mark
[3653.982s][info][gc,marking     ] GC(875) Concurrent Mark From Roots
[3653.982s][info][gc,task        ] GC(875) Using 2 workers of 2 for marking
.[3654.894s][info][gc,marking     ] GC(875) Concurrent Mark From Roots 912.307ms
[3654.894s][info][gc,marking     ] GC(875) Concurrent Preclean
[3654.894s][info][gc,marking     ] GC(875) Concurrent Preclean 0.111ms
[3654.896s][info][gc,start       ] GC(875) Pause Remark
[3654.901s][info][gc             ] GC(875) Pause Remark 2313M->2313M(4096M) 5.644ms
[3654.901s][info][gc,cpu         ] GC(875) User=0.03s Sys=0.00s Real=0.01s
[3654.902s][info][gc,marking     ] GC(875) Concurrent Mark 919.721ms
[3654.902s][info][gc,marking     ] GC(875) Concurrent Rebuild Remembered Sets and Scrub Regions
.[3655.266s][info][gc,marking     ] GC(875) Concurrent Rebuild Remembered Sets and Scrub Regions 364.896ms
[3655.267s][info][gc,start       ] GC(875) Pause Cleanup
[3655.267s][info][gc             ] GC(875) Pause Cleanup 2558M->2558M(4096M) 0.115ms
[3655.267s][info][gc,cpu         ] GC(875) User=0.00s Sys=0.00s Real=0.00s
[3655.267s][info][gc,marking     ] GC(875) Concurrent Clear Claimed Marks
[3655.267s][info][gc,marking     ] GC(875) Concurrent Clear Claimed Marks 0.031ms
[3655.267s][info][gc,marking     ] GC(875) Concurrent Cleanup for Next Mark
[3655.273s][info][gc,marking     ] GC(875) Concurrent Cleanup for Next Mark 5.845ms
[3655.273s][info][gc             ] GC(875) Concurrent Mark Cycle 1474.536ms
.[3656.634s][info][gc,start       ] GC(876) Pause Young (Prepare Mixed) (G1 Evacuation Pause)
[3656.634s][info][gc,task        ] GC(876) Using 6 workers of 6 for evacuation
[3656.751s][info][gc,phases      ] GC(876)   Pre Evacuate Collection Set: 0.33ms
[3656.751s][info][gc,phases      ] GC(876)   Merge Heap Roots: 0.62ms
[3656.751s][info][gc,phases      ] GC(876)   Evacuate Collection Set: 114.95ms
[3656.751s][info][gc,phases      ] GC(876)   Post Evacuate Collection Set: 0.91ms
[3656.751s][info][gc,phases      ] GC(876)   Other: 0.09ms
[3656.751s][info][gc,heap        ] GC(876) Eden regions: 1121->0(1111)
[3656.751s][info][gc,heap        ] GC(876) Survivor regions: 107->108(154)
[3656.751s][info][gc,heap        ] GC(876) Old regions: 506->538
[3656.751s][info][gc,heap        ] GC(876) Humongous regions: 80->80
[3656.751s][info][gc,metaspace   ] GC(876) Metaspace: 28895K(29312K)->28895K(29312K) NonClass: 24026K(24256K)->24026K(24256K) Class: 4868K(5056K)->4868K(5056K)
[3656.751s][info][gc             ] GC(876) Pause Young (Prepare Mixed) (G1 Evacuation Pause) 3627M->1449M(4096M) 117.037ms
[3656.751s][info][gc,cpu         ] GC(876) User=0.69s Sys=0.00s Real=0.12s
...[3659.640s][info][gc,start       ] GC(877) Pause Young (Mixed) (G1 Evacuation Pause)
[3659.640s][info][gc,task        ] GC(877) Using 6 workers of 6 for evacuation
[3659.776s][info][gc,phases      ] GC(877)   Pre Evacuate Collection Set: 0.36ms
[3659.776s][info][gc,phases      ] GC(877)   Merge Heap Roots: 0.86ms
[3659.776s][info][gc,phases      ] GC(877)   Evacuate Collection Set: 133.90ms
[3659.776s][info][gc,phases      ] GC(877)   Post Evacuate Collection Set: 0.94ms
[3659.776s][info][gc,phases      ] GC(877)   Other: 0.10ms
[3659.776s][info][gc,heap        ] GC(877) Eden regions: 1111->0(1118)
[3659.776s][info][gc,heap        ] GC(877) Survivor regions: 108->110(153)
[3659.776s][info][gc,heap        ] GC(877) Old regions: 538->472
[3659.776s][info][gc,heap        ] GC(877) Humongous regions: 80->80
[3659.776s][info][gc,metaspace   ] GC(877) Metaspace: 28895K(29312K)->28895K(29312K) NonClass: 24026K(24256K)->24026K(24256K) Class: 4868K(5056K)->4868K(5056K)
[3659.776s][info][gc             ] GC(877) Pause Young (Mixed) (G1 Evacuation Pause) 3671M->1322M(4096M) 136.295ms
[3659.777s][info][gc,cpu         ] GC(877) User=0.81s Sys=0.00s Real=0.13s
...[3662.489s][info][gc,start       ] GC(878) Pause Young (Concurrent Start) (G1 Evacuation Pause)
[3662.489s][info][gc,task        ] GC(878) Using 6 workers of 6 for evacuation
[3662.606s][info][gc,phases      ] GC(878)   Pre Evacuate Collection Set: 0.36ms
[3662.606s][info][gc,phases      ] GC(878)   Merge Heap Roots: 0.48ms
[3662.606s][info][gc,phases      ] GC(878)   Evacuate Collection Set: 115.13ms
[3662.606s][info][gc,phases      ] GC(878)   Post Evacuate Collection Set: 0.87ms
[3662.606s][info][gc,phases      ] GC(878)   Other: 0.11ms
[3662.606s][info][gc,heap        ] GC(878) Eden regions: 1118->0(1119)
[3662.606s][info][gc,heap        ] GC(878) Survivor regions: 110->109(154)
[3662.606s][info][gc,heap        ] GC(878) Old regions: 472->504
[3662.606s][info][gc,heap        ] GC(878) Humongous regions: 80->80
[3662.606s][info][gc,metaspace   ] GC(878) Metaspace: 28895K(29312K)->28895K(29312K) NonClass: 24026K(24256K)->24026K(24256K) Class: 4868K(5056K)->4868K(5056K)
[3662.606s][info][gc             ] GC(878) Pause Young (Concurrent Start) (G1 Evacuation Pause) 3558M->1385M(4096M) 117.069ms
[3662.606s][info][gc             ] GC(879) Concurrent Mark Cycle
[3662.606s][info][gc,marking     ] GC(879) Concurrent Scan Root Regions
[3662.606s][info][gc,cpu         ] GC(878) User=0.70s Sys=0.00s Real=0.11s
[3662.784s][info][gc,marking     ] GC(879) Concurrent Scan Root Regions 178.573ms
[3662.784s][info][gc,marking     ] GC(879) Concurrent Mark
[3662.784s][info][gc,marking     ] GC(879) Concurrent Mark From Roots
[3662.784s][info][gc,task        ] GC(879) Using 2 workers of 2 for marking
.[3663.462s][info][gc,marking     ] GC(879) Concurrent Mark From Roots 677.987ms
[3663.462s][info][gc,marking     ] GC(879) Concurrent Preclean
[3663.462s][info][gc,marking     ] GC(879) Concurrent Preclean 0.069ms
[3663.463s][info][gc,start       ] GC(879) Pause Remark
[3663.467s][info][gc             ] GC(879) Pause Remark 2067M->2067M(4096M) 4.576ms
[3663.467s][info][gc,cpu         ] GC(879) User=0.02s Sys=0.00s Real=0.00s
[3663.467s][info][gc,marking     ] GC(879) Concurrent Mark 682.967ms
[3663.467s][info][gc,marking     ] GC(879) Concurrent Rebuild Remembered Sets and Scrub Regions
[3663.776s][info][gc,marking     ] GC(879) Concurrent Rebuild Remembered Sets and Scrub Regions 308.399ms
[3663.776s][info][gc,start       ] GC(879) Pause Cleanup
[3663.776s][info][gc             ] GC(879) Pause Cleanup 2327M->2327M(4096M) 0.101ms
[3663.776s][info][gc,cpu         ] GC(879) User=0.00s Sys=0.00s Real=0.00s
[3663.776s][info][gc,marking     ] GC(879) Concurrent Clear Claimed Marks
[3663.776s][info][gc,marking     ] GC(879) Concurrent Clear Claimed Marks 0.025ms
[3663.776s][info][gc,marking     ] GC(879) Concurrent Cleanup for Next Mark
[3663.780s][info][gc,marking     ] GC(879) Concurrent Cleanup for Next Mark 3.498ms
[3663.780s][info][gc             ] GC(879) Concurrent Mark Cycle 1173.930ms
..[3665.491s][info][gc,start       ] GC(880) Pause Young (Prepare Mixed) (G1 Evacuation Pause)
[3665.491s][info][gc,task        ] GC(880) Using 6 workers of 6 for evacuation
[3665.606s][info][gc,phases      ] GC(880)   Pre Evacuate Collection Set: 0.31ms
[3665.606s][info][gc,phases      ] GC(880)   Merge Heap Roots: 0.54ms
[3665.606s][info][gc,phases      ] GC(880)   Evacuate Collection Set: 113.44ms
[3665.606s][info][gc,phases      ] GC(880)   Post Evacuate Collection Set: 0.90ms
[3665.606s][info][gc,phases      ] GC(880)   Other: 0.10ms
[3665.606s][info][gc,heap        ] GC(880) Eden regions: 1119->0(1116)
[3665.606s][info][gc,heap        ] GC(880) Survivor regions: 109->106(154)
[3665.606s][info][gc,heap        ] GC(880) Old regions: 504->537
[3665.606s][info][gc,heap        ] GC(880) Humongous regions: 80->80
[3665.606s][info][gc,metaspace   ] GC(880) Metaspace: 28895K(29312K)->28895K(29312K) NonClass: 24026K(24256K)->24026K(24256K) Class: 4868K(5056K)->4868K(5056K)
[3665.606s][info][gc             ] GC(880) Pause Young (Prepare Mixed) (G1 Evacuation Pause) 3623M->1444M(4096M) 115.412ms
[3665.607s][info][gc,cpu         ] GC(880) User=0.68s Sys=0.00s Real=0.11s
...[3668.428s][info][gc,start       ] GC(881) Pause Young (Mixed) (G1 Evacuation Pause)
[3668.428s][info][gc,task        ] GC(881) Using 6 workers of 6 for evacuation
[3668.561s][info][gc,phases      ] GC(881)   Pre Evacuate Collection Set: 0.38ms
[3668.561s][info][gc,phases      ] GC(881)   Merge Heap Roots: 0.78ms
[3668.561s][info][gc,phases      ] GC(881)   Evacuate Collection Set: 131.15ms
[3668.561s][info][gc,phases      ] GC(881)   Post Evacuate Collection Set: 0.94ms
[3668.561s][info][gc,phases      ] GC(881)   Other: 0.10ms
[3668.561s][info][gc,heap        ] GC(881) Eden regions: 1116->0(1117)
[3668.561s][info][gc,heap        ] GC(881) Survivor regions: 106->111(153)
[3668.561s][info][gc,heap        ] GC(881) Old regions: 537->474
[3668.561s][info][gc,heap        ] GC(881) Humongous regions: 80->80
[3668.561s][info][gc,metaspace   ] GC(881) Metaspace: 28895K(29312K)->28895K(29312K) NonClass: 24026K(24256K)->24026K(24256K) Class: 4868K(5056K)->4868K(5056K)
[3668.561s][info][gc             ] GC(881) Pause Young (Mixed) (G1 Evacuation Pause) 3676M->1329M(4096M) 133.469ms
[3668.561s][info][gc,cpu         ] GC(881) User=0.79s Sys=0.00s Real=0.14s
...[3671.370s][info][gc,start       ] GC(882) Pause Young (Concurrent Start) (G1 Evacuation Pause)
[3671.370s][info][gc,task        ] GC(882) Using 6 workers of 6 for evacuation
[3671.490s][info][gc,phases      ] GC(882)   Pre Evacuate Collection Set: 0.37ms
[3671.490s][info][gc,phases      ] GC(882)   Merge Heap Roots: 0.48ms
[3671.490s][info][gc,phases      ] GC(882)   Evacuate Collection Set: 118.49ms
[3671.490s][info][gc,phases      ] GC(882)   Post Evacuate Collection Set: 0.87ms
[3671.490s][info][gc,phases      ] GC(882)   Other: 0.09ms
[3671.490s][info][gc,heap        ] GC(882) Eden regions: 1117->0(1117)
[3671.490s][info][gc,heap        ] GC(882) Survivor regions: 111->111(154)
[3671.490s][info][gc,heap        ] GC(882) Old regions: 474->507
[3671.490s][info][gc,heap        ] GC(882) Humongous regions: 80->80
[3671.490s][info][gc,metaspace   ] GC(882) Metaspace: 28895K(29312K)->28895K(29312K) NonClass: 24026K(24256K)->24026K(24256K) Class: 4868K(5056K)->4868K(5056K)
[3671.490s][info][gc             ] GC(882) Pause Young (Concurrent Start) (G1 Evacuation Pause) 3563M->1394M(4096M) 120.427ms
[3671.490s][info][gc             ] GC(883) Concurrent Mark Cycle
[3671.490s][info][gc,marking     ] GC(883) Concurrent Scan Root Regions
[3671.490s][info][gc,cpu         ] GC(882) User=0.72s Sys=0.00s Real=0.12s
[3671.629s][info][gc,marking     ] GC(883) Concurrent Scan Root Regions 139.417ms
[3671.629s][info][gc,marking     ] GC(883) Concurrent Mark
[3671.629s][info][gc,marking     ] GC(883) Concurrent Mark From Roots
[3671.629s][info][gc,task        ] GC(883) Using 2 workers of 2 for marking
.[3672.303s][info][gc,marking     ] GC(883) Concurrent Mark From Roots 673.871ms
[3672.303s][info][gc,marking     ] GC(883) Concurrent Preclean
[3672.303s][info][gc,marking     ] GC(883) Concurrent Preclean 0.092ms
[3672.304s][info][gc,start       ] GC(883) Pause Remark
[3672.309s][info][gc             ] GC(883) Pause Remark 2072M->2072M(4096M) 5.373ms
[3672.309s][info][gc,cpu         ] GC(883) User=0.03s Sys=0.00s Real=0.01s
[3672.309s][info][gc,marking     ] GC(883) Concurrent Mark 679.728ms
[3672.309s][info][gc,marking     ] GC(883) Concurrent Rebuild Remembered Sets and Scrub Regions
[3672.563s][info][gc,marking     ] GC(883) Concurrent Rebuild Remembered Sets and Scrub Regions 253.370ms
[3672.563s][info][gc,start       ] GC(883) Pause Cleanup
[3672.563s][info][gc             ] GC(883) Pause Cleanup 2270M->2270M(4096M) 0.105ms
[3672.563s][info][gc,cpu         ] GC(883) User=0.00s Sys=0.00s Real=0.00s
[3672.563s][info][gc,marking     ] GC(883) Concurrent Clear Claimed Marks
[3672.563s][info][gc,marking     ] GC(883) Concurrent Clear Claimed Marks 0.021ms
[3672.563s][info][gc,marking     ] GC(883) Concurrent Cleanup for Next Mark
[3672.568s][info][gc,marking     ] GC(883) Concurrent Cleanup for Next Mark 4.774ms
[3672.568s][info][gc             ] GC(883) Concurrent Mark Cycle 1077.800ms
..[3674.374s][info][gc,start       ] GC(884) Pause Young (Prepare Mixed) (G1 Evacuation Pause)
[3674.374s][info][gc,task        ] GC(884) Using 6 workers of 6 for evacuation
[3674.495s][info][gc,phases      ] GC(884)   Pre Evacuate Collection Set: 0.31ms
[3674.495s][info][gc,phases      ] GC(884)   Merge Heap Roots: 0.50ms
[3674.495s][info][gc,phases      ] GC(884)   Evacuate Collection Set: 119.16ms
[3674.495s][info][gc,phases      ] GC(884)   Post Evacuate Collection Set: 0.92ms
[3674.495s][info][gc,phases      ] GC(884)   Other: 0.09ms
[3674.495s][info][gc,heap        ] GC(884) Eden regions: 1117->0(1099)
[3674.495s][info][gc,heap        ] GC(884) Survivor regions: 111->114(154)
[3674.495s][info][gc,heap        ] GC(884) Old regions: 507->538
[3674.495s][info][gc,heap        ] GC(884) Humongous regions: 80->80
[3674.495s][info][gc,metaspace   ] GC(884) Metaspace: 28895K(29312K)->28895K(29312K) NonClass: 24026K(24256K)->24026K(24256K) Class: 4868K(5056K)->4868K(5056K)
[3674.495s][info][gc             ] GC(884) Pause Young (Prepare Mixed) (G1 Evacuation Pause) 3628M->1461M(4096M) 121.116ms
[3674.495s][info][gc,cpu         ] GC(884) User=0.72s Sys=0.00s Real=0.12s
...[3677.270s][info][gc,start       ] GC(885) Pause Young (Mixed) (G1 Evacuation Pause)
[3677.270s][info][gc,task        ] GC(885) Using 6 workers of 6 for evacuation
[3677.413s][info][gc,phases      ] GC(885)   Pre Evacuate Collection Set: 0.35ms
[3677.413s][info][gc,phases      ] GC(885)   Merge Heap Roots: 0.75ms
[3677.413s][info][gc,phases      ] GC(885)   Evacuate Collection Set: 140.78ms
[3677.413s][info][gc,phases      ] GC(885)   Post Evacuate Collection Set: 0.97ms
[3677.413s][info][gc,phases      ] GC(885)   Other: 0.08ms
[3677.413s][info][gc,heap        ] GC(885) Eden regions: 1099->0(1112)
[3677.413s][info][gc,heap        ] GC(885) Survivor regions: 114->116(152)
[3677.413s][info][gc,heap        ] GC(885) Old regions: 538->473
[3677.413s][info][gc,heap        ] GC(885) Humongous regions: 80->80
[3677.413s][info][gc,metaspace   ] GC(885) Metaspace: 28895K(29312K)->28895K(29312K) NonClass: 24026K(24256K)->24026K(24256K) Class: 4868K(5056K)->4868K(5056K)
[3677.413s][info][gc             ] GC(885) Pause Young (Mixed) (G1 Evacuation Pause) 3659M->1337M(4096M) 143.061ms
[3677.413s][info][gc,cpu         ] GC(885) User=0.85s Sys=0.00s Real=0.14s
...[3680.174s][info][gc,start       ] GC(886) Pause Young (Concurrent Start) (G1 Evacuation Pause)
[3680.174s][info][gc,task        ] GC(886) Using 6 workers of 6 for evacuation
[3680.291s][info][gc,phases      ] GC(886)   Pre Evacuate Collection Set: 0.36ms
[3680.291s][info][gc,phases      ] GC(886)   Merge Heap Roots: 0.47ms
[3680.291s][info][gc,phases      ] GC(886)   Evacuate Collection Set: 114.91ms
[3680.291s][info][gc,phases      ] GC(886)   Post Evacuate Collection Set: 0.88ms
[3680.291s][info][gc,phases      ] GC(886)   Other: 0.10ms
[3680.291s][info][gc,heap        ] GC(886) Eden regions: 1112->0(1119)
[3680.291s][info][gc,heap        ] GC(886) Survivor regions: 116->109(154)
[3680.291s][info][gc,heap        ] GC(886) Old regions: 473->506
[3680.291s][info][gc,heap        ] GC(886) Humongous regions: 80->80
[3680.291s][info][gc,metaspace   ] GC(886) Metaspace: 28895K(29312K)->28895K(29312K) NonClass: 24026K(24256K)->24026K(24256K) Class: 4868K(5056K)->4868K(5056K)
[3680.291s][info][gc             ] GC(886) Pause Young (Concurrent Start) (G1 Evacuation Pause) 3561M->1387M(4096M) 116.867ms
[3680.291s][info][gc             ] GC(887) Concurrent Mark Cycle
[3680.291s][info][gc,marking     ] GC(887) Concurrent Scan Root Regions
[3680.291s][info][gc,cpu         ] GC(886) User=0.70s Sys=0.00s Real=0.12s
[3680.465s][info][gc,marking     ] GC(887) Concurrent Scan Root Regions 173.476ms
[3680.465s][info][gc,marking     ] GC(887) Concurrent Mark
[3680.465s][info][gc,marking     ] GC(887) Concurrent Mark From Roots
[3680.465s][info][gc,task        ] GC(887) Using 2 workers of 2 for marking
.[3681.397s][info][gc,marking     ] GC(887) Concurrent Mark From Roots 932.217ms
[3681.397s][info][gc,marking     ] GC(887) Concurrent Preclean
[3681.397s][info][gc,marking     ] GC(887) Concurrent Preclean 0.085ms
[3681.397s][info][gc,start       ] GC(887) Pause Remark
[3681.403s][info][gc             ] GC(887) Pause Remark 2330M->2330M(4096M) 5.964ms
[3681.403s][info][gc,cpu         ] GC(887) User=0.04s Sys=0.00s Real=0.01s
[3681.403s][info][gc,marking     ] GC(887) Concurrent Mark 938.552ms
[3681.403s][info][gc,marking     ] GC(887) Concurrent Rebuild Remembered Sets and Scrub Regions
[3681.716s][info][gc,marking     ] GC(887) Concurrent Rebuild Remembered Sets and Scrub Regions 313.288ms
[3681.717s][info][gc,start       ] GC(887) Pause Cleanup
[3681.717s][info][gc             ] GC(887) Pause Cleanup 2569M->2569M(4096M) 0.123ms
[3681.717s][info][gc,cpu         ] GC(887) User=0.00s Sys=0.00s Real=0.00s
[3681.718s][info][gc,marking     ] GC(887) Concurrent Clear Claimed Marks
[3681.718s][info][gc,marking     ] GC(887) Concurrent Clear Claimed Marks 0.043ms
[3681.718s][info][gc,marking     ] GC(887) Concurrent Cleanup for Next Mark
[3681.723s][info][gc,marking     ] GC(887) Concurrent Cleanup for Next Mark 5.733ms
[3681.723s][info][gc             ] GC(887) Concurrent Mark Cycle 1432.406ms
.[3683.081s][info][gc,start       ] GC(888) Pause Young (Prepare Mixed) (G1 Evacuation Pause)
[3683.082s][info][gc,task        ] GC(888) Using 6 workers of 6 for evacuation
[3683.201s][info][gc,phases      ] GC(888)   Pre Evacuate Collection Set: 0.30ms
[3683.201s][info][gc,phases      ] GC(888)   Merge Heap Roots: 0.51ms
[3683.201s][info][gc,phases      ] GC(888)   Evacuate Collection Set: 117.83ms
[3683.201s][info][gc,phases      ] GC(888)   Post Evacuate Collection Set: 0.93ms
[3683.201s][info][gc,phases      ] GC(888)   Other: 0.08ms
[3683.201s][info][gc,heap        ] GC(888) Eden regions: 1119->0(1106)
[3683.201s][info][gc,heap        ] GC(888) Survivor regions: 109->111(154)
[3683.201s][info][gc,heap        ] GC(888) Old regions: 506->537
[3683.201s][info][gc,heap        ] GC(888) Humongous regions: 80->80
[3683.201s][info][gc,metaspace   ] GC(888) Metaspace: 28895K(29312K)->28895K(29312K) NonClass: 24026K(24256K)->24026K(24256K) Class: 4868K(5056K)->4868K(5056K)
[3683.201s][info][gc             ] GC(888) Pause Young (Prepare Mixed) (G1 Evacuation Pause) 3625M->1454M(4096M) 119.789ms
[3683.201s][info][gc,cpu         ] GC(888) User=0.71s Sys=0.00s Real=0.12s
...[3686.030s][info][gc,start       ] GC(889) Pause Young (Mixed) (G1 Evacuation Pause)
[3686.030s][info][gc,task        ] GC(889) Using 6 workers of 6 for evacuation
[3686.166s][info][gc,phases      ] GC(889)   Pre Evacuate Collection Set: 0.35ms
[3686.166s][info][gc,phases      ] GC(889)   Merge Heap Roots: 0.70ms
[3686.166s][info][gc,phases      ] GC(889)   Evacuate Collection Set: 133.86ms
[3686.166s][info][gc,phases      ] GC(889)   Post Evacuate Collection Set: 0.90ms
[3686.166s][info][gc,phases      ] GC(889)   Other: 0.09ms
[3686.166s][info][gc,heap        ] GC(889) Eden regions: 1106->0(1115)
[3686.166s][info][gc,heap        ] GC(889) Survivor regions: 111->113(153)
[3686.166s][info][gc,heap        ] GC(889) Old regions: 537->474
[3686.166s][info][gc,heap        ] GC(889) Humongous regions: 80->80
[3686.166s][info][gc,metaspace   ] GC(889) Metaspace: 28895K(29312K)->28895K(29312K) NonClass: 24026K(24256K)->24026K(24256K) Class: 4868K(5056K)->4868K(5056K)
[3686.166s][info][gc             ] GC(889) Pause Young (Mixed) (G1 Evacuation Pause) 3666M->1331M(4096M) 136.043ms
[3686.166s][info][gc,cpu         ] GC(889) User=0.81s Sys=0.00s Real=0.13s
...[3689.025s][info][gc,start       ] GC(890) Pause Young (Concurrent Start) (G1 Evacuation Pause)
[3689.025s][info][gc,task        ] GC(890) Using 6 workers of 6 for evacuation
[3689.144s][info][gc,phases      ] GC(890)   Pre Evacuate Collection Set: 0.34ms
[3689.144s][info][gc,phases      ] GC(890)   Merge Heap Roots: 0.51ms
[3689.144s][info][gc,phases      ] GC(890)   Evacuate Collection Set: 117.05ms
[3689.144s][info][gc,phases      ] GC(890)   Post Evacuate Collection Set: 0.87ms
[3689.144s][info][gc,phases      ] GC(890)   Other: 0.11ms
[3689.144s][info][gc,heap        ] GC(890) Eden regions: 1115->0(1118)
[3689.144s][info][gc,heap        ] GC(890) Survivor regions: 113->110(154)
[3689.144s][info][gc,heap        ] GC(890) Old regions: 474->506
[3689.144s][info][gc,heap        ] GC(890) Humongous regions: 80->80
[3689.144s][info][gc,metaspace   ] GC(890) Metaspace: 28895K(29312K)->28895K(29312K) NonClass: 24026K(24256K)->24026K(24256K) Class: 4868K(5056K)->4868K(5056K)
[3689.144s][info][gc             ] GC(890) Pause Young (Concurrent Start) (G1 Evacuation Pause) 3561M->1390M(4096M) 119.028ms
[3689.144s][info][gc             ] GC(891) Concurrent Mark Cycle
[3689.144s][info][gc,marking     ] GC(891) Concurrent Scan Root Regions
[3689.144s][info][gc,cpu         ] GC(890) User=0.71s Sys=0.00s Real=0.12s
.[3689.286s][info][gc,marking     ] GC(891) Concurrent Scan Root Regions 142.312ms
[3689.286s][info][gc,marking     ] GC(891) Concurrent Mark
[3689.286s][info][gc,marking     ] GC(891) Concurrent Mark From Roots
[3689.286s][info][gc,task        ] GC(891) Using 2 workers of 2 for marking
[3690.007s][info][gc,marking     ] GC(891) Concurrent Mark From Roots 720.657ms
[3690.007s][info][gc,marking     ] GC(891) Concurrent Preclean
[3690.007s][info][gc,marking     ] GC(891) Concurrent Preclean 0.123ms
[3690.010s][info][gc,start       ] GC(891) Pause Remark
[3690.015s][info][gc             ] GC(891) Pause Remark 2110M->2110M(4096M) 4.731ms
[3690.015s][info][gc,cpu         ] GC(891) User=0.03s Sys=0.00s Real=0.00s
[3690.016s][info][gc,marking     ] GC(891) Concurrent Mark 729.326ms
[3690.016s][info][gc,marking     ] GC(891) Concurrent Rebuild Remembered Sets and Scrub Regions
.[3690.381s][info][gc,marking     ] GC(891) Concurrent Rebuild Remembered Sets and Scrub Regions 365.162ms
[3690.381s][info][gc,start       ] GC(891) Pause Cleanup
[3690.381s][info][gc             ] GC(891) Pause Cleanup 2423M->2423M(4096M) 0.119ms
[3690.381s][info][gc,cpu         ] GC(891) User=0.00s Sys=0.00s Real=0.00s
[3690.382s][info][gc,marking     ] GC(891) Concurrent Clear Claimed Marks
[3690.382s][info][gc,marking     ] GC(891) Concurrent Clear Claimed Marks 0.040ms
[3690.382s][info][gc,marking     ] GC(891) Concurrent Cleanup for Next Mark
[3690.389s][info][gc,marking     ] GC(891) Concurrent Cleanup for Next Mark 6.972ms
[3690.390s][info][gc             ] GC(891) Concurrent Mark Cycle 1245.414ms
.[3691.964s][info][gc,start       ] GC(892) Pause Young (Prepare Mixed) (G1 Evacuation Pause)
[3691.964s][info][gc,task        ] GC(892) Using 6 workers of 6 for evacuation
[3692.081s][info][gc,phases      ] GC(892)   Pre Evacuate Collection Set: 0.29ms
[3692.081s][info][gc,phases      ] GC(892)   Merge Heap Roots: 0.50ms
[3692.081s][info][gc,phases      ] GC(892)   Evacuate Collection Set: 115.40ms
[3692.081s][info][gc,phases      ] GC(892)   Post Evacuate Collection Set: 0.90ms
[3692.081s][info][gc,phases      ] GC(892)   Other: 0.09ms
[3692.081s][info][gc,heap        ] GC(892) Eden regions: 1118->0(1109)
[3692.081s][info][gc,heap        ] GC(892) Survivor regions: 110->109(154)
[3692.081s][info][gc,heap        ] GC(892) Old regions: 506->538
[3692.081s][info][gc,heap        ] GC(892) Humongous regions: 80->80
[3692.081s][info][gc,metaspace   ] GC(892) Metaspace: 28895K(29312K)->28895K(29312K) NonClass: 24026K(24256K)->24026K(24256K) Class: 4868K(5056K)->4868K(5056K)
[3692.081s][info][gc             ] GC(892) Pause Young (Prepare Mixed) (G1 Evacuation Pause) 3626M->1452M(4096M) 117.328ms
[3692.081s][info][gc,cpu         ] GC(892) User=0.70s Sys=0.00s Real=0.12s
... (rIR:aIR:PR = 6365:6366:6366) (tPR = 94448) [OK] 
  3694s: Performance info:
         Transaction,    Success,    Partial,     Failed,   Receipts, AvgBarcode, 
             Overall,     384351,          0,          0,     365155,      59.48, 
         Response times:
             Request,    Success,    Partial,     Failed,   SkipFail,     Probes,    Samples,      min,      p50,      p90,      p95,      p99,      max, 
       TotalPurchase,     365155,          0,          0,          0,     357778,     395649,      300,     5500,    22000,    49000,   111000,   211000,
     InStorePurchase,     192194,          0,          0,          0,     188386,     208004,      300,     5600,    23000,    50000,   111000,   211000,
      OnlinePurchase,     134490,          0,          0,          0,     131801,     145843,      300,     5400,    22000,    49000,   111000,   211000,
        InstPurchase,      38471,          0,          0,          0,      37591,      41802,      300,     5300,    20000,    48000,   109000,   211000,
          AssocOfCat,        383,          0,          0,          0,        307,        417,    22000,    36000,    65600,    94400,   183460,   206000,
      AssocOfProduct,       3840,          0,          0,          0,       3505,       4135,      300,     4200,    18740,    45000,    99640,   179000,
      BusinessReport,        959,          0,          0,          0,        826,       1065,    26000,    43000,    79000,   104700,   183340,   267000,
          CustBuyBeh,       3831,          0,          0,          0,       3583,       4146,      400,     4400,    21000,    46650,    99000,   194000,
       ProductReturn,      10183,          0,          0,          0,       9667,      10993,      200,     5600,    21000,    49300,   112000,   211000,

  3694s: (47%)   IR =   6503 [3694.861s][info][gc,start       ] GC(893) Pause Young (Mixed) (G1 Evacuation Pause)
[3694.861s][info][gc,task        ] GC(893) Using 6 workers of 6 for evacuation
[3695.001s][info][gc,phases      ] GC(893)   Pre Evacuate Collection Set: 0.35ms
[3695.001s][info][gc,phases      ] GC(893)   Merge Heap Roots: 0.74ms
[3695.001s][info][gc,phases      ] GC(893)   Evacuate Collection Set: 137.79ms
[3695.001s][info][gc,phases      ] GC(893)   Post Evacuate Collection Set: 0.94ms
[3695.001s][info][gc,phases      ] GC(893)   Other: 0.09ms
[3695.001s][info][gc,heap        ] GC(893) Eden regions: 1109->0(1116)
[3695.001s][info][gc,heap        ] GC(893) Survivor regions: 109->112(153)
[3695.001s][info][gc,heap        ] GC(893) Old regions: 538->475
[3695.001s][info][gc,heap        ] GC(893) Humongous regions: 80->80
[3695.001s][info][gc,metaspace   ] GC(893) Metaspace: 28895K(29312K)->28895K(29312K) NonClass: 24026K(24256K)->24026K(24256K) Class: 4868K(5056K)->4868K(5056K)
[3695.001s][info][gc             ] GC(893) Pause Young (Mixed) (G1 Evacuation Pause) 3670M->1331M(4096M) 140.040ms
[3695.001s][info][gc,cpu         ] GC(893) User=0.83s Sys=0.01s Real=0.14s
...[3697.785s][info][gc,start       ] GC(894) Pause Young (Concurrent Start) (G1 Evacuation Pause)
[3697.785s][info][gc,task        ] GC(894) Using 6 workers of 6 for evacuation
[3697.902s][info][gc,phases      ] GC(894)   Pre Evacuate Collection Set: 0.40ms
[3697.902s][info][gc,phases      ] GC(894)   Merge Heap Roots: 0.46ms
[3697.902s][info][gc,phases      ] GC(894)   Evacuate Collection Set: 115.29ms
[3697.902s][info][gc,phases      ] GC(894)   Post Evacuate Collection Set: 0.90ms
[3697.902s][info][gc,phases      ] GC(894)   Other: 0.12ms
[3697.902s][info][gc,heap        ] GC(894) Eden regions: 1116->0(1118)
[3697.902s][info][gc,heap        ] GC(894) Survivor regions: 112->110(154)
[3697.902s][info][gc,heap        ] GC(894) Old regions: 475->507
[3697.902s][info][gc,heap        ] GC(894) Humongous regions: 80->80
[3697.902s][info][gc,metaspace   ] GC(894) Metaspace: 28895K(29312K)->28895K(29312K) NonClass: 24026K(24256K)->24026K(24256K) Class: 4868K(5056K)->4868K(5056K)
[3697.902s][info][gc             ] GC(894) Pause Young (Concurrent Start) (G1 Evacuation Pause) 3563M->1392M(4096M) 117.314ms
[3697.902s][info][gc             ] GC(895) Concurrent Mark Cycle
[3697.902s][info][gc,marking     ] GC(895) Concurrent Scan Root Regions
[3697.902s][info][gc,cpu         ] GC(894) User=0.69s Sys=0.00s Real=0.12s
[3698.087s][info][gc,marking     ] GC(895) Concurrent Scan Root Regions 184.553ms
[3698.087s][info][gc,marking     ] GC(895) Concurrent Mark
[3698.087s][info][gc,marking     ] GC(895) Concurrent Mark From Roots
[3698.087s][info][gc,task        ] GC(895) Using 2 workers of 2 for marking
.[3699.021s][info][gc,marking     ] GC(895) Concurrent Mark From Roots 933.884ms
[3699.021s][info][gc,marking     ] GC(895) Concurrent Preclean
[3699.021s][info][gc,marking     ] GC(895) Concurrent Preclean 0.134ms
[3699.021s][info][gc,start       ] GC(895) Pause Remark
[3699.028s][info][gc             ] GC(895) Pause Remark 2370M->2370M(4096M) 6.091ms
[3699.028s][info][gc,cpu         ] GC(895) User=0.03s Sys=0.00s Real=0.00s
[3699.028s][info][gc,marking     ] GC(895) Concurrent Mark 941.132ms
[3699.028s][info][gc,marking     ] GC(895) Concurrent Rebuild Remembered Sets and Scrub Regions
[3699.304s][info][gc,marking     ] GC(895) Concurrent Rebuild Remembered Sets and Scrub Regions 276.288ms
[3699.307s][info][gc,start       ] GC(895) Pause Cleanup
[3699.308s][info][gc             ] GC(895) Pause Cleanup 2604M->2604M(4096M) 0.147ms
[3699.308s][info][gc,cpu         ] GC(895) User=0.00s Sys=0.00s Real=0.00s
[3699.308s][info][gc,marking     ] GC(895) Concurrent Clear Claimed Marks
[3699.308s][info][gc,marking     ] GC(895) Concurrent Clear Claimed Marks 0.033ms
[3699.308s][info][gc,marking     ] GC(895) Concurrent Cleanup for Next Mark
[3699.314s][info][gc,marking     ] GC(895) Concurrent Cleanup for Next Mark 5.872ms
[3699.314s][info][gc             ] GC(895) Concurrent Mark Cycle 1411.489ms
.|.[3700.627s][info][gc,start       ] GC(896) Pause Young (Prepare Mixed) (G1 Evacuation Pause)
[3700.628s][info][gc,task        ] GC(896) Using 6 workers of 6 for evacuation
[3700.743s][info][gc,phases      ] GC(896)   Pre Evacuate Collection Set: 0.32ms
[3700.743s][info][gc,phases      ] GC(896)   Merge Heap Roots: 0.52ms
[3700.743s][info][gc,phases      ] GC(896)   Evacuate Collection Set: 113.52ms
[3700.743s][info][gc,phases      ] GC(896)   Post Evacuate Collection Set: 0.90ms
[3700.743s][info][gc,phases      ] GC(896)   Other: 0.08ms
[3700.743s][info][gc,heap        ] GC(896) Eden regions: 1118->0(1110)
[3700.743s][info][gc,heap        ] GC(896) Survivor regions: 110->108(154)
[3700.743s][info][gc,heap        ] GC(896) Old regions: 507->539
[3700.743s][info][gc,heap        ] GC(896) Humongous regions: 80->80
[3700.743s][info][gc,metaspace   ] GC(896) Metaspace: 28895K(29312K)->28895K(29312K) NonClass: 24026K(24256K)->24026K(24256K) Class: 4868K(5056K)->4868K(5056K)
[3700.743s][info][gc             ] GC(896) Pause Young (Prepare Mixed) (G1 Evacuation Pause) 3628M->1452M(4096M) 115.475ms
[3700.743s][info][gc,cpu         ] GC(896) User=0.68s Sys=0.00s Real=0.12s
...[3703.511s][info][gc,start       ] GC(897) Pause Young (Mixed) (G1 Evacuation Pause)
[3703.511s][info][gc,task        ] GC(897) Using 6 workers of 6 for evacuation
[3703.648s][info][gc,phases      ] GC(897)   Pre Evacuate Collection Set: 0.34ms
[3703.648s][info][gc,phases      ] GC(897)   Merge Heap Roots: 0.73ms
[3703.648s][info][gc,phases      ] GC(897)   Evacuate Collection Set: 135.31ms
[3703.648s][info][gc,phases      ] GC(897)   Post Evacuate Collection Set: 0.93ms
[3703.648s][info][gc,phases      ] GC(897)   Other: 0.09ms
[3703.648s][info][gc,heap        ] GC(897) Eden regions: 1110->0(1118)
[3703.648s][info][gc,heap        ] GC(897) Survivor regions: 108->110(153)
[3703.648s][info][gc,heap        ] GC(897) Old regions: 539->475
[3703.648s][info][gc,heap        ] GC(897) Humongous regions: 80->80
[3703.648s][info][gc,metaspace   ] GC(897) Metaspace: 28895K(29312K)->28895K(29312K) NonClass: 24026K(24256K)->24026K(24256K) Class: 4868K(5056K)->4868K(5056K)
[3703.648s][info][gc             ] GC(897) Pause Young (Mixed) (G1 Evacuation Pause) 3672M->1329M(4096M) 137.540ms
[3703.648s][info][gc,cpu         ] GC(897) User=0.82s Sys=0.00s Real=0.13s
..[3706.360s][info][gc,start       ] GC(898) Pause Young (Concurrent Start) (G1 Evacuation Pause)
[3706.360s][info][gc,task        ] GC(898) Using 6 workers of 6 for evacuation
[3706.484s][info][gc,phases      ] GC(898)   Pre Evacuate Collection Set: 0.38ms
[3706.484s][info][gc,phases      ] GC(898)   Merge Heap Roots: 0.57ms
[3706.484s][info][gc,phases      ] GC(898)   Evacuate Collection Set: 121.24ms
[3706.484s][info][gc,phases      ] GC(898)   Post Evacuate Collection Set: 0.88ms
[3706.484s][info][gc,phases      ] GC(898)   Other: 0.13ms
[3706.484s][info][gc,heap        ] GC(898) Eden regions: 1118->0(1114)
[3706.484s][info][gc,heap        ] GC(898) Survivor regions: 110->114(154)
[3706.484s][info][gc,heap        ] GC(898) Old regions: 475->507
[3706.484s][info][gc,heap        ] GC(898) Humongous regions: 80->80
[3706.484s][info][gc,metaspace   ] GC(898) Metaspace: 28895K(29312K)->28895K(29312K) NonClass: 24026K(24256K)->24026K(24256K) Class: 4868K(5056K)->4868K(5056K)
[3706.484s][info][gc             ] GC(898) Pause Young (Concurrent Start) (G1 Evacuation Pause) 3565M->1400M(4096M) 123.325ms
[3706.484s][info][gc             ] GC(899) Concurrent Mark Cycle
[3706.484s][info][gc,marking     ] GC(899) Concurrent Scan Root Regions
[3706.484s][info][gc,cpu         ] GC(898) User=0.74s Sys=0.00s Real=0.12s
.[3706.703s][info][gc,marking     ] GC(899) Concurrent Scan Root Regions 218.932ms
[3706.703s][info][gc,marking     ] GC(899) Concurrent Mark
[3706.703s][info][gc,marking     ] GC(899) Concurrent Mark From Roots
[3706.703s][info][gc,task        ] GC(899) Using 2 workers of 2 for marking
[3707.387s][info][gc,marking     ] GC(899) Concurrent Mark From Roots 683.925ms
[3707.387s][info][gc,marking     ] GC(899) Concurrent Preclean
[3707.387s][info][gc,marking     ] GC(899) Concurrent Preclean 0.110ms
[3707.389s][info][gc,start       ] GC(899) Pause Remark
[3707.395s][info][gc             ] GC(899) Pause Remark 2152M->2152M(4096M) 5.128ms
[3707.395s][info][gc,cpu         ] GC(899) User=0.03s Sys=0.00s Real=0.00s
[3707.395s][info][gc,marking     ] GC(899) Concurrent Mark 691.938ms
[3707.395s][info][gc,marking     ] GC(899) Concurrent Rebuild Remembered Sets and Scrub Regions
.[3707.673s][info][gc,marking     ] GC(899) Concurrent Rebuild Remembered Sets and Scrub Regions 278.706ms
[3707.674s][info][gc,start       ] GC(899) Pause Cleanup
[3707.674s][info][gc             ] GC(899) Pause Cleanup 2374M->2374M(4096M) 0.125ms
[3707.674s][info][gc,cpu         ] GC(899) User=0.00s Sys=0.00s Real=0.00s
[3707.674s][info][gc,marking     ] GC(899) Concurrent Clear Claimed Marks
[3707.674s][info][gc,marking     ] GC(899) Concurrent Clear Claimed Marks 0.039ms
[3707.674s][info][gc,marking     ] GC(899) Concurrent Cleanup for Next Mark
[3707.679s][info][gc,marking     ] GC(899) Concurrent Cleanup for Next Mark 4.208ms
[3707.679s][info][gc             ] GC(899) Concurrent Mark Cycle 1194.834ms
.[3709.293s][info][gc,start       ] GC(900) Pause Young (Prepare Mixed) (G1 Evacuation Pause)
[3709.293s][info][gc,task        ] GC(900) Using 6 workers of 6 for evacuation
[3709.410s][info][gc,phases      ] GC(900)   Pre Evacuate Collection Set: 0.35ms
[3709.410s][info][gc,phases      ] GC(900)   Merge Heap Roots: 0.51ms
[3709.410s][info][gc,phases      ] GC(900)   Evacuate Collection Set: 115.31ms
[3709.410s][info][gc,phases      ] GC(900)   Post Evacuate Collection Set: 0.91ms
[3709.410s][info][gc,phases      ] GC(900)   Other: 0.08ms
[3709.410s][info][gc,heap        ] GC(900) Eden regions: 1114->0(1108)
[3709.410s][info][gc,heap        ] GC(900) Survivor regions: 114->109(154)
[3709.410s][info][gc,heap        ] GC(900) Old regions: 507->539
[3709.410s][info][gc,heap        ] GC(900) Humongous regions: 80->80
[3709.410s][info][gc,metaspace   ] GC(900) Metaspace: 28895K(29312K)->28895K(29312K) NonClass: 24026K(24256K)->24026K(24256K) Class: 4868K(5056K)->4868K(5056K)
[3709.410s][info][gc             ] GC(900) Pause Young (Prepare Mixed) (G1 Evacuation Pause) 3628M->1455M(4096M) 117.315ms
[3709.410s][info][gc,cpu         ] GC(900) User=0.69s Sys=0.00s Real=0.12s
...[3712.123s][info][gc,start       ] GC(901) Pause Young (Mixed) (G1 Evacuation Pause)
[3712.123s][info][gc,task        ] GC(901) Using 6 workers of 6 for evacuation
[3712.254s][info][gc,phases      ] GC(901)   Pre Evacuate Collection Set: 0.35ms
[3712.254s][info][gc,phases      ] GC(901)   Merge Heap Roots: 0.57ms
[3712.254s][info][gc,phases      ] GC(901)   Evacuate Collection Set: 128.87ms
[3712.254s][info][gc,phases      ] GC(901)   Post Evacuate Collection Set: 0.96ms
[3712.254s][info][gc,phases      ] GC(901)   Other: 0.08ms
[3712.254s][info][gc,heap        ] GC(901) Eden regions: 1108->0(1117)
[3712.254s][info][gc,heap        ] GC(901) Survivor regions: 109->111(153)
[3712.254s][info][gc,heap        ] GC(901) Old regions: 539->475
[3712.254s][info][gc,heap        ] GC(901) Humongous regions: 80->80
[3712.254s][info][gc,metaspace   ] GC(901) Metaspace: 28895K(29312K)->28895K(29312K) NonClass: 24026K(24256K)->24026K(24256K) Class: 4868K(5056K)->4868K(5056K)
[3712.254s][info][gc             ] GC(901) Pause Young (Mixed) (G1 Evacuation Pause) 3671M->1330M(4096M) 130.966ms
[3712.254s][info][gc,cpu         ] GC(901) User=0.78s Sys=0.00s Real=0.13s
...[3715.042s][info][gc,start       ] GC(902) Pause Young (Concurrent Start) (G1 Evacuation Pause)
[3715.042s][info][gc,task        ] GC(902) Using 6 workers of 6 for evacuation
[3715.158s][info][gc,phases      ] GC(902)   Pre Evacuate Collection Set: 0.36ms
[3715.158s][info][gc,phases      ] GC(902)   Merge Heap Roots: 0.48ms
[3715.158s][info][gc,phases      ] GC(902)   Evacuate Collection Set: 114.68ms
[3715.158s][info][gc,phases      ] GC(902)   Post Evacuate Collection Set: 0.87ms
[3715.158s][info][gc,phases      ] GC(902)   Other: 0.13ms
[3715.158s][info][gc,heap        ] GC(902) Eden regions: 1117->0(1119)
[3715.158s][info][gc,heap        ] GC(902) Survivor regions: 111->109(154)
[3715.158s][info][gc,heap        ] GC(902) Old regions: 475->507
[3715.158s][info][gc,heap        ] GC(902) Humongous regions: 80->80
[3715.158s][info][gc,metaspace   ] GC(902) Metaspace: 28895K(29312K)->28895K(29312K) NonClass: 24026K(24256K)->24026K(24256K) Class: 4868K(5056K)->4868K(5056K)
[3715.158s][info][gc             ] GC(902) Pause Young (Concurrent Start) (G1 Evacuation Pause) 3564M->1390M(4096M) 116.650ms
[3715.158s][info][gc             ] GC(903) Concurrent Mark Cycle
[3715.158s][info][gc,marking     ] GC(903) Concurrent Scan Root Regions
[3715.158s][info][gc,cpu         ] GC(902) User=0.69s Sys=0.00s Real=0.11s
[3715.298s][info][gc,marking     ] GC(903) Concurrent Scan Root Regions 139.553ms
[3715.298s][info][gc,marking     ] GC(903) Concurrent Mark
[3715.298s][info][gc,marking     ] GC(903) Concurrent Mark From Roots
[3715.298s][info][gc,task        ] GC(903) Using 2 workers of 2 for marking
.[3716.002s][info][gc,marking     ] GC(903) Concurrent Mark From Roots 703.817ms
[3716.002s][info][gc,marking     ] GC(903) Concurrent Preclean
[3716.002s][info][gc,marking     ] GC(903) Concurrent Preclean 0.107ms
[3716.004s][info][gc,start       ] GC(903) Pause Remark
[3716.008s][info][gc             ] GC(903) Pause Remark 2090M->2090M(4096M) 4.385ms
[3716.008s][info][gc,cpu         ] GC(903) User=0.03s Sys=0.00s Real=0.00s
[3716.009s][info][gc,marking     ] GC(903) Concurrent Mark 710.907ms
[3716.009s][info][gc,marking     ] GC(903) Concurrent Rebuild Remembered Sets and Scrub Regions
[3716.283s][info][gc,marking     ] GC(903) Concurrent Rebuild Remembered Sets and Scrub Regions 273.772ms
[3716.283s][info][gc,start       ] GC(903) Pause Cleanup
[3716.283s][info][gc             ] GC(903) Pause Cleanup 2360M->2360M(4096M) 0.117ms
[3716.283s][info][gc,cpu         ] GC(903) User=0.00s Sys=0.00s Real=0.00s
[3716.284s][info][gc,marking     ] GC(903) Concurrent Clear Claimed Marks
[3716.284s][info][gc,marking     ] GC(903) Concurrent Clear Claimed Marks 0.032ms
[3716.284s][info][gc,marking     ] GC(903) Concurrent Cleanup for Next Mark
[3716.289s][info][gc,marking     ] GC(903) Concurrent Cleanup for Next Mark 5.736ms
[3716.289s][info][gc             ] GC(903) Concurrent Mark Cycle 1131.050ms
..[3717.889s][info][gc,start       ] GC(904) Pause Young (Prepare Mixed) (G1 Evacuation Pause)
[3717.889s][info][gc,task        ] GC(904) Using 6 workers of 6 for evacuation
[3718.010s][info][gc,phases      ] GC(904)   Pre Evacuate Collection Set: 0.31ms
[3718.010s][info][gc,phases      ] GC(904)   Merge Heap Roots: 0.52ms
[3718.010s][info][gc,phases      ] GC(904)   Evacuate Collection Set: 119.32ms
[3718.010s][info][gc,phases      ] GC(904)   Post Evacuate Collection Set: 0.94ms
[3718.010s][info][gc,phases      ] GC(904)   Other: 0.09ms
[3718.010s][info][gc,heap        ] GC(904) Eden regions: 1119->0(1106)
[3718.010s][info][gc,heap        ] GC(904) Survivor regions: 109->110(154)
[3718.010s][info][gc,heap        ] GC(904) Old regions: 507->539
[3718.010s][info][gc,heap        ] GC(904) Humongous regions: 80->80
[3718.010s][info][gc,metaspace   ] GC(904) Metaspace: 28895K(29312K)->28895K(29312K) NonClass: 24026K(24256K)->24026K(24256K) Class: 4868K(5056K)->4868K(5056K)
[3718.010s][info][gc             ] GC(904) Pause Young (Prepare Mixed) (G1 Evacuation Pause) 3628M->1456M(4096M) 121.314ms
[3718.010s][info][gc,cpu         ] GC(904) User=0.72s Sys=0.00s Real=0.12s
...[3720.774s][info][gc,start       ] GC(905) Pause Young (Mixed) (G1 Evacuation Pause)
[3720.774s][info][gc,task        ] GC(905) Using 6 workers of 6 for evacuation
[3720.907s][info][gc,phases      ] GC(905)   Pre Evacuate Collection Set: 0.38ms
[3720.907s][info][gc,phases      ] GC(905)   Merge Heap Roots: 0.72ms
[3720.907s][info][gc,phases      ] GC(905)   Evacuate Collection Set: 131.01ms
[3720.907s][info][gc,phases      ] GC(905)   Post Evacuate Collection Set: 0.96ms
[3720.907s][info][gc,phases      ] GC(905)   Other: 0.09ms
[3720.907s][info][gc,heap        ] GC(905) Eden regions: 1106->0(1119)
[3720.907s][info][gc,heap        ] GC(905) Survivor regions: 110->109(152)
[3720.907s][info][gc,heap        ] GC(905) Old regions: 539->473
[3720.907s][info][gc,heap        ] GC(905) Humongous regions: 80->80
[3720.907s][info][gc,metaspace   ] GC(905) Metaspace: 28895K(29312K)->28895K(29312K) NonClass: 24026K(24256K)->24026K(24256K) Class: 4868K(5056K)->4868K(5056K)
[3720.907s][info][gc             ] GC(905) Pause Young (Mixed) (G1 Evacuation Pause) 3668M->1322M(4096M) 133.290ms
[3720.907s][info][gc,cpu         ] GC(905) User=0.79s Sys=0.00s Real=0.13s
...[3723.649s][info][gc,start       ] GC(906) Pause Young (Concurrent Start) (G1 Evacuation Pause)
[3723.649s][info][gc,task        ] GC(906) Using 6 workers of 6 for evacuation
[3723.764s][info][gc,phases      ] GC(906)   Pre Evacuate Collection Set: 0.41ms
[3723.764s][info][gc,phases      ] GC(906)   Merge Heap Roots: 0.48ms
[3723.764s][info][gc,phases      ] GC(906)   Evacuate Collection Set: 113.17ms
[3723.764s][info][gc,phases      ] GC(906)   Post Evacuate Collection Set: 0.86ms
[3723.764s][info][gc,phases      ] GC(906)   Other: 0.12ms
[3723.764s][info][gc,heap        ] GC(906) Eden regions: 1119->0(1120)
[3723.764s][info][gc,heap        ] GC(906) Survivor regions: 109->108(154)
[3723.764s][info][gc,heap        ] GC(906) Old regions: 473->504
[3723.764s][info][gc,heap        ] GC(906) Humongous regions: 80->80
[3723.764s][info][gc,metaspace   ] GC(906) Metaspace: 28895K(29312K)->28895K(29312K) NonClass: 24026K(24256K)->24026K(24256K) Class: 4868K(5056K)->4868K(5056K)
[3723.764s][info][gc             ] GC(906) Pause Young (Concurrent Start) (G1 Evacuation Pause) 3560M->1383M(4096M) 115.180ms
[3723.764s][info][gc             ] GC(907) Concurrent Mark Cycle
[3723.764s][info][gc,marking     ] GC(907) Concurrent Scan Root Regions
[3723.764s][info][gc,cpu         ] GC(906) User=0.68s Sys=0.00s Real=0.11s
[3723.900s][info][gc,marking     ] GC(907) Concurrent Scan Root Regions 136.209ms
[3723.900s][info][gc,marking     ] GC(907) Concurrent Mark
[3723.900s][info][gc,marking     ] GC(907) Concurrent Mark From Roots
[3723.900s][info][gc,task        ] GC(907) Using 2 workers of 2 for marking
.[3724.681s][info][gc,marking     ] GC(907) Concurrent Mark From Roots 780.537ms
[3724.681s][info][gc,marking     ] GC(907) Concurrent Preclean
[3724.681s][info][gc,marking     ] GC(907) Concurrent Preclean 0.085ms
[3724.682s][info][gc,start       ] GC(907) Pause Remark
[3724.687s][info][gc             ] GC(907) Pause Remark 2121M->2121M(4096M) 5.486ms
[3724.687s][info][gc,cpu         ] GC(907) User=0.03s Sys=0.00s Real=0.00s
[3724.687s][info][gc,marking     ] GC(907) Concurrent Mark 787.001ms
[3724.687s][info][gc,marking     ] GC(907) Concurrent Rebuild Remembered Sets and Scrub Regions
[3724.951s][info][gc,marking     ] GC(907) Concurrent Rebuild Remembered Sets and Scrub Regions 263.603ms
[3724.951s][info][gc,start       ] GC(907) Pause Cleanup
[3724.951s][info][gc             ] GC(907) Pause Cleanup 2375M->2375M(4096M) 0.101ms
[3724.951s][info][gc,cpu         ] GC(907) User=0.00s Sys=0.00s Real=0.00s
[3724.951s][info][gc,marking     ] GC(907) Concurrent Clear Claimed Marks
[3724.951s][info][gc,marking     ] GC(907) Concurrent Clear Claimed Marks 0.023ms
[3724.951s][info][gc,marking     ] GC(907) Concurrent Cleanup for Next Mark
[3724.954s][info][gc,marking     ] GC(907) Concurrent Cleanup for Next Mark 3.116ms
[3724.954s][info][gc             ] GC(907) Concurrent Mark Cycle 1190.377ms
.[3726.535s][info][gc,start       ] GC(908) Pause Young (Prepare Mixed) (G1 Evacuation Pause)
[3726.535s][info][gc,task        ] GC(908) Using 6 workers of 6 for evacuation
[3726.652s][info][gc,phases      ] GC(908)   Pre Evacuate Collection Set: 0.30ms
[3726.652s][info][gc,phases      ] GC(908)   Merge Heap Roots: 0.52ms
[3726.652s][info][gc,phases      ] GC(908)   Evacuate Collection Set: 115.70ms
[3726.652s][info][gc,phases      ] GC(908)   Post Evacuate Collection Set: 0.92ms
[3726.652s][info][gc,phases      ] GC(908)   Other: 0.09ms
[3726.652s][info][gc,heap        ] GC(908) Eden regions: 1120->0(1113)
[3726.652s][info][gc,heap        ] GC(908) Survivor regions: 108->108(154)
[3726.652s][info][gc,heap        ] GC(908) Old regions: 504->536
[3726.652s][info][gc,heap        ] GC(908) Humongous regions: 80->80
[3726.652s][info][gc,metaspace   ] GC(908) Metaspace: 28895K(29312K)->28895K(29312K) NonClass: 24026K(24256K)->24026K(24256K) Class: 4868K(5056K)->4868K(5056K)
[3726.652s][info][gc             ] GC(908) Pause Young (Prepare Mixed) (G1 Evacuation Pause) 3623M->1447M(4096M) 117.658ms
[3726.652s][info][gc,cpu         ] GC(908) User=0.70s Sys=0.00s Real=0.12s
...[3729.362s][info][gc,start       ] GC(909) Pause Young (Mixed) (G1 Evacuation Pause)
[3729.362s][info][gc,task        ] GC(909) Using 6 workers of 6 for evacuation
[3729.501s][info][gc,phases      ] GC(909)   Pre Evacuate Collection Set: 0.37ms
[3729.501s][info][gc,phases      ] GC(909)   Merge Heap Roots: 0.80ms
[3729.501s][info][gc,phases      ] GC(909)   Evacuate Collection Set: 136.69ms
[3729.501s][info][gc,phases      ] GC(909)   Post Evacuate Collection Set: 0.92ms
[3729.501s][info][gc,phases      ] GC(909)   Other: 0.09ms
[3729.501s][info][gc,heap        ] GC(909) Eden regions: 1113->0(1115)
[3729.501s][info][gc,heap        ] GC(909) Survivor regions: 108->113(153)
[3729.501s][info][gc,heap        ] GC(909) Old regions: 536->474
[3729.501s][info][gc,heap        ] GC(909) Humongous regions: 80->80
[3729.501s][info][gc,metaspace   ] GC(909) Metaspace: 28895K(29312K)->28895K(29312K) NonClass: 24026K(24256K)->24026K(24256K) Class: 4868K(5056K)->4868K(5056K)
[3729.501s][info][gc             ] GC(909) Pause Young (Mixed) (G1 Evacuation Pause) 3673M->1332M(4096M) 139.001ms
[3729.501s][info][gc,cpu         ] GC(909) User=0.83s Sys=0.00s Real=0.14s
...[3732.268s][info][gc,start       ] GC(910) Pause Young (Concurrent Start) (G1 Evacuation Pause)
[3732.268s][info][gc,task        ] GC(910) Using 6 workers of 6 for evacuation
[3732.385s][info][gc,phases      ] GC(910)   Pre Evacuate Collection Set: 0.36ms
[3732.385s][info][gc,phases      ] GC(910)   Merge Heap Roots: 0.48ms
[3732.385s][info][gc,phases      ] GC(910)   Evacuate Collection Set: 115.14ms
[3732.385s][info][gc,phases      ] GC(910)   Post Evacuate Collection Set: 0.87ms
[3732.385s][info][gc,phases      ] GC(910)   Other: 0.12ms
[3732.385s][info][gc,heap        ] GC(910) Eden regions: 1115->0(1119)
[3732.385s][info][gc,heap        ] GC(910) Survivor regions: 113->109(154)
[3732.385s][info][gc,heap        ] GC(910) Old regions: 474->506
[3732.385s][info][gc,heap        ] GC(910) Humongous regions: 80->80
[3732.385s][info][gc,metaspace   ] GC(910) Metaspace: 28895K(29312K)->28895K(29312K) NonClass: 24026K(24256K)->24026K(24256K) Class: 4868K(5056K)->4868K(5056K)
[3732.385s][info][gc             ] GC(910) Pause Young (Concurrent Start) (G1 Evacuation Pause) 3562M->1388M(4096M) 117.096ms
[3732.385s][info][gc             ] GC(911) Concurrent Mark Cycle
[3732.385s][info][gc,marking     ] GC(911) Concurrent Scan Root Regions
[3732.385s][info][gc,cpu         ] GC(910) User=0.70s Sys=0.00s Real=0.12s
[3732.524s][info][gc,marking     ] GC(911) Concurrent Scan Root Regions 139.208ms
[3732.524s][info][gc,marking     ] GC(911) Concurrent Mark
[3732.524s][info][gc,marking     ] GC(911) Concurrent Mark From Roots
[3732.524s][info][gc,task        ] GC(911) Using 2 workers of 2 for marking
.[3733.229s][info][gc,marking     ] GC(911) Concurrent Mark From Roots 704.750ms
[3733.229s][info][gc,marking     ] GC(911) Concurrent Preclean
[3733.229s][info][gc,marking     ] GC(911) Concurrent Preclean 0.099ms
[3733.231s][info][gc,start       ] GC(911) Pause Remark
[3733.235s][info][gc             ] GC(911) Pause Remark 2152M->2152M(4096M) 4.852ms
[3733.236s][info][gc,cpu         ] GC(911) User=0.02s Sys=0.00s Real=0.00s
[3733.236s][info][gc,marking     ] GC(911) Concurrent Mark 711.515ms
[3733.236s][info][gc,marking     ] GC(911) Concurrent Rebuild Remembered Sets and Scrub Regions
[3733.502s][info][gc,marking     ] GC(911) Concurrent Rebuild Remembered Sets and Scrub Regions 266.699ms
[3733.503s][info][gc,start       ] GC(911) Pause Cleanup
[3733.503s][info][gc             ] GC(911) Pause Cleanup 2363M->2363M(4096M) 0.114ms
[3733.503s][info][gc,cpu         ] GC(911) User=0.00s Sys=0.00s Real=0.00s
[3733.503s][info][gc,marking     ] GC(911) Concurrent Clear Claimed Marks
[3733.503s][info][gc,marking     ] GC(911) Concurrent Clear Claimed Marks 0.025ms
[3733.503s][info][gc,marking     ] GC(911) Concurrent Cleanup for Next Mark
[3733.508s][info][gc,marking     ] GC(911) Concurrent Cleanup for Next Mark 5.275ms
[3733.508s][info][gc             ] GC(911) Concurrent Mark Cycle 1123.284ms
..[3735.165s][info][gc,start       ] GC(912) Pause Young (Prepare Mixed) (G1 Evacuation Pause)
[3735.165s][info][gc,task        ] GC(912) Using 6 workers of 6 for evacuation
[3735.285s][info][gc,phases      ] GC(912)   Pre Evacuate Collection Set: 0.32ms
[3735.285s][info][gc,phases      ] GC(912)   Merge Heap Roots: 0.52ms
[3735.285s][info][gc,phases      ] GC(912)   Evacuate Collection Set: 117.48ms
[3735.285s][info][gc,phases      ] GC(912)   Post Evacuate Collection Set: 0.90ms
[3735.285s][info][gc,phases      ] GC(912)   Other: 0.09ms
[3735.285s][info][gc,heap        ] GC(912) Eden regions: 1119->0(1106)
[3735.285s][info][gc,heap        ] GC(912) Survivor regions: 109->111(154)
[3735.285s][info][gc,heap        ] GC(912) Old regions: 506->537
[3735.285s][info][gc,heap        ] GC(912) Humongous regions: 80->80
[3735.285s][info][gc,metaspace   ] GC(912) Metaspace: 28895K(29312K)->28895K(29312K) NonClass: 24026K(24256K)->24026K(24256K) Class: 4868K(5056K)->4868K(5056K)
[3735.285s][info][gc             ] GC(912) Pause Young (Prepare Mixed) (G1 Evacuation Pause) 3626M->1453M(4096M) 119.442ms
[3735.285s][info][gc,cpu         ] GC(912) User=0.71s Sys=0.00s Real=0.12s
...[3737.956s][info][gc,start       ] GC(913) Pause Young (Mixed) (G1 Evacuation Pause)
[3737.956s][info][gc,task        ] GC(913) Using 6 workers of 6 for evacuation
[3738.090s][info][gc,phases      ] GC(913)   Pre Evacuate Collection Set: 0.36ms
[3738.090s][info][gc,phases      ] GC(913)   Merge Heap Roots: 0.75ms
[3738.090s][info][gc,phases      ] GC(913)   Evacuate Collection Set: 131.20ms
[3738.090s][info][gc,phases      ] GC(913)   Post Evacuate Collection Set: 0.95ms
[3738.090s][info][gc,phases      ] GC(913)   Other: 0.08ms
[3738.090s][info][gc,heap        ] GC(913) Eden regions: 1106->0(1120)
[3738.090s][info][gc,heap        ] GC(913) Survivor regions: 111->108(153)
[3738.090s][info][gc,heap        ] GC(913) Old regions: 537->474
[3738.090s][info][gc,heap        ] GC(913) Humongous regions: 80->80
[3738.090s][info][gc,metaspace   ] GC(913) Metaspace: 28895K(29312K)->28895K(29312K) NonClass: 24026K(24256K)->24026K(24256K) Class: 4868K(5056K)->4868K(5056K)
[3738.090s][info][gc             ] GC(913) Pause Young (Mixed) (G1 Evacuation Pause) 3665M->1321M(4096M) 133.498ms
[3738.090s][info][gc,cpu         ] GC(913) User=0.79s Sys=0.00s Real=0.14s
...[3740.900s][info][gc,start       ] GC(914) Pause Young (Concurrent Start) (G1 Evacuation Pause)
[3740.900s][info][gc,task        ] GC(914) Using 6 workers of 6 for evacuation
[3741.017s][info][gc,phases      ] GC(914)   Pre Evacuate Collection Set: 0.41ms
[3741.017s][info][gc,phases      ] GC(914)   Merge Heap Roots: 0.49ms
[3741.017s][info][gc,phases      ] GC(914)   Evacuate Collection Set: 114.81ms
[3741.017s][info][gc,phases      ] GC(914)   Post Evacuate Collection Set: 0.88ms
[3741.017s][info][gc,phases      ] GC(914)   Other: 0.12ms
[3741.017s][info][gc,heap        ] GC(914) Eden regions: 1120->0(1119)
[3741.017s][info][gc,heap        ] GC(914) Survivor regions: 108->109(154)
[3741.017s][info][gc,heap        ] GC(914) Old regions: 474->505
[3741.017s][info][gc,heap        ] GC(914) Humongous regions: 80->80
[3741.017s][info][gc,metaspace   ] GC(914) Metaspace: 28895K(29312K)->28895K(29312K) NonClass: 24026K(24256K)->24026K(24256K) Class: 4868K(5056K)->4868K(5056K)
[3741.017s][info][gc             ] GC(914) Pause Young (Concurrent Start) (G1 Evacuation Pause) 3561M->1386M(4096M) 116.847ms
[3741.017s][info][gc             ] GC(915) Concurrent Mark Cycle
[3741.017s][info][gc,marking     ] GC(915) Concurrent Scan Root Regions
[3741.017s][info][gc,cpu         ] GC(914) User=0.70s Sys=0.00s Real=0.11s
[3741.152s][info][gc,marking     ] GC(915) Concurrent Scan Root Regions 134.890ms
[3741.152s][info][gc,marking     ] GC(915) Concurrent Mark
[3741.152s][info][gc,marking     ] GC(915) Concurrent Mark From Roots
[3741.152s][info][gc,task        ] GC(915) Using 2 workers of 2 for marking
.[3741.830s][info][gc,marking     ] GC(915) Concurrent Mark From Roots 678.226ms
[3741.830s][info][gc,marking     ] GC(915) Concurrent Preclean
[3741.830s][info][gc,marking     ] GC(915) Concurrent Preclean 0.060ms
[3741.830s][info][gc,start       ] GC(915) Pause Remark
[3741.834s][info][gc             ] GC(915) Pause Remark 2070M->2070M(4096M) 3.638ms
[3741.834s][info][gc,cpu         ] GC(915) User=0.02s Sys=0.00s Real=0.00s
[3741.834s][info][gc,marking     ] GC(915) Concurrent Mark 682.179ms
[3741.834s][info][gc,marking     ] GC(915) Concurrent Rebuild Remembered Sets and Scrub Regions
[3742.093s][info][gc,marking     ] GC(915) Concurrent Rebuild Remembered Sets and Scrub Regions 259.335ms
[3742.096s][info][gc,start       ] GC(915) Pause Cleanup
[3742.096s][info][gc             ] GC(915) Pause Cleanup 2290M->2290M(4096M) 0.134ms
[3742.096s][info][gc,cpu         ] GC(915) User=0.00s Sys=0.00s Real=0.00s
[3742.096s][info][gc,marking     ] GC(915) Concurrent Clear Claimed Marks
[3742.096s][info][gc,marking     ] GC(915) Concurrent Clear Claimed Marks 0.030ms
[3742.096s][info][gc,marking     ] GC(915) Concurrent Cleanup for Next Mark
[3742.101s][info][gc,marking     ] GC(915) Concurrent Cleanup for Next Mark 4.839ms
[3742.101s][info][gc             ] GC(915) Concurrent Mark Cycle 1084.622ms
..[3743.798s][info][gc,start       ] GC(916) Pause Young (Prepare Mixed) (G1 Evacuation Pause)
[3743.798s][info][gc,task        ] GC(916) Using 6 workers of 6 for evacuation
[3743.915s][info][gc,phases      ] GC(916)   Pre Evacuate Collection Set: 0.30ms
[3743.915s][info][gc,phases      ] GC(916)   Merge Heap Roots: 0.57ms
[3743.915s][info][gc,phases      ] GC(916)   Evacuate Collection Set: 114.96ms
[3743.915s][info][gc,phases      ] GC(916)   Post Evacuate Collection Set: 0.91ms
[3743.915s][info][gc,phases      ] GC(916)   Other: 0.09ms
[3743.915s][info][gc,heap        ] GC(916) Eden regions: 1119->0(1111)
[3743.915s][info][gc,heap        ] GC(916) Survivor regions: 109->109(154)
[3743.915s][info][gc,heap        ] GC(916) Old regions: 505->536
[3743.915s][info][gc,heap        ] GC(916) Humongous regions: 80->80
[3743.915s][info][gc,metaspace   ] GC(916) Metaspace: 28895K(29312K)->28895K(29312K) NonClass: 24026K(24256K)->24026K(24256K) Class: 4868K(5056K)->4868K(5056K)
[3743.915s][info][gc             ] GC(916) Pause Young (Prepare Mixed) (G1 Evacuation Pause) 3624M->1448M(4096M) 116.982ms
[3743.915s][info][gc,cpu         ] GC(916) User=0.70s Sys=0.00s Real=0.12s
..[3746.649s][info][gc,start       ] GC(917) Pause Young (Mixed) (G1 Evacuation Pause)
[3746.649s][info][gc,task        ] GC(917) Using 6 workers of 6 for evacuation
[3746.784s][info][gc,phases      ] GC(917)   Pre Evacuate Collection Set: 0.37ms
[3746.784s][info][gc,phases      ] GC(917)   Merge Heap Roots: 0.78ms
[3746.784s][info][gc,phases      ] GC(917)   Evacuate Collection Set: 132.86ms
[3746.784s][info][gc,phases      ] GC(917)   Post Evacuate Collection Set: 0.94ms
[3746.784s][info][gc,phases      ] GC(917)   Other: 0.09ms
[3746.784s][info][gc,heap        ] GC(917) Eden regions: 1111->0(1118)
[3746.784s][info][gc,heap        ] GC(917) Survivor regions: 109->110(153)
[3746.784s][info][gc,heap        ] GC(917) Old regions: 536->474
[3746.784s][info][gc,heap        ] GC(917) Humongous regions: 80->80
[3746.784s][info][gc,metaspace   ] GC(917) Metaspace: 28895K(29312K)->28895K(29312K) NonClass: 24026K(24256K)->24026K(24256K) Class: 4868K(5056K)->4868K(5056K)
[3746.784s][info][gc             ] GC(917) Pause Young (Mixed) (G1 Evacuation Pause) 3670M->1325M(4096M) 135.150ms
[3746.784s][info][gc,cpu         ] GC(917) User=0.80s Sys=0.00s Real=0.13s
...[3749.555s][info][gc,start       ] GC(918) Pause Young (Concurrent Start) (G1 Evacuation Pause)
[3749.555s][info][gc,task        ] GC(918) Using 6 workers of 6 for evacuation
[3749.676s][info][gc,phases      ] GC(918)   Pre Evacuate Collection Set: 0.36ms
[3749.676s][info][gc,phases      ] GC(918)   Merge Heap Roots: 0.47ms
[3749.676s][info][gc,phases      ] GC(918)   Evacuate Collection Set: 118.91ms
[3749.676s][info][gc,phases      ] GC(918)   Post Evacuate Collection Set: 0.87ms
[3749.676s][info][gc,phases      ] GC(918)   Other: 0.12ms
[3749.676s][info][gc,heap        ] GC(918) Eden regions: 1118->0(1115)
[3749.676s][info][gc,heap        ] GC(918) Survivor regions: 110->113(154)
[3749.676s][info][gc,heap        ] GC(918) Old regions: 474->506
[3749.676s][info][gc,heap        ] GC(918) Humongous regions: 80->80
[3749.676s][info][gc,metaspace   ] GC(918) Metaspace: 28895K(29312K)->28895K(29312K) NonClass: 24026K(24256K)->24026K(24256K) Class: 4868K(5056K)->4868K(5056K)
[3749.676s][info][gc             ] GC(918) Pause Young (Concurrent Start) (G1 Evacuation Pause) 3561M->1395M(4096M) 120.870ms
[3749.676s][info][gc             ] GC(919) Concurrent Mark Cycle
[3749.676s][info][gc,marking     ] GC(919) Concurrent Scan Root Regions
[3749.676s][info][gc,cpu         ] GC(918) User=0.72s Sys=0.00s Real=0.12s
.[3749.856s][info][gc,marking     ] GC(919) Concurrent Scan Root Regions 180.159ms
[3749.856s][info][gc,marking     ] GC(919) Concurrent Mark
[3749.856s][info][gc,marking     ] GC(919) Concurrent Mark From Roots
[3749.856s][info][gc,task        ] GC(919) Using 2 workers of 2 for marking
[3750.783s][info][gc,marking     ] GC(919) Concurrent Mark From Roots 926.598ms
[3750.783s][info][gc,marking     ] GC(919) Concurrent Preclean
[3750.783s][info][gc,marking     ] GC(919) Concurrent Preclean 0.104ms
[3750.785s][info][gc,start       ] GC(919) Pause Remark
[3750.791s][info][gc             ] GC(919) Pause Remark 2343M->2343M(4096M) 6.019ms
[3750.791s][info][gc,cpu         ] GC(919) User=0.03s Sys=0.00s Real=0.01s
[3750.791s][info][gc,marking     ] GC(919) Concurrent Mark 934.854ms
[3750.791s][info][gc,marking     ] GC(919) Concurrent Rebuild Remembered Sets and Scrub Regions
.[3751.054s][info][gc,marking     ] GC(919) Concurrent Rebuild Remembered Sets and Scrub Regions 262.955ms
[3751.054s][info][gc,start       ] GC(919) Pause Cleanup
[3751.054s][info][gc             ] GC(919) Pause Cleanup 2566M->2566M(4096M) 0.123ms
[3751.054s][info][gc,cpu         ] GC(919) User=0.00s Sys=0.00s Real=0.00s
[3751.055s][info][gc,marking     ] GC(919) Concurrent Clear Claimed Marks
[3751.055s][info][gc,marking     ] GC(919) Concurrent Clear Claimed Marks 0.038ms
[3751.055s][info][gc,marking     ] GC(919) Concurrent Cleanup for Next Mark
[3751.060s][info][gc,marking     ] GC(919) Concurrent Cleanup for Next Mark 5.299ms
[3751.060s][info][gc             ] GC(919) Concurrent Mark Cycle 1384.165ms
.[3752.467s][info][gc,start       ] GC(920) Pause Young (Prepare Mixed) (G1 Evacuation Pause)
[3752.467s][info][gc,task        ] GC(920) Using 6 workers of 6 for evacuation
[3752.586s][info][gc,phases      ] GC(920)   Pre Evacuate Collection Set: 0.35ms
[3752.586s][info][gc,phases      ] GC(920)   Merge Heap Roots: 0.55ms
[3752.586s][info][gc,phases      ] GC(920)   Evacuate Collection Set: 117.50ms
[3752.586s][info][gc,phases      ] GC(920)   Post Evacuate Collection Set: 0.93ms
[3752.586s][info][gc,phases      ] GC(920)   Other: 0.09ms
[3752.586s][info][gc,heap        ] GC(920) Eden regions: 1115->0(1103)
[3752.586s][info][gc,heap        ] GC(920) Survivor regions: 113->112(154)
[3752.586s][info][gc,heap        ] GC(920) Old regions: 506->538
[3752.586s][info][gc,heap        ] GC(920) Humongous regions: 80->80
[3752.586s][info][gc,metaspace   ] GC(920) Metaspace: 28895K(29312K)->28895K(29312K) NonClass: 24026K(24256K)->24026K(24256K) Class: 4868K(5056K)->4868K(5056K)
[3752.586s][info][gc             ] GC(920) Pause Young (Prepare Mixed) (G1 Evacuation Pause) 3625M->1458M(4096M) 119.543ms
[3752.586s][info][gc,cpu         ] GC(920) User=0.72s Sys=0.00s Real=0.12s
...[3755.235s][info][gc,start       ] GC(921) Pause Young (Mixed) (G1 Evacuation Pause)
[3755.235s][info][gc,task        ] GC(921) Using 6 workers of 6 for evacuation
[3755.369s][info][gc,phases      ] GC(921)   Pre Evacuate Collection Set: 0.39ms
[3755.369s][info][gc,phases      ] GC(921)   Merge Heap Roots: 0.68ms
[3755.369s][info][gc,phases      ] GC(921)   Evacuate Collection Set: 131.93ms
[3755.369s][info][gc,phases      ] GC(921)   Post Evacuate Collection Set: 0.93ms
[3755.369s][info][gc,phases      ] GC(921)   Other: 0.08ms
[3755.369s][info][gc,heap        ] GC(921) Eden regions: 1103->0(1119)
[3755.369s][info][gc,heap        ] GC(921) Survivor regions: 112->109(152)
[3755.369s][info][gc,heap        ] GC(921) Old regions: 538->476
[3755.369s][info][gc,heap        ] GC(921) Humongous regions: 80->80
[3755.369s][info][gc,metaspace   ] GC(921) Metaspace: 28895K(29312K)->28895K(29312K) NonClass: 24026K(24256K)->24026K(24256K) Class: 4868K(5056K)->4868K(5056K)
[3755.369s][info][gc             ] GC(921) Pause Young (Mixed) (G1 Evacuation Pause) 3664M->1328M(4096M) 134.140ms
[3755.369s][info][gc,cpu         ] GC(921) User=0.80s Sys=0.00s Real=0.14s
...[3758.105s][info][gc,start       ] GC(922) Pause Young (Concurrent Start) (G1 Evacuation Pause)
[3758.105s][info][gc,task        ] GC(922) Using 6 workers of 6 for evacuation
[3758.222s][info][gc,phases      ] GC(922)   Pre Evacuate Collection Set: 0.35ms
[3758.222s][info][gc,phases      ] GC(922)   Merge Heap Roots: 0.46ms
[3758.222s][info][gc,phases      ] GC(922)   Evacuate Collection Set: 115.31ms
[3758.222s][info][gc,phases      ] GC(922)   Post Evacuate Collection Set: 0.88ms
[3758.222s][info][gc,phases      ] GC(922)   Other: 0.10ms
[3758.222s][info][gc,heap        ] GC(922) Eden regions: 1119->0(1119)
[3758.222s][info][gc,heap        ] GC(922) Survivor regions: 109->109(154)
[3758.222s][info][gc,heap        ] GC(922) Old regions: 476->508
[3758.222s][info][gc,heap        ] GC(922) Humongous regions: 80->80
[3758.222s][info][gc,metaspace   ] GC(922) Metaspace: 28895K(29312K)->28895K(29312K) NonClass: 24026K(24256K)->24026K(24256K) Class: 4868K(5056K)->4868K(5056K)
[3758.222s][info][gc             ] GC(922) Pause Young (Concurrent Start) (G1 Evacuation Pause) 3566M->1393M(4096M) 117.240ms
[3758.222s][info][gc             ] GC(923) Concurrent Mark Cycle
[3758.222s][info][gc,marking     ] GC(923) Concurrent Scan Root Regions
[3758.222s][info][gc,cpu         ] GC(922) User=0.70s Sys=0.00s Real=0.12s
[3758.361s][info][gc,marking     ] GC(923) Concurrent Scan Root Regions 138.616ms
[3758.361s][info][gc,marking     ] GC(923) Concurrent Mark
[3758.361s][info][gc,marking     ] GC(923) Concurrent Mark From Roots
[3758.361s][info][gc,task        ] GC(923) Using 2 workers of 2 for marking
.[3759.071s][info][gc,marking     ] GC(923) Concurrent Mark From Roots 710.574ms
[3759.071s][info][gc,marking     ] GC(923) Concurrent Preclean
[3759.071s][info][gc,marking     ] GC(923) Concurrent Preclean 0.073ms
[3759.073s][info][gc,start       ] GC(923) Pause Remark
[3759.077s][info][gc             ] GC(923) Pause Remark 2117M->2117M(4096M) 4.631ms
[3759.077s][info][gc,cpu         ] GC(923) User=0.02s Sys=0.00s Real=0.00s
[3759.079s][info][gc,marking     ] GC(923) Concurrent Mark 718.161ms
[3759.079s][info][gc,marking     ] GC(923) Concurrent Rebuild Remembered Sets and Scrub Regions
[3759.467s][info][gc,marking     ] GC(923) Concurrent Rebuild Remembered Sets and Scrub Regions 388.083ms
[3759.467s][info][gc,start       ] GC(923) Pause Cleanup
[3759.468s][info][gc             ] GC(923) Pause Cleanup 2433M->2433M(4096M) 0.108ms
[3759.468s][info][gc,cpu         ] GC(923) User=0.00s Sys=0.00s Real=0.00s
[3759.468s][info][gc,marking     ] GC(923) Concurrent Clear Claimed Marks
[3759.468s][info][gc,marking     ] GC(923) Concurrent Clear Claimed Marks 0.029ms
[3759.468s][info][gc,marking     ] GC(923) Concurrent Cleanup for Next Mark
[3759.473s][info][gc,marking     ] GC(923) Concurrent Cleanup for Next Mark 4.433ms
[3759.473s][info][gc             ] GC(923) Concurrent Mark Cycle 1250.491ms
. (rIR:aIR:PR = 6503:6505:6505) (tPR = 96473) [OK] 
  3759s: Performance info:
         Transaction,    Success,    Partial,     Failed,   Receipts, AvgBarcode, 
             Overall,     394791,          0,          0,     375029,      59.47, 
         Response times:
             Request,    Success,    Partial,     Failed,   SkipFail,     Probes,    Samples,      min,      p50,      p90,      p95,      p99,      max, 
       TotalPurchase,     375120,          0,          0,          0,     363724,     396284,      300,     5500,    34000,    67000,   121000,   245000,
     InStorePurchase,     197425,          0,          0,          0,     191328,     208000,      300,     5500,    34000,    67000,   120000,   245000,
      OnlinePurchase,     138244,          0,          0,          0,     134079,     146123,      300,     5600,    34000,    67000,   123000,   238000,
        InstPurchase,      39451,          0,          0,          0,      38317,      42161,      400,     5400,    34000,    67000,   120000,   240000,
          AssocOfCat,        398,          0,          0,          0,        326,        444,    22000,    38000,    88000,   118750,   177300,   315000,
      AssocOfProduct,       3963,          0,          0,          0,       3694,       4236,     1000,     5400,    36000,    71000,   118000,   192000,
      BusinessReport,        985,          0,          0,          0,        822,        983,    29000,    45000,   108200,   143000,   189160,   238000,
          CustBuyBeh,       3957,          0,          0,          0,       3682,       4212,     1500,     6500,    41000,    79000,   123000,   193000,
       ProductReturn,      10462,          0,          0,          0,       9996,      11251,      200,     6400,    40000,    70000,   128000,   215000,

  3759s: (48%)   IR =   6642 [3761.070s][info][gc,start       ] GC(924) Pause Young (Prepare Mixed) (G1 Evacuation Pause)
[3761.070s][info][gc,task        ] GC(924) Using 6 workers of 6 for evacuation
[3761.189s][info][gc,phases      ] GC(924)   Pre Evacuate Collection Set: 0.30ms
[3761.189s][info][gc,phases      ] GC(924)   Merge Heap Roots: 0.54ms
[3761.189s][info][gc,phases      ] GC(924)   Evacuate Collection Set: 117.33ms
[3761.189s][info][gc,phases      ] GC(924)   Post Evacuate Collection Set: 1.00ms
[3761.189s][info][gc,phases      ] GC(924)   Other: 0.10ms
[3761.189s][info][gc,heap        ] GC(924) Eden regions: 1119->0(1104)
[3761.189s][info][gc,heap        ] GC(924) Survivor regions: 109->111(154)
[3761.189s][info][gc,heap        ] GC(924) Old regions: 508->539
[3761.189s][info][gc,heap        ] GC(924) Humongous regions: 80->80
[3761.189s][info][gc,metaspace   ] GC(924) Metaspace: 28895K(29312K)->28895K(29312K) NonClass: 24026K(24256K)->24026K(24256K) Class: 4868K(5056K)->4868K(5056K)
[3761.190s][info][gc             ] GC(924) Pause Young (Prepare Mixed) (G1 Evacuation Pause) 3631M->1458M(4096M) 119.441ms
[3761.190s][info][gc,cpu         ] GC(924) User=0.72s Sys=0.00s Real=0.12s
...[3763.818s][info][gc,start       ] GC(925) Pause Young (Mixed) (G1 Evacuation Pause)
[3763.818s][info][gc,task        ] GC(925) Using 6 workers of 6 for evacuation
[3763.962s][info][gc,phases      ] GC(925)   Pre Evacuate Collection Set: 0.34ms
[3763.962s][info][gc,phases      ] GC(925)   Merge Heap Roots: 0.77ms
[3763.962s][info][gc,phases      ] GC(925)   Evacuate Collection Set: 141.25ms
[3763.962s][info][gc,phases      ] GC(925)   Post Evacuate Collection Set: 0.99ms
[3763.962s][info][gc,phases      ] GC(925)   Other: 0.09ms
[3763.962s][info][gc,heap        ] GC(925) Eden regions: 1104->0(1112)
[3763.962s][info][gc,heap        ] GC(925) Survivor regions: 111->116(152)
[3763.962s][info][gc,heap        ] GC(925) Old regions: 539->473
[3763.962s][info][gc,heap        ] GC(925) Humongous regions: 80->80
[3763.962s][info][gc,metaspace   ] GC(925) Metaspace: 28895K(29312K)->28895K(29312K) NonClass: 24026K(24256K)->24026K(24256K) Class: 4868K(5056K)->4868K(5056K)
[3763.962s][info][gc             ] GC(925) Pause Young (Mixed) (G1 Evacuation Pause) 3666M->1336M(4096M) 143.581ms
[3763.962s][info][gc,cpu         ] GC(925) User=0.85s Sys=0.01s Real=0.15s
...[3766.611s][info][gc,start       ] GC(926) Pause Young (Concurrent Start) (G1 Evacuation Pause)
[3766.611s][info][gc,task        ] GC(926) Using 6 workers of 6 for evacuation
[3766.727s][info][gc,phases      ] GC(926)   Pre Evacuate Collection Set: 0.37ms
[3766.727s][info][gc,phases      ] GC(926)   Merge Heap Roots: 0.53ms
[3766.727s][info][gc,phases      ] GC(926)   Evacuate Collection Set: 114.15ms
[3766.727s][info][gc,phases      ] GC(926)   Post Evacuate Collection Set: 0.88ms
[3766.727s][info][gc,phases      ] GC(926)   Other: 0.11ms
[3766.727s][info][gc,heap        ] GC(926) Eden regions: 1112->0(1122)
[3766.727s][info][gc,heap        ] GC(926) Survivor regions: 116->106(154)
[3766.727s][info][gc,heap        ] GC(926) Old regions: 473->506
[3766.727s][info][gc,heap        ] GC(926) Humongous regions: 80->80
[3766.727s][info][gc,metaspace   ] GC(926) Metaspace: 28895K(29312K)->28895K(29312K) NonClass: 24026K(24256K)->24026K(24256K) Class: 4868K(5056K)->4868K(5056K)
[3766.727s][info][gc             ] GC(926) Pause Young (Concurrent Start) (G1 Evacuation Pause) 3560M->1383M(4096M) 116.171ms
[3766.727s][info][gc             ] GC(927) Concurrent Mark Cycle
[3766.727s][info][gc,marking     ] GC(927) Concurrent Scan Root Regions
[3766.727s][info][gc,cpu         ] GC(926) User=0.69s Sys=0.00s Real=0.11s
[3766.904s][info][gc,marking     ] GC(927) Concurrent Scan Root Regions 176.555ms
[3766.904s][info][gc,marking     ] GC(927) Concurrent Mark
[3766.904s][info][gc,marking     ] GC(927) Concurrent Mark From Roots
[3766.904s][info][gc,task        ] GC(927) Using 2 workers of 2 for marking
.[3767.952s][info][gc,marking     ] GC(927) Concurrent Mark From Roots 1047.887ms
[3767.952s][info][gc,marking     ] GC(927) Concurrent Preclean
[3767.952s][info][gc,marking     ] GC(927) Concurrent Preclean 0.144ms
[3767.955s][info][gc,start       ] GC(927) Pause Remark
[3767.960s][info][gc             ] GC(927) Pause Remark 2423M->2423M(4096M) 5.365ms
[3767.960s][info][gc,cpu         ] GC(927) User=0.03s Sys=0.00s Real=0.01s
[3767.960s][info][gc,marking     ] GC(927) Concurrent Mark 1056.648ms
[3767.960s][info][gc,marking     ] GC(927) Concurrent Rebuild Remembered Sets and Scrub Regions
.[3768.305s][info][gc,marking     ] GC(927) Concurrent Rebuild Remembered Sets and Scrub Regions 344.964ms
[3768.306s][info][gc,start       ] GC(927) Pause Cleanup
[3768.306s][info][gc             ] GC(927) Pause Cleanup 2734M->2734M(4096M) 0.120ms
[3768.306s][info][gc,cpu         ] GC(927) User=0.00s Sys=0.00s Real=0.00s
[3768.306s][info][gc,marking     ] GC(927) Concurrent Clear Claimed Marks
[3768.306s][info][gc,marking     ] GC(927) Concurrent Clear Claimed Marks 0.025ms
[3768.306s][info][gc,marking     ] GC(927) Concurrent Cleanup for Next Mark
[3768.310s][info][gc,marking     ] GC(927) Concurrent Cleanup for Next Mark 4.429ms
[3768.310s][info][gc             ] GC(927) Concurrent Mark Cycle 1583.132ms
.[3769.438s][info][gc,start       ] GC(928) Pause Young (Prepare Mixed) (G1 Evacuation Pause)
[3769.438s][info][gc,task        ] GC(928) Using 6 workers of 6 for evacuation
[3769.559s][info][gc,phases      ] GC(928)   Pre Evacuate Collection Set: 0.31ms
[3769.559s][info][gc,phases      ] GC(928)   Merge Heap Roots: 0.60ms
[3769.559s][info][gc,phases      ] GC(928)   Evacuate Collection Set: 119.14ms
[3769.559s][info][gc,phases      ] GC(928)   Post Evacuate Collection Set: 0.90ms
[3769.559s][info][gc,phases      ] GC(928)   Other: 0.09ms
[3769.559s][info][gc,heap        ] GC(928) Eden regions: 1122->0(1103)
[3769.559s][info][gc,heap        ] GC(928) Survivor regions: 106->112(154)
[3769.559s][info][gc,heap        ] GC(928) Old regions: 506->538
[3769.559s][info][gc,heap        ] GC(928) Humongous regions: 80->80
[3769.559s][info][gc,metaspace   ] GC(928) Metaspace: 28895K(29312K)->28895K(29312K) NonClass: 24026K(24256K)->24026K(24256K) Class: 4868K(5056K)->4868K(5056K)
[3769.559s][info][gc             ] GC(928) Pause Young (Prepare Mixed) (G1 Evacuation Pause) 3627M->1459M(4096M) 121.163ms
[3769.559s][info][gc,cpu         ] GC(928) User=0.72s Sys=0.00s Real=0.13s
..[3772.220s][info][gc,start       ] GC(929) Pause Young (Mixed) (G1 Evacuation Pause)
[3772.220s][info][gc,task        ] GC(929) Using 6 workers of 6 for evacuation
[3772.355s][info][gc,phases      ] GC(929)   Pre Evacuate Collection Set: 0.36ms
[3772.355s][info][gc,phases      ] GC(929)   Merge Heap Roots: 0.72ms
[3772.355s][info][gc,phases      ] GC(929)   Evacuate Collection Set: 133.31ms
[3772.355s][info][gc,phases      ] GC(929)   Post Evacuate Collection Set: 0.91ms
[3772.356s][info][gc,phases      ] GC(929)   Other: 0.08ms
[3772.356s][info][gc,heap        ] GC(929) Eden regions: 1103->0(1117)
[3772.356s][info][gc,heap        ] GC(929) Survivor regions: 112->111(152)
[3772.356s][info][gc,heap        ] GC(929) Old regions: 538->477
[3772.356s][info][gc,heap        ] GC(929) Humongous regions: 80->80
[3772.356s][info][gc,metaspace   ] GC(929) Metaspace: 28895K(29312K)->28895K(29312K) NonClass: 24026K(24256K)->24026K(24256K) Class: 4868K(5056K)->4868K(5056K)
[3772.356s][info][gc             ] GC(929) Pause Young (Mixed) (G1 Evacuation Pause) 3665M->1333M(4096M) 135.533ms
[3772.356s][info][gc,cpu         ] GC(929) User=0.80s Sys=0.00s Real=0.13s
...[3775.023s][info][gc,start       ] GC(930) Pause Young (Concurrent Start) (G1 Evacuation Pause)
[3775.023s][info][gc,task        ] GC(930) Using 6 workers of 6 for evacuation
[3775.142s][info][gc,phases      ] GC(930)   Pre Evacuate Collection Set: 0.35ms
[3775.142s][info][gc,phases      ] GC(930)   Merge Heap Roots: 0.53ms
[3775.142s][info][gc,phases      ] GC(930)   Evacuate Collection Set: 117.02ms
[3775.142s][info][gc,phases      ] GC(930)   Post Evacuate Collection Set: 0.88ms
[3775.142s][info][gc,phases      ] GC(930)   Other: 0.11ms
[3775.142s][info][gc,heap        ] GC(930) Eden regions: 1117->0(1119)
[3775.142s][info][gc,heap        ] GC(930) Survivor regions: 111->109(154)
[3775.142s][info][gc,heap        ] GC(930) Old regions: 477->509
[3775.142s][info][gc,heap        ] GC(930) Humongous regions: 80->80
[3775.142s][info][gc,metaspace   ] GC(930) Metaspace: 28895K(29312K)->28895K(29312K) NonClass: 24026K(24256K)->24026K(24256K) Class: 4868K(5056K)->4868K(5056K)
[3775.142s][info][gc             ] GC(930) Pause Young (Concurrent Start) (G1 Evacuation Pause) 3567M->1394M(4096M) 119.039ms
[3775.142s][info][gc             ] GC(931) Concurrent Mark Cycle
[3775.142s][info][gc,marking     ] GC(931) Concurrent Scan Root Regions
[3775.142s][info][gc,cpu         ] GC(930) User=0.71s Sys=0.00s Real=0.12s
[3775.276s][info][gc,marking     ] GC(931) Concurrent Scan Root Regions 134.316ms
[3775.276s][info][gc,marking     ] GC(931) Concurrent Mark
[3775.276s][info][gc,marking     ] GC(931) Concurrent Mark From Roots
[3775.276s][info][gc,task        ] GC(931) Using 2 workers of 2 for marking
.[3775.985s][info][gc,marking     ] GC(931) Concurrent Mark From Roots 708.390ms
[3775.985s][info][gc,marking     ] GC(931) Concurrent Preclean
[3775.985s][info][gc,marking     ] GC(931) Concurrent Preclean 0.066ms
[3775.986s][info][gc,start       ] GC(931) Pause Remark
[3775.991s][info][gc             ] GC(931) Pause Remark 2105M->2105M(4096M) 5.029ms
[3775.991s][info][gc,cpu         ] GC(931) User=0.03s Sys=0.00s Real=0.01s
[3775.992s][info][gc,marking     ] GC(931) Concurrent Mark 715.462ms
[3775.992s][info][gc,marking     ] GC(931) Concurrent Rebuild Remembered Sets and Scrub Regions
[3776.258s][info][gc,marking     ] GC(931) Concurrent Rebuild Remembered Sets and Scrub Regions 266.251ms
[3776.258s][info][gc,start       ] GC(931) Pause Cleanup
[3776.259s][info][gc             ] GC(931) Pause Cleanup 2338M->2338M(4096M) 0.136ms
[3776.259s][info][gc,cpu         ] GC(931) User=0.00s Sys=0.00s Real=0.01s
[3776.259s][info][gc,marking     ] GC(931) Concurrent Clear Claimed Marks
[3776.259s][info][gc,marking     ] GC(931) Concurrent Clear Claimed Marks 0.035ms
[3776.259s][info][gc,marking     ] GC(931) Concurrent Cleanup for Next Mark
[3776.264s][info][gc,marking     ] GC(931) Concurrent Cleanup for Next Mark 5.150ms
[3776.264s][info][gc             ] GC(931) Concurrent Mark Cycle 1122.236ms
..|[3777.929s][info][gc,start       ] GC(932) Pause Young (Prepare Mixed) (G1 Evacuation Pause)
[3777.929s][info][gc,task        ] GC(932) Using 6 workers of 6 for evacuation
[3778.046s][info][gc,phases      ] GC(932)   Pre Evacuate Collection Set: 0.34ms
[3778.046s][info][gc,phases      ] GC(932)   Merge Heap Roots: 0.52ms
[3778.046s][info][gc,phases      ] GC(932)   Evacuate Collection Set: 115.06ms
[3778.046s][info][gc,phases      ] GC(932)   Post Evacuate Collection Set: 0.94ms
[3778.046s][info][gc,phases      ] GC(932)   Other: 0.09ms
[3778.046s][info][gc,heap        ] GC(932) Eden regions: 1119->0(1106)
[3778.046s][info][gc,heap        ] GC(932) Survivor regions: 109->109(154)
[3778.046s][info][gc,heap        ] GC(932) Old regions: 509->541
[3778.046s][info][gc,heap        ] GC(932) Humongous regions: 80->80
[3778.046s][info][gc,metaspace   ] GC(932) Metaspace: 28895K(29312K)->28895K(29312K) NonClass: 24026K(24256K)->24026K(24256K) Class: 4868K(5056K)->4868K(5056K)
[3778.046s][info][gc             ] GC(932) Pause Young (Prepare Mixed) (G1 Evacuation Pause) 3632M->1459M(4096M) 117.087ms
[3778.046s][info][gc,cpu         ] GC(932) User=0.70s Sys=0.00s Real=0.11s
...[3780.633s][info][gc,start       ] GC(933) Pause Young (Mixed) (G1 Evacuation Pause)
[3780.633s][info][gc,task        ] GC(933) Using 6 workers of 6 for evacuation
[3780.765s][info][gc,phases      ] GC(933)   Pre Evacuate Collection Set: 0.34ms
[3780.765s][info][gc,phases      ] GC(933)   Merge Heap Roots: 0.69ms
[3780.765s][info][gc,phases      ] GC(933)   Evacuate Collection Set: 130.41ms
[3780.765s][info][gc,phases      ] GC(933)   Post Evacuate Collection Set: 0.85ms
[3780.766s][info][gc,phases      ] GC(933)   Other: 0.09ms
[3780.766s][info][gc,heap        ] GC(933) Eden regions: 1106->0(1119)
[3780.766s][info][gc,heap        ] GC(933) Survivor regions: 109->109(152)
[3780.766s][info][gc,heap        ] GC(933) Old regions: 541->474
[3780.766s][info][gc,heap        ] GC(933) Humongous regions: 80->80
[3780.766s][info][gc,metaspace   ] GC(933) Metaspace: 28895K(29312K)->28895K(29312K) NonClass: 24026K(24256K)->24026K(24256K) Class: 4868K(5056K)->4868K(5056K)
[3780.766s][info][gc             ] GC(933) Pause Young (Mixed) (G1 Evacuation Pause) 3671M->1323M(4096M) 132.523ms
[3780.766s][info][gc,cpu         ] GC(933) User=0.78s Sys=0.00s Real=0.13s
...[3783.504s][info][gc,start       ] GC(934) Pause Young (Concurrent Start) (G1 Evacuation Pause)
[3783.504s][info][gc,task        ] GC(934) Using 6 workers of 6 for evacuation
[3783.619s][info][gc,phases      ] GC(934)   Pre Evacuate Collection Set: 0.35ms
[3783.619s][info][gc,phases      ] GC(934)   Merge Heap Roots: 0.48ms
[3783.619s][info][gc,phases      ] GC(934)   Evacuate Collection Set: 112.54ms
[3783.619s][info][gc,phases      ] GC(934)   Post Evacuate Collection Set: 0.88ms
[3783.619s][info][gc,phases      ] GC(934)   Other: 0.09ms
[3783.619s][info][gc,heap        ] GC(934) Eden regions: 1119->0(1121)
[3783.619s][info][gc,heap        ] GC(934) Survivor regions: 109->107(154)
[3783.619s][info][gc,heap        ] GC(934) Old regions: 474->506
[3783.619s][info][gc,heap        ] GC(934) Humongous regions: 80->80
[3783.619s][info][gc,metaspace   ] GC(934) Metaspace: 28895K(29312K)->28895K(29312K) NonClass: 24026K(24256K)->24026K(24256K) Class: 4868K(5056K)->4868K(5056K)
[3783.619s][info][gc             ] GC(934) Pause Young (Concurrent Start) (G1 Evacuation Pause) 3561M->1384M(4096M) 114.467ms
[3783.619s][info][gc             ] GC(935) Concurrent Mark Cycle
[3783.619s][info][gc,marking     ] GC(935) Concurrent Scan Root Regions
[3783.619s][info][gc,cpu         ] GC(934) User=0.68s Sys=0.00s Real=0.12s
[3783.799s][info][gc,marking     ] GC(935) Concurrent Scan Root Regions 180.597ms
[3783.799s][info][gc,marking     ] GC(935) Concurrent Mark
[3783.799s][info][gc,marking     ] GC(935) Concurrent Mark From Roots
[3783.799s][info][gc,task        ] GC(935) Using 2 workers of 2 for marking
.[3784.757s][info][gc,marking     ] GC(935) Concurrent Mark From Roots 957.234ms
[3784.757s][info][gc,marking     ] GC(935) Concurrent Preclean
[3784.757s][info][gc,marking     ] GC(935) Concurrent Preclean 0.092ms
[3784.757s][info][gc,start       ] GC(935) Pause Remark
[3784.763s][info][gc             ] GC(935) Pause Remark 2387M->2387M(4096M) 5.685ms
[3784.763s][info][gc,cpu         ] GC(935) User=0.04s Sys=0.00s Real=0.01s
[3784.764s][info][gc,marking     ] GC(935) Concurrent Mark 965.175ms
[3784.764s][info][gc,marking     ] GC(935) Concurrent Rebuild Remembered Sets and Scrub Regions
[3785.020s][info][gc,marking     ] GC(935) Concurrent Rebuild Remembered Sets and Scrub Regions 255.780ms
[3785.020s][info][gc,start       ] GC(935) Pause Cleanup
[3785.020s][info][gc             ] GC(935) Pause Cleanup 2598M->2598M(4096M) 0.106ms
[3785.021s][info][gc,cpu         ] GC(935) User=0.00s Sys=0.00s Real=0.00s
[3785.021s][info][gc,marking     ] GC(935) Concurrent Clear Claimed Marks
[3785.021s][info][gc,marking     ] GC(935) Concurrent Clear Claimed Marks 0.027ms
[3785.021s][info][gc,marking     ] GC(935) Concurrent Cleanup for Next Mark
[3785.024s][info][gc,marking     ] GC(935) Concurrent Cleanup for Next Mark 3.234ms
[3785.024s][info][gc             ] GC(935) Concurrent Mark Cycle 1405.282ms
.[3786.325s][info][gc,start       ] GC(936) Pause Young (Prepare Mixed) (G1 Evacuation Pause)
[3786.326s][info][gc,task        ] GC(936) Using 6 workers of 6 for evacuation
[3786.445s][info][gc,phases      ] GC(936)   Pre Evacuate Collection Set: 0.29ms
[3786.446s][info][gc,phases      ] GC(936)   Merge Heap Roots: 0.62ms
[3786.446s][info][gc,phases      ] GC(936)   Evacuate Collection Set: 118.03ms
[3786.446s][info][gc,phases      ] GC(936)   Post Evacuate Collection Set: 0.90ms
[3786.446s][info][gc,phases      ] GC(936)   Other: 0.08ms
[3786.446s][info][gc,heap        ] GC(936) Eden regions: 1121->0(1104)
[3786.446s][info][gc,heap        ] GC(936) Survivor regions: 107->112(154)
[3786.446s][info][gc,heap        ] GC(936) Old regions: 506->537
[3786.446s][info][gc,heap        ] GC(936) Humongous regions: 80->80
[3786.446s][info][gc,metaspace   ] GC(936) Metaspace: 28895K(29312K)->28895K(29312K) NonClass: 24026K(24256K)->24026K(24256K) Class: 4868K(5056K)->4868K(5056K)
[3786.446s][info][gc             ] GC(936) Pause Young (Prepare Mixed) (G1 Evacuation Pause) 3626M->1456M(4096M) 120.087ms
[3786.446s][info][gc,cpu         ] GC(936) User=0.71s Sys=0.01s Real=0.12s
...[3789.089s][info][gc,start       ] GC(937) Pause Young (Mixed) (G1 Evacuation Pause)
[3789.089s][info][gc,task        ] GC(937) Using 6 workers of 6 for evacuation
[3789.230s][info][gc,phases      ] GC(937)   Pre Evacuate Collection Set: 0.34ms
[3789.230s][info][gc,phases      ] GC(937)   Merge Heap Roots: 0.79ms
[3789.230s][info][gc,phases      ] GC(937)   Evacuate Collection Set: 139.06ms
[3789.230s][info][gc,phases      ] GC(937)   Post Evacuate Collection Set: 0.97ms
[3789.230s][info][gc,phases      ] GC(937)   Other: 0.09ms
[3789.230s][info][gc,heap        ] GC(937) Eden regions: 1104->0(1115)
[3789.230s][info][gc,heap        ] GC(937) Survivor regions: 112->113(152)
[3789.230s][info][gc,heap        ] GC(937) Old regions: 537->475
[3789.230s][info][gc,heap        ] GC(937) Humongous regions: 80->80
[3789.230s][info][gc,metaspace   ] GC(937) Metaspace: 28895K(29312K)->28895K(29312K) NonClass: 24026K(24256K)->24026K(24256K) Class: 4868K(5056K)->4868K(5056K)
[3789.230s][info][gc             ] GC(937) Pause Young (Mixed) (G1 Evacuation Pause) 3664M->1334M(4096M) 141.374ms
[3789.230s][info][gc,cpu         ] GC(937) User=0.85s Sys=0.00s Real=0.14s
...[3791.934s][info][gc,start       ] GC(938) Pause Young (Concurrent Start) (G1 Evacuation Pause)
[3791.934s][info][gc,task        ] GC(938) Using 6 workers of 6 for evacuation
[3792.051s][info][gc,phases      ] GC(938)   Pre Evacuate Collection Set: 0.35ms
[3792.051s][info][gc,phases      ] GC(938)   Merge Heap Roots: 0.46ms
[3792.051s][info][gc,phases      ] GC(938)   Evacuate Collection Set: 114.80ms
[3792.051s][info][gc,phases      ] GC(938)   Post Evacuate Collection Set: 0.85ms
[3792.051s][info][gc,phases      ] GC(938)   Other: 0.09ms
[3792.051s][info][gc,heap        ] GC(938) Eden regions: 1115->0(1119)
[3792.051s][info][gc,heap        ] GC(938) Survivor regions: 113->109(154)
[3792.051s][info][gc,heap        ] GC(938) Old regions: 475->506
[3792.051s][info][gc,heap        ] GC(938) Humongous regions: 80->80
[3792.051s][info][gc,metaspace   ] GC(938) Metaspace: 28895K(29312K)->28895K(29312K) NonClass: 24026K(24256K)->24026K(24256K) Class: 4868K(5056K)->4868K(5056K)
[3792.051s][info][gc             ] GC(938) Pause Young (Concurrent Start) (G1 Evacuation Pause) 3564M->1388M(4096M) 116.692ms
[3792.051s][info][gc             ] GC(939) Concurrent Mark Cycle
[3792.051s][info][gc,marking     ] GC(939) Concurrent Scan Root Regions
[3792.051s][info][gc,cpu         ] GC(938) User=0.70s Sys=0.00s Real=0.12s
[3792.195s][info][gc,marking     ] GC(939) Concurrent Scan Root Regions 144.116ms
[3792.195s][info][gc,marking     ] GC(939) Concurrent Mark
[3792.195s][info][gc,marking     ] GC(939) Concurrent Mark From Roots
[3792.195s][info][gc,task        ] GC(939) Using 2 workers of 2 for marking
.[3792.920s][info][gc,marking     ] GC(939) Concurrent Mark From Roots 724.292ms
[3792.920s][info][gc,marking     ] GC(939) Concurrent Preclean
[3792.920s][info][gc,marking     ] GC(939) Concurrent Preclean 0.083ms
[3792.920s][info][gc,start       ] GC(939) Pause Remark
[3792.925s][info][gc             ] GC(939) Pause Remark 2148M->2148M(4096M) 4.589ms
[3792.925s][info][gc,cpu         ] GC(939) User=0.02s Sys=0.00s Real=0.00s
[3792.925s][info][gc,marking     ] GC(939) Concurrent Mark 729.496ms
[3792.925s][info][gc,marking     ] GC(939) Concurrent Rebuild Remembered Sets and Scrub Regions
[3793.182s][info][gc,marking     ] GC(939) Concurrent Rebuild Remembered Sets and Scrub Regions 257.186ms
[3793.182s][info][gc,start       ] GC(939) Pause Cleanup
[3793.182s][info][gc             ] GC(939) Pause Cleanup 2371M->2371M(4096M) 0.099ms
[3793.182s][info][gc,cpu         ] GC(939) User=0.00s Sys=0.00s Real=0.00s
[3793.182s][info][gc,marking     ] GC(939) Concurrent Clear Claimed Marks
[3793.182s][info][gc,marking     ] GC(939) Concurrent Clear Claimed Marks 0.021ms
[3793.182s][info][gc,marking     ] GC(939) Concurrent Cleanup for Next Mark
[3793.187s][info][gc,marking     ] GC(939) Concurrent Cleanup for Next Mark 4.343ms
[3793.187s][info][gc             ] GC(939) Concurrent Mark Cycle 1135.579ms
..[3794.738s][info][gc,start       ] GC(940) Pause Young (Prepare Mixed) (G1 Evacuation Pause)
[3794.738s][info][gc,task        ] GC(940) Using 6 workers of 6 for evacuation
[3794.856s][info][gc,phases      ] GC(940)   Pre Evacuate Collection Set: 0.32ms
[3794.856s][info][gc,phases      ] GC(940)   Merge Heap Roots: 0.54ms
[3794.856s][info][gc,phases      ] GC(940)   Evacuate Collection Set: 116.04ms
[3794.856s][info][gc,phases      ] GC(940)   Post Evacuate Collection Set: 0.90ms
[3794.856s][info][gc,phases      ] GC(940)   Other: 0.09ms
[3794.856s][info][gc,heap        ] GC(940) Eden regions: 1119->0(1104)
[3794.856s][info][gc,heap        ] GC(940) Survivor regions: 109->111(154)
[3794.856s][info][gc,heap        ] GC(940) Old regions: 506->539
[3794.856s][info][gc,heap        ] GC(940) Humongous regions: 80->80
[3794.856s][info][gc,metaspace   ] GC(940) Metaspace: 28895K(29312K)->28895K(29312K) NonClass: 24026K(24256K)->24026K(24256K) Class: 4868K(5056K)->4868K(5056K)
[3794.856s][info][gc             ] GC(940) Pause Young (Prepare Mixed) (G1 Evacuation Pause) 3626M->1457M(4096M) 118.038ms
[3794.856s][info][gc,cpu         ] GC(940) User=0.70s Sys=0.00s Real=0.12s
..[3797.559s][info][gc,start       ] GC(941) Pause Young (Mixed) (G1 Evacuation Pause)
[3797.559s][info][gc,task        ] GC(941) Using 6 workers of 6 for evacuation
[3797.689s][info][gc,phases      ] GC(941)   Pre Evacuate Collection Set: 0.36ms
[3797.689s][info][gc,phases      ] GC(941)   Merge Heap Roots: 0.72ms
[3797.689s][info][gc,phases      ] GC(941)   Evacuate Collection Set: 128.44ms
[3797.689s][info][gc,phases      ] GC(941)   Post Evacuate Collection Set: 0.93ms
[3797.689s][info][gc,phases      ] GC(941)   Other: 0.08ms
[3797.689s][info][gc,heap        ] GC(941) Eden regions: 1104->0(1121)
[3797.689s][info][gc,heap        ] GC(941) Survivor regions: 111->107(152)
[3797.689s][info][gc,heap        ] GC(941) Old regions: 539->475
[3797.689s][info][gc,heap        ] GC(941) Humongous regions: 80->80
[3797.689s][info][gc,metaspace   ] GC(941) Metaspace: 28895K(29312K)->28895K(29312K) NonClass: 24026K(24256K)->24026K(24256K) Class: 4868K(5056K)->4868K(5056K)
[3797.689s][info][gc             ] GC(941) Pause Young (Mixed) (G1 Evacuation Pause) 3665M->1322M(4096M) 130.688ms
[3797.689s][info][gc,cpu         ] GC(941) User=0.78s Sys=0.00s Real=0.13s
...[3800.335s][info][gc,start       ] GC(942) Pause Young (Concurrent Start) (G1 Evacuation Pause)
[3800.335s][info][gc,task        ] GC(942) Using 6 workers of 6 for evacuation
[3800.456s][info][gc,phases      ] GC(942)   Pre Evacuate Collection Set: 0.36ms
[3800.456s][info][gc,phases      ] GC(942)   Merge Heap Roots: 0.52ms
[3800.456s][info][gc,phases      ] GC(942)   Evacuate Collection Set: 119.23ms
[3800.456s][info][gc,phases      ] GC(942)   Post Evacuate Collection Set: 0.89ms
[3800.456s][info][gc,phases      ] GC(942)   Other: 0.11ms
[3800.456s][info][gc,heap        ] GC(942) Eden regions: 1121->0(1116)
[3800.456s][info][gc,heap        ] GC(942) Survivor regions: 107->112(154)
[3800.456s][info][gc,heap        ] GC(942) Old regions: 475->507
[3800.456s][info][gc,heap        ] GC(942) Humongous regions: 80->80
[3800.456s][info][gc,metaspace   ] GC(942) Metaspace: 28895K(29312K)->28895K(29312K) NonClass: 24026K(24256K)->24026K(24256K) Class: 4868K(5056K)->4868K(5056K)
[3800.456s][info][gc             ] GC(942) Pause Young (Concurrent Start) (G1 Evacuation Pause) 3564M->1397M(4096M) 121.246ms
[3800.456s][info][gc             ] GC(943) Concurrent Mark Cycle
[3800.456s][info][gc,marking     ] GC(943) Concurrent Scan Root Regions
[3800.456s][info][gc,cpu         ] GC(942) User=0.72s Sys=0.00s Real=0.12s
[3800.598s][info][gc,marking     ] GC(943) Concurrent Scan Root Regions 141.715ms
[3800.598s][info][gc,marking     ] GC(943) Concurrent Mark
[3800.598s][info][gc,marking     ] GC(943) Concurrent Mark From Roots
[3800.598s][info][gc,task        ] GC(943) Using 2 workers of 2 for marking
.[3801.299s][info][gc,marking     ] GC(943) Concurrent Mark From Roots 700.564ms
[3801.299s][info][gc,marking     ] GC(943) Concurrent Preclean
[3801.299s][info][gc,marking     ] GC(943) Concurrent Preclean 0.060ms
[3801.299s][info][gc,start       ] GC(943) Pause Remark
[3801.305s][info][gc             ] GC(943) Pause Remark 2124M->2124M(4096M) 6.105ms
[3801.305s][info][gc,cpu         ] GC(943) User=0.03s Sys=0.00s Real=0.00s
[3801.305s][info][gc,marking     ] GC(943) Concurrent Mark 706.958ms
[3801.305s][info][gc,marking     ] GC(943) Concurrent Rebuild Remembered Sets and Scrub Regions
[3801.556s][info][gc,marking     ] GC(943) Concurrent Rebuild Remembered Sets and Scrub Regions 250.520ms
[3801.558s][info][gc,start       ] GC(943) Pause Cleanup
[3801.558s][info][gc             ] GC(943) Pause Cleanup 2323M->2323M(4096M) 0.133ms
[3801.558s][info][gc,cpu         ] GC(943) User=0.00s Sys=0.00s Real=0.00s
[3801.559s][info][gc,marking     ] GC(943) Concurrent Clear Claimed Marks
[3801.559s][info][gc,marking     ] GC(943) Concurrent Clear Claimed Marks 0.028ms
[3801.559s][info][gc,marking     ] GC(943) Concurrent Cleanup for Next Mark
[3801.565s][info][gc,marking     ] GC(943) Concurrent Cleanup for Next Mark 6.729ms
[3801.565s][info][gc             ] GC(943) Concurrent Mark Cycle 1109.003ms
..[3803.161s][info][gc,start       ] GC(944) Pause Young (Prepare Mixed) (G1 Evacuation Pause)
[3803.161s][info][gc,task        ] GC(944) Using 6 workers of 6 for evacuation
[3803.280s][info][gc,phases      ] GC(944)   Pre Evacuate Collection Set: 0.32ms
[3803.280s][info][gc,phases      ] GC(944)   Merge Heap Roots: 0.55ms
[3803.280s][info][gc,phases      ] GC(944)   Evacuate Collection Set: 116.29ms
[3803.280s][info][gc,phases      ] GC(944)   Post Evacuate Collection Set: 0.93ms
[3803.280s][info][gc,phases      ] GC(944)   Other: 0.09ms
[3803.280s][info][gc,heap        ] GC(944) Eden regions: 1116->0(1109)
[3803.280s][info][gc,heap        ] GC(944) Survivor regions: 112->108(154)
[3803.280s][info][gc,heap        ] GC(944) Old regions: 507->540
[3803.280s][info][gc,heap        ] GC(944) Humongous regions: 80->80
[3803.280s][info][gc,metaspace   ] GC(944) Metaspace: 28895K(29312K)->28895K(29312K) NonClass: 24026K(24256K)->24026K(24256K) Class: 4868K(5056K)->4868K(5056K)
[3803.280s][info][gc             ] GC(944) Pause Young (Prepare Mixed) (G1 Evacuation Pause) 3629M->1455M(4096M) 118.313ms
[3803.280s][info][gc,cpu         ] GC(944) User=0.70s Sys=0.00s Real=0.12s
...[3805.976s][info][gc,start       ] GC(945) Pause Young (Mixed) (G1 Evacuation Pause)
[3805.976s][info][gc,task        ] GC(945) Using 6 workers of 6 for evacuation
[3806.109s][info][gc,phases      ] GC(945)   Pre Evacuate Collection Set: 0.34ms
[3806.109s][info][gc,phases      ] GC(945)   Merge Heap Roots: 0.64ms
[3806.109s][info][gc,phases      ] GC(945)   Evacuate Collection Set: 131.00ms
[3806.109s][info][gc,phases      ] GC(945)   Post Evacuate Collection Set: 0.93ms
[3806.109s][info][gc,phases      ] GC(945)   Other: 0.09ms
[3806.109s][info][gc,heap        ] GC(945) Eden regions: 1109->0(1117)
[3806.109s][info][gc,heap        ] GC(945) Survivor regions: 108->111(153)
[3806.109s][info][gc,heap        ] GC(945) Old regions: 540->476
[3806.109s][info][gc,heap        ] GC(945) Humongous regions: 80->80
[3806.109s][info][gc,metaspace   ] GC(945) Metaspace: 28895K(29312K)->28895K(29312K) NonClass: 24026K(24256K)->24026K(24256K) Class: 4868K(5056K)->4868K(5056K)
[3806.109s][info][gc             ] GC(945) Pause Young (Mixed) (G1 Evacuation Pause) 3673M->1331M(4096M) 133.146ms
[3806.109s][info][gc,cpu         ] GC(945) User=0.79s Sys=0.00s Real=0.14s
..[3808.789s][info][gc,start       ] GC(946) Pause Young (Concurrent Start) (G1 Evacuation Pause)
[3808.789s][info][gc,task        ] GC(946) Using 6 workers of 6 for evacuation
[3808.904s][info][gc,phases      ] GC(946)   Pre Evacuate Collection Set: 0.34ms
[3808.904s][info][gc,phases      ] GC(946)   Merge Heap Roots: 0.45ms
[3808.904s][info][gc,phases      ] GC(946)   Evacuate Collection Set: 112.88ms
[3808.904s][info][gc,phases      ] GC(946)   Post Evacuate Collection Set: 0.90ms
[3808.904s][info][gc,phases      ] GC(946)   Other: 0.11ms
[3808.904s][info][gc,heap        ] GC(946) Eden regions: 1117->0(1120)
[3808.904s][info][gc,heap        ] GC(946) Survivor regions: 111->108(154)
[3808.904s][info][gc,heap        ] GC(946) Old regions: 476->508
[3808.904s][info][gc,heap        ] GC(946) Humongous regions: 80->80
[3808.904s][info][gc,metaspace   ] GC(946) Metaspace: 28895K(29312K)->28895K(29312K) NonClass: 24026K(24256K)->24026K(24256K) Class: 4868K(5056K)->4868K(5056K)
[3808.904s][info][gc             ] GC(946) Pause Young (Concurrent Start) (G1 Evacuation Pause) 3565M->1389M(4096M) 114.795ms
[3808.904s][info][gc             ] GC(947) Concurrent Mark Cycle
[3808.904s][info][gc,marking     ] GC(947) Concurrent Scan Root Regions
[3808.904s][info][gc,cpu         ] GC(946) User=0.69s Sys=0.00s Real=0.11s
.[3809.077s][info][gc,marking     ] GC(947) Concurrent Scan Root Regions 172.843ms
[3809.077s][info][gc,marking     ] GC(947) Concurrent Mark
[3809.077s][info][gc,marking     ] GC(947) Concurrent Mark From Roots
[3809.077s][info][gc,task        ] GC(947) Using 2 workers of 2 for marking
.[3810.017s][info][gc,marking     ] GC(947) Concurrent Mark From Roots 940.615ms
[3810.017s][info][gc,marking     ] GC(947) Concurrent Preclean
[3810.017s][info][gc,marking     ] GC(947) Concurrent Preclean 0.086ms
[3810.018s][info][gc,start       ] GC(947) Pause Remark
[3810.024s][info][gc             ] GC(947) Pause Remark 2310M->2310M(4096M) 5.898ms
[3810.024s][info][gc,cpu         ] GC(947) User=0.03s Sys=0.00s Real=0.01s
[3810.025s][info][gc,marking     ] GC(947) Concurrent Mark 947.976ms
[3810.025s][info][gc,marking     ] GC(947) Concurrent Rebuild Remembered Sets and Scrub Regions
[3810.295s][info][gc,marking     ] GC(947) Concurrent Rebuild Remembered Sets and Scrub Regions 269.950ms
[3810.295s][info][gc,start       ] GC(947) Pause Cleanup
[3810.295s][info][gc             ] GC(947) Pause Cleanup 2551M->2551M(4096M) 0.114ms
[3810.295s][info][gc,cpu         ] GC(947) User=0.00s Sys=0.00s Real=0.00s
[3810.295s][info][gc,marking     ] GC(947) Concurrent Clear Claimed Marks
[3810.295s][info][gc,marking     ] GC(947) Concurrent Clear Claimed Marks 0.026ms
[3810.295s][info][gc,marking     ] GC(947) Concurrent Cleanup for Next Mark
[3810.299s][info][gc,marking     ] GC(947) Concurrent Cleanup for Next Mark 4.500ms
[3810.299s][info][gc             ] GC(947) Concurrent Mark Cycle 1395.810ms
.[3811.611s][info][gc,start       ] GC(948) Pause Young (Prepare Mixed) (G1 Evacuation Pause)
[3811.611s][info][gc,task        ] GC(948) Using 6 workers of 6 for evacuation
[3811.727s][info][gc,phases      ] GC(948)   Pre Evacuate Collection Set: 0.30ms
[3811.727s][info][gc,phases      ] GC(948)   Merge Heap Roots: 0.54ms
[3811.727s][info][gc,phases      ] GC(948)   Evacuate Collection Set: 113.76ms
[3811.727s][info][gc,phases      ] GC(948)   Post Evacuate Collection Set: 0.93ms
[3811.727s][info][gc,phases      ] GC(948)   Other: 0.07ms
[3811.727s][info][gc,heap        ] GC(948) Eden regions: 1120->0(1111)
[3811.727s][info][gc,heap        ] GC(948) Survivor regions: 108->107(154)
[3811.727s][info][gc,heap        ] GC(948) Old regions: 508->540
[3811.727s][info][gc,heap        ] GC(948) Humongous regions: 80->80
[3811.727s][info][gc,metaspace   ] GC(948) Metaspace: 28895K(29312K)->28895K(29312K) NonClass: 24026K(24256K)->24026K(24256K) Class: 4868K(5056K)->4868K(5056K)
[3811.727s][info][gc             ] GC(948) Pause Young (Prepare Mixed) (G1 Evacuation Pause) 3629M->1452M(4096M) 115.754ms
[3811.727s][info][gc,cpu         ] GC(948) User=0.69s Sys=0.00s Real=0.11s
...[3814.450s][info][gc,start       ] GC(949) Pause Young (Mixed) (G1 Evacuation Pause)
[3814.450s][info][gc,task        ] GC(949) Using 6 workers of 6 for evacuation
[3814.591s][info][gc,phases      ] GC(949)   Pre Evacuate Collection Set: 0.34ms
[3814.591s][info][gc,phases      ] GC(949)   Merge Heap Roots: 0.78ms
[3814.591s][info][gc,phases      ] GC(949)   Evacuate Collection Set: 138.59ms
[3814.591s][info][gc,phases      ] GC(949)   Post Evacuate Collection Set: 0.94ms
[3814.591s][info][gc,phases      ] GC(949)   Other: 0.09ms
[3814.591s][info][gc,heap        ] GC(949) Eden regions: 1111->0(1115)
[3814.591s][info][gc,heap        ] GC(949) Survivor regions: 107->113(153)
[3814.591s][info][gc,heap        ] GC(949) Old regions: 540->475
[3814.591s][info][gc,heap        ] GC(949) Humongous regions: 80->80
[3814.591s][info][gc,metaspace   ] GC(949) Metaspace: 28895K(29312K)->28895K(29312K) NonClass: 24026K(24256K)->24026K(24256K) Class: 4868K(5056K)->4868K(5056K)
[3814.591s][info][gc             ] GC(949) Pause Young (Mixed) (G1 Evacuation Pause) 3674M->1334M(4096M) 140.886ms
[3814.591s][info][gc,cpu         ] GC(949) User=0.84s Sys=0.00s Real=0.14s
...[3817.260s][info][gc,start       ] GC(950) Pause Young (Concurrent Start) (G1 Evacuation Pause)
[3817.260s][info][gc,task        ] GC(950) Using 6 workers of 6 for evacuation
[3817.380s][info][gc,phases      ] GC(950)   Pre Evacuate Collection Set: 0.34ms
[3817.380s][info][gc,phases      ] GC(950)   Merge Heap Roots: 0.49ms
[3817.380s][info][gc,phases      ] GC(950)   Evacuate Collection Set: 118.81ms
[3817.380s][info][gc,phases      ] GC(950)   Post Evacuate Collection Set: 0.86ms
[3817.380s][info][gc,phases      ] GC(950)   Other: 0.10ms
[3817.380s][info][gc,heap        ] GC(950) Eden regions: 1115->0(1117)
[3817.380s][info][gc,heap        ] GC(950) Survivor regions: 113->111(154)
[3817.380s][info][gc,heap        ] GC(950) Old regions: 475->507
[3817.380s][info][gc,heap        ] GC(950) Humongous regions: 80->80
[3817.380s][info][gc,metaspace   ] GC(950) Metaspace: 28895K(29312K)->28895K(29312K) NonClass: 24026K(24256K)->24026K(24256K) Class: 4868K(5056K)->4868K(5056K)
[3817.380s][info][gc             ] GC(950) Pause Young (Concurrent Start) (G1 Evacuation Pause) 3564M->1395M(4096M) 120.738ms
[3817.380s][info][gc             ] GC(951) Concurrent Mark Cycle
[3817.381s][info][gc,marking     ] GC(951) Concurrent Scan Root Regions
[3817.381s][info][gc,cpu         ] GC(950) User=0.72s Sys=0.00s Real=0.12s
[3817.561s][info][gc,marking     ] GC(951) Concurrent Scan Root Regions 180.180ms
[3817.561s][info][gc,marking     ] GC(951) Concurrent Mark
[3817.561s][info][gc,marking     ] GC(951) Concurrent Mark From Roots
[3817.561s][info][gc,task        ] GC(951) Using 2 workers of 2 for marking
.[3818.300s][info][gc,marking     ] GC(951) Concurrent Mark From Roots 739.039ms
[3818.300s][info][gc,marking     ] GC(951) Concurrent Preclean
[3818.300s][info][gc,marking     ] GC(951) Concurrent Preclean 0.092ms
[3818.300s][info][gc,start       ] GC(951) Pause Remark
[3818.306s][info][gc             ] GC(951) Pause Remark 2195M->2195M(4096M) 5.318ms
[3818.306s][info][gc,cpu         ] GC(951) User=0.03s Sys=0.00s Real=0.00s
[3818.306s][info][gc,marking     ] GC(951) Concurrent Mark 745.378ms
[3818.306s][info][gc,marking     ] GC(951) Concurrent Rebuild Remembered Sets and Scrub Regions
[3818.560s][info][gc,marking     ] GC(951) Concurrent Rebuild Remembered Sets and Scrub Regions 253.855ms
[3818.561s][info][gc,start       ] GC(951) Pause Cleanup
[3818.561s][info][gc             ] GC(951) Pause Cleanup 2401M->2401M(4096M) 0.124ms
[3818.561s][info][gc,cpu         ] GC(951) User=0.00s Sys=0.00s Real=0.00s
[3818.561s][info][gc,marking     ] GC(951) Concurrent Clear Claimed Marks
[3818.561s][info][gc,marking     ] GC(951) Concurrent Clear Claimed Marks 0.033ms
[3818.561s][info][gc,marking     ] GC(951) Concurrent Cleanup for Next Mark
[3818.566s][info][gc,marking     ] GC(951) Concurrent Cleanup for Next Mark 5.101ms
[3818.566s][info][gc             ] GC(951) Concurrent Mark Cycle 1185.795ms
..[3820.138s][info][gc,start       ] GC(952) Pause Young (Prepare Mixed) (G1 Evacuation Pause)
[3820.138s][info][gc,task        ] GC(952) Using 6 workers of 6 for evacuation
[3820.255s][info][gc,phases      ] GC(952)   Pre Evacuate Collection Set: 0.31ms
[3820.255s][info][gc,phases      ] GC(952)   Merge Heap Roots: 0.61ms
[3820.255s][info][gc,phases      ] GC(952)   Evacuate Collection Set: 115.55ms
[3820.255s][info][gc,phases      ] GC(952)   Post Evacuate Collection Set: 0.91ms
[3820.255s][info][gc,phases      ] GC(952)   Other: 0.09ms
[3820.255s][info][gc,heap        ] GC(952) Eden regions: 1117->0(1106)
[3820.255s][info][gc,heap        ] GC(952) Survivor regions: 111->110(154)
[3820.255s][info][gc,heap        ] GC(952) Old regions: 507->539
[3820.255s][info][gc,heap        ] GC(952) Humongous regions: 80->80
[3820.255s][info][gc,metaspace   ] GC(952) Metaspace: 28895K(29312K)->28895K(29312K) NonClass: 24026K(24256K)->24026K(24256K) Class: 4868K(5056K)->4868K(5056K)
[3820.255s][info][gc             ] GC(952) Pause Young (Prepare Mixed) (G1 Evacuation Pause) 3629M->1455M(4096M) 117.594ms
[3820.255s][info][gc,cpu         ] GC(952) User=0.70s Sys=0.00s Real=0.12s
..[3822.910s][info][gc,start       ] GC(953) Pause Young (Mixed) (G1 Evacuation Pause)
[3822.910s][info][gc,task        ] GC(953) Using 6 workers of 6 for evacuation
[3823.042s][info][gc,phases      ] GC(953)   Pre Evacuate Collection Set: 0.36ms
[3823.042s][info][gc,phases      ] GC(953)   Merge Heap Roots: 0.68ms
[3823.042s][info][gc,phases      ] GC(953)   Evacuate Collection Set: 129.39ms
[3823.042s][info][gc,phases      ] GC(953)   Post Evacuate Collection Set: 0.94ms
[3823.042s][info][gc,phases      ] GC(953)   Other: 0.09ms
[3823.042s][info][gc,heap        ] GC(953) Eden regions: 1106->0(1119)
[3823.042s][info][gc,heap        ] GC(953) Survivor regions: 110->109(152)
[3823.042s][info][gc,heap        ] GC(953) Old regions: 539->475
[3823.042s][info][gc,heap        ] GC(953) Humongous regions: 80->80
[3823.042s][info][gc,metaspace   ] GC(953) Metaspace: 28895K(29312K)->28895K(29312K) NonClass: 24026K(24256K)->24026K(24256K) Class: 4868K(5056K)->4868K(5056K)
[3823.042s][info][gc             ] GC(953) Pause Young (Mixed) (G1 Evacuation Pause) 3667M->1327M(4096M) 131.584ms
[3823.042s][info][gc,cpu         ] GC(953) User=0.78s Sys=0.00s Real=0.13s
...[3825.763s][info][gc,start       ] GC(954) Pause Young (Concurrent Start) (G1 Evacuation Pause)
[3825.763s][info][gc,task        ] GC(954) Using 6 workers of 6 for evacuation
[3825.883s][info][gc,phases      ] GC(954)   Pre Evacuate Collection Set: 0.37ms
[3825.883s][info][gc,phases      ] GC(954)   Merge Heap Roots: 0.51ms
[3825.883s][info][gc,phases      ] GC(954)   Evacuate Collection Set: 118.24ms
[3825.883s][info][gc,phases      ] GC(954)   Post Evacuate Collection Set: 0.94ms
[3825.883s][info][gc,phases      ] GC(954)   Other: 0.12ms
[3825.883s][info][gc,heap        ] GC(954) Eden regions: 1119->0(1116)
[3825.883s][info][gc,heap        ] GC(954) Survivor regions: 109->112(154)
[3825.883s][info][gc,heap        ] GC(954) Old regions: 475->508
[3825.883s][info][gc,heap        ] GC(954) Humongous regions: 80->80
[3825.883s][info][gc,metaspace   ] GC(954) Metaspace: 28895K(29312K)->28895K(29312K) NonClass: 24026K(24256K)->24026K(24256K) Class: 4868K(5056K)->4868K(5056K)
[3825.883s][info][gc             ] GC(954) Pause Young (Concurrent Start) (G1 Evacuation Pause) 3565M->1397M(4096M) 120.329ms
[3825.883s][info][gc             ] GC(955) Concurrent Mark Cycle
[3825.883s][info][gc,marking     ] GC(955) Concurrent Scan Root Regions
[3825.883s][info][gc,cpu         ] GC(954) User=0.72s Sys=0.00s Real=0.12s
[3826.024s][info][gc,marking     ] GC(955) Concurrent Scan Root Regions 141.358ms
[3826.024s][info][gc,marking     ] GC(955) Concurrent Mark
[3826.024s][info][gc,marking     ] GC(955) Concurrent Mark From Roots
[3826.024s][info][gc,task        ] GC(955) Using 2 workers of 2 for marking
.[3826.723s][info][gc,marking     ] GC(955) Concurrent Mark From Roots 698.548ms
[3826.723s][info][gc,marking     ] GC(955) Concurrent Preclean
[3826.723s][info][gc,marking     ] GC(955) Concurrent Preclean 0.070ms
[3826.723s][info][gc,start       ] GC(955) Pause Remark
[3826.728s][info][gc             ] GC(955) Pause Remark 2124M->2124M(4096M) 4.545ms
[3826.728s][info][gc,cpu         ] GC(955) User=0.03s Sys=0.00s Real=0.00s
[3826.730s][info][gc,marking     ] GC(955) Concurrent Mark 706.037ms
[3826.730s][info][gc,marking     ] GC(955) Concurrent Rebuild Remembered Sets and Scrub Regions
[3827.005s][info][gc,marking     ] GC(955) Concurrent Rebuild Remembered Sets and Scrub Regions 274.901ms
[3827.006s][info][gc,start       ] GC(955) Pause Cleanup
[3827.006s][info][gc             ] GC(955) Pause Cleanup 2388M->2388M(4096M) 0.111ms
[3827.006s][info][gc,cpu         ] GC(955) User=0.00s Sys=0.00s Real=0.00s
[3827.008s][info][gc,marking     ] GC(955) Concurrent Clear Claimed Marks
[3827.008s][info][gc,marking     ] GC(955) Concurrent Clear Claimed Marks 0.049ms
[3827.008s][info][gc,marking     ] GC(955) Concurrent Cleanup for Next Mark
[3827.013s][info][gc,marking     ] GC(955) Concurrent Cleanup for Next Mark 4.653ms
[3827.013s][info][gc             ] GC(955) Concurrent Mark Cycle 1129.634ms
..[3828.497s][info][gc,start       ] GC(956) Pause Young (Prepare Mixed) (G1 Evacuation Pause)
[3828.497s][info][gc,task        ] GC(956) Using 6 workers of 6 for evacuation
[3828.612s][info][gc,phases      ] GC(956)   Pre Evacuate Collection Set: 0.34ms
[3828.612s][info][gc,phases      ] GC(956)   Merge Heap Roots: 0.53ms
[3828.612s][info][gc,phases      ] GC(956)   Evacuate Collection Set: 112.76ms
[3828.612s][info][gc,phases      ] GC(956)   Post Evacuate Collection Set: 0.94ms
[3828.612s][info][gc,phases      ] GC(956)   Other: 0.09ms
[3828.612s][info][gc,heap        ] GC(956) Eden regions: 1116->0(1112)
[3828.612s][info][gc,heap        ] GC(956) Survivor regions: 112->107(154)
[3828.612s][info][gc,heap        ] GC(956) Old regions: 508->539
[3828.612s][info][gc,heap        ] GC(956) Humongous regions: 80->80
[3828.612s][info][gc,metaspace   ] GC(956) Metaspace: 28895K(29312K)->28895K(29312K) NonClass: 24026K(24256K)->24026K(24256K) Class: 4868K(5056K)->4868K(5056K)
[3828.612s][info][gc             ] GC(956) Pause Young (Prepare Mixed) (G1 Evacuation Pause) 3629M->1449M(4096M) 114.794ms
[3828.612s][info][gc,cpu         ] GC(956) User=0.68s Sys=0.00s Real=0.12s
...[3831.328s][info][gc,start       ] GC(957) Pause Young (Mixed) (G1 Evacuation Pause)
[3831.328s][info][gc,task        ] GC(957) Using 6 workers of 6 for evacuation
[3831.463s][info][gc,phases      ] GC(957)   Pre Evacuate Collection Set: 0.37ms
[3831.463s][info][gc,phases      ] GC(957)   Merge Heap Roots: 0.74ms
[3831.463s][info][gc,phases      ] GC(957)   Evacuate Collection Set: 132.95ms
[3831.463s][info][gc,phases      ] GC(957)   Post Evacuate Collection Set: 0.96ms
[3831.463s][info][gc,phases      ] GC(957)   Other: 0.09ms
[3831.463s][info][gc,heap        ] GC(957) Eden regions: 1112->0(1118)
[3831.463s][info][gc,heap        ] GC(957) Survivor regions: 107->110(153)
[3831.463s][info][gc,heap        ] GC(957) Old regions: 539->474
[3831.463s][info][gc,heap        ] GC(957) Humongous regions: 80->80
[3831.463s][info][gc,metaspace   ] GC(957) Metaspace: 28895K(29312K)->28895K(29312K) NonClass: 24026K(24256K)->24026K(24256K) Class: 4868K(5056K)->4868K(5056K)
[3831.463s][info][gc             ] GC(957) Pause Young (Mixed) (G1 Evacuation Pause) 3673M->1326M(4096M) 135.247ms
[3831.463s][info][gc,cpu         ] GC(957) User=0.80s Sys=0.00s Real=0.14s
..[3834.172s][info][gc,start       ] GC(958) Pause Young (Concurrent Start) (G1 Evacuation Pause)
[3834.172s][info][gc,task        ] GC(958) Using 6 workers of 6 for evacuation
[3834.290s][info][gc,phases      ] GC(958)   Pre Evacuate Collection Set: 0.37ms
[3834.290s][info][gc,phases      ] GC(958)   Merge Heap Roots: 0.46ms
[3834.290s][info][gc,phases      ] GC(958)   Evacuate Collection Set: 116.30ms
[3834.290s][info][gc,phases      ] GC(958)   Post Evacuate Collection Set: 0.87ms
[3834.290s][info][gc,phases      ] GC(958)   Other: 0.12ms
[3834.290s][info][gc,heap        ] GC(958) Eden regions: 1118->0(1117)
[3834.290s][info][gc,heap        ] GC(958) Survivor regions: 110->111(154)
[3834.290s][info][gc,heap        ] GC(958) Old regions: 474->506
[3834.290s][info][gc,heap        ] GC(958) Humongous regions: 80->80
[3834.291s][info][gc,metaspace   ] GC(958) Metaspace: 28895K(29312K)->28895K(29312K) NonClass: 24026K(24256K)->24026K(24256K) Class: 4868K(5056K)->4868K(5056K)
[3834.291s][info][gc             ] GC(958) Pause Young (Concurrent Start) (G1 Evacuation Pause) 3562M->1391M(4096M) 118.257ms
[3834.291s][info][gc             ] GC(959) Concurrent Mark Cycle
[3834.291s][info][gc,marking     ] GC(959) Concurrent Scan Root Regions
[3834.291s][info][gc,cpu         ] GC(958) User=0.70s Sys=0.01s Real=0.12s
.[3834.467s][info][gc,marking     ] GC(959) Concurrent Scan Root Regions 176.036ms
[3834.467s][info][gc,marking     ] GC(959) Concurrent Mark
[3834.467s][info][gc,marking     ] GC(959) Concurrent Mark From Roots
[3834.467s][info][gc,task        ] GC(959) Using 2 workers of 2 for marking
[3835.333s][info][gc,marking     ] GC(959) Concurrent Mark From Roots 866.225ms
[3835.333s][info][gc,marking     ] GC(959) Concurrent Preclean
[3835.333s][info][gc,marking     ] GC(959) Concurrent Preclean 0.087ms
[3835.333s][info][gc,start       ] GC(959) Pause Remark
[3835.339s][info][gc             ] GC(959) Pause Remark 2269M->2269M(4096M) 5.808ms
[3835.339s][info][gc,cpu         ] GC(959) User=0.03s Sys=0.00s Real=0.01s
[3835.340s][info][gc,marking     ] GC(959) Concurrent Mark 872.890ms
[3835.340s][info][gc,marking     ] GC(959) Concurrent Rebuild Remembered Sets and Scrub Regions
.[3835.722s][info][gc,marking     ] GC(959) Concurrent Rebuild Remembered Sets and Scrub Regions 382.737ms
[3835.722s][info][gc,start       ] GC(959) Pause Cleanup
[3835.723s][info][gc             ] GC(959) Pause Cleanup 2622M->2622M(4096M) 0.113ms
[3835.723s][info][gc,cpu         ] GC(959) User=0.00s Sys=0.00s Real=0.00s
[3835.723s][info][gc,marking     ] GC(959) Concurrent Clear Claimed Marks
[3835.723s][info][gc,marking     ] GC(959) Concurrent Clear Claimed Marks 0.029ms
[3835.723s][info][gc,marking     ] GC(959) Concurrent Cleanup for Next Mark
[3835.726s][info][gc,marking     ] GC(959) Concurrent Cleanup for Next Mark 3.299ms
[3835.726s][info][gc             ] GC(959) Concurrent Mark Cycle 1435.462ms
.[3837.018s][info][gc,start       ] GC(960) Pause Young (Prepare Mixed) (G1 Evacuation Pause)
[3837.018s][info][gc,task        ] GC(960) Using 6 workers of 6 for evacuation
[3837.136s][info][gc,phases      ] GC(960)   Pre Evacuate Collection Set: 0.36ms
[3837.136s][info][gc,phases      ] GC(960)   Merge Heap Roots: 0.54ms
[3837.136s][info][gc,phases      ] GC(960)   Evacuate Collection Set: 116.20ms
[3837.136s][info][gc,phases      ] GC(960)   Post Evacuate Collection Set: 0.88ms
[3837.136s][info][gc,phases      ] GC(960)   Other: 0.08ms
[3837.136s][info][gc,heap        ] GC(960) Eden regions: 1117->0(1106)
[3837.136s][info][gc,heap        ] GC(960) Survivor regions: 111->111(154)
[3837.136s][info][gc,heap        ] GC(960) Old regions: 506->537
[3837.136s][info][gc,heap        ] GC(960) Humongous regions: 80->80
[3837.136s][info][gc,metaspace   ] GC(960) Metaspace: 28895K(29312K)->28895K(29312K) NonClass: 24026K(24256K)->24026K(24256K) Class: 4868K(5056K)->4868K(5056K)
[3837.136s][info][gc             ] GC(960) Pause Young (Prepare Mixed) (G1 Evacuation Pause) 3625M->1454M(4096M) 118.192ms
[3837.136s][info][gc,cpu         ] GC(960) User=0.70s Sys=0.00s Real=0.12s
. (rIR:aIR:PR = 6642:6648:6648) (tPR = 98328) [OK] 
  3837s: Performance info:
         Transaction,    Success,    Partial,     Failed,   Receipts, AvgBarcode, 
             Overall,     399224,          0,          0,     379285,      59.47, 
         Response times:
             Request,    Success,    Partial,     Failed,   SkipFail,     Probes,    Samples,      min,      p50,      p90,      p95,      p99,      max, 
       TotalPurchase,     379302,          0,          0,          0,     357296,     465799,      200,     5600,    32000,    56000,   107000,   264000,
     InStorePurchase,     199829,          0,          0,          0,     187852,     244756,      200,     5600,    32000,    56000,   107000,   248000,
      OnlinePurchase,     139564,          0,          0,          0,     131885,     171673,      300,     5500,    33000,    56000,   106000,   264000,
        InstPurchase,      39909,          0,          0,          0,      37559,      49370,      400,     5900,    32000,    57000,   108000,   236000,
          AssocOfCat,        400,          0,          0,          0,        330,        529,    21000,    36000,    80000,   113000,   167000,   236000,
      AssocOfProduct,       3989,          0,          0,          0,       3712,       5053,      500,     6600,    38000,    61000,   105000,   213000,
      BusinessReport,        999,          0,          0,          0,        887,       1311,    28000,    46000,   100800,   131000,   198880,   268000,
          CustBuyBeh,       4000,          0,          0,          0,       3725,       5077,      500,     6600,    39000,    62000,   114660,   213000,
       ProductReturn,      10552,          0,          0,          0,      10113,      13493,      200,     5200,    33000,    58000,   107000,   258000,

  3837s: (49%)   IR =   6780 ..[3839.723s][info][gc,start       ] GC(961) Pause Young (Mixed) (G1 Evacuation Pause)
[3839.723s][info][gc,task        ] GC(961) Using 6 workers of 6 for evacuation
[3839.857s][info][gc,phases      ] GC(961)   Pre Evacuate Collection Set: 0.37ms
[3839.857s][info][gc,phases      ] GC(961)   Merge Heap Roots: 0.70ms
[3839.857s][info][gc,phases      ] GC(961)   Evacuate Collection Set: 132.49ms
[3839.857s][info][gc,phases      ] GC(961)   Post Evacuate Collection Set: 0.99ms
[3839.857s][info][gc,phases      ] GC(961)   Other: 0.09ms
[3839.857s][info][gc,heap        ] GC(961) Eden regions: 1106->0(1118)
[3839.857s][info][gc,heap        ] GC(961) Survivor regions: 111->110(153)
[3839.857s][info][gc,heap        ] GC(961) Old regions: 537->474
[3839.857s][info][gc,heap        ] GC(961) Humongous regions: 80->80
[3839.857s][info][gc,metaspace   ] GC(961) Metaspace: 28895K(29312K)->28895K(29312K) NonClass: 24026K(24256K)->24026K(24256K) Class: 4868K(5056K)->4868K(5056K)
[3839.857s][info][gc             ] GC(961) Pause Young (Mixed) (G1 Evacuation Pause) 3666M->1326M(4096M) 134.769ms
[3839.857s][info][gc,cpu         ] GC(961) User=0.81s Sys=0.00s Real=0.13s
..|[3842.471s][info][gc,start       ] GC(962) Pause Young (Concurrent Start) (G1 Evacuation Pause)
[3842.472s][info][gc,task        ] GC(962) Using 6 workers of 6 for evacuation
[3842.585s][info][gc,phases      ] GC(962)   Pre Evacuate Collection Set: 0.35ms
[3842.585s][info][gc,phases      ] GC(962)   Merge Heap Roots: 0.44ms
[3842.585s][info][gc,phases      ] GC(962)   Evacuate Collection Set: 111.28ms
[3842.585s][info][gc,phases      ] GC(962)   Post Evacuate Collection Set: 0.86ms
[3842.585s][info][gc,phases      ] GC(962)   Other: 0.12ms
[3842.585s][info][gc,heap        ] GC(962) Eden regions: 1118->0(1122)
[3842.585s][info][gc,heap        ] GC(962) Survivor regions: 110->106(154)
[3842.585s][info][gc,heap        ] GC(962) Old regions: 474->506
[3842.585s][info][gc,heap        ] GC(962) Humongous regions: 80->80
[3842.585s][info][gc,metaspace   ] GC(962) Metaspace: 28895K(29312K)->28895K(29312K) NonClass: 24026K(24256K)->24026K(24256K) Class: 4868K(5056K)->4868K(5056K)
[3842.585s][info][gc             ] GC(962) Pause Young (Concurrent Start) (G1 Evacuation Pause) 3562M->1382M(4096M) 113.192ms
[3842.585s][info][gc             ] GC(963) Concurrent Mark Cycle
[3842.585s][info][gc,marking     ] GC(963) Concurrent Scan Root Regions
[3842.585s][info][gc,cpu         ] GC(962) User=0.67s Sys=0.00s Real=0.11s
.[3842.755s][info][gc,marking     ] GC(963) Concurrent Scan Root Regions 170.601ms
[3842.755s][info][gc,marking     ] GC(963) Concurrent Mark
[3842.755s][info][gc,marking     ] GC(963) Concurrent Mark From Roots
[3842.755s][info][gc,task        ] GC(963) Using 2 workers of 2 for marking
[3843.554s][info][gc,marking     ] GC(963) Concurrent Mark From Roots 798.734ms
[3843.554s][info][gc,marking     ] GC(963) Concurrent Preclean
[3843.554s][info][gc,marking     ] GC(963) Concurrent Preclean 0.083ms
[3843.554s][info][gc,start       ] GC(963) Pause Remark
[3843.560s][info][gc             ] GC(963) Pause Remark 2140M->2140M(4096M) 5.746ms
[3843.560s][info][gc,cpu         ] GC(963) User=0.03s Sys=0.00s Real=0.01s
[3843.560s][info][gc,marking     ] GC(963) Concurrent Mark 804.828ms
[3843.560s][info][gc,marking     ] GC(963) Concurrent Rebuild Remembered Sets and Scrub Regions
.[3843.773s][info][gc,marking     ] GC(963) Concurrent Rebuild Remembered Sets and Scrub Regions 212.417ms
[3843.775s][info][gc,start       ] GC(963) Pause Cleanup
[3843.775s][info][gc             ] GC(963) Pause Cleanup 2306M->2306M(4096M) 0.141ms
[3843.775s][info][gc,cpu         ] GC(963) User=0.00s Sys=0.00s Real=0.00s
[3843.775s][info][gc,marking     ] GC(963) Concurrent Clear Claimed Marks
[3843.775s][info][gc,marking     ] GC(963) Concurrent Clear Claimed Marks 0.035ms
[3843.775s][info][gc,marking     ] GC(963) Concurrent Cleanup for Next Mark
[3843.780s][info][gc,marking     ] GC(963) Concurrent Cleanup for Next Mark 4.649ms
[3843.780s][info][gc             ] GC(963) Concurrent Mark Cycle 1195.300ms
.[3845.330s][info][gc,start       ] GC(964) Pause Young (Prepare Mixed) (G1 Evacuation Pause)
[3845.330s][info][gc,task        ] GC(964) Using 6 workers of 6 for evacuation
[3845.454s][info][gc,phases      ] GC(964)   Pre Evacuate Collection Set: 0.31ms
[3845.454s][info][gc,phases      ] GC(964)   Merge Heap Roots: 0.51ms
[3845.454s][info][gc,phases      ] GC(964)   Evacuate Collection Set: 121.96ms
[3845.454s][info][gc,phases      ] GC(964)   Post Evacuate Collection Set: 0.91ms
[3845.454s][info][gc,phases      ] GC(964)   Other: 0.09ms
[3845.454s][info][gc,heap        ] GC(964) Eden regions: 1122->0(1096)
[3845.454s][info][gc,heap        ] GC(964) Survivor regions: 106->116(154)
[3845.454s][info][gc,heap        ] GC(964) Old regions: 506->537
[3845.454s][info][gc,heap        ] GC(964) Humongous regions: 80->80
[3845.454s][info][gc,metaspace   ] GC(964) Metaspace: 28895K(29312K)->28895K(29312K) NonClass: 24026K(24256K)->24026K(24256K) Class: 4868K(5056K)->4868K(5056K)
[3845.454s][info][gc             ] GC(964) Pause Young (Prepare Mixed) (G1 Evacuation Pause) 3626M->1465M(4096M) 123.903ms
[3845.454s][info][gc,cpu         ] GC(964) User=0.74s Sys=0.00s Real=0.12s
...[3848.011s][info][gc,start       ] GC(965) Pause Young (Mixed) (G1 Evacuation Pause)
[3848.011s][info][gc,task        ] GC(965) Using 6 workers of 6 for evacuation
[3848.143s][info][gc,phases      ] GC(965)   Pre Evacuate Collection Set: 0.37ms
[3848.143s][info][gc,phases      ] GC(965)   Merge Heap Roots: 0.69ms
[3848.143s][info][gc,phases      ] GC(965)   Evacuate Collection Set: 129.78ms
[3848.143s][info][gc,phases      ] GC(965)   Post Evacuate Collection Set: 0.92ms
[3848.143s][info][gc,phases      ] GC(965)   Other: 0.09ms
[3848.143s][info][gc,heap        ] GC(965) Eden regions: 1096->0(1119)
[3848.143s][info][gc,heap        ] GC(965) Survivor regions: 116->109(152)
[3848.143s][info][gc,heap        ] GC(965) Old regions: 537->474
[3848.143s][info][gc,heap        ] GC(965) Humongous regions: 80->80
[3848.143s][info][gc,metaspace   ] GC(965) Metaspace: 28895K(29312K)->28895K(29312K) NonClass: 24026K(24256K)->24026K(24256K) Class: 4868K(5056K)->4868K(5056K)
[3848.143s][info][gc             ] GC(965) Pause Young (Mixed) (G1 Evacuation Pause) 3657M->1324M(4096M) 131.977ms
[3848.143s][info][gc,cpu         ] GC(965) User=0.78s Sys=0.00s Real=0.13s
...[3850.770s][info][gc,start       ] GC(966) Pause Young (Concurrent Start) (G1 Evacuation Pause)
[3850.770s][info][gc,task        ] GC(966) Using 6 workers of 6 for evacuation
[3850.889s][info][gc,phases      ] GC(966)   Pre Evacuate Collection Set: 0.39ms
[3850.889s][info][gc,phases      ] GC(966)   Merge Heap Roots: 0.52ms
[3850.889s][info][gc,phases      ] GC(966)   Evacuate Collection Set: 117.38ms
[3850.889s][info][gc,phases      ] GC(966)   Post Evacuate Collection Set: 0.88ms
[3850.889s][info][gc,phases      ] GC(966)   Other: 0.11ms
[3850.889s][info][gc,heap        ] GC(966) Eden regions: 1119->0(1119)
[3850.889s][info][gc,heap        ] GC(966) Survivor regions: 109->109(154)
[3850.889s][info][gc,heap        ] GC(966) Old regions: 474->507
[3850.889s][info][gc,heap        ] GC(966) Humongous regions: 80->80
[3850.889s][info][gc,metaspace   ] GC(966) Metaspace: 28895K(29312K)->28895K(29312K) NonClass: 24026K(24256K)->24026K(24256K) Class: 4868K(5056K)->4868K(5056K)
[3850.889s][info][gc             ] GC(966) Pause Young (Concurrent Start) (G1 Evacuation Pause) 3562M->1390M(4096M) 119.415ms
[3850.889s][info][gc             ] GC(967) Concurrent Mark Cycle
[3850.889s][info][gc,marking     ] GC(967) Concurrent Scan Root Regions
[3850.889s][info][gc,cpu         ] GC(966) User=0.71s Sys=0.00s Real=0.12s
[3851.024s][info][gc,marking     ] GC(967) Concurrent Scan Root Regions 134.518ms
[3851.024s][info][gc,marking     ] GC(967) Concurrent Mark
[3851.024s][info][gc,marking     ] GC(967) Concurrent Mark From Roots
[3851.024s][info][gc,task        ] GC(967) Using 2 workers of 2 for marking
.[3851.735s][info][gc,marking     ] GC(967) Concurrent Mark From Roots 711.466ms
[3851.735s][info][gc,marking     ] GC(967) Concurrent Preclean
[3851.735s][info][gc,marking     ] GC(967) Concurrent Preclean 0.089ms
[3851.736s][info][gc,start       ] GC(967) Pause Remark
[3851.740s][info][gc             ] GC(967) Pause Remark 2121M->2121M(4096M) 3.992ms
[3851.740s][info][gc,cpu         ] GC(967) User=0.02s Sys=0.00s Real=0.01s
[3851.740s][info][gc,marking     ] GC(967) Concurrent Mark 716.639ms
[3851.740s][info][gc,marking     ] GC(967) Concurrent Rebuild Remembered Sets and Scrub Regions
[3851.991s][info][gc,marking     ] GC(967) Concurrent Rebuild Remembered Sets and Scrub Regions 250.972ms
[3851.991s][info][gc,start       ] GC(967) Pause Cleanup
[3851.992s][info][gc             ] GC(967) Pause Cleanup 2319M->2319M(4096M) 0.101ms
[3851.992s][info][gc,cpu         ] GC(967) User=0.00s Sys=0.00s Real=0.00s
[3851.992s][info][gc,marking     ] GC(967) Concurrent Clear Claimed Marks
[3851.992s][info][gc,marking     ] GC(967) Concurrent Clear Claimed Marks 0.029ms
[3851.992s][info][gc,marking     ] GC(967) Concurrent Cleanup for Next Mark
[3851.997s][info][gc,marking     ] GC(967) Concurrent Cleanup for Next Mark 4.523ms
[3851.997s][info][gc             ] GC(967) Concurrent Mark Cycle 1107.944ms
.[3853.596s][info][gc,start       ] GC(968) Pause Young (Prepare Mixed) (G1 Evacuation Pause)
[3853.596s][info][gc,task        ] GC(968) Using 6 workers of 6 for evacuation
[3853.715s][info][gc,phases      ] GC(968)   Pre Evacuate Collection Set: 0.34ms
[3853.715s][info][gc,phases      ] GC(968)   Merge Heap Roots: 0.60ms
[3853.715s][info][gc,phases      ] GC(968)   Evacuate Collection Set: 117.90ms
[3853.715s][info][gc,phases      ] GC(968)   Post Evacuate Collection Set: 0.87ms
[3853.715s][info][gc,phases      ] GC(968)   Other: 0.09ms
[3853.715s][info][gc,heap        ] GC(968) Eden regions: 1119->0(1103)
[3853.715s][info][gc,heap        ] GC(968) Survivor regions: 109->112(154)
[3853.715s][info][gc,heap        ] GC(968) Old regions: 507->538
[3853.715s][info][gc,heap        ] GC(968) Humongous regions: 80->80
[3853.715s][info][gc,metaspace   ] GC(968) Metaspace: 28895K(29312K)->28895K(29312K) NonClass: 24026K(24256K)->24026K(24256K) Class: 4868K(5056K)->4868K(5056K)
[3853.716s][info][gc             ] GC(968) Pause Young (Prepare Mixed) (G1 Evacuation Pause) 3628M->1459M(4096M) 119.958ms
[3853.716s][info][gc,cpu         ] GC(968) User=0.71s Sys=0.00s Real=0.12s
...[3856.316s][info][gc,start       ] GC(969) Pause Young (Mixed) (G1 Evacuation Pause)
[3856.316s][info][gc,task        ] GC(969) Using 6 workers of 6 for evacuation
[3856.455s][info][gc,phases      ] GC(969)   Pre Evacuate Collection Set: 0.35ms
[3856.456s][info][gc,phases      ] GC(969)   Merge Heap Roots: 0.75ms
[3856.456s][info][gc,phases      ] GC(969)   Evacuate Collection Set: 136.91ms
[3856.456s][info][gc,phases      ] GC(969)   Post Evacuate Collection Set: 0.95ms
[3856.456s][info][gc,phases      ] GC(969)   Other: 0.09ms
[3856.456s][info][gc,heap        ] GC(969) Eden regions: 1103->0(1115)
[3856.456s][info][gc,heap        ] GC(969) Survivor regions: 112->113(152)
[3856.456s][info][gc,heap        ] GC(969) Old regions: 538->475
[3856.456s][info][gc,heap        ] GC(969) Humongous regions: 80->80
[3856.456s][info][gc,metaspace   ] GC(969) Metaspace: 28895K(29312K)->28895K(29312K) NonClass: 24026K(24256K)->24026K(24256K) Class: 4868K(5056K)->4868K(5056K)
[3856.456s][info][gc             ] GC(969) Pause Young (Mixed) (G1 Evacuation Pause) 3665M->1333M(4096M) 139.196ms
[3856.456s][info][gc,cpu         ] GC(969) User=0.83s Sys=0.00s Real=0.14s
...[3859.018s][info][gc,start       ] GC(970) Pause Young (Concurrent Start) (G1 Evacuation Pause)
[3859.018s][info][gc,task        ] GC(970) Using 6 workers of 6 for evacuation
[3859.138s][info][gc,phases      ] GC(970)   Pre Evacuate Collection Set: 0.33ms
[3859.138s][info][gc,phases      ] GC(970)   Merge Heap Roots: 0.49ms
[3859.138s][info][gc,phases      ] GC(970)   Evacuate Collection Set: 118.51ms
[3859.138s][info][gc,phases      ] GC(970)   Post Evacuate Collection Set: 0.90ms
[3859.138s][info][gc,phases      ] GC(970)   Other: 0.10ms
[3859.138s][info][gc,heap        ] GC(970) Eden regions: 1115->0(1118)
[3859.138s][info][gc,heap        ] GC(970) Survivor regions: 113->110(154)
[3859.138s][info][gc,heap        ] GC(970) Old regions: 475->508
[3859.138s][info][gc,heap        ] GC(970) Humongous regions: 80->80
[3859.138s][info][gc,metaspace   ] GC(970) Metaspace: 28895K(29312K)->28895K(29312K) NonClass: 24026K(24256K)->24026K(24256K) Class: 4868K(5056K)->4868K(5056K)
[3859.138s][info][gc             ] GC(970) Pause Young (Concurrent Start) (G1 Evacuation Pause) 3563M->1395M(4096M) 120.454ms
[3859.138s][info][gc             ] GC(971) Concurrent Mark Cycle
[3859.138s][info][gc,marking     ] GC(971) Concurrent Scan Root Regions
[3859.138s][info][gc,cpu         ] GC(970) User=0.72s Sys=0.00s Real=0.12s
[3859.279s][info][gc,marking     ] GC(971) Concurrent Scan Root Regions 140.585ms
[3859.279s][info][gc,marking     ] GC(971) Concurrent Mark
[3859.279s][info][gc,marking     ] GC(971) Concurrent Mark From Roots
[3859.279s][info][gc,task        ] GC(971) Using 2 workers of 2 for marking
.[3859.972s][info][gc,marking     ] GC(971) Concurrent Mark From Roots 693.427ms
[3859.972s][info][gc,marking     ] GC(971) Concurrent Preclean
[3859.972s][info][gc,marking     ] GC(971) Concurrent Preclean 0.068ms
[3859.974s][info][gc,start       ] GC(971) Pause Remark
[3859.979s][info][gc             ] GC(971) Pause Remark 2101M->2101M(4096M) 5.092ms
[3859.979s][info][gc,cpu         ] GC(971) User=0.03s Sys=0.00s Real=0.01s
[3859.979s][info][gc,marking     ] GC(971) Concurrent Mark 700.312ms
[3859.979s][info][gc,marking     ] GC(971) Concurrent Rebuild Remembered Sets and Scrub Regions
[3860.247s][info][gc,marking     ] GC(971) Concurrent Rebuild Remembered Sets and Scrub Regions 268.084ms
[3860.248s][info][gc,start       ] GC(971) Pause Cleanup
[3860.248s][info][gc             ] GC(971) Pause Cleanup 2337M->2337M(4096M) 0.111ms
[3860.248s][info][gc,cpu         ] GC(971) User=0.00s Sys=0.00s Real=0.00s
[3860.248s][info][gc,marking     ] GC(971) Concurrent Clear Claimed Marks
[3860.248s][info][gc,marking     ] GC(971) Concurrent Clear Claimed Marks 0.028ms
[3860.248s][info][gc,marking     ] GC(971) Concurrent Cleanup for Next Mark
[3860.255s][info][gc,marking     ] GC(971) Concurrent Cleanup for Next Mark 6.676ms
[3860.255s][info][gc             ] GC(971) Concurrent Mark Cycle 1116.675ms
..[3861.784s][info][gc,start       ] GC(972) Pause Young (Prepare Mixed) (G1 Evacuation Pause)
[3861.784s][info][gc,task        ] GC(972) Using 6 workers of 6 for evacuation
[3861.900s][info][gc,phases      ] GC(972)   Pre Evacuate Collection Set: 0.33ms
[3861.900s][info][gc,phases      ] GC(972)   Merge Heap Roots: 0.56ms
[3861.900s][info][gc,phases      ] GC(972)   Evacuate Collection Set: 113.40ms
[3861.900s][info][gc,phases      ] GC(972)   Post Evacuate Collection Set: 0.92ms
[3861.900s][info][gc,phases      ] GC(972)   Other: 0.10ms
[3861.900s][info][gc,heap        ] GC(972) Eden regions: 1118->0(1111)
[3861.900s][info][gc,heap        ] GC(972) Survivor regions: 110->107(154)
[3861.900s][info][gc,heap        ] GC(972) Old regions: 508->540
[3861.900s][info][gc,heap        ] GC(972) Humongous regions: 80->80
[3861.900s][info][gc,metaspace   ] GC(972) Metaspace: 28895K(29312K)->28895K(29312K) NonClass: 24026K(24256K)->24026K(24256K) Class: 4868K(5056K)->4868K(5056K)
[3861.900s][info][gc             ] GC(972) Pause Young (Prepare Mixed) (G1 Evacuation Pause) 3631M->1453M(4096M) 115.467ms
[3861.900s][info][gc,cpu         ] GC(972) User=0.69s Sys=0.00s Real=0.12s
..[3864.514s][info][gc,start       ] GC(973) Pause Young (Mixed) (G1 Evacuation Pause)
[3864.514s][info][gc,task        ] GC(973) Using 6 workers of 6 for evacuation
[3864.650s][info][gc,phases      ] GC(973)   Pre Evacuate Collection Set: 0.32ms
[3864.650s][info][gc,phases      ] GC(973)   Merge Heap Roots: 0.70ms
[3864.650s][info][gc,phases      ] GC(973)   Evacuate Collection Set: 133.54ms
[3864.650s][info][gc,phases      ] GC(973)   Post Evacuate Collection Set: 0.92ms
[3864.650s][info][gc,phases      ] GC(973)   Other: 0.08ms
[3864.650s][info][gc,heap        ] GC(973) Eden regions: 1111->0(1117)
[3864.650s][info][gc,heap        ] GC(973) Survivor regions: 107->111(153)
[3864.650s][info][gc,heap        ] GC(973) Old regions: 540->476
[3864.650s][info][gc,heap        ] GC(973) Humongous regions: 80->80
[3864.650s][info][gc,metaspace   ] GC(973) Metaspace: 28895K(29312K)->28895K(29312K) NonClass: 24026K(24256K)->24026K(24256K) Class: 4868K(5056K)->4868K(5056K)
[3864.650s][info][gc             ] GC(973) Pause Young (Mixed) (G1 Evacuation Pause) 3675M->1331M(4096M) 135.690ms
[3864.650s][info][gc,cpu         ] GC(973) User=0.81s Sys=0.00s Real=0.14s
...[3867.358s][info][gc,start       ] GC(974) Pause Young (Concurrent Start) (G1 Evacuation Pause)
[3867.358s][info][gc,task        ] GC(974) Using 6 workers of 6 for evacuation
[3867.480s][info][gc,phases      ] GC(974)   Pre Evacuate Collection Set: 0.35ms
[3867.480s][info][gc,phases      ] GC(974)   Merge Heap Roots: 0.50ms
[3867.480s][info][gc,phases      ] GC(974)   Evacuate Collection Set: 120.38ms
[3867.480s][info][gc,phases      ] GC(974)   Post Evacuate Collection Set: 0.89ms
[3867.480s][info][gc,phases      ] GC(974)   Other: 0.11ms
[3867.480s][info][gc,heap        ] GC(974) Eden regions: 1117->0(1114)
[3867.480s][info][gc,heap        ] GC(974) Survivor regions: 111->114(154)
[3867.480s][info][gc,heap        ] GC(974) Old regions: 476->508
[3867.480s][info][gc,heap        ] GC(974) Humongous regions: 80->80
[3867.480s][info][gc,metaspace   ] GC(974) Metaspace: 28895K(29312K)->28895K(29312K) NonClass: 24026K(24256K)->24026K(24256K) Class: 4868K(5056K)->4868K(5056K)
[3867.480s][info][gc             ] GC(974) Pause Young (Concurrent Start) (G1 Evacuation Pause) 3565M->1403M(4096M) 122.352ms
[3867.480s][info][gc             ] GC(975) Concurrent Mark Cycle
[3867.480s][info][gc,marking     ] GC(975) Concurrent Scan Root Regions
[3867.480s][info][gc,cpu         ] GC(974) User=0.73s Sys=0.00s Real=0.13s
[3867.659s][info][gc,marking     ] GC(975) Concurrent Scan Root Regions 179.464ms
[3867.660s][info][gc,marking     ] GC(975) Concurrent Mark
[3867.660s][info][gc,marking     ] GC(975) Concurrent Mark From Roots
[3867.660s][info][gc,task        ] GC(975) Using 2 workers of 2 for marking
.[3868.607s][info][gc,marking     ] GC(975) Concurrent Mark From Roots 947.236ms
[3868.607s][info][gc,marking     ] GC(975) Concurrent Preclean
[3868.607s][info][gc,marking     ] GC(975) Concurrent Preclean 0.128ms
[3868.608s][info][gc,start       ] GC(975) Pause Remark
[3868.612s][info][gc             ] GC(975) Pause Remark 2401M->2401M(4096M) 4.267ms
[3868.613s][info][gc,cpu         ] GC(975) User=0.02s Sys=0.00s Real=0.01s
[3868.613s][info][gc,marking     ] GC(975) Concurrent Mark 953.063ms
[3868.613s][info][gc,marking     ] GC(975) Concurrent Rebuild Remembered Sets and Scrub Regions
.[3868.920s][info][gc,marking     ] GC(975) Concurrent Rebuild Remembered Sets and Scrub Regions 307.589ms
[3868.920s][info][gc,start       ] GC(975) Pause Cleanup
[3868.920s][info][gc             ] GC(975) Pause Cleanup 2683M->2683M(4096M) 0.103ms
[3868.920s][info][gc,cpu         ] GC(975) User=0.00s Sys=0.00s Real=0.00s
[3868.921s][info][gc,marking     ] GC(975) Concurrent Clear Claimed Marks
[3868.921s][info][gc,marking     ] GC(975) Concurrent Clear Claimed Marks 0.028ms
[3868.921s][info][gc,marking     ] GC(975) Concurrent Cleanup for Next Mark
[3868.924s][info][gc,marking     ] GC(975) Concurrent Cleanup for Next Mark 3.543ms
[3868.924s][info][gc             ] GC(975) Concurrent Mark Cycle 1444.151ms
.[3870.042s][info][gc,start       ] GC(976) Pause Young (Prepare Mixed) (G1 Evacuation Pause)
[3870.042s][info][gc,task        ] GC(976) Using 6 workers of 6 for evacuation
[3870.160s][info][gc,phases      ] GC(976)   Pre Evacuate Collection Set: 0.35ms
[3870.160s][info][gc,phases      ] GC(976)   Merge Heap Roots: 0.65ms
[3870.160s][info][gc,phases      ] GC(976)   Evacuate Collection Set: 116.20ms
[3870.160s][info][gc,phases      ] GC(976)   Post Evacuate Collection Set: 0.91ms
[3870.160s][info][gc,phases      ] GC(976)   Other: 0.09ms
[3870.160s][info][gc,heap        ] GC(976) Eden regions: 1114->0(1107)
[3870.160s][info][gc,heap        ] GC(976) Survivor regions: 114->109(154)
[3870.160s][info][gc,heap        ] GC(976) Old regions: 508->540
[3870.160s][info][gc,heap        ] GC(976) Humongous regions: 80->80
[3870.160s][info][gc,metaspace   ] GC(976) Metaspace: 28895K(29312K)->28895K(29312K) NonClass: 24026K(24256K)->24026K(24256K) Class: 4868K(5056K)->4868K(5056K)
[3870.160s][info][gc             ] GC(976) Pause Young (Prepare Mixed) (G1 Evacuation Pause) 3631M->1456M(4096M) 118.315ms
[3870.160s][info][gc,cpu         ] GC(976) User=0.70s Sys=0.00s Real=0.12s
..[3872.833s][info][gc,start       ] GC(977) Pause Young (Mixed) (G1 Evacuation Pause)
[3872.833s][info][gc,task        ] GC(977) Using 6 workers of 6 for evacuation
[3872.968s][info][gc,phases      ] GC(977)   Pre Evacuate Collection Set: 0.36ms
[3872.968s][info][gc,phases      ] GC(977)   Merge Heap Roots: 0.67ms
[3872.968s][info][gc,phases      ] GC(977)   Evacuate Collection Set: 133.28ms
[3872.968s][info][gc,phases      ] GC(977)   Post Evacuate Collection Set: 0.93ms
[3872.968s][info][gc,phases      ] GC(977)   Other: 0.09ms
[3872.968s][info][gc,heap        ] GC(977) Eden regions: 1107->0(1117)
[3872.968s][info][gc,heap        ] GC(977) Survivor regions: 109->111(152)
[3872.968s][info][gc,heap        ] GC(977) Old regions: 540->476
[3872.968s][info][gc,heap        ] GC(977) Humongous regions: 80->80
[3872.968s][info][gc,metaspace   ] GC(977) Metaspace: 28895K(29312K)->28895K(29312K) NonClass: 24026K(24256K)->24026K(24256K) Class: 4868K(5056K)->4868K(5056K)
[3872.968s][info][gc             ] GC(977) Pause Young (Mixed) (G1 Evacuation Pause) 3670M->1332M(4096M) 135.468ms
[3872.968s][info][gc,cpu         ] GC(977) User=0.81s Sys=0.00s Real=0.13s
...[3875.654s][info][gc,start       ] GC(978) Pause Young (Concurrent Start) (G1 Evacuation Pause)
[3875.654s][info][gc,task        ] GC(978) Using 6 workers of 6 for evacuation
[3875.769s][info][gc,phases      ] GC(978)   Pre Evacuate Collection Set: 0.39ms
[3875.769s][info][gc,phases      ] GC(978)   Merge Heap Roots: 0.50ms
[3875.769s][info][gc,phases      ] GC(978)   Evacuate Collection Set: 112.99ms
[3875.769s][info][gc,phases      ] GC(978)   Post Evacuate Collection Set: 0.87ms
[3875.769s][info][gc,phases      ] GC(978)   Other: 0.11ms
[3875.769s][info][gc,heap        ] GC(978) Eden regions: 1117->0(1120)
[3875.769s][info][gc,heap        ] GC(978) Survivor regions: 111->108(154)
[3875.769s][info][gc,heap        ] GC(978) Old regions: 476->507
[3875.769s][info][gc,heap        ] GC(978) Humongous regions: 80->80
[3875.769s][info][gc,metaspace   ] GC(978) Metaspace: 28895K(29312K)->28895K(29312K) NonClass: 24026K(24256K)->24026K(24256K) Class: 4868K(5056K)->4868K(5056K)
[3875.769s][info][gc             ] GC(978) Pause Young (Concurrent Start) (G1 Evacuation Pause) 3566M->1388M(4096M) 114.994ms
[3875.769s][info][gc             ] GC(979) Concurrent Mark Cycle
[3875.769s][info][gc,marking     ] GC(979) Concurrent Scan Root Regions
[3875.769s][info][gc,cpu         ] GC(978) User=0.69s Sys=0.00s Real=0.12s
[3875.916s][info][gc,marking     ] GC(979) Concurrent Scan Root Regions 147.040ms
[3875.916s][info][gc,marking     ] GC(979) Concurrent Mark
[3875.916s][info][gc,marking     ] GC(979) Concurrent Mark From Roots
[3875.916s][info][gc,task        ] GC(979) Using 2 workers of 2 for marking
.[3876.734s][info][gc,marking     ] GC(979) Concurrent Mark From Roots 817.911ms
[3876.734s][info][gc,marking     ] GC(979) Concurrent Preclean
[3876.734s][info][gc,marking     ] GC(979) Concurrent Preclean 0.128ms
[3876.735s][info][gc,start       ] GC(979) Pause Remark
[3876.740s][info][gc             ] GC(979) Pause Remark 2172M->2172M(4096M) 4.760ms
[3876.740s][info][gc,cpu         ] GC(979) User=0.02s Sys=0.00s Real=0.01s
[3876.741s][info][gc,marking     ] GC(979) Concurrent Mark 824.886ms
[3876.741s][info][gc,marking     ] GC(979) Concurrent Rebuild Remembered Sets and Scrub Regions
.[3877.018s][info][gc,marking     ] GC(979) Concurrent Rebuild Remembered Sets and Scrub Regions 277.429ms
[3877.019s][info][gc,start       ] GC(979) Pause Cleanup
[3877.020s][info][gc             ] GC(979) Pause Cleanup 2428M->2428M(4096M) 0.130ms
[3877.020s][info][gc,cpu         ] GC(979) User=0.00s Sys=0.00s Real=0.00s
[3877.020s][info][gc,marking     ] GC(979) Concurrent Clear Claimed Marks
[3877.020s][info][gc,marking     ] GC(979) Concurrent Clear Claimed Marks 0.036ms
[3877.020s][info][gc,marking     ] GC(979) Concurrent Cleanup for Next Mark
[3877.024s][info][gc,marking     ] GC(979) Concurrent Cleanup for Next Mark 4.604ms
[3877.024s][info][gc             ] GC(979) Concurrent Mark Cycle 1255.524ms
.[3878.373s][info][gc,start       ] GC(980) Pause Young (Prepare Mixed) (G1 Evacuation Pause)
[3878.373s][info][gc,task        ] GC(980) Using 6 workers of 6 for evacuation
[3878.493s][info][gc,phases      ] GC(980)   Pre Evacuate Collection Set: 0.32ms
[3878.493s][info][gc,phases      ] GC(980)   Merge Heap Roots: 0.61ms
[3878.493s][info][gc,phases      ] GC(980)   Evacuate Collection Set: 118.01ms
[3878.493s][info][gc,phases      ] GC(980)   Post Evacuate Collection Set: 0.93ms
[3878.493s][info][gc,phases      ] GC(980)   Other: 0.08ms
[3878.493s][info][gc,heap        ] GC(980) Eden regions: 1120->0(1102)
[3878.493s][info][gc,heap        ] GC(980) Survivor regions: 108->112(154)
[3878.493s][info][gc,heap        ] GC(980) Old regions: 507->539
[3878.493s][info][gc,heap        ] GC(980) Humongous regions: 80->80
[3878.493s][info][gc,metaspace   ] GC(980) Metaspace: 28895K(29312K)->28895K(29312K) NonClass: 24026K(24256K)->24026K(24256K) Class: 4868K(5056K)->4868K(5056K)
[3878.493s][info][gc             ] GC(980) Pause Young (Prepare Mixed) (G1 Evacuation Pause) 3628M->1461M(4096M) 120.083ms
[3878.493s][info][gc,cpu         ] GC(980) User=0.72s Sys=0.00s Real=0.12s
...[3881.099s][info][gc,start       ] GC(981) Pause Young (Mixed) (G1 Evacuation Pause)
[3881.099s][info][gc,task        ] GC(981) Using 6 workers of 6 for evacuation
[3881.238s][info][gc,phases      ] GC(981)   Pre Evacuate Collection Set: 0.35ms
[3881.238s][info][gc,phases      ] GC(981)   Merge Heap Roots: 0.70ms
[3881.238s][info][gc,phases      ] GC(981)   Evacuate Collection Set: 136.29ms
[3881.238s][info][gc,phases      ] GC(981)   Post Evacuate Collection Set: 0.95ms
[3881.238s][info][gc,phases      ] GC(981)   Other: 0.09ms
[3881.238s][info][gc,heap        ] GC(981) Eden regions: 1102->0(1116)
[3881.238s][info][gc,heap        ] GC(981) Survivor regions: 112->112(152)
[3881.238s][info][gc,heap        ] GC(981) Old regions: 539->475
[3881.238s][info][gc,heap        ] GC(981) Humongous regions: 80->80
[3881.238s][info][gc,metaspace   ] GC(981) Metaspace: 28895K(29312K)->28895K(29312K) NonClass: 24027K(24256K)->24027K(24256K) Class: 4868K(5056K)->4868K(5056K)
[3881.238s][info][gc             ] GC(981) Pause Young (Mixed) (G1 Evacuation Pause) 3665M->1331M(4096M) 138.514ms
[3881.238s][info][gc,cpu         ] GC(981) User=0.82s Sys=0.00s Real=0.13s
..[3883.884s][info][gc,start       ] GC(982) Pause Young (Concurrent Start) (G1 Evacuation Pause)
[3883.884s][info][gc,task        ] GC(982) Using 6 workers of 6 for evacuation
[3884.006s][info][gc,phases      ] GC(982)   Pre Evacuate Collection Set: 0.34ms
[3884.006s][info][gc,phases      ] GC(982)   Merge Heap Roots: 0.55ms
[3884.006s][info][gc,phases      ] GC(982)   Evacuate Collection Set: 120.07ms
[3884.006s][info][gc,phases      ] GC(982)   Post Evacuate Collection Set: 0.86ms
[3884.006s][info][gc,phases      ] GC(982)   Other: 0.11ms
[3884.006s][info][gc,heap        ] GC(982) Eden regions: 1116->0(1117)
[3884.006s][info][gc,heap        ] GC(982) Survivor regions: 112->111(154)
[3884.006s][info][gc,heap        ] GC(982) Old regions: 475->507
[3884.006s][info][gc,heap        ] GC(982) Humongous regions: 80->80
[3884.006s][info][gc,metaspace   ] GC(982) Metaspace: 28895K(29312K)->28895K(29312K) NonClass: 24027K(24256K)->24027K(24256K) Class: 4868K(5056K)->4868K(5056K)
[3884.006s][info][gc             ] GC(982) Pause Young (Concurrent Start) (G1 Evacuation Pause) 3563M->1393M(4096M) 122.061ms
[3884.006s][info][gc             ] GC(983) Concurrent Mark Cycle
[3884.006s][info][gc,marking     ] GC(983) Concurrent Scan Root Regions
[3884.006s][info][gc,cpu         ] GC(982) User=0.73s Sys=0.00s Real=0.12s
.[3884.145s][info][gc,marking     ] GC(983) Concurrent Scan Root Regions 138.911ms
[3884.145s][info][gc,marking     ] GC(983) Concurrent Mark
[3884.145s][info][gc,marking     ] GC(983) Concurrent Mark From Roots
[3884.145s][info][gc,task        ] GC(983) Using 2 workers of 2 for marking
[3884.884s][info][gc,marking     ] GC(983) Concurrent Mark From Roots 739.125ms
[3884.884s][info][gc,marking     ] GC(983) Concurrent Preclean
[3884.884s][info][gc,marking     ] GC(983) Concurrent Preclean 0.078ms
[3884.886s][info][gc,start       ] GC(983) Pause Remark
[3884.891s][info][gc             ] GC(983) Pause Remark 2161M->2161M(4096M) 4.970ms
[3884.891s][info][gc,cpu         ] GC(983) User=0.03s Sys=0.00s Real=0.01s
[3884.891s][info][gc,marking     ] GC(983) Concurrent Mark 746.445ms
[3884.891s][info][gc,marking     ] GC(983) Concurrent Rebuild Remembered Sets and Scrub Regions
.[3885.158s][info][gc,marking     ] GC(983) Concurrent Rebuild Remembered Sets and Scrub Regions 266.940ms
[3885.158s][info][gc,start       ] GC(983) Pause Cleanup
[3885.158s][info][gc             ] GC(983) Pause Cleanup 2419M->2419M(4096M) 0.120ms
[3885.158s][info][gc,cpu         ] GC(983) User=0.00s Sys=0.00s Real=0.00s
[3885.159s][info][gc,marking     ] GC(983) Concurrent Clear Claimed Marks
[3885.159s][info][gc,marking     ] GC(983) Concurrent Clear Claimed Marks 0.033ms
[3885.159s][info][gc,marking     ] GC(983) Concurrent Cleanup for Next Mark
[3885.164s][info][gc,marking     ] GC(983) Concurrent Cleanup for Next Mark 5.056ms
[3885.164s][info][gc             ] GC(983) Concurrent Mark Cycle 1157.955ms
.[3886.652s][info][gc,start       ] GC(984) Pause Young (Prepare Mixed) (G1 Evacuation Pause)
[3886.652s][info][gc,task        ] GC(984) Using 6 workers of 6 for evacuation
[3886.766s][info][gc,phases      ] GC(984)   Pre Evacuate Collection Set: 0.35ms
[3886.766s][info][gc,phases      ] GC(984)   Merge Heap Roots: 0.53ms
[3886.766s][info][gc,phases      ] GC(984)   Evacuate Collection Set: 112.56ms
[3886.766s][info][gc,phases      ] GC(984)   Post Evacuate Collection Set: 0.91ms
[3886.766s][info][gc,phases      ] GC(984)   Other: 0.08ms
[3886.766s][info][gc,heap        ] GC(984) Eden regions: 1117->0(1111)
[3886.766s][info][gc,heap        ] GC(984) Survivor regions: 111->108(154)
[3886.766s][info][gc,heap        ] GC(984) Old regions: 507->538
[3886.766s][info][gc,heap        ] GC(984) Humongous regions: 80->80
[3886.766s][info][gc,metaspace   ] GC(984) Metaspace: 28895K(29312K)->28895K(29312K) NonClass: 24027K(24256K)->24027K(24256K) Class: 4868K(5056K)->4868K(5056K)
[3886.766s][info][gc             ] GC(984) Pause Young (Prepare Mixed) (G1 Evacuation Pause) 3627M->1449M(4096M) 114.567ms
[3886.766s][info][gc,cpu         ] GC(984) User=0.68s Sys=0.00s Real=0.11s
...[3889.421s][info][gc,start       ] GC(985) Pause Young (Mixed) (G1 Evacuation Pause)
[3889.421s][info][gc,task        ] GC(985) Using 6 workers of 6 for evacuation
[3889.558s][info][gc,phases      ] GC(985)   Pre Evacuate Collection Set: 0.35ms
[3889.558s][info][gc,phases      ] GC(985)   Merge Heap Roots: 0.75ms
[3889.558s][info][gc,phases      ] GC(985)   Evacuate Collection Set: 134.76ms
[3889.558s][info][gc,phases      ] GC(985)   Post Evacuate Collection Set: 0.95ms
[3889.558s][info][gc,phases      ] GC(985)   Other: 0.09ms
[3889.558s][info][gc,heap        ] GC(985) Eden regions: 1111->0(1116)
[3889.558s][info][gc,heap        ] GC(985) Survivor regions: 108->112(153)
[3889.558s][info][gc,heap        ] GC(985) Old regions: 538->475
[3889.558s][info][gc,heap        ] GC(985) Humongous regions: 80->80
[3889.558s][info][gc,metaspace   ] GC(985) Metaspace: 28895K(29312K)->28895K(29312K) NonClass: 24027K(24256K)->24027K(24256K) Class: 4868K(5056K)->4868K(5056K)
[3889.558s][info][gc             ] GC(985) Pause Young (Mixed) (G1 Evacuation Pause) 3671M->1331M(4096M) 137.025ms
[3889.558s][info][gc,cpu         ] GC(985) User=0.82s Sys=0.00s Real=0.13s
...[3892.174s][info][gc,start       ] GC(986) Pause Young (Concurrent Start) (G1 Evacuation Pause)
[3892.174s][info][gc,task        ] GC(986) Using 6 workers of 6 for evacuation
[3892.292s][info][gc,phases      ] GC(986)   Pre Evacuate Collection Set: 0.35ms
[3892.292s][info][gc,phases      ] GC(986)   Merge Heap Roots: 0.50ms
[3892.292s][info][gc,phases      ] GC(986)   Evacuate Collection Set: 115.49ms
[3892.292s][info][gc,phases      ] GC(986)   Post Evacuate Collection Set: 0.87ms
[3892.292s][info][gc,phases      ] GC(986)   Other: 0.10ms
[3892.292s][info][gc,heap        ] GC(986) Eden regions: 1116->0(1119)
[3892.292s][info][gc,heap        ] GC(986) Survivor regions: 112->109(154)
[3892.292s][info][gc,heap        ] GC(986) Old regions: 475->507
[3892.292s][info][gc,heap        ] GC(986) Humongous regions: 80->80
[3892.292s][info][gc,metaspace   ] GC(986) Metaspace: 28895K(29312K)->28895K(29312K) NonClass: 24027K(24256K)->24027K(24256K) Class: 4868K(5056K)->4868K(5056K)
[3892.292s][info][gc             ] GC(986) Pause Young (Concurrent Start) (G1 Evacuation Pause) 3563M->1389M(4096M) 117.455ms
[3892.292s][info][gc             ] GC(987) Concurrent Mark Cycle
[3892.292s][info][gc,marking     ] GC(987) Concurrent Scan Root Regions
[3892.292s][info][gc,cpu         ] GC(986) User=0.70s Sys=0.01s Real=0.12s
[3892.430s][info][gc,marking     ] GC(987) Concurrent Scan Root Regions 137.965ms
[3892.430s][info][gc,marking     ] GC(987) Concurrent Mark
[3892.430s][info][gc,marking     ] GC(987) Concurrent Mark From Roots
[3892.430s][info][gc,task        ] GC(987) Using 2 workers of 2 for marking
[3892.975s][info][gc,marking     ] GC(987) Concurrent Mark From Roots 545.349ms
[3892.975s][info][gc,marking     ] GC(987) Concurrent Preclean
[3892.975s][info][gc,marking     ] GC(987) Concurrent Preclean 0.096ms
[3892.975s][info][gc,start       ] GC(987) Pause Remark
[3892.981s][info][gc             ] GC(987) Pause Remark 1953M->1953M(4096M) 5.141ms
[3892.981s][info][gc,cpu         ] GC(987) User=0.03s Sys=0.00s Real=0.01s
[3892.981s][info][gc,marking     ] GC(987) Concurrent Mark 551.520ms
[3892.981s][info][gc,marking     ] GC(987) Concurrent Rebuild Remembered Sets and Scrub Regions
.[3893.211s][info][gc,marking     ] GC(987) Concurrent Rebuild Remembered Sets and Scrub Regions 230.060ms
[3893.212s][info][gc,start       ] GC(987) Pause Cleanup
[3893.212s][info][gc             ] GC(987) Pause Cleanup 2159M->2159M(4096M) 0.126ms
[3893.212s][info][gc,cpu         ] GC(987) User=0.00s Sys=0.00s Real=0.00s
[3893.213s][info][gc,marking     ] GC(987) Concurrent Clear Claimed Marks
[3893.213s][info][gc,marking     ] GC(987) Concurrent Clear Claimed Marks 0.046ms
[3893.213s][info][gc,marking     ] GC(987) Concurrent Cleanup for Next Mark
[3893.220s][info][gc,marking     ] GC(987) Concurrent Cleanup for Next Mark 7.127ms
[3893.220s][info][gc             ] GC(987) Concurrent Mark Cycle 928.182ms
.[3894.944s][info][gc,start       ] GC(988) Pause Young (Prepare Mixed) (G1 Evacuation Pause)
[3894.944s][info][gc,task        ] GC(988) Using 6 workers of 6 for evacuation
[3895.061s][info][gc,phases      ] GC(988)   Pre Evacuate Collection Set: 0.33ms
[3895.061s][info][gc,phases      ] GC(988)   Merge Heap Roots: 0.57ms
[3895.061s][info][gc,phases      ] GC(988)   Evacuate Collection Set: 115.87ms
[3895.061s][info][gc,phases      ] GC(988)   Post Evacuate Collection Set: 0.92ms
[3895.061s][info][gc,phases      ] GC(988)   Other: 0.09ms
[3895.061s][info][gc,heap        ] GC(988) Eden regions: 1119->0(1106)
[3895.061s][info][gc,heap        ] GC(988) Survivor regions: 109->110(154)
[3895.061s][info][gc,heap        ] GC(988) Old regions: 507->539
[3895.061s][info][gc,heap        ] GC(988) Humongous regions: 80->80
[3895.061s][info][gc,metaspace   ] GC(988) Metaspace: 28895K(29312K)->28895K(29312K) NonClass: 24027K(24256K)->24027K(24256K) Class: 4868K(5056K)->4868K(5056K)
[3895.061s][info][gc             ] GC(988) Pause Young (Prepare Mixed) (G1 Evacuation Pause) 3627M->1456M(4096M) 117.902ms
[3895.062s][info][gc,cpu         ] GC(988) User=0.70s Sys=0.00s Real=0.12s
...[3897.686s][info][gc,start       ] GC(989) Pause Young (Mixed) (G1 Evacuation Pause)
[3897.686s][info][gc,task        ] GC(989) Using 6 workers of 6 for evacuation
[3897.819s][info][gc,phases      ] GC(989)   Pre Evacuate Collection Set: 0.34ms
[3897.819s][info][gc,phases      ] GC(989)   Merge Heap Roots: 0.68ms
[3897.819s][info][gc,phases      ] GC(989)   Evacuate Collection Set: 130.93ms
[3897.819s][info][gc,phases      ] GC(989)   Post Evacuate Collection Set: 0.93ms
[3897.819s][info][gc,phases      ] GC(989)   Other: 0.09ms
[3897.819s][info][gc,heap        ] GC(989) Eden regions: 1106->0(1119)
[3897.819s][info][gc,heap        ] GC(989) Survivor regions: 110->109(152)
[3897.819s][info][gc,heap        ] GC(989) Old regions: 539->474
[3897.819s][info][gc,heap        ] GC(989) Humongous regions: 80->80
[3897.819s][info][gc,metaspace   ] GC(989) Metaspace: 28895K(29312K)->28895K(29312K) NonClass: 24027K(24256K)->24027K(24256K) Class: 4868K(5056K)->4868K(5056K)
[3897.819s][info][gc             ] GC(989) Pause Young (Mixed) (G1 Evacuation Pause) 3668M->1323M(4096M) 133.101ms
[3897.819s][info][gc,cpu         ] GC(989) User=0.80s Sys=0.00s Real=0.14s
...[3900.397s][info][gc,start       ] GC(990) Pause Young (Concurrent Start) (G1 Evacuation Pause)
[3900.397s][info][gc,task        ] GC(990) Using 6 workers of 6 for evacuation
[3900.519s][info][gc,phases      ] GC(990)   Pre Evacuate Collection Set: 0.35ms
[3900.519s][info][gc,phases      ] GC(990)   Merge Heap Roots: 0.48ms
[3900.519s][info][gc,phases      ] GC(990)   Evacuate Collection Set: 120.60ms
[3900.519s][info][gc,phases      ] GC(990)   Post Evacuate Collection Set: 0.87ms
[3900.519s][info][gc,phases      ] GC(990)   Other: 0.11ms
[3900.519s][info][gc,heap        ] GC(990) Eden regions: 1119->0(1116)
[3900.519s][info][gc,heap        ] GC(990) Survivor regions: 109->112(154)
[3900.519s][info][gc,heap        ] GC(990) Old regions: 474->506
[3900.519s][info][gc,heap        ] GC(990) Humongous regions: 80->80
[3900.519s][info][gc,metaspace   ] GC(990) Metaspace: 28895K(29312K)->28895K(29312K) NonClass: 24027K(24256K)->24027K(24256K) Class: 4868K(5056K)->4868K(5056K)
[3900.519s][info][gc             ] GC(990) Pause Young (Concurrent Start) (G1 Evacuation Pause) 3561M->1395M(4096M) 122.528ms
[3900.519s][info][gc             ] GC(991) Concurrent Mark Cycle
[3900.519s][info][gc,marking     ] GC(991) Concurrent Scan Root Regions
[3900.519s][info][gc,cpu         ] GC(990) User=0.73s Sys=0.00s Real=0.13s
[3900.712s][info][gc,marking     ] GC(991) Concurrent Scan Root Regions 192.849ms
[3900.712s][info][gc,marking     ] GC(991) Concurrent Mark
[3900.712s][info][gc,marking     ] GC(991) Concurrent Mark From Roots
[3900.712s][info][gc,task        ] GC(991) Using 2 workers of 2 for marking
.[3901.705s][info][gc,marking     ] GC(991) Concurrent Mark From Roots 992.855ms
[3901.705s][info][gc,marking     ] GC(991) Concurrent Preclean
[3901.705s][info][gc,marking     ] GC(991) Concurrent Preclean 0.121ms
[3901.706s][info][gc,start       ] GC(991) Pause Remark
[3901.712s][info][gc             ] GC(991) Pause Remark 2383M->2383M(4096M) 6.074ms
[3901.712s][info][gc,cpu         ] GC(991) User=0.03s Sys=0.00s Real=0.01s
[3901.712s][info][gc,marking     ] GC(991) Concurrent Mark 999.680ms
[3901.712s][info][gc,marking     ] GC(991) Concurrent Rebuild Remembered Sets and Scrub Regions
[3902.078s][info][gc,marking     ] GC(991) Concurrent Rebuild Remembered Sets and Scrub Regions 366.286ms
[3902.080s][info][gc,start       ] GC(991) Pause Cleanup
[3902.080s][info][gc             ] GC(991) Pause Cleanup 2703M->2703M(4096M) 0.135ms
[3902.080s][info][gc,cpu         ] GC(991) User=0.00s Sys=0.00s Real=0.00s
[3902.081s][info][gc,marking     ] GC(991) Concurrent Clear Claimed Marks
[3902.081s][info][gc,marking     ] GC(991) Concurrent Clear Claimed Marks 0.043ms
[3902.081s][info][gc,marking     ] GC(991) Concurrent Cleanup for Next Mark
[3902.085s][info][gc,marking     ] GC(991) Concurrent Cleanup for Next Mark 3.889ms
[3902.085s][info][gc             ] GC(991) Concurrent Mark Cycle 1565.155ms
. (rIR:aIR:PR = 6780:6772:6772) (tPR = 100360) [OK] 
  3901s: Performance info:
         Transaction,    Success,    Partial,     Failed,   Receipts, AvgBarcode, 
             Overall,     410481,          0,          0,     389947,      59.47, 
         Response times:
             Request,    Success,    Partial,     Failed,   SkipFail,     Probes,    Samples,      min,      p50,      p90,      p95,      p99,      max, 
       TotalPurchase,     389947,          0,          0,          0,     359688,     390479,      300,     5900,    49000,    88000,   164000,   389000,
     InStorePurchase,     205449,          0,          0,          0,     188844,     204692,      300,     5900,    51000,    88000,   166000,   389000,
      OnlinePurchase,     143457,          0,          0,          0,     132469,     143913,      300,     6000,    48000,    88000,   164000,   375000,
        InstPurchase,      41041,          0,          0,          0,      38375,      41874,      300,     5800,    49000,    86000,   161000,   290000,
          AssocOfCat,        408,          0,          0,          0,        312,        403,    22000,    39000,   120000,   152000,   243040,   251000,
      AssocOfProduct,       4116,          0,          0,          0,       3862,       4312,      500,     5500,    46000,    82000,   160740,   288000,
      BusinessReport,       1027,          0,          0,          0,        892,       1114,    27000,    48000,   123500,   176250,   270150,   391000,
          CustBuyBeh,       4117,          0,          0,          0,       3799,       4370,      300,     5500,    46000,    83000,   159580,   252000,
       ProductReturn,      10866,          0,          0,          0,      10379,      11406,      200,     6300,    54000,    90000,   164000,   292000,

  3901s: (50%)   IR =   6918 .[3903.274s][info][gc,start       ] GC(992) Pause Young (Prepare Mixed) (G1 Evacuation Pause)
[3903.274s][info][gc,task        ] GC(992) Using 6 workers of 6 for evacuation
[3903.395s][info][gc,phases      ] GC(992)   Pre Evacuate Collection Set: 0.33ms
[3903.395s][info][gc,phases      ] GC(992)   Merge Heap Roots: 0.56ms
[3903.395s][info][gc,phases      ] GC(992)   Evacuate Collection Set: 119.49ms
[3903.395s][info][gc,phases      ] GC(992)   Post Evacuate Collection Set: 0.99ms
[3903.395s][info][gc,phases      ] GC(992)   Other: 0.09ms
[3903.395s][info][gc,heap        ] GC(992) Eden regions: 1116->0(1102)
[3903.395s][info][gc,heap        ] GC(992) Survivor regions: 112->113(154)
[3903.395s][info][gc,heap        ] GC(992) Old regions: 506->537
[3903.395s][info][gc,heap        ] GC(992) Humongous regions: 80->80
[3903.395s][info][gc,metaspace   ] GC(992) Metaspace: 28895K(29312K)->28895K(29312K) NonClass: 24027K(24256K)->24027K(24256K) Class: 4868K(5056K)->4868K(5056K)
[3903.395s][info][gc             ] GC(992) Pause Young (Prepare Mixed) (G1 Evacuation Pause) 3627M->1458M(4096M) 121.623ms
[3903.396s][info][gc,cpu         ] GC(992) User=0.72s Sys=0.00s Real=0.12s
..[3905.949s][info][gc,start       ] GC(993) Pause Young (Mixed) (G1 Evacuation Pause)
[3905.949s][info][gc,task        ] GC(993) Using 6 workers of 6 for evacuation
[3906.084s][info][gc,phases      ] GC(993)   Pre Evacuate Collection Set: 0.39ms
[3906.084s][info][gc,phases      ] GC(993)   Merge Heap Roots: 0.73ms
[3906.084s][info][gc,phases      ] GC(993)   Evacuate Collection Set: 132.33ms
[3906.084s][info][gc,phases      ] GC(993)   Post Evacuate Collection Set: 1.00ms
[3906.084s][info][gc,phases      ] GC(993)   Other: 0.08ms
[3906.084s][info][gc,heap        ] GC(993) Eden regions: 1102->0(1118)
[3906.084s][info][gc,heap        ] GC(993) Survivor regions: 113->110(152)
[3906.084s][info][gc,heap        ] GC(993) Old regions: 537->473
[3906.084s][info][gc,heap        ] GC(993) Humongous regions: 80->80
[3906.084s][info][gc,metaspace   ] GC(993) Metaspace: 28895K(29312K)->28895K(29312K) NonClass: 24027K(24256K)->24027K(24256K) Class: 4868K(5056K)->4868K(5056K)
[3906.084s][info][gc             ] GC(993) Pause Young (Mixed) (G1 Evacuation Pause) 3662M->1324M(4096M) 134.665ms
[3906.084s][info][gc,cpu         ] GC(993) User=0.80s Sys=0.00s Real=0.13s
...[3908.606s][info][gc,start       ] GC(994) Pause Young (Concurrent Start) (G1 Evacuation Pause)
[3908.606s][info][gc,task        ] GC(994) Using 6 workers of 6 for evacuation
[3908.723s][info][gc,phases      ] GC(994)   Pre Evacuate Collection Set: 0.37ms
[3908.723s][info][gc,phases      ] GC(994)   Merge Heap Roots: 0.51ms
[3908.723s][info][gc,phases      ] GC(994)   Evacuate Collection Set: 115.15ms
[3908.723s][info][gc,phases      ] GC(994)   Post Evacuate Collection Set: 0.88ms
[3908.723s][info][gc,phases      ] GC(994)   Other: 0.14ms
[3908.723s][info][gc,heap        ] GC(994) Eden regions: 1118->0(1119)
[3908.723s][info][gc,heap        ] GC(994) Survivor regions: 110->109(154)
[3908.723s][info][gc,heap        ] GC(994) Old regions: 473->506
[3908.723s][info][gc,heap        ] GC(994) Humongous regions: 80->80
[3908.723s][info][gc,metaspace   ] GC(994) Metaspace: 28895K(29312K)->28895K(29312K) NonClass: 24027K(24256K)->24027K(24256K) Class: 4868K(5056K)->4868K(5056K)
[3908.723s][info][gc             ] GC(994) Pause Young (Concurrent Start) (G1 Evacuation Pause) 3560M->1388M(4096M) 117.197ms
[3908.723s][info][gc             ] GC(995) Concurrent Mark Cycle
[3908.723s][info][gc,marking     ] GC(995) Concurrent Scan Root Regions
[3908.723s][info][gc,cpu         ] GC(994) User=0.70s Sys=0.00s Real=0.12s
[3908.899s][info][gc,marking     ] GC(995) Concurrent Scan Root Regions 176.094ms
[3908.899s][info][gc,marking     ] GC(995) Concurrent Mark
[3908.899s][info][gc,marking     ] GC(995) Concurrent Mark From Roots
[3908.899s][info][gc,task        ] GC(995) Using 2 workers of 2 for marking
.|[3909.877s][info][gc,marking     ] GC(995) Concurrent Mark From Roots 977.304ms
[3909.877s][info][gc,marking     ] GC(995) Concurrent Preclean
[3909.877s][info][gc,marking     ] GC(995) Concurrent Preclean 0.110ms
[3909.877s][info][gc,start       ] GC(995) Pause Remark
[3909.884s][info][gc             ] GC(995) Pause Remark 2380M->2380M(4096M) 6.943ms
[3909.884s][info][gc,cpu         ] GC(995) User=0.04s Sys=0.00s Real=0.01s
[3909.884s][info][gc,marking     ] GC(995) Concurrent Mark 984.618ms
[3909.884s][info][gc,marking     ] GC(995) Concurrent Rebuild Remembered Sets and Scrub Regions
[3910.146s][info][gc,marking     ] GC(995) Concurrent Rebuild Remembered Sets and Scrub Regions 262.197ms
[3910.146s][info][gc,start       ] GC(995) Pause Cleanup
[3910.147s][info][gc             ] GC(995) Pause Cleanup 2604M->2604M(4096M) 0.109ms
[3910.147s][info][gc,cpu         ] GC(995) User=0.00s Sys=0.00s Real=0.00s
[3910.147s][info][gc,marking     ] GC(995) Concurrent Clear Claimed Marks
[3910.147s][info][gc,marking     ] GC(995) Concurrent Clear Claimed Marks 0.031ms
[3910.147s][info][gc,marking     ] GC(995) Concurrent Cleanup for Next Mark
[3910.152s][info][gc,marking     ] GC(995) Concurrent Cleanup for Next Mark 5.139ms
[3910.152s][info][gc             ] GC(995) Concurrent Mark Cycle 1428.825ms
..[3911.342s][info][gc,start       ] GC(996) Pause Young (Prepare Mixed) (G1 Evacuation Pause)
[3911.343s][info][gc,task        ] GC(996) Using 6 workers of 6 for evacuation
[3911.461s][info][gc,phases      ] GC(996)   Pre Evacuate Collection Set: 0.36ms
[3911.461s][info][gc,phases      ] GC(996)   Merge Heap Roots: 0.60ms
[3911.461s][info][gc,phases      ] GC(996)   Evacuate Collection Set: 116.65ms
[3911.461s][info][gc,phases      ] GC(996)   Post Evacuate Collection Set: 0.94ms
[3911.461s][info][gc,phases      ] GC(996)   Other: 0.11ms
[3911.461s][info][gc,heap        ] GC(996) Eden regions: 1119->0(1106)
[3911.461s][info][gc,heap        ] GC(996) Survivor regions: 109->110(154)
[3911.461s][info][gc,heap        ] GC(996) Old regions: 506->539
[3911.461s][info][gc,heap        ] GC(996) Humongous regions: 80->80
[3911.461s][info][gc,metaspace   ] GC(996) Metaspace: 28895K(29312K)->28895K(29312K) NonClass: 24027K(24256K)->24027K(24256K) Class: 4868K(5056K)->4868K(5056K)
[3911.461s][info][gc             ] GC(996) Pause Young (Prepare Mixed) (G1 Evacuation Pause) 3626M->1456M(4096M) 118.778ms
[3911.461s][info][gc,cpu         ] GC(996) User=0.70s Sys=0.00s Real=0.12s
..[3914.018s][info][gc,start       ] GC(997) Pause Young (Mixed) (G1 Evacuation Pause)
[3914.018s][info][gc,task        ] GC(997) Using 6 workers of 6 for evacuation
[3914.156s][info][gc,phases      ] GC(997)   Pre Evacuate Collection Set: 0.37ms
[3914.156s][info][gc,phases      ] GC(997)   Merge Heap Roots: 0.77ms
[3914.156s][info][gc,phases      ] GC(997)   Evacuate Collection Set: 136.01ms
[3914.156s][info][gc,phases      ] GC(997)   Post Evacuate Collection Set: 0.94ms
[3914.156s][info][gc,phases      ] GC(997)   Other: 0.08ms
[3914.156s][info][gc,heap        ] GC(997) Eden regions: 1106->0(1115)
[3914.156s][info][gc,heap        ] GC(997) Survivor regions: 110->113(152)
[3914.156s][info][gc,heap        ] GC(997) Old regions: 539->475
[3914.156s][info][gc,heap        ] GC(997) Humongous regions: 80->80
[3914.156s][info][gc,metaspace   ] GC(997) Metaspace: 28895K(29312K)->28895K(29312K) NonClass: 24027K(24256K)->24027K(24256K) Class: 4868K(5056K)->4868K(5056K)
[3914.156s][info][gc             ] GC(997) Pause Young (Mixed) (G1 Evacuation Pause) 3668M->1335M(4096M) 138.304ms
[3914.156s][info][gc,cpu         ] GC(997) User=0.82s Sys=0.00s Real=0.14s
...[3916.775s][info][gc,start       ] GC(998) Pause Young (Concurrent Start) (G1 Evacuation Pause)
[3916.775s][info][gc,task        ] GC(998) Using 6 workers of 6 for evacuation
[3916.891s][info][gc,phases      ] GC(998)   Pre Evacuate Collection Set: 0.35ms
[3916.891s][info][gc,phases      ] GC(998)   Merge Heap Roots: 0.51ms
[3916.891s][info][gc,phases      ] GC(998)   Evacuate Collection Set: 114.49ms
[3916.891s][info][gc,phases      ] GC(998)   Post Evacuate Collection Set: 0.89ms
[3916.891s][info][gc,phases      ] GC(998)   Other: 0.11ms
[3916.891s][info][gc,heap        ] GC(998) Eden regions: 1115->0(1120)
[3916.891s][info][gc,heap        ] GC(998) Survivor regions: 113->108(154)
[3916.891s][info][gc,heap        ] GC(998) Old regions: 475->507
[3916.891s][info][gc,heap        ] GC(998) Humongous regions: 80->80
[3916.891s][info][gc,metaspace   ] GC(998) Metaspace: 28895K(29312K)->28895K(29312K) NonClass: 24027K(24256K)->24027K(24256K) Class: 4868K(5056K)->4868K(5056K)
[3916.891s][info][gc             ] GC(998) Pause Young (Concurrent Start) (G1 Evacuation Pause) 3565M->1388M(4096M) 116.483ms
[3916.891s][info][gc             ] GC(999) Concurrent Mark Cycle
[3916.891s][info][gc,marking     ] GC(999) Concurrent Scan Root Regions
[3916.891s][info][gc,cpu         ] GC(998) User=0.69s Sys=0.00s Real=0.12s
[3917.068s][info][gc,marking     ] GC(999) Concurrent Scan Root Regions 176.360ms
[3917.068s][info][gc,marking     ] GC(999) Concurrent Mark
[3917.068s][info][gc,marking     ] GC(999) Concurrent Mark From Roots
[3917.068s][info][gc,task        ] GC(999) Using 2 workers of 2 for marking
.[3918.012s][info][gc,marking     ] GC(999) Concurrent Mark From Roots 944.232ms
[3918.012s][info][gc,marking     ] GC(999) Concurrent Preclean
[3918.012s][info][gc,marking     ] GC(999) Concurrent Preclean 0.090ms
[3918.013s][info][gc,start       ] GC(999) Pause Remark
[3918.020s][info][gc             ] GC(999) Pause Remark 2416M->2416M(4096M) 6.812ms
[3918.020s][info][gc,cpu         ] GC(999) User=0.03s Sys=0.00s Real=0.01s
[3918.020s][info][gc,marking     ] GC(999) Concurrent Mark 952.382ms
[3918.020s][info][gc,marking     ] GC(999) Concurrent Rebuild Remembered Sets and Scrub Regions
.[3918.315s][info][gc,marking     ] GC(999) Concurrent Rebuild Remembered Sets and Scrub Regions 294.774ms
[3918.315s][info][gc,start       ] GC(999) Pause Cleanup
[3918.315s][info][gc             ] GC(999) Pause Cleanup 2643M->2643M(4096M) 0.115ms
[3918.315s][info][gc,cpu         ] GC(999) User=0.00s Sys=0.00s Real=0.00s
[3918.315s][info][gc,marking     ] GC(999) Concurrent Clear Claimed Marks
[3918.315s][info][gc,marking     ] GC(999) Concurrent Clear Claimed Marks 0.032ms
[3918.315s][info][gc,marking     ] GC(999) Concurrent Cleanup for Next Mark
[3918.321s][info][gc,marking     ] GC(999) Concurrent Cleanup for Next Mark 5.720ms
[3918.321s][info][gc             ] GC(999) Concurrent Mark Cycle 1429.803ms
.[3919.414s][info][gc,start       ] GC(1000) Pause Young (Prepare Mixed) (G1 Evacuation Pause)
[3919.414s][info][gc,task        ] GC(1000) Using 6 workers of 6 for evacuation
[3919.534s][info][gc,phases      ] GC(1000)   Pre Evacuate Collection Set: 0.32ms
[3919.534s][info][gc,phases      ] GC(1000)   Merge Heap Roots: 0.49ms
[3919.534s][info][gc,phases      ] GC(1000)   Evacuate Collection Set: 118.09ms
[3919.534s][info][gc,phases      ] GC(1000)   Post Evacuate Collection Set: 0.94ms
[3919.534s][info][gc,phases      ] GC(1000)   Other: 0.09ms
[3919.534s][info][gc,heap        ] GC(1000) Eden regions: 1120->0(1101)
[3919.534s][info][gc,heap        ] GC(1000) Survivor regions: 108->112(154)
[3919.534s][info][gc,heap        ] GC(1000) Old regions: 507->540
[3919.534s][info][gc,heap        ] GC(1000) Humongous regions: 80->80
[3919.534s][info][gc,metaspace   ] GC(1000) Metaspace: 28895K(29312K)->28895K(29312K) NonClass: 24027K(24256K)->24027K(24256K) Class: 4868K(5056K)->4868K(5056K)
[3919.534s][info][gc             ] GC(1000) Pause Young (Prepare Mixed) (G1 Evacuation Pause) 3628M->1461M(4096M) 120.053ms
[3919.534s][info][gc,cpu         ] GC(1000) User=0.72s Sys=0.00s Real=0.12s
..[3922.091s][info][gc,start       ] GC(1001) Pause Young (Mixed) (G1 Evacuation Pause)
[3922.091s][info][gc,task        ] GC(1001) Using 6 workers of 6 for evacuation
[3922.228s][info][gc,phases      ] GC(1001)   Pre Evacuate Collection Set: 0.36ms
[3922.228s][info][gc,phases      ] GC(1001)   Merge Heap Roots: 0.71ms
[3922.228s][info][gc,phases      ] GC(1001)   Evacuate Collection Set: 134.47ms
[3922.228s][info][gc,phases      ] GC(1001)   Post Evacuate Collection Set: 0.97ms
[3922.228s][info][gc,phases      ] GC(1001)   Other: 0.09ms
[3922.228s][info][gc,heap        ] GC(1001) Eden regions: 1101->0(1116)
[3922.228s][info][gc,heap        ] GC(1001) Survivor regions: 112->112(152)
[3922.228s][info][gc,heap        ] GC(1001) Old regions: 540->475
[3922.228s][info][gc,heap        ] GC(1001) Humongous regions: 80->80
[3922.228s][info][gc,metaspace   ] GC(1001) Metaspace: 28895K(29312K)->28895K(29312K) NonClass: 24027K(24256K)->24027K(24256K) Class: 4868K(5056K)->4868K(5056K)
[3922.228s][info][gc             ] GC(1001) Pause Young (Mixed) (G1 Evacuation Pause) 3663M->1333M(4096M) 136.732ms
[3922.228s][info][gc,cpu         ] GC(1001) User=0.82s Sys=0.00s Real=0.13s
...[3924.819s][info][gc,start       ] GC(1002) Pause Young (Concurrent Start) (G1 Evacuation Pause)
[3924.819s][info][gc,task        ] GC(1002) Using 6 workers of 6 for evacuation
[3924.936s][info][gc,phases      ] GC(1002)   Pre Evacuate Collection Set: 0.38ms
[3924.936s][info][gc,phases      ] GC(1002)   Merge Heap Roots: 0.48ms
[3924.936s][info][gc,phases      ] GC(1002)   Evacuate Collection Set: 115.02ms
[3924.936s][info][gc,phases      ] GC(1002)   Post Evacuate Collection Set: 0.89ms
[3924.936s][info][gc,phases      ] GC(1002)   Other: 0.12ms
[3924.936s][info][gc,heap        ] GC(1002) Eden regions: 1116->0(1118)
[3924.936s][info][gc,heap        ] GC(1002) Survivor regions: 112->110(154)
[3924.936s][info][gc,heap        ] GC(1002) Old regions: 475->507
[3924.936s][info][gc,heap        ] GC(1002) Humongous regions: 80->80
[3924.936s][info][gc,metaspace   ] GC(1002) Metaspace: 28895K(29312K)->28895K(29312K) NonClass: 24027K(24256K)->24027K(24256K) Class: 4868K(5056K)->4868K(5056K)
[3924.936s][info][gc             ] GC(1002) Pause Young (Concurrent Start) (G1 Evacuation Pause) 3565M->1391M(4096M) 117.069ms
[3924.936s][info][gc             ] GC(1003) Concurrent Mark Cycle
[3924.936s][info][gc,marking     ] GC(1003) Concurrent Scan Root Regions
[3924.936s][info][gc,cpu         ] GC(1002) User=0.69s Sys=0.00s Real=0.11s
[3925.114s][info][gc,marking     ] GC(1003) Concurrent Scan Root Regions 178.274ms
[3925.114s][info][gc,marking     ] GC(1003) Concurrent Mark
[3925.114s][info][gc,marking     ] GC(1003) Concurrent Mark From Roots
[3925.114s][info][gc,task        ] GC(1003) Using 2 workers of 2 for marking
.[3926.056s][info][gc,marking     ] GC(1003) Concurrent Mark From Roots 941.357ms
[3926.056s][info][gc,marking     ] GC(1003) Concurrent Preclean
[3926.056s][info][gc,marking     ] GC(1003) Concurrent Preclean 0.119ms
[3926.057s][info][gc,start       ] GC(1003) Pause Remark
[3926.062s][info][gc             ] GC(1003) Pause Remark 2371M->2371M(4096M) 5.932ms
[3926.063s][info][gc,cpu         ] GC(1003) User=0.04s Sys=0.00s Real=0.01s
[3926.063s][info][gc,marking     ] GC(1003) Concurrent Mark 948.733ms
[3926.063s][info][gc,marking     ] GC(1003) Concurrent Rebuild Remembered Sets and Scrub Regions
.[3926.422s][info][gc,marking     ] GC(1003) Concurrent Rebuild Remembered Sets and Scrub Regions 358.990ms
[3926.422s][info][gc,start       ] GC(1003) Pause Cleanup
[3926.422s][info][gc             ] GC(1003) Pause Cleanup 2690M->2690M(4096M) 0.102ms
[3926.422s][info][gc,cpu         ] GC(1003) User=0.00s Sys=0.00s Real=0.00s
[3926.423s][info][gc,marking     ] GC(1003) Concurrent Clear Claimed Marks
[3926.423s][info][gc,marking     ] GC(1003) Concurrent Clear Claimed Marks 0.029ms
[3926.423s][info][gc,marking     ] GC(1003) Concurrent Cleanup for Next Mark
[3926.428s][info][gc,marking     ] GC(1003) Concurrent Cleanup for Next Mark 4.936ms
[3926.428s][info][gc             ] GC(1003) Concurrent Mark Cycle 1491.644ms
.[3927.530s][info][gc,start       ] GC(1004) Pause Young (Prepare Mixed) (G1 Evacuation Pause)
[3927.530s][info][gc,task        ] GC(1004) Using 6 workers of 6 for evacuation
[3927.649s][info][gc,phases      ] GC(1004)   Pre Evacuate Collection Set: 0.35ms
[3927.649s][info][gc,phases      ] GC(1004)   Merge Heap Roots: 0.57ms
[3927.649s][info][gc,phases      ] GC(1004)   Evacuate Collection Set: 116.38ms
[3927.649s][info][gc,phases      ] GC(1004)   Post Evacuate Collection Set: 0.93ms
[3927.649s][info][gc,phases      ] GC(1004)   Other: 0.09ms
[3927.649s][info][gc,heap        ] GC(1004) Eden regions: 1118->0(1109)
[3927.649s][info][gc,heap        ] GC(1004) Survivor regions: 110->109(154)
[3927.649s][info][gc,heap        ] GC(1004) Old regions: 507->538
[3927.649s][info][gc,heap        ] GC(1004) Humongous regions: 80->80
[3927.649s][info][gc,metaspace   ] GC(1004) Metaspace: 28895K(29312K)->28895K(29312K) NonClass: 24027K(24256K)->24027K(24256K) Class: 4868K(5056K)->4868K(5056K)
[3927.649s][info][gc             ] GC(1004) Pause Young (Prepare Mixed) (G1 Evacuation Pause) 3627M->1453M(4096M) 118.455ms
[3927.649s][info][gc,cpu         ] GC(1004) User=0.70s Sys=0.01s Real=0.12s
..[3930.178s][info][gc,start       ] GC(1005) Pause Young (Mixed) (G1 Evacuation Pause)
[3930.179s][info][gc,task        ] GC(1005) Using 6 workers of 6 for evacuation
[3930.311s][info][gc,phases      ] GC(1005)   Pre Evacuate Collection Set: 0.37ms
[3930.311s][info][gc,phases      ] GC(1005)   Merge Heap Roots: 0.64ms
[3930.311s][info][gc,phases      ] GC(1005)   Evacuate Collection Set: 130.87ms
[3930.311s][info][gc,phases      ] GC(1005)   Post Evacuate Collection Set: 0.94ms
[3930.312s][info][gc,phases      ] GC(1005)   Other: 0.09ms
[3930.312s][info][gc,heap        ] GC(1005) Eden regions: 1109->0(1117)
[3930.312s][info][gc,heap        ] GC(1005) Survivor regions: 109->111(153)
[3930.312s][info][gc,heap        ] GC(1005) Old regions: 538->474
[3930.312s][info][gc,heap        ] GC(1005) Humongous regions: 80->80
[3930.312s][info][gc,metaspace   ] GC(1005) Metaspace: 28895K(29312K)->28895K(29312K) NonClass: 24027K(24256K)->24027K(24256K) Class: 4868K(5056K)->4868K(5056K)
[3930.312s][info][gc             ] GC(1005) Pause Young (Mixed) (G1 Evacuation Pause) 3671M->1328M(4096M) 133.064ms
[3930.312s][info][gc,cpu         ] GC(1005) User=0.79s Sys=0.00s Real=0.14s
...[3932.933s][info][gc,start       ] GC(1006) Pause Young (Concurrent Start) (G1 Evacuation Pause)
[3932.933s][info][gc,task        ] GC(1006) Using 6 workers of 6 for evacuation
[3933.056s][info][gc,phases      ] GC(1006)   Pre Evacuate Collection Set: 0.40ms
[3933.056s][info][gc,phases      ] GC(1006)   Merge Heap Roots: 0.56ms
[3933.056s][info][gc,phases      ] GC(1006)   Evacuate Collection Set: 121.05ms
[3933.056s][info][gc,phases      ] GC(1006)   Post Evacuate Collection Set: 0.89ms
[3933.056s][info][gc,phases      ] GC(1006)   Other: 0.13ms
[3933.056s][info][gc,heap        ] GC(1006) Eden regions: 1117->0(1116)
[3933.056s][info][gc,heap        ] GC(1006) Survivor regions: 111->112(154)
[3933.056s][info][gc,heap        ] GC(1006) Old regions: 474->506
[3933.056s][info][gc,heap        ] GC(1006) Humongous regions: 80->80
[3933.056s][info][gc,metaspace   ] GC(1006) Metaspace: 28895K(29312K)->28895K(29312K) NonClass: 24027K(24256K)->24027K(24256K) Class: 4868K(5056K)->4868K(5056K)
[3933.056s][info][gc             ] GC(1006) Pause Young (Concurrent Start) (G1 Evacuation Pause) 3562M->1395M(4096M) 123.158ms
[3933.056s][info][gc             ] GC(1007) Concurrent Mark Cycle
[3933.056s][info][gc,marking     ] GC(1007) Concurrent Scan Root Regions
[3933.056s][info][gc,cpu         ] GC(1006) User=0.73s Sys=0.00s Real=0.12s
[3933.235s][info][gc,marking     ] GC(1007) Concurrent Scan Root Regions 179.360ms
[3933.236s][info][gc,marking     ] GC(1007) Concurrent Mark
[3933.236s][info][gc,marking     ] GC(1007) Concurrent Mark From Roots
[3933.236s][info][gc,task        ] GC(1007) Using 2 workers of 2 for marking
.[3933.924s][info][gc,marking     ] GC(1007) Concurrent Mark From Roots 688.930ms
[3933.925s][info][gc,marking     ] GC(1007) Concurrent Preclean
[3933.925s][info][gc,marking     ] GC(1007) Concurrent Preclean 0.091ms
[3933.925s][info][gc,start       ] GC(1007) Pause Remark
[3933.930s][info][gc             ] GC(1007) Pause Remark 2137M->2137M(4096M) 5.187ms
[3933.930s][info][gc,cpu         ] GC(1007) User=0.03s Sys=0.00s Real=0.01s
[3933.930s][info][gc,marking     ] GC(1007) Concurrent Mark 694.488ms
[3933.930s][info][gc,marking     ] GC(1007) Concurrent Rebuild Remembered Sets and Scrub Regions
[3934.197s][info][gc,marking     ] GC(1007) Concurrent Rebuild Remembered Sets and Scrub Regions 266.650ms
[3934.197s][info][gc,start       ] GC(1007) Pause Cleanup
[3934.197s][info][gc             ] GC(1007) Pause Cleanup 2376M->2376M(4096M) 0.107ms
[3934.197s][info][gc,cpu         ] GC(1007) User=0.00s Sys=0.00s Real=0.00s
[3934.197s][info][gc,marking     ] GC(1007) Concurrent Clear Claimed Marks
[3934.197s][info][gc,marking     ] GC(1007) Concurrent Clear Claimed Marks 0.021ms
[3934.197s][info][gc,marking     ] GC(1007) Concurrent Cleanup for Next Mark
[3934.202s][info][gc,marking     ] GC(1007) Concurrent Cleanup for Next Mark 4.664ms
[3934.202s][info][gc             ] GC(1007) Concurrent Mark Cycle 1145.633ms
..[3935.674s][info][gc,start       ] GC(1008) Pause Young (Prepare Mixed) (G1 Evacuation Pause)
[3935.674s][info][gc,task        ] GC(1008) Using 6 workers of 6 for evacuation
[3935.793s][info][gc,phases      ] GC(1008)   Pre Evacuate Collection Set: 0.31ms
[3935.793s][info][gc,phases      ] GC(1008)   Merge Heap Roots: 0.53ms
[3935.793s][info][gc,phases      ] GC(1008)   Evacuate Collection Set: 117.03ms
[3935.793s][info][gc,phases      ] GC(1008)   Post Evacuate Collection Set: 0.97ms
[3935.793s][info][gc,phases      ] GC(1008)   Other: 0.09ms
[3935.793s][info][gc,heap        ] GC(1008) Eden regions: 1116->0(1107)
[3935.793s][info][gc,heap        ] GC(1008) Survivor regions: 112->110(154)
[3935.793s][info][gc,heap        ] GC(1008) Old regions: 506->538
[3935.793s][info][gc,heap        ] GC(1008) Humongous regions: 80->80
[3935.793s][info][gc,metaspace   ] GC(1008) Metaspace: 28895K(29312K)->28895K(29312K) NonClass: 24027K(24256K)->24027K(24256K) Class: 4868K(5056K)->4868K(5056K)
[3935.793s][info][gc             ] GC(1008) Pause Young (Prepare Mixed) (G1 Evacuation Pause) 3627M->1454M(4096M) 119.047ms
[3935.793s][info][gc,cpu         ] GC(1008) User=0.71s Sys=0.00s Real=0.12s
..[3938.325s][info][gc,start       ] GC(1009) Pause Young (Mixed) (G1 Evacuation Pause)
[3938.325s][info][gc,task        ] GC(1009) Using 6 workers of 6 for evacuation
[3938.466s][info][gc,phases      ] GC(1009)   Pre Evacuate Collection Set: 0.34ms
[3938.466s][info][gc,phases      ] GC(1009)   Merge Heap Roots: 0.80ms
[3938.466s][info][gc,phases      ] GC(1009)   Evacuate Collection Set: 139.28ms
[3938.466s][info][gc,phases      ] GC(1009)   Post Evacuate Collection Set: 0.96ms
[3938.466s][info][gc,phases      ] GC(1009)   Other: 0.09ms
[3938.466s][info][gc,heap        ] GC(1009) Eden regions: 1107->0(1114)
[3938.467s][info][gc,heap        ] GC(1009) Survivor regions: 110->114(153)
[3938.467s][info][gc,heap        ] GC(1009) Old regions: 538->473
[3938.467s][info][gc,heap        ] GC(1009) Humongous regions: 80->80
[3938.467s][info][gc,metaspace   ] GC(1009) Metaspace: 28895K(29312K)->28895K(29312K) NonClass: 24027K(24256K)->24027K(24256K) Class: 4868K(5056K)->4868K(5056K)
[3938.467s][info][gc             ] GC(1009) Pause Young (Mixed) (G1 Evacuation Pause) 3668M->1332M(4096M) 141.601ms
[3938.467s][info][gc,cpu         ] GC(1009) User=0.84s Sys=0.00s Real=0.14s
...[3941.071s][info][gc,start       ] GC(1010) Pause Young (Concurrent Start) (G1 Evacuation Pause)
[3941.071s][info][gc,task        ] GC(1010) Using 6 workers of 6 for evacuation
[3941.189s][info][gc,phases      ] GC(1010)   Pre Evacuate Collection Set: 0.36ms
[3941.189s][info][gc,phases      ] GC(1010)   Merge Heap Roots: 0.49ms
[3941.189s][info][gc,phases      ] GC(1010)   Evacuate Collection Set: 115.83ms
[3941.189s][info][gc,phases      ] GC(1010)   Post Evacuate Collection Set: 0.89ms
[3941.189s][info][gc,phases      ] GC(1010)   Other: 0.13ms
[3941.189s][info][gc,heap        ] GC(1010) Eden regions: 1114->0(1119)
[3941.189s][info][gc,heap        ] GC(1010) Survivor regions: 114->109(154)
[3941.189s][info][gc,heap        ] GC(1010) Old regions: 473->505
[3941.189s][info][gc,heap        ] GC(1010) Humongous regions: 80->80
[3941.189s][info][gc,metaspace   ] GC(1010) Metaspace: 28895K(29312K)->28895K(29312K) NonClass: 24027K(24256K)->24027K(24256K) Class: 4868K(5056K)->4868K(5056K)
[3941.189s][info][gc             ] GC(1010) Pause Young (Concurrent Start) (G1 Evacuation Pause) 3560M->1387M(4096M) 117.832ms
[3941.189s][info][gc             ] GC(1011) Concurrent Mark Cycle
[3941.189s][info][gc,marking     ] GC(1011) Concurrent Scan Root Regions
[3941.189s][info][gc,cpu         ] GC(1010) User=0.71s Sys=0.00s Real=0.12s
[3941.324s][info][gc,marking     ] GC(1011) Concurrent Scan Root Regions 135.508ms
[3941.324s][info][gc,marking     ] GC(1011) Concurrent Mark
[3941.324s][info][gc,marking     ] GC(1011) Concurrent Mark From Roots
[3941.324s][info][gc,task        ] GC(1011) Using 2 workers of 2 for marking
.[3942.253s][info][gc,marking     ] GC(1011) Concurrent Mark From Roots 929.004ms
[3942.253s][info][gc,marking     ] GC(1011) Concurrent Preclean
[3942.254s][info][gc,marking     ] GC(1011) Concurrent Preclean 0.121ms
[3942.254s][info][gc,start       ] GC(1011) Pause Remark
[3942.261s][info][gc             ] GC(1011) Pause Remark 2333M->2333M(4096M) 6.907ms
[3942.261s][info][gc,cpu         ] GC(1011) User=0.04s Sys=0.00s Real=0.01s
[3942.263s][info][gc,marking     ] GC(1011) Concurrent Mark 938.840ms
[3942.263s][info][gc,marking     ] GC(1011) Concurrent Rebuild Remembered Sets and Scrub Regions
.[3942.624s][info][gc,marking     ] GC(1011) Concurrent Rebuild Remembered Sets and Scrub Regions 360.743ms
[3942.624s][info][gc,start       ] GC(1011) Pause Cleanup
[3942.624s][info][gc             ] GC(1011) Pause Cleanup 2668M->2668M(4096M) 0.111ms
[3942.624s][info][gc,cpu         ] GC(1011) User=0.00s Sys=0.00s Real=0.00s
[3942.624s][info][gc,marking     ] GC(1011) Concurrent Clear Claimed Marks
[3942.624s][info][gc,marking     ] GC(1011) Concurrent Clear Claimed Marks 0.024ms
[3942.624s][info][gc,marking     ] GC(1011) Concurrent Cleanup for Next Mark
[3942.676s][info][gc,marking     ] GC(1011) Concurrent Cleanup for Next Mark 51.349ms
[3942.676s][info][gc             ] GC(1011) Concurrent Mark Cycle 1486.897ms
.[3943.751s][info][gc,start       ] GC(1012) Pause Young (Prepare Mixed) (G1 Evacuation Pause)
[3943.751s][info][gc,task        ] GC(1012) Using 6 workers of 6 for evacuation
[3943.869s][info][gc,phases      ] GC(1012)   Pre Evacuate Collection Set: 0.31ms
[3943.869s][info][gc,phases      ] GC(1012)   Merge Heap Roots: 0.64ms
[3943.869s][info][gc,phases      ] GC(1012)   Evacuate Collection Set: 116.34ms
[3943.869s][info][gc,phases      ] GC(1012)   Post Evacuate Collection Set: 0.92ms
[3943.869s][info][gc,phases      ] GC(1012)   Other: 0.10ms
[3943.869s][info][gc,heap        ] GC(1012) Eden regions: 1119->0(1109)
[3943.869s][info][gc,heap        ] GC(1012) Survivor regions: 109->110(154)
[3943.869s][info][gc,heap        ] GC(1012) Old regions: 505->536
[3943.869s][info][gc,heap        ] GC(1012) Humongous regions: 80->80
[3943.869s][info][gc,metaspace   ] GC(1012) Metaspace: 28895K(29312K)->28895K(29312K) NonClass: 24027K(24256K)->24027K(24256K) Class: 4868K(5056K)->4868K(5056K)
[3943.869s][info][gc             ] GC(1012) Pause Young (Prepare Mixed) (G1 Evacuation Pause) 3625M->1449M(4096M) 118.459ms
[3943.870s][info][gc,cpu         ] GC(1012) User=0.70s Sys=0.00s Real=0.12s
..[3946.459s][info][gc,start       ] GC(1013) Pause Young (Mixed) (G1 Evacuation Pause)
[3946.459s][info][gc,task        ] GC(1013) Using 6 workers of 6 for evacuation
[3946.596s][info][gc,phases      ] GC(1013)   Pre Evacuate Collection Set: 0.35ms
[3946.596s][info][gc,phases      ] GC(1013)   Merge Heap Roots: 0.75ms
[3946.596s][info][gc,phases      ] GC(1013)   Evacuate Collection Set: 134.19ms
[3946.596s][info][gc,phases      ] GC(1013)   Post Evacuate Collection Set: 0.96ms
[3946.596s][info][gc,phases      ] GC(1013)   Other: 0.09ms
[3946.596s][info][gc,heap        ] GC(1013) Eden regions: 1109->0(1117)
[3946.596s][info][gc,heap        ] GC(1013) Survivor regions: 110->111(153)
[3946.596s][info][gc,heap        ] GC(1013) Old regions: 536->474
[3946.596s][info][gc,heap        ] GC(1013) Humongous regions: 80->80
[3946.596s][info][gc,metaspace   ] GC(1013) Metaspace: 28895K(29312K)->28895K(29312K) NonClass: 24027K(24256K)->24027K(24256K) Class: 4868K(5056K)->4868K(5056K)
[3946.596s][info][gc             ] GC(1013) Pause Young (Mixed) (G1 Evacuation Pause) 3667M->1328M(4096M) 136.470ms
[3946.596s][info][gc,cpu         ] GC(1013) User=0.82s Sys=0.00s Real=0.13s
...[3949.146s][info][gc,start       ] GC(1014) Pause Young (Concurrent Start) (G1 Evacuation Pause)
[3949.146s][info][gc,task        ] GC(1014) Using 6 workers of 6 for evacuation
[3949.265s][info][gc,phases      ] GC(1014)   Pre Evacuate Collection Set: 0.40ms
[3949.265s][info][gc,phases      ] GC(1014)   Merge Heap Roots: 0.50ms
[3949.265s][info][gc,phases      ] GC(1014)   Evacuate Collection Set: 116.74ms
[3949.265s][info][gc,phases      ] GC(1014)   Post Evacuate Collection Set: 0.87ms
[3949.265s][info][gc,phases      ] GC(1014)   Other: 0.11ms
[3949.265s][info][gc,heap        ] GC(1014) Eden regions: 1117->0(1117)
[3949.265s][info][gc,heap        ] GC(1014) Survivor regions: 111->111(154)
[3949.265s][info][gc,heap        ] GC(1014) Old regions: 474->506
[3949.265s][info][gc,heap        ] GC(1014) Humongous regions: 80->80
[3949.265s][info][gc,metaspace   ] GC(1014) Metaspace: 28895K(29312K)->28895K(29312K) NonClass: 24027K(24256K)->24027K(24256K) Class: 4868K(5056K)->4868K(5056K)
[3949.265s][info][gc             ] GC(1014) Pause Young (Concurrent Start) (G1 Evacuation Pause) 3562M->1391M(4096M) 118.767ms
[3949.265s][info][gc             ] GC(1015) Concurrent Mark Cycle
[3949.265s][info][gc,marking     ] GC(1015) Concurrent Scan Root Regions
[3949.265s][info][gc,cpu         ] GC(1014) User=0.71s Sys=0.00s Real=0.12s
[3949.442s][info][gc,marking     ] GC(1015) Concurrent Scan Root Regions 177.168ms
[3949.442s][info][gc,marking     ] GC(1015) Concurrent Mark
[3949.442s][info][gc,marking     ] GC(1015) Concurrent Mark From Roots
[3949.442s][info][gc,task        ] GC(1015) Using 2 workers of 2 for marking
.[3950.387s][info][gc,marking     ] GC(1015) Concurrent Mark From Roots 945.455ms
[3950.387s][info][gc,marking     ] GC(1015) Concurrent Preclean
[3950.388s][info][gc,marking     ] GC(1015) Concurrent Preclean 0.123ms
[3950.388s][info][gc,start       ] GC(1015) Pause Remark
[3950.396s][info][gc             ] GC(1015) Pause Remark 2392M->2392M(4096M) 7.819ms
[3950.396s][info][gc,cpu         ] GC(1015) User=0.05s Sys=0.00s Real=0.01s
[3950.398s][info][gc,marking     ] GC(1015) Concurrent Mark 956.116ms
[3950.398s][info][gc,marking     ] GC(1015) Concurrent Rebuild Remembered Sets and Scrub Regions
.[3950.813s][info][gc,marking     ] GC(1015) Concurrent Rebuild Remembered Sets and Scrub Regions 414.642ms
[3950.813s][info][gc,start       ] GC(1015) Pause Cleanup
[3950.813s][info][gc             ] GC(1015) Pause Cleanup 2751M->2751M(4096M) 0.095ms
[3950.813s][info][gc,cpu         ] GC(1015) User=0.00s Sys=0.00s Real=0.00s
[3950.813s][info][gc,marking     ] GC(1015) Concurrent Clear Claimed Marks
[3950.813s][info][gc,marking     ] GC(1015) Concurrent Clear Claimed Marks 0.032ms
[3950.813s][info][gc,marking     ] GC(1015) Concurrent Cleanup for Next Mark
[3950.818s][info][gc,marking     ] GC(1015) Concurrent Cleanup for Next Mark 4.767ms
[3950.818s][info][gc             ] GC(1015) Concurrent Mark Cycle 1553.233ms
.[3951.918s][info][gc,start       ] GC(1016) Pause Young (Prepare Mixed) (G1 Evacuation Pause)
[3951.918s][info][gc,task        ] GC(1016) Using 6 workers of 6 for evacuation
[3952.037s][info][gc,phases      ] GC(1016)   Pre Evacuate Collection Set: 0.33ms
[3952.037s][info][gc,phases      ] GC(1016)   Merge Heap Roots: 0.53ms
[3952.037s][info][gc,phases      ] GC(1016)   Evacuate Collection Set: 117.15ms
[3952.037s][info][gc,phases      ] GC(1016)   Post Evacuate Collection Set: 0.95ms
[3952.037s][info][gc,phases      ] GC(1016)   Other: 0.08ms
[3952.037s][info][gc,heap        ] GC(1016) Eden regions: 1117->0(1104)
[3952.037s][info][gc,heap        ] GC(1016) Survivor regions: 111->112(154)
[3952.037s][info][gc,heap        ] GC(1016) Old regions: 506->537
[3952.037s][info][gc,heap        ] GC(1016) Humongous regions: 80->80
[3952.037s][info][gc,metaspace   ] GC(1016) Metaspace: 28895K(29312K)->28895K(29312K) NonClass: 24027K(24256K)->24027K(24256K) Class: 4868K(5056K)->4868K(5056K)
[3952.037s][info][gc             ] GC(1016) Pause Young (Prepare Mixed) (G1 Evacuation Pause) 3625M->1456M(4096M) 119.185ms
[3952.037s][info][gc,cpu         ] GC(1016) User=0.71s Sys=0.00s Real=0.12s
..[3954.548s][info][gc,start       ] GC(1017) Pause Young (Mixed) (G1 Evacuation Pause)
[3954.549s][info][gc,task        ] GC(1017) Using 6 workers of 6 for evacuation
[3954.686s][info][gc,phases      ] GC(1017)   Pre Evacuate Collection Set: 0.41ms
[3954.686s][info][gc,phases      ] GC(1017)   Merge Heap Roots: 0.96ms
[3954.686s][info][gc,phases      ] GC(1017)   Evacuate Collection Set: 134.81ms
[3954.686s][info][gc,phases      ] GC(1017)   Post Evacuate Collection Set: 0.95ms
[3954.686s][info][gc,phases      ] GC(1017)   Other: 0.10ms
[3954.686s][info][gc,heap        ] GC(1017) Eden regions: 1104->0(1119)
[3954.686s][info][gc,heap        ] GC(1017) Survivor regions: 112->109(152)
[3954.686s][info][gc,heap        ] GC(1017) Old regions: 537->475
[3954.686s][info][gc,heap        ] GC(1017) Humongous regions: 80->80
[3954.686s][info][gc,metaspace   ] GC(1017) Metaspace: 28895K(29312K)->28895K(29312K) NonClass: 24027K(24256K)->24027K(24256K) Class: 4868K(5056K)->4868K(5056K)
[3954.686s][info][gc             ] GC(1017) Pause Young (Mixed) (G1 Evacuation Pause) 3664M->1325M(4096M) 137.389ms
[3954.686s][info][gc,cpu         ] GC(1017) User=0.82s Sys=0.00s Real=0.14s
...[3957.209s][info][gc,start       ] GC(1018) Pause Young (Concurrent Start) (G1 Evacuation Pause)
[3957.209s][info][gc,task        ] GC(1018) Using 6 workers of 6 for evacuation
[3957.329s][info][gc,phases      ] GC(1018)   Pre Evacuate Collection Set: 0.40ms
[3957.329s][info][gc,phases      ] GC(1018)   Merge Heap Roots: 0.47ms
[3957.329s][info][gc,phases      ] GC(1018)   Evacuate Collection Set: 118.48ms
[3957.329s][info][gc,phases      ] GC(1018)   Post Evacuate Collection Set: 0.89ms
[3957.329s][info][gc,phases      ] GC(1018)   Other: 0.12ms
[3957.329s][info][gc,heap        ] GC(1018) Eden regions: 1119->0(1118)
[3957.329s][info][gc,heap        ] GC(1018) Survivor regions: 109->110(154)
[3957.329s][info][gc,heap        ] GC(1018) Old regions: 475->508
[3957.329s][info][gc,heap        ] GC(1018) Humongous regions: 80->80
[3957.329s][info][gc,metaspace   ] GC(1018) Metaspace: 28895K(29312K)->28895K(29312K) NonClass: 24027K(24256K)->24027K(24256K) Class: 4868K(5056K)->4868K(5056K)
[3957.329s][info][gc             ] GC(1018) Pause Young (Concurrent Start) (G1 Evacuation Pause) 3563M->1395M(4096M) 120.490ms
[3957.329s][info][gc             ] GC(1019) Concurrent Mark Cycle
[3957.329s][info][gc,marking     ] GC(1019) Concurrent Scan Root Regions
[3957.329s][info][gc,cpu         ] GC(1018) User=0.72s Sys=0.00s Real=0.12s
[3957.473s][info][gc,marking     ] GC(1019) Concurrent Scan Root Regions 143.571ms
[3957.473s][info][gc,marking     ] GC(1019) Concurrent Mark
[3957.473s][info][gc,marking     ] GC(1019) Concurrent Mark From Roots
[3957.473s][info][gc,task        ] GC(1019) Using 2 workers of 2 for marking
.[3958.164s][info][gc,marking     ] GC(1019) Concurrent Mark From Roots 691.018ms
[3958.164s][info][gc,marking     ] GC(1019) Concurrent Preclean
[3958.164s][info][gc,marking     ] GC(1019) Concurrent Preclean 0.069ms
[3958.164s][info][gc,start       ] GC(1019) Pause Remark
[3958.168s][info][gc             ] GC(1019) Pause Remark 2138M->2138M(4096M) 4.472ms
[3958.168s][info][gc,cpu         ] GC(1019) User=0.03s Sys=0.00s Real=0.00s
[3958.169s][info][gc,marking     ] GC(1019) Concurrent Mark 696.281ms
[3958.169s][info][gc,marking     ] GC(1019) Concurrent Rebuild Remembered Sets and Scrub Regions
[3958.426s][info][gc,marking     ] GC(1019) Concurrent Rebuild Remembered Sets and Scrub Regions 257.271ms
[3958.427s][info][gc,start       ] GC(1019) Pause Cleanup
[3958.427s][info][gc             ] GC(1019) Pause Cleanup 2345M->2345M(4096M) 0.126ms
[3958.427s][info][gc,cpu         ] GC(1019) User=0.00s Sys=0.00s Real=0.00s
[3958.428s][info][gc,marking     ] GC(1019) Concurrent Clear Claimed Marks
[3958.428s][info][gc,marking     ] GC(1019) Concurrent Clear Claimed Marks 0.043ms
[3958.428s][info][gc,marking     ] GC(1019) Concurrent Cleanup for Next Mark
[3958.433s][info][gc,marking     ] GC(1019) Concurrent Cleanup for Next Mark 5.416ms
[3958.434s][info][gc             ] GC(1019) Concurrent Mark Cycle 1104.463ms
..[3959.955s][info][gc,start       ] GC(1020) Pause Young (Prepare Mixed) (G1 Evacuation Pause)
[3959.955s][info][gc,task        ] GC(1020) Using 6 workers of 6 for evacuation
[3960.076s][info][gc,phases      ] GC(1020)   Pre Evacuate Collection Set: 0.32ms
[3960.076s][info][gc,phases      ] GC(1020)   Merge Heap Roots: 0.53ms
[3960.076s][info][gc,phases      ] GC(1020)   Evacuate Collection Set: 118.92ms
[3960.076s][info][gc,phases      ] GC(1020)   Post Evacuate Collection Set: 0.92ms
[3960.076s][info][gc,phases      ] GC(1020)   Other: 0.09ms
[3960.076s][info][gc,heap        ] GC(1020) Eden regions: 1118->0(1104)
[3960.076s][info][gc,heap        ] GC(1020) Survivor regions: 110->111(154)
[3960.076s][info][gc,heap        ] GC(1020) Old regions: 508->539
[3960.076s][info][gc,heap        ] GC(1020) Humongous regions: 80->80
[3960.076s][info][gc,metaspace   ] GC(1020) Metaspace: 28895K(29312K)->28895K(29312K) NonClass: 24027K(24256K)->24027K(24256K) Class: 4868K(5056K)->4868K(5056K)
[3960.076s][info][gc             ] GC(1020) Pause Young (Prepare Mixed) (G1 Evacuation Pause) 3631M->1459M(4096M) 120.923ms
[3960.076s][info][gc,cpu         ] GC(1020) User=0.72s Sys=0.00s Real=0.12s
..[3962.625s][info][gc,start       ] GC(1021) Pause Young (Mixed) (G1 Evacuation Pause)
[3962.625s][info][gc,task        ] GC(1021) Using 6 workers of 6 for evacuation
[3962.757s][info][gc,phases      ] GC(1021)   Pre Evacuate Collection Set: 0.36ms
[3962.757s][info][gc,phases      ] GC(1021)   Merge Heap Roots: 0.66ms
[3962.757s][info][gc,phases      ] GC(1021)   Evacuate Collection Set: 130.51ms
[3962.757s][info][gc,phases      ] GC(1021)   Post Evacuate Collection Set: 0.95ms
[3962.757s][info][gc,phases      ] GC(1021)   Other: 0.09ms
[3962.757s][info][gc,heap        ] GC(1021) Eden regions: 1104->0(1118)
[3962.757s][info][gc,heap        ] GC(1021) Survivor regions: 111->110(152)
[3962.757s][info][gc,heap        ] GC(1021) Old regions: 539->476
[3962.757s][info][gc,heap        ] GC(1021) Humongous regions: 80->80
[3962.757s][info][gc,metaspace   ] GC(1021) Metaspace: 28895K(29312K)->28895K(29312K) NonClass: 24027K(24256K)->24027K(24256K) Class: 4868K(5056K)->4868K(5056K)
[3962.757s][info][gc             ] GC(1021) Pause Young (Mixed) (G1 Evacuation Pause) 3667M->1329M(4096M) 132.709ms
[3962.757s][info][gc,cpu         ] GC(1021) User=0.78s Sys=0.00s Real=0.13s
...[3965.315s][info][gc,start       ] GC(1022) Pause Young (Concurrent Start) (G1 Evacuation Pause)
[3965.315s][info][gc,task        ] GC(1022) Using 6 workers of 6 for evacuation
[3965.435s][info][gc,phases      ] GC(1022)   Pre Evacuate Collection Set: 0.41ms
[3965.435s][info][gc,phases      ] GC(1022)   Merge Heap Roots: 0.45ms
[3965.435s][info][gc,phases      ] GC(1022)   Evacuate Collection Set: 118.11ms
[3965.435s][info][gc,phases      ] GC(1022)   Post Evacuate Collection Set: 0.92ms
[3965.435s][info][gc,phases      ] GC(1022)   Other: 0.11ms
[3965.435s][info][gc,heap        ] GC(1022) Eden regions: 1118->0(1117)
[3965.435s][info][gc,heap        ] GC(1022) Survivor regions: 110->111(154)
[3965.435s][info][gc,heap        ] GC(1022) Old regions: 476->508
[3965.435s][info][gc,heap        ] GC(1022) Humongous regions: 80->80
[3965.435s][info][gc,metaspace   ] GC(1022) Metaspace: 28895K(29312K)->28895K(29312K) NonClass: 24027K(24256K)->24027K(24256K) Class: 4868K(5056K)->4868K(5056K)
[3965.435s][info][gc             ] GC(1022) Pause Young (Concurrent Start) (G1 Evacuation Pause) 3565M->1396M(4096M) 120.141ms
[3965.435s][info][gc             ] GC(1023) Concurrent Mark Cycle
[3965.435s][info][gc,marking     ] GC(1023) Concurrent Scan Root Regions
[3965.435s][info][gc,cpu         ] GC(1022) User=0.72s Sys=0.00s Real=0.12s
[3965.577s][info][gc,marking     ] GC(1023) Concurrent Scan Root Regions 141.305ms
[3965.577s][info][gc,marking     ] GC(1023) Concurrent Mark
[3965.577s][info][gc,marking     ] GC(1023) Concurrent Mark From Roots
[3965.577s][info][gc,task        ] GC(1023) Using 2 workers of 2 for marking
.[3966.290s][info][gc,marking     ] GC(1023) Concurrent Mark From Roots 713.725ms
[3966.291s][info][gc,marking     ] GC(1023) Concurrent Preclean
[3966.291s][info][gc,marking     ] GC(1023) Concurrent Preclean 0.071ms
[3966.291s][info][gc,start       ] GC(1023) Pause Remark
[3966.296s][info][gc             ] GC(1023) Pause Remark 2148M->2148M(4096M) 5.538ms
[3966.296s][info][gc,cpu         ] GC(1023) User=0.03s Sys=0.00s Real=0.00s
[3966.298s][info][gc,marking     ] GC(1023) Concurrent Mark 720.792ms
[3966.298s][info][gc,marking     ] GC(1023) Concurrent Rebuild Remembered Sets and Scrub Regions
[3966.576s][info][gc,marking     ] GC(1023) Concurrent Rebuild Remembered Sets and Scrub Regions 278.915ms
[3966.579s][info][gc,start       ] GC(1023) Pause Cleanup
[3966.579s][info][gc             ] GC(1023) Pause Cleanup 2400M->2400M(4096M) 0.140ms
[3966.579s][info][gc,cpu         ] GC(1023) User=0.00s Sys=0.00s Real=0.00s
[3966.579s][info][gc,marking     ] GC(1023) Concurrent Clear Claimed Marks
[3966.579s][info][gc,marking     ] GC(1023) Concurrent Clear Claimed Marks 0.030ms
[3966.579s][info][gc,marking     ] GC(1023) Concurrent Cleanup for Next Mark
[3966.584s][info][gc,marking     ] GC(1023) Concurrent Cleanup for Next Mark 4.537ms
[3966.584s][info][gc             ] GC(1023) Concurrent Mark Cycle 1148.378ms
..[3968.034s][info][gc,start       ] GC(1024) Pause Young (Prepare Mixed) (G1 Evacuation Pause)
[3968.034s][info][gc,task        ] GC(1024) Using 6 workers of 6 for evacuation
[3968.152s][info][gc,phases      ] GC(1024)   Pre Evacuate Collection Set: 0.33ms
[3968.152s][info][gc,phases      ] GC(1024)   Merge Heap Roots: 0.51ms
[3968.152s][info][gc,phases      ] GC(1024)   Evacuate Collection Set: 115.52ms
[3968.152s][info][gc,phases      ] GC(1024)   Post Evacuate Collection Set: 0.92ms
[3968.152s][info][gc,phases      ] GC(1024)   Other: 0.09ms
[3968.152s][info][gc,heap        ] GC(1024) Eden regions: 1117->0(1110)
[3968.152s][info][gc,heap        ] GC(1024) Survivor regions: 111->108(154)
[3968.152s][info][gc,heap        ] GC(1024) Old regions: 508->539
[3968.152s][info][gc,heap        ] GC(1024) Humongous regions: 80->80
[3968.152s][info][gc,metaspace   ] GC(1024) Metaspace: 28895K(29312K)->28895K(29312K) NonClass: 24027K(24256K)->24027K(24256K) Class: 4868K(5056K)->4868K(5056K)
[3968.152s][info][gc             ] GC(1024) Pause Young (Prepare Mixed) (G1 Evacuation Pause) 3630M->1453M(4096M) 117.491ms
[3968.152s][info][gc,cpu         ] GC(1024) User=0.70s Sys=0.00s Real=0.12s
.. (rIR:aIR:PR = 6918:6924:6924) (tPR = 102418) [OK] 
  3969s: Performance info:
         Transaction,    Success,    Partial,     Failed,   Receipts, AvgBarcode, 
             Overall,     420222,          0,          0,     399243,      59.48, 
         Response times:
             Request,    Success,    Partial,     Failed,   SkipFail,     Probes,    Samples,      min,      p50,      p90,      p95,      p99,      max, 
       TotalPurchase,     399243,          0,          0,          0,     361562,     407882,      300,     5800,    35000,    55000,   101000,   236000,
     InStorePurchase,     210435,          0,          0,          0,     190637,     214905,      300,     5800,    34000,    55000,   103000,   236000,
      OnlinePurchase,     146811,          0,          0,          0,     132594,     149331,      300,     6000,    35000,    56000,    99000,   197000,
        InstPurchase,      41997,          0,          0,          0,      38331,      43646,      400,     5400,    33000,    53000,    97000,   210000,
          AssocOfCat,        419,          0,          0,          0,        333,        464,    24000,    39000,    83000,   106000,   173100,   200000,
      AssocOfProduct,       4190,          0,          0,          0,       3876,       4558,      500,     3200,    25000,    49000,    93000,   197000,
      BusinessReport,       1047,          0,          0,          0,        932,       1195,    30000,    50000,   116400,   149000,   200040,   250000,
          CustBuyBeh,       4180,          0,          0,          0,       3918,       4591,      200,     5000,    31000,    51000,    92080,   228000,
       ProductReturn,      11145,          0,          0,          0,       9381,      10940,      200,     5500,    34000,    53000,    97000,   228000,

  3969s: (51%)   IR =   7057 [3970.754s][info][gc,start       ] GC(1025) Pause Young (Mixed) (G1 Evacuation Pause)
[3970.754s][info][gc,task        ] GC(1025) Using 6 workers of 6 for evacuation
[3970.892s][info][gc,phases      ] GC(1025)   Pre Evacuate Collection Set: 0.39ms
[3970.892s][info][gc,phases      ] GC(1025)   Merge Heap Roots: 0.77ms
[3970.892s][info][gc,phases      ] GC(1025)   Evacuate Collection Set: 136.24ms
[3970.892s][info][gc,phases      ] GC(1025)   Post Evacuate Collection Set: 0.95ms
[3970.892s][info][gc,phases      ] GC(1025)   Other: 0.10ms
[3970.892s][info][gc,heap        ] GC(1025) Eden regions: 1110->0(1117)
[3970.892s][info][gc,heap        ] GC(1025) Survivor regions: 108->111(153)
[3970.892s][info][gc,heap        ] GC(1025) Old regions: 539->473
[3970.892s][info][gc,heap        ] GC(1025) Humongous regions: 80->80
[3970.892s][info][gc,metaspace   ] GC(1025) Metaspace: 28895K(29312K)->28895K(29312K) NonClass: 24027K(24256K)->24027K(24256K) Class: 4868K(5056K)->4868K(5056K)
[3970.892s][info][gc             ] GC(1025) Pause Young (Mixed) (G1 Evacuation Pause) 3673M->1326M(4096M) 138.586ms
[3970.892s][info][gc,cpu         ] GC(1025) User=0.82s Sys=0.00s Real=0.14s
...[3973.413s][info][gc,start       ] GC(1026) Pause Young (Concurrent Start) (G1 Evacuation Pause)
[3973.413s][info][gc,task        ] GC(1026) Using 6 workers of 6 for evacuation
[3973.539s][info][gc,phases      ] GC(1026)   Pre Evacuate Collection Set: 0.37ms
[3973.539s][info][gc,phases      ] GC(1026)   Merge Heap Roots: 0.45ms
[3973.539s][info][gc,phases      ] GC(1026)   Evacuate Collection Set: 123.94ms
[3973.539s][info][gc,phases      ] GC(1026)   Post Evacuate Collection Set: 0.87ms
[3973.539s][info][gc,phases      ] GC(1026)   Other: 0.13ms
[3973.539s][info][gc,heap        ] GC(1026) Eden regions: 1117->0(1112)
[3973.539s][info][gc,heap        ] GC(1026) Survivor regions: 111->116(154)
[3973.539s][info][gc,heap        ] GC(1026) Old regions: 473->505
[3973.539s][info][gc,heap        ] GC(1026) Humongous regions: 80->80
[3973.539s][info][gc,metaspace   ] GC(1026) Metaspace: 28895K(29312K)->28895K(29312K) NonClass: 24027K(24256K)->24027K(24256K) Class: 4868K(5056K)->4868K(5056K)
[3973.539s][info][gc             ] GC(1026) Pause Young (Concurrent Start) (G1 Evacuation Pause) 3560M->1399M(4096M) 125.880ms
[3973.539s][info][gc             ] GC(1027) Concurrent Mark Cycle
[3973.539s][info][gc,marking     ] GC(1027) Concurrent Scan Root Regions
[3973.539s][info][gc,cpu         ] GC(1026) User=0.75s Sys=0.00s Real=0.13s
[3973.740s][info][gc,marking     ] GC(1027) Concurrent Scan Root Regions 200.638ms
[3973.740s][info][gc,marking     ] GC(1027) Concurrent Mark
[3973.740s][info][gc,marking     ] GC(1027) Concurrent Mark From Roots
[3973.740s][info][gc,task        ] GC(1027) Using 2 workers of 2 for marking
.[3974.782s][info][gc,marking     ] GC(1027) Concurrent Mark From Roots 1042.012ms
[3974.782s][info][gc,marking     ] GC(1027) Concurrent Preclean
[3974.782s][info][gc,marking     ] GC(1027) Concurrent Preclean 0.138ms
[3974.782s][info][gc,start       ] GC(1027) Pause Remark
[3974.789s][info][gc             ] GC(1027) Pause Remark 2543M->2543M(4096M) 6.549ms
[3974.789s][info][gc,cpu         ] GC(1027) User=0.03s Sys=0.00s Real=0.01s
[3974.789s][info][gc,marking     ] GC(1027) Concurrent Mark 1049.767ms
[3974.789s][info][gc,marking     ] GC(1027) Concurrent Rebuild Remembered Sets and Scrub Regions
.[3975.129s][info][gc,marking     ] GC(1027) Concurrent Rebuild Remembered Sets and Scrub Regions 340.078ms
[3975.130s][info][gc,start       ] GC(1027) Pause Cleanup
[3975.130s][info][gc             ] GC(1027) Pause Cleanup 2865M->2865M(4096M) 0.125ms
[3975.130s][info][gc,cpu         ] GC(1027) User=0.00s Sys=0.00s Real=0.00s
[3975.130s][info][gc,marking     ] GC(1027) Concurrent Clear Claimed Marks
[3975.130s][info][gc,marking     ] GC(1027) Concurrent Clear Claimed Marks 0.036ms
[3975.130s][info][gc,marking     ] GC(1027) Concurrent Cleanup for Next Mark
[3975.136s][info][gc,marking     ] GC(1027) Concurrent Cleanup for Next Mark 6.323ms
[3975.136s][info][gc             ] GC(1027) Concurrent Mark Cycle 1597.519ms
.[3976.049s][info][gc,start       ] GC(1028) Pause Young (Prepare Mixed) (G1 Evacuation Pause)
[3976.049s][info][gc,task        ] GC(1028) Using 6 workers of 6 for evacuation
[3976.169s][info][gc,phases      ] GC(1028)   Pre Evacuate Collection Set: 0.35ms
[3976.169s][info][gc,phases      ] GC(1028)   Merge Heap Roots: 0.58ms
[3976.169s][info][gc,phases      ] GC(1028)   Evacuate Collection Set: 117.80ms
[3976.169s][info][gc,phases      ] GC(1028)   Post Evacuate Collection Set: 0.92ms
[3976.169s][info][gc,phases      ] GC(1028)   Other: 0.09ms
[3976.169s][info][gc,heap        ] GC(1028) Eden regions: 1112->0(1106)
[3976.169s][info][gc,heap        ] GC(1028) Survivor regions: 116->111(154)
[3976.169s][info][gc,heap        ] GC(1028) Old regions: 505->537
[3976.169s][info][gc,heap        ] GC(1028) Humongous regions: 80->80
[3976.169s][info][gc,metaspace   ] GC(1028) Metaspace: 28895K(29312K)->28895K(29312K) NonClass: 24027K(24256K)->24027K(24256K) Class: 4868K(5056K)->4868K(5056K)
[3976.169s][info][gc             ] GC(1028) Pause Young (Prepare Mixed) (G1 Evacuation Pause) 3623M->1454M(4096M) 119.886ms
[3976.169s][info][gc,cpu         ] GC(1028) User=0.72s Sys=0.00s Real=0.12s
..[3978.672s][info][gc,start       ] GC(1029) Pause Young (Mixed) (G1 Evacuation Pause)
[3978.672s][info][gc,task        ] GC(1029) Using 6 workers of 6 for evacuation
[3978.810s][info][gc,phases      ] GC(1029)   Pre Evacuate Collection Set: 0.39ms
[3978.810s][info][gc,phases      ] GC(1029)   Merge Heap Roots: 0.69ms
[3978.810s][info][gc,phases      ] GC(1029)   Evacuate Collection Set: 136.10ms
[3978.810s][info][gc,phases      ] GC(1029)   Post Evacuate Collection Set: 0.93ms
[3978.810s][info][gc,phases      ] GC(1029)   Other: 0.09ms
[3978.810s][info][gc,heap        ] GC(1029) Eden regions: 1106->0(1115)
[3978.810s][info][gc,heap        ] GC(1029) Survivor regions: 111->113(153)
[3978.810s][info][gc,heap        ] GC(1029) Old regions: 537->474
[3978.810s][info][gc,heap        ] GC(1029) Humongous regions: 80->80
[3978.810s][info][gc,metaspace   ] GC(1029) Metaspace: 28895K(29312K)->28895K(29312K) NonClass: 24027K(24256K)->24027K(24256K) Class: 4868K(5056K)->4868K(5056K)
[3978.810s][info][gc             ] GC(1029) Pause Young (Mixed) (G1 Evacuation Pause) 3666M->1332M(4096M) 138.322ms
[3978.810s][info][gc,cpu         ] GC(1029) User=0.82s Sys=0.00s Real=0.14s
.|..[3981.298s][info][gc,start       ] GC(1030) Pause Young (Concurrent Start) (G1 Evacuation Pause)
[3981.299s][info][gc,task        ] GC(1030) Using 6 workers of 6 for evacuation
[3981.420s][info][gc,phases      ] GC(1030)   Pre Evacuate Collection Set: 0.32ms
[3981.420s][info][gc,phases      ] GC(1030)   Merge Heap Roots: 0.47ms
[3981.420s][info][gc,phases      ] GC(1030)   Evacuate Collection Set: 119.61ms
[3981.420s][info][gc,phases      ] GC(1030)   Post Evacuate Collection Set: 0.86ms
[3981.420s][info][gc,phases      ] GC(1030)   Other: 0.10ms
[3981.420s][info][gc,heap        ] GC(1030) Eden regions: 1115->0(1115)
[3981.420s][info][gc,heap        ] GC(1030) Survivor regions: 113->113(154)
[3981.420s][info][gc,heap        ] GC(1030) Old regions: 474->506
[3981.420s][info][gc,heap        ] GC(1030) Humongous regions: 80->80
[3981.420s][info][gc,metaspace   ] GC(1030) Metaspace: 28895K(29312K)->28895K(29312K) NonClass: 24027K(24256K)->24027K(24256K) Class: 4868K(5056K)->4868K(5056K)
[3981.420s][info][gc             ] GC(1030) Pause Young (Concurrent Start) (G1 Evacuation Pause) 3562M->1395M(4096M) 121.491ms
[3981.420s][info][gc             ] GC(1031) Concurrent Mark Cycle
[3981.420s][info][gc,marking     ] GC(1031) Concurrent Scan Root Regions
[3981.420s][info][gc,cpu         ] GC(1030) User=0.73s Sys=0.00s Real=0.13s
[3981.609s][info][gc,marking     ] GC(1031) Concurrent Scan Root Regions 188.666ms
[3981.609s][info][gc,marking     ] GC(1031) Concurrent Mark
[3981.609s][info][gc,marking     ] GC(1031) Concurrent Mark From Roots
[3981.609s][info][gc,task        ] GC(1031) Using 2 workers of 2 for marking
.[3982.519s][info][gc,marking     ] GC(1031) Concurrent Mark From Roots 909.846ms
[3982.519s][info][gc,marking     ] GC(1031) Concurrent Preclean
[3982.519s][info][gc,marking     ] GC(1031) Concurrent Preclean 0.088ms
[3982.519s][info][gc,start       ] GC(1031) Pause Remark
[3982.526s][info][gc             ] GC(1031) Pause Remark 2385M->2385M(4096M) 6.839ms
[3982.526s][info][gc,cpu         ] GC(1031) User=0.03s Sys=0.00s Real=0.00s
[3982.526s][info][gc,marking     ] GC(1031) Concurrent Mark 917.179ms
[3982.526s][info][gc,marking     ] GC(1031) Concurrent Rebuild Remembered Sets and Scrub Regions
[3982.879s][info][gc,marking     ] GC(1031) Concurrent Rebuild Remembered Sets and Scrub Regions 352.892ms
[3982.879s][info][gc,start       ] GC(1031) Pause Cleanup
[3982.879s][info][gc             ] GC(1031) Pause Cleanup 2705M->2705M(4096M) 0.111ms
[3982.879s][info][gc,cpu         ] GC(1031) User=0.00s Sys=0.00s Real=0.00s
[3982.879s][info][gc,marking     ] GC(1031) Concurrent Clear Claimed Marks
[3982.879s][info][gc,marking     ] GC(1031) Concurrent Clear Claimed Marks 0.037ms
[3982.879s][info][gc,marking     ] GC(1031) Concurrent Cleanup for Next Mark
[3982.883s][info][gc,marking     ] GC(1031) Concurrent Cleanup for Next Mark 3.920ms
[3982.883s][info][gc             ] GC(1031) Concurrent Mark Cycle 1463.353ms
.[3983.914s][info][gc,start       ] GC(1032) Pause Young (Prepare Mixed) (G1 Evacuation Pause)
[3983.914s][info][gc,task        ] GC(1032) Using 6 workers of 6 for evacuation
[3984.035s][info][gc,phases      ] GC(1032)   Pre Evacuate Collection Set: 0.32ms
[3984.035s][info][gc,phases      ] GC(1032)   Merge Heap Roots: 0.55ms
[3984.035s][info][gc,phases      ] GC(1032)   Evacuate Collection Set: 119.31ms
[3984.035s][info][gc,phases      ] GC(1032)   Post Evacuate Collection Set: 0.87ms
[3984.035s][info][gc,phases      ] GC(1032)   Other: 0.10ms
[3984.035s][info][gc,heap        ] GC(1032) Eden regions: 1115->0(1103)
[3984.035s][info][gc,heap        ] GC(1032) Survivor regions: 113->112(154)
[3984.035s][info][gc,heap        ] GC(1032) Old regions: 506->538
[3984.035s][info][gc,heap        ] GC(1032) Humongous regions: 80->80
[3984.035s][info][gc,metaspace   ] GC(1032) Metaspace: 28895K(29312K)->28895K(29312K) NonClass: 24027K(24256K)->24027K(24256K) Class: 4868K(5056K)->4868K(5056K)
[3984.035s][info][gc             ] GC(1032) Pause Young (Prepare Mixed) (G1 Evacuation Pause) 3625M->1457M(4096M) 121.298ms
[3984.035s][info][gc,cpu         ] GC(1032) User=0.73s Sys=0.00s Real=0.12s
...[3986.567s][info][gc,start       ] GC(1033) Pause Young (Mixed) (G1 Evacuation Pause)
[3986.567s][info][gc,task        ] GC(1033) Using 6 workers of 6 for evacuation
[3986.700s][info][gc,phases      ] GC(1033)   Pre Evacuate Collection Set: 0.34ms
[3986.700s][info][gc,phases      ] GC(1033)   Merge Heap Roots: 0.69ms
[3986.700s][info][gc,phases      ] GC(1033)   Evacuate Collection Set: 130.90ms
[3986.700s][info][gc,phases      ] GC(1033)   Post Evacuate Collection Set: 0.93ms
[3986.700s][info][gc,phases      ] GC(1033)   Other: 0.08ms
[3986.700s][info][gc,heap        ] GC(1033) Eden regions: 1103->0(1119)
[3986.700s][info][gc,heap        ] GC(1033) Survivor regions: 112->109(152)
[3986.700s][info][gc,heap        ] GC(1033) Old regions: 538->475
[3986.700s][info][gc,heap        ] GC(1033) Humongous regions: 80->80
[3986.700s][info][gc,metaspace   ] GC(1033) Metaspace: 28895K(29312K)->28895K(29312K) NonClass: 24027K(24256K)->24027K(24256K) Class: 4868K(5056K)->4868K(5056K)
[3986.700s][info][gc             ] GC(1033) Pause Young (Mixed) (G1 Evacuation Pause) 3663M->1326M(4096M) 133.069ms
[3986.700s][info][gc,cpu         ] GC(1033) User=0.79s Sys=0.00s Real=0.14s
...[3989.259s][info][gc,start       ] GC(1034) Pause Young (Concurrent Start) (G1 Evacuation Pause)
[3989.259s][info][gc,task        ] GC(1034) Using 6 workers of 6 for evacuation
[3989.376s][info][gc,phases      ] GC(1034)   Pre Evacuate Collection Set: 0.38ms
[3989.376s][info][gc,phases      ] GC(1034)   Merge Heap Roots: 0.49ms
[3989.376s][info][gc,phases      ] GC(1034)   Evacuate Collection Set: 115.20ms
[3989.376s][info][gc,phases      ] GC(1034)   Post Evacuate Collection Set: 0.85ms
[3989.376s][info][gc,phases      ] GC(1034)   Other: 0.13ms
[3989.376s][info][gc,heap        ] GC(1034) Eden regions: 1119->0(1116)
[3989.376s][info][gc,heap        ] GC(1034) Survivor regions: 109->112(154)
[3989.376s][info][gc,heap        ] GC(1034) Old regions: 475->505
[3989.376s][info][gc,heap        ] GC(1034) Humongous regions: 80->80
[3989.376s][info][gc,metaspace   ] GC(1034) Metaspace: 28895K(29312K)->28895K(29312K) NonClass: 24027K(24256K)->24027K(24256K) Class: 4868K(5056K)->4868K(5056K)
[3989.376s][info][gc             ] GC(1034) Pause Young (Concurrent Start) (G1 Evacuation Pause) 3564M->1391M(4096M) 117.203ms
[3989.376s][info][gc             ] GC(1035) Concurrent Mark Cycle
[3989.376s][info][gc,marking     ] GC(1035) Concurrent Scan Root Regions
[3989.376s][info][gc,cpu         ] GC(1034) User=0.69s Sys=0.00s Real=0.11s
[3989.514s][info][gc,marking     ] GC(1035) Concurrent Scan Root Regions 138.080ms
[3989.514s][info][gc,marking     ] GC(1035) Concurrent Mark
[3989.514s][info][gc,marking     ] GC(1035) Concurrent Mark From Roots
[3989.514s][info][gc,task        ] GC(1035) Using 2 workers of 2 for marking
.[3990.213s][info][gc,marking     ] GC(1035) Concurrent Mark From Roots 698.177ms
[3990.213s][info][gc,marking     ] GC(1035) Concurrent Preclean
[3990.213s][info][gc,marking     ] GC(1035) Concurrent Preclean 0.089ms
[3990.217s][info][gc,start       ] GC(1035) Pause Remark
[3990.222s][info][gc             ] GC(1035) Pause Remark 2095M->2095M(4096M) 5.222ms
[3990.222s][info][gc,cpu         ] GC(1035) User=0.02s Sys=0.00s Real=0.01s
[3990.222s][info][gc,marking     ] GC(1035) Concurrent Mark 707.969ms
[3990.222s][info][gc,marking     ] GC(1035) Concurrent Rebuild Remembered Sets and Scrub Regions
[3990.485s][info][gc,marking     ] GC(1035) Concurrent Rebuild Remembered Sets and Scrub Regions 263.028ms
[3990.486s][info][gc,start       ] GC(1035) Pause Cleanup
[3990.486s][info][gc             ] GC(1035) Pause Cleanup 2361M->2361M(4096M) 0.119ms
[3990.486s][info][gc,cpu         ] GC(1035) User=0.00s Sys=0.00s Real=0.00s
[3990.486s][info][gc,marking     ] GC(1035) Concurrent Clear Claimed Marks
[3990.486s][info][gc,marking     ] GC(1035) Concurrent Clear Claimed Marks 0.029ms
[3990.486s][info][gc,marking     ] GC(1035) Concurrent Cleanup for Next Mark
[3990.492s][info][gc,marking     ] GC(1035) Concurrent Cleanup for Next Mark 5.360ms
[3990.492s][info][gc             ] GC(1035) Concurrent Mark Cycle 1115.536ms
.[3991.853s][info][gc,start       ] GC(1036) Pause Young (Prepare Mixed) (G1 Evacuation Pause)
[3991.853s][info][gc,task        ] GC(1036) Using 6 workers of 6 for evacuation
[3991.971s][info][gc,phases      ] GC(1036)   Pre Evacuate Collection Set: 0.34ms
[3991.971s][info][gc,phases      ] GC(1036)   Merge Heap Roots: 0.70ms
[3991.971s][info][gc,phases      ] GC(1036)   Evacuate Collection Set: 115.71ms
[3991.971s][info][gc,phases      ] GC(1036)   Post Evacuate Collection Set: 0.91ms
[3991.971s][info][gc,phases      ] GC(1036)   Other: 0.09ms
[3991.971s][info][gc,heap        ] GC(1036) Eden regions: 1116->0(1112)
[3991.971s][info][gc,heap        ] GC(1036) Survivor regions: 112->108(154)
[3991.971s][info][gc,heap        ] GC(1036) Old regions: 505->537
[3991.971s][info][gc,heap        ] GC(1036) Humongous regions: 80->80
[3991.971s][info][gc,metaspace   ] GC(1036) Metaspace: 28895K(29312K)->28895K(29312K) NonClass: 24027K(24256K)->24027K(24256K) Class: 4868K(5056K)->4868K(5056K)
[3991.971s][info][gc             ] GC(1036) Pause Young (Prepare Mixed) (G1 Evacuation Pause) 3623M->1449M(4096M) 117.893ms
[3991.971s][info][gc,cpu         ] GC(1036) User=0.70s Sys=0.00s Real=0.12s
...[3994.447s][info][gc,start       ] GC(1037) Pause Young (Mixed) (G1 Evacuation Pause)
[3994.447s][info][gc,task        ] GC(1037) Using 6 workers of 6 for evacuation
[3994.584s][info][gc,phases      ] GC(1037)   Pre Evacuate Collection Set: 0.35ms
[3994.584s][info][gc,phases      ] GC(1037)   Merge Heap Roots: 0.74ms
[3994.584s][info][gc,phases      ] GC(1037)   Evacuate Collection Set: 134.68ms
[3994.584s][info][gc,phases      ] GC(1037)   Post Evacuate Collection Set: 0.94ms
[3994.584s][info][gc,phases      ] GC(1037)   Other: 0.09ms
[3994.584s][info][gc,heap        ] GC(1037) Eden regions: 1112->0(1118)
[3994.584s][info][gc,heap        ] GC(1037) Survivor regions: 108->110(153)
[3994.584s][info][gc,heap        ] GC(1037) Old regions: 537->474
[3994.584s][info][gc,heap        ] GC(1037) Humongous regions: 80->80
[3994.584s][info][gc,metaspace   ] GC(1037) Metaspace: 28895K(29312K)->28895K(29312K) NonClass: 24027K(24256K)->24027K(24256K) Class: 4868K(5056K)->4868K(5056K)
[3994.584s][info][gc             ] GC(1037) Pause Young (Mixed) (G1 Evacuation Pause) 3673M->1326M(4096M) 136.935ms
[3994.584s][info][gc,cpu         ] GC(1037) User=0.81s Sys=0.00s Real=0.14s
..[3997.115s][info][gc,start       ] GC(1038) Pause Young (Concurrent Start) (G1 Evacuation Pause)
[3997.115s][info][gc,task        ] GC(1038) Using 6 workers of 6 for evacuation
[3997.232s][info][gc,phases      ] GC(1038)   Pre Evacuate Collection Set: 0.35ms
[3997.232s][info][gc,phases      ] GC(1038)   Merge Heap Roots: 0.53ms
[3997.232s][info][gc,phases      ] GC(1038)   Evacuate Collection Set: 115.70ms
[3997.232s][info][gc,phases      ] GC(1038)   Post Evacuate Collection Set: 0.89ms
[3997.232s][info][gc,phases      ] GC(1038)   Other: 0.10ms
[3997.232s][info][gc,heap        ] GC(1038) Eden regions: 1118->0(1119)
[3997.232s][info][gc,heap        ] GC(1038) Survivor regions: 110->109(154)
[3997.232s][info][gc,heap        ] GC(1038) Old regions: 474->504
[3997.232s][info][gc,heap        ] GC(1038) Humongous regions: 80->80
[3997.232s][info][gc,metaspace   ] GC(1038) Metaspace: 28895K(29312K)->28895K(29312K) NonClass: 24027K(24256K)->24027K(24256K) Class: 4868K(5056K)->4868K(5056K)
[3997.232s][info][gc             ] GC(1038) Pause Young (Concurrent Start) (G1 Evacuation Pause) 3562M->1385M(4096M) 117.715ms
[3997.232s][info][gc             ] GC(1039) Concurrent Mark Cycle
[3997.232s][info][gc,marking     ] GC(1039) Concurrent Scan Root Regions
[3997.232s][info][gc,cpu         ] GC(1038) User=0.70s Sys=0.00s Real=0.12s
.[3997.409s][info][gc,marking     ] GC(1039) Concurrent Scan Root Regions 176.788ms
[3997.409s][info][gc,marking     ] GC(1039) Concurrent Mark
[3997.409s][info][gc,marking     ] GC(1039) Concurrent Mark From Roots
[3997.409s][info][gc,task        ] GC(1039) Using 2 workers of 2 for marking
.[3998.329s][info][gc,marking     ] GC(1039) Concurrent Mark From Roots 919.925ms
[3998.329s][info][gc,marking     ] GC(1039) Concurrent Preclean
[3998.329s][info][gc,marking     ] GC(1039) Concurrent Preclean 0.086ms
[3998.329s][info][gc,start       ] GC(1039) Pause Remark
[3998.336s][info][gc             ] GC(1039) Pause Remark 2376M->2376M(4096M) 6.548ms
[3998.336s][info][gc,cpu         ] GC(1039) User=0.04s Sys=0.00s Real=0.00s
[3998.336s][info][gc,marking     ] GC(1039) Concurrent Mark 926.887ms
[3998.336s][info][gc,marking     ] GC(1039) Concurrent Rebuild Remembered Sets and Scrub Regions
[3998.602s][info][gc,marking     ] GC(1039) Concurrent Rebuild Remembered Sets and Scrub Regions 266.258ms
[3998.603s][info][gc,start       ] GC(1039) Pause Cleanup
[3998.603s][info][gc             ] GC(1039) Pause Cleanup 2615M->2615M(4096M) 0.129ms
[3998.603s][info][gc,cpu         ] GC(1039) User=0.00s Sys=0.00s Real=0.00s
[3998.603s][info][gc,marking     ] GC(1039) Concurrent Clear Claimed Marks
[3998.603s][info][gc,marking     ] GC(1039) Concurrent Clear Claimed Marks 0.028ms
[3998.603s][info][gc,marking     ] GC(1039) Concurrent Cleanup for Next Mark
[3998.608s][info][gc,marking     ] GC(1039) Concurrent Cleanup for Next Mark 4.987ms
[3998.608s][info][gc             ] GC(1039) Concurrent Mark Cycle 1376.028ms
.[3999.769s][info][gc,start       ] GC(1040) Pause Young (Prepare Mixed) (G1 Evacuation Pause)
[3999.769s][info][gc,task        ] GC(1040) Using 6 workers of 6 for evacuation
[3999.889s][info][gc,phases      ] GC(1040)   Pre Evacuate Collection Set: 0.31ms
[3999.889s][info][gc,phases      ] GC(1040)   Merge Heap Roots: 0.57ms
[3999.889s][info][gc,phases      ] GC(1040)   Evacuate Collection Set: 118.55ms
[3999.889s][info][gc,phases      ] GC(1040)   Post Evacuate Collection Set: 0.94ms
[3999.889s][info][gc,phases      ] GC(1040)   Other: 0.09ms
[3999.889s][info][gc,heap        ] GC(1040) Eden regions: 1119->0(1103)
[3999.889s][info][gc,heap        ] GC(1040) Survivor regions: 109->113(154)
[3999.889s][info][gc,heap        ] GC(1040) Old regions: 504->536
[3999.889s][info][gc,heap        ] GC(1040) Humongous regions: 80->80
[3999.889s][info][gc,metaspace   ] GC(1040) Metaspace: 28895K(29312K)->28895K(29312K) NonClass: 24027K(24256K)->24027K(24256K) Class: 4868K(5056K)->4868K(5056K)
[3999.889s][info][gc             ] GC(1040) Pause Young (Prepare Mixed) (G1 Evacuation Pause) 3623M->1455M(4096M) 120.607ms
[3999.890s][info][gc,cpu         ] GC(1040) User=0.72s Sys=0.01s Real=0.12s
...[4002.307s][info][gc,start       ] GC(1041) Pause Young (Mixed) (G1 Evacuation Pause)
[4002.307s][info][gc,task        ] GC(1041) Using 6 workers of 6 for evacuation
[4002.442s][info][gc,phases      ] GC(1041)   Pre Evacuate Collection Set: 0.36ms
[4002.442s][info][gc,phases      ] GC(1041)   Merge Heap Roots: 0.72ms
[4002.442s][info][gc,phases      ] GC(1041)   Evacuate Collection Set: 133.00ms
[4002.442s][info][gc,phases      ] GC(1041)   Post Evacuate Collection Set: 0.91ms
[4002.442s][info][gc,phases      ] GC(1041)   Other: 0.08ms
[4002.442s][info][gc,heap        ] GC(1041) Eden regions: 1103->0(1119)
[4002.442s][info][gc,heap        ] GC(1041) Survivor regions: 113->109(152)
[4002.442s][info][gc,heap        ] GC(1041) Old regions: 536->476
[4002.442s][info][gc,heap        ] GC(1041) Humongous regions: 80->80
[4002.442s][info][gc,metaspace   ] GC(1041) Metaspace: 28895K(29312K)->28895K(29312K) NonClass: 24027K(24256K)->24027K(24256K) Class: 4868K(5056K)->4868K(5056K)
[4002.442s][info][gc             ] GC(1041) Pause Young (Mixed) (G1 Evacuation Pause) 3661M->1328M(4096M) 135.206ms
[4002.442s][info][gc,cpu         ] GC(1041) User=0.80s Sys=0.00s Real=0.14s
..[4005.054s][info][gc,start       ] GC(1042) Pause Young (Concurrent Start) (G1 Evacuation Pause)
[4005.054s][info][gc,task        ] GC(1042) Using 6 workers of 6 for evacuation
[4005.179s][info][gc,phases      ] GC(1042)   Pre Evacuate Collection Set: 0.38ms
[4005.179s][info][gc,phases      ] GC(1042)   Merge Heap Roots: 0.55ms
[4005.179s][info][gc,phases      ] GC(1042)   Evacuate Collection Set: 123.12ms
[4005.179s][info][gc,phases      ] GC(1042)   Post Evacuate Collection Set: 0.87ms
[4005.179s][info][gc,phases      ] GC(1042)   Other: 0.12ms
[4005.179s][info][gc,heap        ] GC(1042) Eden regions: 1119->0(1113)
[4005.179s][info][gc,heap        ] GC(1042) Survivor regions: 109->115(154)
[4005.179s][info][gc,heap        ] GC(1042) Old regions: 476->508
[4005.179s][info][gc,heap        ] GC(1042) Humongous regions: 80->80
[4005.179s][info][gc,metaspace   ] GC(1042) Metaspace: 28895K(29312K)->28895K(29312K) NonClass: 24027K(24256K)->24027K(24256K) Class: 4868K(5056K)->4868K(5056K)
[4005.179s][info][gc             ] GC(1042) Pause Young (Concurrent Start) (G1 Evacuation Pause) 3566M->1403M(4096M) 125.157ms
[4005.179s][info][gc             ] GC(1043) Concurrent Mark Cycle
[4005.179s][info][gc,marking     ] GC(1043) Concurrent Scan Root Regions
[4005.179s][info][gc,cpu         ] GC(1042) User=0.75s Sys=0.00s Real=0.13s
.[4005.373s][info][gc,marking     ] GC(1043) Concurrent Scan Root Regions 193.349ms
[4005.373s][info][gc,marking     ] GC(1043) Concurrent Mark
[4005.373s][info][gc,marking     ] GC(1043) Concurrent Mark From Roots
[4005.373s][info][gc,task        ] GC(1043) Using 2 workers of 2 for marking
[4006.341s][info][gc,marking     ] GC(1043) Concurrent Mark From Roots 968.023ms
[4006.341s][info][gc,marking     ] GC(1043) Concurrent Preclean
[4006.341s][info][gc,marking     ] GC(1043) Concurrent Preclean 0.088ms
[4006.343s][info][gc,start       ] GC(1043) Pause Remark
[4006.350s][info][gc             ] GC(1043) Pause Remark 2469M->2469M(4096M) 7.316ms
[4006.350s][info][gc,cpu         ] GC(1043) User=0.04s Sys=0.00s Real=0.01s
[4006.350s][info][gc,marking     ] GC(1043) Concurrent Mark 977.781ms
[4006.350s][info][gc,marking     ] GC(1043) Concurrent Rebuild Remembered Sets and Scrub Regions
.[4006.746s][info][gc,marking     ] GC(1043) Concurrent Rebuild Remembered Sets and Scrub Regions 395.900ms
[4006.747s][info][gc,start       ] GC(1043) Pause Cleanup
[4006.747s][info][gc             ] GC(1043) Pause Cleanup 2819M->2819M(4096M) 0.116ms
[4006.747s][info][gc,cpu         ] GC(1043) User=0.00s Sys=0.00s Real=0.00s
[4006.747s][info][gc,marking     ] GC(1043) Concurrent Clear Claimed Marks
[4006.747s][info][gc,marking     ] GC(1043) Concurrent Clear Claimed Marks 0.031ms
[4006.747s][info][gc,marking     ] GC(1043) Concurrent Cleanup for Next Mark
[4006.755s][info][gc,marking     ] GC(1043) Concurrent Cleanup for Next Mark 7.688ms
[4006.755s][info][gc             ] GC(1043) Concurrent Mark Cycle 1575.647ms
.[4007.679s][info][gc,start       ] GC(1044) Pause Young (Prepare Mixed) (G1 Evacuation Pause)
[4007.679s][info][gc,task        ] GC(1044) Using 6 workers of 6 for evacuation
[4007.796s][info][gc,phases      ] GC(1044)   Pre Evacuate Collection Set: 0.34ms
[4007.796s][info][gc,phases      ] GC(1044)   Merge Heap Roots: 0.66ms
[4007.796s][info][gc,phases      ] GC(1044)   Evacuate Collection Set: 114.82ms
[4007.796s][info][gc,phases      ] GC(1044)   Post Evacuate Collection Set: 0.91ms
[4007.796s][info][gc,phases      ] GC(1044)   Other: 0.09ms
[4007.796s][info][gc,heap        ] GC(1044) Eden regions: 1113->0(1108)
[4007.796s][info][gc,heap        ] GC(1044) Survivor regions: 115->109(154)
[4007.796s][info][gc,heap        ] GC(1044) Old regions: 508->539
[4007.796s][info][gc,heap        ] GC(1044) Humongous regions: 80->80
[4007.796s][info][gc,metaspace   ] GC(1044) Metaspace: 28895K(29312K)->28895K(29312K) NonClass: 24027K(24256K)->24027K(24256K) Class: 4868K(5056K)->4868K(5056K)
[4007.796s][info][gc             ] GC(1044) Pause Young (Prepare Mixed) (G1 Evacuation Pause) 3629M->1454M(4096M) 116.972ms
[4007.796s][info][gc,cpu         ] GC(1044) User=0.69s Sys=0.00s Real=0.11s
..[4010.282s][info][gc,start       ] GC(1045) Pause Young (Mixed) (G1 Evacuation Pause)
[4010.282s][info][gc,task        ] GC(1045) Using 6 workers of 6 for evacuation
[4010.415s][info][gc,phases      ] GC(1045)   Pre Evacuate Collection Set: 0.34ms
[4010.415s][info][gc,phases      ] GC(1045)   Merge Heap Roots: 0.69ms
[4010.415s][info][gc,phases      ] GC(1045)   Evacuate Collection Set: 131.35ms
[4010.415s][info][gc,phases      ] GC(1045)   Post Evacuate Collection Set: 0.91ms
[4010.415s][info][gc,phases      ] GC(1045)   Other: 0.09ms
[4010.415s][info][gc,heap        ] GC(1045) Eden regions: 1108->0(1119)
[4010.415s][info][gc,heap        ] GC(1045) Survivor regions: 109->109(153)
[4010.415s][info][gc,heap        ] GC(1045) Old regions: 539->476
[4010.415s][info][gc,heap        ] GC(1045) Humongous regions: 80->80
[4010.415s][info][gc,metaspace   ] GC(1045) Metaspace: 28895K(29312K)->28895K(29312K) NonClass: 24027K(24256K)->24027K(24256K) Class: 4868K(5056K)->4868K(5056K)
[4010.415s][info][gc             ] GC(1045) Pause Young (Mixed) (G1 Evacuation Pause) 3670M->1327M(4096M) 133.507ms
[4010.415s][info][gc,cpu         ] GC(1045) User=0.80s Sys=0.00s Real=0.13s
...[4012.972s][info][gc,start       ] GC(1046) Pause Young (Concurrent Start) (G1 Evacuation Pause)
[4012.972s][info][gc,task        ] GC(1046) Using 6 workers of 6 for evacuation
[4013.094s][info][gc,phases      ] GC(1046)   Pre Evacuate Collection Set: 0.41ms
[4013.094s][info][gc,phases      ] GC(1046)   Merge Heap Roots: 0.46ms
[4013.094s][info][gc,phases      ] GC(1046)   Evacuate Collection Set: 119.65ms
[4013.094s][info][gc,phases      ] GC(1046)   Post Evacuate Collection Set: 0.91ms
[4013.094s][info][gc,phases      ] GC(1046)   Other: 0.11ms
[4013.094s][info][gc,heap        ] GC(1046) Eden regions: 1119->0(1114)
[4013.094s][info][gc,heap        ] GC(1046) Survivor regions: 109->114(154)
[4013.094s][info][gc,heap        ] GC(1046) Old regions: 476->507
[4013.094s][info][gc,heap        ] GC(1046) Humongous regions: 80->80
[4013.094s][info][gc,metaspace   ] GC(1046) Metaspace: 28895K(29312K)->28895K(29312K) NonClass: 24027K(24256K)->24027K(24256K) Class: 4868K(5056K)->4868K(5056K)
[4013.094s][info][gc             ] GC(1046) Pause Young (Concurrent Start) (G1 Evacuation Pause) 3565M->1400M(4096M) 121.695ms
[4013.094s][info][gc             ] GC(1047) Concurrent Mark Cycle
[4013.094s][info][gc,marking     ] GC(1047) Concurrent Scan Root Regions
[4013.094s][info][gc,cpu         ] GC(1046) User=0.73s Sys=0.00s Real=0.12s
[4013.272s][info][gc,marking     ] GC(1047) Concurrent Scan Root Regions 178.004ms
[4013.272s][info][gc,marking     ] GC(1047) Concurrent Mark
[4013.272s][info][gc,marking     ] GC(1047) Concurrent Mark From Roots
[4013.272s][info][gc,task        ] GC(1047) Using 2 workers of 2 for marking
.[4014.036s][info][gc,marking     ] GC(1047) Concurrent Mark From Roots 764.099ms
[4014.036s][info][gc,marking     ] GC(1047) Concurrent Preclean
[4014.036s][info][gc,marking     ] GC(1047) Concurrent Preclean 0.112ms
[4014.036s][info][gc,start       ] GC(1047) Pause Remark
[4014.042s][info][gc             ] GC(1047) Pause Remark 2219M->2219M(4096M) 6.134ms
[4014.042s][info][gc,cpu         ] GC(1047) User=0.03s Sys=0.00s Real=0.01s
[4014.044s][info][gc,marking     ] GC(1047) Concurrent Mark 771.949ms
[4014.044s][info][gc,marking     ] GC(1047) Concurrent Rebuild Remembered Sets and Scrub Regions
[4014.412s][info][gc,marking     ] GC(1047) Concurrent Rebuild Remembered Sets and Scrub Regions 367.752ms
[4014.415s][info][gc,start       ] GC(1047) Pause Cleanup
[4014.415s][info][gc             ] GC(1047) Pause Cleanup 2598M->2598M(4096M) 0.133ms
[4014.415s][info][gc,cpu         ] GC(1047) User=0.00s Sys=0.00s Real=0.00s
[4014.415s][info][gc,marking     ] GC(1047) Concurrent Clear Claimed Marks
[4014.415s][info][gc,marking     ] GC(1047) Concurrent Clear Claimed Marks 0.027ms
[4014.415s][info][gc,marking     ] GC(1047) Concurrent Cleanup for Next Mark
[4014.424s][info][gc,marking     ] GC(1047) Concurrent Cleanup for Next Mark 8.335ms
[4014.424s][info][gc             ] GC(1047) Concurrent Mark Cycle 1330.096ms
..[4015.592s][info][gc,start       ] GC(1048) Pause Young (Prepare Mixed) (G1 Evacuation Pause)
[4015.592s][info][gc,task        ] GC(1048) Using 6 workers of 6 for evacuation
[4015.707s][info][gc,phases      ] GC(1048)   Pre Evacuate Collection Set: 0.33ms
[4015.707s][info][gc,phases      ] GC(1048)   Merge Heap Roots: 0.51ms
[4015.707s][info][gc,phases      ] GC(1048)   Evacuate Collection Set: 113.00ms
[4015.707s][info][gc,phases      ] GC(1048)   Post Evacuate Collection Set: 0.93ms
[4015.707s][info][gc,phases      ] GC(1048)   Other: 0.08ms
[4015.707s][info][gc,heap        ] GC(1048) Eden regions: 1114->0(1114)
[4015.707s][info][gc,heap        ] GC(1048) Survivor regions: 114->106(154)
[4015.707s][info][gc,heap        ] GC(1048) Old regions: 507->539
[4015.707s][info][gc,heap        ] GC(1048) Humongous regions: 80->80
[4015.707s][info][gc,metaspace   ] GC(1048) Metaspace: 28895K(29312K)->28895K(29312K) NonClass: 24027K(24256K)->24027K(24256K) Class: 4868K(5056K)->4868K(5056K)
[4015.707s][info][gc             ] GC(1048) Pause Young (Prepare Mixed) (G1 Evacuation Pause) 3628M->1448M(4096M) 114.982ms
[4015.707s][info][gc,cpu         ] GC(1048) User=0.69s Sys=0.00s Real=0.11s
..[4018.268s][info][gc,start       ] GC(1049) Pause Young (Mixed) (G1 Evacuation Pause)
[4018.269s][info][gc,task        ] GC(1049) Using 6 workers of 6 for evacuation
[4018.402s][info][gc,phases      ] GC(1049)   Pre Evacuate Collection Set: 0.38ms
[4018.402s][info][gc,phases      ] GC(1049)   Merge Heap Roots: 0.68ms
[4018.402s][info][gc,phases      ] GC(1049)   Evacuate Collection Set: 131.06ms
[4018.402s][info][gc,phases      ] GC(1049)   Post Evacuate Collection Set: 0.94ms
[4018.402s][info][gc,phases      ] GC(1049)   Other: 0.09ms
[4018.402s][info][gc,heap        ] GC(1049) Eden regions: 1114->0(1117)
[4018.402s][info][gc,heap        ] GC(1049) Survivor regions: 106->111(153)
[4018.402s][info][gc,heap        ] GC(1049) Old regions: 539->474
[4018.402s][info][gc,heap        ] GC(1049) Humongous regions: 80->80
[4018.402s][info][gc,metaspace   ] GC(1049) Metaspace: 28895K(29312K)->28895K(29312K) NonClass: 24027K(24256K)->24027K(24256K) Class: 4868K(5056K)->4868K(5056K)
[4018.402s][info][gc             ] GC(1049) Pause Young (Mixed) (G1 Evacuation Pause) 3676M->1327M(4096M) 133.293ms
[4018.402s][info][gc,cpu         ] GC(1049) User=0.79s Sys=0.00s Real=0.14s
...[4020.944s][info][gc,start       ] GC(1050) Pause Young (Concurrent Start) (G1 Evacuation Pause)
[4020.944s][info][gc,task        ] GC(1050) Using 6 workers of 6 for evacuation
[4021.060s][info][gc,phases      ] GC(1050)   Pre Evacuate Collection Set: 0.43ms
[4021.060s][info][gc,phases      ] GC(1050)   Merge Heap Roots: 0.51ms
[4021.060s][info][gc,phases      ] GC(1050)   Evacuate Collection Set: 114.57ms
[4021.060s][info][gc,phases      ] GC(1050)   Post Evacuate Collection Set: 0.88ms
[4021.060s][info][gc,phases      ] GC(1050)   Other: 0.14ms
[4021.060s][info][gc,heap        ] GC(1050) Eden regions: 1117->0(1119)
[4021.060s][info][gc,heap        ] GC(1050) Survivor regions: 111->109(154)
[4021.060s][info][gc,heap        ] GC(1050) Old regions: 474->506
[4021.060s][info][gc,heap        ] GC(1050) Humongous regions: 80->80
[4021.060s][info][gc,metaspace   ] GC(1050) Metaspace: 28895K(29312K)->28895K(29312K) NonClass: 24027K(24256K)->24027K(24256K) Class: 4868K(5056K)->4868K(5056K)
[4021.060s][info][gc             ] GC(1050) Pause Young (Concurrent Start) (G1 Evacuation Pause) 3561M->1387M(4096M) 116.669ms
[4021.060s][info][gc             ] GC(1051) Concurrent Mark Cycle
[4021.060s][info][gc,marking     ] GC(1051) Concurrent Scan Root Regions
[4021.060s][info][gc,cpu         ] GC(1050) User=0.69s Sys=0.00s Real=0.12s
[4021.200s][info][gc,marking     ] GC(1051) Concurrent Scan Root Regions 139.362ms
[4021.200s][info][gc,marking     ] GC(1051) Concurrent Mark
[4021.200s][info][gc,marking     ] GC(1051) Concurrent Mark From Roots
[4021.200s][info][gc,task        ] GC(1051) Using 2 workers of 2 for marking
.[4021.909s][info][gc,marking     ] GC(1051) Concurrent Mark From Roots 709.440ms
[4021.909s][info][gc,marking     ] GC(1051) Concurrent Preclean
[4021.909s][info][gc,marking     ] GC(1051) Concurrent Preclean 0.124ms
[4021.911s][info][gc,start       ] GC(1051) Pause Remark
[4021.916s][info][gc             ] GC(1051) Pause Remark 2119M->2119M(4096M) 5.092ms
[4021.916s][info][gc,cpu         ] GC(1051) User=0.03s Sys=0.00s Real=0.00s
[4021.916s][info][gc,marking     ] GC(1051) Concurrent Mark 716.606ms
[4021.916s][info][gc,marking     ] GC(1051) Concurrent Rebuild Remembered Sets and Scrub Regions
[4022.175s][info][gc,marking     ] GC(1051) Concurrent Rebuild Remembered Sets and Scrub Regions 258.842ms
[4022.175s][info][gc,start       ] GC(1051) Pause Cleanup
[4022.175s][info][gc             ] GC(1051) Pause Cleanup 2386M->2386M(4096M) 0.102ms
[4022.175s][info][gc,cpu         ] GC(1051) User=0.00s Sys=0.00s Real=0.00s
[4022.175s][info][gc,marking     ] GC(1051) Concurrent Clear Claimed Marks
[4022.175s][info][gc,marking     ] GC(1051) Concurrent Clear Claimed Marks 0.023ms
[4022.175s][info][gc,marking     ] GC(1051) Concurrent Cleanup for Next Mark
[4022.179s][info][gc,marking     ] GC(1051) Concurrent Cleanup for Next Mark 3.146ms
[4022.179s][info][gc             ] GC(1051) Concurrent Mark Cycle 1118.406ms
..[4023.615s][info][gc,start       ] GC(1052) Pause Young (Prepare Mixed) (G1 Evacuation Pause)
[4023.615s][info][gc,task        ] GC(1052) Using 6 workers of 6 for evacuation
[4023.730s][info][gc,phases      ] GC(1052)   Pre Evacuate Collection Set: 0.32ms
[4023.730s][info][gc,phases      ] GC(1052)   Merge Heap Roots: 0.55ms
[4023.730s][info][gc,phases      ] GC(1052)   Evacuate Collection Set: 113.09ms
[4023.730s][info][gc,phases      ] GC(1052)   Post Evacuate Collection Set: 0.91ms
[4023.730s][info][gc,phases      ] GC(1052)   Other: 0.09ms
[4023.730s][info][gc,heap        ] GC(1052) Eden regions: 1119->0(1112)
[4023.730s][info][gc,heap        ] GC(1052) Survivor regions: 109->108(154)
[4023.730s][info][gc,heap        ] GC(1052) Old regions: 506->537
[4023.730s][info][gc,heap        ] GC(1052) Humongous regions: 80->80
[4023.730s][info][gc,metaspace   ] GC(1052) Metaspace: 28895K(29312K)->28895K(29312K) NonClass: 24027K(24256K)->24027K(24256K) Class: 4868K(5056K)->4868K(5056K)
[4023.730s][info][gc             ] GC(1052) Pause Young (Prepare Mixed) (G1 Evacuation Pause) 3625M->1449M(4096M) 115.103ms
[4023.730s][info][gc,cpu         ] GC(1052) User=0.68s Sys=0.00s Real=0.12s
..[4026.292s][info][gc,start       ] GC(1053) Pause Young (Mixed) (G1 Evacuation Pause)
[4026.292s][info][gc,task        ] GC(1053) Using 6 workers of 6 for evacuation
[4026.426s][info][gc,phases      ] GC(1053)   Pre Evacuate Collection Set: 0.36ms
[4026.426s][info][gc,phases      ] GC(1053)   Merge Heap Roots: 0.70ms
[4026.426s][info][gc,phases      ] GC(1053)   Evacuate Collection Set: 131.44ms
[4026.426s][info][gc,phases      ] GC(1053)   Post Evacuate Collection Set: 0.94ms
[4026.426s][info][gc,phases      ] GC(1053)   Other: 0.09ms
[4026.426s][info][gc,heap        ] GC(1053) Eden regions: 1112->0(1117)
[4026.426s][info][gc,heap        ] GC(1053) Survivor regions: 108->111(153)
[4026.426s][info][gc,heap        ] GC(1053) Old regions: 537->473
[4026.426s][info][gc,heap        ] GC(1053) Humongous regions: 80->80
[4026.426s][info][gc,metaspace   ] GC(1053) Metaspace: 28895K(29312K)->28895K(29312K) NonClass: 24027K(24256K)->24027K(24256K) Class: 4868K(5056K)->4868K(5056K)
[4026.426s][info][gc             ] GC(1053) Pause Young (Mixed) (G1 Evacuation Pause) 3673M->1326M(4096M) 133.649ms
[4026.426s][info][gc,cpu         ] GC(1053) User=0.80s Sys=0.00s Real=0.13s
...[4028.910s][info][gc,start       ] GC(1054) Pause Young (Concurrent Start) (G1 Evacuation Pause)
[4028.910s][info][gc,task        ] GC(1054) Using 6 workers of 6 for evacuation
[4029.027s][info][gc,phases      ] GC(1054)   Pre Evacuate Collection Set: 0.39ms
[4029.027s][info][gc,phases      ] GC(1054)   Merge Heap Roots: 0.54ms
[4029.027s][info][gc,phases      ] GC(1054)   Evacuate Collection Set: 115.07ms
[4029.027s][info][gc,phases      ] GC(1054)   Post Evacuate Collection Set: 0.86ms
[4029.027s][info][gc,phases      ] GC(1054)   Other: 0.13ms
[4029.027s][info][gc,heap        ] GC(1054) Eden regions: 1117->0(1120)
[4029.027s][info][gc,heap        ] GC(1054) Survivor regions: 111->108(154)
[4029.027s][info][gc,heap        ] GC(1054) Old regions: 473->505
[4029.027s][info][gc,heap        ] GC(1054) Humongous regions: 80->80
[4029.027s][info][gc,metaspace   ] GC(1054) Metaspace: 28895K(29312K)->28895K(29312K) NonClass: 24027K(24256K)->24027K(24256K) Class: 4868K(5056K)->4868K(5056K)
[4029.027s][info][gc             ] GC(1054) Pause Young (Concurrent Start) (G1 Evacuation Pause) 3560M->1385M(4096M) 117.138ms
[4029.027s][info][gc             ] GC(1055) Concurrent Mark Cycle
[4029.027s][info][gc,marking     ] GC(1055) Concurrent Scan Root Regions
[4029.027s][info][gc,cpu         ] GC(1054) User=0.70s Sys=0.00s Real=0.11s
[4029.168s][info][gc,marking     ] GC(1055) Concurrent Scan Root Regions 140.974ms
[4029.168s][info][gc,marking     ] GC(1055) Concurrent Mark
[4029.168s][info][gc,marking     ] GC(1055) Concurrent Mark From Roots
[4029.168s][info][gc,task        ] GC(1055) Using 2 workers of 2 for marking
.[4029.851s][info][gc,marking     ] GC(1055) Concurrent Mark From Roots 683.378ms
[4029.851s][info][gc,marking     ] GC(1055) Concurrent Preclean
[4029.851s][info][gc,marking     ] GC(1055) Concurrent Preclean 0.075ms
[4029.852s][info][gc,start       ] GC(1055) Pause Remark
[4029.856s][info][gc             ] GC(1055) Pause Remark 2123M->2123M(4096M) 4.667ms
[4029.856s][info][gc,cpu         ] GC(1055) User=0.02s Sys=0.00s Real=0.00s
[4029.857s][info][gc,marking     ] GC(1055) Concurrent Mark 689.465ms
[4029.857s][info][gc,marking     ] GC(1055) Concurrent Rebuild Remembered Sets and Scrub Regions
[4030.117s][info][gc,marking     ] GC(1055) Concurrent Rebuild Remembered Sets and Scrub Regions 260.008ms
[4030.117s][info][gc,start       ] GC(1055) Pause Cleanup
[4030.117s][info][gc             ] GC(1055) Pause Cleanup 2364M->2364M(4096M) 0.099ms
[4030.117s][info][gc,cpu         ] GC(1055) User=0.00s Sys=0.00s Real=0.00s
[4030.117s][info][gc,marking     ] GC(1055) Concurrent Clear Claimed Marks
[4030.117s][info][gc,marking     ] GC(1055) Concurrent Clear Claimed Marks 0.022ms
[4030.117s][info][gc,marking     ] GC(1055) Concurrent Cleanup for Next Mark
[4030.121s][info][gc,marking     ] GC(1055) Concurrent Cleanup for Next Mark 3.164ms
[4030.121s][info][gc             ] GC(1055) Concurrent Mark Cycle 1094.015ms
.[4031.594s][info][gc,start       ] GC(1056) Pause Young (Prepare Mixed) (G1 Evacuation Pause)
[4031.594s][info][gc,task        ] GC(1056) Using 6 workers of 6 for evacuation
[4031.709s][info][gc,phases      ] GC(1056)   Pre Evacuate Collection Set: 0.31ms
[4031.709s][info][gc,phases      ] GC(1056)   Merge Heap Roots: 0.52ms
[4031.709s][info][gc,phases      ] GC(1056)   Evacuate Collection Set: 113.43ms
[4031.709s][info][gc,phases      ] GC(1056)   Post Evacuate Collection Set: 0.91ms
[4031.709s][info][gc,phases      ] GC(1056)   Other: 0.08ms
[4031.709s][info][gc,heap        ] GC(1056) Eden regions: 1120->0(1111)
[4031.709s][info][gc,heap        ] GC(1056) Survivor regions: 108->108(154)
[4031.709s][info][gc,heap        ] GC(1056) Old regions: 505->538
[4031.709s][info][gc,heap        ] GC(1056) Humongous regions: 80->80
[4031.709s][info][gc,metaspace   ] GC(1056) Metaspace: 28895K(29312K)->28895K(29312K) NonClass: 24027K(24256K)->24027K(24256K) Class: 4868K(5056K)->4868K(5056K)
[4031.709s][info][gc             ] GC(1056) Pause Young (Prepare Mixed) (G1 Evacuation Pause) 3625M->1449M(4096M) 115.392ms
[4031.709s][info][gc,cpu         ] GC(1056) User=0.68s Sys=0.00s Real=0.12s
...[4034.226s][info][gc,start       ] GC(1057) Pause Young (Mixed) (G1 Evacuation Pause)
[4034.226s][info][gc,task        ] GC(1057) Using 6 workers of 6 for evacuation
[4034.360s][info][gc,phases      ] GC(1057)   Pre Evacuate Collection Set: 0.38ms
[4034.360s][info][gc,phases      ] GC(1057)   Merge Heap Roots: 0.68ms
[4034.360s][info][gc,phases      ] GC(1057)   Evacuate Collection Set: 131.89ms
[4034.360s][info][gc,phases      ] GC(1057)   Post Evacuate Collection Set: 0.95ms
[4034.360s][info][gc,phases      ] GC(1057)   Other: 0.11ms
[4034.360s][info][gc,heap        ] GC(1057) Eden regions: 1111->0(1118)
[4034.360s][info][gc,heap        ] GC(1057) Survivor regions: 108->110(153)
[4034.360s][info][gc,heap        ] GC(1057) Old regions: 538->474
[4034.360s][info][gc,heap        ] GC(1057) Humongous regions: 80->80
[4034.360s][info][gc,metaspace   ] GC(1057) Metaspace: 28895K(29312K)->28895K(29312K) NonClass: 24027K(24256K)->24027K(24256K) Class: 4868K(5056K)->4868K(5056K)
[4034.360s][info][gc             ] GC(1057) Pause Young (Mixed) (G1 Evacuation Pause) 3671M->1327M(4096M) 134.137ms
[4034.360s][info][gc,cpu         ] GC(1057) User=0.79s Sys=0.00s Real=0.14s
...[4036.875s][info][gc,start       ] GC(1058) Pause Young (Concurrent Start) (G1 Evacuation Pause)
[4036.875s][info][gc,task        ] GC(1058) Using 6 workers of 6 for evacuation
[4036.995s][info][gc,phases      ] GC(1058)   Pre Evacuate Collection Set: 0.34ms
[4036.995s][info][gc,phases      ] GC(1058)   Merge Heap Roots: 0.47ms
[4036.995s][info][gc,phases      ] GC(1058)   Evacuate Collection Set: 117.32ms
[4036.995s][info][gc,phases      ] GC(1058)   Post Evacuate Collection Set: 0.86ms
[4036.995s][info][gc,phases      ] GC(1058)   Other: 0.11ms
[4036.995s][info][gc,heap        ] GC(1058) Eden regions: 1118->0(1118)
[4036.995s][info][gc,heap        ] GC(1058) Survivor regions: 110->110(154)
[4036.995s][info][gc,heap        ] GC(1058) Old regions: 474->506
[4036.995s][info][gc,heap        ] GC(1058) Humongous regions: 80->80
[4036.995s][info][gc,metaspace   ] GC(1058) Metaspace: 28895K(29312K)->28895K(29312K) NonClass: 24027K(24256K)->24027K(24256K) Class: 4868K(5056K)->4868K(5056K)
[4036.995s][info][gc             ] GC(1058) Pause Young (Concurrent Start) (G1 Evacuation Pause) 3563M->1390M(4096M) 119.230ms
[4036.995s][info][gc             ] GC(1059) Concurrent Mark Cycle
[4036.995s][info][gc,marking     ] GC(1059) Concurrent Scan Root Regions
[4036.995s][info][gc,cpu         ] GC(1058) User=0.71s Sys=0.00s Real=0.12s
[4037.144s][info][gc,marking     ] GC(1059) Concurrent Scan Root Regions 148.874ms
[4037.144s][info][gc,marking     ] GC(1059) Concurrent Mark
[4037.144s][info][gc,marking     ] GC(1059) Concurrent Mark From Roots
[4037.144s][info][gc,task        ] GC(1059) Using 2 workers of 2 for marking
.[4037.876s][info][gc,marking     ] GC(1059) Concurrent Mark From Roots 732.179ms
[4037.876s][info][gc,marking     ] GC(1059) Concurrent Preclean
[4037.876s][info][gc,marking     ] GC(1059) Concurrent Preclean 0.085ms
[4037.876s][info][gc,start       ] GC(1059) Pause Remark
[4037.882s][info][gc             ] GC(1059) Pause Remark 2139M->2139M(4096M) 5.135ms
[4037.882s][info][gc,cpu         ] GC(1059) User=0.03s Sys=0.00s Real=0.01s
[4037.882s][info][gc,marking     ] GC(1059) Concurrent Mark 738.532ms
[4037.882s][info][gc,marking     ] GC(1059) Concurrent Rebuild Remembered Sets and Scrub Regions
[4038.251s][info][gc,marking     ] GC(1059) Concurrent Rebuild Remembered Sets and Scrub Regions 368.341ms
[4038.251s][info][gc,start       ] GC(1059) Pause Cleanup
[4038.251s][info][gc             ] GC(1059) Pause Cleanup 2534M->2534M(4096M) 0.115ms
[4038.251s][info][gc,cpu         ] GC(1059) User=0.00s Sys=0.00s Real=0.00s
[4038.251s][info][gc,marking     ] GC(1059) Concurrent Clear Claimed Marks
[4038.251s][info][gc,marking     ] GC(1059) Concurrent Clear Claimed Marks 0.027ms
[4038.251s][info][gc,marking     ] GC(1059) Concurrent Cleanup for Next Mark
[4038.255s][info][gc,marking     ] GC(1059) Concurrent Cleanup for Next Mark 3.748ms
[4038.255s][info][gc             ] GC(1059) Concurrent Mark Cycle 1259.983ms
.[4039.530s][info][gc,start       ] GC(1060) Pause Young (Prepare Mixed) (G1 Evacuation Pause)
[4039.530s][info][gc,task        ] GC(1060) Using 6 workers of 6 for evacuation
[4039.649s][info][gc,phases      ] GC(1060)   Pre Evacuate Collection Set: 0.30ms
[4039.649s][info][gc,phases      ] GC(1060)   Merge Heap Roots: 0.55ms
[4039.649s][info][gc,phases      ] GC(1060)   Evacuate Collection Set: 117.38ms
[4039.649s][info][gc,phases      ] GC(1060)   Post Evacuate Collection Set: 0.93ms
[4039.649s][info][gc,phases      ] GC(1060)   Other: 0.08ms
[4039.649s][info][gc,heap        ] GC(1060) Eden regions: 1118->0(1104)
[4039.649s][info][gc,heap        ] GC(1060) Survivor regions: 110->112(154)
[4039.649s][info][gc,heap        ] GC(1060) Old regions: 506->537
[4039.649s][info][gc,heap        ] GC(1060) Humongous regions: 80->80
[4039.649s][info][gc,metaspace   ] GC(1060) Metaspace: 28895K(29312K)->28895K(29312K) NonClass: 24027K(24256K)->24027K(24256K) Class: 4868K(5056K)->4868K(5056K)
[4039.649s][info][gc             ] GC(1060) Pause Young (Prepare Mixed) (G1 Evacuation Pause) 3626M->1457M(4096M) 119.377ms
[4039.649s][info][gc,cpu         ] GC(1060) User=0.71s Sys=0.00s Real=0.12s
. (rIR:aIR:PR = 7057:7072:7074) (tPR = 105498) [OK] 
  4039s: Performance info:
         Transaction,    Success,    Partial,     Failed,   Receipts, AvgBarcode, 
             Overall,     430061,          0,          0,     408591,      59.47, 
         Response times:
             Request,    Success,    Partial,     Failed,   SkipFail,     Probes,    Samples,      min,      p50,      p90,      p95,      p99,      max, 
       TotalPurchase,     408638,          0,          0,          0,     360268,     420421,      200,     6100,    41000,    70000,   163000,   381000,
     InStorePurchase,     215149,          0,          0,          0,     189639,     221274,      300,     6200,    41000,    70000,   163000,   381000,
      OnlinePurchase,     150384,          0,          0,          0,     132912,     154979,      200,     5900,    40000,    69000,   154000,   381000,
        InstPurchase,      43105,          0,          0,          0,      37717,      44168,      300,     6300,    41000,    68000,   167310,   381000,
          AssocOfCat,        424,          0,          0,          0,        370,        539,    23000,    40000,    89000,   123000,   208400,   344000,
      AssocOfProduct,       4300,          0,          0,          0,       4012,       4924,      400,     5000,    34000,    61000,   137000,   343000,
      BusinessReport,       1073,          0,          0,          0,        943,       1243,    28000,    49000,   103600,   143000,   300560,   364000,
          CustBuyBeh,       4299,          0,          0,          0,       3949,       4759,      200,     3400,    28000,    56000,   135400,   311000,
       ProductReturn,      11370,          0,          0,          0,       9711,      11462,      200,     6200,    38000,    68000,   158000,   378000,

  4039s: (52%)   IR =   7195 ..[4042.091s][info][gc,start       ] GC(1061) Pause Young (Mixed) (G1 Evacuation Pause)
[4042.091s][info][gc,task        ] GC(1061) Using 6 workers of 6 for evacuation
[4042.226s][info][gc,phases      ] GC(1061)   Pre Evacuate Collection Set: 0.35ms
[4042.226s][info][gc,phases      ] GC(1061)   Merge Heap Roots: 0.79ms
[4042.226s][info][gc,phases      ] GC(1061)   Evacuate Collection Set: 132.73ms
[4042.226s][info][gc,phases      ] GC(1061)   Post Evacuate Collection Set: 0.97ms
[4042.226s][info][gc,phases      ] GC(1061)   Other: 0.10ms
[4042.226s][info][gc,heap        ] GC(1061) Eden regions: 1104->0(1119)
[4042.226s][info][gc,heap        ] GC(1061) Survivor regions: 112->109(152)
[4042.226s][info][gc,heap        ] GC(1061) Old regions: 537->474
[4042.226s][info][gc,heap        ] GC(1061) Humongous regions: 80->80
[4042.226s][info][gc,metaspace   ] GC(1061) Metaspace: 28895K(29312K)->28895K(29312K) NonClass: 24027K(24256K)->24027K(24256K) Class: 4868K(5056K)->4868K(5056K)
[4042.226s][info][gc             ] GC(1061) Pause Young (Mixed) (G1 Evacuation Pause) 3665M->1325M(4096M) 135.081ms
[4042.226s][info][gc,cpu         ] GC(1061) User=0.81s Sys=0.00s Real=0.13s
..[4044.710s][info][gc,start       ] GC(1062) Pause Young (Concurrent Start) (G1 Evacuation Pause)
[4044.710s][info][gc,task        ] GC(1062) Using 6 workers of 6 for evacuation
[4044.826s][info][gc,phases      ] GC(1062)   Pre Evacuate Collection Set: 0.35ms
[4044.826s][info][gc,phases      ] GC(1062)   Merge Heap Roots: 0.46ms
[4044.826s][info][gc,phases      ] GC(1062)   Evacuate Collection Set: 114.44ms
[4044.826s][info][gc,phases      ] GC(1062)   Post Evacuate Collection Set: 0.85ms
[4044.826s][info][gc,phases      ] GC(1062)   Other: 0.12ms
[4044.826s][info][gc,heap        ] GC(1062) Eden regions: 1119->0(1119)
[4044.826s][info][gc,heap        ] GC(1062) Survivor regions: 109->109(154)
[4044.826s][info][gc,heap        ] GC(1062) Old regions: 474->506
[4044.826s][info][gc,heap        ] GC(1062) Humongous regions: 80->80
[4044.826s][info][gc,metaspace   ] GC(1062) Metaspace: 28895K(29312K)->28895K(29312K) NonClass: 24027K(24256K)->24027K(24256K) Class: 4868K(5056K)->4868K(5056K)
[4044.826s][info][gc             ] GC(1062) Pause Young (Concurrent Start) (G1 Evacuation Pause) 3563M->1387M(4096M) 116.354ms
[4044.826s][info][gc             ] GC(1063) Concurrent Mark Cycle
[4044.826s][info][gc,marking     ] GC(1063) Concurrent Scan Root Regions
[4044.826s][info][gc,cpu         ] GC(1062) User=0.69s Sys=0.00s Real=0.11s
.[4045.006s][info][gc,marking     ] GC(1063) Concurrent Scan Root Regions 179.550ms
[4045.006s][info][gc,marking     ] GC(1063) Concurrent Mark
[4045.006s][info][gc,marking     ] GC(1063) Concurrent Mark From Roots
[4045.006s][info][gc,task        ] GC(1063) Using 2 workers of 2 for marking
.[4045.980s][info][gc,marking     ] GC(1063) Concurrent Mark From Roots 974.076ms
[4045.980s][info][gc,marking     ] GC(1063) Concurrent Preclean
[4045.980s][info][gc,marking     ] GC(1063) Concurrent Preclean 0.117ms
[4045.981s][info][gc,start       ] GC(1063) Pause Remark
[4045.986s][info][gc             ] GC(1063) Pause Remark 2450M->2450M(4096M) 5.699ms
[4045.986s][info][gc,cpu         ] GC(1063) User=0.03s Sys=0.01s Real=0.00s
[4045.986s][info][gc,marking     ] GC(1063) Concurrent Mark 980.693ms
[4045.986s][info][gc,marking     ] GC(1063) Concurrent Rebuild Remembered Sets and Scrub Regions
[4046.251s][info][gc,marking     ] GC(1063) Concurrent Rebuild Remembered Sets and Scrub Regions 264.431ms
[4046.252s][info][gc,start       ] GC(1063) Pause Cleanup
[4046.252s][info][gc             ] GC(1063) Pause Cleanup 2685M->2685M(4096M) 0.117ms
[4046.252s][info][gc,cpu         ] GC(1063) User=0.00s Sys=0.00s Real=0.00s
[4046.252s][info][gc,marking     ] GC(1063) Concurrent Clear Claimed Marks
[4046.252s][info][gc,marking     ] GC(1063) Concurrent Clear Claimed Marks 0.031ms
[4046.252s][info][gc,marking     ] GC(1063) Concurrent Cleanup for Next Mark
[4046.257s][info][gc,marking     ] GC(1063) Concurrent Cleanup for Next Mark 5.243ms
[4046.258s][info][gc             ] GC(1063) Concurrent Mark Cycle 1431.345ms
.[4047.323s][info][gc,start       ] GC(1064) Pause Young (Prepare Mixed) (G1 Evacuation Pause)
[4047.323s][info][gc,task        ] GC(1064) Using 6 workers of 6 for evacuation
[4047.442s][info][gc,phases      ] GC(1064)   Pre Evacuate Collection Set: 0.35ms
[4047.442s][info][gc,phases      ] GC(1064)   Merge Heap Roots: 0.51ms
[4047.442s][info][gc,phases      ] GC(1064)   Evacuate Collection Set: 116.83ms
[4047.442s][info][gc,phases      ] GC(1064)   Post Evacuate Collection Set: 0.92ms
[4047.442s][info][gc,phases      ] GC(1064)   Other: 0.09ms
[4047.442s][info][gc,heap        ] GC(1064) Eden regions: 1119->0(1106)
[4047.442s][info][gc,heap        ] GC(1064) Survivor regions: 109->111(154)
[4047.442s][info][gc,heap        ] GC(1064) Old regions: 506->537
[4047.442s][info][gc,heap        ] GC(1064) Humongous regions: 80->80
[4047.442s][info][gc,metaspace   ] GC(1064) Metaspace: 28895K(29312K)->28895K(29312K) NonClass: 24027K(24256K)->24027K(24256K) Class: 4868K(5056K)->4868K(5056K)
[4047.442s][info][gc             ] GC(1064) Pause Young (Prepare Mixed) (G1 Evacuation Pause) 3625M->1454M(4096M) 118.823ms
[4047.442s][info][gc,cpu         ] GC(1064) User=0.71s Sys=0.00s Real=0.12s
..|.[4049.946s][info][gc,start       ] GC(1065) Pause Young (Mixed) (G1 Evacuation Pause)
[4049.946s][info][gc,task        ] GC(1065) Using 6 workers of 6 for evacuation
[4050.082s][info][gc,phases      ] GC(1065)   Pre Evacuate Collection Set: 0.34ms
[4050.082s][info][gc,phases      ] GC(1065)   Merge Heap Roots: 0.74ms
[4050.082s][info][gc,phases      ] GC(1065)   Evacuate Collection Set: 133.97ms
[4050.082s][info][gc,phases      ] GC(1065)   Post Evacuate Collection Set: 0.94ms
[4050.082s][info][gc,phases      ] GC(1065)   Other: 0.09ms
[4050.082s][info][gc,heap        ] GC(1065) Eden regions: 1106->0(1116)
[4050.082s][info][gc,heap        ] GC(1065) Survivor regions: 111->112(153)
[4050.082s][info][gc,heap        ] GC(1065) Old regions: 537->474
[4050.082s][info][gc,heap        ] GC(1065) Humongous regions: 80->80
[4050.082s][info][gc,metaspace   ] GC(1065) Metaspace: 28895K(29312K)->28895K(29312K) NonClass: 24027K(24256K)->24027K(24256K) Class: 4868K(5056K)->4868K(5056K)
[4050.082s][info][gc             ] GC(1065) Pause Young (Mixed) (G1 Evacuation Pause) 3666M->1331M(4096M) 136.202ms
[4050.082s][info][gc,cpu         ] GC(1065) User=0.81s Sys=0.00s Real=0.14s
..[4052.519s][info][gc,start       ] GC(1066) Pause Young (Concurrent Start) (G1 Evacuation Pause)
[4052.519s][info][gc,task        ] GC(1066) Using 6 workers of 6 for evacuation
[4052.635s][info][gc,phases      ] GC(1066)   Pre Evacuate Collection Set: 0.37ms
[4052.635s][info][gc,phases      ] GC(1066)   Merge Heap Roots: 0.52ms
[4052.635s][info][gc,phases      ] GC(1066)   Evacuate Collection Set: 114.23ms
[4052.635s][info][gc,phases      ] GC(1066)   Post Evacuate Collection Set: 0.90ms
[4052.635s][info][gc,phases      ] GC(1066)   Other: 0.10ms
[4052.635s][info][gc,heap        ] GC(1066) Eden regions: 1116->0(1120)
[4052.635s][info][gc,heap        ] GC(1066) Survivor regions: 112->108(154)
[4052.635s][info][gc,heap        ] GC(1066) Old regions: 474->506
[4052.635s][info][gc,heap        ] GC(1066) Humongous regions: 80->80
[4052.635s][info][gc,metaspace   ] GC(1066) Metaspace: 28895K(29312K)->28895K(29312K) NonClass: 24027K(24256K)->24027K(24256K) Class: 4868K(5056K)->4868K(5056K)
[4052.635s][info][gc             ] GC(1066) Pause Young (Concurrent Start) (G1 Evacuation Pause) 3563M->1387M(4096M) 116.243ms
[4052.635s][info][gc             ] GC(1067) Concurrent Mark Cycle
[4052.635s][info][gc,marking     ] GC(1067) Concurrent Scan Root Regions
[4052.635s][info][gc,cpu         ] GC(1066) User=0.69s Sys=0.00s Real=0.11s
[4052.774s][info][gc,marking     ] GC(1067) Concurrent Scan Root Regions 138.731ms
[4052.774s][info][gc,marking     ] GC(1067) Concurrent Mark
[4052.774s][info][gc,marking     ] GC(1067) Concurrent Mark From Roots
[4052.774s][info][gc,task        ] GC(1067) Using 2 workers of 2 for marking
.[4053.461s][info][gc,marking     ] GC(1067) Concurrent Mark From Roots 686.917ms
[4053.461s][info][gc,marking     ] GC(1067) Concurrent Preclean
[4053.461s][info][gc,marking     ] GC(1067) Concurrent Preclean 0.089ms
[4053.462s][info][gc,start       ] GC(1067) Pause Remark
[4053.468s][info][gc             ] GC(1067) Pause Remark 2134M->2134M(4096M) 6.122ms
[4053.468s][info][gc,cpu         ] GC(1067) User=0.04s Sys=0.00s Real=0.00s
[4053.469s][info][gc,marking     ] GC(1067) Concurrent Mark 694.439ms
[4053.469s][info][gc,marking     ] GC(1067) Concurrent Rebuild Remembered Sets and Scrub Regions
[4053.796s][info][gc,marking     ] GC(1067) Concurrent Rebuild Remembered Sets and Scrub Regions 326.930ms
[4053.796s][info][gc,start       ] GC(1067) Pause Cleanup
[4053.796s][info][gc             ] GC(1067) Pause Cleanup 2423M->2423M(4096M) 0.114ms
[4053.796s][info][gc,cpu         ] GC(1067) User=0.00s Sys=0.00s Real=0.00s
[4053.796s][info][gc,marking     ] GC(1067) Concurrent Clear Claimed Marks
[4053.796s][info][gc,marking     ] GC(1067) Concurrent Clear Claimed Marks 0.025ms
[4053.796s][info][gc,marking     ] GC(1067) Concurrent Cleanup for Next Mark
[4053.799s][info][gc,marking     ] GC(1067) Concurrent Cleanup for Next Mark 3.183ms
[4053.799s][info][gc             ] GC(1067) Concurrent Mark Cycle 1163.757ms
..[4055.196s][info][gc,start       ] GC(1068) Pause Young (Prepare Mixed) (G1 Evacuation Pause)
[4055.196s][info][gc,task        ] GC(1068) Using 6 workers of 6 for evacuation
[4055.313s][info][gc,phases      ] GC(1068)   Pre Evacuate Collection Set: 0.33ms
[4055.313s][info][gc,phases      ] GC(1068)   Merge Heap Roots: 0.50ms
[4055.313s][info][gc,phases      ] GC(1068)   Evacuate Collection Set: 114.77ms
[4055.313s][info][gc,phases      ] GC(1068)   Post Evacuate Collection Set: 0.91ms
[4055.313s][info][gc,phases      ] GC(1068)   Other: 0.08ms
[4055.313s][info][gc,heap        ] GC(1068) Eden regions: 1120->0(1106)
[4055.313s][info][gc,heap        ] GC(1068) Survivor regions: 108->111(154)
[4055.313s][info][gc,heap        ] GC(1068) Old regions: 506->537
[4055.313s][info][gc,heap        ] GC(1068) Humongous regions: 80->80
[4055.313s][info][gc,metaspace   ] GC(1068) Metaspace: 28895K(29312K)->28895K(29312K) NonClass: 24027K(24256K)->24027K(24256K) Class: 4868K(5056K)->4868K(5056K)
[4055.313s][info][gc             ] GC(1068) Pause Young (Prepare Mixed) (G1 Evacuation Pause) 3627M->1454M(4096M) 116.715ms
[4055.313s][info][gc,cpu         ] GC(1068) User=0.70s Sys=0.00s Real=0.12s
..[4057.715s][info][gc,start       ] GC(1069) Pause Young (Mixed) (G1 Evacuation Pause)
[4057.715s][info][gc,task        ] GC(1069) Using 6 workers of 6 for evacuation
[4057.848s][info][gc,phases      ] GC(1069)   Pre Evacuate Collection Set: 0.34ms
[4057.848s][info][gc,phases      ] GC(1069)   Merge Heap Roots: 0.71ms
[4057.848s][info][gc,phases      ] GC(1069)   Evacuate Collection Set: 131.79ms
[4057.848s][info][gc,phases      ] GC(1069)   Post Evacuate Collection Set: 0.95ms
[4057.849s][info][gc,phases      ] GC(1069)   Other: 0.09ms
[4057.849s][info][gc,heap        ] GC(1069) Eden regions: 1106->0(1118)
[4057.849s][info][gc,heap        ] GC(1069) Survivor regions: 111->110(153)
[4057.849s][info][gc,heap        ] GC(1069) Old regions: 537->475
[4057.849s][info][gc,heap        ] GC(1069) Humongous regions: 80->80
[4057.849s][info][gc,metaspace   ] GC(1069) Metaspace: 28895K(29312K)->28895K(29312K) NonClass: 24027K(24256K)->24027K(24256K) Class: 4868K(5056K)->4868K(5056K)
[4057.849s][info][gc             ] GC(1069) Pause Young (Mixed) (G1 Evacuation Pause) 3666M->1327M(4096M) 134.038ms
[4057.849s][info][gc,cpu         ] GC(1069) User=0.79s Sys=0.00s Real=0.14s
...[4060.323s][info][gc,start       ] GC(1070) Pause Young (Concurrent Start) (G1 Evacuation Pause)
[4060.323s][info][gc,task        ] GC(1070) Using 6 workers of 6 for evacuation
[4060.442s][info][gc,phases      ] GC(1070)   Pre Evacuate Collection Set: 0.37ms
[4060.442s][info][gc,phases      ] GC(1070)   Merge Heap Roots: 0.49ms
[4060.442s][info][gc,phases      ] GC(1070)   Evacuate Collection Set: 117.06ms
[4060.442s][info][gc,phases      ] GC(1070)   Post Evacuate Collection Set: 0.92ms
[4060.442s][info][gc,phases      ] GC(1070)   Other: 0.12ms
[4060.442s][info][gc,heap        ] GC(1070) Eden regions: 1118->0(1116)
[4060.442s][info][gc,heap        ] GC(1070) Survivor regions: 110->112(154)
[4060.442s][info][gc,heap        ] GC(1070) Old regions: 475->508
[4060.442s][info][gc,heap        ] GC(1070) Humongous regions: 80->80
[4060.442s][info][gc,metaspace   ] GC(1070) Metaspace: 28895K(29312K)->28895K(29312K) NonClass: 24027K(24256K)->24027K(24256K) Class: 4868K(5056K)->4868K(5056K)
[4060.442s][info][gc             ] GC(1070) Pause Young (Concurrent Start) (G1 Evacuation Pause) 3563M->1397M(4096M) 119.097ms
[4060.442s][info][gc             ] GC(1071) Concurrent Mark Cycle
[4060.442s][info][gc,marking     ] GC(1071) Concurrent Scan Root Regions
[4060.442s][info][gc,cpu         ] GC(1070) User=0.71s Sys=0.00s Real=0.12s
[4060.581s][info][gc,marking     ] GC(1071) Concurrent Scan Root Regions 138.729ms
[4060.581s][info][gc,marking     ] GC(1071) Concurrent Mark
[4060.581s][info][gc,marking     ] GC(1071) Concurrent Mark From Roots
[4060.581s][info][gc,task        ] GC(1071) Using 2 workers of 2 for marking
.[4061.286s][info][gc,marking     ] GC(1071) Concurrent Mark From Roots 705.196ms
[4061.286s][info][gc,marking     ] GC(1071) Concurrent Preclean
[4061.287s][info][gc,marking     ] GC(1071) Concurrent Preclean 0.073ms
[4061.288s][info][gc,start       ] GC(1071) Pause Remark
[4061.293s][info][gc             ] GC(1071) Pause Remark 2117M->2117M(4096M) 5.367ms
[4061.293s][info][gc,cpu         ] GC(1071) User=0.03s Sys=0.00s Real=0.01s
[4061.293s][info][gc,marking     ] GC(1071) Concurrent Mark 712.209ms
[4061.293s][info][gc,marking     ] GC(1071) Concurrent Rebuild Remembered Sets and Scrub Regions
[4061.710s][info][gc,marking     ] GC(1071) Concurrent Rebuild Remembered Sets and Scrub Regions 416.158ms
[4061.710s][info][gc,start       ] GC(1071) Pause Cleanup
[4061.710s][info][gc             ] GC(1071) Pause Cleanup 2557M->2557M(4096M) 0.103ms
[4061.710s][info][gc,cpu         ] GC(1071) User=0.00s Sys=0.00s Real=0.00s
[4061.710s][info][gc,marking     ] GC(1071) Concurrent Clear Claimed Marks
[4061.710s][info][gc,marking     ] GC(1071) Concurrent Clear Claimed Marks 0.026ms
[4061.710s][info][gc,marking     ] GC(1071) Concurrent Cleanup for Next Mark
[4061.713s][info][gc,marking     ] GC(1071) Concurrent Cleanup for Next Mark 3.280ms
[4061.713s][info][gc             ] GC(1071) Concurrent Mark Cycle 1270.820ms
.[4062.952s][info][gc,start       ] GC(1072) Pause Young (Prepare Mixed) (G1 Evacuation Pause)
[4062.952s][info][gc,task        ] GC(1072) Using 6 workers of 6 for evacuation
[4063.068s][info][gc,phases      ] GC(1072)   Pre Evacuate Collection Set: 0.32ms
[4063.068s][info][gc,phases      ] GC(1072)   Merge Heap Roots: 0.56ms
[4063.068s][info][gc,phases      ] GC(1072)   Evacuate Collection Set: 114.47ms
[4063.068s][info][gc,phases      ] GC(1072)   Post Evacuate Collection Set: 0.91ms
[4063.068s][info][gc,phases      ] GC(1072)   Other: 0.09ms
[4063.068s][info][gc,heap        ] GC(1072) Eden regions: 1116->0(1106)
[4063.068s][info][gc,heap        ] GC(1072) Survivor regions: 112->110(154)
[4063.068s][info][gc,heap        ] GC(1072) Old regions: 508->539
[4063.068s][info][gc,heap        ] GC(1072) Humongous regions: 80->80
[4063.068s][info][gc,metaspace   ] GC(1072) Metaspace: 28895K(29312K)->28895K(29312K) NonClass: 24027K(24256K)->24027K(24256K) Class: 4868K(5056K)->4868K(5056K)
[4063.068s][info][gc             ] GC(1072) Pause Young (Prepare Mixed) (G1 Evacuation Pause) 3629M->1455M(4096M) 116.487ms
[4063.068s][info][gc,cpu         ] GC(1072) User=0.70s Sys=0.00s Real=0.11s
...[4065.518s][info][gc,start       ] GC(1073) Pause Young (Mixed) (G1 Evacuation Pause)
[4065.518s][info][gc,task        ] GC(1073) Using 6 workers of 6 for evacuation
[4065.651s][info][gc,phases      ] GC(1073)   Pre Evacuate Collection Set: 0.36ms
[4065.651s][info][gc,phases      ] GC(1073)   Merge Heap Roots: 0.84ms
[4065.651s][info][gc,phases      ] GC(1073)   Evacuate Collection Set: 130.41ms
[4065.651s][info][gc,phases      ] GC(1073)   Post Evacuate Collection Set: 0.94ms
[4065.651s][info][gc,phases      ] GC(1073)   Other: 0.10ms
[4065.651s][info][gc,heap        ] GC(1073) Eden regions: 1106->0(1121)
[4065.651s][info][gc,heap        ] GC(1073) Survivor regions: 110->107(152)
[4065.651s][info][gc,heap        ] GC(1073) Old regions: 539->476
[4065.651s][info][gc,heap        ] GC(1073) Humongous regions: 80->80
[4065.651s][info][gc,metaspace   ] GC(1073) Metaspace: 28895K(29312K)->28895K(29312K) NonClass: 24027K(24256K)->24027K(24256K) Class: 4868K(5056K)->4868K(5056K)
[4065.651s][info][gc             ] GC(1073) Pause Young (Mixed) (G1 Evacuation Pause) 3667M->1325M(4096M) 132.763ms
[4065.651s][info][gc,cpu         ] GC(1073) User=0.79s Sys=0.00s Real=0.14s
..[4068.133s][info][gc,start       ] GC(1074) Pause Young (Concurrent Start) (G1 Evacuation Pause)
[4068.133s][info][gc,task        ] GC(1074) Using 6 workers of 6 for evacuation
[4068.258s][info][gc,phases      ] GC(1074)   Pre Evacuate Collection Set: 0.34ms
[4068.258s][info][gc,phases      ] GC(1074)   Merge Heap Roots: 0.45ms
[4068.258s][info][gc,phases      ] GC(1074)   Evacuate Collection Set: 123.10ms
[4068.258s][info][gc,phases      ] GC(1074)   Post Evacuate Collection Set: 0.86ms
[4068.258s][info][gc,phases      ] GC(1074)   Other: 0.08ms
[4068.258s][info][gc,heap        ] GC(1074) Eden regions: 1121->0(1114)
[4068.258s][info][gc,heap        ] GC(1074) Survivor regions: 107->114(154)
[4068.258s][info][gc,heap        ] GC(1074) Old regions: 476->508
[4068.258s][info][gc,heap        ] GC(1074) Humongous regions: 80->80
[4068.258s][info][gc,metaspace   ] GC(1074) Metaspace: 28895K(29312K)->28895K(29312K) NonClass: 24027K(24256K)->24027K(24256K) Class: 4868K(5056K)->4868K(5056K)
[4068.258s][info][gc             ] GC(1074) Pause Young (Concurrent Start) (G1 Evacuation Pause) 3567M->1402M(4096M) 124.958ms
[4068.258s][info][gc             ] GC(1075) Concurrent Mark Cycle
[4068.258s][info][gc,marking     ] GC(1075) Concurrent Scan Root Regions
[4068.258s][info][gc,cpu         ] GC(1074) User=0.74s Sys=0.00s Real=0.12s
.[4068.441s][info][gc,marking     ] GC(1075) Concurrent Scan Root Regions 182.925ms
[4068.441s][info][gc,marking     ] GC(1075) Concurrent Mark
[4068.441s][info][gc,marking     ] GC(1075) Concurrent Mark From Roots
[4068.441s][info][gc,task        ] GC(1075) Using 2 workers of 2 for marking
.[4069.413s][info][gc,marking     ] GC(1075) Concurrent Mark From Roots 971.770ms
[4069.413s][info][gc,marking     ] GC(1075) Concurrent Preclean
[4069.413s][info][gc,marking     ] GC(1075) Concurrent Preclean 0.082ms
[4069.415s][info][gc,start       ] GC(1075) Pause Remark
[4069.420s][info][gc             ] GC(1075) Pause Remark 2482M->2482M(4096M) 5.028ms
[4069.420s][info][gc,cpu         ] GC(1075) User=0.03s Sys=0.00s Real=0.01s
[4069.420s][info][gc,marking     ] GC(1075) Concurrent Mark 979.226ms
[4069.420s][info][gc,marking     ] GC(1075) Concurrent Rebuild Remembered Sets and Scrub Regions
[4069.832s][info][gc,marking     ] GC(1075) Concurrent Rebuild Remembered Sets and Scrub Regions 412.030ms
[4069.833s][info][gc,start       ] GC(1075) Pause Cleanup
[4069.833s][info][gc             ] GC(1075) Pause Cleanup 2830M->2830M(4096M) 0.109ms
[4069.833s][info][gc,cpu         ] GC(1075) User=0.00s Sys=0.00s Real=0.00s
[4069.833s][info][gc,marking     ] GC(1075) Concurrent Clear Claimed Marks
[4069.833s][info][gc,marking     ] GC(1075) Concurrent Clear Claimed Marks 0.028ms
[4069.833s][info][gc,marking     ] GC(1075) Concurrent Cleanup for Next Mark
[4069.837s][info][gc,marking     ] GC(1075) Concurrent Cleanup for Next Mark 4.353ms
[4069.837s][info][gc             ] GC(1075) Concurrent Mark Cycle 1579.057ms
.[4070.739s][info][gc,start       ] GC(1076) Pause Young (Prepare Mixed) (G1 Evacuation Pause)
[4070.739s][info][gc,task        ] GC(1076) Using 6 workers of 6 for evacuation
[4070.860s][info][gc,phases      ] GC(1076)   Pre Evacuate Collection Set: 0.32ms
[4070.860s][info][gc,phases      ] GC(1076)   Merge Heap Roots: 0.56ms
[4070.860s][info][gc,phases      ] GC(1076)   Evacuate Collection Set: 119.05ms
[4070.860s][info][gc,phases      ] GC(1076)   Post Evacuate Collection Set: 0.91ms
[4070.860s][info][gc,phases      ] GC(1076)   Other: 0.09ms
[4070.860s][info][gc,heap        ] GC(1076) Eden regions: 1114->0(1101)
[4070.860s][info][gc,heap        ] GC(1076) Survivor regions: 114->112(154)
[4070.860s][info][gc,heap        ] GC(1076) Old regions: 508->540
[4070.860s][info][gc,heap        ] GC(1076) Humongous regions: 80->80
[4070.860s][info][gc,metaspace   ] GC(1076) Metaspace: 28895K(29312K)->28895K(29312K) NonClass: 24027K(24256K)->24027K(24256K) Class: 4868K(5056K)->4868K(5056K)
[4070.860s][info][gc             ] GC(1076) Pause Young (Prepare Mixed) (G1 Evacuation Pause) 3630M->1462M(4096M) 121.079ms
[4070.860s][info][gc,cpu         ] GC(1076) User=0.72s Sys=0.00s Real=0.12s
..[4073.296s][info][gc,start       ] GC(1077) Pause Young (Mixed) (G1 Evacuation Pause)
[4073.296s][info][gc,task        ] GC(1077) Using 6 workers of 6 for evacuation
[4073.431s][info][gc,phases      ] GC(1077)   Pre Evacuate Collection Set: 0.37ms
[4073.431s][info][gc,phases      ] GC(1077)   Merge Heap Roots: 0.77ms
[4073.431s][info][gc,phases      ] GC(1077)   Evacuate Collection Set: 133.19ms
[4073.431s][info][gc,phases      ] GC(1077)   Post Evacuate Collection Set: 0.90ms
[4073.431s][info][gc,phases      ] GC(1077)   Other: 0.09ms
[4073.431s][info][gc,heap        ] GC(1077) Eden regions: 1101->0(1117)
[4073.431s][info][gc,heap        ] GC(1077) Survivor regions: 112->111(152)
[4073.431s][info][gc,heap        ] GC(1077) Old regions: 540->476
[4073.431s][info][gc,heap        ] GC(1077) Humongous regions: 80->80
[4073.431s][info][gc,metaspace   ] GC(1077) Metaspace: 28895K(29312K)->28895K(29312K) NonClass: 24027K(24256K)->24027K(24256K) Class: 4868K(5056K)->4868K(5056K)
[4073.431s][info][gc             ] GC(1077) Pause Young (Mixed) (G1 Evacuation Pause) 3664M->1332M(4096M) 135.463ms
[4073.431s][info][gc,cpu         ] GC(1077) User=0.81s Sys=0.00s Real=0.14s
...[4075.885s][info][gc,start       ] GC(1078) Pause Young (Concurrent Start) (G1 Evacuation Pause)
[4075.886s][info][gc,task        ] GC(1078) Using 6 workers of 6 for evacuation
[4076.003s][info][gc,phases      ] GC(1078)   Pre Evacuate Collection Set: 0.37ms
[4076.003s][info][gc,phases      ] GC(1078)   Merge Heap Roots: 0.47ms
[4076.003s][info][gc,phases      ] GC(1078)   Evacuate Collection Set: 115.85ms
[4076.003s][info][gc,phases      ] GC(1078)   Post Evacuate Collection Set: 0.89ms
[4076.003s][info][gc,phases      ] GC(1078)   Other: 0.10ms
[4076.003s][info][gc,heap        ] GC(1078) Eden regions: 1117->0(1120)
[4076.003s][info][gc,heap        ] GC(1078) Survivor regions: 111->108(154)
[4076.003s][info][gc,heap        ] GC(1078) Old regions: 476->507
[4076.003s][info][gc,heap        ] GC(1078) Humongous regions: 80->80
[4076.003s][info][gc,metaspace   ] GC(1078) Metaspace: 28895K(29312K)->28895K(29312K) NonClass: 24027K(24256K)->24027K(24256K) Class: 4868K(5056K)->4868K(5056K)
[4076.003s][info][gc             ] GC(1078) Pause Young (Concurrent Start) (G1 Evacuation Pause) 3566M->1389M(4096M) 117.821ms
[4076.003s][info][gc             ] GC(1079) Concurrent Mark Cycle
[4076.003s][info][gc,marking     ] GC(1079) Concurrent Scan Root Regions
[4076.003s][info][gc,cpu         ] GC(1078) User=0.70s Sys=0.00s Real=0.12s
[4076.138s][info][gc,marking     ] GC(1079) Concurrent Scan Root Regions 134.621ms
[4076.138s][info][gc,marking     ] GC(1079) Concurrent Mark
[4076.138s][info][gc,marking     ] GC(1079) Concurrent Mark From Roots
[4076.138s][info][gc,task        ] GC(1079) Using 2 workers of 2 for marking
.[4076.840s][info][gc,marking     ] GC(1079) Concurrent Mark From Roots 702.225ms
[4076.840s][info][gc,marking     ] GC(1079) Concurrent Preclean
[4076.840s][info][gc,marking     ] GC(1079) Concurrent Preclean 0.088ms
[4076.843s][info][gc,start       ] GC(1079) Pause Remark
[4076.846s][info][gc             ] GC(1079) Pause Remark 2147M->2147M(4096M) 3.341ms
[4076.846s][info][gc,cpu         ] GC(1079) User=0.02s Sys=0.00s Real=0.00s
[4076.846s][info][gc,marking     ] GC(1079) Concurrent Mark 708.338ms
[4076.846s][info][gc,marking     ] GC(1079) Concurrent Rebuild Remembered Sets and Scrub Regions
[4077.209s][info][gc,marking     ] GC(1079) Concurrent Rebuild Remembered Sets and Scrub Regions 362.411ms
[4077.209s][info][gc,start       ] GC(1079) Pause Cleanup
[4077.209s][info][gc             ] GC(1079) Pause Cleanup 2477M->2477M(4096M) 0.119ms
[4077.209s][info][gc,cpu         ] GC(1079) User=0.00s Sys=0.00s Real=0.00s
[4077.209s][info][gc,marking     ] GC(1079) Concurrent Clear Claimed Marks
[4077.209s][info][gc,marking     ] GC(1079) Concurrent Clear Claimed Marks 0.034ms
[4077.209s][info][gc,marking     ] GC(1079) Concurrent Cleanup for Next Mark
[4077.214s][info][gc,marking     ] GC(1079) Concurrent Cleanup for Next Mark 5.021ms
[4077.215s][info][gc             ] GC(1079) Concurrent Mark Cycle 1211.186ms
..[4078.563s][info][gc,start       ] GC(1080) Pause Young (Prepare Mixed) (G1 Evacuation Pause)
[4078.563s][info][gc,task        ] GC(1080) Using 6 workers of 6 for evacuation
[4078.689s][info][gc,phases      ] GC(1080)   Pre Evacuate Collection Set: 0.32ms
[4078.689s][info][gc,phases      ] GC(1080)   Merge Heap Roots: 0.54ms
[4078.689s][info][gc,phases      ] GC(1080)   Evacuate Collection Set: 123.65ms
[4078.689s][info][gc,phases      ] GC(1080)   Post Evacuate Collection Set: 0.93ms
[4078.689s][info][gc,phases      ] GC(1080)   Other: 0.09ms
[4078.689s][info][gc,heap        ] GC(1080) Eden regions: 1120->0(1096)
[4078.689s][info][gc,heap        ] GC(1080) Survivor regions: 108->115(154)
[4078.689s][info][gc,heap        ] GC(1080) Old regions: 507->539
[4078.689s][info][gc,heap        ] GC(1080) Humongous regions: 80->80
[4078.689s][info][gc,metaspace   ] GC(1080) Metaspace: 28895K(29312K)->28895K(29312K) NonClass: 24027K(24256K)->24027K(24256K) Class: 4868K(5056K)->4868K(5056K)
[4078.689s][info][gc             ] GC(1080) Pause Young (Prepare Mixed) (G1 Evacuation Pause) 3629M->1467M(4096M) 125.667ms
[4078.689s][info][gc,cpu         ] GC(1080) User=0.74s Sys=0.00s Real=0.13s
..[4081.070s][info][gc,start       ] GC(1081) Pause Young (Mixed) (G1 Evacuation Pause)
[4081.070s][info][gc,task        ] GC(1081) Using 6 workers of 6 for evacuation
[4081.208s][info][gc,phases      ] GC(1081)   Pre Evacuate Collection Set: 0.37ms
[4081.208s][info][gc,phases      ] GC(1081)   Merge Heap Roots: 0.70ms
[4081.208s][info][gc,phases      ] GC(1081)   Evacuate Collection Set: 136.15ms
[4081.208s][info][gc,phases      ] GC(1081)   Post Evacuate Collection Set: 0.94ms
[4081.208s][info][gc,phases      ] GC(1081)   Other: 0.09ms
[4081.208s][info][gc,heap        ] GC(1081) Eden regions: 1096->0(1116)
[4081.208s][info][gc,heap        ] GC(1081) Survivor regions: 115->112(152)
[4081.208s][info][gc,heap        ] GC(1081) Old regions: 539->476
[4081.208s][info][gc,heap        ] GC(1081) Humongous regions: 80->80
[4081.208s][info][gc,metaspace   ] GC(1081) Metaspace: 28895K(29312K)->28895K(29312K) NonClass: 24027K(24256K)->24027K(24256K) Class: 4868K(5056K)->4868K(5056K)
[4081.208s][info][gc             ] GC(1081) Pause Young (Mixed) (G1 Evacuation Pause) 3659M->1334M(4096M) 138.397ms
[4081.208s][info][gc,cpu         ] GC(1081) User=0.83s Sys=0.00s Real=0.13s
...[4083.700s][info][gc,start       ] GC(1082) Pause Young (Concurrent Start) (G1 Evacuation Pause)
[4083.701s][info][gc,task        ] GC(1082) Using 6 workers of 6 for evacuation
[4083.820s][info][gc,phases      ] GC(1082)   Pre Evacuate Collection Set: 0.35ms
[4083.820s][info][gc,phases      ] GC(1082)   Merge Heap Roots: 0.49ms
[4083.820s][info][gc,phases      ] GC(1082)   Evacuate Collection Set: 117.93ms
[4083.820s][info][gc,phases      ] GC(1082)   Post Evacuate Collection Set: 0.88ms
[4083.820s][info][gc,phases      ] GC(1082)   Other: 0.11ms
[4083.820s][info][gc,heap        ] GC(1082) Eden regions: 1116->0(1116)
[4083.820s][info][gc,heap        ] GC(1082) Survivor regions: 112->112(154)
[4083.820s][info][gc,heap        ] GC(1082) Old regions: 476->507
[4083.820s][info][gc,heap        ] GC(1082) Humongous regions: 80->80
[4083.820s][info][gc,metaspace   ] GC(1082) Metaspace: 28895K(29312K)->28895K(29312K) NonClass: 24027K(24256K)->24027K(24256K) Class: 4868K(5056K)->4868K(5056K)
[4083.820s][info][gc             ] GC(1082) Pause Young (Concurrent Start) (G1 Evacuation Pause) 3566M->1396M(4096M) 119.914ms
[4083.820s][info][gc             ] GC(1083) Concurrent Mark Cycle
[4083.820s][info][gc,marking     ] GC(1083) Concurrent Scan Root Regions
[4083.820s][info][gc,cpu         ] GC(1082) User=0.71s Sys=0.00s Real=0.12s
[4084.000s][info][gc,marking     ] GC(1083) Concurrent Scan Root Regions 179.633ms
[4084.000s][info][gc,marking     ] GC(1083) Concurrent Mark
[4084.000s][info][gc,marking     ] GC(1083) Concurrent Mark From Roots
[4084.000s][info][gc,task        ] GC(1083) Using 2 workers of 2 for marking
.[4084.972s][info][gc,marking     ] GC(1083) Concurrent Mark From Roots 971.514ms
[4084.972s][info][gc,marking     ] GC(1083) Concurrent Preclean
[4084.972s][info][gc,marking     ] GC(1083) Concurrent Preclean 0.092ms
[4084.973s][info][gc,start       ] GC(1083) Pause Remark
[4084.979s][info][gc             ] GC(1083) Pause Remark 2442M->2442M(4096M) 6.062ms
[4084.979s][info][gc,cpu         ] GC(1083) User=0.03s Sys=0.01s Real=0.01s
[4084.980s][info][gc,marking     ] GC(1083) Concurrent Mark 979.437ms
[4084.980s][info][gc,marking     ] GC(1083) Concurrent Rebuild Remembered Sets and Scrub Regions
[4085.342s][info][gc,marking     ] GC(1083) Concurrent Rebuild Remembered Sets and Scrub Regions 362.070ms
[4085.342s][info][gc,start       ] GC(1083) Pause Cleanup
[4085.342s][info][gc             ] GC(1083) Pause Cleanup 2782M->2782M(4096M) 0.103ms
[4085.342s][info][gc,cpu         ] GC(1083) User=0.00s Sys=0.00s Real=0.00s
[4085.342s][info][gc,marking     ] GC(1083) Concurrent Clear Claimed Marks
[4085.342s][info][gc,marking     ] GC(1083) Concurrent Clear Claimed Marks 0.021ms
[4085.342s][info][gc,marking     ] GC(1083) Concurrent Cleanup for Next Mark
[4085.346s][info][gc,marking     ] GC(1083) Concurrent Cleanup for Next Mark 3.970ms
[4085.346s][info][gc             ] GC(1083) Concurrent Mark Cycle 1525.573ms
.[4086.295s][info][gc,start       ] GC(1084) Pause Young (Prepare Mixed) (G1 Evacuation Pause)
[4086.295s][info][gc,task        ] GC(1084) Using 6 workers of 6 for evacuation
[4086.413s][info][gc,phases      ] GC(1084)   Pre Evacuate Collection Set: 0.31ms
[4086.413s][info][gc,phases      ] GC(1084)   Merge Heap Roots: 0.57ms
[4086.413s][info][gc,phases      ] GC(1084)   Evacuate Collection Set: 115.68ms
[4086.413s][info][gc,phases      ] GC(1084)   Post Evacuate Collection Set: 0.90ms
[4086.413s][info][gc,phases      ] GC(1084)   Other: 0.09ms
[4086.413s][info][gc,heap        ] GC(1084) Eden regions: 1116->0(1107)
[4086.413s][info][gc,heap        ] GC(1084) Survivor regions: 112->110(154)
[4086.413s][info][gc,heap        ] GC(1084) Old regions: 507->538
[4086.413s][info][gc,heap        ] GC(1084) Humongous regions: 80->80
[4086.413s][info][gc,metaspace   ] GC(1084) Metaspace: 28895K(29312K)->28895K(29312K) NonClass: 24027K(24256K)->24027K(24256K) Class: 4868K(5056K)->4868K(5056K)
[4086.413s][info][gc             ] GC(1084) Pause Young (Prepare Mixed) (G1 Evacuation Pause) 3628M->1455M(4096M) 117.688ms
[4086.413s][info][gc,cpu         ] GC(1084) User=0.71s Sys=0.00s Real=0.12s
...[4088.872s][info][gc,start       ] GC(1085) Pause Young (Mixed) (G1 Evacuation Pause)
[4088.872s][info][gc,task        ] GC(1085) Using 6 workers of 6 for evacuation
[4089.005s][info][gc,phases      ] GC(1085)   Pre Evacuate Collection Set: 0.36ms
[4089.005s][info][gc,phases      ] GC(1085)   Merge Heap Roots: 0.67ms
[4089.005s][info][gc,phases      ] GC(1085)   Evacuate Collection Set: 131.11ms
[4089.005s][info][gc,phases      ] GC(1085)   Post Evacuate Collection Set: 0.94ms
[4089.005s][info][gc,phases      ] GC(1085)   Other: 0.09ms
[4089.005s][info][gc,heap        ] GC(1085) Eden regions: 1107->0(1120)
[4089.005s][info][gc,heap        ] GC(1085) Survivor regions: 110->108(153)
[4089.005s][info][gc,heap        ] GC(1085) Old regions: 538->474
[4089.005s][info][gc,heap        ] GC(1085) Humongous regions: 80->80
[4089.005s][info][gc,metaspace   ] GC(1085) Metaspace: 28895K(29312K)->28895K(29312K) NonClass: 24027K(24256K)->24027K(24256K) Class: 4868K(5056K)->4868K(5056K)
[4089.005s][info][gc             ] GC(1085) Pause Young (Mixed) (G1 Evacuation Pause) 3669M->1322M(4096M) 133.300ms
[4089.005s][info][gc,cpu         ] GC(1085) User=0.80s Sys=0.00s Real=0.13s
..[4091.472s][info][gc,start       ] GC(1086) Pause Young (Concurrent Start) (G1 Evacuation Pause)
[4091.473s][info][gc,task        ] GC(1086) Using 6 workers of 6 for evacuation
[4091.594s][info][gc,phases      ] GC(1086)   Pre Evacuate Collection Set: 0.36ms
[4091.594s][info][gc,phases      ] GC(1086)   Merge Heap Roots: 0.47ms
[4091.594s][info][gc,phases      ] GC(1086)   Evacuate Collection Set: 120.11ms
[4091.594s][info][gc,phases      ] GC(1086)   Post Evacuate Collection Set: 0.83ms
[4091.594s][info][gc,phases      ] GC(1086)   Other: 0.12ms
[4091.594s][info][gc,heap        ] GC(1086) Eden regions: 1120->0(1116)
[4091.594s][info][gc,heap        ] GC(1086) Survivor regions: 108->112(154)
[4091.594s][info][gc,heap        ] GC(1086) Old regions: 474->506
[4091.594s][info][gc,heap        ] GC(1086) Humongous regions: 80->80
[4091.594s][info][gc,metaspace   ] GC(1086) Metaspace: 28895K(29312K)->28895K(29312K) NonClass: 24027K(24256K)->24027K(24256K) Class: 4868K(5056K)->4868K(5056K)
[4091.595s][info][gc             ] GC(1086) Pause Young (Concurrent Start) (G1 Evacuation Pause) 3562M->1393M(4096M) 122.049ms
[4091.595s][info][gc             ] GC(1087) Concurrent Mark Cycle
[4091.595s][info][gc,marking     ] GC(1087) Concurrent Scan Root Regions
[4091.595s][info][gc,cpu         ] GC(1086) User=0.72s Sys=0.00s Real=0.12s
.[4091.773s][info][gc,marking     ] GC(1087) Concurrent Scan Root Regions 178.849ms
[4091.773s][info][gc,marking     ] GC(1087) Concurrent Mark
[4091.773s][info][gc,marking     ] GC(1087) Concurrent Mark From Roots
[4091.773s][info][gc,task        ] GC(1087) Using 2 workers of 2 for marking
[4092.769s][info][gc,marking     ] GC(1087) Concurrent Mark From Roots 995.936ms
[4092.769s][info][gc,marking     ] GC(1087) Concurrent Preclean
[4092.770s][info][gc,marking     ] GC(1087) Concurrent Preclean 0.095ms
[4092.770s][info][gc,start       ] GC(1087) Pause Remark
[4092.775s][info][gc             ] GC(1087) Pause Remark 2474M->2474M(4096M) 5.253ms
[4092.775s][info][gc,cpu         ] GC(1087) User=0.03s Sys=0.00s Real=0.00s
[4092.775s][info][gc,marking     ] GC(1087) Concurrent Mark 1001.556ms
[4092.775s][info][gc,marking     ] GC(1087) Concurrent Rebuild Remembered Sets and Scrub Regions
.[4093.027s][info][gc,marking     ] GC(1087) Concurrent Rebuild Remembered Sets and Scrub Regions 252.162ms
[4093.027s][info][gc,start       ] GC(1087) Pause Cleanup
[4093.027s][info][gc             ] GC(1087) Pause Cleanup 2686M->2686M(4096M) 0.105ms
[4093.027s][info][gc,cpu         ] GC(1087) User=0.00s Sys=0.00s Real=0.00s
[4093.027s][info][gc,marking     ] GC(1087) Concurrent Clear Claimed Marks
[4093.028s][info][gc,marking     ] GC(1087) Concurrent Clear Claimed Marks 0.033ms
[4093.028s][info][gc,marking     ] GC(1087) Concurrent Cleanup for Next Mark
[4093.031s][info][gc,marking     ] GC(1087) Concurrent Cleanup for Next Mark 3.758ms
[4093.031s][info][gc             ] GC(1087) Concurrent Mark Cycle 1436.785ms
.[4094.086s][info][gc,start       ] GC(1088) Pause Young (Prepare Mixed) (G1 Evacuation Pause)
[4094.086s][info][gc,task        ] GC(1088) Using 6 workers of 6 for evacuation
[4094.206s][info][gc,phases      ] GC(1088)   Pre Evacuate Collection Set: 0.30ms
[4094.206s][info][gc,phases      ] GC(1088)   Merge Heap Roots: 0.54ms
[4094.206s][info][gc,phases      ] GC(1088)   Evacuate Collection Set: 118.09ms
[4094.206s][info][gc,phases      ] GC(1088)   Post Evacuate Collection Set: 0.93ms
[4094.206s][info][gc,phases      ] GC(1088)   Other: 0.09ms
[4094.206s][info][gc,heap        ] GC(1088) Eden regions: 1116->0(1107)
[4094.206s][info][gc,heap        ] GC(1088) Survivor regions: 112->110(154)
[4094.206s][info][gc,heap        ] GC(1088) Old regions: 506->538
[4094.206s][info][gc,heap        ] GC(1088) Humongous regions: 80->80
[4094.206s][info][gc,metaspace   ] GC(1088) Metaspace: 28895K(29312K)->28895K(29312K) NonClass: 24027K(24256K)->24027K(24256K) Class: 4868K(5056K)->4868K(5056K)
[4094.206s][info][gc             ] GC(1088) Pause Young (Prepare Mixed) (G1 Evacuation Pause) 3625M->1454M(4096M) 120.098ms
[4094.206s][info][gc,cpu         ] GC(1088) User=0.71s Sys=0.00s Real=0.12s
..[4096.697s][info][gc,start       ] GC(1089) Pause Young (Mixed) (G1 Evacuation Pause)
[4096.697s][info][gc,task        ] GC(1089) Using 6 workers of 6 for evacuation
[4096.831s][info][gc,phases      ] GC(1089)   Pre Evacuate Collection Set: 0.38ms
[4096.831s][info][gc,phases      ] GC(1089)   Merge Heap Roots: 0.70ms
[4096.831s][info][gc,phases      ] GC(1089)   Evacuate Collection Set: 132.22ms
[4096.831s][info][gc,phases      ] GC(1089)   Post Evacuate Collection Set: 0.93ms
[4096.831s][info][gc,phases      ] GC(1089)   Other: 0.09ms
[4096.831s][info][gc,heap        ] GC(1089) Eden regions: 1107->0(1118)
[4096.831s][info][gc,heap        ] GC(1089) Survivor regions: 110->110(153)
[4096.831s][info][gc,heap        ] GC(1089) Old regions: 538->475
[4096.831s][info][gc,heap        ] GC(1089) Humongous regions: 80->80
[4096.831s][info][gc,metaspace   ] GC(1089) Metaspace: 28895K(29312K)->28895K(29312K) NonClass: 24027K(24256K)->24027K(24256K) Class: 4868K(5056K)->4868K(5056K)
[4096.831s][info][gc             ] GC(1089) Pause Young (Mixed) (G1 Evacuation Pause) 3668M->1328M(4096M) 134.445ms
[4096.831s][info][gc,cpu         ] GC(1089) User=0.80s Sys=0.00s Real=0.14s
...[4099.302s][info][gc,start       ] GC(1090) Pause Young (Concurrent Start) (G1 Evacuation Pause)
[4099.302s][info][gc,task        ] GC(1090) Using 6 workers of 6 for evacuation
[4099.419s][info][gc,phases      ] GC(1090)   Pre Evacuate Collection Set: 0.41ms
[4099.419s][info][gc,phases      ] GC(1090)   Merge Heap Roots: 0.50ms
[4099.419s][info][gc,phases      ] GC(1090)   Evacuate Collection Set: 115.45ms
[4099.419s][info][gc,phases      ] GC(1090)   Post Evacuate Collection Set: 0.88ms
[4099.419s][info][gc,phases      ] GC(1090)   Other: 0.14ms
[4099.419s][info][gc,heap        ] GC(1090) Eden regions: 1118->0(1118)
[4099.419s][info][gc,heap        ] GC(1090) Survivor regions: 110->110(154)
[4099.419s][info][gc,heap        ] GC(1090) Old regions: 475->507
[4099.419s][info][gc,heap        ] GC(1090) Humongous regions: 80->80
[4099.419s][info][gc,metaspace   ] GC(1090) Metaspace: 28895K(29312K)->28895K(29312K) NonClass: 24027K(24256K)->24027K(24256K) Class: 4868K(5056K)->4868K(5056K)
[4099.419s][info][gc             ] GC(1090) Pause Young (Concurrent Start) (G1 Evacuation Pause) 3564M->1391M(4096M) 117.507ms
[4099.419s][info][gc             ] GC(1091) Concurrent Mark Cycle
[4099.419s][info][gc,marking     ] GC(1091) Concurrent Scan Root Regions
[4099.419s][info][gc,cpu         ] GC(1090) User=0.70s Sys=0.00s Real=0.12s
[4099.594s][info][gc,marking     ] GC(1091) Concurrent Scan Root Regions 174.667ms
[4099.594s][info][gc,marking     ] GC(1091) Concurrent Mark
[4099.594s][info][gc,marking     ] GC(1091) Concurrent Mark From Roots
[4099.594s][info][gc,task        ] GC(1091) Using 2 workers of 2 for marking
.[4100.537s][info][gc,marking     ] GC(1091) Concurrent Mark From Roots 942.646ms
[4100.537s][info][gc,marking     ] GC(1091) Concurrent Preclean
[4100.537s][info][gc,marking     ] GC(1091) Concurrent Preclean 0.115ms
[4100.538s][info][gc,start       ] GC(1091) Pause Remark
[4100.544s][info][gc             ] GC(1091) Pause Remark 2403M->2403M(4096M) 5.991ms
[4100.544s][info][gc,cpu         ] GC(1091) User=0.04s Sys=0.00s Real=0.01s
[4100.545s][info][gc,marking     ] GC(1091) Concurrent Mark 951.091ms
[4100.545s][info][gc,marking     ] GC(1091) Concurrent Rebuild Remembered Sets and Scrub Regions
[4100.763s][info][gc,marking     ] GC(1091) Concurrent Rebuild Remembered Sets and Scrub Regions 217.528ms
[4100.763s][info][gc,start       ] GC(1091) Pause Cleanup
[4100.763s][info][gc             ] GC(1091) Pause Cleanup 2571M->2571M(4096M) 0.113ms
[4100.763s][info][gc,cpu         ] GC(1091) User=0.00s Sys=0.00s Real=0.00s
[4100.763s][info][gc,marking     ] GC(1091) Concurrent Clear Claimed Marks
[4100.763s][info][gc,marking     ] GC(1091) Concurrent Clear Claimed Marks 0.032ms
[4100.763s][info][gc,marking     ] GC(1091) Concurrent Cleanup for Next Mark
[4100.768s][info][gc,marking     ] GC(1091) Concurrent Cleanup for Next Mark 4.786ms
[4100.768s][info][gc             ] GC(1091) Concurrent Mark Cycle 1349.105ms
..[4101.903s][info][gc,start       ] GC(1092) Pause Young (Prepare Mixed) (G1 Evacuation Pause)
[4101.903s][info][gc,task        ] GC(1092) Using 6 workers of 6 for evacuation
[4102.019s][info][gc,phases      ] GC(1092)   Pre Evacuate Collection Set: 0.37ms
[4102.019s][info][gc,phases      ] GC(1092)   Merge Heap Roots: 0.63ms
[4102.019s][info][gc,phases      ] GC(1092)   Evacuate Collection Set: 114.43ms
[4102.019s][info][gc,phases      ] GC(1092)   Post Evacuate Collection Set: 0.90ms
[4102.019s][info][gc,phases      ] GC(1092)   Other: 0.09ms
[4102.019s][info][gc,heap        ] GC(1092) Eden regions: 1118->0(1110)
[4102.019s][info][gc,heap        ] GC(1092) Survivor regions: 110->108(154)
[4102.019s][info][gc,heap        ] GC(1092) Old regions: 507->539
[4102.019s][info][gc,heap        ] GC(1092) Humongous regions: 80->80
[4102.019s][info][gc,metaspace   ] GC(1092) Metaspace: 28895K(29312K)->28895K(29312K) NonClass: 24027K(24256K)->24027K(24256K) Class: 4868K(5056K)->4868K(5056K)
[4102.019s][info][gc             ] GC(1092) Pause Young (Prepare Mixed) (G1 Evacuation Pause) 3627M->1452M(4096M) 116.555ms
[4102.019s][info][gc,cpu         ] GC(1092) User=0.69s Sys=0.00s Real=0.12s
..[4104.480s][info][gc,start       ] GC(1093) Pause Young (Mixed) (G1 Evacuation Pause)
[4104.480s][info][gc,task        ] GC(1093) Using 6 workers of 6 for evacuation
[4104.613s][info][gc,phases      ] GC(1093)   Pre Evacuate Collection Set: 0.35ms
[4104.613s][info][gc,phases      ] GC(1093)   Merge Heap Roots: 0.76ms
[4104.613s][info][gc,phases      ] GC(1093)   Evacuate Collection Set: 131.17ms
[4104.613s][info][gc,phases      ] GC(1093)   Post Evacuate Collection Set: 0.96ms
[4104.613s][info][gc,phases      ] GC(1093)   Other: 0.09ms
[4104.613s][info][gc,heap        ] GC(1093) Eden regions: 1110->0(1121)
[4104.613s][info][gc,heap        ] GC(1093) Survivor regions: 108->107(153)
[4104.613s][info][gc,heap        ] GC(1093) Old regions: 539->475
[4104.613s][info][gc,heap        ] GC(1093) Humongous regions: 80->80
[4104.613s][info][gc,metaspace   ] GC(1093) Metaspace: 28895K(29312K)->28895K(29312K) NonClass: 24027K(24256K)->24027K(24256K) Class: 4868K(5056K)->4868K(5056K)
[4104.613s][info][gc             ] GC(1093) Pause Young (Mixed) (G1 Evacuation Pause) 3672M->1322M(4096M) 133.448ms
[4104.613s][info][gc,cpu         ] GC(1093) User=0.80s Sys=0.00s Real=0.13s
...[4107.046s][info][gc,start       ] GC(1094) Pause Young (Concurrent Start) (G1 Evacuation Pause)
[4107.046s][info][gc,task        ] GC(1094) Using 6 workers of 6 for evacuation
[4107.169s][info][gc,phases      ] GC(1094)   Pre Evacuate Collection Set: 0.34ms
[4107.169s][info][gc,phases      ] GC(1094)   Merge Heap Roots: 0.48ms
[4107.169s][info][gc,phases      ] GC(1094)   Evacuate Collection Set: 121.58ms
[4107.169s][info][gc,phases      ] GC(1094)   Post Evacuate Collection Set: 0.88ms
[4107.169s][info][gc,phases      ] GC(1094)   Other: 0.10ms
[4107.169s][info][gc,heap        ] GC(1094) Eden regions: 1121->0(1115)
[4107.169s][info][gc,heap        ] GC(1094) Survivor regions: 107->113(154)
[4107.169s][info][gc,heap        ] GC(1094) Old regions: 475->507
[4107.169s][info][gc,heap        ] GC(1094) Humongous regions: 80->80
[4107.169s][info][gc,metaspace   ] GC(1094) Metaspace: 28895K(29312K)->28895K(29312K) NonClass: 24027K(24256K)->24027K(24256K) Class: 4868K(5056K)->4868K(5056K)
[4107.169s][info][gc             ] GC(1094) Pause Young (Concurrent Start) (G1 Evacuation Pause) 3564M->1398M(4096M) 123.516ms
[4107.169s][info][gc             ] GC(1095) Concurrent Mark Cycle
[4107.169s][info][gc,marking     ] GC(1095) Concurrent Scan Root Regions
[4107.169s][info][gc,cpu         ] GC(1094) User=0.73s Sys=0.00s Real=0.13s
[4107.361s][info][gc,marking     ] GC(1095) Concurrent Scan Root Regions 192.057ms
[4107.362s][info][gc,marking     ] GC(1095) Concurrent Mark
[4107.362s][info][gc,marking     ] GC(1095) Concurrent Mark From Roots
[4107.362s][info][gc,task        ] GC(1095) Using 2 workers of 2 for marking
.[4108.268s][info][gc,marking     ] GC(1095) Concurrent Mark From Roots 906.807ms
[4108.268s][info][gc,marking     ] GC(1095) Concurrent Preclean
[4108.269s][info][gc,marking     ] GC(1095) Concurrent Preclean 0.116ms
[4108.270s][info][gc,start       ] GC(1095) Pause Remark
[4108.276s][info][gc             ] GC(1095) Pause Remark 2408M->2408M(4096M) 6.209ms
[4108.276s][info][gc,cpu         ] GC(1095) User=0.03s Sys=0.00s Real=0.00s
[4108.276s][info][gc,marking     ] GC(1095) Concurrent Mark 914.599ms
[4108.276s][info][gc,marking     ] GC(1095) Concurrent Rebuild Remembered Sets and Scrub Regions
[4108.676s][info][gc,marking     ] GC(1095) Concurrent Rebuild Remembered Sets and Scrub Regions 399.677ms
[4108.676s][info][gc,start       ] GC(1095) Pause Cleanup
[4108.676s][info][gc             ] GC(1095) Pause Cleanup 2789M->2789M(4096M) 0.115ms
[4108.676s][info][gc,cpu         ] GC(1095) User=0.00s Sys=0.00s Real=0.00s
[4108.676s][info][gc,marking     ] GC(1095) Concurrent Clear Claimed Marks
[4108.676s][info][gc,marking     ] GC(1095) Concurrent Clear Claimed Marks 0.041ms
[4108.676s][info][gc,marking     ] GC(1095) Concurrent Cleanup for Next Mark
[4108.682s][info][gc,marking     ] GC(1095) Concurrent Cleanup for Next Mark 5.590ms
[4108.682s][info][gc             ] GC(1095) Concurrent Mark Cycle 1512.698ms
.[4109.645s][info][gc,start       ] GC(1096) Pause Young (Prepare Mixed) (G1 Evacuation Pause)
[4109.645s][info][gc,task        ] GC(1096) Using 6 workers of 6 for evacuation
[4109.765s][info][gc,phases      ] GC(1096)   Pre Evacuate Collection Set: 0.33ms
[4109.765s][info][gc,phases      ] GC(1096)   Merge Heap Roots: 0.52ms
[4109.765s][info][gc,phases      ] GC(1096)   Evacuate Collection Set: 118.10ms
[4109.765s][info][gc,phases      ] GC(1096)   Post Evacuate Collection Set: 0.92ms
[4109.765s][info][gc,phases      ] GC(1096)   Other: 0.09ms
[4109.765s][info][gc,heap        ] GC(1096) Eden regions: 1115->0(1102)
[4109.765s][info][gc,heap        ] GC(1096) Survivor regions: 113->112(154)
[4109.765s][info][gc,heap        ] GC(1096) Old regions: 507->539
[4109.765s][info][gc,heap        ] GC(1096) Humongous regions: 80->80
[4109.765s][info][gc,metaspace   ] GC(1096) Metaspace: 28895K(29312K)->28895K(29312K) NonClass: 24027K(24256K)->24027K(24256K) Class: 4868K(5056K)->4868K(5056K)
[4109.765s][info][gc             ] GC(1096) Pause Young (Prepare Mixed) (G1 Evacuation Pause) 3628M->1460M(4096M) 120.091ms
[4109.765s][info][gc,cpu         ] GC(1096) User=0.71s Sys=0.00s Real=0.12s
. (rIR:aIR:PR = 7195:7199:7199) (tPR = 106319) [OK] 
  4109s: Performance info:
         Transaction,    Success,    Partial,     Failed,   Receipts, AvgBarcode, 
             Overall,     438871,          0,          0,     416961,      59.47, 
         Response times:
             Request,    Success,    Partial,     Failed,   SkipFail,     Probes,    Samples,      min,      p50,      p90,      p95,      p99,      max, 
       TotalPurchase,     416963,          0,          0,          0,     365401,     423769,      300,     6300,    49000,    82000,   135000,   369000,
     InStorePurchase,     220067,          0,          0,          0,     191833,     222096,      300,     6100,    48000,    80000,   133000,   369000,
      OnlinePurchase,     153044,          0,          0,          0,     134608,     156195,      300,     6500,    51000,    84000,   137000,   285000,
        InstPurchase,      43852,          0,          0,          0,      38960,      45478,      300,     6200,    49000,    82000,   136000,   278000,
          AssocOfCat,        437,          0,          0,          0,        347,        473,    19400,    37000,    81000,   121900,   191080,   237000,
      AssocOfProduct,       4398,          0,          0,          0,       4138,       4996,      800,     5000,    46000,    79000,   133000,   234000,
      BusinessReport,       1101,          0,          0,          0,        943,       1218,    29000,    51000,   129100,   166050,   205000,   231000,
          CustBuyBeh,       4376,          0,          0,          0,       4029,       4862,      400,     6900,    57000,    82000,   138000,   224000,
       ProductReturn,      11600,          0,          0,          0,       9877,      11754,      200,     5600,    45000,    75000,   131000,   232000,

  4109s: (53%)   IR =   7334 ..[4112.253s][info][gc,start       ] GC(1097) Pause Young (Mixed) (G1 Evacuation Pause)
[4112.253s][info][gc,task        ] GC(1097) Using 6 workers of 6 for evacuation
[4112.390s][info][gc,phases      ] GC(1097)   Pre Evacuate Collection Set: 0.38ms
[4112.390s][info][gc,phases      ] GC(1097)   Merge Heap Roots: 0.83ms
[4112.390s][info][gc,phases      ] GC(1097)   Evacuate Collection Set: 134.70ms
[4112.390s][info][gc,phases      ] GC(1097)   Post Evacuate Collection Set: 0.96ms
[4112.390s][info][gc,phases      ] GC(1097)   Other: 0.10ms
[4112.390s][info][gc,heap        ] GC(1097) Eden regions: 1102->0(1117)
[4112.390s][info][gc,heap        ] GC(1097) Survivor regions: 112->111(152)
[4112.390s][info][gc,heap        ] GC(1097) Old regions: 539->476
[4112.390s][info][gc,heap        ] GC(1097) Humongous regions: 80->80
[4112.390s][info][gc,metaspace   ] GC(1097) Metaspace: 28895K(29312K)->28895K(29312K) NonClass: 24027K(24256K)->24027K(24256K) Class: 4868K(5056K)->4868K(5056K)
[4112.390s][info][gc             ] GC(1097) Pause Young (Mixed) (G1 Evacuation Pause) 3664M->1333M(4096M) 137.111ms
[4112.390s][info][gc,cpu         ] GC(1097) User=0.82s Sys=0.00s Real=0.14s
..[4114.852s][info][gc,start       ] GC(1098) Pause Young (Concurrent Start) (G1 Evacuation Pause)
[4114.852s][info][gc,task        ] GC(1098) Using 6 workers of 6 for evacuation
[4114.969s][info][gc,phases      ] GC(1098)   Pre Evacuate Collection Set: 0.35ms
[4114.969s][info][gc,phases      ] GC(1098)   Merge Heap Roots: 0.46ms
[4114.969s][info][gc,phases      ] GC(1098)   Evacuate Collection Set: 115.74ms
[4114.969s][info][gc,phases      ] GC(1098)   Post Evacuate Collection Set: 0.89ms
[4114.969s][info][gc,phases      ] GC(1098)   Other: 0.10ms
[4114.969s][info][gc,heap        ] GC(1098) Eden regions: 1117->0(1118)
[4114.969s][info][gc,heap        ] GC(1098) Survivor regions: 111->110(154)
[4114.969s][info][gc,heap        ] GC(1098) Old regions: 476->507
[4114.969s][info][gc,heap        ] GC(1098) Humongous regions: 80->80
[4114.969s][info][gc,metaspace   ] GC(1098) Metaspace: 28895K(29312K)->28895K(29312K) NonClass: 24027K(24256K)->24027K(24256K) Class: 4868K(5056K)->4868K(5056K)
[4114.969s][info][gc             ] GC(1098) Pause Young (Concurrent Start) (G1 Evacuation Pause) 3567M->1393M(4096M) 117.686ms
[4114.970s][info][gc             ] GC(1099) Concurrent Mark Cycle
[4114.970s][info][gc,marking     ] GC(1099) Concurrent Scan Root Regions
[4114.970s][info][gc,cpu         ] GC(1098) User=0.69s Sys=0.01s Real=0.12s
.[4115.103s][info][gc,marking     ] GC(1099) Concurrent Scan Root Regions 133.692ms
[4115.103s][info][gc,marking     ] GC(1099) Concurrent Mark
[4115.103s][info][gc,marking     ] GC(1099) Concurrent Mark From Roots
[4115.103s][info][gc,task        ] GC(1099) Using 2 workers of 2 for marking
[4115.810s][info][gc,marking     ] GC(1099) Concurrent Mark From Roots 706.766ms
[4115.810s][info][gc,marking     ] GC(1099) Concurrent Preclean
[4115.810s][info][gc,marking     ] GC(1099) Concurrent Preclean 0.101ms
[4115.812s][info][gc,start       ] GC(1099) Pause Remark
[4115.817s][info][gc             ] GC(1099) Pause Remark 2119M->2119M(4096M) 5.778ms
[4115.817s][info][gc,cpu         ] GC(1099) User=0.03s Sys=0.00s Real=0.00s
[4115.818s][info][gc,marking     ] GC(1099) Concurrent Mark 714.286ms
[4115.818s][info][gc,marking     ] GC(1099) Concurrent Rebuild Remembered Sets and Scrub Regions
.[4116.132s][info][gc,marking     ] GC(1099) Concurrent Rebuild Remembered Sets and Scrub Regions 314.507ms
[4116.133s][info][gc,start       ] GC(1099) Pause Cleanup
[4116.133s][info][gc             ] GC(1099) Pause Cleanup 2447M->2447M(4096M) 0.113ms
[4116.133s][info][gc,cpu         ] GC(1099) User=0.00s Sys=0.00s Real=0.00s
[4116.134s][info][gc,marking     ] GC(1099) Concurrent Clear Claimed Marks
[4116.134s][info][gc,marking     ] GC(1099) Concurrent Clear Claimed Marks 0.037ms
[4116.134s][info][gc,marking     ] GC(1099) Concurrent Cleanup for Next Mark
[4116.143s][info][gc,marking     ] GC(1099) Concurrent Cleanup for Next Mark 8.655ms
[4116.143s][info][gc             ] GC(1099) Concurrent Mark Cycle 1173.510ms
.[4117.374s][info][gc,start       ] GC(1100) Pause Young (Prepare Mixed) (G1 Evacuation Pause)
[4117.374s][info][gc,task        ] GC(1100) Using 6 workers of 6 for evacuation
[4117.495s][info][gc,phases      ] GC(1100)   Pre Evacuate Collection Set: 0.34ms
[4117.495s][info][gc,phases      ] GC(1100)   Merge Heap Roots: 0.62ms
[4117.495s][info][gc,phases      ] GC(1100)   Evacuate Collection Set: 119.11ms
[4117.495s][info][gc,phases      ] GC(1100)   Post Evacuate Collection Set: 0.91ms
[4117.495s][info][gc,phases      ] GC(1100)   Other: 0.09ms
[4117.495s][info][gc,heap        ] GC(1100) Eden regions: 1118->0(1102)
[4117.495s][info][gc,heap        ] GC(1100) Survivor regions: 110->112(154)
[4117.495s][info][gc,heap        ] GC(1100) Old regions: 507->539
[4117.495s][info][gc,heap        ] GC(1100) Humongous regions: 80->80
[4117.495s][info][gc,metaspace   ] GC(1100) Metaspace: 28895K(29312K)->28895K(29312K) NonClass: 24027K(24256K)->24027K(24256K) Class: 4868K(5056K)->4868K(5056K)
[4117.495s][info][gc             ] GC(1100) Pause Young (Prepare Mixed) (G1 Evacuation Pause) 3629M->1461M(4096M) 121.193ms
[4117.495s][info][gc,cpu         ] GC(1100) User=0.72s Sys=0.00s Real=0.12s
..|[4119.899s][info][gc,start       ] GC(1101) Pause Young (Mixed) (G1 Evacuation Pause)
[4119.899s][info][gc,task        ] GC(1101) Using 6 workers of 6 for evacuation
[4120.038s][info][gc,phases      ] GC(1101)   Pre Evacuate Collection Set: 0.34ms
[4120.038s][info][gc,phases      ] GC(1101)   Merge Heap Roots: 0.70ms
[4120.038s][info][gc,phases      ] GC(1101)   Evacuate Collection Set: 136.11ms
[4120.038s][info][gc,phases      ] GC(1101)   Post Evacuate Collection Set: 0.95ms
[4120.038s][info][gc,phases      ] GC(1101)   Other: 0.09ms
[4120.038s][info][gc,heap        ] GC(1101) Eden regions: 1102->0(1116)
[4120.038s][info][gc,heap        ] GC(1101) Survivor regions: 112->112(152)
[4120.038s][info][gc,heap        ] GC(1101) Old regions: 539->475
[4120.038s][info][gc,heap        ] GC(1101) Humongous regions: 80->80
[4120.038s][info][gc,metaspace   ] GC(1101) Metaspace: 28895K(29312K)->28895K(29312K) NonClass: 24027K(24256K)->24027K(24256K) Class: 4868K(5056K)->4868K(5056K)
[4120.038s][info][gc             ] GC(1101) Pause Young (Mixed) (G1 Evacuation Pause) 3665M->1331M(4096M) 138.322ms
[4120.038s][info][gc,cpu         ] GC(1101) User=0.82s Sys=0.00s Real=0.13s
...[4122.404s][info][gc,start       ] GC(1102) Pause Young (Concurrent Start) (G1 Evacuation Pause)
[4122.404s][info][gc,task        ] GC(1102) Using 6 workers of 6 for evacuation
[4122.522s][info][gc,phases      ] GC(1102)   Pre Evacuate Collection Set: 0.35ms
[4122.522s][info][gc,phases      ] GC(1102)   Merge Heap Roots: 0.55ms
[4122.522s][info][gc,phases      ] GC(1102)   Evacuate Collection Set: 116.22ms
[4122.522s][info][gc,phases      ] GC(1102)   Post Evacuate Collection Set: 0.87ms
[4122.522s][info][gc,phases      ] GC(1102)   Other: 0.10ms
[4122.522s][info][gc,heap        ] GC(1102) Eden regions: 1116->0(1118)
[4122.522s][info][gc,heap        ] GC(1102) Survivor regions: 112->110(154)
[4122.522s][info][gc,heap        ] GC(1102) Old regions: 475->507
[4122.522s][info][gc,heap        ] GC(1102) Humongous regions: 80->80
[4122.522s][info][gc,metaspace   ] GC(1102) Metaspace: 28895K(29312K)->28895K(29312K) NonClass: 24027K(24256K)->24027K(24256K) Class: 4868K(5056K)->4868K(5056K)
[4122.522s][info][gc             ] GC(1102) Pause Young (Concurrent Start) (G1 Evacuation Pause) 3563M->1393M(4096M) 118.236ms
[4122.522s][info][gc             ] GC(1103) Concurrent Mark Cycle
[4122.522s][info][gc,marking     ] GC(1103) Concurrent Scan Root Regions
[4122.522s][info][gc,cpu         ] GC(1102) User=0.71s Sys=0.00s Real=0.12s
[4122.658s][info][gc,marking     ] GC(1103) Concurrent Scan Root Regions 136.315ms
[4122.658s][info][gc,marking     ] GC(1103) Concurrent Mark
[4122.658s][info][gc,marking     ] GC(1103) Concurrent Mark From Roots
[4122.658s][info][gc,task        ] GC(1103) Using 2 workers of 2 for marking
.[4123.360s][info][gc,marking     ] GC(1103) Concurrent Mark From Roots 701.330ms
[4123.360s][info][gc,marking     ] GC(1103) Concurrent Preclean
[4123.360s][info][gc,marking     ] GC(1103) Concurrent Preclean 0.093ms
[4123.361s][info][gc,start       ] GC(1103) Pause Remark
[4123.366s][info][gc             ] GC(1103) Pause Remark 2161M->2161M(4096M) 5.515ms
[4123.366s][info][gc,cpu         ] GC(1103) User=0.03s Sys=0.00s Real=0.00s
[4123.367s][info][gc,marking     ] GC(1103) Concurrent Mark 709.104ms
[4123.367s][info][gc,marking     ] GC(1103) Concurrent Rebuild Remembered Sets and Scrub Regions
[4123.681s][info][gc,marking     ] GC(1103) Concurrent Rebuild Remembered Sets and Scrub Regions 313.133ms
[4123.681s][info][gc,start       ] GC(1103) Pause Cleanup
[4123.681s][info][gc             ] GC(1103) Pause Cleanup 2444M->2444M(4096M) 0.119ms
[4123.681s][info][gc,cpu         ] GC(1103) User=0.00s Sys=0.00s Real=0.00s
[4123.682s][info][gc,marking     ] GC(1103) Concurrent Clear Claimed Marks
[4123.682s][info][gc,marking     ] GC(1103) Concurrent Clear Claimed Marks 0.036ms
[4123.682s][info][gc,marking     ] GC(1103) Concurrent Cleanup for Next Mark
[4123.688s][info][gc,marking     ] GC(1103) Concurrent Cleanup for Next Mark 6.358ms
[4123.688s][info][gc             ] GC(1103) Concurrent Mark Cycle 1166.185ms
.[4124.986s][info][gc,start       ] GC(1104) Pause Young (Prepare Mixed) (G1 Evacuation Pause)
[4124.986s][info][gc,task        ] GC(1104) Using 6 workers of 6 for evacuation
[4125.103s][info][gc,phases      ] GC(1104)   Pre Evacuate Collection Set: 0.35ms
[4125.103s][info][gc,phases      ] GC(1104)   Merge Heap Roots: 0.52ms
[4125.103s][info][gc,phases      ] GC(1104)   Evacuate Collection Set: 115.36ms
[4125.103s][info][gc,phases      ] GC(1104)   Post Evacuate Collection Set: 0.92ms
[4125.103s][info][gc,phases      ] GC(1104)   Other: 0.09ms
[4125.103s][info][gc,heap        ] GC(1104) Eden regions: 1118->0(1105)
[4125.103s][info][gc,heap        ] GC(1104) Survivor regions: 110->111(154)
[4125.103s][info][gc,heap        ] GC(1104) Old regions: 507->538
[4125.103s][info][gc,heap        ] GC(1104) Humongous regions: 80->80
[4125.103s][info][gc,metaspace   ] GC(1104) Metaspace: 28895K(29312K)->28895K(29312K) NonClass: 24027K(24256K)->24027K(24256K) Class: 4868K(5056K)->4868K(5056K)
[4125.103s][info][gc             ] GC(1104) Pause Young (Prepare Mixed) (G1 Evacuation Pause) 3629M->1455M(4096M) 117.395ms
[4125.103s][info][gc,cpu         ] GC(1104) User=0.70s Sys=0.00s Real=0.12s
...[4127.512s][info][gc,start       ] GC(1105) Pause Young (Mixed) (G1 Evacuation Pause)
[4127.512s][info][gc,task        ] GC(1105) Using 6 workers of 6 for evacuation
[4127.646s][info][gc,phases      ] GC(1105)   Pre Evacuate Collection Set: 0.35ms
[4127.646s][info][gc,phases      ] GC(1105)   Merge Heap Roots: 0.83ms
[4127.646s][info][gc,phases      ] GC(1105)   Evacuate Collection Set: 131.81ms
[4127.646s][info][gc,phases      ] GC(1105)   Post Evacuate Collection Set: 0.94ms
[4127.646s][info][gc,phases      ] GC(1105)   Other: 0.09ms
[4127.646s][info][gc,heap        ] GC(1105) Eden regions: 1105->0(1119)
[4127.646s][info][gc,heap        ] GC(1105) Survivor regions: 111->109(152)
[4127.646s][info][gc,heap        ] GC(1105) Old regions: 538->475
[4127.646s][info][gc,heap        ] GC(1105) Humongous regions: 80->80
[4127.646s][info][gc,metaspace   ] GC(1105) Metaspace: 28895K(29312K)->28895K(29312K) NonClass: 24027K(24256K)->24027K(24256K) Class: 4868K(5056K)->4868K(5056K)
[4127.646s][info][gc             ] GC(1105) Pause Young (Mixed) (G1 Evacuation Pause) 3665M->1326M(4096M) 134.158ms
[4127.646s][info][gc,cpu         ] GC(1105) User=0.80s Sys=0.00s Real=0.13s
..[4130.066s][info][gc,start       ] GC(1106) Pause Young (Concurrent Start) (G1 Evacuation Pause)
[4130.066s][info][gc,task        ] GC(1106) Using 6 workers of 6 for evacuation
[4130.184s][info][gc,phases      ] GC(1106)   Pre Evacuate Collection Set: 0.37ms
[4130.184s][info][gc,phases      ] GC(1106)   Merge Heap Roots: 0.49ms
[4130.184s][info][gc,phases      ] GC(1106)   Evacuate Collection Set: 116.41ms
[4130.184s][info][gc,phases      ] GC(1106)   Post Evacuate Collection Set: 0.85ms
[4130.184s][info][gc,phases      ] GC(1106)   Other: 0.10ms
[4130.184s][info][gc,heap        ] GC(1106) Eden regions: 1119->0(1118)
[4130.184s][info][gc,heap        ] GC(1106) Survivor regions: 109->110(154)
[4130.184s][info][gc,heap        ] GC(1106) Old regions: 475->508
[4130.184s][info][gc,heap        ] GC(1106) Humongous regions: 80->80
[4130.184s][info][gc,metaspace   ] GC(1106) Metaspace: 28895K(29312K)->28895K(29312K) NonClass: 24027K(24256K)->24027K(24256K) Class: 4868K(5056K)->4868K(5056K)
[4130.184s][info][gc             ] GC(1106) Pause Young (Concurrent Start) (G1 Evacuation Pause) 3564M->1394M(4096M) 118.376ms
[4130.184s][info][gc             ] GC(1107) Concurrent Mark Cycle
[4130.184s][info][gc,marking     ] GC(1107) Concurrent Scan Root Regions
[4130.184s][info][gc,cpu         ] GC(1106) User=0.70s Sys=0.00s Real=0.12s
.[4130.325s][info][gc,marking     ] GC(1107) Concurrent Scan Root Regions 140.919ms
[4130.325s][info][gc,marking     ] GC(1107) Concurrent Mark
[4130.325s][info][gc,marking     ] GC(1107) Concurrent Mark From Roots
[4130.325s][info][gc,task        ] GC(1107) Using 2 workers of 2 for marking
[4131.038s][info][gc,marking     ] GC(1107) Concurrent Mark From Roots 712.681ms
[4131.038s][info][gc,marking     ] GC(1107) Concurrent Preclean
[4131.038s][info][gc,marking     ] GC(1107) Concurrent Preclean 0.095ms
[4131.041s][info][gc,start       ] GC(1107) Pause Remark
[4131.047s][info][gc             ] GC(1107) Pause Remark 2170M->2170M(4096M) 5.352ms
[4131.047s][info][gc,cpu         ] GC(1107) User=0.02s Sys=0.00s Real=0.00s
[4131.047s][info][gc,marking     ] GC(1107) Concurrent Mark 721.218ms
[4131.047s][info][gc,marking     ] GC(1107) Concurrent Rebuild Remembered Sets and Scrub Regions
.[4131.372s][info][gc,marking     ] GC(1107) Concurrent Rebuild Remembered Sets and Scrub Regions 325.455ms
[4131.373s][info][gc,start       ] GC(1107) Pause Cleanup
[4131.373s][info][gc             ] GC(1107) Pause Cleanup 2486M->2486M(4096M) 0.121ms
[4131.373s][info][gc,cpu         ] GC(1107) User=0.00s Sys=0.00s Real=0.00s
[4131.373s][info][gc,marking     ] GC(1107) Concurrent Clear Claimed Marks
[4131.373s][info][gc,marking     ] GC(1107) Concurrent Clear Claimed Marks 0.031ms
[4131.373s][info][gc,marking     ] GC(1107) Concurrent Cleanup for Next Mark
[4131.378s][info][gc,marking     ] GC(1107) Concurrent Cleanup for Next Mark 5.029ms
[4131.378s][info][gc             ] GC(1107) Concurrent Mark Cycle 1194.043ms
.[4132.649s][info][gc,start       ] GC(1108) Pause Young (Prepare Mixed) (G1 Evacuation Pause)
[4132.649s][info][gc,task        ] GC(1108) Using 6 workers of 6 for evacuation
[4132.768s][info][gc,phases      ] GC(1108)   Pre Evacuate Collection Set: 0.34ms
[4132.768s][info][gc,phases      ] GC(1108)   Merge Heap Roots: 0.63ms
[4132.768s][info][gc,phases      ] GC(1108)   Evacuate Collection Set: 116.18ms
[4132.768s][info][gc,phases      ] GC(1108)   Post Evacuate Collection Set: 0.91ms
[4132.768s][info][gc,phases      ] GC(1108)   Other: 0.09ms
[4132.768s][info][gc,heap        ] GC(1108) Eden regions: 1118->0(1110)
[4132.768s][info][gc,heap        ] GC(1108) Survivor regions: 110->108(154)
[4132.768s][info][gc,heap        ] GC(1108) Old regions: 508->539
[4132.768s][info][gc,heap        ] GC(1108) Humongous regions: 80->80
[4132.768s][info][gc,metaspace   ] GC(1108) Metaspace: 28895K(29312K)->28895K(29312K) NonClass: 24027K(24256K)->24027K(24256K) Class: 4868K(5056K)->4868K(5056K)
[4132.768s][info][gc             ] GC(1108) Pause Young (Prepare Mixed) (G1 Evacuation Pause) 3630M->1453M(4096M) 118.280ms
[4132.768s][info][gc,cpu         ] GC(1108) User=0.71s Sys=0.00s Real=0.11s
..[4135.177s][info][gc,start       ] GC(1109) Pause Young (Mixed) (G1 Evacuation Pause)
[4135.177s][info][gc,task        ] GC(1109) Using 6 workers of 6 for evacuation
[4135.310s][info][gc,phases      ] GC(1109)   Pre Evacuate Collection Set: 0.38ms
[4135.310s][info][gc,phases      ] GC(1109)   Merge Heap Roots: 0.65ms
[4135.310s][info][gc,phases      ] GC(1109)   Evacuate Collection Set: 130.75ms
[4135.310s][info][gc,phases      ] GC(1109)   Post Evacuate Collection Set: 0.94ms
[4135.310s][info][gc,phases      ] GC(1109)   Other: 0.08ms
[4135.310s][info][gc,heap        ] GC(1109) Eden regions: 1110->0(1118)
[4135.310s][info][gc,heap        ] GC(1109) Survivor regions: 108->110(153)
[4135.310s][info][gc,heap        ] GC(1109) Old regions: 539->475
[4135.310s][info][gc,heap        ] GC(1109) Humongous regions: 80->80
[4135.310s][info][gc,metaspace   ] GC(1109) Metaspace: 28895K(29312K)->28895K(29312K) NonClass: 24027K(24256K)->24027K(24256K) Class: 4868K(5056K)->4868K(5056K)
[4135.310s][info][gc             ] GC(1109) Pause Young (Mixed) (G1 Evacuation Pause) 3673M->1328M(4096M) 132.953ms
[4135.310s][info][gc,cpu         ] GC(1109) User=0.79s Sys=0.00s Real=0.14s
...[4137.708s][info][gc,start       ] GC(1110) Pause Young (Concurrent Start) (G1 Evacuation Pause)
[4137.708s][info][gc,task        ] GC(1110) Using 6 workers of 6 for evacuation
[4137.824s][info][gc,phases      ] GC(1110)   Pre Evacuate Collection Set: 0.37ms
[4137.824s][info][gc,phases      ] GC(1110)   Merge Heap Roots: 0.57ms
[4137.824s][info][gc,phases      ] GC(1110)   Evacuate Collection Set: 114.18ms
[4137.824s][info][gc,phases      ] GC(1110)   Post Evacuate Collection Set: 0.87ms
[4137.824s][info][gc,phases      ] GC(1110)   Other: 0.12ms
[4137.824s][info][gc,heap        ] GC(1110) Eden regions: 1118->0(1121)
[4137.824s][info][gc,heap        ] GC(1110) Survivor regions: 110->107(154)
[4137.824s][info][gc,heap        ] GC(1110) Old regions: 475->506
[4137.824s][info][gc,heap        ] GC(1110) Humongous regions: 80->80
[4137.824s][info][gc,metaspace   ] GC(1110) Metaspace: 28895K(29312K)->28895K(29312K) NonClass: 24027K(24256K)->24027K(24256K) Class: 4868K(5056K)->4868K(5056K)
[4137.824s][info][gc             ] GC(1110) Pause Young (Concurrent Start) (G1 Evacuation Pause) 3564M->1385M(4096M) 116.241ms
[4137.824s][info][gc             ] GC(1111) Concurrent Mark Cycle
[4137.824s][info][gc,marking     ] GC(1111) Concurrent Scan Root Regions
[4137.824s][info][gc,cpu         ] GC(1110) User=0.69s Sys=0.01s Real=0.12s
[4137.999s][info][gc,marking     ] GC(1111) Concurrent Scan Root Regions 174.696ms
[4137.999s][info][gc,marking     ] GC(1111) Concurrent Mark
[4137.999s][info][gc,marking     ] GC(1111) Concurrent Mark From Roots
[4137.999s][info][gc,task        ] GC(1111) Using 2 workers of 2 for marking
.[4138.977s][info][gc,marking     ] GC(1111) Concurrent Mark From Roots 977.285ms
[4138.977s][info][gc,marking     ] GC(1111) Concurrent Preclean
[4138.977s][info][gc,marking     ] GC(1111) Concurrent Preclean 0.091ms
[4138.977s][info][gc,start       ] GC(1111) Pause Remark
[4138.982s][info][gc             ] GC(1111) Pause Remark 2461M->2461M(4096M) 5.213ms
[4138.982s][info][gc,cpu         ] GC(1111) User=0.03s Sys=0.00s Real=0.01s
[4138.983s][info][gc,marking     ] GC(1111) Concurrent Mark 983.405ms
[4138.983s][info][gc,marking     ] GC(1111) Concurrent Rebuild Remembered Sets and Scrub Regions
[4139.322s][info][gc,marking     ] GC(1111) Concurrent Rebuild Remembered Sets and Scrub Regions 339.782ms
[4139.325s][info][gc,start       ] GC(1111) Pause Cleanup
[4139.325s][info][gc             ] GC(1111) Pause Cleanup 2761M->2761M(4096M) 0.142ms
[4139.325s][info][gc,cpu         ] GC(1111) User=0.00s Sys=0.00s Real=0.00s
[4139.326s][info][gc,marking     ] GC(1111) Concurrent Clear Claimed Marks
[4139.326s][info][gc,marking     ] GC(1111) Concurrent Clear Claimed Marks 0.043ms
[4139.326s][info][gc,marking     ] GC(1111) Concurrent Cleanup for Next Mark
[4139.330s][info][gc,marking     ] GC(1111) Concurrent Cleanup for Next Mark 4.772ms
[4139.330s][info][gc             ] GC(1111) Concurrent Mark Cycle 1505.949ms
.[4140.238s][info][gc,start       ] GC(1112) Pause Young (Prepare Mixed) (G1 Evacuation Pause)
[4140.238s][info][gc,task        ] GC(1112) Using 6 workers of 6 for evacuation
[4140.355s][info][gc,phases      ] GC(1112)   Pre Evacuate Collection Set: 0.35ms
[4140.355s][info][gc,phases      ] GC(1112)   Merge Heap Roots: 0.49ms
[4140.355s][info][gc,phases      ] GC(1112)   Evacuate Collection Set: 115.27ms
[4140.355s][info][gc,phases      ] GC(1112)   Post Evacuate Collection Set: 0.93ms
[4140.355s][info][gc,phases      ] GC(1112)   Other: 0.09ms
[4140.355s][info][gc,heap        ] GC(1112) Eden regions: 1121->0(1109)
[4140.355s][info][gc,heap        ] GC(1112) Survivor regions: 107->109(154)
[4140.355s][info][gc,heap        ] GC(1112) Old regions: 506->538
[4140.355s][info][gc,heap        ] GC(1112) Humongous regions: 80->80
[4140.355s][info][gc,metaspace   ] GC(1112) Metaspace: 28895K(29312K)->28895K(29312K) NonClass: 24027K(24256K)->24027K(24256K) Class: 4868K(5056K)->4868K(5056K)
[4140.355s][info][gc             ] GC(1112) Pause Young (Prepare Mixed) (G1 Evacuation Pause) 3627M->1453M(4096M) 117.259ms
[4140.355s][info][gc,cpu         ] GC(1112) User=0.70s Sys=0.00s Real=0.12s
...[4142.800s][info][gc,start       ] GC(1113) Pause Young (Mixed) (G1 Evacuation Pause)
[4142.800s][info][gc,task        ] GC(1113) Using 6 workers of 6 for evacuation
[4142.943s][info][gc,phases      ] GC(1113)   Pre Evacuate Collection Set: 0.36ms
[4142.943s][info][gc,phases      ] GC(1113)   Merge Heap Roots: 0.72ms
[4142.943s][info][gc,phases      ] GC(1113)   Evacuate Collection Set: 140.54ms
[4142.943s][info][gc,phases      ] GC(1113)   Post Evacuate Collection Set: 0.84ms
[4142.943s][info][gc,phases      ] GC(1113)   Other: 0.09ms
[4142.943s][info][gc,heap        ] GC(1113) Eden regions: 1109->0(1112)
[4142.943s][info][gc,heap        ] GC(1113) Survivor regions: 109->116(153)
[4142.943s][info][gc,heap        ] GC(1113) Old regions: 538->473
[4142.943s][info][gc,heap        ] GC(1113) Humongous regions: 80->80
[4142.943s][info][gc,metaspace   ] GC(1113) Metaspace: 28895K(29312K)->28895K(29312K) NonClass: 24027K(24256K)->24027K(24256K) Class: 4868K(5056K)->4868K(5056K)
[4142.943s][info][gc             ] GC(1113) Pause Young (Mixed) (G1 Evacuation Pause) 3671M->1337M(4096M) 142.669ms
[4142.943s][info][gc,cpu         ] GC(1113) User=0.85s Sys=0.00s Real=0.14s
..[4145.383s][info][gc,start       ] GC(1114) Pause Young (Concurrent Start) (G1 Evacuation Pause)
[4145.383s][info][gc,task        ] GC(1114) Using 6 workers of 6 for evacuation
[4145.502s][info][gc,phases      ] GC(1114)   Pre Evacuate Collection Set: 0.38ms
[4145.502s][info][gc,phases      ] GC(1114)   Merge Heap Roots: 0.47ms
[4145.502s][info][gc,phases      ] GC(1114)   Evacuate Collection Set: 116.72ms
[4145.502s][info][gc,phases      ] GC(1114)   Post Evacuate Collection Set: 0.87ms
[4145.502s][info][gc,phases      ] GC(1114)   Other: 0.10ms
[4145.502s][info][gc,heap        ] GC(1114) Eden regions: 1112->0(1117)
[4145.502s][info][gc,heap        ] GC(1114) Survivor regions: 116->111(154)
[4145.502s][info][gc,heap        ] GC(1114) Old regions: 473->506
[4145.502s][info][gc,heap        ] GC(1114) Humongous regions: 80->80
[4145.502s][info][gc,metaspace   ] GC(1114) Metaspace: 28895K(29312K)->28895K(29312K) NonClass: 24027K(24256K)->24027K(24256K) Class: 4868K(5056K)->4868K(5056K)
[4145.502s][info][gc             ] GC(1114) Pause Young (Concurrent Start) (G1 Evacuation Pause) 3561M->1392M(4096M) 118.679ms
[4145.502s][info][gc             ] GC(1115) Concurrent Mark Cycle
[4145.502s][info][gc,marking     ] GC(1115) Concurrent Scan Root Regions
[4145.502s][info][gc,cpu         ] GC(1114) User=0.70s Sys=0.00s Real=0.12s
.[4145.667s][info][gc,marking     ] GC(1115) Concurrent Scan Root Regions 165.198ms
[4145.667s][info][gc,marking     ] GC(1115) Concurrent Mark
[4145.667s][info][gc,marking     ] GC(1115) Concurrent Mark From Roots
[4145.667s][info][gc,task        ] GC(1115) Using 2 workers of 2 for marking
[4146.361s][info][gc,marking     ] GC(1115) Concurrent Mark From Roots 693.654ms
[4146.361s][info][gc,marking     ] GC(1115) Concurrent Preclean
[4146.361s][info][gc,marking     ] GC(1115) Concurrent Preclean 0.094ms
[4146.362s][info][gc,start       ] GC(1115) Pause Remark
[4146.367s][info][gc             ] GC(1115) Pause Remark 2130M->2130M(4096M) 4.857ms
[4146.367s][info][gc,cpu         ] GC(1115) User=0.03s Sys=0.00s Real=0.00s
[4146.367s][info][gc,marking     ] GC(1115) Concurrent Mark 700.084ms
[4146.367s][info][gc,marking     ] GC(1115) Concurrent Rebuild Remembered Sets and Scrub Regions
[4146.691s][info][gc,marking     ] GC(1115) Concurrent Rebuild Remembered Sets and Scrub Regions 323.888ms
[4146.693s][info][gc,start       ] GC(1115) Pause Cleanup
[4146.693s][info][gc             ] GC(1115) Pause Cleanup 2426M->2426M(4096M) 0.146ms
[4146.693s][info][gc,cpu         ] GC(1115) User=0.00s Sys=0.00s Real=0.00s
[4146.693s][info][gc,marking     ] GC(1115) Concurrent Clear Claimed Marks
[4146.693s][info][gc,marking     ] GC(1115) Concurrent Clear Claimed Marks 0.037ms
[4146.693s][info][gc,marking     ] GC(1115) Concurrent Cleanup for Next Mark
[4146.704s][info][gc,marking     ] GC(1115) Concurrent Cleanup for Next Mark 10.940ms
[4146.704s][info][gc             ] GC(1115) Concurrent Mark Cycle 1202.685ms
..[4147.963s][info][gc,start       ] GC(1116) Pause Young (Prepare Mixed) (G1 Evacuation Pause)
[4147.963s][info][gc,task        ] GC(1116) Using 6 workers of 6 for evacuation
[4148.081s][info][gc,phases      ] GC(1116)   Pre Evacuate Collection Set: 0.36ms
[4148.081s][info][gc,phases      ] GC(1116)   Merge Heap Roots: 0.58ms
[4148.081s][info][gc,phases      ] GC(1116)   Evacuate Collection Set: 115.40ms
[4148.081s][info][gc,phases      ] GC(1116)   Post Evacuate Collection Set: 0.95ms
[4148.081s][info][gc,phases      ] GC(1116)   Other: 0.09ms
[4148.081s][info][gc,heap        ] GC(1116) Eden regions: 1117->0(1111)
[4148.081s][info][gc,heap        ] GC(1116) Survivor regions: 111->108(154)
[4148.081s][info][gc,heap        ] GC(1116) Old regions: 506->538
[4148.081s][info][gc,heap        ] GC(1116) Humongous regions: 80->80
[4148.081s][info][gc,metaspace   ] GC(1116) Metaspace: 28895K(29312K)->28895K(29312K) NonClass: 24027K(24256K)->24027K(24256K) Class: 4868K(5056K)->4868K(5056K)
[4148.081s][info][gc             ] GC(1116) Pause Young (Prepare Mixed) (G1 Evacuation Pause) 3626M->1450M(4096M) 117.545ms
[4148.081s][info][gc,cpu         ] GC(1116) User=0.70s Sys=0.00s Real=0.12s
..[4150.494s][info][gc,start       ] GC(1117) Pause Young (Mixed) (G1 Evacuation Pause)
[4150.494s][info][gc,task        ] GC(1117) Using 6 workers of 6 for evacuation
[4150.631s][info][gc,phases      ] GC(1117)   Pre Evacuate Collection Set: 0.34ms
[4150.631s][info][gc,phases      ] GC(1117)   Merge Heap Roots: 0.71ms
[4150.631s][info][gc,phases      ] GC(1117)   Evacuate Collection Set: 134.97ms
[4150.631s][info][gc,phases      ] GC(1117)   Post Evacuate Collection Set: 0.98ms
[4150.631s][info][gc,phases      ] GC(1117)   Other: 0.09ms
[4150.631s][info][gc,heap        ] GC(1117) Eden regions: 1111->0(1117)
[4150.631s][info][gc,heap        ] GC(1117) Survivor regions: 108->111(153)
[4150.631s][info][gc,heap        ] GC(1117) Old regions: 538->476
[4150.631s][info][gc,heap        ] GC(1117) Humongous regions: 80->80
[4150.631s][info][gc,metaspace   ] GC(1117) Metaspace: 28895K(29312K)->28895K(29312K) NonClass: 24027K(24256K)->24027K(24256K) Class: 4868K(5056K)->4868K(5056K)
[4150.631s][info][gc             ] GC(1117) Pause Young (Mixed) (G1 Evacuation Pause) 3672M->1331M(4096M) 137.225ms
[4150.631s][info][gc,cpu         ] GC(1117) User=0.82s Sys=0.00s Real=0.14s
...[4153.046s][info][gc,start       ] GC(1118) Pause Young (Concurrent Start) (G1 Evacuation Pause)
[4153.046s][info][gc,task        ] GC(1118) Using 6 workers of 6 for evacuation
[4153.163s][info][gc,phases      ] GC(1118)   Pre Evacuate Collection Set: 0.38ms
[4153.163s][info][gc,phases      ] GC(1118)   Merge Heap Roots: 0.47ms
[4153.163s][info][gc,phases      ] GC(1118)   Evacuate Collection Set: 114.69ms
[4153.163s][info][gc,phases      ] GC(1118)   Post Evacuate Collection Set: 0.88ms
[4153.163s][info][gc,phases      ] GC(1118)   Other: 0.12ms
[4153.163s][info][gc,heap        ] GC(1118) Eden regions: 1117->0(1120)
[4153.163s][info][gc,heap        ] GC(1118) Survivor regions: 111->108(154)
[4153.163s][info][gc,heap        ] GC(1118) Old regions: 476->508
[4153.163s][info][gc,heap        ] GC(1118) Humongous regions: 80->80
[4153.163s][info][gc,metaspace   ] GC(1118) Metaspace: 28895K(29312K)->28895K(29312K) NonClass: 24027K(24256K)->24027K(24256K) Class: 4868K(5056K)->4868K(5056K)
[4153.163s][info][gc             ] GC(1118) Pause Young (Concurrent Start) (G1 Evacuation Pause) 3565M->1390M(4096M) 116.662ms
[4153.163s][info][gc             ] GC(1119) Concurrent Mark Cycle
[4153.163s][info][gc,marking     ] GC(1119) Concurrent Scan Root Regions
[4153.163s][info][gc,cpu         ] GC(1118) User=0.70s Sys=0.00s Real=0.12s
[4153.299s][info][gc,marking     ] GC(1119) Concurrent Scan Root Regions 135.696ms
[4153.299s][info][gc,marking     ] GC(1119) Concurrent Mark
[4153.299s][info][gc,marking     ] GC(1119) Concurrent Mark From Roots
[4153.299s][info][gc,task        ] GC(1119) Using 2 workers of 2 for marking
.[4154.065s][info][gc,marking     ] GC(1119) Concurrent Mark From Roots 766.430ms
[4154.065s][info][gc,marking     ] GC(1119) Concurrent Preclean
[4154.065s][info][gc,marking     ] GC(1119) Concurrent Preclean 0.117ms
[4154.067s][info][gc,start       ] GC(1119) Pause Remark
[4154.073s][info][gc             ] GC(1119) Pause Remark 2200M->2200M(4096M) 6.061ms
[4154.073s][info][gc,cpu         ] GC(1119) User=0.03s Sys=0.00s Real=0.01s
[4154.073s][info][gc,marking     ] GC(1119) Concurrent Mark 774.723ms
[4154.073s][info][gc,marking     ] GC(1119) Concurrent Rebuild Remembered Sets and Scrub Regions
[4154.482s][info][gc,marking     ] GC(1119) Concurrent Rebuild Remembered Sets and Scrub Regions 408.162ms
[4154.482s][info][gc,start       ] GC(1119) Pause Cleanup
[4154.482s][info][gc             ] GC(1119) Pause Cleanup 2626M->2626M(4096M) 0.125ms
[4154.482s][info][gc,cpu         ] GC(1119) User=0.00s Sys=0.00s Real=0.00s
[4154.482s][info][gc,marking     ] GC(1119) Concurrent Clear Claimed Marks
[4154.482s][info][gc,marking     ] GC(1119) Concurrent Clear Claimed Marks 0.030ms
[4154.482s][info][gc,marking     ] GC(1119) Concurrent Cleanup for Next Mark
[4154.485s][info][gc,marking     ] GC(1119) Concurrent Cleanup for Next Mark 3.512ms
[4154.485s][info][gc             ] GC(1119) Concurrent Mark Cycle 1322.628ms
.[4155.578s][info][gc,start       ] GC(1120) Pause Young (Prepare Mixed) (G1 Evacuation Pause)
[4155.578s][info][gc,task        ] GC(1120) Using 6 workers of 6 for evacuation
[4155.694s][info][gc,phases      ] GC(1120)   Pre Evacuate Collection Set: 0.37ms
[4155.694s][info][gc,phases      ] GC(1120)   Merge Heap Roots: 0.60ms
[4155.694s][info][gc,phases      ] GC(1120)   Evacuate Collection Set: 113.81ms
[4155.694s][info][gc,phases      ] GC(1120)   Post Evacuate Collection Set: 0.93ms
[4155.694s][info][gc,phases      ] GC(1120)   Other: 0.84ms
[4155.694s][info][gc,heap        ] GC(1120) Eden regions: 1120->0(1112)
[4155.694s][info][gc,heap        ] GC(1120) Survivor regions: 108->107(154)
[4155.694s][info][gc,heap        ] GC(1120) Old regions: 508->539
[4155.694s][info][gc,heap        ] GC(1120) Humongous regions: 80->80
[4155.694s][info][gc,metaspace   ] GC(1120) Metaspace: 28895K(29312K)->28895K(29312K) NonClass: 24027K(24256K)->24027K(24256K) Class: 4868K(5056K)->4868K(5056K)
[4155.694s][info][gc             ] GC(1120) Pause Young (Prepare Mixed) (G1 Evacuation Pause) 3630M->1450M(4096M) 116.693ms
[4155.695s][info][gc,cpu         ] GC(1120) User=0.69s Sys=0.00s Real=0.12s
...[4158.142s][info][gc,start       ] GC(1121) Pause Young (Mixed) (G1 Evacuation Pause)
[4158.142s][info][gc,task        ] GC(1121) Using 6 workers of 6 for evacuation
[4158.282s][info][gc,phases      ] GC(1121)   Pre Evacuate Collection Set: 0.41ms
[4158.282s][info][gc,phases      ] GC(1121)   Merge Heap Roots: 0.77ms
[4158.282s][info][gc,phases      ] GC(1121)   Evacuate Collection Set: 137.26ms
[4158.282s][info][gc,phases      ] GC(1121)   Post Evacuate Collection Set: 0.93ms
[4158.282s][info][gc,phases      ] GC(1121)   Other: 0.10ms
[4158.282s][info][gc,heap        ] GC(1121) Eden regions: 1112->0(1115)
[4158.282s][info][gc,heap        ] GC(1121) Survivor regions: 107->113(153)
[4158.282s][info][gc,heap        ] GC(1121) Old regions: 539->475
[4158.282s][info][gc,heap        ] GC(1121) Humongous regions: 80->80
[4158.282s][info][gc,metaspace   ] GC(1121) Metaspace: 28895K(29312K)->28895K(29312K) NonClass: 24027K(24256K)->24027K(24256K) Class: 4868K(5056K)->4868K(5056K)
[4158.282s][info][gc             ] GC(1121) Pause Young (Mixed) (G1 Evacuation Pause) 3674M->1333M(4096M) 139.600ms
[4158.282s][info][gc,cpu         ] GC(1121) User=0.83s Sys=0.00s Real=0.14s
..[4160.602s][info][gc,start       ] GC(1122) Pause Young (Concurrent Start) (G1 Evacuation Pause)
[4160.602s][info][gc,task        ] GC(1122) Using 6 workers of 6 for evacuation
[4160.719s][info][gc,phases      ] GC(1122)   Pre Evacuate Collection Set: 0.37ms
[4160.719s][info][gc,phases      ] GC(1122)   Merge Heap Roots: 0.53ms
[4160.719s][info][gc,phases      ] GC(1122)   Evacuate Collection Set: 114.45ms
[4160.719s][info][gc,phases      ] GC(1122)   Post Evacuate Collection Set: 0.87ms
[4160.719s][info][gc,phases      ] GC(1122)   Other: 0.85ms
[4160.719s][info][gc,heap        ] GC(1122) Eden regions: 1115->0(1120)
[4160.719s][info][gc,heap        ] GC(1122) Survivor regions: 113->108(154)
[4160.719s][info][gc,heap        ] GC(1122) Old regions: 475->508
[4160.719s][info][gc,heap        ] GC(1122) Humongous regions: 80->80
[4160.719s][info][gc,metaspace   ] GC(1122) Metaspace: 28895K(29312K)->28895K(29312K) NonClass: 24027K(24256K)->24027K(24256K) Class: 4868K(5056K)->4868K(5056K)
[4160.719s][info][gc             ] GC(1122) Pause Young (Concurrent Start) (G1 Evacuation Pause) 3563M->1389M(4096M) 117.204ms
[4160.719s][info][gc             ] GC(1123) Concurrent Mark Cycle
[4160.719s][info][gc,marking     ] GC(1123) Concurrent Scan Root Regions
[4160.719s][info][gc,cpu         ] GC(1122) User=0.69s Sys=0.00s Real=0.12s
[4160.858s][info][gc,marking     ] GC(1123) Concurrent Scan Root Regions 138.314ms
[4160.858s][info][gc,marking     ] GC(1123) Concurrent Mark
[4160.858s][info][gc,marking     ] GC(1123) Concurrent Mark From Roots
[4160.858s][info][gc,task        ] GC(1123) Using 2 workers of 2 for marking
.[4161.557s][info][gc,marking     ] GC(1123) Concurrent Mark From Roots 699.640ms
[4161.557s][info][gc,marking     ] GC(1123) Concurrent Preclean
[4161.558s][info][gc,marking     ] GC(1123) Concurrent Preclean 0.117ms
[4161.558s][info][gc,start       ] GC(1123) Pause Remark
[4161.563s][info][gc             ] GC(1123) Pause Remark 2103M->2103M(4096M) 5.675ms
[4161.563s][info][gc,cpu         ] GC(1123) User=0.03s Sys=0.00s Real=0.01s
[4161.564s][info][gc,marking     ] GC(1123) Concurrent Mark 706.134ms
[4161.564s][info][gc,marking     ] GC(1123) Concurrent Rebuild Remembered Sets and Scrub Regions
[4161.884s][info][gc,marking     ] GC(1123) Concurrent Rebuild Remembered Sets and Scrub Regions 319.966ms
[4161.884s][info][gc,start       ] GC(1123) Pause Cleanup
[4161.884s][info][gc             ] GC(1123) Pause Cleanup 2413M->2413M(4096M) 0.122ms
[4161.884s][info][gc,cpu         ] GC(1123) User=0.00s Sys=0.00s Real=0.00s
[4161.884s][info][gc,marking     ] GC(1123) Concurrent Clear Claimed Marks
[4161.884s][info][gc,marking     ] GC(1123) Concurrent Clear Claimed Marks 0.022ms
[4161.884s][info][gc,marking     ] GC(1123) Concurrent Cleanup for Next Mark
[4161.889s][info][gc,marking     ] GC(1123) Concurrent Cleanup for Next Mark 4.916ms
[4161.889s][info][gc             ] GC(1123) Concurrent Mark Cycle 1169.894ms
..[4163.252s][info][gc,start       ] GC(1124) Pause Young (Prepare Mixed) (G1 Evacuation Pause)
[4163.252s][info][gc,task        ] GC(1124) Using 6 workers of 6 for evacuation
[4163.371s][info][gc,phases      ] GC(1124)   Pre Evacuate Collection Set: 0.35ms
[4163.371s][info][gc,phases      ] GC(1124)   Merge Heap Roots: 0.54ms
[4163.371s][info][gc,phases      ] GC(1124)   Evacuate Collection Set: 116.65ms
[4163.371s][info][gc,phases      ] GC(1124)   Post Evacuate Collection Set: 0.93ms
[4163.371s][info][gc,phases      ] GC(1124)   Other: 0.09ms
[4163.371s][info][gc,heap        ] GC(1124) Eden regions: 1120->0(1105)
[4163.371s][info][gc,heap        ] GC(1124) Survivor regions: 108->110(154)
[4163.371s][info][gc,heap        ] GC(1124) Old regions: 508->540
[4163.371s][info][gc,heap        ] GC(1124) Humongous regions: 80->80
[4163.371s][info][gc,metaspace   ] GC(1124) Metaspace: 28895K(29312K)->28895K(29312K) NonClass: 24027K(24256K)->24027K(24256K) Class: 4868K(5056K)->4868K(5056K)
[4163.371s][info][gc             ] GC(1124) Pause Young (Prepare Mixed) (G1 Evacuation Pause) 3629M->1457M(4096M) 118.690ms
[4163.371s][info][gc,cpu         ] GC(1124) User=0.70s Sys=0.00s Real=0.12s
..[4165.830s][info][gc,start       ] GC(1125) Pause Young (Mixed) (G1 Evacuation Pause)
[4165.830s][info][gc,task        ] GC(1125) Using 6 workers of 6 for evacuation
[4165.965s][info][gc,phases      ] GC(1125)   Pre Evacuate Collection Set: 0.38ms
[4165.965s][info][gc,phases      ] GC(1125)   Merge Heap Roots: 0.84ms
[4165.965s][info][gc,phases      ] GC(1125)   Evacuate Collection Set: 131.81ms
[4165.965s][info][gc,phases      ] GC(1125)   Post Evacuate Collection Set: 0.96ms
[4165.965s][info][gc,phases      ] GC(1125)   Other: 0.87ms
[4165.965s][info][gc,heap        ] GC(1125) Eden regions: 1105->0(1118)
[4165.965s][info][gc,heap        ] GC(1125) Survivor regions: 110->110(152)
[4165.965s][info][gc,heap        ] GC(1125) Old regions: 540->478
[4165.965s][info][gc,heap        ] GC(1125) Humongous regions: 80->80
[4165.965s][info][gc,metaspace   ] GC(1125) Metaspace: 28895K(29312K)->28895K(29312K) NonClass: 24027K(24256K)->24027K(24256K) Class: 4868K(5056K)->4868K(5056K)
[4165.965s][info][gc             ] GC(1125) Pause Young (Mixed) (G1 Evacuation Pause) 3667M->1333M(4096M) 134.999ms
[4165.965s][info][gc,cpu         ] GC(1125) User=0.80s Sys=0.00s Real=0.13s
...[4168.314s][info][gc,start       ] GC(1126) Pause Young (Concurrent Start) (G1 Evacuation Pause)
[4168.314s][info][gc,task        ] GC(1126) Using 6 workers of 6 for evacuation
[4168.434s][info][gc,phases      ] GC(1126)   Pre Evacuate Collection Set: 0.38ms
[4168.434s][info][gc,phases      ] GC(1126)   Merge Heap Roots: 0.48ms
[4168.434s][info][gc,phases      ] GC(1126)   Evacuate Collection Set: 117.59ms
[4168.434s][info][gc,phases      ] GC(1126)   Post Evacuate Collection Set: 0.87ms
[4168.434s][info][gc,phases      ] GC(1126)   Other: 0.11ms
[4168.434s][info][gc,heap        ] GC(1126) Eden regions: 1118->0(1116)
[4168.434s][info][gc,heap        ] GC(1126) Survivor regions: 110->112(154)
[4168.434s][info][gc,heap        ] GC(1126) Old regions: 478->511
[4168.434s][info][gc,heap        ] GC(1126) Humongous regions: 80->80
[4168.434s][info][gc,metaspace   ] GC(1126) Metaspace: 28895K(29312K)->28895K(29312K) NonClass: 24027K(24256K)->24027K(24256K) Class: 4868K(5056K)->4868K(5056K)
[4168.434s][info][gc             ] GC(1126) Pause Young (Concurrent Start) (G1 Evacuation Pause) 3569M->1403M(4096M) 119.559ms
[4168.434s][info][gc             ] GC(1127) Concurrent Mark Cycle
[4168.434s][info][gc,cpu         ] GC(1126) User=0.71s Sys=0.00s Real=0.12s
[4168.434s][info][gc,marking     ] GC(1127) Concurrent Scan Root Regions
[4168.585s][info][gc,marking     ] GC(1127) Concurrent Scan Root Regions 151.386ms
[4168.585s][info][gc,marking     ] GC(1127) Concurrent Mark
[4168.585s][info][gc,marking     ] GC(1127) Concurrent Mark From Roots
[4168.585s][info][gc,task        ] GC(1127) Using 2 workers of 2 for marking
.[4169.316s][info][gc,marking     ] GC(1127) Concurrent Mark From Roots 730.374ms
[4169.316s][info][gc,marking     ] GC(1127) Concurrent Preclean
[4169.316s][info][gc,marking     ] GC(1127) Concurrent Preclean 0.093ms
[4169.316s][info][gc,start       ] GC(1127) Pause Remark
[4169.322s][info][gc             ] GC(1127) Pause Remark 2205M->2205M(4096M) 6.069ms
[4169.322s][info][gc,cpu         ] GC(1127) User=0.04s Sys=0.00s Real=0.01s
[4169.322s][info][gc,marking     ] GC(1127) Concurrent Mark 737.104ms
[4169.322s][info][gc,marking     ] GC(1127) Concurrent Rebuild Remembered Sets and Scrub Regions
[4169.589s][info][gc,marking     ] GC(1127) Concurrent Rebuild Remembered Sets and Scrub Regions 266.705ms
[4169.589s][info][gc,start       ] GC(1127) Pause Cleanup
[4169.589s][info][gc             ] GC(1127) Pause Cleanup 2438M->2438M(4096M) 0.104ms
[4169.589s][info][gc,cpu         ] GC(1127) User=0.00s Sys=0.00s Real=0.00s
[4169.589s][info][gc,marking     ] GC(1127) Concurrent Clear Claimed Marks
[4169.589s][info][gc,marking     ] GC(1127) Concurrent Clear Claimed Marks 0.024ms
[4169.589s][info][gc,marking     ] GC(1127) Concurrent Cleanup for Next Mark
[4169.596s][info][gc,marking     ] GC(1127) Concurrent Cleanup for Next Mark 6.684ms
[4169.596s][info][gc             ] GC(1127) Concurrent Mark Cycle 1162.379ms
.[4170.940s][info][gc,start       ] GC(1128) Pause Young (Prepare Mixed) (G1 Evacuation Pause)
[4170.940s][info][gc,task        ] GC(1128) Using 6 workers of 6 for evacuation
[4171.059s][info][gc,phases      ] GC(1128)   Pre Evacuate Collection Set: 0.34ms
[4171.059s][info][gc,phases      ] GC(1128)   Merge Heap Roots: 0.69ms
[4171.059s][info][gc,phases      ] GC(1128)   Evacuate Collection Set: 116.41ms
[4171.059s][info][gc,phases      ] GC(1128)   Post Evacuate Collection Set: 0.94ms
[4171.059s][info][gc,phases      ] GC(1128)   Other: 0.83ms
[4171.059s][info][gc,heap        ] GC(1128) Eden regions: 1116->0(1104)
[4171.059s][info][gc,heap        ] GC(1128) Survivor regions: 112->109(154)
[4171.059s][info][gc,heap        ] GC(1128) Old regions: 511->543
[4171.059s][info][gc,heap        ] GC(1128) Humongous regions: 80->80
[4171.059s][info][gc,metaspace   ] GC(1128) Metaspace: 28895K(29312K)->28895K(29312K) NonClass: 24027K(24256K)->24027K(24256K) Class: 4868K(5056K)->4868K(5056K)
[4171.059s][info][gc             ] GC(1128) Pause Young (Prepare Mixed) (G1 Evacuation Pause) 3635M->1462M(4096M) 119.348ms
[4171.059s][info][gc,cpu         ] GC(1128) User=0.71s Sys=0.00s Real=0.12s
...[4173.436s][info][gc,start       ] GC(1129) Pause Young (Mixed) (G1 Evacuation Pause)
[4173.436s][info][gc,task        ] GC(1129) Using 6 workers of 6 for evacuation
[4173.572s][info][gc,phases      ] GC(1129)   Pre Evacuate Collection Set: 0.36ms
[4173.572s][info][gc,phases      ] GC(1129)   Merge Heap Roots: 0.72ms
[4173.572s][info][gc,phases      ] GC(1129)   Evacuate Collection Set: 133.12ms
[4173.572s][info][gc,phases      ] GC(1129)   Post Evacuate Collection Set: 0.94ms
[4173.572s][info][gc,phases      ] GC(1129)   Other: 0.08ms
[4173.572s][info][gc,heap        ] GC(1129) Eden regions: 1104->0(1115)
[4173.572s][info][gc,heap        ] GC(1129) Survivor regions: 109->113(152)
[4173.572s][info][gc,heap        ] GC(1129) Old regions: 543->477
[4173.572s][info][gc,heap        ] GC(1129) Humongous regions: 80->80
[4173.572s][info][gc,metaspace   ] GC(1129) Metaspace: 28895K(29312K)->28895K(29312K) NonClass: 24027K(24256K)->24027K(24256K) Class: 4868K(5056K)->4868K(5056K)
[4173.572s][info][gc             ] GC(1129) Pause Young (Mixed) (G1 Evacuation Pause) 3670M->1338M(4096M) 135.361ms
[4173.572s][info][gc,cpu         ] GC(1129) User=0.80s Sys=0.01s Real=0.14s
..[4175.992s][info][gc,start       ] GC(1130) Pause Young (Concurrent Start) (G1 Evacuation Pause)
[4175.992s][info][gc,task        ] GC(1130) Using 6 workers of 6 for evacuation
[4176.110s][info][gc,phases      ] GC(1130)   Pre Evacuate Collection Set: 0.37ms
[4176.110s][info][gc,phases      ] GC(1130)   Merge Heap Roots: 0.60ms
[4176.110s][info][gc,phases      ] GC(1130)   Evacuate Collection Set: 115.01ms
[4176.110s][info][gc,phases      ] GC(1130)   Post Evacuate Collection Set: 0.87ms
[4176.110s][info][gc,phases      ] GC(1130)   Other: 0.89ms
[4176.110s][info][gc,heap        ] GC(1130) Eden regions: 1115->0(1121)
[4176.110s][info][gc,heap        ] GC(1130) Survivor regions: 113->107(154)
[4176.110s][info][gc,heap        ] GC(1130) Old regions: 477->510
[4176.110s][info][gc,heap        ] GC(1130) Humongous regions: 80->80
[4176.110s][info][gc,metaspace   ] GC(1130) Metaspace: 28895K(29312K)->28895K(29312K) NonClass: 24027K(24256K)->24027K(24256K) Class: 4868K(5056K)->4868K(5056K)
[4176.110s][info][gc             ] GC(1130) Pause Young (Concurrent Start) (G1 Evacuation Pause) 3568M->1392M(4096M) 117.874ms
[4176.110s][info][gc             ] GC(1131) Concurrent Mark Cycle
[4176.110s][info][gc,marking     ] GC(1131) Concurrent Scan Root Regions
[4176.110s][info][gc,cpu         ] GC(1130) User=0.69s Sys=0.00s Real=0.12s
.[4176.249s][info][gc,marking     ] GC(1131) Concurrent Scan Root Regions 138.684ms
[4176.249s][info][gc,marking     ] GC(1131) Concurrent Mark
[4176.249s][info][gc,marking     ] GC(1131) Concurrent Mark From Roots
[4176.249s][info][gc,task        ] GC(1131) Using 2 workers of 2 for marking
[4176.994s][info][gc,marking     ] GC(1131) Concurrent Mark From Roots 744.831ms
[4176.994s][info][gc,marking     ] GC(1131) Concurrent Preclean
[4176.994s][info][gc,marking     ] GC(1131) Concurrent Preclean 0.096ms
[4176.996s][info][gc,start       ] GC(1131) Pause Remark
[4177.001s][info][gc             ] GC(1131) Pause Remark 2210M->2210M(4096M) 5.477ms
[4177.001s][info][gc,cpu         ] GC(1131) User=0.04s Sys=0.00s Real=0.01s
[4177.002s][info][gc,marking     ] GC(1131) Concurrent Mark 752.572ms
[4177.002s][info][gc,marking     ] GC(1131) Concurrent Rebuild Remembered Sets and Scrub Regions
.[4177.261s][info][gc,marking     ] GC(1131) Concurrent Rebuild Remembered Sets and Scrub Regions 259.876ms
[4177.262s][info][gc,start       ] GC(1131) Pause Cleanup
[4177.262s][info][gc             ] GC(1131) Pause Cleanup 2442M->2442M(4096M) 0.122ms
[4177.262s][info][gc,cpu         ] GC(1131) User=0.00s Sys=0.00s Real=0.00s
[4177.263s][info][gc,marking     ] GC(1131) Concurrent Clear Claimed Marks
[4177.263s][info][gc,marking     ] GC(1131) Concurrent Clear Claimed Marks 0.037ms
[4177.263s][info][gc,marking     ] GC(1131) Concurrent Cleanup for Next Mark
[4177.267s][info][gc,marking     ] GC(1131) Concurrent Cleanup for Next Mark 4.595ms
[4177.267s][info][gc             ] GC(1131) Concurrent Mark Cycle 1156.966ms
.[4178.588s][info][gc,start       ] GC(1132) Pause Young (Prepare Mixed) (G1 Evacuation Pause)
[4178.588s][info][gc,task        ] GC(1132) Using 6 workers of 6 for evacuation
[4178.704s][info][gc,phases      ] GC(1132)   Pre Evacuate Collection Set: 0.32ms
[4178.704s][info][gc,phases      ] GC(1132)   Merge Heap Roots: 0.51ms
[4178.704s][info][gc,phases      ] GC(1132)   Evacuate Collection Set: 113.76ms
[4178.704s][info][gc,phases      ] GC(1132)   Post Evacuate Collection Set: 0.89ms
[4178.704s][info][gc,phases      ] GC(1132)   Other: 0.09ms
[4178.704s][info][gc,heap        ] GC(1132) Eden regions: 1121->0(1110)
[4178.704s][info][gc,heap        ] GC(1132) Survivor regions: 107->107(154)
[4178.704s][info][gc,heap        ] GC(1132) Old regions: 510->541
[4178.704s][info][gc,heap        ] GC(1132) Humongous regions: 80->80
[4178.704s][info][gc,metaspace   ] GC(1132) Metaspace: 28895K(29312K)->28895K(29312K) NonClass: 24027K(24256K)->24027K(24256K) Class: 4868K(5056K)->4868K(5056K)
[4178.704s][info][gc             ] GC(1132) Pause Young (Prepare Mixed) (G1 Evacuation Pause) 3634M->1454M(4096M) 115.713ms
[4178.704s][info][gc,cpu         ] GC(1132) User=0.69s Sys=0.00s Real=0.12s
. (rIR:aIR:PR = 7334:7333:7333) (tPR = 109040) [OK] 
  4179s: Performance info:
         Transaction,    Success,    Partial,     Failed,   Receipts, AvgBarcode, 
             Overall,     440432,          0,          0,     418361,      59.47, 
         Response times:
             Request,    Success,    Partial,     Failed,   SkipFail,     Probes,    Samples,      min,      p50,      p90,      p95,      p99,      max, 
       TotalPurchase,     418362,          0,          0,          0,     356874,     416870,      300,     6500,    59000,    95000,   155000,   495000,
     InStorePurchase,     219884,          0,          0,          0,     187322,     218542,      300,     6300,    58000,    94000,   153000,   495000,
      OnlinePurchase,     154278,          0,          0,          0,     131507,     153709,      300,     6600,    61000,    97000,   156000,   493000,
        InstPurchase,      44200,          0,          0,          0,      38045,      44619,      400,     6700,    59000,    95000,   153000,   302000,
          AssocOfCat,        441,          0,          0,          0,        367,        517,    21000,    41000,   113400,   154300,   210280,   253000,
      AssocOfProduct,       4405,          0,          0,          0,       4103,       4999,      800,     6100,    59000,    94000,   148000,   228000,
      BusinessReport,       1108,          0,          0,          0,        971,       1224,    25000,    50000,   112500,   146000,   218750,   446000,
          CustBuyBeh,       4405,          0,          0,          0,       4111,       5045,      600,     6500,    61000,    98000,   150540,   252000,
       ProductReturn,      11712,          0,          0,          0,       9794,      11727,      200,     7000,    67000,    98600,   156000,   249000,

  4179s: (54%)   IR =   7472 .[4181.025s][info][gc,start       ] GC(1133) Pause Young (Mixed) (G1 Evacuation Pause)
[4181.025s][info][gc,task        ] GC(1133) Using 6 workers of 6 for evacuation
[4181.159s][info][gc,phases      ] GC(1133)   Pre Evacuate Collection Set: 0.41ms
[4181.159s][info][gc,phases      ] GC(1133)   Merge Heap Roots: 0.75ms
[4181.159s][info][gc,phases      ] GC(1133)   Evacuate Collection Set: 130.88ms
[4181.159s][info][gc,phases      ] GC(1133)   Post Evacuate Collection Set: 0.96ms
[4181.159s][info][gc,phases      ] GC(1133)   Other: 0.84ms
[4181.159s][info][gc,heap        ] GC(1133) Eden regions: 1110->0(1118)
[4181.159s][info][gc,heap        ] GC(1133) Survivor regions: 107->110(153)
[4181.159s][info][gc,heap        ] GC(1133) Old regions: 541->475
[4181.159s][info][gc,heap        ] GC(1133) Humongous regions: 80->80
[4181.159s][info][gc,metaspace   ] GC(1133) Metaspace: 28895K(29312K)->28895K(29312K) NonClass: 24027K(24256K)->24027K(24256K) Class: 4868K(5056K)->4868K(5056K)
[4181.159s][info][gc             ] GC(1133) Pause Young (Mixed) (G1 Evacuation Pause) 3674M->1327M(4096M) 133.979ms
[4181.159s][info][gc,cpu         ] GC(1133) User=0.79s Sys=0.01s Real=0.14s
...[4183.594s][info][gc,start       ] GC(1134) Pause Young (Concurrent Start) (G1 Evacuation Pause)
[4183.594s][info][gc,task        ] GC(1134) Using 6 workers of 6 for evacuation
[4183.714s][info][gc,phases      ] GC(1134)   Pre Evacuate Collection Set: 0.36ms
[4183.714s][info][gc,phases      ] GC(1134)   Merge Heap Roots: 0.53ms
[4183.714s][info][gc,phases      ] GC(1134)   Evacuate Collection Set: 118.23ms
[4183.714s][info][gc,phases      ] GC(1134)   Post Evacuate Collection Set: 0.93ms
[4183.714s][info][gc,phases      ] GC(1134)   Other: 0.10ms
[4183.714s][info][gc,heap        ] GC(1134) Eden regions: 1118->0(1117)
[4183.714s][info][gc,heap        ] GC(1134) Survivor regions: 110->111(154)
[4183.714s][info][gc,heap        ] GC(1134) Old regions: 475->507
[4183.715s][info][gc,heap        ] GC(1134) Humongous regions: 80->80
[4183.715s][info][gc,metaspace   ] GC(1134) Metaspace: 28895K(29312K)->28895K(29312K) NonClass: 24027K(24256K)->24027K(24256K) Class: 4868K(5056K)->4868K(5056K)
[4183.715s][info][gc             ] GC(1134) Pause Young (Concurrent Start) (G1 Evacuation Pause) 3563M->1394M(4096M) 120.300ms
[4183.715s][info][gc             ] GC(1135) Concurrent Mark Cycle
[4183.715s][info][gc,marking     ] GC(1135) Concurrent Scan Root Regions
[4183.715s][info][gc,cpu         ] GC(1134) User=0.71s Sys=0.00s Real=0.12s
[4183.892s][info][gc,marking     ] GC(1135) Concurrent Scan Root Regions 177.684ms
[4183.892s][info][gc,marking     ] GC(1135) Concurrent Mark
[4183.892s][info][gc,marking     ] GC(1135) Concurrent Mark From Roots
[4183.892s][info][gc,task        ] GC(1135) Using 2 workers of 2 for marking
.[4184.872s][info][gc,marking     ] GC(1135) Concurrent Mark From Roots 979.847ms
[4184.872s][info][gc,marking     ] GC(1135) Concurrent Preclean
[4184.872s][info][gc,marking     ] GC(1135) Concurrent Preclean 0.127ms
[4184.876s][info][gc,start       ] GC(1135) Pause Remark
[4184.882s][info][gc             ] GC(1135) Pause Remark 2408M->2408M(4096M) 6.150ms
[4184.882s][info][gc,cpu         ] GC(1135) User=0.03s Sys=0.00s Real=0.01s
[4184.882s][info][gc,marking     ] GC(1135) Concurrent Mark 989.914ms
[4184.882s][info][gc,marking     ] GC(1135) Concurrent Rebuild Remembered Sets and Scrub Regions
[4185.158s][info][gc,marking     ] GC(1135) Concurrent Rebuild Remembered Sets and Scrub Regions 275.650ms
[4185.158s][info][gc,start       ] GC(1135) Pause Cleanup
[4185.158s][info][gc             ] GC(1135) Pause Cleanup 2668M->2668M(4096M) 0.119ms
[4185.158s][info][gc,cpu         ] GC(1135) User=0.00s Sys=0.00s Real=0.00s
[4185.158s][info][gc,marking     ] GC(1135) Concurrent Clear Claimed Marks
[4185.158s][info][gc,marking     ] GC(1135) Concurrent Clear Claimed Marks 0.028ms
[4185.158s][info][gc,marking     ] GC(1135) Concurrent Cleanup for Next Mark
[4185.164s][info][gc,marking     ] GC(1135) Concurrent Cleanup for Next Mark 5.122ms
[4185.164s][info][gc             ] GC(1135) Concurrent Mark Cycle 1448.985ms
.[4186.078s][info][gc,start       ] GC(1136) Pause Young (Prepare Mixed) (G1 Evacuation Pause)
[4186.078s][info][gc,task        ] GC(1136) Using 6 workers of 6 for evacuation
[4186.202s][info][gc,phases      ] GC(1136)   Pre Evacuate Collection Set: 0.34ms
[4186.202s][info][gc,phases      ] GC(1136)   Merge Heap Roots: 0.62ms
[4186.202s][info][gc,phases      ] GC(1136)   Evacuate Collection Set: 120.92ms
[4186.202s][info][gc,phases      ] GC(1136)   Post Evacuate Collection Set: 0.93ms
[4186.202s][info][gc,phases      ] GC(1136)   Other: 0.82ms
[4186.202s][info][gc,heap        ] GC(1136) Eden regions: 1117->0(1102)
[4186.202s][info][gc,heap        ] GC(1136) Survivor regions: 111->112(154)
[4186.202s][info][gc,heap        ] GC(1136) Old regions: 507->539
[4186.202s][info][gc,heap        ] GC(1136) Humongous regions: 80->80
[4186.202s][info][gc,metaspace   ] GC(1136) Metaspace: 28895K(29312K)->28895K(29312K) NonClass: 24027K(24256K)->24027K(24256K) Class: 4868K(5056K)->4868K(5056K)
[4186.202s][info][gc             ] GC(1136) Pause Young (Prepare Mixed) (G1 Evacuation Pause) 3628M->1459M(4096M) 123.777ms
[4186.202s][info][gc,cpu         ] GC(1136) User=0.73s Sys=0.00s Real=0.13s
...[4188.517s][info][gc,start       ] GC(1137) Pause Young (Mixed) (G1 Evacuation Pause)
[4188.517s][info][gc,task        ] GC(1137) Using 6 workers of 6 for evacuation
[4188.658s][info][gc,phases      ] GC(1137)   Pre Evacuate Collection Set: 0.34ms
[4188.658s][info][gc,phases      ] GC(1137)   Merge Heap Roots: 0.70ms
[4188.658s][info][gc,phases      ] GC(1137)   Evacuate Collection Set: 139.29ms
[4188.658s][info][gc,phases      ] GC(1137)   Post Evacuate Collection Set: 0.93ms
[4188.658s][info][gc,phases      ] GC(1137)   Other: 0.09ms
[4188.658s][info][gc,heap        ] GC(1137) Eden regions: 1102->0(1115)
[4188.658s][info][gc,heap        ] GC(1137) Survivor regions: 112->113(152)
[4188.658s][info][gc,heap        ] GC(1137) Old regions: 539->475
[4188.658s][info][gc,heap        ] GC(1137) Humongous regions: 80->80
[4188.658s][info][gc,metaspace   ] GC(1137) Metaspace: 28895K(29312K)->28895K(29312K) NonClass: 24027K(24256K)->24027K(24256K) Class: 4868K(5056K)->4868K(5056K)
[4188.658s][info][gc             ] GC(1137) Pause Young (Mixed) (G1 Evacuation Pause) 3663M->1333M(4096M) 141.488ms
[4188.658s][info][gc,cpu         ] GC(1137) User=0.84s Sys=0.00s Real=0.14s
.|.[4191.017s][info][gc,start       ] GC(1138) Pause Young (Concurrent Start) (G1 Evacuation Pause)
[4191.017s][info][gc,task        ] GC(1138) Using 6 workers of 6 for evacuation
[4191.144s][info][gc,phases      ] GC(1138)   Pre Evacuate Collection Set: 0.37ms
[4191.144s][info][gc,phases      ] GC(1138)   Merge Heap Roots: 0.52ms
[4191.144s][info][gc,phases      ] GC(1138)   Evacuate Collection Set: 125.05ms
[4191.144s][info][gc,phases      ] GC(1138)   Post Evacuate Collection Set: 0.92ms
[4191.144s][info][gc,phases      ] GC(1138)   Other: 0.12ms
[4191.144s][info][gc,heap        ] GC(1138) Eden regions: 1115->0(1112)
[4191.144s][info][gc,heap        ] GC(1138) Survivor regions: 113->116(154)
[4191.144s][info][gc,heap        ] GC(1138) Old regions: 475->506
[4191.144s][info][gc,heap        ] GC(1138) Humongous regions: 80->80
[4191.144s][info][gc,metaspace   ] GC(1138) Metaspace: 28895K(29312K)->28895K(29312K) NonClass: 24027K(24256K)->24027K(24256K) Class: 4868K(5056K)->4868K(5056K)
[4191.144s][info][gc             ] GC(1138) Pause Young (Concurrent Start) (G1 Evacuation Pause) 3563M->1403M(4096M) 127.123ms
[4191.144s][info][gc             ] GC(1139) Concurrent Mark Cycle
[4191.144s][info][gc,marking     ] GC(1139) Concurrent Scan Root Regions
[4191.144s][info][gc,cpu         ] GC(1138) User=0.76s Sys=0.00s Real=0.13s
[4191.288s][info][gc,marking     ] GC(1139) Concurrent Scan Root Regions 144.367ms
[4191.289s][info][gc,marking     ] GC(1139) Concurrent Mark
[4191.289s][info][gc,marking     ] GC(1139) Concurrent Mark From Roots
[4191.289s][info][gc,task        ] GC(1139) Using 2 workers of 2 for marking
.[4192.053s][info][gc,marking     ] GC(1139) Concurrent Mark From Roots 764.315ms
[4192.053s][info][gc,marking     ] GC(1139) Concurrent Preclean
[4192.053s][info][gc,marking     ] GC(1139) Concurrent Preclean 0.092ms
[4192.053s][info][gc,start       ] GC(1139) Pause Remark
[4192.058s][info][gc             ] GC(1139) Pause Remark 2188M->2188M(4096M) 4.695ms
[4192.058s][info][gc,cpu         ] GC(1139) User=0.02s Sys=0.00s Real=0.00s
[4192.059s][info][gc,marking     ] GC(1139) Concurrent Mark 770.283ms
[4192.059s][info][gc,marking     ] GC(1139) Concurrent Rebuild Remembered Sets and Scrub Regions
[4192.374s][info][gc,marking     ] GC(1139) Concurrent Rebuild Remembered Sets and Scrub Regions 315.135ms
[4192.375s][info][gc,start       ] GC(1139) Pause Cleanup
[4192.375s][info][gc             ] GC(1139) Pause Cleanup 2566M->2566M(4096M) 0.123ms
[4192.375s][info][gc,cpu         ] GC(1139) User=0.00s Sys=0.00s Real=0.00s
[4192.375s][info][gc,marking     ] GC(1139) Concurrent Clear Claimed Marks
[4192.375s][info][gc,marking     ] GC(1139) Concurrent Clear Claimed Marks 0.028ms
[4192.375s][info][gc,marking     ] GC(1139) Concurrent Cleanup for Next Mark
[4192.380s][info][gc,marking     ] GC(1139) Concurrent Cleanup for Next Mark 5.383ms
[4192.380s][info][gc             ] GC(1139) Concurrent Mark Cycle 1236.254ms
..[4193.475s][info][gc,start       ] GC(1140) Pause Young (Prepare Mixed) (G1 Evacuation Pause)
[4193.475s][info][gc,task        ] GC(1140) Using 6 workers of 6 for evacuation
[4193.593s][info][gc,phases      ] GC(1140)   Pre Evacuate Collection Set: 0.33ms
[4193.593s][info][gc,phases      ] GC(1140)   Merge Heap Roots: 0.52ms
[4193.593s][info][gc,phases      ] GC(1140)   Evacuate Collection Set: 116.25ms
[4193.593s][info][gc,phases      ] GC(1140)   Post Evacuate Collection Set: 0.94ms
[4193.593s][info][gc,phases      ] GC(1140)   Other: 0.09ms
[4193.593s][info][gc,heap        ] GC(1140) Eden regions: 1112->0(1107)
[4193.593s][info][gc,heap        ] GC(1140) Survivor regions: 116->110(154)
[4193.593s][info][gc,heap        ] GC(1140) Old regions: 506->538
[4193.593s][info][gc,heap        ] GC(1140) Humongous regions: 80->80
[4193.593s][info][gc,metaspace   ] GC(1140) Metaspace: 28895K(29312K)->28895K(29312K) NonClass: 24027K(24256K)->24027K(24256K) Class: 4868K(5056K)->4868K(5056K)
[4193.594s][info][gc             ] GC(1140) Pause Young (Prepare Mixed) (G1 Evacuation Pause) 3627M->1455M(4096M) 118.293ms
[4193.594s][info][gc,cpu         ] GC(1140) User=0.70s Sys=0.00s Real=0.12s
..[4195.947s][info][gc,start       ] GC(1141) Pause Young (Mixed) (G1 Evacuation Pause)
[4195.947s][info][gc,task        ] GC(1141) Using 6 workers of 6 for evacuation
[4196.082s][info][gc,phases      ] GC(1141)   Pre Evacuate Collection Set: 0.36ms
[4196.082s][info][gc,phases      ] GC(1141)   Merge Heap Roots: 0.75ms
[4196.082s][info][gc,phases      ] GC(1141)   Evacuate Collection Set: 132.26ms
[4196.082s][info][gc,phases      ] GC(1141)   Post Evacuate Collection Set: 0.93ms
[4196.082s][info][gc,phases      ] GC(1141)   Other: 0.09ms
[4196.082s][info][gc,heap        ] GC(1141) Eden regions: 1107->0(1120)
[4196.082s][info][gc,heap        ] GC(1141) Survivor regions: 110->108(153)
[4196.082s][info][gc,heap        ] GC(1141) Old regions: 538->476
[4196.082s][info][gc,heap        ] GC(1141) Humongous regions: 80->80
[4196.082s][info][gc,metaspace   ] GC(1141) Metaspace: 28895K(29312K)->28895K(29312K) NonClass: 24027K(24256K)->24027K(24256K) Class: 4868K(5056K)->4868K(5056K)
[4196.082s][info][gc             ] GC(1141) Pause Young (Mixed) (G1 Evacuation Pause) 3669M->1327M(4096M) 134.508ms
[4196.082s][info][gc,cpu         ] GC(1141) User=0.80s Sys=0.00s Real=0.14s
...[4198.512s][info][gc,start       ] GC(1142) Pause Young (Concurrent Start) (G1 Evacuation Pause)
[4198.512s][info][gc,task        ] GC(1142) Using 6 workers of 6 for evacuation
[4198.628s][info][gc,phases      ] GC(1142)   Pre Evacuate Collection Set: 0.35ms
[4198.628s][info][gc,phases      ] GC(1142)   Merge Heap Roots: 0.51ms
[4198.628s][info][gc,phases      ] GC(1142)   Evacuate Collection Set: 113.78ms
[4198.628s][info][gc,phases      ] GC(1142)   Post Evacuate Collection Set: 0.87ms
[4198.628s][info][gc,phases      ] GC(1142)   Other: 0.11ms
[4198.628s][info][gc,heap        ] GC(1142) Eden regions: 1120->0(1120)
[4198.628s][info][gc,heap        ] GC(1142) Survivor regions: 108->108(154)
[4198.628s][info][gc,heap        ] GC(1142) Old regions: 476->508
[4198.628s][info][gc,heap        ] GC(1142) Humongous regions: 80->80
[4198.628s][info][gc,metaspace   ] GC(1142) Metaspace: 28895K(29312K)->28895K(29312K) NonClass: 24027K(24256K)->24027K(24256K) Class: 4868K(5056K)->4868K(5056K)
[4198.628s][info][gc             ] GC(1142) Pause Young (Concurrent Start) (G1 Evacuation Pause) 3567M->1390M(4096M) 115.745ms
[4198.628s][info][gc             ] GC(1143) Concurrent Mark Cycle
[4198.628s][info][gc,marking     ] GC(1143) Concurrent Scan Root Regions
[4198.628s][info][gc,cpu         ] GC(1142) User=0.69s Sys=0.00s Real=0.11s
[4198.766s][info][gc,marking     ] GC(1143) Concurrent Scan Root Regions 137.886ms
[4198.766s][info][gc,marking     ] GC(1143) Concurrent Mark
[4198.766s][info][gc,marking     ] GC(1143) Concurrent Mark From Roots
[4198.766s][info][gc,task        ] GC(1143) Using 2 workers of 2 for marking
.[4199.472s][info][gc,marking     ] GC(1143) Concurrent Mark From Roots 706.665ms
[4199.472s][info][gc,marking     ] GC(1143) Concurrent Preclean
[4199.472s][info][gc,marking     ] GC(1143) Concurrent Preclean 0.083ms
[4199.473s][info][gc,start       ] GC(1143) Pause Remark
[4199.478s][info][gc             ] GC(1143) Pause Remark 2147M->2147M(4096M) 4.932ms
[4199.478s][info][gc,cpu         ] GC(1143) User=0.03s Sys=0.00s Real=0.00s
[4199.479s][info][gc,marking     ] GC(1143) Concurrent Mark 713.738ms
[4199.479s][info][gc,marking     ] GC(1143) Concurrent Rebuild Remembered Sets and Scrub Regions
[4199.795s][info][gc,marking     ] GC(1143) Concurrent Rebuild Remembered Sets and Scrub Regions 315.971ms
[4199.797s][info][gc,start       ] GC(1143) Pause Cleanup
[4199.797s][info][gc             ] GC(1143) Pause Cleanup 2416M->2416M(4096M) 0.134ms
[4199.797s][info][gc,cpu         ] GC(1143) User=0.00s Sys=0.00s Real=0.00s
[4199.797s][info][gc,marking     ] GC(1143) Concurrent Clear Claimed Marks
[4199.797s][info][gc,marking     ] GC(1143) Concurrent Clear Claimed Marks 0.034ms
[4199.797s][info][gc,marking     ] GC(1143) Concurrent Cleanup for Next Mark
[4199.836s][info][gc,marking     ] GC(1143) Concurrent Cleanup for Next Mark 39.686ms
[4199.837s][info][gc             ] GC(1143) Concurrent Mark Cycle 1208.857ms
.[4201.074s][info][gc,start       ] GC(1144) Pause Young (Prepare Mixed) (G1 Evacuation Pause)
[4201.074s][info][gc,task        ] GC(1144) Using 6 workers of 6 for evacuation
[4201.191s][info][gc,phases      ] GC(1144)   Pre Evacuate Collection Set: 0.32ms
[4201.191s][info][gc,phases      ] GC(1144)   Merge Heap Roots: 0.53ms
[4201.191s][info][gc,phases      ] GC(1144)   Evacuate Collection Set: 115.30ms
[4201.191s][info][gc,phases      ] GC(1144)   Post Evacuate Collection Set: 0.90ms
[4201.191s][info][gc,phases      ] GC(1144)   Other: 0.08ms
[4201.191s][info][gc,heap        ] GC(1144) Eden regions: 1120->0(1107)
[4201.191s][info][gc,heap        ] GC(1144) Survivor regions: 108->109(154)
[4201.191s][info][gc,heap        ] GC(1144) Old regions: 508->540
[4201.191s][info][gc,heap        ] GC(1144) Humongous regions: 80->80
[4201.191s][info][gc,metaspace   ] GC(1144) Metaspace: 28895K(29312K)->28895K(29312K) NonClass: 24027K(24256K)->24027K(24256K) Class: 4868K(5056K)->4868K(5056K)
[4201.191s][info][gc             ] GC(1144) Pause Young (Prepare Mixed) (G1 Evacuation Pause) 3630M->1456M(4096M) 117.256ms
[4201.191s][info][gc,cpu         ] GC(1144) User=0.69s Sys=0.00s Real=0.12s
...[4203.535s][info][gc,start       ] GC(1145) Pause Young (Mixed) (G1 Evacuation Pause)
[4203.535s][info][gc,task        ] GC(1145) Using 6 workers of 6 for evacuation
[4203.663s][info][gc,phases      ] GC(1145)   Pre Evacuate Collection Set: 0.38ms
[4203.663s][info][gc,phases      ] GC(1145)   Merge Heap Roots: 0.75ms
[4203.663s][info][gc,phases      ] GC(1145)   Evacuate Collection Set: 125.67ms
[4203.663s][info][gc,phases      ] GC(1145)   Post Evacuate Collection Set: 0.93ms
[4203.663s][info][gc,phases      ] GC(1145)   Other: 0.09ms
[4203.663s][info][gc,heap        ] GC(1145) Eden regions: 1107->0(1122)
[4203.663s][info][gc,heap        ] GC(1145) Survivor regions: 109->106(152)
[4203.663s][info][gc,heap        ] GC(1145) Old regions: 540->477
[4203.663s][info][gc,heap        ] GC(1145) Humongous regions: 80->80
[4203.663s][info][gc,metaspace   ] GC(1145) Metaspace: 28895K(29312K)->28895K(29312K) NonClass: 24027K(24256K)->24027K(24256K) Class: 4868K(5056K)->4868K(5056K)
[4203.663s][info][gc             ] GC(1145) Pause Young (Mixed) (G1 Evacuation Pause) 3670M->1324M(4096M) 127.965ms
[4203.663s][info][gc,cpu         ] GC(1145) User=0.76s Sys=0.00s Real=0.13s
..[4206.126s][info][gc,start       ] GC(1146) Pause Young (Concurrent Start) (G1 Evacuation Pause)
[4206.126s][info][gc,task        ] GC(1146) Using 6 workers of 6 for evacuation
[4206.247s][info][gc,phases      ] GC(1146)   Pre Evacuate Collection Set: 0.35ms
[4206.247s][info][gc,phases      ] GC(1146)   Merge Heap Roots: 0.53ms
[4206.247s][info][gc,phases      ] GC(1146)   Evacuate Collection Set: 118.41ms
[4206.247s][info][gc,phases      ] GC(1146)   Post Evacuate Collection Set: 0.85ms
[4206.247s][info][gc,phases      ] GC(1146)   Other: 0.09ms
[4206.247s][info][gc,heap        ] GC(1146) Eden regions: 1122->0(1117)
[4206.247s][info][gc,heap        ] GC(1146) Survivor regions: 106->111(154)
[4206.247s][info][gc,heap        ] GC(1146) Old regions: 477->509
[4206.247s][info][gc,heap        ] GC(1146) Humongous regions: 80->80
[4206.247s][info][gc,metaspace   ] GC(1146) Metaspace: 28895K(29312K)->28895K(29312K) NonClass: 24027K(24256K)->24027K(24256K) Class: 4868K(5056K)->4868K(5056K)
[4206.247s][info][gc             ] GC(1146) Pause Young (Concurrent Start) (G1 Evacuation Pause) 3568M->1397M(4096M) 120.360ms
[4206.247s][info][gc             ] GC(1147) Concurrent Mark Cycle
[4206.247s][info][gc,marking     ] GC(1147) Concurrent Scan Root Regions
[4206.247s][info][gc,cpu         ] GC(1146) User=0.71s Sys=0.01s Real=0.12s
[4206.414s][info][gc,marking     ] GC(1147) Concurrent Scan Root Regions 166.806ms
[4206.414s][info][gc,marking     ] GC(1147) Concurrent Mark
[4206.414s][info][gc,marking     ] GC(1147) Concurrent Mark From Roots
[4206.414s][info][gc,task        ] GC(1147) Using 2 workers of 2 for marking
.[4207.163s][info][gc,marking     ] GC(1147) Concurrent Mark From Roots 748.868ms
[4207.163s][info][gc,marking     ] GC(1147) Concurrent Preclean
[4207.163s][info][gc,marking     ] GC(1147) Concurrent Preclean 0.069ms
[4207.167s][info][gc,start       ] GC(1147) Pause Remark
[4207.171s][info][gc             ] GC(1147) Pause Remark 2221M->2221M(4096M) 3.973ms
[4207.171s][info][gc,cpu         ] GC(1147) User=0.02s Sys=0.00s Real=0.01s
[4207.171s][info][gc,marking     ] GC(1147) Concurrent Mark 757.625ms
[4207.171s][info][gc,marking     ] GC(1147) Concurrent Rebuild Remembered Sets and Scrub Regions
[4207.445s][info][gc,marking     ] GC(1147) Concurrent Rebuild Remembered Sets and Scrub Regions 273.923ms
[4207.446s][info][gc,start       ] GC(1147) Pause Cleanup
[4207.446s][info][gc             ] GC(1147) Pause Cleanup 2489M->2489M(4096M) 0.112ms
[4207.446s][info][gc,cpu         ] GC(1147) User=0.00s Sys=0.00s Real=0.00s
[4207.446s][info][gc,marking     ] GC(1147) Concurrent Clear Claimed Marks
[4207.446s][info][gc,marking     ] GC(1147) Concurrent Clear Claimed Marks 0.039ms
[4207.446s][info][gc,marking     ] GC(1147) Concurrent Cleanup for Next Mark
[4207.451s][info][gc,marking     ] GC(1147) Concurrent Cleanup for Next Mark 4.814ms
[4207.451s][info][gc             ] GC(1147) Concurrent Mark Cycle 1204.539ms
..[4208.571s][info][gc,start       ] GC(1148) Pause Young (Prepare Mixed) (G1 Evacuation Pause)
[4208.571s][info][gc,task        ] GC(1148) Using 6 workers of 6 for evacuation
[4208.688s][info][gc,phases      ] GC(1148)   Pre Evacuate Collection Set: 0.34ms
[4208.688s][info][gc,phases      ] GC(1148)   Merge Heap Roots: 0.55ms
[4208.688s][info][gc,phases      ] GC(1148)   Evacuate Collection Set: 115.68ms
[4208.688s][info][gc,phases      ] GC(1148)   Post Evacuate Collection Set: 0.92ms
[4208.688s][info][gc,phases      ] GC(1148)   Other: 0.08ms
[4208.688s][info][gc,heap        ] GC(1148) Eden regions: 1117->0(1107)
[4208.688s][info][gc,heap        ] GC(1148) Survivor regions: 111->109(154)
[4208.688s][info][gc,heap        ] GC(1148) Old regions: 509->540
[4208.688s][info][gc,heap        ] GC(1148) Humongous regions: 80->80
[4208.688s][info][gc,metaspace   ] GC(1148) Metaspace: 28895K(29312K)->28895K(29312K) NonClass: 24027K(24256K)->24027K(24256K) Class: 4868K(5056K)->4868K(5056K)
[4208.688s][info][gc             ] GC(1148) Pause Young (Prepare Mixed) (G1 Evacuation Pause) 3631M->1456M(4096M) 117.702ms
[4208.688s][info][gc,cpu         ] GC(1148) User=0.71s Sys=0.00s Real=0.11s
..[4211.112s][info][gc,start       ] GC(1149) Pause Young (Mixed) (G1 Evacuation Pause)
[4211.112s][info][gc,task        ] GC(1149) Using 6 workers of 6 for evacuation
[4211.249s][info][gc,phases      ] GC(1149)   Pre Evacuate Collection Set: 0.39ms
[4211.249s][info][gc,phases      ] GC(1149)   Merge Heap Roots: 0.80ms
[4211.249s][info][gc,phases      ] GC(1149)   Evacuate Collection Set: 134.51ms
[4211.249s][info][gc,phases      ] GC(1149)   Post Evacuate Collection Set: 0.93ms
[4211.249s][info][gc,phases      ] GC(1149)   Other: 0.09ms
[4211.249s][info][gc,heap        ] GC(1149) Eden regions: 1107->0(1116)
[4211.249s][info][gc,heap        ] GC(1149) Survivor regions: 109->112(152)
[4211.249s][info][gc,heap        ] GC(1149) Old regions: 540->474
[4211.249s][info][gc,heap        ] GC(1149) Humongous regions: 80->80
[4211.249s][info][gc,metaspace   ] GC(1149) Metaspace: 28895K(29312K)->28895K(29312K) NonClass: 24027K(24256K)->24027K(24256K) Class: 4868K(5056K)->4868K(5056K)
[4211.249s][info][gc             ] GC(1149) Pause Young (Mixed) (G1 Evacuation Pause) 3670M->1330M(4096M) 136.840ms
[4211.249s][info][gc,cpu         ] GC(1149) User=0.81s Sys=0.00s Real=0.14s
...[4213.597s][info][gc,start       ] GC(1150) Pause Young (Concurrent Start) (G1 Evacuation Pause)
[4213.597s][info][gc,task        ] GC(1150) Using 6 workers of 6 for evacuation
[4213.712s][info][gc,phases      ] GC(1150)   Pre Evacuate Collection Set: 0.41ms
[4213.712s][info][gc,phases      ] GC(1150)   Merge Heap Roots: 0.46ms
[4213.712s][info][gc,phases      ] GC(1150)   Evacuate Collection Set: 113.75ms
[4213.712s][info][gc,phases      ] GC(1150)   Post Evacuate Collection Set: 0.85ms
[4213.712s][info][gc,phases      ] GC(1150)   Other: 0.12ms
[4213.712s][info][gc,heap        ] GC(1150) Eden regions: 1116->0(1120)
[4213.712s][info][gc,heap        ] GC(1150) Survivor regions: 112->108(154)
[4213.712s][info][gc,heap        ] GC(1150) Old regions: 474->504
[4213.712s][info][gc,heap        ] GC(1150) Humongous regions: 80->80
[4213.712s][info][gc,metaspace   ] GC(1150) Metaspace: 28895K(29312K)->28895K(29312K) NonClass: 24027K(24256K)->24027K(24256K) Class: 4868K(5056K)->4868K(5056K)
[4213.712s][info][gc             ] GC(1150) Pause Young (Concurrent Start) (G1 Evacuation Pause) 3562M->1382M(4096M) 115.724ms
[4213.712s][info][gc             ] GC(1151) Concurrent Mark Cycle
[4213.712s][info][gc,marking     ] GC(1151) Concurrent Scan Root Regions
[4213.712s][info][gc,cpu         ] GC(1150) User=0.69s Sys=0.01s Real=0.12s
[4213.886s][info][gc,marking     ] GC(1151) Concurrent Scan Root Regions 173.941ms
[4213.886s][info][gc,marking     ] GC(1151) Concurrent Mark
[4213.887s][info][gc,marking     ] GC(1151) Concurrent Mark From Roots
[4213.887s][info][gc,task        ] GC(1151) Using 2 workers of 2 for marking
.[4214.874s][info][gc,marking     ] GC(1151) Concurrent Mark From Roots 987.836ms
[4214.874s][info][gc,marking     ] GC(1151) Concurrent Preclean
[4214.875s][info][gc,marking     ] GC(1151) Concurrent Preclean 0.094ms
[4214.875s][info][gc,start       ] GC(1151) Pause Remark
[4214.882s][info][gc             ] GC(1151) Pause Remark 2476M->2476M(4096M) 7.594ms
[4214.882s][info][gc,cpu         ] GC(1151) User=0.04s Sys=0.00s Real=0.01s
[4214.883s][info][gc,marking     ] GC(1151) Concurrent Mark 996.529ms
[4214.883s][info][gc,marking     ] GC(1151) Concurrent Rebuild Remembered Sets and Scrub Regions
[4215.155s][info][gc,marking     ] GC(1151) Concurrent Rebuild Remembered Sets and Scrub Regions 271.660ms
[4215.155s][info][gc,start       ] GC(1151) Pause Cleanup
[4215.155s][info][gc             ] GC(1151) Pause Cleanup 2720M->2720M(4096M) 0.111ms
[4215.155s][info][gc,cpu         ] GC(1151) User=0.00s Sys=0.00s Real=0.00s
[4215.155s][info][gc,marking     ] GC(1151) Concurrent Clear Claimed Marks
[4215.155s][info][gc,marking     ] GC(1151) Concurrent Clear Claimed Marks 0.022ms
[4215.155s][info][gc,marking     ] GC(1151) Concurrent Cleanup for Next Mark
[4215.159s][info][gc,marking     ] GC(1151) Concurrent Cleanup for Next Mark 4.432ms
[4215.160s][info][gc             ] GC(1151) Concurrent Mark Cycle 1447.073ms
.[4216.119s][info][gc,start       ] GC(1152) Pause Young (Prepare Mixed) (G1 Evacuation Pause)
[4216.119s][info][gc,task        ] GC(1152) Using 6 workers of 6 for evacuation
[4216.237s][info][gc,phases      ] GC(1152)   Pre Evacuate Collection Set: 0.35ms
[4216.237s][info][gc,phases      ] GC(1152)   Merge Heap Roots: 0.55ms
[4216.237s][info][gc,phases      ] GC(1152)   Evacuate Collection Set: 115.22ms
[4216.237s][info][gc,phases      ] GC(1152)   Post Evacuate Collection Set: 0.91ms
[4216.237s][info][gc,phases      ] GC(1152)   Other: 0.09ms
[4216.237s][info][gc,heap        ] GC(1152) Eden regions: 1120->0(1111)
[4216.237s][info][gc,heap        ] GC(1152) Survivor regions: 108->109(154)
[4216.237s][info][gc,heap        ] GC(1152) Old regions: 504->536
[4216.237s][info][gc,heap        ] GC(1152) Humongous regions: 80->80
[4216.237s][info][gc,metaspace   ] GC(1152) Metaspace: 28895K(29312K)->28895K(29312K) NonClass: 24027K(24256K)->24027K(24256K) Class: 4868K(5056K)->4868K(5056K)
[4216.237s][info][gc             ] GC(1152) Pause Young (Prepare Mixed) (G1 Evacuation Pause) 3622M->1448M(4096M) 117.248ms
[4216.237s][info][gc,cpu         ] GC(1152) User=0.70s Sys=0.00s Real=0.11s
...[4218.649s][info][gc,start       ] GC(1153) Pause Young (Mixed) (G1 Evacuation Pause)
[4218.649s][info][gc,task        ] GC(1153) Using 6 workers of 6 for evacuation
[4218.781s][info][gc,phases      ] GC(1153)   Pre Evacuate Collection Set: 0.36ms
[4218.781s][info][gc,phases      ] GC(1153)   Merge Heap Roots: 0.68ms
[4218.781s][info][gc,phases      ] GC(1153)   Evacuate Collection Set: 130.20ms
[4218.781s][info][gc,phases      ] GC(1153)   Post Evacuate Collection Set: 0.94ms
[4218.781s][info][gc,phases      ] GC(1153)   Other: 0.09ms
[4218.781s][info][gc,heap        ] GC(1153) Eden regions: 1111->0(1120)
[4218.781s][info][gc,heap        ] GC(1153) Survivor regions: 109->108(153)
[4218.781s][info][gc,heap        ] GC(1153) Old regions: 536->473
[4218.781s][info][gc,heap        ] GC(1153) Humongous regions: 80->80
[4218.781s][info][gc,metaspace   ] GC(1153) Metaspace: 28895K(29312K)->28895K(29312K) NonClass: 24027K(24256K)->24027K(24256K) Class: 4868K(5056K)->4868K(5056K)
[4218.781s][info][gc             ] GC(1153) Pause Young (Mixed) (G1 Evacuation Pause) 3670M->1320M(4096M) 132.394ms
[4218.781s][info][gc,cpu         ] GC(1153) User=0.79s Sys=0.00s Real=0.13s
..[4221.177s][info][gc,start       ] GC(1154) Pause Young (Concurrent Start) (G1 Evacuation Pause)
[4221.177s][info][gc,task        ] GC(1154) Using 6 workers of 6 for evacuation
[4221.294s][info][gc,phases      ] GC(1154)   Pre Evacuate Collection Set: 0.39ms
[4221.295s][info][gc,phases      ] GC(1154)   Merge Heap Roots: 0.51ms
[4221.295s][info][gc,phases      ] GC(1154)   Evacuate Collection Set: 115.86ms
[4221.295s][info][gc,phases      ] GC(1154)   Post Evacuate Collection Set: 0.89ms
[4221.295s][info][gc,phases      ] GC(1154)   Other: 0.11ms
[4221.295s][info][gc,heap        ] GC(1154) Eden regions: 1120->0(1117)
[4221.295s][info][gc,heap        ] GC(1154) Survivor regions: 108->111(154)
[4221.295s][info][gc,heap        ] GC(1154) Old regions: 473->505
[4221.295s][info][gc,heap        ] GC(1154) Humongous regions: 80->80
[4221.295s][info][gc,metaspace   ] GC(1154) Metaspace: 28895K(29312K)->28895K(29312K) NonClass: 24027K(24256K)->24027K(24256K) Class: 4868K(5056K)->4868K(5056K)
[4221.295s][info][gc             ] GC(1154) Pause Young (Concurrent Start) (G1 Evacuation Pause) 3560M->1389M(4096M) 117.895ms
[4221.295s][info][gc             ] GC(1155) Concurrent Mark Cycle
[4221.295s][info][gc,marking     ] GC(1155) Concurrent Scan Root Regions
[4221.295s][info][gc,cpu         ] GC(1154) User=0.70s Sys=0.00s Real=0.12s
[4221.481s][info][gc,marking     ] GC(1155) Concurrent Scan Root Regions 186.046ms
[4221.481s][info][gc,marking     ] GC(1155) Concurrent Mark
[4221.481s][info][gc,marking     ] GC(1155) Concurrent Mark From Roots
[4221.481s][info][gc,task        ] GC(1155) Using 2 workers of 2 for marking
.[4222.375s][info][gc,marking     ] GC(1155) Concurrent Mark From Roots 894.270ms
[4222.375s][info][gc,marking     ] GC(1155) Concurrent Preclean
[4222.375s][info][gc,marking     ] GC(1155) Concurrent Preclean 0.085ms
[4222.376s][info][gc,start       ] GC(1155) Pause Remark
[4222.382s][info][gc             ] GC(1155) Pause Remark 2383M->2383M(4096M) 6.678ms
[4222.382s][info][gc,cpu         ] GC(1155) User=0.03s Sys=0.00s Real=0.01s
[4222.383s][info][gc,marking     ] GC(1155) Concurrent Mark 902.542ms
[4222.383s][info][gc,marking     ] GC(1155) Concurrent Rebuild Remembered Sets and Scrub Regions
.[4222.759s][info][gc,marking     ] GC(1155) Concurrent Rebuild Remembered Sets and Scrub Regions 376.129ms
[4222.760s][info][gc,start       ] GC(1155) Pause Cleanup
[4222.760s][info][gc             ] GC(1155) Pause Cleanup 2768M->2768M(4096M) 0.117ms
[4222.760s][info][gc,cpu         ] GC(1155) User=0.00s Sys=0.00s Real=0.00s
[4222.760s][info][gc,marking     ] GC(1155) Concurrent Clear Claimed Marks
[4222.760s][info][gc,marking     ] GC(1155) Concurrent Clear Claimed Marks 0.026ms
[4222.760s][info][gc,marking     ] GC(1155) Concurrent Cleanup for Next Mark
[4222.764s][info][gc,marking     ] GC(1155) Concurrent Cleanup for Next Mark 4.066ms
[4222.764s][info][gc             ] GC(1155) Concurrent Mark Cycle 1469.259ms
.[4223.660s][info][gc,start       ] GC(1156) Pause Young (Prepare Mixed) (G1 Evacuation Pause)
[4223.660s][info][gc,task        ] GC(1156) Using 6 workers of 6 for evacuation
[4223.776s][info][gc,phases      ] GC(1156)   Pre Evacuate Collection Set: 0.33ms
[4223.776s][info][gc,phases      ] GC(1156)   Merge Heap Roots: 0.51ms
[4223.776s][info][gc,phases      ] GC(1156)   Evacuate Collection Set: 113.87ms
[4223.776s][info][gc,phases      ] GC(1156)   Post Evacuate Collection Set: 0.92ms
[4223.776s][info][gc,phases      ] GC(1156)   Other: 0.08ms
[4223.776s][info][gc,heap        ] GC(1156) Eden regions: 1117->0(1112)
[4223.776s][info][gc,heap        ] GC(1156) Survivor regions: 111->108(154)
[4223.776s][info][gc,heap        ] GC(1156) Old regions: 505->537
[4223.776s][info][gc,heap        ] GC(1156) Humongous regions: 80->80
[4223.776s][info][gc,metaspace   ] GC(1156) Metaspace: 28895K(29312K)->28895K(29312K) NonClass: 24027K(24256K)->24027K(24256K) Class: 4868K(5056K)->4868K(5056K)
[4223.776s][info][gc             ] GC(1156) Pause Young (Prepare Mixed) (G1 Evacuation Pause) 3623M->1449M(4096M) 115.832ms
[4223.776s][info][gc,cpu         ] GC(1156) User=0.68s Sys=0.01s Real=0.11s
..[4226.155s][info][gc,start       ] GC(1157) Pause Young (Mixed) (G1 Evacuation Pause)
[4226.156s][info][gc,task        ] GC(1157) Using 6 workers of 6 for evacuation
[4226.288s][info][gc,phases      ] GC(1157)   Pre Evacuate Collection Set: 0.36ms
[4226.288s][info][gc,phases      ] GC(1157)   Merge Heap Roots: 0.74ms
[4226.288s][info][gc,phases      ] GC(1157)   Evacuate Collection Set: 130.28ms
[4226.288s][info][gc,phases      ] GC(1157)   Post Evacuate Collection Set: 0.94ms
[4226.288s][info][gc,phases      ] GC(1157)   Other: 0.09ms
[4226.288s][info][gc,heap        ] GC(1157) Eden regions: 1112->0(1118)
[4226.288s][info][gc,heap        ] GC(1157) Survivor regions: 108->110(153)
[4226.288s][info][gc,heap        ] GC(1157) Old regions: 537->474
[4226.288s][info][gc,heap        ] GC(1157) Humongous regions: 80->80
[4226.288s][info][gc,metaspace   ] GC(1157) Metaspace: 28895K(29312K)->28895K(29312K) NonClass: 24027K(24256K)->24027K(24256K) Class: 4868K(5056K)->4868K(5056K)
[4226.288s][info][gc             ] GC(1157) Pause Young (Mixed) (G1 Evacuation Pause) 3673M->1325M(4096M) 132.534ms
[4226.288s][info][gc,cpu         ] GC(1157) User=0.79s Sys=0.00s Real=0.13s
...[4228.663s][info][gc,start       ] GC(1158) Pause Young (Concurrent Start) (G1 Evacuation Pause)
[4228.663s][info][gc,task        ] GC(1158) Using 6 workers of 6 for evacuation
[4228.779s][info][gc,phases      ] GC(1158)   Pre Evacuate Collection Set: 0.36ms
[4228.779s][info][gc,phases      ] GC(1158)   Merge Heap Roots: 0.54ms
[4228.779s][info][gc,phases      ] GC(1158)   Evacuate Collection Set: 113.55ms
[4228.779s][info][gc,phases      ] GC(1158)   Post Evacuate Collection Set: 0.86ms
[4228.779s][info][gc,phases      ] GC(1158)   Other: 0.10ms
[4228.779s][info][gc,heap        ] GC(1158) Eden regions: 1118->0(1120)
[4228.779s][info][gc,heap        ] GC(1158) Survivor regions: 110->108(154)
[4228.779s][info][gc,heap        ] GC(1158) Old regions: 474->506
[4228.779s][info][gc,heap        ] GC(1158) Humongous regions: 80->80
[4228.779s][info][gc,metaspace   ] GC(1158) Metaspace: 28895K(29312K)->28895K(29312K) NonClass: 24027K(24256K)->24027K(24256K) Class: 4868K(5056K)->4868K(5056K)
[4228.779s][info][gc             ] GC(1158) Pause Young (Concurrent Start) (G1 Evacuation Pause) 3561M->1385M(4096M) 115.563ms
[4228.779s][info][gc             ] GC(1159) Concurrent Mark Cycle
[4228.779s][info][gc,marking     ] GC(1159) Concurrent Scan Root Regions
[4228.779s][info][gc,cpu         ] GC(1158) User=0.68s Sys=0.00s Real=0.12s
[4228.953s][info][gc,marking     ] GC(1159) Concurrent Scan Root Regions 174.317ms
[4228.953s][info][gc,marking     ] GC(1159) Concurrent Mark
[4228.953s][info][gc,marking     ] GC(1159) Concurrent Mark From Roots
[4228.953s][info][gc,task        ] GC(1159) Using 2 workers of 2 for marking
.[4229.942s][info][gc,marking     ] GC(1159) Concurrent Mark From Roots 988.747ms
[4229.942s][info][gc,marking     ] GC(1159) Concurrent Preclean
[4229.942s][info][gc,marking     ] GC(1159) Concurrent Preclean 0.083ms
[4229.944s][info][gc,start       ] GC(1159) Pause Remark
[4229.951s][info][gc             ] GC(1159) Pause Remark 2426M->2426M(4096M) 7.321ms
[4229.951s][info][gc,cpu         ] GC(1159) User=0.04s Sys=0.00s Real=0.01s
[4229.952s][info][gc,marking     ] GC(1159) Concurrent Mark 998.552ms
[4229.952s][info][gc,marking     ] GC(1159) Concurrent Rebuild Remembered Sets and Scrub Regions
[4230.311s][info][gc,marking     ] GC(1159) Concurrent Rebuild Remembered Sets and Scrub Regions 358.721ms
[4230.311s][info][gc,start       ] GC(1159) Pause Cleanup
[4230.311s][info][gc             ] GC(1159) Pause Cleanup 2787M->2787M(4096M) 0.112ms
[4230.311s][info][gc,cpu         ] GC(1159) User=0.00s Sys=0.00s Real=0.00s
[4230.311s][info][gc,marking     ] GC(1159) Concurrent Clear Claimed Marks
[4230.311s][info][gc,marking     ] GC(1159) Concurrent Clear Claimed Marks 0.032ms
[4230.311s][info][gc,marking     ] GC(1159) Concurrent Cleanup for Next Mark
[4230.315s][info][gc,marking     ] GC(1159) Concurrent Cleanup for Next Mark 3.737ms
[4230.315s][info][gc             ] GC(1159) Concurrent Mark Cycle 1535.850ms
.[4231.196s][info][gc,start       ] GC(1160) Pause Young (Prepare Mixed) (G1 Evacuation Pause)
[4231.196s][info][gc,task        ] GC(1160) Using 6 workers of 6 for evacuation
[4231.319s][info][gc,phases      ] GC(1160)   Pre Evacuate Collection Set: 0.33ms
[4231.319s][info][gc,phases      ] GC(1160)   Merge Heap Roots: 0.55ms
[4231.319s][info][gc,phases      ] GC(1160)   Evacuate Collection Set: 120.90ms
[4231.319s][info][gc,phases      ] GC(1160)   Post Evacuate Collection Set: 0.93ms
[4231.319s][info][gc,phases      ] GC(1160)   Other: 0.09ms
[4231.319s][info][gc,heap        ] GC(1160) Eden regions: 1120->0(1099)
[4231.319s][info][gc,heap        ] GC(1160) Survivor regions: 108->114(154)
[4231.319s][info][gc,heap        ] GC(1160) Old regions: 506->538
[4231.319s][info][gc,heap        ] GC(1160) Humongous regions: 80->80
[4231.319s][info][gc,metaspace   ] GC(1160) Metaspace: 28895K(29312K)->28895K(29312K) NonClass: 24027K(24256K)->24027K(24256K) Class: 4868K(5056K)->4868K(5056K)
[4231.319s][info][gc             ] GC(1160) Pause Young (Prepare Mixed) (G1 Evacuation Pause) 3625M->1461M(4096M) 122.931ms
[4231.319s][info][gc,cpu         ] GC(1160) User=0.73s Sys=0.00s Real=0.13s
...[4233.620s][info][gc,start       ] GC(1161) Pause Young (Mixed) (G1 Evacuation Pause)
[4233.620s][info][gc,task        ] GC(1161) Using 6 workers of 6 for evacuation
[4233.754s][info][gc,phases      ] GC(1161)   Pre Evacuate Collection Set: 0.39ms
[4233.754s][info][gc,phases      ] GC(1161)   Merge Heap Roots: 0.76ms
[4233.754s][info][gc,phases      ] GC(1161)   Evacuate Collection Set: 131.99ms
[4233.754s][info][gc,phases      ] GC(1161)   Post Evacuate Collection Set: 0.94ms
[4233.754s][info][gc,phases      ] GC(1161)   Other: 0.09ms
[4233.754s][info][gc,heap        ] GC(1161) Eden regions: 1099->0(1121)
[4233.754s][info][gc,heap        ] GC(1161) Survivor regions: 114->107(152)
[4233.754s][info][gc,heap        ] GC(1161) Old regions: 538->476
[4233.754s][info][gc,heap        ] GC(1161) Humongous regions: 80->80
[4233.754s][info][gc,metaspace   ] GC(1161) Metaspace: 28895K(29312K)->28895K(29312K) NonClass: 24027K(24256K)->24027K(24256K) Class: 4868K(5056K)->4868K(5056K)
[4233.754s][info][gc             ] GC(1161) Pause Young (Mixed) (G1 Evacuation Pause) 3659M->1324M(4096M) 134.288ms
[4233.754s][info][gc,cpu         ] GC(1161) User=0.80s Sys=0.00s Real=0.13s
..[4236.123s][info][gc,start       ] GC(1162) Pause Young (Concurrent Start) (G1 Evacuation Pause)
[4236.123s][info][gc,task        ] GC(1162) Using 6 workers of 6 for evacuation
[4236.252s][info][gc,phases      ] GC(1162)   Pre Evacuate Collection Set: 0.38ms
[4236.252s][info][gc,phases      ] GC(1162)   Merge Heap Roots: 0.56ms
[4236.252s][info][gc,phases      ] GC(1162)   Evacuate Collection Set: 127.38ms
[4236.252s][info][gc,phases      ] GC(1162)   Post Evacuate Collection Set: 0.93ms
[4236.252s][info][gc,phases      ] GC(1162)   Other: 0.10ms
[4236.252s][info][gc,heap        ] GC(1162) Eden regions: 1121->0(1111)
[4236.252s][info][gc,heap        ] GC(1162) Survivor regions: 107->117(154)
[4236.252s][info][gc,heap        ] GC(1162) Old regions: 476->507
[4236.252s][info][gc,heap        ] GC(1162) Humongous regions: 80->80
[4236.252s][info][gc,metaspace   ] GC(1162) Metaspace: 28895K(29312K)->28895K(29312K) NonClass: 24027K(24256K)->24027K(24256K) Class: 4868K(5056K)->4868K(5056K)
[4236.252s][info][gc             ] GC(1162) Pause Young (Concurrent Start) (G1 Evacuation Pause) 3566M->1407M(4096M) 129.482ms
[4236.252s][info][gc             ] GC(1163) Concurrent Mark Cycle
[4236.252s][info][gc,marking     ] GC(1163) Concurrent Scan Root Regions
[4236.252s][info][gc,cpu         ] GC(1162) User=0.77s Sys=0.00s Real=0.13s
[4236.400s][info][gc,marking     ] GC(1163) Concurrent Scan Root Regions 147.596ms
[4236.400s][info][gc,marking     ] GC(1163) Concurrent Mark
[4236.400s][info][gc,marking     ] GC(1163) Concurrent Mark From Roots
[4236.400s][info][gc,task        ] GC(1163) Using 2 workers of 2 for marking
.[4237.122s][info][gc,marking     ] GC(1163) Concurrent Mark From Roots 722.473ms
[4237.122s][info][gc,marking     ] GC(1163) Concurrent Preclean
[4237.123s][info][gc,marking     ] GC(1163) Concurrent Preclean 0.093ms
[4237.125s][info][gc,start       ] GC(1163) Pause Remark
[4237.131s][info][gc             ] GC(1163) Pause Remark 2225M->2225M(4096M) 5.450ms
[4237.131s][info][gc,cpu         ] GC(1163) User=0.03s Sys=0.01s Real=0.01s
[4237.134s][info][gc,marking     ] GC(1163) Concurrent Mark 734.399ms
[4237.134s][info][gc,marking     ] GC(1163) Concurrent Rebuild Remembered Sets and Scrub Regions
[4237.499s][info][gc,marking     ] GC(1163) Concurrent Rebuild Remembered Sets and Scrub Regions 364.267ms
[4237.501s][info][gc,start       ] GC(1163) Pause Cleanup
[4237.501s][info][gc             ] GC(1163) Pause Cleanup 2594M->2594M(4096M) 0.144ms
[4237.501s][info][gc,cpu         ] GC(1163) User=0.00s Sys=0.00s Real=0.00s
[4237.502s][info][gc,marking     ] GC(1163) Concurrent Clear Claimed Marks
[4237.502s][info][gc,marking     ] GC(1163) Concurrent Clear Claimed Marks 0.042ms
[4237.502s][info][gc,marking     ] GC(1163) Concurrent Cleanup for Next Mark
[4237.507s][info][gc,marking     ] GC(1163) Concurrent Cleanup for Next Mark 4.652ms
[4237.507s][info][gc             ] GC(1163) Concurrent Mark Cycle 1254.701ms
.[4238.622s][info][gc,start       ] GC(1164) Pause Young (Prepare Mixed) (G1 Evacuation Pause)
[4238.622s][info][gc,task        ] GC(1164) Using 6 workers of 6 for evacuation
[4238.739s][info][gc,phases      ] GC(1164)   Pre Evacuate Collection Set: 0.34ms
[4238.739s][info][gc,phases      ] GC(1164)   Merge Heap Roots: 0.54ms
[4238.739s][info][gc,phases      ] GC(1164)   Evacuate Collection Set: 114.84ms
[4238.739s][info][gc,phases      ] GC(1164)   Post Evacuate Collection Set: 0.91ms
[4238.739s][info][gc,phases      ] GC(1164)   Other: 0.08ms
[4238.739s][info][gc,heap        ] GC(1164) Eden regions: 1111->0(1108)
[4238.739s][info][gc,heap        ] GC(1164) Survivor regions: 117->109(154)
[4238.739s][info][gc,heap        ] GC(1164) Old regions: 507->539
[4238.739s][info][gc,heap        ] GC(1164) Humongous regions: 80->80
[4238.739s][info][gc,metaspace   ] GC(1164) Metaspace: 28895K(29312K)->28895K(29312K) NonClass: 24027K(24256K)->24027K(24256K) Class: 4868K(5056K)->4868K(5056K)
[4238.739s][info][gc             ] GC(1164) Pause Young (Prepare Mixed) (G1 Evacuation Pause) 3629M->1454M(4096M) 116.836ms
[4238.739s][info][gc,cpu         ] GC(1164) User=0.70s Sys=0.00s Real=0.12s
...[4241.036s][info][gc,start       ] GC(1165) Pause Young (Mixed) (G1 Evacuation Pause)
[4241.036s][info][gc,task        ] GC(1165) Using 6 workers of 6 for evacuation
[4241.168s][info][gc,phases      ] GC(1165)   Pre Evacuate Collection Set: 0.35ms
[4241.168s][info][gc,phases      ] GC(1165)   Merge Heap Roots: 0.69ms
[4241.168s][info][gc,phases      ] GC(1165)   Evacuate Collection Set: 130.73ms
[4241.168s][info][gc,phases      ] GC(1165)   Post Evacuate Collection Set: 0.91ms
[4241.168s][info][gc,phases      ] GC(1165)   Other: 0.08ms
[4241.168s][info][gc,heap        ] GC(1165) Eden regions: 1108->0(1118)
[4241.168s][info][gc,heap        ] GC(1165) Survivor regions: 109->110(153)
[4241.168s][info][gc,heap        ] GC(1165) Old regions: 539->475
[4241.168s][info][gc,heap        ] GC(1165) Humongous regions: 80->80
[4241.168s][info][gc,metaspace   ] GC(1165) Metaspace: 28895K(29312K)->28895K(29312K) NonClass: 24027K(24256K)->24027K(24256K) Class: 4868K(5056K)->4868K(5056K)
[4241.168s][info][gc             ] GC(1165) Pause Young (Mixed) (G1 Evacuation Pause) 3670M->1328M(4096M) 132.914ms
[4241.168s][info][gc,cpu         ] GC(1165) User=0.79s Sys=0.00s Real=0.13s
..[4243.564s][info][gc,start       ] GC(1166) Pause Young (Concurrent Start) (G1 Evacuation Pause)
[4243.564s][info][gc,task        ] GC(1166) Using 6 workers of 6 for evacuation
[4243.687s][info][gc,phases      ] GC(1166)   Pre Evacuate Collection Set: 0.35ms
[4243.687s][info][gc,phases      ] GC(1166)   Merge Heap Roots: 0.53ms
[4243.687s][info][gc,phases      ] GC(1166)   Evacuate Collection Set: 121.05ms
[4243.687s][info][gc,phases      ] GC(1166)   Post Evacuate Collection Set: 0.88ms
[4243.687s][info][gc,phases      ] GC(1166)   Other: 0.11ms
[4243.687s][info][gc,heap        ] GC(1166) Eden regions: 1118->0(1116)
[4243.687s][info][gc,heap        ] GC(1166) Survivor regions: 110->112(154)
[4243.687s][info][gc,heap        ] GC(1166) Old regions: 475->507
[4243.687s][info][gc,heap        ] GC(1166) Humongous regions: 80->80
[4243.687s][info][gc,metaspace   ] GC(1166) Metaspace: 28895K(29312K)->28895K(29312K) NonClass: 24027K(24256K)->24027K(24256K) Class: 4868K(5056K)->4868K(5056K)
[4243.687s][info][gc             ] GC(1166) Pause Young (Concurrent Start) (G1 Evacuation Pause) 3564M->1395M(4096M) 123.052ms
[4243.687s][info][gc             ] GC(1167) Concurrent Mark Cycle
[4243.687s][info][gc,marking     ] GC(1167) Concurrent Scan Root Regions
[4243.687s][info][gc,cpu         ] GC(1166) User=0.73s Sys=0.00s Real=0.12s
.[4243.871s][info][gc,marking     ] GC(1167) Concurrent Scan Root Regions 183.425ms
[4243.871s][info][gc,marking     ] GC(1167) Concurrent Mark
[4243.871s][info][gc,marking     ] GC(1167) Concurrent Mark From Roots
[4243.871s][info][gc,task        ] GC(1167) Using 2 workers of 2 for marking
[4244.833s][info][gc,marking     ] GC(1167) Concurrent Mark From Roots 961.979ms
[4244.833s][info][gc,marking     ] GC(1167) Concurrent Preclean
[4244.833s][info][gc,marking     ] GC(1167) Concurrent Preclean 0.088ms
[4244.833s][info][gc,start       ] GC(1167) Pause Remark
[4244.839s][info][gc             ] GC(1167) Pause Remark 2451M->2451M(4096M) 6.016ms
[4244.839s][info][gc,cpu         ] GC(1167) User=0.03s Sys=0.00s Real=0.01s
[4244.839s][info][gc,marking     ] GC(1167) Concurrent Mark 968.707ms
[4244.839s][info][gc,marking     ] GC(1167) Concurrent Rebuild Remembered Sets and Scrub Regions
.[4245.180s][info][gc,marking     ] GC(1167) Concurrent Rebuild Remembered Sets and Scrub Regions 340.831ms
[4245.183s][info][gc,start       ] GC(1167) Pause Cleanup
[4245.183s][info][gc             ] GC(1167) Pause Cleanup 2779M->2779M(4096M) 0.135ms
[4245.183s][info][gc,cpu         ] GC(1167) User=0.00s Sys=0.00s Real=0.00s
[4245.183s][info][gc,marking     ] GC(1167) Concurrent Clear Claimed Marks
[4245.183s][info][gc,marking     ] GC(1167) Concurrent Clear Claimed Marks 0.034ms
[4245.183s][info][gc,marking     ] GC(1167) Concurrent Cleanup for Next Mark
[4245.188s][info][gc,marking     ] GC(1167) Concurrent Cleanup for Next Mark 5.344ms
[4245.188s][info][gc             ] GC(1167) Concurrent Mark Cycle 1501.225ms
.[4246.055s][info][gc,start       ] GC(1168) Pause Young (Prepare Mixed) (G1 Evacuation Pause)
[4246.055s][info][gc,task        ] GC(1168) Using 6 workers of 6 for evacuation
[4246.174s][info][gc,phases      ] GC(1168)   Pre Evacuate Collection Set: 0.33ms
[4246.174s][info][gc,phases      ] GC(1168)   Merge Heap Roots: 0.54ms
[4246.174s][info][gc,phases      ] GC(1168)   Evacuate Collection Set: 116.76ms
[4246.174s][info][gc,phases      ] GC(1168)   Post Evacuate Collection Set: 0.91ms
[4246.174s][info][gc,phases      ] GC(1168)   Other: 0.09ms
[4246.174s][info][gc,heap        ] GC(1168) Eden regions: 1116->0(1103)
[4246.174s][info][gc,heap        ] GC(1168) Survivor regions: 112->112(154)
[4246.174s][info][gc,heap        ] GC(1168) Old regions: 507->538
[4246.174s][info][gc,heap        ] GC(1168) Humongous regions: 80->80
[4246.174s][info][gc,metaspace   ] GC(1168) Metaspace: 28895K(29312K)->28895K(29312K) NonClass: 24027K(24256K)->24027K(24256K) Class: 4868K(5056K)->4868K(5056K)
[4246.174s][info][gc             ] GC(1168) Pause Young (Prepare Mixed) (G1 Evacuation Pause) 3627M->1457M(4096M) 118.770ms
[4246.174s][info][gc,cpu         ] GC(1168) User=0.71s Sys=0.00s Real=0.12s
..[4248.568s][info][gc,start       ] GC(1169) Pause Young (Mixed) (G1 Evacuation Pause)
[4248.568s][info][gc,task        ] GC(1169) Using 6 workers of 6 for evacuation
[4248.699s][info][gc,phases      ] GC(1169)   Pre Evacuate Collection Set: 0.36ms
[4248.699s][info][gc,phases      ] GC(1169)   Merge Heap Roots: 0.63ms
[4248.699s][info][gc,phases      ] GC(1169)   Evacuate Collection Set: 128.72ms
[4248.699s][info][gc,phases      ] GC(1169)   Post Evacuate Collection Set: 0.92ms
[4248.699s][info][gc,phases      ] GC(1169)   Other: 0.08ms
[4248.699s][info][gc,heap        ] GC(1169) Eden regions: 1103->0(1121)
[4248.699s][info][gc,heap        ] GC(1169) Survivor regions: 112->107(152)
[4248.699s][info][gc,heap        ] GC(1169) Old regions: 538->476
[4248.699s][info][gc,heap        ] GC(1169) Humongous regions: 80->80
[4248.699s][info][gc,metaspace   ] GC(1169) Metaspace: 28895K(29312K)->28895K(29312K) NonClass: 24027K(24256K)->24027K(24256K) Class: 4868K(5056K)->4868K(5056K)
[4248.699s][info][gc             ] GC(1169) Pause Young (Mixed) (G1 Evacuation Pause) 3663M->1324M(4096M) 130.843ms
[4248.699s][info][gc,cpu         ] GC(1169) User=0.78s Sys=0.00s Real=0.14s
.. (rIR:aIR:PR = 7472:7484:7484) (tPR = 110888) [OK] 
  4249s: Performance info:
         Transaction,    Success,    Partial,     Failed,   Receipts, AvgBarcode, 
             Overall,     453631,          0,          0,     430922,      59.47, 
         Response times:
             Request,    Success,    Partial,     Failed,   SkipFail,     Probes,    Samples,      min,      p50,      p90,      p95,      p99,      max, 
       TotalPurchase,     430922,          0,          0,          0,     357093,     426198,      300,     6400,    63000,   118000,   207010,   393000,
     InStorePurchase,     227092,          0,          0,          0,     187758,     224167,      300,     6300,    63000,   118000,   207000,   393000,
      OnlinePurchase,     158407,          0,          0,          0,     131743,     156843,      300,     6600,    65000,   120000,   208560,   382000,
        InstPurchase,      45423,          0,          0,          0,      37592,      45188,      300,     5900,    59000,   118000,   207000,   393000,
          AssocOfCat,        448,          0,          0,          0,        357,        514,    25000,    44000,   139000,   200250,   277650,   311000,
      AssocOfProduct,       4529,          0,          0,          0,       4181,       5204,      500,     5000,    59000,   114000,   203950,   294000,
      BusinessReport,       1127,          0,          0,          0,        980,       1238,    24000,    52000,   145100,   203000,   277050,   356000,
          CustBuyBeh,       4539,          0,          0,          0,       4228,       5233,      200,     6800,    66000,   121000,   208660,   344000,
       ProductReturn,      12067,          0,          0,          0,      10254,      12403,      200,     7100,    70000,   133000,   225920,   353000,

  4249s: (55%)   IR =   7610 .[4251.145s][info][gc,start       ] GC(1170) Pause Young (Concurrent Start) (G1 Evacuation Pause)
[4251.145s][info][gc,task        ] GC(1170) Using 6 workers of 6 for evacuation
[4251.263s][info][gc,phases      ] GC(1170)   Pre Evacuate Collection Set: 0.40ms
[4251.263s][info][gc,phases      ] GC(1170)   Merge Heap Roots: 0.47ms
[4251.263s][info][gc,phases      ] GC(1170)   Evacuate Collection Set: 116.03ms
[4251.263s][info][gc,phases      ] GC(1170)   Post Evacuate Collection Set: 0.87ms
[4251.263s][info][gc,phases      ] GC(1170)   Other: 0.14ms
[4251.263s][info][gc,heap        ] GC(1170) Eden regions: 1121->0(1116)
[4251.263s][info][gc,heap        ] GC(1170) Survivor regions: 107->112(154)
[4251.263s][info][gc,heap        ] GC(1170) Old regions: 476->507
[4251.263s][info][gc,heap        ] GC(1170) Humongous regions: 80->80
[4251.263s][info][gc,metaspace   ] GC(1170) Metaspace: 28895K(29312K)->28895K(29312K) NonClass: 24027K(24256K)->24027K(24256K) Class: 4868K(5056K)->4868K(5056K)
[4251.263s][info][gc             ] GC(1170) Pause Young (Concurrent Start) (G1 Evacuation Pause) 3566M->1396M(4096M) 118.026ms
[4251.263s][info][gc             ] GC(1171) Concurrent Mark Cycle
[4251.263s][info][gc,marking     ] GC(1171) Concurrent Scan Root Regions
[4251.263s][info][gc,cpu         ] GC(1170) User=0.71s Sys=0.00s Real=0.12s
[4251.401s][info][gc,marking     ] GC(1171) Concurrent Scan Root Regions 137.147ms
[4251.401s][info][gc,marking     ] GC(1171) Concurrent Mark
[4251.401s][info][gc,marking     ] GC(1171) Concurrent Mark From Roots
[4251.401s][info][gc,task        ] GC(1171) Using 2 workers of 2 for marking
.[4252.101s][info][gc,marking     ] GC(1171) Concurrent Mark From Roots 700.197ms
[4252.102s][info][gc,marking     ] GC(1171) Concurrent Preclean
[4252.102s][info][gc,marking     ] GC(1171) Concurrent Preclean 0.117ms
[4252.103s][info][gc,start       ] GC(1171) Pause Remark
[4252.108s][info][gc             ] GC(1171) Pause Remark 2108M->2108M(4096M) 4.542ms
[4252.108s][info][gc,cpu         ] GC(1171) User=0.02s Sys=0.00s Real=0.00s
[4252.108s][info][gc,marking     ] GC(1171) Concurrent Mark 707.000ms
[4252.108s][info][gc,marking     ] GC(1171) Concurrent Rebuild Remembered Sets and Scrub Regions
[4252.463s][info][gc,marking     ] GC(1171) Concurrent Rebuild Remembered Sets and Scrub Regions 354.984ms
[4252.463s][info][gc,start       ] GC(1171) Pause Cleanup
[4252.463s][info][gc             ] GC(1171) Pause Cleanup 2512M->2512M(4096M) 0.125ms
[4252.463s][info][gc,cpu         ] GC(1171) User=0.00s Sys=0.00s Real=0.00s
[4252.463s][info][gc,marking     ] GC(1171) Concurrent Clear Claimed Marks
[4252.463s][info][gc,marking     ] GC(1171) Concurrent Clear Claimed Marks 0.024ms
[4252.463s][info][gc,marking     ] GC(1171) Concurrent Cleanup for Next Mark
[4252.471s][info][gc,marking     ] GC(1171) Concurrent Cleanup for Next Mark 7.359ms
[4252.471s][info][gc             ] GC(1171) Concurrent Mark Cycle 1207.406ms
.[4253.622s][info][gc,start       ] GC(1172) Pause Young (Prepare Mixed) (G1 Evacuation Pause)
[4253.622s][info][gc,task        ] GC(1172) Using 6 workers of 6 for evacuation
[4253.738s][info][gc,phases      ] GC(1172)   Pre Evacuate Collection Set: 0.38ms
[4253.738s][info][gc,phases      ] GC(1172)   Merge Heap Roots: 0.60ms
[4253.738s][info][gc,phases      ] GC(1172)   Evacuate Collection Set: 114.63ms
[4253.738s][info][gc,phases      ] GC(1172)   Post Evacuate Collection Set: 0.92ms
[4253.738s][info][gc,phases      ] GC(1172)   Other: 0.10ms
[4253.738s][info][gc,heap        ] GC(1172) Eden regions: 1116->0(1109)
[4253.738s][info][gc,heap        ] GC(1172) Survivor regions: 112->108(154)
[4253.738s][info][gc,heap        ] GC(1172) Old regions: 507->540
[4253.738s][info][gc,heap        ] GC(1172) Humongous regions: 80->80
[4253.738s][info][gc,metaspace   ] GC(1172) Metaspace: 28895K(29312K)->28895K(29312K) NonClass: 24027K(24256K)->24027K(24256K) Class: 4868K(5056K)->4868K(5056K)
[4253.738s][info][gc             ] GC(1172) Pause Young (Prepare Mixed) (G1 Evacuation Pause) 3628M->1454M(4096M) 116.765ms
[4253.738s][info][gc,cpu         ] GC(1172) User=0.70s Sys=0.00s Real=0.11s
..[4256.064s][info][gc,start       ] GC(1173) Pause Young (Mixed) (G1 Evacuation Pause)
[4256.064s][info][gc,task        ] GC(1173) Using 6 workers of 6 for evacuation
[4256.200s][info][gc,phases      ] GC(1173)   Pre Evacuate Collection Set: 0.32ms
[4256.201s][info][gc,phases      ] GC(1173)   Merge Heap Roots: 0.71ms
[4256.201s][info][gc,phases      ] GC(1173)   Evacuate Collection Set: 134.86ms
[4256.201s][info][gc,phases      ] GC(1173)   Post Evacuate Collection Set: 0.93ms
[4256.201s][info][gc,phases      ] GC(1173)   Other: 0.08ms
[4256.201s][info][gc,heap        ] GC(1173) Eden regions: 1109->0(1117)
[4256.201s][info][gc,heap        ] GC(1173) Survivor regions: 108->111(153)
[4256.201s][info][gc,heap        ] GC(1173) Old regions: 540->475
[4256.201s][info][gc,heap        ] GC(1173) Humongous regions: 80->80
[4256.201s][info][gc,metaspace   ] GC(1173) Metaspace: 28895K(29312K)->28895K(29312K) NonClass: 24027K(24256K)->24027K(24256K) Class: 4868K(5056K)->4868K(5056K)
[4256.201s][info][gc             ] GC(1173) Pause Young (Mixed) (G1 Evacuation Pause) 3672M->1330M(4096M) 137.047ms
[4256.201s][info][gc,cpu         ] GC(1173) User=0.81s Sys=0.01s Real=0.14s
...[4258.526s][info][gc,start       ] GC(1174) Pause Young (Concurrent Start) (G1 Evacuation Pause)
[4258.526s][info][gc,task        ] GC(1174) Using 6 workers of 6 for evacuation
[4258.640s][info][gc,phases      ] GC(1174)   Pre Evacuate Collection Set: 0.35ms
[4258.640s][info][gc,phases      ] GC(1174)   Merge Heap Roots: 0.50ms
[4258.640s][info][gc,phases      ] GC(1174)   Evacuate Collection Set: 112.77ms
[4258.640s][info][gc,phases      ] GC(1174)   Post Evacuate Collection Set: 0.89ms
[4258.640s][info][gc,phases      ] GC(1174)   Other: 0.11ms
[4258.640s][info][gc,heap        ] GC(1174) Eden regions: 1117->0(1122)
[4258.640s][info][gc,heap        ] GC(1174) Survivor regions: 111->106(154)
[4258.640s][info][gc,heap        ] GC(1174) Old regions: 475->506
[4258.640s][info][gc,heap        ] GC(1174) Humongous regions: 80->80
[4258.640s][info][gc,metaspace   ] GC(1174) Metaspace: 28895K(29312K)->28895K(29312K) NonClass: 24027K(24256K)->24027K(24256K) Class: 4868K(5056K)->4868K(5056K)
[4258.640s][info][gc             ] GC(1174) Pause Young (Concurrent Start) (G1 Evacuation Pause) 3564M->1382M(4096M) 114.780ms
[4258.640s][info][gc             ] GC(1175) Concurrent Mark Cycle
[4258.640s][info][gc,marking     ] GC(1175) Concurrent Scan Root Regions
[4258.640s][info][gc,cpu         ] GC(1174) User=0.68s Sys=0.00s Real=0.12s
[4258.775s][info][gc,marking     ] GC(1175) Concurrent Scan Root Regions 134.686ms
[4258.775s][info][gc,marking     ] GC(1175) Concurrent Mark
[4258.775s][info][gc,marking     ] GC(1175) Concurrent Mark From Roots
[4258.775s][info][gc,task        ] GC(1175) Using 2 workers of 2 for marking
.[4259.476s][info][gc,marking     ] GC(1175) Concurrent Mark From Roots 701.115ms
[4259.476s][info][gc,marking     ] GC(1175) Concurrent Preclean
[4259.476s][info][gc,marking     ] GC(1175) Concurrent Preclean 0.065ms
[4259.478s][info][gc,start       ] GC(1175) Pause Remark
[4259.484s][info][gc             ] GC(1175) Pause Remark 2134M->2134M(4096M) 6.039ms
[4259.484s][info][gc,cpu         ] GC(1175) User=0.03s Sys=0.00s Real=0.01s
[4259.484s][info][gc,marking     ] GC(1175) Concurrent Mark 709.277ms
[4259.484s][info][gc,marking     ] GC(1175) Concurrent Rebuild Remembered Sets and Scrub Regions
[4259.870s][info][gc,marking     ] GC(1175) Concurrent Rebuild Remembered Sets and Scrub Regions 386.042ms
[4259.871s][info][gc,start       ] GC(1175) Pause Cleanup
[4259.871s][info][gc             ] GC(1175) Pause Cleanup 2459M->2459M(4096M) 0.110ms
[4259.871s][info][gc,cpu         ] GC(1175) User=0.00s Sys=0.00s Real=0.00s
[4259.872s][info][gc,marking     ] GC(1175) Concurrent Clear Claimed Marks
[4259.872s][info][gc,marking     ] GC(1175) Concurrent Clear Claimed Marks 0.042ms
[4259.872s][info][gc,marking     ] GC(1175) Concurrent Cleanup for Next Mark
[4259.878s][info][gc,marking     ] GC(1175) Concurrent Cleanup for Next Mark 5.326ms
[4259.878s][info][gc             ] GC(1175) Concurrent Mark Cycle 1237.245ms
.[4261.065s][info][gc,start       ] GC(1176) Pause Young (Prepare Mixed) (G1 Evacuation Pause)
[4261.065s][info][gc,task        ] GC(1176) Using 6 workers of 6 for evacuation
[4261.187s][info][gc,phases      ] GC(1176)   Pre Evacuate Collection Set: 0.34ms
[4261.187s][info][gc,phases      ] GC(1176)   Merge Heap Roots: 0.50ms
[4261.187s][info][gc,phases      ] GC(1176)   Evacuate Collection Set: 119.91ms
[4261.187s][info][gc,phases      ] GC(1176)   Post Evacuate Collection Set: 0.98ms
[4261.187s][info][gc,phases      ] GC(1176)   Other: 0.09ms
[4261.187s][info][gc,heap        ] GC(1176) Eden regions: 1122->0(1102)
[4261.187s][info][gc,heap        ] GC(1176) Survivor regions: 106->113(154)
[4261.187s][info][gc,heap        ] GC(1176) Old regions: 506->537
[4261.187s][info][gc,heap        ] GC(1176) Humongous regions: 80->80
[4261.187s][info][gc,metaspace   ] GC(1176) Metaspace: 28895K(29312K)->28895K(29312K) NonClass: 24027K(24256K)->24027K(24256K) Class: 4868K(5056K)->4868K(5056K)
[4261.187s][info][gc             ] GC(1176) Pause Young (Prepare Mixed) (G1 Evacuation Pause) 3626M->1458M(4096M) 121.935ms
[4261.187s][info][gc,cpu         ] GC(1176) User=0.73s Sys=0.00s Real=0.12s
...[4263.476s][info][gc,start       ] GC(1177) Pause Young (Mixed) (G1 Evacuation Pause)
[4263.476s][info][gc,task        ] GC(1177) Using 6 workers of 6 for evacuation
[4263.616s][info][gc,phases      ] GC(1177)   Pre Evacuate Collection Set: 0.36ms
[4263.616s][info][gc,phases      ] GC(1177)   Merge Heap Roots: 0.78ms
[4263.616s][info][gc,phases      ] GC(1177)   Evacuate Collection Set: 137.49ms
[4263.616s][info][gc,phases      ] GC(1177)   Post Evacuate Collection Set: 0.95ms
[4263.616s][info][gc,phases      ] GC(1177)   Other: 0.09ms
[4263.616s][info][gc,heap        ] GC(1177) Eden regions: 1102->0(1118)
[4263.616s][info][gc,heap        ] GC(1177) Survivor regions: 113->110(152)
[4263.616s][info][gc,heap        ] GC(1177) Old regions: 537->474
[4263.616s][info][gc,heap        ] GC(1177) Humongous regions: 80->80
[4263.616s][info][gc,metaspace   ] GC(1177) Metaspace: 28895K(29312K)->28895K(29312K) NonClass: 24027K(24256K)->24027K(24256K) Class: 4868K(5056K)->4868K(5056K)
[4263.616s][info][gc             ] GC(1177) Pause Young (Mixed) (G1 Evacuation Pause) 3662M->1326M(4096M) 139.790ms
[4263.616s][info][gc,cpu         ] GC(1177) User=0.83s Sys=0.00s Real=0.14s
.|.[4265.873s][info][gc,start       ] GC(1178) Pause Young (Concurrent Start) (G1 Evacuation Pause)
[4265.873s][info][gc,task        ] GC(1178) Using 6 workers of 6 for evacuation
[4265.996s][info][gc,phases      ] GC(1178)   Pre Evacuate Collection Set: 0.34ms
[4265.996s][info][gc,phases      ] GC(1178)   Merge Heap Roots: 0.55ms
[4265.996s][info][gc,phases      ] GC(1178)   Evacuate Collection Set: 121.01ms
[4265.996s][info][gc,phases      ] GC(1178)   Post Evacuate Collection Set: 0.86ms
[4265.996s][info][gc,phases      ] GC(1178)   Other: 0.11ms
[4265.996s][info][gc,heap        ] GC(1178) Eden regions: 1118->0(1115)
[4265.996s][info][gc,heap        ] GC(1178) Survivor regions: 110->113(154)
[4265.996s][info][gc,heap        ] GC(1178) Old regions: 474->507
[4265.996s][info][gc,heap        ] GC(1178) Humongous regions: 80->80
[4265.996s][info][gc,metaspace   ] GC(1178) Metaspace: 28895K(29312K)->28895K(29312K) NonClass: 24027K(24256K)->24027K(24256K) Class: 4868K(5056K)->4868K(5056K)
[4265.996s][info][gc             ] GC(1178) Pause Young (Concurrent Start) (G1 Evacuation Pause) 3562M->1397M(4096M) 123.007ms
[4265.996s][info][gc             ] GC(1179) Concurrent Mark Cycle
[4265.997s][info][gc,marking     ] GC(1179) Concurrent Scan Root Regions
[4265.997s][info][gc,cpu         ] GC(1178) User=0.73s Sys=0.00s Real=0.12s
[4266.193s][info][gc,marking     ] GC(1179) Concurrent Scan Root Regions 196.646ms
[4266.193s][info][gc,marking     ] GC(1179) Concurrent Mark
[4266.193s][info][gc,marking     ] GC(1179) Concurrent Mark From Roots
[4266.193s][info][gc,task        ] GC(1179) Using 2 workers of 2 for marking
.[4266.931s][info][gc,marking     ] GC(1179) Concurrent Mark From Roots 737.850ms
[4266.931s][info][gc,marking     ] GC(1179) Concurrent Preclean
[4266.931s][info][gc,marking     ] GC(1179) Concurrent Preclean 0.086ms
[4266.933s][info][gc,start       ] GC(1179) Pause Remark
[4266.938s][info][gc             ] GC(1179) Pause Remark 2297M->2297M(4096M) 4.483ms
[4266.938s][info][gc,cpu         ] GC(1179) User=0.02s Sys=0.00s Real=0.00s
[4266.938s][info][gc,marking     ] GC(1179) Concurrent Mark 745.000ms
[4266.938s][info][gc,marking     ] GC(1179) Concurrent Rebuild Remembered Sets and Scrub Regions
[4267.217s][info][gc,marking     ] GC(1179) Concurrent Rebuild Remembered Sets and Scrub Regions 278.296ms
[4267.217s][info][gc,start       ] GC(1179) Pause Cleanup
[4267.217s][info][gc             ] GC(1179) Pause Cleanup 2555M->2555M(4096M) 0.119ms
[4267.217s][info][gc,cpu         ] GC(1179) User=0.00s Sys=0.00s Real=0.00s
[4267.217s][info][gc,marking     ] GC(1179) Concurrent Clear Claimed Marks
[4267.217s][info][gc,marking     ] GC(1179) Concurrent Clear Claimed Marks 0.024ms
[4267.217s][info][gc,marking     ] GC(1179) Concurrent Cleanup for Next Mark
[4267.222s][info][gc,marking     ] GC(1179) Concurrent Cleanup for Next Mark 5.282ms
[4267.222s][info][gc             ] GC(1179) Concurrent Mark Cycle 1225.856ms
..[4268.326s][info][gc,start       ] GC(1180) Pause Young (Prepare Mixed) (G1 Evacuation Pause)
[4268.326s][info][gc,task        ] GC(1180) Using 6 workers of 6 for evacuation
[4268.447s][info][gc,phases      ] GC(1180)   Pre Evacuate Collection Set: 0.34ms
[4268.447s][info][gc,phases      ] GC(1180)   Merge Heap Roots: 0.55ms
[4268.447s][info][gc,phases      ] GC(1180)   Evacuate Collection Set: 119.85ms
[4268.447s][info][gc,phases      ] GC(1180)   Post Evacuate Collection Set: 0.96ms
[4268.447s][info][gc,phases      ] GC(1180)   Other: 0.09ms
[4268.447s][info][gc,heap        ] GC(1180) Eden regions: 1115->0(1098)
[4268.447s][info][gc,heap        ] GC(1180) Survivor regions: 113->114(154)
[4268.447s][info][gc,heap        ] GC(1180) Old regions: 507->539
[4268.447s][info][gc,heap        ] GC(1180) Humongous regions: 80->80
[4268.447s][info][gc,metaspace   ] GC(1180) Metaspace: 28895K(29312K)->28895K(29312K) NonClass: 24027K(24256K)->24027K(24256K) Class: 4868K(5056K)->4868K(5056K)
[4268.448s][info][gc             ] GC(1180) Pause Young (Prepare Mixed) (G1 Evacuation Pause) 3627M->1464M(4096M) 121.934ms
[4268.448s][info][gc,cpu         ] GC(1180) User=0.72s Sys=0.00s Real=0.12s
..[4270.710s][info][gc,start       ] GC(1181) Pause Young (Mixed) (G1 Evacuation Pause)
[4270.710s][info][gc,task        ] GC(1181) Using 6 workers of 6 for evacuation
[4270.848s][info][gc,phases      ] GC(1181)   Pre Evacuate Collection Set: 0.36ms
[4270.848s][info][gc,phases      ] GC(1181)   Merge Heap Roots: 0.79ms
[4270.848s][info][gc,phases      ] GC(1181)   Evacuate Collection Set: 136.39ms
[4270.848s][info][gc,phases      ] GC(1181)   Post Evacuate Collection Set: 0.93ms
[4270.848s][info][gc,phases      ] GC(1181)   Other: 0.09ms
[4270.848s][info][gc,heap        ] GC(1181) Eden regions: 1098->0(1115)
[4270.848s][info][gc,heap        ] GC(1181) Survivor regions: 114->113(152)
[4270.848s][info][gc,heap        ] GC(1181) Old regions: 539->475
[4270.848s][info][gc,heap        ] GC(1181) Humongous regions: 80->80
[4270.848s][info][gc,metaspace   ] GC(1181) Metaspace: 28895K(29312K)->28895K(29312K) NonClass: 24027K(24256K)->24027K(24256K) Class: 4868K(5056K)->4868K(5056K)
[4270.848s][info][gc             ] GC(1181) Pause Young (Mixed) (G1 Evacuation Pause) 3660M->1333M(4096M) 138.689ms
[4270.848s][info][gc,cpu         ] GC(1181) User=0.83s Sys=0.00s Real=0.13s
..[4273.194s][info][gc,start       ] GC(1182) Pause Young (Concurrent Start) (G1 Evacuation Pause)
[4273.194s][info][gc,task        ] GC(1182) Using 6 workers of 6 for evacuation
[4273.313s][info][gc,phases      ] GC(1182)   Pre Evacuate Collection Set: 0.41ms
[4273.313s][info][gc,phases      ] GC(1182)   Merge Heap Roots: 0.56ms
[4273.313s][info][gc,phases      ] GC(1182)   Evacuate Collection Set: 117.06ms
[4273.313s][info][gc,phases      ] GC(1182)   Post Evacuate Collection Set: 0.85ms
[4273.313s][info][gc,phases      ] GC(1182)   Other: 0.12ms
[4273.313s][info][gc,heap        ] GC(1182) Eden regions: 1115->0(1118)
[4273.313s][info][gc,heap        ] GC(1182) Survivor regions: 113->110(154)
[4273.313s][info][gc,heap        ] GC(1182) Old regions: 475->508
[4273.313s][info][gc,heap        ] GC(1182) Humongous regions: 80->80
[4273.313s][info][gc,metaspace   ] GC(1182) Metaspace: 28895K(29312K)->28895K(29312K) NonClass: 24027K(24256K)->24027K(24256K) Class: 4868K(5056K)->4868K(5056K)
[4273.314s][info][gc             ] GC(1182) Pause Young (Concurrent Start) (G1 Evacuation Pause) 3563M->1394M(4096M) 119.151ms
[4273.314s][info][gc             ] GC(1183) Concurrent Mark Cycle
[4273.314s][info][gc,marking     ] GC(1183) Concurrent Scan Root Regions
[4273.314s][info][gc,cpu         ] GC(1182) User=0.71s Sys=0.00s Real=0.12s
.[4273.505s][info][gc,marking     ] GC(1183) Concurrent Scan Root Regions 191.812ms
[4273.505s][info][gc,marking     ] GC(1183) Concurrent Mark
[4273.505s][info][gc,marking     ] GC(1183) Concurrent Mark From Roots
[4273.505s][info][gc,task        ] GC(1183) Using 2 workers of 2 for marking
[4274.452s][info][gc,marking     ] GC(1183) Concurrent Mark From Roots 946.156ms
[4274.452s][info][gc,marking     ] GC(1183) Concurrent Preclean
[4274.452s][info][gc,marking     ] GC(1183) Concurrent Preclean 0.095ms
[4274.453s][info][gc,start       ] GC(1183) Pause Remark
[4274.459s][info][gc             ] GC(1183) Pause Remark 2472M->2472M(4096M) 6.347ms
[4274.459s][info][gc,cpu         ] GC(1183) User=0.04s Sys=0.00s Real=0.01s
[4274.460s][info][gc,marking     ] GC(1183) Concurrent Mark 954.822ms
[4274.460s][info][gc,marking     ] GC(1183) Concurrent Rebuild Remembered Sets and Scrub Regions
.[4274.887s][info][gc,marking     ] GC(1183) Concurrent Rebuild Remembered Sets and Scrub Regions 426.681ms
[4274.888s][info][gc,start       ] GC(1183) Pause Cleanup
[4274.888s][info][gc             ] GC(1183) Pause Cleanup 2909M->2909M(4096M) 0.122ms
[4274.888s][info][gc,cpu         ] GC(1183) User=0.00s Sys=0.00s Real=0.00s
[4274.888s][info][gc,marking     ] GC(1183) Concurrent Clear Claimed Marks
[4274.888s][info][gc,marking     ] GC(1183) Concurrent Clear Claimed Marks 0.033ms
[4274.888s][info][gc,marking     ] GC(1183) Concurrent Cleanup for Next Mark
[4274.903s][info][gc,marking     ] GC(1183) Concurrent Cleanup for Next Mark 14.345ms
[4274.903s][info][gc             ] GC(1183) Concurrent Mark Cycle 1589.037ms
[4275.571s][info][gc,start       ] GC(1184) Pause Young (Prepare Mixed) (G1 Evacuation Pause)
[4275.571s][info][gc,task        ] GC(1184) Using 6 workers of 6 for evacuation
[4275.688s][info][gc,phases      ] GC(1184)   Pre Evacuate Collection Set: 0.31ms
[4275.688s][info][gc,phases      ] GC(1184)   Merge Heap Roots: 0.59ms
[4275.688s][info][gc,phases      ] GC(1184)   Evacuate Collection Set: 115.27ms
[4275.688s][info][gc,phases      ] GC(1184)   Post Evacuate Collection Set: 0.91ms
[4275.688s][info][gc,phases      ] GC(1184)   Other: 0.09ms
[4275.688s][info][gc,heap        ] GC(1184) Eden regions: 1118->0(1106)
[4275.688s][info][gc,heap        ] GC(1184) Survivor regions: 110->110(154)
[4275.688s][info][gc,heap        ] GC(1184) Old regions: 508->539
[4275.688s][info][gc,heap        ] GC(1184) Humongous regions: 80->80
[4275.688s][info][gc,metaspace   ] GC(1184) Metaspace: 28895K(29312K)->28895K(29312K) NonClass: 24027K(24256K)->24027K(24256K) Class: 4868K(5056K)->4868K(5056K)
[4275.688s][info][gc             ] GC(1184) Pause Young (Prepare Mixed) (G1 Evacuation Pause) 3630M->1455M(4096M) 117.310ms
[4275.688s][info][gc,cpu         ] GC(1184) User=0.69s Sys=0.00s Real=0.11s
...[4278.095s][info][gc,start       ] GC(1185) Pause Young (Mixed) (G1 Evacuation Pause)
[4278.095s][info][gc,task        ] GC(1185) Using 6 workers of 6 for evacuation
[4278.233s][info][gc,phases      ] GC(1185)   Pre Evacuate Collection Set: 0.38ms
[4278.233s][info][gc,phases      ] GC(1185)   Merge Heap Roots: 0.68ms
[4278.233s][info][gc,phases      ] GC(1185)   Evacuate Collection Set: 135.78ms
[4278.233s][info][gc,phases      ] GC(1185)   Post Evacuate Collection Set: 0.94ms
[4278.233s][info][gc,phases      ] GC(1185)   Other: 0.09ms
[4278.233s][info][gc,heap        ] GC(1185) Eden regions: 1106->0(1115)
[4278.233s][info][gc,heap        ] GC(1185) Survivor regions: 110->113(152)
[4278.233s][info][gc,heap        ] GC(1185) Old regions: 539->475
[4278.233s][info][gc,heap        ] GC(1185) Humongous regions: 80->80
[4278.233s][info][gc,metaspace   ] GC(1185) Metaspace: 28895K(29312K)->28895K(29312K) NonClass: 24027K(24256K)->24027K(24256K) Class: 4868K(5056K)->4868K(5056K)
[4278.233s][info][gc             ] GC(1185) Pause Young (Mixed) (G1 Evacuation Pause) 3667M->1335M(4096M) 138.020ms
[4278.233s][info][gc,cpu         ] GC(1185) User=0.82s Sys=0.00s Real=0.14s
..[4280.625s][info][gc,start       ] GC(1186) Pause Young (Concurrent Start) (G1 Evacuation Pause)
[4280.625s][info][gc,task        ] GC(1186) Using 6 workers of 6 for evacuation
[4280.744s][info][gc,phases      ] GC(1186)   Pre Evacuate Collection Set: 0.35ms
[4280.744s][info][gc,phases      ] GC(1186)   Merge Heap Roots: 0.55ms
[4280.744s][info][gc,phases      ] GC(1186)   Evacuate Collection Set: 117.18ms
[4280.744s][info][gc,phases      ] GC(1186)   Post Evacuate Collection Set: 0.88ms
[4280.744s][info][gc,phases      ] GC(1186)   Other: 0.11ms
[4280.744s][info][gc,heap        ] GC(1186) Eden regions: 1115->0(1117)
[4280.744s][info][gc,heap        ] GC(1186) Survivor regions: 113->111(154)
[4280.744s][info][gc,heap        ] GC(1186) Old regions: 475->506
[4280.744s][info][gc,heap        ] GC(1186) Humongous regions: 80->80
[4280.744s][info][gc,metaspace   ] GC(1186) Metaspace: 28895K(29312K)->28895K(29312K) NonClass: 24027K(24256K)->24027K(24256K) Class: 4868K(5056K)->4868K(5056K)
[4280.744s][info][gc             ] GC(1186) Pause Young (Concurrent Start) (G1 Evacuation Pause) 3565M->1392M(4096M) 119.193ms
[4280.744s][info][gc             ] GC(1187) Concurrent Mark Cycle
[4280.744s][info][gc,marking     ] GC(1187) Concurrent Scan Root Regions
[4280.744s][info][gc,cpu         ] GC(1186) User=0.71s Sys=0.00s Real=0.12s
.[4280.860s][info][gc,marking     ] GC(1187) Concurrent Scan Root Regions 115.931ms
[4280.860s][info][gc,marking     ] GC(1187) Concurrent Mark
[4280.860s][info][gc,marking     ] GC(1187) Concurrent Mark From Roots
[4280.860s][info][gc,task        ] GC(1187) Using 2 workers of 2 for marking
[4281.582s][info][gc,marking     ] GC(1187) Concurrent Mark From Roots 721.433ms
[4281.582s][info][gc,marking     ] GC(1187) Concurrent Preclean
[4281.582s][info][gc,marking     ] GC(1187) Concurrent Preclean 0.087ms
[4281.583s][info][gc,start       ] GC(1187) Pause Remark
[4281.588s][info][gc             ] GC(1187) Pause Remark 2164M->2164M(4096M) 4.682ms
[4281.588s][info][gc,cpu         ] GC(1187) User=0.02s Sys=0.00s Real=0.00s
[4281.588s][info][gc,marking     ] GC(1187) Concurrent Mark 727.895ms
[4281.588s][info][gc,marking     ] GC(1187) Concurrent Rebuild Remembered Sets and Scrub Regions
.[4281.930s][info][gc,marking     ] GC(1187) Concurrent Rebuild Remembered Sets and Scrub Regions 341.898ms
[4281.931s][info][gc,start       ] GC(1187) Pause Cleanup
[4281.931s][info][gc             ] GC(1187) Pause Cleanup 2454M->2454M(4096M) 0.126ms
[4281.931s][info][gc,cpu         ] GC(1187) User=0.00s Sys=0.00s Real=0.00s
[4281.931s][info][gc,marking     ] GC(1187) Concurrent Clear Claimed Marks
[4281.931s][info][gc,marking     ] GC(1187) Concurrent Clear Claimed Marks 0.034ms
[4281.931s][info][gc,marking     ] GC(1187) Concurrent Cleanup for Next Mark
[4281.940s][info][gc,marking     ] GC(1187) Concurrent Cleanup for Next Mark 8.537ms
[4281.940s][info][gc             ] GC(1187) Concurrent Mark Cycle 1195.300ms
.[4283.064s][info][gc,start       ] GC(1188) Pause Young (Prepare Mixed) (G1 Evacuation Pause)
[4283.064s][info][gc,task        ] GC(1188) Using 6 workers of 6 for evacuation
[4283.184s][info][gc,phases      ] GC(1188)   Pre Evacuate Collection Set: 0.32ms
[4283.184s][info][gc,phases      ] GC(1188)   Merge Heap Roots: 0.55ms
[4283.184s][info][gc,phases      ] GC(1188)   Evacuate Collection Set: 118.68ms
[4283.184s][info][gc,phases      ] GC(1188)   Post Evacuate Collection Set: 0.91ms
[4283.184s][info][gc,phases      ] GC(1188)   Other: 0.09ms
[4283.185s][info][gc,heap        ] GC(1188) Eden regions: 1117->0(1105)
[4283.185s][info][gc,heap        ] GC(1188) Survivor regions: 111->111(154)
[4283.185s][info][gc,heap        ] GC(1188) Old regions: 506->538
[4283.185s][info][gc,heap        ] GC(1188) Humongous regions: 80->80
[4283.185s][info][gc,metaspace   ] GC(1188) Metaspace: 28895K(29312K)->28895K(29312K) NonClass: 24027K(24256K)->24027K(24256K) Class: 4868K(5056K)->4868K(5056K)
[4283.185s][info][gc             ] GC(1188) Pause Young (Prepare Mixed) (G1 Evacuation Pause) 3626M->1457M(4096M) 120.696ms
[4283.185s][info][gc,cpu         ] GC(1188) User=0.72s Sys=0.00s Real=0.12s
..[4285.440s][info][gc,start       ] GC(1189) Pause Young (Mixed) (G1 Evacuation Pause)
[4285.440s][info][gc,task        ] GC(1189) Using 6 workers of 6 for evacuation
[4285.578s][info][gc,phases      ] GC(1189)   Pre Evacuate Collection Set: 0.38ms
[4285.578s][info][gc,phases      ] GC(1189)   Merge Heap Roots: 0.78ms
[4285.578s][info][gc,phases      ] GC(1189)   Evacuate Collection Set: 134.84ms
[4285.578s][info][gc,phases      ] GC(1189)   Post Evacuate Collection Set: 1.00ms
[4285.578s][info][gc,phases      ] GC(1189)   Other: 0.10ms
[4285.578s][info][gc,heap        ] GC(1189) Eden regions: 1105->0(1114)
[4285.578s][info][gc,heap        ] GC(1189) Survivor regions: 111->114(152)
[4285.578s][info][gc,heap        ] GC(1189) Old regions: 538->474
[4285.578s][info][gc,heap        ] GC(1189) Humongous regions: 80->80
[4285.578s][info][gc,metaspace   ] GC(1189) Metaspace: 28895K(29312K)->28895K(29312K) NonClass: 24027K(24256K)->24027K(24256K) Class: 4868K(5056K)->4868K(5056K)
[4285.578s][info][gc             ] GC(1189) Pause Young (Mixed) (G1 Evacuation Pause) 3667M->1335M(4096M) 137.240ms
[4285.578s][info][gc,cpu         ] GC(1189) User=0.81s Sys=0.00s Real=0.13s
...[4287.937s][info][gc,start       ] GC(1190) Pause Young (Concurrent Start) (G1 Evacuation Pause)
[4287.937s][info][gc,task        ] GC(1190) Using 6 workers of 6 for evacuation
[4288.056s][info][gc,phases      ] GC(1190)   Pre Evacuate Collection Set: 0.40ms
[4288.056s][info][gc,phases      ] GC(1190)   Merge Heap Roots: 0.50ms
[4288.056s][info][gc,phases      ] GC(1190)   Evacuate Collection Set: 116.76ms
[4288.056s][info][gc,phases      ] GC(1190)   Post Evacuate Collection Set: 0.87ms
[4288.056s][info][gc,phases      ] GC(1190)   Other: 0.12ms
[4288.056s][info][gc,heap        ] GC(1190) Eden regions: 1114->0(1118)
[4288.056s][info][gc,heap        ] GC(1190) Survivor regions: 114->110(154)
[4288.056s][info][gc,heap        ] GC(1190) Old regions: 474->505
[4288.056s][info][gc,heap        ] GC(1190) Humongous regions: 80->80
[4288.056s][info][gc,metaspace   ] GC(1190) Metaspace: 28895K(29312K)->28895K(29312K) NonClass: 24027K(24256K)->24027K(24256K) Class: 4868K(5056K)->4868K(5056K)
[4288.056s][info][gc             ] GC(1190) Pause Young (Concurrent Start) (G1 Evacuation Pause) 3563M->1389M(4096M) 118.786ms
[4288.056s][info][gc             ] GC(1191) Concurrent Mark Cycle
[4288.056s][info][gc,marking     ] GC(1191) Concurrent Scan Root Regions
[4288.056s][info][gc,cpu         ] GC(1190) User=0.71s Sys=0.00s Real=0.12s
[4288.239s][info][gc,marking     ] GC(1191) Concurrent Scan Root Regions 182.780ms
[4288.239s][info][gc,marking     ] GC(1191) Concurrent Mark
[4288.239s][info][gc,marking     ] GC(1191) Concurrent Mark From Roots
[4288.239s][info][gc,task        ] GC(1191) Using 2 workers of 2 for marking
.[4289.204s][info][gc,marking     ] GC(1191) Concurrent Mark From Roots 965.412ms
[4289.204s][info][gc,marking     ] GC(1191) Concurrent Preclean
[4289.205s][info][gc,marking     ] GC(1191) Concurrent Preclean 0.097ms
[4289.205s][info][gc,start       ] GC(1191) Pause Remark
[4289.213s][info][gc             ] GC(1191) Pause Remark 2509M->2509M(4096M) 7.812ms
[4289.213s][info][gc,cpu         ] GC(1191) User=0.05s Sys=0.00s Real=0.01s
[4289.213s][info][gc,marking     ] GC(1191) Concurrent Mark 974.189ms
[4289.213s][info][gc,marking     ] GC(1191) Concurrent Rebuild Remembered Sets and Scrub Regions
[4289.577s][info][gc,marking     ] GC(1191) Concurrent Rebuild Remembered Sets and Scrub Regions 363.662ms
[4289.577s][info][gc,start       ] GC(1191) Pause Cleanup
[4289.577s][info][gc             ] GC(1191) Pause Cleanup 2898M->2898M(4096M) 0.119ms
[4289.577s][info][gc,cpu         ] GC(1191) User=0.00s Sys=0.00s Real=0.00s
[4289.577s][info][gc,marking     ] GC(1191) Concurrent Clear Claimed Marks
[4289.577s][info][gc,marking     ] GC(1191) Concurrent Clear Claimed Marks 0.034ms
[4289.577s][info][gc,marking     ] GC(1191) Concurrent Cleanup for Next Mark
[4289.584s][info][gc,marking     ] GC(1191) Concurrent Cleanup for Next Mark 6.273ms
[4289.584s][info][gc             ] GC(1191) Concurrent Mark Cycle 1527.537ms
.[4290.396s][info][gc,start       ] GC(1192) Pause Young (Prepare Mixed) (G1 Evacuation Pause)
[4290.396s][info][gc,task        ] GC(1192) Using 6 workers of 6 for evacuation
[4290.516s][info][gc,phases      ] GC(1192)   Pre Evacuate Collection Set: 0.34ms
[4290.516s][info][gc,phases      ] GC(1192)   Merge Heap Roots: 0.54ms
[4290.516s][info][gc,phases      ] GC(1192)   Evacuate Collection Set: 118.01ms
[4290.516s][info][gc,phases      ] GC(1192)   Post Evacuate Collection Set: 0.91ms
[4290.516s][info][gc,phases      ] GC(1192)   Other: 0.08ms
[4290.516s][info][gc,heap        ] GC(1192) Eden regions: 1118->0(1107)
[4290.516s][info][gc,heap        ] GC(1192) Survivor regions: 110->111(154)
[4290.516s][info][gc,heap        ] GC(1192) Old regions: 505->536
[4290.516s][info][gc,heap        ] GC(1192) Humongous regions: 80->80
[4290.516s][info][gc,metaspace   ] GC(1192) Metaspace: 28895K(29312K)->28895K(29312K) NonClass: 24027K(24256K)->24027K(24256K) Class: 4868K(5056K)->4868K(5056K)
[4290.516s][info][gc             ] GC(1192) Pause Young (Prepare Mixed) (G1 Evacuation Pause) 3625M->1453M(4096M) 120.017ms
[4290.516s][info][gc,cpu         ] GC(1192) User=0.71s Sys=0.00s Real=0.12s
..[4292.844s][info][gc,start       ] GC(1193) Pause Young (Mixed) (G1 Evacuation Pause)
[4292.844s][info][gc,task        ] GC(1193) Using 6 workers of 6 for evacuation
[4292.980s][info][gc,phases      ] GC(1193)   Pre Evacuate Collection Set: 0.42ms
[4292.980s][info][gc,phases      ] GC(1193)   Merge Heap Roots: 0.88ms
[4292.980s][info][gc,phases      ] GC(1193)   Evacuate Collection Set: 132.31ms
[4292.980s][info][gc,phases      ] GC(1193)   Post Evacuate Collection Set: 0.95ms
[4292.980s][info][gc,phases      ] GC(1193)   Other: 0.87ms
[4292.980s][info][gc,heap        ] GC(1193) Eden regions: 1107->0(1117)
[4292.980s][info][gc,heap        ] GC(1193) Survivor regions: 111->111(153)
[4292.980s][info][gc,heap        ] GC(1193) Old regions: 536->475
[4292.980s][info][gc,heap        ] GC(1193) Humongous regions: 80->80
[4292.980s][info][gc,metaspace   ] GC(1193) Metaspace: 28895K(29312K)->28895K(29312K) NonClass: 24027K(24256K)->24027K(24256K) Class: 4868K(5056K)->4868K(5056K)
[4292.980s][info][gc             ] GC(1193) Pause Young (Mixed) (G1 Evacuation Pause) 3667M->1329M(4096M) 135.583ms
[4292.980s][info][gc,cpu         ] GC(1193) User=0.80s Sys=0.00s Real=0.14s
...[4295.281s][info][gc,start       ] GC(1194) Pause Young (Concurrent Start) (G1 Evacuation Pause)
[4295.281s][info][gc,task        ] GC(1194) Using 6 workers of 6 for evacuation
[4295.402s][info][gc,phases      ] GC(1194)   Pre Evacuate Collection Set: 0.34ms
[4295.402s][info][gc,phases      ] GC(1194)   Merge Heap Roots: 0.44ms
[4295.402s][info][gc,phases      ] GC(1194)   Evacuate Collection Set: 119.56ms
[4295.402s][info][gc,phases      ] GC(1194)   Post Evacuate Collection Set: 0.84ms
[4295.402s][info][gc,phases      ] GC(1194)   Other: 0.11ms
[4295.402s][info][gc,heap        ] GC(1194) Eden regions: 1117->0(1115)
[4295.402s][info][gc,heap        ] GC(1194) Survivor regions: 111->113(154)
[4295.402s][info][gc,heap        ] GC(1194) Old regions: 475->507
[4295.402s][info][gc,heap        ] GC(1194) Humongous regions: 80->80
[4295.402s][info][gc,metaspace   ] GC(1194) Metaspace: 28895K(29312K)->28895K(29312K) NonClass: 24027K(24256K)->24027K(24256K) Class: 4868K(5056K)->4868K(5056K)
[4295.402s][info][gc             ] GC(1194) Pause Young (Concurrent Start) (G1 Evacuation Pause) 3563M->1398M(4096M) 121.422ms
[4295.402s][info][gc             ] GC(1195) Concurrent Mark Cycle
[4295.402s][info][gc,marking     ] GC(1195) Concurrent Scan Root Regions
[4295.403s][info][gc,cpu         ] GC(1194) User=0.72s Sys=0.00s Real=0.12s
[4295.546s][info][gc,marking     ] GC(1195) Concurrent Scan Root Regions 143.573ms
[4295.546s][info][gc,marking     ] GC(1195) Concurrent Mark
[4295.546s][info][gc,marking     ] GC(1195) Concurrent Mark From Roots
[4295.546s][info][gc,task        ] GC(1195) Using 2 workers of 2 for marking
.[4296.304s][info][gc,marking     ] GC(1195) Concurrent Mark From Roots 757.632ms
[4296.304s][info][gc,marking     ] GC(1195) Concurrent Preclean
[4296.304s][info][gc,marking     ] GC(1195) Concurrent Preclean 0.102ms
[4296.307s][info][gc,start       ] GC(1195) Pause Remark
[4296.313s][info][gc             ] GC(1195) Pause Remark 2218M->2218M(4096M) 6.498ms
[4296.313s][info][gc,cpu         ] GC(1195) User=0.04s Sys=0.00s Real=0.01s
[4296.313s][info][gc,marking     ] GC(1195) Concurrent Mark 767.162ms
[4296.313s][info][gc,marking     ] GC(1195) Concurrent Rebuild Remembered Sets and Scrub Regions
[4296.582s][info][gc,marking     ] GC(1195) Concurrent Rebuild Remembered Sets and Scrub Regions 269.022ms
[4296.584s][info][gc,start       ] GC(1195) Pause Cleanup
[4296.584s][info][gc             ] GC(1195) Pause Cleanup 2460M->2460M(4096M) 0.125ms
[4296.584s][info][gc,cpu         ] GC(1195) User=0.00s Sys=0.00s Real=0.00s
[4296.584s][info][gc,marking     ] GC(1195) Concurrent Clear Claimed Marks
[4296.584s][info][gc,marking     ] GC(1195) Concurrent Clear Claimed Marks 0.032ms
[4296.584s][info][gc,marking     ] GC(1195) Concurrent Cleanup for Next Mark
[4296.590s][info][gc,marking     ] GC(1195) Concurrent Cleanup for Next Mark 5.939ms
[4296.590s][info][gc             ] GC(1195) Concurrent Mark Cycle 1187.908ms
.[4297.744s][info][gc,start       ] GC(1196) Pause Young (Prepare Mixed) (G1 Evacuation Pause)
[4297.744s][info][gc,task        ] GC(1196) Using 6 workers of 6 for evacuation
[4297.863s][info][gc,phases      ] GC(1196)   Pre Evacuate Collection Set: 0.32ms
[4297.863s][info][gc,phases      ] GC(1196)   Merge Heap Roots: 0.54ms
[4297.863s][info][gc,phases      ] GC(1196)   Evacuate Collection Set: 117.23ms
[4297.863s][info][gc,phases      ] GC(1196)   Post Evacuate Collection Set: 0.80ms
[4297.863s][info][gc,phases      ] GC(1196)   Other: 0.08ms
[4297.863s][info][gc,heap        ] GC(1196) Eden regions: 1115->0(1110)
[4297.863s][info][gc,heap        ] GC(1196) Survivor regions: 113->108(154)
[4297.863s][info][gc,heap        ] GC(1196) Old regions: 507->539
[4297.863s][info][gc,heap        ] GC(1196) Humongous regions: 80->80
[4297.863s][info][gc,metaspace   ] GC(1196) Metaspace: 28895K(29312K)->28895K(29312K) NonClass: 24027K(24256K)->24027K(24256K) Class: 4868K(5056K)->4868K(5056K)
[4297.864s][info][gc             ] GC(1196) Pause Young (Prepare Mixed) (G1 Evacuation Pause) 3628M->1452M(4096M) 119.126ms
[4297.864s][info][gc,cpu         ] GC(1196) User=0.71s Sys=0.00s Real=0.12s
...[4300.280s][info][gc,start       ] GC(1197) Pause Young (Mixed) (G1 Evacuation Pause)
[4300.280s][info][gc,task        ] GC(1197) Using 6 workers of 6 for evacuation
[4300.413s][info][gc,phases      ] GC(1197)   Pre Evacuate Collection Set: 0.35ms
[4300.413s][info][gc,phases      ] GC(1197)   Merge Heap Roots: 0.72ms
[4300.413s][info][gc,phases      ] GC(1197)   Evacuate Collection Set: 131.06ms
[4300.413s][info][gc,phases      ] GC(1197)   Post Evacuate Collection Set: 0.94ms
[4300.413s][info][gc,phases      ] GC(1197)   Other: 0.09ms
[4300.413s][info][gc,heap        ] GC(1197) Eden regions: 1110->0(1117)
[4300.413s][info][gc,heap        ] GC(1197) Survivor regions: 108->111(153)
[4300.413s][info][gc,heap        ] GC(1197) Old regions: 539->474
[4300.413s][info][gc,heap        ] GC(1197) Humongous regions: 80->80
[4300.413s][info][gc,metaspace   ] GC(1197) Metaspace: 28895K(29312K)->28895K(29312K) NonClass: 24027K(24256K)->24027K(24256K) Class: 4868K(5056K)->4868K(5056K)
[4300.413s][info][gc             ] GC(1197) Pause Young (Mixed) (G1 Evacuation Pause) 3672M->1329M(4096M) 133.317ms
[4300.413s][info][gc,cpu         ] GC(1197) User=0.79s Sys=0.00s Real=0.13s
..[4302.702s][info][gc,start       ] GC(1198) Pause Young (Concurrent Start) (G1 Evacuation Pause)
[4302.702s][info][gc,task        ] GC(1198) Using 6 workers of 6 for evacuation
[4302.819s][info][gc,phases      ] GC(1198)   Pre Evacuate Collection Set: 0.40ms
[4302.819s][info][gc,phases      ] GC(1198)   Merge Heap Roots: 0.49ms
[4302.819s][info][gc,phases      ] GC(1198)   Evacuate Collection Set: 115.54ms
[4302.819s][info][gc,phases      ] GC(1198)   Post Evacuate Collection Set: 0.88ms
[4302.819s][info][gc,phases      ] GC(1198)   Other: 0.11ms
[4302.819s][info][gc,heap        ] GC(1198) Eden regions: 1117->0(1118)
[4302.819s][info][gc,heap        ] GC(1198) Survivor regions: 111->110(154)
[4302.819s][info][gc,heap        ] GC(1198) Old regions: 474->506
[4302.819s][info][gc,heap        ] GC(1198) Humongous regions: 80->80
[4302.819s][info][gc,metaspace   ] GC(1198) Metaspace: 28895K(29312K)->28895K(29312K) NonClass: 24027K(24256K)->24027K(24256K) Class: 4868K(5056K)->4868K(5056K)
[4302.819s][info][gc             ] GC(1198) Pause Young (Concurrent Start) (G1 Evacuation Pause) 3563M->1389M(4096M) 117.544ms
[4302.819s][info][gc             ] GC(1199) Concurrent Mark Cycle
[4302.819s][info][gc,marking     ] GC(1199) Concurrent Scan Root Regions
[4302.819s][info][gc,cpu         ] GC(1198) User=0.70s Sys=0.00s Real=0.12s
[4302.978s][info][gc,marking     ] GC(1199) Concurrent Scan Root Regions 159.196ms
[4302.978s][info][gc,marking     ] GC(1199) Concurrent Mark
[4302.979s][info][gc,marking     ] GC(1199) Concurrent Mark From Roots
[4302.979s][info][gc,task        ] GC(1199) Using 2 workers of 2 for marking
.[4303.764s][info][gc,marking     ] GC(1199) Concurrent Mark From Roots 785.329ms
[4303.764s][info][gc,marking     ] GC(1199) Concurrent Preclean
[4303.765s][info][gc,marking     ] GC(1199) Concurrent Preclean 0.089ms
[4303.770s][info][gc,start       ] GC(1199) Pause Remark
[4303.776s][info][gc             ] GC(1199) Pause Remark 2221M->2221M(4096M) 6.719ms
[4303.776s][info][gc,cpu         ] GC(1199) User=0.04s Sys=0.00s Real=0.00s
[4303.777s][info][gc,marking     ] GC(1199) Concurrent Mark 798.179ms
[4303.777s][info][gc,marking     ] GC(1199) Concurrent Rebuild Remembered Sets and Scrub Regions
[4304.106s][info][gc,marking     ] GC(1199) Concurrent Rebuild Remembered Sets and Scrub Regions 329.336ms
[4304.110s][info][gc,start       ] GC(1199) Pause Cleanup
[4304.111s][info][gc             ] GC(1199) Pause Cleanup 2559M->2559M(4096M) 0.139ms
[4304.111s][info][gc,cpu         ] GC(1199) User=0.00s Sys=0.00s Real=0.00s
[4304.111s][info][gc,marking     ] GC(1199) Concurrent Clear Claimed Marks
[4304.111s][info][gc,marking     ] GC(1199) Concurrent Clear Claimed Marks 0.033ms
[4304.111s][info][gc,marking     ] GC(1199) Concurrent Cleanup for Next Mark
[4304.115s][info][gc,marking     ] GC(1199) Concurrent Cleanup for Next Mark 4.748ms
[4304.115s][info][gc             ] GC(1199) Concurrent Mark Cycle 1296.321ms
..[4305.179s][info][gc,start       ] GC(1200) Pause Young (Prepare Mixed) (G1 Evacuation Pause)
[4305.180s][info][gc,task        ] GC(1200) Using 6 workers of 6 for evacuation
[4305.300s][info][gc,phases      ] GC(1200)   Pre Evacuate Collection Set: 0.29ms
[4305.300s][info][gc,phases      ] GC(1200)   Merge Heap Roots: 0.52ms
[4305.300s][info][gc,phases      ] GC(1200)   Evacuate Collection Set: 118.18ms
[4305.300s][info][gc,phases      ] GC(1200)   Post Evacuate Collection Set: 0.92ms
[4305.300s][info][gc,phases      ] GC(1200)   Other: 0.08ms
[4305.300s][info][gc,heap        ] GC(1200) Eden regions: 1118->0(1107)
[4305.300s][info][gc,heap        ] GC(1200) Survivor regions: 110->110(154)
[4305.300s][info][gc,heap        ] GC(1200) Old regions: 506->538
[4305.300s][info][gc,heap        ] GC(1200) Humongous regions: 80->80
[4305.300s][info][gc,metaspace   ] GC(1200) Metaspace: 28895K(29312K)->28895K(29312K) NonClass: 24027K(24256K)->24027K(24256K) Class: 4868K(5056K)->4868K(5056K)
[4305.300s][info][gc             ] GC(1200) Pause Young (Prepare Mixed) (G1 Evacuation Pause) 3625M->1454M(4096M) 120.147ms
[4305.300s][info][gc,cpu         ] GC(1200) User=0.72s Sys=0.00s Real=0.12s
..[4307.657s][info][gc,start       ] GC(1201) Pause Young (Mixed) (G1 Evacuation Pause)
[4307.657s][info][gc,task        ] GC(1201) Using 6 workers of 6 for evacuation
[4307.798s][info][gc,phases      ] GC(1201)   Pre Evacuate Collection Set: 0.37ms
[4307.798s][info][gc,phases      ] GC(1201)   Merge Heap Roots: 0.76ms
[4307.798s][info][gc,phases      ] GC(1201)   Evacuate Collection Set: 138.71ms
[4307.798s][info][gc,phases      ] GC(1201)   Post Evacuate Collection Set: 0.97ms
[4307.798s][info][gc,phases      ] GC(1201)   Other: 0.09ms
[4307.798s][info][gc,heap        ] GC(1201) Eden regions: 1107->0(1114)
[4307.798s][info][gc,heap        ] GC(1201) Survivor regions: 110->114(153)
[4307.798s][info][gc,heap        ] GC(1201) Old regions: 538->474
[4307.798s][info][gc,heap        ] GC(1201) Humongous regions: 80->80
[4307.798s][info][gc,metaspace   ] GC(1201) Metaspace: 28895K(29312K)->28895K(29312K) NonClass: 24027K(24256K)->24027K(24256K) Class: 4868K(5056K)->4868K(5056K)
[4307.798s][info][gc             ] GC(1201) Pause Young (Mixed) (G1 Evacuation Pause) 3668M->1334M(4096M) 141.027ms
[4307.798s][info][gc,cpu         ] GC(1201) User=0.84s Sys=0.00s Real=0.14s
...[4310.198s][info][gc,start       ] GC(1202) Pause Young (Concurrent Start) (G1 Evacuation Pause)
[4310.198s][info][gc,task        ] GC(1202) Using 6 workers of 6 for evacuation
[4310.316s][info][gc,phases      ] GC(1202)   Pre Evacuate Collection Set: 0.40ms
[4310.316s][info][gc,phases      ] GC(1202)   Merge Heap Roots: 0.51ms
[4310.316s][info][gc,phases      ] GC(1202)   Evacuate Collection Set: 115.80ms
[4310.316s][info][gc,phases      ] GC(1202)   Post Evacuate Collection Set: 0.89ms
[4310.316s][info][gc,phases      ] GC(1202)   Other: 0.13ms
[4310.316s][info][gc,heap        ] GC(1202) Eden regions: 1114->0(1119)
[4310.316s][info][gc,heap        ] GC(1202) Survivor regions: 114->109(154)
[4310.316s][info][gc,heap        ] GC(1202) Old regions: 474->507
[4310.316s][info][gc,heap        ] GC(1202) Humongous regions: 80->80
[4310.316s][info][gc,metaspace   ] GC(1202) Metaspace: 28895K(29312K)->28895K(29312K) NonClass: 24027K(24256K)->24027K(24256K) Class: 4868K(5056K)->4868K(5056K)
[4310.316s][info][gc             ] GC(1202) Pause Young (Concurrent Start) (G1 Evacuation Pause) 3562M->1390M(4096M) 117.878ms
[4310.316s][info][gc             ] GC(1203) Concurrent Mark Cycle
[4310.316s][info][gc,marking     ] GC(1203) Concurrent Scan Root Regions
[4310.316s][info][gc,cpu         ] GC(1202) User=0.70s Sys=0.00s Real=0.12s
[4310.499s][info][gc,marking     ] GC(1203) Concurrent Scan Root Regions 182.549ms
[4310.499s][info][gc,marking     ] GC(1203) Concurrent Mark
[4310.499s][info][gc,marking     ] GC(1203) Concurrent Mark From Roots
[4310.499s][info][gc,task        ] GC(1203) Using 2 workers of 2 for marking
.[4311.256s][info][gc,marking     ] GC(1203) Concurrent Mark From Roots 757.004ms
[4311.256s][info][gc,marking     ] GC(1203) Concurrent Preclean
[4311.256s][info][gc,marking     ] GC(1203) Concurrent Preclean 0.091ms
[4311.257s][info][gc,start       ] GC(1203) Pause Remark
[4311.261s][info][gc             ] GC(1203) Pause Remark 2256M->2256M(4096M) 4.018ms
[4311.261s][info][gc,cpu         ] GC(1203) User=0.02s Sys=0.00s Real=0.01s
[4311.262s][info][gc,marking     ] GC(1203) Concurrent Mark 763.386ms
[4311.262s][info][gc,marking     ] GC(1203) Concurrent Rebuild Remembered Sets and Scrub Regions
[4311.528s][info][gc,marking     ] GC(1203) Concurrent Rebuild Remembered Sets and Scrub Regions 265.712ms
[4311.528s][info][gc,start       ] GC(1203) Pause Cleanup
[4311.528s][info][gc             ] GC(1203) Pause Cleanup 2498M->2498M(4096M) 0.099ms
[4311.528s][info][gc,cpu         ] GC(1203) User=0.00s Sys=0.00s Real=0.00s
[4311.528s][info][gc,marking     ] GC(1203) Concurrent Clear Claimed Marks
[4311.528s][info][gc,marking     ] GC(1203) Concurrent Clear Claimed Marks 0.019ms
[4311.528s][info][gc,marking     ] GC(1203) Concurrent Cleanup for Next Mark
[4311.535s][info][gc,marking     ] GC(1203) Concurrent Cleanup for Next Mark 6.417ms
[4311.535s][info][gc             ] GC(1203) Concurrent Mark Cycle 1218.557ms
.[4312.617s][info][gc,start       ] GC(1204) Pause Young (Prepare Mixed) (G1 Evacuation Pause)
[4312.617s][info][gc,task        ] GC(1204) Using 6 workers of 6 for evacuation
[4312.739s][info][gc,phases      ] GC(1204)   Pre Evacuate Collection Set: 0.33ms
[4312.739s][info][gc,phases      ] GC(1204)   Merge Heap Roots: 0.63ms
[4312.739s][info][gc,phases      ] GC(1204)   Evacuate Collection Set: 120.09ms
[4312.739s][info][gc,phases      ] GC(1204)   Post Evacuate Collection Set: 0.96ms
[4312.739s][info][gc,phases      ] GC(1204)   Other: 0.09ms
[4312.739s][info][gc,heap        ] GC(1204) Eden regions: 1119->0(1104)
[4312.739s][info][gc,heap        ] GC(1204) Survivor regions: 109->111(154)
[4312.739s][info][gc,heap        ] GC(1204) Old regions: 507->539
[4312.739s][info][gc,heap        ] GC(1204) Humongous regions: 80->80
[4312.739s][info][gc,metaspace   ] GC(1204) Metaspace: 28895K(29312K)->28895K(29312K) NonClass: 24027K(24256K)->24027K(24256K) Class: 4868K(5056K)->4868K(5056K)
[4312.739s][info][gc             ] GC(1204) Pause Young (Prepare Mixed) (G1 Evacuation Pause) 3628M->1459M(4096M) 122.254ms
[4312.739s][info][gc,cpu         ] GC(1204) User=0.73s Sys=0.00s Real=0.13s
..[4315.037s][info][gc,start       ] GC(1205) Pause Young (Mixed) (G1 Evacuation Pause)
[4315.037s][info][gc,task        ] GC(1205) Using 6 workers of 6 for evacuation
[4315.170s][info][gc,phases      ] GC(1205)   Pre Evacuate Collection Set: 0.40ms
[4315.170s][info][gc,phases      ] GC(1205)   Merge Heap Roots: 0.70ms
[4315.170s][info][gc,phases      ] GC(1205)   Evacuate Collection Set: 130.69ms
[4315.170s][info][gc,phases      ] GC(1205)   Post Evacuate Collection Set: 0.94ms
[4315.170s][info][gc,phases      ] GC(1205)   Other: 0.09ms
[4315.170s][info][gc,heap        ] GC(1205) Eden regions: 1104->0(1120)
[4315.170s][info][gc,heap        ] GC(1205) Survivor regions: 111->108(152)
[4315.170s][info][gc,heap        ] GC(1205) Old regions: 539->478
[4315.170s][info][gc,heap        ] GC(1205) Humongous regions: 80->80
[4315.170s][info][gc,metaspace   ] GC(1205) Metaspace: 28895K(29312K)->28895K(29312K) NonClass: 24027K(24256K)->24027K(24256K) Class: 4868K(5056K)->4868K(5056K)
[4315.170s][info][gc             ] GC(1205) Pause Young (Mixed) (G1 Evacuation Pause) 3667M->1330M(4096M) 132.952ms
[4315.170s][info][gc,cpu         ] GC(1205) User=0.79s Sys=0.00s Real=0.14s
...[4317.455s][info][gc,start       ] GC(1206) Pause Young (Concurrent Start) (G1 Evacuation Pause)
[4317.455s][info][gc,task        ] GC(1206) Using 6 workers of 6 for evacuation
[4317.577s][info][gc,phases      ] GC(1206)   Pre Evacuate Collection Set: 0.38ms
[4317.577s][info][gc,phases      ] GC(1206)   Merge Heap Roots: 0.46ms
[4317.577s][info][gc,phases      ] GC(1206)   Evacuate Collection Set: 120.64ms
[4317.577s][info][gc,phases      ] GC(1206)   Post Evacuate Collection Set: 0.88ms
[4317.577s][info][gc,phases      ] GC(1206)   Other: 0.12ms
[4317.577s][info][gc,heap        ] GC(1206) Eden regions: 1120->0(1113)
[4317.577s][info][gc,heap        ] GC(1206) Survivor regions: 108->115(154)
[4317.577s][info][gc,heap        ] GC(1206) Old regions: 478->509
[4317.577s][info][gc,heap        ] GC(1206) Humongous regions: 80->80
[4317.577s][info][gc,metaspace   ] GC(1206) Metaspace: 28895K(29312K)->28895K(29312K) NonClass: 24027K(24256K)->24027K(24256K) Class: 4868K(5056K)->4868K(5056K)
[4317.577s][info][gc             ] GC(1206) Pause Young (Concurrent Start) (G1 Evacuation Pause) 3570M->1405M(4096M) 122.609ms
[4317.577s][info][gc             ] GC(1207) Concurrent Mark Cycle
[4317.578s][info][gc,marking     ] GC(1207) Concurrent Scan Root Regions
[4317.578s][info][gc,cpu         ] GC(1206) User=0.73s Sys=0.00s Real=0.12s
[4317.758s][info][gc,marking     ] GC(1207) Concurrent Scan Root Regions 180.919ms
[4317.758s][info][gc,marking     ] GC(1207) Concurrent Mark
[4317.758s][info][gc,marking     ] GC(1207) Concurrent Mark From Roots
[4317.758s][info][gc,task        ] GC(1207) Using 2 workers of 2 for marking
.[4318.758s][info][gc,marking     ] GC(1207) Concurrent Mark From Roots 999.498ms
[4318.758s][info][gc,marking     ] GC(1207) Concurrent Preclean
[4318.758s][info][gc,marking     ] GC(1207) Concurrent Preclean 0.085ms
[4318.760s][info][gc,start       ] GC(1207) Pause Remark
[4318.765s][info][gc             ] GC(1207) Pause Remark 2483M->2483M(4096M) 5.353ms
[4318.765s][info][gc,cpu         ] GC(1207) User=0.03s Sys=0.00s Real=0.00s
[4318.765s][info][gc,marking     ] GC(1207) Concurrent Mark 1006.920ms
[4318.765s][info][gc,marking     ] GC(1207) Concurrent Rebuild Remembered Sets and Scrub Regions
[4319.123s][info][gc,marking     ] GC(1207) Concurrent Rebuild Remembered Sets and Scrub Regions 357.330ms
[4319.123s][info][gc,start       ] GC(1207) Pause Cleanup
[4319.123s][info][gc             ] GC(1207) Pause Cleanup 2864M->2864M(4096M) 0.116ms
[4319.123s][info][gc,cpu         ] GC(1207) User=0.00s Sys=0.00s Real=0.00s
[4319.123s][info][gc,marking     ] GC(1207) Concurrent Clear Claimed Marks
[4319.123s][info][gc,marking     ] GC(1207) Concurrent Clear Claimed Marks 0.026ms
[4319.123s][info][gc,marking     ] GC(1207) Concurrent Cleanup for Next Mark
[4319.128s][info][gc,marking     ] GC(1207) Concurrent Cleanup for Next Mark 4.417ms
[4319.128s][info][gc             ] GC(1207) Concurrent Mark Cycle 1550.110ms
.[4319.938s][info][gc,start       ] GC(1208) Pause Young (Prepare Mixed) (G1 Evacuation Pause)
[4319.938s][info][gc,task        ] GC(1208) Using 6 workers of 6 for evacuation
[4320.055s][info][gc,phases      ] GC(1208)   Pre Evacuate Collection Set: 0.33ms
[4320.055s][info][gc,phases      ] GC(1208)   Merge Heap Roots: 0.51ms
[4320.055s][info][gc,phases      ] GC(1208)   Evacuate Collection Set: 114.65ms
[4320.055s][info][gc,phases      ] GC(1208)   Post Evacuate Collection Set: 0.92ms
[4320.055s][info][gc,phases      ] GC(1208)   Other: 0.09ms
[4320.055s][info][gc,heap        ] GC(1208) Eden regions: 1113->0(1108)
[4320.055s][info][gc,heap        ] GC(1208) Survivor regions: 115->108(154)
[4320.055s][info][gc,heap        ] GC(1208) Old regions: 509->541
[4320.055s][info][gc,heap        ] GC(1208) Humongous regions: 80->80
[4320.055s][info][gc,metaspace   ] GC(1208) Metaspace: 28895K(29312K)->28895K(29312K) NonClass: 24027K(24256K)->24027K(24256K) Class: 4868K(5056K)->4868K(5056K)
[4320.055s][info][gc             ] GC(1208) Pause Young (Prepare Mixed) (G1 Evacuation Pause) 3631M->1456M(4096M) 116.646ms
[4320.055s][info][gc,cpu         ] GC(1208) User=0.70s Sys=0.00s Real=0.12s
...[4322.340s][info][gc,start       ] GC(1209) Pause Young (Mixed) (G1 Evacuation Pause)
[4322.340s][info][gc,task        ] GC(1209) Using 6 workers of 6 for evacuation
[4322.476s][info][gc,phases      ] GC(1209)   Pre Evacuate Collection Set: 0.35ms
[4322.476s][info][gc,phases      ] GC(1209)   Merge Heap Roots: 0.79ms
[4322.476s][info][gc,phases      ] GC(1209)   Evacuate Collection Set: 133.77ms
[4322.476s][info][gc,phases      ] GC(1209)   Post Evacuate Collection Set: 0.93ms
[4322.476s][info][gc,phases      ] GC(1209)   Other: 0.09ms
[4322.476s][info][gc,heap        ] GC(1209) Eden regions: 1108->0(1119)
[4322.476s][info][gc,heap        ] GC(1209) Survivor regions: 108->109(152)
[4322.476s][info][gc,heap        ] GC(1209) Old regions: 541->474
[4322.476s][info][gc,heap        ] GC(1209) Humongous regions: 80->80
[4322.476s][info][gc,metaspace   ] GC(1209) Metaspace: 28895K(29312K)->28895K(29312K) NonClass: 24027K(24256K)->24027K(24256K) Class: 4868K(5056K)->4868K(5056K)
[4322.476s][info][gc             ] GC(1209) Pause Young (Mixed) (G1 Evacuation Pause) 3672M->1323M(4096M) 136.062ms
[4322.476s][info][gc,cpu         ] GC(1209) User=0.81s Sys=0.00s Real=0.13s
.. (rIR:aIR:PR = 7610:7606:7606) (tPR = 113030) [OK] 
  4324s: Performance info:
         Transaction,    Success,    Partial,     Failed,   Receipts, AvgBarcode, 
             Overall,     456789,          0,          0,     433835,      59.47, 
         Response times:
             Request,    Success,    Partial,     Failed,   SkipFail,     Probes,    Samples,      min,      p50,      p90,      p95,      p99,      max, 
       TotalPurchase,     433842,          0,          0,          0,     354665,     446337,      300,     6700,    86000,   125000,   187000,   451000,
     InStorePurchase,     228007,          0,          0,          0,     186970,     235139,      300,     6600,    85000,   124000,   185000,   451000,
      OnlinePurchase,     159887,          0,          0,          0,     130580,     164010,      300,     6800,    87000,   126000,   188000,   451000,
        InstPurchase,      45948,          0,          0,          0,      37115,      47188,      400,     6700,    86000,   127000,   194000,   451000,
          AssocOfCat,        454,          0,          0,          0,        355,        522,    25000,    43000,   147000,   184700,   235770,   284000,
      AssocOfProduct,       4571,          0,          0,          0,       4256,       5562,      500,     6400,    86000,   122000,   186110,   310000,
      BusinessReport,       1143,          0,          0,          0,        994,       1394,    26000,    54000,   175000,   211750,   275100,   311000,
          CustBuyBeh,       4571,          0,          0,          0,       4281,       5616,      200,     6900,    91000,   130000,   193830,   286000,
       ProductReturn,      12215,          0,          0,          0,       9155,      11814,      100,     6700,    90000,   131000,   199000,   304000,

  4324s: (56%)   IR =   7749 [4324.862s][info][gc,start       ] GC(1210) Pause Young (Concurrent Start) (G1 Evacuation Pause)
[4324.862s][info][gc,task        ] GC(1210) Using 6 workers of 6 for evacuation
[4324.982s][info][gc,phases      ] GC(1210)   Pre Evacuate Collection Set: 0.34ms
[4324.982s][info][gc,phases      ] GC(1210)   Merge Heap Roots: 0.49ms
[4324.982s][info][gc,phases      ] GC(1210)   Evacuate Collection Set: 118.53ms
[4324.982s][info][gc,phases      ] GC(1210)   Post Evacuate Collection Set: 0.89ms
[4324.982s][info][gc,phases      ] GC(1210)   Other: 0.10ms
[4324.982s][info][gc,heap        ] GC(1210) Eden regions: 1119->0(1116)
[4324.982s][info][gc,heap        ] GC(1210) Survivor regions: 109->112(154)
[4324.982s][info][gc,heap        ] GC(1210) Old regions: 474->504
[4324.982s][info][gc,heap        ] GC(1210) Humongous regions: 80->80
[4324.982s][info][gc,metaspace   ] GC(1210) Metaspace: 28895K(29312K)->28895K(29312K) NonClass: 24027K(24256K)->24027K(24256K) Class: 4868K(5056K)->4868K(5056K)
[4324.982s][info][gc             ] GC(1210) Pause Young (Concurrent Start) (G1 Evacuation Pause) 3561M->1391M(4096M) 120.478ms
[4324.982s][info][gc             ] GC(1211) Concurrent Mark Cycle
[4324.982s][info][gc,marking     ] GC(1211) Concurrent Scan Root Regions
[4324.982s][info][gc,cpu         ] GC(1210) User=0.72s Sys=0.00s Real=0.12s
[4325.173s][info][gc,marking     ] GC(1211) Concurrent Scan Root Regions 190.316ms
[4325.173s][info][gc,marking     ] GC(1211) Concurrent Mark
[4325.173s][info][gc,marking     ] GC(1211) Concurrent Mark From Roots
[4325.173s][info][gc,task        ] GC(1211) Using 2 workers of 2 for marking
.[4326.132s][info][gc,marking     ] GC(1211) Concurrent Mark From Roots 958.867ms
[4326.132s][info][gc,marking     ] GC(1211) Concurrent Preclean
[4326.132s][info][gc,marking     ] GC(1211) Concurrent Preclean 0.124ms
[4326.134s][info][gc,start       ] GC(1211) Pause Remark
[4326.141s][info][gc             ] GC(1211) Pause Remark 2459M->2459M(4096M) 6.849ms
[4326.141s][info][gc,cpu         ] GC(1211) User=0.04s Sys=0.00s Real=0.01s
[4326.141s][info][gc,marking     ] GC(1211) Concurrent Mark 968.553ms
[4326.141s][info][gc,marking     ] GC(1211) Concurrent Rebuild Remembered Sets and Scrub Regions
.[4326.507s][info][gc,marking     ] GC(1211) Concurrent Rebuild Remembered Sets and Scrub Regions 365.502ms
[4326.507s][info][gc,start       ] GC(1211) Pause Cleanup
[4326.507s][info][gc             ] GC(1211) Pause Cleanup 2873M->2873M(4096M) 0.125ms
[4326.507s][info][gc,cpu         ] GC(1211) User=0.00s Sys=0.00s Real=0.00s
[4326.508s][info][gc,marking     ] GC(1211) Concurrent Clear Claimed Marks
[4326.508s][info][gc,marking     ] GC(1211) Concurrent Clear Claimed Marks 0.037ms
[4326.508s][info][gc,marking     ] GC(1211) Concurrent Cleanup for Next Mark
[4326.513s][info][gc,marking     ] GC(1211) Concurrent Cleanup for Next Mark 5.094ms
[4326.513s][info][gc             ] GC(1211) Concurrent Mark Cycle 1530.875ms
[4327.311s][info][gc,start       ] GC(1212) Pause Young (Prepare Mixed) (G1 Evacuation Pause)
[4327.311s][info][gc,task        ] GC(1212) Using 6 workers of 6 for evacuation
[4327.431s][info][gc,phases      ] GC(1212)   Pre Evacuate Collection Set: 0.31ms
[4327.431s][info][gc,phases      ] GC(1212)   Merge Heap Roots: 0.55ms
[4327.431s][info][gc,phases      ] GC(1212)   Evacuate Collection Set: 118.27ms
[4327.431s][info][gc,phases      ] GC(1212)   Post Evacuate Collection Set: 1.01ms
[4327.431s][info][gc,phases      ] GC(1212)   Other: 0.09ms
[4327.431s][info][gc,heap        ] GC(1212) Eden regions: 1116->0(1103)
[4327.431s][info][gc,heap        ] GC(1212) Survivor regions: 112->113(154)
[4327.431s][info][gc,heap        ] GC(1212) Old regions: 504->536
[4327.431s][info][gc,heap        ] GC(1212) Humongous regions: 80->80
[4327.431s][info][gc,metaspace   ] GC(1212) Metaspace: 28895K(29312K)->28895K(29312K) NonClass: 24027K(24256K)->24027K(24256K) Class: 4868K(5056K)->4868K(5056K)
[4327.431s][info][gc             ] GC(1212) Pause Young (Prepare Mixed) (G1 Evacuation Pause) 3623M->1456M(4096M) 120.348ms
[4327.431s][info][gc,cpu         ] GC(1212) User=0.71s Sys=0.00s Real=0.12s
...[4329.720s][info][gc,start       ] GC(1213) Pause Young (Mixed) (G1 Evacuation Pause)
[4329.720s][info][gc,task        ] GC(1213) Using 6 workers of 6 for evacuation
[4329.859s][info][gc,phases      ] GC(1213)   Pre Evacuate Collection Set: 0.33ms
[4329.859s][info][gc,phases      ] GC(1213)   Merge Heap Roots: 0.67ms
[4329.859s][info][gc,phases      ] GC(1213)   Evacuate Collection Set: 136.87ms
[4329.859s][info][gc,phases      ] GC(1213)   Post Evacuate Collection Set: 0.93ms
[4329.859s][info][gc,phases      ] GC(1213)   Other: 0.10ms
[4329.859s][info][gc,heap        ] GC(1213) Eden regions: 1103->0(1118)
[4329.859s][info][gc,heap        ] GC(1213) Survivor regions: 113->110(152)
[4329.859s][info][gc,heap        ] GC(1213) Old regions: 536->475
[4329.859s][info][gc,heap        ] GC(1213) Humongous regions: 80->80
[4329.859s][info][gc,metaspace   ] GC(1213) Metaspace: 28895K(29312K)->28895K(29312K) NonClass: 24027K(24256K)->24027K(24256K) Class: 4868K(5056K)->4868K(5056K)
[4329.859s][info][gc             ] GC(1213) Pause Young (Mixed) (G1 Evacuation Pause) 3662M->1328M(4096M) 139.021ms
[4329.859s][info][gc,cpu         ] GC(1213) User=0.83s Sys=0.00s Real=0.14s
.|.[4332.138s][info][gc,start       ] GC(1214) Pause Young (Concurrent Start) (G1 Evacuation Pause)
[4332.138s][info][gc,task        ] GC(1214) Using 6 workers of 6 for evacuation
[4332.258s][info][gc,phases      ] GC(1214)   Pre Evacuate Collection Set: 0.34ms
[4332.258s][info][gc,phases      ] GC(1214)   Merge Heap Roots: 0.51ms
[4332.258s][info][gc,phases      ] GC(1214)   Evacuate Collection Set: 117.98ms
[4332.258s][info][gc,phases      ] GC(1214)   Post Evacuate Collection Set: 0.92ms
[4332.258s][info][gc,phases      ] GC(1214)   Other: 0.11ms
[4332.258s][info][gc,heap        ] GC(1214) Eden regions: 1118->0(1118)
[4332.258s][info][gc,heap        ] GC(1214) Survivor regions: 110->110(154)
[4332.258s][info][gc,heap        ] GC(1214) Old regions: 475->506
[4332.258s][info][gc,heap        ] GC(1214) Humongous regions: 80->80
[4332.258s][info][gc,metaspace   ] GC(1214) Metaspace: 28895K(29312K)->28895K(29312K) NonClass: 24027K(24256K)->24027K(24256K) Class: 4868K(5056K)->4868K(5056K)
[4332.258s][info][gc             ] GC(1214) Pause Young (Concurrent Start) (G1 Evacuation Pause) 3564M->1390M(4096M) 120.021ms
[4332.258s][info][gc             ] GC(1215) Concurrent Mark Cycle
[4332.258s][info][gc,marking     ] GC(1215) Concurrent Scan Root Regions
[4332.258s][info][gc,cpu         ] GC(1214) User=0.71s Sys=0.00s Real=0.12s
.[4332.489s][info][gc,marking     ] GC(1215) Concurrent Scan Root Regions 230.611ms
[4332.489s][info][gc,marking     ] GC(1215) Concurrent Mark
[4332.489s][info][gc,marking     ] GC(1215) Concurrent Mark From Roots
[4332.489s][info][gc,task        ] GC(1215) Using 2 workers of 2 for marking
[4333.203s][info][gc,marking     ] GC(1215) Concurrent Mark From Roots 713.752ms
[4333.203s][info][gc,marking     ] GC(1215) Concurrent Preclean
[4333.203s][info][gc,marking     ] GC(1215) Concurrent Preclean 0.068ms
[4333.204s][info][gc,start       ] GC(1215) Pause Remark
[4333.210s][info][gc             ] GC(1215) Pause Remark 2280M->2280M(4096M) 5.705ms
[4333.210s][info][gc,cpu         ] GC(1215) User=0.03s Sys=0.00s Real=0.01s
[4333.210s][info][gc,marking     ] GC(1215) Concurrent Mark 721.317ms
[4333.210s][info][gc,marking     ] GC(1215) Concurrent Rebuild Remembered Sets and Scrub Regions
.[4333.505s][info][gc,marking     ] GC(1215) Concurrent Rebuild Remembered Sets and Scrub Regions 294.689ms
[4333.505s][info][gc,start       ] GC(1215) Pause Cleanup
[4333.505s][info][gc             ] GC(1215) Pause Cleanup 2582M->2582M(4096M) 0.115ms
[4333.505s][info][gc,cpu         ] GC(1215) User=0.00s Sys=0.00s Real=0.00s
[4333.505s][info][gc,marking     ] GC(1215) Concurrent Clear Claimed Marks
[4333.505s][info][gc,marking     ] GC(1215) Concurrent Clear Claimed Marks 0.026ms
[4333.505s][info][gc,marking     ] GC(1215) Concurrent Cleanup for Next Mark
[4333.510s][info][gc,marking     ] GC(1215) Concurrent Cleanup for Next Mark 5.137ms
[4333.510s][info][gc             ] GC(1215) Concurrent Mark Cycle 1252.267ms
.[4334.609s][info][gc,start       ] GC(1216) Pause Young (Prepare Mixed) (G1 Evacuation Pause)
[4334.609s][info][gc,task        ] GC(1216) Using 6 workers of 6 for evacuation
[4334.724s][info][gc,phases      ] GC(1216)   Pre Evacuate Collection Set: 0.33ms
[4334.724s][info][gc,phases      ] GC(1216)   Merge Heap Roots: 0.61ms
[4334.724s][info][gc,phases      ] GC(1216)   Evacuate Collection Set: 113.54ms
[4334.724s][info][gc,phases      ] GC(1216)   Post Evacuate Collection Set: 0.92ms
[4334.724s][info][gc,phases      ] GC(1216)   Other: 0.09ms
[4334.724s][info][gc,heap        ] GC(1216) Eden regions: 1118->0(1111)
[4334.724s][info][gc,heap        ] GC(1216) Survivor regions: 110->109(154)
[4334.724s][info][gc,heap        ] GC(1216) Old regions: 506->536
[4334.724s][info][gc,heap        ] GC(1216) Humongous regions: 80->80
[4334.724s][info][gc,metaspace   ] GC(1216) Metaspace: 28895K(29312K)->28895K(29312K) NonClass: 24027K(24256K)->24027K(24256K) Class: 4868K(5056K)->4868K(5056K)
[4334.724s][info][gc             ] GC(1216) Pause Young (Prepare Mixed) (G1 Evacuation Pause) 3626M->1448M(4096M) 115.623ms
[4334.724s][info][gc,cpu         ] GC(1216) User=0.69s Sys=0.00s Real=0.11s
..[4337.013s][info][gc,start       ] GC(1217) Pause Young (Mixed) (G1 Evacuation Pause)
[4337.013s][info][gc,task        ] GC(1217) Using 6 workers of 6 for evacuation
[4337.155s][info][gc,phases      ] GC(1217)   Pre Evacuate Collection Set: 0.38ms
[4337.155s][info][gc,phases      ] GC(1217)   Merge Heap Roots: 0.76ms
[4337.155s][info][gc,phases      ] GC(1217)   Evacuate Collection Set: 139.31ms
[4337.155s][info][gc,phases      ] GC(1217)   Post Evacuate Collection Set: 0.96ms
[4337.155s][info][gc,phases      ] GC(1217)   Other: 0.08ms
[4337.155s][info][gc,heap        ] GC(1217) Eden regions: 1111->0(1115)
[4337.155s][info][gc,heap        ] GC(1217) Survivor regions: 109->113(153)
[4337.155s][info][gc,heap        ] GC(1217) Old regions: 536->473
[4337.155s][info][gc,heap        ] GC(1217) Humongous regions: 80->80
[4337.155s][info][gc,metaspace   ] GC(1217) Metaspace: 28895K(29312K)->28895K(29312K) NonClass: 24027K(24256K)->24027K(24256K) Class: 4868K(5056K)->4868K(5056K)
[4337.155s][info][gc             ] GC(1217) Pause Young (Mixed) (G1 Evacuation Pause) 3670M->1331M(4096M) 141.645ms
[4337.155s][info][gc,cpu         ] GC(1217) User=0.84s Sys=0.00s Real=0.14s
..[4339.434s][info][gc,start       ] GC(1218) Pause Young (Concurrent Start) (G1 Evacuation Pause)
[4339.434s][info][gc,task        ] GC(1218) Using 6 workers of 6 for evacuation
[4339.556s][info][gc,phases      ] GC(1218)   Pre Evacuate Collection Set: 0.35ms
[4339.556s][info][gc,phases      ] GC(1218)   Merge Heap Roots: 0.49ms
[4339.556s][info][gc,phases      ] GC(1218)   Evacuate Collection Set: 120.05ms
[4339.556s][info][gc,phases      ] GC(1218)   Post Evacuate Collection Set: 0.86ms
[4339.556s][info][gc,phases      ] GC(1218)   Other: 0.10ms
[4339.556s][info][gc,heap        ] GC(1218) Eden regions: 1115->0(1115)
[4339.556s][info][gc,heap        ] GC(1218) Survivor regions: 113->113(154)
[4339.556s][info][gc,heap        ] GC(1218) Old regions: 473->506
[4339.556s][info][gc,heap        ] GC(1218) Humongous regions: 80->80
[4339.556s][info][gc,metaspace   ] GC(1218) Metaspace: 28895K(29312K)->28895K(29312K) NonClass: 24027K(24256K)->24027K(24256K) Class: 4868K(5056K)->4868K(5056K)
[4339.556s][info][gc             ] GC(1218) Pause Young (Concurrent Start) (G1 Evacuation Pause) 3561M->1397M(4096M) 121.974ms
[4339.556s][info][gc             ] GC(1219) Concurrent Mark Cycle
[4339.556s][info][gc,marking     ] GC(1219) Concurrent Scan Root Regions
[4339.556s][info][gc,cpu         ] GC(1218) User=0.73s Sys=0.00s Real=0.12s
.[4339.704s][info][gc,marking     ] GC(1219) Concurrent Scan Root Regions 147.637ms
[4339.704s][info][gc,marking     ] GC(1219) Concurrent Mark
[4339.704s][info][gc,marking     ] GC(1219) Concurrent Mark From Roots
[4339.704s][info][gc,task        ] GC(1219) Using 2 workers of 2 for marking
[4340.348s][info][gc,marking     ] GC(1219) Concurrent Mark From Roots 644.263ms
[4340.348s][info][gc,marking     ] GC(1219) Concurrent Preclean
[4340.349s][info][gc,marking     ] GC(1219) Concurrent Preclean 0.099ms
[4340.350s][info][gc,start       ] GC(1219) Pause Remark
[4340.354s][info][gc             ] GC(1219) Pause Remark 2075M->2075M(4096M) 4.410ms
[4340.354s][info][gc,cpu         ] GC(1219) User=0.02s Sys=0.00s Real=0.00s
[4340.356s][info][gc,marking     ] GC(1219) Concurrent Mark 651.543ms
[4340.356s][info][gc,marking     ] GC(1219) Concurrent Rebuild Remembered Sets and Scrub Regions
[4340.582s][info][gc,marking     ] GC(1219) Concurrent Rebuild Remembered Sets and Scrub Regions 225.799ms
[4340.582s][info][gc,start       ] GC(1219) Pause Cleanup
[4340.582s][info][gc             ] GC(1219) Pause Cleanup 2303M->2303M(4096M) 0.095ms
[4340.582s][info][gc,cpu         ] GC(1219) User=0.00s Sys=0.00s Real=0.00s
[4340.584s][info][gc,marking     ] GC(1219) Concurrent Clear Claimed Marks
[4340.584s][info][gc,marking     ] GC(1219) Concurrent Clear Claimed Marks 0.036ms
[4340.584s][info][gc,marking     ] GC(1219) Concurrent Cleanup for Next Mark
[4340.592s][info][gc,marking     ] GC(1219) Concurrent Cleanup for Next Mark 8.476ms
[4340.592s][info][gc             ] GC(1219) Concurrent Mark Cycle 1035.977ms
..[4341.886s][info][gc,start       ] GC(1220) Pause Young (Prepare Mixed) (G1 Evacuation Pause)
[4341.886s][info][gc,task        ] GC(1220) Using 6 workers of 6 for evacuation
[4342.006s][info][gc,phases      ] GC(1220)   Pre Evacuate Collection Set: 0.34ms
[4342.006s][info][gc,phases      ] GC(1220)   Merge Heap Roots: 0.50ms
[4342.006s][info][gc,phases      ] GC(1220)   Evacuate Collection Set: 117.96ms
[4342.006s][info][gc,phases      ] GC(1220)   Post Evacuate Collection Set: 0.93ms
[4342.006s][info][gc,phases      ] GC(1220)   Other: 0.09ms
[4342.006s][info][gc,heap        ] GC(1220) Eden regions: 1115->0(1102)
[4342.006s][info][gc,heap        ] GC(1220) Survivor regions: 113->113(154)
[4342.006s][info][gc,heap        ] GC(1220) Old regions: 506->537
[4342.006s][info][gc,heap        ] GC(1220) Humongous regions: 80->80
[4342.006s][info][gc,metaspace   ] GC(1220) Metaspace: 28895K(29312K)->28895K(29312K) NonClass: 24027K(24256K)->24027K(24256K) Class: 4868K(5056K)->4868K(5056K)
[4342.006s][info][gc             ] GC(1220) Pause Young (Prepare Mixed) (G1 Evacuation Pause) 3627M->1457M(4096M) 119.949ms
[4342.006s][info][gc,cpu         ] GC(1220) User=0.72s Sys=0.00s Real=0.12s
..[4344.237s][info][gc,start       ] GC(1221) Pause Young (Mixed) (G1 Evacuation Pause)
[4344.237s][info][gc,task        ] GC(1221) Using 6 workers of 6 for evacuation
[4344.370s][info][gc,phases      ] GC(1221)   Pre Evacuate Collection Set: 0.36ms
[4344.370s][info][gc,phases      ] GC(1221)   Merge Heap Roots: 0.74ms
[4344.370s][info][gc,phases      ] GC(1221)   Evacuate Collection Set: 130.93ms
[4344.370s][info][gc,phases      ] GC(1221)   Post Evacuate Collection Set: 0.91ms
[4344.370s][info][gc,phases      ] GC(1221)   Other: 0.08ms
[4344.370s][info][gc,heap        ] GC(1221) Eden regions: 1102->0(1118)
[4344.370s][info][gc,heap        ] GC(1221) Survivor regions: 113->110(152)
[4344.370s][info][gc,heap        ] GC(1221) Old regions: 537->476
[4344.370s][info][gc,heap        ] GC(1221) Humongous regions: 80->80
[4344.370s][info][gc,metaspace   ] GC(1221) Metaspace: 28895K(29312K)->28895K(29312K) NonClass: 24027K(24256K)->24027K(24256K) Class: 4868K(5056K)->4868K(5056K)
[4344.370s][info][gc             ] GC(1221) Pause Young (Mixed) (G1 Evacuation Pause) 3661M->1329M(4096M) 133.150ms
[4344.370s][info][gc,cpu         ] GC(1221) User=0.79s Sys=0.00s Real=0.14s
..[4346.637s][info][gc,start       ] GC(1222) Pause Young (Concurrent Start) (G1 Evacuation Pause)
[4346.637s][info][gc,task        ] GC(1222) Using 6 workers of 6 for evacuation
[4346.753s][info][gc,phases      ] GC(1222)   Pre Evacuate Collection Set: 0.36ms
[4346.753s][info][gc,phases      ] GC(1222)   Merge Heap Roots: 0.50ms
[4346.753s][info][gc,phases      ] GC(1222)   Evacuate Collection Set: 113.59ms
[4346.753s][info][gc,phases      ] GC(1222)   Post Evacuate Collection Set: 0.89ms
[4346.753s][info][gc,phases      ] GC(1222)   Other: 0.11ms
[4346.753s][info][gc,heap        ] GC(1222) Eden regions: 1118->0(1121)
[4346.753s][info][gc,heap        ] GC(1222) Survivor regions: 110->107(154)
[4346.753s][info][gc,heap        ] GC(1222) Old regions: 476->508
[4346.753s][info][gc,heap        ] GC(1222) Humongous regions: 80->80
[4346.753s][info][gc,metaspace   ] GC(1222) Metaspace: 28895K(29312K)->28895K(29312K) NonClass: 24027K(24256K)->24027K(24256K) Class: 4868K(5056K)->4868K(5056K)
[4346.753s][info][gc             ] GC(1222) Pause Young (Concurrent Start) (G1 Evacuation Pause) 3565M->1388M(4096M) 115.573ms
[4346.753s][info][gc             ] GC(1223) Concurrent Mark Cycle
[4346.753s][info][gc,marking     ] GC(1223) Concurrent Scan Root Regions
[4346.753s][info][gc,cpu         ] GC(1222) User=0.69s Sys=0.00s Real=0.12s
.[4346.894s][info][gc,marking     ] GC(1223) Concurrent Scan Root Regions 140.708ms
[4346.894s][info][gc,marking     ] GC(1223) Concurrent Mark
[4346.894s][info][gc,marking     ] GC(1223) Concurrent Mark From Roots
[4346.894s][info][gc,task        ] GC(1223) Using 2 workers of 2 for marking
[4347.711s][info][gc,marking     ] GC(1223) Concurrent Mark From Roots 817.256ms
[4347.711s][info][gc,marking     ] GC(1223) Concurrent Preclean
[4347.711s][info][gc,marking     ] GC(1223) Concurrent Preclean 0.088ms
[4347.711s][info][gc,start       ] GC(1223) Pause Remark
[4347.715s][info][gc             ] GC(1223) Pause Remark 2215M->2215M(4096M) 3.340ms
[4347.715s][info][gc,cpu         ] GC(1223) User=0.02s Sys=0.00s Real=0.00s
[4347.715s][info][gc,marking     ] GC(1223) Concurrent Mark 821.626ms
[4347.715s][info][gc,marking     ] GC(1223) Concurrent Rebuild Remembered Sets and Scrub Regions
.[4348.086s][info][gc,marking     ] GC(1223) Concurrent Rebuild Remembered Sets and Scrub Regions 370.659ms
[4348.087s][info][gc,start       ] GC(1223) Pause Cleanup
[4348.088s][info][gc             ] GC(1223) Pause Cleanup 2606M->2606M(4096M) 0.151ms
[4348.088s][info][gc,cpu         ] GC(1223) User=0.00s Sys=0.00s Real=0.00s
[4348.088s][info][gc,marking     ] GC(1223) Concurrent Clear Claimed Marks
[4348.088s][info][gc,marking     ] GC(1223) Concurrent Clear Claimed Marks 0.055ms
[4348.088s][info][gc,marking     ] GC(1223) Concurrent Cleanup for Next Mark
[4348.096s][info][gc,marking     ] GC(1223) Concurrent Cleanup for Next Mark 7.894ms
[4348.096s][info][gc             ] GC(1223) Concurrent Mark Cycle 1342.846ms
.[4349.070s][info][gc,start       ] GC(1224) Pause Young (Prepare Mixed) (G1 Evacuation Pause)
[4349.070s][info][gc,task        ] GC(1224) Using 6 workers of 6 for evacuation
[4349.191s][info][gc,phases      ] GC(1224)   Pre Evacuate Collection Set: 0.30ms
[4349.191s][info][gc,phases      ] GC(1224)   Merge Heap Roots: 0.51ms
[4349.191s][info][gc,phases      ] GC(1224)   Evacuate Collection Set: 118.40ms
[4349.191s][info][gc,phases      ] GC(1224)   Post Evacuate Collection Set: 0.91ms
[4349.191s][info][gc,phases      ] GC(1224)   Other: 0.08ms
[4349.191s][info][gc,heap        ] GC(1224) Eden regions: 1121->0(1102)
[4349.191s][info][gc,heap        ] GC(1224) Survivor regions: 107->112(154)
[4349.191s][info][gc,heap        ] GC(1224) Old regions: 508->539
[4349.191s][info][gc,heap        ] GC(1224) Humongous regions: 80->80
[4349.191s][info][gc,metaspace   ] GC(1224) Metaspace: 28895K(29312K)->28895K(29312K) NonClass: 24027K(24256K)->24027K(24256K) Class: 4868K(5056K)->4868K(5056K)
[4349.191s][info][gc             ] GC(1224) Pause Young (Prepare Mixed) (G1 Evacuation Pause) 3630M->1460M(4096M) 120.331ms
[4349.191s][info][gc,cpu         ] GC(1224) User=0.72s Sys=0.00s Real=0.12s
..[4351.450s][info][gc,start       ] GC(1225) Pause Young (Mixed) (G1 Evacuation Pause)
[4351.450s][info][gc,task        ] GC(1225) Using 6 workers of 6 for evacuation
[4351.588s][info][gc,phases      ] GC(1225)   Pre Evacuate Collection Set: 0.35ms
[4351.588s][info][gc,phases      ] GC(1225)   Merge Heap Roots: 0.73ms
[4351.588s][info][gc,phases      ] GC(1225)   Evacuate Collection Set: 135.73ms
[4351.588s][info][gc,phases      ] GC(1225)   Post Evacuate Collection Set: 0.94ms
[4351.588s][info][gc,phases      ] GC(1225)   Other: 0.09ms
[4351.588s][info][gc,heap        ] GC(1225) Eden regions: 1102->0(1115)
[4351.588s][info][gc,heap        ] GC(1225) Survivor regions: 112->113(152)
[4351.588s][info][gc,heap        ] GC(1225) Old regions: 539->475
[4351.588s][info][gc,heap        ] GC(1225) Humongous regions: 80->80
[4351.588s][info][gc,metaspace   ] GC(1225) Metaspace: 28895K(29312K)->28895K(29312K) NonClass: 24027K(24256K)->24027K(24256K) Class: 4868K(5056K)->4868K(5056K)
[4351.588s][info][gc             ] GC(1225) Pause Young (Mixed) (G1 Evacuation Pause) 3664M->1335M(4096M) 137.959ms
[4351.588s][info][gc,cpu         ] GC(1225) User=0.82s Sys=0.00s Real=0.13s
..[4353.927s][info][gc,start       ] GC(1226) Pause Young (Concurrent Start) (G1 Evacuation Pause)
[4353.927s][info][gc,task        ] GC(1226) Using 6 workers of 6 for evacuation
[4354.046s][info][gc,phases      ] GC(1226)   Pre Evacuate Collection Set: 0.41ms
[4354.046s][info][gc,phases      ] GC(1226)   Merge Heap Roots: 0.49ms
[4354.047s][info][gc,phases      ] GC(1226)   Evacuate Collection Set: 117.12ms
[4354.047s][info][gc,phases      ] GC(1226)   Post Evacuate Collection Set: 0.88ms
[4354.047s][info][gc,phases      ] GC(1226)   Other: 0.13ms
[4354.047s][info][gc,heap        ] GC(1226) Eden regions: 1115->0(1117)
[4354.047s][info][gc,heap        ] GC(1226) Survivor regions: 113->111(154)
[4354.047s][info][gc,heap        ] GC(1226) Old regions: 475->507
[4354.047s][info][gc,heap        ] GC(1226) Humongous regions: 80->80
[4354.047s][info][gc,metaspace   ] GC(1226) Metaspace: 28895K(29312K)->28895K(29312K) NonClass: 24027K(24256K)->24027K(24256K) Class: 4868K(5056K)->4868K(5056K)
[4354.047s][info][gc             ] GC(1226) Pause Young (Concurrent Start) (G1 Evacuation Pause) 3565M->1395M(4096M) 119.189ms
[4354.047s][info][gc             ] GC(1227) Concurrent Mark Cycle
[4354.047s][info][gc,marking     ] GC(1227) Concurrent Scan Root Regions
[4354.047s][info][gc,cpu         ] GC(1226) User=0.71s Sys=0.00s Real=0.12s
.[4354.223s][info][gc,marking     ] GC(1227) Concurrent Scan Root Regions 176.796ms
[4354.223s][info][gc,marking     ] GC(1227) Concurrent Mark
[4354.223s][info][gc,marking     ] GC(1227) Concurrent Mark From Roots
[4354.223s][info][gc,task        ] GC(1227) Using 2 workers of 2 for marking
[4355.167s][info][gc,marking     ] GC(1227) Concurrent Mark From Roots 943.765ms
[4355.167s][info][gc,marking     ] GC(1227) Concurrent Preclean
[4355.167s][info][gc,marking     ] GC(1227) Concurrent Preclean 0.082ms
[4355.169s][info][gc,start       ] GC(1227) Pause Remark
[4355.175s][info][gc             ] GC(1227) Pause Remark 2449M->2449M(4096M) 5.897ms
[4355.175s][info][gc,cpu         ] GC(1227) User=0.03s Sys=0.00s Real=0.00s
[4355.176s][info][gc,marking     ] GC(1227) Concurrent Mark 952.315ms
[4355.176s][info][gc,marking     ] GC(1227) Concurrent Rebuild Remembered Sets and Scrub Regions
.[4355.436s][info][gc,marking     ] GC(1227) Concurrent Rebuild Remembered Sets and Scrub Regions 260.241ms
[4355.436s][info][gc,start       ] GC(1227) Pause Cleanup
[4355.436s][info][gc             ] GC(1227) Pause Cleanup 2699M->2699M(4096M) 0.121ms
[4355.436s][info][gc,cpu         ] GC(1227) User=0.00s Sys=0.00s Real=0.00s
[4355.436s][info][gc,marking     ] GC(1227) Concurrent Clear Claimed Marks
[4355.437s][info][gc,marking     ] GC(1227) Concurrent Clear Claimed Marks 0.041ms
[4355.437s][info][gc,marking     ] GC(1227) Concurrent Cleanup for Next Mark
[4355.455s][info][gc,marking     ] GC(1227) Concurrent Cleanup for Next Mark 18.827ms
[4355.455s][info][gc             ] GC(1227) Concurrent Mark Cycle 1408.814ms
.[4356.349s][info][gc,start       ] GC(1228) Pause Young (Prepare Mixed) (G1 Evacuation Pause)
[4356.349s][info][gc,task        ] GC(1228) Using 6 workers of 6 for evacuation
[4356.469s][info][gc,phases      ] GC(1228)   Pre Evacuate Collection Set: 0.31ms
[4356.469s][info][gc,phases      ] GC(1228)   Merge Heap Roots: 0.54ms
[4356.469s][info][gc,phases      ] GC(1228)   Evacuate Collection Set: 118.43ms
[4356.469s][info][gc,phases      ] GC(1228)   Post Evacuate Collection Set: 0.91ms
[4356.469s][info][gc,phases      ] GC(1228)   Other: 0.09ms
[4356.469s][info][gc,heap        ] GC(1228) Eden regions: 1117->0(1102)
[4356.469s][info][gc,heap        ] GC(1228) Survivor regions: 111->112(154)
[4356.469s][info][gc,heap        ] GC(1228) Old regions: 507->539
[4356.469s][info][gc,heap        ] GC(1228) Humongous regions: 80->80
[4356.469s][info][gc,metaspace   ] GC(1228) Metaspace: 28895K(29312K)->28895K(29312K) NonClass: 24027K(24256K)->24027K(24256K) Class: 4868K(5056K)->4868K(5056K)
[4356.469s][info][gc             ] GC(1228) Pause Young (Prepare Mixed) (G1 Evacuation Pause) 3629M->1461M(4096M) 120.396ms
[4356.470s][info][gc,cpu         ] GC(1228) User=0.72s Sys=0.00s Real=0.12s
..[4358.687s][info][gc,start       ] GC(1229) Pause Young (Mixed) (G1 Evacuation Pause)
[4358.687s][info][gc,task        ] GC(1229) Using 6 workers of 6 for evacuation
[4358.822s][info][gc,phases      ] GC(1229)   Pre Evacuate Collection Set: 0.36ms
[4358.822s][info][gc,phases      ] GC(1229)   Merge Heap Roots: 0.72ms
[4358.822s][info][gc,phases      ] GC(1229)   Evacuate Collection Set: 133.26ms
[4358.822s][info][gc,phases      ] GC(1229)   Post Evacuate Collection Set: 0.96ms
[4358.822s][info][gc,phases      ] GC(1229)   Other: 0.10ms
[4358.822s][info][gc,heap        ] GC(1229) Eden regions: 1102->0(1118)
[4358.822s][info][gc,heap        ] GC(1229) Survivor regions: 112->110(152)
[4358.822s][info][gc,heap        ] GC(1229) Old regions: 539->476
[4358.822s][info][gc,heap        ] GC(1229) Humongous regions: 80->80
[4358.822s][info][gc,metaspace   ] GC(1229) Metaspace: 28895K(29312K)->28895K(29312K) NonClass: 24027K(24256K)->24027K(24256K) Class: 4868K(5056K)->4868K(5056K)
[4358.822s][info][gc             ] GC(1229) Pause Young (Mixed) (G1 Evacuation Pause) 3665M->1331M(4096M) 135.551ms
[4358.822s][info][gc,cpu         ] GC(1229) User=0.80s Sys=0.00s Real=0.14s
..[4361.133s][info][gc,start       ] GC(1230) Pause Young (Concurrent Start) (G1 Evacuation Pause)
[4361.133s][info][gc,task        ] GC(1230) Using 6 workers of 6 for evacuation
[4361.253s][info][gc,phases      ] GC(1230)   Pre Evacuate Collection Set: 0.35ms
[4361.253s][info][gc,phases      ] GC(1230)   Merge Heap Roots: 0.54ms
[4361.253s][info][gc,phases      ] GC(1230)   Evacuate Collection Set: 118.49ms
[4361.253s][info][gc,phases      ] GC(1230)   Post Evacuate Collection Set: 0.89ms
[4361.253s][info][gc,phases      ] GC(1230)   Other: 0.12ms
[4361.253s][info][gc,heap        ] GC(1230) Eden regions: 1118->0(1117)
[4361.253s][info][gc,heap        ] GC(1230) Survivor regions: 110->111(154)
[4361.253s][info][gc,heap        ] GC(1230) Old regions: 476->509
[4361.253s][info][gc,heap        ] GC(1230) Humongous regions: 80->80
[4361.253s][info][gc,metaspace   ] GC(1230) Metaspace: 28895K(29312K)->28895K(29312K) NonClass: 24027K(24256K)->24027K(24256K) Class: 4868K(5056K)->4868K(5056K)
[4361.253s][info][gc             ] GC(1230) Pause Young (Concurrent Start) (G1 Evacuation Pause) 3567M->1397M(4096M) 120.527ms
[4361.253s][info][gc             ] GC(1231) Concurrent Mark Cycle
[4361.253s][info][gc,marking     ] GC(1231) Concurrent Scan Root Regions
[4361.253s][info][gc,cpu         ] GC(1230) User=0.72s Sys=0.00s Real=0.12s
.[4361.431s][info][gc,marking     ] GC(1231) Concurrent Scan Root Regions 177.778ms
[4361.431s][info][gc,marking     ] GC(1231) Concurrent Mark
[4361.431s][info][gc,marking     ] GC(1231) Concurrent Mark From Roots
[4361.431s][info][gc,task        ] GC(1231) Using 2 workers of 2 for marking
.[4362.393s][info][gc,marking     ] GC(1231) Concurrent Mark From Roots 961.309ms
[4362.393s][info][gc,marking     ] GC(1231) Concurrent Preclean
[4362.393s][info][gc,marking     ] GC(1231) Concurrent Preclean 0.085ms
[4362.394s][info][gc,start       ] GC(1231) Pause Remark
[4362.401s][info][gc             ] GC(1231) Pause Remark 2487M->2487M(4096M) 6.940ms
[4362.401s][info][gc,cpu         ] GC(1231) User=0.04s Sys=0.00s Real=0.01s
[4362.401s][info][gc,marking     ] GC(1231) Concurrent Mark 969.923ms
[4362.401s][info][gc,marking     ] GC(1231) Concurrent Rebuild Remembered Sets and Scrub Regions
[4362.818s][info][gc,marking     ] GC(1231) Concurrent Rebuild Remembered Sets and Scrub Regions 416.639ms
[4362.820s][info][gc,start       ] GC(1231) Pause Cleanup
[4362.820s][info][gc             ] GC(1231) Pause Cleanup 2889M->2889M(4096M) 0.130ms
[4362.820s][info][gc,cpu         ] GC(1231) User=0.00s Sys=0.00s Real=0.00s
[4362.820s][info][gc,marking     ] GC(1231) Concurrent Clear Claimed Marks
[4362.821s][info][gc,marking     ] GC(1231) Concurrent Clear Claimed Marks 0.040ms
[4362.821s][info][gc,marking     ] GC(1231) Concurrent Cleanup for Next Mark
[4362.827s][info][gc,marking     ] GC(1231) Concurrent Cleanup for Next Mark 6.522ms
[4362.827s][info][gc             ] GC(1231) Concurrent Mark Cycle 1573.738ms
.[4363.557s][info][gc,start       ] GC(1232) Pause Young (Prepare Mixed) (G1 Evacuation Pause)
[4363.557s][info][gc,task        ] GC(1232) Using 6 workers of 6 for evacuation
[4363.678s][info][gc,phases      ] GC(1232)   Pre Evacuate Collection Set: 0.34ms
[4363.678s][info][gc,phases      ] GC(1232)   Merge Heap Roots: 0.61ms
[4363.678s][info][gc,phases      ] GC(1232)   Evacuate Collection Set: 118.56ms
[4363.678s][info][gc,phases      ] GC(1232)   Post Evacuate Collection Set: 0.90ms
[4363.678s][info][gc,phases      ] GC(1232)   Other: 0.09ms
[4363.678s][info][gc,heap        ] GC(1232) Eden regions: 1117->0(1105)
[4363.678s][info][gc,heap        ] GC(1232) Survivor regions: 111->110(154)
[4363.678s][info][gc,heap        ] GC(1232) Old regions: 509->540
[4363.678s][info][gc,heap        ] GC(1232) Humongous regions: 80->80
[4363.678s][info][gc,metaspace   ] GC(1232) Metaspace: 28895K(29312K)->28895K(29312K) NonClass: 24027K(24256K)->24027K(24256K) Class: 4868K(5056K)->4868K(5056K)
[4363.678s][info][gc             ] GC(1232) Pause Young (Prepare Mixed) (G1 Evacuation Pause) 3631M->1459M(4096M) 120.624ms
[4363.678s][info][gc,cpu         ] GC(1232) User=0.72s Sys=0.00s Real=0.12s
..[4365.969s][info][gc,start       ] GC(1233) Pause Young (Mixed) (G1 Evacuation Pause)
[4365.969s][info][gc,task        ] GC(1233) Using 6 workers of 6 for evacuation
[4366.102s][info][gc,phases      ] GC(1233)   Pre Evacuate Collection Set: 0.39ms
[4366.102s][info][gc,phases      ] GC(1233)   Merge Heap Roots: 0.74ms
[4366.102s][info][gc,phases      ] GC(1233)   Evacuate Collection Set: 130.39ms
[4366.102s][info][gc,phases      ] GC(1233)   Post Evacuate Collection Set: 0.93ms
[4366.102s][info][gc,phases      ] GC(1233)   Other: 0.09ms
[4366.102s][info][gc,heap        ] GC(1233) Eden regions: 1105->0(1119)
[4366.102s][info][gc,heap        ] GC(1233) Survivor regions: 110->109(152)
[4366.102s][info][gc,heap        ] GC(1233) Old regions: 540->476
[4366.102s][info][gc,heap        ] GC(1233) Humongous regions: 80->80
[4366.102s][info][gc,metaspace   ] GC(1233) Metaspace: 28895K(29312K)->28895K(29312K) NonClass: 24027K(24256K)->24027K(24256K) Class: 4868K(5056K)->4868K(5056K)
[4366.102s][info][gc             ] GC(1233) Pause Young (Mixed) (G1 Evacuation Pause) 3669M->1327M(4096M) 132.702ms
[4366.102s][info][gc,cpu         ] GC(1233) User=0.79s Sys=0.00s Real=0.13s
...[4368.372s][info][gc,start       ] GC(1234) Pause Young (Concurrent Start) (G1 Evacuation Pause)
[4368.372s][info][gc,task        ] GC(1234) Using 6 workers of 6 for evacuation
[4368.495s][info][gc,phases      ] GC(1234)   Pre Evacuate Collection Set: 0.36ms
[4368.495s][info][gc,phases      ] GC(1234)   Merge Heap Roots: 0.49ms
[4368.495s][info][gc,phases      ] GC(1234)   Evacuate Collection Set: 121.16ms
[4368.495s][info][gc,phases      ] GC(1234)   Post Evacuate Collection Set: 0.85ms
[4368.495s][info][gc,phases      ] GC(1234)   Other: 0.13ms
[4368.495s][info][gc,heap        ] GC(1234) Eden regions: 1119->0(1114)
[4368.496s][info][gc,heap        ] GC(1234) Survivor regions: 109->114(154)
[4368.496s][info][gc,heap        ] GC(1234) Old regions: 476->507
[4368.496s][info][gc,heap        ] GC(1234) Humongous regions: 80->80
[4368.496s][info][gc,metaspace   ] GC(1234) Metaspace: 28895K(29312K)->28895K(29312K) NonClass: 24027K(24256K)->24027K(24256K) Class: 4868K(5056K)->4868K(5056K)
[4368.496s][info][gc             ] GC(1234) Pause Young (Concurrent Start) (G1 Evacuation Pause) 3565M->1401M(4096M) 123.123ms
[4368.496s][info][gc             ] GC(1235) Concurrent Mark Cycle
[4368.496s][info][gc,marking     ] GC(1235) Concurrent Scan Root Regions
[4368.496s][info][gc,cpu         ] GC(1234) User=0.74s Sys=0.00s Real=0.12s
[4368.675s][info][gc,marking     ] GC(1235) Concurrent Scan Root Regions 179.356ms
[4368.675s][info][gc,marking     ] GC(1235) Concurrent Mark
[4368.675s][info][gc,marking     ] GC(1235) Concurrent Mark From Roots
[4368.675s][info][gc,task        ] GC(1235) Using 2 workers of 2 for marking
.[4369.674s][info][gc,marking     ] GC(1235) Concurrent Mark From Roots 999.141ms
[4369.674s][info][gc,marking     ] GC(1235) Concurrent Preclean
[4369.674s][info][gc,marking     ] GC(1235) Concurrent Preclean 0.100ms
[4369.679s][info][gc,start       ] GC(1235) Pause Remark
[4369.686s][info][gc             ] GC(1235) Pause Remark 2507M->2507M(4096M) 7.224ms
[4369.686s][info][gc,cpu         ] GC(1235) User=0.04s Sys=0.00s Real=0.00s
[4369.686s][info][gc,marking     ] GC(1235) Concurrent Mark 1010.894ms
[4369.686s][info][gc,marking     ] GC(1235) Concurrent Rebuild Remembered Sets and Scrub Regions
[4369.969s][info][gc,marking     ] GC(1235) Concurrent Rebuild Remembered Sets and Scrub Regions 282.793ms
[4369.969s][info][gc,start       ] GC(1235) Pause Cleanup
[4369.969s][info][gc             ] GC(1235) Pause Cleanup 2813M->2813M(4096M) 0.111ms
[4369.969s][info][gc,cpu         ] GC(1235) User=0.00s Sys=0.00s Real=0.00s
[4369.969s][info][gc,marking     ] GC(1235) Concurrent Clear Claimed Marks
[4369.969s][info][gc,marking     ] GC(1235) Concurrent Clear Claimed Marks 0.021ms
[4369.969s][info][gc,marking     ] GC(1235) Concurrent Cleanup for Next Mark
[4369.973s][info][gc,marking     ] GC(1235) Concurrent Cleanup for Next Mark 4.429ms
[4369.973s][info][gc             ] GC(1235) Concurrent Mark Cycle 1477.930ms
.[4370.874s][info][gc,start       ] GC(1236) Pause Young (Prepare Mixed) (G1 Evacuation Pause)
[4370.874s][info][gc,task        ] GC(1236) Using 6 workers of 6 for evacuation
[4370.991s][info][gc,phases      ] GC(1236)   Pre Evacuate Collection Set: 0.30ms
[4370.991s][info][gc,phases      ] GC(1236)   Merge Heap Roots: 0.51ms
[4370.991s][info][gc,phases      ] GC(1236)   Evacuate Collection Set: 115.29ms
[4370.991s][info][gc,phases      ] GC(1236)   Post Evacuate Collection Set: 0.91ms
[4370.991s][info][gc,phases      ] GC(1236)   Other: 0.09ms
[4370.991s][info][gc,heap        ] GC(1236) Eden regions: 1114->0(1109)
[4370.991s][info][gc,heap        ] GC(1236) Survivor regions: 114->109(154)
[4370.991s][info][gc,heap        ] GC(1236) Old regions: 507->538
[4370.991s][info][gc,heap        ] GC(1236) Humongous regions: 80->80
[4370.991s][info][gc,metaspace   ] GC(1236) Metaspace: 28895K(29312K)->28895K(29312K) NonClass: 24027K(24256K)->24027K(24256K) Class: 4868K(5056K)->4868K(5056K)
[4370.991s][info][gc             ] GC(1236) Pause Young (Prepare Mixed) (G1 Evacuation Pause) 3629M->1452M(4096M) 117.243ms
[4370.991s][info][gc,cpu         ] GC(1236) User=0.69s Sys=0.00s Real=0.12s
..[4373.183s][info][gc,start       ] GC(1237) Pause Young (Mixed) (G1 Evacuation Pause)
[4373.183s][info][gc,task        ] GC(1237) Using 6 workers of 6 for evacuation
[4373.317s][info][gc,phases      ] GC(1237)   Pre Evacuate Collection Set: 0.35ms
[4373.317s][info][gc,phases      ] GC(1237)   Merge Heap Roots: 0.75ms
[4373.317s][info][gc,phases      ] GC(1237)   Evacuate Collection Set: 131.93ms
[4373.317s][info][gc,phases      ] GC(1237)   Post Evacuate Collection Set: 0.93ms
[4373.317s][info][gc,phases      ] GC(1237)   Other: 0.09ms
[4373.317s][info][gc,heap        ] GC(1237) Eden regions: 1109->0(1119)
[4373.317s][info][gc,heap        ] GC(1237) Survivor regions: 109->109(153)
[4373.317s][info][gc,heap        ] GC(1237) Old regions: 538->472
[4373.317s][info][gc,heap        ] GC(1237) Humongous regions: 80->80
[4373.317s][info][gc,metaspace   ] GC(1237) Metaspace: 28895K(29312K)->28895K(29312K) NonClass: 24027K(24256K)->24027K(24256K) Class: 4868K(5056K)->4868K(5056K)
[4373.317s][info][gc             ] GC(1237) Pause Young (Mixed) (G1 Evacuation Pause) 3670M->1321M(4096M) 134.180ms
[4373.317s][info][gc,cpu         ] GC(1237) User=0.80s Sys=0.00s Real=0.13s
...[4375.654s][info][gc,start       ] GC(1238) Pause Young (Concurrent Start) (G1 Evacuation Pause)
[4375.654s][info][gc,task        ] GC(1238) Using 6 workers of 6 for evacuation
[4375.775s][info][gc,phases      ] GC(1238)   Pre Evacuate Collection Set: 0.33ms
[4375.775s][info][gc,phases      ] GC(1238)   Merge Heap Roots: 0.53ms
[4375.775s][info][gc,phases      ] GC(1238)   Evacuate Collection Set: 118.98ms
[4375.775s][info][gc,phases      ] GC(1238)   Post Evacuate Collection Set: 0.90ms
[4375.775s][info][gc,phases      ] GC(1238)   Other: 0.11ms
[4375.775s][info][gc,heap        ] GC(1238) Eden regions: 1119->0(1117)
[4375.775s][info][gc,heap        ] GC(1238) Survivor regions: 109->111(154)
[4375.775s][info][gc,heap        ] GC(1238) Old regions: 472->505
[4375.775s][info][gc,heap        ] GC(1238) Humongous regions: 80->80
[4375.775s][info][gc,metaspace   ] GC(1238) Metaspace: 28895K(29312K)->28895K(29312K) NonClass: 24027K(24256K)->24027K(24256K) Class: 4868K(5056K)->4868K(5056K)
[4375.775s][info][gc             ] GC(1238) Pause Young (Concurrent Start) (G1 Evacuation Pause) 3559M->1389M(4096M) 120.992ms
[4375.775s][info][gc             ] GC(1239) Concurrent Mark Cycle
[4375.775s][info][gc,marking     ] GC(1239) Concurrent Scan Root Regions
[4375.775s][info][gc,cpu         ] GC(1238) User=0.72s Sys=0.00s Real=0.12s
[4375.919s][info][gc,marking     ] GC(1239) Concurrent Scan Root Regions 144.772ms
[4375.919s][info][gc,marking     ] GC(1239) Concurrent Mark
[4375.919s][info][gc,marking     ] GC(1239) Concurrent Mark From Roots
[4375.919s][info][gc,task        ] GC(1239) Using 2 workers of 2 for marking
.[4376.614s][info][gc,marking     ] GC(1239) Concurrent Mark From Roots 694.698ms
[4376.614s][info][gc,marking     ] GC(1239) Concurrent Preclean
[4376.614s][info][gc,marking     ] GC(1239) Concurrent Preclean 0.088ms
[4376.615s][info][gc,start       ] GC(1239) Pause Remark
[4376.621s][info][gc             ] GC(1239) Pause Remark 2166M->2166M(4096M) 6.136ms
[4376.621s][info][gc,cpu         ] GC(1239) User=0.04s Sys=0.00s Real=0.01s
[4376.622s][info][gc,marking     ] GC(1239) Concurrent Mark 702.239ms
[4376.622s][info][gc,marking     ] GC(1239) Concurrent Rebuild Remembered Sets and Scrub Regions
[4376.956s][info][gc,marking     ] GC(1239) Concurrent Rebuild Remembered Sets and Scrub Regions 334.592ms
[4376.957s][info][gc,start       ] GC(1239) Pause Cleanup
[4376.957s][info][gc             ] GC(1239) Pause Cleanup 2449M->2449M(4096M) 0.116ms
[4376.957s][info][gc,cpu         ] GC(1239) User=0.00s Sys=0.00s Real=0.00s
[4376.958s][info][gc,marking     ] GC(1239) Concurrent Clear Claimed Marks
[4376.958s][info][gc,marking     ] GC(1239) Concurrent Clear Claimed Marks 0.050ms
[4376.958s][info][gc,marking     ] GC(1239) Concurrent Cleanup for Next Mark
[4376.968s][info][gc,marking     ] GC(1239) Concurrent Cleanup for Next Mark 9.673ms
[4376.968s][info][gc             ] GC(1239) Concurrent Mark Cycle 1193.578ms
.[4378.077s][info][gc,start       ] GC(1240) Pause Young (Prepare Mixed) (G1 Evacuation Pause)
[4378.077s][info][gc,task        ] GC(1240) Using 6 workers of 6 for evacuation
[4378.193s][info][gc,phases      ] GC(1240)   Pre Evacuate Collection Set: 0.29ms
[4378.193s][info][gc,phases      ] GC(1240)   Merge Heap Roots: 0.51ms
[4378.193s][info][gc,phases      ] GC(1240)   Evacuate Collection Set: 114.73ms
[4378.193s][info][gc,phases      ] GC(1240)   Post Evacuate Collection Set: 0.93ms
[4378.193s][info][gc,phases      ] GC(1240)   Other: 0.08ms
[4378.193s][info][gc,heap        ] GC(1240) Eden regions: 1117->0(1108)
[4378.193s][info][gc,heap        ] GC(1240) Survivor regions: 111->111(154)
[4378.193s][info][gc,heap        ] GC(1240) Old regions: 505->535
[4378.193s][info][gc,heap        ] GC(1240) Humongous regions: 80->80
[4378.193s][info][gc,metaspace   ] GC(1240) Metaspace: 28895K(29312K)->28895K(29312K) NonClass: 24027K(24256K)->24027K(24256K) Class: 4868K(5056K)->4868K(5056K)
[4378.193s][info][gc             ] GC(1240) Pause Young (Prepare Mixed) (G1 Evacuation Pause) 3623M->1450M(4096M) 116.676ms
[4378.193s][info][gc,cpu         ] GC(1240) User=0.70s Sys=0.00s Real=0.12s
...[4380.459s][info][gc,start       ] GC(1241) Pause Young (Mixed) (G1 Evacuation Pause)
[4380.459s][info][gc,task        ] GC(1241) Using 6 workers of 6 for evacuation
[4380.598s][info][gc,phases      ] GC(1241)   Pre Evacuate Collection Set: 0.35ms
[4380.598s][info][gc,phases      ] GC(1241)   Merge Heap Roots: 0.77ms
[4380.598s][info][gc,phases      ] GC(1241)   Evacuate Collection Set: 137.40ms
[4380.598s][info][gc,phases      ] GC(1241)   Post Evacuate Collection Set: 0.95ms
[4380.598s][info][gc,phases      ] GC(1241)   Other: 0.08ms
[4380.598s][info][gc,heap        ] GC(1241) Eden regions: 1108->0(1115)
[4380.598s][info][gc,heap        ] GC(1241) Survivor regions: 111->113(153)
[4380.598s][info][gc,heap        ] GC(1241) Old regions: 535->474
[4380.598s][info][gc,heap        ] GC(1241) Humongous regions: 80->80
[4380.598s][info][gc,metaspace   ] GC(1241) Metaspace: 28895K(29312K)->28895K(29312K) NonClass: 24027K(24256K)->24027K(24256K) Class: 4868K(5056K)->4868K(5056K)
[4380.598s][info][gc             ] GC(1241) Pause Young (Mixed) (G1 Evacuation Pause) 3666M->1332M(4096M) 139.696ms
[4380.598s][info][gc,cpu         ] GC(1241) User=0.83s Sys=0.00s Real=0.13s
..[4382.938s][info][gc,start       ] GC(1242) Pause Young (Concurrent Start) (G1 Evacuation Pause)
[4382.938s][info][gc,task        ] GC(1242) Using 6 workers of 6 for evacuation
[4383.055s][info][gc,phases      ] GC(1242)   Pre Evacuate Collection Set: 0.39ms
[4383.055s][info][gc,phases      ] GC(1242)   Merge Heap Roots: 0.47ms
[4383.055s][info][gc,phases      ] GC(1242)   Evacuate Collection Set: 115.14ms
[4383.055s][info][gc,phases      ] GC(1242)   Post Evacuate Collection Set: 0.88ms
[4383.055s][info][gc,phases      ] GC(1242)   Other: 0.11ms
[4383.055s][info][gc,heap        ] GC(1242) Eden regions: 1115->0(1118)
[4383.055s][info][gc,heap        ] GC(1242) Survivor regions: 113->110(154)
[4383.055s][info][gc,heap        ] GC(1242) Old regions: 474->507
[4383.055s][info][gc,heap        ] GC(1242) Humongous regions: 80->80
[4383.055s][info][gc,metaspace   ] GC(1242) Metaspace: 28895K(29312K)->28895K(29312K) NonClass: 24027K(24256K)->24027K(24256K) Class: 4868K(5056K)->4868K(5056K)
[4383.055s][info][gc             ] GC(1242) Pause Young (Concurrent Start) (G1 Evacuation Pause) 3562M->1391M(4096M) 117.161ms
[4383.055s][info][gc             ] GC(1243) Concurrent Mark Cycle
[4383.055s][info][gc,marking     ] GC(1243) Concurrent Scan Root Regions
[4383.055s][info][gc,cpu         ] GC(1242) User=0.70s Sys=0.00s Real=0.12s
[4383.200s][info][gc,marking     ] GC(1243) Concurrent Scan Root Regions 144.395ms
[4383.200s][info][gc,marking     ] GC(1243) Concurrent Mark
[4383.200s][info][gc,marking     ] GC(1243) Concurrent Mark From Roots
[4383.200s][info][gc,task        ] GC(1243) Using 2 workers of 2 for marking
.[4383.906s][info][gc,marking     ] GC(1243) Concurrent Mark From Roots 706.635ms
[4383.906s][info][gc,marking     ] GC(1243) Concurrent Preclean
[4383.907s][info][gc,marking     ] GC(1243) Concurrent Preclean 0.078ms
[4383.907s][info][gc,start       ] GC(1243) Pause Remark
[4383.912s][info][gc             ] GC(1243) Pause Remark 2191M->2191M(4096M) 4.914ms
[4383.912s][info][gc,cpu         ] GC(1243) User=0.03s Sys=0.00s Real=0.01s
[4383.913s][info][gc,marking     ] GC(1243) Concurrent Mark 713.551ms
[4383.913s][info][gc,marking     ] GC(1243) Concurrent Rebuild Remembered Sets and Scrub Regions
[4384.192s][info][gc,marking     ] GC(1243) Concurrent Rebuild Remembered Sets and Scrub Regions 279.040ms
[4384.195s][info][gc,start       ] GC(1243) Pause Cleanup
[4384.195s][info][gc             ] GC(1243) Pause Cleanup 2493M->2493M(4096M) 0.139ms
[4384.195s][info][gc,cpu         ] GC(1243) User=0.00s Sys=0.00s Real=0.00s
[4384.195s][info][gc,marking     ] GC(1243) Concurrent Clear Claimed Marks
[4384.195s][info][gc,marking     ] GC(1243) Concurrent Clear Claimed Marks 0.038ms
[4384.195s][info][gc,marking     ] GC(1243) Concurrent Cleanup for Next Mark
[4384.202s][info][gc,marking     ] GC(1243) Concurrent Cleanup for Next Mark 7.004ms
[4384.202s][info][gc             ] GC(1243) Concurrent Mark Cycle 1147.108ms
.[4385.293s][info][gc,start       ] GC(1244) Pause Young (Prepare Mixed) (G1 Evacuation Pause)
[4385.293s][info][gc,task        ] GC(1244) Using 6 workers of 6 for evacuation
[4385.415s][info][gc,phases      ] GC(1244)   Pre Evacuate Collection Set: 0.35ms
[4385.415s][info][gc,phases      ] GC(1244)   Merge Heap Roots: 0.56ms
[4385.415s][info][gc,phases      ] GC(1244)   Evacuate Collection Set: 119.87ms
[4385.415s][info][gc,phases      ] GC(1244)   Post Evacuate Collection Set: 0.91ms
[4385.415s][info][gc,phases      ] GC(1244)   Other: 0.08ms
[4385.415s][info][gc,heap        ] GC(1244) Eden regions: 1118->0(1102)
[4385.415s][info][gc,heap        ] GC(1244) Survivor regions: 110->113(154)
[4385.415s][info][gc,heap        ] GC(1244) Old regions: 507->537
[4385.415s][info][gc,heap        ] GC(1244) Humongous regions: 80->80
[4385.415s][info][gc,metaspace   ] GC(1244) Metaspace: 28895K(29312K)->28895K(29312K) NonClass: 24027K(24256K)->24027K(24256K) Class: 4868K(5056K)->4868K(5056K)
[4385.415s][info][gc             ] GC(1244) Pause Young (Prepare Mixed) (G1 Evacuation Pause) 3627M->1458M(4096M) 121.895ms
[4385.415s][info][gc,cpu         ] GC(1244) User=0.72s Sys=0.00s Real=0.12s
...[4387.703s][info][gc,start       ] GC(1245) Pause Young (Mixed) (G1 Evacuation Pause)
[4387.703s][info][gc,task        ] GC(1245) Using 6 workers of 6 for evacuation
[4387.836s][info][gc,phases      ] GC(1245)   Pre Evacuate Collection Set: 0.33ms
[4387.836s][info][gc,phases      ] GC(1245)   Merge Heap Roots: 0.73ms
[4387.836s][info][gc,phases      ] GC(1245)   Evacuate Collection Set: 131.29ms
[4387.836s][info][gc,phases      ] GC(1245)   Post Evacuate Collection Set: 0.94ms
[4387.836s][info][gc,phases      ] GC(1245)   Other: 0.08ms
[4387.836s][info][gc,heap        ] GC(1245) Eden regions: 1102->0(1118)
[4387.836s][info][gc,heap        ] GC(1245) Survivor regions: 113->110(152)
[4387.836s][info][gc,heap        ] GC(1245) Old regions: 537->474
[4387.836s][info][gc,heap        ] GC(1245) Humongous regions: 80->80
[4387.836s][info][gc,metaspace   ] GC(1245) Metaspace: 28895K(29312K)->28895K(29312K) NonClass: 24027K(24256K)->24027K(24256K) Class: 4868K(5056K)->4868K(5056K)
[4387.836s][info][gc             ] GC(1245) Pause Young (Mixed) (G1 Evacuation Pause) 3662M->1326M(4096M) 133.514ms
[4387.836s][info][gc,cpu         ] GC(1245) User=0.79s Sys=0.00s Real=0.13s
..[4390.078s][info][gc,start       ] GC(1246) Pause Young (Concurrent Start) (G1 Evacuation Pause)
[4390.078s][info][gc,task        ] GC(1246) Using 6 workers of 6 for evacuation
[4390.197s][info][gc,phases      ] GC(1246)   Pre Evacuate Collection Set: 0.38ms
[4390.197s][info][gc,phases      ] GC(1246)   Merge Heap Roots: 0.46ms
[4390.197s][info][gc,phases      ] GC(1246)   Evacuate Collection Set: 117.73ms
[4390.197s][info][gc,phases      ] GC(1246)   Post Evacuate Collection Set: 0.86ms
[4390.197s][info][gc,phases      ] GC(1246)   Other: 0.12ms
[4390.197s][info][gc,heap        ] GC(1246) Eden regions: 1118->0(1116)
[4390.197s][info][gc,heap        ] GC(1246) Survivor regions: 110->112(154)
[4390.197s][info][gc,heap        ] GC(1246) Old regions: 474->506
[4390.197s][info][gc,heap        ] GC(1246) Humongous regions: 80->80
[4390.197s][info][gc,metaspace   ] GC(1246) Metaspace: 28895K(29312K)->28895K(29312K) NonClass: 24027K(24256K)->24027K(24256K) Class: 4868K(5056K)->4868K(5056K)
[4390.197s][info][gc             ] GC(1246) Pause Young (Concurrent Start) (G1 Evacuation Pause) 3562M->1393M(4096M) 119.676ms
[4390.197s][info][gc             ] GC(1247) Concurrent Mark Cycle
[4390.197s][info][gc,marking     ] GC(1247) Concurrent Scan Root Regions
[4390.197s][info][gc,cpu         ] GC(1246) User=0.71s Sys=0.00s Real=0.12s
[4390.388s][info][gc,marking     ] GC(1247) Concurrent Scan Root Regions 190.160ms
[4390.388s][info][gc,marking     ] GC(1247) Concurrent Mark
[4390.388s][info][gc,marking     ] GC(1247) Concurrent Mark From Roots
[4390.388s][info][gc,task        ] GC(1247) Using 2 workers of 2 for marking
. (rIR:aIR:PR = 7749:7729:7729) (tPR = 114495) [OK] 
  4390s: Performance info:
         Transaction,    Success,    Partial,     Failed,   Receipts, AvgBarcode, 
             Overall,     464539,          0,          0,     441218,      59.48, 
         Response times:
             Request,    Success,    Partial,     Failed,   SkipFail,     Probes,    Samples,      min,      p50,      p90,      p95,      p99,      max, 
       TotalPurchase,     441375,          0,          0,          0,     356020,     398128,      300,     6800,    79000,   118000,   180000,   393000,
     InStorePurchase,     231596,          0,          0,          0,     187325,     208972,      300,     6800,    78000,   118000,   180000,   391000,
      OnlinePurchase,     162918,          0,          0,          0,     131058,     146687,      300,     6900,    81000,   119000,   180000,   393000,
        InstPurchase,      46861,          0,          0,          0,      37637,      42469,      300,     6500,    75000,   115000,   178000,   370000,
          AssocOfCat,        464,          0,          0,          0,        378,        522,    24000,    48000,   150800,   187850,   270540,   287000,
      AssocOfProduct,       4660,          0,          0,          0,       4313,       5032,      800,     8200,    88000,   125000,   184000,   252000,
      BusinessReport,       1157,          0,          0,          0,       1006,       1226,    29000,    53000,   147300,   190000,   246730,   341000,
          CustBuyBeh,       4687,          0,          0,          0,       4388,       5210,      700,     7300,    81000,   117000,   178890,   250000,
       ProductReturn,      12264,          0,          0,          0,       9353,      10729,      300,     6900,    81000,   117000,   182700,   285000,

  4390s: (57%)   IR =   7887 [4391.330s][info][gc,marking     ] GC(1247) Concurrent Mark From Roots 942.694ms
[4391.330s][info][gc,marking     ] GC(1247) Concurrent Preclean
[4391.331s][info][gc,marking     ] GC(1247) Concurrent Preclean 0.093ms
[4391.331s][info][gc,start       ] GC(1247) Pause Remark
[4391.339s][info][gc             ] GC(1247) Pause Remark 2421M->2421M(4096M) 7.083ms
[4391.339s][info][gc,cpu         ] GC(1247) User=0.04s Sys=0.00s Real=0.01s
[4391.339s][info][gc,marking     ] GC(1247) Concurrent Mark 951.800ms
[4391.339s][info][gc,marking     ] GC(1247) Concurrent Rebuild Remembered Sets and Scrub Regions
[4391.757s][info][gc,marking     ] GC(1247) Concurrent Rebuild Remembered Sets and Scrub Regions 417.631ms
[4391.757s][info][gc,start       ] GC(1247) Pause Cleanup
[4391.757s][info][gc             ] GC(1247) Pause Cleanup 2882M->2882M(4096M) 0.112ms
[4391.757s][info][gc,cpu         ] GC(1247) User=0.00s Sys=0.00s Real=0.00s
[4391.757s][info][gc,marking     ] GC(1247) Concurrent Clear Claimed Marks
[4391.757s][info][gc,marking     ] GC(1247) Concurrent Clear Claimed Marks 0.020ms
[4391.757s][info][gc,marking     ] GC(1247) Concurrent Cleanup for Next Mark
.[4391.762s][info][gc,marking     ] GC(1247) Concurrent Cleanup for Next Mark 4.662ms
[4391.762s][info][gc             ] GC(1247) Concurrent Mark Cycle 1564.736ms
[4392.532s][info][gc,start       ] GC(1248) Pause Young (Prepare Mixed) (G1 Evacuation Pause)
[4392.532s][info][gc,task        ] GC(1248) Using 6 workers of 6 for evacuation
[4392.651s][info][gc,phases      ] GC(1248)   Pre Evacuate Collection Set: 0.33ms
[4392.651s][info][gc,phases      ] GC(1248)   Merge Heap Roots: 0.53ms
[4392.651s][info][gc,phases      ] GC(1248)   Evacuate Collection Set: 117.21ms
[4392.651s][info][gc,phases      ] GC(1248)   Post Evacuate Collection Set: 0.91ms
[4392.651s][info][gc,phases      ] GC(1248)   Other: 0.09ms
[4392.651s][info][gc,heap        ] GC(1248) Eden regions: 1116->0(1111)
[4392.651s][info][gc,heap        ] GC(1248) Survivor regions: 112->108(154)
[4392.651s][info][gc,heap        ] GC(1248) Old regions: 506->538
[4392.651s][info][gc,heap        ] GC(1248) Humongous regions: 80->80
[4392.651s][info][gc,metaspace   ] GC(1248) Metaspace: 28895K(29312K)->28895K(29312K) NonClass: 24027K(24256K)->24027K(24256K) Class: 4868K(5056K)->4868K(5056K)
[4392.651s][info][gc             ] GC(1248) Pause Young (Prepare Mixed) (G1 Evacuation Pause) 3625M->1450M(4096M) 119.198ms
[4392.651s][info][gc,cpu         ] GC(1248) User=0.71s Sys=0.00s Real=0.12s
...[4394.959s][info][gc,start       ] GC(1249) Pause Young (Mixed) (G1 Evacuation Pause)
[4394.959s][info][gc,task        ] GC(1249) Using 6 workers of 6 for evacuation
[4395.098s][info][gc,phases      ] GC(1249)   Pre Evacuate Collection Set: 0.33ms
[4395.098s][info][gc,phases      ] GC(1249)   Merge Heap Roots: 0.64ms
[4395.098s][info][gc,phases      ] GC(1249)   Evacuate Collection Set: 136.57ms
[4395.098s][info][gc,phases      ] GC(1249)   Post Evacuate Collection Set: 0.98ms
[4395.098s][info][gc,phases      ] GC(1249)   Other: 0.09ms
[4395.098s][info][gc,heap        ] GC(1249) Eden regions: 1111->0(1114)
[4395.098s][info][gc,heap        ] GC(1249) Survivor regions: 108->114(153)
[4395.098s][info][gc,heap        ] GC(1249) Old regions: 538->473
[4395.098s][info][gc,heap        ] GC(1249) Humongous regions: 80->80
[4395.098s][info][gc,metaspace   ] GC(1249) Metaspace: 28895K(29312K)->28895K(29312K) NonClass: 24027K(24256K)->24027K(24256K) Class: 4868K(5056K)->4868K(5056K)
[4395.098s][info][gc             ] GC(1249) Pause Young (Mixed) (G1 Evacuation Pause) 3672M->1332M(4096M) 138.731ms
[4395.098s][info][gc,cpu         ] GC(1249) User=0.82s Sys=0.00s Real=0.13s
.|.[4397.346s][info][gc,start       ] GC(1250) Pause Young (Concurrent Start) (G1 Evacuation Pause)
[4397.346s][info][gc,task        ] GC(1250) Using 6 workers of 6 for evacuation
[4397.463s][info][gc,phases      ] GC(1250)   Pre Evacuate Collection Set: 0.38ms
[4397.463s][info][gc,phases      ] GC(1250)   Merge Heap Roots: 0.45ms
[4397.463s][info][gc,phases      ] GC(1250)   Evacuate Collection Set: 115.29ms
[4397.463s][info][gc,phases      ] GC(1250)   Post Evacuate Collection Set: 0.86ms
[4397.463s][info][gc,phases      ] GC(1250)   Other: 0.11ms
[4397.463s][info][gc,heap        ] GC(1250) Eden regions: 1114->0(1117)
[4397.463s][info][gc,heap        ] GC(1250) Survivor regions: 114->111(154)
[4397.463s][info][gc,heap        ] GC(1250) Old regions: 473->505
[4397.463s][info][gc,heap        ] GC(1250) Humongous regions: 80->80
[4397.463s][info][gc,metaspace   ] GC(1250) Metaspace: 28895K(29312K)->28895K(29312K) NonClass: 24027K(24256K)->24027K(24256K) Class: 4868K(5056K)->4868K(5056K)
[4397.463s][info][gc             ] GC(1250) Pause Young (Concurrent Start) (G1 Evacuation Pause) 3560M->1389M(4096M) 117.222ms
[4397.463s][info][gc             ] GC(1251) Concurrent Mark Cycle
[4397.463s][info][gc,marking     ] GC(1251) Concurrent Scan Root Regions
[4397.463s][info][gc,cpu         ] GC(1250) User=0.70s Sys=0.00s Real=0.12s
[4397.644s][info][gc,marking     ] GC(1251) Concurrent Scan Root Regions 181.120ms
[4397.645s][info][gc,marking     ] GC(1251) Concurrent Mark
[4397.645s][info][gc,marking     ] GC(1251) Concurrent Mark From Roots
[4397.645s][info][gc,task        ] GC(1251) Using 2 workers of 2 for marking
.[4398.609s][info][gc,marking     ] GC(1251) Concurrent Mark From Roots 964.325ms
[4398.609s][info][gc,marking     ] GC(1251) Concurrent Preclean
[4398.609s][info][gc,marking     ] GC(1251) Concurrent Preclean 0.118ms
[4398.610s][info][gc,start       ] GC(1251) Pause Remark
[4398.616s][info][gc             ] GC(1251) Pause Remark 2493M->2493M(4096M) 5.384ms
[4398.616s][info][gc,cpu         ] GC(1251) User=0.03s Sys=0.00s Real=0.00s
[4398.617s][info][gc,marking     ] GC(1251) Concurrent Mark 972.030ms
[4398.617s][info][gc,marking     ] GC(1251) Concurrent Rebuild Remembered Sets and Scrub Regions
.[4398.929s][info][gc,marking     ] GC(1251) Concurrent Rebuild Remembered Sets and Scrub Regions 312.503ms
[4398.929s][info][gc,start       ] GC(1251) Pause Cleanup
[4398.929s][info][gc             ] GC(1251) Pause Cleanup 2778M->2778M(4096M) 0.110ms
[4398.929s][info][gc,cpu         ] GC(1251) User=0.00s Sys=0.00s Real=0.00s
[4398.930s][info][gc,marking     ] GC(1251) Concurrent Clear Claimed Marks
[4398.930s][info][gc,marking     ] GC(1251) Concurrent Clear Claimed Marks 0.030ms
[4398.930s][info][gc,marking     ] GC(1251) Concurrent Cleanup for Next Mark
[4398.951s][info][gc,marking     ] GC(1251) Concurrent Cleanup for Next Mark 20.844ms
[4398.951s][info][gc             ] GC(1251) Concurrent Mark Cycle 1487.283ms
[4399.715s][info][gc,start       ] GC(1252) Pause Young (Prepare Mixed) (G1 Evacuation Pause)
[4399.715s][info][gc,task        ] GC(1252) Using 6 workers of 6 for evacuation
[4399.830s][info][gc,phases      ] GC(1252)   Pre Evacuate Collection Set: 0.31ms
[4399.830s][info][gc,phases      ] GC(1252)   Merge Heap Roots: 0.54ms
[4399.830s][info][gc,phases      ] GC(1252)   Evacuate Collection Set: 113.72ms
[4399.830s][info][gc,phases      ] GC(1252)   Post Evacuate Collection Set: 0.91ms
[4399.830s][info][gc,phases      ] GC(1252)   Other: 0.08ms
[4399.830s][info][gc,heap        ] GC(1252) Eden regions: 1117->0(1115)
[4399.830s][info][gc,heap        ] GC(1252) Survivor regions: 111->107(154)
[4399.830s][info][gc,heap        ] GC(1252) Old regions: 505->536
[4399.830s][info][gc,heap        ] GC(1252) Humongous regions: 80->80
[4399.830s][info][gc,metaspace   ] GC(1252) Metaspace: 28895K(29312K)->28895K(29312K) NonClass: 24027K(24256K)->24027K(24256K) Class: 4868K(5056K)->4868K(5056K)
[4399.831s][info][gc             ] GC(1252) Pause Young (Prepare Mixed) (G1 Evacuation Pause) 3623M->1445M(4096M) 115.701ms
[4399.831s][info][gc,cpu         ] GC(1252) User=0.69s Sys=0.00s Real=0.12s
...[4402.083s][info][gc,start       ] GC(1253) Pause Young (Mixed) (G1 Evacuation Pause)
[4402.083s][info][gc,task        ] GC(1253) Using 6 workers of 6 for evacuation
[4402.221s][info][gc,phases      ] GC(1253)   Pre Evacuate Collection Set: 0.35ms
[4402.221s][info][gc,phases      ] GC(1253)   Merge Heap Roots: 0.70ms
[4402.221s][info][gc,phases      ] GC(1253)   Evacuate Collection Set: 136.41ms
[4402.221s][info][gc,phases      ] GC(1253)   Post Evacuate Collection Set: 0.94ms
[4402.221s][info][gc,phases      ] GC(1253)   Other: 0.09ms
[4402.221s][info][gc,heap        ] GC(1253) Eden regions: 1115->0(1114)
[4402.221s][info][gc,heap        ] GC(1253) Survivor regions: 107->114(153)
[4402.221s][info][gc,heap        ] GC(1253) Old regions: 536->472
[4402.221s][info][gc,heap        ] GC(1253) Humongous regions: 80->80
[4402.221s][info][gc,metaspace   ] GC(1253) Metaspace: 28895K(29312K)->28895K(29312K) NonClass: 24027K(24256K)->24027K(24256K) Class: 4868K(5056K)->4868K(5056K)
[4402.221s][info][gc             ] GC(1253) Pause Young (Mixed) (G1 Evacuation Pause) 3675M->1329M(4096M) 138.634ms
[4402.221s][info][gc,cpu         ] GC(1253) User=0.83s Sys=0.00s Real=0.14s
..[4404.428s][info][gc,start       ] GC(1254) Pause Young (Concurrent Start) (G1 Evacuation Pause)
[4404.428s][info][gc,task        ] GC(1254) Using 6 workers of 6 for evacuation
[4404.550s][info][gc,phases      ] GC(1254)   Pre Evacuate Collection Set: 0.39ms
[4404.550s][info][gc,phases      ] GC(1254)   Merge Heap Roots: 0.46ms
[4404.550s][info][gc,phases      ] GC(1254)   Evacuate Collection Set: 120.36ms
[4404.550s][info][gc,phases      ] GC(1254)   Post Evacuate Collection Set: 0.92ms
[4404.550s][info][gc,phases      ] GC(1254)   Other: 0.11ms
[4404.550s][info][gc,heap        ] GC(1254) Eden regions: 1114->0(1114)
[4404.550s][info][gc,heap        ] GC(1254) Survivor regions: 114->114(154)
[4404.550s][info][gc,heap        ] GC(1254) Old regions: 472->504
[4404.550s][info][gc,heap        ] GC(1254) Humongous regions: 80->80
[4404.550s][info][gc,metaspace   ] GC(1254) Metaspace: 28898K(29312K)->28898K(29312K) NonClass: 24030K(24256K)->24030K(24256K) Class: 4868K(5056K)->4868K(5056K)
[4404.550s][info][gc             ] GC(1254) Pause Young (Concurrent Start) (G1 Evacuation Pause) 3557M->1393M(4096M) 122.380ms
[4404.550s][info][gc             ] GC(1255) Concurrent Mark Cycle
[4404.550s][info][gc,marking     ] GC(1255) Concurrent Scan Root Regions
[4404.550s][info][gc,cpu         ] GC(1254) User=0.73s Sys=0.00s Real=0.13s
[4404.731s][info][gc,marking     ] GC(1255) Concurrent Scan Root Regions 180.361ms
[4404.731s][info][gc,marking     ] GC(1255) Concurrent Mark
[4404.731s][info][gc,marking     ] GC(1255) Concurrent Mark From Roots
[4404.731s][info][gc,task        ] GC(1255) Using 2 workers of 2 for marking
.[4405.728s][info][gc,marking     ] GC(1255) Concurrent Mark From Roots 997.420ms
[4405.728s][info][gc,marking     ] GC(1255) Concurrent Preclean
[4405.728s][info][gc,marking     ] GC(1255) Concurrent Preclean 0.090ms
[4405.729s][info][gc,start       ] GC(1255) Pause Remark
[4405.734s][info][gc             ] GC(1255) Pause Remark 2479M->2479M(4096M) 5.243ms
[4405.734s][info][gc,cpu         ] GC(1255) User=0.03s Sys=0.00s Real=0.00s
[4405.735s][info][gc,marking     ] GC(1255) Concurrent Mark 1003.869ms
[4405.735s][info][gc,marking     ] GC(1255) Concurrent Rebuild Remembered Sets and Scrub Regions
.[4406.101s][info][gc,marking     ] GC(1255) Concurrent Rebuild Remembered Sets and Scrub Regions 366.141ms
[4406.103s][info][gc,start       ] GC(1255) Pause Cleanup
[4406.103s][info][gc             ] GC(1255) Pause Cleanup 2905M->2905M(4096M) 0.132ms
[4406.103s][info][gc,cpu         ] GC(1255) User=0.00s Sys=0.00s Real=0.00s
[4406.103s][info][gc,marking     ] GC(1255) Concurrent Clear Claimed Marks
[4406.103s][info][gc,marking     ] GC(1255) Concurrent Clear Claimed Marks 0.033ms
[4406.103s][info][gc,marking     ] GC(1255) Concurrent Cleanup for Next Mark
[4406.108s][info][gc,marking     ] GC(1255) Concurrent Cleanup for Next Mark 5.278ms
[4406.109s][info][gc             ] GC(1255) Concurrent Mark Cycle 1558.274ms
[4406.799s][info][gc,start       ] GC(1256) Pause Young (Prepare Mixed) (G1 Evacuation Pause)
[4406.799s][info][gc,task        ] GC(1256) Using 6 workers of 6 for evacuation
[4406.918s][info][gc,phases      ] GC(1256)   Pre Evacuate Collection Set: 0.28ms
[4406.918s][info][gc,phases      ] GC(1256)   Merge Heap Roots: 0.55ms
[4406.918s][info][gc,phases      ] GC(1256)   Evacuate Collection Set: 117.02ms
[4406.918s][info][gc,phases      ] GC(1256)   Post Evacuate Collection Set: 0.97ms
[4406.918s][info][gc,phases      ] GC(1256)   Other: 0.10ms
[4406.918s][info][gc,heap        ] GC(1256) Eden regions: 1114->0(1108)
[4406.918s][info][gc,heap        ] GC(1256) Survivor regions: 114->111(154)
[4406.918s][info][gc,heap        ] GC(1256) Old regions: 504->535
[4406.918s][info][gc,heap        ] GC(1256) Humongous regions: 80->80
[4406.918s][info][gc,metaspace   ] GC(1256) Metaspace: 28898K(29312K)->28898K(29312K) NonClass: 24030K(24256K)->24030K(24256K) Class: 4868K(5056K)->4868K(5056K)
[4406.919s][info][gc             ] GC(1256) Pause Young (Prepare Mixed) (G1 Evacuation Pause) 3621M->1450M(4096M) 119.065ms
[4406.919s][info][gc,cpu         ] GC(1256) User=0.71s Sys=0.00s Real=0.12s
...[4409.149s][info][gc,start       ] GC(1257) Pause Young (Mixed) (G1 Evacuation Pause)
[4409.149s][info][gc,task        ] GC(1257) Using 6 workers of 6 for evacuation
[4409.291s][info][gc,phases      ] GC(1257)   Pre Evacuate Collection Set: 0.36ms
[4409.291s][info][gc,phases      ] GC(1257)   Merge Heap Roots: 0.76ms
[4409.291s][info][gc,phases      ] GC(1257)   Evacuate Collection Set: 139.73ms
[4409.291s][info][gc,phases      ] GC(1257)   Post Evacuate Collection Set: 0.96ms
[4409.291s][info][gc,phases      ] GC(1257)   Other: 0.09ms
[4409.291s][info][gc,heap        ] GC(1257) Eden regions: 1108->0(1112)
[4409.291s][info][gc,heap        ] GC(1257) Survivor regions: 111->116(153)
[4409.291s][info][gc,heap        ] GC(1257) Old regions: 535->474
[4409.291s][info][gc,heap        ] GC(1257) Humongous regions: 80->80
[4409.291s][info][gc,metaspace   ] GC(1257) Metaspace: 28898K(29312K)->28898K(29312K) NonClass: 24030K(24256K)->24030K(24256K) Class: 4868K(5056K)->4868K(5056K)
[4409.291s][info][gc             ] GC(1257) Pause Young (Mixed) (G1 Evacuation Pause) 3666M->1337M(4096M) 142.044ms
[4409.291s][info][gc,cpu         ] GC(1257) User=0.85s Sys=0.00s Real=0.14s
..[4411.470s][info][gc,start       ] GC(1258) Pause Young (Concurrent Start) (G1 Evacuation Pause)
[4411.470s][info][gc,task        ] GC(1258) Using 6 workers of 6 for evacuation
[4411.593s][info][gc,phases      ] GC(1258)   Pre Evacuate Collection Set: 0.40ms
[4411.593s][info][gc,phases      ] GC(1258)   Merge Heap Roots: 0.48ms
[4411.593s][info][gc,phases      ] GC(1258)   Evacuate Collection Set: 120.96ms
[4411.593s][info][gc,phases      ] GC(1258)   Post Evacuate Collection Set: 0.88ms
[4411.593s][info][gc,phases      ] GC(1258)   Other: 0.10ms
[4411.593s][info][gc,heap        ] GC(1258) Eden regions: 1112->0(1115)
[4411.593s][info][gc,heap        ] GC(1258) Survivor regions: 116->113(154)
[4411.593s][info][gc,heap        ] GC(1258) Old regions: 474->506
[4411.593s][info][gc,heap        ] GC(1258) Humongous regions: 80->80
[4411.593s][info][gc,metaspace   ] GC(1258) Metaspace: 28898K(29312K)->28898K(29312K) NonClass: 24030K(24256K)->24030K(24256K) Class: 4868K(5056K)->4868K(5056K)
[4411.593s][info][gc             ] GC(1258) Pause Young (Concurrent Start) (G1 Evacuation Pause) 3561M->1396M(4096M) 122.962ms
[4411.593s][info][gc             ] GC(1259) Concurrent Mark Cycle
[4411.593s][info][gc,marking     ] GC(1259) Concurrent Scan Root Regions
[4411.593s][info][gc,cpu         ] GC(1258) User=0.73s Sys=0.00s Real=0.12s
[4411.740s][info][gc,marking     ] GC(1259) Concurrent Scan Root Regions 147.069ms
[4411.740s][info][gc,marking     ] GC(1259) Concurrent Mark
[4411.740s][info][gc,marking     ] GC(1259) Concurrent Mark From Roots
[4411.740s][info][gc,task        ] GC(1259) Using 2 workers of 2 for marking
.[4412.521s][info][gc,marking     ] GC(1259) Concurrent Mark From Roots 780.808ms
[4412.521s][info][gc,marking     ] GC(1259) Concurrent Preclean
[4412.521s][info][gc,marking     ] GC(1259) Concurrent Preclean 0.073ms
[4412.525s][info][gc,start       ] GC(1259) Pause Remark
[4412.528s][info][gc             ] GC(1259) Pause Remark 2270M->2270M(4096M) 3.692ms
[4412.528s][info][gc,cpu         ] GC(1259) User=0.02s Sys=0.00s Real=0.00s
[4412.529s][info][gc,marking     ] GC(1259) Concurrent Mark 788.408ms
[4412.529s][info][gc,marking     ] GC(1259) Concurrent Rebuild Remembered Sets and Scrub Regions
[4412.910s][info][gc,marking     ] GC(1259) Concurrent Rebuild Remembered Sets and Scrub Regions 381.255ms
[4412.911s][info][gc,start       ] GC(1259) Pause Cleanup
[4412.911s][info][gc             ] GC(1259) Pause Cleanup 2614M->2614M(4096M) 0.118ms
[4412.911s][info][gc,cpu         ] GC(1259) User=0.00s Sys=0.00s Real=0.00s
[4412.911s][info][gc,marking     ] GC(1259) Concurrent Clear Claimed Marks
[4412.911s][info][gc,marking     ] GC(1259) Concurrent Clear Claimed Marks 0.027ms
[4412.911s][info][gc,marking     ] GC(1259) Concurrent Cleanup for Next Mark
[4412.920s][info][gc,marking     ] GC(1259) Concurrent Cleanup for Next Mark 8.935ms
[4412.920s][info][gc             ] GC(1259) Concurrent Mark Cycle 1326.949ms
.[4413.901s][info][gc,start       ] GC(1260) Pause Young (Prepare Mixed) (G1 Evacuation Pause)
[4413.901s][info][gc,task        ] GC(1260) Using 6 workers of 6 for evacuation
[4414.018s][info][gc,phases      ] GC(1260)   Pre Evacuate Collection Set: 0.31ms
[4414.018s][info][gc,phases      ] GC(1260)   Merge Heap Roots: 0.52ms
[4414.018s][info][gc,phases      ] GC(1260)   Evacuate Collection Set: 115.37ms
[4414.018s][info][gc,phases      ] GC(1260)   Post Evacuate Collection Set: 0.90ms
[4414.018s][info][gc,phases      ] GC(1260)   Other: 0.09ms
[4414.018s][info][gc,heap        ] GC(1260) Eden regions: 1115->0(1111)
[4414.018s][info][gc,heap        ] GC(1260) Survivor regions: 113->108(154)
[4414.018s][info][gc,heap        ] GC(1260) Old regions: 506->538
[4414.018s][info][gc,heap        ] GC(1260) Humongous regions: 80->80
[4414.018s][info][gc,metaspace   ] GC(1260) Metaspace: 28898K(29312K)->28898K(29312K) NonClass: 24030K(24256K)->24030K(24256K) Class: 4868K(5056K)->4868K(5056K)
[4414.018s][info][gc             ] GC(1260) Pause Young (Prepare Mixed) (G1 Evacuation Pause) 3626M->1449M(4096M) 117.314ms
[4414.018s][info][gc,cpu         ] GC(1260) User=0.70s Sys=0.00s Real=0.11s
..[4416.244s][info][gc,start       ] GC(1261) Pause Young (Mixed) (G1 Evacuation Pause)
[4416.244s][info][gc,task        ] GC(1261) Using 6 workers of 6 for evacuation
[4416.383s][info][gc,phases      ] GC(1261)   Pre Evacuate Collection Set: 0.35ms
[4416.383s][info][gc,phases      ] GC(1261)   Merge Heap Roots: 0.72ms
[4416.383s][info][gc,phases      ] GC(1261)   Evacuate Collection Set: 136.64ms
[4416.383s][info][gc,phases      ] GC(1261)   Post Evacuate Collection Set: 0.93ms
[4416.383s][info][gc,phases      ] GC(1261)   Other: 0.08ms
[4416.383s][info][gc,heap        ] GC(1261) Eden regions: 1111->0(1117)
[4416.383s][info][gc,heap        ] GC(1261) Survivor regions: 108->111(153)
[4416.383s][info][gc,heap        ] GC(1261) Old regions: 538->475
[4416.383s][info][gc,heap        ] GC(1261) Humongous regions: 80->80
[4416.383s][info][gc,metaspace   ] GC(1261) Metaspace: 28898K(29312K)->28898K(29312K) NonClass: 24030K(24256K)->24030K(24256K) Class: 4868K(5056K)->4868K(5056K)
[4416.383s][info][gc             ] GC(1261) Pause Young (Mixed) (G1 Evacuation Pause) 3671M->1329M(4096M) 138.866ms
[4416.383s][info][gc,cpu         ] GC(1261) User=0.83s Sys=0.00s Real=0.14s
...[4418.589s][info][gc,start       ] GC(1262) Pause Young (Concurrent Start) (G1 Evacuation Pause)
[4418.589s][info][gc,task        ] GC(1262) Using 6 workers of 6 for evacuation
[4418.708s][info][gc,phases      ] GC(1262)   Pre Evacuate Collection Set: 0.37ms
[4418.708s][info][gc,phases      ] GC(1262)   Merge Heap Roots: 0.46ms
[4418.708s][info][gc,phases      ] GC(1262)   Evacuate Collection Set: 117.01ms
[4418.708s][info][gc,phases      ] GC(1262)   Post Evacuate Collection Set: 0.85ms
[4418.708s][info][gc,phases      ] GC(1262)   Other: 0.11ms
[4418.708s][info][gc,heap        ] GC(1262) Eden regions: 1117->0(1119)
[4418.708s][info][gc,heap        ] GC(1262) Survivor regions: 111->109(154)
[4418.708s][info][gc,heap        ] GC(1262) Old regions: 475->507
[4418.708s][info][gc,heap        ] GC(1262) Humongous regions: 80->80
[4418.708s][info][gc,metaspace   ] GC(1262) Metaspace: 28898K(29312K)->28898K(29312K) NonClass: 24030K(24256K)->24030K(24256K) Class: 4868K(5056K)->4868K(5056K)
[4418.708s][info][gc             ] GC(1262) Pause Young (Concurrent Start) (G1 Evacuation Pause) 3563M->1390M(4096M) 118.946ms
[4418.708s][info][gc             ] GC(1263) Concurrent Mark Cycle
[4418.708s][info][gc,marking     ] GC(1263) Concurrent Scan Root Regions
[4418.708s][info][gc,cpu         ] GC(1262) User=0.71s Sys=0.00s Real=0.11s
[4418.848s][info][gc,marking     ] GC(1263) Concurrent Scan Root Regions 140.440ms
[4418.849s][info][gc,marking     ] GC(1263) Concurrent Mark
[4418.849s][info][gc,marking     ] GC(1263) Concurrent Mark From Roots
[4418.849s][info][gc,task        ] GC(1263) Using 2 workers of 2 for marking
.[4419.585s][info][gc,marking     ] GC(1263) Concurrent Mark From Roots 736.684ms
[4419.585s][info][gc,marking     ] GC(1263) Concurrent Preclean
[4419.585s][info][gc,marking     ] GC(1263) Concurrent Preclean 0.093ms
[4419.587s][info][gc,start       ] GC(1263) Pause Remark
[4419.594s][info][gc             ] GC(1263) Pause Remark 2204M->2204M(4096M) 6.381ms
[4419.594s][info][gc,cpu         ] GC(1263) User=0.03s Sys=0.01s Real=0.01s
[4419.595s][info][gc,marking     ] GC(1263) Concurrent Mark 746.725ms
[4419.595s][info][gc,marking     ] GC(1263) Concurrent Rebuild Remembered Sets and Scrub Regions
[4419.906s][info][gc,marking     ] GC(1263) Concurrent Rebuild Remembered Sets and Scrub Regions 310.285ms
[4419.909s][info][gc,start       ] GC(1263) Pause Cleanup
[4419.909s][info][gc             ] GC(1263) Pause Cleanup 2432M->2432M(4096M) 0.138ms
[4419.909s][info][gc,cpu         ] GC(1263) User=0.00s Sys=0.00s Real=0.00s
[4419.909s][info][gc,marking     ] GC(1263) Concurrent Clear Claimed Marks
[4419.909s][info][gc,marking     ] GC(1263) Concurrent Clear Claimed Marks 0.027ms
[4419.909s][info][gc,marking     ] GC(1263) Concurrent Cleanup for Next Mark
[4419.914s][info][gc,marking     ] GC(1263) Concurrent Cleanup for Next Mark 4.602ms
[4419.914s][info][gc             ] GC(1263) Concurrent Mark Cycle 1205.742ms
.[4420.990s][info][gc,start       ] GC(1264) Pause Young (Prepare Mixed) (G1 Evacuation Pause)
[4420.990s][info][gc,task        ] GC(1264) Using 6 workers of 6 for evacuation
[4421.111s][info][gc,phases      ] GC(1264)   Pre Evacuate Collection Set: 0.35ms
[4421.111s][info][gc,phases      ] GC(1264)   Merge Heap Roots: 0.58ms
[4421.111s][info][gc,phases      ] GC(1264)   Evacuate Collection Set: 118.99ms
[4421.111s][info][gc,phases      ] GC(1264)   Post Evacuate Collection Set: 0.95ms
[4421.111s][info][gc,phases      ] GC(1264)   Other: 0.09ms
[4421.111s][info][gc,heap        ] GC(1264) Eden regions: 1119->0(1102)
[4421.111s][info][gc,heap        ] GC(1264) Survivor regions: 109->112(154)
[4421.111s][info][gc,heap        ] GC(1264) Old regions: 507->539
[4421.111s][info][gc,heap        ] GC(1264) Humongous regions: 80->80
[4421.111s][info][gc,metaspace   ] GC(1264) Metaspace: 28898K(29312K)->28898K(29312K) NonClass: 24030K(24256K)->24030K(24256K) Class: 4868K(5056K)->4868K(5056K)
[4421.111s][info][gc             ] GC(1264) Pause Young (Prepare Mixed) (G1 Evacuation Pause) 3628M->1459M(4096M) 121.087ms
[4421.111s][info][gc,cpu         ] GC(1264) User=0.72s Sys=0.00s Real=0.12s
..[4423.318s][info][gc,start       ] GC(1265) Pause Young (Mixed) (G1 Evacuation Pause)
[4423.319s][info][gc,task        ] GC(1265) Using 6 workers of 6 for evacuation
[4423.457s][info][gc,phases      ] GC(1265)   Pre Evacuate Collection Set: 0.38ms
[4423.457s][info][gc,phases      ] GC(1265)   Merge Heap Roots: 0.69ms
[4423.457s][info][gc,phases      ] GC(1265)   Evacuate Collection Set: 136.66ms
[4423.457s][info][gc,phases      ] GC(1265)   Post Evacuate Collection Set: 0.95ms
[4423.457s][info][gc,phases      ] GC(1265)   Other: 0.09ms
[4423.457s][info][gc,heap        ] GC(1265) Eden regions: 1102->0(1112)
[4423.457s][info][gc,heap        ] GC(1265) Survivor regions: 112->116(152)
[4423.457s][info][gc,heap        ] GC(1265) Old regions: 539->474
[4423.457s][info][gc,heap        ] GC(1265) Humongous regions: 80->80
[4423.457s][info][gc,metaspace   ] GC(1265) Metaspace: 28898K(29312K)->28898K(29312K) NonClass: 24030K(24256K)->24030K(24256K) Class: 4868K(5056K)->4868K(5056K)
[4423.457s][info][gc             ] GC(1265) Pause Young (Mixed) (G1 Evacuation Pause) 3663M->1337M(4096M) 138.921ms
[4423.457s][info][gc,cpu         ] GC(1265) User=0.83s Sys=0.00s Real=0.14s
...[4425.683s][info][gc,start       ] GC(1266) Pause Young (Concurrent Start) (G1 Evacuation Pause)
[4425.683s][info][gc,task        ] GC(1266) Using 6 workers of 6 for evacuation
[4425.798s][info][gc,phases      ] GC(1266)   Pre Evacuate Collection Set: 0.35ms
[4425.798s][info][gc,phases      ] GC(1266)   Merge Heap Roots: 0.45ms
[4425.798s][info][gc,phases      ] GC(1266)   Evacuate Collection Set: 113.33ms
[4425.798s][info][gc,phases      ] GC(1266)   Post Evacuate Collection Set: 0.89ms
[4425.798s][info][gc,phases      ] GC(1266)   Other: 0.10ms
[4425.798s][info][gc,heap        ] GC(1266) Eden regions: 1112->0(1121)
[4425.798s][info][gc,heap        ] GC(1266) Survivor regions: 116->107(154)
[4425.798s][info][gc,heap        ] GC(1266) Old regions: 474->506
[4425.798s][info][gc,heap        ] GC(1266) Humongous regions: 80->80
[4425.798s][info][gc,metaspace   ] GC(1266) Metaspace: 28898K(29312K)->28898K(29312K) NonClass: 24030K(24256K)->24030K(24256K) Class: 4868K(5056K)->4868K(5056K)
[4425.798s][info][gc             ] GC(1266) Pause Young (Concurrent Start) (G1 Evacuation Pause) 3561M->1384M(4096M) 115.261ms
[4425.798s][info][gc             ] GC(1267) Concurrent Mark Cycle
[4425.798s][info][gc,marking     ] GC(1267) Concurrent Scan Root Regions
[4425.798s][info][gc,cpu         ] GC(1266) User=0.68s Sys=0.00s Real=0.11s
[4425.973s][info][gc,marking     ] GC(1267) Concurrent Scan Root Regions 174.551ms
[4425.973s][info][gc,marking     ] GC(1267) Concurrent Mark
[4425.973s][info][gc,marking     ] GC(1267) Concurrent Mark From Roots
[4425.973s][info][gc,task        ] GC(1267) Using 2 workers of 2 for marking
.[4426.942s][info][gc,marking     ] GC(1267) Concurrent Mark From Roots 969.319ms
[4426.942s][info][gc,marking     ] GC(1267) Concurrent Preclean
[4426.942s][info][gc,marking     ] GC(1267) Concurrent Preclean 0.080ms
[4426.945s][info][gc,start       ] GC(1267) Pause Remark
[4426.952s][info][gc             ] GC(1267) Pause Remark 2420M->2420M(4096M) 6.266ms
[4426.952s][info][gc,cpu         ] GC(1267) User=0.03s Sys=0.00s Real=0.01s
[4426.952s][info][gc,marking     ] GC(1267) Concurrent Mark 978.695ms
[4426.952s][info][gc,marking     ] GC(1267) Concurrent Rebuild Remembered Sets and Scrub Regions
[4427.318s][info][gc,marking     ] GC(1267) Concurrent Rebuild Remembered Sets and Scrub Regions 366.010ms
[4427.318s][info][gc,start       ] GC(1267) Pause Cleanup
[4427.318s][info][gc             ] GC(1267) Pause Cleanup 2835M->2835M(4096M) 0.137ms
[4427.318s][info][gc,cpu         ] GC(1267) User=0.00s Sys=0.00s Real=0.00s
[4427.318s][info][gc,marking     ] GC(1267) Concurrent Clear Claimed Marks
[4427.319s][info][gc,marking     ] GC(1267) Concurrent Clear Claimed Marks 0.032ms
[4427.319s][info][gc,marking     ] GC(1267) Concurrent Cleanup for Next Mark
[4427.323s][info][gc,marking     ] GC(1267) Concurrent Cleanup for Next Mark 4.737ms
[4427.323s][info][gc             ] GC(1267) Concurrent Mark Cycle 1524.957ms
.[4428.097s][info][gc,start       ] GC(1268) Pause Young (Prepare Mixed) (G1 Evacuation Pause)
[4428.097s][info][gc,task        ] GC(1268) Using 6 workers of 6 for evacuation
[4428.218s][info][gc,phases      ] GC(1268)   Pre Evacuate Collection Set: 0.32ms
[4428.218s][info][gc,phases      ] GC(1268)   Merge Heap Roots: 0.63ms
[4428.218s][info][gc,phases      ] GC(1268)   Evacuate Collection Set: 118.93ms
[4428.218s][info][gc,phases      ] GC(1268)   Post Evacuate Collection Set: 0.95ms
[4428.218s][info][gc,phases      ] GC(1268)   Other: 0.09ms
[4428.218s][info][gc,heap        ] GC(1268) Eden regions: 1121->0(1106)
[4428.218s][info][gc,heap        ] GC(1268) Survivor regions: 107->111(154)
[4428.218s][info][gc,heap        ] GC(1268) Old regions: 506->537
[4428.218s][info][gc,heap        ] GC(1268) Humongous regions: 80->80
[4428.218s][info][gc,metaspace   ] GC(1268) Metaspace: 28898K(29312K)->28898K(29312K) NonClass: 24030K(24256K)->24030K(24256K) Class: 4868K(5056K)->4868K(5056K)
[4428.219s][info][gc             ] GC(1268) Pause Young (Prepare Mixed) (G1 Evacuation Pause) 3626M->1454M(4096M) 121.057ms
[4428.219s][info][gc,cpu         ] GC(1268) User=0.72s Sys=0.00s Real=0.13s
..[4430.399s][info][gc,start       ] GC(1269) Pause Young (Mixed) (G1 Evacuation Pause)
[4430.399s][info][gc,task        ] GC(1269) Using 6 workers of 6 for evacuation
[4430.537s][info][gc,phases      ] GC(1269)   Pre Evacuate Collection Set: 0.34ms
[4430.537s][info][gc,phases      ] GC(1269)   Merge Heap Roots: 0.74ms
[4430.537s][info][gc,phases      ] GC(1269)   Evacuate Collection Set: 136.14ms
[4430.537s][info][gc,phases      ] GC(1269)   Post Evacuate Collection Set: 0.96ms
[4430.537s][info][gc,phases      ] GC(1269)   Other: 0.09ms
[4430.537s][info][gc,heap        ] GC(1269) Eden regions: 1106->0(1114)
[4430.537s][info][gc,heap        ] GC(1269) Survivor regions: 111->114(153)
[4430.537s][info][gc,heap        ] GC(1269) Old regions: 537->473
[4430.537s][info][gc,heap        ] GC(1269) Humongous regions: 80->80
[4430.537s][info][gc,metaspace   ] GC(1269) Metaspace: 28898K(29312K)->28898K(29312K) NonClass: 24030K(24256K)->24030K(24256K) Class: 4868K(5056K)->4868K(5056K)
[4430.537s][info][gc             ] GC(1269) Pause Young (Mixed) (G1 Evacuation Pause) 3666M->1331M(4096M) 138.400ms
[4430.537s][info][gc,cpu         ] GC(1269) User=0.82s Sys=0.00s Real=0.13s
..[4432.775s][info][gc,start       ] GC(1270) Pause Young (Concurrent Start) (G1 Evacuation Pause)
[4432.775s][info][gc,task        ] GC(1270) Using 6 workers of 6 for evacuation
[4432.895s][info][gc,phases      ] GC(1270)   Pre Evacuate Collection Set: 0.33ms
[4432.895s][info][gc,phases      ] GC(1270)   Merge Heap Roots: 0.47ms
[4432.895s][info][gc,phases      ] GC(1270)   Evacuate Collection Set: 118.26ms
[4432.895s][info][gc,phases      ] GC(1270)   Post Evacuate Collection Set: 0.89ms
[4432.895s][info][gc,phases      ] GC(1270)   Other: 0.09ms
[4432.895s][info][gc,heap        ] GC(1270) Eden regions: 1114->0(1116)
[4432.895s][info][gc,heap        ] GC(1270) Survivor regions: 114->112(154)
[4432.895s][info][gc,heap        ] GC(1270) Old regions: 473->505
[4432.895s][info][gc,heap        ] GC(1270) Humongous regions: 80->80
[4432.895s][info][gc,metaspace   ] GC(1270) Metaspace: 28898K(29312K)->28898K(29312K) NonClass: 24030K(24256K)->24030K(24256K) Class: 4868K(5056K)->4868K(5056K)
[4432.895s][info][gc             ] GC(1270) Pause Young (Concurrent Start) (G1 Evacuation Pause) 3559M->1391M(4096M) 120.170ms
[4432.895s][info][gc             ] GC(1271) Concurrent Mark Cycle
[4432.896s][info][gc,marking     ] GC(1271) Concurrent Scan Root Regions
[4432.896s][info][gc,cpu         ] GC(1270) User=0.72s Sys=0.00s Real=0.12s
.[4433.098s][info][gc,marking     ] GC(1271) Concurrent Scan Root Regions 202.044ms
[4433.098s][info][gc,marking     ] GC(1271) Concurrent Mark
[4433.098s][info][gc,marking     ] GC(1271) Concurrent Mark From Roots
[4433.098s][info][gc,task        ] GC(1271) Using 2 workers of 2 for marking
.[4434.103s][info][gc,marking     ] GC(1271) Concurrent Mark From Roots 1004.875ms
[4434.103s][info][gc,marking     ] GC(1271) Concurrent Preclean
[4434.103s][info][gc,marking     ] GC(1271) Concurrent Preclean 0.089ms
[4434.105s][info][gc,start       ] GC(1271) Pause Remark
[4434.111s][info][gc             ] GC(1271) Pause Remark 2565M->2565M(4096M) 6.421ms
[4434.111s][info][gc,cpu         ] GC(1271) User=0.04s Sys=0.00s Real=0.01s
[4434.112s][info][gc,marking     ] GC(1271) Concurrent Mark 1013.879ms
[4434.112s][info][gc,marking     ] GC(1271) Concurrent Rebuild Remembered Sets and Scrub Regions
[4434.475s][info][gc,marking     ] GC(1271) Concurrent Rebuild Remembered Sets and Scrub Regions 363.050ms
[4434.475s][info][gc,start       ] GC(1271) Pause Cleanup
[4434.475s][info][gc             ] GC(1271) Pause Cleanup 2987M->2987M(4096M) 0.118ms
[4434.475s][info][gc,cpu         ] GC(1271) User=0.00s Sys=0.00s Real=0.00s
[4434.476s][info][gc,marking     ] GC(1271) Concurrent Clear Claimed Marks
[4434.476s][info][gc,marking     ] GC(1271) Concurrent Clear Claimed Marks 0.035ms
[4434.477s][info][gc,marking     ] GC(1271) Concurrent Cleanup for Next Mark
[4434.482s][info][gc,marking     ] GC(1271) Concurrent Cleanup for Next Mark 5.759ms
[4434.482s][info][gc             ] GC(1271) Concurrent Mark Cycle 1586.857ms
.[4435.164s][info][gc,start       ] GC(1272) Pause Young (Prepare Mixed) (G1 Evacuation Pause)
[4435.164s][info][gc,task        ] GC(1272) Using 6 workers of 6 for evacuation
[4435.284s][info][gc,phases      ] GC(1272)   Pre Evacuate Collection Set: 0.33ms
[4435.284s][info][gc,phases      ] GC(1272)   Merge Heap Roots: 0.60ms
[4435.284s][info][gc,phases      ] GC(1272)   Evacuate Collection Set: 117.91ms
[4435.284s][info][gc,phases      ] GC(1272)   Post Evacuate Collection Set: 0.94ms
[4435.284s][info][gc,phases      ] GC(1272)   Other: 0.08ms
[4435.284s][info][gc,heap        ] GC(1272) Eden regions: 1116->0(1105)
[4435.284s][info][gc,heap        ] GC(1272) Survivor regions: 112->112(154)
[4435.284s][info][gc,heap        ] GC(1272) Old regions: 505->536
[4435.284s][info][gc,heap        ] GC(1272) Humongous regions: 80->80
[4435.284s][info][gc,metaspace   ] GC(1272) Metaspace: 28898K(29312K)->28898K(29312K) NonClass: 24030K(24256K)->24030K(24256K) Class: 4868K(5056K)->4868K(5056K)
[4435.284s][info][gc             ] GC(1272) Pause Young (Prepare Mixed) (G1 Evacuation Pause) 3623M->1454M(4096M) 120.010ms
[4435.284s][info][gc,cpu         ] GC(1272) User=0.72s Sys=0.00s Real=0.12s
..[4437.451s][info][gc,start       ] GC(1273) Pause Young (Mixed) (G1 Evacuation Pause)
[4437.451s][info][gc,task        ] GC(1273) Using 6 workers of 6 for evacuation
[4437.583s][info][gc,phases      ] GC(1273)   Pre Evacuate Collection Set: 0.35ms
[4437.583s][info][gc,phases      ] GC(1273)   Merge Heap Roots: 0.67ms
[4437.583s][info][gc,phases      ] GC(1273)   Evacuate Collection Set: 130.51ms
[4437.583s][info][gc,phases      ] GC(1273)   Post Evacuate Collection Set: 0.95ms
[4437.583s][info][gc,phases      ] GC(1273)   Other: 0.09ms
[4437.583s][info][gc,heap        ] GC(1273) Eden regions: 1105->0(1118)
[4437.583s][info][gc,heap        ] GC(1273) Survivor regions: 112->110(153)
[4437.583s][info][gc,heap        ] GC(1273) Old regions: 536->473
[4437.583s][info][gc,heap        ] GC(1273) Humongous regions: 80->80
[4437.583s][info][gc,metaspace   ] GC(1273) Metaspace: 28898K(29312K)->28898K(29312K) NonClass: 24030K(24256K)->24030K(24256K) Class: 4868K(5056K)->4868K(5056K)
[4437.583s][info][gc             ] GC(1273) Pause Young (Mixed) (G1 Evacuation Pause) 3664M->1325M(4096M) 132.710ms
[4437.583s][info][gc,cpu         ] GC(1273) User=0.79s Sys=0.00s Real=0.13s
..[4439.822s][info][gc,start       ] GC(1274) Pause Young (Concurrent Start) (G1 Evacuation Pause)
[4439.822s][info][gc,task        ] GC(1274) Using 6 workers of 6 for evacuation
[4439.939s][info][gc,phases      ] GC(1274)   Pre Evacuate Collection Set: 0.37ms
[4439.939s][info][gc,phases      ] GC(1274)   Merge Heap Roots: 0.52ms
[4439.939s][info][gc,phases      ] GC(1274)   Evacuate Collection Set: 115.20ms
[4439.939s][info][gc,phases      ] GC(1274)   Post Evacuate Collection Set: 0.86ms
[4439.939s][info][gc,phases      ] GC(1274)   Other: 0.10ms
[4439.939s][info][gc,heap        ] GC(1274) Eden regions: 1118->0(1121)
[4439.939s][info][gc,heap        ] GC(1274) Survivor regions: 110->107(154)
[4439.939s][info][gc,heap        ] GC(1274) Old regions: 473->505
[4439.939s][info][gc,heap        ] GC(1274) Humongous regions: 80->80
[4439.939s][info][gc,metaspace   ] GC(1274) Metaspace: 28898K(29312K)->28898K(29312K) NonClass: 24030K(24256K)->24030K(24256K) Class: 4868K(5056K)->4868K(5056K)
[4439.939s][info][gc             ] GC(1274) Pause Young (Concurrent Start) (G1 Evacuation Pause) 3561M->1382M(4096M) 117.197ms
[4439.939s][info][gc             ] GC(1275) Concurrent Mark Cycle
[4439.939s][info][gc,marking     ] GC(1275) Concurrent Scan Root Regions
[4439.939s][info][gc,cpu         ] GC(1274) User=0.70s Sys=0.00s Real=0.12s
.[4440.124s][info][gc,marking     ] GC(1275) Concurrent Scan Root Regions 184.601ms
[4440.124s][info][gc,marking     ] GC(1275) Concurrent Mark
[4440.124s][info][gc,marking     ] GC(1275) Concurrent Mark From Roots
[4440.124s][info][gc,task        ] GC(1275) Using 2 workers of 2 for marking
[4441.082s][info][gc,marking     ] GC(1275) Concurrent Mark From Roots 958.033ms
[4441.082s][info][gc,marking     ] GC(1275) Concurrent Preclean
[4441.082s][info][gc,marking     ] GC(1275) Concurrent Preclean 0.096ms
[4441.084s][info][gc,start       ] GC(1275) Pause Remark
[4441.089s][info][gc             ] GC(1275) Pause Remark 2478M->2478M(4096M) 5.106ms
[4441.089s][info][gc,cpu         ] GC(1275) User=0.03s Sys=0.00s Real=0.01s
[4441.089s][info][gc,marking     ] GC(1275) Concurrent Mark 965.407ms
[4441.089s][info][gc,marking     ] GC(1275) Concurrent Rebuild Remembered Sets and Scrub Regions
.[4441.450s][info][gc,marking     ] GC(1275) Concurrent Rebuild Remembered Sets and Scrub Regions 360.384ms
[4441.450s][info][gc,start       ] GC(1275) Pause Cleanup
[4441.450s][info][gc             ] GC(1275) Pause Cleanup 2874M->2874M(4096M) 0.109ms
[4441.450s][info][gc,cpu         ] GC(1275) User=0.00s Sys=0.00s Real=0.00s
[4441.450s][info][gc,marking     ] GC(1275) Concurrent Clear Claimed Marks
[4441.450s][info][gc,marking     ] GC(1275) Concurrent Clear Claimed Marks 0.029ms
[4441.450s][info][gc,marking     ] GC(1275) Concurrent Cleanup for Next Mark
[4441.454s][info][gc,marking     ] GC(1275) Concurrent Cleanup for Next Mark 3.327ms
[4441.454s][info][gc             ] GC(1275) Concurrent Mark Cycle 1514.700ms
[4442.236s][info][gc,start       ] GC(1276) Pause Young (Prepare Mixed) (G1 Evacuation Pause)
[4442.236s][info][gc,task        ] GC(1276) Using 6 workers of 6 for evacuation
[4442.354s][info][gc,phases      ] GC(1276)   Pre Evacuate Collection Set: 0.32ms
[4442.354s][info][gc,phases      ] GC(1276)   Merge Heap Roots: 0.52ms
[4442.354s][info][gc,phases      ] GC(1276)   Evacuate Collection Set: 116.85ms
[4442.354s][info][gc,phases      ] GC(1276)   Post Evacuate Collection Set: 0.92ms
[4442.354s][info][gc,phases      ] GC(1276)   Other: 0.08ms
[4442.354s][info][gc,heap        ] GC(1276) Eden regions: 1121->0(1106)
[4442.354s][info][gc,heap        ] GC(1276) Survivor regions: 107->112(154)
[4442.354s][info][gc,heap        ] GC(1276) Old regions: 505->535
[4442.354s][info][gc,heap        ] GC(1276) Humongous regions: 80->80
[4442.354s][info][gc,metaspace   ] GC(1276) Metaspace: 28898K(29312K)->28898K(29312K) NonClass: 24030K(24256K)->24030K(24256K) Class: 4868K(5056K)->4868K(5056K)
[4442.354s][info][gc             ] GC(1276) Pause Young (Prepare Mixed) (G1 Evacuation Pause) 3624M->1452M(4096M) 118.824ms
[4442.354s][info][gc,cpu         ] GC(1276) User=0.71s Sys=0.00s Real=0.12s
...[4444.643s][info][gc,start       ] GC(1277) Pause Young (Mixed) (G1 Evacuation Pause)
[4444.643s][info][gc,task        ] GC(1277) Using 6 workers of 6 for evacuation
[4444.785s][info][gc,phases      ] GC(1277)   Pre Evacuate Collection Set: 0.34ms
[4444.785s][info][gc,phases      ] GC(1277)   Merge Heap Roots: 0.69ms
[4444.785s][info][gc,phases      ] GC(1277)   Evacuate Collection Set: 139.67ms
[4444.785s][info][gc,phases      ] GC(1277)   Post Evacuate Collection Set: 0.94ms
[4444.785s][info][gc,phases      ] GC(1277)   Other: 0.09ms
[4444.785s][info][gc,heap        ] GC(1277) Eden regions: 1106->0(1114)
[4444.785s][info][gc,heap        ] GC(1277) Survivor regions: 112->114(153)
[4444.785s][info][gc,heap        ] GC(1277) Old regions: 535->472
[4444.785s][info][gc,heap        ] GC(1277) Humongous regions: 80->80
[4444.785s][info][gc,metaspace   ] GC(1277) Metaspace: 28898K(29312K)->28898K(29312K) NonClass: 24030K(24256K)->24030K(24256K) Class: 4868K(5056K)->4868K(5056K)
[4444.785s][info][gc             ] GC(1277) Pause Young (Mixed) (G1 Evacuation Pause) 3664M->1331M(4096M) 141.872ms
[4444.785s][info][gc,cpu         ] GC(1277) User=0.84s Sys=0.00s Real=0.14s
..[4447.000s][info][gc,start       ] GC(1278) Pause Young (Concurrent Start) (G1 Evacuation Pause)
[4447.000s][info][gc,task        ] GC(1278) Using 6 workers of 6 for evacuation
[4447.118s][info][gc,phases      ] GC(1278)   Pre Evacuate Collection Set: 0.34ms
[4447.118s][info][gc,phases      ] GC(1278)   Merge Heap Roots: 0.46ms
[4447.118s][info][gc,phases      ] GC(1278)   Evacuate Collection Set: 116.14ms
[4447.118s][info][gc,phases      ] GC(1278)   Post Evacuate Collection Set: 0.88ms
[4447.118s][info][gc,phases      ] GC(1278)   Other: 0.10ms
[4447.118s][info][gc,heap        ] GC(1278) Eden regions: 1114->0(1119)
[4447.118s][info][gc,heap        ] GC(1278) Survivor regions: 114->109(154)
[4447.118s][info][gc,heap        ] GC(1278) Old regions: 472->505
[4447.118s][info][gc,heap        ] GC(1278) Humongous regions: 80->80
[4447.118s][info][gc,metaspace   ] GC(1278) Metaspace: 28898K(29312K)->28898K(29312K) NonClass: 24030K(24256K)->24030K(24256K) Class: 4868K(5056K)->4868K(5056K)
[4447.118s][info][gc             ] GC(1278) Pause Young (Concurrent Start) (G1 Evacuation Pause) 3559M->1386M(4096M) 118.059ms
[4447.118s][info][gc             ] GC(1279) Concurrent Mark Cycle
[4447.118s][info][gc,marking     ] GC(1279) Concurrent Scan Root Regions
[4447.118s][info][gc,cpu         ] GC(1278) User=0.70s Sys=0.00s Real=0.11s
[4447.264s][info][gc,marking     ] GC(1279) Concurrent Scan Root Regions 146.087ms
[4447.264s][info][gc,marking     ] GC(1279) Concurrent Mark
[4447.264s][info][gc,marking     ] GC(1279) Concurrent Mark From Roots
[4447.264s][info][gc,task        ] GC(1279) Using 2 workers of 2 for marking
.[4447.995s][info][gc,marking     ] GC(1279) Concurrent Mark From Roots 730.850ms
[4447.995s][info][gc,marking     ] GC(1279) Concurrent Preclean
[4447.995s][info][gc,marking     ] GC(1279) Concurrent Preclean 0.083ms
[4447.996s][info][gc,start       ] GC(1279) Pause Remark
[4448.000s][info][gc             ] GC(1279) Pause Remark 2154M->2154M(4096M) 4.783ms
[4448.000s][info][gc,cpu         ] GC(1279) User=0.02s Sys=0.00s Real=0.01s
[4448.001s][info][gc,marking     ] GC(1279) Concurrent Mark 737.081ms
[4448.001s][info][gc,marking     ] GC(1279) Concurrent Rebuild Remembered Sets and Scrub Regions
[4448.300s][info][gc,marking     ] GC(1279) Concurrent Rebuild Remembered Sets and Scrub Regions 299.430ms
[4448.302s][info][gc,start       ] GC(1279) Pause Cleanup
[4448.303s][info][gc             ] GC(1279) Pause Cleanup 2474M->2474M(4096M) 0.134ms
[4448.303s][info][gc,cpu         ] GC(1279) User=0.00s Sys=0.00s Real=0.00s
[4448.303s][info][gc,marking     ] GC(1279) Concurrent Clear Claimed Marks
[4448.303s][info][gc,marking     ] GC(1279) Concurrent Clear Claimed Marks 0.036ms
[4448.303s][info][gc,marking     ] GC(1279) Concurrent Cleanup for Next Mark
[4448.354s][info][gc,marking     ] GC(1279) Concurrent Cleanup for Next Mark 51.097ms
[4448.354s][info][gc             ] GC(1279) Concurrent Mark Cycle 1236.103ms
.[4449.421s][info][gc,start       ] GC(1280) Pause Young (Prepare Mixed) (G1 Evacuation Pause)
[4449.421s][info][gc,task        ] GC(1280) Using 6 workers of 6 for evacuation
[4449.540s][info][gc,phases      ] GC(1280)   Pre Evacuate Collection Set: 0.34ms
[4449.540s][info][gc,phases      ] GC(1280)   Merge Heap Roots: 0.53ms
[4449.540s][info][gc,phases      ] GC(1280)   Evacuate Collection Set: 117.16ms
[4449.540s][info][gc,phases      ] GC(1280)   Post Evacuate Collection Set: 0.93ms
[4449.540s][info][gc,phases      ] GC(1280)   Other: 0.09ms
[4449.540s][info][gc,heap        ] GC(1280) Eden regions: 1119->0(1104)
[4449.540s][info][gc,heap        ] GC(1280) Survivor regions: 109->112(154)
[4449.540s][info][gc,heap        ] GC(1280) Old regions: 505->537
[4449.540s][info][gc,heap        ] GC(1280) Humongous regions: 80->80
[4449.540s][info][gc,metaspace   ] GC(1280) Metaspace: 28898K(29312K)->28898K(29312K) NonClass: 24030K(24256K)->24030K(24256K) Class: 4868K(5056K)->4868K(5056K)
[4449.540s][info][gc             ] GC(1280) Pause Young (Prepare Mixed) (G1 Evacuation Pause) 3624M->1455M(4096M) 119.190ms
[4449.540s][info][gc,cpu         ] GC(1280) User=0.71s Sys=0.00s Real=0.12s
...[4451.826s][info][gc,start       ] GC(1281) Pause Young (Mixed) (G1 Evacuation Pause)
[4451.826s][info][gc,task        ] GC(1281) Using 6 workers of 6 for evacuation
[4451.963s][info][gc,phases      ] GC(1281)   Pre Evacuate Collection Set: 0.39ms
[4451.963s][info][gc,phases      ] GC(1281)   Merge Heap Roots: 0.76ms
[4451.963s][info][gc,phases      ] GC(1281)   Evacuate Collection Set: 134.22ms
[4451.963s][info][gc,phases      ] GC(1281)   Post Evacuate Collection Set: 0.96ms
[4451.963s][info][gc,phases      ] GC(1281)   Other: 0.09ms
[4451.963s][info][gc,heap        ] GC(1281) Eden regions: 1104->0(1117)
[4451.963s][info][gc,heap        ] GC(1281) Survivor regions: 112->111(152)
[4451.963s][info][gc,heap        ] GC(1281) Old regions: 537->474
[4451.963s][info][gc,heap        ] GC(1281) Humongous regions: 80->80
[4451.963s][info][gc,metaspace   ] GC(1281) Metaspace: 28898K(29312K)->28898K(29312K) NonClass: 24030K(24256K)->24030K(24256K) Class: 4868K(5056K)->4868K(5056K)
[4451.963s][info][gc             ] GC(1281) Pause Young (Mixed) (G1 Evacuation Pause) 3663M->1328M(4096M) 136.547ms
[4451.963s][info][gc,cpu         ] GC(1281) User=0.81s Sys=0.00s Real=0.14s
..[4454.151s][info][gc,start       ] GC(1282) Pause Young (Concurrent Start) (G1 Evacuation Pause)
[4454.151s][info][gc,task        ] GC(1282) Using 6 workers of 6 for evacuation
[4454.271s][info][gc,phases      ] GC(1282)   Pre Evacuate Collection Set: 0.40ms
[4454.271s][info][gc,phases      ] GC(1282)   Merge Heap Roots: 0.54ms
[4454.271s][info][gc,phases      ] GC(1282)   Evacuate Collection Set: 117.91ms
[4454.271s][info][gc,phases      ] GC(1282)   Post Evacuate Collection Set: 0.87ms
[4454.271s][info][gc,phases      ] GC(1282)   Other: 0.13ms
[4454.271s][info][gc,heap        ] GC(1282) Eden regions: 1117->0(1117)
[4454.271s][info][gc,heap        ] GC(1282) Survivor regions: 111->111(154)
[4454.271s][info][gc,heap        ] GC(1282) Old regions: 474->506
[4454.271s][info][gc,heap        ] GC(1282) Humongous regions: 80->80
[4454.271s][info][gc,metaspace   ] GC(1282) Metaspace: 28898K(29312K)->28898K(29312K) NonClass: 24030K(24256K)->24030K(24256K) Class: 4868K(5056K)->4868K(5056K)
[4454.271s][info][gc             ] GC(1282) Pause Young (Concurrent Start) (G1 Evacuation Pause) 3562M->1393M(4096M) 119.971ms
[4454.271s][info][gc             ] GC(1283) Concurrent Mark Cycle
[4454.271s][info][gc,marking     ] GC(1283) Concurrent Scan Root Regions
[4454.271s][info][gc,cpu         ] GC(1282) User=0.71s Sys=0.00s Real=0.12s
[4454.473s][info][gc,marking     ] GC(1283) Concurrent Scan Root Regions 201.301ms
[4454.473s][info][gc,marking     ] GC(1283) Concurrent Mark
[4454.473s][info][gc,marking     ] GC(1283) Concurrent Mark From Roots
[4454.473s][info][gc,task        ] GC(1283) Using 2 workers of 2 for marking
.[4455.428s][info][gc,marking     ] GC(1283) Concurrent Mark From Roots 955.038ms
[4455.428s][info][gc,marking     ] GC(1283) Concurrent Preclean
[4455.428s][info][gc,marking     ] GC(1283) Concurrent Preclean 0.086ms
[4455.430s][info][gc,start       ] GC(1283) Pause Remark
[4455.436s][info][gc             ] GC(1283) Pause Remark 2551M->2551M(4096M) 5.823ms
[4455.436s][info][gc,cpu         ] GC(1283) User=0.04s Sys=0.00s Real=0.00s
[4455.436s][info][gc,marking     ] GC(1283) Concurrent Mark 963.375ms
[4455.436s][info][gc,marking     ] GC(1283) Concurrent Rebuild Remembered Sets and Scrub Regions
.[4455.848s][info][gc,marking     ] GC(1283) Concurrent Rebuild Remembered Sets and Scrub Regions 411.821ms
[4455.848s][info][gc,start       ] GC(1283) Pause Cleanup
[4455.848s][info][gc             ] GC(1283) Pause Cleanup 2961M->2961M(4096M) 0.118ms
[4455.848s][info][gc,cpu         ] GC(1283) User=0.00s Sys=0.00s Real=0.00s
[4455.849s][info][gc,marking     ] GC(1283) Concurrent Clear Claimed Marks
[4455.849s][info][gc,marking     ] GC(1283) Concurrent Clear Claimed Marks 0.050ms
[4455.849s][info][gc,marking     ] GC(1283) Concurrent Cleanup for Next Mark
[4455.855s][info][gc,marking     ] GC(1283) Concurrent Cleanup for Next Mark 5.643ms
[4455.855s][info][gc             ] GC(1283) Concurrent Mark Cycle 1583.497ms
[4456.538s][info][gc,start       ] GC(1284) Pause Young (Prepare Mixed) (G1 Evacuation Pause)
[4456.538s][info][gc,task        ] GC(1284) Using 6 workers of 6 for evacuation
[4456.655s][info][gc,phases      ] GC(1284)   Pre Evacuate Collection Set: 0.30ms
[4456.655s][info][gc,phases      ] GC(1284)   Merge Heap Roots: 0.55ms
[4456.655s][info][gc,phases      ] GC(1284)   Evacuate Collection Set: 115.46ms
[4456.655s][info][gc,phases      ] GC(1284)   Post Evacuate Collection Set: 0.97ms
[4456.655s][info][gc,phases      ] GC(1284)   Other: 0.09ms
[4456.655s][info][gc,heap        ] GC(1284) Eden regions: 1117->0(1109)
[4456.655s][info][gc,heap        ] GC(1284) Survivor regions: 111->109(154)
[4456.655s][info][gc,heap        ] GC(1284) Old regions: 506->538
[4456.655s][info][gc,heap        ] GC(1284) Humongous regions: 80->80
[4456.655s][info][gc,metaspace   ] GC(1284) Metaspace: 28898K(29312K)->28898K(29312K) NonClass: 24030K(24256K)->24030K(24256K) Class: 4868K(5056K)->4868K(5056K)
[4456.655s][info][gc             ] GC(1284) Pause Young (Prepare Mixed) (G1 Evacuation Pause) 3627M->1453M(4096M) 117.524ms
[4456.655s][info][gc,cpu         ] GC(1284) User=0.70s Sys=0.00s Real=0.12s
. (rIR:aIR:PR = 7887:7883:7883) (tPR = 116739) [OK] 
  4456s: Performance info:
         Transaction,    Success,    Partial,     Failed,   Receipts, AvgBarcode, 
             Overall,     480321,          0,          0,     456249,      59.47, 
         Response times:
             Request,    Success,    Partial,     Failed,   SkipFail,     Probes,    Samples,      min,      p50,      p90,      p95,      p99,      max, 
       TotalPurchase,     456289,          0,          0,          0,     353737,     394186,      300,     7000,    93000,   122000,   171000,   464000,
     InStorePurchase,     240787,          0,          0,          0,     186476,     207247,      300,     6900,    93000,   122000,   173000,   464000,
      OnlinePurchase,     167969,          0,          0,          0,     130179,     145209,      300,     7100,    93000,   123000,   169000,   464000,
        InstPurchase,      47533,          0,          0,          0,      37082,      41730,      300,     7200,    92000,   123000,   171000,   281000,
          AssocOfCat,        482,          0,          0,          0,        399,        511,    23000,    47000,   154800,   172600,   207920,   219000,
      AssocOfProduct,       4806,          0,          0,          0,       4485,       5116,     1200,     7600,   102000,   132000,   176830,   266000,
      BusinessReport,       1202,          0,          0,          0,       1038,       1254,    28000,    55000,   165000,   195000,   237450,   425000,
          CustBuyBeh,       4804,          0,          0,          0,       4484,       5171,      200,     7200,   100000,   129000,   176280,   281000,
       ProductReturn,      12772,          0,          0,          0,       9735,      11040,      200,     6400,    92000,   122000,   170000,   280000,

  4456s: (58%)   IR =   8025 ..[4458.901s][info][gc,start       ] GC(1285) Pause Young (Mixed) (G1 Evacuation Pause)
[4458.901s][info][gc,task        ] GC(1285) Using 6 workers of 6 for evacuation
[4459.038s][info][gc,phases      ] GC(1285)   Pre Evacuate Collection Set: 0.34ms
[4459.038s][info][gc,phases      ] GC(1285)   Merge Heap Roots: 0.88ms
[4459.038s][info][gc,phases      ] GC(1285)   Evacuate Collection Set: 134.52ms
[4459.038s][info][gc,phases      ] GC(1285)   Post Evacuate Collection Set: 0.97ms
[4459.038s][info][gc,phases      ] GC(1285)   Other: 0.09ms
[4459.038s][info][gc,heap        ] GC(1285) Eden regions: 1109->0(1119)
[4459.038s][info][gc,heap        ] GC(1285) Survivor regions: 109->109(153)
[4459.038s][info][gc,heap        ] GC(1285) Old regions: 538->474
[4459.038s][info][gc,heap        ] GC(1285) Humongous regions: 80->80
[4459.038s][info][gc,metaspace   ] GC(1285) Metaspace: 28899K(29312K)->28899K(29312K) NonClass: 24031K(24256K)->24031K(24256K) Class: 4868K(5056K)->4868K(5056K)
[4459.038s][info][gc             ] GC(1285) Pause Young (Mixed) (G1 Evacuation Pause) 3671M->1325M(4096M) 136.954ms
[4459.038s][info][gc,cpu         ] GC(1285) User=0.82s Sys=0.00s Real=0.13s
..[4461.301s][info][gc,start       ] GC(1286) Pause Young (Concurrent Start) (G1 Evacuation Pause)
[4461.301s][info][gc,task        ] GC(1286) Using 6 workers of 6 for evacuation
[4461.428s][info][gc,phases      ] GC(1286)   Pre Evacuate Collection Set: 0.35ms
[4461.428s][info][gc,phases      ] GC(1286)   Merge Heap Roots: 0.49ms
[4461.428s][info][gc,phases      ] GC(1286)   Evacuate Collection Set: 125.24ms
[4461.428s][info][gc,phases      ] GC(1286)   Post Evacuate Collection Set: 0.97ms
[4461.428s][info][gc,phases      ] GC(1286)   Other: 0.10ms
[4461.428s][info][gc,heap        ] GC(1286) Eden regions: 1119->0(1112)
[4461.428s][info][gc,heap        ] GC(1286) Survivor regions: 109->116(154)
[4461.428s][info][gc,heap        ] GC(1286) Old regions: 474->507
[4461.428s][info][gc,heap        ] GC(1286) Humongous regions: 80->80
[4461.428s][info][gc,metaspace   ] GC(1286) Metaspace: 28899K(29312K)->28899K(29312K) NonClass: 24031K(24256K)->24031K(24256K) Class: 4868K(5056K)->4868K(5056K)
[4461.428s][info][gc             ] GC(1286) Pause Young (Concurrent Start) (G1 Evacuation Pause) 3563M->1404M(4096M) 127.278ms
[4461.428s][info][gc             ] GC(1287) Concurrent Mark Cycle
[4461.428s][info][gc,cpu         ] GC(1286) User=0.76s Sys=0.00s Real=0.12s
[4461.428s][info][gc,marking     ] GC(1287) Concurrent Scan Root Regions
[4461.612s][info][gc,marking     ] GC(1287) Concurrent Scan Root Regions 183.997ms
[4461.612s][info][gc,marking     ] GC(1287) Concurrent Mark
[4461.612s][info][gc,marking     ] GC(1287) Concurrent Mark From Roots
[4461.612s][info][gc,task        ] GC(1287) Using 2 workers of 2 for marking
.[4462.303s][info][gc,marking     ] GC(1287) Concurrent Mark From Roots 690.664ms
[4462.303s][info][gc,marking     ] GC(1287) Concurrent Preclean
[4462.303s][info][gc,marking     ] GC(1287) Concurrent Preclean 0.105ms
[4462.303s][info][gc,start       ] GC(1287) Pause Remark
[4462.308s][info][gc             ] GC(1287) Pause Remark 2185M->2185M(4096M) 4.578ms
[4462.308s][info][gc,cpu         ] GC(1287) User=0.03s Sys=0.00s Real=0.00s
[4462.309s][info][gc,marking     ] GC(1287) Concurrent Mark 697.126ms
[4462.309s][info][gc,marking     ] GC(1287) Concurrent Rebuild Remembered Sets and Scrub Regions
[4462.589s][info][gc,marking     ] GC(1287) Concurrent Rebuild Remembered Sets and Scrub Regions 279.581ms
[4462.589s][info][gc,start       ] GC(1287) Pause Cleanup
[4462.589s][info][gc             ] GC(1287) Pause Cleanup 2480M->2480M(4096M) 0.129ms
[4462.590s][info][gc,cpu         ] GC(1287) User=0.00s Sys=0.00s Real=0.00s
[4462.590s][info][gc,marking     ] GC(1287) Concurrent Clear Claimed Marks
[4462.590s][info][gc,marking     ] GC(1287) Concurrent Clear Claimed Marks 0.035ms
[4462.590s][info][gc,marking     ] GC(1287) Concurrent Cleanup for Next Mark
[4462.602s][info][gc,marking     ] GC(1287) Concurrent Cleanup for Next Mark 12.141ms
[4462.602s][info][gc             ] GC(1287) Concurrent Mark Cycle 1173.921ms
.[4463.626s][info][gc,start       ] GC(1288) Pause Young (Prepare Mixed) (G1 Evacuation Pause)
[4463.626s][info][gc,task        ] GC(1288) Using 6 workers of 6 for evacuation
[4463.742s][info][gc,phases      ] GC(1288)   Pre Evacuate Collection Set: 0.31ms
[4463.742s][info][gc,phases      ] GC(1288)   Merge Heap Roots: 0.57ms
[4463.742s][info][gc,phases      ] GC(1288)   Evacuate Collection Set: 113.73ms
[4463.742s][info][gc,phases      ] GC(1288)   Post Evacuate Collection Set: 0.91ms
[4463.742s][info][gc,phases      ] GC(1288)   Other: 0.09ms
[4463.742s][info][gc,heap        ] GC(1288) Eden regions: 1112->0(1112)
[4463.742s][info][gc,heap        ] GC(1288) Survivor regions: 116->107(154)
[4463.742s][info][gc,heap        ] GC(1288) Old regions: 507->539
[4463.742s][info][gc,heap        ] GC(1288) Humongous regions: 80->80
[4463.742s][info][gc,metaspace   ] GC(1288) Metaspace: 28899K(29312K)->28899K(29312K) NonClass: 24031K(24256K)->24031K(24256K) Class: 4868K(5056K)->4868K(5056K)
[4463.742s][info][gc             ] GC(1288) Pause Young (Prepare Mixed) (G1 Evacuation Pause) 3628M->1450M(4096M) 115.750ms
[4463.742s][info][gc,cpu         ] GC(1288) User=0.69s Sys=0.00s Real=0.12s
...[4465.923s][info][gc,start       ] GC(1289) Pause Young (Mixed) (G1 Evacuation Pause)
[4465.923s][info][gc,task        ] GC(1289) Using 6 workers of 6 for evacuation
[4466.058s][info][gc,phases      ] GC(1289)   Pre Evacuate Collection Set: 0.34ms
[4466.058s][info][gc,phases      ] GC(1289)   Merge Heap Roots: 0.81ms
[4466.058s][info][gc,phases      ] GC(1289)   Evacuate Collection Set: 133.34ms
[4466.058s][info][gc,phases      ] GC(1289)   Post Evacuate Collection Set: 1.00ms
[4466.058s][info][gc,phases      ] GC(1289)   Other: 0.09ms
[4466.058s][info][gc,heap        ] GC(1289) Eden regions: 1112->0(1117)
[4466.058s][info][gc,heap        ] GC(1289) Survivor regions: 107->111(153)
[4466.058s][info][gc,heap        ] GC(1289) Old regions: 539->474
[4466.058s][info][gc,heap        ] GC(1289) Humongous regions: 80->80
[4466.058s][info][gc,metaspace   ] GC(1289) Metaspace: 28899K(29312K)->28899K(29312K) NonClass: 24031K(24256K)->24031K(24256K) Class: 4868K(5056K)->4868K(5056K)
[4466.058s][info][gc             ] GC(1289) Pause Young (Mixed) (G1 Evacuation Pause) 3674M->1328M(4096M) 135.712ms
[4466.058s][info][gc,cpu         ] GC(1289) User=0.81s Sys=0.00s Real=0.13s
..|[4468.236s][info][gc,start       ] GC(1290) Pause Young (Concurrent Start) (G1 Evacuation Pause)
[4468.236s][info][gc,task        ] GC(1290) Using 6 workers of 6 for evacuation
[4468.355s][info][gc,phases      ] GC(1290)   Pre Evacuate Collection Set: 0.36ms
[4468.355s][info][gc,phases      ] GC(1290)   Merge Heap Roots: 0.50ms
[4468.355s][info][gc,phases      ] GC(1290)   Evacuate Collection Set: 116.62ms
[4468.355s][info][gc,phases      ] GC(1290)   Post Evacuate Collection Set: 0.85ms
[4468.355s][info][gc,phases      ] GC(1290)   Other: 0.10ms
[4468.355s][info][gc,heap        ] GC(1290) Eden regions: 1117->0(1118)
[4468.355s][info][gc,heap        ] GC(1290) Survivor regions: 111->110(154)
[4468.355s][info][gc,heap        ] GC(1290) Old regions: 474->506
[4468.355s][info][gc,heap        ] GC(1290) Humongous regions: 80->80
[4468.355s][info][gc,metaspace   ] GC(1290) Metaspace: 28899K(29312K)->28899K(29312K) NonClass: 24031K(24256K)->24031K(24256K) Class: 4868K(5056K)->4868K(5056K)
[4468.355s][info][gc             ] GC(1290) Pause Young (Concurrent Start) (G1 Evacuation Pause) 3562M->1390M(4096M) 118.568ms
[4468.355s][info][gc             ] GC(1291) Concurrent Mark Cycle
[4468.355s][info][gc,marking     ] GC(1291) Concurrent Scan Root Regions
[4468.355s][info][gc,cpu         ] GC(1290) User=0.70s Sys=0.00s Real=0.12s
[4468.495s][info][gc,marking     ] GC(1291) Concurrent Scan Root Regions 139.659ms
[4468.495s][info][gc,marking     ] GC(1291) Concurrent Mark
[4468.495s][info][gc,marking     ] GC(1291) Concurrent Mark From Roots
[4468.495s][info][gc,task        ] GC(1291) Using 2 workers of 2 for marking
.[4469.279s][info][gc,marking     ] GC(1291) Concurrent Mark From Roots 784.201ms
[4469.279s][info][gc,marking     ] GC(1291) Concurrent Preclean
[4469.279s][info][gc,marking     ] GC(1291) Concurrent Preclean 0.091ms
[4469.280s][info][gc,start       ] GC(1291) Pause Remark
[4469.286s][info][gc             ] GC(1291) Pause Remark 2238M->2238M(4096M) 5.089ms
[4469.286s][info][gc,cpu         ] GC(1291) User=0.03s Sys=0.00s Real=0.00s
[4469.286s][info][gc,marking     ] GC(1291) Concurrent Mark 791.045ms
[4469.286s][info][gc,marking     ] GC(1291) Concurrent Rebuild Remembered Sets and Scrub Regions
[4469.712s][info][gc,marking     ] GC(1291) Concurrent Rebuild Remembered Sets and Scrub Regions 425.844ms
[4469.712s][info][gc,start       ] GC(1291) Pause Cleanup
[4469.713s][info][gc             ] GC(1291) Pause Cleanup 2668M->2668M(4096M) 0.141ms
[4469.713s][info][gc,cpu         ] GC(1291) User=0.00s Sys=0.00s Real=0.00s
[4469.713s][info][gc,marking     ] GC(1291) Concurrent Clear Claimed Marks
[4469.713s][info][gc,marking     ] GC(1291) Concurrent Clear Claimed Marks 0.043ms
[4469.713s][info][gc,marking     ] GC(1291) Concurrent Cleanup for Next Mark
[4469.722s][info][gc,marking     ] GC(1291) Concurrent Cleanup for Next Mark 8.936ms
[4469.722s][info][gc             ] GC(1291) Concurrent Mark Cycle 1366.836ms
.[4470.599s][info][gc,start       ] GC(1292) Pause Young (Prepare Mixed) (G1 Evacuation Pause)
[4470.599s][info][gc,task        ] GC(1292) Using 6 workers of 6 for evacuation
[4470.716s][info][gc,phases      ] GC(1292)   Pre Evacuate Collection Set: 0.35ms
[4470.716s][info][gc,phases      ] GC(1292)   Merge Heap Roots: 0.51ms
[4470.716s][info][gc,phases      ] GC(1292)   Evacuate Collection Set: 114.62ms
[4470.716s][info][gc,phases      ] GC(1292)   Post Evacuate Collection Set: 0.92ms
[4470.716s][info][gc,phases      ] GC(1292)   Other: 0.08ms
[4470.716s][info][gc,heap        ] GC(1292) Eden regions: 1118->0(1111)
[4470.716s][info][gc,heap        ] GC(1292) Survivor regions: 110->108(154)
[4470.716s][info][gc,heap        ] GC(1292) Old regions: 506->538
[4470.716s][info][gc,heap        ] GC(1292) Humongous regions: 80->80
[4470.716s][info][gc,metaspace   ] GC(1292) Metaspace: 28899K(29312K)->28899K(29312K) NonClass: 24031K(24256K)->24031K(24256K) Class: 4868K(5056K)->4868K(5056K)
[4470.716s][info][gc             ] GC(1292) Pause Young (Prepare Mixed) (G1 Evacuation Pause) 3626M->1451M(4096M) 116.617ms
[4470.716s][info][gc,cpu         ] GC(1292) User=0.69s Sys=0.00s Real=0.11s
..[4472.957s][info][gc,start       ] GC(1293) Pause Young (Mixed) (G1 Evacuation Pause)
[4472.957s][info][gc,task        ] GC(1293) Using 6 workers of 6 for evacuation
[4473.097s][info][gc,phases      ] GC(1293)   Pre Evacuate Collection Set: 0.36ms
[4473.097s][info][gc,phases      ] GC(1293)   Merge Heap Roots: 0.79ms
[4473.097s][info][gc,phases      ] GC(1293)   Evacuate Collection Set: 137.70ms
[4473.097s][info][gc,phases      ] GC(1293)   Post Evacuate Collection Set: 0.95ms
[4473.097s][info][gc,phases      ] GC(1293)   Other: 0.08ms
[4473.097s][info][gc,heap        ] GC(1293) Eden regions: 1111->0(1116)
[4473.097s][info][gc,heap        ] GC(1293) Survivor regions: 108->112(153)
[4473.097s][info][gc,heap        ] GC(1293) Old regions: 538->475
[4473.097s][info][gc,heap        ] GC(1293) Humongous regions: 80->80
[4473.097s][info][gc,metaspace   ] GC(1293) Metaspace: 28899K(29312K)->28899K(29312K) NonClass: 24031K(24256K)->24031K(24256K) Class: 4868K(5056K)->4868K(5056K)
[4473.097s][info][gc             ] GC(1293) Pause Young (Mixed) (G1 Evacuation Pause) 3673M->1332M(4096M) 140.010ms
[4473.097s][info][gc,cpu         ] GC(1293) User=0.83s Sys=0.00s Real=0.14s
...[4475.388s][info][gc,start       ] GC(1294) Pause Young (Concurrent Start) (G1 Evacuation Pause)
[4475.388s][info][gc,task        ] GC(1294) Using 6 workers of 6 for evacuation
[4475.511s][info][gc,phases      ] GC(1294)   Pre Evacuate Collection Set: 0.37ms
[4475.511s][info][gc,phases      ] GC(1294)   Merge Heap Roots: 0.52ms
[4475.511s][info][gc,phases      ] GC(1294)   Evacuate Collection Set: 120.68ms
[4475.511s][info][gc,phases      ] GC(1294)   Post Evacuate Collection Set: 0.89ms
[4475.511s][info][gc,phases      ] GC(1294)   Other: 0.11ms
[4475.511s][info][gc,heap        ] GC(1294) Eden regions: 1116->0(1114)
[4475.511s][info][gc,heap        ] GC(1294) Survivor regions: 112->114(154)
[4475.511s][info][gc,heap        ] GC(1294) Old regions: 475->507
[4475.511s][info][gc,heap        ] GC(1294) Humongous regions: 80->80
[4475.511s][info][gc,metaspace   ] GC(1294) Metaspace: 28899K(29312K)->28899K(29312K) NonClass: 24031K(24256K)->24031K(24256K) Class: 4868K(5056K)->4868K(5056K)
[4475.511s][info][gc             ] GC(1294) Pause Young (Concurrent Start) (G1 Evacuation Pause) 3564M->1400M(4096M) 122.710ms
[4475.511s][info][gc             ] GC(1295) Concurrent Mark Cycle
[4475.511s][info][gc,marking     ] GC(1295) Concurrent Scan Root Regions
[4475.511s][info][gc,cpu         ] GC(1294) User=0.73s Sys=0.00s Real=0.13s
[4475.681s][info][gc,marking     ] GC(1295) Concurrent Scan Root Regions 170.401ms
[4475.681s][info][gc,marking     ] GC(1295) Concurrent Mark
[4475.681s][info][gc,marking     ] GC(1295) Concurrent Mark From Roots
[4475.681s][info][gc,task        ] GC(1295) Using 2 workers of 2 for marking
.[4476.474s][info][gc,marking     ] GC(1295) Concurrent Mark From Roots 792.902ms
[4476.474s][info][gc,marking     ] GC(1295) Concurrent Preclean
[4476.474s][info][gc,marking     ] GC(1295) Concurrent Preclean 0.126ms
[4476.476s][info][gc,start       ] GC(1295) Pause Remark
[4476.479s][info][gc             ] GC(1295) Pause Remark 2282M->2282M(4096M) 3.755ms
[4476.479s][info][gc,cpu         ] GC(1295) User=0.02s Sys=0.00s Real=0.01s
[4476.480s][info][gc,marking     ] GC(1295) Concurrent Mark 798.323ms
[4476.480s][info][gc,marking     ] GC(1295) Concurrent Rebuild Remembered Sets and Scrub Regions
[4476.792s][info][gc,marking     ] GC(1295) Concurrent Rebuild Remembered Sets and Scrub Regions 312.844ms
[4476.794s][info][gc,start       ] GC(1295) Pause Cleanup
[4476.794s][info][gc             ] GC(1295) Pause Cleanup 2557M->2557M(4096M) 0.120ms
[4476.794s][info][gc,cpu         ] GC(1295) User=0.00s Sys=0.00s Real=0.00s
[4476.794s][info][gc,marking     ] GC(1295) Concurrent Clear Claimed Marks
[4476.794s][info][gc,marking     ] GC(1295) Concurrent Clear Claimed Marks 0.037ms
[4476.794s][info][gc,marking     ] GC(1295) Concurrent Cleanup for Next Mark
[4476.799s][info][gc,marking     ] GC(1295) Concurrent Cleanup for Next Mark 5.220ms
[4476.799s][info][gc             ] GC(1295) Concurrent Mark Cycle 1288.456ms
.[4477.655s][info][gc,start       ] GC(1296) Pause Young (Prepare Mixed) (G1 Evacuation Pause)
[4477.655s][info][gc,task        ] GC(1296) Using 6 workers of 6 for evacuation
[4477.779s][info][gc,phases      ] GC(1296)   Pre Evacuate Collection Set: 0.31ms
[4477.779s][info][gc,phases      ] GC(1296)   Merge Heap Roots: 0.60ms
[4477.779s][info][gc,phases      ] GC(1296)   Evacuate Collection Set: 122.61ms
[4477.779s][info][gc,phases      ] GC(1296)   Post Evacuate Collection Set: 0.95ms
[4477.779s][info][gc,phases      ] GC(1296)   Other: 0.09ms
[4477.779s][info][gc,heap        ] GC(1296) Eden regions: 1114->0(1096)
[4477.779s][info][gc,heap        ] GC(1296) Survivor regions: 114->115(154)
[4477.779s][info][gc,heap        ] GC(1296) Old regions: 507->539
[4477.779s][info][gc,heap        ] GC(1296) Humongous regions: 80->80
[4477.779s][info][gc,metaspace   ] GC(1296) Metaspace: 28899K(29312K)->28899K(29312K) NonClass: 24031K(24256K)->24031K(24256K) Class: 4868K(5056K)->4868K(5056K)
[4477.779s][info][gc             ] GC(1296) Pause Young (Prepare Mixed) (G1 Evacuation Pause) 3628M->1466M(4096M) 124.685ms
[4477.779s][info][gc,cpu         ] GC(1296) User=0.75s Sys=0.00s Real=0.13s
..[4479.901s][info][gc,start       ] GC(1297) Pause Young (Mixed) (G1 Evacuation Pause)
[4479.901s][info][gc,task        ] GC(1297) Using 6 workers of 6 for evacuation
[4480.038s][info][gc,phases      ] GC(1297)   Pre Evacuate Collection Set: 0.34ms
[4480.038s][info][gc,phases      ] GC(1297)   Merge Heap Roots: 0.74ms
[4480.038s][info][gc,phases      ] GC(1297)   Evacuate Collection Set: 135.48ms
[4480.038s][info][gc,phases      ] GC(1297)   Post Evacuate Collection Set: 0.94ms
[4480.038s][info][gc,phases      ] GC(1297)   Other: 0.09ms
[4480.038s][info][gc,heap        ] GC(1297) Eden regions: 1096->0(1117)
[4480.038s][info][gc,heap        ] GC(1297) Survivor regions: 115->111(152)
[4480.038s][info][gc,heap        ] GC(1297) Old regions: 539->475
[4480.038s][info][gc,heap        ] GC(1297) Humongous regions: 80->80
[4480.038s][info][gc,metaspace   ] GC(1297) Metaspace: 28899K(29312K)->28899K(29312K) NonClass: 24031K(24256K)->24031K(24256K) Class: 4868K(5056K)->4868K(5056K)
[4480.038s][info][gc             ] GC(1297) Pause Young (Mixed) (G1 Evacuation Pause) 3658M->1330M(4096M) 137.746ms
[4480.038s][info][gc,cpu         ] GC(1297) User=0.82s Sys=0.00s Real=0.13s
...[4482.216s][info][gc,start       ] GC(1298) Pause Young (Concurrent Start) (G1 Evacuation Pause)
[4482.216s][info][gc,task        ] GC(1298) Using 6 workers of 6 for evacuation
[4482.336s][info][gc,phases      ] GC(1298)   Pre Evacuate Collection Set: 0.35ms
[4482.336s][info][gc,phases      ] GC(1298)   Merge Heap Roots: 0.47ms
[4482.336s][info][gc,phases      ] GC(1298)   Evacuate Collection Set: 118.52ms
[4482.336s][info][gc,phases      ] GC(1298)   Post Evacuate Collection Set: 0.88ms
[4482.336s][info][gc,phases      ] GC(1298)   Other: 0.12ms
[4482.336s][info][gc,heap        ] GC(1298) Eden regions: 1117->0(1116)
[4482.336s][info][gc,heap        ] GC(1298) Survivor regions: 111->112(154)
[4482.336s][info][gc,heap        ] GC(1298) Old regions: 475->507
[4482.336s][info][gc,heap        ] GC(1298) Humongous regions: 80->80
[4482.336s][info][gc,metaspace   ] GC(1298) Metaspace: 28899K(29312K)->28899K(29312K) NonClass: 24031K(24256K)->24031K(24256K) Class: 4868K(5056K)->4868K(5056K)
[4482.336s][info][gc             ] GC(1298) Pause Young (Concurrent Start) (G1 Evacuation Pause) 3564M->1396M(4096M) 120.465ms
[4482.336s][info][gc             ] GC(1299) Concurrent Mark Cycle
[4482.336s][info][gc,marking     ] GC(1299) Concurrent Scan Root Regions
[4482.336s][info][gc,cpu         ] GC(1298) User=0.72s Sys=0.00s Real=0.12s
[4482.520s][info][gc,marking     ] GC(1299) Concurrent Scan Root Regions 183.846ms
[4482.520s][info][gc,marking     ] GC(1299) Concurrent Mark
[4482.520s][info][gc,marking     ] GC(1299) Concurrent Mark From Roots
[4482.520s][info][gc,task        ] GC(1299) Using 2 workers of 2 for marking
.[4483.469s][info][gc,marking     ] GC(1299) Concurrent Mark From Roots 949.185ms
[4483.469s][info][gc,marking     ] GC(1299) Concurrent Preclean
[4483.469s][info][gc,marking     ] GC(1299) Concurrent Preclean 0.123ms
[4483.473s][info][gc,start       ] GC(1299) Pause Remark
[4483.480s][info][gc             ] GC(1299) Pause Remark 2500M->2500M(4096M) 6.935ms
[4483.480s][info][gc,cpu         ] GC(1299) User=0.04s Sys=0.00s Real=0.01s
[4483.480s][info][gc,marking     ] GC(1299) Concurrent Mark 960.296ms
[4483.480s][info][gc,marking     ] GC(1299) Concurrent Rebuild Remembered Sets and Scrub Regions
[4483.859s][info][gc,marking     ] GC(1299) Concurrent Rebuild Remembered Sets and Scrub Regions 378.927ms
[4483.859s][info][gc,start       ] GC(1299) Pause Cleanup
[4483.860s][info][gc             ] GC(1299) Pause Cleanup 2856M->2856M(4096M) 0.098ms
[4483.860s][info][gc,cpu         ] GC(1299) User=0.00s Sys=0.00s Real=0.00s
[4483.861s][info][gc,marking     ] GC(1299) Concurrent Clear Claimed Marks
[4483.861s][info][gc,marking     ] GC(1299) Concurrent Clear Claimed Marks 0.048ms
[4483.861s][info][gc,marking     ] GC(1299) Concurrent Cleanup for Next Mark
[4483.878s][info][gc,marking     ] GC(1299) Concurrent Cleanup for Next Mark 16.058ms
[4483.878s][info][gc             ] GC(1299) Concurrent Mark Cycle 1541.392ms
.[4484.617s][info][gc,start       ] GC(1300) Pause Young (Prepare Mixed) (G1 Evacuation Pause)
[4484.617s][info][gc,task        ] GC(1300) Using 6 workers of 6 for evacuation
[4484.733s][info][gc,phases      ] GC(1300)   Pre Evacuate Collection Set: 0.36ms
[4484.733s][info][gc,phases      ] GC(1300)   Merge Heap Roots: 0.57ms
[4484.733s][info][gc,phases      ] GC(1300)   Evacuate Collection Set: 114.16ms
[4484.733s][info][gc,phases      ] GC(1300)   Post Evacuate Collection Set: 0.92ms
[4484.733s][info][gc,phases      ] GC(1300)   Other: 0.08ms
[4484.733s][info][gc,heap        ] GC(1300) Eden regions: 1116->0(1111)
[4484.733s][info][gc,heap        ] GC(1300) Survivor regions: 112->108(154)
[4484.733s][info][gc,heap        ] GC(1300) Old regions: 507->538
[4484.733s][info][gc,heap        ] GC(1300) Humongous regions: 80->80
[4484.733s][info][gc,metaspace   ] GC(1300) Metaspace: 28899K(29312K)->28899K(29312K) NonClass: 24031K(24256K)->24031K(24256K) Class: 4868K(5056K)->4868K(5056K)
[4484.733s][info][gc             ] GC(1300) Pause Young (Prepare Mixed) (G1 Evacuation Pause) 3628M->1450M(4096M) 116.221ms
[4484.733s][info][gc,cpu         ] GC(1300) User=0.69s Sys=0.00s Real=0.12s
..[4486.914s][info][gc,start       ] GC(1301) Pause Young (Mixed) (G1 Evacuation Pause)
[4486.914s][info][gc,task        ] GC(1301) Using 6 workers of 6 for evacuation
[4487.055s][info][gc,phases      ] GC(1301)   Pre Evacuate Collection Set: 0.35ms
[4487.055s][info][gc,phases      ] GC(1301)   Merge Heap Roots: 0.83ms
[4487.055s][info][gc,phases      ] GC(1301)   Evacuate Collection Set: 138.54ms
[4487.055s][info][gc,phases      ] GC(1301)   Post Evacuate Collection Set: 0.95ms
[4487.055s][info][gc,phases      ] GC(1301)   Other: 0.09ms
[4487.055s][info][gc,heap        ] GC(1301) Eden regions: 1111->0(1116)
[4487.055s][info][gc,heap        ] GC(1301) Survivor regions: 108->112(153)
[4487.055s][info][gc,heap        ] GC(1301) Old regions: 538->476
[4487.055s][info][gc,heap        ] GC(1301) Humongous regions: 80->80
[4487.055s][info][gc,metaspace   ] GC(1301) Metaspace: 28899K(29312K)->28899K(29312K) NonClass: 24031K(24256K)->24031K(24256K) Class: 4868K(5056K)->4868K(5056K)
[4487.055s][info][gc             ] GC(1301) Pause Young (Mixed) (G1 Evacuation Pause) 3672M->1335M(4096M) 140.885ms
[4487.055s][info][gc,cpu         ] GC(1301) User=0.84s Sys=0.00s Real=0.14s
...[4489.222s][info][gc,start       ] GC(1302) Pause Young (Concurrent Start) (G1 Evacuation Pause)
[4489.222s][info][gc,task        ] GC(1302) Using 6 workers of 6 for evacuation
[4489.339s][info][gc,phases      ] GC(1302)   Pre Evacuate Collection Set: 0.34ms
[4489.340s][info][gc,phases      ] GC(1302)   Merge Heap Roots: 0.43ms
[4489.340s][info][gc,phases      ] GC(1302)   Evacuate Collection Set: 116.06ms
[4489.340s][info][gc,phases      ] GC(1302)   Post Evacuate Collection Set: 0.88ms
[4489.340s][info][gc,phases      ] GC(1302)   Other: 0.11ms
[4489.340s][info][gc,heap        ] GC(1302) Eden regions: 1116->0(1119)
[4489.340s][info][gc,heap        ] GC(1302) Survivor regions: 112->109(154)
[4489.340s][info][gc,heap        ] GC(1302) Old regions: 476->508
[4489.340s][info][gc,heap        ] GC(1302) Humongous regions: 80->80
[4489.340s][info][gc,metaspace   ] GC(1302) Metaspace: 28899K(29312K)->28899K(29312K) NonClass: 24031K(24256K)->24031K(24256K) Class: 4868K(5056K)->4868K(5056K)
[4489.340s][info][gc             ] GC(1302) Pause Young (Concurrent Start) (G1 Evacuation Pause) 3567M->1393M(4096M) 117.947ms
[4489.340s][info][gc             ] GC(1303) Concurrent Mark Cycle
[4489.340s][info][gc,marking     ] GC(1303) Concurrent Scan Root Regions
[4489.340s][info][gc,cpu         ] GC(1302) User=0.70s Sys=0.00s Real=0.12s
[4489.479s][info][gc,marking     ] GC(1303) Concurrent Scan Root Regions 139.682ms
[4489.479s][info][gc,marking     ] GC(1303) Concurrent Mark
[4489.479s][info][gc,marking     ] GC(1303) Concurrent Mark From Roots
[4489.479s][info][gc,task        ] GC(1303) Using 2 workers of 2 for marking
[4490.219s][info][gc,marking     ] GC(1303) Concurrent Mark From Roots 739.290ms
[4490.219s][info][gc,marking     ] GC(1303) Concurrent Preclean
[4490.219s][info][gc,marking     ] GC(1303) Concurrent Preclean 0.117ms
.[4490.219s][info][gc,start       ] GC(1303) Pause Remark
[4490.223s][info][gc             ] GC(1303) Pause Remark 2206M->2206M(4096M) 4.021ms
[4490.223s][info][gc,cpu         ] GC(1303) User=0.02s Sys=0.00s Real=0.00s
[4490.224s][info][gc,marking     ] GC(1303) Concurrent Mark 744.192ms
[4490.224s][info][gc,marking     ] GC(1303) Concurrent Rebuild Remembered Sets and Scrub Regions
[4490.498s][info][gc,marking     ] GC(1303) Concurrent Rebuild Remembered Sets and Scrub Regions 274.245ms
[4490.498s][info][gc,start       ] GC(1303) Pause Cleanup
[4490.498s][info][gc             ] GC(1303) Pause Cleanup 2488M->2488M(4096M) 0.106ms
[4490.498s][info][gc,cpu         ] GC(1303) User=0.00s Sys=0.00s Real=0.00s
[4490.498s][info][gc,marking     ] GC(1303) Concurrent Clear Claimed Marks
[4490.498s][info][gc,marking     ] GC(1303) Concurrent Clear Claimed Marks 0.023ms
[4490.498s][info][gc,marking     ] GC(1303) Concurrent Cleanup for Next Mark
[4490.506s][info][gc,marking     ] GC(1303) Concurrent Cleanup for Next Mark 7.705ms
[4490.506s][info][gc             ] GC(1303) Concurrent Mark Cycle 1166.299ms
.[4491.629s][info][gc,start       ] GC(1304) Pause Young (Prepare Mixed) (G1 Evacuation Pause)
[4491.629s][info][gc,task        ] GC(1304) Using 6 workers of 6 for evacuation
[4491.751s][info][gc,phases      ] GC(1304)   Pre Evacuate Collection Set: 0.35ms
[4491.751s][info][gc,phases      ] GC(1304)   Merge Heap Roots: 0.53ms
[4491.751s][info][gc,phases      ] GC(1304)   Evacuate Collection Set: 120.05ms
[4491.751s][info][gc,phases      ] GC(1304)   Post Evacuate Collection Set: 0.88ms
[4491.751s][info][gc,phases      ] GC(1304)   Other: 0.09ms
[4491.751s][info][gc,heap        ] GC(1304) Eden regions: 1119->0(1102)
[4491.751s][info][gc,heap        ] GC(1304) Survivor regions: 109->112(154)
[4491.751s][info][gc,heap        ] GC(1304) Old regions: 508->539
[4491.751s][info][gc,heap        ] GC(1304) Humongous regions: 80->80
[4491.751s][info][gc,metaspace   ] GC(1304) Metaspace: 28899K(29312K)->28899K(29312K) NonClass: 24031K(24256K)->24031K(24256K) Class: 4868K(5056K)->4868K(5056K)
[4491.751s][info][gc             ] GC(1304) Pause Young (Prepare Mixed) (G1 Evacuation Pause) 3631M->1460M(4096M) 122.017ms
[4491.751s][info][gc,cpu         ] GC(1304) User=0.73s Sys=0.00s Real=0.12s
..[4493.947s][info][gc,start       ] GC(1305) Pause Young (Mixed) (G1 Evacuation Pause)
[4493.947s][info][gc,task        ] GC(1305) Using 6 workers of 6 for evacuation
[4494.078s][info][gc,phases      ] GC(1305)   Pre Evacuate Collection Set: 0.35ms
[4494.078s][info][gc,phases      ] GC(1305)   Merge Heap Roots: 0.69ms
[4494.078s][info][gc,phases      ] GC(1305)   Evacuate Collection Set: 129.21ms
[4494.078s][info][gc,phases      ] GC(1305)   Post Evacuate Collection Set: 0.95ms
[4494.078s][info][gc,phases      ] GC(1305)   Other: 0.10ms
[4494.078s][info][gc,heap        ] GC(1305) Eden regions: 1102->0(1118)
[4494.078s][info][gc,heap        ] GC(1305) Survivor regions: 112->110(152)
[4494.078s][info][gc,heap        ] GC(1305) Old regions: 539->474
[4494.078s][info][gc,heap        ] GC(1305) Humongous regions: 80->80
[4494.078s][info][gc,metaspace   ] GC(1305) Metaspace: 28899K(29312K)->28899K(29312K) NonClass: 24031K(24256K)->24031K(24256K) Class: 4868K(5056K)->4868K(5056K)
[4494.078s][info][gc             ] GC(1305) Pause Young (Mixed) (G1 Evacuation Pause) 3664M->1325M(4096M) 131.420ms
[4494.078s][info][gc,cpu         ] GC(1305) User=0.78s Sys=0.00s Real=0.13s
...[4496.334s][info][gc,start       ] GC(1306) Pause Young (Concurrent Start) (G1 Evacuation Pause)
[4496.334s][info][gc,task        ] GC(1306) Using 6 workers of 6 for evacuation
[4496.453s][info][gc,phases      ] GC(1306)   Pre Evacuate Collection Set: 0.39ms
[4496.453s][info][gc,phases      ] GC(1306)   Merge Heap Roots: 0.58ms
[4496.453s][info][gc,phases      ] GC(1306)   Evacuate Collection Set: 117.12ms
[4496.453s][info][gc,phases      ] GC(1306)   Post Evacuate Collection Set: 0.88ms
[4496.453s][info][gc,phases      ] GC(1306)   Other: 0.11ms
[4496.453s][info][gc,heap        ] GC(1306) Eden regions: 1118->0(1118)
[4496.453s][info][gc,heap        ] GC(1306) Survivor regions: 110->110(154)
[4496.453s][info][gc,heap        ] GC(1306) Old regions: 474->507
[4496.453s][info][gc,heap        ] GC(1306) Humongous regions: 80->80
[4496.453s][info][gc,metaspace   ] GC(1306) Metaspace: 28899K(29312K)->28899K(29312K) NonClass: 24031K(24256K)->24031K(24256K) Class: 4868K(5056K)->4868K(5056K)
[4496.453s][info][gc             ] GC(1306) Pause Young (Concurrent Start) (G1 Evacuation Pause) 3561M->1392M(4096M) 119.209ms
[4496.453s][info][gc             ] GC(1307) Concurrent Mark Cycle
[4496.453s][info][gc,marking     ] GC(1307) Concurrent Scan Root Regions
[4496.453s][info][gc,cpu         ] GC(1306) User=0.71s Sys=0.00s Real=0.12s
[4496.597s][info][gc,marking     ] GC(1307) Concurrent Scan Root Regions 143.939ms
[4496.597s][info][gc,marking     ] GC(1307) Concurrent Mark
[4496.597s][info][gc,marking     ] GC(1307) Concurrent Mark From Roots
[4496.597s][info][gc,task        ] GC(1307) Using 2 workers of 2 for marking
[4497.305s][info][gc,marking     ] GC(1307) Concurrent Mark From Roots 708.355ms
[4497.311s][info][gc,marking     ] GC(1307) Concurrent Preclean
[4497.312s][info][gc,marking     ] GC(1307) Concurrent Preclean 0.133ms
.[4497.313s][info][gc,start       ] GC(1307) Pause Remark
[4497.316s][info][gc             ] GC(1307) Pause Remark 2194M->2194M(4096M) 3.181ms
[4497.316s][info][gc,cpu         ] GC(1307) User=0.01s Sys=0.00s Real=0.00s
[4497.316s][info][gc,marking     ] GC(1307) Concurrent Mark 719.576ms
[4497.316s][info][gc,marking     ] GC(1307) Concurrent Rebuild Remembered Sets and Scrub Regions
[4497.590s][info][gc,marking     ] GC(1307) Concurrent Rebuild Remembered Sets and Scrub Regions 273.138ms
[4497.590s][info][gc,start       ] GC(1307) Pause Cleanup
[4497.590s][info][gc             ] GC(1307) Pause Cleanup 2452M->2452M(4096M) 0.114ms
[4497.590s][info][gc,cpu         ] GC(1307) User=0.00s Sys=0.00s Real=0.00s
[4497.590s][info][gc,marking     ] GC(1307) Concurrent Clear Claimed Marks
[4497.590s][info][gc,marking     ] GC(1307) Concurrent Clear Claimed Marks 0.026ms
[4497.590s][info][gc,marking     ] GC(1307) Concurrent Cleanup for Next Mark
[4497.595s][info][gc,marking     ] GC(1307) Concurrent Cleanup for Next Mark 5.294ms
[4497.595s][info][gc             ] GC(1307) Concurrent Mark Cycle 1142.527ms
.[4498.628s][info][gc,start       ] GC(1308) Pause Young (Prepare Mixed) (G1 Evacuation Pause)
[4498.628s][info][gc,task        ] GC(1308) Using 6 workers of 6 for evacuation
[4498.750s][info][gc,phases      ] GC(1308)   Pre Evacuate Collection Set: 0.31ms
[4498.750s][info][gc,phases      ] GC(1308)   Merge Heap Roots: 0.55ms
[4498.750s][info][gc,phases      ] GC(1308)   Evacuate Collection Set: 120.27ms
[4498.750s][info][gc,phases      ] GC(1308)   Post Evacuate Collection Set: 0.90ms
[4498.750s][info][gc,phases      ] GC(1308)   Other: 0.08ms
[4498.750s][info][gc,heap        ] GC(1308) Eden regions: 1118->0(1101)
[4498.750s][info][gc,heap        ] GC(1308) Survivor regions: 110->113(154)
[4498.750s][info][gc,heap        ] GC(1308) Old regions: 507->538
[4498.750s][info][gc,heap        ] GC(1308) Humongous regions: 80->80
[4498.750s][info][gc,metaspace   ] GC(1308) Metaspace: 28899K(29312K)->28899K(29312K) NonClass: 24031K(24256K)->24031K(24256K) Class: 4868K(5056K)->4868K(5056K)
[4498.750s][info][gc             ] GC(1308) Pause Young (Prepare Mixed) (G1 Evacuation Pause) 3628M->1460M(4096M) 122.247ms
[4498.750s][info][gc,cpu         ] GC(1308) User=0.73s Sys=0.00s Real=0.13s
..[4500.978s][info][gc,start       ] GC(1309) Pause Young (Mixed) (G1 Evacuation Pause)
[4500.978s][info][gc,task        ] GC(1309) Using 6 workers of 6 for evacuation
[4501.109s][info][gc,phases      ] GC(1309)   Pre Evacuate Collection Set: 0.34ms
[4501.109s][info][gc,phases      ] GC(1309)   Merge Heap Roots: 0.71ms
[4501.109s][info][gc,phases      ] GC(1309)   Evacuate Collection Set: 129.46ms
[4501.109s][info][gc,phases      ] GC(1309)   Post Evacuate Collection Set: 0.95ms
[4501.109s][info][gc,phases      ] GC(1309)   Other: 0.08ms
[4501.109s][info][gc,heap        ] GC(1309) Eden regions: 1101->0(1118)
[4501.109s][info][gc,heap        ] GC(1309) Survivor regions: 113->110(152)
[4501.109s][info][gc,heap        ] GC(1309) Old regions: 538->476
[4501.109s][info][gc,heap        ] GC(1309) Humongous regions: 80->80
[4501.109s][info][gc,metaspace   ] GC(1309) Metaspace: 28899K(29312K)->28899K(29312K) NonClass: 24031K(24256K)->24031K(24256K) Class: 4868K(5056K)->4868K(5056K)
[4501.109s][info][gc             ] GC(1309) Pause Young (Mixed) (G1 Evacuation Pause) 3662M->1329M(4096M) 131.672ms
[4501.109s][info][gc,cpu         ] GC(1309) User=0.78s Sys=0.00s Real=0.14s
..[4503.267s][info][gc,start       ] GC(1310) Pause Young (Concurrent Start) (G1 Evacuation Pause)
[4503.267s][info][gc,task        ] GC(1310) Using 6 workers of 6 for evacuation
[4503.392s][info][gc,phases      ] GC(1310)   Pre Evacuate Collection Set: 0.38ms
[4503.392s][info][gc,phases      ] GC(1310)   Merge Heap Roots: 0.47ms
[4503.392s][info][gc,phases      ] GC(1310)   Evacuate Collection Set: 122.95ms
[4503.392s][info][gc,phases      ] GC(1310)   Post Evacuate Collection Set: 0.88ms
[4503.392s][info][gc,phases      ] GC(1310)   Other: 0.10ms
[4503.392s][info][gc,heap        ] GC(1310) Eden regions: 1118->0(1113)
[4503.392s][info][gc,heap        ] GC(1310) Survivor regions: 110->115(154)
[4503.392s][info][gc,heap        ] GC(1310) Old regions: 476->508
[4503.392s][info][gc,heap        ] GC(1310) Humongous regions: 80->80
[4503.392s][info][gc,metaspace   ] GC(1310) Metaspace: 28899K(29312K)->28899K(29312K) NonClass: 24031K(24256K)->24031K(24256K) Class: 4868K(5056K)->4868K(5056K)
[4503.392s][info][gc             ] GC(1310) Pause Young (Concurrent Start) (G1 Evacuation Pause) 3565M->1404M(4096M) 124.946ms
[4503.392s][info][gc             ] GC(1311) Concurrent Mark Cycle
[4503.392s][info][gc,marking     ] GC(1311) Concurrent Scan Root Regions
[4503.392s][info][gc,cpu         ] GC(1310) User=0.75s Sys=0.00s Real=0.13s
.[4503.580s][info][gc,marking     ] GC(1311) Concurrent Scan Root Regions 188.059ms
[4503.580s][info][gc,marking     ] GC(1311) Concurrent Mark
[4503.580s][info][gc,marking     ] GC(1311) Concurrent Mark From Roots
[4503.580s][info][gc,task        ] GC(1311) Using 2 workers of 2 for marking
[4504.369s][info][gc,marking     ] GC(1311) Concurrent Mark From Roots 788.418ms
[4504.369s][info][gc,marking     ] GC(1311) Concurrent Preclean
[4504.369s][info][gc,marking     ] GC(1311) Concurrent Preclean 0.097ms
[4504.372s][info][gc,start       ] GC(1311) Pause Remark
[4504.377s][info][gc             ] GC(1311) Pause Remark 2326M->2326M(4096M) 5.487ms
[4504.377s][info][gc,cpu         ] GC(1311) User=0.03s Sys=0.00s Real=0.00s
[4504.377s][info][gc,marking     ] GC(1311) Concurrent Mark 797.306ms
[4504.377s][info][gc,marking     ] GC(1311) Concurrent Rebuild Remembered Sets and Scrub Regions
.[4504.738s][info][gc,marking     ] GC(1311) Concurrent Rebuild Remembered Sets and Scrub Regions 360.708ms
[4504.739s][info][gc,start       ] GC(1311) Pause Cleanup
[4504.739s][info][gc             ] GC(1311) Pause Cleanup 2616M->2616M(4096M) 0.120ms
[4504.739s][info][gc,cpu         ] GC(1311) User=0.00s Sys=0.00s Real=0.00s
[4504.739s][info][gc,marking     ] GC(1311) Concurrent Clear Claimed Marks
[4504.739s][info][gc,marking     ] GC(1311) Concurrent Clear Claimed Marks 0.033ms
[4504.739s][info][gc,marking     ] GC(1311) Concurrent Cleanup for Next Mark
[4504.751s][info][gc,marking     ] GC(1311) Concurrent Cleanup for Next Mark 11.144ms
[4504.751s][info][gc             ] GC(1311) Concurrent Mark Cycle 1358.643ms
.[4505.559s][info][gc,start       ] GC(1312) Pause Young (Prepare Mixed) (G1 Evacuation Pause)
[4505.559s][info][gc,task        ] GC(1312) Using 6 workers of 6 for evacuation
[4505.678s][info][gc,phases      ] GC(1312)   Pre Evacuate Collection Set: 0.30ms
[4505.678s][info][gc,phases      ] GC(1312)   Merge Heap Roots: 0.56ms
[4505.678s][info][gc,phases      ] GC(1312)   Evacuate Collection Set: 117.43ms
[4505.678s][info][gc,phases      ] GC(1312)   Post Evacuate Collection Set: 0.91ms
[4505.678s][info][gc,phases      ] GC(1312)   Other: 0.09ms
[4505.678s][info][gc,heap        ] GC(1312) Eden regions: 1113->0(1105)
[4505.678s][info][gc,heap        ] GC(1312) Survivor regions: 115->110(154)
[4505.678s][info][gc,heap        ] GC(1312) Old regions: 508->540
[4505.678s][info][gc,heap        ] GC(1312) Humongous regions: 80->80
[4505.678s][info][gc,metaspace   ] GC(1312) Metaspace: 28899K(29312K)->28899K(29312K) NonClass: 24031K(24256K)->24031K(24256K) Class: 4868K(5056K)->4868K(5056K)
[4505.678s][info][gc             ] GC(1312) Pause Young (Prepare Mixed) (G1 Evacuation Pause) 3630M->1457M(4096M) 119.435ms
[4505.678s][info][gc,cpu         ] GC(1312) User=0.71s Sys=0.00s Real=0.11s
..[4507.967s][info][gc,start       ] GC(1313) Pause Young (Mixed) (G1 Evacuation Pause)
[4507.967s][info][gc,task        ] GC(1313) Using 6 workers of 6 for evacuation
[4508.103s][info][gc,phases      ] GC(1313)   Pre Evacuate Collection Set: 0.36ms
[4508.103s][info][gc,phases      ] GC(1313)   Merge Heap Roots: 0.65ms
[4508.103s][info][gc,phases      ] GC(1313)   Evacuate Collection Set: 133.71ms
[4508.103s][info][gc,phases      ] GC(1313)   Post Evacuate Collection Set: 0.97ms
[4508.103s][info][gc,phases      ] GC(1313)   Other: 0.09ms
[4508.103s][info][gc,heap        ] GC(1313) Eden regions: 1105->0(1115)
[4508.103s][info][gc,heap        ] GC(1313) Survivor regions: 110->113(152)
[4508.103s][info][gc,heap        ] GC(1313) Old regions: 540->475
[4508.103s][info][gc,heap        ] GC(1313) Humongous regions: 80->80
[4508.103s][info][gc,metaspace   ] GC(1313) Metaspace: 28899K(29312K)->28899K(29312K) NonClass: 24031K(24256K)->24031K(24256K) Class: 4868K(5056K)->4868K(5056K)
[4508.103s][info][gc             ] GC(1313) Pause Young (Mixed) (G1 Evacuation Pause) 3667M->1333M(4096M) 135.922ms
[4508.103s][info][gc,cpu         ] GC(1313) User=0.80s Sys=0.00s Real=0.14s
..[4510.343s][info][gc,start       ] GC(1314) Pause Young (Concurrent Start) (G1 Evacuation Pause)
[4510.343s][info][gc,task        ] GC(1314) Using 6 workers of 6 for evacuation
[4510.466s][info][gc,phases      ] GC(1314)   Pre Evacuate Collection Set: 0.42ms
[4510.466s][info][gc,phases      ] GC(1314)   Merge Heap Roots: 0.52ms
[4510.466s][info][gc,phases      ] GC(1314)   Evacuate Collection Set: 120.49ms
[4510.466s][info][gc,phases      ] GC(1314)   Post Evacuate Collection Set: 0.94ms
[4510.466s][info][gc,phases      ] GC(1314)   Other: 0.12ms
[4510.466s][info][gc,heap        ] GC(1314) Eden regions: 1115->0(1114)
[4510.466s][info][gc,heap        ] GC(1314) Survivor regions: 113->114(154)
[4510.466s][info][gc,heap        ] GC(1314) Old regions: 475->506
[4510.466s][info][gc,heap        ] GC(1314) Humongous regions: 80->80
[4510.466s][info][gc,metaspace   ] GC(1314) Metaspace: 28899K(29312K)->28899K(29312K) NonClass: 24031K(24256K)->24031K(24256K) Class: 4868K(5056K)->4868K(5056K)
[4510.466s][info][gc             ] GC(1314) Pause Young (Concurrent Start) (G1 Evacuation Pause) 3563M->1397M(4096M) 122.641ms
[4510.466s][info][gc             ] GC(1315) Concurrent Mark Cycle
[4510.466s][info][gc,marking     ] GC(1315) Concurrent Scan Root Regions
[4510.466s][info][gc,cpu         ] GC(1314) User=0.73s Sys=0.00s Real=0.12s
.[4510.669s][info][gc,marking     ] GC(1315) Concurrent Scan Root Regions 203.126ms
[4510.669s][info][gc,marking     ] GC(1315) Concurrent Mark
[4510.669s][info][gc,marking     ] GC(1315) Concurrent Mark From Roots
[4510.669s][info][gc,task        ] GC(1315) Using 2 workers of 2 for marking
.[4511.683s][info][gc,marking     ] GC(1315) Concurrent Mark From Roots 1013.351ms
[4511.683s][info][gc,marking     ] GC(1315) Concurrent Preclean
[4511.683s][info][gc,marking     ] GC(1315) Concurrent Preclean 0.083ms
[4511.684s][info][gc,start       ] GC(1315) Pause Remark
[4511.689s][info][gc             ] GC(1315) Pause Remark 2503M->2503M(4096M) 5.099ms
[4511.689s][info][gc,cpu         ] GC(1315) User=0.03s Sys=0.00s Real=0.01s
[4511.689s][info][gc,marking     ] GC(1315) Concurrent Mark 1020.001ms
[4511.689s][info][gc,marking     ] GC(1315) Concurrent Rebuild Remembered Sets and Scrub Regions
[4512.091s][info][gc,marking     ] GC(1315) Concurrent Rebuild Remembered Sets and Scrub Regions 401.980ms
[4512.091s][info][gc,start       ] GC(1315) Pause Cleanup
[4512.092s][info][gc             ] GC(1315) Pause Cleanup 2953M->2953M(4096M) 0.110ms
[4512.092s][info][gc,cpu         ] GC(1315) User=0.00s Sys=0.00s Real=0.00s
[4512.092s][info][gc,marking     ] GC(1315) Concurrent Clear Claimed Marks
[4512.092s][info][gc,marking     ] GC(1315) Concurrent Clear Claimed Marks 0.025ms
[4512.092s][info][gc,marking     ] GC(1315) Concurrent Cleanup for Next Mark
[4512.097s][info][gc,marking     ] GC(1315) Concurrent Cleanup for Next Mark 5.229ms
[4512.097s][info][gc             ] GC(1315) Concurrent Mark Cycle 1630.868ms
.[4512.726s][info][gc,start       ] GC(1316) Pause Young (Prepare Mixed) (G1 Evacuation Pause)
[4512.726s][info][gc,task        ] GC(1316) Using 6 workers of 6 for evacuation
[4512.843s][info][gc,phases      ] GC(1316)   Pre Evacuate Collection Set: 0.36ms
[4512.843s][info][gc,phases      ] GC(1316)   Merge Heap Roots: 0.56ms
[4512.843s][info][gc,phases      ] GC(1316)   Evacuate Collection Set: 114.69ms
[4512.843s][info][gc,phases      ] GC(1316)   Post Evacuate Collection Set: 0.95ms
[4512.843s][info][gc,phases      ] GC(1316)   Other: 0.11ms
[4512.843s][info][gc,heap        ] GC(1316) Eden regions: 1114->0(1111)
[4512.843s][info][gc,heap        ] GC(1316) Survivor regions: 114->108(154)
[4512.843s][info][gc,heap        ] GC(1316) Old regions: 506->538
[4512.843s][info][gc,heap        ] GC(1316) Humongous regions: 80->80
[4512.843s][info][gc,metaspace   ] GC(1316) Metaspace: 28899K(29312K)->28899K(29312K) NonClass: 24031K(24256K)->24031K(24256K) Class: 4868K(5056K)->4868K(5056K)
[4512.843s][info][gc             ] GC(1316) Pause Young (Prepare Mixed) (G1 Evacuation Pause) 3625M->1450M(4096M) 116.812ms
[4512.843s][info][gc,cpu         ] GC(1316) User=0.70s Sys=0.00s Real=0.12s
..[4514.976s][info][gc,start       ] GC(1317) Pause Young (Mixed) (G1 Evacuation Pause)
[4514.976s][info][gc,task        ] GC(1317) Using 6 workers of 6 for evacuation
[4515.111s][info][gc,phases      ] GC(1317)   Pre Evacuate Collection Set: 0.36ms
[4515.111s][info][gc,phases      ] GC(1317)   Merge Heap Roots: 0.72ms
[4515.111s][info][gc,phases      ] GC(1317)   Evacuate Collection Set: 132.71ms
[4515.111s][info][gc,phases      ] GC(1317)   Post Evacuate Collection Set: 0.91ms
[4515.111s][info][gc,phases      ] GC(1317)   Other: 0.09ms
[4515.111s][info][gc,heap        ] GC(1317) Eden regions: 1111->0(1118)
[4515.111s][info][gc,heap        ] GC(1317) Survivor regions: 108->110(153)
[4515.111s][info][gc,heap        ] GC(1317) Old regions: 538->475
[4515.111s][info][gc,heap        ] GC(1317) Humongous regions: 80->80
[4515.111s][info][gc,metaspace   ] GC(1317) Metaspace: 28899K(29312K)->28899K(29312K) NonClass: 24031K(24256K)->24031K(24256K) Class: 4868K(5056K)->4868K(5056K)
[4515.111s][info][gc             ] GC(1317) Pause Young (Mixed) (G1 Evacuation Pause) 3672M->1327M(4096M) 134.908ms
[4515.111s][info][gc,cpu         ] GC(1317) User=0.81s Sys=0.00s Real=0.14s
..[4517.259s][info][gc,start       ] GC(1318) Pause Young (Concurrent Start) (G1 Evacuation Pause)
[4517.259s][info][gc,task        ] GC(1318) Using 6 workers of 6 for evacuation
[4517.380s][info][gc,phases      ] GC(1318)   Pre Evacuate Collection Set: 0.36ms
[4517.380s][info][gc,phases      ] GC(1318)   Merge Heap Roots: 0.48ms
[4517.380s][info][gc,phases      ] GC(1318)   Evacuate Collection Set: 119.18ms
[4517.380s][info][gc,phases      ] GC(1318)   Post Evacuate Collection Set: 0.87ms
[4517.380s][info][gc,phases      ] GC(1318)   Other: 0.10ms
[4517.380s][info][gc,heap        ] GC(1318) Eden regions: 1118->0(1115)
[4517.380s][info][gc,heap        ] GC(1318) Survivor regions: 110->113(154)
[4517.380s][info][gc,heap        ] GC(1318) Old regions: 475->505
[4517.380s][info][gc,heap        ] GC(1318) Humongous regions: 80->80
[4517.380s][info][gc,metaspace   ] GC(1318) Metaspace: 28899K(29312K)->28899K(29312K) NonClass: 24031K(24256K)->24031K(24256K) Class: 4868K(5056K)->4868K(5056K)
[4517.380s][info][gc             ] GC(1318) Pause Young (Concurrent Start) (G1 Evacuation Pause) 3563M->1394M(4096M) 121.127ms
[4517.380s][info][gc             ] GC(1319) Concurrent Mark Cycle
[4517.380s][info][gc,marking     ] GC(1319) Concurrent Scan Root Regions
[4517.380s][info][gc,cpu         ] GC(1318) User=0.72s Sys=0.00s Real=0.12s
[4517.558s][info][gc,marking     ] GC(1319) Concurrent Scan Root Regions 178.672ms
[4517.558s][info][gc,marking     ] GC(1319) Concurrent Mark
[4517.559s][info][gc,marking     ] GC(1319) Concurrent Mark From Roots
[4517.559s][info][gc,task        ] GC(1319) Using 2 workers of 2 for marking
.[4518.523s][info][gc,marking     ] GC(1319) Concurrent Mark From Roots 964.708ms
[4518.523s][info][gc,marking     ] GC(1319) Concurrent Preclean
[4518.523s][info][gc,marking     ] GC(1319) Concurrent Preclean 0.116ms
[4518.525s][info][gc,start       ] GC(1319) Pause Remark
[4518.531s][info][gc             ] GC(1319) Pause Remark 2466M->2466M(4096M) 5.576ms
[4518.531s][info][gc,cpu         ] GC(1319) User=0.03s Sys=0.00s Real=0.01s
[4518.531s][info][gc,marking     ] GC(1319) Concurrent Mark 972.613ms
[4518.531s][info][gc,marking     ] GC(1319) Concurrent Rebuild Remembered Sets and Scrub Regions
.[4518.825s][info][gc,marking     ] GC(1319) Concurrent Rebuild Remembered Sets and Scrub Regions 293.992ms
[4518.825s][info][gc,start       ] GC(1319) Pause Cleanup
[4518.825s][info][gc             ] GC(1319) Pause Cleanup 2754M->2754M(4096M) 0.118ms
[4518.825s][info][gc,cpu         ] GC(1319) User=0.00s Sys=0.00s Real=0.00s
[4518.825s][info][gc,marking     ] GC(1319) Concurrent Clear Claimed Marks
[4518.825s][info][gc,marking     ] GC(1319) Concurrent Clear Claimed Marks 0.021ms
[4518.825s][info][gc,marking     ] GC(1319) Concurrent Cleanup for Next Mark
[4518.831s][info][gc,marking     ] GC(1319) Concurrent Cleanup for Next Mark 5.175ms
[4518.831s][info][gc             ] GC(1319) Concurrent Mark Cycle 1450.942ms
[4519.630s][info][gc,start       ] GC(1320) Pause Young (Prepare Mixed) (G1 Evacuation Pause)
[4519.630s][info][gc,task        ] GC(1320) Using 6 workers of 6 for evacuation
[4519.746s][info][gc,phases      ] GC(1320)   Pre Evacuate Collection Set: 0.35ms
[4519.746s][info][gc,phases      ] GC(1320)   Merge Heap Roots: 0.55ms
[4519.746s][info][gc,phases      ] GC(1320)   Evacuate Collection Set: 114.62ms
[4519.746s][info][gc,phases      ] GC(1320)   Post Evacuate Collection Set: 0.91ms
[4519.746s][info][gc,phases      ] GC(1320)   Other: 0.08ms
[4519.747s][info][gc,heap        ] GC(1320) Eden regions: 1115->0(1112)
[4519.747s][info][gc,heap        ] GC(1320) Survivor regions: 113->108(154)
[4519.747s][info][gc,heap        ] GC(1320) Old regions: 505->537
[4519.747s][info][gc,heap        ] GC(1320) Humongous regions: 80->80
[4519.747s][info][gc,metaspace   ] GC(1320) Metaspace: 28899K(29312K)->28899K(29312K) NonClass: 24031K(24256K)->24031K(24256K) Class: 4868K(5056K)->4868K(5056K)
[4519.747s][info][gc             ] GC(1320) Pause Young (Prepare Mixed) (G1 Evacuation Pause) 3624M->1448M(4096M) 116.635ms
[4519.747s][info][gc,cpu         ] GC(1320) User=0.70s Sys=0.00s Real=0.11s
...[4521.945s][info][gc,start       ] GC(1321) Pause Young (Mixed) (G1 Evacuation Pause)
[4521.945s][info][gc,task        ] GC(1321) Using 6 workers of 6 for evacuation
[4522.079s][info][gc,phases      ] GC(1321)   Pre Evacuate Collection Set: 0.36ms
[4522.079s][info][gc,phases      ] GC(1321)   Merge Heap Roots: 0.83ms
[4522.079s][info][gc,phases      ] GC(1321)   Evacuate Collection Set: 131.89ms
[4522.079s][info][gc,phases      ] GC(1321)   Post Evacuate Collection Set: 0.95ms
[4522.079s][info][gc,phases      ] GC(1321)   Other: 0.08ms
[4522.079s][info][gc,heap        ] GC(1321) Eden regions: 1112->0(1120)
[4522.079s][info][gc,heap        ] GC(1321) Survivor regions: 108->108(153)
[4522.079s][info][gc,heap        ] GC(1321) Old regions: 537->474
[4522.080s][info][gc,heap        ] GC(1321) Humongous regions: 80->80
[4522.080s][info][gc,metaspace   ] GC(1321) Metaspace: 28899K(29312K)->28899K(29312K) NonClass: 24031K(24256K)->24031K(24256K) Class: 4868K(5056K)->4868K(5056K)
[4522.080s][info][gc             ] GC(1321) Pause Young (Mixed) (G1 Evacuation Pause) 3672M->1322M(4096M) 134.243ms
[4522.080s][info][gc,cpu         ] GC(1321) User=0.80s Sys=0.00s Real=0.14s
..[4524.344s][info][gc,start       ] GC(1322) Pause Young (Concurrent Start) (G1 Evacuation Pause)
[4524.344s][info][gc,task        ] GC(1322) Using 6 workers of 6 for evacuation
[4524.465s][info][gc,phases      ] GC(1322)   Pre Evacuate Collection Set: 0.33ms
[4524.465s][info][gc,phases      ] GC(1322)   Merge Heap Roots: 0.47ms
[4524.465s][info][gc,phases      ] GC(1322)   Evacuate Collection Set: 119.84ms
[4524.465s][info][gc,phases      ] GC(1322)   Post Evacuate Collection Set: 0.79ms
[4524.465s][info][gc,phases      ] GC(1322)   Other: 0.09ms
[4524.465s][info][gc,heap        ] GC(1322) Eden regions: 1120->0(1116)
[4524.465s][info][gc,heap        ] GC(1322) Survivor regions: 108->112(154)
[4524.465s][info][gc,heap        ] GC(1322) Old regions: 474->506
[4524.465s][info][gc,heap        ] GC(1322) Humongous regions: 80->80
[4524.465s][info][gc,metaspace   ] GC(1322) Metaspace: 28899K(29312K)->28899K(29312K) NonClass: 24031K(24256K)->24031K(24256K) Class: 4868K(5056K)->4868K(5056K)
[4524.465s][info][gc             ] GC(1322) Pause Young (Concurrent Start) (G1 Evacuation Pause) 3562M->1395M(4096M) 121.670ms
[4524.465s][info][gc             ] GC(1323) Concurrent Mark Cycle
[4524.465s][info][gc,marking     ] GC(1323) Concurrent Scan Root Regions
[4524.465s][info][gc,cpu         ] GC(1322) User=0.73s Sys=0.00s Real=0.12s
[4524.609s][info][gc,marking     ] GC(1323) Concurrent Scan Root Regions 143.859ms
[4524.609s][info][gc,marking     ] GC(1323) Concurrent Mark
[4524.609s][info][gc,marking     ] GC(1323) Concurrent Mark From Roots
[4524.609s][info][gc,task        ] GC(1323) Using 2 workers of 2 for marking
.[4525.364s][info][gc,marking     ] GC(1323) Concurrent Mark From Roots 754.348ms
[4525.364s][info][gc,marking     ] GC(1323) Concurrent Preclean
[4525.364s][info][gc,marking     ] GC(1323) Concurrent Preclean 0.096ms
[4525.366s][info][gc,start       ] GC(1323) Pause Remark
[4525.372s][info][gc             ] GC(1323) Pause Remark 2249M->2249M(4096M) 5.167ms
[4525.372s][info][gc,cpu         ] GC(1323) User=0.03s Sys=0.00s Real=0.01s
[4525.372s][info][gc,marking     ] GC(1323) Concurrent Mark 762.382ms
[4525.372s][info][gc,marking     ] GC(1323) Concurrent Rebuild Remembered Sets and Scrub Regions
[4525.712s][info][gc,marking     ] GC(1323) Concurrent Rebuild Remembered Sets and Scrub Regions 340.739ms
[4525.714s][info][gc,start       ] GC(1323) Pause Cleanup
[4525.715s][info][gc             ] GC(1323) Pause Cleanup 2543M->2543M(4096M) 0.131ms
[4525.715s][info][gc,cpu         ] GC(1323) User=0.00s Sys=0.00s Real=0.00s
[4525.715s][info][gc,marking     ] GC(1323) Concurrent Clear Claimed Marks
[4525.715s][info][gc,marking     ] GC(1323) Concurrent Clear Claimed Marks 0.026ms
[4525.715s][info][gc,marking     ] GC(1323) Concurrent Cleanup for Next Mark
[4525.720s][info][gc,marking     ] GC(1323) Concurrent Cleanup for Next Mark 5.801ms
[4525.721s][info][gc             ] GC(1323) Concurrent Mark Cycle 1255.148ms
.[4526.765s][info][gc,start       ] GC(1324) Pause Young (Prepare Mixed) (G1 Evacuation Pause)
[4526.765s][info][gc,task        ] GC(1324) Using 6 workers of 6 for evacuation
[4526.885s][info][gc,phases      ] GC(1324)   Pre Evacuate Collection Set: 0.30ms
[4526.885s][info][gc,phases      ] GC(1324)   Merge Heap Roots: 0.52ms
[4526.885s][info][gc,phases      ] GC(1324)   Evacuate Collection Set: 117.18ms
[4526.885s][info][gc,phases      ] GC(1324)   Post Evacuate Collection Set: 0.97ms
[4526.885s][info][gc,phases      ] GC(1324)   Other: 0.09ms
[4526.885s][info][gc,heap        ] GC(1324) Eden regions: 1116->0(1105)
[4526.885s][info][gc,heap        ] GC(1324) Survivor regions: 112->112(154)
[4526.885s][info][gc,heap        ] GC(1324) Old regions: 506->536
[4526.885s][info][gc,heap        ] GC(1324) Humongous regions: 80->80
[4526.885s][info][gc,metaspace   ] GC(1324) Metaspace: 28899K(29312K)->28899K(29312K) NonClass: 24031K(24256K)->24031K(24256K) Class: 4868K(5056K)->4868K(5056K)
[4526.885s][info][gc             ] GC(1324) Pause Young (Prepare Mixed) (G1 Evacuation Pause) 3627M->1454M(4096M) 119.191ms
[4526.885s][info][gc,cpu         ] GC(1324) User=0.71s Sys=0.00s Real=0.12s
.. (rIR:aIR:PR = 8025:7987:7987) (tPR = 117445) [OK] 
  4527s: Performance info:
         Transaction,    Success,    Partial,     Failed,   Receipts, AvgBarcode, 
             Overall,     479924,          0,          0,     455736,      59.47, 
         Response times:
             Request,    Success,    Partial,     Failed,   SkipFail,     Probes,    Samples,      min,      p50,      p90,      p95,      p99,      max, 
       TotalPurchase,     455735,          0,          0,          0,     348910,     427565,      200,     7200,   114000,   154000,   213000,   583000,
     InStorePurchase,     240845,          0,          0,          0,     183144,     224529,      300,     7100,   113000,   153000,   214000,   583000,
      OnlinePurchase,     167187,          0,          0,          0,     128534,     157579,      200,     7300,   115000,   156000,   212000,   491000,
        InstPurchase,      47703,          0,          0,          0,      37232,      45457,      300,     7200,   113000,   153000,   210000,   356000,
          AssocOfCat,        480,          0,          0,          0,        405,        592,    21000,    47000,   159000,   196400,   243070,   294000,
      AssocOfProduct,       4824,          0,          0,          0,       3241,       4143,      600,     8400,   116000,   154800,   215000,   491000,
      BusinessReport,       1204,          0,          0,          0,       1065,       1429,    29000,    58000,   193000,   232500,   294000,   489000,
          CustBuyBeh,       4795,          0,          0,          0,       3337,       4261,      200,     7500,   114000,   157000,   207000,   284000,
       ProductReturn,      12885,          0,          0,          0,       9817,      12192,      200,     7300,   106000,   148000,   209000,   356000,

  4527s: (59%)   IR =   8164 .[4529.073s][info][gc,start       ] GC(1325) Pause Young (Mixed) (G1 Evacuation Pause)
[4529.073s][info][gc,task        ] GC(1325) Using 6 workers of 6 for evacuation
[4529.207s][info][gc,phases      ] GC(1325)   Pre Evacuate Collection Set: 0.37ms
[4529.207s][info][gc,phases      ] GC(1325)   Merge Heap Roots: 0.67ms
[4529.207s][info][gc,phases      ] GC(1325)   Evacuate Collection Set: 131.45ms
[4529.207s][info][gc,phases      ] GC(1325)   Post Evacuate Collection Set: 1.00ms
[4529.207s][info][gc,phases      ] GC(1325)   Other: 0.08ms
[4529.207s][info][gc,heap        ] GC(1325) Eden regions: 1105->0(1119)
[4529.207s][info][gc,heap        ] GC(1325) Survivor regions: 112->109(153)
[4529.207s][info][gc,heap        ] GC(1325) Old regions: 536->474
[4529.207s][info][gc,heap        ] GC(1325) Humongous regions: 80->80
[4529.207s][info][gc,metaspace   ] GC(1325) Metaspace: 28899K(29312K)->28899K(29312K) NonClass: 24031K(24256K)->24031K(24256K) Class: 4868K(5056K)->4868K(5056K)
[4529.207s][info][gc             ] GC(1325) Pause Young (Mixed) (G1 Evacuation Pause) 3664M->1324M(4096M) 133.717ms
[4529.207s][info][gc,cpu         ] GC(1325) User=0.80s Sys=0.00s Real=0.13s
..[4531.420s][info][gc,start       ] GC(1326) Pause Young (Concurrent Start) (G1 Evacuation Pause)
[4531.420s][info][gc,task        ] GC(1326) Using 6 workers of 6 for evacuation
[4531.545s][info][gc,phases      ] GC(1326)   Pre Evacuate Collection Set: 0.35ms
[4531.546s][info][gc,phases      ] GC(1326)   Merge Heap Roots: 0.45ms
[4531.546s][info][gc,phases      ] GC(1326)   Evacuate Collection Set: 123.49ms
[4531.546s][info][gc,phases      ] GC(1326)   Post Evacuate Collection Set: 0.85ms
[4531.546s][info][gc,phases      ] GC(1326)   Other: 0.11ms
[4531.546s][info][gc,heap        ] GC(1326) Eden regions: 1119->0(1112)
[4531.546s][info][gc,heap        ] GC(1326) Survivor regions: 109->116(154)
[4531.546s][info][gc,heap        ] GC(1326) Old regions: 474->506
[4531.546s][info][gc,heap        ] GC(1326) Humongous regions: 80->80
[4531.546s][info][gc,metaspace   ] GC(1326) Metaspace: 28899K(29312K)->28899K(29312K) NonClass: 24031K(24256K)->24031K(24256K) Class: 4868K(5056K)->4868K(5056K)
[4531.546s][info][gc             ] GC(1326) Pause Young (Concurrent Start) (G1 Evacuation Pause) 3562M->1403M(4096M) 125.406ms
[4531.546s][info][gc             ] GC(1327) Concurrent Mark Cycle
[4531.546s][info][gc,marking     ] GC(1327) Concurrent Scan Root Regions
[4531.546s][info][gc,cpu         ] GC(1326) User=0.74s Sys=0.00s Real=0.12s
[4531.739s][info][gc,marking     ] GC(1327) Concurrent Scan Root Regions 193.382ms
[4531.739s][info][gc,marking     ] GC(1327) Concurrent Mark
[4531.739s][info][gc,marking     ] GC(1327) Concurrent Mark From Roots
[4531.739s][info][gc,task        ] GC(1327) Using 2 workers of 2 for marking
.[4532.799s][info][gc,marking     ] GC(1327) Concurrent Mark From Roots 1059.985ms
[4532.799s][info][gc,marking     ] GC(1327) Concurrent Preclean
[4532.799s][info][gc,marking     ] GC(1327) Concurrent Preclean 0.120ms
[4532.800s][info][gc,start       ] GC(1327) Pause Remark
[4532.805s][info][gc             ] GC(1327) Pause Remark 2613M->2613M(4096M) 5.017ms
[4532.805s][info][gc,cpu         ] GC(1327) User=0.02s Sys=0.00s Real=0.00s
[4532.805s][info][gc,marking     ] GC(1327) Concurrent Mark 1066.358ms
[4532.805s][info][gc,marking     ] GC(1327) Concurrent Rebuild Remembered Sets and Scrub Regions
.[4533.185s][info][gc,marking     ] GC(1327) Concurrent Rebuild Remembered Sets and Scrub Regions 380.009ms
[4533.186s][info][gc,start       ] GC(1327) Pause Cleanup
[4533.186s][info][gc             ] GC(1327) Pause Cleanup 3037M->3037M(4096M) 0.124ms
[4533.186s][info][gc,cpu         ] GC(1327) User=0.00s Sys=0.00s Real=0.00s
[4533.187s][info][gc,marking     ] GC(1327) Concurrent Clear Claimed Marks
[4533.187s][info][gc,marking     ] GC(1327) Concurrent Clear Claimed Marks 0.038ms
[4533.187s][info][gc,marking     ] GC(1327) Concurrent Cleanup for Next Mark
[4533.207s][info][gc,marking     ] GC(1327) Concurrent Cleanup for Next Mark 19.563ms
[4533.207s][info][gc             ] GC(1327) Concurrent Mark Cycle 1661.062ms
[4533.695s][info][gc,start       ] GC(1328) Pause Young (Prepare Mixed) (G1 Evacuation Pause)
[4533.695s][info][gc,task        ] GC(1328) Using 6 workers of 6 for evacuation
[4533.814s][info][gc,phases      ] GC(1328)   Pre Evacuate Collection Set: 0.35ms
[4533.814s][info][gc,phases      ] GC(1328)   Merge Heap Roots: 0.53ms
[4533.814s][info][gc,phases      ] GC(1328)   Evacuate Collection Set: 117.80ms
[4533.814s][info][gc,phases      ] GC(1328)   Post Evacuate Collection Set: 0.93ms
[4533.814s][info][gc,phases      ] GC(1328)   Other: 0.08ms
[4533.814s][info][gc,heap        ] GC(1328) Eden regions: 1112->0(1106)
[4533.814s][info][gc,heap        ] GC(1328) Survivor regions: 116->111(154)
[4533.814s][info][gc,heap        ] GC(1328) Old regions: 506->537
[4533.814s][info][gc,heap        ] GC(1328) Humongous regions: 80->80
[4533.814s][info][gc,metaspace   ] GC(1328) Metaspace: 28899K(29312K)->28899K(29312K) NonClass: 24031K(24256K)->24031K(24256K) Class: 4868K(5056K)->4868K(5056K)
[4533.814s][info][gc             ] GC(1328) Pause Young (Prepare Mixed) (G1 Evacuation Pause) 3627M->1454M(4096M) 119.806ms
[4533.814s][info][gc,cpu         ] GC(1328) User=0.72s Sys=0.00s Real=0.12s
..[4535.910s][info][gc,start       ] GC(1329) Pause Young (Mixed) (G1 Evacuation Pause)
[4535.910s][info][gc,task        ] GC(1329) Using 6 workers of 6 for evacuation
[4536.045s][info][gc,phases      ] GC(1329)   Pre Evacuate Collection Set: 0.35ms
[4536.045s][info][gc,phases      ] GC(1329)   Merge Heap Roots: 0.74ms
[4536.045s][info][gc,phases      ] GC(1329)   Evacuate Collection Set: 133.32ms
[4536.045s][info][gc,phases      ] GC(1329)   Post Evacuate Collection Set: 0.94ms
[4536.045s][info][gc,phases      ] GC(1329)   Other: 0.09ms
[4536.045s][info][gc,heap        ] GC(1329) Eden regions: 1106->0(1118)
[4536.045s][info][gc,heap        ] GC(1329) Survivor regions: 111->110(153)
[4536.045s][info][gc,heap        ] GC(1329) Old regions: 537->474
[4536.045s][info][gc,heap        ] GC(1329) Humongous regions: 80->80
[4536.045s][info][gc,metaspace   ] GC(1329) Metaspace: 28899K(29312K)->28899K(29312K) NonClass: 24031K(24256K)->24031K(24256K) Class: 4868K(5056K)->4868K(5056K)
[4536.045s][info][gc             ] GC(1329) Pause Young (Mixed) (G1 Evacuation Pause) 3666M->1327M(4096M) 135.583ms
[4536.045s][info][gc,cpu         ] GC(1329) User=0.81s Sys=0.00s Real=0.13s
...[4538.231s][info][gc,start       ] GC(1330) Pause Young (Concurrent Start) (G1 Evacuation Pause)
[4538.231s][info][gc,task        ] GC(1330) Using 6 workers of 6 for evacuation
[4538.353s][info][gc,phases      ] GC(1330)   Pre Evacuate Collection Set: 0.36ms
[4538.353s][info][gc,phases      ] GC(1330)   Merge Heap Roots: 0.49ms
[4538.353s][info][gc,phases      ] GC(1330)   Evacuate Collection Set: 120.05ms
[4538.353s][info][gc,phases      ] GC(1330)   Post Evacuate Collection Set: 0.93ms
[4538.353s][info][gc,phases      ] GC(1330)   Other: 0.11ms
[4538.353s][info][gc,heap        ] GC(1330) Eden regions: 1118->0(1114)
[4538.353s][info][gc,heap        ] GC(1330) Survivor regions: 110->114(154)
[4538.353s][info][gc,heap        ] GC(1330) Old regions: 474->507
[4538.353s][info][gc,heap        ] GC(1330) Humongous regions: 80->80
[4538.353s][info][gc,metaspace   ] GC(1330) Metaspace: 28899K(29312K)->28899K(29312K) NonClass: 24031K(24256K)->24031K(24256K) Class: 4868K(5056K)->4868K(5056K)
[4538.353s][info][gc             ] GC(1330) Pause Young (Concurrent Start) (G1 Evacuation Pause) 3563M->1399M(4096M) 122.077ms
[4538.353s][info][gc             ] GC(1331) Concurrent Mark Cycle
[4538.353s][info][gc,marking     ] GC(1331) Concurrent Scan Root Regions
[4538.353s][info][gc,cpu         ] GC(1330) User=0.73s Sys=0.00s Real=0.12s
[4538.517s][info][gc,marking     ] GC(1331) Concurrent Scan Root Regions 164.002ms
[4538.517s][info][gc,marking     ] GC(1331) Concurrent Mark
[4538.517s][info][gc,marking     ] GC(1331) Concurrent Mark From Roots
[4538.517s][info][gc,task        ] GC(1331) Using 2 workers of 2 for marking
.[4539.231s][info][gc,marking     ] GC(1331) Concurrent Mark From Roots 714.230ms
[4539.231s][info][gc,marking     ] GC(1331) Concurrent Preclean
[4539.231s][info][gc,marking     ] GC(1331) Concurrent Preclean 0.073ms
[4539.234s][info][gc,start       ] GC(1331) Pause Remark
[4539.237s][info][gc             ] GC(1331) Pause Remark 2191M->2191M(4096M) 3.206ms
[4539.237s][info][gc,cpu         ] GC(1331) User=0.01s Sys=0.00s Real=0.00s
[4539.237s][info][gc,marking     ] GC(1331) Concurrent Mark 720.514ms
[4539.237s][info][gc,marking     ] GC(1331) Concurrent Rebuild Remembered Sets and Scrub Regions
[4539.717s][info][gc,marking     ] GC(1331) Concurrent Rebuild Remembered Sets and Scrub Regions 479.989ms
[4539.720s][info][gc,start       ] GC(1331) Pause Cleanup
[4539.720s][info][gc             ] GC(1331) Pause Cleanup 2679M->2679M(4096M) 0.137ms
[4539.720s][info][gc,cpu         ] GC(1331) User=0.00s Sys=0.00s Real=0.00s
[4539.721s][info][gc,marking     ] GC(1331) Concurrent Clear Claimed Marks
[4539.721s][info][gc,marking     ] GC(1331) Concurrent Clear Claimed Marks 0.046ms
[4539.721s][info][gc,marking     ] GC(1331) Concurrent Cleanup for Next Mark
[4539.728s][info][gc,marking     ] GC(1331) Concurrent Cleanup for Next Mark 6.608ms
[4539.728s][info][gc             ] GC(1331) Concurrent Mark Cycle 1374.915ms
.[4540.487s][info][gc,start       ] GC(1332) Pause Young (Prepare Mixed) (G1 Evacuation Pause)
[4540.487s][info][gc,task        ] GC(1332) Using 6 workers of 6 for evacuation
[4540.603s][info][gc,phases      ] GC(1332)   Pre Evacuate Collection Set: 0.34ms
[4540.603s][info][gc,phases      ] GC(1332)   Merge Heap Roots: 0.55ms
[4540.603s][info][gc,phases      ] GC(1332)   Evacuate Collection Set: 114.37ms
[4540.603s][info][gc,phases      ] GC(1332)   Post Evacuate Collection Set: 0.92ms
[4540.603s][info][gc,phases      ] GC(1332)   Other: 0.09ms
[4540.603s][info][gc,heap        ] GC(1332) Eden regions: 1114->0(1111)
[4540.603s][info][gc,heap        ] GC(1332) Survivor regions: 114->108(154)
[4540.603s][info][gc,heap        ] GC(1332) Old regions: 507->538
[4540.603s][info][gc,heap        ] GC(1332) Humongous regions: 80->80
[4540.603s][info][gc,metaspace   ] GC(1332) Metaspace: 28899K(29312K)->28899K(29312K) NonClass: 24031K(24256K)->24031K(24256K) Class: 4868K(5056K)->4868K(5056K)
[4540.603s][info][gc             ] GC(1332) Pause Young (Prepare Mixed) (G1 Evacuation Pause) 3627M->1449M(4096M) 116.402ms
[4540.603s][info][gc,cpu         ] GC(1332) User=0.69s Sys=0.00s Real=0.12s
..|[4542.690s][info][gc,start       ] GC(1333) Pause Young (Mixed) (G1 Evacuation Pause)
[4542.690s][info][gc,task        ] GC(1333) Using 6 workers of 6 for evacuation
[4542.824s][info][gc,phases      ] GC(1333)   Pre Evacuate Collection Set: 0.35ms
[4542.824s][info][gc,phases      ] GC(1333)   Merge Heap Roots: 0.70ms
[4542.824s][info][gc,phases      ] GC(1333)   Evacuate Collection Set: 131.88ms
[4542.824s][info][gc,phases      ] GC(1333)   Post Evacuate Collection Set: 0.95ms
[4542.824s][info][gc,phases      ] GC(1333)   Other: 0.09ms
[4542.824s][info][gc,heap        ] GC(1333) Eden regions: 1111->0(1121)
[4542.824s][info][gc,heap        ] GC(1333) Survivor regions: 108->107(153)
[4542.824s][info][gc,heap        ] GC(1333) Old regions: 538->474
[4542.824s][info][gc,heap        ] GC(1333) Humongous regions: 80->80
[4542.824s][info][gc,metaspace   ] GC(1333) Metaspace: 28899K(29312K)->28899K(29312K) NonClass: 24031K(24256K)->24031K(24256K) Class: 4868K(5056K)->4868K(5056K)
[4542.824s][info][gc             ] GC(1333) Pause Young (Mixed) (G1 Evacuation Pause) 3671M->1321M(4096M) 134.117ms
[4542.824s][info][gc,cpu         ] GC(1333) User=0.80s Sys=0.00s Real=0.13s
..[4545.020s][info][gc,start       ] GC(1334) Pause Young (Concurrent Start) (G1 Evacuation Pause)
[4545.020s][info][gc,task        ] GC(1334) Using 6 workers of 6 for evacuation
[4545.137s][info][gc,phases      ] GC(1334)   Pre Evacuate Collection Set: 0.35ms
[4545.137s][info][gc,phases      ] GC(1334)   Merge Heap Roots: 0.45ms
[4545.137s][info][gc,phases      ] GC(1334)   Evacuate Collection Set: 114.73ms
[4545.137s][info][gc,phases      ] GC(1334)   Post Evacuate Collection Set: 0.86ms
[4545.137s][info][gc,phases      ] GC(1334)   Other: 0.10ms
[4545.137s][info][gc,heap        ] GC(1334) Eden regions: 1121->0(1118)
[4545.137s][info][gc,heap        ] GC(1334) Survivor regions: 107->110(154)
[4545.137s][info][gc,heap        ] GC(1334) Old regions: 474->505
[4545.137s][info][gc,heap        ] GC(1334) Humongous regions: 80->80
[4545.137s][info][gc,metaspace   ] GC(1334) Metaspace: 28899K(29312K)->28899K(29312K) NonClass: 24031K(24256K)->24031K(24256K) Class: 4868K(5056K)->4868K(5056K)
[4545.137s][info][gc             ] GC(1334) Pause Young (Concurrent Start) (G1 Evacuation Pause) 3563M->1389M(4096M) 116.618ms
[4545.137s][info][gc             ] GC(1335) Concurrent Mark Cycle
[4545.137s][info][gc,marking     ] GC(1335) Concurrent Scan Root Regions
[4545.137s][info][gc,cpu         ] GC(1334) User=0.70s Sys=0.00s Real=0.11s
.[4545.312s][info][gc,marking     ] GC(1335) Concurrent Scan Root Regions 175.288ms
[4545.312s][info][gc,marking     ] GC(1335) Concurrent Mark
[4545.312s][info][gc,marking     ] GC(1335) Concurrent Mark From Roots
[4545.312s][info][gc,task        ] GC(1335) Using 2 workers of 2 for marking
[4546.271s][info][gc,marking     ] GC(1335) Concurrent Mark From Roots 958.863ms
[4546.271s][info][gc,marking     ] GC(1335) Concurrent Preclean
[4546.271s][info][gc,marking     ] GC(1335) Concurrent Preclean 0.087ms
[4546.272s][info][gc,start       ] GC(1335) Pause Remark
[4546.278s][info][gc             ] GC(1335) Pause Remark 2489M->2489M(4096M) 6.185ms
[4546.278s][info][gc,cpu         ] GC(1335) User=0.04s Sys=0.00s Real=0.00s
[4546.278s][info][gc,marking     ] GC(1335) Concurrent Mark 965.669ms
[4546.278s][info][gc,marking     ] GC(1335) Concurrent Rebuild Remembered Sets and Scrub Regions
.[4546.704s][info][gc,marking     ] GC(1335) Concurrent Rebuild Remembered Sets and Scrub Regions 426.122ms
[4546.706s][info][gc,start       ] GC(1335) Pause Cleanup
[4546.706s][info][gc             ] GC(1335) Pause Cleanup 2931M->2931M(4096M) 0.125ms
[4546.706s][info][gc,cpu         ] GC(1335) User=0.00s Sys=0.00s Real=0.00s
[4546.706s][info][gc,marking     ] GC(1335) Concurrent Clear Claimed Marks
[4546.706s][info][gc,marking     ] GC(1335) Concurrent Clear Claimed Marks 0.035ms
[4546.706s][info][gc,marking     ] GC(1335) Concurrent Cleanup for Next Mark
[4546.710s][info][gc,marking     ] GC(1335) Concurrent Cleanup for Next Mark 4.244ms
[4546.710s][info][gc             ] GC(1335) Concurrent Mark Cycle 1573.242ms
.[4547.292s][info][gc,start       ] GC(1336) Pause Young (Prepare Mixed) (G1 Evacuation Pause)
[4547.292s][info][gc,task        ] GC(1336) Using 6 workers of 6 for evacuation
[4547.416s][info][gc,phases      ] GC(1336)   Pre Evacuate Collection Set: 0.35ms
[4547.416s][info][gc,phases      ] GC(1336)   Merge Heap Roots: 0.54ms
[4547.416s][info][gc,phases      ] GC(1336)   Evacuate Collection Set: 121.83ms
[4547.416s][info][gc,phases      ] GC(1336)   Post Evacuate Collection Set: 0.93ms
[4547.416s][info][gc,phases      ] GC(1336)   Other: 0.09ms
[4547.416s][info][gc,heap        ] GC(1336) Eden regions: 1118->0(1100)
[4547.416s][info][gc,heap        ] GC(1336) Survivor regions: 110->114(154)
[4547.416s][info][gc,heap        ] GC(1336) Old regions: 505->537
[4547.416s][info][gc,heap        ] GC(1336) Humongous regions: 80->80
[4547.416s][info][gc,metaspace   ] GC(1336) Metaspace: 28899K(29312K)->28899K(29312K) NonClass: 24031K(24256K)->24031K(24256K) Class: 4868K(5056K)->4868K(5056K)
[4547.416s][info][gc             ] GC(1336) Pause Young (Prepare Mixed) (G1 Evacuation Pause) 3625M->1460M(4096M) 123.877ms
[4547.416s][info][gc,cpu         ] GC(1336) User=0.73s Sys=0.00s Real=0.12s
..[4549.592s][info][gc,start       ] GC(1337) Pause Young (Mixed) (G1 Evacuation Pause)
[4549.592s][info][gc,task        ] GC(1337) Using 6 workers of 6 for evacuation
[4549.726s][info][gc,phases      ] GC(1337)   Pre Evacuate Collection Set: 0.35ms
[4549.726s][info][gc,phases      ] GC(1337)   Merge Heap Roots: 0.68ms
[4549.726s][info][gc,phases      ] GC(1337)   Evacuate Collection Set: 131.95ms
[4549.726s][info][gc,phases      ] GC(1337)   Post Evacuate Collection Set: 0.94ms
[4549.726s][info][gc,phases      ] GC(1337)   Other: 0.09ms
[4549.726s][info][gc,heap        ] GC(1337) Eden regions: 1100->0(1120)
[4549.726s][info][gc,heap        ] GC(1337) Survivor regions: 114->108(152)
[4549.726s][info][gc,heap        ] GC(1337) Old regions: 537->473
[4549.726s][info][gc,heap        ] GC(1337) Humongous regions: 80->80
[4549.726s][info][gc,metaspace   ] GC(1337) Metaspace: 28899K(29312K)->28899K(29312K) NonClass: 24031K(24256K)->24031K(24256K) Class: 4868K(5056K)->4868K(5056K)
[4549.726s][info][gc             ] GC(1337) Pause Young (Mixed) (G1 Evacuation Pause) 3660M->1321M(4096M) 134.137ms
[4549.726s][info][gc,cpu         ] GC(1337) User=0.80s Sys=0.00s Real=0.13s
..[4551.832s][info][gc,start       ] GC(1338) Pause Young (Concurrent Start) (G1 Evacuation Pause)
[4551.832s][info][gc,task        ] GC(1338) Using 6 workers of 6 for evacuation
[4551.949s][info][gc,phases      ] GC(1338)   Pre Evacuate Collection Set: 0.36ms
[4551.949s][info][gc,phases      ] GC(1338)   Merge Heap Roots: 0.50ms
[4551.949s][info][gc,phases      ] GC(1338)   Evacuate Collection Set: 115.71ms
[4551.949s][info][gc,phases      ] GC(1338)   Post Evacuate Collection Set: 0.88ms
[4551.949s][info][gc,phases      ] GC(1338)   Other: 0.12ms
[4551.949s][info][gc,heap        ] GC(1338) Eden regions: 1120->0(1118)
[4551.949s][info][gc,heap        ] GC(1338) Survivor regions: 108->110(154)
[4551.949s][info][gc,heap        ] GC(1338) Old regions: 473->505
[4551.949s][info][gc,heap        ] GC(1338) Humongous regions: 80->80
[4551.949s][info][gc,metaspace   ] GC(1338) Metaspace: 28899K(29312K)->28899K(29312K) NonClass: 24031K(24256K)->24031K(24256K) Class: 4868K(5056K)->4868K(5056K)
[4551.949s][info][gc             ] GC(1338) Pause Young (Concurrent Start) (G1 Evacuation Pause) 3561M->1387M(4096M) 117.701ms
[4551.949s][info][gc             ] GC(1339) Concurrent Mark Cycle
[4551.949s][info][gc,marking     ] GC(1339) Concurrent Scan Root Regions
[4551.949s][info][gc,cpu         ] GC(1338) User=0.70s Sys=0.00s Real=0.12s
[4552.094s][info][gc,marking     ] GC(1339) Concurrent Scan Root Regions 144.462ms
[4552.094s][info][gc,marking     ] GC(1339) Concurrent Mark
[4552.094s][info][gc,marking     ] GC(1339) Concurrent Mark From Roots
[4552.094s][info][gc,task        ] GC(1339) Using 2 workers of 2 for marking
.[4552.890s][info][gc,marking     ] GC(1339) Concurrent Mark From Roots 796.376ms
[4552.890s][info][gc,marking     ] GC(1339) Concurrent Preclean
[4552.890s][info][gc,marking     ] GC(1339) Concurrent Preclean 0.079ms
[4552.894s][info][gc,start       ] GC(1339) Pause Remark
[4552.899s][info][gc             ] GC(1339) Pause Remark 2175M->2175M(4096M) 4.994ms
[4552.899s][info][gc,cpu         ] GC(1339) User=0.03s Sys=0.00s Real=0.01s
[4552.899s][info][gc,marking     ] GC(1339) Concurrent Mark 804.936ms
[4552.899s][info][gc,marking     ] GC(1339) Concurrent Rebuild Remembered Sets and Scrub Regions
[4553.173s][info][gc,marking     ] GC(1339) Concurrent Rebuild Remembered Sets and Scrub Regions 274.220ms
[4553.173s][info][gc,start       ] GC(1339) Pause Cleanup
[4553.174s][info][gc             ] GC(1339) Pause Cleanup 2442M->2442M(4096M) 0.112ms
[4553.174s][info][gc,cpu         ] GC(1339) User=0.00s Sys=0.00s Real=0.00s
[4553.174s][info][gc,marking     ] GC(1339) Concurrent Clear Claimed Marks
[4553.174s][info][gc,marking     ] GC(1339) Concurrent Clear Claimed Marks 0.025ms
[4553.174s][info][gc,marking     ] GC(1339) Concurrent Cleanup for Next Mark
[4553.182s][info][gc,marking     ] GC(1339) Concurrent Cleanup for Next Mark 8.206ms
[4553.182s][info][gc             ] GC(1339) Concurrent Mark Cycle 1232.607ms
.[4554.161s][info][gc,start       ] GC(1340) Pause Young (Prepare Mixed) (G1 Evacuation Pause)
[4554.161s][info][gc,task        ] GC(1340) Using 6 workers of 6 for evacuation
[4554.297s][info][gc,phases      ] GC(1340)   Pre Evacuate Collection Set: 0.34ms
[4554.297s][info][gc,phases      ] GC(1340)   Merge Heap Roots: 0.50ms
[4554.297s][info][gc,phases      ] GC(1340)   Evacuate Collection Set: 133.77ms
[4554.297s][info][gc,phases      ] GC(1340)   Post Evacuate Collection Set: 0.98ms
[4554.297s][info][gc,phases      ] GC(1340)   Other: 0.10ms
[4554.297s][info][gc,heap        ] GC(1340) Eden regions: 1118->0(1096)
[4554.297s][info][gc,heap        ] GC(1340) Survivor regions: 110->116(154)
[4554.297s][info][gc,heap        ] GC(1340) Old regions: 505->537
[4554.297s][info][gc,heap        ] GC(1340) Humongous regions: 80->80
[4554.297s][info][gc,metaspace   ] GC(1340) Metaspace: 28899K(29312K)->28899K(29312K) NonClass: 24031K(24256K)->24031K(24256K) Class: 4868K(5056K)->4868K(5056K)
[4554.297s][info][gc             ] GC(1340) Pause Young (Prepare Mixed) (G1 Evacuation Pause) 3623M->1463M(4096M) 135.836ms
[4554.297s][info][gc,cpu         ] GC(1340) User=0.81s Sys=0.00s Real=0.13s
...[4556.435s][info][gc,start       ] GC(1341) Pause Young (Mixed) (G1 Evacuation Pause)
[4556.435s][info][gc,task        ] GC(1341) Using 6 workers of 6 for evacuation
[4556.583s][info][gc,phases      ] GC(1341)   Pre Evacuate Collection Set: 0.36ms
[4556.583s][info][gc,phases      ] GC(1341)   Merge Heap Roots: 0.77ms
[4556.583s][info][gc,phases      ] GC(1341)   Evacuate Collection Set: 146.37ms
[4556.583s][info][gc,phases      ] GC(1341)   Post Evacuate Collection Set: 0.96ms
[4556.583s][info][gc,phases      ] GC(1341)   Other: 0.10ms
[4556.583s][info][gc,heap        ] GC(1341) Eden regions: 1096->0(1118)
[4556.583s][info][gc,heap        ] GC(1341) Survivor regions: 116->110(152)
[4556.583s][info][gc,heap        ] GC(1341) Old regions: 537->475
[4556.583s][info][gc,heap        ] GC(1341) Humongous regions: 80->80
[4556.583s][info][gc,metaspace   ] GC(1341) Metaspace: 28899K(29312K)->28899K(29312K) NonClass: 24031K(24256K)->24031K(24256K) Class: 4868K(5056K)->4868K(5056K)
[4556.583s][info][gc             ] GC(1341) Pause Young (Mixed) (G1 Evacuation Pause) 3655M->1329M(4096M) 148.689ms
[4556.583s][info][gc,cpu         ] GC(1341) User=0.88s Sys=0.00s Real=0.15s
..[4558.713s][info][gc,start       ] GC(1342) Pause Young (Concurrent Start) (G1 Evacuation Pause)
[4558.713s][info][gc,task        ] GC(1342) Using 6 workers of 6 for evacuation
[4558.835s][info][gc,phases      ] GC(1342)   Pre Evacuate Collection Set: 0.37ms
[4558.836s][info][gc,phases      ] GC(1342)   Merge Heap Roots: 0.47ms
[4558.836s][info][gc,phases      ] GC(1342)   Evacuate Collection Set: 120.39ms
[4558.836s][info][gc,phases      ] GC(1342)   Post Evacuate Collection Set: 0.87ms
[4558.836s][info][gc,phases      ] GC(1342)   Other: 0.12ms
[4558.836s][info][gc,heap        ] GC(1342) Eden regions: 1118->0(1115)
[4558.836s][info][gc,heap        ] GC(1342) Survivor regions: 110->113(154)
[4558.836s][info][gc,heap        ] GC(1342) Old regions: 475->507
[4558.836s][info][gc,heap        ] GC(1342) Humongous regions: 80->80
[4558.836s][info][gc,metaspace   ] GC(1342) Metaspace: 28899K(29312K)->28899K(29312K) NonClass: 24031K(24256K)->24031K(24256K) Class: 4868K(5056K)->4868K(5056K)
[4558.836s][info][gc             ] GC(1342) Pause Young (Concurrent Start) (G1 Evacuation Pause) 3565M->1398M(4096M) 122.367ms
[4558.836s][info][gc             ] GC(1343) Concurrent Mark Cycle
[4558.836s][info][gc,marking     ] GC(1343) Concurrent Scan Root Regions
[4558.836s][info][gc,cpu         ] GC(1342) User=0.73s Sys=0.00s Real=0.12s
[4558.994s][info][gc,marking     ] GC(1343) Concurrent Scan Root Regions 158.178ms
[4558.994s][info][gc,marking     ] GC(1343) Concurrent Mark
[4558.994s][info][gc,marking     ] GC(1343) Concurrent Mark From Roots
[4558.994s][info][gc,task        ] GC(1343) Using 2 workers of 2 for marking
.[4559.803s][info][gc,marking     ] GC(1343) Concurrent Mark From Roots 808.776ms
[4559.803s][info][gc,marking     ] GC(1343) Concurrent Preclean
[4559.803s][info][gc,marking     ] GC(1343) Concurrent Preclean 0.067ms
[4559.805s][info][gc,start       ] GC(1343) Pause Remark
[4559.809s][info][gc             ] GC(1343) Pause Remark 2240M->2240M(4096M) 4.442ms
[4559.809s][info][gc,cpu         ] GC(1343) User=0.03s Sys=0.00s Real=0.01s
[4559.809s][info][gc,marking     ] GC(1343) Concurrent Mark 815.290ms
[4559.809s][info][gc,marking     ] GC(1343) Concurrent Rebuild Remembered Sets and Scrub Regions
[4560.072s][info][gc,marking     ] GC(1343) Concurrent Rebuild Remembered Sets and Scrub Regions 262.486ms
[4560.072s][info][gc,start       ] GC(1343) Pause Cleanup
[4560.072s][info][gc             ] GC(1343) Pause Cleanup 2518M->2518M(4096M) 0.093ms
[4560.072s][info][gc,cpu         ] GC(1343) User=0.00s Sys=0.00s Real=0.00s
[4560.072s][info][gc,marking     ] GC(1343) Concurrent Clear Claimed Marks
[4560.072s][info][gc,marking     ] GC(1343) Concurrent Clear Claimed Marks 0.020ms
[4560.072s][info][gc,marking     ] GC(1343) Concurrent Cleanup for Next Mark
[4560.077s][info][gc,marking     ] GC(1343) Concurrent Cleanup for Next Mark 4.634ms
[4560.077s][info][gc             ] GC(1343) Concurrent Mark Cycle 1241.017ms
.[4560.989s][info][gc,start       ] GC(1344) Pause Young (Prepare Mixed) (G1 Evacuation Pause)
[4560.989s][info][gc,task        ] GC(1344) Using 6 workers of 6 for evacuation
[4561.110s][info][gc,phases      ] GC(1344)   Pre Evacuate Collection Set: 0.34ms
[4561.110s][info][gc,phases      ] GC(1344)   Merge Heap Roots: 0.52ms
[4561.110s][info][gc,phases      ] GC(1344)   Evacuate Collection Set: 118.71ms
[4561.110s][info][gc,phases      ] GC(1344)   Post Evacuate Collection Set: 0.93ms
[4561.110s][info][gc,phases      ] GC(1344)   Other: 0.10ms
[4561.110s][info][gc,heap        ] GC(1344) Eden regions: 1115->0(1102)
[4561.110s][info][gc,heap        ] GC(1344) Survivor regions: 113->112(154)
[4561.110s][info][gc,heap        ] GC(1344) Old regions: 507->539
[4561.110s][info][gc,heap        ] GC(1344) Humongous regions: 80->80
[4561.110s][info][gc,metaspace   ] GC(1344) Metaspace: 28899K(29312K)->28899K(29312K) NonClass: 24031K(24256K)->24031K(24256K) Class: 4868K(5056K)->4868K(5056K)
[4561.110s][info][gc             ] GC(1344) Pause Young (Prepare Mixed) (G1 Evacuation Pause) 3628M->1460M(4096M) 120.723ms
[4561.110s][info][gc,cpu         ] GC(1344) User=0.72s Sys=0.01s Real=0.12s
..[4563.288s][info][gc,start       ] GC(1345) Pause Young (Mixed) (G1 Evacuation Pause)
[4563.288s][info][gc,task        ] GC(1345) Using 6 workers of 6 for evacuation
[4563.423s][info][gc,phases      ] GC(1345)   Pre Evacuate Collection Set: 0.39ms
[4563.423s][info][gc,phases      ] GC(1345)   Merge Heap Roots: 0.82ms
[4563.423s][info][gc,phases      ] GC(1345)   Evacuate Collection Set: 132.67ms
[4563.423s][info][gc,phases      ] GC(1345)   Post Evacuate Collection Set: 0.95ms
[4563.423s][info][gc,phases      ] GC(1345)   Other: 0.09ms
[4563.423s][info][gc,heap        ] GC(1345) Eden regions: 1102->0(1118)
[4563.423s][info][gc,heap        ] GC(1345) Survivor regions: 112->110(152)
[4563.423s][info][gc,heap        ] GC(1345) Old regions: 539->476
[4563.423s][info][gc,heap        ] GC(1345) Humongous regions: 80->80
[4563.423s][info][gc,metaspace   ] GC(1345) Metaspace: 28899K(29312K)->28899K(29312K) NonClass: 24031K(24256K)->24031K(24256K) Class: 4868K(5056K)->4868K(5056K)
[4563.423s][info][gc             ] GC(1345) Pause Young (Mixed) (G1 Evacuation Pause) 3664M->1330M(4096M) 135.087ms
[4563.423s][info][gc,cpu         ] GC(1345) User=0.80s Sys=0.00s Real=0.14s
..[4565.544s][info][gc,start       ] GC(1346) Pause Young (Concurrent Start) (G1 Evacuation Pause)
[4565.544s][info][gc,task        ] GC(1346) Using 6 workers of 6 for evacuation
[4565.660s][info][gc,phases      ] GC(1346)   Pre Evacuate Collection Set: 0.41ms
[4565.660s][info][gc,phases      ] GC(1346)   Merge Heap Roots: 0.50ms
[4565.660s][info][gc,phases      ] GC(1346)   Evacuate Collection Set: 114.36ms
[4565.660s][info][gc,phases      ] GC(1346)   Post Evacuate Collection Set: 0.83ms
[4565.660s][info][gc,phases      ] GC(1346)   Other: 0.13ms
[4565.660s][info][gc,heap        ] GC(1346) Eden regions: 1118->0(1120)
[4565.660s][info][gc,heap        ] GC(1346) Survivor regions: 110->108(154)
[4565.660s][info][gc,heap        ] GC(1346) Old regions: 476->506
[4565.660s][info][gc,heap        ] GC(1346) Humongous regions: 80->80
[4565.660s][info][gc,metaspace   ] GC(1346) Metaspace: 28899K(29312K)->28899K(29312K) NonClass: 24031K(24256K)->24031K(24256K) Class: 4868K(5056K)->4868K(5056K)
[4565.660s][info][gc             ] GC(1346) Pause Young (Concurrent Start) (G1 Evacuation Pause) 3566M->1386M(4096M) 116.358ms
[4565.660s][info][gc             ] GC(1347) Concurrent Mark Cycle
[4565.660s][info][gc,marking     ] GC(1347) Concurrent Scan Root Regions
[4565.660s][info][gc,cpu         ] GC(1346) User=0.69s Sys=0.00s Real=0.12s
.[4565.844s][info][gc,marking     ] GC(1347) Concurrent Scan Root Regions 183.396ms
[4565.844s][info][gc,marking     ] GC(1347) Concurrent Mark
[4565.844s][info][gc,marking     ] GC(1347) Concurrent Mark From Roots
[4565.844s][info][gc,task        ] GC(1347) Using 2 workers of 2 for marking
.[4566.888s][info][gc,marking     ] GC(1347) Concurrent Mark From Roots 1044.388ms
[4566.888s][info][gc,marking     ] GC(1347) Concurrent Preclean
[4566.888s][info][gc,marking     ] GC(1347) Concurrent Preclean 0.115ms
[4566.891s][info][gc,start       ] GC(1347) Pause Remark
[4566.896s][info][gc             ] GC(1347) Pause Remark 2512M->2512M(4096M) 5.259ms
[4566.896s][info][gc,cpu         ] GC(1347) User=0.03s Sys=0.00s Real=0.00s
[4566.896s][info][gc,marking     ] GC(1347) Concurrent Mark 1052.458ms
[4566.896s][info][gc,marking     ] GC(1347) Concurrent Rebuild Remembered Sets and Scrub Regions
[4567.260s][info][gc,marking     ] GC(1347) Concurrent Rebuild Remembered Sets and Scrub Regions 363.782ms
[4567.260s][info][gc,start       ] GC(1347) Pause Cleanup
[4567.261s][info][gc             ] GC(1347) Pause Cleanup 2898M->2898M(4096M) 0.135ms
[4567.261s][info][gc,cpu         ] GC(1347) User=0.00s Sys=0.00s Real=0.00s
[4567.261s][info][gc,marking     ] GC(1347) Concurrent Clear Claimed Marks
[4567.261s][info][gc,marking     ] GC(1347) Concurrent Clear Claimed Marks 0.028ms
[4567.261s][info][gc,marking     ] GC(1347) Concurrent Cleanup for Next Mark
[4567.280s][info][gc,marking     ] GC(1347) Concurrent Cleanup for Next Mark 18.772ms
[4567.280s][info][gc             ] GC(1347) Concurrent Mark Cycle 1619.207ms
.[4567.838s][info][gc,start       ] GC(1348) Pause Young (Prepare Mixed) (G1 Evacuation Pause)
[4567.838s][info][gc,task        ] GC(1348) Using 6 workers of 6 for evacuation
[4567.955s][info][gc,phases      ] GC(1348)   Pre Evacuate Collection Set: 0.31ms
[4567.955s][info][gc,phases      ] GC(1348)   Merge Heap Roots: 0.55ms
[4567.955s][info][gc,phases      ] GC(1348)   Evacuate Collection Set: 115.80ms
[4567.955s][info][gc,phases      ] GC(1348)   Post Evacuate Collection Set: 0.84ms
[4567.955s][info][gc,phases      ] GC(1348)   Other: 0.09ms
[4567.955s][info][gc,heap        ] GC(1348) Eden regions: 1120->0(1108)
[4567.955s][info][gc,heap        ] GC(1348) Survivor regions: 108->109(154)
[4567.955s][info][gc,heap        ] GC(1348) Old regions: 506->539
[4567.955s][info][gc,heap        ] GC(1348) Humongous regions: 80->80
[4567.955s][info][gc,metaspace   ] GC(1348) Metaspace: 28899K(29312K)->28899K(29312K) NonClass: 24031K(24256K)->24031K(24256K) Class: 4868K(5056K)->4868K(5056K)
[4567.955s][info][gc             ] GC(1348) Pause Young (Prepare Mixed) (G1 Evacuation Pause) 3626M->1454M(4096M) 117.720ms
[4567.956s][info][gc,cpu         ] GC(1348) User=0.69s Sys=0.01s Real=0.12s
..[4570.102s][info][gc,start       ] GC(1349) Pause Young (Mixed) (G1 Evacuation Pause)
[4570.102s][info][gc,task        ] GC(1349) Using 6 workers of 6 for evacuation
[4570.238s][info][gc,phases      ] GC(1349)   Pre Evacuate Collection Set: 0.35ms
[4570.238s][info][gc,phases      ] GC(1349)   Merge Heap Roots: 0.71ms
[4570.238s][info][gc,phases      ] GC(1349)   Evacuate Collection Set: 133.07ms
[4570.238s][info][gc,phases      ] GC(1349)   Post Evacuate Collection Set: 0.94ms
[4570.238s][info][gc,phases      ] GC(1349)   Other: 0.09ms
[4570.238s][info][gc,heap        ] GC(1349) Eden regions: 1108->0(1118)
[4570.238s][info][gc,heap        ] GC(1349) Survivor regions: 109->110(153)
[4570.238s][info][gc,heap        ] GC(1349) Old regions: 539->475
[4570.238s][info][gc,heap        ] GC(1349) Humongous regions: 80->80
[4570.238s][info][gc,metaspace   ] GC(1349) Metaspace: 28899K(29312K)->28899K(29312K) NonClass: 24031K(24256K)->24031K(24256K) Class: 4868K(5056K)->4868K(5056K)
[4570.238s][info][gc             ] GC(1349) Pause Young (Mixed) (G1 Evacuation Pause) 3670M->1328M(4096M) 135.284ms
[4570.238s][info][gc,cpu         ] GC(1349) User=0.80s Sys=0.00s Real=0.13s
..[4572.436s][info][gc,start       ] GC(1350) Pause Young (Concurrent Start) (G1 Evacuation Pause)
[4572.436s][info][gc,task        ] GC(1350) Using 6 workers of 6 for evacuation
[4572.559s][info][gc,phases      ] GC(1350)   Pre Evacuate Collection Set: 0.41ms
[4572.559s][info][gc,phases      ] GC(1350)   Merge Heap Roots: 0.47ms
[4572.559s][info][gc,phases      ] GC(1350)   Evacuate Collection Set: 120.55ms
[4572.559s][info][gc,phases      ] GC(1350)   Post Evacuate Collection Set: 0.92ms
[4572.559s][info][gc,phases      ] GC(1350)   Other: 0.11ms
[4572.559s][info][gc,heap        ] GC(1350) Eden regions: 1118->0(1113)
[4572.559s][info][gc,heap        ] GC(1350) Survivor regions: 110->115(154)
[4572.559s][info][gc,heap        ] GC(1350) Old regions: 475->506
[4572.559s][info][gc,heap        ] GC(1350) Humongous regions: 80->80
[4572.559s][info][gc,metaspace   ] GC(1350) Metaspace: 28899K(29312K)->28899K(29312K) NonClass: 24031K(24256K)->24031K(24256K) Class: 4868K(5056K)->4868K(5056K)
[4572.559s][info][gc             ] GC(1350) Pause Young (Concurrent Start) (G1 Evacuation Pause) 3564M->1400M(4096M) 122.586ms
[4572.559s][info][gc             ] GC(1351) Concurrent Mark Cycle
[4572.559s][info][gc,marking     ] GC(1351) Concurrent Scan Root Regions
[4572.559s][info][gc,cpu         ] GC(1350) User=0.73s Sys=0.00s Real=0.13s
[4572.736s][info][gc,marking     ] GC(1351) Concurrent Scan Root Regions 177.658ms
[4572.737s][info][gc,marking     ] GC(1351) Concurrent Mark
[4572.737s][info][gc,marking     ] GC(1351) Concurrent Mark From Roots
[4572.737s][info][gc,task        ] GC(1351) Using 2 workers of 2 for marking
.[4573.477s][info][gc,marking     ] GC(1351) Concurrent Mark From Roots 740.647ms
[4573.477s][info][gc,marking     ] GC(1351) Concurrent Preclean
[4573.477s][info][gc,marking     ] GC(1351) Concurrent Preclean 0.113ms
[4573.478s][info][gc,start       ] GC(1351) Pause Remark
[4573.483s][info][gc             ] GC(1351) Pause Remark 2248M->2248M(4096M) 4.975ms
[4573.483s][info][gc,cpu         ] GC(1351) User=0.03s Sys=0.00s Real=0.01s
[4573.484s][info][gc,marking     ] GC(1351) Concurrent Mark 746.987ms
[4573.484s][info][gc,marking     ] GC(1351) Concurrent Rebuild Remembered Sets and Scrub Regions
.[4573.922s][info][gc,marking     ] GC(1351) Concurrent Rebuild Remembered Sets and Scrub Regions 437.983ms
[4573.923s][info][gc,start       ] GC(1351) Pause Cleanup
[4573.923s][info][gc             ] GC(1351) Pause Cleanup 2690M->2690M(4096M) 0.139ms
[4573.923s][info][gc,cpu         ] GC(1351) User=0.00s Sys=0.00s Real=0.00s
[4573.924s][info][gc,marking     ] GC(1351) Concurrent Clear Claimed Marks
[4573.925s][info][gc,marking     ] GC(1351) Concurrent Clear Claimed Marks 0.043ms
[4573.925s][info][gc,marking     ] GC(1351) Concurrent Cleanup for Next Mark
[4573.944s][info][gc,marking     ] GC(1351) Concurrent Cleanup for Next Mark 19.415ms
[4573.944s][info][gc             ] GC(1351) Concurrent Mark Cycle 1385.195ms
[4574.710s][info][gc,start       ] GC(1352) Pause Young (Prepare Mixed) (G1 Evacuation Pause)
[4574.710s][info][gc,task        ] GC(1352) Using 6 workers of 6 for evacuation
[4574.828s][info][gc,phases      ] GC(1352)   Pre Evacuate Collection Set: 0.33ms
[4574.829s][info][gc,phases      ] GC(1352)   Merge Heap Roots: 0.51ms
[4574.829s][info][gc,phases      ] GC(1352)   Evacuate Collection Set: 116.60ms
[4574.829s][info][gc,phases      ] GC(1352)   Post Evacuate Collection Set: 0.93ms
[4574.829s][info][gc,phases      ] GC(1352)   Other: 0.09ms
[4574.829s][info][gc,heap        ] GC(1352) Eden regions: 1113->0(1111)
[4574.829s][info][gc,heap        ] GC(1352) Survivor regions: 115->108(154)
[4574.829s][info][gc,heap        ] GC(1352) Old regions: 506->538
[4574.829s][info][gc,heap        ] GC(1352) Humongous regions: 80->80
[4574.829s][info][gc,metaspace   ] GC(1352) Metaspace: 28899K(29312K)->28899K(29312K) NonClass: 24031K(24256K)->24031K(24256K) Class: 4868K(5056K)->4868K(5056K)
[4574.829s][info][gc             ] GC(1352) Pause Young (Prepare Mixed) (G1 Evacuation Pause) 3626M->1450M(4096M) 118.593ms
[4574.829s][info][gc,cpu         ] GC(1352) User=0.70s Sys=0.00s Real=0.12s
..[4576.920s][info][gc,start       ] GC(1353) Pause Young (Mixed) (G1 Evacuation Pause)
[4576.920s][info][gc,task        ] GC(1353) Using 6 workers of 6 for evacuation
[4577.056s][info][gc,phases      ] GC(1353)   Pre Evacuate Collection Set: 0.38ms
[4577.056s][info][gc,phases      ] GC(1353)   Merge Heap Roots: 0.74ms
[4577.056s][info][gc,phases      ] GC(1353)   Evacuate Collection Set: 133.81ms
[4577.056s][info][gc,phases      ] GC(1353)   Post Evacuate Collection Set: 0.97ms
[4577.056s][info][gc,phases      ] GC(1353)   Other: 0.09ms
[4577.056s][info][gc,heap        ] GC(1353) Eden regions: 1111->0(1116)
[4577.056s][info][gc,heap        ] GC(1353) Survivor regions: 108->112(153)
[4577.056s][info][gc,heap        ] GC(1353) Old regions: 538->473
[4577.056s][info][gc,heap        ] GC(1353) Humongous regions: 80->80
[4577.056s][info][gc,metaspace   ] GC(1353) Metaspace: 28899K(29312K)->28899K(29312K) NonClass: 24031K(24256K)->24031K(24256K) Class: 4868K(5056K)->4868K(5056K)
[4577.056s][info][gc             ] GC(1353) Pause Young (Mixed) (G1 Evacuation Pause) 3672M->1327M(4096M) 136.119ms
[4577.056s][info][gc,cpu         ] GC(1353) User=0.81s Sys=0.00s Real=0.13s
...[4579.301s][info][gc,start       ] GC(1354) Pause Young (Concurrent Start) (G1 Evacuation Pause)
[4579.301s][info][gc,task        ] GC(1354) Using 6 workers of 6 for evacuation
[4579.422s][info][gc,phases      ] GC(1354)   Pre Evacuate Collection Set: 0.35ms
[4579.422s][info][gc,phases      ] GC(1354)   Merge Heap Roots: 0.51ms
[4579.422s][info][gc,phases      ] GC(1354)   Evacuate Collection Set: 119.23ms
[4579.422s][info][gc,phases      ] GC(1354)   Post Evacuate Collection Set: 0.87ms
[4579.422s][info][gc,phases      ] GC(1354)   Other: 0.11ms
[4579.423s][info][gc,heap        ] GC(1354) Eden regions: 1116->0(1116)
[4579.423s][info][gc,heap        ] GC(1354) Survivor regions: 112->112(154)
[4579.423s][info][gc,heap        ] GC(1354) Old regions: 473->506
[4579.423s][info][gc,heap        ] GC(1354) Humongous regions: 80->80
[4579.423s][info][gc,metaspace   ] GC(1354) Metaspace: 28899K(29312K)->28899K(29312K) NonClass: 24031K(24256K)->24031K(24256K) Class: 4868K(5056K)->4868K(5056K)
[4579.423s][info][gc             ] GC(1354) Pause Young (Concurrent Start) (G1 Evacuation Pause) 3559M->1394M(4096M) 121.206ms
[4579.423s][info][gc             ] GC(1355) Concurrent Mark Cycle
[4579.423s][info][gc,marking     ] GC(1355) Concurrent Scan Root Regions
[4579.423s][info][gc,cpu         ] GC(1354) User=0.73s Sys=0.00s Real=0.12s
[4579.603s][info][gc,marking     ] GC(1355) Concurrent Scan Root Regions 180.807ms
[4579.603s][info][gc,marking     ] GC(1355) Concurrent Mark
[4579.603s][info][gc,marking     ] GC(1355) Concurrent Mark From Roots
[4579.603s][info][gc,task        ] GC(1355) Using 2 workers of 2 for marking
.[4580.564s][info][gc,marking     ] GC(1355) Concurrent Mark From Roots 960.985ms
[4580.564s][info][gc,marking     ] GC(1355) Concurrent Preclean
[4580.565s][info][gc,marking     ] GC(1355) Concurrent Preclean 0.110ms
[4580.566s][info][gc,start       ] GC(1355) Pause Remark
[4580.572s][info][gc             ] GC(1355) Pause Remark 2556M->2556M(4096M) 6.343ms
[4580.572s][info][gc,cpu         ] GC(1355) User=0.03s Sys=0.00s Real=0.01s
[4580.572s][info][gc,marking     ] GC(1355) Concurrent Mark 969.048ms
[4580.572s][info][gc,marking     ] GC(1355) Concurrent Rebuild Remembered Sets and Scrub Regions
[4580.991s][info][gc,marking     ] GC(1355) Concurrent Rebuild Remembered Sets and Scrub Regions 418.913ms
[4580.992s][info][gc,start       ] GC(1355) Pause Cleanup
[4580.992s][info][gc             ] GC(1355) Pause Cleanup 2952M->2952M(4096M) 0.125ms
[4580.992s][info][gc,cpu         ] GC(1355) User=0.00s Sys=0.00s Real=0.00s
[4580.992s][info][gc,marking     ] GC(1355) Concurrent Clear Claimed Marks
[4580.992s][info][gc,marking     ] GC(1355) Concurrent Clear Claimed Marks 0.027ms
[4580.992s][info][gc,marking     ] GC(1355) Concurrent Cleanup for Next Mark
[4580.997s][info][gc,marking     ] GC(1355) Concurrent Cleanup for Next Mark 5.010ms
[4580.997s][info][gc             ] GC(1355) Concurrent Mark Cycle 1574.905ms
.[4581.577s][info][gc,start       ] GC(1356) Pause Young (Prepare Mixed) (G1 Evacuation Pause)
[4581.577s][info][gc,task        ] GC(1356) Using 6 workers of 6 for evacuation
[4581.697s][info][gc,phases      ] GC(1356)   Pre Evacuate Collection Set: 0.30ms
[4581.697s][info][gc,phases      ] GC(1356)   Merge Heap Roots: 0.63ms
[4581.697s][info][gc,phases      ] GC(1356)   Evacuate Collection Set: 117.78ms
[4581.697s][info][gc,phases      ] GC(1356)   Post Evacuate Collection Set: 0.94ms
[4581.697s][info][gc,phases      ] GC(1356)   Other: 0.09ms
[4581.697s][info][gc,heap        ] GC(1356) Eden regions: 1116->0(1107)
[4581.697s][info][gc,heap        ] GC(1356) Survivor regions: 112->110(154)
[4581.697s][info][gc,heap        ] GC(1356) Old regions: 506->538
[4581.697s][info][gc,heap        ] GC(1356) Humongous regions: 80->80
[4581.697s][info][gc,metaspace   ] GC(1356) Metaspace: 28899K(29312K)->28899K(29312K) NonClass: 24031K(24256K)->24031K(24256K) Class: 4868K(5056K)->4868K(5056K)
[4581.697s][info][gc             ] GC(1356) Pause Young (Prepare Mixed) (G1 Evacuation Pause) 3626M->1454M(4096M) 119.864ms
[4581.697s][info][gc,cpu         ] GC(1356) User=0.72s Sys=0.00s Real=0.12s
..[4583.835s][info][gc,start       ] GC(1357) Pause Young (Mixed) (G1 Evacuation Pause)
[4583.835s][info][gc,task        ] GC(1357) Using 6 workers of 6 for evacuation
[4583.969s][info][gc,phases      ] GC(1357)   Pre Evacuate Collection Set: 0.35ms
[4583.969s][info][gc,phases      ] GC(1357)   Merge Heap Roots: 0.84ms
[4583.969s][info][gc,phases      ] GC(1357)   Evacuate Collection Set: 131.76ms
[4583.969s][info][gc,phases      ] GC(1357)   Post Evacuate Collection Set: 0.94ms
[4583.969s][info][gc,phases      ] GC(1357)   Other: 0.09ms
[4583.969s][info][gc,heap        ] GC(1357) Eden regions: 1107->0(1121)
[4583.969s][info][gc,heap        ] GC(1357) Survivor regions: 110->107(153)
[4583.969s][info][gc,heap        ] GC(1357) Old regions: 538->475
[4583.969s][info][gc,heap        ] GC(1357) Humongous regions: 80->80
[4583.969s][info][gc,metaspace   ] GC(1357) Metaspace: 28899K(29312K)->28899K(29312K) NonClass: 24031K(24256K)->24031K(24256K) Class: 4868K(5056K)->4868K(5056K)
[4583.969s][info][gc             ] GC(1357) Pause Young (Mixed) (G1 Evacuation Pause) 3668M->1322M(4096M) 134.107ms
[4583.969s][info][gc,cpu         ] GC(1357) User=0.80s Sys=0.00s Real=0.14s
..[4586.107s][info][gc,start       ] GC(1358) Pause Young (Concurrent Start) (G1 Evacuation Pause)
[4586.107s][info][gc,task        ] GC(1358) Using 6 workers of 6 for evacuation
[4586.226s][info][gc,phases      ] GC(1358)   Pre Evacuate Collection Set: 0.34ms
[4586.226s][info][gc,phases      ] GC(1358)   Merge Heap Roots: 0.45ms
[4586.226s][info][gc,phases      ] GC(1358)   Evacuate Collection Set: 117.60ms
[4586.226s][info][gc,phases      ] GC(1358)   Post Evacuate Collection Set: 0.85ms
[4586.226s][info][gc,phases      ] GC(1358)   Other: 0.11ms
[4586.226s][info][gc,heap        ] GC(1358) Eden regions: 1121->0(1117)
[4586.226s][info][gc,heap        ] GC(1358) Survivor regions: 107->111(154)
[4586.226s][info][gc,heap        ] GC(1358) Old regions: 475->506
[4586.226s][info][gc,heap        ] GC(1358) Humongous regions: 80->80
[4586.226s][info][gc,metaspace   ] GC(1358) Metaspace: 28899K(29312K)->28899K(29312K) NonClass: 24031K(24256K)->24031K(24256K) Class: 4868K(5056K)->4868K(5056K)
[4586.226s][info][gc             ] GC(1358) Pause Young (Concurrent Start) (G1 Evacuation Pause) 3564M->1392M(4096M) 119.485ms
[4586.226s][info][gc             ] GC(1359) Concurrent Mark Cycle
[4586.226s][info][gc,marking     ] GC(1359) Concurrent Scan Root Regions
[4586.226s][info][gc,cpu         ] GC(1358) User=0.71s Sys=0.00s Real=0.12s
.[4586.414s][info][gc,marking     ] GC(1359) Concurrent Scan Root Regions 187.953ms
[4586.414s][info][gc,marking     ] GC(1359) Concurrent Mark
[4586.414s][info][gc,marking     ] GC(1359) Concurrent Mark From Roots
[4586.414s][info][gc,task        ] GC(1359) Using 2 workers of 2 for marking
.[4587.386s][info][gc,marking     ] GC(1359) Concurrent Mark From Roots 971.212ms
[4587.386s][info][gc,marking     ] GC(1359) Concurrent Preclean
[4587.386s][info][gc,marking     ] GC(1359) Concurrent Preclean 0.089ms
[4587.388s][info][gc,start       ] GC(1359) Pause Remark
[4587.393s][info][gc             ] GC(1359) Pause Remark 2522M->2522M(4096M) 5.135ms
[4587.393s][info][gc,cpu         ] GC(1359) User=0.03s Sys=0.00s Real=0.01s
[4587.393s][info][gc,marking     ] GC(1359) Concurrent Mark 978.966ms
[4587.393s][info][gc,marking     ] GC(1359) Concurrent Rebuild Remembered Sets and Scrub Regions
[4587.816s][info][gc,marking     ] GC(1359) Concurrent Rebuild Remembered Sets and Scrub Regions 422.505ms
[4587.818s][info][gc,start       ] GC(1359) Pause Cleanup
[4587.818s][info][gc             ] GC(1359) Pause Cleanup 2966M->2966M(4096M) 0.135ms
[4587.818s][info][gc,cpu         ] GC(1359) User=0.00s Sys=0.00s Real=0.00s
[4587.818s][info][gc,marking     ] GC(1359) Concurrent Clear Claimed Marks
[4587.818s][info][gc,marking     ] GC(1359) Concurrent Clear Claimed Marks 0.037ms
[4587.818s][info][gc,marking     ] GC(1359) Concurrent Cleanup for Next Mark
[4587.823s][info][gc,marking     ] GC(1359) Concurrent Cleanup for Next Mark 4.596ms
[4587.823s][info][gc             ] GC(1359) Concurrent Mark Cycle 1596.892ms
.[4588.458s][info][gc,start       ] GC(1360) Pause Young (Prepare Mixed) (G1 Evacuation Pause)
[4588.458s][info][gc,task        ] GC(1360) Using 6 workers of 6 for evacuation
[4588.587s][info][gc,phases      ] GC(1360)   Pre Evacuate Collection Set: 0.33ms
[4588.587s][info][gc,phases      ] GC(1360)   Merge Heap Roots: 0.56ms
[4588.587s][info][gc,phases      ] GC(1360)   Evacuate Collection Set: 127.49ms
[4588.587s][info][gc,phases      ] GC(1360)   Post Evacuate Collection Set: 0.91ms
[4588.587s][info][gc,phases      ] GC(1360)   Other: 0.09ms
[4588.587s][info][gc,heap        ] GC(1360) Eden regions: 1117->0(1088)
[4588.587s][info][gc,heap        ] GC(1360) Survivor regions: 111->120(154)
[4588.587s][info][gc,heap        ] GC(1360) Old regions: 506->537
[4588.587s][info][gc,heap        ] GC(1360) Humongous regions: 80->80
[4588.587s][info][gc,metaspace   ] GC(1360) Metaspace: 28899K(29312K)->28899K(29312K) NonClass: 24031K(24256K)->24031K(24256K) Class: 4868K(5056K)->4868K(5056K)
[4588.587s][info][gc             ] GC(1360) Pause Young (Prepare Mixed) (G1 Evacuation Pause) 3626M->1472M(4096M) 129.495ms
[4588.587s][info][gc,cpu         ] GC(1360) User=0.77s Sys=0.00s Real=0.13s
..[4590.702s][info][gc,start       ] GC(1361) Pause Young (Mixed) (G1 Evacuation Pause)
[4590.702s][info][gc,task        ] GC(1361) Using 6 workers of 6 for evacuation
[4590.843s][info][gc,phases      ] GC(1361)   Pre Evacuate Collection Set: 0.35ms
[4590.843s][info][gc,phases      ] GC(1361)   Merge Heap Roots: 0.85ms
[4590.843s][info][gc,phases      ] GC(1361)   Evacuate Collection Set: 138.66ms
[4590.843s][info][gc,phases      ] GC(1361)   Post Evacuate Collection Set: 0.97ms
[4590.843s][info][gc,phases      ] GC(1361)   Other: 0.09ms
[4590.843s][info][gc,heap        ] GC(1361) Eden regions: 1088->0(1116)
[4590.843s][info][gc,heap        ] GC(1361) Survivor regions: 120->112(151)
[4590.843s][info][gc,heap        ] GC(1361) Old regions: 537->473
[4590.843s][info][gc,heap        ] GC(1361) Humongous regions: 80->80
[4590.843s][info][gc,metaspace   ] GC(1361) Metaspace: 28899K(29312K)->28899K(29312K) NonClass: 24031K(24256K)->24031K(24256K) Class: 4868K(5056K)->4868K(5056K)
[4590.843s][info][gc             ] GC(1361) Pause Young (Mixed) (G1 Evacuation Pause) 3648M->1329M(4096M) 141.067ms
[4590.843s][info][gc,cpu         ] GC(1361) User=0.84s Sys=0.00s Real=0.14s
..[4593.024s][info][gc,start       ] GC(1362) Pause Young (Concurrent Start) (G1 Evacuation Pause)
[4593.024s][info][gc,task        ] GC(1362) Using 6 workers of 6 for evacuation
[4593.139s][info][gc,phases      ] GC(1362)   Pre Evacuate Collection Set: 0.39ms
[4593.139s][info][gc,phases      ] GC(1362)   Merge Heap Roots: 0.48ms
[4593.139s][info][gc,phases      ] GC(1362)   Evacuate Collection Set: 113.45ms
[4593.139s][info][gc,phases      ] GC(1362)   Post Evacuate Collection Set: 0.87ms
[4593.139s][info][gc,phases      ] GC(1362)   Other: 0.12ms
[4593.139s][info][gc,heap        ] GC(1362) Eden regions: 1116->0(1120)
[4593.139s][info][gc,heap        ] GC(1362) Survivor regions: 112->108(154)
[4593.139s][info][gc,heap        ] GC(1362) Old regions: 473->506
[4593.139s][info][gc,heap        ] GC(1362) Humongous regions: 80->80
[4593.139s][info][gc,metaspace   ] GC(1362) Metaspace: 28899K(29312K)->28899K(29312K) NonClass: 24031K(24256K)->24031K(24256K) Class: 4868K(5056K)->4868K(5056K)
[4593.139s][info][gc             ] GC(1362) Pause Young (Concurrent Start) (G1 Evacuation Pause) 3561M->1386M(4096M) 115.447ms
[4593.139s][info][gc             ] GC(1363) Concurrent Mark Cycle
[4593.139s][info][gc,marking     ] GC(1363) Concurrent Scan Root Regions
[4593.139s][info][gc,cpu         ] GC(1362) User=0.69s Sys=0.00s Real=0.12s
[4593.274s][info][gc,marking     ] GC(1363) Concurrent Scan Root Regions 134.906ms
[4593.274s][info][gc,marking     ] GC(1363) Concurrent Mark
[4593.274s][info][gc,marking     ] GC(1363) Concurrent Mark From Roots
[4593.274s][info][gc,task        ] GC(1363) Using 2 workers of 2 for marking
.[4594.026s][info][gc,marking     ] GC(1363) Concurrent Mark From Roots 751.880ms
[4594.026s][info][gc,marking     ] GC(1363) Concurrent Preclean
[4594.026s][info][gc,marking     ] GC(1363) Concurrent Preclean 0.087ms
[4594.027s][info][gc,start       ] GC(1363) Pause Remark
[4594.032s][info][gc             ] GC(1363) Pause Remark 2202M->2202M(4096M) 4.499ms
[4594.032s][info][gc,cpu         ] GC(1363) User=0.03s Sys=0.00s Real=0.01s
[4594.032s][info][gc,marking     ] GC(1363) Concurrent Mark 757.665ms
[4594.032s][info][gc,marking     ] GC(1363) Concurrent Rebuild Remembered Sets and Scrub Regions
[4594.382s][info][gc,marking     ] GC(1363) Concurrent Rebuild Remembered Sets and Scrub Regions 350.401ms
[4594.387s][info][gc,start       ] GC(1363) Pause Cleanup
[4594.387s][info][gc             ] GC(1363) Pause Cleanup 2590M->2590M(4096M) 0.145ms
[4594.387s][info][gc,cpu         ] GC(1363) User=0.00s Sys=0.00s Real=0.00s
[4594.387s][info][gc,marking     ] GC(1363) Concurrent Clear Claimed Marks
[4594.387s][info][gc,marking     ] GC(1363) Concurrent Clear Claimed Marks 0.036ms
[4594.387s][info][gc,marking     ] GC(1363) Concurrent Cleanup for Next Mark
[4594.394s][info][gc,marking     ] GC(1363) Concurrent Cleanup for Next Mark 6.357ms
[4594.394s][info][gc             ] GC(1363) Concurrent Mark Cycle 1254.399ms
.[4595.339s][info][gc,start       ] GC(1364) Pause Young (Prepare Mixed) (G1 Evacuation Pause)
[4595.339s][info][gc,task        ] GC(1364) Using 6 workers of 6 for evacuation
[4595.461s][info][gc,phases      ] GC(1364)   Pre Evacuate Collection Set: 0.34ms
[4595.461s][info][gc,phases      ] GC(1364)   Merge Heap Roots: 0.49ms
[4595.461s][info][gc,phases      ] GC(1364)   Evacuate Collection Set: 120.25ms
[4595.461s][info][gc,phases      ] GC(1364)   Post Evacuate Collection Set: 0.99ms
[4595.461s][info][gc,phases      ] GC(1364)   Other: 0.09ms
[4595.461s][info][gc,heap        ] GC(1364) Eden regions: 1120->0(1096)
[4595.461s][info][gc,heap        ] GC(1364) Survivor regions: 108->116(154)
[4595.461s][info][gc,heap        ] GC(1364) Old regions: 506->537
[4595.461s][info][gc,heap        ] GC(1364) Humongous regions: 80->80
[4595.461s][info][gc,metaspace   ] GC(1364) Metaspace: 28899K(29312K)->28899K(29312K) NonClass: 24031K(24256K)->24031K(24256K) Class: 4868K(5056K)->4868K(5056K)
[4595.461s][info][gc             ] GC(1364) Pause Young (Prepare Mixed) (G1 Evacuation Pause) 3626M->1465M(4096M) 122.317ms
[4595.461s][info][gc,cpu         ] GC(1364) User=0.73s Sys=0.00s Real=0.12s
..[4597.469s][info][gc,start       ] GC(1365) Pause Young (Mixed) (G1 Evacuation Pause)
[4597.469s][info][gc,task        ] GC(1365) Using 6 workers of 6 for evacuation
[4597.603s][info][gc,phases      ] GC(1365)   Pre Evacuate Collection Set: 0.38ms
[4597.603s][info][gc,phases      ] GC(1365)   Merge Heap Roots: 0.73ms
[4597.603s][info][gc,phases      ] GC(1365)   Evacuate Collection Set: 131.51ms
[4597.603s][info][gc,phases      ] GC(1365)   Post Evacuate Collection Set: 0.93ms
[4597.603s][info][gc,phases      ] GC(1365)   Other: 0.09ms
[4597.603s][info][gc,heap        ] GC(1365) Eden regions: 1096->0(1120)
[4597.603s][info][gc,heap        ] GC(1365) Survivor regions: 116->108(152)
[4597.603s][info][gc,heap        ] GC(1365) Old regions: 537->476
[4597.603s][info][gc,heap        ] GC(1365) Humongous regions: 80->80
[4597.603s][info][gc,metaspace   ] GC(1365) Metaspace: 28899K(29312K)->28899K(29312K) NonClass: 24031K(24256K)->24031K(24256K) Class: 4868K(5056K)->4868K(5056K)
[4597.603s][info][gc             ] GC(1365) Pause Young (Mixed) (G1 Evacuation Pause) 3657M->1327M(4096M) 133.791ms
[4597.603s][info][gc,cpu         ] GC(1365) User=0.80s Sys=0.00s Real=0.13s
...[4599.786s][info][gc,start       ] GC(1366) Pause Young (Concurrent Start) (G1 Evacuation Pause)
[4599.786s][info][gc,task        ] GC(1366) Using 6 workers of 6 for evacuation
[4599.903s][info][gc,phases      ] GC(1366)   Pre Evacuate Collection Set: 0.34ms
[4599.903s][info][gc,phases      ] GC(1366)   Merge Heap Roots: 0.46ms
[4599.903s][info][gc,phases      ] GC(1366)   Evacuate Collection Set: 115.68ms
[4599.903s][info][gc,phases      ] GC(1366)   Post Evacuate Collection Set: 0.89ms
[4599.903s][info][gc,phases      ] GC(1366)   Other: 0.10ms
[4599.903s][info][gc,heap        ] GC(1366) Eden regions: 1120->0(1119)
[4599.903s][info][gc,heap        ] GC(1366) Survivor regions: 108->109(154)
[4599.903s][info][gc,heap        ] GC(1366) Old regions: 476->509
[4599.903s][info][gc,heap        ] GC(1366) Humongous regions: 80->80
[4599.903s][info][gc,metaspace   ] GC(1366) Metaspace: 28899K(29312K)->28899K(29312K) NonClass: 24031K(24256K)->24031K(24256K) Class: 4868K(5056K)->4868K(5056K)
[4599.903s][info][gc             ] GC(1366) Pause Young (Concurrent Start) (G1 Evacuation Pause) 3567M->1394M(4096M) 117.595ms
[4599.903s][info][gc             ] GC(1367) Concurrent Mark Cycle
[4599.903s][info][gc,marking     ] GC(1367) Concurrent Scan Root Regions
[4599.903s][info][gc,cpu         ] GC(1366) User=0.70s Sys=0.00s Real=0.12s
[4600.045s][info][gc,marking     ] GC(1367) Concurrent Scan Root Regions 142.173ms
[4600.045s][info][gc,marking     ] GC(1367) Concurrent Mark
[4600.045s][info][gc,marking     ] GC(1367) Concurrent Mark From Roots
[4600.045s][info][gc,task        ] GC(1367) Using 2 workers of 2 for marking
[4600.637s][info][gc,marking     ] GC(1367) Concurrent Mark From Roots 592.011ms
[4600.637s][info][gc,marking     ] GC(1367) Concurrent Preclean
[4600.638s][info][gc,marking     ] GC(1367) Concurrent Preclean 0.074ms
[4600.639s][info][gc,start       ] GC(1367) Pause Remark
[4600.644s][info][gc             ] GC(1367) Pause Remark 1966M->1966M(4096M) 4.677ms
[4600.644s][info][gc,cpu         ] GC(1367) User=0.02s Sys=0.00s Real=0.00s
[4600.644s][info][gc,marking     ] GC(1367) Concurrent Mark 598.598ms
[4600.644s][info][gc,marking     ] GC(1367) Concurrent Rebuild Remembered Sets and Scrub Regions
[4600.861s][info][gc,marking     ] GC(1367) Concurrent Rebuild Remembered Sets and Scrub Regions 216.573ms
[4600.862s][info][gc,start       ] GC(1367) Pause Cleanup
[4600.862s][info][gc             ] GC(1367) Pause Cleanup 2154M->2154M(4096M) 0.129ms
[4600.862s][info][gc,cpu         ] GC(1367) User=0.00s Sys=0.00s Real=0.00s
[4600.862s][info][gc,marking     ] GC(1367) Concurrent Clear Claimed Marks
[4600.862s][info][gc,marking     ] GC(1367) Concurrent Clear Claimed Marks 0.033ms
[4600.862s][info][gc,marking     ] GC(1367) Concurrent Cleanup for Next Mark
[4600.870s][info][gc,marking     ] GC(1367) Concurrent Cleanup for Next Mark 7.778ms
[4600.870s][info][gc             ] GC(1367) Concurrent Mark Cycle 966.720ms
..[4602.034s][info][gc,start       ] GC(1368) Pause Young (Prepare Mixed) (G1 Evacuation Pause)
[4602.034s][info][gc,task        ] GC(1368) Using 6 workers of 6 for evacuation
[4602.154s][info][gc,phases      ] GC(1368)   Pre Evacuate Collection Set: 0.33ms
[4602.154s][info][gc,phases      ] GC(1368)   Merge Heap Roots: 0.58ms
[4602.154s][info][gc,phases      ] GC(1368)   Evacuate Collection Set: 117.75ms
[4602.154s][info][gc,phases      ] GC(1368)   Post Evacuate Collection Set: 0.95ms
[4602.154s][info][gc,phases      ] GC(1368)   Other: 0.09ms
[4602.154s][info][gc,heap        ] GC(1368) Eden regions: 1119->0(1101)
[4602.154s][info][gc,heap        ] GC(1368) Survivor regions: 109->112(154)
[4602.154s][info][gc,heap        ] GC(1368) Old regions: 509->540
[4602.154s][info][gc,heap        ] GC(1368) Humongous regions: 80->80
[4602.154s][info][gc,metaspace   ] GC(1368) Metaspace: 28899K(29312K)->28899K(29312K) NonClass: 24031K(24256K)->24031K(24256K) Class: 4868K(5056K)->4868K(5056K)
[4602.154s][info][gc             ] GC(1368) Pause Young (Prepare Mixed) (G1 Evacuation Pause) 3632M->1461M(4096M) 119.827ms
[4602.154s][info][gc,cpu         ] GC(1368) User=0.72s Sys=0.00s Real=0.12s
. (rIR:aIR:PR = 8164:8182:8182) (tPR = 121569) [OK] 
  4602s: Performance info:
         Transaction,    Success,    Partial,     Failed,   Receipts, AvgBarcode, 
             Overall,     496853,          0,          0,     471943,      59.47, 
         Response times:
             Request,    Success,    Partial,     Failed,   SkipFail,     Probes,    Samples,      min,      p50,      p90,      p95,      p99,      max, 
       TotalPurchase,     471943,          0,          0,          0,     349439,     452024,      300,     8000,   150000,   194000,   275000,   720000,
     InStorePurchase,     247966,          0,          0,          0,     183298,     236880,      300,     8000,   149000,   193000,   271000,   720000,
      OnlinePurchase,     173964,          0,          0,          0,     128588,     166387,      300,     8000,   152000,   195000,   275000,   660000,
        InstPurchase,      50013,          0,          0,          0,      37553,      48757,      300,     7500,   150000,   197000,   280000,   549000,
          AssocOfCat,        495,          0,          0,          0,        397,        598,    26000,    54000,   191100,   227800,   314050,   357000,
      AssocOfProduct,       4966,          0,          0,          0,       3387,       4461,      700,     8600,   156000,   205000,   286380,   382000,
      BusinessReport,       1235,          0,          0,          0,       1087,       1535,    28000,    59000,   205000,   260000,   328280,   418000,
          CustBuyBeh,       4970,          0,          0,          0,       3450,       4528,      200,     6700,   145000,   190550,   277000,   481000,
       ProductReturn,      13220,          0,          0,          0,       9800,      12894,      300,     7600,   146000,   193000,   267000,   394000,

  4602s: (60%)   IR =   8302 .[4604.402s][info][gc,start       ] GC(1369) Pause Young (Mixed) (G1 Evacuation Pause)
[4604.402s][info][gc,task        ] GC(1369) Using 6 workers of 6 for evacuation
[4604.542s][info][gc,phases      ] GC(1369)   Pre Evacuate Collection Set: 0.39ms
[4604.542s][info][gc,phases      ] GC(1369)   Merge Heap Roots: 0.77ms
[4604.542s][info][gc,phases      ] GC(1369)   Evacuate Collection Set: 137.55ms
[4604.542s][info][gc,phases      ] GC(1369)   Post Evacuate Collection Set: 0.93ms
[4604.542s][info][gc,phases      ] GC(1369)   Other: 0.09ms
[4604.542s][info][gc,heap        ] GC(1369) Eden regions: 1101->0(1114)
[4604.542s][info][gc,heap        ] GC(1369) Survivor regions: 112->114(152)
[4604.542s][info][gc,heap        ] GC(1369) Old regions: 540->476
[4604.542s][info][gc,heap        ] GC(1369) Humongous regions: 80->80
[4604.542s][info][gc,metaspace   ] GC(1369) Metaspace: 28904K(29312K)->28904K(29312K) NonClass: 24036K(24256K)->24036K(24256K) Class: 4868K(5056K)->4868K(5056K)
[4604.542s][info][gc             ] GC(1369) Pause Young (Mixed) (G1 Evacuation Pause) 3663M->1339M(4096M) 139.858ms
[4604.542s][info][gc,cpu         ] GC(1369) User=0.83s Sys=0.00s Real=0.14s
..[4606.702s][info][gc,start       ] GC(1370) Pause Young (Concurrent Start) (G1 Evacuation Pause)
[4606.702s][info][gc,task        ] GC(1370) Using 6 workers of 6 for evacuation
[4606.825s][info][gc,phases      ] GC(1370)   Pre Evacuate Collection Set: 0.36ms
[4606.825s][info][gc,phases      ] GC(1370)   Merge Heap Roots: 0.52ms
[4606.825s][info][gc,phases      ] GC(1370)   Evacuate Collection Set: 121.44ms
[4606.825s][info][gc,phases      ] GC(1370)   Post Evacuate Collection Set: 0.86ms
[4606.825s][info][gc,phases      ] GC(1370)   Other: 0.11ms
[4606.825s][info][gc,heap        ] GC(1370) Eden regions: 1114->0(1113)
[4606.825s][info][gc,heap        ] GC(1370) Survivor regions: 114->115(154)
[4606.825s][info][gc,heap        ] GC(1370) Old regions: 476->507
[4606.825s][info][gc,heap        ] GC(1370) Humongous regions: 80->80
[4606.825s][info][gc,metaspace   ] GC(1370) Metaspace: 28904K(29312K)->28904K(29312K) NonClass: 24036K(24256K)->24036K(24256K) Class: 4868K(5056K)->4868K(5056K)
[4606.825s][info][gc             ] GC(1370) Pause Young (Concurrent Start) (G1 Evacuation Pause) 3567M->1402M(4096M) 123.434ms
[4606.825s][info][gc             ] GC(1371) Concurrent Mark Cycle
[4606.825s][info][gc,marking     ] GC(1371) Concurrent Scan Root Regions
[4606.825s][info][gc,cpu         ] GC(1370) User=0.73s Sys=0.00s Real=0.12s
[4606.974s][info][gc,marking     ] GC(1371) Concurrent Scan Root Regions 148.444ms
[4606.974s][info][gc,marking     ] GC(1371) Concurrent Mark
[4606.974s][info][gc,marking     ] GC(1371) Concurrent Mark From Roots
[4606.974s][info][gc,task        ] GC(1371) Using 2 workers of 2 for marking
.[4607.731s][info][gc,marking     ] GC(1371) Concurrent Mark From Roots 756.833ms
[4607.731s][info][gc,marking     ] GC(1371) Concurrent Preclean
[4607.731s][info][gc,marking     ] GC(1371) Concurrent Preclean 0.096ms
[4607.733s][info][gc,start       ] GC(1371) Pause Remark
[4607.737s][info][gc             ] GC(1371) Pause Remark 2174M->2174M(4096M) 4.288ms
[4607.737s][info][gc,cpu         ] GC(1371) User=0.02s Sys=0.00s Real=0.00s
[4607.737s][info][gc,marking     ] GC(1371) Concurrent Mark 763.681ms
[4607.737s][info][gc,marking     ] GC(1371) Concurrent Rebuild Remembered Sets and Scrub Regions
[4608.004s][info][gc,marking     ] GC(1371) Concurrent Rebuild Remembered Sets and Scrub Regions 266.671ms
[4608.004s][info][gc,start       ] GC(1371) Pause Cleanup
[4608.004s][info][gc             ] GC(1371) Pause Cleanup 2421M->2421M(4096M) 0.110ms
[4608.004s][info][gc,cpu         ] GC(1371) User=0.00s Sys=0.00s Real=0.00s
[4608.005s][info][gc,marking     ] GC(1371) Concurrent Clear Claimed Marks
[4608.005s][info][gc,marking     ] GC(1371) Concurrent Clear Claimed Marks 0.032ms
[4608.005s][info][gc,marking     ] GC(1371) Concurrent Cleanup for Next Mark
[4608.012s][info][gc,marking     ] GC(1371) Concurrent Cleanup for Next Mark 7.325ms
[4608.012s][info][gc             ] GC(1371) Concurrent Mark Cycle 1186.835ms
.[4608.980s][info][gc,start       ] GC(1372) Pause Young (Prepare Mixed) (G1 Evacuation Pause)
[4608.980s][info][gc,task        ] GC(1372) Using 6 workers of 6 for evacuation
[4609.099s][info][gc,phases      ] GC(1372)   Pre Evacuate Collection Set: 0.34ms
[4609.099s][info][gc,phases      ] GC(1372)   Merge Heap Roots: 0.56ms
[4609.099s][info][gc,phases      ] GC(1372)   Evacuate Collection Set: 116.69ms
[4609.099s][info][gc,phases      ] GC(1372)   Post Evacuate Collection Set: 0.90ms
[4609.099s][info][gc,phases      ] GC(1372)   Other: 0.09ms
[4609.099s][info][gc,heap        ] GC(1372) Eden regions: 1113->0(1106)
[4609.099s][info][gc,heap        ] GC(1372) Survivor regions: 115->110(154)
[4609.099s][info][gc,heap        ] GC(1372) Old regions: 507->539
[4609.099s][info][gc,heap        ] GC(1372) Humongous regions: 80->80
[4609.099s][info][gc,metaspace   ] GC(1372) Metaspace: 28904K(29312K)->28904K(29312K) NonClass: 24036K(24256K)->24036K(24256K) Class: 4868K(5056K)->4868K(5056K)
[4609.099s][info][gc             ] GC(1372) Pause Young (Prepare Mixed) (G1 Evacuation Pause) 3628M->1456M(4096M) 118.720ms
[4609.099s][info][gc,cpu         ] GC(1372) User=0.70s Sys=0.00s Real=0.12s
..[4611.185s][info][gc,start       ] GC(1373) Pause Young (Mixed) (G1 Evacuation Pause)
[4611.185s][info][gc,task        ] GC(1373) Using 6 workers of 6 for evacuation
[4611.323s][info][gc,phases      ] GC(1373)   Pre Evacuate Collection Set: 0.33ms
[4611.323s][info][gc,phases      ] GC(1373)   Merge Heap Roots: 0.69ms
[4611.323s][info][gc,phases      ] GC(1373)   Evacuate Collection Set: 135.85ms
[4611.323s][info][gc,phases      ] GC(1373)   Post Evacuate Collection Set: 0.93ms
[4611.323s][info][gc,phases      ] GC(1373)   Other: 0.09ms
[4611.323s][info][gc,heap        ] GC(1373) Eden regions: 1106->0(1115)
[4611.323s][info][gc,heap        ] GC(1373) Survivor regions: 110->113(152)
[4611.323s][info][gc,heap        ] GC(1373) Old regions: 539->474
[4611.323s][info][gc,heap        ] GC(1373) Humongous regions: 80->80
[4611.323s][info][gc,metaspace   ] GC(1373) Metaspace: 28904K(29312K)->28904K(29312K) NonClass: 24036K(24256K)->24036K(24256K) Class: 4868K(5056K)->4868K(5056K)
[4611.323s][info][gc             ] GC(1373) Pause Young (Mixed) (G1 Evacuation Pause) 3668M->1331M(4096M) 138.026ms
[4611.323s][info][gc,cpu         ] GC(1373) User=0.82s Sys=0.00s Real=0.14s
...[4613.470s][info][gc,start       ] GC(1374) Pause Young (Concurrent Start) (G1 Evacuation Pause)
[4613.470s][info][gc,task        ] GC(1374) Using 6 workers of 6 for evacuation
[4613.588s][info][gc,phases      ] GC(1374)   Pre Evacuate Collection Set: 0.40ms
[4613.588s][info][gc,phases      ] GC(1374)   Merge Heap Roots: 0.58ms
[4613.588s][info][gc,phases      ] GC(1374)   Evacuate Collection Set: 116.57ms
[4613.588s][info][gc,phases      ] GC(1374)   Post Evacuate Collection Set: 0.86ms
[4613.588s][info][gc,phases      ] GC(1374)   Other: 0.12ms
[4613.588s][info][gc,heap        ] GC(1374) Eden regions: 1115->0(1118)
[4613.588s][info][gc,heap        ] GC(1374) Survivor regions: 113->110(154)
[4613.588s][info][gc,heap        ] GC(1374) Old regions: 474->505
[4613.588s][info][gc,heap        ] GC(1374) Humongous regions: 80->80
[4613.588s][info][gc,metaspace   ] GC(1374) Metaspace: 28904K(29312K)->28904K(29312K) NonClass: 24036K(24256K)->24036K(24256K) Class: 4868K(5056K)->4868K(5056K)
[4613.588s][info][gc             ] GC(1374) Pause Young (Concurrent Start) (G1 Evacuation Pause) 3561M->1387M(4096M) 118.675ms
[4613.588s][info][gc             ] GC(1375) Concurrent Mark Cycle
[4613.588s][info][gc,marking     ] GC(1375) Concurrent Scan Root Regions
[4613.588s][info][gc,cpu         ] GC(1374) User=0.71s Sys=0.00s Real=0.11s
[4613.765s][info][gc,marking     ] GC(1375) Concurrent Scan Root Regions 176.305ms
[4613.765s][info][gc,marking     ] GC(1375) Concurrent Mark
[4613.765s][info][gc,marking     ] GC(1375) Concurrent Mark From Roots
[4613.765s][info][gc,task        ] GC(1375) Using 2 workers of 2 for marking
.[4614.773s][info][gc,marking     ] GC(1375) Concurrent Mark From Roots 1008.628ms
[4614.773s][info][gc,marking     ] GC(1375) Concurrent Preclean
[4614.773s][info][gc,marking     ] GC(1375) Concurrent Preclean 0.093ms
[4614.776s][info][gc,start       ] GC(1375) Pause Remark
[4614.781s][info][gc             ] GC(1375) Pause Remark 2521M->2521M(4096M) 5.448ms
[4614.782s][info][gc,cpu         ] GC(1375) User=0.03s Sys=0.00s Real=0.01s
[4614.782s][info][gc,marking     ] GC(1375) Concurrent Mark 1016.950ms
[4614.782s][info][gc,marking     ] GC(1375) Concurrent Rebuild Remembered Sets and Scrub Regions
[4615.154s][info][gc,marking     ] GC(1375) Concurrent Rebuild Remembered Sets and Scrub Regions 372.232ms
[4615.154s][info][gc,start       ] GC(1375) Pause Cleanup
[4615.154s][info][gc             ] GC(1375) Pause Cleanup 2898M->2898M(4096M) 0.120ms
[4615.154s][info][gc,cpu         ] GC(1375) User=0.00s Sys=0.00s Real=0.00s
[4615.154s][info][gc,marking     ] GC(1375) Concurrent Clear Claimed Marks
[4615.154s][info][gc,marking     ] GC(1375) Concurrent Clear Claimed Marks 0.032ms
[4615.154s][info][gc,marking     ] GC(1375) Concurrent Cleanup for Next Mark
[4615.160s][info][gc,marking     ] GC(1375) Concurrent Cleanup for Next Mark 5.144ms
[4615.160s][info][gc             ] GC(1375) Concurrent Mark Cycle 1571.446ms
.[4615.721s][info][gc,start       ] GC(1376) Pause Young (Prepare Mixed) (G1 Evacuation Pause)
[4615.721s][info][gc,task        ] GC(1376) Using 6 workers of 6 for evacuation
[4615.838s][info][gc,phases      ] GC(1376)   Pre Evacuate Collection Set: 0.35ms
[4615.838s][info][gc,phases      ] GC(1376)   Merge Heap Roots: 0.54ms
[4615.838s][info][gc,phases      ] GC(1376)   Evacuate Collection Set: 115.74ms
[4615.838s][info][gc,phases      ] GC(1376)   Post Evacuate Collection Set: 0.91ms
[4615.838s][info][gc,phases      ] GC(1376)   Other: 0.08ms
[4615.838s][info][gc,heap        ] GC(1376) Eden regions: 1118->0(1112)
[4615.838s][info][gc,heap        ] GC(1376) Survivor regions: 110->108(154)
[4615.838s][info][gc,heap        ] GC(1376) Old regions: 505->537
[4615.838s][info][gc,heap        ] GC(1376) Humongous regions: 80->80
[4615.838s][info][gc,metaspace   ] GC(1376) Metaspace: 28904K(29312K)->28904K(29312K) NonClass: 24036K(24256K)->24036K(24256K) Class: 4868K(5056K)->4868K(5056K)
[4615.838s][info][gc             ] GC(1376) Pause Young (Prepare Mixed) (G1 Evacuation Pause) 3623M->1448M(4096M) 117.771ms
[4615.839s][info][gc,cpu         ] GC(1376) User=0.70s Sys=0.01s Real=0.12s
..[4617.916s][info][gc,start       ] GC(1377) Pause Young (Mixed) (G1 Evacuation Pause)
[4617.916s][info][gc,task        ] GC(1377) Using 6 workers of 6 for evacuation
[4618.059s][info][gc,phases      ] GC(1377)   Pre Evacuate Collection Set: 0.36ms
[4618.059s][info][gc,phases      ] GC(1377)   Merge Heap Roots: 0.68ms
[4618.059s][info][gc,phases      ] GC(1377)   Evacuate Collection Set: 140.34ms
[4618.059s][info][gc,phases      ] GC(1377)   Post Evacuate Collection Set: 0.89ms
[4618.059s][info][gc,phases      ] GC(1377)   Other: 0.10ms
[4618.059s][info][gc,heap        ] GC(1377) Eden regions: 1112->0(1113)
[4618.059s][info][gc,heap        ] GC(1377) Survivor regions: 108->115(153)
[4618.059s][info][gc,heap        ] GC(1377) Old regions: 537->474
[4618.059s][info][gc,heap        ] GC(1377) Humongous regions: 80->80
[4618.059s][info][gc,metaspace   ] GC(1377) Metaspace: 28904K(29312K)->28904K(29312K) NonClass: 24036K(24256K)->24036K(24256K) Class: 4868K(5056K)->4868K(5056K)
[4618.059s][info][gc             ] GC(1377) Pause Young (Mixed) (G1 Evacuation Pause) 3672M->1336M(4096M) 142.499ms
[4618.059s][info][gc,cpu         ] GC(1377) User=0.85s Sys=0.00s Real=0.15s
.|.[4620.180s][info][gc,start       ] GC(1378) Pause Young (Concurrent Start) (G1 Evacuation Pause)
[4620.180s][info][gc,task        ] GC(1378) Using 6 workers of 6 for evacuation
[4620.302s][info][gc,phases      ] GC(1378)   Pre Evacuate Collection Set: 0.40ms
[4620.302s][info][gc,phases      ] GC(1378)   Merge Heap Roots: 0.51ms
[4620.302s][info][gc,phases      ] GC(1378)   Evacuate Collection Set: 119.61ms
[4620.302s][info][gc,phases      ] GC(1378)   Post Evacuate Collection Set: 0.90ms
[4620.302s][info][gc,phases      ] GC(1378)   Other: 0.13ms
[4620.302s][info][gc,heap        ] GC(1378) Eden regions: 1113->0(1115)
[4620.302s][info][gc,heap        ] GC(1378) Survivor regions: 115->113(154)
[4620.302s][info][gc,heap        ] GC(1378) Old regions: 474->505
[4620.302s][info][gc,heap        ] GC(1378) Humongous regions: 80->80
[4620.302s][info][gc,metaspace   ] GC(1378) Metaspace: 28904K(29312K)->28904K(29312K) NonClass: 24036K(24256K)->24036K(24256K) Class: 4868K(5056K)->4868K(5056K)
[4620.302s][info][gc             ] GC(1378) Pause Young (Concurrent Start) (G1 Evacuation Pause) 3562M->1394M(4096M) 121.703ms
[4620.302s][info][gc             ] GC(1379) Concurrent Mark Cycle
[4620.302s][info][gc,marking     ] GC(1379) Concurrent Scan Root Regions
[4620.302s][info][gc,cpu         ] GC(1378) User=0.72s Sys=0.00s Real=0.12s
[4620.483s][info][gc,marking     ] GC(1379) Concurrent Scan Root Regions 181.573ms
[4620.483s][info][gc,marking     ] GC(1379) Concurrent Mark
[4620.483s][info][gc,marking     ] GC(1379) Concurrent Mark From Roots
[4620.483s][info][gc,task        ] GC(1379) Using 2 workers of 2 for marking
.[4621.422s][info][gc,marking     ] GC(1379) Concurrent Mark From Roots 938.125ms
[4621.422s][info][gc,marking     ] GC(1379) Concurrent Preclean
[4621.422s][info][gc,marking     ] GC(1379) Concurrent Preclean 0.084ms
[4621.423s][info][gc,start       ] GC(1379) Pause Remark
[4621.430s][info][gc             ] GC(1379) Pause Remark 2464M->2464M(4096M) 6.860ms
[4621.430s][info][gc,cpu         ] GC(1379) User=0.04s Sys=0.00s Real=0.01s
[4621.430s][info][gc,marking     ] GC(1379) Concurrent Mark 946.983ms
[4621.430s][info][gc,marking     ] GC(1379) Concurrent Rebuild Remembered Sets and Scrub Regions
.[4621.835s][info][gc,marking     ] GC(1379) Concurrent Rebuild Remembered Sets and Scrub Regions 404.553ms
[4621.836s][info][gc,start       ] GC(1379) Pause Cleanup
[4621.836s][info][gc             ] GC(1379) Pause Cleanup 2854M->2854M(4096M) 0.128ms
[4621.836s][info][gc,cpu         ] GC(1379) User=0.00s Sys=0.00s Real=0.00s
[4621.836s][info][gc,marking     ] GC(1379) Concurrent Clear Claimed Marks
[4621.836s][info][gc,marking     ] GC(1379) Concurrent Clear Claimed Marks 0.037ms
[4621.836s][info][gc,marking     ] GC(1379) Concurrent Cleanup for Next Mark
[4621.844s][info][gc,marking     ] GC(1379) Concurrent Cleanup for Next Mark 8.066ms
[4621.845s][info][gc             ] GC(1379) Concurrent Mark Cycle 1542.746ms
[4622.462s][info][gc,start       ] GC(1380) Pause Young (Prepare Mixed) (G1 Evacuation Pause)
[4622.462s][info][gc,task        ] GC(1380) Using 6 workers of 6 for evacuation
[4622.582s][info][gc,phases      ] GC(1380)   Pre Evacuate Collection Set: 0.34ms
[4622.582s][info][gc,phases      ] GC(1380)   Merge Heap Roots: 0.52ms
[4622.582s][info][gc,phases      ] GC(1380)   Evacuate Collection Set: 118.37ms
[4622.582s][info][gc,phases      ] GC(1380)   Post Evacuate Collection Set: 0.90ms
[4622.582s][info][gc,phases      ] GC(1380)   Other: 0.09ms
[4622.582s][info][gc,heap        ] GC(1380) Eden regions: 1115->0(1103)
[4622.582s][info][gc,heap        ] GC(1380) Survivor regions: 113->112(154)
[4622.582s][info][gc,heap        ] GC(1380) Old regions: 505->538
[4622.582s][info][gc,heap        ] GC(1380) Humongous regions: 80->80
[4622.582s][info][gc,metaspace   ] GC(1380) Metaspace: 28904K(29312K)->28904K(29312K) NonClass: 24036K(24256K)->24036K(24256K) Class: 4868K(5056K)->4868K(5056K)
[4622.582s][info][gc             ] GC(1380) Pause Young (Prepare Mixed) (G1 Evacuation Pause) 3624M->1457M(4096M) 120.370ms
[4622.582s][info][gc,cpu         ] GC(1380) User=0.71s Sys=0.00s Real=0.12s
...[4624.617s][info][gc,start       ] GC(1381) Pause Young (Mixed) (G1 Evacuation Pause)
[4624.617s][info][gc,task        ] GC(1381) Using 6 workers of 6 for evacuation
[4624.751s][info][gc,phases      ] GC(1381)   Pre Evacuate Collection Set: 0.36ms
[4624.751s][info][gc,phases      ] GC(1381)   Merge Heap Roots: 0.73ms
[4624.751s][info][gc,phases      ] GC(1381)   Evacuate Collection Set: 131.47ms
[4624.751s][info][gc,phases      ] GC(1381)   Post Evacuate Collection Set: 0.92ms
[4624.751s][info][gc,phases      ] GC(1381)   Other: 0.09ms
[4624.751s][info][gc,heap        ] GC(1381) Eden regions: 1103->0(1120)
[4624.751s][info][gc,heap        ] GC(1381) Survivor regions: 112->108(152)
[4624.751s][info][gc,heap        ] GC(1381) Old regions: 538->475
[4624.751s][info][gc,heap        ] GC(1381) Humongous regions: 80->80
[4624.751s][info][gc,metaspace   ] GC(1381) Metaspace: 28904K(29312K)->28904K(29312K) NonClass: 24036K(24256K)->24036K(24256K) Class: 4868K(5056K)->4868K(5056K)
[4624.751s][info][gc             ] GC(1381) Pause Young (Mixed) (G1 Evacuation Pause) 3663M->1323M(4096M) 133.702ms
[4624.751s][info][gc,cpu         ] GC(1381) User=0.80s Sys=0.00s Real=0.14s
..[4626.923s][info][gc,start       ] GC(1382) Pause Young (Concurrent Start) (G1 Evacuation Pause)
[4626.923s][info][gc,task        ] GC(1382) Using 6 workers of 6 for evacuation
[4627.047s][info][gc,phases      ] GC(1382)   Pre Evacuate Collection Set: 0.39ms
[4627.047s][info][gc,phases      ] GC(1382)   Merge Heap Roots: 0.52ms
[4627.047s][info][gc,phases      ] GC(1382)   Evacuate Collection Set: 122.14ms
[4627.047s][info][gc,phases      ] GC(1382)   Post Evacuate Collection Set: 0.89ms
[4627.047s][info][gc,phases      ] GC(1382)   Other: 0.13ms
[4627.047s][info][gc,heap        ] GC(1382) Eden regions: 1120->0(1114)
[4627.047s][info][gc,heap        ] GC(1382) Survivor regions: 108->114(154)
[4627.047s][info][gc,heap        ] GC(1382) Old regions: 475->507
[4627.047s][info][gc,heap        ] GC(1382) Humongous regions: 80->80
[4627.047s][info][gc,metaspace   ] GC(1382) Metaspace: 28904K(29312K)->28904K(29312K) NonClass: 24036K(24256K)->24036K(24256K) Class: 4868K(5056K)->4868K(5056K)
[4627.047s][info][gc             ] GC(1382) Pause Young (Concurrent Start) (G1 Evacuation Pause) 3563M->1399M(4096M) 124.197ms
[4627.047s][info][gc             ] GC(1383) Concurrent Mark Cycle
[4627.047s][info][gc,marking     ] GC(1383) Concurrent Scan Root Regions
[4627.047s][info][gc,cpu         ] GC(1382) User=0.73s Sys=0.00s Real=0.12s
[4627.260s][info][gc,marking     ] GC(1383) Concurrent Scan Root Regions 212.384ms
[4627.260s][info][gc,marking     ] GC(1383) Concurrent Mark
[4627.260s][info][gc,marking     ] GC(1383) Concurrent Mark From Roots
[4627.260s][info][gc,task        ] GC(1383) Using 2 workers of 2 for marking
.[4628.001s][info][gc,marking     ] GC(1383) Concurrent Mark From Roots 741.223ms
[4628.001s][info][gc,marking     ] GC(1383) Concurrent Preclean
[4628.001s][info][gc,marking     ] GC(1383) Concurrent Preclean 0.116ms
[4628.005s][info][gc,start       ] GC(1383) Pause Remark
[4628.010s][info][gc             ] GC(1383) Pause Remark 2255M->2255M(4096M) 5.177ms
[4628.010s][info][gc,cpu         ] GC(1383) User=0.03s Sys=0.00s Real=0.01s
[4628.010s][info][gc,marking     ] GC(1383) Concurrent Mark 750.219ms
[4628.010s][info][gc,marking     ] GC(1383) Concurrent Rebuild Remembered Sets and Scrub Regions
[4628.434s][info][gc,marking     ] GC(1383) Concurrent Rebuild Remembered Sets and Scrub Regions 423.659ms
[4628.434s][info][gc,start       ] GC(1383) Pause Cleanup
[4628.434s][info][gc             ] GC(1383) Pause Cleanup 2785M->2785M(4096M) 0.131ms
[4628.434s][info][gc,cpu         ] GC(1383) User=0.00s Sys=0.00s Real=0.00s
[4628.434s][info][gc,marking     ] GC(1383) Concurrent Clear Claimed Marks
[4628.434s][info][gc,marking     ] GC(1383) Concurrent Clear Claimed Marks 0.026ms
[4628.434s][info][gc,marking     ] GC(1383) Concurrent Cleanup for Next Mark
[4628.442s][info][gc,marking     ] GC(1383) Concurrent Cleanup for Next Mark 8.181ms
[4628.443s][info][gc             ] GC(1383) Concurrent Mark Cycle 1395.409ms
.[4629.157s][info][gc,start       ] GC(1384) Pause Young (Prepare Mixed) (G1 Evacuation Pause)
[4629.157s][info][gc,task        ] GC(1384) Using 6 workers of 6 for evacuation
[4629.276s][info][gc,phases      ] GC(1384)   Pre Evacuate Collection Set: 0.32ms
[4629.276s][info][gc,phases      ] GC(1384)   Merge Heap Roots: 0.51ms
[4629.276s][info][gc,phases      ] GC(1384)   Evacuate Collection Set: 116.28ms
[4629.276s][info][gc,phases      ] GC(1384)   Post Evacuate Collection Set: 0.92ms
[4629.276s][info][gc,phases      ] GC(1384)   Other: 0.08ms
[4629.276s][info][gc,heap        ] GC(1384) Eden regions: 1114->0(1105)
[4629.276s][info][gc,heap        ] GC(1384) Survivor regions: 114->111(154)
[4629.276s][info][gc,heap        ] GC(1384) Old regions: 507->538
[4629.276s][info][gc,heap        ] GC(1384) Humongous regions: 80->80
[4629.276s][info][gc,metaspace   ] GC(1384) Metaspace: 28904K(29312K)->28904K(29312K) NonClass: 24036K(24256K)->24036K(24256K) Class: 4868K(5056K)->4868K(5056K)
[4629.276s][info][gc             ] GC(1384) Pause Young (Prepare Mixed) (G1 Evacuation Pause) 3627M->1456M(4096M) 118.272ms
[4629.276s][info][gc,cpu         ] GC(1384) User=0.70s Sys=0.00s Real=0.12s
..[4631.350s][info][gc,start       ] GC(1385) Pause Young (Mixed) (G1 Evacuation Pause)
[4631.350s][info][gc,task        ] GC(1385) Using 6 workers of 6 for evacuation
[4631.485s][info][gc,phases      ] GC(1385)   Pre Evacuate Collection Set: 0.36ms
[4631.485s][info][gc,phases      ] GC(1385)   Merge Heap Roots: 0.70ms
[4631.485s][info][gc,phases      ] GC(1385)   Evacuate Collection Set: 133.20ms
[4631.485s][info][gc,phases      ] GC(1385)   Post Evacuate Collection Set: 0.94ms
[4631.485s][info][gc,phases      ] GC(1385)   Other: 0.09ms
[4631.485s][info][gc,heap        ] GC(1385) Eden regions: 1105->0(1116)
[4631.485s][info][gc,heap        ] GC(1385) Survivor regions: 111->112(152)
[4631.485s][info][gc,heap        ] GC(1385) Old regions: 538->473
[4631.485s][info][gc,heap        ] GC(1385) Humongous regions: 80->80
[4631.485s][info][gc,metaspace   ] GC(1385) Metaspace: 28904K(29312K)->28904K(29312K) NonClass: 24036K(24256K)->24036K(24256K) Class: 4868K(5056K)->4868K(5056K)
[4631.485s][info][gc             ] GC(1385) Pause Young (Mixed) (G1 Evacuation Pause) 3666M->1329M(4096M) 135.419ms
[4631.485s][info][gc,cpu         ] GC(1385) User=0.81s Sys=0.01s Real=0.13s
..[4633.526s][info][gc,start       ] GC(1386) Pause Young (Concurrent Start) (G1 Evacuation Pause)
[4633.526s][info][gc,task        ] GC(1386) Using 6 workers of 6 for evacuation
[4633.648s][info][gc,phases      ] GC(1386)   Pre Evacuate Collection Set: 0.34ms
[4633.648s][info][gc,phases      ] GC(1386)   Merge Heap Roots: 0.46ms
[4633.648s][info][gc,phases      ] GC(1386)   Evacuate Collection Set: 120.45ms
[4633.648s][info][gc,phases      ] GC(1386)   Post Evacuate Collection Set: 0.77ms
[4633.648s][info][gc,phases      ] GC(1386)   Other: 0.10ms
[4633.648s][info][gc,heap        ] GC(1386) Eden regions: 1116->0(1116)
[4633.648s][info][gc,heap        ] GC(1386) Survivor regions: 112->112(154)
[4633.648s][info][gc,heap        ] GC(1386) Old regions: 473->505
[4633.648s][info][gc,heap        ] GC(1386) Humongous regions: 80->80
[4633.648s][info][gc,metaspace   ] GC(1386) Metaspace: 28904K(29312K)->28904K(29312K) NonClass: 24036K(24256K)->24036K(24256K) Class: 4868K(5056K)->4868K(5056K)
[4633.648s][info][gc             ] GC(1386) Pause Young (Concurrent Start) (G1 Evacuation Pause) 3561M->1392M(4096M) 122.258ms
[4633.648s][info][gc             ] GC(1387) Concurrent Mark Cycle
[4633.648s][info][gc,marking     ] GC(1387) Concurrent Scan Root Regions
[4633.648s][info][gc,cpu         ] GC(1386) User=0.73s Sys=0.00s Real=0.12s
.[4633.763s][info][gc,marking     ] GC(1387) Concurrent Scan Root Regions 114.721ms
[4633.763s][info][gc,marking     ] GC(1387) Concurrent Mark
[4633.763s][info][gc,marking     ] GC(1387) Concurrent Mark From Roots
[4633.763s][info][gc,task        ] GC(1387) Using 2 workers of 2 for marking
[4634.358s][info][gc,marking     ] GC(1387) Concurrent Mark From Roots 594.759ms
[4634.358s][info][gc,marking     ] GC(1387) Concurrent Preclean
[4634.358s][info][gc,marking     ] GC(1387) Concurrent Preclean 0.111ms
[4634.400s][info][gc,start       ] GC(1387) Pause Remark
[4634.405s][info][gc             ] GC(1387) Pause Remark 1990M->1990M(4096M) 4.668ms
[4634.405s][info][gc,cpu         ] GC(1387) User=0.03s Sys=0.00s Real=0.00s
[4634.405s][info][gc,marking     ] GC(1387) Concurrent Mark 641.683ms
[4634.405s][info][gc,marking     ] GC(1387) Concurrent Rebuild Remembered Sets and Scrub Regions
[4634.723s][info][gc,marking     ] GC(1387) Concurrent Rebuild Remembered Sets and Scrub Regions 317.814ms
[4634.723s][info][gc,start       ] GC(1387) Pause Cleanup
[4634.723s][info][gc             ] GC(1387) Pause Cleanup 2256M->2256M(4096M) 0.109ms
[4634.723s][info][gc,cpu         ] GC(1387) User=0.00s Sys=0.00s Real=0.00s
[4634.723s][info][gc,marking     ] GC(1387) Concurrent Clear Claimed Marks
[4634.723s][info][gc,marking     ] GC(1387) Concurrent Clear Claimed Marks 0.022ms
[4634.723s][info][gc,marking     ] GC(1387) Concurrent Cleanup for Next Mark
[4634.728s][info][gc,marking     ] GC(1387) Concurrent Cleanup for Next Mark 5.016ms
[4634.728s][info][gc             ] GC(1387) Concurrent Mark Cycle 1079.658ms
..[4635.877s][info][gc,start       ] GC(1388) Pause Young (Prepare Mixed) (G1 Evacuation Pause)
[4635.877s][info][gc,task        ] GC(1388) Using 6 workers of 6 for evacuation
[4635.993s][info][gc,phases      ] GC(1388)   Pre Evacuate Collection Set: 0.33ms
[4635.993s][info][gc,phases      ] GC(1388)   Merge Heap Roots: 0.52ms
[4635.993s][info][gc,phases      ] GC(1388)   Evacuate Collection Set: 114.78ms
[4635.993s][info][gc,phases      ] GC(1388)   Post Evacuate Collection Set: 0.94ms
[4635.993s][info][gc,phases      ] GC(1388)   Other: 0.09ms
[4635.993s][info][gc,heap        ] GC(1388) Eden regions: 1116->0(1111)
[4635.993s][info][gc,heap        ] GC(1388) Survivor regions: 112->108(154)
[4635.993s][info][gc,heap        ] GC(1388) Old regions: 505->538
[4635.993s][info][gc,heap        ] GC(1388) Humongous regions: 80->80
[4635.993s][info][gc,metaspace   ] GC(1388) Metaspace: 28904K(29312K)->28904K(29312K) NonClass: 24036K(24256K)->24036K(24256K) Class: 4868K(5056K)->4868K(5056K)
[4635.993s][info][gc             ] GC(1388) Pause Young (Prepare Mixed) (G1 Evacuation Pause) 3624M->1449M(4096M) 116.798ms
[4635.993s][info][gc,cpu         ] GC(1388) User=0.69s Sys=0.00s Real=0.12s
..[4638.046s][info][gc,start       ] GC(1389) Pause Young (Mixed) (G1 Evacuation Pause)
[4638.046s][info][gc,task        ] GC(1389) Using 6 workers of 6 for evacuation
[4638.179s][info][gc,phases      ] GC(1389)   Pre Evacuate Collection Set: 0.39ms
[4638.179s][info][gc,phases      ] GC(1389)   Merge Heap Roots: 0.74ms
[4638.179s][info][gc,phases      ] GC(1389)   Evacuate Collection Set: 130.20ms
[4638.179s][info][gc,phases      ] GC(1389)   Post Evacuate Collection Set: 0.85ms
[4638.179s][info][gc,phases      ] GC(1389)   Other: 0.09ms
[4638.179s][info][gc,heap        ] GC(1389) Eden regions: 1111->0(1118)
[4638.179s][info][gc,heap        ] GC(1389) Survivor regions: 108->110(153)
[4638.179s][info][gc,heap        ] GC(1389) Old regions: 538->475
[4638.179s][info][gc,heap        ] GC(1389) Humongous regions: 80->80
[4638.179s][info][gc,metaspace   ] GC(1389) Metaspace: 28904K(29312K)->28904K(29312K) NonClass: 24036K(24256K)->24036K(24256K) Class: 4868K(5056K)->4868K(5056K)
[4638.179s][info][gc             ] GC(1389) Pause Young (Mixed) (G1 Evacuation Pause) 3671M->1328M(4096M) 132.405ms
[4638.179s][info][gc,cpu         ] GC(1389) User=0.79s Sys=0.00s Real=0.14s
..[4640.328s][info][gc,start       ] GC(1390) Pause Young (Concurrent Start) (G1 Evacuation Pause)
[4640.328s][info][gc,task        ] GC(1390) Using 6 workers of 6 for evacuation
[4640.449s][info][gc,phases      ] GC(1390)   Pre Evacuate Collection Set: 0.39ms
[4640.449s][info][gc,phases      ] GC(1390)   Merge Heap Roots: 0.49ms
[4640.449s][info][gc,phases      ] GC(1390)   Evacuate Collection Set: 118.29ms
[4640.449s][info][gc,phases      ] GC(1390)   Post Evacuate Collection Set: 0.90ms
[4640.449s][info][gc,phases      ] GC(1390)   Other: 0.10ms
[4640.449s][info][gc,heap        ] GC(1390) Eden regions: 1118->0(1116)
[4640.449s][info][gc,heap        ] GC(1390) Survivor regions: 110->112(154)
[4640.449s][info][gc,heap        ] GC(1390) Old regions: 475->507
[4640.449s][info][gc,heap        ] GC(1390) Humongous regions: 80->80
[4640.449s][info][gc,metaspace   ] GC(1390) Metaspace: 28904K(29312K)->28904K(29312K) NonClass: 24036K(24256K)->24036K(24256K) Class: 4868K(5056K)->4868K(5056K)
[4640.449s][info][gc             ] GC(1390) Pause Young (Concurrent Start) (G1 Evacuation Pause) 3564M->1396M(4096M) 120.321ms
[4640.449s][info][gc             ] GC(1391) Concurrent Mark Cycle
[4640.449s][info][gc,marking     ] GC(1391) Concurrent Scan Root Regions
[4640.449s][info][gc,cpu         ] GC(1390) User=0.71s Sys=0.00s Real=0.13s
[4640.629s][info][gc,marking     ] GC(1391) Concurrent Scan Root Regions 180.653ms
[4640.629s][info][gc,marking     ] GC(1391) Concurrent Mark
[4640.629s][info][gc,marking     ] GC(1391) Concurrent Mark From Roots
[4640.629s][info][gc,task        ] GC(1391) Using 2 workers of 2 for marking
.[4641.338s][info][gc,marking     ] GC(1391) Concurrent Mark From Roots 708.756ms
[4641.338s][info][gc,marking     ] GC(1391) Concurrent Preclean
[4641.338s][info][gc,marking     ] GC(1391) Concurrent Preclean 0.091ms
[4641.339s][info][gc,start       ] GC(1391) Pause Remark
[4641.343s][info][gc             ] GC(1391) Pause Remark 2181M->2181M(4096M) 4.476ms
[4641.343s][info][gc,cpu         ] GC(1391) User=0.02s Sys=0.00s Real=0.00s
[4641.344s][info][gc,marking     ] GC(1391) Concurrent Mark 714.516ms
[4641.344s][info][gc,marking     ] GC(1391) Concurrent Rebuild Remembered Sets and Scrub Regions
[4641.674s][info][gc,marking     ] GC(1391) Concurrent Rebuild Remembered Sets and Scrub Regions 330.025ms
[4641.674s][info][gc,start       ] GC(1391) Pause Cleanup
[4641.674s][info][gc             ] GC(1391) Pause Cleanup 2516M->2516M(4096M) 0.117ms
[4641.674s][info][gc,cpu         ] GC(1391) User=0.00s Sys=0.00s Real=0.00s
[4641.674s][info][gc,marking     ] GC(1391) Concurrent Clear Claimed Marks
[4641.675s][info][gc,marking     ] GC(1391) Concurrent Clear Claimed Marks 0.040ms
[4641.675s][info][gc,marking     ] GC(1391) Concurrent Cleanup for Next Mark
[4641.679s][info][gc,marking     ] GC(1391) Concurrent Cleanup for Next Mark 4.861ms
[4641.679s][info][gc             ] GC(1391) Concurrent Mark Cycle 1230.717ms
.[4642.592s][info][gc,start       ] GC(1392) Pause Young (Prepare Mixed) (G1 Evacuation Pause)
[4642.592s][info][gc,task        ] GC(1392) Using 6 workers of 6 for evacuation
[4642.711s][info][gc,phases      ] GC(1392)   Pre Evacuate Collection Set: 0.30ms
[4642.711s][info][gc,phases      ] GC(1392)   Merge Heap Roots: 0.61ms
[4642.711s][info][gc,phases      ] GC(1392)   Evacuate Collection Set: 117.00ms
[4642.711s][info][gc,phases      ] GC(1392)   Post Evacuate Collection Set: 0.91ms
[4642.711s][info][gc,phases      ] GC(1392)   Other: 0.09ms
[4642.711s][info][gc,heap        ] GC(1392) Eden regions: 1116->0(1107)
[4642.711s][info][gc,heap        ] GC(1392) Survivor regions: 112->110(154)
[4642.711s][info][gc,heap        ] GC(1392) Old regions: 507->538
[4642.711s][info][gc,heap        ] GC(1392) Humongous regions: 80->80
[4642.711s][info][gc,metaspace   ] GC(1392) Metaspace: 28904K(29312K)->28904K(29312K) NonClass: 24036K(24256K)->24036K(24256K) Class: 4868K(5056K)->4868K(5056K)
[4642.711s][info][gc             ] GC(1392) Pause Young (Prepare Mixed) (G1 Evacuation Pause) 3628M->1454M(4096M) 119.040ms
[4642.711s][info][gc,cpu         ] GC(1392) User=0.71s Sys=0.00s Real=0.12s
..[4644.807s][info][gc,start       ] GC(1393) Pause Young (Mixed) (G1 Evacuation Pause)
[4644.807s][info][gc,task        ] GC(1393) Using 6 workers of 6 for evacuation
[4644.945s][info][gc,phases      ] GC(1393)   Pre Evacuate Collection Set: 0.36ms
[4644.945s][info][gc,phases      ] GC(1393)   Merge Heap Roots: 0.78ms
[4644.945s][info][gc,phases      ] GC(1393)   Evacuate Collection Set: 136.21ms
[4644.945s][info][gc,phases      ] GC(1393)   Post Evacuate Collection Set: 0.93ms
[4644.945s][info][gc,phases      ] GC(1393)   Other: 0.09ms
[4644.945s][info][gc,heap        ] GC(1393) Eden regions: 1107->0(1117)
[4644.945s][info][gc,heap        ] GC(1393) Survivor regions: 110->111(153)
[4644.945s][info][gc,heap        ] GC(1393) Old regions: 538->474
[4644.945s][info][gc,heap        ] GC(1393) Humongous regions: 80->80
[4644.945s][info][gc,metaspace   ] GC(1393) Metaspace: 28904K(29312K)->28904K(29312K) NonClass: 24036K(24256K)->24036K(24256K) Class: 4868K(5056K)->4868K(5056K)
[4644.945s][info][gc             ] GC(1393) Pause Young (Mixed) (G1 Evacuation Pause) 3668M->1327M(4096M) 138.507ms
[4644.945s][info][gc,cpu         ] GC(1393) User=0.83s Sys=0.00s Real=0.14s
..[4647.058s][info][gc,start       ] GC(1394) Pause Young (Concurrent Start) (G1 Evacuation Pause)
[4647.058s][info][gc,task        ] GC(1394) Using 6 workers of 6 for evacuation
[4647.178s][info][gc,phases      ] GC(1394)   Pre Evacuate Collection Set: 0.37ms
[4647.178s][info][gc,phases      ] GC(1394)   Merge Heap Roots: 0.49ms
[4647.178s][info][gc,phases      ] GC(1394)   Evacuate Collection Set: 118.33ms
[4647.178s][info][gc,phases      ] GC(1394)   Post Evacuate Collection Set: 0.88ms
[4647.178s][info][gc,phases      ] GC(1394)   Other: 0.12ms
[4647.178s][info][gc,heap        ] GC(1394) Eden regions: 1117->0(1117)
[4647.178s][info][gc,heap        ] GC(1394) Survivor regions: 111->111(154)
[4647.178s][info][gc,heap        ] GC(1394) Old regions: 474->506
[4647.178s][info][gc,heap        ] GC(1394) Humongous regions: 80->80
[4647.178s][info][gc,metaspace   ] GC(1394) Metaspace: 28904K(29312K)->28904K(29312K) NonClass: 24036K(24256K)->24036K(24256K) Class: 4868K(5056K)->4868K(5056K)
[4647.178s][info][gc             ] GC(1394) Pause Young (Concurrent Start) (G1 Evacuation Pause) 3561M->1392M(4096M) 120.323ms
[4647.178s][info][gc             ] GC(1395) Concurrent Mark Cycle
[4647.178s][info][gc,marking     ] GC(1395) Concurrent Scan Root Regions
[4647.178s][info][gc,cpu         ] GC(1394) User=0.72s Sys=0.00s Real=0.12s
.[4647.367s][info][gc,marking     ] GC(1395) Concurrent Scan Root Regions 188.590ms
[4647.367s][info][gc,marking     ] GC(1395) Concurrent Mark
[4647.367s][info][gc,marking     ] GC(1395) Concurrent Mark From Roots
[4647.367s][info][gc,task        ] GC(1395) Using 2 workers of 2 for marking
.[4648.317s][info][gc,marking     ] GC(1395) Concurrent Mark From Roots 950.306ms
[4648.317s][info][gc,marking     ] GC(1395) Concurrent Preclean
[4648.317s][info][gc,marking     ] GC(1395) Concurrent Preclean 0.081ms
[4648.318s][info][gc,start       ] GC(1395) Pause Remark
[4648.325s][info][gc             ] GC(1395) Pause Remark 2490M->2490M(4096M) 6.474ms
[4648.325s][info][gc,cpu         ] GC(1395) User=0.04s Sys=0.00s Real=0.01s
[4648.325s][info][gc,marking     ] GC(1395) Concurrent Mark 958.557ms
[4648.325s][info][gc,marking     ] GC(1395) Concurrent Rebuild Remembered Sets and Scrub Regions
[4648.751s][info][gc,marking     ] GC(1395) Concurrent Rebuild Remembered Sets and Scrub Regions 425.834ms
[4648.753s][info][gc,start       ] GC(1395) Pause Cleanup
[4648.753s][info][gc             ] GC(1395) Pause Cleanup 2904M->2904M(4096M) 0.130ms
[4648.753s][info][gc,cpu         ] GC(1395) User=0.00s Sys=0.00s Real=0.00s
[4648.753s][info][gc,marking     ] GC(1395) Concurrent Clear Claimed Marks
[4648.753s][info][gc,marking     ] GC(1395) Concurrent Clear Claimed Marks 0.030ms
[4648.753s][info][gc,marking     ] GC(1395) Concurrent Cleanup for Next Mark
[4648.759s][info][gc,marking     ] GC(1395) Concurrent Cleanup for Next Mark 6.459ms
[4648.760s][info][gc             ] GC(1395) Concurrent Mark Cycle 1581.308ms
.[4649.304s][info][gc,start       ] GC(1396) Pause Young (Prepare Mixed) (G1 Evacuation Pause)
[4649.304s][info][gc,task        ] GC(1396) Using 6 workers of 6 for evacuation
[4649.426s][info][gc,phases      ] GC(1396)   Pre Evacuate Collection Set: 0.31ms
[4649.427s][info][gc,phases      ] GC(1396)   Merge Heap Roots: 0.55ms
[4649.427s][info][gc,phases      ] GC(1396)   Evacuate Collection Set: 120.70ms
[4649.427s][info][gc,phases      ] GC(1396)   Post Evacuate Collection Set: 0.92ms
[4649.427s][info][gc,phases      ] GC(1396)   Other: 0.09ms
[4649.427s][info][gc,heap        ] GC(1396) Eden regions: 1117->0(1096)
[4649.427s][info][gc,heap        ] GC(1396) Survivor regions: 111->116(154)
[4649.427s][info][gc,heap        ] GC(1396) Old regions: 506->537
[4649.427s][info][gc,heap        ] GC(1396) Humongous regions: 80->80
[4649.427s][info][gc,metaspace   ] GC(1396) Metaspace: 28904K(29312K)->28904K(29312K) NonClass: 24036K(24256K)->24036K(24256K) Class: 4868K(5056K)->4868K(5056K)
[4649.427s][info][gc             ] GC(1396) Pause Young (Prepare Mixed) (G1 Evacuation Pause) 3626M->1464M(4096M) 122.730ms
[4649.427s][info][gc,cpu         ] GC(1396) User=0.72s Sys=0.01s Real=0.12s
..[4651.513s][info][gc,start       ] GC(1397) Pause Young (Mixed) (G1 Evacuation Pause)
[4651.513s][info][gc,task        ] GC(1397) Using 6 workers of 6 for evacuation
[4651.646s][info][gc,phases      ] GC(1397)   Pre Evacuate Collection Set: 0.39ms
[4651.646s][info][gc,phases      ] GC(1397)   Merge Heap Roots: 0.75ms
[4651.646s][info][gc,phases      ] GC(1397)   Evacuate Collection Set: 130.69ms
[4651.646s][info][gc,phases      ] GC(1397)   Post Evacuate Collection Set: 0.96ms
[4651.646s][info][gc,phases      ] GC(1397)   Other: 0.09ms
[4651.646s][info][gc,heap        ] GC(1397) Eden regions: 1096->0(1122)
[4651.646s][info][gc,heap        ] GC(1397) Survivor regions: 116->106(152)
[4651.646s][info][gc,heap        ] GC(1397) Old regions: 537->475
[4651.646s][info][gc,heap        ] GC(1397) Humongous regions: 80->80
[4651.646s][info][gc,metaspace   ] GC(1397) Metaspace: 28904K(29312K)->28904K(29312K) NonClass: 24036K(24256K)->24036K(24256K) Class: 4868K(5056K)->4868K(5056K)
[4651.646s][info][gc             ] GC(1397) Pause Young (Mixed) (G1 Evacuation Pause) 3656M->1320M(4096M) 133.017ms
[4651.646s][info][gc,cpu         ] GC(1397) User=0.79s Sys=0.00s Real=0.13s
..[4653.790s][info][gc,start       ] GC(1398) Pause Young (Concurrent Start) (G1 Evacuation Pause)
[4653.790s][info][gc,task        ] GC(1398) Using 6 workers of 6 for evacuation
[4653.907s][info][gc,phases      ] GC(1398)   Pre Evacuate Collection Set: 0.39ms
[4653.907s][info][gc,phases      ] GC(1398)   Merge Heap Roots: 0.50ms
[4653.907s][info][gc,phases      ] GC(1398)   Evacuate Collection Set: 115.24ms
[4653.907s][info][gc,phases      ] GC(1398)   Post Evacuate Collection Set: 0.87ms
[4653.907s][info][gc,phases      ] GC(1398)   Other: 0.12ms
[4653.907s][info][gc,heap        ] GC(1398) Eden regions: 1122->0(1120)
[4653.907s][info][gc,heap        ] GC(1398) Survivor regions: 106->108(154)
[4653.907s][info][gc,heap        ] GC(1398) Old regions: 475->506
[4653.907s][info][gc,heap        ] GC(1398) Humongous regions: 80->80
[4653.907s][info][gc,metaspace   ] GC(1398) Metaspace: 28904K(29312K)->28904K(29312K) NonClass: 24036K(24256K)->24036K(24256K) Class: 4868K(5056K)->4868K(5056K)
[4653.907s][info][gc             ] GC(1398) Pause Young (Concurrent Start) (G1 Evacuation Pause) 3564M->1386M(4096M) 117.248ms
[4653.907s][info][gc             ] GC(1399) Concurrent Mark Cycle
[4653.907s][info][gc,marking     ] GC(1399) Concurrent Scan Root Regions
[4653.907s][info][gc,cpu         ] GC(1398) User=0.70s Sys=0.00s Real=0.11s
[4654.161s][info][gc,marking     ] GC(1399) Concurrent Scan Root Regions 253.578ms
[4654.161s][info][gc,marking     ] GC(1399) Concurrent Mark
[4654.161s][info][gc,marking     ] GC(1399) Concurrent Mark From Roots
[4654.161s][info][gc,task        ] GC(1399) Using 2 workers of 2 for marking
.[4655.126s][info][gc,marking     ] GC(1399) Concurrent Mark From Roots 965.029ms
[4655.126s][info][gc,marking     ] GC(1399) Concurrent Preclean
[4655.126s][info][gc,marking     ] GC(1399) Concurrent Preclean 0.092ms
[4655.129s][info][gc,start       ] GC(1399) Pause Remark
[4655.136s][info][gc             ] GC(1399) Pause Remark 2576M->2576M(4096M) 6.572ms
[4655.136s][info][gc,cpu         ] GC(1399) User=0.04s Sys=0.00s Real=0.00s
[4655.136s][info][gc,marking     ] GC(1399) Concurrent Mark 975.473ms
[4655.136s][info][gc,marking     ] GC(1399) Concurrent Rebuild Remembered Sets and Scrub Regions
.[4655.536s][info][gc,marking     ] GC(1399) Concurrent Rebuild Remembered Sets and Scrub Regions 399.775ms
[4655.538s][info][gc,start       ] GC(1399) Pause Cleanup
[4655.538s][info][gc             ] GC(1399) Pause Cleanup 3054M->3054M(4096M) 0.130ms
[4655.538s][info][gc,cpu         ] GC(1399) User=0.00s Sys=0.00s Real=0.00s
[4655.538s][info][gc,marking     ] GC(1399) Concurrent Clear Claimed Marks
[4655.538s][info][gc,marking     ] GC(1399) Concurrent Clear Claimed Marks 0.037ms
[4655.538s][info][gc,marking     ] GC(1399) Concurrent Cleanup for Next Mark
[4655.547s][info][gc,marking     ] GC(1399) Concurrent Cleanup for Next Mark 8.811ms
[4655.547s][info][gc             ] GC(1399) Concurrent Mark Cycle 1639.678ms
[4656.017s][info][gc,start       ] GC(1400) Pause Young (Prepare Mixed) (G1 Evacuation Pause)
[4656.017s][info][gc,task        ] GC(1400) Using 6 workers of 6 for evacuation
[4656.137s][info][gc,phases      ] GC(1400)   Pre Evacuate Collection Set: 0.30ms
[4656.137s][info][gc,phases      ] GC(1400)   Merge Heap Roots: 0.51ms
[4656.137s][info][gc,phases      ] GC(1400)   Evacuate Collection Set: 118.35ms
[4656.137s][info][gc,phases      ] GC(1400)   Post Evacuate Collection Set: 0.92ms
[4656.137s][info][gc,phases      ] GC(1400)   Other: 0.09ms
[4656.137s][info][gc,heap        ] GC(1400) Eden regions: 1120->0(1101)
[4656.137s][info][gc,heap        ] GC(1400) Survivor regions: 108->113(154)
[4656.137s][info][gc,heap        ] GC(1400) Old regions: 506->538
[4656.137s][info][gc,heap        ] GC(1400) Humongous regions: 80->80
[4656.137s][info][gc,metaspace   ] GC(1400) Metaspace: 28904K(29312K)->28904K(29312K) NonClass: 24036K(24256K)->24036K(24256K) Class: 4868K(5056K)->4868K(5056K)
[4656.137s][info][gc             ] GC(1400) Pause Young (Prepare Mixed) (G1 Evacuation Pause) 3626M->1459M(4096M) 120.300ms
[4656.137s][info][gc,cpu         ] GC(1400) User=0.72s Sys=0.00s Real=0.12s
..[4658.273s][info][gc,start       ] GC(1401) Pause Young (Mixed) (G1 Evacuation Pause)
[4658.273s][info][gc,task        ] GC(1401) Using 6 workers of 6 for evacuation
[4658.413s][info][gc,phases      ] GC(1401)   Pre Evacuate Collection Set: 0.37ms
[4658.413s][info][gc,phases      ] GC(1401)   Merge Heap Roots: 0.71ms
[4658.413s][info][gc,phases      ] GC(1401)   Evacuate Collection Set: 137.91ms
[4658.413s][info][gc,phases      ] GC(1401)   Post Evacuate Collection Set: 0.95ms
[4658.413s][info][gc,phases      ] GC(1401)   Other: 0.09ms
[4658.413s][info][gc,heap        ] GC(1401) Eden regions: 1101->0(1113)
[4658.413s][info][gc,heap        ] GC(1401) Survivor regions: 113->115(152)
[4658.413s][info][gc,heap        ] GC(1401) Old regions: 538->474
[4658.413s][info][gc,heap        ] GC(1401) Humongous regions: 80->80
[4658.413s][info][gc,metaspace   ] GC(1401) Metaspace: 28904K(29312K)->28904K(29312K) NonClass: 24036K(24256K)->24036K(24256K) Class: 4868K(5056K)->4868K(5056K)
[4658.413s][info][gc             ] GC(1401) Pause Young (Mixed) (G1 Evacuation Pause) 3661M->1337M(4096M) 140.164ms
[4658.413s][info][gc,cpu         ] GC(1401) User=0.83s Sys=0.00s Real=0.14s
..[4660.490s][info][gc,start       ] GC(1402) Pause Young (Concurrent Start) (G1 Evacuation Pause)
[4660.490s][info][gc,task        ] GC(1402) Using 6 workers of 6 for evacuation
[4660.611s][info][gc,phases      ] GC(1402)   Pre Evacuate Collection Set: 0.33ms
[4660.611s][info][gc,phases      ] GC(1402)   Merge Heap Roots: 0.47ms
[4660.611s][info][gc,phases      ] GC(1402)   Evacuate Collection Set: 119.16ms
[4660.611s][info][gc,phases      ] GC(1402)   Post Evacuate Collection Set: 0.88ms
[4660.611s][info][gc,phases      ] GC(1402)   Other: 0.12ms
[4660.611s][info][gc,heap        ] GC(1402) Eden regions: 1113->0(1116)
[4660.611s][info][gc,heap        ] GC(1402) Survivor regions: 115->112(154)
[4660.611s][info][gc,heap        ] GC(1402) Old regions: 474->506
[4660.611s][info][gc,heap        ] GC(1402) Humongous regions: 80->80
[4660.611s][info][gc,metaspace   ] GC(1402) Metaspace: 28904K(29312K)->28904K(29312K) NonClass: 24036K(24256K)->24036K(24256K) Class: 4868K(5056K)->4868K(5056K)
[4660.611s][info][gc             ] GC(1402) Pause Young (Concurrent Start) (G1 Evacuation Pause) 3563M->1394M(4096M) 121.100ms
[4660.611s][info][gc             ] GC(1403) Concurrent Mark Cycle
[4660.611s][info][gc,marking     ] GC(1403) Concurrent Scan Root Regions
[4660.611s][info][gc,cpu         ] GC(1402) User=0.72s Sys=0.00s Real=0.12s
.[4660.835s][info][gc,marking     ] GC(1403) Concurrent Scan Root Regions 223.914ms
[4660.835s][info][gc,marking     ] GC(1403) Concurrent Mark
[4660.835s][info][gc,marking     ] GC(1403) Concurrent Mark From Roots
[4660.835s][info][gc,task        ] GC(1403) Using 2 workers of 2 for marking
[4661.609s][info][gc,marking     ] GC(1403) Concurrent Mark From Roots 774.116ms
[4661.614s][info][gc,marking     ] GC(1403) Concurrent Preclean
[4661.614s][info][gc,marking     ] GC(1403) Concurrent Preclean 0.122ms
[4661.615s][info][gc,start       ] GC(1403) Pause Remark
[4661.621s][info][gc             ] GC(1403) Pause Remark 2348M->2348M(4096M) 5.690ms
[4661.621s][info][gc,cpu         ] GC(1403) User=0.04s Sys=0.00s Real=0.01s
[4661.622s][info][gc,marking     ] GC(1403) Concurrent Mark 786.705ms
[4661.622s][info][gc,marking     ] GC(1403) Concurrent Rebuild Remembered Sets and Scrub Regions
.[4662.091s][info][gc,marking     ] GC(1403) Concurrent Rebuild Remembered Sets and Scrub Regions 469.545ms
[4662.095s][info][gc,start       ] GC(1403) Pause Cleanup
[4662.095s][info][gc             ] GC(1403) Pause Cleanup 2882M->2882M(4096M) 0.136ms
[4662.095s][info][gc,cpu         ] GC(1403) User=0.00s Sys=0.00s Real=0.00s
[4662.095s][info][gc,marking     ] GC(1403) Concurrent Clear Claimed Marks
[4662.095s][info][gc,marking     ] GC(1403) Concurrent Clear Claimed Marks 0.030ms
[4662.095s][info][gc,marking     ] GC(1403) Concurrent Cleanup for Next Mark
[4662.104s][info][gc,marking     ] GC(1403) Concurrent Cleanup for Next Mark 9.000ms
[4662.104s][info][gc             ] GC(1403) Concurrent Mark Cycle 1492.742ms
[4662.764s][info][gc,start       ] GC(1404) Pause Young (Prepare Mixed) (G1 Evacuation Pause)
[4662.764s][info][gc,task        ] GC(1404) Using 6 workers of 6 for evacuation
[4662.883s][info][gc,phases      ] GC(1404)   Pre Evacuate Collection Set: 0.32ms
[4662.883s][info][gc,phases      ] GC(1404)   Merge Heap Roots: 0.54ms
[4662.883s][info][gc,phases      ] GC(1404)   Evacuate Collection Set: 116.76ms
[4662.883s][info][gc,phases      ] GC(1404)   Post Evacuate Collection Set: 0.89ms
[4662.883s][info][gc,phases      ] GC(1404)   Other: 0.09ms
[4662.883s][info][gc,heap        ] GC(1404) Eden regions: 1116->0(1109)
[4662.883s][info][gc,heap        ] GC(1404) Survivor regions: 112->109(154)
[4662.883s][info][gc,heap        ] GC(1404) Old regions: 506->538
[4662.883s][info][gc,heap        ] GC(1404) Humongous regions: 80->80
[4662.883s][info][gc,metaspace   ] GC(1404) Metaspace: 28904K(29312K)->28904K(29312K) NonClass: 24036K(24256K)->24036K(24256K) Class: 4868K(5056K)->4868K(5056K)
[4662.883s][info][gc             ] GC(1404) Pause Young (Prepare Mixed) (G1 Evacuation Pause) 3626M->1452M(4096M) 118.745ms
[4662.883s][info][gc,cpu         ] GC(1404) User=0.71s Sys=0.00s Real=0.12s
..[4664.952s][info][gc,start       ] GC(1405) Pause Young (Mixed) (G1 Evacuation Pause)
[4664.953s][info][gc,task        ] GC(1405) Using 6 workers of 6 for evacuation
[4665.091s][info][gc,phases      ] GC(1405)   Pre Evacuate Collection Set: 0.36ms
[4665.091s][info][gc,phases      ] GC(1405)   Merge Heap Roots: 0.69ms
[4665.091s][info][gc,phases      ] GC(1405)   Evacuate Collection Set: 135.95ms
[4665.091s][info][gc,phases      ] GC(1405)   Post Evacuate Collection Set: 0.89ms
[4665.091s][info][gc,phases      ] GC(1405)   Other: 0.10ms
[4665.091s][info][gc,heap        ] GC(1405) Eden regions: 1109->0(1114)
[4665.091s][info][gc,heap        ] GC(1405) Survivor regions: 109->114(153)
[4665.091s][info][gc,heap        ] GC(1405) Old regions: 538->473
[4665.091s][info][gc,heap        ] GC(1405) Humongous regions: 80->80
[4665.091s][info][gc,metaspace   ] GC(1405) Metaspace: 28904K(29312K)->28904K(29312K) NonClass: 24036K(24256K)->24036K(24256K) Class: 4868K(5056K)->4868K(5056K)
[4665.091s][info][gc             ] GC(1405) Pause Young (Mixed) (G1 Evacuation Pause) 3670M->1332M(4096M) 138.125ms
[4665.091s][info][gc,cpu         ] GC(1405) User=0.82s Sys=0.00s Real=0.14s
..[4667.105s][info][gc,start       ] GC(1406) Pause Young (Concurrent Start) (G1 Evacuation Pause)
[4667.105s][info][gc,task        ] GC(1406) Using 6 workers of 6 for evacuation
[4667.231s][info][gc,phases      ] GC(1406)   Pre Evacuate Collection Set: 0.38ms
[4667.231s][info][gc,phases      ] GC(1406)   Merge Heap Roots: 0.59ms
[4667.231s][info][gc,phases      ] GC(1406)   Evacuate Collection Set: 122.97ms
[4667.231s][info][gc,phases      ] GC(1406)   Post Evacuate Collection Set: 0.89ms
[4667.231s][info][gc,phases      ] GC(1406)   Other: 0.85ms
[4667.231s][info][gc,heap        ] GC(1406) Eden regions: 1114->0(1115)
[4667.231s][info][gc,heap        ] GC(1406) Survivor regions: 114->113(154)
[4667.231s][info][gc,heap        ] GC(1406) Old regions: 473->506
[4667.231s][info][gc,heap        ] GC(1406) Humongous regions: 80->80
[4667.231s][info][gc,metaspace   ] GC(1406) Metaspace: 28904K(29312K)->28904K(29312K) NonClass: 24036K(24256K)->24036K(24256K) Class: 4868K(5056K)->4868K(5056K)
[4667.231s][info][gc             ] GC(1406) Pause Young (Concurrent Start) (G1 Evacuation Pause) 3560M->1395M(4096M) 125.806ms
[4667.231s][info][gc             ] GC(1407) Concurrent Mark Cycle
[4667.231s][info][gc,marking     ] GC(1407) Concurrent Scan Root Regions
[4667.231s][info][gc,cpu         ] GC(1406) User=0.74s Sys=0.00s Real=0.13s
.[4667.414s][info][gc,marking     ] GC(1407) Concurrent Scan Root Regions 183.390ms
[4667.414s][info][gc,marking     ] GC(1407) Concurrent Mark
[4667.414s][info][gc,marking     ] GC(1407) Concurrent Mark From Roots
[4667.414s][info][gc,task        ] GC(1407) Using 2 workers of 2 for marking
.[4668.375s][info][gc,marking     ] GC(1407) Concurrent Mark From Roots 960.425ms
[4668.375s][info][gc,marking     ] GC(1407) Concurrent Preclean
[4668.375s][info][gc,marking     ] GC(1407) Concurrent Preclean 0.095ms
[4668.378s][info][gc,start       ] GC(1407) Pause Remark
[4668.386s][info][gc             ] GC(1407) Pause Remark 2521M->2521M(4096M) 7.801ms
[4668.386s][info][gc,cpu         ] GC(1407) User=0.04s Sys=0.00s Real=0.01s
[4668.386s][info][gc,marking     ] GC(1407) Concurrent Mark 972.017ms
[4668.386s][info][gc,marking     ] GC(1407) Concurrent Rebuild Remembered Sets and Scrub Regions
[4668.807s][info][gc,marking     ] GC(1407) Concurrent Rebuild Remembered Sets and Scrub Regions 420.333ms
[4668.808s][info][gc,start       ] GC(1407) Pause Cleanup
[4668.808s][info][gc             ] GC(1407) Pause Cleanup 2915M->2915M(4096M) 0.125ms
[4668.808s][info][gc,cpu         ] GC(1407) User=0.00s Sys=0.00s Real=0.00s
[4668.809s][info][gc,marking     ] GC(1407) Concurrent Clear Claimed Marks
[4668.809s][info][gc,marking     ] GC(1407) Concurrent Clear Claimed Marks 0.037ms
[4668.809s][info][gc,marking     ] GC(1407) Concurrent Cleanup for Next Mark
[4668.819s][info][gc,marking     ] GC(1407) Concurrent Cleanup for Next Mark 9.945ms
[4668.819s][info][gc             ] GC(1407) Concurrent Mark Cycle 1588.348ms
.[4669.458s][info][gc,start       ] GC(1408) Pause Young (Prepare Mixed) (G1 Evacuation Pause)
[4669.458s][info][gc,task        ] GC(1408) Using 6 workers of 6 for evacuation
[4669.582s][info][gc,phases      ] GC(1408)   Pre Evacuate Collection Set: 0.31ms
[4669.582s][info][gc,phases      ] GC(1408)   Merge Heap Roots: 0.53ms
[4669.582s][info][gc,phases      ] GC(1408)   Evacuate Collection Set: 121.55ms
[4669.582s][info][gc,phases      ] GC(1408)   Post Evacuate Collection Set: 0.96ms
[4669.582s][info][gc,phases      ] GC(1408)   Other: 0.09ms
[4669.582s][info][gc,heap        ] GC(1408) Eden regions: 1115->0(1098)
[4669.582s][info][gc,heap        ] GC(1408) Survivor regions: 113->115(154)
[4669.582s][info][gc,heap        ] GC(1408) Old regions: 506->537
[4669.582s][info][gc,heap        ] GC(1408) Humongous regions: 80->80
[4669.582s][info][gc,metaspace   ] GC(1408) Metaspace: 28904K(29312K)->28904K(29312K) NonClass: 24036K(24256K)->24036K(24256K) Class: 4868K(5056K)->4868K(5056K)
[4669.582s][info][gc             ] GC(1408) Pause Young (Prepare Mixed) (G1 Evacuation Pause) 3625M->1462M(4096M) 123.583ms
[4669.582s][info][gc,cpu         ] GC(1408) User=0.73s Sys=0.00s Real=0.13s
..[4671.667s][info][gc,start       ] GC(1409) Pause Young (Mixed) (G1 Evacuation Pause)
[4671.667s][info][gc,task        ] GC(1409) Using 6 workers of 6 for evacuation
[4671.799s][info][gc,phases      ] GC(1409)   Pre Evacuate Collection Set: 0.37ms
[4671.799s][info][gc,phases      ] GC(1409)   Merge Heap Roots: 0.72ms
[4671.800s][info][gc,phases      ] GC(1409)   Evacuate Collection Set: 130.33ms
[4671.800s][info][gc,phases      ] GC(1409)   Post Evacuate Collection Set: 0.94ms
[4671.800s][info][gc,phases      ] GC(1409)   Other: 0.09ms
[4671.800s][info][gc,heap        ] GC(1409) Eden regions: 1098->0(1121)
[4671.800s][info][gc,heap        ] GC(1409) Survivor regions: 115->107(152)
[4671.800s][info][gc,heap        ] GC(1409) Old regions: 537->473
[4671.800s][info][gc,heap        ] GC(1409) Humongous regions: 80->80
[4671.800s][info][gc,metaspace   ] GC(1409) Metaspace: 28904K(29312K)->28904K(29312K) NonClass: 24036K(24256K)->24036K(24256K) Class: 4868K(5056K)->4868K(5056K)
[4671.800s][info][gc             ] GC(1409) Pause Young (Mixed) (G1 Evacuation Pause) 3658M->1319M(4096M) 132.588ms
[4671.800s][info][gc,cpu         ] GC(1409) User=0.78s Sys=0.00s Real=0.14s
..[4673.884s][info][gc,start       ] GC(1410) Pause Young (Concurrent Start) (G1 Evacuation Pause)
[4673.884s][info][gc,task        ] GC(1410) Using 6 workers of 6 for evacuation
[4674.003s][info][gc,phases      ] GC(1410)   Pre Evacuate Collection Set: 0.36ms
[4674.003s][info][gc,phases      ] GC(1410)   Merge Heap Roots: 0.48ms
[4674.003s][info][gc,phases      ] GC(1410)   Evacuate Collection Set: 117.48ms
[4674.003s][info][gc,phases      ] GC(1410)   Post Evacuate Collection Set: 0.89ms
[4674.003s][info][gc,phases      ] GC(1410)   Other: 0.12ms
[4674.003s][info][gc,heap        ] GC(1410) Eden regions: 1121->0(1119)
[4674.003s][info][gc,heap        ] GC(1410) Survivor regions: 107->109(154)
[4674.003s][info][gc,heap        ] GC(1410) Old regions: 473->506
[4674.003s][info][gc,heap        ] GC(1410) Humongous regions: 80->80
[4674.003s][info][gc,metaspace   ] GC(1410) Metaspace: 28904K(29312K)->28904K(29312K) NonClass: 24036K(24256K)->24036K(24256K) Class: 4868K(5056K)->4868K(5056K)
[4674.003s][info][gc             ] GC(1410) Pause Young (Concurrent Start) (G1 Evacuation Pause) 3561M->1389M(4096M) 119.470ms
[4674.003s][info][gc             ] GC(1411) Concurrent Mark Cycle
[4674.003s][info][gc,marking     ] GC(1411) Concurrent Scan Root Regions
[4674.003s][info][gc,cpu         ] GC(1410) User=0.71s Sys=0.00s Real=0.12s
[4674.187s][info][gc,marking     ] GC(1411) Concurrent Scan Root Regions 184.172ms
[4674.187s][info][gc,marking     ] GC(1411) Concurrent Mark
[4674.187s][info][gc,marking     ] GC(1411) Concurrent Mark From Roots
[4674.187s][info][gc,task        ] GC(1411) Using 2 workers of 2 for marking
.[4675.211s][info][gc,marking     ] GC(1411) Concurrent Mark From Roots 1023.437ms
[4675.211s][info][gc,marking     ] GC(1411) Concurrent Preclean
[4675.211s][info][gc,marking     ] GC(1411) Concurrent Preclean 0.092ms
[4675.213s][info][gc,start       ] GC(1411) Pause Remark
[4675.217s][info][gc             ] GC(1411) Pause Remark 2581M->2581M(4096M) 4.710ms
[4675.218s][info][gc,cpu         ] GC(1411) User=0.02s Sys=0.00s Real=0.00s
[4675.218s][info][gc,marking     ] GC(1411) Concurrent Mark 1030.146ms
[4675.218s][info][gc,marking     ] GC(1411) Concurrent Rebuild Remembered Sets and Scrub Regions
.[4675.699s][info][gc,marking     ] GC(1411) Concurrent Rebuild Remembered Sets and Scrub Regions 481.412ms
[4675.701s][info][gc,start       ] GC(1411) Pause Cleanup
[4675.702s][info][gc             ] GC(1411) Pause Cleanup 3103M->3103M(4096M) 0.150ms
[4675.702s][info][gc,cpu         ] GC(1411) User=0.00s Sys=0.00s Real=0.00s
[4675.702s][info][gc,marking     ] GC(1411) Concurrent Clear Claimed Marks
[4675.702s][info][gc,marking     ] GC(1411) Concurrent Clear Claimed Marks 0.037ms
[4675.702s][info][gc,marking     ] GC(1411) Concurrent Cleanup for Next Mark
[4675.735s][info][gc,marking     ] GC(1411) Concurrent Cleanup for Next Mark 32.835ms
[4675.735s][info][gc             ] GC(1411) Concurrent Mark Cycle 1731.672ms
[4676.161s][info][gc,start       ] GC(1412) Pause Young (Prepare Mixed) (G1 Evacuation Pause)
[4676.161s][info][gc,task        ] GC(1412) Using 6 workers of 6 for evacuation
[4676.281s][info][gc,phases      ] GC(1412)   Pre Evacuate Collection Set: 0.29ms
[4676.281s][info][gc,phases      ] GC(1412)   Merge Heap Roots: 0.52ms
[4676.281s][info][gc,phases      ] GC(1412)   Evacuate Collection Set: 117.47ms
[4676.281s][info][gc,phases      ] GC(1412)   Post Evacuate Collection Set: 0.94ms
[4676.281s][info][gc,phases      ] GC(1412)   Other: 0.09ms
[4676.281s][info][gc,heap        ] GC(1412) Eden regions: 1119->0(1104)
[4676.281s][info][gc,heap        ] GC(1412) Survivor regions: 109->112(154)
[4676.281s][info][gc,heap        ] GC(1412) Old regions: 506->537
[4676.281s][info][gc,heap        ] GC(1412) Humongous regions: 80->80
[4676.281s][info][gc,metaspace   ] GC(1412) Metaspace: 28904K(29312K)->28904K(29312K) NonClass: 24036K(24256K)->24036K(24256K) Class: 4868K(5056K)->4868K(5056K)
[4676.281s][info][gc             ] GC(1412) Pause Young (Prepare Mixed) (G1 Evacuation Pause) 3627M->1457M(4096M) 119.450ms
[4676.281s][info][gc,cpu         ] GC(1412) User=0.71s Sys=0.00s Real=0.12s
..[4678.359s][info][gc,start       ] GC(1413) Pause Young (Mixed) (G1 Evacuation Pause)
[4678.359s][info][gc,task        ] GC(1413) Using 6 workers of 6 for evacuation
[4678.498s][info][gc,phases      ] GC(1413)   Pre Evacuate Collection Set: 0.39ms
[4678.498s][info][gc,phases      ] GC(1413)   Merge Heap Roots: 0.73ms
[4678.498s][info][gc,phases      ] GC(1413)   Evacuate Collection Set: 136.71ms
[4678.498s][info][gc,phases      ] GC(1413)   Post Evacuate Collection Set: 0.94ms
[4678.498s][info][gc,phases      ] GC(1413)   Other: 0.09ms
[4678.498s][info][gc,heap        ] GC(1413) Eden regions: 1104->0(1115)
[4678.498s][info][gc,heap        ] GC(1413) Survivor regions: 112->113(152)
[4678.498s][info][gc,heap        ] GC(1413) Old regions: 537->475
[4678.498s][info][gc,heap        ] GC(1413) Humongous regions: 80->80
[4678.498s][info][gc,metaspace   ] GC(1413) Metaspace: 28904K(29312K)->28904K(29312K) NonClass: 24036K(24256K)->24036K(24256K) Class: 4868K(5056K)->4868K(5056K)
[4678.498s][info][gc             ] GC(1413) Pause Young (Mixed) (G1 Evacuation Pause) 3665M->1334M(4096M) 138.988ms
[4678.498s][info][gc,cpu         ] GC(1413) User=0.83s Sys=0.00s Real=0.13s
. (rIR:aIR:PR = 8302:8346:8345) (tPR = 123958) [OK] 
  4678s: Performance info:
         Transaction,    Success,    Partial,     Failed,   Receipts, AvgBarcode, 
             Overall,     501829,          0,          0,     476927,      59.47, 
         Response times:
             Request,    Success,    Partial,     Failed,   SkipFail,     Probes,    Samples,      min,      p50,      p90,      p95,      p99,      max, 
       TotalPurchase,     477093,          0,          0,          0,     348059,     455625,      300,     8000,   143000,   177000,   260000,   599000,
     InStorePurchase,     252233,          0,          0,          0,     183589,     239782,      300,     7900,   143000,   177000,   256000,   599000,
      OnlinePurchase,     175521,          0,          0,          0,     127443,     167185,      300,     8100,   143000,   177000,   259000,   573000,
        InstPurchase,      49339,          0,          0,          0,      37027,      48658,      300,     7800,   143000,   179000,   275000,   552000,
          AssocOfCat,        505,          0,          0,          0,        397,        588,    23000,    51000,   191000,   216550,   287210,   350000,
      AssocOfProduct,       4927,          0,          0,          0,       3568,       4843,      500,     6700,   133000,   169000,   257000,   496000,
      BusinessReport,       1243,          0,          0,          0,       1085,       1560,    29000,    60000,   212900,   253950,   363390,   480000,
          CustBuyBeh,       4998,          0,          0,          0,       3446,       4750,      400,     7900,   145000,   174450,   268000,   440000,
       ProductReturn,      13219,          0,          0,          0,       8941,      11873,      200,     7600,   138000,   173000,   258260,   496000,

  4678s: (61%)   IR =   8441 .[4680.550s][info][gc,start       ] GC(1414) Pause Young (Concurrent Start) (G1 Evacuation Pause)
[4680.550s][info][gc,task        ] GC(1414) Using 6 workers of 6 for evacuation
[4680.675s][info][gc,phases      ] GC(1414)   Pre Evacuate Collection Set: 0.40ms
[4680.675s][info][gc,phases      ] GC(1414)   Merge Heap Roots: 0.55ms
[4680.675s][info][gc,phases      ] GC(1414)   Evacuate Collection Set: 123.38ms
[4680.675s][info][gc,phases      ] GC(1414)   Post Evacuate Collection Set: 0.95ms
[4680.675s][info][gc,phases      ] GC(1414)   Other: 0.10ms
[4680.675s][info][gc,heap        ] GC(1414) Eden regions: 1115->0(1114)
[4680.675s][info][gc,heap        ] GC(1414) Survivor regions: 113->114(154)
[4680.675s][info][gc,heap        ] GC(1414) Old regions: 475->509
[4680.675s][info][gc,heap        ] GC(1414) Humongous regions: 80->80
[4680.675s][info][gc,metaspace   ] GC(1414) Metaspace: 28904K(29312K)->28904K(29312K) NonClass: 24036K(24256K)->24036K(24256K) Class: 4868K(5056K)->4868K(5056K)
[4680.675s][info][gc             ] GC(1414) Pause Young (Concurrent Start) (G1 Evacuation Pause) 3564M->1403M(4096M) 125.505ms
[4680.675s][info][gc             ] GC(1415) Concurrent Mark Cycle
[4680.675s][info][gc,marking     ] GC(1415) Concurrent Scan Root Regions
[4680.675s][info][gc,cpu         ] GC(1414) User=0.75s Sys=0.00s Real=0.12s
[4680.830s][info][gc,marking     ] GC(1415) Concurrent Scan Root Regions 154.225ms
[4680.830s][info][gc,marking     ] GC(1415) Concurrent Mark
[4680.830s][info][gc,marking     ] GC(1415) Concurrent Mark From Roots
[4680.830s][info][gc,task        ] GC(1415) Using 2 workers of 2 for marking
.[4681.531s][info][gc,marking     ] GC(1415) Concurrent Mark From Roots 701.423ms
[4681.531s][info][gc,marking     ] GC(1415) Concurrent Preclean
[4681.531s][info][gc,marking     ] GC(1415) Concurrent Preclean 0.118ms
[4681.532s][info][gc,start       ] GC(1415) Pause Remark
[4681.538s][info][gc             ] GC(1415) Pause Remark 2173M->2173M(4096M) 6.248ms
[4681.538s][info][gc,cpu         ] GC(1415) User=0.04s Sys=0.00s Real=0.00s
[4681.538s][info][gc,marking     ] GC(1415) Concurrent Mark 708.357ms
[4681.538s][info][gc,marking     ] GC(1415) Concurrent Rebuild Remembered Sets and Scrub Regions
.[4681.941s][info][gc,marking     ] GC(1415) Concurrent Rebuild Remembered Sets and Scrub Regions 403.287ms
[4681.943s][info][gc,start       ] GC(1415) Pause Cleanup
[4681.943s][info][gc             ] GC(1415) Pause Cleanup 2593M->2593M(4096M) 0.124ms
[4681.943s][info][gc,cpu         ] GC(1415) User=0.00s Sys=0.00s Real=0.00s
[4681.943s][info][gc,marking     ] GC(1415) Concurrent Clear Claimed Marks
[4681.943s][info][gc,marking     ] GC(1415) Concurrent Clear Claimed Marks 0.035ms
[4681.943s][info][gc,marking     ] GC(1415) Concurrent Cleanup for Next Mark
[4681.957s][info][gc,marking     ] GC(1415) Concurrent Cleanup for Next Mark 14.001ms
[4681.957s][info][gc             ] GC(1415) Concurrent Mark Cycle 1281.620ms
[4682.861s][info][gc,start       ] GC(1416) Pause Young (Prepare Mixed) (G1 Evacuation Pause)
[4682.861s][info][gc,task        ] GC(1416) Using 6 workers of 6 for evacuation
[4682.980s][info][gc,phases      ] GC(1416)   Pre Evacuate Collection Set: 0.33ms
[4682.980s][info][gc,phases      ] GC(1416)   Merge Heap Roots: 0.55ms
[4682.980s][info][gc,phases      ] GC(1416)   Evacuate Collection Set: 116.51ms
[4682.980s][info][gc,phases      ] GC(1416)   Post Evacuate Collection Set: 1.08ms
[4682.980s][info][gc,phases      ] GC(1416)   Other: 0.82ms
[4682.980s][info][gc,heap        ] GC(1416) Eden regions: 1114->0(1104)
[4682.980s][info][gc,heap        ] GC(1416) Survivor regions: 114->111(154)
[4682.980s][info][gc,heap        ] GC(1416) Old regions: 509->539
[4682.980s][info][gc,heap        ] GC(1416) Humongous regions: 80->80
[4682.980s][info][gc,metaspace   ] GC(1416) Metaspace: 28904K(29312K)->28904K(29312K) NonClass: 24036K(24256K)->24036K(24256K) Class: 4868K(5056K)->4868K(5056K)
[4682.980s][info][gc             ] GC(1416) Pause Young (Prepare Mixed) (G1 Evacuation Pause) 3631M->1458M(4096M) 119.440ms
[4682.980s][info][gc,cpu         ] GC(1416) User=0.70s Sys=0.00s Real=0.12s
...[4685.021s][info][gc,start       ] GC(1417) Pause Young (Mixed) (G1 Evacuation Pause)
[4685.021s][info][gc,task        ] GC(1417) Using 6 workers of 6 for evacuation
[4685.154s][info][gc,phases      ] GC(1417)   Pre Evacuate Collection Set: 0.36ms
[4685.154s][info][gc,phases      ] GC(1417)   Merge Heap Roots: 0.72ms
[4685.154s][info][gc,phases      ] GC(1417)   Evacuate Collection Set: 131.02ms
[4685.154s][info][gc,phases      ] GC(1417)   Post Evacuate Collection Set: 0.95ms
[4685.154s][info][gc,phases      ] GC(1417)   Other: 0.09ms
[4685.154s][info][gc,heap        ] GC(1417) Eden regions: 1104->0(1120)
[4685.154s][info][gc,heap        ] GC(1417) Survivor regions: 111->108(152)
[4685.154s][info][gc,heap        ] GC(1417) Old regions: 539->475
[4685.154s][info][gc,heap        ] GC(1417) Humongous regions: 80->80
[4685.154s][info][gc,metaspace   ] GC(1417) Metaspace: 28904K(29312K)->28904K(29312K) NonClass: 24036K(24256K)->24036K(24256K) Class: 4868K(5056K)->4868K(5056K)
[4685.154s][info][gc             ] GC(1417) Pause Young (Mixed) (G1 Evacuation Pause) 3666M->1325M(4096M) 133.288ms
[4685.154s][info][gc,cpu         ] GC(1417) User=0.79s Sys=0.00s Real=0.13s
..[4687.336s][info][gc,start       ] GC(1418) Pause Young (Concurrent Start) (G1 Evacuation Pause)
[4687.336s][info][gc,task        ] GC(1418) Using 6 workers of 6 for evacuation
[4687.456s][info][gc,phases      ] GC(1418)   Pre Evacuate Collection Set: 0.35ms
[4687.456s][info][gc,phases      ] GC(1418)   Merge Heap Roots: 0.49ms
[4687.456s][info][gc,phases      ] GC(1418)   Evacuate Collection Set: 118.62ms
[4687.456s][info][gc,phases      ] GC(1418)   Post Evacuate Collection Set: 0.86ms
[4687.456s][info][gc,phases      ] GC(1418)   Other: 0.10ms
[4687.456s][info][gc,heap        ] GC(1418) Eden regions: 1120->0(1115)
[4687.456s][info][gc,heap        ] GC(1418) Survivor regions: 108->113(154)
[4687.456s][info][gc,heap        ] GC(1418) Old regions: 475->507
[4687.456s][info][gc,heap        ] GC(1418) Humongous regions: 80->80
[4687.456s][info][gc,metaspace   ] GC(1418) Metaspace: 28904K(29312K)->28904K(29312K) NonClass: 24036K(24256K)->24036K(24256K) Class: 4868K(5056K)->4868K(5056K)
[4687.456s][info][gc             ] GC(1418) Pause Young (Concurrent Start) (G1 Evacuation Pause) 3565M->1398M(4096M) 120.542ms
[4687.456s][info][gc             ] GC(1419) Concurrent Mark Cycle
[4687.456s][info][gc,marking     ] GC(1419) Concurrent Scan Root Regions
[4687.456s][info][gc,cpu         ] GC(1418) User=0.71s Sys=0.00s Real=0.12s
[4687.604s][info][gc,marking     ] GC(1419) Concurrent Scan Root Regions 147.442ms
[4687.604s][info][gc,marking     ] GC(1419) Concurrent Mark
[4687.604s][info][gc,marking     ] GC(1419) Concurrent Mark From Roots
[4687.604s][info][gc,task        ] GC(1419) Using 2 workers of 2 for marking
.[4688.356s][info][gc,marking     ] GC(1419) Concurrent Mark From Roots 751.872ms
[4688.356s][info][gc,marking     ] GC(1419) Concurrent Preclean
[4688.356s][info][gc,marking     ] GC(1419) Concurrent Preclean 0.096ms
[4688.358s][info][gc,start       ] GC(1419) Pause Remark
[4688.364s][info][gc             ] GC(1419) Pause Remark 2208M->2208M(4096M) 5.729ms
[4688.364s][info][gc,cpu         ] GC(1419) User=0.03s Sys=0.00s Real=0.01s
[4688.364s][info][gc,marking     ] GC(1419) Concurrent Mark 760.268ms
[4688.364s][info][gc,marking     ] GC(1419) Concurrent Rebuild Remembered Sets and Scrub Regions
[4688.790s][info][gc,marking     ] GC(1419) Concurrent Rebuild Remembered Sets and Scrub Regions 425.726ms
[4688.791s][info][gc,start       ] GC(1419) Pause Cleanup
[4688.791s][info][gc             ] GC(1419) Pause Cleanup 2658M->2658M(4096M) 0.146ms
[4688.791s][info][gc,cpu         ] GC(1419) User=0.00s Sys=0.00s Real=0.00s
[4688.791s][info][gc,marking     ] GC(1419) Concurrent Clear Claimed Marks
[4688.792s][info][gc,marking     ] GC(1419) Concurrent Clear Claimed Marks 0.046ms
[4688.792s][info][gc,marking     ] GC(1419) Concurrent Cleanup for Next Mark
[4688.797s][info][gc,marking     ] GC(1419) Concurrent Cleanup for Next Mark 5.267ms
[4688.797s][info][gc             ] GC(1419) Concurrent Mark Cycle 1340.465ms
.[4689.607s][info][gc,start       ] GC(1420) Pause Young (Prepare Mixed) (G1 Evacuation Pause)
[4689.607s][info][gc,task        ] GC(1420) Using 6 workers of 6 for evacuation
[4689.730s][info][gc,phases      ] GC(1420)   Pre Evacuate Collection Set: 0.32ms
[4689.730s][info][gc,phases      ] GC(1420)   Merge Heap Roots: 0.55ms
[4689.730s][info][gc,phases      ] GC(1420)   Evacuate Collection Set: 120.79ms
[4689.730s][info][gc,phases      ] GC(1420)   Post Evacuate Collection Set: 0.96ms
[4689.730s][info][gc,phases      ] GC(1420)   Other: 0.09ms
[4689.730s][info][gc,heap        ] GC(1420) Eden regions: 1115->0(1103)
[4689.730s][info][gc,heap        ] GC(1420) Survivor regions: 113->112(154)
[4689.730s][info][gc,heap        ] GC(1420) Old regions: 507->538
[4689.730s][info][gc,heap        ] GC(1420) Humongous regions: 80->80
[4689.730s][info][gc,metaspace   ] GC(1420) Metaspace: 28904K(29312K)->28904K(29312K) NonClass: 24036K(24256K)->24036K(24256K) Class: 4868K(5056K)->4868K(5056K)
[4689.730s][info][gc             ] GC(1420) Pause Young (Prepare Mixed) (G1 Evacuation Pause) 3628M->1459M(4096M) 122.841ms
[4689.730s][info][gc,cpu         ] GC(1420) User=0.73s Sys=0.00s Real=0.13s
..[4691.793s][info][gc,start       ] GC(1421) Pause Young (Mixed) (G1 Evacuation Pause)
[4691.793s][info][gc,task        ] GC(1421) Using 6 workers of 6 for evacuation
[4691.927s][info][gc,phases      ] GC(1421)   Pre Evacuate Collection Set: 0.33ms
[4691.927s][info][gc,phases      ] GC(1421)   Merge Heap Roots: 0.70ms
[4691.927s][info][gc,phases      ] GC(1421)   Evacuate Collection Set: 131.98ms
[4691.927s][info][gc,phases      ] GC(1421)   Post Evacuate Collection Set: 0.93ms
[4691.927s][info][gc,phases      ] GC(1421)   Other: 0.09ms
[4691.927s][info][gc,heap        ] GC(1421) Eden regions: 1103->0(1118)
[4691.927s][info][gc,heap        ] GC(1421) Survivor regions: 112->110(152)
[4691.927s][info][gc,heap        ] GC(1421) Old regions: 538->474
[4691.927s][info][gc,heap        ] GC(1421) Humongous regions: 80->80
[4691.927s][info][gc,metaspace   ] GC(1421) Metaspace: 28904K(29312K)->28904K(29312K) NonClass: 24036K(24256K)->24036K(24256K) Class: 4868K(5056K)->4868K(5056K)
[4691.927s][info][gc             ] GC(1421) Pause Young (Mixed) (G1 Evacuation Pause) 3665M->1326M(4096M) 134.165ms
[4691.927s][info][gc,cpu         ] GC(1421) User=0.80s Sys=0.00s Real=0.13s
..[4693.969s][info][gc,start       ] GC(1422) Pause Young (Concurrent Start) (G1 Evacuation Pause)
[4693.969s][info][gc,task        ] GC(1422) Using 6 workers of 6 for evacuation
[4694.089s][info][gc,phases      ] GC(1422)   Pre Evacuate Collection Set: 0.34ms
[4694.089s][info][gc,phases      ] GC(1422)   Merge Heap Roots: 0.47ms
[4694.089s][info][gc,phases      ] GC(1422)   Evacuate Collection Set: 118.38ms
[4694.089s][info][gc,phases      ] GC(1422)   Post Evacuate Collection Set: 0.86ms
[4694.089s][info][gc,phases      ] GC(1422)   Other: 0.11ms
[4694.089s][info][gc,heap        ] GC(1422) Eden regions: 1118->0(1116)
[4694.089s][info][gc,heap        ] GC(1422) Survivor regions: 110->112(154)
[4694.089s][info][gc,heap        ] GC(1422) Old regions: 474->506
[4694.089s][info][gc,heap        ] GC(1422) Humongous regions: 80->80
[4694.089s][info][gc,metaspace   ] GC(1422) Metaspace: 28904K(29312K)->28904K(29312K) NonClass: 24036K(24256K)->24036K(24256K) Class: 4868K(5056K)->4868K(5056K)
[4694.089s][info][gc             ] GC(1422) Pause Young (Concurrent Start) (G1 Evacuation Pause) 3562M->1394M(4096M) 120.317ms
[4694.089s][info][gc             ] GC(1423) Concurrent Mark Cycle
[4694.089s][info][gc,marking     ] GC(1423) Concurrent Scan Root Regions
[4694.089s][info][gc,cpu         ] GC(1422) User=0.72s Sys=0.00s Real=0.12s
.[4694.274s][info][gc,marking     ] GC(1423) Concurrent Scan Root Regions 184.668ms
[4694.274s][info][gc,marking     ] GC(1423) Concurrent Mark
[4694.274s][info][gc,marking     ] GC(1423) Concurrent Mark From Roots
[4694.274s][info][gc,task        ] GC(1423) Using 2 workers of 2 for marking
.[4695.263s][info][gc,marking     ] GC(1423) Concurrent Mark From Roots 989.336ms
[4695.263s][info][gc,marking     ] GC(1423) Concurrent Preclean
[4695.263s][info][gc,marking     ] GC(1423) Concurrent Preclean 0.094ms
[4695.266s][info][gc,start       ] GC(1423) Pause Remark
[4695.270s][info][gc             ] GC(1423) Pause Remark 2544M->2544M(4096M) 4.409ms
[4695.270s][info][gc,cpu         ] GC(1423) User=0.02s Sys=0.00s Real=0.01s
[4695.270s][info][gc,marking     ] GC(1423) Concurrent Mark 996.263ms
[4695.270s][info][gc,marking     ] GC(1423) Concurrent Rebuild Remembered Sets and Scrub Regions
[4695.745s][info][gc,marking     ] GC(1423) Concurrent Rebuild Remembered Sets and Scrub Regions 474.643ms
[4695.746s][info][gc,start       ] GC(1423) Pause Cleanup
[4695.746s][info][gc             ] GC(1423) Pause Cleanup 3038M->3038M(4096M) 0.123ms
[4695.746s][info][gc,cpu         ] GC(1423) User=0.00s Sys=0.00s Real=0.00s
[4695.746s][info][gc,marking     ] GC(1423) Concurrent Clear Claimed Marks
[4695.746s][info][gc,marking     ] GC(1423) Concurrent Clear Claimed Marks 0.026ms
[4695.746s][info][gc,marking     ] GC(1423) Concurrent Cleanup for Next Mark
[4695.752s][info][gc,marking     ] GC(1423) Concurrent Cleanup for Next Mark 5.237ms
[4695.752s][info][gc             ] GC(1423) Concurrent Mark Cycle 1662.630ms
.[4696.210s][info][gc,start       ] GC(1424) Pause Young (Prepare Mixed) (G1 Evacuation Pause)
[4696.210s][info][gc,task        ] GC(1424) Using 6 workers of 6 for evacuation
[4696.330s][info][gc,phases      ] GC(1424)   Pre Evacuate Collection Set: 0.35ms
[4696.330s][info][gc,phases      ] GC(1424)   Merge Heap Roots: 0.52ms
[4696.330s][info][gc,phases      ] GC(1424)   Evacuate Collection Set: 117.87ms
[4696.330s][info][gc,phases      ] GC(1424)   Post Evacuate Collection Set: 0.92ms
[4696.330s][info][gc,phases      ] GC(1424)   Other: 0.09ms
[4696.330s][info][gc,heap        ] GC(1424) Eden regions: 1116->0(1102)
[4696.330s][info][gc,heap        ] GC(1424) Survivor regions: 112->113(154)
[4696.330s][info][gc,heap        ] GC(1424) Old regions: 506->537
[4696.330s][info][gc,heap        ] GC(1424) Humongous regions: 80->80
[4696.330s][info][gc,metaspace   ] GC(1424) Metaspace: 28904K(29312K)->28904K(29312K) NonClass: 24036K(24256K)->24036K(24256K) Class: 4868K(5056K)->4868K(5056K)
[4696.330s][info][gc             ] GC(1424) Pause Young (Prepare Mixed) (G1 Evacuation Pause) 3626M->1458M(4096M) 119.900ms
[4696.330s][info][gc,cpu         ] GC(1424) User=0.71s Sys=0.00s Real=0.12s
..|[4698.376s][info][gc,start       ] GC(1425) Pause Young (Mixed) (G1 Evacuation Pause)
[4698.376s][info][gc,task        ] GC(1425) Using 6 workers of 6 for evacuation
[4698.510s][info][gc,phases      ] GC(1425)   Pre Evacuate Collection Set: 0.36ms
[4698.510s][info][gc,phases      ] GC(1425)   Merge Heap Roots: 0.66ms
[4698.510s][info][gc,phases      ] GC(1425)   Evacuate Collection Set: 132.47ms
[4698.510s][info][gc,phases      ] GC(1425)   Post Evacuate Collection Set: 0.96ms
[4698.510s][info][gc,phases      ] GC(1425)   Other: 0.08ms
[4698.510s][info][gc,heap        ] GC(1425) Eden regions: 1102->0(1119)
[4698.510s][info][gc,heap        ] GC(1425) Survivor regions: 113->109(152)
[4698.510s][info][gc,heap        ] GC(1425) Old regions: 537->475
[4698.510s][info][gc,heap        ] GC(1425) Humongous regions: 80->80
[4698.510s][info][gc,metaspace   ] GC(1425) Metaspace: 28904K(29312K)->28904K(29312K) NonClass: 24036K(24256K)->24036K(24256K) Class: 4868K(5056K)->4868K(5056K)
[4698.510s][info][gc             ] GC(1425) Pause Young (Mixed) (G1 Evacuation Pause) 3662M->1326M(4096M) 134.683ms
[4698.510s][info][gc,cpu         ] GC(1425) User=0.81s Sys=0.00s Real=0.14s
..[4700.616s][info][gc,start       ] GC(1426) Pause Young (Concurrent Start) (G1 Evacuation Pause)
[4700.616s][info][gc,task        ] GC(1426) Using 6 workers of 6 for evacuation
[4700.732s][info][gc,phases      ] GC(1426)   Pre Evacuate Collection Set: 0.35ms
[4700.732s][info][gc,phases      ] GC(1426)   Merge Heap Roots: 0.49ms
[4700.732s][info][gc,phases      ] GC(1426)   Evacuate Collection Set: 114.33ms
[4700.732s][info][gc,phases      ] GC(1426)   Post Evacuate Collection Set: 0.87ms
[4700.732s][info][gc,phases      ] GC(1426)   Other: 0.11ms
[4700.732s][info][gc,heap        ] GC(1426) Eden regions: 1119->0(1121)
[4700.732s][info][gc,heap        ] GC(1426) Survivor regions: 109->107(154)
[4700.732s][info][gc,heap        ] GC(1426) Old regions: 475->507
[4700.732s][info][gc,heap        ] GC(1426) Humongous regions: 80->80
[4700.732s][info][gc,metaspace   ] GC(1426) Metaspace: 28904K(29312K)->28904K(29312K) NonClass: 24036K(24256K)->24036K(24256K) Class: 4868K(5056K)->4868K(5056K)
[4700.732s][info][gc             ] GC(1426) Pause Young (Concurrent Start) (G1 Evacuation Pause) 3564M->1386M(4096M) 116.270ms
[4700.732s][info][gc             ] GC(1427) Concurrent Mark Cycle
[4700.732s][info][gc,marking     ] GC(1427) Concurrent Scan Root Regions
[4700.732s][info][gc,cpu         ] GC(1426) User=0.70s Sys=0.00s Real=0.12s
[4700.907s][info][gc,marking     ] GC(1427) Concurrent Scan Root Regions 175.314ms
[4700.907s][info][gc,marking     ] GC(1427) Concurrent Mark
[4700.907s][info][gc,marking     ] GC(1427) Concurrent Mark From Roots
[4700.907s][info][gc,task        ] GC(1427) Using 2 workers of 2 for marking
.[4701.910s][info][gc,marking     ] GC(1427) Concurrent Mark From Roots 1002.803ms
[4701.910s][info][gc,marking     ] GC(1427) Concurrent Preclean
[4701.910s][info][gc,marking     ] GC(1427) Concurrent Preclean 0.085ms
[4701.912s][info][gc,start       ] GC(1427) Pause Remark
[4701.919s][info][gc             ] GC(1427) Pause Remark 2468M->2468M(4096M) 6.605ms
[4701.919s][info][gc,cpu         ] GC(1427) User=0.03s Sys=0.00s Real=0.01s
[4701.921s][info][gc,marking     ] GC(1427) Concurrent Mark 1013.690ms
[4701.921s][info][gc,marking     ] GC(1427) Concurrent Rebuild Remembered Sets and Scrub Regions
.[4702.208s][info][gc,marking     ] GC(1427) Concurrent Rebuild Remembered Sets and Scrub Regions 286.667ms
[4702.208s][info][gc,start       ] GC(1427) Pause Cleanup
[4702.208s][info][gc             ] GC(1427) Pause Cleanup 2773M->2773M(4096M) 0.108ms
[4702.208s][info][gc,cpu         ] GC(1427) User=0.00s Sys=0.00s Real=0.00s
[4702.209s][info][gc,marking     ] GC(1427) Concurrent Clear Claimed Marks
[4702.209s][info][gc,marking     ] GC(1427) Concurrent Clear Claimed Marks 0.033ms
[4702.209s][info][gc,marking     ] GC(1427) Concurrent Cleanup for Next Mark
[4702.216s][info][gc,marking     ] GC(1427) Concurrent Cleanup for Next Mark 7.713ms
[4702.217s][info][gc             ] GC(1427) Concurrent Mark Cycle 1484.628ms
[4702.841s][info][gc,start       ] GC(1428) Pause Young (Prepare Mixed) (G1 Evacuation Pause)
[4702.841s][info][gc,task        ] GC(1428) Using 6 workers of 6 for evacuation
[4702.963s][info][gc,phases      ] GC(1428)   Pre Evacuate Collection Set: 0.37ms
[4702.963s][info][gc,phases      ] GC(1428)   Merge Heap Roots: 0.53ms
[4702.963s][info][gc,phases      ] GC(1428)   Evacuate Collection Set: 119.99ms
[4702.963s][info][gc,phases      ] GC(1428)   Post Evacuate Collection Set: 0.93ms
[4702.963s][info][gc,phases      ] GC(1428)   Other: 0.09ms
[4702.963s][info][gc,heap        ] GC(1428) Eden regions: 1121->0(1098)
[4702.963s][info][gc,heap        ] GC(1428) Survivor regions: 107->115(154)
[4702.963s][info][gc,heap        ] GC(1428) Old regions: 507->537
[4702.963s][info][gc,heap        ] GC(1428) Humongous regions: 80->80
[4702.963s][info][gc,metaspace   ] GC(1428) Metaspace: 28904K(29312K)->28904K(29312K) NonClass: 24036K(24256K)->24036K(24256K) Class: 4868K(5056K)->4868K(5056K)
[4702.963s][info][gc             ] GC(1428) Pause Young (Prepare Mixed) (G1 Evacuation Pause) 3628M->1463M(4096M) 122.039ms
[4702.963s][info][gc,cpu         ] GC(1428) User=0.73s Sys=0.00s Real=0.12s
..[4705.004s][info][gc,start       ] GC(1429) Pause Young (Mixed) (G1 Evacuation Pause)
[4705.004s][info][gc,task        ] GC(1429) Using 6 workers of 6 for evacuation
[4705.145s][info][gc,phases      ] GC(1429)   Pre Evacuate Collection Set: 0.35ms
[4705.145s][info][gc,phases      ] GC(1429)   Merge Heap Roots: 0.73ms
[4705.145s][info][gc,phases      ] GC(1429)   Evacuate Collection Set: 139.23ms
[4705.145s][info][gc,phases      ] GC(1429)   Post Evacuate Collection Set: 0.93ms
[4705.145s][info][gc,phases      ] GC(1429)   Other: 0.09ms
[4705.145s][info][gc,heap        ] GC(1429) Eden regions: 1098->0(1114)
[4705.145s][info][gc,heap        ] GC(1429) Survivor regions: 115->114(152)
