[0.002s][info][gc,init] CardTable entry size: 512
[0.002s][info][gc     ] Using G1
[0.009s][info][gc,init] Version: 24-internal-adhoc.thomas.source (release)
[0.009s][info][gc,init] CPUs: 8 total, 6 available
[0.009s][info][gc,init] Memory: 15662M
[0.009s][info][gc,init] Large Page Support: Disabled
[0.009s][info][gc,init] NUMA Support: Disabled
[0.009s][info][gc,init] Compressed Oops: Enabled (Zero based)
[0.009s][info][gc,init] Heap Region Size: 2M
[0.009s][info][gc,init] Heap Min Capacity: 4G
[0.009s][info][gc,init] Heap Initial Capacity: 4G
[0.009s][info][gc,init] Heap Max Capacity: 4G
[0.009s][info][gc,init] Pre-touch: Disabled
[0.009s][info][gc,init] Parallel Workers: 6
[0.009s][info][gc,init] Concurrent Workers: 2
[0.009s][info][gc,init] Concurrent Refinement Workers: 6
[0.009s][info][gc,init] Periodic GC: Disabled
[0.010s][info][gc,metaspace] CDS archive(s) not mapped
[0.010s][info][gc,metaspace] Compressed class space mapped at: 0x00000000aa000000-0x00000000ea000000, reserved size: 1073741824
[0.010s][info][gc,metaspace] UseCompressedClassPointers 1, UseCompactObjectHeaders 1, narrow klass pointer bits 22, max shift 10
[0.010s][info][gc,metaspace] Narrow klass base: 0x00000000aa000000, Narrow klass shift: 9, Narrow klass range: 0x40000000

SPECjbb2015 Java Business Benchmark
 (c) Standard Performance Evaluation Corporation, 2015

Preparing to launch All-in-one SPECjbb2015.

Reading property file: /shared/projects/openjdk/analysis/lilliput-benefits/specjbb/results-COH-ON-G1-2/./config/specjbb2015.props

     0s: Enumerating plugins...
     0s:    Connectivity:
     0s:             HTTP_Grizzly: Grizzly HTTP server, JDK HTTP client
     0s:              NIO_Grizzly: Grizzly NIO server, Grizzly NIO client
     0s:               HTTP_Jetty: Jetty HTTP server, JDK HTTP client
     0s:    Snapshot:
     0s:                 InMemory: Stores snapshots in heap memory
     0s:    Data Writers:
     0s:                     Demo: Send all frame to listener
     0s:                   InFile: Writing Data into file
     0s:                   Silent: Drop all frames
     0s: 
     0s: Kit validation is skipped.
     0s: Tests are skipped.
     0s: 
     0s: [0.994s][info][gc,start    ] GC(0) Pause Young (Normal) (G1 Evacuation Pause)
[0.994s][info][gc,task     ] GC(0) Using 6 workers of 6 for evacuation
[1.000s][info][gc,phases   ] GC(0)   Pre Evacuate Collection Set: 0.30ms
[1.000s][info][gc,phases   ] GC(0)   Merge Heap Roots: 0.08ms
[1.000s][info][gc,phases   ] GC(0)   Evacuate Collection Set: 4.25ms
[1.000s][info][gc,phases   ] GC(0)   Post Evacuate Collection Set: 0.47ms
[1.000s][info][gc,phases   ] GC(0)   Other: 0.37ms
[1.000s][info][gc,heap     ] GC(0) Eden regions: 102->0(99)
[1.000s][info][gc,heap     ] GC(0) Survivor regions: 0->3(13)
[1.000s][info][gc,heap     ] GC(0) Old regions: 0->0
[1.000s][info][gc,heap     ] GC(0) Humongous regions: 0->0
[1.000s][info][gc,metaspace] GC(0) Metaspace: 21112K(21312K)->21112K(21312K) NonClass: 17112K(17216K)->17112K(17216K) Class: 3999K(4096K)->3999K(4096K)
[1.000s][info][gc          ] GC(0) Pause Young (Normal) (G1 Evacuation Pause) 204M->4M(4096M) 5.634ms
[1.000s][info][gc,cpu      ] GC(0) User=0.02s Sys=0.01s Real=0.01s
[1.150s][info][gc,start    ] GC(1) Pause Young (Concurrent Start) (Metadata GC Threshold)
[1.150s][info][gc,task     ] GC(1) Using 6 workers of 6 for evacuation
[1.153s][info][gc,phases   ] GC(1)   Pre Evacuate Collection Set: 0.34ms
[1.153s][info][gc,phases   ] GC(1)   Merge Heap Roots: 0.02ms
[1.153s][info][gc,phases   ] GC(1)   Evacuate Collection Set: 2.47ms
[1.153s][info][gc,phases   ] GC(1)   Post Evacuate Collection Set: 0.29ms
[1.153s][info][gc,phases   ] GC(1)   Other: 0.05ms
[1.153s][info][gc,heap     ] GC(1) Eden regions: 47->0(99)
[1.153s][info][gc,heap     ] GC(1) Survivor regions: 3->3(13)
[1.153s][info][gc,heap     ] GC(1) Old regions: 0->0
[1.153s][info][gc,heap     ] GC(1) Humongous regions: 0->0
[1.153s][info][gc,metaspace] GC(1) Metaspace: 21413K(21504K)->21413K(21504K) NonClass: 17385K(17408K)->17385K(17408K) Class: 4028K(4096K)->4028K(4096K)
[1.153s][info][gc          ] GC(1) Pause Young (Concurrent Start) (Metadata GC Threshold) 98M->5M(4096M) 3.299ms
[1.153s][info][gc,cpu      ] GC(1) User=0.02s Sys=0.00s Real=0.00s
[1.153s][info][gc          ] GC(2) Concurrent Mark Cycle
[1.153s][info][gc,marking  ] GC(2) Concurrent Scan Root Regions
[1.155s][info][gc,marking  ] GC(2) Concurrent Scan Root Regions 1.767ms
[1.155s][info][gc,marking  ] GC(2) Concurrent Mark
[1.155s][info][gc,marking  ] GC(2) Concurrent Mark From Roots
[1.155s][info][gc,task     ] GC(2) Using 2 workers of 2 for marking
[1.156s][info][gc,marking  ] GC(2) Concurrent Mark From Roots 0.725ms
[1.156s][info][gc,marking  ] GC(2) Concurrent Preclean
[1.156s][info][gc,marking  ] GC(2) Concurrent Preclean 0.005ms
[1.156s][info][gc,start    ] GC(2) Pause Remark
[1.156s][info][gc          ] GC(2) Pause Remark 6M->6M(4096M) 0.791ms
[1.156s][info][gc,cpu      ] GC(2) User=0.00s Sys=0.00s Real=0.00s
[1.156s][info][gc,marking  ] GC(2) Concurrent Mark 1.582ms
[1.156s][info][gc,marking  ] GC(2) Concurrent Rebuild Remembered Sets and Scrub Regions
[1.157s][info][gc,marking  ] GC(2) Concurrent Rebuild Remembered Sets and Scrub Regions 0.059ms
[1.157s][info][gc,start    ] GC(2) Pause Cleanup
[1.157s][info][gc          ] GC(2) Pause Cleanup 6M->6M(4096M) 0.011ms
[1.157s][info][gc,cpu      ] GC(2) User=0.00s Sys=0.00s Real=0.00s
[1.157s][info][gc,marking  ] GC(2) Concurrent Clear Claimed Marks
[1.157s][info][gc,marking  ] GC(2) Concurrent Clear Claimed Marks 0.006ms
[1.157s][info][gc,marking  ] GC(2) Concurrent Cleanup for Next Mark
[1.162s][info][gc,marking  ] GC(2) Concurrent Cleanup for Next Mark 5.329ms
[1.162s][info][gc          ] GC(2) Concurrent Mark Cycle 8.943ms
Ladies and gentlemen, this is your Controller speaking.
     1s: We are delighted in having you for benchmark run today.
     1s: 
     1s: Binary log file is ./specjbb2015-C-20240908-00001.data.gz
     1s: 
     1s: Performing handshake with all agents ...
     1s: 
     1s:  Agent Group1.TxInjector.CompositeTxInjector has attached to Controller
     1s:  Agent Group1.Backend.CompositeBackend has attached to Controller
     1s: 
     1s: All agents have connected.
     1s: 
     1s: Attached agents info:

Group "Group1"
    TxInjectors:
        CompositeTxInjector, includes { Driver } @ [local in-Java link]
    Backends:
        CompositeBackend, includes { SM(2),SP(2) } @ [local in-Java link]

     1s: Initializing... (init[1.366s][info][gc,start    ] GC(3) Pause Young (Normal) (G1 Evacuation Pause)
[1.366s][info][gc,task     ] GC(3) Using 6 workers of 6 for evacuation
[1.430s][info][gc,phases   ] GC(3)   Pre Evacuate Collection Set: 0.28ms
[1.430s][info][gc,phases   ] GC(3)   Merge Heap Roots: 0.07ms
[1.430s][info][gc,phases   ] GC(3)   Evacuate Collection Set: 63.02ms
[1.430s][info][gc,phases   ] GC(3)   Post Evacuate Collection Set: 0.61ms
[1.430s][info][gc,phases   ] GC(3)   Other: 0.06ms
[1.430s][info][gc,heap     ] GC(3) Eden regions: 99->0(89)
[1.430s][info][gc,heap     ] GC(3) Survivor regions: 3->13(13)
[1.430s][info][gc,heap     ] GC(3) Old regions: 0->54
[1.430s][info][gc,heap     ] GC(3) Humongous regions: 15->15
[1.430s][info][gc,metaspace] GC(3) Metaspace: 22666K(22848K)->22666K(22848K) NonClass: 18404K(18496K)->18404K(18496K) Class: 4261K(4352K)->4261K(4352K)
[1.430s][info][gc          ] GC(3) Pause Young (Normal) (G1 Evacuation Pause) 233M->163M(4096M) 64.173ms
[1.430s][info][gc,cpu      ] GC(3) User=0.33s Sys=0.05s Real=0.07s
[1.521s][info][gc,start    ] GC(4) Pause Young (Normal) (G1 Evacuation Pause)
[1.521s][info][gc,task     ] GC(4) Using 6 workers of 6 for evacuation
[1.596s][info][gc,phases   ] GC(4)   Pre Evacuate Collection Set: 0.25ms
[1.596s][info][gc,phases   ] GC(4)   Merge Heap Roots: 0.21ms
[1.596s][info][gc,phases   ] GC(4)   Evacuate Collection Set: 74.06ms
[1.596s][info][gc,phases   ] GC(4)   Post Evacuate Collection Set: 0.41ms
[1.596s][info][gc,phases   ] GC(4)   Other: 0.05ms
[1.596s][info][gc,heap     ] GC(4) Eden regions: 89->0(89)
[1.596s][info][gc,heap     ] GC(4) Survivor regions: 13->13(13)
[1.596s][info][gc,heap     ] GC(4) Old regions: 54->122
[1.596s][info][gc,heap     ] GC(4) Humongous regions: 15->15
[1.596s][info][gc,metaspace] GC(4) Metaspace: 22681K(22848K)->22681K(22848K) NonClass: 18420K(18496K)->18420K(18496K) Class: 4261K(4352K)->4261K(4352K)
[1.596s][info][gc          ] GC(4) Pause Young (Normal) (G1 Evacuation Pause) 341M->300M(4096M) 75.138ms
[1.596s][info][gc,cpu      ] GC(4) User=0.41s Sys=0.03s Real=0.07s
[1.696s][info][gc,start    ] GC(5) Pause Young (Normal) (G1 Evacuation Pause)
[1.696s][info][gc,task     ] GC(5) Using 6 workers of 6 for evacuation
[1.770s][info][gc,phases   ] GC(5)   Pre Evacuate Collection Set: 0.31ms
[1.770s][info][gc,phases   ] GC(5)   Merge Heap Roots: 0.11ms
[1.770s][info][gc,phases   ] GC(5)   Evacuate Collection Set: 73.53ms
[1.770s][info][gc,phases   ] GC(5)   Post Evacuate Collection Set: 0.26ms
[1.770s][info][gc,phases   ] GC(5)   Other: 0.05ms
[1.770s][info][gc,heap     ] GC(5) Eden regions: 89->0(89)
[1.770s][info][gc,heap     ] GC(5) Survivor regions: 13->13(13)
[1.770s][info][gc,heap     ] GC(5) Old regions: 122->192
[1.770s][info][gc,heap     ] GC(5) Humongous regions: 19->19
[1.770s][info][gc,metaspace] GC(5) Metaspace: 22694K(22848K)->22694K(22848K) NonClass: 18432K(18496K)->18432K(18496K) Class: 4261K(4352K)->4261K(4352K)
[1.770s][info][gc          ] GC(5) Pause Young (Normal) (G1 Evacuation Pause) 486M->448M(4096M) 74.373ms
[1.770s][info][gc,cpu      ] GC(5) User=0.42s Sys=0.01s Real=0.08s
[1.850s][info][gc,start    ] GC(6) Pause Young (Normal) (G1 Evacuation Pause)
[1.850s][info][gc,task     ] GC(6) Using 6 workers of 6 for evacuation
[1.930s][info][gc,phases   ] GC(6)   Pre Evacuate Collection Set: 0.31ms
[1.930s][info][gc,phases   ] GC(6)   Merge Heap Roots: 0.10ms
[1.930s][info][gc,phases   ] GC(6)   Evacuate Collection Set: 79.57ms
[1.930s][info][gc,phases   ] GC(6)   Post Evacuate Collection Set: 0.24ms
[1.930s][info][gc,phases   ] GC(6)   Other: 0.06ms
[1.930s][info][gc,heap     ] GC(6) Eden regions: 89->0(89)
[1.930s][info][gc,heap     ] GC(6) Survivor regions: 13->13(13)
[1.930s][info][gc,heap     ] GC(6) Old regions: 192->270
[1.930s][info][gc,heap     ] GC(6) Humongous regions: 19->19
[1.930s][info][gc,metaspace] GC(6) Metaspace: 22700K(22848K)->22700K(22848K) NonClass: 18438K(18496K)->18438K(18496K) Class: 4261K(4352K)->4261K(4352K)
[1.930s][info][gc          ] GC(6) Pause Young (Normal) (G1 Evacuation Pause) 626M->603M(4096M) 80.477ms
[1.930s][info][gc,cpu      ] GC(6) User=0.46s Sys=0.02s Real=0.08s
[1.991s][info][gc,start    ] GC(7) Pause Young (Normal) (G1 Evacuation Pause)
[1.992s][info][gc,task     ] GC(7) Using 6 workers of 6 for evacuation
[2.071s][info][gc,phases   ] GC(7)   Pre Evacuate Collection Set: 0.46ms
[2.071s][info][gc,phases   ] GC(7)   Merge Heap Roots: 0.06ms
[2.071s][info][gc,phases   ] GC(7)   Evacuate Collection Set: 78.16ms
[2.071s][info][gc,phases   ] GC(7)   Post Evacuate Collection Set: 0.22ms
[2.071s][info][gc,phases   ] GC(7)   Other: 0.07ms
[2.071s][info][gc,heap     ] GC(7) Eden regions: 89->0(89)
[2.071s][info][gc,heap     ] GC(7) Survivor regions: 13->13(13)
[2.071s][info][gc,heap     ] GC(7) Old regions: 270->347
[2.071s][info][gc,heap     ] GC(7) Humongous regions: 19->19
[2.071s][info][gc,metaspace] GC(7) Metaspace: 22711K(22912K)->22711K(22912K) NonClass: 18449K(18560K)->18449K(18560K) Class: 4261K(4352K)->4261K(4352K)
[2.071s][info][gc          ] GC(7) Pause Young (Normal) (G1 Evacuation Pause) 781M->758M(4096M) 79.165ms
[2.071s][info][gc,cpu      ] GC(7) User=0.45s Sys=0.01s Real=0.08s
[2.346s][info][gc,start    ] GC(8) Pause Young (Normal) (G1 Evacuation Pause)
[2.346s][info][gc,task     ] GC(8) Using 6 workers of 6 for evacuation
[2.425s][info][gc,phases   ] GC(8)   Pre Evacuate Collection Set: 0.27ms
[2.425s][info][gc,phases   ] GC(8)   Merge Heap Roots: 0.09ms
[2.425s][info][gc,phases   ] GC(8)   Evacuate Collection Set: 78.07ms
[2.425s][info][gc,phases   ] GC(8)   Post Evacuate Collection Set: 0.24ms
[2.425s][info][gc,phases   ] GC(8)   Other: 0.05ms
[2.425s][info][gc,heap     ] GC(8) Eden regions: 89->0(89)
[2.425s][info][gc,heap     ] GC(8) Survivor regions: 13->13(13)
[2.425s][info][gc,heap     ] GC(8) Old regions: 347->400
[2.425s][info][gc,heap     ] GC(8) Humongous regions: 29->29
[2.425s][info][gc,metaspace] GC(8) Metaspace: 22747K(22976K)->22747K(22976K) NonClass: 18482K(18560K)->18482K(18560K) Class: 4264K(4416K)->4264K(4416K)
[2.425s][info][gc          ] GC(8) Pause Young (Normal) (G1 Evacuation Pause) 956M->884M(4096M) 78.867ms
[2.425s][info][gc,cpu      ] GC(8) User=0.45s Sys=0.02s Real=0.08s
[2.616s][info][gc,start    ] GC(9) Pause Young (Normal) (G1 Evacuation Pause)
[2.616s][info][gc,task     ] GC(9) Using 6 workers of 6 for evacuation
[2.714s][info][gc,phases   ] GC(9)   Pre Evacuate Collection Set: 0.36ms
[2.714s][info][gc,phases   ] GC(9)   Merge Heap Roots: 0.31ms
[2.714s][info][gc,phases   ] GC(9)   Evacuate Collection Set: 96.88ms
[2.714s][info][gc,phases   ] GC(9)   Post Evacuate Collection Set: 0.29ms
[2.714s][info][gc,phases   ] GC(9)   Other: 0.05ms
[2.714s][info][gc,heap     ] GC(9) Eden regions: 89->0(89)
[2.714s][info][gc,heap     ] GC(9) Survivor regions: 13->13(13)
[2.714s][info][gc,heap     ] GC(9) Old regions: 400->447
[2.714s][info][gc,heap     ] GC(9) Humongous regions: 38->38
[2.714s][info][gc,metaspace] GC(9) Metaspace: 22786K(23040K)->22786K(23040K) NonClass: 18520K(18624K)->18520K(18624K) Class: 4266K(4416K)->4266K(4416K)
[2.714s][info][gc          ] GC(9) Pause Young (Normal) (G1 Evacuation Pause) 1080M->996M(4096M) 98.011ms
[2.714s][info][gc,cpu      ] GC(9) User=0.42s Sys=0.00s Real=0.10s
) OK
     2s: 
     2s: Check whether properties are compliant
     2s: (validation=PASSED) Property settings are COMPLIANT.
     2s: 
     2s: Searching for high-bound for max-jOPS possible for this system
     2s: Searching from base IR = 100
     2s:       rampup IR =      0 [reconfig (term) [2.993s][info][gc,start    ] GC(10) Pause Full (System.gc())
[2.993s][info][gc,task     ] GC(10) Using 6 workers of 6 for full compaction
[2.994s][info][gc,phases,start] GC(10) Phase 1: Mark live objects
[3.008s][info][gc,phases      ] GC(10) Phase 1: Mark live objects 14.684ms
[3.008s][info][gc,phases,start] GC(10) Phase 2: Prepare compaction
[3.015s][info][gc,phases      ] GC(10) Phase 2: Prepare compaction 6.910ms
[3.015s][info][gc,phases,start] GC(10) Phase 3: Adjust pointers
[3.024s][info][gc,phases      ] GC(10) Phase 3: Adjust pointers 8.286ms
[3.024s][info][gc,phases,start] GC(10) Phase 4: Compact heap
[3.034s][info][gc,phases      ] GC(10) Phase 4: Compact heap 9.940ms
[3.034s][info][gc,phases,start] GC(10) Phase 5: Reset Metadata
[3.035s][info][gc,phases      ] GC(10) Phase 5: Reset Metadata 1.368ms
[3.040s][info][gc,heap        ] GC(10) Eden regions: 62->0(102)
[3.040s][info][gc,heap        ] GC(10) Survivor regions: 13->0(13)
[3.040s][info][gc,heap        ] GC(10) Old regions: 447->32
[3.040s][info][gc,heap        ] GC(10) Humongous regions: 46->13
[3.040s][info][gc,metaspace   ] GC(10) Metaspace: 23047K(23232K)->23047K(23232K) NonClass: 18739K(18816K)->18739K(18816K) Class: 4307K(4416K)->4307K(4416K)
[3.040s][info][gc             ] GC(10) Pause Full (System.gc()) 1136M->86M(4096M) 46.644ms
[3.040s][info][gc,cpu         ] GC(10) User=0.25s Sys=0.00s Real=0.05s
(init[3.352s][info][gc,start       ] GC(11) Pause Young (Normal) (G1 Evacuation Pause)
[3.352s][info][gc,task        ] GC(11) Using 6 workers of 6 for evacuation
[3.406s][info][gc,phases      ] GC(11)   Pre Evacuate Collection Set: 0.30ms
[3.406s][info][gc,phases      ] GC(11)   Merge Heap Roots: 0.05ms
[3.406s][info][gc,phases      ] GC(11)   Evacuate Collection Set: 53.37ms
[3.406s][info][gc,phases      ] GC(11)   Post Evacuate Collection Set: 0.33ms
[3.406s][info][gc,phases      ] GC(11)   Other: 0.05ms
[3.406s][info][gc,heap        ] GC(11) Eden regions: 102->0(89)
[3.406s][info][gc,heap        ] GC(11) Survivor regions: 0->13(13)
[3.406s][info][gc,heap        ] GC(11) Old regions: 32->89
[3.406s][info][gc,heap        ] GC(11) Humongous regions: 15->15
[3.406s][info][gc,metaspace   ] GC(11) Metaspace: 23057K(23232K)->23057K(23232K) NonClass: 18749K(18816K)->18749K(18816K) Class: 4307K(4416K)->4307K(4416K)
[3.406s][info][gc             ] GC(11) Pause Young (Normal) (G1 Evacuation Pause) 294M->230M(4096M) 54.234ms
[3.406s][info][gc,cpu         ] GC(11) User=0.32s Sys=0.00s Real=0.05s
[3.431s][info][gc,start       ] GC(12) Pause Young (Normal) (G1 Evacuation Pause)
[3.431s][info][gc,task        ] GC(12) Using 6 workers of 6 for evacuation
[3.503s][info][gc,phases      ] GC(12)   Pre Evacuate Collection Set: 0.30ms
[3.503s][info][gc,phases      ] GC(12)   Merge Heap Roots: 0.27ms
[3.503s][info][gc,phases      ] GC(12)   Evacuate Collection Set: 71.07ms
[3.503s][info][gc,phases      ] GC(12)   Post Evacuate Collection Set: 0.20ms
[3.503s][info][gc,phases      ] GC(12)   Other: 0.06ms
[3.503s][info][gc,heap        ] GC(12) Eden regions: 89->0(89)
[3.503s][info][gc,heap        ] GC(12) Survivor regions: 13->13(13)
[3.503s][info][gc,heap        ] GC(12) Old regions: 89->167
[3.503s][info][gc,heap        ] GC(12) Humongous regions: 15->15
[3.503s][info][gc,metaspace   ] GC(12) Metaspace: 23057K(23232K)->23057K(23232K) NonClass: 18749K(18816K)->18749K(18816K) Class: 4307K(4416K)->4307K(4416K)
[3.503s][info][gc             ] GC(12) Pause Young (Normal) (G1 Evacuation Pause) 408M->385M(4096M) 72.037ms
[3.503s][info][gc,cpu         ] GC(12) User=0.43s Sys=0.00s Real=0.07s
[3.524s][info][gc,start       ] GC(13) Pause Young (Normal) (G1 Evacuation Pause)
[3.524s][info][gc,task        ] GC(13) Using 6 workers of 6 for evacuation
[3.587s][info][gc,phases      ] GC(13)   Pre Evacuate Collection Set: 0.31ms
[3.587s][info][gc,phases      ] GC(13)   Merge Heap Roots: 0.06ms
[3.587s][info][gc,phases      ] GC(13)   Evacuate Collection Set: 62.64ms
[3.587s][info][gc,phases      ] GC(13)   Post Evacuate Collection Set: 0.20ms
[3.587s][info][gc,phases      ] GC(13)   Other: 0.05ms
[3.587s][info][gc,heap        ] GC(13) Eden regions: 89->0(89)
[3.587s][info][gc,heap        ] GC(13) Survivor regions: 13->13(13)
[3.587s][info][gc,heap        ] GC(13) Old regions: 167->244
[3.587s][info][gc,heap        ] GC(13) Humongous regions: 15->15
[3.587s][info][gc,metaspace   ] GC(13) Metaspace: 23057K(23232K)->23057K(23232K) NonClass: 18749K(18816K)->18749K(18816K) Class: 4307K(4416K)->4307K(4416K)
[3.587s][info][gc             ] GC(13) Pause Young (Normal) (G1 Evacuation Pause) 563M->540M(4096M) 63.406ms
[3.587s][info][gc,cpu         ] GC(13) User=0.38s Sys=0.00s Real=0.06s
[3.610s][info][gc,start       ] GC(14) Pause Young (Normal) (G1 Evacuation Pause)
[3.610s][info][gc,task        ] GC(14) Using 6 workers of 6 for evacuation
[3.672s][info][gc,phases      ] GC(14)   Pre Evacuate Collection Set: 0.30ms
[3.672s][info][gc,phases      ] GC(14)   Merge Heap Roots: 0.08ms
[3.672s][info][gc,phases      ] GC(14)   Evacuate Collection Set: 61.76ms
[3.672s][info][gc,phases      ] GC(14)   Post Evacuate Collection Set: 0.23ms
[3.672s][info][gc,phases      ] GC(14)   Other: 0.05ms
[3.672s][info][gc,heap        ] GC(14) Eden regions: 89->0(89)
[3.672s][info][gc,heap        ] GC(14) Survivor regions: 13->13(13)
[3.672s][info][gc,heap        ] GC(14) Old regions: 244->320
[3.672s][info][gc,heap        ] GC(14) Humongous regions: 15->15
[3.672s][info][gc,metaspace   ] GC(14) Metaspace: 23062K(23232K)->23062K(23232K) NonClass: 18755K(18816K)->18755K(18816K) Class: 4307K(4416K)->4307K(4416K)
[3.672s][info][gc             ] GC(14) Pause Young (Normal) (G1 Evacuation Pause) 718M->692M(4096M) 62.569ms
[3.672s][info][gc,cpu         ] GC(14) User=0.37s Sys=0.00s Real=0.06s
[3.828s][info][gc,start       ] GC(15) Pause Young (Normal) (G1 Evacuation Pause)
[3.828s][info][gc,task        ] GC(15) Using 6 workers of 6 for evacuation
[3.894s][info][gc,phases      ] GC(15)   Pre Evacuate Collection Set: 0.29ms
[3.894s][info][gc,phases      ] GC(15)   Merge Heap Roots: 0.15ms
[3.894s][info][gc,phases      ] GC(15)   Evacuate Collection Set: 64.93ms
[3.894s][info][gc,phases      ] GC(15)   Post Evacuate Collection Set: 0.21ms
[3.894s][info][gc,phases      ] GC(15)   Other: 0.05ms
[3.894s][info][gc,heap        ] GC(15) Eden regions: 90->0(105)
[3.894s][info][gc,heap        ] GC(15) Survivor regions: 13->13(13)
[3.894s][info][gc,heap        ] GC(15) Old regions: 320->379
[3.894s][info][gc,heap        ] GC(15) Humongous regions: 22->22
[3.894s][info][gc,metaspace   ] GC(15) Metaspace: 23069K(23232K)->23069K(23232K) NonClass: 18761K(18816K)->18761K(18816K) Class: 4307K(4416K)->4307K(4416K)
[3.894s][info][gc             ] GC(15) Pause Young (Normal) (G1 Evacuation Pause) 886M->823M(4096M) 65.783ms
[3.894s][info][gc,cpu         ] GC(15) User=0.39s Sys=0.00s Real=0.07s
[4.084s][info][gc,start       ] GC(16) Pause Young (Normal) (G1 Evacuation Pause)
[4.084s][info][gc,task        ] GC(16) Using 6 workers of 6 for evacuation
[4.155s][info][gc,phases      ] GC(16)   Pre Evacuate Collection Set: 0.28ms
[4.155s][info][gc,phases      ] GC(16)   Merge Heap Roots: 0.20ms
[4.155s][info][gc,phases      ] GC(16)   Evacuate Collection Set: 69.66ms
[4.155s][info][gc,phases      ] GC(16)   Post Evacuate Collection Set: 0.51ms
[4.155s][info][gc,phases      ] GC(16)   Other: 0.05ms
[4.155s][info][gc,heap        ] GC(16) Eden regions: 98->0(121)
[4.155s][info][gc,heap        ] GC(16) Survivor regions: 13->14(14)
[4.155s][info][gc,heap        ] GC(16) Old regions: 379->439
[4.155s][info][gc,heap        ] GC(16) Humongous regions: 30->30
[4.155s][info][gc,metaspace   ] GC(16) Metaspace: 23070K(23232K)->23070K(23232K) NonClass: 18762K(18816K)->18762K(18816K) Class: 4307K(4416K)->4307K(4416K)
[4.155s][info][gc             ] GC(16) Pause Young (Normal) (G1 Evacuation Pause) 1035M->962M(4096M) 70.834ms
[4.155s][info][gc,cpu         ] GC(16) User=0.42s Sys=0.00s Real=0.07s
[4.364s][info][gc,start       ] GC(17) Pause Young (Normal) (G1 Evacuation Pause)
[4.364s][info][gc,task        ] GC(17) Using 6 workers of 6 for evacuation
[4.452s][info][gc,phases      ] GC(17)   Pre Evacuate Collection Set: 0.27ms
[4.452s][info][gc,phases      ] GC(17)   Merge Heap Roots: 0.45ms
[4.452s][info][gc,phases      ] GC(17)   Evacuate Collection Set: 87.12ms
[4.452s][info][gc,phases      ] GC(17)   Post Evacuate Collection Set: 0.27ms
[4.452s][info][gc,phases      ] GC(17)   Other: 0.05ms
[4.452s][info][gc,heap        ] GC(17) Eden regions: 88->0(110)
[4.452s][info][gc,heap        ] GC(17) Survivor regions: 14->13(13)
[4.452s][info][gc,heap        ] GC(17) Old regions: 439->484
[4.452s][info][gc,heap        ] GC(17) Humongous regions: 45->45
[4.452s][info][gc,metaspace   ] GC(17) Metaspace: 23070K(23296K)->23070K(23296K) NonClass: 18762K(18880K)->18762K(18880K) Class: 4307K(4416K)->4307K(4416K)
[4.452s][info][gc             ] GC(17) Pause Young (Normal) (G1 Evacuation Pause) 1168M->1080M(4096M) 88.306ms
[4.452s][info][gc,cpu         ] GC(17) User=0.51s Sys=0.02s Real=0.09s
) ] ... (rIR:aIR:PR = 0:0:0) (tPR = 0) [OK] 
     7s:       rampup IR =     10 ... (rIR:aIR:PR = 10:12:12) (tPR = 977) [OK] 
    10s:       rampup IR =     20 ... (rIR:aIR:PR = 20:18:18) (tPR = 1266) [OK] 
    13s:       rampup IR =     30 .... (rIR:aIR:PR = 30:26:26) (tPR = 1736) [OK] 
    17s:       rampup IR =     40 .... (rIR:aIR:PR = 40:39:39) (tPR = 2865) [OK] 
    21s:       rampup IR =     50 .... (rIR:aIR:PR = 50:54:53) (tPR = 3177) [OK] 
    25s:       rampup IR =     60 ...[28.724s][info][gc,start       ] GC(18) Pause Young (Normal) (G1 Evacuation Pause)
[28.724s][info][gc,task        ] GC(18) Using 6 workers of 6 for evacuation
[28.752s][info][gc,phases      ] GC(18)   Pre Evacuate Collection Set: 0.39ms
[28.752s][info][gc,phases      ] GC(18)   Merge Heap Roots: 0.23ms
[28.752s][info][gc,phases      ] GC(18)   Evacuate Collection Set: 27.44ms
[28.752s][info][gc,phases      ] GC(18)   Post Evacuate Collection Set: 0.28ms
[28.752s][info][gc,phases      ] GC(18)   Other: 0.06ms
[28.752s][info][gc,heap        ] GC(18) Eden regions: 137->0(164)
[28.752s][info][gc,heap        ] GC(18) Survivor regions: 13->8(19)
[28.752s][info][gc,heap        ] GC(18) Old regions: 484->499
[28.752s][info][gc,heap        ] GC(18) Humongous regions: 46->46
[28.752s][info][gc,metaspace   ] GC(18) Metaspace: 25101K(25216K)->25101K(25216K) NonClass: 20615K(20672K)->20615K(20672K) Class: 4486K(4544K)->4486K(4544K)
[28.753s][info][gc             ] GC(18) Pause Young (Normal) (G1 Evacuation Pause) 1356M->1102M(4096M) 28.533ms
[28.753s][info][gc,cpu         ] GC(18) User=0.15s Sys=0.02s Real=0.03s
. (rIR:aIR:PR = 60:59:58) (tPR = 3565) [OK] 
    29s:       rampup IR =     70 .... (rIR:aIR:PR = 70:67:65) (tPR = 3872) [OK] 
    33s:       rampup IR =     80 .... (rIR:aIR:PR = 80:77:76) (tPR = 4264) [OK] 
    37s:       rampup IR =     90 .... (rIR:aIR:PR = 90:93:91) (tPR = 4620) [OK] 
    41s:       rampup IR =    100 .... (rIR:aIR:PR = 100:101:99) (tPR = 4189) [OK] 
    45s:    snapshot, IR =    100 ....|.[51.177s][info][gc,start       ] GC(19) Pause Young (Normal) (G1 Evacuation Pause)
[51.177s][info][gc,task        ] GC(19) Using 6 workers of 6 for evacuation
[51.201s][info][gc,phases      ] GC(19)   Pre Evacuate Collection Set: 0.36ms
[51.201s][info][gc,phases      ] GC(19)   Merge Heap Roots: 0.21ms
[51.201s][info][gc,phases      ] GC(19)   Evacuate Collection Set: 23.18ms
[51.201s][info][gc,phases      ] GC(19)   Post Evacuate Collection Set: 0.35ms
[51.201s][info][gc,phases      ] GC(19)   Other: 0.07ms
[51.201s][info][gc,heap        ] GC(19) Eden regions: 192->0(212)
[51.201s][info][gc,heap        ] GC(19) Survivor regions: 8->19(25)
[51.201s][info][gc,heap        ] GC(19) Old regions: 499->499
[51.201s][info][gc,heap        ] GC(19) Humongous regions: 46->46
[51.201s][info][gc,metaspace   ] GC(19) Metaspace: 25262K(25408K)->25262K(25408K) NonClass: 20773K(20864K)->20773K(20864K) Class: 4488K(4544K)->4488K(4544K)
[51.201s][info][gc             ] GC(19) Pause Young (Normal) (G1 Evacuation Pause) 1486M->1124M(4096M) 24.281ms
[51.201s][info][gc,cpu         ] GC(19) User=0.13s Sys=0.01s Real=0.03s
.........................[76.015s][info][gc,start       ] GC(20) Pause Young (Normal) (G1 Evacuation Pause)
[76.015s][info][gc,task        ] GC(20) Using 6 workers of 6 for evacuation
[76.050s][info][gc,phases      ] GC(20)   Pre Evacuate Collection Set: 0.35ms
[76.050s][info][gc,phases      ] GC(20)   Merge Heap Roots: 0.23ms
[76.050s][info][gc,phases      ] GC(20)   Evacuate Collection Set: 33.59ms
[76.050s][info][gc,phases      ] GC(20)   Post Evacuate Collection Set: 0.47ms
[76.050s][info][gc,phases      ] GC(20)   Other: 0.07ms
[76.050s][info][gc,heap        ] GC(20) Eden regions: 234->0(270)
[76.050s][info][gc,heap        ] GC(20) Survivor regions: 19->26(32)
[76.050s][info][gc,heap        ] GC(20) Old regions: 499->506
[76.050s][info][gc,heap        ] GC(20) Humongous regions: 46->46
[76.050s][info][gc,metaspace   ] GC(20) Metaspace: 27232K(27520K)->27232K(27520K) NonClass: 22415K(22592K)->22415K(22592K) Class: 4816K(4928K)->4816K(4928K)
[76.050s][info][gc             ] GC(20) Pause Young (Normal) (G1 Evacuation Pause) 1592M->1151M(4096M) 34.835ms
[76.050s][info][gc,cpu         ] GC(20) User=0.19s Sys=0.01s Real=0.04s
.... (rIR:aIR:PR = 100:100:98) (tPR = 3167) [OK] 
    79s: Performing snapshot: (quiescence.....) (stop TxI) (stop BE) (saving... 103355 Kb) (term) [86.675s][info][gc,start       ] GC(21) Pause Full (System.gc())
[86.675s][info][gc,task        ] GC(21) Using 6 workers of 6 for full compaction
[86.675s][info][gc,phases,start] GC(21) Phase 1: Mark live objects
[86.691s][info][gc,phases      ] GC(21) Phase 1: Mark live objects 15.675ms
[86.691s][info][gc,phases,start] GC(21) Phase 2: Prepare compaction
[86.693s][info][gc,phases      ] GC(21) Phase 2: Prepare compaction 2.540ms
[86.693s][info][gc,phases,start] GC(21) Phase 3: Adjust pointers
[86.700s][info][gc,phases      ] GC(21) Phase 3: Adjust pointers 6.446ms
[86.700s][info][gc,phases,start] GC(21) Phase 4: Compact heap
[86.702s][info][gc,phases      ] GC(21) Phase 4: Compact heap 2.583ms
[86.702s][info][gc,phases,start] GC(21) Phase 5: Reset Metadata
[86.707s][info][gc,phases      ] GC(21) Phase 5: Reset Metadata 4.084ms
[86.712s][info][gc,heap        ] GC(21) Eden regions: 126->0(316)
[86.712s][info][gc,heap        ] GC(21) Survivor regions: 26->0(32)
[86.712s][info][gc,heap        ] GC(21) Old regions: 506->34
[86.712s][info][gc,heap        ] GC(21) Humongous regions: 331->66
[86.712s][info][gc,metaspace   ] GC(21) Metaspace: 27378K(27584K)->27366K(27584K) NonClass: 22553K(22656K)->22545K(22656K) Class: 4824K(4928K)->4821K(4928K)
[86.712s][info][gc             ] GC(21) Pause Full (System.gc()) 1971M->193M(4096M) 37.822ms
[86.712s][info][gc,cpu         ] GC(21) User=0.19s Sys=0.00s Real=0.04s
(init[87.436s][info][gc,start       ] GC(22) Pause Young (Normal) (G1 Evacuation Pause)
[87.436s][info][gc,task        ] GC(22) Using 6 workers of 6 for evacuation
[87.637s][info][gc,mmu         ] GC(22) MMU target violated: 200.9ms (200.0ms/201.0ms)
[87.637s][info][gc,phases      ] GC(22)   Pre Evacuate Collection Set: 0.33ms
[87.637s][info][gc,phases      ] GC(22)   Merge Heap Roots: 0.38ms
[87.637s][info][gc,phases      ] GC(22)   Evacuate Collection Set: 199.68ms
[87.637s][info][gc,phases      ] GC(22)   Post Evacuate Collection Set: 0.40ms
[87.637s][info][gc,phases      ] GC(22)   Other: 0.17ms
[87.637s][info][gc,heap        ] GC(22) Eden regions: 289->0(216)
[87.637s][info][gc,heap        ] GC(22) Survivor regions: 0->37(37)
[87.637s][info][gc,heap        ] GC(22) Old regions: 34->104
[87.637s][info][gc,heap        ] GC(22) Humongous regions: 121->120
[87.637s][info][gc,metaspace   ] GC(22) Metaspace: 27452K(27712K)->27452K(27712K) NonClass: 22622K(22784K)->22622K(22784K) Class: 4829K(4928K)->4829K(4928K)
[87.637s][info][gc             ] GC(22) Pause Young (Normal) (G1 Evacuation Pause) 881M->515M(4096M) 201.076ms
[87.637s][info][gc,cpu         ] GC(22) User=1.15s Sys=0.03s Real=0.20s
[87.954s][info][gc,start       ] GC(23) Pause Young (Normal) (G1 Evacuation Pause)
[87.954s][info][gc,task        ] GC(23) Using 6 workers of 6 for evacuation
[88.104s][info][gc,phases      ] GC(23)   Pre Evacuate Collection Set: 0.28ms
[88.104s][info][gc,phases      ] GC(23)   Merge Heap Roots: 0.37ms
[88.104s][info][gc,phases      ] GC(23)   Evacuate Collection Set: 149.49ms
[88.104s][info][gc,phases      ] GC(23)   Post Evacuate Collection Set: 0.39ms
[88.104s][info][gc,phases      ] GC(23)   Other: 0.06ms
[88.104s][info][gc,heap        ] GC(23) Eden regions: 207->0(208)
[88.104s][info][gc,heap        ] GC(23) Survivor regions: 37->31(31)
[88.104s][info][gc,heap        ] GC(23) Old regions: 104->211
[88.104s][info][gc,heap        ] GC(23) Humongous regions: 122->122
[88.104s][info][gc,metaspace   ] GC(23) Metaspace: 27484K(27712K)->27484K(27712K) NonClass: 22651K(22784K)->22651K(22784K) Class: 4832K(4928K)->4832K(4928K)
[88.105s][info][gc             ] GC(23) Pause Young (Normal) (G1 Evacuation Pause) 933M->721M(4096M) 150.706ms
[88.105s][info][gc,cpu         ] GC(23) User=0.89s Sys=0.00s Real=0.15s
[88.483s][info][gc,start       ] GC(24) Pause Young (Normal) (G1 Evacuation Pause)
[88.483s][info][gc,task        ] GC(24) Using 6 workers of 6 for evacuation
[88.600s][info][gc,phases      ] GC(24)   Pre Evacuate Collection Set: 0.35ms
[88.600s][info][gc,phases      ] GC(24)   Merge Heap Roots: 0.47ms
[88.600s][info][gc,phases      ] GC(24)   Evacuate Collection Set: 115.50ms
[88.600s][info][gc,phases      ] GC(24)   Post Evacuate Collection Set: 0.30ms
[88.600s][info][gc,phases      ] GC(24)   Other: 0.06ms
[88.600s][info][gc,heap        ] GC(24) Eden regions: 204->0(225)
[88.600s][info][gc,heap        ] GC(24) Survivor regions: 31->30(30)
[88.600s][info][gc,heap        ] GC(24) Old regions: 211->293
[88.600s][info][gc,heap        ] GC(24) Humongous regions: 162->160
[88.600s][info][gc,metaspace   ] GC(24) Metaspace: 27488K(27712K)->27488K(27712K) NonClass: 22655K(22784K)->22655K(22784K) Class: 4833K(4928K)->4833K(4928K)
[88.600s][info][gc             ] GC(24) Pause Young (Normal) (G1 Evacuation Pause) 1209M->959M(4096M) 116.804ms
[88.600s][info][gc,cpu         ] GC(24) User=0.69s Sys=0.00s Real=0.12s
) ...
    91s:       rampup IR =      0 ... (rIR:aIR:PR = 0:0:0) (tPR = 0) [OK] 
    94s:       rampup IR =     10 [95.374s][info][gc,start       ] GC(25) Pause Young (Normal) (G1 Evacuation Pause)
[95.374s][info][gc,task        ] GC(25) Using 6 workers of 6 for evacuation
[95.553s][info][gc,phases      ] GC(25)   Pre Evacuate Collection Set: 0.33ms
[95.553s][info][gc,phases      ] GC(25)   Merge Heap Roots: 0.16ms
[95.553s][info][gc,phases      ] GC(25)   Evacuate Collection Set: 178.21ms
[95.553s][info][gc,phases      ] GC(25)   Post Evacuate Collection Set: 0.33ms
[95.553s][info][gc,phases      ] GC(25)   Other: 0.07ms
[95.553s][info][gc,heap        ] GC(25) Eden regions: 267->0(183)
[95.553s][info][gc,heap        ] GC(25) Survivor regions: 30->38(38)
[95.553s][info][gc,heap        ] GC(25) Old regions: 293->509
[95.553s][info][gc,heap        ] GC(25) Humongous regions: 160->160
[95.553s][info][gc,metaspace   ] GC(25) Metaspace: 27524K(27712K)->27524K(27712K) NonClass: 22691K(22784K)->22691K(22784K) Class: 4833K(4928K)->4833K(4928K)
[95.553s][info][gc             ] GC(25) Pause Young (Normal) (G1 Evacuation Pause) 1493M->1406M(4096M) 179.219ms
[95.553s][info][gc,cpu         ] GC(25) User=1.07s Sys=0.00s Real=0.18s
... (rIR:aIR:PR = 10:10:10) (tPR = 293) [OK] 
    97s:       rampup IR =     20 ... (rIR:aIR:PR = 20:17:17) (tPR = 336) [OK] 
   100s:       rampup IR =     30 .... (rIR:aIR:PR = 30:28:28) (tPR = 752) [OK] 
   104s:       rampup IR =     40 .... (rIR:aIR:PR = 40:41:41) (tPR = 1203) [OK] 
   108s:       rampup IR =     50 .... (rIR:aIR:PR = 50:46:46) (tPR = 1066) [OK] 
   112s:       rampup IR =     60 .... (rIR:aIR:PR = 60:62:61) (tPR = 1355) [OK] 
   116s:       rampup IR =     70 .... (rIR:aIR:PR = 70:74:72) (tPR = 1523) [OK] 
   120s:       rampup IR =     80 .... (rIR:aIR:PR = 80:74:73) (tPR = 1661) [OK] 
   124s:       rampup IR =     90 .... (rIR:aIR:PR = 90:89:88) (tPR = 2134) [OK] 
   128s:       rampup IR =    100 .... (rIR:aIR:PR = 100:101:99) (tPR = 2185) [OK] 
   132s:       trying IR =    200 .... (rIR:aIR:PR = 200:204:200) (tPR = 4818) [OK] 
   136s:       trying IR =    220 ...[140.041s][info][gc,start       ] GC(26) Pause Young (Normal) (G1 Evacuation Pause)
[140.041s][info][gc,task        ] GC(26) Using 6 workers of 6 for evacuation
[140.091s][info][gc,phases      ] GC(26)   Pre Evacuate Collection Set: 0.35ms
[140.091s][info][gc,phases      ] GC(26)   Merge Heap Roots: 0.58ms
[140.091s][info][gc,phases      ] GC(26)   Evacuate Collection Set: 48.93ms
[140.091s][info][gc,phases      ] GC(26)   Post Evacuate Collection Set: 0.44ms
[140.091s][info][gc,phases      ] GC(26)   Other: 0.07ms
[140.091s][info][gc,heap        ] GC(26) Eden regions: 183->0(287)
[140.091s][info][gc,heap        ] GC(26) Survivor regions: 38->17(28)
[140.091s][info][gc,heap        ] GC(26) Old regions: 509->546
[140.091s][info][gc,heap        ] GC(26) Humongous regions: 160->160
[140.091s][info][gc,metaspace   ] GC(26) Metaspace: 27699K(27904K)->27699K(27904K) NonClass: 22864K(22976K)->22864K(22976K) Class: 4835K(4928K)->4835K(4928K)
[140.091s][info][gc             ] GC(26) Pause Young (Normal) (G1 Evacuation Pause) 1772M->1439M(4096M) 50.504ms
[140.091s][info][gc,cpu         ] GC(26) User=0.30s Sys=0.00s Real=0.05s
. (rIR:aIR:PR = 220:218:212) (tPR = 4058) [OK] 
   140s:       trying IR =    244 .... (rIR:aIR:PR = 244:245:238) (tPR = 4993) [OK] 
   144s:       trying IR =    273 ..... (rIR:aIR:PR = 273:277:272) (tPR = 4701) [OK] 
   149s:       trying IR =    307 .... (rIR:aIR:PR = 307:316:309) (tPR = 5733) [OK] 
   153s:       trying IR =    349 [154.446s][info][gc,start       ] GC(27) Pause Young (Normal) (G1 Evacuation Pause)
[154.446s][info][gc,task        ] GC(27) Using 6 workers of 6 for evacuation
[154.487s][info][gc,phases      ] GC(27)   Pre Evacuate Collection Set: 0.34ms
[154.487s][info][gc,phases      ] GC(27)   Merge Heap Roots: 0.60ms
[154.487s][info][gc,phases      ] GC(27)   Evacuate Collection Set: 40.06ms
[154.487s][info][gc,phases      ] GC(27)   Post Evacuate Collection Set: 0.52ms
[154.487s][info][gc,phases      ] GC(27)   Other: 0.06ms
[154.487s][info][gc,heap        ] GC(27) Eden regions: 278->0(328)
[154.487s][info][gc,heap        ] GC(27) Survivor regions: 17->34(37)
[154.487s][info][gc,heap        ] GC(27) Old regions: 546->546
[154.487s][info][gc,heap        ] GC(27) Humongous regions: 160->160
[154.487s][info][gc,metaspace   ] GC(27) Metaspace: 27778K(27968K)->27778K(27968K) NonClass: 22943K(23040K)->22943K(23040K) Class: 4835K(4928K)->4835K(4928K)
[154.487s][info][gc             ] GC(27) Pause Young (Normal) (G1 Evacuation Pause) 1995M->1473M(4096M) 41.731ms
[154.487s][info][gc,cpu         ] GC(27) User=0.24s Sys=0.00s Real=0.04s
.... (rIR:aIR:PR = 349:344:337) (tPR = 6025) [OK] 
   157s:       trying IR =    399 .... (rIR:aIR:PR = 399:404:397) (tPR = 7741) [OK] 
   161s:       trying IR =    458 ..[164.366s][info][gc,start       ] GC(28) Pause Young (Normal) (G1 Evacuation Pause)
[164.366s][info][gc,task        ] GC(28) Using 6 workers of 6 for evacuation
[164.421s][info][gc,phases      ] GC(28)   Pre Evacuate Collection Set: 0.36ms
[164.421s][info][gc,phases      ] GC(28)   Merge Heap Roots: 0.53ms
[164.421s][info][gc,phases      ] GC(28)   Evacuate Collection Set: 54.19ms
[164.421s][info][gc,phases      ] GC(28)   Post Evacuate Collection Set: 0.45ms
[164.421s][info][gc,phases      ] GC(28)   Other: 0.07ms
[164.421s][info][gc,heap        ] GC(28) Eden regions: 318->0(382)
[164.421s][info][gc,heap        ] GC(28) Survivor regions: 34->35(44)
[164.421s][info][gc,heap        ] GC(28) Old regions: 546->562
[164.422s][info][gc,heap        ] GC(28) Humongous regions: 160->160
[164.422s][info][gc,metaspace   ] GC(28) Metaspace: 27830K(28096K)->27830K(28096K) NonClass: 22992K(23168K)->22992K(23168K) Class: 4837K(4928K)->4837K(4928K)
[164.422s][info][gc             ] GC(28) Pause Young (Normal) (G1 Evacuation Pause) 2109M->1506M(4096M) 55.727ms
[164.422s][info][gc,cpu         ] GC(28) User=0.32s Sys=0.02s Real=0.06s
.. (rIR:aIR:PR = 458:467:459) (tPR = 7849) [OK] 
   165s:       trying IR =    530 .... (rIR:aIR:PR = 530:535:524) (tPR = 10317) [OK] 
   169s:       trying IR =    616 ...[172.914s][info][gc,start       ] GC(29) Pause Young (Normal) (G1 Evacuation Pause)
[172.914s][info][gc,task        ] GC(29) Using 6 workers of 6 for evacuation
[172.971s][info][gc,phases      ] GC(29)   Pre Evacuate Collection Set: 0.36ms
[172.971s][info][gc,phases      ] GC(29)   Merge Heap Roots: 0.47ms
[172.971s][info][gc,phases      ] GC(29)   Evacuate Collection Set: 55.41ms
[172.971s][info][gc,phases      ] GC(29)   Post Evacuate Collection Set: 0.40ms
[172.971s][info][gc,phases      ] GC(29)   Other: 0.08ms
[172.971s][info][gc,heap        ] GC(29) Eden regions: 393->0(434)
[172.971s][info][gc,heap        ] GC(29) Survivor regions: 35->39(54)
[172.971s][info][gc,heap        ] GC(29) Old regions: 562->578
[172.971s][info][gc,heap        ] GC(29) Humongous regions: 160->160
[172.971s][info][gc,metaspace   ] GC(29) Metaspace: 27864K(28096K)->27864K(28096K) NonClass: 23025K(23168K)->23025K(23168K) Class: 4838K(4928K)->4838K(4928K)
[172.971s][info][gc             ] GC(29) Pause Young (Normal) (G1 Evacuation Pause) 2292M->1547M(4096M) 56.843ms
[172.971s][info][gc,cpu         ] GC(29) User=0.32s Sys=0.02s Real=0.06s
. (rIR:aIR:PR = 616:619:606) (tPR = 11257) [OK] 
   173s:       trying IR =    719 ..... (rIR:aIR:PR = 719:721:706) (tPR = 12201) [OK] 
   178s:       trying IR =    843 .[180.460s][info][gc,start       ] GC(30) Pause Young (Normal) (G1 Evacuation Pause)
[180.460s][info][gc,task        ] GC(30) Using 6 workers of 6 for evacuation
[180.521s][info][gc,phases      ] GC(30)   Pre Evacuate Collection Set: 0.35ms
[180.521s][info][gc,phases      ] GC(30)   Merge Heap Roots: 0.41ms
[180.521s][info][gc,phases      ] GC(30)   Evacuate Collection Set: 59.37ms
[180.521s][info][gc,phases      ] GC(30)   Post Evacuate Collection Set: 0.53ms
[180.521s][info][gc,phases      ] GC(30)   Other: 0.08ms
[180.521s][info][gc,heap        ] GC(30) Eden regions: 449->0(496)
[180.521s][info][gc,heap        ] GC(30) Survivor regions: 39->46(61)
[180.521s][info][gc,heap        ] GC(30) Old regions: 578->595
[180.521s][info][gc,heap        ] GC(30) Humongous regions: 160->160
[180.521s][info][gc,metaspace   ] GC(30) Metaspace: 27896K(28096K)->27896K(28096K) NonClass: 23057K(23168K)->23057K(23168K) Class: 4838K(4928K)->4838K(4928K)
[180.521s][info][gc             ] GC(30) Pause Young (Normal) (G1 Evacuation Pause) 2445M->1594M(4096M) 60.872ms
[180.521s][info][gc,cpu         ] GC(30) User=0.35s Sys=0.01s Real=0.06s
... (rIR:aIR:PR = 843:832:814) (tPR = 14199) [OK] 
   182s:       trying IR =    992 .... (rIR:aIR:PR = 992:995:973) (tPR = 17225) [OK] 
   186s:       trying IR =   1170 [186.846s][info][gc,start       ] GC(31) Pause Young (Normal) (G1 Evacuation Pause)
[186.846s][info][gc,task        ] GC(31) Using 6 workers of 6 for evacuation
[186.912s][info][gc,phases      ] GC(31)   Pre Evacuate Collection Set: 0.38ms
[186.912s][info][gc,phases      ] GC(31)   Merge Heap Roots: 0.45ms
[186.912s][info][gc,phases      ] GC(31)   Evacuate Collection Set: 63.88ms
[186.912s][info][gc,phases      ] GC(31)   Post Evacuate Collection Set: 0.56ms
[186.912s][info][gc,phases      ] GC(31)   Other: 0.08ms
[186.912s][info][gc,heap        ] GC(31) Eden regions: 511->0(556)
[186.912s][info][gc,heap        ] GC(31) Survivor regions: 46->50(70)
[186.912s][info][gc,heap        ] GC(31) Old regions: 595->614
[186.912s][info][gc,heap        ] GC(31) Humongous regions: 160->160
[186.912s][info][gc,metaspace   ] GC(31) Metaspace: 27962K(28160K)->27962K(28160K) NonClass: 23122K(23232K)->23122K(23232K) Class: 4840K(4928K)->4840K(4928K)
[186.912s][info][gc             ] GC(31) Pause Young (Normal) (G1 Evacuation Pause) 2616M->1640M(4096M) 65.473ms
[186.912s][info][gc,cpu         ] GC(31) User=0.37s Sys=0.02s Real=0.07s
..... (rIR:aIR:PR = 1170:1174:1151) (tPR = 19617) [OK] 
   191s:       trying IR =   1384 [192.615s][info][gc,start       ] GC(32) Pause Young (Normal) (G1 Evacuation Pause)
[192.615s][info][gc,task        ] GC(32) Using 6 workers of 6 for evacuation
[192.688s][info][gc,phases      ] GC(32)   Pre Evacuate Collection Set: 0.34ms
[192.688s][info][gc,phases      ] GC(32)   Merge Heap Roots: 0.39ms
[192.688s][info][gc,phases      ] GC(32)   Evacuate Collection Set: 70.85ms
[192.688s][info][gc,phases      ] GC(32)   Post Evacuate Collection Set: 0.60ms
[192.688s][info][gc,phases      ] GC(32)   Other: 0.08ms
[192.688s][info][gc,heap        ] GC(32) Eden regions: 570->0(608)
[192.688s][info][gc,heap        ] GC(32) Survivor regions: 50->57(78)
[192.688s][info][gc,heap        ] GC(32) Old regions: 614->635
[192.688s][info][gc,heap        ] GC(32) Humongous regions: 160->160
[192.688s][info][gc,metaspace   ] GC(32) Metaspace: 28062K(28352K)->28062K(28352K) NonClass: 23205K(23360K)->23205K(23360K) Class: 4856K(4992K)->4856K(4992K)
[192.688s][info][gc             ] GC(32) Pause Young (Normal) (G1 Evacuation Pause) 2780M->1696M(4096M) 72.405ms
[192.688s][info][gc,cpu         ] GC(32) User=0.42s Sys=0.02s Real=0.07s
.... (rIR:aIR:PR = 1384:1384:1369) (tPR = 24255) [OK] 
   195s:       trying IR =   1641 .[197.730s][info][gc,start       ] GC(33) Pause Young (Normal) (G1 Evacuation Pause)
[197.730s][info][gc,task        ] GC(33) Using 6 workers of 6 for evacuation
[197.809s][info][gc,phases      ] GC(33)   Pre Evacuate Collection Set: 0.33ms
[197.809s][info][gc,phases      ] GC(33)   Merge Heap Roots: 0.39ms
[197.809s][info][gc,phases      ] GC(33)   Evacuate Collection Set: 77.23ms
[197.809s][info][gc,phases      ] GC(33)   Post Evacuate Collection Set: 0.61ms
[197.809s][info][gc,phases      ] GC(33)   Other: 0.07ms
[197.809s][info][gc,heap        ] GC(33) Eden regions: 618->0(661)
[197.809s][info][gc,heap        ] GC(33) Survivor regions: 57->61(85)
[197.809s][info][gc,heap        ] GC(33) Old regions: 635->657
[197.809s][info][gc,heap        ] GC(33) Humongous regions: 162->162
[197.809s][info][gc,metaspace   ] GC(33) Metaspace: 28078K(28352K)->28078K(28352K) NonClass: 23222K(23360K)->23222K(23360K) Class: 4856K(4992K)->4856K(4992K)
[197.809s][info][gc             ] GC(33) Pause Young (Normal) (G1 Evacuation Pause) 2936M->1753M(4096M) 78.760ms
[197.809s][info][gc,cpu         ] GC(33) User=0.45s Sys=0.01s Real=0.07s
.... (rIR:aIR:PR = 1641:1627:1616) (tPR = 26675) [OK] 
   200s:       trying IR =   1949 .[202.410s][info][gc,start       ] GC(34) Pause Young (Normal) (G1 Evacuation Pause)
[202.410s][info][gc,task        ] GC(34) Using 6 workers of 6 for evacuation
[202.492s][info][gc,phases      ] GC(34)   Pre Evacuate Collection Set: 0.34ms
[202.492s][info][gc,phases      ] GC(34)   Merge Heap Roots: 0.41ms
[202.492s][info][gc,phases      ] GC(34)   Evacuate Collection Set: 80.51ms
[202.492s][info][gc,phases      ] GC(34)   Post Evacuate Collection Set: 0.59ms
[202.492s][info][gc,phases      ] GC(34)   Other: 0.08ms
[202.492s][info][gc,heap        ] GC(34) Eden regions: 666->0(713)
[202.492s][info][gc,heap        ] GC(34) Survivor regions: 61->65(91)
[202.492s][info][gc,heap        ] GC(34) Old regions: 657->681
[202.492s][info][gc,heap        ] GC(34) Humongous regions: 162->162
[202.492s][info][gc,metaspace   ] GC(34) Metaspace: 28100K(28352K)->28100K(28352K) NonClass: 23244K(23360K)->23244K(23360K) Class: 4856K(4992K)->4856K(4992K)
[202.492s][info][gc             ] GC(34) Pause Young (Normal) (G1 Evacuation Pause) 3085M->1807M(4096M) 82.060ms
[202.492s][info][gc,cpu         ] GC(34) User=0.46s Sys=0.03s Real=0.08s
... (rIR:aIR:PR = 1949:1950:1950) (tPR = 32610) [OK] 
   204s:       trying IR =   2319 .[206.711s][info][gc,start       ] GC(35) Pause Young (Normal) (G1 Evacuation Pause)
[206.711s][info][gc,task        ] GC(35) Using 6 workers of 6 for evacuation
[206.806s][info][gc,phases      ] GC(35)   Pre Evacuate Collection Set: 0.35ms
[206.806s][info][gc,phases      ] GC(35)   Merge Heap Roots: 0.43ms
[206.806s][info][gc,phases      ] GC(35)   Evacuate Collection Set: 93.38ms
[206.806s][info][gc,phases      ] GC(35)   Post Evacuate Collection Set: 0.78ms
[206.806s][info][gc,phases      ] GC(35)   Other: 0.08ms
[206.806s][info][gc,heap        ] GC(35) Eden regions: 716->0(745)
[206.806s][info][gc,heap        ] GC(35) Survivor regions: 65->72(98)
[206.806s][info][gc,heap        ] GC(35) Old regions: 681->707
[206.806s][info][gc,heap        ] GC(35) Humongous regions: 162->162
[206.806s][info][gc,metaspace   ] GC(35) Metaspace: 28123K(28416K)->28123K(28416K) NonClass: 23267K(23424K)->23267K(23424K) Class: 4856K(4992K)->4856K(4992K)
[206.806s][info][gc             ] GC(35) Pause Young (Normal) (G1 Evacuation Pause) 3239M->1875M(4096M) 95.151ms
[206.806s][info][gc,cpu         ] GC(35) User=0.55s Sys=0.03s Real=0.09s
... (rIR:aIR:PR = 2319:2306:2306) (tPR = 37271) [OK] 
   208s:       trying IR =   2762 .[210.728s][info][gc,start       ] GC(36) Pause Young (Normal) (G1 Evacuation Pause)
[210.728s][info][gc,task        ] GC(36) Using 6 workers of 6 for evacuation
[210.820s][info][gc,phases      ] GC(36)   Pre Evacuate Collection Set: 0.33ms
[210.820s][info][gc,phases      ] GC(36)   Merge Heap Roots: 0.38ms
[210.820s][info][gc,phases      ] GC(36)   Evacuate Collection Set: 90.50ms
[210.820s][info][gc,phases      ] GC(36)   Post Evacuate Collection Set: 0.69ms
[210.820s][info][gc,phases      ] GC(36)   Other: 0.08ms
[210.820s][info][gc,heap        ] GC(36) Eden regions: 750->0(773)
[210.820s][info][gc,heap        ] GC(36) Survivor regions: 72->76(103)
[210.820s][info][gc,heap        ] GC(36) Old regions: 707->734
[210.820s][info][gc,heap        ] GC(36) Humongous regions: 162->162
[210.820s][info][gc,metaspace   ] GC(36) Metaspace: 28214K(28544K)->28214K(28544K) NonClass: 23348K(23488K)->23348K(23488K) Class: 4866K(5056K)->4866K(5056K)
[210.820s][info][gc             ] GC(36) Pause Young (Normal) (G1 Evacuation Pause) 3375M->1936M(4096M) 92.112ms
[210.820s][info][gc,cpu         ] GC(36) User=0.53s Sys=0.02s Real=0.10s
... (rIR:aIR:PR = 2762:2741:2741) (tPR = 42376) [OK] 
   212s:       trying IR =   3295 .[214.639s][info][gc,start       ] GC(37) Pause Young (Normal) (G1 Evacuation Pause)
[214.639s][info][gc,task        ] GC(37) Using 6 workers of 6 for evacuation
[214.737s][info][gc,phases      ] GC(37)   Pre Evacuate Collection Set: 0.36ms
[214.737s][info][gc,phases      ] GC(37)   Merge Heap Roots: 0.39ms
[214.737s][info][gc,phases      ] GC(37)   Evacuate Collection Set: 96.85ms
[214.737s][info][gc,phases      ] GC(37)   Post Evacuate Collection Set: 0.76ms
[214.737s][info][gc,phases      ] GC(37)   Other: 0.07ms
[214.737s][info][gc,heap        ] GC(37) Eden regions: 773->0(777)
[214.737s][info][gc,heap        ] GC(37) Survivor regions: 76->82(107)
[214.737s][info][gc,heap        ] GC(37) Old regions: 734->763
[214.737s][info][gc,heap        ] GC(37) Humongous regions: 162->162
[214.737s][info][gc,metaspace   ] GC(37) Metaspace: 28480K(28800K)->28480K(28800K) NonClass: 23600K(23744K)->23600K(23744K) Class: 4880K(5056K)->4880K(5056K)
[214.737s][info][gc             ] GC(37) Pause Young (Normal) (G1 Evacuation Pause) 3482M->2007M(4096M) 98.566ms
[214.737s][info][gc,cpu         ] GC(37) User=0.57s Sys=0.02s Real=0.10s
... (rIR:aIR:PR = 3295:3314:3314) (tPR = 51076) [OK] 
   216s:       trying IR =   3934 .[218.054s][info][gc,start       ] GC(38) Pause Young (Concurrent Start) (G1 Evacuation Pause)
[218.054s][info][gc,task        ] GC(38) Using 6 workers of 6 for evacuation
[218.153s][info][gc,phases      ] GC(38)   Pre Evacuate Collection Set: 0.41ms
[218.153s][info][gc,phases      ] GC(38)   Merge Heap Roots: 0.44ms
[218.153s][info][gc,phases      ] GC(38)   Evacuate Collection Set: 97.41ms
[218.153s][info][gc,phases      ] GC(38)   Post Evacuate Collection Set: 0.81ms
[218.153s][info][gc,phases      ] GC(38)   Other: 0.09ms
[218.153s][info][gc,heap        ] GC(38) Eden regions: 777->0(779)
[218.153s][info][gc,heap        ] GC(38) Survivor regions: 82->84(108)
[218.153s][info][gc,heap        ] GC(38) Old regions: 763->792
[218.153s][info][gc,heap        ] GC(38) Humongous regions: 162->162
[218.153s][info][gc,metaspace   ] GC(38) Metaspace: 28603K(28928K)->28603K(28928K) NonClass: 23720K(23872K)->23720K(23872K) Class: 4882K(5056K)->4882K(5056K)
[218.153s][info][gc             ] GC(38) Pause Young (Concurrent Start) (G1 Evacuation Pause) 3561M->2067M(4096M) 99.281ms
[218.153s][info][gc             ] GC(39) Concurrent Mark Cycle
[218.153s][info][gc,marking     ] GC(39) Concurrent Scan Root Regions
[218.153s][info][gc,cpu         ] GC(38) User=0.57s Sys=0.02s Real=0.10s
[218.309s][info][gc,marking     ] GC(39) Concurrent Scan Root Regions 155.724ms
[218.309s][info][gc,marking     ] GC(39) Concurrent Mark
[218.309s][info][gc,marking     ] GC(39) Concurrent Mark From Roots
[218.309s][info][gc,task        ] GC(39) Using 2 workers of 2 for marking
.[219.058s][info][gc,marking     ] GC(39) Concurrent Mark From Roots 748.946ms
[219.058s][info][gc,marking     ] GC(39) Concurrent Preclean
[219.058s][info][gc,marking     ] GC(39) Concurrent Preclean 0.036ms
[219.058s][info][gc,start       ] GC(39) Pause Remark
[219.063s][info][gc             ] GC(39) Pause Remark 2568M->2290M(4096M) 5.000ms
[219.063s][info][gc,cpu         ] GC(39) User=0.02s Sys=0.00s Real=0.01s
[219.063s][info][gc,marking     ] GC(39) Concurrent Mark 754.244ms
[219.063s][info][gc,marking     ] GC(39) Concurrent Rebuild Remembered Sets and Scrub Regions
[219.448s][info][gc,marking     ] GC(39) Concurrent Rebuild Remembered Sets and Scrub Regions 385.258ms
[219.448s][info][gc,start       ] GC(39) Pause Cleanup
[219.449s][info][gc             ] GC(39) Pause Cleanup 2501M->2501M(4096M) 0.237ms
[219.449s][info][gc,cpu         ] GC(39) User=0.00s Sys=0.00s Real=0.00s
[219.449s][info][gc,marking     ] GC(39) Concurrent Clear Claimed Marks
[219.449s][info][gc,marking     ] GC(39) Concurrent Clear Claimed Marks 0.027ms
[219.449s][info][gc,marking     ] GC(39) Concurrent Cleanup for Next Mark
[219.453s][info][gc,marking     ] GC(39) Concurrent Cleanup for Next Mark 4.724ms
[219.453s][info][gc             ] GC(39) Concurrent Mark Cycle 1300.567ms
.. (rIR:aIR:PR = 3934:3933:3932) (tPR = 59921) [OK] 
   220s:       trying IR =   4701 [221.187s][info][gc,start       ] GC(40) Pause Young (Prepare Mixed) (G1 Evacuation Pause)
[221.187s][info][gc,task        ] GC(40) Using 6 workers of 6 for evacuation
[221.300s][info][gc,phases      ] GC(40)   Pre Evacuate Collection Set: 0.49ms
[221.300s][info][gc,phases      ] GC(40)   Merge Heap Roots: 0.77ms
[221.300s][info][gc,phases      ] GC(40)   Evacuate Collection Set: 110.96ms
[221.300s][info][gc,phases      ] GC(40)   Post Evacuate Collection Set: 0.90ms
[221.300s][info][gc,phases      ] GC(40)   Other: 0.09ms
[221.300s][info][gc,heap        ] GC(40) Eden regions: 773->0(807)
[221.300s][info][gc,heap        ] GC(40) Survivor regions: 84->87(108)
[221.300s][info][gc,heap        ] GC(40) Old regions: 738->768
[221.300s][info][gc,heap        ] GC(40) Humongous regions: 77->77
[221.300s][info][gc,metaspace   ] GC(40) Metaspace: 28644K(28928K)->28644K(28928K) NonClass: 23761K(23872K)->23761K(23872K) Class: 4882K(5056K)->4882K(5056K)
[221.300s][info][gc             ] GC(40) Pause Young (Prepare Mixed) (G1 Evacuation Pause) 3335M->1855M(4096M) 113.378ms
[221.301s][info][gc,cpu         ] GC(40) User=0.68s Sys=0.00s Real=0.12s
..[223.880s][info][gc,start       ] GC(41) Pause Young (Mixed) (G1 Evacuation Pause)
[223.880s][info][gc,task        ] GC(41) Using 6 workers of 6 for evacuation
[223.991s][info][gc,phases      ] GC(41)   Pre Evacuate Collection Set: 0.36ms
[223.991s][info][gc,phases      ] GC(41)   Merge Heap Roots: 0.89ms
[223.991s][info][gc,phases      ] GC(41)   Evacuate Collection Set: 109.26ms
[223.991s][info][gc,phases      ] GC(41)   Post Evacuate Collection Set: 0.98ms
[223.991s][info][gc,phases      ] GC(41)   Other: 0.12ms
[223.991s][info][gc,heap        ] GC(41) Eden regions: 788->0(851)
[223.991s][info][gc,heap        ] GC(41) Survivor regions: 87->85(110)
[223.991s][info][gc,heap        ] GC(41) Old regions: 768->752
[223.991s][info][gc,heap        ] GC(41) Humongous regions: 77->77
[223.991s][info][gc,metaspace   ] GC(41) Metaspace: 28646K(28928K)->28646K(28928K) NonClass: 23763K(23872K)->23763K(23872K) Class: 4883K(5056K)->4883K(5056K)
[223.992s][info][gc             ] GC(41) Pause Young (Mixed) (G1 Evacuation Pause) 3431M->1823M(4096M) 111.762ms
[223.992s][info][gc,cpu         ] GC(41) User=0.66s Sys=0.00s Real=0.11s
.. (rIR:aIR:PR = 4701:4674:4674) (tPR = 68624) [OK] 
   224s:       trying IR =   5621 .[226.487s][info][gc,start       ] GC(42) Pause Young (Mixed) (G1 Evacuation Pause)
[226.487s][info][gc,task        ] GC(42) Using 6 workers of 6 for evacuation
[226.606s][info][gc,phases      ] GC(42)   Pre Evacuate Collection Set: 0.39ms
[226.606s][info][gc,phases      ] GC(42)   Merge Heap Roots: 0.76ms
[226.606s][info][gc,phases      ] GC(42)   Evacuate Collection Set: 116.83ms
[226.606s][info][gc,phases      ] GC(42)   Merge Optional Heap Roots: 0.03ms
[226.606s][info][gc,phases      ] GC(42)   Evacuate Optional Collection Set: 0.20ms
[226.606s][info][gc,phases      ] GC(42)   Post Evacuate Collection Set: 1.00ms
[226.606s][info][gc,phases      ] GC(42)   Other: 0.12ms
[226.606s][info][gc,heap        ] GC(42) Eden regions: 826->0(868)
[226.606s][info][gc,heap        ] GC(42) Survivor regions: 85->93(114)
[226.606s][info][gc,heap        ] GC(42) Old regions: 752->735
[226.606s][info][gc,heap        ] GC(42) Humongous regions: 77->77
[226.606s][info][gc,metaspace   ] GC(42) Metaspace: 28667K(28928K)->28667K(28928K) NonClass: 23783K(23872K)->23783K(23872K) Class: 4883K(5056K)->4883K(5056K)
[226.606s][info][gc             ] GC(42) Pause Young (Mixed) (G1 Evacuation Pause) 3475M->1806M(4096M) 119.467ms
[226.606s][info][gc,cpu         ] GC(42) User=0.70s Sys=0.02s Real=0.12s
... (rIR:aIR:PR = 5621:5641:5641) (tPR = 83556) [OK] 
   228s:       trying IR =   6725 [229.066s][info][gc,start       ] GC(43) Pause Young (Mixed) (G1 Evacuation Pause)
[229.066s][info][gc,task        ] GC(43) Using 6 workers of 6 for evacuation
[229.179s][info][gc,phases      ] GC(43)   Pre Evacuate Collection Set: 0.35ms
[229.179s][info][gc,phases      ] GC(43)   Merge Heap Roots: 0.70ms
[229.179s][info][gc,phases      ] GC(43)   Evacuate Collection Set: 109.84ms
[229.179s][info][gc,phases      ] GC(43)   Merge Optional Heap Roots: 0.02ms
[229.179s][info][gc,phases      ] GC(43)   Evacuate Optional Collection Set: 0.21ms
[229.179s][info][gc,phases      ] GC(43)   Post Evacuate Collection Set: 1.11ms
[229.179s][info][gc,phases      ] GC(43)   Other: 0.11ms
[229.179s][info][gc,heap        ] GC(43) Eden regions: 844->0(528)
[229.179s][info][gc,heap        ] GC(43) Survivor regions: 93->90(118)
[229.179s][info][gc,heap        ] GC(43) Old regions: 735->716
[229.179s][info][gc,heap        ] GC(43) Humongous regions: 77->77
[229.179s][info][gc,metaspace   ] GC(43) Metaspace: 28668K(28928K)->28668K(28928K) NonClass: 23784K(23872K)->23784K(23872K) Class: 4883K(5056K)->4883K(5056K)
[229.179s][info][gc             ] GC(43) Pause Young (Mixed) (G1 Evacuation Pause) 3494M->1762M(4096M) 112.477ms
[229.179s][info][gc,cpu         ] GC(43) User=0.66s Sys=0.01s Real=0.11s
.[230.577s][info][gc,start       ] GC(44) Pause Young (Mixed) (G1 Evacuation Pause)
[230.577s][info][gc,task        ] GC(44) Using 6 workers of 6 for evacuation
[230.682s][info][gc,phases      ] GC(44)   Pre Evacuate Collection Set: 0.37ms
[230.682s][info][gc,phases      ] GC(44)   Merge Heap Roots: 0.72ms
[230.682s][info][gc,phases      ] GC(44)   Evacuate Collection Set: 102.87ms
[230.682s][info][gc,phases      ] GC(44)   Post Evacuate Collection Set: 0.98ms
[230.682s][info][gc,phases      ] GC(44)   Other: 0.08ms
[230.682s][info][gc,heap        ] GC(44) Eden regions: 613->0(891)
[230.682s][info][gc,heap        ] GC(44) Survivor regions: 90->44(88)
[230.682s][info][gc,heap        ] GC(44) Old regions: 716->745
[230.682s][info][gc,heap        ] GC(44) Humongous regions: 77->77
[230.682s][info][gc,metaspace   ] GC(44) Metaspace: 28670K(28992K)->28670K(28992K) NonClass: 23786K(23936K)->23786K(23936K) Class: 4883K(5056K)->4883K(5056K)
[230.682s][info][gc             ] GC(44) Pause Young (Mixed) (G1 Evacuation Pause) 2988M->1727M(4096M) 105.144ms
[230.682s][info][gc,cpu         ] GC(44) User=0.62s Sys=0.00s Real=0.11s
..[232.688s][info][gc,start       ] GC(45) Pause Young (Mixed) (G1 Evacuation Pause)
[232.688s][info][gc,task        ] GC(45) Using 6 workers of 6 for evacuation
[232.782s][info][gc,phases      ] GC(45)   Pre Evacuate Collection Set: 0.37ms
[232.782s][info][gc,phases      ] GC(45)   Merge Heap Roots: 0.89ms
[232.782s][info][gc,phases      ] GC(45)   Evacuate Collection Set: 90.81ms
[232.782s][info][gc,phases      ] GC(45)   Merge Optional Heap Roots: 0.03ms
[232.782s][info][gc,phases      ] GC(45)   Evacuate Optional Collection Set: 0.47ms
[232.782s][info][gc,phases      ] GC(45)   Post Evacuate Collection Set: 1.05ms
[232.782s][info][gc,phases      ] GC(45)   Other: 0.12ms
[232.782s][info][gc,heap        ] GC(45) Eden regions: 894->0(919)
[232.782s][info][gc,heap        ] GC(45) Survivor regions: 44->87(118)
[232.782s][info][gc,heap        ] GC(45) Old regions: 745->686
[232.782s][info][gc,heap        ] GC(45) Humongous regions: 77->77
[232.782s][info][gc,metaspace   ] GC(45) Metaspace: 28702K(28992K)->28702K(28992K) NonClass: 23819K(23936K)->23819K(23936K) Class: 4883K(5056K)->4883K(5056K)
[232.782s][info][gc             ] GC(45) Pause Young (Mixed) (G1 Evacuation Pause) 3515M->1696M(4096M) 93.855ms
[232.782s][info][gc,cpu         ] GC(45) User=0.55s Sys=0.00s Real=0.10s
. (rIR:aIR:PR = 6725:6799:6798) (tPR = 101733) [OK] 
   232s:       trying IR =   8050 .[234.717s][info][gc,start       ] GC(46) Pause Young (Mixed) (G1 Evacuation Pause)
[234.717s][info][gc,task        ] GC(46) Using 6 workers of 6 for evacuation
[234.845s][info][gc,phases      ] GC(46)   Pre Evacuate Collection Set: 0.37ms
[234.845s][info][gc,phases      ] GC(46)   Merge Heap Roots: 0.82ms
[234.845s][info][gc,phases      ] GC(46)   Evacuate Collection Set: 117.76ms
[234.845s][info][gc,phases      ] GC(46)   Merge Optional Heap Roots: 0.22ms
[234.845s][info][gc,phases      ] GC(46)   Evacuate Optional Collection Set: 7.99ms
[234.845s][info][gc,phases      ] GC(46)   Post Evacuate Collection Set: 1.22ms
[234.845s][info][gc,phases      ] GC(46)   Other: 0.11ms
[234.845s][info][gc,heap        ] GC(46) Eden regions: 919->0(928)
[234.845s][info][gc,heap        ] GC(46) Survivor regions: 87->95(126)
[234.845s][info][gc,heap        ] GC(46) Old regions: 686->637
[234.845s][info][gc,heap        ] GC(46) Humongous regions: 77->77
[234.845s][info][gc,metaspace   ] GC(46) Metaspace: 28709K(28992K)->28709K(28992K) NonClass: 23826K(23936K)->23826K(23936K) Class: 4883K(5056K)->4883K(5056K)
[234.845s][info][gc             ] GC(46) Pause Young (Mixed) (G1 Evacuation Pause) 3534M->1613M(4096M) 128.665ms
[234.845s][info][gc,cpu         ] GC(46) User=0.74s Sys=0.03s Real=0.13s
..[236.617s][info][gc,start       ] GC(47) Pause Young (Mixed) (G1 Evacuation Pause)
[236.617s][info][gc,task        ] GC(47) Using 6 workers of 6 for evacuation
[236.759s][info][gc,phases      ] GC(47)   Pre Evacuate Collection Set: 0.35ms
[236.759s][info][gc,phases      ] GC(47)   Merge Heap Roots: 1.13ms
[236.759s][info][gc,phases      ] GC(47)   Evacuate Collection Set: 139.97ms
[236.759s][info][gc,phases      ] GC(47)   Post Evacuate Collection Set: 1.00ms
[236.759s][info][gc,phases      ] GC(47)   Other: 0.09ms
[236.759s][info][gc,heap        ] GC(47) Eden regions: 926->0(963)
[236.759s][info][gc,heap        ] GC(47) Survivor regions: 95->103(128)
[236.759s][info][gc,heap        ] GC(47) Old regions: 637->634
[236.759s][info][gc,heap        ] GC(47) Humongous regions: 77->77
[236.759s][info][gc,metaspace   ] GC(47) Metaspace: 28710K(28992K)->28710K(28992K) NonClass: 23826K(23936K)->23826K(23936K) Class: 4883K(5056K)->4883K(5056K)
[236.760s][info][gc             ] GC(47) Pause Young (Mixed) (G1 Evacuation Pause) 3465M->1626M(4096M) 142.672ms
[236.760s][info][gc,cpu         ] GC(47) User=0.85s Sys=0.00s Real=0.15s
. (rIR:aIR:PR = 8050:8050:8050) (tPR = 124523) [OK] 
   236s:       trying IR =   9640 .[238.422s][info][gc,start       ] GC(48) Pause Young (Normal) (G1 Evacuation Pause)
[238.422s][info][gc,task        ] GC(48) Using 6 workers of 6 for evacuation
[238.536s][info][gc,phases      ] GC(48)   Pre Evacuate Collection Set: 0.35ms
[238.536s][info][gc,phases      ] GC(48)   Merge Heap Roots: 0.64ms
[238.536s][info][gc,phases      ] GC(48)   Evacuate Collection Set: 112.54ms
[238.536s][info][gc,phases      ] GC(48)   Post Evacuate Collection Set: 0.82ms
[238.536s][info][gc,phases      ] GC(48)   Other: 0.09ms
[238.536s][info][gc,heap        ] GC(48) Eden regions: 963->0(957)
[238.536s][info][gc,heap        ] GC(48) Survivor regions: 103->102(134)
[238.536s][info][gc,heap        ] GC(48) Old regions: 634->666
[238.536s][info][gc,heap        ] GC(48) Humongous regions: 77->77
[238.536s][info][gc,metaspace   ] GC(48) Metaspace: 28710K(28992K)->28710K(28992K) NonClass: 23827K(23936K)->23827K(23936K) Class: 4883K(5056K)->4883K(5056K)
[238.536s][info][gc             ] GC(48) Pause Young (Normal) (G1 Evacuation Pause) 3552M->1686M(4096M) 114.557ms
[238.537s][info][gc,cpu         ] GC(48) User=0.68s Sys=0.00s Real=0.11s
..[240.056s][info][gc,start       ] GC(49) Pause Young (Normal) (G1 Evacuation Pause)
[240.056s][info][gc,task        ] GC(49) Using 6 workers of 6 for evacuation
[240.165s][info][gc,phases      ] GC(49)   Pre Evacuate Collection Set: 0.32ms
[240.165s][info][gc,phases      ] GC(49)   Merge Heap Roots: 0.53ms
[240.165s][info][gc,phases      ] GC(49)   Evacuate Collection Set: 107.04ms
[240.165s][info][gc,phases      ] GC(49)   Post Evacuate Collection Set: 0.79ms
[240.165s][info][gc,phases      ] GC(49)   Other: 0.08ms
[240.165s][info][gc,heap        ] GC(49) Eden regions: 957->0(957)
[240.165s][info][gc,heap        ] GC(49) Survivor regions: 102->100(133)
[240.165s][info][gc,heap        ] GC(49) Old regions: 666->696
[240.165s][info][gc,heap        ] GC(49) Humongous regions: 77->77
[240.165s][info][gc,metaspace   ] GC(49) Metaspace: 28710K(28992K)->28710K(28992K) NonClass: 23827K(23936K)->23827K(23936K) Class: 4883K(5056K)->4883K(5056K)
[240.165s][info][gc             ] GC(49) Pause Young (Normal) (G1 Evacuation Pause) 3600M->1744M(4096M) 108.880ms
[240.165s][info][gc,cpu         ] GC(49) User=0.65s Sys=0.00s Real=0.11s
. (rIR:aIR:PR = 9640:9503:9503) (tPR = 142360) [OK] 
   240s:       trying IR =  11548 [241.757s][info][gc,start       ] GC(50) Pause Young (Normal) (G1 Evacuation Pause)
[241.758s][info][gc,task        ] GC(50) Using 6 workers of 6 for evacuation
[241.869s][info][gc,phases      ] GC(50)   Pre Evacuate Collection Set: 0.34ms
[241.869s][info][gc,phases      ] GC(50)   Merge Heap Roots: 0.47ms
[241.869s][info][gc,phases      ] GC(50)   Evacuate Collection Set: 109.43ms
[241.869s][info][gc,phases      ] GC(50)   Post Evacuate Collection Set: 0.79ms
[241.869s][info][gc,phases      ] GC(50)   Other: 0.08ms
[241.869s][info][gc,heap        ] GC(50) Eden regions: 957->0(940)
[241.869s][info][gc,heap        ] GC(50) Survivor regions: 100->100(133)
[241.869s][info][gc,heap        ] GC(50) Old regions: 696->728
[241.869s][info][gc,heap        ] GC(50) Humongous regions: 77->77
[241.869s][info][gc,metaspace   ] GC(50) Metaspace: 28729K(29056K)->28729K(29056K) NonClass: 23845K(24000K)->23845K(24000K) Class: 4883K(5056K)->4883K(5056K)
[241.869s][info][gc             ] GC(50) Pause Young (Normal) (G1 Evacuation Pause) 3658M->1806M(4096M) 111.243ms
[241.869s][info][gc,cpu         ] GC(50) User=0.66s Sys=0.00s Real=0.11s
..[243.178s][info][gc,start       ] GC(51) Pause Young (Normal) (G1 Evacuation Pause)
[243.178s][info][gc,task        ] GC(51) Using 6 workers of 6 for evacuation
[243.289s][info][gc,phases      ] GC(51)   Pre Evacuate Collection Set: 0.38ms
[243.289s][info][gc,phases      ] GC(51)   Merge Heap Roots: 0.47ms
[243.289s][info][gc,phases      ] GC(51)   Evacuate Collection Set: 109.03ms
[243.289s][info][gc,phases      ] GC(51)   Post Evacuate Collection Set: 0.81ms
[243.289s][info][gc,phases      ] GC(51)   Other: 0.08ms
[243.289s][info][gc,heap        ] GC(51) Eden regions: 940->0(904)
[243.289s][info][gc,heap        ] GC(51) Survivor regions: 100->103(130)
[243.289s][info][gc,heap        ] GC(51) Old regions: 728->758
[243.289s][info][gc,heap        ] GC(51) Humongous regions: 77->77
[243.289s][info][gc,metaspace   ] GC(51) Metaspace: 28744K(29056K)->28744K(29056K) NonClass: 23860K(24000K)->23860K(24000K) Class: 4884K(5056K)->4884K(5056K)
[243.289s][info][gc             ] GC(51) Pause Young (Normal) (G1 Evacuation Pause) 3686M->1874M(4096M) 110.902ms
[243.289s][info][gc,cpu         ] GC(51) User=0.66s Sys=0.01s Real=0.11s
.[244.520s][info][gc,start       ] GC(52) Pause Young (Normal) (G1 Evacuation Pause)
[244.520s][info][gc,task        ] GC(52) Using 6 workers of 6 for evacuation
[244.634s][info][gc,phases      ] GC(52)   Pre Evacuate Collection Set: 0.33ms
[244.634s][info][gc,phases      ] GC(52)   Merge Heap Roots: 0.47ms
[244.634s][info][gc,phases      ] GC(52)   Evacuate Collection Set: 111.83ms
[244.634s][info][gc,phases      ] GC(52)   Post Evacuate Collection Set: 0.81ms
[244.634s][info][gc,phases      ] GC(52)   Other: 0.08ms
[244.634s][info][gc,heap        ] GC(52) Eden regions: 904->0(872)
[244.634s][info][gc,heap        ] GC(52) Survivor regions: 103->103(126)
[244.634s][info][gc,heap        ] GC(52) Old regions: 758->790
[244.634s][info][gc,heap        ] GC(52) Humongous regions: 77->77
[244.634s][info][gc,metaspace   ] GC(52) Metaspace: 28746K(29056K)->28746K(29056K) NonClass: 23862K(24000K)->23862K(24000K) Class: 4884K(5056K)->4884K(5056K)
[244.634s][info][gc             ] GC(52) Pause Young (Normal) (G1 Evacuation Pause) 3682M->1937M(4096M) 113.657ms
[244.634s][info][gc,cpu         ] GC(52) User=0.67s Sys=0.00s Real=0.11s
.[245.844s][info][gc,start       ] GC(53) Pause Young (Normal) (G1 Evacuation Pause)
[245.844s][info][gc,task        ] GC(53) Using 6 workers of 6 for evacuation
[245.957s][info][gc,phases      ] GC(53)   Pre Evacuate Collection Set: 0.36ms
[245.957s][info][gc,phases      ] GC(53)   Merge Heap Roots: 0.46ms
[245.957s][info][gc,phases      ] GC(53)   Evacuate Collection Set: 111.02ms
[245.957s][info][gc,phases      ] GC(53)   Post Evacuate Collection Set: 0.76ms
[245.957s][info][gc,phases      ] GC(53)   Other: 0.08ms
[245.957s][info][gc,heap        ] GC(53) Eden regions: 872->0(849)
[245.957s][info][gc,heap        ] GC(53) Survivor regions: 103->98(122)
[245.957s][info][gc,heap        ] GC(53) Old regions: 790->823
[245.957s][info][gc,heap        ] GC(53) Humongous regions: 77->77
[245.957s][info][gc,metaspace   ] GC(53) Metaspace: 28746K(29056K)->28746K(29056K) NonClass: 23862K(24000K)->23862K(24000K) Class: 4884K(5056K)->4884K(5056K)
[245.957s][info][gc             ] GC(53) Pause Young (Normal) (G1 Evacuation Pause) 3681M->1994M(4096M) 112.825ms
[245.957s][info][gc,cpu         ] GC(53) User=0.67s Sys=0.00s Real=0.11s
.[247.131s][info][gc,start       ] GC(54) Pause Young (Normal) (G1 Evacuation Pause)
[247.131s][info][gc,task        ] GC(54) Using 6 workers of 6 for evacuation
[247.246s][info][gc,phases      ] GC(54)   Pre Evacuate Collection Set: 0.35ms
[247.246s][info][gc,phases      ] GC(54)   Merge Heap Roots: 0.53ms
[247.246s][info][gc,phases      ] GC(54)   Evacuate Collection Set: 113.15ms
[247.246s][info][gc,phases      ] GC(54)   Post Evacuate Collection Set: 0.80ms
[247.246s][info][gc,phases      ] GC(54)   Other: 0.07ms
[247.246s][info][gc,heap        ] GC(54) Eden regions: 849->0(814)
[247.246s][info][gc,heap        ] GC(54) Survivor regions: 98->100(119)
[247.246s][info][gc,heap        ] GC(54) Old regions: 823->854
[247.246s][info][gc,heap        ] GC(54) Humongous regions: 77->77
[247.246s][info][gc,metaspace   ] GC(54) Metaspace: 28750K(29056K)->28750K(29056K) NonClass: 23866K(24000K)->23866K(24000K) Class: 4884K(5056K)->4884K(5056K)
[247.246s][info][gc             ] GC(54) Pause Young (Normal) (G1 Evacuation Pause) 3692M->2058M(4096M) 115.023ms
[247.246s][info][gc,cpu         ] GC(54) User=0.69s Sys=0.00s Real=0.11s
. (rIR:aIR:PR = 11548:11008:11028) (tPR = 160957) [OK] 
   247s:       trying IR =  13837 [248.308s][info][gc,start       ] GC(55) Pause Young (Concurrent Start) (G1 Evacuation Pause)
[248.308s][info][gc,task        ] GC(55) Using 6 workers of 6 for evacuation
[248.417s][info][gc,phases      ] GC(55)   Pre Evacuate Collection Set: 0.40ms
[248.417s][info][gc,phases      ] GC(55)   Merge Heap Roots: 0.52ms
[248.417s][info][gc,phases      ] GC(55)   Evacuate Collection Set: 107.14ms
[248.417s][info][gc,phases      ] GC(55)   Post Evacuate Collection Set: 0.72ms
[248.417s][info][gc,phases      ] GC(55)   Other: 0.09ms
[248.417s][info][gc,heap        ] GC(55) Eden regions: 814->0(825)
[248.417s][info][gc,heap        ] GC(55) Survivor regions: 100->61(115)
[248.417s][info][gc,heap        ] GC(55) Old regions: 854->921
[248.417s][info][gc,heap        ] GC(55) Humongous regions: 77->77
[248.417s][info][gc,metaspace   ] GC(55) Metaspace: 28750K(29056K)->28750K(29056K) NonClass: 23866K(24000K)->23866K(24000K) Class: 4884K(5056K)->4884K(5056K)
[248.417s][info][gc             ] GC(55) Pause Young (Concurrent Start) (G1 Evacuation Pause) 3686M->2115M(4096M) 109.016ms
[248.417s][info][gc             ] GC(56) Concurrent Mark Cycle
[248.417s][info][gc,marking     ] GC(56) Concurrent Scan Root Regions
[248.417s][info][gc,cpu         ] GC(55) User=0.65s Sys=0.00s Real=0.11s
[248.544s][info][gc,marking     ] GC(56) Concurrent Scan Root Regions 127.199ms
[248.544s][info][gc,marking     ] GC(56) Concurrent Mark
[248.544s][info][gc,marking     ] GC(56) Concurrent Mark From Roots
[248.544s][info][gc,task        ] GC(56) Using 2 workers of 2 for marking
.[249.863s][info][gc,marking     ] GC(56) Concurrent Mark From Roots 1319.157ms
[249.864s][info][gc,marking     ] GC(56) Concurrent Preclean
[249.864s][info][gc,marking     ] GC(56) Concurrent Preclean 0.222ms
[249.865s][info][gc,start       ] GC(56) Pause Remark
[249.870s][info][gc             ] GC(56) Pause Remark 3207M->3183M(4096M) 4.490ms
[249.870s][info][gc,cpu         ] GC(56) User=0.01s Sys=0.00s Real=0.01s
[249.870s][info][gc,marking     ] GC(56) Concurrent Mark 1325.350ms
[249.870s][info][gc,marking     ] GC(56) Concurrent Rebuild Remembered Sets and Scrub Regions
.[250.190s][info][gc,start       ] GC(57) Pause Young (Normal) (G1 Evacuation Pause)
[250.190s][info][gc,task        ] GC(57) Using 6 workers of 6 for evacuation
[250.270s][info][gc,phases      ] GC(57)   Pre Evacuate Collection Set: 0.36ms
[250.270s][info][gc,phases      ] GC(57)   Merge Heap Roots: 0.45ms
[250.270s][info][gc,phases      ] GC(57)   Evacuate Collection Set: 77.80ms
[250.270s][info][gc,phases      ] GC(57)   Post Evacuate Collection Set: 0.86ms
[250.270s][info][gc,phases      ] GC(57)   Other: 0.09ms
[250.270s][info][gc,heap        ] GC(57) Eden regions: 825->0(817)
[250.270s][info][gc,heap        ] GC(57) Survivor regions: 61->50(111)
[250.270s][info][gc,heap        ] GC(57) Old regions: 909->951
[250.270s][info][gc,heap        ] GC(57) Humongous regions: 77->77
[250.270s][info][gc,metaspace   ] GC(57) Metaspace: 28750K(29056K)->28750K(29056K) NonClass: 23866K(24000K)->23866K(24000K) Class: 4884K(5056K)->4884K(5056K)
[250.270s][info][gc             ] GC(57) Pause Young (Normal) (G1 Evacuation Pause) 3741M->2154M(4096M) 79.709ms
[250.270s][info][gc,cpu         ] GC(57) User=0.47s Sys=0.00s Real=0.08s
[250.550s][info][gc,marking     ] GC(56) Concurrent Rebuild Remembered Sets and Scrub Regions 680.827ms
[250.552s][info][gc,start       ] GC(56) Pause Cleanup
[250.553s][info][gc             ] GC(56) Pause Cleanup 2552M->2552M(4096M) 0.331ms
[250.553s][info][gc,cpu         ] GC(56) User=0.00s Sys=0.00s Real=0.00s
[250.553s][info][gc,marking     ] GC(56) Concurrent Clear Claimed Marks
[250.553s][info][gc,marking     ] GC(56) Concurrent Clear Claimed Marks 0.026ms
[250.553s][info][gc,marking     ] GC(56) Concurrent Cleanup for Next Mark
[250.586s][info][gc,marking     ] GC(56) Concurrent Cleanup for Next Mark 33.851ms
[250.587s][info][gc             ] GC(56) Concurrent Mark Cycle 2169.546ms
.[251.381s][info][gc,start       ] GC(58) Pause Young (Prepare Mixed) (G1 Evacuation Pause)
[251.381s][info][gc,task        ] GC(58) Using 6 workers of 6 for evacuation
[251.470s][info][gc,phases      ] GC(58)   Pre Evacuate Collection Set: 0.34ms
[251.470s][info][gc,phases      ] GC(58)   Merge Heap Roots: 0.55ms
[251.470s][info][gc,phases      ] GC(58)   Evacuate Collection Set: 87.09ms
[251.470s][info][gc,phases      ] GC(58)   Post Evacuate Collection Set: 0.85ms
[251.470s][info][gc,phases      ] GC(58)   Other: 0.09ms
[251.470s][info][gc,heap        ] GC(58) Eden regions: 817->0(727)
[251.470s][info][gc,heap        ] GC(58) Survivor regions: 50->95(109)
[251.470s][info][gc,heap        ] GC(58) Old regions: 951->951
[251.470s][info][gc,heap        ] GC(58) Humongous regions: 77->77
[251.470s][info][gc,metaspace   ] GC(58) Metaspace: 28750K(29056K)->28750K(29056K) NonClass: 23866K(24000K)->23866K(24000K) Class: 4884K(5056K)->4884K(5056K)
[251.470s][info][gc             ] GC(58) Pause Young (Prepare Mixed) (G1 Evacuation Pause) 3788M->2244M(4096M) 89.060ms
[251.470s][info][gc,cpu         ] GC(58) User=0.53s Sys=0.00s Real=0.09s
.[252.366s][info][gc,start       ] GC(59) Pause Young (Mixed) (G1 Evacuation Pause)
[252.367s][info][gc,task        ] GC(59) Using 6 workers of 6 for evacuation
[252.482s][info][gc,phases      ] GC(59)   Pre Evacuate Collection Set: 0.41ms
[252.483s][info][gc,phases      ] GC(59)   Merge Heap Roots: 0.55ms
[252.483s][info][gc,phases      ] GC(59)   Evacuate Collection Set: 113.93ms
[252.483s][info][gc,phases      ] GC(59)   Post Evacuate Collection Set: 0.96ms
[252.483s][info][gc,phases      ] GC(59)   Other: 0.09ms
[252.483s][info][gc,heap        ] GC(59) Eden regions: 727->0(917)
[252.483s][info][gc,heap        ] GC(59) Survivor regions: 95->63(103)
[252.483s][info][gc,heap        ] GC(59) Old regions: 951->818
[252.483s][info][gc,heap        ] GC(59) Humongous regions: 77->77
[252.483s][info][gc,metaspace   ] GC(59) Metaspace: 28751K(29056K)->28751K(29056K) NonClass: 23867K(24000K)->23867K(24000K) Class: 4884K(5056K)->4884K(5056K)
[252.483s][info][gc             ] GC(59) Pause Young (Mixed) (G1 Evacuation Pause) 3698M->1912M(4096M) 116.083ms
[252.483s][info][gc,cpu         ] GC(59) User=0.69s Sys=0.00s Real=0.12s
.[253.758s][info][gc,start       ] GC(60) Pause Young (Mixed) (G1 Evacuation Pause)
[253.758s][info][gc,task        ] GC(60) Using 6 workers of 6 for evacuation
[253.868s][info][gc,phases      ] GC(60)   Pre Evacuate Collection Set: 0.44ms
[253.868s][info][gc,phases      ] GC(60)   Merge Heap Roots: 0.84ms
[253.868s][info][gc,phases      ] GC(60)   Evacuate Collection Set: 107.93ms
[253.868s][info][gc,phases      ] GC(60)   Post Evacuate Collection Set: 1.18ms
[253.868s][info][gc,phases      ] GC(60)   Other: 0.10ms
[253.868s][info][gc,heap        ] GC(60) Eden regions: 917->0(1041)
[253.868s][info][gc,heap        ] GC(60) Survivor regions: 63->100(123)
[253.868s][info][gc,heap        ] GC(60) Old regions: 818->627
[253.868s][info][gc,heap        ] GC(60) Humongous regions: 77->77
[253.868s][info][gc,metaspace   ] GC(60) Metaspace: 28751K(29056K)->28751K(29056K) NonClass: 23867K(24000K)->23867K(24000K) Class: 4884K(5056K)->4884K(5056K)
[253.868s][info][gc             ] GC(60) Pause Young (Mixed) (G1 Evacuation Pause) 3746M->1605M(4096M) 110.633ms
[253.869s][info][gc,cpu         ] GC(60) User=0.66s Sys=0.00s Real=0.11s
.[255.368s][info][gc,start       ] GC(61) Pause Young (Mixed) (G1 Evacuation Pause)
[255.368s][info][gc,task        ] GC(61) Using 6 workers of 6 for evacuation
[255.509s][info][gc,phases      ] GC(61)   Pre Evacuate Collection Set: 0.34ms
[255.509s][info][gc,phases      ] GC(61)   Merge Heap Roots: 0.85ms
[255.509s][info][gc,phases      ] GC(61)   Evacuate Collection Set: 130.29ms
[255.509s][info][gc,phases      ] GC(61)   Merge Optional Heap Roots: 0.17ms
[255.509s][info][gc,phases      ] GC(61)   Evacuate Optional Collection Set: 7.92ms
[255.509s][info][gc,phases      ] GC(61)   Post Evacuate Collection Set: 1.23ms
[255.509s][info][gc,phases      ] GC(61)   Other: 0.13ms
[255.509s][info][gc,heap        ] GC(61) Eden regions: 1041->0(1024)
[255.509s][info][gc,heap        ] GC(61) Survivor regions: 100->102(143)
[255.509s][info][gc,heap        ] GC(61) Old regions: 627->599
[255.509s][info][gc,heap        ] GC(61) Humongous regions: 77->77
[255.509s][info][gc,metaspace   ] GC(61) Metaspace: 28751K(29056K)->28751K(29056K) NonClass: 23867K(24000K)->23867K(24000K) Class: 4884K(5056K)->4884K(5056K)
[255.509s][info][gc             ] GC(61) Pause Young (Mixed) (G1 Evacuation Pause) 3687M->1552M(4096M) 141.065ms
[255.509s][info][gc,cpu         ] GC(61) User=0.84s Sys=0.00s Real=0.14s
.[256.805s][info][gc,start       ] GC(62) Pause Young (Mixed) (G1 Evacuation Pause)
[256.805s][info][gc,task        ] GC(62) Using 6 workers of 6 for evacuation
[256.965s][info][gc,phases      ] GC(62)   Pre Evacuate Collection Set: 0.36ms
[256.965s][info][gc,phases      ] GC(62)   Merge Heap Roots: 1.46ms
[256.965s][info][gc,phases      ] GC(62)   Evacuate Collection Set: 157.94ms
[256.965s][info][gc,phases      ] GC(62)   Post Evacuate Collection Set: 0.88ms
[256.965s][info][gc,phases      ] GC(62)   Other: 0.08ms
[256.965s][info][gc,heap        ] GC(62) Eden regions: 1024->0(1023)
[256.965s][info][gc,heap        ] GC(62) Survivor regions: 102->113(141)
[256.965s][info][gc,heap        ] GC(62) Old regions: 599->612
[256.965s][info][gc,heap        ] GC(62) Humongous regions: 77->77
[256.965s][info][gc,metaspace   ] GC(62) Metaspace: 28752K(29056K)->28752K(29056K) NonClass: 23868K(24000K)->23868K(24000K) Class: 4884K(5056K)->4884K(5056K)
[256.965s][info][gc             ] GC(62) Pause Young (Mixed) (G1 Evacuation Pause) 3600M->1601M(4096M) 160.847ms
[256.966s][info][gc,cpu         ] GC(62) User=0.96s Sys=0.00s Real=0.16s
.[258.402s][info][gc,start       ] GC(63) Pause Young (Normal) (G1 Evacuation Pause)
[258.402s][info][gc,task        ] GC(63) Using 6 workers of 6 for evacuation
[258.520s][info][gc,phases      ] GC(63)   Pre Evacuate Collection Set: 0.38ms
[258.520s][info][gc,phases      ] GC(63)   Merge Heap Roots: 0.49ms
[258.520s][info][gc,phases      ] GC(63)   Evacuate Collection Set: 116.12ms
[258.520s][info][gc,phases      ] GC(63)   Post Evacuate Collection Set: 0.91ms
[258.520s][info][gc,phases      ] GC(63)   Other: 0.08ms
[258.520s][info][gc,heap        ] GC(63) Eden regions: 1023->0(1014)
[258.520s][info][gc,heap        ] GC(63) Survivor regions: 113->64(142)
[258.520s][info][gc,heap        ] GC(63) Old regions: 612->689
[258.520s][info][gc,heap        ] GC(63) Humongous regions: 77->77
[258.520s][info][gc,metaspace   ] GC(63) Metaspace: 28753K(29056K)->28753K(29056K) NonClass: 23869K(24000K)->23869K(24000K) Class: 4884K(5056K)->4884K(5056K)
[258.520s][info][gc             ] GC(63) Pause Young (Normal) (G1 Evacuation Pause) 3647M->1656M(4096M) 118.107ms
[258.520s][info][gc,cpu         ] GC(63) User=0.70s Sys=0.00s Real=0.12s
.[259.973s][info][gc,start       ] GC(64) Pause Young (Normal) (G1 Evacuation Pause)
[259.973s][info][gc,task        ] GC(64) Using 6 workers of 6 for evacuation
[260.080s][info][gc,phases      ] GC(64)   Pre Evacuate Collection Set: 0.31ms
[260.080s][info][gc,phases      ] GC(64)   Merge Heap Roots: 0.47ms
[260.080s][info][gc,phases      ] GC(64)   Evacuate Collection Set: 105.18ms
[260.080s][info][gc,phases      ] GC(64)   Post Evacuate Collection Set: 0.88ms
[260.080s][info][gc,phases      ] GC(64)   Other: 0.08ms
[260.080s][info][gc,heap        ] GC(64) Eden regions: 1014->0(941)
[260.080s][info][gc,heap        ] GC(64) Survivor regions: 64->119(135)
[260.080s][info][gc,heap        ] GC(64) Old regions: 689->689
[260.080s][info][gc,heap        ] GC(64) Humongous regions: 77->77
[260.080s][info][gc,metaspace   ] GC(64) Metaspace: 28753K(29056K)->28753K(29056K) NonClass: 23869K(24000K)->23869K(24000K) Class: 4884K(5056K)->4884K(5056K)
[260.080s][info][gc             ] GC(64) Pause Young (Normal) (G1 Evacuation Pause) 3684M->1767M(4096M) 107.045ms
[260.080s][info][gc,cpu         ] GC(64) User=0.64s Sys=0.00s Real=0.11s
..[261.405s][info][gc,start       ] GC(65) Pause Young (Normal) (G1 Evacuation Pause)
[261.405s][info][gc,task        ] GC(65) Using 6 workers of 6 for evacuation
[261.519s][info][gc,phases      ] GC(65)   Pre Evacuate Collection Set: 0.36ms
[261.519s][info][gc,phases      ] GC(65)   Merge Heap Roots: 0.51ms
[261.519s][info][gc,phases      ] GC(65)   Evacuate Collection Set: 111.40ms
[261.519s][info][gc,phases      ] GC(65)   Post Evacuate Collection Set: 0.81ms
[261.519s][info][gc,phases      ] GC(65)   Other: 0.08ms
[261.519s][info][gc,heap        ] GC(65) Eden regions: 941->0(968)
[261.519s][info][gc,heap        ] GC(65) Survivor regions: 119->63(133)
[261.519s][info][gc,heap        ] GC(65) Old regions: 689->762
[261.519s][info][gc,heap        ] GC(65) Humongous regions: 77->77
[261.519s][info][gc,metaspace   ] GC(65) Metaspace: 28764K(29056K)->28764K(29056K) NonClass: 23880K(24000K)->23880K(24000K) Class: 4884K(5056K)->4884K(5056K)
[261.519s][info][gc             ] GC(65) Pause Young (Normal) (G1 Evacuation Pause) 3649M->1801M(4096M) 113.292ms
[261.519s][info][gc,cpu         ] GC(65) User=0.68s Sys=0.00s Real=0.11s
.[263.129s][info][gc,start       ] GC(66) Pause Young (Normal) (G1 Evacuation Pause)
[263.129s][info][gc,task        ] GC(66) Using 6 workers of 6 for evacuation
[263.209s][info][gc,phases      ] GC(66)   Pre Evacuate Collection Set: 0.35ms
[263.209s][info][gc,phases      ] GC(66)   Merge Heap Roots: 0.45ms
[263.209s][info][gc,phases      ] GC(66)   Evacuate Collection Set: 78.22ms
[263.209s][info][gc,phases      ] GC(66)   Post Evacuate Collection Set: 0.84ms
[263.209s][info][gc,phases      ] GC(66)   Other: 0.08ms
[263.209s][info][gc,heap        ] GC(66) Eden regions: 968->0(922)
[263.209s][info][gc,heap        ] GC(66) Survivor regions: 63->92(129)
[263.209s][info][gc,heap        ] GC(66) Old regions: 762->762
[263.209s][info][gc,heap        ] GC(66) Humongous regions: 77->77
[263.209s][info][gc,metaspace   ] GC(66) Metaspace: 28764K(29056K)->28764K(29056K) NonClass: 23880K(24000K)->23880K(24000K) Class: 4884K(5056K)->4884K(5056K)
[263.209s][info][gc             ] GC(66) Pause Young (Normal) (G1 Evacuation Pause) 3737M->1860M(4096M) 80.082ms
[263.209s][info][gc,cpu         ] GC(66) User=0.48s Sys=0.00s Real=0.09s
.[264.352s][info][gc,start       ] GC(67) Pause Young (Normal) (G1 Evacuation Pause)
[264.352s][info][gc,task        ] GC(67) Using 6 workers of 6 for evacuation
[264.471s][info][gc,phases      ] GC(67)   Pre Evacuate Collection Set: 0.35ms
[264.471s][info][gc,phases      ] GC(67)   Merge Heap Roots: 0.46ms
[264.471s][info][gc,phases      ] GC(67)   Evacuate Collection Set: 117.36ms
[264.471s][info][gc,phases      ] GC(67)   Post Evacuate Collection Set: 0.80ms
[264.471s][info][gc,phases      ] GC(67)   Other: 0.07ms
[264.471s][info][gc,heap        ] GC(67) Eden regions: 922->0(852)
[264.471s][info][gc,heap        ] GC(67) Survivor regions: 92->110(127)
[264.471s][info][gc,heap        ] GC(67) Old regions: 762->796
[264.471s][info][gc,heap        ] GC(67) Humongous regions: 77->77
[264.471s][info][gc,metaspace   ] GC(67) Metaspace: 28766K(29056K)->28766K(29056K) NonClass: 23882K(24000K)->23882K(24000K) Class: 4884K(5056K)->4884K(5056K)
[264.471s][info][gc             ] GC(67) Pause Young (Normal) (G1 Evacuation Pause) 3704M->1963M(4096M) 119.177ms
[264.471s][info][gc,cpu         ] GC(67) User=0.71s Sys=0.00s Real=0.12s
.[265.528s][info][gc,start       ] GC(68) Pause Young (Normal) (G1 Evacuation Pause)
[265.528s][info][gc,task        ] GC(68) Using 6 workers of 6 for evacuation
[265.651s][info][gc,phases      ] GC(68)   Pre Evacuate Collection Set: 0.37ms
[265.651s][info][gc,phases      ] GC(68)   Merge Heap Roots: 0.50ms
[265.651s][info][gc,phases      ] GC(68)   Evacuate Collection Set: 120.54ms
[265.651s][info][gc,phases      ] GC(68)   Post Evacuate Collection Set: 0.73ms
[265.651s][info][gc,phases      ] GC(68)   Other: 0.84ms
[265.651s][info][gc,heap        ] GC(68) Eden regions: 852->0(852)
[265.651s][info][gc,heap        ] GC(68) Survivor regions: 110->70(121)
[265.651s][info][gc,heap        ] GC(68) Old regions: 796->876
[265.651s][info][gc,heap        ] GC(68) Humongous regions: 77->77
[265.651s][info][gc,metaspace   ] GC(68) Metaspace: 28767K(29056K)->28767K(29056K) NonClass: 23883K(24000K)->23883K(24000K) Class: 4884K(5056K)->4884K(5056K)
[265.651s][info][gc             ] GC(68) Pause Young (Normal) (G1 Evacuation Pause) 3667M->2042M(4096M) 123.117ms
[265.651s][info][gc,cpu         ] GC(68) User=0.73s Sys=0.00s Real=0.13s
.[266.798s][info][gc,start       ] GC(69) Pause Young (Concurrent Start) (G1 Evacuation Pause)
[266.798s][info][gc,task        ] GC(69) Using 6 workers of 6 for evacuation
[266.890s][info][gc,phases      ] GC(69)   Pre Evacuate Collection Set: 0.37ms
[266.890s][info][gc,phases      ] GC(69)   Merge Heap Roots: 0.45ms
[266.890s][info][gc,phases      ] GC(69)   Evacuate Collection Set: 90.45ms
[266.890s][info][gc,phases      ] GC(69)   Post Evacuate Collection Set: 0.71ms
[266.890s][info][gc,phases      ] GC(69)   Other: 0.09ms
[266.890s][info][gc,heap        ] GC(69) Eden regions: 852->0(825)
[266.890s][info][gc,heap        ] GC(69) Survivor regions: 70->58(116)
[266.890s][info][gc,heap        ] GC(69) Old regions: 876->927
[266.890s][info][gc,heap        ] GC(69) Humongous regions: 77->77
[266.890s][info][gc,metaspace   ] GC(69) Metaspace: 28767K(29056K)->28767K(29056K) NonClass: 23883K(24000K)->23883K(24000K) Class: 4884K(5056K)->4884K(5056K)
[266.890s][info][gc             ] GC(69) Pause Young (Concurrent Start) (G1 Evacuation Pause) 3746M->2121M(4096M) 92.203ms
[266.890s][info][gc             ] GC(70) Concurrent Mark Cycle
[266.890s][info][gc,marking     ] GC(70) Concurrent Scan Root Regions
[266.890s][info][gc,cpu         ] GC(69) User=0.55s Sys=0.00s Real=0.10s
[267.014s][info][gc,marking     ] GC(70) Concurrent Scan Root Regions 123.300ms
[267.014s][info][gc,marking     ] GC(70) Concurrent Mark
[267.014s][info][gc,marking     ] GC(70) Concurrent Mark From Roots
[267.014s][info][gc,task        ] GC(70) Using 2 workers of 2 for marking
.[268.221s][info][gc,marking     ] GC(70) Concurrent Mark From Roots 1207.435ms
[268.221s][info][gc,marking     ] GC(70) Concurrent Preclean
[268.221s][info][gc,marking     ] GC(70) Concurrent Preclean 0.056ms
[268.224s][info][gc,start       ] GC(70) Pause Remark
[268.228s][info][gc             ] GC(70) Pause Remark 3485M->3481M(4096M) 4.037ms
[268.228s][info][gc,cpu         ] GC(70) User=0.02s Sys=0.00s Real=0.00s
[268.228s][info][gc,marking     ] GC(70) Concurrent Mark 1214.270ms
[268.228s][info][gc,marking     ] GC(70) Concurrent Rebuild Remembered Sets and Scrub Regions
[268.477s][info][gc,start       ] GC(71) Pause Young (Normal) (G1 Evacuation Pause)
[268.477s][info][gc,task        ] GC(71) Using 6 workers of 6 for evacuation
[268.569s][info][gc,phases      ] GC(71)   Pre Evacuate Collection Set: 0.27ms
[268.569s][info][gc,phases      ] GC(71)   Merge Heap Roots: 0.47ms
[268.569s][info][gc,phases      ] GC(71)   Evacuate Collection Set: 90.35ms
[268.569s][info][gc,phases      ] GC(71)   Post Evacuate Collection Set: 0.81ms
[268.569s][info][gc,phases      ] GC(71)   Other: 0.10ms
[268.569s][info][gc,heap        ] GC(71) Eden regions: 825->0(772)
[268.569s][info][gc,heap        ] GC(71) Survivor regions: 58->66(111)
[268.569s][info][gc,heap        ] GC(71) Old regions: 925->964
[268.569s][info][gc,heap        ] GC(71) Humongous regions: 77->77
[268.569s][info][gc,metaspace   ] GC(71) Metaspace: 28767K(29056K)->28767K(29056K) NonClass: 23883K(24000K)->23883K(24000K) Class: 4884K(5056K)->4884K(5056K)
[268.569s][info][gc             ] GC(71) Pause Young (Normal) (G1 Evacuation Pause) 3767M->2211M(4096M) 92.166ms
[268.569s][info][gc,cpu         ] GC(71) User=0.55s Sys=0.00s Real=0.10s
.[268.868s][info][gc,marking     ] GC(70) Concurrent Rebuild Remembered Sets and Scrub Regions 640.123ms
[268.870s][info][gc,start       ] GC(70) Pause Cleanup
[268.870s][info][gc             ] GC(70) Pause Cleanup 2493M->2493M(4096M) 0.313ms
[268.870s][info][gc,cpu         ] GC(70) User=0.00s Sys=0.00s Real=0.00s
[268.872s][info][gc,marking     ] GC(70) Concurrent Clear Claimed Marks
[268.872s][info][gc,marking     ] GC(70) Concurrent Clear Claimed Marks 0.051ms
[268.872s][info][gc,marking     ] GC(70) Concurrent Cleanup for Next Mark
[268.876s][info][gc,marking     ] GC(70) Concurrent Cleanup for Next Mark 4.455ms
[268.877s][info][gc             ] GC(70) Concurrent Mark Cycle 1986.080ms
[269.617s][info][gc,start       ] GC(72) Pause Young (Prepare Mixed) (G1 Evacuation Pause)
[269.617s][info][gc,task        ] GC(72) Using 6 workers of 6 for evacuation
[269.747s][info][gc,phases      ] GC(72)   Pre Evacuate Collection Set: 0.32ms
[269.747s][info][gc,phases      ] GC(72)   Merge Heap Roots: 0.49ms
[269.747s][info][gc,phases      ] GC(72)   Evacuate Collection Set: 128.03ms
[269.747s][info][gc,phases      ] GC(72)   Post Evacuate Collection Set: 0.85ms
[269.747s][info][gc,phases      ] GC(72)   Other: 0.08ms
[269.747s][info][gc,heap        ] GC(72) Eden regions: 772->0(755)
[269.747s][info][gc,heap        ] GC(72) Survivor regions: 66->55(105)
[269.747s][info][gc,heap        ] GC(72) Old regions: 964->1003
[269.747s][info][gc,heap        ] GC(72) Humongous regions: 77->77
[269.747s][info][gc,metaspace   ] GC(72) Metaspace: 28767K(29056K)->28767K(29056K) NonClass: 23883K(24000K)->23883K(24000K) Class: 4884K(5056K)->4884K(5056K)
[269.747s][info][gc             ] GC(72) Pause Young (Prepare Mixed) (G1 Evacuation Pause) 3755M->2267M(4096M) 129.912ms
[269.747s][info][gc,cpu         ] GC(72) User=0.50s Sys=0.00s Real=0.13s
.[270.660s][info][gc,start       ] GC(73) Pause Young (Mixed) (G1 Evacuation Pause)
[270.660s][info][gc,task        ] GC(73) Using 6 workers of 6 for evacuation
[270.804s][info][gc,phases      ] GC(73)   Pre Evacuate Collection Set: 0.39ms
[270.804s][info][gc,phases      ] GC(73)   Merge Heap Roots: 0.59ms
[270.804s][info][gc,phases      ] GC(73)   Evacuate Collection Set: 141.18ms
[270.804s][info][gc,phases      ] GC(73)   Post Evacuate Collection Set: 0.95ms
[270.804s][info][gc,phases      ] GC(73)   Other: 0.84ms
[270.804s][info][gc,heap        ] GC(73) Eden regions: 755->0(896)
[270.804s][info][gc,heap        ] GC(73) Survivor regions: 55->63(102)
[270.804s][info][gc,heap        ] GC(73) Old regions: 1003->841
[270.804s][info][gc,heap        ] GC(73) Humongous regions: 77->77
[270.804s][info][gc,metaspace   ] GC(73) Metaspace: 28768K(29056K)->28768K(29056K) NonClass: 23884K(24000K)->23884K(24000K) Class: 4884K(5056K)->4884K(5056K)
[270.804s][info][gc             ] GC(73) Pause Young (Mixed) (G1 Evacuation Pause) 3777M->1959M(4096M) 144.087ms
[270.804s][info][gc,cpu         ] GC(73) User=0.58s Sys=0.00s Real=0.14s
.[272.090s][info][gc,start       ] GC(74) Pause Young (Mixed) (G1 Evacuation Pause)
[272.090s][info][gc,task        ] GC(74) Using 6 workers of 6 for evacuation
[272.188s][info][gc,phases      ] GC(74)   Pre Evacuate Collection Set: 0.42ms
[272.188s][info][gc,phases      ] GC(74)   Merge Heap Roots: 0.73ms
[272.188s][info][gc,phases      ] GC(74)   Evacuate Collection Set: 95.68ms
[272.188s][info][gc,phases      ] GC(74)   Post Evacuate Collection Set: 0.89ms
[272.188s][info][gc,phases      ] GC(74)   Other: 0.11ms
[272.188s][info][gc,heap        ] GC(74) Eden regions: 896->0(1040)
[272.188s][info][gc,heap        ] GC(74) Survivor regions: 63->57(120)
[272.188s][info][gc,heap        ] GC(74) Old regions: 841->685
[272.188s][info][gc,heap        ] GC(74) Humongous regions: 77->77
[272.188s][info][gc,metaspace   ] GC(74) Metaspace: 28776K(29120K)->28776K(29120K) NonClass: 23892K(24064K)->23892K(24064K) Class: 4884K(5056K)->4884K(5056K)
[272.188s][info][gc             ] GC(74) Pause Young (Mixed) (G1 Evacuation Pause) 3751M->1635M(4096M) 97.975ms
[272.188s][info][gc,cpu         ] GC(74) User=0.58s Sys=0.00s Real=0.09s
..[273.588s][info][gc,start       ] GC(75) Pause Young (Mixed) (G1 Evacuation Pause)
[273.588s][info][gc,task        ] GC(75) Using 6 workers of 6 for evacuation
[273.755s][info][gc,phases      ] GC(75)   Pre Evacuate Collection Set: 0.38ms
[273.755s][info][gc,phases      ] GC(75)   Merge Heap Roots: 0.99ms
[273.755s][info][gc,phases      ] GC(75)   Evacuate Collection Set: 164.09ms
[273.755s][info][gc,phases      ] GC(75)   Post Evacuate Collection Set: 0.86ms
[273.755s][info][gc,phases      ] GC(75)   Other: 0.09ms
[273.755s][info][gc,heap        ] GC(75) Eden regions: 1040->0(1051)
[273.755s][info][gc,heap        ] GC(75) Survivor regions: 57->100(138)
[273.755s][info][gc,heap        ] GC(75) Old regions: 685->617
[273.755s][info][gc,heap        ] GC(75) Humongous regions: 77->77
[273.755s][info][gc,metaspace   ] GC(75) Metaspace: 28776K(29120K)->28776K(29120K) NonClass: 23892K(24064K)->23892K(24064K) Class: 4884K(5056K)->4884K(5056K)
[273.755s][info][gc             ] GC(75) Pause Young (Mixed) (G1 Evacuation Pause) 3715M->1586M(4096M) 166.549ms
[273.755s][info][gc,cpu         ] GC(75) User=0.71s Sys=0.00s Real=0.17s
.[275.139s][info][gc,start       ] GC(76) Pause Young (Concurrent Start) (G1 Evacuation Pause)
[275.139s][info][gc,task        ] GC(76) Using 6 workers of 6 for evacuation
[275.259s][info][gc,phases      ] GC(76)   Pre Evacuate Collection Set: 0.40ms
[275.259s][info][gc,phases      ] GC(76)   Merge Heap Roots: 0.50ms
[275.259s][info][gc,phases      ] GC(76)   Evacuate Collection Set: 117.86ms
[275.259s][info][gc,phases      ] GC(76)   Post Evacuate Collection Set: 0.83ms
[275.259s][info][gc,phases      ] GC(76)   Other: 0.15ms
[275.259s][info][gc,heap        ] GC(76) Eden regions: 1051->0(993)
[275.259s][info][gc,heap        ] GC(76) Survivor regions: 100->115(144)
[275.259s][info][gc,heap        ] GC(76) Old regions: 617->645
[275.259s][info][gc,heap        ] GC(76) Humongous regions: 77->77
[275.259s][info][gc,metaspace   ] GC(76) Metaspace: 28777K(29120K)->28777K(29120K) NonClass: 23893K(24064K)->23893K(24064K) Class: 4884K(5056K)->4884K(5056K)
[275.259s][info][gc             ] GC(76) Pause Young (Concurrent Start) (G1 Evacuation Pause) 3688M->1671M(4096M) 119.862ms
[275.259s][info][gc             ] GC(77) Concurrent Mark Cycle
[275.259s][info][gc,marking     ] GC(77) Concurrent Scan Root Regions
[275.259s][info][gc,cpu         ] GC(76) User=0.71s Sys=0.00s Real=0.12s
[275.480s][info][gc,marking     ] GC(77) Concurrent Scan Root Regions 220.892ms
[275.480s][info][gc,marking     ] GC(77) Concurrent Mark
[275.480s][info][gc,marking     ] GC(77) Concurrent Mark From Roots
[275.480s][info][gc,task        ] GC(77) Using 2 workers of 2 for marking
.[276.556s][info][gc,marking     ] GC(77) Concurrent Mark From Roots 1075.915ms
[276.556s][info][gc,marking     ] GC(77) Concurrent Preclean
[276.556s][info][gc,marking     ] GC(77) Concurrent Preclean 0.093ms
[276.560s][info][gc,start       ] GC(77) Pause Remark
[276.562s][info][gc             ] GC(77) Pause Remark 3163M->3161M(4096M) 2.419ms
[276.562s][info][gc,cpu         ] GC(77) User=0.01s Sys=0.00s Real=0.00s
[276.562s][info][gc,marking     ] GC(77) Concurrent Mark 1081.974ms
[276.562s][info][gc,marking     ] GC(77) Concurrent Rebuild Remembered Sets and Scrub Regions
[276.918s][info][gc,start       ] GC(78) Pause Young (Normal) (G1 Evacuation Pause)
[276.918s][info][gc,task        ] GC(78) Using 6 workers of 6 for evacuation
[277.046s][info][gc,phases      ] GC(78)   Pre Evacuate Collection Set: 0.32ms
[277.046s][info][gc,phases      ] GC(78)   Merge Heap Roots: 0.60ms
[277.046s][info][gc,phases      ] GC(78)   Evacuate Collection Set: 125.79ms
[277.046s][info][gc,phases      ] GC(78)   Post Evacuate Collection Set: 0.90ms
[277.046s][info][gc,phases      ] GC(78)   Other: 0.09ms
[277.046s][info][gc,heap        ] GC(78) Eden regions: 993->0(992)
[277.046s][info][gc,heap        ] GC(78) Survivor regions: 115->80(139)
[277.046s][info][gc,heap        ] GC(78) Old regions: 644->716
[277.046s][info][gc,heap        ] GC(78) Humongous regions: 77->77
[277.046s][info][gc,metaspace   ] GC(78) Metaspace: 28777K(29120K)->28777K(29120K) NonClass: 23893K(24064K)->23893K(24064K) Class: 4884K(5056K)->4884K(5056K)
[277.046s][info][gc             ] GC(78) Pause Young (Normal) (G1 Evacuation Pause) 3655M->1744M(4096M) 127.857ms
[277.046s][info][gc,cpu         ] GC(78) User=0.76s Sys=0.00s Real=0.13s
.[277.237s][info][gc,marking     ] GC(77) Concurrent Rebuild Remembered Sets and Scrub Regions 675.101ms
[277.238s][info][gc,start       ] GC(77) Pause Cleanup
[277.238s][info][gc             ] GC(77) Pause Cleanup 1982M->1982M(4096M) 0.217ms
[277.238s][info][gc,cpu         ] GC(77) User=0.00s Sys=0.00s Real=0.00s
[277.238s][info][gc,marking     ] GC(77) Concurrent Clear Claimed Marks
[277.238s][info][gc,marking     ] GC(77) Concurrent Clear Claimed Marks 0.034ms
[277.238s][info][gc,marking     ] GC(77) Concurrent Cleanup for Next Mark
[277.243s][info][gc,marking     ] GC(77) Concurrent Cleanup for Next Mark 5.298ms
[277.243s][info][gc             ] GC(77) Concurrent Mark Cycle 1983.976ms
.[278.362s][info][gc,start       ] GC(79) Pause Young (Prepare Mixed) (G1 Evacuation Pause)
[278.362s][info][gc,task        ] GC(79) Using 6 workers of 6 for evacuation
[278.483s][info][gc,phases      ] GC(79)   Pre Evacuate Collection Set: 0.32ms
[278.483s][info][gc,phases      ] GC(79)   Merge Heap Roots: 0.54ms
[278.483s][info][gc,phases      ] GC(79)   Evacuate Collection Set: 119.00ms
[278.483s][info][gc,phases      ] GC(79)   Post Evacuate Collection Set: 0.88ms
[278.483s][info][gc,phases      ] GC(79)   Other: 0.10ms
[278.483s][info][gc,heap        ] GC(79) Eden regions: 992->0(934)
[278.483s][info][gc,heap        ] GC(79) Survivor regions: 80->78(134)
[278.483s][info][gc,heap        ] GC(79) Old regions: 716->778
[278.483s][info][gc,heap        ] GC(79) Humongous regions: 77->77
[278.483s][info][gc,metaspace   ] GC(79) Metaspace: 28778K(29120K)->28778K(29120K) NonClass: 23894K(24064K)->23894K(24064K) Class: 4884K(5056K)->4884K(5056K)
[278.483s][info][gc             ] GC(79) Pause Young (Prepare Mixed) (G1 Evacuation Pause) 3728M->1863M(4096M) 120.966ms
[278.483s][info][gc,cpu         ] GC(79) User=0.72s Sys=0.00s Real=0.12s
 (rIR:aIR:PR = 13837:13529:11231) (tPR = 165064) [PR is under limit] 
   278s: Re-initializing (term[279.737s][info][gc,start       ] GC(80) Pause Young (Mixed) (G1 Evacuation Pause)
[279.737s][info][gc,task        ] GC(80) Using 6 workers of 6 for evacuation
[279.858s][info][gc,phases      ] GC(80)   Pre Evacuate Collection Set: 0.40ms
[279.858s][info][gc,phases      ] GC(80)   Merge Heap Roots: 0.61ms
[279.858s][info][gc,phases      ] GC(80)   Evacuate Collection Set: 116.34ms
[279.858s][info][gc,phases      ] GC(80)   Merge Optional Heap Roots: 0.06ms
[279.858s][info][gc,phases      ] GC(80)   Evacuate Optional Collection Set: 1.95ms
[279.858s][info][gc,phases      ] GC(80)   Post Evacuate Collection Set: 1.02ms
[279.858s][info][gc,phases      ] GC(80)   Other: 0.11ms
[279.858s][info][gc,heap        ] GC(80) Eden regions: 934->0(1040)
[279.858s][info][gc,heap        ] GC(80) Survivor regions: 78->76(127)
[279.858s][info][gc,heap        ] GC(80) Old regions: 778->655
[279.858s][info][gc,heap        ] GC(80) Humongous regions: 77->77
[279.858s][info][gc,metaspace   ] GC(80) Metaspace: 28785K(29120K)->28785K(29120K) NonClass: 23901K(24064K)->23901K(24064K) Class: 4884K(5056K)->4884K(5056K)
[279.858s][info][gc             ] GC(80) Pause Young (Mixed) (G1 Evacuation Pause) 3731M->1613M(4096M) 120.645ms
[279.858s][info][gc,cpu         ] GC(80) User=0.71s Sys=0.00s Real=0.12s
[281.221s][info][gc,start       ] GC(81) Pause Young (Mixed) (G1 Evacuation Pause)
[281.221s][info][gc,task        ] GC(81) Using 6 workers of 6 for evacuation
[281.347s][info][gc,phases      ] GC(81)   Pre Evacuate Collection Set: 0.35ms
[281.347s][info][gc,phases      ] GC(81)   Merge Heap Roots: 0.69ms
[281.347s][info][gc,phases      ] GC(81)   Evacuate Collection Set: 115.06ms
[281.347s][info][gc,phases      ] GC(81)   Merge Optional Heap Roots: 0.21ms
[281.347s][info][gc,phases      ] GC(81)   Evacuate Optional Collection Set: 8.98ms
[281.347s][info][gc,phases      ] GC(81)   Post Evacuate Collection Set: 0.95ms
[281.347s][info][gc,phases      ] GC(81)   Other: 0.10ms
[281.347s][info][gc,heap        ] GC(81) Eden regions: 1040->0(1058)
[281.347s][info][gc,heap        ] GC(81) Survivor regions: 76->73(140)
[281.347s][info][gc,heap        ] GC(81) Old regions: 655->628
[281.347s][info][gc,heap        ] GC(81) Humongous regions: 77->77
[281.347s][info][gc,metaspace   ] GC(81) Metaspace: 28787K(29120K)->28787K(29120K) NonClass: 23903K(24064K)->23903K(24064K) Class: 4884K(5056K)->4884K(5056K)
[281.347s][info][gc             ] GC(81) Pause Young (Mixed) (G1 Evacuation Pause) 3693M->1553M(4096M) 126.501ms
[281.347s][info][gc,cpu         ] GC(81) User=0.75s Sys=0.00s Real=0.12s
[282.605s][info][gc,start       ] GC(82) Pause Young (Concurrent Start) (G1 Evacuation Pause)
[282.605s][info][gc,task        ] GC(82) Using 6 workers of 6 for evacuation
[282.779s][info][gc,phases      ] GC(82)   Pre Evacuate Collection Set: 0.34ms
[282.779s][info][gc,phases      ] GC(82)   Merge Heap Roots: 0.52ms
[282.779s][info][gc,phases      ] GC(82)   Evacuate Collection Set: 172.56ms
[282.779s][info][gc,phases      ] GC(82)   Post Evacuate Collection Set: 0.85ms
[282.779s][info][gc,phases      ] GC(82)   Other: 0.13ms
[282.779s][info][gc,heap        ] GC(82) Eden regions: 1058->0(1002)
[282.779s][info][gc,heap        ] GC(82) Survivor regions: 73->90(142)
[282.779s][info][gc,heap        ] GC(82) Old regions: 628->677
[282.779s][info][gc,heap        ] GC(82) Humongous regions: 77->77
[282.779s][info][gc,metaspace   ] GC(82) Metaspace: 28787K(29120K)->28787K(29120K) NonClass: 23903K(24064K)->23903K(24064K) Class: 4884K(5056K)->4884K(5056K)
[282.779s][info][gc             ] GC(82) Pause Young (Concurrent Start) (G1 Evacuation Pause) 3669M->1684M(4096M) 174.534ms
[282.779s][info][gc             ] GC(83) Concurrent Mark Cycle
[282.779s][info][gc,marking     ] GC(83) Concurrent Scan Root Regions
[282.779s][info][gc,cpu         ] GC(82) User=0.75s Sys=0.00s Real=0.18s
[282.963s][info][gc,marking     ] GC(83) Concurrent Scan Root Regions 184.194ms
[282.963s][info][gc,marking     ] GC(83) Concurrent Mark
[282.963s][info][gc,marking     ] GC(83) Concurrent Mark From Roots
[282.963s][info][gc,task        ] GC(83) Using 2 workers of 2 for marking
[284.120s][info][gc,marking     ] GC(83) Concurrent Mark From Roots 1156.081ms
[284.120s][info][gc,marking     ] GC(83) Concurrent Preclean
[284.120s][info][gc,marking     ] GC(83) Concurrent Preclean 0.086ms
[284.120s][info][gc,start       ] GC(83) Pause Remark
[284.123s][info][gc             ] GC(83) Pause Remark 2718M->2712M(4096M) 2.695ms
[284.123s][info][gc,cpu         ] GC(83) User=0.01s Sys=0.00s Real=0.00s
[284.123s][info][gc,marking     ] GC(83) Concurrent Mark 1159.662ms
[284.123s][info][gc,marking     ] GC(83) Concurrent Rebuild Remembered Sets and Scrub Regions
[284.869s][info][gc,marking     ] GC(83) Concurrent Rebuild Remembered Sets and Scrub Regions 745.752ms
[284.871s][info][gc,start       ] GC(83) Pause Cleanup
[284.871s][info][gc             ] GC(83) Pause Cleanup 3492M->3492M(4096M) 0.239ms
[284.871s][info][gc,cpu         ] GC(83) User=0.00s Sys=0.00s Real=0.00s
[284.871s][info][gc,marking     ] GC(83) Concurrent Clear Claimed Marks
[284.871s][info][gc,marking     ] GC(83) Concurrent Clear Claimed Marks 0.038ms
[284.871s][info][gc,marking     ] GC(83) Concurrent Cleanup for Next Mark
[284.969s][info][gc,marking     ] GC(83) Concurrent Cleanup for Next Mark 98.067ms
[284.969s][info][gc             ] GC(83) Concurrent Mark Cycle 2190.062ms
[284.980s][info][gc,start       ] GC(84) Pause Young (Prepare Mixed) (G1 Evacuation Pause)
[284.980s][info][gc,task        ] GC(84) Using 6 workers of 6 for evacuation
[285.075s][info][gc,phases      ] GC(84)   Pre Evacuate Collection Set: 0.32ms
[285.075s][info][gc,phases      ] GC(84)   Merge Heap Roots: 0.49ms
[285.075s][info][gc,phases      ] GC(84)   Evacuate Collection Set: 93.31ms
[285.075s][info][gc,phases      ] GC(84)   Post Evacuate Collection Set: 0.93ms
[285.075s][info][gc,phases      ] GC(84)   Other: 0.09ms
[285.075s][info][gc,heap        ] GC(84) Eden regions: 1002->0(996)
[285.075s][info][gc,heap        ] GC(84) Survivor regions: 90->55(137)
[285.075s][info][gc,heap        ] GC(84) Old regions: 674->731
[285.075s][info][gc,heap        ] GC(84) Humongous regions: 77->77
[285.075s][info][gc,metaspace   ] GC(84) Metaspace: 28788K(29120K)->28788K(29120K) NonClass: 23904K(24064K)->23904K(24064K) Class: 4884K(5056K)->4884K(5056K)
[285.075s][info][gc             ] GC(84) Pause Young (Prepare Mixed) (G1 Evacuation Pause) 3682M->1722M(4096M) 95.277ms
[285.075s][info][gc,cpu         ] GC(84) User=0.56s Sys=0.00s Real=0.09s
[286.292s][info][gc,start       ] GC(85) Pause Young (Mixed) (G1 Evacuation Pause)
[286.292s][info][gc,task        ] GC(85) Using 6 workers of 6 for evacuation
[286.420s][info][gc,phases      ] GC(85)   Pre Evacuate Collection Set: 0.41ms
[286.420s][info][gc,phases      ] GC(85)   Merge Heap Roots: 0.70ms
[286.420s][info][gc,phases      ] GC(85)   Evacuate Collection Set: 125.36ms
[286.420s][info][gc,phases      ] GC(85)   Post Evacuate Collection Set: 0.99ms
[286.420s][info][gc,phases      ] GC(85)   Other: 0.10ms
[286.420s][info][gc,heap        ] GC(85) Eden regions: 996->0(1066)
[286.420s][info][gc,heap        ] GC(85) Survivor regions: 55->113(132)
[286.420s][info][gc,heap        ] GC(85) Old regions: 731->550
[286.420s][info][gc,heap        ] GC(85) Humongous regions: 77->77
[286.420s][info][gc,metaspace   ] GC(85) Metaspace: 28788K(29120K)->28788K(29120K) NonClass: 23904K(24064K)->23904K(24064K) Class: 4884K(5056K)->4884K(5056K)
[286.420s][info][gc             ] GC(85) Pause Young (Mixed) (G1 Evacuation Pause) 3714M->1476M(4096M) 127.687ms
[286.420s][info][gc,cpu         ] GC(85) User=0.74s Sys=0.00s Real=0.13s
) [287.016s][info][gc,start       ] GC(86) Pause Full (System.gc())
[287.016s][info][gc,task        ] GC(86) Using 6 workers of 6 for full compaction
[287.016s][info][gc,phases,start] GC(86) Phase 1: Mark live objects
[287.032s][info][gc,phases      ] GC(86) Phase 1: Mark live objects 15.622ms
[287.032s][info][gc,phases,start] GC(86) Phase 2: Prepare compaction
[287.035s][info][gc,phases      ] GC(86) Phase 2: Prepare compaction 2.398ms
[287.035s][info][gc,phases,start] GC(86) Phase 3: Adjust pointers
[287.041s][info][gc,phases      ] GC(86) Phase 3: Adjust pointers 6.950ms
[287.042s][info][gc,phases,start] GC(86) Phase 4: Compact heap
[287.044s][info][gc,phases      ] GC(86) Phase 4: Compact heap 2.423ms
[287.044s][info][gc,phases,start] GC(86) Phase 5: Reset Metadata
[287.048s][info][gc,phases      ] GC(86) Phase 5: Reset Metadata 4.423ms
[287.054s][info][gc,heap        ] GC(86) Eden regions: 345->0(1228)
[287.054s][info][gc,heap        ] GC(86) Survivor regions: 113->0(132)
[287.054s][info][gc,heap        ] GC(86) Old regions: 550->36
[287.054s][info][gc,heap        ] GC(86) Humongous regions: 77->66
[287.054s][info][gc,metaspace   ] GC(86) Metaspace: 28789K(29120K)->28789K(29120K) NonClass: 23905K(24064K)->23905K(24064K) Class: 4884K(5056K)->4884K(5056K)
[287.054s][info][gc             ] GC(86) Pause Full (System.gc()) 2164M->194M(4096M) 38.519ms
[287.054s][info][gc,cpu         ] GC(86) User=0.20s Sys=0.00s Real=0.04s
(init[287.294s][info][gc,start       ] GC(87) Pause Young (Concurrent Start) (G1 Humongous Allocation)
[287.294s][info][gc,task        ] GC(87) Using 6 workers of 6 for evacuation
[287.303s][info][gc,phases      ] GC(87)   Pre Evacuate Collection Set: 0.31ms
[287.303s][info][gc,phases      ] GC(87)   Merge Heap Roots: 0.02ms
[287.303s][info][gc,phases      ] GC(87)   Evacuate Collection Set: 8.30ms
[287.303s][info][gc,phases      ] GC(87)   Post Evacuate Collection Set: 0.26ms
[287.303s][info][gc,phases      ] GC(87)   Other: 0.07ms
[287.303s][info][gc,heap        ] GC(87) Eden regions: 35->0(1219)
[287.303s][info][gc,heap        ] GC(87) Survivor regions: 0->9(154)
[287.303s][info][gc,heap        ] GC(87) Old regions: 36->36
[287.303s][info][gc,heap        ] GC(87) Humongous regions: 66->66
[287.303s][info][gc,metaspace   ] GC(87) Metaspace: 28796K(29120K)->28796K(29120K) NonClass: 23912K(24064K)->23912K(24064K) Class: 4884K(5056K)->4884K(5056K)
[287.303s][info][gc             ] GC(87) Pause Young (Concurrent Start) (G1 Humongous Allocation) 263M->211M(4096M) 9.092ms
[287.303s][info][gc             ] GC(88) Concurrent Mark Cycle
[287.303s][info][gc,cpu         ] GC(87) User=0.05s Sys=0.00s Real=0.01s
[287.303s][info][gc,marking     ] GC(88) Concurrent Scan Root Regions
[287.310s][info][gc,marking     ] GC(88) Concurrent Scan Root Regions 6.443ms
[287.310s][info][gc,marking     ] GC(88) Concurrent Mark
[287.310s][info][gc,marking     ] GC(88) Concurrent Mark From Roots
[287.310s][info][gc,task        ] GC(88) Using 2 workers of 2 for marking
[287.371s][info][gc,marking     ] GC(88) Concurrent Mark From Roots 61.192ms
[287.371s][info][gc,marking     ] GC(88) Concurrent Preclean
[287.371s][info][gc,marking     ] GC(88) Concurrent Preclean 0.050ms
[287.371s][info][gc,start       ] GC(88) Pause Remark
[287.373s][info][gc             ] GC(88) Pause Remark 330M->330M(4096M) 1.865ms
[287.373s][info][gc,cpu         ] GC(88) User=0.01s Sys=0.01s Real=0.00s
[287.373s][info][gc,marking     ] GC(88) Concurrent Mark 63.261ms
[287.373s][info][gc,marking     ] GC(88) Concurrent Rebuild Remembered Sets and Scrub Regions
[287.405s][info][gc,marking     ] GC(88) Concurrent Rebuild Remembered Sets and Scrub Regions 31.791ms
[287.405s][info][gc,start       ] GC(88) Pause Cleanup
[287.405s][info][gc             ] GC(88) Pause Cleanup 377M->377M(4096M) 0.082ms
[287.405s][info][gc,cpu         ] GC(88) User=0.00s Sys=0.00s Real=0.00s
[287.405s][info][gc,marking     ] GC(88) Concurrent Clear Claimed Marks
[287.405s][info][gc,marking     ] GC(88) Concurrent Clear Claimed Marks 0.029ms
[287.405s][info][gc,marking     ] GC(88) Concurrent Cleanup for Next Mark
[287.409s][info][gc,marking     ] GC(88) Concurrent Cleanup for Next Mark 4.376ms
[287.409s][info][gc             ] GC(88) Concurrent Mark Cycle 106.228ms
) ... OK
   291s: Searching from base IR = 11548
   291s:       rampup IR =      0 ... (rIR:aIR:PR = 0:0:0) (tPR = 0) [OK] 
   294s:       rampup IR =   1155 ...[298.155s][info][gc,start       ] GC(89) Pause Young (Prepare Mixed) (G1 Evacuation Pause)
[298.155s][info][gc,task        ] GC(89) Using 6 workers of 6 for evacuation
[298.637s][info][gc,mmu         ] GC(89) MMU target violated: 201.0ms (200.0ms/201.0ms)
[298.637s][info][gc,phases      ] GC(89)   Pre Evacuate Collection Set: 0.30ms
[298.637s][info][gc,phases      ] GC(89)   Merge Heap Roots: 0.53ms
[298.637s][info][gc,phases      ] GC(89)   Evacuate Collection Set: 479.31ms
[298.637s][info][gc,phases      ] GC(89)   Post Evacuate Collection Set: 1.28ms
[298.637s][info][gc,phases      ] GC(89)   Other: 0.14ms
[298.637s][info][gc,heap        ] GC(89) Eden regions: 1219->0(389)
[298.637s][info][gc,heap        ] GC(89) Survivor regions: 9->154(154)
[298.637s][info][gc,heap        ] GC(89) Old regions: 36->345
[298.637s][info][gc,heap        ] GC(89) Humongous regions: 163->155
[298.637s][info][gc,metaspace   ] GC(89) Metaspace: 28809K(29184K)->28809K(29184K) NonClass: 23925K(24064K)->23925K(24064K) Class: 4884K(5120K)->4884K(5120K)
[298.637s][info][gc             ] GC(89) Pause Young (Prepare Mixed) (G1 Evacuation Pause) 2843M->1297M(4096M) 481.694ms
[298.637s][info][gc,cpu         ] GC(89) User=2.87s Sys=0.00s Real=0.48s
. (rIR:aIR:PR = 1155:1141:1116) (tPR = 22967) [OK] 
   298s:       rampup IR =   2310 .[300.728s][info][gc,start       ] GC(90) Pause Young (Mixed) (G1 Evacuation Pause)
[300.728s][info][gc,task        ] GC(90) Using 6 workers of 6 for evacuation
[300.914s][info][gc,phases      ] GC(90)   Pre Evacuate Collection Set: 0.37ms
[300.914s][info][gc,phases      ] GC(90)   Merge Heap Roots: 0.56ms
[300.914s][info][gc,phases      ] GC(90)   Evacuate Collection Set: 184.71ms
[300.914s][info][gc,phases      ] GC(90)   Post Evacuate Collection Set: 0.44ms
[300.914s][info][gc,phases      ] GC(90)   Other: 0.06ms
[300.914s][info][gc,heap        ] GC(90) Eden regions: 388->0(569)
[300.914s][info][gc,heap        ] GC(90) Survivor regions: 154->25(68)
[300.914s][info][gc,heap        ] GC(90) Old regions: 345->496
[300.914s][info][gc,heap        ] GC(90) Humongous regions: 155->155
[300.914s][info][gc,metaspace   ] GC(90) Metaspace: 28810K(29184K)->28810K(29184K) NonClass: 23926K(24064K)->23926K(24064K) Class: 4884K(5120K)->4884K(5120K)
[300.914s][info][gc             ] GC(90) Pause Young (Mixed) (G1 Evacuation Pause) 2073M->1342M(4096M) 186.264ms
[300.914s][info][gc,cpu         ] GC(90) User=1.11s Sys=0.00s Real=0.19s
...[303.767s][info][gc,start       ] GC(91) Pause Young (Concurrent Start) (G1 Evacuation Pause)
[303.767s][info][gc,task        ] GC(91) Using 6 workers of 6 for evacuation
[303.822s][info][gc,phases      ] GC(91)   Pre Evacuate Collection Set: 0.39ms
[303.822s][info][gc,phases      ] GC(91)   Merge Heap Roots: 0.44ms
[303.822s][info][gc,phases      ] GC(91)   Evacuate Collection Set: 52.99ms
[303.822s][info][gc,phases      ] GC(91)   Post Evacuate Collection Set: 0.64ms
[303.822s][info][gc,phases      ] GC(91)   Other: 0.10ms
[303.822s][info][gc,heap        ] GC(91) Eden regions: 596->0(652)
[303.822s][info][gc,heap        ] GC(91) Survivor regions: 25->53(78)
[303.822s][info][gc,heap        ] GC(91) Old regions: 496->496
[303.822s][info][gc,heap        ] GC(91) Humongous regions: 155->155
[303.822s][info][gc,metaspace   ] GC(91) Metaspace: 28811K(29184K)->28811K(29184K) NonClass: 23926K(24064K)->23926K(24064K) Class: 4884K(5120K)->4884K(5120K)
[303.822s][info][gc             ] GC(91) Pause Young (Concurrent Start) (G1 Evacuation Pause) 2534M->1399M(4096M) 54.683ms
[303.822s][info][gc             ] GC(92) Concurrent Mark Cycle
[303.822s][info][gc,marking     ] GC(92) Concurrent Scan Root Regions
[303.822s][info][gc,cpu         ] GC(91) User=0.32s Sys=0.00s Real=0.06s
[303.892s][info][gc,marking     ] GC(92) Concurrent Scan Root Regions 70.385ms
[303.892s][info][gc,marking     ] GC(92) Concurrent Mark
[303.892s][info][gc,marking     ] GC(92) Concurrent Mark From Roots
[303.892s][info][gc,task        ] GC(92) Using 2 workers of 2 for marking
.[304.844s][info][gc,marking     ] GC(92) Concurrent Mark From Roots 951.280ms
[304.844s][info][gc,marking     ] GC(92) Concurrent Preclean
[304.844s][info][gc,marking     ] GC(92) Concurrent Preclean 0.044ms
[304.844s][info][gc,start       ] GC(92) Pause Remark
[304.851s][info][gc             ] GC(92) Pause Remark 1810M->1598M(4096M) 7.011ms
[304.851s][info][gc,cpu         ] GC(92) User=0.04s Sys=0.00s Real=0.01s
[304.851s][info][gc,marking     ] GC(92) Concurrent Mark 958.586ms
[304.851s][info][gc,marking     ] GC(92) Concurrent Rebuild Remembered Sets and Scrub Regions
. (rIR:aIR:PR = 2310:2290:2240) (tPR = 40996) [OK] 
   304s:       rampup IR =   3464 [305.189s][info][gc,marking     ] GC(92) Concurrent Rebuild Remembered Sets and Scrub Regions 337.804ms
[305.189s][info][gc,start       ] GC(92) Pause Cleanup
[305.189s][info][gc             ] GC(92) Pause Cleanup 1752M->1752M(4096M) 0.111ms
[305.189s][info][gc,cpu         ] GC(92) User=0.00s Sys=0.00s Real=0.00s
[305.189s][info][gc,marking     ] GC(92) Concurrent Clear Claimed Marks
[305.189s][info][gc,marking     ] GC(92) Concurrent Clear Claimed Marks 0.027ms
[305.189s][info][gc,marking     ] GC(92) Concurrent Cleanup for Next Mark
[305.192s][info][gc,marking     ] GC(92) Concurrent Cleanup for Next Mark 3.218ms
[305.192s][info][gc             ] GC(92) Concurrent Mark Cycle 1370.452ms
.[306.439s][info][gc,start       ] GC(93) Pause Young (Prepare Mixed) (G1 Evacuation Pause)
[306.439s][info][gc,task        ] GC(93) Using 6 workers of 6 for evacuation
[306.513s][info][gc,phases      ] GC(93)   Pre Evacuate Collection Set: 0.33ms
[306.513s][info][gc,phases      ] GC(93)   Merge Heap Roots: 0.56ms
[306.513s][info][gc,phases      ] GC(93)   Evacuate Collection Set: 72.86ms
[306.513s][info][gc,phases      ] GC(93)   Post Evacuate Collection Set: 0.65ms
[306.513s][info][gc,phases      ] GC(93)   Other: 0.07ms
[306.513s][info][gc,heap        ] GC(93) Eden regions: 645->0(804)
[306.513s][info][gc,heap        ] GC(93) Survivor regions: 53->63(88)
[306.513s][info][gc,heap        ] GC(93) Old regions: 470->488
[306.513s][info][gc,heap        ] GC(93) Humongous regions: 75->75
[306.513s][info][gc,metaspace   ] GC(93) Metaspace: 28811K(29184K)->28811K(29184K) NonClass: 23926K(24064K)->23926K(24064K) Class: 4884K(5120K)->4884K(5120K)
[306.513s][info][gc             ] GC(93) Pause Young (Prepare Mixed) (G1 Evacuation Pause) 2477M->1244M(4096M) 74.604ms
[306.513s][info][gc,cpu         ] GC(93) User=0.45s Sys=0.00s Real=0.08s
... (rIR:aIR:PR = 3464:3470:3397) (tPR = 59424) [OK] 
   308s:       rampup IR =   4619 [309.368s][info][gc,start       ] GC(94) Pause Young (Mixed) (G1 Evacuation Pause)
[309.368s][info][gc,task        ] GC(94) Using 6 workers of 6 for evacuation
[309.456s][info][gc,phases      ] GC(94)   Pre Evacuate Collection Set: 0.36ms
[309.456s][info][gc,phases      ] GC(94)   Merge Heap Roots: 0.45ms
[309.456s][info][gc,phases      ] GC(94)   Evacuate Collection Set: 85.99ms
[309.456s][info][gc,phases      ] GC(94)   Post Evacuate Collection Set: 0.84ms
[309.456s][info][gc,phases      ] GC(94)   Other: 0.09ms
[309.456s][info][gc,heap        ] GC(94) Eden regions: 904->0(952)
[309.456s][info][gc,heap        ] GC(94) Survivor regions: 63->76(121)
[309.456s][info][gc,heap        ] GC(94) Old regions: 488->507
[309.456s][info][gc,heap        ] GC(94) Humongous regions: 75->75
[309.456s][info][gc,metaspace   ] GC(94) Metaspace: 28811K(29184K)->28811K(29184K) NonClass: 23926K(24064K)->23926K(24064K) Class: 4884K(5120K)->4884K(5120K)
[309.456s][info][gc             ] GC(94) Pause Young (Mixed) (G1 Evacuation Pause) 3052M->1310M(4096M) 87.869ms
[309.456s][info][gc,cpu         ] GC(94) User=0.52s Sys=0.00s Real=0.09s
...[312.135s][info][gc,start       ] GC(95) Pause Young (Mixed) (G1 Evacuation Pause)
[312.135s][info][gc,task        ] GC(95) Using 6 workers of 6 for evacuation
[312.236s][info][gc,phases      ] GC(95)   Pre Evacuate Collection Set: 0.36ms
[312.236s][info][gc,phases      ] GC(95)   Merge Heap Roots: 0.41ms
[312.236s][info][gc,phases      ] GC(95)   Evacuate Collection Set: 98.61ms
[312.236s][info][gc,phases      ] GC(95)   Post Evacuate Collection Set: 0.86ms
[312.236s][info][gc,phases      ] GC(95)   Other: 0.09ms
[312.236s][info][gc,heap        ] GC(95) Eden regions: 1047->0(1058)
[312.236s][info][gc,heap        ] GC(95) Survivor regions: 76->91(141)
[312.236s][info][gc,heap        ] GC(95) Old regions: 507->527
[312.236s][info][gc,heap        ] GC(95) Humongous regions: 77->77
[312.236s][info][gc,metaspace   ] GC(95) Metaspace: 28814K(29184K)->28814K(29184K) NonClass: 23929K(24064K)->23929K(24064K) Class: 4884K(5120K)->4884K(5120K)
[312.236s][info][gc             ] GC(95) Pause Young (Mixed) (G1 Evacuation Pause) 3408M->1386M(4096M) 100.482ms
[312.236s][info][gc,cpu         ] GC(95) User=0.59s Sys=0.00s Real=0.10s
. (rIR:aIR:PR = 4619:4631:4584) (tPR = 76238) [OK] 
   312s:       rampup IR =   5774 .[314.525s][info][gc,start       ] GC(96) Pause Young (Mixed) (G1 Evacuation Pause)
[314.525s][info][gc,task        ] GC(96) Using 6 workers of 6 for evacuation
[314.641s][info][gc,phases      ] GC(96)   Pre Evacuate Collection Set: 0.37ms
[314.642s][info][gc,phases      ] GC(96)   Merge Heap Roots: 0.41ms
[314.642s][info][gc,phases      ] GC(96)   Evacuate Collection Set: 113.85ms
[314.642s][info][gc,phases      ] GC(96)   Merge Optional Heap Roots: 0.02ms
[314.642s][info][gc,phases      ] GC(96)   Evacuate Optional Collection Set: 0.53ms
[314.642s][info][gc,phases      ] GC(96)   Post Evacuate Collection Set: 0.99ms
[314.642s][info][gc,phases      ] GC(96)   Other: 0.10ms
[314.642s][info][gc,heap        ] GC(96) Eden regions: 1060->0(1069)
[314.642s][info][gc,heap        ] GC(96) Survivor regions: 91->101(144)
[314.642s][info][gc,heap        ] GC(96) Old regions: 527->534
[314.642s][info][gc,heap        ] GC(96) Humongous regions: 77->77
[314.642s][info][gc,metaspace   ] GC(96) Metaspace: 28819K(29184K)->28819K(29184K) NonClass: 23934K(24064K)->23934K(24064K) Class: 4884K(5120K)->4884K(5120K)
[314.642s][info][gc             ] GC(96) Pause Young (Mixed) (G1 Evacuation Pause) 3506M->1423M(4096M) 116.416ms
[314.642s][info][gc,cpu         ] GC(96) User=0.69s Sys=0.00s Real=0.12s
... (rIR:aIR:PR = 5774:5719:5718) (tPR = 93528) [OK] 
   316s:       rampup IR =   6929 [317.104s][info][gc,start       ] GC(97) Pause Young (Mixed) (G1 Evacuation Pause)
[317.104s][info][gc,task        ] GC(97) Using 6 workers of 6 for evacuation
[317.221s][info][gc,phases      ] GC(97)   Pre Evacuate Collection Set: 0.33ms
[317.221s][info][gc,phases      ] GC(97)   Merge Heap Roots: 0.46ms
[317.221s][info][gc,phases      ] GC(97)   Evacuate Collection Set: 115.21ms
[317.221s][info][gc,phases      ] GC(97)   Post Evacuate Collection Set: 0.95ms
[317.221s][info][gc,phases      ] GC(97)   Other: 0.08ms
[317.221s][info][gc,heap        ] GC(97) Eden regions: 1069->0(1029)
[317.221s][info][gc,heap        ] GC(97) Survivor regions: 101->104(147)
[317.221s][info][gc,heap        ] GC(97) Old regions: 534->568
[317.221s][info][gc,heap        ] GC(97) Humongous regions: 77->77
[317.221s][info][gc,metaspace   ] GC(97) Metaspace: 28819K(29184K)->28819K(29184K) NonClass: 23934K(24064K)->23934K(24064K) Class: 4884K(5120K)->4884K(5120K)
[317.221s][info][gc             ] GC(97) Pause Young (Mixed) (G1 Evacuation Pause) 3561M->1495M(4096M) 117.156ms
[317.221s][info][gc,cpu         ] GC(97) User=0.69s Sys=0.01s Real=0.12s
..[319.459s][info][gc,start       ] GC(98) Pause Young (Concurrent Start) (G1 Evacuation Pause)
[319.459s][info][gc,task        ] GC(98) Using 6 workers of 6 for evacuation
[319.573s][info][gc,phases      ] GC(98)   Pre Evacuate Collection Set: 0.38ms
[319.574s][info][gc,phases      ] GC(98)   Merge Heap Roots: 0.41ms
[319.574s][info][gc,phases      ] GC(98)   Evacuate Collection Set: 113.11ms
[319.574s][info][gc,phases      ] GC(98)   Post Evacuate Collection Set: 0.88ms
[319.574s][info][gc,phases      ] GC(98)   Other: 0.10ms
[319.574s][info][gc,heap        ] GC(98) Eden regions: 1062->0(1047)
[319.574s][info][gc,heap        ] GC(98) Survivor regions: 104->105(146)
[319.574s][info][gc,heap        ] GC(98) Old regions: 568->603
[319.574s][info][gc,heap        ] GC(98) Humongous regions: 77->77
[319.574s][info][gc,metaspace   ] GC(98) Metaspace: 28819K(29184K)->28819K(29184K) NonClass: 23934K(24064K)->23934K(24064K) Class: 4884K(5120K)->4884K(5120K)
[319.574s][info][gc             ] GC(98) Pause Young (Concurrent Start) (G1 Evacuation Pause) 3619M->1568M(4096M) 115.017ms
[319.574s][info][gc             ] GC(99) Concurrent Mark Cycle
[319.574s][info][gc,marking     ] GC(99) Concurrent Scan Root Regions
[319.574s][info][gc,cpu         ] GC(98) User=0.69s Sys=0.00s Real=0.12s
[319.762s][info][gc,marking     ] GC(99) Concurrent Scan Root Regions 188.865ms
[319.763s][info][gc,marking     ] GC(99) Concurrent Mark
[319.763s][info][gc,marking     ] GC(99) Concurrent Mark From Roots
[319.763s][info][gc,task        ] GC(99) Using 2 workers of 2 for marking
.[320.583s][info][gc,marking     ] GC(99) Concurrent Mark From Roots 820.562ms
[320.583s][info][gc,marking     ] GC(99) Concurrent Preclean
[320.583s][info][gc,marking     ] GC(99) Concurrent Preclean 0.092ms
[320.584s][info][gc,start       ] GC(99) Pause Remark
[320.591s][info][gc             ] GC(99) Pause Remark 2512M->2512M(4096M) 7.015ms
[320.591s][info][gc,cpu         ] GC(99) User=0.04s Sys=0.00s Real=0.01s
[320.591s][info][gc,marking     ] GC(99) Concurrent Mark 828.488ms
[320.591s][info][gc,marking     ] GC(99) Concurrent Rebuild Remembered Sets and Scrub Regions
. (rIR:aIR:PR = 6929:6899:6899) (tPR = 106399) [OK] 
   320s:       rampup IR =   8084 [320.963s][info][gc,marking     ] GC(99) Concurrent Rebuild Remembered Sets and Scrub Regions 372.140ms
[320.963s][info][gc,start       ] GC(99) Pause Cleanup
[320.963s][info][gc             ] GC(99) Pause Cleanup 2812M->2812M(4096M) 0.190ms
[320.964s][info][gc,cpu         ] GC(99) User=0.00s Sys=0.00s Real=0.00s
[320.964s][info][gc,marking     ] GC(99) Concurrent Clear Claimed Marks
[320.964s][info][gc,marking     ] GC(99) Concurrent Clear Claimed Marks 0.029ms
[320.964s][info][gc,marking     ] GC(99) Concurrent Cleanup for Next Mark
[320.967s][info][gc,marking     ] GC(99) Concurrent Cleanup for Next Mark 3.554ms
[320.967s][info][gc             ] GC(99) Concurrent Mark Cycle 1393.586ms
[321.879s][info][gc,start       ] GC(100) Pause Young (Prepare Mixed) (G1 Evacuation Pause)
[321.879s][info][gc,task        ] GC(100) Using 6 workers of 6 for evacuation
[322.000s][info][gc,phases      ] GC(100)   Pre Evacuate Collection Set: 0.33ms
[322.000s][info][gc,phases      ] GC(100)   Merge Heap Roots: 0.53ms
[322.000s][info][gc,phases      ] GC(100)   Evacuate Collection Set: 118.95ms
[322.000s][info][gc,phases      ] GC(100)   Post Evacuate Collection Set: 0.93ms
[322.000s][info][gc,phases      ] GC(100)   Other: 0.08ms
[322.000s][info][gc,heap        ] GC(100) Eden regions: 1047->0(1012)
[322.000s][info][gc,heap        ] GC(100) Survivor regions: 105->110(144)
[322.000s][info][gc,heap        ] GC(100) Old regions: 603->636
[322.000s][info][gc,heap        ] GC(100) Humongous regions: 77->77
[322.000s][info][gc,metaspace   ] GC(100) Metaspace: 28819K(29184K)->28819K(29184K) NonClass: 23935K(24064K)->23935K(24064K) Class: 4884K(5120K)->4884K(5120K)
[322.000s][info][gc             ] GC(100) Pause Young (Prepare Mixed) (G1 Evacuation Pause) 3662M->1645M(4096M) 120.958ms
[322.000s][info][gc,cpu         ] GC(100) User=0.73s Sys=0.00s Real=0.13s
..[323.965s][info][gc,start       ] GC(101) Pause Young (Mixed) (G1 Evacuation Pause)
[323.965s][info][gc,task        ] GC(101) Using 6 workers of 6 for evacuation
[324.097s][info][gc,phases      ] GC(101)   Pre Evacuate Collection Set: 0.40ms
[324.097s][info][gc,phases      ] GC(101)   Merge Heap Roots: 0.61ms
[324.097s][info][gc,phases      ] GC(101)   Evacuate Collection Set: 128.04ms
[324.097s][info][gc,phases      ] GC(101)   Merge Optional Heap Roots: 0.04ms
[324.097s][info][gc,phases      ] GC(101)   Evacuate Optional Collection Set: 1.67ms
[324.097s][info][gc,phases      ] GC(101)   Post Evacuate Collection Set: 1.11ms
[324.097s][info][gc,phases      ] GC(101)   Other: 0.11ms
[324.097s][info][gc,heap        ] GC(101) Eden regions: 1012->0(1123)
[324.097s][info][gc,heap        ] GC(101) Survivor regions: 110->105(141)
[324.097s][info][gc,heap        ] GC(101) Old regions: 636->485
[324.097s][info][gc,heap        ] GC(101) Humongous regions: 77->77
[324.097s][info][gc,metaspace   ] GC(101) Metaspace: 28821K(29184K)->28821K(29184K) NonClass: 23936K(24064K)->23936K(24064K) Class: 4884K(5120K)->4884K(5120K)
[324.098s][info][gc             ] GC(101) Pause Young (Mixed) (G1 Evacuation Pause) 3669M->1332M(4096M) 132.109ms
[324.098s][info][gc,cpu         ] GC(101) User=0.79s Sys=0.00s Real=0.13s
.. (rIR:aIR:PR = 8084:8265:8260) (tPR = 121448) [OK] 
   324s:       rampup IR =   9238 .[326.189s][info][gc,start       ] GC(102) Pause Young (Mixed) (G1 Evacuation Pause)
[326.189s][info][gc,task        ] GC(102) Using 6 workers of 6 for evacuation
[326.316s][info][gc,phases      ] GC(102)   Pre Evacuate Collection Set: 0.39ms
[326.316s][info][gc,phases      ] GC(102)   Merge Heap Roots: 0.63ms
[326.316s][info][gc,phases      ] GC(102)   Evacuate Collection Set: 124.87ms
[326.316s][info][gc,phases      ] GC(102)   Post Evacuate Collection Set: 0.98ms
[326.316s][info][gc,phases      ] GC(102)   Other: 0.09ms
[326.316s][info][gc,heap        ] GC(102) Eden regions: 1123->0(1120)
[326.316s][info][gc,heap        ] GC(102) Survivor regions: 105->108(154)
[326.316s][info][gc,heap        ] GC(102) Old regions: 485->492
[326.316s][info][gc,heap        ] GC(102) Humongous regions: 77->77
[326.316s][info][gc,metaspace   ] GC(102) Metaspace: 28821K(29184K)->28821K(29184K) NonClass: 23936K(24064K)->23936K(24064K) Class: 4884K(5120K)->4884K(5120K)
[326.316s][info][gc             ] GC(102) Pause Young (Mixed) (G1 Evacuation Pause) 3578M->1351M(4096M) 127.108ms
[326.316s][info][gc,cpu         ] GC(102) User=0.76s Sys=0.00s Real=0.12s
..[328.132s][info][gc,start       ] GC(103) Pause Young (Concurrent Start) (G1 Evacuation Pause)
[328.132s][info][gc,task        ] GC(103) Using 6 workers of 6 for evacuation
[328.253s][info][gc,phases      ] GC(103)   Pre Evacuate Collection Set: 0.42ms
[328.253s][info][gc,phases      ] GC(103)   Merge Heap Roots: 0.51ms
[328.253s][info][gc,phases      ] GC(103)   Evacuate Collection Set: 119.37ms
[328.253s][info][gc,phases      ] GC(103)   Post Evacuate Collection Set: 0.91ms
[328.253s][info][gc,phases      ] GC(103)   Other: 0.13ms
[328.253s][info][gc,heap        ] GC(103) Eden regions: 1120->0(1115)
[328.253s][info][gc,heap        ] GC(103) Survivor regions: 108->113(154)
[328.253s][info][gc,heap        ] GC(103) Old regions: 492->523
[328.253s][info][gc,heap        ] GC(103) Humongous regions: 77->77
[328.253s][info][gc,metaspace   ] GC(103) Metaspace: 28822K(29184K)->28822K(29184K) NonClass: 23937K(24064K)->23937K(24064K) Class: 4884K(5120K)->4884K(5120K)
[328.253s][info][gc             ] GC(103) Pause Young (Concurrent Start) (G1 Evacuation Pause) 3591M->1423M(4096M) 121.465ms
[328.253s][info][gc             ] GC(104) Concurrent Mark Cycle
[328.253s][info][gc,marking     ] GC(104) Concurrent Scan Root Regions
[328.253s][info][gc,cpu         ] GC(103) User=0.72s Sys=0.00s Real=0.12s
[328.445s][info][gc,marking     ] GC(104) Concurrent Scan Root Regions 191.367ms
[328.445s][info][gc,marking     ] GC(104) Concurrent Mark
[328.445s][info][gc,marking     ] GC(104) Concurrent Mark From Roots
[328.445s][info][gc,task        ] GC(104) Using 2 workers of 2 for marking
.[329.366s][info][gc,marking     ] GC(104) Concurrent Mark From Roots 921.718ms
[329.366s][info][gc,marking     ] GC(104) Concurrent Preclean
[329.366s][info][gc,marking     ] GC(104) Concurrent Preclean 0.124ms
[329.368s][info][gc,start       ] GC(104) Pause Remark
[329.371s][info][gc             ] GC(104) Pause Remark 2411M->2411M(4096M) 3.167ms
[329.371s][info][gc,cpu         ] GC(104) User=0.01s Sys=0.00s Real=0.01s
[329.371s][info][gc,marking     ] GC(104) Concurrent Mark 926.629ms
[329.371s][info][gc,marking     ] GC(104) Concurrent Rebuild Remembered Sets and Scrub Regions
[329.833s][info][gc,marking     ] GC(104) Concurrent Rebuild Remembered Sets and Scrub Regions 461.344ms
[329.834s][info][gc,start       ] GC(104) Pause Cleanup
[329.834s][info][gc             ] GC(104) Pause Cleanup 2991M->2991M(4096M) 0.175ms
[329.834s][info][gc,cpu         ] GC(104) User=0.00s Sys=0.00s Real=0.00s
[329.835s][info][gc,marking     ] GC(104) Concurrent Clear Claimed Marks
[329.835s][info][gc,marking     ] GC(104) Concurrent Clear Claimed Marks 0.044ms
[329.835s][info][gc,marking     ] GC(104) Concurrent Cleanup for Next Mark
[329.853s][info][gc,marking     ] GC(104) Concurrent Cleanup for Next Mark 18.285ms
[329.853s][info][gc             ] GC(104) Concurrent Mark Cycle 1599.835ms
[330.336s][info][gc,start       ] GC(105) Pause Young (Prepare Mixed) (G1 Evacuation Pause)
[330.336s][info][gc,task        ] GC(105) Using 6 workers of 6 for evacuation
[330.456s][info][gc,phases      ] GC(105)   Pre Evacuate Collection Set: 0.35ms
[330.456s][info][gc,phases      ] GC(105)   Merge Heap Roots: 0.52ms
[330.456s][info][gc,phases      ] GC(105)   Evacuate Collection Set: 118.65ms
[330.456s][info][gc,phases      ] GC(105)   Post Evacuate Collection Set: 0.99ms
[330.456s][info][gc,phases      ] GC(105)   Other: 0.09ms
[330.456s][info][gc,heap        ] GC(105) Eden regions: 1115->0(1090)
[330.456s][info][gc,heap        ] GC(105) Survivor regions: 113->111(154)
[330.456s][info][gc,heap        ] GC(105) Old regions: 523->556
[330.456s][info][gc,heap        ] GC(105) Humongous regions: 77->77
[330.456s][info][gc,metaspace   ] GC(105) Metaspace: 28822K(29184K)->28822K(29184K) NonClass: 23937K(24064K)->23937K(24064K) Class: 4884K(5120K)->4884K(5120K)
[330.456s][info][gc             ] GC(105) Pause Young (Prepare Mixed) (G1 Evacuation Pause) 3653M->1486M(4096M) 120.737ms
[330.456s][info][gc,cpu         ] GC(105) User=0.72s Sys=0.00s Real=0.12s
..[332.009s][info][gc,start       ] GC(106) Pause Young (Mixed) (G1 Evacuation Pause)
[332.009s][info][gc,task        ] GC(106) Using 6 workers of 6 for evacuation
[332.157s][info][gc,phases      ] GC(106)   Pre Evacuate Collection Set: 0.39ms
[332.157s][info][gc,phases      ] GC(106)   Merge Heap Roots: 0.88ms
[332.157s][info][gc,phases      ] GC(106)   Evacuate Collection Set: 145.83ms
[332.157s][info][gc,phases      ] GC(106)   Post Evacuate Collection Set: 0.97ms
[332.157s][info][gc,phases      ] GC(106)   Other: 0.09ms
[332.157s][info][gc,heap        ] GC(106) Eden regions: 1090->0(1119)
[332.157s][info][gc,heap        ] GC(106) Survivor regions: 111->109(151)
[332.157s][info][gc,heap        ] GC(106) Old regions: 556->462
[332.157s][info][gc,heap        ] GC(106) Humongous regions: 77->77
[332.157s][info][gc,metaspace   ] GC(106) Metaspace: 28826K(29248K)->28826K(29248K) NonClass: 23941K(24128K)->23941K(24128K) Class: 4884K(5120K)->4884K(5120K)
[332.157s][info][gc             ] GC(106) Pause Young (Mixed) (G1 Evacuation Pause) 3666M->1294M(4096M) 148.291ms
[332.157s][info][gc,cpu         ] GC(106) User=0.88s Sys=0.00s Real=0.15s
.. (rIR:aIR:PR = 9238:9405:9430) (tPR = 138844) [OK] 
   333s:       rampup IR =  10393 [334.045s][info][gc,start       ] GC(107) Pause Young (Concurrent Start) (G1 Evacuation Pause)
[334.045s][info][gc,task        ] GC(107) Using 6 workers of 6 for evacuation
[334.167s][info][gc,phases      ] GC(107)   Pre Evacuate Collection Set: 0.40ms
[334.167s][info][gc,phases      ] GC(107)   Merge Heap Roots: 0.46ms
[334.167s][info][gc,phases      ] GC(107)   Evacuate Collection Set: 120.29ms
[334.167s][info][gc,phases      ] GC(107)   Post Evacuate Collection Set: 0.90ms
[334.167s][info][gc,phases      ] GC(107)   Other: 0.11ms
[334.167s][info][gc,heap        ] GC(107) Eden regions: 1119->0(1114)
[334.167s][info][gc,heap        ] GC(107) Survivor regions: 109->114(154)
[334.167s][info][gc,heap        ] GC(107) Old regions: 462->495
[334.167s][info][gc,heap        ] GC(107) Humongous regions: 77->77
[334.167s][info][gc,metaspace   ] GC(107) Metaspace: 28828K(29248K)->28828K(29248K) NonClass: 23943K(24128K)->23943K(24128K) Class: 4884K(5120K)->4884K(5120K)
[334.167s][info][gc             ] GC(107) Pause Young (Concurrent Start) (G1 Evacuation Pause) 3532M->1370M(4096M) 122.290ms
[334.167s][info][gc             ] GC(108) Concurrent Mark Cycle
[334.167s][info][gc,marking     ] GC(108) Concurrent Scan Root Regions
[334.167s][info][gc,cpu         ] GC(107) User=0.73s Sys=0.00s Real=0.12s
[334.363s][info][gc,marking     ] GC(108) Concurrent Scan Root Regions 195.379ms
[334.363s][info][gc,marking     ] GC(108) Concurrent Mark
[334.363s][info][gc,marking     ] GC(108) Concurrent Mark From Roots
[334.363s][info][gc,task        ] GC(108) Using 2 workers of 2 for marking
.[335.311s][info][gc,marking     ] GC(108) Concurrent Mark From Roots 948.408ms
[335.311s][info][gc,marking     ] GC(108) Concurrent Preclean
[335.311s][info][gc,marking     ] GC(108) Concurrent Preclean 0.077ms
[335.312s][info][gc,start       ] GC(108) Pause Remark
[335.318s][info][gc             ] GC(108) Pause Remark 2489M->2489M(4096M) 6.424ms
[335.318s][info][gc,cpu         ] GC(108) User=0.03s Sys=0.00s Real=0.00s
[335.319s][info][gc,marking     ] GC(108) Concurrent Mark 956.463ms
[335.319s][info][gc,marking     ] GC(108) Concurrent Rebuild Remembered Sets and Scrub Regions
[335.986s][info][gc,marking     ] GC(108) Concurrent Rebuild Remembered Sets and Scrub Regions 666.813ms
[335.989s][info][gc,start       ] GC(108) Pause Cleanup
[335.990s][info][gc             ] GC(108) Pause Cleanup 3282M->3282M(4096M) 0.170ms
[335.990s][info][gc,cpu         ] GC(108) User=0.00s Sys=0.00s Real=0.00s
[335.990s][info][gc,marking     ] GC(108) Concurrent Clear Claimed Marks
[335.990s][info][gc,marking     ] GC(108) Concurrent Clear Claimed Marks 0.055ms
[335.990s][info][gc,marking     ] GC(108) Concurrent Cleanup for Next Mark
[335.996s][info][gc,marking     ] GC(108) Concurrent Cleanup for Next Mark 5.802ms
[335.996s][info][gc             ] GC(108) Concurrent Mark Cycle 1828.804ms
[336.207s][info][gc,start       ] GC(109) Pause Young (Prepare Mixed) (G1 Evacuation Pause)
[336.207s][info][gc,task        ] GC(109) Using 6 workers of 6 for evacuation
[336.337s][info][gc,phases      ] GC(109)   Pre Evacuate Collection Set: 0.31ms
[336.337s][info][gc,phases      ] GC(109)   Merge Heap Roots: 0.52ms
[336.337s][info][gc,phases      ] GC(109)   Evacuate Collection Set: 127.91ms
[336.337s][info][gc,phases      ] GC(109)   Post Evacuate Collection Set: 1.01ms
[336.337s][info][gc,phases      ] GC(109)   Other: 0.09ms
[336.337s][info][gc,heap        ] GC(109) Eden regions: 1114->0(1099)
[336.337s][info][gc,heap        ] GC(109) Survivor regions: 114->120(154)
[336.337s][info][gc,heap        ] GC(109) Old regions: 495->529
[336.337s][info][gc,heap        ] GC(109) Humongous regions: 77->77
[336.337s][info][gc,metaspace   ] GC(109) Metaspace: 28828K(29248K)->28828K(29248K) NonClass: 23943K(24128K)->23943K(24128K) Class: 4884K(5120K)->4884K(5120K)
[336.337s][info][gc             ] GC(109) Pause Young (Prepare Mixed) (G1 Evacuation Pause) 3598M->1450M(4096M) 129.980ms
[336.337s][info][gc,cpu         ] GC(109) User=0.77s Sys=0.00s Real=0.13s
..[337.795s][info][gc,start       ] GC(110) Pause Young (Mixed) (G1 Evacuation Pause)
[337.795s][info][gc,task        ] GC(110) Using 6 workers of 6 for evacuation
[337.936s][info][gc,phases      ] GC(110)   Pre Evacuate Collection Set: 0.38ms
[337.936s][info][gc,phases      ] GC(110)   Merge Heap Roots: 0.60ms
[337.936s][info][gc,phases      ] GC(110)   Evacuate Collection Set: 138.61ms
[337.936s][info][gc,phases      ] GC(110)   Post Evacuate Collection Set: 0.98ms
[337.936s][info][gc,phases      ] GC(110)   Other: 0.09ms
[337.936s][info][gc,heap        ] GC(110) Eden regions: 1099->0(1109)
[337.936s][info][gc,heap        ] GC(110) Survivor regions: 120->119(153)
[337.936s][info][gc,heap        ] GC(110) Old regions: 529->465
[337.936s][info][gc,heap        ] GC(110) Humongous regions: 77->77
[337.936s][info][gc,metaspace   ] GC(110) Metaspace: 28828K(29248K)->28828K(29248K) NonClass: 23943K(24128K)->23943K(24128K) Class: 4884K(5120K)->4884K(5120K)
[337.936s][info][gc             ] GC(110) Pause Young (Mixed) (G1 Evacuation Pause) 3648M->1319M(4096M) 140.807ms
[337.936s][info][gc,cpu         ] GC(110) User=0.84s Sys=0.00s Real=0.14s
.[339.441s][info][gc,start       ] GC(111) Pause Young (Concurrent Start) (G1 Evacuation Pause)
[339.441s][info][gc,task        ] GC(111) Using 6 workers of 6 for evacuation
[339.565s][info][gc,phases      ] GC(111)   Pre Evacuate Collection Set: 0.41ms
[339.565s][info][gc,phases      ] GC(111)   Merge Heap Roots: 0.49ms
[339.565s][info][gc,phases      ] GC(111)   Evacuate Collection Set: 122.12ms
[339.565s][info][gc,phases      ] GC(111)   Post Evacuate Collection Set: 0.90ms
[339.565s][info][gc,phases      ] GC(111)   Other: 0.13ms
[339.565s][info][gc,heap        ] GC(111) Eden regions: 1109->0(1114)
[339.565s][info][gc,heap        ] GC(111) Survivor regions: 119->114(154)
[339.565s][info][gc,heap        ] GC(111) Old regions: 465->499
[339.565s][info][gc,heap        ] GC(111) Humongous regions: 77->77
[339.565s][info][gc,metaspace   ] GC(111) Metaspace: 28828K(29248K)->28828K(29248K) NonClass: 23943K(24128K)->23943K(24128K) Class: 4884K(5120K)->4884K(5120K)
[339.565s][info][gc             ] GC(111) Pause Young (Concurrent Start) (G1 Evacuation Pause) 3537M->1377M(4096M) 124.177ms
[339.565s][info][gc             ] GC(112) Concurrent Mark Cycle
[339.565s][info][gc,marking     ] GC(112) Concurrent Scan Root Regions
[339.565s][info][gc,cpu         ] GC(111) User=0.74s Sys=0.01s Real=0.12s
.[339.842s][info][gc,marking     ] GC(112) Concurrent Scan Root Regions 276.243ms
[339.842s][info][gc,marking     ] GC(112) Concurrent Mark
[339.842s][info][gc,marking     ] GC(112) Concurrent Mark From Roots
[339.842s][info][gc,task        ] GC(112) Using 2 workers of 2 for marking
[340.558s][info][gc,marking     ] GC(112) Concurrent Mark From Roots 716.208ms
[340.558s][info][gc,marking     ] GC(112) Concurrent Preclean
[340.558s][info][gc,marking     ] GC(112) Concurrent Preclean 0.036ms
[340.558s][info][gc,start       ] GC(112) Pause Remark
[340.563s][info][gc             ] GC(112) Pause Remark 2309M->2309M(4096M) 4.689ms
[340.563s][info][gc,cpu         ] GC(112) User=0.02s Sys=0.00s Real=0.01s
[340.563s][info][gc,marking     ] GC(112) Concurrent Mark 721.292ms
[340.563s][info][gc,marking     ] GC(112) Concurrent Rebuild Remembered Sets and Scrub Regions
[340.912s][info][gc,marking     ] GC(112) Concurrent Rebuild Remembered Sets and Scrub Regions 349.378ms
[340.914s][info][gc,start       ] GC(112) Pause Cleanup
[340.914s][info][gc             ] GC(112) Pause Cleanup 2697M->2697M(4096M) 0.157ms
[340.915s][info][gc,cpu         ] GC(112) User=0.00s Sys=0.00s Real=0.00s
[340.915s][info][gc,marking     ] GC(112) Concurrent Clear Claimed Marks
[340.915s][info][gc,marking     ] GC(112) Concurrent Clear Claimed Marks 0.040ms
[340.915s][info][gc,marking     ] GC(112) Concurrent Cleanup for Next Mark
. (rIR:aIR:PR = 10393:10191:10119) (tPR = 158873) [OK] 
   340s:       rampup IR =  11548 [340.928s][info][gc,marking     ] GC(112) Concurrent Cleanup for Next Mark 13.061ms
[340.928s][info][gc             ] GC(112) Concurrent Mark Cycle 1362.477ms
[341.514s][info][gc,start       ] GC(113) Pause Young (Prepare Mixed) (G1 Evacuation Pause)
[341.514s][info][gc,task        ] GC(113) Using 6 workers of 6 for evacuation
[341.637s][info][gc,phases      ] GC(113)   Pre Evacuate Collection Set: 0.35ms
[341.637s][info][gc,phases      ] GC(113)   Merge Heap Roots: 0.52ms
[341.637s][info][gc,phases      ] GC(113)   Evacuate Collection Set: 121.00ms
[341.637s][info][gc,phases      ] GC(113)   Post Evacuate Collection Set: 0.96ms
[341.637s][info][gc,phases      ] GC(113)   Other: 0.09ms
[341.637s][info][gc,heap        ] GC(113) Eden regions: 1114->0(1109)
[341.637s][info][gc,heap        ] GC(113) Survivor regions: 114->114(154)
[341.637s][info][gc,heap        ] GC(113) Old regions: 499->531
[341.637s][info][gc,heap        ] GC(113) Humongous regions: 77->77
[341.637s][info][gc,metaspace   ] GC(113) Metaspace: 28828K(29248K)->28828K(29248K) NonClass: 23944K(24128K)->23944K(24128K) Class: 4884K(5120K)->4884K(5120K)
[341.637s][info][gc             ] GC(113) Pause Young (Prepare Mixed) (G1 Evacuation Pause) 3605M->1442M(4096M) 123.077ms
[341.637s][info][gc,cpu         ] GC(113) User=0.73s Sys=0.00s Real=0.12s
..[343.227s][info][gc,start       ] GC(114) Pause Young (Mixed) (G1 Evacuation Pause)
[343.227s][info][gc,task        ] GC(114) Using 6 workers of 6 for evacuation
[343.370s][info][gc,phases      ] GC(114)   Pre Evacuate Collection Set: 0.41ms
[343.370s][info][gc,phases      ] GC(114)   Merge Heap Roots: 0.72ms
[343.370s][info][gc,phases      ] GC(114)   Evacuate Collection Set: 140.71ms
[343.370s][info][gc,phases      ] GC(114)   Post Evacuate Collection Set: 0.99ms
[343.370s][info][gc,phases      ] GC(114)   Other: 0.09ms
[343.370s][info][gc,heap        ] GC(114) Eden regions: 1109->0(1116)
[343.370s][info][gc,heap        ] GC(114) Survivor regions: 114->112(153)
[343.370s][info][gc,heap        ] GC(114) Old regions: 531->467
[343.370s][info][gc,heap        ] GC(114) Humongous regions: 77->77
[343.370s][info][gc,metaspace   ] GC(114) Metaspace: 28828K(29248K)->28828K(29248K) NonClass: 23944K(24128K)->23944K(24128K) Class: 4884K(5120K)->4884K(5120K)
[343.370s][info][gc             ] GC(114) Pause Young (Mixed) (G1 Evacuation Pause) 3660M->1309M(4096M) 143.068ms
[343.370s][info][gc,cpu         ] GC(114) User=0.85s Sys=0.00s Real=0.15s
.[344.806s][info][gc,start       ] GC(115) Pause Young (Concurrent Start) (G1 Evacuation Pause)
[344.806s][info][gc,task        ] GC(115) Using 6 workers of 6 for evacuation
[344.932s][info][gc,phases      ] GC(115)   Pre Evacuate Collection Set: 0.41ms
[344.932s][info][gc,phases      ] GC(115)   Merge Heap Roots: 0.49ms
[344.932s][info][gc,phases      ] GC(115)   Evacuate Collection Set: 123.81ms
[344.932s][info][gc,phases      ] GC(115)   Post Evacuate Collection Set: 0.90ms
[344.932s][info][gc,phases      ] GC(115)   Other: 0.12ms
[344.932s][info][gc,heap        ] GC(115) Eden regions: 1116->0(1111)
[344.932s][info][gc,heap        ] GC(115) Survivor regions: 112->117(154)
[344.932s][info][gc,heap        ] GC(115) Old regions: 467->500
[344.932s][info][gc,heap        ] GC(115) Humongous regions: 77->77
[344.932s][info][gc,metaspace   ] GC(115) Metaspace: 28829K(29248K)->28829K(29248K) NonClass: 23944K(24128K)->23944K(24128K) Class: 4884K(5120K)->4884K(5120K)
[344.932s][info][gc             ] GC(115) Pause Young (Concurrent Start) (G1 Evacuation Pause) 3541M->1386M(4096M) 125.876ms
[344.932s][info][gc             ] GC(116) Concurrent Mark Cycle
[344.932s][info][gc,marking     ] GC(116) Concurrent Scan Root Regions
[344.932s][info][gc,cpu         ] GC(115) User=0.75s Sys=0.00s Real=0.13s
[345.244s][info][gc,marking     ] GC(116) Concurrent Scan Root Regions 312.071ms
[345.244s][info][gc,marking     ] GC(116) Concurrent Mark
[345.244s][info][gc,marking     ] GC(116) Concurrent Mark From Roots
[345.244s][info][gc,task        ] GC(116) Using 2 workers of 2 for marking
.[346.927s][info][gc,start       ] GC(117) Pause Young (Normal) (G1 Evacuation Pause)
[346.927s][info][gc,task        ] GC(117) Using 6 workers of 6 for evacuation
[347.050s][info][gc,phases      ] GC(117)   Pre Evacuate Collection Set: 0.34ms
[347.050s][info][gc,phases      ] GC(117)   Merge Heap Roots: 0.47ms
[347.050s][info][gc,phases      ] GC(117)   Evacuate Collection Set: 121.03ms
[347.050s][info][gc,phases      ] GC(117)   Post Evacuate Collection Set: 0.87ms
[347.050s][info][gc,phases      ] GC(117)   Other: 0.08ms
[347.050s][info][gc,heap        ] GC(117) Eden regions: 1111->0(1100)
[347.050s][info][gc,heap        ] GC(117) Survivor regions: 117->118(154)
[347.050s][info][gc,heap        ] GC(117) Old regions: 500->532
[347.050s][info][gc,heap        ] GC(117) Humongous regions: 77->77
[347.050s][info][gc,metaspace   ] GC(117) Metaspace: 28829K(29248K)->28829K(29248K) NonClass: 23944K(24128K)->23944K(24128K) Class: 4884K(5120K)->4884K(5120K)
[347.050s][info][gc             ] GC(117) Pause Young (Normal) (G1 Evacuation Pause) 3608M->1452M(4096M) 122.945ms
[347.050s][info][gc,cpu         ] GC(117) User=0.73s Sys=0.00s Real=0.13s
.[347.153s][info][gc,marking     ] GC(116) Concurrent Mark From Roots 1908.872ms
[347.153s][info][gc,marking     ] GC(116) Concurrent Preclean
[347.153s][info][gc,marking     ] GC(116) Concurrent Preclean 0.079ms
[347.154s][info][gc,start       ] GC(116) Pause Remark
[347.158s][info][gc             ] GC(116) Pause Remark 1574M->1574M(4096M) 4.129ms
[347.158s][info][gc,cpu         ] GC(116) User=0.02s Sys=0.00s Real=0.00s
[347.158s][info][gc,marking     ] GC(116) Concurrent Mark 1913.594ms
[347.158s][info][gc,marking     ] GC(116) Concurrent Rebuild Remembered Sets and Scrub Regions
[347.726s][info][gc,marking     ] GC(116) Concurrent Rebuild Remembered Sets and Scrub Regions 567.990ms
[347.726s][info][gc,start       ] GC(116) Pause Cleanup
[347.726s][info][gc             ] GC(116) Pause Cleanup 2232M->2232M(4096M) 0.158ms
[347.726s][info][gc,cpu         ] GC(116) User=0.00s Sys=0.00s Real=0.00s
[347.726s][info][gc,marking     ] GC(116) Concurrent Clear Claimed Marks
[347.726s][info][gc,marking     ] GC(116) Concurrent Clear Claimed Marks 0.034ms
[347.726s][info][gc,marking     ] GC(116) Concurrent Cleanup for Next Mark
[347.732s][info][gc,marking     ] GC(116) Concurrent Cleanup for Next Mark 5.461ms
[347.732s][info][gc             ] GC(116) Concurrent Mark Cycle 2799.809ms
.[348.629s][info][gc,start       ] GC(118) Pause Young (Prepare Mixed) (G1 Evacuation Pause)
[348.629s][info][gc,task        ] GC(118) Using 6 workers of 6 for evacuation
[348.801s][info][gc,phases      ] GC(118)   Pre Evacuate Collection Set: 0.32ms
[348.801s][info][gc,phases      ] GC(118)   Merge Heap Roots: 0.50ms
[348.801s][info][gc,phases      ] GC(118)   Evacuate Collection Set: 169.48ms
[348.801s][info][gc,phases      ] GC(118)   Post Evacuate Collection Set: 0.96ms
[348.801s][info][gc,phases      ] GC(118)   Other: 0.09ms
[348.801s][info][gc,heap        ] GC(118) Eden regions: 1100->0(1070)
[348.801s][info][gc,heap        ] GC(118) Survivor regions: 118->116(153)
[348.801s][info][gc,heap        ] GC(118) Old regions: 532->566
[348.801s][info][gc,heap        ] GC(118) Humongous regions: 77->77
[348.801s][info][gc,metaspace   ] GC(118) Metaspace: 28829K(29248K)->28829K(29248K) NonClass: 23945K(24128K)->23945K(24128K) Class: 4884K(5120K)->4884K(5120K)
[348.801s][info][gc             ] GC(118) Pause Young (Prepare Mixed) (G1 Evacuation Pause) 3652M->1515M(4096M) 171.481ms
[348.801s][info][gc,cpu         ] GC(118) User=0.75s Sys=0.00s Real=0.18s
.[350.212s][info][gc,start       ] GC(119) Pause Young (Mixed) (G1 Evacuation Pause)
[350.212s][info][gc,task        ] GC(119) Using 6 workers of 6 for evacuation
[350.357s][info][gc,phases      ] GC(119)   Pre Evacuate Collection Set: 0.36ms
[350.357s][info][gc,phases      ] GC(119)   Merge Heap Roots: 0.71ms
[350.357s][info][gc,phases      ] GC(119)   Evacuate Collection Set: 143.77ms
[350.357s][info][gc,phases      ] GC(119)   Post Evacuate Collection Set: 0.93ms
[350.357s][info][gc,phases      ] GC(119)   Other: 0.09ms
[350.357s][info][gc,heap        ] GC(119) Eden regions: 1070->0(1109)
[350.357s][info][gc,heap        ] GC(119) Survivor regions: 116->119(149)
[350.358s][info][gc,heap        ] GC(119) Old regions: 566->497
[350.358s][info][gc,heap        ] GC(119) Humongous regions: 77->77
[350.358s][info][gc,metaspace   ] GC(119) Metaspace: 28830K(29248K)->28830K(29248K) NonClass: 23946K(24128K)->23946K(24128K) Class: 4884K(5120K)->4884K(5120K)
[350.358s][info][gc             ] GC(119) Pause Young (Mixed) (G1 Evacuation Pause) 3655M->1384M(4096M) 145.994ms
[350.358s][info][gc,cpu         ] GC(119) User=0.87s Sys=0.00s Real=0.14s
.[351.897s][info][gc,start       ] GC(120) Pause Young (Concurrent Start) (G1 Evacuation Pause)
[351.897s][info][gc,task        ] GC(120) Using 6 workers of 6 for evacuation
[352.022s][info][gc,phases      ] GC(120)   Pre Evacuate Collection Set: 0.38ms
[352.022s][info][gc,phases      ] GC(120)   Merge Heap Roots: 0.49ms
[352.022s][info][gc,phases      ] GC(120)   Evacuate Collection Set: 122.84ms
[352.022s][info][gc,phases      ] GC(120)   Post Evacuate Collection Set: 0.89ms
[352.022s][info][gc,phases      ] GC(120)   Other: 0.11ms
[352.022s][info][gc,heap        ] GC(120) Eden regions: 1109->0(1107)
[352.022s][info][gc,heap        ] GC(120) Survivor regions: 119->115(154)
[352.022s][info][gc,heap        ] GC(120) Old regions: 497->531
[352.022s][info][gc,heap        ] GC(120) Humongous regions: 77->77
[352.022s][info][gc,metaspace   ] GC(120) Metaspace: 28830K(29248K)->28830K(29248K) NonClass: 23946K(24128K)->23946K(24128K) Class: 4884K(5120K)->4884K(5120K)
[352.022s][info][gc             ] GC(120) Pause Young (Concurrent Start) (G1 Evacuation Pause) 3602M->1444M(4096M) 124.846ms
[352.022s][info][gc             ] GC(121) Concurrent Mark Cycle
[352.022s][info][gc,marking     ] GC(121) Concurrent Scan Root Regions
[352.022s][info][gc,cpu         ] GC(120) User=0.75s Sys=0.00s Real=0.13s
[352.220s][info][gc,marking     ] GC(121) Concurrent Scan Root Regions 198.012ms
[352.220s][info][gc,marking     ] GC(121) Concurrent Mark
[352.220s][info][gc,marking     ] GC(121) Concurrent Mark From Roots
[352.220s][info][gc,task        ] GC(121) Using 2 workers of 2 for marking
..[353.600s][info][gc,marking     ] GC(121) Concurrent Mark From Roots 1379.959ms
[353.621s][info][gc,marking     ] GC(121) Concurrent Preclean
[353.621s][info][gc,marking     ] GC(121) Concurrent Preclean 0.093ms
[353.624s][info][gc,start       ] GC(121) Pause Remark
[353.629s][info][gc             ] GC(121) Pause Remark 3348M->3348M(4096M) 4.581ms
[353.629s][info][gc,cpu         ] GC(121) User=0.03s Sys=0.00s Real=0.00s
[353.629s][info][gc,marking     ] GC(121) Concurrent Mark 1408.784ms
[353.629s][info][gc,marking     ] GC(121) Concurrent Rebuild Remembered Sets and Scrub Regions
[353.971s][info][gc,start       ] GC(122) Pause Young (Normal) (G1 Evacuation Pause)
[353.971s][info][gc,task        ] GC(122) Using 6 workers of 6 for evacuation
[354.100s][info][gc,phases      ] GC(122)   Pre Evacuate Collection Set: 0.30ms
[354.100s][info][gc,phases      ] GC(122)   Merge Heap Roots: 0.55ms
[354.100s][info][gc,phases      ] GC(122)   Evacuate Collection Set: 127.64ms
[354.100s][info][gc,phases      ] GC(122)   Post Evacuate Collection Set: 1.05ms
[354.100s][info][gc,phases      ] GC(122)   Other: 0.10ms
[354.100s][info][gc,heap        ] GC(122) Eden regions: 1107->0(1066)
[354.100s][info][gc,heap        ] GC(122) Survivor regions: 115->120(153)
[354.100s][info][gc,heap        ] GC(122) Old regions: 531->562
[354.100s][info][gc,heap        ] GC(122) Humongous regions: 77->77
[354.100s][info][gc,metaspace   ] GC(122) Metaspace: 28830K(29248K)->28830K(29248K) NonClass: 23946K(24128K)->23946K(24128K) Class: 4884K(5120K)->4884K(5120K)
[354.100s][info][gc             ] GC(122) Pause Young (Normal) (G1 Evacuation Pause) 3658M->1517M(4096M) 129.773ms
[354.100s][info][gc,cpu         ] GC(122) User=0.77s Sys=0.01s Real=0.13s
[354.162s][info][gc,marking     ] GC(121) Concurrent Rebuild Remembered Sets and Scrub Regions 532.847ms
[354.162s][info][gc,start       ] GC(121) Pause Cleanup
[354.162s][info][gc             ] GC(121) Pause Cleanup 1579M->1579M(4096M) 0.162ms
[354.162s][info][gc,cpu         ] GC(121) User=0.00s Sys=0.00s Real=0.00s
[354.162s][info][gc,marking     ] GC(121) Concurrent Clear Claimed Marks
[354.162s][info][gc,marking     ] GC(121) Concurrent Clear Claimed Marks 0.029ms
[354.162s][info][gc,marking     ] GC(121) Concurrent Cleanup for Next Mark
[354.169s][info][gc,marking     ] GC(121) Concurrent Cleanup for Next Mark 6.956ms
[354.169s][info][gc             ] GC(121) Concurrent Mark Cycle 2147.518ms
.[355.740s][info][gc,start       ] GC(123) Pause Young (Prepare Mixed) (G1 Evacuation Pause)
[355.740s][info][gc,task        ] GC(123) Using 6 workers of 6 for evacuation
[355.864s][info][gc,phases      ] GC(123)   Pre Evacuate Collection Set: 0.35ms
[355.864s][info][gc,phases      ] GC(123)   Merge Heap Roots: 0.57ms
[355.864s][info][gc,phases      ] GC(123)   Evacuate Collection Set: 122.12ms
[355.864s][info][gc,phases      ] GC(123)   Post Evacuate Collection Set: 0.96ms
[355.864s][info][gc,phases      ] GC(123)   Other: 0.09ms
[355.864s][info][gc,heap        ] GC(123) Eden regions: 1066->0(1075)
[355.864s][info][gc,heap        ] GC(123) Survivor regions: 120->66(149)
[355.864s][info][gc,heap        ] GC(123) Old regions: 562->643
[355.864s][info][gc,heap        ] GC(123) Humongous regions: 77->77
[355.864s][info][gc,metaspace   ] GC(123) Metaspace: 28830K(29248K)->28830K(29248K) NonClass: 23946K(24128K)->23946K(24128K) Class: 4884K(5120K)->4884K(5120K)
[355.864s][info][gc             ] GC(123) Pause Young (Prepare Mixed) (G1 Evacuation Pause) 3649M->1570M(4096M) 124.207ms
[355.864s][info][gc,cpu         ] GC(123) User=0.74s Sys=0.00s Real=0.12s
.[357.165s][info][gc,start       ] GC(124) Pause Young (Mixed) (G1 Evacuation Pause)
[357.165s][info][gc,task        ] GC(124) Using 6 workers of 6 for evacuation
[357.284s][info][gc,phases      ] GC(124)   Pre Evacuate Collection Set: 0.42ms
[357.284s][info][gc,phases      ] GC(124)   Merge Heap Roots: 0.76ms
[357.284s][info][gc,phases      ] GC(124)   Evacuate Collection Set: 117.21ms
[357.284s][info][gc,phases      ] GC(124)   Post Evacuate Collection Set: 0.99ms
[357.284s][info][gc,phases      ] GC(124)   Other: 0.09ms
[357.284s][info][gc,heap        ] GC(124) Eden regions: 1075->0(1114)
[357.284s][info][gc,heap        ] GC(124) Survivor regions: 66->114(143)
[357.284s][info][gc,heap        ] GC(124) Old regions: 643->516
[357.284s][info][gc,heap        ] GC(124) Humongous regions: 77->77
[357.284s][info][gc,metaspace   ] GC(124) Metaspace: 28832K(29248K)->28832K(29248K) NonClass: 23947K(24128K)->23947K(24128K) Class: 4884K(5120K)->4884K(5120K)
[357.285s][info][gc             ] GC(124) Pause Young (Mixed) (G1 Evacuation Pause) 3720M->1411M(4096M) 119.607ms
[357.285s][info][gc,cpu         ] GC(124) User=0.71s Sys=0.00s Real=0.12s
..[358.859s][info][gc,start       ] GC(125) Pause Young (Concurrent Start) (G1 Evacuation Pause)
[358.859s][info][gc,task        ] GC(125) Using 6 workers of 6 for evacuation
[358.984s][info][gc,phases      ] GC(125)   Pre Evacuate Collection Set: 0.37ms
[358.984s][info][gc,phases      ] GC(125)   Merge Heap Roots: 0.49ms
[358.984s][info][gc,phases      ] GC(125)   Evacuate Collection Set: 122.80ms
[358.984s][info][gc,phases      ] GC(125)   Post Evacuate Collection Set: 0.90ms
[358.984s][info][gc,phases      ] GC(125)   Other: 0.10ms
[358.984s][info][gc,heap        ] GC(125) Eden regions: 1114->0(1086)
[358.984s][info][gc,heap        ] GC(125) Survivor regions: 114->119(154)
[358.984s][info][gc,heap        ] GC(125) Old regions: 516->544
[358.984s][info][gc,heap        ] GC(125) Humongous regions: 77->77
[358.984s][info][gc,metaspace   ] GC(125) Metaspace: 28832K(29248K)->28832K(29248K) NonClass: 23947K(24128K)->23947K(24128K) Class: 4884K(5120K)->4884K(5120K)
[358.984s][info][gc             ] GC(125) Pause Young (Concurrent Start) (G1 Evacuation Pause) 3639M->1477M(4096M) 124.794ms
[358.984s][info][gc             ] GC(126) Concurrent Mark Cycle
[358.984s][info][gc,marking     ] GC(126) Concurrent Scan Root Regions
[358.984s][info][gc,cpu         ] GC(125) User=0.75s Sys=0.00s Real=0.13s
[359.348s][info][gc,marking     ] GC(126) Concurrent Scan Root Regions 364.563ms
[359.348s][info][gc,marking     ] GC(126) Concurrent Mark
[359.348s][info][gc,marking     ] GC(126) Concurrent Mark From Roots
[359.348s][info][gc,task        ] GC(126) Using 2 workers of 2 for marking
.[360.997s][info][gc,start       ] GC(127) Pause Young (Normal) (G1 Evacuation Pause)
[360.997s][info][gc,task        ] GC(127) Using 6 workers of 6 for evacuation
[361.121s][info][gc,phases      ] GC(127)   Pre Evacuate Collection Set: 0.31ms
[361.121s][info][gc,phases      ] GC(127)   Merge Heap Roots: 0.53ms
[361.121s][info][gc,phases      ] GC(127)   Evacuate Collection Set: 122.09ms
[361.121s][info][gc,phases      ] GC(127)   Post Evacuate Collection Set: 0.89ms
[361.121s][info][gc,phases      ] GC(127)   Other: 0.08ms
[361.121s][info][gc,heap        ] GC(127) Eden regions: 1086->0(1060)
[361.121s][info][gc,heap        ] GC(127) Survivor regions: 119->115(151)
[361.121s][info][gc,heap        ] GC(127) Old regions: 544->578
[361.121s][info][gc,heap        ] GC(127) Humongous regions: 77->77
[361.121s][info][gc,metaspace   ] GC(127) Metaspace: 28832K(29248K)->28832K(29248K) NonClass: 23947K(24128K)->23947K(24128K) Class: 4884K(5120K)->4884K(5120K)
[361.121s][info][gc             ] GC(127) Pause Young (Normal) (G1 Evacuation Pause) 3649M->1537M(4096M) 124.036ms
[361.121s][info][gc,cpu         ] GC(127) User=0.74s Sys=0.00s Real=0.13s
[361.594s][info][gc,marking     ] GC(126) Concurrent Mark From Roots 2245.270ms
[361.594s][info][gc,marking     ] GC(126) Concurrent Preclean
[361.594s][info][gc,marking     ] GC(126) Concurrent Preclean 0.054ms
[361.595s][info][gc,start       ] GC(126) Pause Remark
[361.601s][info][gc             ] GC(126) Pause Remark 2053M->2053M(4096M) 5.725ms
[361.601s][info][gc,cpu         ] GC(126) User=0.03s Sys=0.00s Real=0.01s
[361.601s][info][gc,marking     ] GC(126) Concurrent Mark 2252.708ms
[361.601s][info][gc,marking     ] GC(126) Concurrent Rebuild Remembered Sets and Scrub Regions
[362.094s][info][gc,marking     ] GC(126) Concurrent Rebuild Remembered Sets and Scrub Regions 493.346ms
[362.097s][info][gc,start       ] GC(126) Pause Cleanup
[362.097s][info][gc             ] GC(126) Pause Cleanup 2533M->2533M(4096M) 0.189ms
[362.097s][info][gc,cpu         ] GC(126) User=0.00s Sys=0.00s Real=0.00s
[362.097s][info][gc,marking     ] GC(126) Concurrent Clear Claimed Marks
[362.097s][info][gc,marking     ] GC(126) Concurrent Clear Claimed Marks 0.038ms
[362.097s][info][gc,marking     ] GC(126) Concurrent Cleanup for Next Mark
.[362.251s][info][gc,marking     ] GC(126) Concurrent Cleanup for Next Mark 153.574ms
[362.251s][info][gc             ] GC(126) Concurrent Mark Cycle 3267.020ms
[362.936s][info][gc,start       ] GC(128) Pause Young (Prepare Mixed) (G1 Evacuation Pause)
[362.936s][info][gc,task        ] GC(128) Using 6 workers of 6 for evacuation
[363.055s][info][gc,phases      ] GC(128)   Pre Evacuate Collection Set: 0.32ms
[363.055s][info][gc,phases      ] GC(128)   Merge Heap Roots: 0.50ms
[363.055s][info][gc,phases      ] GC(128)   Evacuate Collection Set: 117.71ms
[363.055s][info][gc,phases      ] GC(128)   Post Evacuate Collection Set: 0.83ms
[363.055s][info][gc,phases      ] GC(128)   Other: 0.09ms
[363.055s][info][gc,heap        ] GC(128) Eden regions: 1060->0(1038)
[363.055s][info][gc,heap        ] GC(128) Survivor regions: 115->110(147)
[363.055s][info][gc,heap        ] GC(128) Old regions: 578->610
[363.055s][info][gc,heap        ] GC(128) Humongous regions: 77->77
[363.055s][info][gc,metaspace   ] GC(128) Metaspace: 28834K(29248K)->28834K(29248K) NonClass: 23949K(24128K)->23949K(24128K) Class: 4884K(5120K)->4884K(5120K)
[363.055s][info][gc             ] GC(128) Pause Young (Prepare Mixed) (G1 Evacuation Pause) 3657M->1593M(4096M) 119.592ms
[363.056s][info][gc,cpu         ] GC(128) User=0.71s Sys=0.00s Real=0.12s
.[364.312s][info][gc,start       ] GC(129) Pause Young (Mixed) (G1 Evacuation Pause)
[364.312s][info][gc,task        ] GC(129) Using 6 workers of 6 for evacuation
[364.460s][info][gc,phases      ] GC(129)   Pre Evacuate Collection Set: 0.42ms
[364.460s][info][gc,phases      ] GC(129)   Merge Heap Roots: 0.66ms
[364.460s][info][gc,phases      ] GC(129)   Evacuate Collection Set: 145.38ms
[364.460s][info][gc,phases      ] GC(129)   Post Evacuate Collection Set: 0.96ms
[364.460s][info][gc,phases      ] GC(129)   Other: 0.10ms
[364.460s][info][gc,heap        ] GC(129) Eden regions: 1038->0(1107)
[364.460s][info][gc,heap        ] GC(129) Survivor regions: 110->121(144)
[364.460s][info][gc,heap        ] GC(129) Old regions: 610->492
[364.460s][info][gc,heap        ] GC(129) Humongous regions: 77->77
[364.460s][info][gc,metaspace   ] GC(129) Metaspace: 28834K(29248K)->28834K(29248K) NonClass: 23949K(24128K)->23949K(24128K) Class: 4884K(5120K)->4884K(5120K)
[364.460s][info][gc             ] GC(129) Pause Young (Mixed) (G1 Evacuation Pause) 3669M->1378M(4096M) 147.651ms
[364.460s][info][gc,cpu         ] GC(129) User=0.88s Sys=0.00s Real=0.15s
..[365.870s][info][gc,start       ] GC(130) Pause Young (Concurrent Start) (G1 Evacuation Pause)
[365.870s][info][gc,task        ] GC(130) Using 6 workers of 6 for evacuation
[366.010s][info][gc,phases      ] GC(130)   Pre Evacuate Collection Set: 0.38ms
[366.010s][info][gc,phases      ] GC(130)   Merge Heap Roots: 0.49ms
[366.010s][info][gc,phases      ] GC(130)   Evacuate Collection Set: 138.70ms
[366.010s][info][gc,phases      ] GC(130)   Post Evacuate Collection Set: 0.94ms
[366.010s][info][gc,phases      ] GC(130)   Other: 0.14ms
[366.010s][info][gc,heap        ] GC(130) Eden regions: 1107->0(1103)
[366.010s][info][gc,heap        ] GC(130) Survivor regions: 121->89(154)
[366.010s][info][gc,heap        ] GC(130) Old regions: 492->571
[366.010s][info][gc,heap        ] GC(130) Humongous regions: 77->77
[366.010s][info][gc,metaspace   ] GC(130) Metaspace: 28834K(29248K)->28834K(29248K) NonClass: 23949K(24128K)->23949K(24128K) Class: 4884K(5120K)->4884K(5120K)
[366.010s][info][gc             ] GC(130) Pause Young (Concurrent Start) (G1 Evacuation Pause) 3592M->1471M(4096M) 140.795ms
[366.010s][info][gc             ] GC(131) Concurrent Mark Cycle
[366.010s][info][gc,marking     ] GC(131) Concurrent Scan Root Regions
[366.010s][info][gc,cpu         ] GC(130) User=0.84s Sys=0.00s Real=0.14s
[366.385s][info][gc,marking     ] GC(131) Concurrent Scan Root Regions 374.059ms
[366.385s][info][gc,marking     ] GC(131) Concurrent Mark
[366.385s][info][gc,marking     ] GC(131) Concurrent Mark From Roots
[366.385s][info][gc,task        ] GC(131) Using 2 workers of 2 for marking
.[367.459s][info][gc,marking     ] GC(131) Concurrent Mark From Roots 1074.001ms
[367.459s][info][gc,marking     ] GC(131) Concurrent Preclean
[367.459s][info][gc,marking     ] GC(131) Concurrent Preclean 0.044ms
[367.459s][info][gc,start       ] GC(131) Pause Remark
[367.467s][info][gc             ] GC(131) Pause Remark 3033M->3033M(4096M) 8.085ms
[367.467s][info][gc,cpu         ] GC(131) User=0.05s Sys=0.00s Real=0.01s
[367.470s][info][gc,marking     ] GC(131) Concurrent Mark 1085.336ms
[367.470s][info][gc,marking     ] GC(131) Concurrent Rebuild Remembered Sets and Scrub Regions
[368.006s][info][gc,start       ] GC(132) Pause Young (Normal) (G1 Evacuation Pause)
[368.006s][info][gc,task        ] GC(132) Using 6 workers of 6 for evacuation
[368.112s][info][gc,phases      ] GC(132)   Pre Evacuate Collection Set: 0.28ms
[368.112s][info][gc,phases      ] GC(132)   Merge Heap Roots: 0.52ms
[368.112s][info][gc,phases      ] GC(132)   Evacuate Collection Set: 103.98ms
[368.112s][info][gc,phases      ] GC(132)   Post Evacuate Collection Set: 0.93ms
[368.112s][info][gc,phases      ] GC(132)   Other: 0.09ms
[368.112s][info][gc,heap        ] GC(132) Eden regions: 1103->0(1077)
[368.112s][info][gc,heap        ] GC(132) Survivor regions: 89->74(149)
[368.112s][info][gc,heap        ] GC(132) Old regions: 571->619
[368.112s][info][gc,heap        ] GC(132) Humongous regions: 77->77
[368.112s][info][gc,metaspace   ] GC(132) Metaspace: 28836K(29248K)->28836K(29248K) NonClass: 23951K(24128K)->23951K(24128K) Class: 4884K(5120K)->4884K(5120K)
[368.112s][info][gc             ] GC(132) Pause Young (Normal) (G1 Evacuation Pause) 3677M->1538M(4096M) 105.941ms
[368.112s][info][gc,cpu         ] GC(132) User=0.63s Sys=0.00s Real=0.11s
[368.256s][info][gc,marking     ] GC(131) Concurrent Rebuild Remembered Sets and Scrub Regions 786.262ms
[368.257s][info][gc,start       ] GC(131) Pause Cleanup
[368.257s][info][gc             ] GC(131) Pause Cleanup 1744M->1744M(4096M) 0.163ms
[368.257s][info][gc,cpu         ] GC(131) User=0.00s Sys=0.00s Real=0.00s
[368.257s][info][gc,marking     ] GC(131) Concurrent Clear Claimed Marks
[368.257s][info][gc,marking     ] GC(131) Concurrent Clear Claimed Marks 0.032ms
[368.257s][info][gc,marking     ] GC(131) Concurrent Cleanup for Next Mark
[368.263s][info][gc,marking     ] GC(131) Concurrent Cleanup for Next Mark 5.364ms
[368.263s][info][gc             ] GC(131) Concurrent Mark Cycle 2252.428ms
.[369.495s][info][gc,start       ] GC(133) Pause Young (Prepare Mixed) (G1 Evacuation Pause)
[369.495s][info][gc,task        ] GC(133) Using 6 workers of 6 for evacuation
[369.605s][info][gc,phases      ] GC(133)   Pre Evacuate Collection Set: 0.31ms
[369.606s][info][gc,phases      ] GC(133)   Merge Heap Roots: 0.47ms
[369.606s][info][gc,phases      ] GC(133)   Evacuate Collection Set: 108.78ms
[369.606s][info][gc,phases      ] GC(133)   Post Evacuate Collection Set: 0.95ms
[369.606s][info][gc,phases      ] GC(133)   Other: 0.09ms
[369.606s][info][gc,heap        ] GC(133) Eden regions: 1077->0(1032)
[369.606s][info][gc,heap        ] GC(133) Survivor regions: 74->77(144)
[369.606s][info][gc,heap        ] GC(133) Old regions: 619->667
[369.606s][info][gc,heap        ] GC(133) Humongous regions: 77->77
[369.606s][info][gc,metaspace   ] GC(133) Metaspace: 28836K(29248K)->28836K(29248K) NonClass: 23951K(24128K)->23951K(24128K) Class: 4884K(5120K)->4884K(5120K)
[369.606s][info][gc             ] GC(133) Pause Young (Prepare Mixed) (G1 Evacuation Pause) 3692M->1639M(4096M) 110.725ms
[369.606s][info][gc,cpu         ] GC(133) User=0.66s Sys=0.00s Real=0.11s
.[371.022s][info][gc,start       ] GC(134) Pause Young (Mixed) (G1 Evacuation Pause)
[371.022s][info][gc,task        ] GC(134) Using 6 workers of 6 for evacuation
[371.146s][info][gc,phases      ] GC(134)   Pre Evacuate Collection Set: 0.37ms
[371.146s][info][gc,phases      ] GC(134)   Merge Heap Roots: 0.78ms
[371.146s][info][gc,phases      ] GC(134)   Evacuate Collection Set: 121.83ms
[371.146s][info][gc,phases      ] GC(134)   Post Evacuate Collection Set: 0.91ms
[371.146s][info][gc,phases      ] GC(134)   Other: 0.09ms
[371.147s][info][gc,heap        ] GC(134) Eden regions: 1032->0(1100)
[371.147s][info][gc,heap        ] GC(134) Survivor regions: 77->76(139)
[371.147s][info][gc,heap        ] GC(134) Old regions: 667->591
[371.147s][info][gc,heap        ] GC(134) Humongous regions: 77->77
[371.147s][info][gc,metaspace   ] GC(134) Metaspace: 28836K(29248K)->28836K(29248K) NonClass: 23951K(24128K)->23951K(24128K) Class: 4884K(5120K)->4884K(5120K)
[371.147s][info][gc             ] GC(134) Pause Young (Mixed) (G1 Evacuation Pause) 3703M->1485M(4096M) 124.114ms
[371.147s][info][gc,cpu         ] GC(134) User=0.74s Sys=0.00s Real=0.12s
. (rIR:aIR:PR = 11548:11202:10879) (tPR = 161397) [PR is under limit] 
   371s: Re-initializing (term) [372.482s][info][gc,start       ] GC(135) Pause Full (System.gc())
[372.482s][info][gc,task        ] GC(135) Using 6 workers of 6 for full compaction
[372.483s][info][gc,phases,start] GC(135) Phase 1: Mark live objects
[372.498s][info][gc,phases      ] GC(135) Phase 1: Mark live objects 15.522ms
[372.498s][info][gc,phases,start] GC(135) Phase 2: Prepare compaction
[372.502s][info][gc,phases      ] GC(135) Phase 2: Prepare compaction 3.531ms
[372.502s][info][gc,phases,start] GC(135) Phase 3: Adjust pointers
[372.510s][info][gc,phases      ] GC(135) Phase 3: Adjust pointers 8.054ms
[372.510s][info][gc,phases,start] GC(135) Phase 4: Compact heap
[372.513s][info][gc,phases      ] GC(135) Phase 4: Compact heap 3.407ms
[372.513s][info][gc,phases,start] GC(135) Phase 5: Reset Metadata
[372.518s][info][gc,phases      ] GC(135) Phase 5: Reset Metadata 4.546ms
[372.524s][info][gc,heap        ] GC(135) Eden regions: 968->0(1228)
[372.524s][info][gc,heap        ] GC(135) Survivor regions: 76->0(139)
[372.524s][info][gc,heap        ] GC(135) Old regions: 591->36
[372.524s][info][gc,heap        ] GC(135) Humongous regions: 77->66
[372.524s][info][gc,metaspace   ] GC(135) Metaspace: 28837K(29248K)->28837K(29248K) NonClass: 23952K(24128K)->23952K(24128K) Class: 4884K(5120K)->4884K(5120K)
[372.524s][info][gc             ] GC(135) Pause Full (System.gc()) 3419M->194M(4096M) 41.694ms
[372.524s][info][gc,cpu         ] GC(135) User=0.22s Sys=0.00s Real=0.04s
(init[372.764s][info][gc,start       ] GC(136) Pause Young (Concurrent Start) (G1 Humongous Allocation)
[372.764s][info][gc,task        ] GC(136) Using 6 workers of 6 for evacuation
[372.778s][info][gc,phases      ] GC(136)   Pre Evacuate Collection Set: 0.32ms
[372.778s][info][gc,phases      ] GC(136)   Merge Heap Roots: 0.03ms
[372.778s][info][gc,phases      ] GC(136)   Evacuate Collection Set: 14.00ms
[372.778s][info][gc,phases      ] GC(136)   Post Evacuate Collection Set: 0.26ms
[372.778s][info][gc,phases      ] GC(136)   Other: 0.07ms
[372.779s][info][gc,heap        ] GC(136) Eden regions: 47->0(1213)
[372.779s][info][gc,heap        ] GC(136) Survivor regions: 0->15(154)
[372.779s][info][gc,heap        ] GC(136) Old regions: 36->36
[372.779s][info][gc,heap        ] GC(136) Humongous regions: 66->66
[372.779s][info][gc,metaspace   ] GC(136) Metaspace: 28837K(29248K)->28837K(29248K) NonClass: 23952K(24128K)->23952K(24128K) Class: 4884K(5120K)->4884K(5120K)
[372.779s][info][gc             ] GC(136) Pause Young (Concurrent Start) (G1 Humongous Allocation) 287M->223M(4096M) 14.808ms
[372.779s][info][gc             ] GC(137) Concurrent Mark Cycle
[372.779s][info][gc,cpu         ] GC(136) User=0.08s Sys=0.00s Real=0.01s
[372.779s][info][gc,marking     ] GC(137) Concurrent Scan Root Regions
[372.791s][info][gc,marking     ] GC(137) Concurrent Scan Root Regions 12.082ms
[372.791s][info][gc,marking     ] GC(137) Concurrent Mark
[372.791s][info][gc,marking     ] GC(137) Concurrent Mark From Roots
[372.791s][info][gc,task        ] GC(137) Using 2 workers of 2 for marking
[372.851s][info][gc,marking     ] GC(137) Concurrent Mark From Roots 60.391ms
[372.851s][info][gc,marking     ] GC(137) Concurrent Preclean
[372.851s][info][gc,marking     ] GC(137) Concurrent Preclean 0.051ms
[372.851s][info][gc,start       ] GC(137) Pause Remark
[372.853s][info][gc             ] GC(137) Pause Remark 346M->346M(4096M) 1.786ms
[372.853s][info][gc,cpu         ] GC(137) User=0.01s Sys=0.00s Real=0.00s
[372.853s][info][gc,marking     ] GC(137) Concurrent Mark 62.390ms
[372.853s][info][gc,marking     ] GC(137) Concurrent Rebuild Remembered Sets and Scrub Regions
[372.878s][info][gc,marking     ] GC(137) Concurrent Rebuild Remembered Sets and Scrub Regions 24.894ms
[372.878s][info][gc,start       ] GC(137) Pause Cleanup
[372.878s][info][gc             ] GC(137) Pause Cleanup 405M->405M(4096M) 0.083ms
[372.878s][info][gc,cpu         ] GC(137) User=0.00s Sys=0.00s Real=0.00s
[372.878s][info][gc,marking     ] GC(137) Concurrent Clear Claimed Marks
[372.878s][info][gc,marking     ] GC(137) Concurrent Clear Claimed Marks 0.032ms
[372.878s][info][gc,marking     ] GC(137) Concurrent Cleanup for Next Mark
[372.883s][info][gc,marking     ] GC(137) Concurrent Cleanup for Next Mark 4.463ms
[372.883s][info][gc             ] GC(137) Concurrent Mark Cycle 104.226ms
) ... OK
   376s: high-bound for max-jOPS is measured to be 13837
   376s: 
   376s: Restarting (term) [376.890s][info][gc,start       ] GC(138) Pause Full (System.gc())
[376.890s][info][gc,task        ] GC(138) Using 6 workers of 6 for full compaction
[376.891s][info][gc,phases,start] GC(138) Phase 1: Mark live objects
[376.906s][info][gc,phases      ] GC(138) Phase 1: Mark live objects 15.409ms
[376.906s][info][gc,phases,start] GC(138) Phase 2: Prepare compaction
[376.908s][info][gc,phases      ] GC(138) Phase 2: Prepare compaction 2.099ms
[376.908s][info][gc,phases,start] GC(138) Phase 3: Adjust pointers
[376.915s][info][gc,phases      ] GC(138) Phase 3: Adjust pointers 6.520ms
[376.915s][info][gc,phases,start] GC(138) Phase 4: Compact heap
[376.917s][info][gc,phases      ] GC(138) Phase 4: Compact heap 2.016ms
[376.917s][info][gc,phases,start] GC(138) Phase 5: Reset Metadata
[376.921s][info][gc,phases      ] GC(138) Phase 5: Reset Metadata 4.474ms
[376.928s][info][gc,heap        ] GC(138) Eden regions: 913->0(1228)
[376.928s][info][gc,heap        ] GC(138) Survivor regions: 15->0(154)
[376.928s][info][gc,heap        ] GC(138) Old regions: 36->36
[376.928s][info][gc,heap        ] GC(138) Humongous regions: 163->66
[376.928s][info][gc,metaspace   ] GC(138) Metaspace: 28843K(29248K)->28843K(29248K) NonClass: 23958K(24128K)->23958K(24128K) Class: 4884K(5120K)->4884K(5120K)
[376.928s][info][gc             ] GC(138) Pause Full (System.gc()) 2242M->194M(4096M) 37.400ms
[376.928s][info][gc,cpu         ] GC(138) User=0.19s Sys=0.00s Real=0.03s
(init[377.167s][info][gc,start       ] GC(139) Pause Young (Concurrent Start) (G1 Humongous Allocation)
[377.167s][info][gc,task        ] GC(139) Using 6 workers of 6 for evacuation
[377.179s][info][gc,phases      ] GC(139)   Pre Evacuate Collection Set: 0.35ms
[377.179s][info][gc,phases      ] GC(139)   Merge Heap Roots: 0.02ms
[377.179s][info][gc,phases      ] GC(139)   Evacuate Collection Set: 10.89ms
[377.179s][info][gc,phases      ] GC(139)   Post Evacuate Collection Set: 0.25ms
[377.179s][info][gc,phases      ] GC(139)   Other: 0.07ms
[377.179s][info][gc,heap        ] GC(139) Eden regions: 37->0(1216)
[377.179s][info][gc,heap        ] GC(139) Survivor regions: 0->12(154)
[377.179s][info][gc,heap        ] GC(139) Old regions: 36->36
[377.179s][info][gc,heap        ] GC(139) Humongous regions: 66->66
[377.179s][info][gc,metaspace   ] GC(139) Metaspace: 28843K(29248K)->28843K(29248K) NonClass: 23958K(24128K)->23958K(24128K) Class: 4884K(5120K)->4884K(5120K)
[377.179s][info][gc             ] GC(139) Pause Young (Concurrent Start) (G1 Humongous Allocation) 268M->217M(4096M) 11.714ms
[377.179s][info][gc             ] GC(140) Concurrent Mark Cycle
[377.179s][info][gc,cpu         ] GC(139) User=0.07s Sys=0.00s Real=0.01s
[377.179s][info][gc,marking     ] GC(140) Concurrent Scan Root Regions
[377.185s][info][gc,marking     ] GC(140) Concurrent Scan Root Regions 5.566ms
[377.185s][info][gc,marking     ] GC(140) Concurrent Mark
[377.185s][info][gc,marking     ] GC(140) Concurrent Mark From Roots
[377.185s][info][gc,task        ] GC(140) Using 2 workers of 2 for marking
[377.222s][info][gc,marking     ] GC(140) Concurrent Mark From Roots 36.775ms
[377.222s][info][gc,marking     ] GC(140) Concurrent Preclean
[377.222s][info][gc,marking     ] GC(140) Concurrent Preclean 0.047ms
[377.222s][info][gc,start       ] GC(140) Pause Remark
[377.223s][info][gc             ] GC(140) Pause Remark 290M->290M(4096M) 1.647ms
[377.223s][info][gc,cpu         ] GC(140) User=0.00s Sys=0.00s Real=0.00s
[377.223s][info][gc,marking     ] GC(140) Concurrent Mark 38.618ms
[377.223s][info][gc,marking     ] GC(140) Concurrent Rebuild Remembered Sets and Scrub Regions
[377.243s][info][gc,marking     ] GC(140) Concurrent Rebuild Remembered Sets and Scrub Regions 19.733ms
[377.243s][info][gc,start       ] GC(140) Pause Cleanup
[377.243s][info][gc             ] GC(140) Pause Cleanup 332M->332M(4096M) 0.064ms
[377.243s][info][gc,cpu         ] GC(140) User=0.00s Sys=0.00s Real=0.00s
[377.243s][info][gc,marking     ] GC(140) Concurrent Clear Claimed Marks
[377.243s][info][gc,marking     ] GC(140) Concurrent Clear Claimed Marks 0.030ms
[377.243s][info][gc,marking     ] GC(140) Concurrent Cleanup for Next Mark
[377.248s][info][gc,marking     ] GC(140) Concurrent Cleanup for Next Mark 4.408ms
[377.248s][info][gc             ] GC(140) Concurrent Mark Cycle 68.702ms
) ... OK
   381s: 
   381s: Warmup for building throughput-responsetime curve
   381s: (10%)   IR =   1384 ..[384.108s][info][gc,start       ] GC(141) Pause Young (Prepare Mixed) (G1 Evacuation Pause)
[384.108s][info][gc,task        ] GC(141) Using 6 workers of 6 for evacuation
[384.585s][info][gc,mmu         ] GC(141) MMU target violated: 201.0ms (200.0ms/201.0ms)
[384.585s][info][gc,phases      ] GC(141)   Pre Evacuate Collection Set: 0.31ms
[384.585s][info][gc,phases      ] GC(141)   Merge Heap Roots: 0.62ms
[384.585s][info][gc,phases      ] GC(141)   Evacuate Collection Set: 474.45ms
[384.585s][info][gc,phases      ] GC(141)   Post Evacuate Collection Set: 1.24ms
[384.585s][info][gc,phases      ] GC(141)   Other: 0.11ms
[384.585s][info][gc,heap        ] GC(141) Eden regions: 1216->0(480)
[384.585s][info][gc,heap        ] GC(141) Survivor regions: 12->154(154)
[384.585s][info][gc,heap        ] GC(141) Old regions: 36->345
[384.585s][info][gc,heap        ] GC(141) Humongous regions: 163->155
[384.585s][info][gc,metaspace   ] GC(141) Metaspace: 28854K(29248K)->28854K(29248K) NonClass: 23970K(24128K)->23970K(24128K) Class: 4884K(5120K)->4884K(5120K)
[384.585s][info][gc             ] GC(141) Pause Young (Prepare Mixed) (G1 Evacuation Pause) 2843M->1298M(4096M) 476.838ms
[384.585s][info][gc,cpu         ] GC(141) User=2.84s Sys=0.00s Real=0.48s
....[388.324s][info][gc,start       ] GC(142) Pause Young (Mixed) (G1 Evacuation Pause)
[388.324s][info][gc,task        ] GC(142) Using 6 workers of 6 for evacuation
[388.514s][info][gc,phases      ] GC(142)   Pre Evacuate Collection Set: 0.37ms
[388.514s][info][gc,phases      ] GC(142)   Merge Heap Roots: 0.60ms
[388.514s][info][gc,phases      ] GC(142)   Evacuate Collection Set: 188.27ms
[388.514s][info][gc,phases      ] GC(142)   Post Evacuate Collection Set: 0.60ms
[388.514s][info][gc,phases      ] GC(142)   Other: 0.07ms
[388.514s][info][gc,heap        ] GC(142) Eden regions: 469->0(668)
[388.514s][info][gc,heap        ] GC(142) Survivor regions: 154->28(78)
[388.514s][info][gc,heap        ] GC(142) Old regions: 345->496
[388.514s][info][gc,heap        ] GC(142) Humongous regions: 155->155
[388.514s][info][gc,metaspace   ] GC(142) Metaspace: 28854K(29248K)->28854K(29248K) NonClass: 23970K(24128K)->23970K(24128K) Class: 4884K(5120K)->4884K(5120K)
[388.514s][info][gc             ] GC(142) Pause Young (Mixed) (G1 Evacuation Pause) 2236M->1348M(4096M) 190.024ms
[388.514s][info][gc,cpu         ] GC(142) User=1.13s Sys=0.00s Real=0.19s
......[394.237s][info][gc,start       ] GC(143) Pause Young (Concurrent Start) (G1 Evacuation Pause)
[394.237s][info][gc,task        ] GC(143) Using 6 workers of 6 for evacuation
[394.300s][info][gc,phases      ] GC(143)   Pre Evacuate Collection Set: 0.37ms
[394.300s][info][gc,phases      ] GC(143)   Merge Heap Roots: 0.47ms
[394.300s][info][gc,phases      ] GC(143)   Evacuate Collection Set: 61.19ms
[394.300s][info][gc,phases      ] GC(143)   Post Evacuate Collection Set: 0.64ms
[394.300s][info][gc,phases      ] GC(143)   Other: 0.09ms
[394.300s][info][gc,heap        ] GC(143) Eden regions: 692->0(689)
[394.300s][info][gc,heap        ] GC(143) Survivor regions: 28->61(90)
[394.300s][info][gc,heap        ] GC(143) Old regions: 496->496
[394.300s][info][gc,heap        ] GC(143) Humongous regions: 155->155
[394.300s][info][gc,metaspace   ] GC(143) Metaspace: 28859K(29248K)->28859K(29248K) NonClass: 23975K(24128K)->23975K(24128K) Class: 4884K(5120K)->4884K(5120K)
[394.300s][info][gc             ] GC(143) Pause Young (Concurrent Start) (G1 Evacuation Pause) 2732M->1415M(4096M) 62.882ms
[394.300s][info][gc             ] GC(144) Concurrent Mark Cycle
[394.300s][info][gc,marking     ] GC(144) Concurrent Scan Root Regions
[394.300s][info][gc,cpu         ] GC(143) User=0.37s Sys=0.00s Real=0.07s
[394.361s][info][gc,marking     ] GC(144) Concurrent Scan Root Regions 60.817ms
[394.361s][info][gc,marking     ] GC(144) Concurrent Mark
[394.361s][info][gc,marking     ] GC(144) Concurrent Mark From Roots
[394.361s][info][gc,task        ] GC(144) Using 2 workers of 2 for marking
.[394.946s][info][gc,marking     ] GC(144) Concurrent Mark From Roots 585.534ms
[394.946s][info][gc,marking     ] GC(144) Concurrent Preclean
[394.947s][info][gc,marking     ] GC(144) Concurrent Preclean 0.029ms
[394.947s][info][gc,start       ] GC(144) Pause Remark
[394.951s][info][gc             ] GC(144) Pause Remark 1613M->1409M(4096M) 3.930ms
[394.951s][info][gc,cpu         ] GC(144) User=0.02s Sys=0.00s Real=0.01s
[394.951s][info][gc,marking     ] GC(144) Concurrent Mark 589.709ms
[394.951s][info][gc,marking     ] GC(144) Concurrent Rebuild Remembered Sets and Scrub Regions
[395.280s][info][gc,marking     ] GC(144) Concurrent Rebuild Remembered Sets and Scrub Regions 329.429ms
[395.280s][info][gc,start       ] GC(144) Pause Cleanup
[395.280s][info][gc             ] GC(144) Pause Cleanup 1472M->1472M(4096M) 0.110ms
[395.280s][info][gc,cpu         ] GC(144) User=0.00s Sys=0.00s Real=0.00s
[395.280s][info][gc,marking     ] GC(144) Concurrent Clear Claimed Marks
[395.280s][info][gc,marking     ] GC(144) Concurrent Clear Claimed Marks 0.032ms
[395.280s][info][gc,marking     ] GC(144) Concurrent Cleanup for Next Mark
[395.284s][info][gc,marking     ] GC(144) Concurrent Cleanup for Next Mark 3.228ms
[395.284s][info][gc             ] GC(144) Concurrent Mark Cycle 983.660ms
.....[400.084s][info][gc,start       ] GC(145) Pause Young (Prepare Mixed) (G1 Evacuation Pause)
[400.084s][info][gc,task        ] GC(145) Using 6 workers of 6 for evacuation
[400.164s][info][gc,phases      ] GC(145)   Pre Evacuate Collection Set: 0.34ms
[400.164s][info][gc,phases      ] GC(145)   Merge Heap Roots: 0.62ms
[400.164s][info][gc,phases      ] GC(145)   Evacuate Collection Set: 78.59ms
[400.164s][info][gc,phases      ] GC(145)   Post Evacuate Collection Set: 0.68ms
[400.164s][info][gc,phases      ] GC(145)   Other: 0.08ms
[400.164s][info][gc,heap        ] GC(145) Eden regions: 681->0(1012)
[400.164s][info][gc,heap        ] GC(145) Survivor regions: 61->68(93)
[400.164s][info][gc,heap        ] GC(145) Old regions: 474->495
[400.164s][info][gc,heap        ] GC(145) Humongous regions: 75->75
[400.164s][info][gc,metaspace   ] GC(145) Metaspace: 28859K(29248K)->28859K(29248K) NonClass: 23975K(24128K)->23975K(24128K) Class: 4884K(5120K)->4884K(5120K)
[400.164s][info][gc             ] GC(145) Pause Young (Prepare Mixed) (G1 Evacuation Pause) 2573M->1265M(4096M) 80.440ms
[400.164s][info][gc,cpu         ] GC(145) User=0.48s Sys=0.00s Real=0.08s
.........[409.139s][info][gc,start       ] GC(146) Pause Young (Mixed) (G1 Evacuation Pause)
[409.140s][info][gc,task        ] GC(146) Using 6 workers of 6 for evacuation
[409.238s][info][gc,phases      ] GC(146)   Pre Evacuate Collection Set: 0.39ms
[409.238s][info][gc,phases      ] GC(146)   Merge Heap Roots: 0.52ms
[409.238s][info][gc,phases      ] GC(146)   Evacuate Collection Set: 96.33ms
[409.238s][info][gc,phases      ] GC(146)   Merge Optional Heap Roots: 0.03ms
[409.238s][info][gc,phases      ] GC(146)   Evacuate Optional Collection Set: 0.64ms
[409.238s][info][gc,phases      ] GC(146)   Post Evacuate Collection Set: 0.86ms
[409.238s][info][gc,phases      ] GC(146)   Other: 0.09ms
[409.238s][info][gc,heap        ] GC(146) Eden regions: 1053->0(971)
[409.238s][info][gc,heap        ] GC(146) Survivor regions: 68->108(141)
[409.238s][info][gc,heap        ] GC(146) Old regions: 495->474
[409.238s][info][gc,heap        ] GC(146) Humongous regions: 75->75
[409.238s][info][gc,metaspace   ] GC(146) Metaspace: 28862K(29248K)->28862K(29248K) NonClass: 23978K(24128K)->23978K(24128K) Class: 4884K(5120K)->4884K(5120K)
[409.238s][info][gc             ] GC(146) Pause Young (Mixed) (G1 Evacuation Pause) 3371M->1310M(4096M) 99.028ms
[409.239s][info][gc,cpu         ] GC(146) User=0.59s Sys=0.00s Real=0.09s
.........[418.095s][info][gc,start       ] GC(147) Pause Young (Mixed) (G1 Evacuation Pause)
[418.095s][info][gc,task        ] GC(147) Using 6 workers of 6 for evacuation
[418.216s][info][gc,phases      ] GC(147)   Pre Evacuate Collection Set: 0.36ms
[418.216s][info][gc,phases      ] GC(147)   Merge Heap Roots: 0.51ms
[418.216s][info][gc,phases      ] GC(147)   Evacuate Collection Set: 118.86ms
[418.216s][info][gc,phases      ] GC(147)   Post Evacuate Collection Set: 0.88ms
[418.216s][info][gc,phases      ] GC(147)   Other: 0.08ms
[418.216s][info][gc,heap        ] GC(147) Eden regions: 1033->0(1080)
[418.216s][info][gc,heap        ] GC(147) Survivor regions: 108->95(143)
[418.216s][info][gc,heap        ] GC(147) Old regions: 474->516
[418.216s][info][gc,heap        ] GC(147) Humongous regions: 77->77
[418.216s][info][gc,metaspace   ] GC(147) Metaspace: 28863K(29248K)->28863K(29248K) NonClass: 23978K(24128K)->23978K(24128K) Class: 4884K(5120K)->4884K(5120K)
[418.216s][info][gc             ] GC(147) Pause Young (Mixed) (G1 Evacuation Pause) 3380M->1371M(4096M) 120.835ms
[418.216s][info][gc,cpu         ] GC(147) User=0.72s Sys=0.00s Real=0.12s
..........[428.157s][info][gc,start       ] GC(148) Pause Young (Mixed) (G1 Evacuation Pause)
[428.157s][info][gc,task        ] GC(148) Using 6 workers of 6 for evacuation
[428.273s][info][gc,phases      ] GC(148)   Pre Evacuate Collection Set: 0.33ms
[428.273s][info][gc,phases      ] GC(148)   Merge Heap Roots: 0.50ms
[428.273s][info][gc,phases      ] GC(148)   Evacuate Collection Set: 114.64ms
[428.273s][info][gc,phases      ] GC(148)   Post Evacuate Collection Set: 0.93ms
[428.273s][info][gc,phases      ] GC(148)   Other: 0.08ms
[428.273s][info][gc,heap        ] GC(148) Eden regions: 1080->0(1078)
[428.273s][info][gc,heap        ] GC(148) Survivor regions: 95->100(147)
[428.273s][info][gc,heap        ] GC(148) Old regions: 516->542
[428.273s][info][gc,heap        ] GC(148) Humongous regions: 77->77
[428.273s][info][gc,metaspace   ] GC(148) Metaspace: 28868K(29248K)->28868K(29248K) NonClass: 23983K(24128K)->23983K(24128K) Class: 4884K(5120K)->4884K(5120K)
[428.273s][info][gc             ] GC(148) Pause Young (Mixed) (G1 Evacuation Pause) 3531M->1435M(4096M) 116.620ms
[428.273s][info][gc,cpu         ] GC(148) User=0.69s Sys=0.01s Real=0.12s
...........[439.336s][info][gc,start       ] GC(149) Pause Young (Concurrent Start) (G1 Evacuation Pause)
[439.336s][info][gc,task        ] GC(149) Using 6 workers of 6 for evacuation
[439.453s][info][gc,phases      ] GC(149)   Pre Evacuate Collection Set: 0.42ms
[439.453s][info][gc,phases      ] GC(149)   Merge Heap Roots: 0.55ms
[439.453s][info][gc,phases      ] GC(149)   Evacuate Collection Set: 114.42ms
[439.453s][info][gc,phases      ] GC(149)   Post Evacuate Collection Set: 0.92ms
[439.453s][info][gc,phases      ] GC(149)   Other: 0.11ms
[439.453s][info][gc,heap        ] GC(149) Eden regions: 1078->0(1065)
[439.453s][info][gc,heap        ] GC(149) Survivor regions: 100->104(148)
[439.453s][info][gc,heap        ] GC(149) Old regions: 542->576
[439.453s][info][gc,heap        ] GC(149) Humongous regions: 77->77
[439.453s][info][gc,metaspace   ] GC(149) Metaspace: 28873K(29248K)->28873K(29248K) NonClass: 23989K(24128K)->23989K(24128K) Class: 4884K(5120K)->4884K(5120K)
[439.453s][info][gc             ] GC(149) Pause Young (Concurrent Start) (G1 Evacuation Pause) 3591M->1511M(4096M) 116.559ms
[439.453s][info][gc             ] GC(150) Concurrent Mark Cycle
[439.453s][info][gc,marking     ] GC(150) Concurrent Scan Root Regions
[439.453s][info][gc,cpu         ] GC(149) User=0.70s Sys=0.00s Real=0.12s
.[439.628s][info][gc,marking     ] GC(150) Concurrent Scan Root Regions 174.602ms
[439.628s][info][gc,marking     ] GC(150) Concurrent Mark
[439.628s][info][gc,marking     ] GC(150) Concurrent Mark From Roots
[439.628s][info][gc,task        ] GC(150) Using 2 workers of 2 for marking
[440.413s][info][gc,marking     ] GC(150) Concurrent Mark From Roots 785.558ms
[440.413s][info][gc,marking     ] GC(150) Concurrent Preclean
[440.413s][info][gc,marking     ] GC(150) Concurrent Preclean 0.053ms
[440.413s][info][gc,start       ] GC(150) Pause Remark
[440.417s][info][gc             ] GC(150) Pause Remark 1705M->1705M(4096M) 3.839ms
[440.417s][info][gc,cpu         ] GC(150) User=0.02s Sys=0.00s Real=0.00s
[440.417s][info][gc,marking     ] GC(150) Concurrent Mark 789.676ms
[440.417s][info][gc,marking     ] GC(150) Concurrent Rebuild Remembered Sets and Scrub Regions
[440.602s][info][gc,marking     ] GC(150) Concurrent Rebuild Remembered Sets and Scrub Regions 184.917ms
[440.602s][info][gc,start       ] GC(150) Pause Cleanup
[440.603s][info][gc             ] GC(150) Pause Cleanup 1735M->1735M(4096M) 0.183ms
[440.603s][info][gc,cpu         ] GC(150) User=0.00s Sys=0.00s Real=0.00s
[440.603s][info][gc,marking     ] GC(150) Concurrent Clear Claimed Marks
[440.603s][info][gc,marking     ] GC(150) Concurrent Clear Claimed Marks 0.025ms
[440.603s][info][gc,marking     ] GC(150) Concurrent Cleanup for Next Mark
[440.606s][info][gc,marking     ] GC(150) Concurrent Cleanup for Next Mark 3.148ms
[440.606s][info][gc             ] GC(150) Concurrent Mark Cycle 1152.839ms
...........[451.481s][info][gc,start       ] GC(151) Pause Young (Prepare Mixed) (G1 Evacuation Pause)
[451.481s][info][gc,task        ] GC(151) Using 6 workers of 6 for evacuation
[451.598s][info][gc,phases      ] GC(151)   Pre Evacuate Collection Set: 0.33ms
[451.598s][info][gc,phases      ] GC(151)   Merge Heap Roots: 0.55ms
[451.598s][info][gc,phases      ] GC(151)   Evacuate Collection Set: 115.35ms
[451.598s][info][gc,phases      ] GC(151)   Post Evacuate Collection Set: 0.93ms
[451.598s][info][gc,phases      ] GC(151)   Other: 0.10ms
[451.598s][info][gc,heap        ] GC(151) Eden regions: 1065->0(1046)
[451.598s][info][gc,heap        ] GC(151) Survivor regions: 104->105(147)
[451.598s][info][gc,heap        ] GC(151) Old regions: 576->612
[451.598s][info][gc,heap        ] GC(151) Humongous regions: 77->77
[451.598s][info][gc,metaspace   ] GC(151) Metaspace: 28876K(29248K)->28876K(29248K) NonClass: 23992K(24128K)->23992K(24128K) Class: 4884K(5120K)->4884K(5120K)
[451.598s][info][gc             ] GC(151) Pause Young (Prepare Mixed) (G1 Evacuation Pause) 3641M->1585M(4096M) 117.387ms
[451.598s][info][gc,cpu         ] GC(151) User=0.70s Sys=0.00s Real=0.11s
............[463.546s][info][gc,start       ] GC(152) Pause Young (Mixed) (G1 Evacuation Pause)
[463.546s][info][gc,task        ] GC(152) Using 6 workers of 6 for evacuation
[463.680s][info][gc,phases      ] GC(152)   Pre Evacuate Collection Set: 0.42ms
[463.680s][info][gc,phases      ] GC(152)   Merge Heap Roots: 0.61ms
[463.680s][info][gc,phases      ] GC(152)   Evacuate Collection Set: 128.87ms
[463.680s][info][gc,phases      ] GC(152)   Merge Optional Heap Roots: 0.06ms
[463.680s][info][gc,phases      ] GC(152)   Evacuate Optional Collection Set: 2.75ms
[463.680s][info][gc,phases      ] GC(152)   Post Evacuate Collection Set: 1.10ms
[463.680s][info][gc,phases      ] GC(152)   Other: 0.10ms
[463.680s][info][gc,heap        ] GC(152) Eden regions: 1046->0(1123)
[463.680s][info][gc,heap        ] GC(152) Survivor regions: 105->105(144)
[463.680s][info][gc,heap        ] GC(152) Old regions: 612->463
[463.680s][info][gc,heap        ] GC(152) Humongous regions: 77->77
[463.680s][info][gc,metaspace   ] GC(152) Metaspace: 28876K(29248K)->28876K(29248K) NonClass: 23992K(24128K)->23992K(24128K) Class: 4884K(5120K)->4884K(5120K)
[463.680s][info][gc             ] GC(152) Pause Young (Mixed) (G1 Evacuation Pause) 3677M->1288M(4096M) 134.050ms
[463.680s][info][gc,cpu         ] GC(152) User=0.80s Sys=0.00s Real=0.14s
..............[477.012s][info][gc,start       ] GC(153) Pause Young (Mixed) (G1 Evacuation Pause)
[477.012s][info][gc,task        ] GC(153) Using 6 workers of 6 for evacuation
[477.131s][info][gc,phases      ] GC(153)   Pre Evacuate Collection Set: 0.37ms
[477.131s][info][gc,phases      ] GC(153)   Merge Heap Roots: 0.55ms
[477.131s][info][gc,phases      ] GC(153)   Evacuate Collection Set: 117.06ms
[477.131s][info][gc,phases      ] GC(153)   Post Evacuate Collection Set: 0.94ms
[477.131s][info][gc,phases      ] GC(153)   Other: 0.08ms
[477.131s][info][gc,heap        ] GC(153) Eden regions: 1123->0(1120)
[477.131s][info][gc,heap        ] GC(153) Survivor regions: 105->108(154)
[477.131s][info][gc,heap        ] GC(153) Old regions: 463->492
[477.131s][info][gc,heap        ] GC(153) Humongous regions: 77->77
[477.131s][info][gc,metaspace   ] GC(153) Metaspace: 28876K(29248K)->28876K(29248K) NonClass: 23992K(24128K)->23992K(24128K) Class: 4884K(5120K)->4884K(5120K)
[477.131s][info][gc             ] GC(153) Pause Young (Mixed) (G1 Evacuation Pause) 3534M->1352M(4096M) 119.145ms
[477.131s][info][gc,cpu         ] GC(153) User=0.71s Sys=0.00s Real=0.12s
.............[490.222s][info][gc,start       ] GC(154) Pause Young (Concurrent Start) (G1 Evacuation Pause)
[490.222s][info][gc,task        ] GC(154) Using 6 workers of 6 for evacuation
[490.342s][info][gc,phases      ] GC(154)   Pre Evacuate Collection Set: 0.42ms
[490.342s][info][gc,phases      ] GC(154)   Merge Heap Roots: 0.55ms
[490.342s][info][gc,phases      ] GC(154)   Evacuate Collection Set: 117.96ms
[490.342s][info][gc,phases      ] GC(154)   Post Evacuate Collection Set: 0.95ms
[490.342s][info][gc,phases      ] GC(154)   Other: 0.12ms
[490.342s][info][gc,heap        ] GC(154) Eden regions: 1120->0(1118)
[490.342s][info][gc,heap        ] GC(154) Survivor regions: 108->110(154)
[490.342s][info][gc,heap        ] GC(154) Old regions: 492->524
[490.342s][info][gc,heap        ] GC(154) Humongous regions: 77->77
[490.342s][info][gc,metaspace   ] GC(154) Metaspace: 28877K(29248K)->28877K(29248K) NonClass: 23993K(24128K)->23993K(24128K) Class: 4884K(5120K)->4884K(5120K)
[490.342s][info][gc             ] GC(154) Pause Young (Concurrent Start) (G1 Evacuation Pause) 3592M->1421M(4096M) 120.117ms
[490.342s][info][gc             ] GC(155) Concurrent Mark Cycle
[490.342s][info][gc,marking     ] GC(155) Concurrent Scan Root Regions
[490.342s][info][gc,cpu         ] GC(154) User=0.71s Sys=0.00s Real=0.12s
[490.454s][info][gc,marking     ] GC(155) Concurrent Scan Root Regions 112.201ms
[490.454s][info][gc,marking     ] GC(155) Concurrent Mark
[490.454s][info][gc,marking     ] GC(155) Concurrent Mark From Roots
[490.454s][info][gc,task        ] GC(155) Using 2 workers of 2 for marking
.[490.952s][info][gc,marking     ] GC(155) Concurrent Mark From Roots 497.529ms
[490.952s][info][gc,marking     ] GC(155) Concurrent Preclean
[490.952s][info][gc,marking     ] GC(155) Concurrent Preclean 0.041ms
[490.952s][info][gc,start       ] GC(155) Pause Remark
[490.955s][info][gc             ] GC(155) Pause Remark 1526M->1526M(4096M) 2.607ms
[490.955s][info][gc,cpu         ] GC(155) User=0.01s Sys=0.00s Real=0.00s
[490.955s][info][gc,marking     ] GC(155) Concurrent Mark 500.388ms
[490.955s][info][gc,marking     ] GC(155) Concurrent Rebuild Remembered Sets and Scrub Regions
[491.149s][info][gc,marking     ] GC(155) Concurrent Rebuild Remembered Sets and Scrub Regions 194.664ms
[491.150s][info][gc,start       ] GC(155) Pause Cleanup
[491.150s][info][gc             ] GC(155) Pause Cleanup 1558M->1558M(4096M) 0.152ms
[491.150s][info][gc,cpu         ] GC(155) User=0.00s Sys=0.00s Real=0.00s
[491.150s][info][gc,marking     ] GC(155) Concurrent Clear Claimed Marks
[491.150s][info][gc,marking     ] GC(155) Concurrent Clear Claimed Marks 0.027ms
[491.150s][info][gc,marking     ] GC(155) Concurrent Cleanup for Next Mark
[491.153s][info][gc,marking     ] GC(155) Concurrent Cleanup for Next Mark 3.511ms
[491.153s][info][gc             ] GC(155) Concurrent Mark Cycle 811.274ms
.............[503.734s][info][gc,start       ] GC(156) Pause Young (Prepare Mixed) (G1 Evacuation Pause)
[503.734s][info][gc,task        ] GC(156) Using 6 workers of 6 for evacuation
[503.852s][info][gc,phases      ] GC(156)   Pre Evacuate Collection Set: 0.38ms
[503.852s][info][gc,phases      ] GC(156)   Merge Heap Roots: 0.63ms
[503.852s][info][gc,phases      ] GC(156)   Evacuate Collection Set: 116.58ms
[503.852s][info][gc,phases      ] GC(156)   Post Evacuate Collection Set: 0.96ms
[503.852s][info][gc,phases      ] GC(156)   Other: 0.09ms
[503.852s][info][gc,heap        ] GC(156) Eden regions: 1118->0(1092)
[503.852s][info][gc,heap        ] GC(156) Survivor regions: 110->109(154)
[503.852s][info][gc,heap        ] GC(156) Old regions: 524->558
[503.852s][info][gc,heap        ] GC(156) Humongous regions: 77->77
[503.852s][info][gc,metaspace   ] GC(156) Metaspace: 28877K(29248K)->28877K(29248K) NonClass: 23993K(24128K)->23993K(24128K) Class: 4884K(5120K)->4884K(5120K)
[503.852s][info][gc             ] GC(156) Pause Young (Prepare Mixed) (G1 Evacuation Pause) 3657M->1486M(4096M) 118.767ms
[503.852s][info][gc,cpu         ] GC(156) User=0.71s Sys=0.00s Real=0.12s
............[516.683s][info][gc,start       ] GC(157) Pause Young (Mixed) (G1 Evacuation Pause)
[516.683s][info][gc,task        ] GC(157) Using 6 workers of 6 for evacuation
[516.821s][info][gc,phases      ] GC(157)   Pre Evacuate Collection Set: 0.39ms
[516.821s][info][gc,phases      ] GC(157)   Merge Heap Roots: 0.73ms
[516.821s][info][gc,phases      ] GC(157)   Evacuate Collection Set: 135.60ms
[516.821s][info][gc,phases      ] GC(157)   Post Evacuate Collection Set: 1.06ms
[516.821s][info][gc,phases      ] GC(157)   Other: 0.09ms
[516.821s][info][gc,heap        ] GC(157) Eden regions: 1092->0(1117)
[516.821s][info][gc,heap        ] GC(157) Survivor regions: 109->111(151)
[516.821s][info][gc,heap        ] GC(157) Old regions: 558->462
[516.821s][info][gc,heap        ] GC(157) Humongous regions: 77->77
[516.821s][info][gc,metaspace   ] GC(157) Metaspace: 28888K(29248K)->28888K(29248K) NonClass: 24003K(24128K)->24003K(24128K) Class: 4884K(5120K)->4884K(5120K)
[516.821s][info][gc             ] GC(157) Pause Young (Mixed) (G1 Evacuation Pause) 3670M->1298M(4096M) 138.000ms
[516.821s][info][gc,cpu         ] GC(157) User=0.82s Sys=0.00s Real=0.14s
..............[530.213s][info][gc,start       ] GC(158) Pause Young (Concurrent Start) (G1 Evacuation Pause)
[530.213s][info][gc,task        ] GC(158) Using 6 workers of 6 for evacuation
[530.331s][info][gc,phases      ] GC(158)   Pre Evacuate Collection Set: 0.45ms
[530.331s][info][gc,phases      ] GC(158)   Merge Heap Roots: 0.51ms
[530.331s][info][gc,phases      ] GC(158)   Evacuate Collection Set: 115.42ms
[530.331s][info][gc,phases      ] GC(158)   Post Evacuate Collection Set: 0.90ms
[530.331s][info][gc,phases      ] GC(158)   Other: 0.12ms
[530.331s][info][gc,heap        ] GC(158) Eden regions: 1117->0(1120)
[530.331s][info][gc,heap        ] GC(158) Survivor regions: 111->108(154)
[530.331s][info][gc,heap        ] GC(158) Old regions: 462->496
[530.331s][info][gc,heap        ] GC(158) Humongous regions: 77->77
[530.331s][info][gc,metaspace   ] GC(158) Metaspace: 28889K(29248K)->28889K(29248K) NonClass: 24004K(24128K)->24004K(24128K) Class: 4884K(5120K)->4884K(5120K)
[530.331s][info][gc             ] GC(158) Pause Young (Concurrent Start) (G1 Evacuation Pause) 3532M->1359M(4096M) 117.547ms
[530.331s][info][gc             ] GC(159) Concurrent Mark Cycle
[530.331s][info][gc,marking     ] GC(159) Concurrent Scan Root Regions
[530.331s][info][gc,cpu         ] GC(158) User=0.70s Sys=0.00s Real=0.12s
[530.460s][info][gc,marking     ] GC(159) Concurrent Scan Root Regions 128.948ms
[530.460s][info][gc,marking     ] GC(159) Concurrent Mark
[530.460s][info][gc,marking     ] GC(159) Concurrent Mark From Roots
[530.460s][info][gc,task        ] GC(159) Using 2 workers of 2 for marking
.[530.988s][info][gc,marking     ] GC(159) Concurrent Mark From Roots 528.189ms
[530.988s][info][gc,marking     ] GC(159) Concurrent Preclean
[530.988s][info][gc,marking     ] GC(159) Concurrent Preclean 0.040ms
[530.988s][info][gc,start       ] GC(159) Pause Remark
[530.991s][info][gc             ] GC(159) Pause Remark 1511M->1511M(4096M) 2.696ms
[530.991s][info][gc,cpu         ] GC(159) User=0.02s Sys=0.01s Real=0.01s
[530.991s][info][gc,marking     ] GC(159) Concurrent Mark 531.168ms
[530.991s][info][gc,marking     ] GC(159) Concurrent Rebuild Remembered Sets and Scrub Regions
[531.184s][info][gc,marking     ] GC(159) Concurrent Rebuild Remembered Sets and Scrub Regions 193.032ms
[531.184s][info][gc,start       ] GC(159) Pause Cleanup
[531.184s][info][gc             ] GC(159) Pause Cleanup 1542M->1542M(4096M) 0.134ms
[531.184s][info][gc,cpu         ] GC(159) User=0.00s Sys=0.00s Real=0.00s
[531.184s][info][gc,marking     ] GC(159) Concurrent Clear Claimed Marks
[531.184s][info][gc,marking     ] GC(159) Concurrent Clear Claimed Marks 0.027ms
[531.184s][info][gc,marking     ] GC(159) Concurrent Cleanup for Next Mark
[531.187s][info][gc,marking     ] GC(159) Concurrent Cleanup for Next Mark 3.150ms
[531.187s][info][gc             ] GC(159) Concurrent Mark Cycle 856.775ms
............[543.579s][info][gc,start       ] GC(160) Pause Young (Prepare Mixed) (G1 Evacuation Pause)
[543.580s][info][gc,task        ] GC(160) Using 6 workers of 6 for evacuation
[543.696s][info][gc,phases      ] GC(160)   Pre Evacuate Collection Set: 0.37ms
[543.697s][info][gc,phases      ] GC(160)   Merge Heap Roots: 0.60ms
[543.697s][info][gc,phases      ] GC(160)   Evacuate Collection Set: 115.00ms
[543.697s][info][gc,phases      ] GC(160)   Post Evacuate Collection Set: 0.91ms
[543.697s][info][gc,phases      ] GC(160)   Other: 0.08ms
[543.697s][info][gc,heap        ] GC(160) Eden regions: 1120->0(1119)
[543.697s][info][gc,heap        ] GC(160) Survivor regions: 108->109(154)
[543.697s][info][gc,heap        ] GC(160) Old regions: 496->527
[543.697s][info][gc,heap        ] GC(160) Humongous regions: 77->77
[543.697s][info][gc,metaspace   ] GC(160) Metaspace: 28890K(29248K)->28890K(29248K) NonClass: 24005K(24128K)->24005K(24128K) Class: 4884K(5120K)->4884K(5120K)
[543.697s][info][gc             ] GC(160) Pause Young (Prepare Mixed) (G1 Evacuation Pause) 3599M->1424M(4096M) 117.104ms
[543.697s][info][gc,cpu         ] GC(160) User=0.69s Sys=0.00s Real=0.11s
..............[557.209s][info][gc,start       ] GC(161) Pause Young (Mixed) (G1 Evacuation Pause)
[557.209s][info][gc,task        ] GC(161) Using 6 workers of 6 for evacuation
[557.338s][info][gc,phases      ] GC(161)   Pre Evacuate Collection Set: 0.38ms
[557.338s][info][gc,phases      ] GC(161)   Merge Heap Roots: 0.70ms
[557.338s][info][gc,phases      ] GC(161)   Evacuate Collection Set: 126.46ms
[557.338s][info][gc,phases      ] GC(161)   Post Evacuate Collection Set: 0.97ms
[557.338s][info][gc,phases      ] GC(161)   Other: 0.10ms
[557.338s][info][gc,heap        ] GC(161) Eden regions: 1119->0(1120)
[557.338s][info][gc,heap        ] GC(161) Survivor regions: 109->108(154)
[557.338s][info][gc,heap        ] GC(161) Old regions: 527->463
[557.338s][info][gc,heap        ] GC(161) Humongous regions: 77->77
[557.338s][info][gc,metaspace   ] GC(161) Metaspace: 28890K(29248K)->28890K(29248K) NonClass: 24005K(24128K)->24005K(24128K) Class: 4884K(5120K)->4884K(5120K)
[557.338s][info][gc             ] GC(161) Pause Young (Mixed) (G1 Evacuation Pause) 3662M->1295M(4096M) 128.736ms
[557.338s][info][gc,cpu         ] GC(161) User=0.77s Sys=0.00s Real=0.13s
..... (rIR:aIR:PR = 1384:1384:1384) (tPR = 21312) [OK] 
   561s: 
   561s: Building throughput-responsetime curve
   561s: ( 0%)   IR =      0 ...|............................................................ (rIR:aIR:PR = 0:0:0) (tPR = 0) [OK] 
   624s: Performance info:
         Transaction,    Success,    Partial,     Failed,   Receipts, AvgBarcode, 
         Response times:
             Request,    Success,    Partial,     Failed,   SkipFail,     Probes,    Samples,      min,      p50,      p90,      p95,      p99,      max, 

   624s: ( 1%)   IR =    138 ....|............................................................ (rIR:aIR:PR = 138:138:138) (tPR = 2107) [OK] 
   688s: Performance info:
         Transaction,    Success,    Partial,     Failed,   Receipts, AvgBarcode, 
             Overall,       8271,          0,          0,       7853,      59.46, 
         Response times:
             Request,    Success,    Partial,     Failed,   SkipFail,     Probes,    Samples,      min,      p50,      p90,      p95,      p99,      max, 
       TotalPurchase,       7853,          0,          0,          0,       7260,       8268,      300,      400,      500,      600,      800,     1100,
     InStorePurchase,       4136,          0,          0,          0,       3866,       4333,      300,      400,      500,      600,      800,      900,
      OnlinePurchase,       2891,          0,          0,          0,       2699,       3074,      300,      400,      600,      700,      800,     1100,
        InstPurchase,        826,          0,          0,          0,        695,        861,      400,      500,      600,      600,      800,      900,
          AssocOfCat,          9,          0,          0,          0,          8,          8,    21000,    23000,    24000,    24000,    24000,    24000,
      AssocOfProduct,         83,          0,          0,          0,         81,         88,      300,      600,      700,      800,      900,      900,
      BusinessReport,         23,          0,          0,          0,         19,         22,    23000,    27500,    38400,    40700,    41000,    41000,
          CustBuyBeh,         84,          0,          0,          0,         81,         87,      200,      300,      320,      460,      600,      600,
       ProductReturn,        219,          0,          0,          0,        147,        221,      200,      300,      300,      300,      578,      600,

   688s: ( 2%)   IR =    277 ....|.......[700.149s][info][gc,start       ] GC(162) Pause Young (Concurrent Start) (G1 Evacuation Pause)
[700.149s][info][gc,task        ] GC(162) Using 6 workers of 6 for evacuation
[700.266s][info][gc,phases      ] GC(162)   Pre Evacuate Collection Set: 0.38ms
[700.266s][info][gc,phases      ] GC(162)   Merge Heap Roots: 0.54ms
[700.266s][info][gc,phases      ] GC(162)   Evacuate Collection Set: 115.23ms
[700.266s][info][gc,phases      ] GC(162)   Post Evacuate Collection Set: 0.88ms
[700.266s][info][gc,phases      ] GC(162)   Other: 0.12ms
[700.266s][info][gc,heap        ] GC(162) Eden regions: 1120->0(1120)
[700.266s][info][gc,heap        ] GC(162) Survivor regions: 108->108(154)
[700.266s][info][gc,heap        ] GC(162) Old regions: 463->495
[700.266s][info][gc,heap        ] GC(162) Humongous regions: 77->77
[700.266s][info][gc,metaspace   ] GC(162) Metaspace: 28894K(29248K)->28894K(29248K) NonClass: 24009K(24128K)->24009K(24128K) Class: 4884K(5120K)->4884K(5120K)
[700.266s][info][gc             ] GC(162) Pause Young (Concurrent Start) (G1 Evacuation Pause) 3535M->1359M(4096M) 117.300ms
[700.266s][info][gc             ] GC(163) Concurrent Mark Cycle
[700.266s][info][gc,marking     ] GC(163) Concurrent Scan Root Regions
[700.266s][info][gc,cpu         ] GC(162) User=0.69s Sys=0.00s Real=0.12s
[700.385s][info][gc,marking     ] GC(163) Concurrent Scan Root Regions 119.188ms
[700.385s][info][gc,marking     ] GC(163) Concurrent Mark
[700.385s][info][gc,marking     ] GC(163) Concurrent Mark From Roots
[700.385s][info][gc,task        ] GC(163) Using 2 workers of 2 for marking
[700.869s][info][gc,marking     ] GC(163) Concurrent Mark From Roots 484.206ms
[700.870s][info][gc,marking     ] GC(163) Concurrent Preclean
[700.870s][info][gc,marking     ] GC(163) Concurrent Preclean 0.053ms
[700.870s][info][gc,start       ] GC(163) Pause Remark
[700.872s][info][gc             ] GC(163) Pause Remark 1399M->1399M(4096M) 2.090ms
[700.872s][info][gc,cpu         ] GC(163) User=0.01s Sys=0.00s Real=0.00s
[700.872s][info][gc,marking     ] GC(163) Concurrent Mark 486.582ms
[700.872s][info][gc,marking     ] GC(163) Concurrent Rebuild Remembered Sets and Scrub Regions
.[701.059s][info][gc,marking     ] GC(163) Concurrent Rebuild Remembered Sets and Scrub Regions 187.239ms
[701.059s][info][gc,start       ] GC(163) Pause Cleanup
[701.059s][info][gc             ] GC(163) Pause Cleanup 1403M->1403M(4096M) 0.122ms
[701.059s][info][gc,cpu         ] GC(163) User=0.00s Sys=0.00s Real=0.00s
[701.059s][info][gc,marking     ] GC(163) Concurrent Clear Claimed Marks
[701.059s][info][gc,marking     ] GC(163) Concurrent Clear Claimed Marks 0.029ms
[701.059s][info][gc,marking     ] GC(163) Concurrent Cleanup for Next Mark
[701.063s][info][gc,marking     ] GC(163) Concurrent Cleanup for Next Mark 3.131ms
[701.063s][info][gc             ] GC(163) Concurrent Mark Cycle 796.596ms
.................................................... (rIR:aIR:PR = 277:277:277) (tPR = 4191) [OK] 
   752s: Performance info:
         Transaction,    Success,    Partial,     Failed,   Receipts, AvgBarcode, 
             Overall,      16620,          0,          0,      15792,      59.50, 
         Response times:
             Request,    Success,    Partial,     Failed,   SkipFail,     Probes,    Samples,      min,      p50,      p90,      p95,      p99,      max, 
       TotalPurchase,      15792,          0,          0,          0,      14864,      16543,      300,      500,      800,      800,     1000,   120000,
     InStorePurchase,       8311,          0,          0,          0,       7858,       8700,      300,      500,      700,      800,     1000,   120000,
      OnlinePurchase,       5814,          0,          0,          0,       5488,       6053,      300,      500,      800,      900,     1100,   120000,
        InstPurchase,       1667,          0,          0,          0,       1518,       1790,      400,      500,      700,      800,     1000,     2000,
          AssocOfCat,         18,          0,          0,          0,         16,         16,    17800,    24000,    26200,    29000,    29000,    29000,
      AssocOfProduct,        164,          0,          0,          0,        124,        183,      500,      700,      900,     1000,     1300,     1300,
      BusinessReport,         43,          0,          0,          0,         42,         44,    19300,    28000,    32500,    43750,    69000,    69000,
          CustBuyBeh,        166,          0,          0,          0,        120,        161,      200,      300,      500,      600,      838,      900,
       ProductReturn,        437,          0,          0,          0,        339,        435,      200,      400,      640,      800,     1064,     3100,

   752s: ( 3%)   IR =    415 ....|.....[762.136s][info][gc,start       ] GC(164) Pause Young (Prepare Mixed) (G1 Evacuation Pause)
[762.136s][info][gc,task        ] GC(164) Using 6 workers of 6 for evacuation
[762.253s][info][gc,phases      ] GC(164)   Pre Evacuate Collection Set: 0.36ms
[762.253s][info][gc,phases      ] GC(164)   Merge Heap Roots: 0.60ms
[762.253s][info][gc,phases      ] GC(164)   Evacuate Collection Set: 115.05ms
[762.253s][info][gc,phases      ] GC(164)   Post Evacuate Collection Set: 0.96ms
[762.253s][info][gc,phases      ] GC(164)   Other: 0.10ms
[762.253s][info][gc,heap        ] GC(164) Eden regions: 1120->0(1120)
[762.253s][info][gc,heap        ] GC(164) Survivor regions: 108->108(154)
[762.253s][info][gc,heap        ] GC(164) Old regions: 495->528
[762.253s][info][gc,heap        ] GC(164) Humongous regions: 77->77
[762.253s][info][gc,metaspace   ] GC(164) Metaspace: 28898K(29248K)->28898K(29248K) NonClass: 24014K(24128K)->24014K(24128K) Class: 4884K(5120K)->4884K(5120K)
[762.253s][info][gc             ] GC(164) Pause Young (Prepare Mixed) (G1 Evacuation Pause) 3599M->1424M(4096M) 117.213ms
[762.253s][info][gc,cpu         ] GC(164) User=0.70s Sys=0.00s Real=0.12s
.............................................[807.160s][info][gc,start       ] GC(165) Pause Young (Mixed) (G1 Evacuation Pause)
[807.160s][info][gc,task        ] GC(165) Using 6 workers of 6 for evacuation
[807.290s][info][gc,phases      ] GC(165)   Pre Evacuate Collection Set: 0.38ms
[807.290s][info][gc,phases      ] GC(165)   Merge Heap Roots: 0.69ms
[807.290s][info][gc,phases      ] GC(165)   Evacuate Collection Set: 127.75ms
[807.290s][info][gc,phases      ] GC(165)   Post Evacuate Collection Set: 0.96ms
[807.290s][info][gc,phases      ] GC(165)   Other: 0.10ms
[807.290s][info][gc,heap        ] GC(165) Eden regions: 1120->0(1120)
[807.290s][info][gc,heap        ] GC(165) Survivor regions: 108->108(154)
[807.290s][info][gc,heap        ] GC(165) Old regions: 528->464
[807.290s][info][gc,heap        ] GC(165) Humongous regions: 77->77
[807.290s][info][gc,metaspace   ] GC(165) Metaspace: 28900K(29248K)->28900K(29248K) NonClass: 24015K(24128K)->24015K(24128K) Class: 4884K(5120K)->4884K(5120K)
[807.290s][info][gc             ] GC(165) Pause Young (Mixed) (G1 Evacuation Pause) 3664M->1295M(4096M) 130.009ms
[807.290s][info][gc,cpu         ] GC(165) User=0.77s Sys=0.00s Real=0.13s
.......... (rIR:aIR:PR = 415:416:416) (tPR = 6430) [OK] 
   816s: Performance info:
         Transaction,    Success,    Partial,     Failed,   Receipts, AvgBarcode, 
             Overall,      24944,          0,          0,      23690,      59.49, 
         Response times:
             Request,    Success,    Partial,     Failed,   SkipFail,     Probes,    Samples,      min,      p50,      p90,      p95,      p99,      max, 
       TotalPurchase,      23690,          0,          0,          0,      22636,      24895,      300,      600,      900,     1000,     1200,   132000,
     InStorePurchase,      12493,          0,          0,          0,      12076,      13178,      300,      600,      900,     1000,     1200,   132000,
      OnlinePurchase,       8711,          0,          0,          0,       8331,       9168,      300,      600,      900,     1000,     1200,   119000,
        InstPurchase,       2486,          0,          0,          0,       2229,       2549,      400,      600,      900,     1000,     1200,   119000,
          AssocOfCat,         27,          0,          0,          0,         25,         26,    17000,    24000,    25600,    29600,    31000,    31000,
      AssocOfProduct,        251,          0,          0,          0,        200,        269,      400,      800,     1100,     1100,     2030,   119000,
      BusinessReport,         62,          0,          0,          0,         58,         65,    19200,    27000,    32000,    32000,    32000,    32000,
          CustBuyBeh,        252,          0,          0,          0,        188,        245,      200,      500,      800,      800,     1000,   131000,
       ProductReturn,        662,          0,          0,          0,        544,        679,      200,      600,      900,      900,     2220,     3700,

   816s: ( 4%)   IR =    553 ....|......................[843.505s][info][gc,start       ] GC(166) Pause Young (Concurrent Start) (G1 Evacuation Pause)
[843.505s][info][gc,task        ] GC(166) Using 6 workers of 6 for evacuation
[843.620s][info][gc,phases      ] GC(166)   Pre Evacuate Collection Set: 0.40ms
[843.620s][info][gc,phases      ] GC(166)   Merge Heap Roots: 0.55ms
[843.620s][info][gc,phases      ] GC(166)   Evacuate Collection Set: 113.85ms
[843.620s][info][gc,phases      ] GC(166)   Post Evacuate Collection Set: 0.90ms
[843.620s][info][gc,phases      ] GC(166)   Other: 0.13ms
[843.620s][info][gc,heap        ] GC(166) Eden regions: 1120->0(1120)
[843.620s][info][gc,heap        ] GC(166) Survivor regions: 108->108(154)
[843.620s][info][gc,heap        ] GC(166) Old regions: 464->496
[843.620s][info][gc,heap        ] GC(166) Humongous regions: 77->77
[843.620s][info][gc,metaspace   ] GC(166) Metaspace: 28901K(29248K)->28901K(29248K) NonClass: 24016K(24128K)->24016K(24128K) Class: 4884K(5120K)->4884K(5120K)
[843.621s][info][gc             ] GC(166) Pause Young (Concurrent Start) (G1 Evacuation Pause) 3535M->1360M(4096M) 115.969ms
[843.621s][info][gc             ] GC(167) Concurrent Mark Cycle
[843.621s][info][gc,marking     ] GC(167) Concurrent Scan Root Regions
[843.621s][info][gc,cpu         ] GC(166) User=0.69s Sys=0.00s Real=0.12s
[843.781s][info][gc,marking     ] GC(167) Concurrent Scan Root Regions 160.178ms
[843.781s][info][gc,marking     ] GC(167) Concurrent Mark
[843.781s][info][gc,marking     ] GC(167) Concurrent Mark From Roots
[843.781s][info][gc,task        ] GC(167) Using 2 workers of 2 for marking
.[844.628s][info][gc,marking     ] GC(167) Concurrent Mark From Roots 847.394ms
[844.628s][info][gc,marking     ] GC(167) Concurrent Preclean
[844.628s][info][gc,marking     ] GC(167) Concurrent Preclean 0.039ms
[844.628s][info][gc,start       ] GC(167) Pause Remark
[844.631s][info][gc             ] GC(167) Pause Remark 1431M->1431M(4096M) 2.439ms
[844.631s][info][gc,cpu         ] GC(167) User=0.01s Sys=0.00s Real=0.01s
[844.631s][info][gc,marking     ] GC(167) Concurrent Mark 850.082ms
[844.631s][info][gc,marking     ] GC(167) Concurrent Rebuild Remembered Sets and Scrub Regions
[845.000s][info][gc,marking     ] GC(167) Concurrent Rebuild Remembered Sets and Scrub Regions 369.273ms
[845.000s][info][gc,start       ] GC(167) Pause Cleanup
[845.000s][info][gc             ] GC(167) Pause Cleanup 1459M->1459M(4096M) 0.121ms
[845.000s][info][gc,cpu         ] GC(167) User=0.00s Sys=0.00s Real=0.00s
[845.000s][info][gc,marking     ] GC(167) Concurrent Clear Claimed Marks
[845.001s][info][gc,marking     ] GC(167) Concurrent Clear Claimed Marks 0.032ms
[845.001s][info][gc,marking     ] GC(167) Concurrent Cleanup for Next Mark
[845.004s][info][gc,marking     ] GC(167) Concurrent Cleanup for Next Mark 3.326ms
[845.004s][info][gc             ] GC(167) Concurrent Mark Cycle 1383.364ms
.................................[878.029s][info][gc,start       ] GC(168) Pause Young (Prepare Mixed) (G1 Evacuation Pause)
[878.029s][info][gc,task        ] GC(168) Using 6 workers of 6 for evacuation
[878.146s][info][gc,phases      ] GC(168)   Pre Evacuate Collection Set: 0.32ms
[878.146s][info][gc,phases      ] GC(168)   Merge Heap Roots: 0.65ms
[878.146s][info][gc,phases      ] GC(168)   Evacuate Collection Set: 114.87ms
[878.146s][info][gc,phases      ] GC(168)   Post Evacuate Collection Set: 0.92ms
[878.146s][info][gc,phases      ] GC(168)   Other: 0.09ms
[878.146s][info][gc,heap        ] GC(168) Eden regions: 1120->0(1119)
[878.146s][info][gc,heap        ] GC(168) Survivor regions: 108->109(154)
[878.146s][info][gc,heap        ] GC(168) Old regions: 496->528
[878.146s][info][gc,heap        ] GC(168) Humongous regions: 77->77
[878.146s][info][gc,metaspace   ] GC(168) Metaspace: 28902K(29248K)->28902K(29248K) NonClass: 24018K(24128K)->24018K(24128K) Class: 4884K(5120K)->4884K(5120K)
[878.146s][info][gc             ] GC(168) Pause Young (Prepare Mixed) (G1 Evacuation Pause) 3600M->1425M(4096M) 116.980ms
[878.146s][info][gc,cpu         ] GC(168) User=0.69s Sys=0.00s Real=0.11s
.... (rIR:aIR:PR = 553:554:554) (tPR = 8376) [OK] 
   880s: Performance info:
         Transaction,    Success,    Partial,     Failed,   Receipts, AvgBarcode, 
             Overall,      33293,          0,          0,      31629,      59.47, 
         Response times:
             Request,    Success,    Partial,     Failed,   SkipFail,     Probes,    Samples,      min,      p50,      p90,      p95,      p99,      max, 
       TotalPurchase,      31629,          0,          0,          0,      30122,      33144,      300,      800,     1100,     1200,     1600,   119000,
     InStorePurchase,      16647,          0,          0,          0,      16040,      17518,      300,      700,     1100,     1200,     1500,   119000,
      OnlinePurchase,      11649,          0,          0,          0,      11022,      12190,      300,      800,     1200,     1300,     1600,   119000,
        InstPurchase,       3333,          0,          0,          0,       3060,       3436,      400,      800,     1100,     1200,     1600,   119000,
          AssocOfCat,         33,          0,          0,          0,         29,         34,    17300,    24500,    28000,    30000,    30000,    30000,
      AssocOfProduct,        338,          0,          0,          0,        252,        328,      500,      900,     1100,     1200,     1400,     1500,
      BusinessReport,         83,          0,          0,          0,         78,         87,    19500,    29000,    32000,    33000,    35000,    35000,
          CustBuyBeh,        331,          0,          0,          0,        250,        352,      200,      700,     1000,     1100,     1447,     4200,
       ProductReturn,        879,          0,          0,          0,        765,        946,      200,      600,     1000,     1100,     1400,   118000,

   880s: ( 5%)   IR =    692 .....|...................[906.031s][info][gc,start       ] GC(169) Pause Young (Mixed) (G1 Evacuation Pause)
[906.032s][info][gc,task        ] GC(169) Using 6 workers of 6 for evacuation
[906.165s][info][gc,phases      ] GC(169)   Pre Evacuate Collection Set: 0.38ms
[906.165s][info][gc,phases      ] GC(169)   Merge Heap Roots: 0.71ms
[906.165s][info][gc,phases      ] GC(169)   Evacuate Collection Set: 131.54ms
[906.165s][info][gc,phases      ] GC(169)   Post Evacuate Collection Set: 0.94ms
[906.165s][info][gc,phases      ] GC(169)   Other: 0.09ms
[906.165s][info][gc,heap        ] GC(169) Eden regions: 1119->0(1119)
[906.165s][info][gc,heap        ] GC(169) Survivor regions: 109->109(154)
[906.165s][info][gc,heap        ] GC(169) Old regions: 528->463
[906.165s][info][gc,heap        ] GC(169) Humongous regions: 77->77
[906.165s][info][gc,metaspace   ] GC(169) Metaspace: 28904K(29248K)->28904K(29248K) NonClass: 24019K(24128K)->24019K(24128K) Class: 4884K(5120K)->4884K(5120K)
[906.165s][info][gc             ] GC(169) Pause Young (Mixed) (G1 Evacuation Pause) 3663M->1297M(4096M) 133.809ms
[906.165s][info][gc,cpu         ] GC(169) User=0.79s Sys=0.00s Real=0.13s
............................[933.448s][info][gc,start       ] GC(170) Pause Young (Concurrent Start) (G1 Evacuation Pause)
[933.448s][info][gc,task        ] GC(170) Using 6 workers of 6 for evacuation
[933.568s][info][gc,phases      ] GC(170)   Pre Evacuate Collection Set: 0.41ms
[933.568s][info][gc,phases      ] GC(170)   Merge Heap Roots: 0.50ms
[933.568s][info][gc,phases      ] GC(170)   Evacuate Collection Set: 117.98ms
[933.568s][info][gc,phases      ] GC(170)   Post Evacuate Collection Set: 0.92ms
[933.568s][info][gc,phases      ] GC(170)   Other: 0.11ms
[933.568s][info][gc,heap        ] GC(170) Eden regions: 1119->0(1119)
[933.568s][info][gc,heap        ] GC(170) Survivor regions: 109->109(154)
[933.568s][info][gc,heap        ] GC(170) Old regions: 463->496
[933.568s][info][gc,heap        ] GC(170) Humongous regions: 77->77
[933.568s][info][gc,metaspace   ] GC(170) Metaspace: 28908K(29248K)->28908K(29248K) NonClass: 24023K(24128K)->24023K(24128K) Class: 4884K(5120K)->4884K(5120K)
[933.568s][info][gc             ] GC(170) Pause Young (Concurrent Start) (G1 Evacuation Pause) 3535M->1362M(4096M) 120.050ms
[933.568s][info][gc             ] GC(171) Concurrent Mark Cycle
[933.568s][info][gc,marking     ] GC(171) Concurrent Scan Root Regions
[933.568s][info][gc,cpu         ] GC(170) User=0.72s Sys=0.00s Real=0.12s
[933.677s][info][gc,marking     ] GC(171) Concurrent Scan Root Regions 108.685ms
[933.677s][info][gc,marking     ] GC(171) Concurrent Mark
[933.677s][info][gc,marking     ] GC(171) Concurrent Mark From Roots
[933.677s][info][gc,task        ] GC(171) Using 2 workers of 2 for marking
[934.181s][info][gc,marking     ] GC(171) Concurrent Mark From Roots 504.449ms
[934.181s][info][gc,marking     ] GC(171) Concurrent Preclean
[934.181s][info][gc,marking     ] GC(171) Concurrent Preclean 0.045ms
[934.181s][info][gc,start       ] GC(171) Pause Remark
[934.184s][info][gc             ] GC(171) Pause Remark 1413M->1413M(4096M) 2.315ms
[934.184s][info][gc,cpu         ] GC(171) User=0.01s Sys=0.00s Real=0.00s
[934.184s][info][gc,marking     ] GC(171) Concurrent Mark 507.031ms
[934.184s][info][gc,marking     ] GC(171) Concurrent Rebuild Remembered Sets and Scrub Regions
.[934.385s][info][gc,marking     ] GC(171) Concurrent Rebuild Remembered Sets and Scrub Regions 201.647ms
[934.386s][info][gc,start       ] GC(171) Pause Cleanup
[934.386s][info][gc             ] GC(171) Pause Cleanup 1440M->1440M(4096M) 0.122ms
[934.386s][info][gc,cpu         ] GC(171) User=0.00s Sys=0.00s Real=0.00s
[934.386s][info][gc,marking     ] GC(171) Concurrent Clear Claimed Marks
[934.386s][info][gc,marking     ] GC(171) Concurrent Clear Claimed Marks 0.035ms
[934.386s][info][gc,marking     ] GC(171) Concurrent Cleanup for Next Mark
[934.389s][info][gc,marking     ] GC(171) Concurrent Cleanup for Next Mark 3.421ms
[934.389s][info][gc             ] GC(171) Concurrent Mark Cycle 821.286ms
............ (rIR:aIR:PR = 692:692:692) (tPR = 10286) [OK] 
   946s: Performance info:
         Transaction,    Success,    Partial,     Failed,   Receipts, AvgBarcode, 
             Overall,      41537,          0,          0,      39465,      59.48, 
         Response times:
             Request,    Success,    Partial,     Failed,   SkipFail,     Probes,    Samples,      min,      p50,      p90,      p95,      p99,      max, 
       TotalPurchase,      39465,          0,          0,          0,      37995,      42279,      300,      900,     1300,     1400,     1700,   138000,
     InStorePurchase,      20761,          0,          0,          0,      20229,      22349,      300,      900,     1300,     1400,     1700,   138000,
      OnlinePurchase,      14544,          0,          0,          0,      13958,      15569,      300,      900,     1300,     1400,     1800,   138000,
        InstPurchase,       4160,          0,          0,          0,       3808,       4361,      400,      900,     1200,     1300,     1700,     4600,
          AssocOfCat,         42,          0,          0,          0,         37,         44,    18600,    24000,    27000,    28500,    34000,    34000,
      AssocOfProduct,        415,          0,          0,          0,        299,        382,      500,      800,     1200,     1300,     1600,     1900,
      BusinessReport,        104,          0,          0,          0,         98,        112,    19600,    27000,    32000,    33700,    46610,    47000,
          CustBuyBeh,        417,          0,          0,          0,        332,        437,      200,      500,      900,     1100,     1524,     2500,
       ProductReturn,       1094,          0,          0,          0,        973,       1181,      200,      700,     1100,     1200,     1600,     5400,

   946s: ( 6%)   IR =    830 .....|.......[958.542s][info][gc,start       ] GC(172) Pause Young (Prepare Mixed) (G1 Evacuation Pause)
[958.542s][info][gc,task        ] GC(172) Using 6 workers of 6 for evacuation
[958.660s][info][gc,phases      ] GC(172)   Pre Evacuate Collection Set: 0.35ms
[958.660s][info][gc,phases      ] GC(172)   Merge Heap Roots: 0.63ms
[958.660s][info][gc,phases      ] GC(172)   Evacuate Collection Set: 115.07ms
[958.660s][info][gc,phases      ] GC(172)   Post Evacuate Collection Set: 0.93ms
[958.660s][info][gc,phases      ] GC(172)   Other: 0.09ms
[958.660s][info][gc,heap        ] GC(172) Eden regions: 1119->0(1119)
[958.660s][info][gc,heap        ] GC(172) Survivor regions: 109->109(154)
[958.660s][info][gc,heap        ] GC(172) Old regions: 496->528
[958.660s][info][gc,heap        ] GC(172) Humongous regions: 77->77
[958.660s][info][gc,metaspace   ] GC(172) Metaspace: 28911K(29248K)->28911K(29248K) NonClass: 24027K(24128K)->24027K(24128K) Class: 4884K(5120K)->4884K(5120K)
[958.660s][info][gc             ] GC(172) Pause Young (Prepare Mixed) (G1 Evacuation Pause) 3600M->1427M(4096M) 117.239ms
[958.660s][info][gc,cpu         ] GC(172) User=0.70s Sys=0.00s Real=0.12s
.......................[981.567s][info][gc,start       ] GC(173) Pause Young (Mixed) (G1 Evacuation Pause)
[981.567s][info][gc,task        ] GC(173) Using 6 workers of 6 for evacuation
[981.701s][info][gc,phases      ] GC(173)   Pre Evacuate Collection Set: 0.44ms
[981.701s][info][gc,phases      ] GC(173)   Merge Heap Roots: 1.06ms
[981.701s][info][gc,phases      ] GC(173)   Evacuate Collection Set: 131.65ms
[981.701s][info][gc,phases      ] GC(173)   Post Evacuate Collection Set: 0.97ms
[981.701s][info][gc,phases      ] GC(173)   Other: 0.09ms
[981.701s][info][gc,heap        ] GC(173) Eden regions: 1119->0(1119)
[981.701s][info][gc,heap        ] GC(173) Survivor regions: 109->109(154)
[981.701s][info][gc,heap        ] GC(173) Old regions: 528->464
[981.701s][info][gc,heap        ] GC(173) Humongous regions: 77->77
[981.701s][info][gc,metaspace   ] GC(173) Metaspace: 28911K(29248K)->28911K(29248K) NonClass: 24027K(24128K)->24027K(24128K) Class: 4884K(5120K)->4884K(5120K)
[981.701s][info][gc             ] GC(173) Pause Young (Mixed) (G1 Evacuation Pause) 3665M->1298M(4096M) 134.334ms
[981.701s][info][gc,cpu         ] GC(173) User=0.80s Sys=0.00s Real=0.14s
.......................[1004.568s][info][gc,start       ] GC(174) Pause Young (Concurrent Start) (G1 Evacuation Pause)
[1004.568s][info][gc,task        ] GC(174) Using 6 workers of 6 for evacuation
[1004.685s][info][gc,phases      ] GC(174)   Pre Evacuate Collection Set: 0.46ms
[1004.685s][info][gc,phases      ] GC(174)   Merge Heap Roots: 0.56ms
[1004.685s][info][gc,phases      ] GC(174)   Evacuate Collection Set: 115.08ms
[1004.685s][info][gc,phases      ] GC(174)   Post Evacuate Collection Set: 0.89ms
[1004.685s][info][gc,phases      ] GC(174)   Other: 0.13ms
[1004.685s][info][gc,heap        ] GC(174) Eden regions: 1119->0(1119)
[1004.685s][info][gc,heap        ] GC(174) Survivor regions: 109->109(154)
[1004.685s][info][gc,heap        ] GC(174) Old regions: 464->496
[1004.685s][info][gc,heap        ] GC(174) Humongous regions: 77->77
[1004.685s][info][gc,metaspace   ] GC(174) Metaspace: 28911K(29248K)->28911K(29248K) NonClass: 24027K(24128K)->24027K(24128K) Class: 4884K(5120K)->4884K(5120K)
[1004.685s][info][gc             ] GC(174) Pause Young (Concurrent Start) (G1 Evacuation Pause) 3536M->1362M(4096M) 117.250ms
[1004.685s][info][gc             ] GC(175) Concurrent Mark Cycle
[1004.685s][info][gc,marking     ] GC(175) Concurrent Scan Root Regions
[1004.685s][info][gc,cpu         ] GC(174) User=0.69s Sys=0.00s Real=0.12s
[1004.791s][info][gc,marking     ] GC(175) Concurrent Scan Root Regions 106.086ms
[1004.791s][info][gc,marking     ] GC(175) Concurrent Mark
[1004.791s][info][gc,marking     ] GC(175) Concurrent Mark From Roots
[1004.791s][info][gc,task        ] GC(175) Using 2 workers of 2 for marking
.[1005.294s][info][gc,marking     ] GC(175) Concurrent Mark From Roots 503.052ms
[1005.294s][info][gc,marking     ] GC(175) Concurrent Preclean
[1005.294s][info][gc,marking     ] GC(175) Concurrent Preclean 0.046ms
[1005.294s][info][gc,start       ] GC(175) Pause Remark
[1005.297s][info][gc             ] GC(175) Pause Remark 1430M->1430M(4096M) 2.495ms
[1005.297s][info][gc,cpu         ] GC(175) User=0.01s Sys=0.00s Real=0.00s
[1005.297s][info][gc,marking     ] GC(175) Concurrent Mark 505.851ms
[1005.297s][info][gc,marking     ] GC(175) Concurrent Rebuild Remembered Sets and Scrub Regions
[1005.490s][info][gc,marking     ] GC(175) Concurrent Rebuild Remembered Sets and Scrub Regions 193.022ms
[1005.490s][info][gc,start       ] GC(175) Pause Cleanup
[1005.490s][info][gc             ] GC(175) Pause Cleanup 1446M->1446M(4096M) 0.122ms
[1005.490s][info][gc,cpu         ] GC(175) User=0.00s Sys=0.00s Real=0.00s
[1005.490s][info][gc,marking     ] GC(175) Concurrent Clear Claimed Marks
[1005.490s][info][gc,marking     ] GC(175) Concurrent Clear Claimed Marks 0.027ms
[1005.490s][info][gc,marking     ] GC(175) Concurrent Cleanup for Next Mark
[1005.493s][info][gc,marking     ] GC(175) Concurrent Cleanup for Next Mark 3.203ms
[1005.493s][info][gc             ] GC(175) Concurrent Mark Cycle 808.629ms
...... (rIR:aIR:PR = 830:830:830) (tPR = 12443) [OK] 
  1011s: Performance info:
         Transaction,    Success,    Partial,     Failed,   Receipts, AvgBarcode, 
             Overall,      49811,          0,          0,      47328,      59.47, 
         Response times:
             Request,    Success,    Partial,     Failed,   SkipFail,     Probes,    Samples,      min,      p50,      p90,      p95,      p99,      max, 
       TotalPurchase,      47328,          0,          0,          0,      45713,      50572,      300,     1000,     1400,     1600,     2200,   136000,
     InStorePurchase,      24909,          0,          0,          0,      24268,      26754,      300,      900,     1400,     1500,     2100,   136000,
      OnlinePurchase,      17437,          0,          0,          0,      16776,      18524,      300,     1000,     1500,     1600,     2200,   136000,
        InstPurchase,       4982,          0,          0,          0,       4669,       5294,      400,     1100,     1500,     1600,     2200,     8100,
          AssocOfCat,         50,          0,          0,          0,         47,         53,    17900,    26000,    28000,    33800,    42000,    42000,
      AssocOfProduct,        496,          0,          0,          0,        408,        539,      400,     1100,     1500,     1600,     2200,     4600,
      BusinessReport,        126,          0,          0,          0,         89,        135,    19900,    29000,    33000,    35200,    43840,    46000,
          CustBuyBeh,        496,          0,          0,          0,        398,        524,      300,     1100,     1500,     1600,     2625,     6000,
       ProductReturn,       1315,          0,          0,          0,       1157,       1347,      200,      700,     1200,     1400,     1800,     6100,

  1011s: ( 7%)   IR =    969 ....|..........[1025.343s][info][gc,start       ] GC(176) Pause Young (Prepare Mixed) (G1 Evacuation Pause)
[1025.343s][info][gc,task        ] GC(176) Using 6 workers of 6 for evacuation
[1025.460s][info][gc,phases      ] GC(176)   Pre Evacuate Collection Set: 0.35ms
[1025.460s][info][gc,phases      ] GC(176)   Merge Heap Roots: 0.65ms
[1025.460s][info][gc,phases      ] GC(176)   Evacuate Collection Set: 114.42ms
[1025.460s][info][gc,phases      ] GC(176)   Post Evacuate Collection Set: 0.94ms
[1025.460s][info][gc,phases      ] GC(176)   Other: 0.11ms
[1025.460s][info][gc,heap        ] GC(176) Eden regions: 1119->0(1119)
[1025.460s][info][gc,heap        ] GC(176) Survivor regions: 109->109(154)
[1025.460s][info][gc,heap        ] GC(176) Old regions: 496->528
[1025.460s][info][gc,heap        ] GC(176) Humongous regions: 77->77
[1025.460s][info][gc,metaspace   ] GC(176) Metaspace: 28912K(29248K)->28912K(29248K) NonClass: 24028K(24128K)->24028K(24128K) Class: 4884K(5120K)->4884K(5120K)
[1025.460s][info][gc             ] GC(176) Pause Young (Prepare Mixed) (G1 Evacuation Pause) 3600M->1426M(4096M) 116.599ms
[1025.460s][info][gc,cpu         ] GC(176) User=0.69s Sys=0.00s Real=0.12s
...................[1045.215s][info][gc,start       ] GC(177) Pause Young (Mixed) (G1 Evacuation Pause)
[1045.215s][info][gc,task        ] GC(177) Using 6 workers of 6 for evacuation
[1045.346s][info][gc,phases      ] GC(177)   Pre Evacuate Collection Set: 0.44ms
[1045.346s][info][gc,phases      ] GC(177)   Merge Heap Roots: 0.76ms
[1045.346s][info][gc,phases      ] GC(177)   Evacuate Collection Set: 128.62ms
[1045.346s][info][gc,phases      ] GC(177)   Post Evacuate Collection Set: 0.94ms
[1045.346s][info][gc,phases      ] GC(177)   Other: 0.10ms
[1045.346s][info][gc,heap        ] GC(177) Eden regions: 1119->0(1119)
[1045.346s][info][gc,heap        ] GC(177) Survivor regions: 109->109(154)
[1045.346s][info][gc,heap        ] GC(177) Old regions: 528->464
[1045.346s][info][gc,heap        ] GC(177) Humongous regions: 77->77
[1045.346s][info][gc,metaspace   ] GC(177) Metaspace: 28912K(29248K)->28912K(29248K) NonClass: 24028K(24128K)->24028K(24128K) Class: 4884K(5120K)->4884K(5120K)
[1045.346s][info][gc             ] GC(177) Pause Young (Mixed) (G1 Evacuation Pause) 3664M->1298M(4096M) 131.004ms
[1045.346s][info][gc,cpu         ] GC(177) User=0.78s Sys=0.00s Real=0.13s
....................[1064.921s][info][gc,start       ] GC(178) Pause Young (Concurrent Start) (G1 Evacuation Pause)
[1064.921s][info][gc,task        ] GC(178) Using 6 workers of 6 for evacuation
[1065.038s][info][gc,phases      ] GC(178)   Pre Evacuate Collection Set: 0.39ms
[1065.038s][info][gc,phases      ] GC(178)   Merge Heap Roots: 0.58ms
[1065.038s][info][gc,phases      ] GC(178)   Evacuate Collection Set: 115.36ms
[1065.038s][info][gc,phases      ] GC(178)   Post Evacuate Collection Set: 0.89ms
[1065.038s][info][gc,phases      ] GC(178)   Other: 0.11ms
[1065.038s][info][gc,heap        ] GC(178) Eden regions: 1119->0(1119)
[1065.038s][info][gc,heap        ] GC(178) Survivor regions: 109->109(154)
[1065.038s][info][gc,heap        ] GC(178) Old regions: 464->496
[1065.038s][info][gc,heap        ] GC(178) Humongous regions: 77->77
[1065.038s][info][gc,metaspace   ] GC(178) Metaspace: 28912K(29248K)->28912K(29248K) NonClass: 24028K(24128K)->24028K(24128K) Class: 4884K(5120K)->4884K(5120K)
[1065.038s][info][gc             ] GC(178) Pause Young (Concurrent Start) (G1 Evacuation Pause) 3536M->1362M(4096M) 117.469ms
[1065.038s][info][gc             ] GC(179) Concurrent Mark Cycle
[1065.038s][info][gc,marking     ] GC(179) Concurrent Scan Root Regions
[1065.038s][info][gc,cpu         ] GC(178) User=0.70s Sys=0.00s Real=0.11s
[1065.202s][info][gc,marking     ] GC(179) Concurrent Scan Root Regions 163.648ms
[1065.202s][info][gc,marking     ] GC(179) Concurrent Mark
[1065.202s][info][gc,marking     ] GC(179) Concurrent Mark From Roots
[1065.202s][info][gc,task        ] GC(179) Using 2 workers of 2 for marking
.[1066.064s][info][gc,marking     ] GC(179) Concurrent Mark From Roots 861.782ms
[1066.064s][info][gc,marking     ] GC(179) Concurrent Preclean
[1066.064s][info][gc,marking     ] GC(179) Concurrent Preclean 0.056ms
[1066.064s][info][gc,start       ] GC(179) Pause Remark
[1066.067s][info][gc             ] GC(179) Pause Remark 1498M->1498M(4096M) 2.606ms
[1066.067s][info][gc,cpu         ] GC(179) User=0.01s Sys=0.00s Real=0.00s
[1066.067s][info][gc,marking     ] GC(179) Concurrent Mark 865.118ms
[1066.067s][info][gc,marking     ] GC(179) Concurrent Rebuild Remembered Sets and Scrub Regions
[1066.269s][info][gc,marking     ] GC(179) Concurrent Rebuild Remembered Sets and Scrub Regions 201.983ms
[1066.269s][info][gc,start       ] GC(179) Pause Cleanup
[1066.269s][info][gc             ] GC(179) Pause Cleanup 1525M->1525M(4096M) 0.125ms
[1066.270s][info][gc,cpu         ] GC(179) User=0.00s Sys=0.00s Real=0.00s
[1066.270s][info][gc,marking     ] GC(179) Concurrent Clear Claimed Marks
[1066.270s][info][gc,marking     ] GC(179) Concurrent Clear Claimed Marks 0.033ms
[1066.270s][info][gc,marking     ] GC(179) Concurrent Cleanup for Next Mark
[1066.273s][info][gc,marking     ] GC(179) Concurrent Cleanup for Next Mark 3.178ms
[1066.273s][info][gc             ] GC(179) Concurrent Mark Cycle 1234.415ms
.......... (rIR:aIR:PR = 969:969:969) (tPR = 14352) [OK] 
  1075s: Performance info:
         Transaction,    Success,    Partial,     Failed,   Receipts, AvgBarcode, 
             Overall,      58232,          0,          0,      55319,      59.48, 
         Response times:
             Request,    Success,    Partial,     Failed,   SkipFail,     Probes,    Samples,      min,      p50,      p90,      p95,      p99,      max, 
       TotalPurchase,      55319,          0,          0,          0,      53401,      58118,      300,     1100,     1600,     1800,     2400,   135000,
     InStorePurchase,      29109,          0,          0,          0,      28288,      30499,      300,     1100,     1600,     1700,     2400,   133000,
      OnlinePurchase,      20389,          0,          0,          0,      19582,      21369,      300,     1200,     1700,     1800,     2500,   135000,
        InstPurchase,       5821,          0,          0,          0,       5531,       6250,      400,     1200,     1700,     1800,     2549,    12300,
          AssocOfCat,         60,          0,          0,          0,         60,         62,    17200,    25500,    31000,    32700,    40000,    40000,
      AssocOfProduct,        581,          0,          0,          0,        494,        607,      500,     1100,     1500,     1700,     2292,   133000,
      BusinessReport,        146,          0,          0,          0,        100,        138,    21000,    29000,    33000,    35100,    45220,    46000,
          CustBuyBeh,        583,          0,          0,          0,        490,        656,      200,      900,     1500,     1700,     2000,     9300,
       ProductReturn,       1543,          0,          0,          0,       1370,       1596,      200,     1000,     1600,     1800,     2503,    12600,

  1075s: ( 8%)   IR =   1107 ....|....[1083.490s][info][gc,start       ] GC(180) Pause Young (Prepare Mixed) (G1 Evacuation Pause)
[1083.490s][info][gc,task        ] GC(180) Using 6 workers of 6 for evacuation
[1083.607s][info][gc,phases      ] GC(180)   Pre Evacuate Collection Set: 0.37ms
[1083.607s][info][gc,phases      ] GC(180)   Merge Heap Roots: 0.63ms
[1083.607s][info][gc,phases      ] GC(180)   Evacuate Collection Set: 114.85ms
[1083.607s][info][gc,phases      ] GC(180)   Post Evacuate Collection Set: 0.96ms
[1083.607s][info][gc,phases      ] GC(180)   Other: 0.10ms
[1083.607s][info][gc,heap        ] GC(180) Eden regions: 1119->0(1118)
[1083.607s][info][gc,heap        ] GC(180) Survivor regions: 109->110(154)
[1083.607s][info][gc,heap        ] GC(180) Old regions: 496->528
[1083.607s][info][gc,heap        ] GC(180) Humongous regions: 77->77
[1083.607s][info][gc,metaspace   ] GC(180) Metaspace: 28913K(29248K)->28913K(29248K) NonClass: 24028K(24128K)->24028K(24128K) Class: 4884K(5120K)->4884K(5120K)
[1083.607s][info][gc             ] GC(180) Pause Young (Prepare Mixed) (G1 Evacuation Pause) 3600M->1428M(4096M) 117.032ms
[1083.607s][info][gc,cpu         ] GC(180) User=0.69s Sys=0.01s Real=0.11s
.................[1100.673s][info][gc,start       ] GC(181) Pause Young (Mixed) (G1 Evacuation Pause)
[1100.673s][info][gc,task        ] GC(181) Using 6 workers of 6 for evacuation
[1100.805s][info][gc,phases      ] GC(181)   Pre Evacuate Collection Set: 0.45ms
[1100.805s][info][gc,phases      ] GC(181)   Merge Heap Roots: 0.82ms
[1100.805s][info][gc,phases      ] GC(181)   Evacuate Collection Set: 129.93ms
[1100.805s][info][gc,phases      ] GC(181)   Post Evacuate Collection Set: 0.99ms
[1100.805s][info][gc,phases      ] GC(181)   Other: 0.09ms
[1100.805s][info][gc,heap        ] GC(181) Eden regions: 1118->0(1119)
[1100.805s][info][gc,heap        ] GC(181) Survivor regions: 110->109(154)
[1100.805s][info][gc,heap        ] GC(181) Old regions: 528->466
[1100.805s][info][gc,heap        ] GC(181) Humongous regions: 77->77
[1100.805s][info][gc,metaspace   ] GC(181) Metaspace: 28913K(29248K)->28913K(29248K) NonClass: 24028K(24128K)->24028K(24128K) Class: 4884K(5120K)->4884K(5120K)
[1100.805s][info][gc             ] GC(181) Pause Young (Mixed) (G1 Evacuation Pause) 3664M->1302M(4096M) 132.410ms
[1100.805s][info][gc,cpu         ] GC(181) User=0.79s Sys=0.00s Real=0.13s
.................[1118.064s][info][gc,start       ] GC(182) Pause Young (Concurrent Start) (G1 Evacuation Pause)
[1118.064s][info][gc,task        ] GC(182) Using 6 workers of 6 for evacuation
[1118.184s][info][gc,phases      ] GC(182)   Pre Evacuate Collection Set: 0.38ms
[1118.184s][info][gc,phases      ] GC(182)   Merge Heap Roots: 0.56ms
[1118.184s][info][gc,phases      ] GC(182)   Evacuate Collection Set: 117.71ms
[1118.184s][info][gc,phases      ] GC(182)   Post Evacuate Collection Set: 0.89ms
[1118.184s][info][gc,phases      ] GC(182)   Other: 0.12ms
[1118.184s][info][gc,heap        ] GC(182) Eden regions: 1119->0(1117)
[1118.184s][info][gc,heap        ] GC(182) Survivor regions: 109->111(154)
[1118.184s][info][gc,heap        ] GC(182) Old regions: 466->498
[1118.184s][info][gc,heap        ] GC(182) Humongous regions: 77->77
[1118.184s][info][gc,metaspace   ] GC(182) Metaspace: 28913K(29248K)->28913K(29248K) NonClass: 24028K(24128K)->24028K(24128K) Class: 4884K(5120K)->4884K(5120K)
[1118.184s][info][gc             ] GC(182) Pause Young (Concurrent Start) (G1 Evacuation Pause) 3540M->1370M(4096M) 119.809ms
[1118.184s][info][gc             ] GC(183) Concurrent Mark Cycle
[1118.184s][info][gc,marking     ] GC(183) Concurrent Scan Root Regions
[1118.184s][info][gc,cpu         ] GC(182) User=0.71s Sys=0.00s Real=0.12s
[1118.298s][info][gc,marking     ] GC(183) Concurrent Scan Root Regions 113.302ms
[1118.298s][info][gc,marking     ] GC(183) Concurrent Mark
[1118.298s][info][gc,marking     ] GC(183) Concurrent Mark From Roots
[1118.298s][info][gc,task        ] GC(183) Using 2 workers of 2 for marking
.[1118.824s][info][gc,marking     ] GC(183) Concurrent Mark From Roots 525.964ms
[1118.824s][info][gc,marking     ] GC(183) Concurrent Preclean
[1118.824s][info][gc,marking     ] GC(183) Concurrent Preclean 0.043ms
[1118.824s][info][gc,start       ] GC(183) Pause Remark
[1118.826s][info][gc             ] GC(183) Pause Remark 1469M->1469M(4096M) 2.498ms
[1118.826s][info][gc,cpu         ] GC(183) User=0.01s Sys=0.00s Real=0.00s
[1118.826s][info][gc,marking     ] GC(183) Concurrent Mark 528.726ms
[1118.826s][info][gc,marking     ] GC(183) Concurrent Rebuild Remembered Sets and Scrub Regions
[1119.024s][info][gc,marking     ] GC(183) Concurrent Rebuild Remembered Sets and Scrub Regions 197.517ms
[1119.024s][info][gc,start       ] GC(183) Pause Cleanup
[1119.024s][info][gc             ] GC(183) Pause Cleanup 1498M->1498M(4096M) 0.127ms
[1119.024s][info][gc,cpu         ] GC(183) User=0.00s Sys=0.00s Real=0.00s
[1119.024s][info][gc,marking     ] GC(183) Concurrent Clear Claimed Marks
[1119.024s][info][gc,marking     ] GC(183) Concurrent Clear Claimed Marks 0.035ms
[1119.024s][info][gc,marking     ] GC(183) Concurrent Cleanup for Next Mark
[1119.027s][info][gc,marking     ] GC(183) Concurrent Cleanup for Next Mark 3.136ms
[1119.027s][info][gc             ] GC(183) Concurrent Mark Cycle 843.186ms
................[1135.309s][info][gc,start       ] GC(184) Pause Young (Prepare Mixed) (G1 Evacuation Pause)
[1135.310s][info][gc,task        ] GC(184) Using 6 workers of 6 for evacuation
[1135.427s][info][gc,phases      ] GC(184)   Pre Evacuate Collection Set: 0.39ms
[1135.427s][info][gc,phases      ] GC(184)   Merge Heap Roots: 0.65ms
[1135.427s][info][gc,phases      ] GC(184)   Evacuate Collection Set: 115.28ms
[1135.427s][info][gc,phases      ] GC(184)   Post Evacuate Collection Set: 0.97ms
[1135.427s][info][gc,phases      ] GC(184)   Other: 0.09ms
[1135.427s][info][gc,heap        ] GC(184) Eden regions: 1117->0(1120)
[1135.427s][info][gc,heap        ] GC(184) Survivor regions: 111->108(154)
[1135.427s][info][gc,heap        ] GC(184) Old regions: 498->530
[1135.427s][info][gc,heap        ] GC(184) Humongous regions: 77->77
[1135.427s][info][gc,metaspace   ] GC(184) Metaspace: 28913K(29248K)->28913K(29248K) NonClass: 24028K(24128K)->24028K(24128K) Class: 4884K(5120K)->4884K(5120K)
[1135.427s][info][gc             ] GC(184) Pause Young (Prepare Mixed) (G1 Evacuation Pause) 3604M->1429M(4096M) 117.534ms
[1135.427s][info][gc,cpu         ] GC(184) User=0.70s Sys=0.00s Real=0.11s
..... (rIR:aIR:PR = 1107:1107:1107) (tPR = 16313) [OK] 
  1139s: Performance info:
         Transaction,    Success,    Partial,     Failed,   Receipts, AvgBarcode, 
             Overall,      66495,          0,          0,      63169,      59.47, 
         Response times:
             Request,    Success,    Partial,     Failed,   SkipFail,     Probes,    Samples,      min,      p50,      p90,      p95,      p99,      max, 
       TotalPurchase,      63169,          0,          0,          0,      61203,      66754,      300,     1200,     1800,     2000,     2900,   135000,
     InStorePurchase,      33266,          0,          0,          0,      32472,      35309,      300,     1200,     1800,     2000,     3100,   135000,
      OnlinePurchase,      23267,          0,          0,          0,      22518,      24550,      300,     1200,     1700,     1900,     2700,   135000,
        InstPurchase,       6636,          0,          0,          0,       6213,       6895,      400,     1300,     1800,     2000,     3500,   125000,
          AssocOfCat,         66,          0,          0,          0,         63,         70,    18200,    26000,    29900,    34000,    56000,    56000,
      AssocOfProduct,        665,          0,          0,          0,        540,        655,      500,     1300,     1700,     1800,     4120,    11600,
      BusinessReport,        167,          0,          0,          0,        125,        192,    21000,    29000,    33700,    37050,    59770,   163000,
          CustBuyBeh,        668,          0,          0,          0,        568,        705,      200,      700,     1300,     1500,     1900,     4700,
       ProductReturn,       1760,          0,          0,          0,       1572,       1833,      200,      600,     1400,     1600,     2100,   119000,

  1139s: ( 9%)   IR =   1245 ......|.....[1151.094s][info][gc,start       ] GC(185) Pause Young (Mixed) (G1 Evacuation Pause)
[1151.095s][info][gc,task        ] GC(185) Using 6 workers of 6 for evacuation
[1151.226s][info][gc,phases      ] GC(185)   Pre Evacuate Collection Set: 0.41ms
[1151.226s][info][gc,phases      ] GC(185)   Merge Heap Roots: 0.73ms
[1151.226s][info][gc,phases      ] GC(185)   Evacuate Collection Set: 129.32ms
[1151.226s][info][gc,phases      ] GC(185)   Post Evacuate Collection Set: 1.01ms
[1151.226s][info][gc,phases      ] GC(185)   Other: 0.10ms
[1151.226s][info][gc,heap        ] GC(185) Eden regions: 1120->0(1118)
[1151.226s][info][gc,heap        ] GC(185) Survivor regions: 108->110(154)
[1151.226s][info][gc,heap        ] GC(185) Old regions: 530->465
[1151.226s][info][gc,heap        ] GC(185) Humongous regions: 77->77
[1151.226s][info][gc,metaspace   ] GC(185) Metaspace: 28916K(29248K)->28916K(29248K) NonClass: 24031K(24128K)->24031K(24128K) Class: 4884K(5120K)->4884K(5120K)
[1151.226s][info][gc             ] GC(185) Pause Young (Mixed) (G1 Evacuation Pause) 3669M->1303M(4096M) 131.689ms
[1151.226s][info][gc,cpu         ] GC(185) User=0.79s Sys=0.00s Real=0.13s
................[1166.472s][info][gc,start       ] GC(186) Pause Young (Concurrent Start) (G1 Evacuation Pause)
[1166.472s][info][gc,task        ] GC(186) Using 6 workers of 6 for evacuation
[1166.592s][info][gc,phases      ] GC(186)   Pre Evacuate Collection Set: 0.42ms
[1166.592s][info][gc,phases      ] GC(186)   Merge Heap Roots: 0.54ms
[1166.592s][info][gc,phases      ] GC(186)   Evacuate Collection Set: 117.19ms
[1166.592s][info][gc,phases      ] GC(186)   Post Evacuate Collection Set: 0.92ms
[1166.592s][info][gc,phases      ] GC(186)   Other: 0.13ms
[1166.592s][info][gc,heap        ] GC(186) Eden regions: 1118->0(1118)
[1166.592s][info][gc,heap        ] GC(186) Survivor regions: 110->110(154)
[1166.592s][info][gc,heap        ] GC(186) Old regions: 465->498
[1166.592s][info][gc,heap        ] GC(186) Humongous regions: 77->77
[1166.592s][info][gc,metaspace   ] GC(186) Metaspace: 28916K(29248K)->28916K(29248K) NonClass: 24031K(24128K)->24031K(24128K) Class: 4884K(5120K)->4884K(5120K)
[1166.592s][info][gc             ] GC(186) Pause Young (Concurrent Start) (G1 Evacuation Pause) 3539M->1367M(4096M) 119.327ms
[1166.592s][info][gc             ] GC(187) Concurrent Mark Cycle
[1166.592s][info][gc,marking     ] GC(187) Concurrent Scan Root Regions
[1166.592s][info][gc,cpu         ] GC(186) User=0.71s Sys=0.00s Real=0.12s
[1166.759s][info][gc,marking     ] GC(187) Concurrent Scan Root Regions 167.673ms
[1166.759s][info][gc,marking     ] GC(187) Concurrent Mark
[1166.759s][info][gc,marking     ] GC(187) Concurrent Mark From Roots
[1166.759s][info][gc,task        ] GC(187) Using 2 workers of 2 for marking
.[1167.628s][info][gc,marking     ] GC(187) Concurrent Mark From Roots 868.590ms
[1167.628s][info][gc,marking     ] GC(187) Concurrent Preclean
[1167.628s][info][gc,marking     ] GC(187) Concurrent Preclean 0.046ms
[1167.628s][info][gc,start       ] GC(187) Pause Remark
[1167.631s][info][gc             ] GC(187) Pause Remark 1540M->1540M(4096M) 2.955ms
[1167.631s][info][gc,cpu         ] GC(187) User=0.02s Sys=0.00s Real=0.01s
[1167.631s][info][gc,marking     ] GC(187) Concurrent Mark 871.860ms
[1167.631s][info][gc,marking     ] GC(187) Concurrent Rebuild Remembered Sets and Scrub Regions
[1168.009s][info][gc,marking     ] GC(187) Concurrent Rebuild Remembered Sets and Scrub Regions 377.423ms
[1168.009s][info][gc,start       ] GC(187) Pause Cleanup
[1168.009s][info][gc             ] GC(187) Pause Cleanup 1600M->1600M(4096M) 0.132ms
[1168.009s][info][gc,cpu         ] GC(187) User=0.00s Sys=0.00s Real=0.00s
[1168.009s][info][gc,marking     ] GC(187) Concurrent Clear Claimed Marks
[1168.009s][info][gc,marking     ] GC(187) Concurrent Clear Claimed Marks 0.033ms
[1168.009s][info][gc,marking     ] GC(187) Concurrent Cleanup for Next Mark
[1168.012s][info][gc,marking     ] GC(187) Concurrent Cleanup for Next Mark 3.248ms
[1168.012s][info][gc             ] GC(187) Concurrent Mark Cycle 1420.708ms
..............[1181.769s][info][gc,start       ] GC(188) Pause Young (Prepare Mixed) (G1 Evacuation Pause)
[1181.769s][info][gc,task        ] GC(188) Using 6 workers of 6 for evacuation
[1181.886s][info][gc,phases      ] GC(188)   Pre Evacuate Collection Set: 0.36ms
[1181.886s][info][gc,phases      ] GC(188)   Merge Heap Roots: 0.63ms
[1181.886s][info][gc,phases      ] GC(188)   Evacuate Collection Set: 114.86ms
[1181.886s][info][gc,phases      ] GC(188)   Post Evacuate Collection Set: 0.92ms
[1181.886s][info][gc,phases      ] GC(188)   Other: 0.10ms
[1181.886s][info][gc,heap        ] GC(188) Eden regions: 1118->0(1119)
[1181.886s][info][gc,heap        ] GC(188) Survivor regions: 110->109(154)
[1181.886s][info][gc,heap        ] GC(188) Old regions: 498->529
[1181.886s][info][gc,heap        ] GC(188) Humongous regions: 77->77
[1181.886s][info][gc,metaspace   ] GC(188) Metaspace: 28916K(29248K)->28916K(29248K) NonClass: 24031K(24128K)->24031K(24128K) Class: 4884K(5120K)->4884K(5120K)
[1181.886s][info][gc             ] GC(188) Pause Young (Prepare Mixed) (G1 Evacuation Pause) 3603M->1429M(4096M) 116.984ms
[1181.886s][info][gc,cpu         ] GC(188) User=0.69s Sys=0.00s Real=0.12s
...............[1197.224s][info][gc,start       ] GC(189) Pause Young (Mixed) (G1 Evacuation Pause)
[1197.224s][info][gc,task        ] GC(189) Using 6 workers of 6 for evacuation
[1197.355s][info][gc,phases      ] GC(189)   Pre Evacuate Collection Set: 0.40ms
[1197.355s][info][gc,phases      ] GC(189)   Merge Heap Roots: 0.82ms
[1197.355s][info][gc,phases      ] GC(189)   Evacuate Collection Set: 128.94ms
[1197.355s][info][gc,phases      ] GC(189)   Post Evacuate Collection Set: 0.95ms
[1197.355s][info][gc,phases      ] GC(189)   Other: 0.09ms
[1197.355s][info][gc,heap        ] GC(189) Eden regions: 1119->0(1119)
[1197.355s][info][gc,heap        ] GC(189) Survivor regions: 109->109(154)
[1197.355s][info][gc,heap        ] GC(189) Old regions: 529->466
[1197.355s][info][gc,heap        ] GC(189) Humongous regions: 77->77
[1197.355s][info][gc,metaspace   ] GC(189) Metaspace: 28916K(29248K)->28916K(29248K) NonClass: 24031K(24128K)->24031K(24128K) Class: 4884K(5120K)->4884K(5120K)
[1197.356s][info][gc             ] GC(189) Pause Young (Mixed) (G1 Evacuation Pause) 3667M->1301M(4096M) 131.329ms
[1197.356s][info][gc,cpu         ] GC(189) User=0.78s Sys=0.00s Real=0.13s
......... (rIR:aIR:PR = 1245:1245:1245) (tPR = 18637) [OK] 
  1205s: Performance info:
         Transaction,    Success,    Partial,     Failed,   Receipts, AvgBarcode, 
             Overall,      74766,          0,          0,      71018,      59.47, 
         Response times:
             Request,    Success,    Partial,     Failed,   SkipFail,     Probes,    Samples,      min,      p50,      p90,      p95,      p99,      max, 
       TotalPurchase,      71018,          0,          0,          0,      68579,      77036,      300,     1300,     1900,     2100,     3300,   137000,
     InStorePurchase,      37392,          0,          0,          0,      36254,      40443,      300,     1300,     1900,     2100,     3300,   137000,
      OnlinePurchase,      26154,          0,          0,          0,      25258,      28417,      300,     1400,     2000,     2200,     3100,   135000,
        InstPurchase,       7472,          0,          0,          0,       7067,       8176,      400,     1300,     1900,     2100,     3200,   137000,
          AssocOfCat,         77,          0,          0,          0,         75,         81,    18200,    25000,    31800,    33900,    40000,    40000,
      AssocOfProduct,        749,          0,          0,          0,        626,        764,      500,     1450,     2200,     2400,     3035,    17300,
      BusinessReport,        188,          0,          0,          0,        139,        196,    19400,    30000,    36000,    38000,    53420,   164000,
          CustBuyBeh,        747,          0,          0,          0,        615,        749,      300,     1400,     2000,     2100,     3350,    10900,
       ProductReturn,       1987,          0,          0,          0,       1835,       2149,      200,     1000,     1600,     1800,     3650,   134000,

  1205s: (10%)   IR =   1384 ......[1211.751s][info][gc,start       ] GC(190) Pause Young (Concurrent Start) (G1 Evacuation Pause)
[1211.751s][info][gc,task        ] GC(190) Using 6 workers of 6 for evacuation
[1211.868s][info][gc,phases      ] GC(190)   Pre Evacuate Collection Set: 0.39ms
[1211.868s][info][gc,phases      ] GC(190)   Merge Heap Roots: 0.51ms
[1211.868s][info][gc,phases      ] GC(190)   Evacuate Collection Set: 115.33ms
[1211.868s][info][gc,phases      ] GC(190)   Post Evacuate Collection Set: 0.90ms
[1211.868s][info][gc,phases      ] GC(190)   Other: 0.11ms
[1211.868s][info][gc,heap        ] GC(190) Eden regions: 1119->0(1119)
[1211.868s][info][gc,heap        ] GC(190) Survivor regions: 109->109(154)
[1211.868s][info][gc,heap        ] GC(190) Old regions: 466->498
[1211.868s][info][gc,heap        ] GC(190) Humongous regions: 77->77
[1211.868s][info][gc,metaspace   ] GC(190) Metaspace: 28916K(29248K)->28916K(29248K) NonClass: 24031K(24128K)->24031K(24128K) Class: 4884K(5120K)->4884K(5120K)
[1211.868s][info][gc             ] GC(190) Pause Young (Concurrent Start) (G1 Evacuation Pause) 3539M->1365M(4096M) 117.361ms
[1211.868s][info][gc             ] GC(191) Concurrent Mark Cycle
[1211.868s][info][gc,marking     ] GC(191) Concurrent Scan Root Regions
[1211.868s][info][gc,cpu         ] GC(190) User=0.69s Sys=0.00s Real=0.11s
[1211.996s][info][gc,marking     ] GC(191) Concurrent Scan Root Regions 127.467ms
[1211.996s][info][gc,marking     ] GC(191) Concurrent Mark
[1211.996s][info][gc,marking     ] GC(191) Concurrent Mark From Roots
[1211.996s][info][gc,task        ] GC(191) Using 2 workers of 2 for marking
.[1212.512s][info][gc,marking     ] GC(191) Concurrent Mark From Roots 516.236ms
[1212.512s][info][gc,marking     ] GC(191) Concurrent Preclean
[1212.512s][info][gc,marking     ] GC(191) Concurrent Preclean 0.055ms
[1212.512s][info][gc,start       ] GC(191) Pause Remark
[1212.515s][info][gc             ] GC(191) Pause Remark 1480M->1480M(4096M) 2.654ms
[1212.515s][info][gc,cpu         ] GC(191) User=0.01s Sys=0.00s Real=0.00s
[1212.515s][info][gc,marking     ] GC(191) Concurrent Mark 519.329ms
[1212.515s][info][gc,marking     ] GC(191) Concurrent Rebuild Remembered Sets and Scrub Regions
[1212.724s][info][gc,marking     ] GC(191) Concurrent Rebuild Remembered Sets and Scrub Regions 209.085ms
[1212.724s][info][gc,start       ] GC(191) Pause Cleanup
[1212.725s][info][gc             ] GC(191) Pause Cleanup 1541M->1541M(4096M) 0.118ms
[1212.725s][info][gc,cpu         ] GC(191) User=0.00s Sys=0.00s Real=0.00s
[1212.725s][info][gc,marking     ] GC(191) Concurrent Clear Claimed Marks
[1212.725s][info][gc,marking     ] GC(191) Concurrent Clear Claimed Marks 0.031ms
[1212.725s][info][gc,marking     ] GC(191) Concurrent Cleanup for Next Mark
[1212.728s][info][gc,marking     ] GC(191) Concurrent Cleanup for Next Mark 3.150ms
[1212.728s][info][gc             ] GC(191) Concurrent Mark Cycle 859.548ms
.|............[1225.581s][info][gc,start       ] GC(192) Pause Young (Prepare Mixed) (G1 Evacuation Pause)
[1225.581s][info][gc,task        ] GC(192) Using 6 workers of 6 for evacuation
[1225.700s][info][gc,phases      ] GC(192)   Pre Evacuate Collection Set: 0.36ms
[1225.700s][info][gc,phases      ] GC(192)   Merge Heap Roots: 0.61ms
[1225.700s][info][gc,phases      ] GC(192)   Evacuate Collection Set: 116.59ms
[1225.700s][info][gc,phases      ] GC(192)   Post Evacuate Collection Set: 0.92ms
[1225.700s][info][gc,phases      ] GC(192)   Other: 0.08ms
[1225.700s][info][gc,heap        ] GC(192) Eden regions: 1119->0(1119)
[1225.700s][info][gc,heap        ] GC(192) Survivor regions: 109->109(154)
[1225.700s][info][gc,heap        ] GC(192) Old regions: 498->530
[1225.700s][info][gc,heap        ] GC(192) Humongous regions: 77->77
[1225.700s][info][gc,metaspace   ] GC(192) Metaspace: 28918K(29248K)->28918K(29248K) NonClass: 24034K(24128K)->24034K(24128K) Class: 4884K(5120K)->4884K(5120K)
[1225.700s][info][gc             ] GC(192) Pause Young (Prepare Mixed) (G1 Evacuation Pause) 3603M->1430M(4096M) 118.705ms
[1225.700s][info][gc,cpu         ] GC(192) User=0.70s Sys=0.00s Real=0.12s
.............[1239.352s][info][gc,start       ] GC(193) Pause Young (Mixed) (G1 Evacuation Pause)
[1239.352s][info][gc,task        ] GC(193) Using 6 workers of 6 for evacuation
[1239.481s][info][gc,phases      ] GC(193)   Pre Evacuate Collection Set: 0.42ms
[1239.481s][info][gc,phases      ] GC(193)   Merge Heap Roots: 0.84ms
[1239.481s][info][gc,phases      ] GC(193)   Evacuate Collection Set: 126.96ms
[1239.481s][info][gc,phases      ] GC(193)   Post Evacuate Collection Set: 0.98ms
[1239.481s][info][gc,phases      ] GC(193)   Other: 0.10ms
[1239.481s][info][gc,heap        ] GC(193) Eden regions: 1119->0(1119)
[1239.481s][info][gc,heap        ] GC(193) Survivor regions: 109->109(154)
[1239.481s][info][gc,heap        ] GC(193) Old regions: 530->466
[1239.481s][info][gc,heap        ] GC(193) Humongous regions: 77->77
[1239.481s][info][gc,metaspace   ] GC(193) Metaspace: 28918K(29248K)->28918K(29248K) NonClass: 24034K(24128K)->24034K(24128K) Class: 4884K(5120K)->4884K(5120K)
[1239.481s][info][gc             ] GC(193) Pause Young (Mixed) (G1 Evacuation Pause) 3668M->1303M(4096M) 129.434ms
[1239.481s][info][gc,cpu         ] GC(193) User=0.77s Sys=0.00s Real=0.13s
..............[1253.155s][info][gc,start       ] GC(194) Pause Young (Concurrent Start) (G1 Evacuation Pause)
[1253.156s][info][gc,task        ] GC(194) Using 6 workers of 6 for evacuation
[1253.273s][info][gc,phases      ] GC(194)   Pre Evacuate Collection Set: 0.38ms
[1253.273s][info][gc,phases      ] GC(194)   Merge Heap Roots: 0.57ms
[1253.273s][info][gc,phases      ] GC(194)   Evacuate Collection Set: 115.38ms
[1253.273s][info][gc,phases      ] GC(194)   Post Evacuate Collection Set: 0.89ms
[1253.273s][info][gc,phases      ] GC(194)   Other: 0.10ms
[1253.273s][info][gc,heap        ] GC(194) Eden regions: 1119->0(1119)
[1253.273s][info][gc,heap        ] GC(194) Survivor regions: 109->109(154)
[1253.273s][info][gc,heap        ] GC(194) Old regions: 466->498
[1253.273s][info][gc,heap        ] GC(194) Humongous regions: 77->77
[1253.273s][info][gc,metaspace   ] GC(194) Metaspace: 28919K(29312K)->28919K(29312K) NonClass: 24035K(24192K)->24035K(24192K) Class: 4884K(5120K)->4884K(5120K)
[1253.273s][info][gc             ] GC(194) Pause Young (Concurrent Start) (G1 Evacuation Pause) 3541M->1366M(4096M) 117.450ms
[1253.273s][info][gc             ] GC(195) Concurrent Mark Cycle
[1253.273s][info][gc,marking     ] GC(195) Concurrent Scan Root Regions
[1253.273s][info][gc,cpu         ] GC(194) User=0.70s Sys=0.00s Real=0.12s
[1253.391s][info][gc,marking     ] GC(195) Concurrent Scan Root Regions 118.054ms
[1253.391s][info][gc,marking     ] GC(195) Concurrent Mark
[1253.391s][info][gc,marking     ] GC(195) Concurrent Mark From Roots
[1253.391s][info][gc,task        ] GC(195) Using 2 workers of 2 for marking
.[1253.909s][info][gc,marking     ] GC(195) Concurrent Mark From Roots 518.027ms
[1253.909s][info][gc,marking     ] GC(195) Concurrent Preclean
[1253.909s][info][gc,marking     ] GC(195) Concurrent Preclean 0.029ms
[1253.909s][info][gc,start       ] GC(195) Pause Remark
[1253.912s][info][gc             ] GC(195) Pause Remark 1493M->1493M(4096M) 2.514ms
[1253.912s][info][gc,cpu         ] GC(195) User=0.01s Sys=0.00s Real=0.00s
[1253.912s][info][gc,marking     ] GC(195) Concurrent Mark 520.800ms
[1253.912s][info][gc,marking     ] GC(195) Concurrent Rebuild Remembered Sets and Scrub Regions
[1254.111s][info][gc,marking     ] GC(195) Concurrent Rebuild Remembered Sets and Scrub Regions 199.587ms
[1254.112s][info][gc,start       ] GC(195) Pause Cleanup
[1254.112s][info][gc             ] GC(195) Pause Cleanup 1521M->1521M(4096M) 0.120ms
[1254.112s][info][gc,cpu         ] GC(195) User=0.00s Sys=0.00s Real=0.00s
[1254.112s][info][gc,marking     ] GC(195) Concurrent Clear Claimed Marks
[1254.112s][info][gc,marking     ] GC(195) Concurrent Clear Claimed Marks 0.028ms
[1254.112s][info][gc,marking     ] GC(195) Concurrent Cleanup for Next Mark
[1254.115s][info][gc,marking     ] GC(195) Concurrent Cleanup for Next Mark 3.152ms
[1254.115s][info][gc             ] GC(195) Concurrent Mark Cycle 842.054ms
.............[1266.975s][info][gc,start       ] GC(196) Pause Young (Prepare Mixed) (G1 Evacuation Pause)
[1266.975s][info][gc,task        ] GC(196) Using 6 workers of 6 for evacuation
[1267.092s][info][gc,phases      ] GC(196)   Pre Evacuate Collection Set: 0.36ms
[1267.092s][info][gc,phases      ] GC(196)   Merge Heap Roots: 0.58ms
[1267.092s][info][gc,phases      ] GC(196)   Evacuate Collection Set: 115.14ms
[1267.092s][info][gc,phases      ] GC(196)   Post Evacuate Collection Set: 0.91ms
[1267.092s][info][gc,phases      ] GC(196)   Other: 0.10ms
[1267.092s][info][gc,heap        ] GC(196) Eden regions: 1119->0(1119)
[1267.092s][info][gc,heap        ] GC(196) Survivor regions: 109->109(154)
[1267.092s][info][gc,heap        ] GC(196) Old regions: 498->530
[1267.092s][info][gc,heap        ] GC(196) Humongous regions: 77->77
[1267.092s][info][gc,metaspace   ] GC(196) Metaspace: 28919K(29312K)->28919K(29312K) NonClass: 24035K(24192K)->24035K(24192K) Class: 4884K(5120K)->4884K(5120K)
[1267.092s][info][gc             ] GC(196) Pause Young (Prepare Mixed) (G1 Evacuation Pause) 3604M->1430M(4096M) 117.232ms
[1267.092s][info][gc,cpu         ] GC(196) User=0.69s Sys=0.00s Real=0.12s
....... (rIR:aIR:PR = 1384:1383:1383) (tPR = 20736) [OK] 
  1273s: Performance info:
         Transaction,    Success,    Partial,     Failed,   Receipts, AvgBarcode, 
             Overall,      83058,          0,          0,      78899,      59.47, 
         Response times:
             Request,    Success,    Partial,     Failed,   SkipFail,     Probes,    Samples,      min,      p50,      p90,      p95,      p99,      max, 
       TotalPurchase,      78899,          0,          0,          0,      76483,      88140,      300,     1400,     2100,     2300,     3700,   150000,
     InStorePurchase,      41520,          0,          0,          0,      40339,      46179,      300,     1400,     2100,     2300,     3900,   150000,
      OnlinePurchase,      29066,          0,          0,          0,      28245,      32576,      300,     1500,     2100,     2300,     3700,   138000,
        InstPurchase,       8313,          0,          0,          0,       7899,       9385,      400,     1400,     2100,     2300,     3200,   132000,
          AssocOfCat,         83,          0,          0,          0,         77,         94,    17900,    26000,    29000,    32250,    37000,    37000,
      AssocOfProduct,        832,          0,          0,          0,        683,        892,      600,     1900,     2400,     2600,     3507,   120000,
      BusinessReport,        207,          0,          0,          0,        152,        241,    19800,    30000,    35800,    43600,   162800,   189000,
          CustBuyBeh,        833,          0,          0,          0,        693,        886,      200,     1400,     2100,     2300,     3529,    28000,
       ProductReturn,       2204,          0,          0,          0,       2037,       2518,      200,     1300,     2000,     2200,     3500,   132000,

  1273s: (11%)   IR =   1522 ......[1280.163s][info][gc,start       ] GC(197) Pause Young (Mixed) (G1 Evacuation Pause)
[1280.163s][info][gc,task        ] GC(197) Using 6 workers of 6 for evacuation
[1280.295s][info][gc,phases      ] GC(197)   Pre Evacuate Collection Set: 0.37ms
[1280.295s][info][gc,phases      ] GC(197)   Merge Heap Roots: 0.74ms
[1280.295s][info][gc,phases      ] GC(197)   Evacuate Collection Set: 130.32ms
[1280.295s][info][gc,phases      ] GC(197)   Post Evacuate Collection Set: 0.97ms
[1280.295s][info][gc,phases      ] GC(197)   Other: 0.08ms
[1280.295s][info][gc,heap        ] GC(197) Eden regions: 1119->0(1118)
[1280.295s][info][gc,heap        ] GC(197) Survivor regions: 109->110(154)
[1280.295s][info][gc,heap        ] GC(197) Old regions: 530->467
[1280.295s][info][gc,heap        ] GC(197) Humongous regions: 77->77
[1280.295s][info][gc,metaspace   ] GC(197) Metaspace: 28921K(29312K)->28921K(29312K) NonClass: 24037K(24192K)->24037K(24192K) Class: 4884K(5120K)->4884K(5120K)
[1280.295s][info][gc             ] GC(197) Pause Young (Mixed) (G1 Evacuation Pause) 3668M->1306M(4096M) 132.617ms
[1280.295s][info][gc,cpu         ] GC(197) User=0.79s Sys=0.00s Real=0.13s
...|..........[1292.684s][info][gc,start       ] GC(198) Pause Young (Concurrent Start) (G1 Evacuation Pause)
[1292.684s][info][gc,task        ] GC(198) Using 6 workers of 6 for evacuation
[1292.802s][info][gc,phases      ] GC(198)   Pre Evacuate Collection Set: 0.39ms
[1292.802s][info][gc,phases      ] GC(198)   Merge Heap Roots: 0.53ms
[1292.802s][info][gc,phases      ] GC(198)   Evacuate Collection Set: 116.06ms
[1292.802s][info][gc,phases      ] GC(198)   Post Evacuate Collection Set: 0.89ms
[1292.802s][info][gc,phases      ] GC(198)   Other: 0.11ms
[1292.802s][info][gc,heap        ] GC(198) Eden regions: 1118->0(1118)
[1292.802s][info][gc,heap        ] GC(198) Survivor regions: 110->110(154)
[1292.802s][info][gc,heap        ] GC(198) Old regions: 467->499
[1292.802s][info][gc,heap        ] GC(198) Humongous regions: 77->77
[1292.802s][info][gc,metaspace   ] GC(198) Metaspace: 28921K(29312K)->28921K(29312K) NonClass: 24037K(24192K)->24037K(24192K) Class: 4884K(5120K)->4884K(5120K)
[1292.802s][info][gc             ] GC(198) Pause Young (Concurrent Start) (G1 Evacuation Pause) 3542M->1370M(4096M) 118.105ms
[1292.802s][info][gc             ] GC(199) Concurrent Mark Cycle
[1292.802s][info][gc,marking     ] GC(199) Concurrent Scan Root Regions
[1292.802s][info][gc,cpu         ] GC(198) User=0.70s Sys=0.00s Real=0.12s
[1292.917s][info][gc,marking     ] GC(199) Concurrent Scan Root Regions 114.758ms
[1292.917s][info][gc,marking     ] GC(199) Concurrent Mark
[1292.917s][info][gc,marking     ] GC(199) Concurrent Mark From Roots
[1292.917s][info][gc,task        ] GC(199) Using 2 workers of 2 for marking
[1293.445s][info][gc,marking     ] GC(199) Concurrent Mark From Roots 528.122ms
[1293.445s][info][gc,marking     ] GC(199) Concurrent Preclean
[1293.445s][info][gc,marking     ] GC(199) Concurrent Preclean 0.043ms
[1293.445s][info][gc,start       ] GC(199) Pause Remark
[1293.448s][info][gc             ] GC(199) Pause Remark 1511M->1511M(4096M) 2.729ms
[1293.448s][info][gc,cpu         ] GC(199) User=0.01s Sys=0.00s Real=0.00s
[1293.448s][info][gc,marking     ] GC(199) Concurrent Mark 531.121ms
[1293.448s][info][gc,marking     ] GC(199) Concurrent Rebuild Remembered Sets and Scrub Regions
.[1293.787s][info][gc,marking     ] GC(199) Concurrent Rebuild Remembered Sets and Scrub Regions 338.753ms
[1293.787s][info][gc,start       ] GC(199) Pause Cleanup
[1293.787s][info][gc             ] GC(199) Pause Cleanup 1574M->1574M(4096M) 0.118ms
[1293.787s][info][gc,cpu         ] GC(199) User=0.00s Sys=0.00s Real=0.00s
[1293.787s][info][gc,marking     ] GC(199) Concurrent Clear Claimed Marks
[1293.787s][info][gc,marking     ] GC(199) Concurrent Clear Claimed Marks 0.034ms
[1293.787s][info][gc,marking     ] GC(199) Concurrent Cleanup for Next Mark
[1293.791s][info][gc,marking     ] GC(199) Concurrent Cleanup for Next Mark 3.912ms
[1293.791s][info][gc             ] GC(199) Concurrent Mark Cycle 989.061ms
...........[1305.138s][info][gc,start       ] GC(200) Pause Young (Prepare Mixed) (G1 Evacuation Pause)
[1305.138s][info][gc,task        ] GC(200) Using 6 workers of 6 for evacuation
[1305.257s][info][gc,phases      ] GC(200)   Pre Evacuate Collection Set: 0.32ms
[1305.257s][info][gc,phases      ] GC(200)   Merge Heap Roots: 0.60ms
[1305.257s][info][gc,phases      ] GC(200)   Evacuate Collection Set: 117.00ms
[1305.257s][info][gc,phases      ] GC(200)   Post Evacuate Collection Set: 0.92ms
[1305.257s][info][gc,phases      ] GC(200)   Other: 0.08ms
[1305.257s][info][gc,heap        ] GC(200) Eden regions: 1118->0(1116)
[1305.257s][info][gc,heap        ] GC(200) Survivor regions: 110->110(154)
[1305.257s][info][gc,heap        ] GC(200) Old regions: 499->532
[1305.257s][info][gc,heap        ] GC(200) Humongous regions: 77->77
[1305.257s][info][gc,metaspace   ] GC(200) Metaspace: 28923K(29312K)->28923K(29312K) NonClass: 24038K(24192K)->24038K(24192K) Class: 4884K(5120K)->4884K(5120K)
[1305.257s][info][gc             ] GC(200) Pause Young (Prepare Mixed) (G1 Evacuation Pause) 3606M->1436M(4096M) 119.051ms
[1305.257s][info][gc,cpu         ] GC(200) User=0.71s Sys=0.00s Real=0.12s
.............[1317.725s][info][gc,start       ] GC(201) Pause Young (Mixed) (G1 Evacuation Pause)
[1317.726s][info][gc,task        ] GC(201) Using 6 workers of 6 for evacuation
[1317.861s][info][gc,phases      ] GC(201)   Pre Evacuate Collection Set: 0.42ms
[1317.861s][info][gc,phases      ] GC(201)   Merge Heap Roots: 0.81ms
[1317.861s][info][gc,phases      ] GC(201)   Evacuate Collection Set: 133.33ms
[1317.861s][info][gc,phases      ] GC(201)   Post Evacuate Collection Set: 0.96ms
[1317.861s][info][gc,phases      ] GC(201)   Other: 0.09ms
[1317.861s][info][gc,heap        ] GC(201) Eden regions: 1116->0(1117)
[1317.861s][info][gc,heap        ] GC(201) Survivor regions: 110->111(154)
[1317.861s][info][gc,heap        ] GC(201) Old regions: 532->468
[1317.861s][info][gc,heap        ] GC(201) Humongous regions: 77->77
[1317.861s][info][gc,metaspace   ] GC(201) Metaspace: 28923K(29312K)->28923K(29312K) NonClass: 24038K(24192K)->24038K(24192K) Class: 4884K(5120K)->4884K(5120K)
[1317.861s][info][gc             ] GC(201) Pause Young (Mixed) (G1 Evacuation Pause) 3668M->1310M(4096M) 135.732ms
[1317.861s][info][gc,cpu         ] GC(201) User=0.81s Sys=0.00s Real=0.14s
............[1330.289s][info][gc,start       ] GC(202) Pause Young (Concurrent Start) (G1 Evacuation Pause)
[1330.289s][info][gc,task        ] GC(202) Using 6 workers of 6 for evacuation
[1330.405s][info][gc,phases      ] GC(202)   Pre Evacuate Collection Set: 0.42ms
[1330.405s][info][gc,phases      ] GC(202)   Merge Heap Roots: 0.59ms
[1330.405s][info][gc,phases      ] GC(202)   Evacuate Collection Set: 114.21ms
[1330.405s][info][gc,phases      ] GC(202)   Post Evacuate Collection Set: 0.90ms
[1330.406s][info][gc,phases      ] GC(202)   Other: 0.13ms
[1330.406s][info][gc,heap        ] GC(202) Eden regions: 1117->0(1119)
[1330.406s][info][gc,heap        ] GC(202) Survivor regions: 111->109(154)
[1330.406s][info][gc,heap        ] GC(202) Old regions: 468->499
[1330.406s][info][gc,heap        ] GC(202) Humongous regions: 77->77
[1330.406s][info][gc,metaspace   ] GC(202) Metaspace: 28923K(29312K)->28923K(29312K) NonClass: 24038K(24192K)->24038K(24192K) Class: 4884K(5120K)->4884K(5120K)
[1330.406s][info][gc             ] GC(202) Pause Young (Concurrent Start) (G1 Evacuation Pause) 3544M->1368M(4096M) 116.379ms
[1330.406s][info][gc             ] GC(203) Concurrent Mark Cycle
[1330.406s][info][gc,marking     ] GC(203) Concurrent Scan Root Regions
[1330.406s][info][gc,cpu         ] GC(202) User=0.70s Sys=0.00s Real=0.12s
.[1330.572s][info][gc,marking     ] GC(203) Concurrent Scan Root Regions 166.462ms
[1330.572s][info][gc,marking     ] GC(203) Concurrent Mark
[1330.572s][info][gc,marking     ] GC(203) Concurrent Mark From Roots
[1330.572s][info][gc,task        ] GC(203) Using 2 workers of 2 for marking
[1331.456s][info][gc,marking     ] GC(203) Concurrent Mark From Roots 883.553ms
[1331.456s][info][gc,marking     ] GC(203) Concurrent Preclean
[1331.456s][info][gc,marking     ] GC(203) Concurrent Preclean 0.033ms
[1331.456s][info][gc,start       ] GC(203) Pause Remark
[1331.459s][info][gc             ] GC(203) Pause Remark 1607M->1607M(4096M) 2.929ms
[1331.459s][info][gc,cpu         ] GC(203) User=0.02s Sys=0.00s Real=0.00s
[1331.459s][info][gc,marking     ] GC(203) Concurrent Mark 886.781ms
[1331.459s][info][gc,marking     ] GC(203) Concurrent Rebuild Remembered Sets and Scrub Regions
.[1331.715s][info][gc,marking     ] GC(203) Concurrent Rebuild Remembered Sets and Scrub Regions 256.036ms
[1331.715s][info][gc,start       ] GC(203) Pause Cleanup
[1331.715s][info][gc             ] GC(203) Pause Cleanup 1650M->1650M(4096M) 0.132ms
[1331.715s][info][gc,cpu         ] GC(203) User=0.00s Sys=0.00s Real=0.00s
[1331.715s][info][gc,marking     ] GC(203) Concurrent Clear Claimed Marks
[1331.715s][info][gc,marking     ] GC(203) Concurrent Clear Claimed Marks 0.032ms
[1331.715s][info][gc,marking     ] GC(203) Concurrent Cleanup for Next Mark
[1331.719s][info][gc,marking     ] GC(203) Concurrent Cleanup for Next Mark 3.314ms
[1331.719s][info][gc             ] GC(203) Concurrent Mark Cycle 1313.056ms
........... (rIR:aIR:PR = 1522:1523:1523) (tPR = 22865) [OK] 
  1342s: Performance info:
         Transaction,    Success,    Partial,     Failed,   Receipts, AvgBarcode, 
             Overall,      91443,          0,          0,      86875,      59.48, 
         Response times:
             Request,    Success,    Partial,     Failed,   SkipFail,     Probes,    Samples,      min,      p50,      p90,      p95,      p99,      max, 
       TotalPurchase,      86872,          0,          0,          0,      84425,      98045,      300,     1500,     2300,     2500,     4200,   140000,
     InStorePurchase,      45714,          0,          0,          0,      44690,      51792,      300,     1500,     2200,     2500,     4100,   140000,
      OnlinePurchase,      32029,          0,          0,          0,      31061,      35989,      300,     1600,     2300,     2600,     4500,   140000,
        InstPurchase,       9129,          0,          0,          0,       8674,      10264,      400,     1600,     2300,     2500,     4035,   136000,
          AssocOfCat,         92,          0,          0,          0,         92,        104,    19200,    27000,    32000,    34750,   166500,   173000,
      AssocOfProduct,        915,          0,          0,          0,        789,       1041,      600,     1700,     2300,     2600,     5348,    10400,
      BusinessReport,        229,          0,          0,          0,        170,        253,    18700,    31000,    37000,    44000,   129940,   182000,
          CustBuyBeh,        918,          0,          0,          0,        810,       1041,      200,     1100,     1800,     2100,     6316,   139000,
       ProductReturn,       2417,          0,          0,          0,       2230,       2731,      200,     1500,     2200,     2500,     5104,   122000,

  1342s: (12%)   IR =   1660 [1342.793s][info][gc,start       ] GC(204) Pause Young (Prepare Mixed) (G1 Evacuation Pause)
[1342.793s][info][gc,task        ] GC(204) Using 6 workers of 6 for evacuation
[1342.912s][info][gc,phases      ] GC(204)   Pre Evacuate Collection Set: 0.33ms
[1342.912s][info][gc,phases      ] GC(204)   Merge Heap Roots: 0.59ms
[1342.912s][info][gc,phases      ] GC(204)   Evacuate Collection Set: 116.82ms
[1342.912s][info][gc,phases      ] GC(204)   Post Evacuate Collection Set: 0.99ms
[1342.912s][info][gc,phases      ] GC(204)   Other: 0.09ms
[1342.912s][info][gc,heap        ] GC(204) Eden regions: 1119->0(1118)
[1342.912s][info][gc,heap        ] GC(204) Survivor regions: 109->109(154)
[1342.912s][info][gc,heap        ] GC(204) Old regions: 499->532
[1342.912s][info][gc,heap        ] GC(204) Humongous regions: 77->77
[1342.912s][info][gc,metaspace   ] GC(204) Metaspace: 28923K(29312K)->28923K(29312K) NonClass: 24038K(24192K)->24038K(24192K) Class: 4884K(5120K)->4884K(5120K)
[1342.912s][info][gc             ] GC(204) Pause Young (Prepare Mixed) (G1 Evacuation Pause) 3606M->1433M(4096M) 118.948ms
[1342.912s][info][gc,cpu         ] GC(204) User=0.70s Sys=0.00s Real=0.12s
.....|......[1354.343s][info][gc,start       ] GC(205) Pause Young (Mixed) (G1 Evacuation Pause)
[1354.343s][info][gc,task        ] GC(205) Using 6 workers of 6 for evacuation
[1354.479s][info][gc,phases      ] GC(205)   Pre Evacuate Collection Set: 0.39ms
[1354.479s][info][gc,phases      ] GC(205)   Merge Heap Roots: 0.88ms
[1354.479s][info][gc,phases      ] GC(205)   Evacuate Collection Set: 134.01ms
[1354.479s][info][gc,phases      ] GC(205)   Post Evacuate Collection Set: 0.95ms
[1354.479s][info][gc,phases      ] GC(205)   Other: 0.09ms
[1354.479s][info][gc,heap        ] GC(205) Eden regions: 1118->0(1118)
[1354.479s][info][gc,heap        ] GC(205) Survivor regions: 109->110(154)
[1354.479s][info][gc,heap        ] GC(205) Old regions: 532->468
[1354.479s][info][gc,heap        ] GC(205) Humongous regions: 77->77
[1354.479s][info][gc,metaspace   ] GC(205) Metaspace: 28923K(29312K)->28923K(29312K) NonClass: 24038K(24192K)->24038K(24192K) Class: 4884K(5120K)->4884K(5120K)
[1354.479s][info][gc             ] GC(205) Pause Young (Mixed) (G1 Evacuation Pause) 3669M->1308M(4096M) 136.464ms
[1354.479s][info][gc,cpu         ] GC(205) User=0.82s Sys=0.01s Real=0.14s
............[1365.775s][info][gc,start       ] GC(206) Pause Young (Concurrent Start) (G1 Evacuation Pause)
[1365.775s][info][gc,task        ] GC(206) Using 6 workers of 6 for evacuation
[1365.895s][info][gc,phases      ] GC(206)   Pre Evacuate Collection Set: 0.40ms
[1365.895s][info][gc,phases      ] GC(206)   Merge Heap Roots: 0.61ms
[1365.895s][info][gc,phases      ] GC(206)   Evacuate Collection Set: 118.12ms
[1365.895s][info][gc,phases      ] GC(206)   Post Evacuate Collection Set: 0.90ms
[1365.895s][info][gc,phases      ] GC(206)   Other: 0.12ms
[1365.895s][info][gc,heap        ] GC(206) Eden regions: 1118->0(1117)
[1365.895s][info][gc,heap        ] GC(206) Survivor regions: 110->111(154)
[1365.895s][info][gc,heap        ] GC(206) Old regions: 468->500
[1365.895s][info][gc,heap        ] GC(206) Humongous regions: 77->77
[1365.895s][info][gc,metaspace   ] GC(206) Metaspace: 28923K(29312K)->28923K(29312K) NonClass: 24038K(24192K)->24038K(24192K) Class: 4884K(5120K)->4884K(5120K)
[1365.895s][info][gc             ] GC(206) Pause Young (Concurrent Start) (G1 Evacuation Pause) 3544M->1374M(4096M) 120.284ms
[1365.895s][info][gc             ] GC(207) Concurrent Mark Cycle
[1365.895s][info][gc,marking     ] GC(207) Concurrent Scan Root Regions
[1365.895s][info][gc,cpu         ] GC(206) User=0.71s Sys=0.01s Real=0.12s
[1366.021s][info][gc,marking     ] GC(207) Concurrent Scan Root Regions 125.186ms
[1366.021s][info][gc,marking     ] GC(207) Concurrent Mark
[1366.021s][info][gc,marking     ] GC(207) Concurrent Mark From Roots
[1366.021s][info][gc,task        ] GC(207) Using 2 workers of 2 for marking
.[1366.909s][info][gc,marking     ] GC(207) Concurrent Mark From Roots 888.778ms
[1366.909s][info][gc,marking     ] GC(207) Concurrent Preclean
[1366.909s][info][gc,marking     ] GC(207) Concurrent Preclean 0.045ms
[1366.910s][info][gc,start       ] GC(207) Pause Remark
[1366.913s][info][gc             ] GC(207) Pause Remark 1611M->1611M(4096M) 3.185ms
[1366.913s][info][gc,cpu         ] GC(207) User=0.02s Sys=0.00s Real=0.00s
[1366.913s][info][gc,marking     ] GC(207) Concurrent Mark 892.264ms
[1366.913s][info][gc,marking     ] GC(207) Concurrent Rebuild Remembered Sets and Scrub Regions
[1367.246s][info][gc,marking     ] GC(207) Concurrent Rebuild Remembered Sets and Scrub Regions 333.395ms
[1367.246s][info][gc,start       ] GC(207) Pause Cleanup
[1367.246s][info][gc             ] GC(207) Pause Cleanup 1664M->1664M(4096M) 0.135ms
[1367.247s][info][gc,cpu         ] GC(207) User=0.00s Sys=0.00s Real=0.00s
[1367.247s][info][gc,marking     ] GC(207) Concurrent Clear Claimed Marks
[1367.247s][info][gc,marking     ] GC(207) Concurrent Clear Claimed Marks 0.031ms
[1367.247s][info][gc,marking     ] GC(207) Concurrent Cleanup for Next Mark
[1367.250s][info][gc,marking     ] GC(207) Concurrent Cleanup for Next Mark 3.279ms
[1367.250s][info][gc             ] GC(207) Concurrent Mark Cycle 1354.630ms
..........[1377.159s][info][gc,start       ] GC(208) Pause Young (Prepare Mixed) (G1 Evacuation Pause)
[1377.160s][info][gc,task        ] GC(208) Using 6 workers of 6 for evacuation
[1377.275s][info][gc,phases      ] GC(208)   Pre Evacuate Collection Set: 0.33ms
[1377.275s][info][gc,phases      ] GC(208)   Merge Heap Roots: 0.57ms
[1377.275s][info][gc,phases      ] GC(208)   Evacuate Collection Set: 113.65ms
[1377.275s][info][gc,phases      ] GC(208)   Post Evacuate Collection Set: 0.95ms
[1377.275s][info][gc,phases      ] GC(208)   Other: 0.09ms
[1377.275s][info][gc,heap        ] GC(208) Eden regions: 1117->0(1120)
[1377.275s][info][gc,heap        ] GC(208) Survivor regions: 111->108(154)
[1377.275s][info][gc,heap        ] GC(208) Old regions: 500->532
[1377.275s][info][gc,heap        ] GC(208) Humongous regions: 77->77
[1377.275s][info][gc,metaspace   ] GC(208) Metaspace: 28923K(29312K)->28923K(29312K) NonClass: 24038K(24192K)->24038K(24192K) Class: 4884K(5120K)->4884K(5120K)
[1377.275s][info][gc             ] GC(208) Pause Young (Prepare Mixed) (G1 Evacuation Pause) 3608M->1433M(4096M) 115.722ms
[1377.275s][info][gc,cpu         ] GC(208) User=0.69s Sys=0.00s Real=0.11s
............[1388.822s][info][gc,start       ] GC(209) Pause Young (Mixed) (G1 Evacuation Pause)
[1388.822s][info][gc,task        ] GC(209) Using 6 workers of 6 for evacuation
[1388.956s][info][gc,phases      ] GC(209)   Pre Evacuate Collection Set: 0.38ms
[1388.956s][info][gc,phases      ] GC(209)   Merge Heap Roots: 0.74ms
[1388.956s][info][gc,phases      ] GC(209)   Evacuate Collection Set: 131.65ms
[1388.956s][info][gc,phases      ] GC(209)   Post Evacuate Collection Set: 1.00ms
[1388.956s][info][gc,phases      ] GC(209)   Other: 0.09ms
[1388.956s][info][gc,heap        ] GC(209) Eden regions: 1120->0(1117)
[1388.956s][info][gc,heap        ] GC(209) Survivor regions: 108->111(154)
[1388.956s][info][gc,heap        ] GC(209) Old regions: 532->469
[1388.956s][info][gc,heap        ] GC(209) Humongous regions: 77->77
[1388.956s][info][gc,metaspace   ] GC(209) Metaspace: 28923K(29312K)->28923K(29312K) NonClass: 24038K(24192K)->24038K(24192K) Class: 4884K(5120K)->4884K(5120K)
[1388.956s][info][gc             ] GC(209) Pause Young (Mixed) (G1 Evacuation Pause) 3673M->1312M(4096M) 133.982ms
[1388.956s][info][gc,cpu         ] GC(209) User=0.79s Sys=0.00s Real=0.13s
...........[1400.099s][info][gc,start       ] GC(210) Pause Young (Concurrent Start) (G1 Evacuation Pause)
[1400.099s][info][gc,task        ] GC(210) Using 6 workers of 6 for evacuation
[1400.218s][info][gc,phases      ] GC(210)   Pre Evacuate Collection Set: 0.40ms
[1400.218s][info][gc,phases      ] GC(210)   Merge Heap Roots: 0.53ms
[1400.218s][info][gc,phases      ] GC(210)   Evacuate Collection Set: 116.81ms
[1400.218s][info][gc,phases      ] GC(210)   Post Evacuate Collection Set: 0.90ms
[1400.218s][info][gc,phases      ] GC(210)   Other: 0.12ms
[1400.218s][info][gc,heap        ] GC(210) Eden regions: 1117->0(1120)
[1400.218s][info][gc,heap        ] GC(210) Survivor regions: 111->108(154)
[1400.218s][info][gc,heap        ] GC(210) Old regions: 469->500
[1400.218s][info][gc,heap        ] GC(210) Humongous regions: 77->77
[1400.218s][info][gc,metaspace   ] GC(210) Metaspace: 28927K(29312K)->28927K(29312K) NonClass: 24043K(24192K)->24043K(24192K) Class: 4884K(5120K)->4884K(5120K)
[1400.218s][info][gc             ] GC(210) Pause Young (Concurrent Start) (G1 Evacuation Pause) 3546M->1368M(4096M) 118.893ms
[1400.218s][info][gc             ] GC(211) Concurrent Mark Cycle
[1400.218s][info][gc,marking     ] GC(211) Concurrent Scan Root Regions
[1400.218s][info][gc,cpu         ] GC(210) User=0.70s Sys=0.00s Real=0.12s
[1400.343s][info][gc,marking     ] GC(211) Concurrent Scan Root Regions 125.411ms
[1400.343s][info][gc,marking     ] GC(211) Concurrent Mark
[1400.343s][info][gc,marking     ] GC(211) Concurrent Mark From Roots
[1400.344s][info][gc,task        ] GC(211) Using 2 workers of 2 for marking
.[1400.900s][info][gc,marking     ] GC(211) Concurrent Mark From Roots 556.657ms
[1400.900s][info][gc,marking     ] GC(211) Concurrent Preclean
[1400.900s][info][gc,marking     ] GC(211) Concurrent Preclean 0.043ms
[1400.900s][info][gc,start       ] GC(211) Pause Remark
[1400.903s][info][gc             ] GC(211) Pause Remark 1532M->1532M(4096M) 2.796ms
[1400.903s][info][gc,cpu         ] GC(211) User=0.01s Sys=0.00s Real=0.00s
[1400.903s][info][gc,marking     ] GC(211) Concurrent Mark 559.767ms
[1400.903s][info][gc,marking     ] GC(211) Concurrent Rebuild Remembered Sets and Scrub Regions
[1401.117s][info][gc,marking     ] GC(211) Concurrent Rebuild Remembered Sets and Scrub Regions 214.050ms
[1401.117s][info][gc,start       ] GC(211) Pause Cleanup
[1401.118s][info][gc             ] GC(211) Pause Cleanup 1571M->1571M(4096M) 0.125ms
[1401.118s][info][gc,cpu         ] GC(211) User=0.00s Sys=0.00s Real=0.00s
[1401.118s][info][gc,marking     ] GC(211) Concurrent Clear Claimed Marks
[1401.118s][info][gc,marking     ] GC(211) Concurrent Clear Claimed Marks 0.033ms
[1401.118s][info][gc,marking     ] GC(211) Concurrent Cleanup for Next Mark
[1401.121s][info][gc,marking     ] GC(211) Concurrent Cleanup for Next Mark 3.165ms
[1401.121s][info][gc             ] GC(211) Concurrent Mark Cycle 902.925ms
....... (rIR:aIR:PR = 1660:1659:1659) (tPR = 25099) [OK] 
  1407s: Performance info:
         Transaction,    Success,    Partial,     Failed,   Receipts, AvgBarcode, 
             Overall,      99615,          0,          0,      94649,      59.48, 
         Response times:
             Request,    Success,    Partial,     Failed,   SkipFail,     Probes,    Samples,      min,      p50,      p90,      p95,      p99,      max, 
       TotalPurchase,      94649,          0,          0,          0,      92054,     100913,      300,     1600,     2400,     2700,     4600,   138000,
     InStorePurchase,      49803,          0,          0,          0,      48599,      53104,      300,     1500,     2400,     2700,     4500,   138000,
      OnlinePurchase,      34864,          0,          0,          0,      33941,      37139,      300,     1700,     2500,     2800,     4700,   138000,
        InstPurchase,       9982,          0,          0,          0,       9514,      10670,      400,     1700,     2500,     2800,     4900,   138000,
          AssocOfCat,         99,          0,          0,          0,         95,        107,    21000,    27000,    31000,    34000,   165040,   166000,
      AssocOfProduct,        991,          0,          0,          0,        879,       1108,      500,     2100,     2700,     3000,     4364,    24000,
      BusinessReport,        243,          0,          0,          0,        182,        274,    19600,    30000,    37000,    44250,    51250,   166000,
          CustBuyBeh,        992,          0,          0,          0,        877,       1062,      200,     1400,     2400,     2700,     4274,    23000,
       ProductReturn,       2641,          0,          0,          0,       2381,       2748,      200,     1000,     2100,     2400,     3951,    24000,

  1407s: (13%)   IR =   1799 ...[1411.384s][info][gc,start       ] GC(212) Pause Young (Prepare Mixed) (G1 Evacuation Pause)
[1411.384s][info][gc,task        ] GC(212) Using 6 workers of 6 for evacuation
[1411.501s][info][gc,phases      ] GC(212)   Pre Evacuate Collection Set: 0.36ms
[1411.501s][info][gc,phases      ] GC(212)   Merge Heap Roots: 0.58ms
[1411.501s][info][gc,phases      ] GC(212)   Evacuate Collection Set: 115.80ms
[1411.502s][info][gc,phases      ] GC(212)   Post Evacuate Collection Set: 0.93ms
[1411.502s][info][gc,phases      ] GC(212)   Other: 0.09ms
[1411.502s][info][gc,heap        ] GC(212) Eden regions: 1120->0(1120)
[1411.502s][info][gc,heap        ] GC(212) Survivor regions: 108->108(154)
[1411.502s][info][gc,heap        ] GC(212) Old regions: 500->532
[1411.502s][info][gc,heap        ] GC(212) Humongous regions: 77->77
[1411.502s][info][gc,metaspace   ] GC(212) Metaspace: 28929K(29312K)->28929K(29312K) NonClass: 24045K(24192K)->24045K(24192K) Class: 4884K(5120K)->4884K(5120K)
[1411.502s][info][gc             ] GC(212) Pause Young (Prepare Mixed) (G1 Evacuation Pause) 3608M->1432M(4096M) 117.906ms
[1411.502s][info][gc,cpu         ] GC(212) User=0.70s Sys=0.00s Real=0.12s
.|..........[1421.982s][info][gc,start       ] GC(213) Pause Young (Mixed) (G1 Evacuation Pause)
[1421.982s][info][gc,task        ] GC(213) Using 6 workers of 6 for evacuation
[1422.116s][info][gc,phases      ] GC(213)   Pre Evacuate Collection Set: 0.39ms
[1422.116s][info][gc,phases      ] GC(213)   Merge Heap Roots: 0.78ms
[1422.116s][info][gc,phases      ] GC(213)   Evacuate Collection Set: 131.61ms
[1422.116s][info][gc,phases      ] GC(213)   Post Evacuate Collection Set: 0.96ms
[1422.116s][info][gc,phases      ] GC(213)   Other: 0.11ms
[1422.116s][info][gc,heap        ] GC(213) Eden regions: 1120->0(1119)
[1422.116s][info][gc,heap        ] GC(213) Survivor regions: 108->109(154)
[1422.116s][info][gc,heap        ] GC(213) Old regions: 532->468
[1422.116s][info][gc,heap        ] GC(213) Humongous regions: 77->77
[1422.116s][info][gc,metaspace   ] GC(213) Metaspace: 28930K(29312K)->28930K(29312K) NonClass: 24046K(24192K)->24046K(24192K) Class: 4884K(5120K)->4884K(5120K)
[1422.116s][info][gc             ] GC(213) Pause Young (Mixed) (G1 Evacuation Pause) 3672M->1306M(4096M) 133.975ms
[1422.116s][info][gc,cpu         ] GC(213) User=0.80s Sys=0.00s Real=0.13s
...........[1432.698s][info][gc,start       ] GC(214) Pause Young (Concurrent Start) (G1 Evacuation Pause)
[1432.698s][info][gc,task        ] GC(214) Using 6 workers of 6 for evacuation
[1432.817s][info][gc,phases      ] GC(214)   Pre Evacuate Collection Set: 0.40ms
[1432.817s][info][gc,phases      ] GC(214)   Merge Heap Roots: 0.59ms
[1432.817s][info][gc,phases      ] GC(214)   Evacuate Collection Set: 117.33ms
[1432.817s][info][gc,phases      ] GC(214)   Post Evacuate Collection Set: 0.90ms
[1432.817s][info][gc,phases      ] GC(214)   Other: 0.13ms
[1432.817s][info][gc,heap        ] GC(214) Eden regions: 1119->0(1119)
[1432.817s][info][gc,heap        ] GC(214) Survivor regions: 109->109(154)
[1432.817s][info][gc,heap        ] GC(214) Old regions: 468->500
[1432.817s][info][gc,heap        ] GC(214) Humongous regions: 77->77
[1432.817s][info][gc,metaspace   ] GC(214) Metaspace: 28930K(29312K)->28930K(29312K) NonClass: 24046K(24192K)->24046K(24192K) Class: 4884K(5120K)->4884K(5120K)
[1432.817s][info][gc             ] GC(214) Pause Young (Concurrent Start) (G1 Evacuation Pause) 3544M->1370M(4096M) 119.465ms
[1432.817s][info][gc             ] GC(215) Concurrent Mark Cycle
[1432.817s][info][gc,marking     ] GC(215) Concurrent Scan Root Regions
[1432.818s][info][gc,cpu         ] GC(214) User=0.71s Sys=0.00s Real=0.12s
[1432.940s][info][gc,marking     ] GC(215) Concurrent Scan Root Regions 122.871ms
[1432.940s][info][gc,marking     ] GC(215) Concurrent Mark
[1432.940s][info][gc,marking     ] GC(215) Concurrent Mark From Roots
[1432.940s][info][gc,task        ] GC(215) Using 2 workers of 2 for marking
[1433.512s][info][gc,marking     ] GC(215) Concurrent Mark From Roots 571.908ms
[1433.512s][info][gc,marking     ] GC(215) Concurrent Preclean
[1433.512s][info][gc,marking     ] GC(215) Concurrent Preclean 0.048ms
[1433.513s][info][gc,start       ] GC(215) Pause Remark
[1433.515s][info][gc             ] GC(215) Pause Remark 1581M->1581M(4096M) 2.938ms
[1433.515s][info][gc,cpu         ] GC(215) User=0.01s Sys=0.01s Real=0.00s
[1433.516s][info][gc,marking     ] GC(215) Concurrent Mark 575.099ms
[1433.516s][info][gc,marking     ] GC(215) Concurrent Rebuild Remembered Sets and Scrub Regions
.[1433.721s][info][gc,marking     ] GC(215) Concurrent Rebuild Remembered Sets and Scrub Regions 205.216ms
[1433.721s][info][gc,start       ] GC(215) Pause Cleanup
[1433.721s][info][gc             ] GC(215) Pause Cleanup 1611M->1611M(4096M) 0.130ms
[1433.721s][info][gc,cpu         ] GC(215) User=0.00s Sys=0.00s Real=0.00s
[1433.721s][info][gc,marking     ] GC(215) Concurrent Clear Claimed Marks
[1433.721s][info][gc,marking     ] GC(215) Concurrent Clear Claimed Marks 0.035ms
[1433.721s][info][gc,marking     ] GC(215) Concurrent Cleanup for Next Mark
[1433.725s][info][gc,marking     ] GC(215) Concurrent Cleanup for Next Mark 4.329ms
[1433.725s][info][gc             ] GC(215) Concurrent Mark Cycle 908.012ms
.........[1443.299s][info][gc,start       ] GC(216) Pause Young (Prepare Mixed) (G1 Evacuation Pause)
[1443.299s][info][gc,task        ] GC(216) Using 6 workers of 6 for evacuation
[1443.415s][info][gc,phases      ] GC(216)   Pre Evacuate Collection Set: 0.36ms
[1443.415s][info][gc,phases      ] GC(216)   Merge Heap Roots: 0.62ms
[1443.415s][info][gc,phases      ] GC(216)   Evacuate Collection Set: 114.36ms
[1443.415s][info][gc,phases      ] GC(216)   Post Evacuate Collection Set: 0.96ms
[1443.415s][info][gc,phases      ] GC(216)   Other: 0.09ms
[1443.415s][info][gc,heap        ] GC(216) Eden regions: 1119->0(1118)
[1443.415s][info][gc,heap        ] GC(216) Survivor regions: 109->109(154)
[1443.415s][info][gc,heap        ] GC(216) Old regions: 500->532
[1443.415s][info][gc,heap        ] GC(216) Humongous regions: 77->77
[1443.415s][info][gc,metaspace   ] GC(216) Metaspace: 28930K(29312K)->28930K(29312K) NonClass: 24046K(24192K)->24046K(24192K) Class: 4884K(5120K)->4884K(5120K)
[1443.415s][info][gc             ] GC(216) Pause Young (Prepare Mixed) (G1 Evacuation Pause) 3608M->1434M(4096M) 116.527ms
[1443.415s][info][gc,cpu         ] GC(216) User=0.69s Sys=0.00s Real=0.12s
...........[1453.765s][info][gc,start       ] GC(217) Pause Young (Mixed) (G1 Evacuation Pause)
[1453.765s][info][gc,task        ] GC(217) Using 6 workers of 6 for evacuation
[1453.896s][info][gc,phases      ] GC(217)   Pre Evacuate Collection Set: 0.39ms
[1453.896s][info][gc,phases      ] GC(217)   Merge Heap Roots: 0.70ms
[1453.896s][info][gc,phases      ] GC(217)   Evacuate Collection Set: 129.05ms
[1453.896s][info][gc,phases      ] GC(217)   Post Evacuate Collection Set: 0.95ms
[1453.896s][info][gc,phases      ] GC(217)   Other: 0.09ms
[1453.896s][info][gc,heap        ] GC(217) Eden regions: 1118->0(1118)
[1453.896s][info][gc,heap        ] GC(217) Survivor regions: 109->110(154)
[1453.896s][info][gc,heap        ] GC(217) Old regions: 532->467
[1453.896s][info][gc,heap        ] GC(217) Humongous regions: 77->77
[1453.896s][info][gc,metaspace   ] GC(217) Metaspace: 28930K(29312K)->28930K(29312K) NonClass: 24046K(24192K)->24046K(24192K) Class: 4884K(5120K)->4884K(5120K)
[1453.896s][info][gc             ] GC(217) Pause Young (Mixed) (G1 Evacuation Pause) 3670M->1305M(4096M) 131.299ms
[1453.896s][info][gc,cpu         ] GC(217) User=0.79s Sys=0.00s Real=0.13s
..........[1464.397s][info][gc,start       ] GC(218) Pause Young (Concurrent Start) (G1 Evacuation Pause)
[1464.397s][info][gc,task        ] GC(218) Using 6 workers of 6 for evacuation
[1464.516s][info][gc,phases      ] GC(218)   Pre Evacuate Collection Set: 0.43ms
[1464.516s][info][gc,phases      ] GC(218)   Merge Heap Roots: 0.58ms
[1464.516s][info][gc,phases      ] GC(218)   Evacuate Collection Set: 116.63ms
[1464.516s][info][gc,phases      ] GC(218)   Post Evacuate Collection Set: 0.89ms
[1464.516s][info][gc,phases      ] GC(218)   Other: 0.12ms
[1464.516s][info][gc,heap        ] GC(218) Eden regions: 1118->0(1120)
[1464.516s][info][gc,heap        ] GC(218) Survivor regions: 110->108(154)
[1464.516s][info][gc,heap        ] GC(218) Old regions: 467->498
[1464.516s][info][gc,heap        ] GC(218) Humongous regions: 77->77
[1464.516s][info][gc,metaspace   ] GC(218) Metaspace: 28930K(29312K)->28930K(29312K) NonClass: 24046K(24192K)->24046K(24192K) Class: 4884K(5120K)->4884K(5120K)
[1464.516s][info][gc             ] GC(218) Pause Young (Concurrent Start) (G1 Evacuation Pause) 3541M->1365M(4096M) 118.786ms
[1464.516s][info][gc             ] GC(219) Concurrent Mark Cycle
[1464.516s][info][gc,marking     ] GC(219) Concurrent Scan Root Regions
[1464.516s][info][gc,cpu         ] GC(218) User=0.70s Sys=0.00s Real=0.12s
[1464.646s][info][gc,marking     ] GC(219) Concurrent Scan Root Regions 129.806ms
[1464.646s][info][gc,marking     ] GC(219) Concurrent Mark
[1464.646s][info][gc,marking     ] GC(219) Concurrent Mark From Roots
[1464.646s][info][gc,task        ] GC(219) Using 2 workers of 2 for marking
.[1465.190s][info][gc,marking     ] GC(219) Concurrent Mark From Roots 543.841ms
[1465.190s][info][gc,marking     ] GC(219) Concurrent Preclean
[1465.190s][info][gc,marking     ] GC(219) Concurrent Preclean 0.035ms
[1465.190s][info][gc,start       ] GC(219) Pause Remark
[1465.193s][info][gc             ] GC(219) Pause Remark 1540M->1540M(4096M) 2.923ms
[1465.193s][info][gc,cpu         ] GC(219) User=0.02s Sys=0.00s Real=0.00s
[1465.193s][info][gc,marking     ] GC(219) Concurrent Mark 547.037ms
[1465.193s][info][gc,marking     ] GC(219) Concurrent Rebuild Remembered Sets and Scrub Regions
[1465.397s][info][gc,marking     ] GC(219) Concurrent Rebuild Remembered Sets and Scrub Regions 204.582ms
[1465.398s][info][gc,start       ] GC(219) Pause Cleanup
[1465.398s][info][gc             ] GC(219) Pause Cleanup 1590M->1590M(4096M) 0.131ms
[1465.398s][info][gc,cpu         ] GC(219) User=0.00s Sys=0.00s Real=0.00s
[1465.398s][info][gc,marking     ] GC(219) Concurrent Clear Claimed Marks
[1465.398s][info][gc,marking     ] GC(219) Concurrent Clear Claimed Marks 0.032ms
[1465.398s][info][gc,marking     ] GC(219) Concurrent Cleanup for Next Mark
[1465.401s][info][gc,marking     ] GC(219) Concurrent Cleanup for Next Mark 3.265ms
[1465.401s][info][gc             ] GC(219) Concurrent Mark Cycle 885.182ms
....... (rIR:aIR:PR = 1799:1800:1800) (tPR = 26861) [OK] 
  1471s: Performance info:
         Transaction,    Success,    Partial,     Failed,   Receipts, AvgBarcode, 
             Overall,     108030,          0,          0,     102623,      59.47, 
         Response times:
             Request,    Success,    Partial,     Failed,   SkipFail,     Probes,    Samples,      min,      p50,      p90,      p95,      p99,      max, 
       TotalPurchase,     102623,          0,          0,          0,     100229,     107819,      300,     1700,     2600,     2900,     6300,   153000,
     InStorePurchase,      54002,          0,          0,          0,      52946,      56831,      300,     1800,     2600,     2900,     7300,   139000,
      OnlinePurchase,      37805,          0,          0,          0,      36828,      39598,      300,     1700,     2600,     2900,     6301,   153000,
        InstPurchase,      10816,          0,          0,          0,      10455,      11390,      400,     1400,     2500,     2800,     4800,   137000,
          AssocOfCat,        107,          0,          0,          0,         99,        114,    21000,    27000,    30500,    35500,    73850,    80000,
      AssocOfProduct,       1087,          0,          0,          0,        930,       1080,     1000,     2400,     3000,     3400,    12500,   124000,
      BusinessReport,        270,          0,          0,          0,        208,        275,    22000,    31000,    40000,    46600,    68800,   165000,
          CustBuyBeh,       1081,          0,          0,          0,        938,       1124,      400,     2000,     2700,     3100,    11700,    30000,
       ProductReturn,       2862,          0,          0,          0,       2677,       3032,      200,     1600,     2500,     2800,     9368,   139000,

  1471s: (14%)   IR =   1937 ...[1474.751s][info][gc,start       ] GC(220) Pause Young (Prepare Mixed) (G1 Evacuation Pause)
[1474.751s][info][gc,task        ] GC(220) Using 6 workers of 6 for evacuation
[1474.873s][info][gc,phases      ] GC(220)   Pre Evacuate Collection Set: 0.38ms
[1474.873s][info][gc,phases      ] GC(220)   Merge Heap Roots: 0.62ms
[1474.873s][info][gc,phases      ] GC(220)   Evacuate Collection Set: 119.80ms
[1474.873s][info][gc,phases      ] GC(220)   Post Evacuate Collection Set: 0.98ms
[1474.873s][info][gc,phases      ] GC(220)   Other: 0.09ms
[1474.873s][info][gc,heap        ] GC(220) Eden regions: 1120->0(1116)
[1474.873s][info][gc,heap        ] GC(220) Survivor regions: 108->110(154)
[1474.873s][info][gc,heap        ] GC(220) Old regions: 498->529
[1474.873s][info][gc,heap        ] GC(220) Humongous regions: 80->80
[1474.873s][info][gc,metaspace   ] GC(220) Metaspace: 28930K(29312K)->28930K(29312K) NonClass: 24046K(24192K)->24046K(24192K) Class: 4884K(5120K)->4884K(5120K)
[1474.873s][info][gc             ] GC(220) Pause Young (Prepare Mixed) (G1 Evacuation Pause) 3611M->1437M(4096M) 122.000ms
[1474.873s][info][gc,cpu         ] GC(220) User=0.73s Sys=0.00s Real=0.12s
..|.......[1484.608s][info][gc,start       ] GC(221) Pause Young (Mixed) (G1 Evacuation Pause)
[1484.608s][info][gc,task        ] GC(221) Using 6 workers of 6 for evacuation
[1484.747s][info][gc,phases      ] GC(221)   Pre Evacuate Collection Set: 0.44ms
[1484.747s][info][gc,phases      ] GC(221)   Merge Heap Roots: 0.89ms
[1484.747s][info][gc,phases      ] GC(221)   Evacuate Collection Set: 136.39ms
[1484.747s][info][gc,phases      ] GC(221)   Post Evacuate Collection Set: 1.00ms
[1484.747s][info][gc,phases      ] GC(221)   Other: 0.11ms
[1484.747s][info][gc,heap        ] GC(221) Eden regions: 1116->0(1117)
[1484.747s][info][gc,heap        ] GC(221) Survivor regions: 110->111(154)
[1484.747s][info][gc,heap        ] GC(221) Old regions: 529->468
[1484.747s][info][gc,heap        ] GC(221) Humongous regions: 80->80
[1484.747s][info][gc,metaspace   ] GC(221) Metaspace: 28930K(29312K)->28930K(29312K) NonClass: 24046K(24192K)->24046K(24192K) Class: 4884K(5120K)->4884K(5120K)
[1484.747s][info][gc             ] GC(221) Pause Young (Mixed) (G1 Evacuation Pause) 3669M->1315M(4096M) 138.952ms
[1484.747s][info][gc,cpu         ] GC(221) User=0.82s Sys=0.00s Real=0.14s
..........[1494.485s][info][gc,start       ] GC(222) Pause Young (Concurrent Start) (G1 Evacuation Pause)
[1494.485s][info][gc,task        ] GC(222) Using 6 workers of 6 for evacuation
[1494.606s][info][gc,phases      ] GC(222)   Pre Evacuate Collection Set: 0.43ms
[1494.606s][info][gc,phases      ] GC(222)   Merge Heap Roots: 0.68ms
[1494.606s][info][gc,phases      ] GC(222)   Evacuate Collection Set: 118.76ms
[1494.606s][info][gc,phases      ] GC(222)   Post Evacuate Collection Set: 0.89ms
[1494.606s][info][gc,phases      ] GC(222)   Other: 0.13ms
[1494.606s][info][gc,heap        ] GC(222) Eden regions: 1117->0(1119)
[1494.606s][info][gc,heap        ] GC(222) Survivor regions: 111->109(154)
[1494.606s][info][gc,heap        ] GC(222) Old regions: 468->501
[1494.606s][info][gc,heap        ] GC(222) Humongous regions: 80->80
[1494.606s][info][gc,metaspace   ] GC(222) Metaspace: 28930K(29312K)->28930K(29312K) NonClass: 24046K(24192K)->24046K(24192K) Class: 4884K(5120K)->4884K(5120K)
[1494.606s][info][gc             ] GC(222) Pause Young (Concurrent Start) (G1 Evacuation Pause) 3549M->1377M(4096M) 121.020ms
[1494.606s][info][gc             ] GC(223) Concurrent Mark Cycle
[1494.606s][info][gc,marking     ] GC(223) Concurrent Scan Root Regions
[1494.606s][info][gc,cpu         ] GC(222) User=0.72s Sys=0.00s Real=0.12s
[1494.721s][info][gc,marking     ] GC(223) Concurrent Scan Root Regions 114.927ms
[1494.721s][info][gc,marking     ] GC(223) Concurrent Mark
[1494.721s][info][gc,marking     ] GC(223) Concurrent Mark From Roots
[1494.721s][info][gc,task        ] GC(223) Using 2 workers of 2 for marking
.[1495.242s][info][gc,marking     ] GC(223) Concurrent Mark From Roots 521.155ms
[1495.242s][info][gc,marking     ] GC(223) Concurrent Preclean
[1495.242s][info][gc,marking     ] GC(223) Concurrent Preclean 0.045ms
[1495.242s][info][gc,start       ] GC(223) Pause Remark
[1495.245s][info][gc             ] GC(223) Pause Remark 1541M->1541M(4096M) 3.008ms
[1495.246s][info][gc,cpu         ] GC(223) User=0.01s Sys=0.00s Real=0.00s
[1495.246s][info][gc,marking     ] GC(223) Concurrent Mark 524.428ms
[1495.246s][info][gc,marking     ] GC(223) Concurrent Rebuild Remembered Sets and Scrub Regions
[1495.447s][info][gc,marking     ] GC(223) Concurrent Rebuild Remembered Sets and Scrub Regions 201.810ms
[1495.448s][info][gc,start       ] GC(223) Pause Cleanup
[1495.448s][info][gc             ] GC(223) Pause Cleanup 1609M->1609M(4096M) 0.129ms
[1495.448s][info][gc,cpu         ] GC(223) User=0.00s Sys=0.00s Real=0.00s
[1495.448s][info][gc,marking     ] GC(223) Concurrent Clear Claimed Marks
[1495.448s][info][gc,marking     ] GC(223) Concurrent Clear Claimed Marks 0.029ms
[1495.448s][info][gc,marking     ] GC(223) Concurrent Cleanup for Next Mark
[1495.451s][info][gc,marking     ] GC(223) Concurrent Cleanup for Next Mark 3.293ms
[1495.451s][info][gc             ] GC(223) Concurrent Mark Cycle 844.959ms
.........[1504.230s][info][gc,start       ] GC(224) Pause Young (Prepare Mixed) (G1 Evacuation Pause)
[1504.230s][info][gc,task        ] GC(224) Using 6 workers of 6 for evacuation
[1504.347s][info][gc,phases      ] GC(224)   Pre Evacuate Collection Set: 0.36ms
[1504.347s][info][gc,phases      ] GC(224)   Merge Heap Roots: 0.58ms
[1504.347s][info][gc,phases      ] GC(224)   Evacuate Collection Set: 115.33ms
[1504.347s][info][gc,phases      ] GC(224)   Post Evacuate Collection Set: 0.92ms
[1504.347s][info][gc,phases      ] GC(224)   Other: 0.09ms
[1504.347s][info][gc,heap        ] GC(224) Eden regions: 1119->0(1116)
[1504.347s][info][gc,heap        ] GC(224) Survivor regions: 109->108(154)
[1504.347s][info][gc,heap        ] GC(224) Old regions: 501->533
[1504.347s][info][gc,heap        ] GC(224) Humongous regions: 80->80
[1504.347s][info][gc,metaspace   ] GC(224) Metaspace: 28930K(29312K)->28930K(29312K) NonClass: 24046K(24192K)->24046K(24192K) Class: 4884K(5120K)->4884K(5120K)
[1504.347s][info][gc             ] GC(224) Pause Young (Prepare Mixed) (G1 Evacuation Pause) 3615M->1440M(4096M) 117.424ms
[1504.347s][info][gc,cpu         ] GC(224) User=0.70s Sys=0.00s Real=0.11s
..........[1514.128s][info][gc,start       ] GC(225) Pause Young (Mixed) (G1 Evacuation Pause)
[1514.128s][info][gc,task        ] GC(225) Using 6 workers of 6 for evacuation
[1514.258s][info][gc,phases      ] GC(225)   Pre Evacuate Collection Set: 0.38ms
[1514.258s][info][gc,phases      ] GC(225)   Merge Heap Roots: 0.81ms
[1514.258s][info][gc,phases      ] GC(225)   Evacuate Collection Set: 127.88ms
[1514.258s][info][gc,phases      ] GC(225)   Post Evacuate Collection Set: 0.98ms
[1514.258s][info][gc,phases      ] GC(225)   Other: 0.10ms
[1514.258s][info][gc,heap        ] GC(225) Eden regions: 1116->0(1120)
[1514.258s][info][gc,heap        ] GC(225) Survivor regions: 108->108(153)
[1514.258s][info][gc,heap        ] GC(225) Old regions: 533->469
[1514.258s][info][gc,heap        ] GC(225) Humongous regions: 80->80
[1514.258s][info][gc,metaspace   ] GC(225) Metaspace: 28930K(29312K)->28930K(29312K) NonClass: 24046K(24192K)->24046K(24192K) Class: 4884K(5120K)->4884K(5120K)
[1514.258s][info][gc             ] GC(225) Pause Young (Mixed) (G1 Evacuation Pause) 3672M->1313M(4096M) 130.265ms
[1514.258s][info][gc,cpu         ] GC(225) User=0.77s Sys=0.00s Real=0.13s
..........[1523.957s][info][gc,start       ] GC(226) Pause Young (Concurrent Start) (G1 Evacuation Pause)
[1523.957s][info][gc,task        ] GC(226) Using 6 workers of 6 for evacuation
[1524.073s][info][gc,phases      ] GC(226)   Pre Evacuate Collection Set: 0.41ms
[1524.073s][info][gc,phases      ] GC(226)   Merge Heap Roots: 0.56ms
[1524.073s][info][gc,phases      ] GC(226)   Evacuate Collection Set: 114.55ms
[1524.073s][info][gc,phases      ] GC(226)   Post Evacuate Collection Set: 0.90ms
[1524.073s][info][gc,phases      ] GC(226)   Other: 0.11ms
[1524.073s][info][gc,heap        ] GC(226) Eden regions: 1120->0(1120)
[1524.073s][info][gc,heap        ] GC(226) Survivor regions: 108->108(154)
[1524.073s][info][gc,heap        ] GC(226) Old regions: 469->501
[1524.073s][info][gc,heap        ] GC(226) Humongous regions: 80->80
[1524.073s][info][gc,metaspace   ] GC(226) Metaspace: 28930K(29312K)->28930K(29312K) NonClass: 24046K(24192K)->24046K(24192K) Class: 4884K(5120K)->4884K(5120K)
[1524.073s][info][gc             ] GC(226) Pause Young (Concurrent Start) (G1 Evacuation Pause) 3553M->1376M(4096M) 116.672ms
[1524.073s][info][gc             ] GC(227) Concurrent Mark Cycle
[1524.073s][info][gc,marking     ] GC(227) Concurrent Scan Root Regions
[1524.073s][info][gc,cpu         ] GC(226) User=0.70s Sys=0.00s Real=0.12s
[1524.193s][info][gc,marking     ] GC(227) Concurrent Scan Root Regions 119.909ms
[1524.193s][info][gc,marking     ] GC(227) Concurrent Mark
[1524.193s][info][gc,marking     ] GC(227) Concurrent Mark From Roots
[1524.193s][info][gc,task        ] GC(227) Using 2 workers of 2 for marking
[1524.735s][info][gc,marking     ] GC(227) Concurrent Mark From Roots 541.696ms
[1524.735s][info][gc,marking     ] GC(227) Concurrent Preclean
[1524.735s][info][gc,marking     ] GC(227) Concurrent Preclean 0.031ms
[1524.735s][info][gc,start       ] GC(227) Pause Remark
[1524.738s][info][gc             ] GC(227) Pause Remark 1557M->1557M(4096M) 3.011ms
[1524.738s][info][gc,cpu         ] GC(227) User=0.01s Sys=0.00s Real=0.00s
[1524.738s][info][gc,marking     ] GC(227) Concurrent Mark 544.977ms
[1524.738s][info][gc,marking     ] GC(227) Concurrent Rebuild Remembered Sets and Scrub Regions
.[1524.949s][info][gc,marking     ] GC(227) Concurrent Rebuild Remembered Sets and Scrub Regions 210.307ms
[1524.949s][info][gc,start       ] GC(227) Pause Cleanup
[1524.949s][info][gc             ] GC(227) Pause Cleanup 1609M->1609M(4096M) 0.125ms
[1524.949s][info][gc,cpu         ] GC(227) User=0.00s Sys=0.00s Real=0.00s
[1524.949s][info][gc,marking     ] GC(227) Concurrent Clear Claimed Marks
[1524.949s][info][gc,marking     ] GC(227) Concurrent Clear Claimed Marks 0.036ms
[1524.949s][info][gc,marking     ] GC(227) Concurrent Cleanup for Next Mark
[1524.953s][info][gc,marking     ] GC(227) Concurrent Cleanup for Next Mark 3.833ms
[1524.953s][info][gc             ] GC(227) Concurrent Mark Cycle 879.560ms
.........[1533.795s][info][gc,start       ] GC(228) Pause Young (Prepare Mixed) (G1 Evacuation Pause)
[1533.795s][info][gc,task        ] GC(228) Using 6 workers of 6 for evacuation
[1533.912s][info][gc,phases      ] GC(228)   Pre Evacuate Collection Set: 0.37ms
[1533.912s][info][gc,phases      ] GC(228)   Merge Heap Roots: 0.66ms
[1533.912s][info][gc,phases      ] GC(228)   Evacuate Collection Set: 115.70ms
[1533.912s][info][gc,phases      ] GC(228)   Post Evacuate Collection Set: 0.94ms
[1533.912s][info][gc,phases      ] GC(228)   Other: 0.09ms
[1533.912s][info][gc,heap        ] GC(228) Eden regions: 1120->0(1114)
[1533.912s][info][gc,heap        ] GC(228) Survivor regions: 108->109(154)
[1533.912s][info][gc,heap        ] GC(228) Old regions: 501->533
[1533.912s][info][gc,heap        ] GC(228) Humongous regions: 80->80
[1533.912s][info][gc,metaspace   ] GC(228) Metaspace: 28930K(29312K)->28930K(29312K) NonClass: 24046K(24192K)->24046K(24192K) Class: 4884K(5120K)->4884K(5120K)
[1533.912s][info][gc             ] GC(228) Pause Young (Prepare Mixed) (G1 Evacuation Pause) 3616M->1442M(4096M) 117.898ms
[1533.912s][info][gc,cpu         ] GC(228) User=0.70s Sys=0.00s Real=0.12s
... (rIR:aIR:PR = 1937:1937:1937) (tPR = 28837) [OK] 
  1536s: Performance info:
         Transaction,    Success,    Partial,     Failed,   Receipts, AvgBarcode, 
             Overall,     116398,          0,          0,     110580,      59.48, 
         Response times:
             Request,    Success,    Partial,     Failed,   SkipFail,     Probes,    Samples,      min,      p50,      p90,      p95,      p99,      max, 
       TotalPurchase,     110580,          0,          0,          0,     107942,     117836,      300,     1800,     2800,     3100,     8263,   156000,
     InStorePurchase,      58198,          0,          0,          0,      57038,      62259,      300,     1900,     2800,     3100,     8540,   156000,
      OnlinePurchase,      40727,          0,          0,          0,      39674,      43106,      300,     1800,     2700,     3100,     7600,   156000,
        InstPurchase,      11655,          0,          0,          0,      11230,      12471,      400,     1600,     2700,     3000,     7300,   156000,
          AssocOfCat,        116,          0,          0,          0,        113,        124,    18700,    28000,    33000,    38750,   180000,   185000,
      AssocOfProduct,       1164,          0,          0,          0,       1034,       1270,      500,     1800,     2800,     3145,     6967,    31000,
      BusinessReport,        295,          0,          0,          0,        223,        290,    21000,    32000,    39000,    43450,   110220,   186000,
          CustBuyBeh,       1165,          0,          0,          0,       1064,       1305,      200,     1400,     2200,     2500,     6194,    16800,
       ProductReturn,       3078,          0,          0,          0,       2878,       3331,      200,     1100,     2300,     2600,     4536,    31000,

  1536s: (15%)   IR =   2076 ......|[1543.190s][info][gc,start       ] GC(229) Pause Young (Mixed) (G1 Evacuation Pause)
[1543.190s][info][gc,task        ] GC(229) Using 6 workers of 6 for evacuation
[1543.323s][info][gc,phases      ] GC(229)   Pre Evacuate Collection Set: 0.43ms
[1543.323s][info][gc,phases      ] GC(229)   Merge Heap Roots: 0.71ms
[1543.323s][info][gc,phases      ] GC(229)   Evacuate Collection Set: 130.83ms
[1543.323s][info][gc,phases      ] GC(229)   Post Evacuate Collection Set: 0.99ms
[1543.323s][info][gc,phases      ] GC(229)   Other: 0.09ms
[1543.323s][info][gc,heap        ] GC(229) Eden regions: 1114->0(1120)
[1543.323s][info][gc,heap        ] GC(229) Survivor regions: 109->108(153)
[1543.323s][info][gc,heap        ] GC(229) Old regions: 533->468
[1543.323s][info][gc,heap        ] GC(229) Humongous regions: 80->80
[1543.323s][info][gc,metaspace   ] GC(229) Metaspace: 28932K(29312K)->28932K(29312K) NonClass: 24048K(24192K)->24048K(24192K) Class: 4884K(5120K)->4884K(5120K)
[1543.323s][info][gc             ] GC(229) Pause Young (Mixed) (G1 Evacuation Pause) 3670M->1311M(4096M) 133.193ms
[1543.323s][info][gc,cpu         ] GC(229) User=0.79s Sys=0.00s Real=0.13s
.........[1552.258s][info][gc,start       ] GC(230) Pause Young (Concurrent Start) (G1 Evacuation Pause)
[1552.258s][info][gc,task        ] GC(230) Using 6 workers of 6 for evacuation
[1552.381s][info][gc,phases      ] GC(230)   Pre Evacuate Collection Set: 0.42ms
[1552.381s][info][gc,phases      ] GC(230)   Merge Heap Roots: 0.63ms
[1552.381s][info][gc,phases      ] GC(230)   Evacuate Collection Set: 120.67ms
[1552.381s][info][gc,phases      ] GC(230)   Post Evacuate Collection Set: 0.92ms
[1552.381s][info][gc,phases      ] GC(230)   Other: 0.11ms
[1552.381s][info][gc,heap        ] GC(230) Eden regions: 1120->0(1116)
[1552.381s][info][gc,heap        ] GC(230) Survivor regions: 108->112(154)
[1552.381s][info][gc,heap        ] GC(230) Old regions: 468->501
[1552.381s][info][gc,heap        ] GC(230) Humongous regions: 80->80
[1552.381s][info][gc,metaspace   ] GC(230) Metaspace: 28932K(29312K)->28932K(29312K) NonClass: 24048K(24192K)->24048K(24192K) Class: 4884K(5120K)->4884K(5120K)
[1552.381s][info][gc             ] GC(230) Pause Young (Concurrent Start) (G1 Evacuation Pause) 3551M->1384M(4096M) 122.867ms
[1552.381s][info][gc             ] GC(231) Concurrent Mark Cycle
[1552.381s][info][gc,marking     ] GC(231) Concurrent Scan Root Regions
[1552.381s][info][gc,cpu         ] GC(230) User=0.73s Sys=0.00s Real=0.13s
[1552.507s][info][gc,marking     ] GC(231) Concurrent Scan Root Regions 125.516ms
[1552.507s][info][gc,marking     ] GC(231) Concurrent Mark
[1552.507s][info][gc,marking     ] GC(231) Concurrent Mark From Roots
[1552.507s][info][gc,task        ] GC(231) Using 2 workers of 2 for marking
.[1553.059s][info][gc,marking     ] GC(231) Concurrent Mark From Roots 552.600ms
[1553.059s][info][gc,marking     ] GC(231) Concurrent Preclean
[1553.059s][info][gc,marking     ] GC(231) Concurrent Preclean 0.050ms
[1553.060s][info][gc,start       ] GC(231) Pause Remark
[1553.063s][info][gc             ] GC(231) Pause Remark 1556M->1556M(4096M) 2.973ms
[1553.063s][info][gc,cpu         ] GC(231) User=0.01s Sys=0.00s Real=0.00s
[1553.063s][info][gc,marking     ] GC(231) Concurrent Mark 555.876ms
[1553.063s][info][gc,marking     ] GC(231) Concurrent Rebuild Remembered Sets and Scrub Regions
[1553.284s][info][gc,marking     ] GC(231) Concurrent Rebuild Remembered Sets and Scrub Regions 221.134ms
[1553.284s][info][gc,start       ] GC(231) Pause Cleanup
[1553.284s][info][gc             ] GC(231) Pause Cleanup 1634M->1634M(4096M) 0.131ms
[1553.284s][info][gc,cpu         ] GC(231) User=0.00s Sys=0.00s Real=0.00s
[1553.284s][info][gc,marking     ] GC(231) Concurrent Clear Claimed Marks
[1553.284s][info][gc,marking     ] GC(231) Concurrent Clear Claimed Marks 0.029ms
[1553.284s][info][gc,marking     ] GC(231) Concurrent Cleanup for Next Mark
[1553.288s][info][gc,marking     ] GC(231) Concurrent Cleanup for Next Mark 4.199ms
[1553.288s][info][gc             ] GC(231) Concurrent Mark Cycle 907.213ms
........[1561.436s][info][gc,start       ] GC(232) Pause Young (Prepare Mixed) (G1 Evacuation Pause)
[1561.436s][info][gc,task        ] GC(232) Using 6 workers of 6 for evacuation
[1561.553s][info][gc,phases      ] GC(232)   Pre Evacuate Collection Set: 0.36ms
[1561.553s][info][gc,phases      ] GC(232)   Merge Heap Roots: 0.60ms
[1561.553s][info][gc,phases      ] GC(232)   Evacuate Collection Set: 114.90ms
[1561.553s][info][gc,phases      ] GC(232)   Post Evacuate Collection Set: 0.91ms
[1561.553s][info][gc,phases      ] GC(232)   Other: 0.08ms
[1561.553s][info][gc,heap        ] GC(232) Eden regions: 1116->0(1116)
[1561.553s][info][gc,heap        ] GC(232) Survivor regions: 112->108(154)
[1561.553s][info][gc,heap        ] GC(232) Old regions: 501->533
[1561.553s][info][gc,heap        ] GC(232) Humongous regions: 80->80
[1561.553s][info][gc,metaspace   ] GC(232) Metaspace: 28932K(29312K)->28932K(29312K) NonClass: 24048K(24192K)->24048K(24192K) Class: 4884K(5120K)->4884K(5120K)
[1561.553s][info][gc             ] GC(232) Pause Young (Prepare Mixed) (G1 Evacuation Pause) 3616M->1441M(4096M) 116.976ms
[1561.553s][info][gc,cpu         ] GC(232) User=0.69s Sys=0.00s Real=0.12s
.........[1570.628s][info][gc,start       ] GC(233) Pause Young (Mixed) (G1 Evacuation Pause)
[1570.628s][info][gc,task        ] GC(233) Using 6 workers of 6 for evacuation
[1570.760s][info][gc,phases      ] GC(233)   Pre Evacuate Collection Set: 0.40ms
[1570.760s][info][gc,phases      ] GC(233)   Merge Heap Roots: 0.77ms
[1570.760s][info][gc,phases      ] GC(233)   Evacuate Collection Set: 129.02ms
[1570.760s][info][gc,phases      ] GC(233)   Post Evacuate Collection Set: 0.96ms
[1570.760s][info][gc,phases      ] GC(233)   Other: 0.09ms
[1570.760s][info][gc,heap        ] GC(233) Eden regions: 1116->0(1119)
[1570.760s][info][gc,heap        ] GC(233) Survivor regions: 108->109(153)
[1570.760s][info][gc,heap        ] GC(233) Old regions: 533->470
[1570.760s][info][gc,heap        ] GC(233) Humongous regions: 80->80
[1570.760s][info][gc,metaspace   ] GC(233) Metaspace: 28932K(29312K)->28932K(29312K) NonClass: 24048K(24192K)->24048K(24192K) Class: 4884K(5120K)->4884K(5120K)
[1570.760s][info][gc             ] GC(233) Pause Young (Mixed) (G1 Evacuation Pause) 3673M->1317M(4096M) 131.378ms
[1570.760s][info][gc,cpu         ] GC(233) User=0.79s Sys=0.00s Real=0.14s
.........[1579.823s][info][gc,start       ] GC(234) Pause Young (Concurrent Start) (G1 Evacuation Pause)
[1579.823s][info][gc,task        ] GC(234) Using 6 workers of 6 for evacuation
[1579.943s][info][gc,phases      ] GC(234)   Pre Evacuate Collection Set: 0.39ms
[1579.943s][info][gc,phases      ] GC(234)   Merge Heap Roots: 0.61ms
[1579.943s][info][gc,phases      ] GC(234)   Evacuate Collection Set: 118.13ms
[1579.943s][info][gc,phases      ] GC(234)   Post Evacuate Collection Set: 0.91ms
[1579.943s][info][gc,phases      ] GC(234)   Other: 0.11ms
[1579.943s][info][gc,heap        ] GC(234) Eden regions: 1119->0(1118)
[1579.943s][info][gc,heap        ] GC(234) Survivor regions: 109->110(154)
[1579.943s][info][gc,heap        ] GC(234) Old regions: 470->502
[1579.943s][info][gc,heap        ] GC(234) Humongous regions: 80->80
[1579.943s][info][gc,metaspace   ] GC(234) Metaspace: 28932K(29312K)->28932K(29312K) NonClass: 24048K(24192K)->24048K(24192K) Class: 4884K(5120K)->4884K(5120K)
[1579.943s][info][gc             ] GC(234) Pause Young (Concurrent Start) (G1 Evacuation Pause) 3555M->1382M(4096M) 120.279ms
[1579.943s][info][gc             ] GC(235) Concurrent Mark Cycle
[1579.943s][info][gc,marking     ] GC(235) Concurrent Scan Root Regions
[1579.943s][info][gc,cpu         ] GC(234) User=0.71s Sys=0.01s Real=0.12s
.[1580.076s][info][gc,marking     ] GC(235) Concurrent Scan Root Regions 132.681ms
[1580.076s][info][gc,marking     ] GC(235) Concurrent Mark
[1580.076s][info][gc,marking     ] GC(235) Concurrent Mark From Roots
[1580.076s][info][gc,task        ] GC(235) Using 2 workers of 2 for marking
[1580.629s][info][gc,marking     ] GC(235) Concurrent Mark From Roots 553.315ms
[1580.629s][info][gc,marking     ] GC(235) Concurrent Preclean
[1580.629s][info][gc,marking     ] GC(235) Concurrent Preclean 0.036ms
[1580.630s][info][gc,start       ] GC(235) Pause Remark
[1580.633s][info][gc             ] GC(235) Pause Remark 1585M->1585M(4096M) 3.003ms
[1580.633s][info][gc,cpu         ] GC(235) User=0.01s Sys=0.00s Real=0.00s
[1580.634s][info][gc,marking     ] GC(235) Concurrent Mark 558.032ms
[1580.634s][info][gc,marking     ] GC(235) Concurrent Rebuild Remembered Sets and Scrub Regions
[1580.846s][info][gc,marking     ] GC(235) Concurrent Rebuild Remembered Sets and Scrub Regions 211.934ms
[1580.846s][info][gc,start       ] GC(235) Pause Cleanup
[1580.846s][info][gc             ] GC(235) Pause Cleanup 1638M->1638M(4096M) 0.133ms
[1580.846s][info][gc,cpu         ] GC(235) User=0.00s Sys=0.00s Real=0.00s
[1580.846s][info][gc,marking     ] GC(235) Concurrent Clear Claimed Marks
[1580.846s][info][gc,marking     ] GC(235) Concurrent Clear Claimed Marks 0.036ms
[1580.846s][info][gc,marking     ] GC(235) Concurrent Cleanup for Next Mark
[1580.851s][info][gc,marking     ] GC(235) Concurrent Cleanup for Next Mark 4.708ms
[1580.851s][info][gc             ] GC(235) Concurrent Mark Cycle 907.900ms
.........[1588.959s][info][gc,start       ] GC(236) Pause Young (Prepare Mixed) (G1 Evacuation Pause)
[1588.959s][info][gc,task        ] GC(236) Using 6 workers of 6 for evacuation
[1589.076s][info][gc,phases      ] GC(236)   Pre Evacuate Collection Set: 0.39ms
[1589.076s][info][gc,phases      ] GC(236)   Merge Heap Roots: 0.65ms
[1589.076s][info][gc,phases      ] GC(236)   Evacuate Collection Set: 115.31ms
[1589.076s][info][gc,phases      ] GC(236)   Post Evacuate Collection Set: 0.95ms
[1589.076s][info][gc,phases      ] GC(236)   Other: 0.10ms
[1589.076s][info][gc,heap        ] GC(236) Eden regions: 1118->0(1115)
[1589.076s][info][gc,heap        ] GC(236) Survivor regions: 110->108(154)
[1589.076s][info][gc,heap        ] GC(236) Old regions: 502->534
[1589.076s][info][gc,heap        ] GC(236) Humongous regions: 80->80
[1589.076s][info][gc,metaspace   ] GC(236) Metaspace: 28932K(29312K)->28932K(29312K) NonClass: 24048K(24192K)->24048K(24192K) Class: 4884K(5120K)->4884K(5120K)
[1589.076s][info][gc             ] GC(236) Pause Young (Prepare Mixed) (G1 Evacuation Pause) 3618M->1442M(4096M) 117.520ms
[1589.077s][info][gc,cpu         ] GC(236) User=0.70s Sys=0.00s Real=0.12s
.........[1598.153s][info][gc,start       ] GC(237) Pause Young (Mixed) (G1 Evacuation Pause)
[1598.153s][info][gc,task        ] GC(237) Using 6 workers of 6 for evacuation
[1598.285s][info][gc,phases      ] GC(237)   Pre Evacuate Collection Set: 0.40ms
[1598.285s][info][gc,phases      ] GC(237)   Merge Heap Roots: 0.82ms
[1598.285s][info][gc,phases      ] GC(237)   Evacuate Collection Set: 129.55ms
[1598.285s][info][gc,phases      ] GC(237)   Post Evacuate Collection Set: 0.94ms
[1598.285s][info][gc,phases      ] GC(237)   Other: 0.11ms
[1598.285s][info][gc,heap        ] GC(237) Eden regions: 1115->0(1120)
[1598.285s][info][gc,heap        ] GC(237) Survivor regions: 108->108(153)
[1598.285s][info][gc,heap        ] GC(237) Old regions: 534->468
[1598.285s][info][gc,heap        ] GC(237) Humongous regions: 80->80
[1598.285s][info][gc,metaspace   ] GC(237) Metaspace: 28932K(29312K)->28932K(29312K) NonClass: 24048K(24192K)->24048K(24192K) Class: 4884K(5120K)->4884K(5120K)
[1598.285s][info][gc             ] GC(237) Pause Young (Mixed) (G1 Evacuation Pause) 3672M->1309M(4096M) 131.956ms
[1598.285s][info][gc,cpu         ] GC(237) User=0.79s Sys=0.00s Real=0.13s
..... (rIR:aIR:PR = 2076:2075:2075) (tPR = 30989) [OK] 
  1602s: Performance info:
         Transaction,    Success,    Partial,     Failed,   Receipts, AvgBarcode, 
             Overall,     124836,          0,          0,     118594,      59.47, 
         Response times:
             Request,    Success,    Partial,     Failed,   SkipFail,     Probes,    Samples,      min,      p50,      p90,      p95,      p99,      max, 
       TotalPurchase,     118594,          0,          0,          0,     115273,     128119,      300,     1900,     2900,     3300,     8100,   139000,
     InStorePurchase,      62431,          0,          0,          0,      60761,      67082,      300,     1900,     2900,     3300,     8200,   139000,
      OnlinePurchase,      43689,          0,          0,          0,      42477,      47330,      300,     2000,     2900,     3300,     8100,   139000,
        InstPurchase,      12474,          0,          0,          0,      12035,      13707,      400,     1900,     3000,     3400,     9100,   138000,
          AssocOfCat,        124,          0,          0,          0,         92,        123,    20000,    27000,    32600,    34000,    64360,    73000,
      AssocOfProduct,       1252,          0,          0,          0,       1080,       1288,      600,     1800,     2600,     2900,     7108,   120000,
      BusinessReport,        314,          0,          0,          0,        253,        362,    22000,    32000,    38700,    48850,    76070,   184000,
          CustBuyBeh,       1248,          0,          0,          0,       1113,       1368,      100,     1100,     1900,     2200,     4086,    15200,
       ProductReturn,       3304,          0,          0,          0,       3098,       3662,      300,     2000,     2900,     3300,    11344,   137000,

  1602s: (16%)   IR =   2214 ....[1607.059s][info][gc,start       ] GC(238) Pause Young (Concurrent Start) (G1 Evacuation Pause)
[1607.059s][info][gc,task        ] GC(238) Using 6 workers of 6 for evacuation
[1607.177s][info][gc,phases      ] GC(238)   Pre Evacuate Collection Set: 0.44ms
[1607.177s][info][gc,phases      ] GC(238)   Merge Heap Roots: 0.57ms
[1607.177s][info][gc,phases      ] GC(238)   Evacuate Collection Set: 115.50ms
[1607.177s][info][gc,phases      ] GC(238)   Post Evacuate Collection Set: 0.91ms
[1607.177s][info][gc,phases      ] GC(238)   Other: 0.13ms
[1607.177s][info][gc,heap        ] GC(238) Eden regions: 1120->0(1120)
[1607.177s][info][gc,heap        ] GC(238) Survivor regions: 108->108(154)
[1607.177s][info][gc,heap        ] GC(238) Old regions: 468->499
[1607.177s][info][gc,heap        ] GC(238) Humongous regions: 80->80
[1607.177s][info][gc,metaspace   ] GC(238) Metaspace: 28935K(29312K)->28935K(29312K) NonClass: 24050K(24192K)->24050K(24192K) Class: 4884K(5120K)->4884K(5120K)
[1607.177s][info][gc             ] GC(238) Pause Young (Concurrent Start) (G1 Evacuation Pause) 3549M->1372M(4096M) 117.683ms
[1607.177s][info][gc             ] GC(239) Concurrent Mark Cycle
[1607.177s][info][gc,marking     ] GC(239) Concurrent Scan Root Regions
[1607.177s][info][gc,cpu         ] GC(238) User=0.70s Sys=0.00s Real=0.12s
[1607.344s][info][gc,marking     ] GC(239) Concurrent Scan Root Regions 166.912ms
[1607.344s][info][gc,marking     ] GC(239) Concurrent Mark
[1607.344s][info][gc,marking     ] GC(239) Concurrent Mark From Roots
[1607.344s][info][gc,task        ] GC(239) Using 2 workers of 2 for marking
[1607.903s][info][gc,marking     ] GC(239) Concurrent Mark From Roots 558.919ms
[1607.903s][info][gc,marking     ] GC(239) Concurrent Preclean
[1607.903s][info][gc,marking     ] GC(239) Concurrent Preclean 0.055ms
[1607.904s][info][gc,start       ] GC(239) Pause Remark
[1607.907s][info][gc             ] GC(239) Pause Remark 1584M->1584M(4096M) 3.175ms
[1607.907s][info][gc,cpu         ] GC(239) User=0.02s Sys=0.00s Real=0.00s
[1607.907s][info][gc,marking     ] GC(239) Concurrent Mark 563.473ms
[1607.907s][info][gc,marking     ] GC(239) Concurrent Rebuild Remembered Sets and Scrub Regions
.[1608.128s][info][gc,marking     ] GC(239) Concurrent Rebuild Remembered Sets and Scrub Regions 220.325ms
[1608.128s][info][gc,start       ] GC(239) Pause Cleanup
[1608.128s][info][gc             ] GC(239) Pause Cleanup 1644M->1644M(4096M) 0.135ms
[1608.128s][info][gc,cpu         ] GC(239) User=0.00s Sys=0.00s Real=0.00s
[1608.128s][info][gc,marking     ] GC(239) Concurrent Clear Claimed Marks
[1608.128s][info][gc,marking     ] GC(239) Concurrent Clear Claimed Marks 0.029ms
[1608.128s][info][gc,marking     ] GC(239) Concurrent Cleanup for Next Mark
[1608.131s][info][gc,marking     ] GC(239) Concurrent Cleanup for Next Mark 3.265ms
[1608.131s][info][gc             ] GC(239) Concurrent Mark Cycle 954.454ms
.|......[1615.572s][info][gc,start       ] GC(240) Pause Young (Prepare Mixed) (G1 Evacuation Pause)
[1615.572s][info][gc,task        ] GC(240) Using 6 workers of 6 for evacuation
[1615.689s][info][gc,phases      ] GC(240)   Pre Evacuate Collection Set: 0.32ms
[1615.689s][info][gc,phases      ] GC(240)   Merge Heap Roots: 0.57ms
[1615.689s][info][gc,phases      ] GC(240)   Evacuate Collection Set: 114.76ms
[1615.689s][info][gc,phases      ] GC(240)   Post Evacuate Collection Set: 0.98ms
[1615.689s][info][gc,phases      ] GC(240)   Other: 0.09ms
[1615.689s][info][gc,heap        ] GC(240) Eden regions: 1120->0(1116)
[1615.689s][info][gc,heap        ] GC(240) Survivor regions: 108->109(154)
[1615.689s][info][gc,heap        ] GC(240) Old regions: 499->531
[1615.689s][info][gc,heap        ] GC(240) Humongous regions: 80->80
[1615.689s][info][gc,metaspace   ] GC(240) Metaspace: 28935K(29312K)->28935K(29312K) NonClass: 24050K(24192K)->24050K(24192K) Class: 4884K(5120K)->4884K(5120K)
[1615.689s][info][gc             ] GC(240) Pause Young (Prepare Mixed) (G1 Evacuation Pause) 3612M->1438M(4096M) 116.839ms
[1615.689s][info][gc,cpu         ] GC(240) User=0.69s Sys=0.00s Real=0.11s
.........[1624.244s][info][gc,start       ] GC(241) Pause Young (Mixed) (G1 Evacuation Pause)
[1624.244s][info][gc,task        ] GC(241) Using 6 workers of 6 for evacuation
[1624.378s][info][gc,phases      ] GC(241)   Pre Evacuate Collection Set: 0.44ms
[1624.379s][info][gc,phases      ] GC(241)   Merge Heap Roots: 0.79ms
[1624.379s][info][gc,phases      ] GC(241)   Evacuate Collection Set: 132.30ms
[1624.379s][info][gc,phases      ] GC(241)   Post Evacuate Collection Set: 0.98ms
[1624.379s][info][gc,phases      ] GC(241)   Other: 0.09ms
[1624.379s][info][gc,heap        ] GC(241) Eden regions: 1116->0(1119)
[1624.379s][info][gc,heap        ] GC(241) Survivor regions: 109->109(154)
[1624.379s][info][gc,heap        ] GC(241) Old regions: 531->468
[1624.379s][info][gc,heap        ] GC(241) Humongous regions: 80->80
[1624.379s][info][gc,metaspace   ] GC(241) Metaspace: 28935K(29312K)->28935K(29312K) NonClass: 24050K(24192K)->24050K(24192K) Class: 4884K(5120K)->4884K(5120K)
[1624.379s][info][gc             ] GC(241) Pause Young (Mixed) (G1 Evacuation Pause) 3670M->1313M(4096M) 134.744ms
[1624.379s][info][gc,cpu         ] GC(241) User=0.80s Sys=0.00s Real=0.13s
........[1632.772s][info][gc,start       ] GC(242) Pause Young (Concurrent Start) (G1 Evacuation Pause)
[1632.772s][info][gc,task        ] GC(242) Using 6 workers of 6 for evacuation
[1632.890s][info][gc,phases      ] GC(242)   Pre Evacuate Collection Set: 0.43ms
[1632.890s][info][gc,phases      ] GC(242)   Merge Heap Roots: 0.56ms
[1632.890s][info][gc,phases      ] GC(242)   Evacuate Collection Set: 115.67ms
[1632.890s][info][gc,phases      ] GC(242)   Post Evacuate Collection Set: 0.91ms
[1632.890s][info][gc,phases      ] GC(242)   Other: 0.12ms
[1632.890s][info][gc,heap        ] GC(242) Eden regions: 1119->0(1120)
[1632.890s][info][gc,heap        ] GC(242) Survivor regions: 109->108(154)
[1632.890s][info][gc,heap        ] GC(242) Old regions: 468->500
[1632.890s][info][gc,heap        ] GC(242) Humongous regions: 80->80
[1632.890s][info][gc,metaspace   ] GC(242) Metaspace: 28935K(29312K)->28935K(29312K) NonClass: 24050K(24192K)->24050K(24192K) Class: 4884K(5120K)->4884K(5120K)
[1632.890s][info][gc             ] GC(242) Pause Young (Concurrent Start) (G1 Evacuation Pause) 3551M->1374M(4096M) 117.835ms
[1632.890s][info][gc             ] GC(243) Concurrent Mark Cycle
[1632.890s][info][gc,marking     ] GC(243) Concurrent Scan Root Regions
[1632.890s][info][gc,cpu         ] GC(242) User=0.70s Sys=0.00s Real=0.12s
.[1633.004s][info][gc,marking     ] GC(243) Concurrent Scan Root Regions 114.314ms
[1633.004s][info][gc,marking     ] GC(243) Concurrent Mark
[1633.004s][info][gc,marking     ] GC(243) Concurrent Mark From Roots
[1633.004s][info][gc,task        ] GC(243) Using 2 workers of 2 for marking
[1633.581s][info][gc,marking     ] GC(243) Concurrent Mark From Roots 576.683ms
[1633.581s][info][gc,marking     ] GC(243) Concurrent Preclean
[1633.581s][info][gc,marking     ] GC(243) Concurrent Preclean 0.044ms
[1633.581s][info][gc,start       ] GC(243) Pause Remark
[1633.584s][info][gc             ] GC(243) Pause Remark 1582M->1582M(4096M) 3.127ms
[1633.585s][info][gc,cpu         ] GC(243) User=0.02s Sys=0.00s Real=0.00s
[1633.585s][info][gc,marking     ] GC(243) Concurrent Mark 580.147ms
[1633.585s][info][gc,marking     ] GC(243) Concurrent Rebuild Remembered Sets and Scrub Regions
[1633.798s][info][gc,marking     ] GC(243) Concurrent Rebuild Remembered Sets and Scrub Regions 213.331ms
[1633.798s][info][gc,start       ] GC(243) Pause Cleanup
[1633.798s][info][gc             ] GC(243) Pause Cleanup 1633M->1633M(4096M) 0.125ms
[1633.798s][info][gc,cpu         ] GC(243) User=0.00s Sys=0.00s Real=0.00s
[1633.798s][info][gc,marking     ] GC(243) Concurrent Clear Claimed Marks
[1633.798s][info][gc,marking     ] GC(243) Concurrent Clear Claimed Marks 0.035ms
[1633.798s][info][gc,marking     ] GC(243) Concurrent Cleanup for Next Mark
[1633.802s][info][gc,marking     ] GC(243) Concurrent Cleanup for Next Mark 3.687ms
[1633.802s][info][gc             ] GC(243) Concurrent Mark Cycle 912.005ms
........[1641.514s][info][gc,start       ] GC(244) Pause Young (Prepare Mixed) (G1 Evacuation Pause)
[1641.514s][info][gc,task        ] GC(244) Using 6 workers of 6 for evacuation
[1641.635s][info][gc,phases      ] GC(244)   Pre Evacuate Collection Set: 0.38ms
[1641.635s][info][gc,phases      ] GC(244)   Merge Heap Roots: 0.68ms
[1641.635s][info][gc,phases      ] GC(244)   Evacuate Collection Set: 118.53ms
[1641.635s][info][gc,phases      ] GC(244)   Post Evacuate Collection Set: 1.00ms
[1641.635s][info][gc,phases      ] GC(244)   Other: 0.10ms
[1641.635s][info][gc,heap        ] GC(244) Eden regions: 1120->0(1112)
[1641.635s][info][gc,heap        ] GC(244) Survivor regions: 108->111(154)
[1641.635s][info][gc,heap        ] GC(244) Old regions: 500->531
[1641.635s][info][gc,heap        ] GC(244) Humongous regions: 80->80
[1641.635s][info][gc,metaspace   ] GC(244) Metaspace: 28935K(29312K)->28935K(29312K) NonClass: 24050K(24192K)->24050K(24192K) Class: 4884K(5120K)->4884K(5120K)
[1641.635s][info][gc             ] GC(244) Pause Young (Prepare Mixed) (G1 Evacuation Pause) 3614M->1442M(4096M) 120.825ms
[1641.635s][info][gc,cpu         ] GC(244) User=0.72s Sys=0.00s Real=0.12s
.........[1650.008s][info][gc,start       ] GC(245) Pause Young (Mixed) (G1 Evacuation Pause)
[1650.008s][info][gc,task        ] GC(245) Using 6 workers of 6 for evacuation
[1650.139s][info][gc,phases      ] GC(245)   Pre Evacuate Collection Set: 0.43ms
[1650.139s][info][gc,phases      ] GC(245)   Merge Heap Roots: 0.77ms
[1650.139s][info][gc,phases      ] GC(245)   Evacuate Collection Set: 128.72ms
[1650.139s][info][gc,phases      ] GC(245)   Post Evacuate Collection Set: 0.96ms
[1650.139s][info][gc,phases      ] GC(245)   Other: 0.09ms
[1650.139s][info][gc,heap        ] GC(245) Eden regions: 1112->0(1118)
[1650.139s][info][gc,heap        ] GC(245) Survivor regions: 111->110(153)
[1650.139s][info][gc,heap        ] GC(245) Old regions: 531->469
[1650.139s][info][gc,heap        ] GC(245) Humongous regions: 80->80
[1650.139s][info][gc,metaspace   ] GC(245) Metaspace: 28935K(29312K)->28935K(29312K) NonClass: 24050K(24192K)->24050K(24192K) Class: 4884K(5120K)->4884K(5120K)
[1650.139s][info][gc             ] GC(245) Pause Young (Mixed) (G1 Evacuation Pause) 3666M->1316M(4096M) 131.122ms
[1650.139s][info][gc,cpu         ] GC(245) User=0.78s Sys=0.00s Real=0.13s
........[1658.613s][info][gc,start       ] GC(246) Pause Young (Concurrent Start) (G1 Evacuation Pause)
[1658.613s][info][gc,task        ] GC(246) Using 6 workers of 6 for evacuation
[1658.730s][info][gc,phases      ] GC(246)   Pre Evacuate Collection Set: 0.43ms
[1658.730s][info][gc,phases      ] GC(246)   Merge Heap Roots: 0.55ms
[1658.730s][info][gc,phases      ] GC(246)   Evacuate Collection Set: 114.79ms
[1658.730s][info][gc,phases      ] GC(246)   Post Evacuate Collection Set: 0.92ms
[1658.730s][info][gc,phases      ] GC(246)   Other: 0.12ms
[1658.730s][info][gc,heap        ] GC(246) Eden regions: 1118->0(1119)
[1658.730s][info][gc,heap        ] GC(246) Survivor regions: 110->109(154)
[1658.730s][info][gc,heap        ] GC(246) Old regions: 469->501
[1658.730s][info][gc,heap        ] GC(246) Humongous regions: 80->80
[1658.730s][info][gc,metaspace   ] GC(246) Metaspace: 28935K(29312K)->28935K(29312K) NonClass: 24050K(24192K)->24050K(24192K) Class: 4884K(5120K)->4884K(5120K)
[1658.730s][info][gc             ] GC(246) Pause Young (Concurrent Start) (G1 Evacuation Pause) 3552M->1379M(4096M) 116.933ms
[1658.730s][info][gc             ] GC(247) Concurrent Mark Cycle
[1658.730s][info][gc,marking     ] GC(247) Concurrent Scan Root Regions
[1658.730s][info][gc,cpu         ] GC(246) User=0.70s Sys=0.00s Real=0.12s
[1658.865s][info][gc,marking     ] GC(247) Concurrent Scan Root Regions 134.739ms
[1658.865s][info][gc,marking     ] GC(247) Concurrent Mark
[1658.865s][info][gc,marking     ] GC(247) Concurrent Mark From Roots
[1658.865s][info][gc,task        ] GC(247) Using 2 workers of 2 for marking
.[1659.445s][info][gc,marking     ] GC(247) Concurrent Mark From Roots 580.185ms
[1659.445s][info][gc,marking     ] GC(247) Concurrent Preclean
[1659.445s][info][gc,marking     ] GC(247) Concurrent Preclean 0.032ms
[1659.445s][info][gc,start       ] GC(247) Pause Remark
[1659.448s][info][gc             ] GC(247) Pause Remark 1586M->1586M(4096M) 2.984ms
[1659.448s][info][gc,cpu         ] GC(247) User=0.02s Sys=0.00s Real=0.00s
[1659.448s][info][gc,marking     ] GC(247) Concurrent Mark 583.434ms
[1659.448s][info][gc,marking     ] GC(247) Concurrent Rebuild Remembered Sets and Scrub Regions
[1659.715s][info][gc,marking     ] GC(247) Concurrent Rebuild Remembered Sets and Scrub Regions 266.364ms
[1659.715s][info][gc,start       ] GC(247) Pause Cleanup
[1659.715s][info][gc             ] GC(247) Pause Cleanup 1656M->1656M(4096M) 0.141ms
[1659.715s][info][gc,cpu         ] GC(247) User=0.00s Sys=0.00s Real=0.00s
[1659.715s][info][gc,marking     ] GC(247) Concurrent Clear Claimed Marks
[1659.715s][info][gc,marking     ] GC(247) Concurrent Clear Claimed Marks 0.031ms
[1659.715s][info][gc,marking     ] GC(247) Concurrent Cleanup for Next Mark
[1659.719s][info][gc,marking     ] GC(247) Concurrent Cleanup for Next Mark 4.154ms
[1659.719s][info][gc             ] GC(247) Concurrent Mark Cycle 989.208ms
........[1667.264s][info][gc,start       ] GC(248) Pause Young (Prepare Mixed) (G1 Evacuation Pause)
[1667.264s][info][gc,task        ] GC(248) Using 6 workers of 6 for evacuation
[1667.381s][info][gc,phases      ] GC(248)   Pre Evacuate Collection Set: 0.35ms
[1667.381s][info][gc,phases      ] GC(248)   Merge Heap Roots: 0.56ms
[1667.381s][info][gc,phases      ] GC(248)   Evacuate Collection Set: 115.33ms
[1667.381s][info][gc,phases      ] GC(248)   Post Evacuate Collection Set: 0.93ms
[1667.381s][info][gc,phases      ] GC(248)   Other: 0.09ms
[1667.381s][info][gc,heap        ] GC(248) Eden regions: 1119->0(1114)
[1667.381s][info][gc,heap        ] GC(248) Survivor regions: 109->109(154)
[1667.381s][info][gc,heap        ] GC(248) Old regions: 501->533
[1667.381s][info][gc,heap        ] GC(248) Humongous regions: 80->80
[1667.381s][info][gc,metaspace   ] GC(248) Metaspace: 28935K(29312K)->28935K(29312K) NonClass: 24050K(24192K)->24050K(24192K) Class: 4884K(5120K)->4884K(5120K)
[1667.381s][info][gc             ] GC(248) Pause Young (Prepare Mixed) (G1 Evacuation Pause) 3617M->1442M(4096M) 117.399ms
[1667.381s][info][gc,cpu         ] GC(248) User=0.70s Sys=0.00s Real=0.12s
.. (rIR:aIR:PR = 2214:2215:2215) (tPR = 32743) [OK] 
  1668s: Performance info:
         Transaction,    Success,    Partial,     Failed,   Receipts, AvgBarcode, 
             Overall,     132961,          0,          0,     126321,      59.48, 
         Response times:
             Request,    Success,    Partial,     Failed,   SkipFail,     Probes,    Samples,      min,      p50,      p90,      p95,      p99,      max, 
       TotalPurchase,     126321,          0,          0,          0,     123287,     136864,      300,     2000,     3200,     3700,    10500,   156000,
     InStorePurchase,      66499,          0,          0,          0,      65160,      72143,      300,     2100,     3200,     3700,    10800,   154000,
      OnlinePurchase,      46527,          0,          0,          0,      45446,      50471,      300,     2000,     3100,     3540,    10100,   156000,
        InstPurchase,      13295,          0,          0,          0,      12681,      14250,      400,     2000,     3100,     3600,    10949,   138000,
          AssocOfCat,        130,          0,          0,          0,         93,        150,    21000,    29000,    34000,    40450,    54430,    58000,
      AssocOfProduct,       1331,          0,          0,          0,       1190,       1437,      500,     1400,     2500,     2900,     5362,   119000,
      BusinessReport,        331,          0,          0,          0,        260,        366,    21000,    32000,    40000,    46650,    67320,   158000,
          CustBuyBeh,       1334,          0,          0,          0,       1182,       1417,      200,     1100,     1900,     2500,     5964,   119000,
       ProductReturn,       3514,          0,          0,          0,       3203,       3723,      200,     1800,     3100,     3600,    12900,   139000,

  1668s: (17%)   IR =   2352 .....|.[1675.434s][info][gc,start       ] GC(249) Pause Young (Mixed) (G1 Evacuation Pause)
[1675.434s][info][gc,task        ] GC(249) Using 6 workers of 6 for evacuation
[1675.565s][info][gc,phases      ] GC(249)   Pre Evacuate Collection Set: 0.41ms
[1675.565s][info][gc,phases      ] GC(249)   Merge Heap Roots: 0.74ms
[1675.565s][info][gc,phases      ] GC(249)   Evacuate Collection Set: 129.25ms
[1675.565s][info][gc,phases      ] GC(249)   Post Evacuate Collection Set: 0.99ms
[1675.565s][info][gc,phases      ] GC(249)   Other: 0.09ms
[1675.565s][info][gc,heap        ] GC(249) Eden regions: 1114->0(1119)
[1675.565s][info][gc,heap        ] GC(249) Survivor regions: 109->109(153)
[1675.565s][info][gc,heap        ] GC(249) Old regions: 533->468
[1675.565s][info][gc,heap        ] GC(249) Humongous regions: 80->80
[1675.565s][info][gc,metaspace   ] GC(249) Metaspace: 28935K(29312K)->28935K(29312K) NonClass: 24050K(24192K)->24050K(24192K) Class: 4884K(5120K)->4884K(5120K)
[1675.565s][info][gc             ] GC(249) Pause Young (Mixed) (G1 Evacuation Pause) 3670M->1311M(4096M) 131.606ms
[1675.565s][info][gc,cpu         ] GC(249) User=0.78s Sys=0.00s Real=0.13s
........[1683.556s][info][gc,start       ] GC(250) Pause Young (Concurrent Start) (G1 Evacuation Pause)
[1683.556s][info][gc,task        ] GC(250) Using 6 workers of 6 for evacuation
[1683.675s][info][gc,phases      ] GC(250)   Pre Evacuate Collection Set: 0.38ms
[1683.675s][info][gc,phases      ] GC(250)   Merge Heap Roots: 0.52ms
[1683.675s][info][gc,phases      ] GC(250)   Evacuate Collection Set: 117.44ms
[1683.675s][info][gc,phases      ] GC(250)   Post Evacuate Collection Set: 0.91ms
[1683.675s][info][gc,phases      ] GC(250)   Other: 0.13ms
[1683.675s][info][gc,heap        ] GC(250) Eden regions: 1119->0(1117)
[1683.675s][info][gc,heap        ] GC(250) Survivor regions: 109->111(154)
[1683.675s][info][gc,heap        ] GC(250) Old regions: 468->500
[1683.675s][info][gc,heap        ] GC(250) Humongous regions: 80->80
[1683.675s][info][gc,metaspace   ] GC(250) Metaspace: 28935K(29312K)->28935K(29312K) NonClass: 24050K(24192K)->24050K(24192K) Class: 4884K(5120K)->4884K(5120K)
[1683.675s][info][gc             ] GC(250) Pause Young (Concurrent Start) (G1 Evacuation Pause) 3549M->1380M(4096M) 119.528ms
[1683.675s][info][gc             ] GC(251) Concurrent Mark Cycle
[1683.676s][info][gc,marking     ] GC(251) Concurrent Scan Root Regions
[1683.676s][info][gc,cpu         ] GC(250) User=0.71s Sys=0.01s Real=0.12s
[1683.830s][info][gc,marking     ] GC(251) Concurrent Scan Root Regions 154.100ms
[1683.830s][info][gc,marking     ] GC(251) Concurrent Mark
[1683.830s][info][gc,marking     ] GC(251) Concurrent Mark From Roots
[1683.830s][info][gc,task        ] GC(251) Using 2 workers of 2 for marking
.[1684.434s][info][gc,marking     ] GC(251) Concurrent Mark From Roots 604.197ms
[1684.434s][info][gc,marking     ] GC(251) Concurrent Preclean
[1684.434s][info][gc,marking     ] GC(251) Concurrent Preclean 0.052ms
[1684.434s][info][gc,start       ] GC(251) Pause Remark
[1684.437s][info][gc             ] GC(251) Pause Remark 1645M->1645M(4096M) 3.366ms
[1684.437s][info][gc,cpu         ] GC(251) User=0.02s Sys=0.00s Real=0.00s
[1684.437s][info][gc,marking     ] GC(251) Concurrent Mark 607.834ms
[1684.437s][info][gc,marking     ] GC(251) Concurrent Rebuild Remembered Sets and Scrub Regions
[1684.657s][info][gc,marking     ] GC(251) Concurrent Rebuild Remembered Sets and Scrub Regions 219.605ms
[1684.657s][info][gc,start       ] GC(251) Pause Cleanup
[1684.657s][info][gc             ] GC(251) Pause Cleanup 1697M->1697M(4096M) 0.131ms
[1684.657s][info][gc,cpu         ] GC(251) User=0.00s Sys=0.00s Real=0.00s
[1684.657s][info][gc,marking     ] GC(251) Concurrent Clear Claimed Marks
[1684.657s][info][gc,marking     ] GC(251) Concurrent Clear Claimed Marks 0.034ms
[1684.657s][info][gc,marking     ] GC(251) Concurrent Cleanup for Next Mark
[1684.661s][info][gc,marking     ] GC(251) Concurrent Cleanup for Next Mark 3.187ms
[1684.661s][info][gc             ] GC(251) Concurrent Mark Cycle 985.210ms
.......[1691.669s][info][gc,start       ] GC(252) Pause Young (Prepare Mixed) (G1 Evacuation Pause)
[1691.669s][info][gc,task        ] GC(252) Using 6 workers of 6 for evacuation
[1691.786s][info][gc,phases      ] GC(252)   Pre Evacuate Collection Set: 0.33ms
[1691.787s][info][gc,phases      ] GC(252)   Merge Heap Roots: 0.68ms
[1691.787s][info][gc,phases      ] GC(252)   Evacuate Collection Set: 115.16ms
[1691.787s][info][gc,phases      ] GC(252)   Post Evacuate Collection Set: 0.99ms
[1691.787s][info][gc,phases      ] GC(252)   Other: 0.11ms
[1691.787s][info][gc,heap        ] GC(252) Eden regions: 1117->0(1116)
[1691.787s][info][gc,heap        ] GC(252) Survivor regions: 111->109(154)
[1691.787s][info][gc,heap        ] GC(252) Old regions: 500->531
[1691.787s][info][gc,heap        ] GC(252) Humongous regions: 80->80
[1691.787s][info][gc,metaspace   ] GC(252) Metaspace: 28935K(29312K)->28935K(29312K) NonClass: 24050K(24192K)->24050K(24192K) Class: 4884K(5120K)->4884K(5120K)
[1691.787s][info][gc             ] GC(252) Pause Young (Prepare Mixed) (G1 Evacuation Pause) 3614M->1438M(4096M) 117.415ms
[1691.787s][info][gc,cpu         ] GC(252) User=0.70s Sys=0.00s Real=0.12s
........[1699.679s][info][gc,start       ] GC(253) Pause Young (Mixed) (G1 Evacuation Pause)
[1699.679s][info][gc,task        ] GC(253) Using 6 workers of 6 for evacuation
[1699.812s][info][gc,phases      ] GC(253)   Pre Evacuate Collection Set: 0.42ms
[1699.812s][info][gc,phases      ] GC(253)   Merge Heap Roots: 0.74ms
[1699.812s][info][gc,phases      ] GC(253)   Evacuate Collection Set: 130.81ms
[1699.812s][info][gc,phases      ] GC(253)   Post Evacuate Collection Set: 0.96ms
[1699.812s][info][gc,phases      ] GC(253)   Other: 0.09ms
[1699.812s][info][gc,heap        ] GC(253) Eden regions: 1116->0(1120)
[1699.812s][info][gc,heap        ] GC(253) Survivor regions: 109->108(154)
[1699.812s][info][gc,heap        ] GC(253) Old regions: 531->469
[1699.812s][info][gc,heap        ] GC(253) Humongous regions: 80->80
[1699.812s][info][gc,metaspace   ] GC(253) Metaspace: 28935K(29312K)->28935K(29312K) NonClass: 24050K(24192K)->24050K(24192K) Class: 4884K(5120K)->4884K(5120K)
[1699.812s][info][gc             ] GC(253) Pause Young (Mixed) (G1 Evacuation Pause) 3670M->1313M(4096M) 133.161ms
[1699.812s][info][gc,cpu         ] GC(253) User=0.80s Sys=0.00s Real=0.14s
........[1707.844s][info][gc,start       ] GC(254) Pause Young (Concurrent Start) (G1 Evacuation Pause)
[1707.844s][info][gc,task        ] GC(254) Using 6 workers of 6 for evacuation
[1707.962s][info][gc,phases      ] GC(254)   Pre Evacuate Collection Set: 0.41ms
[1707.962s][info][gc,phases      ] GC(254)   Merge Heap Roots: 0.62ms
[1707.962s][info][gc,phases      ] GC(254)   Evacuate Collection Set: 115.59ms
[1707.962s][info][gc,phases      ] GC(254)   Post Evacuate Collection Set: 0.91ms
[1707.962s][info][gc,phases      ] GC(254)   Other: 0.12ms
[1707.962s][info][gc,heap        ] GC(254) Eden regions: 1120->0(1119)
[1707.962s][info][gc,heap        ] GC(254) Survivor regions: 108->109(154)
[1707.962s][info][gc,heap        ] GC(254) Old regions: 469->501
[1707.962s][info][gc,heap        ] GC(254) Humongous regions: 80->80
[1707.962s][info][gc,metaspace   ] GC(254) Metaspace: 28935K(29312K)->28935K(29312K) NonClass: 24050K(24192K)->24050K(24192K) Class: 4884K(5120K)->4884K(5120K)
[1707.962s][info][gc             ] GC(254) Pause Young (Concurrent Start) (G1 Evacuation Pause) 3553M->1379M(4096M) 117.772ms
[1707.962s][info][gc             ] GC(255) Concurrent Mark Cycle
[1707.962s][info][gc,marking     ] GC(255) Concurrent Scan Root Regions
[1707.962s][info][gc,cpu         ] GC(254) User=0.70s Sys=0.00s Real=0.12s
.[1708.114s][info][gc,marking     ] GC(255) Concurrent Scan Root Regions 152.172ms
[1708.114s][info][gc,marking     ] GC(255) Concurrent Mark
[1708.114s][info][gc,marking     ] GC(255) Concurrent Mark From Roots
[1708.114s][info][gc,task        ] GC(255) Using 2 workers of 2 for marking
[1708.701s][info][gc,marking     ] GC(255) Concurrent Mark From Roots 587.243ms
[1708.701s][info][gc,marking     ] GC(255) Concurrent Preclean
[1708.701s][info][gc,marking     ] GC(255) Concurrent Preclean 0.033ms
[1708.701s][info][gc,start       ] GC(255) Pause Remark
[1708.705s][info][gc             ] GC(255) Pause Remark 1628M->1628M(4096M) 3.366ms
[1708.705s][info][gc,cpu         ] GC(255) User=0.01s Sys=0.00s Real=0.00s
[1708.705s][info][gc,marking     ] GC(255) Concurrent Mark 590.865ms
[1708.705s][info][gc,marking     ] GC(255) Concurrent Rebuild Remembered Sets and Scrub Regions
[1708.943s][info][gc,marking     ] GC(255) Concurrent Rebuild Remembered Sets and Scrub Regions 238.280ms
[1708.943s][info][gc,start       ] GC(255) Pause Cleanup
[1708.943s][info][gc             ] GC(255) Pause Cleanup 1706M->1706M(4096M) 0.135ms
[1708.944s][info][gc,cpu         ] GC(255) User=0.00s Sys=0.00s Real=0.00s
[1708.944s][info][gc,marking     ] GC(255) Concurrent Clear Claimed Marks
[1708.944s][info][gc,marking     ] GC(255) Concurrent Clear Claimed Marks 0.035ms
[1708.944s][info][gc,marking     ] GC(255) Concurrent Cleanup for Next Mark
[1708.947s][info][gc,marking     ] GC(255) Concurrent Cleanup for Next Mark 3.382ms
[1708.947s][info][gc             ] GC(255) Concurrent Mark Cycle 985.208ms
.......[1715.927s][info][gc,start       ] GC(256) Pause Young (Prepare Mixed) (G1 Evacuation Pause)
[1715.927s][info][gc,task        ] GC(256) Using 6 workers of 6 for evacuation
[1716.043s][info][gc,phases      ] GC(256)   Pre Evacuate Collection Set: 0.37ms
[1716.043s][info][gc,phases      ] GC(256)   Merge Heap Roots: 0.66ms
[1716.043s][info][gc,phases      ] GC(256)   Evacuate Collection Set: 113.99ms
[1716.043s][info][gc,phases      ] GC(256)   Post Evacuate Collection Set: 0.93ms
[1716.043s][info][gc,phases      ] GC(256)   Other: 0.08ms
[1716.043s][info][gc,heap        ] GC(256) Eden regions: 1119->0(1117)
[1716.043s][info][gc,heap        ] GC(256) Survivor regions: 109->108(154)
[1716.043s][info][gc,heap        ] GC(256) Old regions: 501->532
[1716.043s][info][gc,heap        ] GC(256) Humongous regions: 80->80
[1716.043s][info][gc,metaspace   ] GC(256) Metaspace: 28935K(29312K)->28935K(29312K) NonClass: 24051K(24192K)->24051K(24192K) Class: 4884K(5120K)->4884K(5120K)
[1716.043s][info][gc             ] GC(256) Pause Young (Prepare Mixed) (G1 Evacuation Pause) 3617M->1438M(4096M) 116.193ms
[1716.043s][info][gc,cpu         ] GC(256) User=0.69s Sys=0.00s Real=0.12s
........[1723.936s][info][gc,start       ] GC(257) Pause Young (Mixed) (G1 Evacuation Pause)
[1723.936s][info][gc,task        ] GC(257) Using 6 workers of 6 for evacuation
[1724.068s][info][gc,phases      ] GC(257)   Pre Evacuate Collection Set: 0.40ms
[1724.068s][info][gc,phases      ] GC(257)   Merge Heap Roots: 0.83ms
[1724.068s][info][gc,phases      ] GC(257)   Evacuate Collection Set: 129.97ms
[1724.068s][info][gc,phases      ] GC(257)   Post Evacuate Collection Set: 0.96ms
[1724.068s][info][gc,phases      ] GC(257)   Other: 0.09ms
[1724.068s][info][gc,heap        ] GC(257) Eden regions: 1117->0(1118)
[1724.068s][info][gc,heap        ] GC(257) Survivor regions: 108->110(154)
[1724.068s][info][gc,heap        ] GC(257) Old regions: 532->469
[1724.068s][info][gc,heap        ] GC(257) Humongous regions: 80->80
[1724.068s][info][gc,metaspace   ] GC(257) Metaspace: 28935K(29312K)->28935K(29312K) NonClass: 24051K(24192K)->24051K(24192K) Class: 4884K(5120K)->4884K(5120K)
[1724.068s][info][gc             ] GC(257) Pause Young (Mixed) (G1 Evacuation Pause) 3672M->1315M(4096M) 132.382ms
[1724.069s][info][gc,cpu         ] GC(257) User=0.79s Sys=0.00s Real=0.13s
........[1732.020s][info][gc,start       ] GC(258) Pause Young (Concurrent Start) (G1 Evacuation Pause)
[1732.020s][info][gc,task        ] GC(258) Using 6 workers of 6 for evacuation
[1732.136s][info][gc,phases      ] GC(258)   Pre Evacuate Collection Set: 0.41ms
[1732.136s][info][gc,phases      ] GC(258)   Merge Heap Roots: 0.58ms
[1732.136s][info][gc,phases      ] GC(258)   Evacuate Collection Set: 113.62ms
[1732.136s][info][gc,phases      ] GC(258)   Post Evacuate Collection Set: 0.89ms
[1732.136s][info][gc,phases      ] GC(258)   Other: 0.12ms
[1732.136s][info][gc,heap        ] GC(258) Eden regions: 1118->0(1120)
[1732.136s][info][gc,heap        ] GC(258) Survivor regions: 110->108(154)
[1732.136s][info][gc,heap        ] GC(258) Old regions: 469->500
[1732.136s][info][gc,heap        ] GC(258) Humongous regions: 80->80
[1732.136s][info][gc,metaspace   ] GC(258) Metaspace: 28935K(29312K)->28935K(29312K) NonClass: 24051K(24192K)->24051K(24192K) Class: 4884K(5120K)->4884K(5120K)
[1732.136s][info][gc             ] GC(258) Pause Young (Concurrent Start) (G1 Evacuation Pause) 3551M->1375M(4096M) 115.798ms
[1732.136s][info][gc             ] GC(259) Concurrent Mark Cycle
[1732.136s][info][gc,marking     ] GC(259) Concurrent Scan Root Regions
[1732.136s][info][gc,cpu         ] GC(258) User=0.69s Sys=0.00s Real=0.11s
.[1732.261s][info][gc,marking     ] GC(259) Concurrent Scan Root Regions 124.876ms
[1732.261s][info][gc,marking     ] GC(259) Concurrent Mark
[1732.261s][info][gc,marking     ] GC(259) Concurrent Mark From Roots
[1732.261s][info][gc,task        ] GC(259) Using 2 workers of 2 for marking
[1732.869s][info][gc,marking     ] GC(259) Concurrent Mark From Roots 608.402ms
[1732.869s][info][gc,marking     ] GC(259) Concurrent Preclean
[1732.869s][info][gc,marking     ] GC(259) Concurrent Preclean 0.044ms
[1732.869s][info][gc,start       ] GC(259) Pause Remark
[1732.872s][info][gc             ] GC(259) Pause Remark 1614M->1614M(4096M) 2.850ms
[1732.872s][info][gc,cpu         ] GC(259) User=0.02s Sys=0.00s Real=0.00s
[1732.872s][info][gc,marking     ] GC(259) Concurrent Mark 611.544ms
[1732.872s][info][gc,marking     ] GC(259) Concurrent Rebuild Remembered Sets and Scrub Regions
[1733.088s][info][gc,marking     ] GC(259) Concurrent Rebuild Remembered Sets and Scrub Regions 215.519ms
[1733.088s][info][gc,start       ] GC(259) Pause Cleanup
[1733.088s][info][gc             ] GC(259) Pause Cleanup 1655M->1655M(4096M) 0.136ms
[1733.088s][info][gc,cpu         ] GC(259) User=0.00s Sys=0.00s Real=0.00s
[1733.088s][info][gc,marking     ] GC(259) Concurrent Clear Claimed Marks
[1733.088s][info][gc,marking     ] GC(259) Concurrent Clear Claimed Marks 0.036ms
[1733.088s][info][gc,marking     ] GC(259) Concurrent Cleanup for Next Mark
[1733.091s][info][gc,marking     ] GC(259) Concurrent Cleanup for Next Mark 3.256ms
[1733.091s][info][gc             ] GC(259) Concurrent Mark Cycle 955.688ms
.. (rIR:aIR:PR = 2352:2351:2351) (tPR = 34815) [OK] 
  1733s: Performance info:
         Transaction,    Success,    Partial,     Failed,   Receipts, AvgBarcode, 
             Overall,     141318,          0,          0,     134253,      59.49, 
         Response times:
             Request,    Success,    Partial,     Failed,   SkipFail,     Probes,    Samples,      min,      p50,      p90,      p95,      p99,      max, 
       TotalPurchase,     134253,          0,          0,          0,     131384,     143616,      300,     2100,     3300,     3800,    14200,   177000,
     InStorePurchase,      70654,          0,          0,          0,      69328,      75587,      300,     2100,     3300,     3800,    14600,   177000,
      OnlinePurchase,      49463,          0,          0,          0,      48361,      52809,      300,     2000,     3200,     3700,    12900,   139000,
        InstPurchase,      14136,          0,          0,          0,      13695,      15220,      400,     2200,     3300,     3800,    13479,   137000,
          AssocOfCat,        143,          0,          0,          0,        108,        151,    18600,    28000,    33000,    35000,    43880,    47000,
      AssocOfProduct,       1414,          0,          0,          0,       1248,       1470,      500,     2400,     3500,     4100,    21290,   138000,
      BusinessReport,        352,          0,          0,          0,        276,        380,    25000,    33000,    45000,    51950,   134790,   173000,
          CustBuyBeh,       1410,          0,          0,          0,       1241,       1489,      200,     2600,     3500,     4400,    22900,   136000,
       ProductReturn,       3746,          0,          0,          0,       3486,       3999,      300,     1900,     3200,     3700,    14900,   137000,

  1733s: (18%)   IR =   2491 .....[1739.869s][info][gc,start       ] GC(260) Pause Young (Prepare Mixed) (G1 Evacuation Pause)
[1739.869s][info][gc,task        ] GC(260) Using 6 workers of 6 for evacuation
[1739.987s][info][gc,phases      ] GC(260)   Pre Evacuate Collection Set: 0.36ms
[1739.987s][info][gc,phases      ] GC(260)   Merge Heap Roots: 0.61ms
[1739.987s][info][gc,phases      ] GC(260)   Evacuate Collection Set: 115.87ms
[1739.987s][info][gc,phases      ] GC(260)   Post Evacuate Collection Set: 0.95ms
[1739.987s][info][gc,phases      ] GC(260)   Other: 0.10ms
[1739.987s][info][gc,heap        ] GC(260) Eden regions: 1120->0(1115)
[1739.987s][info][gc,heap        ] GC(260) Survivor regions: 108->109(154)
[1739.987s][info][gc,heap        ] GC(260) Old regions: 500->532
[1739.987s][info][gc,heap        ] GC(260) Humongous regions: 80->80
[1739.987s][info][gc,metaspace   ] GC(260) Metaspace: 28936K(29312K)->28936K(29312K) NonClass: 24051K(24192K)->24051K(24192K) Class: 4884K(5120K)->4884K(5120K)
[1739.987s][info][gc             ] GC(260) Pause Young (Prepare Mixed) (G1 Evacuation Pause) 3615M->1441M(4096M) 118.007ms
[1739.987s][info][gc,cpu         ] GC(260) User=0.71s Sys=0.00s Real=0.12s
.|.......[1747.446s][info][gc,start       ] GC(261) Pause Young (Mixed) (G1 Evacuation Pause)
[1747.446s][info][gc,task        ] GC(261) Using 6 workers of 6 for evacuation
[1747.578s][info][gc,phases      ] GC(261)   Pre Evacuate Collection Set: 0.42ms
[1747.578s][info][gc,phases      ] GC(261)   Merge Heap Roots: 0.85ms
[1747.578s][info][gc,phases      ] GC(261)   Evacuate Collection Set: 129.74ms
[1747.578s][info][gc,phases      ] GC(261)   Post Evacuate Collection Set: 0.95ms
[1747.578s][info][gc,phases      ] GC(261)   Other: 0.11ms
[1747.578s][info][gc,heap        ] GC(261) Eden regions: 1115->0(1118)
[1747.578s][info][gc,heap        ] GC(261) Survivor regions: 109->110(153)
[1747.578s][info][gc,heap        ] GC(261) Old regions: 532->470
[1747.578s][info][gc,heap        ] GC(261) Humongous regions: 80->80
[1747.578s][info][gc,metaspace   ] GC(261) Metaspace: 28936K(29312K)->28936K(29312K) NonClass: 24051K(24192K)->24051K(24192K) Class: 4884K(5120K)->4884K(5120K)
[1747.578s][info][gc             ] GC(261) Pause Young (Mixed) (G1 Evacuation Pause) 3671M->1319M(4096M) 132.240ms
[1747.578s][info][gc,cpu         ] GC(261) User=0.79s Sys=0.00s Real=0.13s
........[1755.206s][info][gc,start       ] GC(262) Pause Young (Concurrent Start) (G1 Evacuation Pause)
[1755.206s][info][gc,task        ] GC(262) Using 6 workers of 6 for evacuation
[1755.324s][info][gc,phases      ] GC(262)   Pre Evacuate Collection Set: 0.37ms
[1755.324s][info][gc,phases      ] GC(262)   Merge Heap Roots: 0.59ms
[1755.324s][info][gc,phases      ] GC(262)   Evacuate Collection Set: 116.15ms
[1755.324s][info][gc,phases      ] GC(262)   Post Evacuate Collection Set: 0.88ms
[1755.324s][info][gc,phases      ] GC(262)   Other: 0.11ms
[1755.324s][info][gc,heap        ] GC(262) Eden regions: 1118->0(1117)
[1755.324s][info][gc,heap        ] GC(262) Survivor regions: 110->111(154)
[1755.324s][info][gc,heap        ] GC(262) Old regions: 470->502
[1755.324s][info][gc,heap        ] GC(262) Humongous regions: 80->80
[1755.324s][info][gc,metaspace   ] GC(262) Metaspace: 28936K(29312K)->28936K(29312K) NonClass: 24051K(24192K)->24051K(24192K) Class: 4884K(5120K)->4884K(5120K)
[1755.324s][info][gc             ] GC(262) Pause Young (Concurrent Start) (G1 Evacuation Pause) 3555M->1384M(4096M) 118.237ms
[1755.324s][info][gc             ] GC(263) Concurrent Mark Cycle
[1755.324s][info][gc,marking     ] GC(263) Concurrent Scan Root Regions
[1755.324s][info][gc,cpu         ] GC(262) User=0.70s Sys=0.00s Real=0.12s
[1755.459s][info][gc,marking     ] GC(263) Concurrent Scan Root Regions 134.220ms
[1755.459s][info][gc,marking     ] GC(263) Concurrent Mark
[1755.459s][info][gc,marking     ] GC(263) Concurrent Mark From Roots
[1755.459s][info][gc,task        ] GC(263) Using 2 workers of 2 for marking
[1756.084s][info][gc,marking     ] GC(263) Concurrent Mark From Roots 625.181ms
[1756.084s][info][gc,marking     ] GC(263) Concurrent Preclean
[1756.084s][info][gc,marking     ] GC(263) Concurrent Preclean 0.044ms
[1756.084s][info][gc,start       ] GC(263) Pause Remark
[1756.087s][info][gc             ] GC(263) Pause Remark 1651M->1651M(4096M) 3.179ms
[1756.087s][info][gc,cpu         ] GC(263) User=0.01s Sys=0.00s Real=0.00s
[1756.087s][info][gc,marking     ] GC(263) Concurrent Mark 628.626ms
[1756.087s][info][gc,marking     ] GC(263) Concurrent Rebuild Remembered Sets and Scrub Regions
.[1756.436s][info][gc,marking     ] GC(263) Concurrent Rebuild Remembered Sets and Scrub Regions 348.385ms
[1756.436s][info][gc,start       ] GC(263) Pause Cleanup
[1756.436s][info][gc             ] GC(263) Pause Cleanup 1754M->1754M(4096M) 0.128ms
[1756.436s][info][gc,cpu         ] GC(263) User=0.00s Sys=0.00s Real=0.00s
[1756.436s][info][gc,marking     ] GC(263) Concurrent Clear Claimed Marks
[1756.436s][info][gc,marking     ] GC(263) Concurrent Clear Claimed Marks 0.036ms
[1756.436s][info][gc,marking     ] GC(263) Concurrent Cleanup for Next Mark
[1756.441s][info][gc,marking     ] GC(263) Concurrent Cleanup for Next Mark 4.518ms
[1756.441s][info][gc             ] GC(263) Concurrent Mark Cycle 1116.290ms
......[1762.801s][info][gc,start       ] GC(264) Pause Young (Prepare Mixed) (G1 Evacuation Pause)
[1762.801s][info][gc,task        ] GC(264) Using 6 workers of 6 for evacuation
[1762.920s][info][gc,phases      ] GC(264)   Pre Evacuate Collection Set: 0.35ms
[1762.920s][info][gc,phases      ] GC(264)   Merge Heap Roots: 0.62ms
[1762.920s][info][gc,phases      ] GC(264)   Evacuate Collection Set: 116.97ms
[1762.920s][info][gc,phases      ] GC(264)   Post Evacuate Collection Set: 0.93ms
[1762.920s][info][gc,phases      ] GC(264)   Other: 0.09ms
[1762.920s][info][gc,heap        ] GC(264) Eden regions: 1117->0(1111)
[1762.920s][info][gc,heap        ] GC(264) Survivor regions: 111->110(154)
[1762.920s][info][gc,heap        ] GC(264) Old regions: 502->534
[1762.920s][info][gc,heap        ] GC(264) Humongous regions: 80->80
[1762.920s][info][gc,metaspace   ] GC(264) Metaspace: 28937K(29312K)->28937K(29312K) NonClass: 24053K(24192K)->24053K(24192K) Class: 4884K(5120K)->4884K(5120K)
[1762.920s][info][gc             ] GC(264) Pause Young (Prepare Mixed) (G1 Evacuation Pause) 3618M->1447M(4096M) 119.111ms
[1762.920s][info][gc,cpu         ] GC(264) User=0.70s Sys=0.00s Real=0.12s
........[1770.350s][info][gc,start       ] GC(265) Pause Young (Mixed) (G1 Evacuation Pause)
[1770.350s][info][gc,task        ] GC(265) Using 6 workers of 6 for evacuation
[1770.484s][info][gc,phases      ] GC(265)   Pre Evacuate Collection Set: 0.39ms
[1770.484s][info][gc,phases      ] GC(265)   Merge Heap Roots: 0.87ms
[1770.484s][info][gc,phases      ] GC(265)   Evacuate Collection Set: 131.25ms
[1770.484s][info][gc,phases      ] GC(265)   Post Evacuate Collection Set: 0.96ms
[1770.484s][info][gc,phases      ] GC(265)   Other: 0.10ms
[1770.484s][info][gc,heap        ] GC(265) Eden regions: 1111->0(1120)
[1770.484s][info][gc,heap        ] GC(265) Survivor regions: 110->108(153)
[1770.484s][info][gc,heap        ] GC(265) Old regions: 534->470
[1770.484s][info][gc,heap        ] GC(265) Humongous regions: 80->80
[1770.484s][info][gc,metaspace   ] GC(265) Metaspace: 28941K(29312K)->28941K(29312K) NonClass: 24056K(24192K)->24056K(24192K) Class: 4884K(5120K)->4884K(5120K)
[1770.484s][info][gc             ] GC(265) Pause Young (Mixed) (G1 Evacuation Pause) 3669M->1313M(4096M) 133.701ms
[1770.484s][info][gc,cpu         ] GC(265) User=0.79s Sys=0.00s Real=0.13s
.......[1777.956s][info][gc,start       ] GC(266) Pause Young (Concurrent Start) (G1 Evacuation Pause)
[1777.956s][info][gc,task        ] GC(266) Using 6 workers of 6 for evacuation
[1778.071s][info][gc,phases      ] GC(266)   Pre Evacuate Collection Set: 0.41ms
[1778.071s][info][gc,phases      ] GC(266)   Merge Heap Roots: 0.58ms
[1778.071s][info][gc,phases      ] GC(266)   Evacuate Collection Set: 113.17ms
[1778.071s][info][gc,phases      ] GC(266)   Post Evacuate Collection Set: 0.92ms
[1778.071s][info][gc,phases      ] GC(266)   Other: 0.12ms
[1778.071s][info][gc,heap        ] GC(266) Eden regions: 1120->0(1120)
[1778.071s][info][gc,heap        ] GC(266) Survivor regions: 108->108(154)
[1778.071s][info][gc,heap        ] GC(266) Old regions: 470->502
[1778.071s][info][gc,heap        ] GC(266) Humongous regions: 80->80
[1778.071s][info][gc,metaspace   ] GC(266) Metaspace: 28943K(29312K)->28943K(29312K) NonClass: 24059K(24192K)->24059K(24192K) Class: 4884K(5120K)->4884K(5120K)
[1778.071s][info][gc             ] GC(266) Pause Young (Concurrent Start) (G1 Evacuation Pause) 3553M->1378M(4096M) 115.350ms
[1778.071s][info][gc             ] GC(267) Concurrent Mark Cycle
[1778.071s][info][gc,marking     ] GC(267) Concurrent Scan Root Regions
[1778.071s][info][gc,cpu         ] GC(266) User=0.69s Sys=0.00s Real=0.12s
.[1778.203s][info][gc,marking     ] GC(267) Concurrent Scan Root Regions 131.434ms
[1778.203s][info][gc,marking     ] GC(267) Concurrent Mark
[1778.203s][info][gc,marking     ] GC(267) Concurrent Mark From Roots
[1778.203s][info][gc,task        ] GC(267) Using 2 workers of 2 for marking
[1778.808s][info][gc,marking     ] GC(267) Concurrent Mark From Roots 605.248ms
[1778.808s][info][gc,marking     ] GC(267) Concurrent Preclean
[1778.808s][info][gc,marking     ] GC(267) Concurrent Preclean 0.033ms
[1778.808s][info][gc,start       ] GC(267) Pause Remark
[1778.811s][info][gc             ] GC(267) Pause Remark 1601M->1601M(4096M) 3.233ms
[1778.811s][info][gc,cpu         ] GC(267) User=0.02s Sys=0.00s Real=0.01s
[1778.811s][info][gc,marking     ] GC(267) Concurrent Mark 608.736ms
[1778.811s][info][gc,marking     ] GC(267) Concurrent Rebuild Remembered Sets and Scrub Regions
[1779.051s][info][gc,marking     ] GC(267) Concurrent Rebuild Remembered Sets and Scrub Regions 239.291ms
[1779.051s][info][gc,start       ] GC(267) Pause Cleanup
[1779.051s][info][gc             ] GC(267) Pause Cleanup 1688M->1688M(4096M) 0.133ms
[1779.051s][info][gc,cpu         ] GC(267) User=0.00s Sys=0.00s Real=0.00s
[1779.051s][info][gc,marking     ] GC(267) Concurrent Clear Claimed Marks
[1779.051s][info][gc,marking     ] GC(267) Concurrent Clear Claimed Marks 0.027ms
[1779.051s][info][gc,marking     ] GC(267) Concurrent Cleanup for Next Mark
[1779.054s][info][gc,marking     ] GC(267) Concurrent Cleanup for Next Mark 3.361ms
[1779.054s][info][gc             ] GC(267) Concurrent Mark Cycle 983.291ms
.......[1785.684s][info][gc,start       ] GC(268) Pause Young (Prepare Mixed) (G1 Evacuation Pause)
[1785.684s][info][gc,task        ] GC(268) Using 6 workers of 6 for evacuation
[1785.803s][info][gc,phases      ] GC(268)   Pre Evacuate Collection Set: 0.34ms
[1785.803s][info][gc,phases      ] GC(268)   Merge Heap Roots: 0.59ms
[1785.803s][info][gc,phases      ] GC(268)   Evacuate Collection Set: 117.32ms
[1785.803s][info][gc,phases      ] GC(268)   Post Evacuate Collection Set: 0.91ms
[1785.803s][info][gc,phases      ] GC(268)   Other: 0.09ms
[1785.803s][info][gc,heap        ] GC(268) Eden regions: 1120->0(1112)
[1785.803s][info][gc,heap        ] GC(268) Survivor regions: 108->110(154)
[1785.803s][info][gc,heap        ] GC(268) Old regions: 502->533
[1785.803s][info][gc,heap        ] GC(268) Humongous regions: 80->80
[1785.803s][info][gc,metaspace   ] GC(268) Metaspace: 28943K(29312K)->28943K(29312K) NonClass: 24059K(24192K)->24059K(24192K) Class: 4884K(5120K)->4884K(5120K)
[1785.803s][info][gc             ] GC(268) Pause Young (Prepare Mixed) (G1 Evacuation Pause) 3618M->1445M(4096M) 119.375ms
[1785.803s][info][gc,cpu         ] GC(268) User=0.71s Sys=0.00s Real=0.12s
........[1793.274s][info][gc,start       ] GC(269) Pause Young (Mixed) (G1 Evacuation Pause)
[1793.274s][info][gc,task        ] GC(269) Using 6 workers of 6 for evacuation
[1793.404s][info][gc,phases      ] GC(269)   Pre Evacuate Collection Set: 0.37ms
[1793.404s][info][gc,phases      ] GC(269)   Merge Heap Roots: 0.78ms
[1793.404s][info][gc,phases      ] GC(269)   Evacuate Collection Set: 127.81ms
[1793.404s][info][gc,phases      ] GC(269)   Post Evacuate Collection Set: 0.98ms
[1793.404s][info][gc,phases      ] GC(269)   Other: 0.09ms
[1793.404s][info][gc,heap        ] GC(269) Eden regions: 1112->0(1120)
[1793.404s][info][gc,heap        ] GC(269) Survivor regions: 110->108(153)
[1793.404s][info][gc,heap        ] GC(269) Old regions: 533->470
[1793.404s][info][gc,heap        ] GC(269) Humongous regions: 80->80
[1793.404s][info][gc,metaspace   ] GC(269) Metaspace: 28943K(29312K)->28943K(29312K) NonClass: 24059K(24192K)->24059K(24192K) Class: 4884K(5120K)->4884K(5120K)
[1793.404s][info][gc             ] GC(269) Pause Young (Mixed) (G1 Evacuation Pause) 3669M->1315M(4096M) 130.182ms
[1793.404s][info][gc,cpu         ] GC(269) User=0.78s Sys=0.00s Real=0.13s
....... (rIR:aIR:PR = 2491:2490:2490) (tPR = 37001) [OK] 
  1800s: Performance info:
         Transaction,    Success,    Partial,     Failed,   Receipts, AvgBarcode, 
             Overall,     149499,          0,          0,     142039,      59.48, 
         Response times:
             Request,    Success,    Partial,     Failed,   SkipFail,     Probes,    Samples,      min,      p50,      p90,      p95,      p99,      max, 
       TotalPurchase,     142047,          0,          0,          0,     139407,     154393,      300,     2200,     3400,     3800,    12900,   164000,
     InStorePurchase,      74745,          0,          0,          0,      73591,      81278,      300,     2100,     3400,     3800,    12821,   164000,
      OnlinePurchase,      52334,          0,          0,          0,      51324,      56918,      300,     2300,     3400,     3900,    13000,   145000,
        InstPurchase,      14968,          0,          0,          0,      14492,      16197,      400,     1700,     3100,     3500,    13302,   138000,
          AssocOfCat,        150,          0,          0,          0,        105,        152,    18500,    29000,    35000,    38050,    49820,    53000,
      AssocOfProduct,       1488,          0,          0,          0,       1328,       1622,      500,     2800,     3700,     4200,    17377,   134000,
      BusinessReport,        371,          0,          0,          0,        299,        409,    21000,    33000,    41000,    48000,    74400,   192000,
          CustBuyBeh,       1499,          0,          0,          0,       1352,       1617,      100,     1000,     2300,     2900,     7028,    32000,
       ProductReturn,       3947,          0,          0,          0,       3708,       4347,      200,     2100,     3300,     3700,    17300,   164000,

  1800s: (19%)   IR =   2629 [1800.796s][info][gc,start       ] GC(270) Pause Young (Concurrent Start) (G1 Evacuation Pause)
[1800.796s][info][gc,task        ] GC(270) Using 6 workers of 6 for evacuation
[1800.917s][info][gc,phases      ] GC(270)   Pre Evacuate Collection Set: 0.40ms
[1800.917s][info][gc,phases      ] GC(270)   Merge Heap Roots: 0.53ms
[1800.917s][info][gc,phases      ] GC(270)   Evacuate Collection Set: 119.02ms
[1800.917s][info][gc,phases      ] GC(270)   Post Evacuate Collection Set: 0.90ms
[1800.917s][info][gc,phases      ] GC(270)   Other: 0.10ms
[1800.917s][info][gc,heap        ] GC(270) Eden regions: 1120->0(1117)
[1800.917s][info][gc,heap        ] GC(270) Survivor regions: 108->111(154)
[1800.917s][info][gc,heap        ] GC(270) Old regions: 470->503
[1800.917s][info][gc,heap        ] GC(270) Humongous regions: 80->80
[1800.917s][info][gc,metaspace   ] GC(270) Metaspace: 28943K(29312K)->28943K(29312K) NonClass: 24059K(24192K)->24059K(24192K) Class: 4884K(5120K)->4884K(5120K)
[1800.917s][info][gc             ] GC(270) Pause Young (Concurrent Start) (G1 Evacuation Pause) 3555M->1385M(4096M) 121.097ms
[1800.917s][info][gc             ] GC(271) Concurrent Mark Cycle
[1800.917s][info][gc,marking     ] GC(271) Concurrent Scan Root Regions
[1800.917s][info][gc,cpu         ] GC(270) User=0.72s Sys=0.00s Real=0.12s
[1801.089s][info][gc,marking     ] GC(271) Concurrent Scan Root Regions 171.778ms
[1801.089s][info][gc,marking     ] GC(271) Concurrent Mark
[1801.089s][info][gc,marking     ] GC(271) Concurrent Mark From Roots
[1801.089s][info][gc,task        ] GC(271) Using 2 workers of 2 for marking
.[1801.737s][info][gc,marking     ] GC(271) Concurrent Mark From Roots 647.746ms
[1801.737s][info][gc,marking     ] GC(271) Concurrent Preclean
[1801.737s][info][gc,marking     ] GC(271) Concurrent Preclean 0.051ms
[1801.737s][info][gc,start       ] GC(271) Pause Remark
[1801.740s][info][gc             ] GC(271) Pause Remark 1663M->1663M(4096M) 3.376ms
[1801.740s][info][gc,cpu         ] GC(271) User=0.02s Sys=0.00s Real=0.01s
[1801.740s][info][gc,marking     ] GC(271) Concurrent Mark 651.396ms
[1801.740s][info][gc,marking     ] GC(271) Concurrent Rebuild Remembered Sets and Scrub Regions
[1801.960s][info][gc,marking     ] GC(271) Concurrent Rebuild Remembered Sets and Scrub Regions 219.334ms
[1801.960s][info][gc,start       ] GC(271) Pause Cleanup
[1801.960s][info][gc             ] GC(271) Pause Cleanup 1721M->1721M(4096M) 0.128ms
[1801.960s][info][gc,cpu         ] GC(271) User=0.00s Sys=0.00s Real=0.00s
[1801.960s][info][gc,marking     ] GC(271) Concurrent Clear Claimed Marks
[1801.960s][info][gc,marking     ] GC(271) Concurrent Clear Claimed Marks 0.030ms
[1801.960s][info][gc,marking     ] GC(271) Concurrent Cleanup for Next Mark
[1801.964s][info][gc,marking     ] GC(271) Concurrent Cleanup for Next Mark 3.481ms
[1801.964s][info][gc             ] GC(271) Concurrent Mark Cycle 1046.470ms
...|...[1808.075s][info][gc,start       ] GC(272) Pause Young (Prepare Mixed) (G1 Evacuation Pause)
[1808.075s][info][gc,task        ] GC(272) Using 6 workers of 6 for evacuation
[1808.193s][info][gc,phases      ] GC(272)   Pre Evacuate Collection Set: 0.35ms
[1808.193s][info][gc,phases      ] GC(272)   Merge Heap Roots: 0.61ms
[1808.193s][info][gc,phases      ] GC(272)   Evacuate Collection Set: 115.73ms
[1808.193s][info][gc,phases      ] GC(272)   Post Evacuate Collection Set: 0.95ms
[1808.193s][info][gc,phases      ] GC(272)   Other: 0.09ms
[1808.193s][info][gc,heap        ] GC(272) Eden regions: 1117->0(1110)
[1808.193s][info][gc,heap        ] GC(272) Survivor regions: 111->110(154)
[1808.193s][info][gc,heap        ] GC(272) Old regions: 503->535
[1808.193s][info][gc,heap        ] GC(272) Humongous regions: 80->80
[1808.193s][info][gc,metaspace   ] GC(272) Metaspace: 28943K(29312K)->28943K(29312K) NonClass: 24059K(24192K)->24059K(24192K) Class: 4884K(5120K)->4884K(5120K)
[1808.193s][info][gc             ] GC(272) Pause Young (Prepare Mixed) (G1 Evacuation Pause) 3619M->1448M(4096M) 117.881ms
[1808.193s][info][gc,cpu         ] GC(272) User=0.70s Sys=0.00s Real=0.12s
........[1815.270s][info][gc,start       ] GC(273) Pause Young (Mixed) (G1 Evacuation Pause)
[1815.270s][info][gc,task        ] GC(273) Using 6 workers of 6 for evacuation
[1815.405s][info][gc,phases      ] GC(273)   Pre Evacuate Collection Set: 0.35ms
[1815.405s][info][gc,phases      ] GC(273)   Merge Heap Roots: 0.75ms
[1815.405s][info][gc,phases      ] GC(273)   Evacuate Collection Set: 133.01ms
[1815.405s][info][gc,phases      ] GC(273)   Post Evacuate Collection Set: 0.86ms
[1815.405s][info][gc,phases      ] GC(273)   Other: 0.09ms
[1815.405s][info][gc,heap        ] GC(273) Eden regions: 1110->0(1116)
[1815.405s][info][gc,heap        ] GC(273) Survivor regions: 110->112(153)
[1815.405s][info][gc,heap        ] GC(273) Old regions: 535->469
[1815.405s][info][gc,heap        ] GC(273) Humongous regions: 80->80
[1815.405s][info][gc,metaspace   ] GC(273) Metaspace: 28943K(29312K)->28943K(29312K) NonClass: 24059K(24192K)->24059K(24192K) Class: 4884K(5120K)->4884K(5120K)
[1815.405s][info][gc             ] GC(273) Pause Young (Mixed) (G1 Evacuation Pause) 3668M->1321M(4096M) 135.174ms
[1815.405s][info][gc,cpu         ] GC(273) User=0.80s Sys=0.00s Real=0.13s
.......[1822.441s][info][gc,start       ] GC(274) Pause Young (Concurrent Start) (G1 Evacuation Pause)
[1822.441s][info][gc,task        ] GC(274) Using 6 workers of 6 for evacuation
[1822.560s][info][gc,phases      ] GC(274)   Pre Evacuate Collection Set: 0.40ms
[1822.560s][info][gc,phases      ] GC(274)   Merge Heap Roots: 0.53ms
[1822.560s][info][gc,phases      ] GC(274)   Evacuate Collection Set: 117.19ms
[1822.560s][info][gc,phases      ] GC(274)   Post Evacuate Collection Set: 0.91ms
[1822.560s][info][gc,phases      ] GC(274)   Other: 0.11ms
[1822.560s][info][gc,heap        ] GC(274) Eden regions: 1116->0(1118)
[1822.560s][info][gc,heap        ] GC(274) Survivor regions: 112->110(154)
[1822.560s][info][gc,heap        ] GC(274) Old regions: 469->501
[1822.560s][info][gc,heap        ] GC(274) Humongous regions: 80->80
[1822.560s][info][gc,metaspace   ] GC(274) Metaspace: 28943K(29312K)->28943K(29312K) NonClass: 24059K(24192K)->24059K(24192K) Class: 4884K(5120K)->4884K(5120K)
[1822.560s][info][gc             ] GC(274) Pause Young (Concurrent Start) (G1 Evacuation Pause) 3553M->1380M(4096M) 119.291ms
[1822.560s][info][gc             ] GC(275) Concurrent Mark Cycle
[1822.560s][info][gc,marking     ] GC(275) Concurrent Scan Root Regions
[1822.560s][info][gc,cpu         ] GC(274) User=0.71s Sys=0.00s Real=0.12s
[1822.688s][info][gc,marking     ] GC(275) Concurrent Scan Root Regions 128.373ms
[1822.688s][info][gc,marking     ] GC(275) Concurrent Mark
[1822.688s][info][gc,marking     ] GC(275) Concurrent Mark From Roots
[1822.688s][info][gc,task        ] GC(275) Using 2 workers of 2 for marking
.[1823.260s][info][gc,marking     ] GC(275) Concurrent Mark From Roots 571.410ms
[1823.260s][info][gc,marking     ] GC(275) Concurrent Preclean
[1823.260s][info][gc,marking     ] GC(275) Concurrent Preclean 0.034ms
[1823.260s][info][gc,start       ] GC(275) Pause Remark
[1823.263s][info][gc             ] GC(275) Pause Remark 1623M->1623M(4096M) 3.224ms
[1823.263s][info][gc,cpu         ] GC(275) User=0.01s Sys=0.00s Real=0.00s
[1823.263s][info][gc,marking     ] GC(275) Concurrent Mark 574.886ms
[1823.263s][info][gc,marking     ] GC(275) Concurrent Rebuild Remembered Sets and Scrub Regions
[1823.481s][info][gc,marking     ] GC(275) Concurrent Rebuild Remembered Sets and Scrub Regions 217.930ms
[1823.481s][info][gc,start       ] GC(275) Pause Cleanup
[1823.481s][info][gc             ] GC(275) Pause Cleanup 1693M->1693M(4096M) 0.136ms
[1823.482s][info][gc,cpu         ] GC(275) User=0.00s Sys=0.00s Real=0.00s
[1823.482s][info][gc,marking     ] GC(275) Concurrent Clear Claimed Marks
[1823.482s][info][gc,marking     ] GC(275) Concurrent Clear Claimed Marks 0.032ms
[1823.482s][info][gc,marking     ] GC(275) Concurrent Cleanup for Next Mark
[1823.485s][info][gc,marking     ] GC(275) Concurrent Cleanup for Next Mark 3.222ms
[1823.485s][info][gc             ] GC(275) Concurrent Mark Cycle 924.922ms
......[1829.711s][info][gc,start       ] GC(276) Pause Young (Prepare Mixed) (G1 Evacuation Pause)
[1829.711s][info][gc,task        ] GC(276) Using 6 workers of 6 for evacuation
[1829.830s][info][gc,phases      ] GC(276)   Pre Evacuate Collection Set: 0.37ms
[1829.830s][info][gc,phases      ] GC(276)   Merge Heap Roots: 0.62ms
[1829.830s][info][gc,phases      ] GC(276)   Evacuate Collection Set: 117.34ms
[1829.830s][info][gc,phases      ] GC(276)   Post Evacuate Collection Set: 0.95ms
[1829.830s][info][gc,phases      ] GC(276)   Other: 0.08ms
[1829.830s][info][gc,heap        ] GC(276) Eden regions: 1118->0(1109)
[1829.830s][info][gc,heap        ] GC(276) Survivor regions: 110->112(154)
[1829.830s][info][gc,heap        ] GC(276) Old regions: 501->532
[1829.830s][info][gc,heap        ] GC(276) Humongous regions: 80->80
[1829.830s][info][gc,metaspace   ] GC(276) Metaspace: 28943K(29312K)->28943K(29312K) NonClass: 24059K(24192K)->24059K(24192K) Class: 4884K(5120K)->4884K(5120K)
[1829.830s][info][gc             ] GC(276) Pause Young (Prepare Mixed) (G1 Evacuation Pause) 3616M->1446M(4096M) 119.508ms
[1829.830s][info][gc,cpu         ] GC(276) User=0.71s Sys=0.00s Real=0.12s
.......[1836.961s][info][gc,start       ] GC(277) Pause Young (Mixed) (G1 Evacuation Pause)
[1836.961s][info][gc,task        ] GC(277) Using 6 workers of 6 for evacuation
[1837.094s][info][gc,phases      ] GC(277)   Pre Evacuate Collection Set: 0.41ms
[1837.094s][info][gc,phases      ] GC(277)   Merge Heap Roots: 0.81ms
[1837.094s][info][gc,phases      ] GC(277)   Evacuate Collection Set: 130.01ms
[1837.094s][info][gc,phases      ] GC(277)   Post Evacuate Collection Set: 0.97ms
[1837.094s][info][gc,phases      ] GC(277)   Other: 0.09ms
[1837.094s][info][gc,heap        ] GC(277) Eden regions: 1109->0(1119)
[1837.094s][info][gc,heap        ] GC(277) Survivor regions: 112->109(153)
[1837.094s][info][gc,heap        ] GC(277) Old regions: 532->469
[1837.094s][info][gc,heap        ] GC(277) Humongous regions: 80->80
[1837.094s][info][gc,metaspace   ] GC(277) Metaspace: 28943K(29312K)->28943K(29312K) NonClass: 24059K(24192K)->24059K(24192K) Class: 4884K(5120K)->4884K(5120K)
[1837.094s][info][gc             ] GC(277) Pause Young (Mixed) (G1 Evacuation Pause) 3664M->1313M(4096M) 132.408ms
[1837.094s][info][gc,cpu         ] GC(277) User=0.79s Sys=0.00s Real=0.13s
.......[1844.212s][info][gc,start       ] GC(278) Pause Young (Concurrent Start) (G1 Evacuation Pause)
[1844.212s][info][gc,task        ] GC(278) Using 6 workers of 6 for evacuation
[1844.330s][info][gc,phases      ] GC(278)   Pre Evacuate Collection Set: 0.44ms
[1844.330s][info][gc,phases      ] GC(278)   Merge Heap Roots: 0.58ms
[1844.330s][info][gc,phases      ] GC(278)   Evacuate Collection Set: 115.79ms
[1844.330s][info][gc,phases      ] GC(278)   Post Evacuate Collection Set: 0.93ms
[1844.330s][info][gc,phases      ] GC(278)   Other: 0.11ms
[1844.330s][info][gc,heap        ] GC(278) Eden regions: 1119->0(1120)
[1844.330s][info][gc,heap        ] GC(278) Survivor regions: 109->108(154)
[1844.330s][info][gc,heap        ] GC(278) Old regions: 469->501
[1844.330s][info][gc,heap        ] GC(278) Humongous regions: 80->80
[1844.330s][info][gc,metaspace   ] GC(278) Metaspace: 28943K(29312K)->28943K(29312K) NonClass: 24059K(24192K)->24059K(24192K) Class: 4884K(5120K)->4884K(5120K)
[1844.330s][info][gc             ] GC(278) Pause Young (Concurrent Start) (G1 Evacuation Pause) 3551M->1375M(4096M) 117.997ms
[1844.330s][info][gc             ] GC(279) Concurrent Mark Cycle
[1844.330s][info][gc,marking     ] GC(279) Concurrent Scan Root Regions
[1844.330s][info][gc,cpu         ] GC(278) User=0.70s Sys=0.00s Real=0.12s
.[1844.475s][info][gc,marking     ] GC(279) Concurrent Scan Root Regions 145.451ms
[1844.476s][info][gc,marking     ] GC(279) Concurrent Mark
[1844.476s][info][gc,marking     ] GC(279) Concurrent Mark From Roots
[1844.476s][info][gc,task        ] GC(279) Using 2 workers of 2 for marking
[1845.058s][info][gc,marking     ] GC(279) Concurrent Mark From Roots 582.150ms
[1845.058s][info][gc,marking     ] GC(279) Concurrent Preclean
[1845.058s][info][gc,marking     ] GC(279) Concurrent Preclean 0.027ms
[1845.058s][info][gc,start       ] GC(279) Pause Remark
[1845.061s][info][gc             ] GC(279) Pause Remark 1684M->1684M(4096M) 3.255ms
[1845.061s][info][gc,cpu         ] GC(279) User=0.02s Sys=0.00s Real=0.01s
[1845.061s][info][gc,marking     ] GC(279) Concurrent Mark 585.689ms
[1845.061s][info][gc,marking     ] GC(279) Concurrent Rebuild Remembered Sets and Scrub Regions
.[1845.407s][info][gc,marking     ] GC(279) Concurrent Rebuild Remembered Sets and Scrub Regions 346.242ms
[1845.408s][info][gc,start       ] GC(279) Pause Cleanup
[1845.408s][info][gc             ] GC(279) Pause Cleanup 1764M->1764M(4096M) 0.130ms
[1845.408s][info][gc,cpu         ] GC(279) User=0.00s Sys=0.00s Real=0.00s
[1845.408s][info][gc,marking     ] GC(279) Concurrent Clear Claimed Marks
[1845.408s][info][gc,marking     ] GC(279) Concurrent Clear Claimed Marks 0.032ms
[1845.408s][info][gc,marking     ] GC(279) Concurrent Cleanup for Next Mark
[1845.411s][info][gc,marking     ] GC(279) Concurrent Cleanup for Next Mark 3.327ms
[1845.411s][info][gc             ] GC(279) Concurrent Mark Cycle 1081.176ms
......[1851.345s][info][gc,start       ] GC(280) Pause Young (Prepare Mixed) (G1 Evacuation Pause)
[1851.345s][info][gc,task        ] GC(280) Using 6 workers of 6 for evacuation
[1851.463s][info][gc,phases      ] GC(280)   Pre Evacuate Collection Set: 0.35ms
[1851.463s][info][gc,phases      ] GC(280)   Merge Heap Roots: 0.69ms
[1851.463s][info][gc,phases      ] GC(280)   Evacuate Collection Set: 115.33ms
[1851.463s][info][gc,phases      ] GC(280)   Post Evacuate Collection Set: 0.95ms
[1851.463s][info][gc,phases      ] GC(280)   Other: 0.09ms
[1851.463s][info][gc,heap        ] GC(280) Eden regions: 1120->0(1116)
[1851.463s][info][gc,heap        ] GC(280) Survivor regions: 108->108(154)
[1851.463s][info][gc,heap        ] GC(280) Old regions: 501->533
[1851.463s][info][gc,heap        ] GC(280) Humongous regions: 80->80
[1851.463s][info][gc,metaspace   ] GC(280) Metaspace: 28943K(29312K)->28943K(29312K) NonClass: 24059K(24192K)->24059K(24192K) Class: 4884K(5120K)->4884K(5120K)
[1851.463s][info][gc             ] GC(280) Pause Young (Prepare Mixed) (G1 Evacuation Pause) 3615M->1439M(4096M) 117.539ms
[1851.463s][info][gc,cpu         ] GC(280) User=0.70s Sys=0.00s Real=0.12s
.......[1858.633s][info][gc,start       ] GC(281) Pause Young (Mixed) (G1 Evacuation Pause)
[1858.633s][info][gc,task        ] GC(281) Using 6 workers of 6 for evacuation
[1858.765s][info][gc,phases      ] GC(281)   Pre Evacuate Collection Set: 0.42ms
[1858.765s][info][gc,phases      ] GC(281)   Merge Heap Roots: 0.78ms
[1858.765s][info][gc,phases      ] GC(281)   Evacuate Collection Set: 129.62ms
[1858.765s][info][gc,phases      ] GC(281)   Post Evacuate Collection Set: 0.97ms
[1858.765s][info][gc,phases      ] GC(281)   Other: 0.09ms
[1858.765s][info][gc,heap        ] GC(281) Eden regions: 1116->0(1119)
[1858.765s][info][gc,heap        ] GC(281) Survivor regions: 108->109(153)
[1858.765s][info][gc,heap        ] GC(281) Old regions: 533->470
[1858.765s][info][gc,heap        ] GC(281) Humongous regions: 80->80
[1858.765s][info][gc,metaspace   ] GC(281) Metaspace: 28943K(29312K)->28943K(29312K) NonClass: 24059K(24192K)->24059K(24192K) Class: 4884K(5120K)->4884K(5120K)
[1858.765s][info][gc             ] GC(281) Pause Young (Mixed) (G1 Evacuation Pause) 3671M->1315M(4096M) 132.027ms
[1858.765s][info][gc,cpu         ] GC(281) User=0.78s Sys=0.00s Real=0.13s
...... (rIR:aIR:PR = 2629:2628:2628) (tPR = 39244) [OK] 
  1864s: Performance info:
         Transaction,    Success,    Partial,     Failed,   Receipts, AvgBarcode, 
             Overall,     158043,          0,          0,     150147,      59.47, 
         Response times:
             Request,    Success,    Partial,     Failed,   SkipFail,     Probes,    Samples,      min,      p50,      p90,      p95,      p99,      max, 
       TotalPurchase,     150151,          0,          0,          0,     147059,     157653,      300,     2300,     3600,     4300,    18700,   137000,
     InStorePurchase,      79017,          0,          0,          0,      77907,      83404,      300,     2200,     3600,     4300,    18600,   137000,
      OnlinePurchase,      55334,          0,          0,          0,      53842,      57658,      300,     2300,     3600,     4300,    18400,   137000,
        InstPurchase,      15800,          0,          0,          0,      15310,      16591,      400,     2600,     3700,     4400,    21000,   137000,
          AssocOfCat,        157,          0,          0,          0,        110,        157,    18700,    29000,    34000,    37100,    62000,    62000,
      AssocOfProduct,       1585,          0,          0,          0,       1391,       1588,      700,     2400,     3500,     4200,    25990,   122000,
      BusinessReport,        394,          0,          0,          0,        334,        416,    23000,    34000,    42300,    52150,    99960,   184000,
          CustBuyBeh,       1574,          0,          0,          0,       1422,       1681,      200,     2700,     3900,     4500,    22000,   122000,
       ProductReturn,       4185,          0,          0,          0,       3881,       4288,      300,     1800,     3400,     4000,    16011,    60000,

  1864s: (20%)   IR =   2767 .[1865.752s][info][gc,start       ] GC(282) Pause Young (Concurrent Start) (G1 Evacuation Pause)
[1865.752s][info][gc,task        ] GC(282) Using 6 workers of 6 for evacuation
[1865.870s][info][gc,phases      ] GC(282)   Pre Evacuate Collection Set: 0.45ms
[1865.870s][info][gc,phases      ] GC(282)   Merge Heap Roots: 0.62ms
[1865.870s][info][gc,phases      ] GC(282)   Evacuate Collection Set: 116.01ms
[1865.870s][info][gc,phases      ] GC(282)   Post Evacuate Collection Set: 0.93ms
[1865.870s][info][gc,phases      ] GC(282)   Other: 0.14ms
[1865.870s][info][gc,heap        ] GC(282) Eden regions: 1119->0(1118)
[1865.870s][info][gc,heap        ] GC(282) Survivor regions: 109->110(154)
[1865.870s][info][gc,heap        ] GC(282) Old regions: 470->502
[1865.870s][info][gc,heap        ] GC(282) Humongous regions: 80->80
[1865.870s][info][gc,metaspace   ] GC(282) Metaspace: 28943K(29312K)->28943K(29312K) NonClass: 24059K(24192K)->24059K(24192K) Class: 4884K(5120K)->4884K(5120K)
[1865.870s][info][gc             ] GC(282) Pause Young (Concurrent Start) (G1 Evacuation Pause) 3553M->1381M(4096M) 118.289ms
[1865.870s][info][gc             ] GC(283) Concurrent Mark Cycle
[1865.870s][info][gc,marking     ] GC(283) Concurrent Scan Root Regions
[1865.870s][info][gc,cpu         ] GC(282) User=0.71s Sys=0.00s Real=0.12s
[1866.041s][info][gc,marking     ] GC(283) Concurrent Scan Root Regions 170.422ms
[1866.041s][info][gc,marking     ] GC(283) Concurrent Mark
[1866.041s][info][gc,marking     ] GC(283) Concurrent Mark From Roots
[1866.041s][info][gc,task        ] GC(283) Using 2 workers of 2 for marking
.[1866.971s][info][gc,marking     ] GC(283) Concurrent Mark From Roots 929.974ms
[1866.971s][info][gc,marking     ] GC(283) Concurrent Preclean
[1866.971s][info][gc,marking     ] GC(283) Concurrent Preclean 0.044ms
[1866.971s][info][gc,start       ] GC(283) Pause Remark
[1866.975s][info][gc             ] GC(283) Pause Remark 1768M->1768M(4096M) 4.253ms
[1866.975s][info][gc,cpu         ] GC(283) User=0.02s Sys=0.00s Real=0.00s
[1866.975s][info][gc,marking     ] GC(283) Concurrent Mark 934.536ms
[1866.975s][info][gc,marking     ] GC(283) Concurrent Rebuild Remembered Sets and Scrub Regions
[1867.322s][info][gc,marking     ] GC(283) Concurrent Rebuild Remembered Sets and Scrub Regions 346.987ms
[1867.322s][info][gc,start       ] GC(283) Pause Cleanup
[1867.322s][info][gc             ] GC(283) Pause Cleanup 1868M->1868M(4096M) 0.133ms
[1867.323s][info][gc,cpu         ] GC(283) User=0.00s Sys=0.00s Real=0.00s
[1867.323s][info][gc,marking     ] GC(283) Concurrent Clear Claimed Marks
[1867.323s][info][gc,marking     ] GC(283) Concurrent Clear Claimed Marks 0.048ms
[1867.323s][info][gc,marking     ] GC(283) Concurrent Cleanup for Next Mark
[1867.328s][info][gc,marking     ] GC(283) Concurrent Cleanup for Next Mark 4.920ms
[1867.328s][info][gc             ] GC(283) Concurrent Mark Cycle 1457.811ms
.....|.[1872.682s][info][gc,start       ] GC(284) Pause Young (Prepare Mixed) (G1 Evacuation Pause)
[1872.682s][info][gc,task        ] GC(284) Using 6 workers of 6 for evacuation
[1872.804s][info][gc,phases      ] GC(284)   Pre Evacuate Collection Set: 0.37ms
[1872.804s][info][gc,phases      ] GC(284)   Merge Heap Roots: 0.61ms
[1872.804s][info][gc,phases      ] GC(284)   Evacuate Collection Set: 119.69ms
[1872.804s][info][gc,phases      ] GC(284)   Post Evacuate Collection Set: 0.93ms
[1872.804s][info][gc,phases      ] GC(284)   Other: 0.09ms
[1872.804s][info][gc,heap        ] GC(284) Eden regions: 1118->0(1103)
[1872.804s][info][gc,heap        ] GC(284) Survivor regions: 110->114(154)
[1872.804s][info][gc,heap        ] GC(284) Old regions: 502->534
[1872.804s][info][gc,heap        ] GC(284) Humongous regions: 80->80
[1872.804s][info][gc,metaspace   ] GC(284) Metaspace: 28943K(29312K)->28943K(29312K) NonClass: 24059K(24192K)->24059K(24192K) Class: 4884K(5120K)->4884K(5120K)
[1872.804s][info][gc             ] GC(284) Pause Young (Prepare Mixed) (G1 Evacuation Pause) 3617M->1453M(4096M) 121.809ms
[1872.804s][info][gc,cpu         ] GC(284) User=0.72s Sys=0.00s Real=0.12s
.......[1879.493s][info][gc,start       ] GC(285) Pause Young (Mixed) (G1 Evacuation Pause)
[1879.493s][info][gc,task        ] GC(285) Using 6 workers of 6 for evacuation
[1879.630s][info][gc,phases      ] GC(285)   Pre Evacuate Collection Set: 0.39ms
[1879.630s][info][gc,phases      ] GC(285)   Merge Heap Roots: 0.74ms
[1879.630s][info][gc,phases      ] GC(285)   Evacuate Collection Set: 134.43ms
[1879.630s][info][gc,phases      ] GC(285)   Post Evacuate Collection Set: 0.99ms
[1879.630s][info][gc,phases      ] GC(285)   Other: 0.10ms
[1879.630s][info][gc,heap        ] GC(285) Eden regions: 1103->0(1117)
[1879.630s][info][gc,heap        ] GC(285) Survivor regions: 114->111(153)
[1879.630s][info][gc,heap        ] GC(285) Old regions: 534->470
[1879.630s][info][gc,heap        ] GC(285) Humongous regions: 80->80
[1879.630s][info][gc,metaspace   ] GC(285) Metaspace: 28943K(29312K)->28943K(29312K) NonClass: 24059K(24192K)->24059K(24192K) Class: 4884K(5120K)->4884K(5120K)
[1879.630s][info][gc             ] GC(285) Pause Young (Mixed) (G1 Evacuation Pause) 3659M->1321M(4096M) 136.803ms
[1879.630s][info][gc,cpu         ] GC(285) User=0.81s Sys=0.00s Real=0.14s
.......[1886.413s][info][gc,start       ] GC(286) Pause Young (Concurrent Start) (G1 Evacuation Pause)
[1886.413s][info][gc,task        ] GC(286) Using 6 workers of 6 for evacuation
[1886.535s][info][gc,phases      ] GC(286)   Pre Evacuate Collection Set: 0.42ms
[1886.535s][info][gc,phases      ] GC(286)   Merge Heap Roots: 0.57ms
[1886.535s][info][gc,phases      ] GC(286)   Evacuate Collection Set: 119.53ms
[1886.535s][info][gc,phases      ] GC(286)   Post Evacuate Collection Set: 0.94ms
[1886.535s][info][gc,phases      ] GC(286)   Other: 0.13ms
[1886.535s][info][gc,heap        ] GC(286) Eden regions: 1117->0(1117)
[1886.535s][info][gc,heap        ] GC(286) Survivor regions: 111->111(154)
[1886.535s][info][gc,heap        ] GC(286) Old regions: 470->502
[1886.535s][info][gc,heap        ] GC(286) Humongous regions: 80->80
[1886.535s][info][gc,metaspace   ] GC(286) Metaspace: 28943K(29312K)->28943K(29312K) NonClass: 24059K(24192K)->24059K(24192K) Class: 4884K(5120K)->4884K(5120K)
[1886.535s][info][gc             ] GC(286) Pause Young (Concurrent Start) (G1 Evacuation Pause) 3555M->1384M(4096M) 121.747ms
[1886.535s][info][gc             ] GC(287) Concurrent Mark Cycle
[1886.535s][info][gc,marking     ] GC(287) Concurrent Scan Root Regions
[1886.535s][info][gc,cpu         ] GC(286) User=0.72s Sys=0.00s Real=0.12s
[1886.706s][info][gc,marking     ] GC(287) Concurrent Scan Root Regions 170.668ms
[1886.706s][info][gc,marking     ] GC(287) Concurrent Mark
[1886.706s][info][gc,marking     ] GC(287) Concurrent Mark From Roots
[1886.706s][info][gc,task        ] GC(287) Using 2 workers of 2 for marking
[1887.350s][info][gc,marking     ] GC(287) Concurrent Mark From Roots 644.500ms
[1887.350s][info][gc,marking     ] GC(287) Concurrent Preclean
[1887.350s][info][gc,marking     ] GC(287) Concurrent Preclean 0.042ms
[1887.351s][info][gc,start       ] GC(287) Pause Remark
[1887.354s][info][gc             ] GC(287) Pause Remark 1727M->1727M(4096M) 3.387ms
[1887.354s][info][gc,cpu         ] GC(287) User=0.02s Sys=0.00s Real=0.00s
[1887.354s][info][gc,marking     ] GC(287) Concurrent Mark 648.156ms
[1887.354s][info][gc,marking     ] GC(287) Concurrent Rebuild Remembered Sets and Scrub Regions
.[1887.587s][info][gc,marking     ] GC(287) Concurrent Rebuild Remembered Sets and Scrub Regions 232.553ms
[1887.587s][info][gc,start       ] GC(287) Pause Cleanup
[1887.587s][info][gc             ] GC(287) Pause Cleanup 1796M->1796M(4096M) 0.128ms
[1887.587s][info][gc,cpu         ] GC(287) User=0.00s Sys=0.00s Real=0.00s
[1887.587s][info][gc,marking     ] GC(287) Concurrent Clear Claimed Marks
[1887.587s][info][gc,marking     ] GC(287) Concurrent Clear Claimed Marks 0.027ms
[1887.587s][info][gc,marking     ] GC(287) Concurrent Cleanup for Next Mark
[1887.591s][info][gc,marking     ] GC(287) Concurrent Cleanup for Next Mark 3.804ms
[1887.591s][info][gc             ] GC(287) Concurrent Mark Cycle 1055.637ms
.....[1893.199s][info][gc,start       ] GC(288) Pause Young (Prepare Mixed) (G1 Evacuation Pause)
[1893.199s][info][gc,task        ] GC(288) Using 6 workers of 6 for evacuation
[1893.314s][info][gc,phases      ] GC(288)   Pre Evacuate Collection Set: 0.34ms
[1893.314s][info][gc,phases      ] GC(288)   Merge Heap Roots: 0.56ms
[1893.314s][info][gc,phases      ] GC(288)   Evacuate Collection Set: 113.74ms
[1893.314s][info][gc,phases      ] GC(288)   Post Evacuate Collection Set: 0.94ms
[1893.314s][info][gc,phases      ] GC(288)   Other: 0.10ms
[1893.314s][info][gc,heap        ] GC(288) Eden regions: 1117->0(1116)
[1893.314s][info][gc,heap        ] GC(288) Survivor regions: 111->108(154)
[1893.314s][info][gc,heap        ] GC(288) Old regions: 502->533
[1893.314s][info][gc,heap        ] GC(288) Humongous regions: 80->80
[1893.314s][info][gc,metaspace   ] GC(288) Metaspace: 28943K(29312K)->28943K(29312K) NonClass: 24059K(24192K)->24059K(24192K) Class: 4884K(5120K)->4884K(5120K)
[1893.314s][info][gc             ] GC(288) Pause Young (Prepare Mixed) (G1 Evacuation Pause) 3618M->1440M(4096M) 115.795ms
[1893.314s][info][gc,cpu         ] GC(288) User=0.69s Sys=0.00s Real=0.12s
.......[1900.042s][info][gc,start       ] GC(289) Pause Young (Mixed) (G1 Evacuation Pause)
[1900.043s][info][gc,task        ] GC(289) Using 6 workers of 6 for evacuation
[1900.176s][info][gc,phases      ] GC(289)   Pre Evacuate Collection Set: 0.38ms
[1900.176s][info][gc,phases      ] GC(289)   Merge Heap Roots: 0.86ms
[1900.176s][info][gc,phases      ] GC(289)   Evacuate Collection Set: 131.30ms
[1900.176s][info][gc,phases      ] GC(289)   Post Evacuate Collection Set: 0.95ms
[1900.176s][info][gc,phases      ] GC(289)   Other: 0.09ms
[1900.176s][info][gc,heap        ] GC(289) Eden regions: 1116->0(1120)
[1900.176s][info][gc,heap        ] GC(289) Survivor regions: 108->108(153)
[1900.176s][info][gc,heap        ] GC(289) Old regions: 533->470
[1900.176s][info][gc,heap        ] GC(289) Humongous regions: 80->80
[1900.176s][info][gc,metaspace   ] GC(289) Metaspace: 28943K(29312K)->28943K(29312K) NonClass: 24059K(24192K)->24059K(24192K) Class: 4884K(5120K)->4884K(5120K)
[1900.176s][info][gc             ] GC(289) Pause Young (Mixed) (G1 Evacuation Pause) 3672M->1313M(4096M) 133.721ms
[1900.176s][info][gc,cpu         ] GC(289) User=0.79s Sys=0.00s Real=0.13s
.......[1906.965s][info][gc,start       ] GC(290) Pause Young (Concurrent Start) (G1 Evacuation Pause)
[1906.965s][info][gc,task        ] GC(290) Using 6 workers of 6 for evacuation
[1907.081s][info][gc,phases      ] GC(290)   Pre Evacuate Collection Set: 0.41ms
[1907.081s][info][gc,phases      ] GC(290)   Merge Heap Roots: 0.53ms
[1907.081s][info][gc,phases      ] GC(290)   Evacuate Collection Set: 114.47ms
[1907.081s][info][gc,phases      ] GC(290)   Post Evacuate Collection Set: 0.90ms
[1907.081s][info][gc,phases      ] GC(290)   Other: 0.10ms
[1907.081s][info][gc,heap        ] GC(290) Eden regions: 1120->0(1120)
[1907.081s][info][gc,heap        ] GC(290) Survivor regions: 108->108(154)
[1907.081s][info][gc,heap        ] GC(290) Old regions: 470->501
[1907.081s][info][gc,heap        ] GC(290) Humongous regions: 80->80
[1907.081s][info][gc,metaspace   ] GC(290) Metaspace: 28943K(29312K)->28943K(29312K) NonClass: 24059K(24192K)->24059K(24192K) Class: 4884K(5120K)->4884K(5120K)
[1907.081s][info][gc             ] GC(290) Pause Young (Concurrent Start) (G1 Evacuation Pause) 3553M->1377M(4096M) 116.540ms
[1907.081s][info][gc             ] GC(291) Concurrent Mark Cycle
[1907.081s][info][gc,marking     ] GC(291) Concurrent Scan Root Regions
[1907.081s][info][gc,cpu         ] GC(290) User=0.70s Sys=0.00s Real=0.12s
[1907.205s][info][gc,marking     ] GC(291) Concurrent Scan Root Regions 123.883ms
[1907.205s][info][gc,marking     ] GC(291) Concurrent Mark
[1907.205s][info][gc,marking     ] GC(291) Concurrent Mark From Roots
[1907.205s][info][gc,task        ] GC(291) Using 2 workers of 2 for marking
.[1908.122s][info][gc,marking     ] GC(291) Concurrent Mark From Roots 917.274ms
[1908.122s][info][gc,marking     ] GC(291) Concurrent Preclean
[1908.122s][info][gc,marking     ] GC(291) Concurrent Preclean 0.050ms
[1908.123s][info][gc,start       ] GC(291) Pause Remark
[1908.127s][info][gc             ] GC(291) Pause Remark 1744M->1744M(4096M) 3.996ms
[1908.127s][info][gc,cpu         ] GC(291) User=0.02s Sys=0.00s Real=0.00s
[1908.127s][info][gc,marking     ] GC(291) Concurrent Mark 921.560ms
[1908.127s][info][gc,marking     ] GC(291) Concurrent Rebuild Remembered Sets and Scrub Regions
.[1908.472s][info][gc,marking     ] GC(291) Concurrent Rebuild Remembered Sets and Scrub Regions 345.666ms
[1908.472s][info][gc,start       ] GC(291) Pause Cleanup
[1908.473s][info][gc             ] GC(291) Pause Cleanup 1865M->1865M(4096M) 0.131ms
[1908.473s][info][gc,cpu         ] GC(291) User=0.00s Sys=0.00s Real=0.00s
[1908.473s][info][gc,marking     ] GC(291) Concurrent Clear Claimed Marks
[1908.473s][info][gc,marking     ] GC(291) Concurrent Clear Claimed Marks 0.037ms
[1908.473s][info][gc,marking     ] GC(291) Concurrent Cleanup for Next Mark
[1908.477s][info][gc,marking     ] GC(291) Concurrent Cleanup for Next Mark 4.472ms
[1908.477s][info][gc             ] GC(291) Concurrent Mark Cycle 1396.255ms
.....[1913.834s][info][gc,start       ] GC(292) Pause Young (Prepare Mixed) (G1 Evacuation Pause)
[1913.834s][info][gc,task        ] GC(292) Using 6 workers of 6 for evacuation
[1913.951s][info][gc,phases      ] GC(292)   Pre Evacuate Collection Set: 0.36ms
[1913.951s][info][gc,phases      ] GC(292)   Merge Heap Roots: 0.63ms
[1913.951s][info][gc,phases      ] GC(292)   Evacuate Collection Set: 115.20ms
[1913.951s][info][gc,phases      ] GC(292)   Post Evacuate Collection Set: 0.94ms
[1913.951s][info][gc,phases      ] GC(292)   Other: 0.09ms
[1913.951s][info][gc,heap        ] GC(292) Eden regions: 1120->0(1112)
[1913.951s][info][gc,heap        ] GC(292) Survivor regions: 108->110(154)
[1913.951s][info][gc,heap        ] GC(292) Old regions: 501->533
[1913.951s][info][gc,heap        ] GC(292) Humongous regions: 80->80
[1913.951s][info][gc,metaspace   ] GC(292) Metaspace: 28943K(29312K)->28943K(29312K) NonClass: 24059K(24192K)->24059K(24192K) Class: 4884K(5120K)->4884K(5120K)
[1913.951s][info][gc             ] GC(292) Pause Young (Prepare Mixed) (G1 Evacuation Pause) 3617M->1444M(4096M) 117.372ms
[1913.951s][info][gc,cpu         ] GC(292) User=0.70s Sys=0.00s Real=0.12s
.......[1920.718s][info][gc,start       ] GC(293) Pause Young (Mixed) (G1 Evacuation Pause)
[1920.718s][info][gc,task        ] GC(293) Using 6 workers of 6 for evacuation
[1920.851s][info][gc,phases      ] GC(293)   Pre Evacuate Collection Set: 0.41ms
[1920.851s][info][gc,phases      ] GC(293)   Merge Heap Roots: 0.78ms
[1920.851s][info][gc,phases      ] GC(293)   Evacuate Collection Set: 130.16ms
[1920.851s][info][gc,phases      ] GC(293)   Post Evacuate Collection Set: 0.97ms
[1920.851s][info][gc,phases      ] GC(293)   Other: 0.09ms
[1920.851s][info][gc,heap        ] GC(293) Eden regions: 1112->0(1119)
[1920.851s][info][gc,heap        ] GC(293) Survivor regions: 110->109(153)
[1920.851s][info][gc,heap        ] GC(293) Old regions: 533->470
[1920.851s][info][gc,heap        ] GC(293) Humongous regions: 80->80
[1920.851s][info][gc,metaspace   ] GC(293) Metaspace: 28943K(29312K)->28943K(29312K) NonClass: 24059K(24192K)->24059K(24192K) Class: 4884K(5120K)->4884K(5120K)
[1920.851s][info][gc             ] GC(293) Pause Young (Mixed) (G1 Evacuation Pause) 3668M->1317M(4096M) 132.558ms
[1920.851s][info][gc,cpu         ] GC(293) User=0.79s Sys=0.00s Real=0.14s
.......[1927.613s][info][gc,start       ] GC(294) Pause Young (Concurrent Start) (G1 Evacuation Pause)
[1927.613s][info][gc,task        ] GC(294) Using 6 workers of 6 for evacuation
[1927.731s][info][gc,phases      ] GC(294)   Pre Evacuate Collection Set: 0.43ms
[1927.731s][info][gc,phases      ] GC(294)   Merge Heap Roots: 0.63ms
[1927.731s][info][gc,phases      ] GC(294)   Evacuate Collection Set: 115.43ms
[1927.731s][info][gc,phases      ] GC(294)   Post Evacuate Collection Set: 0.93ms
[1927.731s][info][gc,phases      ] GC(294)   Other: 0.13ms
[1927.731s][info][gc,heap        ] GC(294) Eden regions: 1119->0(1119)
[1927.731s][info][gc,heap        ] GC(294) Survivor regions: 109->109(154)
[1927.731s][info][gc,heap        ] GC(294) Old regions: 470->502
[1927.731s][info][gc,heap        ] GC(294) Humongous regions: 80->80
[1927.731s][info][gc,metaspace   ] GC(294) Metaspace: 28943K(29312K)->28943K(29312K) NonClass: 24059K(24192K)->24059K(24192K) Class: 4884K(5120K)->4884K(5120K)
[1927.731s][info][gc             ] GC(294) Pause Young (Concurrent Start) (G1 Evacuation Pause) 3555M->1381M(4096M) 117.678ms
[1927.731s][info][gc             ] GC(295) Concurrent Mark Cycle
[1927.731s][info][gc,marking     ] GC(295) Concurrent Scan Root Regions
[1927.731s][info][gc,cpu         ] GC(294) User=0.70s Sys=0.00s Real=0.12s
[1927.902s][info][gc,marking     ] GC(295) Concurrent Scan Root Regions 170.903ms
[1927.902s][info][gc,marking     ] GC(295) Concurrent Mark
[1927.902s][info][gc,marking     ] GC(295) Concurrent Mark From Roots
[1927.902s][info][gc,task        ] GC(295) Using 2 workers of 2 for marking
.[1928.872s][info][gc,marking     ] GC(295) Concurrent Mark From Roots 969.801ms
[1928.872s][info][gc,marking     ] GC(295) Concurrent Preclean
[1928.872s][info][gc,marking     ] GC(295) Concurrent Preclean 0.051ms
[1928.872s][info][gc,start       ] GC(295) Pause Remark
[1928.876s][info][gc             ] GC(295) Pause Remark 1818M->1818M(4096M) 3.935ms
[1928.876s][info][gc,cpu         ] GC(295) User=0.02s Sys=0.00s Real=0.00s
[1928.876s][info][gc,marking     ] GC(295) Concurrent Mark 974.030ms
[1928.876s][info][gc,marking     ] GC(295) Concurrent Rebuild Remembered Sets and Scrub Regions
[1929.225s][info][gc,marking     ] GC(295) Concurrent Rebuild Remembered Sets and Scrub Regions 349.108ms
[1929.225s][info][gc,start       ] GC(295) Pause Cleanup
[1929.225s][info][gc             ] GC(295) Pause Cleanup 1929M->1929M(4096M) 0.132ms
[1929.225s][info][gc,cpu         ] GC(295) User=0.00s Sys=0.00s Real=0.00s
[1929.225s][info][gc,marking     ] GC(295) Concurrent Clear Claimed Marks
[1929.225s][info][gc,marking     ] GC(295) Concurrent Clear Claimed Marks 0.032ms
[1929.225s][info][gc,marking     ] GC(295) Concurrent Cleanup for Next Mark
[1929.229s][info][gc,marking     ] GC(295) Concurrent Cleanup for Next Mark 3.347ms
[1929.229s][info][gc             ] GC(295) Concurrent Mark Cycle 1497.906ms
... (rIR:aIR:PR = 2767:2769:2769) (tPR = 41223) [OK] 
  1931s: Performance info:
         Transaction,    Success,    Partial,     Failed,   Receipts, AvgBarcode, 
             Overall,     166250,          0,          0,     157928,      59.47, 
         Response times:
             Request,    Success,    Partial,     Failed,   SkipFail,     Probes,    Samples,      min,      p50,      p90,      p95,      p99,      max, 
       TotalPurchase,     157928,          0,          0,          0,     154604,     173867,      300,     2400,     4000,     5000,    21000,   166000,
     InStorePurchase,      83085,          0,          0,          0,      81584,      91406,      300,     2400,     4000,     5000,    21000,   166000,
      OnlinePurchase,      58206,          0,          0,          0,      57148,      64381,      300,     2500,     4000,     5100,    21000,   153000,
        InstPurchase,      16637,          0,          0,          0,      15872,      18080,      400,     2400,     3900,     4800,    18800,   139000,
          AssocOfCat,        165,          0,          0,          0,        120,        184,    22000,    30000,    41000,    51750,   174350,   182000,
      AssocOfProduct,       1662,          0,          0,          0,       1463,       1757,      700,     2200,     3400,     4600,    19200,   119000,
      BusinessReport,        416,          0,          0,          0,        337,        465,    25000,    34000,    45400,    51000,    81740,   176000,
          CustBuyBeh,       1671,          0,          0,          0,       1506,       1857,      700,     2700,     4100,     5500,    30000,   138000,
       ProductReturn,       4407,          0,          0,          0,       4137,       4849,      200,     1100,     3400,     4000,    11150,   127000,

  1931s: (21%)   IR =   2906 ..[1934.259s][info][gc,start       ] GC(296) Pause Young (Prepare Mixed) (G1 Evacuation Pause)
[1934.259s][info][gc,task        ] GC(296) Using 6 workers of 6 for evacuation
[1934.378s][info][gc,phases      ] GC(296)   Pre Evacuate Collection Set: 0.36ms
[1934.378s][info][gc,phases      ] GC(296)   Merge Heap Roots: 0.69ms
[1934.378s][info][gc,phases      ] GC(296)   Evacuate Collection Set: 116.87ms
[1934.378s][info][gc,phases      ] GC(296)   Post Evacuate Collection Set: 0.96ms
[1934.378s][info][gc,phases      ] GC(296)   Other: 0.10ms
[1934.378s][info][gc,heap        ] GC(296) Eden regions: 1119->0(1113)
[1934.378s][info][gc,heap        ] GC(296) Survivor regions: 109->109(154)
[1934.378s][info][gc,heap        ] GC(296) Old regions: 502->534
[1934.378s][info][gc,heap        ] GC(296) Humongous regions: 80->80
[1934.378s][info][gc,metaspace   ] GC(296) Metaspace: 28943K(29312K)->28943K(29312K) NonClass: 24059K(24192K)->24059K(24192K) Class: 4884K(5120K)->4884K(5120K)
[1934.378s][info][gc             ] GC(296) Pause Young (Prepare Mixed) (G1 Evacuation Pause) 3619M->1443M(4096M) 119.108ms
[1934.378s][info][gc,cpu         ] GC(296) User=0.71s Sys=0.00s Real=0.12s
..|.....[1940.815s][info][gc,start       ] GC(297) Pause Young (Mixed) (G1 Evacuation Pause)
[1940.815s][info][gc,task        ] GC(297) Using 6 workers of 6 for evacuation
[1940.949s][info][gc,phases      ] GC(297)   Pre Evacuate Collection Set: 0.42ms
[1940.949s][info][gc,phases      ] GC(297)   Merge Heap Roots: 0.90ms
[1940.949s][info][gc,phases      ] GC(297)   Evacuate Collection Set: 131.24ms
[1940.949s][info][gc,phases      ] GC(297)   Post Evacuate Collection Set: 0.97ms
[1940.949s][info][gc,phases      ] GC(297)   Other: 0.09ms
[1940.949s][info][gc,heap        ] GC(297) Eden regions: 1113->0(1118)
[1940.949s][info][gc,heap        ] GC(297) Survivor regions: 109->110(153)
[1940.949s][info][gc,heap        ] GC(297) Old regions: 534->470
[1940.949s][info][gc,heap        ] GC(297) Humongous regions: 80->80
[1940.949s][info][gc,metaspace   ] GC(297) Metaspace: 28943K(29312K)->28943K(29312K) NonClass: 24059K(24192K)->24059K(24192K) Class: 4884K(5120K)->4884K(5120K)
[1940.949s][info][gc             ] GC(297) Pause Young (Mixed) (G1 Evacuation Pause) 3669M->1319M(4096M) 133.758ms
[1940.949s][info][gc,cpu         ] GC(297) User=0.80s Sys=0.00s Real=0.13s
......[1947.374s][info][gc,start       ] GC(298) Pause Young (Concurrent Start) (G1 Evacuation Pause)
[1947.375s][info][gc,task        ] GC(298) Using 6 workers of 6 for evacuation
[1947.492s][info][gc,phases      ] GC(298)   Pre Evacuate Collection Set: 0.45ms
[1947.492s][info][gc,phases      ] GC(298)   Merge Heap Roots: 0.65ms
[1947.492s][info][gc,phases      ] GC(298)   Evacuate Collection Set: 115.03ms
[1947.492s][info][gc,phases      ] GC(298)   Post Evacuate Collection Set: 0.90ms
[1947.492s][info][gc,phases      ] GC(298)   Other: 0.14ms
[1947.492s][info][gc,heap        ] GC(298) Eden regions: 1118->0(1119)
[1947.492s][info][gc,heap        ] GC(298) Survivor regions: 110->109(154)
[1947.492s][info][gc,heap        ] GC(298) Old regions: 470->502
[1947.492s][info][gc,heap        ] GC(298) Humongous regions: 80->80
[1947.492s][info][gc,metaspace   ] GC(298) Metaspace: 28943K(29312K)->28943K(29312K) NonClass: 24059K(24192K)->24059K(24192K) Class: 4884K(5120K)->4884K(5120K)
[1947.492s][info][gc             ] GC(298) Pause Young (Concurrent Start) (G1 Evacuation Pause) 3555M->1381M(4096M) 117.340ms
[1947.492s][info][gc             ] GC(299) Concurrent Mark Cycle
[1947.492s][info][gc,marking     ] GC(299) Concurrent Scan Root Regions
[1947.492s][info][gc,cpu         ] GC(298) User=0.70s Sys=0.00s Real=0.12s
.[1947.639s][info][gc,marking     ] GC(299) Concurrent Scan Root Regions 147.055ms
[1947.639s][info][gc,marking     ] GC(299) Concurrent Mark
[1947.639s][info][gc,marking     ] GC(299) Concurrent Mark From Roots
[1947.639s][info][gc,task        ] GC(299) Using 2 workers of 2 for marking
[1948.272s][info][gc,marking     ] GC(299) Concurrent Mark From Roots 632.885ms
[1948.272s][info][gc,marking     ] GC(299) Concurrent Preclean
[1948.272s][info][gc,marking     ] GC(299) Concurrent Preclean 0.053ms
[1948.272s][info][gc,start       ] GC(299) Pause Remark
[1948.275s][info][gc             ] GC(299) Pause Remark 1693M->1693M(4096M) 3.431ms
[1948.275s][info][gc,cpu         ] GC(299) User=0.01s Sys=0.00s Real=0.00s
[1948.276s][info][gc,marking     ] GC(299) Concurrent Mark 636.607ms
[1948.276s][info][gc,marking     ] GC(299) Concurrent Rebuild Remembered Sets and Scrub Regions
.[1948.529s][info][gc,marking     ] GC(299) Concurrent Rebuild Remembered Sets and Scrub Regions 253.555ms
[1948.529s][info][gc,start       ] GC(299) Pause Cleanup
[1948.529s][info][gc             ] GC(299) Pause Cleanup 1795M->1795M(4096M) 0.139ms
[1948.529s][info][gc,cpu         ] GC(299) User=0.00s Sys=0.00s Real=0.00s
[1948.529s][info][gc,marking     ] GC(299) Concurrent Clear Claimed Marks
[1948.530s][info][gc,marking     ] GC(299) Concurrent Clear Claimed Marks 0.035ms
[1948.530s][info][gc,marking     ] GC(299) Concurrent Cleanup for Next Mark
[1948.533s][info][gc,marking     ] GC(299) Concurrent Cleanup for Next Mark 3.462ms
[1948.533s][info][gc             ] GC(299) Concurrent Mark Cycle 1041.192ms
.....[1953.905s][info][gc,start       ] GC(300) Pause Young (Prepare Mixed) (G1 Evacuation Pause)
[1953.905s][info][gc,task        ] GC(300) Using 6 workers of 6 for evacuation
[1954.025s][info][gc,phases      ] GC(300)   Pre Evacuate Collection Set: 0.36ms
[1954.025s][info][gc,phases      ] GC(300)   Merge Heap Roots: 0.58ms
[1954.025s][info][gc,phases      ] GC(300)   Evacuate Collection Set: 118.70ms
[1954.025s][info][gc,phases      ] GC(300)   Post Evacuate Collection Set: 0.95ms
[1954.025s][info][gc,phases      ] GC(300)   Other: 0.10ms
[1954.025s][info][gc,heap        ] GC(300) Eden regions: 1119->0(1109)
[1954.025s][info][gc,heap        ] GC(300) Survivor regions: 109->111(154)
[1954.025s][info][gc,heap        ] GC(300) Old regions: 502->534
[1954.025s][info][gc,heap        ] GC(300) Humongous regions: 80->80
[1954.025s][info][gc,metaspace   ] GC(300) Metaspace: 28943K(29312K)->28943K(29312K) NonClass: 24059K(24192K)->24059K(24192K) Class: 4884K(5120K)->4884K(5120K)
[1954.025s][info][gc             ] GC(300) Pause Young (Prepare Mixed) (G1 Evacuation Pause) 3619M->1448M(4096M) 120.829ms
[1954.025s][info][gc,cpu         ] GC(300) User=0.72s Sys=0.00s Real=0.12s
......[1960.357s][info][gc,start       ] GC(301) Pause Young (Mixed) (G1 Evacuation Pause)
[1960.357s][info][gc,task        ] GC(301) Using 6 workers of 6 for evacuation
[1960.495s][info][gc,phases      ] GC(301)   Pre Evacuate Collection Set: 0.40ms
[1960.495s][info][gc,phases      ] GC(301)   Merge Heap Roots: 0.79ms
[1960.495s][info][gc,phases      ] GC(301)   Evacuate Collection Set: 135.94ms
[1960.495s][info][gc,phases      ] GC(301)   Post Evacuate Collection Set: 0.95ms
[1960.495s][info][gc,phases      ] GC(301)   Other: 0.09ms
[1960.495s][info][gc,heap        ] GC(301) Eden regions: 1109->0(1114)
[1960.495s][info][gc,heap        ] GC(301) Survivor regions: 111->114(153)
[1960.495s][info][gc,heap        ] GC(301) Old regions: 534->471
[1960.495s][info][gc,heap        ] GC(301) Humongous regions: 80->80
[1960.495s][info][gc,metaspace   ] GC(301) Metaspace: 28943K(29312K)->28943K(29312K) NonClass: 24059K(24192K)->24059K(24192K) Class: 4884K(5120K)->4884K(5120K)
[1960.495s][info][gc             ] GC(301) Pause Young (Mixed) (G1 Evacuation Pause) 3666M->1327M(4096M) 138.296ms
[1960.495s][info][gc,cpu         ] GC(301) User=0.83s Sys=0.00s Real=0.14s
.......[1966.982s][info][gc,start       ] GC(302) Pause Young (Concurrent Start) (G1 Evacuation Pause)
[1966.982s][info][gc,task        ] GC(302) Using 6 workers of 6 for evacuation
[1967.098s][info][gc,phases      ] GC(302)   Pre Evacuate Collection Set: 0.40ms
[1967.098s][info][gc,phases      ] GC(302)   Merge Heap Roots: 0.54ms
[1967.098s][info][gc,phases      ] GC(302)   Evacuate Collection Set: 113.83ms
[1967.098s][info][gc,phases      ] GC(302)   Post Evacuate Collection Set: 0.90ms
[1967.098s][info][gc,phases      ] GC(302)   Other: 0.13ms
[1967.098s][info][gc,heap        ] GC(302) Eden regions: 1114->0(1120)
[1967.098s][info][gc,heap        ] GC(302) Survivor regions: 114->108(154)
[1967.098s][info][gc,heap        ] GC(302) Old regions: 471->503
[1967.098s][info][gc,heap        ] GC(302) Humongous regions: 80->80
[1967.098s][info][gc,metaspace   ] GC(302) Metaspace: 28943K(29312K)->28943K(29312K) NonClass: 24059K(24192K)->24059K(24192K) Class: 4884K(5120K)->4884K(5120K)
[1967.098s][info][gc             ] GC(302) Pause Young (Concurrent Start) (G1 Evacuation Pause) 3555M->1380M(4096M) 115.920ms
[1967.098s][info][gc             ] GC(303) Concurrent Mark Cycle
[1967.098s][info][gc,marking     ] GC(303) Concurrent Scan Root Regions
[1967.098s][info][gc,cpu         ] GC(302) User=0.69s Sys=0.00s Real=0.11s
[1967.264s][info][gc,marking     ] GC(303) Concurrent Scan Root Regions 165.879ms
[1967.264s][info][gc,marking     ] GC(303) Concurrent Mark
[1967.264s][info][gc,marking     ] GC(303) Concurrent Mark From Roots
[1967.264s][info][gc,task        ] GC(303) Using 2 workers of 2 for marking
.[1967.905s][info][gc,marking     ] GC(303) Concurrent Mark From Roots 640.238ms
[1967.905s][info][gc,marking     ] GC(303) Concurrent Preclean
[1967.905s][info][gc,marking     ] GC(303) Concurrent Preclean 0.035ms
[1967.905s][info][gc,start       ] GC(303) Pause Remark
[1967.908s][info][gc             ] GC(303) Pause Remark 1718M->1718M(4096M) 3.298ms
[1967.908s][info][gc,cpu         ] GC(303) User=0.02s Sys=0.00s Real=0.00s
[1967.908s][info][gc,marking     ] GC(303) Concurrent Mark 643.799ms
[1967.908s][info][gc,marking     ] GC(303) Concurrent Rebuild Remembered Sets and Scrub Regions
[1968.166s][info][gc,marking     ] GC(303) Concurrent Rebuild Remembered Sets and Scrub Regions 258.323ms
[1968.167s][info][gc,start       ] GC(303) Pause Cleanup
[1968.167s][info][gc             ] GC(303) Pause Cleanup 1825M->1825M(4096M) 0.129ms
[1968.167s][info][gc,cpu         ] GC(303) User=0.00s Sys=0.00s Real=0.00s
[1968.167s][info][gc,marking     ] GC(303) Concurrent Clear Claimed Marks
[1968.167s][info][gc,marking     ] GC(303) Concurrent Clear Claimed Marks 0.031ms
[1968.167s][info][gc,marking     ] GC(303) Concurrent Cleanup for Next Mark
[1968.170s][info][gc,marking     ] GC(303) Concurrent Cleanup for Next Mark 3.165ms
[1968.170s][info][gc             ] GC(303) Concurrent Mark Cycle 1071.636ms
.....[1973.422s][info][gc,start       ] GC(304) Pause Young (Prepare Mixed) (G1 Evacuation Pause)
[1973.422s][info][gc,task        ] GC(304) Using 6 workers of 6 for evacuation
[1973.541s][info][gc,phases      ] GC(304)   Pre Evacuate Collection Set: 0.33ms
[1973.541s][info][gc,phases      ] GC(304)   Merge Heap Roots: 0.59ms
[1973.541s][info][gc,phases      ] GC(304)   Evacuate Collection Set: 117.58ms
[1973.541s][info][gc,phases      ] GC(304)   Post Evacuate Collection Set: 0.95ms
[1973.541s][info][gc,phases      ] GC(304)   Other: 0.09ms
[1973.541s][info][gc,heap        ] GC(304) Eden regions: 1120->0(1108)
[1973.541s][info][gc,heap        ] GC(304) Survivor regions: 108->111(154)
[1973.541s][info][gc,heap        ] GC(304) Old regions: 503->535
[1973.541s][info][gc,heap        ] GC(304) Humongous regions: 80->80
[1973.541s][info][gc,metaspace   ] GC(304) Metaspace: 28943K(29312K)->28943K(29312K) NonClass: 24059K(24192K)->24059K(24192K) Class: 4884K(5120K)->4884K(5120K)
[1973.541s][info][gc             ] GC(304) Pause Young (Prepare Mixed) (G1 Evacuation Pause) 3620M->1449M(4096M) 119.689ms
[1973.541s][info][gc,cpu         ] GC(304) User=0.71s Sys=0.00s Real=0.12s
.......[1979.926s][info][gc,start       ] GC(305) Pause Young (Mixed) (G1 Evacuation Pause)
[1979.926s][info][gc,task        ] GC(305) Using 6 workers of 6 for evacuation
[1980.058s][info][gc,phases      ] GC(305)   Pre Evacuate Collection Set: 0.41ms
[1980.058s][info][gc,phases      ] GC(305)   Merge Heap Roots: 0.84ms
[1980.058s][info][gc,phases      ] GC(305)   Evacuate Collection Set: 129.28ms
[1980.058s][info][gc,phases      ] GC(305)   Post Evacuate Collection Set: 0.95ms
[1980.058s][info][gc,phases      ] GC(305)   Other: 0.09ms
[1980.058s][info][gc,heap        ] GC(305) Eden regions: 1108->0(1121)
[1980.058s][info][gc,heap        ] GC(305) Survivor regions: 111->107(153)
[1980.058s][info][gc,heap        ] GC(305) Old regions: 535->470
[1980.058s][info][gc,heap        ] GC(305) Humongous regions: 80->80
[1980.058s][info][gc,metaspace   ] GC(305) Metaspace: 28943K(29312K)->28943K(29312K) NonClass: 24059K(24192K)->24059K(24192K) Class: 4884K(5120K)->4884K(5120K)
[1980.058s][info][gc             ] GC(305) Pause Young (Mixed) (G1 Evacuation Pause) 3665M->1312M(4096M) 131.709ms
[1980.058s][info][gc,cpu         ] GC(305) User=0.78s Sys=0.00s Real=0.13s
......[1986.484s][info][gc,start       ] GC(306) Pause Young (Concurrent Start) (G1 Evacuation Pause)
[1986.484s][info][gc,task        ] GC(306) Using 6 workers of 6 for evacuation
[1986.602s][info][gc,phases      ] GC(306)   Pre Evacuate Collection Set: 0.38ms
[1986.602s][info][gc,phases      ] GC(306)   Merge Heap Roots: 0.57ms
[1986.602s][info][gc,phases      ] GC(306)   Evacuate Collection Set: 115.23ms
[1986.602s][info][gc,phases      ] GC(306)   Post Evacuate Collection Set: 0.92ms
[1986.602s][info][gc,phases      ] GC(306)   Other: 0.12ms
[1986.602s][info][gc,heap        ] GC(306) Eden regions: 1121->0(1119)
[1986.602s][info][gc,heap        ] GC(306) Survivor regions: 107->109(154)
[1986.602s][info][gc,heap        ] GC(306) Old regions: 470->501
[1986.602s][info][gc,heap        ] GC(306) Humongous regions: 80->80
[1986.602s][info][gc,metaspace   ] GC(306) Metaspace: 28943K(29312K)->28943K(29312K) NonClass: 24059K(24192K)->24059K(24192K) Class: 4884K(5120K)->4884K(5120K)
[1986.602s][info][gc             ] GC(306) Pause Young (Concurrent Start) (G1 Evacuation Pause) 3554M->1378M(4096M) 117.367ms
[1986.602s][info][gc             ] GC(307) Concurrent Mark Cycle
[1986.602s][info][gc,marking     ] GC(307) Concurrent Scan Root Regions
[1986.602s][info][gc,cpu         ] GC(306) User=0.70s Sys=0.00s Real=0.12s
.[1986.719s][info][gc,marking     ] GC(307) Concurrent Scan Root Regions 117.262ms
[1986.719s][info][gc,marking     ] GC(307) Concurrent Mark
[1986.719s][info][gc,marking     ] GC(307) Concurrent Mark From Roots
[1986.719s][info][gc,task        ] GC(307) Using 2 workers of 2 for marking
[1987.378s][info][gc,marking     ] GC(307) Concurrent Mark From Roots 658.934ms
[1987.378s][info][gc,marking     ] GC(307) Concurrent Preclean
[1987.378s][info][gc,marking     ] GC(307) Concurrent Preclean 0.033ms
[1987.378s][info][gc,start       ] GC(307) Pause Remark
[1987.382s][info][gc             ] GC(307) Pause Remark 1660M->1660M(4096M) 3.763ms
[1987.382s][info][gc,cpu         ] GC(307) User=0.02s Sys=0.00s Real=0.01s
[1987.382s][info][gc,marking     ] GC(307) Concurrent Mark 662.958ms
[1987.382s][info][gc,marking     ] GC(307) Concurrent Rebuild Remembered Sets and Scrub Regions
.[1987.624s][info][gc,marking     ] GC(307) Concurrent Rebuild Remembered Sets and Scrub Regions 241.929ms
[1987.624s][info][gc,start       ] GC(307) Pause Cleanup
[1987.624s][info][gc             ] GC(307) Pause Cleanup 1760M->1760M(4096M) 0.137ms
[1987.624s][info][gc,cpu         ] GC(307) User=0.00s Sys=0.00s Real=0.00s
[1987.624s][info][gc,marking     ] GC(307) Concurrent Clear Claimed Marks
[1987.624s][info][gc,marking     ] GC(307) Concurrent Clear Claimed Marks 0.033ms
[1987.624s][info][gc,marking     ] GC(307) Concurrent Cleanup for Next Mark
[1987.628s][info][gc,marking     ] GC(307) Concurrent Cleanup for Next Mark 3.196ms
[1987.628s][info][gc             ] GC(307) Concurrent Mark Cycle 1025.832ms
.....[1993.013s][info][gc,start       ] GC(308) Pause Young (Prepare Mixed) (G1 Evacuation Pause)
[1993.013s][info][gc,task        ] GC(308) Using 6 workers of 6 for evacuation
[1993.129s][info][gc,phases      ] GC(308)   Pre Evacuate Collection Set: 0.36ms
[1993.130s][info][gc,phases      ] GC(308)   Merge Heap Roots: 0.66ms
[1993.130s][info][gc,phases      ] GC(308)   Evacuate Collection Set: 114.50ms
[1993.130s][info][gc,phases      ] GC(308)   Post Evacuate Collection Set: 0.93ms
[1993.130s][info][gc,phases      ] GC(308)   Other: 0.09ms
[1993.130s][info][gc,heap        ] GC(308) Eden regions: 1119->0(1117)
[1993.130s][info][gc,heap        ] GC(308) Survivor regions: 109->108(154)
[1993.130s][info][gc,heap        ] GC(308) Old regions: 501->532
[1993.130s][info][gc,heap        ] GC(308) Humongous regions: 80->80
[1993.130s][info][gc,metaspace   ] GC(308) Metaspace: 28943K(29312K)->28943K(29312K) NonClass: 24059K(24192K)->24059K(24192K) Class: 4884K(5120K)->4884K(5120K)
[1993.130s][info][gc             ] GC(308) Pause Young (Prepare Mixed) (G1 Evacuation Pause) 3616M->1439M(4096M) 116.674ms
[1993.130s][info][gc,cpu         ] GC(308) User=0.70s Sys=0.00s Real=0.12s
... (rIR:aIR:PR = 2906:2905:2905) (tPR = 43273) [OK] 
  1995s: Performance info:
         Transaction,    Success,    Partial,     Failed,   Receipts, AvgBarcode, 
             Overall,     174803,          0,          0,     166058,      59.47, 
         Response times:
             Request,    Success,    Partial,     Failed,   SkipFail,     Probes,    Samples,      min,      p50,      p90,      p95,      p99,      max, 
       TotalPurchase,     166058,          0,          0,          0,     162491,     174426,      300,     2500,     4000,     4900,    22000,   185000,
     InStorePurchase,      87390,          0,          0,          0,      85585,      91739,      300,     2400,     3900,     4800,    19600,   149000,
      OnlinePurchase,      61180,          0,          0,          0,      59939,      64233,      300,     2600,     4100,     4900,    23000,   185000,
        InstPurchase,      17488,          0,          0,          0,      16967,      18454,      400,     2800,     4200,     5200,    25000,   185000,
          AssocOfCat,        175,          0,          0,          0,        136,        215,    18600,    29000,    37000,    41200,    99320,   103000,
      AssocOfProduct,       1743,          0,          0,          0,       1549,       1795,      400,     2600,     4200,     4800,    12996,   128000,
      BusinessReport,        436,          0,          0,          0,        358,        460,    22000,    34000,    46000,    52000,    83680,   173000,
          CustBuyBeh,       1751,          0,          0,          0,       1583,       1865,      300,     3100,     4300,     5600,    27000,   123000,
       ProductReturn,       4640,          0,          0,          0,       4380,       4882,      200,     1600,     3500,     4200,    12300,   128000,

  1995s: (22%)   IR =   3044 ...[1999.373s][info][gc,start       ] GC(309) Pause Young (Mixed) (G1 Evacuation Pause)
[1999.373s][info][gc,task        ] GC(309) Using 6 workers of 6 for evacuation
[1999.508s][info][gc,phases      ] GC(309)   Pre Evacuate Collection Set: 0.40ms
[1999.508s][info][gc,phases      ] GC(309)   Merge Heap Roots: 0.91ms
[1999.508s][info][gc,phases      ] GC(309)   Evacuate Collection Set: 132.21ms
[1999.508s][info][gc,phases      ] GC(309)   Post Evacuate Collection Set: 0.98ms
[1999.508s][info][gc,phases      ] GC(309)   Other: 0.10ms
[1999.508s][info][gc,heap        ] GC(309) Eden regions: 1117->0(1119)
[1999.508s][info][gc,heap        ] GC(309) Survivor regions: 108->109(154)
[1999.508s][info][gc,heap        ] GC(309) Old regions: 532->470
[1999.508s][info][gc,heap        ] GC(309) Humongous regions: 80->80
[1999.508s][info][gc,metaspace   ] GC(309) Metaspace: 28943K(29312K)->28943K(29312K) NonClass: 24059K(24192K)->24059K(24192K) Class: 4884K(5120K)->4884K(5120K)
[1999.508s][info][gc             ] GC(309) Pause Young (Mixed) (G1 Evacuation Pause) 3673M->1315M(4096M) 134.760ms
[1999.508s][info][gc,cpu         ] GC(309) User=0.80s Sys=0.00s Real=0.13s
..|....[2005.518s][info][gc,start       ] GC(310) Pause Young (Concurrent Start) (G1 Evacuation Pause)
[2005.518s][info][gc,task        ] GC(310) Using 6 workers of 6 for evacuation
[2005.636s][info][gc,phases      ] GC(310)   Pre Evacuate Collection Set: 0.39ms
[2005.636s][info][gc,phases      ] GC(310)   Merge Heap Roots: 0.57ms
[2005.636s][info][gc,phases      ] GC(310)   Evacuate Collection Set: 115.92ms
[2005.636s][info][gc,phases      ] GC(310)   Post Evacuate Collection Set: 0.95ms
[2005.636s][info][gc,phases      ] GC(310)   Other: 0.10ms
[2005.636s][info][gc,heap        ] GC(310) Eden regions: 1119->0(1120)
[2005.636s][info][gc,heap        ] GC(310) Survivor regions: 109->108(154)
[2005.636s][info][gc,heap        ] GC(310) Old regions: 470->502
[2005.636s][info][gc,heap        ] GC(310) Humongous regions: 80->80
[2005.636s][info][gc,metaspace   ] GC(310) Metaspace: 28943K(29312K)->28943K(29312K) NonClass: 24059K(24192K)->24059K(24192K) Class: 4884K(5120K)->4884K(5120K)
[2005.636s][info][gc             ] GC(310) Pause Young (Concurrent Start) (G1 Evacuation Pause) 3553M->1378M(4096M) 118.059ms
[2005.636s][info][gc             ] GC(311) Concurrent Mark Cycle
[2005.636s][info][gc,marking     ] GC(311) Concurrent Scan Root Regions
[2005.636s][info][gc,cpu         ] GC(310) User=0.71s Sys=0.00s Real=0.12s
.[2005.767s][info][gc,marking     ] GC(311) Concurrent Scan Root Regions 131.259ms
[2005.768s][info][gc,marking     ] GC(311) Concurrent Mark
[2005.768s][info][gc,marking     ] GC(311) Concurrent Mark From Roots
[2005.768s][info][gc,task        ] GC(311) Using 2 workers of 2 for marking
[2006.405s][info][gc,marking     ] GC(311) Concurrent Mark From Roots 637.112ms
[2006.405s][info][gc,marking     ] GC(311) Concurrent Preclean
[2006.405s][info][gc,marking     ] GC(311) Concurrent Preclean 0.069ms
[2006.405s][info][gc,start       ] GC(311) Pause Remark
[2006.409s][info][gc             ] GC(311) Pause Remark 1658M->1658M(4096M) 3.554ms
[2006.409s][info][gc,cpu         ] GC(311) User=0.02s Sys=0.00s Real=0.00s
[2006.409s][info][gc,marking     ] GC(311) Concurrent Mark 641.521ms
[2006.409s][info][gc,marking     ] GC(311) Concurrent Rebuild Remembered Sets and Scrub Regions
[2006.624s][info][gc,marking     ] GC(311) Concurrent Rebuild Remembered Sets and Scrub Regions 214.653ms
[2006.624s][info][gc,start       ] GC(311) Pause Cleanup
[2006.624s][info][gc             ] GC(311) Pause Cleanup 1730M->1730M(4096M) 0.130ms
[2006.624s][info][gc,cpu         ] GC(311) User=0.00s Sys=0.00s Real=0.00s
[2006.624s][info][gc,marking     ] GC(311) Concurrent Clear Claimed Marks
[2006.624s][info][gc,marking     ] GC(311) Concurrent Clear Claimed Marks 0.039ms
[2006.624s][info][gc,marking     ] GC(311) Concurrent Cleanup for Next Mark
[2006.628s][info][gc,marking     ] GC(311) Concurrent Cleanup for Next Mark 3.741ms
[2006.628s][info][gc             ] GC(311) Concurrent Mark Cycle 991.797ms
......[2011.902s][info][gc,start       ] GC(312) Pause Young (Prepare Mixed) (G1 Evacuation Pause)
[2011.902s][info][gc,task        ] GC(312) Using 6 workers of 6 for evacuation
[2012.021s][info][gc,phases      ] GC(312)   Pre Evacuate Collection Set: 0.36ms
[2012.021s][info][gc,phases      ] GC(312)   Merge Heap Roots: 0.59ms
[2012.021s][info][gc,phases      ] GC(312)   Evacuate Collection Set: 116.50ms
[2012.021s][info][gc,phases      ] GC(312)   Post Evacuate Collection Set: 0.93ms
[2012.021s][info][gc,phases      ] GC(312)   Other: 0.09ms
[2012.021s][info][gc,heap        ] GC(312) Eden regions: 1120->0(1111)
[2012.021s][info][gc,heap        ] GC(312) Survivor regions: 108->110(154)
[2012.021s][info][gc,heap        ] GC(312) Old regions: 502->534
[2012.021s][info][gc,heap        ] GC(312) Humongous regions: 80->80
[2012.021s][info][gc,metaspace   ] GC(312) Metaspace: 28944K(29312K)->28944K(29312K) NonClass: 24059K(24192K)->24059K(24192K) Class: 4884K(5120K)->4884K(5120K)
[2012.021s][info][gc             ] GC(312) Pause Young (Prepare Mixed) (G1 Evacuation Pause) 3618M->1445M(4096M) 118.615ms
[2012.021s][info][gc,cpu         ] GC(312) User=0.70s Sys=0.00s Real=0.12s
......[2018.132s][info][gc,start       ] GC(313) Pause Young (Mixed) (G1 Evacuation Pause)
[2018.132s][info][gc,task        ] GC(313) Using 6 workers of 6 for evacuation
[2018.263s][info][gc,phases      ] GC(313)   Pre Evacuate Collection Set: 0.37ms
[2018.263s][info][gc,phases      ] GC(313)   Merge Heap Roots: 0.73ms
[2018.263s][info][gc,phases      ] GC(313)   Evacuate Collection Set: 128.21ms
[2018.263s][info][gc,phases      ] GC(313)   Post Evacuate Collection Set: 0.97ms
[2018.263s][info][gc,phases      ] GC(313)   Other: 0.09ms
[2018.263s][info][gc,heap        ] GC(313) Eden regions: 1111->0(1119)
[2018.263s][info][gc,heap        ] GC(313) Survivor regions: 110->109(153)
[2018.263s][info][gc,heap        ] GC(313) Old regions: 534->472
[2018.263s][info][gc,heap        ] GC(313) Humongous regions: 80->80
[2018.263s][info][gc,metaspace   ] GC(313) Metaspace: 28944K(29312K)->28944K(29312K) NonClass: 24059K(24192K)->24059K(24192K) Class: 4884K(5120K)->4884K(5120K)
[2018.263s][info][gc             ] GC(313) Pause Young (Mixed) (G1 Evacuation Pause) 3667M->1321M(4096M) 130.489ms
[2018.263s][info][gc,cpu         ] GC(313) User=0.78s Sys=0.00s Real=0.13s
......[2024.367s][info][gc,start       ] GC(314) Pause Young (Concurrent Start) (G1 Evacuation Pause)
[2024.367s][info][gc,task        ] GC(314) Using 6 workers of 6 for evacuation
[2024.485s][info][gc,phases      ] GC(314)   Pre Evacuate Collection Set: 0.42ms
[2024.485s][info][gc,phases      ] GC(314)   Merge Heap Roots: 0.61ms
[2024.485s][info][gc,phases      ] GC(314)   Evacuate Collection Set: 115.76ms
[2024.485s][info][gc,phases      ] GC(314)   Post Evacuate Collection Set: 0.90ms
[2024.485s][info][gc,phases      ] GC(314)   Other: 0.12ms
[2024.485s][info][gc,heap        ] GC(314) Eden regions: 1119->0(1119)
[2024.485s][info][gc,heap        ] GC(314) Survivor regions: 109->109(154)
[2024.485s][info][gc,heap        ] GC(314) Old regions: 472->505
[2024.485s][info][gc,heap        ] GC(314) Humongous regions: 80->80
[2024.485s][info][gc,metaspace   ] GC(314) Metaspace: 28944K(29312K)->28944K(29312K) NonClass: 24059K(24192K)->24059K(24192K) Class: 4884K(5120K)->4884K(5120K)
[2024.485s][info][gc             ] GC(314) Pause Young (Concurrent Start) (G1 Evacuation Pause) 3559M->1386M(4096M) 117.966ms
[2024.485s][info][gc             ] GC(315) Concurrent Mark Cycle
[2024.485s][info][gc,marking     ] GC(315) Concurrent Scan Root Regions
[2024.485s][info][gc,cpu         ] GC(314) User=0.70s Sys=0.00s Real=0.12s
[2024.621s][info][gc,marking     ] GC(315) Concurrent Scan Root Regions 136.603ms
[2024.621s][info][gc,marking     ] GC(315) Concurrent Mark
[2024.621s][info][gc,marking     ] GC(315) Concurrent Mark From Roots
[2024.621s][info][gc,task        ] GC(315) Using 2 workers of 2 for marking
.[2025.196s][info][gc,marking     ] GC(315) Concurrent Mark From Roots 574.333ms
[2025.196s][info][gc,marking     ] GC(315) Concurrent Preclean
[2025.196s][info][gc,marking     ] GC(315) Concurrent Preclean 0.030ms
[2025.196s][info][gc,start       ] GC(315) Pause Remark
[2025.199s][info][gc             ] GC(315) Pause Remark 1655M->1655M(4096M) 3.452ms
[2025.199s][info][gc,cpu         ] GC(315) User=0.01s Sys=0.00s Real=0.01s
[2025.199s][info][gc,marking     ] GC(315) Concurrent Mark 578.031ms
[2025.199s][info][gc,marking     ] GC(315) Concurrent Rebuild Remembered Sets and Scrub Regions
[2025.433s][info][gc,marking     ] GC(315) Concurrent Rebuild Remembered Sets and Scrub Regions 234.002ms
[2025.434s][info][gc,start       ] GC(315) Pause Cleanup
[2025.434s][info][gc             ] GC(315) Pause Cleanup 1766M->1766M(4096M) 0.149ms
[2025.434s][info][gc,cpu         ] GC(315) User=0.00s Sys=0.00s Real=0.00s
[2025.434s][info][gc,marking     ] GC(315) Concurrent Clear Claimed Marks
[2025.434s][info][gc,marking     ] GC(315) Concurrent Clear Claimed Marks 0.034ms
[2025.434s][info][gc,marking     ] GC(315) Concurrent Cleanup for Next Mark
[2025.437s][info][gc,marking     ] GC(315) Concurrent Cleanup for Next Mark 3.578ms
[2025.438s][info][gc             ] GC(315) Concurrent Mark Cycle 952.776ms
.....[2030.551s][info][gc,start       ] GC(316) Pause Young (Prepare Mixed) (G1 Evacuation Pause)
[2030.551s][info][gc,task        ] GC(316) Using 6 workers of 6 for evacuation
[2030.668s][info][gc,phases      ] GC(316)   Pre Evacuate Collection Set: 0.33ms
[2030.668s][info][gc,phases      ] GC(316)   Merge Heap Roots: 0.59ms
[2030.668s][info][gc,phases      ] GC(316)   Evacuate Collection Set: 115.04ms
[2030.668s][info][gc,phases      ] GC(316)   Post Evacuate Collection Set: 0.96ms
[2030.668s][info][gc,phases      ] GC(316)   Other: 0.09ms
[2030.668s][info][gc,heap        ] GC(316) Eden regions: 1119->0(1111)
[2030.668s][info][gc,heap        ] GC(316) Survivor regions: 109->109(154)
[2030.668s][info][gc,heap        ] GC(316) Old regions: 505->536
[2030.668s][info][gc,heap        ] GC(316) Humongous regions: 80->80
[2030.668s][info][gc,metaspace   ] GC(316) Metaspace: 28944K(29312K)->28944K(29312K) NonClass: 24059K(24192K)->24059K(24192K) Class: 4884K(5120K)->4884K(5120K)
[2030.669s][info][gc             ] GC(316) Pause Young (Prepare Mixed) (G1 Evacuation Pause) 3624M->1448M(4096M) 117.129ms
[2030.669s][info][gc,cpu         ] GC(316) User=0.70s Sys=0.00s Real=0.11s
.......[2036.806s][info][gc,start       ] GC(317) Pause Young (Mixed) (G1 Evacuation Pause)
[2036.806s][info][gc,task        ] GC(317) Using 6 workers of 6 for evacuation
[2036.942s][info][gc,phases      ] GC(317)   Pre Evacuate Collection Set: 0.36ms
[2036.942s][info][gc,phases      ] GC(317)   Merge Heap Roots: 0.81ms
[2036.942s][info][gc,phases      ] GC(317)   Evacuate Collection Set: 133.56ms
[2036.942s][info][gc,phases      ] GC(317)   Post Evacuate Collection Set: 0.99ms
[2036.942s][info][gc,phases      ] GC(317)   Other: 0.09ms
[2036.942s][info][gc,heap        ] GC(317) Eden regions: 1111->0(1118)
[2036.942s][info][gc,heap        ] GC(317) Survivor regions: 109->110(153)
[2036.942s][info][gc,heap        ] GC(317) Old regions: 536->470
[2036.942s][info][gc,heap        ] GC(317) Humongous regions: 80->80
[2036.942s][info][gc,metaspace   ] GC(317) Metaspace: 28944K(29312K)->28944K(29312K) NonClass: 24059K(24192K)->24059K(24192K) Class: 4884K(5120K)->4884K(5120K)
[2036.942s][info][gc             ] GC(317) Pause Young (Mixed) (G1 Evacuation Pause) 3670M->1319M(4096M) 135.964ms
[2036.942s][info][gc,cpu         ] GC(317) User=0.81s Sys=0.00s Real=0.14s
......[2043.010s][info][gc,start       ] GC(318) Pause Young (Concurrent Start) (G1 Evacuation Pause)
[2043.010s][info][gc,task        ] GC(318) Using 6 workers of 6 for evacuation
[2043.126s][info][gc,phases      ] GC(318)   Pre Evacuate Collection Set: 0.42ms
[2043.127s][info][gc,phases      ] GC(318)   Merge Heap Roots: 0.53ms
[2043.127s][info][gc,phases      ] GC(318)   Evacuate Collection Set: 114.82ms
[2043.127s][info][gc,phases      ] GC(318)   Post Evacuate Collection Set: 0.91ms
[2043.127s][info][gc,phases      ] GC(318)   Other: 0.12ms
[2043.127s][info][gc,heap        ] GC(318) Eden regions: 1118->0(1120)
[2043.127s][info][gc,heap        ] GC(318) Survivor regions: 110->108(154)
[2043.127s][info][gc,heap        ] GC(318) Old regions: 470->501
[2043.127s][info][gc,heap        ] GC(318) Humongous regions: 80->80
[2043.127s][info][gc,metaspace   ] GC(318) Metaspace: 28944K(29312K)->28944K(29312K) NonClass: 24059K(24192K)->24059K(24192K) Class: 4884K(5120K)->4884K(5120K)
[2043.127s][info][gc             ] GC(318) Pause Young (Concurrent Start) (G1 Evacuation Pause) 3555M->1377M(4096M) 116.929ms
[2043.127s][info][gc             ] GC(319) Concurrent Mark Cycle
[2043.127s][info][gc,marking     ] GC(319) Concurrent Scan Root Regions
[2043.127s][info][gc,cpu         ] GC(318) User=0.69s Sys=0.00s Real=0.11s
[2043.277s][info][gc,marking     ] GC(319) Concurrent Scan Root Regions 150.645ms
[2043.277s][info][gc,marking     ] GC(319) Concurrent Mark
[2043.277s][info][gc,marking     ] GC(319) Concurrent Mark From Roots
[2043.277s][info][gc,task        ] GC(319) Using 2 workers of 2 for marking
.[2043.925s][info][gc,marking     ] GC(319) Concurrent Mark From Roots 647.268ms
[2043.925s][info][gc,marking     ] GC(319) Concurrent Preclean
[2043.925s][info][gc,marking     ] GC(319) Concurrent Preclean 0.032ms
[2043.925s][info][gc,start       ] GC(319) Pause Remark
[2043.928s][info][gc             ] GC(319) Pause Remark 1709M->1709M(4096M) 3.444ms
[2043.928s][info][gc,cpu         ] GC(319) User=0.02s Sys=0.00s Real=0.00s
[2043.928s][info][gc,marking     ] GC(319) Concurrent Mark 651.002ms
[2043.928s][info][gc,marking     ] GC(319) Concurrent Rebuild Remembered Sets and Scrub Regions
[2044.179s][info][gc,marking     ] GC(319) Concurrent Rebuild Remembered Sets and Scrub Regions 250.619ms
[2044.179s][info][gc,start       ] GC(319) Pause Cleanup
[2044.179s][info][gc             ] GC(319) Pause Cleanup 1817M->1817M(4096M) 0.125ms
[2044.179s][info][gc,cpu         ] GC(319) User=0.00s Sys=0.00s Real=0.00s
[2044.179s][info][gc,marking     ] GC(319) Concurrent Clear Claimed Marks
[2044.179s][info][gc,marking     ] GC(319) Concurrent Clear Claimed Marks 0.029ms
[2044.179s][info][gc,marking     ] GC(319) Concurrent Cleanup for Next Mark
[2044.184s][info][gc,marking     ] GC(319) Concurrent Cleanup for Next Mark 4.226ms
[2044.184s][info][gc             ] GC(319) Concurrent Mark Cycle 1056.966ms
.....[2049.315s][info][gc,start       ] GC(320) Pause Young (Prepare Mixed) (G1 Evacuation Pause)
[2049.315s][info][gc,task        ] GC(320) Using 6 workers of 6 for evacuation
[2049.438s][info][gc,phases      ] GC(320)   Pre Evacuate Collection Set: 0.33ms
[2049.438s][info][gc,phases      ] GC(320)   Merge Heap Roots: 0.68ms
[2049.438s][info][gc,phases      ] GC(320)   Evacuate Collection Set: 120.63ms
[2049.438s][info][gc,phases      ] GC(320)   Post Evacuate Collection Set: 0.94ms
[2049.438s][info][gc,phases      ] GC(320)   Other: 0.09ms
[2049.438s][info][gc,heap        ] GC(320) Eden regions: 1120->0(1105)
[2049.438s][info][gc,heap        ] GC(320) Survivor regions: 108->113(154)
[2049.438s][info][gc,heap        ] GC(320) Old regions: 501->534
[2049.438s][info][gc,heap        ] GC(320) Humongous regions: 80->80
[2049.438s][info][gc,metaspace   ] GC(320) Metaspace: 28944K(29312K)->28944K(29312K) NonClass: 24059K(24192K)->24059K(24192K) Class: 4884K(5120K)->4884K(5120K)
[2049.438s][info][gc             ] GC(320) Pause Young (Prepare Mixed) (G1 Evacuation Pause) 3617M->1452M(4096M) 122.795ms
[2049.438s][info][gc,cpu         ] GC(320) User=0.73s Sys=0.01s Real=0.12s
......[2055.482s][info][gc,start       ] GC(321) Pause Young (Mixed) (G1 Evacuation Pause)
[2055.483s][info][gc,task        ] GC(321) Using 6 workers of 6 for evacuation
[2055.613s][info][gc,phases      ] GC(321)   Pre Evacuate Collection Set: 0.40ms
[2055.613s][info][gc,phases      ] GC(321)   Merge Heap Roots: 0.68ms
[2055.613s][info][gc,phases      ] GC(321)   Evacuate Collection Set: 128.33ms
[2055.613s][info][gc,phases      ] GC(321)   Post Evacuate Collection Set: 0.96ms
[2055.613s][info][gc,phases      ] GC(321)   Other: 0.09ms
[2055.613s][info][gc,heap        ] GC(321) Eden regions: 1105->0(1120)
[2055.613s][info][gc,heap        ] GC(321) Survivor regions: 113->108(153)
[2055.613s][info][gc,heap        ] GC(321) Old regions: 534->471
[2055.613s][info][gc,heap        ] GC(321) Humongous regions: 80->80
[2055.613s][info][gc,metaspace   ] GC(321) Metaspace: 28944K(29312K)->28944K(29312K) NonClass: 24059K(24192K)->24059K(24192K) Class: 4884K(5120K)->4884K(5120K)
[2055.613s][info][gc             ] GC(321) Pause Young (Mixed) (G1 Evacuation Pause) 3662M->1316M(4096M) 130.590ms
[2055.613s][info][gc,cpu         ] GC(321) User=0.78s Sys=0.00s Real=0.13s
...... (rIR:aIR:PR = 3044:3044:3044) (tPR = 45080) [OK] 
  2060s: Performance info:
         Transaction,    Success,    Partial,     Failed,   Receipts, AvgBarcode, 
             Overall,     182801,          0,          0,     173669,      59.47, 
         Response times:
             Request,    Success,    Partial,     Failed,   SkipFail,     Probes,    Samples,      min,      p50,      p90,      p95,      p99,      max, 
       TotalPurchase,     173669,          0,          0,          0,     170658,     186150,      300,     2600,     4200,     5000,    21000,   178000,
     InStorePurchase,      91348,          0,          0,          0,      89974,      97887,      300,     2500,     4100,     4900,    21000,   178000,
      OnlinePurchase,      64029,          0,          0,          0,      62975,      68670,      300,     2700,     4200,     5000,    22000,   140000,
        InstPurchase,      18292,          0,          0,          0,      17709,      19593,      400,     2600,     4200,     5000,    21000,   135000,
          AssocOfCat,        183,          0,          0,          0,        134,        185,    22000,    30000,    37400,    41000,    52120,    59000,
      AssocOfProduct,       1830,          0,          0,          0,       1629,       1918,      700,     2600,     3700,     4300,    15700,   134000,
      BusinessReport,        456,          0,          0,          0,        376,        507,    22000,    35000,    50000,    60200,   175440,   189000,
          CustBuyBeh,       1822,          0,          0,          0,       1678,       2012,      300,     2900,     4300,     5500,    25870,   134000,
       ProductReturn,       4841,          0,          0,          0,       4518,       5140,      300,     2900,     4300,     5400,    25000,   135000,

  2060s: (23%)   IR =   3183 [2061.639s][info][gc,start       ] GC(322) Pause Young (Concurrent Start) (G1 Evacuation Pause)
[2061.639s][info][gc,task        ] GC(322) Using 6 workers of 6 for evacuation
[2061.758s][info][gc,phases      ] GC(322)   Pre Evacuate Collection Set: 0.42ms
[2061.758s][info][gc,phases      ] GC(322)   Merge Heap Roots: 0.62ms
[2061.758s][info][gc,phases      ] GC(322)   Evacuate Collection Set: 116.50ms
[2061.758s][info][gc,phases      ] GC(322)   Post Evacuate Collection Set: 0.88ms
[2061.758s][info][gc,phases      ] GC(322)   Other: 0.13ms
[2061.758s][info][gc,heap        ] GC(322) Eden regions: 1120->0(1119)
[2061.758s][info][gc,heap        ] GC(322) Survivor regions: 108->109(154)
[2061.758s][info][gc,heap        ] GC(322) Old regions: 471->503
[2061.758s][info][gc,heap        ] GC(322) Humongous regions: 80->80
[2061.758s][info][gc,metaspace   ] GC(322) Metaspace: 28945K(29312K)->28945K(29312K) NonClass: 24060K(24192K)->24060K(24192K) Class: 4884K(5120K)->4884K(5120K)
[2061.758s][info][gc             ] GC(322) Pause Young (Concurrent Start) (G1 Evacuation Pause) 3556M->1381M(4096M) 118.696ms
[2061.758s][info][gc             ] GC(323) Concurrent Mark Cycle
[2061.758s][info][gc,marking     ] GC(323) Concurrent Scan Root Regions
[2061.758s][info][gc,cpu         ] GC(322) User=0.70s Sys=0.00s Real=0.11s
.[2061.931s][info][gc,marking     ] GC(323) Concurrent Scan Root Regions 172.672ms
[2061.931s][info][gc,marking     ] GC(323) Concurrent Mark
[2061.931s][info][gc,marking     ] GC(323) Concurrent Mark From Roots
[2061.931s][info][gc,task        ] GC(323) Using 2 workers of 2 for marking
[2062.586s][info][gc,marking     ] GC(323) Concurrent Mark From Roots 654.805ms
[2062.586s][info][gc,marking     ] GC(323) Concurrent Preclean
[2062.586s][info][gc,marking     ] GC(323) Concurrent Preclean 0.062ms
[2062.586s][info][gc,start       ] GC(323) Pause Remark
[2062.589s][info][gc             ] GC(323) Pause Remark 1702M->1702M(4096M) 3.509ms
[2062.589s][info][gc,cpu         ] GC(323) User=0.01s Sys=0.00s Real=0.01s
[2062.589s][info][gc,marking     ] GC(323) Concurrent Mark 658.738ms
[2062.589s][info][gc,marking     ] GC(323) Concurrent Rebuild Remembered Sets and Scrub Regions
.[2062.844s][info][gc,marking     ] GC(323) Concurrent Rebuild Remembered Sets and Scrub Regions 254.233ms
[2062.844s][info][gc,start       ] GC(323) Pause Cleanup
[2062.844s][info][gc             ] GC(323) Pause Cleanup 1810M->1810M(4096M) 0.129ms
[2062.844s][info][gc,cpu         ] GC(323) User=0.00s Sys=0.00s Real=0.00s
[2062.844s][info][gc,marking     ] GC(323) Concurrent Clear Claimed Marks
[2062.844s][info][gc,marking     ] GC(323) Concurrent Clear Claimed Marks 0.038ms
[2062.844s][info][gc,marking     ] GC(323) Concurrent Cleanup for Next Mark
[2062.849s][info][gc,marking     ] GC(323) Concurrent Cleanup for Next Mark 4.778ms
[2062.849s][info][gc             ] GC(323) Concurrent Mark Cycle 1090.953ms
....[2067.604s][info][gc,start       ] GC(324) Pause Young (Prepare Mixed) (G1 Evacuation Pause)
[2067.604s][info][gc,task        ] GC(324) Using 6 workers of 6 for evacuation
[2067.722s][info][gc,phases      ] GC(324)   Pre Evacuate Collection Set: 0.37ms
[2067.722s][info][gc,phases      ] GC(324)   Merge Heap Roots: 0.59ms
[2067.722s][info][gc,phases      ] GC(324)   Evacuate Collection Set: 115.56ms
[2067.722s][info][gc,phases      ] GC(324)   Post Evacuate Collection Set: 0.94ms
[2067.722s][info][gc,phases      ] GC(324)   Other: 0.10ms
[2067.722s][info][gc,heap        ] GC(324) Eden regions: 1119->0(1114)
[2067.722s][info][gc,heap        ] GC(324) Survivor regions: 109->108(154)
[2067.722s][info][gc,heap        ] GC(324) Old regions: 503->535
[2067.722s][info][gc,heap        ] GC(324) Humongous regions: 80->80
[2067.722s][info][gc,metaspace   ] GC(324) Metaspace: 28945K(29312K)->28945K(29312K) NonClass: 24060K(24192K)->24060K(24192K) Class: 4884K(5120K)->4884K(5120K)
[2067.722s][info][gc             ] GC(324) Pause Young (Prepare Mixed) (G1 Evacuation Pause) 3619M->1444M(4096M) 117.681ms
[2067.722s][info][gc,cpu         ] GC(324) User=0.70s Sys=0.00s Real=0.12s
.....|.[2073.528s][info][gc,start       ] GC(325) Pause Young (Mixed) (G1 Evacuation Pause)
[2073.528s][info][gc,task        ] GC(325) Using 6 workers of 6 for evacuation
[2073.659s][info][gc,phases      ] GC(325)   Pre Evacuate Collection Set: 0.38ms
[2073.659s][info][gc,phases      ] GC(325)   Merge Heap Roots: 0.77ms
[2073.659s][info][gc,phases      ] GC(325)   Evacuate Collection Set: 129.18ms
[2073.659s][info][gc,phases      ] GC(325)   Post Evacuate Collection Set: 0.95ms
[2073.659s][info][gc,phases      ] GC(325)   Other: 0.09ms
[2073.659s][info][gc,heap        ] GC(325) Eden regions: 1114->0(1120)
[2073.659s][info][gc,heap        ] GC(325) Survivor regions: 108->108(153)
[2073.659s][info][gc,heap        ] GC(325) Old regions: 535->471
[2073.659s][info][gc,heap        ] GC(325) Humongous regions: 80->80
[2073.659s][info][gc,metaspace   ] GC(325) Metaspace: 28945K(29312K)->28945K(29312K) NonClass: 24060K(24192K)->24060K(24192K) Class: 4884K(5120K)->4884K(5120K)
[2073.659s][info][gc             ] GC(325) Pause Young (Mixed) (G1 Evacuation Pause) 3672M->1317M(4096M) 131.520ms
[2073.659s][info][gc,cpu         ] GC(325) User=0.78s Sys=0.00s Real=0.14s
......[2079.566s][info][gc,start       ] GC(326) Pause Young (Concurrent Start) (G1 Evacuation Pause)
[2079.566s][info][gc,task        ] GC(326) Using 6 workers of 6 for evacuation
[2079.687s][info][gc,phases      ] GC(326)   Pre Evacuate Collection Set: 0.40ms
[2079.687s][info][gc,phases      ] GC(326)   Merge Heap Roots: 0.55ms
[2079.687s][info][gc,phases      ] GC(326)   Evacuate Collection Set: 118.49ms
[2079.687s][info][gc,phases      ] GC(326)   Post Evacuate Collection Set: 0.89ms
[2079.687s][info][gc,phases      ] GC(326)   Other: 0.12ms
[2079.687s][info][gc,heap        ] GC(326) Eden regions: 1120->0(1117)
[2079.687s][info][gc,heap        ] GC(326) Survivor regions: 108->111(154)
[2079.687s][info][gc,heap        ] GC(326) Old regions: 471->503
[2079.687s][info][gc,heap        ] GC(326) Humongous regions: 80->80
[2079.687s][info][gc,metaspace   ] GC(326) Metaspace: 28945K(29312K)->28945K(29312K) NonClass: 24060K(24192K)->24060K(24192K) Class: 4884K(5120K)->4884K(5120K)
[2079.687s][info][gc             ] GC(326) Pause Young (Concurrent Start) (G1 Evacuation Pause) 3557M->1385M(4096M) 120.573ms
[2079.687s][info][gc             ] GC(327) Concurrent Mark Cycle
[2079.687s][info][gc,marking     ] GC(327) Concurrent Scan Root Regions
[2079.687s][info][gc,cpu         ] GC(326) User=0.72s Sys=0.00s Real=0.12s
.[2079.814s][info][gc,marking     ] GC(327) Concurrent Scan Root Regions 127.073ms
[2079.814s][info][gc,marking     ] GC(327) Concurrent Mark
[2079.814s][info][gc,marking     ] GC(327) Concurrent Mark From Roots
[2079.814s][info][gc,task        ] GC(327) Using 2 workers of 2 for marking
[2080.418s][info][gc,marking     ] GC(327) Concurrent Mark From Roots 604.445ms
[2080.418s][info][gc,marking     ] GC(327) Concurrent Preclean
[2080.419s][info][gc,marking     ] GC(327) Concurrent Preclean 0.035ms
[2080.419s][info][gc,start       ] GC(327) Pause Remark
[2080.422s][info][gc             ] GC(327) Pause Remark 1685M->1685M(4096M) 3.832ms
[2080.423s][info][gc,cpu         ] GC(327) User=0.02s Sys=0.00s Real=0.01s
[2080.423s][info][gc,marking     ] GC(327) Concurrent Mark 608.556ms
[2080.423s][info][gc,marking     ] GC(327) Concurrent Rebuild Remembered Sets and Scrub Regions
[2080.643s][info][gc,marking     ] GC(327) Concurrent Rebuild Remembered Sets and Scrub Regions 220.169ms
[2080.643s][info][gc,start       ] GC(327) Pause Cleanup
[2080.643s][info][gc             ] GC(327) Pause Cleanup 1764M->1764M(4096M) 0.115ms
[2080.643s][info][gc,cpu         ] GC(327) User=0.00s Sys=0.00s Real=0.00s
[2080.643s][info][gc,marking     ] GC(327) Concurrent Clear Claimed Marks
[2080.643s][info][gc,marking     ] GC(327) Concurrent Clear Claimed Marks 0.030ms
[2080.643s][info][gc,marking     ] GC(327) Concurrent Cleanup for Next Mark
[2080.649s][info][gc,marking     ] GC(327) Concurrent Cleanup for Next Mark 5.968ms
[2080.649s][info][gc             ] GC(327) Concurrent Mark Cycle 962.212ms
.....[2085.464s][info][gc,start       ] GC(328) Pause Young (Prepare Mixed) (G1 Evacuation Pause)
[2085.464s][info][gc,task        ] GC(328) Using 6 workers of 6 for evacuation
[2085.581s][info][gc,phases      ] GC(328)   Pre Evacuate Collection Set: 0.34ms
[2085.581s][info][gc,phases      ] GC(328)   Merge Heap Roots: 0.59ms
[2085.581s][info][gc,phases      ] GC(328)   Evacuate Collection Set: 115.24ms
[2085.581s][info][gc,phases      ] GC(328)   Post Evacuate Collection Set: 0.93ms
[2085.581s][info][gc,phases      ] GC(328)   Other: 0.09ms
[2085.581s][info][gc,heap        ] GC(328) Eden regions: 1117->0(1113)
[2085.581s][info][gc,heap        ] GC(328) Survivor regions: 111->109(154)
[2085.581s][info][gc,heap        ] GC(328) Old regions: 503->534
[2085.581s][info][gc,heap        ] GC(328) Humongous regions: 80->80
[2085.581s][info][gc,metaspace   ] GC(328) Metaspace: 28945K(29312K)->28945K(29312K) NonClass: 24060K(24192K)->24060K(24192K) Class: 4884K(5120K)->4884K(5120K)
[2085.581s][info][gc             ] GC(328) Pause Young (Prepare Mixed) (G1 Evacuation Pause) 3619M->1445M(4096M) 117.350ms
[2085.581s][info][gc,cpu         ] GC(328) User=0.69s Sys=0.00s Real=0.12s
......[2091.468s][info][gc,start       ] GC(329) Pause Young (Mixed) (G1 Evacuation Pause)
[2091.468s][info][gc,task        ] GC(329) Using 6 workers of 6 for evacuation
[2091.603s][info][gc,phases      ] GC(329)   Pre Evacuate Collection Set: 0.40ms
[2091.603s][info][gc,phases      ] GC(329)   Merge Heap Roots: 0.85ms
[2091.603s][info][gc,phases      ] GC(329)   Evacuate Collection Set: 132.40ms
[2091.603s][info][gc,phases      ] GC(329)   Post Evacuate Collection Set: 0.99ms
[2091.603s][info][gc,phases      ] GC(329)   Other: 0.09ms
[2091.603s][info][gc,heap        ] GC(329) Eden regions: 1113->0(1119)
[2091.603s][info][gc,heap        ] GC(329) Survivor regions: 109->109(153)
[2091.603s][info][gc,heap        ] GC(329) Old regions: 534->471
[2091.603s][info][gc,heap        ] GC(329) Humongous regions: 80->80
[2091.603s][info][gc,metaspace   ] GC(329) Metaspace: 28945K(29312K)->28945K(29312K) NonClass: 24060K(24192K)->24060K(24192K) Class: 4884K(5120K)->4884K(5120K)
[2091.603s][info][gc             ] GC(329) Pause Young (Mixed) (G1 Evacuation Pause) 3671M->1317M(4096M) 134.871ms
[2091.603s][info][gc,cpu         ] GC(329) User=0.81s Sys=0.00s Real=0.14s
......[2097.370s][info][gc,start       ] GC(330) Pause Young (Concurrent Start) (G1 Evacuation Pause)
[2097.370s][info][gc,task        ] GC(330) Using 6 workers of 6 for evacuation
[2097.490s][info][gc,phases      ] GC(330)   Pre Evacuate Collection Set: 0.42ms
[2097.490s][info][gc,phases      ] GC(330)   Merge Heap Roots: 0.57ms
[2097.490s][info][gc,phases      ] GC(330)   Evacuate Collection Set: 118.43ms
[2097.490s][info][gc,phases      ] GC(330)   Post Evacuate Collection Set: 0.90ms
[2097.490s][info][gc,phases      ] GC(330)   Other: 0.13ms
[2097.490s][info][gc,heap        ] GC(330) Eden regions: 1119->0(1117)
[2097.490s][info][gc,heap        ] GC(330) Survivor regions: 109->111(154)
[2097.490s][info][gc,heap        ] GC(330) Old regions: 471->502
[2097.490s][info][gc,heap        ] GC(330) Humongous regions: 80->80
[2097.490s][info][gc,metaspace   ] GC(330) Metaspace: 28945K(29312K)->28945K(29312K) NonClass: 24060K(24192K)->24060K(24192K) Class: 4884K(5120K)->4884K(5120K)
[2097.490s][info][gc             ] GC(330) Pause Young (Concurrent Start) (G1 Evacuation Pause) 3555M->1383M(4096M) 120.583ms
[2097.490s][info][gc             ] GC(331) Concurrent Mark Cycle
[2097.490s][info][gc,marking     ] GC(331) Concurrent Scan Root Regions
[2097.490s][info][gc,cpu         ] GC(330) User=0.71s Sys=0.00s Real=0.12s
[2097.664s][info][gc,marking     ] GC(331) Concurrent Scan Root Regions 173.447ms
[2097.664s][info][gc,marking     ] GC(331) Concurrent Mark
[2097.664s][info][gc,marking     ] GC(331) Concurrent Mark From Roots
[2097.664s][info][gc,task        ] GC(331) Using 2 workers of 2 for marking
.[2098.584s][info][gc,marking     ] GC(331) Concurrent Mark From Roots 919.906ms
[2098.584s][info][gc,marking     ] GC(331) Concurrent Preclean
[2098.584s][info][gc,marking     ] GC(331) Concurrent Preclean 0.046ms
[2098.585s][info][gc,start       ] GC(331) Pause Remark
[2098.589s][info][gc             ] GC(331) Pause Remark 1813M->1813M(4096M) 4.471ms
[2098.589s][info][gc,cpu         ] GC(331) User=0.03s Sys=0.00s Real=0.01s
[2098.590s][info][gc,marking     ] GC(331) Concurrent Mark 925.631ms
[2098.590s][info][gc,marking     ] GC(331) Concurrent Rebuild Remembered Sets and Scrub Regions
.[2098.835s][info][gc,marking     ] GC(331) Concurrent Rebuild Remembered Sets and Scrub Regions 245.291ms
[2098.835s][info][gc,start       ] GC(331) Pause Cleanup
[2098.835s][info][gc             ] GC(331) Pause Cleanup 1913M->1913M(4096M) 0.121ms
[2098.835s][info][gc,cpu         ] GC(331) User=0.00s Sys=0.00s Real=0.00s
[2098.835s][info][gc,marking     ] GC(331) Concurrent Clear Claimed Marks
[2098.835s][info][gc,marking     ] GC(331) Concurrent Clear Claimed Marks 0.036ms
[2098.835s][info][gc,marking     ] GC(331) Concurrent Cleanup for Next Mark
[2098.839s][info][gc,marking     ] GC(331) Concurrent Cleanup for Next Mark 3.447ms
[2098.839s][info][gc             ] GC(331) Concurrent Mark Cycle 1348.263ms
....[2103.381s][info][gc,start       ] GC(332) Pause Young (Prepare Mixed) (G1 Evacuation Pause)
[2103.381s][info][gc,task        ] GC(332) Using 6 workers of 6 for evacuation
[2103.499s][info][gc,phases      ] GC(332)   Pre Evacuate Collection Set: 0.37ms
[2103.499s][info][gc,phases      ] GC(332)   Merge Heap Roots: 0.70ms
[2103.499s][info][gc,phases      ] GC(332)   Evacuate Collection Set: 115.50ms
[2103.499s][info][gc,phases      ] GC(332)   Post Evacuate Collection Set: 0.93ms
[2103.499s][info][gc,phases      ] GC(332)   Other: 0.09ms
[2103.499s][info][gc,heap        ] GC(332) Eden regions: 1117->0(1113)
[2103.499s][info][gc,heap        ] GC(332) Survivor regions: 111->109(154)
[2103.499s][info][gc,heap        ] GC(332) Old regions: 502->534
[2103.499s][info][gc,heap        ] GC(332) Humongous regions: 80->80
[2103.499s][info][gc,metaspace   ] GC(332) Metaspace: 28945K(29312K)->28945K(29312K) NonClass: 24060K(24192K)->24060K(24192K) Class: 4884K(5120K)->4884K(5120K)
[2103.499s][info][gc             ] GC(332) Pause Young (Prepare Mixed) (G1 Evacuation Pause) 3617M->1444M(4096M) 117.714ms
[2103.499s][info][gc,cpu         ] GC(332) User=0.70s Sys=0.00s Real=0.11s
......[2109.311s][info][gc,start       ] GC(333) Pause Young (Mixed) (G1 Evacuation Pause)
[2109.311s][info][gc,task        ] GC(333) Using 6 workers of 6 for evacuation
[2109.445s][info][gc,phases      ] GC(333)   Pre Evacuate Collection Set: 0.35ms
[2109.445s][info][gc,phases      ] GC(333)   Merge Heap Roots: 0.81ms
[2109.445s][info][gc,phases      ] GC(333)   Evacuate Collection Set: 131.66ms
[2109.445s][info][gc,phases      ] GC(333)   Post Evacuate Collection Set: 1.00ms
[2109.445s][info][gc,phases      ] GC(333)   Other: 0.11ms
[2109.445s][info][gc,heap        ] GC(333) Eden regions: 1113->0(1118)
[2109.445s][info][gc,heap        ] GC(333) Survivor regions: 109->110(153)
[2109.445s][info][gc,heap        ] GC(333) Old regions: 534->472
[2109.445s][info][gc,heap        ] GC(333) Humongous regions: 80->80
[2109.445s][info][gc,metaspace   ] GC(333) Metaspace: 28945K(29312K)->28945K(29312K) NonClass: 24060K(24192K)->24060K(24192K) Class: 4884K(5120K)->4884K(5120K)
[2109.445s][info][gc             ] GC(333) Pause Young (Mixed) (G1 Evacuation Pause) 3670M->1321M(4096M) 134.058ms
[2109.445s][info][gc,cpu         ] GC(333) User=0.80s Sys=0.00s Real=0.13s
......[2115.229s][info][gc,start       ] GC(334) Pause Young (Concurrent Start) (G1 Evacuation Pause)
[2115.229s][info][gc,task        ] GC(334) Using 6 workers of 6 for evacuation
[2115.348s][info][gc,phases      ] GC(334)   Pre Evacuate Collection Set: 0.44ms
[2115.348s][info][gc,phases      ] GC(334)   Merge Heap Roots: 0.60ms
[2115.348s][info][gc,phases      ] GC(334)   Evacuate Collection Set: 117.04ms
[2115.348s][info][gc,phases      ] GC(334)   Post Evacuate Collection Set: 0.92ms
[2115.348s][info][gc,phases      ] GC(334)   Other: 0.13ms
[2115.348s][info][gc,heap        ] GC(334) Eden regions: 1118->0(1119)
[2115.348s][info][gc,heap        ] GC(334) Survivor regions: 110->109(154)
[2115.348s][info][gc,heap        ] GC(334) Old regions: 472->504
[2115.348s][info][gc,heap        ] GC(334) Humongous regions: 80->80
[2115.348s][info][gc,metaspace   ] GC(334) Metaspace: 28945K(29312K)->28945K(29312K) NonClass: 24060K(24192K)->24060K(24192K) Class: 4884K(5120K)->4884K(5120K)
[2115.348s][info][gc             ] GC(334) Pause Young (Concurrent Start) (G1 Evacuation Pause) 3557M->1384M(4096M) 119.273ms
[2115.348s][info][gc             ] GC(335) Concurrent Mark Cycle
[2115.348s][info][gc,marking     ] GC(335) Concurrent Scan Root Regions
[2115.348s][info][gc,cpu         ] GC(334) User=0.71s Sys=0.00s Real=0.12s
[2115.497s][info][gc,marking     ] GC(335) Concurrent Scan Root Regions 149.038ms
[2115.497s][info][gc,marking     ] GC(335) Concurrent Mark
[2115.497s][info][gc,marking     ] GC(335) Concurrent Mark From Roots
[2115.497s][info][gc,task        ] GC(335) Using 2 workers of 2 for marking
.[2116.113s][info][gc,marking     ] GC(335) Concurrent Mark From Roots 615.990ms
[2116.113s][info][gc,marking     ] GC(335) Concurrent Preclean
[2116.113s][info][gc,marking     ] GC(335) Concurrent Preclean 0.045ms
[2116.113s][info][gc,start       ] GC(335) Pause Remark
[2116.117s][info][gc             ] GC(335) Pause Remark 1688M->1688M(4096M) 3.431ms
[2116.117s][info][gc,cpu         ] GC(335) User=0.02s Sys=0.00s Real=0.00s
[2116.117s][info][gc,marking     ] GC(335) Concurrent Mark 619.836ms
[2116.117s][info][gc,marking     ] GC(335) Concurrent Rebuild Remembered Sets and Scrub Regions
[2116.471s][info][gc,marking     ] GC(335) Concurrent Rebuild Remembered Sets and Scrub Regions 353.989ms
[2116.471s][info][gc,start       ] GC(335) Pause Cleanup
[2116.471s][info][gc             ] GC(335) Pause Cleanup 1860M->1860M(4096M) 0.141ms
[2116.471s][info][gc,cpu         ] GC(335) User=0.00s Sys=0.00s Real=0.00s
[2116.471s][info][gc,marking     ] GC(335) Concurrent Clear Claimed Marks
[2116.471s][info][gc,marking     ] GC(335) Concurrent Clear Claimed Marks 0.032ms
[2116.471s][info][gc,marking     ] GC(335) Concurrent Cleanup for Next Mark
[2116.475s][info][gc,marking     ] GC(335) Concurrent Cleanup for Next Mark 3.686ms
[2116.475s][info][gc             ] GC(335) Concurrent Mark Cycle 1127.082ms
.....[2121.279s][info][gc,start       ] GC(336) Pause Young (Prepare Mixed) (G1 Evacuation Pause)
[2121.279s][info][gc,task        ] GC(336) Using 6 workers of 6 for evacuation
[2121.398s][info][gc,phases      ] GC(336)   Pre Evacuate Collection Set: 0.36ms
[2121.398s][info][gc,phases      ] GC(336)   Merge Heap Roots: 0.65ms
[2121.398s][info][gc,phases      ] GC(336)   Evacuate Collection Set: 116.37ms
[2121.398s][info][gc,phases      ] GC(336)   Post Evacuate Collection Set: 0.93ms
[2121.398s][info][gc,phases      ] GC(336)   Other: 0.09ms
[2121.398s][info][gc,heap        ] GC(336) Eden regions: 1119->0(1109)
[2121.398s][info][gc,heap        ] GC(336) Survivor regions: 109->110(154)
[2121.398s][info][gc,heap        ] GC(336) Old regions: 504->536
[2121.398s][info][gc,heap        ] GC(336) Humongous regions: 80->80
[2121.398s][info][gc,metaspace   ] GC(336) Metaspace: 28945K(29312K)->28945K(29312K) NonClass: 24060K(24192K)->24060K(24192K) Class: 4884K(5120K)->4884K(5120K)
[2121.398s][info][gc             ] GC(336) Pause Young (Prepare Mixed) (G1 Evacuation Pause) 3622M->1449M(4096M) 118.529ms
[2121.398s][info][gc,cpu         ] GC(336) User=0.70s Sys=0.00s Real=0.11s
......[2127.148s][info][gc,start       ] GC(337) Pause Young (Mixed) (G1 Evacuation Pause)
[2127.148s][info][gc,task        ] GC(337) Using 6 workers of 6 for evacuation
[2127.285s][info][gc,phases      ] GC(337)   Pre Evacuate Collection Set: 0.36ms
[2127.285s][info][gc,phases      ] GC(337)   Merge Heap Roots: 0.72ms
[2127.285s][info][gc,phases      ] GC(337)   Evacuate Collection Set: 135.24ms
[2127.285s][info][gc,phases      ] GC(337)   Post Evacuate Collection Set: 0.96ms
[2127.285s][info][gc,phases      ] GC(337)   Other: 0.09ms
[2127.285s][info][gc,heap        ] GC(337) Eden regions: 1109->0(1115)
[2127.285s][info][gc,heap        ] GC(337) Survivor regions: 110->113(153)
[2127.285s][info][gc,heap        ] GC(337) Old regions: 536->472
[2127.285s][info][gc,heap        ] GC(337) Humongous regions: 80->80
[2127.285s][info][gc,metaspace   ] GC(337) Metaspace: 28945K(29312K)->28945K(29312K) NonClass: 24060K(24192K)->24060K(24192K) Class: 4884K(5120K)->4884K(5120K)
[2127.285s][info][gc             ] GC(337) Pause Young (Mixed) (G1 Evacuation Pause) 3667M->1327M(4096M) 137.492ms
[2127.285s][info][gc,cpu         ] GC(337) User=0.82s Sys=0.00s Real=0.14s
..... (rIR:aIR:PR = 3183:3186:3186) (tPR = 47288) [OK] 
  2131s: Performance info:
         Transaction,    Success,    Partial,     Failed,   Receipts, AvgBarcode, 
             Overall,     191302,          0,          0,     181724,      59.47, 
         Response times:
             Request,    Success,    Partial,     Failed,   SkipFail,     Probes,    Samples,      min,      p50,      p90,      p95,      p99,      max, 
       TotalPurchase,     181724,          0,          0,          0,     178169,     212100,      300,     2700,     4500,     5700,    19900,   183000,
     InStorePurchase,      95581,          0,          0,          0,      94117,     111753,      300,     2800,     4500,     5800,    19800,   146000,
      OnlinePurchase,      66993,          0,          0,          0,      65532,      78027,      300,     2700,     4500,     5600,    20000,   144000,
        InstPurchase,      19150,          0,          0,          0,      18520,      22320,      400,     2700,     4500,     5700,    19979,   183000,
          AssocOfCat,        193,          0,          0,          0,        138,        216,    21000,    31000,    39300,    46000,   109180,   165000,
      AssocOfProduct,       1915,          0,          0,          0,       1728,       2224,      900,     3000,     4400,     5600,    18900,   123000,
      BusinessReport,        478,          0,          0,          0,        366,        532,    21000,    36000,    47700,    51350,    87370,   180000,
          CustBuyBeh,       1920,          0,          0,          0,       1736,       2188,      200,     2200,     4000,     4800,    24000,   122000,
       ProductReturn,       5072,          0,          0,          0,       4760,       5853,      200,     2800,     4500,     5500,    20000,   123000,

  2131s: (24%)   IR =   3321 .[2133.095s][info][gc,start       ] GC(338) Pause Young (Concurrent Start) (G1 Evacuation Pause)
[2133.096s][info][gc,task        ] GC(338) Using 6 workers of 6 for evacuation
[2133.214s][info][gc,phases      ] GC(338)   Pre Evacuate Collection Set: 0.37ms
[2133.214s][info][gc,phases      ] GC(338)   Merge Heap Roots: 0.63ms
[2133.214s][info][gc,phases      ] GC(338)   Evacuate Collection Set: 116.41ms
[2133.214s][info][gc,phases      ] GC(338)   Post Evacuate Collection Set: 0.93ms
[2133.214s][info][gc,phases      ] GC(338)   Other: 0.10ms
[2133.214s][info][gc,heap        ] GC(338) Eden regions: 1115->0(1118)
[2133.214s][info][gc,heap        ] GC(338) Survivor regions: 113->110(154)
[2133.214s][info][gc,heap        ] GC(338) Old regions: 472->504
[2133.214s][info][gc,heap        ] GC(338) Humongous regions: 80->80
[2133.214s][info][gc,metaspace   ] GC(338) Metaspace: 28945K(29312K)->28945K(29312K) NonClass: 24060K(24192K)->24060K(24192K) Class: 4884K(5120K)->4884K(5120K)
[2133.214s][info][gc             ] GC(338) Pause Young (Concurrent Start) (G1 Evacuation Pause) 3557M->1385M(4096M) 118.567ms
[2133.214s][info][gc             ] GC(339) Concurrent Mark Cycle
[2133.214s][info][gc,marking     ] GC(339) Concurrent Scan Root Regions
[2133.214s][info][gc,cpu         ] GC(338) User=0.71s Sys=0.00s Real=0.12s
[2133.390s][info][gc,marking     ] GC(339) Concurrent Scan Root Regions 175.881ms
[2133.390s][info][gc,marking     ] GC(339) Concurrent Mark
[2133.390s][info][gc,marking     ] GC(339) Concurrent Mark From Roots
[2133.390s][info][gc,task        ] GC(339) Using 2 workers of 2 for marking
.[2134.317s][info][gc,marking     ] GC(339) Concurrent Mark From Roots 927.472ms
[2134.318s][info][gc,marking     ] GC(339) Concurrent Preclean
[2134.318s][info][gc,marking     ] GC(339) Concurrent Preclean 0.055ms
[2134.318s][info][gc,start       ] GC(339) Pause Remark
[2134.322s][info][gc             ] GC(339) Pause Remark 1876M->1876M(4096M) 4.412ms
[2134.322s][info][gc,cpu         ] GC(339) User=0.02s Sys=0.00s Real=0.01s
[2134.322s][info][gc,marking     ] GC(339) Concurrent Mark 932.211ms
[2134.322s][info][gc,marking     ] GC(339) Concurrent Rebuild Remembered Sets and Scrub Regions
[2134.572s][info][gc,marking     ] GC(339) Concurrent Rebuild Remembered Sets and Scrub Regions 249.575ms
[2134.572s][info][gc,start       ] GC(339) Pause Cleanup
[2134.572s][info][gc             ] GC(339) Pause Cleanup 1973M->1973M(4096M) 0.141ms
[2134.572s][info][gc,cpu         ] GC(339) User=0.00s Sys=0.00s Real=0.00s
[2134.572s][info][gc,marking     ] GC(339) Concurrent Clear Claimed Marks
[2134.572s][info][gc,marking     ] GC(339) Concurrent Clear Claimed Marks 0.029ms
[2134.572s][info][gc,marking     ] GC(339) Concurrent Cleanup for Next Mark
[2134.575s][info][gc,marking     ] GC(339) Concurrent Cleanup for Next Mark 3.207ms
[2134.575s][info][gc             ] GC(339) Concurrent Mark Cycle 1361.334ms
...|.[2138.821s][info][gc,start       ] GC(340) Pause Young (Prepare Mixed) (G1 Evacuation Pause)
[2138.821s][info][gc,task        ] GC(340) Using 6 workers of 6 for evacuation
[2138.939s][info][gc,phases      ] GC(340)   Pre Evacuate Collection Set: 0.36ms
[2138.939s][info][gc,phases      ] GC(340)   Merge Heap Roots: 0.59ms
[2138.939s][info][gc,phases      ] GC(340)   Evacuate Collection Set: 116.26ms
[2138.939s][info][gc,phases      ] GC(340)   Post Evacuate Collection Set: 0.93ms
[2138.939s][info][gc,phases      ] GC(340)   Other: 0.09ms
[2138.939s][info][gc,heap        ] GC(340) Eden regions: 1118->0(1110)
[2138.939s][info][gc,heap        ] GC(340) Survivor regions: 110->110(154)
[2138.939s][info][gc,heap        ] GC(340) Old regions: 504->535
[2138.939s][info][gc,heap        ] GC(340) Humongous regions: 80->80
[2138.939s][info][gc,metaspace   ] GC(340) Metaspace: 28945K(29312K)->28945K(29312K) NonClass: 24060K(24192K)->24060K(24192K) Class: 4884K(5120K)->4884K(5120K)
[2138.939s][info][gc             ] GC(340) Pause Young (Prepare Mixed) (G1 Evacuation Pause) 3621M->1448M(4096M) 118.362ms
[2138.939s][info][gc,cpu         ] GC(340) User=0.71s Sys=0.00s Real=0.11s
......[2144.443s][info][gc,start       ] GC(341) Pause Young (Mixed) (G1 Evacuation Pause)
[2144.443s][info][gc,task        ] GC(341) Using 6 workers of 6 for evacuation
[2144.582s][info][gc,phases      ] GC(341)   Pre Evacuate Collection Set: 0.38ms
[2144.582s][info][gc,phases      ] GC(341)   Merge Heap Roots: 0.84ms
[2144.582s][info][gc,phases      ] GC(341)   Evacuate Collection Set: 136.46ms
[2144.582s][info][gc,phases      ] GC(341)   Post Evacuate Collection Set: 0.98ms
[2144.582s][info][gc,phases      ] GC(341)   Other: 0.09ms
[2144.582s][info][gc,heap        ] GC(341) Eden regions: 1110->0(1117)
[2144.582s][info][gc,heap        ] GC(341) Survivor regions: 110->111(153)
[2144.582s][info][gc,heap        ] GC(341) Old regions: 535->470
[2144.582s][info][gc,heap        ] GC(341) Humongous regions: 80->80
[2144.582s][info][gc,metaspace   ] GC(341) Metaspace: 28945K(29312K)->28945K(29312K) NonClass: 24060K(24192K)->24060K(24192K) Class: 4884K(5120K)->4884K(5120K)
[2144.582s][info][gc             ] GC(341) Pause Young (Mixed) (G1 Evacuation Pause) 3668M->1319M(4096M) 138.876ms
[2144.582s][info][gc,cpu         ] GC(341) User=0.82s Sys=0.00s Real=0.14s
......[2150.145s][info][gc,start       ] GC(342) Pause Young (Concurrent Start) (G1 Evacuation Pause)
[2150.145s][info][gc,task        ] GC(342) Using 6 workers of 6 for evacuation
[2150.263s][info][gc,phases      ] GC(342)   Pre Evacuate Collection Set: 0.42ms
[2150.263s][info][gc,phases      ] GC(342)   Merge Heap Roots: 0.65ms
[2150.263s][info][gc,phases      ] GC(342)   Evacuate Collection Set: 115.63ms
[2150.263s][info][gc,phases      ] GC(342)   Post Evacuate Collection Set: 0.91ms
[2150.263s][info][gc,phases      ] GC(342)   Other: 0.12ms
[2150.263s][info][gc,heap        ] GC(342) Eden regions: 1117->0(1121)
[2150.263s][info][gc,heap        ] GC(342) Survivor regions: 111->107(154)
[2150.263s][info][gc,heap        ] GC(342) Old regions: 470->502
[2150.263s][info][gc,heap        ] GC(342) Humongous regions: 80->80
[2150.263s][info][gc,metaspace   ] GC(342) Metaspace: 28945K(29312K)->28945K(29312K) NonClass: 24060K(24192K)->24060K(24192K) Class: 4884K(5120K)->4884K(5120K)
[2150.263s][info][gc             ] GC(342) Pause Young (Concurrent Start) (G1 Evacuation Pause) 3553M->1376M(4096M) 117.866ms
[2150.263s][info][gc             ] GC(343) Concurrent Mark Cycle
[2150.263s][info][gc,marking     ] GC(343) Concurrent Scan Root Regions
[2150.263s][info][gc,cpu         ] GC(342) User=0.70s Sys=0.00s Real=0.12s
[2150.399s][info][gc,marking     ] GC(343) Concurrent Scan Root Regions 135.420ms
[2150.399s][info][gc,marking     ] GC(343) Concurrent Mark
[2150.399s][info][gc,marking     ] GC(343) Concurrent Mark From Roots
[2150.399s][info][gc,task        ] GC(343) Using 2 workers of 2 for marking
.[2151.040s][info][gc,marking     ] GC(343) Concurrent Mark From Roots 641.820ms
[2151.040s][info][gc,marking     ] GC(343) Concurrent Preclean
[2151.040s][info][gc,marking     ] GC(343) Concurrent Preclean 0.036ms
[2151.041s][info][gc,start       ] GC(343) Pause Remark
[2151.044s][info][gc             ] GC(343) Pause Remark 1703M->1703M(4096M) 3.816ms
[2151.044s][info][gc,cpu         ] GC(343) User=0.02s Sys=0.00s Real=0.00s
[2151.044s][info][gc,marking     ] GC(343) Concurrent Mark 645.894ms
[2151.044s][info][gc,marking     ] GC(343) Concurrent Rebuild Remembered Sets and Scrub Regions
[2151.307s][info][gc,marking     ] GC(343) Concurrent Rebuild Remembered Sets and Scrub Regions 262.839ms
[2151.307s][info][gc,start       ] GC(343) Pause Cleanup
[2151.308s][info][gc             ] GC(343) Pause Cleanup 1826M->1826M(4096M) 0.133ms
[2151.308s][info][gc,cpu         ] GC(343) User=0.00s Sys=0.00s Real=0.00s
[2151.308s][info][gc,marking     ] GC(343) Concurrent Clear Claimed Marks
[2151.308s][info][gc,marking     ] GC(343) Concurrent Clear Claimed Marks 0.028ms
[2151.308s][info][gc,marking     ] GC(343) Concurrent Cleanup for Next Mark
[2151.312s][info][gc,marking     ] GC(343) Concurrent Cleanup for Next Mark 4.400ms
[2151.312s][info][gc             ] GC(343) Concurrent Mark Cycle 1049.046ms
....[2155.949s][info][gc,start       ] GC(344) Pause Young (Prepare Mixed) (G1 Evacuation Pause)
[2155.949s][info][gc,task        ] GC(344) Using 6 workers of 6 for evacuation
[2156.065s][info][gc,phases      ] GC(344)   Pre Evacuate Collection Set: 0.37ms
[2156.065s][info][gc,phases      ] GC(344)   Merge Heap Roots: 0.65ms
[2156.065s][info][gc,phases      ] GC(344)   Evacuate Collection Set: 113.95ms
[2156.065s][info][gc,phases      ] GC(344)   Post Evacuate Collection Set: 0.92ms
[2156.065s][info][gc,phases      ] GC(344)   Other: 0.09ms
[2156.065s][info][gc,heap        ] GC(344) Eden regions: 1121->0(1116)
[2156.065s][info][gc,heap        ] GC(344) Survivor regions: 107->108(154)
[2156.065s][info][gc,heap        ] GC(344) Old regions: 502->533
[2156.065s][info][gc,heap        ] GC(344) Humongous regions: 80->80
[2156.065s][info][gc,metaspace   ] GC(344) Metaspace: 28945K(29312K)->28945K(29312K) NonClass: 24060K(24192K)->24060K(24192K) Class: 4884K(5120K)->4884K(5120K)
[2156.065s][info][gc             ] GC(344) Pause Young (Prepare Mixed) (G1 Evacuation Pause) 3618M->1439M(4096M) 116.107ms
[2156.065s][info][gc,cpu         ] GC(344) User=0.69s Sys=0.00s Real=0.12s
......[2161.569s][info][gc,start       ] GC(345) Pause Young (Mixed) (G1 Evacuation Pause)
[2161.569s][info][gc,task        ] GC(345) Using 6 workers of 6 for evacuation
[2161.701s][info][gc,phases      ] GC(345)   Pre Evacuate Collection Set: 0.42ms
[2161.701s][info][gc,phases      ] GC(345)   Merge Heap Roots: 0.91ms
[2161.701s][info][gc,phases      ] GC(345)   Evacuate Collection Set: 129.37ms
[2161.701s][info][gc,phases      ] GC(345)   Post Evacuate Collection Set: 0.96ms
[2161.701s][info][gc,phases      ] GC(345)   Other: 0.10ms
[2161.701s][info][gc,heap        ] GC(345) Eden regions: 1116->0(1119)
[2161.701s][info][gc,heap        ] GC(345) Survivor regions: 108->109(153)
[2161.701s][info][gc,heap        ] GC(345) Old regions: 533->470
[2161.701s][info][gc,heap        ] GC(345) Humongous regions: 80->80
[2161.701s][info][gc,metaspace   ] GC(345) Metaspace: 28945K(29312K)->28945K(29312K) NonClass: 24060K(24192K)->24060K(24192K) Class: 4884K(5120K)->4884K(5120K)
[2161.701s][info][gc             ] GC(345) Pause Young (Mixed) (G1 Evacuation Pause) 3671M->1316M(4096M) 131.916ms
[2161.701s][info][gc,cpu         ] GC(345) User=0.78s Sys=0.00s Real=0.14s
......[2167.306s][info][gc,start       ] GC(346) Pause Young (Concurrent Start) (G1 Evacuation Pause)
[2167.307s][info][gc,task        ] GC(346) Using 6 workers of 6 for evacuation
[2167.425s][info][gc,phases      ] GC(346)   Pre Evacuate Collection Set: 0.40ms
[2167.425s][info][gc,phases      ] GC(346)   Merge Heap Roots: 0.54ms
[2167.425s][info][gc,phases      ] GC(346)   Evacuate Collection Set: 116.16ms
[2167.425s][info][gc,phases      ] GC(346)   Post Evacuate Collection Set: 0.93ms
[2167.425s][info][gc,phases      ] GC(346)   Other: 0.11ms
[2167.425s][info][gc,heap        ] GC(346) Eden regions: 1119->0(1121)
[2167.425s][info][gc,heap        ] GC(346) Survivor regions: 109->107(154)
[2167.425s][info][gc,heap        ] GC(346) Old regions: 470->502
[2167.425s][info][gc,heap        ] GC(346) Humongous regions: 80->80
[2167.425s][info][gc,metaspace   ] GC(346) Metaspace: 28945K(29312K)->28945K(29312K) NonClass: 24060K(24192K)->24060K(24192K) Class: 4884K(5120K)->4884K(5120K)
[2167.425s][info][gc             ] GC(346) Pause Young (Concurrent Start) (G1 Evacuation Pause) 3554M->1377M(4096M) 118.269ms
[2167.425s][info][gc             ] GC(347) Concurrent Mark Cycle
[2167.425s][info][gc,marking     ] GC(347) Concurrent Scan Root Regions
[2167.425s][info][gc,cpu         ] GC(346) User=0.70s Sys=0.00s Real=0.12s
[2167.573s][info][gc,marking     ] GC(347) Concurrent Scan Root Regions 147.904ms
[2167.573s][info][gc,marking     ] GC(347) Concurrent Mark
[2167.573s][info][gc,marking     ] GC(347) Concurrent Mark From Roots
[2167.573s][info][gc,task        ] GC(347) Using 2 workers of 2 for marking
.[2168.231s][info][gc,marking     ] GC(347) Concurrent Mark From Roots 658.532ms
[2168.231s][info][gc,marking     ] GC(347) Concurrent Preclean
[2168.231s][info][gc,marking     ] GC(347) Concurrent Preclean 0.036ms
[2168.232s][info][gc,start       ] GC(347) Pause Remark
[2168.235s][info][gc             ] GC(347) Pause Remark 1728M->1728M(4096M) 3.888ms
[2168.235s][info][gc,cpu         ] GC(347) User=0.02s Sys=0.00s Real=0.00s
[2168.236s][info][gc,marking     ] GC(347) Concurrent Mark 662.756ms
[2168.236s][info][gc,marking     ] GC(347) Concurrent Rebuild Remembered Sets and Scrub Regions
[2168.496s][info][gc,marking     ] GC(347) Concurrent Rebuild Remembered Sets and Scrub Regions 260.876ms
[2168.497s][info][gc,start       ] GC(347) Pause Cleanup
[2168.497s][info][gc             ] GC(347) Pause Cleanup 1848M->1848M(4096M) 0.134ms
[2168.497s][info][gc,cpu         ] GC(347) User=0.00s Sys=0.00s Real=0.00s
[2168.497s][info][gc,marking     ] GC(347) Concurrent Clear Claimed Marks
[2168.497s][info][gc,marking     ] GC(347) Concurrent Clear Claimed Marks 0.039ms
[2168.497s][info][gc,marking     ] GC(347) Concurrent Cleanup for Next Mark
[2168.501s][info][gc,marking     ] GC(347) Concurrent Cleanup for Next Mark 4.422ms
[2168.501s][info][gc             ] GC(347) Concurrent Mark Cycle 1076.475ms
....[2172.998s][info][gc,start       ] GC(348) Pause Young (Prepare Mixed) (G1 Evacuation Pause)
[2172.998s][info][gc,task        ] GC(348) Using 6 workers of 6 for evacuation
[2173.114s][info][gc,phases      ] GC(348)   Pre Evacuate Collection Set: 0.36ms
[2173.114s][info][gc,phases      ] GC(348)   Merge Heap Roots: 0.70ms
[2173.114s][info][gc,phases      ] GC(348)   Evacuate Collection Set: 114.14ms
[2173.114s][info][gc,phases      ] GC(348)   Post Evacuate Collection Set: 0.95ms
[2173.114s][info][gc,phases      ] GC(348)   Other: 0.08ms
[2173.114s][info][gc,heap        ] GC(348) Eden regions: 1121->0(1116)
[2173.114s][info][gc,heap        ] GC(348) Survivor regions: 107->108(154)
[2173.114s][info][gc,heap        ] GC(348) Old regions: 502->533
[2173.114s][info][gc,heap        ] GC(348) Humongous regions: 80->80
[2173.114s][info][gc,metaspace   ] GC(348) Metaspace: 28945K(29312K)->28945K(29312K) NonClass: 24060K(24192K)->24060K(24192K) Class: 4884K(5120K)->4884K(5120K)
[2173.114s][info][gc             ] GC(348) Pause Young (Prepare Mixed) (G1 Evacuation Pause) 3619M->1440M(4096M) 116.361ms
[2173.114s][info][gc,cpu         ] GC(348) User=0.69s Sys=0.00s Real=0.12s
......[2178.738s][info][gc,start       ] GC(349) Pause Young (Mixed) (G1 Evacuation Pause)
[2178.738s][info][gc,task        ] GC(349) Using 6 workers of 6 for evacuation
[2178.874s][info][gc,phases      ] GC(349)   Pre Evacuate Collection Set: 0.39ms
[2178.874s][info][gc,phases      ] GC(349)   Merge Heap Roots: 0.80ms
[2178.874s][info][gc,phases      ] GC(349)   Evacuate Collection Set: 133.10ms
[2178.874s][info][gc,phases      ] GC(349)   Post Evacuate Collection Set: 0.97ms
[2178.874s][info][gc,phases      ] GC(349)   Other: 0.09ms
[2178.874s][info][gc,heap        ] GC(349) Eden regions: 1116->0(1118)
[2178.874s][info][gc,heap        ] GC(349) Survivor regions: 108->110(153)
[2178.874s][info][gc,heap        ] GC(349) Old regions: 533->470
[2178.874s][info][gc,heap        ] GC(349) Humongous regions: 80->80
[2178.874s][info][gc,metaspace   ] GC(349) Metaspace: 28945K(29312K)->28945K(29312K) NonClass: 24060K(24192K)->24060K(24192K) Class: 4884K(5120K)->4884K(5120K)
[2178.874s][info][gc             ] GC(349) Pause Young (Mixed) (G1 Evacuation Pause) 3672M->1318M(4096M) 135.476ms
[2178.874s][info][gc,cpu         ] GC(349) User=0.80s Sys=0.00s Real=0.14s
......[2184.431s][info][gc,start       ] GC(350) Pause Young (Concurrent Start) (G1 Evacuation Pause)
[2184.431s][info][gc,task        ] GC(350) Using 6 workers of 6 for evacuation
[2184.548s][info][gc,phases      ] GC(350)   Pre Evacuate Collection Set: 0.43ms
[2184.548s][info][gc,phases      ] GC(350)   Merge Heap Roots: 0.60ms
[2184.548s][info][gc,phases      ] GC(350)   Evacuate Collection Set: 115.03ms
[2184.548s][info][gc,phases      ] GC(350)   Post Evacuate Collection Set: 0.90ms
[2184.548s][info][gc,phases      ] GC(350)   Other: 0.12ms
[2184.548s][info][gc,heap        ] GC(350) Eden regions: 1118->0(1119)
[2184.548s][info][gc,heap        ] GC(350) Survivor regions: 110->109(154)
[2184.548s][info][gc,heap        ] GC(350) Old regions: 470->502
[2184.548s][info][gc,heap        ] GC(350) Humongous regions: 80->80
[2184.548s][info][gc,metaspace   ] GC(350) Metaspace: 28945K(29312K)->28945K(29312K) NonClass: 24060K(24192K)->24060K(24192K) Class: 4884K(5120K)->4884K(5120K)
[2184.548s][info][gc             ] GC(350) Pause Young (Concurrent Start) (G1 Evacuation Pause) 3554M->1379M(4096M) 117.212ms
[2184.548s][info][gc             ] GC(351) Concurrent Mark Cycle
[2184.548s][info][gc,marking     ] GC(351) Concurrent Scan Root Regions
[2184.548s][info][gc,cpu         ] GC(350) User=0.70s Sys=0.00s Real=0.11s
[2184.731s][info][gc,marking     ] GC(351) Concurrent Scan Root Regions 182.792ms
[2184.731s][info][gc,marking     ] GC(351) Concurrent Mark
[2184.731s][info][gc,marking     ] GC(351) Concurrent Mark From Roots
[2184.731s][info][gc,task        ] GC(351) Using 2 workers of 2 for marking
.[2185.661s][info][gc,marking     ] GC(351) Concurrent Mark From Roots 929.481ms
[2185.661s][info][gc,marking     ] GC(351) Concurrent Preclean
[2185.661s][info][gc,marking     ] GC(351) Concurrent Preclean 0.037ms
[2185.661s][info][gc,start       ] GC(351) Pause Remark
[2185.714s][info][gc             ] GC(351) Pause Remark 1860M->1860M(4096M) 53.001ms
[2185.714s][info][gc,cpu         ] GC(351) User=0.02s Sys=0.00s Real=0.05s
[2185.714s][info][gc,marking     ] GC(351) Concurrent Mark 982.829ms
[2185.714s][info][gc,marking     ] GC(351) Concurrent Rebuild Remembered Sets and Scrub Regions
[2186.064s][info][gc,marking     ] GC(351) Concurrent Rebuild Remembered Sets and Scrub Regions 350.269ms
[2186.064s][info][gc,start       ] GC(351) Pause Cleanup
[2186.065s][info][gc             ] GC(351) Pause Cleanup 2006M->2006M(4096M) 0.128ms
[2186.065s][info][gc,cpu         ] GC(351) User=0.00s Sys=0.00s Real=0.00s
[2186.065s][info][gc,marking     ] GC(351) Concurrent Clear Claimed Marks
[2186.065s][info][gc,marking     ] GC(351) Concurrent Clear Claimed Marks 0.027ms
[2186.065s][info][gc,marking     ] GC(351) Concurrent Cleanup for Next Mark
[2186.068s][info][gc,marking     ] GC(351) Concurrent Cleanup for Next Mark 3.279ms
[2186.068s][info][gc             ] GC(351) Concurrent Mark Cycle 1519.628ms
....[2190.083s][info][gc,start       ] GC(352) Pause Young (Prepare Mixed) (G1 Evacuation Pause)
[2190.084s][info][gc,task        ] GC(352) Using 6 workers of 6 for evacuation
[2190.203s][info][gc,phases      ] GC(352)   Pre Evacuate Collection Set: 0.35ms
[2190.203s][info][gc,phases      ] GC(352)   Merge Heap Roots: 0.69ms
[2190.203s][info][gc,phases      ] GC(352)   Evacuate Collection Set: 117.37ms
[2190.203s][info][gc,phases      ] GC(352)   Post Evacuate Collection Set: 0.94ms
[2190.203s][info][gc,phases      ] GC(352)   Other: 0.09ms
[2190.203s][info][gc,heap        ] GC(352) Eden regions: 1119->0(1111)
[2190.203s][info][gc,heap        ] GC(352) Survivor regions: 109->110(154)
[2190.203s][info][gc,heap        ] GC(352) Old regions: 502->534
[2190.203s][info][gc,heap        ] GC(352) Humongous regions: 80->80
[2190.203s][info][gc,metaspace   ] GC(352) Metaspace: 28945K(29312K)->28945K(29312K) NonClass: 24060K(24192K)->24060K(24192K) Class: 4884K(5120K)->4884K(5120K)
[2190.203s][info][gc             ] GC(352) Pause Young (Prepare Mixed) (G1 Evacuation Pause) 3617M->1445M(4096M) 119.568ms
[2190.203s][info][gc,cpu         ] GC(352) User=0.71s Sys=0.00s Real=0.12s
......[2195.827s][info][gc,start       ] GC(353) Pause Young (Mixed) (G1 Evacuation Pause)
[2195.827s][info][gc,task        ] GC(353) Using 6 workers of 6 for evacuation
[2195.962s][info][gc,phases      ] GC(353)   Pre Evacuate Collection Set: 0.38ms
[2195.962s][info][gc,phases      ] GC(353)   Merge Heap Roots: 0.73ms
[2195.962s][info][gc,phases      ] GC(353)   Evacuate Collection Set: 132.25ms
[2195.962s][info][gc,phases      ] GC(353)   Post Evacuate Collection Set: 0.95ms
[2195.962s][info][gc,phases      ] GC(353)   Other: 0.09ms
[2195.962s][info][gc,heap        ] GC(353) Eden regions: 1111->0(1116)
[2195.962s][info][gc,heap        ] GC(353) Survivor regions: 110->112(153)
[2195.962s][info][gc,heap        ] GC(353) Old regions: 534->471
[2195.962s][info][gc,heap        ] GC(353) Humongous regions: 80->80
[2195.962s][info][gc,metaspace   ] GC(353) Metaspace: 28945K(29312K)->28945K(29312K) NonClass: 24060K(24192K)->24060K(24192K) Class: 4884K(5120K)->4884K(5120K)
[2195.962s][info][gc             ] GC(353) Pause Young (Mixed) (G1 Evacuation Pause) 3667M->1324M(4096M) 134.530ms
[2195.962s][info][gc,cpu         ] GC(353) User=0.80s Sys=0.00s Real=0.14s
.. (rIR:aIR:PR = 3321:3321:3321) (tPR = 49259) [OK] 
  2197s: Performance info:
         Transaction,    Success,    Partial,     Failed,   Receipts, AvgBarcode, 
             Overall,     200459,          0,          0,     190436,      59.48, 
         Response times:
             Request,    Success,    Partial,     Failed,   SkipFail,     Probes,    Samples,      min,      p50,      p90,      p95,      p99,      max, 
       TotalPurchase,     190436,          0,          0,          0,     186730,     203520,      300,     2800,     4700,     6100,    29000,   189000,
     InStorePurchase,     100250,          0,          0,          0,      98573,     107100,      300,     2800,     4700,     6200,    29000,   188000,
      OnlinePurchase,      70147,          0,          0,          0,      68742,      74921,      300,     2900,     4700,     6100,    29000,   189000,
        InstPurchase,      20039,          0,          0,          0,      19415,      21499,      400,     2400,     4600,     5900,    28000,   188000,
          AssocOfCat,        199,          0,          0,          0,        158,        226,    18900,    31000,    39000,    45300,    66730,   182000,
      AssocOfProduct,       2016,          0,          0,          0,       1824,       2124,      700,     3000,     4750,     6100,    30750,   136000,
      BusinessReport,        502,          0,          0,          0,        421,        534,    24000,    36000,    52000,    67750,   148050,   189000,
          CustBuyBeh,       2006,          0,          0,          0,       1810,       2107,      200,     2400,     3800,     5100,    26920,   138000,
       ProductReturn,       5299,          0,          0,          0,       5064,       5801,      200,     3100,     4900,     6300,    30000,   189000,

  2197s: (25%)   IR =   3459 ....[2201.322s][info][gc,start       ] GC(354) Pause Young (Concurrent Start) (G1 Evacuation Pause)
[2201.322s][info][gc,task        ] GC(354) Using 6 workers of 6 for evacuation
[2201.444s][info][gc,phases      ] GC(354)   Pre Evacuate Collection Set: 0.39ms
[2201.444s][info][gc,phases      ] GC(354)   Merge Heap Roots: 0.56ms
[2201.444s][info][gc,phases      ] GC(354)   Evacuate Collection Set: 120.31ms
[2201.444s][info][gc,phases      ] GC(354)   Post Evacuate Collection Set: 0.91ms
[2201.444s][info][gc,phases      ] GC(354)   Other: 0.11ms
[2201.444s][info][gc,heap        ] GC(354) Eden regions: 1116->0(1116)
[2201.444s][info][gc,heap        ] GC(354) Survivor regions: 112->112(154)
[2201.444s][info][gc,heap        ] GC(354) Old regions: 471->503
[2201.444s][info][gc,heap        ] GC(354) Humongous regions: 80->80
[2201.444s][info][gc,metaspace   ] GC(354) Metaspace: 28945K(29312K)->28945K(29312K) NonClass: 24060K(24192K)->24060K(24192K) Class: 4884K(5120K)->4884K(5120K)
[2201.444s][info][gc             ] GC(354) Pause Young (Concurrent Start) (G1 Evacuation Pause) 3556M->1387M(4096M) 122.407ms
[2201.444s][info][gc             ] GC(355) Concurrent Mark Cycle
[2201.444s][info][gc,marking     ] GC(355) Concurrent Scan Root Regions
[2201.444s][info][gc,cpu         ] GC(354) User=0.72s Sys=0.00s Real=0.12s
[2201.622s][info][gc,marking     ] GC(355) Concurrent Scan Root Regions 177.212ms
[2201.622s][info][gc,marking     ] GC(355) Concurrent Mark
[2201.622s][info][gc,marking     ] GC(355) Concurrent Mark From Roots
[2201.622s][info][gc,task        ] GC(355) Using 2 workers of 2 for marking
.|[2202.551s][info][gc,marking     ] GC(355) Concurrent Mark From Roots 929.653ms
[2202.551s][info][gc,marking     ] GC(355) Concurrent Preclean
[2202.551s][info][gc,marking     ] GC(355) Concurrent Preclean 0.057ms
[2202.551s][info][gc,start       ] GC(355) Pause Remark
[2202.556s][info][gc             ] GC(355) Pause Remark 1895M->1895M(4096M) 4.669ms
[2202.556s][info][gc,cpu         ] GC(355) User=0.03s Sys=0.00s Real=0.00s
[2202.556s][info][gc,marking     ] GC(355) Concurrent Mark 934.612ms
[2202.556s][info][gc,marking     ] GC(355) Concurrent Rebuild Remembered Sets and Scrub Regions
[2202.817s][info][gc,marking     ] GC(355) Concurrent Rebuild Remembered Sets and Scrub Regions 260.967ms
[2202.817s][info][gc,start       ] GC(355) Pause Cleanup
[2202.817s][info][gc             ] GC(355) Pause Cleanup 1976M->1976M(4096M) 0.130ms
[2202.817s][info][gc,cpu         ] GC(355) User=0.00s Sys=0.00s Real=0.00s
[2202.818s][info][gc,marking     ] GC(355) Concurrent Clear Claimed Marks
[2202.818s][info][gc,marking     ] GC(355) Concurrent Clear Claimed Marks 0.031ms
[2202.818s][info][gc,marking     ] GC(355) Concurrent Cleanup for Next Mark
[2202.822s][info][gc,marking     ] GC(355) Concurrent Cleanup for Next Mark 4.445ms
[2202.822s][info][gc             ] GC(355) Concurrent Mark Cycle 1377.725ms
....[2206.816s][info][gc,start       ] GC(356) Pause Young (Prepare Mixed) (G1 Evacuation Pause)
[2206.816s][info][gc,task        ] GC(356) Using 6 workers of 6 for evacuation
[2206.935s][info][gc,phases      ] GC(356)   Pre Evacuate Collection Set: 0.34ms
[2206.935s][info][gc,phases      ] GC(356)   Merge Heap Roots: 0.68ms
[2206.935s][info][gc,phases      ] GC(356)   Evacuate Collection Set: 117.31ms
[2206.935s][info][gc,phases      ] GC(356)   Post Evacuate Collection Set: 0.97ms
[2206.935s][info][gc,phases      ] GC(356)   Other: 0.09ms
[2206.935s][info][gc,heap        ] GC(356) Eden regions: 1116->0(1112)
[2206.935s][info][gc,heap        ] GC(356) Survivor regions: 112->109(154)
[2206.935s][info][gc,heap        ] GC(356) Old regions: 503->535
[2206.935s][info][gc,heap        ] GC(356) Humongous regions: 80->80
[2206.935s][info][gc,metaspace   ] GC(356) Metaspace: 28946K(29312K)->28946K(29312K) NonClass: 24062K(24192K)->24062K(24192K) Class: 4884K(5120K)->4884K(5120K)
[2206.935s][info][gc             ] GC(356) Pause Young (Prepare Mixed) (G1 Evacuation Pause) 3619M->1447M(4096M) 119.513ms
[2206.935s][info][gc,cpu         ] GC(356) User=0.71s Sys=0.00s Real=0.12s
......[2212.337s][info][gc,start       ] GC(357) Pause Young (Mixed) (G1 Evacuation Pause)
[2212.337s][info][gc,task        ] GC(357) Using 6 workers of 6 for evacuation
[2212.472s][info][gc,phases      ] GC(357)   Pre Evacuate Collection Set: 0.36ms
[2212.472s][info][gc,phases      ] GC(357)   Merge Heap Roots: 0.88ms
[2212.472s][info][gc,phases      ] GC(357)   Evacuate Collection Set: 132.73ms
[2212.472s][info][gc,phases      ] GC(357)   Post Evacuate Collection Set: 0.94ms
[2212.472s][info][gc,phases      ] GC(357)   Other: 0.09ms
[2212.472s][info][gc,heap        ] GC(357) Eden regions: 1112->0(1119)
[2212.472s][info][gc,heap        ] GC(357) Survivor regions: 109->109(153)
[2212.472s][info][gc,heap        ] GC(357) Old regions: 535->471
[2212.472s][info][gc,heap        ] GC(357) Humongous regions: 80->80
[2212.472s][info][gc,metaspace   ] GC(357) Metaspace: 28950K(29312K)->28950K(29312K) NonClass: 24066K(24192K)->24066K(24192K) Class: 4884K(5120K)->4884K(5120K)
[2212.473s][info][gc             ] GC(357) Pause Young (Mixed) (G1 Evacuation Pause) 3671M->1317M(4096M) 135.142ms
[2212.473s][info][gc,cpu         ] GC(357) User=0.80s Sys=0.00s Real=0.14s
.....[2217.768s][info][gc,start       ] GC(358) Pause Young (Concurrent Start) (G1 Evacuation Pause)
[2217.768s][info][gc,task        ] GC(358) Using 6 workers of 6 for evacuation
[2217.886s][info][gc,phases      ] GC(358)   Pre Evacuate Collection Set: 0.42ms
[2217.886s][info][gc,phases      ] GC(358)   Merge Heap Roots: 0.61ms
[2217.886s][info][gc,phases      ] GC(358)   Evacuate Collection Set: 115.03ms
[2217.886s][info][gc,phases      ] GC(358)   Post Evacuate Collection Set: 0.89ms
[2217.886s][info][gc,phases      ] GC(358)   Other: 0.11ms
[2217.886s][info][gc,heap        ] GC(358) Eden regions: 1119->0(1119)
[2217.886s][info][gc,heap        ] GC(358) Survivor regions: 109->109(154)
[2217.886s][info][gc,heap        ] GC(358) Old regions: 471->503
[2217.886s][info][gc,heap        ] GC(358) Humongous regions: 80->80
[2217.886s][info][gc,metaspace   ] GC(358) Metaspace: 28950K(29312K)->28950K(29312K) NonClass: 24066K(24192K)->24066K(24192K) Class: 4884K(5120K)->4884K(5120K)
[2217.886s][info][gc             ] GC(358) Pause Young (Concurrent Start) (G1 Evacuation Pause) 3555M->1382M(4096M) 117.180ms
[2217.886s][info][gc             ] GC(359) Concurrent Mark Cycle
[2217.886s][info][gc,marking     ] GC(359) Concurrent Scan Root Regions
[2217.886s][info][gc,cpu         ] GC(358) User=0.70s Sys=0.00s Real=0.12s
[2218.013s][info][gc,marking     ] GC(359) Concurrent Scan Root Regions 127.564ms
[2218.013s][info][gc,marking     ] GC(359) Concurrent Mark
[2218.013s][info][gc,marking     ] GC(359) Concurrent Mark From Roots
[2218.013s][info][gc,task        ] GC(359) Using 2 workers of 2 for marking
.[2218.643s][info][gc,marking     ] GC(359) Concurrent Mark From Roots 629.827ms
[2218.643s][info][gc,marking     ] GC(359) Concurrent Preclean
[2218.643s][info][gc,marking     ] GC(359) Concurrent Preclean 0.036ms
[2218.643s][info][gc,start       ] GC(359) Pause Remark
[2218.647s][info][gc             ] GC(359) Pause Remark 1775M->1775M(4096M) 3.875ms
[2218.647s][info][gc,cpu         ] GC(359) User=0.02s Sys=0.00s Real=0.00s
[2218.647s][info][gc,marking     ] GC(359) Concurrent Mark 634.011ms
[2218.647s][info][gc,marking     ] GC(359) Concurrent Rebuild Remembered Sets and Scrub Regions
[2218.877s][info][gc,marking     ] GC(359) Concurrent Rebuild Remembered Sets and Scrub Regions 229.659ms
[2218.877s][info][gc,start       ] GC(359) Pause Cleanup
[2218.877s][info][gc             ] GC(359) Pause Cleanup 1851M->1851M(4096M) 0.140ms
[2218.877s][info][gc,cpu         ] GC(359) User=0.00s Sys=0.00s Real=0.00s
[2218.877s][info][gc,marking     ] GC(359) Concurrent Clear Claimed Marks
[2218.877s][info][gc,marking     ] GC(359) Concurrent Clear Claimed Marks 0.041ms
[2218.877s][info][gc,marking     ] GC(359) Concurrent Cleanup for Next Mark
[2218.882s][info][gc,marking     ] GC(359) Concurrent Cleanup for Next Mark 4.619ms
[2218.882s][info][gc             ] GC(359) Concurrent Mark Cycle 996.414ms
....[2223.202s][info][gc,start       ] GC(360) Pause Young (Prepare Mixed) (G1 Evacuation Pause)
[2223.202s][info][gc,task        ] GC(360) Using 6 workers of 6 for evacuation
[2223.321s][info][gc,phases      ] GC(360)   Pre Evacuate Collection Set: 0.38ms
[2223.321s][info][gc,phases      ] GC(360)   Merge Heap Roots: 0.68ms
[2223.321s][info][gc,phases      ] GC(360)   Evacuate Collection Set: 117.29ms
[2223.321s][info][gc,phases      ] GC(360)   Post Evacuate Collection Set: 0.91ms
[2223.321s][info][gc,phases      ] GC(360)   Other: 0.09ms
[2223.321s][info][gc,heap        ] GC(360) Eden regions: 1119->0(1112)
[2223.321s][info][gc,heap        ] GC(360) Survivor regions: 109->109(154)
[2223.321s][info][gc,heap        ] GC(360) Old regions: 503->535
[2223.321s][info][gc,heap        ] GC(360) Humongous regions: 80->80
[2223.321s][info][gc,metaspace   ] GC(360) Metaspace: 28950K(29312K)->28950K(29312K) NonClass: 24066K(24192K)->24066K(24192K) Class: 4884K(5120K)->4884K(5120K)
[2223.321s][info][gc             ] GC(360) Pause Young (Prepare Mixed) (G1 Evacuation Pause) 3620M->1446M(4096M) 119.505ms
[2223.321s][info][gc,cpu         ] GC(360) User=0.70s Sys=0.01s Real=0.12s
......[2228.702s][info][gc,start       ] GC(361) Pause Young (Mixed) (G1 Evacuation Pause)
[2228.702s][info][gc,task        ] GC(361) Using 6 workers of 6 for evacuation
[2228.833s][info][gc,phases      ] GC(361)   Pre Evacuate Collection Set: 0.40ms
[2228.833s][info][gc,phases      ] GC(361)   Merge Heap Roots: 0.76ms
[2228.833s][info][gc,phases      ] GC(361)   Evacuate Collection Set: 128.18ms
[2228.833s][info][gc,phases      ] GC(361)   Post Evacuate Collection Set: 1.00ms
[2228.833s][info][gc,phases      ] GC(361)   Other: 0.10ms
[2228.833s][info][gc,heap        ] GC(361) Eden regions: 1112->0(1119)
[2228.833s][info][gc,heap        ] GC(361) Survivor regions: 109->109(153)
[2228.833s][info][gc,heap        ] GC(361) Old regions: 535->472
[2228.833s][info][gc,heap        ] GC(361) Humongous regions: 80->80
[2228.833s][info][gc,metaspace   ] GC(361) Metaspace: 28950K(29312K)->28950K(29312K) NonClass: 24066K(24192K)->24066K(24192K) Class: 4884K(5120K)->4884K(5120K)
[2228.833s][info][gc             ] GC(361) Pause Young (Mixed) (G1 Evacuation Pause) 3670M->1320M(4096M) 130.598ms
[2228.833s][info][gc,cpu         ] GC(361) User=0.78s Sys=0.00s Real=0.13s
.....[2234.154s][info][gc,start       ] GC(362) Pause Young (Concurrent Start) (G1 Evacuation Pause)
[2234.155s][info][gc,task        ] GC(362) Using 6 workers of 6 for evacuation
[2234.272s][info][gc,phases      ] GC(362)   Pre Evacuate Collection Set: 0.43ms
[2234.272s][info][gc,phases      ] GC(362)   Merge Heap Roots: 0.61ms
[2234.272s][info][gc,phases      ] GC(362)   Evacuate Collection Set: 115.40ms
[2234.272s][info][gc,phases      ] GC(362)   Post Evacuate Collection Set: 0.95ms
[2234.272s][info][gc,phases      ] GC(362)   Other: 0.14ms
[2234.272s][info][gc,heap        ] GC(362) Eden regions: 1119->0(1120)
[2234.272s][info][gc,heap        ] GC(362) Survivor regions: 109->108(154)
[2234.272s][info][gc,heap        ] GC(362) Old regions: 472->503
[2234.272s][info][gc,heap        ] GC(362) Humongous regions: 80->80
[2234.272s][info][gc,metaspace   ] GC(362) Metaspace: 28950K(29312K)->28950K(29312K) NonClass: 24066K(24192K)->24066K(24192K) Class: 4884K(5120K)->4884K(5120K)
[2234.272s][info][gc             ] GC(362) Pause Young (Concurrent Start) (G1 Evacuation Pause) 3558M->1381M(4096M) 117.674ms
[2234.272s][info][gc             ] GC(363) Concurrent Mark Cycle
[2234.272s][info][gc,marking     ] GC(363) Concurrent Scan Root Regions
[2234.272s][info][gc,cpu         ] GC(362) User=0.70s Sys=0.00s Real=0.12s
.[2234.439s][info][gc,marking     ] GC(363) Concurrent Scan Root Regions 166.843ms
[2234.439s][info][gc,marking     ] GC(363) Concurrent Mark
[2234.439s][info][gc,marking     ] GC(363) Concurrent Mark From Roots
[2234.439s][info][gc,task        ] GC(363) Using 2 workers of 2 for marking
.[2235.366s][info][gc,marking     ] GC(363) Concurrent Mark From Roots 927.207ms
[2235.366s][info][gc,marking     ] GC(363) Concurrent Preclean
[2235.366s][info][gc,marking     ] GC(363) Concurrent Preclean 0.046ms
[2235.367s][info][gc,start       ] GC(363) Pause Remark
[2235.371s][info][gc             ] GC(363) Pause Remark 1845M->1845M(4096M) 4.232ms
[2235.371s][info][gc,cpu         ] GC(363) User=0.02s Sys=0.00s Real=0.01s
[2235.371s][info][gc,marking     ] GC(363) Concurrent Mark 932.260ms
[2235.371s][info][gc,marking     ] GC(363) Concurrent Rebuild Remembered Sets and Scrub Regions
[2235.773s][info][gc,marking     ] GC(363) Concurrent Rebuild Remembered Sets and Scrub Regions 401.602ms
[2235.773s][info][gc,start       ] GC(363) Pause Cleanup
[2235.773s][info][gc             ] GC(363) Pause Cleanup 2027M->2027M(4096M) 0.132ms
[2235.773s][info][gc,cpu         ] GC(363) User=0.00s Sys=0.00s Real=0.00s
[2235.773s][info][gc,marking     ] GC(363) Concurrent Clear Claimed Marks
[2235.773s][info][gc,marking     ] GC(363) Concurrent Clear Claimed Marks 0.030ms
[2235.773s][info][gc,marking     ] GC(363) Concurrent Cleanup for Next Mark
[2235.777s][info][gc,marking     ] GC(363) Concurrent Cleanup for Next Mark 3.307ms
[2235.777s][info][gc             ] GC(363) Concurrent Mark Cycle 1504.560ms
....[2239.703s][info][gc,start       ] GC(364) Pause Young (Prepare Mixed) (G1 Evacuation Pause)
[2239.703s][info][gc,task        ] GC(364) Using 6 workers of 6 for evacuation
[2239.822s][info][gc,phases      ] GC(364)   Pre Evacuate Collection Set: 0.34ms
[2239.822s][info][gc,phases      ] GC(364)   Merge Heap Roots: 0.59ms
[2239.822s][info][gc,phases      ] GC(364)   Evacuate Collection Set: 117.52ms
[2239.822s][info][gc,phases      ] GC(364)   Post Evacuate Collection Set: 0.98ms
[2239.822s][info][gc,phases      ] GC(364)   Other: 0.09ms
[2239.822s][info][gc,heap        ] GC(364) Eden regions: 1120->0(1112)
[2239.822s][info][gc,heap        ] GC(364) Survivor regions: 108->109(154)
[2239.822s][info][gc,heap        ] GC(364) Old regions: 503->535
[2239.822s][info][gc,heap        ] GC(364) Humongous regions: 80->80
[2239.822s][info][gc,metaspace   ] GC(364) Metaspace: 28950K(29312K)->28950K(29312K) NonClass: 24066K(24192K)->24066K(24192K) Class: 4884K(5120K)->4884K(5120K)
[2239.822s][info][gc             ] GC(364) Pause Young (Prepare Mixed) (G1 Evacuation Pause) 3621M->1446M(4096M) 119.665ms
[2239.822s][info][gc,cpu         ] GC(364) User=0.71s Sys=0.00s Real=0.12s
.....[2245.204s][info][gc,start       ] GC(365) Pause Young (Mixed) (G1 Evacuation Pause)
[2245.204s][info][gc,task        ] GC(365) Using 6 workers of 6 for evacuation
[2245.338s][info][gc,phases      ] GC(365)   Pre Evacuate Collection Set: 0.45ms
[2245.338s][info][gc,phases      ] GC(365)   Merge Heap Roots: 0.94ms
[2245.338s][info][gc,phases      ] GC(365)   Evacuate Collection Set: 131.79ms
[2245.338s][info][gc,phases      ] GC(365)   Post Evacuate Collection Set: 0.94ms
[2245.338s][info][gc,phases      ] GC(365)   Other: 0.11ms
[2245.338s][info][gc,heap        ] GC(365) Eden regions: 1112->0(1119)
[2245.338s][info][gc,heap        ] GC(365) Survivor regions: 109->109(153)
[2245.338s][info][gc,heap        ] GC(365) Old regions: 535->470
[2245.338s][info][gc,heap        ] GC(365) Humongous regions: 80->80
[2245.338s][info][gc,metaspace   ] GC(365) Metaspace: 28950K(29312K)->28950K(29312K) NonClass: 24066K(24192K)->24066K(24192K) Class: 4884K(5120K)->4884K(5120K)
[2245.338s][info][gc             ] GC(365) Pause Young (Mixed) (G1 Evacuation Pause) 3670M->1316M(4096M) 134.377ms
[2245.338s][info][gc,cpu         ] GC(365) User=0.79s Sys=0.01s Real=0.13s
......[2250.604s][info][gc,start       ] GC(366) Pause Young (Concurrent Start) (G1 Evacuation Pause)
[2250.604s][info][gc,task        ] GC(366) Using 6 workers of 6 for evacuation
[2250.724s][info][gc,phases      ] GC(366)   Pre Evacuate Collection Set: 0.41ms
[2250.724s][info][gc,phases      ] GC(366)   Merge Heap Roots: 0.55ms
[2250.724s][info][gc,phases      ] GC(366)   Evacuate Collection Set: 117.35ms
[2250.724s][info][gc,phases      ] GC(366)   Post Evacuate Collection Set: 0.90ms
[2250.724s][info][gc,phases      ] GC(366)   Other: 0.11ms
[2250.724s][info][gc,heap        ] GC(366) Eden regions: 1119->0(1117)
[2250.724s][info][gc,heap        ] GC(366) Survivor regions: 109->111(154)
[2250.724s][info][gc,heap        ] GC(366) Old regions: 470->503
[2250.724s][info][gc,heap        ] GC(366) Humongous regions: 80->80
[2250.724s][info][gc,metaspace   ] GC(366) Metaspace: 28950K(29312K)->28950K(29312K) NonClass: 24066K(24192K)->24066K(24192K) Class: 4884K(5120K)->4884K(5120K)
[2250.724s][info][gc             ] GC(366) Pause Young (Concurrent Start) (G1 Evacuation Pause) 3554M->1385M(4096M) 119.468ms
[2250.724s][info][gc             ] GC(367) Concurrent Mark Cycle
[2250.724s][info][gc,marking     ] GC(367) Concurrent Scan Root Regions
[2250.724s][info][gc,cpu         ] GC(366) User=0.71s Sys=0.00s Real=0.12s
[2250.898s][info][gc,marking     ] GC(367) Concurrent Scan Root Regions 174.025ms
[2250.898s][info][gc,marking     ] GC(367) Concurrent Mark
[2250.898s][info][gc,marking     ] GC(367) Concurrent Mark From Roots
[2250.898s][info][gc,task        ] GC(367) Using 2 workers of 2 for marking
.[2251.876s][info][gc,marking     ] GC(367) Concurrent Mark From Roots 977.673ms
[2251.876s][info][gc,marking     ] GC(367) Concurrent Preclean
[2251.876s][info][gc,marking     ] GC(367) Concurrent Preclean 0.032ms
[2251.876s][info][gc,start       ] GC(367) Pause Remark
[2251.880s][info][gc             ] GC(367) Pause Remark 1896M->1896M(4096M) 4.476ms
[2251.880s][info][gc,cpu         ] GC(367) User=0.03s Sys=0.00s Real=0.01s
[2251.880s][info][gc,marking     ] GC(367) Concurrent Mark 982.414ms
[2251.880s][info][gc,marking     ] GC(367) Concurrent Rebuild Remembered Sets and Scrub Regions
[2252.231s][info][gc,marking     ] GC(367) Concurrent Rebuild Remembered Sets and Scrub Regions 350.570ms
[2252.231s][info][gc,start       ] GC(367) Pause Cleanup
[2252.231s][info][gc             ] GC(367) Pause Cleanup 2017M->2017M(4096M) 0.123ms
[2252.231s][info][gc,cpu         ] GC(367) User=0.00s Sys=0.00s Real=0.00s
[2252.231s][info][gc,marking     ] GC(367) Concurrent Clear Claimed Marks
[2252.231s][info][gc,marking     ] GC(367) Concurrent Clear Claimed Marks 0.030ms
[2252.231s][info][gc,marking     ] GC(367) Concurrent Cleanup for Next Mark
[2252.236s][info][gc,marking     ] GC(367) Concurrent Cleanup for Next Mark 4.507ms
[2252.236s][info][gc             ] GC(367) Concurrent Mark Cycle 1512.193ms
....[2256.184s][info][gc,start       ] GC(368) Pause Young (Prepare Mixed) (G1 Evacuation Pause)
[2256.184s][info][gc,task        ] GC(368) Using 6 workers of 6 for evacuation
[2256.301s][info][gc,phases      ] GC(368)   Pre Evacuate Collection Set: 0.36ms
[2256.301s][info][gc,phases      ] GC(368)   Merge Heap Roots: 0.68ms
[2256.301s][info][gc,phases      ] GC(368)   Evacuate Collection Set: 114.62ms
[2256.301s][info][gc,phases      ] GC(368)   Post Evacuate Collection Set: 0.95ms
[2256.301s][info][gc,phases      ] GC(368)   Other: 0.09ms
[2256.301s][info][gc,heap        ] GC(368) Eden regions: 1117->0(1115)
[2256.301s][info][gc,heap        ] GC(368) Survivor regions: 111->108(154)
[2256.301s][info][gc,heap        ] GC(368) Old regions: 503->534
[2256.301s][info][gc,heap        ] GC(368) Humongous regions: 80->80
[2256.301s][info][gc,metaspace   ] GC(368) Metaspace: 28950K(29312K)->28950K(29312K) NonClass: 24066K(24192K)->24066K(24192K) Class: 4884K(5120K)->4884K(5120K)
[2256.301s][info][gc             ] GC(368) Pause Young (Prepare Mixed) (G1 Evacuation Pause) 3619M->1443M(4096M) 116.836ms
[2256.301s][info][gc,cpu         ] GC(368) User=0.69s Sys=0.00s Real=0.12s
......[2261.566s][info][gc,start       ] GC(369) Pause Young (Mixed) (G1 Evacuation Pause)
[2261.566s][info][gc,task        ] GC(369) Using 6 workers of 6 for evacuation
[2261.696s][info][gc,phases      ] GC(369)   Pre Evacuate Collection Set: 0.37ms
[2261.696s][info][gc,phases      ] GC(369)   Merge Heap Roots: 0.69ms
[2261.696s][info][gc,phases      ] GC(369)   Evacuate Collection Set: 128.15ms
[2261.696s][info][gc,phases      ] GC(369)   Post Evacuate Collection Set: 0.95ms
[2261.696s][info][gc,phases      ] GC(369)   Other: 0.09ms
[2261.696s][info][gc,heap        ] GC(369) Eden regions: 1115->0(1118)
[2261.696s][info][gc,heap        ] GC(369) Survivor regions: 108->110(153)
[2261.696s][info][gc,heap        ] GC(369) Old regions: 534->472
[2261.696s][info][gc,heap        ] GC(369) Humongous regions: 80->80
[2261.696s][info][gc,metaspace   ] GC(369) Metaspace: 28950K(29312K)->28950K(29312K) NonClass: 24066K(24192K)->24066K(24192K) Class: 4884K(5120K)->4884K(5120K)
[2261.696s][info][gc             ] GC(369) Pause Young (Mixed) (G1 Evacuation Pause) 3673M->1321M(4096M) 130.372ms
[2261.696s][info][gc,cpu         ] GC(369) User=0.77s Sys=0.00s Real=0.13s
. (rIR:aIR:PR = 3459:3459:3459) (tPR = 51578) [OK] 
  2262s: Performance info:
         Transaction,    Success,    Partial,     Failed,   Receipts, AvgBarcode, 
             Overall,     207979,          0,          0,     197554,      59.48, 
         Response times:
             Request,    Success,    Partial,     Failed,   SkipFail,     Probes,    Samples,      min,      p50,      p90,      p95,      p99,      max, 
       TotalPurchase,     197554,          0,          0,          0,     193303,     210816,      300,     2900,     5000,     6600,    29000,   220000,
     InStorePurchase,     104002,          0,          0,          0,     101895,     110843,      300,     3000,     5000,     6700,    29000,   220000,
      OnlinePurchase,      72760,          0,          0,          0,      71195,      77535,      300,     2700,     4900,     6400,    27000,   191000,
        InstPurchase,      20792,          0,          0,          0,      20213,      22438,      400,     3100,     5200,     7000,    29000,   143000,
          AssocOfCat,        210,          0,          0,          0,        145,        196,    17800,    32000,    42000,    56500,   159690,   182000,
      AssocOfProduct,       2098,          0,          0,          0,       1939,       2259,     1000,     3900,     5800,     8000,    42000,   141000,
      BusinessReport,        516,          0,          0,          0,        428,        568,    23000,    36000,    51100,    63000,    89270,   250000,
          CustBuyBeh,       2087,          0,          0,          0,       1898,       2191,      200,     3400,     5200,     6500,    31000,   144000,
       ProductReturn,       5514,          0,          0,          0,       5162,       5750,      400,     3100,     5000,     6600,    34000,   149000,

  2262s: (26%)   IR =   3598 ....[2266.917s][info][gc,start       ] GC(370) Pause Young (Concurrent Start) (G1 Evacuation Pause)
[2266.917s][info][gc,task        ] GC(370) Using 6 workers of 6 for evacuation
[2267.043s][info][gc,phases      ] GC(370)   Pre Evacuate Collection Set: 0.43ms
[2267.043s][info][gc,phases      ] GC(370)   Merge Heap Roots: 0.63ms
[2267.043s][info][gc,phases      ] GC(370)   Evacuate Collection Set: 123.13ms
[2267.043s][info][gc,phases      ] GC(370)   Post Evacuate Collection Set: 0.94ms
[2267.043s][info][gc,phases      ] GC(370)   Other: 0.13ms
[2267.043s][info][gc,heap        ] GC(370) Eden regions: 1118->0(1116)
[2267.043s][info][gc,heap        ] GC(370) Survivor regions: 110->112(154)
[2267.043s][info][gc,heap        ] GC(370) Old regions: 472->504
[2267.043s][info][gc,heap        ] GC(370) Humongous regions: 80->80
[2267.043s][info][gc,metaspace   ] GC(370) Metaspace: 28957K(29312K)->28957K(29312K) NonClass: 24072K(24192K)->24072K(24192K) Class: 4884K(5120K)->4884K(5120K)
[2267.043s][info][gc             ] GC(370) Pause Young (Concurrent Start) (G1 Evacuation Pause) 3557M->1389M(4096M) 125.382ms
[2267.043s][info][gc             ] GC(371) Concurrent Mark Cycle
[2267.043s][info][gc,marking     ] GC(371) Concurrent Scan Root Regions
[2267.043s][info][gc,cpu         ] GC(370) User=0.75s Sys=0.00s Real=0.13s
[2267.227s][info][gc,marking     ] GC(371) Concurrent Scan Root Regions 184.316ms
[2267.227s][info][gc,marking     ] GC(371) Concurrent Mark
[2267.227s][info][gc,marking     ] GC(371) Concurrent Mark From Roots
[2267.227s][info][gc,task        ] GC(371) Using 2 workers of 2 for marking
.|[2268.155s][info][gc,marking     ] GC(371) Concurrent Mark From Roots 928.118ms
[2268.155s][info][gc,marking     ] GC(371) Concurrent Preclean
[2268.155s][info][gc,marking     ] GC(371) Concurrent Preclean 0.061ms
[2268.155s][info][gc,start       ] GC(371) Pause Remark
[2268.160s][info][gc             ] GC(371) Pause Remark 1941M->1941M(4096M) 4.412ms
[2268.160s][info][gc,cpu         ] GC(371) User=0.03s Sys=0.00s Real=0.01s
[2268.160s][info][gc,marking     ] GC(371) Concurrent Mark 932.861ms
[2268.160s][info][gc,marking     ] GC(371) Concurrent Rebuild Remembered Sets and Scrub Regions
.[2268.396s][info][gc,marking     ] GC(371) Concurrent Rebuild Remembered Sets and Scrub Regions 236.020ms
[2268.396s][info][gc,start       ] GC(371) Pause Cleanup
[2268.396s][info][gc             ] GC(371) Pause Cleanup 2059M->2059M(4096M) 0.136ms
[2268.396s][info][gc,cpu         ] GC(371) User=0.00s Sys=0.00s Real=0.00s
[2268.396s][info][gc,marking     ] GC(371) Concurrent Clear Claimed Marks
[2268.396s][info][gc,marking     ] GC(371) Concurrent Clear Claimed Marks 0.030ms
[2268.396s][info][gc,marking     ] GC(371) Concurrent Cleanup for Next Mark
[2268.400s][info][gc,marking     ] GC(371) Concurrent Cleanup for Next Mark 3.177ms
[2268.400s][info][gc             ] GC(371) Concurrent Mark Cycle 1356.839ms
...[2272.100s][info][gc,start       ] GC(372) Pause Young (Prepare Mixed) (G1 Evacuation Pause)
[2272.100s][info][gc,task        ] GC(372) Using 6 workers of 6 for evacuation
[2272.217s][info][gc,phases      ] GC(372)   Pre Evacuate Collection Set: 0.38ms
[2272.217s][info][gc,phases      ] GC(372)   Merge Heap Roots: 0.63ms
[2272.217s][info][gc,phases      ] GC(372)   Evacuate Collection Set: 114.78ms
[2272.217s][info][gc,phases      ] GC(372)   Post Evacuate Collection Set: 0.94ms
[2272.217s][info][gc,phases      ] GC(372)   Other: 0.09ms
[2272.217s][info][gc,heap        ] GC(372) Eden regions: 1116->0(1113)
[2272.217s][info][gc,heap        ] GC(372) Survivor regions: 112->108(154)
[2272.217s][info][gc,heap        ] GC(372) Old regions: 504->536
[2272.217s][info][gc,heap        ] GC(372) Humongous regions: 80->80
[2272.217s][info][gc,metaspace   ] GC(372) Metaspace: 28957K(29312K)->28957K(29312K) NonClass: 24072K(24192K)->24072K(24192K) Class: 4884K(5120K)->4884K(5120K)
[2272.217s][info][gc             ] GC(372) Pause Young (Prepare Mixed) (G1 Evacuation Pause) 3621M->1445M(4096M) 116.936ms
[2272.217s][info][gc,cpu         ] GC(372) User=0.69s Sys=0.00s Real=0.11s
.....[2277.376s][info][gc,start       ] GC(373) Pause Young (Mixed) (G1 Evacuation Pause)
[2277.376s][info][gc,task        ] GC(373) Using 6 workers of 6 for evacuation
[2277.510s][info][gc,phases      ] GC(373)   Pre Evacuate Collection Set: 0.43ms
[2277.510s][info][gc,phases      ] GC(373)   Merge Heap Roots: 0.85ms
[2277.510s][info][gc,phases      ] GC(373)   Evacuate Collection Set: 131.80ms
[2277.510s][info][gc,phases      ] GC(373)   Post Evacuate Collection Set: 0.95ms
[2277.510s][info][gc,phases      ] GC(373)   Other: 0.09ms
[2277.510s][info][gc,heap        ] GC(373) Eden regions: 1113->0(1118)
[2277.510s][info][gc,heap        ] GC(373) Survivor regions: 108->110(153)
[2277.510s][info][gc,heap        ] GC(373) Old regions: 536->470
[2277.510s][info][gc,heap        ] GC(373) Humongous regions: 80->80
[2277.510s][info][gc,metaspace   ] GC(373) Metaspace: 28957K(29312K)->28957K(29312K) NonClass: 24072K(24192K)->24072K(24192K) Class: 4884K(5120K)->4884K(5120K)
[2277.510s][info][gc             ] GC(373) Pause Young (Mixed) (G1 Evacuation Pause) 3671M->1318M(4096M) 134.264ms
[2277.510s][info][gc,cpu         ] GC(373) User=0.80s Sys=0.00s Real=0.14s
......[2282.634s][info][gc,start       ] GC(374) Pause Young (Concurrent Start) (G1 Evacuation Pause)
[2282.634s][info][gc,task        ] GC(374) Using 6 workers of 6 for evacuation
[2282.755s][info][gc,phases      ] GC(374)   Pre Evacuate Collection Set: 0.45ms
[2282.755s][info][gc,phases      ] GC(374)   Merge Heap Roots: 0.60ms
[2282.755s][info][gc,phases      ] GC(374)   Evacuate Collection Set: 119.03ms
[2282.755s][info][gc,phases      ] GC(374)   Post Evacuate Collection Set: 0.94ms
[2282.755s][info][gc,phases      ] GC(374)   Other: 0.13ms
[2282.755s][info][gc,heap        ] GC(374) Eden regions: 1118->0(1117)
[2282.755s][info][gc,heap        ] GC(374) Survivor regions: 110->111(154)
[2282.755s][info][gc,heap        ] GC(374) Old regions: 470->502
[2282.755s][info][gc,heap        ] GC(374) Humongous regions: 80->80
[2282.755s][info][gc,metaspace   ] GC(374) Metaspace: 28957K(29312K)->28957K(29312K) NonClass: 24072K(24192K)->24072K(24192K) Class: 4884K(5120K)->4884K(5120K)
[2282.755s][info][gc             ] GC(374) Pause Young (Concurrent Start) (G1 Evacuation Pause) 3554M->1384M(4096M) 121.298ms
[2282.755s][info][gc             ] GC(375) Concurrent Mark Cycle
[2282.755s][info][gc,marking     ] GC(375) Concurrent Scan Root Regions
[2282.755s][info][gc,cpu         ] GC(374) User=0.72s Sys=0.00s Real=0.12s
[2282.892s][info][gc,marking     ] GC(375) Concurrent Scan Root Regions 136.572ms
[2282.892s][info][gc,marking     ] GC(375) Concurrent Mark
[2282.892s][info][gc,marking     ] GC(375) Concurrent Mark From Roots
[2282.892s][info][gc,task        ] GC(375) Using 2 workers of 2 for marking
[2283.480s][info][gc,marking     ] GC(375) Concurrent Mark From Roots 587.816ms
[2283.480s][info][gc,marking     ] GC(375) Concurrent Preclean
[2283.480s][info][gc,marking     ] GC(375) Concurrent Preclean 0.054ms
[2283.480s][info][gc,start       ] GC(375) Pause Remark
[2283.484s][info][gc             ] GC(375) Pause Remark 1719M->1719M(4096M) 3.684ms
[2283.484s][info][gc,cpu         ] GC(375) User=0.01s Sys=0.00s Real=0.00s
[2283.484s][info][gc,marking     ] GC(375) Concurrent Mark 591.819ms
[2283.484s][info][gc,marking     ] GC(375) Concurrent Rebuild Remembered Sets and Scrub Regions
.[2283.727s][info][gc,marking     ] GC(375) Concurrent Rebuild Remembered Sets and Scrub Regions 243.506ms
[2283.727s][info][gc,start       ] GC(375) Pause Cleanup
[2283.727s][info][gc             ] GC(375) Pause Cleanup 1834M->1834M(4096M) 0.133ms
[2283.727s][info][gc,cpu         ] GC(375) User=0.00s Sys=0.00s Real=0.00s
[2283.727s][info][gc,marking     ] GC(375) Concurrent Clear Claimed Marks
[2283.728s][info][gc,marking     ] GC(375) Concurrent Clear Claimed Marks 0.035ms
[2283.728s][info][gc,marking     ] GC(375) Concurrent Cleanup for Next Mark
[2283.731s][info][gc,marking     ] GC(375) Concurrent Cleanup for Next Mark 3.699ms
[2283.731s][info][gc             ] GC(375) Concurrent Mark Cycle 976.144ms
....[2287.991s][info][gc,start       ] GC(376) Pause Young (Prepare Mixed) (G1 Evacuation Pause)
[2287.991s][info][gc,task        ] GC(376) Using 6 workers of 6 for evacuation
[2288.109s][info][gc,phases      ] GC(376)   Pre Evacuate Collection Set: 0.35ms
[2288.109s][info][gc,phases      ] GC(376)   Merge Heap Roots: 0.60ms
[2288.109s][info][gc,phases      ] GC(376)   Evacuate Collection Set: 115.68ms
[2288.109s][info][gc,phases      ] GC(376)   Post Evacuate Collection Set: 0.96ms
[2288.109s][info][gc,phases      ] GC(376)   Other: 0.09ms
[2288.109s][info][gc,heap        ] GC(376) Eden regions: 1117->0(1116)
[2288.109s][info][gc,heap        ] GC(376) Survivor regions: 111->108(154)
[2288.109s][info][gc,heap        ] GC(376) Old regions: 502->533
[2288.109s][info][gc,heap        ] GC(376) Humongous regions: 80->80
[2288.109s][info][gc,metaspace   ] GC(376) Metaspace: 28957K(29312K)->28957K(29312K) NonClass: 24072K(24192K)->24072K(24192K) Class: 4884K(5120K)->4884K(5120K)
[2288.109s][info][gc             ] GC(376) Pause Young (Prepare Mixed) (G1 Evacuation Pause) 3618M->1441M(4096M) 117.817ms
[2288.109s][info][gc,cpu         ] GC(376) User=0.70s Sys=0.00s Real=0.11s
.....[2293.249s][info][gc,start       ] GC(377) Pause Young (Mixed) (G1 Evacuation Pause)
[2293.249s][info][gc,task        ] GC(377) Using 6 workers of 6 for evacuation
[2293.383s][info][gc,phases      ] GC(377)   Pre Evacuate Collection Set: 0.37ms
[2293.383s][info][gc,phases      ] GC(377)   Merge Heap Roots: 0.91ms
[2293.383s][info][gc,phases      ] GC(377)   Evacuate Collection Set: 131.30ms
[2293.383s][info][gc,phases      ] GC(377)   Post Evacuate Collection Set: 1.02ms
[2293.383s][info][gc,phases      ] GC(377)   Other: 0.09ms
[2293.383s][info][gc,heap        ] GC(377) Eden regions: 1116->0(1119)
[2293.383s][info][gc,heap        ] GC(377) Survivor regions: 108->109(153)
[2293.383s][info][gc,heap        ] GC(377) Old regions: 533->470
[2293.383s][info][gc,heap        ] GC(377) Humongous regions: 80->80
[2293.383s][info][gc,metaspace   ] GC(377) Metaspace: 28957K(29312K)->28957K(29312K) NonClass: 24072K(24192K)->24072K(24192K) Class: 4884K(5120K)->4884K(5120K)
[2293.383s][info][gc             ] GC(377) Pause Young (Mixed) (G1 Evacuation Pause) 3673M->1316M(4096M) 133.819ms
[2293.383s][info][gc,cpu         ] GC(377) User=0.80s Sys=0.00s Real=0.13s
.....[2298.473s][info][gc,start       ] GC(378) Pause Young (Concurrent Start) (G1 Evacuation Pause)
[2298.473s][info][gc,task        ] GC(378) Using 6 workers of 6 for evacuation
[2298.590s][info][gc,phases      ] GC(378)   Pre Evacuate Collection Set: 0.41ms
[2298.590s][info][gc,phases      ] GC(378)   Merge Heap Roots: 0.57ms
[2298.590s][info][gc,phases      ] GC(378)   Evacuate Collection Set: 115.12ms
[2298.590s][info][gc,phases      ] GC(378)   Post Evacuate Collection Set: 0.93ms
[2298.590s][info][gc,phases      ] GC(378)   Other: 0.12ms
[2298.590s][info][gc,heap        ] GC(378) Eden regions: 1119->0(1120)
[2298.590s][info][gc,heap        ] GC(378) Survivor regions: 109->108(154)
[2298.590s][info][gc,heap        ] GC(378) Old regions: 470->502
[2298.590s][info][gc,heap        ] GC(378) Humongous regions: 80->80
[2298.590s][info][gc,metaspace   ] GC(378) Metaspace: 28957K(29312K)->28957K(29312K) NonClass: 24072K(24192K)->24072K(24192K) Class: 4884K(5120K)->4884K(5120K)
[2298.590s][info][gc             ] GC(378) Pause Young (Concurrent Start) (G1 Evacuation Pause) 3554M->1379M(4096M) 117.295ms
[2298.590s][info][gc             ] GC(379) Concurrent Mark Cycle
[2298.590s][info][gc,marking     ] GC(379) Concurrent Scan Root Regions
[2298.590s][info][gc,cpu         ] GC(378) User=0.70s Sys=0.00s Real=0.12s
.[2298.764s][info][gc,marking     ] GC(379) Concurrent Scan Root Regions 173.585ms
[2298.764s][info][gc,marking     ] GC(379) Concurrent Mark
[2298.764s][info][gc,marking     ] GC(379) Concurrent Mark From Roots
[2298.764s][info][gc,task        ] GC(379) Using 2 workers of 2 for marking
.[2299.739s][info][gc,marking     ] GC(379) Concurrent Mark From Roots 974.758ms
[2299.739s][info][gc,marking     ] GC(379) Concurrent Preclean
[2299.739s][info][gc,marking     ] GC(379) Concurrent Preclean 0.044ms
[2299.739s][info][gc,start       ] GC(379) Pause Remark
[2299.744s][info][gc             ] GC(379) Pause Remark 1935M->1935M(4096M) 4.645ms
[2299.744s][info][gc,cpu         ] GC(379) User=0.02s Sys=0.00s Real=0.01s
[2299.745s][info][gc,marking     ] GC(379) Concurrent Mark 980.815ms
[2299.745s][info][gc,marking     ] GC(379) Concurrent Rebuild Remembered Sets and Scrub Regions
[2300.101s][info][gc,marking     ] GC(379) Concurrent Rebuild Remembered Sets and Scrub Regions 356.775ms
[2300.102s][info][gc,start       ] GC(379) Pause Cleanup
[2300.102s][info][gc             ] GC(379) Pause Cleanup 2096M->2096M(4096M) 0.138ms
[2300.102s][info][gc,cpu         ] GC(379) User=0.00s Sys=0.00s Real=0.00s
[2300.102s][info][gc,marking     ] GC(379) Concurrent Clear Claimed Marks
[2300.102s][info][gc,marking     ] GC(379) Concurrent Clear Claimed Marks 0.036ms
[2300.102s][info][gc,marking     ] GC(379) Concurrent Cleanup for Next Mark
[2300.106s][info][gc,marking     ] GC(379) Concurrent Cleanup for Next Mark 3.497ms
[2300.106s][info][gc             ] GC(379) Concurrent Mark Cycle 1515.458ms
....[2303.733s][info][gc,start       ] GC(380) Pause Young (Prepare Mixed) (G1 Evacuation Pause)
[2303.733s][info][gc,task        ] GC(380) Using 6 workers of 6 for evacuation
[2303.853s][info][gc,phases      ] GC(380)   Pre Evacuate Collection Set: 0.34ms
[2303.853s][info][gc,phases      ] GC(380)   Merge Heap Roots: 0.64ms
[2303.853s][info][gc,phases      ] GC(380)   Evacuate Collection Set: 117.74ms
[2303.853s][info][gc,phases      ] GC(380)   Post Evacuate Collection Set: 0.96ms
[2303.853s][info][gc,phases      ] GC(380)   Other: 0.09ms
[2303.853s][info][gc,heap        ] GC(380) Eden regions: 1120->0(1109)
[2303.853s][info][gc,heap        ] GC(380) Survivor regions: 108->111(154)
[2303.853s][info][gc,heap        ] GC(380) Old regions: 502->534
[2303.853s][info][gc,heap        ] GC(380) Humongous regions: 80->80
[2303.853s][info][gc,metaspace   ] GC(380) Metaspace: 28957K(29312K)->28957K(29312K) NonClass: 24072K(24192K)->24072K(24192K) Class: 4884K(5120K)->4884K(5120K)
[2303.853s][info][gc             ] GC(380) Pause Young (Prepare Mixed) (G1 Evacuation Pause) 3619M->1448M(4096M) 119.896ms
[2303.853s][info][gc,cpu         ] GC(380) User=0.71s Sys=0.00s Real=0.12s
.....[2308.936s][info][gc,start       ] GC(381) Pause Young (Mixed) (G1 Evacuation Pause)
[2308.936s][info][gc,task        ] GC(381) Using 6 workers of 6 for evacuation
[2309.069s][info][gc,phases      ] GC(381)   Pre Evacuate Collection Set: 0.36ms
[2309.069s][info][gc,phases      ] GC(381)   Merge Heap Roots: 0.81ms
[2309.069s][info][gc,phases      ] GC(381)   Evacuate Collection Set: 130.18ms
[2309.069s][info][gc,phases      ] GC(381)   Post Evacuate Collection Set: 0.94ms
[2309.069s][info][gc,phases      ] GC(381)   Other: 0.09ms
[2309.069s][info][gc,heap        ] GC(381) Eden regions: 1109->0(1121)
[2309.069s][info][gc,heap        ] GC(381) Survivor regions: 111->107(153)
[2309.069s][info][gc,heap        ] GC(381) Old regions: 534->473
[2309.069s][info][gc,heap        ] GC(381) Humongous regions: 80->80
[2309.069s][info][gc,metaspace   ] GC(381) Metaspace: 28957K(29312K)->28957K(29312K) NonClass: 24072K(24192K)->24072K(24192K) Class: 4884K(5120K)->4884K(5120K)
[2309.069s][info][gc             ] GC(381) Pause Young (Mixed) (G1 Evacuation Pause) 3666M->1317M(4096M) 132.526ms
[2309.069s][info][gc,cpu         ] GC(381) User=0.79s Sys=0.00s Real=0.13s
.....[2314.269s][info][gc,start       ] GC(382) Pause Young (Concurrent Start) (G1 Evacuation Pause)
[2314.269s][info][gc,task        ] GC(382) Using 6 workers of 6 for evacuation
[2314.388s][info][gc,phases      ] GC(382)   Pre Evacuate Collection Set: 0.43ms
[2314.388s][info][gc,phases      ] GC(382)   Merge Heap Roots: 0.64ms
[2314.388s][info][gc,phases      ] GC(382)   Evacuate Collection Set: 116.37ms
[2314.388s][info][gc,phases      ] GC(382)   Post Evacuate Collection Set: 0.91ms
[2314.388s][info][gc,phases      ] GC(382)   Other: 0.13ms
[2314.388s][info][gc,heap        ] GC(382) Eden regions: 1121->0(1120)
[2314.388s][info][gc,heap        ] GC(382) Survivor regions: 107->108(154)
[2314.388s][info][gc,heap        ] GC(382) Old regions: 473->505
[2314.388s][info][gc,heap        ] GC(382) Humongous regions: 80->80
[2314.388s][info][gc,metaspace   ] GC(382) Metaspace: 28957K(29312K)->28957K(29312K) NonClass: 24072K(24192K)->24072K(24192K) Class: 4884K(5120K)->4884K(5120K)
[2314.388s][info][gc             ] GC(382) Pause Young (Concurrent Start) (G1 Evacuation Pause) 3559M->1384M(4096M) 118.611ms
[2314.388s][info][gc             ] GC(383) Concurrent Mark Cycle
[2314.388s][info][gc,marking     ] GC(383) Concurrent Scan Root Regions
[2314.388s][info][gc,cpu         ] GC(382) User=0.71s Sys=0.00s Real=0.12s
[2314.535s][info][gc,marking     ] GC(383) Concurrent Scan Root Regions 147.180ms
[2314.535s][info][gc,marking     ] GC(383) Concurrent Mark
[2314.535s][info][gc,marking     ] GC(383) Concurrent Mark From Roots
[2314.535s][info][gc,task        ] GC(383) Using 2 workers of 2 for marking
.[2315.239s][info][gc,marking     ] GC(383) Concurrent Mark From Roots 703.576ms
[2315.239s][info][gc,marking     ] GC(383) Concurrent Preclean
[2315.239s][info][gc,marking     ] GC(383) Concurrent Preclean 0.030ms
[2315.239s][info][gc,start       ] GC(383) Pause Remark
[2315.243s][info][gc             ] GC(383) Pause Remark 1802M->1802M(4096M) 4.120ms
[2315.243s][info][gc,cpu         ] GC(383) User=0.02s Sys=0.00s Real=0.01s
[2315.243s][info][gc,marking     ] GC(383) Concurrent Mark 707.954ms
[2315.243s][info][gc,marking     ] GC(383) Concurrent Rebuild Remembered Sets and Scrub Regions
[2315.493s][info][gc,marking     ] GC(383) Concurrent Rebuild Remembered Sets and Scrub Regions 249.660ms
[2315.493s][info][gc,start       ] GC(383) Pause Cleanup
[2315.493s][info][gc             ] GC(383) Pause Cleanup 1911M->1911M(4096M) 0.144ms
[2315.493s][info][gc,cpu         ] GC(383) User=0.01s Sys=0.00s Real=0.00s
[2315.493s][info][gc,marking     ] GC(383) Concurrent Clear Claimed Marks
[2315.493s][info][gc,marking     ] GC(383) Concurrent Clear Claimed Marks 0.034ms
[2315.493s][info][gc,marking     ] GC(383) Concurrent Cleanup for Next Mark
[2315.496s][info][gc,marking     ] GC(383) Concurrent Cleanup for Next Mark 3.227ms
[2315.496s][info][gc             ] GC(383) Concurrent Mark Cycle 1108.523ms
....[2319.522s][info][gc,start       ] GC(384) Pause Young (Prepare Mixed) (G1 Evacuation Pause)
[2319.522s][info][gc,task        ] GC(384) Using 6 workers of 6 for evacuation
[2319.639s][info][gc,phases      ] GC(384)   Pre Evacuate Collection Set: 0.37ms
[2319.639s][info][gc,phases      ] GC(384)   Merge Heap Roots: 0.59ms
[2319.639s][info][gc,phases      ] GC(384)   Evacuate Collection Set: 114.96ms
[2319.639s][info][gc,phases      ] GC(384)   Post Evacuate Collection Set: 0.93ms
[2319.639s][info][gc,phases      ] GC(384)   Other: 0.09ms
[2319.639s][info][gc,heap        ] GC(384) Eden regions: 1120->0(1112)
[2319.639s][info][gc,heap        ] GC(384) Survivor regions: 108->108(154)
[2319.639s][info][gc,heap        ] GC(384) Old regions: 505->537
[2319.639s][info][gc,heap        ] GC(384) Humongous regions: 80->80
[2319.639s][info][gc,metaspace   ] GC(384) Metaspace: 28957K(29312K)->28957K(29312K) NonClass: 24072K(24192K)->24072K(24192K) Class: 4884K(5120K)->4884K(5120K)
[2319.639s][info][gc             ] GC(384) Pause Young (Prepare Mixed) (G1 Evacuation Pause) 3624M->1448M(4096M) 117.074ms
[2319.639s][info][gc,cpu         ] GC(384) User=0.70s Sys=0.00s Real=0.11s
......[2324.730s][info][gc,start       ] GC(385) Pause Young (Mixed) (G1 Evacuation Pause)
[2324.730s][info][gc,task        ] GC(385) Using 6 workers of 6 for evacuation
[2324.864s][info][gc,phases      ] GC(385)   Pre Evacuate Collection Set: 0.40ms
[2324.864s][info][gc,phases      ] GC(385)   Merge Heap Roots: 0.76ms
[2324.864s][info][gc,phases      ] GC(385)   Evacuate Collection Set: 131.52ms
[2324.864s][info][gc,phases      ] GC(385)   Post Evacuate Collection Set: 0.96ms
[2324.864s][info][gc,phases      ] GC(385)   Other: 0.10ms
[2324.864s][info][gc,heap        ] GC(385) Eden regions: 1112->0(1118)
[2324.864s][info][gc,heap        ] GC(385) Survivor regions: 108->110(153)
[2324.864s][info][gc,heap        ] GC(385) Old regions: 537->473
[2324.864s][info][gc,heap        ] GC(385) Humongous regions: 80->80
[2324.864s][info][gc,metaspace   ] GC(385) Metaspace: 28957K(29312K)->28957K(29312K) NonClass: 24072K(24192K)->24072K(24192K) Class: 4884K(5120K)->4884K(5120K)
[2324.864s][info][gc             ] GC(385) Pause Young (Mixed) (G1 Evacuation Pause) 3672M->1325M(4096M) 133.865ms
[2324.864s][info][gc,cpu         ] GC(385) User=0.79s Sys=0.00s Real=0.13s
... (rIR:aIR:PR = 3598:3598:3598) (tPR = 53594) [OK] 
  2327s: Performance info:
         Transaction,    Success,    Partial,     Failed,   Receipts, AvgBarcode, 
             Overall,     216822,          0,          0,     205964,      59.47, 
         Response times:
             Request,    Success,    Partial,     Failed,   SkipFail,     Probes,    Samples,      min,      p50,      p90,      p95,      p99,      max, 
       TotalPurchase,     205964,          0,          0,          0,     202621,     219270,      300,     3000,     5200,     7200,    33000,   202000,
     InStorePurchase,     108401,          0,          0,          0,     106960,     115471,      300,     3000,     5200,     7200,    33000,   198000,
      OnlinePurchase,      75871,          0,          0,          0,      74656,      80971,      400,     3100,     5200,     7200,    32000,   192000,
        InstPurchase,      21692,          0,          0,          0,      21005,      22828,      300,     3000,     5100,     7100,    34000,   202000,
          AssocOfCat,        216,          0,          0,          0,        152,        224,    23000,    32000,    43500,    54500,   162250,   192000,
      AssocOfProduct,       2172,          0,          0,          0,       2001,       2364,      600,     3100,     5500,     7975,    42350,   136000,
      BusinessReport,        542,          0,          0,          0,        452,        583,    24000,    37000,    52000,    66800,   175000,   221000,
          CustBuyBeh,       2165,          0,          0,          0,       2017,       2358,      200,     3600,     5300,     7400,    38410,   139000,
       ProductReturn,       5763,          0,          0,          0,       5353,       5976,      200,     2200,     4400,     6100,    24230,   139000,

  2327s: (27%)   IR =   3736 ..[2329.968s][info][gc,start       ] GC(386) Pause Young (Concurrent Start) (G1 Evacuation Pause)
[2329.968s][info][gc,task        ] GC(386) Using 6 workers of 6 for evacuation
[2330.085s][info][gc,phases      ] GC(386)   Pre Evacuate Collection Set: 0.40ms
[2330.085s][info][gc,phases      ] GC(386)   Merge Heap Roots: 0.61ms
[2330.085s][info][gc,phases      ] GC(386)   Evacuate Collection Set: 115.47ms
[2330.085s][info][gc,phases      ] GC(386)   Post Evacuate Collection Set: 0.93ms
[2330.085s][info][gc,phases      ] GC(386)   Other: 0.10ms
[2330.086s][info][gc,heap        ] GC(386) Eden regions: 1118->0(1120)
[2330.086s][info][gc,heap        ] GC(386) Survivor regions: 110->108(154)
[2330.086s][info][gc,heap        ] GC(386) Old regions: 473->505
[2330.086s][info][gc,heap        ] GC(386) Humongous regions: 80->80
[2330.086s][info][gc,metaspace   ] GC(386) Metaspace: 28957K(29312K)->28957K(29312K) NonClass: 24072K(24192K)->24072K(24192K) Class: 4884K(5120K)->4884K(5120K)
[2330.086s][info][gc             ] GC(386) Pause Young (Concurrent Start) (G1 Evacuation Pause) 3561M->1384M(4096M) 117.635ms
[2330.086s][info][gc             ] GC(387) Concurrent Mark Cycle
[2330.086s][info][gc,marking     ] GC(387) Concurrent Scan Root Regions
[2330.086s][info][gc,cpu         ] GC(386) User=0.70s Sys=0.00s Real=0.12s
[2330.242s][info][gc,marking     ] GC(387) Concurrent Scan Root Regions 155.987ms
[2330.242s][info][gc,marking     ] GC(387) Concurrent Mark
[2330.242s][info][gc,marking     ] GC(387) Concurrent Mark From Roots
[2330.242s][info][gc,task        ] GC(387) Using 2 workers of 2 for marking
.[2330.892s][info][gc,marking     ] GC(387) Concurrent Mark From Roots 649.993ms
[2330.892s][info][gc,marking     ] GC(387) Concurrent Preclean
[2330.892s][info][gc,marking     ] GC(387) Concurrent Preclean 0.069ms
[2330.892s][info][gc,start       ] GC(387) Pause Remark
[2330.896s][info][gc             ] GC(387) Pause Remark 1761M->1761M(4096M) 3.769ms
[2330.896s][info][gc,cpu         ] GC(387) User=0.02s Sys=0.00s Real=0.00s
[2330.896s][info][gc,marking     ] GC(387) Concurrent Mark 654.117ms
[2330.896s][info][gc,marking     ] GC(387) Concurrent Rebuild Remembered Sets and Scrub Regions
[2331.194s][info][gc,marking     ] GC(387) Concurrent Rebuild Remembered Sets and Scrub Regions 297.862ms
[2331.194s][info][gc,start       ] GC(387) Pause Cleanup
[2331.194s][info][gc             ] GC(387) Pause Cleanup 1942M->1942M(4096M) 0.121ms
[2331.194s][info][gc,cpu         ] GC(387) User=0.00s Sys=0.00s Real=0.00s
[2331.194s][info][gc,marking     ] GC(387) Concurrent Clear Claimed Marks
[2331.194s][info][gc,marking     ] GC(387) Concurrent Clear Claimed Marks 0.028ms
[2331.194s][info][gc,marking     ] GC(387) Concurrent Cleanup for Next Mark
[2331.198s][info][gc,marking     ] GC(387) Concurrent Cleanup for Next Mark 4.247ms
[2331.198s][info][gc             ] GC(387) Concurrent Mark Cycle 1112.670ms
..|..[2335.031s][info][gc,start       ] GC(388) Pause Young (Prepare Mixed) (G1 Evacuation Pause)
[2335.031s][info][gc,task        ] GC(388) Using 6 workers of 6 for evacuation
[2335.149s][info][gc,phases      ] GC(388)   Pre Evacuate Collection Set: 0.34ms
[2335.149s][info][gc,phases      ] GC(388)   Merge Heap Roots: 0.63ms
[2335.149s][info][gc,phases      ] GC(388)   Evacuate Collection Set: 115.74ms
[2335.149s][info][gc,phases      ] GC(388)   Post Evacuate Collection Set: 0.93ms
[2335.149s][info][gc,phases      ] GC(388)   Other: 0.10ms
[2335.149s][info][gc,heap        ] GC(388) Eden regions: 1120->0(1113)
[2335.149s][info][gc,heap        ] GC(388) Survivor regions: 108->108(154)
[2335.149s][info][gc,heap        ] GC(388) Old regions: 505->536
[2335.149s][info][gc,heap        ] GC(388) Humongous regions: 80->80
[2335.149s][info][gc,metaspace   ] GC(388) Metaspace: 28957K(29312K)->28957K(29312K) NonClass: 24072K(24192K)->24072K(24192K) Class: 4884K(5120K)->4884K(5120K)
[2335.149s][info][gc             ] GC(388) Pause Young (Prepare Mixed) (G1 Evacuation Pause) 3624M->1447M(4096M) 117.862ms
[2335.149s][info][gc,cpu         ] GC(388) User=0.70s Sys=0.00s Real=0.11s
.....[2340.095s][info][gc,start       ] GC(389) Pause Young (Mixed) (G1 Evacuation Pause)
[2340.095s][info][gc,task        ] GC(389) Using 6 workers of 6 for evacuation
[2340.233s][info][gc,phases      ] GC(389)   Pre Evacuate Collection Set: 0.40ms
[2340.233s][info][gc,phases      ] GC(389)   Merge Heap Roots: 0.89ms
[2340.233s][info][gc,phases      ] GC(389)   Evacuate Collection Set: 135.36ms
[2340.233s][info][gc,phases      ] GC(389)   Post Evacuate Collection Set: 0.85ms
[2340.233s][info][gc,phases      ] GC(389)   Other: 0.09ms
[2340.233s][info][gc,heap        ] GC(389) Eden regions: 1113->0(1118)
[2340.233s][info][gc,heap        ] GC(389) Survivor regions: 108->110(153)
[2340.233s][info][gc,heap        ] GC(389) Old regions: 536->472
[2340.233s][info][gc,heap        ] GC(389) Humongous regions: 80->80
[2340.233s][info][gc,metaspace   ] GC(389) Metaspace: 28957K(29312K)->28957K(29312K) NonClass: 24072K(24192K)->24072K(24192K) Class: 4884K(5120K)->4884K(5120K)
[2340.233s][info][gc             ] GC(389) Pause Young (Mixed) (G1 Evacuation Pause) 3673M->1323M(4096M) 137.719ms
[2340.233s][info][gc,cpu         ] GC(389) User=0.82s Sys=0.00s Real=0.14s
.....[2345.089s][info][gc,start       ] GC(390) Pause Young (Concurrent Start) (G1 Evacuation Pause)
[2345.089s][info][gc,task        ] GC(390) Using 6 workers of 6 for evacuation
[2345.205s][info][gc,phases      ] GC(390)   Pre Evacuate Collection Set: 0.42ms
[2345.205s][info][gc,phases      ] GC(390)   Merge Heap Roots: 0.51ms
[2345.205s][info][gc,phases      ] GC(390)   Evacuate Collection Set: 114.36ms
[2345.205s][info][gc,phases      ] GC(390)   Post Evacuate Collection Set: 0.91ms
[2345.205s][info][gc,phases      ] GC(390)   Other: 0.11ms
[2345.205s][info][gc,heap        ] GC(390) Eden regions: 1118->0(1120)
[2345.205s][info][gc,heap        ] GC(390) Survivor regions: 110->108(154)
[2345.205s][info][gc,heap        ] GC(390) Old regions: 472->504
[2345.205s][info][gc,heap        ] GC(390) Humongous regions: 80->80
[2345.205s][info][gc,metaspace   ] GC(390) Metaspace: 28957K(29312K)->28957K(29312K) NonClass: 24072K(24192K)->24072K(24192K) Class: 4884K(5120K)->4884K(5120K)
[2345.205s][info][gc             ] GC(390) Pause Young (Concurrent Start) (G1 Evacuation Pause) 3559M->1382M(4096M) 116.430ms
[2345.205s][info][gc             ] GC(391) Concurrent Mark Cycle
[2345.205s][info][gc,marking     ] GC(391) Concurrent Scan Root Regions
[2345.205s][info][gc,cpu         ] GC(390) User=0.69s Sys=0.00s Real=0.12s
[2345.348s][info][gc,marking     ] GC(391) Concurrent Scan Root Regions 143.466ms
[2345.349s][info][gc,marking     ] GC(391) Concurrent Mark
[2345.349s][info][gc,marking     ] GC(391) Concurrent Mark From Roots
[2345.349s][info][gc,task        ] GC(391) Using 2 workers of 2 for marking
.[2346.014s][info][gc,marking     ] GC(391) Concurrent Mark From Roots 665.474ms
[2346.014s][info][gc,marking     ] GC(391) Concurrent Preclean
[2346.014s][info][gc,marking     ] GC(391) Concurrent Preclean 0.049ms
[2346.015s][info][gc,start       ] GC(391) Pause Remark
[2346.018s][info][gc             ] GC(391) Pause Remark 1767M->1767M(4096M) 3.526ms
[2346.018s][info][gc,cpu         ] GC(391) User=0.02s Sys=0.00s Real=0.00s
[2346.019s][info][gc,marking     ] GC(391) Concurrent Mark 670.064ms
[2346.019s][info][gc,marking     ] GC(391) Concurrent Rebuild Remembered Sets and Scrub Regions
[2346.278s][info][gc,marking     ] GC(391) Concurrent Rebuild Remembered Sets and Scrub Regions 259.437ms
[2346.278s][info][gc,start       ] GC(391) Pause Cleanup
[2346.278s][info][gc             ] GC(391) Pause Cleanup 1891M->1891M(4096M) 0.140ms
[2346.278s][info][gc,cpu         ] GC(391) User=0.00s Sys=0.00s Real=0.00s
[2346.278s][info][gc,marking     ] GC(391) Concurrent Clear Claimed Marks
[2346.278s][info][gc,marking     ] GC(391) Concurrent Clear Claimed Marks 0.027ms
[2346.278s][info][gc,marking     ] GC(391) Concurrent Cleanup for Next Mark
[2346.282s][info][gc,marking     ] GC(391) Concurrent Cleanup for Next Mark 3.694ms
[2346.282s][info][gc             ] GC(391) Concurrent Mark Cycle 1077.187ms
....[2350.262s][info][gc,start       ] GC(392) Pause Young (Prepare Mixed) (G1 Evacuation Pause)
[2350.262s][info][gc,task        ] GC(392) Using 6 workers of 6 for evacuation
[2350.384s][info][gc,phases      ] GC(392)   Pre Evacuate Collection Set: 0.36ms
[2350.384s][info][gc,phases      ] GC(392)   Merge Heap Roots: 0.63ms
[2350.384s][info][gc,phases      ] GC(392)   Evacuate Collection Set: 119.93ms
[2350.384s][info][gc,phases      ] GC(392)   Post Evacuate Collection Set: 0.97ms
[2350.384s][info][gc,phases      ] GC(392)   Other: 0.09ms
[2350.384s][info][gc,heap        ] GC(392) Eden regions: 1120->0(1104)
[2350.384s][info][gc,heap        ] GC(392) Survivor regions: 108->112(154)
[2350.384s][info][gc,heap        ] GC(392) Old regions: 504->537
[2350.384s][info][gc,heap        ] GC(392) Humongous regions: 80->80
[2350.384s][info][gc,metaspace   ] GC(392) Metaspace: 28957K(29312K)->28957K(29312K) NonClass: 24072K(24192K)->24072K(24192K) Class: 4884K(5120K)->4884K(5120K)
[2350.384s][info][gc             ] GC(392) Pause Young (Prepare Mixed) (G1 Evacuation Pause) 3622M->1456M(4096M) 122.119ms
[2350.384s][info][gc,cpu         ] GC(392) User=0.72s Sys=0.00s Real=0.12s
.....[2355.225s][info][gc,start       ] GC(393) Pause Young (Mixed) (G1 Evacuation Pause)
[2355.225s][info][gc,task        ] GC(393) Using 6 workers of 6 for evacuation
[2355.357s][info][gc,phases      ] GC(393)   Pre Evacuate Collection Set: 0.40ms
[2355.357s][info][gc,phases      ] GC(393)   Merge Heap Roots: 0.89ms
[2355.357s][info][gc,phases      ] GC(393)   Evacuate Collection Set: 129.56ms
[2355.357s][info][gc,phases      ] GC(393)   Post Evacuate Collection Set: 0.95ms
[2355.357s][info][gc,phases      ] GC(393)   Other: 0.10ms
[2355.357s][info][gc,heap        ] GC(393) Eden regions: 1104->0(1119)
[2355.357s][info][gc,heap        ] GC(393) Survivor regions: 112->109(152)
[2355.357s][info][gc,heap        ] GC(393) Old regions: 537->474
[2355.357s][info][gc,heap        ] GC(393) Humongous regions: 80->80
[2355.357s][info][gc,metaspace   ] GC(393) Metaspace: 28957K(29312K)->28957K(29312K) NonClass: 24072K(24192K)->24072K(24192K) Class: 4884K(5120K)->4884K(5120K)
[2355.357s][info][gc             ] GC(393) Pause Young (Mixed) (G1 Evacuation Pause) 3664M->1324M(4096M) 132.026ms
[2355.357s][info][gc,cpu         ] GC(393) User=0.79s Sys=0.00s Real=0.13s
.....[2360.383s][info][gc,start       ] GC(394) Pause Young (Concurrent Start) (G1 Evacuation Pause)
[2360.383s][info][gc,task        ] GC(394) Using 6 workers of 6 for evacuation
[2360.501s][info][gc,phases      ] GC(394)   Pre Evacuate Collection Set: 0.43ms
[2360.501s][info][gc,phases      ] GC(394)   Merge Heap Roots: 0.60ms
[2360.501s][info][gc,phases      ] GC(394)   Evacuate Collection Set: 116.07ms
[2360.501s][info][gc,phases      ] GC(394)   Post Evacuate Collection Set: 0.89ms
[2360.501s][info][gc,phases      ] GC(394)   Other: 0.13ms
[2360.501s][info][gc,heap        ] GC(394) Eden regions: 1119->0(1119)
[2360.501s][info][gc,heap        ] GC(394) Survivor regions: 109->109(154)
[2360.501s][info][gc,heap        ] GC(394) Old regions: 474->508
[2360.501s][info][gc,heap        ] GC(394) Humongous regions: 80->80
[2360.501s][info][gc,metaspace   ] GC(394) Metaspace: 28957K(29312K)->28957K(29312K) NonClass: 24072K(24192K)->24072K(24192K) Class: 4884K(5120K)->4884K(5120K)
[2360.501s][info][gc             ] GC(394) Pause Young (Concurrent Start) (G1 Evacuation Pause) 3562M->1391M(4096M) 118.271ms
[2360.501s][info][gc             ] GC(395) Concurrent Mark Cycle
[2360.501s][info][gc,marking     ] GC(395) Concurrent Scan Root Regions
[2360.501s][info][gc,cpu         ] GC(394) User=0.71s Sys=0.00s Real=0.12s
[2360.652s][info][gc,marking     ] GC(395) Concurrent Scan Root Regions 150.917ms
[2360.652s][info][gc,marking     ] GC(395) Concurrent Mark
[2360.652s][info][gc,marking     ] GC(395) Concurrent Mark From Roots
[2360.652s][info][gc,task        ] GC(395) Using 2 workers of 2 for marking
.[2361.398s][info][gc,marking     ] GC(395) Concurrent Mark From Roots 746.300ms
[2361.398s][info][gc,marking     ] GC(395) Concurrent Preclean
[2361.398s][info][gc,marking     ] GC(395) Concurrent Preclean 0.055ms
[2361.400s][info][gc,start       ] GC(395) Pause Remark
[2361.404s][info][gc             ] GC(395) Pause Remark 1879M->1879M(4096M) 4.429ms
[2361.404s][info][gc,cpu         ] GC(395) User=0.02s Sys=0.00s Real=0.00s
[2361.404s][info][gc,marking     ] GC(395) Concurrent Mark 752.408ms
[2361.404s][info][gc,marking     ] GC(395) Concurrent Rebuild Remembered Sets and Scrub Regions
[2361.640s][info][gc,marking     ] GC(395) Concurrent Rebuild Remembered Sets and Scrub Regions 236.068ms
[2361.640s][info][gc,start       ] GC(395) Pause Cleanup
[2361.641s][info][gc             ] GC(395) Pause Cleanup 1991M->1991M(4096M) 0.135ms
[2361.641s][info][gc,cpu         ] GC(395) User=0.00s Sys=0.00s Real=0.00s
[2361.641s][info][gc,marking     ] GC(395) Concurrent Clear Claimed Marks
[2361.641s][info][gc,marking     ] GC(395) Concurrent Clear Claimed Marks 0.030ms
[2361.641s][info][gc,marking     ] GC(395) Concurrent Cleanup for Next Mark
[2361.644s][info][gc,marking     ] GC(395) Concurrent Cleanup for Next Mark 3.551ms
[2361.644s][info][gc             ] GC(395) Concurrent Mark Cycle 1143.411ms
....[2365.390s][info][gc,start       ] GC(396) Pause Young (Prepare Mixed) (G1 Evacuation Pause)
[2365.390s][info][gc,task        ] GC(396) Using 6 workers of 6 for evacuation
[2365.510s][info][gc,phases      ] GC(396)   Pre Evacuate Collection Set: 0.36ms
[2365.510s][info][gc,phases      ] GC(396)   Merge Heap Roots: 0.63ms
[2365.510s][info][gc,phases      ] GC(396)   Evacuate Collection Set: 117.58ms
[2365.510s][info][gc,phases      ] GC(396)   Post Evacuate Collection Set: 0.94ms
[2365.510s][info][gc,phases      ] GC(396)   Other: 0.09ms
[2365.510s][info][gc,heap        ] GC(396) Eden regions: 1119->0(1102)
[2365.510s][info][gc,heap        ] GC(396) Survivor regions: 109->112(154)
[2365.510s][info][gc,heap        ] GC(396) Old regions: 508->539
[2365.510s][info][gc,heap        ] GC(396) Humongous regions: 80->80
[2365.510s][info][gc,metaspace   ] GC(396) Metaspace: 28957K(29312K)->28957K(29312K) NonClass: 24072K(24192K)->24072K(24192K) Class: 4884K(5120K)->4884K(5120K)
[2365.510s][info][gc             ] GC(396) Pause Young (Prepare Mixed) (G1 Evacuation Pause) 3629M->1459M(4096M) 119.729ms
[2365.510s][info][gc,cpu         ] GC(396) User=0.72s Sys=0.00s Real=0.12s
.....[2370.412s][info][gc,start       ] GC(397) Pause Young (Mixed) (G1 Evacuation Pause)
[2370.412s][info][gc,task        ] GC(397) Using 6 workers of 6 for evacuation
[2370.544s][info][gc,phases      ] GC(397)   Pre Evacuate Collection Set: 0.39ms
[2370.544s][info][gc,phases      ] GC(397)   Merge Heap Roots: 0.73ms
[2370.544s][info][gc,phases      ] GC(397)   Evacuate Collection Set: 129.93ms
[2370.544s][info][gc,phases      ] GC(397)   Post Evacuate Collection Set: 0.95ms
[2370.544s][info][gc,phases      ] GC(397)   Other: 0.10ms
[2370.544s][info][gc,heap        ] GC(397) Eden regions: 1102->0(1120)
[2370.544s][info][gc,heap        ] GC(397) Survivor regions: 112->108(152)
[2370.544s][info][gc,heap        ] GC(397) Old regions: 539->472
[2370.544s][info][gc,heap        ] GC(397) Humongous regions: 80->80
[2370.544s][info][gc,metaspace   ] GC(397) Metaspace: 28957K(29312K)->28957K(29312K) NonClass: 24072K(24192K)->24072K(24192K) Class: 4884K(5120K)->4884K(5120K)
[2370.544s][info][gc             ] GC(397) Pause Young (Mixed) (G1 Evacuation Pause) 3663M->1318M(4096M) 132.248ms
[2370.545s][info][gc,cpu         ] GC(397) User=0.79s Sys=0.00s Real=0.13s
.....[2375.466s][info][gc,start       ] GC(398) Pause Young (Concurrent Start) (G1 Evacuation Pause)
[2375.467s][info][gc,task        ] GC(398) Using 6 workers of 6 for evacuation
[2375.583s][info][gc,phases      ] GC(398)   Pre Evacuate Collection Set: 0.48ms
[2375.583s][info][gc,phases      ] GC(398)   Merge Heap Roots: 0.59ms
[2375.583s][info][gc,phases      ] GC(398)   Evacuate Collection Set: 114.44ms
[2375.583s][info][gc,phases      ] GC(398)   Post Evacuate Collection Set: 0.89ms
[2375.583s][info][gc,phases      ] GC(398)   Other: 0.14ms
[2375.583s][info][gc,heap        ] GC(398) Eden regions: 1120->0(1120)
[2375.583s][info][gc,heap        ] GC(398) Survivor regions: 108->108(154)
[2375.583s][info][gc,heap        ] GC(398) Old regions: 472->503
[2375.583s][info][gc,heap        ] GC(398) Humongous regions: 80->80
[2375.583s][info][gc,metaspace   ] GC(398) Metaspace: 28957K(29312K)->28957K(29312K) NonClass: 24072K(24192K)->24072K(24192K) Class: 4884K(5120K)->4884K(5120K)
[2375.583s][info][gc             ] GC(398) Pause Young (Concurrent Start) (G1 Evacuation Pause) 3558M->1379M(4096M) 116.684ms
[2375.583s][info][gc             ] GC(399) Concurrent Mark Cycle
[2375.583s][info][gc,marking     ] GC(399) Concurrent Scan Root Regions
[2375.583s][info][gc,cpu         ] GC(398) User=0.70s Sys=0.00s Real=0.12s
.[2375.718s][info][gc,marking     ] GC(399) Concurrent Scan Root Regions 135.240ms
[2375.718s][info][gc,marking     ] GC(399) Concurrent Mark
[2375.718s][info][gc,marking     ] GC(399) Concurrent Mark From Roots
[2375.718s][info][gc,task        ] GC(399) Using 2 workers of 2 for marking
[2376.337s][info][gc,marking     ] GC(399) Concurrent Mark From Roots 618.847ms
[2376.337s][info][gc,marking     ] GC(399) Concurrent Preclean
[2376.337s][info][gc,marking     ] GC(399) Concurrent Preclean 0.040ms
[2376.338s][info][gc,start       ] GC(399) Pause Remark
[2376.342s][info][gc             ] GC(399) Pause Remark 1781M->1781M(4096M) 3.945ms
[2376.342s][info][gc,cpu         ] GC(399) User=0.02s Sys=0.00s Real=0.01s
[2376.343s][info][gc,marking     ] GC(399) Concurrent Mark 624.056ms
[2376.343s][info][gc,marking     ] GC(399) Concurrent Rebuild Remembered Sets and Scrub Regions
[2376.552s][info][gc,marking     ] GC(399) Concurrent Rebuild Remembered Sets and Scrub Regions 209.314ms
[2376.552s][info][gc,start       ] GC(399) Pause Cleanup
[2376.552s][info][gc             ] GC(399) Pause Cleanup 1889M->1889M(4096M) 0.138ms
[2376.552s][info][gc,cpu         ] GC(399) User=0.00s Sys=0.00s Real=0.00s
[2376.552s][info][gc,marking     ] GC(399) Concurrent Clear Claimed Marks
[2376.552s][info][gc,marking     ] GC(399) Concurrent Clear Claimed Marks 0.041ms
[2376.552s][info][gc,marking     ] GC(399) Concurrent Cleanup for Next Mark
[2376.556s][info][gc,marking     ] GC(399) Concurrent Cleanup for Next Mark 3.745ms
[2376.556s][info][gc             ] GC(399) Concurrent Mark Cycle 972.852ms
....[2380.530s][info][gc,start       ] GC(400) Pause Young (Prepare Mixed) (G1 Evacuation Pause)
[2380.530s][info][gc,task        ] GC(400) Using 6 workers of 6 for evacuation
[2380.647s][info][gc,phases      ] GC(400)   Pre Evacuate Collection Set: 0.37ms
[2380.647s][info][gc,phases      ] GC(400)   Merge Heap Roots: 0.68ms
[2380.647s][info][gc,phases      ] GC(400)   Evacuate Collection Set: 115.32ms
[2380.647s][info][gc,phases      ] GC(400)   Post Evacuate Collection Set: 0.93ms
[2380.647s][info][gc,phases      ] GC(400)   Other: 0.09ms
[2380.647s][info][gc,heap        ] GC(400) Eden regions: 1120->0(1114)
[2380.647s][info][gc,heap        ] GC(400) Survivor regions: 108->108(154)
[2380.647s][info][gc,heap        ] GC(400) Old regions: 503->535
[2380.647s][info][gc,heap        ] GC(400) Humongous regions: 80->80
[2380.647s][info][gc,metaspace   ] GC(400) Metaspace: 28957K(29312K)->28957K(29312K) NonClass: 24072K(24192K)->24072K(24192K) Class: 4884K(5120K)->4884K(5120K)
[2380.648s][info][gc             ] GC(400) Pause Young (Prepare Mixed) (G1 Evacuation Pause) 3619M->1444M(4096M) 117.541ms
[2380.648s][info][gc,cpu         ] GC(400) User=0.70s Sys=0.00s Real=0.11s
.....[2385.612s][info][gc,start       ] GC(401) Pause Young (Mixed) (G1 Evacuation Pause)
[2385.612s][info][gc,task        ] GC(401) Using 6 workers of 6 for evacuation
[2385.747s][info][gc,phases      ] GC(401)   Pre Evacuate Collection Set: 0.42ms
[2385.747s][info][gc,phases      ] GC(401)   Merge Heap Roots: 0.78ms
[2385.747s][info][gc,phases      ] GC(401)   Evacuate Collection Set: 132.60ms
[2385.747s][info][gc,phases      ] GC(401)   Post Evacuate Collection Set: 0.96ms
[2385.747s][info][gc,phases      ] GC(401)   Other: 0.10ms
[2385.747s][info][gc,heap        ] GC(401) Eden regions: 1114->0(1117)
[2385.747s][info][gc,heap        ] GC(401) Survivor regions: 108->111(153)
[2385.747s][info][gc,heap        ] GC(401) Old regions: 535->472
[2385.747s][info][gc,heap        ] GC(401) Humongous regions: 80->80
[2385.747s][info][gc,metaspace   ] GC(401) Metaspace: 28957K(29312K)->28957K(29312K) NonClass: 24072K(24192K)->24072K(24192K) Class: 4884K(5120K)->4884K(5120K)
[2385.747s][info][gc             ] GC(401) Pause Young (Mixed) (G1 Evacuation Pause) 3672M->1324M(4096M) 134.974ms
[2385.747s][info][gc,cpu         ] GC(401) User=0.80s Sys=0.00s Real=0.13s
.....[2390.629s][info][gc,start       ] GC(402) Pause Young (Concurrent Start) (G1 Evacuation Pause)
[2390.629s][info][gc,task        ] GC(402) Using 6 workers of 6 for evacuation
[2390.749s][info][gc,phases      ] GC(402)   Pre Evacuate Collection Set: 0.39ms
[2390.749s][info][gc,phases      ] GC(402)   Merge Heap Roots: 0.52ms
[2390.749s][info][gc,phases      ] GC(402)   Evacuate Collection Set: 118.12ms
[2390.749s][info][gc,phases      ] GC(402)   Post Evacuate Collection Set: 0.90ms
[2390.749s][info][gc,phases      ] GC(402)   Other: 0.11ms
[2390.749s][info][gc,heap        ] GC(402) Eden regions: 1117->0(1117)
[2390.749s][info][gc,heap        ] GC(402) Survivor regions: 111->111(154)
[2390.749s][info][gc,heap        ] GC(402) Old regions: 472->504
[2390.749s][info][gc,heap        ] GC(402) Humongous regions: 80->80
[2390.749s][info][gc,metaspace   ] GC(402) Metaspace: 28957K(29312K)->28957K(29312K) NonClass: 24072K(24192K)->24072K(24192K) Class: 4884K(5120K)->4884K(5120K)
[2390.749s][info][gc             ] GC(402) Pause Young (Concurrent Start) (G1 Evacuation Pause) 3558M->1389M(4096M) 120.180ms
[2390.749s][info][gc             ] GC(403) Concurrent Mark Cycle
[2390.749s][info][gc,marking     ] GC(403) Concurrent Scan Root Regions
[2390.749s][info][gc,cpu         ] GC(402) User=0.72s Sys=0.00s Real=0.13s
.[2390.868s][info][gc,marking     ] GC(403) Concurrent Scan Root Regions 118.499ms
[2390.868s][info][gc,marking     ] GC(403) Concurrent Mark
[2390.868s][info][gc,marking     ] GC(403) Concurrent Mark From Roots
[2390.868s][info][gc,task        ] GC(403) Using 2 workers of 2 for marking
[2391.562s][info][gc,marking     ] GC(403) Concurrent Mark From Roots 693.998ms
[2391.562s][info][gc,marking     ] GC(403) Concurrent Preclean
[2391.562s][info][gc,marking     ] GC(403) Concurrent Preclean 0.032ms
[2391.562s][info][gc,start       ] GC(403) Pause Remark
[2391.566s][info][gc             ] GC(403) Pause Remark 1802M->1802M(4096M) 4.248ms
[2391.566s][info][gc,cpu         ] GC(403) User=0.02s Sys=0.00s Real=0.00s
[2391.566s][info][gc,marking     ] GC(403) Concurrent Mark 698.518ms
[2391.566s][info][gc,marking     ] GC(403) Concurrent Rebuild Remembered Sets and Scrub Regions
.[2391.925s][info][gc,marking     ] GC(403) Concurrent Rebuild Remembered Sets and Scrub Regions 358.982ms
[2391.925s][info][gc,start       ] GC(403) Pause Cleanup
[2391.926s][info][gc             ] GC(403) Pause Cleanup 1941M->1941M(4096M) 0.127ms
[2391.926s][info][gc,cpu         ] GC(403) User=0.00s Sys=0.00s Real=0.00s
[2391.926s][info][gc,marking     ] GC(403) Concurrent Clear Claimed Marks
[2391.926s][info][gc,marking     ] GC(403) Concurrent Clear Claimed Marks 0.031ms
[2391.926s][info][gc,marking     ] GC(403) Concurrent Cleanup for Next Mark
[2391.929s][info][gc,marking     ] GC(403) Concurrent Cleanup for Next Mark 3.399ms
[2391.929s][info][gc             ] GC(403) Concurrent Mark Cycle 1179.890ms
. (rIR:aIR:PR = 3736:3735:3735) (tPR = 55531) [OK] 
  2392s: Performance info:
         Transaction,    Success,    Partial,     Failed,   Receipts, AvgBarcode, 
             Overall,     224445,          0,          0,     213236,      59.48, 
         Response times:
             Request,    Success,    Partial,     Failed,   SkipFail,     Probes,    Samples,      min,      p50,      p90,      p95,      p99,      max, 
       TotalPurchase,     213236,          0,          0,          0,     209330,     227857,      300,     3100,     5400,     7600,    30000,   167000,
     InStorePurchase,     112235,          0,          0,          0,     110559,     120276,      300,     2800,     5300,     7300,    29000,   140000,
      OnlinePurchase,      78555,          0,          0,          0,      77031,      83766,      300,     3400,     5600,     8000,    31000,   167000,
        InstPurchase,      22446,          0,          0,          0,      21740,      23815,      400,     3000,     5340,     7400,    29000,   139000,
          AssocOfCat,        224,          0,          0,          0,        172,        240,    24000,    33000,    46000,    56950,   164390,   177000,
      AssocOfProduct,       2249,          0,          0,          0,       2053,       2390,      500,     4000,     5900,     8100,    40000,   138000,
      BusinessReport,        559,          0,          0,          0,        471,        610,    23000,    37000,    54000,    65450,   109560,   179000,
          CustBuyBeh,       2242,          0,          0,          0,       2011,       2346,      200,     2000,     4200,     5165,    17012,   137000,
       ProductReturn,       5935,          0,          0,          0,       5581,       6317,      200,     3000,     5600,     7600,    30000,   141000,

  2392s: (28%)   IR =   3874 ..[2395.684s][info][gc,start       ] GC(404) Pause Young (Prepare Mixed) (G1 Evacuation Pause)
[2395.684s][info][gc,task        ] GC(404) Using 6 workers of 6 for evacuation
[2395.803s][info][gc,phases      ] GC(404)   Pre Evacuate Collection Set: 0.34ms
[2395.803s][info][gc,phases      ] GC(404)   Merge Heap Roots: 0.60ms
[2395.803s][info][gc,phases      ] GC(404)   Evacuate Collection Set: 117.06ms
[2395.803s][info][gc,phases      ] GC(404)   Post Evacuate Collection Set: 0.95ms
[2395.803s][info][gc,phases      ] GC(404)   Other: 0.09ms
[2395.803s][info][gc,heap        ] GC(404) Eden regions: 1117->0(1109)
[2395.803s][info][gc,heap        ] GC(404) Survivor regions: 111->110(154)
[2395.803s][info][gc,heap        ] GC(404) Old regions: 504->536
[2395.803s][info][gc,heap        ] GC(404) Humongous regions: 80->80
[2395.803s][info][gc,metaspace   ] GC(404) Metaspace: 28957K(29312K)->28957K(29312K) NonClass: 24072K(24192K)->24072K(24192K) Class: 4884K(5120K)->4884K(5120K)
[2395.803s][info][gc             ] GC(404) Pause Young (Prepare Mixed) (G1 Evacuation Pause) 3623M->1449M(4096M) 119.160ms
[2395.803s][info][gc,cpu         ] GC(404) User=0.71s Sys=0.00s Real=0.12s
....|.[2400.466s][info][gc,start       ] GC(405) Pause Young (Mixed) (G1 Evacuation Pause)
[2400.466s][info][gc,task        ] GC(405) Using 6 workers of 6 for evacuation
[2400.600s][info][gc,phases      ] GC(405)   Pre Evacuate Collection Set: 0.41ms
[2400.600s][info][gc,phases      ] GC(405)   Merge Heap Roots: 0.83ms
[2400.600s][info][gc,phases      ] GC(405)   Evacuate Collection Set: 131.42ms
[2400.600s][info][gc,phases      ] GC(405)   Post Evacuate Collection Set: 0.96ms
[2400.600s][info][gc,phases      ] GC(405)   Other: 0.09ms
[2400.600s][info][gc,heap        ] GC(405) Eden regions: 1109->0(1118)
[2400.600s][info][gc,heap        ] GC(405) Survivor regions: 110->110(153)
[2400.600s][info][gc,heap        ] GC(405) Old regions: 536->472
[2400.600s][info][gc,heap        ] GC(405) Humongous regions: 80->80
[2400.600s][info][gc,metaspace   ] GC(405) Metaspace: 28957K(29312K)->28957K(29312K) NonClass: 24072K(24192K)->24072K(24192K) Class: 4884K(5120K)->4884K(5120K)
[2400.600s][info][gc             ] GC(405) Pause Young (Mixed) (G1 Evacuation Pause) 3667M->1322M(4096M) 133.843ms
[2400.600s][info][gc,cpu         ] GC(405) User=0.80s Sys=0.00s Real=0.14s
.....[2405.359s][info][gc,start       ] GC(406) Pause Young (Concurrent Start) (G1 Evacuation Pause)
[2405.359s][info][gc,task        ] GC(406) Using 6 workers of 6 for evacuation
[2405.479s][info][gc,phases      ] GC(406)   Pre Evacuate Collection Set: 0.43ms
[2405.480s][info][gc,phases      ] GC(406)   Merge Heap Roots: 0.57ms
[2405.480s][info][gc,phases      ] GC(406)   Evacuate Collection Set: 118.25ms
[2405.480s][info][gc,phases      ] GC(406)   Post Evacuate Collection Set: 0.92ms
[2405.480s][info][gc,phases      ] GC(406)   Other: 0.12ms
[2405.480s][info][gc,heap        ] GC(406) Eden regions: 1118->0(1118)
[2405.480s][info][gc,heap        ] GC(406) Survivor regions: 110->110(154)
[2405.480s][info][gc,heap        ] GC(406) Old regions: 472->504
[2405.480s][info][gc,heap        ] GC(406) Humongous regions: 80->80
[2405.480s][info][gc,metaspace   ] GC(406) Metaspace: 28957K(29312K)->28957K(29312K) NonClass: 24072K(24192K)->24072K(24192K) Class: 4884K(5120K)->4884K(5120K)
[2405.480s][info][gc             ] GC(406) Pause Young (Concurrent Start) (G1 Evacuation Pause) 3558M->1387M(4096M) 120.437ms
[2405.480s][info][gc             ] GC(407) Concurrent Mark Cycle
[2405.480s][info][gc,marking     ] GC(407) Concurrent Scan Root Regions
[2405.480s][info][gc,cpu         ] GC(406) User=0.71s Sys=0.00s Real=0.13s
[2405.660s][info][gc,marking     ] GC(407) Concurrent Scan Root Regions 179.859ms
[2405.660s][info][gc,marking     ] GC(407) Concurrent Mark
[2405.660s][info][gc,marking     ] GC(407) Concurrent Mark From Roots
[2405.660s][info][gc,task        ] GC(407) Using 2 workers of 2 for marking
.[2406.590s][info][gc,marking     ] GC(407) Concurrent Mark From Roots 930.771ms
[2406.590s][info][gc,marking     ] GC(407) Concurrent Preclean
[2406.590s][info][gc,marking     ] GC(407) Concurrent Preclean 0.057ms
[2406.591s][info][gc,start       ] GC(407) Pause Remark
[2406.595s][info][gc             ] GC(407) Pause Remark 1955M->1955M(4096M) 4.805ms
[2406.595s][info][gc,cpu         ] GC(407) User=0.03s Sys=0.00s Real=0.00s
[2406.595s][info][gc,marking     ] GC(407) Concurrent Mark 935.874ms
[2406.595s][info][gc,marking     ] GC(407) Concurrent Rebuild Remembered Sets and Scrub Regions
.[2406.996s][info][gc,marking     ] GC(407) Concurrent Rebuild Remembered Sets and Scrub Regions 400.855ms
[2406.996s][info][gc,start       ] GC(407) Pause Cleanup
[2406.997s][info][gc             ] GC(407) Pause Cleanup 2116M->2116M(4096M) 0.127ms
[2406.997s][info][gc,cpu         ] GC(407) User=0.00s Sys=0.00s Real=0.00s
[2406.997s][info][gc,marking     ] GC(407) Concurrent Clear Claimed Marks
[2406.997s][info][gc,marking     ] GC(407) Concurrent Clear Claimed Marks 0.028ms
[2406.997s][info][gc,marking     ] GC(407) Concurrent Cleanup for Next Mark
[2407.002s][info][gc,marking     ] GC(407) Concurrent Cleanup for Next Mark 4.876ms
[2407.002s][info][gc             ] GC(407) Concurrent Mark Cycle 1521.973ms
...[2410.330s][info][gc,start       ] GC(408) Pause Young (Prepare Mixed) (G1 Evacuation Pause)
[2410.330s][info][gc,task        ] GC(408) Using 6 workers of 6 for evacuation
[2410.448s][info][gc,phases      ] GC(408)   Pre Evacuate Collection Set: 0.33ms
[2410.448s][info][gc,phases      ] GC(408)   Merge Heap Roots: 0.63ms
[2410.448s][info][gc,phases      ] GC(408)   Evacuate Collection Set: 116.30ms
[2410.448s][info][gc,phases      ] GC(408)   Post Evacuate Collection Set: 0.95ms
[2410.448s][info][gc,phases      ] GC(408)   Other: 0.09ms
[2410.448s][info][gc,heap        ] GC(408) Eden regions: 1118->0(1109)
[2410.448s][info][gc,heap        ] GC(408) Survivor regions: 110->110(154)
[2410.448s][info][gc,heap        ] GC(408) Old regions: 504->536
[2410.448s][info][gc,heap        ] GC(408) Humongous regions: 80->80
[2410.448s][info][gc,metaspace   ] GC(408) Metaspace: 28957K(29312K)->28957K(29312K) NonClass: 24072K(24192K)->24072K(24192K) Class: 4884K(5120K)->4884K(5120K)
[2410.448s][info][gc             ] GC(408) Pause Young (Prepare Mixed) (G1 Evacuation Pause) 3623M->1450M(4096M) 118.444ms
[2410.448s][info][gc,cpu         ] GC(408) User=0.70s Sys=0.00s Real=0.11s
.....[2415.173s][info][gc,start       ] GC(409) Pause Young (Mixed) (G1 Evacuation Pause)
[2415.173s][info][gc,task        ] GC(409) Using 6 workers of 6 for evacuation
[2415.304s][info][gc,phases      ] GC(409)   Pre Evacuate Collection Set: 0.37ms
[2415.305s][info][gc,phases      ] GC(409)   Merge Heap Roots: 0.82ms
[2415.305s][info][gc,phases      ] GC(409)   Evacuate Collection Set: 129.23ms
[2415.305s][info][gc,phases      ] GC(409)   Post Evacuate Collection Set: 0.97ms
[2415.305s][info][gc,phases      ] GC(409)   Other: 0.10ms
[2415.305s][info][gc,heap        ] GC(409) Eden regions: 1109->0(1120)
[2415.305s][info][gc,heap        ] GC(409) Survivor regions: 110->108(153)
[2415.305s][info][gc,heap        ] GC(409) Old regions: 536->471
[2415.305s][info][gc,heap        ] GC(409) Humongous regions: 80->80
[2415.305s][info][gc,metaspace   ] GC(409) Metaspace: 28957K(29312K)->28957K(29312K) NonClass: 24072K(24192K)->24072K(24192K) Class: 4884K(5120K)->4884K(5120K)
[2415.305s][info][gc             ] GC(409) Pause Young (Mixed) (G1 Evacuation Pause) 3668M->1317M(4096M) 131.606ms
[2415.305s][info][gc,cpu         ] GC(409) User=0.78s Sys=0.00s Real=0.13s
.....[2420.027s][info][gc,start       ] GC(410) Pause Young (Concurrent Start) (G1 Evacuation Pause)
[2420.027s][info][gc,task        ] GC(410) Using 6 workers of 6 for evacuation
[2420.142s][info][gc,phases      ] GC(410)   Pre Evacuate Collection Set: 0.40ms
[2420.142s][info][gc,phases      ] GC(410)   Merge Heap Roots: 0.51ms
[2420.142s][info][gc,phases      ] GC(410)   Evacuate Collection Set: 112.85ms
[2420.142s][info][gc,phases      ] GC(410)   Post Evacuate Collection Set: 0.89ms
[2420.142s][info][gc,phases      ] GC(410)   Other: 0.10ms
[2420.142s][info][gc,heap        ] GC(410) Eden regions: 1120->0(1120)
[2420.142s][info][gc,heap        ] GC(410) Survivor regions: 108->108(154)
[2420.142s][info][gc,heap        ] GC(410) Old regions: 471->504
[2420.142s][info][gc,heap        ] GC(410) Humongous regions: 80->80
[2420.142s][info][gc,metaspace   ] GC(410) Metaspace: 28957K(29312K)->28957K(29312K) NonClass: 24072K(24192K)->24072K(24192K) Class: 4884K(5120K)->4884K(5120K)
[2420.142s][info][gc             ] GC(410) Pause Young (Concurrent Start) (G1 Evacuation Pause) 3557M->1381M(4096M) 114.878ms
[2420.142s][info][gc             ] GC(411) Concurrent Mark Cycle
[2420.142s][info][gc,marking     ] GC(411) Concurrent Scan Root Regions
[2420.142s][info][gc,cpu         ] GC(410) User=0.68s Sys=0.00s Real=0.12s
[2420.272s][info][gc,marking     ] GC(411) Concurrent Scan Root Regions 129.926ms
[2420.272s][info][gc,marking     ] GC(411) Concurrent Mark
[2420.272s][info][gc,marking     ] GC(411) Concurrent Mark From Roots
[2420.272s][info][gc,task        ] GC(411) Using 2 workers of 2 for marking
.[2420.849s][info][gc,marking     ] GC(411) Concurrent Mark From Roots 577.586ms
[2420.849s][info][gc,marking     ] GC(411) Concurrent Preclean
[2420.849s][info][gc,marking     ] GC(411) Concurrent Preclean 0.037ms
[2420.850s][info][gc,start       ] GC(411) Pause Remark
[2420.853s][info][gc             ] GC(411) Pause Remark 1758M->1758M(4096M) 3.251ms
[2420.853s][info][gc,cpu         ] GC(411) User=0.02s Sys=0.00s Real=0.00s
[2420.853s][info][gc,marking     ] GC(411) Concurrent Mark 581.707ms
[2420.853s][info][gc,marking     ] GC(411) Concurrent Rebuild Remembered Sets and Scrub Regions
[2421.068s][info][gc,marking     ] GC(411) Concurrent Rebuild Remembered Sets and Scrub Regions 214.229ms
[2421.068s][info][gc,start       ] GC(411) Pause Cleanup
[2421.068s][info][gc             ] GC(411) Pause Cleanup 1859M->1859M(4096M) 0.136ms
[2421.068s][info][gc,cpu         ] GC(411) User=0.00s Sys=0.00s Real=0.00s
[2421.068s][info][gc,marking     ] GC(411) Concurrent Clear Claimed Marks
[2421.068s][info][gc,marking     ] GC(411) Concurrent Clear Claimed Marks 0.033ms
[2421.068s][info][gc,marking     ] GC(411) Concurrent Cleanup for Next Mark
[2421.073s][info][gc,marking     ] GC(411) Concurrent Cleanup for Next Mark 4.353ms
[2421.073s][info][gc             ] GC(411) Concurrent Mark Cycle 930.764ms
....[2424.931s][info][gc,start       ] GC(412) Pause Young (Prepare Mixed) (G1 Evacuation Pause)
[2424.931s][info][gc,task        ] GC(412) Using 6 workers of 6 for evacuation
[2425.049s][info][gc,phases      ] GC(412)   Pre Evacuate Collection Set: 0.33ms
[2425.049s][info][gc,phases      ] GC(412)   Merge Heap Roots: 0.56ms
[2425.049s][info][gc,phases      ] GC(412)   Evacuate Collection Set: 116.29ms
[2425.049s][info][gc,phases      ] GC(412)   Post Evacuate Collection Set: 0.99ms
[2425.049s][info][gc,phases      ] GC(412)   Other: 0.10ms
[2425.049s][info][gc,heap        ] GC(412) Eden regions: 1120->0(1107)
[2425.049s][info][gc,heap        ] GC(412) Survivor regions: 108->111(154)
[2425.049s][info][gc,heap        ] GC(412) Old regions: 504->536
[2425.049s][info][gc,heap        ] GC(412) Humongous regions: 80->80
[2425.049s][info][gc,metaspace   ] GC(412) Metaspace: 28957K(29312K)->28957K(29312K) NonClass: 24072K(24192K)->24072K(24192K) Class: 4884K(5120K)->4884K(5120K)
[2425.049s][info][gc             ] GC(412) Pause Young (Prepare Mixed) (G1 Evacuation Pause) 3621M->1451M(4096M) 118.399ms
[2425.049s][info][gc,cpu         ] GC(412) User=0.70s Sys=0.00s Real=0.12s
....[2429.733s][info][gc,start       ] GC(413) Pause Young (Mixed) (G1 Evacuation Pause)
[2429.733s][info][gc,task        ] GC(413) Using 6 workers of 6 for evacuation
[2429.869s][info][gc,phases      ] GC(413)   Pre Evacuate Collection Set: 0.40ms
[2429.869s][info][gc,phases      ] GC(413)   Merge Heap Roots: 0.81ms
[2429.869s][info][gc,phases      ] GC(413)   Evacuate Collection Set: 133.51ms
[2429.869s][info][gc,phases      ] GC(413)   Post Evacuate Collection Set: 1.00ms
[2429.869s][info][gc,phases      ] GC(413)   Other: 0.09ms
[2429.869s][info][gc,heap        ] GC(413) Eden regions: 1107->0(1119)
[2429.869s][info][gc,heap        ] GC(413) Survivor regions: 111->109(153)
[2429.869s][info][gc,heap        ] GC(413) Old regions: 536->473
[2429.869s][info][gc,heap        ] GC(413) Humongous regions: 80->80
[2429.869s][info][gc,metaspace   ] GC(413) Metaspace: 28957K(29312K)->28957K(29312K) NonClass: 24072K(24192K)->24072K(24192K) Class: 4884K(5120K)->4884K(5120K)
[2429.869s][info][gc             ] GC(413) Pause Young (Mixed) (G1 Evacuation Pause) 3665M->1321M(4096M) 135.953ms
[2429.869s][info][gc,cpu         ] GC(413) User=0.81s Sys=0.00s Real=0.13s
.....[2434.592s][info][gc,start       ] GC(414) Pause Young (Concurrent Start) (G1 Evacuation Pause)
[2434.592s][info][gc,task        ] GC(414) Using 6 workers of 6 for evacuation
[2434.709s][info][gc,phases      ] GC(414)   Pre Evacuate Collection Set: 0.39ms
[2434.709s][info][gc,phases      ] GC(414)   Merge Heap Roots: 0.61ms
[2434.709s][info][gc,phases      ] GC(414)   Evacuate Collection Set: 114.95ms
[2434.709s][info][gc,phases      ] GC(414)   Post Evacuate Collection Set: 0.91ms
[2434.709s][info][gc,phases      ] GC(414)   Other: 0.13ms
[2434.709s][info][gc,heap        ] GC(414) Eden regions: 1119->0(1119)
[2434.709s][info][gc,heap        ] GC(414) Survivor regions: 109->109(154)
[2434.709s][info][gc,heap        ] GC(414) Old regions: 473->505
[2434.709s][info][gc,heap        ] GC(414) Humongous regions: 80->80
[2434.709s][info][gc,metaspace   ] GC(414) Metaspace: 28957K(29312K)->28957K(29312K) NonClass: 24072K(24192K)->24072K(24192K) Class: 4884K(5120K)->4884K(5120K)
[2434.709s][info][gc             ] GC(414) Pause Young (Concurrent Start) (G1 Evacuation Pause) 3559M->1385M(4096M) 117.131ms
[2434.709s][info][gc             ] GC(415) Concurrent Mark Cycle
[2434.709s][info][gc,marking     ] GC(415) Concurrent Scan Root Regions
[2434.709s][info][gc,cpu         ] GC(414) User=0.70s Sys=0.00s Real=0.11s
[2434.843s][info][gc,marking     ] GC(415) Concurrent Scan Root Regions 133.841ms
[2434.843s][info][gc,marking     ] GC(415) Concurrent Mark
[2434.843s][info][gc,marking     ] GC(415) Concurrent Mark From Roots
[2434.843s][info][gc,task        ] GC(415) Using 2 workers of 2 for marking
.[2435.450s][info][gc,marking     ] GC(415) Concurrent Mark From Roots 607.566ms
[2435.450s][info][gc,marking     ] GC(415) Concurrent Preclean
[2435.450s][info][gc,marking     ] GC(415) Concurrent Preclean 0.041ms
[2435.450s][info][gc,start       ] GC(415) Pause Remark
[2435.454s][info][gc             ] GC(415) Pause Remark 1745M->1745M(4096M) 4.012ms
[2435.455s][info][gc,cpu         ] GC(415) User=0.02s Sys=0.00s Real=0.00s
[2435.455s][info][gc,marking     ] GC(415) Concurrent Mark 611.885ms
[2435.455s][info][gc,marking     ] GC(415) Concurrent Rebuild Remembered Sets and Scrub Regions
[2435.737s][info][gc,marking     ] GC(415) Concurrent Rebuild Remembered Sets and Scrub Regions 282.614ms
[2435.737s][info][gc,start       ] GC(415) Pause Cleanup
[2435.737s][info][gc             ] GC(415) Pause Cleanup 1857M->1857M(4096M) 0.129ms
[2435.738s][info][gc,cpu         ] GC(415) User=0.00s Sys=0.00s Real=0.00s
[2435.738s][info][gc,marking     ] GC(415) Concurrent Clear Claimed Marks
[2435.738s][info][gc,marking     ] GC(415) Concurrent Clear Claimed Marks 0.032ms
[2435.738s][info][gc,marking     ] GC(415) Concurrent Cleanup for Next Mark
[2435.741s][info][gc,marking     ] GC(415) Concurrent Cleanup for Next Mark 3.732ms
[2435.741s][info][gc             ] GC(415) Concurrent Mark Cycle 1032.564ms
....[2439.557s][info][gc,start       ] GC(416) Pause Young (Prepare Mixed) (G1 Evacuation Pause)
[2439.557s][info][gc,task        ] GC(416) Using 6 workers of 6 for evacuation
[2439.674s][info][gc,phases      ] GC(416)   Pre Evacuate Collection Set: 0.37ms
[2439.674s][info][gc,phases      ] GC(416)   Merge Heap Roots: 0.60ms
[2439.674s][info][gc,phases      ] GC(416)   Evacuate Collection Set: 115.14ms
[2439.674s][info][gc,phases      ] GC(416)   Post Evacuate Collection Set: 0.93ms
[2439.674s][info][gc,phases      ] GC(416)   Other: 0.09ms
[2439.674s][info][gc,heap        ] GC(416) Eden regions: 1119->0(1110)
[2439.674s][info][gc,heap        ] GC(416) Survivor regions: 109->109(154)
[2439.674s][info][gc,heap        ] GC(416) Old regions: 505->537
[2439.674s][info][gc,heap        ] GC(416) Humongous regions: 80->80
[2439.674s][info][gc,metaspace   ] GC(416) Metaspace: 28957K(29312K)->28957K(29312K) NonClass: 24072K(24192K)->24072K(24192K) Class: 4884K(5120K)->4884K(5120K)
[2439.674s][info][gc             ] GC(416) Pause Young (Prepare Mixed) (G1 Evacuation Pause) 3623M->1449M(4096M) 117.276ms
[2439.674s][info][gc,cpu         ] GC(416) User=0.70s Sys=0.00s Real=0.12s
.....[2444.424s][info][gc,start       ] GC(417) Pause Young (Mixed) (G1 Evacuation Pause)
[2444.424s][info][gc,task        ] GC(417) Using 6 workers of 6 for evacuation
[2444.558s][info][gc,phases      ] GC(417)   Pre Evacuate Collection Set: 0.38ms
[2444.558s][info][gc,phases      ] GC(417)   Merge Heap Roots: 0.87ms
[2444.558s][info][gc,phases      ] GC(417)   Evacuate Collection Set: 131.96ms
[2444.558s][info][gc,phases      ] GC(417)   Post Evacuate Collection Set: 0.96ms
[2444.558s][info][gc,phases      ] GC(417)   Other: 0.10ms
[2444.558s][info][gc,heap        ] GC(417) Eden regions: 1110->0(1118)
[2444.558s][info][gc,heap        ] GC(417) Survivor regions: 109->110(153)
[2444.558s][info][gc,heap        ] GC(417) Old regions: 537->473
[2444.558s][info][gc,heap        ] GC(417) Humongous regions: 80->80
[2444.558s][info][gc,metaspace   ] GC(417) Metaspace: 28957K(29312K)->28957K(29312K) NonClass: 24072K(24192K)->24072K(24192K) Class: 4884K(5120K)->4884K(5120K)
[2444.558s][info][gc             ] GC(417) Pause Young (Mixed) (G1 Evacuation Pause) 3669M->1324M(4096M) 134.419ms
[2444.558s][info][gc,cpu         ] GC(417) User=0.80s Sys=0.00s Real=0.13s
.....[2449.298s][info][gc,start       ] GC(418) Pause Young (Concurrent Start) (G1 Evacuation Pause)
[2449.298s][info][gc,task        ] GC(418) Using 6 workers of 6 for evacuation
[2449.416s][info][gc,phases      ] GC(418)   Pre Evacuate Collection Set: 0.41ms
[2449.416s][info][gc,phases      ] GC(418)   Merge Heap Roots: 0.56ms
[2449.416s][info][gc,phases      ] GC(418)   Evacuate Collection Set: 115.86ms
[2449.416s][info][gc,phases      ] GC(418)   Post Evacuate Collection Set: 0.92ms
[2449.416s][info][gc,phases      ] GC(418)   Other: 0.12ms
[2449.416s][info][gc,heap        ] GC(418) Eden regions: 1118->0(1120)
[2449.416s][info][gc,heap        ] GC(418) Survivor regions: 110->108(154)
[2449.416s][info][gc,heap        ] GC(418) Old regions: 473->505
[2449.416s][info][gc,heap        ] GC(418) Humongous regions: 80->80
[2449.416s][info][gc,metaspace   ] GC(418) Metaspace: 28957K(29312K)->28957K(29312K) NonClass: 24072K(24192K)->24072K(24192K) Class: 4884K(5120K)->4884K(5120K)
[2449.416s][info][gc             ] GC(418) Pause Young (Concurrent Start) (G1 Evacuation Pause) 3560M->1384M(4096M) 117.991ms
[2449.416s][info][gc             ] GC(419) Concurrent Mark Cycle
[2449.416s][info][gc,marking     ] GC(419) Concurrent Scan Root Regions
[2449.416s][info][gc,cpu         ] GC(418) User=0.70s Sys=0.00s Real=0.12s
[2449.561s][info][gc,marking     ] GC(419) Concurrent Scan Root Regions 144.175ms
[2449.561s][info][gc,marking     ] GC(419) Concurrent Mark
[2449.561s][info][gc,marking     ] GC(419) Concurrent Mark From Roots
[2449.561s][info][gc,task        ] GC(419) Using 2 workers of 2 for marking
.[2450.305s][info][gc,marking     ] GC(419) Concurrent Mark From Roots 743.966ms
[2450.305s][info][gc,marking     ] GC(419) Concurrent Preclean
[2450.305s][info][gc,marking     ] GC(419) Concurrent Preclean 0.036ms
[2450.305s][info][gc,start       ] GC(419) Pause Remark
[2450.309s][info][gc             ] GC(419) Pause Remark 1870M->1870M(4096M) 4.636ms
[2450.310s][info][gc,cpu         ] GC(419) User=0.02s Sys=0.00s Real=0.01s
[2450.310s][info][gc,marking     ] GC(419) Concurrent Mark 748.878ms
[2450.310s][info][gc,marking     ] GC(419) Concurrent Rebuild Remembered Sets and Scrub Regions
[2450.572s][info][gc,marking     ] GC(419) Concurrent Rebuild Remembered Sets and Scrub Regions 262.298ms
[2450.572s][info][gc,start       ] GC(419) Pause Cleanup
[2450.573s][info][gc             ] GC(419) Pause Cleanup 1990M->1990M(4096M) 0.130ms
[2450.573s][info][gc,cpu         ] GC(419) User=0.00s Sys=0.00s Real=0.00s
[2450.573s][info][gc,marking     ] GC(419) Concurrent Clear Claimed Marks
[2450.573s][info][gc,marking     ] GC(419) Concurrent Clear Claimed Marks 0.034ms
[2450.573s][info][gc,marking     ] GC(419) Concurrent Cleanup for Next Mark
[2450.577s][info][gc,marking     ] GC(419) Concurrent Cleanup for Next Mark 4.705ms
[2450.577s][info][gc             ] GC(419) Concurrent Mark Cycle 1160.904ms
....[2454.209s][info][gc,start       ] GC(420) Pause Young (Prepare Mixed) (G1 Evacuation Pause)
[2454.209s][info][gc,task        ] GC(420) Using 6 workers of 6 for evacuation
[2454.325s][info][gc,phases      ] GC(420)   Pre Evacuate Collection Set: 0.36ms
[2454.325s][info][gc,phases      ] GC(420)   Merge Heap Roots: 0.62ms
[2454.325s][info][gc,phases      ] GC(420)   Evacuate Collection Set: 114.20ms
[2454.325s][info][gc,phases      ] GC(420)   Post Evacuate Collection Set: 0.96ms
[2454.325s][info][gc,phases      ] GC(420)   Other: 0.09ms
[2454.325s][info][gc,heap        ] GC(420) Eden regions: 1120->0(1113)
[2454.325s][info][gc,heap        ] GC(420) Survivor regions: 108->108(154)
[2454.325s][info][gc,heap        ] GC(420) Old regions: 505->536
[2454.325s][info][gc,heap        ] GC(420) Humongous regions: 80->80
[2454.325s][info][gc,metaspace   ] GC(420) Metaspace: 28957K(29312K)->28957K(29312K) NonClass: 24072K(24192K)->24072K(24192K) Class: 4884K(5120K)->4884K(5120K)
[2454.325s][info][gc             ] GC(420) Pause Young (Prepare Mixed) (G1 Evacuation Pause) 3624M->1447M(4096M) 116.380ms
[2454.325s][info][gc,cpu         ] GC(420) User=0.69s Sys=0.00s Real=0.12s
..... (rIR:aIR:PR = 3874:3874:3874) (tPR = 58342) [OK] 
  2458s: Performance info:
         Transaction,    Success,    Partial,     Failed,   Receipts, AvgBarcode, 
             Overall,     232847,          0,          0,     221212,      59.47, 
         Response times:
             Request,    Success,    Partial,     Failed,   SkipFail,     Probes,    Samples,      min,      p50,      p90,      p95,      p99,      max, 
       TotalPurchase,     221212,          0,          0,          0,     216971,     240193,      300,     3300,     5700,     7900,    42000,   203000,
     InStorePurchase,     116387,          0,          0,          0,     114431,     126435,      300,     3300,     5700,     7900,    42000,   203000,
      OnlinePurchase,      81532,          0,          0,          0,      79940,      88381,      300,     3300,     5700,     7900,    42000,   165000,
        InstPurchase,      23293,          0,          0,          0,      22600,      25377,      400,     3100,     5500,     7600,    42220,   152000,
          AssocOfCat,        233,          0,          0,          0,        157,        229,    23000,    33000,    49000,    55500,   183700,   200000,
      AssocOfProduct,       2330,          0,          0,          0,       2119,       2498,      600,     2100,     3600,     5100,    18200,   122000,
      BusinessReport,        581,          0,          0,          0,        480,        618,    21000,    37000,    52000,    62100,   122240,   189000,
          CustBuyBeh,       2326,          0,          0,          0,       2101,       2500,      500,     3100,     5500,     7700,    51980,   125000,
       ProductReturn,       6165,          0,          0,          0,       5837,       6742,      200,     3400,     5700,     7800,    34140,   146000,

  2458s: (29%)   IR =   4013 [2459.086s][info][gc,start       ] GC(421) Pause Young (Mixed) (G1 Evacuation Pause)
[2459.086s][info][gc,task        ] GC(421) Using 6 workers of 6 for evacuation
[2459.220s][info][gc,phases      ] GC(421)   Pre Evacuate Collection Set: 0.40ms
[2459.220s][info][gc,phases      ] GC(421)   Merge Heap Roots: 0.77ms
[2459.220s][info][gc,phases      ] GC(421)   Evacuate Collection Set: 131.26ms
[2459.220s][info][gc,phases      ] GC(421)   Post Evacuate Collection Set: 1.00ms
[2459.220s][info][gc,phases      ] GC(421)   Other: 0.09ms
[2459.220s][info][gc,heap        ] GC(421) Eden regions: 1113->0(1120)
[2459.220s][info][gc,heap        ] GC(421) Survivor regions: 108->108(153)
[2459.220s][info][gc,heap        ] GC(421) Old regions: 536->473
[2459.220s][info][gc,heap        ] GC(421) Humongous regions: 80->80
[2459.220s][info][gc,metaspace   ] GC(421) Metaspace: 28957K(29312K)->28957K(29312K) NonClass: 24072K(24192K)->24072K(24192K) Class: 4884K(5120K)->4884K(5120K)
[2459.220s][info][gc             ] GC(421) Pause Young (Mixed) (G1 Evacuation Pause) 3673M->1321M(4096M) 133.652ms
[2459.220s][info][gc,cpu         ] GC(421) User=0.80s Sys=0.00s Real=0.14s
....[2463.823s][info][gc,start       ] GC(422) Pause Young (Concurrent Start) (G1 Evacuation Pause)
[2463.823s][info][gc,task        ] GC(422) Using 6 workers of 6 for evacuation
[2463.942s][info][gc,phases      ] GC(422)   Pre Evacuate Collection Set: 0.40ms
[2463.942s][info][gc,phases      ] GC(422)   Merge Heap Roots: 0.51ms
[2463.942s][info][gc,phases      ] GC(422)   Evacuate Collection Set: 116.56ms
[2463.942s][info][gc,phases      ] GC(422)   Post Evacuate Collection Set: 0.91ms
[2463.942s][info][gc,phases      ] GC(422)   Other: 0.12ms
[2463.942s][info][gc,heap        ] GC(422) Eden regions: 1120->0(1118)
[2463.942s][info][gc,heap        ] GC(422) Survivor regions: 108->110(154)
[2463.942s][info][gc,heap        ] GC(422) Old regions: 473->505
[2463.942s][info][gc,heap        ] GC(422) Humongous regions: 80->80
[2463.942s][info][gc,metaspace   ] GC(422) Metaspace: 28957K(29312K)->28957K(29312K) NonClass: 24072K(24192K)->24072K(24192K) Class: 4884K(5120K)->4884K(5120K)
[2463.942s][info][gc             ] GC(422) Pause Young (Concurrent Start) (G1 Evacuation Pause) 3561M->1388M(4096M) 118.649ms
[2463.942s][info][gc             ] GC(423) Concurrent Mark Cycle
[2463.942s][info][gc,marking     ] GC(423) Concurrent Scan Root Regions
[2463.942s][info][gc,cpu         ] GC(422) User=0.71s Sys=0.00s Real=0.12s
.[2464.082s][info][gc,marking     ] GC(423) Concurrent Scan Root Regions 139.792ms
[2464.082s][info][gc,marking     ] GC(423) Concurrent Mark
[2464.082s][info][gc,marking     ] GC(423) Concurrent Mark From Roots
[2464.082s][info][gc,task        ] GC(423) Using 2 workers of 2 for marking
[2464.677s][info][gc,marking     ] GC(423) Concurrent Mark From Roots 595.525ms
[2464.677s][info][gc,marking     ] GC(423) Concurrent Preclean
[2464.677s][info][gc,marking     ] GC(423) Concurrent Preclean 0.060ms
[2464.677s][info][gc,start       ] GC(423) Pause Remark
[2464.682s][info][gc             ] GC(423) Pause Remark 1746M->1746M(4096M) 4.080ms
[2464.682s][info][gc,cpu         ] GC(423) User=0.02s Sys=0.00s Real=0.01s
[2464.682s][info][gc,marking     ] GC(423) Concurrent Mark 599.912ms
[2464.682s][info][gc,marking     ] GC(423) Concurrent Rebuild Remembered Sets and Scrub Regions
[2464.910s][info][gc,marking     ] GC(423) Concurrent Rebuild Remembered Sets and Scrub Regions 228.131ms
[2464.910s][info][gc,start       ] GC(423) Pause Cleanup
[2464.910s][info][gc             ] GC(423) Pause Cleanup 1861M->1861M(4096M) 0.130ms
[2464.910s][info][gc,cpu         ] GC(423) User=0.00s Sys=0.00s Real=0.00s
[2464.910s][info][gc,marking     ] GC(423) Concurrent Clear Claimed Marks
[2464.910s][info][gc,marking     ] GC(423) Concurrent Clear Claimed Marks 0.027ms
[2464.910s][info][gc,marking     ] GC(423) Concurrent Cleanup for Next Mark
[2464.914s][info][gc,marking     ] GC(423) Concurrent Cleanup for Next Mark 3.385ms
[2464.914s][info][gc             ] GC(423) Concurrent Mark Cycle 971.679ms
...|.[2468.588s][info][gc,start       ] GC(424) Pause Young (Prepare Mixed) (G1 Evacuation Pause)
[2468.588s][info][gc,task        ] GC(424) Using 6 workers of 6 for evacuation
[2468.710s][info][gc,phases      ] GC(424)   Pre Evacuate Collection Set: 0.34ms
[2468.710s][info][gc,phases      ] GC(424)   Merge Heap Roots: 0.65ms
[2468.710s][info][gc,phases      ] GC(424)   Evacuate Collection Set: 120.52ms
[2468.710s][info][gc,phases      ] GC(424)   Post Evacuate Collection Set: 0.96ms
[2468.710s][info][gc,phases      ] GC(424)   Other: 0.10ms
[2468.710s][info][gc,heap        ] GC(424) Eden regions: 1118->0(1103)
[2468.710s][info][gc,heap        ] GC(424) Survivor regions: 110->113(154)
[2468.710s][info][gc,heap        ] GC(424) Old regions: 505->536
[2468.710s][info][gc,heap        ] GC(424) Humongous regions: 80->80
[2468.710s][info][gc,metaspace   ] GC(424) Metaspace: 28957K(29312K)->28957K(29312K) NonClass: 24072K(24192K)->24072K(24192K) Class: 4884K(5120K)->4884K(5120K)
[2468.710s][info][gc             ] GC(424) Pause Young (Prepare Mixed) (G1 Evacuation Pause) 3624M->1456M(4096M) 122.720ms
[2468.710s][info][gc,cpu         ] GC(424) User=0.73s Sys=0.00s Real=0.13s
.....[2473.232s][info][gc,start       ] GC(425) Pause Young (Mixed) (G1 Evacuation Pause)
[2473.232s][info][gc,task        ] GC(425) Using 6 workers of 6 for evacuation
[2473.364s][info][gc,phases      ] GC(425)   Pre Evacuate Collection Set: 0.42ms
[2473.364s][info][gc,phases      ] GC(425)   Merge Heap Roots: 0.80ms
[2473.364s][info][gc,phases      ] GC(425)   Evacuate Collection Set: 130.52ms
[2473.364s][info][gc,phases      ] GC(425)   Post Evacuate Collection Set: 0.97ms
[2473.364s][info][gc,phases      ] GC(425)   Other: 0.09ms
[2473.365s][info][gc,heap        ] GC(425) Eden regions: 1103->0(1118)
[2473.365s][info][gc,heap        ] GC(425) Survivor regions: 113->110(152)
[2473.365s][info][gc,heap        ] GC(425) Old regions: 536->472
[2473.365s][info][gc,heap        ] GC(425) Humongous regions: 80->80
[2473.365s][info][gc,metaspace   ] GC(425) Metaspace: 28957K(29312K)->28957K(29312K) NonClass: 24072K(24192K)->24072K(24192K) Class: 4884K(5120K)->4884K(5120K)
[2473.365s][info][gc             ] GC(425) Pause Young (Mixed) (G1 Evacuation Pause) 3662M->1323M(4096M) 132.939ms
[2473.365s][info][gc,cpu         ] GC(425) User=0.79s Sys=0.00s Real=0.13s
....[2477.933s][info][gc,start       ] GC(426) Pause Young (Concurrent Start) (G1 Evacuation Pause)
[2477.933s][info][gc,task        ] GC(426) Using 6 workers of 6 for evacuation
[2478.049s][info][gc,phases      ] GC(426)   Pre Evacuate Collection Set: 0.42ms
[2478.049s][info][gc,phases      ] GC(426)   Merge Heap Roots: 0.58ms
[2478.049s][info][gc,phases      ] GC(426)   Evacuate Collection Set: 114.01ms
[2478.049s][info][gc,phases      ] GC(426)   Post Evacuate Collection Set: 0.92ms
[2478.049s][info][gc,phases      ] GC(426)   Other: 0.13ms
[2478.049s][info][gc,heap        ] GC(426) Eden regions: 1118->0(1121)
[2478.049s][info][gc,heap        ] GC(426) Survivor regions: 110->107(154)
[2478.049s][info][gc,heap        ] GC(426) Old regions: 472->505
[2478.049s][info][gc,heap        ] GC(426) Humongous regions: 80->80
[2478.049s][info][gc,metaspace   ] GC(426) Metaspace: 28957K(29312K)->28957K(29312K) NonClass: 24072K(24192K)->24072K(24192K) Class: 4884K(5120K)->4884K(5120K)
[2478.049s][info][gc             ] GC(426) Pause Young (Concurrent Start) (G1 Evacuation Pause) 3559M->1381M(4096M) 116.177ms
[2478.049s][info][gc             ] GC(427) Concurrent Mark Cycle
[2478.049s][info][gc,marking     ] GC(427) Concurrent Scan Root Regions
[2478.049s][info][gc,cpu         ] GC(426) User=0.70s Sys=0.00s Real=0.11s
.[2478.184s][info][gc,marking     ] GC(427) Concurrent Scan Root Regions 135.209ms
[2478.184s][info][gc,marking     ] GC(427) Concurrent Mark
[2478.184s][info][gc,marking     ] GC(427) Concurrent Mark From Roots
[2478.184s][info][gc,task        ] GC(427) Using 2 workers of 2 for marking
[2478.798s][info][gc,marking     ] GC(427) Concurrent Mark From Roots 613.940ms
[2478.798s][info][gc,marking     ] GC(427) Concurrent Preclean
[2478.798s][info][gc,marking     ] GC(427) Concurrent Preclean 0.037ms
[2478.798s][info][gc,start       ] GC(427) Pause Remark
[2478.803s][info][gc             ] GC(427) Pause Remark 1760M->1760M(4096M) 4.098ms
[2478.803s][info][gc,cpu         ] GC(427) User=0.02s Sys=0.00s Real=0.01s
[2478.803s][info][gc,marking     ] GC(427) Concurrent Mark 618.354ms
[2478.803s][info][gc,marking     ] GC(427) Concurrent Rebuild Remembered Sets and Scrub Regions
[2479.040s][info][gc,marking     ] GC(427) Concurrent Rebuild Remembered Sets and Scrub Regions 237.346ms
[2479.040s][info][gc,start       ] GC(427) Pause Cleanup
[2479.040s][info][gc             ] GC(427) Pause Cleanup 1880M->1880M(4096M) 0.150ms
[2479.040s][info][gc,cpu         ] GC(427) User=0.00s Sys=0.00s Real=0.00s
[2479.040s][info][gc,marking     ] GC(427) Concurrent Clear Claimed Marks
[2479.040s][info][gc,marking     ] GC(427) Concurrent Clear Claimed Marks 0.038ms
[2479.040s][info][gc,marking     ] GC(427) Concurrent Cleanup for Next Mark
[2479.045s][info][gc,marking     ] GC(427) Concurrent Cleanup for Next Mark 4.236ms
[2479.045s][info][gc             ] GC(427) Concurrent Mark Cycle 995.721ms
....[2482.648s][info][gc,start       ] GC(428) Pause Young (Prepare Mixed) (G1 Evacuation Pause)
[2482.648s][info][gc,task        ] GC(428) Using 6 workers of 6 for evacuation
[2482.769s][info][gc,phases      ] GC(428)   Pre Evacuate Collection Set: 0.37ms
[2482.769s][info][gc,phases      ] GC(428)   Merge Heap Roots: 0.69ms
[2482.769s][info][gc,phases      ] GC(428)   Evacuate Collection Set: 118.40ms
[2482.769s][info][gc,phases      ] GC(428)   Post Evacuate Collection Set: 0.95ms
[2482.769s][info][gc,phases      ] GC(428)   Other: 0.10ms
[2482.769s][info][gc,heap        ] GC(428) Eden regions: 1121->0(1106)
[2482.769s][info][gc,heap        ] GC(428) Survivor regions: 107->111(154)
[2482.769s][info][gc,heap        ] GC(428) Old regions: 505->537
[2482.769s][info][gc,heap        ] GC(428) Humongous regions: 80->80
[2482.769s][info][gc,metaspace   ] GC(428) Metaspace: 28957K(29312K)->28957K(29312K) NonClass: 24072K(24192K)->24072K(24192K) Class: 4884K(5120K)->4884K(5120K)
[2482.769s][info][gc             ] GC(428) Pause Young (Prepare Mixed) (G1 Evacuation Pause) 3623M->1454M(4096M) 120.642ms
[2482.769s][info][gc,cpu         ] GC(428) User=0.72s Sys=0.00s Real=0.12s
.....[2487.330s][info][gc,start       ] GC(429) Pause Young (Mixed) (G1 Evacuation Pause)
[2487.330s][info][gc,task        ] GC(429) Using 6 workers of 6 for evacuation
[2487.465s][info][gc,phases      ] GC(429)   Pre Evacuate Collection Set: 0.41ms
[2487.465s][info][gc,phases      ] GC(429)   Merge Heap Roots: 0.82ms
[2487.465s][info][gc,phases      ] GC(429)   Evacuate Collection Set: 132.78ms
[2487.465s][info][gc,phases      ] GC(429)   Post Evacuate Collection Set: 0.96ms
[2487.465s][info][gc,phases      ] GC(429)   Other: 0.10ms
[2487.465s][info][gc,heap        ] GC(429) Eden regions: 1106->0(1118)
[2487.465s][info][gc,heap        ] GC(429) Survivor regions: 111->110(153)
[2487.465s][info][gc,heap        ] GC(429) Old regions: 537->472
[2487.465s][info][gc,heap        ] GC(429) Humongous regions: 80->80
[2487.465s][info][gc,metaspace   ] GC(429) Metaspace: 28957K(29312K)->28957K(29312K) NonClass: 24072K(24192K)->24072K(24192K) Class: 4884K(5120K)->4884K(5120K)
[2487.465s][info][gc             ] GC(429) Pause Young (Mixed) (G1 Evacuation Pause) 3666M->1322M(4096M) 135.204ms
[2487.465s][info][gc,cpu         ] GC(429) User=0.80s Sys=0.00s Real=0.13s
....[2492.127s][info][gc,start       ] GC(430) Pause Young (Concurrent Start) (G1 Evacuation Pause)
[2492.127s][info][gc,task        ] GC(430) Using 6 workers of 6 for evacuation
[2492.245s][info][gc,phases      ] GC(430)   Pre Evacuate Collection Set: 0.39ms
[2492.245s][info][gc,phases      ] GC(430)   Merge Heap Roots: 0.60ms
[2492.245s][info][gc,phases      ] GC(430)   Evacuate Collection Set: 115.36ms
[2492.245s][info][gc,phases      ] GC(430)   Post Evacuate Collection Set: 0.89ms
[2492.245s][info][gc,phases      ] GC(430)   Other: 0.11ms
[2492.245s][info][gc,heap        ] GC(430) Eden regions: 1118->0(1120)
[2492.245s][info][gc,heap        ] GC(430) Survivor regions: 110->108(154)
[2492.245s][info][gc,heap        ] GC(430) Old regions: 472->504
[2492.245s][info][gc,heap        ] GC(430) Humongous regions: 80->80
[2492.245s][info][gc,metaspace   ] GC(430) Metaspace: 28957K(29312K)->28957K(29312K) NonClass: 24072K(24192K)->24072K(24192K) Class: 4884K(5120K)->4884K(5120K)
[2492.245s][info][gc             ] GC(430) Pause Young (Concurrent Start) (G1 Evacuation Pause) 3558M->1381M(4096M) 117.481ms
[2492.245s][info][gc             ] GC(431) Concurrent Mark Cycle
[2492.245s][info][gc,marking     ] GC(431) Concurrent Scan Root Regions
[2492.245s][info][gc,cpu         ] GC(430) User=0.70s Sys=0.00s Real=0.12s
.[2492.379s][info][gc,marking     ] GC(431) Concurrent Scan Root Regions 134.248ms
[2492.379s][info][gc,marking     ] GC(431) Concurrent Mark
[2492.379s][info][gc,marking     ] GC(431) Concurrent Mark From Roots
[2492.379s][info][gc,task        ] GC(431) Using 2 workers of 2 for marking
[2493.032s][info][gc,marking     ] GC(431) Concurrent Mark From Roots 652.670ms
[2493.032s][info][gc,marking     ] GC(431) Concurrent Preclean
[2493.032s][info][gc,marking     ] GC(431) Concurrent Preclean 0.031ms
[2493.032s][info][gc,start       ] GC(431) Pause Remark
[2493.037s][info][gc             ] GC(431) Pause Remark 1878M->1878M(4096M) 4.565ms
[2493.037s][info][gc,cpu         ] GC(431) User=0.03s Sys=0.00s Real=0.00s
[2493.037s][info][gc,marking     ] GC(431) Concurrent Mark 657.515ms
[2493.037s][info][gc,marking     ] GC(431) Concurrent Rebuild Remembered Sets and Scrub Regions
.[2493.258s][info][gc,marking     ] GC(431) Concurrent Rebuild Remembered Sets and Scrub Regions 221.149ms
[2493.258s][info][gc,start       ] GC(431) Pause Cleanup
[2493.258s][info][gc             ] GC(431) Pause Cleanup 1971M->1971M(4096M) 0.145ms
[2493.258s][info][gc,cpu         ] GC(431) User=0.00s Sys=0.00s Real=0.00s
[2493.259s][info][gc,marking     ] GC(431) Concurrent Clear Claimed Marks
[2493.259s][info][gc,marking     ] GC(431) Concurrent Clear Claimed Marks 0.036ms
[2493.259s][info][gc,marking     ] GC(431) Concurrent Cleanup for Next Mark
[2493.264s][info][gc,marking     ] GC(431) Concurrent Cleanup for Next Mark 4.907ms
[2493.264s][info][gc             ] GC(431) Concurrent Mark Cycle 1019.076ms
...[2496.835s][info][gc,start       ] GC(432) Pause Young (Prepare Mixed) (G1 Evacuation Pause)
[2496.835s][info][gc,task        ] GC(432) Using 6 workers of 6 for evacuation
[2496.954s][info][gc,phases      ] GC(432)   Pre Evacuate Collection Set: 0.36ms
[2496.954s][info][gc,phases      ] GC(432)   Merge Heap Roots: 0.61ms
[2496.954s][info][gc,phases      ] GC(432)   Evacuate Collection Set: 116.71ms
[2496.954s][info][gc,phases      ] GC(432)   Post Evacuate Collection Set: 0.98ms
[2496.954s][info][gc,phases      ] GC(432)   Other: 0.09ms
[2496.954s][info][gc,heap        ] GC(432) Eden regions: 1120->0(1107)
[2496.954s][info][gc,heap        ] GC(432) Survivor regions: 108->111(154)
[2496.954s][info][gc,heap        ] GC(432) Old regions: 504->536
[2496.954s][info][gc,heap        ] GC(432) Humongous regions: 80->80
[2496.954s][info][gc,metaspace   ] GC(432) Metaspace: 28957K(29312K)->28957K(29312K) NonClass: 24072K(24192K)->24072K(24192K) Class: 4884K(5120K)->4884K(5120K)
[2496.954s][info][gc             ] GC(432) Pause Young (Prepare Mixed) (G1 Evacuation Pause) 3621M->1451M(4096M) 118.885ms
[2496.954s][info][gc,cpu         ] GC(432) User=0.71s Sys=0.00s Real=0.12s
.....[2501.494s][info][gc,start       ] GC(433) Pause Young (Mixed) (G1 Evacuation Pause)
[2501.494s][info][gc,task        ] GC(433) Using 6 workers of 6 for evacuation
[2501.631s][info][gc,phases      ] GC(433)   Pre Evacuate Collection Set: 0.41ms
[2501.631s][info][gc,phases      ] GC(433)   Merge Heap Roots: 0.90ms
[2501.631s][info][gc,phases      ] GC(433)   Evacuate Collection Set: 134.39ms
[2501.631s][info][gc,phases      ] GC(433)   Post Evacuate Collection Set: 0.96ms
[2501.631s][info][gc,phases      ] GC(433)   Other: 0.09ms
[2501.631s][info][gc,heap        ] GC(433) Eden regions: 1107->0(1117)
[2501.631s][info][gc,heap        ] GC(433) Survivor regions: 111->111(153)
[2501.631s][info][gc,heap        ] GC(433) Old regions: 536->473
[2501.631s][info][gc,heap        ] GC(433) Humongous regions: 80->80
[2501.631s][info][gc,metaspace   ] GC(433) Metaspace: 28957K(29312K)->28957K(29312K) NonClass: 24072K(24192K)->24072K(24192K) Class: 4884K(5120K)->4884K(5120K)
[2501.631s][info][gc             ] GC(433) Pause Young (Mixed) (G1 Evacuation Pause) 3665M->1327M(4096M) 136.878ms
[2501.631s][info][gc,cpu         ] GC(433) User=0.82s Sys=0.00s Real=0.14s
.....[2506.270s][info][gc,start       ] GC(434) Pause Young (Concurrent Start) (G1 Evacuation Pause)
[2506.270s][info][gc,task        ] GC(434) Using 6 workers of 6 for evacuation
[2506.387s][info][gc,phases      ] GC(434)   Pre Evacuate Collection Set: 0.42ms
[2506.387s][info][gc,phases      ] GC(434)   Merge Heap Roots: 0.59ms
[2506.387s][info][gc,phases      ] GC(434)   Evacuate Collection Set: 114.46ms
[2506.387s][info][gc,phases      ] GC(434)   Post Evacuate Collection Set: 0.89ms
[2506.387s][info][gc,phases      ] GC(434)   Other: 0.14ms
[2506.387s][info][gc,heap        ] GC(434) Eden regions: 1117->0(1119)
[2506.387s][info][gc,heap        ] GC(434) Survivor regions: 111->109(154)
[2506.387s][info][gc,heap        ] GC(434) Old regions: 473->505
[2506.387s][info][gc,heap        ] GC(434) Humongous regions: 80->80
[2506.387s][info][gc,metaspace   ] GC(434) Metaspace: 28957K(29312K)->28957K(29312K) NonClass: 24072K(24192K)->24072K(24192K) Class: 4884K(5120K)->4884K(5120K)
[2506.387s][info][gc             ] GC(434) Pause Young (Concurrent Start) (G1 Evacuation Pause) 3561M->1385M(4096M) 116.621ms
[2506.387s][info][gc             ] GC(435) Concurrent Mark Cycle
[2506.387s][info][gc,marking     ] GC(435) Concurrent Scan Root Regions
[2506.387s][info][gc,cpu         ] GC(434) User=0.69s Sys=0.00s Real=0.11s
[2506.523s][info][gc,marking     ] GC(435) Concurrent Scan Root Regions 136.069ms
[2506.523s][info][gc,marking     ] GC(435) Concurrent Mark
[2506.523s][info][gc,marking     ] GC(435) Concurrent Mark From Roots
[2506.523s][info][gc,task        ] GC(435) Using 2 workers of 2 for marking
[2507.156s][info][gc,marking     ] GC(435) Concurrent Mark From Roots 632.771ms
[2507.156s][info][gc,marking     ] GC(435) Concurrent Preclean
[2507.156s][info][gc,marking     ] GC(435) Concurrent Preclean 0.035ms
[2507.156s][info][gc,start       ] GC(435) Pause Remark
[2507.160s][info][gc             ] GC(435) Pause Remark 1816M->1816M(4096M) 3.951ms
[2507.160s][info][gc,cpu         ] GC(435) User=0.03s Sys=0.00s Real=0.01s
[2507.160s][info][gc,marking     ] GC(435) Concurrent Mark 637.003ms
[2507.160s][info][gc,marking     ] GC(435) Concurrent Rebuild Remembered Sets and Scrub Regions
.[2507.391s][info][gc,marking     ] GC(435) Concurrent Rebuild Remembered Sets and Scrub Regions 230.633ms
[2507.391s][info][gc,start       ] GC(435) Pause Cleanup
[2507.391s][info][gc             ] GC(435) Pause Cleanup 1938M->1938M(4096M) 0.131ms
[2507.391s][info][gc,cpu         ] GC(435) User=0.00s Sys=0.00s Real=0.00s
[2507.391s][info][gc,marking     ] GC(435) Concurrent Clear Claimed Marks
[2507.391s][info][gc,marking     ] GC(435) Concurrent Clear Claimed Marks 0.044ms
[2507.391s][info][gc,marking     ] GC(435) Concurrent Cleanup for Next Mark
[2507.395s][info][gc,marking     ] GC(435) Concurrent Cleanup for Next Mark 3.809ms
[2507.395s][info][gc             ] GC(435) Concurrent Mark Cycle 1008.314ms
...[2510.898s][info][gc,start       ] GC(436) Pause Young (Prepare Mixed) (G1 Evacuation Pause)
[2510.899s][info][gc,task        ] GC(436) Using 6 workers of 6 for evacuation
[2511.016s][info][gc,phases      ] GC(436)   Pre Evacuate Collection Set: 0.34ms
[2511.016s][info][gc,phases      ] GC(436)   Merge Heap Roots: 0.56ms
[2511.016s][info][gc,phases      ] GC(436)   Evacuate Collection Set: 115.91ms
[2511.016s][info][gc,phases      ] GC(436)   Post Evacuate Collection Set: 0.94ms
[2511.016s][info][gc,phases      ] GC(436)   Other: 0.09ms
[2511.016s][info][gc,heap        ] GC(436) Eden regions: 1119->0(1109)
[2511.016s][info][gc,heap        ] GC(436) Survivor regions: 109->110(154)
[2511.016s][info][gc,heap        ] GC(436) Old regions: 505->536
[2511.016s][info][gc,heap        ] GC(436) Humongous regions: 80->80
[2511.016s][info][gc,metaspace   ] GC(436) Metaspace: 28957K(29312K)->28957K(29312K) NonClass: 24072K(24192K)->24072K(24192K) Class: 4884K(5120K)->4884K(5120K)
[2511.016s][info][gc             ] GC(436) Pause Young (Prepare Mixed) (G1 Evacuation Pause) 3623M->1449M(4096M) 117.975ms
[2511.016s][info][gc,cpu         ] GC(436) User=0.71s Sys=0.00s Real=0.12s
.....[2515.566s][info][gc,start       ] GC(437) Pause Young (Mixed) (G1 Evacuation Pause)
[2515.566s][info][gc,task        ] GC(437) Using 6 workers of 6 for evacuation
[2515.704s][info][gc,phases      ] GC(437)   Pre Evacuate Collection Set: 0.38ms
[2515.704s][info][gc,phases      ] GC(437)   Merge Heap Roots: 0.78ms
[2515.704s][info][gc,phases      ] GC(437)   Evacuate Collection Set: 134.97ms
[2515.704s][info][gc,phases      ] GC(437)   Post Evacuate Collection Set: 0.95ms
[2515.704s][info][gc,phases      ] GC(437)   Other: 0.09ms
[2515.704s][info][gc,heap        ] GC(437) Eden regions: 1109->0(1115)
[2515.704s][info][gc,heap        ] GC(437) Survivor regions: 110->113(153)
[2515.704s][info][gc,heap        ] GC(437) Old regions: 536->473
[2515.704s][info][gc,heap        ] GC(437) Humongous regions: 80->80
[2515.704s][info][gc,metaspace   ] GC(437) Metaspace: 28957K(29312K)->28957K(29312K) NonClass: 24072K(24192K)->24072K(24192K) Class: 4884K(5120K)->4884K(5120K)
[2515.704s][info][gc             ] GC(437) Pause Young (Mixed) (G1 Evacuation Pause) 3667M->1330M(4096M) 137.301ms
[2515.704s][info][gc,cpu         ] GC(437) User=0.81s Sys=0.00s Real=0.14s
....[2520.250s][info][gc,start       ] GC(438) Pause Young (Concurrent Start) (G1 Evacuation Pause)
[2520.250s][info][gc,task        ] GC(438) Using 6 workers of 6 for evacuation
[2520.366s][info][gc,phases      ] GC(438)   Pre Evacuate Collection Set: 0.40ms
[2520.366s][info][gc,phases      ] GC(438)   Merge Heap Roots: 0.53ms
[2520.366s][info][gc,phases      ] GC(438)   Evacuate Collection Set: 114.30ms
[2520.366s][info][gc,phases      ] GC(438)   Post Evacuate Collection Set: 0.92ms
[2520.366s][info][gc,phases      ] GC(438)   Other: 0.11ms
[2520.366s][info][gc,heap        ] GC(438) Eden regions: 1115->0(1120)
[2520.366s][info][gc,heap        ] GC(438) Survivor regions: 113->108(154)
[2520.366s][info][gc,heap        ] GC(438) Old regions: 473->506
[2520.366s][info][gc,heap        ] GC(438) Humongous regions: 80->80
[2520.366s][info][gc,metaspace   ] GC(438) Metaspace: 28957K(29312K)->28957K(29312K) NonClass: 24072K(24192K)->24072K(24192K) Class: 4884K(5120K)->4884K(5120K)
[2520.366s][info][gc             ] GC(438) Pause Young (Concurrent Start) (G1 Evacuation Pause) 3560M->1385M(4096M) 116.401ms
[2520.366s][info][gc             ] GC(439) Concurrent Mark Cycle
[2520.366s][info][gc,marking     ] GC(439) Concurrent Scan Root Regions
[2520.366s][info][gc,cpu         ] GC(438) User=0.69s Sys=0.00s Real=0.11s
.[2520.540s][info][gc,marking     ] GC(439) Concurrent Scan Root Regions 173.948ms
[2520.540s][info][gc,marking     ] GC(439) Concurrent Mark
[2520.540s][info][gc,marking     ] GC(439) Concurrent Mark From Roots
[2520.540s][info][gc,task        ] GC(439) Using 2 workers of 2 for marking
.[2521.473s][info][gc,marking     ] GC(439) Concurrent Mark From Roots 933.070ms
[2521.473s][info][gc,marking     ] GC(439) Concurrent Preclean
[2521.474s][info][gc,marking     ] GC(439) Concurrent Preclean 0.049ms
[2521.474s][info][gc,start       ] GC(439) Pause Remark
[2521.479s][info][gc             ] GC(439) Pause Remark 1941M->1941M(4096M) 4.482ms
[2521.479s][info][gc,cpu         ] GC(439) User=0.03s Sys=0.00s Real=0.00s
[2521.479s][info][gc,marking     ] GC(439) Concurrent Mark 938.289ms
[2521.479s][info][gc,marking     ] GC(439) Concurrent Rebuild Remembered Sets and Scrub Regions
[2521.738s][info][gc,marking     ] GC(439) Concurrent Rebuild Remembered Sets and Scrub Regions 259.024ms
[2521.738s][info][gc,start       ] GC(439) Pause Cleanup
[2521.738s][info][gc             ] GC(439) Pause Cleanup 2033M->2033M(4096M) 0.124ms
[2521.738s][info][gc,cpu         ] GC(439) User=0.00s Sys=0.00s Real=0.00s
[2521.738s][info][gc,marking     ] GC(439) Concurrent Clear Claimed Marks
[2521.738s][info][gc,marking     ] GC(439) Concurrent Clear Claimed Marks 0.030ms
[2521.738s][info][gc,marking     ] GC(439) Concurrent Cleanup for Next Mark
[2521.741s][info][gc,marking     ] GC(439) Concurrent Cleanup for Next Mark 3.277ms
[2521.741s][info][gc             ] GC(439) Concurrent Mark Cycle 1375.022ms
...[2525.064s][info][gc,start       ] GC(440) Pause Young (Prepare Mixed) (G1 Evacuation Pause)
[2525.064s][info][gc,task        ] GC(440) Using 6 workers of 6 for evacuation
[2525.181s][info][gc,phases      ] GC(440)   Pre Evacuate Collection Set: 0.37ms
[2525.181s][info][gc,phases      ] GC(440)   Merge Heap Roots: 0.66ms
[2525.181s][info][gc,phases      ] GC(440)   Evacuate Collection Set: 114.88ms
[2525.181s][info][gc,phases      ] GC(440)   Post Evacuate Collection Set: 0.93ms
[2525.181s][info][gc,phases      ] GC(440)   Other: 0.09ms
[2525.181s][info][gc,heap        ] GC(440) Eden regions: 1120->0(1112)
[2525.181s][info][gc,heap        ] GC(440) Survivor regions: 108->108(154)
[2525.181s][info][gc,heap        ] GC(440) Old regions: 506->537
[2525.181s][info][gc,heap        ] GC(440) Humongous regions: 80->80
[2525.181s][info][gc,metaspace   ] GC(440) Metaspace: 28957K(29312K)->28957K(29312K) NonClass: 24072K(24192K)->24072K(24192K) Class: 4884K(5120K)->4884K(5120K)
[2525.181s][info][gc             ] GC(440) Pause Young (Prepare Mixed) (G1 Evacuation Pause) 3625M->1448M(4096M) 117.063ms
[2525.181s][info][gc,cpu         ] GC(440) User=0.70s Sys=0.00s Real=0.12s
... (rIR:aIR:PR = 4013:4013:4013) (tPR = 58920) [OK] 
  2527s: Performance info:
         Transaction,    Success,    Partial,     Failed,   Receipts, AvgBarcode, 
             Overall,     241963,          0,          0,     229884,      59.48, 
         Response times:
             Request,    Success,    Partial,     Failed,   SkipFail,     Probes,    Samples,      min,      p50,      p90,      p95,      p99,      max, 
       TotalPurchase,     229884,          0,          0,          0,     226269,     257621,      300,     3300,     5900,    10100,    49000,   266000,
     InStorePurchase,     121030,          0,          0,          0,     119287,     135564,      300,     3300,     5900,    10200,    50000,   264000,
      OnlinePurchase,      84650,          0,          0,          0,      83418,      94922,      300,     3200,     5800,     9900,    47000,   266000,
        InstPurchase,      24204,          0,          0,          0,      23564,      27135,      400,     3200,     5900,     9920,    52000,   174000,
          AssocOfCat,        240,          0,          0,          0,        179,        260,    22000,    33000,    57000,   105850,   194210,   245000,
      AssocOfProduct,       2411,          0,          0,          0,       2252,       2764,      900,     4900,     7700,    14900,    62000,   142000,
      BusinessReport,        600,          0,          0,          0,        504,        699,    27000,    38000,    60000,    84000,   152000,   188000,
          CustBuyBeh,       2410,          0,          0,          0,       2218,       2671,      200,     1900,     3900,     5940,    32000,   140000,
       ProductReturn,       6418,          0,          0,          0,       6034,       7165,      200,     4000,     6300,    10300,    53000,   228000,

  2527s: (30%)   IR =   4151 ..[2529.802s][info][gc,start       ] GC(441) Pause Young (Mixed) (G1 Evacuation Pause)
[2529.802s][info][gc,task        ] GC(441) Using 6 workers of 6 for evacuation
[2529.937s][info][gc,phases      ] GC(441)   Pre Evacuate Collection Set: 0.41ms
[2529.938s][info][gc,phases      ] GC(441)   Merge Heap Roots: 0.83ms
[2529.938s][info][gc,phases      ] GC(441)   Evacuate Collection Set: 133.04ms
[2529.938s][info][gc,phases      ] GC(441)   Post Evacuate Collection Set: 0.97ms
[2529.938s][info][gc,phases      ] GC(441)   Other: 0.09ms
[2529.938s][info][gc,heap        ] GC(441) Eden regions: 1112->0(1116)
[2529.938s][info][gc,heap        ] GC(441) Survivor regions: 108->112(153)
[2529.938s][info][gc,heap        ] GC(441) Old regions: 537->472
[2529.938s][info][gc,heap        ] GC(441) Humongous regions: 80->80
[2529.938s][info][gc,metaspace   ] GC(441) Metaspace: 28957K(29312K)->28957K(29312K) NonClass: 24072K(24192K)->24072K(24192K) Class: 4884K(5120K)->4884K(5120K)
[2529.938s][info][gc             ] GC(441) Pause Young (Mixed) (G1 Evacuation Pause) 3672M->1326M(4096M) 135.469ms
[2529.938s][info][gc,cpu         ] GC(441) User=0.81s Sys=0.00s Real=0.13s
..|..[2534.361s][info][gc,start       ] GC(442) Pause Young (Concurrent Start) (G1 Evacuation Pause)
[2534.361s][info][gc,task        ] GC(442) Using 6 workers of 6 for evacuation
[2534.479s][info][gc,phases      ] GC(442)   Pre Evacuate Collection Set: 0.45ms
[2534.479s][info][gc,phases      ] GC(442)   Merge Heap Roots: 0.64ms
[2534.479s][info][gc,phases      ] GC(442)   Evacuate Collection Set: 116.04ms
[2534.480s][info][gc,phases      ] GC(442)   Post Evacuate Collection Set: 0.88ms
[2534.480s][info][gc,phases      ] GC(442)   Other: 0.14ms
[2534.480s][info][gc,heap        ] GC(442) Eden regions: 1116->0(1118)
[2534.480s][info][gc,heap        ] GC(442) Survivor regions: 112->110(154)
[2534.480s][info][gc,heap        ] GC(442) Old regions: 472->505
[2534.480s][info][gc,heap        ] GC(442) Humongous regions: 80->80
[2534.480s][info][gc,metaspace   ] GC(442) Metaspace: 28957K(29312K)->28957K(29312K) NonClass: 24072K(24192K)->24072K(24192K) Class: 4884K(5120K)->4884K(5120K)
[2534.480s][info][gc             ] GC(442) Pause Young (Concurrent Start) (G1 Evacuation Pause) 3558M->1387M(4096M) 118.300ms
[2534.480s][info][gc             ] GC(443) Concurrent Mark Cycle
[2534.480s][info][gc,marking     ] GC(443) Concurrent Scan Root Regions
[2534.480s][info][gc,cpu         ] GC(442) User=0.70s Sys=0.00s Real=0.12s
.[2534.642s][info][gc,marking     ] GC(443) Concurrent Scan Root Regions 162.330ms
[2534.642s][info][gc,marking     ] GC(443) Concurrent Mark
[2534.642s][info][gc,marking     ] GC(443) Concurrent Mark From Roots
[2534.642s][info][gc,task        ] GC(443) Using 2 workers of 2 for marking
[2535.342s][info][gc,marking     ] GC(443) Concurrent Mark From Roots 700.290ms
[2535.342s][info][gc,marking     ] GC(443) Concurrent Preclean
[2535.342s][info][gc,marking     ] GC(443) Concurrent Preclean 0.049ms
[2535.342s][info][gc,start       ] GC(443) Pause Remark
[2535.347s][info][gc             ] GC(443) Pause Remark 1847M->1847M(4096M) 4.535ms
[2535.347s][info][gc,cpu         ] GC(443) User=0.02s Sys=0.00s Real=0.00s
[2535.347s][info][gc,marking     ] GC(443) Concurrent Mark 705.139ms
[2535.347s][info][gc,marking     ] GC(443) Concurrent Rebuild Remembered Sets and Scrub Regions
.[2535.604s][info][gc,marking     ] GC(443) Concurrent Rebuild Remembered Sets and Scrub Regions 256.567ms
[2535.604s][info][gc,start       ] GC(443) Pause Cleanup
[2535.604s][info][gc             ] GC(443) Pause Cleanup 1972M->1972M(4096M) 0.134ms
[2535.604s][info][gc,cpu         ] GC(443) User=0.00s Sys=0.00s Real=0.00s
[2535.604s][info][gc,marking     ] GC(443) Concurrent Clear Claimed Marks
[2535.604s][info][gc,marking     ] GC(443) Concurrent Clear Claimed Marks 0.040ms
[2535.604s][info][gc,marking     ] GC(443) Concurrent Cleanup for Next Mark
[2535.607s][info][gc,marking     ] GC(443) Concurrent Cleanup for Next Mark 3.237ms
[2535.607s][info][gc             ] GC(443) Concurrent Mark Cycle 1127.757ms
...[2538.964s][info][gc,start       ] GC(444) Pause Young (Prepare Mixed) (G1 Evacuation Pause)
[2538.964s][info][gc,task        ] GC(444) Using 6 workers of 6 for evacuation
[2539.081s][info][gc,phases      ] GC(444)   Pre Evacuate Collection Set: 0.35ms
[2539.081s][info][gc,phases      ] GC(444)   Merge Heap Roots: 0.60ms
[2539.081s][info][gc,phases      ] GC(444)   Evacuate Collection Set: 115.77ms
[2539.081s][info][gc,phases      ] GC(444)   Post Evacuate Collection Set: 0.92ms
[2539.081s][info][gc,phases      ] GC(444)   Other: 0.09ms
[2539.081s][info][gc,heap        ] GC(444) Eden regions: 1118->0(1112)
[2539.081s][info][gc,heap        ] GC(444) Survivor regions: 110->108(154)
[2539.081s][info][gc,heap        ] GC(444) Old regions: 505->537
[2539.081s][info][gc,heap        ] GC(444) Humongous regions: 80->80
[2539.081s][info][gc,metaspace   ] GC(444) Metaspace: 28957K(29312K)->28957K(29312K) NonClass: 24072K(24192K)->24072K(24192K) Class: 4884K(5120K)->4884K(5120K)
[2539.081s][info][gc             ] GC(444) Pause Young (Prepare Mixed) (G1 Evacuation Pause) 3623M->1449M(4096M) 117.860ms
[2539.081s][info][gc,cpu         ] GC(444) User=0.70s Sys=0.00s Real=0.12s
....[2543.429s][info][gc,start       ] GC(445) Pause Young (Mixed) (G1 Evacuation Pause)
[2543.429s][info][gc,task        ] GC(445) Using 6 workers of 6 for evacuation
[2543.563s][info][gc,phases      ] GC(445)   Pre Evacuate Collection Set: 0.43ms
[2543.563s][info][gc,phases      ] GC(445)   Merge Heap Roots: 0.95ms
[2543.563s][info][gc,phases      ] GC(445)   Evacuate Collection Set: 131.02ms
[2543.563s][info][gc,phases      ] GC(445)   Post Evacuate Collection Set: 0.99ms
[2543.563s][info][gc,phases      ] GC(445)   Other: 0.09ms
[2543.563s][info][gc,heap        ] GC(445) Eden regions: 1112->0(1119)
[2543.563s][info][gc,heap        ] GC(445) Survivor regions: 108->109(153)
[2543.563s][info][gc,heap        ] GC(445) Old regions: 537->473
[2543.563s][info][gc,heap        ] GC(445) Humongous regions: 80->80
[2543.563s][info][gc,metaspace   ] GC(445) Metaspace: 28957K(29312K)->28957K(29312K) NonClass: 24072K(24192K)->24072K(24192K) Class: 4884K(5120K)->4884K(5120K)
[2543.563s][info][gc             ] GC(445) Pause Young (Mixed) (G1 Evacuation Pause) 3673M->1322M(4096M) 133.608ms
[2543.563s][info][gc,cpu         ] GC(445) User=0.79s Sys=0.00s Real=0.14s
.....[2548.043s][info][gc,start       ] GC(446) Pause Young (Concurrent Start) (G1 Evacuation Pause)
[2548.043s][info][gc,task        ] GC(446) Using 6 workers of 6 for evacuation
[2548.161s][info][gc,phases      ] GC(446)   Pre Evacuate Collection Set: 0.39ms
[2548.162s][info][gc,phases      ] GC(446)   Merge Heap Roots: 0.55ms
[2548.162s][info][gc,phases      ] GC(446)   Evacuate Collection Set: 116.99ms
[2548.162s][info][gc,phases      ] GC(446)   Post Evacuate Collection Set: 0.91ms
[2548.162s][info][gc,phases      ] GC(446)   Other: 0.10ms
[2548.162s][info][gc,heap        ] GC(446) Eden regions: 1119->0(1119)
[2548.162s][info][gc,heap        ] GC(446) Survivor regions: 109->109(154)
[2548.162s][info][gc,heap        ] GC(446) Old regions: 473->506
[2548.162s][info][gc,heap        ] GC(446) Humongous regions: 80->80
[2548.162s][info][gc,metaspace   ] GC(446) Metaspace: 28957K(29312K)->28957K(29312K) NonClass: 24072K(24192K)->24072K(24192K) Class: 4884K(5120K)->4884K(5120K)
[2548.162s][info][gc             ] GC(446) Pause Young (Concurrent Start) (G1 Evacuation Pause) 3560M->1388M(4096M) 119.096ms
[2548.162s][info][gc             ] GC(447) Concurrent Mark Cycle
[2548.162s][info][gc,marking     ] GC(447) Concurrent Scan Root Regions
[2548.162s][info][gc,cpu         ] GC(446) User=0.71s Sys=0.00s Real=0.12s
[2548.336s][info][gc,marking     ] GC(447) Concurrent Scan Root Regions 174.276ms
[2548.336s][info][gc,marking     ] GC(447) Concurrent Mark
[2548.336s][info][gc,marking     ] GC(447) Concurrent Mark From Roots
[2548.336s][info][gc,task        ] GC(447) Using 2 workers of 2 for marking
.[2549.057s][info][gc,marking     ] GC(447) Concurrent Mark From Roots 720.978ms
[2549.057s][info][gc,marking     ] GC(447) Concurrent Preclean
[2549.057s][info][gc,marking     ] GC(447) Concurrent Preclean 0.042ms
[2549.057s][info][gc,start       ] GC(447) Pause Remark
[2549.062s][info][gc             ] GC(447) Pause Remark 1886M->1886M(4096M) 4.423ms
[2549.062s][info][gc,cpu         ] GC(447) User=0.02s Sys=0.00s Real=0.01s
[2549.062s][info][gc,marking     ] GC(447) Concurrent Mark 726.286ms
[2549.062s][info][gc,marking     ] GC(447) Concurrent Rebuild Remembered Sets and Scrub Regions
[2549.341s][info][gc,marking     ] GC(447) Concurrent Rebuild Remembered Sets and Scrub Regions 278.299ms
[2549.341s][info][gc,start       ] GC(447) Pause Cleanup
[2549.341s][info][gc             ] GC(447) Pause Cleanup 2038M->2038M(4096M) 0.144ms
[2549.342s][info][gc,cpu         ] GC(447) User=0.00s Sys=0.00s Real=0.00s
[2549.342s][info][gc,marking     ] GC(447) Concurrent Clear Claimed Marks
[2549.342s][info][gc,marking     ] GC(447) Concurrent Clear Claimed Marks 0.035ms
[2549.342s][info][gc,marking     ] GC(447) Concurrent Cleanup for Next Mark
[2549.346s][info][gc,marking     ] GC(447) Concurrent Cleanup for Next Mark 4.428ms
[2549.346s][info][gc             ] GC(447) Concurrent Mark Cycle 1184.461ms
....[2552.612s][info][gc,start       ] GC(448) Pause Young (Prepare Mixed) (G1 Evacuation Pause)
[2552.612s][info][gc,task        ] GC(448) Using 6 workers of 6 for evacuation
[2552.729s][info][gc,phases      ] GC(448)   Pre Evacuate Collection Set: 0.33ms
[2552.729s][info][gc,phases      ] GC(448)   Merge Heap Roots: 0.67ms
[2552.729s][info][gc,phases      ] GC(448)   Evacuate Collection Set: 115.66ms
[2552.729s][info][gc,phases      ] GC(448)   Post Evacuate Collection Set: 0.93ms
[2552.729s][info][gc,phases      ] GC(448)   Other: 0.08ms
[2552.729s][info][gc,heap        ] GC(448) Eden regions: 1119->0(1109)
[2552.729s][info][gc,heap        ] GC(448) Survivor regions: 109->110(154)
[2552.729s][info][gc,heap        ] GC(448) Old regions: 506->536
[2552.729s][info][gc,heap        ] GC(448) Humongous regions: 80->80
[2552.729s][info][gc,metaspace   ] GC(448) Metaspace: 28957K(29312K)->28957K(29312K) NonClass: 24072K(24192K)->24072K(24192K) Class: 4884K(5120K)->4884K(5120K)
[2552.729s][info][gc             ] GC(448) Pause Young (Prepare Mixed) (G1 Evacuation Pause) 3626M->1450M(4096M) 117.834ms
[2552.729s][info][gc,cpu         ] GC(448) User=0.70s Sys=0.00s Real=0.12s
....[2557.245s][info][gc,start       ] GC(449) Pause Young (Mixed) (G1 Evacuation Pause)
[2557.245s][info][gc,task        ] GC(449) Using 6 workers of 6 for evacuation
[2557.380s][info][gc,phases      ] GC(449)   Pre Evacuate Collection Set: 0.38ms
[2557.380s][info][gc,phases      ] GC(449)   Merge Heap Roots: 0.89ms
[2557.380s][info][gc,phases      ] GC(449)   Evacuate Collection Set: 132.39ms
[2557.380s][info][gc,phases      ] GC(449)   Post Evacuate Collection Set: 0.97ms
[2557.380s][info][gc,phases      ] GC(449)   Other: 0.10ms
[2557.380s][info][gc,heap        ] GC(449) Eden regions: 1109->0(1119)
[2557.380s][info][gc,heap        ] GC(449) Survivor regions: 110->109(153)
[2557.380s][info][gc,heap        ] GC(449) Old regions: 536->473
[2557.380s][info][gc,heap        ] GC(449) Humongous regions: 80->80
[2557.380s][info][gc,metaspace   ] GC(449) Metaspace: 28957K(29312K)->28957K(29312K) NonClass: 24072K(24192K)->24072K(24192K) Class: 4884K(5120K)->4884K(5120K)
[2557.380s][info][gc             ] GC(449) Pause Young (Mixed) (G1 Evacuation Pause) 3668M->1322M(4096M) 134.872ms
[2557.380s][info][gc,cpu         ] GC(449) User=0.81s Sys=0.00s Real=0.14s
.....[2561.748s][info][gc,start       ] GC(450) Pause Young (Concurrent Start) (G1 Evacuation Pause)
[2561.748s][info][gc,task        ] GC(450) Using 6 workers of 6 for evacuation
[2561.868s][info][gc,phases      ] GC(450)   Pre Evacuate Collection Set: 0.43ms
[2561.868s][info][gc,phases      ] GC(450)   Merge Heap Roots: 0.61ms
[2561.868s][info][gc,phases      ] GC(450)   Evacuate Collection Set: 117.22ms
[2561.868s][info][gc,phases      ] GC(450)   Post Evacuate Collection Set: 0.93ms
[2561.868s][info][gc,phases      ] GC(450)   Other: 0.13ms
[2561.868s][info][gc,heap        ] GC(450) Eden regions: 1119->0(1118)
[2561.868s][info][gc,heap        ] GC(450) Survivor regions: 109->110(154)
[2561.868s][info][gc,heap        ] GC(450) Old regions: 473->505
[2561.868s][info][gc,heap        ] GC(450) Humongous regions: 80->80
[2561.868s][info][gc,metaspace   ] GC(450) Metaspace: 28957K(29312K)->28957K(29312K) NonClass: 24072K(24192K)->24072K(24192K) Class: 4884K(5120K)->4884K(5120K)
[2561.868s][info][gc             ] GC(450) Pause Young (Concurrent Start) (G1 Evacuation Pause) 3560M->1389M(4096M) 119.472ms
[2561.868s][info][gc             ] GC(451) Concurrent Mark Cycle
[2561.868s][info][gc,marking     ] GC(451) Concurrent Scan Root Regions
[2561.868s][info][gc,cpu         ] GC(450) User=0.70s Sys=0.00s Real=0.12s
[2562.027s][info][gc,marking     ] GC(451) Concurrent Scan Root Regions 158.994ms
[2562.027s][info][gc,marking     ] GC(451) Concurrent Mark
[2562.027s][info][gc,marking     ] GC(451) Concurrent Mark From Roots
[2562.027s][info][gc,task        ] GC(451) Using 2 workers of 2 for marking
.[2562.784s][info][gc,marking     ] GC(451) Concurrent Mark From Roots 757.630ms
[2562.784s][info][gc,marking     ] GC(451) Concurrent Preclean
[2562.784s][info][gc,marking     ] GC(451) Concurrent Preclean 0.042ms
[2562.784s][info][gc,start       ] GC(451) Pause Remark
[2562.789s][info][gc             ] GC(451) Pause Remark 1893M->1893M(4096M) 4.346ms
[2562.789s][info][gc,cpu         ] GC(451) User=0.03s Sys=0.00s Real=0.00s
[2562.789s][info][gc,marking     ] GC(451) Concurrent Mark 762.259ms
[2562.789s][info][gc,marking     ] GC(451) Concurrent Rebuild Remembered Sets and Scrub Regions
[2563.045s][info][gc,marking     ] GC(451) Concurrent Rebuild Remembered Sets and Scrub Regions 255.683ms
[2563.045s][info][gc,start       ] GC(451) Pause Cleanup
[2563.045s][info][gc             ] GC(451) Pause Cleanup 2025M->2025M(4096M) 0.125ms
[2563.045s][info][gc,cpu         ] GC(451) User=0.00s Sys=0.00s Real=0.00s
[2563.045s][info][gc,marking     ] GC(451) Concurrent Clear Claimed Marks
[2563.045s][info][gc,marking     ] GC(451) Concurrent Clear Claimed Marks 0.032ms
[2563.045s][info][gc,marking     ] GC(451) Concurrent Cleanup for Next Mark
[2563.048s][info][gc,marking     ] GC(451) Concurrent Cleanup for Next Mark 3.171ms
[2563.048s][info][gc             ] GC(451) Concurrent Mark Cycle 1180.585ms
...[2566.309s][info][gc,start       ] GC(452) Pause Young (Prepare Mixed) (G1 Evacuation Pause)
[2566.309s][info][gc,task        ] GC(452) Using 6 workers of 6 for evacuation
[2566.427s][info][gc,phases      ] GC(452)   Pre Evacuate Collection Set: 0.34ms
[2566.427s][info][gc,phases      ] GC(452)   Merge Heap Roots: 0.66ms
[2566.427s][info][gc,phases      ] GC(452)   Evacuate Collection Set: 115.75ms
[2566.427s][info][gc,phases      ] GC(452)   Post Evacuate Collection Set: 0.96ms
[2566.427s][info][gc,phases      ] GC(452)   Other: 0.09ms
[2566.427s][info][gc,heap        ] GC(452) Eden regions: 1118->0(1110)
[2566.427s][info][gc,heap        ] GC(452) Survivor regions: 110->109(154)
[2566.427s][info][gc,heap        ] GC(452) Old regions: 505->537
[2566.427s][info][gc,heap        ] GC(452) Humongous regions: 80->80
[2566.427s][info][gc,metaspace   ] GC(452) Metaspace: 28957K(29312K)->28957K(29312K) NonClass: 24072K(24192K)->24072K(24192K) Class: 4884K(5120K)->4884K(5120K)
[2566.427s][info][gc             ] GC(452) Pause Young (Prepare Mixed) (G1 Evacuation Pause) 3625M->1449M(4096M) 117.927ms
[2566.427s][info][gc,cpu         ] GC(452) User=0.70s Sys=0.00s Real=0.12s
.....[2570.766s][info][gc,start       ] GC(453) Pause Young (Mixed) (G1 Evacuation Pause)
[2570.766s][info][gc,task        ] GC(453) Using 6 workers of 6 for evacuation
[2570.898s][info][gc,phases      ] GC(453)   Pre Evacuate Collection Set: 0.40ms
[2570.898s][info][gc,phases      ] GC(453)   Merge Heap Roots: 0.73ms
[2570.898s][info][gc,phases      ] GC(453)   Evacuate Collection Set: 130.16ms
[2570.898s][info][gc,phases      ] GC(453)   Post Evacuate Collection Set: 0.97ms
[2570.898s][info][gc,phases      ] GC(453)   Other: 0.09ms
[2570.898s][info][gc,heap        ] GC(453) Eden regions: 1110->0(1119)
[2570.898s][info][gc,heap        ] GC(453) Survivor regions: 109->109(153)
[2570.898s][info][gc,heap        ] GC(453) Old regions: 537->473
[2570.898s][info][gc,heap        ] GC(453) Humongous regions: 80->80
[2570.898s][info][gc,metaspace   ] GC(453) Metaspace: 28957K(29312K)->28957K(29312K) NonClass: 24072K(24192K)->24072K(24192K) Class: 4884K(5120K)->4884K(5120K)
[2570.898s][info][gc             ] GC(453) Pause Young (Mixed) (G1 Evacuation Pause) 3669M->1322M(4096M) 132.483ms
[2570.898s][info][gc,cpu         ] GC(453) User=0.78s Sys=0.00s Real=0.13s
....[2575.349s][info][gc,start       ] GC(454) Pause Young (Concurrent Start) (G1 Evacuation Pause)
[2575.349s][info][gc,task        ] GC(454) Using 6 workers of 6 for evacuation
[2575.467s][info][gc,phases      ] GC(454)   Pre Evacuate Collection Set: 0.39ms
[2575.467s][info][gc,phases      ] GC(454)   Merge Heap Roots: 0.61ms
[2575.467s][info][gc,phases      ] GC(454)   Evacuate Collection Set: 115.97ms
[2575.467s][info][gc,phases      ] GC(454)   Post Evacuate Collection Set: 0.91ms
[2575.467s][info][gc,phases      ] GC(454)   Other: 0.10ms
[2575.467s][info][gc,heap        ] GC(454) Eden regions: 1119->0(1118)
[2575.467s][info][gc,heap        ] GC(454) Survivor regions: 109->110(154)
[2575.467s][info][gc,heap        ] GC(454) Old regions: 473->505
[2575.467s][info][gc,heap        ] GC(454) Humongous regions: 80->80
[2575.467s][info][gc,metaspace   ] GC(454) Metaspace: 28957K(29312K)->28957K(29312K) NonClass: 24072K(24192K)->24072K(24192K) Class: 4884K(5120K)->4884K(5120K)
[2575.468s][info][gc             ] GC(454) Pause Young (Concurrent Start) (G1 Evacuation Pause) 3560M->1388M(4096M) 118.113ms
[2575.468s][info][gc             ] GC(455) Concurrent Mark Cycle
[2575.468s][info][gc,marking     ] GC(455) Concurrent Scan Root Regions
[2575.468s][info][gc,cpu         ] GC(454) User=0.71s Sys=0.00s Real=0.11s
.[2575.640s][info][gc,marking     ] GC(455) Concurrent Scan Root Regions 172.801ms
[2575.640s][info][gc,marking     ] GC(455) Concurrent Mark
[2575.640s][info][gc,marking     ] GC(455) Concurrent Mark From Roots
[2575.640s][info][gc,task        ] GC(455) Using 2 workers of 2 for marking
[2576.578s][info][gc,marking     ] GC(455) Concurrent Mark From Roots 937.510ms
[2576.578s][info][gc,marking     ] GC(455) Concurrent Preclean
[2576.578s][info][gc,marking     ] GC(455) Concurrent Preclean 0.064ms
[2576.578s][info][gc,start       ] GC(455) Pause Remark
[2576.583s][info][gc             ] GC(455) Pause Remark 1982M->1982M(4096M) 4.343ms
[2576.583s][info][gc,cpu         ] GC(455) User=0.03s Sys=0.00s Real=0.01s
[2576.583s][info][gc,marking     ] GC(455) Concurrent Mark 942.954ms
[2576.583s][info][gc,marking     ] GC(455) Concurrent Rebuild Remembered Sets and Scrub Regions
.[2576.987s][info][gc,marking     ] GC(455) Concurrent Rebuild Remembered Sets and Scrub Regions 403.191ms
[2576.987s][info][gc,start       ] GC(455) Pause Cleanup
[2576.987s][info][gc             ] GC(455) Pause Cleanup 2186M->2186M(4096M) 0.128ms
[2576.987s][info][gc,cpu         ] GC(455) User=0.00s Sys=0.00s Real=0.00s
[2576.987s][info][gc,marking     ] GC(455) Concurrent Clear Claimed Marks
[2576.987s][info][gc,marking     ] GC(455) Concurrent Clear Claimed Marks 0.028ms
[2576.987s][info][gc,marking     ] GC(455) Concurrent Cleanup for Next Mark
[2576.990s][info][gc,marking     ] GC(455) Concurrent Cleanup for Next Mark 3.270ms
[2576.990s][info][gc             ] GC(455) Concurrent Mark Cycle 1522.687ms
...[2579.890s][info][gc,start       ] GC(456) Pause Young (Prepare Mixed) (G1 Evacuation Pause)
[2579.890s][info][gc,task        ] GC(456) Using 6 workers of 6 for evacuation
[2580.011s][info][gc,phases      ] GC(456)   Pre Evacuate Collection Set: 0.35ms
[2580.011s][info][gc,phases      ] GC(456)   Merge Heap Roots: 0.59ms
[2580.011s][info][gc,phases      ] GC(456)   Evacuate Collection Set: 119.08ms
[2580.011s][info][gc,phases      ] GC(456)   Post Evacuate Collection Set: 0.95ms
[2580.011s][info][gc,phases      ] GC(456)   Other: 0.10ms
[2580.011s][info][gc,heap        ] GC(456) Eden regions: 1118->0(1106)
[2580.011s][info][gc,heap        ] GC(456) Survivor regions: 110->111(154)
[2580.011s][info][gc,heap        ] GC(456) Old regions: 505->537
[2580.011s][info][gc,heap        ] GC(456) Humongous regions: 80->80
[2580.012s][info][gc,metaspace   ] GC(456) Metaspace: 28957K(29312K)->28957K(29312K) NonClass: 24072K(24192K)->24072K(24192K) Class: 4884K(5120K)->4884K(5120K)
[2580.012s][info][gc             ] GC(456) Pause Young (Prepare Mixed) (G1 Evacuation Pause) 3624M->1454M(4096M) 121.191ms
[2580.012s][info][gc,cpu         ] GC(456) User=0.71s Sys=0.00s Real=0.12s
....[2584.473s][info][gc,start       ] GC(457) Pause Young (Mixed) (G1 Evacuation Pause)
[2584.473s][info][gc,task        ] GC(457) Using 6 workers of 6 for evacuation
[2584.606s][info][gc,phases      ] GC(457)   Pre Evacuate Collection Set: 0.40ms
[2584.606s][info][gc,phases      ] GC(457)   Merge Heap Roots: 0.77ms
[2584.606s][info][gc,phases      ] GC(457)   Evacuate Collection Set: 130.65ms
[2584.606s][info][gc,phases      ] GC(457)   Post Evacuate Collection Set: 0.95ms
[2584.606s][info][gc,phases      ] GC(457)   Other: 0.09ms
[2584.606s][info][gc,heap        ] GC(457) Eden regions: 1106->0(1118)
[2584.606s][info][gc,heap        ] GC(457) Survivor regions: 111->110(153)
[2584.606s][info][gc,heap        ] GC(457) Old regions: 537->472
[2584.606s][info][gc,heap        ] GC(457) Humongous regions: 80->80
[2584.606s][info][gc,metaspace   ] GC(457) Metaspace: 28957K(29312K)->28957K(29312K) NonClass: 24072K(24192K)->24072K(24192K) Class: 4884K(5120K)->4884K(5120K)
[2584.606s][info][gc             ] GC(457) Pause Young (Mixed) (G1 Evacuation Pause) 3666M->1322M(4096M) 133.002ms
[2584.606s][info][gc,cpu         ] GC(457) User=0.79s Sys=0.00s Real=0.13s
.....[2589.001s][info][gc,start       ] GC(458) Pause Young (Concurrent Start) (G1 Evacuation Pause)
[2589.001s][info][gc,task        ] GC(458) Using 6 workers of 6 for evacuation
[2589.117s][info][gc,phases      ] GC(458)   Pre Evacuate Collection Set: 0.39ms
[2589.117s][info][gc,phases      ] GC(458)   Merge Heap Roots: 0.55ms
[2589.117s][info][gc,phases      ] GC(458)   Evacuate Collection Set: 114.13ms
[2589.117s][info][gc,phases      ] GC(458)   Post Evacuate Collection Set: 0.87ms
[2589.117s][info][gc,phases      ] GC(458)   Other: 0.13ms
[2589.117s][info][gc,heap        ] GC(458) Eden regions: 1118->0(1120)
[2589.117s][info][gc,heap        ] GC(458) Survivor regions: 110->108(154)
[2589.117s][info][gc,heap        ] GC(458) Old regions: 472->505
[2589.117s][info][gc,heap        ] GC(458) Humongous regions: 80->80
[2589.117s][info][gc,metaspace   ] GC(458) Metaspace: 28957K(29312K)->28957K(29312K) NonClass: 24072K(24192K)->24072K(24192K) Class: 4884K(5120K)->4884K(5120K)
[2589.117s][info][gc             ] GC(458) Pause Young (Concurrent Start) (G1 Evacuation Pause) 3558M->1383M(4096M) 116.207ms
[2589.117s][info][gc             ] GC(459) Concurrent Mark Cycle
[2589.117s][info][gc,marking     ] GC(459) Concurrent Scan Root Regions
[2589.117s][info][gc,cpu         ] GC(458) User=0.69s Sys=0.00s Real=0.11s
[2589.290s][info][gc,marking     ] GC(459) Concurrent Scan Root Regions 172.491ms
[2589.290s][info][gc,marking     ] GC(459) Concurrent Mark
[2589.290s][info][gc,marking     ] GC(459) Concurrent Mark From Roots
[2589.290s][info][gc,task        ] GC(459) Using 2 workers of 2 for marking
.[2590.229s][info][gc,marking     ] GC(459) Concurrent Mark From Roots 939.280ms
[2590.229s][info][gc,marking     ] GC(459) Concurrent Preclean
[2590.229s][info][gc,marking     ] GC(459) Concurrent Preclean 0.066ms
[2590.229s][info][gc,start       ] GC(459) Pause Remark
[2590.235s][info][gc             ] GC(459) Pause Remark 2004M->2004M(4096M) 5.272ms
[2590.235s][info][gc,cpu         ] GC(459) User=0.03s Sys=0.00s Real=0.00s
[2590.235s][info][gc,marking     ] GC(459) Concurrent Mark 944.962ms
[2590.235s][info][gc,marking     ] GC(459) Concurrent Rebuild Remembered Sets and Scrub Regions
[2590.588s][info][gc,marking     ] GC(459) Concurrent Rebuild Remembered Sets and Scrub Regions 353.615ms
[2590.589s][info][gc,start       ] GC(459) Pause Cleanup
[2590.589s][info][gc             ] GC(459) Pause Cleanup 2172M->2172M(4096M) 0.132ms
[2590.589s][info][gc,cpu         ] GC(459) User=0.00s Sys=0.00s Real=0.00s
[2590.589s][info][gc,marking     ] GC(459) Concurrent Clear Claimed Marks
[2590.589s][info][gc,marking     ] GC(459) Concurrent Clear Claimed Marks 0.035ms
[2590.589s][info][gc,marking     ] GC(459) Concurrent Cleanup for Next Mark
[2590.594s][info][gc,marking     ] GC(459) Concurrent Cleanup for Next Mark 4.771ms
[2590.594s][info][gc             ] GC(459) Concurrent Mark Cycle 1476.768ms
.. (rIR:aIR:PR = 4151:4153:4152) (tPR = 62223) [OK] 
  2591s: Performance info:
         Transaction,    Success,    Partial,     Failed,   Receipts, AvgBarcode, 
             Overall,     250022,          0,          0,     237532,      59.48, 
         Response times:
             Request,    Success,    Partial,     Failed,   SkipFail,     Probes,    Samples,      min,      p50,      p90,      p95,      p99,      max, 
       TotalPurchase,     237547,          0,          0,          0,     232531,     250439,      300,     3500,     6400,     9400,    37000,   228000,
     InStorePurchase,     124984,          0,          0,          0,     122638,     132056,      300,     3400,     6400,     9200,    36000,   150000,
      OnlinePurchase,      87557,          0,          0,          0,      85657,      91980,      300,     3600,     6500,     9500,    38000,   228000,
        InstPurchase,      25006,          0,          0,          0,      24236,      26403,      400,     3800,     6700,     9700,    39000,   144000,
          AssocOfCat,        249,          0,          0,          0,        182,        247,    21000,    33000,    49000,    53800,    74160,    94000,
      AssocOfProduct,       2504,          0,          0,          0,       2309,       2645,      900,     3200,     5400,     7900,    29160,   150000,
      BusinessReport,        622,          0,          0,          0,        513,        627,    23000,    37000,    53000,    60600,   100720,   173000,
          CustBuyBeh,       2498,          0,          0,          0,       2304,       2607,      600,     3900,     6800,     9700,    32920,   145000,
       ProductReturn,       6619,          0,          0,          0,       6275,       6921,      200,     2200,     5800,     7700,    32000,   141000,

  2591s: (31%)   IR =   4289 .[2593.637s][info][gc,start       ] GC(460) Pause Young (Prepare Mixed) (G1 Evacuation Pause)
[2593.638s][info][gc,task        ] GC(460) Using 6 workers of 6 for evacuation
[2593.757s][info][gc,phases      ] GC(460)   Pre Evacuate Collection Set: 0.38ms
[2593.757s][info][gc,phases      ] GC(460)   Merge Heap Roots: 0.64ms
[2593.757s][info][gc,phases      ] GC(460)   Evacuate Collection Set: 117.41ms
[2593.757s][info][gc,phases      ] GC(460)   Post Evacuate Collection Set: 0.97ms
[2593.757s][info][gc,phases      ] GC(460)   Other: 0.11ms
[2593.757s][info][gc,heap        ] GC(460) Eden regions: 1120->0(1105)
[2593.757s][info][gc,heap        ] GC(460) Survivor regions: 108->112(154)
[2593.757s][info][gc,heap        ] GC(460) Old regions: 505->536
[2593.757s][info][gc,heap        ] GC(460) Humongous regions: 80->80
[2593.757s][info][gc,metaspace   ] GC(460) Metaspace: 28957K(29312K)->28957K(29312K) NonClass: 24072K(24192K)->24072K(24192K) Class: 4884K(5120K)->4884K(5120K)
[2593.757s][info][gc             ] GC(460) Pause Young (Prepare Mixed) (G1 Evacuation Pause) 3623M->1454M(4096M) 119.632ms
[2593.757s][info][gc,cpu         ] GC(460) User=0.71s Sys=0.00s Real=0.12s
.....|[2597.980s][info][gc,start       ] GC(461) Pause Young (Mixed) (G1 Evacuation Pause)
[2597.980s][info][gc,task        ] GC(461) Using 6 workers of 6 for evacuation
[2598.112s][info][gc,phases      ] GC(461)   Pre Evacuate Collection Set: 0.42ms
[2598.112s][info][gc,phases      ] GC(461)   Merge Heap Roots: 0.76ms
[2598.112s][info][gc,phases      ] GC(461)   Evacuate Collection Set: 129.26ms
[2598.112s][info][gc,phases      ] GC(461)   Post Evacuate Collection Set: 1.04ms
[2598.112s][info][gc,phases      ] GC(461)   Other: 0.09ms
[2598.112s][info][gc,heap        ] GC(461) Eden regions: 1105->0(1120)
[2598.112s][info][gc,heap        ] GC(461) Survivor regions: 112->108(153)
[2598.112s][info][gc,heap        ] GC(461) Old regions: 536->471
[2598.112s][info][gc,heap        ] GC(461) Humongous regions: 80->80
[2598.112s][info][gc,metaspace   ] GC(461) Metaspace: 28957K(29312K)->28957K(29312K) NonClass: 24072K(24192K)->24072K(24192K) Class: 4884K(5120K)->4884K(5120K)
[2598.112s][info][gc             ] GC(461) Pause Young (Mixed) (G1 Evacuation Pause) 3664M->1315M(4096M) 131.695ms
[2598.112s][info][gc,cpu         ] GC(461) User=0.78s Sys=0.00s Real=0.13s
....[2602.313s][info][gc,start       ] GC(462) Pause Young (Concurrent Start) (G1 Evacuation Pause)
[2602.313s][info][gc,task        ] GC(462) Using 6 workers of 6 for evacuation
[2602.430s][info][gc,phases      ] GC(462)   Pre Evacuate Collection Set: 0.43ms
[2602.430s][info][gc,phases      ] GC(462)   Merge Heap Roots: 0.52ms
[2602.430s][info][gc,phases      ] GC(462)   Evacuate Collection Set: 114.90ms
[2602.430s][info][gc,phases      ] GC(462)   Post Evacuate Collection Set: 0.91ms
[2602.430s][info][gc,phases      ] GC(462)   Other: 0.11ms
[2602.430s][info][gc,heap        ] GC(462) Eden regions: 1120->0(1121)
[2602.430s][info][gc,heap        ] GC(462) Survivor regions: 108->107(154)
[2602.430s][info][gc,heap        ] GC(462) Old regions: 471->504
[2602.430s][info][gc,heap        ] GC(462) Humongous regions: 80->80
[2602.430s][info][gc,metaspace   ] GC(462) Metaspace: 28963K(29312K)->28963K(29312K) NonClass: 24078K(24192K)->24078K(24192K) Class: 4884K(5120K)->4884K(5120K)
[2602.430s][info][gc             ] GC(462) Pause Young (Concurrent Start) (G1 Evacuation Pause) 3555M->1381M(4096M) 116.994ms
[2602.430s][info][gc             ] GC(463) Concurrent Mark Cycle
[2602.430s][info][gc,marking     ] GC(463) Concurrent Scan Root Regions
[2602.430s][info][gc,cpu         ] GC(462) User=0.69s Sys=0.00s Real=0.12s
[2602.586s][info][gc,marking     ] GC(463) Concurrent Scan Root Regions 156.743ms
[2602.587s][info][gc,marking     ] GC(463) Concurrent Mark
[2602.587s][info][gc,marking     ] GC(463) Concurrent Mark From Roots
[2602.587s][info][gc,task        ] GC(463) Using 2 workers of 2 for marking
.[2603.162s][info][gc,marking     ] GC(463) Concurrent Mark From Roots 575.185ms
[2603.162s][info][gc,marking     ] GC(463) Concurrent Preclean
[2603.162s][info][gc,marking     ] GC(463) Concurrent Preclean 0.067ms
[2603.162s][info][gc,start       ] GC(463) Pause Remark
[2603.166s][info][gc             ] GC(463) Pause Remark 1814M->1814M(4096M) 4.105ms
[2603.166s][info][gc,cpu         ] GC(463) User=0.02s Sys=0.00s Real=0.00s
[2603.166s][info][gc,marking     ] GC(463) Concurrent Mark 579.697ms
[2603.166s][info][gc,marking     ] GC(463) Concurrent Rebuild Remembered Sets and Scrub Regions
[2603.404s][info][gc,marking     ] GC(463) Concurrent Rebuild Remembered Sets and Scrub Regions 238.213ms
[2603.405s][info][gc,start       ] GC(463) Pause Cleanup
[2603.405s][info][gc             ] GC(463) Pause Cleanup 1925M->1925M(4096M) 0.129ms
[2603.405s][info][gc,cpu         ] GC(463) User=0.00s Sys=0.00s Real=0.00s
[2603.405s][info][gc,marking     ] GC(463) Concurrent Clear Claimed Marks
[2603.405s][info][gc,marking     ] GC(463) Concurrent Clear Claimed Marks 0.029ms
[2603.405s][info][gc,marking     ] GC(463) Concurrent Cleanup for Next Mark
[2603.411s][info][gc,marking     ] GC(463) Concurrent Cleanup for Next Mark 5.722ms
[2603.411s][info][gc             ] GC(463) Concurrent Mark Cycle 980.871ms
....[2606.797s][info][gc,start       ] GC(464) Pause Young (Prepare Mixed) (G1 Evacuation Pause)
[2606.797s][info][gc,task        ] GC(464) Using 6 workers of 6 for evacuation
[2606.920s][info][gc,phases      ] GC(464)   Pre Evacuate Collection Set: 0.32ms
[2606.920s][info][gc,phases      ] GC(464)   Merge Heap Roots: 0.61ms
[2606.920s][info][gc,phases      ] GC(464)   Evacuate Collection Set: 120.69ms
[2606.920s][info][gc,phases      ] GC(464)   Post Evacuate Collection Set: 0.93ms
[2606.920s][info][gc,phases      ] GC(464)   Other: 0.09ms
[2606.920s][info][gc,heap        ] GC(464) Eden regions: 1121->0(1103)
[2606.920s][info][gc,heap        ] GC(464) Survivor regions: 107->113(154)
[2606.920s][info][gc,heap        ] GC(464) Old regions: 504->536
[2606.920s][info][gc,heap        ] GC(464) Humongous regions: 80->80
[2606.920s][info][gc,metaspace   ] GC(464) Metaspace: 28964K(29312K)->28964K(29312K) NonClass: 24079K(24192K)->24079K(24192K) Class: 4884K(5120K)->4884K(5120K)
[2606.920s][info][gc             ] GC(464) Pause Young (Prepare Mixed) (G1 Evacuation Pause) 3623M->1455M(4096M) 122.769ms
[2606.920s][info][gc,cpu         ] GC(464) User=0.73s Sys=0.00s Real=0.13s
....[2611.120s][info][gc,start       ] GC(465) Pause Young (Mixed) (G1 Evacuation Pause)
[2611.120s][info][gc,task        ] GC(465) Using 6 workers of 6 for evacuation
[2611.252s][info][gc,phases      ] GC(465)   Pre Evacuate Collection Set: 0.38ms
[2611.252s][info][gc,phases      ] GC(465)   Merge Heap Roots: 0.86ms
[2611.252s][info][gc,phases      ] GC(465)   Evacuate Collection Set: 129.40ms
[2611.252s][info][gc,phases      ] GC(465)   Post Evacuate Collection Set: 0.99ms
[2611.252s][info][gc,phases      ] GC(465)   Other: 0.09ms
[2611.252s][info][gc,heap        ] GC(465) Eden regions: 1103->0(1120)
[2611.252s][info][gc,heap        ] GC(465) Survivor regions: 113->108(152)
[2611.252s][info][gc,heap        ] GC(465) Old regions: 536->473
[2611.252s][info][gc,heap        ] GC(465) Humongous regions: 80->80
[2611.252s][info][gc,metaspace   ] GC(465) Metaspace: 28964K(29312K)->28964K(29312K) NonClass: 24079K(24192K)->24079K(24192K) Class: 4884K(5120K)->4884K(5120K)
[2611.252s][info][gc             ] GC(465) Pause Young (Mixed) (G1 Evacuation Pause) 3661M->1319M(4096M) 131.844ms
[2611.252s][info][gc,cpu         ] GC(465) User=0.78s Sys=0.00s Real=0.13s
....[2615.575s][info][gc,start       ] GC(466) Pause Young (Concurrent Start) (G1 Evacuation Pause)
[2615.575s][info][gc,task        ] GC(466) Using 6 workers of 6 for evacuation
[2615.696s][info][gc,phases      ] GC(466)   Pre Evacuate Collection Set: 0.40ms
[2615.696s][info][gc,phases      ] GC(466)   Merge Heap Roots: 0.55ms
[2615.696s][info][gc,phases      ] GC(466)   Evacuate Collection Set: 119.02ms
[2615.696s][info][gc,phases      ] GC(466)   Post Evacuate Collection Set: 0.90ms
[2615.696s][info][gc,phases      ] GC(466)   Other: 0.11ms
[2615.696s][info][gc,heap        ] GC(466) Eden regions: 1120->0(1119)
[2615.696s][info][gc,heap        ] GC(466) Survivor regions: 108->109(154)
[2615.696s][info][gc,heap        ] GC(466) Old regions: 473->504
[2615.696s][info][gc,heap        ] GC(466) Humongous regions: 80->80
[2615.696s][info][gc,metaspace   ] GC(466) Metaspace: 28964K(29312K)->28964K(29312K) NonClass: 24079K(24192K)->24079K(24192K) Class: 4884K(5120K)->4884K(5120K)
[2615.696s][info][gc             ] GC(466) Pause Young (Concurrent Start) (G1 Evacuation Pause) 3559M->1385M(4096M) 121.126ms
[2615.696s][info][gc             ] GC(467) Concurrent Mark Cycle
[2615.696s][info][gc,marking     ] GC(467) Concurrent Scan Root Regions
[2615.696s][info][gc,cpu         ] GC(466) User=0.72s Sys=0.00s Real=0.12s
.[2615.828s][info][gc,marking     ] GC(467) Concurrent Scan Root Regions 132.439ms
[2615.828s][info][gc,marking     ] GC(467) Concurrent Mark
[2615.828s][info][gc,marking     ] GC(467) Concurrent Mark From Roots
[2615.828s][info][gc,task        ] GC(467) Using 2 workers of 2 for marking
[2616.459s][info][gc,marking     ] GC(467) Concurrent Mark From Roots 630.357ms
[2616.459s][info][gc,marking     ] GC(467) Concurrent Preclean
[2616.459s][info][gc,marking     ] GC(467) Concurrent Preclean 0.038ms
[2616.459s][info][gc,start       ] GC(467) Pause Remark
[2616.463s][info][gc             ] GC(467) Pause Remark 1808M->1808M(4096M) 4.361ms
[2616.463s][info][gc,cpu         ] GC(467) User=0.03s Sys=0.00s Real=0.01s
[2616.463s][info][gc,marking     ] GC(467) Concurrent Mark 635.046ms
[2616.463s][info][gc,marking     ] GC(467) Concurrent Rebuild Remembered Sets and Scrub Regions
[2616.761s][info][gc,marking     ] GC(467) Concurrent Rebuild Remembered Sets and Scrub Regions 297.751ms
[2616.761s][info][gc,start       ] GC(467) Pause Cleanup
[2616.762s][info][gc             ] GC(467) Pause Cleanup 1971M->1971M(4096M) 0.149ms
[2616.762s][info][gc,cpu         ] GC(467) User=0.01s Sys=0.00s Real=0.00s
[2616.762s][info][gc,marking     ] GC(467) Concurrent Clear Claimed Marks
[2616.762s][info][gc,marking     ] GC(467) Concurrent Clear Claimed Marks 0.044ms
[2616.762s][info][gc,marking     ] GC(467) Concurrent Cleanup for Next Mark
[2616.765s][info][gc,marking     ] GC(467) Concurrent Cleanup for Next Mark 3.540ms
[2616.765s][info][gc             ] GC(467) Concurrent Mark Cycle 1069.345ms
....[2619.984s][info][gc,start       ] GC(468) Pause Young (Prepare Mixed) (G1 Evacuation Pause)
[2619.984s][info][gc,task        ] GC(468) Using 6 workers of 6 for evacuation
[2620.100s][info][gc,phases      ] GC(468)   Pre Evacuate Collection Set: 0.33ms
[2620.100s][info][gc,phases      ] GC(468)   Merge Heap Roots: 0.60ms
[2620.100s][info][gc,phases      ] GC(468)   Evacuate Collection Set: 114.57ms
[2620.100s][info][gc,phases      ] GC(468)   Post Evacuate Collection Set: 0.97ms
[2620.100s][info][gc,phases      ] GC(468)   Other: 0.09ms
[2620.100s][info][gc,heap        ] GC(468) Eden regions: 1119->0(1112)
[2620.100s][info][gc,heap        ] GC(468) Survivor regions: 109->109(154)
[2620.100s][info][gc,heap        ] GC(468) Old regions: 504->535
[2620.100s][info][gc,heap        ] GC(468) Humongous regions: 80->80
[2620.100s][info][gc,metaspace   ] GC(468) Metaspace: 28964K(29312K)->28964K(29312K) NonClass: 24080K(24192K)->24080K(24192K) Class: 4884K(5120K)->4884K(5120K)
[2620.100s][info][gc             ] GC(468) Pause Young (Prepare Mixed) (G1 Evacuation Pause) 3623M->1446M(4096M) 116.685ms
[2620.100s][info][gc,cpu         ] GC(468) User=0.70s Sys=0.00s Real=0.12s
....[2624.438s][info][gc,start       ] GC(469) Pause Young (Mixed) (G1 Evacuation Pause)
[2624.438s][info][gc,task        ] GC(469) Using 6 workers of 6 for evacuation
[2624.576s][info][gc,phases      ] GC(469)   Pre Evacuate Collection Set: 0.38ms
[2624.576s][info][gc,phases      ] GC(469)   Merge Heap Roots: 0.97ms
[2624.576s][info][gc,phases      ] GC(469)   Evacuate Collection Set: 135.64ms
[2624.576s][info][gc,phases      ] GC(469)   Post Evacuate Collection Set: 0.99ms
[2624.576s][info][gc,phases      ] GC(469)   Other: 0.09ms
[2624.576s][info][gc,heap        ] GC(469) Eden regions: 1112->0(1119)
[2624.576s][info][gc,heap        ] GC(469) Survivor regions: 109->109(153)
[2624.576s][info][gc,heap        ] GC(469) Old regions: 535->473
[2624.576s][info][gc,heap        ] GC(469) Humongous regions: 80->80
[2624.576s][info][gc,metaspace   ] GC(469) Metaspace: 28964K(29312K)->28964K(29312K) NonClass: 24080K(24192K)->24080K(24192K) Class: 4884K(5120K)->4884K(5120K)
[2624.576s][info][gc             ] GC(469) Pause Young (Mixed) (G1 Evacuation Pause) 3670M->1321M(4096M) 138.230ms
[2624.576s][info][gc,cpu         ] GC(469) User=0.83s Sys=0.00s Real=0.14s
.....[2628.846s][info][gc,start       ] GC(470) Pause Young (Concurrent Start) (G1 Evacuation Pause)
[2628.846s][info][gc,task        ] GC(470) Using 6 workers of 6 for evacuation
[2628.963s][info][gc,phases      ] GC(470)   Pre Evacuate Collection Set: 0.39ms
[2628.963s][info][gc,phases      ] GC(470)   Merge Heap Roots: 0.56ms
[2628.963s][info][gc,phases      ] GC(470)   Evacuate Collection Set: 114.98ms
[2628.963s][info][gc,phases      ] GC(470)   Post Evacuate Collection Set: 0.95ms
[2628.963s][info][gc,phases      ] GC(470)   Other: 0.11ms
[2628.963s][info][gc,heap        ] GC(470) Eden regions: 1119->0(1118)
[2628.963s][info][gc,heap        ] GC(470) Survivor regions: 109->110(154)
[2628.963s][info][gc,heap        ] GC(470) Old regions: 473->505
[2628.963s][info][gc,heap        ] GC(470) Humongous regions: 80->80
[2628.963s][info][gc,metaspace   ] GC(470) Metaspace: 28964K(29312K)->28964K(29312K) NonClass: 24080K(24192K)->24080K(24192K) Class: 4884K(5120K)->4884K(5120K)
[2628.963s][info][gc             ] GC(470) Pause Young (Concurrent Start) (G1 Evacuation Pause) 3559M->1387M(4096M) 117.124ms
[2628.963s][info][gc             ] GC(471) Concurrent Mark Cycle
[2628.963s][info][gc,marking     ] GC(471) Concurrent Scan Root Regions
[2628.963s][info][gc,cpu         ] GC(470) User=0.70s Sys=0.00s Real=0.12s
[2629.104s][info][gc,marking     ] GC(471) Concurrent Scan Root Regions 140.129ms
[2629.104s][info][gc,marking     ] GC(471) Concurrent Mark
[2629.104s][info][gc,marking     ] GC(471) Concurrent Mark From Roots
[2629.104s][info][gc,task        ] GC(471) Using 2 workers of 2 for marking
[2629.734s][info][gc,marking     ] GC(471) Concurrent Mark From Roots 630.730ms
[2629.734s][info][gc,marking     ] GC(471) Concurrent Preclean
[2629.734s][info][gc,marking     ] GC(471) Concurrent Preclean 0.040ms
[2629.735s][info][gc,start       ] GC(471) Pause Remark
[2629.739s][info][gc             ] GC(471) Pause Remark 1848M->1848M(4096M) 4.348ms
[2629.739s][info][gc,cpu         ] GC(471) User=0.02s Sys=0.00s Real=0.00s
[2629.739s][info][gc,marking     ] GC(471) Concurrent Mark 635.393ms
[2629.739s][info][gc,marking     ] GC(471) Concurrent Rebuild Remembered Sets and Scrub Regions
.[2629.989s][info][gc,marking     ] GC(471) Concurrent Rebuild Remembered Sets and Scrub Regions 250.168ms
[2629.989s][info][gc,start       ] GC(471) Pause Cleanup
[2629.990s][info][gc             ] GC(471) Pause Cleanup 2007M->2007M(4096M) 0.139ms
[2629.990s][info][gc,cpu         ] GC(471) User=0.00s Sys=0.00s Real=0.00s
[2629.990s][info][gc,marking     ] GC(471) Concurrent Clear Claimed Marks
[2629.990s][info][gc,marking     ] GC(471) Concurrent Clear Claimed Marks 0.032ms
[2629.990s][info][gc,marking     ] GC(471) Concurrent Cleanup for Next Mark
[2629.994s][info][gc,marking     ] GC(471) Concurrent Cleanup for Next Mark 4.325ms
[2629.994s][info][gc             ] GC(471) Concurrent Mark Cycle 1030.561ms
...[2633.205s][info][gc,start       ] GC(472) Pause Young (Prepare Mixed) (G1 Evacuation Pause)
[2633.205s][info][gc,task        ] GC(472) Using 6 workers of 6 for evacuation
[2633.325s][info][gc,phases      ] GC(472)   Pre Evacuate Collection Set: 0.34ms
[2633.325s][info][gc,phases      ] GC(472)   Merge Heap Roots: 0.60ms
[2633.325s][info][gc,phases      ] GC(472)   Evacuate Collection Set: 118.14ms
[2633.325s][info][gc,phases      ] GC(472)   Post Evacuate Collection Set: 0.94ms
[2633.325s][info][gc,phases      ] GC(472)   Other: 0.12ms
[2633.325s][info][gc,heap        ] GC(472) Eden regions: 1118->0(1108)
[2633.325s][info][gc,heap        ] GC(472) Survivor regions: 110->110(154)
[2633.325s][info][gc,heap        ] GC(472) Old regions: 505->537
[2633.325s][info][gc,heap        ] GC(472) Humongous regions: 80->80
[2633.325s][info][gc,metaspace   ] GC(472) Metaspace: 28965K(29312K)->28965K(29312K) NonClass: 24080K(24192K)->24080K(24192K) Class: 4884K(5120K)->4884K(5120K)
[2633.325s][info][gc             ] GC(472) Pause Young (Prepare Mixed) (G1 Evacuation Pause) 3623M->1451M(4096M) 120.282ms
[2633.325s][info][gc,cpu         ] GC(472) User=0.71s Sys=0.00s Real=0.12s
....[2637.647s][info][gc,start       ] GC(473) Pause Young (Mixed) (G1 Evacuation Pause)
[2637.647s][info][gc,task        ] GC(473) Using 6 workers of 6 for evacuation
[2637.777s][info][gc,phases      ] GC(473)   Pre Evacuate Collection Set: 0.38ms
[2637.777s][info][gc,phases      ] GC(473)   Merge Heap Roots: 0.75ms
[2637.777s][info][gc,phases      ] GC(473)   Evacuate Collection Set: 128.28ms
[2637.777s][info][gc,phases      ] GC(473)   Post Evacuate Collection Set: 0.93ms
[2637.777s][info][gc,phases      ] GC(473)   Other: 0.09ms
[2637.777s][info][gc,heap        ] GC(473) Eden regions: 1108->0(1118)
[2637.777s][info][gc,heap        ] GC(473) Survivor regions: 110->110(153)
[2637.777s][info][gc,heap        ] GC(473) Old regions: 537->474
[2637.777s][info][gc,heap        ] GC(473) Humongous regions: 80->80
[2637.777s][info][gc,metaspace   ] GC(473) Metaspace: 28965K(29312K)->28965K(29312K) NonClass: 24080K(24192K)->24080K(24192K) Class: 4884K(5120K)->4884K(5120K)
[2637.777s][info][gc             ] GC(473) Pause Young (Mixed) (G1 Evacuation Pause) 3667M->1325M(4096M) 130.558ms
[2637.777s][info][gc,cpu         ] GC(473) User=0.78s Sys=0.00s Real=0.13s
.....[2642.078s][info][gc,start       ] GC(474) Pause Young (Concurrent Start) (G1 Evacuation Pause)
[2642.078s][info][gc,task        ] GC(474) Using 6 workers of 6 for evacuation
[2642.196s][info][gc,phases      ] GC(474)   Pre Evacuate Collection Set: 0.39ms
[2642.196s][info][gc,phases      ] GC(474)   Merge Heap Roots: 0.56ms
[2642.196s][info][gc,phases      ] GC(474)   Evacuate Collection Set: 115.84ms
[2642.196s][info][gc,phases      ] GC(474)   Post Evacuate Collection Set: 0.90ms
[2642.196s][info][gc,phases      ] GC(474)   Other: 0.11ms
[2642.196s][info][gc,heap        ] GC(474) Eden regions: 1118->0(1118)
[2642.196s][info][gc,heap        ] GC(474) Survivor regions: 110->110(154)
[2642.196s][info][gc,heap        ] GC(474) Old regions: 474->505
[2642.196s][info][gc,heap        ] GC(474) Humongous regions: 80->80
[2642.196s][info][gc,metaspace   ] GC(474) Metaspace: 28965K(29312K)->28965K(29312K) NonClass: 24080K(24192K)->24080K(24192K) Class: 4884K(5120K)->4884K(5120K)
[2642.196s][info][gc             ] GC(474) Pause Young (Concurrent Start) (G1 Evacuation Pause) 3561M->1387M(4096M) 117.926ms
[2642.196s][info][gc             ] GC(475) Concurrent Mark Cycle
[2642.196s][info][gc,marking     ] GC(475) Concurrent Scan Root Regions
[2642.196s][info][gc,cpu         ] GC(474) User=0.70s Sys=0.00s Real=0.12s
[2642.385s][info][gc,marking     ] GC(475) Concurrent Scan Root Regions 188.530ms
[2642.385s][info][gc,marking     ] GC(475) Concurrent Mark
[2642.385s][info][gc,marking     ] GC(475) Concurrent Mark From Roots
[2642.385s][info][gc,task        ] GC(475) Using 2 workers of 2 for marking
.[2643.125s][info][gc,marking     ] GC(475) Concurrent Mark From Roots 739.951ms
[2643.125s][info][gc,marking     ] GC(475) Concurrent Preclean
[2643.125s][info][gc,marking     ] GC(475) Concurrent Preclean 0.041ms
[2643.125s][info][gc,start       ] GC(475) Pause Remark
[2643.129s][info][gc             ] GC(475) Pause Remark 1935M->1935M(4096M) 4.052ms
[2643.129s][info][gc,cpu         ] GC(475) User=0.02s Sys=0.00s Real=0.00s
[2643.129s][info][gc,marking     ] GC(475) Concurrent Mark 744.359ms
[2643.129s][info][gc,marking     ] GC(475) Concurrent Rebuild Remembered Sets and Scrub Regions
[2643.371s][info][gc,marking     ] GC(475) Concurrent Rebuild Remembered Sets and Scrub Regions 242.249ms
[2643.371s][info][gc,start       ] GC(475) Pause Cleanup
[2643.371s][info][gc             ] GC(475) Pause Cleanup 2033M->2033M(4096M) 0.122ms
[2643.371s][info][gc,cpu         ] GC(475) User=0.00s Sys=0.00s Real=0.00s
[2643.372s][info][gc,marking     ] GC(475) Concurrent Clear Claimed Marks
[2643.372s][info][gc,marking     ] GC(475) Concurrent Clear Claimed Marks 0.034ms
[2643.372s][info][gc,marking     ] GC(475) Concurrent Cleanup for Next Mark
[2643.375s][info][gc,marking     ] GC(475) Concurrent Cleanup for Next Mark 3.159ms
[2643.375s][info][gc             ] GC(475) Concurrent Mark Cycle 1178.793ms
...[2646.453s][info][gc,start       ] GC(476) Pause Young (Prepare Mixed) (G1 Evacuation Pause)
[2646.453s][info][gc,task        ] GC(476) Using 6 workers of 6 for evacuation
[2646.570s][info][gc,phases      ] GC(476)   Pre Evacuate Collection Set: 0.33ms
[2646.570s][info][gc,phases      ] GC(476)   Merge Heap Roots: 0.56ms
[2646.570s][info][gc,phases      ] GC(476)   Evacuate Collection Set: 114.99ms
[2646.570s][info][gc,phases      ] GC(476)   Post Evacuate Collection Set: 0.95ms
[2646.570s][info][gc,phases      ] GC(476)   Other: 0.09ms
[2646.570s][info][gc,heap        ] GC(476) Eden regions: 1118->0(1109)
[2646.570s][info][gc,heap        ] GC(476) Survivor regions: 110->109(154)
[2646.570s][info][gc,heap        ] GC(476) Old regions: 505->538
[2646.570s][info][gc,heap        ] GC(476) Humongous regions: 80->80
[2646.570s][info][gc,metaspace   ] GC(476) Metaspace: 28965K(29312K)->28965K(29312K) NonClass: 24080K(24192K)->24080K(24192K) Class: 4884K(5120K)->4884K(5120K)
[2646.570s][info][gc             ] GC(476) Pause Young (Prepare Mixed) (G1 Evacuation Pause) 3623M->1451M(4096M) 117.062ms
[2646.570s][info][gc,cpu         ] GC(476) User=0.69s Sys=0.00s Real=0.12s
.....[2650.882s][info][gc,start       ] GC(477) Pause Young (Mixed) (G1 Evacuation Pause)
[2650.882s][info][gc,task        ] GC(477) Using 6 workers of 6 for evacuation
[2651.016s][info][gc,phases      ] GC(477)   Pre Evacuate Collection Set: 0.38ms
[2651.016s][info][gc,phases      ] GC(477)   Merge Heap Roots: 0.84ms
[2651.016s][info][gc,phases      ] GC(477)   Evacuate Collection Set: 132.12ms
[2651.016s][info][gc,phases      ] GC(477)   Post Evacuate Collection Set: 0.98ms
[2651.016s][info][gc,phases      ] GC(477)   Other: 0.09ms
[2651.016s][info][gc,heap        ] GC(477) Eden regions: 1109->0(1119)
[2651.016s][info][gc,heap        ] GC(477) Survivor regions: 109->109(153)
[2651.016s][info][gc,heap        ] GC(477) Old regions: 538->474
[2651.016s][info][gc,heap        ] GC(477) Humongous regions: 80->80
[2651.016s][info][gc,metaspace   ] GC(477) Metaspace: 28965K(29312K)->28965K(29312K) NonClass: 24080K(24192K)->24080K(24192K) Class: 4884K(5120K)->4884K(5120K)
[2651.016s][info][gc             ] GC(477) Pause Young (Mixed) (G1 Evacuation Pause) 3669M->1325M(4096M) 134.541ms
[2651.016s][info][gc,cpu         ] GC(477) User=0.80s Sys=0.00s Real=0.13s
....[2655.342s][info][gc,start       ] GC(478) Pause Young (Concurrent Start) (G1 Evacuation Pause)
[2655.342s][info][gc,task        ] GC(478) Using 6 workers of 6 for evacuation
[2655.459s][info][gc,phases      ] GC(478)   Pre Evacuate Collection Set: 0.41ms
[2655.459s][info][gc,phases      ] GC(478)   Merge Heap Roots: 0.58ms
[2655.459s][info][gc,phases      ] GC(478)   Evacuate Collection Set: 115.76ms
[2655.459s][info][gc,phases      ] GC(478)   Post Evacuate Collection Set: 0.89ms
[2655.460s][info][gc,phases      ] GC(478)   Other: 0.12ms
[2655.460s][info][gc,heap        ] GC(478) Eden regions: 1119->0(1118)
[2655.460s][info][gc,heap        ] GC(478) Survivor regions: 109->110(154)
[2655.460s][info][gc,heap        ] GC(478) Old regions: 474->506
[2655.460s][info][gc,heap        ] GC(478) Humongous regions: 80->80
[2655.460s][info][gc,metaspace   ] GC(478) Metaspace: 28965K(29312K)->28965K(29312K) NonClass: 24080K(24192K)->24080K(24192K) Class: 4884K(5120K)->4884K(5120K)
[2655.460s][info][gc             ] GC(478) Pause Young (Concurrent Start) (G1 Evacuation Pause) 3563M->1389M(4096M) 117.897ms
[2655.460s][info][gc             ] GC(479) Concurrent Mark Cycle
[2655.460s][info][gc,marking     ] GC(479) Concurrent Scan Root Regions
[2655.460s][info][gc,cpu         ] GC(478) User=0.70s Sys=0.00s Real=0.12s
[2655.635s][info][gc,marking     ] GC(479) Concurrent Scan Root Regions 175.520ms
[2655.635s][info][gc,marking     ] GC(479) Concurrent Mark
[2655.635s][info][gc,marking     ] GC(479) Concurrent Mark From Roots
[2655.635s][info][gc,task        ] GC(479) Using 2 workers of 2 for marking
.[2656.298s][info][gc,marking     ] GC(479) Concurrent Mark From Roots 662.873ms
[2656.298s][info][gc,marking     ] GC(479) Concurrent Preclean
[2656.298s][info][gc,marking     ] GC(479) Concurrent Preclean 0.034ms
[2656.298s][info][gc,start       ] GC(479) Pause Remark
[2656.301s][info][gc             ] GC(479) Pause Remark 1896M->1896M(4096M) 2.524ms
[2656.301s][info][gc,cpu         ] GC(479) User=0.01s Sys=0.00s Real=0.01s
[2656.301s][info][gc,marking     ] GC(479) Concurrent Mark 665.666ms
[2656.301s][info][gc,marking     ] GC(479) Concurrent Rebuild Remembered Sets and Scrub Regions
[2656.533s][info][gc,marking     ] GC(479) Concurrent Rebuild Remembered Sets and Scrub Regions 232.096ms
[2656.533s][info][gc,start       ] GC(479) Pause Cleanup
[2656.533s][info][gc             ] GC(479) Pause Cleanup 2003M->2003M(4096M) 0.127ms
[2656.533s][info][gc,cpu         ] GC(479) User=0.00s Sys=0.00s Real=0.00s
[2656.533s][info][gc,marking     ] GC(479) Concurrent Clear Claimed Marks
[2656.533s][info][gc,marking     ] GC(479) Concurrent Clear Claimed Marks 0.026ms
[2656.533s][info][gc,marking     ] GC(479) Concurrent Cleanup for Next Mark
[2656.537s][info][gc,marking     ] GC(479) Concurrent Cleanup for Next Mark 3.375ms
[2656.537s][info][gc             ] GC(479) Concurrent Mark Cycle 1077.114ms
.. (rIR:aIR:PR = 4289:4289:4289) (tPR = 63732) [OK] 
  2657s: Performance info:
         Transaction,    Success,    Partial,     Failed,   Receipts, AvgBarcode, 
             Overall,     257883,          0,          0,     244999,      59.47, 
         Response times:
             Request,    Success,    Partial,     Failed,   SkipFail,     Probes,    Samples,      min,      p50,      p90,      p95,      p99,      max, 
       TotalPurchase,     244999,          0,          0,          0,     239925,     265867,      300,     3600,     6700,    11600,    57000,   211000,
     InStorePurchase,     128951,          0,          0,          0,     126336,     139571,      300,     3400,     6500,    11100,    56000,   211000,
      OnlinePurchase,      90270,          0,          0,          0,      88461,      98035,      300,     3800,     6900,    12400,    58000,   211000,
        InstPurchase,      25778,          0,          0,          0,      25128,      28261,      400,     4000,     7000,    11700,    59000,   203000,
          AssocOfCat,        257,          0,          0,          0,        204,        280,    24000,    34000,    58900,    89900,   165660,   264000,
      AssocOfProduct,       2571,          0,          0,          0,       2361,       2794,      500,     2100,     4900,     7050,    32000,   133000,
      BusinessReport,        645,          0,          0,          0,        560,        711,    27000,    38000,    61800,    79400,   178640,   229000,
          CustBuyBeh,       2579,          0,          0,          0,       2375,       2800,      200,     2500,     5400,     7600,    43000,   176000,
       ProductReturn,       6833,          0,          0,          0,       6471,       7416,      200,     3700,     6800,    12500,    58000,   150000,

  2657s: (32%)   IR =   4428 .[2659.681s][info][gc,start       ] GC(480) Pause Young (Prepare Mixed) (G1 Evacuation Pause)
[2659.681s][info][gc,task        ] GC(480) Using 6 workers of 6 for evacuation
[2659.799s][info][gc,phases      ] GC(480)   Pre Evacuate Collection Set: 0.36ms
[2659.799s][info][gc,phases      ] GC(480)   Merge Heap Roots: 0.68ms
[2659.799s][info][gc,phases      ] GC(480)   Evacuate Collection Set: 115.86ms
[2659.799s][info][gc,phases      ] GC(480)   Post Evacuate Collection Set: 0.98ms
[2659.799s][info][gc,phases      ] GC(480)   Other: 0.11ms
[2659.799s][info][gc,heap        ] GC(480) Eden regions: 1118->0(1108)
[2659.799s][info][gc,heap        ] GC(480) Survivor regions: 110->110(154)
[2659.799s][info][gc,heap        ] GC(480) Old regions: 506->537
[2659.799s][info][gc,heap        ] GC(480) Humongous regions: 80->80
[2659.799s][info][gc,metaspace   ] GC(480) Metaspace: 28967K(29312K)->28967K(29312K) NonClass: 24082K(24192K)->24082K(24192K) Class: 4884K(5120K)->4884K(5120K)
[2659.799s][info][gc             ] GC(480) Pause Young (Prepare Mixed) (G1 Evacuation Pause) 3625M->1451M(4096M) 118.142ms
[2659.799s][info][gc,cpu         ] GC(480) User=0.71s Sys=0.00s Real=0.12s
...|.[2663.884s][info][gc,start       ] GC(481) Pause Young (Mixed) (G1 Evacuation Pause)
[2663.884s][info][gc,task        ] GC(481) Using 6 workers of 6 for evacuation
[2664.016s][info][gc,phases      ] GC(481)   Pre Evacuate Collection Set: 0.41ms
[2664.016s][info][gc,phases      ] GC(481)   Merge Heap Roots: 0.77ms
[2664.016s][info][gc,phases      ] GC(481)   Evacuate Collection Set: 129.68ms
[2664.016s][info][gc,phases      ] GC(481)   Post Evacuate Collection Set: 0.98ms
[2664.016s][info][gc,phases      ] GC(481)   Other: 0.10ms
[2664.016s][info][gc,heap        ] GC(481) Eden regions: 1108->0(1119)
[2664.016s][info][gc,heap        ] GC(481) Survivor regions: 110->109(153)
[2664.016s][info][gc,heap        ] GC(481) Old regions: 537->473
[2664.016s][info][gc,heap        ] GC(481) Humongous regions: 80->80
[2664.016s][info][gc,metaspace   ] GC(481) Metaspace: 28967K(29312K)->28967K(29312K) NonClass: 24082K(24192K)->24082K(24192K) Class: 4884K(5120K)->4884K(5120K)
[2664.016s][info][gc             ] GC(481) Pause Young (Mixed) (G1 Evacuation Pause) 3667M->1323M(4096M) 132.077ms
[2664.016s][info][gc,cpu         ] GC(481) User=0.79s Sys=0.00s Real=0.13s
.....[2668.196s][info][gc,start       ] GC(482) Pause Young (Concurrent Start) (G1 Evacuation Pause)
[2668.196s][info][gc,task        ] GC(482) Using 6 workers of 6 for evacuation
[2668.317s][info][gc,phases      ] GC(482)   Pre Evacuate Collection Set: 0.43ms
[2668.317s][info][gc,phases      ] GC(482)   Merge Heap Roots: 0.60ms
[2668.317s][info][gc,phases      ] GC(482)   Evacuate Collection Set: 118.77ms
[2668.317s][info][gc,phases      ] GC(482)   Post Evacuate Collection Set: 0.90ms
[2668.317s][info][gc,phases      ] GC(482)   Other: 0.11ms
[2668.317s][info][gc,heap        ] GC(482) Eden regions: 1119->0(1117)
[2668.317s][info][gc,heap        ] GC(482) Survivor regions: 109->111(154)
[2668.317s][info][gc,heap        ] GC(482) Old regions: 473->505
[2668.317s][info][gc,heap        ] GC(482) Humongous regions: 80->80
[2668.317s][info][gc,metaspace   ] GC(482) Metaspace: 28967K(29312K)->28967K(29312K) NonClass: 24082K(24192K)->24082K(24192K) Class: 4884K(5120K)->4884K(5120K)
[2668.317s][info][gc             ] GC(482) Pause Young (Concurrent Start) (G1 Evacuation Pause) 3561M->1390M(4096M) 120.946ms
[2668.317s][info][gc             ] GC(483) Concurrent Mark Cycle
[2668.317s][info][gc,marking     ] GC(483) Concurrent Scan Root Regions
[2668.317s][info][gc,cpu         ] GC(482) User=0.72s Sys=0.00s Real=0.12s
[2668.513s][info][gc,marking     ] GC(483) Concurrent Scan Root Regions 196.346ms
[2668.513s][info][gc,marking     ] GC(483) Concurrent Mark
[2668.513s][info][gc,marking     ] GC(483) Concurrent Mark From Roots
[2668.513s][info][gc,task        ] GC(483) Using 2 workers of 2 for marking
.[2669.260s][info][gc,marking     ] GC(483) Concurrent Mark From Roots 746.353ms
[2669.260s][info][gc,marking     ] GC(483) Concurrent Preclean
[2669.260s][info][gc,marking     ] GC(483) Concurrent Preclean 0.072ms
[2669.260s][info][gc,start       ] GC(483) Pause Remark
[2669.265s][info][gc             ] GC(483) Pause Remark 1970M->1970M(4096M) 4.890ms
[2669.265s][info][gc,cpu         ] GC(483) User=0.02s Sys=0.00s Real=0.00s
[2669.266s][info][gc,marking     ] GC(483) Concurrent Mark 752.429ms
[2669.266s][info][gc,marking     ] GC(483) Concurrent Rebuild Remembered Sets and Scrub Regions
[2669.619s][info][gc,marking     ] GC(483) Concurrent Rebuild Remembered Sets and Scrub Regions 353.570ms
[2669.620s][info][gc,start       ] GC(483) Pause Cleanup
[2669.620s][info][gc             ] GC(483) Pause Cleanup 2165M->2165M(4096M) 0.137ms
[2669.620s][info][gc,cpu         ] GC(483) User=0.00s Sys=0.00s Real=0.00s
[2669.621s][info][gc,marking     ] GC(483) Concurrent Clear Claimed Marks
[2669.621s][info][gc,marking     ] GC(483) Concurrent Clear Claimed Marks 0.041ms
[2669.621s][info][gc,marking     ] GC(483) Concurrent Cleanup for Next Mark
[2669.624s][info][gc,marking     ] GC(483) Concurrent Cleanup for Next Mark 3.616ms
[2669.624s][info][gc             ] GC(483) Concurrent Mark Cycle 1307.547ms
...[2672.426s][info][gc,start       ] GC(484) Pause Young (Prepare Mixed) (G1 Evacuation Pause)
[2672.426s][info][gc,task        ] GC(484) Using 6 workers of 6 for evacuation
[2672.543s][info][gc,phases      ] GC(484)   Pre Evacuate Collection Set: 0.40ms
[2672.543s][info][gc,phases      ] GC(484)   Merge Heap Roots: 0.70ms
[2672.543s][info][gc,phases      ] GC(484)   Evacuate Collection Set: 114.55ms
[2672.543s][info][gc,phases      ] GC(484)   Post Evacuate Collection Set: 0.94ms
[2672.543s][info][gc,phases      ] GC(484)   Other: 0.10ms
[2672.543s][info][gc,heap        ] GC(484) Eden regions: 1117->0(1110)
[2672.543s][info][gc,heap        ] GC(484) Survivor regions: 111->109(154)
[2672.543s][info][gc,heap        ] GC(484) Old regions: 505->537
[2672.543s][info][gc,heap        ] GC(484) Humongous regions: 80->80
[2672.543s][info][gc,metaspace   ] GC(484) Metaspace: 28967K(29312K)->28967K(29312K) NonClass: 24082K(24192K)->24082K(24192K) Class: 4884K(5120K)->4884K(5120K)
[2672.543s][info][gc             ] GC(484) Pause Young (Prepare Mixed) (G1 Evacuation Pause) 3624M->1450M(4096M) 116.812ms
[2672.543s][info][gc,cpu         ] GC(484) User=0.70s Sys=0.00s Real=0.12s
....[2676.705s][info][gc,start       ] GC(485) Pause Young (Mixed) (G1 Evacuation Pause)
[2676.705s][info][gc,task        ] GC(485) Using 6 workers of 6 for evacuation
[2676.837s][info][gc,phases      ] GC(485)   Pre Evacuate Collection Set: 0.44ms
[2676.837s][info][gc,phases      ] GC(485)   Merge Heap Roots: 0.76ms
[2676.837s][info][gc,phases      ] GC(485)   Evacuate Collection Set: 129.49ms
[2676.837s][info][gc,phases      ] GC(485)   Post Evacuate Collection Set: 0.96ms
[2676.837s][info][gc,phases      ] GC(485)   Other: 0.09ms
[2676.837s][info][gc,heap        ] GC(485) Eden regions: 1110->0(1119)
[2676.837s][info][gc,heap        ] GC(485) Survivor regions: 109->109(153)
[2676.837s][info][gc,heap        ] GC(485) Old regions: 537->474
[2676.837s][info][gc,heap        ] GC(485) Humongous regions: 80->80
[2676.837s][info][gc,metaspace   ] GC(485) Metaspace: 28967K(29312K)->28967K(29312K) NonClass: 24082K(24192K)->24082K(24192K) Class: 4884K(5120K)->4884K(5120K)
[2676.837s][info][gc             ] GC(485) Pause Young (Mixed) (G1 Evacuation Pause) 3670M->1324M(4096M) 131.876ms
[2676.837s][info][gc,cpu         ] GC(485) User=0.78s Sys=0.00s Real=0.13s
....[2681.007s][info][gc,start       ] GC(486) Pause Young (Concurrent Start) (G1 Evacuation Pause)
[2681.007s][info][gc,task        ] GC(486) Using 6 workers of 6 for evacuation
[2681.125s][info][gc,phases      ] GC(486)   Pre Evacuate Collection Set: 0.37ms
[2681.125s][info][gc,phases      ] GC(486)   Merge Heap Roots: 0.53ms
[2681.125s][info][gc,phases      ] GC(486)   Evacuate Collection Set: 116.54ms
[2681.125s][info][gc,phases      ] GC(486)   Post Evacuate Collection Set: 0.94ms
[2681.125s][info][gc,phases      ] GC(486)   Other: 0.11ms
[2681.125s][info][gc,heap        ] GC(486) Eden regions: 1119->0(1119)
[2681.125s][info][gc,heap        ] GC(486) Survivor regions: 109->109(154)
[2681.125s][info][gc,heap        ] GC(486) Old regions: 474->506
[2681.125s][info][gc,heap        ] GC(486) Humongous regions: 80->80
[2681.125s][info][gc,metaspace   ] GC(486) Metaspace: 28967K(29312K)->28967K(29312K) NonClass: 24082K(24192K)->24082K(24192K) Class: 4884K(5120K)->4884K(5120K)
[2681.125s][info][gc             ] GC(486) Pause Young (Concurrent Start) (G1 Evacuation Pause) 3562M->1387M(4096M) 118.623ms
[2681.125s][info][gc             ] GC(487) Concurrent Mark Cycle
[2681.125s][info][gc,marking     ] GC(487) Concurrent Scan Root Regions
[2681.125s][info][gc,cpu         ] GC(486) User=0.71s Sys=0.00s Real=0.12s
.[2681.266s][info][gc,marking     ] GC(487) Concurrent Scan Root Regions 141.200ms
[2681.267s][info][gc,marking     ] GC(487) Concurrent Mark
[2681.267s][info][gc,marking     ] GC(487) Concurrent Mark From Roots
[2681.267s][info][gc,task        ] GC(487) Using 2 workers of 2 for marking
[2681.911s][info][gc,marking     ] GC(487) Concurrent Mark From Roots 644.382ms
[2681.911s][info][gc,marking     ] GC(487) Concurrent Preclean
[2681.911s][info][gc,marking     ] GC(487) Concurrent Preclean 0.027ms
[2681.911s][info][gc,start       ] GC(487) Pause Remark
[2681.916s][info][gc             ] GC(487) Pause Remark 1854M->1854M(4096M) 4.453ms
[2681.916s][info][gc,cpu         ] GC(487) User=0.02s Sys=0.00s Real=0.00s
[2681.916s][info][gc,marking     ] GC(487) Concurrent Mark 649.101ms
[2681.916s][info][gc,marking     ] GC(487) Concurrent Rebuild Remembered Sets and Scrub Regions
.[2682.163s][info][gc,marking     ] GC(487) Concurrent Rebuild Remembered Sets and Scrub Regions 247.399ms
[2682.163s][info][gc,start       ] GC(487) Pause Cleanup
[2682.163s][info][gc             ] GC(487) Pause Cleanup 2002M->2002M(4096M) 0.138ms
[2682.163s][info][gc,cpu         ] GC(487) User=0.00s Sys=0.00s Real=0.00s
[2682.163s][info][gc,marking     ] GC(487) Concurrent Clear Claimed Marks
[2682.163s][info][gc,marking     ] GC(487) Concurrent Clear Claimed Marks 0.026ms
[2682.163s][info][gc,marking     ] GC(487) Concurrent Cleanup for Next Mark
[2682.167s][info][gc,marking     ] GC(487) Concurrent Cleanup for Next Mark 3.373ms
[2682.167s][info][gc             ] GC(487) Concurrent Mark Cycle 1041.550ms
...[2685.298s][info][gc,start       ] GC(488) Pause Young (Prepare Mixed) (G1 Evacuation Pause)
[2685.298s][info][gc,task        ] GC(488) Using 6 workers of 6 for evacuation
[2685.418s][info][gc,phases      ] GC(488)   Pre Evacuate Collection Set: 0.35ms
[2685.418s][info][gc,phases      ] GC(488)   Merge Heap Roots: 0.70ms
[2685.418s][info][gc,phases      ] GC(488)   Evacuate Collection Set: 117.83ms
[2685.418s][info][gc,phases      ] GC(488)   Post Evacuate Collection Set: 0.95ms
[2685.418s][info][gc,phases      ] GC(488)   Other: 0.09ms
[2685.418s][info][gc,heap        ] GC(488) Eden regions: 1119->0(1104)
[2685.418s][info][gc,heap        ] GC(488) Survivor regions: 109->112(154)
[2685.418s][info][gc,heap        ] GC(488) Old regions: 506->537
[2685.418s][info][gc,heap        ] GC(488) Humongous regions: 80->80
[2685.418s][info][gc,metaspace   ] GC(488) Metaspace: 28967K(29312K)->28967K(29312K) NonClass: 24082K(24192K)->24082K(24192K) Class: 4884K(5120K)->4884K(5120K)
[2685.418s][info][gc             ] GC(488) Pause Young (Prepare Mixed) (G1 Evacuation Pause) 3625M->1456M(4096M) 120.069ms
[2685.418s][info][gc,cpu         ] GC(488) User=0.71s Sys=0.00s Real=0.12s
....[2689.527s][info][gc,start       ] GC(489) Pause Young (Mixed) (G1 Evacuation Pause)
[2689.527s][info][gc,task        ] GC(489) Using 6 workers of 6 for evacuation
[2689.665s][info][gc,phases      ] GC(489)   Pre Evacuate Collection Set: 0.42ms
[2689.665s][info][gc,phases      ] GC(489)   Merge Heap Roots: 1.05ms
[2689.665s][info][gc,phases      ] GC(489)   Evacuate Collection Set: 135.15ms
[2689.665s][info][gc,phases      ] GC(489)   Post Evacuate Collection Set: 0.96ms
[2689.665s][info][gc,phases      ] GC(489)   Other: 0.09ms
[2689.665s][info][gc,heap        ] GC(489) Eden regions: 1104->0(1118)
[2689.665s][info][gc,heap        ] GC(489) Survivor regions: 112->110(152)
[2689.665s][info][gc,heap        ] GC(489) Old regions: 537->474
[2689.665s][info][gc,heap        ] GC(489) Humongous regions: 80->80
[2689.665s][info][gc,metaspace   ] GC(489) Metaspace: 28967K(29312K)->28967K(29312K) NonClass: 24082K(24192K)->24082K(24192K) Class: 4884K(5120K)->4884K(5120K)
[2689.665s][info][gc             ] GC(489) Pause Young (Mixed) (G1 Evacuation Pause) 3664M->1326M(4096M) 137.838ms
[2689.665s][info][gc,cpu         ] GC(489) User=0.82s Sys=0.00s Real=0.14s
....[2693.844s][info][gc,start       ] GC(490) Pause Young (Concurrent Start) (G1 Evacuation Pause)
[2693.844s][info][gc,task        ] GC(490) Using 6 workers of 6 for evacuation
[2693.963s][info][gc,phases      ] GC(490)   Pre Evacuate Collection Set: 0.41ms
[2693.963s][info][gc,phases      ] GC(490)   Merge Heap Roots: 0.59ms
[2693.963s][info][gc,phases      ] GC(490)   Evacuate Collection Set: 116.95ms
[2693.963s][info][gc,phases      ] GC(490)   Post Evacuate Collection Set: 0.90ms
[2693.963s][info][gc,phases      ] GC(490)   Other: 0.11ms
[2693.963s][info][gc,heap        ] GC(490) Eden regions: 1118->0(1118)
[2693.963s][info][gc,heap        ] GC(490) Survivor regions: 110->110(154)
[2693.963s][info][gc,heap        ] GC(490) Old regions: 474->506
[2693.963s][info][gc,heap        ] GC(490) Humongous regions: 80->80
[2693.963s][info][gc,metaspace   ] GC(490) Metaspace: 28967K(29312K)->28967K(29312K) NonClass: 24082K(24192K)->24082K(24192K) Class: 4884K(5120K)->4884K(5120K)
[2693.963s][info][gc             ] GC(490) Pause Young (Concurrent Start) (G1 Evacuation Pause) 3562M->1391M(4096M) 119.086ms
[2693.963s][info][gc             ] GC(491) Concurrent Mark Cycle
[2693.963s][info][gc,marking     ] GC(491) Concurrent Scan Root Regions
[2693.963s][info][gc,cpu         ] GC(490) User=0.71s Sys=0.00s Real=0.12s
[2694.106s][info][gc,marking     ] GC(491) Concurrent Scan Root Regions 143.608ms
[2694.106s][info][gc,marking     ] GC(491) Concurrent Mark
[2694.106s][info][gc,marking     ] GC(491) Concurrent Mark From Roots
[2694.106s][info][gc,task        ] GC(491) Using 2 workers of 2 for marking
.[2694.733s][info][gc,marking     ] GC(491) Concurrent Mark From Roots 626.487ms
[2694.733s][info][gc,marking     ] GC(491) Concurrent Preclean
[2694.733s][info][gc,marking     ] GC(491) Concurrent Preclean 0.041ms
[2694.733s][info][gc,start       ] GC(491) Pause Remark
[2694.737s][info][gc             ] GC(491) Pause Remark 1819M->1819M(4096M) 4.064ms
[2694.737s][info][gc,cpu         ] GC(491) User=0.02s Sys=0.00s Real=0.00s
[2694.737s][info][gc,marking     ] GC(491) Concurrent Mark 630.837ms
[2694.737s][info][gc,marking     ] GC(491) Concurrent Rebuild Remembered Sets and Scrub Regions
[2694.972s][info][gc,marking     ] GC(491) Concurrent Rebuild Remembered Sets and Scrub Regions 234.383ms
[2694.972s][info][gc,start       ] GC(491) Pause Cleanup
[2694.972s][info][gc             ] GC(491) Pause Cleanup 1958M->1958M(4096M) 0.134ms
[2694.972s][info][gc,cpu         ] GC(491) User=0.00s Sys=0.00s Real=0.00s
[2694.972s][info][gc,marking     ] GC(491) Concurrent Clear Claimed Marks
[2694.972s][info][gc,marking     ] GC(491) Concurrent Clear Claimed Marks 0.033ms
[2694.972s][info][gc,marking     ] GC(491) Concurrent Cleanup for Next Mark
[2694.976s][info][gc,marking     ] GC(491) Concurrent Cleanup for Next Mark 3.816ms
[2694.976s][info][gc             ] GC(491) Concurrent Mark Cycle 1013.151ms
...[2698.132s][info][gc,start       ] GC(492) Pause Young (Prepare Mixed) (G1 Evacuation Pause)
[2698.132s][info][gc,task        ] GC(492) Using 6 workers of 6 for evacuation
[2698.252s][info][gc,phases      ] GC(492)   Pre Evacuate Collection Set: 0.32ms
[2698.252s][info][gc,phases      ] GC(492)   Merge Heap Roots: 0.68ms
[2698.252s][info][gc,phases      ] GC(492)   Evacuate Collection Set: 118.13ms
[2698.252s][info][gc,phases      ] GC(492)   Post Evacuate Collection Set: 0.93ms
[2698.252s][info][gc,phases      ] GC(492)   Other: 0.09ms
[2698.252s][info][gc,heap        ] GC(492) Eden regions: 1118->0(1106)
[2698.252s][info][gc,heap        ] GC(492) Survivor regions: 110->111(154)
[2698.252s][info][gc,heap        ] GC(492) Old regions: 506->537
[2698.252s][info][gc,heap        ] GC(492) Humongous regions: 80->80
[2698.252s][info][gc,metaspace   ] GC(492) Metaspace: 28967K(29312K)->28967K(29312K) NonClass: 24082K(24192K)->24082K(24192K) Class: 4884K(5120K)->4884K(5120K)
[2698.252s][info][gc             ] GC(492) Pause Young (Prepare Mixed) (G1 Evacuation Pause) 3627M->1455M(4096M) 120.273ms
[2698.252s][info][gc,cpu         ] GC(492) User=0.71s Sys=0.00s Real=0.12s
.....[2702.305s][info][gc,start       ] GC(493) Pause Young (Mixed) (G1 Evacuation Pause)
[2702.305s][info][gc,task        ] GC(493) Using 6 workers of 6 for evacuation
[2702.437s][info][gc,phases      ] GC(493)   Pre Evacuate Collection Set: 0.38ms
[2702.437s][info][gc,phases      ] GC(493)   Merge Heap Roots: 0.75ms
[2702.437s][info][gc,phases      ] GC(493)   Evacuate Collection Set: 129.87ms
[2702.437s][info][gc,phases      ] GC(493)   Post Evacuate Collection Set: 0.97ms
[2702.437s][info][gc,phases      ] GC(493)   Other: 0.09ms
[2702.437s][info][gc,heap        ] GC(493) Eden regions: 1106->0(1117)
[2702.437s][info][gc,heap        ] GC(493) Survivor regions: 111->111(153)
[2702.437s][info][gc,heap        ] GC(493) Old regions: 537->473
[2702.437s][info][gc,heap        ] GC(493) Humongous regions: 80->80
[2702.437s][info][gc,metaspace   ] GC(493) Metaspace: 28967K(29312K)->28967K(29312K) NonClass: 24082K(24192K)->24082K(24192K) Class: 4884K(5120K)->4884K(5120K)
[2702.437s][info][gc             ] GC(493) Pause Young (Mixed) (G1 Evacuation Pause) 3667M->1325M(4096M) 132.184ms
[2702.437s][info][gc,cpu         ] GC(493) User=0.79s Sys=0.00s Real=0.13s
....[2706.559s][info][gc,start       ] GC(494) Pause Young (Concurrent Start) (G1 Evacuation Pause)
[2706.559s][info][gc,task        ] GC(494) Using 6 workers of 6 for evacuation
[2706.683s][info][gc,phases      ] GC(494)   Pre Evacuate Collection Set: 0.41ms
[2706.683s][info][gc,phases      ] GC(494)   Merge Heap Roots: 0.52ms
[2706.683s][info][gc,phases      ] GC(494)   Evacuate Collection Set: 122.03ms
[2706.683s][info][gc,phases      ] GC(494)   Post Evacuate Collection Set: 0.90ms
[2706.683s][info][gc,phases      ] GC(494)   Other: 0.10ms
[2706.683s][info][gc,heap        ] GC(494) Eden regions: 1117->0(1120)
[2706.683s][info][gc,heap        ] GC(494) Survivor regions: 111->108(154)
[2706.683s][info][gc,heap        ] GC(494) Old regions: 473->505
[2706.683s][info][gc,heap        ] GC(494) Humongous regions: 80->80
[2706.683s][info][gc,metaspace   ] GC(494) Metaspace: 28967K(29312K)->28967K(29312K) NonClass: 24082K(24192K)->24082K(24192K) Class: 4884K(5120K)->4884K(5120K)
[2706.683s][info][gc             ] GC(494) Pause Young (Concurrent Start) (G1 Evacuation Pause) 3559M->1385M(4096M) 124.091ms
[2706.684s][info][gc             ] GC(495) Concurrent Mark Cycle
[2706.684s][info][gc,marking     ] GC(495) Concurrent Scan Root Regions
[2706.684s][info][gc,cpu         ] GC(494) User=0.74s Sys=0.00s Real=0.12s
[2706.822s][info][gc,marking     ] GC(495) Concurrent Scan Root Regions 138.421ms
[2706.822s][info][gc,marking     ] GC(495) Concurrent Mark
[2706.822s][info][gc,marking     ] GC(495) Concurrent Mark From Roots
[2706.822s][info][gc,task        ] GC(495) Using 2 workers of 2 for marking
.[2707.496s][info][gc,marking     ] GC(495) Concurrent Mark From Roots 673.809ms
[2707.496s][info][gc,marking     ] GC(495) Concurrent Preclean
[2707.496s][info][gc,marking     ] GC(495) Concurrent Preclean 0.047ms
[2707.496s][info][gc,start       ] GC(495) Pause Remark
[2707.500s][info][gc             ] GC(495) Pause Remark 1895M->1895M(4096M) 4.089ms
[2707.500s][info][gc,cpu         ] GC(495) User=0.03s Sys=0.00s Real=0.01s
[2707.500s][info][gc,marking     ] GC(495) Concurrent Mark 678.183ms
[2707.500s][info][gc,marking     ] GC(495) Concurrent Rebuild Remembered Sets and Scrub Regions
[2707.778s][info][gc,marking     ] GC(495) Concurrent Rebuild Remembered Sets and Scrub Regions 278.161ms
[2707.778s][info][gc,start       ] GC(495) Pause Cleanup
[2707.779s][info][gc             ] GC(495) Pause Cleanup 2016M->2016M(4096M) 0.130ms
[2707.779s][info][gc,cpu         ] GC(495) User=0.00s Sys=0.00s Real=0.00s
[2707.779s][info][gc,marking     ] GC(495) Concurrent Clear Claimed Marks
[2707.779s][info][gc,marking     ] GC(495) Concurrent Clear Claimed Marks 0.031ms
[2707.779s][info][gc,marking     ] GC(495) Concurrent Cleanup for Next Mark
[2707.782s][info][gc,marking     ] GC(495) Concurrent Cleanup for Next Mark 3.679ms
[2707.782s][info][gc             ] GC(495) Concurrent Mark Cycle 1098.947ms
...[2710.899s][info][gc,start       ] GC(496) Pause Young (Prepare Mixed) (G1 Evacuation Pause)
[2710.899s][info][gc,task        ] GC(496) Using 6 workers of 6 for evacuation
[2711.018s][info][gc,phases      ] GC(496)   Pre Evacuate Collection Set: 0.31ms
[2711.018s][info][gc,phases      ] GC(496)   Merge Heap Roots: 0.64ms
[2711.018s][info][gc,phases      ] GC(496)   Evacuate Collection Set: 116.42ms
[2711.018s][info][gc,phases      ] GC(496)   Post Evacuate Collection Set: 0.94ms
[2711.018s][info][gc,phases      ] GC(496)   Other: 0.09ms
[2711.018s][info][gc,heap        ] GC(496) Eden regions: 1120->0(1108)
[2711.018s][info][gc,heap        ] GC(496) Survivor regions: 108->110(154)
[2711.018s][info][gc,heap        ] GC(496) Old regions: 505->537
[2711.018s][info][gc,heap        ] GC(496) Humongous regions: 80->80
[2711.018s][info][gc,metaspace   ] GC(496) Metaspace: 28967K(29312K)->28967K(29312K) NonClass: 24082K(24192K)->24082K(24192K) Class: 4884K(5120K)->4884K(5120K)
[2711.018s][info][gc             ] GC(496) Pause Young (Prepare Mixed) (G1 Evacuation Pause) 3625M->1451M(4096M) 118.536ms
[2711.018s][info][gc,cpu         ] GC(496) User=0.70s Sys=0.00s Real=0.12s
....[2715.100s][info][gc,start       ] GC(497) Pause Young (Mixed) (G1 Evacuation Pause)
[2715.100s][info][gc,task        ] GC(497) Using 6 workers of 6 for evacuation
[2715.236s][info][gc,phases      ] GC(497)   Pre Evacuate Collection Set: 0.40ms
[2715.236s][info][gc,phases      ] GC(497)   Merge Heap Roots: 0.88ms
[2715.236s][info][gc,phases      ] GC(497)   Evacuate Collection Set: 133.07ms
[2715.236s][info][gc,phases      ] GC(497)   Post Evacuate Collection Set: 0.96ms
[2715.236s][info][gc,phases      ] GC(497)   Other: 0.09ms
[2715.236s][info][gc,heap        ] GC(497) Eden regions: 1108->0(1118)
[2715.236s][info][gc,heap        ] GC(497) Survivor regions: 110->110(153)
[2715.236s][info][gc,heap        ] GC(497) Old regions: 537->474
[2715.236s][info][gc,heap        ] GC(497) Humongous regions: 80->80
[2715.236s][info][gc,metaspace   ] GC(497) Metaspace: 28967K(29312K)->28967K(29312K) NonClass: 24082K(24192K)->24082K(24192K) Class: 4884K(5120K)->4884K(5120K)
[2715.236s][info][gc             ] GC(497) Pause Young (Mixed) (G1 Evacuation Pause) 3667M->1326M(4096M) 135.534ms
[2715.236s][info][gc,cpu         ] GC(497) User=0.81s Sys=0.01s Real=0.13s
.....[2719.396s][info][gc,start       ] GC(498) Pause Young (Concurrent Start) (G1 Evacuation Pause)
[2719.396s][info][gc,task        ] GC(498) Using 6 workers of 6 for evacuation
[2719.513s][info][gc,phases      ] GC(498)   Pre Evacuate Collection Set: 0.42ms
[2719.513s][info][gc,phases      ] GC(498)   Merge Heap Roots: 0.55ms
[2719.513s][info][gc,phases      ] GC(498)   Evacuate Collection Set: 114.77ms
[2719.513s][info][gc,phases      ] GC(498)   Post Evacuate Collection Set: 0.87ms
[2719.513s][info][gc,phases      ] GC(498)   Other: 0.12ms
[2719.513s][info][gc,heap        ] GC(498) Eden regions: 1118->0(1119)
[2719.513s][info][gc,heap        ] GC(498) Survivor regions: 110->109(154)
[2719.513s][info][gc,heap        ] GC(498) Old regions: 474->506
[2719.513s][info][gc,heap        ] GC(498) Humongous regions: 80->80
[2719.513s][info][gc,metaspace   ] GC(498) Metaspace: 28967K(29312K)->28967K(29312K) NonClass: 24082K(24192K)->24082K(24192K) Class: 4884K(5120K)->4884K(5120K)
[2719.513s][info][gc             ] GC(498) Pause Young (Concurrent Start) (G1 Evacuation Pause) 3562M->1389M(4096M) 116.866ms
[2719.513s][info][gc             ] GC(499) Concurrent Mark Cycle
[2719.513s][info][gc,marking     ] GC(499) Concurrent Scan Root Regions
[2719.513s][info][gc,cpu         ] GC(498) User=0.69s Sys=0.00s Real=0.12s
[2719.657s][info][gc,marking     ] GC(499) Concurrent Scan Root Regions 143.284ms
[2719.657s][info][gc,marking     ] GC(499) Concurrent Mark
[2719.657s][info][gc,marking     ] GC(499) Concurrent Mark From Roots
[2719.657s][info][gc,task        ] GC(499) Using 2 workers of 2 for marking
[2720.293s][info][gc,marking     ] GC(499) Concurrent Mark From Roots 636.765ms
[2720.293s][info][gc,marking     ] GC(499) Concurrent Preclean
[2720.294s][info][gc,marking     ] GC(499) Concurrent Preclean 0.168ms
[2720.295s][info][gc,start       ] GC(499) Pause Remark
[2720.301s][info][gc             ] GC(499) Pause Remark 1823M->1823M(4096M) 5.649ms
[2720.301s][info][gc,cpu         ] GC(499) User=0.03s Sys=0.00s Real=0.01s
[2720.302s][info][gc,marking     ] GC(499) Concurrent Mark 645.557ms
[2720.302s][info][gc,marking     ] GC(499) Concurrent Rebuild Remembered Sets and Scrub Regions
.[2720.561s][info][gc,marking     ] GC(499) Concurrent Rebuild Remembered Sets and Scrub Regions 259.297ms
[2720.562s][info][gc,start       ] GC(499) Pause Cleanup
[2720.562s][info][gc             ] GC(499) Pause Cleanup 1975M->1975M(4096M) 0.137ms
[2720.562s][info][gc,cpu         ] GC(499) User=0.00s Sys=0.00s Real=0.00s
[2720.562s][info][gc,marking     ] GC(499) Concurrent Clear Claimed Marks
[2720.562s][info][gc,marking     ] GC(499) Concurrent Clear Claimed Marks 0.038ms
[2720.562s][info][gc,marking     ] GC(499) Concurrent Cleanup for Next Mark
[2720.566s][info][gc,marking     ] GC(499) Concurrent Cleanup for Next Mark 3.882ms
[2720.566s][info][gc             ] GC(499) Concurrent Mark Cycle 1053.079ms
.. (rIR:aIR:PR = 4428:4430:4430) (tPR = 65468) [OK] 
  2722s: Performance info:
         Transaction,    Success,    Partial,     Failed,   Receipts, AvgBarcode, 
             Overall,     267588,          0,          0,     254216,      59.48, 
         Response times:
             Request,    Success,    Partial,     Failed,   SkipFail,     Probes,    Samples,      min,      p50,      p90,      p95,      p99,      max, 
       TotalPurchase,     254216,          0,          0,          0,     249568,     267202,      300,     3700,     6900,    12800,    47000,   227000,
     InStorePurchase,     133775,          0,          0,          0,     131507,     140672,      300,     3600,     6800,    13000,    46000,   226000,
      OnlinePurchase,      93707,          0,          0,          0,      92091,      98438,      300,     3900,     7100,    13000,    48000,   227000,
        InstPurchase,      26734,          0,          0,          0,      25970,      28092,      400,     3000,     6600,    11300,    51000,   145000,
          AssocOfCat,        266,          0,          0,          0,        210,        274,    19200,    35000,    55000,    64250,   168750,   184000,
      AssocOfProduct,       2671,          0,          0,          0,       2448,       2818,      500,     4700,     7900,    17605,    49810,   142000,
      BusinessReport,        675,          0,          0,          0,        580,        710,    26000,    38000,    60900,    78900,   166560,   247000,
          CustBuyBeh,       2673,          0,          0,          0,       2465,       2845,      200,     2400,     5700,    10800,    35000,   126000,
       ProductReturn,       7087,          0,          0,          0,       6736,       7508,      200,     3600,     6900,    13655,    47000,   142000,

  2722s: (33%)   IR =   4566 .[2723.636s][info][gc,start       ] GC(500) Pause Young (Prepare Mixed) (G1 Evacuation Pause)
[2723.636s][info][gc,task        ] GC(500) Using 6 workers of 6 for evacuation
[2723.757s][info][gc,phases      ] GC(500)   Pre Evacuate Collection Set: 0.34ms
[2723.757s][info][gc,phases      ] GC(500)   Merge Heap Roots: 0.63ms
[2723.757s][info][gc,phases      ] GC(500)   Evacuate Collection Set: 118.17ms
[2723.757s][info][gc,phases      ] GC(500)   Post Evacuate Collection Set: 0.94ms
[2723.757s][info][gc,phases      ] GC(500)   Other: 0.09ms
[2723.757s][info][gc,heap        ] GC(500) Eden regions: 1119->0(1104)
[2723.757s][info][gc,heap        ] GC(500) Survivor regions: 109->111(154)
[2723.757s][info][gc,heap        ] GC(500) Old regions: 506->539
[2723.757s][info][gc,heap        ] GC(500) Humongous regions: 80->80
[2723.757s][info][gc,metaspace   ] GC(500) Metaspace: 28959K(29312K)->28959K(29312K) NonClass: 24077K(24192K)->24077K(24192K) Class: 4881K(5120K)->4881K(5120K)
[2723.757s][info][gc             ] GC(500) Pause Young (Prepare Mixed) (G1 Evacuation Pause) 3627M->1458M(4096M) 120.290ms
[2723.757s][info][gc,cpu         ] GC(500) User=0.72s Sys=0.00s Real=0.12s
....|[2727.750s][info][gc,start       ] GC(501) Pause Young (Mixed) (G1 Evacuation Pause)
[2727.750s][info][gc,task        ] GC(501) Using 6 workers of 6 for evacuation
[2727.883s][info][gc,phases      ] GC(501)   Pre Evacuate Collection Set: 0.41ms
[2727.883s][info][gc,phases      ] GC(501)   Merge Heap Roots: 0.74ms
[2727.883s][info][gc,phases      ] GC(501)   Evacuate Collection Set: 131.28ms
[2727.883s][info][gc,phases      ] GC(501)   Post Evacuate Collection Set: 0.95ms
[2727.883s][info][gc,phases      ] GC(501)   Other: 0.09ms
[2727.883s][info][gc,heap        ] GC(501) Eden regions: 1104->0(1116)
[2727.883s][info][gc,heap        ] GC(501) Survivor regions: 111->112(152)
[2727.883s][info][gc,heap        ] GC(501) Old regions: 539->475
[2727.883s][info][gc,heap        ] GC(501) Humongous regions: 80->80
[2727.883s][info][gc,metaspace   ] GC(501) Metaspace: 28959K(29312K)->28959K(29312K) NonClass: 24077K(24192K)->24077K(24192K) Class: 4881K(5120K)->4881K(5120K)
[2727.883s][info][gc             ] GC(501) Pause Young (Mixed) (G1 Evacuation Pause) 3666M->1331M(4096M) 133.602ms
[2727.883s][info][gc,cpu         ] GC(501) User=0.79s Sys=0.00s Real=0.13s
....[2731.851s][info][gc,start       ] GC(502) Pause Young (Concurrent Start) (G1 Evacuation Pause)
[2731.851s][info][gc,task        ] GC(502) Using 6 workers of 6 for evacuation
[2731.969s][info][gc,phases      ] GC(502)   Pre Evacuate Collection Set: 0.43ms
[2731.969s][info][gc,phases      ] GC(502)   Merge Heap Roots: 0.57ms
[2731.969s][info][gc,phases      ] GC(502)   Evacuate Collection Set: 116.50ms
[2731.969s][info][gc,phases      ] GC(502)   Post Evacuate Collection Set: 0.90ms
[2731.969s][info][gc,phases      ] GC(502)   Other: 0.12ms
[2731.969s][info][gc,heap        ] GC(502) Eden regions: 1116->0(1118)
[2731.969s][info][gc,heap        ] GC(502) Survivor regions: 112->110(154)
[2731.969s][info][gc,heap        ] GC(502) Old regions: 475->507
[2731.969s][info][gc,heap        ] GC(502) Humongous regions: 80->80
[2731.969s][info][gc,metaspace   ] GC(502) Metaspace: 28959K(29312K)->28959K(29312K) NonClass: 24077K(24192K)->24077K(24192K) Class: 4881K(5120K)->4881K(5120K)
[2731.969s][info][gc             ] GC(502) Pause Young (Concurrent Start) (G1 Evacuation Pause) 3563M->1391M(4096M) 118.668ms
[2731.969s][info][gc             ] GC(503) Concurrent Mark Cycle
[2731.969s][info][gc,marking     ] GC(503) Concurrent Scan Root Regions
[2731.970s][info][gc,cpu         ] GC(502) User=0.70s Sys=0.00s Real=0.12s
[2732.131s][info][gc,marking     ] GC(503) Concurrent Scan Root Regions 161.813ms
[2732.131s][info][gc,marking     ] GC(503) Concurrent Mark
[2732.131s][info][gc,marking     ] GC(503) Concurrent Mark From Roots
[2732.131s][info][gc,task        ] GC(503) Using 2 workers of 2 for marking
.[2732.855s][info][gc,marking     ] GC(503) Concurrent Mark From Roots 724.041ms
[2732.855s][info][gc,marking     ] GC(503) Concurrent Preclean
[2732.855s][info][gc,marking     ] GC(503) Concurrent Preclean 0.087ms
[2732.856s][info][gc,start       ] GC(503) Pause Remark
[2732.860s][info][gc             ] GC(503) Pause Remark 1880M->1880M(4096M) 4.588ms
[2732.860s][info][gc,cpu         ] GC(503) User=0.02s Sys=0.00s Real=0.01s
[2732.860s][info][gc,marking     ] GC(503) Concurrent Mark 728.933ms
[2732.860s][info][gc,marking     ] GC(503) Concurrent Rebuild Remembered Sets and Scrub Regions
[2733.219s][info][gc,marking     ] GC(503) Concurrent Rebuild Remembered Sets and Scrub Regions 358.801ms
[2733.219s][info][gc,start       ] GC(503) Pause Cleanup
[2733.219s][info][gc             ] GC(503) Pause Cleanup 2093M->2093M(4096M) 0.130ms
[2733.219s][info][gc,cpu         ] GC(503) User=0.00s Sys=0.00s Real=0.00s
[2733.219s][info][gc,marking     ] GC(503) Concurrent Clear Claimed Marks
[2733.219s][info][gc,marking     ] GC(503) Concurrent Clear Claimed Marks 0.029ms
[2733.219s][info][gc,marking     ] GC(503) Concurrent Cleanup for Next Mark
[2733.224s][info][gc,marking     ] GC(503) Concurrent Cleanup for Next Mark 4.802ms
[2733.224s][info][gc             ] GC(503) Concurrent Mark Cycle 1254.841ms
...[2736.040s][info][gc,start       ] GC(504) Pause Young (Prepare Mixed) (G1 Evacuation Pause)
[2736.040s][info][gc,task        ] GC(504) Using 6 workers of 6 for evacuation
[2736.155s][info][gc,phases      ] GC(504)   Pre Evacuate Collection Set: 0.38ms
[2736.155s][info][gc,phases      ] GC(504)   Merge Heap Roots: 0.58ms
[2736.155s][info][gc,phases      ] GC(504)   Evacuate Collection Set: 113.43ms
[2736.155s][info][gc,phases      ] GC(504)   Post Evacuate Collection Set: 0.95ms
[2736.155s][info][gc,phases      ] GC(504)   Other: 0.09ms
[2736.155s][info][gc,heap        ] GC(504) Eden regions: 1118->0(1110)
[2736.155s][info][gc,heap        ] GC(504) Survivor regions: 110->108(154)
[2736.155s][info][gc,heap        ] GC(504) Old regions: 507->539
[2736.155s][info][gc,heap        ] GC(504) Humongous regions: 80->80
[2736.155s][info][gc,metaspace   ] GC(504) Metaspace: 28959K(29312K)->28959K(29312K) NonClass: 24077K(24192K)->24077K(24192K) Class: 4881K(5120K)->4881K(5120K)
[2736.155s][info][gc             ] GC(504) Pause Young (Prepare Mixed) (G1 Evacuation Pause) 3627M->1451M(4096M) 115.560ms
[2736.155s][info][gc,cpu         ] GC(504) User=0.69s Sys=0.00s Real=0.11s
....[2740.082s][info][gc,start       ] GC(505) Pause Young (Mixed) (G1 Evacuation Pause)
[2740.082s][info][gc,task        ] GC(505) Using 6 workers of 6 for evacuation
[2740.213s][info][gc,phases      ] GC(505)   Pre Evacuate Collection Set: 0.41ms
[2740.213s][info][gc,phases      ] GC(505)   Merge Heap Roots: 0.78ms
[2740.213s][info][gc,phases      ] GC(505)   Evacuate Collection Set: 128.54ms
[2740.213s][info][gc,phases      ] GC(505)   Post Evacuate Collection Set: 0.95ms
[2740.213s][info][gc,phases      ] GC(505)   Other: 0.09ms
[2740.213s][info][gc,heap        ] GC(505) Eden regions: 1110->0(1121)
[2740.213s][info][gc,heap        ] GC(505) Survivor regions: 108->107(153)
[2740.213s][info][gc,heap        ] GC(505) Old regions: 539->474
[2740.213s][info][gc,heap        ] GC(505) Humongous regions: 80->80
[2740.213s][info][gc,metaspace   ] GC(505) Metaspace: 28960K(29312K)->28960K(29312K) NonClass: 24078K(24192K)->24078K(24192K) Class: 4881K(5120K)->4881K(5120K)
[2740.213s][info][gc             ] GC(505) Pause Young (Mixed) (G1 Evacuation Pause) 3671M->1320M(4096M) 130.918ms
[2740.213s][info][gc,cpu         ] GC(505) User=0.78s Sys=0.00s Real=0.13s
....[2744.229s][info][gc,start       ] GC(506) Pause Young (Concurrent Start) (G1 Evacuation Pause)
[2744.229s][info][gc,task        ] GC(506) Using 6 workers of 6 for evacuation
[2744.346s][info][gc,phases      ] GC(506)   Pre Evacuate Collection Set: 0.41ms
[2744.346s][info][gc,phases      ] GC(506)   Merge Heap Roots: 0.52ms
[2744.346s][info][gc,phases      ] GC(506)   Evacuate Collection Set: 114.59ms
[2744.346s][info][gc,phases      ] GC(506)   Post Evacuate Collection Set: 0.91ms
[2744.346s][info][gc,phases      ] GC(506)   Other: 0.09ms
[2744.346s][info][gc,heap        ] GC(506) Eden regions: 1121->0(1120)
[2744.346s][info][gc,heap        ] GC(506) Survivor regions: 107->108(154)
[2744.346s][info][gc,heap        ] GC(506) Old regions: 474->506
[2744.346s][info][gc,heap        ] GC(506) Humongous regions: 80->80
[2744.346s][info][gc,metaspace   ] GC(506) Metaspace: 28960K(29312K)->28960K(29312K) NonClass: 24078K(24192K)->24078K(24192K) Class: 4881K(5120K)->4881K(5120K)
[2744.346s][info][gc             ] GC(506) Pause Young (Concurrent Start) (G1 Evacuation Pause) 3562M->1385M(4096M) 116.650ms
[2744.346s][info][gc             ] GC(507) Concurrent Mark Cycle
[2744.346s][info][gc,marking     ] GC(507) Concurrent Scan Root Regions
[2744.346s][info][gc,cpu         ] GC(506) User=0.69s Sys=0.00s Real=0.12s
.[2744.516s][info][gc,marking     ] GC(507) Concurrent Scan Root Regions 169.952ms
[2744.516s][info][gc,marking     ] GC(507) Concurrent Mark
[2744.516s][info][gc,marking     ] GC(507) Concurrent Mark From Roots
[2744.516s][info][gc,task        ] GC(507) Using 2 workers of 2 for marking
.[2745.453s][info][gc,marking     ] GC(507) Concurrent Mark From Roots 937.086ms
[2745.453s][info][gc,marking     ] GC(507) Concurrent Preclean
[2745.453s][info][gc,marking     ] GC(507) Concurrent Preclean 0.063ms
[2745.453s][info][gc,start       ] GC(507) Pause Remark
[2745.458s][info][gc             ] GC(507) Pause Remark 2015M->2015M(4096M) 5.051ms
[2745.458s][info][gc,cpu         ] GC(507) User=0.03s Sys=0.00s Real=0.00s
[2745.458s][info][gc,marking     ] GC(507) Concurrent Mark 942.454ms
[2745.458s][info][gc,marking     ] GC(507) Concurrent Rebuild Remembered Sets and Scrub Regions
[2745.705s][info][gc,marking     ] GC(507) Concurrent Rebuild Remembered Sets and Scrub Regions 246.610ms
[2745.705s][info][gc,start       ] GC(507) Pause Cleanup
[2745.705s][info][gc             ] GC(507) Pause Cleanup 2156M->2156M(4096M) 0.135ms
[2745.705s][info][gc,cpu         ] GC(507) User=0.00s Sys=0.00s Real=0.00s
[2745.705s][info][gc,marking     ] GC(507) Concurrent Clear Claimed Marks
[2745.705s][info][gc,marking     ] GC(507) Concurrent Clear Claimed Marks 0.027ms
[2745.705s][info][gc,marking     ] GC(507) Concurrent Cleanup for Next Mark
[2745.709s][info][gc,marking     ] GC(507) Concurrent Cleanup for Next Mark 3.847ms
[2745.709s][info][gc             ] GC(507) Concurrent Mark Cycle 1363.335ms
..[2748.398s][info][gc,start       ] GC(508) Pause Young (Prepare Mixed) (G1 Evacuation Pause)
[2748.398s][info][gc,task        ] GC(508) Using 6 workers of 6 for evacuation
[2748.515s][info][gc,phases      ] GC(508)   Pre Evacuate Collection Set: 0.37ms
[2748.516s][info][gc,phases      ] GC(508)   Merge Heap Roots: 0.67ms
[2748.516s][info][gc,phases      ] GC(508)   Evacuate Collection Set: 115.57ms
[2748.516s][info][gc,phases      ] GC(508)   Post Evacuate Collection Set: 0.92ms
[2748.516s][info][gc,phases      ] GC(508)   Other: 0.09ms
[2748.516s][info][gc,heap        ] GC(508) Eden regions: 1120->0(1110)
[2748.516s][info][gc,heap        ] GC(508) Survivor regions: 108->109(154)
[2748.516s][info][gc,heap        ] GC(508) Old regions: 506->537
[2748.516s][info][gc,heap        ] GC(508) Humongous regions: 80->80
[2748.516s][info][gc,metaspace   ] GC(508) Metaspace: 28960K(29312K)->28960K(29312K) NonClass: 24078K(24192K)->24078K(24192K) Class: 4881K(5120K)->4881K(5120K)
[2748.516s][info][gc             ] GC(508) Pause Young (Prepare Mixed) (G1 Evacuation Pause) 3625M->1449M(4096M) 117.757ms
[2748.516s][info][gc,cpu         ] GC(508) User=0.70s Sys=0.00s Real=0.12s
....[2752.453s][info][gc,start       ] GC(509) Pause Young (Mixed) (G1 Evacuation Pause)
[2752.453s][info][gc,task        ] GC(509) Using 6 workers of 6 for evacuation
[2752.584s][info][gc,phases      ] GC(509)   Pre Evacuate Collection Set: 0.39ms
[2752.584s][info][gc,phases      ] GC(509)   Merge Heap Roots: 0.77ms
[2752.584s][info][gc,phases      ] GC(509)   Evacuate Collection Set: 128.85ms
[2752.584s][info][gc,phases      ] GC(509)   Post Evacuate Collection Set: 0.94ms
[2752.584s][info][gc,phases      ] GC(509)   Other: 0.09ms
[2752.584s][info][gc,heap        ] GC(509) Eden regions: 1110->0(1120)
[2752.584s][info][gc,heap        ] GC(509) Survivor regions: 109->108(153)
[2752.584s][info][gc,heap        ] GC(509) Old regions: 537->473
[2752.584s][info][gc,heap        ] GC(509) Humongous regions: 80->80
[2752.584s][info][gc,metaspace   ] GC(509) Metaspace: 28960K(29312K)->28960K(29312K) NonClass: 24078K(24192K)->24078K(24192K) Class: 4881K(5120K)->4881K(5120K)
[2752.584s][info][gc             ] GC(509) Pause Young (Mixed) (G1 Evacuation Pause) 3669M->1320M(4096M) 131.171ms
[2752.584s][info][gc,cpu         ] GC(509) User=0.78s Sys=0.00s Real=0.13s
.....[2756.708s][info][gc,start       ] GC(510) Pause Young (Concurrent Start) (G1 Evacuation Pause)
[2756.708s][info][gc,task        ] GC(510) Using 6 workers of 6 for evacuation
[2756.827s][info][gc,phases      ] GC(510)   Pre Evacuate Collection Set: 0.41ms
[2756.827s][info][gc,phases      ] GC(510)   Merge Heap Roots: 0.51ms
[2756.827s][info][gc,phases      ] GC(510)   Evacuate Collection Set: 116.33ms
[2756.827s][info][gc,phases      ] GC(510)   Post Evacuate Collection Set: 0.92ms
[2756.827s][info][gc,phases      ] GC(510)   Other: 0.13ms
[2756.827s][info][gc,heap        ] GC(510) Eden regions: 1120->0(1117)
[2756.827s][info][gc,heap        ] GC(510) Survivor regions: 108->111(154)
[2756.827s][info][gc,heap        ] GC(510) Old regions: 473->505
[2756.827s][info][gc,heap        ] GC(510) Humongous regions: 80->80
[2756.827s][info][gc,metaspace   ] GC(510) Metaspace: 28960K(29312K)->28960K(29312K) NonClass: 24078K(24192K)->24078K(24192K) Class: 4881K(5120K)->4881K(5120K)
[2756.827s][info][gc             ] GC(510) Pause Young (Concurrent Start) (G1 Evacuation Pause) 3560M->1390M(4096M) 118.453ms
[2756.827s][info][gc             ] GC(511) Concurrent Mark Cycle
[2756.827s][info][gc,marking     ] GC(511) Concurrent Scan Root Regions
[2756.827s][info][gc,cpu         ] GC(510) User=0.70s Sys=0.00s Real=0.12s
[2756.997s][info][gc,marking     ] GC(511) Concurrent Scan Root Regions 170.122ms
[2756.997s][info][gc,marking     ] GC(511) Concurrent Mark
[2756.997s][info][gc,marking     ] GC(511) Concurrent Mark From Roots
[2756.997s][info][gc,task        ] GC(511) Using 2 workers of 2 for marking
.[2757.783s][info][gc,marking     ] GC(511) Concurrent Mark From Roots 786.034ms
[2757.783s][info][gc,marking     ] GC(511) Concurrent Preclean
[2757.783s][info][gc,marking     ] GC(511) Concurrent Preclean 0.064ms
[2757.783s][info][gc,start       ] GC(511) Pause Remark
[2757.789s][info][gc             ] GC(511) Pause Remark 1984M->1984M(4096M) 6.107ms
[2757.789s][info][gc,cpu         ] GC(511) User=0.03s Sys=0.00s Real=0.01s
[2757.789s][info][gc,marking     ] GC(511) Concurrent Mark 792.484ms
[2757.789s][info][gc,marking     ] GC(511) Concurrent Rebuild Remembered Sets and Scrub Regions
[2758.069s][info][gc,marking     ] GC(511) Concurrent Rebuild Remembered Sets and Scrub Regions 279.352ms
[2758.069s][info][gc,start       ] GC(511) Pause Cleanup
[2758.069s][info][gc             ] GC(511) Pause Cleanup 2152M->2152M(4096M) 0.133ms
[2758.069s][info][gc,cpu         ] GC(511) User=0.00s Sys=0.00s Real=0.00s
[2758.069s][info][gc,marking     ] GC(511) Concurrent Clear Claimed Marks
[2758.069s][info][gc,marking     ] GC(511) Concurrent Clear Claimed Marks 0.033ms
[2758.069s][info][gc,marking     ] GC(511) Concurrent Cleanup for Next Mark
[2758.072s][info][gc,marking     ] GC(511) Concurrent Cleanup for Next Mark 3.200ms
[2758.072s][info][gc             ] GC(511) Concurrent Mark Cycle 1245.662ms
...[2760.795s][info][gc,start       ] GC(512) Pause Young (Prepare Mixed) (G1 Evacuation Pause)
[2760.795s][info][gc,task        ] GC(512) Using 6 workers of 6 for evacuation
[2760.915s][info][gc,phases      ] GC(512)   Pre Evacuate Collection Set: 0.34ms
[2760.915s][info][gc,phases      ] GC(512)   Merge Heap Roots: 0.68ms
[2760.915s][info][gc,phases      ] GC(512)   Evacuate Collection Set: 117.95ms
[2760.915s][info][gc,phases      ] GC(512)   Post Evacuate Collection Set: 0.93ms
[2760.915s][info][gc,phases      ] GC(512)   Other: 0.09ms
[2760.915s][info][gc,heap        ] GC(512) Eden regions: 1117->0(1105)
[2760.915s][info][gc,heap        ] GC(512) Survivor regions: 111->112(154)
[2760.915s][info][gc,heap        ] GC(512) Old regions: 505->536
[2760.915s][info][gc,heap        ] GC(512) Humongous regions: 80->80
[2760.915s][info][gc,metaspace   ] GC(512) Metaspace: 28957K(29312K)->28957K(29312K) NonClass: 24076K(24192K)->24076K(24192K) Class: 4880K(5120K)->4880K(5120K)
[2760.915s][info][gc             ] GC(512) Pause Young (Prepare Mixed) (G1 Evacuation Pause) 3624M->1454M(4096M) 120.123ms
[2760.915s][info][gc,cpu         ] GC(512) User=0.71s Sys=0.00s Real=0.12s
....[2764.947s][info][gc,start       ] GC(513) Pause Young (Mixed) (G1 Evacuation Pause)
[2764.947s][info][gc,task        ] GC(513) Using 6 workers of 6 for evacuation
[2765.079s][info][gc,phases      ] GC(513)   Pre Evacuate Collection Set: 0.38ms
[2765.079s][info][gc,phases      ] GC(513)   Merge Heap Roots: 0.84ms
[2765.079s][info][gc,phases      ] GC(513)   Evacuate Collection Set: 129.35ms
[2765.079s][info][gc,phases      ] GC(513)   Post Evacuate Collection Set: 0.98ms
[2765.079s][info][gc,phases      ] GC(513)   Other: 0.09ms
[2765.079s][info][gc,heap        ] GC(513) Eden regions: 1105->0(1120)
[2765.079s][info][gc,heap        ] GC(513) Survivor regions: 112->108(153)
[2765.079s][info][gc,heap        ] GC(513) Old regions: 536->473
[2765.079s][info][gc,heap        ] GC(513) Humongous regions: 80->80
[2765.079s][info][gc,metaspace   ] GC(513) Metaspace: 28957K(29312K)->28957K(29312K) NonClass: 24076K(24192K)->24076K(24192K) Class: 4880K(5120K)->4880K(5120K)
[2765.079s][info][gc             ] GC(513) Pause Young (Mixed) (G1 Evacuation Pause) 3664M->1321M(4096M) 131.775ms
[2765.079s][info][gc,cpu         ] GC(513) User=0.78s Sys=0.00s Real=0.13s
....[2769.096s][info][gc,start       ] GC(514) Pause Young (Concurrent Start) (G1 Evacuation Pause)
[2769.096s][info][gc,task        ] GC(514) Using 6 workers of 6 for evacuation
[2769.216s][info][gc,phases      ] GC(514)   Pre Evacuate Collection Set: 0.38ms
[2769.217s][info][gc,phases      ] GC(514)   Merge Heap Roots: 0.53ms
[2769.217s][info][gc,phases      ] GC(514)   Evacuate Collection Set: 118.60ms
[2769.217s][info][gc,phases      ] GC(514)   Post Evacuate Collection Set: 0.88ms
[2769.217s][info][gc,phases      ] GC(514)   Other: 0.13ms
[2769.217s][info][gc,heap        ] GC(514) Eden regions: 1120->0(1118)
[2769.217s][info][gc,heap        ] GC(514) Survivor regions: 108->110(154)
[2769.217s][info][gc,heap        ] GC(514) Old regions: 473->505
[2769.217s][info][gc,heap        ] GC(514) Humongous regions: 80->80
[2769.217s][info][gc,metaspace   ] GC(514) Metaspace: 28957K(29312K)->28957K(29312K) NonClass: 24076K(24192K)->24076K(24192K) Class: 4880K(5120K)->4880K(5120K)
[2769.217s][info][gc             ] GC(514) Pause Young (Concurrent Start) (G1 Evacuation Pause) 3561M->1389M(4096M) 120.669ms
[2769.217s][info][gc             ] GC(515) Concurrent Mark Cycle
[2769.217s][info][gc,marking     ] GC(515) Concurrent Scan Root Regions
[2769.217s][info][gc,cpu         ] GC(514) User=0.72s Sys=0.00s Real=0.12s
[2769.389s][info][gc,marking     ] GC(515) Concurrent Scan Root Regions 171.997ms
[2769.389s][info][gc,marking     ] GC(515) Concurrent Mark
[2769.389s][info][gc,marking     ] GC(515) Concurrent Mark From Roots
[2769.389s][info][gc,task        ] GC(515) Using 2 workers of 2 for marking
.[2770.118s][info][gc,marking     ] GC(515) Concurrent Mark From Roots 729.006ms
[2770.118s][info][gc,marking     ] GC(515) Concurrent Preclean
[2770.118s][info][gc,marking     ] GC(515) Concurrent Preclean 0.084ms
[2770.120s][info][gc,start       ] GC(515) Pause Remark
[2770.124s][info][gc             ] GC(515) Pause Remark 1924M->1924M(4096M) 4.611ms
[2770.124s][info][gc,cpu         ] GC(515) User=0.02s Sys=0.00s Real=0.00s
[2770.124s][info][gc,marking     ] GC(515) Concurrent Mark 735.600ms
[2770.124s][info][gc,marking     ] GC(515) Concurrent Rebuild Remembered Sets and Scrub Regions
[2770.397s][info][gc,marking     ] GC(515) Concurrent Rebuild Remembered Sets and Scrub Regions 273.108ms
[2770.398s][info][gc,start       ] GC(515) Pause Cleanup
[2770.398s][info][gc             ] GC(515) Pause Cleanup 2073M->2073M(4096M) 0.131ms
[2770.398s][info][gc,cpu         ] GC(515) User=0.00s Sys=0.00s Real=0.00s
[2770.398s][info][gc,marking     ] GC(515) Concurrent Clear Claimed Marks
[2770.398s][info][gc,marking     ] GC(515) Concurrent Clear Claimed Marks 0.032ms
[2770.398s][info][gc,marking     ] GC(515) Concurrent Cleanup for Next Mark
[2770.403s][info][gc,marking     ] GC(515) Concurrent Cleanup for Next Mark 4.841ms
[2770.403s][info][gc             ] GC(515) Concurrent Mark Cycle 1186.094ms
...[2773.202s][info][gc,start       ] GC(516) Pause Young (Prepare Mixed) (G1 Evacuation Pause)
[2773.202s][info][gc,task        ] GC(516) Using 6 workers of 6 for evacuation
[2773.325s][info][gc,phases      ] GC(516)   Pre Evacuate Collection Set: 0.31ms
[2773.325s][info][gc,phases      ] GC(516)   Merge Heap Roots: 0.60ms
[2773.325s][info][gc,phases      ] GC(516)   Evacuate Collection Set: 120.16ms
[2773.325s][info][gc,phases      ] GC(516)   Post Evacuate Collection Set: 0.97ms
[2773.325s][info][gc,phases      ] GC(516)   Other: 0.09ms
[2773.325s][info][gc,heap        ] GC(516) Eden regions: 1118->0(1101)
[2773.325s][info][gc,heap        ] GC(516) Survivor regions: 110->113(154)
[2773.325s][info][gc,heap        ] GC(516) Old regions: 505->538
[2773.325s][info][gc,heap        ] GC(516) Humongous regions: 80->80
[2773.325s][info][gc,metaspace   ] GC(516) Metaspace: 28957K(29312K)->28957K(29312K) NonClass: 24076K(24192K)->24076K(24192K) Class: 4880K(5120K)->4880K(5120K)
[2773.325s][info][gc             ] GC(516) Pause Young (Prepare Mixed) (G1 Evacuation Pause) 3625M->1459M(4096M) 122.269ms
[2773.325s][info][gc,cpu         ] GC(516) User=0.73s Sys=0.00s Real=0.12s
....[2777.326s][info][gc,start       ] GC(517) Pause Young (Mixed) (G1 Evacuation Pause)
[2777.326s][info][gc,task        ] GC(517) Using 6 workers of 6 for evacuation
[2777.459s][info][gc,phases      ] GC(517)   Pre Evacuate Collection Set: 0.41ms
[2777.459s][info][gc,phases      ] GC(517)   Merge Heap Roots: 0.90ms
[2777.459s][info][gc,phases      ] GC(517)   Evacuate Collection Set: 129.98ms
[2777.459s][info][gc,phases      ] GC(517)   Post Evacuate Collection Set: 0.94ms
[2777.459s][info][gc,phases      ] GC(517)   Other: 0.10ms
[2777.459s][info][gc,heap        ] GC(517) Eden regions: 1101->0(1119)
[2777.459s][info][gc,heap        ] GC(517) Survivor regions: 113->109(152)
[2777.459s][info][gc,heap        ] GC(517) Old regions: 538->474
[2777.459s][info][gc,heap        ] GC(517) Humongous regions: 80->80
[2777.459s][info][gc,metaspace   ] GC(517) Metaspace: 28957K(29312K)->28957K(29312K) NonClass: 24076K(24192K)->24076K(24192K) Class: 4880K(5120K)->4880K(5120K)
[2777.459s][info][gc             ] GC(517) Pause Young (Mixed) (G1 Evacuation Pause) 3661M->1324M(4096M) 132.462ms
[2777.459s][info][gc,cpu         ] GC(517) User=0.79s Sys=0.00s Real=0.13s
....[2781.502s][info][gc,start       ] GC(518) Pause Young (Concurrent Start) (G1 Evacuation Pause)
[2781.502s][info][gc,task        ] GC(518) Using 6 workers of 6 for evacuation
[2781.621s][info][gc,phases      ] GC(518)   Pre Evacuate Collection Set: 0.40ms
[2781.621s][info][gc,phases      ] GC(518)   Merge Heap Roots: 0.58ms
[2781.621s][info][gc,phases      ] GC(518)   Evacuate Collection Set: 117.30ms
[2781.621s][info][gc,phases      ] GC(518)   Post Evacuate Collection Set: 0.91ms
[2781.621s][info][gc,phases      ] GC(518)   Other: 0.10ms
[2781.621s][info][gc,heap        ] GC(518) Eden regions: 1119->0(1117)
[2781.621s][info][gc,heap        ] GC(518) Survivor regions: 109->111(154)
[2781.621s][info][gc,heap        ] GC(518) Old regions: 474->507
[2781.621s][info][gc,heap        ] GC(518) Humongous regions: 80->80
[2781.621s][info][gc,metaspace   ] GC(518) Metaspace: 28957K(29312K)->28957K(29312K) NonClass: 24077K(24192K)->24077K(24192K) Class: 4880K(5120K)->4880K(5120K)
[2781.621s][info][gc             ] GC(518) Pause Young (Concurrent Start) (G1 Evacuation Pause) 3562M->1394M(4096M) 119.417ms
[2781.621s][info][gc             ] GC(519) Concurrent Mark Cycle
[2781.621s][info][gc,marking     ] GC(519) Concurrent Scan Root Regions
[2781.621s][info][gc,cpu         ] GC(518) User=0.71s Sys=0.00s Real=0.12s
.[2781.825s][info][gc,marking     ] GC(519) Concurrent Scan Root Regions 203.372ms
[2781.825s][info][gc,marking     ] GC(519) Concurrent Mark
[2781.825s][info][gc,marking     ] GC(519) Concurrent Mark From Roots
[2781.825s][info][gc,task        ] GC(519) Using 2 workers of 2 for marking
[2782.471s][info][gc,marking     ] GC(519) Concurrent Mark From Roots 646.347ms
[2782.471s][info][gc,marking     ] GC(519) Concurrent Preclean
[2782.471s][info][gc,marking     ] GC(519) Concurrent Preclean 0.078ms
[2782.472s][info][gc,start       ] GC(519) Pause Remark
[2782.476s][info][gc             ] GC(519) Pause Remark 1940M->1940M(4096M) 4.117ms
[2782.476s][info][gc,cpu         ] GC(519) User=0.02s Sys=0.00s Real=0.00s
[2782.477s][info][gc,marking     ] GC(519) Concurrent Mark 652.070ms
[2782.477s][info][gc,marking     ] GC(519) Concurrent Rebuild Remembered Sets and Scrub Regions
.[2782.761s][info][gc,marking     ] GC(519) Concurrent Rebuild Remembered Sets and Scrub Regions 284.103ms
[2782.761s][info][gc,start       ] GC(519) Pause Cleanup
[2782.761s][info][gc             ] GC(519) Pause Cleanup 2112M->2112M(4096M) 0.141ms
[2782.761s][info][gc,cpu         ] GC(519) User=0.00s Sys=0.00s Real=0.00s
[2782.761s][info][gc,marking     ] GC(519) Concurrent Clear Claimed Marks
[2782.761s][info][gc,marking     ] GC(519) Concurrent Clear Claimed Marks 0.033ms
[2782.761s][info][gc,marking     ] GC(519) Concurrent Cleanup for Next Mark
[2782.765s][info][gc,marking     ] GC(519) Concurrent Cleanup for Next Mark 4.057ms
[2782.765s][info][gc             ] GC(519) Concurrent Mark Cycle 1144.197ms
..[2785.622s][info][gc,start       ] GC(520) Pause Young (Prepare Mixed) (G1 Evacuation Pause)
[2785.622s][info][gc,task        ] GC(520) Using 6 workers of 6 for evacuation
[2785.742s][info][gc,phases      ] GC(520)   Pre Evacuate Collection Set: 0.40ms
[2785.742s][info][gc,phases      ] GC(520)   Merge Heap Roots: 0.64ms
[2785.742s][info][gc,phases      ] GC(520)   Evacuate Collection Set: 117.51ms
[2785.742s][info][gc,phases      ] GC(520)   Post Evacuate Collection Set: 0.93ms
[2785.742s][info][gc,phases      ] GC(520)   Other: 0.85ms
[2785.742s][info][gc,heap        ] GC(520) Eden regions: 1117->0(1104)
[2785.742s][info][gc,heap        ] GC(520) Survivor regions: 111->111(154)
[2785.742s][info][gc,heap        ] GC(520) Old regions: 507->539
[2785.742s][info][gc,heap        ] GC(520) Humongous regions: 80->80
[2785.742s][info][gc,metaspace   ] GC(520) Metaspace: 28957K(29312K)->28957K(29312K) NonClass: 24077K(24192K)->24077K(24192K) Class: 4880K(5120K)->4880K(5120K)
[2785.743s][info][gc             ] GC(520) Pause Young (Prepare Mixed) (G1 Evacuation Pause) 3628M->1458M(4096M) 120.452ms
[2785.743s][info][gc,cpu         ] GC(520) User=0.71s Sys=0.00s Real=0.12s
... (rIR:aIR:PR = 4566:4565:4565) (tPR = 68443) [OK] 
  2787s: Performance info:
         Transaction,    Success,    Partial,     Failed,   Receipts, AvgBarcode, 
             Overall,     275539,          0,          0,     261763,      59.48, 
         Response times:
             Request,    Success,    Partial,     Failed,   SkipFail,     Probes,    Samples,      min,      p50,      p90,      p95,      p99,      max, 
       TotalPurchase,     261763,          0,          0,          0,     256980,     279668,      300,     3800,     7300,    12900,    60000,   172000,
     InStorePurchase,     137792,          0,          0,          0,     135718,     147336,      300,     3700,     7200,    12900,    59000,   172000,
      OnlinePurchase,      96437,          0,          0,          0,      94378,     102648,      300,     4000,     7500,    13200,    62000,   171000,
        InstPurchase,      27534,          0,          0,          0,      26884,      29684,      400,     3900,     7400,    12600,    60000,   161000,
          AssocOfCat,        279,          0,          0,          0,        219,        302,    21000,    33000,    51000,    64000,   136000,   161000,
      AssocOfProduct,       2752,          0,          0,          0,       2563,       2989,     1100,     4200,     7400,    12500,    60400,   140000,
      BusinessReport,        687,          0,          0,          0,        571,        724,    26000,    39000,    58000,    70000,   173000,   233000,
          CustBuyBeh,       2761,          0,          0,          0,       2548,       2907,      500,     2200,     5600,     9600,    53000,   137000,
       ProductReturn,       7297,          0,          0,          0,       6947,       7838,      200,     4300,     8200,    15605,    67000,   156000,

  2787s: (34%)   IR =   4705 .[2789.727s][info][gc,start       ] GC(521) Pause Young (Mixed) (G1 Evacuation Pause)
[2789.727s][info][gc,task        ] GC(521) Using 6 workers of 6 for evacuation
[2789.862s][info][gc,phases      ] GC(521)   Pre Evacuate Collection Set: 0.39ms
[2789.862s][info][gc,phases      ] GC(521)   Merge Heap Roots: 0.80ms
[2789.862s][info][gc,phases      ] GC(521)   Evacuate Collection Set: 133.09ms
[2789.862s][info][gc,phases      ] GC(521)   Post Evacuate Collection Set: 0.95ms
[2789.862s][info][gc,phases      ] GC(521)   Other: 0.09ms
[2789.862s][info][gc,heap        ] GC(521) Eden regions: 1104->0(1116)
[2789.862s][info][gc,heap        ] GC(521) Survivor regions: 111->112(152)
[2789.862s][info][gc,heap        ] GC(521) Old regions: 539->473
[2789.862s][info][gc,heap        ] GC(521) Humongous regions: 80->80
[2789.862s][info][gc,metaspace   ] GC(521) Metaspace: 28957K(29312K)->28957K(29312K) NonClass: 24077K(24192K)->24077K(24192K) Class: 4880K(5120K)->4880K(5120K)
[2789.862s][info][gc             ] GC(521) Pause Young (Mixed) (G1 Evacuation Pause) 3666M->1327M(4096M) 135.465ms
[2789.862s][info][gc,cpu         ] GC(521) User=0.81s Sys=0.00s Real=0.14s
....[2793.652s][info][gc,start       ] GC(522) Pause Young (Concurrent Start) (G1 Evacuation Pause)
[2793.652s][info][gc,task        ] GC(522) Using 6 workers of 6 for evacuation
[2793.770s][info][gc,phases      ] GC(522)   Pre Evacuate Collection Set: 0.43ms
[2793.770s][info][gc,phases      ] GC(522)   Merge Heap Roots: 0.60ms
[2793.770s][info][gc,phases      ] GC(522)   Evacuate Collection Set: 115.88ms
[2793.770s][info][gc,phases      ] GC(522)   Post Evacuate Collection Set: 0.97ms
[2793.770s][info][gc,phases      ] GC(522)   Other: 0.12ms
[2793.770s][info][gc,heap        ] GC(522) Eden regions: 1116->0(1118)
[2793.770s][info][gc,heap        ] GC(522) Survivor regions: 112->110(154)
[2793.770s][info][gc,heap        ] GC(522) Old regions: 473->505
[2793.770s][info][gc,heap        ] GC(522) Humongous regions: 80->80
[2793.770s][info][gc,metaspace   ] GC(522) Metaspace: 28957K(29312K)->28957K(29312K) NonClass: 24077K(24192K)->24077K(24192K) Class: 4880K(5120K)->4880K(5120K)
[2793.770s][info][gc             ] GC(522) Pause Young (Concurrent Start) (G1 Evacuation Pause) 3559M->1388M(4096M) 118.128ms
[2793.770s][info][gc             ] GC(523) Concurrent Mark Cycle
[2793.770s][info][gc,marking     ] GC(523) Concurrent Scan Root Regions
[2793.770s][info][gc,cpu         ] GC(522) User=0.70s Sys=0.00s Real=0.12s
.|[2793.897s][info][gc,marking     ] GC(523) Concurrent Scan Root Regions 126.845ms
[2793.897s][info][gc,marking     ] GC(523) Concurrent Mark
[2793.897s][info][gc,marking     ] GC(523) Concurrent Mark From Roots
[2793.897s][info][gc,task        ] GC(523) Using 2 workers of 2 for marking
[2794.558s][info][gc,marking     ] GC(523) Concurrent Mark From Roots 661.535ms
[2794.558s][info][gc,marking     ] GC(523) Concurrent Preclean
[2794.559s][info][gc,marking     ] GC(523) Concurrent Preclean 0.074ms
[2794.559s][info][gc,start       ] GC(523) Pause Remark
[2794.563s][info][gc             ] GC(523) Pause Remark 1897M->1897M(4096M) 4.435ms
[2794.563s][info][gc,cpu         ] GC(523) User=0.02s Sys=0.00s Real=0.01s
[2794.563s][info][gc,marking     ] GC(523) Concurrent Mark 666.301ms
[2794.563s][info][gc,marking     ] GC(523) Concurrent Rebuild Remembered Sets and Scrub Regions
[2794.818s][info][gc,marking     ] GC(523) Concurrent Rebuild Remembered Sets and Scrub Regions 255.142ms
[2794.818s][info][gc,start       ] GC(523) Pause Cleanup
[2794.819s][info][gc             ] GC(523) Pause Cleanup 2018M->2018M(4096M) 0.129ms
[2794.819s][info][gc,cpu         ] GC(523) User=0.00s Sys=0.00s Real=0.00s
[2794.819s][info][gc,marking     ] GC(523) Concurrent Clear Claimed Marks
[2794.819s][info][gc,marking     ] GC(523) Concurrent Clear Claimed Marks 0.031ms
[2794.819s][info][gc,marking     ] GC(523) Concurrent Cleanup for Next Mark
[2794.822s][info][gc,marking     ] GC(523) Concurrent Cleanup for Next Mark 3.208ms
[2794.822s][info][gc             ] GC(523) Concurrent Mark Cycle 1051.995ms
...[2797.740s][info][gc,start       ] GC(524) Pause Young (Prepare Mixed) (G1 Evacuation Pause)
[2797.740s][info][gc,task        ] GC(524) Using 6 workers of 6 for evacuation
[2797.859s][info][gc,phases      ] GC(524)   Pre Evacuate Collection Set: 0.36ms
[2797.859s][info][gc,phases      ] GC(524)   Merge Heap Roots: 0.56ms
[2797.859s][info][gc,phases      ] GC(524)   Evacuate Collection Set: 116.64ms
[2797.859s][info][gc,phases      ] GC(524)   Post Evacuate Collection Set: 0.91ms
[2797.859s][info][gc,phases      ] GC(524)   Other: 0.08ms
[2797.859s][info][gc,heap        ] GC(524) Eden regions: 1118->0(1107)
[2797.859s][info][gc,heap        ] GC(524) Survivor regions: 110->110(154)
[2797.859s][info][gc,heap        ] GC(524) Old regions: 505->538
[2797.859s][info][gc,heap        ] GC(524) Humongous regions: 80->80
[2797.859s][info][gc,metaspace   ] GC(524) Metaspace: 28957K(29312K)->28957K(29312K) NonClass: 24077K(24192K)->24077K(24192K) Class: 4880K(5120K)->4880K(5120K)
[2797.859s][info][gc             ] GC(524) Pause Young (Prepare Mixed) (G1 Evacuation Pause) 3624M->1454M(4096M) 118.692ms
[2797.859s][info][gc,cpu         ] GC(524) User=0.70s Sys=0.00s Real=0.11s
....[2801.683s][info][gc,start       ] GC(525) Pause Young (Mixed) (G1 Evacuation Pause)
[2801.683s][info][gc,task        ] GC(525) Using 6 workers of 6 for evacuation
[2801.815s][info][gc,phases      ] GC(525)   Pre Evacuate Collection Set: 0.34ms
[2801.815s][info][gc,phases      ] GC(525)   Merge Heap Roots: 0.70ms
[2801.815s][info][gc,phases      ] GC(525)   Evacuate Collection Set: 130.30ms
[2801.815s][info][gc,phases      ] GC(525)   Post Evacuate Collection Set: 0.98ms
[2801.815s][info][gc,phases      ] GC(525)   Other: 0.09ms
[2801.815s][info][gc,heap        ] GC(525) Eden regions: 1107->0(1119)
[2801.815s][info][gc,heap        ] GC(525) Survivor regions: 110->109(153)
[2801.815s][info][gc,heap        ] GC(525) Old regions: 538->474
[2801.815s][info][gc,heap        ] GC(525) Humongous regions: 80->80
[2801.815s][info][gc,metaspace   ] GC(525) Metaspace: 28957K(29312K)->28957K(29312K) NonClass: 24077K(24192K)->24077K(24192K) Class: 4880K(5120K)->4880K(5120K)
[2801.815s][info][gc             ] GC(525) Pause Young (Mixed) (G1 Evacuation Pause) 3668M->1324M(4096M) 132.556ms
[2801.815s][info][gc,cpu         ] GC(525) User=0.79s Sys=0.01s Real=0.13s
....[2805.737s][info][gc,start       ] GC(526) Pause Young (Concurrent Start) (G1 Evacuation Pause)
[2805.737s][info][gc,task        ] GC(526) Using 6 workers of 6 for evacuation
[2805.858s][info][gc,phases      ] GC(526)   Pre Evacuate Collection Set: 0.35ms
[2805.858s][info][gc,phases      ] GC(526)   Merge Heap Roots: 0.50ms
[2805.858s][info][gc,phases      ] GC(526)   Evacuate Collection Set: 119.09ms
[2805.858s][info][gc,phases      ] GC(526)   Post Evacuate Collection Set: 0.88ms
[2805.858s][info][gc,phases      ] GC(526)   Other: 0.10ms
[2805.858s][info][gc,heap        ] GC(526) Eden regions: 1119->0(1117)
[2805.858s][info][gc,heap        ] GC(526) Survivor regions: 109->111(154)
[2805.858s][info][gc,heap        ] GC(526) Old regions: 474->507
[2805.858s][info][gc,heap        ] GC(526) Humongous regions: 80->80
[2805.858s][info][gc,metaspace   ] GC(526) Metaspace: 28957K(29312K)->28957K(29312K) NonClass: 24077K(24192K)->24077K(24192K) Class: 4880K(5120K)->4880K(5120K)
[2805.858s][info][gc             ] GC(526) Pause Young (Concurrent Start) (G1 Evacuation Pause) 3562M->1394M(4096M) 121.042ms
[2805.858s][info][gc             ] GC(527) Concurrent Mark Cycle
[2805.858s][info][gc,marking     ] GC(527) Concurrent Scan Root Regions
[2805.858s][info][gc,cpu         ] GC(526) User=0.72s Sys=0.00s Real=0.12s
.[2806.010s][info][gc,marking     ] GC(527) Concurrent Scan Root Regions 152.207ms
[2806.010s][info][gc,marking     ] GC(527) Concurrent Mark
[2806.010s][info][gc,marking     ] GC(527) Concurrent Mark From Roots
[2806.010s][info][gc,task        ] GC(527) Using 2 workers of 2 for marking
[2806.767s][info][gc,marking     ] GC(527) Concurrent Mark From Roots 756.427ms
[2806.767s][info][gc,marking     ] GC(527) Concurrent Preclean
[2806.767s][info][gc,marking     ] GC(527) Concurrent Preclean 0.080ms
[2806.768s][info][gc,start       ] GC(527) Pause Remark
[2806.774s][info][gc             ] GC(527) Pause Remark 1900M->1900M(4096M) 5.601ms
[2806.774s][info][gc,cpu         ] GC(527) User=0.03s Sys=0.00s Real=0.01s
[2806.774s][info][gc,marking     ] GC(527) Concurrent Mark 763.962ms
[2806.774s][info][gc,marking     ] GC(527) Concurrent Rebuild Remembered Sets and Scrub Regions
.[2807.011s][info][gc,marking     ] GC(527) Concurrent Rebuild Remembered Sets and Scrub Regions 236.349ms
[2807.011s][info][gc,start       ] GC(527) Pause Cleanup
[2807.011s][info][gc             ] GC(527) Pause Cleanup 2051M->2051M(4096M) 0.104ms
[2807.011s][info][gc,cpu         ] GC(527) User=0.00s Sys=0.00s Real=0.00s
[2807.011s][info][gc,marking     ] GC(527) Concurrent Clear Claimed Marks
[2807.012s][info][gc,marking     ] GC(527) Concurrent Clear Claimed Marks 0.034ms
[2807.012s][info][gc,marking     ] GC(527) Concurrent Cleanup for Next Mark
[2807.016s][info][gc,marking     ] GC(527) Concurrent Cleanup for Next Mark 4.057ms
[2807.016s][info][gc             ] GC(527) Concurrent Mark Cycle 1157.741ms
..[2809.757s][info][gc,start       ] GC(528) Pause Young (Prepare Mixed) (G1 Evacuation Pause)
[2809.757s][info][gc,task        ] GC(528) Using 6 workers of 6 for evacuation
[2809.875s][info][gc,phases      ] GC(528)   Pre Evacuate Collection Set: 0.32ms
[2809.875s][info][gc,phases      ] GC(528)   Merge Heap Roots: 0.55ms
[2809.875s][info][gc,phases      ] GC(528)   Evacuate Collection Set: 116.00ms
[2809.875s][info][gc,phases      ] GC(528)   Post Evacuate Collection Set: 0.91ms
[2809.875s][info][gc,phases      ] GC(528)   Other: 0.09ms
[2809.875s][info][gc,heap        ] GC(528) Eden regions: 1117->0(1107)
[2809.875s][info][gc,heap        ] GC(528) Survivor regions: 111->110(154)
[2809.875s][info][gc,heap        ] GC(528) Old regions: 507->538
[2809.875s][info][gc,heap        ] GC(528) Humongous regions: 80->80
[2809.875s][info][gc,metaspace   ] GC(528) Metaspace: 28955K(29312K)->28955K(29312K) NonClass: 24075K(24192K)->24075K(24192K) Class: 4879K(5120K)->4879K(5120K)
[2809.875s][info][gc             ] GC(528) Pause Young (Prepare Mixed) (G1 Evacuation Pause) 3628M->1454M(4096M) 117.995ms
[2809.875s][info][gc,cpu         ] GC(528) User=0.70s Sys=0.00s Real=0.12s
....[2813.735s][info][gc,start       ] GC(529) Pause Young (Mixed) (G1 Evacuation Pause)
[2813.735s][info][gc,task        ] GC(529) Using 6 workers of 6 for evacuation
[2813.867s][info][gc,phases      ] GC(529)   Pre Evacuate Collection Set: 0.39ms
[2813.867s][info][gc,phases      ] GC(529)   Merge Heap Roots: 0.69ms
[2813.867s][info][gc,phases      ] GC(529)   Evacuate Collection Set: 130.24ms
[2813.867s][info][gc,phases      ] GC(529)   Post Evacuate Collection Set: 0.93ms
[2813.867s][info][gc,phases      ] GC(529)   Other: 0.09ms
[2813.867s][info][gc,heap        ] GC(529) Eden regions: 1107->0(1119)
[2813.867s][info][gc,heap        ] GC(529) Survivor regions: 110->109(153)
[2813.867s][info][gc,heap        ] GC(529) Old regions: 538->474
[2813.867s][info][gc,heap        ] GC(529) Humongous regions: 80->80
[2813.867s][info][gc,metaspace   ] GC(529) Metaspace: 28955K(29312K)->28955K(29312K) NonClass: 24075K(24192K)->24075K(24192K) Class: 4879K(5120K)->4879K(5120K)
[2813.867s][info][gc             ] GC(529) Pause Young (Mixed) (G1 Evacuation Pause) 3668M->1324M(4096M) 132.470ms
[2813.867s][info][gc,cpu         ] GC(529) User=0.79s Sys=0.00s Real=0.13s
....[2817.740s][info][gc,start       ] GC(530) Pause Young (Concurrent Start) (G1 Evacuation Pause)
[2817.740s][info][gc,task        ] GC(530) Using 6 workers of 6 for evacuation
[2817.859s][info][gc,phases      ] GC(530)   Pre Evacuate Collection Set: 0.41ms
[2817.859s][info][gc,phases      ] GC(530)   Merge Heap Roots: 0.58ms
[2817.859s][info][gc,phases      ] GC(530)   Evacuate Collection Set: 116.90ms
[2817.859s][info][gc,phases      ] GC(530)   Post Evacuate Collection Set: 0.89ms
[2817.859s][info][gc,phases      ] GC(530)   Other: 0.14ms
[2817.859s][info][gc,heap        ] GC(530) Eden regions: 1119->0(1117)
[2817.859s][info][gc,heap        ] GC(530) Survivor regions: 109->111(154)
[2817.859s][info][gc,heap        ] GC(530) Old regions: 474->506
[2817.859s][info][gc,heap        ] GC(530) Humongous regions: 80->80
[2817.859s][info][gc,metaspace   ] GC(530) Metaspace: 28955K(29312K)->28955K(29312K) NonClass: 24075K(24192K)->24075K(24192K) Class: 4879K(5120K)->4879K(5120K)
[2817.859s][info][gc             ] GC(530) Pause Young (Concurrent Start) (G1 Evacuation Pause) 3562M->1391M(4096M) 119.095ms
[2817.859s][info][gc             ] GC(531) Concurrent Mark Cycle
[2817.859s][info][gc,marking     ] GC(531) Concurrent Scan Root Regions
[2817.859s][info][gc,cpu         ] GC(530) User=0.71s Sys=0.00s Real=0.11s
.[2818.036s][info][gc,marking     ] GC(531) Concurrent Scan Root Regions 176.835ms
[2818.036s][info][gc,marking     ] GC(531) Concurrent Mark
[2818.036s][info][gc,marking     ] GC(531) Concurrent Mark From Roots
[2818.036s][info][gc,task        ] GC(531) Using 2 workers of 2 for marking
.[2819.003s][info][gc,marking     ] GC(531) Concurrent Mark From Roots 966.996ms
[2819.003s][info][gc,marking     ] GC(531) Concurrent Preclean
[2819.003s][info][gc,marking     ] GC(531) Concurrent Preclean 0.087ms
[2819.004s][info][gc,start       ] GC(531) Pause Remark
[2819.009s][info][gc             ] GC(531) Pause Remark 2101M->2101M(4096M) 5.442ms
[2819.009s][info][gc,cpu         ] GC(531) User=0.03s Sys=0.00s Real=0.01s
[2819.009s][info][gc,marking     ] GC(531) Concurrent Mark 973.389ms
[2819.009s][info][gc,marking     ] GC(531) Concurrent Rebuild Remembered Sets and Scrub Regions
[2819.276s][info][gc,marking     ] GC(531) Concurrent Rebuild Remembered Sets and Scrub Regions 266.262ms
[2819.276s][info][gc,start       ] GC(531) Pause Cleanup
[2819.276s][info][gc             ] GC(531) Pause Cleanup 2239M->2239M(4096M) 0.102ms
[2819.276s][info][gc,cpu         ] GC(531) User=0.00s Sys=0.00s Real=0.00s
[2819.276s][info][gc,marking     ] GC(531) Concurrent Clear Claimed Marks
[2819.276s][info][gc,marking     ] GC(531) Concurrent Clear Claimed Marks 0.025ms
[2819.276s][info][gc,marking     ] GC(531) Concurrent Cleanup for Next Mark
[2819.281s][info][gc,marking     ] GC(531) Concurrent Cleanup for Next Mark 4.660ms
[2819.281s][info][gc             ] GC(531) Concurrent Mark Cycle 1421.585ms
..[2821.790s][info][gc,start       ] GC(532) Pause Young (Prepare Mixed) (G1 Evacuation Pause)
[2821.790s][info][gc,task        ] GC(532) Using 6 workers of 6 for evacuation
[2821.912s][info][gc,phases      ] GC(532)   Pre Evacuate Collection Set: 0.33ms
[2821.912s][info][gc,phases      ] GC(532)   Merge Heap Roots: 0.58ms
[2821.912s][info][gc,phases      ] GC(532)   Evacuate Collection Set: 119.95ms
[2821.912s][info][gc,phases      ] GC(532)   Post Evacuate Collection Set: 0.93ms
[2821.912s][info][gc,phases      ] GC(532)   Other: 0.09ms
[2821.912s][info][gc,heap        ] GC(532) Eden regions: 1117->0(1103)
[2821.912s][info][gc,heap        ] GC(532) Survivor regions: 111->112(154)
[2821.912s][info][gc,heap        ] GC(532) Old regions: 506->538
[2821.912s][info][gc,heap        ] GC(532) Humongous regions: 80->80
[2821.912s][info][gc,metaspace   ] GC(532) Metaspace: 28955K(29312K)->28955K(29312K) NonClass: 24075K(24192K)->24075K(24192K) Class: 4879K(5120K)->4879K(5120K)
[2821.912s][info][gc             ] GC(532) Pause Young (Prepare Mixed) (G1 Evacuation Pause) 3625M->1457M(4096M) 122.011ms
[2821.912s][info][gc,cpu         ] GC(532) User=0.72s Sys=0.00s Real=0.12s
....[2825.705s][info][gc,start       ] GC(533) Pause Young (Mixed) (G1 Evacuation Pause)
[2825.705s][info][gc,task        ] GC(533) Using 6 workers of 6 for evacuation
[2825.838s][info][gc,phases      ] GC(533)   Pre Evacuate Collection Set: 0.35ms
[2825.838s][info][gc,phases      ] GC(533)   Merge Heap Roots: 0.68ms
[2825.838s][info][gc,phases      ] GC(533)   Evacuate Collection Set: 130.34ms
[2825.838s][info][gc,phases      ] GC(533)   Post Evacuate Collection Set: 0.93ms
[2825.838s][info][gc,phases      ] GC(533)   Other: 0.08ms
[2825.838s][info][gc,heap        ] GC(533) Eden regions: 1103->0(1119)
[2825.838s][info][gc,heap        ] GC(533) Survivor regions: 112->109(152)
[2825.838s][info][gc,heap        ] GC(533) Old regions: 538->474
[2825.838s][info][gc,heap        ] GC(533) Humongous regions: 80->80
[2825.838s][info][gc,metaspace   ] GC(533) Metaspace: 28955K(29312K)->28955K(29312K) NonClass: 24075K(24192K)->24075K(24192K) Class: 4879K(5120K)->4879K(5120K)
[2825.838s][info][gc             ] GC(533) Pause Young (Mixed) (G1 Evacuation Pause) 3663M->1324M(4096M) 132.532ms
[2825.838s][info][gc,cpu         ] GC(533) User=0.79s Sys=0.00s Real=0.13s
....[2829.821s][info][gc,start       ] GC(534) Pause Young (Concurrent Start) (G1 Evacuation Pause)
[2829.821s][info][gc,task        ] GC(534) Using 6 workers of 6 for evacuation
[2829.938s][info][gc,phases      ] GC(534)   Pre Evacuate Collection Set: 0.38ms
[2829.938s][info][gc,phases      ] GC(534)   Merge Heap Roots: 0.52ms
[2829.938s][info][gc,phases      ] GC(534)   Evacuate Collection Set: 115.15ms
[2829.938s][info][gc,phases      ] GC(534)   Post Evacuate Collection Set: 0.91ms
[2829.938s][info][gc,phases      ] GC(534)   Other: 0.12ms
[2829.938s][info][gc,heap        ] GC(534) Eden regions: 1119->0(1118)
[2829.938s][info][gc,heap        ] GC(534) Survivor regions: 109->110(154)
[2829.938s][info][gc,heap        ] GC(534) Old regions: 474->506
[2829.938s][info][gc,heap        ] GC(534) Humongous regions: 80->80
[2829.938s][info][gc,metaspace   ] GC(534) Metaspace: 28955K(29312K)->28955K(29312K) NonClass: 24075K(24192K)->24075K(24192K) Class: 4879K(5120K)->4879K(5120K)
[2829.938s][info][gc             ] GC(534) Pause Young (Concurrent Start) (G1 Evacuation Pause) 3562M->1391M(4096M) 117.224ms
[2829.938s][info][gc             ] GC(535) Concurrent Mark Cycle
[2829.938s][info][gc,marking     ] GC(535) Concurrent Scan Root Regions
[2829.938s][info][gc,cpu         ] GC(534) User=0.70s Sys=0.00s Real=0.11s
.[2830.122s][info][gc,marking     ] GC(535) Concurrent Scan Root Regions 184.074ms
[2830.122s][info][gc,marking     ] GC(535) Concurrent Mark
[2830.122s][info][gc,marking     ] GC(535) Concurrent Mark From Roots
[2830.122s][info][gc,task        ] GC(535) Using 2 workers of 2 for marking
[2830.755s][info][gc,marking     ] GC(535) Concurrent Mark From Roots 632.369ms
[2830.755s][info][gc,marking     ] GC(535) Concurrent Preclean
[2830.755s][info][gc,marking     ] GC(535) Concurrent Preclean 0.089ms
[2830.756s][info][gc,start       ] GC(535) Pause Remark
[2830.761s][info][gc             ] GC(535) Pause Remark 1921M->1921M(4096M) 4.622ms
[2830.761s][info][gc,cpu         ] GC(535) User=0.02s Sys=0.01s Real=0.01s
[2830.761s][info][gc,marking     ] GC(535) Concurrent Mark 638.815ms
[2830.761s][info][gc,marking     ] GC(535) Concurrent Rebuild Remembered Sets and Scrub Regions
.[2830.992s][info][gc,marking     ] GC(535) Concurrent Rebuild Remembered Sets and Scrub Regions 230.615ms
[2830.992s][info][gc,start       ] GC(535) Pause Cleanup
[2830.992s][info][gc             ] GC(535) Pause Cleanup 2043M->2043M(4096M) 0.099ms
[2830.992s][info][gc,cpu         ] GC(535) User=0.00s Sys=0.00s Real=0.00s
[2830.992s][info][gc,marking     ] GC(535) Concurrent Clear Claimed Marks
[2830.992s][info][gc,marking     ] GC(535) Concurrent Clear Claimed Marks 0.025ms
[2830.992s][info][gc,marking     ] GC(535) Concurrent Cleanup for Next Mark
[2830.997s][info][gc,marking     ] GC(535) Concurrent Cleanup for Next Mark 4.404ms
[2830.997s][info][gc             ] GC(535) Concurrent Mark Cycle 1058.388ms
..[2833.824s][info][gc,start       ] GC(536) Pause Young (Prepare Mixed) (G1 Evacuation Pause)
[2833.824s][info][gc,task        ] GC(536) Using 6 workers of 6 for evacuation
[2833.945s][info][gc,phases      ] GC(536)   Pre Evacuate Collection Set: 0.32ms
[2833.945s][info][gc,phases      ] GC(536)   Merge Heap Roots: 0.58ms
[2833.945s][info][gc,phases      ] GC(536)   Evacuate Collection Set: 119.31ms
[2833.945s][info][gc,phases      ] GC(536)   Post Evacuate Collection Set: 0.92ms
[2833.945s][info][gc,phases      ] GC(536)   Other: 0.08ms
[2833.945s][info][gc,heap        ] GC(536) Eden regions: 1118->0(1103)
[2833.945s][info][gc,heap        ] GC(536) Survivor regions: 110->112(154)
[2833.945s][info][gc,heap        ] GC(536) Old regions: 506->538
[2833.945s][info][gc,heap        ] GC(536) Humongous regions: 80->80
[2833.945s][info][gc,metaspace   ] GC(536) Metaspace: 28955K(29312K)->28955K(29312K) NonClass: 24075K(24192K)->24075K(24192K) Class: 4879K(5120K)->4879K(5120K)
[2833.945s][info][gc             ] GC(536) Pause Young (Prepare Mixed) (G1 Evacuation Pause) 3627M->1457M(4096M) 121.355ms
[2833.946s][info][gc,cpu         ] GC(536) User=0.72s Sys=0.00s Real=0.12s
....[2837.805s][info][gc,start       ] GC(537) Pause Young (Mixed) (G1 Evacuation Pause)
[2837.805s][info][gc,task        ] GC(537) Using 6 workers of 6 for evacuation
[2837.935s][info][gc,phases      ] GC(537)   Pre Evacuate Collection Set: 0.34ms
[2837.935s][info][gc,phases      ] GC(537)   Merge Heap Roots: 0.65ms
[2837.935s][info][gc,phases      ] GC(537)   Evacuate Collection Set: 128.27ms
[2837.935s][info][gc,phases      ] GC(537)   Post Evacuate Collection Set: 0.92ms
[2837.935s][info][gc,phases      ] GC(537)   Other: 0.09ms
[2837.935s][info][gc,heap        ] GC(537) Eden regions: 1103->0(1118)
[2837.935s][info][gc,heap        ] GC(537) Survivor regions: 112->110(152)
[2837.935s][info][gc,heap        ] GC(537) Old regions: 538->473
[2837.935s][info][gc,heap        ] GC(537) Humongous regions: 80->80
[2837.935s][info][gc,metaspace   ] GC(537) Metaspace: 28955K(29312K)->28955K(29312K) NonClass: 24075K(24192K)->24075K(24192K) Class: 4879K(5120K)->4879K(5120K)
[2837.935s][info][gc             ] GC(537) Pause Young (Mixed) (G1 Evacuation Pause) 3663M->1324M(4096M) 130.387ms
[2837.935s][info][gc,cpu         ] GC(537) User=0.78s Sys=0.00s Real=0.13s
....[2841.920s][info][gc,start       ] GC(538) Pause Young (Concurrent Start) (G1 Evacuation Pause)
[2841.920s][info][gc,task        ] GC(538) Using 6 workers of 6 for evacuation
[2842.036s][info][gc,phases      ] GC(538)   Pre Evacuate Collection Set: 0.36ms
[2842.036s][info][gc,phases      ] GC(538)   Merge Heap Roots: 0.54ms
[2842.036s][info][gc,phases      ] GC(538)   Evacuate Collection Set: 114.38ms
[2842.036s][info][gc,phases      ] GC(538)   Post Evacuate Collection Set: 0.87ms
[2842.036s][info][gc,phases      ] GC(538)   Other: 0.10ms
[2842.036s][info][gc,heap        ] GC(538) Eden regions: 1118->0(1119)
[2842.036s][info][gc,heap        ] GC(538) Survivor regions: 110->109(154)
[2842.036s][info][gc,heap        ] GC(538) Old regions: 473->505
[2842.036s][info][gc,heap        ] GC(538) Humongous regions: 80->80
[2842.036s][info][gc,metaspace   ] GC(538) Metaspace: 28955K(29312K)->28955K(29312K) NonClass: 24075K(24192K)->24075K(24192K) Class: 4879K(5120K)->4879K(5120K)
[2842.037s][info][gc             ] GC(538) Pause Young (Concurrent Start) (G1 Evacuation Pause) 3560M->1385M(4096M) 116.376ms
[2842.037s][info][gc             ] GC(539) Concurrent Mark Cycle
[2842.037s][info][gc,marking     ] GC(539) Concurrent Scan Root Regions
[2842.037s][info][gc,cpu         ] GC(538) User=0.69s Sys=0.00s Real=0.11s
.[2842.184s][info][gc,marking     ] GC(539) Concurrent Scan Root Regions 147.377ms
[2842.184s][info][gc,marking     ] GC(539) Concurrent Mark
[2842.184s][info][gc,marking     ] GC(539) Concurrent Mark From Roots
[2842.184s][info][gc,task        ] GC(539) Using 2 workers of 2 for marking
[2842.856s][info][gc,marking     ] GC(539) Concurrent Mark From Roots 671.534ms
[2842.856s][info][gc,marking     ] GC(539) Concurrent Preclean
[2842.856s][info][gc,marking     ] GC(539) Concurrent Preclean 0.080ms
[2842.856s][info][gc,start       ] GC(539) Pause Remark
[2842.862s][info][gc             ] GC(539) Pause Remark 1963M->1963M(4096M) 5.326ms
[2842.862s][info][gc,cpu         ] GC(539) User=0.02s Sys=0.00s Real=0.01s
[2842.862s][info][gc,marking     ] GC(539) Concurrent Mark 678.094ms
[2842.862s][info][gc,marking     ] GC(539) Concurrent Rebuild Remembered Sets and Scrub Regions
[2843.070s][info][gc,marking     ] GC(539) Concurrent Rebuild Remembered Sets and Scrub Regions 207.467ms
[2843.070s][info][gc,start       ] GC(539) Pause Cleanup
[2843.070s][info][gc             ] GC(539) Pause Cleanup 2059M->2059M(4096M) 0.117ms
[2843.070s][info][gc,cpu         ] GC(539) User=0.00s Sys=0.00s Real=0.00s
[2843.070s][info][gc,marking     ] GC(539) Concurrent Clear Claimed Marks
[2843.070s][info][gc,marking     ] GC(539) Concurrent Clear Claimed Marks 0.042ms
[2843.070s][info][gc,marking     ] GC(539) Concurrent Cleanup for Next Mark
[2843.074s][info][gc,marking     ] GC(539) Concurrent Cleanup for Next Mark 4.177ms
[2843.074s][info][gc             ] GC(539) Concurrent Mark Cycle 1037.626ms
...[2845.866s][info][gc,start       ] GC(540) Pause Young (Prepare Mixed) (G1 Evacuation Pause)
[2845.866s][info][gc,task        ] GC(540) Using 6 workers of 6 for evacuation
[2845.985s][info][gc,phases      ] GC(540)   Pre Evacuate Collection Set: 0.34ms
[2845.985s][info][gc,phases      ] GC(540)   Merge Heap Roots: 0.52ms
[2845.985s][info][gc,phases      ] GC(540)   Evacuate Collection Set: 116.61ms
[2845.985s][info][gc,phases      ] GC(540)   Post Evacuate Collection Set: 0.98ms
[2845.985s][info][gc,phases      ] GC(540)   Other: 0.10ms
[2845.985s][info][gc,heap        ] GC(540) Eden regions: 1119->0(1107)
[2845.985s][info][gc,heap        ] GC(540) Survivor regions: 109->111(154)
[2845.985s][info][gc,heap        ] GC(540) Old regions: 505->536
[2845.985s][info][gc,heap        ] GC(540) Humongous regions: 80->80
[2845.985s][info][gc,metaspace   ] GC(540) Metaspace: 28955K(29312K)->28955K(29312K) NonClass: 24075K(24192K)->24075K(24192K) Class: 4879K(5120K)->4879K(5120K)
[2845.985s][info][gc             ] GC(540) Pause Young (Prepare Mixed) (G1 Evacuation Pause) 3623M->1452M(4096M) 118.671ms
[2845.985s][info][gc,cpu         ] GC(540) User=0.70s Sys=0.00s Real=0.12s
....[2849.921s][info][gc,start       ] GC(541) Pause Young (Mixed) (G1 Evacuation Pause)
[2849.921s][info][gc,task        ] GC(541) Using 6 workers of 6 for evacuation
[2850.054s][info][gc,phases      ] GC(541)   Pre Evacuate Collection Set: 0.36ms
[2850.054s][info][gc,phases      ] GC(541)   Merge Heap Roots: 0.74ms
[2850.054s][info][gc,phases      ] GC(541)   Evacuate Collection Set: 130.82ms
[2850.054s][info][gc,phases      ] GC(541)   Post Evacuate Collection Set: 0.95ms
[2850.054s][info][gc,phases      ] GC(541)   Other: 0.08ms
[2850.054s][info][gc,heap        ] GC(541) Eden regions: 1107->0(1121)
[2850.054s][info][gc,heap        ] GC(541) Survivor regions: 111->107(153)
[2850.054s][info][gc,heap        ] GC(541) Old regions: 536->472
[2850.054s][info][gc,heap        ] GC(541) Humongous regions: 80->80
[2850.054s][info][gc,metaspace   ] GC(541) Metaspace: 28955K(29312K)->28955K(29312K) NonClass: 24075K(24192K)->24075K(24192K) Class: 4879K(5120K)->4879K(5120K)
[2850.054s][info][gc             ] GC(541) Pause Young (Mixed) (G1 Evacuation Pause) 3666M->1316M(4096M) 133.099ms
[2850.054s][info][gc,cpu         ] GC(541) User=0.80s Sys=0.00s Real=0.13s
....[2853.853s][info][gc,start       ] GC(542) Pause Young (Concurrent Start) (G1 Evacuation Pause)
[2853.854s][info][gc,task        ] GC(542) Using 6 workers of 6 for evacuation
[2853.971s][info][gc,phases      ] GC(542)   Pre Evacuate Collection Set: 0.38ms
[2853.971s][info][gc,phases      ] GC(542)   Merge Heap Roots: 0.51ms
[2853.971s][info][gc,phases      ] GC(542)   Evacuate Collection Set: 115.18ms
[2853.971s][info][gc,phases      ] GC(542)   Post Evacuate Collection Set: 0.87ms
[2853.971s][info][gc,phases      ] GC(542)   Other: 0.10ms
[2853.971s][info][gc,heap        ] GC(542) Eden regions: 1121->0(1118)
[2853.971s][info][gc,heap        ] GC(542) Survivor regions: 107->110(154)
[2853.971s][info][gc,heap        ] GC(542) Old regions: 472->503
[2853.971s][info][gc,heap        ] GC(542) Humongous regions: 80->80
[2853.971s][info][gc,metaspace   ] GC(542) Metaspace: 28955K(29312K)->28955K(29312K) NonClass: 24075K(24192K)->24075K(24192K) Class: 4879K(5120K)->4879K(5120K)
[2853.971s][info][gc             ] GC(542) Pause Young (Concurrent Start) (G1 Evacuation Pause) 3558M->1384M(4096M) 117.179ms
[2853.971s][info][gc             ] GC(543) Concurrent Mark Cycle
[2853.971s][info][gc,marking     ] GC(543) Concurrent Scan Root Regions
[2853.971s][info][gc,cpu         ] GC(542) User=0.70s Sys=0.00s Real=0.12s
[2854.115s][info][gc,marking     ] GC(543) Concurrent Scan Root Regions 144.308ms
[2854.115s][info][gc,marking     ] GC(543) Concurrent Mark
[2854.115s][info][gc,marking     ] GC(543) Concurrent Mark From Roots
[2854.115s][info][gc,task        ] GC(543) Using 2 workers of 2 for marking
. (rIR:aIR:PR = 4705:4708:4708) (tPR = 69988) [OK] 
  2854s: Performance info:
         Transaction,    Success,    Partial,     Failed,   Receipts, AvgBarcode, 
             Overall,     283822,          0,          0,     269624,      59.47, 
         Response times:
             Request,    Success,    Partial,     Failed,   SkipFail,     Probes,    Samples,      min,      p50,      p90,      p95,      p99,      max, 
       TotalPurchase,     269624,          0,          0,          0,     262988,     292410,      300,     3800,     7800,    15600,    82000,   219000,
     InStorePurchase,     141936,          0,          0,          0,     138864,     153798,      300,     3900,     7800,    15400,    82000,   219000,
      OnlinePurchase,      99349,          0,          0,          0,      96774,     107627,      300,     3600,     7600,    15000,    81000,   219000,
        InstPurchase,      28339,          0,          0,          0,      27350,      30985,      400,     4300,     8340,    18900,    86000,   218000,
          AssocOfCat,        286,          0,          0,          0,        213,        275,    18500,    34000,    48000,    59200,   156400,   174000,
      AssocOfProduct,       2841,          0,          0,          0,       2592,       3053,      800,     4300,     7760,    18220,    70920,   170000,
      BusinessReport,        708,          0,          0,          0,        585,        762,    24000,    39000,    57700,    74000,   158850,   277000,
          CustBuyBeh,       2842,          0,          0,          0,       2630,       3085,      300,     4000,     8200,    17370,    74000,   142000,
       ProductReturn,       7521,          0,          0,          0,       7116,       8027,      200,     4000,     7620,    15000,    75720,   198000,

  2854s: (35%)   IR =   4843 [2854.778s][info][gc,marking     ] GC(543) Concurrent Mark From Roots 662.629ms
[2854.778s][info][gc,marking     ] GC(543) Concurrent Preclean
[2854.778s][info][gc,marking     ] GC(543) Concurrent Preclean 0.093ms
[2854.778s][info][gc,start       ] GC(543) Pause Remark
[2854.782s][info][gc             ] GC(543) Pause Remark 1900M->1900M(4096M) 4.240ms
[2854.782s][info][gc,cpu         ] GC(543) User=0.02s Sys=0.00s Real=0.01s
[2854.782s][info][gc,marking     ] GC(543) Concurrent Mark 667.225ms
[2854.782s][info][gc,marking     ] GC(543) Concurrent Rebuild Remembered Sets and Scrub Regions
[2855.020s][info][gc,marking     ] GC(543) Concurrent Rebuild Remembered Sets and Scrub Regions 238.066ms
[2855.021s][info][gc,start       ] GC(543) Pause Cleanup
[2855.021s][info][gc             ] GC(543) Pause Cleanup 2041M->2041M(4096M) 0.105ms
[2855.021s][info][gc,cpu         ] GC(543) User=0.00s Sys=0.00s Real=0.00s
[2855.021s][info][gc,marking     ] GC(543) Concurrent Clear Claimed Marks
[2855.021s][info][gc,marking     ] GC(543) Concurrent Clear Claimed Marks 0.031ms
[2855.021s][info][gc,marking     ] GC(543) Concurrent Cleanup for Next Mark
[2855.024s][info][gc,marking     ] GC(543) Concurrent Cleanup for Next Mark 3.243ms
[2855.024s][info][gc             ] GC(543) Concurrent Mark Cycle 1053.260ms
...[2857.839s][info][gc,start       ] GC(544) Pause Young (Prepare Mixed) (G1 Evacuation Pause)
[2857.839s][info][gc,task        ] GC(544) Using 6 workers of 6 for evacuation
[2857.956s][info][gc,phases      ] GC(544)   Pre Evacuate Collection Set: 0.32ms
[2857.956s][info][gc,phases      ] GC(544)   Merge Heap Roots: 0.52ms
[2857.956s][info][gc,phases      ] GC(544)   Evacuate Collection Set: 115.67ms
[2857.956s][info][gc,phases      ] GC(544)   Post Evacuate Collection Set: 0.92ms
[2857.956s][info][gc,phases      ] GC(544)   Other: 0.09ms
[2857.956s][info][gc,heap        ] GC(544) Eden regions: 1118->0(1109)
[2857.956s][info][gc,heap        ] GC(544) Survivor regions: 110->110(154)
[2857.956s][info][gc,heap        ] GC(544) Old regions: 503->536
[2857.956s][info][gc,heap        ] GC(544) Humongous regions: 80->80
[2857.956s][info][gc,metaspace   ] GC(544) Metaspace: 28955K(29312K)->28955K(29312K) NonClass: 24075K(24192K)->24075K(24192K) Class: 4879K(5120K)->4879K(5120K)
[2857.956s][info][gc             ] GC(544) Pause Young (Prepare Mixed) (G1 Evacuation Pause) 3620M->1451M(4096M) 117.662ms
[2857.956s][info][gc,cpu         ] GC(544) User=0.70s Sys=0.00s Real=0.12s
.|...[2861.692s][info][gc,start       ] GC(545) Pause Young (Mixed) (G1 Evacuation Pause)
[2861.692s][info][gc,task        ] GC(545) Using 6 workers of 6 for evacuation
[2861.829s][info][gc,phases      ] GC(545)   Pre Evacuate Collection Set: 0.37ms
[2861.829s][info][gc,phases      ] GC(545)   Merge Heap Roots: 0.75ms
[2861.829s][info][gc,phases      ] GC(545)   Evacuate Collection Set: 134.10ms
[2861.829s][info][gc,phases      ] GC(545)   Post Evacuate Collection Set: 0.94ms
[2861.829s][info][gc,phases      ] GC(545)   Other: 0.09ms
[2861.829s][info][gc,heap        ] GC(545) Eden regions: 1109->0(1114)
[2861.829s][info][gc,heap        ] GC(545) Survivor regions: 110->114(153)
[2861.829s][info][gc,heap        ] GC(545) Old regions: 536->474
[2861.829s][info][gc,heap        ] GC(545) Humongous regions: 80->80
[2861.829s][info][gc,metaspace   ] GC(545) Metaspace: 28955K(29312K)->28955K(29312K) NonClass: 24075K(24192K)->24075K(24192K) Class: 4879K(5120K)->4879K(5120K)
[2861.829s][info][gc             ] GC(545) Pause Young (Mixed) (G1 Evacuation Pause) 3669M->1334M(4096M) 136.373ms
[2861.829s][info][gc,cpu         ] GC(545) User=0.81s Sys=0.00s Real=0.13s
....[2865.580s][info][gc,start       ] GC(546) Pause Young (Concurrent Start) (G1 Evacuation Pause)
[2865.580s][info][gc,task        ] GC(546) Using 6 workers of 6 for evacuation
[2865.697s][info][gc,phases      ] GC(546)   Pre Evacuate Collection Set: 0.38ms
[2865.697s][info][gc,phases      ] GC(546)   Merge Heap Roots: 0.48ms
[2865.697s][info][gc,phases      ] GC(546)   Evacuate Collection Set: 115.27ms
[2865.697s][info][gc,phases      ] GC(546)   Post Evacuate Collection Set: 0.85ms
[2865.697s][info][gc,phases      ] GC(546)   Other: 0.12ms
[2865.697s][info][gc,heap        ] GC(546) Eden regions: 1114->0(1119)
[2865.697s][info][gc,heap        ] GC(546) Survivor regions: 114->109(154)
[2865.697s][info][gc,heap        ] GC(546) Old regions: 474->507
[2865.697s][info][gc,heap        ] GC(546) Humongous regions: 80->80
[2865.697s][info][gc,metaspace   ] GC(546) Metaspace: 28955K(29312K)->28955K(29312K) NonClass: 24075K(24192K)->24075K(24192K) Class: 4879K(5120K)->4879K(5120K)
[2865.697s][info][gc             ] GC(546) Pause Young (Concurrent Start) (G1 Evacuation Pause) 3562M->1389M(4096M) 117.224ms
[2865.697s][info][gc             ] GC(547) Concurrent Mark Cycle
[2865.697s][info][gc,marking     ] GC(547) Concurrent Scan Root Regions
[2865.697s][info][gc,cpu         ] GC(546) User=0.70s Sys=0.01s Real=0.11s
[2865.843s][info][gc,marking     ] GC(547) Concurrent Scan Root Regions 145.609ms
[2865.843s][info][gc,marking     ] GC(547) Concurrent Mark
[2865.843s][info][gc,marking     ] GC(547) Concurrent Mark From Roots
[2865.843s][info][gc,task        ] GC(547) Using 2 workers of 2 for marking
.[2866.831s][info][gc,marking     ] GC(547) Concurrent Mark From Roots 988.851ms
[2866.831s][info][gc,marking     ] GC(547) Concurrent Preclean
[2866.832s][info][gc,marking     ] GC(547) Concurrent Preclean 0.081ms
[2866.832s][info][gc,start       ] GC(547) Pause Remark
[2866.838s][info][gc             ] GC(547) Pause Remark 2120M->2120M(4096M) 6.168ms
[2866.838s][info][gc,cpu         ] GC(547) User=0.03s Sys=0.00s Real=0.00s
[2866.838s][info][gc,marking     ] GC(547) Concurrent Mark 995.362ms
[2866.838s][info][gc,marking     ] GC(547) Concurrent Rebuild Remembered Sets and Scrub Regions
.[2867.210s][info][gc,marking     ] GC(547) Concurrent Rebuild Remembered Sets and Scrub Regions 372.023ms
[2867.210s][info][gc,start       ] GC(547) Pause Cleanup
[2867.210s][info][gc             ] GC(547) Pause Cleanup 2309M->2309M(4096M) 0.123ms
[2867.210s][info][gc,cpu         ] GC(547) User=0.00s Sys=0.00s Real=0.00s
[2867.210s][info][gc,marking     ] GC(547) Concurrent Clear Claimed Marks
[2867.210s][info][gc,marking     ] GC(547) Concurrent Clear Claimed Marks 0.031ms
[2867.210s][info][gc,marking     ] GC(547) Concurrent Cleanup for Next Mark
[2867.214s][info][gc,marking     ] GC(547) Concurrent Cleanup for Next Mark 3.315ms
[2867.214s][info][gc             ] GC(547) Concurrent Mark Cycle 1516.824ms
..[2869.494s][info][gc,start       ] GC(548) Pause Young (Prepare Mixed) (G1 Evacuation Pause)
[2869.494s][info][gc,task        ] GC(548) Using 6 workers of 6 for evacuation
[2869.613s][info][gc,phases      ] GC(548)   Pre Evacuate Collection Set: 0.34ms
[2869.614s][info][gc,phases      ] GC(548)   Merge Heap Roots: 0.54ms
[2869.614s][info][gc,phases      ] GC(548)   Evacuate Collection Set: 118.01ms
[2869.614s][info][gc,phases      ] GC(548)   Post Evacuate Collection Set: 0.94ms
[2869.614s][info][gc,phases      ] GC(548)   Other: 0.09ms
[2869.614s][info][gc,heap        ] GC(548) Eden regions: 1119->0(1103)
[2869.614s][info][gc,heap        ] GC(548) Survivor regions: 109->112(154)
[2869.614s][info][gc,heap        ] GC(548) Old regions: 507->538
[2869.614s][info][gc,heap        ] GC(548) Humongous regions: 80->80
[2869.614s][info][gc,metaspace   ] GC(548) Metaspace: 28955K(29312K)->28955K(29312K) NonClass: 24075K(24192K)->24075K(24192K) Class: 4879K(5120K)->4879K(5120K)
[2869.614s][info][gc             ] GC(548) Pause Young (Prepare Mixed) (G1 Evacuation Pause) 3627M->1458M(4096M) 120.044ms
[2869.614s][info][gc,cpu         ] GC(548) User=0.71s Sys=0.00s Real=0.12s
....[2873.328s][info][gc,start       ] GC(549) Pause Young (Mixed) (G1 Evacuation Pause)
[2873.328s][info][gc,task        ] GC(549) Using 6 workers of 6 for evacuation
[2873.480s][info][gc,phases      ] GC(549)   Pre Evacuate Collection Set: 0.37ms
[2873.480s][info][gc,phases      ] GC(549)   Merge Heap Roots: 0.85ms
[2873.480s][info][gc,phases      ] GC(549)   Evacuate Collection Set: 149.52ms
[2873.480s][info][gc,phases      ] GC(549)   Post Evacuate Collection Set: 0.94ms
[2873.480s][info][gc,phases      ] GC(549)   Other: 0.09ms
[2873.480s][info][gc,heap        ] GC(549) Eden regions: 1103->0(1119)
[2873.480s][info][gc,heap        ] GC(549) Survivor regions: 112->109(152)
[2873.480s][info][gc,heap        ] GC(549) Old regions: 538->474
[2873.480s][info][gc,heap        ] GC(549) Humongous regions: 80->80
[2873.480s][info][gc,metaspace   ] GC(549) Metaspace: 28955K(29312K)->28955K(29312K) NonClass: 24075K(24192K)->24075K(24192K) Class: 4879K(5120K)->4879K(5120K)
[2873.480s][info][gc             ] GC(549) Pause Young (Mixed) (G1 Evacuation Pause) 3664M->1325M(4096M) 151.890ms
[2873.480s][info][gc,cpu         ] GC(549) User=0.90s Sys=0.00s Real=0.16s
....[2877.242s][info][gc,start       ] GC(550) Pause Young (Concurrent Start) (G1 Evacuation Pause)
[2877.242s][info][gc,task        ] GC(550) Using 6 workers of 6 for evacuation
[2877.362s][info][gc,phases      ] GC(550)   Pre Evacuate Collection Set: 0.40ms
[2877.362s][info][gc,phases      ] GC(550)   Merge Heap Roots: 0.51ms
[2877.362s][info][gc,phases      ] GC(550)   Evacuate Collection Set: 118.23ms
[2877.362s][info][gc,phases      ] GC(550)   Post Evacuate Collection Set: 0.88ms
[2877.362s][info][gc,phases      ] GC(550)   Other: 0.13ms
[2877.362s][info][gc,heap        ] GC(550) Eden regions: 1119->0(1117)
[2877.362s][info][gc,heap        ] GC(550) Survivor regions: 109->111(154)
[2877.362s][info][gc,heap        ] GC(550) Old regions: 474->507
[2877.362s][info][gc,heap        ] GC(550) Humongous regions: 80->80
[2877.362s][info][gc,metaspace   ] GC(550) Metaspace: 28955K(29312K)->28955K(29312K) NonClass: 24075K(24192K)->24075K(24192K) Class: 4879K(5120K)->4879K(5120K)
[2877.362s][info][gc             ] GC(550) Pause Young (Concurrent Start) (G1 Evacuation Pause) 3563M->1394M(4096M) 120.272ms
[2877.362s][info][gc             ] GC(551) Concurrent Mark Cycle
[2877.362s][info][gc,marking     ] GC(551) Concurrent Scan Root Regions
[2877.362s][info][gc,cpu         ] GC(550) User=0.72s Sys=0.00s Real=0.12s
[2877.544s][info][gc,marking     ] GC(551) Concurrent Scan Root Regions 182.067ms
[2877.544s][info][gc,marking     ] GC(551) Concurrent Mark
[2877.544s][info][gc,marking     ] GC(551) Concurrent Mark From Roots
[2877.544s][info][gc,task        ] GC(551) Using 2 workers of 2 for marking
.[2878.293s][info][gc,marking     ] GC(551) Concurrent Mark From Roots 748.726ms
[2878.293s][info][gc,marking     ] GC(551) Concurrent Preclean
[2878.293s][info][gc,marking     ] GC(551) Concurrent Preclean 0.087ms
[2878.293s][info][gc,start       ] GC(551) Pause Remark
[2878.298s][info][gc             ] GC(551) Pause Remark 1986M->1986M(4096M) 5.120ms
[2878.298s][info][gc,cpu         ] GC(551) User=0.03s Sys=0.00s Real=0.00s
[2878.299s][info][gc,marking     ] GC(551) Concurrent Mark 754.223ms
[2878.299s][info][gc,marking     ] GC(551) Concurrent Rebuild Remembered Sets and Scrub Regions
[2878.585s][info][gc,marking     ] GC(551) Concurrent Rebuild Remembered Sets and Scrub Regions 286.322ms
[2878.585s][info][gc,start       ] GC(551) Pause Cleanup
[2878.586s][info][gc             ] GC(551) Pause Cleanup 2166M->2166M(4096M) 0.111ms
[2878.586s][info][gc,cpu         ] GC(551) User=0.00s Sys=0.00s Real=0.00s
[2878.586s][info][gc,marking     ] GC(551) Concurrent Clear Claimed Marks
[2878.586s][info][gc,marking     ] GC(551) Concurrent Clear Claimed Marks 0.036ms
[2878.586s][info][gc,marking     ] GC(551) Concurrent Cleanup for Next Mark
[2878.590s][info][gc,marking     ] GC(551) Concurrent Cleanup for Next Mark 4.543ms
[2878.590s][info][gc             ] GC(551) Concurrent Mark Cycle 1228.144ms
..[2881.165s][info][gc,start       ] GC(552) Pause Young (Prepare Mixed) (G1 Evacuation Pause)
[2881.165s][info][gc,task        ] GC(552) Using 6 workers of 6 for evacuation
[2881.288s][info][gc,phases      ] GC(552)   Pre Evacuate Collection Set: 0.33ms
[2881.288s][info][gc,phases      ] GC(552)   Merge Heap Roots: 0.60ms
[2881.288s][info][gc,phases      ] GC(552)   Evacuate Collection Set: 120.61ms
[2881.288s][info][gc,phases      ] GC(552)   Post Evacuate Collection Set: 0.92ms
[2881.288s][info][gc,phases      ] GC(552)   Other: 0.09ms
[2881.288s][info][gc,heap        ] GC(552) Eden regions: 1117->0(1102)
[2881.288s][info][gc,heap        ] GC(552) Survivor regions: 111->112(154)
[2881.288s][info][gc,heap        ] GC(552) Old regions: 507->539
[2881.288s][info][gc,heap        ] GC(552) Humongous regions: 80->80
[2881.288s][info][gc,metaspace   ] GC(552) Metaspace: 28955K(29312K)->28955K(29312K) NonClass: 24075K(24192K)->24075K(24192K) Class: 4879K(5120K)->4879K(5120K)
[2881.288s][info][gc             ] GC(552) Pause Young (Prepare Mixed) (G1 Evacuation Pause) 3628M->1461M(4096M) 122.684ms
[2881.288s][info][gc,cpu         ] GC(552) User=0.73s Sys=0.00s Real=0.12s
....[2885.072s][info][gc,start       ] GC(553) Pause Young (Mixed) (G1 Evacuation Pause)
[2885.072s][info][gc,task        ] GC(553) Using 6 workers of 6 for evacuation
[2885.206s][info][gc,phases      ] GC(553)   Pre Evacuate Collection Set: 0.37ms
[2885.206s][info][gc,phases      ] GC(553)   Merge Heap Roots: 0.80ms
[2885.206s][info][gc,phases      ] GC(553)   Evacuate Collection Set: 131.97ms
[2885.206s][info][gc,phases      ] GC(553)   Post Evacuate Collection Set: 0.94ms
[2885.206s][info][gc,phases      ] GC(553)   Other: 0.09ms
[2885.206s][info][gc,heap        ] GC(553) Eden regions: 1102->0(1118)
[2885.206s][info][gc,heap        ] GC(553) Survivor regions: 112->110(152)
[2885.206s][info][gc,heap        ] GC(553) Old regions: 539->474
[2885.206s][info][gc,heap        ] GC(553) Humongous regions: 80->80
[2885.206s][info][gc,metaspace   ] GC(553) Metaspace: 28955K(29312K)->28955K(29312K) NonClass: 24075K(24192K)->24075K(24192K) Class: 4879K(5120K)->4879K(5120K)
[2885.206s][info][gc             ] GC(553) Pause Young (Mixed) (G1 Evacuation Pause) 3665M->1326M(4096M) 134.318ms
[2885.207s][info][gc,cpu         ] GC(553) User=0.80s Sys=0.00s Real=0.13s
....[2888.943s][info][gc,start       ] GC(554) Pause Young (Concurrent Start) (G1 Evacuation Pause)
[2888.943s][info][gc,task        ] GC(554) Using 6 workers of 6 for evacuation
[2889.058s][info][gc,phases      ] GC(554)   Pre Evacuate Collection Set: 0.32ms
[2889.058s][info][gc,phases      ] GC(554)   Merge Heap Roots: 0.50ms
[2889.058s][info][gc,phases      ] GC(554)   Evacuate Collection Set: 112.91ms
[2889.058s][info][gc,phases      ] GC(554)   Post Evacuate Collection Set: 0.89ms
[2889.058s][info][gc,phases      ] GC(554)   Other: 0.11ms
[2889.058s][info][gc,heap        ] GC(554) Eden regions: 1118->0(1121)
[2889.058s][info][gc,heap        ] GC(554) Survivor regions: 110->107(154)
[2889.058s][info][gc,heap        ] GC(554) Old regions: 474->505
[2889.058s][info][gc,heap        ] GC(554) Humongous regions: 80->80
[2889.058s][info][gc,metaspace   ] GC(554) Metaspace: 28955K(29312K)->28955K(29312K) NonClass: 24075K(24192K)->24075K(24192K) Class: 4879K(5120K)->4879K(5120K)
[2889.058s][info][gc             ] GC(554) Pause Young (Concurrent Start) (G1 Evacuation Pause) 3562M->1382M(4096M) 114.876ms
[2889.058s][info][gc             ] GC(555) Concurrent Mark Cycle
[2889.058s][info][gc,marking     ] GC(555) Concurrent Scan Root Regions
[2889.058s][info][gc,cpu         ] GC(554) User=0.68s Sys=0.00s Real=0.11s
[2889.234s][info][gc,marking     ] GC(555) Concurrent Scan Root Regions 175.528ms
[2889.234s][info][gc,marking     ] GC(555) Concurrent Mark
[2889.234s][info][gc,marking     ] GC(555) Concurrent Mark From Roots
[2889.234s][info][gc,task        ] GC(555) Using 2 workers of 2 for marking
.[2889.896s][info][gc,marking     ] GC(555) Concurrent Mark From Roots 661.831ms
[2889.896s][info][gc,marking     ] GC(555) Concurrent Preclean
[2889.896s][info][gc,marking     ] GC(555) Concurrent Preclean 0.059ms
[2889.896s][info][gc,start       ] GC(555) Pause Remark
[2889.900s][info][gc             ] GC(555) Pause Remark 1932M->1932M(4096M) 4.461ms
[2889.900s][info][gc,cpu         ] GC(555) User=0.03s Sys=0.00s Real=0.01s
[2889.900s][info][gc,marking     ] GC(555) Concurrent Mark 666.599ms
[2889.900s][info][gc,marking     ] GC(555) Concurrent Rebuild Remembered Sets and Scrub Regions
[2890.189s][info][gc,marking     ] GC(555) Concurrent Rebuild Remembered Sets and Scrub Regions 288.833ms
[2890.189s][info][gc,start       ] GC(555) Pause Cleanup
[2890.189s][info][gc             ] GC(555) Pause Cleanup 2103M->2103M(4096M) 0.107ms
[2890.189s][info][gc,cpu         ] GC(555) User=0.00s Sys=0.00s Real=0.00s
[2890.189s][info][gc,marking     ] GC(555) Concurrent Clear Claimed Marks
[2890.189s][info][gc,marking     ] GC(555) Concurrent Clear Claimed Marks 0.029ms
[2890.189s][info][gc,marking     ] GC(555) Concurrent Cleanup for Next Mark
[2890.193s][info][gc,marking     ] GC(555) Concurrent Cleanup for Next Mark 3.376ms
[2890.193s][info][gc             ] GC(555) Concurrent Mark Cycle 1134.812ms
...[2892.878s][info][gc,start       ] GC(556) Pause Young (Prepare Mixed) (G1 Evacuation Pause)
[2892.878s][info][gc,task        ] GC(556) Using 6 workers of 6 for evacuation
[2893.004s][info][gc,phases      ] GC(556)   Pre Evacuate Collection Set: 0.31ms
[2893.004s][info][gc,phases      ] GC(556)   Merge Heap Roots: 0.58ms
[2893.004s][info][gc,phases      ] GC(556)   Evacuate Collection Set: 123.17ms
[2893.004s][info][gc,phases      ] GC(556)   Post Evacuate Collection Set: 0.91ms
[2893.004s][info][gc,phases      ] GC(556)   Other: 0.08ms
[2893.004s][info][gc,heap        ] GC(556) Eden regions: 1121->0(1099)
[2893.004s][info][gc,heap        ] GC(556) Survivor regions: 107->115(154)
[2893.004s][info][gc,heap        ] GC(556) Old regions: 505->536
[2893.004s][info][gc,heap        ] GC(556) Humongous regions: 80->80
[2893.004s][info][gc,metaspace   ] GC(556) Metaspace: 28955K(29312K)->28955K(29312K) NonClass: 24075K(24192K)->24075K(24192K) Class: 4879K(5120K)->4879K(5120K)
[2893.004s][info][gc             ] GC(556) Pause Young (Prepare Mixed) (G1 Evacuation Pause) 3624M->1461M(4096M) 125.189ms
[2893.004s][info][gc,cpu         ] GC(556) User=0.75s Sys=0.00s Real=0.13s
....[2896.699s][info][gc,start       ] GC(557) Pause Young (Mixed) (G1 Evacuation Pause)
[2896.699s][info][gc,task        ] GC(557) Using 6 workers of 6 for evacuation
[2896.839s][info][gc,phases      ] GC(557)   Pre Evacuate Collection Set: 0.35ms
[2896.839s][info][gc,phases      ] GC(557)   Merge Heap Roots: 0.87ms
[2896.839s][info][gc,phases      ] GC(557)   Evacuate Collection Set: 137.41ms
[2896.839s][info][gc,phases      ] GC(557)   Post Evacuate Collection Set: 0.94ms
[2896.839s][info][gc,phases      ] GC(557)   Other: 0.08ms
[2896.839s][info][gc,heap        ] GC(557) Eden regions: 1099->0(1115)
[2896.839s][info][gc,heap        ] GC(557) Survivor regions: 115->113(152)
[2896.839s][info][gc,heap        ] GC(557) Old regions: 536->472
[2896.839s][info][gc,heap        ] GC(557) Humongous regions: 80->80
[2896.839s][info][gc,metaspace   ] GC(557) Metaspace: 28955K(29312K)->28955K(29312K) NonClass: 24075K(24192K)->24075K(24192K) Class: 4879K(5120K)->4879K(5120K)
[2896.839s][info][gc             ] GC(557) Pause Young (Mixed) (G1 Evacuation Pause) 3659M->1328M(4096M) 139.796ms
[2896.839s][info][gc,cpu         ] GC(557) User=0.83s Sys=0.00s Real=0.14s
....[2900.598s][info][gc,start       ] GC(558) Pause Young (Concurrent Start) (G1 Evacuation Pause)
[2900.599s][info][gc,task        ] GC(558) Using 6 workers of 6 for evacuation
[2900.716s][info][gc,phases      ] GC(558)   Pre Evacuate Collection Set: 0.38ms
[2900.716s][info][gc,phases      ] GC(558)   Merge Heap Roots: 0.51ms
[2900.716s][info][gc,phases      ] GC(558)   Evacuate Collection Set: 115.53ms
[2900.716s][info][gc,phases      ] GC(558)   Post Evacuate Collection Set: 0.89ms
[2900.716s][info][gc,phases      ] GC(558)   Other: 0.11ms
[2900.716s][info][gc,heap        ] GC(558) Eden regions: 1115->0(1119)
[2900.716s][info][gc,heap        ] GC(558) Survivor regions: 113->109(154)
[2900.716s][info][gc,heap        ] GC(558) Old regions: 472->504
[2900.716s][info][gc,heap        ] GC(558) Humongous regions: 80->80
[2900.716s][info][gc,metaspace   ] GC(558) Metaspace: 28955K(29312K)->28955K(29312K) NonClass: 24075K(24192K)->24075K(24192K) Class: 4879K(5120K)->4879K(5120K)
[2900.716s][info][gc             ] GC(558) Pause Young (Concurrent Start) (G1 Evacuation Pause) 3558M->1385M(4096M) 117.549ms
[2900.716s][info][gc             ] GC(559) Concurrent Mark Cycle
[2900.716s][info][gc,marking     ] GC(559) Concurrent Scan Root Regions
[2900.716s][info][gc,cpu         ] GC(558) User=0.70s Sys=0.00s Real=0.12s
[2900.880s][info][gc,marking     ] GC(559) Concurrent Scan Root Regions 164.351ms
[2900.880s][info][gc,marking     ] GC(559) Concurrent Mark
[2900.880s][info][gc,marking     ] GC(559) Concurrent Mark From Roots
[2900.880s][info][gc,task        ] GC(559) Using 2 workers of 2 for marking
.[2901.615s][info][gc,marking     ] GC(559) Concurrent Mark From Roots 734.341ms
[2901.615s][info][gc,marking     ] GC(559) Concurrent Preclean
[2901.615s][info][gc,marking     ] GC(559) Concurrent Preclean 0.070ms
[2901.615s][info][gc,start       ] GC(559) Pause Remark
[2901.620s][info][gc             ] GC(559) Pause Remark 1944M->1944M(4096M) 4.658ms
[2901.620s][info][gc,cpu         ] GC(559) User=0.02s Sys=0.00s Real=0.01s
[2901.620s][info][gc,marking     ] GC(559) Concurrent Mark 739.809ms
[2901.620s][info][gc,marking     ] GC(559) Concurrent Rebuild Remembered Sets and Scrub Regions
[2901.834s][info][gc,marking     ] GC(559) Concurrent Rebuild Remembered Sets and Scrub Regions 214.081ms
[2901.835s][info][gc,start       ] GC(559) Pause Cleanup
[2901.835s][info][gc             ] GC(559) Pause Cleanup 2089M->2089M(4096M) 0.113ms
[2901.835s][info][gc,cpu         ] GC(559) User=0.00s Sys=0.00s Real=0.00s
[2901.835s][info][gc,marking     ] GC(559) Concurrent Clear Claimed Marks
[2901.836s][info][gc,marking     ] GC(559) Concurrent Clear Claimed Marks 0.058ms
[2901.836s][info][gc,marking     ] GC(559) Concurrent Cleanup for Next Mark
[2901.840s][info][gc,marking     ] GC(559) Concurrent Cleanup for Next Mark 4.172ms
[2901.840s][info][gc             ] GC(559) Concurrent Mark Cycle 1123.664ms
...[2904.496s][info][gc,start       ] GC(560) Pause Young (Prepare Mixed) (G1 Evacuation Pause)
[2904.496s][info][gc,task        ] GC(560) Using 6 workers of 6 for evacuation
[2904.613s][info][gc,phases      ] GC(560)   Pre Evacuate Collection Set: 0.35ms
[2904.613s][info][gc,phases      ] GC(560)   Merge Heap Roots: 0.62ms
[2904.613s][info][gc,phases      ] GC(560)   Evacuate Collection Set: 115.23ms
[2904.613s][info][gc,phases      ] GC(560)   Post Evacuate Collection Set: 0.90ms
[2904.613s][info][gc,phases      ] GC(560)   Other: 0.09ms
[2904.613s][info][gc,heap        ] GC(560) Eden regions: 1119->0(1113)
[2904.613s][info][gc,heap        ] GC(560) Survivor regions: 109->108(154)
[2904.613s][info][gc,heap        ] GC(560) Old regions: 504->536
[2904.613s][info][gc,heap        ] GC(560) Humongous regions: 80->80
[2904.613s][info][gc,metaspace   ] GC(560) Metaspace: 28955K(29312K)->28955K(29312K) NonClass: 24075K(24192K)->24075K(24192K) Class: 4879K(5120K)->4879K(5120K)
[2904.613s][info][gc             ] GC(560) Pause Young (Prepare Mixed) (G1 Evacuation Pause) 3623M->1446M(4096M) 117.334ms
[2904.613s][info][gc,cpu         ] GC(560) User=0.69s Sys=0.01s Real=0.12s
....[2908.492s][info][gc,start       ] GC(561) Pause Young (Mixed) (G1 Evacuation Pause)
[2908.492s][info][gc,task        ] GC(561) Using 6 workers of 6 for evacuation
[2908.623s][info][gc,phases      ] GC(561)   Pre Evacuate Collection Set: 0.41ms
[2908.623s][info][gc,phases      ] GC(561)   Merge Heap Roots: 0.67ms
[2908.623s][info][gc,phases      ] GC(561)   Evacuate Collection Set: 128.43ms
[2908.623s][info][gc,phases      ] GC(561)   Post Evacuate Collection Set: 0.95ms
[2908.623s][info][gc,phases      ] GC(561)   Other: 0.09ms
[2908.623s][info][gc,heap        ] GC(561) Eden regions: 1113->0(1118)
[2908.623s][info][gc,heap        ] GC(561) Survivor regions: 108->110(153)
[2908.623s][info][gc,heap        ] GC(561) Old regions: 536->474
[2908.623s][info][gc,heap        ] GC(561) Humongous regions: 80->80
[2908.623s][info][gc,metaspace   ] GC(561) Metaspace: 28955K(29312K)->28955K(29312K) NonClass: 24075K(24192K)->24075K(24192K) Class: 4879K(5120K)->4879K(5120K)
[2908.623s][info][gc             ] GC(561) Pause Young (Mixed) (G1 Evacuation Pause) 3672M->1326M(4096M) 130.692ms
[2908.623s][info][gc,cpu         ] GC(561) User=0.78s Sys=0.00s Real=0.13s
...[2912.329s][info][gc,start       ] GC(562) Pause Young (Concurrent Start) (G1 Evacuation Pause)
[2912.329s][info][gc,task        ] GC(562) Using 6 workers of 6 for evacuation
[2912.444s][info][gc,phases      ] GC(562)   Pre Evacuate Collection Set: 0.39ms
[2912.444s][info][gc,phases      ] GC(562)   Merge Heap Roots: 0.51ms
[2912.444s][info][gc,phases      ] GC(562)   Evacuate Collection Set: 113.40ms
[2912.444s][info][gc,phases      ] GC(562)   Post Evacuate Collection Set: 0.88ms
[2912.444s][info][gc,phases      ] GC(562)   Other: 0.10ms
[2912.444s][info][gc,heap        ] GC(562) Eden regions: 1118->0(1119)
[2912.444s][info][gc,heap        ] GC(562) Survivor regions: 110->109(154)
[2912.444s][info][gc,heap        ] GC(562) Old regions: 474->505
[2912.444s][info][gc,heap        ] GC(562) Humongous regions: 80->80
[2912.444s][info][gc,metaspace   ] GC(562) Metaspace: 28955K(29312K)->28955K(29312K) NonClass: 24075K(24192K)->24075K(24192K) Class: 4879K(5120K)->4879K(5120K)
[2912.444s][info][gc             ] GC(562) Pause Young (Concurrent Start) (G1 Evacuation Pause) 3562M->1387M(4096M) 115.426ms
[2912.444s][info][gc             ] GC(563) Concurrent Mark Cycle
[2912.444s][info][gc,marking     ] GC(563) Concurrent Scan Root Regions
[2912.444s][info][gc,cpu         ] GC(562) User=0.69s Sys=0.00s Real=0.12s
.[2912.581s][info][gc,marking     ] GC(563) Concurrent Scan Root Regions 136.529ms
[2912.581s][info][gc,marking     ] GC(563) Concurrent Mark
[2912.581s][info][gc,marking     ] GC(563) Concurrent Mark From Roots
[2912.581s][info][gc,task        ] GC(563) Using 2 workers of 2 for marking
[2913.248s][info][gc,marking     ] GC(563) Concurrent Mark From Roots 666.917ms
[2913.248s][info][gc,marking     ] GC(563) Concurrent Preclean
[2913.248s][info][gc,marking     ] GC(563) Concurrent Preclean 0.063ms
[2913.248s][info][gc,start       ] GC(563) Pause Remark
[2913.253s][info][gc             ] GC(563) Pause Remark 1902M->1902M(4096M) 5.552ms
[2913.254s][info][gc,cpu         ] GC(563) User=0.03s Sys=0.00s Real=0.01s
[2913.254s][info][gc,marking     ] GC(563) Concurrent Mark 672.860ms
[2913.254s][info][gc,marking     ] GC(563) Concurrent Rebuild Remembered Sets and Scrub Regions
.[2913.501s][info][gc,marking     ] GC(563) Concurrent Rebuild Remembered Sets and Scrub Regions 247.238ms
[2913.501s][info][gc,start       ] GC(563) Pause Cleanup
[2913.501s][info][gc             ] GC(563) Pause Cleanup 2066M->2066M(4096M) 0.115ms
[2913.501s][info][gc,cpu         ] GC(563) User=0.00s Sys=0.00s Real=0.00s
[2913.501s][info][gc,marking     ] GC(563) Concurrent Clear Claimed Marks
[2913.501s][info][gc,marking     ] GC(563) Concurrent Clear Claimed Marks 0.033ms
[2913.501s][info][gc,marking     ] GC(563) Concurrent Cleanup for Next Mark
[2913.506s][info][gc,marking     ] GC(563) Concurrent Cleanup for Next Mark 5.079ms
[2913.506s][info][gc             ] GC(563) Concurrent Mark Cycle 1062.259ms
..[2916.179s][info][gc,start       ] GC(564) Pause Young (Prepare Mixed) (G1 Evacuation Pause)
[2916.179s][info][gc,task        ] GC(564) Using 6 workers of 6 for evacuation
[2916.297s][info][gc,phases      ] GC(564)   Pre Evacuate Collection Set: 0.35ms
[2916.297s][info][gc,phases      ] GC(564)   Merge Heap Roots: 0.58ms
[2916.297s][info][gc,phases      ] GC(564)   Evacuate Collection Set: 115.90ms
[2916.297s][info][gc,phases      ] GC(564)   Post Evacuate Collection Set: 0.93ms
[2916.297s][info][gc,phases      ] GC(564)   Other: 0.09ms
[2916.297s][info][gc,heap        ] GC(564) Eden regions: 1119->0(1109)
[2916.297s][info][gc,heap        ] GC(564) Survivor regions: 109->109(154)
[2916.297s][info][gc,heap        ] GC(564) Old regions: 505->538
[2916.297s][info][gc,heap        ] GC(564) Humongous regions: 80->80
[2916.297s][info][gc,metaspace   ] GC(564) Metaspace: 28952K(29312K)->28952K(29312K) NonClass: 24073K(24192K)->24073K(24192K) Class: 4878K(5120K)->4878K(5120K)
[2916.297s][info][gc             ] GC(564) Pause Young (Prepare Mixed) (G1 Evacuation Pause) 3625M->1452M(4096M) 117.992ms
[2916.297s][info][gc,cpu         ] GC(564) User=0.70s Sys=0.00s Real=0.12s
... (rIR:aIR:PR = 4843:4841:4842) (tPR = 72236) [OK] 
  2918s: Performance info:
         Transaction,    Success,    Partial,     Failed,   Receipts, AvgBarcode, 
             Overall,     291721,          0,          0,     277133,      59.47, 
         Response times:
             Request,    Success,    Partial,     Failed,   SkipFail,     Probes,    Samples,      min,      p50,      p90,      p95,      p99,      max, 
       TotalPurchase,     277126,          0,          0,          0,     272477,     291533,      300,     3900,     7900,    15500,    54000,   223000,
     InStorePurchase,     145881,          0,          0,          0,     143692,     153519,      300,     3800,     7900,    15400,    55000,   223000,
      OnlinePurchase,     102063,          0,          0,          0,     100369,     107237,      300,     4000,     7900,    15500,    54000,   208000,
        InstPurchase,      29182,          0,          0,          0,      28416,      30777,      400,     4000,     7920,    16900,    53000,   192000,
          AssocOfCat,        291,          0,          0,          0,        241,        337,    25000,    34000,    54200,    71100,    95960,   166000,
      AssocOfProduct,       2922,          0,          0,          0,       2712,       3056,      600,     4100,     7900,    15575,    48000,   186000,
      BusinessReport,        728,          0,          0,          0,        640,        777,    27000,    39000,    63200,    83100,   172760,   200000,
          CustBuyBeh,       2914,          0,          0,          0,       2709,       3059,      500,     3900,     7900,    17100,    53800,   159000,
       ProductReturn,       7722,          0,          0,          0,       7407,       8199,      200,     3900,     8000,    17800,    56000,   147000,

  2918s: (36%)   IR =   4981 .[2920.062s][info][gc,start       ] GC(565) Pause Young (Mixed) (G1 Evacuation Pause)
[2920.062s][info][gc,task        ] GC(565) Using 6 workers of 6 for evacuation
[2920.198s][info][gc,phases      ] GC(565)   Pre Evacuate Collection Set: 0.39ms
[2920.198s][info][gc,phases      ] GC(565)   Merge Heap Roots: 0.74ms
[2920.198s][info][gc,phases      ] GC(565)   Evacuate Collection Set: 133.70ms
[2920.198s][info][gc,phases      ] GC(565)   Post Evacuate Collection Set: 0.98ms
[2920.198s][info][gc,phases      ] GC(565)   Other: 0.09ms
[2920.198s][info][gc,heap        ] GC(565) Eden regions: 1109->0(1118)
[2920.198s][info][gc,heap        ] GC(565) Survivor regions: 109->110(153)
[2920.198s][info][gc,heap        ] GC(565) Old regions: 538->473
[2920.198s][info][gc,heap        ] GC(565) Humongous regions: 80->80
[2920.198s][info][gc,metaspace   ] GC(565) Metaspace: 28952K(29312K)->28952K(29312K) NonClass: 24073K(24192K)->24073K(24192K) Class: 4878K(5120K)->4878K(5120K)
[2920.198s][info][gc             ] GC(565) Pause Young (Mixed) (G1 Evacuation Pause) 3670M->1324M(4096M) 136.034ms
[2920.198s][info][gc,cpu         ] GC(565) User=0.81s Sys=0.00s Real=0.13s
....[2923.919s][info][gc,start       ] GC(566) Pause Young (Concurrent Start) (G1 Evacuation Pause)
[2923.919s][info][gc,task        ] GC(566) Using 6 workers of 6 for evacuation
[2924.037s][info][gc,phases      ] GC(566)   Pre Evacuate Collection Set: 0.41ms
[2924.037s][info][gc,phases      ] GC(566)   Merge Heap Roots: 0.55ms
[2924.037s][info][gc,phases      ] GC(566)   Evacuate Collection Set: 116.51ms
[2924.037s][info][gc,phases      ] GC(566)   Post Evacuate Collection Set: 0.86ms
[2924.037s][info][gc,phases      ] GC(566)   Other: 0.12ms
[2924.037s][info][gc,heap        ] GC(566) Eden regions: 1118->0(1116)
[2924.037s][info][gc,heap        ] GC(566) Survivor regions: 110->112(154)
[2924.037s][info][gc,heap        ] GC(566) Old regions: 473->504
[2924.037s][info][gc,heap        ] GC(566) Humongous regions: 80->80
[2924.037s][info][gc,metaspace   ] GC(566) Metaspace: 28952K(29312K)->28952K(29312K) NonClass: 24073K(24192K)->24073K(24192K) Class: 4878K(5120K)->4878K(5120K)
[2924.037s][info][gc             ] GC(566) Pause Young (Concurrent Start) (G1 Evacuation Pause) 3560M->1391M(4096M) 118.595ms
[2924.037s][info][gc             ] GC(567) Concurrent Mark Cycle
[2924.037s][info][gc,marking     ] GC(567) Concurrent Scan Root Regions
[2924.037s][info][gc,cpu         ] GC(566) User=0.71s Sys=0.00s Real=0.12s
[2924.214s][info][gc,marking     ] GC(567) Concurrent Scan Root Regions 176.382ms
[2924.214s][info][gc,marking     ] GC(567) Concurrent Mark
[2924.214s][info][gc,marking     ] GC(567) Concurrent Mark From Roots
[2924.214s][info][gc,task        ] GC(567) Using 2 workers of 2 for marking
.|[2924.974s][info][gc,marking     ] GC(567) Concurrent Mark From Roots 759.971ms
[2924.974s][info][gc,marking     ] GC(567) Concurrent Preclean
[2924.974s][info][gc,marking     ] GC(567) Concurrent Preclean 0.083ms
[2924.974s][info][gc,start       ] GC(567) Pause Remark
[2924.979s][info][gc             ] GC(567) Pause Remark 2008M->2008M(4096M) 4.754ms
[2924.979s][info][gc,cpu         ] GC(567) User=0.03s Sys=0.00s Real=0.00s
[2924.979s][info][gc,marking     ] GC(567) Concurrent Mark 765.064ms
[2924.979s][info][gc,marking     ] GC(567) Concurrent Rebuild Remembered Sets and Scrub Regions
[2925.250s][info][gc,marking     ] GC(567) Concurrent Rebuild Remembered Sets and Scrub Regions 270.918ms
[2925.250s][info][gc,start       ] GC(567) Pause Cleanup
[2925.250s][info][gc             ] GC(567) Pause Cleanup 2170M->2170M(4096M) 0.116ms
[2925.250s][info][gc,cpu         ] GC(567) User=0.00s Sys=0.00s Real=0.00s
[2925.250s][info][gc,marking     ] GC(567) Concurrent Clear Claimed Marks
[2925.250s][info][gc,marking     ] GC(567) Concurrent Clear Claimed Marks 0.024ms
[2925.250s][info][gc,marking     ] GC(567) Concurrent Cleanup for Next Mark
[2925.254s][info][gc,marking     ] GC(567) Concurrent Cleanup for Next Mark 3.718ms
[2925.254s][info][gc             ] GC(567) Concurrent Mark Cycle 1216.560ms
...[2927.714s][info][gc,start       ] GC(568) Pause Young (Prepare Mixed) (G1 Evacuation Pause)
[2927.714s][info][gc,task        ] GC(568) Using 6 workers of 6 for evacuation
[2927.832s][info][gc,phases      ] GC(568)   Pre Evacuate Collection Set: 0.31ms
[2927.832s][info][gc,phases      ] GC(568)   Merge Heap Roots: 0.54ms
[2927.832s][info][gc,phases      ] GC(568)   Evacuate Collection Set: 116.15ms
[2927.832s][info][gc,phases      ] GC(568)   Post Evacuate Collection Set: 0.92ms
[2927.832s][info][gc,phases      ] GC(568)   Other: 0.09ms
[2927.832s][info][gc,heap        ] GC(568) Eden regions: 1116->0(1109)
[2927.832s][info][gc,heap        ] GC(568) Survivor regions: 112->110(154)
[2927.832s][info][gc,heap        ] GC(568) Old regions: 504->536
[2927.832s][info][gc,heap        ] GC(568) Humongous regions: 80->80
[2927.832s][info][gc,metaspace   ] GC(568) Metaspace: 28952K(29312K)->28952K(29312K) NonClass: 24073K(24192K)->24073K(24192K) Class: 4878K(5120K)->4878K(5120K)
[2927.832s][info][gc             ] GC(568) Pause Young (Prepare Mixed) (G1 Evacuation Pause) 3623M->1451M(4096M) 118.132ms
[2927.832s][info][gc,cpu         ] GC(568) User=0.70s Sys=0.01s Real=0.12s
....[2931.519s][info][gc,start       ] GC(569) Pause Young (Mixed) (G1 Evacuation Pause)
[2931.519s][info][gc,task        ] GC(569) Using 6 workers of 6 for evacuation
[2931.651s][info][gc,phases      ] GC(569)   Pre Evacuate Collection Set: 0.38ms
[2931.651s][info][gc,phases      ] GC(569)   Merge Heap Roots: 0.73ms
[2931.651s][info][gc,phases      ] GC(569)   Evacuate Collection Set: 129.66ms
[2931.651s][info][gc,phases      ] GC(569)   Post Evacuate Collection Set: 0.91ms
[2931.651s][info][gc,phases      ] GC(569)   Other: 0.10ms
[2931.651s][info][gc,heap        ] GC(569) Eden regions: 1109->0(1118)
[2931.651s][info][gc,heap        ] GC(569) Survivor regions: 110->110(153)
[2931.651s][info][gc,heap        ] GC(569) Old regions: 536->474
[2931.651s][info][gc,heap        ] GC(569) Humongous regions: 80->80
[2931.651s][info][gc,metaspace   ] GC(569) Metaspace: 28952K(29312K)->28952K(29312K) NonClass: 24073K(24192K)->24073K(24192K) Class: 4878K(5120K)->4878K(5120K)
[2931.651s][info][gc             ] GC(569) Pause Young (Mixed) (G1 Evacuation Pause) 3669M->1325M(4096M) 131.914ms
[2931.651s][info][gc,cpu         ] GC(569) User=0.78s Sys=0.00s Real=0.13s
...[2935.280s][info][gc,start       ] GC(570) Pause Young (Concurrent Start) (G1 Evacuation Pause)
[2935.280s][info][gc,task        ] GC(570) Using 6 workers of 6 for evacuation
[2935.400s][info][gc,phases      ] GC(570)   Pre Evacuate Collection Set: 0.40ms
[2935.400s][info][gc,phases      ] GC(570)   Merge Heap Roots: 0.55ms
[2935.400s][info][gc,phases      ] GC(570)   Evacuate Collection Set: 117.82ms
[2935.400s][info][gc,phases      ] GC(570)   Post Evacuate Collection Set: 0.90ms
[2935.400s][info][gc,phases      ] GC(570)   Other: 0.13ms
[2935.400s][info][gc,heap        ] GC(570) Eden regions: 1118->0(1117)
[2935.400s][info][gc,heap        ] GC(570) Survivor regions: 110->111(154)
[2935.400s][info][gc,heap        ] GC(570) Old regions: 474->506
[2935.400s][info][gc,heap        ] GC(570) Humongous regions: 80->80
[2935.400s][info][gc,metaspace   ] GC(570) Metaspace: 28952K(29312K)->28952K(29312K) NonClass: 24073K(24192K)->24073K(24192K) Class: 4878K(5120K)->4878K(5120K)
[2935.400s][info][gc             ] GC(570) Pause Young (Concurrent Start) (G1 Evacuation Pause) 3561M->1392M(4096M) 119.931ms
[2935.400s][info][gc             ] GC(571) Concurrent Mark Cycle
[2935.400s][info][gc,marking     ] GC(571) Concurrent Scan Root Regions
[2935.400s][info][gc,cpu         ] GC(570) User=0.71s Sys=0.00s Real=0.12s
.[2935.580s][info][gc,marking     ] GC(571) Concurrent Scan Root Regions 180.385ms
[2935.580s][info][gc,marking     ] GC(571) Concurrent Mark
[2935.580s][info][gc,marking     ] GC(571) Concurrent Mark From Roots
[2935.580s][info][gc,task        ] GC(571) Using 2 workers of 2 for marking
[2936.375s][info][gc,marking     ] GC(571) Concurrent Mark From Roots 795.332ms
[2936.376s][info][gc,marking     ] GC(571) Concurrent Preclean
[2936.376s][info][gc,marking     ] GC(571) Concurrent Preclean 0.071ms
[2936.376s][info][gc,start       ] GC(571) Pause Remark
[2936.381s][info][gc             ] GC(571) Pause Remark 2041M->2041M(4096M) 5.627ms
[2936.381s][info][gc,cpu         ] GC(571) User=0.03s Sys=0.00s Real=0.01s
[2936.381s][info][gc,marking     ] GC(571) Concurrent Mark 801.322ms
[2936.381s][info][gc,marking     ] GC(571) Concurrent Rebuild Remembered Sets and Scrub Regions
.[2936.653s][info][gc,marking     ] GC(571) Concurrent Rebuild Remembered Sets and Scrub Regions 271.787ms
[2936.653s][info][gc,start       ] GC(571) Pause Cleanup
[2936.654s][info][gc             ] GC(571) Pause Cleanup 2201M->2201M(4096M) 0.108ms
[2936.654s][info][gc,cpu         ] GC(571) User=0.00s Sys=0.00s Real=0.00s
[2936.654s][info][gc,marking     ] GC(571) Concurrent Clear Claimed Marks
[2936.654s][info][gc,marking     ] GC(571) Concurrent Clear Claimed Marks 0.028ms
[2936.654s][info][gc,marking     ] GC(571) Concurrent Cleanup for Next Mark
[2936.657s][info][gc,marking     ] GC(571) Concurrent Cleanup for Next Mark 3.161ms
[2936.657s][info][gc             ] GC(571) Concurrent Mark Cycle 1257.156ms
..[2939.073s][info][gc,start       ] GC(572) Pause Young (Prepare Mixed) (G1 Evacuation Pause)
[2939.073s][info][gc,task        ] GC(572) Using 6 workers of 6 for evacuation
[2939.192s][info][gc,phases      ] GC(572)   Pre Evacuate Collection Set: 0.35ms
[2939.192s][info][gc,phases      ] GC(572)   Merge Heap Roots: 0.55ms
[2939.192s][info][gc,phases      ] GC(572)   Evacuate Collection Set: 117.22ms
[2939.192s][info][gc,phases      ] GC(572)   Post Evacuate Collection Set: 0.93ms
[2939.192s][info][gc,phases      ] GC(572)   Other: 0.09ms
[2939.192s][info][gc,heap        ] GC(572) Eden regions: 1117->0(1108)
[2939.192s][info][gc,heap        ] GC(572) Survivor regions: 111->109(154)
[2939.192s][info][gc,heap        ] GC(572) Old regions: 506->539
[2939.192s][info][gc,heap        ] GC(572) Humongous regions: 80->80
[2939.192s][info][gc,metaspace   ] GC(572) Metaspace: 28952K(29312K)->28952K(29312K) NonClass: 24073K(24192K)->24073K(24192K) Class: 4878K(5120K)->4878K(5120K)
[2939.192s][info][gc             ] GC(572) Pause Young (Prepare Mixed) (G1 Evacuation Pause) 3626M->1454M(4096M) 119.266ms
[2939.192s][info][gc,cpu         ] GC(572) User=0.71s Sys=0.00s Real=0.12s
....[2942.897s][info][gc,start       ] GC(573) Pause Young (Mixed) (G1 Evacuation Pause)
[2942.897s][info][gc,task        ] GC(573) Using 6 workers of 6 for evacuation
[2943.034s][info][gc,phases      ] GC(573)   Pre Evacuate Collection Set: 0.37ms
[2943.034s][info][gc,phases      ] GC(573)   Merge Heap Roots: 0.77ms
[2943.034s][info][gc,phases      ] GC(573)   Evacuate Collection Set: 134.02ms
[2943.034s][info][gc,phases      ] GC(573)   Post Evacuate Collection Set: 0.93ms
[2943.034s][info][gc,phases      ] GC(573)   Other: 0.09ms
[2943.034s][info][gc,heap        ] GC(573) Eden regions: 1108->0(1118)
[2943.034s][info][gc,heap        ] GC(573) Survivor regions: 109->110(153)
[2943.034s][info][gc,heap        ] GC(573) Old regions: 539->474
[2943.034s][info][gc,heap        ] GC(573) Humongous regions: 80->80
[2943.034s][info][gc,metaspace   ] GC(573) Metaspace: 28952K(29312K)->28952K(29312K) NonClass: 24073K(24192K)->24073K(24192K) Class: 4878K(5120K)->4878K(5120K)
[2943.034s][info][gc             ] GC(573) Pause Young (Mixed) (G1 Evacuation Pause) 3670M->1326M(4096M) 136.316ms
[2943.034s][info][gc,cpu         ] GC(573) User=0.81s Sys=0.00s Real=0.14s
....[2946.654s][info][gc,start       ] GC(574) Pause Young (Concurrent Start) (G1 Evacuation Pause)
[2946.654s][info][gc,task        ] GC(574) Using 6 workers of 6 for evacuation
[2946.772s][info][gc,phases      ] GC(574)   Pre Evacuate Collection Set: 0.34ms
[2946.772s][info][gc,phases      ] GC(574)   Merge Heap Roots: 0.48ms
[2946.772s][info][gc,phases      ] GC(574)   Evacuate Collection Set: 116.00ms
[2946.772s][info][gc,phases      ] GC(574)   Post Evacuate Collection Set: 0.91ms
[2946.772s][info][gc,phases      ] GC(574)   Other: 0.11ms
[2946.772s][info][gc,heap        ] GC(574) Eden regions: 1118->0(1118)
[2946.772s][info][gc,heap        ] GC(574) Survivor regions: 110->110(154)
[2946.772s][info][gc,heap        ] GC(574) Old regions: 474->505
[2946.772s][info][gc,heap        ] GC(574) Humongous regions: 80->80
[2946.772s][info][gc,metaspace   ] GC(574) Metaspace: 28952K(29312K)->28952K(29312K) NonClass: 24073K(24192K)->24073K(24192K) Class: 4878K(5120K)->4878K(5120K)
[2946.772s][info][gc             ] GC(574) Pause Young (Concurrent Start) (G1 Evacuation Pause) 3562M->1389M(4096M) 117.993ms
[2946.772s][info][gc             ] GC(575) Concurrent Mark Cycle
[2946.772s][info][gc,marking     ] GC(575) Concurrent Scan Root Regions
[2946.772s][info][gc,cpu         ] GC(574) User=0.70s Sys=0.00s Real=0.12s
[2946.957s][info][gc,marking     ] GC(575) Concurrent Scan Root Regions 184.805ms
[2946.957s][info][gc,marking     ] GC(575) Concurrent Mark
[2946.957s][info][gc,marking     ] GC(575) Concurrent Mark From Roots
[2946.957s][info][gc,task        ] GC(575) Using 2 workers of 2 for marking
.[2947.767s][info][gc,marking     ] GC(575) Concurrent Mark From Roots 810.367ms
[2947.767s][info][gc,marking     ] GC(575) Concurrent Preclean
[2947.767s][info][gc,marking     ] GC(575) Concurrent Preclean 0.087ms
[2947.768s][info][gc,start       ] GC(575) Pause Remark
[2947.772s][info][gc             ] GC(575) Pause Remark 2037M->2037M(4096M) 4.135ms
[2947.772s][info][gc,cpu         ] GC(575) User=0.02s Sys=0.00s Real=0.01s
[2947.772s][info][gc,marking     ] GC(575) Concurrent Mark 815.543ms
[2947.772s][info][gc,marking     ] GC(575) Concurrent Rebuild Remembered Sets and Scrub Regions
[2948.039s][info][gc,marking     ] GC(575) Concurrent Rebuild Remembered Sets and Scrub Regions 266.514ms
[2948.039s][info][gc,start       ] GC(575) Pause Cleanup
[2948.039s][info][gc             ] GC(575) Pause Cleanup 2188M->2188M(4096M) 0.103ms
[2948.039s][info][gc,cpu         ] GC(575) User=0.00s Sys=0.00s Real=0.00s
[2948.039s][info][gc,marking     ] GC(575) Concurrent Clear Claimed Marks
[2948.039s][info][gc,marking     ] GC(575) Concurrent Clear Claimed Marks 0.025ms
[2948.039s][info][gc,marking     ] GC(575) Concurrent Cleanup for Next Mark
[2948.042s][info][gc,marking     ] GC(575) Concurrent Cleanup for Next Mark 3.162ms
[2948.042s][info][gc             ] GC(575) Concurrent Mark Cycle 1270.438ms
..[2950.420s][info][gc,start       ] GC(576) Pause Young (Prepare Mixed) (G1 Evacuation Pause)
[2950.420s][info][gc,task        ] GC(576) Using 6 workers of 6 for evacuation
[2950.537s][info][gc,phases      ] GC(576)   Pre Evacuate Collection Set: 0.32ms
[2950.537s][info][gc,phases      ] GC(576)   Merge Heap Roots: 0.55ms
[2950.537s][info][gc,phases      ] GC(576)   Evacuate Collection Set: 114.66ms
[2950.537s][info][gc,phases      ] GC(576)   Post Evacuate Collection Set: 0.91ms
[2950.537s][info][gc,phases      ] GC(576)   Other: 0.09ms
[2950.537s][info][gc,heap        ] GC(576) Eden regions: 1118->0(1109)
[2950.537s][info][gc,heap        ] GC(576) Survivor regions: 110->109(154)
[2950.537s][info][gc,heap        ] GC(576) Old regions: 505->538
[2950.537s][info][gc,heap        ] GC(576) Humongous regions: 80->80
[2950.537s][info][gc,metaspace   ] GC(576) Metaspace: 28952K(29312K)->28952K(29312K) NonClass: 24073K(24192K)->24073K(24192K) Class: 4878K(5120K)->4878K(5120K)
[2950.537s][info][gc             ] GC(576) Pause Young (Prepare Mixed) (G1 Evacuation Pause) 3625M->1451M(4096M) 116.659ms
[2950.537s][info][gc,cpu         ] GC(576) User=0.69s Sys=0.00s Real=0.11s
....[2954.282s][info][gc,start       ] GC(577) Pause Young (Mixed) (G1 Evacuation Pause)
[2954.282s][info][gc,task        ] GC(577) Using 6 workers of 6 for evacuation
[2954.416s][info][gc,phases      ] GC(577)   Pre Evacuate Collection Set: 0.36ms
[2954.416s][info][gc,phases      ] GC(577)   Merge Heap Roots: 0.67ms
[2954.416s][info][gc,phases      ] GC(577)   Evacuate Collection Set: 131.94ms
[2954.416s][info][gc,phases      ] GC(577)   Post Evacuate Collection Set: 0.93ms
[2954.416s][info][gc,phases      ] GC(577)   Other: 0.08ms
[2954.416s][info][gc,heap        ] GC(577) Eden regions: 1109->0(1117)
[2954.416s][info][gc,heap        ] GC(577) Survivor regions: 109->111(153)
[2954.416s][info][gc,heap        ] GC(577) Old regions: 538->473
[2954.416s][info][gc,heap        ] GC(577) Humongous regions: 80->80
[2954.416s][info][gc,metaspace   ] GC(577) Metaspace: 28952K(29312K)->28952K(29312K) NonClass: 24073K(24192K)->24073K(24192K) Class: 4878K(5120K)->4878K(5120K)
[2954.416s][info][gc             ] GC(577) Pause Young (Mixed) (G1 Evacuation Pause) 3669M->1326M(4096M) 134.127ms
[2954.416s][info][gc,cpu         ] GC(577) User=0.80s Sys=0.00s Real=0.13s
....[2958.027s][info][gc,start       ] GC(578) Pause Young (Concurrent Start) (G1 Evacuation Pause)
[2958.027s][info][gc,task        ] GC(578) Using 6 workers of 6 for evacuation
[2958.146s][info][gc,phases      ] GC(578)   Pre Evacuate Collection Set: 0.35ms
[2958.146s][info][gc,phases      ] GC(578)   Merge Heap Roots: 0.47ms
[2958.146s][info][gc,phases      ] GC(578)   Evacuate Collection Set: 118.07ms
[2958.146s][info][gc,phases      ] GC(578)   Post Evacuate Collection Set: 0.87ms
[2958.146s][info][gc,phases      ] GC(578)   Other: 0.11ms
[2958.146s][info][gc,heap        ] GC(578) Eden regions: 1117->0(1116)
[2958.146s][info][gc,heap        ] GC(578) Survivor regions: 111->112(154)
[2958.146s][info][gc,heap        ] GC(578) Old regions: 473->506
[2958.146s][info][gc,heap        ] GC(578) Humongous regions: 80->80
[2958.146s][info][gc,metaspace   ] GC(578) Metaspace: 28952K(29312K)->28952K(29312K) NonClass: 24073K(24192K)->24073K(24192K) Class: 4878K(5120K)->4878K(5120K)
[2958.147s][info][gc             ] GC(578) Pause Young (Concurrent Start) (G1 Evacuation Pause) 3560M->1394M(4096M) 119.991ms
[2958.147s][info][gc             ] GC(579) Concurrent Mark Cycle
[2958.147s][info][gc,marking     ] GC(579) Concurrent Scan Root Regions
[2958.147s][info][gc,cpu         ] GC(578) User=0.71s Sys=0.00s Real=0.12s
[2958.287s][info][gc,marking     ] GC(579) Concurrent Scan Root Regions 140.619ms
[2958.287s][info][gc,marking     ] GC(579) Concurrent Mark
[2958.287s][info][gc,marking     ] GC(579) Concurrent Mark From Roots
[2958.287s][info][gc,task        ] GC(579) Using 2 workers of 2 for marking
.[2958.922s][info][gc,marking     ] GC(579) Concurrent Mark From Roots 634.782ms
[2958.922s][info][gc,marking     ] GC(579) Concurrent Preclean
[2958.922s][info][gc,marking     ] GC(579) Concurrent Preclean 0.075ms
[2958.922s][info][gc,start       ] GC(579) Pause Remark
[2958.927s][info][gc             ] GC(579) Pause Remark 1903M->1903M(4096M) 4.580ms
[2958.927s][info][gc,cpu         ] GC(579) User=0.02s Sys=0.00s Real=0.00s
[2958.927s][info][gc,marking     ] GC(579) Concurrent Mark 639.679ms
[2958.927s][info][gc,marking     ] GC(579) Concurrent Rebuild Remembered Sets and Scrub Regions
[2959.174s][info][gc,marking     ] GC(579) Concurrent Rebuild Remembered Sets and Scrub Regions 247.335ms
[2959.174s][info][gc,start       ] GC(579) Pause Cleanup
[2959.174s][info][gc             ] GC(579) Pause Cleanup 2075M->2075M(4096M) 0.111ms
[2959.175s][info][gc,cpu         ] GC(579) User=0.00s Sys=0.00s Real=0.00s
[2959.175s][info][gc,marking     ] GC(579) Concurrent Clear Claimed Marks
[2959.175s][info][gc,marking     ] GC(579) Concurrent Clear Claimed Marks 0.025ms
[2959.175s][info][gc,marking     ] GC(579) Concurrent Cleanup for Next Mark
[2959.178s][info][gc,marking     ] GC(579) Concurrent Cleanup for Next Mark 3.537ms
[2959.178s][info][gc             ] GC(579) Concurrent Mark Cycle 1031.628ms
...[2961.836s][info][gc,start       ] GC(580) Pause Young (Prepare Mixed) (G1 Evacuation Pause)
[2961.836s][info][gc,task        ] GC(580) Using 6 workers of 6 for evacuation
[2961.954s][info][gc,phases      ] GC(580)   Pre Evacuate Collection Set: 0.33ms
[2961.954s][info][gc,phases      ] GC(580)   Merge Heap Roots: 0.57ms
[2961.954s][info][gc,phases      ] GC(580)   Evacuate Collection Set: 115.77ms
[2961.954s][info][gc,phases      ] GC(580)   Post Evacuate Collection Set: 0.94ms
[2961.954s][info][gc,phases      ] GC(580)   Other: 0.10ms
[2961.954s][info][gc,heap        ] GC(580) Eden regions: 1116->0(1109)
[2961.954s][info][gc,heap        ] GC(580) Survivor regions: 112->109(154)
[2961.954s][info][gc,heap        ] GC(580) Old regions: 506->538
[2961.954s][info][gc,heap        ] GC(580) Humongous regions: 80->80
[2961.954s][info][gc,metaspace   ] GC(580) Metaspace: 28952K(29312K)->28952K(29312K) NonClass: 24073K(24192K)->24073K(24192K) Class: 4878K(5120K)->4878K(5120K)
[2961.954s][info][gc             ] GC(580) Pause Young (Prepare Mixed) (G1 Evacuation Pause) 3626M->1452M(4096M) 117.851ms
[2961.954s][info][gc,cpu         ] GC(580) User=0.70s Sys=0.00s Real=0.12s
....[2965.611s][info][gc,start       ] GC(581) Pause Young (Mixed) (G1 Evacuation Pause)
[2965.611s][info][gc,task        ] GC(581) Using 6 workers of 6 for evacuation
[2965.748s][info][gc,phases      ] GC(581)   Pre Evacuate Collection Set: 0.35ms
[2965.748s][info][gc,phases      ] GC(581)   Merge Heap Roots: 0.72ms
[2965.748s][info][gc,phases      ] GC(581)   Evacuate Collection Set: 134.34ms
[2965.748s][info][gc,phases      ] GC(581)   Post Evacuate Collection Set: 0.92ms
[2965.748s][info][gc,phases      ] GC(581)   Other: 0.08ms
[2965.748s][info][gc,heap        ] GC(581) Eden regions: 1109->0(1117)
[2965.748s][info][gc,heap        ] GC(581) Survivor regions: 109->111(153)
[2965.748s][info][gc,heap        ] GC(581) Old regions: 538->473
[2965.748s][info][gc,heap        ] GC(581) Humongous regions: 80->80
[2965.748s][info][gc,metaspace   ] GC(581) Metaspace: 28952K(29312K)->28952K(29312K) NonClass: 24073K(24192K)->24073K(24192K) Class: 4878K(5120K)->4878K(5120K)
[2965.748s][info][gc             ] GC(581) Pause Young (Mixed) (G1 Evacuation Pause) 3670M->1327M(4096M) 136.535ms
[2965.748s][info][gc,cpu         ] GC(581) User=0.82s Sys=0.00s Real=0.13s
...[2969.365s][info][gc,start       ] GC(582) Pause Young (Concurrent Start) (G1 Evacuation Pause)
[2969.365s][info][gc,task        ] GC(582) Using 6 workers of 6 for evacuation
[2969.482s][info][gc,phases      ] GC(582)   Pre Evacuate Collection Set: 0.37ms
[2969.482s][info][gc,phases      ] GC(582)   Merge Heap Roots: 0.54ms
[2969.482s][info][gc,phases      ] GC(582)   Evacuate Collection Set: 114.72ms
[2969.482s][info][gc,phases      ] GC(582)   Post Evacuate Collection Set: 0.89ms
[2969.482s][info][gc,phases      ] GC(582)   Other: 0.13ms
[2969.482s][info][gc,heap        ] GC(582) Eden regions: 1117->0(1120)
[2969.482s][info][gc,heap        ] GC(582) Survivor regions: 111->108(154)
[2969.482s][info][gc,heap        ] GC(582) Old regions: 473->506
[2969.482s][info][gc,heap        ] GC(582) Humongous regions: 80->80
[2969.482s][info][gc,metaspace   ] GC(582) Metaspace: 28952K(29312K)->28952K(29312K) NonClass: 24073K(24192K)->24073K(24192K) Class: 4878K(5120K)->4878K(5120K)
[2969.482s][info][gc             ] GC(582) Pause Young (Concurrent Start) (G1 Evacuation Pause) 3561M->1386M(4096M) 116.766ms
[2969.482s][info][gc             ] GC(583) Concurrent Mark Cycle
[2969.482s][info][gc,marking     ] GC(583) Concurrent Scan Root Regions
[2969.482s][info][gc,cpu         ] GC(582) User=0.70s Sys=0.00s Real=0.12s
[2969.631s][info][gc,marking     ] GC(583) Concurrent Scan Root Regions 149.096ms
[2969.631s][info][gc,marking     ] GC(583) Concurrent Mark
[2969.631s][info][gc,marking     ] GC(583) Concurrent Mark From Roots
[2969.631s][info][gc,task        ] GC(583) Using 2 workers of 2 for marking
.[2970.276s][info][gc,marking     ] GC(583) Concurrent Mark From Roots 644.303ms
[2970.276s][info][gc,marking     ] GC(583) Concurrent Preclean
[2970.276s][info][gc,marking     ] GC(583) Concurrent Preclean 0.094ms
[2970.276s][info][gc,start       ] GC(583) Pause Remark
[2970.281s][info][gc             ] GC(583) Pause Remark 1875M->1875M(4096M) 4.712ms
[2970.281s][info][gc,cpu         ] GC(583) User=0.03s Sys=0.00s Real=0.01s
[2970.281s][info][gc,marking     ] GC(583) Concurrent Mark 649.461ms
[2970.281s][info][gc,marking     ] GC(583) Concurrent Rebuild Remembered Sets and Scrub Regions
.[2970.636s][info][gc,marking     ] GC(583) Concurrent Rebuild Remembered Sets and Scrub Regions 355.669ms
[2970.637s][info][gc,start       ] GC(583) Pause Cleanup
[2970.637s][info][gc             ] GC(583) Pause Cleanup 2115M->2115M(4096M) 0.107ms
[2970.637s][info][gc,cpu         ] GC(583) User=0.00s Sys=0.00s Real=0.00s
[2970.637s][info][gc,marking     ] GC(583) Concurrent Clear Claimed Marks
[2970.637s][info][gc,marking     ] GC(583) Concurrent Clear Claimed Marks 0.025ms
[2970.637s][info][gc,marking     ] GC(583) Concurrent Cleanup for Next Mark
[2970.640s][info][gc,marking     ] GC(583) Concurrent Cleanup for Next Mark 3.657ms
[2970.640s][info][gc             ] GC(583) Concurrent Mark Cycle 1158.347ms
..[2973.217s][info][gc,start       ] GC(584) Pause Young (Prepare Mixed) (G1 Evacuation Pause)
[2973.217s][info][gc,task        ] GC(584) Using 6 workers of 6 for evacuation
[2973.333s][info][gc,phases      ] GC(584)   Pre Evacuate Collection Set: 0.34ms
[2973.333s][info][gc,phases      ] GC(584)   Merge Heap Roots: 0.55ms
[2973.333s][info][gc,phases      ] GC(584)   Evacuate Collection Set: 114.26ms
[2973.333s][info][gc,phases      ] GC(584)   Post Evacuate Collection Set: 0.96ms
[2973.333s][info][gc,phases      ] GC(584)   Other: 0.08ms
[2973.333s][info][gc,heap        ] GC(584) Eden regions: 1120->0(1110)
[2973.333s][info][gc,heap        ] GC(584) Survivor regions: 108->109(154)
[2973.333s][info][gc,heap        ] GC(584) Old regions: 506->537
[2973.333s][info][gc,heap        ] GC(584) Humongous regions: 80->80
[2973.333s][info][gc,metaspace   ] GC(584) Metaspace: 28952K(29312K)->28952K(29312K) NonClass: 24073K(24192K)->24073K(24192K) Class: 4878K(5120K)->4878K(5120K)
[2973.333s][info][gc             ] GC(584) Pause Young (Prepare Mixed) (G1 Evacuation Pause) 3626M->1450M(4096M) 116.329ms
[2973.333s][info][gc,cpu         ] GC(584) User=0.69s Sys=0.00s Real=0.12s
....[2977.010s][info][gc,start       ] GC(585) Pause Young (Mixed) (G1 Evacuation Pause)
[2977.010s][info][gc,task        ] GC(585) Using 6 workers of 6 for evacuation
[2977.141s][info][gc,phases      ] GC(585)   Pre Evacuate Collection Set: 0.38ms
[2977.141s][info][gc,phases      ] GC(585)   Merge Heap Roots: 0.72ms
[2977.141s][info][gc,phases      ] GC(585)   Evacuate Collection Set: 128.47ms
[2977.141s][info][gc,phases      ] GC(585)   Post Evacuate Collection Set: 0.95ms
[2977.141s][info][gc,phases      ] GC(585)   Other: 0.09ms
[2977.141s][info][gc,heap        ] GC(585) Eden regions: 1110->0(1120)
[2977.141s][info][gc,heap        ] GC(585) Survivor regions: 109->108(153)
[2977.141s][info][gc,heap        ] GC(585) Old regions: 537->474
[2977.141s][info][gc,heap        ] GC(585) Humongous regions: 80->80
[2977.141s][info][gc,metaspace   ] GC(585) Metaspace: 28952K(29312K)->28952K(29312K) NonClass: 24073K(24192K)->24073K(24192K) Class: 4878K(5120K)->4878K(5120K)
[2977.141s][info][gc             ] GC(585) Pause Young (Mixed) (G1 Evacuation Pause) 3670M->1323M(4096M) 130.742ms
[2977.141s][info][gc,cpu         ] GC(585) User=0.78s Sys=0.00s Real=0.13s
....[2980.793s][info][gc,start       ] GC(586) Pause Young (Concurrent Start) (G1 Evacuation Pause)
[2980.793s][info][gc,task        ] GC(586) Using 6 workers of 6 for evacuation
[2980.911s][info][gc,phases      ] GC(586)   Pre Evacuate Collection Set: 0.37ms
[2980.911s][info][gc,phases      ] GC(586)   Merge Heap Roots: 0.49ms
[2980.911s][info][gc,phases      ] GC(586)   Evacuate Collection Set: 115.77ms
[2980.911s][info][gc,phases      ] GC(586)   Post Evacuate Collection Set: 0.87ms
[2980.911s][info][gc,phases      ] GC(586)   Other: 0.11ms
[2980.911s][info][gc,heap        ] GC(586) Eden regions: 1120->0(1118)
[2980.911s][info][gc,heap        ] GC(586) Survivor regions: 108->110(154)
[2980.911s][info][gc,heap        ] GC(586) Old regions: 474->507
[2980.911s][info][gc,heap        ] GC(586) Humongous regions: 80->80
[2980.911s][info][gc,metaspace   ] GC(586) Metaspace: 28952K(29312K)->28952K(29312K) NonClass: 24073K(24192K)->24073K(24192K) Class: 4878K(5120K)->4878K(5120K)
[2980.911s][info][gc             ] GC(586) Pause Young (Concurrent Start) (G1 Evacuation Pause) 3563M->1393M(4096M) 117.743ms
[2980.911s][info][gc             ] GC(587) Concurrent Mark Cycle
[2980.911s][info][gc,marking     ] GC(587) Concurrent Scan Root Regions
[2980.911s][info][gc,cpu         ] GC(586) User=0.70s Sys=0.01s Real=0.12s
[2981.091s][info][gc,marking     ] GC(587) Concurrent Scan Root Regions 180.441ms
[2981.091s][info][gc,marking     ] GC(587) Concurrent Mark
[2981.091s][info][gc,marking     ] GC(587) Concurrent Mark From Roots
[2981.091s][info][gc,task        ] GC(587) Using 2 workers of 2 for marking
.[2982.036s][info][gc,marking     ] GC(587) Concurrent Mark From Roots 945.131ms
[2982.036s][info][gc,marking     ] GC(587) Concurrent Preclean
[2982.037s][info][gc,marking     ] GC(587) Concurrent Preclean 0.100ms
[2982.037s][info][gc,start       ] GC(587) Pause Remark
[2982.041s][info][gc             ] GC(587) Pause Remark 2117M->2117M(4096M) 4.505ms
[2982.041s][info][gc,cpu         ] GC(587) User=0.03s Sys=0.00s Real=0.01s
[2982.041s][info][gc,marking     ] GC(587) Concurrent Mark 949.992ms
[2982.041s][info][gc,marking     ] GC(587) Concurrent Rebuild Remembered Sets and Scrub Regions
[2982.282s][info][gc,marking     ] GC(587) Concurrent Rebuild Remembered Sets and Scrub Regions 240.848ms
[2982.283s][info][gc,start       ] GC(587) Pause Cleanup
[2982.283s][info][gc             ] GC(587) Pause Cleanup 2261M->2261M(4096M) 0.117ms
[2982.283s][info][gc,cpu         ] GC(587) User=0.00s Sys=0.00s Real=0.00s
[2982.283s][info][gc,marking     ] GC(587) Concurrent Clear Claimed Marks
[2982.283s][info][gc,marking     ] GC(587) Concurrent Clear Claimed Marks 0.039ms
[2982.283s][info][gc,marking     ] GC(587) Concurrent Cleanup for Next Mark
[2982.295s][info][gc,marking     ] GC(587) Concurrent Cleanup for Next Mark 11.670ms
[2982.295s][info][gc             ] GC(587) Concurrent Mark Cycle 1384.360ms
..[2984.574s][info][gc,start       ] GC(588) Pause Young (Prepare Mixed) (G1 Evacuation Pause)
[2984.574s][info][gc,task        ] GC(588) Using 6 workers of 6 for evacuation
[2984.692s][info][gc,phases      ] GC(588)   Pre Evacuate Collection Set: 0.30ms
[2984.692s][info][gc,phases      ] GC(588)   Merge Heap Roots: 0.58ms
[2984.692s][info][gc,phases      ] GC(588)   Evacuate Collection Set: 115.32ms
[2984.692s][info][gc,phases      ] GC(588)   Post Evacuate Collection Set: 0.90ms
[2984.692s][info][gc,phases      ] GC(588)   Other: 0.09ms
[2984.692s][info][gc,heap        ] GC(588) Eden regions: 1118->0(1108)
[2984.692s][info][gc,heap        ] GC(588) Survivor regions: 110->109(154)
[2984.692s][info][gc,heap        ] GC(588) Old regions: 507->539
[2984.692s][info][gc,heap        ] GC(588) Humongous regions: 80->80
[2984.692s][info][gc,metaspace   ] GC(588) Metaspace: 28952K(29312K)->28952K(29312K) NonClass: 24073K(24192K)->24073K(24192K) Class: 4878K(5120K)->4878K(5120K)
[2984.692s][info][gc             ] GC(588) Pause Young (Prepare Mixed) (G1 Evacuation Pause) 3629M->1455M(4096M) 117.312ms
[2984.692s][info][gc,cpu         ] GC(588) User=0.70s Sys=0.00s Real=0.12s
. (rIR:aIR:PR = 4981:4970:4970) (tPR = 73736) [OK] 
  2984s: Performance info:
         Transaction,    Success,    Partial,     Failed,   Receipts, AvgBarcode, 
             Overall,     299249,          0,          0,     284261,      59.48, 
         Response times:
             Request,    Success,    Partial,     Failed,   SkipFail,     Probes,    Samples,      min,      p50,      p90,      p95,      p99,      max, 
       TotalPurchase,     284274,          0,          0,          0,     279638,     308725,      300,     4100,     8400,    16300,    60000,   201000,
     InStorePurchase,     149632,          0,          0,          0,     147656,     162370,      300,     4100,     8500,    16600,    60000,   164000,
      OnlinePurchase,     104731,          0,          0,          0,     102914,     113858,      300,     4100,     8400,    16100,    60000,   201000,
        InstPurchase,      29911,          0,          0,          0,      29068,      32497,      400,     3800,     8200,    15100,    59000,   145000,
          AssocOfCat,        298,          0,          0,          0,        247,        369,    23000,    35000,    50000,    60500,   130300,   167000,
      AssocOfProduct,       3002,          0,          0,          0,       2815,       3343,      900,     3900,     7000,    13080,    50560,   142000,
      BusinessReport,        754,          0,          0,          0,        653,        795,    23000,    40000,    61000,    75200,   156000,   200000,
          CustBuyBeh,       3002,          0,          0,          0,       2798,       3311,      100,     4700,     9000,    18800,    78760,   152000,
       ProductReturn,       7932,          0,          0,          0,       7586,       8688,      200,     3400,     7500,    13800,    54000,   199000,

  2984s: (37%)   IR =   5120 ...[2988.235s][info][gc,start       ] GC(589) Pause Young (Mixed) (G1 Evacuation Pause)
[2988.235s][info][gc,task        ] GC(589) Using 6 workers of 6 for evacuation
[2988.371s][info][gc,phases      ] GC(589)   Pre Evacuate Collection Set: 0.37ms
[2988.371s][info][gc,phases      ] GC(589)   Merge Heap Roots: 0.72ms
[2988.371s][info][gc,phases      ] GC(589)   Evacuate Collection Set: 133.85ms
[2988.371s][info][gc,phases      ] GC(589)   Post Evacuate Collection Set: 1.02ms
[2988.371s][info][gc,phases      ] GC(589)   Other: 0.09ms
[2988.371s][info][gc,heap        ] GC(589) Eden regions: 1108->0(1115)
[2988.371s][info][gc,heap        ] GC(589) Survivor regions: 109->113(153)
[2988.371s][info][gc,heap        ] GC(589) Old regions: 539->474
[2988.371s][info][gc,heap        ] GC(589) Humongous regions: 80->80
[2988.372s][info][gc,metaspace   ] GC(589) Metaspace: 28952K(29312K)->28952K(29312K) NonClass: 24073K(24192K)->24073K(24192K) Class: 4878K(5120K)->4878K(5120K)
[2988.372s][info][gc             ] GC(589) Pause Young (Mixed) (G1 Evacuation Pause) 3671M->1331M(4096M) 136.175ms
[2988.372s][info][gc,cpu         ] GC(589) User=0.81s Sys=0.00s Real=0.14s
.|...[2991.988s][info][gc,start       ] GC(590) Pause Young (Concurrent Start) (G1 Evacuation Pause)
[2991.988s][info][gc,task        ] GC(590) Using 6 workers of 6 for evacuation
[2992.106s][info][gc,phases      ] GC(590)   Pre Evacuate Collection Set: 0.36ms
[2992.106s][info][gc,phases      ] GC(590)   Merge Heap Roots: 0.60ms
[2992.106s][info][gc,phases      ] GC(590)   Evacuate Collection Set: 116.57ms
[2992.106s][info][gc,phases      ] GC(590)   Post Evacuate Collection Set: 0.81ms
[2992.106s][info][gc,phases      ] GC(590)   Other: 0.12ms
[2992.106s][info][gc,heap        ] GC(590) Eden regions: 1115->0(1118)
[2992.106s][info][gc,heap        ] GC(590) Survivor regions: 113->110(154)
[2992.106s][info][gc,heap        ] GC(590) Old regions: 474->506
[2992.106s][info][gc,heap        ] GC(590) Humongous regions: 80->80
[2992.106s][info][gc,metaspace   ] GC(590) Metaspace: 28952K(29312K)->28952K(29312K) NonClass: 24073K(24192K)->24073K(24192K) Class: 4878K(5120K)->4878K(5120K)
[2992.106s][info][gc             ] GC(590) Pause Young (Concurrent Start) (G1 Evacuation Pause) 3561M->1390M(4096M) 118.590ms
[2992.106s][info][gc             ] GC(591) Concurrent Mark Cycle
[2992.106s][info][gc,marking     ] GC(591) Concurrent Scan Root Regions
[2992.106s][info][gc,cpu         ] GC(590) User=0.70s Sys=0.00s Real=0.12s
[2992.257s][info][gc,marking     ] GC(591) Concurrent Scan Root Regions 150.729ms
[2992.257s][info][gc,marking     ] GC(591) Concurrent Mark
[2992.257s][info][gc,marking     ] GC(591) Concurrent Mark From Roots
[2992.257s][info][gc,task        ] GC(591) Using 2 workers of 2 for marking
.[2992.928s][info][gc,marking     ] GC(591) Concurrent Mark From Roots 670.756ms
[2992.928s][info][gc,marking     ] GC(591) Concurrent Preclean
[2992.928s][info][gc,marking     ] GC(591) Concurrent Preclean 0.085ms
[2992.928s][info][gc,start       ] GC(591) Pause Remark
[2992.933s][info][gc             ] GC(591) Pause Remark 1956M->1956M(4096M) 4.952ms
[2992.933s][info][gc,cpu         ] GC(591) User=0.02s Sys=0.00s Real=0.01s
[2992.933s][info][gc,marking     ] GC(591) Concurrent Mark 676.059ms
[2992.933s][info][gc,marking     ] GC(591) Concurrent Rebuild Remembered Sets and Scrub Regions
[2993.173s][info][gc,marking     ] GC(591) Concurrent Rebuild Remembered Sets and Scrub Regions 239.818ms
[2993.174s][info][gc,start       ] GC(591) Pause Cleanup
[2993.174s][info][gc             ] GC(591) Pause Cleanup 2108M->2108M(4096M) 0.122ms
[2993.174s][info][gc,cpu         ] GC(591) User=0.00s Sys=0.00s Real=0.00s
[2993.174s][info][gc,marking     ] GC(591) Concurrent Clear Claimed Marks
[2993.174s][info][gc,marking     ] GC(591) Concurrent Clear Claimed Marks 0.038ms
[2993.174s][info][gc,marking     ] GC(591) Concurrent Cleanup for Next Mark
[2993.180s][info][gc,marking     ] GC(591) Concurrent Cleanup for Next Mark 6.230ms
[2993.180s][info][gc             ] GC(591) Concurrent Mark Cycle 1074.044ms
..[2995.640s][info][gc,start       ] GC(592) Pause Young (Prepare Mixed) (G1 Evacuation Pause)
[2995.640s][info][gc,task        ] GC(592) Using 6 workers of 6 for evacuation
[2995.758s][info][gc,phases      ] GC(592)   Pre Evacuate Collection Set: 0.34ms
[2995.758s][info][gc,phases      ] GC(592)   Merge Heap Roots: 0.59ms
[2995.758s][info][gc,phases      ] GC(592)   Evacuate Collection Set: 116.50ms
[2995.758s][info][gc,phases      ] GC(592)   Post Evacuate Collection Set: 0.93ms
[2995.758s][info][gc,phases      ] GC(592)   Other: 0.09ms
[2995.758s][info][gc,heap        ] GC(592) Eden regions: 1118->0(1106)
[2995.758s][info][gc,heap        ] GC(592) Survivor regions: 110->110(154)
[2995.758s][info][gc,heap        ] GC(592) Old regions: 506->539
[2995.758s][info][gc,heap        ] GC(592) Humongous regions: 80->80
[2995.758s][info][gc,metaspace   ] GC(592) Metaspace: 28952K(29312K)->28952K(29312K) NonClass: 24073K(24192K)->24073K(24192K) Class: 4878K(5120K)->4878K(5120K)
[2995.758s][info][gc             ] GC(592) Pause Young (Prepare Mixed) (G1 Evacuation Pause) 3626M->1455M(4096M) 118.582ms
[2995.758s][info][gc,cpu         ] GC(592) User=0.70s Sys=0.00s Real=0.11s
....[2999.314s][info][gc,start       ] GC(593) Pause Young (Mixed) (G1 Evacuation Pause)
[2999.314s][info][gc,task        ] GC(593) Using 6 workers of 6 for evacuation
[2999.449s][info][gc,phases      ] GC(593)   Pre Evacuate Collection Set: 0.34ms
[2999.449s][info][gc,phases      ] GC(593)   Merge Heap Roots: 0.69ms
[2999.449s][info][gc,phases      ] GC(593)   Evacuate Collection Set: 132.17ms
[2999.449s][info][gc,phases      ] GC(593)   Post Evacuate Collection Set: 0.93ms
[2999.449s][info][gc,phases      ] GC(593)   Other: 0.10ms
[2999.449s][info][gc,heap        ] GC(593) Eden regions: 1106->0(1120)
[2999.449s][info][gc,heap        ] GC(593) Survivor regions: 110->108(152)
[2999.449s][info][gc,heap        ] GC(593) Old regions: 539->474
[2999.449s][info][gc,heap        ] GC(593) Humongous regions: 80->80
[2999.449s][info][gc,metaspace   ] GC(593) Metaspace: 28952K(29312K)->28952K(29312K) NonClass: 24073K(24192K)->24073K(24192K) Class: 4878K(5120K)->4878K(5120K)
[2999.449s][info][gc             ] GC(593) Pause Young (Mixed) (G1 Evacuation Pause) 3667M->1323M(4096M) 134.357ms
[2999.449s][info][gc,cpu         ] GC(593) User=0.81s Sys=0.00s Real=0.13s
....[3002.995s][info][gc,start       ] GC(594) Pause Young (Concurrent Start) (G1 Evacuation Pause)
[3002.996s][info][gc,task        ] GC(594) Using 6 workers of 6 for evacuation
[3003.111s][info][gc,phases      ] GC(594)   Pre Evacuate Collection Set: 0.39ms
[3003.111s][info][gc,phases      ] GC(594)   Merge Heap Roots: 0.54ms
[3003.111s][info][gc,phases      ] GC(594)   Evacuate Collection Set: 113.23ms
[3003.111s][info][gc,phases      ] GC(594)   Post Evacuate Collection Set: 0.89ms
[3003.111s][info][gc,phases      ] GC(594)   Other: 0.14ms
[3003.111s][info][gc,heap        ] GC(594) Eden regions: 1120->0(1121)
[3003.111s][info][gc,heap        ] GC(594) Survivor regions: 108->107(154)
[3003.111s][info][gc,heap        ] GC(594) Old regions: 474->506
[3003.111s][info][gc,heap        ] GC(594) Humongous regions: 80->80
[3003.111s][info][gc,metaspace   ] GC(594) Metaspace: 28952K(29312K)->28952K(29312K) NonClass: 24073K(24192K)->24073K(24192K) Class: 4878K(5120K)->4878K(5120K)
[3003.111s][info][gc             ] GC(594) Pause Young (Concurrent Start) (G1 Evacuation Pause) 3563M->1383M(4096M) 115.338ms
[3003.111s][info][gc             ] GC(595) Concurrent Mark Cycle
[3003.111s][info][gc,marking     ] GC(595) Concurrent Scan Root Regions
[3003.111s][info][gc,cpu         ] GC(594) User=0.69s Sys=0.00s Real=0.12s
[3003.250s][info][gc,marking     ] GC(595) Concurrent Scan Root Regions 139.183ms
[3003.250s][info][gc,marking     ] GC(595) Concurrent Mark
[3003.250s][info][gc,marking     ] GC(595) Concurrent Mark From Roots
[3003.250s][info][gc,task        ] GC(595) Using 2 workers of 2 for marking
.[3003.919s][info][gc,marking     ] GC(595) Concurrent Mark From Roots 668.679ms
[3003.919s][info][gc,marking     ] GC(595) Concurrent Preclean
[3003.919s][info][gc,marking     ] GC(595) Concurrent Preclean 0.092ms
[3003.920s][info][gc,start       ] GC(595) Pause Remark
[3003.924s][info][gc             ] GC(595) Pause Remark 1937M->1937M(4096M) 4.055ms
[3003.924s][info][gc,cpu         ] GC(595) User=0.02s Sys=0.00s Real=0.00s
[3003.924s][info][gc,marking     ] GC(595) Concurrent Mark 674.252ms
[3003.924s][info][gc,marking     ] GC(595) Concurrent Rebuild Remembered Sets and Scrub Regions
[3004.201s][info][gc,marking     ] GC(595) Concurrent Rebuild Remembered Sets and Scrub Regions 276.513ms
[3004.201s][info][gc,start       ] GC(595) Pause Cleanup
[3004.201s][info][gc             ] GC(595) Pause Cleanup 2107M->2107M(4096M) 0.120ms
[3004.201s][info][gc,cpu         ] GC(595) User=0.00s Sys=0.00s Real=0.00s
[3004.201s][info][gc,marking     ] GC(595) Concurrent Clear Claimed Marks
[3004.201s][info][gc,marking     ] GC(595) Concurrent Clear Claimed Marks 0.030ms
[3004.201s][info][gc,marking     ] GC(595) Concurrent Cleanup for Next Mark
[3004.205s][info][gc,marking     ] GC(595) Concurrent Cleanup for Next Mark 3.552ms
[3004.205s][info][gc             ] GC(595) Concurrent Mark Cycle 1094.040ms
..[3006.760s][info][gc,start       ] GC(596) Pause Young (Prepare Mixed) (G1 Evacuation Pause)
[3006.760s][info][gc,task        ] GC(596) Using 6 workers of 6 for evacuation
[3006.879s][info][gc,phases      ] GC(596)   Pre Evacuate Collection Set: 0.34ms
[3006.879s][info][gc,phases      ] GC(596)   Merge Heap Roots: 0.63ms
[3006.879s][info][gc,phases      ] GC(596)   Evacuate Collection Set: 117.06ms
[3006.879s][info][gc,phases      ] GC(596)   Post Evacuate Collection Set: 0.93ms
[3006.879s][info][gc,phases      ] GC(596)   Other: 0.09ms
[3006.879s][info][gc,heap        ] GC(596) Eden regions: 1121->0(1103)
[3006.879s][info][gc,heap        ] GC(596) Survivor regions: 107->112(154)
[3006.879s][info][gc,heap        ] GC(596) Old regions: 506->538
[3006.879s][info][gc,heap        ] GC(596) Humongous regions: 80->80
[3006.879s][info][gc,metaspace   ] GC(596) Metaspace: 28952K(29312K)->28952K(29312K) NonClass: 24073K(24192K)->24073K(24192K) Class: 4878K(5120K)->4878K(5120K)
[3006.879s][info][gc             ] GC(596) Pause Young (Prepare Mixed) (G1 Evacuation Pause) 3625M->1458M(4096M) 119.187ms
[3006.880s][info][gc,cpu         ] GC(596) User=0.71s Sys=0.00s Real=0.12s
....[3010.338s][info][gc,start       ] GC(597) Pause Young (Mixed) (G1 Evacuation Pause)
[3010.338s][info][gc,task        ] GC(597) Using 6 workers of 6 for evacuation
[3010.472s][info][gc,phases      ] GC(597)   Pre Evacuate Collection Set: 0.40ms
[3010.472s][info][gc,phases      ] GC(597)   Merge Heap Roots: 0.82ms
[3010.472s][info][gc,phases      ] GC(597)   Evacuate Collection Set: 132.29ms
[3010.472s][info][gc,phases      ] GC(597)   Post Evacuate Collection Set: 0.94ms
[3010.472s][info][gc,phases      ] GC(597)   Other: 0.09ms
[3010.472s][info][gc,heap        ] GC(597) Eden regions: 1103->0(1118)
[3010.472s][info][gc,heap        ] GC(597) Survivor regions: 112->110(152)
[3010.472s][info][gc,heap        ] GC(597) Old regions: 538->475
[3010.472s][info][gc,heap        ] GC(597) Humongous regions: 80->80
[3010.472s][info][gc,metaspace   ] GC(597) Metaspace: 28952K(29312K)->28952K(29312K) NonClass: 24073K(24192K)->24073K(24192K) Class: 4878K(5120K)->4878K(5120K)
[3010.472s][info][gc             ] GC(597) Pause Young (Mixed) (G1 Evacuation Pause) 3664M->1328M(4096M) 134.706ms
[3010.472s][info][gc,cpu         ] GC(597) User=0.80s Sys=0.00s Real=0.14s
....[3014.088s][info][gc,start       ] GC(598) Pause Young (Concurrent Start) (G1 Evacuation Pause)
[3014.088s][info][gc,task        ] GC(598) Using 6 workers of 6 for evacuation
[3014.208s][info][gc,phases      ] GC(598)   Pre Evacuate Collection Set: 0.40ms
[3014.208s][info][gc,phases      ] GC(598)   Merge Heap Roots: 0.54ms
[3014.208s][info][gc,phases      ] GC(598)   Evacuate Collection Set: 118.44ms
[3014.208s][info][gc,phases      ] GC(598)   Post Evacuate Collection Set: 0.89ms
[3014.208s][info][gc,phases      ] GC(598)   Other: 0.12ms
[3014.208s][info][gc,heap        ] GC(598) Eden regions: 1118->0(1117)
[3014.208s][info][gc,heap        ] GC(598) Survivor regions: 110->111(154)
[3014.208s][info][gc,heap        ] GC(598) Old regions: 475->507
[3014.208s][info][gc,heap        ] GC(598) Humongous regions: 80->80
[3014.208s][info][gc,metaspace   ] GC(598) Metaspace: 28952K(29312K)->28952K(29312K) NonClass: 24073K(24192K)->24073K(24192K) Class: 4878K(5120K)->4878K(5120K)
[3014.208s][info][gc             ] GC(598) Pause Young (Concurrent Start) (G1 Evacuation Pause) 3564M->1395M(4096M) 120.531ms
[3014.208s][info][gc             ] GC(599) Concurrent Mark Cycle
[3014.208s][info][gc,marking     ] GC(599) Concurrent Scan Root Regions
[3014.208s][info][gc,cpu         ] GC(598) User=0.72s Sys=0.00s Real=0.12s
[3014.402s][info][gc,marking     ] GC(599) Concurrent Scan Root Regions 193.756ms
[3014.402s][info][gc,marking     ] GC(599) Concurrent Mark
[3014.402s][info][gc,marking     ] GC(599) Concurrent Mark From Roots
[3014.402s][info][gc,task        ] GC(599) Using 2 workers of 2 for marking
.[3015.207s][info][gc,marking     ] GC(599) Concurrent Mark From Roots 804.558ms
[3015.207s][info][gc,marking     ] GC(599) Concurrent Preclean
[3015.207s][info][gc,marking     ] GC(599) Concurrent Preclean 0.066ms
[3015.207s][info][gc,start       ] GC(599) Pause Remark
[3015.212s][info][gc             ] GC(599) Pause Remark 2079M->2079M(4096M) 4.837ms
[3015.212s][info][gc,cpu         ] GC(599) User=0.03s Sys=0.00s Real=0.01s
[3015.212s][info][gc,marking     ] GC(599) Concurrent Mark 809.726ms
[3015.212s][info][gc,marking     ] GC(599) Concurrent Rebuild Remembered Sets and Scrub Regions
[3015.451s][info][gc,marking     ] GC(599) Concurrent Rebuild Remembered Sets and Scrub Regions 239.014ms
[3015.452s][info][gc,start       ] GC(599) Pause Cleanup
[3015.452s][info][gc             ] GC(599) Pause Cleanup 2223M->2223M(4096M) 0.122ms
[3015.452s][info][gc,cpu         ] GC(599) User=0.00s Sys=0.00s Real=0.00s
[3015.452s][info][gc,marking     ] GC(599) Concurrent Clear Claimed Marks
[3015.452s][info][gc,marking     ] GC(599) Concurrent Clear Claimed Marks 0.040ms
[3015.452s][info][gc,marking     ] GC(599) Concurrent Cleanup for Next Mark
[3015.457s][info][gc,marking     ] GC(599) Concurrent Cleanup for Next Mark 4.463ms
[3015.457s][info][gc             ] GC(599) Concurrent Mark Cycle 1248.382ms
..[3017.763s][info][gc,start       ] GC(600) Pause Young (Prepare Mixed) (G1 Evacuation Pause)
[3017.763s][info][gc,task        ] GC(600) Using 6 workers of 6 for evacuation
[3017.882s][info][gc,phases      ] GC(600)   Pre Evacuate Collection Set: 0.35ms
[3017.882s][info][gc,phases      ] GC(600)   Merge Heap Roots: 0.57ms
[3017.882s][info][gc,phases      ] GC(600)   Evacuate Collection Set: 117.54ms
[3017.882s][info][gc,phases      ] GC(600)   Post Evacuate Collection Set: 0.93ms
[3017.882s][info][gc,phases      ] GC(600)   Other: 0.09ms
[3017.882s][info][gc,heap        ] GC(600) Eden regions: 1117->0(1103)
[3017.882s][info][gc,heap        ] GC(600) Survivor regions: 111->112(154)
[3017.882s][info][gc,heap        ] GC(600) Old regions: 507->538
[3017.882s][info][gc,heap        ] GC(600) Humongous regions: 80->80
[3017.882s][info][gc,metaspace   ] GC(600) Metaspace: 28952K(29312K)->28952K(29312K) NonClass: 24073K(24192K)->24073K(24192K) Class: 4878K(5120K)->4878K(5120K)
[3017.883s][info][gc             ] GC(600) Pause Young (Prepare Mixed) (G1 Evacuation Pause) 3629M->1459M(4096M) 119.632ms
[3017.883s][info][gc,cpu         ] GC(600) User=0.71s Sys=0.00s Real=0.12s
....[3021.336s][info][gc,start       ] GC(601) Pause Young (Mixed) (G1 Evacuation Pause)
[3021.336s][info][gc,task        ] GC(601) Using 6 workers of 6 for evacuation
[3021.468s][info][gc,phases      ] GC(601)   Pre Evacuate Collection Set: 0.37ms
[3021.468s][info][gc,phases      ] GC(601)   Merge Heap Roots: 0.77ms
[3021.468s][info][gc,phases      ] GC(601)   Evacuate Collection Set: 129.83ms
[3021.468s][info][gc,phases      ] GC(601)   Post Evacuate Collection Set: 0.93ms
[3021.468s][info][gc,phases      ] GC(601)   Other: 0.09ms
[3021.468s][info][gc,heap        ] GC(601) Eden regions: 1103->0(1120)
[3021.468s][info][gc,heap        ] GC(601) Survivor regions: 112->108(152)
[3021.468s][info][gc,heap        ] GC(601) Old regions: 538->474
[3021.468s][info][gc,heap        ] GC(601) Humongous regions: 80->80
[3021.468s][info][gc,metaspace   ] GC(601) Metaspace: 28952K(29312K)->28952K(29312K) NonClass: 24073K(24192K)->24073K(24192K) Class: 4878K(5120K)->4878K(5120K)
[3021.468s][info][gc             ] GC(601) Pause Young (Mixed) (G1 Evacuation Pause) 3665M->1322M(4096M) 132.143ms
[3021.468s][info][gc,cpu         ] GC(601) User=0.78s Sys=0.00s Real=0.13s
....[3025.050s][info][gc,start       ] GC(602) Pause Young (Concurrent Start) (G1 Evacuation Pause)
[3025.050s][info][gc,task        ] GC(602) Using 6 workers of 6 for evacuation
[3025.166s][info][gc,phases      ] GC(602)   Pre Evacuate Collection Set: 0.37ms
[3025.166s][info][gc,phases      ] GC(602)   Merge Heap Roots: 0.51ms
[3025.166s][info][gc,phases      ] GC(602)   Evacuate Collection Set: 114.09ms
[3025.166s][info][gc,phases      ] GC(602)   Post Evacuate Collection Set: 0.87ms
[3025.166s][info][gc,phases      ] GC(602)   Other: 0.12ms
[3025.166s][info][gc,heap        ] GC(602) Eden regions: 1120->0(1120)
[3025.166s][info][gc,heap        ] GC(602) Survivor regions: 108->108(154)
[3025.166s][info][gc,heap        ] GC(602) Old regions: 474->506
[3025.166s][info][gc,heap        ] GC(602) Humongous regions: 80->80
[3025.166s][info][gc,metaspace   ] GC(602) Metaspace: 28952K(29312K)->28952K(29312K) NonClass: 24073K(24192K)->24073K(24192K) Class: 4878K(5120K)->4878K(5120K)
[3025.166s][info][gc             ] GC(602) Pause Young (Concurrent Start) (G1 Evacuation Pause) 3562M->1385M(4096M) 116.096ms
[3025.166s][info][gc             ] GC(603) Concurrent Mark Cycle
[3025.166s][info][gc,marking     ] GC(603) Concurrent Scan Root Regions
[3025.166s][info][gc,cpu         ] GC(602) User=0.69s Sys=0.00s Real=0.11s
[3025.339s][info][gc,marking     ] GC(603) Concurrent Scan Root Regions 172.485ms
[3025.339s][info][gc,marking     ] GC(603) Concurrent Mark
[3025.339s][info][gc,marking     ] GC(603) Concurrent Mark From Roots
[3025.339s][info][gc,task        ] GC(603) Using 2 workers of 2 for marking
.[3026.279s][info][gc,marking     ] GC(603) Concurrent Mark From Roots 940.122ms
[3026.279s][info][gc,marking     ] GC(603) Concurrent Preclean
[3026.279s][info][gc,marking     ] GC(603) Concurrent Preclean 0.082ms
[3026.280s][info][gc,start       ] GC(603) Pause Remark
[3026.286s][info][gc             ] GC(603) Pause Remark 2047M->2047M(4096M) 5.575ms
[3026.286s][info][gc,cpu         ] GC(603) User=0.03s Sys=0.00s Real=0.00s
[3026.286s][info][gc,marking     ] GC(603) Concurrent Mark 947.211ms
[3026.286s][info][gc,marking     ] GC(603) Concurrent Rebuild Remembered Sets and Scrub Regions
[3026.596s][info][gc,marking     ] GC(603) Concurrent Rebuild Remembered Sets and Scrub Regions 310.095ms
[3026.597s][info][gc,start       ] GC(603) Pause Cleanup
[3026.597s][info][gc             ] GC(603) Pause Cleanup 2273M->2273M(4096M) 0.123ms
[3026.597s][info][gc,cpu         ] GC(603) User=0.00s Sys=0.00s Real=0.00s
[3026.597s][info][gc,marking     ] GC(603) Concurrent Clear Claimed Marks
[3026.597s][info][gc,marking     ] GC(603) Concurrent Clear Claimed Marks 0.028ms
[3026.597s][info][gc,marking     ] GC(603) Concurrent Cleanup for Next Mark
[3026.602s][info][gc,marking     ] GC(603) Concurrent Cleanup for Next Mark 4.989ms
[3026.602s][info][gc             ] GC(603) Concurrent Mark Cycle 1435.819ms
..[3028.816s][info][gc,start       ] GC(604) Pause Young (Prepare Mixed) (G1 Evacuation Pause)
[3028.816s][info][gc,task        ] GC(604) Using 6 workers of 6 for evacuation
[3028.934s][info][gc,phases      ] GC(604)   Pre Evacuate Collection Set: 0.36ms
[3028.934s][info][gc,phases      ] GC(604)   Merge Heap Roots: 0.59ms
[3028.934s][info][gc,phases      ] GC(604)   Evacuate Collection Set: 115.96ms
[3028.934s][info][gc,phases      ] GC(604)   Post Evacuate Collection Set: 0.95ms
[3028.934s][info][gc,phases      ] GC(604)   Other: 0.09ms
[3028.934s][info][gc,heap        ] GC(604) Eden regions: 1120->0(1107)
[3028.934s][info][gc,heap        ] GC(604) Survivor regions: 108->111(154)
[3028.934s][info][gc,heap        ] GC(604) Old regions: 506->536
[3028.934s][info][gc,heap        ] GC(604) Humongous regions: 80->80
[3028.934s][info][gc,metaspace   ] GC(604) Metaspace: 28952K(29312K)->28952K(29312K) NonClass: 24073K(24192K)->24073K(24192K) Class: 4878K(5120K)->4878K(5120K)
[3028.934s][info][gc             ] GC(604) Pause Young (Prepare Mixed) (G1 Evacuation Pause) 3625M->1453M(4096M) 118.066ms
[3028.934s][info][gc,cpu         ] GC(604) User=0.71s Sys=0.00s Real=0.12s
....[3032.451s][info][gc,start       ] GC(605) Pause Young (Mixed) (G1 Evacuation Pause)
[3032.451s][info][gc,task        ] GC(605) Using 6 workers of 6 for evacuation
[3032.583s][info][gc,phases      ] GC(605)   Pre Evacuate Collection Set: 0.39ms
[3032.584s][info][gc,phases      ] GC(605)   Merge Heap Roots: 0.75ms
[3032.584s][info][gc,phases      ] GC(605)   Evacuate Collection Set: 129.85ms
[3032.584s][info][gc,phases      ] GC(605)   Post Evacuate Collection Set: 0.95ms
[3032.584s][info][gc,phases      ] GC(605)   Other: 0.09ms
[3032.584s][info][gc,heap        ] GC(605) Eden regions: 1107->0(1119)
[3032.584s][info][gc,heap        ] GC(605) Survivor regions: 111->109(153)
[3032.584s][info][gc,heap        ] GC(605) Old regions: 536->473
[3032.584s][info][gc,heap        ] GC(605) Humongous regions: 80->80
[3032.584s][info][gc,metaspace   ] GC(605) Metaspace: 28952K(29312K)->28952K(29312K) NonClass: 24073K(24192K)->24073K(24192K) Class: 4878K(5120K)->4878K(5120K)
[3032.584s][info][gc             ] GC(605) Pause Young (Mixed) (G1 Evacuation Pause) 3667M->1322M(4096M) 132.161ms
[3032.584s][info][gc,cpu         ] GC(605) User=0.78s Sys=0.00s Real=0.13s
....[3036.186s][info][gc,start       ] GC(606) Pause Young (Concurrent Start) (G1 Evacuation Pause)
[3036.186s][info][gc,task        ] GC(606) Using 6 workers of 6 for evacuation
[3036.303s][info][gc,phases      ] GC(606)   Pre Evacuate Collection Set: 0.38ms
[3036.303s][info][gc,phases      ] GC(606)   Merge Heap Roots: 0.53ms
[3036.303s][info][gc,phases      ] GC(606)   Evacuate Collection Set: 114.83ms
[3036.303s][info][gc,phases      ] GC(606)   Post Evacuate Collection Set: 0.89ms
[3036.303s][info][gc,phases      ] GC(606)   Other: 0.11ms
[3036.303s][info][gc,heap        ] GC(606) Eden regions: 1119->0(1120)
[3036.303s][info][gc,heap        ] GC(606) Survivor regions: 109->108(154)
[3036.303s][info][gc,heap        ] GC(606) Old regions: 473->505
[3036.303s][info][gc,heap        ] GC(606) Humongous regions: 80->80
[3036.303s][info][gc,metaspace   ] GC(606) Metaspace: 28952K(29312K)->28952K(29312K) NonClass: 24073K(24192K)->24073K(24192K) Class: 4878K(5120K)->4878K(5120K)
[3036.303s][info][gc             ] GC(606) Pause Young (Concurrent Start) (G1 Evacuation Pause) 3560M->1384M(4096M) 116.888ms
[3036.303s][info][gc             ] GC(607) Concurrent Mark Cycle
[3036.303s][info][gc,marking     ] GC(607) Concurrent Scan Root Regions
[3036.303s][info][gc,cpu         ] GC(606) User=0.69s Sys=0.00s Real=0.12s
[3036.450s][info][gc,marking     ] GC(607) Concurrent Scan Root Regions 146.720ms
[3036.450s][info][gc,marking     ] GC(607) Concurrent Mark
[3036.450s][info][gc,marking     ] GC(607) Concurrent Mark From Roots
[3036.450s][info][gc,task        ] GC(607) Using 2 workers of 2 for marking
.[3037.142s][info][gc,marking     ] GC(607) Concurrent Mark From Roots 692.255ms
[3037.142s][info][gc,marking     ] GC(607) Concurrent Preclean
[3037.142s][info][gc,marking     ] GC(607) Concurrent Preclean 0.070ms
[3037.142s][info][gc,start       ] GC(607) Pause Remark
[3037.148s][info][gc             ] GC(607) Pause Remark 1983M->1983M(4096M) 5.550ms
[3037.148s][info][gc,cpu         ] GC(607) User=0.03s Sys=0.00s Real=0.00s
[3037.148s][info][gc,marking     ] GC(607) Concurrent Mark 698.149ms
[3037.148s][info][gc,marking     ] GC(607) Concurrent Rebuild Remembered Sets and Scrub Regions
[3037.376s][info][gc,marking     ] GC(607) Concurrent Rebuild Remembered Sets and Scrub Regions 227.751ms
[3037.376s][info][gc,start       ] GC(607) Pause Cleanup
[3037.376s][info][gc             ] GC(607) Pause Cleanup 2093M->2093M(4096M) 0.121ms
[3037.376s][info][gc,cpu         ] GC(607) User=0.00s Sys=0.00s Real=0.00s
[3037.376s][info][gc,marking     ] GC(607) Concurrent Clear Claimed Marks
[3037.377s][info][gc,marking     ] GC(607) Concurrent Clear Claimed Marks 0.027ms
[3037.377s][info][gc,marking     ] GC(607) Concurrent Cleanup for Next Mark
[3037.382s][info][gc,marking     ] GC(607) Concurrent Cleanup for Next Mark 5.349ms
[3037.382s][info][gc             ] GC(607) Concurrent Mark Cycle 1078.767ms
..[3039.925s][info][gc,start       ] GC(608) Pause Young (Prepare Mixed) (G1 Evacuation Pause)
[3039.925s][info][gc,task        ] GC(608) Using 6 workers of 6 for evacuation
[3040.043s][info][gc,phases      ] GC(608)   Pre Evacuate Collection Set: 0.34ms
[3040.043s][info][gc,phases      ] GC(608)   Merge Heap Roots: 0.61ms
[3040.043s][info][gc,phases      ] GC(608)   Evacuate Collection Set: 116.31ms
[3040.043s][info][gc,phases      ] GC(608)   Post Evacuate Collection Set: 0.90ms
[3040.043s][info][gc,phases      ] GC(608)   Other: 0.09ms
[3040.043s][info][gc,heap        ] GC(608) Eden regions: 1120->0(1107)
[3040.043s][info][gc,heap        ] GC(608) Survivor regions: 108->111(154)
[3040.043s][info][gc,heap        ] GC(608) Old regions: 505->536
[3040.043s][info][gc,heap        ] GC(608) Humongous regions: 80->80
[3040.043s][info][gc,metaspace   ] GC(608) Metaspace: 28952K(29312K)->28952K(29312K) NonClass: 24073K(24192K)->24073K(24192K) Class: 4878K(5120K)->4878K(5120K)
[3040.043s][info][gc             ] GC(608) Pause Young (Prepare Mixed) (G1 Evacuation Pause) 3624M->1452M(4096M) 118.361ms
[3040.043s][info][gc,cpu         ] GC(608) User=0.70s Sys=0.00s Real=0.12s
....[3043.533s][info][gc,start       ] GC(609) Pause Young (Mixed) (G1 Evacuation Pause)
[3043.533s][info][gc,task        ] GC(609) Using 6 workers of 6 for evacuation
[3043.664s][info][gc,phases      ] GC(609)   Pre Evacuate Collection Set: 0.32ms
[3043.664s][info][gc,phases      ] GC(609)   Merge Heap Roots: 0.70ms
[3043.664s][info][gc,phases      ] GC(609)   Evacuate Collection Set: 129.63ms
[3043.664s][info][gc,phases      ] GC(609)   Post Evacuate Collection Set: 0.94ms
[3043.664s][info][gc,phases      ] GC(609)   Other: 0.08ms
[3043.664s][info][gc,heap        ] GC(609) Eden regions: 1107->0(1120)
[3043.664s][info][gc,heap        ] GC(609) Survivor regions: 111->108(153)
[3043.664s][info][gc,heap        ] GC(609) Old regions: 536->473
[3043.664s][info][gc,heap        ] GC(609) Humongous regions: 80->80
[3043.664s][info][gc,metaspace   ] GC(609) Metaspace: 28952K(29312K)->28952K(29312K) NonClass: 24073K(24192K)->24073K(24192K) Class: 4878K(5120K)->4878K(5120K)
[3043.664s][info][gc             ] GC(609) Pause Young (Mixed) (G1 Evacuation Pause) 3666M->1320M(4096M) 131.810ms
[3043.664s][info][gc,cpu         ] GC(609) User=0.78s Sys=0.00s Real=0.13s
....[3047.264s][info][gc,start       ] GC(610) Pause Young (Concurrent Start) (G1 Evacuation Pause)
[3047.264s][info][gc,task        ] GC(610) Using 6 workers of 6 for evacuation
[3047.390s][info][gc,phases      ] GC(610)   Pre Evacuate Collection Set: 0.35ms
[3047.390s][info][gc,phases      ] GC(610)   Merge Heap Roots: 0.47ms
[3047.390s][info][gc,phases      ] GC(610)   Evacuate Collection Set: 123.97ms
[3047.390s][info][gc,phases      ] GC(610)   Post Evacuate Collection Set: 0.89ms
[3047.390s][info][gc,phases      ] GC(610)   Other: 0.13ms
[3047.390s][info][gc,heap        ] GC(610) Eden regions: 1120->0(1114)
[3047.390s][info][gc,heap        ] GC(610) Survivor regions: 108->114(154)
[3047.390s][info][gc,heap        ] GC(610) Old regions: 473->505
[3047.390s][info][gc,heap        ] GC(610) Humongous regions: 80->80
[3047.390s][info][gc,metaspace   ] GC(610) Metaspace: 28952K(29312K)->28952K(29312K) NonClass: 24073K(24192K)->24073K(24192K) Class: 4878K(5120K)->4878K(5120K)
[3047.390s][info][gc             ] GC(610) Pause Young (Concurrent Start) (G1 Evacuation Pause) 3560M->1396M(4096M) 125.933ms
[3047.390s][info][gc             ] GC(611) Concurrent Mark Cycle
[3047.390s][info][gc,marking     ] GC(611) Concurrent Scan Root Regions
[3047.390s][info][gc,cpu         ] GC(610) User=0.75s Sys=0.00s Real=0.13s
[3047.536s][info][gc,marking     ] GC(611) Concurrent Scan Root Regions 145.799ms
[3047.536s][info][gc,marking     ] GC(611) Concurrent Mark
[3047.536s][info][gc,marking     ] GC(611) Concurrent Mark From Roots
[3047.536s][info][gc,task        ] GC(611) Using 2 workers of 2 for marking
.[3048.214s][info][gc,marking     ] GC(611) Concurrent Mark From Roots 678.779ms
[3048.215s][info][gc,marking     ] GC(611) Concurrent Preclean
[3048.215s][info][gc,marking     ] GC(611) Concurrent Preclean 0.070ms
[3048.215s][info][gc,start       ] GC(611) Pause Remark
[3048.220s][info][gc             ] GC(611) Pause Remark 1958M->1958M(4096M) 4.884ms
[3048.220s][info][gc,cpu         ] GC(611) User=0.03s Sys=0.01s Real=0.01s
[3048.220s][info][gc,marking     ] GC(611) Concurrent Mark 684.486ms
[3048.220s][info][gc,marking     ] GC(611) Concurrent Rebuild Remembered Sets and Scrub Regions
[3048.468s][info][gc,marking     ] GC(611) Concurrent Rebuild Remembered Sets and Scrub Regions 247.983ms
[3048.468s][info][gc,start       ] GC(611) Pause Cleanup
[3048.469s][info][gc             ] GC(611) Pause Cleanup 2121M->2121M(4096M) 0.118ms
[3048.469s][info][gc,cpu         ] GC(611) User=0.00s Sys=0.00s Real=0.00s
[3048.469s][info][gc,marking     ] GC(611) Concurrent Clear Claimed Marks
[3048.469s][info][gc,marking     ] GC(611) Concurrent Clear Claimed Marks 0.034ms
[3048.469s][info][gc,marking     ] GC(611) Concurrent Cleanup for Next Mark
[3048.473s][info][gc,marking     ] GC(611) Concurrent Cleanup for Next Mark 4.379ms
[3048.473s][info][gc             ] GC(611) Concurrent Mark Cycle 1083.359ms
. (rIR:aIR:PR = 5120:5121:5121) (tPR = 75883) [OK] 
  3048s: Performance info:
         Transaction,    Success,    Partial,     Failed,   Receipts, AvgBarcode, 
             Overall,     308937,          0,          0,     293486,      59.47, 
         Response times:
             Request,    Success,    Partial,     Failed,   SkipFail,     Probes,    Samples,      min,      p50,      p90,      p95,      p99,      max, 
       TotalPurchase,     293486,          0,          0,          0,     288660,     307987,      300,     4300,     9700,    24000,    82000,   202000,
     InStorePurchase,     154540,          0,          0,          0,     152008,     161841,      300,     4300,     9800,    24000,    82000,   189000,
      OnlinePurchase,     108085,          0,          0,          0,     106736,     113922,      300,     4100,     9500,    24000,    82000,   199000,
        InstPurchase,      30861,          0,          0,          0,      29916,      32224,      400,     4600,     9850,    25000,    84000,   202000,
          AssocOfCat,        306,          0,          0,          0,        232,        311,    23000,    35000,    59800,    79000,   177920,   193000,
      AssocOfProduct,       3085,          0,          0,          0,       2892,       3313,      800,     4100,     9600,    22000,    80720,   142000,
      BusinessReport,        772,          0,          0,          0,        668,        800,    25000,    39000,    69900,    92000,   185980,   301000,
          CustBuyBeh,       3102,          0,          0,          0,       2832,       3189,      300,     5000,    11200,    27000,    98100,   162000,
       ProductReturn,       8186,          0,          0,          0,       7760,       8498,      200,     3100,     8900,    21000,    83000,   159000,

  3048s: (38%)   IR =   5258 .[3050.901s][info][gc,start       ] GC(612) Pause Young (Prepare Mixed) (G1 Evacuation Pause)
[3050.901s][info][gc,task        ] GC(612) Using 6 workers of 6 for evacuation
[3051.020s][info][gc,phases      ] GC(612)   Pre Evacuate Collection Set: 0.36ms
[3051.020s][info][gc,phases      ] GC(612)   Merge Heap Roots: 0.60ms
[3051.020s][info][gc,phases      ] GC(612)   Evacuate Collection Set: 116.96ms
[3051.020s][info][gc,phases      ] GC(612)   Post Evacuate Collection Set: 0.91ms
[3051.020s][info][gc,phases      ] GC(612)   Other: 0.10ms
[3051.020s][info][gc,heap        ] GC(612) Eden regions: 1114->0(1108)
[3051.020s][info][gc,heap        ] GC(612) Survivor regions: 114->111(154)
[3051.020s][info][gc,heap        ] GC(612) Old regions: 505->535
[3051.020s][info][gc,heap        ] GC(612) Humongous regions: 80->80
[3051.020s][info][gc,metaspace   ] GC(612) Metaspace: 28952K(29312K)->28952K(29312K) NonClass: 24073K(24192K)->24073K(24192K) Class: 4878K(5120K)->4878K(5120K)
[3051.020s][info][gc             ] GC(612) Pause Young (Prepare Mixed) (G1 Evacuation Pause) 3624M->1449M(4096M) 119.044ms
[3051.020s][info][gc,cpu         ] GC(612) User=0.71s Sys=0.00s Real=0.12s
....[3054.484s][info][gc,start       ] GC(613) Pause Young (Mixed) (G1 Evacuation Pause)
[3054.484s][info][gc,task        ] GC(613) Using 6 workers of 6 for evacuation
[3054.618s][info][gc,phases      ] GC(613)   Pre Evacuate Collection Set: 0.37ms
[3054.618s][info][gc,phases      ] GC(613)   Merge Heap Roots: 0.77ms
[3054.618s][info][gc,phases      ] GC(613)   Evacuate Collection Set: 131.23ms
[3054.618s][info][gc,phases      ] GC(613)   Post Evacuate Collection Set: 1.01ms
[3054.618s][info][gc,phases      ] GC(613)   Other: 0.09ms
[3054.618s][info][gc,heap        ] GC(613) Eden regions: 1108->0(1118)
[3054.618s][info][gc,heap        ] GC(613) Survivor regions: 111->110(153)
[3054.618s][info][gc,heap        ] GC(613) Old regions: 535->472
[3054.618s][info][gc,heap        ] GC(613) Humongous regions: 80->80
[3054.618s][info][gc,metaspace   ] GC(613) Metaspace: 28953K(29312K)->28953K(29312K) NonClass: 24074K(24192K)->24074K(24192K) Class: 4878K(5120K)->4878K(5120K)
[3054.618s][info][gc             ] GC(613) Pause Young (Mixed) (G1 Evacuation Pause) 3665M->1322M(4096M) 133.596ms
[3054.618s][info][gc,cpu         ] GC(613) User=0.80s Sys=0.00s Real=0.13s
..|.[3058.069s][info][gc,start       ] GC(614) Pause Young (Concurrent Start) (G1 Evacuation Pause)
[3058.069s][info][gc,task        ] GC(614) Using 6 workers of 6 for evacuation
[3058.186s][info][gc,phases      ] GC(614)   Pre Evacuate Collection Set: 0.34ms
[3058.186s][info][gc,phases      ] GC(614)   Merge Heap Roots: 0.49ms
[3058.186s][info][gc,phases      ] GC(614)   Evacuate Collection Set: 114.95ms
[3058.186s][info][gc,phases      ] GC(614)   Post Evacuate Collection Set: 0.86ms
[3058.186s][info][gc,phases      ] GC(614)   Other: 0.11ms
[3058.186s][info][gc,heap        ] GC(614) Eden regions: 1118->0(1121)
[3058.186s][info][gc,heap        ] GC(614) Survivor regions: 110->107(154)
[3058.186s][info][gc,heap        ] GC(614) Old regions: 472->504
[3058.186s][info][gc,heap        ] GC(614) Humongous regions: 80->80
[3058.186s][info][gc,metaspace   ] GC(614) Metaspace: 28954K(29312K)->28954K(29312K) NonClass: 24075K(24192K)->24075K(24192K) Class: 4878K(5120K)->4878K(5120K)
[3058.186s][info][gc             ] GC(614) Pause Young (Concurrent Start) (G1 Evacuation Pause) 3558M->1380M(4096M) 116.874ms
[3058.186s][info][gc             ] GC(615) Concurrent Mark Cycle
[3058.186s][info][gc,marking     ] GC(615) Concurrent Scan Root Regions
[3058.186s][info][gc,cpu         ] GC(614) User=0.69s Sys=0.00s Real=0.12s
.[3058.311s][info][gc,marking     ] GC(615) Concurrent Scan Root Regions 124.714ms
[3058.311s][info][gc,marking     ] GC(615) Concurrent Mark
[3058.311s][info][gc,marking     ] GC(615) Concurrent Mark From Roots
[3058.311s][info][gc,task        ] GC(615) Using 2 workers of 2 for marking
[3058.889s][info][gc,marking     ] GC(615) Concurrent Mark From Roots 578.180ms
[3058.889s][info][gc,marking     ] GC(615) Concurrent Preclean
[3058.889s][info][gc,marking     ] GC(615) Concurrent Preclean 0.117ms
[3058.890s][info][gc,start       ] GC(615) Pause Remark
[3058.894s][info][gc             ] GC(615) Pause Remark 1867M->1867M(4096M) 4.312ms
[3058.894s][info][gc,cpu         ] GC(615) User=0.02s Sys=0.00s Real=0.00s
[3058.895s][info][gc,marking     ] GC(615) Concurrent Mark 584.610ms
[3058.895s][info][gc,marking     ] GC(615) Concurrent Rebuild Remembered Sets and Scrub Regions
[3059.107s][info][gc,marking     ] GC(615) Concurrent Rebuild Remembered Sets and Scrub Regions 211.738ms
[3059.107s][info][gc,start       ] GC(615) Pause Cleanup
[3059.107s][info][gc             ] GC(615) Pause Cleanup 2019M->2019M(4096M) 0.136ms
[3059.107s][info][gc,cpu         ] GC(615) User=0.00s Sys=0.00s Real=0.00s
[3059.107s][info][gc,marking     ] GC(615) Concurrent Clear Claimed Marks
[3059.107s][info][gc,marking     ] GC(615) Concurrent Clear Claimed Marks 0.030ms
[3059.107s][info][gc,marking     ] GC(615) Concurrent Cleanup for Next Mark
[3059.112s][info][gc,marking     ] GC(615) Concurrent Cleanup for Next Mark 4.697ms
[3059.112s][info][gc             ] GC(615) Concurrent Mark Cycle 926.326ms
...[3061.709s][info][gc,start       ] GC(616) Pause Young (Prepare Mixed) (G1 Evacuation Pause)
[3061.710s][info][gc,task        ] GC(616) Using 6 workers of 6 for evacuation
[3061.827s][info][gc,phases      ] GC(616)   Pre Evacuate Collection Set: 0.35ms
[3061.827s][info][gc,phases      ] GC(616)   Merge Heap Roots: 0.63ms
[3061.827s][info][gc,phases      ] GC(616)   Evacuate Collection Set: 115.95ms
[3061.827s][info][gc,phases      ] GC(616)   Post Evacuate Collection Set: 0.89ms
[3061.827s][info][gc,phases      ] GC(616)   Other: 0.09ms
[3061.827s][info][gc,heap        ] GC(616) Eden regions: 1121->0(1109)
[3061.827s][info][gc,heap        ] GC(616) Survivor regions: 107->110(154)
[3061.827s][info][gc,heap        ] GC(616) Old regions: 504->536
[3061.827s][info][gc,heap        ] GC(616) Humongous regions: 80->80
[3061.827s][info][gc,metaspace   ] GC(616) Metaspace: 28954K(29312K)->28954K(29312K) NonClass: 24075K(24192K)->24075K(24192K) Class: 4878K(5120K)->4878K(5120K)
[3061.827s][info][gc             ] GC(616) Pause Young (Prepare Mixed) (G1 Evacuation Pause) 3622M->1450M(4096M) 118.041ms
[3061.828s][info][gc,cpu         ] GC(616) User=0.70s Sys=0.00s Real=0.11s
...[3065.286s][info][gc,start       ] GC(617) Pause Young (Mixed) (G1 Evacuation Pause)
[3065.286s][info][gc,task        ] GC(617) Using 6 workers of 6 for evacuation
[3065.419s][info][gc,phases      ] GC(617)   Pre Evacuate Collection Set: 0.39ms
[3065.420s][info][gc,phases      ] GC(617)   Merge Heap Roots: 0.81ms
[3065.420s][info][gc,phases      ] GC(617)   Evacuate Collection Set: 131.44ms
[3065.420s][info][gc,phases      ] GC(617)   Post Evacuate Collection Set: 0.94ms
[3065.420s][info][gc,phases      ] GC(617)   Other: 0.09ms
[3065.420s][info][gc,heap        ] GC(617) Eden regions: 1109->0(1119)
[3065.420s][info][gc,heap        ] GC(617) Survivor regions: 110->109(153)
[3065.420s][info][gc,heap        ] GC(617) Old regions: 536->473
[3065.420s][info][gc,heap        ] GC(617) Humongous regions: 80->80
[3065.420s][info][gc,metaspace   ] GC(617) Metaspace: 28955K(29312K)->28955K(29312K) NonClass: 24076K(24192K)->24076K(24192K) Class: 4878K(5120K)->4878K(5120K)
[3065.420s][info][gc             ] GC(617) Pause Young (Mixed) (G1 Evacuation Pause) 3668M->1322M(4096M) 133.799ms
[3065.420s][info][gc,cpu         ] GC(617) User=0.79s Sys=0.00s Real=0.14s
....[3068.887s][info][gc,start       ] GC(618) Pause Young (Concurrent Start) (G1 Evacuation Pause)
[3068.887s][info][gc,task        ] GC(618) Using 6 workers of 6 for evacuation
[3069.010s][info][gc,phases      ] GC(618)   Pre Evacuate Collection Set: 0.32ms
[3069.010s][info][gc,phases      ] GC(618)   Merge Heap Roots: 0.51ms
[3069.010s][info][gc,phases      ] GC(618)   Evacuate Collection Set: 120.49ms
[3069.010s][info][gc,phases      ] GC(618)   Post Evacuate Collection Set: 0.90ms
[3069.010s][info][gc,phases      ] GC(618)   Other: 0.11ms
[3069.010s][info][gc,heap        ] GC(618) Eden regions: 1119->0(1116)
[3069.010s][info][gc,heap        ] GC(618) Survivor regions: 109->112(154)
[3069.010s][info][gc,heap        ] GC(618) Old regions: 473->506
[3069.010s][info][gc,heap        ] GC(618) Humongous regions: 80->80
[3069.010s][info][gc,metaspace   ] GC(618) Metaspace: 28955K(29312K)->28955K(29312K) NonClass: 24077K(24192K)->24077K(24192K) Class: 4878K(5120K)->4878K(5120K)
[3069.010s][info][gc             ] GC(618) Pause Young (Concurrent Start) (G1 Evacuation Pause) 3560M->1393M(4096M) 122.478ms
[3069.010s][info][gc             ] GC(619) Concurrent Mark Cycle
[3069.010s][info][gc,marking     ] GC(619) Concurrent Scan Root Regions
[3069.010s][info][gc,cpu         ] GC(618) User=0.73s Sys=0.00s Real=0.13s
[3069.131s][info][gc,marking     ] GC(619) Concurrent Scan Root Regions 121.625ms
[3069.131s][info][gc,marking     ] GC(619) Concurrent Mark
[3069.131s][info][gc,marking     ] GC(619) Concurrent Mark From Roots
[3069.131s][info][gc,task        ] GC(619) Using 2 workers of 2 for marking
.[3069.707s][info][gc,marking     ] GC(619) Concurrent Mark From Roots 575.476ms
[3069.707s][info][gc,marking     ] GC(619) Concurrent Preclean
[3069.707s][info][gc,marking     ] GC(619) Concurrent Preclean 0.076ms
[3069.709s][info][gc,start       ] GC(619) Pause Remark
[3069.713s][info][gc             ] GC(619) Pause Remark 1897M->1897M(4096M) 4.559ms
[3069.713s][info][gc,cpu         ] GC(619) User=0.02s Sys=0.00s Real=0.01s
[3069.714s][info][gc,marking     ] GC(619) Concurrent Mark 582.140ms
[3069.714s][info][gc,marking     ] GC(619) Concurrent Rebuild Remembered Sets and Scrub Regions
[3069.939s][info][gc,marking     ] GC(619) Concurrent Rebuild Remembered Sets and Scrub Regions 225.386ms
[3069.939s][info][gc,start       ] GC(619) Pause Cleanup
[3069.939s][info][gc             ] GC(619) Pause Cleanup 2088M->2088M(4096M) 0.113ms
[3069.939s][info][gc,cpu         ] GC(619) User=0.00s Sys=0.00s Real=0.00s
[3069.939s][info][gc,marking     ] GC(619) Concurrent Clear Claimed Marks
[3069.939s][info][gc,marking     ] GC(619) Concurrent Clear Claimed Marks 0.029ms
[3069.939s][info][gc,marking     ] GC(619) Concurrent Cleanup for Next Mark
[3069.944s][info][gc,marking     ] GC(619) Concurrent Cleanup for Next Mark 4.347ms
[3069.944s][info][gc             ] GC(619) Concurrent Mark Cycle 933.938ms
..[3072.427s][info][gc,start       ] GC(620) Pause Young (Prepare Mixed) (G1 Evacuation Pause)
[3072.428s][info][gc,task        ] GC(620) Using 6 workers of 6 for evacuation
[3072.550s][info][gc,phases      ] GC(620)   Pre Evacuate Collection Set: 0.33ms
[3072.550s][info][gc,phases      ] GC(620)   Merge Heap Roots: 0.62ms
[3072.550s][info][gc,phases      ] GC(620)   Evacuate Collection Set: 120.54ms
[3072.550s][info][gc,phases      ] GC(620)   Post Evacuate Collection Set: 0.91ms
[3072.550s][info][gc,phases      ] GC(620)   Other: 0.08ms
[3072.550s][info][gc,heap        ] GC(620) Eden regions: 1116->0(1102)
[3072.550s][info][gc,heap        ] GC(620) Survivor regions: 112->113(154)
[3072.550s][info][gc,heap        ] GC(620) Old regions: 506->537
[3072.550s][info][gc,heap        ] GC(620) Humongous regions: 80->80
[3072.550s][info][gc,metaspace   ] GC(620) Metaspace: 28955K(29312K)->28955K(29312K) NonClass: 24077K(24192K)->24077K(24192K) Class: 4878K(5120K)->4878K(5120K)
[3072.550s][info][gc             ] GC(620) Pause Young (Prepare Mixed) (G1 Evacuation Pause) 3625M->1458M(4096M) 122.620ms
[3072.550s][info][gc,cpu         ] GC(620) User=0.73s Sys=0.00s Real=0.13s
....[3076.029s][info][gc,start       ] GC(621) Pause Young (Mixed) (G1 Evacuation Pause)
[3076.030s][info][gc,task        ] GC(621) Using 6 workers of 6 for evacuation
[3076.163s][info][gc,phases      ] GC(621)   Pre Evacuate Collection Set: 0.39ms
[3076.163s][info][gc,phases      ] GC(621)   Merge Heap Roots: 0.82ms
[3076.163s][info][gc,phases      ] GC(621)   Evacuate Collection Set: 131.32ms
[3076.163s][info][gc,phases      ] GC(621)   Post Evacuate Collection Set: 0.93ms
[3076.163s][info][gc,phases      ] GC(621)   Other: 0.09ms
[3076.163s][info][gc,heap        ] GC(621) Eden regions: 1102->0(1121)
[3076.163s][info][gc,heap        ] GC(621) Survivor regions: 113->107(152)
[3076.163s][info][gc,heap        ] GC(621) Old regions: 537->474
[3076.163s][info][gc,heap        ] GC(621) Humongous regions: 80->80
[3076.163s][info][gc,metaspace   ] GC(621) Metaspace: 28955K(29312K)->28955K(29312K) NonClass: 24077K(24192K)->24077K(24192K) Class: 4878K(5120K)->4878K(5120K)
[3076.163s][info][gc             ] GC(621) Pause Young (Mixed) (G1 Evacuation Pause) 3662M->1320M(4096M) 133.684ms
[3076.163s][info][gc,cpu         ] GC(621) User=0.79s Sys=0.01s Real=0.13s
....[3079.621s][info][gc,start       ] GC(622) Pause Young (Concurrent Start) (G1 Evacuation Pause)
[3079.621s][info][gc,task        ] GC(622) Using 6 workers of 6 for evacuation
[3079.739s][info][gc,phases      ] GC(622)   Pre Evacuate Collection Set: 0.40ms
[3079.739s][info][gc,phases      ] GC(622)   Merge Heap Roots: 0.56ms
[3079.739s][info][gc,phases      ] GC(622)   Evacuate Collection Set: 115.52ms
[3079.739s][info][gc,phases      ] GC(622)   Post Evacuate Collection Set: 0.88ms
[3079.739s][info][gc,phases      ] GC(622)   Other: 0.13ms
[3079.739s][info][gc,heap        ] GC(622) Eden regions: 1121->0(1119)
[3079.739s][info][gc,heap        ] GC(622) Survivor regions: 107->109(154)
[3079.739s][info][gc,heap        ] GC(622) Old regions: 474->504
[3079.739s][info][gc,heap        ] GC(622) Humongous regions: 80->80
[3079.739s][info][gc,metaspace   ] GC(622) Metaspace: 28955K(29312K)->28955K(29312K) NonClass: 24077K(24192K)->24077K(24192K) Class: 4878K(5120K)->4878K(5120K)
[3079.739s][info][gc             ] GC(622) Pause Young (Concurrent Start) (G1 Evacuation Pause) 3562M->1385M(4096M) 117.610ms
[3079.739s][info][gc             ] GC(623) Concurrent Mark Cycle
[3079.739s][info][gc,marking     ] GC(623) Concurrent Scan Root Regions
[3079.739s][info][gc,cpu         ] GC(622) User=0.70s Sys=0.00s Real=0.11s
[3079.889s][info][gc,marking     ] GC(623) Concurrent Scan Root Regions 150.358ms
[3079.889s][info][gc,marking     ] GC(623) Concurrent Mark
[3079.889s][info][gc,marking     ] GC(623) Concurrent Mark From Roots
[3079.889s][info][gc,task        ] GC(623) Using 2 workers of 2 for marking
.[3080.562s][info][gc,marking     ] GC(623) Concurrent Mark From Roots 672.633ms
[3080.562s][info][gc,marking     ] GC(623) Concurrent Preclean
[3080.562s][info][gc,marking     ] GC(623) Concurrent Preclean 0.070ms
[3080.562s][info][gc,start       ] GC(623) Pause Remark
[3080.567s][info][gc             ] GC(623) Pause Remark 1975M->1975M(4096M) 5.063ms
[3080.567s][info][gc,cpu         ] GC(623) User=0.02s Sys=0.00s Real=0.00s
[3080.568s][info][gc,marking     ] GC(623) Concurrent Mark 678.380ms
[3080.568s][info][gc,marking     ] GC(623) Concurrent Rebuild Remembered Sets and Scrub Regions
[3080.838s][info][gc,marking     ] GC(623) Concurrent Rebuild Remembered Sets and Scrub Regions 270.334ms
[3080.838s][info][gc,start       ] GC(623) Pause Cleanup
[3080.838s][info][gc             ] GC(623) Pause Cleanup 2143M->2143M(4096M) 0.107ms
[3080.838s][info][gc,cpu         ] GC(623) User=0.00s Sys=0.00s Real=0.00s
[3080.838s][info][gc,marking     ] GC(623) Concurrent Clear Claimed Marks
[3080.838s][info][gc,marking     ] GC(623) Concurrent Clear Claimed Marks 0.023ms
[3080.838s][info][gc,marking     ] GC(623) Concurrent Cleanup for Next Mark
[3080.843s][info][gc,marking     ] GC(623) Concurrent Cleanup for Next Mark 4.799ms
[3080.843s][info][gc             ] GC(623) Concurrent Mark Cycle 1104.329ms
..[3083.250s][info][gc,start       ] GC(624) Pause Young (Prepare Mixed) (G1 Evacuation Pause)
[3083.250s][info][gc,task        ] GC(624) Using 6 workers of 6 for evacuation
[3083.367s][info][gc,phases      ] GC(624)   Pre Evacuate Collection Set: 0.31ms
[3083.367s][info][gc,phases      ] GC(624)   Merge Heap Roots: 0.53ms
[3083.367s][info][gc,phases      ] GC(624)   Evacuate Collection Set: 114.36ms
[3083.367s][info][gc,phases      ] GC(624)   Post Evacuate Collection Set: 0.93ms
[3083.367s][info][gc,phases      ] GC(624)   Other: 0.09ms
[3083.367s][info][gc,heap        ] GC(624) Eden regions: 1119->0(1113)
[3083.367s][info][gc,heap        ] GC(624) Survivor regions: 109->108(154)
[3083.367s][info][gc,heap        ] GC(624) Old regions: 504->536
[3083.367s][info][gc,heap        ] GC(624) Humongous regions: 80->80
[3083.367s][info][gc,metaspace   ] GC(624) Metaspace: 28955K(29312K)->28955K(29312K) NonClass: 24077K(24192K)->24077K(24192K) Class: 4878K(5120K)->4878K(5120K)
[3083.367s][info][gc             ] GC(624) Pause Young (Prepare Mixed) (G1 Evacuation Pause) 3623M->1447M(4096M) 116.362ms
[3083.367s][info][gc,cpu         ] GC(624) User=0.69s Sys=0.00s Real=0.11s
....[3086.800s][info][gc,start       ] GC(625) Pause Young (Mixed) (G1 Evacuation Pause)
[3086.800s][info][gc,task        ] GC(625) Using 6 workers of 6 for evacuation
[3086.936s][info][gc,phases      ] GC(625)   Pre Evacuate Collection Set: 0.36ms
[3086.936s][info][gc,phases      ] GC(625)   Merge Heap Roots: 0.80ms
[3086.936s][info][gc,phases      ] GC(625)   Evacuate Collection Set: 134.52ms
[3086.936s][info][gc,phases      ] GC(625)   Post Evacuate Collection Set: 0.94ms
[3086.937s][info][gc,phases      ] GC(625)   Other: 0.10ms
[3086.937s][info][gc,heap        ] GC(625) Eden regions: 1113->0(1119)
[3086.937s][info][gc,heap        ] GC(625) Survivor regions: 108->109(153)
[3086.937s][info][gc,heap        ] GC(625) Old regions: 536->473
[3086.937s][info][gc,heap        ] GC(625) Humongous regions: 80->80
[3086.937s][info][gc,metaspace   ] GC(625) Metaspace: 28955K(29312K)->28955K(29312K) NonClass: 24077K(24192K)->24077K(24192K) Class: 4878K(5120K)->4878K(5120K)
[3086.937s][info][gc             ] GC(625) Pause Young (Mixed) (G1 Evacuation Pause) 3673M->1322M(4096M) 136.855ms
[3086.937s][info][gc,cpu         ] GC(625) User=0.82s Sys=0.00s Real=0.13s
...[3090.410s][info][gc,start       ] GC(626) Pause Young (Concurrent Start) (G1 Evacuation Pause)
[3090.410s][info][gc,task        ] GC(626) Using 6 workers of 6 for evacuation
[3090.530s][info][gc,phases      ] GC(626)   Pre Evacuate Collection Set: 0.35ms
[3090.530s][info][gc,phases      ] GC(626)   Merge Heap Roots: 0.54ms
[3090.530s][info][gc,phases      ] GC(626)   Evacuate Collection Set: 117.44ms
[3090.530s][info][gc,phases      ] GC(626)   Post Evacuate Collection Set: 0.88ms
[3090.530s][info][gc,phases      ] GC(626)   Other: 0.12ms
[3090.530s][info][gc,heap        ] GC(626) Eden regions: 1119->0(1117)
[3090.530s][info][gc,heap        ] GC(626) Survivor regions: 109->111(154)
[3090.530s][info][gc,heap        ] GC(626) Old regions: 473->505
[3090.530s][info][gc,heap        ] GC(626) Humongous regions: 80->80
[3090.530s][info][gc,metaspace   ] GC(626) Metaspace: 28955K(29312K)->28955K(29312K) NonClass: 24077K(24192K)->24077K(24192K) Class: 4878K(5120K)->4878K(5120K)
[3090.530s][info][gc             ] GC(626) Pause Young (Concurrent Start) (G1 Evacuation Pause) 3560M->1390M(4096M) 119.451ms
[3090.530s][info][gc             ] GC(627) Concurrent Mark Cycle
[3090.530s][info][gc,marking     ] GC(627) Concurrent Scan Root Regions
[3090.530s][info][gc,cpu         ] GC(626) User=0.71s Sys=0.00s Real=0.12s
.[3090.661s][info][gc,marking     ] GC(627) Concurrent Scan Root Regions 131.112ms
[3090.661s][info][gc,marking     ] GC(627) Concurrent Mark
[3090.661s][info][gc,marking     ] GC(627) Concurrent Mark From Roots
[3090.661s][info][gc,task        ] GC(627) Using 2 workers of 2 for marking
[3091.345s][info][gc,marking     ] GC(627) Concurrent Mark From Roots 684.439ms
[3091.346s][info][gc,marking     ] GC(627) Concurrent Preclean
[3091.346s][info][gc,marking     ] GC(627) Concurrent Preclean 0.383ms
[3091.346s][info][gc,start       ] GC(627) Pause Remark
[3091.352s][info][gc             ] GC(627) Pause Remark 1969M->1969M(4096M) 5.534ms
[3091.352s][info][gc,cpu         ] GC(627) User=0.03s Sys=0.00s Real=0.01s
[3091.353s][info][gc,marking     ] GC(627) Concurrent Mark 691.589ms
[3091.353s][info][gc,marking     ] GC(627) Concurrent Rebuild Remembered Sets and Scrub Regions
.[3091.707s][info][gc,marking     ] GC(627) Concurrent Rebuild Remembered Sets and Scrub Regions 354.233ms
[3091.707s][info][gc,start       ] GC(627) Pause Cleanup
[3091.707s][info][gc             ] GC(627) Pause Cleanup 2196M->2196M(4096M) 0.115ms
[3091.707s][info][gc,cpu         ] GC(627) User=0.00s Sys=0.00s Real=0.00s
[3091.707s][info][gc,marking     ] GC(627) Concurrent Clear Claimed Marks
[3091.707s][info][gc,marking     ] GC(627) Concurrent Clear Claimed Marks 0.041ms
[3091.707s][info][gc,marking     ] GC(627) Concurrent Cleanup for Next Mark
[3091.711s][info][gc,marking     ] GC(627) Concurrent Cleanup for Next Mark 3.840ms
[3091.711s][info][gc             ] GC(627) Concurrent Mark Cycle 1181.360ms
..[3094.017s][info][gc,start       ] GC(628) Pause Young (Prepare Mixed) (G1 Evacuation Pause)
[3094.017s][info][gc,task        ] GC(628) Using 6 workers of 6 for evacuation
[3094.140s][info][gc,phases      ] GC(628)   Pre Evacuate Collection Set: 0.34ms
[3094.140s][info][gc,phases      ] GC(628)   Merge Heap Roots: 0.61ms
[3094.140s][info][gc,phases      ] GC(628)   Evacuate Collection Set: 120.33ms
[3094.140s][info][gc,phases      ] GC(628)   Post Evacuate Collection Set: 0.91ms
[3094.140s][info][gc,phases      ] GC(628)   Other: 0.07ms
[3094.140s][info][gc,heap        ] GC(628) Eden regions: 1117->0(1102)
[3094.140s][info][gc,heap        ] GC(628) Survivor regions: 111->113(154)
[3094.140s][info][gc,heap        ] GC(628) Old regions: 505->537
[3094.140s][info][gc,heap        ] GC(628) Humongous regions: 80->80
[3094.140s][info][gc,metaspace   ] GC(628) Metaspace: 28907K(29376K)->28907K(29376K) NonClass: 24037K(24256K)->24037K(24256K) Class: 4869K(5120K)->4869K(5120K)
[3094.140s][info][gc             ] GC(628) Pause Young (Prepare Mixed) (G1 Evacuation Pause) 3624M->1459M(4096M) 122.390ms
[3094.140s][info][gc,cpu         ] GC(628) User=0.73s Sys=0.00s Real=0.13s
...[3097.566s][info][gc,start       ] GC(629) Pause Young (Mixed) (G1 Evacuation Pause)
[3097.566s][info][gc,task        ] GC(629) Using 6 workers of 6 for evacuation
[3097.699s][info][gc,phases      ] GC(629)   Pre Evacuate Collection Set: 0.36ms
[3097.699s][info][gc,phases      ] GC(629)   Merge Heap Roots: 0.81ms
[3097.699s][info][gc,phases      ] GC(629)   Evacuate Collection Set: 130.37ms
[3097.699s][info][gc,phases      ] GC(629)   Post Evacuate Collection Set: 0.94ms
[3097.699s][info][gc,phases      ] GC(629)   Other: 0.10ms
[3097.699s][info][gc,heap        ] GC(629) Eden regions: 1102->0(1119)
[3097.699s][info][gc,heap        ] GC(629) Survivor regions: 113->109(152)
[3097.699s][info][gc,heap        ] GC(629) Old regions: 537->475
[3097.699s][info][gc,heap        ] GC(629) Humongous regions: 80->80
[3097.699s][info][gc,metaspace   ] GC(629) Metaspace: 28907K(29376K)->28907K(29376K) NonClass: 24037K(24256K)->24037K(24256K) Class: 4869K(5120K)->4869K(5120K)
[3097.699s][info][gc             ] GC(629) Pause Young (Mixed) (G1 Evacuation Pause) 3663M->1325M(4096M) 132.706ms
[3097.699s][info][gc,cpu         ] GC(629) User=0.79s Sys=0.00s Real=0.13s
....[3101.199s][info][gc,start       ] GC(630) Pause Young (Concurrent Start) (G1 Evacuation Pause)
[3101.199s][info][gc,task        ] GC(630) Using 6 workers of 6 for evacuation
[3101.316s][info][gc,phases      ] GC(630)   Pre Evacuate Collection Set: 0.39ms
[3101.316s][info][gc,phases      ] GC(630)   Merge Heap Roots: 0.54ms
[3101.316s][info][gc,phases      ] GC(630)   Evacuate Collection Set: 114.81ms
[3101.316s][info][gc,phases      ] GC(630)   Post Evacuate Collection Set: 0.88ms
[3101.316s][info][gc,phases      ] GC(630)   Other: 0.14ms
[3101.316s][info][gc,heap        ] GC(630) Eden regions: 1119->0(1120)
[3101.316s][info][gc,heap        ] GC(630) Survivor regions: 109->108(154)
[3101.316s][info][gc,heap        ] GC(630) Old regions: 475->507
[3101.316s][info][gc,heap        ] GC(630) Humongous regions: 80->80
[3101.316s][info][gc,metaspace   ] GC(630) Metaspace: 28907K(29376K)->28907K(29376K) NonClass: 24037K(24256K)->24037K(24256K) Class: 4869K(5120K)->4869K(5120K)
[3101.316s][info][gc             ] GC(630) Pause Young (Concurrent Start) (G1 Evacuation Pause) 3563M->1389M(4096M) 116.915ms
[3101.316s][info][gc             ] GC(631) Concurrent Mark Cycle
[3101.316s][info][gc,marking     ] GC(631) Concurrent Scan Root Regions
[3101.316s][info][gc,cpu         ] GC(630) User=0.70s Sys=0.00s Real=0.12s
[3101.455s][info][gc,marking     ] GC(631) Concurrent Scan Root Regions 138.989ms
[3101.455s][info][gc,marking     ] GC(631) Concurrent Mark
[3101.455s][info][gc,marking     ] GC(631) Concurrent Mark From Roots
[3101.455s][info][gc,task        ] GC(631) Using 2 workers of 2 for marking
.[3102.133s][info][gc,marking     ] GC(631) Concurrent Mark From Roots 677.346ms
[3102.133s][info][gc,marking     ] GC(631) Concurrent Preclean
[3102.133s][info][gc,marking     ] GC(631) Concurrent Preclean 0.935ms
[3102.135s][info][gc,start       ] GC(631) Pause Remark
[3102.141s][info][gc             ] GC(631) Pause Remark 1999M->1999M(4096M) 6.267ms
[3102.141s][info][gc,cpu         ] GC(631) User=0.03s Sys=0.00s Real=0.01s
[3102.141s][info][gc,marking     ] GC(631) Concurrent Mark 686.217ms
[3102.141s][info][gc,marking     ] GC(631) Concurrent Rebuild Remembered Sets and Scrub Regions
[3102.388s][info][gc,marking     ] GC(631) Concurrent Rebuild Remembered Sets and Scrub Regions 246.551ms
[3102.388s][info][gc,start       ] GC(631) Pause Cleanup
[3102.388s][info][gc             ] GC(631) Pause Cleanup 2153M->2153M(4096M) 0.106ms
[3102.388s][info][gc,cpu         ] GC(631) User=0.00s Sys=0.00s Real=0.00s
[3102.388s][info][gc,marking     ] GC(631) Concurrent Clear Claimed Marks
[3102.388s][info][gc,marking     ] GC(631) Concurrent Clear Claimed Marks 0.028ms
[3102.388s][info][gc,marking     ] GC(631) Concurrent Cleanup for Next Mark
[3102.392s][info][gc,marking     ] GC(631) Concurrent Cleanup for Next Mark 3.332ms
[3102.392s][info][gc             ] GC(631) Concurrent Mark Cycle 1075.577ms
...[3104.748s][info][gc,start       ] GC(632) Pause Young (Prepare Mixed) (G1 Evacuation Pause)
[3104.748s][info][gc,task        ] GC(632) Using 6 workers of 6 for evacuation
[3104.867s][info][gc,phases      ] GC(632)   Pre Evacuate Collection Set: 0.36ms
[3104.867s][info][gc,phases      ] GC(632)   Merge Heap Roots: 0.59ms
[3104.867s][info][gc,phases      ] GC(632)   Evacuate Collection Set: 116.80ms
[3104.867s][info][gc,phases      ] GC(632)   Post Evacuate Collection Set: 0.94ms
[3104.867s][info][gc,phases      ] GC(632)   Other: 0.08ms
[3104.867s][info][gc,heap        ] GC(632) Eden regions: 1120->0(1106)
[3104.867s][info][gc,heap        ] GC(632) Survivor regions: 108->110(154)
[3104.867s][info][gc,heap        ] GC(632) Old regions: 507->539
[3104.867s][info][gc,heap        ] GC(632) Humongous regions: 80->80
[3104.867s][info][gc,metaspace   ] GC(632) Metaspace: 28907K(29376K)->28907K(29376K) NonClass: 24037K(24256K)->24037K(24256K) Class: 4869K(5120K)->4869K(5120K)
[3104.867s][info][gc             ] GC(632) Pause Young (Prepare Mixed) (G1 Evacuation Pause) 3629M->1457M(4096M) 118.908ms
[3104.867s][info][gc,cpu         ] GC(632) User=0.71s Sys=0.00s Real=0.12s
...[3108.296s][info][gc,start       ] GC(633) Pause Young (Mixed) (G1 Evacuation Pause)
[3108.296s][info][gc,task        ] GC(633) Using 6 workers of 6 for evacuation
[3108.432s][info][gc,phases      ] GC(633)   Pre Evacuate Collection Set: 0.35ms
[3108.432s][info][gc,phases      ] GC(633)   Merge Heap Roots: 0.78ms
[3108.432s][info][gc,phases      ] GC(633)   Evacuate Collection Set: 133.76ms
[3108.432s][info][gc,phases      ] GC(633)   Post Evacuate Collection Set: 0.93ms
[3108.432s][info][gc,phases      ] GC(633)   Other: 0.09ms
[3108.432s][info][gc,heap        ] GC(633) Eden regions: 1106->0(1119)
[3108.432s][info][gc,heap        ] GC(633) Survivor regions: 110->109(152)
[3108.432s][info][gc,heap        ] GC(633) Old regions: 539->474
[3108.432s][info][gc,heap        ] GC(633) Humongous regions: 80->80
[3108.432s][info][gc,metaspace   ] GC(633) Metaspace: 28907K(29376K)->28907K(29376K) NonClass: 24037K(24256K)->24037K(24256K) Class: 4869K(5120K)->4869K(5120K)
[3108.432s][info][gc             ] GC(633) Pause Young (Mixed) (G1 Evacuation Pause) 3669M->1323M(4096M) 136.097ms
[3108.432s][info][gc,cpu         ] GC(633) User=0.81s Sys=0.00s Real=0.14s
....[3111.927s][info][gc,start       ] GC(634) Pause Young (Concurrent Start) (G1 Evacuation Pause)
[3111.927s][info][gc,task        ] GC(634) Using 6 workers of 6 for evacuation
[3112.043s][info][gc,phases      ] GC(634)   Pre Evacuate Collection Set: 0.35ms
[3112.043s][info][gc,phases      ] GC(634)   Merge Heap Roots: 0.55ms
[3112.043s][info][gc,phases      ] GC(634)   Evacuate Collection Set: 114.19ms
[3112.043s][info][gc,phases      ] GC(634)   Post Evacuate Collection Set: 0.87ms
[3112.043s][info][gc,phases      ] GC(634)   Other: 0.11ms
[3112.043s][info][gc,heap        ] GC(634) Eden regions: 1119->0(1120)
[3112.043s][info][gc,heap        ] GC(634) Survivor regions: 109->108(154)
[3112.043s][info][gc,heap        ] GC(634) Old regions: 474->505
[3112.043s][info][gc,heap        ] GC(634) Humongous regions: 80->80
[3112.043s][info][gc,metaspace   ] GC(634) Metaspace: 28907K(29376K)->28907K(29376K) NonClass: 24037K(24256K)->24037K(24256K) Class: 4869K(5120K)->4869K(5120K)
[3112.043s][info][gc             ] GC(634) Pause Young (Concurrent Start) (G1 Evacuation Pause) 3561M->1384M(4096M) 116.198ms
[3112.043s][info][gc             ] GC(635) Concurrent Mark Cycle
[3112.043s][info][gc,marking     ] GC(635) Concurrent Scan Root Regions
[3112.043s][info][gc,cpu         ] GC(634) User=0.69s Sys=0.00s Real=0.12s
[3112.185s][info][gc,marking     ] GC(635) Concurrent Scan Root Regions 141.997ms
[3112.185s][info][gc,marking     ] GC(635) Concurrent Mark
[3112.185s][info][gc,marking     ] GC(635) Concurrent Mark From Roots
[3112.185s][info][gc,task        ] GC(635) Using 2 workers of 2 for marking
.[3112.847s][info][gc,marking     ] GC(635) Concurrent Mark From Roots 662.233ms
[3112.847s][info][gc,marking     ] GC(635) Concurrent Preclean
[3112.848s][info][gc,marking     ] GC(635) Concurrent Preclean 0.436ms
[3112.848s][info][gc,start       ] GC(635) Pause Remark
[3112.853s][info][gc             ] GC(635) Pause Remark 1952M->1952M(4096M) 5.131ms
[3112.853s][info][gc,cpu         ] GC(635) User=0.02s Sys=0.00s Real=0.01s
[3112.853s][info][gc,marking     ] GC(635) Concurrent Mark 668.067ms
[3112.853s][info][gc,marking     ] GC(635) Concurrent Rebuild Remembered Sets and Scrub Regions
[3113.086s][info][gc,marking     ] GC(635) Concurrent Rebuild Remembered Sets and Scrub Regions 233.296ms
[3113.086s][info][gc,start       ] GC(635) Pause Cleanup
[3113.086s][info][gc             ] GC(635) Pause Cleanup 2084M->2084M(4096M) 0.105ms
[3113.086s][info][gc,cpu         ] GC(635) User=0.00s Sys=0.00s Real=0.00s
[3113.086s][info][gc,marking     ] GC(635) Concurrent Clear Claimed Marks
[3113.086s][info][gc,marking     ] GC(635) Concurrent Clear Claimed Marks 0.025ms
[3113.086s][info][gc,marking     ] GC(635) Concurrent Cleanup for Next Mark
[3113.090s][info][gc,marking     ] GC(635) Concurrent Cleanup for Next Mark 3.574ms
[3113.090s][info][gc             ] GC(635) Concurrent Mark Cycle 1047.375ms
..[3115.489s][info][gc,start       ] GC(636) Pause Young (Prepare Mixed) (G1 Evacuation Pause)
[3115.489s][info][gc,task        ] GC(636) Using 6 workers of 6 for evacuation
[3115.608s][info][gc,phases      ] GC(636)   Pre Evacuate Collection Set: 0.31ms
[3115.608s][info][gc,phases      ] GC(636)   Merge Heap Roots: 0.64ms
[3115.608s][info][gc,phases      ] GC(636)   Evacuate Collection Set: 117.08ms
[3115.608s][info][gc,phases      ] GC(636)   Post Evacuate Collection Set: 0.90ms
[3115.608s][info][gc,phases      ] GC(636)   Other: 0.09ms
[3115.608s][info][gc,heap        ] GC(636) Eden regions: 1120->0(1110)
[3115.608s][info][gc,heap        ] GC(636) Survivor regions: 108->109(154)
[3115.608s][info][gc,heap        ] GC(636) Old regions: 505->537
[3115.608s][info][gc,heap        ] GC(636) Humongous regions: 80->80
[3115.608s][info][gc,metaspace   ] GC(636) Metaspace: 28907K(29376K)->28907K(29376K) NonClass: 24037K(24256K)->24037K(24256K) Class: 4869K(5120K)->4869K(5120K)
[3115.608s][info][gc             ] GC(636) Pause Young (Prepare Mixed) (G1 Evacuation Pause) 3624M->1451M(4096M) 119.154ms
[3115.609s][info][gc,cpu         ] GC(636) User=0.71s Sys=0.00s Real=0.11s
.. (rIR:aIR:PR = 5258:5261:5261) (tPR = 78235) [OK] 
  3116s: Performance info:
         Transaction,    Success,    Partial,     Failed,   Receipts, AvgBarcode, 
             Overall,     318781,          0,          0,     302823,      59.48, 
         Response times:
             Request,    Success,    Partial,     Failed,   SkipFail,     Probes,    Samples,      min,      p50,      p90,      p95,      p99,      max, 
       TotalPurchase,     302823,          0,          0,          0,     297101,     333251,      300,     4300,    10500,    30000,    85000,   220000,
     InStorePurchase,     159438,          0,          0,          0,     156720,     175606,      300,     4300,    10400,    30000,    86000,   220000,
      OnlinePurchase,     111553,          0,          0,          0,     109441,     122525,      300,     4300,    10500,    30000,    85000,   220000,
        InstPurchase,      31832,          0,          0,          0,      30940,      35120,      400,     4100,    10400,    29000,    84790,   220000,
          AssocOfCat,        319,          0,          0,          0,        255,        372,    24000,    37000,    71700,   101350,   162560,   242000,
      AssocOfProduct,       3196,          0,          0,          0,       3017,       3597,      600,     4200,    13000,    32000,    94000,   165000,
      BusinessReport,        801,          0,          0,          0,        688,        871,    27000,    41000,    68000,    96400,   175560,   228000,
          CustBuyBeh,       3203,          0,          0,          0,       2974,       3550,      300,     3600,     9000,    27000,    74470,   195000,
       ProductReturn,       8439,          0,          0,          0,       7982,       9230,      200,     4600,    10000,    31000,    77000,   195000,

  3116s: (39%)   IR =   5396 ..[3119.040s][info][gc,start       ] GC(637) Pause Young (Mixed) (G1 Evacuation Pause)
[3119.040s][info][gc,task        ] GC(637) Using 6 workers of 6 for evacuation
[3119.175s][info][gc,phases      ] GC(637)   Pre Evacuate Collection Set: 0.32ms
[3119.175s][info][gc,phases      ] GC(637)   Merge Heap Roots: 0.80ms
[3119.175s][info][gc,phases      ] GC(637)   Evacuate Collection Set: 132.51ms
[3119.175s][info][gc,phases      ] GC(637)   Post Evacuate Collection Set: 0.92ms
[3119.175s][info][gc,phases      ] GC(637)   Other: 0.09ms
[3119.175s][info][gc,heap        ] GC(637) Eden regions: 1110->0(1118)
[3119.175s][info][gc,heap        ] GC(637) Survivor regions: 109->110(153)
[3119.175s][info][gc,heap        ] GC(637) Old regions: 537->473
[3119.175s][info][gc,heap        ] GC(637) Humongous regions: 80->80
[3119.175s][info][gc,metaspace   ] GC(637) Metaspace: 28907K(29376K)->28907K(29376K) NonClass: 24037K(24256K)->24037K(24256K) Class: 4869K(5120K)->4869K(5120K)
[3119.175s][info][gc             ] GC(637) Pause Young (Mixed) (G1 Evacuation Pause) 3671M->1324M(4096M) 134.772ms
[3119.175s][info][gc,cpu         ] GC(637) User=0.80s Sys=0.00s Real=0.13s
..|.[3122.519s][info][gc,start       ] GC(638) Pause Young (Concurrent Start) (G1 Evacuation Pause)
[3122.520s][info][gc,task        ] GC(638) Using 6 workers of 6 for evacuation
[3122.641s][info][gc,phases      ] GC(638)   Pre Evacuate Collection Set: 0.36ms
[3122.641s][info][gc,phases      ] GC(638)   Merge Heap Roots: 0.52ms
[3122.641s][info][gc,phases      ] GC(638)   Evacuate Collection Set: 119.53ms
[3122.641s][info][gc,phases      ] GC(638)   Post Evacuate Collection Set: 0.96ms
[3122.641s][info][gc,phases      ] GC(638)   Other: 0.12ms
[3122.641s][info][gc,heap        ] GC(638) Eden regions: 1118->0(1116)
[3122.641s][info][gc,heap        ] GC(638) Survivor regions: 110->112(154)
[3122.641s][info][gc,heap        ] GC(638) Old regions: 473->505
[3122.641s][info][gc,heap        ] GC(638) Humongous regions: 80->80
[3122.641s][info][gc,metaspace   ] GC(638) Metaspace: 28907K(29376K)->28907K(29376K) NonClass: 24037K(24256K)->24037K(24256K) Class: 4869K(5120K)->4869K(5120K)
[3122.641s][info][gc             ] GC(638) Pause Young (Concurrent Start) (G1 Evacuation Pause) 3560M->1392M(4096M) 121.627ms
[3122.641s][info][gc             ] GC(639) Concurrent Mark Cycle
[3122.641s][info][gc,marking     ] GC(639) Concurrent Scan Root Regions
[3122.641s][info][gc,cpu         ] GC(638) User=0.72s Sys=0.00s Real=0.12s
.[3122.787s][info][gc,marking     ] GC(639) Concurrent Scan Root Regions 145.833ms
[3122.787s][info][gc,marking     ] GC(639) Concurrent Mark
[3122.787s][info][gc,marking     ] GC(639) Concurrent Mark From Roots
[3122.787s][info][gc,task        ] GC(639) Using 2 workers of 2 for marking
[3123.459s][info][gc,marking     ] GC(639) Concurrent Mark From Roots 672.225ms
[3123.459s][info][gc,marking     ] GC(639) Concurrent Preclean
[3123.461s][info][gc,marking     ] GC(639) Concurrent Preclean 1.472ms
[3123.461s][info][gc,start       ] GC(639) Pause Remark
[3123.466s][info][gc             ] GC(639) Pause Remark 1959M->1959M(4096M) 5.310ms
[3123.466s][info][gc,cpu         ] GC(639) User=0.02s Sys=0.00s Real=0.00s
[3123.467s][info][gc,marking     ] GC(639) Concurrent Mark 679.792ms
[3123.467s][info][gc,marking     ] GC(639) Concurrent Rebuild Remembered Sets and Scrub Regions
[3123.762s][info][gc,marking     ] GC(639) Concurrent Rebuild Remembered Sets and Scrub Regions 294.671ms
[3123.762s][info][gc,start       ] GC(639) Pause Cleanup
[3123.762s][info][gc             ] GC(639) Pause Cleanup 2164M->2164M(4096M) 0.109ms
[3123.762s][info][gc,cpu         ] GC(639) User=0.00s Sys=0.00s Real=0.00s
[3123.762s][info][gc,marking     ] GC(639) Concurrent Clear Claimed Marks
[3123.762s][info][gc,marking     ] GC(639) Concurrent Clear Claimed Marks 0.027ms
[3123.762s][info][gc,marking     ] GC(639) Concurrent Cleanup for Next Mark
[3123.767s][info][gc,marking     ] GC(639) Concurrent Cleanup for Next Mark 4.749ms
[3123.767s][info][gc             ] GC(639) Concurrent Mark Cycle 1125.535ms
...[3126.096s][info][gc,start       ] GC(640) Pause Young (Prepare Mixed) (G1 Evacuation Pause)
[3126.096s][info][gc,task        ] GC(640) Using 6 workers of 6 for evacuation
[3126.217s][info][gc,phases      ] GC(640)   Pre Evacuate Collection Set: 0.35ms
[3126.217s][info][gc,phases      ] GC(640)   Merge Heap Roots: 0.59ms
[3126.217s][info][gc,phases      ] GC(640)   Evacuate Collection Set: 118.74ms
[3126.217s][info][gc,phases      ] GC(640)   Post Evacuate Collection Set: 0.95ms
[3126.217s][info][gc,phases      ] GC(640)   Other: 0.08ms
[3126.217s][info][gc,heap        ] GC(640) Eden regions: 1116->0(1108)
[3126.217s][info][gc,heap        ] GC(640) Survivor regions: 112->110(154)
[3126.217s][info][gc,heap        ] GC(640) Old regions: 505->537
[3126.217s][info][gc,heap        ] GC(640) Humongous regions: 80->80
[3126.217s][info][gc,metaspace   ] GC(640) Metaspace: 28907K(29376K)->28907K(29376K) NonClass: 24037K(24256K)->24037K(24256K) Class: 4869K(5120K)->4869K(5120K)
[3126.217s][info][gc             ] GC(640) Pause Young (Prepare Mixed) (G1 Evacuation Pause) 3624M->1451M(4096M) 120.845ms
[3126.217s][info][gc,cpu         ] GC(640) User=0.71s Sys=0.00s Real=0.12s
...[3129.528s][info][gc,start       ] GC(641) Pause Young (Mixed) (G1 Evacuation Pause)
[3129.528s][info][gc,task        ] GC(641) Using 6 workers of 6 for evacuation
[3129.664s][info][gc,phases      ] GC(641)   Pre Evacuate Collection Set: 0.39ms
[3129.664s][info][gc,phases      ] GC(641)   Merge Heap Roots: 0.83ms
[3129.664s][info][gc,phases      ] GC(641)   Evacuate Collection Set: 133.80ms
[3129.664s][info][gc,phases      ] GC(641)   Post Evacuate Collection Set: 0.94ms
[3129.664s][info][gc,phases      ] GC(641)   Other: 0.09ms
[3129.664s][info][gc,heap        ] GC(641) Eden regions: 1108->0(1117)
[3129.664s][info][gc,heap        ] GC(641) Survivor regions: 110->111(153)
[3129.664s][info][gc,heap        ] GC(641) Old regions: 537->472
[3129.664s][info][gc,heap        ] GC(641) Humongous regions: 80->80
[3129.664s][info][gc,metaspace   ] GC(641) Metaspace: 28907K(29376K)->28907K(29376K) NonClass: 24037K(24256K)->24037K(24256K) Class: 4869K(5120K)->4869K(5120K)
[3129.664s][info][gc             ] GC(641) Pause Young (Mixed) (G1 Evacuation Pause) 3667M->1323M(4096M) 136.208ms
[3129.664s][info][gc,cpu         ] GC(641) User=0.81s Sys=0.00s Real=0.14s
....[3133.005s][info][gc,start       ] GC(642) Pause Young (Concurrent Start) (G1 Evacuation Pause)
[3133.005s][info][gc,task        ] GC(642) Using 6 workers of 6 for evacuation
[3133.122s][info][gc,phases      ] GC(642)   Pre Evacuate Collection Set: 0.38ms
[3133.122s][info][gc,phases      ] GC(642)   Merge Heap Roots: 0.55ms
[3133.122s][info][gc,phases      ] GC(642)   Evacuate Collection Set: 114.32ms
[3133.122s][info][gc,phases      ] GC(642)   Post Evacuate Collection Set: 0.88ms
[3133.122s][info][gc,phases      ] GC(642)   Other: 0.12ms
[3133.122s][info][gc,heap        ] GC(642) Eden regions: 1117->0(1121)
[3133.122s][info][gc,heap        ] GC(642) Survivor regions: 111->107(154)
[3133.122s][info][gc,heap        ] GC(642) Old regions: 472->504
[3133.122s][info][gc,heap        ] GC(642) Humongous regions: 80->80
[3133.122s][info][gc,metaspace   ] GC(642) Metaspace: 28907K(29376K)->28907K(29376K) NonClass: 24037K(24256K)->24037K(24256K) Class: 4869K(5120K)->4869K(5120K)
[3133.122s][info][gc             ] GC(642) Pause Young (Concurrent Start) (G1 Evacuation Pause) 3557M->1379M(4096M) 116.403ms
[3133.122s][info][gc             ] GC(643) Concurrent Mark Cycle
[3133.122s][info][gc,marking     ] GC(643) Concurrent Scan Root Regions
[3133.122s][info][gc,cpu         ] GC(642) User=0.69s Sys=0.00s Real=0.12s
[3133.266s][info][gc,marking     ] GC(643) Concurrent Scan Root Regions 144.143ms
[3133.266s][info][gc,marking     ] GC(643) Concurrent Mark
[3133.266s][info][gc,marking     ] GC(643) Concurrent Mark From Roots
[3133.266s][info][gc,task        ] GC(643) Using 2 workers of 2 for marking
.[3133.940s][info][gc,marking     ] GC(643) Concurrent Mark From Roots 673.901ms
[3133.940s][info][gc,marking     ] GC(643) Concurrent Preclean
[3133.940s][info][gc,marking     ] GC(643) Concurrent Preclean 0.072ms
[3133.940s][info][gc,start       ] GC(643) Pause Remark
[3133.945s][info][gc             ] GC(643) Pause Remark 1967M->1967M(4096M) 4.810ms
[3133.945s][info][gc,cpu         ] GC(643) User=0.02s Sys=0.00s Real=0.00s
[3133.945s][info][gc,marking     ] GC(643) Concurrent Mark 679.048ms
[3133.945s][info][gc,marking     ] GC(643) Concurrent Rebuild Remembered Sets and Scrub Regions
[3134.193s][info][gc,marking     ] GC(643) Concurrent Rebuild Remembered Sets and Scrub Regions 247.932ms
[3134.193s][info][gc,start       ] GC(643) Pause Cleanup
[3134.193s][info][gc             ] GC(643) Pause Cleanup 2128M->2128M(4096M) 0.113ms
[3134.193s][info][gc,cpu         ] GC(643) User=0.00s Sys=0.00s Real=0.00s
[3134.193s][info][gc,marking     ] GC(643) Concurrent Clear Claimed Marks
[3134.193s][info][gc,marking     ] GC(643) Concurrent Clear Claimed Marks 0.025ms
[3134.193s][info][gc,marking     ] GC(643) Concurrent Cleanup for Next Mark
[3134.196s][info][gc,marking     ] GC(643) Concurrent Cleanup for Next Mark 3.160ms
[3134.197s][info][gc             ] GC(643) Concurrent Mark Cycle 1074.736ms
..[3136.607s][info][gc,start       ] GC(644) Pause Young (Prepare Mixed) (G1 Evacuation Pause)
[3136.607s][info][gc,task        ] GC(644) Using 6 workers of 6 for evacuation
[3136.725s][info][gc,phases      ] GC(644)   Pre Evacuate Collection Set: 0.32ms
[3136.725s][info][gc,phases      ] GC(644)   Merge Heap Roots: 0.56ms
[3136.725s][info][gc,phases      ] GC(644)   Evacuate Collection Set: 115.97ms
[3136.725s][info][gc,phases      ] GC(644)   Post Evacuate Collection Set: 0.90ms
[3136.725s][info][gc,phases      ] GC(644)   Other: 0.09ms
[3136.725s][info][gc,heap        ] GC(644) Eden regions: 1121->0(1110)
[3136.725s][info][gc,heap        ] GC(644) Survivor regions: 107->110(154)
[3136.725s][info][gc,heap        ] GC(644) Old regions: 504->535
[3136.725s][info][gc,heap        ] GC(644) Humongous regions: 80->80
[3136.725s][info][gc,metaspace   ] GC(644) Metaspace: 28907K(29376K)->28907K(29376K) NonClass: 24037K(24256K)->24037K(24256K) Class: 4869K(5120K)->4869K(5120K)
[3136.725s][info][gc             ] GC(644) Pause Young (Prepare Mixed) (G1 Evacuation Pause) 3621M->1448M(4096M) 117.984ms
[3136.725s][info][gc,cpu         ] GC(644) User=0.71s Sys=0.00s Real=0.12s
....[3140.032s][info][gc,start       ] GC(645) Pause Young (Mixed) (G1 Evacuation Pause)
[3140.032s][info][gc,task        ] GC(645) Using 6 workers of 6 for evacuation
[3140.170s][info][gc,phases      ] GC(645)   Pre Evacuate Collection Set: 0.36ms
[3140.170s][info][gc,phases      ] GC(645)   Merge Heap Roots: 0.75ms
[3140.170s][info][gc,phases      ] GC(645)   Evacuate Collection Set: 135.10ms
[3140.170s][info][gc,phases      ] GC(645)   Post Evacuate Collection Set: 1.00ms
[3140.170s][info][gc,phases      ] GC(645)   Other: 0.09ms
[3140.170s][info][gc,heap        ] GC(645) Eden regions: 1110->0(1118)
[3140.170s][info][gc,heap        ] GC(645) Survivor regions: 110->110(153)
[3140.170s][info][gc,heap        ] GC(645) Old regions: 535->473
[3140.170s][info][gc,heap        ] GC(645) Humongous regions: 80->80
[3140.170s][info][gc,metaspace   ] GC(645) Metaspace: 28907K(29376K)->28907K(29376K) NonClass: 24037K(24256K)->24037K(24256K) Class: 4869K(5120K)->4869K(5120K)
[3140.170s][info][gc             ] GC(645) Pause Young (Mixed) (G1 Evacuation Pause) 3668M->1323M(4096M) 137.436ms
[3140.170s][info][gc,cpu         ] GC(645) User=0.82s Sys=0.00s Real=0.14s
...[3143.563s][info][gc,start       ] GC(646) Pause Young (Concurrent Start) (G1 Evacuation Pause)
[3143.563s][info][gc,task        ] GC(646) Using 6 workers of 6 for evacuation
[3143.681s][info][gc,phases      ] GC(646)   Pre Evacuate Collection Set: 0.39ms
[3143.681s][info][gc,phases      ] GC(646)   Merge Heap Roots: 0.53ms
[3143.681s][info][gc,phases      ] GC(646)   Evacuate Collection Set: 115.65ms
[3143.681s][info][gc,phases      ] GC(646)   Post Evacuate Collection Set: 0.88ms
[3143.681s][info][gc,phases      ] GC(646)   Other: 0.11ms
[3143.681s][info][gc,heap        ] GC(646) Eden regions: 1118->0(1119)
[3143.681s][info][gc,heap        ] GC(646) Survivor regions: 110->109(154)
[3143.681s][info][gc,heap        ] GC(646) Old regions: 473->505
[3143.681s][info][gc,heap        ] GC(646) Humongous regions: 80->80
[3143.681s][info][gc,metaspace   ] GC(646) Metaspace: 28907K(29376K)->28907K(29376K) NonClass: 24037K(24256K)->24037K(24256K) Class: 4869K(5120K)->4869K(5120K)
[3143.681s][info][gc             ] GC(646) Pause Young (Concurrent Start) (G1 Evacuation Pause) 3559M->1386M(4096M) 117.674ms
[3143.681s][info][gc             ] GC(647) Concurrent Mark Cycle
[3143.681s][info][gc,marking     ] GC(647) Concurrent Scan Root Regions
[3143.681s][info][gc,cpu         ] GC(646) User=0.70s Sys=0.00s Real=0.12s
.[3143.848s][info][gc,marking     ] GC(647) Concurrent Scan Root Regions 166.815ms
[3143.848s][info][gc,marking     ] GC(647) Concurrent Mark
[3143.848s][info][gc,marking     ] GC(647) Concurrent Mark From Roots
[3143.848s][info][gc,task        ] GC(647) Using 2 workers of 2 for marking
[3144.724s][info][gc,marking     ] GC(647) Concurrent Mark From Roots 875.987ms
[3144.724s][info][gc,marking     ] GC(647) Concurrent Preclean
[3144.724s][info][gc,marking     ] GC(647) Concurrent Preclean 0.555ms
[3144.724s][info][gc,start       ] GC(647) Pause Remark
[3144.731s][info][gc             ] GC(647) Pause Remark 2137M->2137M(4096M) 6.539ms
[3144.731s][info][gc,cpu         ] GC(647) User=0.03s Sys=0.00s Real=0.01s
[3144.732s][info][gc,marking     ] GC(647) Concurrent Mark 883.890ms
[3144.732s][info][gc,marking     ] GC(647) Concurrent Rebuild Remembered Sets and Scrub Regions
.[3144.981s][info][gc,marking     ] GC(647) Concurrent Rebuild Remembered Sets and Scrub Regions 249.122ms
[3144.981s][info][gc,start       ] GC(647) Pause Cleanup
[3144.981s][info][gc             ] GC(647) Pause Cleanup 2305M->2305M(4096M) 0.105ms
[3144.981s][info][gc,cpu         ] GC(647) User=0.00s Sys=0.00s Real=0.00s
[3144.981s][info][gc,marking     ] GC(647) Concurrent Clear Claimed Marks
[3144.981s][info][gc,marking     ] GC(647) Concurrent Clear Claimed Marks 0.027ms
[3144.981s][info][gc,marking     ] GC(647) Concurrent Cleanup for Next Mark
[3144.985s][info][gc,marking     ] GC(647) Concurrent Cleanup for Next Mark 4.309ms
[3144.985s][info][gc             ] GC(647) Concurrent Mark Cycle 1304.630ms
..[3147.021s][info][gc,start       ] GC(648) Pause Young (Prepare Mixed) (G1 Evacuation Pause)
[3147.021s][info][gc,task        ] GC(648) Using 6 workers of 6 for evacuation
[3147.144s][info][gc,phases      ] GC(648)   Pre Evacuate Collection Set: 0.34ms
[3147.144s][info][gc,phases      ] GC(648)   Merge Heap Roots: 0.64ms
[3147.144s][info][gc,phases      ] GC(648)   Evacuate Collection Set: 121.39ms
[3147.144s][info][gc,phases      ] GC(648)   Post Evacuate Collection Set: 0.88ms
[3147.144s][info][gc,phases      ] GC(648)   Other: 0.10ms
[3147.144s][info][gc,heap        ] GC(648) Eden regions: 1119->0(1103)
[3147.144s][info][gc,heap        ] GC(648) Survivor regions: 109->113(154)
[3147.144s][info][gc,heap        ] GC(648) Old regions: 505->536
[3147.144s][info][gc,heap        ] GC(648) Humongous regions: 80->80
[3147.144s][info][gc,metaspace   ] GC(648) Metaspace: 28907K(29376K)->28907K(29376K) NonClass: 24037K(24256K)->24037K(24256K) Class: 4869K(5120K)->4869K(5120K)
[3147.144s][info][gc             ] GC(648) Pause Young (Prepare Mixed) (G1 Evacuation Pause) 3624M->1456M(4096M) 123.479ms
[3147.144s][info][gc,cpu         ] GC(648) User=0.74s Sys=0.00s Real=0.12s
...[3150.481s][info][gc,start       ] GC(649) Pause Young (Mixed) (G1 Evacuation Pause)
[3150.481s][info][gc,task        ] GC(649) Using 6 workers of 6 for evacuation
[3150.613s][info][gc,phases      ] GC(649)   Pre Evacuate Collection Set: 0.33ms
[3150.613s][info][gc,phases      ] GC(649)   Merge Heap Roots: 0.74ms
[3150.613s][info][gc,phases      ] GC(649)   Evacuate Collection Set: 129.80ms
[3150.613s][info][gc,phases      ] GC(649)   Post Evacuate Collection Set: 0.92ms
[3150.613s][info][gc,phases      ] GC(649)   Other: 0.09ms
[3150.613s][info][gc,heap        ] GC(649) Eden regions: 1103->0(1119)
[3150.613s][info][gc,heap        ] GC(649) Survivor regions: 113->109(152)
[3150.613s][info][gc,heap        ] GC(649) Old regions: 536->473
[3150.613s][info][gc,heap        ] GC(649) Humongous regions: 80->80
[3150.613s][info][gc,metaspace   ] GC(649) Metaspace: 28907K(29376K)->28907K(29376K) NonClass: 24037K(24256K)->24037K(24256K) Class: 4869K(5120K)->4869K(5120K)
[3150.613s][info][gc             ] GC(649) Pause Young (Mixed) (G1 Evacuation Pause) 3662M->1321M(4096M) 132.005ms
[3150.613s][info][gc,cpu         ] GC(649) User=0.78s Sys=0.00s Real=0.13s
....[3154.004s][info][gc,start       ] GC(650) Pause Young (Concurrent Start) (G1 Evacuation Pause)
[3154.004s][info][gc,task        ] GC(650) Using 6 workers of 6 for evacuation
[3154.122s][info][gc,phases      ] GC(650)   Pre Evacuate Collection Set: 0.38ms
[3154.122s][info][gc,phases      ] GC(650)   Merge Heap Roots: 0.50ms
[3154.122s][info][gc,phases      ] GC(650)   Evacuate Collection Set: 116.24ms
[3154.122s][info][gc,phases      ] GC(650)   Post Evacuate Collection Set: 0.88ms
[3154.122s][info][gc,phases      ] GC(650)   Other: 0.13ms
[3154.122s][info][gc,heap        ] GC(650) Eden regions: 1119->0(1119)
[3154.122s][info][gc,heap        ] GC(650) Survivor regions: 109->109(154)
[3154.122s][info][gc,heap        ] GC(650) Old regions: 473->504
[3154.122s][info][gc,heap        ] GC(650) Humongous regions: 80->80
[3154.122s][info][gc,metaspace   ] GC(650) Metaspace: 28907K(29376K)->28907K(29376K) NonClass: 24037K(24256K)->24037K(24256K) Class: 4869K(5120K)->4869K(5120K)
[3154.122s][info][gc             ] GC(650) Pause Young (Concurrent Start) (G1 Evacuation Pause) 3559M->1385M(4096M) 118.261ms
[3154.122s][info][gc             ] GC(651) Concurrent Mark Cycle
[3154.122s][info][gc,marking     ] GC(651) Concurrent Scan Root Regions
[3154.122s][info][gc,cpu         ] GC(650) User=0.70s Sys=0.00s Real=0.12s
[3154.278s][info][gc,marking     ] GC(651) Concurrent Scan Root Regions 155.930ms
[3154.278s][info][gc,marking     ] GC(651) Concurrent Mark
[3154.278s][info][gc,marking     ] GC(651) Concurrent Mark From Roots
[3154.278s][info][gc,task        ] GC(651) Using 2 workers of 2 for marking
.[3154.959s][info][gc,marking     ] GC(651) Concurrent Mark From Roots 681.348ms
[3154.959s][info][gc,marking     ] GC(651) Concurrent Preclean
[3154.960s][info][gc,marking     ] GC(651) Concurrent Preclean 0.501ms
[3154.960s][info][gc,start       ] GC(651) Pause Remark
[3154.965s][info][gc             ] GC(651) Pause Remark 1981M->1981M(4096M) 5.377ms
[3154.966s][info][gc,cpu         ] GC(651) User=0.03s Sys=0.00s Real=0.00s
[3154.966s][info][gc,marking     ] GC(651) Concurrent Mark 687.513ms
[3154.966s][info][gc,marking     ] GC(651) Concurrent Rebuild Remembered Sets and Scrub Regions
[3155.215s][info][gc,marking     ] GC(651) Concurrent Rebuild Remembered Sets and Scrub Regions 249.894ms
[3155.216s][info][gc,start       ] GC(651) Pause Cleanup
[3155.216s][info][gc             ] GC(651) Pause Cleanup 2153M->2153M(4096M) 0.117ms
[3155.216s][info][gc,cpu         ] GC(651) User=0.00s Sys=0.00s Real=0.00s
[3155.216s][info][gc,marking     ] GC(651) Concurrent Clear Claimed Marks
[3155.216s][info][gc,marking     ] GC(651) Concurrent Clear Claimed Marks 0.023ms
[3155.216s][info][gc,marking     ] GC(651) Concurrent Cleanup for Next Mark
[3155.221s][info][gc,marking     ] GC(651) Concurrent Cleanup for Next Mark 4.762ms
[3155.221s][info][gc             ] GC(651) Concurrent Mark Cycle 1098.618ms
..[3157.540s][info][gc,start       ] GC(652) Pause Young (Prepare Mixed) (G1 Evacuation Pause)
[3157.540s][info][gc,task        ] GC(652) Using 6 workers of 6 for evacuation
[3157.661s][info][gc,phases      ] GC(652)   Pre Evacuate Collection Set: 0.35ms
[3157.661s][info][gc,phases      ] GC(652)   Merge Heap Roots: 0.66ms
[3157.661s][info][gc,phases      ] GC(652)   Evacuate Collection Set: 118.14ms
[3157.661s][info][gc,phases      ] GC(652)   Post Evacuate Collection Set: 0.91ms
[3157.661s][info][gc,phases      ] GC(652)   Other: 0.09ms
[3157.661s][info][gc,heap        ] GC(652) Eden regions: 1119->0(1105)
[3157.661s][info][gc,heap        ] GC(652) Survivor regions: 109->112(154)
[3157.661s][info][gc,heap        ] GC(652) Old regions: 504->536
[3157.661s][info][gc,heap        ] GC(652) Humongous regions: 80->80
[3157.661s][info][gc,metaspace   ] GC(652) Metaspace: 28907K(29376K)->28907K(29376K) NonClass: 24037K(24256K)->24037K(24256K) Class: 4869K(5120K)->4869K(5120K)
[3157.661s][info][gc             ] GC(652) Pause Young (Prepare Mixed) (G1 Evacuation Pause) 3623M->1453M(4096M) 120.279ms
[3157.661s][info][gc,cpu         ] GC(652) User=0.72s Sys=0.00s Real=0.12s
....[3160.946s][info][gc,start       ] GC(653) Pause Young (Mixed) (G1 Evacuation Pause)
[3160.946s][info][gc,task        ] GC(653) Using 6 workers of 6 for evacuation
[3161.080s][info][gc,phases      ] GC(653)   Pre Evacuate Collection Set: 0.37ms
[3161.080s][info][gc,phases      ] GC(653)   Merge Heap Roots: 0.81ms
[3161.080s][info][gc,phases      ] GC(653)   Evacuate Collection Set: 132.21ms
[3161.080s][info][gc,phases      ] GC(653)   Post Evacuate Collection Set: 0.94ms
[3161.080s][info][gc,phases      ] GC(653)   Other: 0.10ms
[3161.080s][info][gc,heap        ] GC(653) Eden regions: 1105->0(1120)
[3161.080s][info][gc,heap        ] GC(653) Survivor regions: 112->108(153)
[3161.080s][info][gc,heap        ] GC(653) Old regions: 536->472
[3161.080s][info][gc,heap        ] GC(653) Humongous regions: 80->80
[3161.080s][info][gc,metaspace   ] GC(653) Metaspace: 28907K(29376K)->28907K(29376K) NonClass: 24037K(24256K)->24037K(24256K) Class: 4869K(5120K)->4869K(5120K)
[3161.080s][info][gc             ] GC(653) Pause Young (Mixed) (G1 Evacuation Pause) 3663M->1318M(4096M) 134.585ms
[3161.081s][info][gc,cpu         ] GC(653) User=0.80s Sys=0.00s Real=0.14s
...[3164.539s][info][gc,start       ] GC(654) Pause Young (Concurrent Start) (G1 Evacuation Pause)
[3164.539s][info][gc,task        ] GC(654) Using 6 workers of 6 for evacuation
[3164.659s][info][gc,phases      ] GC(654)   Pre Evacuate Collection Set: 0.37ms
[3164.659s][info][gc,phases      ] GC(654)   Merge Heap Roots: 0.49ms
[3164.659s][info][gc,phases      ] GC(654)   Evacuate Collection Set: 117.90ms
[3164.659s][info][gc,phases      ] GC(654)   Post Evacuate Collection Set: 0.91ms
[3164.659s][info][gc,phases      ] GC(654)   Other: 0.13ms
[3164.659s][info][gc,heap        ] GC(654) Eden regions: 1120->0(1116)
[3164.659s][info][gc,heap        ] GC(654) Survivor regions: 108->112(154)
[3164.659s][info][gc,heap        ] GC(654) Old regions: 472->504
[3164.659s][info][gc,heap        ] GC(654) Humongous regions: 80->80
[3164.659s][info][gc,metaspace   ] GC(654) Metaspace: 28907K(29376K)->28907K(29376K) NonClass: 24037K(24256K)->24037K(24256K) Class: 4869K(5120K)->4869K(5120K)
[3164.659s][info][gc             ] GC(654) Pause Young (Concurrent Start) (G1 Evacuation Pause) 3558M->1390M(4096M) 119.936ms
[3164.659s][info][gc             ] GC(655) Concurrent Mark Cycle
[3164.659s][info][gc,marking     ] GC(655) Concurrent Scan Root Regions
[3164.659s][info][gc,cpu         ] GC(654) User=0.71s Sys=0.00s Real=0.12s
[3164.842s][info][gc,marking     ] GC(655) Concurrent Scan Root Regions 183.557ms
[3164.842s][info][gc,marking     ] GC(655) Concurrent Mark
[3164.843s][info][gc,marking     ] GC(655) Concurrent Mark From Roots
[3164.843s][info][gc,task        ] GC(655) Using 2 workers of 2 for marking
.[3165.722s][info][gc,marking     ] GC(655) Concurrent Mark From Roots 879.198ms
[3165.722s][info][gc,marking     ] GC(655) Concurrent Preclean
[3165.722s][info][gc,marking     ] GC(655) Concurrent Preclean 0.304ms
[3165.722s][info][gc,start       ] GC(655) Pause Remark
[3165.728s][info][gc             ] GC(655) Pause Remark 2170M->2170M(4096M) 5.729ms
[3165.728s][info][gc,cpu         ] GC(655) User=0.03s Sys=0.00s Real=0.00s
[3165.728s][info][gc,marking     ] GC(655) Concurrent Mark 885.492ms
[3165.728s][info][gc,marking     ] GC(655) Concurrent Rebuild Remembered Sets and Scrub Regions
.[3165.972s][info][gc,marking     ] GC(655) Concurrent Rebuild Remembered Sets and Scrub Regions 243.695ms
[3165.972s][info][gc,start       ] GC(655) Pause Cleanup
[3165.972s][info][gc             ] GC(655) Pause Cleanup 2331M->2331M(4096M) 0.111ms
[3165.972s][info][gc,cpu         ] GC(655) User=0.00s Sys=0.00s Real=0.00s
[3165.972s][info][gc,marking     ] GC(655) Concurrent Clear Claimed Marks
[3165.972s][info][gc,marking     ] GC(655) Concurrent Clear Claimed Marks 0.026ms
[3165.972s][info][gc,marking     ] GC(655) Concurrent Cleanup for Next Mark
[3165.977s][info][gc,marking     ] GC(655) Concurrent Cleanup for Next Mark 4.511ms
[3165.977s][info][gc             ] GC(655) Concurrent Mark Cycle 1317.707ms
..[3168.028s][info][gc,start       ] GC(656) Pause Young (Prepare Mixed) (G1 Evacuation Pause)
[3168.028s][info][gc,task        ] GC(656) Using 6 workers of 6 for evacuation
[3168.148s][info][gc,phases      ] GC(656)   Pre Evacuate Collection Set: 0.31ms
[3168.148s][info][gc,phases      ] GC(656)   Merge Heap Roots: 0.60ms
[3168.148s][info][gc,phases      ] GC(656)   Evacuate Collection Set: 117.74ms
[3168.148s][info][gc,phases      ] GC(656)   Post Evacuate Collection Set: 0.90ms
[3168.148s][info][gc,phases      ] GC(656)   Other: 0.08ms
[3168.148s][info][gc,heap        ] GC(656) Eden regions: 1116->0(1110)
[3168.148s][info][gc,heap        ] GC(656) Survivor regions: 112->110(154)
[3168.148s][info][gc,heap        ] GC(656) Old regions: 504->535
[3168.148s][info][gc,heap        ] GC(656) Humongous regions: 80->80
[3168.148s][info][gc,metaspace   ] GC(656) Metaspace: 28907K(29376K)->28907K(29376K) NonClass: 24037K(24256K)->24037K(24256K) Class: 4869K(5120K)->4869K(5120K)
[3168.148s][info][gc             ] GC(656) Pause Young (Prepare Mixed) (G1 Evacuation Pause) 3622M->1448M(4096M) 119.760ms
[3168.148s][info][gc,cpu         ] GC(656) User=0.71s Sys=0.00s Real=0.12s
...[3171.508s][info][gc,start       ] GC(657) Pause Young (Mixed) (G1 Evacuation Pause)
[3171.508s][info][gc,task        ] GC(657) Using 6 workers of 6 for evacuation
[3171.642s][info][gc,phases      ] GC(657)   Pre Evacuate Collection Set: 0.33ms
[3171.642s][info][gc,phases      ] GC(657)   Merge Heap Roots: 0.72ms
[3171.642s][info][gc,phases      ] GC(657)   Evacuate Collection Set: 132.49ms
[3171.642s][info][gc,phases      ] GC(657)   Post Evacuate Collection Set: 0.95ms
[3171.642s][info][gc,phases      ] GC(657)   Other: 0.09ms
[3171.642s][info][gc,heap        ] GC(657) Eden regions: 1110->0(1118)
[3171.642s][info][gc,heap        ] GC(657) Survivor regions: 110->110(153)
[3171.642s][info][gc,heap        ] GC(657) Old regions: 535->473
[3171.642s][info][gc,heap        ] GC(657) Humongous regions: 80->80
[3171.642s][info][gc,metaspace   ] GC(657) Metaspace: 28907K(29376K)->28907K(29376K) NonClass: 24037K(24256K)->24037K(24256K) Class: 4869K(5120K)->4869K(5120K)
[3171.642s][info][gc             ] GC(657) Pause Young (Mixed) (G1 Evacuation Pause) 3668M->1324M(4096M) 134.737ms
[3171.642s][info][gc,cpu         ] GC(657) User=0.80s Sys=0.00s Real=0.14s
....[3175.024s][info][gc,start       ] GC(658) Pause Young (Concurrent Start) (G1 Evacuation Pause)
[3175.024s][info][gc,task        ] GC(658) Using 6 workers of 6 for evacuation
[3175.142s][info][gc,phases      ] GC(658)   Pre Evacuate Collection Set: 0.40ms
[3175.142s][info][gc,phases      ] GC(658)   Merge Heap Roots: 0.58ms
[3175.142s][info][gc,phases      ] GC(658)   Evacuate Collection Set: 115.76ms
[3175.142s][info][gc,phases      ] GC(658)   Post Evacuate Collection Set: 0.85ms
[3175.142s][info][gc,phases      ] GC(658)   Other: 0.13ms
[3175.142s][info][gc,heap        ] GC(658) Eden regions: 1118->0(1119)
[3175.142s][info][gc,heap        ] GC(658) Survivor regions: 110->109(154)
[3175.142s][info][gc,heap        ] GC(658) Old regions: 473->506
[3175.142s][info][gc,heap        ] GC(658) Humongous regions: 80->80
[3175.142s][info][gc,metaspace   ] GC(658) Metaspace: 28907K(29376K)->28907K(29376K) NonClass: 24037K(24256K)->24037K(24256K) Class: 4869K(5120K)->4869K(5120K)
[3175.142s][info][gc             ] GC(658) Pause Young (Concurrent Start) (G1 Evacuation Pause) 3560M->1388M(4096M) 117.856ms
[3175.142s][info][gc             ] GC(659) Concurrent Mark Cycle
[3175.142s][info][gc,marking     ] GC(659) Concurrent Scan Root Regions
[3175.142s][info][gc,cpu         ] GC(658) User=0.70s Sys=0.00s Real=0.12s
[3175.319s][info][gc,marking     ] GC(659) Concurrent Scan Root Regions 177.057ms
[3175.319s][info][gc,marking     ] GC(659) Concurrent Mark
[3175.319s][info][gc,marking     ] GC(659) Concurrent Mark From Roots
[3175.319s][info][gc,task        ] GC(659) Using 2 workers of 2 for marking
.[3175.992s][info][gc,marking     ] GC(659) Concurrent Mark From Roots 673.191ms
[3175.992s][info][gc,marking     ] GC(659) Concurrent Preclean
[3175.993s][info][gc,marking     ] GC(659) Concurrent Preclean 0.310ms
[3175.993s][info][gc,start       ] GC(659) Pause Remark
[3175.997s][info][gc             ] GC(659) Pause Remark 2013M->2013M(4096M) 3.933ms
[3175.997s][info][gc,cpu         ] GC(659) User=0.02s Sys=0.00s Real=0.00s
[3175.997s][info][gc,marking     ] GC(659) Concurrent Mark 678.189ms
[3175.997s][info][gc,marking     ] GC(659) Concurrent Rebuild Remembered Sets and Scrub Regions
[3176.357s][info][gc,marking     ] GC(659) Concurrent Rebuild Remembered Sets and Scrub Regions 360.068ms
[3176.358s][info][gc,start       ] GC(659) Pause Cleanup
[3176.358s][info][gc             ] GC(659) Pause Cleanup 2268M->2268M(4096M) 0.113ms
[3176.358s][info][gc,cpu         ] GC(659) User=0.00s Sys=0.00s Real=0.00s
[3176.358s][info][gc,marking     ] GC(659) Concurrent Clear Claimed Marks
[3176.358s][info][gc,marking     ] GC(659) Concurrent Clear Claimed Marks 0.025ms
[3176.358s][info][gc,marking     ] GC(659) Concurrent Cleanup for Next Mark
[3176.362s][info][gc,marking     ] GC(659) Concurrent Cleanup for Next Mark 4.656ms
[3176.363s][info][gc             ] GC(659) Concurrent Mark Cycle 1220.500ms
..[3178.508s][info][gc,start       ] GC(660) Pause Young (Prepare Mixed) (G1 Evacuation Pause)
[3178.508s][info][gc,task        ] GC(660) Using 6 workers of 6 for evacuation
[3178.625s][info][gc,phases      ] GC(660)   Pre Evacuate Collection Set: 0.36ms
[3178.625s][info][gc,phases      ] GC(660)   Merge Heap Roots: 0.57ms
[3178.625s][info][gc,phases      ] GC(660)   Evacuate Collection Set: 115.17ms
[3178.625s][info][gc,phases      ] GC(660)   Post Evacuate Collection Set: 0.91ms
[3178.625s][info][gc,phases      ] GC(660)   Other: 0.09ms
[3178.625s][info][gc,heap        ] GC(660) Eden regions: 1119->0(1110)
[3178.625s][info][gc,heap        ] GC(660) Survivor regions: 109->109(154)
[3178.625s][info][gc,heap        ] GC(660) Old regions: 506->537
[3178.625s][info][gc,heap        ] GC(660) Humongous regions: 80->80
[3178.625s][info][gc,metaspace   ] GC(660) Metaspace: 28907K(29376K)->28907K(29376K) NonClass: 24037K(24256K)->24037K(24256K) Class: 4869K(5120K)->4869K(5120K)
[3178.625s][info][gc             ] GC(660) Pause Young (Prepare Mixed) (G1 Evacuation Pause) 3626M->1451M(4096M) 117.239ms
[3178.625s][info][gc,cpu         ] GC(660) User=0.70s Sys=0.00s Real=0.12s
... (rIR:aIR:PR = 5396:5395:5395) (tPR = 80433) [OK] 
  3180s: Performance info:
         Transaction,    Success,    Partial,     Failed,   Receipts, AvgBarcode, 
             Overall,     324466,          0,          0,     308240,      59.47, 
         Response times:
             Request,    Success,    Partial,     Failed,   SkipFail,     Probes,    Samples,      min,      p50,      p90,      p95,      p99,      max, 
       TotalPurchase,     308240,          0,          0,          0,     303116,     323316,      300,     4500,    11500,    29000,    82000,   177000,
     InStorePurchase,     162248,          0,          0,          0,     159797,     170139,      300,     4400,    11400,    29000,    82000,   164000,
      OnlinePurchase,     113528,          0,          0,          0,     111669,     119029,      300,     4500,    11400,    29000,    82000,   172000,
        InstPurchase,      32464,          0,          0,          0,      31650,      34148,      400,     5000,    12400,    31000,    88000,   177000,
          AssocOfCat,        324,          0,          0,          0,        238,        315,    25000,    36000,    56400,    72000,   147640,   191000,
      AssocOfProduct,       3249,          0,          0,          0,       2998,       3354,     1500,     4700,    13050,    32000,    83450,   155000,
      BusinessReport,        804,          0,          0,          0,        696,        875,    27000,    41000,    70000,    82400,   183480,   214000,
          CustBuyBeh,       3246,          0,          0,          0,       3034,       3439,      300,     4300,    11100,    31000,    78000,   132000,
       ProductReturn,       8603,          0,          0,          0,       8203,       9130,      600,     5200,    12800,    30450,    79000,   147000,

  3180s: (40%)   IR =   5535 .[3182.028s][info][gc,start       ] GC(661) Pause Young (Mixed) (G1 Evacuation Pause)
[3182.028s][info][gc,task        ] GC(661) Using 6 workers of 6 for evacuation
[3182.160s][info][gc,phases      ] GC(661)   Pre Evacuate Collection Set: 0.34ms
[3182.161s][info][gc,phases      ] GC(661)   Merge Heap Roots: 0.71ms
[3182.161s][info][gc,phases      ] GC(661)   Evacuate Collection Set: 130.08ms
[3182.161s][info][gc,phases      ] GC(661)   Post Evacuate Collection Set: 0.92ms
[3182.161s][info][gc,phases      ] GC(661)   Other: 0.09ms
[3182.161s][info][gc,heap        ] GC(661) Eden regions: 1110->0(1119)
[3182.161s][info][gc,heap        ] GC(661) Survivor regions: 109->109(153)
[3182.161s][info][gc,heap        ] GC(661) Old regions: 537->473
[3182.161s][info][gc,heap        ] GC(661) Humongous regions: 80->80
[3182.161s][info][gc,metaspace   ] GC(661) Metaspace: 28907K(29376K)->28907K(29376K) NonClass: 24037K(24256K)->24037K(24256K) Class: 4869K(5120K)->4869K(5120K)
[3182.161s][info][gc             ] GC(661) Pause Young (Mixed) (G1 Evacuation Pause) 3671M->1322M(4096M) 132.265ms
[3182.161s][info][gc,cpu         ] GC(661) User=0.79s Sys=0.00s Real=0.14s
...[3185.411s][info][gc,start       ] GC(662) Pause Young (Concurrent Start) (G1 Evacuation Pause)
[3185.411s][info][gc,task        ] GC(662) Using 6 workers of 6 for evacuation
[3185.529s][info][gc,phases      ] GC(662)   Pre Evacuate Collection Set: 0.35ms
[3185.529s][info][gc,phases      ] GC(662)   Merge Heap Roots: 0.52ms
[3185.529s][info][gc,phases      ] GC(662)   Evacuate Collection Set: 116.06ms
[3185.529s][info][gc,phases      ] GC(662)   Post Evacuate Collection Set: 0.85ms
[3185.529s][info][gc,phases      ] GC(662)   Other: 0.14ms
[3185.529s][info][gc,heap        ] GC(662) Eden regions: 1119->0(1118)
[3185.529s][info][gc,heap        ] GC(662) Survivor regions: 109->110(154)
[3185.529s][info][gc,heap        ] GC(662) Old regions: 473->505
[3185.529s][info][gc,heap        ] GC(662) Humongous regions: 80->80
[3185.529s][info][gc,metaspace   ] GC(662) Metaspace: 28907K(29376K)->28907K(29376K) NonClass: 24037K(24256K)->24037K(24256K) Class: 4869K(5120K)->4869K(5120K)
[3185.529s][info][gc             ] GC(662) Pause Young (Concurrent Start) (G1 Evacuation Pause) 3560M->1388M(4096M) 118.060ms
[3185.529s][info][gc             ] GC(663) Concurrent Mark Cycle
[3185.529s][info][gc,marking     ] GC(663) Concurrent Scan Root Regions
[3185.529s][info][gc,cpu         ] GC(662) User=0.71s Sys=0.00s Real=0.12s
[3185.674s][info][gc,marking     ] GC(663) Concurrent Scan Root Regions 144.757ms
[3185.674s][info][gc,marking     ] GC(663) Concurrent Mark
[3185.674s][info][gc,marking     ] GC(663) Concurrent Mark From Roots
[3185.674s][info][gc,task        ] GC(663) Using 2 workers of 2 for marking
.[3186.346s][info][gc,marking     ] GC(663) Concurrent Mark From Roots 672.280ms
[3186.347s][info][gc,marking     ] GC(663) Concurrent Preclean
[3186.347s][info][gc,marking     ] GC(663) Concurrent Preclean 0.273ms
[3186.349s][info][gc,start       ] GC(663) Pause Remark
[3186.355s][info][gc             ] GC(663) Pause Remark 1988M->1988M(4096M) 5.583ms
[3186.355s][info][gc,cpu         ] GC(663) User=0.03s Sys=0.00s Real=0.01s
[3186.355s][info][gc,marking     ] GC(663) Concurrent Mark 680.634ms
[3186.355s][info][gc,marking     ] GC(663) Concurrent Rebuild Remembered Sets and Scrub Regions
[3186.613s][info][gc,marking     ] GC(663) Concurrent Rebuild Remembered Sets and Scrub Regions 257.809ms
[3186.613s][info][gc,start       ] GC(663) Pause Cleanup
[3186.613s][info][gc             ] GC(663) Pause Cleanup 2193M->2193M(4096M) 0.115ms
[3186.613s][info][gc,cpu         ] GC(663) User=0.00s Sys=0.00s Real=0.00s
[3186.613s][info][gc,marking     ] GC(663) Concurrent Clear Claimed Marks
[3186.613s][info][gc,marking     ] GC(663) Concurrent Clear Claimed Marks 0.028ms
[3186.613s][info][gc,marking     ] GC(663) Concurrent Cleanup for Next Mark
[3186.618s][info][gc,marking     ] GC(663) Concurrent Cleanup for Next Mark 5.396ms
[3186.619s][info][gc             ] GC(663) Concurrent Mark Cycle 1089.169ms
.|.[3188.870s][info][gc,start       ] GC(664) Pause Young (Prepare Mixed) (G1 Evacuation Pause)
[3188.870s][info][gc,task        ] GC(664) Using 6 workers of 6 for evacuation
[3188.992s][info][gc,phases      ] GC(664)   Pre Evacuate Collection Set: 0.29ms
[3188.992s][info][gc,phases      ] GC(664)   Merge Heap Roots: 0.53ms
[3188.992s][info][gc,phases      ] GC(664)   Evacuate Collection Set: 119.84ms
[3188.992s][info][gc,phases      ] GC(664)   Post Evacuate Collection Set: 0.88ms
[3188.992s][info][gc,phases      ] GC(664)   Other: 0.08ms
[3188.992s][info][gc,heap        ] GC(664) Eden regions: 1118->0(1100)
[3188.992s][info][gc,heap        ] GC(664) Survivor regions: 110->114(154)
[3188.992s][info][gc,heap        ] GC(664) Old regions: 505->537
[3188.992s][info][gc,heap        ] GC(664) Humongous regions: 80->80
[3188.992s][info][gc,metaspace   ] GC(664) Metaspace: 28907K(29376K)->28907K(29376K) NonClass: 24037K(24256K)->24037K(24256K) Class: 4869K(5120K)->4869K(5120K)
[3188.992s][info][gc             ] GC(664) Pause Young (Prepare Mixed) (G1 Evacuation Pause) 3624M->1460M(4096M) 121.747ms
[3188.992s][info][gc,cpu         ] GC(664) User=0.73s Sys=0.00s Real=0.12s
....[3192.233s][info][gc,start       ] GC(665) Pause Young (Mixed) (G1 Evacuation Pause)
[3192.233s][info][gc,task        ] GC(665) Using 6 workers of 6 for evacuation
[3192.367s][info][gc,phases      ] GC(665)   Pre Evacuate Collection Set: 0.37ms
[3192.367s][info][gc,phases      ] GC(665)   Merge Heap Roots: 0.63ms
[3192.367s][info][gc,phases      ] GC(665)   Evacuate Collection Set: 131.75ms
[3192.367s][info][gc,phases      ] GC(665)   Post Evacuate Collection Set: 0.96ms
[3192.367s][info][gc,phases      ] GC(665)   Other: 0.09ms
[3192.367s][info][gc,heap        ] GC(665) Eden regions: 1100->0(1118)
[3192.367s][info][gc,heap        ] GC(665) Survivor regions: 114->110(152)
[3192.367s][info][gc,heap        ] GC(665) Old regions: 537->471
[3192.367s][info][gc,heap        ] GC(665) Humongous regions: 80->80
[3192.367s][info][gc,metaspace   ] GC(665) Metaspace: 28907K(29376K)->28907K(29376K) NonClass: 24037K(24256K)->24037K(24256K) Class: 4869K(5120K)->4869K(5120K)
[3192.367s][info][gc             ] GC(665) Pause Young (Mixed) (G1 Evacuation Pause) 3660M->1320M(4096M) 133.932ms
[3192.367s][info][gc,cpu         ] GC(665) User=0.80s Sys=0.00s Real=0.13s
...[3195.666s][info][gc,start       ] GC(666) Pause Young (Concurrent Start) (G1 Evacuation Pause)
[3195.666s][info][gc,task        ] GC(666) Using 6 workers of 6 for evacuation
[3195.784s][info][gc,phases      ] GC(666)   Pre Evacuate Collection Set: 0.34ms
[3195.784s][info][gc,phases      ] GC(666)   Merge Heap Roots: 0.56ms
[3195.784s][info][gc,phases      ] GC(666)   Evacuate Collection Set: 116.90ms
[3195.784s][info][gc,phases      ] GC(666)   Post Evacuate Collection Set: 0.86ms
[3195.784s][info][gc,phases      ] GC(666)   Other: 0.11ms
[3195.784s][info][gc,heap        ] GC(666) Eden regions: 1118->0(1119)
[3195.784s][info][gc,heap        ] GC(666) Survivor regions: 110->109(154)
[3195.784s][info][gc,heap        ] GC(666) Old regions: 471->503
[3195.784s][info][gc,heap        ] GC(666) Humongous regions: 80->80
[3195.785s][info][gc,metaspace   ] GC(666) Metaspace: 28907K(29376K)->28907K(29376K) NonClass: 24037K(24256K)->24037K(24256K) Class: 4869K(5120K)->4869K(5120K)
[3195.785s][info][gc             ] GC(666) Pause Young (Concurrent Start) (G1 Evacuation Pause) 3556M->1382M(4096M) 118.913ms
[3195.785s][info][gc             ] GC(667) Concurrent Mark Cycle
[3195.785s][info][gc,marking     ] GC(667) Concurrent Scan Root Regions
[3195.785s][info][gc,cpu         ] GC(666) User=0.70s Sys=0.00s Real=0.12s
[3195.931s][info][gc,marking     ] GC(667) Concurrent Scan Root Regions 146.107ms
[3195.931s][info][gc,marking     ] GC(667) Concurrent Mark
[3195.931s][info][gc,marking     ] GC(667) Concurrent Mark From Roots
[3195.931s][info][gc,task        ] GC(667) Using 2 workers of 2 for marking
.[3196.637s][info][gc,marking     ] GC(667) Concurrent Mark From Roots 706.629ms
[3196.637s][info][gc,marking     ] GC(667) Concurrent Preclean
[3196.637s][info][gc,marking     ] GC(667) Concurrent Preclean 0.068ms
[3196.638s][info][gc,start       ] GC(667) Pause Remark
[3196.643s][info][gc             ] GC(667) Pause Remark 2052M->2052M(4096M) 5.390ms
[3196.643s][info][gc,cpu         ] GC(667) User=0.03s Sys=0.00s Real=0.01s
[3196.645s][info][gc,marking     ] GC(667) Concurrent Mark 713.876ms
[3196.645s][info][gc,marking     ] GC(667) Concurrent Rebuild Remembered Sets and Scrub Regions
.[3197.008s][info][gc,marking     ] GC(667) Concurrent Rebuild Remembered Sets and Scrub Regions 363.240ms
[3197.008s][info][gc,start       ] GC(667) Pause Cleanup
[3197.008s][info][gc             ] GC(667) Pause Cleanup 2274M->2274M(4096M) 0.107ms
[3197.008s][info][gc,cpu         ] GC(667) User=0.00s Sys=0.00s Real=0.00s
[3197.008s][info][gc,marking     ] GC(667) Concurrent Clear Claimed Marks
[3197.008s][info][gc,marking     ] GC(667) Concurrent Clear Claimed Marks 0.032ms
[3197.008s][info][gc,marking     ] GC(667) Concurrent Cleanup for Next Mark
[3197.013s][info][gc,marking     ] GC(667) Concurrent Cleanup for Next Mark 4.895ms
[3197.013s][info][gc             ] GC(667) Concurrent Mark Cycle 1228.881ms
..[3199.117s][info][gc,start       ] GC(668) Pause Young (Prepare Mixed) (G1 Evacuation Pause)
[3199.117s][info][gc,task        ] GC(668) Using 6 workers of 6 for evacuation
[3199.237s][info][gc,phases      ] GC(668)   Pre Evacuate Collection Set: 0.34ms
[3199.237s][info][gc,phases      ] GC(668)   Merge Heap Roots: 0.58ms
[3199.237s][info][gc,phases      ] GC(668)   Evacuate Collection Set: 118.13ms
[3199.237s][info][gc,phases      ] GC(668)   Post Evacuate Collection Set: 0.91ms
[3199.237s][info][gc,phases      ] GC(668)   Other: 0.08ms
[3199.237s][info][gc,heap        ] GC(668) Eden regions: 1119->0(1107)
[3199.237s][info][gc,heap        ] GC(668) Survivor regions: 109->112(154)
[3199.237s][info][gc,heap        ] GC(668) Old regions: 503->534
[3199.237s][info][gc,heap        ] GC(668) Humongous regions: 80->80
[3199.237s][info][gc,metaspace   ] GC(668) Metaspace: 28907K(29376K)->28907K(29376K) NonClass: 24037K(24256K)->24037K(24256K) Class: 4869K(5120K)->4869K(5120K)
[3199.237s][info][gc             ] GC(668) Pause Young (Prepare Mixed) (G1 Evacuation Pause) 3620M->1450M(4096M) 120.165ms
[3199.237s][info][gc,cpu         ] GC(668) User=0.72s Sys=0.00s Real=0.12s
...[3202.481s][info][gc,start       ] GC(669) Pause Young (Mixed) (G1 Evacuation Pause)
[3202.481s][info][gc,task        ] GC(669) Using 6 workers of 6 for evacuation
[3202.621s][info][gc,phases      ] GC(669)   Pre Evacuate Collection Set: 0.35ms
[3202.621s][info][gc,phases      ] GC(669)   Merge Heap Roots: 0.79ms
[3202.621s][info][gc,phases      ] GC(669)   Evacuate Collection Set: 138.32ms
[3202.621s][info][gc,phases      ] GC(669)   Post Evacuate Collection Set: 0.92ms
[3202.621s][info][gc,phases      ] GC(669)   Other: 0.09ms
[3202.621s][info][gc,heap        ] GC(669) Eden regions: 1107->0(1114)
[3202.621s][info][gc,heap        ] GC(669) Survivor regions: 112->114(153)
[3202.621s][info][gc,heap        ] GC(669) Old regions: 534->472
[3202.621s][info][gc,heap        ] GC(669) Humongous regions: 80->80
[3202.621s][info][gc,metaspace   ] GC(669) Metaspace: 28907K(29376K)->28907K(29376K) NonClass: 24037K(24256K)->24037K(24256K) Class: 4869K(5120K)->4869K(5120K)
[3202.621s][info][gc             ] GC(669) Pause Young (Mixed) (G1 Evacuation Pause) 3664M->1331M(4096M) 140.612ms
[3202.621s][info][gc,cpu         ] GC(669) User=0.84s Sys=0.00s Real=0.14s
...[3205.768s][info][gc,start       ] GC(670) Pause Young (Concurrent Start) (G1 Evacuation Pause)
[3205.768s][info][gc,task        ] GC(670) Using 6 workers of 6 for evacuation
[3205.887s][info][gc,phases      ] GC(670)   Pre Evacuate Collection Set: 0.35ms
[3205.888s][info][gc,phases      ] GC(670)   Merge Heap Roots: 0.49ms
[3205.888s][info][gc,phases      ] GC(670)   Evacuate Collection Set: 117.49ms
[3205.888s][info][gc,phases      ] GC(670)   Post Evacuate Collection Set: 0.89ms
[3205.888s][info][gc,phases      ] GC(670)   Other: 0.11ms
[3205.888s][info][gc,heap        ] GC(670) Eden regions: 1114->0(1119)
[3205.888s][info][gc,heap        ] GC(670) Survivor regions: 114->109(154)
[3205.888s][info][gc,heap        ] GC(670) Old regions: 472->506
[3205.888s][info][gc,heap        ] GC(670) Humongous regions: 80->80
[3205.888s][info][gc,metaspace   ] GC(670) Metaspace: 28907K(29376K)->28907K(29376K) NonClass: 24037K(24256K)->24037K(24256K) Class: 4869K(5120K)->4869K(5120K)
[3205.888s][info][gc             ] GC(670) Pause Young (Concurrent Start) (G1 Evacuation Pause) 3559M->1388M(4096M) 119.454ms
[3205.888s][info][gc             ] GC(671) Concurrent Mark Cycle
[3205.888s][info][gc,marking     ] GC(671) Concurrent Scan Root Regions
[3205.888s][info][gc,cpu         ] GC(670) User=0.71s Sys=0.00s Real=0.12s
.[3206.025s][info][gc,marking     ] GC(671) Concurrent Scan Root Regions 137.157ms
[3206.025s][info][gc,marking     ] GC(671) Concurrent Mark
[3206.025s][info][gc,marking     ] GC(671) Concurrent Mark From Roots
[3206.025s][info][gc,task        ] GC(671) Using 2 workers of 2 for marking
[3206.583s][info][gc,marking     ] GC(671) Concurrent Mark From Roots 557.712ms
[3206.583s][info][gc,marking     ] GC(671) Concurrent Preclean
[3206.583s][info][gc,marking     ] GC(671) Concurrent Preclean 0.232ms
[3206.583s][info][gc,start       ] GC(671) Pause Remark
[3206.588s][info][gc             ] GC(671) Pause Remark 1844M->1844M(4096M) 4.788ms
[3206.588s][info][gc,cpu         ] GC(671) User=0.02s Sys=0.00s Real=0.00s
[3206.588s][info][gc,marking     ] GC(671) Concurrent Mark 563.001ms
[3206.588s][info][gc,marking     ] GC(671) Concurrent Rebuild Remembered Sets and Scrub Regions
[3206.853s][info][gc,marking     ] GC(671) Concurrent Rebuild Remembered Sets and Scrub Regions 264.979ms
[3206.853s][info][gc,start       ] GC(671) Pause Cleanup
[3206.853s][info][gc             ] GC(671) Pause Cleanup 2042M->2042M(4096M) 0.114ms
[3206.853s][info][gc,cpu         ] GC(671) User=0.00s Sys=0.00s Real=0.00s
[3206.853s][info][gc,marking     ] GC(671) Concurrent Clear Claimed Marks
[3206.853s][info][gc,marking     ] GC(671) Concurrent Clear Claimed Marks 0.026ms
[3206.853s][info][gc,marking     ] GC(671) Concurrent Cleanup for Next Mark
[3206.859s][info][gc,marking     ] GC(671) Concurrent Cleanup for Next Mark 5.995ms
[3206.859s][info][gc             ] GC(671) Concurrent Mark Cycle 971.689ms
...[3209.263s][info][gc,start       ] GC(672) Pause Young (Prepare Mixed) (G1 Evacuation Pause)
[3209.264s][info][gc,task        ] GC(672) Using 6 workers of 6 for evacuation
[3209.383s][info][gc,phases      ] GC(672)   Pre Evacuate Collection Set: 0.30ms
[3209.383s][info][gc,phases      ] GC(672)   Merge Heap Roots: 0.60ms
[3209.383s][info][gc,phases      ] GC(672)   Evacuate Collection Set: 117.93ms
[3209.383s][info][gc,phases      ] GC(672)   Post Evacuate Collection Set: 0.92ms
[3209.383s][info][gc,phases      ] GC(672)   Other: 0.08ms
[3209.383s][info][gc,heap        ] GC(672) Eden regions: 1119->0(1112)
[3209.383s][info][gc,heap        ] GC(672) Survivor regions: 109->108(154)
[3209.383s][info][gc,heap        ] GC(672) Old regions: 506->537
[3209.383s][info][gc,heap        ] GC(672) Humongous regions: 80->80
[3209.383s][info][gc,metaspace   ] GC(672) Metaspace: 28907K(29376K)->28907K(29376K) NonClass: 24037K(24256K)->24037K(24256K) Class: 4869K(5120K)->4869K(5120K)
[3209.383s][info][gc             ] GC(672) Pause Young (Prepare Mixed) (G1 Evacuation Pause) 3626M->1449M(4096M) 119.972ms
[3209.383s][info][gc,cpu         ] GC(672) User=0.71s Sys=0.00s Real=0.12s
...[3212.650s][info][gc,start       ] GC(673) Pause Young (Mixed) (G1 Evacuation Pause)
[3212.650s][info][gc,task        ] GC(673) Using 6 workers of 6 for evacuation
[3212.787s][info][gc,phases      ] GC(673)   Pre Evacuate Collection Set: 0.38ms
[3212.787s][info][gc,phases      ] GC(673)   Merge Heap Roots: 0.77ms
[3212.787s][info][gc,phases      ] GC(673)   Evacuate Collection Set: 135.03ms
[3212.787s][info][gc,phases      ] GC(673)   Post Evacuate Collection Set: 0.91ms
[3212.787s][info][gc,phases      ] GC(673)   Other: 0.11ms
[3212.788s][info][gc,heap        ] GC(673) Eden regions: 1112->0(1115)
[3212.788s][info][gc,heap        ] GC(673) Survivor regions: 108->113(153)
[3212.788s][info][gc,heap        ] GC(673) Old regions: 537->476
[3212.788s][info][gc,heap        ] GC(673) Humongous regions: 80->80
[3212.788s][info][gc,metaspace   ] GC(673) Metaspace: 28907K(29376K)->28907K(29376K) NonClass: 24037K(24256K)->24037K(24256K) Class: 4869K(5120K)->4869K(5120K)
[3212.788s][info][gc             ] GC(673) Pause Young (Mixed) (G1 Evacuation Pause) 3673M->1336M(4096M) 137.336ms
[3212.788s][info][gc,cpu         ] GC(673) User=0.82s Sys=0.00s Real=0.13s
....[3216.068s][info][gc,start       ] GC(674) Pause Young (Concurrent Start) (G1 Evacuation Pause)
[3216.068s][info][gc,task        ] GC(674) Using 6 workers of 6 for evacuation
[3216.185s][info][gc,phases      ] GC(674)   Pre Evacuate Collection Set: 0.40ms
[3216.185s][info][gc,phases      ] GC(674)   Merge Heap Roots: 0.49ms
[3216.185s][info][gc,phases      ] GC(674)   Evacuate Collection Set: 114.35ms
[3216.185s][info][gc,phases      ] GC(674)   Post Evacuate Collection Set: 0.87ms
[3216.185s][info][gc,phases      ] GC(674)   Other: 0.12ms
[3216.185s][info][gc,heap        ] GC(674) Eden regions: 1115->0(1121)
[3216.185s][info][gc,heap        ] GC(674) Survivor regions: 113->107(154)
[3216.185s][info][gc,heap        ] GC(674) Old regions: 476->508
[3216.185s][info][gc,heap        ] GC(674) Humongous regions: 80->80
[3216.185s][info][gc,metaspace   ] GC(674) Metaspace: 28907K(29376K)->28907K(29376K) NonClass: 24037K(24256K)->24037K(24256K) Class: 4869K(5120K)->4869K(5120K)
[3216.185s][info][gc             ] GC(674) Pause Young (Concurrent Start) (G1 Evacuation Pause) 3566M->1389M(4096M) 116.366ms
[3216.185s][info][gc             ] GC(675) Concurrent Mark Cycle
[3216.185s][info][gc,marking     ] GC(675) Concurrent Scan Root Regions
[3216.185s][info][gc,cpu         ] GC(674) User=0.69s Sys=0.00s Real=0.12s
[3216.365s][info][gc,marking     ] GC(675) Concurrent Scan Root Regions 180.367ms
[3216.365s][info][gc,marking     ] GC(675) Concurrent Mark
[3216.365s][info][gc,marking     ] GC(675) Concurrent Mark From Roots
[3216.365s][info][gc,task        ] GC(675) Using 2 workers of 2 for marking
[3217.020s][info][gc,marking     ] GC(675) Concurrent Mark From Roots 654.606ms
[3217.020s][info][gc,marking     ] GC(675) Concurrent Preclean
[3217.020s][info][gc,marking     ] GC(675) Concurrent Preclean 0.214ms
[3217.022s][info][gc,start       ] GC(675) Pause Remark
[3217.027s][info][gc             ] GC(675) Pause Remark 1981M->1981M(4096M) 4.683ms
[3217.027s][info][gc,cpu         ] GC(675) User=0.02s Sys=0.00s Real=0.00s
[3217.027s][info][gc,marking     ] GC(675) Concurrent Mark 661.505ms
[3217.027s][info][gc,marking     ] GC(675) Concurrent Rebuild Remembered Sets and Scrub Regions
.[3217.313s][info][gc,marking     ] GC(675) Concurrent Rebuild Remembered Sets and Scrub Regions 286.169ms
[3217.313s][info][gc,start       ] GC(675) Pause Cleanup
[3217.313s][info][gc             ] GC(675) Pause Cleanup 2171M->2171M(4096M) 0.119ms
[3217.313s][info][gc,cpu         ] GC(675) User=0.00s Sys=0.00s Real=0.00s
[3217.313s][info][gc,marking     ] GC(675) Concurrent Clear Claimed Marks
[3217.313s][info][gc,marking     ] GC(675) Concurrent Clear Claimed Marks 0.033ms
[3217.313s][info][gc,marking     ] GC(675) Concurrent Cleanup for Next Mark
[3217.317s][info][gc,marking     ] GC(675) Concurrent Cleanup for Next Mark 3.897ms
[3217.317s][info][gc             ] GC(675) Concurrent Mark Cycle 1132.514ms
..[3219.512s][info][gc,start       ] GC(676) Pause Young (Prepare Mixed) (G1 Evacuation Pause)
[3219.512s][info][gc,task        ] GC(676) Using 6 workers of 6 for evacuation
[3219.634s][info][gc,phases      ] GC(676)   Pre Evacuate Collection Set: 0.35ms
[3219.634s][info][gc,phases      ] GC(676)   Merge Heap Roots: 0.59ms
[3219.634s][info][gc,phases      ] GC(676)   Evacuate Collection Set: 119.41ms
[3219.634s][info][gc,phases      ] GC(676)   Post Evacuate Collection Set: 0.92ms
[3219.634s][info][gc,phases      ] GC(676)   Other: 0.09ms
[3219.634s][info][gc,heap        ] GC(676) Eden regions: 1121->0(1101)
[3219.634s][info][gc,heap        ] GC(676) Survivor regions: 107->112(154)
[3219.634s][info][gc,heap        ] GC(676) Old regions: 508->540
[3219.634s][info][gc,heap        ] GC(676) Humongous regions: 80->80
[3219.634s][info][gc,metaspace   ] GC(676) Metaspace: 28907K(29376K)->28907K(29376K) NonClass: 24037K(24256K)->24037K(24256K) Class: 4869K(5120K)->4869K(5120K)
[3219.634s][info][gc             ] GC(676) Pause Young (Prepare Mixed) (G1 Evacuation Pause) 3631M->1462M(4096M) 121.496ms
[3219.634s][info][gc,cpu         ] GC(676) User=0.72s Sys=0.00s Real=0.12s
...[3222.893s][info][gc,start       ] GC(677) Pause Young (Mixed) (G1 Evacuation Pause)
[3222.893s][info][gc,task        ] GC(677) Using 6 workers of 6 for evacuation
[3223.031s][info][gc,phases      ] GC(677)   Pre Evacuate Collection Set: 0.34ms
[3223.031s][info][gc,phases      ] GC(677)   Merge Heap Roots: 0.78ms
[3223.031s][info][gc,phases      ] GC(677)   Evacuate Collection Set: 135.74ms
[3223.031s][info][gc,phases      ] GC(677)   Post Evacuate Collection Set: 0.93ms
[3223.031s][info][gc,phases      ] GC(677)   Other: 0.09ms
[3223.031s][info][gc,heap        ] GC(677) Eden regions: 1101->0(1116)
[3223.031s][info][gc,heap        ] GC(677) Survivor regions: 112->112(152)
[3223.031s][info][gc,heap        ] GC(677) Old regions: 540->473
[3223.031s][info][gc,heap        ] GC(677) Humongous regions: 80->80
[3223.031s][info][gc,metaspace   ] GC(677) Metaspace: 28907K(29376K)->28907K(29376K) NonClass: 24037K(24256K)->24037K(24256K) Class: 4869K(5120K)->4869K(5120K)
[3223.031s][info][gc             ] GC(677) Pause Young (Mixed) (G1 Evacuation Pause) 3664M->1328M(4096M) 138.027ms
[3223.031s][info][gc,cpu         ] GC(677) User=0.82s Sys=0.00s Real=0.14s
....[3226.330s][info][gc,start       ] GC(678) Pause Young (Concurrent Start) (G1 Evacuation Pause)
[3226.330s][info][gc,task        ] GC(678) Using 6 workers of 6 for evacuation
[3226.449s][info][gc,phases      ] GC(678)   Pre Evacuate Collection Set: 0.36ms
[3226.449s][info][gc,phases      ] GC(678)   Merge Heap Roots: 0.48ms
[3226.449s][info][gc,phases      ] GC(678)   Evacuate Collection Set: 116.30ms
[3226.449s][info][gc,phases      ] GC(678)   Post Evacuate Collection Set: 0.88ms
[3226.449s][info][gc,phases      ] GC(678)   Other: 0.10ms
[3226.449s][info][gc,heap        ] GC(678) Eden regions: 1116->0(1118)
[3226.449s][info][gc,heap        ] GC(678) Survivor regions: 112->110(154)
[3226.449s][info][gc,heap        ] GC(678) Old regions: 473->505
[3226.449s][info][gc,heap        ] GC(678) Humongous regions: 80->80
[3226.449s][info][gc,metaspace   ] GC(678) Metaspace: 28907K(29376K)->28907K(29376K) NonClass: 24037K(24256K)->24037K(24256K) Class: 4869K(5120K)->4869K(5120K)
[3226.449s][info][gc             ] GC(678) Pause Young (Concurrent Start) (G1 Evacuation Pause) 3560M->1387M(4096M) 118.270ms
[3226.449s][info][gc             ] GC(679) Concurrent Mark Cycle
[3226.449s][info][gc,marking     ] GC(679) Concurrent Scan Root Regions
[3226.449s][info][gc,cpu         ] GC(678) User=0.70s Sys=0.00s Real=0.11s
[3226.678s][info][gc,marking     ] GC(679) Concurrent Scan Root Regions 229.619ms
[3226.678s][info][gc,marking     ] GC(679) Concurrent Mark
[3226.678s][info][gc,marking     ] GC(679) Concurrent Mark From Roots
[3226.678s][info][gc,task        ] GC(679) Using 2 workers of 2 for marking
.[3227.482s][info][gc,marking     ] GC(679) Concurrent Mark From Roots 803.931ms
[3227.482s][info][gc,marking     ] GC(679) Concurrent Preclean
[3227.483s][info][gc,marking     ] GC(679) Concurrent Preclean 0.198ms
[3227.483s][info][gc,start       ] GC(679) Pause Remark
[3227.489s][info][gc             ] GC(679) Pause Remark 2145M->2145M(4096M) 5.889ms
[3227.489s][info][gc,cpu         ] GC(679) User=0.03s Sys=0.00s Real=0.00s
[3227.490s][info][gc,marking     ] GC(679) Concurrent Mark 811.470ms
[3227.490s][info][gc,marking     ] GC(679) Concurrent Rebuild Remembered Sets and Scrub Regions
[3227.767s][info][gc,marking     ] GC(679) Concurrent Rebuild Remembered Sets and Scrub Regions 277.191ms
[3227.767s][info][gc,start       ] GC(679) Pause Cleanup
[3227.767s][info][gc             ] GC(679) Pause Cleanup 2343M->2343M(4096M) 0.106ms
[3227.767s][info][gc,cpu         ] GC(679) User=0.00s Sys=0.00s Real=0.00s
[3227.768s][info][gc,marking     ] GC(679) Concurrent Clear Claimed Marks
[3227.768s][info][gc,marking     ] GC(679) Concurrent Clear Claimed Marks 0.034ms
[3227.768s][info][gc,marking     ] GC(679) Concurrent Cleanup for Next Mark
[3227.773s][info][gc,marking     ] GC(679) Concurrent Cleanup for Next Mark 5.393ms
[3227.773s][info][gc             ] GC(679) Concurrent Mark Cycle 1324.660ms
..[3229.710s][info][gc,start       ] GC(680) Pause Young (Prepare Mixed) (G1 Evacuation Pause)
[3229.710s][info][gc,task        ] GC(680) Using 6 workers of 6 for evacuation
[3229.829s][info][gc,phases      ] GC(680)   Pre Evacuate Collection Set: 0.33ms
[3229.829s][info][gc,phases      ] GC(680)   Merge Heap Roots: 0.52ms
[3229.829s][info][gc,phases      ] GC(680)   Evacuate Collection Set: 116.87ms
[3229.829s][info][gc,phases      ] GC(680)   Post Evacuate Collection Set: 0.93ms
[3229.829s][info][gc,phases      ] GC(680)   Other: 0.09ms
[3229.829s][info][gc,heap        ] GC(680) Eden regions: 1118->0(1108)
[3229.829s][info][gc,heap        ] GC(680) Survivor regions: 110->110(154)
[3229.829s][info][gc,heap        ] GC(680) Old regions: 505->537
[3229.829s][info][gc,heap        ] GC(680) Humongous regions: 80->80
[3229.829s][info][gc,metaspace   ] GC(680) Metaspace: 28907K(29376K)->28907K(29376K) NonClass: 24037K(24256K)->24037K(24256K) Class: 4869K(5120K)->4869K(5120K)
[3229.829s][info][gc             ] GC(680) Pause Young (Prepare Mixed) (G1 Evacuation Pause) 3623M->1452M(4096M) 118.879ms
[3229.829s][info][gc,cpu         ] GC(680) User=0.71s Sys=0.00s Real=0.11s
....[3233.106s][info][gc,start       ] GC(681) Pause Young (Mixed) (G1 Evacuation Pause)
[3233.106s][info][gc,task        ] GC(681) Using 6 workers of 6 for evacuation
[3233.241s][info][gc,phases      ] GC(681)   Pre Evacuate Collection Set: 0.38ms
[3233.241s][info][gc,phases      ] GC(681)   Merge Heap Roots: 0.81ms
[3233.241s][info][gc,phases      ] GC(681)   Evacuate Collection Set: 132.13ms
[3233.241s][info][gc,phases      ] GC(681)   Post Evacuate Collection Set: 0.92ms
[3233.241s][info][gc,phases      ] GC(681)   Other: 0.09ms
[3233.241s][info][gc,heap        ] GC(681) Eden regions: 1108->0(1120)
[3233.241s][info][gc,heap        ] GC(681) Survivor regions: 110->108(153)
[3233.241s][info][gc,heap        ] GC(681) Old regions: 537->474
[3233.241s][info][gc,heap        ] GC(681) Humongous regions: 80->80
[3233.241s][info][gc,metaspace   ] GC(681) Metaspace: 28907K(29376K)->28907K(29376K) NonClass: 24037K(24256K)->24037K(24256K) Class: 4869K(5120K)->4869K(5120K)
[3233.241s][info][gc             ] GC(681) Pause Young (Mixed) (G1 Evacuation Pause) 3668M->1321M(4096M) 134.441ms
[3233.241s][info][gc,cpu         ] GC(681) User=0.80s Sys=0.00s Real=0.14s
...[3236.541s][info][gc,start       ] GC(682) Pause Young (Concurrent Start) (G1 Evacuation Pause)
[3236.541s][info][gc,task        ] GC(682) Using 6 workers of 6 for evacuation
[3236.660s][info][gc,phases      ] GC(682)   Pre Evacuate Collection Set: 0.39ms
[3236.660s][info][gc,phases      ] GC(682)   Merge Heap Roots: 0.56ms
[3236.660s][info][gc,phases      ] GC(682)   Evacuate Collection Set: 116.35ms
[3236.660s][info][gc,phases      ] GC(682)   Post Evacuate Collection Set: 0.89ms
[3236.660s][info][gc,phases      ] GC(682)   Other: 0.13ms
[3236.660s][info][gc,heap        ] GC(682) Eden regions: 1120->0(1119)
[3236.660s][info][gc,heap        ] GC(682) Survivor regions: 108->109(154)
[3236.660s][info][gc,heap        ] GC(682) Old regions: 474->505
[3236.660s][info][gc,heap        ] GC(682) Humongous regions: 80->80
[3236.660s][info][gc,metaspace   ] GC(682) Metaspace: 28907K(29376K)->28907K(29376K) NonClass: 24037K(24256K)->24037K(24256K) Class: 4869K(5120K)->4869K(5120K)
[3236.660s][info][gc             ] GC(682) Pause Young (Concurrent Start) (G1 Evacuation Pause) 3561M->1387M(4096M) 118.451ms
[3236.660s][info][gc             ] GC(683) Concurrent Mark Cycle
[3236.660s][info][gc,marking     ] GC(683) Concurrent Scan Root Regions
[3236.660s][info][gc,cpu         ] GC(682) User=0.70s Sys=0.00s Real=0.12s
[3236.836s][info][gc,marking     ] GC(683) Concurrent Scan Root Regions 176.287ms
[3236.836s][info][gc,marking     ] GC(683) Concurrent Mark
[3236.836s][info][gc,marking     ] GC(683) Concurrent Mark From Roots
[3236.836s][info][gc,task        ] GC(683) Using 2 workers of 2 for marking
.[3237.826s][info][gc,marking     ] GC(683) Concurrent Mark From Roots 990.303ms
[3237.827s][info][gc,marking     ] GC(683) Concurrent Preclean
[3237.827s][info][gc,marking     ] GC(683) Concurrent Preclean 0.080ms
[3237.827s][info][gc,start       ] GC(683) Pause Remark
[3237.833s][info][gc             ] GC(683) Pause Remark 2214M->2214M(4096M) 6.010ms
[3237.833s][info][gc,cpu         ] GC(683) User=0.04s Sys=0.00s Real=0.01s
[3237.833s][info][gc,marking     ] GC(683) Concurrent Mark 996.640ms
[3237.833s][info][gc,marking     ] GC(683) Concurrent Rebuild Remembered Sets and Scrub Regions
.[3238.184s][info][gc,marking     ] GC(683) Concurrent Rebuild Remembered Sets and Scrub Regions 351.061ms
[3238.185s][info][gc,start       ] GC(683) Pause Cleanup
[3238.185s][info][gc             ] GC(683) Pause Cleanup 2415M->2415M(4096M) 0.117ms
[3238.185s][info][gc,cpu         ] GC(683) User=0.00s Sys=0.00s Real=0.00s
[3238.185s][info][gc,marking     ] GC(683) Concurrent Clear Claimed Marks
[3238.185s][info][gc,marking     ] GC(683) Concurrent Clear Claimed Marks 0.040ms
[3238.185s][info][gc,marking     ] GC(683) Concurrent Cleanup for Next Mark
[3238.189s][info][gc,marking     ] GC(683) Concurrent Cleanup for Next Mark 3.612ms
[3238.189s][info][gc             ] GC(683) Concurrent Mark Cycle 1529.039ms
.[3239.985s][info][gc,start       ] GC(684) Pause Young (Prepare Mixed) (G1 Evacuation Pause)
[3239.985s][info][gc,task        ] GC(684) Using 6 workers of 6 for evacuation
[3240.103s][info][gc,phases      ] GC(684)   Pre Evacuate Collection Set: 0.35ms
[3240.103s][info][gc,phases      ] GC(684)   Merge Heap Roots: 0.54ms
[3240.103s][info][gc,phases      ] GC(684)   Evacuate Collection Set: 116.21ms
[3240.103s][info][gc,phases      ] GC(684)   Post Evacuate Collection Set: 0.93ms
[3240.103s][info][gc,phases      ] GC(684)   Other: 0.09ms
[3240.103s][info][gc,heap        ] GC(684) Eden regions: 1119->0(1108)
[3240.103s][info][gc,heap        ] GC(684) Survivor regions: 109->110(154)
[3240.103s][info][gc,heap        ] GC(684) Old regions: 505->537
[3240.103s][info][gc,heap        ] GC(684) Humongous regions: 80->80
[3240.103s][info][gc,metaspace   ] GC(684) Metaspace: 28907K(29376K)->28907K(29376K) NonClass: 24037K(24256K)->24037K(24256K) Class: 4869K(5120K)->4869K(5120K)
[3240.103s][info][gc             ] GC(684) Pause Young (Prepare Mixed) (G1 Evacuation Pause) 3625M->1452M(4096M) 118.270ms
[3240.103s][info][gc,cpu         ] GC(684) User=0.71s Sys=0.01s Real=0.12s
....[3243.352s][info][gc,start       ] GC(685) Pause Young (Mixed) (G1 Evacuation Pause)
[3243.352s][info][gc,task        ] GC(685) Using 6 workers of 6 for evacuation
[3243.486s][info][gc,phases      ] GC(685)   Pre Evacuate Collection Set: 0.39ms
[3243.486s][info][gc,phases      ] GC(685)   Merge Heap Roots: 0.74ms
[3243.486s][info][gc,phases      ] GC(685)   Evacuate Collection Set: 132.43ms
[3243.486s][info][gc,phases      ] GC(685)   Post Evacuate Collection Set: 0.93ms
[3243.486s][info][gc,phases      ] GC(685)   Other: 0.10ms
[3243.486s][info][gc,heap        ] GC(685) Eden regions: 1108->0(1117)
[3243.486s][info][gc,heap        ] GC(685) Survivor regions: 110->111(153)
[3243.486s][info][gc,heap        ] GC(685) Old regions: 537->472
[3243.486s][info][gc,heap        ] GC(685) Humongous regions: 80->80
[3243.486s][info][gc,metaspace   ] GC(685) Metaspace: 28907K(29376K)->28907K(29376K) NonClass: 24037K(24256K)->24037K(24256K) Class: 4869K(5120K)->4869K(5120K)
[3243.486s][info][gc             ] GC(685) Pause Young (Mixed) (G1 Evacuation Pause) 3668M->1324M(4096M) 134.707ms
[3243.486s][info][gc,cpu         ] GC(685) User=0.81s Sys=0.00s Real=0.13s
...[3246.807s][info][gc,start       ] GC(686) Pause Young (Concurrent Start) (G1 Evacuation Pause)
[3246.807s][info][gc,task        ] GC(686) Using 6 workers of 6 for evacuation
[3246.926s][info][gc,phases      ] GC(686)   Pre Evacuate Collection Set: 0.41ms
[3246.926s][info][gc,phases      ] GC(686)   Merge Heap Roots: 0.49ms
[3246.926s][info][gc,phases      ] GC(686)   Evacuate Collection Set: 117.15ms
[3246.926s][info][gc,phases      ] GC(686)   Post Evacuate Collection Set: 0.86ms
[3246.926s][info][gc,phases      ] GC(686)   Other: 0.12ms
[3246.926s][info][gc,heap        ] GC(686) Eden regions: 1117->0(1117)
[3246.926s][info][gc,heap        ] GC(686) Survivor regions: 111->111(154)
[3246.926s][info][gc,heap        ] GC(686) Old regions: 472->504
[3246.926s][info][gc,heap        ] GC(686) Humongous regions: 80->80
[3246.926s][info][gc,metaspace   ] GC(686) Metaspace: 28907K(29376K)->28907K(29376K) NonClass: 24037K(24256K)->24037K(24256K) Class: 4869K(5120K)->4869K(5120K)
[3246.926s][info][gc             ] GC(686) Pause Young (Concurrent Start) (G1 Evacuation Pause) 3558M->1388M(4096M) 119.174ms
[3246.926s][info][gc             ] GC(687) Concurrent Mark Cycle
[3246.926s][info][gc,marking     ] GC(687) Concurrent Scan Root Regions
[3246.926s][info][gc,cpu         ] GC(686) User=0.70s Sys=0.00s Real=0.12s
[3247.133s][info][gc,marking     ] GC(687) Concurrent Scan Root Regions 207.233ms
[3247.133s][info][gc,marking     ] GC(687) Concurrent Mark
[3247.133s][info][gc,marking     ] GC(687) Concurrent Mark From Roots
[3247.133s][info][gc,task        ] GC(687) Using 2 workers of 2 for marking
. (rIR:aIR:PR = 5535:5523:5522) (tPR = 81789) [OK] 
  3247s: Performance info:
         Transaction,    Success,    Partial,     Failed,   Receipts, AvgBarcode, 
             Overall,     332291,          0,          0,     315633,      59.47, 
         Response times:
             Request,    Success,    Partial,     Failed,   SkipFail,     Probes,    Samples,      min,      p50,      p90,      p95,      p99,      max, 
       TotalPurchase,     315722,          0,          0,          0,     309136,     342298,      300,     4600,    11700,    29000,    77000,   229000,
     InStorePurchase,     166176,          0,          0,          0,     163022,     179894,      300,     4700,    11800,    30000,    77000,   229000,
      OnlinePurchase,     116335,          0,          0,          0,     113717,     126188,      300,     4500,    11900,    30000,    78000,   217000,
        InstPurchase,      33211,          0,          0,          0,      32397,      36216,      400,     4200,    10700,    27000,    68000,   229000,
          AssocOfCat,        329,          0,          0,          0,        255,        360,    26000,    38000,    76900,    97950,   172730,   198000,
      AssocOfProduct,       3325,          0,          0,          0,       3076,       3608,      600,     5100,    12800,    32000,    78910,   169000,
      BusinessReport,        832,          0,          0,          0,        744,        970,    25000,    41000,    74900,    92000,   182160,   204000,
          CustBuyBeh,       3332,          0,          0,          0,       3083,       3629,      300,     2700,     9300,    21000,    60000,   176000,
       ProductReturn,       8806,          0,          0,          0,       8476,       9674,      300,     5100,    12900,    33000,    82000,   155000,

  3247s: (41%)   IR =   5673 [3247.954s][info][gc,marking     ] GC(687) Concurrent Mark From Roots 821.294ms
[3247.955s][info][gc,marking     ] GC(687) Concurrent Preclean
[3247.955s][info][gc,marking     ] GC(687) Concurrent Preclean 0.185ms
[3247.955s][info][gc,start       ] GC(687) Pause Remark
[3247.961s][info][gc             ] GC(687) Pause Remark 2119M->2119M(4096M) 5.662ms
[3247.961s][info][gc,cpu         ] GC(687) User=0.03s Sys=0.00s Real=0.01s
[3247.962s][info][gc,marking     ] GC(687) Concurrent Mark 828.522ms
[3247.962s][info][gc,marking     ] GC(687) Concurrent Rebuild Remembered Sets and Scrub Regions
.[3248.315s][info][gc,marking     ] GC(687) Concurrent Rebuild Remembered Sets and Scrub Regions 353.308ms
[3248.315s][info][gc,start       ] GC(687) Pause Cleanup
[3248.315s][info][gc             ] GC(687) Pause Cleanup 2349M->2349M(4096M) 0.134ms
[3248.315s][info][gc,cpu         ] GC(687) User=0.00s Sys=0.00s Real=0.00s
[3248.315s][info][gc,marking     ] GC(687) Concurrent Clear Claimed Marks
[3248.315s][info][gc,marking     ] GC(687) Concurrent Clear Claimed Marks 0.026ms
[3248.315s][info][gc,marking     ] GC(687) Concurrent Cleanup for Next Mark
[3248.320s][info][gc,marking     ] GC(687) Concurrent Cleanup for Next Mark 4.879ms
[3248.320s][info][gc             ] GC(687) Concurrent Mark Cycle 1394.477ms
..[3250.207s][info][gc,start       ] GC(688) Pause Young (Prepare Mixed) (G1 Evacuation Pause)
[3250.207s][info][gc,task        ] GC(688) Using 6 workers of 6 for evacuation
[3250.325s][info][gc,phases      ] GC(688)   Pre Evacuate Collection Set: 0.31ms
[3250.325s][info][gc,phases      ] GC(688)   Merge Heap Roots: 0.53ms
[3250.325s][info][gc,phases      ] GC(688)   Evacuate Collection Set: 116.51ms
[3250.325s][info][gc,phases      ] GC(688)   Post Evacuate Collection Set: 0.92ms
[3250.325s][info][gc,phases      ] GC(688)   Other: 0.09ms
[3250.325s][info][gc,heap        ] GC(688) Eden regions: 1117->0(1111)
[3250.325s][info][gc,heap        ] GC(688) Survivor regions: 111->109(154)
[3250.325s][info][gc,heap        ] GC(688) Old regions: 504->536
[3250.325s][info][gc,heap        ] GC(688) Humongous regions: 80->80
[3250.325s][info][gc,metaspace   ] GC(688) Metaspace: 28907K(29376K)->28907K(29376K) NonClass: 24037K(24256K)->24037K(24256K) Class: 4869K(5120K)->4869K(5120K)
[3250.325s][info][gc             ] GC(688) Pause Young (Prepare Mixed) (G1 Evacuation Pause) 3622M->1449M(4096M) 118.499ms
[3250.325s][info][gc,cpu         ] GC(688) User=0.70s Sys=0.00s Real=0.12s
...|[3253.542s][info][gc,start       ] GC(689) Pause Young (Mixed) (G1 Evacuation Pause)
[3253.542s][info][gc,task        ] GC(689) Using 6 workers of 6 for evacuation
[3253.675s][info][gc,phases      ] GC(689)   Pre Evacuate Collection Set: 0.39ms
[3253.675s][info][gc,phases      ] GC(689)   Merge Heap Roots: 0.71ms
[3253.675s][info][gc,phases      ] GC(689)   Evacuate Collection Set: 130.43ms
[3253.675s][info][gc,phases      ] GC(689)   Post Evacuate Collection Set: 0.96ms
[3253.675s][info][gc,phases      ] GC(689)   Other: 0.09ms
[3253.675s][info][gc,heap        ] GC(689) Eden regions: 1111->0(1119)
[3253.675s][info][gc,heap        ] GC(689) Survivor regions: 109->109(153)
[3253.675s][info][gc,heap        ] GC(689) Old regions: 536->472
[3253.675s][info][gc,heap        ] GC(689) Humongous regions: 80->80
[3253.675s][info][gc,metaspace   ] GC(689) Metaspace: 28907K(29376K)->28907K(29376K) NonClass: 24037K(24256K)->24037K(24256K) Class: 4869K(5120K)->4869K(5120K)
[3253.675s][info][gc             ] GC(689) Pause Young (Mixed) (G1 Evacuation Pause) 3671M->1320M(4096M) 132.708ms
[3253.675s][info][gc,cpu         ] GC(689) User=0.79s Sys=0.00s Real=0.13s
...[3256.815s][info][gc,start       ] GC(690) Pause Young (Concurrent Start) (G1 Evacuation Pause)
[3256.815s][info][gc,task        ] GC(690) Using 6 workers of 6 for evacuation
[3256.932s][info][gc,phases      ] GC(690)   Pre Evacuate Collection Set: 0.40ms
[3256.932s][info][gc,phases      ] GC(690)   Merge Heap Roots: 0.47ms
[3256.932s][info][gc,phases      ] GC(690)   Evacuate Collection Set: 115.14ms
[3256.932s][info][gc,phases      ] GC(690)   Post Evacuate Collection Set: 0.86ms
[3256.932s][info][gc,phases      ] GC(690)   Other: 0.11ms
[3256.932s][info][gc,heap        ] GC(690) Eden regions: 1119->0(1118)
[3256.932s][info][gc,heap        ] GC(690) Survivor regions: 109->110(154)
[3256.932s][info][gc,heap        ] GC(690) Old regions: 472->504
[3256.932s][info][gc,heap        ] GC(690) Humongous regions: 80->80
[3256.932s][info][gc,metaspace   ] GC(690) Metaspace: 28907K(29376K)->28907K(29376K) NonClass: 24037K(24256K)->24037K(24256K) Class: 4869K(5120K)->4869K(5120K)
[3256.932s][info][gc             ] GC(690) Pause Young (Concurrent Start) (G1 Evacuation Pause) 3558M->1387M(4096M) 117.116ms
[3256.932s][info][gc             ] GC(691) Concurrent Mark Cycle
[3256.932s][info][gc,marking     ] GC(691) Concurrent Scan Root Regions
[3256.932s][info][gc,cpu         ] GC(690) User=0.69s Sys=0.00s Real=0.12s
[3257.113s][info][gc,marking     ] GC(691) Concurrent Scan Root Regions 181.354ms
[3257.114s][info][gc,marking     ] GC(691) Concurrent Mark
[3257.114s][info][gc,marking     ] GC(691) Concurrent Mark From Roots
[3257.114s][info][gc,task        ] GC(691) Using 2 workers of 2 for marking
.[3258.058s][info][gc,marking     ] GC(691) Concurrent Mark From Roots 944.924ms
[3258.058s][info][gc,marking     ] GC(691) Concurrent Preclean
[3258.059s][info][gc,marking     ] GC(691) Concurrent Preclean 0.189ms
[3258.059s][info][gc,start       ] GC(691) Pause Remark
[3258.065s][info][gc             ] GC(691) Pause Remark 2195M->2195M(4096M) 6.068ms
[3258.065s][info][gc,cpu         ] GC(691) User=0.03s Sys=0.00s Real=0.01s
[3258.065s][info][gc,marking     ] GC(691) Concurrent Mark 951.743ms
[3258.065s][info][gc,marking     ] GC(691) Concurrent Rebuild Remembered Sets and Scrub Regions
.[3258.325s][info][gc,marking     ] GC(691) Concurrent Rebuild Remembered Sets and Scrub Regions 260.065ms
[3258.326s][info][gc,start       ] GC(691) Pause Cleanup
[3258.326s][info][gc             ] GC(691) Pause Cleanup 2377M->2377M(4096M) 0.119ms
[3258.326s][info][gc,cpu         ] GC(691) User=0.00s Sys=0.00s Real=0.00s
[3258.326s][info][gc,marking     ] GC(691) Concurrent Clear Claimed Marks
[3258.326s][info][gc,marking     ] GC(691) Concurrent Clear Claimed Marks 0.022ms
[3258.326s][info][gc,marking     ] GC(691) Concurrent Cleanup for Next Mark
[3258.333s][info][gc,marking     ] GC(691) Concurrent Cleanup for Next Mark 6.847ms
[3258.333s][info][gc             ] GC(691) Concurrent Mark Cycle 1400.831ms
.[3260.163s][info][gc,start       ] GC(692) Pause Young (Prepare Mixed) (G1 Evacuation Pause)
[3260.163s][info][gc,task        ] GC(692) Using 6 workers of 6 for evacuation
[3260.284s][info][gc,phases      ] GC(692)   Pre Evacuate Collection Set: 0.34ms
[3260.284s][info][gc,phases      ] GC(692)   Merge Heap Roots: 0.57ms
[3260.284s][info][gc,phases      ] GC(692)   Evacuate Collection Set: 118.10ms
[3260.284s][info][gc,phases      ] GC(692)   Post Evacuate Collection Set: 0.94ms
[3260.284s][info][gc,phases      ] GC(692)   Other: 0.09ms
[3260.284s][info][gc,heap        ] GC(692) Eden regions: 1118->0(1105)
[3260.284s][info][gc,heap        ] GC(692) Survivor regions: 110->112(154)
[3260.284s][info][gc,heap        ] GC(692) Old regions: 504->536
[3260.284s][info][gc,heap        ] GC(692) Humongous regions: 80->80
[3260.284s][info][gc,metaspace   ] GC(692) Metaspace: 28907K(29376K)->28907K(29376K) NonClass: 24037K(24256K)->24037K(24256K) Class: 4869K(5120K)->4869K(5120K)
[3260.284s][info][gc             ] GC(692) Pause Young (Prepare Mixed) (G1 Evacuation Pause) 3623M->1454M(4096M) 120.177ms
[3260.284s][info][gc,cpu         ] GC(692) User=0.71s Sys=0.00s Real=0.12s
....[3263.484s][info][gc,start       ] GC(693) Pause Young (Mixed) (G1 Evacuation Pause)
[3263.484s][info][gc,task        ] GC(693) Using 6 workers of 6 for evacuation
[3263.619s][info][gc,phases      ] GC(693)   Pre Evacuate Collection Set: 0.38ms
[3263.619s][info][gc,phases      ] GC(693)   Merge Heap Roots: 0.74ms
[3263.619s][info][gc,phases      ] GC(693)   Evacuate Collection Set: 133.04ms
[3263.619s][info][gc,phases      ] GC(693)   Post Evacuate Collection Set: 0.93ms
[3263.619s][info][gc,phases      ] GC(693)   Other: 0.09ms
[3263.619s][info][gc,heap        ] GC(693) Eden regions: 1105->0(1116)
[3263.619s][info][gc,heap        ] GC(693) Survivor regions: 112->112(153)
[3263.619s][info][gc,heap        ] GC(693) Old regions: 536->473
[3263.619s][info][gc,heap        ] GC(693) Humongous regions: 80->80
[3263.619s][info][gc,metaspace   ] GC(693) Metaspace: 28907K(29376K)->28907K(29376K) NonClass: 24037K(24256K)->24037K(24256K) Class: 4869K(5120K)->4869K(5120K)
[3263.619s][info][gc             ] GC(693) Pause Young (Mixed) (G1 Evacuation Pause) 3664M->1328M(4096M) 135.326ms
[3263.619s][info][gc,cpu         ] GC(693) User=0.80s Sys=0.00s Real=0.14s
...[3266.860s][info][gc,start       ] GC(694) Pause Young (Concurrent Start) (G1 Evacuation Pause)
[3266.860s][info][gc,task        ] GC(694) Using 6 workers of 6 for evacuation
[3266.981s][info][gc,phases      ] GC(694)   Pre Evacuate Collection Set: 0.40ms
[3266.981s][info][gc,phases      ] GC(694)   Merge Heap Roots: 0.51ms
[3266.981s][info][gc,phases      ] GC(694)   Evacuate Collection Set: 118.70ms
[3266.981s][info][gc,phases      ] GC(694)   Post Evacuate Collection Set: 0.89ms
[3266.981s][info][gc,phases      ] GC(694)   Other: 0.13ms
[3266.981s][info][gc,heap        ] GC(694) Eden regions: 1116->0(1115)
[3266.981s][info][gc,heap        ] GC(694) Survivor regions: 112->113(154)
[3266.981s][info][gc,heap        ] GC(694) Old regions: 473->504
[3266.981s][info][gc,heap        ] GC(694) Humongous regions: 80->80
[3266.981s][info][gc,metaspace   ] GC(694) Metaspace: 28907K(29376K)->28907K(29376K) NonClass: 24037K(24256K)->24037K(24256K) Class: 4869K(5120K)->4869K(5120K)
[3266.981s][info][gc             ] GC(694) Pause Young (Concurrent Start) (G1 Evacuation Pause) 3560M->1393M(4096M) 120.791ms
[3266.981s][info][gc             ] GC(695) Concurrent Mark Cycle
[3266.981s][info][gc,marking     ] GC(695) Concurrent Scan Root Regions
[3266.981s][info][gc,cpu         ] GC(694) User=0.72s Sys=0.00s Real=0.12s
[3267.162s][info][gc,marking     ] GC(695) Concurrent Scan Root Regions 181.450ms
[3267.163s][info][gc,marking     ] GC(695) Concurrent Mark
[3267.163s][info][gc,marking     ] GC(695) Concurrent Mark From Roots
[3267.163s][info][gc,task        ] GC(695) Using 2 workers of 2 for marking
.[3268.109s][info][gc,marking     ] GC(695) Concurrent Mark From Roots 946.364ms
[3268.109s][info][gc,marking     ] GC(695) Concurrent Preclean
[3268.109s][info][gc,marking     ] GC(695) Concurrent Preclean 0.130ms
[3268.109s][info][gc,start       ] GC(695) Pause Remark
[3268.116s][info][gc             ] GC(695) Pause Remark 2299M->2299M(4096M) 6.686ms
[3268.116s][info][gc,cpu         ] GC(695) User=0.04s Sys=0.00s Real=0.01s
[3268.116s][info][gc,marking     ] GC(695) Concurrent Mark 953.466ms
[3268.116s][info][gc,marking     ] GC(695) Concurrent Rebuild Remembered Sets and Scrub Regions
.[3268.349s][info][gc,marking     ] GC(695) Concurrent Rebuild Remembered Sets and Scrub Regions 233.439ms
[3268.350s][info][gc,start       ] GC(695) Pause Cleanup
[3268.350s][info][gc             ] GC(695) Pause Cleanup 2435M->2435M(4096M) 0.123ms
[3268.350s][info][gc,cpu         ] GC(695) User=0.00s Sys=0.00s Real=0.00s
[3268.350s][info][gc,marking     ] GC(695) Concurrent Clear Claimed Marks
[3268.350s][info][gc,marking     ] GC(695) Concurrent Clear Claimed Marks 0.027ms
[3268.350s][info][gc,marking     ] GC(695) Concurrent Cleanup for Next Mark
[3268.353s][info][gc,marking     ] GC(695) Concurrent Cleanup for Next Mark 3.248ms
[3268.353s][info][gc             ] GC(695) Concurrent Mark Cycle 1372.095ms
.[3270.146s][info][gc,start       ] GC(696) Pause Young (Prepare Mixed) (G1 Evacuation Pause)
[3270.146s][info][gc,task        ] GC(696) Using 6 workers of 6 for evacuation
[3270.266s][info][gc,phases      ] GC(696)   Pre Evacuate Collection Set: 0.31ms
[3270.266s][info][gc,phases      ] GC(696)   Merge Heap Roots: 0.58ms
[3270.266s][info][gc,phases      ] GC(696)   Evacuate Collection Set: 118.02ms
[3270.266s][info][gc,phases      ] GC(696)   Post Evacuate Collection Set: 0.89ms
[3270.266s][info][gc,phases      ] GC(696)   Other: 0.09ms
[3270.266s][info][gc,heap        ] GC(696) Eden regions: 1115->0(1111)
[3270.266s][info][gc,heap        ] GC(696) Survivor regions: 113->109(154)
[3270.266s][info][gc,heap        ] GC(696) Old regions: 504->536
[3270.266s][info][gc,heap        ] GC(696) Humongous regions: 80->80
[3270.266s][info][gc,metaspace   ] GC(696) Metaspace: 28907K(29376K)->28907K(29376K) NonClass: 24037K(24256K)->24037K(24256K) Class: 4869K(5120K)->4869K(5120K)
[3270.266s][info][gc             ] GC(696) Pause Young (Prepare Mixed) (G1 Evacuation Pause) 3623M->1448M(4096M) 120.021ms
[3270.266s][info][gc,cpu         ] GC(696) User=0.71s Sys=0.00s Real=0.12s
....[3273.516s][info][gc,start       ] GC(697) Pause Young (Mixed) (G1 Evacuation Pause)
[3273.516s][info][gc,task        ] GC(697) Using 6 workers of 6 for evacuation
[3273.648s][info][gc,phases      ] GC(697)   Pre Evacuate Collection Set: 0.38ms
[3273.648s][info][gc,phases      ] GC(697)   Merge Heap Roots: 0.67ms
[3273.648s][info][gc,phases      ] GC(697)   Evacuate Collection Set: 130.80ms
[3273.648s][info][gc,phases      ] GC(697)   Post Evacuate Collection Set: 0.93ms
[3273.648s][info][gc,phases      ] GC(697)   Other: 0.09ms
[3273.648s][info][gc,heap        ] GC(697) Eden regions: 1111->0(1118)
[3273.648s][info][gc,heap        ] GC(697) Survivor regions: 109->110(153)
[3273.648s][info][gc,heap        ] GC(697) Old regions: 536->471
[3273.648s][info][gc,heap        ] GC(697) Humongous regions: 80->80
[3273.648s][info][gc,metaspace   ] GC(697) Metaspace: 28907K(29376K)->28907K(29376K) NonClass: 24037K(24256K)->24037K(24256K) Class: 4869K(5120K)->4869K(5120K)
[3273.649s][info][gc             ] GC(697) Pause Young (Mixed) (G1 Evacuation Pause) 3670M->1319M(4096M) 133.009ms
[3273.649s][info][gc,cpu         ] GC(697) User=0.79s Sys=0.00s Real=0.13s
...[3276.792s][info][gc,start       ] GC(698) Pause Young (Concurrent Start) (G1 Evacuation Pause)
[3276.792s][info][gc,task        ] GC(698) Using 6 workers of 6 for evacuation
[3276.911s][info][gc,phases      ] GC(698)   Pre Evacuate Collection Set: 0.40ms
[3276.911s][info][gc,phases      ] GC(698)   Merge Heap Roots: 0.51ms
[3276.911s][info][gc,phases      ] GC(698)   Evacuate Collection Set: 117.18ms
[3276.911s][info][gc,phases      ] GC(698)   Post Evacuate Collection Set: 0.87ms
[3276.911s][info][gc,phases      ] GC(698)   Other: 0.13ms
[3276.911s][info][gc,heap        ] GC(698) Eden regions: 1118->0(1118)
[3276.911s][info][gc,heap        ] GC(698) Survivor regions: 110->110(154)
[3276.911s][info][gc,heap        ] GC(698) Old regions: 471->502
[3276.911s][info][gc,heap        ] GC(698) Humongous regions: 80->80
[3276.911s][info][gc,metaspace   ] GC(698) Metaspace: 28907K(29376K)->28907K(29376K) NonClass: 24037K(24256K)->24037K(24256K) Class: 4869K(5120K)->4869K(5120K)
[3276.911s][info][gc             ] GC(698) Pause Young (Concurrent Start) (G1 Evacuation Pause) 3555M->1382M(4096M) 119.213ms
[3276.911s][info][gc             ] GC(699) Concurrent Mark Cycle
[3276.911s][info][gc,marking     ] GC(699) Concurrent Scan Root Regions
[3276.911s][info][gc,cpu         ] GC(698) User=0.71s Sys=0.00s Real=0.12s
[3277.091s][info][gc,marking     ] GC(699) Concurrent Scan Root Regions 179.577ms
[3277.091s][info][gc,marking     ] GC(699) Concurrent Mark
[3277.091s][info][gc,marking     ] GC(699) Concurrent Mark From Roots
[3277.091s][info][gc,task        ] GC(699) Using 2 workers of 2 for marking
.[3278.043s][info][gc,marking     ] GC(699) Concurrent Mark From Roots 952.307ms
[3278.043s][info][gc,marking     ] GC(699) Concurrent Preclean
[3278.043s][info][gc,marking     ] GC(699) Concurrent Preclean 0.087ms
[3278.044s][info][gc,start       ] GC(699) Pause Remark
[3278.050s][info][gc             ] GC(699) Pause Remark 2216M->2216M(4096M) 6.269ms
[3278.051s][info][gc,cpu         ] GC(699) User=0.04s Sys=0.00s Real=0.01s
[3278.051s][info][gc,marking     ] GC(699) Concurrent Mark 960.062ms
[3278.051s][info][gc,marking     ] GC(699) Concurrent Rebuild Remembered Sets and Scrub Regions
.[3278.408s][info][gc,marking     ] GC(699) Concurrent Rebuild Remembered Sets and Scrub Regions 356.947ms
[3278.408s][info][gc,start       ] GC(699) Pause Cleanup
[3278.408s][info][gc             ] GC(699) Pause Cleanup 2479M->2479M(4096M) 0.100ms
[3278.408s][info][gc,cpu         ] GC(699) User=0.00s Sys=0.00s Real=0.00s
[3278.408s][info][gc,marking     ] GC(699) Concurrent Clear Claimed Marks
[3278.408s][info][gc,marking     ] GC(699) Concurrent Clear Claimed Marks 0.024ms
[3278.408s][info][gc,marking     ] GC(699) Concurrent Cleanup for Next Mark
[3278.413s][info][gc,marking     ] GC(699) Concurrent Cleanup for Next Mark 4.714ms
[3278.413s][info][gc             ] GC(699) Concurrent Mark Cycle 1501.797ms
.[3280.190s][info][gc,start       ] GC(700) Pause Young (Prepare Mixed) (G1 Evacuation Pause)
[3280.191s][info][gc,task        ] GC(700) Using 6 workers of 6 for evacuation
[3280.308s][info][gc,phases      ] GC(700)   Pre Evacuate Collection Set: 0.31ms
[3280.308s][info][gc,phases      ] GC(700)   Merge Heap Roots: 0.55ms
[3280.308s][info][gc,phases      ] GC(700)   Evacuate Collection Set: 115.22ms
[3280.308s][info][gc,phases      ] GC(700)   Post Evacuate Collection Set: 0.91ms
[3280.308s][info][gc,phases      ] GC(700)   Other: 0.09ms
[3280.308s][info][gc,heap        ] GC(700) Eden regions: 1118->0(1113)
[3280.308s][info][gc,heap        ] GC(700) Survivor regions: 110->109(154)
[3280.308s][info][gc,heap        ] GC(700) Old regions: 502->534
[3280.308s][info][gc,heap        ] GC(700) Humongous regions: 80->80
[3280.308s][info][gc,metaspace   ] GC(700) Metaspace: 28907K(29376K)->28907K(29376K) NonClass: 24037K(24256K)->24037K(24256K) Class: 4869K(5120K)->4869K(5120K)
[3280.308s][info][gc             ] GC(700) Pause Young (Prepare Mixed) (G1 Evacuation Pause) 3618M->1443M(4096M) 117.212ms
[3280.308s][info][gc,cpu         ] GC(700) User=0.70s Sys=0.00s Real=0.11s
....[3283.448s][info][gc,start       ] GC(701) Pause Young (Mixed) (G1 Evacuation Pause)
[3283.448s][info][gc,task        ] GC(701) Using 6 workers of 6 for evacuation
[3283.581s][info][gc,phases      ] GC(701)   Pre Evacuate Collection Set: 0.33ms
[3283.581s][info][gc,phases      ] GC(701)   Merge Heap Roots: 0.67ms
[3283.581s][info][gc,phases      ] GC(701)   Evacuate Collection Set: 131.59ms
[3283.581s][info][gc,phases      ] GC(701)   Post Evacuate Collection Set: 0.93ms
[3283.581s][info][gc,phases      ] GC(701)   Other: 0.08ms
[3283.581s][info][gc,heap        ] GC(701) Eden regions: 1113->0(1117)
[3283.581s][info][gc,heap        ] GC(701) Survivor regions: 109->111(153)
[3283.581s][info][gc,heap        ] GC(701) Old regions: 534->471
[3283.581s][info][gc,heap        ] GC(701) Humongous regions: 80->80
[3283.581s][info][gc,metaspace   ] GC(701) Metaspace: 28907K(29376K)->28907K(29376K) NonClass: 24037K(24256K)->24037K(24256K) Class: 4869K(5120K)->4869K(5120K)
[3283.581s][info][gc             ] GC(701) Pause Young (Mixed) (G1 Evacuation Pause) 3669M->1322M(4096M) 133.742ms
[3283.581s][info][gc,cpu         ] GC(701) User=0.80s Sys=0.00s Real=0.14s
...[3286.809s][info][gc,start       ] GC(702) Pause Young (Concurrent Start) (G1 Evacuation Pause)
[3286.809s][info][gc,task        ] GC(702) Using 6 workers of 6 for evacuation
[3286.929s][info][gc,phases      ] GC(702)   Pre Evacuate Collection Set: 0.34ms
[3286.929s][info][gc,phases      ] GC(702)   Merge Heap Roots: 0.50ms
[3286.929s][info][gc,phases      ] GC(702)   Evacuate Collection Set: 117.86ms
[3286.929s][info][gc,phases      ] GC(702)   Post Evacuate Collection Set: 0.87ms
[3286.929s][info][gc,phases      ] GC(702)   Other: 0.10ms
[3286.929s][info][gc,heap        ] GC(702) Eden regions: 1117->0(1119)
[3286.929s][info][gc,heap        ] GC(702) Survivor regions: 111->109(154)
[3286.929s][info][gc,heap        ] GC(702) Old regions: 471->505
[3286.929s][info][gc,heap        ] GC(702) Humongous regions: 80->80
[3286.929s][info][gc,metaspace   ] GC(702) Metaspace: 28907K(29376K)->28907K(29376K) NonClass: 24037K(24256K)->24037K(24256K) Class: 4869K(5120K)->4869K(5120K)
[3286.929s][info][gc             ] GC(702) Pause Young (Concurrent Start) (G1 Evacuation Pause) 3556M->1386M(4096M) 119.793ms
[3286.929s][info][gc             ] GC(703) Concurrent Mark Cycle
[3286.929s][info][gc,marking     ] GC(703) Concurrent Scan Root Regions
[3286.929s][info][gc,cpu         ] GC(702) User=0.71s Sys=0.00s Real=0.12s
[3287.104s][info][gc,marking     ] GC(703) Concurrent Scan Root Regions 175.121ms
[3287.104s][info][gc,marking     ] GC(703) Concurrent Mark
[3287.104s][info][gc,marking     ] GC(703) Concurrent Mark From Roots
[3287.104s][info][gc,task        ] GC(703) Using 2 workers of 2 for marking
.[3287.705s][info][gc,marking     ] GC(703) Concurrent Mark From Roots 601.179ms
[3287.705s][info][gc,marking     ] GC(703) Concurrent Preclean
[3287.705s][info][gc,marking     ] GC(703) Concurrent Preclean 0.065ms
[3287.705s][info][gc,start       ] GC(703) Pause Remark
[3287.711s][info][gc             ] GC(703) Pause Remark 2001M->2001M(4096M) 5.548ms
[3287.711s][info][gc,cpu         ] GC(703) User=0.03s Sys=0.00s Real=0.01s
[3287.711s][info][gc,marking     ] GC(703) Concurrent Mark 607.061ms
[3287.711s][info][gc,marking     ] GC(703) Concurrent Rebuild Remembered Sets and Scrub Regions
[3287.966s][info][gc,marking     ] GC(703) Concurrent Rebuild Remembered Sets and Scrub Regions 255.234ms
[3287.968s][info][gc,start       ] GC(703) Pause Cleanup
[3287.968s][info][gc             ] GC(703) Pause Cleanup 2198M->2198M(4096M) 0.122ms
[3287.968s][info][gc,cpu         ] GC(703) User=0.00s Sys=0.00s Real=0.00s
[3287.968s][info][gc,marking     ] GC(703) Concurrent Clear Claimed Marks
[3287.968s][info][gc,marking     ] GC(703) Concurrent Clear Claimed Marks 0.029ms
[3287.968s][info][gc,marking     ] GC(703) Concurrent Cleanup for Next Mark
[3287.973s][info][gc,marking     ] GC(703) Concurrent Cleanup for Next Mark 5.034ms
[3287.973s][info][gc             ] GC(703) Concurrent Mark Cycle 1044.337ms
..[3290.139s][info][gc,start       ] GC(704) Pause Young (Prepare Mixed) (G1 Evacuation Pause)
[3290.139s][info][gc,task        ] GC(704) Using 6 workers of 6 for evacuation
[3290.268s][info][gc,phases      ] GC(704)   Pre Evacuate Collection Set: 0.32ms
[3290.268s][info][gc,phases      ] GC(704)   Merge Heap Roots: 0.55ms
[3290.268s][info][gc,phases      ] GC(704)   Evacuate Collection Set: 126.81ms
[3290.268s][info][gc,phases      ] GC(704)   Post Evacuate Collection Set: 0.91ms
[3290.268s][info][gc,phases      ] GC(704)   Other: 0.09ms
[3290.268s][info][gc,heap        ] GC(704) Eden regions: 1119->0(1091)
[3290.268s][info][gc,heap        ] GC(704) Survivor regions: 109->119(154)
[3290.268s][info][gc,heap        ] GC(704) Old regions: 505->536
[3290.268s][info][gc,heap        ] GC(704) Humongous regions: 80->80
[3290.268s][info][gc,metaspace   ] GC(704) Metaspace: 28907K(29376K)->28907K(29376K) NonClass: 24037K(24256K)->24037K(24256K) Class: 4869K(5120K)->4869K(5120K)
[3290.268s][info][gc             ] GC(704) Pause Young (Prepare Mixed) (G1 Evacuation Pause) 3624M->1469M(4096M) 128.813ms
[3290.268s][info][gc,cpu         ] GC(704) User=0.76s Sys=0.00s Real=0.12s
...[3293.355s][info][gc,start       ] GC(705) Pause Young (Mixed) (G1 Evacuation Pause)
[3293.355s][info][gc,task        ] GC(705) Using 6 workers of 6 for evacuation
[3293.488s][info][gc,phases      ] GC(705)   Pre Evacuate Collection Set: 0.35ms
[3293.488s][info][gc,phases      ] GC(705)   Merge Heap Roots: 0.72ms
[3293.488s][info][gc,phases      ] GC(705)   Evacuate Collection Set: 130.72ms
[3293.488s][info][gc,phases      ] GC(705)   Post Evacuate Collection Set: 0.93ms
[3293.488s][info][gc,phases      ] GC(705)   Other: 0.10ms
[3293.488s][info][gc,heap        ] GC(705) Eden regions: 1091->0(1121)
[3293.488s][info][gc,heap        ] GC(705) Survivor regions: 119->107(152)
[3293.488s][info][gc,heap        ] GC(705) Old regions: 536->474
[3293.488s][info][gc,heap        ] GC(705) Humongous regions: 80->80
[3293.488s][info][gc,metaspace   ] GC(705) Metaspace: 28907K(29376K)->28907K(29376K) NonClass: 24037K(24256K)->24037K(24256K) Class: 4869K(5120K)->4869K(5120K)
[3293.488s][info][gc             ] GC(705) Pause Young (Mixed) (G1 Evacuation Pause) 3651M->1320M(4096M) 132.967ms
[3293.488s][info][gc,cpu         ] GC(705) User=0.79s Sys=0.00s Real=0.13s
....[3296.719s][info][gc,start       ] GC(706) Pause Young (Concurrent Start) (G1 Evacuation Pause)
[3296.719s][info][gc,task        ] GC(706) Using 6 workers of 6 for evacuation
[3296.837s][info][gc,phases      ] GC(706)   Pre Evacuate Collection Set: 0.35ms
[3296.837s][info][gc,phases      ] GC(706)   Merge Heap Roots: 0.48ms
[3296.837s][info][gc,phases      ] GC(706)   Evacuate Collection Set: 115.56ms
[3296.837s][info][gc,phases      ] GC(706)   Post Evacuate Collection Set: 0.87ms
[3296.837s][info][gc,phases      ] GC(706)   Other: 0.11ms
[3296.837s][info][gc,heap        ] GC(706) Eden regions: 1121->0(1118)
[3296.837s][info][gc,heap        ] GC(706) Survivor regions: 107->110(154)
[3296.837s][info][gc,heap        ] GC(706) Old regions: 474->506
[3296.837s][info][gc,heap        ] GC(706) Humongous regions: 80->80
[3296.837s][info][gc,metaspace   ] GC(706) Metaspace: 28907K(29376K)->28907K(29376K) NonClass: 24037K(24256K)->24037K(24256K) Class: 4869K(5120K)->4869K(5120K)
[3296.837s][info][gc             ] GC(706) Pause Young (Concurrent Start) (G1 Evacuation Pause) 3562M->1389M(4096M) 117.504ms
[3296.837s][info][gc             ] GC(707) Concurrent Mark Cycle
[3296.837s][info][gc,marking     ] GC(707) Concurrent Scan Root Regions
[3296.837s][info][gc,cpu         ] GC(706) User=0.70s Sys=0.00s Real=0.11s
[3296.998s][info][gc,marking     ] GC(707) Concurrent Scan Root Regions 161.458ms
[3296.998s][info][gc,marking     ] GC(707) Concurrent Mark
[3296.998s][info][gc,marking     ] GC(707) Concurrent Mark From Roots
[3296.998s][info][gc,task        ] GC(707) Using 2 workers of 2 for marking
.[3297.578s][info][gc,marking     ] GC(707) Concurrent Mark From Roots 580.083ms
[3297.578s][info][gc,marking     ] GC(707) Concurrent Preclean
[3297.579s][info][gc,marking     ] GC(707) Concurrent Preclean 0.077ms
[3297.579s][info][gc,start       ] GC(707) Pause Remark
[3297.583s][info][gc             ] GC(707) Pause Remark 1960M->1960M(4096M) 4.509ms
[3297.584s][info][gc,cpu         ] GC(707) User=0.03s Sys=0.00s Real=0.01s
[3297.584s][info][gc,marking     ] GC(707) Concurrent Mark 585.275ms
[3297.584s][info][gc,marking     ] GC(707) Concurrent Rebuild Remembered Sets and Scrub Regions
[3297.839s][info][gc,marking     ] GC(707) Concurrent Rebuild Remembered Sets and Scrub Regions 255.189ms
[3297.839s][info][gc,start       ] GC(707) Pause Cleanup
[3297.839s][info][gc             ] GC(707) Pause Cleanup 2130M->2130M(4096M) 0.123ms
[3297.839s][info][gc,cpu         ] GC(707) User=0.00s Sys=0.00s Real=0.01s
[3297.840s][info][gc,marking     ] GC(707) Concurrent Clear Claimed Marks
[3297.840s][info][gc,marking     ] GC(707) Concurrent Clear Claimed Marks 0.033ms
[3297.840s][info][gc,marking     ] GC(707) Concurrent Cleanup for Next Mark
[3297.846s][info][gc,marking     ] GC(707) Concurrent Cleanup for Next Mark 5.633ms
[3297.846s][info][gc             ] GC(707) Concurrent Mark Cycle 1009.017ms
..[3300.123s][info][gc,start       ] GC(708) Pause Young (Prepare Mixed) (G1 Evacuation Pause)
[3300.123s][info][gc,task        ] GC(708) Using 6 workers of 6 for evacuation
[3300.240s][info][gc,phases      ] GC(708)   Pre Evacuate Collection Set: 0.35ms
[3300.240s][info][gc,phases      ] GC(708)   Merge Heap Roots: 0.58ms
[3300.240s][info][gc,phases      ] GC(708)   Evacuate Collection Set: 114.98ms
[3300.240s][info][gc,phases      ] GC(708)   Post Evacuate Collection Set: 0.92ms
[3300.240s][info][gc,phases      ] GC(708)   Other: 0.09ms
[3300.240s][info][gc,heap        ] GC(708) Eden regions: 1118->0(1108)
[3300.240s][info][gc,heap        ] GC(708) Survivor regions: 110->110(154)
[3300.240s][info][gc,heap        ] GC(708) Old regions: 506->537
[3300.240s][info][gc,heap        ] GC(708) Humongous regions: 80->80
[3300.240s][info][gc,metaspace   ] GC(708) Metaspace: 28907K(29376K)->28907K(29376K) NonClass: 24037K(24256K)->24037K(24256K) Class: 4869K(5120K)->4869K(5120K)
[3300.240s][info][gc             ] GC(708) Pause Young (Prepare Mixed) (G1 Evacuation Pause) 3625M->1452M(4096M) 117.051ms
[3300.240s][info][gc,cpu         ] GC(708) User=0.70s Sys=0.00s Real=0.12s
...[3303.364s][info][gc,start       ] GC(709) Pause Young (Mixed) (G1 Evacuation Pause)
[3303.364s][info][gc,task        ] GC(709) Using 6 workers of 6 for evacuation
[3303.502s][info][gc,phases      ] GC(709)   Pre Evacuate Collection Set: 0.39ms
[3303.502s][info][gc,phases      ] GC(709)   Merge Heap Roots: 0.69ms
[3303.502s][info][gc,phases      ] GC(709)   Evacuate Collection Set: 135.53ms
[3303.502s][info][gc,phases      ] GC(709)   Post Evacuate Collection Set: 0.92ms
[3303.502s][info][gc,phases      ] GC(709)   Other: 0.09ms
[3303.502s][info][gc,heap        ] GC(709) Eden regions: 1108->0(1117)
[3303.502s][info][gc,heap        ] GC(709) Survivor regions: 110->111(153)
[3303.502s][info][gc,heap        ] GC(709) Old regions: 537->474
[3303.502s][info][gc,heap        ] GC(709) Humongous regions: 80->80
[3303.502s][info][gc,metaspace   ] GC(709) Metaspace: 28907K(29376K)->28907K(29376K) NonClass: 24037K(24256K)->24037K(24256K) Class: 4869K(5120K)->4869K(5120K)
[3303.502s][info][gc             ] GC(709) Pause Young (Mixed) (G1 Evacuation Pause) 3668M->1328M(4096M) 137.766ms
[3303.502s][info][gc,cpu         ] GC(709) User=0.82s Sys=0.00s Real=0.14s
....[3306.728s][info][gc,start       ] GC(710) Pause Young (Concurrent Start) (G1 Evacuation Pause)
[3306.728s][info][gc,task        ] GC(710) Using 6 workers of 6 for evacuation
[3306.846s][info][gc,phases      ] GC(710)   Pre Evacuate Collection Set: 0.35ms
[3306.846s][info][gc,phases      ] GC(710)   Merge Heap Roots: 0.47ms
[3306.846s][info][gc,phases      ] GC(710)   Evacuate Collection Set: 116.10ms
[3306.846s][info][gc,phases      ] GC(710)   Post Evacuate Collection Set: 0.87ms
[3306.846s][info][gc,phases      ] GC(710)   Other: 0.14ms
[3306.846s][info][gc,heap        ] GC(710) Eden regions: 1117->0(1118)
[3306.846s][info][gc,heap        ] GC(710) Survivor regions: 111->110(154)
[3306.846s][info][gc,heap        ] GC(710) Old regions: 474->506
[3306.846s][info][gc,heap        ] GC(710) Humongous regions: 80->80
[3306.846s][info][gc,metaspace   ] GC(710) Metaspace: 28907K(29376K)->28907K(29376K) NonClass: 24037K(24256K)->24037K(24256K) Class: 4869K(5120K)->4869K(5120K)
[3306.846s][info][gc             ] GC(710) Pause Young (Concurrent Start) (G1 Evacuation Pause) 3562M->1389M(4096M) 118.055ms
[3306.846s][info][gc             ] GC(711) Concurrent Mark Cycle
[3306.846s][info][gc,marking     ] GC(711) Concurrent Scan Root Regions
[3306.846s][info][gc,cpu         ] GC(710) User=0.70s Sys=0.00s Real=0.12s
[3306.992s][info][gc,marking     ] GC(711) Concurrent Scan Root Regions 146.588ms
[3306.992s][info][gc,marking     ] GC(711) Concurrent Mark
[3306.992s][info][gc,marking     ] GC(711) Concurrent Mark From Roots
[3306.992s][info][gc,task        ] GC(711) Using 2 workers of 2 for marking
.[3307.679s][info][gc,marking     ] GC(711) Concurrent Mark From Roots 686.362ms
[3307.679s][info][gc,marking     ] GC(711) Concurrent Preclean
[3307.679s][info][gc,marking     ] GC(711) Concurrent Preclean 0.089ms
[3307.680s][info][gc,start       ] GC(711) Pause Remark
[3307.715s][info][gc             ] GC(711) Pause Remark 2007M->2007M(4096M) 34.639ms
[3307.715s][info][gc,cpu         ] GC(711) User=0.05s Sys=0.00s Real=0.03s
[3307.716s][info][gc,marking     ] GC(711) Concurrent Mark 723.230ms
[3307.716s][info][gc,marking     ] GC(711) Concurrent Rebuild Remembered Sets and Scrub Regions
[3307.971s][info][gc,marking     ] GC(711) Concurrent Rebuild Remembered Sets and Scrub Regions 255.741ms
[3307.972s][info][gc,start       ] GC(711) Pause Cleanup
[3307.972s][info][gc             ] GC(711) Pause Cleanup 2217M->2217M(4096M) 0.121ms
[3307.972s][info][gc,cpu         ] GC(711) User=0.00s Sys=0.00s Real=0.00s
[3307.972s][info][gc,marking     ] GC(711) Concurrent Clear Claimed Marks
[3307.972s][info][gc,marking     ] GC(711) Concurrent Clear Claimed Marks 0.031ms
[3307.972s][info][gc,marking     ] GC(711) Concurrent Cleanup for Next Mark
[3307.977s][info][gc,marking     ] GC(711) Concurrent Cleanup for Next Mark 4.454ms
[3307.977s][info][gc             ] GC(711) Concurrent Mark Cycle 1130.853ms
..[3310.105s][info][gc,start       ] GC(712) Pause Young (Prepare Mixed) (G1 Evacuation Pause)
[3310.105s][info][gc,task        ] GC(712) Using 6 workers of 6 for evacuation
[3310.225s][info][gc,phases      ] GC(712)   Pre Evacuate Collection Set: 0.30ms
[3310.226s][info][gc,phases      ] GC(712)   Merge Heap Roots: 0.56ms
[3310.226s][info][gc,phases      ] GC(712)   Evacuate Collection Set: 118.35ms
[3310.226s][info][gc,phases      ] GC(712)   Post Evacuate Collection Set: 0.93ms
[3310.226s][info][gc,phases      ] GC(712)   Other: 0.08ms
[3310.226s][info][gc,heap        ] GC(712) Eden regions: 1118->0(1108)
[3310.226s][info][gc,heap        ] GC(712) Survivor regions: 110->110(154)
[3310.226s][info][gc,heap        ] GC(712) Old regions: 506->537
[3310.226s][info][gc,heap        ] GC(712) Humongous regions: 80->80
[3310.226s][info][gc,metaspace   ] GC(712) Metaspace: 28907K(29376K)->28907K(29376K) NonClass: 24037K(24256K)->24037K(24256K) Class: 4869K(5120K)->4869K(5120K)
[3310.226s][info][gc             ] GC(712) Pause Young (Prepare Mixed) (G1 Evacuation Pause) 3625M->1451M(4096M) 120.354ms
[3310.226s][info][gc,cpu         ] GC(712) User=0.72s Sys=0.00s Real=0.12s
...[3313.342s][info][gc,start       ] GC(713) Pause Young (Mixed) (G1 Evacuation Pause)
[3313.343s][info][gc,task        ] GC(713) Using 6 workers of 6 for evacuation
[3313.475s][info][gc,phases      ] GC(713)   Pre Evacuate Collection Set: 0.34ms
[3313.475s][info][gc,phases      ] GC(713)   Merge Heap Roots: 0.66ms
[3313.475s][info][gc,phases      ] GC(713)   Evacuate Collection Set: 130.82ms
[3313.475s][info][gc,phases      ] GC(713)   Post Evacuate Collection Set: 0.95ms
[3313.475s][info][gc,phases      ] GC(713)   Other: 0.10ms
[3313.475s][info][gc,heap        ] GC(713) Eden regions: 1108->0(1120)
[3313.475s][info][gc,heap        ] GC(713) Survivor regions: 110->108(153)
[3313.475s][info][gc,heap        ] GC(713) Old regions: 537->472
[3313.475s][info][gc,heap        ] GC(713) Humongous regions: 80->80
[3313.475s][info][gc,metaspace   ] GC(713) Metaspace: 28907K(29376K)->28907K(29376K) NonClass: 24037K(24256K)->24037K(24256K) Class: 4869K(5120K)->4869K(5120K)
[3313.476s][info][gc             ] GC(713) Pause Young (Mixed) (G1 Evacuation Pause) 3667M->1317M(4096M) 133.034ms
[3313.476s][info][gc,cpu         ] GC(713) User=0.79s Sys=0.00s Real=0.13s
. (rIR:aIR:PR = 5673:5671:5672) (tPR = 83996) [OK] 
  3313s: Performance info:
         Transaction,    Success,    Partial,     Failed,   Receipts, AvgBarcode, 
             Overall,     342451,          0,          0,     325301,      59.47, 
         Response times:
             Request,    Success,    Partial,     Failed,   SkipFail,     Probes,    Samples,      min,      p50,      p90,      p95,      p99,      max, 
       TotalPurchase,     325302,          0,          0,          0,     316805,     352354,      300,     4700,    14000,    32000,    81000,   277000,
     InStorePurchase,     171176,          0,          0,          0,     167414,     186080,      300,     4700,    14100,    32000,    80000,   277000,
      OnlinePurchase,     119887,          0,          0,          0,     116540,     129569,      300,     4700,    13900,    32000,    83000,   277000,
        InstPurchase,      34239,          0,          0,          0,      32851,      36705,      400,     4600,    13600,    30000,    81000,   193000,
          AssocOfCat,        338,          0,          0,          0,        248,        357,    24000,    37000,    71200,   104000,   161420,   198000,
      AssocOfProduct,       3435,          0,          0,          0,       3165,       3655,      400,     4800,    17100,    35000,    88880,   193000,
      BusinessReport,        860,          0,          0,          0,        755,        947,    27000,    42000,    80000,   114000,   183520,   267000,
          CustBuyBeh,       3426,          0,          0,          0,       3200,       3743,      300,     3900,    13260,    28000,    76000,   193000,
       ProductReturn,       9064,          0,          0,          0,       8594,       9777,      200,     5100,    14800,    36000,    84000,   277000,

  3313s: (42%)   IR =   5812 ...[3316.674s][info][gc,start       ] GC(714) Pause Young (Concurrent Start) (G1 Evacuation Pause)
[3316.674s][info][gc,task        ] GC(714) Using 6 workers of 6 for evacuation
[3316.793s][info][gc,phases      ] GC(714)   Pre Evacuate Collection Set: 0.40ms
[3316.793s][info][gc,phases      ] GC(714)   Merge Heap Roots: 0.51ms
[3316.793s][info][gc,phases      ] GC(714)   Evacuate Collection Set: 116.73ms
[3316.793s][info][gc,phases      ] GC(714)   Post Evacuate Collection Set: 0.86ms
[3316.793s][info][gc,phases      ] GC(714)   Other: 0.10ms
[3316.793s][info][gc,heap        ] GC(714) Eden regions: 1120->0(1119)
[3316.793s][info][gc,heap        ] GC(714) Survivor regions: 108->109(154)
[3316.793s][info][gc,heap        ] GC(714) Old regions: 472->504
[3316.793s][info][gc,heap        ] GC(714) Humongous regions: 80->80
[3316.793s][info][gc,metaspace   ] GC(714) Metaspace: 28907K(29376K)->28907K(29376K) NonClass: 24037K(24256K)->24037K(24256K) Class: 4869K(5120K)->4869K(5120K)
[3316.793s][info][gc             ] GC(714) Pause Young (Concurrent Start) (G1 Evacuation Pause) 3557M->1384M(4096M) 118.736ms
[3316.793s][info][gc             ] GC(715) Concurrent Mark Cycle
[3316.793s][info][gc,marking     ] GC(715) Concurrent Scan Root Regions
[3316.793s][info][gc,cpu         ] GC(714) User=0.71s Sys=0.00s Real=0.12s
[3316.942s][info][gc,marking     ] GC(715) Concurrent Scan Root Regions 149.438ms
[3316.942s][info][gc,marking     ] GC(715) Concurrent Mark
[3316.942s][info][gc,marking     ] GC(715) Concurrent Mark From Roots
[3316.942s][info][gc,task        ] GC(715) Using 2 workers of 2 for marking
.[3317.641s][info][gc,marking     ] GC(715) Concurrent Mark From Roots 698.535ms
[3317.641s][info][gc,marking     ] GC(715) Concurrent Preclean
[3317.641s][info][gc,marking     ] GC(715) Concurrent Preclean 0.113ms
[3317.641s][info][gc,start       ] GC(715) Pause Remark
[3317.647s][info][gc             ] GC(715) Pause Remark 2021M->2021M(4096M) 5.728ms
[3317.647s][info][gc,cpu         ] GC(715) User=0.03s Sys=0.00s Real=0.00s
[3317.647s][info][gc,marking     ] GC(715) Concurrent Mark 705.131ms
[3317.647s][info][gc,marking     ] GC(715) Concurrent Rebuild Remembered Sets and Scrub Regions
[3317.945s][info][gc,marking     ] GC(715) Concurrent Rebuild Remembered Sets and Scrub Regions 297.348ms
[3317.945s][info][gc,start       ] GC(715) Pause Cleanup
[3317.945s][info][gc             ] GC(715) Pause Cleanup 2228M->2228M(4096M) 0.120ms
[3317.945s][info][gc,cpu         ] GC(715) User=0.00s Sys=0.00s Real=0.00s
[3317.945s][info][gc,marking     ] GC(715) Concurrent Clear Claimed Marks
[3317.945s][info][gc,marking     ] GC(715) Concurrent Clear Claimed Marks 0.028ms
[3317.945s][info][gc,marking     ] GC(715) Concurrent Cleanup for Next Mark
[3317.950s][info][gc,marking     ] GC(715) Concurrent Cleanup for Next Mark 4.396ms
[3317.950s][info][gc             ] GC(715) Concurrent Mark Cycle 1156.960ms
..|[3319.894s][info][gc,start       ] GC(716) Pause Young (Prepare Mixed) (G1 Evacuation Pause)
[3319.895s][info][gc,task        ] GC(716) Using 6 workers of 6 for evacuation
[3320.013s][info][gc,phases      ] GC(716)   Pre Evacuate Collection Set: 0.31ms
[3320.013s][info][gc,phases      ] GC(716)   Merge Heap Roots: 0.54ms
[3320.013s][info][gc,phases      ] GC(716)   Evacuate Collection Set: 116.63ms
[3320.013s][info][gc,phases      ] GC(716)   Post Evacuate Collection Set: 0.94ms
[3320.013s][info][gc,phases      ] GC(716)   Other: 0.09ms
[3320.013s][info][gc,heap        ] GC(716) Eden regions: 1119->0(1107)
[3320.013s][info][gc,heap        ] GC(716) Survivor regions: 109->111(154)
[3320.013s][info][gc,heap        ] GC(716) Old regions: 504->536
[3320.013s][info][gc,heap        ] GC(716) Humongous regions: 80->80
[3320.013s][info][gc,metaspace   ] GC(716) Metaspace: 28907K(29376K)->28907K(29376K) NonClass: 24037K(24256K)->24037K(24256K) Class: 4869K(5120K)->4869K(5120K)
[3320.013s][info][gc             ] GC(716) Pause Young (Prepare Mixed) (G1 Evacuation Pause) 3622M->1451M(4096M) 118.655ms
[3320.013s][info][gc,cpu         ] GC(716) User=0.70s Sys=0.00s Real=0.12s
...[3323.149s][info][gc,start       ] GC(717) Pause Young (Mixed) (G1 Evacuation Pause)
[3323.149s][info][gc,task        ] GC(717) Using 6 workers of 6 for evacuation
[3323.285s][info][gc,phases      ] GC(717)   Pre Evacuate Collection Set: 0.36ms
[3323.285s][info][gc,phases      ] GC(717)   Merge Heap Roots: 0.76ms
[3323.285s][info][gc,phases      ] GC(717)   Evacuate Collection Set: 133.12ms
[3323.285s][info][gc,phases      ] GC(717)   Post Evacuate Collection Set: 0.92ms
[3323.285s][info][gc,phases      ] GC(717)   Other: 0.10ms
[3323.285s][info][gc,heap        ] GC(717) Eden regions: 1107->0(1119)
[3323.285s][info][gc,heap        ] GC(717) Survivor regions: 111->109(153)
[3323.285s][info][gc,heap        ] GC(717) Old regions: 536->474
[3323.285s][info][gc,heap        ] GC(717) Humongous regions: 80->80
[3323.285s][info][gc,metaspace   ] GC(717) Metaspace: 28907K(29376K)->28907K(29376K) NonClass: 24037K(24256K)->24037K(24256K) Class: 4869K(5120K)->4869K(5120K)
[3323.285s][info][gc             ] GC(717) Pause Young (Mixed) (G1 Evacuation Pause) 3665M->1323M(4096M) 135.397ms
[3323.285s][info][gc,cpu         ] GC(717) User=0.80s Sys=0.00s Real=0.13s
...[3326.398s][info][gc,start       ] GC(718) Pause Young (Concurrent Start) (G1 Evacuation Pause)
[3326.399s][info][gc,task        ] GC(718) Using 6 workers of 6 for evacuation
[3326.519s][info][gc,phases      ] GC(718)   Pre Evacuate Collection Set: 0.39ms
[3326.519s][info][gc,phases      ] GC(718)   Merge Heap Roots: 0.54ms
[3326.519s][info][gc,phases      ] GC(718)   Evacuate Collection Set: 118.88ms
[3326.519s][info][gc,phases      ] GC(718)   Post Evacuate Collection Set: 0.88ms
[3326.519s][info][gc,phases      ] GC(718)   Other: 0.13ms
[3326.519s][info][gc,heap        ] GC(718) Eden regions: 1119->0(1117)
[3326.519s][info][gc,heap        ] GC(718) Survivor regions: 109->111(154)
[3326.519s][info][gc,heap        ] GC(718) Old regions: 474->506
[3326.519s][info][gc,heap        ] GC(718) Humongous regions: 80->80
[3326.519s][info][gc,metaspace   ] GC(718) Metaspace: 28907K(29376K)->28907K(29376K) NonClass: 24037K(24256K)->24037K(24256K) Class: 4869K(5120K)->4869K(5120K)
[3326.519s][info][gc             ] GC(718) Pause Young (Concurrent Start) (G1 Evacuation Pause) 3561M->1392M(4096M) 120.965ms
[3326.519s][info][gc             ] GC(719) Concurrent Mark Cycle
[3326.519s][info][gc,marking     ] GC(719) Concurrent Scan Root Regions
[3326.519s][info][gc,cpu         ] GC(718) User=0.71s Sys=0.00s Real=0.13s
.[3326.703s][info][gc,marking     ] GC(719) Concurrent Scan Root Regions 183.209ms
[3326.703s][info][gc,marking     ] GC(719) Concurrent Mark
[3326.703s][info][gc,marking     ] GC(719) Concurrent Mark From Roots
[3326.703s][info][gc,task        ] GC(719) Using 2 workers of 2 for marking
[3327.394s][info][gc,marking     ] GC(719) Concurrent Mark From Roots 691.365ms
[3327.394s][info][gc,marking     ] GC(719) Concurrent Preclean
[3327.394s][info][gc,marking     ] GC(719) Concurrent Preclean 0.074ms
[3327.395s][info][gc,start       ] GC(719) Pause Remark
[3327.400s][info][gc             ] GC(719) Pause Remark 2074M->2074M(4096M) 5.854ms
[3327.400s][info][gc,cpu         ] GC(719) User=0.03s Sys=0.00s Real=0.01s
[3327.401s][info][gc,marking     ] GC(719) Concurrent Mark 698.257ms
[3327.401s][info][gc,marking     ] GC(719) Concurrent Rebuild Remembered Sets and Scrub Regions
.[3327.719s][info][gc,marking     ] GC(719) Concurrent Rebuild Remembered Sets and Scrub Regions 317.562ms
[3327.719s][info][gc,start       ] GC(719) Pause Cleanup
[3327.719s][info][gc             ] GC(719) Pause Cleanup 2308M->2308M(4096M) 0.102ms
[3327.719s][info][gc,cpu         ] GC(719) User=0.00s Sys=0.00s Real=0.00s
[3327.720s][info][gc,marking     ] GC(719) Concurrent Clear Claimed Marks
[3327.720s][info][gc,marking     ] GC(719) Concurrent Clear Claimed Marks 0.031ms
[3327.720s][info][gc,marking     ] GC(719) Concurrent Cleanup for Next Mark
[3327.723s][info][gc,marking     ] GC(719) Concurrent Cleanup for Next Mark 3.862ms
[3327.723s][info][gc             ] GC(719) Concurrent Mark Cycle 1203.992ms
..[3329.680s][info][gc,start       ] GC(720) Pause Young (Prepare Mixed) (G1 Evacuation Pause)
[3329.680s][info][gc,task        ] GC(720) Using 6 workers of 6 for evacuation
[3329.802s][info][gc,phases      ] GC(720)   Pre Evacuate Collection Set: 0.30ms
[3329.802s][info][gc,phases      ] GC(720)   Merge Heap Roots: 0.60ms
[3329.802s][info][gc,phases      ] GC(720)   Evacuate Collection Set: 119.49ms
[3329.802s][info][gc,phases      ] GC(720)   Post Evacuate Collection Set: 0.91ms
[3329.802s][info][gc,phases      ] GC(720)   Other: 0.10ms
[3329.802s][info][gc,heap        ] GC(720) Eden regions: 1117->0(1103)
[3329.802s][info][gc,heap        ] GC(720) Survivor regions: 111->112(154)
[3329.802s][info][gc,heap        ] GC(720) Old regions: 506->538
[3329.802s][info][gc,heap        ] GC(720) Humongous regions: 80->80
[3329.802s][info][gc,metaspace   ] GC(720) Metaspace: 28907K(29376K)->28907K(29376K) NonClass: 24037K(24256K)->24037K(24256K) Class: 4869K(5120K)->4869K(5120K)
[3329.802s][info][gc             ] GC(720) Pause Young (Prepare Mixed) (G1 Evacuation Pause) 3626M->1458M(4096M) 121.517ms
[3329.802s][info][gc,cpu         ] GC(720) User=0.72s Sys=0.00s Real=0.12s
...[3332.894s][info][gc,start       ] GC(721) Pause Young (Mixed) (G1 Evacuation Pause)
[3332.894s][info][gc,task        ] GC(721) Using 6 workers of 6 for evacuation
[3333.033s][info][gc,phases      ] GC(721)   Pre Evacuate Collection Set: 0.34ms
[3333.033s][info][gc,phases      ] GC(721)   Merge Heap Roots: 0.71ms
[3333.033s][info][gc,phases      ] GC(721)   Evacuate Collection Set: 137.03ms
[3333.033s][info][gc,phases      ] GC(721)   Post Evacuate Collection Set: 0.93ms
[3333.033s][info][gc,phases      ] GC(721)   Other: 0.10ms
[3333.033s][info][gc,heap        ] GC(721) Eden regions: 1103->0(1113)
[3333.033s][info][gc,heap        ] GC(721) Survivor regions: 112->115(152)
[3333.033s][info][gc,heap        ] GC(721) Old regions: 538->473
[3333.033s][info][gc,heap        ] GC(721) Humongous regions: 80->80
[3333.033s][info][gc,metaspace   ] GC(721) Metaspace: 28907K(29376K)->28907K(29376K) NonClass: 24037K(24256K)->24037K(24256K) Class: 4869K(5120K)->4869K(5120K)
[3333.033s][info][gc             ] GC(721) Pause Young (Mixed) (G1 Evacuation Pause) 3664M->1334M(4096M) 139.257ms
[3333.033s][info][gc,cpu         ] GC(721) User=0.83s Sys=0.00s Real=0.14s
...[3336.094s][info][gc,start       ] GC(722) Pause Young (Concurrent Start) (G1 Evacuation Pause)
[3336.094s][info][gc,task        ] GC(722) Using 6 workers of 6 for evacuation
[3336.209s][info][gc,phases      ] GC(722)   Pre Evacuate Collection Set: 0.35ms
[3336.209s][info][gc,phases      ] GC(722)   Merge Heap Roots: 0.50ms
[3336.209s][info][gc,phases      ] GC(722)   Evacuate Collection Set: 113.75ms
[3336.209s][info][gc,phases      ] GC(722)   Post Evacuate Collection Set: 0.88ms
[3336.209s][info][gc,phases      ] GC(722)   Other: 0.10ms
[3336.209s][info][gc,heap        ] GC(722) Eden regions: 1113->0(1121)
[3336.209s][info][gc,heap        ] GC(722) Survivor regions: 115->107(154)
[3336.209s][info][gc,heap        ] GC(722) Old regions: 473->506
[3336.209s][info][gc,heap        ] GC(722) Humongous regions: 80->80
[3336.209s][info][gc,metaspace   ] GC(722) Metaspace: 28907K(29376K)->28907K(29376K) NonClass: 24037K(24256K)->24037K(24256K) Class: 4869K(5120K)->4869K(5120K)
[3336.209s][info][gc             ] GC(722) Pause Young (Concurrent Start) (G1 Evacuation Pause) 3560M->1383M(4096M) 115.709ms
[3336.209s][info][gc             ] GC(723) Concurrent Mark Cycle
[3336.210s][info][gc,marking     ] GC(723) Concurrent Scan Root Regions
[3336.210s][info][gc,cpu         ] GC(722) User=0.69s Sys=0.00s Real=0.12s
[3336.381s][info][gc,marking     ] GC(723) Concurrent Scan Root Regions 171.139ms
[3336.381s][info][gc,marking     ] GC(723) Concurrent Mark
[3336.381s][info][gc,marking     ] GC(723) Concurrent Mark From Roots
[3336.381s][info][gc,task        ] GC(723) Using 2 workers of 2 for marking
.[3337.210s][info][gc,marking     ] GC(723) Concurrent Mark From Roots 828.850ms
[3337.210s][info][gc,marking     ] GC(723) Concurrent Preclean
[3337.210s][info][gc,marking     ] GC(723) Concurrent Preclean 0.085ms
[3337.210s][info][gc,start       ] GC(723) Pause Remark
[3337.215s][info][gc             ] GC(723) Pause Remark 2135M->2135M(4096M) 4.883ms
[3337.215s][info][gc,cpu         ] GC(723) User=0.03s Sys=0.00s Real=0.00s
[3337.215s][info][gc,marking     ] GC(723) Concurrent Mark 834.487ms
[3337.215s][info][gc,marking     ] GC(723) Concurrent Rebuild Remembered Sets and Scrub Regions
[3337.521s][info][gc,marking     ] GC(723) Concurrent Rebuild Remembered Sets and Scrub Regions 305.453ms
[3337.521s][info][gc,start       ] GC(723) Pause Cleanup
[3337.521s][info][gc             ] GC(723) Pause Cleanup 2349M->2349M(4096M) 0.113ms
[3337.521s][info][gc,cpu         ] GC(723) User=0.00s Sys=0.00s Real=0.00s
[3337.521s][info][gc,marking     ] GC(723) Concurrent Clear Claimed Marks
[3337.521s][info][gc,marking     ] GC(723) Concurrent Clear Claimed Marks 0.025ms
[3337.521s][info][gc,marking     ] GC(723) Concurrent Cleanup for Next Mark
[3337.526s][info][gc,marking     ] GC(723) Concurrent Cleanup for Next Mark 4.492ms
[3337.526s][info][gc             ] GC(723) Concurrent Mark Cycle 1316.118ms
..[3339.346s][info][gc,start       ] GC(724) Pause Young (Prepare Mixed) (G1 Evacuation Pause)
[3339.346s][info][gc,task        ] GC(724) Using 6 workers of 6 for evacuation
[3339.465s][info][gc,phases      ] GC(724)   Pre Evacuate Collection Set: 0.30ms
[3339.465s][info][gc,phases      ] GC(724)   Merge Heap Roots: 0.54ms
[3339.465s][info][gc,phases      ] GC(724)   Evacuate Collection Set: 117.26ms
[3339.465s][info][gc,phases      ] GC(724)   Post Evacuate Collection Set: 0.94ms
[3339.465s][info][gc,phases      ] GC(724)   Other: 0.08ms
[3339.465s][info][gc,heap        ] GC(724) Eden regions: 1121->0(1105)
[3339.465s][info][gc,heap        ] GC(724) Survivor regions: 107->111(154)
[3339.465s][info][gc,heap        ] GC(724) Old regions: 506->538
[3339.465s][info][gc,heap        ] GC(724) Humongous regions: 80->80
[3339.465s][info][gc,metaspace   ] GC(724) Metaspace: 28907K(29376K)->28907K(29376K) NonClass: 24037K(24256K)->24037K(24256K) Class: 4869K(5120K)->4869K(5120K)
[3339.465s][info][gc             ] GC(724) Pause Young (Prepare Mixed) (G1 Evacuation Pause) 3625M->1457M(4096M) 119.276ms
[3339.465s][info][gc,cpu         ] GC(724) User=0.71s Sys=0.00s Real=0.12s
...[3342.582s][info][gc,start       ] GC(725) Pause Young (Mixed) (G1 Evacuation Pause)
[3342.582s][info][gc,task        ] GC(725) Using 6 workers of 6 for evacuation
[3342.718s][info][gc,phases      ] GC(725)   Pre Evacuate Collection Set: 0.35ms
[3342.718s][info][gc,phases      ] GC(725)   Merge Heap Roots: 0.75ms
[3342.718s][info][gc,phases      ] GC(725)   Evacuate Collection Set: 133.78ms
[3342.718s][info][gc,phases      ] GC(725)   Post Evacuate Collection Set: 0.93ms
[3342.718s][info][gc,phases      ] GC(725)   Other: 0.08ms
[3342.718s][info][gc,heap        ] GC(725) Eden regions: 1105->0(1118)
[3342.718s][info][gc,heap        ] GC(725) Survivor regions: 111->110(152)
[3342.718s][info][gc,heap        ] GC(725) Old regions: 538->474
[3342.718s][info][gc,heap        ] GC(725) Humongous regions: 80->80
[3342.718s][info][gc,metaspace   ] GC(725) Metaspace: 28907K(29376K)->28907K(29376K) NonClass: 24037K(24256K)->24037K(24256K) Class: 4869K(5120K)->4869K(5120K)
[3342.718s][info][gc             ] GC(725) Pause Young (Mixed) (G1 Evacuation Pause) 3667M->1325M(4096M) 136.019ms
[3342.718s][info][gc,cpu         ] GC(725) User=0.81s Sys=0.00s Real=0.13s
....[3345.886s][info][gc,start       ] GC(726) Pause Young (Concurrent Start) (G1 Evacuation Pause)
[3345.886s][info][gc,task        ] GC(726) Using 6 workers of 6 for evacuation
[3346.006s][info][gc,phases      ] GC(726)   Pre Evacuate Collection Set: 0.33ms
[3346.006s][info][gc,phases      ] GC(726)   Merge Heap Roots: 0.48ms
[3346.006s][info][gc,phases      ] GC(726)   Evacuate Collection Set: 118.69ms
[3346.006s][info][gc,phases      ] GC(726)   Post Evacuate Collection Set: 0.87ms
[3346.006s][info][gc,phases      ] GC(726)   Other: 0.10ms
[3346.006s][info][gc,heap        ] GC(726) Eden regions: 1118->0(1117)
[3346.006s][info][gc,heap        ] GC(726) Survivor regions: 110->111(154)
[3346.006s][info][gc,heap        ] GC(726) Old regions: 474->505
[3346.006s][info][gc,heap        ] GC(726) Humongous regions: 80->80
[3346.006s][info][gc,metaspace   ] GC(726) Metaspace: 28907K(29376K)->28907K(29376K) NonClass: 24037K(24256K)->24037K(24256K) Class: 4869K(5120K)->4869K(5120K)
[3346.006s][info][gc             ] GC(726) Pause Young (Concurrent Start) (G1 Evacuation Pause) 3561M->1389M(4096M) 120.612ms
[3346.006s][info][gc             ] GC(727) Concurrent Mark Cycle
[3346.006s][info][gc,marking     ] GC(727) Concurrent Scan Root Regions
[3346.006s][info][gc,cpu         ] GC(726) User=0.72s Sys=0.00s Real=0.12s
[3346.183s][info][gc,marking     ] GC(727) Concurrent Scan Root Regions 176.883ms
[3346.183s][info][gc,marking     ] GC(727) Concurrent Mark
[3346.183s][info][gc,marking     ] GC(727) Concurrent Mark From Roots
[3346.183s][info][gc,task        ] GC(727) Using 2 workers of 2 for marking
.[3347.132s][info][gc,marking     ] GC(727) Concurrent Mark From Roots 948.815ms
[3347.132s][info][gc,marking     ] GC(727) Concurrent Preclean
[3347.132s][info][gc,marking     ] GC(727) Concurrent Preclean 0.092ms
[3347.135s][info][gc,start       ] GC(727) Pause Remark
[3347.142s][info][gc             ] GC(727) Pause Remark 2257M->2257M(4096M) 6.424ms
[3347.142s][info][gc,cpu         ] GC(727) User=0.04s Sys=0.00s Real=0.01s
[3347.142s][info][gc,marking     ] GC(727) Concurrent Mark 958.509ms
[3347.142s][info][gc,marking     ] GC(727) Concurrent Rebuild Remembered Sets and Scrub Regions
[3347.416s][info][gc,marking     ] GC(727) Concurrent Rebuild Remembered Sets and Scrub Regions 273.828ms
[3347.416s][info][gc,start       ] GC(727) Pause Cleanup
[3347.416s][info][gc             ] GC(727) Pause Cleanup 2502M->2502M(4096M) 0.113ms
[3347.416s][info][gc,cpu         ] GC(727) User=0.00s Sys=0.00s Real=0.00s
[3347.417s][info][gc,marking     ] GC(727) Concurrent Clear Claimed Marks
[3347.417s][info][gc,marking     ] GC(727) Concurrent Clear Claimed Marks 0.034ms
[3347.417s][info][gc,marking     ] GC(727) Concurrent Cleanup for Next Mark
[3347.421s][info][gc,marking     ] GC(727) Concurrent Cleanup for Next Mark 4.660ms
[3347.421s][info][gc             ] GC(727) Concurrent Mark Cycle 1414.915ms
..[3349.081s][info][gc,start       ] GC(728) Pause Young (Prepare Mixed) (G1 Evacuation Pause)
[3349.081s][info][gc,task        ] GC(728) Using 6 workers of 6 for evacuation
[3349.199s][info][gc,phases      ] GC(728)   Pre Evacuate Collection Set: 0.34ms
[3349.199s][info][gc,phases      ] GC(728)   Merge Heap Roots: 0.57ms
[3349.199s][info][gc,phases      ] GC(728)   Evacuate Collection Set: 115.69ms
[3349.199s][info][gc,phases      ] GC(728)   Post Evacuate Collection Set: 0.94ms
[3349.199s][info][gc,phases      ] GC(728)   Other: 0.10ms
[3349.199s][info][gc,heap        ] GC(728) Eden regions: 1117->0(1111)
[3349.199s][info][gc,heap        ] GC(728) Survivor regions: 111->109(154)
[3349.199s][info][gc,heap        ] GC(728) Old regions: 505->536
[3349.199s][info][gc,heap        ] GC(728) Humongous regions: 80->80
[3349.199s][info][gc,metaspace   ] GC(728) Metaspace: 28907K(29376K)->28907K(29376K) NonClass: 24037K(24256K)->24037K(24256K) Class: 4869K(5120K)->4869K(5120K)
[3349.199s][info][gc             ] GC(728) Pause Young (Prepare Mixed) (G1 Evacuation Pause) 3623M->1449M(4096M) 117.770ms
[3349.199s][info][gc,cpu         ] GC(728) User=0.70s Sys=0.00s Real=0.11s
...[3352.313s][info][gc,start       ] GC(729) Pause Young (Mixed) (G1 Evacuation Pause)
[3352.313s][info][gc,task        ] GC(729) Using 6 workers of 6 for evacuation
[3352.448s][info][gc,phases      ] GC(729)   Pre Evacuate Collection Set: 0.42ms
[3352.448s][info][gc,phases      ] GC(729)   Merge Heap Roots: 0.91ms
[3352.448s][info][gc,phases      ] GC(729)   Evacuate Collection Set: 132.62ms
[3352.448s][info][gc,phases      ] GC(729)   Post Evacuate Collection Set: 0.94ms
[3352.448s][info][gc,phases      ] GC(729)   Other: 0.10ms
[3352.448s][info][gc,heap        ] GC(729) Eden regions: 1111->0(1120)
[3352.448s][info][gc,heap        ] GC(729) Survivor regions: 109->108(153)
[3352.448s][info][gc,heap        ] GC(729) Old regions: 536->473
[3352.448s][info][gc,heap        ] GC(729) Humongous regions: 80->80
[3352.448s][info][gc,metaspace   ] GC(729) Metaspace: 28907K(29376K)->28907K(29376K) NonClass: 24037K(24256K)->24037K(24256K) Class: 4869K(5120K)->4869K(5120K)
[3352.448s][info][gc             ] GC(729) Pause Young (Mixed) (G1 Evacuation Pause) 3671M->1320M(4096M) 135.125ms
[3352.448s][info][gc,cpu         ] GC(729) User=0.80s Sys=0.00s Real=0.13s
...[3355.568s][info][gc,start       ] GC(730) Pause Young (Concurrent Start) (G1 Evacuation Pause)
[3355.568s][info][gc,task        ] GC(730) Using 6 workers of 6 for evacuation
[3355.689s][info][gc,phases      ] GC(730)   Pre Evacuate Collection Set: 0.39ms
[3355.689s][info][gc,phases      ] GC(730)   Merge Heap Roots: 0.56ms
[3355.689s][info][gc,phases      ] GC(730)   Evacuate Collection Set: 118.93ms
[3355.689s][info][gc,phases      ] GC(730)   Post Evacuate Collection Set: 0.89ms
[3355.689s][info][gc,phases      ] GC(730)   Other: 0.13ms
[3355.689s][info][gc,heap        ] GC(730) Eden regions: 1120->0(1116)
[3355.689s][info][gc,heap        ] GC(730) Survivor regions: 108->112(154)
[3355.689s][info][gc,heap        ] GC(730) Old regions: 473->505
[3355.689s][info][gc,heap        ] GC(730) Humongous regions: 80->80
[3355.689s][info][gc,metaspace   ] GC(730) Metaspace: 28907K(29376K)->28907K(29376K) NonClass: 24037K(24256K)->24037K(24256K) Class: 4869K(5120K)->4869K(5120K)
[3355.689s][info][gc             ] GC(730) Pause Young (Concurrent Start) (G1 Evacuation Pause) 3560M->1392M(4096M) 121.053ms
[3355.689s][info][gc             ] GC(731) Concurrent Mark Cycle
[3355.689s][info][gc,marking     ] GC(731) Concurrent Scan Root Regions
[3355.689s][info][gc,cpu         ] GC(730) User=0.72s Sys=0.00s Real=0.12s
.[3355.867s][info][gc,marking     ] GC(731) Concurrent Scan Root Regions 178.057ms
[3355.867s][info][gc,marking     ] GC(731) Concurrent Mark
[3355.867s][info][gc,marking     ] GC(731) Concurrent Mark From Roots
[3355.867s][info][gc,task        ] GC(731) Using 2 workers of 2 for marking
.[3356.863s][info][gc,marking     ] GC(731) Concurrent Mark From Roots 995.952ms
[3356.863s][info][gc,marking     ] GC(731) Concurrent Preclean
[3356.863s][info][gc,marking     ] GC(731) Concurrent Preclean 0.085ms
[3356.864s][info][gc,start       ] GC(731) Pause Remark
[3356.870s][info][gc             ] GC(731) Pause Remark 2267M->2267M(4096M) 6.095ms
[3356.870s][info][gc,cpu         ] GC(731) User=0.03s Sys=0.00s Real=0.01s
[3356.871s][info][gc,marking     ] GC(731) Concurrent Mark 1004.201ms
[3356.871s][info][gc,marking     ] GC(731) Concurrent Rebuild Remembered Sets and Scrub Regions
[3357.125s][info][gc,marking     ] GC(731) Concurrent Rebuild Remembered Sets and Scrub Regions 254.083ms
[3357.126s][info][gc,start       ] GC(731) Pause Cleanup
[3357.126s][info][gc             ] GC(731) Pause Cleanup 2463M->2463M(4096M) 0.113ms
[3357.126s][info][gc,cpu         ] GC(731) User=0.00s Sys=0.00s Real=0.00s
[3357.126s][info][gc,marking     ] GC(731) Concurrent Clear Claimed Marks
[3357.126s][info][gc,marking     ] GC(731) Concurrent Clear Claimed Marks 0.030ms
[3357.126s][info][gc,marking     ] GC(731) Concurrent Cleanup for Next Mark
[3357.129s][info][gc,marking     ] GC(731) Concurrent Cleanup for Next Mark 3.393ms
[3357.129s][info][gc             ] GC(731) Concurrent Mark Cycle 1440.297ms
..[3358.889s][info][gc,start       ] GC(732) Pause Young (Prepare Mixed) (G1 Evacuation Pause)
[3358.889s][info][gc,task        ] GC(732) Using 6 workers of 6 for evacuation
[3359.008s][info][gc,phases      ] GC(732)   Pre Evacuate Collection Set: 0.33ms
[3359.008s][info][gc,phases      ] GC(732)   Merge Heap Roots: 0.57ms
[3359.008s][info][gc,phases      ] GC(732)   Evacuate Collection Set: 117.40ms
[3359.008s][info][gc,phases      ] GC(732)   Post Evacuate Collection Set: 0.92ms
[3359.008s][info][gc,phases      ] GC(732)   Other: 0.08ms
[3359.009s][info][gc,heap        ] GC(732) Eden regions: 1116->0(1104)
[3359.009s][info][gc,heap        ] GC(732) Survivor regions: 112->112(154)
[3359.009s][info][gc,heap        ] GC(732) Old regions: 505->537
[3359.009s][info][gc,heap        ] GC(732) Humongous regions: 80->80
[3359.009s][info][gc,metaspace   ] GC(732) Metaspace: 28907K(29376K)->28907K(29376K) NonClass: 24037K(24256K)->24037K(24256K) Class: 4869K(5120K)->4869K(5120K)
[3359.009s][info][gc             ] GC(732) Pause Young (Prepare Mixed) (G1 Evacuation Pause) 3624M->1456M(4096M) 119.456ms
[3359.009s][info][gc,cpu         ] GC(732) User=0.71s Sys=0.00s Real=0.12s
...[3362.025s][info][gc,start       ] GC(733) Pause Young (Mixed) (G1 Evacuation Pause)
[3362.025s][info][gc,task        ] GC(733) Using 6 workers of 6 for evacuation
[3362.158s][info][gc,phases      ] GC(733)   Pre Evacuate Collection Set: 0.35ms
[3362.158s][info][gc,phases      ] GC(733)   Merge Heap Roots: 0.71ms
[3362.158s][info][gc,phases      ] GC(733)   Evacuate Collection Set: 131.24ms
[3362.158s][info][gc,phases      ] GC(733)   Post Evacuate Collection Set: 0.97ms
[3362.158s][info][gc,phases      ] GC(733)   Other: 0.09ms
[3362.158s][info][gc,heap        ] GC(733) Eden regions: 1104->0(1119)
[3362.158s][info][gc,heap        ] GC(733) Survivor regions: 112->109(152)
[3362.158s][info][gc,heap        ] GC(733) Old regions: 537->472
[3362.158s][info][gc,heap        ] GC(733) Humongous regions: 80->80
[3362.158s][info][gc,metaspace   ] GC(733) Metaspace: 28907K(29376K)->28907K(29376K) NonClass: 24037K(24256K)->24037K(24256K) Class: 4869K(5120K)->4869K(5120K)
[3362.158s][info][gc             ] GC(733) Pause Young (Mixed) (G1 Evacuation Pause) 3664M->1320M(4096M) 133.503ms
[3362.158s][info][gc,cpu         ] GC(733) User=0.79s Sys=0.00s Real=0.13s
...[3365.304s][info][gc,start       ] GC(734) Pause Young (Concurrent Start) (G1 Evacuation Pause)
[3365.304s][info][gc,task        ] GC(734) Using 6 workers of 6 for evacuation
[3365.425s][info][gc,phases      ] GC(734)   Pre Evacuate Collection Set: 0.37ms
[3365.425s][info][gc,phases      ] GC(734)   Merge Heap Roots: 0.57ms
[3365.425s][info][gc,phases      ] GC(734)   Evacuate Collection Set: 119.11ms
[3365.425s][info][gc,phases      ] GC(734)   Post Evacuate Collection Set: 0.88ms
[3365.425s][info][gc,phases      ] GC(734)   Other: 0.10ms
[3365.425s][info][gc,heap        ] GC(734) Eden regions: 1119->0(1119)
[3365.425s][info][gc,heap        ] GC(734) Survivor regions: 109->109(154)
[3365.425s][info][gc,heap        ] GC(734) Old regions: 472->505
[3365.425s][info][gc,heap        ] GC(734) Humongous regions: 80->80
[3365.425s][info][gc,metaspace   ] GC(734) Metaspace: 28907K(29376K)->28907K(29376K) NonClass: 24037K(24256K)->24037K(24256K) Class: 4869K(5120K)->4869K(5120K)
[3365.425s][info][gc             ] GC(734) Pause Young (Concurrent Start) (G1 Evacuation Pause) 3558M->1387M(4096M) 121.164ms
[3365.425s][info][gc             ] GC(735) Concurrent Mark Cycle
[3365.425s][info][gc,marking     ] GC(735) Concurrent Scan Root Regions
[3365.425s][info][gc,cpu         ] GC(734) User=0.73s Sys=0.00s Real=0.12s
[3365.573s][info][gc,marking     ] GC(735) Concurrent Scan Root Regions 148.493ms
[3365.573s][info][gc,marking     ] GC(735) Concurrent Mark
[3365.573s][info][gc,marking     ] GC(735) Concurrent Mark From Roots
[3365.573s][info][gc,task        ] GC(735) Using 2 workers of 2 for marking
.[3366.277s][info][gc,marking     ] GC(735) Concurrent Mark From Roots 703.445ms
[3366.277s][info][gc,marking     ] GC(735) Concurrent Preclean
[3366.277s][info][gc,marking     ] GC(735) Concurrent Preclean 0.106ms
[3366.277s][info][gc,start       ] GC(735) Pause Remark
[3366.282s][info][gc             ] GC(735) Pause Remark 2029M->2029M(4096M) 4.794ms
[3366.282s][info][gc,cpu         ] GC(735) User=0.03s Sys=0.00s Real=0.01s
[3366.282s][info][gc,marking     ] GC(735) Concurrent Mark 708.809ms
[3366.282s][info][gc,marking     ] GC(735) Concurrent Rebuild Remembered Sets and Scrub Regions
[3366.553s][info][gc,marking     ] GC(735) Concurrent Rebuild Remembered Sets and Scrub Regions 271.070ms
[3366.553s][info][gc,start       ] GC(735) Pause Cleanup
[3366.553s][info][gc             ] GC(735) Pause Cleanup 2227M->2227M(4096M) 0.113ms
[3366.553s][info][gc,cpu         ] GC(735) User=0.00s Sys=0.00s Real=0.00s
[3366.553s][info][gc,marking     ] GC(735) Concurrent Clear Claimed Marks
[3366.553s][info][gc,marking     ] GC(735) Concurrent Clear Claimed Marks 0.034ms
[3366.553s][info][gc,marking     ] GC(735) Concurrent Cleanup for Next Mark
[3366.558s][info][gc,marking     ] GC(735) Concurrent Cleanup for Next Mark 4.799ms
[3366.558s][info][gc             ] GC(735) Concurrent Mark Cycle 1133.633ms
..[3368.571s][info][gc,start       ] GC(736) Pause Young (Prepare Mixed) (G1 Evacuation Pause)
[3368.571s][info][gc,task        ] GC(736) Using 6 workers of 6 for evacuation
[3368.690s][info][gc,phases      ] GC(736)   Pre Evacuate Collection Set: 0.31ms
[3368.690s][info][gc,phases      ] GC(736)   Merge Heap Roots: 0.58ms
[3368.690s][info][gc,phases      ] GC(736)   Evacuate Collection Set: 117.11ms
[3368.690s][info][gc,phases      ] GC(736)   Post Evacuate Collection Set: 0.93ms
[3368.690s][info][gc,phases      ] GC(736)   Other: 0.09ms
[3368.690s][info][gc,heap        ] GC(736) Eden regions: 1119->0(1107)
[3368.690s][info][gc,heap        ] GC(736) Survivor regions: 109->111(154)
[3368.690s][info][gc,heap        ] GC(736) Old regions: 505->536
[3368.690s][info][gc,heap        ] GC(736) Humongous regions: 80->80
[3368.690s][info][gc,metaspace   ] GC(736) Metaspace: 28907K(29376K)->28907K(29376K) NonClass: 24037K(24256K)->24037K(24256K) Class: 4869K(5120K)->4869K(5120K)
[3368.690s][info][gc             ] GC(736) Pause Young (Prepare Mixed) (G1 Evacuation Pause) 3625M->1452M(4096M) 119.159ms
[3368.690s][info][gc,cpu         ] GC(736) User=0.71s Sys=0.00s Real=0.12s
....[3371.805s][info][gc,start       ] GC(737) Pause Young (Mixed) (G1 Evacuation Pause)
[3371.805s][info][gc,task        ] GC(737) Using 6 workers of 6 for evacuation
[3371.952s][info][gc,phases      ] GC(737)   Pre Evacuate Collection Set: 0.34ms
[3371.952s][info][gc,phases      ] GC(737)   Merge Heap Roots: 0.93ms
[3371.952s][info][gc,phases      ] GC(737)   Evacuate Collection Set: 144.42ms
[3371.952s][info][gc,phases      ] GC(737)   Post Evacuate Collection Set: 0.94ms
[3371.952s][info][gc,phases      ] GC(737)   Other: 0.08ms
[3371.952s][info][gc,heap        ] GC(737) Eden regions: 1107->0(1117)
[3371.952s][info][gc,heap        ] GC(737) Survivor regions: 111->111(153)
[3371.952s][info][gc,heap        ] GC(737) Old regions: 536->473
[3371.952s][info][gc,heap        ] GC(737) Humongous regions: 80->80
[3371.952s][info][gc,metaspace   ] GC(737) Metaspace: 28907K(29376K)->28907K(29376K) NonClass: 24037K(24256K)->24037K(24256K) Class: 4869K(5120K)->4869K(5120K)
[3371.952s][info][gc             ] GC(737) Pause Young (Mixed) (G1 Evacuation Pause) 3666M->1326M(4096M) 146.841ms
[3371.952s][info][gc,cpu         ] GC(737) User=0.87s Sys=0.00s Real=0.15s
...[3375.003s][info][gc,start       ] GC(738) Pause Young (Concurrent Start) (G1 Evacuation Pause)
[3375.003s][info][gc,task        ] GC(738) Using 6 workers of 6 for evacuation
[3375.118s][info][gc,phases      ] GC(738)   Pre Evacuate Collection Set: 0.36ms
[3375.119s][info][gc,phases      ] GC(738)   Merge Heap Roots: 0.49ms
[3375.119s][info][gc,phases      ] GC(738)   Evacuate Collection Set: 113.17ms
[3375.119s][info][gc,phases      ] GC(738)   Post Evacuate Collection Set: 0.88ms
[3375.119s][info][gc,phases      ] GC(738)   Other: 0.11ms
[3375.119s][info][gc,heap        ] GC(738) Eden regions: 1117->0(1121)
[3375.119s][info][gc,heap        ] GC(738) Survivor regions: 111->107(154)
[3375.119s][info][gc,heap        ] GC(738) Old regions: 473->505
[3375.119s][info][gc,heap        ] GC(738) Humongous regions: 80->80
[3375.119s][info][gc,metaspace   ] GC(738) Metaspace: 28907K(29376K)->28907K(29376K) NonClass: 24037K(24256K)->24037K(24256K) Class: 4869K(5120K)->4869K(5120K)
[3375.119s][info][gc             ] GC(738) Pause Young (Concurrent Start) (G1 Evacuation Pause) 3560M->1382M(4096M) 115.146ms
[3375.119s][info][gc             ] GC(739) Concurrent Mark Cycle
[3375.119s][info][gc,marking     ] GC(739) Concurrent Scan Root Regions
[3375.119s][info][gc,cpu         ] GC(738) User=0.69s Sys=0.00s Real=0.11s
[3375.256s][info][gc,marking     ] GC(739) Concurrent Scan Root Regions 137.747ms
[3375.256s][info][gc,marking     ] GC(739) Concurrent Mark
[3375.256s][info][gc,marking     ] GC(739) Concurrent Mark From Roots
[3375.256s][info][gc,task        ] GC(739) Using 2 workers of 2 for marking
.[3375.943s][info][gc,marking     ] GC(739) Concurrent Mark From Roots 686.376ms
[3375.943s][info][gc,marking     ] GC(739) Concurrent Preclean
[3375.943s][info][gc,marking     ] GC(739) Concurrent Preclean 0.100ms
[3375.943s][info][gc,start       ] GC(739) Pause Remark
[3375.948s][info][gc             ] GC(739) Pause Remark 1991M->1991M(4096M) 5.100ms
[3375.948s][info][gc,cpu         ] GC(739) User=0.02s Sys=0.00s Real=0.00s
[3375.948s][info][gc,marking     ] GC(739) Concurrent Mark 691.857ms
[3375.948s][info][gc,marking     ] GC(739) Concurrent Rebuild Remembered Sets and Scrub Regions
[3376.248s][info][gc,marking     ] GC(739) Concurrent Rebuild Remembered Sets and Scrub Regions 299.360ms
[3376.248s][info][gc,start       ] GC(739) Pause Cleanup
[3376.248s][info][gc             ] GC(739) Pause Cleanup 2197M->2197M(4096M) 0.100ms
[3376.248s][info][gc,cpu         ] GC(739) User=0.00s Sys=0.00s Real=0.00s
[3376.251s][info][gc,marking     ] GC(739) Concurrent Clear Claimed Marks
[3376.251s][info][gc,marking     ] GC(739) Concurrent Clear Claimed Marks 0.055ms
[3376.251s][info][gc,marking     ] GC(739) Concurrent Cleanup for Next Mark
[3376.256s][info][gc,marking     ] GC(739) Concurrent Cleanup for Next Mark 4.762ms
[3376.256s][info][gc             ] GC(739) Concurrent Mark Cycle 1137.280ms
..[3378.309s][info][gc,start       ] GC(740) Pause Young (Prepare Mixed) (G1 Evacuation Pause)
[3378.309s][info][gc,task        ] GC(740) Using 6 workers of 6 for evacuation
[3378.427s][info][gc,phases      ] GC(740)   Pre Evacuate Collection Set: 0.32ms
[3378.427s][info][gc,phases      ] GC(740)   Merge Heap Roots: 0.55ms
[3378.427s][info][gc,phases      ] GC(740)   Evacuate Collection Set: 116.29ms
[3378.427s][info][gc,phases      ] GC(740)   Post Evacuate Collection Set: 0.91ms
[3378.427s][info][gc,phases      ] GC(740)   Other: 0.10ms
[3378.428s][info][gc,heap        ] GC(740) Eden regions: 1121->0(1110)
[3378.428s][info][gc,heap        ] GC(740) Survivor regions: 107->109(154)
[3378.428s][info][gc,heap        ] GC(740) Old regions: 505->537
[3378.428s][info][gc,heap        ] GC(740) Humongous regions: 80->80
[3378.428s][info][gc,metaspace   ] GC(740) Metaspace: 28907K(29376K)->28907K(29376K) NonClass: 24037K(24256K)->24037K(24256K) Class: 4869K(5120K)->4869K(5120K)
[3378.428s][info][gc             ] GC(740) Pause Young (Prepare Mixed) (G1 Evacuation Pause) 3624M->1451M(4096M) 118.297ms
[3378.428s][info][gc,cpu         ] GC(740) User=0.70s Sys=0.01s Real=0.11s
.. (rIR:aIR:PR = 5812:5809:5809) (tPR = 86643) [OK] 
  3379s: Performance info:
         Transaction,    Success,    Partial,     Failed,   Receipts, AvgBarcode, 
             Overall,     349435,          0,          0,     331968,      59.48, 
         Response times:
             Request,    Success,    Partial,     Failed,   SkipFail,     Probes,    Samples,      min,      p50,      p90,      p95,      p99,      max, 
       TotalPurchase,     331969,          0,          0,          0,     325353,     359682,      300,     5000,    19900,    49000,   107000,   237000,
     InStorePurchase,     174716,          0,          0,          0,     171650,     189558,      300,     5000,    19600,    49000,   107000,   237000,
      OnlinePurchase,     122300,          0,          0,          0,     119823,     132275,      300,     5000,    19700,    48000,   106000,   237000,
        InstPurchase,      34953,          0,          0,          0,      33880,      37849,      400,     5300,    22000,    52000,   111000,   179000,
          AssocOfCat,        350,          0,          0,          0,        269,        383,    28000,    38000,    67200,   111600,   180480,   191000,
      AssocOfProduct,       3494,          0,          0,          0,       3241,       3769,      600,     4600,    19300,    46000,   100300,   143000,
      BusinessReport,        874,          0,          0,          0,        787,        963,    29000,    42000,    73600,   103800,   165800,   199000,
          CustBuyBeh,       3483,          0,          0,          0,       3274,       3866,      200,     3100,    14720,    38000,    82330,   189000,
       ProductReturn,       9259,          0,          0,          0,       8805,       9971,      200,     4300,    18980,    47000,   106000,   195000,

  3379s: (43%)   IR =   5950 .[3381.532s][info][gc,start       ] GC(741) Pause Young (Mixed) (G1 Evacuation Pause)
[3381.532s][info][gc,task        ] GC(741) Using 6 workers of 6 for evacuation
[3381.665s][info][gc,phases      ] GC(741)   Pre Evacuate Collection Set: 0.33ms
[3381.665s][info][gc,phases      ] GC(741)   Merge Heap Roots: 0.78ms
[3381.665s][info][gc,phases      ] GC(741)   Evacuate Collection Set: 131.39ms
[3381.665s][info][gc,phases      ] GC(741)   Post Evacuate Collection Set: 0.99ms
[3381.665s][info][gc,phases      ] GC(741)   Other: 0.09ms
[3381.665s][info][gc,heap        ] GC(741) Eden regions: 1110->0(1117)
[3381.665s][info][gc,heap        ] GC(741) Survivor regions: 109->111(153)
[3381.665s][info][gc,heap        ] GC(741) Old regions: 537->474
[3381.665s][info][gc,heap        ] GC(741) Humongous regions: 80->80
[3381.665s][info][gc,metaspace   ] GC(741) Metaspace: 28909K(29376K)->28909K(29376K) NonClass: 24039K(24256K)->24039K(24256K) Class: 4869K(5120K)->4869K(5120K)
[3381.665s][info][gc             ] GC(741) Pause Young (Mixed) (G1 Evacuation Pause) 3671M->1328M(4096M) 133.718ms
[3381.665s][info][gc,cpu         ] GC(741) User=0.80s Sys=0.00s Real=0.13s
...|[3384.628s][info][gc,start       ] GC(742) Pause Young (Concurrent Start) (G1 Evacuation Pause)
[3384.628s][info][gc,task        ] GC(742) Using 6 workers of 6 for evacuation
[3384.748s][info][gc,phases      ] GC(742)   Pre Evacuate Collection Set: 0.37ms
[3384.748s][info][gc,phases      ] GC(742)   Merge Heap Roots: 0.48ms
[3384.748s][info][gc,phases      ] GC(742)   Evacuate Collection Set: 118.30ms
[3384.748s][info][gc,phases      ] GC(742)   Post Evacuate Collection Set: 0.93ms
[3384.748s][info][gc,phases      ] GC(742)   Other: 0.10ms
[3384.748s][info][gc,heap        ] GC(742) Eden regions: 1117->0(1115)
[3384.748s][info][gc,heap        ] GC(742) Survivor regions: 111->113(154)
[3384.748s][info][gc,heap        ] GC(742) Old regions: 474->507
[3384.748s][info][gc,heap        ] GC(742) Humongous regions: 80->80
[3384.748s][info][gc,metaspace   ] GC(742) Metaspace: 28909K(29376K)->28909K(29376K) NonClass: 24039K(24256K)->24039K(24256K) Class: 4869K(5120K)->4869K(5120K)
[3384.749s][info][gc             ] GC(742) Pause Young (Concurrent Start) (G1 Evacuation Pause) 3562M->1397M(4096M) 120.310ms
[3384.749s][info][gc             ] GC(743) Concurrent Mark Cycle
[3384.749s][info][gc,marking     ] GC(743) Concurrent Scan Root Regions
[3384.749s][info][gc,cpu         ] GC(742) User=0.71s Sys=0.00s Real=0.12s
.[3384.928s][info][gc,marking     ] GC(743) Concurrent Scan Root Regions 179.513ms
[3384.928s][info][gc,marking     ] GC(743) Concurrent Mark
[3384.928s][info][gc,marking     ] GC(743) Concurrent Mark From Roots
[3384.928s][info][gc,task        ] GC(743) Using 2 workers of 2 for marking
.[3385.920s][info][gc,marking     ] GC(743) Concurrent Mark From Roots 992.273ms
[3385.920s][info][gc,marking     ] GC(743) Concurrent Preclean
[3385.921s][info][gc,marking     ] GC(743) Concurrent Preclean 0.093ms
[3385.921s][info][gc,start       ] GC(743) Pause Remark
[3385.928s][info][gc             ] GC(743) Pause Remark 2282M->2282M(4096M) 6.933ms
[3385.928s][info][gc,cpu         ] GC(743) User=0.04s Sys=0.00s Real=0.00s
[3385.928s][info][gc,marking     ] GC(743) Concurrent Mark 999.548ms
[3385.928s][info][gc,marking     ] GC(743) Concurrent Rebuild Remembered Sets and Scrub Regions
[3386.169s][info][gc,marking     ] GC(743) Concurrent Rebuild Remembered Sets and Scrub Regions 241.572ms
[3386.169s][info][gc,start       ] GC(743) Pause Cleanup
[3386.170s][info][gc             ] GC(743) Pause Cleanup 2448M->2448M(4096M) 0.112ms
[3386.170s][info][gc,cpu         ] GC(743) User=0.00s Sys=0.00s Real=0.00s
[3386.170s][info][gc,marking     ] GC(743) Concurrent Clear Claimed Marks
[3386.170s][info][gc,marking     ] GC(743) Concurrent Clear Claimed Marks 0.029ms
[3386.170s][info][gc,marking     ] GC(743) Concurrent Cleanup for Next Mark
[3386.174s][info][gc,marking     ] GC(743) Concurrent Cleanup for Next Mark 4.551ms
[3386.174s][info][gc             ] GC(743) Concurrent Mark Cycle 1425.797ms
.[3387.837s][info][gc,start       ] GC(744) Pause Young (Prepare Mixed) (G1 Evacuation Pause)
[3387.837s][info][gc,task        ] GC(744) Using 6 workers of 6 for evacuation
[3387.955s][info][gc,phases      ] GC(744)   Pre Evacuate Collection Set: 0.30ms
[3387.955s][info][gc,phases      ] GC(744)   Merge Heap Roots: 0.56ms
[3387.955s][info][gc,phases      ] GC(744)   Evacuate Collection Set: 116.77ms
[3387.955s][info][gc,phases      ] GC(744)   Post Evacuate Collection Set: 0.92ms
[3387.955s][info][gc,phases      ] GC(744)   Other: 0.08ms
[3387.955s][info][gc,heap        ] GC(744) Eden regions: 1115->0(1105)
[3387.955s][info][gc,heap        ] GC(744) Survivor regions: 113->111(154)
[3387.955s][info][gc,heap        ] GC(744) Old regions: 507->538
[3387.955s][info][gc,heap        ] GC(744) Humongous regions: 80->80
[3387.955s][info][gc,metaspace   ] GC(744) Metaspace: 28909K(29376K)->28909K(29376K) NonClass: 24039K(24256K)->24039K(24256K) Class: 4869K(5120K)->4869K(5120K)
[3387.956s][info][gc             ] GC(744) Pause Young (Prepare Mixed) (G1 Evacuation Pause) 3627M->1457M(4096M) 118.764ms
[3387.956s][info][gc,cpu         ] GC(744) User=0.71s Sys=0.00s Real=0.12s
....[3390.979s][info][gc,start       ] GC(745) Pause Young (Mixed) (G1 Evacuation Pause)
[3390.979s][info][gc,task        ] GC(745) Using 6 workers of 6 for evacuation
[3391.116s][info][gc,phases      ] GC(745)   Pre Evacuate Collection Set: 0.35ms
[3391.116s][info][gc,phases      ] GC(745)   Merge Heap Roots: 0.71ms
[3391.116s][info][gc,phases      ] GC(745)   Evacuate Collection Set: 135.42ms
[3391.116s][info][gc,phases      ] GC(745)   Post Evacuate Collection Set: 0.91ms
[3391.116s][info][gc,phases      ] GC(745)   Other: 0.08ms
[3391.116s][info][gc,heap        ] GC(745) Eden regions: 1105->0(1116)
[3391.116s][info][gc,heap        ] GC(745) Survivor regions: 111->112(152)
[3391.116s][info][gc,heap        ] GC(745) Old regions: 538->474
[3391.116s][info][gc,heap        ] GC(745) Humongous regions: 80->80
[3391.116s][info][gc,metaspace   ] GC(745) Metaspace: 28909K(29376K)->28909K(29376K) NonClass: 24039K(24256K)->24039K(24256K) Class: 4869K(5120K)->4869K(5120K)
[3391.116s][info][gc             ] GC(745) Pause Young (Mixed) (G1 Evacuation Pause) 3667M->1330M(4096M) 137.605ms
[3391.116s][info][gc,cpu         ] GC(745) User=0.82s Sys=0.00s Real=0.14s
...[3394.141s][info][gc,start       ] GC(746) Pause Young (Concurrent Start) (G1 Evacuation Pause)
[3394.141s][info][gc,task        ] GC(746) Using 6 workers of 6 for evacuation
[3394.259s][info][gc,phases      ] GC(746)   Pre Evacuate Collection Set: 0.36ms
[3394.259s][info][gc,phases      ] GC(746)   Merge Heap Roots: 0.51ms
[3394.259s][info][gc,phases      ] GC(746)   Evacuate Collection Set: 116.43ms
[3394.259s][info][gc,phases      ] GC(746)   Post Evacuate Collection Set: 0.85ms
[3394.259s][info][gc,phases      ] GC(746)   Other: 0.13ms
[3394.259s][info][gc,heap        ] GC(746) Eden regions: 1116->0(1118)
[3394.259s][info][gc,heap        ] GC(746) Survivor regions: 112->110(154)
[3394.259s][info][gc,heap        ] GC(746) Old regions: 474->506
[3394.259s][info][gc,heap        ] GC(746) Humongous regions: 80->80
[3394.259s][info][gc,metaspace   ] GC(746) Metaspace: 28909K(29376K)->28909K(29376K) NonClass: 24039K(24256K)->24039K(24256K) Class: 4869K(5120K)->4869K(5120K)
[3394.259s][info][gc             ] GC(746) Pause Young (Concurrent Start) (G1 Evacuation Pause) 3562M->1390M(4096M) 118.411ms
[3394.259s][info][gc             ] GC(747) Concurrent Mark Cycle
[3394.259s][info][gc,marking     ] GC(747) Concurrent Scan Root Regions
[3394.259s][info][gc,cpu         ] GC(746) User=0.71s Sys=0.00s Real=0.12s
[3394.402s][info][gc,marking     ] GC(747) Concurrent Scan Root Regions 142.435ms
[3394.402s][info][gc,marking     ] GC(747) Concurrent Mark
[3394.402s][info][gc,marking     ] GC(747) Concurrent Mark From Roots
[3394.402s][info][gc,task        ] GC(747) Using 2 workers of 2 for marking
.[3395.056s][info][gc,marking     ] GC(747) Concurrent Mark From Roots 653.889ms
[3395.056s][info][gc,marking     ] GC(747) Concurrent Preclean
[3395.056s][info][gc,marking     ] GC(747) Concurrent Preclean 0.067ms
[3395.056s][info][gc,start       ] GC(747) Pause Remark
[3395.062s][info][gc             ] GC(747) Pause Remark 1991M->1991M(4096M) 5.459ms
[3395.062s][info][gc,cpu         ] GC(747) User=0.04s Sys=0.00s Real=0.01s
[3395.062s][info][gc,marking     ] GC(747) Concurrent Mark 659.779ms
[3395.062s][info][gc,marking     ] GC(747) Concurrent Rebuild Remembered Sets and Scrub Regions
[3395.324s][info][gc,marking     ] GC(747) Concurrent Rebuild Remembered Sets and Scrub Regions 262.552ms
[3395.324s][info][gc,start       ] GC(747) Pause Cleanup
[3395.325s][info][gc             ] GC(747) Pause Cleanup 2195M->2195M(4096M) 0.110ms
[3395.325s][info][gc,cpu         ] GC(747) User=0.00s Sys=0.00s Real=0.00s
[3395.325s][info][gc,marking     ] GC(747) Concurrent Clear Claimed Marks
[3395.325s][info][gc,marking     ] GC(747) Concurrent Clear Claimed Marks 0.027ms
[3395.325s][info][gc,marking     ] GC(747) Concurrent Cleanup for Next Mark
[3395.329s][info][gc,marking     ] GC(747) Concurrent Cleanup for Next Mark 4.477ms
[3395.329s][info][gc             ] GC(747) Concurrent Mark Cycle 1069.769ms
..[3397.359s][info][gc,start       ] GC(748) Pause Young (Prepare Mixed) (G1 Evacuation Pause)
[3397.359s][info][gc,task        ] GC(748) Using 6 workers of 6 for evacuation
[3397.477s][info][gc,phases      ] GC(748)   Pre Evacuate Collection Set: 0.33ms
[3397.477s][info][gc,phases      ] GC(748)   Merge Heap Roots: 0.54ms
[3397.477s][info][gc,phases      ] GC(748)   Evacuate Collection Set: 116.21ms
[3397.477s][info][gc,phases      ] GC(748)   Post Evacuate Collection Set: 0.93ms
[3397.477s][info][gc,phases      ] GC(748)   Other: 0.09ms
[3397.477s][info][gc,heap        ] GC(748) Eden regions: 1118->0(1108)
[3397.477s][info][gc,heap        ] GC(748) Survivor regions: 110->110(154)
[3397.477s][info][gc,heap        ] GC(748) Old regions: 506->537
[3397.477s][info][gc,heap        ] GC(748) Humongous regions: 80->80
[3397.477s][info][gc,metaspace   ] GC(748) Metaspace: 28909K(29376K)->28909K(29376K) NonClass: 24039K(24256K)->24039K(24256K) Class: 4869K(5120K)->4869K(5120K)
[3397.477s][info][gc             ] GC(748) Pause Young (Prepare Mixed) (G1 Evacuation Pause) 3626M->1451M(4096M) 118.228ms
[3397.477s][info][gc,cpu         ] GC(748) User=0.70s Sys=0.00s Real=0.12s
...[3400.537s][info][gc,start       ] GC(749) Pause Young (Mixed) (G1 Evacuation Pause)
[3400.537s][info][gc,task        ] GC(749) Using 6 workers of 6 for evacuation
[3400.673s][info][gc,phases      ] GC(749)   Pre Evacuate Collection Set: 0.39ms
[3400.673s][info][gc,phases      ] GC(749)   Merge Heap Roots: 0.77ms
[3400.673s][info][gc,phases      ] GC(749)   Evacuate Collection Set: 133.17ms
[3400.673s][info][gc,phases      ] GC(749)   Post Evacuate Collection Set: 0.95ms
[3400.673s][info][gc,phases      ] GC(749)   Other: 0.10ms
[3400.673s][info][gc,heap        ] GC(749) Eden regions: 1108->0(1118)
[3400.673s][info][gc,heap        ] GC(749) Survivor regions: 110->110(153)
[3400.673s][info][gc,heap        ] GC(749) Old regions: 537->472
[3400.673s][info][gc,heap        ] GC(749) Humongous regions: 80->80
[3400.673s][info][gc,metaspace   ] GC(749) Metaspace: 28909K(29376K)->28909K(29376K) NonClass: 24039K(24256K)->24039K(24256K) Class: 4869K(5120K)->4869K(5120K)
[3400.673s][info][gc             ] GC(749) Pause Young (Mixed) (G1 Evacuation Pause) 3667M->1322M(4096M) 135.508ms
[3400.673s][info][gc,cpu         ] GC(749) User=0.81s Sys=0.00s Real=0.14s
...[3403.667s][info][gc,start       ] GC(750) Pause Young (Concurrent Start) (G1 Evacuation Pause)
[3403.667s][info][gc,task        ] GC(750) Using 6 workers of 6 for evacuation
[3403.786s][info][gc,phases      ] GC(750)   Pre Evacuate Collection Set: 0.35ms
[3403.786s][info][gc,phases      ] GC(750)   Merge Heap Roots: 0.47ms
[3403.786s][info][gc,phases      ] GC(750)   Evacuate Collection Set: 117.56ms
[3403.786s][info][gc,phases      ] GC(750)   Post Evacuate Collection Set: 0.87ms
[3403.786s][info][gc,phases      ] GC(750)   Other: 0.10ms
[3403.786s][info][gc,heap        ] GC(750) Eden regions: 1118->0(1116)
[3403.786s][info][gc,heap        ] GC(750) Survivor regions: 110->112(154)
[3403.786s][info][gc,heap        ] GC(750) Old regions: 472->505
[3403.786s][info][gc,heap        ] GC(750) Humongous regions: 80->80
[3403.786s][info][gc,metaspace   ] GC(750) Metaspace: 28909K(29376K)->28909K(29376K) NonClass: 24039K(24256K)->24039K(24256K) Class: 4869K(5120K)->4869K(5120K)
[3403.786s][info][gc             ] GC(750) Pause Young (Concurrent Start) (G1 Evacuation Pause) 3558M->1391M(4096M) 119.477ms
[3403.786s][info][gc             ] GC(751) Concurrent Mark Cycle
[3403.786s][info][gc,marking     ] GC(751) Concurrent Scan Root Regions
[3403.786s][info][gc,cpu         ] GC(750) User=0.71s Sys=0.00s Real=0.12s
[3403.937s][info][gc,marking     ] GC(751) Concurrent Scan Root Regions 150.794ms
[3403.937s][info][gc,marking     ] GC(751) Concurrent Mark
[3403.937s][info][gc,marking     ] GC(751) Concurrent Mark From Roots
[3403.937s][info][gc,task        ] GC(751) Using 2 workers of 2 for marking
.[3404.639s][info][gc,marking     ] GC(751) Concurrent Mark From Roots 701.881ms
[3404.639s][info][gc,marking     ] GC(751) Concurrent Preclean
[3404.639s][info][gc,marking     ] GC(751) Concurrent Preclean 0.087ms
[3404.640s][info][gc,start       ] GC(751) Pause Remark
[3404.645s][info][gc             ] GC(751) Pause Remark 2063M->2063M(4096M) 5.481ms
[3404.645s][info][gc,cpu         ] GC(751) User=0.03s Sys=0.00s Real=0.00s
[3404.645s][info][gc,marking     ] GC(751) Concurrent Mark 708.177ms
[3404.645s][info][gc,marking     ] GC(751) Concurrent Rebuild Remembered Sets and Scrub Regions
[3404.919s][info][gc,marking     ] GC(751) Concurrent Rebuild Remembered Sets and Scrub Regions 273.726ms
[3404.919s][info][gc,start       ] GC(751) Pause Cleanup
[3404.919s][info][gc             ] GC(751) Pause Cleanup 2243M->2243M(4096M) 0.124ms
[3404.919s][info][gc,cpu         ] GC(751) User=0.00s Sys=0.00s Real=0.00s
[3404.920s][info][gc,marking     ] GC(751) Concurrent Clear Claimed Marks
[3404.920s][info][gc,marking     ] GC(751) Concurrent Clear Claimed Marks 0.036ms
[3404.920s][info][gc,marking     ] GC(751) Concurrent Cleanup for Next Mark
[3404.926s][info][gc,marking     ] GC(751) Concurrent Cleanup for Next Mark 5.699ms
[3404.926s][info][gc             ] GC(751) Concurrent Mark Cycle 1139.505ms
..[3406.871s][info][gc,start       ] GC(752) Pause Young (Prepare Mixed) (G1 Evacuation Pause)
[3406.872s][info][gc,task        ] GC(752) Using 6 workers of 6 for evacuation
[3406.990s][info][gc,phases      ] GC(752)   Pre Evacuate Collection Set: 0.31ms
[3406.990s][info][gc,phases      ] GC(752)   Merge Heap Roots: 0.55ms
[3406.990s][info][gc,phases      ] GC(752)   Evacuate Collection Set: 116.95ms
[3406.990s][info][gc,phases      ] GC(752)   Post Evacuate Collection Set: 0.92ms
[3406.990s][info][gc,phases      ] GC(752)   Other: 0.09ms
[3406.990s][info][gc,heap        ] GC(752) Eden regions: 1116->0(1107)
[3406.990s][info][gc,heap        ] GC(752) Survivor regions: 112->111(154)
[3406.990s][info][gc,heap        ] GC(752) Old regions: 505->536
[3406.990s][info][gc,heap        ] GC(752) Humongous regions: 80->80
[3406.990s][info][gc,metaspace   ] GC(752) Metaspace: 28909K(29376K)->28909K(29376K) NonClass: 24039K(24256K)->24039K(24256K) Class: 4869K(5120K)->4869K(5120K)
[3406.990s][info][gc             ] GC(752) Pause Young (Prepare Mixed) (G1 Evacuation Pause) 3623M->1452M(4096M) 118.953ms
[3406.990s][info][gc,cpu         ] GC(752) User=0.70s Sys=0.00s Real=0.12s
...[3410.066s][info][gc,start       ] GC(753) Pause Young (Mixed) (G1 Evacuation Pause)
[3410.066s][info][gc,task        ] GC(753) Using 6 workers of 6 for evacuation
[3410.200s][info][gc,phases      ] GC(753)   Pre Evacuate Collection Set: 0.38ms
[3410.200s][info][gc,phases      ] GC(753)   Merge Heap Roots: 0.68ms
[3410.200s][info][gc,phases      ] GC(753)   Evacuate Collection Set: 131.31ms
[3410.200s][info][gc,phases      ] GC(753)   Post Evacuate Collection Set: 0.93ms
[3410.200s][info][gc,phases      ] GC(753)   Other: 0.09ms
[3410.200s][info][gc,heap        ] GC(753) Eden regions: 1107->0(1119)
[3410.200s][info][gc,heap        ] GC(753) Survivor regions: 111->109(153)
[3410.200s][info][gc,heap        ] GC(753) Old regions: 536->472
[3410.200s][info][gc,heap        ] GC(753) Humongous regions: 80->80
[3410.200s][info][gc,metaspace   ] GC(753) Metaspace: 28909K(29376K)->28909K(29376K) NonClass: 24039K(24256K)->24039K(24256K) Class: 4869K(5120K)->4869K(5120K)
[3410.200s][info][gc             ] GC(753) Pause Young (Mixed) (G1 Evacuation Pause) 3666M->1320M(4096M) 133.523ms
[3410.200s][info][gc,cpu         ] GC(753) User=0.79s Sys=0.00s Real=0.14s
...[3413.204s][info][gc,start       ] GC(754) Pause Young (Concurrent Start) (G1 Evacuation Pause)
[3413.204s][info][gc,task        ] GC(754) Using 6 workers of 6 for evacuation
[3413.321s][info][gc,phases      ] GC(754)   Pre Evacuate Collection Set: 0.38ms
[3413.321s][info][gc,phases      ] GC(754)   Merge Heap Roots: 0.53ms
[3413.321s][info][gc,phases      ] GC(754)   Evacuate Collection Set: 114.96ms
[3413.321s][info][gc,phases      ] GC(754)   Post Evacuate Collection Set: 0.87ms
[3413.321s][info][gc,phases      ] GC(754)   Other: 0.13ms
[3413.321s][info][gc,heap        ] GC(754) Eden regions: 1119->0(1119)
[3413.321s][info][gc,heap        ] GC(754) Survivor regions: 109->109(154)
[3413.321s][info][gc,heap        ] GC(754) Old regions: 472->504
[3413.321s][info][gc,heap        ] GC(754) Humongous regions: 80->80
[3413.321s][info][gc,metaspace   ] GC(754) Metaspace: 28909K(29376K)->28909K(29376K) NonClass: 24039K(24256K)->24039K(24256K) Class: 4869K(5120K)->4869K(5120K)
[3413.321s][info][gc             ] GC(754) Pause Young (Concurrent Start) (G1 Evacuation Pause) 3558M->1383M(4096M) 117.007ms
[3413.321s][info][gc             ] GC(755) Concurrent Mark Cycle
[3413.321s][info][gc,cpu         ] GC(754) User=0.69s Sys=0.00s Real=0.12s
[3413.321s][info][gc,marking     ] GC(755) Concurrent Scan Root Regions
.[3413.484s][info][gc,marking     ] GC(755) Concurrent Scan Root Regions 162.962ms
[3413.484s][info][gc,marking     ] GC(755) Concurrent Mark
[3413.484s][info][gc,marking     ] GC(755) Concurrent Mark From Roots
[3413.484s][info][gc,task        ] GC(755) Using 2 workers of 2 for marking
[3414.293s][info][gc,marking     ] GC(755) Concurrent Mark From Roots 808.577ms
[3414.293s][info][gc,marking     ] GC(755) Concurrent Preclean
[3414.293s][info][gc,marking     ] GC(755) Concurrent Preclean 0.122ms
[3414.294s][info][gc,start       ] GC(755) Pause Remark
[3414.299s][info][gc             ] GC(755) Pause Remark 2111M->2111M(4096M) 5.067ms
[3414.299s][info][gc,cpu         ] GC(755) User=0.02s Sys=0.00s Real=0.00s
[3414.299s][info][gc,marking     ] GC(755) Concurrent Mark 814.998ms
[3414.299s][info][gc,marking     ] GC(755) Concurrent Rebuild Remembered Sets and Scrub Regions
.[3414.620s][info][gc,marking     ] GC(755) Concurrent Rebuild Remembered Sets and Scrub Regions 320.973ms
[3414.621s][info][gc,start       ] GC(755) Pause Cleanup
[3414.621s][info][gc             ] GC(755) Pause Cleanup 2356M->2356M(4096M) 0.124ms
[3414.621s][info][gc,cpu         ] GC(755) User=0.00s Sys=0.00s Real=0.00s
[3414.621s][info][gc,marking     ] GC(755) Concurrent Clear Claimed Marks
[3414.621s][info][gc,marking     ] GC(755) Concurrent Clear Claimed Marks 0.039ms
[3414.621s][info][gc,marking     ] GC(755) Concurrent Cleanup for Next Mark
[3414.626s][info][gc,marking     ] GC(755) Concurrent Cleanup for Next Mark 5.257ms
[3414.626s][info][gc             ] GC(755) Concurrent Mark Cycle 1305.460ms
..[3416.403s][info][gc,start       ] GC(756) Pause Young (Prepare Mixed) (G1 Evacuation Pause)
[3416.403s][info][gc,task        ] GC(756) Using 6 workers of 6 for evacuation
[3416.521s][info][gc,phases      ] GC(756)   Pre Evacuate Collection Set: 0.32ms
[3416.521s][info][gc,phases      ] GC(756)   Merge Heap Roots: 0.54ms
[3416.521s][info][gc,phases      ] GC(756)   Evacuate Collection Set: 115.73ms
[3416.521s][info][gc,phases      ] GC(756)   Post Evacuate Collection Set: 0.90ms
[3416.521s][info][gc,phases      ] GC(756)   Other: 0.09ms
[3416.521s][info][gc,heap        ] GC(756) Eden regions: 1119->0(1110)
[3416.521s][info][gc,heap        ] GC(756) Survivor regions: 109->109(154)
[3416.521s][info][gc,heap        ] GC(756) Old regions: 504->537
[3416.521s][info][gc,heap        ] GC(756) Humongous regions: 80->80
[3416.521s][info][gc,metaspace   ] GC(756) Metaspace: 28909K(29376K)->28909K(29376K) NonClass: 24039K(24256K)->24039K(24256K) Class: 4869K(5120K)->4869K(5120K)
[3416.521s][info][gc             ] GC(756) Pause Young (Prepare Mixed) (G1 Evacuation Pause) 3621M->1449M(4096M) 117.696ms
[3416.521s][info][gc,cpu         ] GC(756) User=0.70s Sys=0.00s Real=0.12s
...[3419.523s][info][gc,start       ] GC(757) Pause Young (Mixed) (G1 Evacuation Pause)
[3419.523s][info][gc,task        ] GC(757) Using 6 workers of 6 for evacuation
[3419.655s][info][gc,phases      ] GC(757)   Pre Evacuate Collection Set: 0.39ms
[3419.655s][info][gc,phases      ] GC(757)   Merge Heap Roots: 0.68ms
[3419.655s][info][gc,phases      ] GC(757)   Evacuate Collection Set: 129.93ms
[3419.655s][info][gc,phases      ] GC(757)   Post Evacuate Collection Set: 0.96ms
[3419.655s][info][gc,phases      ] GC(757)   Other: 0.09ms
[3419.655s][info][gc,heap        ] GC(757) Eden regions: 1110->0(1118)
[3419.655s][info][gc,heap        ] GC(757) Survivor regions: 109->110(153)
[3419.655s][info][gc,heap        ] GC(757) Old regions: 537->473
[3419.655s][info][gc,heap        ] GC(757) Humongous regions: 80->80
[3419.655s][info][gc,metaspace   ] GC(757) Metaspace: 28909K(29376K)->28909K(29376K) NonClass: 24040K(24256K)->24040K(24256K) Class: 4869K(5120K)->4869K(5120K)
[3419.656s][info][gc             ] GC(757) Pause Young (Mixed) (G1 Evacuation Pause) 3669M->1324M(4096M) 132.177ms
[3419.656s][info][gc,cpu         ] GC(757) User=0.79s Sys=0.00s Real=0.13s
...[3422.734s][info][gc,start       ] GC(758) Pause Young (Concurrent Start) (G1 Evacuation Pause)
[3422.734s][info][gc,task        ] GC(758) Using 6 workers of 6 for evacuation
[3422.856s][info][gc,phases      ] GC(758)   Pre Evacuate Collection Set: 0.40ms
[3422.856s][info][gc,phases      ] GC(758)   Merge Heap Roots: 0.51ms
[3422.856s][info][gc,phases      ] GC(758)   Evacuate Collection Set: 119.87ms
[3422.856s][info][gc,phases      ] GC(758)   Post Evacuate Collection Set: 0.85ms
[3422.856s][info][gc,phases      ] GC(758)   Other: 0.12ms
[3422.856s][info][gc,heap        ] GC(758) Eden regions: 1118->0(1116)
[3422.856s][info][gc,heap        ] GC(758) Survivor regions: 110->112(154)
[3422.856s][info][gc,heap        ] GC(758) Old regions: 473->506
[3422.856s][info][gc,heap        ] GC(758) Humongous regions: 80->80
[3422.856s][info][gc,metaspace   ] GC(758) Metaspace: 28909K(29376K)->28909K(29376K) NonClass: 24040K(24256K)->24040K(24256K) Class: 4869K(5120K)->4869K(5120K)
[3422.856s][info][gc             ] GC(758) Pause Young (Concurrent Start) (G1 Evacuation Pause) 3560M->1394M(4096M) 121.883ms
[3422.856s][info][gc             ] GC(759) Concurrent Mark Cycle
[3422.856s][info][gc,marking     ] GC(759) Concurrent Scan Root Regions
[3422.856s][info][gc,cpu         ] GC(758) User=0.73s Sys=0.00s Real=0.12s
[3423.037s][info][gc,marking     ] GC(759) Concurrent Scan Root Regions 180.309ms
[3423.037s][info][gc,marking     ] GC(759) Concurrent Mark
[3423.037s][info][gc,marking     ] GC(759) Concurrent Mark From Roots
[3423.037s][info][gc,task        ] GC(759) Using 2 workers of 2 for marking
.[3423.769s][info][gc,marking     ] GC(759) Concurrent Mark From Roots 732.190ms
[3423.769s][info][gc,marking     ] GC(759) Concurrent Preclean
[3423.769s][info][gc,marking     ] GC(759) Concurrent Preclean 0.092ms
[3423.772s][info][gc,start       ] GC(759) Pause Remark
[3423.776s][info][gc             ] GC(759) Pause Remark 2104M->2104M(4096M) 4.464ms
[3423.776s][info][gc,cpu         ] GC(759) User=0.02s Sys=0.00s Real=0.00s
[3423.777s][info][gc,marking     ] GC(759) Concurrent Mark 739.854ms
[3423.777s][info][gc,marking     ] GC(759) Concurrent Rebuild Remembered Sets and Scrub Regions
[3424.104s][info][gc,marking     ] GC(759) Concurrent Rebuild Remembered Sets and Scrub Regions 327.384ms
[3424.104s][info][gc,start       ] GC(759) Pause Cleanup
[3424.104s][info][gc             ] GC(759) Pause Cleanup 2334M->2334M(4096M) 0.102ms
[3424.104s][info][gc,cpu         ] GC(759) User=0.00s Sys=0.00s Real=0.00s
[3424.104s][info][gc,marking     ] GC(759) Concurrent Clear Claimed Marks
[3424.104s][info][gc,marking     ] GC(759) Concurrent Clear Claimed Marks 0.026ms
[3424.104s][info][gc,marking     ] GC(759) Concurrent Cleanup for Next Mark
[3424.107s][info][gc,marking     ] GC(759) Concurrent Cleanup for Next Mark 3.155ms
[3424.107s][info][gc             ] GC(759) Concurrent Mark Cycle 1251.153ms
..[3425.975s][info][gc,start       ] GC(760) Pause Young (Prepare Mixed) (G1 Evacuation Pause)
[3425.975s][info][gc,task        ] GC(760) Using 6 workers of 6 for evacuation
[3426.093s][info][gc,phases      ] GC(760)   Pre Evacuate Collection Set: 0.31ms
[3426.093s][info][gc,phases      ] GC(760)   Merge Heap Roots: 0.57ms
[3426.093s][info][gc,phases      ] GC(760)   Evacuate Collection Set: 116.43ms
[3426.093s][info][gc,phases      ] GC(760)   Post Evacuate Collection Set: 1.00ms
[3426.093s][info][gc,phases      ] GC(760)   Other: 0.09ms
[3426.093s][info][gc,heap        ] GC(760) Eden regions: 1116->0(1110)
[3426.093s][info][gc,heap        ] GC(760) Survivor regions: 112->109(154)
[3426.093s][info][gc,heap        ] GC(760) Old regions: 506->537
[3426.093s][info][gc,heap        ] GC(760) Humongous regions: 80->80
[3426.093s][info][gc,metaspace   ] GC(760) Metaspace: 28909K(29376K)->28909K(29376K) NonClass: 24040K(24256K)->24040K(24256K) Class: 4869K(5120K)->4869K(5120K)
[3426.093s][info][gc             ] GC(760) Pause Young (Prepare Mixed) (G1 Evacuation Pause) 3626M->1451M(4096M) 118.552ms
[3426.093s][info][gc,cpu         ] GC(760) User=0.70s Sys=0.00s Real=0.12s
...[3429.029s][info][gc,start       ] GC(761) Pause Young (Mixed) (G1 Evacuation Pause)
[3429.029s][info][gc,task        ] GC(761) Using 6 workers of 6 for evacuation
[3429.164s][info][gc,phases      ] GC(761)   Pre Evacuate Collection Set: 0.34ms
[3429.164s][info][gc,phases      ] GC(761)   Merge Heap Roots: 0.69ms
[3429.164s][info][gc,phases      ] GC(761)   Evacuate Collection Set: 132.55ms
[3429.164s][info][gc,phases      ] GC(761)   Post Evacuate Collection Set: 0.92ms
[3429.164s][info][gc,phases      ] GC(761)   Other: 0.09ms
[3429.164s][info][gc,heap        ] GC(761) Eden regions: 1110->0(1119)
[3429.164s][info][gc,heap        ] GC(761) Survivor regions: 109->109(153)
[3429.164s][info][gc,heap        ] GC(761) Old regions: 537->474
[3429.164s][info][gc,heap        ] GC(761) Humongous regions: 80->80
[3429.164s][info][gc,metaspace   ] GC(761) Metaspace: 28909K(29376K)->28909K(29376K) NonClass: 24040K(24256K)->24040K(24256K) Class: 4869K(5120K)->4869K(5120K)
[3429.164s][info][gc             ] GC(761) Pause Young (Mixed) (G1 Evacuation Pause) 3671M->1324M(4096M) 134.709ms
[3429.164s][info][gc,cpu         ] GC(761) User=0.80s Sys=0.00s Real=0.14s
...[3432.228s][info][gc,start       ] GC(762) Pause Young (Concurrent Start) (G1 Evacuation Pause)
[3432.228s][info][gc,task        ] GC(762) Using 6 workers of 6 for evacuation
[3432.347s][info][gc,phases      ] GC(762)   Pre Evacuate Collection Set: 0.41ms
[3432.347s][info][gc,phases      ] GC(762)   Merge Heap Roots: 0.51ms
[3432.347s][info][gc,phases      ] GC(762)   Evacuate Collection Set: 116.94ms
[3432.347s][info][gc,phases      ] GC(762)   Post Evacuate Collection Set: 0.89ms
[3432.347s][info][gc,phases      ] GC(762)   Other: 0.11ms
[3432.347s][info][gc,heap        ] GC(762) Eden regions: 1119->0(1118)
[3432.347s][info][gc,heap        ] GC(762) Survivor regions: 109->110(154)
[3432.347s][info][gc,heap        ] GC(762) Old regions: 474->506
[3432.347s][info][gc,heap        ] GC(762) Humongous regions: 80->80
[3432.347s][info][gc,metaspace   ] GC(762) Metaspace: 28909K(29376K)->28909K(29376K) NonClass: 24040K(24256K)->24040K(24256K) Class: 4869K(5120K)->4869K(5120K)
[3432.347s][info][gc             ] GC(762) Pause Young (Concurrent Start) (G1 Evacuation Pause) 3562M->1389M(4096M) 118.985ms
[3432.347s][info][gc             ] GC(763) Concurrent Mark Cycle
[3432.347s][info][gc,marking     ] GC(763) Concurrent Scan Root Regions
[3432.347s][info][gc,cpu         ] GC(762) User=0.70s Sys=0.00s Real=0.12s
.[3432.514s][info][gc,marking     ] GC(763) Concurrent Scan Root Regions 167.409ms
[3432.514s][info][gc,marking     ] GC(763) Concurrent Mark
[3432.514s][info][gc,marking     ] GC(763) Concurrent Mark From Roots
[3432.514s][info][gc,task        ] GC(763) Using 2 workers of 2 for marking
[3433.371s][info][gc,marking     ] GC(763) Concurrent Mark From Roots 856.654ms
[3433.371s][info][gc,marking     ] GC(763) Concurrent Preclean
[3433.371s][info][gc,marking     ] GC(763) Concurrent Preclean 0.079ms
[3433.371s][info][gc,start       ] GC(763) Pause Remark
[3433.375s][info][gc             ] GC(763) Pause Remark 2188M->2188M(4096M) 3.599ms
[3433.375s][info][gc,cpu         ] GC(763) User=0.02s Sys=0.00s Real=0.00s
[3433.376s][info][gc,marking     ] GC(763) Concurrent Mark 861.741ms
[3433.376s][info][gc,marking     ] GC(763) Concurrent Rebuild Remembered Sets and Scrub Regions
.[3433.649s][info][gc,marking     ] GC(763) Concurrent Rebuild Remembered Sets and Scrub Regions 273.324ms
[3433.649s][info][gc,start       ] GC(763) Pause Cleanup
[3433.650s][info][gc             ] GC(763) Pause Cleanup 2357M->2357M(4096M) 0.109ms
[3433.650s][info][gc,cpu         ] GC(763) User=0.00s Sys=0.00s Real=0.00s
[3433.650s][info][gc,marking     ] GC(763) Concurrent Clear Claimed Marks
[3433.650s][info][gc,marking     ] GC(763) Concurrent Clear Claimed Marks 0.040ms
[3433.650s][info][gc,marking     ] GC(763) Concurrent Cleanup for Next Mark
[3433.655s][info][gc,marking     ] GC(763) Concurrent Cleanup for Next Mark 4.956ms
[3433.655s][info][gc             ] GC(763) Concurrent Mark Cycle 1307.933ms
.[3435.416s][info][gc,start       ] GC(764) Pause Young (Prepare Mixed) (G1 Evacuation Pause)
[3435.416s][info][gc,task        ] GC(764) Using 6 workers of 6 for evacuation
[3435.540s][info][gc,phases      ] GC(764)   Pre Evacuate Collection Set: 0.34ms
[3435.540s][info][gc,phases      ] GC(764)   Merge Heap Roots: 0.57ms
[3435.540s][info][gc,phases      ] GC(764)   Evacuate Collection Set: 122.62ms
[3435.540s][info][gc,phases      ] GC(764)   Post Evacuate Collection Set: 0.90ms
[3435.540s][info][gc,phases      ] GC(764)   Other: 0.08ms
[3435.540s][info][gc,heap        ] GC(764) Eden regions: 1118->0(1099)
[3435.540s][info][gc,heap        ] GC(764) Survivor regions: 110->115(154)
[3435.540s][info][gc,heap        ] GC(764) Old regions: 506->536
[3435.540s][info][gc,heap        ] GC(764) Humongous regions: 80->80
[3435.540s][info][gc,metaspace   ] GC(764) Metaspace: 28909K(29376K)->28909K(29376K) NonClass: 24040K(24256K)->24040K(24256K) Class: 4869K(5120K)->4869K(5120K)
[3435.540s][info][gc             ] GC(764) Pause Young (Prepare Mixed) (G1 Evacuation Pause) 3625M->1461M(4096M) 124.659ms
[3435.540s][info][gc,cpu         ] GC(764) User=0.74s Sys=0.00s Real=0.13s
....[3438.560s][info][gc,start       ] GC(765) Pause Young (Mixed) (G1 Evacuation Pause)
[3438.560s][info][gc,task        ] GC(765) Using 6 workers of 6 for evacuation
[3438.694s][info][gc,phases      ] GC(765)   Pre Evacuate Collection Set: 0.41ms
[3438.694s][info][gc,phases      ] GC(765)   Merge Heap Roots: 0.75ms
[3438.694s][info][gc,phases      ] GC(765)   Evacuate Collection Set: 131.74ms
[3438.694s][info][gc,phases      ] GC(765)   Post Evacuate Collection Set: 0.93ms
[3438.694s][info][gc,phases      ] GC(765)   Other: 0.10ms
[3438.694s][info][gc,heap        ] GC(765) Eden regions: 1099->0(1119)
[3438.694s][info][gc,heap        ] GC(765) Survivor regions: 115->109(152)
[3438.694s][info][gc,heap        ] GC(765) Old regions: 536->472
[3438.694s][info][gc,heap        ] GC(765) Humongous regions: 80->80
[3438.694s][info][gc,metaspace   ] GC(765) Metaspace: 28909K(29376K)->28909K(29376K) NonClass: 24040K(24256K)->24040K(24256K) Class: 4869K(5120K)->4869K(5120K)
[3438.694s][info][gc             ] GC(765) Pause Young (Mixed) (G1 Evacuation Pause) 3659M->1320M(4096M) 134.059ms
[3438.694s][info][gc,cpu         ] GC(765) User=0.79s Sys=0.00s Real=0.13s
...[3441.744s][info][gc,start       ] GC(766) Pause Young (Concurrent Start) (G1 Evacuation Pause)
[3441.744s][info][gc,task        ] GC(766) Using 6 workers of 6 for evacuation
[3441.865s][info][gc,phases      ] GC(766)   Pre Evacuate Collection Set: 0.35ms
[3441.865s][info][gc,phases      ] GC(766)   Merge Heap Roots: 0.49ms
[3441.865s][info][gc,phases      ] GC(766)   Evacuate Collection Set: 119.40ms
[3441.865s][info][gc,phases      ] GC(766)   Post Evacuate Collection Set: 0.88ms
[3441.865s][info][gc,phases      ] GC(766)   Other: 0.12ms
[3441.865s][info][gc,heap        ] GC(766) Eden regions: 1119->0(1115)
[3441.865s][info][gc,heap        ] GC(766) Survivor regions: 109->113(154)
[3441.865s][info][gc,heap        ] GC(766) Old regions: 472->504
[3441.865s][info][gc,heap        ] GC(766) Humongous regions: 80->80
[3441.865s][info][gc,metaspace   ] GC(766) Metaspace: 28909K(29376K)->28909K(29376K) NonClass: 24040K(24256K)->24040K(24256K) Class: 4869K(5120K)->4869K(5120K)
[3441.865s][info][gc             ] GC(766) Pause Young (Concurrent Start) (G1 Evacuation Pause) 3558M->1393M(4096M) 121.407ms
[3441.865s][info][gc             ] GC(767) Concurrent Mark Cycle
[3441.865s][info][gc,marking     ] GC(767) Concurrent Scan Root Regions
[3441.865s][info][gc,cpu         ] GC(766) User=0.72s Sys=0.00s Real=0.12s
[3442.048s][info][gc,marking     ] GC(767) Concurrent Scan Root Regions 182.688ms
[3442.048s][info][gc,marking     ] GC(767) Concurrent Mark
[3442.048s][info][gc,marking     ] GC(767) Concurrent Mark From Roots
[3442.048s][info][gc,task        ] GC(767) Using 2 workers of 2 for marking
.[3442.918s][info][gc,marking     ] GC(767) Concurrent Mark From Roots 869.911ms
[3442.918s][info][gc,marking     ] GC(767) Concurrent Preclean
[3442.918s][info][gc,marking     ] GC(767) Concurrent Preclean 0.092ms
[3442.918s][info][gc,start       ] GC(767) Pause Remark
[3442.924s][info][gc             ] GC(767) Pause Remark 2206M->2206M(4096M) 5.613ms
[3442.924s][info][gc,cpu         ] GC(767) User=0.03s Sys=0.00s Real=0.01s
[3442.924s][info][gc,marking     ] GC(767) Concurrent Mark 875.887ms
[3442.924s][info][gc,marking     ] GC(767) Concurrent Rebuild Remembered Sets and Scrub Regions
[3443.172s][info][gc,marking     ] GC(767) Concurrent Rebuild Remembered Sets and Scrub Regions 248.333ms
[3443.172s][info][gc,start       ] GC(767) Pause Cleanup
[3443.172s][info][gc             ] GC(767) Pause Cleanup 2374M->2374M(4096M) 0.109ms
[3443.172s][info][gc,cpu         ] GC(767) User=0.00s Sys=0.00s Real=0.00s
[3443.172s][info][gc,marking     ] GC(767) Concurrent Clear Claimed Marks
[3443.172s][info][gc,marking     ] GC(767) Concurrent Clear Claimed Marks 0.022ms
[3443.172s][info][gc,marking     ] GC(767) Concurrent Cleanup for Next Mark
[3443.177s][info][gc,marking     ] GC(767) Concurrent Cleanup for Next Mark 4.432ms
[3443.177s][info][gc             ] GC(767) Concurrent Mark Cycle 1311.844ms
.. (rIR:aIR:PR = 5950:5952:5952) (tPR = 88166) [OK] 
  3444s: Performance info:
         Transaction,    Success,    Partial,     Failed,   Receipts, AvgBarcode, 
             Overall,     361253,          0,          0,     343201,      59.47, 
         Response times:
             Request,    Success,    Partial,     Failed,   SkipFail,     Probes,    Samples,      min,      p50,      p90,      p95,      p99,      max, 
       TotalPurchase,     343199,          0,          0,          0,     336312,     359243,      300,     5100,    17400,    39000,   100000,   232000,
     InStorePurchase,     180589,          0,          0,          0,     177077,     188873,      300,     5200,    17700,    39000,   101000,   230000,
      OnlinePurchase,     126507,          0,          0,          0,     124014,     132529,      300,     5000,    17000,    40000,    99700,   232000,
        InstPurchase,      36103,          0,          0,          0,      35221,      37841,      400,     4900,    16800,    39000,    97000,   230000,
          AssocOfCat,        361,          0,          0,          0,        280,        376,    26000,    38000,    71600,    88300,   149610,   206000,
      AssocOfProduct,       3609,          0,          0,          0,       3369,       3801,      500,     5400,    16300,    39000,    89000,   151000,
      BusinessReport,        904,          0,          0,          0,        772,        956,    27000,    44000,    77300,   100000,   186860,   218000,
          CustBuyBeh,       3614,          0,          0,          0,       3362,       3814,      200,     5100,    17700,    40000,    93550,   188000,
       ProductReturn,       9554,          0,          0,          0,       9176,      10115,      600,     5900,    22400,    47000,   106000,   194000,

  3444s: (44%)   IR =   6088 [3444.914s][info][gc,start       ] GC(768) Pause Young (Prepare Mixed) (G1 Evacuation Pause)
[3444.914s][info][gc,task        ] GC(768) Using 6 workers of 6 for evacuation
[3445.030s][info][gc,phases      ] GC(768)   Pre Evacuate Collection Set: 0.34ms
[3445.030s][info][gc,phases      ] GC(768)   Merge Heap Roots: 0.53ms
[3445.030s][info][gc,phases      ] GC(768)   Evacuate Collection Set: 114.21ms
[3445.030s][info][gc,phases      ] GC(768)   Post Evacuate Collection Set: 1.00ms
[3445.030s][info][gc,phases      ] GC(768)   Other: 0.09ms
[3445.030s][info][gc,heap        ] GC(768) Eden regions: 1115->0(1114)
[3445.030s][info][gc,heap        ] GC(768) Survivor regions: 113->108(154)
[3445.030s][info][gc,heap        ] GC(768) Old regions: 504->535
[3445.030s][info][gc,heap        ] GC(768) Humongous regions: 80->80
[3445.030s][info][gc,metaspace   ] GC(768) Metaspace: 28909K(29376K)->28909K(29376K) NonClass: 24040K(24256K)->24040K(24256K) Class: 4869K(5120K)->4869K(5120K)
[3445.030s][info][gc             ] GC(768) Pause Young (Prepare Mixed) (G1 Evacuation Pause) 3623M->1445M(4096M) 116.307ms
[3445.030s][info][gc,cpu         ] GC(768) User=0.69s Sys=0.00s Real=0.12s
...[3447.996s][info][gc,start       ] GC(769) Pause Young (Mixed) (G1 Evacuation Pause)
[3447.997s][info][gc,task        ] GC(769) Using 6 workers of 6 for evacuation
[3448.130s][info][gc,phases      ] GC(769)   Pre Evacuate Collection Set: 0.35ms
[3448.130s][info][gc,phases      ] GC(769)   Merge Heap Roots: 0.75ms
[3448.130s][info][gc,phases      ] GC(769)   Evacuate Collection Set: 131.19ms
[3448.130s][info][gc,phases      ] GC(769)   Post Evacuate Collection Set: 0.90ms
[3448.130s][info][gc,phases      ] GC(769)   Other: 0.09ms
[3448.130s][info][gc,heap        ] GC(769) Eden regions: 1114->0(1120)
[3448.130s][info][gc,heap        ] GC(769) Survivor regions: 108->108(153)
[3448.130s][info][gc,heap        ] GC(769) Old regions: 535->474
[3448.130s][info][gc,heap        ] GC(769) Humongous regions: 80->80
[3448.130s][info][gc,metaspace   ] GC(769) Metaspace: 28909K(29376K)->28909K(29376K) NonClass: 24040K(24256K)->24040K(24256K) Class: 4869K(5120K)->4869K(5120K)
[3448.130s][info][gc             ] GC(769) Pause Young (Mixed) (G1 Evacuation Pause) 3673M->1321M(4096M) 133.410ms
[3448.130s][info][gc,cpu         ] GC(769) User=0.80s Sys=0.00s Real=0.14s
.|..[3451.071s][info][gc,start       ] GC(770) Pause Young (Concurrent Start) (G1 Evacuation Pause)
[3451.072s][info][gc,task        ] GC(770) Using 6 workers of 6 for evacuation
[3451.193s][info][gc,phases      ] GC(770)   Pre Evacuate Collection Set: 0.33ms
[3451.193s][info][gc,phases      ] GC(770)   Merge Heap Roots: 0.47ms
[3451.193s][info][gc,phases      ] GC(770)   Evacuate Collection Set: 119.87ms
[3451.193s][info][gc,phases      ] GC(770)   Post Evacuate Collection Set: 0.91ms
[3451.193s][info][gc,phases      ] GC(770)   Other: 0.10ms
[3451.193s][info][gc,heap        ] GC(770) Eden regions: 1120->0(1117)
[3451.193s][info][gc,heap        ] GC(770) Survivor regions: 108->111(154)
[3451.193s][info][gc,heap        ] GC(770) Old regions: 474->506
[3451.193s][info][gc,heap        ] GC(770) Humongous regions: 80->80
[3451.193s][info][gc,metaspace   ] GC(770) Metaspace: 28909K(29376K)->28909K(29376K) NonClass: 24040K(24256K)->24040K(24256K) Class: 4869K(5120K)->4869K(5120K)
[3451.193s][info][gc             ] GC(770) Pause Young (Concurrent Start) (G1 Evacuation Pause) 3561M->1392M(4096M) 121.825ms
[3451.193s][info][gc             ] GC(771) Concurrent Mark Cycle
[3451.193s][info][gc,marking     ] GC(771) Concurrent Scan Root Regions
[3451.193s][info][gc,cpu         ] GC(770) User=0.72s Sys=0.00s Real=0.12s
[3451.333s][info][gc,marking     ] GC(771) Concurrent Scan Root Regions 140.145ms
[3451.334s][info][gc,marking     ] GC(771) Concurrent Mark
[3451.334s][info][gc,marking     ] GC(771) Concurrent Mark From Roots
[3451.334s][info][gc,task        ] GC(771) Using 2 workers of 2 for marking
.[3452.032s][info][gc,marking     ] GC(771) Concurrent Mark From Roots 698.712ms
[3452.032s][info][gc,marking     ] GC(771) Concurrent Preclean
[3452.032s][info][gc,marking     ] GC(771) Concurrent Preclean 0.132ms
[3452.034s][info][gc,start       ] GC(771) Pause Remark
[3452.040s][info][gc             ] GC(771) Pause Remark 2059M->2059M(4096M) 5.841ms
[3452.040s][info][gc,cpu         ] GC(771) User=0.03s Sys=0.00s Real=0.01s
[3452.040s][info][gc,marking     ] GC(771) Concurrent Mark 706.226ms
[3452.040s][info][gc,marking     ] GC(771) Concurrent Rebuild Remembered Sets and Scrub Regions
[3452.394s][info][gc,marking     ] GC(771) Concurrent Rebuild Remembered Sets and Scrub Regions 354.591ms
[3452.395s][info][gc,start       ] GC(771) Pause Cleanup
[3452.395s][info][gc             ] GC(771) Pause Cleanup 2317M->2317M(4096M) 0.120ms
[3452.395s][info][gc,cpu         ] GC(771) User=0.00s Sys=0.00s Real=0.00s
[3452.397s][info][gc,marking     ] GC(771) Concurrent Clear Claimed Marks
[3452.397s][info][gc,marking     ] GC(771) Concurrent Clear Claimed Marks 0.040ms
[3452.397s][info][gc,marking     ] GC(771) Concurrent Cleanup for Next Mark
[3452.401s][info][gc,marking     ] GC(771) Concurrent Cleanup for Next Mark 4.487ms
[3452.401s][info][gc             ] GC(771) Concurrent Mark Cycle 1208.120ms
..[3454.237s][info][gc,start       ] GC(772) Pause Young (Prepare Mixed) (G1 Evacuation Pause)
[3454.237s][info][gc,task        ] GC(772) Using 6 workers of 6 for evacuation
[3454.360s][info][gc,phases      ] GC(772)   Pre Evacuate Collection Set: 0.32ms
[3454.360s][info][gc,phases      ] GC(772)   Merge Heap Roots: 0.58ms
[3454.360s][info][gc,phases      ] GC(772)   Evacuate Collection Set: 121.27ms
[3454.360s][info][gc,phases      ] GC(772)   Post Evacuate Collection Set: 0.94ms
[3454.360s][info][gc,phases      ] GC(772)   Other: 0.09ms
[3454.360s][info][gc,heap        ] GC(772) Eden regions: 1117->0(1102)
[3454.360s][info][gc,heap        ] GC(772) Survivor regions: 111->113(154)
[3454.360s][info][gc,heap        ] GC(772) Old regions: 506->537
[3454.360s][info][gc,heap        ] GC(772) Humongous regions: 80->80
[3454.360s][info][gc,metaspace   ] GC(772) Metaspace: 28909K(29376K)->28909K(29376K) NonClass: 24040K(24256K)->24040K(24256K) Class: 4869K(5120K)->4869K(5120K)
[3454.360s][info][gc             ] GC(772) Pause Young (Prepare Mixed) (G1 Evacuation Pause) 3626M->1458M(4096M) 123.320ms
[3454.360s][info][gc,cpu         ] GC(772) User=0.74s Sys=0.00s Real=0.13s
...[3457.283s][info][gc,start       ] GC(773) Pause Young (Mixed) (G1 Evacuation Pause)
[3457.283s][info][gc,task        ] GC(773) Using 6 workers of 6 for evacuation
[3457.419s][info][gc,phases      ] GC(773)   Pre Evacuate Collection Set: 0.37ms
[3457.419s][info][gc,phases      ] GC(773)   Merge Heap Roots: 0.66ms
[3457.419s][info][gc,phases      ] GC(773)   Evacuate Collection Set: 133.85ms
[3457.419s][info][gc,phases      ] GC(773)   Post Evacuate Collection Set: 0.92ms
[3457.419s][info][gc,phases      ] GC(773)   Other: 0.09ms
[3457.419s][info][gc,heap        ] GC(773) Eden regions: 1102->0(1116)
[3457.419s][info][gc,heap        ] GC(773) Survivor regions: 113->112(152)
[3457.419s][info][gc,heap        ] GC(773) Old regions: 537->472
[3457.419s][info][gc,heap        ] GC(773) Humongous regions: 80->80
[3457.419s][info][gc,metaspace   ] GC(773) Metaspace: 28909K(29376K)->28909K(29376K) NonClass: 24040K(24256K)->24040K(24256K) Class: 4869K(5120K)->4869K(5120K)
[3457.419s][info][gc             ] GC(773) Pause Young (Mixed) (G1 Evacuation Pause) 3662M->1326M(4096M) 136.021ms
[3457.419s][info][gc,cpu         ] GC(773) User=0.81s Sys=0.00s Real=0.13s
...[3460.386s][info][gc,start       ] GC(774) Pause Young (Concurrent Start) (G1 Evacuation Pause)
[3460.386s][info][gc,task        ] GC(774) Using 6 workers of 6 for evacuation
[3460.505s][info][gc,phases      ] GC(774)   Pre Evacuate Collection Set: 0.40ms
[3460.505s][info][gc,phases      ] GC(774)   Merge Heap Roots: 0.53ms
[3460.505s][info][gc,phases      ] GC(774)   Evacuate Collection Set: 117.14ms
[3460.505s][info][gc,phases      ] GC(774)   Post Evacuate Collection Set: 0.89ms
[3460.505s][info][gc,phases      ] GC(774)   Other: 0.11ms
[3460.505s][info][gc,heap        ] GC(774) Eden regions: 1116->0(1118)
[3460.505s][info][gc,heap        ] GC(774) Survivor regions: 112->110(154)
[3460.505s][info][gc,heap        ] GC(774) Old regions: 472->505
[3460.505s][info][gc,heap        ] GC(774) Humongous regions: 80->80
[3460.505s][info][gc,metaspace   ] GC(774) Metaspace: 28909K(29376K)->28909K(29376K) NonClass: 24040K(24256K)->24040K(24256K) Class: 4869K(5120K)->4869K(5120K)
[3460.505s][info][gc             ] GC(774) Pause Young (Concurrent Start) (G1 Evacuation Pause) 3558M->1387M(4096M) 119.192ms
[3460.505s][info][gc             ] GC(775) Concurrent Mark Cycle
[3460.505s][info][gc,marking     ] GC(775) Concurrent Scan Root Regions
[3460.505s][info][gc,cpu         ] GC(774) User=0.71s Sys=0.01s Real=0.12s
[3460.642s][info][gc,marking     ] GC(775) Concurrent Scan Root Regions 136.980ms
[3460.642s][info][gc,marking     ] GC(775) Concurrent Mark
[3460.642s][info][gc,marking     ] GC(775) Concurrent Mark From Roots
[3460.642s][info][gc,task        ] GC(775) Using 2 workers of 2 for marking
.[3461.357s][info][gc,marking     ] GC(775) Concurrent Mark From Roots 714.835ms
[3461.357s][info][gc,marking     ] GC(775) Concurrent Preclean
[3461.357s][info][gc,marking     ] GC(775) Concurrent Preclean 0.114ms
[3461.358s][info][gc,start       ] GC(775) Pause Remark
[3461.363s][info][gc             ] GC(775) Pause Remark 2095M->2095M(4096M) 4.715ms
[3461.363s][info][gc,cpu         ] GC(775) User=0.02s Sys=0.00s Real=0.01s
[3461.363s][info][gc,marking     ] GC(775) Concurrent Mark 721.221ms
[3461.363s][info][gc,marking     ] GC(775) Concurrent Rebuild Remembered Sets and Scrub Regions
[3461.610s][info][gc,marking     ] GC(775) Concurrent Rebuild Remembered Sets and Scrub Regions 246.757ms
[3461.610s][info][gc,start       ] GC(775) Pause Cleanup
[3461.610s][info][gc             ] GC(775) Pause Cleanup 2269M->2269M(4096M) 0.117ms
[3461.610s][info][gc,cpu         ] GC(775) User=0.00s Sys=0.00s Real=0.00s
[3461.610s][info][gc,marking     ] GC(775) Concurrent Clear Claimed Marks
[3461.610s][info][gc,marking     ] GC(775) Concurrent Clear Claimed Marks 0.029ms
[3461.610s][info][gc,marking     ] GC(775) Concurrent Cleanup for Next Mark
[3461.615s][info][gc,marking     ] GC(775) Concurrent Cleanup for Next Mark 5.121ms
[3461.616s][info][gc             ] GC(775) Concurrent Mark Cycle 1110.644ms
..[3463.480s][info][gc,start       ] GC(776) Pause Young (Prepare Mixed) (G1 Evacuation Pause)
[3463.480s][info][gc,task        ] GC(776) Using 6 workers of 6 for evacuation
[3463.596s][info][gc,phases      ] GC(776)   Pre Evacuate Collection Set: 0.32ms
[3463.596s][info][gc,phases      ] GC(776)   Merge Heap Roots: 0.51ms
[3463.596s][info][gc,phases      ] GC(776)   Evacuate Collection Set: 114.25ms
[3463.597s][info][gc,phases      ] GC(776)   Post Evacuate Collection Set: 0.93ms
[3463.597s][info][gc,phases      ] GC(776)   Other: 0.08ms
[3463.597s][info][gc,heap        ] GC(776) Eden regions: 1118->0(1111)
[3463.597s][info][gc,heap        ] GC(776) Survivor regions: 110->109(154)
[3463.597s][info][gc,heap        ] GC(776) Old regions: 505->536
[3463.597s][info][gc,heap        ] GC(776) Humongous regions: 80->80
[3463.597s][info][gc,metaspace   ] GC(776) Metaspace: 28909K(29376K)->28909K(29376K) NonClass: 24040K(24256K)->24040K(24256K) Class: 4869K(5120K)->4869K(5120K)
[3463.597s][info][gc             ] GC(776) Pause Young (Prepare Mixed) (G1 Evacuation Pause) 3623M->1449M(4096M) 116.219ms
[3463.597s][info][gc,cpu         ] GC(776) User=0.69s Sys=0.00s Real=0.11s
...[3466.602s][info][gc,start       ] GC(777) Pause Young (Mixed) (G1 Evacuation Pause)
[3466.602s][info][gc,task        ] GC(777) Using 6 workers of 6 for evacuation
[3466.736s][info][gc,phases      ] GC(777)   Pre Evacuate Collection Set: 0.38ms
[3466.736s][info][gc,phases      ] GC(777)   Merge Heap Roots: 0.76ms
[3466.736s][info][gc,phases      ] GC(777)   Evacuate Collection Set: 131.82ms
[3466.736s][info][gc,phases      ] GC(777)   Post Evacuate Collection Set: 0.95ms
[3466.736s][info][gc,phases      ] GC(777)   Other: 0.09ms
[3466.736s][info][gc,heap        ] GC(777) Eden regions: 1111->0(1119)
[3466.736s][info][gc,heap        ] GC(777) Survivor regions: 109->109(153)
[3466.736s][info][gc,heap        ] GC(777) Old regions: 536->473
[3466.736s][info][gc,heap        ] GC(777) Humongous regions: 80->80
[3466.736s][info][gc,metaspace   ] GC(777) Metaspace: 28909K(29376K)->28909K(29376K) NonClass: 24040K(24256K)->24040K(24256K) Class: 4869K(5120K)->4869K(5120K)
[3466.736s][info][gc             ] GC(777) Pause Young (Mixed) (G1 Evacuation Pause) 3671M->1322M(4096M) 134.147ms
[3466.736s][info][gc,cpu         ] GC(777) User=0.80s Sys=0.00s Real=0.13s
...[3469.663s][info][gc,start       ] GC(778) Pause Young (Concurrent Start) (G1 Evacuation Pause)
[3469.663s][info][gc,task        ] GC(778) Using 6 workers of 6 for evacuation
[3469.781s][info][gc,phases      ] GC(778)   Pre Evacuate Collection Set: 0.40ms
[3469.781s][info][gc,phases      ] GC(778)   Merge Heap Roots: 0.50ms
[3469.781s][info][gc,phases      ] GC(778)   Evacuate Collection Set: 116.08ms
[3469.781s][info][gc,phases      ] GC(778)   Post Evacuate Collection Set: 0.86ms
[3469.781s][info][gc,phases      ] GC(778)   Other: 0.12ms
[3469.781s][info][gc,heap        ] GC(778) Eden regions: 1119->0(1118)
[3469.781s][info][gc,heap        ] GC(778) Survivor regions: 109->110(154)
[3469.781s][info][gc,heap        ] GC(778) Old regions: 473->505
[3469.781s][info][gc,heap        ] GC(778) Humongous regions: 80->80
[3469.781s][info][gc,metaspace   ] GC(778) Metaspace: 28909K(29376K)->28909K(29376K) NonClass: 24040K(24256K)->24040K(24256K) Class: 4869K(5120K)->4869K(5120K)
[3469.781s][info][gc             ] GC(778) Pause Young (Concurrent Start) (G1 Evacuation Pause) 3560M->1387M(4096M) 118.104ms
[3469.781s][info][gc             ] GC(779) Concurrent Mark Cycle
[3469.781s][info][gc,marking     ] GC(779) Concurrent Scan Root Regions
[3469.781s][info][gc,cpu         ] GC(778) User=0.70s Sys=0.00s Real=0.12s
.[3469.923s][info][gc,marking     ] GC(779) Concurrent Scan Root Regions 141.941ms
[3469.923s][info][gc,marking     ] GC(779) Concurrent Mark
[3469.923s][info][gc,marking     ] GC(779) Concurrent Mark From Roots
[3469.923s][info][gc,task        ] GC(779) Using 2 workers of 2 for marking
[3470.617s][info][gc,marking     ] GC(779) Concurrent Mark From Roots 693.281ms
[3470.617s][info][gc,marking     ] GC(779) Concurrent Preclean
[3470.617s][info][gc,marking     ] GC(779) Concurrent Preclean 0.078ms
[3470.617s][info][gc,start       ] GC(779) Pause Remark
[3470.623s][info][gc             ] GC(779) Pause Remark 2071M->2071M(4096M) 5.794ms
[3470.623s][info][gc,cpu         ] GC(779) User=0.03s Sys=0.00s Real=0.01s
[3470.623s][info][gc,marking     ] GC(779) Concurrent Mark 699.431ms
[3470.623s][info][gc,marking     ] GC(779) Concurrent Rebuild Remembered Sets and Scrub Regions
.[3470.907s][info][gc,marking     ] GC(779) Concurrent Rebuild Remembered Sets and Scrub Regions 284.664ms
[3470.908s][info][gc,start       ] GC(779) Pause Cleanup
[3470.908s][info][gc             ] GC(779) Pause Cleanup 2255M->2255M(4096M) 0.116ms
[3470.908s][info][gc,cpu         ] GC(779) User=0.00s Sys=0.00s Real=0.00s
[3470.908s][info][gc,marking     ] GC(779) Concurrent Clear Claimed Marks
[3470.908s][info][gc,marking     ] GC(779) Concurrent Clear Claimed Marks 0.034ms
[3470.908s][info][gc,marking     ] GC(779) Concurrent Cleanup for Next Mark
[3470.913s][info][gc,marking     ] GC(779) Concurrent Cleanup for Next Mark 5.022ms
[3470.913s][info][gc             ] GC(779) Concurrent Mark Cycle 1132.166ms
.[3472.845s][info][gc,start       ] GC(780) Pause Young (Prepare Mixed) (G1 Evacuation Pause)
[3472.845s][info][gc,task        ] GC(780) Using 6 workers of 6 for evacuation
[3472.964s][info][gc,phases      ] GC(780)   Pre Evacuate Collection Set: 0.32ms
[3472.964s][info][gc,phases      ] GC(780)   Merge Heap Roots: 0.52ms
[3472.964s][info][gc,phases      ] GC(780)   Evacuate Collection Set: 117.98ms
[3472.964s][info][gc,phases      ] GC(780)   Post Evacuate Collection Set: 0.90ms
[3472.964s][info][gc,phases      ] GC(780)   Other: 0.09ms
[3472.964s][info][gc,heap        ] GC(780) Eden regions: 1118->0(1106)
[3472.964s][info][gc,heap        ] GC(780) Survivor regions: 110->111(154)
[3472.964s][info][gc,heap        ] GC(780) Old regions: 505->537
[3472.964s][info][gc,heap        ] GC(780) Humongous regions: 80->80
[3472.964s][info][gc,metaspace   ] GC(780) Metaspace: 28909K(29376K)->28909K(29376K) NonClass: 24040K(24256K)->24040K(24256K) Class: 4869K(5120K)->4869K(5120K)
[3472.964s][info][gc             ] GC(780) Pause Young (Prepare Mixed) (G1 Evacuation Pause) 3623M->1454M(4096M) 119.952ms
[3472.964s][info][gc,cpu         ] GC(780) User=0.71s Sys=0.00s Real=0.12s
...[3475.814s][info][gc,start       ] GC(781) Pause Young (Mixed) (G1 Evacuation Pause)
[3475.814s][info][gc,task        ] GC(781) Using 6 workers of 6 for evacuation
[3475.954s][info][gc,phases      ] GC(781)   Pre Evacuate Collection Set: 0.34ms
[3475.954s][info][gc,phases      ] GC(781)   Merge Heap Roots: 0.78ms
[3475.954s][info][gc,phases      ] GC(781)   Evacuate Collection Set: 137.78ms
[3475.954s][info][gc,phases      ] GC(781)   Post Evacuate Collection Set: 0.95ms
[3475.954s][info][gc,phases      ] GC(781)   Other: 0.08ms
[3475.954s][info][gc,heap        ] GC(781) Eden regions: 1106->0(1115)
[3475.954s][info][gc,heap        ] GC(781) Survivor regions: 111->113(153)
[3475.954s][info][gc,heap        ] GC(781) Old regions: 537->474
[3475.954s][info][gc,heap        ] GC(781) Humongous regions: 80->80
[3475.954s][info][gc,metaspace   ] GC(781) Metaspace: 28910K(29376K)->28910K(29376K) NonClass: 24040K(24256K)->24040K(24256K) Class: 4869K(5120K)->4869K(5120K)
[3475.954s][info][gc             ] GC(781) Pause Young (Mixed) (G1 Evacuation Pause) 3666M->1332M(4096M) 140.058ms
[3475.954s][info][gc,cpu         ] GC(781) User=0.84s Sys=0.00s Real=0.14s
...[3478.933s][info][gc,start       ] GC(782) Pause Young (Concurrent Start) (G1 Evacuation Pause)
[3478.934s][info][gc,task        ] GC(782) Using 6 workers of 6 for evacuation
[3479.050s][info][gc,phases      ] GC(782)   Pre Evacuate Collection Set: 0.35ms
[3479.050s][info][gc,phases      ] GC(782)   Merge Heap Roots: 0.50ms
[3479.050s][info][gc,phases      ] GC(782)   Evacuate Collection Set: 114.45ms
[3479.050s][info][gc,phases      ] GC(782)   Post Evacuate Collection Set: 0.86ms
[3479.050s][info][gc,phases      ] GC(782)   Other: 0.11ms
[3479.050s][info][gc,heap        ] GC(782) Eden regions: 1115->0(1122)
[3479.050s][info][gc,heap        ] GC(782) Survivor regions: 113->106(154)
[3479.050s][info][gc,heap        ] GC(782) Old regions: 474->507
[3479.050s][info][gc,heap        ] GC(782) Humongous regions: 80->80
[3479.050s][info][gc,metaspace   ] GC(782) Metaspace: 28910K(29376K)->28910K(29376K) NonClass: 24040K(24256K)->24040K(24256K) Class: 4869K(5120K)->4869K(5120K)
[3479.050s][info][gc             ] GC(782) Pause Young (Concurrent Start) (G1 Evacuation Pause) 3562M->1384M(4096M) 116.406ms
[3479.050s][info][gc             ] GC(783) Concurrent Mark Cycle
[3479.050s][info][gc,marking     ] GC(783) Concurrent Scan Root Regions
[3479.050s][info][gc,cpu         ] GC(782) User=0.69s Sys=0.00s Real=0.12s
.[3479.214s][info][gc,marking     ] GC(783) Concurrent Scan Root Regions 164.315ms
[3479.214s][info][gc,marking     ] GC(783) Concurrent Mark
[3479.214s][info][gc,marking     ] GC(783) Concurrent Mark From Roots
[3479.214s][info][gc,task        ] GC(783) Using 2 workers of 2 for marking
[3479.988s][info][gc,marking     ] GC(783) Concurrent Mark From Roots 773.409ms
[3479.988s][info][gc,marking     ] GC(783) Concurrent Preclean
[3479.988s][info][gc,marking     ] GC(783) Concurrent Preclean 0.172ms
[3479.989s][info][gc,start       ] GC(783) Pause Remark
[3479.994s][info][gc             ] GC(783) Pause Remark 2152M->2152M(4096M) 5.349ms
[3479.994s][info][gc,cpu         ] GC(783) User=0.03s Sys=0.00s Real=0.01s
[3479.995s][info][gc,marking     ] GC(783) Concurrent Mark 780.342ms
[3479.995s][info][gc,marking     ] GC(783) Concurrent Rebuild Remembered Sets and Scrub Regions
.[3480.233s][info][gc,marking     ] GC(783) Concurrent Rebuild Remembered Sets and Scrub Regions 238.140ms
[3480.233s][info][gc,start       ] GC(783) Pause Cleanup
[3480.233s][info][gc             ] GC(783) Pause Cleanup 2304M->2304M(4096M) 0.103ms
[3480.233s][info][gc,cpu         ] GC(783) User=0.00s Sys=0.00s Real=0.00s
[3480.233s][info][gc,marking     ] GC(783) Concurrent Clear Claimed Marks
[3480.233s][info][gc,marking     ] GC(783) Concurrent Clear Claimed Marks 0.024ms
[3480.233s][info][gc,marking     ] GC(783) Concurrent Cleanup for Next Mark
[3480.237s][info][gc,marking     ] GC(783) Concurrent Cleanup for Next Mark 3.578ms
[3480.237s][info][gc             ] GC(783) Concurrent Mark Cycle 1186.818ms
.[3482.105s][info][gc,start       ] GC(784) Pause Young (Prepare Mixed) (G1 Evacuation Pause)
[3482.105s][info][gc,task        ] GC(784) Using 6 workers of 6 for evacuation
[3482.221s][info][gc,phases      ] GC(784)   Pre Evacuate Collection Set: 0.31ms
[3482.221s][info][gc,phases      ] GC(784)   Merge Heap Roots: 0.59ms
[3482.221s][info][gc,phases      ] GC(784)   Evacuate Collection Set: 113.98ms
[3482.221s][info][gc,phases      ] GC(784)   Post Evacuate Collection Set: 0.89ms
[3482.221s][info][gc,phases      ] GC(784)   Other: 0.09ms
[3482.221s][info][gc,heap        ] GC(784) Eden regions: 1122->0(1109)
[3482.221s][info][gc,heap        ] GC(784) Survivor regions: 106->109(154)
[3482.221s][info][gc,heap        ] GC(784) Old regions: 507->538
[3482.221s][info][gc,heap        ] GC(784) Humongous regions: 80->80
[3482.221s][info][gc,metaspace   ] GC(784) Metaspace: 28910K(29376K)->28910K(29376K) NonClass: 24040K(24256K)->24040K(24256K) Class: 4869K(5120K)->4869K(5120K)
[3482.221s][info][gc             ] GC(784) Pause Young (Prepare Mixed) (G1 Evacuation Pause) 3628M->1452M(4096M) 115.995ms
[3482.221s][info][gc,cpu         ] GC(784) User=0.69s Sys=0.01s Real=0.12s
...[3485.129s][info][gc,start       ] GC(785) Pause Young (Mixed) (G1 Evacuation Pause)
[3485.129s][info][gc,task        ] GC(785) Using 6 workers of 6 for evacuation
[3485.261s][info][gc,phases      ] GC(785)   Pre Evacuate Collection Set: 0.40ms
[3485.261s][info][gc,phases      ] GC(785)   Merge Heap Roots: 0.70ms
[3485.261s][info][gc,phases      ] GC(785)   Evacuate Collection Set: 129.35ms
[3485.261s][info][gc,phases      ] GC(785)   Post Evacuate Collection Set: 0.94ms
[3485.261s][info][gc,phases      ] GC(785)   Other: 0.09ms
[3485.261s][info][gc,heap        ] GC(785) Eden regions: 1109->0(1120)
[3485.261s][info][gc,heap        ] GC(785) Survivor regions: 109->108(153)
[3485.261s][info][gc,heap        ] GC(785) Old regions: 538->473
[3485.261s][info][gc,heap        ] GC(785) Humongous regions: 80->80
[3485.261s][info][gc,metaspace   ] GC(785) Metaspace: 28910K(29376K)->28910K(29376K) NonClass: 24040K(24256K)->24040K(24256K) Class: 4869K(5120K)->4869K(5120K)
[3485.261s][info][gc             ] GC(785) Pause Young (Mixed) (G1 Evacuation Pause) 3670M->1320M(4096M) 131.603ms
[3485.261s][info][gc,cpu         ] GC(785) User=0.78s Sys=0.00s Real=0.14s
...[3488.238s][info][gc,start       ] GC(786) Pause Young (Concurrent Start) (G1 Evacuation Pause)
[3488.238s][info][gc,task        ] GC(786) Using 6 workers of 6 for evacuation
[3488.354s][info][gc,phases      ] GC(786)   Pre Evacuate Collection Set: 0.35ms
[3488.354s][info][gc,phases      ] GC(786)   Merge Heap Roots: 0.56ms
[3488.354s][info][gc,phases      ] GC(786)   Evacuate Collection Set: 114.46ms
[3488.354s][info][gc,phases      ] GC(786)   Post Evacuate Collection Set: 0.88ms
[3488.354s][info][gc,phases      ] GC(786)   Other: 0.10ms
[3488.354s][info][gc,heap        ] GC(786) Eden regions: 1120->0(1120)
[3488.354s][info][gc,heap        ] GC(786) Survivor regions: 108->108(154)
[3488.354s][info][gc,heap        ] GC(786) Old regions: 473->505
[3488.354s][info][gc,heap        ] GC(786) Humongous regions: 80->80
[3488.354s][info][gc,metaspace   ] GC(786) Metaspace: 28910K(29376K)->28910K(29376K) NonClass: 24040K(24256K)->24040K(24256K) Class: 4869K(5120K)->4869K(5120K)
[3488.354s][info][gc             ] GC(786) Pause Young (Concurrent Start) (G1 Evacuation Pause) 3560M->1385M(4096M) 116.481ms
[3488.354s][info][gc             ] GC(787) Concurrent Mark Cycle
[3488.355s][info][gc,marking     ] GC(787) Concurrent Scan Root Regions
[3488.355s][info][gc,cpu         ] GC(786) User=0.69s Sys=0.00s Real=0.12s
.[3488.499s][info][gc,marking     ] GC(787) Concurrent Scan Root Regions 144.741ms
[3488.499s][info][gc,marking     ] GC(787) Concurrent Mark
[3488.499s][info][gc,marking     ] GC(787) Concurrent Mark From Roots
[3488.499s][info][gc,task        ] GC(787) Using 2 workers of 2 for marking
[3489.181s][info][gc,marking     ] GC(787) Concurrent Mark From Roots 682.151ms
[3489.182s][info][gc,marking     ] GC(787) Concurrent Preclean
[3489.182s][info][gc,marking     ] GC(787) Concurrent Preclean 0.091ms
[3489.182s][info][gc,start       ] GC(787) Pause Remark
[3489.187s][info][gc             ] GC(787) Pause Remark 2018M->2018M(4096M) 5.369ms
[3489.187s][info][gc,cpu         ] GC(787) User=0.03s Sys=0.00s Real=0.00s
[3489.187s][info][gc,marking     ] GC(787) Concurrent Mark 688.135ms
[3489.187s][info][gc,marking     ] GC(787) Concurrent Rebuild Remembered Sets and Scrub Regions
.[3489.552s][info][gc,marking     ] GC(787) Concurrent Rebuild Remembered Sets and Scrub Regions 364.739ms
[3489.552s][info][gc,start       ] GC(787) Pause Cleanup
[3489.552s][info][gc             ] GC(787) Pause Cleanup 2301M->2301M(4096M) 0.111ms
[3489.552s][info][gc,cpu         ] GC(787) User=0.00s Sys=0.00s Real=0.00s
[3489.553s][info][gc,marking     ] GC(787) Concurrent Clear Claimed Marks
[3489.553s][info][gc,marking     ] GC(787) Concurrent Clear Claimed Marks 0.025ms
[3489.553s][info][gc,marking     ] GC(787) Concurrent Cleanup for Next Mark
[3489.557s][info][gc,marking     ] GC(787) Concurrent Cleanup for Next Mark 4.667ms
[3489.557s][info][gc             ] GC(787) Concurrent Mark Cycle 1202.768ms
..[3491.403s][info][gc,start       ] GC(788) Pause Young (Prepare Mixed) (G1 Evacuation Pause)
[3491.403s][info][gc,task        ] GC(788) Using 6 workers of 6 for evacuation
[3491.521s][info][gc,phases      ] GC(788)   Pre Evacuate Collection Set: 0.32ms
[3491.521s][info][gc,phases      ] GC(788)   Merge Heap Roots: 0.54ms
[3491.521s][info][gc,phases      ] GC(788)   Evacuate Collection Set: 116.28ms
[3491.521s][info][gc,phases      ] GC(788)   Post Evacuate Collection Set: 0.93ms
[3491.521s][info][gc,phases      ] GC(788)   Other: 0.08ms
[3491.521s][info][gc,heap        ] GC(788) Eden regions: 1120->0(1107)
[3491.521s][info][gc,heap        ] GC(788) Survivor regions: 108->111(154)
[3491.521s][info][gc,heap        ] GC(788) Old regions: 505->536
[3491.521s][info][gc,heap        ] GC(788) Humongous regions: 80->80
[3491.521s][info][gc,metaspace   ] GC(788) Metaspace: 28910K(29376K)->28910K(29376K) NonClass: 24040K(24256K)->24040K(24256K) Class: 4869K(5120K)->4869K(5120K)
[3491.521s][info][gc             ] GC(788) Pause Young (Prepare Mixed) (G1 Evacuation Pause) 3625M->1452M(4096M) 118.279ms
[3491.521s][info][gc,cpu         ] GC(788) User=0.70s Sys=0.00s Real=0.12s
...[3494.478s][info][gc,start       ] GC(789) Pause Young (Mixed) (G1 Evacuation Pause)
[3494.478s][info][gc,task        ] GC(789) Using 6 workers of 6 for evacuation
[3494.614s][info][gc,phases      ] GC(789)   Pre Evacuate Collection Set: 0.35ms
[3494.614s][info][gc,phases      ] GC(789)   Merge Heap Roots: 0.77ms
[3494.614s][info][gc,phases      ] GC(789)   Evacuate Collection Set: 133.74ms
[3494.614s][info][gc,phases      ] GC(789)   Post Evacuate Collection Set: 0.94ms
[3494.614s][info][gc,phases      ] GC(789)   Other: 0.08ms
[3494.614s][info][gc,heap        ] GC(789) Eden regions: 1107->0(1118)
[3494.614s][info][gc,heap        ] GC(789) Survivor regions: 111->110(153)
[3494.614s][info][gc,heap        ] GC(789) Old regions: 536->473
[3494.614s][info][gc,heap        ] GC(789) Humongous regions: 80->80
[3494.614s][info][gc,metaspace   ] GC(789) Metaspace: 28910K(29376K)->28910K(29376K) NonClass: 24040K(24256K)->24040K(24256K) Class: 4869K(5120K)->4869K(5120K)
[3494.614s][info][gc             ] GC(789) Pause Young (Mixed) (G1 Evacuation Pause) 3666M->1325M(4096M) 136.013ms
[3494.614s][info][gc,cpu         ] GC(789) User=0.81s Sys=0.00s Real=0.14s
...[3497.579s][info][gc,start       ] GC(790) Pause Young (Concurrent Start) (G1 Evacuation Pause)
[3497.579s][info][gc,task        ] GC(790) Using 6 workers of 6 for evacuation
[3497.700s][info][gc,phases      ] GC(790)   Pre Evacuate Collection Set: 0.40ms
[3497.700s][info][gc,phases      ] GC(790)   Merge Heap Roots: 0.50ms
[3497.700s][info][gc,phases      ] GC(790)   Evacuate Collection Set: 119.36ms
[3497.700s][info][gc,phases      ] GC(790)   Post Evacuate Collection Set: 0.87ms
[3497.700s][info][gc,phases      ] GC(790)   Other: 0.10ms
[3497.700s][info][gc,heap        ] GC(790) Eden regions: 1118->0(1117)
[3497.700s][info][gc,heap        ] GC(790) Survivor regions: 110->111(154)
[3497.700s][info][gc,heap        ] GC(790) Old regions: 473->505
[3497.700s][info][gc,heap        ] GC(790) Humongous regions: 80->80
[3497.700s][info][gc,metaspace   ] GC(790) Metaspace: 28910K(29376K)->28910K(29376K) NonClass: 24040K(24256K)->24040K(24256K) Class: 4869K(5120K)->4869K(5120K)
[3497.700s][info][gc             ] GC(790) Pause Young (Concurrent Start) (G1 Evacuation Pause) 3561M->1391M(4096M) 121.364ms
[3497.700s][info][gc             ] GC(791) Concurrent Mark Cycle
[3497.700s][info][gc,marking     ] GC(791) Concurrent Scan Root Regions
[3497.700s][info][gc,cpu         ] GC(790) User=0.73s Sys=0.00s Real=0.13s
[3497.878s][info][gc,marking     ] GC(791) Concurrent Scan Root Regions 178.375ms
[3497.878s][info][gc,marking     ] GC(791) Concurrent Mark
[3497.878s][info][gc,marking     ] GC(791) Concurrent Mark From Roots
[3497.878s][info][gc,task        ] GC(791) Using 2 workers of 2 for marking
.[3498.871s][info][gc,marking     ] GC(791) Concurrent Mark From Roots 992.259ms
[3498.871s][info][gc,marking     ] GC(791) Concurrent Preclean
[3498.871s][info][gc,marking     ] GC(791) Concurrent Preclean 0.114ms
[3498.873s][info][gc,start       ] GC(791) Pause Remark
[3498.879s][info][gc             ] GC(791) Pause Remark 2295M->2295M(4096M) 6.150ms
[3498.879s][info][gc,cpu         ] GC(791) User=0.03s Sys=0.01s Real=0.01s
[3498.880s][info][gc,marking     ] GC(791) Concurrent Mark 1002.018ms
[3498.881s][info][gc,marking     ] GC(791) Concurrent Rebuild Remembered Sets and Scrub Regions
[3499.234s][info][gc,marking     ] GC(791) Concurrent Rebuild Remembered Sets and Scrub Regions 353.676ms
[3499.234s][info][gc,start       ] GC(791) Pause Cleanup
[3499.234s][info][gc             ] GC(791) Pause Cleanup 2564M->2564M(4096M) 0.106ms
[3499.234s][info][gc,cpu         ] GC(791) User=0.00s Sys=0.00s Real=0.00s
[3499.234s][info][gc,marking     ] GC(791) Concurrent Clear Claimed Marks
[3499.234s][info][gc,marking     ] GC(791) Concurrent Clear Claimed Marks 0.022ms
[3499.234s][info][gc,marking     ] GC(791) Concurrent Cleanup for Next Mark
[3499.238s][info][gc,marking     ] GC(791) Concurrent Cleanup for Next Mark 3.356ms
[3499.238s][info][gc             ] GC(791) Concurrent Mark Cycle 1537.865ms
..[3500.714s][info][gc,start       ] GC(792) Pause Young (Prepare Mixed) (G1 Evacuation Pause)
[3500.714s][info][gc,task        ] GC(792) Using 6 workers of 6 for evacuation
[3500.833s][info][gc,phases      ] GC(792)   Pre Evacuate Collection Set: 0.31ms
[3500.833s][info][gc,phases      ] GC(792)   Merge Heap Roots: 0.55ms
[3500.833s][info][gc,phases      ] GC(792)   Evacuate Collection Set: 116.66ms
[3500.833s][info][gc,phases      ] GC(792)   Post Evacuate Collection Set: 0.91ms
[3500.833s][info][gc,phases      ] GC(792)   Other: 0.08ms
[3500.833s][info][gc,heap        ] GC(792) Eden regions: 1117->0(1110)
[3500.833s][info][gc,heap        ] GC(792) Survivor regions: 111->109(154)
[3500.833s][info][gc,heap        ] GC(792) Old regions: 505->537
[3500.833s][info][gc,heap        ] GC(792) Humongous regions: 80->80
[3500.833s][info][gc,metaspace   ] GC(792) Metaspace: 28910K(29376K)->28910K(29376K) NonClass: 24040K(24256K)->24040K(24256K) Class: 4869K(5120K)->4869K(5120K)
[3500.833s][info][gc             ] GC(792) Pause Young (Prepare Mixed) (G1 Evacuation Pause) 3625M->1451M(4096M) 118.660ms
[3500.833s][info][gc,cpu         ] GC(792) User=0.71s Sys=0.00s Real=0.12s
...[3503.753s][info][gc,start       ] GC(793) Pause Young (Mixed) (G1 Evacuation Pause)
[3503.753s][info][gc,task        ] GC(793) Using 6 workers of 6 for evacuation
[3503.887s][info][gc,phases      ] GC(793)   Pre Evacuate Collection Set: 0.35ms
[3503.887s][info][gc,phases      ] GC(793)   Merge Heap Roots: 0.63ms
[3503.888s][info][gc,phases      ] GC(793)   Evacuate Collection Set: 132.66ms
[3503.888s][info][gc,phases      ] GC(793)   Post Evacuate Collection Set: 0.94ms
[3503.888s][info][gc,phases      ] GC(793)   Other: 0.09ms
[3503.888s][info][gc,heap        ] GC(793) Eden regions: 1110->0(1115)
[3503.888s][info][gc,heap        ] GC(793) Survivor regions: 109->113(153)
[3503.888s][info][gc,heap        ] GC(793) Old regions: 537->472
[3503.888s][info][gc,heap        ] GC(793) Humongous regions: 80->80
[3503.888s][info][gc,metaspace   ] GC(793) Metaspace: 28910K(29376K)->28910K(29376K) NonClass: 24040K(24256K)->24040K(24256K) Class: 4869K(5120K)->4869K(5120K)
[3503.888s][info][gc             ] GC(793) Pause Young (Mixed) (G1 Evacuation Pause) 3671M->1328M(4096M) 134.791ms
[3503.888s][info][gc,cpu         ] GC(793) User=0.80s Sys=0.00s Real=0.13s
...[3506.928s][info][gc,start       ] GC(794) Pause Young (Concurrent Start) (G1 Evacuation Pause)
[3506.928s][info][gc,task        ] GC(794) Using 6 workers of 6 for evacuation
[3507.044s][info][gc,phases      ] GC(794)   Pre Evacuate Collection Set: 0.35ms
[3507.044s][info][gc,phases      ] GC(794)   Merge Heap Roots: 0.46ms
[3507.044s][info][gc,phases      ] GC(794)   Evacuate Collection Set: 114.34ms
[3507.044s][info][gc,phases      ] GC(794)   Post Evacuate Collection Set: 0.89ms
[3507.044s][info][gc,phases      ] GC(794)   Other: 0.10ms
[3507.044s][info][gc,heap        ] GC(794) Eden regions: 1115->0(1120)
[3507.044s][info][gc,heap        ] GC(794) Survivor regions: 113->108(154)
[3507.044s][info][gc,heap        ] GC(794) Old regions: 472->505
[3507.044s][info][gc,heap        ] GC(794) Humongous regions: 80->80
[3507.044s][info][gc,metaspace   ] GC(794) Metaspace: 28910K(29376K)->28910K(29376K) NonClass: 24040K(24256K)->24040K(24256K) Class: 4869K(5120K)->4869K(5120K)
[3507.044s][info][gc             ] GC(794) Pause Young (Concurrent Start) (G1 Evacuation Pause) 3558M->1383M(4096M) 116.278ms
[3507.044s][info][gc             ] GC(795) Concurrent Mark Cycle
[3507.044s][info][gc,marking     ] GC(795) Concurrent Scan Root Regions
[3507.044s][info][gc,cpu         ] GC(794) User=0.69s Sys=0.00s Real=0.12s
[3507.223s][info][gc,marking     ] GC(795) Concurrent Scan Root Regions 178.823ms
[3507.223s][info][gc,marking     ] GC(795) Concurrent Mark
[3507.223s][info][gc,marking     ] GC(795) Concurrent Mark From Roots
[3507.223s][info][gc,task        ] GC(795) Using 2 workers of 2 for marking
.[3508.151s][info][gc,marking     ] GC(795) Concurrent Mark From Roots 927.483ms
[3508.151s][info][gc,marking     ] GC(795) Concurrent Preclean
[3508.151s][info][gc,marking     ] GC(795) Concurrent Preclean 0.112ms
[3508.152s][info][gc,start       ] GC(795) Pause Remark
[3508.156s][info][gc             ] GC(795) Pause Remark 2313M->2313M(4096M) 4.525ms
[3508.156s][info][gc,cpu         ] GC(795) User=0.03s Sys=0.00s Real=0.00s
[3508.157s][info][gc,marking     ] GC(795) Concurrent Mark 933.411ms
[3508.157s][info][gc,marking     ] GC(795) Concurrent Rebuild Remembered Sets and Scrub Regions
.[3508.404s][info][gc,marking     ] GC(795) Concurrent Rebuild Remembered Sets and Scrub Regions 247.442ms
[3508.404s][info][gc,start       ] GC(795) Pause Cleanup
[3508.404s][info][gc             ] GC(795) Pause Cleanup 2478M->2478M(4096M) 0.108ms
[3508.404s][info][gc,cpu         ] GC(795) User=0.00s Sys=0.00s Real=0.00s
[3508.405s][info][gc,marking     ] GC(795) Concurrent Clear Claimed Marks
[3508.405s][info][gc,marking     ] GC(795) Concurrent Clear Claimed Marks 0.035ms
[3508.405s][info][gc,marking     ] GC(795) Concurrent Cleanup for Next Mark
[3508.411s][info][gc,marking     ] GC(795) Concurrent Cleanup for Next Mark 5.606ms
[3508.411s][info][gc             ] GC(795) Concurrent Mark Cycle 1366.504ms
. (rIR:aIR:PR = 6088:6091:6090) (tPR = 90213) [OK] 
  3509s: Performance info:
         Transaction,    Success,    Partial,     Failed,   Receipts, AvgBarcode, 
             Overall,     370243,          0,          0,     351711,      59.47, 
         Response times:
             Request,    Success,    Partial,     Failed,   SkipFail,     Probes,    Samples,      min,      p50,      p90,      p95,      p99,      max, 
       TotalPurchase,     351719,          0,          0,          0,     344317,     369017,      300,     5300,    24000,    50000,    97000,   262000,
     InStorePurchase,     185077,          0,          0,          0,     181164,     194208,      300,     5200,    23000,    49000,    97000,   262000,
      OnlinePurchase,     129612,          0,          0,          0,     126800,     135638,      300,     5400,    24000,    50000,    98000,   210000,
        InstPurchase,      37030,          0,          0,          0,      36353,      39171,      400,     5500,    25000,    50000,    98000,   210000,
          AssocOfCat,        369,          0,          0,          0,        295,        360,    27000,    39000,    65900,   101900,   164120,   207000,
      AssocOfProduct,       3706,          0,          0,          0,       3409,       3787,      700,     6200,    22000,    52000,   101000,   159000,
      BusinessReport,        932,          0,          0,          0,        816,        994,    26000,    43000,    75000,    95000,   174400,   270000,
          CustBuyBeh,       3709,          0,          0,          0,       3430,       3831,      200,     5700,    25000,    49000,    99000,   152000,
       ProductReturn,       9817,          0,          0,          0,       9351,      10274,      200,     3900,    16600,    46000,    88250,   163000,

  3509s: (45%)   IR =   6227 [3509.970s][info][gc,start       ] GC(796) Pause Young (Prepare Mixed) (G1 Evacuation Pause)
[3509.970s][info][gc,task        ] GC(796) Using 6 workers of 6 for evacuation
[3510.087s][info][gc,phases      ] GC(796)   Pre Evacuate Collection Set: 0.31ms
[3510.087s][info][gc,phases      ] GC(796)   Merge Heap Roots: 0.60ms
[3510.087s][info][gc,phases      ] GC(796)   Evacuate Collection Set: 114.87ms
[3510.087s][info][gc,phases      ] GC(796)   Post Evacuate Collection Set: 0.97ms
[3510.087s][info][gc,phases      ] GC(796)   Other: 0.09ms
[3510.087s][info][gc,heap        ] GC(796) Eden regions: 1120->0(1113)
[3510.087s][info][gc,heap        ] GC(796) Survivor regions: 108->108(154)
[3510.087s][info][gc,heap        ] GC(796) Old regions: 505->536
[3510.087s][info][gc,heap        ] GC(796) Humongous regions: 80->80
[3510.087s][info][gc,metaspace   ] GC(796) Metaspace: 28910K(29376K)->28910K(29376K) NonClass: 24040K(24256K)->24040K(24256K) Class: 4869K(5120K)->4869K(5120K)
[3510.087s][info][gc             ] GC(796) Pause Young (Prepare Mixed) (G1 Evacuation Pause) 3623M->1446M(4096M) 116.960ms
[3510.087s][info][gc,cpu         ] GC(796) User=0.70s Sys=0.00s Real=0.11s
...[3513.004s][info][gc,start       ] GC(797) Pause Young (Mixed) (G1 Evacuation Pause)
[3513.004s][info][gc,task        ] GC(797) Using 6 workers of 6 for evacuation
[3513.140s][info][gc,phases      ] GC(797)   Pre Evacuate Collection Set: 0.38ms
[3513.140s][info][gc,phases      ] GC(797)   Merge Heap Roots: 0.80ms
[3513.140s][info][gc,phases      ] GC(797)   Evacuate Collection Set: 133.37ms
[3513.140s][info][gc,phases      ] GC(797)   Post Evacuate Collection Set: 1.02ms
[3513.140s][info][gc,phases      ] GC(797)   Other: 0.09ms
[3513.140s][info][gc,heap        ] GC(797) Eden regions: 1113->0(1120)
[3513.140s][info][gc,heap        ] GC(797) Survivor regions: 108->108(153)
[3513.140s][info][gc,heap        ] GC(797) Old regions: 536->474
[3513.140s][info][gc,heap        ] GC(797) Humongous regions: 80->80
[3513.140s][info][gc,metaspace   ] GC(797) Metaspace: 28910K(29376K)->28910K(29376K) NonClass: 24040K(24256K)->24040K(24256K) Class: 4869K(5120K)->4869K(5120K)
[3513.140s][info][gc             ] GC(797) Pause Young (Mixed) (G1 Evacuation Pause) 3672M->1321M(4096M) 135.797ms
[3513.140s][info][gc,cpu         ] GC(797) User=0.81s Sys=0.00s Real=0.14s
..|.[3516.025s][info][gc,start       ] GC(798) Pause Young (Concurrent Start) (G1 Evacuation Pause)
[3516.025s][info][gc,task        ] GC(798) Using 6 workers of 6 for evacuation
[3516.142s][info][gc,phases      ] GC(798)   Pre Evacuate Collection Set: 0.35ms
[3516.142s][info][gc,phases      ] GC(798)   Merge Heap Roots: 0.48ms
[3516.142s][info][gc,phases      ] GC(798)   Evacuate Collection Set: 115.56ms
[3516.142s][info][gc,phases      ] GC(798)   Post Evacuate Collection Set: 0.87ms
[3516.142s][info][gc,phases      ] GC(798)   Other: 0.12ms
[3516.142s][info][gc,heap        ] GC(798) Eden regions: 1120->0(1121)
[3516.142s][info][gc,heap        ] GC(798) Survivor regions: 108->107(154)
[3516.142s][info][gc,heap        ] GC(798) Old regions: 474->504
[3516.142s][info][gc,heap        ] GC(798) Humongous regions: 80->80
[3516.142s][info][gc,metaspace   ] GC(798) Metaspace: 28910K(29376K)->28910K(29376K) NonClass: 24040K(24256K)->24040K(24256K) Class: 4869K(5120K)->4869K(5120K)
[3516.142s][info][gc             ] GC(798) Pause Young (Concurrent Start) (G1 Evacuation Pause) 3561M->1381M(4096M) 117.508ms
[3516.142s][info][gc             ] GC(799) Concurrent Mark Cycle
[3516.142s][info][gc,marking     ] GC(799) Concurrent Scan Root Regions
[3516.142s][info][gc,cpu         ] GC(798) User=0.70s Sys=0.00s Real=0.12s
[3516.320s][info][gc,marking     ] GC(799) Concurrent Scan Root Regions 177.605ms
[3516.320s][info][gc,marking     ] GC(799) Concurrent Mark
[3516.320s][info][gc,marking     ] GC(799) Concurrent Mark From Roots
[3516.320s][info][gc,task        ] GC(799) Using 2 workers of 2 for marking
.[3517.152s][info][gc,marking     ] GC(799) Concurrent Mark From Roots 832.089ms
[3517.152s][info][gc,marking     ] GC(799) Concurrent Preclean
[3517.152s][info][gc,marking     ] GC(799) Concurrent Preclean 0.114ms
[3517.152s][info][gc,start       ] GC(799) Pause Remark
[3517.159s][info][gc             ] GC(799) Pause Remark 2195M->2195M(4096M) 6.274ms
[3517.159s][info][gc,cpu         ] GC(799) User=0.04s Sys=0.00s Real=0.00s
[3517.159s][info][gc,marking     ] GC(799) Concurrent Mark 838.800ms
[3517.159s][info][gc,marking     ] GC(799) Concurrent Rebuild Remembered Sets and Scrub Regions
.[3517.484s][info][gc,marking     ] GC(799) Concurrent Rebuild Remembered Sets and Scrub Regions 325.267ms
[3517.484s][info][gc,start       ] GC(799) Pause Cleanup
[3517.484s][info][gc             ] GC(799) Pause Cleanup 2441M->2441M(4096M) 0.113ms
[3517.484s][info][gc,cpu         ] GC(799) User=0.00s Sys=0.00s Real=0.00s
[3517.485s][info][gc,marking     ] GC(799) Concurrent Clear Claimed Marks
[3517.485s][info][gc,marking     ] GC(799) Concurrent Clear Claimed Marks 0.035ms
[3517.485s][info][gc,marking     ] GC(799) Concurrent Cleanup for Next Mark
[3517.490s][info][gc,marking     ] GC(799) Concurrent Cleanup for Next Mark 4.792ms
[3517.490s][info][gc             ] GC(799) Concurrent Mark Cycle 1347.170ms
.[3519.134s][info][gc,start       ] GC(800) Pause Young (Prepare Mixed) (G1 Evacuation Pause)
[3519.134s][info][gc,task        ] GC(800) Using 6 workers of 6 for evacuation
[3519.254s][info][gc,phases      ] GC(800)   Pre Evacuate Collection Set: 0.30ms
[3519.254s][info][gc,phases      ] GC(800)   Merge Heap Roots: 0.53ms
[3519.254s][info][gc,phases      ] GC(800)   Evacuate Collection Set: 118.42ms
[3519.254s][info][gc,phases      ] GC(800)   Post Evacuate Collection Set: 0.91ms
[3519.254s][info][gc,phases      ] GC(800)   Other: 0.08ms
[3519.254s][info][gc,heap        ] GC(800) Eden regions: 1121->0(1105)
[3519.254s][info][gc,heap        ] GC(800) Survivor regions: 107->112(154)
[3519.254s][info][gc,heap        ] GC(800) Old regions: 504->536
[3519.254s][info][gc,heap        ] GC(800) Humongous regions: 80->80
[3519.254s][info][gc,metaspace   ] GC(800) Metaspace: 28910K(29376K)->28910K(29376K) NonClass: 24040K(24256K)->24040K(24256K) Class: 4869K(5120K)->4869K(5120K)
[3519.254s][info][gc             ] GC(800) Pause Young (Prepare Mixed) (G1 Evacuation Pause) 3623M->1453M(4096M) 120.380ms
[3519.254s][info][gc,cpu         ] GC(800) User=0.72s Sys=0.00s Real=0.12s
...[3522.052s][info][gc,start       ] GC(801) Pause Young (Mixed) (G1 Evacuation Pause)
[3522.052s][info][gc,task        ] GC(801) Using 6 workers of 6 for evacuation
[3522.183s][info][gc,phases      ] GC(801)   Pre Evacuate Collection Set: 0.35ms
[3522.183s][info][gc,phases      ] GC(801)   Merge Heap Roots: 0.68ms
[3522.183s][info][gc,phases      ] GC(801)   Evacuate Collection Set: 128.29ms
[3522.183s][info][gc,phases      ] GC(801)   Post Evacuate Collection Set: 0.94ms
[3522.183s][info][gc,phases      ] GC(801)   Other: 0.09ms
[3522.183s][info][gc,heap        ] GC(801) Eden regions: 1105->0(1120)
[3522.183s][info][gc,heap        ] GC(801) Survivor regions: 112->108(153)
[3522.183s][info][gc,heap        ] GC(801) Old regions: 536->474
[3522.183s][info][gc,heap        ] GC(801) Humongous regions: 80->80
[3522.183s][info][gc,metaspace   ] GC(801) Metaspace: 28910K(29376K)->28910K(29376K) NonClass: 24040K(24256K)->24040K(24256K) Class: 4869K(5120K)->4869K(5120K)
[3522.183s][info][gc             ] GC(801) Pause Young (Mixed) (G1 Evacuation Pause) 3663M->1322M(4096M) 130.466ms
[3522.183s][info][gc,cpu         ] GC(801) User=0.78s Sys=0.00s Real=0.13s
...[3525.117s][info][gc,start       ] GC(802) Pause Young (Concurrent Start) (G1 Evacuation Pause)
[3525.117s][info][gc,task        ] GC(802) Using 6 workers of 6 for evacuation
[3525.235s][info][gc,phases      ] GC(802)   Pre Evacuate Collection Set: 0.38ms
[3525.235s][info][gc,phases      ] GC(802)   Merge Heap Roots: 0.46ms
[3525.235s][info][gc,phases      ] GC(802)   Evacuate Collection Set: 116.58ms
[3525.235s][info][gc,phases      ] GC(802)   Post Evacuate Collection Set: 0.88ms
[3525.235s][info][gc,phases      ] GC(802)   Other: 0.12ms
[3525.235s][info][gc,heap        ] GC(802) Eden regions: 1120->0(1120)
[3525.235s][info][gc,heap        ] GC(802) Survivor regions: 108->108(154)
[3525.235s][info][gc,heap        ] GC(802) Old regions: 474->506
[3525.235s][info][gc,heap        ] GC(802) Humongous regions: 80->80
[3525.235s][info][gc,metaspace   ] GC(802) Metaspace: 28910K(29376K)->28910K(29376K) NonClass: 24040K(24256K)->24040K(24256K) Class: 4869K(5120K)->4869K(5120K)
[3525.235s][info][gc             ] GC(802) Pause Young (Concurrent Start) (G1 Evacuation Pause) 3562M->1386M(4096M) 118.547ms
[3525.235s][info][gc             ] GC(803) Concurrent Mark Cycle
[3525.235s][info][gc,marking     ] GC(803) Concurrent Scan Root Regions
[3525.235s][info][gc,cpu         ] GC(802) User=0.70s Sys=0.00s Real=0.12s
[3525.407s][info][gc,marking     ] GC(803) Concurrent Scan Root Regions 171.223ms
[3525.407s][info][gc,marking     ] GC(803) Concurrent Mark
[3525.407s][info][gc,marking     ] GC(803) Concurrent Mark From Roots
[3525.407s][info][gc,task        ] GC(803) Using 2 workers of 2 for marking
.[3526.214s][info][gc,marking     ] GC(803) Concurrent Mark From Roots 806.974ms
[3526.214s][info][gc,marking     ] GC(803) Concurrent Preclean
[3526.214s][info][gc,marking     ] GC(803) Concurrent Preclean 0.099ms
[3526.214s][info][gc,start       ] GC(803) Pause Remark
[3526.220s][info][gc             ] GC(803) Pause Remark 2124M->2124M(4096M) 5.924ms
[3526.220s][info][gc,cpu         ] GC(803) User=0.03s Sys=0.00s Real=0.01s
[3526.220s][info][gc,marking     ] GC(803) Concurrent Mark 813.220ms
[3526.220s][info][gc,marking     ] GC(803) Concurrent Rebuild Remembered Sets and Scrub Regions
.[3526.581s][info][gc,marking     ] GC(803) Concurrent Rebuild Remembered Sets and Scrub Regions 361.304ms
[3526.581s][info][gc,start       ] GC(803) Pause Cleanup
[3526.582s][info][gc             ] GC(803) Pause Cleanup 2430M->2430M(4096M) 0.121ms
[3526.582s][info][gc,cpu         ] GC(803) User=0.00s Sys=0.00s Real=0.00s
[3526.582s][info][gc,marking     ] GC(803) Concurrent Clear Claimed Marks
[3526.582s][info][gc,marking     ] GC(803) Concurrent Clear Claimed Marks 0.039ms
[3526.582s][info][gc,marking     ] GC(803) Concurrent Cleanup for Next Mark
[3526.587s][info][gc,marking     ] GC(803) Concurrent Cleanup for Next Mark 5.012ms
[3526.587s][info][gc             ] GC(803) Concurrent Mark Cycle 1351.520ms
.[3528.176s][info][gc,start       ] GC(804) Pause Young (Prepare Mixed) (G1 Evacuation Pause)
[3528.176s][info][gc,task        ] GC(804) Using 6 workers of 6 for evacuation
[3528.294s][info][gc,phases      ] GC(804)   Pre Evacuate Collection Set: 0.31ms
[3528.294s][info][gc,phases      ] GC(804)   Merge Heap Roots: 0.58ms
[3528.294s][info][gc,phases      ] GC(804)   Evacuate Collection Set: 115.96ms
[3528.294s][info][gc,phases      ] GC(804)   Post Evacuate Collection Set: 0.90ms
[3528.294s][info][gc,phases      ] GC(804)   Other: 0.09ms
[3528.294s][info][gc,heap        ] GC(804) Eden regions: 1120->0(1105)
[3528.294s][info][gc,heap        ] GC(804) Survivor regions: 108->111(154)
[3528.294s][info][gc,heap        ] GC(804) Old regions: 506->538
[3528.294s][info][gc,heap        ] GC(804) Humongous regions: 80->80
[3528.294s][info][gc,metaspace   ] GC(804) Metaspace: 28910K(29376K)->28910K(29376K) NonClass: 24040K(24256K)->24040K(24256K) Class: 4869K(5120K)->4869K(5120K)
[3528.294s][info][gc             ] GC(804) Pause Young (Prepare Mixed) (G1 Evacuation Pause) 3626M->1456M(4096M) 117.990ms
[3528.294s][info][gc,cpu         ] GC(804) User=0.70s Sys=0.00s Real=0.12s
...[3531.178s][info][gc,start       ] GC(805) Pause Young (Mixed) (G1 Evacuation Pause)
[3531.178s][info][gc,task        ] GC(805) Using 6 workers of 6 for evacuation
[3531.317s][info][gc,phases      ] GC(805)   Pre Evacuate Collection Set: 0.35ms
[3531.317s][info][gc,phases      ] GC(805)   Merge Heap Roots: 0.73ms
[3531.317s][info][gc,phases      ] GC(805)   Evacuate Collection Set: 136.33ms
[3531.317s][info][gc,phases      ] GC(805)   Post Evacuate Collection Set: 0.96ms
[3531.317s][info][gc,phases      ] GC(805)   Other: 0.08ms
[3531.317s][info][gc,heap        ] GC(805) Eden regions: 1105->0(1115)
[3531.317s][info][gc,heap        ] GC(805) Survivor regions: 111->113(152)
[3531.317s][info][gc,heap        ] GC(805) Old regions: 538->473
[3531.317s][info][gc,heap        ] GC(805) Humongous regions: 80->80
[3531.317s][info][gc,metaspace   ] GC(805) Metaspace: 28910K(29376K)->28910K(29376K) NonClass: 24040K(24256K)->24040K(24256K) Class: 4869K(5120K)->4869K(5120K)
[3531.317s][info][gc             ] GC(805) Pause Young (Mixed) (G1 Evacuation Pause) 3666M->1330M(4096M) 138.596ms
[3531.317s][info][gc,cpu         ] GC(805) User=0.83s Sys=0.00s Real=0.14s
...[3534.178s][info][gc,start       ] GC(806) Pause Young (Concurrent Start) (G1 Evacuation Pause)
[3534.178s][info][gc,task        ] GC(806) Using 6 workers of 6 for evacuation
[3534.298s][info][gc,phases      ] GC(806)   Pre Evacuate Collection Set: 0.39ms
[3534.298s][info][gc,phases      ] GC(806)   Merge Heap Roots: 0.50ms
[3534.298s][info][gc,phases      ] GC(806)   Evacuate Collection Set: 118.20ms
[3534.298s][info][gc,phases      ] GC(806)   Post Evacuate Collection Set: 0.76ms
[3534.298s][info][gc,phases      ] GC(806)   Other: 0.12ms
[3534.298s][info][gc,heap        ] GC(806) Eden regions: 1115->0(1118)
[3534.298s][info][gc,heap        ] GC(806) Survivor regions: 113->110(154)
[3534.298s][info][gc,heap        ] GC(806) Old regions: 473->505
[3534.298s][info][gc,heap        ] GC(806) Humongous regions: 80->80
[3534.298s][info][gc,metaspace   ] GC(806) Metaspace: 28910K(29376K)->28910K(29376K) NonClass: 24040K(24256K)->24040K(24256K) Class: 4869K(5120K)->4869K(5120K)
[3534.298s][info][gc             ] GC(806) Pause Young (Concurrent Start) (G1 Evacuation Pause) 3560M->1388M(4096M) 120.092ms
[3534.298s][info][gc             ] GC(807) Concurrent Mark Cycle
[3534.298s][info][gc,marking     ] GC(807) Concurrent Scan Root Regions
[3534.298s][info][gc,cpu         ] GC(806) User=0.71s Sys=0.00s Real=0.12s
[3534.437s][info][gc,marking     ] GC(807) Concurrent Scan Root Regions 138.480ms
[3534.437s][info][gc,marking     ] GC(807) Concurrent Mark
[3534.437s][info][gc,marking     ] GC(807) Concurrent Mark From Roots
[3534.437s][info][gc,task        ] GC(807) Using 2 workers of 2 for marking
.[3535.116s][info][gc,marking     ] GC(807) Concurrent Mark From Roots 679.766ms
[3535.117s][info][gc,marking     ] GC(807) Concurrent Preclean
[3535.117s][info][gc,marking     ] GC(807) Concurrent Preclean 0.074ms
[3535.117s][info][gc,start       ] GC(807) Pause Remark
[3535.123s][info][gc             ] GC(807) Pause Remark 2052M->2052M(4096M) 6.418ms
[3535.123s][info][gc,cpu         ] GC(807) User=0.03s Sys=0.00s Real=0.01s
[3535.123s][info][gc,marking     ] GC(807) Concurrent Mark 686.499ms
[3535.123s][info][gc,marking     ] GC(807) Concurrent Rebuild Remembered Sets and Scrub Regions
[3535.377s][info][gc,marking     ] GC(807) Concurrent Rebuild Remembered Sets and Scrub Regions 254.162ms
[3535.380s][info][gc,start       ] GC(807) Pause Cleanup
[3535.380s][info][gc             ] GC(807) Pause Cleanup 2246M->2246M(4096M) 0.129ms
[3535.380s][info][gc,cpu         ] GC(807) User=0.00s Sys=0.00s Real=0.00s
[3535.380s][info][gc,marking     ] GC(807) Concurrent Clear Claimed Marks
[3535.380s][info][gc,marking     ] GC(807) Concurrent Clear Claimed Marks 0.030ms
[3535.380s][info][gc,marking     ] GC(807) Concurrent Cleanup for Next Mark
[3535.385s][info][gc,marking     ] GC(807) Concurrent Cleanup for Next Mark 5.433ms
[3535.385s][info][gc             ] GC(807) Concurrent Mark Cycle 1087.223ms
..[3537.231s][info][gc,start       ] GC(808) Pause Young (Prepare Mixed) (G1 Evacuation Pause)
[3537.231s][info][gc,task        ] GC(808) Using 6 workers of 6 for evacuation
[3537.347s][info][gc,phases      ] GC(808)   Pre Evacuate Collection Set: 0.34ms
[3537.347s][info][gc,phases      ] GC(808)   Merge Heap Roots: 0.52ms
[3537.347s][info][gc,phases      ] GC(808)   Evacuate Collection Set: 114.43ms
[3537.347s][info][gc,phases      ] GC(808)   Post Evacuate Collection Set: 0.88ms
[3537.347s][info][gc,phases      ] GC(808)   Other: 0.09ms
[3537.347s][info][gc,heap        ] GC(808) Eden regions: 1118->0(1113)
[3537.347s][info][gc,heap        ] GC(808) Survivor regions: 110->108(154)
[3537.347s][info][gc,heap        ] GC(808) Old regions: 505->536
[3537.347s][info][gc,heap        ] GC(808) Humongous regions: 80->80
[3537.347s][info][gc,metaspace   ] GC(808) Metaspace: 28910K(29376K)->28910K(29376K) NonClass: 24040K(24256K)->24040K(24256K) Class: 4869K(5120K)->4869K(5120K)
[3537.347s][info][gc             ] GC(808) Pause Young (Prepare Mixed) (G1 Evacuation Pause) 3624M->1446M(4096M) 116.388ms
[3537.348s][info][gc,cpu         ] GC(808) User=0.69s Sys=0.00s Real=0.11s
...[3540.257s][info][gc,start       ] GC(809) Pause Young (Mixed) (G1 Evacuation Pause)
[3540.257s][info][gc,task        ] GC(809) Using 6 workers of 6 for evacuation
[3540.389s][info][gc,phases      ] GC(809)   Pre Evacuate Collection Set: 0.37ms
[3540.389s][info][gc,phases      ] GC(809)   Merge Heap Roots: 0.67ms
[3540.389s][info][gc,phases      ] GC(809)   Evacuate Collection Set: 130.24ms
[3540.389s][info][gc,phases      ] GC(809)   Post Evacuate Collection Set: 0.92ms
[3540.389s][info][gc,phases      ] GC(809)   Other: 0.08ms
[3540.389s][info][gc,heap        ] GC(809) Eden regions: 1113->0(1120)
[3540.389s][info][gc,heap        ] GC(809) Survivor regions: 108->108(153)
[3540.389s][info][gc,heap        ] GC(809) Old regions: 536->472
[3540.389s][info][gc,heap        ] GC(809) Humongous regions: 80->80
[3540.389s][info][gc,metaspace   ] GC(809) Metaspace: 28910K(29376K)->28910K(29376K) NonClass: 24040K(24256K)->24040K(24256K) Class: 4869K(5120K)->4869K(5120K)
[3540.390s][info][gc             ] GC(809) Pause Young (Mixed) (G1 Evacuation Pause) 3672M->1319M(4096M) 132.417ms
[3540.390s][info][gc,cpu         ] GC(809) User=0.79s Sys=0.01s Real=0.14s
...[3543.310s][info][gc,start       ] GC(810) Pause Young (Concurrent Start) (G1 Evacuation Pause)
[3543.310s][info][gc,task        ] GC(810) Using 6 workers of 6 for evacuation
[3543.427s][info][gc,phases      ] GC(810)   Pre Evacuate Collection Set: 0.40ms
[3543.427s][info][gc,phases      ] GC(810)   Merge Heap Roots: 0.50ms
[3543.427s][info][gc,phases      ] GC(810)   Evacuate Collection Set: 115.10ms
[3543.427s][info][gc,phases      ] GC(810)   Post Evacuate Collection Set: 0.89ms
[3543.427s][info][gc,phases      ] GC(810)   Other: 0.11ms
[3543.427s][info][gc,heap        ] GC(810) Eden regions: 1120->0(1118)
[3543.427s][info][gc,heap        ] GC(810) Survivor regions: 108->110(154)
[3543.427s][info][gc,heap        ] GC(810) Old regions: 472->504
[3543.427s][info][gc,heap        ] GC(810) Humongous regions: 80->80
[3543.427s][info][gc,metaspace   ] GC(810) Metaspace: 28910K(29376K)->28910K(29376K) NonClass: 24040K(24256K)->24040K(24256K) Class: 4869K(5120K)->4869K(5120K)
[3543.427s][info][gc             ] GC(810) Pause Young (Concurrent Start) (G1 Evacuation Pause) 3559M->1385M(4096M) 117.136ms
[3543.427s][info][gc             ] GC(811) Concurrent Mark Cycle
[3543.427s][info][gc,marking     ] GC(811) Concurrent Scan Root Regions
[3543.427s][info][gc,cpu         ] GC(810) User=0.69s Sys=0.00s Real=0.11s
[3543.622s][info][gc,marking     ] GC(811) Concurrent Scan Root Regions 195.607ms
[3543.622s][info][gc,marking     ] GC(811) Concurrent Mark
[3543.622s][info][gc,marking     ] GC(811) Concurrent Mark From Roots
[3543.622s][info][gc,task        ] GC(811) Using 2 workers of 2 for marking
.[3544.478s][info][gc,marking     ] GC(811) Concurrent Mark From Roots 855.553ms
[3544.478s][info][gc,marking     ] GC(811) Concurrent Preclean
[3544.478s][info][gc,marking     ] GC(811) Concurrent Preclean 0.064ms
[3544.478s][info][gc,start       ] GC(811) Pause Remark
[3544.482s][info][gc             ] GC(811) Pause Remark 2215M->2215M(4096M) 4.099ms
[3544.482s][info][gc,cpu         ] GC(811) User=0.02s Sys=0.00s Real=0.01s
[3544.482s][info][gc,marking     ] GC(811) Concurrent Mark 859.959ms
[3544.482s][info][gc,marking     ] GC(811) Concurrent Rebuild Remembered Sets and Scrub Regions
.[3544.828s][info][gc,marking     ] GC(811) Concurrent Rebuild Remembered Sets and Scrub Regions 345.150ms
[3544.828s][info][gc,start       ] GC(811) Pause Cleanup
[3544.828s][info][gc             ] GC(811) Pause Cleanup 2501M->2501M(4096M) 0.104ms
[3544.828s][info][gc,cpu         ] GC(811) User=0.00s Sys=0.00s Real=0.00s
[3544.828s][info][gc,marking     ] GC(811) Concurrent Clear Claimed Marks
[3544.828s][info][gc,marking     ] GC(811) Concurrent Clear Claimed Marks 0.027ms
[3544.828s][info][gc,marking     ] GC(811) Concurrent Cleanup for Next Mark
[3544.832s][info][gc,marking     ] GC(811) Concurrent Cleanup for Next Mark 4.477ms
[3544.832s][info][gc             ] GC(811) Concurrent Mark Cycle 1405.720ms
.[3546.303s][info][gc,start       ] GC(812) Pause Young (Prepare Mixed) (G1 Evacuation Pause)
[3546.303s][info][gc,task        ] GC(812) Using 6 workers of 6 for evacuation
[3546.420s][info][gc,phases      ] GC(812)   Pre Evacuate Collection Set: 0.31ms
[3546.420s][info][gc,phases      ] GC(812)   Merge Heap Roots: 0.50ms
[3546.421s][info][gc,phases      ] GC(812)   Evacuate Collection Set: 115.60ms
[3546.421s][info][gc,phases      ] GC(812)   Post Evacuate Collection Set: 0.91ms
[3546.421s][info][gc,phases      ] GC(812)   Other: 0.09ms
[3546.421s][info][gc,heap        ] GC(812) Eden regions: 1118->0(1107)
[3546.421s][info][gc,heap        ] GC(812) Survivor regions: 110->111(154)
[3546.421s][info][gc,heap        ] GC(812) Old regions: 504->536
[3546.421s][info][gc,heap        ] GC(812) Humongous regions: 80->80
[3546.421s][info][gc,metaspace   ] GC(812) Metaspace: 28910K(29376K)->28910K(29376K) NonClass: 24040K(24256K)->24040K(24256K) Class: 4869K(5120K)->4869K(5120K)
[3546.421s][info][gc             ] GC(812) Pause Young (Prepare Mixed) (G1 Evacuation Pause) 3621M->1452M(4096M) 117.532ms
[3546.421s][info][gc,cpu         ] GC(812) User=0.70s Sys=0.00s Real=0.12s
...[3549.377s][info][gc,start       ] GC(813) Pause Young (Mixed) (G1 Evacuation Pause)
[3549.377s][info][gc,task        ] GC(813) Using 6 workers of 6 for evacuation
[3549.508s][info][gc,phases      ] GC(813)   Pre Evacuate Collection Set: 0.34ms
[3549.508s][info][gc,phases      ] GC(813)   Merge Heap Roots: 0.71ms
[3549.508s][info][gc,phases      ] GC(813)   Evacuate Collection Set: 128.61ms
[3549.508s][info][gc,phases      ] GC(813)   Post Evacuate Collection Set: 0.93ms
[3549.508s][info][gc,phases      ] GC(813)   Other: 0.09ms
[3549.508s][info][gc,heap        ] GC(813) Eden regions: 1107->0(1119)
[3549.508s][info][gc,heap        ] GC(813) Survivor regions: 111->109(153)
[3549.508s][info][gc,heap        ] GC(813) Old regions: 536->475
[3549.508s][info][gc,heap        ] GC(813) Humongous regions: 80->80
[3549.508s][info][gc,metaspace   ] GC(813) Metaspace: 28910K(29376K)->28910K(29376K) NonClass: 24040K(24256K)->24040K(24256K) Class: 4869K(5120K)->4869K(5120K)
[3549.508s][info][gc             ] GC(813) Pause Young (Mixed) (G1 Evacuation Pause) 3666M->1325M(4096M) 130.818ms
[3549.508s][info][gc,cpu         ] GC(813) User=0.78s Sys=0.00s Real=0.13s
...[3552.317s][info][gc,start       ] GC(814) Pause Young (Concurrent Start) (G1 Evacuation Pause)
[3552.317s][info][gc,task        ] GC(814) Using 6 workers of 6 for evacuation
[3552.436s][info][gc,phases      ] GC(814)   Pre Evacuate Collection Set: 0.40ms
[3552.436s][info][gc,phases      ] GC(814)   Merge Heap Roots: 0.51ms
[3552.436s][info][gc,phases      ] GC(814)   Evacuate Collection Set: 117.29ms
[3552.436s][info][gc,phases      ] GC(814)   Post Evacuate Collection Set: 0.90ms
[3552.436s][info][gc,phases      ] GC(814)   Other: 0.12ms
[3552.436s][info][gc,heap        ] GC(814) Eden regions: 1119->0(1117)
[3552.436s][info][gc,heap        ] GC(814) Survivor regions: 109->111(154)
[3552.436s][info][gc,heap        ] GC(814) Old regions: 475->506
[3552.436s][info][gc,heap        ] GC(814) Humongous regions: 80->80
[3552.436s][info][gc,metaspace   ] GC(814) Metaspace: 28910K(29376K)->28910K(29376K) NonClass: 24040K(24256K)->24040K(24256K) Class: 4869K(5120K)->4869K(5120K)
[3552.436s][info][gc             ] GC(814) Pause Young (Concurrent Start) (G1 Evacuation Pause) 3563M->1392M(4096M) 119.341ms
[3552.436s][info][gc             ] GC(815) Concurrent Mark Cycle
[3552.436s][info][gc,marking     ] GC(815) Concurrent Scan Root Regions
[3552.436s][info][gc,cpu         ] GC(814) User=0.71s Sys=0.00s Real=0.12s
[3552.611s][info][gc,marking     ] GC(815) Concurrent Scan Root Regions 174.505ms
[3552.611s][info][gc,marking     ] GC(815) Concurrent Mark
[3552.611s][info][gc,marking     ] GC(815) Concurrent Mark From Roots
[3552.611s][info][gc,task        ] GC(815) Using 2 workers of 2 for marking
.[3553.253s][info][gc,marking     ] GC(815) Concurrent Mark From Roots 642.753ms
[3553.253s][info][gc,marking     ] GC(815) Concurrent Preclean
[3553.253s][info][gc,marking     ] GC(815) Concurrent Preclean 0.101ms
[3553.254s][info][gc,start       ] GC(815) Pause Remark
[3553.259s][info][gc             ] GC(815) Pause Remark 1980M->1980M(4096M) 5.419ms
[3553.259s][info][gc,cpu         ] GC(815) User=0.03s Sys=0.00s Real=0.00s
[3553.259s][info][gc,marking     ] GC(815) Concurrent Mark 648.578ms
[3553.259s][info][gc,marking     ] GC(815) Concurrent Rebuild Remembered Sets and Scrub Regions
[3553.512s][info][gc,marking     ] GC(815) Concurrent Rebuild Remembered Sets and Scrub Regions 253.249ms
[3553.513s][info][gc,start       ] GC(815) Pause Cleanup
[3553.513s][info][gc             ] GC(815) Pause Cleanup 2174M->2174M(4096M) 0.110ms
[3553.513s][info][gc,cpu         ] GC(815) User=0.00s Sys=0.00s Real=0.00s
[3553.513s][info][gc,marking     ] GC(815) Concurrent Clear Claimed Marks
[3553.513s][info][gc,marking     ] GC(815) Concurrent Clear Claimed Marks 0.024ms
[3553.513s][info][gc,marking     ] GC(815) Concurrent Cleanup for Next Mark
[3553.518s][info][gc,marking     ] GC(815) Concurrent Cleanup for Next Mark 5.061ms
[3553.518s][info][gc             ] GC(815) Concurrent Mark Cycle 1081.880ms
..[3555.412s][info][gc,start       ] GC(816) Pause Young (Prepare Mixed) (G1 Evacuation Pause)
[3555.412s][info][gc,task        ] GC(816) Using 6 workers of 6 for evacuation
[3555.533s][info][gc,phases      ] GC(816)   Pre Evacuate Collection Set: 0.32ms
[3555.533s][info][gc,phases      ] GC(816)   Merge Heap Roots: 0.57ms
[3555.533s][info][gc,phases      ] GC(816)   Evacuate Collection Set: 118.78ms
[3555.533s][info][gc,phases      ] GC(816)   Post Evacuate Collection Set: 0.91ms
[3555.533s][info][gc,phases      ] GC(816)   Other: 0.09ms
[3555.533s][info][gc,heap        ] GC(816) Eden regions: 1117->0(1105)
[3555.533s][info][gc,heap        ] GC(816) Survivor regions: 111->111(154)
[3555.533s][info][gc,heap        ] GC(816) Old regions: 506->538
[3555.533s][info][gc,heap        ] GC(816) Humongous regions: 80->80
[3555.533s][info][gc,metaspace   ] GC(816) Metaspace: 28910K(29376K)->28910K(29376K) NonClass: 24040K(24256K)->24040K(24256K) Class: 4869K(5120K)->4869K(5120K)
[3555.533s][info][gc             ] GC(816) Pause Young (Prepare Mixed) (G1 Evacuation Pause) 3626M->1456M(4096M) 120.800ms
[3555.533s][info][gc,cpu         ] GC(816) User=0.72s Sys=0.00s Real=0.12s
...[3558.367s][info][gc,start       ] GC(817) Pause Young (Mixed) (G1 Evacuation Pause)
[3558.367s][info][gc,task        ] GC(817) Using 6 workers of 6 for evacuation
[3558.502s][info][gc,phases      ] GC(817)   Pre Evacuate Collection Set: 0.32ms
[3558.502s][info][gc,phases      ] GC(817)   Merge Heap Roots: 0.73ms
[3558.502s][info][gc,phases      ] GC(817)   Evacuate Collection Set: 133.28ms
[3558.502s][info][gc,phases      ] GC(817)   Post Evacuate Collection Set: 0.97ms
[3558.502s][info][gc,phases      ] GC(817)   Other: 0.09ms
[3558.502s][info][gc,heap        ] GC(817) Eden regions: 1105->0(1117)
[3558.502s][info][gc,heap        ] GC(817) Survivor regions: 111->111(152)
[3558.502s][info][gc,heap        ] GC(817) Old regions: 538->473
[3558.502s][info][gc,heap        ] GC(817) Humongous regions: 80->80
[3558.502s][info][gc,metaspace   ] GC(817) Metaspace: 28910K(29376K)->28910K(29376K) NonClass: 24040K(24256K)->24040K(24256K) Class: 4869K(5120K)->4869K(5120K)
[3558.502s][info][gc             ] GC(817) Pause Young (Mixed) (G1 Evacuation Pause) 3666M->1325M(4096M) 135.531ms
[3558.502s][info][gc,cpu         ] GC(817) User=0.80s Sys=0.00s Real=0.14s
...[3561.517s][info][gc,start       ] GC(818) Pause Young (Concurrent Start) (G1 Evacuation Pause)
[3561.517s][info][gc,task        ] GC(818) Using 6 workers of 6 for evacuation
[3561.634s][info][gc,phases      ] GC(818)   Pre Evacuate Collection Set: 0.34ms
[3561.634s][info][gc,phases      ] GC(818)   Merge Heap Roots: 0.50ms
[3561.634s][info][gc,phases      ] GC(818)   Evacuate Collection Set: 115.80ms
[3561.634s][info][gc,phases      ] GC(818)   Post Evacuate Collection Set: 0.88ms
[3561.634s][info][gc,phases      ] GC(818)   Other: 0.11ms
[3561.634s][info][gc,heap        ] GC(818) Eden regions: 1117->0(1118)
[3561.634s][info][gc,heap        ] GC(818) Survivor regions: 111->110(154)
[3561.634s][info][gc,heap        ] GC(818) Old regions: 473->505
[3561.634s][info][gc,heap        ] GC(818) Humongous regions: 80->80
[3561.634s][info][gc,metaspace   ] GC(818) Metaspace: 28910K(29376K)->28910K(29376K) NonClass: 24040K(24256K)->24040K(24256K) Class: 4869K(5120K)->4869K(5120K)
[3561.634s][info][gc             ] GC(818) Pause Young (Concurrent Start) (G1 Evacuation Pause) 3559M->1389M(4096M) 117.743ms
[3561.634s][info][gc             ] GC(819) Concurrent Mark Cycle
[3561.634s][info][gc,marking     ] GC(819) Concurrent Scan Root Regions
[3561.634s][info][gc,cpu         ] GC(818) User=0.70s Sys=0.00s Real=0.12s
.[3561.809s][info][gc,marking     ] GC(819) Concurrent Scan Root Regions 174.364ms
[3561.809s][info][gc,marking     ] GC(819) Concurrent Mark
[3561.809s][info][gc,marking     ] GC(819) Concurrent Mark From Roots
[3561.809s][info][gc,task        ] GC(819) Using 2 workers of 2 for marking
[3562.799s][info][gc,marking     ] GC(819) Concurrent Mark From Roots 989.792ms
[3562.799s][info][gc,marking     ] GC(819) Concurrent Preclean
[3562.799s][info][gc,marking     ] GC(819) Concurrent Preclean 0.082ms
[3562.800s][info][gc,start       ] GC(819) Pause Remark
[3562.805s][info][gc             ] GC(819) Pause Remark 2349M->2349M(4096M) 5.013ms
[3562.805s][info][gc,cpu         ] GC(819) User=0.03s Sys=0.00s Real=0.00s
[3562.806s][info][gc,marking     ] GC(819) Concurrent Mark 997.555ms
[3562.806s][info][gc,marking     ] GC(819) Concurrent Rebuild Remembered Sets and Scrub Regions
.[3563.126s][info][gc,marking     ] GC(819) Concurrent Rebuild Remembered Sets and Scrub Regions 319.175ms
[3563.126s][info][gc,start       ] GC(819) Pause Cleanup
[3563.126s][info][gc             ] GC(819) Pause Cleanup 2608M->2608M(4096M) 0.108ms
[3563.126s][info][gc,cpu         ] GC(819) User=0.00s Sys=0.00s Real=0.00s
[3563.126s][info][gc,marking     ] GC(819) Concurrent Clear Claimed Marks
[3563.126s][info][gc,marking     ] GC(819) Concurrent Clear Claimed Marks 0.023ms
[3563.126s][info][gc,marking     ] GC(819) Concurrent Cleanup for Next Mark
[3563.129s][info][gc,marking     ] GC(819) Concurrent Cleanup for Next Mark 3.511ms
[3563.129s][info][gc             ] GC(819) Concurrent Mark Cycle 1495.058ms
.[3564.463s][info][gc,start       ] GC(820) Pause Young (Prepare Mixed) (G1 Evacuation Pause)
[3564.463s][info][gc,task        ] GC(820) Using 6 workers of 6 for evacuation
[3564.580s][info][gc,phases      ] GC(820)   Pre Evacuate Collection Set: 0.30ms
[3564.580s][info][gc,phases      ] GC(820)   Merge Heap Roots: 0.50ms
[3564.580s][info][gc,phases      ] GC(820)   Evacuate Collection Set: 115.18ms
[3564.580s][info][gc,phases      ] GC(820)   Post Evacuate Collection Set: 0.95ms
[3564.580s][info][gc,phases      ] GC(820)   Other: 0.10ms
[3564.580s][info][gc,heap        ] GC(820) Eden regions: 1118->0(1106)
[3564.580s][info][gc,heap        ] GC(820) Survivor regions: 110->111(154)
[3564.580s][info][gc,heap        ] GC(820) Old regions: 505->537
[3564.580s][info][gc,heap        ] GC(820) Humongous regions: 80->80
[3564.580s][info][gc,metaspace   ] GC(820) Metaspace: 28910K(29376K)->28910K(29376K) NonClass: 24040K(24256K)->24040K(24256K) Class: 4869K(5120K)->4869K(5120K)
[3564.580s][info][gc             ] GC(820) Pause Young (Prepare Mixed) (G1 Evacuation Pause) 3625M->1454M(4096M) 117.192ms
[3564.580s][info][gc,cpu         ] GC(820) User=0.70s Sys=0.00s Real=0.12s
...[3567.450s][info][gc,start       ] GC(821) Pause Young (Mixed) (G1 Evacuation Pause)
[3567.450s][info][gc,task        ] GC(821) Using 6 workers of 6 for evacuation
[3567.584s][info][gc,phases      ] GC(821)   Pre Evacuate Collection Set: 0.34ms
[3567.584s][info][gc,phases      ] GC(821)   Merge Heap Roots: 0.71ms
[3567.584s][info][gc,phases      ] GC(821)   Evacuate Collection Set: 132.73ms
[3567.584s][info][gc,phases      ] GC(821)   Post Evacuate Collection Set: 0.95ms
[3567.584s][info][gc,phases      ] GC(821)   Other: 0.09ms
[3567.584s][info][gc,heap        ] GC(821) Eden regions: 1106->0(1120)
[3567.584s][info][gc,heap        ] GC(821) Survivor regions: 111->108(153)
[3567.584s][info][gc,heap        ] GC(821) Old regions: 537->474
[3567.584s][info][gc,heap        ] GC(821) Humongous regions: 80->80
[3567.584s][info][gc,metaspace   ] GC(821) Metaspace: 28910K(29376K)->28910K(29376K) NonClass: 24040K(24256K)->24040K(24256K) Class: 4869K(5120K)->4869K(5120K)
[3567.584s][info][gc             ] GC(821) Pause Young (Mixed) (G1 Evacuation Pause) 3666M->1322M(4096M) 134.943ms
[3567.584s][info][gc,cpu         ] GC(821) User=0.81s Sys=0.00s Real=0.13s
...[3570.534s][info][gc,start       ] GC(822) Pause Young (Concurrent Start) (G1 Evacuation Pause)
[3570.534s][info][gc,task        ] GC(822) Using 6 workers of 6 for evacuation
[3570.651s][info][gc,phases      ] GC(822)   Pre Evacuate Collection Set: 0.34ms
[3570.651s][info][gc,phases      ] GC(822)   Merge Heap Roots: 0.50ms
[3570.651s][info][gc,phases      ] GC(822)   Evacuate Collection Set: 115.43ms
[3570.651s][info][gc,phases      ] GC(822)   Post Evacuate Collection Set: 0.87ms
[3570.651s][info][gc,phases      ] GC(822)   Other: 0.10ms
[3570.651s][info][gc,heap        ] GC(822) Eden regions: 1120->0(1118)
[3570.651s][info][gc,heap        ] GC(822) Survivor regions: 108->110(154)
[3570.651s][info][gc,heap        ] GC(822) Old regions: 474->506
[3570.651s][info][gc,heap        ] GC(822) Humongous regions: 80->80
[3570.651s][info][gc,metaspace   ] GC(822) Metaspace: 28910K(29376K)->28910K(29376K) NonClass: 24040K(24256K)->24040K(24256K) Class: 4869K(5120K)->4869K(5120K)
[3570.651s][info][gc             ] GC(822) Pause Young (Concurrent Start) (G1 Evacuation Pause) 3562M->1389M(4096M) 117.372ms
[3570.651s][info][gc             ] GC(823) Concurrent Mark Cycle
[3570.651s][info][gc,marking     ] GC(823) Concurrent Scan Root Regions
[3570.651s][info][gc,cpu         ] GC(822) User=0.70s Sys=0.00s Real=0.12s
[3570.834s][info][gc,marking     ] GC(823) Concurrent Scan Root Regions 182.395ms
[3570.834s][info][gc,marking     ] GC(823) Concurrent Mark
[3570.834s][info][gc,marking     ] GC(823) Concurrent Mark From Roots
[3570.834s][info][gc,task        ] GC(823) Using 2 workers of 2 for marking
.[3571.830s][info][gc,marking     ] GC(823) Concurrent Mark From Roots 996.411ms
[3571.830s][info][gc,marking     ] GC(823) Concurrent Preclean
[3571.831s][info][gc,marking     ] GC(823) Concurrent Preclean 0.090ms
[3571.832s][info][gc,start       ] GC(823) Pause Remark
[3571.839s][info][gc             ] GC(823) Pause Remark 2333M->2333M(4096M) 6.745ms
[3571.839s][info][gc,cpu         ] GC(823) User=0.04s Sys=0.00s Real=0.00s
[3571.839s][info][gc,marking     ] GC(823) Concurrent Mark 1004.698ms
[3571.839s][info][gc,marking     ] GC(823) Concurrent Rebuild Remembered Sets and Scrub Regions
.[3572.051s][info][gc,marking     ] GC(823) Concurrent Rebuild Remembered Sets and Scrub Regions 212.549ms
[3572.051s][info][gc,start       ] GC(823) Pause Cleanup
[3572.051s][info][gc             ] GC(823) Pause Cleanup 2488M->2488M(4096M) 0.111ms
[3572.051s][info][gc,cpu         ] GC(823) User=0.00s Sys=0.00s Real=0.00s
[3572.051s][info][gc,marking     ] GC(823) Concurrent Clear Claimed Marks
[3572.052s][info][gc,marking     ] GC(823) Concurrent Clear Claimed Marks 0.028ms
[3572.052s][info][gc,marking     ] GC(823) Concurrent Cleanup for Next Mark
[3572.056s][info][gc,marking     ] GC(823) Concurrent Cleanup for Next Mark 4.530ms
[3572.056s][info][gc             ] GC(823) Concurrent Mark Cycle 1404.655ms
.[3573.562s][info][gc,start       ] GC(824) Pause Young (Prepare Mixed) (G1 Evacuation Pause)
[3573.562s][info][gc,task        ] GC(824) Using 6 workers of 6 for evacuation
[3573.679s][info][gc,phases      ] GC(824)   Pre Evacuate Collection Set: 0.30ms
[3573.679s][info][gc,phases      ] GC(824)   Merge Heap Roots: 0.57ms
[3573.679s][info][gc,phases      ] GC(824)   Evacuate Collection Set: 115.70ms
[3573.679s][info][gc,phases      ] GC(824)   Post Evacuate Collection Set: 0.88ms
[3573.679s][info][gc,phases      ] GC(824)   Other: 0.09ms
[3573.679s][info][gc,heap        ] GC(824) Eden regions: 1118->0(1108)
[3573.679s][info][gc,heap        ] GC(824) Survivor regions: 110->110(154)
[3573.679s][info][gc,heap        ] GC(824) Old regions: 506->537
[3573.679s][info][gc,heap        ] GC(824) Humongous regions: 80->80
[3573.679s][info][gc,metaspace   ] GC(824) Metaspace: 28910K(29376K)->28910K(29376K) NonClass: 24040K(24256K)->24040K(24256K) Class: 4869K(5120K)->4869K(5120K)
[3573.679s][info][gc             ] GC(824) Pause Young (Prepare Mixed) (G1 Evacuation Pause) 3625M->1453M(4096M) 117.665ms
[3573.679s][info][gc,cpu         ] GC(824) User=0.70s Sys=0.00s Real=0.12s
.. (rIR:aIR:PR = 6227:6227:6227) (tPR = 92494) [OK] 
  3574s: Performance info:
         Transaction,    Success,    Partial,     Failed,   Receipts, AvgBarcode, 
             Overall,     376185,          0,          0,     357374,      59.48, 
         Response times:
             Request,    Success,    Partial,     Failed,   SkipFail,     Probes,    Samples,      min,      p50,      p90,      p95,      p99,      max, 
       TotalPurchase,     357374,          0,          0,          0,     347221,     381120,      200,     5400,    22000,    56000,   116000,   229000,
     InStorePurchase,     188104,          0,          0,          0,     182792,     200273,      200,     5600,    23000,    56000,   117000,   228000,
      OnlinePurchase,     131666,          0,          0,          0,     128104,     140736,      300,     5000,    21000,    54000,   114000,   229000,
        InstPurchase,      37604,          0,          0,          0,      36325,      40111,      400,     5800,    25000,    58000,   116000,   203000,
          AssocOfCat,        375,          0,          0,          0,        301,        412,    25000,    38000,    71000,    97000,   194790,   237000,
      AssocOfProduct,       3758,          0,          0,          0,       3531,       4102,      600,     4100,    19600,    46000,   106970,   170000,
      BusinessReport,        943,          0,          0,          0,        806,        980,    27000,    45000,    96000,   130950,   197190,   258000,
          CustBuyBeh,       3760,          0,          0,          0,       3513,       4047,      100,     2400,    14700,    42000,   101520,   159000,
       ProductReturn,       9975,          0,          0,          0,       9432,      10470,      200,     3900,    17800,    47000,   100000,   162000,

  3574s: (46%)   IR =   6365 .[3576.514s][info][gc,start       ] GC(825) Pause Young (Mixed) (G1 Evacuation Pause)
[3576.514s][info][gc,task        ] GC(825) Using 6 workers of 6 for evacuation
[3576.646s][info][gc,phases      ] GC(825)   Pre Evacuate Collection Set: 0.34ms
[3576.646s][info][gc,phases      ] GC(825)   Merge Heap Roots: 0.65ms
[3576.646s][info][gc,phases      ] GC(825)   Evacuate Collection Set: 130.26ms
[3576.646s][info][gc,phases      ] GC(825)   Post Evacuate Collection Set: 0.94ms
[3576.646s][info][gc,phases      ] GC(825)   Other: 0.08ms
[3576.646s][info][gc,heap        ] GC(825) Eden regions: 1108->0(1119)
[3576.646s][info][gc,heap        ] GC(825) Survivor regions: 110->109(153)
[3576.646s][info][gc,heap        ] GC(825) Old regions: 537->473
[3576.646s][info][gc,heap        ] GC(825) Humongous regions: 80->80
[3576.646s][info][gc,metaspace   ] GC(825) Metaspace: 28911K(29376K)->28911K(29376K) NonClass: 24042K(24256K)->24042K(24256K) Class: 4869K(5120K)->4869K(5120K)
[3576.646s][info][gc             ] GC(825) Pause Young (Mixed) (G1 Evacuation Pause) 3669M->1323M(4096M) 132.412ms
[3576.646s][info][gc,cpu         ] GC(825) User=0.79s Sys=0.00s Real=0.13s
...[3579.547s][info][gc,start       ] GC(826) Pause Young (Concurrent Start) (G1 Evacuation Pause)
[3579.547s][info][gc,task        ] GC(826) Using 6 workers of 6 for evacuation
[3579.665s][info][gc,phases      ] GC(826)   Pre Evacuate Collection Set: 0.38ms
[3579.665s][info][gc,phases      ] GC(826)   Merge Heap Roots: 0.49ms
[3579.665s][info][gc,phases      ] GC(826)   Evacuate Collection Set: 116.46ms
[3579.665s][info][gc,phases      ] GC(826)   Post Evacuate Collection Set: 0.89ms
[3579.665s][info][gc,phases      ] GC(826)   Other: 0.10ms
[3579.665s][info][gc,heap        ] GC(826) Eden regions: 1119->0(1119)
[3579.665s][info][gc,heap        ] GC(826) Survivor regions: 109->109(154)
[3579.665s][info][gc,heap        ] GC(826) Old regions: 473->505
[3579.665s][info][gc,heap        ] GC(826) Humongous regions: 80->80
[3579.665s][info][gc,metaspace   ] GC(826) Metaspace: 28911K(29376K)->28911K(29376K) NonClass: 24042K(24256K)->24042K(24256K) Class: 4869K(5120K)->4869K(5120K)
[3579.665s][info][gc             ] GC(826) Pause Young (Concurrent Start) (G1 Evacuation Pause) 3561M->1386M(4096M) 118.449ms
[3579.665s][info][gc             ] GC(827) Concurrent Mark Cycle
[3579.665s][info][gc,marking     ] GC(827) Concurrent Scan Root Regions
[3579.665s][info][gc,cpu         ] GC(826) User=0.70s Sys=0.00s Real=0.12s
[3579.842s][info][gc,marking     ] GC(827) Concurrent Scan Root Regions 177.292ms
[3579.842s][info][gc,marking     ] GC(827) Concurrent Mark
[3579.842s][info][gc,marking     ] GC(827) Concurrent Mark From Roots
[3579.842s][info][gc,task        ] GC(827) Using 2 workers of 2 for marking
.[3580.824s][info][gc,marking     ] GC(827) Concurrent Mark From Roots 981.984ms
[3580.824s][info][gc,marking     ] GC(827) Concurrent Preclean
[3580.825s][info][gc,marking     ] GC(827) Concurrent Preclean 0.118ms
[3580.825s][info][gc,start       ] GC(827) Pause Remark
[3580.830s][info][gc             ] GC(827) Pause Remark 2331M->2331M(4096M) 5.491ms
[3580.830s][info][gc,cpu         ] GC(827) User=0.03s Sys=0.00s Real=0.01s
[3580.830s][info][gc,marking     ] GC(827) Concurrent Mark 987.924ms
[3580.830s][info][gc,marking     ] GC(827) Concurrent Rebuild Remembered Sets and Scrub Regions
.|[3581.152s][info][gc,marking     ] GC(827) Concurrent Rebuild Remembered Sets and Scrub Regions 321.285ms
[3581.152s][info][gc,start       ] GC(827) Pause Cleanup
[3581.152s][info][gc             ] GC(827) Pause Cleanup 2609M->2609M(4096M) 0.106ms
[3581.152s][info][gc,cpu         ] GC(827) User=0.00s Sys=0.00s Real=0.00s
[3581.152s][info][gc,marking     ] GC(827) Concurrent Clear Claimed Marks
[3581.152s][info][gc,marking     ] GC(827) Concurrent Clear Claimed Marks 0.024ms
[3581.152s][info][gc,marking     ] GC(827) Concurrent Cleanup for Next Mark
[3581.157s][info][gc,marking     ] GC(827) Concurrent Cleanup for Next Mark 4.547ms
[3581.157s][info][gc             ] GC(827) Concurrent Mark Cycle 1491.570ms
.[3582.493s][info][gc,start       ] GC(828) Pause Young (Prepare Mixed) (G1 Evacuation Pause)
[3582.493s][info][gc,task        ] GC(828) Using 6 workers of 6 for evacuation
[3582.612s][info][gc,phases      ] GC(828)   Pre Evacuate Collection Set: 0.31ms
[3582.612s][info][gc,phases      ] GC(828)   Merge Heap Roots: 0.53ms
[3582.612s][info][gc,phases      ] GC(828)   Evacuate Collection Set: 116.38ms
[3582.612s][info][gc,phases      ] GC(828)   Post Evacuate Collection Set: 0.93ms
[3582.612s][info][gc,phases      ] GC(828)   Other: 0.09ms
[3582.612s][info][gc,heap        ] GC(828) Eden regions: 1119->0(1107)
[3582.612s][info][gc,heap        ] GC(828) Survivor regions: 109->111(154)
[3582.612s][info][gc,heap        ] GC(828) Old regions: 505->536
[3582.612s][info][gc,heap        ] GC(828) Humongous regions: 80->80
[3582.612s][info][gc,metaspace   ] GC(828) Metaspace: 28911K(29376K)->28911K(29376K) NonClass: 24042K(24256K)->24042K(24256K) Class: 4869K(5120K)->4869K(5120K)
[3582.612s][info][gc             ] GC(828) Pause Young (Prepare Mixed) (G1 Evacuation Pause) 3624M->1451M(4096M) 118.354ms
[3582.612s][info][gc,cpu         ] GC(828) User=0.70s Sys=0.00s Real=0.12s
...[3585.443s][info][gc,start       ] GC(829) Pause Young (Mixed) (G1 Evacuation Pause)
[3585.443s][info][gc,task        ] GC(829) Using 6 workers of 6 for evacuation
[3585.581s][info][gc,phases      ] GC(829)   Pre Evacuate Collection Set: 0.33ms
[3585.581s][info][gc,phases      ] GC(829)   Merge Heap Roots: 0.76ms
[3585.581s][info][gc,phases      ] GC(829)   Evacuate Collection Set: 135.99ms
[3585.581s][info][gc,phases      ] GC(829)   Post Evacuate Collection Set: 0.92ms
[3585.581s][info][gc,phases      ] GC(829)   Other: 0.08ms
[3585.581s][info][gc,heap        ] GC(829) Eden regions: 1107->0(1116)
[3585.581s][info][gc,heap        ] GC(829) Survivor regions: 111->112(153)
[3585.581s][info][gc,heap        ] GC(829) Old regions: 536->472
[3585.581s][info][gc,heap        ] GC(829) Humongous regions: 80->80
[3585.581s][info][gc,metaspace   ] GC(829) Metaspace: 28911K(29376K)->28911K(29376K) NonClass: 24042K(24256K)->24042K(24256K) Class: 4869K(5120K)->4869K(5120K)
[3585.581s][info][gc             ] GC(829) Pause Young (Mixed) (G1 Evacuation Pause) 3665M->1326M(4096M) 138.201ms
[3585.581s][info][gc,cpu         ] GC(829) User=0.82s Sys=0.00s Real=0.14s
...[3588.383s][info][gc,start       ] GC(830) Pause Young (Concurrent Start) (G1 Evacuation Pause)
[3588.383s][info][gc,task        ] GC(830) Using 6 workers of 6 for evacuation
[3588.507s][info][gc,phases      ] GC(830)   Pre Evacuate Collection Set: 0.37ms
[3588.507s][info][gc,phases      ] GC(830)   Merge Heap Roots: 0.51ms
[3588.507s][info][gc,phases      ] GC(830)   Evacuate Collection Set: 121.89ms
[3588.507s][info][gc,phases      ] GC(830)   Post Evacuate Collection Set: 0.86ms
[3588.507s][info][gc,phases      ] GC(830)   Other: 0.10ms
[3588.507s][info][gc,heap        ] GC(830) Eden regions: 1116->0(1114)
[3588.507s][info][gc,heap        ] GC(830) Survivor regions: 112->114(154)
[3588.507s][info][gc,heap        ] GC(830) Old regions: 472->504
[3588.507s][info][gc,heap        ] GC(830) Humongous regions: 80->80
[3588.507s][info][gc,metaspace   ] GC(830) Metaspace: 28911K(29376K)->28911K(29376K) NonClass: 24042K(24256K)->24042K(24256K) Class: 4869K(5120K)->4869K(5120K)
[3588.507s][info][gc             ] GC(830) Pause Young (Concurrent Start) (G1 Evacuation Pause) 3558M->1394M(4096M) 123.903ms
[3588.507s][info][gc             ] GC(831) Concurrent Mark Cycle
[3588.507s][info][gc,marking     ] GC(831) Concurrent Scan Root Regions
[3588.507s][info][gc,cpu         ] GC(830) User=0.74s Sys=0.00s Real=0.12s
[3588.689s][info][gc,marking     ] GC(831) Concurrent Scan Root Regions 181.606ms
[3588.689s][info][gc,marking     ] GC(831) Concurrent Mark
[3588.689s][info][gc,marking     ] GC(831) Concurrent Mark From Roots
[3588.689s][info][gc,task        ] GC(831) Using 2 workers of 2 for marking
.[3589.607s][info][gc,marking     ] GC(831) Concurrent Mark From Roots 918.870ms
[3589.607s][info][gc,marking     ] GC(831) Concurrent Preclean
[3589.608s][info][gc,marking     ] GC(831) Concurrent Preclean 0.108ms
[3589.609s][info][gc,start       ] GC(831) Pause Remark
[3589.614s][info][gc             ] GC(831) Pause Remark 2300M->2300M(4096M) 5.366ms
[3589.614s][info][gc,cpu         ] GC(831) User=0.03s Sys=0.00s Real=0.01s
[3589.614s][info][gc,marking     ] GC(831) Concurrent Mark 925.743ms
[3589.614s][info][gc,marking     ] GC(831) Concurrent Rebuild Remembered Sets and Scrub Regions
.[3589.969s][info][gc,marking     ] GC(831) Concurrent Rebuild Remembered Sets and Scrub Regions 354.501ms
[3589.969s][info][gc,start       ] GC(831) Pause Cleanup
[3589.969s][info][gc             ] GC(831) Pause Cleanup 2572M->2572M(4096M) 0.121ms
[3589.969s][info][gc,cpu         ] GC(831) User=0.00s Sys=0.00s Real=0.00s
[3589.969s][info][gc,marking     ] GC(831) Concurrent Clear Claimed Marks
[3589.969s][info][gc,marking     ] GC(831) Concurrent Clear Claimed Marks 0.029ms
[3589.969s][info][gc,marking     ] GC(831) Concurrent Cleanup for Next Mark
[3589.974s][info][gc,marking     ] GC(831) Concurrent Cleanup for Next Mark 4.885ms
[3589.974s][info][gc             ] GC(831) Concurrent Mark Cycle 1467.217ms
.[3591.342s][info][gc,start       ] GC(832) Pause Young (Prepare Mixed) (G1 Evacuation Pause)
[3591.342s][info][gc,task        ] GC(832) Using 6 workers of 6 for evacuation
[3591.460s][info][gc,phases      ] GC(832)   Pre Evacuate Collection Set: 0.31ms
[3591.460s][info][gc,phases      ] GC(832)   Merge Heap Roots: 0.55ms
[3591.460s][info][gc,phases      ] GC(832)   Evacuate Collection Set: 116.89ms
[3591.460s][info][gc,phases      ] GC(832)   Post Evacuate Collection Set: 0.91ms
[3591.460s][info][gc,phases      ] GC(832)   Other: 0.08ms
[3591.460s][info][gc,heap        ] GC(832) Eden regions: 1114->0(1111)
[3591.460s][info][gc,heap        ] GC(832) Survivor regions: 114->109(154)
[3591.460s][info][gc,heap        ] GC(832) Old regions: 504->536
[3591.460s][info][gc,heap        ] GC(832) Humongous regions: 80->80
[3591.460s][info][gc,metaspace   ] GC(832) Metaspace: 28911K(29376K)->28911K(29376K) NonClass: 24042K(24256K)->24042K(24256K) Class: 4869K(5120K)->4869K(5120K)
[3591.460s][info][gc             ] GC(832) Pause Young (Prepare Mixed) (G1 Evacuation Pause) 3622M->1448M(4096M) 118.865ms
[3591.460s][info][gc,cpu         ] GC(832) User=0.71s Sys=0.00s Real=0.12s
...[3594.286s][info][gc,start       ] GC(833) Pause Young (Mixed) (G1 Evacuation Pause)
[3594.286s][info][gc,task        ] GC(833) Using 6 workers of 6 for evacuation
[3594.419s][info][gc,phases      ] GC(833)   Pre Evacuate Collection Set: 0.38ms
[3594.419s][info][gc,phases      ] GC(833)   Merge Heap Roots: 0.75ms
[3594.419s][info][gc,phases      ] GC(833)   Evacuate Collection Set: 130.33ms
[3594.419s][info][gc,phases      ] GC(833)   Post Evacuate Collection Set: 0.97ms
[3594.419s][info][gc,phases      ] GC(833)   Other: 0.09ms
[3594.419s][info][gc,heap        ] GC(833) Eden regions: 1111->0(1120)
[3594.419s][info][gc,heap        ] GC(833) Survivor regions: 109->108(153)
[3594.419s][info][gc,heap        ] GC(833) Old regions: 536->474
[3594.419s][info][gc,heap        ] GC(833) Humongous regions: 80->80
[3594.419s][info][gc,metaspace   ] GC(833) Metaspace: 28911K(29376K)->28911K(29376K) NonClass: 24042K(24256K)->24042K(24256K) Class: 4869K(5120K)->4869K(5120K)
[3594.419s][info][gc             ] GC(833) Pause Young (Mixed) (G1 Evacuation Pause) 3670M->1322M(4096M) 132.700ms
[3594.419s][info][gc,cpu         ] GC(833) User=0.79s Sys=0.00s Real=0.13s
...[3597.310s][info][gc,start       ] GC(834) Pause Young (Concurrent Start) (G1 Evacuation Pause)
[3597.310s][info][gc,task        ] GC(834) Using 6 workers of 6 for evacuation
[3597.429s][info][gc,phases      ] GC(834)   Pre Evacuate Collection Set: 0.40ms
[3597.429s][info][gc,phases      ] GC(834)   Merge Heap Roots: 0.51ms
[3597.429s][info][gc,phases      ] GC(834)   Evacuate Collection Set: 116.33ms
[3597.429s][info][gc,phases      ] GC(834)   Post Evacuate Collection Set: 0.89ms
[3597.429s][info][gc,phases      ] GC(834)   Other: 0.13ms
[3597.429s][info][gc,heap        ] GC(834) Eden regions: 1120->0(1118)
[3597.429s][info][gc,heap        ] GC(834) Survivor regions: 108->110(154)
[3597.429s][info][gc,heap        ] GC(834) Old regions: 474->506
[3597.429s][info][gc,heap        ] GC(834) Humongous regions: 80->80
[3597.429s][info][gc,metaspace   ] GC(834) Metaspace: 28911K(29376K)->28911K(29376K) NonClass: 24042K(24256K)->24042K(24256K) Class: 4869K(5120K)->4869K(5120K)
[3597.429s][info][gc             ] GC(834) Pause Young (Concurrent Start) (G1 Evacuation Pause) 3562M->1390M(4096M) 118.396ms
[3597.429s][info][gc             ] GC(835) Concurrent Mark Cycle
[3597.429s][info][gc,marking     ] GC(835) Concurrent Scan Root Regions
[3597.429s][info][gc,cpu         ] GC(834) User=0.70s Sys=0.00s Real=0.11s
[3597.605s][info][gc,marking     ] GC(835) Concurrent Scan Root Regions 176.441ms
[3597.605s][info][gc,marking     ] GC(835) Concurrent Mark
[3597.605s][info][gc,marking     ] GC(835) Concurrent Mark From Roots
[3597.605s][info][gc,task        ] GC(835) Using 2 workers of 2 for marking
.[3598.285s][info][gc,marking     ] GC(835) Concurrent Mark From Roots 679.699ms
[3598.285s][info][gc,marking     ] GC(835) Concurrent Preclean
[3598.285s][info][gc,marking     ] GC(835) Concurrent Preclean 0.064ms
[3598.286s][info][gc,start       ] GC(835) Pause Remark
[3598.291s][info][gc             ] GC(835) Pause Remark 2072M->2072M(4096M) 5.240ms
[3598.291s][info][gc,cpu         ] GC(835) User=0.03s Sys=0.00s Real=0.01s
[3598.292s][info][gc,marking     ] GC(835) Concurrent Mark 686.197ms
[3598.292s][info][gc,marking     ] GC(835) Concurrent Rebuild Remembered Sets and Scrub Regions
[3598.555s][info][gc,marking     ] GC(835) Concurrent Rebuild Remembered Sets and Scrub Regions 263.780ms
[3598.557s][info][gc,start       ] GC(835) Pause Cleanup
[3598.557s][info][gc             ] GC(835) Pause Cleanup 2290M->2290M(4096M) 0.128ms
[3598.557s][info][gc,cpu         ] GC(835) User=0.00s Sys=0.00s Real=0.00s
[3598.557s][info][gc,marking     ] GC(835) Concurrent Clear Claimed Marks
[3598.557s][info][gc,marking     ] GC(835) Concurrent Clear Claimed Marks 0.024ms
[3598.557s][info][gc,marking     ] GC(835) Concurrent Cleanup for Next Mark
[3598.564s][info][gc,marking     ] GC(835) Concurrent Cleanup for Next Mark 6.604ms
[3598.564s][info][gc             ] GC(835) Concurrent Mark Cycle 1135.321ms
..[3600.222s][info][gc,start       ] GC(836) Pause Young (Prepare Mixed) (G1 Evacuation Pause)
[3600.223s][info][gc,task        ] GC(836) Using 6 workers of 6 for evacuation
[3600.341s][info][gc,phases      ] GC(836)   Pre Evacuate Collection Set: 0.36ms
[3600.341s][info][gc,phases      ] GC(836)   Merge Heap Roots: 0.57ms
[3600.341s][info][gc,phases      ] GC(836)   Evacuate Collection Set: 116.76ms
[3600.341s][info][gc,phases      ] GC(836)   Post Evacuate Collection Set: 0.92ms
[3600.341s][info][gc,phases      ] GC(836)   Other: 0.09ms
[3600.341s][info][gc,heap        ] GC(836) Eden regions: 1118->0(1107)
[3600.341s][info][gc,heap        ] GC(836) Survivor regions: 110->110(154)
[3600.341s][info][gc,heap        ] GC(836) Old regions: 506->538
[3600.341s][info][gc,heap        ] GC(836) Humongous regions: 80->80
[3600.341s][info][gc,metaspace   ] GC(836) Metaspace: 28911K(29376K)->28911K(29376K) NonClass: 24042K(24256K)->24042K(24256K) Class: 4869K(5120K)->4869K(5120K)
[3600.341s][info][gc             ] GC(836) Pause Young (Prepare Mixed) (G1 Evacuation Pause) 3626M->1455M(4096M) 118.844ms
[3600.341s][info][gc,cpu         ] GC(836) User=0.71s Sys=0.01s Real=0.12s
...[3603.197s][info][gc,start       ] GC(837) Pause Young (Mixed) (G1 Evacuation Pause)
[3603.197s][info][gc,task        ] GC(837) Using 6 workers of 6 for evacuation
[3603.333s][info][gc,phases      ] GC(837)   Pre Evacuate Collection Set: 0.34ms
[3603.333s][info][gc,phases      ] GC(837)   Merge Heap Roots: 0.71ms
[3603.333s][info][gc,phases      ] GC(837)   Evacuate Collection Set: 134.05ms
[3603.333s][info][gc,phases      ] GC(837)   Post Evacuate Collection Set: 0.95ms
[3603.333s][info][gc,phases      ] GC(837)   Other: 0.09ms
[3603.333s][info][gc,heap        ] GC(837) Eden regions: 1107->0(1117)
[3603.333s][info][gc,heap        ] GC(837) Survivor regions: 110->111(153)
[3603.333s][info][gc,heap        ] GC(837) Old regions: 538->474
[3603.333s][info][gc,heap        ] GC(837) Humongous regions: 80->80
[3603.333s][info][gc,metaspace   ] GC(837) Metaspace: 28911K(29376K)->28911K(29376K) NonClass: 24042K(24256K)->24042K(24256K) Class: 4869K(5120K)->4869K(5120K)
[3603.333s][info][gc             ] GC(837) Pause Young (Mixed) (G1 Evacuation Pause) 3669M->1329M(4096M) 136.268ms
[3603.333s][info][gc,cpu         ] GC(837) User=0.81s Sys=0.00s Real=0.14s
...[3606.203s][info][gc,start       ] GC(838) Pause Young (Concurrent Start) (G1 Evacuation Pause)
[3606.203s][info][gc,task        ] GC(838) Using 6 workers of 6 for evacuation
[3606.322s][info][gc,phases      ] GC(838)   Pre Evacuate Collection Set: 0.34ms
[3606.322s][info][gc,phases      ] GC(838)   Merge Heap Roots: 0.49ms
[3606.322s][info][gc,phases      ] GC(838)   Evacuate Collection Set: 117.01ms
[3606.322s][info][gc,phases      ] GC(838)   Post Evacuate Collection Set: 0.88ms
[3606.322s][info][gc,phases      ] GC(838)   Other: 0.10ms
[3606.322s][info][gc,heap        ] GC(838) Eden regions: 1117->0(1120)
[3606.322s][info][gc,heap        ] GC(838) Survivor regions: 111->108(154)
[3606.322s][info][gc,heap        ] GC(838) Old regions: 474->506
[3606.322s][info][gc,heap        ] GC(838) Humongous regions: 80->80
[3606.322s][info][gc,metaspace   ] GC(838) Metaspace: 28911K(29376K)->28911K(29376K) NonClass: 24042K(24256K)->24042K(24256K) Class: 4869K(5120K)->4869K(5120K)
[3606.322s][info][gc             ] GC(838) Pause Young (Concurrent Start) (G1 Evacuation Pause) 3563M->1386M(4096M) 118.952ms
[3606.322s][info][gc             ] GC(839) Concurrent Mark Cycle
[3606.322s][info][gc,marking     ] GC(839) Concurrent Scan Root Regions
[3606.322s][info][gc,cpu         ] GC(838) User=0.71s Sys=0.00s Real=0.12s
[3606.466s][info][gc,marking     ] GC(839) Concurrent Scan Root Regions 143.521ms
[3606.466s][info][gc,marking     ] GC(839) Concurrent Mark
[3606.466s][info][gc,marking     ] GC(839) Concurrent Mark From Roots
[3606.466s][info][gc,task        ] GC(839) Using 2 workers of 2 for marking
.[3607.173s][info][gc,marking     ] GC(839) Concurrent Mark From Roots 707.235ms
[3607.173s][info][gc,marking     ] GC(839) Concurrent Preclean
[3607.173s][info][gc,marking     ] GC(839) Concurrent Preclean 0.073ms
[3607.173s][info][gc,start       ] GC(839) Pause Remark
[3607.178s][info][gc             ] GC(839) Pause Remark 2106M->2106M(4096M) 4.175ms
[3607.178s][info][gc,cpu         ] GC(839) User=0.02s Sys=0.00s Real=0.00s
[3607.178s][info][gc,marking     ] GC(839) Concurrent Mark 712.143ms
[3607.178s][info][gc,marking     ] GC(839) Concurrent Rebuild Remembered Sets and Scrub Regions
[3607.457s][info][gc,marking     ] GC(839) Concurrent Rebuild Remembered Sets and Scrub Regions 279.500ms
[3607.457s][info][gc,start       ] GC(839) Pause Cleanup
[3607.458s][info][gc             ] GC(839) Pause Cleanup 2346M->2346M(4096M) 0.110ms
[3607.458s][info][gc,cpu         ] GC(839) User=0.00s Sys=0.00s Real=0.00s
[3607.458s][info][gc,marking     ] GC(839) Concurrent Clear Claimed Marks
[3607.458s][info][gc,marking     ] GC(839) Concurrent Clear Claimed Marks 0.044ms
[3607.458s][info][gc,marking     ] GC(839) Concurrent Cleanup for Next Mark
[3607.464s][info][gc,marking     ] GC(839) Concurrent Cleanup for Next Mark 5.965ms
[3607.464s][info][gc             ] GC(839) Concurrent Mark Cycle 1141.633ms
..[3609.157s][info][gc,start       ] GC(840) Pause Young (Prepare Mixed) (G1 Evacuation Pause)
[3609.158s][info][gc,task        ] GC(840) Using 6 workers of 6 for evacuation
[3609.277s][info][gc,phases      ] GC(840)   Pre Evacuate Collection Set: 0.32ms
[3609.277s][info][gc,phases      ] GC(840)   Merge Heap Roots: 0.57ms
[3609.277s][info][gc,phases      ] GC(840)   Evacuate Collection Set: 117.55ms
[3609.277s][info][gc,phases      ] GC(840)   Post Evacuate Collection Set: 0.90ms
[3609.277s][info][gc,phases      ] GC(840)   Other: 0.08ms
[3609.277s][info][gc,heap        ] GC(840) Eden regions: 1120->0(1107)
[3609.277s][info][gc,heap        ] GC(840) Survivor regions: 108->110(154)
[3609.277s][info][gc,heap        ] GC(840) Old regions: 506->538
[3609.277s][info][gc,heap        ] GC(840) Humongous regions: 80->80
[3609.277s][info][gc,metaspace   ] GC(840) Metaspace: 28911K(29376K)->28911K(29376K) NonClass: 24042K(24256K)->24042K(24256K) Class: 4869K(5120K)->4869K(5120K)
[3609.277s][info][gc             ] GC(840) Pause Young (Prepare Mixed) (G1 Evacuation Pause) 3626M->1454M(4096M) 119.540ms
[3609.277s][info][gc,cpu         ] GC(840) User=0.71s Sys=0.00s Real=0.12s
...[3612.040s][info][gc,start       ] GC(841) Pause Young (Mixed) (G1 Evacuation Pause)
[3612.040s][info][gc,task        ] GC(841) Using 6 workers of 6 for evacuation
[3612.171s][info][gc,phases      ] GC(841)   Pre Evacuate Collection Set: 0.36ms
[3612.171s][info][gc,phases      ] GC(841)   Merge Heap Roots: 0.71ms
[3612.171s][info][gc,phases      ] GC(841)   Evacuate Collection Set: 129.18ms
[3612.171s][info][gc,phases      ] GC(841)   Post Evacuate Collection Set: 0.93ms
[3612.171s][info][gc,phases      ] GC(841)   Other: 0.09ms
[3612.171s][info][gc,heap        ] GC(841) Eden regions: 1107->0(1121)
[3612.171s][info][gc,heap        ] GC(841) Survivor regions: 110->107(153)
[3612.171s][info][gc,heap        ] GC(841) Old regions: 538->474
[3612.171s][info][gc,heap        ] GC(841) Humongous regions: 80->80
[3612.171s][info][gc,metaspace   ] GC(841) Metaspace: 28911K(29376K)->28911K(29376K) NonClass: 24042K(24256K)->24042K(24256K) Class: 4869K(5120K)->4869K(5120K)
[3612.171s][info][gc             ] GC(841) Pause Young (Mixed) (G1 Evacuation Pause) 3668M->1319M(4096M) 131.383ms
[3612.171s][info][gc,cpu         ] GC(841) User=0.78s Sys=0.00s Real=0.13s
...[3615.078s][info][gc,start       ] GC(842) Pause Young (Concurrent Start) (G1 Evacuation Pause)
[3615.078s][info][gc,task        ] GC(842) Using 6 workers of 6 for evacuation
[3615.197s][info][gc,phases      ] GC(842)   Pre Evacuate Collection Set: 0.39ms
[3615.197s][info][gc,phases      ] GC(842)   Merge Heap Roots: 0.53ms
[3615.197s][info][gc,phases      ] GC(842)   Evacuate Collection Set: 117.14ms
[3615.197s][info][gc,phases      ] GC(842)   Post Evacuate Collection Set: 0.85ms
[3615.197s][info][gc,phases      ] GC(842)   Other: 0.13ms
[3615.197s][info][gc,heap        ] GC(842) Eden regions: 1121->0(1119)
[3615.197s][info][gc,heap        ] GC(842) Survivor regions: 107->109(154)
[3615.197s][info][gc,heap        ] GC(842) Old regions: 474->506
[3615.197s][info][gc,heap        ] GC(842) Humongous regions: 80->80
[3615.197s][info][gc,metaspace   ] GC(842) Metaspace: 28911K(29376K)->28911K(29376K) NonClass: 24042K(24256K)->24042K(24256K) Class: 4869K(5120K)->4869K(5120K)
[3615.197s][info][gc             ] GC(842) Pause Young (Concurrent Start) (G1 Evacuation Pause) 3561M->1388M(4096M) 119.173ms
[3615.197s][info][gc             ] GC(843) Concurrent Mark Cycle
[3615.197s][info][gc,marking     ] GC(843) Concurrent Scan Root Regions
[3615.197s][info][gc,cpu         ] GC(842) User=0.71s Sys=0.00s Real=0.12s
[3615.374s][info][gc,marking     ] GC(843) Concurrent Scan Root Regions 177.062ms
[3615.374s][info][gc,marking     ] GC(843) Concurrent Mark
[3615.374s][info][gc,marking     ] GC(843) Concurrent Mark From Roots
[3615.374s][info][gc,task        ] GC(843) Using 2 workers of 2 for marking
.[3616.264s][info][gc,marking     ] GC(843) Concurrent Mark From Roots 889.822ms
[3616.264s][info][gc,marking     ] GC(843) Concurrent Preclean
[3616.264s][info][gc,marking     ] GC(843) Concurrent Preclean 0.120ms
[3616.265s][info][gc,start       ] GC(843) Pause Remark
[3616.271s][info][gc             ] GC(843) Pause Remark 2236M->2236M(4096M) 6.102ms
[3616.271s][info][gc,cpu         ] GC(843) User=0.03s Sys=0.00s Real=0.01s
[3616.271s][info][gc,marking     ] GC(843) Concurrent Mark 896.924ms
[3616.271s][info][gc,marking     ] GC(843) Concurrent Rebuild Remembered Sets and Scrub Regions
[3616.610s][info][gc,marking     ] GC(843) Concurrent Rebuild Remembered Sets and Scrub Regions 339.404ms
[3616.611s][info][gc,start       ] GC(843) Pause Cleanup
[3616.611s][info][gc             ] GC(843) Pause Cleanup 2552M->2552M(4096M) 0.124ms
[3616.611s][info][gc,cpu         ] GC(843) User=0.00s Sys=0.00s Real=0.00s
[3616.612s][info][gc,marking     ] GC(843) Concurrent Clear Claimed Marks
[3616.612s][info][gc,marking     ] GC(843) Concurrent Clear Claimed Marks 0.036ms
[3616.612s][info][gc,marking     ] GC(843) Concurrent Cleanup for Next Mark
[3616.616s][info][gc,marking     ] GC(843) Concurrent Cleanup for Next Mark 4.563ms
[3616.617s][info][gc             ] GC(843) Concurrent Mark Cycle 1419.592ms
..[3618.088s][info][gc,start       ] GC(844) Pause Young (Prepare Mixed) (G1 Evacuation Pause)
[3618.088s][info][gc,task        ] GC(844) Using 6 workers of 6 for evacuation
[3618.211s][info][gc,phases      ] GC(844)   Pre Evacuate Collection Set: 0.31ms
[3618.211s][info][gc,phases      ] GC(844)   Merge Heap Roots: 0.52ms
[3618.211s][info][gc,phases      ] GC(844)   Evacuate Collection Set: 121.11ms
[3618.211s][info][gc,phases      ] GC(844)   Post Evacuate Collection Set: 0.91ms
[3618.211s][info][gc,phases      ] GC(844)   Other: 0.08ms
[3618.211s][info][gc,heap        ] GC(844) Eden regions: 1119->0(1101)
[3618.211s][info][gc,heap        ] GC(844) Survivor regions: 109->114(154)
[3618.211s][info][gc,heap        ] GC(844) Old regions: 506->536
[3618.211s][info][gc,heap        ] GC(844) Humongous regions: 80->80
[3618.211s][info][gc,metaspace   ] GC(844) Metaspace: 28911K(29376K)->28911K(29376K) NonClass: 24042K(24256K)->24042K(24256K) Class: 4869K(5120K)->4869K(5120K)
[3618.211s][info][gc             ] GC(844) Pause Young (Prepare Mixed) (G1 Evacuation Pause) 3626M->1459M(4096M) 123.043ms
[3618.211s][info][gc,cpu         ] GC(844) User=0.73s Sys=0.00s Real=0.13s
..[3620.919s][info][gc,start       ] GC(845) Pause Young (Mixed) (G1 Evacuation Pause)
[3620.919s][info][gc,task        ] GC(845) Using 6 workers of 6 for evacuation
[3621.053s][info][gc,phases      ] GC(845)   Pre Evacuate Collection Set: 0.33ms
[3621.053s][info][gc,phases      ] GC(845)   Merge Heap Roots: 0.76ms
[3621.053s][info][gc,phases      ] GC(845)   Evacuate Collection Set: 131.35ms
[3621.053s][info][gc,phases      ] GC(845)   Post Evacuate Collection Set: 0.96ms
[3621.053s][info][gc,phases      ] GC(845)   Other: 0.08ms
[3621.053s][info][gc,heap        ] GC(845) Eden regions: 1101->0(1121)
[3621.053s][info][gc,heap        ] GC(845) Survivor regions: 114->107(152)
[3621.053s][info][gc,heap        ] GC(845) Old regions: 536->473
[3621.053s][info][gc,heap        ] GC(845) Humongous regions: 80->80
[3621.053s][info][gc,metaspace   ] GC(845) Metaspace: 28911K(29376K)->28911K(29376K) NonClass: 24042K(24256K)->24042K(24256K) Class: 4869K(5120K)->4869K(5120K)
[3621.053s][info][gc             ] GC(845) Pause Young (Mixed) (G1 Evacuation Pause) 3661M->1318M(4096M) 133.624ms
[3621.053s][info][gc,cpu         ] GC(845) User=0.80s Sys=0.00s Real=0.13s
...[3623.914s][info][gc,start       ] GC(846) Pause Young (Concurrent Start) (G1 Evacuation Pause)
[3623.914s][info][gc,task        ] GC(846) Using 6 workers of 6 for evacuation
[3624.029s][info][gc,phases      ] GC(846)   Pre Evacuate Collection Set: 0.36ms
[3624.029s][info][gc,phases      ] GC(846)   Merge Heap Roots: 0.50ms
[3624.029s][info][gc,phases      ] GC(846)   Evacuate Collection Set: 113.19ms
[3624.029s][info][gc,phases      ] GC(846)   Post Evacuate Collection Set: 0.87ms
[3624.029s][info][gc,phases      ] GC(846)   Other: 0.11ms
[3624.029s][info][gc,heap        ] GC(846) Eden regions: 1121->0(1121)
[3624.029s][info][gc,heap        ] GC(846) Survivor regions: 107->107(154)
[3624.029s][info][gc,heap        ] GC(846) Old regions: 473->505
[3624.029s][info][gc,heap        ] GC(846) Humongous regions: 80->80
[3624.029s][info][gc,metaspace   ] GC(846) Metaspace: 28911K(29376K)->28911K(29376K) NonClass: 24042K(24256K)->24042K(24256K) Class: 4869K(5120K)->4869K(5120K)
[3624.029s][info][gc             ] GC(846) Pause Young (Concurrent Start) (G1 Evacuation Pause) 3560M->1382M(4096M) 115.171ms
[3624.029s][info][gc             ] GC(847) Concurrent Mark Cycle
[3624.029s][info][gc,marking     ] GC(847) Concurrent Scan Root Regions
[3624.029s][info][gc,cpu         ] GC(846) User=0.68s Sys=0.00s Real=0.11s
.[3624.187s][info][gc,marking     ] GC(847) Concurrent Scan Root Regions 157.996ms
[3624.187s][info][gc,marking     ] GC(847) Concurrent Mark
[3624.187s][info][gc,marking     ] GC(847) Concurrent Mark From Roots
[3624.187s][info][gc,task        ] GC(847) Using 2 workers of 2 for marking
[3624.996s][info][gc,marking     ] GC(847) Concurrent Mark From Roots 808.319ms
[3624.996s][info][gc,marking     ] GC(847) Concurrent Preclean
[3624.996s][info][gc,marking     ] GC(847) Concurrent Preclean 0.111ms
[3624.996s][info][gc,start       ] GC(847) Pause Remark
[3625.002s][info][gc             ] GC(847) Pause Remark 2082M->2082M(4096M) 5.792ms
[3625.002s][info][gc,cpu         ] GC(847) User=0.03s Sys=0.00s Real=0.01s
[3625.003s][info][gc,marking     ] GC(847) Concurrent Mark 815.324ms
[3625.003s][info][gc,marking     ] GC(847) Concurrent Rebuild Remembered Sets and Scrub Regions
.[3625.348s][info][gc,marking     ] GC(847) Concurrent Rebuild Remembered Sets and Scrub Regions 345.235ms
[3625.348s][info][gc,start       ] GC(847) Pause Cleanup
[3625.348s][info][gc             ] GC(847) Pause Cleanup 2420M->2420M(4096M) 0.112ms
[3625.348s][info][gc,cpu         ] GC(847) User=0.00s Sys=0.00s Real=0.00s
[3625.349s][info][gc,marking     ] GC(847) Concurrent Clear Claimed Marks
[3625.349s][info][gc,marking     ] GC(847) Concurrent Clear Claimed Marks 0.041ms
[3625.349s][info][gc,marking     ] GC(847) Concurrent Cleanup for Next Mark
[3625.356s][info][gc,marking     ] GC(847) Concurrent Cleanup for Next Mark 6.919ms
[3625.356s][info][gc             ] GC(847) Concurrent Mark Cycle 1327.169ms
.[3626.936s][info][gc,start       ] GC(848) Pause Young (Prepare Mixed) (G1 Evacuation Pause)
[3626.936s][info][gc,task        ] GC(848) Using 6 workers of 6 for evacuation
[3627.054s][info][gc,phases      ] GC(848)   Pre Evacuate Collection Set: 0.33ms
[3627.054s][info][gc,phases      ] GC(848)   Merge Heap Roots: 0.55ms
[3627.054s][info][gc,phases      ] GC(848)   Evacuate Collection Set: 116.14ms
[3627.054s][info][gc,phases      ] GC(848)   Post Evacuate Collection Set: 0.89ms
[3627.054s][info][gc,phases      ] GC(848)   Other: 0.09ms
[3627.054s][info][gc,heap        ] GC(848) Eden regions: 1121->0(1109)
[3627.054s][info][gc,heap        ] GC(848) Survivor regions: 107->110(154)
[3627.054s][info][gc,heap        ] GC(848) Old regions: 505->536
[3627.054s][info][gc,heap        ] GC(848) Humongous regions: 80->80
[3627.054s][info][gc,metaspace   ] GC(848) Metaspace: 28911K(29376K)->28911K(29376K) NonClass: 24042K(24256K)->24042K(24256K) Class: 4869K(5120K)->4869K(5120K)
[3627.054s][info][gc             ] GC(848) Pause Young (Prepare Mixed) (G1 Evacuation Pause) 3624M->1450M(4096M) 118.133ms
[3627.054s][info][gc,cpu         ] GC(848) User=0.71s Sys=0.00s Real=0.12s
...[3629.891s][info][gc,start       ] GC(849) Pause Young (Mixed) (G1 Evacuation Pause)
[3629.891s][info][gc,task        ] GC(849) Using 6 workers of 6 for evacuation
[3630.024s][info][gc,phases      ] GC(849)   Pre Evacuate Collection Set: 0.37ms
[3630.024s][info][gc,phases      ] GC(849)   Merge Heap Roots: 0.66ms
[3630.024s][info][gc,phases      ] GC(849)   Evacuate Collection Set: 130.89ms
[3630.024s][info][gc,phases      ] GC(849)   Post Evacuate Collection Set: 0.92ms
[3630.024s][info][gc,phases      ] GC(849)   Other: 0.09ms
[3630.024s][info][gc,heap        ] GC(849) Eden regions: 1109->0(1117)
[3630.024s][info][gc,heap        ] GC(849) Survivor regions: 110->111(153)
[3630.024s][info][gc,heap        ] GC(849) Old regions: 536->473
[3630.024s][info][gc,heap        ] GC(849) Humongous regions: 80->80
[3630.024s][info][gc,metaspace   ] GC(849) Metaspace: 28911K(29376K)->28911K(29376K) NonClass: 24042K(24256K)->24042K(24256K) Class: 4869K(5120K)->4869K(5120K)
[3630.024s][info][gc             ] GC(849) Pause Young (Mixed) (G1 Evacuation Pause) 3668M->1326M(4096M) 133.062ms
[3630.024s][info][gc,cpu         ] GC(849) User=0.79s Sys=0.00s Real=0.13s
...[3632.836s][info][gc,start       ] GC(850) Pause Young (Concurrent Start) (G1 Evacuation Pause)
[3632.836s][info][gc,task        ] GC(850) Using 6 workers of 6 for evacuation
[3632.956s][info][gc,phases      ] GC(850)   Pre Evacuate Collection Set: 0.34ms
[3632.957s][info][gc,phases      ] GC(850)   Merge Heap Roots: 0.49ms
[3632.957s][info][gc,phases      ] GC(850)   Evacuate Collection Set: 118.55ms
[3632.957s][info][gc,phases      ] GC(850)   Post Evacuate Collection Set: 0.89ms
[3632.957s][info][gc,phases      ] GC(850)   Other: 0.12ms
[3632.957s][info][gc,heap        ] GC(850) Eden regions: 1117->0(1116)
[3632.957s][info][gc,heap        ] GC(850) Survivor regions: 111->112(154)
[3632.957s][info][gc,heap        ] GC(850) Old regions: 473->505
[3632.957s][info][gc,heap        ] GC(850) Humongous regions: 80->80
[3632.957s][info][gc,metaspace   ] GC(850) Metaspace: 28911K(29376K)->28911K(29376K) NonClass: 24042K(24256K)->24042K(24256K) Class: 4869K(5120K)->4869K(5120K)
[3632.957s][info][gc             ] GC(850) Pause Young (Concurrent Start) (G1 Evacuation Pause) 3560M->1392M(4096M) 120.542ms
[3632.957s][info][gc             ] GC(851) Concurrent Mark Cycle
[3632.957s][info][gc,marking     ] GC(851) Concurrent Scan Root Regions
[3632.957s][info][gc,cpu         ] GC(850) User=0.72s Sys=0.00s Real=0.12s
.[3633.179s][info][gc,marking     ] GC(851) Concurrent Scan Root Regions 222.356ms
[3633.179s][info][gc,marking     ] GC(851) Concurrent Mark
[3633.179s][info][gc,marking     ] GC(851) Concurrent Mark From Roots
[3633.179s][info][gc,task        ] GC(851) Using 2 workers of 2 for marking
[3634.118s][info][gc,marking     ] GC(851) Concurrent Mark From Roots 939.373ms
[3634.118s][info][gc,marking     ] GC(851) Concurrent Preclean
[3634.119s][info][gc,marking     ] GC(851) Concurrent Preclean 0.061ms
[3634.119s][info][gc,start       ] GC(851) Pause Remark
[3634.125s][info][gc             ] GC(851) Pause Remark 2402M->2402M(4096M) 6.645ms
[3634.125s][info][gc,cpu         ] GC(851) User=0.04s Sys=0.00s Real=0.01s
[3634.125s][info][gc,marking     ] GC(851) Concurrent Mark 946.319ms
[3634.125s][info][gc,marking     ] GC(851) Concurrent Rebuild Remembered Sets and Scrub Regions
.[3634.417s][info][gc,marking     ] GC(851) Concurrent Rebuild Remembered Sets and Scrub Regions 292.066ms
[3634.418s][info][gc,start       ] GC(851) Pause Cleanup
[3634.418s][info][gc             ] GC(851) Pause Cleanup 2620M->2620M(4096M) 0.103ms
[3634.418s][info][gc,cpu         ] GC(851) User=0.00s Sys=0.00s Real=0.00s
[3634.418s][info][gc,marking     ] GC(851) Concurrent Clear Claimed Marks
[3634.418s][info][gc,marking     ] GC(851) Concurrent Clear Claimed Marks 0.034ms
[3634.418s][info][gc,marking     ] GC(851) Concurrent Cleanup for Next Mark
[3634.424s][info][gc,marking     ] GC(851) Concurrent Cleanup for Next Mark 5.232ms
[3634.424s][info][gc             ] GC(851) Concurrent Mark Cycle 1467.120ms
.[3635.776s][info][gc,start       ] GC(852) Pause Young (Prepare Mixed) (G1 Evacuation Pause)
[3635.776s][info][gc,task        ] GC(852) Using 6 workers of 6 for evacuation
[3635.902s][info][gc,phases      ] GC(852)   Pre Evacuate Collection Set: 0.33ms
[3635.902s][info][gc,phases      ] GC(852)   Merge Heap Roots: 0.52ms
[3635.902s][info][gc,phases      ] GC(852)   Evacuate Collection Set: 124.76ms
[3635.902s][info][gc,phases      ] GC(852)   Post Evacuate Collection Set: 0.90ms
[3635.902s][info][gc,phases      ] GC(852)   Other: 0.09ms
[3635.902s][info][gc,heap        ] GC(852) Eden regions: 1116->0(1099)
[3635.902s][info][gc,heap        ] GC(852) Survivor regions: 112->115(154)
[3635.902s][info][gc,heap        ] GC(852) Old regions: 505->536
[3635.902s][info][gc,heap        ] GC(852) Humongous regions: 80->80
[3635.902s][info][gc,metaspace   ] GC(852) Metaspace: 28911K(29376K)->28911K(29376K) NonClass: 24042K(24256K)->24042K(24256K) Class: 4869K(5120K)->4869K(5120K)
[3635.903s][info][gc             ] GC(852) Pause Young (Prepare Mixed) (G1 Evacuation Pause) 3624M->1460M(4096M) 126.737ms
[3635.903s][info][gc,cpu         ] GC(852) User=0.76s Sys=0.00s Real=0.13s
...[3638.740s][info][gc,start       ] GC(853) Pause Young (Mixed) (G1 Evacuation Pause)
[3638.740s][info][gc,task        ] GC(853) Using 6 workers of 6 for evacuation
[3638.874s][info][gc,phases      ] GC(853)   Pre Evacuate Collection Set: 0.36ms
[3638.874s][info][gc,phases      ] GC(853)   Merge Heap Roots: 0.71ms
[3638.874s][info][gc,phases      ] GC(853)   Evacuate Collection Set: 132.37ms
[3638.874s][info][gc,phases      ] GC(853)   Post Evacuate Collection Set: 0.92ms
[3638.874s][info][gc,phases      ] GC(853)   Other: 0.08ms
[3638.874s][info][gc,heap        ] GC(853) Eden regions: 1099->0(1119)
[3638.874s][info][gc,heap        ] GC(853) Survivor regions: 115->109(152)
[3638.874s][info][gc,heap        ] GC(853) Old regions: 536->473
[3638.874s][info][gc,heap        ] GC(853) Humongous regions: 80->80
[3638.874s][info][gc,metaspace   ] GC(853) Metaspace: 28911K(29376K)->28911K(29376K) NonClass: 24042K(24256K)->24042K(24256K) Class: 4869K(5120K)->4869K(5120K)
[3638.874s][info][gc             ] GC(853) Pause Young (Mixed) (G1 Evacuation Pause) 3658M->1322M(4096M) 134.591ms
[3638.874s][info][gc,cpu         ] GC(853) User=0.80s Sys=0.00s Real=0.13s
... (rIR:aIR:PR = 6365:6366:6366) (tPR = 94677) [OK] 
  3641s: Performance info:
         Transaction,    Success,    Partial,     Failed,   Receipts, AvgBarcode, 
             Overall,     383477,          0,          0,     364296,      59.47, 
         Response times:
             Request,    Success,    Partial,     Failed,   SkipFail,     Probes,    Samples,      min,      p50,      p90,      p95,      p99,      max, 
       TotalPurchase,     364283,          0,          0,          0,     355576,     394353,      200,     5600,    28000,    57000,   125000,   288000,
     InStorePurchase,     191739,          0,          0,          0,     187215,     207377,      300,     5700,    29000,    57000,   126000,   248000,
      OnlinePurchase,     134181,          0,          0,          0,     131256,     145541,      200,     5400,    27000,    56000,   124000,   288000,
        InstPurchase,      38363,          0,          0,          0,      37105,      41435,      300,     5700,    28000,    58000,   118000,   254000,
          AssocOfCat,        382,          0,          0,          0,        301,        412,    25000,    40000,    82000,   112350,   188870,   192000,
      AssocOfProduct,       3836,          0,          0,          0,       3612,       4212,     2200,     7000,    40000,    71000,   140870,   248000,
      BusinessReport,        961,          0,          0,          0,        823,       1005,    28000,    44000,    86000,   116100,   183880,   254000,
          CustBuyBeh,       3837,          0,          0,          0,       3535,       4090,      600,     5300,    30000,    60000,   126000,   203000,
       ProductReturn,      10164,          0,          0,          0,       9688,      10862,      200,     4500,    25000,    55850,   121000,   200000,

  3641s: (47%)   IR =   6503 [3641.654s][info][gc,start       ] GC(854) Pause Young (Concurrent Start) (G1 Evacuation Pause)
[3641.654s][info][gc,task        ] GC(854) Using 6 workers of 6 for evacuation
[3641.774s][info][gc,phases      ] GC(854)   Pre Evacuate Collection Set: 0.36ms
[3641.774s][info][gc,phases      ] GC(854)   Merge Heap Roots: 0.51ms
[3641.774s][info][gc,phases      ] GC(854)   Evacuate Collection Set: 117.26ms
[3641.774s][info][gc,phases      ] GC(854)   Post Evacuate Collection Set: 0.96ms
[3641.774s][info][gc,phases      ] GC(854)   Other: 0.09ms
[3641.774s][info][gc,heap        ] GC(854) Eden regions: 1119->0(1119)
[3641.774s][info][gc,heap        ] GC(854) Survivor regions: 109->109(154)
[3641.774s][info][gc,heap        ] GC(854) Old regions: 473->505
[3641.774s][info][gc,heap        ] GC(854) Humongous regions: 80->80
[3641.774s][info][gc,metaspace   ] GC(854) Metaspace: 28912K(29376K)->28912K(29376K) NonClass: 24042K(24256K)->24042K(24256K) Class: 4869K(5120K)->4869K(5120K)
[3641.774s][info][gc             ] GC(854) Pause Young (Concurrent Start) (G1 Evacuation Pause) 3560M->1386M(4096M) 119.336ms
[3641.774s][info][gc             ] GC(855) Concurrent Mark Cycle
[3641.774s][info][gc,marking     ] GC(855) Concurrent Scan Root Regions
[3641.774s][info][gc,cpu         ] GC(854) User=0.71s Sys=0.00s Real=0.12s
[3641.912s][info][gc,marking     ] GC(855) Concurrent Scan Root Regions 138.208ms
[3641.912s][info][gc,marking     ] GC(855) Concurrent Mark
[3641.912s][info][gc,marking     ] GC(855) Concurrent Mark From Roots
[3641.912s][info][gc,task        ] GC(855) Using 2 workers of 2 for marking
.[3642.628s][info][gc,marking     ] GC(855) Concurrent Mark From Roots 716.264ms
[3642.628s][info][gc,marking     ] GC(855) Concurrent Preclean
[3642.628s][info][gc,marking     ] GC(855) Concurrent Preclean 0.128ms
[3642.629s][info][gc,start       ] GC(855) Pause Remark
[3642.632s][info][gc             ] GC(855) Pause Remark 2076M->2076M(4096M) 3.873ms
[3642.632s][info][gc,cpu         ] GC(855) User=0.02s Sys=0.00s Real=0.01s
[3642.633s][info][gc,marking     ] GC(855) Concurrent Mark 720.520ms
[3642.633s][info][gc,marking     ] GC(855) Concurrent Rebuild Remembered Sets and Scrub Regions
[3642.920s][info][gc,marking     ] GC(855) Concurrent Rebuild Remembered Sets and Scrub Regions 286.989ms
[3642.920s][info][gc,start       ] GC(855) Pause Cleanup
[3642.920s][info][gc             ] GC(855) Pause Cleanup 2291M->2291M(4096M) 0.121ms
[3642.920s][info][gc,cpu         ] GC(855) User=0.00s Sys=0.00s Real=0.00s
[3642.920s][info][gc,marking     ] GC(855) Concurrent Clear Claimed Marks
[3642.920s][info][gc,marking     ] GC(855) Concurrent Clear Claimed Marks 0.034ms
[3642.920s][info][gc,marking     ] GC(855) Concurrent Cleanup for Next Mark
[3642.927s][info][gc,marking     ] GC(855) Concurrent Cleanup for Next Mark 7.178ms
[3642.928s][info][gc             ] GC(855) Concurrent Mark Cycle 1153.799ms
..[3644.644s][info][gc,start       ] GC(856) Pause Young (Prepare Mixed) (G1 Evacuation Pause)
[3644.644s][info][gc,task        ] GC(856) Using 6 workers of 6 for evacuation
[3644.763s][info][gc,phases      ] GC(856)   Pre Evacuate Collection Set: 0.33ms
[3644.763s][info][gc,phases      ] GC(856)   Merge Heap Roots: 0.59ms
[3644.763s][info][gc,phases      ] GC(856)   Evacuate Collection Set: 117.81ms
[3644.763s][info][gc,phases      ] GC(856)   Post Evacuate Collection Set: 0.91ms
[3644.763s][info][gc,phases      ] GC(856)   Other: 0.08ms
[3644.763s][info][gc,heap        ] GC(856) Eden regions: 1119->0(1105)
[3644.763s][info][gc,heap        ] GC(856) Survivor regions: 109->112(154)
[3644.763s][info][gc,heap        ] GC(856) Old regions: 505->536
[3644.763s][info][gc,heap        ] GC(856) Humongous regions: 80->80
[3644.763s][info][gc,metaspace   ] GC(856) Metaspace: 28912K(29376K)->28912K(29376K) NonClass: 24042K(24256K)->24042K(24256K) Class: 4869K(5120K)->4869K(5120K)
[3644.763s][info][gc             ] GC(856) Pause Young (Prepare Mixed) (G1 Evacuation Pause) 3624M->1454M(4096M) 119.845ms
[3644.763s][info][gc,cpu         ] GC(856) User=0.71s Sys=0.00s Real=0.12s
.|..[3647.501s][info][gc,start       ] GC(857) Pause Young (Mixed) (G1 Evacuation Pause)
[3647.501s][info][gc,task        ] GC(857) Using 6 workers of 6 for evacuation
[3647.639s][info][gc,phases      ] GC(857)   Pre Evacuate Collection Set: 0.38ms
[3647.639s][info][gc,phases      ] GC(857)   Merge Heap Roots: 0.77ms
[3647.639s][info][gc,phases      ] GC(857)   Evacuate Collection Set: 135.67ms
[3647.639s][info][gc,phases      ] GC(857)   Post Evacuate Collection Set: 0.94ms
[3647.639s][info][gc,phases      ] GC(857)   Other: 0.09ms
[3647.639s][info][gc,heap        ] GC(857) Eden regions: 1105->0(1116)
[3647.639s][info][gc,heap        ] GC(857) Survivor regions: 112->112(153)
[3647.639s][info][gc,heap        ] GC(857) Old regions: 536->474
[3647.639s][info][gc,heap        ] GC(857) Humongous regions: 80->80
[3647.639s][info][gc,metaspace   ] GC(857) Metaspace: 28912K(29376K)->28912K(29376K) NonClass: 24042K(24256K)->24042K(24256K) Class: 4869K(5120K)->4869K(5120K)
[3647.639s][info][gc             ] GC(857) Pause Young (Mixed) (G1 Evacuation Pause) 3664M->1329M(4096M) 137.984ms
[3647.639s][info][gc,cpu         ] GC(857) User=0.82s Sys=0.00s Real=0.14s
...[3650.380s][info][gc,start       ] GC(858) Pause Young (Concurrent Start) (G1 Evacuation Pause)
[3650.380s][info][gc,task        ] GC(858) Using 6 workers of 6 for evacuation
[3650.500s][info][gc,phases      ] GC(858)   Pre Evacuate Collection Set: 0.37ms
[3650.500s][info][gc,phases      ] GC(858)   Merge Heap Roots: 0.47ms
[3650.500s][info][gc,phases      ] GC(858)   Evacuate Collection Set: 118.98ms
[3650.500s][info][gc,phases      ] GC(858)   Post Evacuate Collection Set: 0.87ms
[3650.500s][info][gc,phases      ] GC(858)   Other: 0.13ms
[3650.500s][info][gc,heap        ] GC(858) Eden regions: 1116->0(1117)
[3650.500s][info][gc,heap        ] GC(858) Survivor regions: 112->111(154)
[3650.500s][info][gc,heap        ] GC(858) Old regions: 474->507
[3650.500s][info][gc,heap        ] GC(858) Humongous regions: 80->80
[3650.500s][info][gc,metaspace   ] GC(858) Metaspace: 28912K(29376K)->28912K(29376K) NonClass: 24042K(24256K)->24042K(24256K) Class: 4869K(5120K)->4869K(5120K)
[3650.500s][info][gc             ] GC(858) Pause Young (Concurrent Start) (G1 Evacuation Pause) 3561M->1393M(4096M) 120.949ms
[3650.500s][info][gc             ] GC(859) Concurrent Mark Cycle
[3650.501s][info][gc,marking     ] GC(859) Concurrent Scan Root Regions
[3650.501s][info][gc,cpu         ] GC(858) User=0.72s Sys=0.00s Real=0.12s
[3650.651s][info][gc,marking     ] GC(859) Concurrent Scan Root Regions 150.061ms
[3650.651s][info][gc,marking     ] GC(859) Concurrent Mark
[3650.651s][info][gc,marking     ] GC(859) Concurrent Mark From Roots
[3650.651s][info][gc,task        ] GC(859) Using 2 workers of 2 for marking
.[3651.372s][info][gc,marking     ] GC(859) Concurrent Mark From Roots 721.700ms
[3651.372s][info][gc,marking     ] GC(859) Concurrent Preclean
[3651.373s][info][gc,marking     ] GC(859) Concurrent Preclean 0.110ms
[3651.373s][info][gc,start       ] GC(859) Pause Remark
[3651.377s][info][gc             ] GC(859) Pause Remark 2118M->2118M(4096M) 4.223ms
[3651.377s][info][gc,cpu         ] GC(859) User=0.02s Sys=0.00s Real=0.00s
[3651.377s][info][gc,marking     ] GC(859) Concurrent Mark 726.612ms
[3651.377s][info][gc,marking     ] GC(859) Concurrent Rebuild Remembered Sets and Scrub Regions
[3651.626s][info][gc,marking     ] GC(859) Concurrent Rebuild Remembered Sets and Scrub Regions 248.686ms
[3651.626s][info][gc,start       ] GC(859) Pause Cleanup
[3651.626s][info][gc             ] GC(859) Pause Cleanup 2303M->2303M(4096M) 0.127ms
[3651.626s][info][gc,cpu         ] GC(859) User=0.00s Sys=0.00s Real=0.00s
[3651.626s][info][gc,marking     ] GC(859) Concurrent Clear Claimed Marks
[3651.626s][info][gc,marking     ] GC(859) Concurrent Clear Claimed Marks 0.027ms
[3651.626s][info][gc,marking     ] GC(859) Concurrent Cleanup for Next Mark
[3651.630s][info][gc,marking     ] GC(859) Concurrent Cleanup for Next Mark 3.213ms
[3651.630s][info][gc             ] GC(859) Concurrent Mark Cycle 1129.085ms
..[3653.329s][info][gc,start       ] GC(860) Pause Young (Prepare Mixed) (G1 Evacuation Pause)
[3653.329s][info][gc,task        ] GC(860) Using 6 workers of 6 for evacuation
[3653.447s][info][gc,phases      ] GC(860)   Pre Evacuate Collection Set: 0.30ms
[3653.447s][info][gc,phases      ] GC(860)   Merge Heap Roots: 0.56ms
[3653.447s][info][gc,phases      ] GC(860)   Evacuate Collection Set: 115.92ms
[3653.447s][info][gc,phases      ] GC(860)   Post Evacuate Collection Set: 0.90ms
[3653.447s][info][gc,phases      ] GC(860)   Other: 0.09ms
[3653.447s][info][gc,heap        ] GC(860) Eden regions: 1117->0(1108)
[3653.447s][info][gc,heap        ] GC(860) Survivor regions: 111->110(154)
[3653.447s][info][gc,heap        ] GC(860) Old regions: 507->537
[3653.447s][info][gc,heap        ] GC(860) Humongous regions: 80->80
[3653.447s][info][gc,metaspace   ] GC(860) Metaspace: 28912K(29376K)->28912K(29376K) NonClass: 24042K(24256K)->24042K(24256K) Class: 4869K(5120K)->4869K(5120K)
[3653.447s][info][gc             ] GC(860) Pause Young (Prepare Mixed) (G1 Evacuation Pause) 3627M->1452M(4096M) 117.912ms
[3653.447s][info][gc,cpu         ] GC(860) User=0.70s Sys=0.00s Real=0.12s
..[3656.185s][info][gc,start       ] GC(861) Pause Young (Mixed) (G1 Evacuation Pause)
[3656.185s][info][gc,task        ] GC(861) Using 6 workers of 6 for evacuation
[3656.319s][info][gc,phases      ] GC(861)   Pre Evacuate Collection Set: 0.39ms
[3656.319s][info][gc,phases      ] GC(861)   Merge Heap Roots: 0.77ms
[3656.319s][info][gc,phases      ] GC(861)   Evacuate Collection Set: 131.14ms
[3656.319s][info][gc,phases      ] GC(861)   Post Evacuate Collection Set: 0.93ms
[3656.319s][info][gc,phases      ] GC(861)   Other: 0.09ms
[3656.319s][info][gc,heap        ] GC(861) Eden regions: 1108->0(1119)
[3656.319s][info][gc,heap        ] GC(861) Survivor regions: 110->109(153)
[3656.319s][info][gc,heap        ] GC(861) Old regions: 537->473
[3656.319s][info][gc,heap        ] GC(861) Humongous regions: 80->80
[3656.319s][info][gc,metaspace   ] GC(861) Metaspace: 28912K(29376K)->28912K(29376K) NonClass: 24042K(24256K)->24042K(24256K) Class: 4869K(5120K)->4869K(5120K)
[3656.319s][info][gc             ] GC(861) Pause Young (Mixed) (G1 Evacuation Pause) 3668M->1323M(4096M) 133.499ms
[3656.319s][info][gc,cpu         ] GC(861) User=0.80s Sys=0.00s Real=0.13s
...[3659.121s][info][gc,start       ] GC(862) Pause Young (Concurrent Start) (G1 Evacuation Pause)
[3659.121s][info][gc,task        ] GC(862) Using 6 workers of 6 for evacuation
[3659.238s][info][gc,phases      ] GC(862)   Pre Evacuate Collection Set: 0.41ms
[3659.238s][info][gc,phases      ] GC(862)   Merge Heap Roots: 0.49ms
[3659.238s][info][gc,phases      ] GC(862)   Evacuate Collection Set: 115.05ms
[3659.238s][info][gc,phases      ] GC(862)   Post Evacuate Collection Set: 0.89ms
[3659.238s][info][gc,phases      ] GC(862)   Other: 0.12ms
[3659.238s][info][gc,heap        ] GC(862) Eden regions: 1119->0(1120)
[3659.238s][info][gc,heap        ] GC(862) Survivor regions: 109->108(154)
[3659.238s][info][gc,heap        ] GC(862) Old regions: 473->505
[3659.238s][info][gc,heap        ] GC(862) Humongous regions: 80->80
[3659.238s][info][gc,metaspace   ] GC(862) Metaspace: 28912K(29376K)->28912K(29376K) NonClass: 24042K(24256K)->24042K(24256K) Class: 4869K(5120K)->4869K(5120K)
[3659.238s][info][gc             ] GC(862) Pause Young (Concurrent Start) (G1 Evacuation Pause) 3561M->1385M(4096M) 117.093ms
[3659.238s][info][gc             ] GC(863) Concurrent Mark Cycle
[3659.238s][info][gc,marking     ] GC(863) Concurrent Scan Root Regions
[3659.238s][info][gc,cpu         ] GC(862) User=0.70s Sys=0.00s Real=0.11s
[3659.381s][info][gc,marking     ] GC(863) Concurrent Scan Root Regions 143.378ms
[3659.381s][info][gc,marking     ] GC(863) Concurrent Mark
[3659.381s][info][gc,marking     ] GC(863) Concurrent Mark From Roots
[3659.381s][info][gc,task        ] GC(863) Using 2 workers of 2 for marking
.[3660.078s][info][gc,marking     ] GC(863) Concurrent Mark From Roots 696.180ms
[3660.078s][info][gc,marking     ] GC(863) Concurrent Preclean
[3660.078s][info][gc,marking     ] GC(863) Concurrent Preclean 0.098ms
[3660.079s][info][gc,start       ] GC(863) Pause Remark
[3660.085s][info][gc             ] GC(863) Pause Remark 2080M->2080M(4096M) 5.997ms
[3660.085s][info][gc,cpu         ] GC(863) User=0.04s Sys=0.00s Real=0.01s
[3660.086s][info][gc,marking     ] GC(863) Concurrent Mark 704.166ms
[3660.086s][info][gc,marking     ] GC(863) Concurrent Rebuild Remembered Sets and Scrub Regions
[3660.349s][info][gc,marking     ] GC(863) Concurrent Rebuild Remembered Sets and Scrub Regions 263.472ms
[3660.349s][info][gc,start       ] GC(863) Pause Cleanup
[3660.349s][info][gc             ] GC(863) Pause Cleanup 2320M->2320M(4096M) 0.125ms
[3660.349s][info][gc,cpu         ] GC(863) User=0.00s Sys=0.00s Real=0.01s
[3660.349s][info][gc,marking     ] GC(863) Concurrent Clear Claimed Marks
[3660.349s][info][gc,marking     ] GC(863) Concurrent Clear Claimed Marks 0.025ms
[3660.349s][info][gc,marking     ] GC(863) Concurrent Cleanup for Next Mark
[3660.355s][info][gc,marking     ] GC(863) Concurrent Cleanup for Next Mark 5.353ms
[3660.355s][info][gc             ] GC(863) Concurrent Mark Cycle 1116.942ms
..[3661.988s][info][gc,start       ] GC(864) Pause Young (Prepare Mixed) (G1 Evacuation Pause)
[3661.988s][info][gc,task        ] GC(864) Using 6 workers of 6 for evacuation
[3662.110s][info][gc,phases      ] GC(864)   Pre Evacuate Collection Set: 0.34ms
[3662.110s][info][gc,phases      ] GC(864)   Merge Heap Roots: 0.59ms
[3662.110s][info][gc,phases      ] GC(864)   Evacuate Collection Set: 120.35ms
[3662.110s][info][gc,phases      ] GC(864)   Post Evacuate Collection Set: 0.91ms
[3662.110s][info][gc,phases      ] GC(864)   Other: 0.09ms
[3662.110s][info][gc,heap        ] GC(864) Eden regions: 1120->0(1105)
[3662.110s][info][gc,heap        ] GC(864) Survivor regions: 108->111(154)
[3662.110s][info][gc,heap        ] GC(864) Old regions: 505->538
[3662.110s][info][gc,heap        ] GC(864) Humongous regions: 80->80
[3662.110s][info][gc,metaspace   ] GC(864) Metaspace: 28912K(29376K)->28912K(29376K) NonClass: 24042K(24256K)->24042K(24256K) Class: 4869K(5120K)->4869K(5120K)
[3662.110s][info][gc             ] GC(864) Pause Young (Prepare Mixed) (G1 Evacuation Pause) 3625M->1456M(4096M) 122.399ms
[3662.110s][info][gc,cpu         ] GC(864) User=0.72s Sys=0.00s Real=0.13s
...[3664.865s][info][gc,start       ] GC(865) Pause Young (Mixed) (G1 Evacuation Pause)
[3664.865s][info][gc,task        ] GC(865) Using 6 workers of 6 for evacuation
[3664.997s][info][gc,phases      ] GC(865)   Pre Evacuate Collection Set: 0.35ms
[3664.997s][info][gc,phases      ] GC(865)   Merge Heap Roots: 0.60ms
[3664.997s][info][gc,phases      ] GC(865)   Evacuate Collection Set: 129.82ms
[3664.997s][info][gc,phases      ] GC(865)   Post Evacuate Collection Set: 0.93ms
[3664.997s][info][gc,phases      ] GC(865)   Other: 0.08ms
[3664.997s][info][gc,heap        ] GC(865) Eden regions: 1105->0(1117)
[3664.997s][info][gc,heap        ] GC(865) Survivor regions: 111->111(152)
[3664.997s][info][gc,heap        ] GC(865) Old regions: 538->476
[3664.997s][info][gc,heap        ] GC(865) Humongous regions: 80->80
[3664.997s][info][gc,metaspace   ] GC(865) Metaspace: 28912K(29376K)->28912K(29376K) NonClass: 24042K(24256K)->24042K(24256K) Class: 4869K(5120K)->4869K(5120K)
[3664.997s][info][gc             ] GC(865) Pause Young (Mixed) (G1 Evacuation Pause) 3666M->1331M(4096M) 131.918ms
[3664.997s][info][gc,cpu         ] GC(865) User=0.79s Sys=0.00s Real=0.13s
...[3667.822s][info][gc,start       ] GC(866) Pause Young (Concurrent Start) (G1 Evacuation Pause)
[3667.822s][info][gc,task        ] GC(866) Using 6 workers of 6 for evacuation
[3667.941s][info][gc,phases      ] GC(866)   Pre Evacuate Collection Set: 0.36ms
[3667.941s][info][gc,phases      ] GC(866)   Merge Heap Roots: 0.50ms
[3667.941s][info][gc,phases      ] GC(866)   Evacuate Collection Set: 117.78ms
[3667.941s][info][gc,phases      ] GC(866)   Post Evacuate Collection Set: 0.89ms
[3667.941s][info][gc,phases      ] GC(866)   Other: 0.10ms
[3667.942s][info][gc,heap        ] GC(866) Eden regions: 1117->0(1117)
[3667.942s][info][gc,heap        ] GC(866) Survivor regions: 111->111(154)
[3667.942s][info][gc,heap        ] GC(866) Old regions: 476->508
[3667.942s][info][gc,heap        ] GC(866) Humongous regions: 80->80
[3667.942s][info][gc,metaspace   ] GC(866) Metaspace: 28912K(29376K)->28912K(29376K) NonClass: 24042K(24256K)->24042K(24256K) Class: 4869K(5120K)->4869K(5120K)
[3667.942s][info][gc             ] GC(866) Pause Young (Concurrent Start) (G1 Evacuation Pause) 3565M->1396M(4096M) 119.773ms
[3667.942s][info][gc             ] GC(867) Concurrent Mark Cycle
[3667.942s][info][gc,marking     ] GC(867) Concurrent Scan Root Regions
[3667.942s][info][gc,cpu         ] GC(866) User=0.72s Sys=0.00s Real=0.12s
[3668.082s][info][gc,marking     ] GC(867) Concurrent Scan Root Regions 140.653ms
[3668.082s][info][gc,marking     ] GC(867) Concurrent Mark
[3668.082s][info][gc,marking     ] GC(867) Concurrent Mark From Roots
[3668.082s][info][gc,task        ] GC(867) Using 2 workers of 2 for marking
.[3668.802s][info][gc,marking     ] GC(867) Concurrent Mark From Roots 720.110ms
[3668.802s][info][gc,marking     ] GC(867) Concurrent Preclean
[3668.803s][info][gc,marking     ] GC(867) Concurrent Preclean 0.095ms
[3668.806s][info][gc,start       ] GC(867) Pause Remark
[3668.811s][info][gc             ] GC(867) Pause Remark 2134M->2134M(4096M) 5.461ms
[3668.811s][info][gc,cpu         ] GC(867) User=0.03s Sys=0.00s Real=0.01s
[3668.811s][info][gc,marking     ] GC(867) Concurrent Mark 728.833ms
[3668.811s][info][gc,marking     ] GC(867) Concurrent Rebuild Remembered Sets and Scrub Regions
[3669.073s][info][gc,marking     ] GC(867) Concurrent Rebuild Remembered Sets and Scrub Regions 261.374ms
[3669.073s][info][gc,start       ] GC(867) Pause Cleanup
[3669.073s][info][gc             ] GC(867) Pause Cleanup 2356M->2356M(4096M) 0.114ms
[3669.073s][info][gc,cpu         ] GC(867) User=0.00s Sys=0.00s Real=0.00s
[3669.073s][info][gc,marking     ] GC(867) Concurrent Clear Claimed Marks
[3669.074s][info][gc,marking     ] GC(867) Concurrent Clear Claimed Marks 0.036ms
[3669.074s][info][gc,marking     ] GC(867) Concurrent Cleanup for Next Mark
[3669.078s][info][gc,marking     ] GC(867) Concurrent Cleanup for Next Mark 4.584ms
[3669.078s][info][gc             ] GC(867) Concurrent Mark Cycle 1136.592ms
..[3670.717s][info][gc,start       ] GC(868) Pause Young (Prepare Mixed) (G1 Evacuation Pause)
[3670.717s][info][gc,task        ] GC(868) Using 6 workers of 6 for evacuation
[3670.836s][info][gc,phases      ] GC(868)   Pre Evacuate Collection Set: 0.29ms
[3670.836s][info][gc,phases      ] GC(868)   Merge Heap Roots: 0.54ms
[3670.836s][info][gc,phases      ] GC(868)   Evacuate Collection Set: 117.77ms
[3670.836s][info][gc,phases      ] GC(868)   Post Evacuate Collection Set: 0.92ms
[3670.836s][info][gc,phases      ] GC(868)   Other: 0.09ms
[3670.836s][info][gc,heap        ] GC(868) Eden regions: 1117->0(1101)
[3670.836s][info][gc,heap        ] GC(868) Survivor regions: 111->112(154)
[3670.836s][info][gc,heap        ] GC(868) Old regions: 508->540
[3670.836s][info][gc,heap        ] GC(868) Humongous regions: 80->80
[3670.836s][info][gc,metaspace   ] GC(868) Metaspace: 28912K(29376K)->28912K(29376K) NonClass: 24042K(24256K)->24042K(24256K) Class: 4869K(5120K)->4869K(5120K)
[3670.836s][info][gc             ] GC(868) Pause Young (Prepare Mixed) (G1 Evacuation Pause) 3630M->1462M(4096M) 119.751ms
[3670.836s][info][gc,cpu         ] GC(868) User=0.71s Sys=0.00s Real=0.12s
...[3673.527s][info][gc,start       ] GC(869) Pause Young (Mixed) (G1 Evacuation Pause)
[3673.527s][info][gc,task        ] GC(869) Using 6 workers of 6 for evacuation
[3673.666s][info][gc,phases      ] GC(869)   Pre Evacuate Collection Set: 0.39ms
[3673.666s][info][gc,phases      ] GC(869)   Merge Heap Roots: 0.83ms
[3673.666s][info][gc,phases      ] GC(869)   Evacuate Collection Set: 136.98ms
[3673.666s][info][gc,phases      ] GC(869)   Post Evacuate Collection Set: 0.92ms
[3673.666s][info][gc,phases      ] GC(869)   Other: 0.09ms
[3673.666s][info][gc,heap        ] GC(869) Eden regions: 1101->0(1117)
[3673.666s][info][gc,heap        ] GC(869) Survivor regions: 112->111(152)
[3673.666s][info][gc,heap        ] GC(869) Old regions: 540->475
[3673.666s][info][gc,heap        ] GC(869) Humongous regions: 80->80
[3673.666s][info][gc,metaspace   ] GC(869) Metaspace: 28912K(29376K)->28912K(29376K) NonClass: 24042K(24256K)->24042K(24256K) Class: 4869K(5120K)->4869K(5120K)
[3673.666s][info][gc             ] GC(869) Pause Young (Mixed) (G1 Evacuation Pause) 3664M->1329M(4096M) 139.346ms
[3673.666s][info][gc,cpu         ] GC(869) User=0.82s Sys=0.00s Real=0.14s
...[3676.433s][info][gc,start       ] GC(870) Pause Young (Concurrent Start) (G1 Evacuation Pause)
[3676.433s][info][gc,task        ] GC(870) Using 6 workers of 6 for evacuation
[3676.550s][info][gc,phases      ] GC(870)   Pre Evacuate Collection Set: 0.38ms
[3676.550s][info][gc,phases      ] GC(870)   Merge Heap Roots: 0.49ms
[3676.550s][info][gc,phases      ] GC(870)   Evacuate Collection Set: 115.26ms
[3676.550s][info][gc,phases      ] GC(870)   Post Evacuate Collection Set: 0.87ms
[3676.550s][info][gc,phases      ] GC(870)   Other: 0.10ms
[3676.550s][info][gc,heap        ] GC(870) Eden regions: 1117->0(1120)
[3676.550s][info][gc,heap        ] GC(870) Survivor regions: 111->108(154)
[3676.550s][info][gc,heap        ] GC(870) Old regions: 475->506
[3676.550s][info][gc,heap        ] GC(870) Humongous regions: 80->80
[3676.550s][info][gc,metaspace   ] GC(870) Metaspace: 28912K(29376K)->28912K(29376K) NonClass: 24042K(24256K)->24042K(24256K) Class: 4869K(5120K)->4869K(5120K)
[3676.550s][info][gc             ] GC(870) Pause Young (Concurrent Start) (G1 Evacuation Pause) 3563M->1387M(4096M) 117.236ms
[3676.550s][info][gc             ] GC(871) Concurrent Mark Cycle
[3676.550s][info][gc,marking     ] GC(871) Concurrent Scan Root Regions
[3676.550s][info][gc,cpu         ] GC(870) User=0.69s Sys=0.00s Real=0.12s
[3676.722s][info][gc,marking     ] GC(871) Concurrent Scan Root Regions 171.917ms
[3676.722s][info][gc,marking     ] GC(871) Concurrent Mark
[3676.722s][info][gc,marking     ] GC(871) Concurrent Mark From Roots
[3676.722s][info][gc,task        ] GC(871) Using 2 workers of 2 for marking
.[3677.604s][info][gc,marking     ] GC(871) Concurrent Mark From Roots 881.939ms
[3677.604s][info][gc,marking     ] GC(871) Concurrent Preclean
[3677.604s][info][gc,marking     ] GC(871) Concurrent Preclean 0.116ms
[3677.606s][info][gc,start       ] GC(871) Pause Remark
[3677.613s][info][gc             ] GC(871) Pause Remark 2271M->2271M(4096M) 6.966ms
[3677.613s][info][gc,cpu         ] GC(871) User=0.04s Sys=0.00s Real=0.01s
[3677.613s][info][gc,marking     ] GC(871) Concurrent Mark 891.226ms
[3677.613s][info][gc,marking     ] GC(871) Concurrent Rebuild Remembered Sets and Scrub Regions
[3677.898s][info][gc,marking     ] GC(871) Concurrent Rebuild Remembered Sets and Scrub Regions 284.633ms
[3677.898s][info][gc,start       ] GC(871) Pause Cleanup
[3677.898s][info][gc             ] GC(871) Pause Cleanup 2497M->2497M(4096M) 0.116ms
[3677.898s][info][gc,cpu         ] GC(871) User=0.00s Sys=0.00s Real=0.00s
[3677.898s][info][gc,marking     ] GC(871) Concurrent Clear Claimed Marks
[3677.898s][info][gc,marking     ] GC(871) Concurrent Clear Claimed Marks 0.023ms
[3677.898s][info][gc,marking     ] GC(871) Concurrent Cleanup for Next Mark
[3677.901s][info][gc,marking     ] GC(871) Concurrent Cleanup for Next Mark 3.347ms
[3677.901s][info][gc             ] GC(871) Concurrent Mark Cycle 1351.592ms
.[3679.423s][info][gc,start       ] GC(872) Pause Young (Prepare Mixed) (G1 Evacuation Pause)
[3679.423s][info][gc,task        ] GC(872) Using 6 workers of 6 for evacuation
[3679.544s][info][gc,phases      ] GC(872)   Pre Evacuate Collection Set: 0.34ms
[3679.544s][info][gc,phases      ] GC(872)   Merge Heap Roots: 0.57ms
[3679.544s][info][gc,phases      ] GC(872)   Evacuate Collection Set: 118.79ms
[3679.544s][info][gc,phases      ] GC(872)   Post Evacuate Collection Set: 0.91ms
[3679.544s][info][gc,phases      ] GC(872)   Other: 0.09ms
[3679.544s][info][gc,heap        ] GC(872) Eden regions: 1120->0(1102)
[3679.544s][info][gc,heap        ] GC(872) Survivor regions: 108->113(154)
[3679.544s][info][gc,heap        ] GC(872) Old regions: 506->537
[3679.544s][info][gc,heap        ] GC(872) Humongous regions: 80->80
[3679.544s][info][gc,metaspace   ] GC(872) Metaspace: 28912K(29376K)->28912K(29376K) NonClass: 24042K(24256K)->24042K(24256K) Class: 4869K(5120K)->4869K(5120K)
[3679.544s][info][gc             ] GC(872) Pause Young (Prepare Mixed) (G1 Evacuation Pause) 3627M->1459M(4096M) 120.836ms
[3679.544s][info][gc,cpu         ] GC(872) User=0.72s Sys=0.00s Real=0.12s
...[3682.246s][info][gc,start       ] GC(873) Pause Young (Mixed) (G1 Evacuation Pause)
[3682.246s][info][gc,task        ] GC(873) Using 6 workers of 6 for evacuation
[3682.382s][info][gc,phases      ] GC(873)   Pre Evacuate Collection Set: 0.38ms
[3682.382s][info][gc,phases      ] GC(873)   Merge Heap Roots: 0.75ms
[3682.382s][info][gc,phases      ] GC(873)   Evacuate Collection Set: 133.19ms
[3682.382s][info][gc,phases      ] GC(873)   Post Evacuate Collection Set: 0.95ms
[3682.382s][info][gc,phases      ] GC(873)   Other: 0.10ms
[3682.382s][info][gc,heap        ] GC(873) Eden regions: 1102->0(1118)
[3682.382s][info][gc,heap        ] GC(873) Survivor regions: 113->110(152)
[3682.382s][info][gc,heap        ] GC(873) Old regions: 537->475
[3682.382s][info][gc,heap        ] GC(873) Humongous regions: 80->80
[3682.382s][info][gc,metaspace   ] GC(873) Metaspace: 28912K(29376K)->28912K(29376K) NonClass: 24042K(24256K)->24042K(24256K) Class: 4869K(5120K)->4869K(5120K)
[3682.382s][info][gc             ] GC(873) Pause Young (Mixed) (G1 Evacuation Pause) 3663M->1328M(4096M) 135.508ms
[3682.382s][info][gc,cpu         ] GC(873) User=0.81s Sys=0.00s Real=0.14s
...[3685.096s][info][gc,start       ] GC(874) Pause Young (Concurrent Start) (G1 Evacuation Pause)
[3685.096s][info][gc,task        ] GC(874) Using 6 workers of 6 for evacuation
[3685.213s][info][gc,phases      ] GC(874)   Pre Evacuate Collection Set: 0.40ms
[3685.213s][info][gc,phases      ] GC(874)   Merge Heap Roots: 0.49ms
[3685.213s][info][gc,phases      ] GC(874)   Evacuate Collection Set: 114.85ms
[3685.213s][info][gc,phases      ] GC(874)   Post Evacuate Collection Set: 0.87ms
[3685.213s][info][gc,phases      ] GC(874)   Other: 0.12ms
[3685.213s][info][gc,heap        ] GC(874) Eden regions: 1118->0(1121)
[3685.213s][info][gc,heap        ] GC(874) Survivor regions: 110->107(154)
[3685.213s][info][gc,heap        ] GC(874) Old regions: 475->508
[3685.213s][info][gc,heap        ] GC(874) Humongous regions: 80->80
[3685.213s][info][gc,metaspace   ] GC(874) Metaspace: 28912K(29376K)->28912K(29376K) NonClass: 24042K(24256K)->24042K(24256K) Class: 4869K(5120K)->4869K(5120K)
[3685.213s][info][gc             ] GC(874) Pause Young (Concurrent Start) (G1 Evacuation Pause) 3564M->1388M(4096M) 116.859ms
[3685.213s][info][gc             ] GC(875) Concurrent Mark Cycle
[3685.213s][info][gc,marking     ] GC(875) Concurrent Scan Root Regions
[3685.213s][info][gc,cpu         ] GC(874) User=0.69s Sys=0.00s Real=0.12s
[3685.362s][info][gc,marking     ] GC(875) Concurrent Scan Root Regions 148.855ms
[3685.362s][info][gc,marking     ] GC(875) Concurrent Mark
[3685.362s][info][gc,marking     ] GC(875) Concurrent Mark From Roots
[3685.362s][info][gc,task        ] GC(875) Using 2 workers of 2 for marking
.[3686.099s][info][gc,marking     ] GC(875) Concurrent Mark From Roots 737.402ms
[3686.099s][info][gc,marking     ] GC(875) Concurrent Preclean
[3686.099s][info][gc,marking     ] GC(875) Concurrent Preclean 0.071ms
[3686.102s][info][gc,start       ] GC(875) Pause Remark
[3686.107s][info][gc             ] GC(875) Pause Remark 2136M->2136M(4096M) 5.748ms
[3686.107s][info][gc,cpu         ] GC(875) User=0.03s Sys=0.00s Real=0.00s
[3686.108s][info][gc,marking     ] GC(875) Concurrent Mark 746.529ms
[3686.108s][info][gc,marking     ] GC(875) Concurrent Rebuild Remembered Sets and Scrub Regions
[3686.364s][info][gc,marking     ] GC(875) Concurrent Rebuild Remembered Sets and Scrub Regions 255.356ms
[3686.364s][info][gc,start       ] GC(875) Pause Cleanup
[3686.365s][info][gc             ] GC(875) Pause Cleanup 2330M->2330M(4096M) 0.120ms
[3686.365s][info][gc,cpu         ] GC(875) User=0.00s Sys=0.00s Real=0.00s
[3686.365s][info][gc,marking     ] GC(875) Concurrent Clear Claimed Marks
[3686.365s][info][gc,marking     ] GC(875) Concurrent Clear Claimed Marks 0.036ms
[3686.365s][info][gc,marking     ] GC(875) Concurrent Cleanup for Next Mark
[3686.368s][info][gc,marking     ] GC(875) Concurrent Cleanup for Next Mark 3.512ms
[3686.369s][info][gc             ] GC(875) Concurrent Mark Cycle 1155.600ms
..[3688.048s][info][gc,start       ] GC(876) Pause Young (Prepare Mixed) (G1 Evacuation Pause)
[3688.048s][info][gc,task        ] GC(876) Using 6 workers of 6 for evacuation
[3688.174s][info][gc,phases      ] GC(876)   Pre Evacuate Collection Set: 0.32ms
[3688.174s][info][gc,phases      ] GC(876)   Merge Heap Roots: 0.59ms
[3688.174s][info][gc,phases      ] GC(876)   Evacuate Collection Set: 123.37ms
[3688.174s][info][gc,phases      ] GC(876)   Post Evacuate Collection Set: 0.91ms
[3688.174s][info][gc,phases      ] GC(876)   Other: 0.09ms
[3688.174s][info][gc,heap        ] GC(876) Eden regions: 1121->0(1096)
[3688.174s][info][gc,heap        ] GC(876) Survivor regions: 107->115(154)
[3688.174s][info][gc,heap        ] GC(876) Old regions: 508->539
[3688.174s][info][gc,heap        ] GC(876) Humongous regions: 80->80
[3688.174s][info][gc,metaspace   ] GC(876) Metaspace: 28912K(29376K)->28912K(29376K) NonClass: 24042K(24256K)->24042K(24256K) Class: 4869K(5120K)->4869K(5120K)
[3688.174s][info][gc             ] GC(876) Pause Young (Prepare Mixed) (G1 Evacuation Pause) 3630M->1465M(4096M) 125.413ms
[3688.174s][info][gc,cpu         ] GC(876) User=0.75s Sys=0.00s Real=0.13s
...[3690.942s][info][gc,start       ] GC(877) Pause Young (Mixed) (G1 Evacuation Pause)
[3690.942s][info][gc,task        ] GC(877) Using 6 workers of 6 for evacuation
[3691.074s][info][gc,phases      ] GC(877)   Pre Evacuate Collection Set: 0.40ms
[3691.074s][info][gc,phases      ] GC(877)   Merge Heap Roots: 0.84ms
[3691.074s][info][gc,phases      ] GC(877)   Evacuate Collection Set: 129.08ms
[3691.074s][info][gc,phases      ] GC(877)   Post Evacuate Collection Set: 0.96ms
[3691.074s][info][gc,phases      ] GC(877)   Other: 0.09ms
[3691.074s][info][gc,heap        ] GC(877) Eden regions: 1096->0(1120)
[3691.074s][info][gc,heap        ] GC(877) Survivor regions: 115->108(152)
[3691.074s][info][gc,heap        ] GC(877) Old regions: 539->474
[3691.074s][info][gc,heap        ] GC(877) Humongous regions: 80->80
[3691.074s][info][gc,metaspace   ] GC(877) Metaspace: 28912K(29376K)->28912K(29376K) NonClass: 24042K(24256K)->24042K(24256K) Class: 4869K(5120K)->4869K(5120K)
[3691.074s][info][gc             ] GC(877) Pause Young (Mixed) (G1 Evacuation Pause) 3657M->1323M(4096M) 131.521ms
[3691.074s][info][gc,cpu         ] GC(877) User=0.78s Sys=0.00s Real=0.13s
...[3693.797s][info][gc,start       ] GC(878) Pause Young (Concurrent Start) (G1 Evacuation Pause)
[3693.797s][info][gc,task        ] GC(878) Using 6 workers of 6 for evacuation
[3693.919s][info][gc,phases      ] GC(878)   Pre Evacuate Collection Set: 0.36ms
[3693.919s][info][gc,phases      ] GC(878)   Merge Heap Roots: 0.52ms
[3693.919s][info][gc,phases      ] GC(878)   Evacuate Collection Set: 119.22ms
[3693.919s][info][gc,phases      ] GC(878)   Post Evacuate Collection Set: 0.86ms
[3693.919s][info][gc,phases      ] GC(878)   Other: 0.09ms
[3693.919s][info][gc,heap        ] GC(878) Eden regions: 1120->0(1116)
[3693.919s][info][gc,heap        ] GC(878) Survivor regions: 108->112(154)
[3693.919s][info][gc,heap        ] GC(878) Old regions: 474->507
[3693.919s][info][gc,heap        ] GC(878) Humongous regions: 80->80
[3693.919s][info][gc,metaspace   ] GC(878) Metaspace: 28912K(29376K)->28912K(29376K) NonClass: 24042K(24256K)->24042K(24256K) Class: 4869K(5120K)->4869K(5120K)
[3693.919s][info][gc             ] GC(878) Pause Young (Concurrent Start) (G1 Evacuation Pause) 3563M->1396M(4096M) 121.174ms
[3693.919s][info][gc             ] GC(879) Concurrent Mark Cycle
[3693.919s][info][gc,marking     ] GC(879) Concurrent Scan Root Regions
[3693.919s][info][gc,cpu         ] GC(878) User=0.73s Sys=0.00s Real=0.12s
[3694.106s][info][gc,marking     ] GC(879) Concurrent Scan Root Regions 186.871ms
[3694.106s][info][gc,marking     ] GC(879) Concurrent Mark
[3694.106s][info][gc,marking     ] GC(879) Concurrent Mark From Roots
[3694.106s][info][gc,task        ] GC(879) Using 2 workers of 2 for marking
.[3694.937s][info][gc,marking     ] GC(879) Concurrent Mark From Roots 831.172ms
[3694.937s][info][gc,marking     ] GC(879) Concurrent Preclean
[3694.937s][info][gc,marking     ] GC(879) Concurrent Preclean 0.077ms
[3694.938s][info][gc,start       ] GC(879) Pause Remark
[3694.943s][info][gc             ] GC(879) Pause Remark 2227M->2227M(4096M) 5.269ms
[3694.943s][info][gc,cpu         ] GC(879) User=0.03s Sys=0.00s Real=0.01s
[3694.943s][info][gc,marking     ] GC(879) Concurrent Mark 837.411ms
[3694.943s][info][gc,marking     ] GC(879) Concurrent Rebuild Remembered Sets and Scrub Regions
[3695.215s][info][gc,marking     ] GC(879) Concurrent Rebuild Remembered Sets and Scrub Regions 271.608ms
[3695.215s][info][gc,start       ] GC(879) Pause Cleanup
[3695.215s][info][gc             ] GC(879) Pause Cleanup 2490M->2490M(4096M) 0.113ms
[3695.215s][info][gc,cpu         ] GC(879) User=0.00s Sys=0.00s Real=0.00s
[3695.215s][info][gc,marking     ] GC(879) Concurrent Clear Claimed Marks
[3695.215s][info][gc,marking     ] GC(879) Concurrent Clear Claimed Marks 0.023ms
[3695.215s][info][gc,marking     ] GC(879) Concurrent Cleanup for Next Mark
[3695.219s][info][gc,marking     ] GC(879) Concurrent Cleanup for Next Mark 4.054ms
[3695.219s][info][gc             ] GC(879) Concurrent Mark Cycle 1300.450ms
..[3696.736s][info][gc,start       ] GC(880) Pause Young (Prepare Mixed) (G1 Evacuation Pause)
[3696.736s][info][gc,task        ] GC(880) Using 6 workers of 6 for evacuation
[3696.854s][info][gc,phases      ] GC(880)   Pre Evacuate Collection Set: 0.32ms
[3696.854s][info][gc,phases      ] GC(880)   Merge Heap Roots: 0.58ms
[3696.854s][info][gc,phases      ] GC(880)   Evacuate Collection Set: 116.28ms
[3696.854s][info][gc,phases      ] GC(880)   Post Evacuate Collection Set: 0.90ms
[3696.854s][info][gc,phases      ] GC(880)   Other: 0.09ms
[3696.854s][info][gc,heap        ] GC(880) Eden regions: 1116->0(1107)
[3696.854s][info][gc,heap        ] GC(880) Survivor regions: 112->110(154)
[3696.854s][info][gc,heap        ] GC(880) Old regions: 507->538
[3696.854s][info][gc,heap        ] GC(880) Humongous regions: 80->80
[3696.854s][info][gc,metaspace   ] GC(880) Metaspace: 28912K(29376K)->28912K(29376K) NonClass: 24042K(24256K)->24042K(24256K) Class: 4869K(5120K)->4869K(5120K)
[3696.854s][info][gc             ] GC(880) Pause Young (Prepare Mixed) (G1 Evacuation Pause) 3628M->1454M(4096M) 118.296ms
[3696.854s][info][gc,cpu         ] GC(880) User=0.70s Sys=0.00s Real=0.12s
..[3699.594s][info][gc,start       ] GC(881) Pause Young (Mixed) (G1 Evacuation Pause)
[3699.594s][info][gc,task        ] GC(881) Using 6 workers of 6 for evacuation
[3699.728s][info][gc,phases      ] GC(881)   Pre Evacuate Collection Set: 0.35ms
[3699.728s][info][gc,phases      ] GC(881)   Merge Heap Roots: 0.71ms
[3699.728s][info][gc,phases      ] GC(881)   Evacuate Collection Set: 132.21ms
[3699.728s][info][gc,phases      ] GC(881)   Post Evacuate Collection Set: 0.91ms
[3699.728s][info][gc,phases      ] GC(881)   Other: 0.08ms
[3699.728s][info][gc,heap        ] GC(881) Eden regions: 1107->0(1118)
[3699.728s][info][gc,heap        ] GC(881) Survivor regions: 110->110(153)
[3699.728s][info][gc,heap        ] GC(881) Old regions: 538->474
[3699.728s][info][gc,heap        ] GC(881) Humongous regions: 80->80
[3699.728s][info][gc,metaspace   ] GC(881) Metaspace: 28912K(29376K)->28912K(29376K) NonClass: 24042K(24256K)->24042K(24256K) Class: 4869K(5120K)->4869K(5120K)
[3699.728s][info][gc             ] GC(881) Pause Young (Mixed) (G1 Evacuation Pause) 3668M->1326M(4096M) 134.393ms
[3699.728s][info][gc,cpu         ] GC(881) User=0.80s Sys=0.00s Real=0.13s
...[3702.468s][info][gc,start       ] GC(882) Pause Young (Concurrent Start) (G1 Evacuation Pause)
[3702.468s][info][gc,task        ] GC(882) Using 6 workers of 6 for evacuation
[3702.585s][info][gc,phases      ] GC(882)   Pre Evacuate Collection Set: 0.38ms
[3702.585s][info][gc,phases      ] GC(882)   Merge Heap Roots: 0.52ms
[3702.585s][info][gc,phases      ] GC(882)   Evacuate Collection Set: 115.34ms
[3702.585s][info][gc,phases      ] GC(882)   Post Evacuate Collection Set: 0.86ms
[3702.585s][info][gc,phases      ] GC(882)   Other: 0.12ms
[3702.585s][info][gc,heap        ] GC(882) Eden regions: 1118->0(1120)
[3702.585s][info][gc,heap        ] GC(882) Survivor regions: 110->108(154)
[3702.585s][info][gc,heap        ] GC(882) Old regions: 474->506
[3702.585s][info][gc,heap        ] GC(882) Humongous regions: 80->80
[3702.585s][info][gc,metaspace   ] GC(882) Metaspace: 28912K(29376K)->28912K(29376K) NonClass: 24042K(24256K)->24042K(24256K) Class: 4869K(5120K)->4869K(5120K)
[3702.585s][info][gc             ] GC(882) Pause Young (Concurrent Start) (G1 Evacuation Pause) 3562M->1386M(4096M) 117.356ms
[3702.585s][info][gc             ] GC(883) Concurrent Mark Cycle
[3702.585s][info][gc,marking     ] GC(883) Concurrent Scan Root Regions
[3702.585s][info][gc,cpu         ] GC(882) User=0.70s Sys=0.00s Real=0.12s
.[3702.786s][info][gc,marking     ] GC(883) Concurrent Scan Root Regions 200.974ms
[3702.786s][info][gc,marking     ] GC(883) Concurrent Mark
[3702.786s][info][gc,marking     ] GC(883) Concurrent Mark From Roots
[3702.786s][info][gc,task        ] GC(883) Using 2 workers of 2 for marking
.[3703.797s][info][gc,marking     ] GC(883) Concurrent Mark From Roots 1011.116ms
[3703.797s][info][gc,marking     ] GC(883) Concurrent Preclean
[3703.797s][info][gc,marking     ] GC(883) Concurrent Preclean 0.080ms
[3703.797s][info][gc,start       ] GC(883) Pause Remark
[3703.804s][info][gc             ] GC(883) Pause Remark 2382M->2382M(4096M) 6.550ms
[3703.804s][info][gc,cpu         ] GC(883) User=0.04s Sys=0.00s Real=0.01s
[3703.804s][info][gc,marking     ] GC(883) Concurrent Mark 1017.987ms
[3703.804s][info][gc,marking     ] GC(883) Concurrent Rebuild Remembered Sets and Scrub Regions
[3704.164s][info][gc,marking     ] GC(883) Concurrent Rebuild Remembered Sets and Scrub Regions 359.833ms
[3704.165s][info][gc,start       ] GC(883) Pause Cleanup
[3704.165s][info][gc             ] GC(883) Pause Cleanup 2646M->2646M(4096M) 0.124ms
[3704.165s][info][gc,cpu         ] GC(883) User=0.00s Sys=0.00s Real=0.00s
[3704.165s][info][gc,marking     ] GC(883) Concurrent Clear Claimed Marks
[3704.165s][info][gc,marking     ] GC(883) Concurrent Clear Claimed Marks 0.034ms
[3704.165s][info][gc,marking     ] GC(883) Concurrent Cleanup for Next Mark
[3704.169s][info][gc,marking     ] GC(883) Concurrent Cleanup for Next Mark 3.898ms
[3704.169s][info][gc             ] GC(883) Concurrent Mark Cycle 1584.244ms
.[3705.449s][info][gc,start       ] GC(884) Pause Young (Prepare Mixed) (G1 Evacuation Pause)
[3705.449s][info][gc,task        ] GC(884) Using 6 workers of 6 for evacuation
[3705.568s][info][gc,phases      ] GC(884)   Pre Evacuate Collection Set: 0.36ms
[3705.568s][info][gc,phases      ] GC(884)   Merge Heap Roots: 0.59ms
[3705.568s][info][gc,phases      ] GC(884)   Evacuate Collection Set: 116.81ms
[3705.568s][info][gc,phases      ] GC(884)   Post Evacuate Collection Set: 0.94ms
[3705.568s][info][gc,phases      ] GC(884)   Other: 0.10ms
[3705.568s][info][gc,heap        ] GC(884) Eden regions: 1120->0(1108)
[3705.568s][info][gc,heap        ] GC(884) Survivor regions: 108->110(154)
[3705.568s][info][gc,heap        ] GC(884) Old regions: 506->537
[3705.568s][info][gc,heap        ] GC(884) Humongous regions: 80->80
[3705.568s][info][gc,metaspace   ] GC(884) Metaspace: 28912K(29376K)->28912K(29376K) NonClass: 24042K(24256K)->24042K(24256K) Class: 4869K(5120K)->4869K(5120K)
[3705.568s][info][gc             ] GC(884) Pause Young (Prepare Mixed) (G1 Evacuation Pause) 3626M->1453M(4096M) 118.926ms
[3705.568s][info][gc,cpu         ] GC(884) User=0.71s Sys=0.00s Real=0.12s
. (rIR:aIR:PR = 6503:6508:6508) (tPR = 96985) [OK] 
  3705s: Performance info:
         Transaction,    Success,    Partial,     Failed,   Receipts, AvgBarcode, 
             Overall,     393820,          0,          0,     374157,      59.48, 
         Response times:
             Request,    Success,    Partial,     Failed,   SkipFail,     Probes,    Samples,      min,      p50,      p90,      p95,      p99,      max, 
       TotalPurchase,     374162,          0,          0,          0,     362496,     388249,      300,     5700,    30000,    59000,   118000,   226000,
     InStorePurchase,     196948,          0,          0,          0,     190879,     204603,      300,     5700,    30000,    60000,   121000,   226000,
      OnlinePurchase,     137823,          0,          0,          0,     133562,     142694,      300,     5700,    31000,    58000,   114000,   226000,
        InstPurchase,      39391,          0,          0,          0,      38055,      40952,      400,     5700,    28000,    57000,   118000,   218000,
          AssocOfCat,        394,          0,          0,          0,        306,        400,    22000,    38000,    80900,   113950,   204910,   224000,
      AssocOfProduct,       3942,          0,          0,          0,       3671,       4187,     1600,     6200,    33000,    63000,   123000,   189000,
      BusinessReport,        980,          0,          0,          0,        899,       1087,    27000,    47000,    93200,   129600,   188000,   216000,
          CustBuyBeh,       3939,          0,          0,          0,       3747,       4228,      200,     2000,    22000,    51000,   100710,   144000,
       ProductReturn,      10414,          0,          0,          0,       9920,      10904,      100,     5300,    31000,    59000,   105000,   186000,

  3705s: (48%)   IR =   6642 ..[3708.281s][info][gc,start       ] GC(885) Pause Young (Mixed) (G1 Evacuation Pause)
[3708.281s][info][gc,task        ] GC(885) Using 6 workers of 6 for evacuation
[3708.420s][info][gc,phases      ] GC(885)   Pre Evacuate Collection Set: 0.37ms
[3708.420s][info][gc,phases      ] GC(885)   Merge Heap Roots: 0.75ms
[3708.420s][info][gc,phases      ] GC(885)   Evacuate Collection Set: 136.07ms
[3708.420s][info][gc,phases      ] GC(885)   Post Evacuate Collection Set: 0.95ms
[3708.420s][info][gc,phases      ] GC(885)   Other: 0.09ms
[3708.420s][info][gc,heap        ] GC(885) Eden regions: 1108->0(1115)
[3708.420s][info][gc,heap        ] GC(885) Survivor regions: 110->113(153)
[3708.420s][info][gc,heap        ] GC(885) Old regions: 537->473
[3708.420s][info][gc,heap        ] GC(885) Humongous regions: 80->80
[3708.420s][info][gc,metaspace   ] GC(885) Metaspace: 28912K(29376K)->28912K(29376K) NonClass: 24042K(24256K)->24042K(24256K) Class: 4869K(5120K)->4869K(5120K)
[3708.420s][info][gc             ] GC(885) Pause Young (Mixed) (G1 Evacuation Pause) 3669M->1330M(4096M) 138.369ms
[3708.420s][info][gc,cpu         ] GC(885) User=0.82s Sys=0.00s Real=0.14s
...|[3711.142s][info][gc,start       ] GC(886) Pause Young (Concurrent Start) (G1 Evacuation Pause)
[3711.142s][info][gc,task        ] GC(886) Using 6 workers of 6 for evacuation
[3711.259s][info][gc,phases      ] GC(886)   Pre Evacuate Collection Set: 0.35ms
[3711.259s][info][gc,phases      ] GC(886)   Merge Heap Roots: 0.47ms
[3711.259s][info][gc,phases      ] GC(886)   Evacuate Collection Set: 114.80ms
[3711.259s][info][gc,phases      ] GC(886)   Post Evacuate Collection Set: 0.92ms
[3711.259s][info][gc,phases      ] GC(886)   Other: 0.11ms
[3711.259s][info][gc,heap        ] GC(886) Eden regions: 1115->0(1120)
[3711.259s][info][gc,heap        ] GC(886) Survivor regions: 113->108(154)
[3711.259s][info][gc,heap        ] GC(886) Old regions: 473->505
[3711.259s][info][gc,heap        ] GC(886) Humongous regions: 80->80
[3711.259s][info][gc,metaspace   ] GC(886) Metaspace: 28912K(29376K)->28912K(29376K) NonClass: 24042K(24256K)->24042K(24256K) Class: 4869K(5120K)->4869K(5120K)
[3711.259s][info][gc             ] GC(886) Pause Young (Concurrent Start) (G1 Evacuation Pause) 3560M->1384M(4096M) 116.775ms
[3711.259s][info][gc             ] GC(887) Concurrent Mark Cycle
[3711.259s][info][gc,marking     ] GC(887) Concurrent Scan Root Regions
[3711.259s][info][gc,cpu         ] GC(886) User=0.69s Sys=0.00s Real=0.11s
[3711.437s][info][gc,marking     ] GC(887) Concurrent Scan Root Regions 177.588ms
[3711.437s][info][gc,marking     ] GC(887) Concurrent Mark
[3711.437s][info][gc,marking     ] GC(887) Concurrent Mark From Roots
[3711.437s][info][gc,task        ] GC(887) Using 2 workers of 2 for marking
.[3712.395s][info][gc,marking     ] GC(887) Concurrent Mark From Roots 957.861ms
[3712.395s][info][gc,marking     ] GC(887) Concurrent Preclean
[3712.395s][info][gc,marking     ] GC(887) Concurrent Preclean 0.116ms
[3712.395s][info][gc,start       ] GC(887) Pause Remark
[3712.400s][info][gc             ] GC(887) Pause Remark 2331M->2331M(4096M) 5.287ms
[3712.400s][info][gc,cpu         ] GC(887) User=0.02s Sys=0.00s Real=0.01s
[3712.400s][info][gc,marking     ] GC(887) Concurrent Mark 963.511ms
[3712.400s][info][gc,marking     ] GC(887) Concurrent Rebuild Remembered Sets and Scrub Regions
[3712.739s][info][gc,marking     ] GC(887) Concurrent Rebuild Remembered Sets and Scrub Regions 338.806ms
[3712.739s][info][gc,start       ] GC(887) Pause Cleanup
[3712.739s][info][gc             ] GC(887) Pause Cleanup 2617M->2617M(4096M) 0.106ms
[3712.739s][info][gc,cpu         ] GC(887) User=0.00s Sys=0.00s Real=0.01s
[3712.739s][info][gc,marking     ] GC(887) Concurrent Clear Claimed Marks
[3712.739s][info][gc,marking     ] GC(887) Concurrent Clear Claimed Marks 0.024ms
[3712.739s][info][gc,marking     ] GC(887) Concurrent Cleanup for Next Mark
[3712.743s][info][gc,marking     ] GC(887) Concurrent Cleanup for Next Mark 3.547ms
[3712.743s][info][gc             ] GC(887) Concurrent Mark Cycle 1483.873ms
.[3713.935s][info][gc,start       ] GC(888) Pause Young (Prepare Mixed) (G1 Evacuation Pause)
[3713.935s][info][gc,task        ] GC(888) Using 6 workers of 6 for evacuation
[3714.052s][info][gc,phases      ] GC(888)   Pre Evacuate Collection Set: 0.32ms
[3714.052s][info][gc,phases      ] GC(888)   Merge Heap Roots: 0.58ms
[3714.052s][info][gc,phases      ] GC(888)   Evacuate Collection Set: 114.70ms
[3714.052s][info][gc,phases      ] GC(888)   Post Evacuate Collection Set: 0.93ms
[3714.052s][info][gc,phases      ] GC(888)   Other: 0.09ms
[3714.052s][info][gc,heap        ] GC(888) Eden regions: 1120->0(1110)
[3714.052s][info][gc,heap        ] GC(888) Survivor regions: 108->109(154)
[3714.052s][info][gc,heap        ] GC(888) Old regions: 505->537
[3714.052s][info][gc,heap        ] GC(888) Humongous regions: 80->80
[3714.052s][info][gc,metaspace   ] GC(888) Metaspace: 28912K(29376K)->28912K(29376K) NonClass: 24042K(24256K)->24042K(24256K) Class: 4869K(5120K)->4869K(5120K)
[3714.052s][info][gc             ] GC(888) Pause Young (Prepare Mixed) (G1 Evacuation Pause) 3624M->1449M(4096M) 116.736ms
[3714.052s][info][gc,cpu         ] GC(888) User=0.69s Sys=0.00s Real=0.12s
...[3716.793s][info][gc,start       ] GC(889) Pause Young (Mixed) (G1 Evacuation Pause)
[3716.793s][info][gc,task        ] GC(889) Using 6 workers of 6 for evacuation
[3716.929s][info][gc,phases      ] GC(889)   Pre Evacuate Collection Set: 0.34ms
[3716.929s][info][gc,phases      ] GC(889)   Merge Heap Roots: 0.75ms
[3716.929s][info][gc,phases      ] GC(889)   Evacuate Collection Set: 133.59ms
[3716.929s][info][gc,phases      ] GC(889)   Post Evacuate Collection Set: 0.94ms
[3716.929s][info][gc,phases      ] GC(889)   Other: 0.09ms
[3716.929s][info][gc,heap        ] GC(889) Eden regions: 1110->0(1117)
[3716.929s][info][gc,heap        ] GC(889) Survivor regions: 109->111(153)
[3716.929s][info][gc,heap        ] GC(889) Old regions: 537->475
[3716.929s][info][gc,heap        ] GC(889) Humongous regions: 80->80
[3716.929s][info][gc,metaspace   ] GC(889) Metaspace: 28912K(29376K)->28912K(29376K) NonClass: 24042K(24256K)->24042K(24256K) Class: 4869K(5120K)->4869K(5120K)
[3716.929s][info][gc             ] GC(889) Pause Young (Mixed) (G1 Evacuation Pause) 3669M->1329M(4096M) 135.854ms
[3716.929s][info][gc,cpu         ] GC(889) User=0.81s Sys=0.00s Real=0.14s
...[3719.630s][info][gc,start       ] GC(890) Pause Young (Concurrent Start) (G1 Evacuation Pause)
[3719.630s][info][gc,task        ] GC(890) Using 6 workers of 6 for evacuation
[3719.753s][info][gc,phases      ] GC(890)   Pre Evacuate Collection Set: 0.33ms
[3719.753s][info][gc,phases      ] GC(890)   Merge Heap Roots: 0.54ms
[3719.753s][info][gc,phases      ] GC(890)   Evacuate Collection Set: 120.87ms
[3719.753s][info][gc,phases      ] GC(890)   Post Evacuate Collection Set: 0.90ms
[3719.753s][info][gc,phases      ] GC(890)   Other: 0.11ms
[3719.753s][info][gc,heap        ] GC(890) Eden regions: 1117->0(1114)
[3719.753s][info][gc,heap        ] GC(890) Survivor regions: 111->114(154)
[3719.753s][info][gc,heap        ] GC(890) Old regions: 475->505
[3719.753s][info][gc,heap        ] GC(890) Humongous regions: 80->80
[3719.753s][info][gc,metaspace   ] GC(890) Metaspace: 28912K(29376K)->28912K(29376K) NonClass: 24042K(24256K)->24042K(24256K) Class: 4869K(5120K)->4869K(5120K)
[3719.753s][info][gc             ] GC(890) Pause Young (Concurrent Start) (G1 Evacuation Pause) 3563M->1397M(4096M) 122.892ms
[3719.753s][info][gc             ] GC(891) Concurrent Mark Cycle
[3719.753s][info][gc,marking     ] GC(891) Concurrent Scan Root Regions
[3719.753s][info][gc,cpu         ] GC(890) User=0.73s Sys=0.01s Real=0.12s
[3719.893s][info][gc,marking     ] GC(891) Concurrent Scan Root Regions 139.843ms
[3719.893s][info][gc,marking     ] GC(891) Concurrent Mark
[3719.893s][info][gc,marking     ] GC(891) Concurrent Mark From Roots
[3719.893s][info][gc,task        ] GC(891) Using 2 workers of 2 for marking
.[3720.720s][info][gc,marking     ] GC(891) Concurrent Mark From Roots 826.346ms
[3720.720s][info][gc,marking     ] GC(891) Concurrent Preclean
[3720.720s][info][gc,marking     ] GC(891) Concurrent Preclean 0.082ms
[3720.721s][info][gc,start       ] GC(891) Pause Remark
[3720.726s][info][gc             ] GC(891) Pause Remark 2177M->2177M(4096M) 4.684ms
[3720.726s][info][gc,cpu         ] GC(891) User=0.03s Sys=0.00s Real=0.00s
[3720.726s][info][gc,marking     ] GC(891) Concurrent Mark 832.951ms
[3720.726s][info][gc,marking     ] GC(891) Concurrent Rebuild Remembered Sets and Scrub Regions
[3721.014s][info][gc,marking     ] GC(891) Concurrent Rebuild Remembered Sets and Scrub Regions 288.033ms
[3721.015s][info][gc,start       ] GC(891) Pause Cleanup
[3721.015s][info][gc             ] GC(891) Pause Cleanup 2455M->2455M(4096M) 0.109ms
[3721.015s][info][gc,cpu         ] GC(891) User=0.00s Sys=0.00s Real=0.00s
[3721.015s][info][gc,marking     ] GC(891) Concurrent Clear Claimed Marks
[3721.015s][info][gc,marking     ] GC(891) Concurrent Clear Claimed Marks 0.030ms
[3721.015s][info][gc,marking     ] GC(891) Concurrent Cleanup for Next Mark
[3721.018s][info][gc,marking     ] GC(891) Concurrent Cleanup for Next Mark 3.458ms
[3721.018s][info][gc             ] GC(891) Concurrent Mark Cycle 1265.050ms
..[3722.456s][info][gc,start       ] GC(892) Pause Young (Prepare Mixed) (G1 Evacuation Pause)
[3722.456s][info][gc,task        ] GC(892) Using 6 workers of 6 for evacuation
[3722.574s][info][gc,phases      ] GC(892)   Pre Evacuate Collection Set: 0.32ms
[3722.574s][info][gc,phases      ] GC(892)   Merge Heap Roots: 0.57ms
[3722.574s][info][gc,phases      ] GC(892)   Evacuate Collection Set: 115.96ms
[3722.574s][info][gc,phases      ] GC(892)   Post Evacuate Collection Set: 0.88ms
[3722.574s][info][gc,phases      ] GC(892)   Other: 0.09ms
[3722.574s][info][gc,heap        ] GC(892) Eden regions: 1114->0(1109)
[3722.574s][info][gc,heap        ] GC(892) Survivor regions: 114->109(154)
[3722.574s][info][gc,heap        ] GC(892) Old regions: 505->538
[3722.574s][info][gc,heap        ] GC(892) Humongous regions: 80->80
[3722.574s][info][gc,metaspace   ] GC(892) Metaspace: 28912K(29376K)->28912K(29376K) NonClass: 24042K(24256K)->24042K(24256K) Class: 4869K(5120K)->4869K(5120K)
[3722.574s][info][gc             ] GC(892) Pause Young (Prepare Mixed) (G1 Evacuation Pause) 3625M->1452M(4096M) 117.948ms
[3722.574s][info][gc,cpu         ] GC(892) User=0.70s Sys=0.00s Real=0.12s
...[3725.341s][info][gc,start       ] GC(893) Pause Young (Mixed) (G1 Evacuation Pause)
[3725.341s][info][gc,task        ] GC(893) Using 6 workers of 6 for evacuation
[3725.473s][info][gc,phases      ] GC(893)   Pre Evacuate Collection Set: 0.34ms
[3725.473s][info][gc,phases      ] GC(893)   Merge Heap Roots: 0.72ms
[3725.473s][info][gc,phases      ] GC(893)   Evacuate Collection Set: 130.52ms
[3725.473s][info][gc,phases      ] GC(893)   Post Evacuate Collection Set: 0.92ms
[3725.473s][info][gc,phases      ] GC(893)   Other: 0.09ms
[3725.473s][info][gc,heap        ] GC(893) Eden regions: 1109->0(1119)
[3725.473s][info][gc,heap        ] GC(893) Survivor regions: 109->109(153)
[3725.473s][info][gc,heap        ] GC(893) Old regions: 538->473
[3725.473s][info][gc,heap        ] GC(893) Humongous regions: 80->80
[3725.473s][info][gc,metaspace   ] GC(893) Metaspace: 28912K(29376K)->28912K(29376K) NonClass: 24042K(24256K)->24042K(24256K) Class: 4869K(5120K)->4869K(5120K)
[3725.473s][info][gc             ] GC(893) Pause Young (Mixed) (G1 Evacuation Pause) 3670M->1323M(4096M) 132.714ms
[3725.473s][info][gc,cpu         ] GC(893) User=0.79s Sys=0.00s Real=0.13s
...[3728.160s][info][gc,start       ] GC(894) Pause Young (Concurrent Start) (G1 Evacuation Pause)
[3728.160s][info][gc,task        ] GC(894) Using 6 workers of 6 for evacuation
[3728.277s][info][gc,phases      ] GC(894)   Pre Evacuate Collection Set: 0.37ms
[3728.277s][info][gc,phases      ] GC(894)   Merge Heap Roots: 0.50ms
[3728.277s][info][gc,phases      ] GC(894)   Evacuate Collection Set: 115.19ms
[3728.277s][info][gc,phases      ] GC(894)   Post Evacuate Collection Set: 0.87ms
[3728.277s][info][gc,phases      ] GC(894)   Other: 0.10ms
[3728.277s][info][gc,heap        ] GC(894) Eden regions: 1119->0(1118)
[3728.277s][info][gc,heap        ] GC(894) Survivor regions: 109->110(154)
[3728.277s][info][gc,heap        ] GC(894) Old regions: 473->505
[3728.277s][info][gc,heap        ] GC(894) Humongous regions: 80->80
[3728.277s][info][gc,metaspace   ] GC(894) Metaspace: 28912K(29376K)->28912K(29376K) NonClass: 24042K(24256K)->24042K(24256K) Class: 4869K(5120K)->4869K(5120K)
[3728.277s][info][gc             ] GC(894) Pause Young (Concurrent Start) (G1 Evacuation Pause) 3561M->1387M(4096M) 117.168ms
[3728.277s][info][gc             ] GC(895) Concurrent Mark Cycle
[3728.277s][info][gc,marking     ] GC(895) Concurrent Scan Root Regions
[3728.277s][info][gc,cpu         ] GC(894) User=0.70s Sys=0.00s Real=0.11s
[3728.417s][info][gc,marking     ] GC(895) Concurrent Scan Root Regions 140.499ms
[3728.417s][info][gc,marking     ] GC(895) Concurrent Mark
[3728.417s][info][gc,marking     ] GC(895) Concurrent Mark From Roots
[3728.417s][info][gc,task        ] GC(895) Using 2 workers of 2 for marking
[3729.117s][info][gc,marking     ] GC(895) Concurrent Mark From Roots 699.742ms
[3729.117s][info][gc,marking     ] GC(895) Concurrent Preclean
[3729.117s][info][gc,marking     ] GC(895) Concurrent Preclean 0.083ms
[3729.120s][info][gc,start       ] GC(895) Pause Remark
[3729.125s][info][gc             ] GC(895) Pause Remark 2071M->2071M(4096M) 5.086ms
[3729.125s][info][gc,cpu         ] GC(895) User=0.03s Sys=0.00s Real=0.00s
[3729.125s][info][gc,marking     ] GC(895) Concurrent Mark 707.477ms
[3729.125s][info][gc,marking     ] GC(895) Concurrent Rebuild Remembered Sets and Scrub Regions
.[3729.422s][info][gc,marking     ] GC(895) Concurrent Rebuild Remembered Sets and Scrub Regions 296.703ms
[3729.423s][info][gc,start       ] GC(895) Pause Cleanup
[3729.423s][info][gc             ] GC(895) Pause Cleanup 2349M->2349M(4096M) 0.134ms
[3729.423s][info][gc,cpu         ] GC(895) User=0.00s Sys=0.00s Real=0.00s
[3729.423s][info][gc,marking     ] GC(895) Concurrent Clear Claimed Marks
[3729.423s][info][gc,marking     ] GC(895) Concurrent Clear Claimed Marks 0.025ms
[3729.423s][info][gc,marking     ] GC(895) Concurrent Cleanup for Next Mark
[3729.429s][info][gc,marking     ] GC(895) Concurrent Cleanup for Next Mark 5.153ms
[3729.429s][info][gc             ] GC(895) Concurrent Mark Cycle 1151.814ms
.[3730.971s][info][gc,start       ] GC(896) Pause Young (Prepare Mixed) (G1 Evacuation Pause)
[3730.971s][info][gc,task        ] GC(896) Using 6 workers of 6 for evacuation
[3731.090s][info][gc,phases      ] GC(896)   Pre Evacuate Collection Set: 0.36ms
[3731.090s][info][gc,phases      ] GC(896)   Merge Heap Roots: 0.57ms
[3731.090s][info][gc,phases      ] GC(896)   Evacuate Collection Set: 116.46ms
[3731.090s][info][gc,phases      ] GC(896)   Post Evacuate Collection Set: 0.90ms
[3731.090s][info][gc,phases      ] GC(896)   Other: 0.09ms
[3731.090s][info][gc,heap        ] GC(896) Eden regions: 1118->0(1110)
[3731.090s][info][gc,heap        ] GC(896) Survivor regions: 110->109(154)
[3731.090s][info][gc,heap        ] GC(896) Old regions: 505->537
[3731.090s][info][gc,heap        ] GC(896) Humongous regions: 80->80
[3731.090s][info][gc,metaspace   ] GC(896) Metaspace: 28912K(29376K)->28912K(29376K) NonClass: 24042K(24256K)->24042K(24256K) Class: 4869K(5120K)->4869K(5120K)
[3731.090s][info][gc             ] GC(896) Pause Young (Prepare Mixed) (G1 Evacuation Pause) 3623M->1451M(4096M) 118.506ms
[3731.090s][info][gc,cpu         ] GC(896) User=0.71s Sys=0.00s Real=0.12s
...[3733.838s][info][gc,start       ] GC(897) Pause Young (Mixed) (G1 Evacuation Pause)
[3733.838s][info][gc,task        ] GC(897) Using 6 workers of 6 for evacuation
[3733.974s][info][gc,phases      ] GC(897)   Pre Evacuate Collection Set: 0.34ms
[3733.974s][info][gc,phases      ] GC(897)   Merge Heap Roots: 0.65ms
[3733.974s][info][gc,phases      ] GC(897)   Evacuate Collection Set: 134.31ms
[3733.974s][info][gc,phases      ] GC(897)   Post Evacuate Collection Set: 0.93ms
[3733.974s][info][gc,phases      ] GC(897)   Other: 0.08ms
[3733.974s][info][gc,heap        ] GC(897) Eden regions: 1110->0(1113)
[3733.974s][info][gc,heap        ] GC(897) Survivor regions: 109->115(153)
[3733.974s][info][gc,heap        ] GC(897) Old regions: 537->474
[3733.974s][info][gc,heap        ] GC(897) Humongous regions: 80->80
[3733.974s][info][gc,metaspace   ] GC(897) Metaspace: 28912K(29376K)->28912K(29376K) NonClass: 24042K(24256K)->24042K(24256K) Class: 4869K(5120K)->4869K(5120K)
[3733.974s][info][gc             ] GC(897) Pause Young (Mixed) (G1 Evacuation Pause) 3671M->1336M(4096M) 136.438ms
[3733.974s][info][gc,cpu         ] GC(897) User=0.81s Sys=0.00s Real=0.14s
...[3736.658s][info][gc,start       ] GC(898) Pause Young (Concurrent Start) (G1 Evacuation Pause)
[3736.659s][info][gc,task        ] GC(898) Using 6 workers of 6 for evacuation
[3736.781s][info][gc,phases      ] GC(898)   Pre Evacuate Collection Set: 0.36ms
[3736.781s][info][gc,phases      ] GC(898)   Merge Heap Roots: 0.48ms
[3736.781s][info][gc,phases      ] GC(898)   Evacuate Collection Set: 120.14ms
[3736.781s][info][gc,phases      ] GC(898)   Post Evacuate Collection Set: 0.89ms
[3736.781s][info][gc,phases      ] GC(898)   Other: 0.13ms
[3736.781s][info][gc,heap        ] GC(898) Eden regions: 1113->0(1116)
[3736.781s][info][gc,heap        ] GC(898) Survivor regions: 115->112(154)
[3736.781s][info][gc,heap        ] GC(898) Old regions: 474->506
[3736.781s][info][gc,heap        ] GC(898) Humongous regions: 80->80
[3736.781s][info][gc,metaspace   ] GC(898) Metaspace: 28912K(29376K)->28912K(29376K) NonClass: 24042K(24256K)->24042K(24256K) Class: 4869K(5120K)->4869K(5120K)
[3736.781s][info][gc             ] GC(898) Pause Young (Concurrent Start) (G1 Evacuation Pause) 3562M->1395M(4096M) 122.129ms
[3736.781s][info][gc             ] GC(899) Concurrent Mark Cycle
[3736.781s][info][gc,marking     ] GC(899) Concurrent Scan Root Regions
[3736.781s][info][gc,cpu         ] GC(898) User=0.73s Sys=0.00s Real=0.13s
[3736.922s][info][gc,marking     ] GC(899) Concurrent Scan Root Regions 141.456ms
[3736.922s][info][gc,marking     ] GC(899) Concurrent Mark
[3736.922s][info][gc,marking     ] GC(899) Concurrent Mark From Roots
[3736.922s][info][gc,task        ] GC(899) Using 2 workers of 2 for marking
.[3737.658s][info][gc,marking     ] GC(899) Concurrent Mark From Roots 735.546ms
[3737.658s][info][gc,marking     ] GC(899) Concurrent Preclean
[3737.658s][info][gc,marking     ] GC(899) Concurrent Preclean 0.090ms
[3737.658s][info][gc,start       ] GC(899) Pause Remark
[3737.662s][info][gc             ] GC(899) Pause Remark 2147M->2147M(4096M) 4.511ms
[3737.663s][info][gc,cpu         ] GC(899) User=0.02s Sys=0.00s Real=0.01s
[3737.663s][info][gc,marking     ] GC(899) Concurrent Mark 740.487ms
[3737.663s][info][gc,marking     ] GC(899) Concurrent Rebuild Remembered Sets and Scrub Regions
[3737.971s][info][gc,marking     ] GC(899) Concurrent Rebuild Remembered Sets and Scrub Regions 307.957ms
[3737.971s][info][gc,start       ] GC(899) Pause Cleanup
[3737.971s][info][gc             ] GC(899) Pause Cleanup 2379M->2379M(4096M) 0.116ms
[3737.971s][info][gc,cpu         ] GC(899) User=0.00s Sys=0.00s Real=0.00s
[3737.972s][info][gc,marking     ] GC(899) Concurrent Clear Claimed Marks
[3737.972s][info][gc,marking     ] GC(899) Concurrent Clear Claimed Marks 0.033ms
[3737.972s][info][gc,marking     ] GC(899) Concurrent Cleanup for Next Mark
[3737.975s][info][gc,marking     ] GC(899) Concurrent Cleanup for Next Mark 3.565ms
[3737.975s][info][gc             ] GC(899) Concurrent Mark Cycle 1194.511ms
..[3739.511s][info][gc,start       ] GC(900) Pause Young (Prepare Mixed) (G1 Evacuation Pause)
[3739.511s][info][gc,task        ] GC(900) Using 6 workers of 6 for evacuation
[3739.632s][info][gc,phases      ] GC(900)   Pre Evacuate Collection Set: 0.31ms
[3739.632s][info][gc,phases      ] GC(900)   Merge Heap Roots: 0.53ms
[3739.632s][info][gc,phases      ] GC(900)   Evacuate Collection Set: 119.94ms
[3739.632s][info][gc,phases      ] GC(900)   Post Evacuate Collection Set: 0.92ms
[3739.632s][info][gc,phases      ] GC(900)   Other: 0.08ms
[3739.633s][info][gc,heap        ] GC(900) Eden regions: 1116->0(1102)
[3739.633s][info][gc,heap        ] GC(900) Survivor regions: 112->112(154)
[3739.633s][info][gc,heap        ] GC(900) Old regions: 506->539
[3739.633s][info][gc,heap        ] GC(900) Humongous regions: 80->80
[3739.633s][info][gc,metaspace   ] GC(900) Metaspace: 28912K(29376K)->28912K(29376K) NonClass: 24042K(24256K)->24042K(24256K) Class: 4869K(5120K)->4869K(5120K)
[3739.633s][info][gc             ] GC(900) Pause Young (Prepare Mixed) (G1 Evacuation Pause) 3627M->1459M(4096M) 121.910ms
[3739.633s][info][gc,cpu         ] GC(900) User=0.73s Sys=0.00s Real=0.12s
...[3742.295s][info][gc,start       ] GC(901) Pause Young (Mixed) (G1 Evacuation Pause)
[3742.295s][info][gc,task        ] GC(901) Using 6 workers of 6 for evacuation
[3742.427s][info][gc,phases      ] GC(901)   Pre Evacuate Collection Set: 0.32ms
[3742.427s][info][gc,phases      ] GC(901)   Merge Heap Roots: 0.78ms
[3742.427s][info][gc,phases      ] GC(901)   Evacuate Collection Set: 130.59ms
[3742.427s][info][gc,phases      ] GC(901)   Post Evacuate Collection Set: 0.90ms
[3742.427s][info][gc,phases      ] GC(901)   Other: 0.08ms
[3742.427s][info][gc,heap        ] GC(901) Eden regions: 1102->0(1119)
[3742.427s][info][gc,heap        ] GC(901) Survivor regions: 112->109(152)
[3742.427s][info][gc,heap        ] GC(901) Old regions: 539->475
[3742.427s][info][gc,heap        ] GC(901) Humongous regions: 80->80
[3742.427s][info][gc,metaspace   ] GC(901) Metaspace: 28912K(29376K)->28912K(29376K) NonClass: 24042K(24256K)->24042K(24256K) Class: 4869K(5120K)->4869K(5120K)
[3742.427s][info][gc             ] GC(901) Pause Young (Mixed) (G1 Evacuation Pause) 3663M->1326M(4096M) 132.793ms
[3742.428s][info][gc,cpu         ] GC(901) User=0.79s Sys=0.00s Real=0.13s
..[3745.173s][info][gc,start       ] GC(902) Pause Young (Concurrent Start) (G1 Evacuation Pause)
[3745.173s][info][gc,task        ] GC(902) Using 6 workers of 6 for evacuation
[3745.290s][info][gc,phases      ] GC(902)   Pre Evacuate Collection Set: 0.35ms
[3745.290s][info][gc,phases      ] GC(902)   Merge Heap Roots: 0.56ms
[3745.290s][info][gc,phases      ] GC(902)   Evacuate Collection Set: 115.28ms
[3745.290s][info][gc,phases      ] GC(902)   Post Evacuate Collection Set: 0.90ms
[3745.290s][info][gc,phases      ] GC(902)   Other: 0.11ms
[3745.290s][info][gc,heap        ] GC(902) Eden regions: 1119->0(1120)
[3745.290s][info][gc,heap        ] GC(902) Survivor regions: 109->108(154)
[3745.290s][info][gc,heap        ] GC(902) Old regions: 475->508
[3745.290s][info][gc,heap        ] GC(902) Humongous regions: 80->80
[3745.290s][info][gc,metaspace   ] GC(902) Metaspace: 28912K(29376K)->28912K(29376K) NonClass: 24042K(24256K)->24042K(24256K) Class: 4869K(5120K)->4869K(5120K)
[3745.290s][info][gc             ] GC(902) Pause Young (Concurrent Start) (G1 Evacuation Pause) 3564M->1391M(4096M) 117.347ms
[3745.290s][info][gc             ] GC(903) Concurrent Mark Cycle
[3745.290s][info][gc,marking     ] GC(903) Concurrent Scan Root Regions
[3745.290s][info][gc,cpu         ] GC(902) User=0.69s Sys=0.01s Real=0.12s
.[3745.465s][info][gc,marking     ] GC(903) Concurrent Scan Root Regions 175.152ms
[3745.465s][info][gc,marking     ] GC(903) Concurrent Mark
[3745.465s][info][gc,marking     ] GC(903) Concurrent Mark From Roots
[3745.465s][info][gc,task        ] GC(903) Using 2 workers of 2 for marking
[3746.243s][info][gc,marking     ] GC(903) Concurrent Mark From Roots 777.304ms
[3746.243s][info][gc,marking     ] GC(903) Concurrent Preclean
[3746.243s][info][gc,marking     ] GC(903) Concurrent Preclean 0.067ms
[3746.243s][info][gc,start       ] GC(903) Pause Remark
[3746.249s][info][gc             ] GC(903) Pause Remark 2216M->2216M(4096M) 6.098ms
[3746.249s][info][gc,cpu         ] GC(903) User=0.04s Sys=0.00s Real=0.01s
[3746.249s][info][gc,marking     ] GC(903) Concurrent Mark 784.014ms
[3746.249s][info][gc,marking     ] GC(903) Concurrent Rebuild Remembered Sets and Scrub Regions
.[3746.501s][info][gc,marking     ] GC(903) Concurrent Rebuild Remembered Sets and Scrub Regions 251.690ms
[3746.501s][info][gc,start       ] GC(903) Pause Cleanup
[3746.501s][info][gc             ] GC(903) Pause Cleanup 2420M->2420M(4096M) 0.116ms
[3746.501s][info][gc,cpu         ] GC(903) User=0.00s Sys=0.00s Real=0.00s
[3746.502s][info][gc,marking     ] GC(903) Concurrent Clear Claimed Marks
[3746.502s][info][gc,marking     ] GC(903) Concurrent Clear Claimed Marks 0.043ms
[3746.502s][info][gc,marking     ] GC(903) Concurrent Cleanup for Next Mark
[3746.522s][info][gc,marking     ] GC(903) Concurrent Cleanup for Next Mark 19.555ms
[3746.522s][info][gc             ] GC(903) Concurrent Mark Cycle 1231.728ms
.[3748.005s][info][gc,start       ] GC(904) Pause Young (Prepare Mixed) (G1 Evacuation Pause)
[3748.005s][info][gc,task        ] GC(904) Using 6 workers of 6 for evacuation
[3748.124s][info][gc,phases      ] GC(904)   Pre Evacuate Collection Set: 0.31ms
[3748.124s][info][gc,phases      ] GC(904)   Merge Heap Roots: 0.55ms
[3748.124s][info][gc,phases      ] GC(904)   Evacuate Collection Set: 116.45ms
[3748.124s][info][gc,phases      ] GC(904)   Post Evacuate Collection Set: 0.94ms
[3748.124s][info][gc,phases      ] GC(904)   Other: 0.09ms
[3748.124s][info][gc,heap        ] GC(904) Eden regions: 1120->0(1106)
[3748.124s][info][gc,heap        ] GC(904) Survivor regions: 108->110(154)
[3748.124s][info][gc,heap        ] GC(904) Old regions: 508->539
[3748.124s][info][gc,heap        ] GC(904) Humongous regions: 80->80
[3748.124s][info][gc,metaspace   ] GC(904) Metaspace: 28912K(29376K)->28912K(29376K) NonClass: 24042K(24256K)->24042K(24256K) Class: 4869K(5120K)->4869K(5120K)
[3748.124s][info][gc             ] GC(904) Pause Young (Prepare Mixed) (G1 Evacuation Pause) 3631M->1457M(4096M) 118.481ms
[3748.124s][info][gc,cpu         ] GC(904) User=0.71s Sys=0.00s Real=0.12s
...[3750.803s][info][gc,start       ] GC(905) Pause Young (Mixed) (G1 Evacuation Pause)
[3750.803s][info][gc,task        ] GC(905) Using 6 workers of 6 for evacuation
[3750.935s][info][gc,phases      ] GC(905)   Pre Evacuate Collection Set: 0.35ms
[3750.935s][info][gc,phases      ] GC(905)   Merge Heap Roots: 0.65ms
[3750.935s][info][gc,phases      ] GC(905)   Evacuate Collection Set: 129.81ms
[3750.935s][info][gc,phases      ] GC(905)   Post Evacuate Collection Set: 0.94ms
[3750.935s][info][gc,phases      ] GC(905)   Other: 0.09ms
[3750.935s][info][gc,heap        ] GC(905) Eden regions: 1106->0(1118)
[3750.935s][info][gc,heap        ] GC(905) Survivor regions: 110->110(152)
[3750.935s][info][gc,heap        ] GC(905) Old regions: 539->473
[3750.935s][info][gc,heap        ] GC(905) Humongous regions: 80->80
[3750.935s][info][gc,metaspace   ] GC(905) Metaspace: 28912K(29376K)->28912K(29376K) NonClass: 24042K(24256K)->24042K(24256K) Class: 4869K(5120K)->4869K(5120K)
[3750.935s][info][gc             ] GC(905) Pause Young (Mixed) (G1 Evacuation Pause) 3669M->1325M(4096M) 131.980ms
[3750.935s][info][gc,cpu         ] GC(905) User=0.79s Sys=0.00s Real=0.13s
...[3753.670s][info][gc,start       ] GC(906) Pause Young (Concurrent Start) (G1 Evacuation Pause)
[3753.670s][info][gc,task        ] GC(906) Using 6 workers of 6 for evacuation
[3753.787s][info][gc,phases      ] GC(906)   Pre Evacuate Collection Set: 0.40ms
[3753.787s][info][gc,phases      ] GC(906)   Merge Heap Roots: 0.55ms
[3753.787s][info][gc,phases      ] GC(906)   Evacuate Collection Set: 115.69ms
[3753.787s][info][gc,phases      ] GC(906)   Post Evacuate Collection Set: 0.87ms
[3753.787s][info][gc,phases      ] GC(906)   Other: 0.11ms
[3753.787s][info][gc,heap        ] GC(906) Eden regions: 1118->0(1118)
[3753.787s][info][gc,heap        ] GC(906) Survivor regions: 110->110(154)
[3753.787s][info][gc,heap        ] GC(906) Old regions: 473->505
[3753.787s][info][gc,heap        ] GC(906) Humongous regions: 80->80
[3753.787s][info][gc,metaspace   ] GC(906) Metaspace: 28912K(29376K)->28912K(29376K) NonClass: 24042K(24256K)->24042K(24256K) Class: 4869K(5120K)->4869K(5120K)
[3753.787s][info][gc             ] GC(906) Pause Young (Concurrent Start) (G1 Evacuation Pause) 3561M->1387M(4096M) 117.760ms
[3753.788s][info][gc             ] GC(907) Concurrent Mark Cycle
[3753.788s][info][gc,marking     ] GC(907) Concurrent Scan Root Regions
[3753.788s][info][gc,cpu         ] GC(906) User=0.70s Sys=0.00s Real=0.11s
[3753.934s][info][gc,marking     ] GC(907) Concurrent Scan Root Regions 146.615ms
[3753.934s][info][gc,marking     ] GC(907) Concurrent Mark
[3753.934s][info][gc,marking     ] GC(907) Concurrent Mark From Roots
[3753.934s][info][gc,task        ] GC(907) Using 2 workers of 2 for marking
.[3754.628s][info][gc,marking     ] GC(907) Concurrent Mark From Roots 693.491ms
[3754.628s][info][gc,marking     ] GC(907) Concurrent Preclean
[3754.628s][info][gc,marking     ] GC(907) Concurrent Preclean 0.066ms
[3754.630s][info][gc,start       ] GC(907) Pause Remark
[3754.635s][info][gc             ] GC(907) Pause Remark 2067M->2067M(4096M) 5.117ms
[3754.635s][info][gc,cpu         ] GC(907) User=0.03s Sys=0.00s Real=0.00s
[3754.636s][info][gc,marking     ] GC(907) Concurrent Mark 701.360ms
[3754.636s][info][gc,marking     ] GC(907) Concurrent Rebuild Remembered Sets and Scrub Regions
[3755.005s][info][gc,marking     ] GC(907) Concurrent Rebuild Remembered Sets and Scrub Regions 369.050ms
[3755.005s][info][gc,start       ] GC(907) Pause Cleanup
[3755.005s][info][gc             ] GC(907) Pause Cleanup 2419M->2419M(4096M) 0.107ms
[3755.005s][info][gc,cpu         ] GC(907) User=0.00s Sys=0.00s Real=0.00s
[3755.005s][info][gc,marking     ] GC(907) Concurrent Clear Claimed Marks
[3755.005s][info][gc,marking     ] GC(907) Concurrent Clear Claimed Marks 0.023ms
[3755.005s][info][gc,marking     ] GC(907) Concurrent Cleanup for Next Mark
[3755.009s][info][gc,marking     ] GC(907) Concurrent Cleanup for Next Mark 3.752ms
[3755.009s][info][gc             ] GC(907) Concurrent Mark Cycle 1221.254ms
.[3756.506s][info][gc,start       ] GC(908) Pause Young (Prepare Mixed) (G1 Evacuation Pause)
[3756.506s][info][gc,task        ] GC(908) Using 6 workers of 6 for evacuation
[3756.626s][info][gc,phases      ] GC(908)   Pre Evacuate Collection Set: 0.31ms
[3756.626s][info][gc,phases      ] GC(908)   Merge Heap Roots: 0.61ms
[3756.626s][info][gc,phases      ] GC(908)   Evacuate Collection Set: 117.91ms
[3756.626s][info][gc,phases      ] GC(908)   Post Evacuate Collection Set: 0.95ms
[3756.626s][info][gc,phases      ] GC(908)   Other: 0.08ms
[3756.626s][info][gc,heap        ] GC(908) Eden regions: 1118->0(1106)
[3756.626s][info][gc,heap        ] GC(908) Survivor regions: 110->111(154)
[3756.626s][info][gc,heap        ] GC(908) Old regions: 505->537
[3756.626s][info][gc,heap        ] GC(908) Humongous regions: 80->80
[3756.626s][info][gc,metaspace   ] GC(908) Metaspace: 28912K(29376K)->28912K(29376K) NonClass: 24042K(24256K)->24042K(24256K) Class: 4869K(5120K)->4869K(5120K)
[3756.626s][info][gc             ] GC(908) Pause Young (Prepare Mixed) (G1 Evacuation Pause) 3623M->1454M(4096M) 120.039ms
[3756.626s][info][gc,cpu         ] GC(908) User=0.71s Sys=0.00s Real=0.12s
...[3759.366s][info][gc,start       ] GC(909) Pause Young (Mixed) (G1 Evacuation Pause)
[3759.366s][info][gc,task        ] GC(909) Using 6 workers of 6 for evacuation
[3759.502s][info][gc,phases      ] GC(909)   Pre Evacuate Collection Set: 0.38ms
[3759.502s][info][gc,phases      ] GC(909)   Merge Heap Roots: 0.77ms
[3759.502s][info][gc,phases      ] GC(909)   Evacuate Collection Set: 133.88ms
[3759.502s][info][gc,phases      ] GC(909)   Post Evacuate Collection Set: 0.92ms
[3759.502s][info][gc,phases      ] GC(909)   Other: 0.09ms
[3759.502s][info][gc,heap        ] GC(909) Eden regions: 1106->0(1118)
[3759.502s][info][gc,heap        ] GC(909) Survivor regions: 111->110(153)
[3759.502s][info][gc,heap        ] GC(909) Old regions: 537->473
[3759.502s][info][gc,heap        ] GC(909) Humongous regions: 80->80
[3759.502s][info][gc,metaspace   ] GC(909) Metaspace: 28912K(29376K)->28912K(29376K) NonClass: 24042K(24256K)->24042K(24256K) Class: 4869K(5120K)->4869K(5120K)
[3759.502s][info][gc             ] GC(909) Pause Young (Mixed) (G1 Evacuation Pause) 3666M->1324M(4096M) 136.187ms
[3759.502s][info][gc,cpu         ] GC(909) User=0.81s Sys=0.00s Real=0.14s
...[3762.175s][info][gc,start       ] GC(910) Pause Young (Concurrent Start) (G1 Evacuation Pause)
[3762.175s][info][gc,task        ] GC(910) Using 6 workers of 6 for evacuation
[3762.294s][info][gc,phases      ] GC(910)   Pre Evacuate Collection Set: 0.34ms
[3762.294s][info][gc,phases      ] GC(910)   Merge Heap Roots: 0.57ms
[3762.294s][info][gc,phases      ] GC(910)   Evacuate Collection Set: 116.48ms
[3762.294s][info][gc,phases      ] GC(910)   Post Evacuate Collection Set: 0.88ms
[3762.294s][info][gc,phases      ] GC(910)   Other: 0.10ms
[3762.294s][info][gc,heap        ] GC(910) Eden regions: 1118->0(1119)
[3762.294s][info][gc,heap        ] GC(910) Survivor regions: 110->109(154)
[3762.294s][info][gc,heap        ] GC(910) Old regions: 473->505
[3762.294s][info][gc,heap        ] GC(910) Humongous regions: 80->80
[3762.294s][info][gc,metaspace   ] GC(910) Metaspace: 28912K(29376K)->28912K(29376K) NonClass: 24042K(24256K)->24042K(24256K) Class: 4869K(5120K)->4869K(5120K)
[3762.294s][info][gc             ] GC(910) Pause Young (Concurrent Start) (G1 Evacuation Pause) 3560M->1386M(4096M) 118.514ms
[3762.294s][info][gc             ] GC(911) Concurrent Mark Cycle
[3762.294s][info][gc,marking     ] GC(911) Concurrent Scan Root Regions
[3762.294s][info][gc,cpu         ] GC(910) User=0.70s Sys=0.00s Real=0.12s
[3762.472s][info][gc,marking     ] GC(911) Concurrent Scan Root Regions 177.695ms
[3762.472s][info][gc,marking     ] GC(911) Concurrent Mark
[3762.472s][info][gc,marking     ] GC(911) Concurrent Mark From Roots
[3762.472s][info][gc,task        ] GC(911) Using 2 workers of 2 for marking
.[3763.432s][info][gc,marking     ] GC(911) Concurrent Mark From Roots 960.686ms
[3763.432s][info][gc,marking     ] GC(911) Concurrent Preclean
[3763.432s][info][gc,marking     ] GC(911) Concurrent Preclean 0.083ms
[3763.434s][info][gc,start       ] GC(911) Pause Remark
[3763.439s][info][gc             ] GC(911) Pause Remark 2320M->2320M(4096M) 4.989ms
[3763.439s][info][gc,cpu         ] GC(911) User=0.03s Sys=0.00s Real=0.01s
[3763.440s][info][gc,marking     ] GC(911) Concurrent Mark 967.906ms
[3763.440s][info][gc,marking     ] GC(911) Concurrent Rebuild Remembered Sets and Scrub Regions
.[3763.847s][info][gc,marking     ] GC(911) Concurrent Rebuild Remembered Sets and Scrub Regions 407.150ms
[3763.847s][info][gc,start       ] GC(911) Pause Cleanup
[3763.848s][info][gc             ] GC(911) Pause Cleanup 2642M->2642M(4096M) 0.119ms
[3763.848s][info][gc,cpu         ] GC(911) User=0.00s Sys=0.00s Real=0.00s
[3763.848s][info][gc,marking     ] GC(911) Concurrent Clear Claimed Marks
[3763.848s][info][gc,marking     ] GC(911) Concurrent Clear Claimed Marks 0.034ms
[3763.848s][info][gc,marking     ] GC(911) Concurrent Cleanup for Next Mark
[3763.852s][info][gc,marking     ] GC(911) Concurrent Cleanup for Next Mark 3.871ms
[3763.852s][info][gc             ] GC(911) Concurrent Mark Cycle 1557.821ms
.[3765.045s][info][gc,start       ] GC(912) Pause Young (Prepare Mixed) (G1 Evacuation Pause)
[3765.045s][info][gc,task        ] GC(912) Using 6 workers of 6 for evacuation
[3765.160s][info][gc,phases      ] GC(912)   Pre Evacuate Collection Set: 0.33ms
[3765.160s][info][gc,phases      ] GC(912)   Merge Heap Roots: 0.52ms
[3765.160s][info][gc,phases      ] GC(912)   Evacuate Collection Set: 113.47ms
[3765.160s][info][gc,phases      ] GC(912)   Post Evacuate Collection Set: 0.90ms
[3765.160s][info][gc,phases      ] GC(912)   Other: 0.09ms
[3765.160s][info][gc,heap        ] GC(912) Eden regions: 1119->0(1113)
[3765.160s][info][gc,heap        ] GC(912) Survivor regions: 109->108(154)
[3765.160s][info][gc,heap        ] GC(912) Old regions: 505->536
[3765.160s][info][gc,heap        ] GC(912) Humongous regions: 80->80
[3765.160s][info][gc,metaspace   ] GC(912) Metaspace: 28912K(29376K)->28912K(29376K) NonClass: 24042K(24256K)->24042K(24256K) Class: 4869K(5120K)->4869K(5120K)
[3765.160s][info][gc             ] GC(912) Pause Young (Prepare Mixed) (G1 Evacuation Pause) 3624M->1446M(4096M) 115.440ms
[3765.160s][info][gc,cpu         ] GC(912) User=0.69s Sys=0.00s Real=0.12s
...[3767.919s][info][gc,start       ] GC(913) Pause Young (Mixed) (G1 Evacuation Pause)
[3767.919s][info][gc,task        ] GC(913) Using 6 workers of 6 for evacuation
[3768.052s][info][gc,phases      ] GC(913)   Pre Evacuate Collection Set: 0.41ms
[3768.052s][info][gc,phases      ] GC(913)   Merge Heap Roots: 0.79ms
[3768.052s][info][gc,phases      ] GC(913)   Evacuate Collection Set: 131.01ms
[3768.052s][info][gc,phases      ] GC(913)   Post Evacuate Collection Set: 0.94ms
[3768.052s][info][gc,phases      ] GC(913)   Other: 0.09ms
[3768.052s][info][gc,heap        ] GC(913) Eden regions: 1113->0(1119)
[3768.052s][info][gc,heap        ] GC(913) Survivor regions: 108->109(153)
[3768.052s][info][gc,heap        ] GC(913) Old regions: 536->472
[3768.052s][info][gc,heap        ] GC(913) Humongous regions: 80->80
[3768.052s][info][gc,metaspace   ] GC(913) Metaspace: 28912K(29376K)->28912K(29376K) NonClass: 24042K(24256K)->24042K(24256K) Class: 4869K(5120K)->4869K(5120K)
[3768.052s][info][gc             ] GC(913) Pause Young (Mixed) (G1 Evacuation Pause) 3672M->1319M(4096M) 133.363ms
[3768.052s][info][gc,cpu         ] GC(913) User=0.79s Sys=0.00s Real=0.14s
...[3770.725s][info][gc,start       ] GC(914) Pause Young (Concurrent Start) (G1 Evacuation Pause)
[3770.725s][info][gc,task        ] GC(914) Using 6 workers of 6 for evacuation
[3770.850s][info][gc,phases      ] GC(914)   Pre Evacuate Collection Set: 0.36ms
[3770.850s][info][gc,phases      ] GC(914)   Merge Heap Roots: 0.49ms
[3770.850s][info][gc,phases      ] GC(914)   Evacuate Collection Set: 122.20ms
[3770.850s][info][gc,phases      ] GC(914)   Post Evacuate Collection Set: 0.88ms
[3770.850s][info][gc,phases      ] GC(914)   Other: 0.11ms
[3770.850s][info][gc,heap        ] GC(914) Eden regions: 1119->0(1114)
[3770.850s][info][gc,heap        ] GC(914) Survivor regions: 109->114(154)
[3770.850s][info][gc,heap        ] GC(914) Old regions: 472->503
[3770.850s][info][gc,heap        ] GC(914) Humongous regions: 80->80
[3770.850s][info][gc,metaspace   ] GC(914) Metaspace: 28912K(29376K)->28912K(29376K) NonClass: 24042K(24256K)->24042K(24256K) Class: 4869K(5120K)->4869K(5120K)
[3770.850s][info][gc             ] GC(914) Pause Young (Concurrent Start) (G1 Evacuation Pause) 3557M->1393M(4096M) 124.171ms
[3770.850s][info][gc             ] GC(915) Concurrent Mark Cycle
[3770.850s][info][gc,marking     ] GC(915) Concurrent Scan Root Regions
[3770.850s][info][gc,cpu         ] GC(914) User=0.74s Sys=0.00s Real=0.13s
[3771.034s][info][gc,marking     ] GC(915) Concurrent Scan Root Regions 184.166ms
[3771.034s][info][gc,marking     ] GC(915) Concurrent Mark
[3771.034s][info][gc,marking     ] GC(915) Concurrent Mark From Roots
[3771.034s][info][gc,task        ] GC(915) Using 2 workers of 2 for marking
. (rIR:aIR:PR = 6642:6634:6635) (tPR = 97914) [OK] 
  3771s: Performance info:
         Transaction,    Success,    Partial,     Failed,   Receipts, AvgBarcode, 
             Overall,     403567,          0,          0,     383397,      59.48, 
         Response times:
             Request,    Success,    Partial,     Failed,   SkipFail,     Probes,    Samples,      min,      p50,      p90,      p95,      p99,      max, 
       TotalPurchase,     383684,          0,          0,          0,     359944,     395369,      300,     5900,    45000,    77000,   135000,   361000,
     InStorePurchase,     202091,          0,          0,          0,     189275,     207621,      300,     5700,    45000,    76000,   133000,   361000,
      OnlinePurchase,     141179,          0,          0,          0,     132755,     145901,      300,     6200,    47000,    78000,   140000,   326000,
        InstPurchase,      40414,          0,          0,          0,      37914,      41847,      300,     5600,    44000,    76000,   129000,   263000,
          AssocOfCat,        409,          0,          0,          0,        318,        412,    26000,    41000,   104700,   170450,   237660,   326000,
      AssocOfProduct,       4028,          0,          0,          0,       3690,       4264,     1000,     5700,    44500,    73000,   137350,   224000,
      BusinessReport,       1014,          0,          0,          0,        874,       1047,    28000,    46000,   114000,   157600,   229280,   299000,
          CustBuyBeh,       4041,          0,          0,          0,       3738,       4219,      300,     4200,    39000,    66000,   129600,   245000,
       ProductReturn,      10694,          0,          0,          0,      10229,      11524,      200,     5300,    39000,    72000,   130000,   221000,

  3771s: (49%)   IR =   6780 [3772.002s][info][gc,marking     ] GC(915) Concurrent Mark From Roots 968.245ms
[3772.002s][info][gc,marking     ] GC(915) Concurrent Preclean
[3772.002s][info][gc,marking     ] GC(915) Concurrent Preclean 0.079ms
[3772.004s][info][gc,start       ] GC(915) Pause Remark
[3772.010s][info][gc             ] GC(915) Pause Remark 2383M->2383M(4096M) 5.569ms
[3772.010s][info][gc,cpu         ] GC(915) User=0.03s Sys=0.00s Real=0.01s
[3772.010s][info][gc,marking     ] GC(915) Concurrent Mark 976.166ms
[3772.010s][info][gc,marking     ] GC(915) Concurrent Rebuild Remembered Sets and Scrub Regions
[3772.353s][info][gc,marking     ] GC(915) Concurrent Rebuild Remembered Sets and Scrub Regions 343.428ms
[3772.354s][info][gc,start       ] GC(915) Pause Cleanup
[3772.354s][info][gc             ] GC(915) Pause Cleanup 2727M->2727M(4096M) 0.119ms
[3772.354s][info][gc,cpu         ] GC(915) User=0.00s Sys=0.00s Real=0.00s
[3772.354s][info][gc,marking     ] GC(915) Concurrent Clear Claimed Marks
[3772.354s][info][gc,marking     ] GC(915) Concurrent Clear Claimed Marks 0.027ms
[3772.354s][info][gc,marking     ] GC(915) Concurrent Cleanup for Next Mark
[3772.357s][info][gc,marking     ] GC(915) Concurrent Cleanup for Next Mark 3.566ms
[3772.357s][info][gc             ] GC(915) Concurrent Mark Cycle 1507.811ms
.[3773.393s][info][gc,start       ] GC(916) Pause Young (Prepare Mixed) (G1 Evacuation Pause)
[3773.393s][info][gc,task        ] GC(916) Using 6 workers of 6 for evacuation
[3773.514s][info][gc,phases      ] GC(916)   Pre Evacuate Collection Set: 0.31ms
[3773.514s][info][gc,phases      ] GC(916)   Merge Heap Roots: 0.61ms
[3773.514s][info][gc,phases      ] GC(916)   Evacuate Collection Set: 118.40ms
[3773.514s][info][gc,phases      ] GC(916)   Post Evacuate Collection Set: 0.94ms
[3773.514s][info][gc,phases      ] GC(916)   Other: 0.08ms
[3773.514s][info][gc,heap        ] GC(916) Eden regions: 1114->0(1105)
[3773.514s][info][gc,heap        ] GC(916) Survivor regions: 114->112(154)
[3773.514s][info][gc,heap        ] GC(916) Old regions: 503->536
[3773.514s][info][gc,heap        ] GC(916) Humongous regions: 80->80
[3773.514s][info][gc,metaspace   ] GC(916) Metaspace: 28912K(29376K)->28912K(29376K) NonClass: 24042K(24256K)->24042K(24256K) Class: 4869K(5120K)->4869K(5120K)
[3773.514s][info][gc             ] GC(916) Pause Young (Prepare Mixed) (G1 Evacuation Pause) 3621M->1454M(4096M) 120.482ms
[3773.514s][info][gc,cpu         ] GC(916) User=0.72s Sys=0.00s Real=0.12s
...[3776.177s][info][gc,start       ] GC(917) Pause Young (Mixed) (G1 Evacuation Pause)
[3776.177s][info][gc,task        ] GC(917) Using 6 workers of 6 for evacuation
[3776.314s][info][gc,phases      ] GC(917)   Pre Evacuate Collection Set: 0.38ms
[3776.314s][info][gc,phases      ] GC(917)   Merge Heap Roots: 0.75ms
[3776.314s][info][gc,phases      ] GC(917)   Evacuate Collection Set: 134.65ms
[3776.314s][info][gc,phases      ] GC(917)   Post Evacuate Collection Set: 0.97ms
[3776.314s][info][gc,phases      ] GC(917)   Other: 0.09ms
[3776.314s][info][gc,heap        ] GC(917) Eden regions: 1105->0(1114)
[3776.314s][info][gc,heap        ] GC(917) Survivor regions: 112->114(153)
[3776.314s][info][gc,heap        ] GC(917) Old regions: 536->472
[3776.314s][info][gc,heap        ] GC(917) Humongous regions: 80->80
[3776.314s][info][gc,metaspace   ] GC(917) Metaspace: 28912K(29376K)->28912K(29376K) NonClass: 24042K(24256K)->24042K(24256K) Class: 4869K(5120K)->4869K(5120K)
[3776.314s][info][gc             ] GC(917) Pause Young (Mixed) (G1 Evacuation Pause) 3664M->1329M(4096M) 136.967ms
[3776.314s][info][gc,cpu         ] GC(917) User=0.82s Sys=0.00s Real=0.14s
.|..[3778.953s][info][gc,start       ] GC(918) Pause Young (Concurrent Start) (G1 Evacuation Pause)
[3778.953s][info][gc,task        ] GC(918) Using 6 workers of 6 for evacuation
[3779.070s][info][gc,phases      ] GC(918)   Pre Evacuate Collection Set: 0.39ms
[3779.070s][info][gc,phases      ] GC(918)   Merge Heap Roots: 0.55ms
[3779.070s][info][gc,phases      ] GC(918)   Evacuate Collection Set: 114.72ms
[3779.070s][info][gc,phases      ] GC(918)   Post Evacuate Collection Set: 0.88ms
[3779.070s][info][gc,phases      ] GC(918)   Other: 0.12ms
[3779.070s][info][gc,heap        ] GC(918) Eden regions: 1114->0(1121)
[3779.070s][info][gc,heap        ] GC(918) Survivor regions: 114->107(154)
[3779.070s][info][gc,heap        ] GC(918) Old regions: 472->504
[3779.070s][info][gc,heap        ] GC(918) Humongous regions: 80->80
[3779.070s][info][gc,metaspace   ] GC(918) Metaspace: 28912K(29376K)->28912K(29376K) NonClass: 24042K(24256K)->24042K(24256K) Class: 4869K(5120K)->4869K(5120K)
[3779.070s][info][gc             ] GC(918) Pause Young (Concurrent Start) (G1 Evacuation Pause) 3557M->1381M(4096M) 116.783ms
[3779.070s][info][gc             ] GC(919) Concurrent Mark Cycle
[3779.070s][info][gc,marking     ] GC(919) Concurrent Scan Root Regions
[3779.070s][info][gc,cpu         ] GC(918) User=0.70s Sys=0.00s Real=0.12s
[3779.248s][info][gc,marking     ] GC(919) Concurrent Scan Root Regions 177.629ms
[3779.248s][info][gc,marking     ] GC(919) Concurrent Mark
[3779.248s][info][gc,marking     ] GC(919) Concurrent Mark From Roots
[3779.248s][info][gc,task        ] GC(919) Using 2 workers of 2 for marking
.[3780.204s][info][gc,marking     ] GC(919) Concurrent Mark From Roots 956.098ms
[3780.204s][info][gc,marking     ] GC(919) Concurrent Preclean
[3780.204s][info][gc,marking     ] GC(919) Concurrent Preclean 0.079ms
[3780.204s][info][gc,start       ] GC(919) Pause Remark
[3780.209s][info][gc             ] GC(919) Pause Remark 2407M->2407M(4096M) 5.489ms
[3780.209s][info][gc,cpu         ] GC(919) User=0.03s Sys=0.00s Real=0.01s
[3780.210s][info][gc,marking     ] GC(919) Concurrent Mark 961.907ms
[3780.210s][info][gc,marking     ] GC(919) Concurrent Rebuild Remembered Sets and Scrub Regions
[3780.568s][info][gc,marking     ] GC(919) Concurrent Rebuild Remembered Sets and Scrub Regions 358.363ms
[3780.568s][info][gc,start       ] GC(919) Pause Cleanup
[3780.568s][info][gc             ] GC(919) Pause Cleanup 2664M->2664M(4096M) 0.111ms
[3780.568s][info][gc,cpu         ] GC(919) User=0.00s Sys=0.00s Real=0.00s
[3780.568s][info][gc,marking     ] GC(919) Concurrent Clear Claimed Marks
[3780.568s][info][gc,marking     ] GC(919) Concurrent Clear Claimed Marks 0.031ms
[3780.568s][info][gc,marking     ] GC(919) Concurrent Cleanup for Next Mark
[3780.572s][info][gc,marking     ] GC(919) Concurrent Cleanup for Next Mark 3.783ms
[3780.572s][info][gc             ] GC(919) Concurrent Mark Cycle 1502.170ms
.[3781.704s][info][gc,start       ] GC(920) Pause Young (Prepare Mixed) (G1 Evacuation Pause)
[3781.704s][info][gc,task        ] GC(920) Using 6 workers of 6 for evacuation
[3781.824s][info][gc,phases      ] GC(920)   Pre Evacuate Collection Set: 0.35ms
[3781.824s][info][gc,phases      ] GC(920)   Merge Heap Roots: 0.58ms
[3781.824s][info][gc,phases      ] GC(920)   Evacuate Collection Set: 118.46ms
[3781.824s][info][gc,phases      ] GC(920)   Post Evacuate Collection Set: 0.92ms
[3781.824s][info][gc,phases      ] GC(920)   Other: 0.09ms
[3781.824s][info][gc,heap        ] GC(920) Eden regions: 1121->0(1104)
[3781.824s][info][gc,heap        ] GC(920) Survivor regions: 107->112(154)
[3781.824s][info][gc,heap        ] GC(920) Old regions: 504->537
[3781.824s][info][gc,heap        ] GC(920) Humongous regions: 80->80
[3781.824s][info][gc,metaspace   ] GC(920) Metaspace: 28912K(29376K)->28912K(29376K) NonClass: 24042K(24256K)->24042K(24256K) Class: 4869K(5120K)->4869K(5120K)
[3781.824s][info][gc             ] GC(920) Pause Young (Prepare Mixed) (G1 Evacuation Pause) 3623M->1455M(4096M) 120.549ms
[3781.824s][info][gc,cpu         ] GC(920) User=0.72s Sys=0.00s Real=0.12s
...[3784.450s][info][gc,start       ] GC(921) Pause Young (Mixed) (G1 Evacuation Pause)
[3784.450s][info][gc,task        ] GC(921) Using 6 workers of 6 for evacuation
[3784.586s][info][gc,phases      ] GC(921)   Pre Evacuate Collection Set: 0.34ms
[3784.586s][info][gc,phases      ] GC(921)   Merge Heap Roots: 0.79ms
[3784.586s][info][gc,phases      ] GC(921)   Evacuate Collection Set: 132.96ms
[3784.586s][info][gc,phases      ] GC(921)   Post Evacuate Collection Set: 0.92ms
[3784.586s][info][gc,phases      ] GC(921)   Other: 0.08ms
[3784.586s][info][gc,heap        ] GC(921) Eden regions: 1104->0(1117)
[3784.586s][info][gc,heap        ] GC(921) Survivor regions: 112->111(152)
[3784.586s][info][gc,heap        ] GC(921) Old regions: 537->475
[3784.586s][info][gc,heap        ] GC(921) Humongous regions: 80->80
[3784.586s][info][gc,metaspace   ] GC(921) Metaspace: 28912K(29376K)->28912K(29376K) NonClass: 24042K(24256K)->24042K(24256K) Class: 4869K(5120K)->4869K(5120K)
[3784.586s][info][gc             ] GC(921) Pause Young (Mixed) (G1 Evacuation Pause) 3663M->1329M(4096M) 135.217ms
[3784.586s][info][gc,cpu         ] GC(921) User=0.80s Sys=0.00s Real=0.13s
...[3787.289s][info][gc,start       ] GC(922) Pause Young (Concurrent Start) (G1 Evacuation Pause)
[3787.289s][info][gc,task        ] GC(922) Using 6 workers of 6 for evacuation
[3787.409s][info][gc,phases      ] GC(922)   Pre Evacuate Collection Set: 0.38ms
[3787.409s][info][gc,phases      ] GC(922)   Merge Heap Roots: 0.53ms
[3787.409s][info][gc,phases      ] GC(922)   Evacuate Collection Set: 117.93ms
[3787.409s][info][gc,phases      ] GC(922)   Post Evacuate Collection Set: 0.86ms
[3787.409s][info][gc,phases      ] GC(922)   Other: 0.12ms
[3787.409s][info][gc,heap        ] GC(922) Eden regions: 1117->0(1117)
[3787.409s][info][gc,heap        ] GC(922) Survivor regions: 111->111(154)
[3787.409s][info][gc,heap        ] GC(922) Old regions: 475->507
[3787.409s][info][gc,heap        ] GC(922) Humongous regions: 80->80
[3787.409s][info][gc,metaspace   ] GC(922) Metaspace: 28912K(29376K)->28912K(29376K) NonClass: 24042K(24256K)->24042K(24256K) Class: 4869K(5120K)->4869K(5120K)
[3787.409s][info][gc             ] GC(922) Pause Young (Concurrent Start) (G1 Evacuation Pause) 3563M->1393M(4096M) 119.968ms
[3787.409s][info][gc             ] GC(923) Concurrent Mark Cycle
[3787.409s][info][gc,marking     ] GC(923) Concurrent Scan Root Regions
[3787.409s][info][gc,cpu         ] GC(922) User=0.71s Sys=0.00s Real=0.12s
[3787.589s][info][gc,marking     ] GC(923) Concurrent Scan Root Regions 179.974ms
[3787.589s][info][gc,marking     ] GC(923) Concurrent Mark
[3787.589s][info][gc,marking     ] GC(923) Concurrent Mark From Roots
[3787.589s][info][gc,task        ] GC(923) Using 2 workers of 2 for marking
.[3788.480s][info][gc,marking     ] GC(923) Concurrent Mark From Roots 891.347ms
[3788.480s][info][gc,marking     ] GC(923) Concurrent Preclean
[3788.481s][info][gc,marking     ] GC(923) Concurrent Preclean 0.066ms
[3788.481s][info][gc,start       ] GC(923) Pause Remark
[3788.486s][info][gc             ] GC(923) Pause Remark 2304M->2304M(4096M) 5.180ms
[3788.486s][info][gc,cpu         ] GC(923) User=0.03s Sys=0.00s Real=0.00s
[3788.486s][info][gc,marking     ] GC(923) Concurrent Mark 896.815ms
[3788.486s][info][gc,marking     ] GC(923) Concurrent Rebuild Remembered Sets and Scrub Regions
[3788.838s][info][gc,marking     ] GC(923) Concurrent Rebuild Remembered Sets and Scrub Regions 352.540ms
[3788.839s][info][gc,start       ] GC(923) Pause Cleanup
[3788.839s][info][gc             ] GC(923) Pause Cleanup 2573M->2573M(4096M) 0.114ms
[3788.839s][info][gc,cpu         ] GC(923) User=0.00s Sys=0.00s Real=0.00s
[3788.839s][info][gc,marking     ] GC(923) Concurrent Clear Claimed Marks
[3788.839s][info][gc,marking     ] GC(923) Concurrent Clear Claimed Marks 0.036ms
[3788.839s][info][gc,marking     ] GC(923) Concurrent Cleanup for Next Mark
[3788.844s][info][gc,marking     ] GC(923) Concurrent Cleanup for Next Mark 4.550ms
[3788.844s][info][gc             ] GC(923) Concurrent Mark Cycle 1434.757ms
..[3790.134s][info][gc,start       ] GC(924) Pause Young (Prepare Mixed) (G1 Evacuation Pause)
[3790.134s][info][gc,task        ] GC(924) Using 6 workers of 6 for evacuation
[3790.250s][info][gc,phases      ] GC(924)   Pre Evacuate Collection Set: 0.31ms
[3790.251s][info][gc,phases      ] GC(924)   Merge Heap Roots: 0.55ms
[3790.251s][info][gc,phases      ] GC(924)   Evacuate Collection Set: 114.89ms
[3790.251s][info][gc,phases      ] GC(924)   Post Evacuate Collection Set: 0.91ms
[3790.251s][info][gc,phases      ] GC(924)   Other: 0.09ms
[3790.251s][info][gc,heap        ] GC(924) Eden regions: 1117->0(1107)
[3790.251s][info][gc,heap        ] GC(924) Survivor regions: 111->110(154)
[3790.251s][info][gc,heap        ] GC(924) Old regions: 507->538
[3790.251s][info][gc,heap        ] GC(924) Humongous regions: 80->80
[3790.251s][info][gc,metaspace   ] GC(924) Metaspace: 28912K(29376K)->28912K(29376K) NonClass: 24042K(24256K)->24042K(24256K) Class: 4869K(5120K)->4869K(5120K)
[3790.251s][info][gc             ] GC(924) Pause Young (Prepare Mixed) (G1 Evacuation Pause) 3627M->1454M(4096M) 116.879ms
[3790.251s][info][gc,cpu         ] GC(924) User=0.69s Sys=0.00s Real=0.12s
..[3792.781s][info][gc,start       ] GC(925) Pause Young (Mixed) (G1 Evacuation Pause)
[3792.781s][info][gc,task        ] GC(925) Using 6 workers of 6 for evacuation
[3792.919s][info][gc,phases      ] GC(925)   Pre Evacuate Collection Set: 0.35ms
[3792.919s][info][gc,phases      ] GC(925)   Merge Heap Roots: 0.86ms
[3792.919s][info][gc,phases      ] GC(925)   Evacuate Collection Set: 135.93ms
[3792.919s][info][gc,phases      ] GC(925)   Post Evacuate Collection Set: 0.93ms
[3792.919s][info][gc,phases      ] GC(925)   Other: 0.09ms
[3792.919s][info][gc,heap        ] GC(925) Eden regions: 1107->0(1116)
[3792.919s][info][gc,heap        ] GC(925) Survivor regions: 110->112(153)
[3792.919s][info][gc,heap        ] GC(925) Old regions: 538->476
[3792.919s][info][gc,heap        ] GC(925) Humongous regions: 80->80
[3792.919s][info][gc,metaspace   ] GC(925) Metaspace: 28912K(29376K)->28912K(29376K) NonClass: 24042K(24256K)->24042K(24256K) Class: 4869K(5120K)->4869K(5120K)
[3792.919s][info][gc             ] GC(925) Pause Young (Mixed) (G1 Evacuation Pause) 3668M->1333M(4096M) 138.315ms
[3792.919s][info][gc,cpu         ] GC(925) User=0.82s Sys=0.00s Real=0.14s
...[3795.533s][info][gc,start       ] GC(926) Pause Young (Concurrent Start) (G1 Evacuation Pause)
[3795.533s][info][gc,task        ] GC(926) Using 6 workers of 6 for evacuation
[3795.653s][info][gc,phases      ] GC(926)   Pre Evacuate Collection Set: 0.39ms
[3795.653s][info][gc,phases      ] GC(926)   Merge Heap Roots: 0.52ms
[3795.653s][info][gc,phases      ] GC(926)   Evacuate Collection Set: 117.96ms
[3795.653s][info][gc,phases      ] GC(926)   Post Evacuate Collection Set: 0.84ms
[3795.653s][info][gc,phases      ] GC(926)   Other: 0.11ms
[3795.653s][info][gc,heap        ] GC(926) Eden regions: 1116->0(1117)
[3795.653s][info][gc,heap        ] GC(926) Survivor regions: 112->111(154)
[3795.653s][info][gc,heap        ] GC(926) Old regions: 476->509
[3795.653s][info][gc,heap        ] GC(926) Humongous regions: 80->80
[3795.653s][info][gc,metaspace   ] GC(926) Metaspace: 28912K(29376K)->28912K(29376K) NonClass: 24042K(24256K)->24042K(24256K) Class: 4869K(5120K)->4869K(5120K)
[3795.653s][info][gc             ] GC(926) Pause Young (Concurrent Start) (G1 Evacuation Pause) 3565M->1397M(4096M) 119.944ms
[3795.653s][info][gc             ] GC(927) Concurrent Mark Cycle
[3795.653s][info][gc,marking     ] GC(927) Concurrent Scan Root Regions
[3795.653s][info][gc,cpu         ] GC(926) User=0.71s Sys=0.00s Real=0.12s
[3795.845s][info][gc,marking     ] GC(927) Concurrent Scan Root Regions 192.216ms
[3795.845s][info][gc,marking     ] GC(927) Concurrent Mark
[3795.845s][info][gc,marking     ] GC(927) Concurrent Mark From Roots
[3795.845s][info][gc,task        ] GC(927) Using 2 workers of 2 for marking
.[3796.797s][info][gc,marking     ] GC(927) Concurrent Mark From Roots 951.909ms
[3796.797s][info][gc,marking     ] GC(927) Concurrent Preclean
[3796.797s][info][gc,marking     ] GC(927) Concurrent Preclean 0.142ms
[3796.798s][info][gc,start       ] GC(927) Pause Remark
[3796.804s][info][gc             ] GC(927) Pause Remark 2387M->2387M(4096M) 6.703ms
[3796.804s][info][gc,cpu         ] GC(927) User=0.04s Sys=0.00s Real=0.01s
[3796.806s][info][gc,marking     ] GC(927) Concurrent Mark 960.798ms
[3796.806s][info][gc,marking     ] GC(927) Concurrent Rebuild Remembered Sets and Scrub Regions
.[3797.125s][info][gc,marking     ] GC(927) Concurrent Rebuild Remembered Sets and Scrub Regions 319.066ms
[3797.125s][info][gc,start       ] GC(927) Pause Cleanup
[3797.125s][info][gc             ] GC(927) Pause Cleanup 2646M->2646M(4096M) 0.098ms
[3797.126s][info][gc,cpu         ] GC(927) User=0.00s Sys=0.00s Real=0.00s
[3797.128s][info][gc,marking     ] GC(927) Concurrent Clear Claimed Marks
[3797.128s][info][gc,marking     ] GC(927) Concurrent Clear Claimed Marks 0.059ms
[3797.128s][info][gc,marking     ] GC(927) Concurrent Cleanup for Next Mark
[3797.135s][info][gc,marking     ] GC(927) Concurrent Cleanup for Next Mark 7.259ms
[3797.135s][info][gc             ] GC(927) Concurrent Mark Cycle 1482.058ms
.[3798.303s][info][gc,start       ] GC(928) Pause Young (Prepare Mixed) (G1 Evacuation Pause)
[3798.303s][info][gc,task        ] GC(928) Using 6 workers of 6 for evacuation
[3798.421s][info][gc,phases      ] GC(928)   Pre Evacuate Collection Set: 0.30ms
[3798.421s][info][gc,phases      ] GC(928)   Merge Heap Roots: 0.55ms
[3798.421s][info][gc,phases      ] GC(928)   Evacuate Collection Set: 115.81ms
[3798.421s][info][gc,phases      ] GC(928)   Post Evacuate Collection Set: 0.90ms
[3798.421s][info][gc,phases      ] GC(928)   Other: 0.10ms
[3798.421s][info][gc,heap        ] GC(928) Eden regions: 1117->0(1106)
[3798.421s][info][gc,heap        ] GC(928) Survivor regions: 111->110(154)
[3798.421s][info][gc,heap        ] GC(928) Old regions: 509->539
[3798.421s][info][gc,heap        ] GC(928) Humongous regions: 80->80
[3798.421s][info][gc,metaspace   ] GC(928) Metaspace: 28912K(29376K)->28912K(29376K) NonClass: 24042K(24256K)->24042K(24256K) Class: 4869K(5120K)->4869K(5120K)
[3798.421s][info][gc             ] GC(928) Pause Young (Prepare Mixed) (G1 Evacuation Pause) 3631M->1456M(4096M) 117.797ms
[3798.421s][info][gc,cpu         ] GC(928) User=0.70s Sys=0.00s Real=0.12s
...[3801.057s][info][gc,start       ] GC(929) Pause Young (Mixed) (G1 Evacuation Pause)
[3801.057s][info][gc,task        ] GC(929) Using 6 workers of 6 for evacuation
[3801.191s][info][gc,phases      ] GC(929)   Pre Evacuate Collection Set: 0.37ms
[3801.191s][info][gc,phases      ] GC(929)   Merge Heap Roots: 0.79ms
[3801.191s][info][gc,phases      ] GC(929)   Evacuate Collection Set: 131.75ms
[3801.191s][info][gc,phases      ] GC(929)   Post Evacuate Collection Set: 0.96ms
[3801.191s][info][gc,phases      ] GC(929)   Other: 0.09ms
[3801.191s][info][gc,heap        ] GC(929) Eden regions: 1106->0(1119)
[3801.191s][info][gc,heap        ] GC(929) Survivor regions: 110->109(152)
[3801.191s][info][gc,heap        ] GC(929) Old regions: 539->475
[3801.191s][info][gc,heap        ] GC(929) Humongous regions: 80->80
[3801.191s][info][gc,metaspace   ] GC(929) Metaspace: 28912K(29376K)->28912K(29376K) NonClass: 24042K(24256K)->24042K(24256K) Class: 4869K(5120K)->4869K(5120K)
[3801.191s][info][gc             ] GC(929) Pause Young (Mixed) (G1 Evacuation Pause) 3668M->1325M(4096M) 134.110ms
[3801.191s][info][gc,cpu         ] GC(929) User=0.79s Sys=0.00s Real=0.14s
..[3803.951s][info][gc,start       ] GC(930) Pause Young (Concurrent Start) (G1 Evacuation Pause)
[3803.951s][info][gc,task        ] GC(930) Using 6 workers of 6 for evacuation
[3804.071s][info][gc,phases      ] GC(930)   Pre Evacuate Collection Set: 0.39ms
[3804.071s][info][gc,phases      ] GC(930)   Merge Heap Roots: 0.52ms
[3804.071s][info][gc,phases      ] GC(930)   Evacuate Collection Set: 118.80ms
[3804.071s][info][gc,phases      ] GC(930)   Post Evacuate Collection Set: 0.87ms
[3804.071s][info][gc,phases      ] GC(930)   Other: 0.12ms
[3804.071s][info][gc,heap        ] GC(930) Eden regions: 1119->0(1115)
[3804.071s][info][gc,heap        ] GC(930) Survivor regions: 109->113(154)
[3804.071s][info][gc,heap        ] GC(930) Old regions: 475->506
[3804.071s][info][gc,heap        ] GC(930) Humongous regions: 80->80
[3804.071s][info][gc,metaspace   ] GC(930) Metaspace: 28912K(29376K)->28912K(29376K) NonClass: 24042K(24256K)->24042K(24256K) Class: 4869K(5120K)->4869K(5120K)
[3804.071s][info][gc             ] GC(930) Pause Young (Concurrent Start) (G1 Evacuation Pause) 3563M->1396M(4096M) 120.824ms
[3804.072s][info][gc             ] GC(931) Concurrent Mark Cycle
[3804.072s][info][gc,marking     ] GC(931) Concurrent Scan Root Regions
[3804.072s][info][gc,cpu         ] GC(930) User=0.72s Sys=0.00s Real=0.12s
.[3804.252s][info][gc,marking     ] GC(931) Concurrent Scan Root Regions 180.851ms
[3804.252s][info][gc,marking     ] GC(931) Concurrent Mark
[3804.252s][info][gc,marking     ] GC(931) Concurrent Mark From Roots
[3804.252s][info][gc,task        ] GC(931) Using 2 workers of 2 for marking
[3805.182s][info][gc,marking     ] GC(931) Concurrent Mark From Roots 929.634ms
[3805.182s][info][gc,marking     ] GC(931) Concurrent Preclean
[3805.182s][info][gc,marking     ] GC(931) Concurrent Preclean 0.108ms
[3805.182s][info][gc,start       ] GC(931) Pause Remark
[3805.188s][info][gc             ] GC(931) Pause Remark 2360M->2360M(4096M) 5.665ms
[3805.188s][info][gc,cpu         ] GC(931) User=0.03s Sys=0.00s Real=0.00s
.[3805.189s][info][gc,marking     ] GC(931) Concurrent Mark 936.706ms
[3805.189s][info][gc,marking     ] GC(931) Concurrent Rebuild Remembered Sets and Scrub Regions
[3805.506s][info][gc,marking     ] GC(931) Concurrent Rebuild Remembered Sets and Scrub Regions 317.301ms
[3805.507s][info][gc,start       ] GC(931) Pause Cleanup
[3805.507s][info][gc             ] GC(931) Pause Cleanup 2655M->2655M(4096M) 0.115ms
[3805.507s][info][gc,cpu         ] GC(931) User=0.00s Sys=0.00s Real=0.00s
[3805.507s][info][gc,marking     ] GC(931) Concurrent Clear Claimed Marks
[3805.507s][info][gc,marking     ] GC(931) Concurrent Clear Claimed Marks 0.026ms
[3805.507s][info][gc,marking     ] GC(931) Concurrent Cleanup for Next Mark
[3805.511s][info][gc,marking     ] GC(931) Concurrent Cleanup for Next Mark 4.607ms
[3805.512s][info][gc             ] GC(931) Concurrent Mark Cycle 1440.013ms
.[3806.672s][info][gc,start       ] GC(932) Pause Young (Prepare Mixed) (G1 Evacuation Pause)
[3806.672s][info][gc,task        ] GC(932) Using 6 workers of 6 for evacuation
[3806.792s][info][gc,phases      ] GC(932)   Pre Evacuate Collection Set: 0.34ms
[3806.792s][info][gc,phases      ] GC(932)   Merge Heap Roots: 0.57ms
[3806.792s][info][gc,phases      ] GC(932)   Evacuate Collection Set: 118.11ms
[3806.792s][info][gc,phases      ] GC(932)   Post Evacuate Collection Set: 0.90ms
[3806.792s][info][gc,phases      ] GC(932)   Other: 0.09ms
[3806.792s][info][gc,heap        ] GC(932) Eden regions: 1115->0(1103)
[3806.792s][info][gc,heap        ] GC(932) Survivor regions: 113->112(154)
[3806.792s][info][gc,heap        ] GC(932) Old regions: 506->538
[3806.792s][info][gc,heap        ] GC(932) Humongous regions: 80->80
[3806.792s][info][gc,metaspace   ] GC(932) Metaspace: 28912K(29376K)->28912K(29376K) NonClass: 24042K(24256K)->24042K(24256K) Class: 4869K(5120K)->4869K(5120K)
[3806.792s][info][gc             ] GC(932) Pause Young (Prepare Mixed) (G1 Evacuation Pause) 3626M->1459M(4096M) 120.140ms
[3806.792s][info][gc,cpu         ] GC(932) User=0.72s Sys=0.00s Real=0.12s
...[3809.437s][info][gc,start       ] GC(933) Pause Young (Mixed) (G1 Evacuation Pause)
[3809.437s][info][gc,task        ] GC(933) Using 6 workers of 6 for evacuation
[3809.572s][info][gc,phases      ] GC(933)   Pre Evacuate Collection Set: 0.34ms
[3809.572s][info][gc,phases      ] GC(933)   Merge Heap Roots: 0.73ms
[3809.572s][info][gc,phases      ] GC(933)   Evacuate Collection Set: 132.64ms
[3809.572s][info][gc,phases      ] GC(933)   Post Evacuate Collection Set: 0.91ms
[3809.572s][info][gc,phases      ] GC(933)   Other: 0.09ms
[3809.572s][info][gc,heap        ] GC(933) Eden regions: 1103->0(1117)
[3809.572s][info][gc,heap        ] GC(933) Survivor regions: 112->111(152)
[3809.572s][info][gc,heap        ] GC(933) Old regions: 538->475
[3809.572s][info][gc,heap        ] GC(933) Humongous regions: 80->80
[3809.572s][info][gc,metaspace   ] GC(933) Metaspace: 28912K(29376K)->28912K(29376K) NonClass: 24042K(24256K)->24042K(24256K) Class: 4869K(5120K)->4869K(5120K)
[3809.572s][info][gc             ] GC(933) Pause Young (Mixed) (G1 Evacuation Pause) 3665M->1329M(4096M) 134.858ms
[3809.572s][info][gc,cpu         ] GC(933) User=0.80s Sys=0.00s Real=0.14s
...[3812.274s][info][gc,start       ] GC(934) Pause Young (Concurrent Start) (G1 Evacuation Pause)
[3812.274s][info][gc,task        ] GC(934) Using 6 workers of 6 for evacuation
[3812.392s][info][gc,phases      ] GC(934)   Pre Evacuate Collection Set: 0.37ms
[3812.392s][info][gc,phases      ] GC(934)   Merge Heap Roots: 0.49ms
[3812.392s][info][gc,phases      ] GC(934)   Evacuate Collection Set: 115.49ms
[3812.392s][info][gc,phases      ] GC(934)   Post Evacuate Collection Set: 0.88ms
[3812.392s][info][gc,phases      ] GC(934)   Other: 0.10ms
[3812.392s][info][gc,heap        ] GC(934) Eden regions: 1117->0(1118)
[3812.392s][info][gc,heap        ] GC(934) Survivor regions: 111->110(154)
[3812.392s][info][gc,heap        ] GC(934) Old regions: 475->506
[3812.392s][info][gc,heap        ] GC(934) Humongous regions: 80->80
[3812.392s][info][gc,metaspace   ] GC(934) Metaspace: 28912K(29376K)->28912K(29376K) NonClass: 24042K(24256K)->24042K(24256K) Class: 4869K(5120K)->4869K(5120K)
[3812.392s][info][gc             ] GC(934) Pause Young (Concurrent Start) (G1 Evacuation Pause) 3563M->1391M(4096M) 117.461ms
[3812.392s][info][gc             ] GC(935) Concurrent Mark Cycle
[3812.392s][info][gc,marking     ] GC(935) Concurrent Scan Root Regions
[3812.392s][info][gc,cpu         ] GC(934) User=0.69s Sys=0.00s Real=0.12s
[3812.586s][info][gc,marking     ] GC(935) Concurrent Scan Root Regions 194.693ms
[3812.586s][info][gc,marking     ] GC(935) Concurrent Mark
[3812.586s][info][gc,marking     ] GC(935) Concurrent Mark From Roots
[3812.586s][info][gc,task        ] GC(935) Using 2 workers of 2 for marking
.[3813.489s][info][gc,marking     ] GC(935) Concurrent Mark From Roots 902.915ms
[3813.489s][info][gc,marking     ] GC(935) Concurrent Preclean
[3813.490s][info][gc,marking     ] GC(935) Concurrent Preclean 0.125ms
[3813.494s][info][gc,start       ] GC(935) Pause Remark
[3813.501s][info][gc             ] GC(935) Pause Remark 2349M->2349M(4096M) 6.794ms
[3813.501s][info][gc,cpu         ] GC(935) User=0.04s Sys=0.00s Real=0.01s
[3813.501s][info][gc,marking     ] GC(935) Concurrent Mark 914.722ms
[3813.501s][info][gc,marking     ] GC(935) Concurrent Rebuild Remembered Sets and Scrub Regions
[3813.755s][info][gc,marking     ] GC(935) Concurrent Rebuild Remembered Sets and Scrub Regions 253.396ms
[3813.755s][info][gc,start       ] GC(935) Pause Cleanup
[3813.755s][info][gc             ] GC(935) Pause Cleanup 2556M->2556M(4096M) 0.104ms
[3813.755s][info][gc,cpu         ] GC(935) User=0.00s Sys=0.00s Real=0.00s
[3813.755s][info][gc,marking     ] GC(935) Concurrent Clear Claimed Marks
[3813.755s][info][gc,marking     ] GC(935) Concurrent Clear Claimed Marks 0.024ms
[3813.755s][info][gc,marking     ] GC(935) Concurrent Cleanup for Next Mark
[3813.760s][info][gc,marking     ] GC(935) Concurrent Cleanup for Next Mark 5.082ms
[3813.760s][info][gc             ] GC(935) Concurrent Mark Cycle 1368.397ms
.[3815.032s][info][gc,start       ] GC(936) Pause Young (Prepare Mixed) (G1 Evacuation Pause)
[3815.032s][info][gc,task        ] GC(936) Using 6 workers of 6 for evacuation
[3815.148s][info][gc,phases      ] GC(936)   Pre Evacuate Collection Set: 0.31ms
[3815.148s][info][gc,phases      ] GC(936)   Merge Heap Roots: 0.53ms
[3815.148s][info][gc,phases      ] GC(936)   Evacuate Collection Set: 114.35ms
[3815.148s][info][gc,phases      ] GC(936)   Post Evacuate Collection Set: 0.91ms
[3815.148s][info][gc,phases      ] GC(936)   Other: 0.09ms
[3815.148s][info][gc,heap        ] GC(936) Eden regions: 1118->0(1107)
[3815.148s][info][gc,heap        ] GC(936) Survivor regions: 110->110(154)
[3815.148s][info][gc,heap        ] GC(936) Old regions: 506->538
[3815.148s][info][gc,heap        ] GC(936) Humongous regions: 80->80
[3815.148s][info][gc,metaspace   ] GC(936) Metaspace: 28912K(29376K)->28912K(29376K) NonClass: 24042K(24256K)->24042K(24256K) Class: 4869K(5120K)->4869K(5120K)
[3815.148s][info][gc             ] GC(936) Pause Young (Prepare Mixed) (G1 Evacuation Pause) 3627M->1453M(4096M) 116.322ms
[3815.148s][info][gc,cpu         ] GC(936) User=0.69s Sys=0.00s Real=0.11s
...[3817.763s][info][gc,start       ] GC(937) Pause Young (Mixed) (G1 Evacuation Pause)
[3817.763s][info][gc,task        ] GC(937) Using 6 workers of 6 for evacuation
[3817.899s][info][gc,phases      ] GC(937)   Pre Evacuate Collection Set: 0.38ms
[3817.899s][info][gc,phases      ] GC(937)   Merge Heap Roots: 0.76ms
[3817.899s][info][gc,phases      ] GC(937)   Evacuate Collection Set: 133.96ms
[3817.899s][info][gc,phases      ] GC(937)   Post Evacuate Collection Set: 0.94ms
[3817.899s][info][gc,phases      ] GC(937)   Other: 0.09ms
[3817.899s][info][gc,heap        ] GC(937) Eden regions: 1107->0(1116)
[3817.899s][info][gc,heap        ] GC(937) Survivor regions: 110->112(153)
[3817.899s][info][gc,heap        ] GC(937) Old regions: 538->473
[3817.899s][info][gc,heap        ] GC(937) Humongous regions: 80->80
[3817.899s][info][gc,metaspace   ] GC(937) Metaspace: 28912K(29376K)->28912K(29376K) NonClass: 24042K(24256K)->24042K(24256K) Class: 4869K(5120K)->4869K(5120K)
[3817.899s][info][gc             ] GC(937) Pause Young (Mixed) (G1 Evacuation Pause) 3667M->1327M(4096M) 136.261ms
[3817.899s][info][gc,cpu         ] GC(937) User=0.81s Sys=0.00s Real=0.13s
...[3820.535s][info][gc,start       ] GC(938) Pause Young (Concurrent Start) (G1 Evacuation Pause)
[3820.535s][info][gc,task        ] GC(938) Using 6 workers of 6 for evacuation
[3820.654s][info][gc,phases      ] GC(938)   Pre Evacuate Collection Set: 0.35ms
[3820.654s][info][gc,phases      ] GC(938)   Merge Heap Roots: 0.51ms
[3820.654s][info][gc,phases      ] GC(938)   Evacuate Collection Set: 117.14ms
[3820.654s][info][gc,phases      ] GC(938)   Post Evacuate Collection Set: 0.89ms
[3820.654s][info][gc,phases      ] GC(938)   Other: 0.11ms
[3820.654s][info][gc,heap        ] GC(938) Eden regions: 1116->0(1118)
[3820.654s][info][gc,heap        ] GC(938) Survivor regions: 112->110(154)
[3820.654s][info][gc,heap        ] GC(938) Old regions: 473->504
[3820.654s][info][gc,heap        ] GC(938) Humongous regions: 80->80
[3820.654s][info][gc,metaspace   ] GC(938) Metaspace: 28912K(29376K)->28912K(29376K) NonClass: 24042K(24256K)->24042K(24256K) Class: 4869K(5120K)->4869K(5120K)
[3820.654s][info][gc             ] GC(938) Pause Young (Concurrent Start) (G1 Evacuation Pause) 3559M->1386M(4096M) 119.136ms
[3820.654s][info][gc             ] GC(939) Concurrent Mark Cycle
[3820.654s][info][gc,marking     ] GC(939) Concurrent Scan Root Regions
[3820.654s][info][gc,cpu         ] GC(938) User=0.71s Sys=0.00s Real=0.12s
[3820.806s][info][gc,marking     ] GC(939) Concurrent Scan Root Regions 152.168ms
[3820.806s][info][gc,marking     ] GC(939) Concurrent Mark
[3820.806s][info][gc,marking     ] GC(939) Concurrent Mark From Roots
[3820.806s][info][gc,task        ] GC(939) Using 2 workers of 2 for marking
.[3821.524s][info][gc,marking     ] GC(939) Concurrent Mark From Roots 717.873ms
[3821.524s][info][gc,marking     ] GC(939) Concurrent Preclean
[3821.524s][info][gc,marking     ] GC(939) Concurrent Preclean 0.089ms
[3821.525s][info][gc,start       ] GC(939) Pause Remark
[3821.531s][info][gc             ] GC(939) Pause Remark 2140M->2140M(4096M) 6.189ms
[3821.531s][info][gc,cpu         ] GC(939) User=0.03s Sys=0.00s Real=0.01s
[3821.534s][info][gc,marking     ] GC(939) Concurrent Mark 727.152ms
[3821.534s][info][gc,marking     ] GC(939) Concurrent Rebuild Remembered Sets and Scrub Regions
[3821.848s][info][gc,marking     ] GC(939) Concurrent Rebuild Remembered Sets and Scrub Regions 314.174ms
[3821.848s][info][gc,start       ] GC(939) Pause Cleanup
[3821.848s][info][gc             ] GC(939) Pause Cleanup 2410M->2410M(4096M) 0.136ms
[3821.848s][info][gc,cpu         ] GC(939) User=0.00s Sys=0.00s Real=0.00s
[3821.848s][info][gc,marking     ] GC(939) Concurrent Clear Claimed Marks
[3821.848s][info][gc,marking     ] GC(939) Concurrent Clear Claimed Marks 0.031ms
[3821.848s][info][gc,marking     ] GC(939) Concurrent Cleanup for Next Mark
[3821.852s][info][gc,marking     ] GC(939) Concurrent Cleanup for Next Mark 3.371ms
[3821.852s][info][gc             ] GC(939) Concurrent Mark Cycle 1197.792ms
..[3823.330s][info][gc,start       ] GC(940) Pause Young (Prepare Mixed) (G1 Evacuation Pause)
[3823.330s][info][gc,task        ] GC(940) Using 6 workers of 6 for evacuation
[3823.447s][info][gc,phases      ] GC(940)   Pre Evacuate Collection Set: 0.32ms
[3823.448s][info][gc,phases      ] GC(940)   Merge Heap Roots: 0.56ms
[3823.448s][info][gc,phases      ] GC(940)   Evacuate Collection Set: 115.19ms
[3823.448s][info][gc,phases      ] GC(940)   Post Evacuate Collection Set: 0.92ms
[3823.448s][info][gc,phases      ] GC(940)   Other: 0.08ms
[3823.448s][info][gc,heap        ] GC(940) Eden regions: 1118->0(1111)
[3823.448s][info][gc,heap        ] GC(940) Survivor regions: 110->109(154)
[3823.448s][info][gc,heap        ] GC(940) Old regions: 504->536
[3823.448s][info][gc,heap        ] GC(940) Humongous regions: 80->80
[3823.448s][info][gc,metaspace   ] GC(940) Metaspace: 28912K(29376K)->28912K(29376K) NonClass: 24042K(24256K)->24042K(24256K) Class: 4869K(5120K)->4869K(5120K)
[3823.448s][info][gc             ] GC(940) Pause Young (Prepare Mixed) (G1 Evacuation Pause) 3622M->1448M(4096M) 117.216ms
[3823.448s][info][gc,cpu         ] GC(940) User=0.70s Sys=0.00s Real=0.11s
..[3826.128s][info][gc,start       ] GC(941) Pause Young (Mixed) (G1 Evacuation Pause)
[3826.128s][info][gc,task        ] GC(941) Using 6 workers of 6 for evacuation
[3826.260s][info][gc,phases      ] GC(941)   Pre Evacuate Collection Set: 0.34ms
[3826.260s][info][gc,phases      ] GC(941)   Merge Heap Roots: 0.76ms
[3826.260s][info][gc,phases      ] GC(941)   Evacuate Collection Set: 130.28ms
[3826.260s][info][gc,phases      ] GC(941)   Post Evacuate Collection Set: 0.94ms
[3826.260s][info][gc,phases      ] GC(941)   Other: 0.09ms
[3826.260s][info][gc,heap        ] GC(941) Eden regions: 1111->0(1121)
[3826.260s][info][gc,heap        ] GC(941) Survivor regions: 109->107(153)
[3826.260s][info][gc,heap        ] GC(941) Old regions: 536->474
[3826.260s][info][gc,heap        ] GC(941) Humongous regions: 80->80
[3826.260s][info][gc,metaspace   ] GC(941) Metaspace: 28912K(29376K)->28912K(29376K) NonClass: 24042K(24256K)->24042K(24256K) Class: 4869K(5120K)->4869K(5120K)
[3826.260s][info][gc             ] GC(941) Pause Young (Mixed) (G1 Evacuation Pause) 3670M->1321M(4096M) 132.547ms
[3826.260s][info][gc,cpu         ] GC(941) User=0.79s Sys=0.00s Real=0.14s
...[3828.885s][info][gc,start       ] GC(942) Pause Young (Concurrent Start) (G1 Evacuation Pause)
[3828.885s][info][gc,task        ] GC(942) Using 6 workers of 6 for evacuation
[3829.012s][info][gc,phases      ] GC(942)   Pre Evacuate Collection Set: 0.37ms
[3829.012s][info][gc,phases      ] GC(942)   Merge Heap Roots: 0.55ms
[3829.012s][info][gc,phases      ] GC(942)   Evacuate Collection Set: 124.64ms
[3829.012s][info][gc,phases      ] GC(942)   Post Evacuate Collection Set: 0.87ms
[3829.012s][info][gc,phases      ] GC(942)   Other: 0.11ms
[3829.012s][info][gc,heap        ] GC(942) Eden regions: 1121->0(1112)
[3829.012s][info][gc,heap        ] GC(942) Survivor regions: 107->116(154)
[3829.012s][info][gc,heap        ] GC(942) Old regions: 474->506
[3829.012s][info][gc,heap        ] GC(942) Humongous regions: 80->80
[3829.012s][info][gc,metaspace   ] GC(942) Metaspace: 28912K(29376K)->28912K(29376K) NonClass: 24042K(24256K)->24042K(24256K) Class: 4869K(5120K)->4869K(5120K)
[3829.012s][info][gc             ] GC(942) Pause Young (Concurrent Start) (G1 Evacuation Pause) 3563M->1403M(4096M) 126.676ms
[3829.012s][info][gc             ] GC(943) Concurrent Mark Cycle
[3829.012s][info][gc,marking     ] GC(943) Concurrent Scan Root Regions
[3829.012s][info][gc,cpu         ] GC(942) User=0.75s Sys=0.00s Real=0.13s
[3829.201s][info][gc,marking     ] GC(943) Concurrent Scan Root Regions 189.132ms
[3829.201s][info][gc,marking     ] GC(943) Concurrent Mark
[3829.201s][info][gc,marking     ] GC(943) Concurrent Mark From Roots
[3829.201s][info][gc,task        ] GC(943) Using 2 workers of 2 for marking
.[3830.145s][info][gc,marking     ] GC(943) Concurrent Mark From Roots 944.204ms
[3830.145s][info][gc,marking     ] GC(943) Concurrent Preclean
[3830.145s][info][gc,marking     ] GC(943) Concurrent Preclean 0.111ms
[3830.147s][info][gc,start       ] GC(943) Pause Remark
[3830.153s][info][gc             ] GC(943) Pause Remark 2329M->2329M(4096M) 6.168ms
[3830.153s][info][gc,cpu         ] GC(943) User=0.03s Sys=0.00s Real=0.01s
[3830.154s][info][gc,marking     ] GC(943) Concurrent Mark 952.618ms
[3830.154s][info][gc,marking     ] GC(943) Concurrent Rebuild Remembered Sets and Scrub Regions
.[3830.424s][info][gc,marking     ] GC(943) Concurrent Rebuild Remembered Sets and Scrub Regions 270.114ms
[3830.424s][info][gc,start       ] GC(943) Pause Cleanup
[3830.424s][info][gc             ] GC(943) Pause Cleanup 2601M->2601M(4096M) 0.115ms
[3830.424s][info][gc,cpu         ] GC(943) User=0.00s Sys=0.00s Real=0.00s
[3830.425s][info][gc,marking     ] GC(943) Concurrent Clear Claimed Marks
[3830.426s][info][gc,marking     ] GC(943) Concurrent Clear Claimed Marks 0.035ms
[3830.426s][info][gc,marking     ] GC(943) Concurrent Cleanup for Next Mark
[3830.431s][info][gc,marking     ] GC(943) Concurrent Cleanup for Next Mark 5.076ms
[3830.431s][info][gc             ] GC(943) Concurrent Mark Cycle 1418.878ms
.[3831.629s][info][gc,start       ] GC(944) Pause Young (Prepare Mixed) (G1 Evacuation Pause)
[3831.629s][info][gc,task        ] GC(944) Using 6 workers of 6 for evacuation
[3831.758s][info][gc,phases      ] GC(944)   Pre Evacuate Collection Set: 0.30ms
[3831.758s][info][gc,phases      ] GC(944)   Merge Heap Roots: 0.59ms
[3831.758s][info][gc,phases      ] GC(944)   Evacuate Collection Set: 127.21ms
[3831.758s][info][gc,phases      ] GC(944)   Post Evacuate Collection Set: 0.81ms
[3831.758s][info][gc,phases      ] GC(944)   Other: 0.09ms
[3831.758s][info][gc,heap        ] GC(944) Eden regions: 1112->0(1093)
[3831.758s][info][gc,heap        ] GC(944) Survivor regions: 116->117(154)
[3831.758s][info][gc,heap        ] GC(944) Old regions: 506->538
[3831.758s][info][gc,heap        ] GC(944) Humongous regions: 80->80
[3831.758s][info][gc,metaspace   ] GC(944) Metaspace: 28912K(29376K)->28912K(29376K) NonClass: 24042K(24256K)->24042K(24256K) Class: 4869K(5120K)->4869K(5120K)
[3831.758s][info][gc             ] GC(944) Pause Young (Prepare Mixed) (G1 Evacuation Pause) 3627M->1468M(4096M) 129.134ms
[3831.758s][info][gc,cpu         ] GC(944) User=0.77s Sys=0.00s Real=0.13s
..[3834.370s][info][gc,start       ] GC(945) Pause Young (Mixed) (G1 Evacuation Pause)
[3834.370s][info][gc,task        ] GC(945) Using 6 workers of 6 for evacuation
[3834.502s][info][gc,phases      ] GC(945)   Pre Evacuate Collection Set: 0.36ms
[3834.502s][info][gc,phases      ] GC(945)   Merge Heap Roots: 0.71ms
[3834.502s][info][gc,phases      ] GC(945)   Evacuate Collection Set: 129.61ms
[3834.502s][info][gc,phases      ] GC(945)   Post Evacuate Collection Set: 0.91ms
[3834.502s][info][gc,phases      ] GC(945)   Other: 0.08ms
[3834.502s][info][gc,heap        ] GC(945) Eden regions: 1093->0(1119)
[3834.502s][info][gc,heap        ] GC(945) Survivor regions: 117->109(152)
[3834.502s][info][gc,heap        ] GC(945) Old regions: 538->474
[3834.502s][info][gc,heap        ] GC(945) Humongous regions: 80->80
[3834.502s][info][gc,metaspace   ] GC(945) Metaspace: 28912K(29376K)->28912K(29376K) NonClass: 24042K(24256K)->24042K(24256K) Class: 4869K(5120K)->4869K(5120K)
[3834.502s][info][gc             ] GC(945) Pause Young (Mixed) (G1 Evacuation Pause) 3654M->1323M(4096M) 131.807ms
[3834.502s][info][gc,cpu         ] GC(945) User=0.78s Sys=0.00s Real=0.13s
...[3837.121s][info][gc,start       ] GC(946) Pause Young (Concurrent Start) (G1 Evacuation Pause)
[3837.121s][info][gc,task        ] GC(946) Using 6 workers of 6 for evacuation
[3837.240s][info][gc,phases      ] GC(946)   Pre Evacuate Collection Set: 0.35ms
[3837.240s][info][gc,phases      ] GC(946)   Merge Heap Roots: 0.47ms
[3837.240s][info][gc,phases      ] GC(946)   Evacuate Collection Set: 117.55ms
[3837.240s][info][gc,phases      ] GC(946)   Post Evacuate Collection Set: 0.88ms
[3837.240s][info][gc,phases      ] GC(946)   Other: 0.10ms
[3837.240s][info][gc,heap        ] GC(946) Eden regions: 1119->0(1119)
[3837.240s][info][gc,heap        ] GC(946) Survivor regions: 109->109(154)
[3837.240s][info][gc,heap        ] GC(946) Old regions: 474->506
[3837.240s][info][gc,heap        ] GC(946) Humongous regions: 80->80
[3837.240s][info][gc,metaspace   ] GC(946) Metaspace: 28912K(29376K)->28912K(29376K) NonClass: 24042K(24256K)->24042K(24256K) Class: 4869K(5120K)->4869K(5120K)
[3837.240s][info][gc             ] GC(946) Pause Young (Concurrent Start) (G1 Evacuation Pause) 3561M->1388M(4096M) 119.486ms
[3837.241s][info][gc             ] GC(947) Concurrent Mark Cycle
[3837.241s][info][gc,marking     ] GC(947) Concurrent Scan Root Regions
[3837.241s][info][gc,cpu         ] GC(946) User=0.71s Sys=0.00s Real=0.12s
[3837.383s][info][gc,marking     ] GC(947) Concurrent Scan Root Regions 142.865ms
[3837.383s][info][gc,marking     ] GC(947) Concurrent Mark
[3837.383s][info][gc,marking     ] GC(947) Concurrent Mark From Roots
[3837.383s][info][gc,task        ] GC(947) Using 2 workers of 2 for marking
. (rIR:aIR:PR = 6780:6773:6773) (tPR = 101055) [OK] 
  3837s: Performance info:
         Transaction,    Success,    Partial,     Failed,   Receipts, AvgBarcode, 
             Overall,     411384,          0,          0,     390831,      59.47, 
         Response times:
             Request,    Success,    Partial,     Failed,   SkipFail,     Probes,    Samples,      min,      p50,      p90,      p95,      p99,      max, 
       TotalPurchase,     390951,          0,          0,          0,     362627,     395920,      300,     5900,    41000,    77000,   141000,   343000,
     InStorePurchase,     205980,          0,          0,          0,     190663,     207792,      300,     5900,    41000,    77000,   141000,   335000,
      OnlinePurchase,     143882,          0,          0,          0,     133166,     145418,      300,     5900,    41000,    77000,   141000,   343000,
        InstPurchase,      41089,          0,          0,          0,      38798,      42710,      400,     5700,    39000,    76000,   139000,   331000,
          AssocOfCat,        414,          0,          0,          0,        323,        430,    23000,    41000,    89000,   123450,   195690,   243000,
      AssocOfProduct,       4109,          0,          0,          0,       3787,       4356,      600,     7500,    55000,    90000,   147000,   194000,
      BusinessReport,       1032,          0,          0,          0,        886,       1085,    26000,    42000,    95400,   137200,   209140,   246000,
          CustBuyBeh,       4104,          0,          0,          0,       3874,       4470,      200,     4400,    38000,    70000,   132000,   188000,
       ProductReturn,      10879,          0,          0,          0,      10443,      11704,      200,     6500,    45000,    77000,   142000,   242000,

  3837s: (50%)   IR =   6918 [3838.122s][info][gc,marking     ] GC(947) Concurrent Mark From Roots 738.844ms
[3838.122s][info][gc,marking     ] GC(947) Concurrent Preclean
[3838.122s][info][gc,marking     ] GC(947) Concurrent Preclean 0.108ms
[3838.124s][info][gc,start       ] GC(947) Pause Remark
[3838.129s][info][gc             ] GC(947) Pause Remark 2126M->2126M(4096M) 5.325ms
[3838.130s][info][gc,cpu         ] GC(947) User=0.03s Sys=0.00s Real=0.01s
[3838.130s][info][gc,marking     ] GC(947) Concurrent Mark 746.382ms
[3838.130s][info][gc,marking     ] GC(947) Concurrent Rebuild Remembered Sets and Scrub Regions
[3838.394s][info][gc,marking     ] GC(947) Concurrent Rebuild Remembered Sets and Scrub Regions 264.010ms
[3838.394s][info][gc,start       ] GC(947) Pause Cleanup
[3838.395s][info][gc             ] GC(947) Pause Cleanup 2392M->2392M(4096M) 0.782ms
[3838.395s][info][gc,cpu         ] GC(947) User=0.00s Sys=0.00s Real=0.00s
[3838.395s][info][gc,marking     ] GC(947) Concurrent Clear Claimed Marks
[3838.395s][info][gc,marking     ] GC(947) Concurrent Clear Claimed Marks 0.028ms
[3838.395s][info][gc,marking     ] GC(947) Concurrent Cleanup for Next Mark
[3838.399s][info][gc,marking     ] GC(947) Concurrent Cleanup for Next Mark 4.061ms
[3838.399s][info][gc             ] GC(947) Concurrent Mark Cycle 1158.497ms
.[3839.821s][info][gc,start       ] GC(948) Pause Young (Prepare Mixed) (G1 Evacuation Pause)
[3839.821s][info][gc,task        ] GC(948) Using 6 workers of 6 for evacuation
[3839.944s][info][gc,phases      ] GC(948)   Pre Evacuate Collection Set: 0.30ms
[3839.944s][info][gc,phases      ] GC(948)   Merge Heap Roots: 0.57ms
[3839.944s][info][gc,phases      ] GC(948)   Evacuate Collection Set: 120.31ms
[3839.944s][info][gc,phases      ] GC(948)   Post Evacuate Collection Set: 0.92ms
[3839.944s][info][gc,phases      ] GC(948)   Other: 0.09ms
[3839.944s][info][gc,heap        ] GC(948) Eden regions: 1119->0(1100)
[3839.944s][info][gc,heap        ] GC(948) Survivor regions: 109->114(154)
[3839.944s][info][gc,heap        ] GC(948) Old regions: 506->537
[3839.944s][info][gc,heap        ] GC(948) Humongous regions: 80->80
[3839.944s][info][gc,metaspace   ] GC(948) Metaspace: 28912K(29376K)->28912K(29376K) NonClass: 24042K(24256K)->24042K(24256K) Class: 4869K(5120K)->4869K(5120K)
[3839.944s][info][gc             ] GC(948) Pause Young (Prepare Mixed) (G1 Evacuation Pause) 3626M->1460M(4096M) 122.313ms
[3839.944s][info][gc,cpu         ] GC(948) User=0.73s Sys=0.00s Real=0.12s
...[3842.467s][info][gc,start       ] GC(949) Pause Young (Mixed) (G1 Evacuation Pause)
[3842.467s][info][gc,task        ] GC(949) Using 6 workers of 6 for evacuation
[3842.600s][info][gc,phases      ] GC(949)   Pre Evacuate Collection Set: 0.35ms
[3842.600s][info][gc,phases      ] GC(949)   Merge Heap Roots: 0.68ms
[3842.600s][info][gc,phases      ] GC(949)   Evacuate Collection Set: 130.58ms
[3842.600s][info][gc,phases      ] GC(949)   Post Evacuate Collection Set: 0.90ms
[3842.600s][info][gc,phases      ] GC(949)   Other: 0.09ms
[3842.600s][info][gc,heap        ] GC(949) Eden regions: 1100->0(1117)
[3842.600s][info][gc,heap        ] GC(949) Survivor regions: 114->111(152)
[3842.600s][info][gc,heap        ] GC(949) Old regions: 537->474
[3842.600s][info][gc,heap        ] GC(949) Humongous regions: 80->80
[3842.600s][info][gc,metaspace   ] GC(949) Metaspace: 28912K(29376K)->28912K(29376K) NonClass: 24042K(24256K)->24042K(24256K) Class: 4869K(5120K)->4869K(5120K)
[3842.600s][info][gc             ] GC(949) Pause Young (Mixed) (G1 Evacuation Pause) 3660M->1328M(4096M) 132.740ms
[3842.600s][info][gc,cpu         ] GC(949) User=0.79s Sys=0.00s Real=0.14s
...[3845.205s][info][gc,start       ] GC(950) Pause Young (Concurrent Start) (G1 Evacuation Pause)
[3845.205s][info][gc,task        ] GC(950) Using 6 workers of 6 for evacuation
[3845.325s][info][gc,phases      ] GC(950)   Pre Evacuate Collection Set: 0.36ms
[3845.325s][info][gc,phases      ] GC(950)   Merge Heap Roots: 0.51ms
[3845.325s][info][gc,phases      ] GC(950)   Evacuate Collection Set: 117.96ms
[3845.325s][info][gc,phases      ] GC(950)   Post Evacuate Collection Set: 0.88ms
[3845.325s][info][gc,phases      ] GC(950)   Other: 0.12ms
[3845.325s][info][gc,heap        ] GC(950) Eden regions: 1117->0(1118)
[3845.325s][info][gc,heap        ] GC(950) Survivor regions: 111->110(154)
[3845.325s][info][gc,heap        ] GC(950) Old regions: 474->507
[3845.325s][info][gc,heap        ] GC(950) Humongous regions: 80->80
[3845.325s][info][gc,metaspace   ] GC(950) Metaspace: 28912K(29376K)->28912K(29376K) NonClass: 24042K(24256K)->24042K(24256K) Class: 4869K(5120K)->4869K(5120K)
[3845.325s][info][gc             ] GC(950) Pause Young (Concurrent Start) (G1 Evacuation Pause) 3562M->1392M(4096M) 119.951ms
[3845.325s][info][gc             ] GC(951) Concurrent Mark Cycle
[3845.325s][info][gc,marking     ] GC(951) Concurrent Scan Root Regions
[3845.325s][info][gc,cpu         ] GC(950) User=0.72s Sys=0.00s Real=0.12s
[3845.522s][info][gc,marking     ] GC(951) Concurrent Scan Root Regions 197.624ms
[3845.522s][info][gc,marking     ] GC(951) Concurrent Mark
[3845.523s][info][gc,marking     ] GC(951) Concurrent Mark From Roots
[3845.523s][info][gc,task        ] GC(951) Using 2 workers of 2 for marking
.[3846.250s][info][gc,marking     ] GC(951) Concurrent Mark From Roots 727.017ms
[3846.250s][info][gc,marking     ] GC(951) Concurrent Preclean
[3846.250s][info][gc,marking     ] GC(951) Concurrent Preclean 0.101ms
[3846.251s][info][gc,start       ] GC(951) Pause Remark
[3846.255s][info][gc             ] GC(951) Pause Remark 2222M->2222M(4096M) 4.484ms
[3846.255s][info][gc,cpu         ] GC(951) User=0.03s Sys=0.00s Real=0.00s
[3846.255s][info][gc,marking     ] GC(951) Concurrent Mark 732.680ms
[3846.255s][info][gc,marking     ] GC(951) Concurrent Rebuild Remembered Sets and Scrub Regions
[3846.512s][info][gc,marking     ] GC(951) Concurrent Rebuild Remembered Sets and Scrub Regions 256.980ms
[3846.513s][info][gc,start       ] GC(951) Pause Cleanup
[3846.513s][info][gc             ] GC(951) Pause Cleanup 2446M->2446M(4096M) 0.125ms
[3846.513s][info][gc,cpu         ] GC(951) User=0.00s Sys=0.00s Real=0.00s
[3846.513s][info][gc,marking     ] GC(951) Concurrent Clear Claimed Marks
[3846.513s][info][gc,marking     ] GC(951) Concurrent Clear Claimed Marks 0.029ms
[3846.513s][info][gc,marking     ] GC(951) Concurrent Cleanup for Next Mark
[3846.525s][info][gc,marking     ] GC(951) Concurrent Cleanup for Next Mark 11.988ms
[3846.525s][info][gc             ] GC(951) Concurrent Mark Cycle 1200.159ms
.[3847.958s][info][gc,start       ] GC(952) Pause Young (Prepare Mixed) (G1 Evacuation Pause)
[3847.958s][info][gc,task        ] GC(952) Using 6 workers of 6 for evacuation
[3848.077s][info][gc,phases      ] GC(952)   Pre Evacuate Collection Set: 0.33ms
[3848.077s][info][gc,phases      ] GC(952)   Merge Heap Roots: 0.62ms
[3848.077s][info][gc,phases      ] GC(952)   Evacuate Collection Set: 117.07ms
[3848.077s][info][gc,phases      ] GC(952)   Post Evacuate Collection Set: 0.92ms
[3848.077s][info][gc,phases      ] GC(952)   Other: 0.08ms
[3848.077s][info][gc,heap        ] GC(952) Eden regions: 1118->0(1108)
[3848.077s][info][gc,heap        ] GC(952) Survivor regions: 110->109(154)
[3848.077s][info][gc,heap        ] GC(952) Old regions: 507->539
[3848.077s][info][gc,heap        ] GC(952) Humongous regions: 80->80
[3848.077s][info][gc,metaspace   ] GC(952) Metaspace: 28912K(29376K)->28912K(29376K) NonClass: 24042K(24256K)->24042K(24256K) Class: 4869K(5120K)->4869K(5120K)
[3848.077s][info][gc             ] GC(952) Pause Young (Prepare Mixed) (G1 Evacuation Pause) 3628M->1454M(4096M) 119.156ms
[3848.077s][info][gc,cpu         ] GC(952) User=0.71s Sys=0.00s Real=0.12s
.|..[3850.614s][info][gc,start       ] GC(953) Pause Young (Mixed) (G1 Evacuation Pause)
[3850.615s][info][gc,task        ] GC(953) Using 6 workers of 6 for evacuation
[3850.750s][info][gc,phases      ] GC(953)   Pre Evacuate Collection Set: 0.38ms
[3850.750s][info][gc,phases      ] GC(953)   Merge Heap Roots: 0.81ms
[3850.750s][info][gc,phases      ] GC(953)   Evacuate Collection Set: 132.77ms
[3850.750s][info][gc,phases      ] GC(953)   Post Evacuate Collection Set: 0.97ms
[3850.750s][info][gc,phases      ] GC(953)   Other: 0.09ms
[3850.750s][info][gc,heap        ] GC(953) Eden regions: 1108->0(1118)
[3850.750s][info][gc,heap        ] GC(953) Survivor regions: 109->110(153)
[3850.750s][info][gc,heap        ] GC(953) Old regions: 539->473
[3850.750s][info][gc,heap        ] GC(953) Humongous regions: 80->80
[3850.750s][info][gc,metaspace   ] GC(953) Metaspace: 28912K(29376K)->28912K(29376K) NonClass: 24042K(24256K)->24042K(24256K) Class: 4869K(5120K)->4869K(5120K)
[3850.750s][info][gc             ] GC(953) Pause Young (Mixed) (G1 Evacuation Pause) 3670M->1325M(4096M) 135.161ms
[3850.750s][info][gc,cpu         ] GC(953) User=0.80s Sys=0.00s Real=0.14s
...[3853.309s][info][gc,start       ] GC(954) Pause Young (Concurrent Start) (G1 Evacuation Pause)
[3853.309s][info][gc,task        ] GC(954) Using 6 workers of 6 for evacuation
[3853.430s][info][gc,phases      ] GC(954)   Pre Evacuate Collection Set: 0.37ms
[3853.430s][info][gc,phases      ] GC(954)   Merge Heap Roots: 0.51ms
[3853.430s][info][gc,phases      ] GC(954)   Evacuate Collection Set: 118.77ms
[3853.430s][info][gc,phases      ] GC(954)   Post Evacuate Collection Set: 0.89ms
[3853.430s][info][gc,phases      ] GC(954)   Other: 0.13ms
[3853.430s][info][gc,heap        ] GC(954) Eden regions: 1118->0(1117)
[3853.430s][info][gc,heap        ] GC(954) Survivor regions: 110->111(154)
[3853.430s][info][gc,heap        ] GC(954) Old regions: 473->506
[3853.430s][info][gc,heap        ] GC(954) Humongous regions: 80->80
[3853.430s][info][gc,metaspace   ] GC(954) Metaspace: 28912K(29376K)->28912K(29376K) NonClass: 24042K(24256K)->24042K(24256K) Class: 4869K(5120K)->4869K(5120K)
[3853.430s][info][gc             ] GC(954) Pause Young (Concurrent Start) (G1 Evacuation Pause) 3561M->1391M(4096M) 120.810ms
[3853.430s][info][gc             ] GC(955) Concurrent Mark Cycle
[3853.430s][info][gc,marking     ] GC(955) Concurrent Scan Root Regions
[3853.430s][info][gc,cpu         ] GC(954) User=0.72s Sys=0.00s Real=0.13s
[3853.573s][info][gc,marking     ] GC(955) Concurrent Scan Root Regions 143.388ms
[3853.573s][info][gc,marking     ] GC(955) Concurrent Mark
[3853.573s][info][gc,marking     ] GC(955) Concurrent Mark From Roots
[3853.573s][info][gc,task        ] GC(955) Using 2 workers of 2 for marking
.[3854.279s][info][gc,marking     ] GC(955) Concurrent Mark From Roots 705.478ms
[3854.279s][info][gc,marking     ] GC(955) Concurrent Preclean
[3854.279s][info][gc,marking     ] GC(955) Concurrent Preclean 0.087ms
[3854.283s][info][gc,start       ] GC(955) Pause Remark
[3854.288s][info][gc             ] GC(955) Pause Remark 2097M->2097M(4096M) 5.535ms
[3854.288s][info][gc,cpu         ] GC(955) User=0.03s Sys=0.00s Real=0.00s
[3854.288s][info][gc,marking     ] GC(955) Concurrent Mark 715.048ms
[3854.288s][info][gc,marking     ] GC(955) Concurrent Rebuild Remembered Sets and Scrub Regions
[3854.558s][info][gc,marking     ] GC(955) Concurrent Rebuild Remembered Sets and Scrub Regions 269.616ms
[3854.558s][info][gc,start       ] GC(955) Pause Cleanup
[3854.558s][info][gc             ] GC(955) Pause Cleanup 2361M->2361M(4096M) 0.103ms
[3854.558s][info][gc,cpu         ] GC(955) User=0.00s Sys=0.00s Real=0.00s
[3854.558s][info][gc,marking     ] GC(955) Concurrent Clear Claimed Marks
[3854.558s][info][gc,marking     ] GC(955) Concurrent Clear Claimed Marks 0.027ms
[3854.558s][info][gc,marking     ] GC(955) Concurrent Cleanup for Next Mark
[3854.563s][info][gc,marking     ] GC(955) Concurrent Cleanup for Next Mark 5.096ms
[3854.563s][info][gc             ] GC(955) Concurrent Mark Cycle 1133.628ms
.[3856.077s][info][gc,start       ] GC(956) Pause Young (Prepare Mixed) (G1 Evacuation Pause)
[3856.077s][info][gc,task        ] GC(956) Using 6 workers of 6 for evacuation
[3856.199s][info][gc,phases      ] GC(956)   Pre Evacuate Collection Set: 0.34ms
[3856.199s][info][gc,phases      ] GC(956)   Merge Heap Roots: 0.60ms
[3856.199s][info][gc,phases      ] GC(956)   Evacuate Collection Set: 119.60ms
[3856.199s][info][gc,phases      ] GC(956)   Post Evacuate Collection Set: 0.93ms
[3856.199s][info][gc,phases      ] GC(956)   Other: 0.09ms
[3856.199s][info][gc,heap        ] GC(956) Eden regions: 1117->0(1106)
[3856.199s][info][gc,heap        ] GC(956) Survivor regions: 111->111(154)
[3856.199s][info][gc,heap        ] GC(956) Old regions: 506->537
[3856.199s][info][gc,heap        ] GC(956) Humongous regions: 80->80
[3856.199s][info][gc,metaspace   ] GC(956) Metaspace: 28912K(29376K)->28912K(29376K) NonClass: 24042K(24256K)->24042K(24256K) Class: 4869K(5120K)->4869K(5120K)
[3856.199s][info][gc             ] GC(956) Pause Young (Prepare Mixed) (G1 Evacuation Pause) 3625M->1454M(4096M) 121.711ms
[3856.199s][info][gc,cpu         ] GC(956) User=0.73s Sys=0.00s Real=0.12s
...[3858.819s][info][gc,start       ] GC(957) Pause Young (Mixed) (G1 Evacuation Pause)
[3858.819s][info][gc,task        ] GC(957) Using 6 workers of 6 for evacuation
[3858.957s][info][gc,phases      ] GC(957)   Pre Evacuate Collection Set: 0.41ms
[3858.957s][info][gc,phases      ] GC(957)   Merge Heap Roots: 0.86ms
[3858.957s][info][gc,phases      ] GC(957)   Evacuate Collection Set: 135.37ms
[3858.957s][info][gc,phases      ] GC(957)   Post Evacuate Collection Set: 0.94ms
[3858.957s][info][gc,phases      ] GC(957)   Other: 0.10ms
[3858.957s][info][gc,heap        ] GC(957) Eden regions: 1106->0(1117)
[3858.957s][info][gc,heap        ] GC(957) Survivor regions: 111->111(153)
[3858.957s][info][gc,heap        ] GC(957) Old regions: 537->473
[3858.957s][info][gc,heap        ] GC(957) Humongous regions: 80->80
[3858.957s][info][gc,metaspace   ] GC(957) Metaspace: 28912K(29376K)->28912K(29376K) NonClass: 24042K(24256K)->24042K(24256K) Class: 4869K(5120K)->4869K(5120K)
[3858.957s][info][gc             ] GC(957) Pause Young (Mixed) (G1 Evacuation Pause) 3666M->1327M(4096M) 137.802ms
[3858.957s][info][gc,cpu         ] GC(957) User=0.82s Sys=0.00s Real=0.13s
...[3861.481s][info][gc,start       ] GC(958) Pause Young (Concurrent Start) (G1 Evacuation Pause)
[3861.481s][info][gc,task        ] GC(958) Using 6 workers of 6 for evacuation
[3861.608s][info][gc,phases      ] GC(958)   Pre Evacuate Collection Set: 0.39ms
[3861.608s][info][gc,phases      ] GC(958)   Merge Heap Roots: 0.52ms
[3861.608s][info][gc,phases      ] GC(958)   Evacuate Collection Set: 124.63ms
[3861.608s][info][gc,phases      ] GC(958)   Post Evacuate Collection Set: 0.89ms
[3861.608s][info][gc,phases      ] GC(958)   Other: 0.12ms
[3861.608s][info][gc,heap        ] GC(958) Eden regions: 1117->0(1112)
[3861.608s][info][gc,heap        ] GC(958) Survivor regions: 111->116(154)
[3861.608s][info][gc,heap        ] GC(958) Old regions: 473->506
[3861.608s][info][gc,heap        ] GC(958) Humongous regions: 80->80
[3861.608s][info][gc,metaspace   ] GC(958) Metaspace: 28912K(29376K)->28912K(29376K) NonClass: 24042K(24256K)->24042K(24256K) Class: 4869K(5120K)->4869K(5120K)
[3861.608s][info][gc             ] GC(958) Pause Young (Concurrent Start) (G1 Evacuation Pause) 3561M->1401M(4096M) 126.691ms
[3861.608s][info][gc             ] GC(959) Concurrent Mark Cycle
[3861.608s][info][gc,marking     ] GC(959) Concurrent Scan Root Regions
[3861.608s][info][gc,cpu         ] GC(958) User=0.75s Sys=0.00s Real=0.12s
[3861.772s][info][gc,marking     ] GC(959) Concurrent Scan Root Regions 163.948ms
[3861.772s][info][gc,marking     ] GC(959) Concurrent Mark
[3861.772s][info][gc,marking     ] GC(959) Concurrent Mark From Roots
[3861.772s][info][gc,task        ] GC(959) Using 2 workers of 2 for marking
.[3862.515s][info][gc,marking     ] GC(959) Concurrent Mark From Roots 742.655ms
[3862.515s][info][gc,marking     ] GC(959) Concurrent Preclean
[3862.515s][info][gc,marking     ] GC(959) Concurrent Preclean 0.081ms
[3862.516s][info][gc,start       ] GC(959) Pause Remark
[3862.522s][info][gc             ] GC(959) Pause Remark 2213M->2213M(4096M) 5.732ms
[3862.522s][info][gc,cpu         ] GC(959) User=0.03s Sys=0.00s Real=0.01s
[3862.522s][info][gc,marking     ] GC(959) Concurrent Mark 749.546ms
[3862.522s][info][gc,marking     ] GC(959) Concurrent Rebuild Remembered Sets and Scrub Regions
[3862.834s][info][gc,marking     ] GC(959) Concurrent Rebuild Remembered Sets and Scrub Regions 311.874ms
[3862.834s][info][gc,start       ] GC(959) Pause Cleanup
[3862.834s][info][gc             ] GC(959) Pause Cleanup 2473M->2473M(4096M) 0.118ms
[3862.834s][info][gc,cpu         ] GC(959) User=0.00s Sys=0.00s Real=0.00s
[3862.834s][info][gc,marking     ] GC(959) Concurrent Clear Claimed Marks
[3862.834s][info][gc,marking     ] GC(959) Concurrent Clear Claimed Marks 0.032ms
[3862.834s][info][gc,marking     ] GC(959) Concurrent Cleanup for Next Mark
[3862.839s][info][gc,marking     ] GC(959) Concurrent Cleanup for Next Mark 4.776ms
[3862.839s][info][gc             ] GC(959) Concurrent Mark Cycle 1231.179ms
.[3864.254s][info][gc,start       ] GC(960) Pause Young (Prepare Mixed) (G1 Evacuation Pause)
[3864.254s][info][gc,task        ] GC(960) Using 6 workers of 6 for evacuation
[3864.372s][info][gc,phases      ] GC(960)   Pre Evacuate Collection Set: 0.34ms
[3864.372s][info][gc,phases      ] GC(960)   Merge Heap Roots: 0.56ms
[3864.372s][info][gc,phases      ] GC(960)   Evacuate Collection Set: 115.66ms
[3864.372s][info][gc,phases      ] GC(960)   Post Evacuate Collection Set: 0.92ms
[3864.372s][info][gc,phases      ] GC(960)   Other: 0.09ms
[3864.372s][info][gc,heap        ] GC(960) Eden regions: 1112->0(1111)
[3864.372s][info][gc,heap        ] GC(960) Survivor regions: 116->108(154)
[3864.372s][info][gc,heap        ] GC(960) Old regions: 506->538
[3864.372s][info][gc,heap        ] GC(960) Humongous regions: 80->80
[3864.372s][info][gc,metaspace   ] GC(960) Metaspace: 28912K(29376K)->28912K(29376K) NonClass: 24042K(24256K)->24042K(24256K) Class: 4869K(5120K)->4869K(5120K)
[3864.372s][info][gc             ] GC(960) Pause Young (Prepare Mixed) (G1 Evacuation Pause) 3625M->1450M(4096M) 117.716ms
[3864.372s][info][gc,cpu         ] GC(960) User=0.70s Sys=0.00s Real=0.12s
...[3866.945s][info][gc,start       ] GC(961) Pause Young (Mixed) (G1 Evacuation Pause)
[3866.945s][info][gc,task        ] GC(961) Using 6 workers of 6 for evacuation
[3867.076s][info][gc,phases      ] GC(961)   Pre Evacuate Collection Set: 0.38ms
[3867.076s][info][gc,phases      ] GC(961)   Merge Heap Roots: 0.77ms
[3867.076s][info][gc,phases      ] GC(961)   Evacuate Collection Set: 128.85ms
[3867.076s][info][gc,phases      ] GC(961)   Post Evacuate Collection Set: 0.94ms
[3867.076s][info][gc,phases      ] GC(961)   Other: 0.10ms
[3867.076s][info][gc,heap        ] GC(961) Eden regions: 1111->0(1121)
[3867.076s][info][gc,heap        ] GC(961) Survivor regions: 108->107(153)
[3867.076s][info][gc,heap        ] GC(961) Old regions: 538->474
[3867.076s][info][gc,heap        ] GC(961) Humongous regions: 80->80
[3867.076s][info][gc,metaspace   ] GC(961) Metaspace: 28912K(29376K)->28912K(29376K) NonClass: 24042K(24256K)->24042K(24256K) Class: 4869K(5120K)->4869K(5120K)
[3867.076s][info][gc             ] GC(961) Pause Young (Mixed) (G1 Evacuation Pause) 3672M->1321M(4096M) 131.187ms
[3867.076s][info][gc,cpu         ] GC(961) User=0.78s Sys=0.00s Real=0.13s
...[3869.691s][info][gc,start       ] GC(962) Pause Young (Concurrent Start) (G1 Evacuation Pause)
[3869.691s][info][gc,task        ] GC(962) Using 6 workers of 6 for evacuation
[3869.813s][info][gc,phases      ] GC(962)   Pre Evacuate Collection Set: 0.38ms
[3869.813s][info][gc,phases      ] GC(962)   Merge Heap Roots: 0.51ms
[3869.813s][info][gc,phases      ] GC(962)   Evacuate Collection Set: 119.63ms
[3869.813s][info][gc,phases      ] GC(962)   Post Evacuate Collection Set: 0.90ms
[3869.813s][info][gc,phases      ] GC(962)   Other: 0.12ms
[3869.813s][info][gc,heap        ] GC(962) Eden regions: 1121->0(1117)
[3869.813s][info][gc,heap        ] GC(962) Survivor regions: 107->111(154)
[3869.813s][info][gc,heap        ] GC(962) Old regions: 474->506
[3869.813s][info][gc,heap        ] GC(962) Humongous regions: 80->80
[3869.813s][info][gc,metaspace   ] GC(962) Metaspace: 28912K(29376K)->28912K(29376K) NonClass: 24042K(24256K)->24042K(24256K) Class: 4869K(5120K)->4869K(5120K)
[3869.813s][info][gc             ] GC(962) Pause Young (Concurrent Start) (G1 Evacuation Pause) 3563M->1393M(4096M) 121.654ms
[3869.813s][info][gc             ] GC(963) Concurrent Mark Cycle
[3869.813s][info][gc,marking     ] GC(963) Concurrent Scan Root Regions
[3869.813s][info][gc,cpu         ] GC(962) User=0.73s Sys=0.00s Real=0.12s
[3869.988s][info][gc,marking     ] GC(963) Concurrent Scan Root Regions 175.621ms
[3869.988s][info][gc,marking     ] GC(963) Concurrent Mark
[3869.988s][info][gc,marking     ] GC(963) Concurrent Mark From Roots
[3869.988s][info][gc,task        ] GC(963) Using 2 workers of 2 for marking
.[3870.744s][info][gc,marking     ] GC(963) Concurrent Mark From Roots 756.059ms
[3870.744s][info][gc,marking     ] GC(963) Concurrent Preclean
[3870.745s][info][gc,marking     ] GC(963) Concurrent Preclean 0.084ms
[3870.746s][info][gc,start       ] GC(963) Pause Remark
[3870.753s][info][gc             ] GC(963) Pause Remark 2185M->2185M(4096M) 6.383ms
[3870.753s][info][gc,cpu         ] GC(963) User=0.03s Sys=0.01s Real=0.01s
[3870.753s][info][gc,marking     ] GC(963) Concurrent Mark 764.784ms
[3870.753s][info][gc,marking     ] GC(963) Concurrent Rebuild Remembered Sets and Scrub Regions
[3871.041s][info][gc,marking     ] GC(963) Concurrent Rebuild Remembered Sets and Scrub Regions 287.605ms
[3871.042s][info][gc,start       ] GC(963) Pause Cleanup
[3871.042s][info][gc             ] GC(963) Pause Cleanup 2455M->2455M(4096M) 0.118ms
[3871.042s][info][gc,cpu         ] GC(963) User=0.00s Sys=0.00s Real=0.00s
[3871.042s][info][gc,marking     ] GC(963) Concurrent Clear Claimed Marks
[3871.042s][info][gc,marking     ] GC(963) Concurrent Clear Claimed Marks 0.036ms
[3871.042s][info][gc,marking     ] GC(963) Concurrent Cleanup for Next Mark
[3871.052s][info][gc,marking     ] GC(963) Concurrent Cleanup for Next Mark 9.684ms
[3871.052s][info][gc             ] GC(963) Concurrent Mark Cycle 1239.375ms
..[3872.443s][info][gc,start       ] GC(964) Pause Young (Prepare Mixed) (G1 Evacuation Pause)
[3872.443s][info][gc,task        ] GC(964) Using 6 workers of 6 for evacuation
[3872.562s][info][gc,phases      ] GC(964)   Pre Evacuate Collection Set: 0.32ms
[3872.562s][info][gc,phases      ] GC(964)   Merge Heap Roots: 0.59ms
[3872.562s][info][gc,phases      ] GC(964)   Evacuate Collection Set: 116.78ms
[3872.562s][info][gc,phases      ] GC(964)   Post Evacuate Collection Set: 0.91ms
[3872.562s][info][gc,phases      ] GC(964)   Other: 0.09ms
[3872.562s][info][gc,heap        ] GC(964) Eden regions: 1117->0(1107)
[3872.562s][info][gc,heap        ] GC(964) Survivor regions: 111->110(154)
[3872.562s][info][gc,heap        ] GC(964) Old regions: 506->538
[3872.562s][info][gc,heap        ] GC(964) Humongous regions: 80->80
[3872.562s][info][gc,metaspace   ] GC(964) Metaspace: 28912K(29376K)->28912K(29376K) NonClass: 24042K(24256K)->24042K(24256K) Class: 4869K(5120K)->4869K(5120K)
[3872.562s][info][gc             ] GC(964) Pause Young (Prepare Mixed) (G1 Evacuation Pause) 3627M->1453M(4096M) 118.837ms
[3872.562s][info][gc,cpu         ] GC(964) User=0.71s Sys=0.00s Real=0.12s
..[3875.087s][info][gc,start       ] GC(965) Pause Young (Mixed) (G1 Evacuation Pause)
[3875.087s][info][gc,task        ] GC(965) Using 6 workers of 6 for evacuation
[3875.221s][info][gc,phases      ] GC(965)   Pre Evacuate Collection Set: 0.38ms
[3875.221s][info][gc,phases      ] GC(965)   Merge Heap Roots: 0.87ms
[3875.221s][info][gc,phases      ] GC(965)   Evacuate Collection Set: 131.49ms
[3875.221s][info][gc,phases      ] GC(965)   Post Evacuate Collection Set: 0.92ms
[3875.221s][info][gc,phases      ] GC(965)   Other: 0.10ms
[3875.221s][info][gc,heap        ] GC(965) Eden regions: 1107->0(1120)
[3875.221s][info][gc,heap        ] GC(965) Survivor regions: 110->108(153)
[3875.221s][info][gc,heap        ] GC(965) Old regions: 538->475
[3875.221s][info][gc,heap        ] GC(965) Humongous regions: 80->80
[3875.221s][info][gc,metaspace   ] GC(965) Metaspace: 28912K(29376K)->28912K(29376K) NonClass: 24042K(24256K)->24042K(24256K) Class: 4869K(5120K)->4869K(5120K)
[3875.221s][info][gc             ] GC(965) Pause Young (Mixed) (G1 Evacuation Pause) 3667M->1323M(4096M) 133.914ms
[3875.221s][info][gc,cpu         ] GC(965) User=0.80s Sys=0.00s Real=0.14s
...[3877.906s][info][gc,start       ] GC(966) Pause Young (Concurrent Start) (G1 Evacuation Pause)
[3877.906s][info][gc,task        ] GC(966) Using 6 workers of 6 for evacuation
[3878.034s][info][gc,phases      ] GC(966)   Pre Evacuate Collection Set: 0.40ms
[3878.034s][info][gc,phases      ] GC(966)   Merge Heap Roots: 0.51ms
[3878.034s][info][gc,phases      ] GC(966)   Evacuate Collection Set: 126.50ms
[3878.034s][info][gc,phases      ] GC(966)   Post Evacuate Collection Set: 0.80ms
[3878.035s][info][gc,phases      ] GC(966)   Other: 0.12ms
[3878.035s][info][gc,heap        ] GC(966) Eden regions: 1120->0(1110)
[3878.035s][info][gc,heap        ] GC(966) Survivor regions: 108->118(154)
[3878.035s][info][gc,heap        ] GC(966) Old regions: 475->507
[3878.035s][info][gc,heap        ] GC(966) Humongous regions: 80->80
[3878.035s][info][gc,metaspace   ] GC(966) Metaspace: 28912K(29376K)->28912K(29376K) NonClass: 24042K(24256K)->24042K(24256K) Class: 4869K(5120K)->4869K(5120K)
[3878.035s][info][gc             ] GC(966) Pause Young (Concurrent Start) (G1 Evacuation Pause) 3563M->1407M(4096M) 128.458ms
[3878.035s][info][gc             ] GC(967) Concurrent Mark Cycle
[3878.035s][info][gc,marking     ] GC(967) Concurrent Scan Root Regions
[3878.035s][info][gc,cpu         ] GC(966) User=0.77s Sys=0.00s Real=0.13s
[3878.184s][info][gc,marking     ] GC(967) Concurrent Scan Root Regions 149.296ms
[3878.184s][info][gc,marking     ] GC(967) Concurrent Mark
[3878.184s][info][gc,marking     ] GC(967) Concurrent Mark From Roots
[3878.184s][info][gc,task        ] GC(967) Using 2 workers of 2 for marking
.[3879.147s][info][gc,marking     ] GC(967) Concurrent Mark From Roots 962.571ms
[3879.147s][info][gc,marking     ] GC(967) Concurrent Preclean
[3879.147s][info][gc,marking     ] GC(967) Concurrent Preclean 0.085ms
[3879.147s][info][gc,start       ] GC(967) Pause Remark
[3879.154s][info][gc             ] GC(967) Pause Remark 2360M->2360M(4096M) 6.743ms
[3879.154s][info][gc,cpu         ] GC(967) User=0.04s Sys=0.00s Real=0.01s
[3879.154s][info][gc,marking     ] GC(967) Concurrent Mark 970.157ms
[3879.154s][info][gc,marking     ] GC(967) Concurrent Rebuild Remembered Sets and Scrub Regions
[3879.475s][info][gc,marking     ] GC(967) Concurrent Rebuild Remembered Sets and Scrub Regions 320.708ms
[3879.475s][info][gc,start       ] GC(967) Pause Cleanup
[3879.475s][info][gc             ] GC(967) Pause Cleanup 2671M->2671M(4096M) 0.118ms
[3879.475s][info][gc,cpu         ] GC(967) User=0.00s Sys=0.00s Real=0.00s
[3879.475s][info][gc,marking     ] GC(967) Concurrent Clear Claimed Marks
[3879.475s][info][gc,marking     ] GC(967) Concurrent Clear Claimed Marks 0.028ms
[3879.475s][info][gc,marking     ] GC(967) Concurrent Cleanup for Next Mark
[3879.481s][info][gc,marking     ] GC(967) Concurrent Cleanup for Next Mark 5.382ms
[3879.481s][info][gc             ] GC(967) Concurrent Mark Cycle 1446.129ms
..[3880.579s][info][gc,start       ] GC(968) Pause Young (Prepare Mixed) (G1 Evacuation Pause)
[3880.579s][info][gc,task        ] GC(968) Using 6 workers of 6 for evacuation
[3880.698s][info][gc,phases      ] GC(968)   Pre Evacuate Collection Set: 0.31ms
[3880.698s][info][gc,phases      ] GC(968)   Merge Heap Roots: 0.59ms
[3880.698s][info][gc,phases      ] GC(968)   Evacuate Collection Set: 117.69ms
[3880.698s][info][gc,phases      ] GC(968)   Post Evacuate Collection Set: 0.88ms
[3880.698s][info][gc,phases      ] GC(968)   Other: 0.08ms
[3880.698s][info][gc,heap        ] GC(968) Eden regions: 1110->0(1103)
[3880.698s][info][gc,heap        ] GC(968) Survivor regions: 118->112(154)
[3880.698s][info][gc,heap        ] GC(968) Old regions: 507->538
[3880.698s][info][gc,heap        ] GC(968) Humongous regions: 80->80
[3880.698s][info][gc,metaspace   ] GC(968) Metaspace: 28912K(29376K)->28912K(29376K) NonClass: 24042K(24256K)->24042K(24256K) Class: 4869K(5120K)->4869K(5120K)
[3880.698s][info][gc             ] GC(968) Pause Young (Prepare Mixed) (G1 Evacuation Pause) 3627M->1457M(4096M) 119.682ms
[3880.698s][info][gc,cpu         ] GC(968) User=0.72s Sys=0.00s Real=0.12s
..[3883.218s][info][gc,start       ] GC(969) Pause Young (Mixed) (G1 Evacuation Pause)
[3883.218s][info][gc,task        ] GC(969) Using 6 workers of 6 for evacuation
[3883.351s][info][gc,phases      ] GC(969)   Pre Evacuate Collection Set: 0.35ms
[3883.352s][info][gc,phases      ] GC(969)   Merge Heap Roots: 0.74ms
[3883.352s][info][gc,phases      ] GC(969)   Evacuate Collection Set: 131.63ms
[3883.352s][info][gc,phases      ] GC(969)   Post Evacuate Collection Set: 0.93ms
[3883.352s][info][gc,phases      ] GC(969)   Other: 0.09ms
[3883.352s][info][gc,heap        ] GC(969) Eden regions: 1103->0(1121)
[3883.352s][info][gc,heap        ] GC(969) Survivor regions: 112->107(152)
[3883.352s][info][gc,heap        ] GC(969) Old regions: 538->473
[3883.352s][info][gc,heap        ] GC(969) Humongous regions: 80->80
[3883.352s][info][gc,metaspace   ] GC(969) Metaspace: 28912K(29376K)->28912K(29376K) NonClass: 24042K(24256K)->24042K(24256K) Class: 4869K(5120K)->4869K(5120K)
[3883.352s][info][gc             ] GC(969) Pause Young (Mixed) (G1 Evacuation Pause) 3663M->1317M(4096M) 133.893ms
[3883.352s][info][gc,cpu         ] GC(969) User=0.80s Sys=0.00s Real=0.14s
...[3885.992s][info][gc,start       ] GC(970) Pause Young (Concurrent Start) (G1 Evacuation Pause)
[3885.992s][info][gc,task        ] GC(970) Using 6 workers of 6 for evacuation
[3886.107s][info][gc,phases      ] GC(970)   Pre Evacuate Collection Set: 0.36ms
[3886.107s][info][gc,phases      ] GC(970)   Merge Heap Roots: 0.48ms
[3886.107s][info][gc,phases      ] GC(970)   Evacuate Collection Set: 113.45ms
[3886.107s][info][gc,phases      ] GC(970)   Post Evacuate Collection Set: 0.90ms
[3886.107s][info][gc,phases      ] GC(970)   Other: 0.10ms
[3886.107s][info][gc,heap        ] GC(970) Eden regions: 1121->0(1121)
[3886.107s][info][gc,heap        ] GC(970) Survivor regions: 107->107(154)
[3886.107s][info][gc,heap        ] GC(970) Old regions: 473->505
[3886.107s][info][gc,heap        ] GC(970) Humongous regions: 80->80
[3886.107s][info][gc,metaspace   ] GC(970) Metaspace: 28912K(29376K)->28912K(29376K) NonClass: 24042K(24256K)->24042K(24256K) Class: 4869K(5120K)->4869K(5120K)
[3886.107s][info][gc             ] GC(970) Pause Young (Concurrent Start) (G1 Evacuation Pause) 3559M->1382M(4096M) 115.432ms
[3886.107s][info][gc             ] GC(971) Concurrent Mark Cycle
[3886.107s][info][gc,marking     ] GC(971) Concurrent Scan Root Regions
[3886.107s][info][gc,cpu         ] GC(970) User=0.69s Sys=0.00s Real=0.11s
[3886.289s][info][gc,marking     ] GC(971) Concurrent Scan Root Regions 181.650ms
[3886.289s][info][gc,marking     ] GC(971) Concurrent Mark
[3886.289s][info][gc,marking     ] GC(971) Concurrent Mark From Roots
[3886.289s][info][gc,task        ] GC(971) Using 2 workers of 2 for marking
.[3887.183s][info][gc,marking     ] GC(971) Concurrent Mark From Roots 894.317ms
[3887.183s][info][gc,marking     ] GC(971) Concurrent Preclean
[3887.184s][info][gc,marking     ] GC(971) Concurrent Preclean 0.114ms
[3887.186s][info][gc,start       ] GC(971) Pause Remark
[3887.191s][info][gc             ] GC(971) Pause Remark 2326M->2326M(4096M) 5.075ms
[3887.192s][info][gc,cpu         ] GC(971) User=0.03s Sys=0.00s Real=0.01s
[3887.192s][info][gc,marking     ] GC(971) Concurrent Mark 902.828ms
[3887.192s][info][gc,marking     ] GC(971) Concurrent Rebuild Remembered Sets and Scrub Regions
[3887.536s][info][gc,marking     ] GC(971) Concurrent Rebuild Remembered Sets and Scrub Regions 343.674ms
[3887.536s][info][gc,start       ] GC(971) Pause Cleanup
[3887.536s][info][gc             ] GC(971) Pause Cleanup 2653M->2653M(4096M) 0.119ms
[3887.536s][info][gc,cpu         ] GC(971) User=0.00s Sys=0.00s Real=0.00s
[3887.537s][info][gc,marking     ] GC(971) Concurrent Clear Claimed Marks
[3887.537s][info][gc,marking     ] GC(971) Concurrent Clear Claimed Marks 0.037ms
[3887.537s][info][gc,marking     ] GC(971) Concurrent Cleanup for Next Mark
[3887.542s][info][gc,marking     ] GC(971) Concurrent Cleanup for Next Mark 5.474ms
[3887.542s][info][gc             ] GC(971) Concurrent Mark Cycle 1435.002ms
..[3888.756s][info][gc,start       ] GC(972) Pause Young (Prepare Mixed) (G1 Evacuation Pause)
[3888.756s][info][gc,task        ] GC(972) Using 6 workers of 6 for evacuation
[3888.876s][info][gc,phases      ] GC(972)   Pre Evacuate Collection Set: 0.31ms
[3888.876s][info][gc,phases      ] GC(972)   Merge Heap Roots: 0.57ms
[3888.876s][info][gc,phases      ] GC(972)   Evacuate Collection Set: 117.62ms
[3888.876s][info][gc,phases      ] GC(972)   Post Evacuate Collection Set: 0.94ms
[3888.876s][info][gc,phases      ] GC(972)   Other: 0.09ms
[3888.876s][info][gc,heap        ] GC(972) Eden regions: 1121->0(1107)
[3888.876s][info][gc,heap        ] GC(972) Survivor regions: 107->111(154)
[3888.876s][info][gc,heap        ] GC(972) Old regions: 505->536
[3888.876s][info][gc,heap        ] GC(972) Humongous regions: 80->80
[3888.876s][info][gc,metaspace   ] GC(972) Metaspace: 28912K(29376K)->28912K(29376K) NonClass: 24042K(24256K)->24042K(24256K) Class: 4869K(5120K)->4869K(5120K)
[3888.876s][info][gc             ] GC(972) Pause Young (Prepare Mixed) (G1 Evacuation Pause) 3624M->1452M(4096M) 119.660ms
[3888.876s][info][gc,cpu         ] GC(972) User=0.71s Sys=0.00s Real=0.12s
..[3891.460s][info][gc,start       ] GC(973) Pause Young (Mixed) (G1 Evacuation Pause)
[3891.460s][info][gc,task        ] GC(973) Using 6 workers of 6 for evacuation
[3891.596s][info][gc,phases      ] GC(973)   Pre Evacuate Collection Set: 0.35ms
[3891.596s][info][gc,phases      ] GC(973)   Merge Heap Roots: 0.71ms
[3891.596s][info][gc,phases      ] GC(973)   Evacuate Collection Set: 133.90ms
[3891.596s][info][gc,phases      ] GC(973)   Post Evacuate Collection Set: 0.93ms
[3891.596s][info][gc,phases      ] GC(973)   Other: 0.09ms
[3891.596s][info][gc,heap        ] GC(973) Eden regions: 1107->0(1117)
[3891.596s][info][gc,heap        ] GC(973) Survivor regions: 111->111(153)
[3891.596s][info][gc,heap        ] GC(973) Old regions: 536->474
[3891.596s][info][gc,heap        ] GC(973) Humongous regions: 80->80
[3891.596s][info][gc,metaspace   ] GC(973) Metaspace: 28912K(29376K)->28912K(29376K) NonClass: 24042K(24256K)->24042K(24256K) Class: 4869K(5120K)->4869K(5120K)
[3891.596s][info][gc             ] GC(973) Pause Young (Mixed) (G1 Evacuation Pause) 3666M->1329M(4096M) 136.100ms
[3891.596s][info][gc,cpu         ] GC(973) User=0.81s Sys=0.00s Real=0.13s
...[3894.180s][info][gc,start       ] GC(974) Pause Young (Concurrent Start) (G1 Evacuation Pause)
[3894.180s][info][gc,task        ] GC(974) Using 6 workers of 6 for evacuation
[3894.299s][info][gc,phases      ] GC(974)   Pre Evacuate Collection Set: 0.41ms
[3894.299s][info][gc,phases      ] GC(974)   Merge Heap Roots: 0.55ms
[3894.299s][info][gc,phases      ] GC(974)   Evacuate Collection Set: 116.93ms
[3894.299s][info][gc,phases      ] GC(974)   Post Evacuate Collection Set: 0.89ms
[3894.299s][info][gc,phases      ] GC(974)   Other: 0.13ms
[3894.299s][info][gc,heap        ] GC(974) Eden regions: 1117->0(1117)
[3894.299s][info][gc,heap        ] GC(974) Survivor regions: 111->111(154)
[3894.299s][info][gc,heap        ] GC(974) Old regions: 474->507
[3894.299s][info][gc,heap        ] GC(974) Humongous regions: 80->80
[3894.299s][info][gc,metaspace   ] GC(974) Metaspace: 28912K(29376K)->28912K(29376K) NonClass: 24042K(24256K)->24042K(24256K) Class: 4869K(5120K)->4869K(5120K)
[3894.299s][info][gc             ] GC(974) Pause Young (Concurrent Start) (G1 Evacuation Pause) 3563M->1393M(4096M) 119.053ms
[3894.299s][info][gc             ] GC(975) Concurrent Mark Cycle
[3894.299s][info][gc,marking     ] GC(975) Concurrent Scan Root Regions
[3894.299s][info][gc,cpu         ] GC(974) User=0.71s Sys=0.00s Real=0.11s
[3894.490s][info][gc,marking     ] GC(975) Concurrent Scan Root Regions 191.161ms
[3894.490s][info][gc,marking     ] GC(975) Concurrent Mark
[3894.490s][info][gc,marking     ] GC(975) Concurrent Mark From Roots
[3894.490s][info][gc,task        ] GC(975) Using 2 workers of 2 for marking
.[3895.460s][info][gc,marking     ] GC(975) Concurrent Mark From Roots 969.562ms
[3895.460s][info][gc,marking     ] GC(975) Concurrent Preclean
[3895.460s][info][gc,marking     ] GC(975) Concurrent Preclean 0.097ms
[3895.461s][info][gc,start       ] GC(975) Pause Remark
[3895.469s][info][gc             ] GC(975) Pause Remark 2459M->2459M(4096M) 7.340ms
[3895.469s][info][gc,cpu         ] GC(975) User=0.04s Sys=0.00s Real=0.00s
[3895.469s][info][gc,marking     ] GC(975) Concurrent Mark 979.039ms
[3895.469s][info][gc,marking     ] GC(975) Concurrent Rebuild Remembered Sets and Scrub Regions
.[3895.748s][info][gc,marking     ] GC(975) Concurrent Rebuild Remembered Sets and Scrub Regions 278.435ms
[3895.749s][info][gc,start       ] GC(975) Pause Cleanup
[3895.749s][info][gc             ] GC(975) Pause Cleanup 2709M->2709M(4096M) 0.117ms
[3895.749s][info][gc,cpu         ] GC(975) User=0.00s Sys=0.00s Real=0.00s
[3895.749s][info][gc,marking     ] GC(975) Concurrent Clear Claimed Marks
[3895.749s][info][gc,marking     ] GC(975) Concurrent Clear Claimed Marks 0.040ms
[3895.749s][info][gc,marking     ] GC(975) Concurrent Cleanup for Next Mark
[3895.753s][info][gc,marking     ] GC(975) Concurrent Cleanup for Next Mark 3.620ms
[3895.753s][info][gc             ] GC(975) Concurrent Mark Cycle 1454.039ms
.[3896.863s][info][gc,start       ] GC(976) Pause Young (Prepare Mixed) (G1 Evacuation Pause)
[3896.863s][info][gc,task        ] GC(976) Using 6 workers of 6 for evacuation
[3896.985s][info][gc,phases      ] GC(976)   Pre Evacuate Collection Set: 0.30ms
[3896.985s][info][gc,phases      ] GC(976)   Merge Heap Roots: 0.55ms
[3896.985s][info][gc,phases      ] GC(976)   Evacuate Collection Set: 119.68ms
[3896.985s][info][gc,phases      ] GC(976)   Post Evacuate Collection Set: 0.92ms
[3896.985s][info][gc,phases      ] GC(976)   Other: 0.08ms
[3896.985s][info][gc,heap        ] GC(976) Eden regions: 1117->0(1100)
[3896.985s][info][gc,heap        ] GC(976) Survivor regions: 111->113(154)
[3896.985s][info][gc,heap        ] GC(976) Old regions: 507->539
[3896.985s][info][gc,heap        ] GC(976) Humongous regions: 80->80
[3896.985s][info][gc,metaspace   ] GC(976) Metaspace: 28912K(29376K)->28912K(29376K) NonClass: 24042K(24256K)->24042K(24256K) Class: 4869K(5120K)->4869K(5120K)
[3896.985s][info][gc             ] GC(976) Pause Young (Prepare Mixed) (G1 Evacuation Pause) 3627M->1461M(4096M) 121.667ms
[3896.985s][info][gc,cpu         ] GC(976) User=0.72s Sys=0.00s Real=0.12s
..[3899.550s][info][gc,start       ] GC(977) Pause Young (Mixed) (G1 Evacuation Pause)
[3899.550s][info][gc,task        ] GC(977) Using 6 workers of 6 for evacuation
[3899.687s][info][gc,phases      ] GC(977)   Pre Evacuate Collection Set: 0.35ms
[3899.687s][info][gc,phases      ] GC(977)   Merge Heap Roots: 0.73ms
[3899.687s][info][gc,phases      ] GC(977)   Evacuate Collection Set: 135.01ms
[3899.687s][info][gc,phases      ] GC(977)   Post Evacuate Collection Set: 0.95ms
[3899.687s][info][gc,phases      ] GC(977)   Other: 0.10ms
[3899.687s][info][gc,heap        ] GC(977) Eden regions: 1100->0(1116)
[3899.687s][info][gc,heap        ] GC(977) Survivor regions: 113->112(152)
[3899.687s][info][gc,heap        ] GC(977) Old regions: 539->475
[3899.687s][info][gc,heap        ] GC(977) Humongous regions: 80->80
[3899.687s][info][gc,metaspace   ] GC(977) Metaspace: 28912K(29376K)->28912K(29376K) NonClass: 24042K(24256K)->24042K(24256K) Class: 4869K(5120K)->4869K(5120K)
[3899.687s][info][gc             ] GC(977) Pause Young (Mixed) (G1 Evacuation Pause) 3661M->1331M(4096M) 137.279ms
[3899.687s][info][gc,cpu         ] GC(977) User=0.82s Sys=0.00s Real=0.13s
...[3902.354s][info][gc,start       ] GC(978) Pause Young (Concurrent Start) (G1 Evacuation Pause)
[3902.354s][info][gc,task        ] GC(978) Using 6 workers of 6 for evacuation
[3902.473s][info][gc,phases      ] GC(978)   Pre Evacuate Collection Set: 0.39ms
[3902.473s][info][gc,phases      ] GC(978)   Merge Heap Roots: 0.53ms
[3902.473s][info][gc,phases      ] GC(978)   Evacuate Collection Set: 116.26ms
[3902.473s][info][gc,phases      ] GC(978)   Post Evacuate Collection Set: 0.89ms
[3902.473s][info][gc,phases      ] GC(978)   Other: 0.10ms
[3902.473s][info][gc,heap        ] GC(978) Eden regions: 1116->0(1118)
[3902.473s][info][gc,heap        ] GC(978) Survivor regions: 112->110(154)
[3902.473s][info][gc,heap        ] GC(978) Old regions: 475->507
[3902.473s][info][gc,heap        ] GC(978) Humongous regions: 80->80
[3902.473s][info][gc,metaspace   ] GC(978) Metaspace: 28912K(29376K)->28912K(29376K) NonClass: 24042K(24256K)->24042K(24256K) Class: 4869K(5120K)->4869K(5120K)
[3902.473s][info][gc             ] GC(978) Pause Young (Concurrent Start) (G1 Evacuation Pause) 3563M->1391M(4096M) 118.302ms
[3902.473s][info][gc             ] GC(979) Concurrent Mark Cycle
[3902.473s][info][gc,marking     ] GC(979) Concurrent Scan Root Regions
[3902.473s][info][gc,cpu         ] GC(978) User=0.70s Sys=0.00s Real=0.12s
[3902.668s][info][gc,marking     ] GC(979) Concurrent Scan Root Regions 195.223ms
[3902.668s][info][gc,marking     ] GC(979) Concurrent Mark
[3902.668s][info][gc,marking     ] GC(979) Concurrent Mark From Roots
[3902.668s][info][gc,task        ] GC(979) Using 2 workers of 2 for marking
..[3903.732s][info][gc,marking     ] GC(979) Concurrent Mark From Roots 1063.590ms
[3903.732s][info][gc,marking     ] GC(979) Concurrent Preclean
[3903.732s][info][gc,marking     ] GC(979) Concurrent Preclean 0.110ms
[3903.732s][info][gc,start       ] GC(979) Pause Remark
[3903.739s][info][gc             ] GC(979) Pause Remark 2548M->2548M(4096M) 7.197ms
[3903.740s][info][gc,cpu         ] GC(979) User=0.04s Sys=0.00s Real=0.01s
[3903.740s][info][gc,marking     ] GC(979) Concurrent Mark 1071.827ms
[3903.740s][info][gc,marking     ] GC(979) Concurrent Rebuild Remembered Sets and Scrub Regions
[3903.987s][info][gc,marking     ] GC(979) Concurrent Rebuild Remembered Sets and Scrub Regions 247.339ms
[3903.987s][info][gc,start       ] GC(979) Pause Cleanup
[3903.987s][info][gc             ] GC(979) Pause Cleanup 2734M->2734M(4096M) 0.129ms
[3903.987s][info][gc,cpu         ] GC(979) User=0.00s Sys=0.00s Real=0.00s
[3903.987s][info][gc,marking     ] GC(979) Concurrent Clear Claimed Marks
[3903.988s][info][gc,marking     ] GC(979) Concurrent Clear Claimed Marks 0.028ms
[3903.988s][info][gc,marking     ] GC(979) Concurrent Cleanup for Next Mark
[3903.992s][info][gc,marking     ] GC(979) Concurrent Cleanup for Next Mark 4.749ms
[3903.992s][info][gc             ] GC(979) Concurrent Mark Cycle 1519.691ms
.[3905.039s][info][gc,start       ] GC(980) Pause Young (Prepare Mixed) (G1 Evacuation Pause)
[3905.039s][info][gc,task        ] GC(980) Using 6 workers of 6 for evacuation
[3905.162s][info][gc,phases      ] GC(980)   Pre Evacuate Collection Set: 0.34ms
[3905.162s][info][gc,phases      ] GC(980)   Merge Heap Roots: 0.57ms
[3905.162s][info][gc,phases      ] GC(980)   Evacuate Collection Set: 120.78ms
[3905.162s][info][gc,phases      ] GC(980)   Post Evacuate Collection Set: 0.89ms
[3905.162s][info][gc,phases      ] GC(980)   Other: 0.10ms
[3905.162s][info][gc,heap        ] GC(980) Eden regions: 1118->0(1101)
[3905.162s][info][gc,heap        ] GC(980) Survivor regions: 110->113(154)
[3905.162s][info][gc,heap        ] GC(980) Old regions: 507->538
[3905.162s][info][gc,heap        ] GC(980) Humongous regions: 80->80
[3905.162s][info][gc,metaspace   ] GC(980) Metaspace: 28912K(29376K)->28912K(29376K) NonClass: 24042K(24256K)->24042K(24256K) Class: 4869K(5120K)->4869K(5120K)
[3905.162s][info][gc             ] GC(980) Pause Young (Prepare Mixed) (G1 Evacuation Pause) 3627M->1461M(4096M) 122.816ms
[3905.162s][info][gc,cpu         ] GC(980) User=0.73s Sys=0.00s Real=0.12s
...[3907.745s][info][gc,start       ] GC(981) Pause Young (Mixed) (G1 Evacuation Pause)
[3907.745s][info][gc,task        ] GC(981) Using 6 workers of 6 for evacuation
[3907.882s][info][gc,phases      ] GC(981)   Pre Evacuate Collection Set: 0.39ms
[3907.882s][info][gc,phases      ] GC(981)   Merge Heap Roots: 0.73ms
[3907.882s][info][gc,phases      ] GC(981)   Evacuate Collection Set: 134.99ms
[3907.882s][info][gc,phases      ] GC(981)   Post Evacuate Collection Set: 0.94ms
[3907.882s][info][gc,phases      ] GC(981)   Other: 0.09ms
[3907.882s][info][gc,heap        ] GC(981) Eden regions: 1101->0(1116)
[3907.882s][info][gc,heap        ] GC(981) Survivor regions: 113->112(152)
[3907.882s][info][gc,heap        ] GC(981) Old regions: 538->474
[3907.882s][info][gc,heap        ] GC(981) Humongous regions: 80->80
[3907.882s][info][gc,metaspace   ] GC(981) Metaspace: 28912K(29376K)->28912K(29376K) NonClass: 24042K(24256K)->24042K(24256K) Class: 4869K(5120K)->4869K(5120K)
[3907.882s][info][gc             ] GC(981) Pause Young (Mixed) (G1 Evacuation Pause) 3663M->1330M(4096M) 137.275ms
[3907.882s][info][gc,cpu         ] GC(981) User=0.81s Sys=0.00s Real=0.14s
. (rIR:aIR:PR = 6918:6933:6934) (tPR = 103571) [OK] 
  3908s: Performance info:
         Transaction,    Success,    Partial,     Failed,   Receipts, AvgBarcode, 
             Overall,     420500,          0,          0,     399401,      59.48, 
         Response times:
             Request,    Success,    Partial,     Failed,   SkipFail,     Probes,    Samples,      min,      p50,      p90,      p95,      p99,      max, 
       TotalPurchase,     399388,          0,          0,          0,     362074,     427500,      300,     5900,    43000,    73000,   132000,   287000,
     InStorePurchase,     210254,          0,          0,          0,     191236,     225615,      300,     5900,    43000,    72000,   130000,   269000,
      OnlinePurchase,     147216,          0,          0,          0,     132590,     156513,      300,     5900,    42000,    74300,   133000,   269000,
        InstPurchase,      41918,          0,          0,          0,      38248,      45372,      400,     6100,    45000,    71000,   132000,   287000,
          AssocOfCat,        423,          0,          0,          0,        358,        492,    23000,    41000,   102000,   132350,   197210,   225000,
      AssocOfProduct,       4201,          0,          0,          0,       3930,       4913,      500,     4500,    39000,    66000,   127000,   175000,
      BusinessReport,       1054,          0,          0,          0,        930,       1250,    29000,    44000,   109000,   144000,   191000,   301000,
          CustBuyBeh,       4193,          0,          0,          0,       3895,       4779,      200,     3800,    33000,    60000,   115200,   175000,
       ProductReturn,      11171,          0,          0,          0,       9532,      11516,      200,     5900,    40000,    69000,   131000,   268000,

  3908s: (51%)   IR =   7057 .[3910.500s][info][gc,start       ] GC(982) Pause Young (Concurrent Start) (G1 Evacuation Pause)
[3910.500s][info][gc,task        ] GC(982) Using 6 workers of 6 for evacuation
[3910.622s][info][gc,phases      ] GC(982)   Pre Evacuate Collection Set: 0.39ms
[3910.622s][info][gc,phases      ] GC(982)   Merge Heap Roots: 0.52ms
[3910.622s][info][gc,phases      ] GC(982)   Evacuate Collection Set: 119.99ms
[3910.622s][info][gc,phases      ] GC(982)   Post Evacuate Collection Set: 0.94ms
[3910.622s][info][gc,phases      ] GC(982)   Other: 0.13ms
[3910.622s][info][gc,heap        ] GC(982) Eden regions: 1116->0(1118)
[3910.622s][info][gc,heap        ] GC(982) Survivor regions: 112->110(154)
[3910.622s][info][gc,heap        ] GC(982) Old regions: 474->506
[3910.622s][info][gc,heap        ] GC(982) Humongous regions: 80->80
[3910.622s][info][gc,metaspace   ] GC(982) Metaspace: 28912K(29376K)->28912K(29376K) NonClass: 24042K(24256K)->24042K(24256K) Class: 4869K(5120K)->4869K(5120K)
[3910.622s][info][gc             ] GC(982) Pause Young (Concurrent Start) (G1 Evacuation Pause) 3562M->1390M(4096M) 122.131ms
[3910.622s][info][gc             ] GC(983) Concurrent Mark Cycle
[3910.622s][info][gc,marking     ] GC(983) Concurrent Scan Root Regions
[3910.622s][info][gc,cpu         ] GC(982) User=0.72s Sys=0.00s Real=0.12s
[3910.773s][info][gc,marking     ] GC(983) Concurrent Scan Root Regions 151.022ms
[3910.773s][info][gc,marking     ] GC(983) Concurrent Mark
[3910.773s][info][gc,marking     ] GC(983) Concurrent Mark From Roots
[3910.773s][info][gc,task        ] GC(983) Using 2 workers of 2 for marking
.[3911.508s][info][gc,marking     ] GC(983) Concurrent Mark From Roots 734.935ms
[3911.508s][info][gc,marking     ] GC(983) Concurrent Preclean
[3911.508s][info][gc,marking     ] GC(983) Concurrent Preclean 0.092ms
[3911.509s][info][gc,start       ] GC(983) Pause Remark
[3911.513s][info][gc             ] GC(983) Pause Remark 2186M->2186M(4096M) 3.995ms
[3911.513s][info][gc,cpu         ] GC(983) User=0.02s Sys=0.01s Real=0.01s
[3911.513s][info][gc,marking     ] GC(983) Concurrent Mark 740.008ms
[3911.513s][info][gc,marking     ] GC(983) Concurrent Rebuild Remembered Sets and Scrub Regions
[3911.845s][info][gc,marking     ] GC(983) Concurrent Rebuild Remembered Sets and Scrub Regions 331.783ms
[3911.845s][info][gc,start       ] GC(983) Pause Cleanup
[3911.845s][info][gc             ] GC(983) Pause Cleanup 2445M->2445M(4096M) 0.105ms
[3911.845s][info][gc,cpu         ] GC(983) User=0.00s Sys=0.00s Real=0.00s
.[3911.848s][info][gc,marking     ] GC(983) Concurrent Clear Claimed Marks
[3911.849s][info][gc,marking     ] GC(983) Concurrent Clear Claimed Marks 0.067ms
[3911.849s][info][gc,marking     ] GC(983) Concurrent Cleanup for Next Mark
[3911.884s][info][gc,marking     ] GC(983) Concurrent Cleanup for Next Mark 35.890ms
[3911.885s][info][gc             ] GC(983) Concurrent Mark Cycle 1262.315ms
.[3913.166s][info][gc,start       ] GC(984) Pause Young (Prepare Mixed) (G1 Evacuation Pause)
[3913.166s][info][gc,task        ] GC(984) Using 6 workers of 6 for evacuation
[3913.286s][info][gc,phases      ] GC(984)   Pre Evacuate Collection Set: 0.35ms
[3913.286s][info][gc,phases      ] GC(984)   Merge Heap Roots: 0.61ms
[3913.286s][info][gc,phases      ] GC(984)   Evacuate Collection Set: 118.25ms
[3913.286s][info][gc,phases      ] GC(984)   Post Evacuate Collection Set: 0.99ms
[3913.286s][info][gc,phases      ] GC(984)   Other: 0.08ms
[3913.286s][info][gc,heap        ] GC(984) Eden regions: 1118->0(1106)
[3913.286s][info][gc,heap        ] GC(984) Survivor regions: 110->111(154)
[3913.286s][info][gc,heap        ] GC(984) Old regions: 506->537
[3913.286s][info][gc,heap        ] GC(984) Humongous regions: 80->80
[3913.286s][info][gc,metaspace   ] GC(984) Metaspace: 28912K(29376K)->28912K(29376K) NonClass: 24042K(24256K)->24042K(24256K) Class: 4869K(5120K)->4869K(5120K)
[3913.286s][info][gc             ] GC(984) Pause Young (Prepare Mixed) (G1 Evacuation Pause) 3626M->1455M(4096M) 120.412ms
[3913.286s][info][gc,cpu         ] GC(984) User=0.72s Sys=0.00s Real=0.12s
..|.[3915.858s][info][gc,start       ] GC(985) Pause Young (Mixed) (G1 Evacuation Pause)
[3915.858s][info][gc,task        ] GC(985) Using 6 workers of 6 for evacuation
[3915.997s][info][gc,phases      ] GC(985)   Pre Evacuate Collection Set: 0.38ms
[3915.997s][info][gc,phases      ] GC(985)   Merge Heap Roots: 0.79ms
[3915.997s][info][gc,phases      ] GC(985)   Evacuate Collection Set: 136.68ms
[3915.997s][info][gc,phases      ] GC(985)   Post Evacuate Collection Set: 0.95ms
[3915.997s][info][gc,phases      ] GC(985)   Other: 0.09ms
[3915.997s][info][gc,heap        ] GC(985) Eden regions: 1106->0(1114)
[3915.997s][info][gc,heap        ] GC(985) Survivor regions: 111->114(153)
[3915.997s][info][gc,heap        ] GC(985) Old regions: 537->474
[3915.997s][info][gc,heap        ] GC(985) Humongous regions: 80->80
[3915.997s][info][gc,metaspace   ] GC(985) Metaspace: 28912K(29376K)->28912K(29376K) NonClass: 24042K(24256K)->24042K(24256K) Class: 4869K(5120K)->4869K(5120K)
[3915.997s][info][gc             ] GC(985) Pause Young (Mixed) (G1 Evacuation Pause) 3667M->1334M(4096M) 139.029ms
[3915.997s][info][gc,cpu         ] GC(985) User=0.83s Sys=0.00s Real=0.14s
..[3918.492s][info][gc,start       ] GC(986) Pause Young (Concurrent Start) (G1 Evacuation Pause)
[3918.492s][info][gc,task        ] GC(986) Using 6 workers of 6 for evacuation
[3918.609s][info][gc,phases      ] GC(986)   Pre Evacuate Collection Set: 0.39ms
[3918.609s][info][gc,phases      ] GC(986)   Merge Heap Roots: 0.57ms
[3918.609s][info][gc,phases      ] GC(986)   Evacuate Collection Set: 114.81ms
[3918.609s][info][gc,phases      ] GC(986)   Post Evacuate Collection Set: 0.89ms
[3918.609s][info][gc,phases      ] GC(986)   Other: 0.11ms
[3918.609s][info][gc,heap        ] GC(986) Eden regions: 1114->0(1119)
[3918.609s][info][gc,heap        ] GC(986) Survivor regions: 114->109(154)
[3918.609s][info][gc,heap        ] GC(986) Old regions: 474->506
[3918.609s][info][gc,heap        ] GC(986) Humongous regions: 80->80
[3918.609s][info][gc,metaspace   ] GC(986) Metaspace: 28912K(29376K)->28912K(29376K) NonClass: 24042K(24256K)->24042K(24256K) Class: 4869K(5120K)->4869K(5120K)
[3918.609s][info][gc             ] GC(986) Pause Young (Concurrent Start) (G1 Evacuation Pause) 3562M->1387M(4096M) 116.893ms
[3918.609s][info][gc             ] GC(987) Concurrent Mark Cycle
[3918.609s][info][gc,marking     ] GC(987) Concurrent Scan Root Regions
[3918.609s][info][gc,cpu         ] GC(986) User=0.69s Sys=0.00s Real=0.11s
[3918.757s][info][gc,marking     ] GC(987) Concurrent Scan Root Regions 147.964ms
[3918.757s][info][gc,marking     ] GC(987) Concurrent Mark
[3918.757s][info][gc,marking     ] GC(987) Concurrent Mark From Roots
[3918.757s][info][gc,task        ] GC(987) Using 2 workers of 2 for marking
.[3919.500s][info][gc,marking     ] GC(987) Concurrent Mark From Roots 742.411ms
[3919.500s][info][gc,marking     ] GC(987) Concurrent Preclean
[3919.500s][info][gc,marking     ] GC(987) Concurrent Preclean 0.088ms
[3919.500s][info][gc,start       ] GC(987) Pause Remark
[3919.505s][info][gc             ] GC(987) Pause Remark 2185M->2185M(4096M) 5.472ms
[3919.506s][info][gc,cpu         ] GC(987) User=0.03s Sys=0.00s Real=0.00s
[3919.506s][info][gc,marking     ] GC(987) Concurrent Mark 748.497ms
[3919.506s][info][gc,marking     ] GC(987) Concurrent Rebuild Remembered Sets and Scrub Regions
.[3919.867s][info][gc,marking     ] GC(987) Concurrent Rebuild Remembered Sets and Scrub Regions 361.063ms
[3919.867s][info][gc,start       ] GC(987) Pause Cleanup
[3919.867s][info][gc             ] GC(987) Pause Cleanup 2483M->2483M(4096M) 0.121ms
[3919.867s][info][gc,cpu         ] GC(987) User=0.00s Sys=0.00s Real=0.00s
[3919.867s][info][gc,marking     ] GC(987) Concurrent Clear Claimed Marks
[3919.867s][info][gc,marking     ] GC(987) Concurrent Clear Claimed Marks 0.036ms
[3919.867s][info][gc,marking     ] GC(987) Concurrent Cleanup for Next Mark
[3919.872s][info][gc,marking     ] GC(987) Concurrent Cleanup for Next Mark 4.774ms
[3919.872s][info][gc             ] GC(987) Concurrent Mark Cycle 1263.046ms
.[3921.189s][info][gc,start       ] GC(988) Pause Young (Prepare Mixed) (G1 Evacuation Pause)
[3921.190s][info][gc,task        ] GC(988) Using 6 workers of 6 for evacuation
[3921.309s][info][gc,phases      ] GC(988)   Pre Evacuate Collection Set: 0.31ms
[3921.309s][info][gc,phases      ] GC(988)   Merge Heap Roots: 0.56ms
[3921.309s][info][gc,phases      ] GC(988)   Evacuate Collection Set: 118.05ms
[3921.309s][info][gc,phases      ] GC(988)   Post Evacuate Collection Set: 0.88ms
[3921.309s][info][gc,phases      ] GC(988)   Other: 0.09ms
[3921.309s][info][gc,heap        ] GC(988) Eden regions: 1119->0(1107)
[3921.309s][info][gc,heap        ] GC(988) Survivor regions: 109->110(154)
[3921.309s][info][gc,heap        ] GC(988) Old regions: 506->538
[3921.309s][info][gc,heap        ] GC(988) Humongous regions: 80->80
[3921.309s][info][gc,metaspace   ] GC(988) Metaspace: 28912K(29376K)->28912K(29376K) NonClass: 24042K(24256K)->24042K(24256K) Class: 4869K(5120K)->4869K(5120K)
[3921.309s][info][gc             ] GC(988) Pause Young (Prepare Mixed) (G1 Evacuation Pause) 3625M->1454M(4096M) 120.036ms
[3921.310s][info][gc,cpu         ] GC(988) User=0.72s Sys=0.00s Real=0.12s
...[3923.876s][info][gc,start       ] GC(989) Pause Young (Mixed) (G1 Evacuation Pause)
[3923.876s][info][gc,task        ] GC(989) Using 6 workers of 6 for evacuation
[3924.013s][info][gc,phases      ] GC(989)   Pre Evacuate Collection Set: 0.37ms
[3924.013s][info][gc,phases      ] GC(989)   Merge Heap Roots: 0.72ms
[3924.013s][info][gc,phases      ] GC(989)   Evacuate Collection Set: 134.43ms
[3924.013s][info][gc,phases      ] GC(989)   Post Evacuate Collection Set: 0.96ms
[3924.013s][info][gc,phases      ] GC(989)   Other: 0.09ms
[3924.013s][info][gc,heap        ] GC(989) Eden regions: 1107->0(1113)
[3924.013s][info][gc,heap        ] GC(989) Survivor regions: 110->115(153)
[3924.013s][info][gc,heap        ] GC(989) Old regions: 538->473
[3924.013s][info][gc,heap        ] GC(989) Humongous regions: 80->80
[3924.013s][info][gc,metaspace   ] GC(989) Metaspace: 28912K(29376K)->28912K(29376K) NonClass: 24042K(24256K)->24042K(24256K) Class: 4869K(5120K)->4869K(5120K)
[3924.013s][info][gc             ] GC(989) Pause Young (Mixed) (G1 Evacuation Pause) 3668M->1333M(4096M) 136.696ms
[3924.013s][info][gc,cpu         ] GC(989) User=0.81s Sys=0.00s Real=0.14s
..[3926.499s][info][gc,start       ] GC(990) Pause Young (Concurrent Start) (G1 Evacuation Pause)
[3926.499s][info][gc,task        ] GC(990) Using 6 workers of 6 for evacuation
[3926.620s][info][gc,phases      ] GC(990)   Pre Evacuate Collection Set: 0.37ms
[3926.620s][info][gc,phases      ] GC(990)   Merge Heap Roots: 0.50ms
[3926.620s][info][gc,phases      ] GC(990)   Evacuate Collection Set: 119.32ms
[3926.620s][info][gc,phases      ] GC(990)   Post Evacuate Collection Set: 0.86ms
[3926.620s][info][gc,phases      ] GC(990)   Other: 0.11ms
[3926.620s][info][gc,heap        ] GC(990) Eden regions: 1113->0(1116)
[3926.620s][info][gc,heap        ] GC(990) Survivor regions: 115->112(154)
[3926.620s][info][gc,heap        ] GC(990) Old regions: 473->505
[3926.620s][info][gc,heap        ] GC(990) Humongous regions: 80->80
[3926.620s][info][gc,metaspace   ] GC(990) Metaspace: 28912K(29376K)->28912K(29376K) NonClass: 24042K(24256K)->24042K(24256K) Class: 4869K(5120K)->4869K(5120K)
[3926.620s][info][gc             ] GC(990) Pause Young (Concurrent Start) (G1 Evacuation Pause) 3559M->1392M(4096M) 121.285ms
[3926.620s][info][gc             ] GC(991) Concurrent Mark Cycle
[3926.620s][info][gc,marking     ] GC(991) Concurrent Scan Root Regions
[3926.620s][info][gc,cpu         ] GC(990) User=0.72s Sys=0.00s Real=0.13s
[3926.807s][info][gc,marking     ] GC(991) Concurrent Scan Root Regions 186.606ms
[3926.807s][info][gc,marking     ] GC(991) Concurrent Mark
[3926.807s][info][gc,marking     ] GC(991) Concurrent Mark From Roots
[3926.807s][info][gc,task        ] GC(991) Using 2 workers of 2 for marking
.[3927.778s][info][gc,marking     ] GC(991) Concurrent Mark From Roots 971.040ms
[3927.778s][info][gc,marking     ] GC(991) Concurrent Preclean
[3927.778s][info][gc,marking     ] GC(991) Concurrent Preclean 0.058ms
[3927.778s][info][gc,start       ] GC(991) Pause Remark
[3927.785s][info][gc             ] GC(991) Pause Remark 2417M->2417M(4096M) 7.006ms
[3927.785s][info][gc,cpu         ] GC(991) User=0.04s Sys=0.00s Real=0.01s
[3927.785s][info][gc,marking     ] GC(991) Concurrent Mark 978.363ms
[3927.785s][info][gc,marking     ] GC(991) Concurrent Rebuild Remembered Sets and Scrub Regions
.[3928.050s][info][gc,marking     ] GC(991) Concurrent Rebuild Remembered Sets and Scrub Regions 264.497ms
[3928.050s][info][gc,start       ] GC(991) Pause Cleanup
[3928.050s][info][gc             ] GC(991) Pause Cleanup 2645M->2645M(4096M) 0.127ms
[3928.050s][info][gc,cpu         ] GC(991) User=0.00s Sys=0.00s Real=0.00s
[3928.050s][info][gc,marking     ] GC(991) Concurrent Clear Claimed Marks
[3928.050s][info][gc,marking     ] GC(991) Concurrent Clear Claimed Marks 0.024ms
[3928.050s][info][gc,marking     ] GC(991) Concurrent Cleanup for Next Mark
[3928.056s][info][gc,marking     ] GC(991) Concurrent Cleanup for Next Mark 5.804ms
[3928.056s][info][gc             ] GC(991) Concurrent Mark Cycle 1435.782ms
.[3929.210s][info][gc,start       ] GC(992) Pause Young (Prepare Mixed) (G1 Evacuation Pause)
[3929.210s][info][gc,task        ] GC(992) Using 6 workers of 6 for evacuation
[3929.330s][info][gc,phases      ] GC(992)   Pre Evacuate Collection Set: 0.35ms
[3929.330s][info][gc,phases      ] GC(992)   Merge Heap Roots: 0.57ms
[3929.330s][info][gc,phases      ] GC(992)   Evacuate Collection Set: 118.08ms
[3929.330s][info][gc,phases      ] GC(992)   Post Evacuate Collection Set: 0.92ms
[3929.330s][info][gc,phases      ] GC(992)   Other: 0.09ms
[3929.330s][info][gc,heap        ] GC(992) Eden regions: 1116->0(1107)
[3929.330s][info][gc,heap        ] GC(992) Survivor regions: 112->110(154)
[3929.330s][info][gc,heap        ] GC(992) Old regions: 505->538
[3929.330s][info][gc,heap        ] GC(992) Humongous regions: 80->80
[3929.330s][info][gc,metaspace   ] GC(992) Metaspace: 28912K(29376K)->28912K(29376K) NonClass: 24042K(24256K)->24042K(24256K) Class: 4869K(5120K)->4869K(5120K)
[3929.330s][info][gc             ] GC(992) Pause Young (Prepare Mixed) (G1 Evacuation Pause) 3624M->1453M(4096M) 120.131ms
[3929.330s][info][gc,cpu         ] GC(992) User=0.71s Sys=0.00s Real=0.12s
..[3931.896s][info][gc,start       ] GC(993) Pause Young (Mixed) (G1 Evacuation Pause)
[3931.896s][info][gc,task        ] GC(993) Using 6 workers of 6 for evacuation
[3932.034s][info][gc,phases      ] GC(993)   Pre Evacuate Collection Set: 0.40ms
[3932.034s][info][gc,phases      ] GC(993)   Merge Heap Roots: 0.80ms
[3932.034s][info][gc,phases      ] GC(993)   Evacuate Collection Set: 135.80ms
[3932.034s][info][gc,phases      ] GC(993)   Post Evacuate Collection Set: 0.94ms
[3932.034s][info][gc,phases      ] GC(993)   Other: 0.09ms
[3932.034s][info][gc,heap        ] GC(993) Eden regions: 1107->0(1117)
[3932.034s][info][gc,heap        ] GC(993) Survivor regions: 110->111(153)
[3932.034s][info][gc,heap        ] GC(993) Old regions: 538->474
[3932.034s][info][gc,heap        ] GC(993) Humongous regions: 80->80
[3932.034s][info][gc,metaspace   ] GC(993) Metaspace: 28912K(29376K)->28912K(29376K) NonClass: 24042K(24256K)->24042K(24256K) Class: 4869K(5120K)->4869K(5120K)
[3932.034s][info][gc             ] GC(993) Pause Young (Mixed) (G1 Evacuation Pause) 3667M->1328M(4096M) 138.168ms
[3932.034s][info][gc,cpu         ] GC(993) User=0.82s Sys=0.00s Real=0.14s
...[3934.575s][info][gc,start       ] GC(994) Pause Young (Concurrent Start) (G1 Evacuation Pause)
[3934.575s][info][gc,task        ] GC(994) Using 6 workers of 6 for evacuation
[3934.693s][info][gc,phases      ] GC(994)   Pre Evacuate Collection Set: 0.42ms
[3934.693s][info][gc,phases      ] GC(994)   Merge Heap Roots: 0.51ms
[3934.693s][info][gc,phases      ] GC(994)   Evacuate Collection Set: 116.07ms
[3934.693s][info][gc,phases      ] GC(994)   Post Evacuate Collection Set: 0.86ms
[3934.693s][info][gc,phases      ] GC(994)   Other: 0.11ms
[3934.693s][info][gc,heap        ] GC(994) Eden regions: 1117->0(1117)
[3934.693s][info][gc,heap        ] GC(994) Survivor regions: 111->111(154)
[3934.693s][info][gc,heap        ] GC(994) Old regions: 474->505
[3934.693s][info][gc,heap        ] GC(994) Humongous regions: 80->80
[3934.693s][info][gc,metaspace   ] GC(994) Metaspace: 28912K(29376K)->28912K(29376K) NonClass: 24042K(24256K)->24042K(24256K) Class: 4869K(5120K)->4869K(5120K)
[3934.693s][info][gc             ] GC(994) Pause Young (Concurrent Start) (G1 Evacuation Pause) 3562M->1390M(4096M) 118.105ms
[3934.693s][info][gc             ] GC(995) Concurrent Mark Cycle
[3934.693s][info][gc,marking     ] GC(995) Concurrent Scan Root Regions
[3934.693s][info][gc,cpu         ] GC(994) User=0.71s Sys=0.00s Real=0.12s
[3934.832s][info][gc,marking     ] GC(995) Concurrent Scan Root Regions 139.332ms
[3934.832s][info][gc,marking     ] GC(995) Concurrent Mark
[3934.832s][info][gc,marking     ] GC(995) Concurrent Mark From Roots
[3934.832s][info][gc,task        ] GC(995) Using 2 workers of 2 for marking
.[3935.576s][info][gc,marking     ] GC(995) Concurrent Mark From Roots 743.483ms
[3935.576s][info][gc,marking     ] GC(995) Concurrent Preclean
[3935.576s][info][gc,marking     ] GC(995) Concurrent Preclean 0.090ms
[3935.577s][info][gc,start       ] GC(995) Pause Remark
[3935.582s][info][gc             ] GC(995) Pause Remark 2146M->2146M(4096M) 5.287ms
[3935.582s][info][gc,cpu         ] GC(995) User=0.03s Sys=0.00s Real=0.01s
[3935.582s][info][gc,marking     ] GC(995) Concurrent Mark 750.023ms
[3935.582s][info][gc,marking     ] GC(995) Concurrent Rebuild Remembered Sets and Scrub Regions
[3935.914s][info][gc,marking     ] GC(995) Concurrent Rebuild Remembered Sets and Scrub Regions 331.949ms
[3935.915s][info][gc,start       ] GC(995) Pause Cleanup
[3935.915s][info][gc             ] GC(995) Pause Cleanup 2460M->2460M(4096M) 0.117ms
[3935.915s][info][gc,cpu         ] GC(995) User=0.00s Sys=0.00s Real=0.00s
[3935.915s][info][gc,marking     ] GC(995) Concurrent Clear Claimed Marks
[3935.915s][info][gc,marking     ] GC(995) Concurrent Clear Claimed Marks 0.036ms
[3935.915s][info][gc,marking     ] GC(995) Concurrent Cleanup for Next Mark
[3935.921s][info][gc,marking     ] GC(995) Concurrent Cleanup for Next Mark 5.395ms
[3935.921s][info][gc             ] GC(995) Concurrent Mark Cycle 1228.044ms
..[3937.233s][info][gc,start       ] GC(996) Pause Young (Prepare Mixed) (G1 Evacuation Pause)
[3937.234s][info][gc,task        ] GC(996) Using 6 workers of 6 for evacuation
[3937.351s][info][gc,phases      ] GC(996)   Pre Evacuate Collection Set: 0.33ms
[3937.351s][info][gc,phases      ] GC(996)   Merge Heap Roots: 0.53ms
[3937.351s][info][gc,phases      ] GC(996)   Evacuate Collection Set: 115.13ms
[3937.351s][info][gc,phases      ] GC(996)   Post Evacuate Collection Set: 0.95ms
[3937.351s][info][gc,phases      ] GC(996)   Other: 0.09ms
[3937.351s][info][gc,heap        ] GC(996) Eden regions: 1117->0(1110)
[3937.351s][info][gc,heap        ] GC(996) Survivor regions: 111->109(154)
[3937.351s][info][gc,heap        ] GC(996) Old regions: 505->537
[3937.351s][info][gc,heap        ] GC(996) Humongous regions: 80->80
[3937.351s][info][gc,metaspace   ] GC(996) Metaspace: 28912K(29376K)->28912K(29376K) NonClass: 24042K(24256K)->24042K(24256K) Class: 4869K(5120K)->4869K(5120K)
[3937.351s][info][gc             ] GC(996) Pause Young (Prepare Mixed) (G1 Evacuation Pause) 3624M->1451M(4096M) 117.150ms
[3937.351s][info][gc,cpu         ] GC(996) User=0.69s Sys=0.00s Real=0.12s
..[3939.870s][info][gc,start       ] GC(997) Pause Young (Mixed) (G1 Evacuation Pause)
[3939.870s][info][gc,task        ] GC(997) Using 6 workers of 6 for evacuation
[3940.009s][info][gc,phases      ] GC(997)   Pre Evacuate Collection Set: 0.35ms
[3940.009s][info][gc,phases      ] GC(997)   Merge Heap Roots: 0.73ms
[3940.009s][info][gc,phases      ] GC(997)   Evacuate Collection Set: 137.07ms
[3940.009s][info][gc,phases      ] GC(997)   Post Evacuate Collection Set: 0.95ms
[3940.009s][info][gc,phases      ] GC(997)   Other: 0.09ms
[3940.009s][info][gc,heap        ] GC(997) Eden regions: 1110->0(1113)
[3940.009s][info][gc,heap        ] GC(997) Survivor regions: 109->115(153)
[3940.009s][info][gc,heap        ] GC(997) Old regions: 537->474
[3940.009s][info][gc,heap        ] GC(997) Humongous regions: 80->80
[3940.009s][info][gc,metaspace   ] GC(997) Metaspace: 28912K(29376K)->28912K(29376K) NonClass: 24042K(24256K)->24042K(24256K) Class: 4869K(5120K)->4869K(5120K)
[3940.009s][info][gc             ] GC(997) Pause Young (Mixed) (G1 Evacuation Pause) 3671M->1336M(4096M) 139.330ms
[3940.009s][info][gc,cpu         ] GC(997) User=0.83s Sys=0.00s Real=0.14s
...[3942.616s][info][gc,start       ] GC(998) Pause Young (Concurrent Start) (G1 Evacuation Pause)
[3942.616s][info][gc,task        ] GC(998) Using 6 workers of 6 for evacuation
[3942.736s][info][gc,phases      ] GC(998)   Pre Evacuate Collection Set: 0.35ms
[3942.736s][info][gc,phases      ] GC(998)   Merge Heap Roots: 0.52ms
[3942.736s][info][gc,phases      ] GC(998)   Evacuate Collection Set: 117.78ms
[3942.736s][info][gc,phases      ] GC(998)   Post Evacuate Collection Set: 0.90ms
[3942.736s][info][gc,phases      ] GC(998)   Other: 0.10ms
[3942.736s][info][gc,heap        ] GC(998) Eden regions: 1113->0(1118)
[3942.736s][info][gc,heap        ] GC(998) Survivor regions: 115->110(154)
[3942.736s][info][gc,heap        ] GC(998) Old regions: 474->506
[3942.736s][info][gc,heap        ] GC(998) Humongous regions: 80->80
[3942.736s][info][gc,metaspace   ] GC(998) Metaspace: 28912K(29376K)->28912K(29376K) NonClass: 24042K(24256K)->24042K(24256K) Class: 4869K(5120K)->4869K(5120K)
[3942.736s][info][gc             ] GC(998) Pause Young (Concurrent Start) (G1 Evacuation Pause) 3562M->1391M(4096M) 119.768ms
[3942.736s][info][gc             ] GC(999) Concurrent Mark Cycle
[3942.736s][info][gc,marking     ] GC(999) Concurrent Scan Root Regions
[3942.736s][info][gc,cpu         ] GC(998) User=0.71s Sys=0.00s Real=0.12s
[3942.895s][info][gc,marking     ] GC(999) Concurrent Scan Root Regions 158.851ms
[3942.895s][info][gc,marking     ] GC(999) Concurrent Mark
[3942.895s][info][gc,marking     ] GC(999) Concurrent Mark From Roots
[3942.895s][info][gc,task        ] GC(999) Using 2 workers of 2 for marking
.[3943.659s][info][gc,marking     ] GC(999) Concurrent Mark From Roots 763.487ms
[3943.659s][info][gc,marking     ] GC(999) Concurrent Preclean
[3943.659s][info][gc,marking     ] GC(999) Concurrent Preclean 0.089ms
[3943.659s][info][gc,start       ] GC(999) Pause Remark
[3943.664s][info][gc             ] GC(999) Pause Remark 2207M->2207M(4096M) 4.768ms
[3943.664s][info][gc,cpu         ] GC(999) User=0.02s Sys=0.00s Real=0.01s
[3943.664s][info][gc,marking     ] GC(999) Concurrent Mark 768.736ms
[3943.664s][info][gc,marking     ] GC(999) Concurrent Rebuild Remembered Sets and Scrub Regions
[3943.994s][info][gc,marking     ] GC(999) Concurrent Rebuild Remembered Sets and Scrub Regions 330.176ms
[3943.996s][info][gc,start       ] GC(999) Pause Cleanup
[3943.996s][info][gc             ] GC(999) Pause Cleanup 2493M->2493M(4096M) 0.136ms
[3943.996s][info][gc,cpu         ] GC(999) User=0.00s Sys=0.00s Real=0.00s
[3943.997s][info][gc,marking     ] GC(999) Concurrent Clear Claimed Marks
[3943.997s][info][gc,marking     ] GC(999) Concurrent Clear Claimed Marks 0.039ms
[3943.997s][info][gc,marking     ] GC(999) Concurrent Cleanup for Next Mark
[3944.005s][info][gc,marking     ] GC(999) Concurrent Cleanup for Next Mark 7.509ms
[3944.005s][info][gc             ] GC(999) Concurrent Mark Cycle 1268.545ms
.[3945.256s][info][gc,start       ] GC(1000) Pause Young (Prepare Mixed) (G1 Evacuation Pause)
[3945.256s][info][gc,task        ] GC(1000) Using 6 workers of 6 for evacuation
[3945.376s][info][gc,phases      ] GC(1000)   Pre Evacuate Collection Set: 0.35ms
[3945.376s][info][gc,phases      ] GC(1000)   Merge Heap Roots: 0.62ms
[3945.376s][info][gc,phases      ] GC(1000)   Evacuate Collection Set: 116.84ms
[3945.376s][info][gc,phases      ] GC(1000)   Post Evacuate Collection Set: 0.90ms
[3945.376s][info][gc,phases      ] GC(1000)   Other: 0.83ms
[3945.376s][info][gc,heap        ] GC(1000) Eden regions: 1118->0(1107)
[3945.376s][info][gc,heap        ] GC(1000) Survivor regions: 110->110(154)
[3945.376s][info][gc,heap        ] GC(1000) Old regions: 506->538
[3945.376s][info][gc,heap        ] GC(1000) Humongous regions: 80->80
[3945.376s][info][gc,metaspace   ] GC(1000) Metaspace: 28912K(29376K)->28912K(29376K) NonClass: 24042K(24256K)->24042K(24256K) Class: 4869K(5120K)->4869K(5120K)
[3945.376s][info][gc             ] GC(1000) Pause Young (Prepare Mixed) (G1 Evacuation Pause) 3627M->1453M(4096M) 119.686ms
[3945.376s][info][gc,cpu         ] GC(1000) User=0.71s Sys=0.00s Real=0.12s
...[3947.934s][info][gc,start       ] GC(1001) Pause Young (Mixed) (G1 Evacuation Pause)
[3947.934s][info][gc,task        ] GC(1001) Using 6 workers of 6 for evacuation
[3948.071s][info][gc,phases      ] GC(1001)   Pre Evacuate Collection Set: 0.33ms
[3948.071s][info][gc,phases      ] GC(1001)   Merge Heap Roots: 0.78ms
[3948.071s][info][gc,phases      ] GC(1001)   Evacuate Collection Set: 134.81ms
[3948.071s][info][gc,phases      ] GC(1001)   Post Evacuate Collection Set: 0.94ms
[3948.071s][info][gc,phases      ] GC(1001)   Other: 0.09ms
[3948.071s][info][gc,heap        ] GC(1001) Eden regions: 1107->0(1118)
[3948.071s][info][gc,heap        ] GC(1001) Survivor regions: 110->110(153)
[3948.071s][info][gc,heap        ] GC(1001) Old regions: 538->475
[3948.071s][info][gc,heap        ] GC(1001) Humongous regions: 80->80
[3948.071s][info][gc,metaspace   ] GC(1001) Metaspace: 28912K(29376K)->28912K(29376K) NonClass: 24042K(24256K)->24042K(24256K) Class: 4869K(5120K)->4869K(5120K)
[3948.071s][info][gc             ] GC(1001) Pause Young (Mixed) (G1 Evacuation Pause) 3667M->1328M(4096M) 137.079ms
[3948.071s][info][gc,cpu         ] GC(1001) User=0.81s Sys=0.00s Real=0.14s
...[3950.666s][info][gc,start       ] GC(1002) Pause Young (Concurrent Start) (G1 Evacuation Pause)
[3950.666s][info][gc,task        ] GC(1002) Using 6 workers of 6 for evacuation
[3950.784s][info][gc,phases      ] GC(1002)   Pre Evacuate Collection Set: 0.37ms
[3950.784s][info][gc,phases      ] GC(1002)   Merge Heap Roots: 0.57ms
[3950.784s][info][gc,phases      ] GC(1002)   Evacuate Collection Set: 115.95ms
[3950.784s][info][gc,phases      ] GC(1002)   Post Evacuate Collection Set: 0.86ms
[3950.784s][info][gc,phases      ] GC(1002)   Other: 0.13ms
[3950.784s][info][gc,heap        ] GC(1002) Eden regions: 1118->0(1118)
[3950.784s][info][gc,heap        ] GC(1002) Survivor regions: 110->110(154)
[3950.784s][info][gc,heap        ] GC(1002) Old regions: 475->507
[3950.784s][info][gc,heap        ] GC(1002) Humongous regions: 80->80
[3950.784s][info][gc,metaspace   ] GC(1002) Metaspace: 28912K(29376K)->28912K(29376K) NonClass: 24042K(24256K)->24042K(24256K) Class: 4869K(5120K)->4869K(5120K)
[3950.784s][info][gc             ] GC(1002) Pause Young (Concurrent Start) (G1 Evacuation Pause) 3564M->1391M(4096M) 118.006ms
[3950.784s][info][gc             ] GC(1003) Concurrent Mark Cycle
[3950.784s][info][gc,marking     ] GC(1003) Concurrent Scan Root Regions
[3950.784s][info][gc,cpu         ] GC(1002) User=0.70s Sys=0.00s Real=0.12s
[3950.912s][info][gc,marking     ] GC(1003) Concurrent Scan Root Regions 127.925ms
[3950.912s][info][gc,marking     ] GC(1003) Concurrent Mark
[3950.912s][info][gc,marking     ] GC(1003) Concurrent Mark From Roots
[3950.912s][info][gc,task        ] GC(1003) Using 2 workers of 2 for marking
.[3951.653s][info][gc,marking     ] GC(1003) Concurrent Mark From Roots 740.177ms
[3951.653s][info][gc,marking     ] GC(1003) Concurrent Preclean
[3951.653s][info][gc,marking     ] GC(1003) Concurrent Preclean 0.083ms
[3951.653s][info][gc,start       ] GC(1003) Pause Remark
[3951.657s][info][gc             ] GC(1003) Pause Remark 2138M->2138M(4096M) 4.360ms
[3951.657s][info][gc,cpu         ] GC(1003) User=0.02s Sys=0.00s Real=0.00s
[3951.658s][info][gc,marking     ] GC(1003) Concurrent Mark 745.850ms
[3951.658s][info][gc,marking     ] GC(1003) Concurrent Rebuild Remembered Sets and Scrub Regions
[3951.981s][info][gc,marking     ] GC(1003) Concurrent Rebuild Remembered Sets and Scrub Regions 322.855ms
[3951.982s][info][gc,start       ] GC(1003) Pause Cleanup
[3951.982s][info][gc             ] GC(1003) Pause Cleanup 2437M->2437M(4096M) 0.117ms
[3951.982s][info][gc,cpu         ] GC(1003) User=0.00s Sys=0.00s Real=0.00s
[3951.983s][info][gc,marking     ] GC(1003) Concurrent Clear Claimed Marks
[3951.983s][info][gc,marking     ] GC(1003) Concurrent Clear Claimed Marks 0.033ms
[3951.983s][info][gc,marking     ] GC(1003) Concurrent Cleanup for Next Mark
[3951.989s][info][gc,marking     ] GC(1003) Concurrent Cleanup for Next Mark 6.393ms
[3951.989s][info][gc             ] GC(1003) Concurrent Mark Cycle 1204.909ms
.[3953.322s][info][gc,start       ] GC(1004) Pause Young (Prepare Mixed) (G1 Evacuation Pause)
[3953.322s][info][gc,task        ] GC(1004) Using 6 workers of 6 for evacuation
[3953.446s][info][gc,phases      ] GC(1004)   Pre Evacuate Collection Set: 0.32ms
[3953.446s][info][gc,phases      ] GC(1004)   Merge Heap Roots: 0.65ms
[3953.446s][info][gc,phases      ] GC(1004)   Evacuate Collection Set: 122.06ms
[3953.446s][info][gc,phases      ] GC(1004)   Post Evacuate Collection Set: 0.91ms
[3953.446s][info][gc,phases      ] GC(1004)   Other: 0.09ms
[3953.446s][info][gc,heap        ] GC(1004) Eden regions: 1118->0(1099)
[3953.446s][info][gc,heap        ] GC(1004) Survivor regions: 110->114(154)
[3953.446s][info][gc,heap        ] GC(1004) Old regions: 507->538
[3953.446s][info][gc,heap        ] GC(1004) Humongous regions: 80->80
[3953.446s][info][gc,metaspace   ] GC(1004) Metaspace: 28912K(29376K)->28912K(29376K) NonClass: 24042K(24256K)->24042K(24256K) Class: 4869K(5120K)->4869K(5120K)
[3953.446s][info][gc             ] GC(1004) Pause Young (Prepare Mixed) (G1 Evacuation Pause) 3627M->1462M(4096M) 124.159ms
[3953.446s][info][gc,cpu         ] GC(1004) User=0.73s Sys=0.00s Real=0.12s
...[3955.947s][info][gc,start       ] GC(1005) Pause Young (Mixed) (G1 Evacuation Pause)
[3955.948s][info][gc,task        ] GC(1005) Using 6 workers of 6 for evacuation
[3956.080s][info][gc,phases      ] GC(1005)   Pre Evacuate Collection Set: 0.35ms
[3956.080s][info][gc,phases      ] GC(1005)   Merge Heap Roots: 0.72ms
[3956.080s][info][gc,phases      ] GC(1005)   Evacuate Collection Set: 130.63ms
[3956.080s][info][gc,phases      ] GC(1005)   Post Evacuate Collection Set: 0.93ms
[3956.080s][info][gc,phases      ] GC(1005)   Other: 0.09ms
[3956.080s][info][gc,heap        ] GC(1005) Eden regions: 1099->0(1120)
[3956.080s][info][gc,heap        ] GC(1005) Survivor regions: 114->108(152)
[3956.080s][info][gc,heap        ] GC(1005) Old regions: 538->475
[3956.080s][info][gc,heap        ] GC(1005) Humongous regions: 80->80
[3956.080s][info][gc,metaspace   ] GC(1005) Metaspace: 28912K(29376K)->28912K(29376K) NonClass: 24042K(24256K)->24042K(24256K) Class: 4869K(5120K)->4869K(5120K)
[3956.080s][info][gc             ] GC(1005) Pause Young (Mixed) (G1 Evacuation Pause) 3660M->1325M(4096M) 132.840ms
[3956.080s][info][gc,cpu         ] GC(1005) User=0.79s Sys=0.01s Real=0.14s
...[3958.609s][info][gc,start       ] GC(1006) Pause Young (Concurrent Start) (G1 Evacuation Pause)
[3958.609s][info][gc,task        ] GC(1006) Using 6 workers of 6 for evacuation
[3958.726s][info][gc,phases      ] GC(1006)   Pre Evacuate Collection Set: 0.34ms
[3958.726s][info][gc,phases      ] GC(1006)   Merge Heap Roots: 0.49ms
[3958.726s][info][gc,phases      ] GC(1006)   Evacuate Collection Set: 115.16ms
[3958.726s][info][gc,phases      ] GC(1006)   Post Evacuate Collection Set: 0.88ms
[3958.726s][info][gc,phases      ] GC(1006)   Other: 0.10ms
[3958.726s][info][gc,heap        ] GC(1006) Eden regions: 1120->0(1119)
[3958.726s][info][gc,heap        ] GC(1006) Survivor regions: 108->109(154)
[3958.726s][info][gc,heap        ] GC(1006) Old regions: 475->507
[3958.726s][info][gc,heap        ] GC(1006) Humongous regions: 80->80
[3958.726s][info][gc,metaspace   ] GC(1006) Metaspace: 28912K(29376K)->28912K(29376K) NonClass: 24042K(24256K)->24042K(24256K) Class: 4869K(5120K)->4869K(5120K)
[3958.726s][info][gc             ] GC(1006) Pause Young (Concurrent Start) (G1 Evacuation Pause) 3565M->1391M(4096M) 117.095ms
[3958.726s][info][gc             ] GC(1007) Concurrent Mark Cycle
[3958.726s][info][gc,marking     ] GC(1007) Concurrent Scan Root Regions
[3958.726s][info][gc,cpu         ] GC(1006) User=0.69s Sys=0.00s Real=0.12s
[3958.914s][info][gc,marking     ] GC(1007) Concurrent Scan Root Regions 188.651ms
[3958.915s][info][gc,marking     ] GC(1007) Concurrent Mark
[3958.915s][info][gc,marking     ] GC(1007) Concurrent Mark From Roots
[3958.915s][info][gc,task        ] GC(1007) Using 2 workers of 2 for marking
.[3959.908s][info][gc,marking     ] GC(1007) Concurrent Mark From Roots 993.228ms
[3959.908s][info][gc,marking     ] GC(1007) Concurrent Preclean
[3959.908s][info][gc,marking     ] GC(1007) Concurrent Preclean 0.087ms
[3959.909s][info][gc,start       ] GC(1007) Pause Remark
[3959.918s][info][gc             ] GC(1007) Pause Remark 2417M->2417M(4096M) 8.144ms
[3959.918s][info][gc,cpu         ] GC(1007) User=0.05s Sys=0.00s Real=0.00s
[3959.918s][info][gc,marking     ] GC(1007) Concurrent Mark 1003.254ms
[3959.918s][info][gc,marking     ] GC(1007) Concurrent Rebuild Remembered Sets and Scrub Regions
[3960.228s][info][gc,marking     ] GC(1007) Concurrent Rebuild Remembered Sets and Scrub Regions 310.254ms
[3960.229s][info][gc,start       ] GC(1007) Pause Cleanup
[3960.229s][info][gc             ] GC(1007) Pause Cleanup 2681M->2681M(4096M) 0.122ms
[3960.229s][info][gc,cpu         ] GC(1007) User=0.00s Sys=0.00s Real=0.00s
[3960.229s][info][gc,marking     ] GC(1007) Concurrent Clear Claimed Marks
[3960.229s][info][gc,marking     ] GC(1007) Concurrent Clear Claimed Marks 0.033ms
[3960.229s][info][gc,marking     ] GC(1007) Concurrent Cleanup for Next Mark
[3960.235s][info][gc,marking     ] GC(1007) Concurrent Cleanup for Next Mark 5.312ms
[3960.235s][info][gc             ] GC(1007) Concurrent Mark Cycle 1508.761ms
.[3961.296s][info][gc,start       ] GC(1008) Pause Young (Prepare Mixed) (G1 Evacuation Pause)
[3961.296s][info][gc,task        ] GC(1008) Using 6 workers of 6 for evacuation
[3961.417s][info][gc,phases      ] GC(1008)   Pre Evacuate Collection Set: 0.32ms
[3961.417s][info][gc,phases      ] GC(1008)   Merge Heap Roots: 0.55ms
[3961.417s][info][gc,phases      ] GC(1008)   Evacuate Collection Set: 119.06ms
[3961.417s][info][gc,phases      ] GC(1008)   Post Evacuate Collection Set: 0.89ms
[3961.417s][info][gc,phases      ] GC(1008)   Other: 0.09ms
[3961.417s][info][gc,heap        ] GC(1008) Eden regions: 1119->0(1103)
[3961.417s][info][gc,heap        ] GC(1008) Survivor regions: 109->112(154)
[3961.417s][info][gc,heap        ] GC(1008) Old regions: 507->538
[3961.417s][info][gc,heap        ] GC(1008) Humongous regions: 80->80
[3961.417s][info][gc,metaspace   ] GC(1008) Metaspace: 28912K(29376K)->28912K(29376K) NonClass: 24042K(24256K)->24042K(24256K) Class: 4869K(5120K)->4869K(5120K)
[3961.417s][info][gc             ] GC(1008) Pause Young (Prepare Mixed) (G1 Evacuation Pause) 3629M->1458M(4096M) 121.041ms
[3961.417s][info][gc,cpu         ] GC(1008) User=0.72s Sys=0.00s Real=0.12s
...[3963.973s][info][gc,start       ] GC(1009) Pause Young (Mixed) (G1 Evacuation Pause)
[3963.973s][info][gc,task        ] GC(1009) Using 6 workers of 6 for evacuation
[3964.111s][info][gc,phases      ] GC(1009)   Pre Evacuate Collection Set: 0.34ms
[3964.111s][info][gc,phases      ] GC(1009)   Merge Heap Roots: 0.72ms
[3964.111s][info][gc,phases      ] GC(1009)   Evacuate Collection Set: 136.33ms
[3964.111s][info][gc,phases      ] GC(1009)   Post Evacuate Collection Set: 0.96ms
[3964.111s][info][gc,phases      ] GC(1009)   Other: 0.08ms
[3964.111s][info][gc,heap        ] GC(1009) Eden regions: 1103->0(1115)
[3964.111s][info][gc,heap        ] GC(1009) Survivor regions: 112->113(152)
[3964.111s][info][gc,heap        ] GC(1009) Old regions: 538->472
[3964.111s][info][gc,heap        ] GC(1009) Humongous regions: 80->80
[3964.111s][info][gc,metaspace   ] GC(1009) Metaspace: 28912K(29376K)->28912K(29376K) NonClass: 24042K(24256K)->24042K(24256K) Class: 4869K(5120K)->4869K(5120K)
[3964.111s][info][gc             ] GC(1009) Pause Young (Mixed) (G1 Evacuation Pause) 3664M->1328M(4096M) 138.569ms
[3964.111s][info][gc,cpu         ] GC(1009) User=0.82s Sys=0.00s Real=0.14s
...[3966.712s][info][gc,start       ] GC(1010) Pause Young (Concurrent Start) (G1 Evacuation Pause)
[3966.712s][info][gc,task        ] GC(1010) Using 6 workers of 6 for evacuation
[3966.831s][info][gc,phases      ] GC(1010)   Pre Evacuate Collection Set: 0.36ms
[3966.831s][info][gc,phases      ] GC(1010)   Merge Heap Roots: 0.49ms
[3966.831s][info][gc,phases      ] GC(1010)   Evacuate Collection Set: 116.78ms
[3966.831s][info][gc,phases      ] GC(1010)   Post Evacuate Collection Set: 0.87ms
[3966.831s][info][gc,phases      ] GC(1010)   Other: 0.09ms
[3966.831s][info][gc,heap        ] GC(1010) Eden regions: 1115->0(1117)
[3966.831s][info][gc,heap        ] GC(1010) Survivor regions: 113->111(154)
[3966.831s][info][gc,heap        ] GC(1010) Old regions: 472->504
[3966.831s][info][gc,heap        ] GC(1010) Humongous regions: 80->80
[3966.831s][info][gc,metaspace   ] GC(1010) Metaspace: 28912K(29376K)->28912K(29376K) NonClass: 24042K(24256K)->24042K(24256K) Class: 4869K(5120K)->4869K(5120K)
[3966.831s][info][gc             ] GC(1010) Pause Young (Concurrent Start) (G1 Evacuation Pause) 3558M->1389M(4096M) 118.729ms
[3966.831s][info][gc             ] GC(1011) Concurrent Mark Cycle
[3966.831s][info][gc,marking     ] GC(1011) Concurrent Scan Root Regions
[3966.831s][info][gc,cpu         ] GC(1010) User=0.70s Sys=0.00s Real=0.12s
[3966.985s][info][gc,marking     ] GC(1011) Concurrent Scan Root Regions 153.767ms
[3966.985s][info][gc,marking     ] GC(1011) Concurrent Mark
[3966.985s][info][gc,marking     ] GC(1011) Concurrent Mark From Roots
[3966.985s][info][gc,task        ] GC(1011) Using 2 workers of 2 for marking
.[3967.771s][info][gc,marking     ] GC(1011) Concurrent Mark From Roots 786.712ms
[3967.771s][info][gc,marking     ] GC(1011) Concurrent Preclean
[3967.772s][info][gc,marking     ] GC(1011) Concurrent Preclean 0.093ms
[3967.772s][info][gc,start       ] GC(1011) Pause Remark
[3967.776s][info][gc             ] GC(1011) Pause Remark 2208M->2208M(4096M) 4.639ms
[3967.776s][info][gc,cpu         ] GC(1011) User=0.03s Sys=0.00s Real=0.00s
[3967.776s][info][gc,marking     ] GC(1011) Concurrent Mark 791.803ms
[3967.776s][info][gc,marking     ] GC(1011) Concurrent Rebuild Remembered Sets and Scrub Regions
[3968.048s][info][gc,marking     ] GC(1011) Concurrent Rebuild Remembered Sets and Scrub Regions 271.789ms
[3968.049s][info][gc,start       ] GC(1011) Pause Cleanup
[3968.049s][info][gc             ] GC(1011) Pause Cleanup 2439M->2439M(4096M) 0.119ms
[3968.049s][info][gc,cpu         ] GC(1011) User=0.00s Sys=0.00s Real=0.00s
[3968.049s][info][gc,marking     ] GC(1011) Concurrent Clear Claimed Marks
[3968.049s][info][gc,marking     ] GC(1011) Concurrent Clear Claimed Marks 0.026ms
[3968.049s][info][gc,marking     ] GC(1011) Concurrent Cleanup for Next Mark
[3968.054s][info][gc,marking     ] GC(1011) Concurrent Cleanup for Next Mark 4.648ms
[3968.054s][info][gc             ] GC(1011) Concurrent Mark Cycle 1222.996ms
.[3969.423s][info][gc,start       ] GC(1012) Pause Young (Prepare Mixed) (G1 Evacuation Pause)
[3969.423s][info][gc,task        ] GC(1012) Using 6 workers of 6 for evacuation
[3969.541s][info][gc,phases      ] GC(1012)   Pre Evacuate Collection Set: 0.33ms
[3969.541s][info][gc,phases      ] GC(1012)   Merge Heap Roots: 0.53ms
[3969.541s][info][gc,phases      ] GC(1012)   Evacuate Collection Set: 116.07ms
[3969.541s][info][gc,phases      ] GC(1012)   Post Evacuate Collection Set: 0.91ms
[3969.541s][info][gc,phases      ] GC(1012)   Other: 0.08ms
[3969.541s][info][gc,heap        ] GC(1012) Eden regions: 1117->0(1109)
[3969.541s][info][gc,heap        ] GC(1012) Survivor regions: 111->110(154)
[3969.541s][info][gc,heap        ] GC(1012) Old regions: 504->536
[3969.541s][info][gc,heap        ] GC(1012) Humongous regions: 80->80
[3969.541s][info][gc,metaspace   ] GC(1012) Metaspace: 28912K(29376K)->28912K(29376K) NonClass: 24042K(24256K)->24042K(24256K) Class: 4869K(5120K)->4869K(5120K)
[3969.541s][info][gc             ] GC(1012) Pause Young (Prepare Mixed) (G1 Evacuation Pause) 3623M->1451M(4096M) 118.070ms
[3969.541s][info][gc,cpu         ] GC(1012) User=0.70s Sys=0.00s Real=0.12s
...[3972.047s][info][gc,start       ] GC(1013) Pause Young (Mixed) (G1 Evacuation Pause)
[3972.048s][info][gc,task        ] GC(1013) Using 6 workers of 6 for evacuation
[3972.180s][info][gc,phases      ] GC(1013)   Pre Evacuate Collection Set: 0.34ms
[3972.180s][info][gc,phases      ] GC(1013)   Merge Heap Roots: 0.70ms
[3972.180s][info][gc,phases      ] GC(1013)   Evacuate Collection Set: 129.92ms
[3972.180s][info][gc,phases      ] GC(1013)   Post Evacuate Collection Set: 0.94ms
[3972.180s][info][gc,phases      ] GC(1013)   Other: 0.08ms
[3972.180s][info][gc,heap        ] GC(1013) Eden regions: 1109->0(1120)
[3972.180s][info][gc,heap        ] GC(1013) Survivor regions: 110->108(153)
[3972.180s][info][gc,heap        ] GC(1013) Old regions: 536->475
[3972.180s][info][gc,heap        ] GC(1013) Humongous regions: 80->80
[3972.180s][info][gc,metaspace   ] GC(1013) Metaspace: 28912K(29376K)->28912K(29376K) NonClass: 24042K(24256K)->24042K(24256K) Class: 4869K(5120K)->4869K(5120K)
[3972.180s][info][gc             ] GC(1013) Pause Young (Mixed) (G1 Evacuation Pause) 3669M->1323M(4096M) 132.135ms
[3972.180s][info][gc,cpu         ] GC(1013) User=0.78s Sys=0.00s Real=0.14s
...[3974.705s][info][gc,start       ] GC(1014) Pause Young (Concurrent Start) (G1 Evacuation Pause)
[3974.705s][info][gc,task        ] GC(1014) Using 6 workers of 6 for evacuation
[3974.825s][info][gc,phases      ] GC(1014)   Pre Evacuate Collection Set: 0.37ms
[3974.825s][info][gc,phases      ] GC(1014)   Merge Heap Roots: 0.51ms
[3974.825s][info][gc,phases      ] GC(1014)   Evacuate Collection Set: 117.46ms
[3974.825s][info][gc,phases      ] GC(1014)   Post Evacuate Collection Set: 0.91ms
[3974.825s][info][gc,phases      ] GC(1014)   Other: 0.10ms
[3974.825s][info][gc,heap        ] GC(1014) Eden regions: 1120->0(1117)
[3974.825s][info][gc,heap        ] GC(1014) Survivor regions: 108->111(154)
[3974.825s][info][gc,heap        ] GC(1014) Old regions: 475->507
[3974.825s][info][gc,heap        ] GC(1014) Humongous regions: 80->80
[3974.825s][info][gc,metaspace   ] GC(1014) Metaspace: 28912K(29376K)->28912K(29376K) NonClass: 24042K(24256K)->24042K(24256K) Class: 4869K(5120K)->4869K(5120K)
[3974.825s][info][gc             ] GC(1014) Pause Young (Concurrent Start) (G1 Evacuation Pause) 3563M->1394M(4096M) 119.492ms
[3974.825s][info][gc             ] GC(1015) Concurrent Mark Cycle
[3974.825s][info][gc,marking     ] GC(1015) Concurrent Scan Root Regions
[3974.825s][info][gc,cpu         ] GC(1014) User=0.72s Sys=0.00s Real=0.12s
[3974.981s][info][gc,marking     ] GC(1015) Concurrent Scan Root Regions 156.070ms
[3974.981s][info][gc,marking     ] GC(1015) Concurrent Mark
[3974.981s][info][gc,marking     ] GC(1015) Concurrent Mark From Roots
[3974.981s][info][gc,task        ] GC(1015) Using 2 workers of 2 for marking
.[3975.664s][info][gc,marking     ] GC(1015) Concurrent Mark From Roots 682.645ms
[3975.664s][info][gc,marking     ] GC(1015) Concurrent Preclean
[3975.664s][info][gc,marking     ] GC(1015) Concurrent Preclean 0.067ms
[3975.664s][info][gc,start       ] GC(1015) Pause Remark
[3975.715s][info][gc             ] GC(1015) Pause Remark 2048M->2048M(4096M) 51.161ms
[3975.715s][info][gc,cpu         ] GC(1015) User=0.08s Sys=0.00s Real=0.05s
[3975.717s][info][gc,marking     ] GC(1015) Concurrent Mark 735.904ms
[3975.717s][info][gc,marking     ] GC(1015) Concurrent Rebuild Remembered Sets and Scrub Regions
 (rIR:aIR:PR = 7057:7014:7014) (tPR = 104896) [OK] 
  3975s: Performance info:
         Transaction,    Success,    Partial,     Failed,   Receipts, AvgBarcode, 
             Overall,     426390,          0,          0,     404940,      59.48, 
         Response times:
             Request,    Success,    Partial,     Failed,   SkipFail,     Probes,    Samples,      min,      p50,      p90,      p95,      p99,      max, 
       TotalPurchase,     404939,          0,          0,          0,     360501,     401708,      200,     6000,    54000,    81000,   143000,   277000,
     InStorePurchase,     212154,          0,          0,          0,     189559,     210651,      300,     6100,    55000,    82000,   143000,   277000,
      OnlinePurchase,     150059,          0,          0,          0,     133043,     148478,      200,     5900,    54000,    80000,   143000,   274000,
        InstPurchase,      42726,          0,          0,          0,      37899,      42579,      300,     6100,    55000,    82000,   146000,   254000,
          AssocOfCat,        430,          0,          0,          0,        333,        447,    24000,    41000,    97000,   135600,   198160,   264000,
      AssocOfProduct,       4296,          0,          0,          0,       4029,       4740,      900,     6700,    54000,    86000,   148000,   263000,
      BusinessReport,       1071,          0,          0,          0,        950,       1193,    27000,    47000,   133000,   168000,   239000,   309000,
          CustBuyBeh,       4306,          0,          0,          0,       3971,       4591,      100,     7100,    61000,    91000,   144000,   243000,
       ProductReturn,      11348,          0,          0,          0,       9580,      10884,      200,     6800,    56000,    85000,   144000,   254000,

  3975s: (52%)   IR =   7195 [3975.974s][info][gc,marking     ] GC(1015) Concurrent Rebuild Remembered Sets and Scrub Regions 256.573ms
[3975.974s][info][gc,start       ] GC(1015) Pause Cleanup
[3975.974s][info][gc             ] GC(1015) Pause Cleanup 2221M->2221M(4096M) 0.117ms
[3975.974s][info][gc,cpu         ] GC(1015) User=0.00s Sys=0.00s Real=0.00s
[3975.974s][info][gc,marking     ] GC(1015) Concurrent Clear Claimed Marks
[3975.974s][info][gc,marking     ] GC(1015) Concurrent Clear Claimed Marks 0.027ms
[3975.974s][info][gc,marking     ] GC(1015) Concurrent Cleanup for Next Mark
[3975.977s][info][gc,marking     ] GC(1015) Concurrent Cleanup for Next Mark 3.274ms
[3975.977s][info][gc             ] GC(1015) Concurrent Mark Cycle 1152.299ms
.[3977.607s][info][gc,start       ] GC(1016) Pause Young (Prepare Mixed) (G1 Evacuation Pause)
[3977.607s][info][gc,task        ] GC(1016) Using 6 workers of 6 for evacuation
[3977.728s][info][gc,phases      ] GC(1016)   Pre Evacuate Collection Set: 0.34ms
[3977.728s][info][gc,phases      ] GC(1016)   Merge Heap Roots: 0.61ms
[3977.728s][info][gc,phases      ] GC(1016)   Evacuate Collection Set: 118.09ms
[3977.728s][info][gc,phases      ] GC(1016)   Post Evacuate Collection Set: 0.93ms
[3977.728s][info][gc,phases      ] GC(1016)   Other: 0.08ms
[3977.728s][info][gc,heap        ] GC(1016) Eden regions: 1117->0(1104)
[3977.728s][info][gc,heap        ] GC(1016) Survivor regions: 111->111(154)
[3977.728s][info][gc,heap        ] GC(1016) Old regions: 507->539
[3977.728s][info][gc,heap        ] GC(1016) Humongous regions: 80->80
[3977.728s][info][gc,metaspace   ] GC(1016) Metaspace: 28912K(29376K)->28912K(29376K) NonClass: 24042K(24256K)->24042K(24256K) Class: 4869K(5120K)->4869K(5120K)
[3977.728s][info][gc             ] GC(1016) Pause Young (Prepare Mixed) (G1 Evacuation Pause) 3628M->1458M(4096M) 120.193ms
[3977.728s][info][gc,cpu         ] GC(1016) User=0.72s Sys=0.00s Real=0.12s
...[3980.259s][info][gc,start       ] GC(1017) Pause Young (Mixed) (G1 Evacuation Pause)
[3980.259s][info][gc,task        ] GC(1017) Using 6 workers of 6 for evacuation
[3980.398s][info][gc,phases      ] GC(1017)   Pre Evacuate Collection Set: 0.36ms
[3980.398s][info][gc,phases      ] GC(1017)   Merge Heap Roots: 0.83ms
[3980.398s][info][gc,phases      ] GC(1017)   Evacuate Collection Set: 136.51ms
[3980.398s][info][gc,phases      ] GC(1017)   Post Evacuate Collection Set: 0.96ms
[3980.398s][info][gc,phases      ] GC(1017)   Other: 0.09ms
[3980.398s][info][gc,heap        ] GC(1017) Eden regions: 1104->0(1116)
[3980.398s][info][gc,heap        ] GC(1017) Survivor regions: 111->112(152)
[3980.398s][info][gc,heap        ] GC(1017) Old regions: 539->474
[3980.398s][info][gc,heap        ] GC(1017) Humongous regions: 80->80
[3980.398s][info][gc,metaspace   ] GC(1017) Metaspace: 28912K(29376K)->28912K(29376K) NonClass: 24042K(24256K)->24042K(24256K) Class: 4869K(5120K)->4869K(5120K)
[3980.398s][info][gc             ] GC(1017) Pause Young (Mixed) (G1 Evacuation Pause) 3666M->1330M(4096M) 138.894ms
[3980.398s][info][gc,cpu         ] GC(1017) User=0.82s Sys=0.00s Real=0.13s
...[3982.863s][info][gc,start       ] GC(1018) Pause Young (Concurrent Start) (G1 Evacuation Pause)
[3982.863s][info][gc,task        ] GC(1018) Using 6 workers of 6 for evacuation
[3982.989s][info][gc,phases      ] GC(1018)   Pre Evacuate Collection Set: 0.34ms
[3982.989s][info][gc,phases      ] GC(1018)   Merge Heap Roots: 0.59ms
[3982.989s][info][gc,phases      ] GC(1018)   Evacuate Collection Set: 123.71ms
[3982.989s][info][gc,phases      ] GC(1018)   Post Evacuate Collection Set: 0.90ms
[3982.989s][info][gc,phases      ] GC(1018)   Other: 0.11ms
[3982.989s][info][gc,heap        ] GC(1018) Eden regions: 1116->0(1113)
[3982.989s][info][gc,heap        ] GC(1018) Survivor regions: 112->115(154)
[3982.989s][info][gc,heap        ] GC(1018) Old regions: 474->505
[3982.989s][info][gc,heap        ] GC(1018) Humongous regions: 80->80
[3982.989s][info][gc,metaspace   ] GC(1018) Metaspace: 28912K(29376K)->28912K(29376K) NonClass: 24042K(24256K)->24042K(24256K) Class: 4869K(5120K)->4869K(5120K)
[3982.989s][info][gc             ] GC(1018) Pause Young (Concurrent Start) (G1 Evacuation Pause) 3562M->1399M(4096M) 125.776ms
[3982.989s][info][gc             ] GC(1019) Concurrent Mark Cycle
[3982.989s][info][gc,marking     ] GC(1019) Concurrent Scan Root Regions
[3982.989s][info][gc,cpu         ] GC(1018) User=0.75s Sys=0.00s Real=0.12s
[3983.144s][info][gc,marking     ] GC(1019) Concurrent Scan Root Regions 154.966ms
[3983.144s][info][gc,marking     ] GC(1019) Concurrent Mark
[3983.144s][info][gc,marking     ] GC(1019) Concurrent Mark From Roots
[3983.144s][info][gc,task        ] GC(1019) Using 2 workers of 2 for marking
.|[3983.885s][info][gc,marking     ] GC(1019) Concurrent Mark From Roots 740.897ms
[3983.885s][info][gc,marking     ] GC(1019) Concurrent Preclean
[3983.885s][info][gc,marking     ] GC(1019) Concurrent Preclean 0.118ms
[3983.887s][info][gc,start       ] GC(1019) Pause Remark
[3983.892s][info][gc             ] GC(1019) Pause Remark 2215M->2215M(4096M) 4.983ms
[3983.892s][info][gc,cpu         ] GC(1019) User=0.03s Sys=0.00s Real=0.01s
[3983.892s][info][gc,marking     ] GC(1019) Concurrent Mark 748.164ms
[3983.892s][info][gc,marking     ] GC(1019) Concurrent Rebuild Remembered Sets and Scrub Regions
[3984.158s][info][gc,marking     ] GC(1019) Concurrent Rebuild Remembered Sets and Scrub Regions 265.489ms
[3984.158s][info][gc,start       ] GC(1019) Pause Cleanup
[3984.158s][info][gc             ] GC(1019) Pause Cleanup 2445M->2445M(4096M) 0.118ms
[3984.158s][info][gc,cpu         ] GC(1019) User=0.00s Sys=0.00s Real=0.00s
[3984.158s][info][gc,marking     ] GC(1019) Concurrent Clear Claimed Marks
[3984.158s][info][gc,marking     ] GC(1019) Concurrent Clear Claimed Marks 0.026ms
[3984.158s][info][gc,marking     ] GC(1019) Concurrent Cleanup for Next Mark
[3984.163s][info][gc,marking     ] GC(1019) Concurrent Cleanup for Next Mark 5.356ms
[3984.163s][info][gc             ] GC(1019) Concurrent Mark Cycle 1174.524ms
.[3985.500s][info][gc,start       ] GC(1020) Pause Young (Prepare Mixed) (G1 Evacuation Pause)
[3985.500s][info][gc,task        ] GC(1020) Using 6 workers of 6 for evacuation
[3985.621s][info][gc,phases      ] GC(1020)   Pre Evacuate Collection Set: 0.34ms
[3985.621s][info][gc,phases      ] GC(1020)   Merge Heap Roots: 0.57ms
[3985.621s][info][gc,phases      ] GC(1020)   Evacuate Collection Set: 119.10ms
[3985.621s][info][gc,phases      ] GC(1020)   Post Evacuate Collection Set: 0.92ms
[3985.621s][info][gc,phases      ] GC(1020)   Other: 0.09ms
[3985.621s][info][gc,heap        ] GC(1020) Eden regions: 1113->0(1102)
[3985.621s][info][gc,heap        ] GC(1020) Survivor regions: 115->113(154)
[3985.621s][info][gc,heap        ] GC(1020) Old regions: 505->537
[3985.621s][info][gc,heap        ] GC(1020) Humongous regions: 80->80
[3985.621s][info][gc,metaspace   ] GC(1020) Metaspace: 28912K(29376K)->28912K(29376K) NonClass: 24042K(24256K)->24042K(24256K) Class: 4869K(5120K)->4869K(5120K)
[3985.621s][info][gc             ] GC(1020) Pause Young (Prepare Mixed) (G1 Evacuation Pause) 3625M->1458M(4096M) 121.165ms
[3985.621s][info][gc,cpu         ] GC(1020) User=0.72s Sys=0.01s Real=0.12s
...[3988.049s][info][gc,start       ] GC(1021) Pause Young (Mixed) (G1 Evacuation Pause)
[3988.049s][info][gc,task        ] GC(1021) Using 6 workers of 6 for evacuation
[3988.186s][info][gc,phases      ] GC(1021)   Pre Evacuate Collection Set: 0.38ms
[3988.186s][info][gc,phases      ] GC(1021)   Merge Heap Roots: 0.77ms
[3988.186s][info][gc,phases      ] GC(1021)   Evacuate Collection Set: 134.87ms
[3988.186s][info][gc,phases      ] GC(1021)   Post Evacuate Collection Set: 1.01ms
[3988.186s][info][gc,phases      ] GC(1021)   Other: 0.09ms
[3988.186s][info][gc,heap        ] GC(1021) Eden regions: 1102->0(1117)
[3988.186s][info][gc,heap        ] GC(1021) Survivor regions: 113->111(152)
[3988.186s][info][gc,heap        ] GC(1021) Old regions: 537->475
[3988.186s][info][gc,heap        ] GC(1021) Humongous regions: 80->80
[3988.186s][info][gc,metaspace   ] GC(1021) Metaspace: 28912K(29376K)->28912K(29376K) NonClass: 24042K(24256K)->24042K(24256K) Class: 4869K(5120K)->4869K(5120K)
[3988.186s][info][gc             ] GC(1021) Pause Young (Mixed) (G1 Evacuation Pause) 3662M->1329M(4096M) 137.264ms
[3988.186s][info][gc,cpu         ] GC(1021) User=0.82s Sys=0.00s Real=0.14s
..[3990.705s][info][gc,start       ] GC(1022) Pause Young (Concurrent Start) (G1 Evacuation Pause)
[3990.705s][info][gc,task        ] GC(1022) Using 6 workers of 6 for evacuation
[3990.825s][info][gc,phases      ] GC(1022)   Pre Evacuate Collection Set: 0.34ms
[3990.825s][info][gc,phases      ] GC(1022)   Merge Heap Roots: 0.52ms
[3990.825s][info][gc,phases      ] GC(1022)   Evacuate Collection Set: 118.62ms
[3990.825s][info][gc,phases      ] GC(1022)   Post Evacuate Collection Set: 0.87ms
[3990.825s][info][gc,phases      ] GC(1022)   Other: 0.11ms
[3990.825s][info][gc,heap        ] GC(1022) Eden regions: 1117->0(1118)
[3990.825s][info][gc,heap        ] GC(1022) Survivor regions: 111->110(154)
[3990.825s][info][gc,heap        ] GC(1022) Old regions: 475->507
[3990.825s][info][gc,heap        ] GC(1022) Humongous regions: 80->80
[3990.825s][info][gc,metaspace   ] GC(1022) Metaspace: 28912K(29376K)->28912K(29376K) NonClass: 24042K(24256K)->24042K(24256K) Class: 4869K(5120K)->4869K(5120K)
[3990.825s][info][gc             ] GC(1022) Pause Young (Concurrent Start) (G1 Evacuation Pause) 3563M->1392M(4096M) 120.603ms
[3990.825s][info][gc             ] GC(1023) Concurrent Mark Cycle
[3990.825s][info][gc,marking     ] GC(1023) Concurrent Scan Root Regions
[3990.825s][info][gc,cpu         ] GC(1022) User=0.72s Sys=0.00s Real=0.12s
.[3990.971s][info][gc,marking     ] GC(1023) Concurrent Scan Root Regions 145.512ms
[3990.971s][info][gc,marking     ] GC(1023) Concurrent Mark
[3990.971s][info][gc,marking     ] GC(1023) Concurrent Mark From Roots
[3990.971s][info][gc,task        ] GC(1023) Using 2 workers of 2 for marking
[3991.732s][info][gc,marking     ] GC(1023) Concurrent Mark From Roots 761.482ms
[3991.732s][info][gc,marking     ] GC(1023) Concurrent Preclean
[3991.732s][info][gc,marking     ] GC(1023) Concurrent Preclean 0.099ms
[3991.737s][info][gc,start       ] GC(1023) Pause Remark
[3991.744s][info][gc             ] GC(1023) Pause Remark 2174M->2174M(4096M) 7.042ms
[3991.744s][info][gc,cpu         ] GC(1023) User=0.04s Sys=0.00s Real=0.01s
[3991.744s][info][gc,marking     ] GC(1023) Concurrent Mark 772.921ms
[3991.744s][info][gc,marking     ] GC(1023) Concurrent Rebuild Remembered Sets and Scrub Regions
.[3992.021s][info][gc,marking     ] GC(1023) Concurrent Rebuild Remembered Sets and Scrub Regions 277.680ms
[3992.022s][info][gc,start       ] GC(1023) Pause Cleanup
[3992.022s][info][gc             ] GC(1023) Pause Cleanup 2433M->2433M(4096M) 0.116ms
[3992.022s][info][gc,cpu         ] GC(1023) User=0.00s Sys=0.00s Real=0.00s
[3992.022s][info][gc,marking     ] GC(1023) Concurrent Clear Claimed Marks
[3992.022s][info][gc,marking     ] GC(1023) Concurrent Clear Claimed Marks 0.023ms
[3992.022s][info][gc,marking     ] GC(1023) Concurrent Cleanup for Next Mark
[3992.027s][info][gc,marking     ] GC(1023) Concurrent Cleanup for Next Mark 4.741ms
[3992.027s][info][gc             ] GC(1023) Concurrent Mark Cycle 1201.373ms
.[3993.329s][info][gc,start       ] GC(1024) Pause Young (Prepare Mixed) (G1 Evacuation Pause)
[3993.329s][info][gc,task        ] GC(1024) Using 6 workers of 6 for evacuation
[3993.451s][info][gc,phases      ] GC(1024)   Pre Evacuate Collection Set: 0.34ms
[3993.451s][info][gc,phases      ] GC(1024)   Merge Heap Roots: 0.60ms
[3993.451s][info][gc,phases      ] GC(1024)   Evacuate Collection Set: 119.62ms
[3993.451s][info][gc,phases      ] GC(1024)   Post Evacuate Collection Set: 0.92ms
[3993.451s][info][gc,phases      ] GC(1024)   Other: 0.09ms
[3993.451s][info][gc,heap        ] GC(1024) Eden regions: 1118->0(1101)
[3993.451s][info][gc,heap        ] GC(1024) Survivor regions: 110->113(154)
[3993.451s][info][gc,heap        ] GC(1024) Old regions: 507->538
[3993.451s][info][gc,heap        ] GC(1024) Humongous regions: 80->80
[3993.451s][info][gc,metaspace   ] GC(1024) Metaspace: 28912K(29376K)->28912K(29376K) NonClass: 24042K(24256K)->24042K(24256K) Class: 4869K(5120K)->4869K(5120K)
[3993.451s][info][gc             ] GC(1024) Pause Young (Prepare Mixed) (G1 Evacuation Pause) 3628M->1460M(4096M) 121.703ms
[3993.451s][info][gc,cpu         ] GC(1024) User=0.72s Sys=0.00s Real=0.13s
...[3995.940s][info][gc,start       ] GC(1025) Pause Young (Mixed) (G1 Evacuation Pause)
[3995.940s][info][gc,task        ] GC(1025) Using 6 workers of 6 for evacuation
[3996.077s][info][gc,phases      ] GC(1025)   Pre Evacuate Collection Set: 0.34ms
[3996.077s][info][gc,phases      ] GC(1025)   Merge Heap Roots: 0.83ms
[3996.077s][info][gc,phases      ] GC(1025)   Evacuate Collection Set: 135.42ms
[3996.077s][info][gc,phases      ] GC(1025)   Post Evacuate Collection Set: 0.93ms
[3996.077s][info][gc,phases      ] GC(1025)   Other: 0.09ms
[3996.077s][info][gc,heap        ] GC(1025) Eden regions: 1101->0(1118)
[3996.077s][info][gc,heap        ] GC(1025) Survivor regions: 113->110(152)
[3996.077s][info][gc,heap        ] GC(1025) Old regions: 538->475
[3996.077s][info][gc,heap        ] GC(1025) Humongous regions: 80->80
[3996.077s][info][gc,metaspace   ] GC(1025) Metaspace: 28912K(29376K)->28912K(29376K) NonClass: 24042K(24256K)->24042K(24256K) Class: 4869K(5120K)->4869K(5120K)
[3996.077s][info][gc             ] GC(1025) Pause Young (Mixed) (G1 Evacuation Pause) 3662M->1328M(4096M) 137.741ms
[3996.077s][info][gc,cpu         ] GC(1025) User=0.82s Sys=0.00s Real=0.13s
..[3998.611s][info][gc,start       ] GC(1026) Pause Young (Concurrent Start) (G1 Evacuation Pause)
[3998.611s][info][gc,task        ] GC(1026) Using 6 workers of 6 for evacuation
[3998.730s][info][gc,phases      ] GC(1026)   Pre Evacuate Collection Set: 0.38ms
[3998.730s][info][gc,phases      ] GC(1026)   Merge Heap Roots: 0.55ms
[3998.730s][info][gc,phases      ] GC(1026)   Evacuate Collection Set: 116.90ms
[3998.730s][info][gc,phases      ] GC(1026)   Post Evacuate Collection Set: 0.87ms
[3998.730s][info][gc,phases      ] GC(1026)   Other: 0.11ms
[3998.730s][info][gc,heap        ] GC(1026) Eden regions: 1118->0(1118)
[3998.730s][info][gc,heap        ] GC(1026) Survivor regions: 110->110(154)
[3998.730s][info][gc,heap        ] GC(1026) Old regions: 475->507
[3998.730s][info][gc,heap        ] GC(1026) Humongous regions: 80->80
[3998.730s][info][gc,metaspace   ] GC(1026) Metaspace: 28912K(29376K)->28912K(29376K) NonClass: 24042K(24256K)->24042K(24256K) Class: 4869K(5120K)->4869K(5120K)
[3998.730s][info][gc             ] GC(1026) Pause Young (Concurrent Start) (G1 Evacuation Pause) 3564M->1391M(4096M) 118.954ms
[3998.730s][info][gc             ] GC(1027) Concurrent Mark Cycle
[3998.730s][info][gc,marking     ] GC(1027) Concurrent Scan Root Regions
[3998.730s][info][gc,cpu         ] GC(1026) User=0.71s Sys=0.00s Real=0.12s
[3998.869s][info][gc,marking     ] GC(1027) Concurrent Scan Root Regions 138.253ms
[3998.869s][info][gc,marking     ] GC(1027) Concurrent Mark
[3998.869s][info][gc,marking     ] GC(1027) Concurrent Mark From Roots
[3998.869s][info][gc,task        ] GC(1027) Using 2 workers of 2 for marking
.[3999.574s][info][gc,marking     ] GC(1027) Concurrent Mark From Roots 705.850ms
[3999.575s][info][gc,marking     ] GC(1027) Concurrent Preclean
[3999.575s][info][gc,marking     ] GC(1027) Concurrent Preclean 0.113ms
[3999.576s][info][gc,start       ] GC(1027) Pause Remark
[3999.581s][info][gc             ] GC(1027) Pause Remark 2119M->2119M(4096M) 5.220ms
[3999.581s][info][gc,cpu         ] GC(1027) User=0.03s Sys=0.00s Real=0.01s
[3999.582s][info][gc,marking     ] GC(1027) Concurrent Mark 713.253ms
[3999.582s][info][gc,marking     ] GC(1027) Concurrent Rebuild Remembered Sets and Scrub Regions
[3999.898s][info][gc,marking     ] GC(1027) Concurrent Rebuild Remembered Sets and Scrub Regions 316.075ms
[3999.898s][info][gc,start       ] GC(1027) Pause Cleanup
[3999.898s][info][gc             ] GC(1027) Pause Cleanup 2376M->2376M(4096M) 0.122ms
[3999.898s][info][gc,cpu         ] GC(1027) User=0.00s Sys=0.00s Real=0.00s
[3999.900s][info][gc,marking     ] GC(1027) Concurrent Clear Claimed Marks
[3999.900s][info][gc,marking     ] GC(1027) Concurrent Clear Claimed Marks 0.054ms
[3999.900s][info][gc,marking     ] GC(1027) Concurrent Cleanup for Next Mark
.[3999.907s][info][gc,marking     ] GC(1027) Concurrent Cleanup for Next Mark 6.531ms
[3999.907s][info][gc             ] GC(1027) Concurrent Mark Cycle 1176.452ms
.[4001.196s][info][gc,start       ] GC(1028) Pause Young (Prepare Mixed) (G1 Evacuation Pause)
[4001.196s][info][gc,task        ] GC(1028) Using 6 workers of 6 for evacuation
[4001.313s][info][gc,phases      ] GC(1028)   Pre Evacuate Collection Set: 0.32ms
[4001.313s][info][gc,phases      ] GC(1028)   Merge Heap Roots: 0.54ms
[4001.313s][info][gc,phases      ] GC(1028)   Evacuate Collection Set: 114.46ms
[4001.313s][info][gc,phases      ] GC(1028)   Post Evacuate Collection Set: 0.92ms
[4001.313s][info][gc,phases      ] GC(1028)   Other: 0.10ms
[4001.313s][info][gc,heap        ] GC(1028) Eden regions: 1118->0(1109)
[4001.313s][info][gc,heap        ] GC(1028) Survivor regions: 110->109(154)
[4001.313s][info][gc,heap        ] GC(1028) Old regions: 507->538
[4001.313s][info][gc,heap        ] GC(1028) Humongous regions: 80->80
[4001.313s][info][gc,metaspace   ] GC(1028) Metaspace: 28912K(29376K)->28912K(29376K) NonClass: 24042K(24256K)->24042K(24256K) Class: 4869K(5120K)->4869K(5120K)
[4001.313s][info][gc             ] GC(1028) Pause Young (Prepare Mixed) (G1 Evacuation Pause) 3627M->1452M(4096M) 116.465ms
[4001.313s][info][gc,cpu         ] GC(1028) User=0.70s Sys=0.00s Real=0.12s
..[4003.759s][info][gc,start       ] GC(1029) Pause Young (Mixed) (G1 Evacuation Pause)
[4003.759s][info][gc,task        ] GC(1029) Using 6 workers of 6 for evacuation
[4003.898s][info][gc,phases      ] GC(1029)   Pre Evacuate Collection Set: 0.38ms
[4003.898s][info][gc,phases      ] GC(1029)   Merge Heap Roots: 0.73ms
[4003.898s][info][gc,phases      ] GC(1029)   Evacuate Collection Set: 137.08ms
[4003.898s][info][gc,phases      ] GC(1029)   Post Evacuate Collection Set: 0.93ms
[4003.898s][info][gc,phases      ] GC(1029)   Other: 0.09ms
[4003.898s][info][gc,heap        ] GC(1029) Eden regions: 1109->0(1116)
[4003.898s][info][gc,heap        ] GC(1029) Survivor regions: 109->112(153)
[4003.898s][info][gc,heap        ] GC(1029) Old regions: 538->474
[4003.898s][info][gc,heap        ] GC(1029) Humongous regions: 80->80
[4003.898s][info][gc,metaspace   ] GC(1029) Metaspace: 28912K(29376K)->28912K(29376K) NonClass: 24042K(24256K)->24042K(24256K) Class: 4869K(5120K)->4869K(5120K)
[4003.898s][info][gc             ] GC(1029) Pause Young (Mixed) (G1 Evacuation Pause) 3670M->1331M(4096M) 139.331ms
[4003.898s][info][gc,cpu         ] GC(1029) User=0.83s Sys=0.00s Real=0.14s
...[4006.376s][info][gc,start       ] GC(1030) Pause Young (Concurrent Start) (G1 Evacuation Pause)
[4006.376s][info][gc,task        ] GC(1030) Using 6 workers of 6 for evacuation
[4006.499s][info][gc,phases      ] GC(1030)   Pre Evacuate Collection Set: 0.33ms
[4006.499s][info][gc,phases      ] GC(1030)   Merge Heap Roots: 0.51ms
[4006.499s][info][gc,phases      ] GC(1030)   Evacuate Collection Set: 121.13ms
[4006.499s][info][gc,phases      ] GC(1030)   Post Evacuate Collection Set: 0.80ms
[4006.499s][info][gc,phases      ] GC(1030)   Other: 0.11ms
[4006.499s][info][gc,heap        ] GC(1030) Eden regions: 1116->0(1116)
[4006.499s][info][gc,heap        ] GC(1030) Survivor regions: 112->112(154)
[4006.499s][info][gc,heap        ] GC(1030) Old regions: 474->506
[4006.499s][info][gc,heap        ] GC(1030) Humongous regions: 80->80
[4006.499s][info][gc,metaspace   ] GC(1030) Metaspace: 28912K(29376K)->28912K(29376K) NonClass: 24042K(24256K)->24042K(24256K) Class: 4869K(5120K)->4869K(5120K)
[4006.499s][info][gc             ] GC(1030) Pause Young (Concurrent Start) (G1 Evacuation Pause) 3563M->1394M(4096M) 123.015ms
[4006.499s][info][gc             ] GC(1031) Concurrent Mark Cycle
[4006.499s][info][gc,marking     ] GC(1031) Concurrent Scan Root Regions
[4006.499s][info][gc,cpu         ] GC(1030) User=0.73s Sys=0.00s Real=0.13s
[4006.642s][info][gc,marking     ] GC(1031) Concurrent Scan Root Regions 142.591ms
[4006.642s][info][gc,marking     ] GC(1031) Concurrent Mark
[4006.642s][info][gc,marking     ] GC(1031) Concurrent Mark From Roots
[4006.642s][info][gc,task        ] GC(1031) Using 2 workers of 2 for marking
.[4007.362s][info][gc,marking     ] GC(1031) Concurrent Mark From Roots 719.887ms
[4007.362s][info][gc,marking     ] GC(1031) Concurrent Preclean
[4007.362s][info][gc,marking     ] GC(1031) Concurrent Preclean 0.080ms
[4007.362s][info][gc,start       ] GC(1031) Pause Remark
[4007.367s][info][gc             ] GC(1031) Pause Remark 2142M->2142M(4096M) 5.388ms
[4007.368s][info][gc,cpu         ] GC(1031) User=0.03s Sys=0.00s Real=0.00s
[4007.368s][info][gc,marking     ] GC(1031) Concurrent Mark 725.699ms
[4007.368s][info][gc,marking     ] GC(1031) Concurrent Rebuild Remembered Sets and Scrub Regions
[4007.583s][info][gc,marking     ] GC(1031) Concurrent Rebuild Remembered Sets and Scrub Regions 215.375ms
[4007.583s][info][gc,start       ] GC(1031) Pause Cleanup
[4007.583s][info][gc             ] GC(1031) Pause Cleanup 2320M->2320M(4096M) 0.120ms
[4007.583s][info][gc,cpu         ] GC(1031) User=0.00s Sys=0.00s Real=0.00s
[4007.585s][info][gc,marking     ] GC(1031) Concurrent Clear Claimed Marks
[4007.585s][info][gc,marking     ] GC(1031) Concurrent Clear Claimed Marks 0.039ms
[4007.585s][info][gc,marking     ] GC(1031) Concurrent Cleanup for Next Mark
[4007.589s][info][gc,marking     ] GC(1031) Concurrent Cleanup for Next Mark 4.553ms
[4007.589s][info][gc             ] GC(1031) Concurrent Mark Cycle 1090.060ms
..[4009.112s][info][gc,start       ] GC(1032) Pause Young (Prepare Mixed) (G1 Evacuation Pause)
[4009.112s][info][gc,task        ] GC(1032) Using 6 workers of 6 for evacuation
[4009.236s][info][gc,phases      ] GC(1032)   Pre Evacuate Collection Set: 0.30ms
[4009.236s][info][gc,phases      ] GC(1032)   Merge Heap Roots: 0.54ms
[4009.236s][info][gc,phases      ] GC(1032)   Evacuate Collection Set: 122.13ms
[4009.236s][info][gc,phases      ] GC(1032)   Post Evacuate Collection Set: 0.94ms
[4009.236s][info][gc,phases      ] GC(1032)   Other: 0.08ms
[4009.236s][info][gc,heap        ] GC(1032) Eden regions: 1116->0(1097)
[4009.236s][info][gc,heap        ] GC(1032) Survivor regions: 112->115(154)
[4009.236s][info][gc,heap        ] GC(1032) Old regions: 506->538
[4009.236s][info][gc,heap        ] GC(1032) Humongous regions: 80->80
[4009.236s][info][gc,metaspace   ] GC(1032) Metaspace: 28912K(29376K)->28912K(29376K) NonClass: 24042K(24256K)->24042K(24256K) Class: 4869K(5120K)->4869K(5120K)
[4009.236s][info][gc             ] GC(1032) Pause Young (Prepare Mixed) (G1 Evacuation Pause) 3626M->1464M(4096M) 124.135ms
[4009.236s][info][gc,cpu         ] GC(1032) User=0.74s Sys=0.00s Real=0.12s
..[4011.636s][info][gc,start       ] GC(1033) Pause Young (Mixed) (G1 Evacuation Pause)
[4011.636s][info][gc,task        ] GC(1033) Using 6 workers of 6 for evacuation
[4011.772s][info][gc,phases      ] GC(1033)   Pre Evacuate Collection Set: 0.36ms
[4011.772s][info][gc,phases      ] GC(1033)   Merge Heap Roots: 0.76ms
[4011.772s][info][gc,phases      ] GC(1033)   Evacuate Collection Set: 134.10ms
[4011.772s][info][gc,phases      ] GC(1033)   Post Evacuate Collection Set: 0.92ms
[4011.772s][info][gc,phases      ] GC(1033)   Other: 0.09ms
[4011.772s][info][gc,heap        ] GC(1033) Eden regions: 1097->0(1118)
[4011.772s][info][gc,heap        ] GC(1033) Survivor regions: 115->110(152)
[4011.772s][info][gc,heap        ] GC(1033) Old regions: 538->475
[4011.772s][info][gc,heap        ] GC(1033) Humongous regions: 80->80
[4011.772s][info][gc,metaspace   ] GC(1033) Metaspace: 28912K(29376K)->28912K(29376K) NonClass: 24042K(24256K)->24042K(24256K) Class: 4869K(5120K)->4869K(5120K)
[4011.772s][info][gc             ] GC(1033) Pause Young (Mixed) (G1 Evacuation Pause) 3658M->1328M(4096M) 136.364ms
[4011.772s][info][gc,cpu         ] GC(1033) User=0.81s Sys=0.00s Real=0.14s
...[4014.258s][info][gc,start       ] GC(1034) Pause Young (Concurrent Start) (G1 Evacuation Pause)
[4014.258s][info][gc,task        ] GC(1034) Using 6 workers of 6 for evacuation
[4014.378s][info][gc,phases      ] GC(1034)   Pre Evacuate Collection Set: 0.35ms
[4014.378s][info][gc,phases      ] GC(1034)   Merge Heap Roots: 0.49ms
[4014.378s][info][gc,phases      ] GC(1034)   Evacuate Collection Set: 117.87ms
[4014.378s][info][gc,phases      ] GC(1034)   Post Evacuate Collection Set: 0.88ms
[4014.378s][info][gc,phases      ] GC(1034)   Other: 0.10ms
[4014.378s][info][gc,heap        ] GC(1034) Eden regions: 1118->0(1118)
[4014.378s][info][gc,heap        ] GC(1034) Survivor regions: 110->110(154)
[4014.378s][info][gc,heap        ] GC(1034) Old regions: 475->508
[4014.378s][info][gc,heap        ] GC(1034) Humongous regions: 80->80
[4014.378s][info][gc,metaspace   ] GC(1034) Metaspace: 28912K(29376K)->28912K(29376K) NonClass: 24042K(24256K)->24042K(24256K) Class: 4869K(5120K)->4869K(5120K)
[4014.378s][info][gc             ] GC(1034) Pause Young (Concurrent Start) (G1 Evacuation Pause) 3564M->1395M(4096M) 119.820ms
[4014.378s][info][gc             ] GC(1035) Concurrent Mark Cycle
[4014.378s][info][gc,marking     ] GC(1035) Concurrent Scan Root Regions
[4014.378s][info][gc,cpu         ] GC(1034) User=0.71s Sys=0.00s Real=0.12s
[4014.528s][info][gc,marking     ] GC(1035) Concurrent Scan Root Regions 150.632ms
[4014.528s][info][gc,marking     ] GC(1035) Concurrent Mark
[4014.528s][info][gc,marking     ] GC(1035) Concurrent Mark From Roots
[4014.528s][info][gc,task        ] GC(1035) Using 2 workers of 2 for marking
.[4015.314s][info][gc,marking     ] GC(1035) Concurrent Mark From Roots 785.776ms
[4015.314s][info][gc,marking     ] GC(1035) Concurrent Preclean
[4015.314s][info][gc,marking     ] GC(1035) Concurrent Preclean 0.070ms
[4015.317s][info][gc,start       ] GC(1035) Pause Remark
[4015.323s][info][gc             ] GC(1035) Pause Remark 2233M->2233M(4096M) 6.426ms
[4015.323s][info][gc,cpu         ] GC(1035) User=0.03s Sys=0.00s Real=0.01s
[4015.323s][info][gc,marking     ] GC(1035) Concurrent Mark 795.051ms
[4015.323s][info][gc,marking     ] GC(1035) Concurrent Rebuild Remembered Sets and Scrub Regions
[4015.587s][info][gc,marking     ] GC(1035) Concurrent Rebuild Remembered Sets and Scrub Regions 263.970ms
[4015.589s][info][gc,start       ] GC(1035) Pause Cleanup
[4015.589s][info][gc             ] GC(1035) Pause Cleanup 2493M->2493M(4096M) 0.122ms
[4015.589s][info][gc,cpu         ] GC(1035) User=0.00s Sys=0.00s Real=0.00s
[4015.589s][info][gc,marking     ] GC(1035) Concurrent Clear Claimed Marks
[4015.589s][info][gc,marking     ] GC(1035) Concurrent Clear Claimed Marks 0.029ms
[4015.589s][info][gc,marking     ] GC(1035) Concurrent Cleanup for Next Mark
[4015.594s][info][gc,marking     ] GC(1035) Concurrent Cleanup for Next Mark 5.538ms
[4015.594s][info][gc             ] GC(1035) Concurrent Mark Cycle 1216.774ms
.[4016.944s][info][gc,start       ] GC(1036) Pause Young (Prepare Mixed) (G1 Evacuation Pause)
[4016.944s][info][gc,task        ] GC(1036) Using 6 workers of 6 for evacuation
[4017.066s][info][gc,phases      ] GC(1036)   Pre Evacuate Collection Set: 0.32ms
[4017.066s][info][gc,phases      ] GC(1036)   Merge Heap Roots: 0.57ms
[4017.066s][info][gc,phases      ] GC(1036)   Evacuate Collection Set: 119.92ms
[4017.066s][info][gc,phases      ] GC(1036)   Post Evacuate Collection Set: 0.90ms
[4017.066s][info][gc,phases      ] GC(1036)   Other: 0.09ms
[4017.066s][info][gc,heap        ] GC(1036) Eden regions: 1118->0(1100)
[4017.066s][info][gc,heap        ] GC(1036) Survivor regions: 110->113(154)
[4017.066s][info][gc,heap        ] GC(1036) Old regions: 508->539
[4017.066s][info][gc,heap        ] GC(1036) Humongous regions: 80->80
[4017.066s][info][gc,metaspace   ] GC(1036) Metaspace: 28912K(29376K)->28912K(29376K) NonClass: 24042K(24256K)->24042K(24256K) Class: 4869K(5120K)->4869K(5120K)
[4017.066s][info][gc             ] GC(1036) Pause Young (Prepare Mixed) (G1 Evacuation Pause) 3631M->1461M(4096M) 121.943ms
[4017.066s][info][gc,cpu         ] GC(1036) User=0.72s Sys=0.00s Real=0.12s
...[4019.474s][info][gc,start       ] GC(1037) Pause Young (Mixed) (G1 Evacuation Pause)
[4019.474s][info][gc,task        ] GC(1037) Using 6 workers of 6 for evacuation
[4019.611s][info][gc,phases      ] GC(1037)   Pre Evacuate Collection Set: 0.34ms
[4019.611s][info][gc,phases      ] GC(1037)   Merge Heap Roots: 0.75ms
[4019.611s][info][gc,phases      ] GC(1037)   Evacuate Collection Set: 135.02ms
[4019.611s][info][gc,phases      ] GC(1037)   Post Evacuate Collection Set: 0.94ms
[4019.611s][info][gc,phases      ] GC(1037)   Other: 0.09ms
[4019.611s][info][gc,heap        ] GC(1037) Eden regions: 1100->0(1116)
[4019.611s][info][gc,heap        ] GC(1037) Survivor regions: 113->112(152)
[4019.611s][info][gc,heap        ] GC(1037) Old regions: 539->474
[4019.611s][info][gc,heap        ] GC(1037) Humongous regions: 80->80
[4019.611s][info][gc,metaspace   ] GC(1037) Metaspace: 28912K(29376K)->28912K(29376K) NonClass: 24042K(24256K)->24042K(24256K) Class: 4869K(5120K)->4869K(5120K)
[4019.611s][info][gc             ] GC(1037) Pause Young (Mixed) (G1 Evacuation Pause) 3661M->1331M(4096M) 137.252ms
[4019.611s][info][gc,cpu         ] GC(1037) User=0.81s Sys=0.00s Real=0.14s
..[4022.055s][info][gc,start       ] GC(1038) Pause Young (Concurrent Start) (G1 Evacuation Pause)
[4022.055s][info][gc,task        ] GC(1038) Using 6 workers of 6 for evacuation
[4022.182s][info][gc,phases      ] GC(1038)   Pre Evacuate Collection Set: 0.38ms
[4022.183s][info][gc,phases      ] GC(1038)   Merge Heap Roots: 0.59ms
[4022.183s][info][gc,phases      ] GC(1038)   Evacuate Collection Set: 125.10ms
[4022.183s][info][gc,phases      ] GC(1038)   Post Evacuate Collection Set: 0.86ms
[4022.183s][info][gc,phases      ] GC(1038)   Other: 0.11ms
[4022.183s][info][gc,heap        ] GC(1038) Eden regions: 1116->0(1113)
[4022.183s][info][gc,heap        ] GC(1038) Survivor regions: 112->115(154)
[4022.183s][info][gc,heap        ] GC(1038) Old regions: 474->508
[4022.183s][info][gc,heap        ] GC(1038) Humongous regions: 80->80
[4022.183s][info][gc,metaspace   ] GC(1038) Metaspace: 28912K(29376K)->28912K(29376K) NonClass: 24042K(24256K)->24042K(24256K) Class: 4869K(5120K)->4869K(5120K)
[4022.183s][info][gc             ] GC(1038) Pause Young (Concurrent Start) (G1 Evacuation Pause) 3563M->1403M(4096M) 127.179ms
[4022.183s][info][gc             ] GC(1039) Concurrent Mark Cycle
[4022.183s][info][gc,marking     ] GC(1039) Concurrent Scan Root Regions
[4022.183s][info][gc,cpu         ] GC(1038) User=0.76s Sys=0.00s Real=0.13s
.[4022.373s][info][gc,marking     ] GC(1039) Concurrent Scan Root Regions 190.466ms
[4022.373s][info][gc,marking     ] GC(1039) Concurrent Mark
[4022.373s][info][gc,marking     ] GC(1039) Concurrent Mark From Roots
[4022.373s][info][gc,task        ] GC(1039) Using 2 workers of 2 for marking
.[4023.356s][info][gc,marking     ] GC(1039) Concurrent Mark From Roots 983.226ms
[4023.356s][info][gc,marking     ] GC(1039) Concurrent Preclean
[4023.357s][info][gc,marking     ] GC(1039) Concurrent Preclean 0.080ms
[4023.360s][info][gc,start       ] GC(1039) Pause Remark
[4023.366s][info][gc             ] GC(1039) Pause Remark 2475M->2475M(4096M) 5.505ms
[4023.366s][info][gc,cpu         ] GC(1039) User=0.02s Sys=0.01s Real=0.00s
[4023.366s][info][gc,marking     ] GC(1039) Concurrent Mark 992.797ms
[4023.366s][info][gc,marking     ] GC(1039) Concurrent Rebuild Remembered Sets and Scrub Regions
[4023.627s][info][gc,marking     ] GC(1039) Concurrent Rebuild Remembered Sets and Scrub Regions 260.724ms
[4023.627s][info][gc,start       ] GC(1039) Pause Cleanup
[4023.627s][info][gc             ] GC(1039) Pause Cleanup 2713M->2713M(4096M) 0.115ms
[4023.627s][info][gc,cpu         ] GC(1039) User=0.00s Sys=0.00s Real=0.00s
[4023.627s][info][gc,marking     ] GC(1039) Concurrent Clear Claimed Marks
[4023.627s][info][gc,marking     ] GC(1039) Concurrent Clear Claimed Marks 0.036ms
[4023.627s][info][gc,marking     ] GC(1039) Concurrent Cleanup for Next Mark
[4023.632s][info][gc,marking     ] GC(1039) Concurrent Cleanup for Next Mark 4.876ms
[4023.632s][info][gc             ] GC(1039) Concurrent Mark Cycle 1449.457ms
.[4024.761s][info][gc,start       ] GC(1040) Pause Young (Prepare Mixed) (G1 Evacuation Pause)
[4024.761s][info][gc,task        ] GC(1040) Using 6 workers of 6 for evacuation
[4024.886s][info][gc,phases      ] GC(1040)   Pre Evacuate Collection Set: 0.34ms
[4024.886s][info][gc,phases      ] GC(1040)   Merge Heap Roots: 0.59ms
[4024.886s][info][gc,phases      ] GC(1040)   Evacuate Collection Set: 122.92ms
[4024.886s][info][gc,phases      ] GC(1040)   Post Evacuate Collection Set: 0.91ms
[4024.886s][info][gc,phases      ] GC(1040)   Other: 0.09ms
[4024.886s][info][gc,heap        ] GC(1040) Eden regions: 1113->0(1097)
[4024.886s][info][gc,heap        ] GC(1040) Survivor regions: 115->115(154)
[4024.886s][info][gc,heap        ] GC(1040) Old regions: 508->538
[4024.886s][info][gc,heap        ] GC(1040) Humongous regions: 80->80
[4024.886s][info][gc,metaspace   ] GC(1040) Metaspace: 28912K(29376K)->28912K(29376K) NonClass: 24042K(24256K)->24042K(24256K) Class: 4869K(5120K)->4869K(5120K)
[4024.886s][info][gc             ] GC(1040) Pause Young (Prepare Mixed) (G1 Evacuation Pause) 3629M->1465M(4096M) 124.984ms
[4024.886s][info][gc,cpu         ] GC(1040) User=0.74s Sys=0.00s Real=0.12s
..[4027.288s][info][gc,start       ] GC(1041) Pause Young (Mixed) (G1 Evacuation Pause)
[4027.288s][info][gc,task        ] GC(1041) Using 6 workers of 6 for evacuation
[4027.425s][info][gc,phases      ] GC(1041)   Pre Evacuate Collection Set: 0.38ms
[4027.425s][info][gc,phases      ] GC(1041)   Merge Heap Roots: 0.74ms
[4027.425s][info][gc,phases      ] GC(1041)   Evacuate Collection Set: 135.05ms
[4027.425s][info][gc,phases      ] GC(1041)   Post Evacuate Collection Set: 0.93ms
[4027.425s][info][gc,phases      ] GC(1041)   Other: 0.09ms
[4027.425s][info][gc,heap        ] GC(1041) Eden regions: 1097->0(1117)
[4027.425s][info][gc,heap        ] GC(1041) Survivor regions: 115->111(152)
[4027.425s][info][gc,heap        ] GC(1041) Old regions: 538->475
[4027.425s][info][gc,heap        ] GC(1041) Humongous regions: 80->80
[4027.425s][info][gc,metaspace   ] GC(1041) Metaspace: 28912K(29376K)->28912K(29376K) NonClass: 24042K(24256K)->24042K(24256K) Class: 4869K(5120K)->4869K(5120K)
[4027.425s][info][gc             ] GC(1041) Pause Young (Mixed) (G1 Evacuation Pause) 3659M->1330M(4096M) 137.328ms
[4027.425s][info][gc,cpu         ] GC(1041) User=0.82s Sys=0.00s Real=0.14s
...[4029.911s][info][gc,start       ] GC(1042) Pause Young (Concurrent Start) (G1 Evacuation Pause)
[4029.911s][info][gc,task        ] GC(1042) Using 6 workers of 6 for evacuation
[4030.039s][info][gc,phases      ] GC(1042)   Pre Evacuate Collection Set: 0.39ms
[4030.039s][info][gc,phases      ] GC(1042)   Merge Heap Roots: 0.52ms
[4030.039s][info][gc,phases      ] GC(1042)   Evacuate Collection Set: 126.64ms
[4030.039s][info][gc,phases      ] GC(1042)   Post Evacuate Collection Set: 0.93ms
[4030.039s][info][gc,phases      ] GC(1042)   Other: 0.10ms
[4030.039s][info][gc,heap        ] GC(1042) Eden regions: 1117->0(1111)
[4030.039s][info][gc,heap        ] GC(1042) Survivor regions: 111->117(154)
[4030.039s][info][gc,heap        ] GC(1042) Old regions: 475->508
[4030.039s][info][gc,heap        ] GC(1042) Humongous regions: 80->80
[4030.039s][info][gc,metaspace   ] GC(1042) Metaspace: 28912K(29376K)->28912K(29376K) NonClass: 24042K(24256K)->24042K(24256K) Class: 4869K(5120K)->4869K(5120K)
[4030.039s][info][gc             ] GC(1042) Pause Young (Concurrent Start) (G1 Evacuation Pause) 3564M->1407M(4096M) 128.719ms
[4030.039s][info][gc             ] GC(1043) Concurrent Mark Cycle
[4030.039s][info][gc,marking     ] GC(1043) Concurrent Scan Root Regions
[4030.039s][info][gc,cpu         ] GC(1042) User=0.76s Sys=0.00s Real=0.13s
[4030.241s][info][gc,marking     ] GC(1043) Concurrent Scan Root Regions 201.968ms
[4030.241s][info][gc,marking     ] GC(1043) Concurrent Mark
[4030.241s][info][gc,marking     ] GC(1043) Concurrent Mark From Roots
[4030.241s][info][gc,task        ] GC(1043) Using 2 workers of 2 for marking
.[4031.197s][info][gc,marking     ] GC(1043) Concurrent Mark From Roots 955.795ms
[4031.197s][info][gc,marking     ] GC(1043) Concurrent Preclean
[4031.197s][info][gc,marking     ] GC(1043) Concurrent Preclean 0.112ms
[4031.197s][info][gc,start       ] GC(1043) Pause Remark
[4031.205s][info][gc             ] GC(1043) Pause Remark 2487M->2487M(4096M) 7.308ms
[4031.205s][info][gc,cpu         ] GC(1043) User=0.04s Sys=0.00s Real=0.01s
[4031.206s][info][gc,marking     ] GC(1043) Concurrent Mark 964.661ms
[4031.206s][info][gc,marking     ] GC(1043) Concurrent Rebuild Remembered Sets and Scrub Regions
[4031.473s][info][gc,marking     ] GC(1043) Concurrent Rebuild Remembered Sets and Scrub Regions 267.238ms
.[4031.475s][info][gc,start       ] GC(1043) Pause Cleanup
[4031.475s][info][gc             ] GC(1043) Pause Cleanup 2709M->2709M(4096M) 0.115ms
[4031.475s][info][gc,cpu         ] GC(1043) User=0.00s Sys=0.00s Real=0.00s
[4031.475s][info][gc,marking     ] GC(1043) Concurrent Clear Claimed Marks
[4031.475s][info][gc,marking     ] GC(1043) Concurrent Clear Claimed Marks 0.024ms
[4031.475s][info][gc,marking     ] GC(1043) Concurrent Cleanup for Next Mark
[4031.480s][info][gc,marking     ] GC(1043) Concurrent Cleanup for Next Mark 5.383ms
[4031.480s][info][gc             ] GC(1043) Concurrent Mark Cycle 1441.093ms
.[4032.519s][info][gc,start       ] GC(1044) Pause Young (Prepare Mixed) (G1 Evacuation Pause)
[4032.520s][info][gc,task        ] GC(1044) Using 6 workers of 6 for evacuation
[4032.639s][info][gc,phases      ] GC(1044)   Pre Evacuate Collection Set: 0.32ms
[4032.639s][info][gc,phases      ] GC(1044)   Merge Heap Roots: 0.58ms
[4032.639s][info][gc,phases      ] GC(1044)   Evacuate Collection Set: 117.59ms
[4032.639s][info][gc,phases      ] GC(1044)   Post Evacuate Collection Set: 0.93ms
[4032.639s][info][gc,phases      ] GC(1044)   Other: 0.09ms
[4032.639s][info][gc,heap        ] GC(1044) Eden regions: 1111->0(1105)
[4032.639s][info][gc,heap        ] GC(1044) Survivor regions: 117->111(154)
[4032.639s][info][gc,heap        ] GC(1044) Old regions: 508->538
[4032.639s][info][gc,heap        ] GC(1044) Humongous regions: 80->80
[4032.639s][info][gc,metaspace   ] GC(1044) Metaspace: 28912K(29376K)->28912K(29376K) NonClass: 24042K(24256K)->24042K(24256K) Class: 4869K(5120K)->4869K(5120K)
[4032.639s][info][gc             ] GC(1044) Pause Young (Prepare Mixed) (G1 Evacuation Pause) 3629M->1457M(4096M) 119.643ms
[4032.639s][info][gc,cpu         ] GC(1044) User=0.71s Sys=0.00s Real=0.11s
..[4035.116s][info][gc,start       ] GC(1045) Pause Young (Mixed) (G1 Evacuation Pause)
[4035.116s][info][gc,task        ] GC(1045) Using 6 workers of 6 for evacuation
[4035.248s][info][gc,phases      ] GC(1045)   Pre Evacuate Collection Set: 0.35ms
[4035.248s][info][gc,phases      ] GC(1045)   Merge Heap Roots: 0.74ms
[4035.248s][info][gc,phases      ] GC(1045)   Evacuate Collection Set: 130.12ms
[4035.248s][info][gc,phases      ] GC(1045)   Post Evacuate Collection Set: 0.94ms
[4035.248s][info][gc,phases      ] GC(1045)   Other: 0.09ms
[4035.248s][info][gc,heap        ] GC(1045) Eden regions: 1105->0(1121)
[4035.248s][info][gc,heap        ] GC(1045) Survivor regions: 111->107(152)
[4035.248s][info][gc,heap        ] GC(1045) Old regions: 538->475
[4035.248s][info][gc,heap        ] GC(1045) Humongous regions: 80->80
[4035.248s][info][gc,metaspace   ] GC(1045) Metaspace: 28912K(29376K)->28912K(29376K) NonClass: 24042K(24256K)->24042K(24256K) Class: 4869K(5120K)->4869K(5120K)
[4035.248s][info][gc             ] GC(1045) Pause Young (Mixed) (G1 Evacuation Pause) 3667M->1323M(4096M) 132.409ms
[4035.248s][info][gc,cpu         ] GC(1045) User=0.78s Sys=0.00s Real=0.13s
...[4037.844s][info][gc,start       ] GC(1046) Pause Young (Concurrent Start) (G1 Evacuation Pause)
[4037.844s][info][gc,task        ] GC(1046) Using 6 workers of 6 for evacuation
[4037.970s][info][gc,phases      ] GC(1046)   Pre Evacuate Collection Set: 0.34ms
[4037.970s][info][gc,phases      ] GC(1046)   Merge Heap Roots: 0.51ms
[4037.970s][info][gc,phases      ] GC(1046)   Evacuate Collection Set: 123.52ms
[4037.970s][info][gc,phases      ] GC(1046)   Post Evacuate Collection Set: 0.87ms
[4037.970s][info][gc,phases      ] GC(1046)   Other: 0.12ms
[4037.970s][info][gc,heap        ] GC(1046) Eden regions: 1121->0(1113)
[4037.970s][info][gc,heap        ] GC(1046) Survivor regions: 107->115(154)
[4037.970s][info][gc,heap        ] GC(1046) Old regions: 475->507
[4037.970s][info][gc,heap        ] GC(1046) Humongous regions: 80->80
[4037.970s][info][gc,metaspace   ] GC(1046) Metaspace: 28912K(29376K)->28912K(29376K) NonClass: 24042K(24256K)->24042K(24256K) Class: 4869K(5120K)->4869K(5120K)
[4037.970s][info][gc             ] GC(1046) Pause Young (Concurrent Start) (G1 Evacuation Pause) 3565M->1403M(4096M) 125.490ms
[4037.970s][info][gc             ] GC(1047) Concurrent Mark Cycle
[4037.970s][info][gc,marking     ] GC(1047) Concurrent Scan Root Regions
[4037.970s][info][gc,cpu         ] GC(1046) User=0.75s Sys=0.00s Real=0.13s
[4038.216s][info][gc,marking     ] GC(1047) Concurrent Scan Root Regions 245.597ms
[4038.216s][info][gc,marking     ] GC(1047) Concurrent Mark
[4038.216s][info][gc,marking     ] GC(1047) Concurrent Mark From Roots
[4038.216s][info][gc,task        ] GC(1047) Using 2 workers of 2 for marking
.[4039.218s][info][gc,marking     ] GC(1047) Concurrent Mark From Roots 1002.897ms
[4039.219s][info][gc,marking     ] GC(1047) Concurrent Preclean
[4039.219s][info][gc,marking     ] GC(1047) Concurrent Preclean 0.094ms
[4039.220s][info][gc,start       ] GC(1047) Pause Remark
[4039.226s][info][gc             ] GC(1047) Pause Remark 2559M->2559M(4096M) 6.130ms
[4039.227s][info][gc,cpu         ] GC(1047) User=0.04s Sys=0.00s Real=0.00s
[4039.227s][info][gc,marking     ] GC(1047) Concurrent Mark 1011.062ms
[4039.227s][info][gc,marking     ] GC(1047) Concurrent Rebuild Remembered Sets and Scrub Regions
[4039.626s][info][gc,marking     ] GC(1047) Concurrent Rebuild Remembered Sets and Scrub Regions 399.602ms
[4039.627s][info][gc,start       ] GC(1047) Pause Cleanup
[4039.627s][info][gc             ] GC(1047) Pause Cleanup 2954M->2954M(4096M) 0.121ms
[4039.627s][info][gc,cpu         ] GC(1047) User=0.00s Sys=0.00s Real=0.00s
[4039.627s][info][gc,marking     ] GC(1047) Concurrent Clear Claimed Marks
[4039.627s][info][gc,marking     ] GC(1047) Concurrent Clear Claimed Marks 0.022ms
[4039.627s][info][gc,marking     ] GC(1047) Concurrent Cleanup for Next Mark
[4039.630s][info][gc,marking     ] GC(1047) Concurrent Cleanup for Next Mark 3.686ms
[4039.631s][info][gc             ] GC(1047) Concurrent Mark Cycle 1660.602ms
.[4040.385s][info][gc,start       ] GC(1048) Pause Young (Prepare Mixed) (G1 Evacuation Pause)
[4040.385s][info][gc,task        ] GC(1048) Using 6 workers of 6 for evacuation
[4040.503s][info][gc,phases      ] GC(1048)   Pre Evacuate Collection Set: 0.35ms
[4040.503s][info][gc,phases      ] GC(1048)   Merge Heap Roots: 0.59ms
[4040.503s][info][gc,phases      ] GC(1048)   Evacuate Collection Set: 116.59ms
[4040.503s][info][gc,phases      ] GC(1048)   Post Evacuate Collection Set: 0.93ms
[4040.503s][info][gc,phases      ] GC(1048)   Other: 0.09ms
[4040.503s][info][gc,heap        ] GC(1048) Eden regions: 1113->0(1107)
[4040.503s][info][gc,heap        ] GC(1048) Survivor regions: 115->110(154)
[4040.503s][info][gc,heap        ] GC(1048) Old regions: 507->538
[4040.503s][info][gc,heap        ] GC(1048) Humongous regions: 80->80
[4040.503s][info][gc,metaspace   ] GC(1048) Metaspace: 28912K(29376K)->28912K(29376K) NonClass: 24042K(24256K)->24042K(24256K) Class: 4869K(5120K)->4869K(5120K)
[4040.503s][info][gc             ] GC(1048) Pause Young (Prepare Mixed) (G1 Evacuation Pause) 3629M->1455M(4096M) 118.701ms
[4040.503s][info][gc,cpu         ] GC(1048) User=0.71s Sys=0.00s Real=0.12s
...[4042.983s][info][gc,start       ] GC(1049) Pause Young (Mixed) (G1 Evacuation Pause)
[4042.983s][info][gc,task        ] GC(1049) Using 6 workers of 6 for evacuation
[4043.119s][info][gc,phases      ] GC(1049)   Pre Evacuate Collection Set: 0.38ms
[4043.119s][info][gc,phases      ] GC(1049)   Merge Heap Roots: 0.69ms
[4043.119s][info][gc,phases      ] GC(1049)   Evacuate Collection Set: 134.73ms
[4043.119s][info][gc,phases      ] GC(1049)   Post Evacuate Collection Set: 0.93ms
[4043.119s][info][gc,phases      ] GC(1049)   Other: 0.09ms
[4043.119s][info][gc,heap        ] GC(1049) Eden regions: 1107->0(1118)
[4043.119s][info][gc,heap        ] GC(1049) Survivor regions: 110->110(153)
[4043.119s][info][gc,heap        ] GC(1049) Old regions: 538->474
[4043.119s][info][gc,heap        ] GC(1049) Humongous regions: 80->80
[4043.119s][info][gc,metaspace   ] GC(1049) Metaspace: 28912K(29376K)->28912K(29376K) NonClass: 24042K(24256K)->24042K(24256K) Class: 4869K(5120K)->4869K(5120K)
[4043.120s][info][gc             ] GC(1049) Pause Young (Mixed) (G1 Evacuation Pause) 3669M->1327M(4096M) 136.937ms
[4043.120s][info][gc,cpu         ] GC(1049) User=0.82s Sys=0.00s Real=0.14s
.. (rIR:aIR:PR = 7195:7187:7187) (tPR = 106529) [OK] 
  4044s: Performance info:
         Transaction,    Success,    Partial,     Failed,   Receipts, AvgBarcode, 
             Overall,     437357,          0,          0,     415464,      59.48, 
         Response times:
             Request,    Success,    Partial,     Failed,   SkipFail,     Probes,    Samples,      min,      p50,      p90,      p95,      p99,      max, 
       TotalPurchase,     415420,          0,          0,          0,     363139,     416187,      300,     6200,    74000,   118000,   176000,   438000,
     InStorePurchase,     218588,          0,          0,          0,     190686,     218499,      300,     6200,    73000,   117000,   177000,   316000,
      OnlinePurchase,     152964,          0,          0,          0,     133638,     152938,      300,     6200,    75000,   117000,   174000,   438000,
        InstPurchase,      43868,          0,          0,          0,      38815,      44750,      400,     6500,    77000,   120000,   175000,   374000,
          AssocOfCat,        436,          0,          0,          0,        356,        513,    27000,    44000,   151000,   186000,   237580,   332000,
      AssocOfProduct,       4387,          0,          0,          0,       4092,       4856,      400,     6900,    77300,   125000,   183000,   300000,
      BusinessReport,       1104,          0,          0,          0,        956,       1253,    28000,    47000,   160600,   194600,   268460,   425000,
          CustBuyBeh,       4382,          0,          0,          0,       4084,       4868,     1200,     7400,    86000,   123550,   179000,   301000,
       ProductReturn,      11572,          0,          0,          0,       9779,      11533,      200,     4100,    61000,   111000,   163000,   316000,

  4044s: (53%)   IR =   7334 [4045.621s][info][gc,start       ] GC(1050) Pause Young (Concurrent Start) (G1 Evacuation Pause)
[4045.621s][info][gc,task        ] GC(1050) Using 6 workers of 6 for evacuation
[4045.742s][info][gc,phases      ] GC(1050)   Pre Evacuate Collection Set: 0.38ms
[4045.742s][info][gc,phases      ] GC(1050)   Merge Heap Roots: 0.59ms
[4045.742s][info][gc,phases      ] GC(1050)   Evacuate Collection Set: 118.43ms
[4045.742s][info][gc,phases      ] GC(1050)   Post Evacuate Collection Set: 0.94ms
[4045.742s][info][gc,phases      ] GC(1050)   Other: 0.13ms
[4045.742s][info][gc,heap        ] GC(1050) Eden regions: 1118->0(1118)
[4045.742s][info][gc,heap        ] GC(1050) Survivor regions: 110->110(154)
[4045.742s][info][gc,heap        ] GC(1050) Old regions: 474->506
[4045.742s][info][gc,heap        ] GC(1050) Humongous regions: 80->80
[4045.742s][info][gc,metaspace   ] GC(1050) Metaspace: 28913K(29376K)->28913K(29376K) NonClass: 24044K(24256K)->24044K(24256K) Class: 4869K(5120K)->4869K(5120K)
[4045.742s][info][gc             ] GC(1050) Pause Young (Concurrent Start) (G1 Evacuation Pause) 3563M->1389M(4096M) 120.609ms
[4045.742s][info][gc             ] GC(1051) Concurrent Mark Cycle
[4045.742s][info][gc,marking     ] GC(1051) Concurrent Scan Root Regions
[4045.742s][info][gc,cpu         ] GC(1050) User=0.72s Sys=0.00s Real=0.12s
.[4045.881s][info][gc,marking     ] GC(1051) Concurrent Scan Root Regions 139.132ms
[4045.881s][info][gc,marking     ] GC(1051) Concurrent Mark
[4045.881s][info][gc,marking     ] GC(1051) Concurrent Mark From Roots
[4045.881s][info][gc,task        ] GC(1051) Using 2 workers of 2 for marking
[4046.592s][info][gc,marking     ] GC(1051) Concurrent Mark From Roots 711.185ms
[4046.592s][info][gc,marking     ] GC(1051) Concurrent Preclean
[4046.592s][info][gc,marking     ] GC(1051) Concurrent Preclean 0.099ms
[4046.593s][info][gc,start       ] GC(1051) Pause Remark
[4046.599s][info][gc             ] GC(1051) Pause Remark 2115M->2115M(4096M) 5.657ms
[4046.599s][info][gc,cpu         ] GC(1051) User=0.03s Sys=0.00s Real=0.00s
[4046.600s][info][gc,marking     ] GC(1051) Concurrent Mark 718.995ms
[4046.600s][info][gc,marking     ] GC(1051) Concurrent Rebuild Remembered Sets and Scrub Regions
.[4046.917s][info][gc,marking     ] GC(1051) Concurrent Rebuild Remembered Sets and Scrub Regions 317.192ms
[4046.918s][info][gc,start       ] GC(1051) Pause Cleanup
[4046.918s][info][gc             ] GC(1051) Pause Cleanup 2385M->2385M(4096M) 0.114ms
[4046.918s][info][gc,cpu         ] GC(1051) User=0.00s Sys=0.00s Real=0.00s
[4046.918s][info][gc,marking     ] GC(1051) Concurrent Clear Claimed Marks
[4046.918s][info][gc,marking     ] GC(1051) Concurrent Clear Claimed Marks 0.030ms
[4046.918s][info][gc,marking     ] GC(1051) Concurrent Cleanup for Next Mark
[4046.923s][info][gc,marking     ] GC(1051) Concurrent Cleanup for Next Mark 4.974ms
[4046.923s][info][gc             ] GC(1051) Concurrent Mark Cycle 1181.339ms
.[4048.185s][info][gc,start       ] GC(1052) Pause Young (Prepare Mixed) (G1 Evacuation Pause)
[4048.185s][info][gc,task        ] GC(1052) Using 6 workers of 6 for evacuation
[4048.303s][info][gc,phases      ] GC(1052)   Pre Evacuate Collection Set: 0.34ms
[4048.303s][info][gc,phases      ] GC(1052)   Merge Heap Roots: 0.58ms
[4048.303s][info][gc,phases      ] GC(1052)   Evacuate Collection Set: 116.28ms
[4048.303s][info][gc,phases      ] GC(1052)   Post Evacuate Collection Set: 0.99ms
[4048.303s][info][gc,phases      ] GC(1052)   Other: 0.08ms
[4048.303s][info][gc,heap        ] GC(1052) Eden regions: 1118->0(1108)
[4048.303s][info][gc,heap        ] GC(1052) Survivor regions: 110->110(154)
[4048.303s][info][gc,heap        ] GC(1052) Old regions: 506->537
[4048.303s][info][gc,heap        ] GC(1052) Humongous regions: 80->80
[4048.303s][info][gc,metaspace   ] GC(1052) Metaspace: 28913K(29376K)->28913K(29376K) NonClass: 24044K(24256K)->24044K(24256K) Class: 4869K(5120K)->4869K(5120K)
[4048.303s][info][gc             ] GC(1052) Pause Young (Prepare Mixed) (G1 Evacuation Pause) 3625M->1451M(4096M) 118.409ms
[4048.303s][info][gc,cpu         ] GC(1052) User=0.70s Sys=0.00s Real=0.12s
..[4050.712s][info][gc,start       ] GC(1053) Pause Young (Mixed) (G1 Evacuation Pause)
[4050.712s][info][gc,task        ] GC(1053) Using 6 workers of 6 for evacuation
[4050.845s][info][gc,phases      ] GC(1053)   Pre Evacuate Collection Set: 0.37ms
[4050.845s][info][gc,phases      ] GC(1053)   Merge Heap Roots: 0.69ms
[4050.845s][info][gc,phases      ] GC(1053)   Evacuate Collection Set: 130.99ms
[4050.845s][info][gc,phases      ] GC(1053)   Post Evacuate Collection Set: 0.92ms
[4050.845s][info][gc,phases      ] GC(1053)   Other: 0.10ms
[4050.845s][info][gc,heap        ] GC(1053) Eden regions: 1108->0(1118)
[4050.845s][info][gc,heap        ] GC(1053) Survivor regions: 110->110(153)
[4050.845s][info][gc,heap        ] GC(1053) Old regions: 537->474
[4050.845s][info][gc,heap        ] GC(1053) Humongous regions: 80->80
[4050.845s][info][gc,metaspace   ] GC(1053) Metaspace: 28913K(29376K)->28913K(29376K) NonClass: 24044K(24256K)->24044K(24256K) Class: 4869K(5120K)->4869K(5120K)
[4050.845s][info][gc             ] GC(1053) Pause Young (Mixed) (G1 Evacuation Pause) 3667M->1327M(4096M) 133.226ms
[4050.845s][info][gc,cpu         ] GC(1053) User=0.79s Sys=0.00s Real=0.13s
...[4053.312s][info][gc,start       ] GC(1054) Pause Young (Concurrent Start) (G1 Evacuation Pause)
[4053.312s][info][gc,task        ] GC(1054) Using 6 workers of 6 for evacuation
[4053.429s][info][gc,phases      ] GC(1054)   Pre Evacuate Collection Set: 0.35ms
[4053.429s][info][gc,phases      ] GC(1054)   Merge Heap Roots: 0.55ms
[4053.429s][info][gc,phases      ] GC(1054)   Evacuate Collection Set: 115.35ms
[4053.429s][info][gc,phases      ] GC(1054)   Post Evacuate Collection Set: 0.87ms
[4053.429s][info][gc,phases      ] GC(1054)   Other: 0.10ms
[4053.429s][info][gc,heap        ] GC(1054) Eden regions: 1118->0(1118)
[4053.429s][info][gc,heap        ] GC(1054) Survivor regions: 110->110(154)
[4053.429s][info][gc,heap        ] GC(1054) Old regions: 474->506
[4053.429s][info][gc,heap        ] GC(1054) Humongous regions: 80->80
[4053.429s][info][gc,metaspace   ] GC(1054) Metaspace: 28913K(29376K)->28913K(29376K) NonClass: 24044K(24256K)->24044K(24256K) Class: 4869K(5120K)->4869K(5120K)
[4053.429s][info][gc             ] GC(1054) Pause Young (Concurrent Start) (G1 Evacuation Pause) 3563M->1389M(4096M) 117.347ms
[4053.430s][info][gc             ] GC(1055) Concurrent Mark Cycle
[4053.430s][info][gc,marking     ] GC(1055) Concurrent Scan Root Regions
[4053.430s][info][gc,cpu         ] GC(1054) User=0.70s Sys=0.00s Real=0.12s
[4053.618s][info][gc,marking     ] GC(1055) Concurrent Scan Root Regions 188.735ms
[4053.618s][info][gc,marking     ] GC(1055) Concurrent Mark
[4053.618s][info][gc,marking     ] GC(1055) Concurrent Mark From Roots
[4053.618s][info][gc,task        ] GC(1055) Using 2 workers of 2 for marking
.[4054.586s][info][gc,marking     ] GC(1055) Concurrent Mark From Roots 967.918ms
[4054.586s][info][gc,marking     ] GC(1055) Concurrent Preclean
[4054.586s][info][gc,marking     ] GC(1055) Concurrent Preclean 0.088ms
[4054.587s][info][gc,start       ] GC(1055) Pause Remark
[4054.595s][info][gc             ] GC(1055) Pause Remark 2533M->2533M(4096M) 8.200ms
[4054.595s][info][gc,cpu         ] GC(1055) User=0.05s Sys=0.00s Real=0.01s
[4054.595s][info][gc,marking     ] GC(1055) Concurrent Mark 976.534ms
[4054.595s][info][gc,marking     ] GC(1055) Concurrent Rebuild Remembered Sets and Scrub Regions
.[4054.973s][info][gc,marking     ] GC(1055) Concurrent Rebuild Remembered Sets and Scrub Regions 378.278ms
[4054.973s][info][gc,start       ] GC(1055) Pause Cleanup
[4054.973s][info][gc             ] GC(1055) Pause Cleanup 2855M->2855M(4096M) 0.112ms
[4054.973s][info][gc,cpu         ] GC(1055) User=0.00s Sys=0.00s Real=0.00s
[4054.973s][info][gc,marking     ] GC(1055) Concurrent Clear Claimed Marks
[4054.974s][info][gc,marking     ] GC(1055) Concurrent Clear Claimed Marks 0.030ms
[4054.974s][info][gc,marking     ] GC(1055) Concurrent Cleanup for Next Mark
[4054.977s][info][gc,marking     ] GC(1055) Concurrent Cleanup for Next Mark 3.618ms
[4054.977s][info][gc             ] GC(1055) Concurrent Mark Cycle 1547.655ms
[4055.890s][info][gc,start       ] GC(1056) Pause Young (Prepare Mixed) (G1 Evacuation Pause)
[4055.890s][info][gc,task        ] GC(1056) Using 6 workers of 6 for evacuation
[4056.013s][info][gc,phases      ] GC(1056)   Pre Evacuate Collection Set: 0.35ms
[4056.013s][info][gc,phases      ] GC(1056)   Merge Heap Roots: 0.60ms
[4056.013s][info][gc,phases      ] GC(1056)   Evacuate Collection Set: 120.75ms
[4056.013s][info][gc,phases      ] GC(1056)   Post Evacuate Collection Set: 0.92ms
[4056.013s][info][gc,phases      ] GC(1056)   Other: 0.10ms
[4056.013s][info][gc,heap        ] GC(1056) Eden regions: 1118->0(1098)
[4056.013s][info][gc,heap        ] GC(1056) Survivor regions: 110->115(154)
[4056.013s][info][gc,heap        ] GC(1056) Old regions: 506->537
[4056.013s][info][gc,heap        ] GC(1056) Humongous regions: 80->80
[4056.013s][info][gc,metaspace   ] GC(1056) Metaspace: 28913K(29376K)->28913K(29376K) NonClass: 24044K(24256K)->24044K(24256K) Class: 4869K(5120K)->4869K(5120K)
[4056.013s][info][gc             ] GC(1056) Pause Young (Prepare Mixed) (G1 Evacuation Pause) 3625M->1461M(4096M) 122.851ms
[4056.013s][info][gc,cpu         ] GC(1056) User=0.73s Sys=0.00s Real=0.12s
...[4058.444s][info][gc,start       ] GC(1057) Pause Young (Mixed) (G1 Evacuation Pause)
[4058.444s][info][gc,task        ] GC(1057) Using 6 workers of 6 for evacuation
[4058.582s][info][gc,phases      ] GC(1057)   Pre Evacuate Collection Set: 0.37ms
[4058.582s][info][gc,phases      ] GC(1057)   Merge Heap Roots: 0.82ms
[4058.582s][info][gc,phases      ] GC(1057)   Evacuate Collection Set: 135.63ms
[4058.582s][info][gc,phases      ] GC(1057)   Post Evacuate Collection Set: 0.95ms
[4058.582s][info][gc,phases      ] GC(1057)   Other: 0.09ms
[4058.582s][info][gc,heap        ] GC(1057) Eden regions: 1098->0(1116)
[4058.582s][info][gc,heap        ] GC(1057) Survivor regions: 115->112(152)
[4058.582s][info][gc,heap        ] GC(1057) Old regions: 537->472
[4058.582s][info][gc,heap        ] GC(1057) Humongous regions: 80->80
[4058.582s][info][gc,metaspace   ] GC(1057) Metaspace: 28913K(29376K)->28913K(29376K) NonClass: 24044K(24256K)->24044K(24256K) Class: 4869K(5120K)->4869K(5120K)
[4058.582s][info][gc             ] GC(1057) Pause Young (Mixed) (G1 Evacuation Pause) 3657M->1327M(4096M) 137.995ms
[4058.582s][info][gc,cpu         ] GC(1057) User=0.82s Sys=0.00s Real=0.14s
...|[4061.081s][info][gc,start       ] GC(1058) Pause Young (Concurrent Start) (G1 Evacuation Pause)
[4061.081s][info][gc,task        ] GC(1058) Using 6 workers of 6 for evacuation
[4061.200s][info][gc,phases      ] GC(1058)   Pre Evacuate Collection Set: 0.40ms
[4061.200s][info][gc,phases      ] GC(1058)   Merge Heap Roots: 0.53ms
[4061.200s][info][gc,phases      ] GC(1058)   Evacuate Collection Set: 117.45ms
[4061.200s][info][gc,phases      ] GC(1058)   Post Evacuate Collection Set: 0.87ms
[4061.200s][info][gc,phases      ] GC(1058)   Other: 0.13ms
[4061.200s][info][gc,heap        ] GC(1058) Eden regions: 1116->0(1118)
[4061.200s][info][gc,heap        ] GC(1058) Survivor regions: 112->110(154)
[4061.200s][info][gc,heap        ] GC(1058) Old regions: 472->505
[4061.200s][info][gc,heap        ] GC(1058) Humongous regions: 80->80
[4061.200s][info][gc,metaspace   ] GC(1058) Metaspace: 28913K(29376K)->28913K(29376K) NonClass: 24044K(24256K)->24044K(24256K) Class: 4869K(5120K)->4869K(5120K)
[4061.200s][info][gc             ] GC(1058) Pause Young (Concurrent Start) (G1 Evacuation Pause) 3559M->1387M(4096M) 119.508ms
[4061.200s][info][gc             ] GC(1059) Concurrent Mark Cycle
[4061.200s][info][gc,marking     ] GC(1059) Concurrent Scan Root Regions
[4061.200s][info][gc,cpu         ] GC(1058) User=0.71s Sys=0.00s Real=0.12s
[4061.377s][info][gc,marking     ] GC(1059) Concurrent Scan Root Regions 176.488ms
[4061.377s][info][gc,marking     ] GC(1059) Concurrent Mark
[4061.377s][info][gc,marking     ] GC(1059) Concurrent Mark From Roots
[4061.377s][info][gc,task        ] GC(1059) Using 2 workers of 2 for marking
.[4062.332s][info][gc,marking     ] GC(1059) Concurrent Mark From Roots 955.401ms
[4062.332s][info][gc,marking     ] GC(1059) Concurrent Preclean
[4062.332s][info][gc,marking     ] GC(1059) Concurrent Preclean 0.109ms
[4062.336s][info][gc,start       ] GC(1059) Pause Remark
[4062.344s][info][gc             ] GC(1059) Pause Remark 2427M->2427M(4096M) 7.945ms
[4062.344s][info][gc,cpu         ] GC(1059) User=0.04s Sys=0.00s Real=0.01s
[4062.344s][info][gc,marking     ] GC(1059) Concurrent Mark 967.772ms
[4062.344s][info][gc,marking     ] GC(1059) Concurrent Rebuild Remembered Sets and Scrub Regions
[4062.755s][info][gc,marking     ] GC(1059) Concurrent Rebuild Remembered Sets and Scrub Regions 410.321ms
[4062.755s][info][gc,start       ] GC(1059) Pause Cleanup
[4062.755s][info][gc             ] GC(1059) Pause Cleanup 2803M->2803M(4096M) 0.110ms
[4062.755s][info][gc,cpu         ] GC(1059) User=0.00s Sys=0.00s Real=0.00s
[4062.755s][info][gc,marking     ] GC(1059) Concurrent Clear Claimed Marks
[4062.755s][info][gc,marking     ] GC(1059) Concurrent Clear Claimed Marks 0.044ms
[4062.755s][info][gc,marking     ] GC(1059) Concurrent Cleanup for Next Mark
[4062.760s][info][gc,marking     ] GC(1059) Concurrent Cleanup for Next Mark 4.468ms
[4062.760s][info][gc             ] GC(1059) Concurrent Mark Cycle 1559.644ms
.[4063.592s][info][gc,start       ] GC(1060) Pause Young (Prepare Mixed) (G1 Evacuation Pause)
[4063.592s][info][gc,task        ] GC(1060) Using 6 workers of 6 for evacuation
[4063.714s][info][gc,phases      ] GC(1060)   Pre Evacuate Collection Set: 0.31ms
[4063.714s][info][gc,phases      ] GC(1060)   Merge Heap Roots: 0.63ms
[4063.714s][info][gc,phases      ] GC(1060)   Evacuate Collection Set: 119.21ms
[4063.714s][info][gc,phases      ] GC(1060)   Post Evacuate Collection Set: 0.93ms
[4063.714s][info][gc,phases      ] GC(1060)   Other: 0.11ms
[4063.714s][info][gc,heap        ] GC(1060) Eden regions: 1118->0(1102)
[4063.714s][info][gc,heap        ] GC(1060) Survivor regions: 110->113(154)
[4063.714s][info][gc,heap        ] GC(1060) Old regions: 505->537
[4063.714s][info][gc,heap        ] GC(1060) Humongous regions: 80->80
[4063.714s][info][gc,metaspace   ] GC(1060) Metaspace: 28913K(29376K)->28913K(29376K) NonClass: 24044K(24256K)->24044K(24256K) Class: 4869K(5120K)->4869K(5120K)
[4063.714s][info][gc             ] GC(1060) Pause Young (Prepare Mixed) (G1 Evacuation Pause) 3623M->1457M(4096M) 121.312ms
[4063.714s][info][gc,cpu         ] GC(1060) User=0.72s Sys=0.00s Real=0.12s
...[4066.170s][info][gc,start       ] GC(1061) Pause Young (Mixed) (G1 Evacuation Pause)
[4066.170s][info][gc,task        ] GC(1061) Using 6 workers of 6 for evacuation
[4066.305s][info][gc,phases      ] GC(1061)   Pre Evacuate Collection Set: 0.35ms
[4066.305s][info][gc,phases      ] GC(1061)   Merge Heap Roots: 0.74ms
[4066.305s][info][gc,phases      ] GC(1061)   Evacuate Collection Set: 133.22ms
[4066.305s][info][gc,phases      ] GC(1061)   Post Evacuate Collection Set: 0.93ms
[4066.305s][info][gc,phases      ] GC(1061)   Other: 0.08ms
[4066.305s][info][gc,heap        ] GC(1061) Eden regions: 1102->0(1118)
[4066.305s][info][gc,heap        ] GC(1061) Survivor regions: 113->110(152)
[4066.305s][info][gc,heap        ] GC(1061) Old regions: 537->475
[4066.305s][info][gc,heap        ] GC(1061) Humongous regions: 80->80
[4066.305s][info][gc,metaspace   ] GC(1061) Metaspace: 28913K(29376K)->28913K(29376K) NonClass: 24044K(24256K)->24044K(24256K) Class: 4869K(5120K)->4869K(5120K)
[4066.305s][info][gc             ] GC(1061) Pause Young (Mixed) (G1 Evacuation Pause) 3661M->1329M(4096M) 135.448ms
[4066.306s][info][gc,cpu         ] GC(1061) User=0.81s Sys=0.00s Real=0.13s
..[4068.814s][info][gc,start       ] GC(1062) Pause Young (Concurrent Start) (G1 Evacuation Pause)
[4068.814s][info][gc,task        ] GC(1062) Using 6 workers of 6 for evacuation
[4068.944s][info][gc,phases      ] GC(1062)   Pre Evacuate Collection Set: 0.34ms
[4068.944s][info][gc,phases      ] GC(1062)   Merge Heap Roots: 0.52ms
[4068.944s][info][gc,phases      ] GC(1062)   Evacuate Collection Set: 127.66ms
[4068.944s][info][gc,phases      ] GC(1062)   Post Evacuate Collection Set: 0.87ms
[4068.944s][info][gc,phases      ] GC(1062)   Other: 0.09ms
[4068.944s][info][gc,heap        ] GC(1062) Eden regions: 1118->0(1111)
[4068.944s][info][gc,heap        ] GC(1062) Survivor regions: 110->117(154)
[4068.944s][info][gc,heap        ] GC(1062) Old regions: 475->507
[4068.944s][info][gc,heap        ] GC(1062) Humongous regions: 80->80
[4068.944s][info][gc,metaspace   ] GC(1062) Metaspace: 28913K(29376K)->28913K(29376K) NonClass: 24044K(24256K)->24044K(24256K) Class: 4869K(5120K)->4869K(5120K)
[4068.944s][info][gc             ] GC(1062) Pause Young (Concurrent Start) (G1 Evacuation Pause) 3565M->1406M(4096M) 129.625ms
[4068.944s][info][gc             ] GC(1063) Concurrent Mark Cycle
[4068.944s][info][gc,marking     ] GC(1063) Concurrent Scan Root Regions
[4068.944s][info][gc,cpu         ] GC(1062) User=0.77s Sys=0.00s Real=0.13s
.[4069.093s][info][gc,marking     ] GC(1063) Concurrent Scan Root Regions 149.096ms
[4069.093s][info][gc,marking     ] GC(1063) Concurrent Mark
[4069.093s][info][gc,marking     ] GC(1063) Concurrent Mark From Roots
[4069.093s][info][gc,task        ] GC(1063) Using 2 workers of 2 for marking
[4069.883s][info][gc,marking     ] GC(1063) Concurrent Mark From Roots 789.359ms
[4069.883s][info][gc,marking     ] GC(1063) Concurrent Preclean
[4069.883s][info][gc,marking     ] GC(1063) Concurrent Preclean 0.061ms
[4069.883s][info][gc,start       ] GC(1063) Pause Remark
[4069.888s][info][gc             ] GC(1063) Pause Remark 2237M->2237M(4096M) 5.448ms
[4069.888s][info][gc,cpu         ] GC(1063) User=0.03s Sys=0.00s Real=0.00s
[4069.888s][info][gc,marking     ] GC(1063) Concurrent Mark 795.157ms
[4069.888s][info][gc,marking     ] GC(1063) Concurrent Rebuild Remembered Sets and Scrub Regions
[4070.160s][info][gc,marking     ] GC(1063) Concurrent Rebuild Remembered Sets and Scrub Regions 272.048ms
[4070.163s][info][gc,start       ] GC(1063) Pause Cleanup
[4070.163s][info][gc             ] GC(1063) Pause Cleanup 2496M->2496M(4096M) 0.136ms
[4070.163s][info][gc,cpu         ] GC(1063) User=0.00s Sys=0.00s Real=0.00s
[4070.163s][info][gc,marking     ] GC(1063) Concurrent Clear Claimed Marks
[4070.163s][info][gc,marking     ] GC(1063) Concurrent Clear Claimed Marks 0.042ms
[4070.163s][info][gc,marking     ] GC(1063) Concurrent Cleanup for Next Mark
.[4070.169s][info][gc,marking     ] GC(1063) Concurrent Cleanup for Next Mark 5.592ms
[4070.169s][info][gc             ] GC(1063) Concurrent Mark Cycle 1224.711ms
.[4071.331s][info][gc,start       ] GC(1064) Pause Young (Prepare Mixed) (G1 Evacuation Pause)
[4071.331s][info][gc,task        ] GC(1064) Using 6 workers of 6 for evacuation
[4071.447s][info][gc,phases      ] GC(1064)   Pre Evacuate Collection Set: 0.34ms
[4071.447s][info][gc,phases      ] GC(1064)   Merge Heap Roots: 0.58ms
[4071.447s][info][gc,phases      ] GC(1064)   Evacuate Collection Set: 114.88ms
[4071.447s][info][gc,phases      ] GC(1064)   Post Evacuate Collection Set: 0.94ms
[4071.447s][info][gc,phases      ] GC(1064)   Other: 0.09ms
[4071.447s][info][gc,heap        ] GC(1064) Eden regions: 1111->0(1111)
[4071.447s][info][gc,heap        ] GC(1064) Survivor regions: 117->108(154)
[4071.447s][info][gc,heap        ] GC(1064) Old regions: 507->538
[4071.447s][info][gc,heap        ] GC(1064) Humongous regions: 80->80
[4071.448s][info][gc,metaspace   ] GC(1064) Metaspace: 28913K(29376K)->28913K(29376K) NonClass: 24044K(24256K)->24044K(24256K) Class: 4869K(5120K)->4869K(5120K)
[4071.448s][info][gc             ] GC(1064) Pause Young (Prepare Mixed) (G1 Evacuation Pause) 3628M->1451M(4096M) 116.955ms
[4071.448s][info][gc,cpu         ] GC(1064) User=0.69s Sys=0.00s Real=0.11s
..[4073.941s][info][gc,start       ] GC(1065) Pause Young (Mixed) (G1 Evacuation Pause)
[4073.941s][info][gc,task        ] GC(1065) Using 6 workers of 6 for evacuation
[4074.072s][info][gc,phases      ] GC(1065)   Pre Evacuate Collection Set: 0.40ms
[4074.072s][info][gc,phases      ] GC(1065)   Merge Heap Roots: 0.81ms
[4074.072s][info][gc,phases      ] GC(1065)   Evacuate Collection Set: 128.92ms
[4074.072s][info][gc,phases      ] GC(1065)   Post Evacuate Collection Set: 0.92ms
[4074.072s][info][gc,phases      ] GC(1065)   Other: 0.10ms
[4074.072s][info][gc,heap        ] GC(1065) Eden regions: 1111->0(1120)
[4074.072s][info][gc,heap        ] GC(1065) Survivor regions: 108->108(153)
[4074.072s][info][gc,heap        ] GC(1065) Old regions: 538->474
[4074.072s][info][gc,heap        ] GC(1065) Humongous regions: 80->80
[4074.072s][info][gc,metaspace   ] GC(1065) Metaspace: 28913K(29376K)->28913K(29376K) NonClass: 24044K(24256K)->24044K(24256K) Class: 4869K(5120K)->4869K(5120K)
[4074.072s][info][gc             ] GC(1065) Pause Young (Mixed) (G1 Evacuation Pause) 3673M->1322M(4096M) 131.289ms
[4074.072s][info][gc,cpu         ] GC(1065) User=0.78s Sys=0.00s Real=0.13s
...[4076.531s][info][gc,start       ] GC(1066) Pause Young (Concurrent Start) (G1 Evacuation Pause)
[4076.531s][info][gc,task        ] GC(1066) Using 6 workers of 6 for evacuation
[4076.650s][info][gc,phases      ] GC(1066)   Pre Evacuate Collection Set: 0.40ms
[4076.650s][info][gc,phases      ] GC(1066)   Merge Heap Roots: 0.57ms
[4076.650s][info][gc,phases      ] GC(1066)   Evacuate Collection Set: 117.24ms
[4076.650s][info][gc,phases      ] GC(1066)   Post Evacuate Collection Set: 0.88ms
[4076.650s][info][gc,phases      ] GC(1066)   Other: 0.12ms
[4076.650s][info][gc,heap        ] GC(1066) Eden regions: 1120->0(1117)
[4076.650s][info][gc,heap        ] GC(1066) Survivor regions: 108->111(154)
[4076.650s][info][gc,heap        ] GC(1066) Old regions: 474->505
[4076.650s][info][gc,heap        ] GC(1066) Humongous regions: 80->80
[4076.650s][info][gc,metaspace   ] GC(1066) Metaspace: 28913K(29376K)->28913K(29376K) NonClass: 24044K(24256K)->24044K(24256K) Class: 4869K(5120K)->4869K(5120K)
[4076.650s][info][gc             ] GC(1066) Pause Young (Concurrent Start) (G1 Evacuation Pause) 3562M->1390M(4096M) 119.358ms
[4076.650s][info][gc             ] GC(1067) Concurrent Mark Cycle
[4076.650s][info][gc,marking     ] GC(1067) Concurrent Scan Root Regions
[4076.650s][info][gc,cpu         ] GC(1066) User=0.71s Sys=0.00s Real=0.12s
[4076.845s][info][gc,marking     ] GC(1067) Concurrent Scan Root Regions 194.494ms
[4076.845s][info][gc,marking     ] GC(1067) Concurrent Mark
[4076.845s][info][gc,marking     ] GC(1067) Concurrent Mark From Roots
[4076.845s][info][gc,task        ] GC(1067) Using 2 workers of 2 for marking
.[4077.866s][info][gc,marking     ] GC(1067) Concurrent Mark From Roots 1020.595ms
[4077.866s][info][gc,marking     ] GC(1067) Concurrent Preclean
[4077.866s][info][gc,marking     ] GC(1067) Concurrent Preclean 0.090ms
[4077.868s][info][gc,start       ] GC(1067) Pause Remark
[4077.873s][info][gc             ] GC(1067) Pause Remark 2460M->2460M(4096M) 5.142ms
[4077.873s][info][gc,cpu         ] GC(1067) User=0.03s Sys=0.00s Real=0.01s
[4077.873s][info][gc,marking     ] GC(1067) Concurrent Mark 1028.554ms
[4077.873s][info][gc,marking     ] GC(1067) Concurrent Rebuild Remembered Sets and Scrub Regions
[4078.163s][info][gc,marking     ] GC(1067) Concurrent Rebuild Remembered Sets and Scrub Regions 289.899ms
[4078.164s][info][gc,start       ] GC(1067) Pause Cleanup
[4078.165s][info][gc             ] GC(1067) Pause Cleanup 2764M->2764M(4096M) 0.123ms
[4078.165s][info][gc,cpu         ] GC(1067) User=0.00s Sys=0.00s Real=0.00s
[4078.165s][info][gc,marking     ] GC(1067) Concurrent Clear Claimed Marks
[4078.165s][info][gc,marking     ] GC(1067) Concurrent Clear Claimed Marks 0.029ms
[4078.165s][info][gc,marking     ] GC(1067) Concurrent Cleanup for Next Mark
[4078.173s][info][gc,marking     ] GC(1067) Concurrent Cleanup for Next Mark 8.100ms
[4078.173s][info][gc             ] GC(1067) Concurrent Mark Cycle 1522.529ms
.[4079.047s][info][gc,start       ] GC(1068) Pause Young (Prepare Mixed) (G1 Evacuation Pause)
[4079.047s][info][gc,task        ] GC(1068) Using 6 workers of 6 for evacuation
[4079.165s][info][gc,phases      ] GC(1068)   Pre Evacuate Collection Set: 0.33ms
[4079.165s][info][gc,phases      ] GC(1068)   Merge Heap Roots: 0.63ms
[4079.165s][info][gc,phases      ] GC(1068)   Evacuate Collection Set: 116.11ms
[4079.165s][info][gc,phases      ] GC(1068)   Post Evacuate Collection Set: 0.90ms
[4079.165s][info][gc,phases      ] GC(1068)   Other: 0.07ms
[4079.165s][info][gc,heap        ] GC(1068) Eden regions: 1117->0(1109)
[4079.165s][info][gc,heap        ] GC(1068) Survivor regions: 111->109(154)
[4079.165s][info][gc,heap        ] GC(1068) Old regions: 505->538
[4079.165s][info][gc,heap        ] GC(1068) Humongous regions: 80->80
[4079.165s][info][gc,metaspace   ] GC(1068) Metaspace: 28913K(29376K)->28913K(29376K) NonClass: 24044K(24256K)->24044K(24256K) Class: 4869K(5120K)->4869K(5120K)
[4079.165s][info][gc             ] GC(1068) Pause Young (Prepare Mixed) (G1 Evacuation Pause) 3624M->1451M(4096M) 118.182ms
[4079.165s][info][gc,cpu         ] GC(1068) User=0.71s Sys=0.00s Real=0.12s
...[4081.594s][info][gc,start       ] GC(1069) Pause Young (Mixed) (G1 Evacuation Pause)
[4081.594s][info][gc,task        ] GC(1069) Using 6 workers of 6 for evacuation
[4081.733s][info][gc,phases      ] GC(1069)   Pre Evacuate Collection Set: 0.38ms
[4081.733s][info][gc,phases      ] GC(1069)   Merge Heap Roots: 0.71ms
[4081.733s][info][gc,phases      ] GC(1069)   Evacuate Collection Set: 136.70ms
[4081.733s][info][gc,phases      ] GC(1069)   Post Evacuate Collection Set: 0.93ms
[4081.733s][info][gc,phases      ] GC(1069)   Other: 0.09ms
[4081.733s][info][gc,heap        ] GC(1069) Eden regions: 1109->0(1114)
[4081.733s][info][gc,heap        ] GC(1069) Survivor regions: 109->114(153)
[4081.733s][info][gc,heap        ] GC(1069) Old regions: 538->474
[4081.733s][info][gc,heap        ] GC(1069) Humongous regions: 80->80
[4081.733s][info][gc,metaspace   ] GC(1069) Metaspace: 28913K(29376K)->28913K(29376K) NonClass: 24044K(24256K)->24044K(24256K) Class: 4869K(5120K)->4869K(5120K)
[4081.733s][info][gc             ] GC(1069) Pause Young (Mixed) (G1 Evacuation Pause) 3669M->1335M(4096M) 138.940ms
[4081.733s][info][gc,cpu         ] GC(1069) User=0.83s Sys=0.00s Real=0.14s
..[4084.138s][info][gc,start       ] GC(1070) Pause Young (Concurrent Start) (G1 Evacuation Pause)
[4084.138s][info][gc,task        ] GC(1070) Using 6 workers of 6 for evacuation
[4084.257s][info][gc,phases      ] GC(1070)   Pre Evacuate Collection Set: 0.36ms
[4084.257s][info][gc,phases      ] GC(1070)   Merge Heap Roots: 0.51ms
[4084.257s][info][gc,phases      ] GC(1070)   Evacuate Collection Set: 116.58ms
[4084.257s][info][gc,phases      ] GC(1070)   Post Evacuate Collection Set: 0.88ms
[4084.257s][info][gc,phases      ] GC(1070)   Other: 0.11ms
[4084.257s][info][gc,heap        ] GC(1070) Eden regions: 1114->0(1119)
[4084.257s][info][gc,heap        ] GC(1070) Survivor regions: 114->109(154)
[4084.257s][info][gc,heap        ] GC(1070) Old regions: 474->506
[4084.257s][info][gc,heap        ] GC(1070) Humongous regions: 80->80
[4084.257s][info][gc,metaspace   ] GC(1070) Metaspace: 28913K(29376K)->28913K(29376K) NonClass: 24044K(24256K)->24044K(24256K) Class: 4869K(5120K)->4869K(5120K)
[4084.257s][info][gc             ] GC(1070) Pause Young (Concurrent Start) (G1 Evacuation Pause) 3563M->1387M(4096M) 118.570ms
[4084.257s][info][gc             ] GC(1071) Concurrent Mark Cycle
[4084.257s][info][gc,marking     ] GC(1071) Concurrent Scan Root Regions
[4084.257s][info][gc,cpu         ] GC(1070) User=0.71s Sys=0.00s Real=0.12s
.[4084.402s][info][gc,marking     ] GC(1071) Concurrent Scan Root Regions 144.755ms
[4084.402s][info][gc,marking     ] GC(1071) Concurrent Mark
[4084.402s][info][gc,marking     ] GC(1071) Concurrent Mark From Roots
[4084.402s][info][gc,task        ] GC(1071) Using 2 workers of 2 for marking
[4085.103s][info][gc,marking     ] GC(1071) Concurrent Mark From Roots 700.975ms
[4085.103s][info][gc,marking     ] GC(1071) Concurrent Preclean
[4085.103s][info][gc,marking     ] GC(1071) Concurrent Preclean 0.066ms
[4085.103s][info][gc,start       ] GC(1071) Pause Remark
[4085.110s][info][gc             ] GC(1071) Pause Remark 2129M->2129M(4096M) 6.335ms
[4085.110s][info][gc,cpu         ] GC(1071) User=0.04s Sys=0.00s Real=0.01s
[4085.112s][info][gc,marking     ] GC(1071) Concurrent Mark 710.010ms
[4085.112s][info][gc,marking     ] GC(1071) Concurrent Rebuild Remembered Sets and Scrub Regions
.[4085.383s][info][gc,marking     ] GC(1071) Concurrent Rebuild Remembered Sets and Scrub Regions 271.345ms
[4085.384s][info][gc,start       ] GC(1071) Pause Cleanup
[4085.384s][info][gc             ] GC(1071) Pause Cleanup 2398M->2398M(4096M) 0.139ms
[4085.384s][info][gc,cpu         ] GC(1071) User=0.00s Sys=0.00s Real=0.00s
[4085.385s][info][gc,marking     ] GC(1071) Concurrent Clear Claimed Marks
[4085.385s][info][gc,marking     ] GC(1071) Concurrent Clear Claimed Marks 0.036ms
[4085.385s][info][gc,marking     ] GC(1071) Concurrent Cleanup for Next Mark
[4085.393s][info][gc,marking     ] GC(1071) Concurrent Cleanup for Next Mark 7.403ms
[4085.393s][info][gc             ] GC(1071) Concurrent Mark Cycle 1135.714ms
.[4086.774s][info][gc,start       ] GC(1072) Pause Young (Prepare Mixed) (G1 Evacuation Pause)
[4086.774s][info][gc,task        ] GC(1072) Using 6 workers of 6 for evacuation
[4086.895s][info][gc,phases      ] GC(1072)   Pre Evacuate Collection Set: 0.35ms
[4086.895s][info][gc,phases      ] GC(1072)   Merge Heap Roots: 0.53ms
[4086.895s][info][gc,phases      ] GC(1072)   Evacuate Collection Set: 118.60ms
[4086.895s][info][gc,phases      ] GC(1072)   Post Evacuate Collection Set: 0.91ms
[4086.895s][info][gc,phases      ] GC(1072)   Other: 0.09ms
[4086.895s][info][gc,heap        ] GC(1072) Eden regions: 1119->0(1104)
[4086.895s][info][gc,heap        ] GC(1072) Survivor regions: 109->112(154)
[4086.895s][info][gc,heap        ] GC(1072) Old regions: 506->537
[4086.895s][info][gc,heap        ] GC(1072) Humongous regions: 80->80
[4086.895s][info][gc,metaspace   ] GC(1072) Metaspace: 28913K(29376K)->28913K(29376K) NonClass: 24044K(24256K)->24044K(24256K) Class: 4869K(5120K)->4869K(5120K)
[4086.895s][info][gc             ] GC(1072) Pause Young (Prepare Mixed) (G1 Evacuation Pause) 3625M->1456M(4096M) 120.617ms
[4086.895s][info][gc,cpu         ] GC(1072) User=0.72s Sys=0.00s Real=0.12s
..[4089.208s][info][gc,start       ] GC(1073) Pause Young (Mixed) (G1 Evacuation Pause)
[4089.208s][info][gc,task        ] GC(1073) Using 6 workers of 6 for evacuation
[4089.344s][info][gc,phases      ] GC(1073)   Pre Evacuate Collection Set: 0.39ms
[4089.344s][info][gc,phases      ] GC(1073)   Merge Heap Roots: 0.81ms
[4089.344s][info][gc,phases      ] GC(1073)   Evacuate Collection Set: 133.51ms
[4089.344s][info][gc,phases      ] GC(1073)   Post Evacuate Collection Set: 0.95ms
[4089.344s][info][gc,phases      ] GC(1073)   Other: 0.09ms
[4089.344s][info][gc,heap        ] GC(1073) Eden regions: 1104->0(1117)
[4089.344s][info][gc,heap        ] GC(1073) Survivor regions: 112->111(152)
[4089.344s][info][gc,heap        ] GC(1073) Old regions: 537->473
[4089.344s][info][gc,heap        ] GC(1073) Humongous regions: 80->80
[4089.344s][info][gc,metaspace   ] GC(1073) Metaspace: 28913K(29376K)->28913K(29376K) NonClass: 24044K(24256K)->24044K(24256K) Class: 4869K(5120K)->4869K(5120K)
[4089.344s][info][gc             ] GC(1073) Pause Young (Mixed) (G1 Evacuation Pause) 3664M->1326M(4096M) 135.878ms
[4089.344s][info][gc,cpu         ] GC(1073) User=0.81s Sys=0.00s Real=0.14s
...[4091.858s][info][gc,start       ] GC(1074) Pause Young (Concurrent Start) (G1 Evacuation Pause)
[4091.858s][info][gc,task        ] GC(1074) Using 6 workers of 6 for evacuation
[4091.979s][info][gc,phases      ] GC(1074)   Pre Evacuate Collection Set: 0.39ms
[4091.979s][info][gc,phases      ] GC(1074)   Merge Heap Roots: 0.48ms
[4091.979s][info][gc,phases      ] GC(1074)   Evacuate Collection Set: 119.61ms
[4091.979s][info][gc,phases      ] GC(1074)   Post Evacuate Collection Set: 0.86ms
[4091.979s][info][gc,phases      ] GC(1074)   Other: 0.13ms
[4091.979s][info][gc,heap        ] GC(1074) Eden regions: 1117->0(1116)
[4091.979s][info][gc,heap        ] GC(1074) Survivor regions: 111->112(154)
[4091.979s][info][gc,heap        ] GC(1074) Old regions: 473->506
[4091.979s][info][gc,heap        ] GC(1074) Humongous regions: 80->80
[4091.979s][info][gc,metaspace   ] GC(1074) Metaspace: 28913K(29376K)->28913K(29376K) NonClass: 24044K(24256K)->24044K(24256K) Class: 4869K(5120K)->4869K(5120K)
[4091.979s][info][gc             ] GC(1074) Pause Young (Concurrent Start) (G1 Evacuation Pause) 3560M->1394M(4096M) 121.604ms
[4091.979s][info][gc             ] GC(1075) Concurrent Mark Cycle
[4091.979s][info][gc,marking     ] GC(1075) Concurrent Scan Root Regions
[4091.979s][info][gc,cpu         ] GC(1074) User=0.72s Sys=0.00s Real=0.13s
[4092.133s][info][gc,marking     ] GC(1075) Concurrent Scan Root Regions 153.508ms
[4092.133s][info][gc,marking     ] GC(1075) Concurrent Mark
[4092.133s][info][gc,marking     ] GC(1075) Concurrent Mark From Roots
[4092.133s][info][gc,task        ] GC(1075) Using 2 workers of 2 for marking
.[4092.927s][info][gc,marking     ] GC(1075) Concurrent Mark From Roots 794.174ms
[4092.927s][info][gc,marking     ] GC(1075) Concurrent Preclean
[4092.927s][info][gc,marking     ] GC(1075) Concurrent Preclean 0.084ms
[4092.930s][info][gc,start       ] GC(1075) Pause Remark
[4092.936s][info][gc             ] GC(1075) Pause Remark 2236M->2236M(4096M) 5.974ms
[4092.936s][info][gc,cpu         ] GC(1075) User=0.04s Sys=0.00s Real=0.00s
[4092.937s][info][gc,marking     ] GC(1075) Concurrent Mark 803.765ms
[4092.937s][info][gc,marking     ] GC(1075) Concurrent Rebuild Remembered Sets and Scrub Regions
[4093.207s][info][gc,marking     ] GC(1075) Concurrent Rebuild Remembered Sets and Scrub Regions 270.649ms
[4093.208s][info][gc,start       ] GC(1075) Pause Cleanup
[4093.208s][info][gc             ] GC(1075) Pause Cleanup 2522M->2522M(4096M) 0.122ms
[4093.208s][info][gc,cpu         ] GC(1075) User=0.00s Sys=0.00s Real=0.00s
[4093.209s][info][gc,marking     ] GC(1075) Concurrent Clear Claimed Marks
[4093.209s][info][gc,marking     ] GC(1075) Concurrent Clear Claimed Marks 0.035ms
[4093.209s][info][gc,marking     ] GC(1075) Concurrent Cleanup for Next Mark
[4093.215s][info][gc,marking     ] GC(1075) Concurrent Cleanup for Next Mark 6.588ms
[4093.215s][info][gc             ] GC(1075) Concurrent Mark Cycle 1236.152ms
.[4094.441s][info][gc,start       ] GC(1076) Pause Young (Prepare Mixed) (G1 Evacuation Pause)
[4094.441s][info][gc,task        ] GC(1076) Using 6 workers of 6 for evacuation
[4094.560s][info][gc,phases      ] GC(1076)   Pre Evacuate Collection Set: 0.31ms
[4094.560s][info][gc,phases      ] GC(1076)   Merge Heap Roots: 0.56ms
[4094.560s][info][gc,phases      ] GC(1076)   Evacuate Collection Set: 116.95ms
[4094.560s][info][gc,phases      ] GC(1076)   Post Evacuate Collection Set: 0.91ms
[4094.560s][info][gc,phases      ] GC(1076)   Other: 0.08ms
[4094.560s][info][gc,heap        ] GC(1076) Eden regions: 1116->0(1108)
[4094.560s][info][gc,heap        ] GC(1076) Survivor regions: 112->110(154)
[4094.560s][info][gc,heap        ] GC(1076) Old regions: 506->537
[4094.560s][info][gc,heap        ] GC(1076) Humongous regions: 80->80
[4094.560s][info][gc,metaspace   ] GC(1076) Metaspace: 28913K(29376K)->28913K(29376K) NonClass: 24044K(24256K)->24044K(24256K) Class: 4869K(5120K)->4869K(5120K)
[4094.560s][info][gc             ] GC(1076) Pause Young (Prepare Mixed) (G1 Evacuation Pause) 3626M->1453M(4096M) 118.939ms
[4094.560s][info][gc,cpu         ] GC(1076) User=0.71s Sys=0.00s Real=0.12s
...[4097.002s][info][gc,start       ] GC(1077) Pause Young (Mixed) (G1 Evacuation Pause)
[4097.002s][info][gc,task        ] GC(1077) Using 6 workers of 6 for evacuation
[4097.138s][info][gc,phases      ] GC(1077)   Pre Evacuate Collection Set: 0.35ms
[4097.138s][info][gc,phases      ] GC(1077)   Merge Heap Roots: 0.72ms
[4097.138s][info][gc,phases      ] GC(1077)   Evacuate Collection Set: 133.70ms
[4097.138s][info][gc,phases      ] GC(1077)   Post Evacuate Collection Set: 0.96ms
[4097.138s][info][gc,phases      ] GC(1077)   Other: 0.08ms
[4097.138s][info][gc,heap        ] GC(1077) Eden regions: 1108->0(1118)
[4097.138s][info][gc,heap        ] GC(1077) Survivor regions: 110->110(153)
[4097.138s][info][gc,heap        ] GC(1077) Old regions: 537->476
[4097.138s][info][gc,heap        ] GC(1077) Humongous regions: 80->80
[4097.138s][info][gc,metaspace   ] GC(1077) Metaspace: 28913K(29376K)->28913K(29376K) NonClass: 24044K(24256K)->24044K(24256K) Class: 4869K(5120K)->4869K(5120K)
[4097.138s][info][gc             ] GC(1077) Pause Young (Mixed) (G1 Evacuation Pause) 3669M->1329M(4096M) 135.951ms
[4097.138s][info][gc,cpu         ] GC(1077) User=0.81s Sys=0.00s Real=0.13s
..[4099.553s][info][gc,start       ] GC(1078) Pause Young (Concurrent Start) (G1 Evacuation Pause)
[4099.553s][info][gc,task        ] GC(1078) Using 6 workers of 6 for evacuation
[4099.675s][info][gc,phases      ] GC(1078)   Pre Evacuate Collection Set: 0.38ms
[4099.675s][info][gc,phases      ] GC(1078)   Merge Heap Roots: 0.56ms
[4099.675s][info][gc,phases      ] GC(1078)   Evacuate Collection Set: 119.93ms
[4099.675s][info][gc,phases      ] GC(1078)   Post Evacuate Collection Set: 0.87ms
[4099.675s][info][gc,phases      ] GC(1078)   Other: 0.11ms
[4099.675s][info][gc,heap        ] GC(1078) Eden regions: 1118->0(1117)
[4099.675s][info][gc,heap        ] GC(1078) Survivor regions: 110->111(154)
[4099.675s][info][gc,heap        ] GC(1078) Old regions: 476->508
[4099.675s][info][gc,heap        ] GC(1078) Humongous regions: 80->80
[4099.675s][info][gc,metaspace   ] GC(1078) Metaspace: 28913K(29376K)->28913K(29376K) NonClass: 24044K(24256K)->24044K(24256K) Class: 4869K(5120K)->4869K(5120K)
[4099.675s][info][gc             ] GC(1078) Pause Young (Concurrent Start) (G1 Evacuation Pause) 3565M->1396M(4096M) 121.984ms
[4099.675s][info][gc             ] GC(1079) Concurrent Mark Cycle
[4099.675s][info][gc,marking     ] GC(1079) Concurrent Scan Root Regions
[4099.675s][info][gc,cpu         ] GC(1078) User=0.72s Sys=0.00s Real=0.12s
.[4099.825s][info][gc,marking     ] GC(1079) Concurrent Scan Root Regions 150.439ms
[4099.825s][info][gc,marking     ] GC(1079) Concurrent Mark
[4099.825s][info][gc,marking     ] GC(1079) Concurrent Mark From Roots
[4099.825s][info][gc,task        ] GC(1079) Using 2 workers of 2 for marking
[4100.587s][info][gc,marking     ] GC(1079) Concurrent Mark From Roots 761.821ms
[4100.587s][info][gc,marking     ] GC(1079) Concurrent Preclean
[4100.587s][info][gc,marking     ] GC(1079) Concurrent Preclean 0.067ms
[4100.589s][info][gc,start       ] GC(1079) Pause Remark
[4100.594s][info][gc             ] GC(1079) Pause Remark 2250M->2250M(4096M) 5.508ms
[4100.594s][info][gc,cpu         ] GC(1079) User=0.03s Sys=0.00s Real=0.01s
[4100.595s][info][gc,marking     ] GC(1079) Concurrent Mark 769.809ms
[4100.595s][info][gc,marking     ] GC(1079) Concurrent Rebuild Remembered Sets and Scrub Regions
.[4100.950s][info][gc,marking     ] GC(1079) Concurrent Rebuild Remembered Sets and Scrub Regions 354.425ms
[4100.950s][info][gc,start       ] GC(1079) Pause Cleanup
[4100.950s][info][gc             ] GC(1079) Pause Cleanup 2526M->2526M(4096M) 0.117ms
[4100.950s][info][gc,cpu         ] GC(1079) User=0.00s Sys=0.00s Real=0.00s
[4100.950s][info][gc,marking     ] GC(1079) Concurrent Clear Claimed Marks
[4100.950s][info][gc,marking     ] GC(1079) Concurrent Clear Claimed Marks 0.029ms
[4100.950s][info][gc,marking     ] GC(1079) Concurrent Cleanup for Next Mark
[4100.956s][info][gc,marking     ] GC(1079) Concurrent Cleanup for Next Mark 5.263ms
[4100.956s][info][gc             ] GC(1079) Concurrent Mark Cycle 1280.892ms
.[4102.136s][info][gc,start       ] GC(1080) Pause Young (Prepare Mixed) (G1 Evacuation Pause)
[4102.136s][info][gc,task        ] GC(1080) Using 6 workers of 6 for evacuation
[4102.252s][info][gc,phases      ] GC(1080)   Pre Evacuate Collection Set: 0.31ms
[4102.252s][info][gc,phases      ] GC(1080)   Merge Heap Roots: 0.60ms
[4102.252s][info][gc,phases      ] GC(1080)   Evacuate Collection Set: 114.25ms
[4102.252s][info][gc,phases      ] GC(1080)   Post Evacuate Collection Set: 0.88ms
[4102.252s][info][gc,phases      ] GC(1080)   Other: 0.09ms
[4102.252s][info][gc,heap        ] GC(1080) Eden regions: 1117->0(1111)
[4102.252s][info][gc,heap        ] GC(1080) Survivor regions: 111->107(154)
[4102.252s][info][gc,heap        ] GC(1080) Old regions: 508->540
[4102.252s][info][gc,heap        ] GC(1080) Humongous regions: 80->80
[4102.252s][info][gc,metaspace   ] GC(1080) Metaspace: 28913K(29376K)->28913K(29376K) NonClass: 24044K(24256K)->24044K(24256K) Class: 4869K(5120K)->4869K(5120K)
[4102.252s][info][gc             ] GC(1080) Pause Young (Prepare Mixed) (G1 Evacuation Pause) 3630M->1452M(4096M) 116.275ms
[4102.252s][info][gc,cpu         ] GC(1080) User=0.70s Sys=0.00s Real=0.12s
...[4104.733s][info][gc,start       ] GC(1081) Pause Young (Mixed) (G1 Evacuation Pause)
[4104.733s][info][gc,task        ] GC(1081) Using 6 workers of 6 for evacuation
[4104.870s][info][gc,phases      ] GC(1081)   Pre Evacuate Collection Set: 0.35ms
[4104.870s][info][gc,phases      ] GC(1081)   Merge Heap Roots: 0.69ms
[4104.870s][info][gc,phases      ] GC(1081)   Evacuate Collection Set: 135.48ms
[4104.870s][info][gc,phases      ] GC(1081)   Post Evacuate Collection Set: 0.94ms
[4104.870s][info][gc,phases      ] GC(1081)   Other: 0.09ms
[4104.870s][info][gc,heap        ] GC(1081) Eden regions: 1111->0(1115)
[4104.870s][info][gc,heap        ] GC(1081) Survivor regions: 107->113(153)
[4104.870s][info][gc,heap        ] GC(1081) Old regions: 540->474
[4104.870s][info][gc,heap        ] GC(1081) Humongous regions: 80->80
[4104.870s][info][gc,metaspace   ] GC(1081) Metaspace: 28913K(29376K)->28913K(29376K) NonClass: 24044K(24256K)->24044K(24256K) Class: 4869K(5120K)->4869K(5120K)
[4104.870s][info][gc             ] GC(1081) Pause Young (Mixed) (G1 Evacuation Pause) 3674M->1332M(4096M) 137.697ms
[4104.870s][info][gc,cpu         ] GC(1081) User=0.82s Sys=0.00s Real=0.14s
..[4107.234s][info][gc,start       ] GC(1082) Pause Young (Concurrent Start) (G1 Evacuation Pause)
[4107.234s][info][gc,task        ] GC(1082) Using 6 workers of 6 for evacuation
[4107.354s][info][gc,phases      ] GC(1082)   Pre Evacuate Collection Set: 0.36ms
[4107.354s][info][gc,phases      ] GC(1082)   Merge Heap Roots: 0.50ms
[4107.354s][info][gc,phases      ] GC(1082)   Evacuate Collection Set: 118.11ms
[4107.354s][info][gc,phases      ] GC(1082)   Post Evacuate Collection Set: 0.88ms
[4107.354s][info][gc,phases      ] GC(1082)   Other: 0.12ms
[4107.354s][info][gc,heap        ] GC(1082) Eden regions: 1115->0(1117)
[4107.354s][info][gc,heap        ] GC(1082) Survivor regions: 113->111(154)
[4107.354s][info][gc,heap        ] GC(1082) Old regions: 474->505
[4107.354s][info][gc,heap        ] GC(1082) Humongous regions: 80->80
[4107.354s][info][gc,metaspace   ] GC(1082) Metaspace: 28913K(29376K)->28913K(29376K) NonClass: 24044K(24256K)->24044K(24256K) Class: 4869K(5120K)->4869K(5120K)
[4107.354s][info][gc             ] GC(1082) Pause Young (Concurrent Start) (G1 Evacuation Pause) 3562M->1390M(4096M) 120.098ms
[4107.354s][info][gc             ] GC(1083) Concurrent Mark Cycle
[4107.354s][info][gc,marking     ] GC(1083) Concurrent Scan Root Regions
[4107.354s][info][gc,cpu         ] GC(1082) User=0.71s Sys=0.00s Real=0.12s
[4107.492s][info][gc,marking     ] GC(1083) Concurrent Scan Root Regions 137.933ms
[4107.492s][info][gc,marking     ] GC(1083) Concurrent Mark
[4107.492s][info][gc,marking     ] GC(1083) Concurrent Mark From Roots
[4107.492s][info][gc,task        ] GC(1083) Using 2 workers of 2 for marking
.[4108.445s][info][gc,marking     ] GC(1083) Concurrent Mark From Roots 953.280ms
[4108.445s][info][gc,marking     ] GC(1083) Concurrent Preclean
[4108.445s][info][gc,marking     ] GC(1083) Concurrent Preclean 0.077ms
[4108.445s][info][gc,start       ] GC(1083) Pause Remark
[4108.453s][info][gc             ] GC(1083) Pause Remark 2394M->2394M(4096M) 7.805ms
[4108.453s][info][gc,cpu         ] GC(1083) User=0.05s Sys=0.00s Real=0.01s
[4108.453s][info][gc,marking     ] GC(1083) Concurrent Mark 961.404ms
[4108.453s][info][gc,marking     ] GC(1083) Concurrent Rebuild Remembered Sets and Scrub Regions
[4108.756s][info][gc,marking     ] GC(1083) Concurrent Rebuild Remembered Sets and Scrub Regions 302.674ms
[4108.757s][info][gc,start       ] GC(1083) Pause Cleanup
[4108.757s][info][gc             ] GC(1083) Pause Cleanup 2638M->2638M(4096M) 0.120ms
[4108.757s][info][gc,cpu         ] GC(1083) User=0.00s Sys=0.00s Real=0.00s
[4108.757s][info][gc,marking     ] GC(1083) Concurrent Clear Claimed Marks
[4108.757s][info][gc,marking     ] GC(1083) Concurrent Clear Claimed Marks 0.028ms
[4108.757s][info][gc,marking     ] GC(1083) Concurrent Cleanup for Next Mark
[4108.767s][info][gc,marking     ] GC(1083) Concurrent Cleanup for Next Mark 10.117ms
[4108.767s][info][gc             ] GC(1083) Concurrent Mark Cycle 1413.443ms
.[4109.850s][info][gc,start       ] GC(1084) Pause Young (Prepare Mixed) (G1 Evacuation Pause)
[4109.850s][info][gc,task        ] GC(1084) Using 6 workers of 6 for evacuation
[4109.970s][info][gc,phases      ] GC(1084)   Pre Evacuate Collection Set: 0.36ms
[4109.970s][info][gc,phases      ] GC(1084)   Merge Heap Roots: 0.61ms
[4109.970s][info][gc,phases      ] GC(1084)   Evacuate Collection Set: 118.58ms
[4109.970s][info][gc,phases      ] GC(1084)   Post Evacuate Collection Set: 0.90ms
[4109.970s][info][gc,phases      ] GC(1084)   Other: 0.09ms
[4109.970s][info][gc,heap        ] GC(1084) Eden regions: 1117->0(1105)
[4109.970s][info][gc,heap        ] GC(1084) Survivor regions: 111->111(154)
[4109.970s][info][gc,heap        ] GC(1084) Old regions: 505->538
[4109.970s][info][gc,heap        ] GC(1084) Humongous regions: 80->80
[4109.970s][info][gc,metaspace   ] GC(1084) Metaspace: 28913K(29376K)->28913K(29376K) NonClass: 24044K(24256K)->24044K(24256K) Class: 4869K(5120K)->4869K(5120K)
[4109.970s][info][gc             ] GC(1084) Pause Young (Prepare Mixed) (G1 Evacuation Pause) 3624M->1457M(4096M) 120.665ms
[4109.970s][info][gc,cpu         ] GC(1084) User=0.72s Sys=0.00s Real=0.12s
...[4112.421s][info][gc,start       ] GC(1085) Pause Young (Mixed) (G1 Evacuation Pause)
[4112.422s][info][gc,task        ] GC(1085) Using 6 workers of 6 for evacuation
[4112.565s][info][gc,phases      ] GC(1085)   Pre Evacuate Collection Set: 0.37ms
[4112.565s][info][gc,phases      ] GC(1085)   Merge Heap Roots: 0.87ms
[4112.565s][info][gc,phases      ] GC(1085)   Evacuate Collection Set: 141.23ms
[4112.565s][info][gc,phases      ] GC(1085)   Post Evacuate Collection Set: 0.94ms
[4112.565s][info][gc,phases      ] GC(1085)   Other: 0.09ms
[4112.565s][info][gc,heap        ] GC(1085) Eden regions: 1105->0(1113)
[4112.565s][info][gc,heap        ] GC(1085) Survivor regions: 111->115(152)
[4112.565s][info][gc,heap        ] GC(1085) Old regions: 538->474
[4112.565s][info][gc,heap        ] GC(1085) Humongous regions: 80->80
[4112.565s][info][gc,metaspace   ] GC(1085) Metaspace: 28913K(29376K)->28913K(29376K) NonClass: 24044K(24256K)->24044K(24256K) Class: 4869K(5120K)->4869K(5120K)
[4112.565s][info][gc             ] GC(1085) Pause Young (Mixed) (G1 Evacuation Pause) 3667M->1337M(4096M) 143.625ms
[4112.565s][info][gc,cpu         ] GC(1085) User=0.86s Sys=0.00s Real=0.14s
..[4114.976s][info][gc,start       ] GC(1086) Pause Young (Concurrent Start) (G1 Evacuation Pause)
[4114.977s][info][gc,task        ] GC(1086) Using 6 workers of 6 for evacuation
[4115.091s][info][gc,phases      ] GC(1086)   Pre Evacuate Collection Set: 0.35ms
[4115.091s][info][gc,phases      ] GC(1086)   Merge Heap Roots: 0.49ms
[4115.091s][info][gc,phases      ] GC(1086)   Evacuate Collection Set: 112.50ms
[4115.091s][info][gc,phases      ] GC(1086)   Post Evacuate Collection Set: 0.86ms
[4115.091s][info][gc,phases      ] GC(1086)   Other: 0.10ms
[4115.091s][info][gc,heap        ] GC(1086) Eden regions: 1113->0(1122)
[4115.091s][info][gc,heap        ] GC(1086) Survivor regions: 115->106(154)
[4115.091s][info][gc,heap        ] GC(1086) Old regions: 474->507
[4115.091s][info][gc,heap        ] GC(1086) Humongous regions: 80->80
[4115.091s][info][gc,metaspace   ] GC(1086) Metaspace: 28913K(29376K)->28913K(29376K) NonClass: 24044K(24256K)->24044K(24256K) Class: 4869K(5120K)->4869K(5120K)
[4115.091s][info][gc             ] GC(1086) Pause Young (Concurrent Start) (G1 Evacuation Pause) 3563M->1385M(4096M) 114.428ms
[4115.091s][info][gc             ] GC(1087) Concurrent Mark Cycle
[4115.091s][info][gc,marking     ] GC(1087) Concurrent Scan Root Regions
[4115.091s][info][gc,cpu         ] GC(1086) User=0.68s Sys=0.00s Real=0.12s
.[4115.235s][info][gc,marking     ] GC(1087) Concurrent Scan Root Regions 144.176ms
[4115.235s][info][gc,marking     ] GC(1087) Concurrent Mark
[4115.235s][info][gc,marking     ] GC(1087) Concurrent Mark From Roots
[4115.235s][info][gc,task        ] GC(1087) Using 2 workers of 2 for marking
[4115.947s][info][gc,marking     ] GC(1087) Concurrent Mark From Roots 711.915ms
[4115.947s][info][gc,marking     ] GC(1087) Concurrent Preclean
[4115.947s][info][gc,marking     ] GC(1087) Concurrent Preclean 0.069ms
[4115.948s][info][gc,start       ] GC(1087) Pause Remark
[4115.953s][info][gc             ] GC(1087) Pause Remark 2143M->2143M(4096M) 4.880ms
[4115.953s][info][gc,cpu         ] GC(1087) User=0.03s Sys=0.00s Real=0.01s
[4115.954s][info][gc,marking     ] GC(1087) Concurrent Mark 718.593ms
[4115.954s][info][gc,marking     ] GC(1087) Concurrent Rebuild Remembered Sets and Scrub Regions
.[4116.230s][info][gc,marking     ] GC(1087) Concurrent Rebuild Remembered Sets and Scrub Regions 276.644ms
[4116.231s][info][gc,start       ] GC(1087) Pause Cleanup
[4116.231s][info][gc             ] GC(1087) Pause Cleanup 2398M->2398M(4096M) 0.123ms
[4116.231s][info][gc,cpu         ] GC(1087) User=0.00s Sys=0.00s Real=0.00s
[4116.231s][info][gc,marking     ] GC(1087) Concurrent Clear Claimed Marks
[4116.231s][info][gc,marking     ] GC(1087) Concurrent Clear Claimed Marks 0.027ms
[4116.231s][info][gc,marking     ] GC(1087) Concurrent Cleanup for Next Mark
[4116.236s][info][gc,marking     ] GC(1087) Concurrent Cleanup for Next Mark 4.538ms
[4116.236s][info][gc             ] GC(1087) Concurrent Mark Cycle 1144.798ms
.[4117.601s][info][gc,start       ] GC(1088) Pause Young (Prepare Mixed) (G1 Evacuation Pause)
[4117.601s][info][gc,task        ] GC(1088) Using 6 workers of 6 for evacuation
[4117.718s][info][gc,phases      ] GC(1088)   Pre Evacuate Collection Set: 0.31ms
[4117.718s][info][gc,phases      ] GC(1088)   Merge Heap Roots: 0.54ms
[4117.718s][info][gc,phases      ] GC(1088)   Evacuate Collection Set: 115.28ms
[4117.718s][info][gc,phases      ] GC(1088)   Post Evacuate Collection Set: 0.91ms
[4117.718s][info][gc,phases      ] GC(1088)   Other: 0.08ms
[4117.718s][info][gc,heap        ] GC(1088) Eden regions: 1122->0(1106)
[4117.718s][info][gc,heap        ] GC(1088) Survivor regions: 106->110(154)
[4117.718s][info][gc,heap        ] GC(1088) Old regions: 507->539
[4117.718s][info][gc,heap        ] GC(1088) Humongous regions: 80->80
[4117.718s][info][gc,metaspace   ] GC(1088) Metaspace: 28913K(29376K)->28913K(29376K) NonClass: 24044K(24256K)->24044K(24256K) Class: 4869K(5120K)->4869K(5120K)
[4117.718s][info][gc             ] GC(1088) Pause Young (Prepare Mixed) (G1 Evacuation Pause) 3629M->1456M(4096M) 117.246ms
[4117.718s][info][gc,cpu         ] GC(1088) User=0.70s Sys=0.00s Real=0.11s
...[4120.173s][info][gc,start       ] GC(1089) Pause Young (Mixed) (G1 Evacuation Pause)
[4120.173s][info][gc,task        ] GC(1089) Using 6 workers of 6 for evacuation
[4120.307s][info][gc,phases      ] GC(1089)   Pre Evacuate Collection Set: 0.37ms
[4120.307s][info][gc,phases      ] GC(1089)   Merge Heap Roots: 0.86ms
[4120.307s][info][gc,phases      ] GC(1089)   Evacuate Collection Set: 132.03ms
[4120.307s][info][gc,phases      ] GC(1089)   Post Evacuate Collection Set: 0.93ms
[4120.307s][info][gc,phases      ] GC(1089)   Other: 0.09ms
[4120.307s][info][gc,heap        ] GC(1089) Eden regions: 1106->0(1118)
[4120.307s][info][gc,heap        ] GC(1089) Survivor regions: 110->110(152)
[4120.307s][info][gc,heap        ] GC(1089) Old regions: 539->476
[4120.307s][info][gc,heap        ] GC(1089) Humongous regions: 80->80
[4120.307s][info][gc,metaspace   ] GC(1089) Metaspace: 28913K(29376K)->28913K(29376K) NonClass: 24044K(24256K)->24044K(24256K) Class: 4869K(5120K)->4869K(5120K)
[4120.307s][info][gc             ] GC(1089) Pause Young (Mixed) (G1 Evacuation Pause) 3668M->1329M(4096M) 134.402ms
[4120.307s][info][gc,cpu         ] GC(1089) User=0.80s Sys=0.00s Real=0.13s
. (rIR:aIR:PR = 7334:7336:7336) (tPR = 108769) [OK] 
  4121s: Performance info:
         Transaction,    Success,    Partial,     Failed,   Receipts, AvgBarcode, 
             Overall,     441079,          0,          0,     418981,      59.47, 
         Response times:
             Request,    Success,    Partial,     Failed,   SkipFail,     Probes,    Samples,      min,      p50,      p90,      p95,      p99,      max, 
       TotalPurchase,     418975,          0,          0,          0,     354110,     462064,      300,     6400,    70000,   108000,   164000,   435000,
     InStorePurchase,     220804,          0,          0,          0,     185603,     242091,      300,     6400,    69000,   108000,   164000,   435000,
      OnlinePurchase,     154319,          0,          0,          0,     130905,     170654,      300,     6600,    72000,   110000,   165000,   435000,
        InstPurchase,      43852,          0,          0,          0,      37602,      49319,      400,     6300,    70000,   107000,   161000,   320000,
          AssocOfCat,        443,          0,          0,          0,        335,        531,    26000,    46000,   125600,   167400,   240440,   378000,
      AssocOfProduct,       4408,          0,          0,          0,       4082,       5508,      400,     5200,    69000,   107000,   156000,   246000,
      BusinessReport,       1104,          0,          0,          0,        935,       1376,    24000,    49000,   150000,   190150,   257690,   389000,
          CustBuyBeh,       4426,          0,          0,          0,       4094,       5540,      300,     7500,    75000,   115000,   167000,   252000,
       ProductReturn,      11719,          0,          0,          0,       9961,      13221,      200,     7700,    83000,   120000,   170000,   326000,

  4121s: (54%)   IR =   7472 .[4122.762s][info][gc,start       ] GC(1090) Pause Young (Concurrent Start) (G1 Evacuation Pause)
[4122.762s][info][gc,task        ] GC(1090) Using 6 workers of 6 for evacuation
[4122.884s][info][gc,phases      ] GC(1090)   Pre Evacuate Collection Set: 0.35ms
[4122.884s][info][gc,phases      ] GC(1090)   Merge Heap Roots: 0.52ms
[4122.884s][info][gc,phases      ] GC(1090)   Evacuate Collection Set: 120.70ms
[4122.884s][info][gc,phases      ] GC(1090)   Post Evacuate Collection Set: 0.87ms
[4122.884s][info][gc,phases      ] GC(1090)   Other: 0.11ms
[4122.884s][info][gc,heap        ] GC(1090) Eden regions: 1118->0(1115)
[4122.884s][info][gc,heap        ] GC(1090) Survivor regions: 110->113(154)
[4122.884s][info][gc,heap        ] GC(1090) Old regions: 476->508
[4122.884s][info][gc,heap        ] GC(1090) Humongous regions: 80->80
[4122.884s][info][gc,metaspace   ] GC(1090) Metaspace: 28914K(29376K)->28914K(29376K) NonClass: 24044K(24256K)->24044K(24256K) Class: 4869K(5120K)->4869K(5120K)
[4122.885s][info][gc             ] GC(1090) Pause Young (Concurrent Start) (G1 Evacuation Pause) 3565M->1400M(4096M) 122.677ms
[4122.885s][info][gc             ] GC(1091) Concurrent Mark Cycle
[4122.885s][info][gc,marking     ] GC(1091) Concurrent Scan Root Regions
[4122.885s][info][gc,cpu         ] GC(1090) User=0.73s Sys=0.00s Real=0.12s
[4123.074s][info][gc,marking     ] GC(1091) Concurrent Scan Root Regions 189.012ms
[4123.074s][info][gc,marking     ] GC(1091) Concurrent Mark
[4123.074s][info][gc,marking     ] GC(1091) Concurrent Mark From Roots
[4123.074s][info][gc,task        ] GC(1091) Using 2 workers of 2 for marking
.[4123.683s][info][gc,marking     ] GC(1091) Concurrent Mark From Roots 609.620ms
[4123.683s][info][gc,marking     ] GC(1091) Concurrent Preclean
[4123.683s][info][gc,marking     ] GC(1091) Concurrent Preclean 0.111ms
[4123.684s][info][gc,start       ] GC(1091) Pause Remark
[4123.715s][info][gc             ] GC(1091) Pause Remark 2080M->2080M(4096M) 31.557ms
[4123.715s][info][gc,cpu         ] GC(1091) User=0.03s Sys=0.00s Real=0.03s
[4123.717s][info][gc,marking     ] GC(1091) Concurrent Mark 643.629ms
[4123.717s][info][gc,marking     ] GC(1091) Concurrent Rebuild Remembered Sets and Scrub Regions
[4123.963s][info][gc,marking     ] GC(1091) Concurrent Rebuild Remembered Sets and Scrub Regions 245.865ms
[4123.964s][info][gc,start       ] GC(1091) Pause Cleanup
[4123.964s][info][gc             ] GC(1091) Pause Cleanup 2290M->2290M(4096M) 0.129ms
[4123.964s][info][gc,cpu         ] GC(1091) User=0.00s Sys=0.00s Real=0.00s
[4123.964s][info][gc,marking     ] GC(1091) Concurrent Clear Claimed Marks
[4123.964s][info][gc,marking     ] GC(1091) Concurrent Clear Claimed Marks 0.032ms
[4123.964s][info][gc,marking     ] GC(1091) Concurrent Cleanup for Next Mark
[4123.975s][info][gc,marking     ] GC(1091) Concurrent Cleanup for Next Mark 11.051ms
[4123.975s][info][gc             ] GC(1091) Concurrent Mark Cycle 1090.493ms
.[4125.277s][info][gc,start       ] GC(1092) Pause Young (Prepare Mixed) (G1 Evacuation Pause)
[4125.277s][info][gc,task        ] GC(1092) Using 6 workers of 6 for evacuation
[4125.397s][info][gc,phases      ] GC(1092)   Pre Evacuate Collection Set: 0.32ms
[4125.397s][info][gc,phases      ] GC(1092)   Merge Heap Roots: 0.61ms
[4125.397s][info][gc,phases      ] GC(1092)   Evacuate Collection Set: 118.09ms
[4125.397s][info][gc,phases      ] GC(1092)   Post Evacuate Collection Set: 0.94ms
[4125.397s][info][gc,phases      ] GC(1092)   Other: 0.08ms
[4125.397s][info][gc,heap        ] GC(1092) Eden regions: 1115->0(1104)
[4125.397s][info][gc,heap        ] GC(1092) Survivor regions: 113->110(154)
[4125.397s][info][gc,heap        ] GC(1092) Old regions: 508->541
[4125.397s][info][gc,heap        ] GC(1092) Humongous regions: 80->80
[4125.397s][info][gc,metaspace   ] GC(1092) Metaspace: 28914K(29376K)->28914K(29376K) NonClass: 24044K(24256K)->24044K(24256K) Class: 4869K(5120K)->4869K(5120K)
[4125.398s][info][gc             ] GC(1092) Pause Young (Prepare Mixed) (G1 Evacuation Pause) 3630M->1459M(4096M) 120.203ms
[4125.398s][info][gc,cpu         ] GC(1092) User=0.71s Sys=0.00s Real=0.12s
...[4127.739s][info][gc,start       ] GC(1093) Pause Young (Mixed) (G1 Evacuation Pause)
[4127.739s][info][gc,task        ] GC(1093) Using 6 workers of 6 for evacuation
[4127.873s][info][gc,phases      ] GC(1093)   Pre Evacuate Collection Set: 0.35ms
[4127.873s][info][gc,phases      ] GC(1093)   Merge Heap Roots: 0.69ms
[4127.873s][info][gc,phases      ] GC(1093)   Evacuate Collection Set: 131.82ms
[4127.873s][info][gc,phases      ] GC(1093)   Post Evacuate Collection Set: 0.93ms
[4127.873s][info][gc,phases      ] GC(1093)   Other: 0.08ms
[4127.873s][info][gc,heap        ] GC(1093) Eden regions: 1104->0(1118)
[4127.873s][info][gc,heap        ] GC(1093) Survivor regions: 110->110(152)
[4127.873s][info][gc,heap        ] GC(1093) Old regions: 541->475
[4127.873s][info][gc,heap        ] GC(1093) Humongous regions: 80->80
[4127.873s][info][gc,metaspace   ] GC(1093) Metaspace: 28914K(29376K)->28914K(29376K) NonClass: 24044K(24256K)->24044K(24256K) Class: 4869K(5120K)->4869K(5120K)
[4127.873s][info][gc             ] GC(1093) Pause Young (Mixed) (G1 Evacuation Pause) 3667M->1327M(4096M) 133.998ms
[4127.873s][info][gc,cpu         ] GC(1093) User=0.79s Sys=0.00s Real=0.14s
.|.[4130.271s][info][gc,start       ] GC(1094) Pause Young (Concurrent Start) (G1 Evacuation Pause)
[4130.271s][info][gc,task        ] GC(1094) Using 6 workers of 6 for evacuation
[4130.392s][info][gc,phases      ] GC(1094)   Pre Evacuate Collection Set: 0.38ms
[4130.392s][info][gc,phases      ] GC(1094)   Merge Heap Roots: 0.57ms
[4130.392s][info][gc,phases      ] GC(1094)   Evacuate Collection Set: 119.25ms
[4130.392s][info][gc,phases      ] GC(1094)   Post Evacuate Collection Set: 0.89ms
[4130.392s][info][gc,phases      ] GC(1094)   Other: 0.12ms
[4130.392s][info][gc,heap        ] GC(1094) Eden regions: 1118->0(1117)
[4130.392s][info][gc,heap        ] GC(1094) Survivor regions: 110->111(154)
[4130.392s][info][gc,heap        ] GC(1094) Old regions: 475->506
[4130.392s][info][gc,heap        ] GC(1094) Humongous regions: 80->80
[4130.392s][info][gc,metaspace   ] GC(1094) Metaspace: 28914K(29376K)->28914K(29376K) NonClass: 24044K(24256K)->24044K(24256K) Class: 4869K(5120K)->4869K(5120K)
[4130.392s][info][gc             ] GC(1094) Pause Young (Concurrent Start) (G1 Evacuation Pause) 3563M->1393M(4096M) 121.344ms
[4130.392s][info][gc             ] GC(1095) Concurrent Mark Cycle
[4130.392s][info][gc,marking     ] GC(1095) Concurrent Scan Root Regions
[4130.392s][info][gc,cpu         ] GC(1094) User=0.73s Sys=0.00s Real=0.12s
.[4130.515s][info][gc,marking     ] GC(1095) Concurrent Scan Root Regions 122.638ms
[4130.515s][info][gc,marking     ] GC(1095) Concurrent Mark
[4130.515s][info][gc,marking     ] GC(1095) Concurrent Mark From Roots
[4130.515s][info][gc,task        ] GC(1095) Using 2 workers of 2 for marking
[4131.257s][info][gc,marking     ] GC(1095) Concurrent Mark From Roots 742.526ms
[4131.257s][info][gc,marking     ] GC(1095) Concurrent Preclean
[4131.257s][info][gc,marking     ] GC(1095) Concurrent Preclean 0.067ms
[4131.260s][info][gc,start       ] GC(1095) Pause Remark
[4131.266s][info][gc             ] GC(1095) Pause Remark 2149M->2149M(4096M) 6.343ms
[4131.266s][info][gc,cpu         ] GC(1095) User=0.03s Sys=0.00s Real=0.00s
[4131.266s][info][gc,marking     ] GC(1095) Concurrent Mark 751.580ms
[4131.266s][info][gc,marking     ] GC(1095) Concurrent Rebuild Remembered Sets and Scrub Regions
.[4131.543s][info][gc,marking     ] GC(1095) Concurrent Rebuild Remembered Sets and Scrub Regions 276.781ms
[4131.543s][info][gc,start       ] GC(1095) Pause Cleanup
[4131.543s][info][gc             ] GC(1095) Pause Cleanup 2431M->2431M(4096M) 0.121ms
[4131.543s][info][gc,cpu         ] GC(1095) User=0.00s Sys=0.00s Real=0.00s
[4131.545s][info][gc,marking     ] GC(1095) Concurrent Clear Claimed Marks
[4131.545s][info][gc,marking     ] GC(1095) Concurrent Clear Claimed Marks 0.046ms
[4131.545s][info][gc,marking     ] GC(1095) Concurrent Cleanup for Next Mark
[4131.558s][info][gc,marking     ] GC(1095) Concurrent Cleanup for Next Mark 13.272ms
[4131.558s][info][gc             ] GC(1095) Concurrent Mark Cycle 1166.375ms
.[4132.841s][info][gc,start       ] GC(1096) Pause Young (Prepare Mixed) (G1 Evacuation Pause)
[4132.841s][info][gc,task        ] GC(1096) Using 6 workers of 6 for evacuation
[4132.959s][info][gc,phases      ] GC(1096)   Pre Evacuate Collection Set: 0.37ms
[4132.960s][info][gc,phases      ] GC(1096)   Merge Heap Roots: 0.51ms
[4132.960s][info][gc,phases      ] GC(1096)   Evacuate Collection Set: 116.95ms
[4132.960s][info][gc,phases      ] GC(1096)   Post Evacuate Collection Set: 0.91ms
[4132.960s][info][gc,phases      ] GC(1096)   Other: 0.09ms
[4132.960s][info][gc,heap        ] GC(1096) Eden regions: 1117->0(1103)
[4132.960s][info][gc,heap        ] GC(1096) Survivor regions: 111->112(154)
[4132.960s][info][gc,heap        ] GC(1096) Old regions: 506->538
[4132.960s][info][gc,heap        ] GC(1096) Humongous regions: 80->80
[4132.960s][info][gc,metaspace   ] GC(1096) Metaspace: 28914K(29376K)->28914K(29376K) NonClass: 24044K(24256K)->24044K(24256K) Class: 4869K(5120K)->4869K(5120K)
[4132.960s][info][gc             ] GC(1096) Pause Young (Prepare Mixed) (G1 Evacuation Pause) 3627M->1458M(4096M) 118.959ms
[4132.960s][info][gc,cpu         ] GC(1096) User=0.71s Sys=0.00s Real=0.12s
..[4135.321s][info][gc,start       ] GC(1097) Pause Young (Mixed) (G1 Evacuation Pause)
[4135.321s][info][gc,task        ] GC(1097) Using 6 workers of 6 for evacuation
[4135.458s][info][gc,phases      ] GC(1097)   Pre Evacuate Collection Set: 0.37ms
[4135.458s][info][gc,phases      ] GC(1097)   Merge Heap Roots: 0.83ms
[4135.458s][info][gc,phases      ] GC(1097)   Evacuate Collection Set: 135.02ms
[4135.458s][info][gc,phases      ] GC(1097)   Post Evacuate Collection Set: 0.95ms
[4135.458s][info][gc,phases      ] GC(1097)   Other: 0.10ms
[4135.458s][info][gc,heap        ] GC(1097) Eden regions: 1103->0(1116)
[4135.458s][info][gc,heap        ] GC(1097) Survivor regions: 112->112(152)
[4135.458s][info][gc,heap        ] GC(1097) Old regions: 538->474
[4135.458s][info][gc,heap        ] GC(1097) Humongous regions: 80->80
[4135.458s][info][gc,metaspace   ] GC(1097) Metaspace: 28914K(29376K)->28914K(29376K) NonClass: 24044K(24256K)->24044K(24256K) Class: 4869K(5120K)->4869K(5120K)
[4135.458s][info][gc             ] GC(1097) Pause Young (Mixed) (G1 Evacuation Pause) 3664M->1330M(4096M) 137.402ms
[4135.458s][info][gc,cpu         ] GC(1097) User=0.82s Sys=0.01s Real=0.13s
...[4137.815s][info][gc,start       ] GC(1098) Pause Young (Concurrent Start) (G1 Evacuation Pause)
[4137.815s][info][gc,task        ] GC(1098) Using 6 workers of 6 for evacuation
[4137.935s][info][gc,phases      ] GC(1098)   Pre Evacuate Collection Set: 0.39ms
[4137.935s][info][gc,phases      ] GC(1098)   Merge Heap Roots: 0.56ms
[4137.935s][info][gc,phases      ] GC(1098)   Evacuate Collection Set: 117.80ms
[4137.935s][info][gc,phases      ] GC(1098)   Post Evacuate Collection Set: 0.86ms
[4137.935s][info][gc,phases      ] GC(1098)   Other: 0.13ms
[4137.935s][info][gc,heap        ] GC(1098) Eden regions: 1116->0(1117)
[4137.935s][info][gc,heap        ] GC(1098) Survivor regions: 112->111(154)
[4137.935s][info][gc,heap        ] GC(1098) Old regions: 474->506
[4137.935s][info][gc,heap        ] GC(1098) Humongous regions: 80->80
[4137.935s][info][gc,metaspace   ] GC(1098) Metaspace: 28914K(29376K)->28914K(29376K) NonClass: 24044K(24256K)->24044K(24256K) Class: 4869K(5120K)->4869K(5120K)
[4137.935s][info][gc             ] GC(1098) Pause Young (Concurrent Start) (G1 Evacuation Pause) 3562M->1393M(4096M) 119.864ms
[4137.935s][info][gc             ] GC(1099) Concurrent Mark Cycle
[4137.935s][info][gc,marking     ] GC(1099) Concurrent Scan Root Regions
[4137.935s][info][gc,cpu         ] GC(1098) User=0.72s Sys=0.00s Real=0.12s
[4138.109s][info][gc,marking     ] GC(1099) Concurrent Scan Root Regions 173.921ms
[4138.109s][info][gc,marking     ] GC(1099) Concurrent Mark
[4138.109s][info][gc,marking     ] GC(1099) Concurrent Mark From Roots
[4138.109s][info][gc,task        ] GC(1099) Using 2 workers of 2 for marking
.[4139.060s][info][gc,marking     ] GC(1099) Concurrent Mark From Roots 951.130ms
[4139.060s][info][gc,marking     ] GC(1099) Concurrent Preclean
[4139.060s][info][gc,marking     ] GC(1099) Concurrent Preclean 0.087ms
[4139.061s][info][gc,start       ] GC(1099) Pause Remark
[4139.068s][info][gc             ] GC(1099) Pause Remark 2398M->2398M(4096M) 7.045ms
[4139.068s][info][gc,cpu         ] GC(1099) User=0.04s Sys=0.00s Real=0.00s
[4139.070s][info][gc,marking     ] GC(1099) Concurrent Mark 961.245ms
[4139.070s][info][gc,marking     ] GC(1099) Concurrent Rebuild Remembered Sets and Scrub Regions
[4139.423s][info][gc,marking     ] GC(1099) Concurrent Rebuild Remembered Sets and Scrub Regions 352.939ms
[4139.424s][info][gc,start       ] GC(1099) Pause Cleanup
[4139.424s][info][gc             ] GC(1099) Pause Cleanup 2751M->2751M(4096M) 0.117ms
[4139.424s][info][gc,cpu         ] GC(1099) User=0.00s Sys=0.00s Real=0.00s
[4139.425s][info][gc,marking     ] GC(1099) Concurrent Clear Claimed Marks
[4139.425s][info][gc,marking     ] GC(1099) Concurrent Clear Claimed Marks 0.033ms
[4139.425s][info][gc,marking     ] GC(1099) Concurrent Cleanup for Next Mark
[4139.433s][info][gc,marking     ] GC(1099) Concurrent Cleanup for Next Mark 8.753ms
[4139.434s][info][gc             ] GC(1099) Concurrent Mark Cycle 1498.578ms
.[4140.291s][info][gc,start       ] GC(1100) Pause Young (Prepare Mixed) (G1 Evacuation Pause)
[4140.291s][info][gc,task        ] GC(1100) Using 6 workers of 6 for evacuation
[4140.407s][info][gc,phases      ] GC(1100)   Pre Evacuate Collection Set: 0.35ms
[4140.407s][info][gc,phases      ] GC(1100)   Merge Heap Roots: 0.54ms
[4140.407s][info][gc,phases      ] GC(1100)   Evacuate Collection Set: 115.01ms
[4140.407s][info][gc,phases      ] GC(1100)   Post Evacuate Collection Set: 0.91ms
[4140.408s][info][gc,phases      ] GC(1100)   Other: 0.08ms
[4140.408s][info][gc,heap        ] GC(1100) Eden regions: 1117->0(1108)
[4140.408s][info][gc,heap        ] GC(1100) Survivor regions: 111->109(154)
[4140.408s][info][gc,heap        ] GC(1100) Old regions: 506->539
[4140.408s][info][gc,heap        ] GC(1100) Humongous regions: 80->80
[4140.408s][info][gc,metaspace   ] GC(1100) Metaspace: 28914K(29376K)->28914K(29376K) NonClass: 24044K(24256K)->24044K(24256K) Class: 4869K(5120K)->4869K(5120K)
[4140.408s][info][gc             ] GC(1100) Pause Young (Prepare Mixed) (G1 Evacuation Pause) 3627M->1454M(4096M) 117.036ms
[4140.408s][info][gc,cpu         ] GC(1100) User=0.70s Sys=0.00s Real=0.11s
..[4142.820s][info][gc,start       ] GC(1101) Pause Young (Mixed) (G1 Evacuation Pause)
[4142.820s][info][gc,task        ] GC(1101) Using 6 workers of 6 for evacuation
[4142.958s][info][gc,phases      ] GC(1101)   Pre Evacuate Collection Set: 0.35ms
[4142.958s][info][gc,phases      ] GC(1101)   Merge Heap Roots: 0.80ms
[4142.958s][info][gc,phases      ] GC(1101)   Evacuate Collection Set: 134.98ms
[4142.958s][info][gc,phases      ] GC(1101)   Post Evacuate Collection Set: 0.94ms
[4142.958s][info][gc,phases      ] GC(1101)   Other: 0.09ms
[4142.958s][info][gc,heap        ] GC(1101) Eden regions: 1108->0(1117)
[4142.958s][info][gc,heap        ] GC(1101) Survivor regions: 109->111(153)
[4142.958s][info][gc,heap        ] GC(1101) Old regions: 539->477
[4142.958s][info][gc,heap        ] GC(1101) Humongous regions: 80->80
[4142.958s][info][gc,metaspace   ] GC(1101) Metaspace: 28914K(29376K)->28914K(29376K) NonClass: 24044K(24256K)->24044K(24256K) Class: 4869K(5120K)->4869K(5120K)
[4142.958s][info][gc             ] GC(1101) Pause Young (Mixed) (G1 Evacuation Pause) 3670M->1334M(4096M) 137.279ms
[4142.958s][info][gc,cpu         ] GC(1101) User=0.81s Sys=0.00s Real=0.13s
...[4145.297s][info][gc,start       ] GC(1102) Pause Young (Concurrent Start) (G1 Evacuation Pause)
[4145.297s][info][gc,task        ] GC(1102) Using 6 workers of 6 for evacuation
[4145.414s][info][gc,phases      ] GC(1102)   Pre Evacuate Collection Set: 0.36ms
[4145.414s][info][gc,phases      ] GC(1102)   Merge Heap Roots: 0.54ms
[4145.414s][info][gc,phases      ] GC(1102)   Evacuate Collection Set: 115.55ms
[4145.414s][info][gc,phases      ] GC(1102)   Post Evacuate Collection Set: 0.88ms
[4145.414s][info][gc,phases      ] GC(1102)   Other: 0.10ms
[4145.414s][info][gc,heap        ] GC(1102) Eden regions: 1117->0(1118)
[4145.414s][info][gc,heap        ] GC(1102) Survivor regions: 111->110(154)
[4145.414s][info][gc,heap        ] GC(1102) Old regions: 477->509
[4145.414s][info][gc,heap        ] GC(1102) Humongous regions: 80->80
[4145.414s][info][gc,metaspace   ] GC(1102) Metaspace: 28914K(29376K)->28914K(29376K) NonClass: 24044K(24256K)->24044K(24256K) Class: 4869K(5120K)->4869K(5120K)
[4145.414s][info][gc             ] GC(1102) Pause Young (Concurrent Start) (G1 Evacuation Pause) 3568M->1395M(4096M) 117.559ms
[4145.414s][info][gc             ] GC(1103) Concurrent Mark Cycle
[4145.414s][info][gc,marking     ] GC(1103) Concurrent Scan Root Regions
[4145.414s][info][gc,cpu         ] GC(1102) User=0.70s Sys=0.00s Real=0.12s
[4145.609s][info][gc,marking     ] GC(1103) Concurrent Scan Root Regions 194.375ms
[4145.609s][info][gc,marking     ] GC(1103) Concurrent Mark
[4145.609s][info][gc,marking     ] GC(1103) Concurrent Mark From Roots
[4145.609s][info][gc,task        ] GC(1103) Using 2 workers of 2 for marking
.[4146.580s][info][gc,marking     ] GC(1103) Concurrent Mark From Roots 971.389ms
[4146.580s][info][gc,marking     ] GC(1103) Concurrent Preclean
[4146.580s][info][gc,marking     ] GC(1103) Concurrent Preclean 0.086ms
[4146.581s][info][gc,start       ] GC(1103) Pause Remark
[4146.588s][info][gc             ] GC(1103) Pause Remark 2491M->2491M(4096M) 6.104ms
[4146.588s][info][gc,cpu         ] GC(1103) User=0.03s Sys=0.00s Real=0.00s
[4146.588s][info][gc,marking     ] GC(1103) Concurrent Mark 979.582ms
[4146.588s][info][gc,marking     ] GC(1103) Concurrent Rebuild Remembered Sets and Scrub Regions
[4146.957s][info][gc,marking     ] GC(1103) Concurrent Rebuild Remembered Sets and Scrub Regions 368.170ms
[4146.957s][info][gc,start       ] GC(1103) Pause Cleanup
[4146.957s][info][gc             ] GC(1103) Pause Cleanup 2839M->2839M(4096M) 0.122ms
[4146.957s][info][gc,cpu         ] GC(1103) User=0.00s Sys=0.00s Real=0.00s
[4146.957s][info][gc,marking     ] GC(1103) Concurrent Clear Claimed Marks
[4146.957s][info][gc,marking     ] GC(1103) Concurrent Clear Claimed Marks 0.037ms
[4146.957s][info][gc,marking     ] GC(1103) Concurrent Cleanup for Next Mark
[4146.961s][info][gc,marking     ] GC(1103) Concurrent Cleanup for Next Mark 3.575ms
[4146.961s][info][gc             ] GC(1103) Concurrent Mark Cycle 1546.243ms
.[4147.874s][info][gc,start       ] GC(1104) Pause Young (Prepare Mixed) (G1 Evacuation Pause)
[4147.874s][info][gc,task        ] GC(1104) Using 6 workers of 6 for evacuation
[4147.995s][info][gc,phases      ] GC(1104)   Pre Evacuate Collection Set: 0.32ms
[4147.995s][info][gc,phases      ] GC(1104)   Merge Heap Roots: 0.64ms
[4147.995s][info][gc,phases      ] GC(1104)   Evacuate Collection Set: 118.63ms
[4147.995s][info][gc,phases      ] GC(1104)   Post Evacuate Collection Set: 0.92ms
[4147.995s][info][gc,phases      ] GC(1104)   Other: 0.09ms
[4147.995s][info][gc,heap        ] GC(1104) Eden regions: 1118->0(1100)
[4147.995s][info][gc,heap        ] GC(1104) Survivor regions: 110->112(154)
[4147.995s][info][gc,heap        ] GC(1104) Old regions: 509->541
[4147.995s][info][gc,heap        ] GC(1104) Humongous regions: 80->80
[4147.995s][info][gc,metaspace   ] GC(1104) Metaspace: 28914K(29376K)->28914K(29376K) NonClass: 24044K(24256K)->24044K(24256K) Class: 4869K(5120K)->4869K(5120K)
[4147.995s][info][gc             ] GC(1104) Pause Young (Prepare Mixed) (G1 Evacuation Pause) 3631M->1463M(4096M) 120.734ms
[4147.995s][info][gc,cpu         ] GC(1104) User=0.72s Sys=0.00s Real=0.12s
...[4150.343s][info][gc,start       ] GC(1105) Pause Young (Mixed) (G1 Evacuation Pause)
[4150.343s][info][gc,task        ] GC(1105) Using 6 workers of 6 for evacuation
[4150.482s][info][gc,phases      ] GC(1105)   Pre Evacuate Collection Set: 0.35ms
[4150.482s][info][gc,phases      ] GC(1105)   Merge Heap Roots: 0.71ms
[4150.482s][info][gc,phases      ] GC(1105)   Evacuate Collection Set: 137.39ms
[4150.482s][info][gc,phases      ] GC(1105)   Post Evacuate Collection Set: 0.94ms
[4150.482s][info][gc,phases      ] GC(1105)   Other: 0.09ms
[4150.482s][info][gc,heap        ] GC(1105) Eden regions: 1100->0(1113)
[4150.482s][info][gc,heap        ] GC(1105) Survivor regions: 112->115(152)
[4150.482s][info][gc,heap        ] GC(1105) Old regions: 541->473
[4150.482s][info][gc,heap        ] GC(1105) Humongous regions: 80->80
[4150.482s][info][gc,metaspace   ] GC(1105) Metaspace: 28914K(29376K)->28914K(29376K) NonClass: 24044K(24256K)->24044K(24256K) Class: 4869K(5120K)->4869K(5120K)
[4150.482s][info][gc             ] GC(1105) Pause Young (Mixed) (G1 Evacuation Pause) 3663M->1333M(4096M) 139.604ms
[4150.483s][info][gc,cpu         ] GC(1105) User=0.84s Sys=0.00s Real=0.14s
..[4152.939s][info][gc,start       ] GC(1106) Pause Young (Concurrent Start) (G1 Evacuation Pause)
[4152.939s][info][gc,task        ] GC(1106) Using 6 workers of 6 for evacuation
[4153.059s][info][gc,phases      ] GC(1106)   Pre Evacuate Collection Set: 0.36ms
[4153.059s][info][gc,phases      ] GC(1106)   Merge Heap Roots: 0.54ms
[4153.059s][info][gc,phases      ] GC(1106)   Evacuate Collection Set: 118.69ms
[4153.059s][info][gc,phases      ] GC(1106)   Post Evacuate Collection Set: 0.89ms
[4153.059s][info][gc,phases      ] GC(1106)   Other: 0.10ms
[4153.059s][info][gc,heap        ] GC(1106) Eden regions: 1113->0(1118)
[4153.059s][info][gc,heap        ] GC(1106) Survivor regions: 115->110(154)
[4153.059s][info][gc,heap        ] GC(1106) Old regions: 473->506
[4153.059s][info][gc,heap        ] GC(1106) Humongous regions: 80->80
[4153.059s][info][gc,metaspace   ] GC(1106) Metaspace: 28914K(29376K)->28914K(29376K) NonClass: 24044K(24256K)->24044K(24256K) Class: 4869K(5120K)->4869K(5120K)
[4153.059s][info][gc             ] GC(1106) Pause Young (Concurrent Start) (G1 Evacuation Pause) 3559M->1389M(4096M) 120.709ms
[4153.059s][info][gc             ] GC(1107) Concurrent Mark Cycle
[4153.059s][info][gc,marking     ] GC(1107) Concurrent Scan Root Regions
[4153.059s][info][gc,cpu         ] GC(1106) User=0.72s Sys=0.00s Real=0.13s
[4153.271s][info][gc,marking     ] GC(1107) Concurrent Scan Root Regions 211.428ms
[4153.271s][info][gc,marking     ] GC(1107) Concurrent Mark
[4153.271s][info][gc,marking     ] GC(1107) Concurrent Mark From Roots
[4153.271s][info][gc,task        ] GC(1107) Using 2 workers of 2 for marking
.[4154.260s][info][gc,marking     ] GC(1107) Concurrent Mark From Roots 988.778ms
[4154.260s][info][gc,marking     ] GC(1107) Concurrent Preclean
[4154.260s][info][gc,marking     ] GC(1107) Concurrent Preclean 0.089ms
[4154.261s][info][gc,start       ] GC(1107) Pause Remark
[4154.268s][info][gc             ] GC(1107) Pause Remark 2536M->2536M(4096M) 6.594ms
[4154.268s][info][gc,cpu         ] GC(1107) User=0.03s Sys=0.00s Real=0.00s
[4154.268s][info][gc,marking     ] GC(1107) Concurrent Mark 997.623ms
[4154.268s][info][gc,marking     ] GC(1107) Concurrent Rebuild Remembered Sets and Scrub Regions
.[4154.609s][info][gc,marking     ] GC(1107) Concurrent Rebuild Remembered Sets and Scrub Regions 340.862ms
[4154.609s][info][gc,start       ] GC(1107) Pause Cleanup
[4154.610s][info][gc             ] GC(1107) Pause Cleanup 2872M->2872M(4096M) 0.115ms
[4154.610s][info][gc,cpu         ] GC(1107) User=0.00s Sys=0.00s Real=0.00s
[4154.610s][info][gc,marking     ] GC(1107) Concurrent Clear Claimed Marks
[4154.610s][info][gc,marking     ] GC(1107) Concurrent Clear Claimed Marks 0.022ms
[4154.610s][info][gc,marking     ] GC(1107) Concurrent Cleanup for Next Mark
[4154.614s][info][gc,marking     ] GC(1107) Concurrent Cleanup for Next Mark 4.183ms
[4154.614s][info][gc             ] GC(1107) Concurrent Mark Cycle 1554.626ms
.[4155.428s][info][gc,start       ] GC(1108) Pause Young (Prepare Mixed) (G1 Evacuation Pause)
[4155.428s][info][gc,task        ] GC(1108) Using 6 workers of 6 for evacuation
[4155.546s][info][gc,phases      ] GC(1108)   Pre Evacuate Collection Set: 0.33ms
[4155.546s][info][gc,phases      ] GC(1108)   Merge Heap Roots: 0.57ms
[4155.546s][info][gc,phases      ] GC(1108)   Evacuate Collection Set: 116.23ms
[4155.546s][info][gc,phases      ] GC(1108)   Post Evacuate Collection Set: 0.93ms
[4155.546s][info][gc,phases      ] GC(1108)   Other: 0.08ms
[4155.546s][info][gc,heap        ] GC(1108) Eden regions: 1118->0(1107)
[4155.546s][info][gc,heap        ] GC(1108) Survivor regions: 110->111(154)
[4155.546s][info][gc,heap        ] GC(1108) Old regions: 506->536
[4155.546s][info][gc,heap        ] GC(1108) Humongous regions: 80->80
[4155.546s][info][gc,metaspace   ] GC(1108) Metaspace: 28914K(29376K)->28914K(29376K) NonClass: 24044K(24256K)->24044K(24256K) Class: 4869K(5120K)->4869K(5120K)
[4155.546s][info][gc             ] GC(1108) Pause Young (Prepare Mixed) (G1 Evacuation Pause) 3625M->1452M(4096M) 118.275ms
[4155.546s][info][gc,cpu         ] GC(1108) User=0.71s Sys=0.00s Real=0.12s
..[4157.915s][info][gc,start       ] GC(1109) Pause Young (Mixed) (G1 Evacuation Pause)
[4157.915s][info][gc,task        ] GC(1109) Using 6 workers of 6 for evacuation
[4158.049s][info][gc,phases      ] GC(1109)   Pre Evacuate Collection Set: 0.38ms
[4158.049s][info][gc,phases      ] GC(1109)   Merge Heap Roots: 0.80ms
[4158.049s][info][gc,phases      ] GC(1109)   Evacuate Collection Set: 132.04ms
[4158.049s][info][gc,phases      ] GC(1109)   Post Evacuate Collection Set: 0.94ms
[4158.049s][info][gc,phases      ] GC(1109)   Other: 0.09ms
[4158.049s][info][gc,heap        ] GC(1109) Eden regions: 1107->0(1121)
[4158.049s][info][gc,heap        ] GC(1109) Survivor regions: 111->107(153)
[4158.049s][info][gc,heap        ] GC(1109) Old regions: 536->475
[4158.049s][info][gc,heap        ] GC(1109) Humongous regions: 80->80
[4158.049s][info][gc,metaspace   ] GC(1109) Metaspace: 28914K(29376K)->28914K(29376K) NonClass: 24044K(24256K)->24044K(24256K) Class: 4869K(5120K)->4869K(5120K)
[4158.049s][info][gc             ] GC(1109) Pause Young (Mixed) (G1 Evacuation Pause) 3666M->1323M(4096M) 134.389ms
[4158.049s][info][gc,cpu         ] GC(1109) User=0.80s Sys=0.00s Real=0.13s
...[4160.485s][info][gc,start       ] GC(1110) Pause Young (Concurrent Start) (G1 Evacuation Pause)
[4160.485s][info][gc,task        ] GC(1110) Using 6 workers of 6 for evacuation
[4160.614s][info][gc,phases      ] GC(1110)   Pre Evacuate Collection Set: 0.42ms
[4160.614s][info][gc,phases      ] GC(1110)   Merge Heap Roots: 0.53ms
[4160.614s][info][gc,phases      ] GC(1110)   Evacuate Collection Set: 127.05ms
[4160.614s][info][gc,phases      ] GC(1110)   Post Evacuate Collection Set: 0.93ms
[4160.614s][info][gc,phases      ] GC(1110)   Other: 0.15ms
[4160.614s][info][gc,heap        ] GC(1110) Eden regions: 1121->0(1110)
[4160.614s][info][gc,heap        ] GC(1110) Survivor regions: 107->118(154)
[4160.614s][info][gc,heap        ] GC(1110) Old regions: 475->507
[4160.614s][info][gc,heap        ] GC(1110) Humongous regions: 80->80
[4160.614s][info][gc,metaspace   ] GC(1110) Metaspace: 28914K(29376K)->28914K(29376K) NonClass: 24044K(24256K)->24044K(24256K) Class: 4869K(5120K)->4869K(5120K)
[4160.614s][info][gc             ] GC(1110) Pause Young (Concurrent Start) (G1 Evacuation Pause) 3565M->1408M(4096M) 129.230ms
[4160.614s][info][gc             ] GC(1111) Concurrent Mark Cycle
[4160.614s][info][gc,marking     ] GC(1111) Concurrent Scan Root Regions
[4160.614s][info][gc,cpu         ] GC(1110) User=0.77s Sys=0.00s Real=0.13s
[4160.822s][info][gc,marking     ] GC(1111) Concurrent Scan Root Regions 207.619ms
[4160.822s][info][gc,marking     ] GC(1111) Concurrent Mark
[4160.822s][info][gc,marking     ] GC(1111) Concurrent Mark From Roots
[4160.822s][info][gc,task        ] GC(1111) Using 2 workers of 2 for marking
.[4161.920s][info][gc,marking     ] GC(1111) Concurrent Mark From Roots 1097.546ms
[4161.920s][info][gc,marking     ] GC(1111) Concurrent Preclean
[4161.920s][info][gc,marking     ] GC(1111) Concurrent Preclean 0.080ms
[4161.921s][info][gc,start       ] GC(1111) Pause Remark
[4161.927s][info][gc             ] GC(1111) Pause Remark 2638M->2638M(4096M) 6.248ms
[4161.927s][info][gc,cpu         ] GC(1111) User=0.03s Sys=0.01s Real=0.00s
[4161.929s][info][gc,marking     ] GC(1111) Concurrent Mark 1106.657ms
[4161.929s][info][gc,marking     ] GC(1111) Concurrent Rebuild Remembered Sets and Scrub Regions
[4162.265s][info][gc,marking     ] GC(1111) Concurrent Rebuild Remembered Sets and Scrub Regions 335.863ms
[4162.265s][info][gc,start       ] GC(1111) Pause Cleanup
[4162.265s][info][gc             ] GC(1111) Pause Cleanup 2974M->2974M(4096M) 0.112ms
[4162.265s][info][gc,cpu         ] GC(1111) User=0.00s Sys=0.00s Real=0.00s
[4162.265s][info][gc,marking     ] GC(1111) Concurrent Clear Claimed Marks
[4162.265s][info][gc,marking     ] GC(1111) Concurrent Clear Claimed Marks 0.031ms
[4162.265s][info][gc,marking     ] GC(1111) Concurrent Cleanup for Next Mark
[4162.270s][info][gc,marking     ] GC(1111) Concurrent Cleanup for Next Mark 4.785ms
[4162.270s][info][gc             ] GC(1111) Concurrent Mark Cycle 1655.627ms
.[4163.009s][info][gc,start       ] GC(1112) Pause Young (Prepare Mixed) (G1 Evacuation Pause)
[4163.009s][info][gc,task        ] GC(1112) Using 6 workers of 6 for evacuation
[4163.130s][info][gc,phases      ] GC(1112)   Pre Evacuate Collection Set: 0.35ms
[4163.130s][info][gc,phases      ] GC(1112)   Merge Heap Roots: 0.57ms
[4163.130s][info][gc,phases      ] GC(1112)   Evacuate Collection Set: 119.47ms
[4163.130s][info][gc,phases      ] GC(1112)   Post Evacuate Collection Set: 0.94ms
[4163.130s][info][gc,phases      ] GC(1112)   Other: 0.09ms
[4163.130s][info][gc,heap        ] GC(1112) Eden regions: 1110->0(1098)
[4163.130s][info][gc,heap        ] GC(1112) Survivor regions: 118->114(154)
[4163.130s][info][gc,heap        ] GC(1112) Old regions: 507->539
[4163.130s][info][gc,heap        ] GC(1112) Humongous regions: 80->80
[4163.130s][info][gc,metaspace   ] GC(1112) Metaspace: 28914K(29376K)->28914K(29376K) NonClass: 24044K(24256K)->24044K(24256K) Class: 4869K(5120K)->4869K(5120K)
[4163.130s][info][gc             ] GC(1112) Pause Young (Prepare Mixed) (G1 Evacuation Pause) 3628M->1464M(4096M) 121.549ms
[4163.130s][info][gc,cpu         ] GC(1112) User=0.72s Sys=0.00s Real=0.13s
...[4165.469s][info][gc,start       ] GC(1113) Pause Young (Mixed) (G1 Evacuation Pause)
[4165.469s][info][gc,task        ] GC(1113) Using 6 workers of 6 for evacuation
[4165.602s][info][gc,phases      ] GC(1113)   Pre Evacuate Collection Set: 0.39ms
[4165.602s][info][gc,phases      ] GC(1113)   Merge Heap Roots: 0.78ms
[4165.602s][info][gc,phases      ] GC(1113)   Evacuate Collection Set: 130.39ms
[4165.602s][info][gc,phases      ] GC(1113)   Post Evacuate Collection Set: 0.95ms
[4165.602s][info][gc,phases      ] GC(1113)   Other: 0.09ms
[4165.602s][info][gc,heap        ] GC(1113) Eden regions: 1098->0(1120)
[4165.602s][info][gc,heap        ] GC(1113) Survivor regions: 114->108(152)
[4165.602s][info][gc,heap        ] GC(1113) Old regions: 539->474
[4165.602s][info][gc,heap        ] GC(1113) Humongous regions: 80->80
[4165.602s][info][gc,metaspace   ] GC(1113) Metaspace: 28914K(29376K)->28914K(29376K) NonClass: 24044K(24256K)->24044K(24256K) Class: 4869K(5120K)->4869K(5120K)
[4165.602s][info][gc             ] GC(1113) Pause Young (Mixed) (G1 Evacuation Pause) 3660M->1323M(4096M) 132.733ms
[4165.602s][info][gc,cpu         ] GC(1113) User=0.80s Sys=0.00s Real=0.14s
..[4168.041s][info][gc,start       ] GC(1114) Pause Young (Concurrent Start) (G1 Evacuation Pause)
[4168.041s][info][gc,task        ] GC(1114) Using 6 workers of 6 for evacuation
[4168.163s][info][gc,phases      ] GC(1114)   Pre Evacuate Collection Set: 0.41ms
[4168.163s][info][gc,phases      ] GC(1114)   Merge Heap Roots: 0.58ms
[4168.163s][info][gc,phases      ] GC(1114)   Evacuate Collection Set: 120.19ms
[4168.163s][info][gc,phases      ] GC(1114)   Post Evacuate Collection Set: 0.90ms
[4168.163s][info][gc,phases      ] GC(1114)   Other: 0.13ms
[4168.163s][info][gc,heap        ] GC(1114) Eden regions: 1120->0(1117)
[4168.163s][info][gc,heap        ] GC(1114) Survivor regions: 108->111(154)
[4168.163s][info][gc,heap        ] GC(1114) Old regions: 474->507
[4168.163s][info][gc,heap        ] GC(1114) Humongous regions: 80->80
[4168.163s][info][gc,metaspace   ] GC(1114) Metaspace: 28914K(29376K)->28914K(29376K) NonClass: 24044K(24256K)->24044K(24256K) Class: 4869K(5120K)->4869K(5120K)
[4168.163s][info][gc             ] GC(1114) Pause Young (Concurrent Start) (G1 Evacuation Pause) 3563M->1393M(4096M) 122.347ms
[4168.163s][info][gc             ] GC(1115) Concurrent Mark Cycle
[4168.163s][info][gc,marking     ] GC(1115) Concurrent Scan Root Regions
[4168.163s][info][gc,cpu         ] GC(1114) User=0.73s Sys=0.00s Real=0.12s
[4168.355s][info][gc,marking     ] GC(1115) Concurrent Scan Root Regions 191.343ms
[4168.355s][info][gc,marking     ] GC(1115) Concurrent Mark
[4168.355s][info][gc,marking     ] GC(1115) Concurrent Mark From Roots
[4168.355s][info][gc,task        ] GC(1115) Using 2 workers of 2 for marking
..[4169.381s][info][gc,marking     ] GC(1115) Concurrent Mark From Roots 1026.270ms
[4169.381s][info][gc,marking     ] GC(1115) Concurrent Preclean
[4169.381s][info][gc,marking     ] GC(1115) Concurrent Preclean 0.114ms
[4169.382s][info][gc,start       ] GC(1115) Pause Remark
[4169.388s][info][gc             ] GC(1115) Pause Remark 2528M->2528M(4096M) 6.416ms
[4169.388s][info][gc,cpu         ] GC(1115) User=0.03s Sys=0.00s Real=0.00s
[4169.388s][info][gc,marking     ] GC(1115) Concurrent Mark 1033.477ms
[4169.388s][info][gc,marking     ] GC(1115) Concurrent Rebuild Remembered Sets and Scrub Regions
[4169.769s][info][gc,marking     ] GC(1115) Concurrent Rebuild Remembered Sets and Scrub Regions 381.051ms
[4169.770s][info][gc,start       ] GC(1115) Pause Cleanup
[4169.770s][info][gc             ] GC(1115) Pause Cleanup 2873M->2873M(4096M) 0.115ms
[4169.770s][info][gc,cpu         ] GC(1115) User=0.00s Sys=0.00s Real=0.00s
[4169.770s][info][gc,marking     ] GC(1115) Concurrent Clear Claimed Marks
[4169.770s][info][gc,marking     ] GC(1115) Concurrent Clear Claimed Marks 0.028ms
[4169.770s][info][gc,marking     ] GC(1115) Concurrent Cleanup for Next Mark
[4169.774s][info][gc,marking     ] GC(1115) Concurrent Cleanup for Next Mark 4.003ms
[4169.774s][info][gc             ] GC(1115) Concurrent Mark Cycle 1610.407ms
.[4170.590s][info][gc,start       ] GC(1116) Pause Young (Prepare Mixed) (G1 Evacuation Pause)
[4170.590s][info][gc,task        ] GC(1116) Using 6 workers of 6 for evacuation
[4170.715s][info][gc,phases      ] GC(1116)   Pre Evacuate Collection Set: 0.34ms
[4170.715s][info][gc,phases      ] GC(1116)   Merge Heap Roots: 0.56ms
[4170.715s][info][gc,phases      ] GC(1116)   Evacuate Collection Set: 122.67ms
[4170.715s][info][gc,phases      ] GC(1116)   Post Evacuate Collection Set: 0.91ms
[4170.715s][info][gc,phases      ] GC(1116)   Other: 0.08ms
[4170.715s][info][gc,heap        ] GC(1116) Eden regions: 1117->0(1099)
[4170.715s][info][gc,heap        ] GC(1116) Survivor regions: 111->114(154)
[4170.715s][info][gc,heap        ] GC(1116) Old regions: 507->538
[4170.715s][info][gc,heap        ] GC(1116) Humongous regions: 80->80
[4170.715s][info][gc,metaspace   ] GC(1116) Metaspace: 28914K(29376K)->28914K(29376K) NonClass: 24044K(24256K)->24044K(24256K) Class: 4869K(5120K)->4869K(5120K)
[4170.715s][info][gc             ] GC(1116) Pause Young (Prepare Mixed) (G1 Evacuation Pause) 3627M->1462M(4096M) 124.680ms
[4170.715s][info][gc,cpu         ] GC(1116) User=0.74s Sys=0.00s Real=0.12s
..[4173.046s][info][gc,start       ] GC(1117) Pause Young (Mixed) (G1 Evacuation Pause)
[4173.046s][info][gc,task        ] GC(1117) Using 6 workers of 6 for evacuation
[4173.182s][info][gc,phases      ] GC(1117)   Pre Evacuate Collection Set: 0.34ms
[4173.182s][info][gc,phases      ] GC(1117)   Merge Heap Roots: 0.79ms
[4173.182s][info][gc,phases      ] GC(1117)   Evacuate Collection Set: 133.83ms
[4173.182s][info][gc,phases      ] GC(1117)   Post Evacuate Collection Set: 0.93ms
[4173.182s][info][gc,phases      ] GC(1117)   Other: 0.09ms
[4173.182s][info][gc,heap        ] GC(1117) Eden regions: 1099->0(1120)
[4173.182s][info][gc,heap        ] GC(1117) Survivor regions: 114->108(152)
[4173.182s][info][gc,heap        ] GC(1117) Old regions: 538->475
[4173.183s][info][gc,heap        ] GC(1117) Humongous regions: 80->80
[4173.183s][info][gc,metaspace   ] GC(1117) Metaspace: 28914K(29376K)->28914K(29376K) NonClass: 24044K(24256K)->24044K(24256K) Class: 4869K(5120K)->4869K(5120K)
[4173.183s][info][gc             ] GC(1117) Pause Young (Mixed) (G1 Evacuation Pause) 3660M->1324M(4096M) 136.111ms
[4173.183s][info][gc,cpu         ] GC(1117) User=0.82s Sys=0.00s Real=0.14s
...[4175.644s][info][gc,start       ] GC(1118) Pause Young (Concurrent Start) (G1 Evacuation Pause)
[4175.644s][info][gc,task        ] GC(1118) Using 6 workers of 6 for evacuation
[4175.767s][info][gc,phases      ] GC(1118)   Pre Evacuate Collection Set: 0.38ms
[4175.767s][info][gc,phases      ] GC(1118)   Merge Heap Roots: 0.49ms
[4175.767s][info][gc,phases      ] GC(1118)   Evacuate Collection Set: 121.30ms
[4175.767s][info][gc,phases      ] GC(1118)   Post Evacuate Collection Set: 0.87ms
[4175.767s][info][gc,phases      ] GC(1118)   Other: 0.10ms
[4175.767s][info][gc,heap        ] GC(1118) Eden regions: 1120->0(1114)
[4175.767s][info][gc,heap        ] GC(1118) Survivor regions: 108->114(154)
[4175.767s][info][gc,heap        ] GC(1118) Old regions: 475->507
[4175.767s][info][gc,heap        ] GC(1118) Humongous regions: 80->80
[4175.767s][info][gc,metaspace   ] GC(1118) Metaspace: 28914K(29376K)->28914K(29376K) NonClass: 24044K(24256K)->24044K(24256K) Class: 4869K(5120K)->4869K(5120K)
[4175.767s][info][gc             ] GC(1118) Pause Young (Concurrent Start) (G1 Evacuation Pause) 3564M->1400M(4096M) 123.267ms
[4175.767s][info][gc             ] GC(1119) Concurrent Mark Cycle
[4175.767s][info][gc,marking     ] GC(1119) Concurrent Scan Root Regions
[4175.767s][info][gc,cpu         ] GC(1118) User=0.74s Sys=0.00s Real=0.12s
[4175.915s][info][gc,marking     ] GC(1119) Concurrent Scan Root Regions 147.332ms
[4175.915s][info][gc,marking     ] GC(1119) Concurrent Mark
[4175.915s][info][gc,marking     ] GC(1119) Concurrent Mark From Roots
[4175.915s][info][gc,task        ] GC(1119) Using 2 workers of 2 for marking
.[4176.621s][info][gc,marking     ] GC(1119) Concurrent Mark From Roots 706.786ms
[4176.622s][info][gc,marking     ] GC(1119) Concurrent Preclean
[4176.622s][info][gc,marking     ] GC(1119) Concurrent Preclean 0.132ms
[4176.623s][info][gc,start       ] GC(1119) Pause Remark
[4176.630s][info][gc             ] GC(1119) Pause Remark 2172M->2172M(4096M) 6.315ms
[4176.630s][info][gc,cpu         ] GC(1119) User=0.03s Sys=0.00s Real=0.01s
[4176.631s][info][gc,marking     ] GC(1119) Concurrent Mark 715.875ms
[4176.631s][info][gc,marking     ] GC(1119) Concurrent Rebuild Remembered Sets and Scrub Regions
[4176.948s][info][gc,marking     ] GC(1119) Concurrent Rebuild Remembered Sets and Scrub Regions 317.794ms
[4176.951s][info][gc,start       ] GC(1119) Pause Cleanup
[4176.951s][info][gc             ] GC(1119) Pause Cleanup 2458M->2458M(4096M) 0.121ms
[4176.951s][info][gc,cpu         ] GC(1119) User=0.00s Sys=0.00s Real=0.00s
[4176.951s][info][gc,marking     ] GC(1119) Concurrent Clear Claimed Marks
[4176.951s][info][gc,marking     ] GC(1119) Concurrent Clear Claimed Marks 0.027ms
[4176.951s][info][gc,marking     ] GC(1119) Concurrent Cleanup for Next Mark
[4176.999s][info][gc,marking     ] GC(1119) Concurrent Cleanup for Next Mark 47.742ms
[4176.999s][info][gc             ] GC(1119) Concurrent Mark Cycle 1231.400ms
.[4178.217s][info][gc,start       ] GC(1120) Pause Young (Prepare Mixed) (G1 Evacuation Pause)
[4178.217s][info][gc,task        ] GC(1120) Using 6 workers of 6 for evacuation
[4178.335s][info][gc,phases      ] GC(1120)   Pre Evacuate Collection Set: 0.32ms
[4178.335s][info][gc,phases      ] GC(1120)   Merge Heap Roots: 0.55ms
[4178.335s][info][gc,phases      ] GC(1120)   Evacuate Collection Set: 115.88ms
[4178.335s][info][gc,phases      ] GC(1120)   Post Evacuate Collection Set: 0.91ms
[4178.335s][info][gc,phases      ] GC(1120)   Other: 0.07ms
[4178.335s][info][gc,heap        ] GC(1120) Eden regions: 1114->0(1107)
[4178.335s][info][gc,heap        ] GC(1120) Survivor regions: 114->110(154)
[4178.335s][info][gc,heap        ] GC(1120) Old regions: 507->538
[4178.335s][info][gc,heap        ] GC(1120) Humongous regions: 80->80
[4178.335s][info][gc,metaspace   ] GC(1120) Metaspace: 28914K(29376K)->28914K(29376K) NonClass: 24044K(24256K)->24044K(24256K) Class: 4869K(5120K)->4869K(5120K)
[4178.335s][info][gc             ] GC(1120) Pause Young (Prepare Mixed) (G1 Evacuation Pause) 3628M->1453M(4096M) 117.856ms
[4178.335s][info][gc,cpu         ] GC(1120) User=0.70s Sys=0.00s Real=0.12s
...[4180.625s][info][gc,start       ] GC(1121) Pause Young (Mixed) (G1 Evacuation Pause)
[4180.625s][info][gc,task        ] GC(1121) Using 6 workers of 6 for evacuation
[4180.761s][info][gc,phases      ] GC(1121)   Pre Evacuate Collection Set: 0.35ms
[4180.761s][info][gc,phases      ] GC(1121)   Merge Heap Roots: 0.76ms
[4180.761s][info][gc,phases      ] GC(1121)   Evacuate Collection Set: 134.34ms
[4180.761s][info][gc,phases      ] GC(1121)   Post Evacuate Collection Set: 0.92ms
[4180.761s][info][gc,phases      ] GC(1121)   Other: 0.08ms
[4180.761s][info][gc,heap        ] GC(1121) Eden regions: 1107->0(1118)
[4180.761s][info][gc,heap        ] GC(1121) Survivor regions: 110->110(153)
[4180.761s][info][gc,heap        ] GC(1121) Old regions: 538->475
[4180.761s][info][gc,heap        ] GC(1121) Humongous regions: 80->80
[4180.761s][info][gc,metaspace   ] GC(1121) Metaspace: 28914K(29376K)->28914K(29376K) NonClass: 24044K(24256K)->24044K(24256K) Class: 4869K(5120K)->4869K(5120K)
[4180.761s][info][gc             ] GC(1121) Pause Young (Mixed) (G1 Evacuation Pause) 3667M->1328M(4096M) 136.577ms
[4180.761s][info][gc,cpu         ] GC(1121) User=0.81s Sys=0.00s Real=0.14s
..[4183.153s][info][gc,start       ] GC(1122) Pause Young (Concurrent Start) (G1 Evacuation Pause)
[4183.153s][info][gc,task        ] GC(1122) Using 6 workers of 6 for evacuation
[4183.271s][info][gc,phases      ] GC(1122)   Pre Evacuate Collection Set: 0.34ms
[4183.271s][info][gc,phases      ] GC(1122)   Merge Heap Roots: 0.49ms
[4183.271s][info][gc,phases      ] GC(1122)   Evacuate Collection Set: 116.16ms
[4183.271s][info][gc,phases      ] GC(1122)   Post Evacuate Collection Set: 0.88ms
[4183.272s][info][gc,phases      ] GC(1122)   Other: 0.10ms
[4183.272s][info][gc,heap        ] GC(1122) Eden regions: 1118->0(1120)
[4183.272s][info][gc,heap        ] GC(1122) Survivor regions: 110->108(154)
[4183.272s][info][gc,heap        ] GC(1122) Old regions: 475->507
[4183.272s][info][gc,heap        ] GC(1122) Humongous regions: 80->80
[4183.272s][info][gc,metaspace   ] GC(1122) Metaspace: 28914K(29376K)->28914K(29376K) NonClass: 24044K(24256K)->24044K(24256K) Class: 4869K(5120K)->4869K(5120K)
[4183.272s][info][gc             ] GC(1122) Pause Young (Concurrent Start) (G1 Evacuation Pause) 3564M->1389M(4096M) 118.110ms
[4183.272s][info][gc             ] GC(1123) Concurrent Mark Cycle
[4183.272s][info][gc,marking     ] GC(1123) Concurrent Scan Root Regions
[4183.272s][info][gc,cpu         ] GC(1122) User=0.70s Sys=0.00s Real=0.12s
[4183.413s][info][gc,marking     ] GC(1123) Concurrent Scan Root Regions 141.895ms
[4183.414s][info][gc,marking     ] GC(1123) Concurrent Mark
[4183.414s][info][gc,marking     ] GC(1123) Concurrent Mark From Roots
[4183.414s][info][gc,task        ] GC(1123) Using 2 workers of 2 for marking
.[4184.185s][info][gc,marking     ] GC(1123) Concurrent Mark From Roots 771.606ms
[4184.185s][info][gc,marking     ] GC(1123) Concurrent Preclean
[4184.185s][info][gc,marking     ] GC(1123) Concurrent Preclean 0.114ms
[4184.186s][info][gc,start       ] GC(1123) Pause Remark
[4184.191s][info][gc             ] GC(1123) Pause Remark 2183M->2183M(4096M) 5.405ms
[4184.191s][info][gc,cpu         ] GC(1123) User=0.03s Sys=0.00s Real=0.01s
[4184.191s][info][gc,marking     ] GC(1123) Concurrent Mark 777.517ms
[4184.191s][info][gc,marking     ] GC(1123) Concurrent Rebuild Remembered Sets and Scrub Regions
[4184.473s][info][gc,marking     ] GC(1123) Concurrent Rebuild Remembered Sets and Scrub Regions 281.562ms
[4184.473s][info][gc,start       ] GC(1123) Pause Cleanup
[4184.473s][info][gc             ] GC(1123) Pause Cleanup 2473M->2473M(4096M) 0.113ms
[4184.473s][info][gc,cpu         ] GC(1123) User=0.00s Sys=0.00s Real=0.00s
[4184.474s][info][gc,marking     ] GC(1123) Concurrent Clear Claimed Marks
[4184.474s][info][gc,marking     ] GC(1123) Concurrent Clear Claimed Marks 0.043ms
[4184.474s][info][gc,marking     ] GC(1123) Concurrent Cleanup for Next Mark
[4184.478s][info][gc,marking     ] GC(1123) Concurrent Cleanup for Next Mark 4.363ms
[4184.478s][info][gc             ] GC(1123) Concurrent Mark Cycle 1206.524ms
.[4185.701s][info][gc,start       ] GC(1124) Pause Young (Prepare Mixed) (G1 Evacuation Pause)
[4185.701s][info][gc,task        ] GC(1124) Using 6 workers of 6 for evacuation
[4185.819s][info][gc,phases      ] GC(1124)   Pre Evacuate Collection Set: 0.35ms
[4185.819s][info][gc,phases      ] GC(1124)   Merge Heap Roots: 0.54ms
[4185.819s][info][gc,phases      ] GC(1124)   Evacuate Collection Set: 115.38ms
[4185.819s][info][gc,phases      ] GC(1124)   Post Evacuate Collection Set: 0.90ms
[4185.819s][info][gc,phases      ] GC(1124)   Other: 0.08ms
[4185.819s][info][gc,heap        ] GC(1124) Eden regions: 1120->0(1103)
[4185.819s][info][gc,heap        ] GC(1124) Survivor regions: 108->112(154)
[4185.819s][info][gc,heap        ] GC(1124) Old regions: 507->538
[4185.819s][info][gc,heap        ] GC(1124) Humongous regions: 80->80
[4185.819s][info][gc,metaspace   ] GC(1124) Metaspace: 28914K(29376K)->28914K(29376K) NonClass: 24044K(24256K)->24044K(24256K) Class: 4869K(5120K)->4869K(5120K)
[4185.819s][info][gc             ] GC(1124) Pause Young (Prepare Mixed) (G1 Evacuation Pause) 3629M->1457M(4096M) 117.382ms
[4185.819s][info][gc,cpu         ] GC(1124) User=0.69s Sys=0.00s Real=0.11s
...[4188.104s][info][gc,start       ] GC(1125) Pause Young (Mixed) (G1 Evacuation Pause)
[4188.104s][info][gc,task        ] GC(1125) Using 6 workers of 6 for evacuation
[4188.240s][info][gc,phases      ] GC(1125)   Pre Evacuate Collection Set: 0.37ms
[4188.240s][info][gc,phases      ] GC(1125)   Merge Heap Roots: 0.74ms
[4188.240s][info][gc,phases      ] GC(1125)   Evacuate Collection Set: 133.27ms
[4188.240s][info][gc,phases      ] GC(1125)   Post Evacuate Collection Set: 0.96ms
[4188.240s][info][gc,phases      ] GC(1125)   Other: 0.08ms
[4188.240s][info][gc,heap        ] GC(1125) Eden regions: 1103->0(1117)
[4188.240s][info][gc,heap        ] GC(1125) Survivor regions: 112->111(152)
[4188.240s][info][gc,heap        ] GC(1125) Old regions: 538->475
[4188.240s][info][gc,heap        ] GC(1125) Humongous regions: 80->80
[4188.240s][info][gc,metaspace   ] GC(1125) Metaspace: 28914K(29376K)->28914K(29376K) NonClass: 24044K(24256K)->24044K(24256K) Class: 4869K(5120K)->4869K(5120K)
[4188.240s][info][gc             ] GC(1125) Pause Young (Mixed) (G1 Evacuation Pause) 3663M->1329M(4096M) 135.577ms
[4188.240s][info][gc,cpu         ] GC(1125) User=0.81s Sys=0.00s Real=0.14s
. (rIR:aIR:PR = 7472:7477:7477) (tPR = 110686) [OK] 
  4188s: Performance info:
         Transaction,    Success,    Partial,     Failed,   Receipts, AvgBarcode, 
             Overall,     451970,          0,          0,     429406,      59.48, 
         Response times:
             Request,    Success,    Partial,     Failed,   SkipFail,     Probes,    Samples,      min,      p50,      p90,      p95,      p99,      max, 
       TotalPurchase,     429465,          0,          0,          0,     357042,     407569,      300,     6600,    77000,   110000,   160000,   387000,
     InStorePurchase,     226296,          0,          0,          0,     187738,     214470,      300,     6700,    77000,   109000,   160000,   387000,
      OnlinePurchase,     157963,          0,          0,          0,     131668,     150138,      300,     6500,    78000,   110000,   159000,   334000,
        InstPurchase,      45206,          0,          0,          0,      37636,      42961,      400,     6500,    78000,   112000,   161000,   284000,
          AssocOfCat,        452,          0,          0,          0,        354,        489,    30000,    44000,   128000,   178500,   220200,   266000,
      AssocOfProduct,       4517,          0,          0,          0,       4217,       5026,      900,     7800,    87000,   120000,   170730,   235000,
      BusinessReport,       1130,          0,          0,          0,        999,       1240,    29000,    49000,   146000,   184950,   250000,   307000,
          CustBuyBeh,       4511,          0,          0,          0,       4144,       4939,      600,     5400,    72000,   103000,   157200,   284000,
       ProductReturn,      11950,          0,          0,          0,      10165,      11808,      400,     6800,    81000,   110000,   153910,   284000,

  4188s: (55%)   IR =   7610 .[4190.693s][info][gc,start       ] GC(1126) Pause Young (Concurrent Start) (G1 Evacuation Pause)
[4190.694s][info][gc,task        ] GC(1126) Using 6 workers of 6 for evacuation
[4190.815s][info][gc,phases      ] GC(1126)   Pre Evacuate Collection Set: 0.37ms
[4190.815s][info][gc,phases      ] GC(1126)   Merge Heap Roots: 0.50ms
[4190.815s][info][gc,phases      ] GC(1126)   Evacuate Collection Set: 119.95ms
[4190.815s][info][gc,phases      ] GC(1126)   Post Evacuate Collection Set: 0.91ms
[4190.815s][info][gc,phases      ] GC(1126)   Other: 0.10ms
[4190.815s][info][gc,heap        ] GC(1126) Eden regions: 1117->0(1118)
[4190.815s][info][gc,heap        ] GC(1126) Survivor regions: 111->110(154)
[4190.815s][info][gc,heap        ] GC(1126) Old regions: 475->508
[4190.815s][info][gc,heap        ] GC(1126) Humongous regions: 80->80
[4190.815s][info][gc,metaspace   ] GC(1126) Metaspace: 28914K(29376K)->28914K(29376K) NonClass: 24044K(24256K)->24044K(24256K) Class: 4869K(5120K)->4869K(5120K)
[4190.815s][info][gc             ] GC(1126) Pause Young (Concurrent Start) (G1 Evacuation Pause) 3563M->1394M(4096M) 121.978ms
[4190.815s][info][gc             ] GC(1127) Concurrent Mark Cycle
[4190.815s][info][gc,marking     ] GC(1127) Concurrent Scan Root Regions
[4190.816s][info][gc,cpu         ] GC(1126) User=0.73s Sys=0.00s Real=0.12s
.[4190.962s][info][gc,marking     ] GC(1127) Concurrent Scan Root Regions 146.041ms
[4190.962s][info][gc,marking     ] GC(1127) Concurrent Mark
[4190.962s][info][gc,marking     ] GC(1127) Concurrent Mark From Roots
[4190.962s][info][gc,task        ] GC(1127) Using 2 workers of 2 for marking
[4191.621s][info][gc,marking     ] GC(1127) Concurrent Mark From Roots 659.257ms
[4191.621s][info][gc,marking     ] GC(1127) Concurrent Preclean
[4191.621s][info][gc,marking     ] GC(1127) Concurrent Preclean 0.117ms
[4191.623s][info][gc,start       ] GC(1127) Pause Remark
[4191.629s][info][gc             ] GC(1127) Pause Remark 2124M->2124M(4096M) 5.496ms
[4191.629s][info][gc,cpu         ] GC(1127) User=0.03s Sys=0.00s Real=0.00s
[4191.629s][info][gc,marking     ] GC(1127) Concurrent Mark 667.568ms
[4191.629s][info][gc,marking     ] GC(1127) Concurrent Rebuild Remembered Sets and Scrub Regions
.[4191.976s][info][gc,marking     ] GC(1127) Concurrent Rebuild Remembered Sets and Scrub Regions 347.228ms
[4191.977s][info][gc,start       ] GC(1127) Pause Cleanup
[4191.977s][info][gc             ] GC(1127) Pause Cleanup 2424M->2424M(4096M) 0.122ms
[4191.977s][info][gc,cpu         ] GC(1127) User=0.00s Sys=0.00s Real=0.00s
[4191.977s][info][gc,marking     ] GC(1127) Concurrent Clear Claimed Marks
[4191.977s][info][gc,marking     ] GC(1127) Concurrent Clear Claimed Marks 0.029ms
[4191.977s][info][gc,marking     ] GC(1127) Concurrent Cleanup for Next Mark
[4191.981s][info][gc,marking     ] GC(1127) Concurrent Cleanup for Next Mark 4.415ms
[4191.981s][info][gc             ] GC(1127) Concurrent Mark Cycle 1165.788ms
.[4193.223s][info][gc,start       ] GC(1128) Pause Young (Prepare Mixed) (G1 Evacuation Pause)
[4193.223s][info][gc,task        ] GC(1128) Using 6 workers of 6 for evacuation
[4193.344s][info][gc,phases      ] GC(1128)   Pre Evacuate Collection Set: 0.33ms
[4193.344s][info][gc,phases      ] GC(1128)   Merge Heap Roots: 0.56ms
[4193.344s][info][gc,phases      ] GC(1128)   Evacuate Collection Set: 118.99ms
[4193.344s][info][gc,phases      ] GC(1128)   Post Evacuate Collection Set: 0.90ms
[4193.344s][info][gc,phases      ] GC(1128)   Other: 0.09ms
[4193.344s][info][gc,heap        ] GC(1128) Eden regions: 1118->0(1102)
[4193.344s][info][gc,heap        ] GC(1128) Survivor regions: 110->112(154)
[4193.344s][info][gc,heap        ] GC(1128) Old regions: 508->539
[4193.344s][info][gc,heap        ] GC(1128) Humongous regions: 80->80
[4193.344s][info][gc,metaspace   ] GC(1128) Metaspace: 28914K(29376K)->28914K(29376K) NonClass: 24044K(24256K)->24044K(24256K) Class: 4869K(5120K)->4869K(5120K)
[4193.344s][info][gc             ] GC(1128) Pause Young (Prepare Mixed) (G1 Evacuation Pause) 3630M->1460M(4096M) 121.005ms
[4193.344s][info][gc,cpu         ] GC(1128) User=0.71s Sys=0.00s Real=0.12s
..[4195.622s][info][gc,start       ] GC(1129) Pause Young (Mixed) (G1 Evacuation Pause)
[4195.622s][info][gc,task        ] GC(1129) Using 6 workers of 6 for evacuation
[4195.756s][info][gc,phases      ] GC(1129)   Pre Evacuate Collection Set: 0.39ms
[4195.757s][info][gc,phases      ] GC(1129)   Merge Heap Roots: 0.73ms
[4195.757s][info][gc,phases      ] GC(1129)   Evacuate Collection Set: 132.36ms
[4195.757s][info][gc,phases      ] GC(1129)   Post Evacuate Collection Set: 0.94ms
[4195.757s][info][gc,phases      ] GC(1129)   Other: 0.10ms
[4195.757s][info][gc,heap        ] GC(1129) Eden regions: 1102->0(1117)
[4195.757s][info][gc,heap        ] GC(1129) Survivor regions: 112->111(152)
[4195.757s][info][gc,heap        ] GC(1129) Old regions: 539->475
[4195.757s][info][gc,heap        ] GC(1129) Humongous regions: 80->80
[4195.757s][info][gc,metaspace   ] GC(1129) Metaspace: 28914K(29376K)->28914K(29376K) NonClass: 24044K(24256K)->24044K(24256K) Class: 4869K(5120K)->4869K(5120K)
[4195.757s][info][gc             ] GC(1129) Pause Young (Mixed) (G1 Evacuation Pause) 3664M->1330M(4096M) 134.647ms
[4195.757s][info][gc,cpu         ] GC(1129) User=0.79s Sys=0.01s Real=0.13s
...|[4198.124s][info][gc,start       ] GC(1130) Pause Young (Concurrent Start) (G1 Evacuation Pause)
[4198.124s][info][gc,task        ] GC(1130) Using 6 workers of 6 for evacuation
[4198.244s][info][gc,phases      ] GC(1130)   Pre Evacuate Collection Set: 0.37ms
[4198.244s][info][gc,phases      ] GC(1130)   Merge Heap Roots: 0.50ms
[4198.244s][info][gc,phases      ] GC(1130)   Evacuate Collection Set: 117.70ms
[4198.244s][info][gc,phases      ] GC(1130)   Post Evacuate Collection Set: 0.86ms
[4198.244s][info][gc,phases      ] GC(1130)   Other: 0.11ms
[4198.244s][info][gc,heap        ] GC(1130) Eden regions: 1117->0(1117)
[4198.244s][info][gc,heap        ] GC(1130) Survivor regions: 111->111(154)
[4198.244s][info][gc,heap        ] GC(1130) Old regions: 475->507
[4198.244s][info][gc,heap        ] GC(1130) Humongous regions: 80->80
[4198.244s][info][gc,metaspace   ] GC(1130) Metaspace: 28914K(29376K)->28914K(29376K) NonClass: 24044K(24256K)->24044K(24256K) Class: 4869K(5120K)->4869K(5120K)
[4198.244s][info][gc             ] GC(1130) Pause Young (Concurrent Start) (G1 Evacuation Pause) 3564M->1393M(4096M) 119.677ms
[4198.244s][info][gc             ] GC(1131) Concurrent Mark Cycle
[4198.244s][info][gc,marking     ] GC(1131) Concurrent Scan Root Regions
[4198.244s][info][gc,cpu         ] GC(1130) User=0.72s Sys=0.00s Real=0.12s
[4198.408s][info][gc,marking     ] GC(1131) Concurrent Scan Root Regions 163.906ms
[4198.408s][info][gc,marking     ] GC(1131) Concurrent Mark
[4198.408s][info][gc,marking     ] GC(1131) Concurrent Mark From Roots
[4198.408s][info][gc,task        ] GC(1131) Using 2 workers of 2 for marking
.[4199.083s][info][gc,marking     ] GC(1131) Concurrent Mark From Roots 675.247ms
[4199.083s][info][gc,marking     ] GC(1131) Concurrent Preclean
[4199.083s][info][gc,marking     ] GC(1131) Concurrent Preclean 0.125ms
[4199.086s][info][gc,start       ] GC(1131) Pause Remark
[4199.090s][info][gc             ] GC(1131) Pause Remark 2085M->2085M(4096M) 4.888ms
[4199.091s][info][gc,cpu         ] GC(1131) User=0.02s Sys=0.00s Real=0.01s
[4199.091s][info][gc,marking     ] GC(1131) Concurrent Mark 682.885ms
[4199.091s][info][gc,marking     ] GC(1131) Concurrent Rebuild Remembered Sets and Scrub Regions
[4199.378s][info][gc,marking     ] GC(1131) Concurrent Rebuild Remembered Sets and Scrub Regions 287.215ms
[4199.379s][info][gc,start       ] GC(1131) Pause Cleanup
[4199.379s][info][gc             ] GC(1131) Pause Cleanup 2411M->2411M(4096M) 0.108ms
[4199.379s][info][gc,cpu         ] GC(1131) User=0.00s Sys=0.00s Real=0.00s
[4199.379s][info][gc,marking     ] GC(1131) Concurrent Clear Claimed Marks
[4199.379s][info][gc,marking     ] GC(1131) Concurrent Clear Claimed Marks 0.024ms
[4199.379s][info][gc,marking     ] GC(1131) Concurrent Cleanup for Next Mark
[4199.385s][info][gc,marking     ] GC(1131) Concurrent Cleanup for Next Mark 6.306ms
[4199.385s][info][gc             ] GC(1131) Concurrent Mark Cycle 1141.625ms
.[4200.653s][info][gc,start       ] GC(1132) Pause Young (Prepare Mixed) (G1 Evacuation Pause)
[4200.653s][info][gc,task        ] GC(1132) Using 6 workers of 6 for evacuation
[4200.778s][info][gc,phases      ] GC(1132)   Pre Evacuate Collection Set: 0.33ms
[4200.778s][info][gc,phases      ] GC(1132)   Merge Heap Roots: 0.54ms
[4200.778s][info][gc,phases      ] GC(1132)   Evacuate Collection Set: 122.93ms
[4200.778s][info][gc,phases      ] GC(1132)   Post Evacuate Collection Set: 0.83ms
[4200.778s][info][gc,phases      ] GC(1132)   Other: 0.09ms
[4200.778s][info][gc,heap        ] GC(1132) Eden regions: 1117->0(1095)
[4200.778s][info][gc,heap        ] GC(1132) Survivor regions: 111->116(154)
[4200.778s][info][gc,heap        ] GC(1132) Old regions: 507->538
[4200.778s][info][gc,heap        ] GC(1132) Humongous regions: 80->80
[4200.778s][info][gc,metaspace   ] GC(1132) Metaspace: 28914K(29376K)->28914K(29376K) NonClass: 24044K(24256K)->24044K(24256K) Class: 4869K(5120K)->4869K(5120K)
[4200.778s][info][gc             ] GC(1132) Pause Young (Prepare Mixed) (G1 Evacuation Pause) 3627M->1467M(4096M) 124.858ms
[4200.778s][info][gc,cpu         ] GC(1132) User=0.75s Sys=0.00s Real=0.12s
...[4203.103s][info][gc,start       ] GC(1133) Pause Young (Mixed) (G1 Evacuation Pause)
[4203.103s][info][gc,task        ] GC(1133) Using 6 workers of 6 for evacuation
[4203.236s][info][gc,phases      ] GC(1133)   Pre Evacuate Collection Set: 0.38ms
[4203.236s][info][gc,phases      ] GC(1133)   Merge Heap Roots: 0.77ms
[4203.236s][info][gc,phases      ] GC(1133)   Evacuate Collection Set: 130.80ms
[4203.236s][info][gc,phases      ] GC(1133)   Post Evacuate Collection Set: 0.92ms
[4203.236s][info][gc,phases      ] GC(1133)   Other: 0.08ms
[4203.236s][info][gc,heap        ] GC(1133) Eden regions: 1095->0(1118)
[4203.236s][info][gc,heap        ] GC(1133) Survivor regions: 116->110(152)
[4203.236s][info][gc,heap        ] GC(1133) Old regions: 538->473
[4203.236s][info][gc,heap        ] GC(1133) Humongous regions: 80->80
[4203.236s][info][gc,metaspace   ] GC(1133) Metaspace: 28914K(29376K)->28914K(29376K) NonClass: 24044K(24256K)->24044K(24256K) Class: 4869K(5120K)->4869K(5120K)
[4203.236s][info][gc             ] GC(1133) Pause Young (Mixed) (G1 Evacuation Pause) 3657M->1324M(4096M) 133.089ms
[4203.236s][info][gc,cpu         ] GC(1133) User=0.80s Sys=0.00s Real=0.13s
..[4205.568s][info][gc,start       ] GC(1134) Pause Young (Concurrent Start) (G1 Evacuation Pause)
[4205.568s][info][gc,task        ] GC(1134) Using 6 workers of 6 for evacuation
[4205.689s][info][gc,phases      ] GC(1134)   Pre Evacuate Collection Set: 0.36ms
[4205.689s][info][gc,phases      ] GC(1134)   Merge Heap Roots: 0.53ms
[4205.689s][info][gc,phases      ] GC(1134)   Evacuate Collection Set: 119.78ms
[4205.689s][info][gc,phases      ] GC(1134)   Post Evacuate Collection Set: 0.85ms
[4205.689s][info][gc,phases      ] GC(1134)   Other: 0.10ms
[4205.689s][info][gc,heap        ] GC(1134) Eden regions: 1118->0(1116)
[4205.689s][info][gc,heap        ] GC(1134) Survivor regions: 110->112(154)
[4205.689s][info][gc,heap        ] GC(1134) Old regions: 473->505
[4205.689s][info][gc,heap        ] GC(1134) Humongous regions: 80->80
[4205.689s][info][gc,metaspace   ] GC(1134) Metaspace: 28914K(29376K)->28914K(29376K) NonClass: 24044K(24256K)->24044K(24256K) Class: 4869K(5120K)->4869K(5120K)
[4205.689s][info][gc             ] GC(1134) Pause Young (Concurrent Start) (G1 Evacuation Pause) 3560M->1392M(4096M) 121.742ms
[4205.689s][info][gc             ] GC(1135) Concurrent Mark Cycle
[4205.689s][info][gc,marking     ] GC(1135) Concurrent Scan Root Regions
[4205.689s][info][gc,cpu         ] GC(1134) User=0.73s Sys=0.00s Real=0.13s
[4205.901s][info][gc,marking     ] GC(1135) Concurrent Scan Root Regions 211.987ms
[4205.901s][info][gc,marking     ] GC(1135) Concurrent Mark
[4205.901s][info][gc,marking     ] GC(1135) Concurrent Mark From Roots
[4205.901s][info][gc,task        ] GC(1135) Using 2 workers of 2 for marking
.[4206.986s][info][gc,marking     ] GC(1135) Concurrent Mark From Roots 1084.117ms
[4206.986s][info][gc,marking     ] GC(1135) Concurrent Preclean
[4206.986s][info][gc,marking     ] GC(1135) Concurrent Preclean 0.109ms
[4206.987s][info][gc,start       ] GC(1135) Pause Remark
[4206.991s][info][gc             ] GC(1135) Pause Remark 2577M->2577M(4096M) 4.219ms
[4206.991s][info][gc,cpu         ] GC(1135) User=0.02s Sys=0.00s Real=0.01s
[4206.993s][info][gc,marking     ] GC(1135) Concurrent Mark 1091.701ms
[4206.993s][info][gc,marking     ] GC(1135) Concurrent Rebuild Remembered Sets and Scrub Regions
.[4207.377s][info][gc,marking     ] GC(1135) Concurrent Rebuild Remembered Sets and Scrub Regions 383.602ms
[4207.377s][info][gc,start       ] GC(1135) Pause Cleanup
[4207.378s][info][gc             ] GC(1135) Pause Cleanup 2970M->2970M(4096M) 0.122ms
[4207.378s][info][gc,cpu         ] GC(1135) User=0.00s Sys=0.00s Real=0.00s
[4207.378s][info][gc,marking     ] GC(1135) Concurrent Clear Claimed Marks
[4207.378s][info][gc,marking     ] GC(1135) Concurrent Clear Claimed Marks 0.031ms
[4207.378s][info][gc,marking     ] GC(1135) Concurrent Cleanup for Next Mark
[4207.383s][info][gc,marking     ] GC(1135) Concurrent Cleanup for Next Mark 5.105ms
[4207.383s][info][gc             ] GC(1135) Concurrent Mark Cycle 1693.471ms
[4208.054s][info][gc,start       ] GC(1136) Pause Young (Prepare Mixed) (G1 Evacuation Pause)
[4208.054s][info][gc,task        ] GC(1136) Using 6 workers of 6 for evacuation
[4208.177s][info][gc,phases      ] GC(1136)   Pre Evacuate Collection Set: 0.35ms
[4208.177s][info][gc,phases      ] GC(1136)   Merge Heap Roots: 0.65ms
[4208.177s][info][gc,phases      ] GC(1136)   Evacuate Collection Set: 121.05ms
[4208.177s][info][gc,phases      ] GC(1136)   Post Evacuate Collection Set: 0.90ms
[4208.177s][info][gc,phases      ] GC(1136)   Other: 0.10ms
[4208.177s][info][gc,heap        ] GC(1136) Eden regions: 1116->0(1104)
[4208.177s][info][gc,heap        ] GC(1136) Survivor regions: 112->112(154)
[4208.177s][info][gc,heap        ] GC(1136) Old regions: 505->537
[4208.177s][info][gc,heap        ] GC(1136) Humongous regions: 80->80
[4208.177s][info][gc,metaspace   ] GC(1136) Metaspace: 28914K(29376K)->28914K(29376K) NonClass: 24044K(24256K)->24044K(24256K) Class: 4869K(5120K)->4869K(5120K)
[4208.177s][info][gc             ] GC(1136) Pause Young (Prepare Mixed) (G1 Evacuation Pause) 3624M->1455M(4096M) 123.181ms
[4208.177s][info][gc,cpu         ] GC(1136) User=0.73s Sys=0.00s Real=0.12s
...[4210.487s][info][gc,start       ] GC(1137) Pause Young (Mixed) (G1 Evacuation Pause)
[4210.487s][info][gc,task        ] GC(1137) Using 6 workers of 6 for evacuation
[4210.623s][info][gc,phases      ] GC(1137)   Pre Evacuate Collection Set: 0.39ms
[4210.623s][info][gc,phases      ] GC(1137)   Merge Heap Roots: 0.73ms
[4210.623s][info][gc,phases      ] GC(1137)   Evacuate Collection Set: 133.83ms
[4210.623s][info][gc,phases      ] GC(1137)   Post Evacuate Collection Set: 0.95ms
[4210.623s][info][gc,phases      ] GC(1137)   Other: 0.09ms
[4210.623s][info][gc,heap        ] GC(1137) Eden regions: 1104->0(1118)
[4210.623s][info][gc,heap        ] GC(1137) Survivor regions: 112->110(152)
[4210.623s][info][gc,heap        ] GC(1137) Old regions: 537->474
[4210.623s][info][gc,heap        ] GC(1137) Humongous regions: 80->80
[4210.623s][info][gc,metaspace   ] GC(1137) Metaspace: 28914K(29376K)->28914K(29376K) NonClass: 24044K(24256K)->24044K(24256K) Class: 4869K(5120K)->4869K(5120K)
[4210.623s][info][gc             ] GC(1137) Pause Young (Mixed) (G1 Evacuation Pause) 3663M->1326M(4096M) 136.130ms
[4210.623s][info][gc,cpu         ] GC(1137) User=0.81s Sys=0.00s Real=0.14s
..[4213.011s][info][gc,start       ] GC(1138) Pause Young (Concurrent Start) (G1 Evacuation Pause)
[4213.011s][info][gc,task        ] GC(1138) Using 6 workers of 6 for evacuation
[4213.128s][info][gc,phases      ] GC(1138)   Pre Evacuate Collection Set: 0.36ms
[4213.128s][info][gc,phases      ] GC(1138)   Merge Heap Roots: 0.49ms
[4213.128s][info][gc,phases      ] GC(1138)   Evacuate Collection Set: 115.19ms
[4213.128s][info][gc,phases      ] GC(1138)   Post Evacuate Collection Set: 0.87ms
[4213.128s][info][gc,phases      ] GC(1138)   Other: 0.10ms
[4213.128s][info][gc,heap        ] GC(1138) Eden regions: 1118->0(1119)
[4213.128s][info][gc,heap        ] GC(1138) Survivor regions: 110->109(154)
[4213.128s][info][gc,heap        ] GC(1138) Old regions: 474->505
[4213.128s][info][gc,heap        ] GC(1138) Humongous regions: 80->80
[4213.128s][info][gc,metaspace   ] GC(1138) Metaspace: 28914K(29376K)->28914K(29376K) NonClass: 24044K(24256K)->24044K(24256K) Class: 4869K(5120K)->4869K(5120K)
[4213.128s][info][gc             ] GC(1138) Pause Young (Concurrent Start) (G1 Evacuation Pause) 3562M->1386M(4096M) 117.153ms
[4213.128s][info][gc             ] GC(1139) Concurrent Mark Cycle
[4213.128s][info][gc,marking     ] GC(1139) Concurrent Scan Root Regions
[4213.128s][info][gc,cpu         ] GC(1138) User=0.69s Sys=0.01s Real=0.11s
.[4213.244s][info][gc,marking     ] GC(1139) Concurrent Scan Root Regions 115.657ms
[4213.244s][info][gc,marking     ] GC(1139) Concurrent Mark
[4213.244s][info][gc,marking     ] GC(1139) Concurrent Mark From Roots
[4213.244s][info][gc,task        ] GC(1139) Using 2 workers of 2 for marking
[4213.841s][info][gc,marking     ] GC(1139) Concurrent Mark From Roots 596.851ms
[4213.841s][info][gc,marking     ] GC(1139) Concurrent Preclean
[4213.841s][info][gc,marking     ] GC(1139) Concurrent Preclean 0.088ms
[4213.842s][info][gc,start       ] GC(1139) Pause Remark
[4213.847s][info][gc             ] GC(1139) Pause Remark 1935M->1935M(4096M) 5.098ms
[4213.848s][info][gc,cpu         ] GC(1139) User=0.03s Sys=0.00s Real=0.00s
[4213.848s][info][gc,marking     ] GC(1139) Concurrent Mark 603.482ms
[4213.848s][info][gc,marking     ] GC(1139) Concurrent Rebuild Remembered Sets and Scrub Regions
[4214.074s][info][gc,marking     ] GC(1139) Concurrent Rebuild Remembered Sets and Scrub Regions 226.786ms
[4214.075s][info][gc,start       ] GC(1139) Pause Cleanup
[4214.075s][info][gc             ] GC(1139) Pause Cleanup 2131M->2131M(4096M) 0.115ms
[4214.075s][info][gc,cpu         ] GC(1139) User=0.00s Sys=0.00s Real=0.00s
[4214.075s][info][gc,marking     ] GC(1139) Concurrent Clear Claimed Marks
[4214.075s][info][gc,marking     ] GC(1139) Concurrent Clear Claimed Marks 0.023ms
[4214.075s][info][gc,marking     ] GC(1139) Concurrent Cleanup for Next Mark
[4214.079s][info][gc,marking     ] GC(1139) Concurrent Cleanup for Next Mark 4.495ms
[4214.079s][info][gc             ] GC(1139) Concurrent Mark Cycle 950.898ms
..[4215.485s][info][gc,start       ] GC(1140) Pause Young (Prepare Mixed) (G1 Evacuation Pause)
[4215.485s][info][gc,task        ] GC(1140) Using 6 workers of 6 for evacuation
[4215.603s][info][gc,phases      ] GC(1140)   Pre Evacuate Collection Set: 0.35ms
[4215.603s][info][gc,phases      ] GC(1140)   Merge Heap Roots: 0.63ms
[4215.603s][info][gc,phases      ] GC(1140)   Evacuate Collection Set: 116.01ms
[4215.603s][info][gc,phases      ] GC(1140)   Post Evacuate Collection Set: 0.93ms
[4215.603s][info][gc,phases      ] GC(1140)   Other: 0.09ms
[4215.603s][info][gc,heap        ] GC(1140) Eden regions: 1119->0(1107)
[4215.603s][info][gc,heap        ] GC(1140) Survivor regions: 109->111(154)
[4215.603s][info][gc,heap        ] GC(1140) Old regions: 505->536
[4215.603s][info][gc,heap        ] GC(1140) Humongous regions: 80->80
[4215.603s][info][gc,metaspace   ] GC(1140) Metaspace: 28914K(29376K)->28914K(29376K) NonClass: 24044K(24256K)->24044K(24256K) Class: 4869K(5120K)->4869K(5120K)
[4215.603s][info][gc             ] GC(1140) Pause Young (Prepare Mixed) (G1 Evacuation Pause) 3624M->1452M(4096M) 118.136ms
[4215.603s][info][gc,cpu         ] GC(1140) User=0.71s Sys=0.00s Real=0.12s
..[4217.939s][info][gc,start       ] GC(1141) Pause Young (Mixed) (G1 Evacuation Pause)
[4217.939s][info][gc,task        ] GC(1141) Using 6 workers of 6 for evacuation
[4218.077s][info][gc,phases      ] GC(1141)   Pre Evacuate Collection Set: 0.39ms
[4218.077s][info][gc,phases      ] GC(1141)   Merge Heap Roots: 0.86ms
[4218.077s][info][gc,phases      ] GC(1141)   Evacuate Collection Set: 135.76ms
[4218.077s][info][gc,phases      ] GC(1141)   Post Evacuate Collection Set: 0.93ms
[4218.077s][info][gc,phases      ] GC(1141)   Other: 0.09ms
[4218.077s][info][gc,heap        ] GC(1141) Eden regions: 1107->0(1117)
[4218.077s][info][gc,heap        ] GC(1141) Survivor regions: 111->111(153)
[4218.077s][info][gc,heap        ] GC(1141) Old regions: 536->474
[4218.077s][info][gc,heap        ] GC(1141) Humongous regions: 80->80
[4218.077s][info][gc,metaspace   ] GC(1141) Metaspace: 28914K(29376K)->28914K(29376K) NonClass: 24044K(24256K)->24044K(24256K) Class: 4869K(5120K)->4869K(5120K)
[4218.077s][info][gc             ] GC(1141) Pause Young (Mixed) (G1 Evacuation Pause) 3666M->1328M(4096M) 138.186ms
[4218.077s][info][gc,cpu         ] GC(1141) User=0.82s Sys=0.00s Real=0.14s
...[4220.425s][info][gc,start       ] GC(1142) Pause Young (Concurrent Start) (G1 Evacuation Pause)
[4220.426s][info][gc,task        ] GC(1142) Using 6 workers of 6 for evacuation
[4220.548s][info][gc,phases      ] GC(1142)   Pre Evacuate Collection Set: 0.34ms
[4220.548s][info][gc,phases      ] GC(1142)   Merge Heap Roots: 0.50ms
[4220.548s][info][gc,phases      ] GC(1142)   Evacuate Collection Set: 120.19ms
[4220.548s][info][gc,phases      ] GC(1142)   Post Evacuate Collection Set: 0.86ms
[4220.548s][info][gc,phases      ] GC(1142)   Other: 0.12ms
[4220.548s][info][gc,heap        ] GC(1142) Eden regions: 1117->0(1116)
[4220.548s][info][gc,heap        ] GC(1142) Survivor regions: 111->112(154)
[4220.548s][info][gc,heap        ] GC(1142) Old regions: 474->506
[4220.548s][info][gc,heap        ] GC(1142) Humongous regions: 80->80
[4220.548s][info][gc,metaspace   ] GC(1142) Metaspace: 28914K(29376K)->28914K(29376K) NonClass: 24044K(24256K)->24044K(24256K) Class: 4869K(5120K)->4869K(5120K)
[4220.548s][info][gc             ] GC(1142) Pause Young (Concurrent Start) (G1 Evacuation Pause) 3562M->1394M(4096M) 122.161ms
[4220.548s][info][gc             ] GC(1143) Concurrent Mark Cycle
[4220.548s][info][gc,marking     ] GC(1143) Concurrent Scan Root Regions
[4220.548s][info][gc,cpu         ] GC(1142) User=0.73s Sys=0.00s Real=0.12s
[4220.696s][info][gc,marking     ] GC(1143) Concurrent Scan Root Regions 147.825ms
[4220.696s][info][gc,marking     ] GC(1143) Concurrent Mark
[4220.696s][info][gc,marking     ] GC(1143) Concurrent Mark From Roots
[4220.696s][info][gc,task        ] GC(1143) Using 2 workers of 2 for marking
.[4221.447s][info][gc,marking     ] GC(1143) Concurrent Mark From Roots 750.993ms
[4221.447s][info][gc,marking     ] GC(1143) Concurrent Preclean
[4221.447s][info][gc,marking     ] GC(1143) Concurrent Preclean 0.090ms
[4221.447s][info][gc,start       ] GC(1143) Pause Remark
[4221.452s][info][gc             ] GC(1143) Pause Remark 2165M->2165M(4096M) 5.255ms
[4221.452s][info][gc,cpu         ] GC(1143) User=0.03s Sys=0.00s Real=0.01s
[4221.452s][info][gc,marking     ] GC(1143) Concurrent Mark 756.880ms
[4221.452s][info][gc,marking     ] GC(1143) Concurrent Rebuild Remembered Sets and Scrub Regions
[4221.777s][info][gc,marking     ] GC(1143) Concurrent Rebuild Remembered Sets and Scrub Regions 324.858ms
[4221.778s][info][gc,start       ] GC(1143) Pause Cleanup
[4221.778s][info][gc             ] GC(1143) Pause Cleanup 2450M->2450M(4096M) 0.125ms
[4221.778s][info][gc,cpu         ] GC(1143) User=0.00s Sys=0.00s Real=0.00s
[4221.779s][info][gc,marking     ] GC(1143) Concurrent Clear Claimed Marks
[4221.779s][info][gc,marking     ] GC(1143) Concurrent Clear Claimed Marks 0.045ms
[4221.779s][info][gc,marking     ] GC(1143) Concurrent Cleanup for Next Mark
[4221.789s][info][gc,marking     ] GC(1143) Concurrent Cleanup for Next Mark 9.999ms
[4221.789s][info][gc             ] GC(1143) Concurrent Mark Cycle 1241.362ms
.[4222.923s][info][gc,start       ] GC(1144) Pause Young (Prepare Mixed) (G1 Evacuation Pause)
[4222.923s][info][gc,task        ] GC(1144) Using 6 workers of 6 for evacuation
[4223.039s][info][gc,phases      ] GC(1144)   Pre Evacuate Collection Set: 0.35ms
[4223.039s][info][gc,phases      ] GC(1144)   Merge Heap Roots: 0.59ms
[4223.039s][info][gc,phases      ] GC(1144)   Evacuate Collection Set: 114.75ms
[4223.039s][info][gc,phases      ] GC(1144)   Post Evacuate Collection Set: 0.90ms
[4223.039s][info][gc,phases      ] GC(1144)   Other: 0.09ms
[4223.039s][info][gc,heap        ] GC(1144) Eden regions: 1116->0(1111)
[4223.039s][info][gc,heap        ] GC(1144) Survivor regions: 112->108(154)
[4223.039s][info][gc,heap        ] GC(1144) Old regions: 506->538
[4223.039s][info][gc,heap        ] GC(1144) Humongous regions: 80->80
[4223.039s][info][gc,metaspace   ] GC(1144) Metaspace: 28914K(29376K)->28914K(29376K) NonClass: 24044K(24256K)->24044K(24256K) Class: 4869K(5120K)->4869K(5120K)
[4223.039s][info][gc             ] GC(1144) Pause Young (Prepare Mixed) (G1 Evacuation Pause) 3626M->1450M(4096M) 116.824ms
[4223.039s][info][gc,cpu         ] GC(1144) User=0.70s Sys=0.00s Real=0.12s
...[4225.409s][info][gc,start       ] GC(1145) Pause Young (Mixed) (G1 Evacuation Pause)
[4225.409s][info][gc,task        ] GC(1145) Using 6 workers of 6 for evacuation
[4225.544s][info][gc,phases      ] GC(1145)   Pre Evacuate Collection Set: 0.37ms
[4225.544s][info][gc,phases      ] GC(1145)   Merge Heap Roots: 0.74ms
[4225.544s][info][gc,phases      ] GC(1145)   Evacuate Collection Set: 132.79ms
[4225.544s][info][gc,phases      ] GC(1145)   Post Evacuate Collection Set: 0.94ms
[4225.544s][info][gc,phases      ] GC(1145)   Other: 0.09ms
[4225.544s][info][gc,heap        ] GC(1145) Eden regions: 1111->0(1116)
[4225.544s][info][gc,heap        ] GC(1145) Survivor regions: 108->112(153)
[4225.544s][info][gc,heap        ] GC(1145) Old regions: 538->475
[4225.544s][info][gc,heap        ] GC(1145) Humongous regions: 80->80
[4225.544s][info][gc,metaspace   ] GC(1145) Metaspace: 28914K(29376K)->28914K(29376K) NonClass: 24044K(24256K)->24044K(24256K) Class: 4869K(5120K)->4869K(5120K)
[4225.544s][info][gc             ] GC(1145) Pause Young (Mixed) (G1 Evacuation Pause) 3672M->1331M(4096M) 135.088ms
[4225.544s][info][gc,cpu         ] GC(1145) User=0.80s Sys=0.00s Real=0.13s
..[4227.867s][info][gc,start       ] GC(1146) Pause Young (Concurrent Start) (G1 Evacuation Pause)
[4227.867s][info][gc,task        ] GC(1146) Using 6 workers of 6 for evacuation
[4227.988s][info][gc,phases      ] GC(1146)   Pre Evacuate Collection Set: 0.35ms
[4227.988s][info][gc,phases      ] GC(1146)   Merge Heap Roots: 0.54ms
[4227.988s][info][gc,phases      ] GC(1146)   Evacuate Collection Set: 119.82ms
[4227.988s][info][gc,phases      ] GC(1146)   Post Evacuate Collection Set: 0.87ms
[4227.988s][info][gc,phases      ] GC(1146)   Other: 0.12ms
[4227.988s][info][gc,heap        ] GC(1146) Eden regions: 1116->0(1114)
[4227.988s][info][gc,heap        ] GC(1146) Survivor regions: 112->114(154)
[4227.988s][info][gc,heap        ] GC(1146) Old regions: 475->506
[4227.988s][info][gc,heap        ] GC(1146) Humongous regions: 80->80
[4227.988s][info][gc,metaspace   ] GC(1146) Metaspace: 28914K(29376K)->28914K(29376K) NonClass: 24044K(24256K)->24044K(24256K) Class: 4869K(5120K)->4869K(5120K)
[4227.988s][info][gc             ] GC(1146) Pause Young (Concurrent Start) (G1 Evacuation Pause) 3563M->1398M(4096M) 121.829ms
[4227.988s][info][gc             ] GC(1147) Concurrent Mark Cycle
[4227.988s][info][gc,marking     ] GC(1147) Concurrent Scan Root Regions
[4227.988s][info][gc,cpu         ] GC(1146) User=0.73s Sys=0.00s Real=0.12s
[4228.139s][info][gc,marking     ] GC(1147) Concurrent Scan Root Regions 150.249ms
[4228.139s][info][gc,marking     ] GC(1147) Concurrent Mark
[4228.139s][info][gc,marking     ] GC(1147) Concurrent Mark From Roots
[4228.139s][info][gc,task        ] GC(1147) Using 2 workers of 2 for marking
.[4228.932s][info][gc,marking     ] GC(1147) Concurrent Mark From Roots 793.124ms
[4228.932s][info][gc,marking     ] GC(1147) Concurrent Preclean
[4228.932s][info][gc,marking     ] GC(1147) Concurrent Preclean 0.121ms
[4228.933s][info][gc,start       ] GC(1147) Pause Remark
[4228.938s][info][gc             ] GC(1147) Pause Remark 2182M->2182M(4096M) 4.847ms
[4228.938s][info][gc,cpu         ] GC(1147) User=0.02s Sys=0.00s Real=0.00s
[4228.938s][info][gc,marking     ] GC(1147) Concurrent Mark 799.373ms
[4228.938s][info][gc,marking     ] GC(1147) Concurrent Rebuild Remembered Sets and Scrub Regions
[4229.314s][info][gc,marking     ] GC(1147) Concurrent Rebuild Remembered Sets and Scrub Regions 375.511ms
[4229.315s][info][gc,start       ] GC(1147) Pause Cleanup
[4229.315s][info][gc             ] GC(1147) Pause Cleanup 2634M->2634M(4096M) 0.130ms
[4229.315s][info][gc,cpu         ] GC(1147) User=0.00s Sys=0.00s Real=0.00s
[4229.316s][info][gc,marking     ] GC(1147) Concurrent Clear Claimed Marks
[4229.316s][info][gc,marking     ] GC(1147) Concurrent Clear Claimed Marks 0.035ms
[4229.316s][info][gc,marking     ] GC(1147) Concurrent Cleanup for Next Mark
[4229.323s][info][gc,marking     ] GC(1147) Concurrent Cleanup for Next Mark 7.520ms
[4229.323s][info][gc             ] GC(1147) Concurrent Mark Cycle 1335.038ms
.[4230.298s][info][gc,start       ] GC(1148) Pause Young (Prepare Mixed) (G1 Evacuation Pause)
[4230.298s][info][gc,task        ] GC(1148) Using 6 workers of 6 for evacuation
[4230.416s][info][gc,phases      ] GC(1148)   Pre Evacuate Collection Set: 0.30ms
[4230.416s][info][gc,phases      ] GC(1148)   Merge Heap Roots: 0.56ms
[4230.416s][info][gc,phases      ] GC(1148)   Evacuate Collection Set: 115.51ms
[4230.416s][info][gc,phases      ] GC(1148)   Post Evacuate Collection Set: 0.90ms
[4230.416s][info][gc,phases      ] GC(1148)   Other: 0.08ms
[4230.416s][info][gc,heap        ] GC(1148) Eden regions: 1114->0(1108)
[4230.416s][info][gc,heap        ] GC(1148) Survivor regions: 114->109(154)
[4230.416s][info][gc,heap        ] GC(1148) Old regions: 506->539
[4230.416s][info][gc,heap        ] GC(1148) Humongous regions: 80->80
[4230.416s][info][gc,metaspace   ] GC(1148) Metaspace: 28914K(29376K)->28914K(29376K) NonClass: 24044K(24256K)->24044K(24256K) Class: 4869K(5120K)->4869K(5120K)
[4230.416s][info][gc             ] GC(1148) Pause Young (Prepare Mixed) (G1 Evacuation Pause) 3626M->1454M(4096M) 117.509ms
[4230.416s][info][gc,cpu         ] GC(1148) User=0.70s Sys=0.00s Real=0.12s
...[4232.799s][info][gc,start       ] GC(1149) Pause Young (Mixed) (G1 Evacuation Pause)
[4232.799s][info][gc,task        ] GC(1149) Using 6 workers of 6 for evacuation
[4232.935s][info][gc,phases      ] GC(1149)   Pre Evacuate Collection Set: 0.35ms
[4232.935s][info][gc,phases      ] GC(1149)   Merge Heap Roots: 0.72ms
[4232.935s][info][gc,phases      ] GC(1149)   Evacuate Collection Set: 134.02ms
[4232.935s][info][gc,phases      ] GC(1149)   Post Evacuate Collection Set: 0.97ms
[4232.935s][info][gc,phases      ] GC(1149)   Other: 0.09ms
[4232.935s][info][gc,heap        ] GC(1149) Eden regions: 1108->0(1116)
[4232.935s][info][gc,heap        ] GC(1149) Survivor regions: 109->112(153)
[4232.935s][info][gc,heap        ] GC(1149) Old regions: 539->474
[4232.935s][info][gc,heap        ] GC(1149) Humongous regions: 80->80
[4232.935s][info][gc,metaspace   ] GC(1149) Metaspace: 28914K(29376K)->28914K(29376K) NonClass: 24044K(24256K)->24044K(24256K) Class: 4869K(5120K)->4869K(5120K)
[4232.935s][info][gc             ] GC(1149) Pause Young (Mixed) (G1 Evacuation Pause) 3670M->1329M(4096M) 136.274ms
[4232.935s][info][gc,cpu         ] GC(1149) User=0.81s Sys=0.00s Real=0.14s
..[4235.298s][info][gc,start       ] GC(1150) Pause Young (Concurrent Start) (G1 Evacuation Pause)
[4235.298s][info][gc,task        ] GC(1150) Using 6 workers of 6 for evacuation
[4235.418s][info][gc,phases      ] GC(1150)   Pre Evacuate Collection Set: 0.36ms
[4235.418s][info][gc,phases      ] GC(1150)   Merge Heap Roots: 0.52ms
[4235.418s][info][gc,phases      ] GC(1150)   Evacuate Collection Set: 118.22ms
[4235.418s][info][gc,phases      ] GC(1150)   Post Evacuate Collection Set: 0.86ms
[4235.418s][info][gc,phases      ] GC(1150)   Other: 0.11ms
[4235.418s][info][gc,heap        ] GC(1150) Eden regions: 1116->0(1115)
[4235.418s][info][gc,heap        ] GC(1150) Survivor regions: 112->113(154)
[4235.418s][info][gc,heap        ] GC(1150) Old regions: 474->505
[4235.418s][info][gc,heap        ] GC(1150) Humongous regions: 80->80
[4235.418s][info][gc,metaspace   ] GC(1150) Metaspace: 28914K(29376K)->28914K(29376K) NonClass: 24044K(24256K)->24044K(24256K) Class: 4869K(5120K)->4869K(5120K)
[4235.418s][info][gc             ] GC(1150) Pause Young (Concurrent Start) (G1 Evacuation Pause) 3561M->1394M(4096M) 120.220ms
[4235.418s][info][gc             ] GC(1151) Concurrent Mark Cycle
[4235.418s][info][gc,marking     ] GC(1151) Concurrent Scan Root Regions
[4235.418s][info][gc,cpu         ] GC(1150) User=0.71s Sys=0.00s Real=0.12s
.[4235.630s][info][gc,marking     ] GC(1151) Concurrent Scan Root Regions 211.921ms
[4235.630s][info][gc,marking     ] GC(1151) Concurrent Mark
[4235.630s][info][gc,marking     ] GC(1151) Concurrent Mark From Roots
[4235.630s][info][gc,task        ] GC(1151) Using 2 workers of 2 for marking
[4236.623s][info][gc,marking     ] GC(1151) Concurrent Mark From Roots 993.036ms
[4236.623s][info][gc,marking     ] GC(1151) Concurrent Preclean
[4236.623s][info][gc,marking     ] GC(1151) Concurrent Preclean 0.122ms
[4236.623s][info][gc,start       ] GC(1151) Pause Remark
[4236.628s][info][gc             ] GC(1151) Pause Remark 2562M->2562M(4096M) 4.760ms
[4236.628s][info][gc,cpu         ] GC(1151) User=0.02s Sys=0.01s Real=0.00s
[4236.628s][info][gc,marking     ] GC(1151) Concurrent Mark 998.267ms
[4236.628s][info][gc,marking     ] GC(1151) Concurrent Rebuild Remembered Sets and Scrub Regions
.[4237.040s][info][gc,marking     ] GC(1151) Concurrent Rebuild Remembered Sets and Scrub Regions 411.912ms
[4237.040s][info][gc,start       ] GC(1151) Pause Cleanup
[4237.040s][info][gc             ] GC(1151) Pause Cleanup 2931M->2931M(4096M) 0.117ms
[4237.040s][info][gc,cpu         ] GC(1151) User=0.00s Sys=0.00s Real=0.00s
[4237.040s][info][gc,marking     ] GC(1151) Concurrent Clear Claimed Marks
[4237.040s][info][gc,marking     ] GC(1151) Concurrent Clear Claimed Marks 0.027ms
[4237.040s][info][gc,marking     ] GC(1151) Concurrent Cleanup for Next Mark
[4237.046s][info][gc,marking     ] GC(1151) Concurrent Cleanup for Next Mark 5.090ms
[4237.046s][info][gc             ] GC(1151) Concurrent Mark Cycle 1627.720ms
.[4237.762s][info][gc,start       ] GC(1152) Pause Young (Prepare Mixed) (G1 Evacuation Pause)
[4237.762s][info][gc,task        ] GC(1152) Using 6 workers of 6 for evacuation
[4237.884s][info][gc,phases      ] GC(1152)   Pre Evacuate Collection Set: 0.35ms
[4237.884s][info][gc,phases      ] GC(1152)   Merge Heap Roots: 0.60ms
[4237.884s][info][gc,phases      ] GC(1152)   Evacuate Collection Set: 119.94ms
[4237.884s][info][gc,phases      ] GC(1152)   Post Evacuate Collection Set: 0.91ms
[4237.884s][info][gc,phases      ] GC(1152)   Other: 0.09ms
[4237.884s][info][gc,heap        ] GC(1152) Eden regions: 1115->0(1104)
[4237.884s][info][gc,heap        ] GC(1152) Survivor regions: 113->112(154)
[4237.884s][info][gc,heap        ] GC(1152) Old regions: 505->537
[4237.884s][info][gc,heap        ] GC(1152) Humongous regions: 80->80
[4237.884s][info][gc,metaspace   ] GC(1152) Metaspace: 28914K(29376K)->28914K(29376K) NonClass: 24044K(24256K)->24044K(24256K) Class: 4869K(5120K)->4869K(5120K)
[4237.884s][info][gc             ] GC(1152) Pause Young (Prepare Mixed) (G1 Evacuation Pause) 3624M->1455M(4096M) 122.020ms
[4237.884s][info][gc,cpu         ] GC(1152) User=0.73s Sys=0.00s Real=0.12s
..[4240.188s][info][gc,start       ] GC(1153) Pause Young (Mixed) (G1 Evacuation Pause)
[4240.188s][info][gc,task        ] GC(1153) Using 6 workers of 6 for evacuation
[4240.326s][info][gc,phases      ] GC(1153)   Pre Evacuate Collection Set: 0.36ms
[4240.326s][info][gc,phases      ] GC(1153)   Merge Heap Roots: 0.82ms
[4240.326s][info][gc,phases      ] GC(1153)   Evacuate Collection Set: 136.27ms
[4240.326s][info][gc,phases      ] GC(1153)   Post Evacuate Collection Set: 0.95ms
[4240.326s][info][gc,phases      ] GC(1153)   Other: 0.09ms
[4240.326s][info][gc,heap        ] GC(1153) Eden regions: 1104->0(1118)
[4240.326s][info][gc,heap        ] GC(1153) Survivor regions: 112->110(152)
[4240.326s][info][gc,heap        ] GC(1153) Old regions: 537->476
[4240.326s][info][gc,heap        ] GC(1153) Humongous regions: 80->80
[4240.326s][info][gc,metaspace   ] GC(1153) Metaspace: 28914K(29376K)->28914K(29376K) NonClass: 24044K(24256K)->24044K(24256K) Class: 4869K(5120K)->4869K(5120K)
[4240.326s][info][gc             ] GC(1153) Pause Young (Mixed) (G1 Evacuation Pause) 3663M->1331M(4096M) 138.612ms
[4240.327s][info][gc,cpu         ] GC(1153) User=0.83s Sys=0.00s Real=0.14s
..[4242.708s][info][gc,start       ] GC(1154) Pause Young (Concurrent Start) (G1 Evacuation Pause)
[4242.708s][info][gc,task        ] GC(1154) Using 6 workers of 6 for evacuation
[4242.832s][info][gc,phases      ] GC(1154)   Pre Evacuate Collection Set: 0.35ms
[4242.832s][info][gc,phases      ] GC(1154)   Merge Heap Roots: 0.50ms
[4242.832s][info][gc,phases      ] GC(1154)   Evacuate Collection Set: 122.16ms
[4242.832s][info][gc,phases      ] GC(1154)   Post Evacuate Collection Set: 0.88ms
[4242.832s][info][gc,phases      ] GC(1154)   Other: 0.10ms
[4242.832s][info][gc,heap        ] GC(1154) Eden regions: 1118->0(1114)
[4242.832s][info][gc,heap        ] GC(1154) Survivor regions: 110->114(154)
[4242.832s][info][gc,heap        ] GC(1154) Old regions: 476->508
[4242.832s][info][gc,heap        ] GC(1154) Humongous regions: 80->80
[4242.832s][info][gc,metaspace   ] GC(1154) Metaspace: 28914K(29376K)->28914K(29376K) NonClass: 24044K(24256K)->24044K(24256K) Class: 4869K(5120K)->4869K(5120K)
[4242.832s][info][gc             ] GC(1154) Pause Young (Concurrent Start) (G1 Evacuation Pause) 3567M->1402M(4096M) 124.123ms
[4242.832s][info][gc             ] GC(1155) Concurrent Mark Cycle
[4242.832s][info][gc,marking     ] GC(1155) Concurrent Scan Root Regions
[4242.832s][info][gc,cpu         ] GC(1154) User=0.74s Sys=0.00s Real=0.13s
.[4242.981s][info][gc,marking     ] GC(1155) Concurrent Scan Root Regions 148.236ms
[4242.981s][info][gc,marking     ] GC(1155) Concurrent Mark
[4242.981s][info][gc,marking     ] GC(1155) Concurrent Mark From Roots
[4242.981s][info][gc,task        ] GC(1155) Using 2 workers of 2 for marking
[4243.780s][info][gc,marking     ] GC(1155) Concurrent Mark From Roots 799.045ms
[4243.780s][info][gc,marking     ] GC(1155) Concurrent Preclean
[4243.780s][info][gc,marking     ] GC(1155) Concurrent Preclean 0.118ms
[4243.781s][info][gc,start       ] GC(1155) Pause Remark
[4243.786s][info][gc             ] GC(1155) Pause Remark 2168M->2168M(4096M) 5.516ms
[4243.786s][info][gc,cpu         ] GC(1155) User=0.03s Sys=0.00s Real=0.00s
[4243.786s][info][gc,marking     ] GC(1155) Concurrent Mark 805.685ms
[4243.786s][info][gc,marking     ] GC(1155) Concurrent Rebuild Remembered Sets and Scrub Regions
.[4244.055s][info][gc,marking     ] GC(1155) Concurrent Rebuild Remembered Sets and Scrub Regions 268.372ms
[4244.057s][info][gc,start       ] GC(1155) Pause Cleanup
[4244.057s][info][gc             ] GC(1155) Pause Cleanup 2448M->2448M(4096M) 0.133ms
[4244.057s][info][gc,cpu         ] GC(1155) User=0.00s Sys=0.00s Real=0.00s
[4244.057s][info][gc,marking     ] GC(1155) Concurrent Clear Claimed Marks
[4244.057s][info][gc,marking     ] GC(1155) Concurrent Clear Claimed Marks 0.029ms
[4244.057s][info][gc,marking     ] GC(1155) Concurrent Cleanup for Next Mark
[4244.063s][info][gc,marking     ] GC(1155) Concurrent Cleanup for Next Mark 5.691ms
[4244.063s][info][gc             ] GC(1155) Concurrent Mark Cycle 1230.441ms
.[4245.179s][info][gc,start       ] GC(1156) Pause Young (Prepare Mixed) (G1 Evacuation Pause)
[4245.179s][info][gc,task        ] GC(1156) Using 6 workers of 6 for evacuation
[4245.298s][info][gc,phases      ] GC(1156)   Pre Evacuate Collection Set: 0.31ms
[4245.298s][info][gc,phases      ] GC(1156)   Merge Heap Roots: 0.53ms
[4245.298s][info][gc,phases      ] GC(1156)   Evacuate Collection Set: 117.07ms
[4245.298s][info][gc,phases      ] GC(1156)   Post Evacuate Collection Set: 0.89ms
[4245.298s][info][gc,phases      ] GC(1156)   Other: 0.08ms
[4245.298s][info][gc,heap        ] GC(1156) Eden regions: 1114->0(1106)
[4245.298s][info][gc,heap        ] GC(1156) Survivor regions: 114->110(154)
[4245.298s][info][gc,heap        ] GC(1156) Old regions: 508->539
[4245.298s][info][gc,heap        ] GC(1156) Humongous regions: 80->80
[4245.298s][info][gc,metaspace   ] GC(1156) Metaspace: 28914K(29376K)->28914K(29376K) NonClass: 24044K(24256K)->24044K(24256K) Class: 4869K(5120K)->4869K(5120K)
[4245.298s][info][gc             ] GC(1156) Pause Young (Prepare Mixed) (G1 Evacuation Pause) 3630M->1457M(4096M) 119.011ms
[4245.298s][info][gc,cpu         ] GC(1156) User=0.71s Sys=0.00s Real=0.12s
..[4247.691s][info][gc,start       ] GC(1157) Pause Young (Mixed) (G1 Evacuation Pause)
[4247.691s][info][gc,task        ] GC(1157) Using 6 workers of 6 for evacuation
[4247.826s][info][gc,phases      ] GC(1157)   Pre Evacuate Collection Set: 0.38ms
[4247.826s][info][gc,phases      ] GC(1157)   Merge Heap Roots: 0.72ms
[4247.826s][info][gc,phases      ] GC(1157)   Evacuate Collection Set: 133.11ms
[4247.826s][info][gc,phases      ] GC(1157)   Post Evacuate Collection Set: 0.94ms
[4247.826s][info][gc,phases      ] GC(1157)   Other: 0.09ms
[4247.826s][info][gc,heap        ] GC(1157) Eden regions: 1106->0(1116)
[4247.826s][info][gc,heap        ] GC(1157) Survivor regions: 110->112(152)
[4247.826s][info][gc,heap        ] GC(1157) Old regions: 539->475
[4247.826s][info][gc,heap        ] GC(1157) Humongous regions: 80->80
[4247.826s][info][gc,metaspace   ] GC(1157) Metaspace: 28914K(29376K)->28914K(29376K) NonClass: 24044K(24256K)->24044K(24256K) Class: 4869K(5120K)->4869K(5120K)
[4247.826s][info][gc             ] GC(1157) Pause Young (Mixed) (G1 Evacuation Pause) 3669M->1333M(4096M) 135.397ms
[4247.826s][info][gc,cpu         ] GC(1157) User=0.80s Sys=0.00s Real=0.13s
...[4250.217s][info][gc,start       ] GC(1158) Pause Young (Concurrent Start) (G1 Evacuation Pause)
[4250.217s][info][gc,task        ] GC(1158) Using 6 workers of 6 for evacuation
[4250.334s][info][gc,phases      ] GC(1158)   Pre Evacuate Collection Set: 0.45ms
[4250.334s][info][gc,phases      ] GC(1158)   Merge Heap Roots: 0.54ms
[4250.334s][info][gc,phases      ] GC(1158)   Evacuate Collection Set: 115.17ms
[4250.334s][info][gc,phases      ] GC(1158)   Post Evacuate Collection Set: 0.89ms
[4250.334s][info][gc,phases      ] GC(1158)   Other: 0.13ms
[4250.334s][info][gc,heap        ] GC(1158) Eden regions: 1116->0(1118)
[4250.334s][info][gc,heap        ] GC(1158) Survivor regions: 112->110(154)
[4250.334s][info][gc,heap        ] GC(1158) Old regions: 475->506
[4250.334s][info][gc,heap        ] GC(1158) Humongous regions: 80->80
[4250.334s][info][gc,metaspace   ] GC(1158) Metaspace: 28914K(29376K)->28914K(29376K) NonClass: 24044K(24256K)->24044K(24256K) Class: 4869K(5120K)->4869K(5120K)
[4250.334s][info][gc             ] GC(1158) Pause Young (Concurrent Start) (G1 Evacuation Pause) 3565M->1390M(4096M) 117.328ms
[4250.334s][info][gc             ] GC(1159) Concurrent Mark Cycle
[4250.334s][info][gc,marking     ] GC(1159) Concurrent Scan Root Regions
[4250.334s][info][gc,cpu         ] GC(1158) User=0.70s Sys=0.00s Real=0.12s
[4250.513s][info][gc,marking     ] GC(1159) Concurrent Scan Root Regions 178.936ms
[4250.513s][info][gc,marking     ] GC(1159) Concurrent Mark
[4250.513s][info][gc,marking     ] GC(1159) Concurrent Mark From Roots
[4250.513s][info][gc,task        ] GC(1159) Using 2 workers of 2 for marking
.[4251.488s][info][gc,marking     ] GC(1159) Concurrent Mark From Roots 974.127ms
[4251.488s][info][gc,marking     ] GC(1159) Concurrent Preclean
[4251.488s][info][gc,marking     ] GC(1159) Concurrent Preclean 0.093ms
[4251.493s][info][gc,start       ] GC(1159) Pause Remark
[4251.498s][info][gc             ] GC(1159) Pause Remark 2412M->2412M(4096M) 5.279ms
[4251.498s][info][gc,cpu         ] GC(1159) User=0.03s Sys=0.00s Real=0.00s
[4251.498s][info][gc,marking     ] GC(1159) Concurrent Mark 984.825ms
[4251.498s][info][gc,marking     ] GC(1159) Concurrent Rebuild Remembered Sets and Scrub Regions
[4251.872s][info][gc,marking     ] GC(1159) Concurrent Rebuild Remembered Sets and Scrub Regions 373.284ms
[4251.872s][info][gc,start       ] GC(1159) Pause Cleanup
[4251.872s][info][gc             ] GC(1159) Pause Cleanup 2766M->2766M(4096M) 0.117ms
[4251.872s][info][gc,cpu         ] GC(1159) User=0.00s Sys=0.00s Real=0.00s
[4251.872s][info][gc,marking     ] GC(1159) Concurrent Clear Claimed Marks
[4251.872s][info][gc,marking     ] GC(1159) Concurrent Clear Claimed Marks 0.037ms
[4251.872s][info][gc,marking     ] GC(1159) Concurrent Cleanup for Next Mark
[4251.928s][info][gc,marking     ] GC(1159) Concurrent Cleanup for Next Mark 55.918ms
[4251.928s][info][gc             ] GC(1159) Concurrent Mark Cycle 1594.025ms
.[4252.652s][info][gc,start       ] GC(1160) Pause Young (Prepare Mixed) (G1 Evacuation Pause)
[4252.652s][info][gc,task        ] GC(1160) Using 6 workers of 6 for evacuation
[4252.773s][info][gc,phases      ] GC(1160)   Pre Evacuate Collection Set: 0.33ms
[4252.773s][info][gc,phases      ] GC(1160)   Merge Heap Roots: 0.63ms
[4252.773s][info][gc,phases      ] GC(1160)   Evacuate Collection Set: 118.85ms
[4252.773s][info][gc,phases      ] GC(1160)   Post Evacuate Collection Set: 0.90ms
[4252.773s][info][gc,phases      ] GC(1160)   Other: 0.09ms
[4252.773s][info][gc,heap        ] GC(1160) Eden regions: 1118->0(1105)
[4252.773s][info][gc,heap        ] GC(1160) Survivor regions: 110->111(154)
[4252.773s][info][gc,heap        ] GC(1160) Old regions: 506->538
[4252.773s][info][gc,heap        ] GC(1160) Humongous regions: 80->80
[4252.773s][info][gc,metaspace   ] GC(1160) Metaspace: 28914K(29376K)->28914K(29376K) NonClass: 24044K(24256K)->24044K(24256K) Class: 4869K(5120K)->4869K(5120K)
[4252.773s][info][gc             ] GC(1160) Pause Young (Prepare Mixed) (G1 Evacuation Pause) 3626M->1455M(4096M) 120.945ms
[4252.773s][info][gc,cpu         ] GC(1160) User=0.72s Sys=0.00s Real=0.12s
...[4255.124s][info][gc,start       ] GC(1161) Pause Young (Mixed) (G1 Evacuation Pause)
[4255.124s][info][gc,task        ] GC(1161) Using 6 workers of 6 for evacuation
[4255.256s][info][gc,phases      ] GC(1161)   Pre Evacuate Collection Set: 0.36ms
[4255.256s][info][gc,phases      ] GC(1161)   Merge Heap Roots: 0.71ms
[4255.256s][info][gc,phases      ] GC(1161)   Evacuate Collection Set: 129.66ms
[4255.256s][info][gc,phases      ] GC(1161)   Post Evacuate Collection Set: 0.90ms
[4255.256s][info][gc,phases      ] GC(1161)   Other: 0.09ms
[4255.256s][info][gc,heap        ] GC(1161) Eden regions: 1105->0(1121)
[4255.256s][info][gc,heap        ] GC(1161) Survivor regions: 111->107(152)
[4255.256s][info][gc,heap        ] GC(1161) Old regions: 538->475
[4255.256s][info][gc,heap        ] GC(1161) Humongous regions: 80->80
[4255.256s][info][gc,metaspace   ] GC(1161) Metaspace: 28914K(29376K)->28914K(29376K) NonClass: 24044K(24256K)->24044K(24256K) Class: 4869K(5120K)->4869K(5120K)
[4255.256s][info][gc             ] GC(1161) Pause Young (Mixed) (G1 Evacuation Pause) 3665M->1322M(4096M) 131.841ms
[4255.256s][info][gc,cpu         ] GC(1161) User=0.78s Sys=0.00s Real=0.13s
..[4257.589s][info][gc,start       ] GC(1162) Pause Young (Concurrent Start) (G1 Evacuation Pause)
[4257.589s][info][gc,task        ] GC(1162) Using 6 workers of 6 for evacuation
[4257.708s][info][gc,phases      ] GC(1162)   Pre Evacuate Collection Set: 0.39ms
[4257.708s][info][gc,phases      ] GC(1162)   Merge Heap Roots: 0.53ms
[4257.708s][info][gc,phases      ] GC(1162)   Evacuate Collection Set: 116.61ms
[4257.708s][info][gc,phases      ] GC(1162)   Post Evacuate Collection Set: 0.86ms
[4257.708s][info][gc,phases      ] GC(1162)   Other: 0.12ms
[4257.708s][info][gc,heap        ] GC(1162) Eden regions: 1121->0(1117)
[4257.708s][info][gc,heap        ] GC(1162) Survivor regions: 107->111(154)
[4257.708s][info][gc,heap        ] GC(1162) Old regions: 475->505
[4257.708s][info][gc,heap        ] GC(1162) Humongous regions: 80->80
[4257.708s][info][gc,metaspace   ] GC(1162) Metaspace: 28914K(29376K)->28914K(29376K) NonClass: 24044K(24256K)->24044K(24256K) Class: 4869K(5120K)->4869K(5120K)
[4257.708s][info][gc             ] GC(1162) Pause Young (Concurrent Start) (G1 Evacuation Pause) 3564M->1389M(4096M) 118.637ms
[4257.708s][info][gc             ] GC(1163) Concurrent Mark Cycle
[4257.708s][info][gc,marking     ] GC(1163) Concurrent Scan Root Regions
[4257.708s][info][gc,cpu         ] GC(1162) User=0.70s Sys=0.00s Real=0.12s
[4257.849s][info][gc,marking     ] GC(1163) Concurrent Scan Root Regions 141.147ms
[4257.849s][info][gc,marking     ] GC(1163) Concurrent Mark
[4257.849s][info][gc,marking     ] GC(1163) Concurrent Mark From Roots
[4257.849s][info][gc,task        ] GC(1163) Using 2 workers of 2 for marking
. (rIR:aIR:PR = 7610:7585:7586) (tPR = 112164) [OK] 
  4257s: Performance info:
         Transaction,    Success,    Partial,     Failed,   Receipts, AvgBarcode, 
             Overall,     455338,          0,          0,     432549,      59.48, 
         Response times:
             Request,    Success,    Partial,     Failed,   SkipFail,     Probes,    Samples,      min,      p50,      p90,      p95,      p99,      max, 
       TotalPurchase,     432729,          0,          0,          0,     347522,     413739,      300,     6600,   118000,   167000,   252000,   452000,
     InStorePurchase,     228592,          0,          0,          0,     182780,     217437,      300,     6600,   119000,   167000,   252000,   452000,
      OnlinePurchase,     158472,          0,          0,          0,     127883,     152685,      300,     6600,   118000,   166000,   251000,   450000,
        InstPurchase,      45665,          0,          0,          0,      36859,      43617,      300,     6700,   118000,   168000,   255000,   415000,
          AssocOfCat,        454,          0,          0,          0,        365,        497,    26000,    48000,   185000,   247500,   322080,   481000,
      AssocOfProduct,       4537,          0,          0,          0,       4178,       5131,     1000,     7200,   112800,   164000,   250000,   415000,
      BusinessReport,       1141,          0,          0,          0,        977,       1276,    30000,    50000,   191000,   237000,   332070,   412000,
          CustBuyBeh,       4539,          0,          0,          0,       4171,       5207,      900,     6000,   115000,   164000,   253000,   423000,
       ProductReturn,      12070,          0,          0,          0,       9058,      10866,      200,     5900,   111000,   158000,   238000,   415000,

  4257s: (56%)   IR =   7749 [4258.656s][info][gc,marking     ] GC(1163) Concurrent Mark From Roots 806.533ms
[4258.656s][info][gc,marking     ] GC(1163) Concurrent Preclean
[4258.656s][info][gc,marking     ] GC(1163) Concurrent Preclean 0.083ms
[4258.656s][info][gc,start       ] GC(1163) Pause Remark
[4258.661s][info][gc             ] GC(1163) Pause Remark 2176M->2176M(4096M) 5.070ms
[4258.661s][info][gc,cpu         ] GC(1163) User=0.03s Sys=0.00s Real=0.01s
[4258.662s][info][gc,marking     ] GC(1163) Concurrent Mark 812.788ms
[4258.662s][info][gc,marking     ] GC(1163) Concurrent Rebuild Remembered Sets and Scrub Regions
[4258.987s][info][gc,marking     ] GC(1163) Concurrent Rebuild Remembered Sets and Scrub Regions 325.090ms
[4258.987s][info][gc,start       ] GC(1163) Pause Cleanup
[4258.987s][info][gc             ] GC(1163) Pause Cleanup 2478M->2478M(4096M) 0.120ms
[4258.987s][info][gc,cpu         ] GC(1163) User=0.00s Sys=0.00s Real=0.00s
[4258.988s][info][gc,marking     ] GC(1163) Concurrent Clear Claimed Marks
[4258.988s][info][gc,marking     ] GC(1163) Concurrent Clear Claimed Marks 0.043ms
[4258.988s][info][gc,marking     ] GC(1163) Concurrent Cleanup for Next Mark
[4258.992s][info][gc,marking     ] GC(1163) Concurrent Cleanup for Next Mark 3.585ms
[4258.992s][info][gc             ] GC(1163) Concurrent Mark Cycle 1283.983ms
..[4260.204s][info][gc,start       ] GC(1164) Pause Young (Prepare Mixed) (G1 Evacuation Pause)
[4260.204s][info][gc,task        ] GC(1164) Using 6 workers of 6 for evacuation
[4260.322s][info][gc,phases      ] GC(1164)   Pre Evacuate Collection Set: 0.31ms
[4260.322s][info][gc,phases      ] GC(1164)   Merge Heap Roots: 0.57ms
[4260.322s][info][gc,phases      ] GC(1164)   Evacuate Collection Set: 116.07ms
[4260.322s][info][gc,phases      ] GC(1164)   Post Evacuate Collection Set: 0.96ms
[4260.322s][info][gc,phases      ] GC(1164)   Other: 0.09ms
[4260.322s][info][gc,heap        ] GC(1164) Eden regions: 1117->0(1108)
[4260.322s][info][gc,heap        ] GC(1164) Survivor regions: 111->110(154)
[4260.322s][info][gc,heap        ] GC(1164) Old regions: 505->537
[4260.322s][info][gc,heap        ] GC(1164) Humongous regions: 80->80
[4260.322s][info][gc,metaspace   ] GC(1164) Metaspace: 28914K(29376K)->28914K(29376K) NonClass: 24044K(24256K)->24044K(24256K) Class: 4869K(5120K)->4869K(5120K)
[4260.322s][info][gc             ] GC(1164) Pause Young (Prepare Mixed) (G1 Evacuation Pause) 3623M->1452M(4096M) 118.134ms
[4260.322s][info][gc,cpu         ] GC(1164) User=0.70s Sys=0.00s Real=0.12s
..[4262.612s][info][gc,start       ] GC(1165) Pause Young (Mixed) (G1 Evacuation Pause)
[4262.612s][info][gc,task        ] GC(1165) Using 6 workers of 6 for evacuation
[4262.751s][info][gc,phases      ] GC(1165)   Pre Evacuate Collection Set: 0.34ms
[4262.751s][info][gc,phases      ] GC(1165)   Merge Heap Roots: 0.71ms
[4262.751s][info][gc,phases      ] GC(1165)   Evacuate Collection Set: 137.41ms
[4262.751s][info][gc,phases      ] GC(1165)   Post Evacuate Collection Set: 0.94ms
[4262.751s][info][gc,phases      ] GC(1165)   Other: 0.08ms
[4262.751s][info][gc,heap        ] GC(1165) Eden regions: 1108->0(1113)
[4262.751s][info][gc,heap        ] GC(1165) Survivor regions: 110->115(153)
[4262.751s][info][gc,heap        ] GC(1165) Old regions: 537->473
[4262.751s][info][gc,heap        ] GC(1165) Humongous regions: 80->80
[4262.751s][info][gc,metaspace   ] GC(1165) Metaspace: 28914K(29376K)->28914K(29376K) NonClass: 24044K(24256K)->24044K(24256K) Class: 4869K(5120K)->4869K(5120K)
[4262.751s][info][gc             ] GC(1165) Pause Young (Mixed) (G1 Evacuation Pause) 3668M->1334M(4096M) 139.617ms
[4262.751s][info][gc,cpu         ] GC(1165) User=0.83s Sys=0.00s Real=0.14s
..[4265.065s][info][gc,start       ] GC(1166) Pause Young (Concurrent Start) (G1 Evacuation Pause)
[4265.065s][info][gc,task        ] GC(1166) Using 6 workers of 6 for evacuation
[4265.182s][info][gc,phases      ] GC(1166)   Pre Evacuate Collection Set: 0.36ms
[4265.182s][info][gc,phases      ] GC(1166)   Merge Heap Roots: 0.54ms
[4265.182s][info][gc,phases      ] GC(1166)   Evacuate Collection Set: 115.26ms
[4265.182s][info][gc,phases      ] GC(1166)   Post Evacuate Collection Set: 0.87ms
[4265.182s][info][gc,phases      ] GC(1166)   Other: 0.10ms
[4265.182s][info][gc,heap        ] GC(1166) Eden regions: 1113->0(1121)
[4265.182s][info][gc,heap        ] GC(1166) Survivor regions: 115->107(154)
[4265.182s][info][gc,heap        ] GC(1166) Old regions: 473->505
[4265.182s][info][gc,heap        ] GC(1166) Humongous regions: 80->80
[4265.182s][info][gc,metaspace   ] GC(1166) Metaspace: 28914K(29376K)->28914K(29376K) NonClass: 24044K(24256K)->24044K(24256K) Class: 4869K(5120K)->4869K(5120K)
[4265.182s][info][gc             ] GC(1166) Pause Young (Concurrent Start) (G1 Evacuation Pause) 3560M->1383M(4096M) 117.267ms
[4265.182s][info][gc             ] GC(1167) Concurrent Mark Cycle
[4265.182s][info][gc,marking     ] GC(1167) Concurrent Scan Root Regions
[4265.182s][info][gc,cpu         ] GC(1166) User=0.70s Sys=0.00s Real=0.12s
.[4265.409s][info][gc,marking     ] GC(1167) Concurrent Scan Root Regions 227.295ms
[4265.409s][info][gc,marking     ] GC(1167) Concurrent Mark
[4265.409s][info][gc,marking     ] GC(1167) Concurrent Mark From Roots
[4265.409s][info][gc,task        ] GC(1167) Using 2 workers of 2 for marking
.[4266.377s][info][gc,marking     ] GC(1167) Concurrent Mark From Roots 967.791ms
[4266.377s][info][gc,marking     ] GC(1167) Concurrent Preclean
[4266.377s][info][gc,marking     ] GC(1167) Concurrent Preclean 0.117ms
[4266.377s][info][gc,start       ] GC(1167) Pause Remark
[4266.385s][info][gc             ] GC(1167) Pause Remark 2524M->2524M(4096M) 7.203ms
[4266.385s][info][gc,cpu         ] GC(1167) User=0.04s Sys=0.00s Real=0.01s
[4266.385s][info][gc,marking     ] GC(1167) Concurrent Mark 975.412ms
[4266.385s][info][gc,marking     ] GC(1167) Concurrent Rebuild Remembered Sets and Scrub Regions
[4266.784s][info][gc,marking     ] GC(1167) Concurrent Rebuild Remembered Sets and Scrub Regions 398.902ms
[4266.784s][info][gc,start       ] GC(1167) Pause Cleanup
[4266.784s][info][gc             ] GC(1167) Pause Cleanup 2872M->2872M(4096M) 0.113ms
[4266.784s][info][gc,cpu         ] GC(1167) User=0.00s Sys=0.00s Real=0.00s
[4266.784s][info][gc,marking     ] GC(1167) Concurrent Clear Claimed Marks
[4266.784s][info][gc,marking     ] GC(1167) Concurrent Clear Claimed Marks 0.027ms
[4266.784s][info][gc,marking     ] GC(1167) Concurrent Cleanup for Next Mark
[4266.789s][info][gc,marking     ] GC(1167) Concurrent Cleanup for Next Mark 5.271ms
[4266.789s][info][gc             ] GC(1167) Concurrent Mark Cycle 1607.429ms
.[4267.521s][info][gc,start       ] GC(1168) Pause Young (Prepare Mixed) (G1 Evacuation Pause)
[4267.521s][info][gc,task        ] GC(1168) Using 6 workers of 6 for evacuation
[4267.645s][info][gc,phases      ] GC(1168)   Pre Evacuate Collection Set: 0.29ms
[4267.645s][info][gc,phases      ] GC(1168)   Merge Heap Roots: 0.58ms
[4267.645s][info][gc,phases      ] GC(1168)   Evacuate Collection Set: 121.30ms
[4267.645s][info][gc,phases      ] GC(1168)   Post Evacuate Collection Set: 0.92ms
[4267.645s][info][gc,phases      ] GC(1168)   Other: 0.08ms
[4267.645s][info][gc,heap        ] GC(1168) Eden regions: 1121->0(1104)
[4267.645s][info][gc,heap        ] GC(1168) Survivor regions: 107->112(154)
[4267.645s][info][gc,heap        ] GC(1168) Old regions: 505->537
[4267.645s][info][gc,heap        ] GC(1168) Humongous regions: 80->80
[4267.645s][info][gc,metaspace   ] GC(1168) Metaspace: 28914K(29376K)->28914K(29376K) NonClass: 24044K(24256K)->24044K(24256K) Class: 4869K(5120K)->4869K(5120K)
[4267.645s][info][gc             ] GC(1168) Pause Young (Prepare Mixed) (G1 Evacuation Pause) 3625M->1456M(4096M) 123.318ms
[4267.645s][info][gc,cpu         ] GC(1168) User=0.74s Sys=0.00s Real=0.12s
..|[4269.934s][info][gc,start       ] GC(1169) Pause Young (Mixed) (G1 Evacuation Pause)
[4269.934s][info][gc,task        ] GC(1169) Using 6 workers of 6 for evacuation
[4270.070s][info][gc,phases      ] GC(1169)   Pre Evacuate Collection Set: 0.34ms
[4270.070s][info][gc,phases      ] GC(1169)   Merge Heap Roots: 0.77ms
[4270.070s][info][gc,phases      ] GC(1169)   Evacuate Collection Set: 134.11ms
[4270.070s][info][gc,phases      ] GC(1169)   Post Evacuate Collection Set: 0.98ms
[4270.070s][info][gc,phases      ] GC(1169)   Other: 0.09ms
[4270.070s][info][gc,heap        ] GC(1169) Eden regions: 1104->0(1117)
[4270.070s][info][gc,heap        ] GC(1169) Survivor regions: 112->111(152)
[4270.070s][info][gc,heap        ] GC(1169) Old regions: 537->476
[4270.070s][info][gc,heap        ] GC(1169) Humongous regions: 80->80
[4270.070s][info][gc,metaspace   ] GC(1169) Metaspace: 28914K(29376K)->28914K(29376K) NonClass: 24044K(24256K)->24044K(24256K) Class: 4869K(5120K)->4869K(5120K)
[4270.070s][info][gc             ] GC(1169) Pause Young (Mixed) (G1 Evacuation Pause) 3664M->1332M(4096M) 136.418ms
[4270.070s][info][gc,cpu         ] GC(1169) User=0.81s Sys=0.00s Real=0.14s
...[4272.421s][info][gc,start       ] GC(1170) Pause Young (Concurrent Start) (G1 Evacuation Pause)
[4272.421s][info][gc,task        ] GC(1170) Using 6 workers of 6 for evacuation
[4272.538s][info][gc,phases      ] GC(1170)   Pre Evacuate Collection Set: 0.34ms
[4272.538s][info][gc,phases      ] GC(1170)   Merge Heap Roots: 0.50ms
[4272.538s][info][gc,phases      ] GC(1170)   Evacuate Collection Set: 115.67ms
[4272.538s][info][gc,phases      ] GC(1170)   Post Evacuate Collection Set: 0.87ms
[4272.538s][info][gc,phases      ] GC(1170)   Other: 0.10ms
[4272.538s][info][gc,heap        ] GC(1170) Eden regions: 1117->0(1119)
[4272.538s][info][gc,heap        ] GC(1170) Survivor regions: 111->109(154)
[4272.538s][info][gc,heap        ] GC(1170) Old regions: 476->508
[4272.538s][info][gc,heap        ] GC(1170) Humongous regions: 80->80
[4272.538s][info][gc,metaspace   ] GC(1170) Metaspace: 28914K(29376K)->28914K(29376K) NonClass: 24044K(24256K)->24044K(24256K) Class: 4869K(5120K)->4869K(5120K)
[4272.539s][info][gc             ] GC(1170) Pause Young (Concurrent Start) (G1 Evacuation Pause) 3566M->1393M(4096M) 117.605ms
[4272.539s][info][gc             ] GC(1171) Concurrent Mark Cycle
[4272.539s][info][gc,marking     ] GC(1171) Concurrent Scan Root Regions
[4272.539s][info][gc,cpu         ] GC(1170) User=0.70s Sys=0.00s Real=0.11s
[4272.693s][info][gc,marking     ] GC(1171) Concurrent Scan Root Regions 154.043ms
[4272.693s][info][gc,marking     ] GC(1171) Concurrent Mark
[4272.693s][info][gc,marking     ] GC(1171) Concurrent Mark From Roots
[4272.693s][info][gc,task        ] GC(1171) Using 2 workers of 2 for marking
.[4273.486s][info][gc,marking     ] GC(1171) Concurrent Mark From Roots 793.585ms
[4273.486s][info][gc,marking     ] GC(1171) Concurrent Preclean
[4273.486s][info][gc,marking     ] GC(1171) Concurrent Preclean 0.088ms
[4273.489s][info][gc,start       ] GC(1171) Pause Remark
[4273.495s][info][gc             ] GC(1171) Pause Remark 2323M->2323M(4096M) 5.779ms
[4273.495s][info][gc,cpu         ] GC(1171) User=0.04s Sys=0.00s Real=0.01s
[4273.495s][info][gc,marking     ] GC(1171) Concurrent Mark 802.174ms
[4273.495s][info][gc,marking     ] GC(1171) Concurrent Rebuild Remembered Sets and Scrub Regions
[4273.763s][info][gc,marking     ] GC(1171) Concurrent Rebuild Remembered Sets and Scrub Regions 267.832ms
[4273.763s][info][gc,start       ] GC(1171) Pause Cleanup
[4273.763s][info][gc             ] GC(1171) Pause Cleanup 2518M->2518M(4096M) 0.124ms
[4273.763s][info][gc,cpu         ] GC(1171) User=0.00s Sys=0.00s Real=0.00s
[4273.763s][info][gc,marking     ] GC(1171) Concurrent Clear Claimed Marks
[4273.763s][info][gc,marking     ] GC(1171) Concurrent Clear Claimed Marks 0.032ms
[4273.763s][info][gc,marking     ] GC(1171) Concurrent Cleanup for Next Mark
[4273.768s][info][gc,marking     ] GC(1171) Concurrent Cleanup for Next Mark 4.503ms
[4273.768s][info][gc             ] GC(1171) Concurrent Mark Cycle 1229.206ms
.[4274.854s][info][gc,start       ] GC(1172) Pause Young (Prepare Mixed) (G1 Evacuation Pause)
[4274.854s][info][gc,task        ] GC(1172) Using 6 workers of 6 for evacuation
[4274.975s][info][gc,phases      ] GC(1172)   Pre Evacuate Collection Set: 0.34ms
[4274.975s][info][gc,phases      ] GC(1172)   Merge Heap Roots: 0.60ms
[4274.975s][info][gc,phases      ] GC(1172)   Evacuate Collection Set: 119.31ms
[4274.975s][info][gc,phases      ] GC(1172)   Post Evacuate Collection Set: 0.90ms
[4274.975s][info][gc,phases      ] GC(1172)   Other: 0.09ms
[4274.975s][info][gc,heap        ] GC(1172) Eden regions: 1119->0(1100)
[4274.975s][info][gc,heap        ] GC(1172) Survivor regions: 109->113(154)
[4274.975s][info][gc,heap        ] GC(1172) Old regions: 508->539
[4274.975s][info][gc,heap        ] GC(1172) Humongous regions: 80->80
[4274.975s][info][gc,metaspace   ] GC(1172) Metaspace: 28914K(29376K)->28914K(29376K) NonClass: 24044K(24256K)->24044K(24256K) Class: 4869K(5120K)->4869K(5120K)
[4274.975s][info][gc             ] GC(1172) Pause Young (Prepare Mixed) (G1 Evacuation Pause) 3631M->1463M(4096M) 121.379ms
[4274.975s][info][gc,cpu         ] GC(1172) User=0.72s Sys=0.00s Real=0.12s
..[4277.243s][info][gc,start       ] GC(1173) Pause Young (Mixed) (G1 Evacuation Pause)
[4277.243s][info][gc,task        ] GC(1173) Using 6 workers of 6 for evacuation
[4277.380s][info][gc,phases      ] GC(1173)   Pre Evacuate Collection Set: 0.35ms
[4277.380s][info][gc,phases      ] GC(1173)   Merge Heap Roots: 0.67ms
[4277.380s][info][gc,phases      ] GC(1173)   Evacuate Collection Set: 135.17ms
[4277.380s][info][gc,phases      ] GC(1173)   Post Evacuate Collection Set: 0.96ms
[4277.380s][info][gc,phases      ] GC(1173)   Other: 0.09ms
[4277.380s][info][gc,heap        ] GC(1173) Eden regions: 1100->0(1114)
[4277.380s][info][gc,heap        ] GC(1173) Survivor regions: 113->114(152)
[4277.380s][info][gc,heap        ] GC(1173) Old regions: 539->475
[4277.380s][info][gc,heap        ] GC(1173) Humongous regions: 80->80
[4277.380s][info][gc,metaspace   ] GC(1173) Metaspace: 28914K(29376K)->28914K(29376K) NonClass: 24044K(24256K)->24044K(24256K) Class: 4869K(5120K)->4869K(5120K)
[4277.380s][info][gc             ] GC(1173) Pause Young (Mixed) (G1 Evacuation Pause) 3663M->1336M(4096M) 137.369ms
[4277.380s][info][gc,cpu         ] GC(1173) User=0.82s Sys=0.00s Real=0.14s
...[4279.685s][info][gc,start       ] GC(1174) Pause Young (Concurrent Start) (G1 Evacuation Pause)
[4279.685s][info][gc,task        ] GC(1174) Using 6 workers of 6 for evacuation
[4279.805s][info][gc,phases      ] GC(1174)   Pre Evacuate Collection Set: 0.35ms
[4279.805s][info][gc,phases      ] GC(1174)   Merge Heap Roots: 0.50ms
[4279.805s][info][gc,phases      ] GC(1174)   Evacuate Collection Set: 117.88ms
[4279.805s][info][gc,phases      ] GC(1174)   Post Evacuate Collection Set: 0.89ms
[4279.805s][info][gc,phases      ] GC(1174)   Other: 0.09ms
[4279.805s][info][gc,heap        ] GC(1174) Eden regions: 1114->0(1118)
[4279.805s][info][gc,heap        ] GC(1174) Survivor regions: 114->110(154)
[4279.805s][info][gc,heap        ] GC(1174) Old regions: 475->507
[4279.805s][info][gc,heap        ] GC(1174) Humongous regions: 80->80
[4279.805s][info][gc,metaspace   ] GC(1174) Metaspace: 28914K(29376K)->28914K(29376K) NonClass: 24044K(24256K)->24044K(24256K) Class: 4869K(5120K)->4869K(5120K)
[4279.805s][info][gc             ] GC(1174) Pause Young (Concurrent Start) (G1 Evacuation Pause) 3564M->1393M(4096M) 119.839ms
[4279.805s][info][gc             ] GC(1175) Concurrent Mark Cycle
[4279.805s][info][gc,marking     ] GC(1175) Concurrent Scan Root Regions
[4279.805s][info][gc,cpu         ] GC(1174) User=0.71s Sys=0.00s Real=0.12s
[4279.952s][info][gc,marking     ] GC(1175) Concurrent Scan Root Regions 147.502ms
[4279.952s][info][gc,marking     ] GC(1175) Concurrent Mark
[4279.952s][info][gc,marking     ] GC(1175) Concurrent Mark From Roots
[4279.952s][info][gc,task        ] GC(1175) Using 2 workers of 2 for marking
.[4280.976s][info][gc,marking     ] GC(1175) Concurrent Mark From Roots 1023.845ms
[4280.976s][info][gc,marking     ] GC(1175) Concurrent Preclean
[4280.976s][info][gc,marking     ] GC(1175) Concurrent Preclean 0.092ms
[4280.977s][info][gc,start       ] GC(1175) Pause Remark
[4280.984s][info][gc             ] GC(1175) Pause Remark 2498M->2498M(4096M) 7.292ms
[4280.984s][info][gc,cpu         ] GC(1175) User=0.04s Sys=0.00s Real=0.01s
[4280.984s][info][gc,marking     ] GC(1175) Concurrent Mark 1031.708ms
[4280.984s][info][gc,marking     ] GC(1175) Concurrent Rebuild Remembered Sets and Scrub Regions
[4281.351s][info][gc,marking     ] GC(1175) Concurrent Rebuild Remembered Sets and Scrub Regions 367.137ms
[4281.351s][info][gc,start       ] GC(1175) Pause Cleanup
[4281.352s][info][gc             ] GC(1175) Pause Cleanup 2879M->2879M(4096M) 0.113ms
[4281.352s][info][gc,cpu         ] GC(1175) User=0.00s Sys=0.00s Real=0.00s
[4281.352s][info][gc,marking     ] GC(1175) Concurrent Clear Claimed Marks
[4281.352s][info][gc,marking     ] GC(1175) Concurrent Clear Claimed Marks 0.026ms
[4281.352s][info][gc,marking     ] GC(1175) Concurrent Cleanup for Next Mark
[4281.356s][info][gc,marking     ] GC(1175) Concurrent Cleanup for Next Mark 4.524ms
[4281.356s][info][gc             ] GC(1175) Concurrent Mark Cycle 1551.429ms
.[4282.157s][info][gc,start       ] GC(1176) Pause Young (Prepare Mixed) (G1 Evacuation Pause)
[4282.157s][info][gc,task        ] GC(1176) Using 6 workers of 6 for evacuation
[4282.274s][info][gc,phases      ] GC(1176)   Pre Evacuate Collection Set: 0.31ms
[4282.274s][info][gc,phases      ] GC(1176)   Merge Heap Roots: 0.60ms
[4282.274s][info][gc,phases      ] GC(1176)   Evacuate Collection Set: 115.04ms
[4282.274s][info][gc,phases      ] GC(1176)   Post Evacuate Collection Set: 0.92ms
[4282.274s][info][gc,phases      ] GC(1176)   Other: 0.09ms
[4282.274s][info][gc,heap        ] GC(1176) Eden regions: 1118->0(1108)
[4282.274s][info][gc,heap        ] GC(1176) Survivor regions: 110->109(154)
[4282.274s][info][gc,heap        ] GC(1176) Old regions: 507->539
[4282.274s][info][gc,heap        ] GC(1176) Humongous regions: 80->80
[4282.274s][info][gc,metaspace   ] GC(1176) Metaspace: 28914K(29376K)->28914K(29376K) NonClass: 24044K(24256K)->24044K(24256K) Class: 4869K(5120K)->4869K(5120K)
[4282.274s][info][gc             ] GC(1176) Pause Young (Prepare Mixed) (G1 Evacuation Pause) 3629M->1454M(4096M) 117.112ms
[4282.274s][info][gc,cpu         ] GC(1176) User=0.70s Sys=0.00s Real=0.12s
...[4284.602s][info][gc,start       ] GC(1177) Pause Young (Mixed) (G1 Evacuation Pause)
[4284.602s][info][gc,task        ] GC(1177) Using 6 workers of 6 for evacuation
[4284.742s][info][gc,phases      ] GC(1177)   Pre Evacuate Collection Set: 0.34ms
[4284.742s][info][gc,phases      ] GC(1177)   Merge Heap Roots: 0.70ms
[4284.742s][info][gc,phases      ] GC(1177)   Evacuate Collection Set: 138.49ms
[4284.742s][info][gc,phases      ] GC(1177)   Post Evacuate Collection Set: 0.93ms
[4284.743s][info][gc,phases      ] GC(1177)   Other: 0.09ms
[4284.743s][info][gc,heap        ] GC(1177) Eden regions: 1108->0(1113)
[4284.743s][info][gc,heap        ] GC(1177) Survivor regions: 109->115(153)
[4284.743s][info][gc,heap        ] GC(1177) Old regions: 539->476
[4284.743s][info][gc,heap        ] GC(1177) Humongous regions: 80->80
[4284.743s][info][gc,metaspace   ] GC(1177) Metaspace: 28914K(29376K)->28914K(29376K) NonClass: 24044K(24256K)->24044K(24256K) Class: 4869K(5120K)->4869K(5120K)
[4284.743s][info][gc             ] GC(1177) Pause Young (Mixed) (G1 Evacuation Pause) 3670M->1339M(4096M) 140.677ms
[4284.743s][info][gc,cpu         ] GC(1177) User=0.84s Sys=0.00s Real=0.14s
..[4287.058s][info][gc,start       ] GC(1178) Pause Young (Concurrent Start) (G1 Evacuation Pause)
[4287.058s][info][gc,task        ] GC(1178) Using 6 workers of 6 for evacuation
[4287.178s][info][gc,phases      ] GC(1178)   Pre Evacuate Collection Set: 0.35ms
[4287.178s][info][gc,phases      ] GC(1178)   Merge Heap Roots: 0.51ms
[4287.178s][info][gc,phases      ] GC(1178)   Evacuate Collection Set: 118.71ms
[4287.178s][info][gc,phases      ] GC(1178)   Post Evacuate Collection Set: 0.87ms
[4287.178s][info][gc,phases      ] GC(1178)   Other: 0.11ms
[4287.178s][info][gc,heap        ] GC(1178) Eden regions: 1113->0(1118)
[4287.178s][info][gc,heap        ] GC(1178) Survivor regions: 115->110(154)
[4287.178s][info][gc,heap        ] GC(1178) Old regions: 476->508
[4287.178s][info][gc,heap        ] GC(1178) Humongous regions: 80->80
[4287.178s][info][gc,metaspace   ] GC(1178) Metaspace: 28914K(29376K)->28914K(29376K) NonClass: 24044K(24256K)->24044K(24256K) Class: 4869K(5120K)->4869K(5120K)
[4287.178s][info][gc             ] GC(1178) Pause Young (Concurrent Start) (G1 Evacuation Pause) 3565M->1393M(4096M) 120.687ms
[4287.178s][info][gc             ] GC(1179) Concurrent Mark Cycle
[4287.178s][info][gc,marking     ] GC(1179) Concurrent Scan Root Regions
[4287.178s][info][gc,cpu         ] GC(1178) User=0.72s Sys=0.00s Real=0.12s
[4287.366s][info][gc,marking     ] GC(1179) Concurrent Scan Root Regions 187.298ms
[4287.366s][info][gc,marking     ] GC(1179) Concurrent Mark
[4287.366s][info][gc,marking     ] GC(1179) Concurrent Mark From Roots
[4287.366s][info][gc,task        ] GC(1179) Using 2 workers of 2 for marking
.[4288.442s][info][gc,marking     ] GC(1179) Concurrent Mark From Roots 1075.876ms
[4288.442s][info][gc,marking     ] GC(1179) Concurrent Preclean
[4288.442s][info][gc,marking     ] GC(1179) Concurrent Preclean 0.105ms
[4288.442s][info][gc,start       ] GC(1179) Pause Remark
[4288.446s][info][gc             ] GC(1179) Pause Remark 2652M->2652M(4096M) 4.551ms
[4288.447s][info][gc,cpu         ] GC(1179) User=0.02s Sys=0.00s Real=0.00s
[4288.448s][info][gc,marking     ] GC(1179) Concurrent Mark 1082.227ms
[4288.448s][info][gc,marking     ] GC(1179) Concurrent Rebuild Remembered Sets and Scrub Regions
.[4288.797s][info][gc,marking     ] GC(1179) Concurrent Rebuild Remembered Sets and Scrub Regions 349.330ms
[4288.798s][info][gc,start       ] GC(1179) Pause Cleanup
[4288.798s][info][gc             ] GC(1179) Pause Cleanup 2960M->2960M(4096M) 0.118ms
[4288.798s][info][gc,cpu         ] GC(1179) User=0.00s Sys=0.00s Real=0.00s
[4288.798s][info][gc,marking     ] GC(1179) Concurrent Clear Claimed Marks
[4288.798s][info][gc,marking     ] GC(1179) Concurrent Clear Claimed Marks 0.037ms
[4288.798s][info][gc,marking     ] GC(1179) Concurrent Cleanup for Next Mark
[4288.802s][info][gc,marking     ] GC(1179) Concurrent Cleanup for Next Mark 3.917ms
[4288.802s][info][gc             ] GC(1179) Concurrent Mark Cycle 1623.456ms
[4289.471s][info][gc,start       ] GC(1180) Pause Young (Prepare Mixed) (G1 Evacuation Pause)
[4289.471s][info][gc,task        ] GC(1180) Using 6 workers of 6 for evacuation
[4289.592s][info][gc,phases      ] GC(1180)   Pre Evacuate Collection Set: 0.32ms
[4289.592s][info][gc,phases      ] GC(1180)   Merge Heap Roots: 0.60ms
[4289.592s][info][gc,phases      ] GC(1180)   Evacuate Collection Set: 118.62ms
[4289.592s][info][gc,phases      ] GC(1180)   Post Evacuate Collection Set: 0.92ms
[4289.592s][info][gc,phases      ] GC(1180)   Other: 0.09ms
[4289.592s][info][gc,heap        ] GC(1180) Eden regions: 1118->0(1104)
[4289.592s][info][gc,heap        ] GC(1180) Survivor regions: 110->111(154)
[4289.592s][info][gc,heap        ] GC(1180) Old regions: 508->539
[4289.592s][info][gc,heap        ] GC(1180) Humongous regions: 80->80
[4289.592s][info][gc,metaspace   ] GC(1180) Metaspace: 28914K(29376K)->28914K(29376K) NonClass: 24044K(24256K)->24044K(24256K) Class: 4869K(5120K)->4869K(5120K)
[4289.592s][info][gc             ] GC(1180) Pause Young (Prepare Mixed) (G1 Evacuation Pause) 3629M->1457M(4096M) 120.677ms
[4289.592s][info][gc,cpu         ] GC(1180) User=0.72s Sys=0.00s Real=0.12s
...[4291.969s][info][gc,start       ] GC(1181) Pause Young (Mixed) (G1 Evacuation Pause)
[4291.969s][info][gc,task        ] GC(1181) Using 6 workers of 6 for evacuation
[4292.105s][info][gc,phases      ] GC(1181)   Pre Evacuate Collection Set: 0.35ms
[4292.105s][info][gc,phases      ] GC(1181)   Merge Heap Roots: 0.74ms
[4292.105s][info][gc,phases      ] GC(1181)   Evacuate Collection Set: 133.86ms
[4292.105s][info][gc,phases      ] GC(1181)   Post Evacuate Collection Set: 0.94ms
[4292.105s][info][gc,phases      ] GC(1181)   Other: 0.08ms
[4292.105s][info][gc,heap        ] GC(1181) Eden regions: 1104->0(1118)
[4292.105s][info][gc,heap        ] GC(1181) Survivor regions: 111->110(152)
[4292.105s][info][gc,heap        ] GC(1181) Old regions: 539->475
[4292.105s][info][gc,heap        ] GC(1181) Humongous regions: 80->80
[4292.105s][info][gc,metaspace   ] GC(1181) Metaspace: 28914K(29376K)->28914K(29376K) NonClass: 24044K(24256K)->24044K(24256K) Class: 4869K(5120K)->4869K(5120K)
[4292.105s][info][gc             ] GC(1181) Pause Young (Mixed) (G1 Evacuation Pause) 3665M->1327M(4096M) 136.104ms
[4292.105s][info][gc,cpu         ] GC(1181) User=0.81s Sys=0.00s Real=0.14s
..[4294.385s][info][gc,start       ] GC(1182) Pause Young (Concurrent Start) (G1 Evacuation Pause)
[4294.385s][info][gc,task        ] GC(1182) Using 6 workers of 6 for evacuation
[4294.504s][info][gc,phases      ] GC(1182)   Pre Evacuate Collection Set: 0.36ms
[4294.504s][info][gc,phases      ] GC(1182)   Merge Heap Roots: 0.54ms
[4294.504s][info][gc,phases      ] GC(1182)   Evacuate Collection Set: 116.89ms
[4294.504s][info][gc,phases      ] GC(1182)   Post Evacuate Collection Set: 0.87ms
[4294.504s][info][gc,phases      ] GC(1182)   Other: 0.12ms
[4294.504s][info][gc,heap        ] GC(1182) Eden regions: 1118->0(1119)
[4294.504s][info][gc,heap        ] GC(1182) Survivor regions: 110->109(154)
[4294.504s][info][gc,heap        ] GC(1182) Old regions: 475->507
[4294.504s][info][gc,heap        ] GC(1182) Humongous regions: 80->80
[4294.504s][info][gc,metaspace   ] GC(1182) Metaspace: 28914K(29376K)->28914K(29376K) NonClass: 24044K(24256K)->24044K(24256K) Class: 4869K(5120K)->4869K(5120K)
[4294.504s][info][gc             ] GC(1182) Pause Young (Concurrent Start) (G1 Evacuation Pause) 3563M->1390M(4096M) 118.903ms
[4294.504s][info][gc             ] GC(1183) Concurrent Mark Cycle
[4294.504s][info][gc,marking     ] GC(1183) Concurrent Scan Root Regions
[4294.504s][info][gc,cpu         ] GC(1182) User=0.70s Sys=0.01s Real=0.12s
[4294.624s][info][gc,marking     ] GC(1183) Concurrent Scan Root Regions 120.030ms
[4294.624s][info][gc,marking     ] GC(1183) Concurrent Mark
[4294.624s][info][gc,marking     ] GC(1183) Concurrent Mark From Roots
[4294.624s][info][gc,task        ] GC(1183) Using 2 workers of 2 for marking
.[4295.226s][info][gc,marking     ] GC(1183) Concurrent Mark From Roots 601.241ms
[4295.226s][info][gc,marking     ] GC(1183) Concurrent Preclean
[4295.226s][info][gc,marking     ] GC(1183) Concurrent Preclean 0.080ms
[4295.226s][info][gc,start       ] GC(1183) Pause Remark
[4295.231s][info][gc             ] GC(1183) Pause Remark 2015M->2015M(4096M) 5.287ms
[4295.231s][info][gc,cpu         ] GC(1183) User=0.03s Sys=0.00s Real=0.01s
[4295.231s][info][gc,marking     ] GC(1183) Concurrent Mark 607.000ms
[4295.231s][info][gc,marking     ] GC(1183) Concurrent Rebuild Remembered Sets and Scrub Regions
[4295.503s][info][gc,marking     ] GC(1183) Concurrent Rebuild Remembered Sets and Scrub Regions 272.208ms
[4295.506s][info][gc,start       ] GC(1183) Pause Cleanup
[4295.506s][info][gc             ] GC(1183) Pause Cleanup 2284M->2284M(4096M) 0.139ms
[4295.506s][info][gc,cpu         ] GC(1183) User=0.00s Sys=0.00s Real=0.00s
[4295.506s][info][gc,marking     ] GC(1183) Concurrent Clear Claimed Marks
[4295.506s][info][gc,marking     ] GC(1183) Concurrent Clear Claimed Marks 0.050ms
[4295.506s][info][gc,marking     ] GC(1183) Concurrent Cleanup for Next Mark
[4295.516s][info][gc,marking     ] GC(1183) Concurrent Cleanup for Next Mark 9.527ms
[4295.516s][info][gc             ] GC(1183) Concurrent Mark Cycle 1011.684ms
..[4296.771s][info][gc,start       ] GC(1184) Pause Young (Prepare Mixed) (G1 Evacuation Pause)
[4296.771s][info][gc,task        ] GC(1184) Using 6 workers of 6 for evacuation
[4296.890s][info][gc,phases      ] GC(1184)   Pre Evacuate Collection Set: 0.34ms
[4296.890s][info][gc,phases      ] GC(1184)   Merge Heap Roots: 0.57ms
[4296.890s][info][gc,phases      ] GC(1184)   Evacuate Collection Set: 116.83ms
[4296.890s][info][gc,phases      ] GC(1184)   Post Evacuate Collection Set: 0.93ms
[4296.890s][info][gc,phases      ] GC(1184)   Other: 0.10ms
[4296.890s][info][gc,heap        ] GC(1184) Eden regions: 1119->0(1103)
[4296.890s][info][gc,heap        ] GC(1184) Survivor regions: 109->111(154)
[4296.890s][info][gc,heap        ] GC(1184) Old regions: 507->540
[4296.890s][info][gc,heap        ] GC(1184) Humongous regions: 80->80
[4296.890s][info][gc,metaspace   ] GC(1184) Metaspace: 28914K(29376K)->28914K(29376K) NonClass: 24044K(24256K)->24044K(24256K) Class: 4869K(5120K)->4869K(5120K)
[4296.890s][info][gc             ] GC(1184) Pause Young (Prepare Mixed) (G1 Evacuation Pause) 3628M->1459M(4096M) 118.913ms
[4296.890s][info][gc,cpu         ] GC(1184) User=0.71s Sys=0.00s Real=0.12s
..[4299.142s][info][gc,start       ] GC(1185) Pause Young (Mixed) (G1 Evacuation Pause)
[4299.142s][info][gc,task        ] GC(1185) Using 6 workers of 6 for evacuation
[4299.278s][info][gc,phases      ] GC(1185)   Pre Evacuate Collection Set: 0.41ms
[4299.278s][info][gc,phases      ] GC(1185)   Merge Heap Roots: 0.88ms
[4299.278s][info][gc,phases      ] GC(1185)   Evacuate Collection Set: 133.93ms
[4299.278s][info][gc,phases      ] GC(1185)   Post Evacuate Collection Set: 0.95ms
[4299.278s][info][gc,phases      ] GC(1185)   Other: 0.09ms
[4299.278s][info][gc,heap        ] GC(1185) Eden regions: 1103->0(1117)
[4299.278s][info][gc,heap        ] GC(1185) Survivor regions: 111->111(152)
[4299.278s][info][gc,heap        ] GC(1185) Old regions: 540->477
[4299.278s][info][gc,heap        ] GC(1185) Humongous regions: 80->80
[4299.278s][info][gc,metaspace   ] GC(1185) Metaspace: 28914K(29376K)->28914K(29376K) NonClass: 24044K(24256K)->24044K(24256K) Class: 4869K(5120K)->4869K(5120K)
[4299.278s][info][gc             ] GC(1185) Pause Young (Mixed) (G1 Evacuation Pause) 3665M->1334M(4096M) 136.397ms
[4299.278s][info][gc,cpu         ] GC(1185) User=0.82s Sys=0.00s Real=0.13s
..[4301.638s][info][gc,start       ] GC(1186) Pause Young (Concurrent Start) (G1 Evacuation Pause)
[4301.638s][info][gc,task        ] GC(1186) Using 6 workers of 6 for evacuation
[4301.759s][info][gc,phases      ] GC(1186)   Pre Evacuate Collection Set: 0.42ms
[4301.759s][info][gc,phases      ] GC(1186)   Merge Heap Roots: 0.58ms
[4301.759s][info][gc,phases      ] GC(1186)   Evacuate Collection Set: 118.94ms
[4301.759s][info][gc,phases      ] GC(1186)   Post Evacuate Collection Set: 0.90ms
[4301.759s][info][gc,phases      ] GC(1186)   Other: 0.10ms
[4301.759s][info][gc,heap        ] GC(1186) Eden regions: 1117->0(1116)
[4301.759s][info][gc,heap        ] GC(1186) Survivor regions: 111->112(154)
[4301.759s][info][gc,heap        ] GC(1186) Old regions: 477->509
[4301.759s][info][gc,heap        ] GC(1186) Humongous regions: 80->80
[4301.759s][info][gc,metaspace   ] GC(1186) Metaspace: 28914K(29376K)->28914K(29376K) NonClass: 24044K(24256K)->24044K(24256K) Class: 4869K(5120K)->4869K(5120K)
[4301.759s][info][gc             ] GC(1186) Pause Young (Concurrent Start) (G1 Evacuation Pause) 3568M->1400M(4096M) 121.100ms
[4301.759s][info][gc             ] GC(1187) Concurrent Mark Cycle
[4301.759s][info][gc,marking     ] GC(1187) Concurrent Scan Root Regions
[4301.759s][info][gc,cpu         ] GC(1186) User=0.73s Sys=0.00s Real=0.12s
.[4301.943s][info][gc,marking     ] GC(1187) Concurrent Scan Root Regions 183.492ms
[4301.943s][info][gc,marking     ] GC(1187) Concurrent Mark
[4301.943s][info][gc,marking     ] GC(1187) Concurrent Mark From Roots
[4301.943s][info][gc,task        ] GC(1187) Using 2 workers of 2 for marking
.[4303.027s][info][gc,marking     ] GC(1187) Concurrent Mark From Roots 1084.488ms
[4303.027s][info][gc,marking     ] GC(1187) Concurrent Preclean
[4303.027s][info][gc,marking     ] GC(1187) Concurrent Preclean 0.073ms
[4303.031s][info][gc,start       ] GC(1187) Pause Remark
[4303.037s][info][gc             ] GC(1187) Pause Remark 2542M->2542M(4096M) 5.690ms
[4303.037s][info][gc,cpu         ] GC(1187) User=0.03s Sys=0.00s Real=0.00s
[4303.037s][info][gc,marking     ] GC(1187) Concurrent Mark 1094.537ms
[4303.037s][info][gc,marking     ] GC(1187) Concurrent Rebuild Remembered Sets and Scrub Regions
[4303.428s][info][gc,marking     ] GC(1187) Concurrent Rebuild Remembered Sets and Scrub Regions 391.167ms
[4303.429s][info][gc,start       ] GC(1187) Pause Cleanup
[4303.429s][info][gc             ] GC(1187) Pause Cleanup 2994M->2994M(4096M) 0.124ms
[4303.429s][info][gc,cpu         ] GC(1187) User=0.00s Sys=0.00s Real=0.00s
[4303.429s][info][gc,marking     ] GC(1187) Concurrent Clear Claimed Marks
[4303.429s][info][gc,marking     ] GC(1187) Concurrent Clear Claimed Marks 0.030ms
[4303.429s][info][gc,marking     ] GC(1187) Concurrent Cleanup for Next Mark
[4303.434s][info][gc,marking     ] GC(1187) Concurrent Cleanup for Next Mark 5.634ms
[4303.434s][info][gc             ] GC(1187) Concurrent Mark Cycle 1675.396ms
.[4304.095s][info][gc,start       ] GC(1188) Pause Young (Prepare Mixed) (G1 Evacuation Pause)
[4304.095s][info][gc,task        ] GC(1188) Using 6 workers of 6 for evacuation
[4304.218s][info][gc,phases      ] GC(1188)   Pre Evacuate Collection Set: 0.34ms
[4304.218s][info][gc,phases      ] GC(1188)   Merge Heap Roots: 0.56ms
[4304.218s][info][gc,phases      ] GC(1188)   Evacuate Collection Set: 121.44ms
[4304.218s][info][gc,phases      ] GC(1188)   Post Evacuate Collection Set: 0.87ms
[4304.218s][info][gc,phases      ] GC(1188)   Other: 0.09ms
[4304.218s][info][gc,heap        ] GC(1188) Eden regions: 1116->0(1096)
[4304.218s][info][gc,heap        ] GC(1188) Survivor regions: 112->114(154)
[4304.218s][info][gc,heap        ] GC(1188) Old regions: 509->541
[4304.218s][info][gc,heap        ] GC(1188) Humongous regions: 80->80
[4304.218s][info][gc,metaspace   ] GC(1188) Metaspace: 28914K(29376K)->28914K(29376K) NonClass: 24044K(24256K)->24044K(24256K) Class: 4869K(5120K)->4869K(5120K)
[4304.218s][info][gc             ] GC(1188) Pause Young (Prepare Mixed) (G1 Evacuation Pause) 3632M->1468M(4096M) 123.420ms
[4304.218s][info][gc,cpu         ] GC(1188) User=0.74s Sys=0.00s Real=0.12s
..[4306.461s][info][gc,start       ] GC(1189) Pause Young (Mixed) (G1 Evacuation Pause)
[4306.461s][info][gc,task        ] GC(1189) Using 6 workers of 6 for evacuation
[4306.592s][info][gc,phases      ] GC(1189)   Pre Evacuate Collection Set: 0.41ms
[4306.592s][info][gc,phases      ] GC(1189)   Merge Heap Roots: 0.71ms
[4306.592s][info][gc,phases      ] GC(1189)   Evacuate Collection Set: 128.63ms
[4306.592s][info][gc,phases      ] GC(1189)   Post Evacuate Collection Set: 0.94ms
[4306.592s][info][gc,phases      ] GC(1189)   Other: 0.09ms
[4306.592s][info][gc,heap        ] GC(1189) Eden regions: 1096->0(1120)
[4306.592s][info][gc,heap        ] GC(1189) Survivor regions: 114->108(152)
[4306.592s][info][gc,heap        ] GC(1189) Old regions: 541->475
[4306.592s][info][gc,heap        ] GC(1189) Humongous regions: 80->80
[4306.592s][info][gc,metaspace   ] GC(1189) Metaspace: 28914K(29376K)->28914K(29376K) NonClass: 24044K(24256K)->24044K(24256K) Class: 4869K(5120K)->4869K(5120K)
[4306.592s][info][gc             ] GC(1189) Pause Young (Mixed) (G1 Evacuation Pause) 3660M->1325M(4096M) 130.935ms
[4306.592s][info][gc,cpu         ] GC(1189) User=0.78s Sys=0.00s Real=0.13s
..[4308.950s][info][gc,start       ] GC(1190) Pause Young (Concurrent Start) (G1 Evacuation Pause)
[4308.950s][info][gc,task        ] GC(1190) Using 6 workers of 6 for evacuation
[4309.068s][info][gc,phases      ] GC(1190)   Pre Evacuate Collection Set: 0.41ms
[4309.068s][info][gc,phases      ] GC(1190)   Merge Heap Roots: 0.53ms
[4309.068s][info][gc,phases      ] GC(1190)   Evacuate Collection Set: 115.81ms
[4309.068s][info][gc,phases      ] GC(1190)   Post Evacuate Collection Set: 0.89ms
[4309.068s][info][gc,phases      ] GC(1190)   Other: 0.13ms
[4309.068s][info][gc,heap        ] GC(1190) Eden regions: 1120->0(1121)
[4309.068s][info][gc,heap        ] GC(1190) Survivor regions: 108->107(154)
[4309.068s][info][gc,heap        ] GC(1190) Old regions: 475->508
[4309.068s][info][gc,heap        ] GC(1190) Humongous regions: 80->80
[4309.068s][info][gc,metaspace   ] GC(1190) Metaspace: 28914K(29376K)->28914K(29376K) NonClass: 24044K(24256K)->24044K(24256K) Class: 4869K(5120K)->4869K(5120K)
[4309.068s][info][gc             ] GC(1190) Pause Young (Concurrent Start) (G1 Evacuation Pause) 3565M->1388M(4096M) 117.941ms
[4309.068s][info][gc             ] GC(1191) Concurrent Mark Cycle
[4309.068s][info][gc,marking     ] GC(1191) Concurrent Scan Root Regions
[4309.068s][info][gc,cpu         ] GC(1190) User=0.70s Sys=0.00s Real=0.11s
.[4309.307s][info][gc,marking     ] GC(1191) Concurrent Scan Root Regions 239.018ms
[4309.307s][info][gc,marking     ] GC(1191) Concurrent Mark
[4309.307s][info][gc,marking     ] GC(1191) Concurrent Mark From Roots
[4309.307s][info][gc,task        ] GC(1191) Using 2 workers of 2 for marking
.[4310.229s][info][gc,marking     ] GC(1191) Concurrent Mark From Roots 921.179ms
[4310.229s][info][gc,marking     ] GC(1191) Concurrent Preclean
[4310.229s][info][gc,marking     ] GC(1191) Concurrent Preclean 0.087ms
[4310.229s][info][gc,start       ] GC(1191) Pause Remark
[4310.236s][info][gc             ] GC(1191) Pause Remark 2396M->2396M(4096M) 6.715ms
[4310.236s][info][gc,cpu         ] GC(1191) User=0.04s Sys=0.00s Real=0.01s
[4310.236s][info][gc,marking     ] GC(1191) Concurrent Mark 928.293ms
[4310.236s][info][gc,marking     ] GC(1191) Concurrent Rebuild Remembered Sets and Scrub Regions
[4310.616s][info][gc,marking     ] GC(1191) Concurrent Rebuild Remembered Sets and Scrub Regions 380.154ms
[4310.616s][info][gc,start       ] GC(1191) Pause Cleanup
[4310.616s][info][gc             ] GC(1191) Pause Cleanup 2856M->2856M(4096M) 0.123ms
[4310.616s][info][gc,cpu         ] GC(1191) User=0.00s Sys=0.00s Real=0.00s
[4310.616s][info][gc,marking     ] GC(1191) Concurrent Clear Claimed Marks
[4310.616s][info][gc,marking     ] GC(1191) Concurrent Clear Claimed Marks 0.027ms
[4310.616s][info][gc,marking     ] GC(1191) Concurrent Cleanup for Next Mark
[4310.621s][info][gc,marking     ] GC(1191) Concurrent Cleanup for Next Mark 4.927ms
[4310.621s][info][gc             ] GC(1191) Concurrent Mark Cycle 1552.941ms
.[4311.438s][info][gc,start       ] GC(1192) Pause Young (Prepare Mixed) (G1 Evacuation Pause)
[4311.438s][info][gc,task        ] GC(1192) Using 6 workers of 6 for evacuation
[4311.556s][info][gc,phases      ] GC(1192)   Pre Evacuate Collection Set: 0.33ms
[4311.556s][info][gc,phases      ] GC(1192)   Merge Heap Roots: 0.59ms
[4311.556s][info][gc,phases      ] GC(1192)   Evacuate Collection Set: 116.61ms
[4311.556s][info][gc,phases      ] GC(1192)   Post Evacuate Collection Set: 0.91ms
[4311.556s][info][gc,phases      ] GC(1192)   Other: 0.09ms
[4311.556s][info][gc,heap        ] GC(1192) Eden regions: 1121->0(1107)
[4311.556s][info][gc,heap        ] GC(1192) Survivor regions: 107->110(154)
[4311.556s][info][gc,heap        ] GC(1192) Old regions: 508->538
[4311.556s][info][gc,heap        ] GC(1192) Humongous regions: 80->80
[4311.556s][info][gc,metaspace   ] GC(1192) Metaspace: 28914K(29376K)->28914K(29376K) NonClass: 24044K(24256K)->24044K(24256K) Class: 4869K(5120K)->4869K(5120K)
[4311.556s][info][gc             ] GC(1192) Pause Young (Prepare Mixed) (G1 Evacuation Pause) 3630M->1455M(4096M) 118.652ms
[4311.556s][info][gc,cpu         ] GC(1192) User=0.71s Sys=0.00s Real=0.12s
..[4313.920s][info][gc,start       ] GC(1193) Pause Young (Mixed) (G1 Evacuation Pause)
[4313.920s][info][gc,task        ] GC(1193) Using 6 workers of 6 for evacuation
[4314.054s][info][gc,phases      ] GC(1193)   Pre Evacuate Collection Set: 0.36ms
[4314.054s][info][gc,phases      ] GC(1193)   Merge Heap Roots: 0.85ms
[4314.054s][info][gc,phases      ] GC(1193)   Evacuate Collection Set: 131.50ms
[4314.054s][info][gc,phases      ] GC(1193)   Post Evacuate Collection Set: 0.92ms
[4314.054s][info][gc,phases      ] GC(1193)   Other: 0.09ms
[4314.054s][info][gc,heap        ] GC(1193) Eden regions: 1107->0(1119)
[4314.054s][info][gc,heap        ] GC(1193) Survivor regions: 110->109(153)
[4314.054s][info][gc,heap        ] GC(1193) Old regions: 538->475
[4314.054s][info][gc,heap        ] GC(1193) Humongous regions: 80->80
[4314.054s][info][gc,metaspace   ] GC(1193) Metaspace: 28914K(29376K)->28914K(29376K) NonClass: 24044K(24256K)->24044K(24256K) Class: 4869K(5120K)->4869K(5120K)
[4314.054s][info][gc             ] GC(1193) Pause Young (Mixed) (G1 Evacuation Pause) 3669M->1326M(4096M) 133.887ms
[4314.054s][info][gc,cpu         ] GC(1193) User=0.80s Sys=0.00s Real=0.13s
...[4316.312s][info][gc,start       ] GC(1194) Pause Young (Concurrent Start) (G1 Evacuation Pause)
[4316.312s][info][gc,task        ] GC(1194) Using 6 workers of 6 for evacuation
[4316.436s][info][gc,phases      ] GC(1194)   Pre Evacuate Collection Set: 0.38ms
[4316.436s][info][gc,phases      ] GC(1194)   Merge Heap Roots: 0.50ms
[4316.436s][info][gc,phases      ] GC(1194)   Evacuate Collection Set: 121.70ms
[4316.436s][info][gc,phases      ] GC(1194)   Post Evacuate Collection Set: 0.87ms
[4316.436s][info][gc,phases      ] GC(1194)   Other: 0.11ms
[4316.436s][info][gc,heap        ] GC(1194) Eden regions: 1119->0(1114)
[4316.436s][info][gc,heap        ] GC(1194) Survivor regions: 109->114(154)
[4316.436s][info][gc,heap        ] GC(1194) Old regions: 475->508
[4316.436s][info][gc,heap        ] GC(1194) Humongous regions: 80->80
[4316.436s][info][gc,metaspace   ] GC(1194) Metaspace: 28914K(29376K)->28914K(29376K) NonClass: 24044K(24256K)->24044K(24256K) Class: 4869K(5120K)->4869K(5120K)
[4316.436s][info][gc             ] GC(1194) Pause Young (Concurrent Start) (G1 Evacuation Pause) 3564M->1401M(4096M) 123.687ms
[4316.436s][info][gc             ] GC(1195) Concurrent Mark Cycle
[4316.436s][info][gc,marking     ] GC(1195) Concurrent Scan Root Regions
[4316.436s][info][gc,cpu         ] GC(1194) User=0.74s Sys=0.00s Real=0.12s
[4316.602s][info][gc,marking     ] GC(1195) Concurrent Scan Root Regions 165.880ms
[4316.602s][info][gc,marking     ] GC(1195) Concurrent Mark
[4316.602s][info][gc,marking     ] GC(1195) Concurrent Mark From Roots
[4316.602s][info][gc,task        ] GC(1195) Using 2 workers of 2 for marking
.[4317.341s][info][gc,marking     ] GC(1195) Concurrent Mark From Roots 738.970ms
[4317.341s][info][gc,marking     ] GC(1195) Concurrent Preclean
[4317.341s][info][gc,marking     ] GC(1195) Concurrent Preclean 0.087ms
[4317.344s][info][gc,start       ] GC(1195) Pause Remark
[4317.351s][info][gc             ] GC(1195) Pause Remark 2223M->2223M(4096M) 6.879ms
[4317.351s][info][gc,cpu         ] GC(1195) User=0.04s Sys=0.00s Real=0.01s
[4317.351s][info][gc,marking     ] GC(1195) Concurrent Mark 749.168ms
[4317.351s][info][gc,marking     ] GC(1195) Concurrent Rebuild Remembered Sets and Scrub Regions
[4317.657s][info][gc,marking     ] GC(1195) Concurrent Rebuild Remembered Sets and Scrub Regions 305.657ms
[4317.658s][info][gc,start       ] GC(1195) Pause Cleanup
[4317.658s][info][gc             ] GC(1195) Pause Cleanup 2553M->2553M(4096M) 0.129ms
[4317.658s][info][gc,cpu         ] GC(1195) User=0.00s Sys=0.00s Real=0.00s
[4317.658s][info][gc,marking     ] GC(1195) Concurrent Clear Claimed Marks
[4317.658s][info][gc,marking     ] GC(1195) Concurrent Clear Claimed Marks 0.034ms
[4317.658s][info][gc,marking     ] GC(1195) Concurrent Cleanup for Next Mark
[4317.717s][info][gc,marking     ] GC(1195) Concurrent Cleanup for Next Mark 58.326ms
[4317.717s][info][gc             ] GC(1195) Concurrent Mark Cycle 1281.179ms
.[4318.821s][info][gc,start       ] GC(1196) Pause Young (Prepare Mixed) (G1 Evacuation Pause)
[4318.821s][info][gc,task        ] GC(1196) Using 6 workers of 6 for evacuation
[4318.940s][info][gc,phases      ] GC(1196)   Pre Evacuate Collection Set: 0.36ms
[4318.940s][info][gc,phases      ] GC(1196)   Merge Heap Roots: 0.57ms
[4318.940s][info][gc,phases      ] GC(1196)   Evacuate Collection Set: 117.23ms
[4318.940s][info][gc,phases      ] GC(1196)   Post Evacuate Collection Set: 0.89ms
[4318.940s][info][gc,phases      ] GC(1196)   Other: 0.10ms
[4318.940s][info][gc,heap        ] GC(1196) Eden regions: 1114->0(1102)
[4318.940s][info][gc,heap        ] GC(1196) Survivor regions: 114->111(154)
[4318.940s][info][gc,heap        ] GC(1196) Old regions: 508->541
[4318.940s][info][gc,heap        ] GC(1196) Humongous regions: 80->80
[4318.940s][info][gc,metaspace   ] GC(1196) Metaspace: 28914K(29376K)->28914K(29376K) NonClass: 24044K(24256K)->24044K(24256K) Class: 4869K(5120K)->4869K(5120K)
[4318.940s][info][gc             ] GC(1196) Pause Young (Prepare Mixed) (G1 Evacuation Pause) 3629M->1461M(4096M) 119.280ms
[4318.940s][info][gc,cpu         ] GC(1196) User=0.71s Sys=0.00s Real=0.12s
...[4321.207s][info][gc,start       ] GC(1197) Pause Young (Mixed) (G1 Evacuation Pause)
[4321.207s][info][gc,task        ] GC(1197) Using 6 workers of 6 for evacuation
[4321.337s][info][gc,phases      ] GC(1197)   Pre Evacuate Collection Set: 0.39ms
[4321.337s][info][gc,phases      ] GC(1197)   Merge Heap Roots: 0.75ms
[4321.337s][info][gc,phases      ] GC(1197)   Evacuate Collection Set: 127.92ms
[4321.337s][info][gc,phases      ] GC(1197)   Post Evacuate Collection Set: 0.93ms
[4321.337s][info][gc,phases      ] GC(1197)   Other: 0.09ms
[4321.337s][info][gc,heap        ] GC(1197) Eden regions: 1102->0(1120)
[4321.337s][info][gc,heap        ] GC(1197) Survivor regions: 111->108(152)
[4321.337s][info][gc,heap        ] GC(1197) Old regions: 541->477
[4321.337s][info][gc,heap        ] GC(1197) Humongous regions: 80->80
[4321.337s][info][gc,metaspace   ] GC(1197) Metaspace: 28914K(29376K)->28914K(29376K) NonClass: 24044K(24256K)->24044K(24256K) Class: 4869K(5120K)->4869K(5120K)
[4321.337s][info][gc             ] GC(1197) Pause Young (Mixed) (G1 Evacuation Pause) 3665M->1328M(4096M) 130.197ms
[4321.337s][info][gc,cpu         ] GC(1197) User=0.78s Sys=0.00s Real=0.13s
..[4323.649s][info][gc,start       ] GC(1198) Pause Young (Concurrent Start) (G1 Evacuation Pause)
[4323.649s][info][gc,task        ] GC(1198) Using 6 workers of 6 for evacuation
[4323.773s][info][gc,phases      ] GC(1198)   Pre Evacuate Collection Set: 0.41ms
[4323.773s][info][gc,phases      ] GC(1198)   Merge Heap Roots: 0.57ms
[4323.773s][info][gc,phases      ] GC(1198)   Evacuate Collection Set: 122.01ms
[4323.773s][info][gc,phases      ] GC(1198)   Post Evacuate Collection Set: 0.88ms
[4323.773s][info][gc,phases      ] GC(1198)   Other: 0.10ms
[4323.773s][info][gc,heap        ] GC(1198) Eden regions: 1120->0(1114)
[4323.773s][info][gc,heap        ] GC(1198) Survivor regions: 108->114(154)
[4323.773s][info][gc,heap        ] GC(1198) Old regions: 477->510
[4323.773s][info][gc,heap        ] GC(1198) Humongous regions: 80->80
[4323.773s][info][gc,metaspace   ] GC(1198) Metaspace: 28914K(29376K)->28914K(29376K) NonClass: 24044K(24256K)->24044K(24256K) Class: 4869K(5120K)->4869K(5120K)
[4323.773s][info][gc             ] GC(1198) Pause Young (Concurrent Start) (G1 Evacuation Pause) 3568M->1405M(4096M) 124.088ms
[4323.773s][info][gc             ] GC(1199) Concurrent Mark Cycle
[4323.773s][info][gc,marking     ] GC(1199) Concurrent Scan Root Regions
[4323.773s][info][gc,cpu         ] GC(1198) User=0.74s Sys=0.00s Real=0.13s
[4323.951s][info][gc,marking     ] GC(1199) Concurrent Scan Root Regions 178.269ms
[4323.951s][info][gc,marking     ] GC(1199) Concurrent Mark
[4323.951s][info][gc,marking     ] GC(1199) Concurrent Mark From Roots
[4323.951s][info][gc,task        ] GC(1199) Using 2 workers of 2 for marking
.[4324.952s][info][gc,marking     ] GC(1199) Concurrent Mark From Roots 1000.269ms
[4324.952s][info][gc,marking     ] GC(1199) Concurrent Preclean
[4324.952s][info][gc,marking     ] GC(1199) Concurrent Preclean 0.094ms
[4324.954s][info][gc,start       ] GC(1199) Pause Remark
[4324.962s][info][gc             ] GC(1199) Pause Remark 2423M->2423M(4096M) 7.661ms
[4324.962s][info][gc,cpu         ] GC(1199) User=0.04s Sys=0.00s Real=0.01s
[4324.963s][info][gc,marking     ] GC(1199) Concurrent Mark 1011.590ms
[4324.963s][info][gc,marking     ] GC(1199) Concurrent Rebuild Remembered Sets and Scrub Regions
.[4325.320s][info][gc,marking     ] GC(1199) Concurrent Rebuild Remembered Sets and Scrub Regions 357.012ms
[4325.323s][info][gc,start       ] GC(1199) Pause Cleanup
[4325.323s][info][gc             ] GC(1199) Pause Cleanup 2801M->2801M(4096M) 0.133ms
[4325.323s][info][gc,cpu         ] GC(1199) User=0.00s Sys=0.00s Real=0.00s
[4325.323s][info][gc,marking     ] GC(1199) Concurrent Clear Claimed Marks
[4325.323s][info][gc,marking     ] GC(1199) Concurrent Clear Claimed Marks 0.032ms
[4325.323s][info][gc,marking     ] GC(1199) Concurrent Cleanup for Next Mark
[4325.330s][info][gc,marking     ] GC(1199) Concurrent Cleanup for Next Mark 6.994ms
[4325.330s][info][gc             ] GC(1199) Concurrent Mark Cycle 1556.894ms
[4326.084s][info][gc,start       ] GC(1200) Pause Young (Prepare Mixed) (G1 Evacuation Pause)
[4326.084s][info][gc,task        ] GC(1200) Using 6 workers of 6 for evacuation
[4326.205s][info][gc,phases      ] GC(1200)   Pre Evacuate Collection Set: 0.32ms
[4326.205s][info][gc,phases      ] GC(1200)   Merge Heap Roots: 0.56ms
[4326.205s][info][gc,phases      ] GC(1200)   Evacuate Collection Set: 118.77ms
[4326.205s][info][gc,phases      ] GC(1200)   Post Evacuate Collection Set: 0.93ms
[4326.205s][info][gc,phases      ] GC(1200)   Other: 0.08ms
[4326.205s][info][gc,heap        ] GC(1200) Eden regions: 1114->0(1102)
[4326.205s][info][gc,heap        ] GC(1200) Survivor regions: 114->111(154)
[4326.205s][info][gc,heap        ] GC(1200) Old regions: 510->541
[4326.205s][info][gc,heap        ] GC(1200) Humongous regions: 80->80
[4326.205s][info][gc,metaspace   ] GC(1200) Metaspace: 28914K(29376K)->28914K(29376K) NonClass: 24044K(24256K)->24044K(24256K) Class: 4869K(5120K)->4869K(5120K)
[4326.205s][info][gc             ] GC(1200) Pause Young (Prepare Mixed) (G1 Evacuation Pause) 3633M->1463M(4096M) 120.791ms
[4326.205s][info][gc,cpu         ] GC(1200) User=0.72s Sys=0.00s Real=0.12s
...[4328.450s][info][gc,start       ] GC(1201) Pause Young (Mixed) (G1 Evacuation Pause)
[4328.450s][info][gc,task        ] GC(1201) Using 6 workers of 6 for evacuation
[4328.588s][info][gc,phases      ] GC(1201)   Pre Evacuate Collection Set: 0.38ms
[4328.588s][info][gc,phases      ] GC(1201)   Merge Heap Roots: 0.76ms
[4328.588s][info][gc,phases      ] GC(1201)   Evacuate Collection Set: 136.02ms
[4328.588s][info][gc,phases      ] GC(1201)   Post Evacuate Collection Set: 0.95ms
[4328.588s][info][gc,phases      ] GC(1201)   Other: 0.09ms
[4328.588s][info][gc,heap        ] GC(1201) Eden regions: 1102->0(1116)
[4328.588s][info][gc,heap        ] GC(1201) Survivor regions: 111->112(152)
[4328.588s][info][gc,heap        ] GC(1201) Old regions: 541->475
[4328.588s][info][gc,heap        ] GC(1201) Humongous regions: 80->80
[4328.588s][info][gc,metaspace   ] GC(1201) Metaspace: 28914K(29376K)->28914K(29376K) NonClass: 24044K(24256K)->24044K(24256K) Class: 4869K(5120K)->4869K(5120K)
[4328.588s][info][gc             ] GC(1201) Pause Young (Mixed) (G1 Evacuation Pause) 3667M->1332M(4096M) 138.324ms
[4328.588s][info][gc,cpu         ] GC(1201) User=0.83s Sys=0.00s Real=0.13s
. (rIR:aIR:PR = 7749:7714:7714) (tPR = 114032) [OK] 
  4329s: Performance info:
         Transaction,    Success,    Partial,     Failed,   Receipts, AvgBarcode, 
             Overall,     463582,          0,          0,     440237,      59.47, 
         Response times:
             Request,    Success,    Partial,     Failed,   SkipFail,     Probes,    Samples,      min,      p50,      p90,      p95,      p99,      max, 
       TotalPurchase,     440202,          0,          0,          0,     351360,     430337,      300,     6800,    94000,   134000,   246000,   445000,
     InStorePurchase,     231876,          0,          0,          0,     184315,     225646,      300,     6800,    94000,   135000,   248000,   445000,
      OnlinePurchase,     161651,          0,          0,          0,     129723,     158865,      300,     6600,    92000,   132000,   242000,   398000,
        InstPurchase,      46675,          0,          0,          0,      37322,      45826,      400,     6800,    95000,   136000,   249000,   402000,
          AssocOfCat,        465,          0,          0,          0,        369,        536,    26000,    45000,   140900,   199000,   313000,   364000,
      AssocOfProduct,       4668,          0,          0,          0,       4275,       5396,      500,     5900,    88000,   127000,   250030,   401000,
      BusinessReport,       1163,          0,          0,          0,        996,       1315,    29000,    51000,   174400,   207400,   319680,   363000,
          CustBuyBeh,       4663,          0,          0,          0,       4278,       5380,      400,     8900,   112000,   147000,   265000,   323000,
       ProductReturn,      12398,          0,          0,          0,       9370,      11469,      200,     4700,    79000,   124000,   240300,   356000,

  4329s: (57%)   IR =   7887 .[4330.928s][info][gc,start       ] GC(1202) Pause Young (Concurrent Start) (G1 Evacuation Pause)
[4330.928s][info][gc,task        ] GC(1202) Using 6 workers of 6 for evacuation
[4331.049s][info][gc,phases      ] GC(1202)   Pre Evacuate Collection Set: 0.39ms
[4331.049s][info][gc,phases      ] GC(1202)   Merge Heap Roots: 0.61ms
[4331.049s][info][gc,phases      ] GC(1202)   Evacuate Collection Set: 118.91ms
[4331.049s][info][gc,phases      ] GC(1202)   Post Evacuate Collection Set: 0.97ms
[4331.049s][info][gc,phases      ] GC(1202)   Other: 0.12ms
[4331.049s][info][gc,heap        ] GC(1202) Eden regions: 1116->0(1116)
[4331.049s][info][gc,heap        ] GC(1202) Survivor regions: 112->112(154)
[4331.049s][info][gc,heap        ] GC(1202) Old regions: 475->506
[4331.049s][info][gc,heap        ] GC(1202) Humongous regions: 80->80
[4331.049s][info][gc,metaspace   ] GC(1202) Metaspace: 28914K(29376K)->28914K(29376K) NonClass: 24044K(24256K)->24044K(24256K) Class: 4869K(5120K)->4869K(5120K)
[4331.049s][info][gc             ] GC(1202) Pause Young (Concurrent Start) (G1 Evacuation Pause) 3564M->1395M(4096M) 121.142ms
[4331.049s][info][gc             ] GC(1203) Concurrent Mark Cycle
[4331.049s][info][gc,marking     ] GC(1203) Concurrent Scan Root Regions
[4331.049s][info][gc,cpu         ] GC(1202) User=0.72s Sys=0.00s Real=0.12s
[4331.235s][info][gc,marking     ] GC(1203) Concurrent Scan Root Regions 185.699ms
[4331.235s][info][gc,marking     ] GC(1203) Concurrent Mark
[4331.235s][info][gc,marking     ] GC(1203) Concurrent Mark From Roots
[4331.235s][info][gc,task        ] GC(1203) Using 2 workers of 2 for marking
.[4332.308s][info][gc,marking     ] GC(1203) Concurrent Mark From Roots 1072.809ms
[4332.308s][info][gc,marking     ] GC(1203) Concurrent Preclean
[4332.308s][info][gc,marking     ] GC(1203) Concurrent Preclean 0.111ms
[4332.308s][info][gc,start       ] GC(1203) Pause Remark
[4332.313s][info][gc             ] GC(1203) Pause Remark 2605M->2605M(4096M) 4.407ms
[4332.313s][info][gc,cpu         ] GC(1203) User=0.03s Sys=0.00s Real=0.01s
[4332.313s][info][gc,marking     ] GC(1203) Concurrent Mark 1077.903ms
[4332.313s][info][gc,marking     ] GC(1203) Concurrent Rebuild Remembered Sets and Scrub Regions
.[4332.665s][info][gc,marking     ] GC(1203) Concurrent Rebuild Remembered Sets and Scrub Regions 351.804ms
[4332.665s][info][gc,start       ] GC(1203) Pause Cleanup
[4332.665s][info][gc             ] GC(1203) Pause Cleanup 2979M->2979M(4096M) 0.109ms
[4332.713s][info][gc,cpu         ] GC(1203) User=0.00s Sys=0.00s Real=0.00s
[4332.713s][info][gc,marking     ] GC(1203) Concurrent Clear Claimed Marks
[4332.713s][info][gc,marking     ] GC(1203) Concurrent Clear Claimed Marks 0.028ms
[4332.713s][info][gc,marking     ] GC(1203) Concurrent Cleanup for Next Mark
[4332.719s][info][gc,marking     ] GC(1203) Concurrent Cleanup for Next Mark 5.299ms
[4332.719s][info][gc             ] GC(1203) Concurrent Mark Cycle 1669.567ms
[4333.254s][info][gc,start       ] GC(1204) Pause Young (Prepare Mixed) (G1 Evacuation Pause)
[4333.254s][info][gc,task        ] GC(1204) Using 6 workers of 6 for evacuation
[4333.372s][info][gc,phases      ] GC(1204)   Pre Evacuate Collection Set: 0.34ms
[4333.372s][info][gc,phases      ] GC(1204)   Merge Heap Roots: 0.55ms
[4333.372s][info][gc,phases      ] GC(1204)   Evacuate Collection Set: 116.19ms
[4333.372s][info][gc,phases      ] GC(1204)   Post Evacuate Collection Set: 0.90ms
[4333.373s][info][gc,phases      ] GC(1204)   Other: 0.08ms
[4333.373s][info][gc,heap        ] GC(1204) Eden regions: 1116->0(1107)
[4333.373s][info][gc,heap        ] GC(1204) Survivor regions: 112->110(154)
[4333.373s][info][gc,heap        ] GC(1204) Old regions: 506->538
[4333.373s][info][gc,heap        ] GC(1204) Humongous regions: 80->80
[4333.373s][info][gc,metaspace   ] GC(1204) Metaspace: 28914K(29376K)->28914K(29376K) NonClass: 24044K(24256K)->24044K(24256K) Class: 4869K(5120K)->4869K(5120K)
[4333.373s][info][gc             ] GC(1204) Pause Young (Prepare Mixed) (G1 Evacuation Pause) 3627M->1454M(4096M) 118.194ms
[4333.373s][info][gc,cpu         ] GC(1204) User=0.70s Sys=0.00s Real=0.12s
...[4335.622s][info][gc,start       ] GC(1205) Pause Young (Mixed) (G1 Evacuation Pause)
[4335.622s][info][gc,task        ] GC(1205) Using 6 workers of 6 for evacuation
[4335.766s][info][gc,phases      ] GC(1205)   Pre Evacuate Collection Set: 0.36ms
[4335.766s][info][gc,phases      ] GC(1205)   Merge Heap Roots: 0.73ms
[4335.766s][info][gc,phases      ] GC(1205)   Evacuate Collection Set: 141.72ms
[4335.766s][info][gc,phases      ] GC(1205)   Post Evacuate Collection Set: 0.91ms
[4335.766s][info][gc,phases      ] GC(1205)   Other: 0.09ms
[4335.766s][info][gc,heap        ] GC(1205) Eden regions: 1107->0(1111)
[4335.766s][info][gc,heap        ] GC(1205) Survivor regions: 110->117(153)
[4335.766s][info][gc,heap        ] GC(1205) Old regions: 538->474
[4335.766s][info][gc,heap        ] GC(1205) Humongous regions: 80->80
[4335.766s][info][gc,metaspace   ] GC(1205) Metaspace: 28914K(29376K)->28914K(29376K) NonClass: 24044K(24256K)->24044K(24256K) Class: 4869K(5120K)->4869K(5120K)
[4335.766s][info][gc             ] GC(1205) Pause Young (Mixed) (G1 Evacuation Pause) 3668M->1339M(4096M) 143.942ms
[4335.766s][info][gc,cpu         ] GC(1205) User=0.86s Sys=0.00s Real=0.14s
..[4337.988s][info][gc,start       ] GC(1206) Pause Young (Concurrent Start) (G1 Evacuation Pause)
[4337.988s][info][gc,task        ] GC(1206) Using 6 workers of 6 for evacuation
[4338.103s][info][gc,phases      ] GC(1206)   Pre Evacuate Collection Set: 0.39ms
[4338.103s][info][gc,phases      ] GC(1206)   Merge Heap Roots: 0.52ms
[4338.103s][info][gc,phases      ] GC(1206)   Evacuate Collection Set: 113.03ms
[4338.103s][info][gc,phases      ] GC(1206)   Post Evacuate Collection Set: 0.85ms
[4338.103s][info][gc,phases      ] GC(1206)   Other: 0.11ms
[4338.103s][info][gc,heap        ] GC(1206) Eden regions: 1111->0(1120)
[4338.103s][info][gc,heap        ] GC(1206) Survivor regions: 117->108(154)
[4338.103s][info][gc,heap        ] GC(1206) Old regions: 474->505
[4338.103s][info][gc,heap        ] GC(1206) Humongous regions: 80->80
[4338.103s][info][gc,metaspace   ] GC(1206) Metaspace: 28914K(29376K)->28914K(29376K) NonClass: 24044K(24256K)->24044K(24256K) Class: 4869K(5120K)->4869K(5120K)
[4338.103s][info][gc             ] GC(1206) Pause Young (Concurrent Start) (G1 Evacuation Pause) 3561M->1385M(4096M) 115.037ms
[4338.103s][info][gc             ] GC(1207) Concurrent Mark Cycle
[4338.103s][info][gc,marking     ] GC(1207) Concurrent Scan Root Regions
[4338.103s][info][gc,cpu         ] GC(1206) User=0.68s Sys=0.01s Real=0.12s
[4338.279s][info][gc,marking     ] GC(1207) Concurrent Scan Root Regions 175.599ms
[4338.279s][info][gc,marking     ] GC(1207) Concurrent Mark
[4338.279s][info][gc,marking     ] GC(1207) Concurrent Mark From Roots
[4338.279s][info][gc,task        ] GC(1207) Using 2 workers of 2 for marking
.[4339.007s][info][gc,marking     ] GC(1207) Concurrent Mark From Roots 727.974ms
[4339.007s][info][gc,marking     ] GC(1207) Concurrent Preclean
[4339.007s][info][gc,marking     ] GC(1207) Concurrent Preclean 0.076ms
[4339.007s][info][gc,start       ] GC(1207) Pause Remark
[4339.013s][info][gc             ] GC(1207) Pause Remark 2174M->2174M(4096M) 6.189ms
[4339.014s][info][gc,cpu         ] GC(1207) User=0.03s Sys=0.00s Real=0.01s
[4339.015s][info][gc,marking     ] GC(1207) Concurrent Mark 735.825ms
[4339.015s][info][gc,marking     ] GC(1207) Concurrent Rebuild Remembered Sets and Scrub Regions
[4339.284s][info][gc,marking     ] GC(1207) Concurrent Rebuild Remembered Sets and Scrub Regions 269.107ms
[4339.285s][info][gc,start       ] GC(1207) Pause Cleanup
[4339.285s][info][gc             ] GC(1207) Pause Cleanup 2445M->2445M(4096M) 0.126ms
[4339.285s][info][gc,cpu         ] GC(1207) User=0.00s Sys=0.00s Real=0.00s
[4339.286s][info][gc,marking     ] GC(1207) Concurrent Clear Claimed Marks
[4339.286s][info][gc,marking     ] GC(1207) Concurrent Clear Claimed Marks 0.032ms
[4339.286s][info][gc,marking     ] GC(1207) Concurrent Cleanup for Next Mark
[4339.290s][info][gc,marking     ] GC(1207) Concurrent Cleanup for Next Mark 4.794ms
[4339.290s][info][gc             ] GC(1207) Concurrent Mark Cycle 1187.154ms
.[4340.373s][info][gc,start       ] GC(1208) Pause Young (Prepare Mixed) (G1 Evacuation Pause)
[4340.373s][info][gc,task        ] GC(1208) Using 6 workers of 6 for evacuation
[4340.496s][info][gc,phases      ] GC(1208)   Pre Evacuate Collection Set: 0.32ms
[4340.496s][info][gc,phases      ] GC(1208)   Merge Heap Roots: 0.59ms
[4340.496s][info][gc,phases      ] GC(1208)   Evacuate Collection Set: 121.03ms
[4340.496s][info][gc,phases      ] GC(1208)   Post Evacuate Collection Set: 0.92ms
[4340.496s][info][gc,phases      ] GC(1208)   Other: 0.09ms
[4340.496s][info][gc,heap        ] GC(1208) Eden regions: 1120->0(1101)
[4340.496s][info][gc,heap        ] GC(1208) Survivor regions: 108->113(154)
[4340.496s][info][gc,heap        ] GC(1208) Old regions: 505->538
[4340.496s][info][gc,heap        ] GC(1208) Humongous regions: 80->80
[4340.496s][info][gc,metaspace   ] GC(1208) Metaspace: 28914K(29376K)->28914K(29376K) NonClass: 24044K(24256K)->24044K(24256K) Class: 4869K(5120K)->4869K(5120K)
[4340.496s][info][gc             ] GC(1208) Pause Young (Prepare Mixed) (G1 Evacuation Pause) 3625M->1459M(4096M) 123.086ms
[4340.496s][info][gc,cpu         ] GC(1208) User=0.73s Sys=0.00s Real=0.12s
.|..[4342.774s][info][gc,start       ] GC(1209) Pause Young (Mixed) (G1 Evacuation Pause)
[4342.774s][info][gc,task        ] GC(1209) Using 6 workers of 6 for evacuation
[4342.915s][info][gc,phases      ] GC(1209)   Pre Evacuate Collection Set: 0.34ms
[4342.915s][info][gc,phases      ] GC(1209)   Merge Heap Roots: 0.78ms
[4342.915s][info][gc,phases      ] GC(1209)   Evacuate Collection Set: 138.54ms
[4342.915s][info][gc,phases      ] GC(1209)   Post Evacuate Collection Set: 0.95ms
[4342.915s][info][gc,phases      ] GC(1209)   Other: 0.09ms
[4342.915s][info][gc,heap        ] GC(1209) Eden regions: 1101->0(1115)
[4342.915s][info][gc,heap        ] GC(1209) Survivor regions: 113->113(152)
[4342.915s][info][gc,heap        ] GC(1209) Old regions: 538->476
[4342.915s][info][gc,heap        ] GC(1209) Humongous regions: 80->80
[4342.915s][info][gc,metaspace   ] GC(1209) Metaspace: 28914K(29376K)->28914K(29376K) NonClass: 24044K(24256K)->24044K(24256K) Class: 4869K(5120K)->4869K(5120K)
[4342.915s][info][gc             ] GC(1209) Pause Young (Mixed) (G1 Evacuation Pause) 3661M->1336M(4096M) 140.836ms
[4342.915s][info][gc,cpu         ] GC(1209) User=0.84s Sys=0.00s Real=0.14s
..[4345.213s][info][gc,start       ] GC(1210) Pause Young (Concurrent Start) (G1 Evacuation Pause)
[4345.213s][info][gc,task        ] GC(1210) Using 6 workers of 6 for evacuation
[4345.333s][info][gc,phases      ] GC(1210)   Pre Evacuate Collection Set: 0.35ms
[4345.333s][info][gc,phases      ] GC(1210)   Merge Heap Roots: 0.51ms
[4345.333s][info][gc,phases      ] GC(1210)   Evacuate Collection Set: 118.50ms
[4345.333s][info][gc,phases      ] GC(1210)   Post Evacuate Collection Set: 0.84ms
[4345.333s][info][gc,phases      ] GC(1210)   Other: 0.11ms
[4345.333s][info][gc,heap        ] GC(1210) Eden regions: 1115->0(1116)
[4345.333s][info][gc,heap        ] GC(1210) Survivor regions: 113->112(154)
[4345.333s][info][gc,heap        ] GC(1210) Old regions: 476->507
[4345.333s][info][gc,heap        ] GC(1210) Humongous regions: 80->80
[4345.333s][info][gc,metaspace   ] GC(1210) Metaspace: 28914K(29376K)->28914K(29376K) NonClass: 24044K(24256K)->24044K(24256K) Class: 4869K(5120K)->4869K(5120K)
[4345.333s][info][gc             ] GC(1210) Pause Young (Concurrent Start) (G1 Evacuation Pause) 3566M->1397M(4096M) 120.471ms
[4345.333s][info][gc             ] GC(1211) Concurrent Mark Cycle
[4345.333s][info][gc,marking     ] GC(1211) Concurrent Scan Root Regions
[4345.333s][info][gc,cpu         ] GC(1210) User=0.71s Sys=0.00s Real=0.12s
[4345.524s][info][gc,marking     ] GC(1211) Concurrent Scan Root Regions 190.768ms
[4345.524s][info][gc,marking     ] GC(1211) Concurrent Mark
[4345.524s][info][gc,marking     ] GC(1211) Concurrent Mark From Roots
[4345.524s][info][gc,task        ] GC(1211) Using 2 workers of 2 for marking
.[4346.513s][info][gc,marking     ] GC(1211) Concurrent Mark From Roots 989.027ms
[4346.513s][info][gc,marking     ] GC(1211) Concurrent Preclean
[4346.513s][info][gc,marking     ] GC(1211) Concurrent Preclean 0.083ms
[4346.514s][info][gc,start       ] GC(1211) Pause Remark
[4346.520s][info][gc             ] GC(1211) Pause Remark 2471M->2471M(4096M) 6.155ms
[4346.520s][info][gc,cpu         ] GC(1211) User=0.03s Sys=0.00s Real=0.01s
[4346.520s][info][gc,marking     ] GC(1211) Concurrent Mark 995.955ms
[4346.520s][info][gc,marking     ] GC(1211) Concurrent Rebuild Remembered Sets and Scrub Regions
.[4346.976s][info][gc,marking     ] GC(1211) Concurrent Rebuild Remembered Sets and Scrub Regions 456.293ms
[4346.977s][info][gc,start       ] GC(1211) Pause Cleanup
[4346.977s][info][gc             ] GC(1211) Pause Cleanup 3021M->3021M(4096M) 0.121ms
[4346.977s][info][gc,cpu         ] GC(1211) User=0.00s Sys=0.00s Real=0.00s
[4346.979s][info][gc,marking     ] GC(1211) Concurrent Clear Claimed Marks
[4346.979s][info][gc,marking     ] GC(1211) Concurrent Clear Claimed Marks 0.037ms
[4346.979s][info][gc,marking     ] GC(1211) Concurrent Cleanup for Next Mark
[4347.000s][info][gc,marking     ] GC(1211) Concurrent Cleanup for Next Mark 20.872ms
[4347.000s][info][gc             ] GC(1211) Concurrent Mark Cycle 1666.601ms
[4347.649s][info][gc,start       ] GC(1212) Pause Young (Prepare Mixed) (G1 Evacuation Pause)
[4347.650s][info][gc,task        ] GC(1212) Using 6 workers of 6 for evacuation
[4347.775s][info][gc,phases      ] GC(1212)   Pre Evacuate Collection Set: 0.36ms
[4347.775s][info][gc,phases      ] GC(1212)   Merge Heap Roots: 0.62ms
[4347.775s][info][gc,phases      ] GC(1212)   Evacuate Collection Set: 122.38ms
[4347.775s][info][gc,phases      ] GC(1212)   Post Evacuate Collection Set: 0.92ms
[4347.775s][info][gc,phases      ] GC(1212)   Other: 0.83ms
[4347.775s][info][gc,heap        ] GC(1212) Eden regions: 1116->0(1100)
[4347.775s][info][gc,heap        ] GC(1212) Survivor regions: 112->113(154)
[4347.775s][info][gc,heap        ] GC(1212) Old regions: 507->539
[4347.775s][info][gc,heap        ] GC(1212) Humongous regions: 80->80
[4347.775s][info][gc,metaspace   ] GC(1212) Metaspace: 28914K(29376K)->28914K(29376K) NonClass: 24044K(24256K)->24044K(24256K) Class: 4869K(5120K)->4869K(5120K)
[4347.775s][info][gc             ] GC(1212) Pause Young (Prepare Mixed) (G1 Evacuation Pause) 3629M->1463M(4096M) 125.244ms
[4347.775s][info][gc,cpu         ] GC(1212) User=0.74s Sys=0.00s Real=0.12s
...[4349.868s][info][gc,start       ] GC(1213) Pause Young (Mixed) (G1 Evacuation Pause)
[4349.868s][info][gc,task        ] GC(1213) Using 6 workers of 6 for evacuation
[4350.005s][info][gc,phases      ] GC(1213)   Pre Evacuate Collection Set: 0.36ms
[4350.005s][info][gc,phases      ] GC(1213)   Merge Heap Roots: 0.75ms
[4350.005s][info][gc,phases      ] GC(1213)   Evacuate Collection Set: 134.86ms
[4350.005s][info][gc,phases      ] GC(1213)   Post Evacuate Collection Set: 0.94ms
[4350.005s][info][gc,phases      ] GC(1213)   Other: 0.09ms
[4350.005s][info][gc,heap        ] GC(1213) Eden regions: 1100->0(1117)
[4350.005s][info][gc,heap        ] GC(1213) Survivor regions: 113->111(152)
[4350.005s][info][gc,heap        ] GC(1213) Old regions: 539->477
[4350.005s][info][gc,heap        ] GC(1213) Humongous regions: 80->80
[4350.005s][info][gc,metaspace   ] GC(1213) Metaspace: 28914K(29376K)->28914K(29376K) NonClass: 24044K(24256K)->24044K(24256K) Class: 4869K(5120K)->4869K(5120K)
[4350.005s][info][gc             ] GC(1213) Pause Young (Mixed) (G1 Evacuation Pause) 3663M->1333M(4096M) 137.121ms
[4350.005s][info][gc,cpu         ] GC(1213) User=0.82s Sys=0.00s Real=0.14s
..[4352.218s][info][gc,start       ] GC(1214) Pause Young (Concurrent Start) (G1 Evacuation Pause)
[4352.218s][info][gc,task        ] GC(1214) Using 6 workers of 6 for evacuation
[4352.340s][info][gc,phases      ] GC(1214)   Pre Evacuate Collection Set: 0.33ms
[4352.340s][info][gc,phases      ] GC(1214)   Merge Heap Roots: 0.48ms
[4352.340s][info][gc,phases      ] GC(1214)   Evacuate Collection Set: 120.47ms
[4352.340s][info][gc,phases      ] GC(1214)   Post Evacuate Collection Set: 0.82ms
[4352.340s][info][gc,phases      ] GC(1214)   Other: 0.09ms
[4352.340s][info][gc,heap        ] GC(1214) Eden regions: 1117->0(1116)
[4352.340s][info][gc,heap        ] GC(1214) Survivor regions: 111->112(154)
[4352.340s][info][gc,heap        ] GC(1214) Old regions: 477->510
[4352.340s][info][gc,heap        ] GC(1214) Humongous regions: 80->80
[4352.340s][info][gc,metaspace   ] GC(1214) Metaspace: 28914K(29376K)->28914K(29376K) NonClass: 24044K(24256K)->24044K(24256K) Class: 4869K(5120K)->4869K(5120K)
[4352.340s][info][gc             ] GC(1214) Pause Young (Concurrent Start) (G1 Evacuation Pause) 3567M->1401M(4096M) 122.334ms
[4352.340s][info][gc             ] GC(1215) Concurrent Mark Cycle
[4352.340s][info][gc,marking     ] GC(1215) Concurrent Scan Root Regions
[4352.340s][info][gc,cpu         ] GC(1214) User=0.73s Sys=0.00s Real=0.13s
[4352.508s][info][gc,marking     ] GC(1215) Concurrent Scan Root Regions 168.239ms
[4352.508s][info][gc,marking     ] GC(1215) Concurrent Mark
[4352.508s][info][gc,marking     ] GC(1215) Concurrent Mark From Roots
[4352.508s][info][gc,task        ] GC(1215) Using 2 workers of 2 for marking
.[4353.099s][info][gc,marking     ] GC(1215) Concurrent Mark From Roots 590.996ms
[4353.099s][info][gc,marking     ] GC(1215) Concurrent Preclean
[4353.100s][info][gc,marking     ] GC(1215) Concurrent Preclean 0.083ms
[4353.101s][info][gc,start       ] GC(1215) Pause Remark
[4353.106s][info][gc             ] GC(1215) Pause Remark 2073M->2073M(4096M) 5.082ms
[4353.106s][info][gc,cpu         ] GC(1215) User=0.03s Sys=0.00s Real=0.00s
[4353.106s][info][gc,marking     ] GC(1215) Concurrent Mark 597.768ms
[4353.106s][info][gc,marking     ] GC(1215) Concurrent Rebuild Remembered Sets and Scrub Regions
[4353.328s][info][gc,marking     ] GC(1215) Concurrent Rebuild Remembered Sets and Scrub Regions 221.977ms
[4353.329s][info][gc,start       ] GC(1215) Pause Cleanup
[4353.329s][info][gc             ] GC(1215) Pause Cleanup 2265M->2265M(4096M) 0.117ms
[4353.329s][info][gc,cpu         ] GC(1215) User=0.00s Sys=0.00s Real=0.00s
[4353.329s][info][gc,marking     ] GC(1215) Concurrent Clear Claimed Marks
[4353.330s][info][gc,marking     ] GC(1215) Concurrent Clear Claimed Marks 0.032ms
[4353.330s][info][gc,marking     ] GC(1215) Concurrent Cleanup for Next Mark
[4353.335s][info][gc,marking     ] GC(1215) Concurrent Cleanup for Next Mark 5.227ms
[4353.335s][info][gc             ] GC(1215) Concurrent Mark Cycle 994.742ms
.[4354.602s][info][gc,start       ] GC(1216) Pause Young (Prepare Mixed) (G1 Evacuation Pause)
[4354.602s][info][gc,task        ] GC(1216) Using 6 workers of 6 for evacuation
[4354.719s][info][gc,phases      ] GC(1216)   Pre Evacuate Collection Set: 0.34ms
[4354.719s][info][gc,phases      ] GC(1216)   Merge Heap Roots: 0.57ms
[4354.719s][info][gc,phases      ] GC(1216)   Evacuate Collection Set: 115.22ms
[4354.719s][info][gc,phases      ] GC(1216)   Post Evacuate Collection Set: 0.92ms
[4354.719s][info][gc,phases      ] GC(1216)   Other: 0.09ms
[4354.719s][info][gc,heap        ] GC(1216) Eden regions: 1116->0(1104)
[4354.719s][info][gc,heap        ] GC(1216) Survivor regions: 112->110(154)
[4354.719s][info][gc,heap        ] GC(1216) Old regions: 510->541
[4354.719s][info][gc,heap        ] GC(1216) Humongous regions: 80->80
[4354.719s][info][gc,metaspace   ] GC(1216) Metaspace: 28914K(29376K)->28914K(29376K) NonClass: 24044K(24256K)->24044K(24256K) Class: 4869K(5120K)->4869K(5120K)
[4354.719s][info][gc             ] GC(1216) Pause Young (Prepare Mixed) (G1 Evacuation Pause) 3633M->1460M(4096M) 117.288ms
[4354.719s][info][gc,cpu         ] GC(1216) User=0.70s Sys=0.00s Real=0.12s
..[4356.952s][info][gc,start       ] GC(1217) Pause Young (Mixed) (G1 Evacuation Pause)
[4356.952s][info][gc,task        ] GC(1217) Using 6 workers of 6 for evacuation
[4357.083s][info][gc,phases      ] GC(1217)   Pre Evacuate Collection Set: 0.35ms
[4357.083s][info][gc,phases      ] GC(1217)   Merge Heap Roots: 0.66ms
[4357.083s][info][gc,phases      ] GC(1217)   Evacuate Collection Set: 129.64ms
[4357.083s][info][gc,phases      ] GC(1217)   Post Evacuate Collection Set: 0.92ms
[4357.083s][info][gc,phases      ] GC(1217)   Other: 0.09ms
[4357.083s][info][gc,heap        ] GC(1217) Eden regions: 1104->0(1120)
[4357.083s][info][gc,heap        ] GC(1217) Survivor regions: 110->108(152)
[4357.083s][info][gc,heap        ] GC(1217) Old regions: 541->476
[4357.083s][info][gc,heap        ] GC(1217) Humongous regions: 80->80
[4357.083s][info][gc,metaspace   ] GC(1217) Metaspace: 28914K(29376K)->28914K(29376K) NonClass: 24044K(24256K)->24044K(24256K) Class: 4869K(5120K)->4869K(5120K)
[4357.083s][info][gc             ] GC(1217) Pause Young (Mixed) (G1 Evacuation Pause) 3668M->1325M(4096M) 131.782ms
[4357.084s][info][gc,cpu         ] GC(1217) User=0.79s Sys=0.00s Real=0.13s
...[4359.319s][info][gc,start       ] GC(1218) Pause Young (Concurrent Start) (G1 Evacuation Pause)
[4359.319s][info][gc,task        ] GC(1218) Using 6 workers of 6 for evacuation
[4359.438s][info][gc,phases      ] GC(1218)   Pre Evacuate Collection Set: 0.42ms
[4359.438s][info][gc,phases      ] GC(1218)   Merge Heap Roots: 0.55ms
[4359.438s][info][gc,phases      ] GC(1218)   Evacuate Collection Set: 116.64ms
[4359.438s][info][gc,phases      ] GC(1218)   Post Evacuate Collection Set: 0.87ms
[4359.438s][info][gc,phases      ] GC(1218)   Other: 0.15ms
[4359.438s][info][gc,heap        ] GC(1218) Eden regions: 1120->0(1118)
[4359.438s][info][gc,heap        ] GC(1218) Survivor regions: 108->110(154)
[4359.438s][info][gc,heap        ] GC(1218) Old regions: 476->508
[4359.438s][info][gc,heap        ] GC(1218) Humongous regions: 80->80
[4359.438s][info][gc,metaspace   ] GC(1218) Metaspace: 28914K(29376K)->28914K(29376K) NonClass: 24044K(24256K)->24044K(24256K) Class: 4869K(5120K)->4869K(5120K)
[4359.438s][info][gc             ] GC(1218) Pause Young (Concurrent Start) (G1 Evacuation Pause) 3565M->1394M(4096M) 118.768ms
[4359.438s][info][gc             ] GC(1219) Concurrent Mark Cycle
[4359.438s][info][gc,marking     ] GC(1219) Concurrent Scan Root Regions
[4359.438s][info][gc,cpu         ] GC(1218) User=0.71s Sys=0.00s Real=0.11s
[4359.615s][info][gc,marking     ] GC(1219) Concurrent Scan Root Regions 176.944ms
[4359.615s][info][gc,marking     ] GC(1219) Concurrent Mark
[4359.615s][info][gc,marking     ] GC(1219) Concurrent Mark From Roots
[4359.615s][info][gc,task        ] GC(1219) Using 2 workers of 2 for marking
.[4360.556s][info][gc,marking     ] GC(1219) Concurrent Mark From Roots 940.688ms
[4360.556s][info][gc,marking     ] GC(1219) Concurrent Preclean
[4360.556s][info][gc,marking     ] GC(1219) Concurrent Preclean 0.063ms
[4360.557s][info][gc,start       ] GC(1219) Pause Remark
[4360.564s][info][gc             ] GC(1219) Pause Remark 2428M->2428M(4096M) 6.637ms
[4360.564s][info][gc,cpu         ] GC(1219) User=0.04s Sys=0.00s Real=0.01s
[4360.566s][info][gc,marking     ] GC(1219) Concurrent Mark 950.555ms
[4360.566s][info][gc,marking     ] GC(1219) Concurrent Rebuild Remembered Sets and Scrub Regions
[4360.945s][info][gc,marking     ] GC(1219) Concurrent Rebuild Remembered Sets and Scrub Regions 379.500ms
[4360.945s][info][gc,start       ] GC(1219) Pause Cleanup
[4360.946s][info][gc             ] GC(1219) Pause Cleanup 2822M->2822M(4096M) 0.128ms
[4360.946s][info][gc,cpu         ] GC(1219) User=0.00s Sys=0.00s Real=0.00s
[4360.947s][info][gc,marking     ] GC(1219) Concurrent Clear Claimed Marks
[4360.947s][info][gc,marking     ] GC(1219) Concurrent Clear Claimed Marks 0.040ms
[4360.947s][info][gc,marking     ] GC(1219) Concurrent Cleanup for Next Mark
[4360.968s][info][gc,marking     ] GC(1219) Concurrent Cleanup for Next Mark 21.264ms
[4360.968s][info][gc             ] GC(1219) Concurrent Mark Cycle 1530.279ms
.[4361.816s][info][gc,start       ] GC(1220) Pause Young (Prepare Mixed) (G1 Evacuation Pause)
[4361.816s][info][gc,task        ] GC(1220) Using 6 workers of 6 for evacuation
[4361.942s][info][gc,phases      ] GC(1220)   Pre Evacuate Collection Set: 0.31ms
[4361.942s][info][gc,phases      ] GC(1220)   Merge Heap Roots: 0.58ms
[4361.942s][info][gc,phases      ] GC(1220)   Evacuate Collection Set: 124.27ms
[4361.942s][info][gc,phases      ] GC(1220)   Post Evacuate Collection Set: 0.96ms
[4361.942s][info][gc,phases      ] GC(1220)   Other: 0.09ms
[4361.942s][info][gc,heap        ] GC(1220) Eden regions: 1118->0(1094)
[4361.942s][info][gc,heap        ] GC(1220) Survivor regions: 110->116(154)
[4361.942s][info][gc,heap        ] GC(1220) Old regions: 508->539
[4361.942s][info][gc,heap        ] GC(1220) Humongous regions: 80->80
[4361.942s][info][gc,metaspace   ] GC(1220) Metaspace: 28914K(29376K)->28914K(29376K) NonClass: 24044K(24256K)->24044K(24256K) Class: 4869K(5120K)->4869K(5120K)
[4361.942s][info][gc             ] GC(1220) Pause Young (Prepare Mixed) (G1 Evacuation Pause) 3630M->1467M(4096M) 126.330ms
[4361.942s][info][gc,cpu         ] GC(1220) User=0.75s Sys=0.00s Real=0.13s
..[4364.118s][info][gc,start       ] GC(1221) Pause Young (Mixed) (G1 Evacuation Pause)
[4364.118s][info][gc,task        ] GC(1221) Using 6 workers of 6 for evacuation
[4364.256s][info][gc,phases      ] GC(1221)   Pre Evacuate Collection Set: 0.38ms
[4364.256s][info][gc,phases      ] GC(1221)   Merge Heap Roots: 0.76ms
[4364.256s][info][gc,phases      ] GC(1221)   Evacuate Collection Set: 135.36ms
[4364.256s][info][gc,phases      ] GC(1221)   Post Evacuate Collection Set: 0.93ms
[4364.256s][info][gc,phases      ] GC(1221)   Other: 0.09ms
[4364.256s][info][gc,heap        ] GC(1221) Eden regions: 1094->0(1119)
[4364.256s][info][gc,heap        ] GC(1221) Survivor regions: 116->109(152)
[4364.256s][info][gc,heap        ] GC(1221) Old regions: 539->474
[4364.256s][info][gc,heap        ] GC(1221) Humongous regions: 80->80
[4364.256s][info][gc,metaspace   ] GC(1221) Metaspace: 28914K(29376K)->28914K(29376K) NonClass: 24044K(24256K)->24044K(24256K) Class: 4869K(5120K)->4869K(5120K)
[4364.256s][info][gc             ] GC(1221) Pause Young (Mixed) (G1 Evacuation Pause) 3655M->1325M(4096M) 137.655ms
[4364.256s][info][gc,cpu         ] GC(1221) User=0.82s Sys=0.00s Real=0.14s
...[4366.563s][info][gc,start       ] GC(1222) Pause Young (Concurrent Start) (G1 Evacuation Pause)
[4366.563s][info][gc,task        ] GC(1222) Using 6 workers of 6 for evacuation
[4366.685s][info][gc,phases      ] GC(1222)   Pre Evacuate Collection Set: 0.42ms
[4366.686s][info][gc,phases      ] GC(1222)   Merge Heap Roots: 0.53ms
[4366.686s][info][gc,phases      ] GC(1222)   Evacuate Collection Set: 120.41ms
[4366.686s][info][gc,phases      ] GC(1222)   Post Evacuate Collection Set: 0.88ms
[4366.686s][info][gc,phases      ] GC(1222)   Other: 0.12ms
[4366.686s][info][gc,heap        ] GC(1222) Eden regions: 1119->0(1116)
[4366.686s][info][gc,heap        ] GC(1222) Survivor regions: 109->112(154)
[4366.686s][info][gc,heap        ] GC(1222) Old regions: 474->507
[4366.686s][info][gc,heap        ] GC(1222) Humongous regions: 80->80
[4366.686s][info][gc,metaspace   ] GC(1222) Metaspace: 28914K(29376K)->28914K(29376K) NonClass: 24044K(24256K)->24044K(24256K) Class: 4869K(5120K)->4869K(5120K)
[4366.686s][info][gc             ] GC(1222) Pause Young (Concurrent Start) (G1 Evacuation Pause) 3563M->1396M(4096M) 122.502ms
[4366.686s][info][gc             ] GC(1223) Concurrent Mark Cycle
[4366.686s][info][gc,marking     ] GC(1223) Concurrent Scan Root Regions
[4366.686s][info][gc,cpu         ] GC(1222) User=0.73s Sys=0.00s Real=0.12s
[4366.887s][info][gc,marking     ] GC(1223) Concurrent Scan Root Regions 200.924ms
[4366.887s][info][gc,marking     ] GC(1223) Concurrent Mark
[4366.887s][info][gc,marking     ] GC(1223) Concurrent Mark From Roots
[4366.887s][info][gc,task        ] GC(1223) Using 2 workers of 2 for marking
.[4367.938s][info][gc,marking     ] GC(1223) Concurrent Mark From Roots 1051.415ms
[4367.938s][info][gc,marking     ] GC(1223) Concurrent Preclean
[4367.938s][info][gc,marking     ] GC(1223) Concurrent Preclean 0.083ms
[4367.939s][info][gc,start       ] GC(1223) Pause Remark
[4367.945s][info][gc             ] GC(1223) Pause Remark 2596M->2596M(4096M) 5.813ms
[4367.945s][info][gc,cpu         ] GC(1223) User=0.04s Sys=0.00s Real=0.00s
[4367.947s][info][gc,marking     ] GC(1223) Concurrent Mark 1060.578ms
[4367.947s][info][gc,marking     ] GC(1223) Concurrent Rebuild Remembered Sets and Scrub Regions
[4368.301s][info][gc,marking     ] GC(1223) Concurrent Rebuild Remembered Sets and Scrub Regions 354.227ms
[4368.302s][info][gc,start       ] GC(1223) Pause Cleanup
[4368.302s][info][gc             ] GC(1223) Pause Cleanup 2976M->2976M(4096M) 0.120ms
[4368.302s][info][gc,cpu         ] GC(1223) User=0.00s Sys=0.00s Real=0.00s
[4368.302s][info][gc,marking     ] GC(1223) Concurrent Clear Claimed Marks
[4368.302s][info][gc,marking     ] GC(1223) Concurrent Clear Claimed Marks 0.027ms
[4368.302s][info][gc,marking     ] GC(1223) Concurrent Cleanup for Next Mark
[4368.307s][info][gc,marking     ] GC(1223) Concurrent Cleanup for Next Mark 5.200ms
[4368.307s][info][gc             ] GC(1223) Concurrent Mark Cycle 1621.851ms
.[4368.943s][info][gc,start       ] GC(1224) Pause Young (Prepare Mixed) (G1 Evacuation Pause)
[4368.943s][info][gc,task        ] GC(1224) Using 6 workers of 6 for evacuation
[4369.058s][info][gc,phases      ] GC(1224)   Pre Evacuate Collection Set: 0.31ms
[4369.058s][info][gc,phases      ] GC(1224)   Merge Heap Roots: 0.54ms
[4369.058s][info][gc,phases      ] GC(1224)   Evacuate Collection Set: 113.80ms
[4369.058s][info][gc,phases      ] GC(1224)   Post Evacuate Collection Set: 0.89ms
[4369.058s][info][gc,phases      ] GC(1224)   Other: 0.09ms
[4369.058s][info][gc,heap        ] GC(1224) Eden regions: 1116->0(1111)
[4369.058s][info][gc,heap        ] GC(1224) Survivor regions: 112->108(154)
[4369.058s][info][gc,heap        ] GC(1224) Old regions: 507->538
[4369.058s][info][gc,heap        ] GC(1224) Humongous regions: 80->80
[4369.058s][info][gc,metaspace   ] GC(1224) Metaspace: 28914K(29376K)->28914K(29376K) NonClass: 24044K(24256K)->24044K(24256K) Class: 4869K(5120K)->4869K(5120K)
[4369.058s][info][gc             ] GC(1224) Pause Young (Prepare Mixed) (G1 Evacuation Pause) 3628M->1450M(4096M) 115.764ms
[4369.058s][info][gc,cpu         ] GC(1224) User=0.68s Sys=0.00s Real=0.11s
...[4371.371s][info][gc,start       ] GC(1225) Pause Young (Mixed) (G1 Evacuation Pause)
[4371.371s][info][gc,task        ] GC(1225) Using 6 workers of 6 for evacuation
[4371.511s][info][gc,phases      ] GC(1225)   Pre Evacuate Collection Set: 0.38ms
[4371.511s][info][gc,phases      ] GC(1225)   Merge Heap Roots: 0.75ms
[4371.511s][info][gc,phases      ] GC(1225)   Evacuate Collection Set: 137.66ms
[4371.511s][info][gc,phases      ] GC(1225)   Post Evacuate Collection Set: 0.96ms
[4371.511s][info][gc,phases      ] GC(1225)   Other: 0.09ms
[4371.511s][info][gc,heap        ] GC(1225) Eden regions: 1111->0(1113)
[4371.511s][info][gc,heap        ] GC(1225) Survivor regions: 108->115(153)
[4371.511s][info][gc,heap        ] GC(1225) Old regions: 538->476
[4371.511s][info][gc,heap        ] GC(1225) Humongous regions: 80->80
[4371.511s][info][gc,metaspace   ] GC(1225) Metaspace: 28914K(29376K)->28914K(29376K) NonClass: 24044K(24256K)->24044K(24256K) Class: 4869K(5120K)->4869K(5120K)
[4371.511s][info][gc             ] GC(1225) Pause Young (Mixed) (G1 Evacuation Pause) 3672M->1339M(4096M) 139.986ms
[4371.511s][info][gc,cpu         ] GC(1225) User=0.83s Sys=0.00s Real=0.14s
..[4373.828s][info][gc,start       ] GC(1226) Pause Young (Concurrent Start) (G1 Evacuation Pause)
[4373.828s][info][gc,task        ] GC(1226) Using 6 workers of 6 for evacuation
[4373.949s][info][gc,phases      ] GC(1226)   Pre Evacuate Collection Set: 0.37ms
[4373.949s][info][gc,phases      ] GC(1226)   Merge Heap Roots: 0.53ms
[4373.949s][info][gc,phases      ] GC(1226)   Evacuate Collection Set: 119.12ms
[4373.949s][info][gc,phases      ] GC(1226)   Post Evacuate Collection Set: 0.87ms
[4373.949s][info][gc,phases      ] GC(1226)   Other: 0.11ms
[4373.949s][info][gc,heap        ] GC(1226) Eden regions: 1113->0(1118)
[4373.949s][info][gc,heap        ] GC(1226) Survivor regions: 115->110(154)
[4373.949s][info][gc,heap        ] GC(1226) Old regions: 476->508
[4373.949s][info][gc,heap        ] GC(1226) Humongous regions: 80->80
[4373.949s][info][gc,metaspace   ] GC(1226) Metaspace: 28914K(29376K)->28914K(29376K) NonClass: 24044K(24256K)->24044K(24256K) Class: 4869K(5120K)->4869K(5120K)
[4373.949s][info][gc             ] GC(1226) Pause Young (Concurrent Start) (G1 Evacuation Pause) 3565M->1395M(4096M) 121.134ms
[4373.949s][info][gc             ] GC(1227) Concurrent Mark Cycle
[4373.949s][info][gc,marking     ] GC(1227) Concurrent Scan Root Regions
[4373.949s][info][gc,cpu         ] GC(1226) User=0.72s Sys=0.00s Real=0.13s
[4374.098s][info][gc,marking     ] GC(1227) Concurrent Scan Root Regions 148.266ms
[4374.098s][info][gc,marking     ] GC(1227) Concurrent Mark
[4374.098s][info][gc,marking     ] GC(1227) Concurrent Mark From Roots
[4374.098s][info][gc,task        ] GC(1227) Using 2 workers of 2 for marking
.[4374.847s][info][gc,marking     ] GC(1227) Concurrent Mark From Roots 749.029ms
[4374.847s][info][gc,marking     ] GC(1227) Concurrent Preclean
[4374.847s][info][gc,marking     ] GC(1227) Concurrent Preclean 0.089ms
[4374.848s][info][gc,start       ] GC(1227) Pause Remark
[4374.853s][info][gc             ] GC(1227) Pause Remark 2235M->2235M(4096M) 4.455ms
[4374.853s][info][gc,cpu         ] GC(1227) User=0.03s Sys=0.00s Real=0.01s
[4374.853s][info][gc,marking     ] GC(1227) Concurrent Mark 755.010ms
[4374.853s][info][gc,marking     ] GC(1227) Concurrent Rebuild Remembered Sets and Scrub Regions
[4375.108s][info][gc,marking     ] GC(1227) Concurrent Rebuild Remembered Sets and Scrub Regions 255.108ms
[4375.108s][info][gc,start       ] GC(1227) Pause Cleanup
[4375.108s][info][gc             ] GC(1227) Pause Cleanup 2473M->2473M(4096M) 0.124ms
[4375.108s][info][gc,cpu         ] GC(1227) User=0.00s Sys=0.00s Real=0.00s
[4375.109s][info][gc,marking     ] GC(1227) Concurrent Clear Claimed Marks
[4375.109s][info][gc,marking     ] GC(1227) Concurrent Clear Claimed Marks 0.029ms
[4375.109s][info][gc,marking     ] GC(1227) Concurrent Cleanup for Next Mark
[4375.114s][info][gc,marking     ] GC(1227) Concurrent Cleanup for Next Mark 5.309ms
[4375.114s][info][gc             ] GC(1227) Concurrent Mark Cycle 1164.531ms
.[4376.281s][info][gc,start       ] GC(1228) Pause Young (Prepare Mixed) (G1 Evacuation Pause)
[4376.281s][info][gc,task        ] GC(1228) Using 6 workers of 6 for evacuation
[4376.406s][info][gc,phases      ] GC(1228)   Pre Evacuate Collection Set: 0.34ms
[4376.406s][info][gc,phases      ] GC(1228)   Merge Heap Roots: 0.56ms
[4376.406s][info][gc,phases      ] GC(1228)   Evacuate Collection Set: 123.24ms
[4376.406s][info][gc,phases      ] GC(1228)   Post Evacuate Collection Set: 1.01ms
[4376.406s][info][gc,phases      ] GC(1228)   Other: 0.09ms
[4376.406s][info][gc,heap        ] GC(1228) Eden regions: 1118->0(1094)
[4376.406s][info][gc,heap        ] GC(1228) Survivor regions: 110->116(154)
[4376.407s][info][gc,heap        ] GC(1228) Old regions: 508->539
[4376.407s][info][gc,heap        ] GC(1228) Humongous regions: 80->80
[4376.407s][info][gc,metaspace   ] GC(1228) Metaspace: 28914K(29376K)->28914K(29376K) NonClass: 24044K(24256K)->24044K(24256K) Class: 4869K(5120K)->4869K(5120K)
[4376.407s][info][gc             ] GC(1228) Pause Young (Prepare Mixed) (G1 Evacuation Pause) 3631M->1469M(4096M) 125.384ms
[4376.407s][info][gc,cpu         ] GC(1228) User=0.75s Sys=0.00s Real=0.12s
...[4378.580s][info][gc,start       ] GC(1229) Pause Young (Mixed) (G1 Evacuation Pause)
[4378.580s][info][gc,task        ] GC(1229) Using 6 workers of 6 for evacuation
[4378.716s][info][gc,phases      ] GC(1229)   Pre Evacuate Collection Set: 0.34ms
[4378.716s][info][gc,phases      ] GC(1229)   Merge Heap Roots: 0.77ms
[4378.716s][info][gc,phases      ] GC(1229)   Evacuate Collection Set: 133.22ms
[4378.716s][info][gc,phases      ] GC(1229)   Post Evacuate Collection Set: 0.95ms
[4378.716s][info][gc,phases      ] GC(1229)   Other: 0.09ms
[4378.716s][info][gc,heap        ] GC(1229) Eden regions: 1094->0(1118)
[4378.716s][info][gc,heap        ] GC(1229) Survivor regions: 116->110(152)
[4378.716s][info][gc,heap        ] GC(1229) Old regions: 539->474
[4378.716s][info][gc,heap        ] GC(1229) Humongous regions: 80->80
[4378.716s][info][gc,metaspace   ] GC(1229) Metaspace: 28914K(29376K)->28914K(29376K) NonClass: 24044K(24256K)->24044K(24256K) Class: 4869K(5120K)->4869K(5120K)
[4378.716s][info][gc             ] GC(1229) Pause Young (Mixed) (G1 Evacuation Pause) 3657M->1326M(4096M) 135.489ms
[4378.716s][info][gc,cpu         ] GC(1229) User=0.81s Sys=0.00s Real=0.13s
..[4381.008s][info][gc,start       ] GC(1230) Pause Young (Concurrent Start) (G1 Evacuation Pause)
[4381.008s][info][gc,task        ] GC(1230) Using 6 workers of 6 for evacuation
[4381.124s][info][gc,phases      ] GC(1230)   Pre Evacuate Collection Set: 0.36ms
[4381.124s][info][gc,phases      ] GC(1230)   Merge Heap Roots: 0.49ms
[4381.124s][info][gc,phases      ] GC(1230)   Evacuate Collection Set: 114.37ms
[4381.124s][info][gc,phases      ] GC(1230)   Post Evacuate Collection Set: 0.85ms
[4381.124s][info][gc,phases      ] GC(1230)   Other: 0.11ms
[4381.124s][info][gc,heap        ] GC(1230) Eden regions: 1118->0(1122)
[4381.124s][info][gc,heap        ] GC(1230) Survivor regions: 110->106(154)
[4381.124s][info][gc,heap        ] GC(1230) Old regions: 474->508
[4381.124s][info][gc,heap        ] GC(1230) Humongous regions: 80->80
[4381.124s][info][gc,metaspace   ] GC(1230) Metaspace: 28914K(29376K)->28914K(29376K) NonClass: 24044K(24256K)->24044K(24256K) Class: 4869K(5120K)->4869K(5120K)
[4381.124s][info][gc             ] GC(1230) Pause Young (Concurrent Start) (G1 Evacuation Pause) 3562M->1386M(4096M) 116.300ms
[4381.124s][info][gc             ] GC(1231) Concurrent Mark Cycle
[4381.124s][info][gc,marking     ] GC(1231) Concurrent Scan Root Regions
[4381.124s][info][gc,cpu         ] GC(1230) User=0.69s Sys=0.00s Real=0.12s
[4381.313s][info][gc,marking     ] GC(1231) Concurrent Scan Root Regions 188.941ms
[4381.313s][info][gc,marking     ] GC(1231) Concurrent Mark
[4381.313s][info][gc,marking     ] GC(1231) Concurrent Mark From Roots
[4381.313s][info][gc,task        ] GC(1231) Using 2 workers of 2 for marking
.[4382.306s][info][gc,marking     ] GC(1231) Concurrent Mark From Roots 992.591ms
[4382.306s][info][gc,marking     ] GC(1231) Concurrent Preclean
[4382.306s][info][gc,marking     ] GC(1231) Concurrent Preclean 0.090ms
[4382.306s][info][gc,start       ] GC(1231) Pause Remark
[4382.312s][info][gc             ] GC(1231) Pause Remark 2515M->2515M(4096M) 5.464ms
[4382.312s][info][gc,cpu         ] GC(1231) User=0.03s Sys=0.00s Real=0.01s
[4382.312s][info][gc,marking     ] GC(1231) Concurrent Mark 998.674ms
[4382.312s][info][gc,marking     ] GC(1231) Concurrent Rebuild Remembered Sets and Scrub Regions
[4382.721s][info][gc,marking     ] GC(1231) Concurrent Rebuild Remembered Sets and Scrub Regions 408.654ms
[4382.721s][info][gc,start       ] GC(1231) Pause Cleanup
[4382.722s][info][gc             ] GC(1231) Pause Cleanup 2856M->2856M(4096M) 0.122ms
[4382.722s][info][gc,cpu         ] GC(1231) User=0.00s Sys=0.00s Real=0.00s
[4382.722s][info][gc,marking     ] GC(1231) Concurrent Clear Claimed Marks
[4382.722s][info][gc,marking     ] GC(1231) Concurrent Clear Claimed Marks 0.039ms
[4382.722s][info][gc,marking     ] GC(1231) Concurrent Cleanup for Next Mark
.[4382.764s][info][gc,marking     ] GC(1231) Concurrent Cleanup for Next Mark 42.172ms
[4382.764s][info][gc             ] GC(1231) Concurrent Mark Cycle 1639.595ms
[4383.390s][info][gc,start       ] GC(1232) Pause Young (Prepare Mixed) (G1 Evacuation Pause)
[4383.390s][info][gc,task        ] GC(1232) Using 6 workers of 6 for evacuation
[4383.511s][info][gc,phases      ] GC(1232)   Pre Evacuate Collection Set: 0.33ms
[4383.511s][info][gc,phases      ] GC(1232)   Merge Heap Roots: 0.53ms
[4383.511s][info][gc,phases      ] GC(1232)   Evacuate Collection Set: 118.44ms
[4383.511s][info][gc,phases      ] GC(1232)   Post Evacuate Collection Set: 0.90ms
[4383.511s][info][gc,phases      ] GC(1232)   Other: 0.09ms
[4383.511s][info][gc,heap        ] GC(1232) Eden regions: 1122->0(1103)
[4383.511s][info][gc,heap        ] GC(1232) Survivor regions: 106->112(154)
[4383.511s][info][gc,heap        ] GC(1232) Old regions: 508->538
[4383.511s][info][gc,heap        ] GC(1232) Humongous regions: 80->80
[4383.511s][info][gc,metaspace   ] GC(1232) Metaspace: 28914K(29376K)->28914K(29376K) NonClass: 24044K(24256K)->24044K(24256K) Class: 4869K(5120K)->4869K(5120K)
[4383.511s][info][gc             ] GC(1232) Pause Young (Prepare Mixed) (G1 Evacuation Pause) 3630M->1459M(4096M) 120.417ms
[4383.511s][info][gc,cpu         ] GC(1232) User=0.71s Sys=0.00s Real=0.12s
...[4385.781s][info][gc,start       ] GC(1233) Pause Young (Mixed) (G1 Evacuation Pause)
[4385.781s][info][gc,task        ] GC(1233) Using 6 workers of 6 for evacuation
[4385.915s][info][gc,phases      ] GC(1233)   Pre Evacuate Collection Set: 0.39ms
[4385.915s][info][gc,phases      ] GC(1233)   Merge Heap Roots: 0.70ms
[4385.915s][info][gc,phases      ] GC(1233)   Evacuate Collection Set: 131.80ms
[4385.915s][info][gc,phases      ] GC(1233)   Post Evacuate Collection Set: 0.94ms
[4385.915s][info][gc,phases      ] GC(1233)   Other: 0.09ms
[4385.915s][info][gc,heap        ] GC(1233) Eden regions: 1103->0(1117)
[4385.915s][info][gc,heap        ] GC(1233) Survivor regions: 112->111(152)
[4385.915s][info][gc,heap        ] GC(1233) Old regions: 538->476
[4385.915s][info][gc,heap        ] GC(1233) Humongous regions: 80->80
[4385.915s][info][gc,metaspace   ] GC(1233) Metaspace: 28914K(29376K)->28914K(29376K) NonClass: 24044K(24256K)->24044K(24256K) Class: 4869K(5120K)->4869K(5120K)
[4385.915s][info][gc             ] GC(1233) Pause Young (Mixed) (G1 Evacuation Pause) 3665M->1333M(4096M) 134.028ms
[4385.915s][info][gc,cpu         ] GC(1233) User=0.80s Sys=0.00s Real=0.13s
..[4388.064s][info][gc,start       ] GC(1234) Pause Young (Concurrent Start) (G1 Evacuation Pause)
[4388.064s][info][gc,task        ] GC(1234) Using 6 workers of 6 for evacuation
[4388.181s][info][gc,phases      ] GC(1234)   Pre Evacuate Collection Set: 0.39ms
[4388.181s][info][gc,phases      ] GC(1234)   Merge Heap Roots: 0.52ms
[4388.181s][info][gc,phases      ] GC(1234)   Evacuate Collection Set: 114.38ms
[4388.181s][info][gc,phases      ] GC(1234)   Post Evacuate Collection Set: 0.86ms
[4388.181s][info][gc,phases      ] GC(1234)   Other: 0.12ms
[4388.181s][info][gc,heap        ] GC(1234) Eden regions: 1117->0(1120)
[4388.181s][info][gc,heap        ] GC(1234) Survivor regions: 111->108(154)
[4388.181s][info][gc,heap        ] GC(1234) Old regions: 476->508
[4388.181s][info][gc,heap        ] GC(1234) Humongous regions: 80->80
[4388.181s][info][gc,metaspace   ] GC(1234) Metaspace: 28914K(29376K)->28914K(29376K) NonClass: 24044K(24256K)->24044K(24256K) Class: 4869K(5120K)->4869K(5120K)
[4388.181s][info][gc             ] GC(1234) Pause Young (Concurrent Start) (G1 Evacuation Pause) 3567M->1390M(4096M) 116.400ms
[4388.181s][info][gc             ] GC(1235) Concurrent Mark Cycle
[4388.181s][info][gc,marking     ] GC(1235) Concurrent Scan Root Regions
[4388.181s][info][gc,cpu         ] GC(1234) User=0.69s Sys=0.00s Real=0.12s
[4388.354s][info][gc,marking     ] GC(1235) Concurrent Scan Root Regions 173.231ms
[4388.354s][info][gc,marking     ] GC(1235) Concurrent Mark
[4388.354s][info][gc,marking     ] GC(1235) Concurrent Mark From Roots
[4388.354s][info][gc,task        ] GC(1235) Using 2 workers of 2 for marking
.[4389.326s][info][gc,marking     ] GC(1235) Concurrent Mark From Roots 971.683ms
[4389.326s][info][gc,marking     ] GC(1235) Concurrent Preclean
[4389.326s][info][gc,marking     ] GC(1235) Concurrent Preclean 0.078ms
[4389.330s][info][gc,start       ] GC(1235) Pause Remark
[4389.335s][info][gc             ] GC(1235) Pause Remark 2458M->2458M(4096M) 4.514ms
[4389.335s][info][gc,cpu         ] GC(1235) User=0.02s Sys=0.00s Real=0.00s
[4389.335s][info][gc,marking     ] GC(1235) Concurrent Mark 980.792ms
[4389.335s][info][gc,marking     ] GC(1235) Concurrent Rebuild Remembered Sets and Scrub Regions
[4389.603s][info][gc,marking     ] GC(1235) Concurrent Rebuild Remembered Sets and Scrub Regions 268.440ms
[4389.604s][info][gc,start       ] GC(1235) Pause Cleanup
[4389.605s][info][gc             ] GC(1235) Pause Cleanup 2720M->2720M(4096M) 0.114ms
[4389.605s][info][gc,cpu         ] GC(1235) User=0.00s Sys=0.00s Real=0.00s
[4389.605s][info][gc,marking     ] GC(1235) Concurrent Clear Claimed Marks
[4389.605s][info][gc,marking     ] GC(1235) Concurrent Clear Claimed Marks 0.040ms
[4389.605s][info][gc,marking     ] GC(1235) Concurrent Cleanup for Next Mark
[4389.624s][info][gc,marking     ] GC(1235) Concurrent Cleanup for Next Mark 19.288ms
[4389.624s][info][gc             ] GC(1235) Concurrent Mark Cycle 1443.217ms
.[4390.528s][info][gc,start       ] GC(1236) Pause Young (Prepare Mixed) (G1 Evacuation Pause)
[4390.528s][info][gc,task        ] GC(1236) Using 6 workers of 6 for evacuation
[4390.649s][info][gc,phases      ] GC(1236)   Pre Evacuate Collection Set: 0.35ms
[4390.649s][info][gc,phases      ] GC(1236)   Merge Heap Roots: 0.59ms
[4390.649s][info][gc,phases      ] GC(1236)   Evacuate Collection Set: 119.04ms
[4390.649s][info][gc,phases      ] GC(1236)   Post Evacuate Collection Set: 0.93ms
[4390.649s][info][gc,phases      ] GC(1236)   Other: 0.09ms
[4390.649s][info][gc,heap        ] GC(1236) Eden regions: 1120->0(1102)
[4390.649s][info][gc,heap        ] GC(1236) Survivor regions: 108->111(154)
[4390.649s][info][gc,heap        ] GC(1236) Old regions: 508->541
[4390.649s][info][gc,heap        ] GC(1236) Humongous regions: 80->80
[4390.649s][info][gc,metaspace   ] GC(1236) Metaspace: 28914K(29376K)->28914K(29376K) NonClass: 24044K(24256K)->24044K(24256K) Class: 4869K(5120K)->4869K(5120K)
[4390.649s][info][gc             ] GC(1236) Pause Young (Prepare Mixed) (G1 Evacuation Pause) 3630M->1462M(4096M) 121.123ms
[4390.649s][info][gc,cpu         ] GC(1236) User=0.72s Sys=0.00s Real=0.12s
...[4392.941s][info][gc,start       ] GC(1237) Pause Young (Mixed) (G1 Evacuation Pause)
[4392.941s][info][gc,task        ] GC(1237) Using 6 workers of 6 for evacuation
[4393.074s][info][gc,phases      ] GC(1237)   Pre Evacuate Collection Set: 0.39ms
[4393.074s][info][gc,phases      ] GC(1237)   Merge Heap Roots: 0.76ms
[4393.074s][info][gc,phases      ] GC(1237)   Evacuate Collection Set: 130.37ms
[4393.074s][info][gc,phases      ] GC(1237)   Post Evacuate Collection Set: 0.96ms
[4393.074s][info][gc,phases      ] GC(1237)   Other: 0.09ms
[4393.074s][info][gc,heap        ] GC(1237) Eden regions: 1102->0(1119)
[4393.074s][info][gc,heap        ] GC(1237) Survivor regions: 111->109(152)
[4393.074s][info][gc,heap        ] GC(1237) Old regions: 541->476
[4393.074s][info][gc,heap        ] GC(1237) Humongous regions: 80->80
[4393.074s][info][gc,metaspace   ] GC(1237) Metaspace: 28914K(29376K)->28914K(29376K) NonClass: 24044K(24256K)->24044K(24256K) Class: 4869K(5120K)->4869K(5120K)
[4393.074s][info][gc             ] GC(1237) Pause Young (Mixed) (G1 Evacuation Pause) 3666M->1327M(4096M) 132.700ms
[4393.074s][info][gc,cpu         ] GC(1237) User=0.79s Sys=0.00s Real=0.13s
..[4395.329s][info][gc,start       ] GC(1238) Pause Young (Concurrent Start) (G1 Evacuation Pause)
[4395.329s][info][gc,task        ] GC(1238) Using 6 workers of 6 for evacuation
[4395.447s][info][gc,phases      ] GC(1238)   Pre Evacuate Collection Set: 0.39ms
[4395.447s][info][gc,phases      ] GC(1238)   Merge Heap Roots: 0.52ms
[4395.447s][info][gc,phases      ] GC(1238)   Evacuate Collection Set: 116.10ms
[4395.447s][info][gc,phases      ] GC(1238)   Post Evacuate Collection Set: 0.86ms
[4395.447s][info][gc,phases      ] GC(1238)   Other: 0.12ms
[4395.447s][info][gc,heap        ] GC(1238) Eden regions: 1119->0(1118)
[4395.447s][info][gc,heap        ] GC(1238) Survivor regions: 109->110(154)
[4395.447s][info][gc,heap        ] GC(1238) Old regions: 476->508
[4395.447s][info][gc,heap        ] GC(1238) Humongous regions: 80->80
[4395.447s][info][gc,metaspace   ] GC(1238) Metaspace: 28914K(29376K)->28914K(29376K) NonClass: 24044K(24256K)->24044K(24256K) Class: 4869K(5120K)->4869K(5120K)
[4395.447s][info][gc             ] GC(1238) Pause Young (Concurrent Start) (G1 Evacuation Pause) 3565M->1394M(4096M) 118.116ms
[4395.447s][info][gc             ] GC(1239) Concurrent Mark Cycle
[4395.447s][info][gc,marking     ] GC(1239) Concurrent Scan Root Regions
[4395.447s][info][gc,cpu         ] GC(1238) User=0.70s Sys=0.00s Real=0.12s
[4395.644s][info][gc,marking     ] GC(1239) Concurrent Scan Root Regions 196.748ms
[4395.644s][info][gc,marking     ] GC(1239) Concurrent Mark
[4395.644s][info][gc,marking     ] GC(1239) Concurrent Mark From Roots
[4395.644s][info][gc,task        ] GC(1239) Using 2 workers of 2 for marking
.[4396.453s][info][gc,marking     ] GC(1239) Concurrent Mark From Roots 809.613ms
[4396.454s][info][gc,marking     ] GC(1239) Concurrent Preclean
[4396.454s][info][gc,marking     ] GC(1239) Concurrent Preclean 0.096ms
[4396.456s][info][gc,start       ] GC(1239) Pause Remark
[4396.459s][info][gc             ] GC(1239) Pause Remark 2374M->2374M(4096M) 3.370ms
[4396.459s][info][gc,cpu         ] GC(1239) User=0.02s Sys=0.00s Real=0.01s
[4396.459s][info][gc,marking     ] GC(1239) Concurrent Mark 815.427ms
[4396.459s][info][gc,marking     ] GC(1239) Concurrent Rebuild Remembered Sets and Scrub Regions
[4396.751s][info][gc,marking     ] GC(1239) Concurrent Rebuild Remembered Sets and Scrub Regions 291.858ms
[4396.752s][info][gc,start       ] GC(1239) Pause Cleanup
[4396.752s][info][gc             ] GC(1239) Pause Cleanup 2589M->2589M(4096M) 0.127ms
[4396.752s][info][gc,cpu         ] GC(1239) User=0.00s Sys=0.00s Real=0.00s
[4396.754s][info][gc,marking     ] GC(1239) Concurrent Clear Claimed Marks
[4396.754s][info][gc,marking     ] GC(1239) Concurrent Clear Claimed Marks 0.049ms
[4396.754s][info][gc,marking     ] GC(1239) Concurrent Cleanup for Next Mark
[4396.768s][info][gc,marking     ] GC(1239) Concurrent Cleanup for Next Mark 14.418ms
[4396.768s][info][gc             ] GC(1239) Concurrent Mark Cycle 1321.315ms
.[4397.683s][info][gc,start       ] GC(1240) Pause Young (Prepare Mixed) (G1 Evacuation Pause)
[4397.683s][info][gc,task        ] GC(1240) Using 6 workers of 6 for evacuation
[4397.807s][info][gc,phases      ] GC(1240)   Pre Evacuate Collection Set: 0.33ms
[4397.807s][info][gc,phases      ] GC(1240)   Merge Heap Roots: 0.56ms
[4397.807s][info][gc,phases      ] GC(1240)   Evacuate Collection Set: 122.02ms
[4397.807s][info][gc,phases      ] GC(1240)   Post Evacuate Collection Set: 0.90ms
[4397.807s][info][gc,phases      ] GC(1240)   Other: 0.09ms
[4397.807s][info][gc,heap        ] GC(1240) Eden regions: 1118->0(1099)
[4397.807s][info][gc,heap        ] GC(1240) Survivor regions: 110->113(154)
[4397.807s][info][gc,heap        ] GC(1240) Old regions: 508->540
[4397.807s][info][gc,heap        ] GC(1240) Humongous regions: 80->80
[4397.807s][info][gc,metaspace   ] GC(1240) Metaspace: 28914K(29376K)->28914K(29376K) NonClass: 24044K(24256K)->24044K(24256K) Class: 4869K(5120K)->4869K(5120K)
[4397.807s][info][gc             ] GC(1240) Pause Young (Prepare Mixed) (G1 Evacuation Pause) 3630M->1464M(4096M) 124.066ms
[4397.807s][info][gc,cpu         ] GC(1240) User=0.74s Sys=0.00s Real=0.12s
...[4400.098s][info][gc,start       ] GC(1241) Pause Young (Mixed) (G1 Evacuation Pause)
[4400.098s][info][gc,task        ] GC(1241) Using 6 workers of 6 for evacuation
[4400.231s][info][gc,phases      ] GC(1241)   Pre Evacuate Collection Set: 0.38ms
[4400.231s][info][gc,phases      ] GC(1241)   Merge Heap Roots: 0.75ms
[4400.231s][info][gc,phases      ] GC(1241)   Evacuate Collection Set: 130.26ms
[4400.231s][info][gc,phases      ] GC(1241)   Post Evacuate Collection Set: 0.94ms
[4400.231s][info][gc,phases      ] GC(1241)   Other: 0.09ms
[4400.231s][info][gc,heap        ] GC(1241) Eden regions: 1099->0(1119)
[4400.231s][info][gc,heap        ] GC(1241) Survivor regions: 113->109(152)
[4400.231s][info][gc,heap        ] GC(1241) Old regions: 540->474
[4400.231s][info][gc,heap        ] GC(1241) Humongous regions: 80->80
[4400.231s][info][gc,metaspace   ] GC(1241) Metaspace: 28914K(29376K)->28914K(29376K) NonClass: 24044K(24256K)->24044K(24256K) Class: 4869K(5120K)->4869K(5120K)
[4400.231s][info][gc             ] GC(1241) Pause Young (Mixed) (G1 Evacuation Pause) 3662M->1324M(4096M) 132.544ms
[4400.231s][info][gc,cpu         ] GC(1241) User=0.79s Sys=0.00s Real=0.14s
. (rIR:aIR:PR = 7887:7890:7890) (tPR = 116971) [OK] 
  4400s: Performance info:
         Transaction,    Success,    Partial,     Failed,   Receipts, AvgBarcode, 
             Overall,     476756,          0,          0,     452827,      59.48, 
         Response times:
             Request,    Success,    Partial,     Failed,   SkipFail,     Probes,    Samples,      min,      p50,      p90,      p95,      p99,      max, 
       TotalPurchase,     452896,          0,          0,          0,     355206,     430269,      300,     7100,    93000,   133000,   197000,   345000,
     InStorePurchase,     238718,          0,          0,          0,     186579,     225968,      300,     7100,    93000,   133550,   197000,   345000,
      OnlinePurchase,     166422,          0,          0,          0,     130974,     158583,      300,     7000,    92000,   132000,   197000,   334000,
        InstPurchase,      47756,          0,          0,          0,      37653,      45718,      400,     7600,    99000,   136000,   199000,   334000,
          AssocOfCat,        476,          0,          0,          0,        384,        568,    24000,    50000,   161000,   191100,   278100,   329000,
      AssocOfProduct,       4778,          0,          0,          0,       4440,       5588,      800,     6600,    86000,   129550,   192000,   332000,
      BusinessReport,       1189,          0,          0,          0,       1045,       1406,    27000,    51000,   155600,   189650,   241790,   322000,
          CustBuyBeh,       4773,          0,          0,          0,       4488,       5677,      200,     6900,    95000,   135000,   197000,   276000,
       ProductReturn,      12717,          0,          0,          0,       9580,      11767,      200,     7200,    95000,   136000,   194000,   285000,

  4400s: (58%)   IR =   8025 .[4402.508s][info][gc,start       ] GC(1242) Pause Young (Concurrent Start) (G1 Evacuation Pause)
[4402.508s][info][gc,task        ] GC(1242) Using 6 workers of 6 for evacuation
[4402.630s][info][gc,phases      ] GC(1242)   Pre Evacuate Collection Set: 0.37ms
[4402.630s][info][gc,phases      ] GC(1242)   Merge Heap Roots: 0.55ms
[4402.630s][info][gc,phases      ] GC(1242)   Evacuate Collection Set: 119.88ms
[4402.630s][info][gc,phases      ] GC(1242)   Post Evacuate Collection Set: 0.89ms
[4402.630s][info][gc,phases      ] GC(1242)   Other: 0.10ms
[4402.630s][info][gc,heap        ] GC(1242) Eden regions: 1119->0(1115)
[4402.630s][info][gc,heap        ] GC(1242) Survivor regions: 109->113(154)
[4402.630s][info][gc,heap        ] GC(1242) Old regions: 474->505
[4402.630s][info][gc,heap        ] GC(1242) Humongous regions: 80->80
[4402.630s][info][gc,metaspace   ] GC(1242) Metaspace: 28914K(29376K)->28914K(29376K) NonClass: 24044K(24256K)->24044K(24256K) Class: 4869K(5120K)->4869K(5120K)
[4402.630s][info][gc             ] GC(1242) Pause Young (Concurrent Start) (G1 Evacuation Pause) 3562M->1395M(4096M) 121.936ms
[4402.630s][info][gc             ] GC(1243) Concurrent Mark Cycle
[4402.630s][info][gc,marking     ] GC(1243) Concurrent Scan Root Regions
[4402.630s][info][gc,cpu         ] GC(1242) User=0.72s Sys=0.00s Real=0.13s
[4402.785s][info][gc,marking     ] GC(1243) Concurrent Scan Root Regions 154.969ms
[4402.785s][info][gc,marking     ] GC(1243) Concurrent Mark
[4402.785s][info][gc,marking     ] GC(1243) Concurrent Mark From Roots
[4402.785s][info][gc,task        ] GC(1243) Using 2 workers of 2 for marking
.[4403.570s][info][gc,marking     ] GC(1243) Concurrent Mark From Roots 785.639ms
[4403.570s][info][gc,marking     ] GC(1243) Concurrent Preclean
[4403.571s][info][gc,marking     ] GC(1243) Concurrent Preclean 0.104ms
[4403.572s][info][gc,start       ] GC(1243) Pause Remark
[4403.577s][info][gc             ] GC(1243) Pause Remark 2269M->2269M(4096M) 4.871ms
[4403.577s][info][gc,cpu         ] GC(1243) User=0.03s Sys=0.00s Real=0.00s
[4403.577s][info][gc,marking     ] GC(1243) Concurrent Mark 792.279ms
[4403.577s][info][gc,marking     ] GC(1243) Concurrent Rebuild Remembered Sets and Scrub Regions
[4403.902s][info][gc,marking     ] GC(1243) Concurrent Rebuild Remembered Sets and Scrub Regions 324.766ms
[4403.902s][info][gc,start       ] GC(1243) Pause Cleanup
[4403.903s][info][gc             ] GC(1243) Pause Cleanup 2567M->2567M(4096M) 0.123ms
[4403.903s][info][gc,cpu         ] GC(1243) User=0.00s Sys=0.00s Real=0.00s
[4403.904s][info][gc,marking     ] GC(1243) Concurrent Clear Claimed Marks
[4403.904s][info][gc,marking     ] GC(1243) Concurrent Clear Claimed Marks 0.044ms
[4403.904s][info][gc,marking     ] GC(1243) Concurrent Cleanup for Next Mark
[4403.919s][info][gc,marking     ] GC(1243) Concurrent Cleanup for Next Mark 15.524ms
[4403.919s][info][gc             ] GC(1243) Concurrent Mark Cycle 1289.475ms
.[4404.861s][info][gc,start       ] GC(1244) Pause Young (Prepare Mixed) (G1 Evacuation Pause)
[4404.861s][info][gc,task        ] GC(1244) Using 6 workers of 6 for evacuation
[4404.989s][info][gc,phases      ] GC(1244)   Pre Evacuate Collection Set: 0.30ms
[4404.989s][info][gc,phases      ] GC(1244)   Merge Heap Roots: 0.55ms
[4404.989s][info][gc,phases      ] GC(1244)   Evacuate Collection Set: 126.17ms
[4404.989s][info][gc,phases      ] GC(1244)   Post Evacuate Collection Set: 0.96ms
[4404.989s][info][gc,phases      ] GC(1244)   Other: 0.08ms
[4404.989s][info][gc,heap        ] GC(1244) Eden regions: 1115->0(1094)
[4404.989s][info][gc,heap        ] GC(1244) Survivor regions: 113->117(154)
[4404.989s][info][gc,heap        ] GC(1244) Old regions: 505->537
[4404.989s][info][gc,heap        ] GC(1244) Humongous regions: 80->80
[4404.989s][info][gc,metaspace   ] GC(1244) Metaspace: 28914K(29376K)->28914K(29376K) NonClass: 24044K(24256K)->24044K(24256K) Class: 4869K(5120K)->4869K(5120K)
[4404.989s][info][gc             ] GC(1244) Pause Young (Prepare Mixed) (G1 Evacuation Pause) 3625M->1466M(4096M) 128.187ms
[4404.989s][info][gc,cpu         ] GC(1244) User=0.76s Sys=0.00s Real=0.12s
..[4407.115s][info][gc,start       ] GC(1245) Pause Young (Mixed) (G1 Evacuation Pause)
[4407.115s][info][gc,task        ] GC(1245) Using 6 workers of 6 for evacuation
[4407.251s][info][gc,phases      ] GC(1245)   Pre Evacuate Collection Set: 0.34ms
[4407.251s][info][gc,phases      ] GC(1245)   Merge Heap Roots: 0.75ms
[4407.251s][info][gc,phases      ] GC(1245)   Evacuate Collection Set: 133.59ms
[4407.251s][info][gc,phases      ] GC(1245)   Post Evacuate Collection Set: 0.90ms
[4407.251s][info][gc,phases      ] GC(1245)   Other: 0.08ms
[4407.251s][info][gc,heap        ] GC(1245) Eden regions: 1094->0(1118)
[4407.251s][info][gc,heap        ] GC(1245) Survivor regions: 117->110(152)
[4407.251s][info][gc,heap        ] GC(1245) Old regions: 537->473
[4407.251s][info][gc,heap        ] GC(1245) Humongous regions: 80->80
[4407.251s][info][gc,metaspace   ] GC(1245) Metaspace: 28914K(29376K)->28914K(29376K) NonClass: 24044K(24256K)->24044K(24256K) Class: 4869K(5120K)->4869K(5120K)
[4407.251s][info][gc             ] GC(1245) Pause Young (Mixed) (G1 Evacuation Pause) 3654M->1324M(4096M) 135.808ms
[4407.251s][info][gc,cpu         ] GC(1245) User=0.81s Sys=0.00s Real=0.14s
...[4409.487s][info][gc,start       ] GC(1246) Pause Young (Concurrent Start) (G1 Evacuation Pause)
[4409.487s][info][gc,task        ] GC(1246) Using 6 workers of 6 for evacuation
[4409.611s][info][gc,phases      ] GC(1246)   Pre Evacuate Collection Set: 0.35ms
[4409.611s][info][gc,phases      ] GC(1246)   Merge Heap Roots: 0.50ms
[4409.611s][info][gc,phases      ] GC(1246)   Evacuate Collection Set: 121.84ms
[4409.611s][info][gc,phases      ] GC(1246)   Post Evacuate Collection Set: 0.88ms
[4409.611s][info][gc,phases      ] GC(1246)   Other: 0.11ms
[4409.611s][info][gc,heap        ] GC(1246) Eden regions: 1118->0(1115)
[4409.611s][info][gc,heap        ] GC(1246) Survivor regions: 110->113(154)
[4409.611s][info][gc,heap        ] GC(1246) Old regions: 473->505
[4409.611s][info][gc,heap        ] GC(1246) Humongous regions: 80->80
[4409.611s][info][gc,metaspace   ] GC(1246) Metaspace: 28914K(29376K)->28914K(29376K) NonClass: 24044K(24256K)->24044K(24256K) Class: 4869K(5120K)->4869K(5120K)
[4409.611s][info][gc             ] GC(1246) Pause Young (Concurrent Start) (G1 Evacuation Pause) 3560M->1394M(4096M) 123.790ms
[4409.611s][info][gc             ] GC(1247) Concurrent Mark Cycle
[4409.611s][info][gc,marking     ] GC(1247) Concurrent Scan Root Regions
[4409.611s][info][gc,cpu         ] GC(1246) User=0.73s Sys=0.00s Real=0.13s
[4409.769s][info][gc,marking     ] GC(1247) Concurrent Scan Root Regions 157.895ms
[4409.769s][info][gc,marking     ] GC(1247) Concurrent Mark
[4409.769s][info][gc,marking     ] GC(1247) Concurrent Mark From Roots
[4409.769s][info][gc,task        ] GC(1247) Using 2 workers of 2 for marking
.[4410.635s][info][gc,marking     ] GC(1247) Concurrent Mark From Roots 866.611ms
[4410.635s][info][gc,marking     ] GC(1247) Concurrent Preclean
[4410.636s][info][gc,marking     ] GC(1247) Concurrent Preclean 0.094ms
[4410.637s][info][gc,start       ] GC(1247) Pause Remark
[4410.642s][info][gc             ] GC(1247) Pause Remark 2326M->2326M(4096M) 5.132ms
[4410.642s][info][gc,cpu         ] GC(1247) User=0.02s Sys=0.00s Real=0.01s
[4410.643s][info][gc,marking     ] GC(1247) Concurrent Mark 874.208ms
[4410.643s][info][gc,marking     ] GC(1247) Concurrent Rebuild Remembered Sets and Scrub Regions
[4411.081s][info][gc,marking     ] GC(1247) Concurrent Rebuild Remembered Sets and Scrub Regions 438.295ms
[4411.083s][info][gc,start       ] GC(1247) Pause Cleanup
[4411.083s][info][gc             ] GC(1247) Pause Cleanup 2798M->2798M(4096M) 0.117ms
[4411.083s][info][gc,cpu         ] GC(1247) User=0.00s Sys=0.00s Real=0.00s
[4411.083s][info][gc,marking     ] GC(1247) Concurrent Clear Claimed Marks
[4411.083s][info][gc,marking     ] GC(1247) Concurrent Clear Claimed Marks 0.043ms
[4411.083s][info][gc,marking     ] GC(1247) Concurrent Cleanup for Next Mark
[4411.091s][info][gc,marking     ] GC(1247) Concurrent Cleanup for Next Mark 7.700ms
[4411.091s][info][gc             ] GC(1247) Concurrent Mark Cycle 1479.743ms
.[4411.817s][info][gc,start       ] GC(1248) Pause Young (Prepare Mixed) (G1 Evacuation Pause)
[4411.817s][info][gc,task        ] GC(1248) Using 6 workers of 6 for evacuation
[4411.938s][info][gc,phases      ] GC(1248)   Pre Evacuate Collection Set: 0.32ms
[4411.938s][info][gc,phases      ] GC(1248)   Merge Heap Roots: 0.59ms
[4411.938s][info][gc,phases      ] GC(1248)   Evacuate Collection Set: 118.97ms
[4411.938s][info][gc,phases      ] GC(1248)   Post Evacuate Collection Set: 0.90ms
[4411.938s][info][gc,phases      ] GC(1248)   Other: 0.08ms
[4411.938s][info][gc,heap        ] GC(1248) Eden regions: 1115->0(1107)
[4411.938s][info][gc,heap        ] GC(1248) Survivor regions: 113->111(154)
[4411.938s][info][gc,heap        ] GC(1248) Old regions: 505->536
[4411.938s][info][gc,heap        ] GC(1248) Humongous regions: 80->80
[4411.938s][info][gc,metaspace   ] GC(1248) Metaspace: 28914K(29376K)->28914K(29376K) NonClass: 24044K(24256K)->24044K(24256K) Class: 4869K(5120K)->4869K(5120K)
[4411.938s][info][gc             ] GC(1248) Pause Young (Prepare Mixed) (G1 Evacuation Pause) 3624M->1453M(4096M) 121.005ms
[4411.938s][info][gc,cpu         ] GC(1248) User=0.71s Sys=0.00s Real=0.12s
..|[4414.252s][info][gc,start       ] GC(1249) Pause Young (Mixed) (G1 Evacuation Pause)
[4414.252s][info][gc,task        ] GC(1249) Using 6 workers of 6 for evacuation
[4414.385s][info][gc,phases      ] GC(1249)   Pre Evacuate Collection Set: 0.36ms
[4414.385s][info][gc,phases      ] GC(1249)   Merge Heap Roots: 0.73ms
[4414.386s][info][gc,phases      ] GC(1249)   Evacuate Collection Set: 131.23ms
[4414.386s][info][gc,phases      ] GC(1249)   Post Evacuate Collection Set: 0.91ms
[4414.386s][info][gc,phases      ] GC(1249)   Other: 0.09ms
[4414.386s][info][gc,heap        ] GC(1249) Eden regions: 1107->0(1119)
[4414.386s][info][gc,heap        ] GC(1249) Survivor regions: 111->109(153)
[4414.386s][info][gc,heap        ] GC(1249) Old regions: 536->474
[4414.386s][info][gc,heap        ] GC(1249) Humongous regions: 80->80
[4414.386s][info][gc,metaspace   ] GC(1249) Metaspace: 28914K(29376K)->28914K(29376K) NonClass: 24044K(24256K)->24044K(24256K) Class: 4869K(5120K)->4869K(5120K)
[4414.386s][info][gc             ] GC(1249) Pause Young (Mixed) (G1 Evacuation Pause) 3667M->1324M(4096M) 133.484ms
[4414.386s][info][gc,cpu         ] GC(1249) User=0.79s Sys=0.00s Real=0.13s
...[4416.614s][info][gc,start       ] GC(1250) Pause Young (Concurrent Start) (G1 Evacuation Pause)
[4416.614s][info][gc,task        ] GC(1250) Using 6 workers of 6 for evacuation
[4416.739s][info][gc,phases      ] GC(1250)   Pre Evacuate Collection Set: 0.40ms
[4416.739s][info][gc,phases      ] GC(1250)   Merge Heap Roots: 0.51ms
[4416.739s][info][gc,phases      ] GC(1250)   Evacuate Collection Set: 123.27ms
[4416.739s][info][gc,phases      ] GC(1250)   Post Evacuate Collection Set: 0.93ms
[4416.739s][info][gc,phases      ] GC(1250)   Other: 0.11ms
[4416.739s][info][gc,heap        ] GC(1250) Eden regions: 1119->0(1113)
[4416.739s][info][gc,heap        ] GC(1250) Survivor regions: 109->115(154)
[4416.739s][info][gc,heap        ] GC(1250) Old regions: 474->506
[4416.739s][info][gc,heap        ] GC(1250) Humongous regions: 80->80
[4416.739s][info][gc,metaspace   ] GC(1250) Metaspace: 28914K(29376K)->28914K(29376K) NonClass: 24044K(24256K)->24044K(24256K) Class: 4869K(5120K)->4869K(5120K)
[4416.739s][info][gc             ] GC(1250) Pause Young (Concurrent Start) (G1 Evacuation Pause) 3562M->1400M(4096M) 125.358ms
[4416.739s][info][gc             ] GC(1251) Concurrent Mark Cycle
[4416.739s][info][gc,marking     ] GC(1251) Concurrent Scan Root Regions
[4416.739s][info][gc,cpu         ] GC(1250) User=0.75s Sys=0.00s Real=0.13s
[4417.001s][info][gc,marking     ] GC(1251) Concurrent Scan Root Regions 261.680ms
[4417.001s][info][gc,marking     ] GC(1251) Concurrent Mark
[4417.001s][info][gc,marking     ] GC(1251) Concurrent Mark From Roots
[4417.001s][info][gc,task        ] GC(1251) Using 2 workers of 2 for marking
.[4418.047s][info][gc,marking     ] GC(1251) Concurrent Mark From Roots 1045.763ms
[4418.047s][info][gc,marking     ] GC(1251) Concurrent Preclean
[4418.047s][info][gc,marking     ] GC(1251) Concurrent Preclean 0.086ms
[4418.049s][info][gc,start       ] GC(1251) Pause Remark
[4418.057s][info][gc             ] GC(1251) Pause Remark 2602M->2602M(4096M) 7.347ms
[4418.057s][info][gc,cpu         ] GC(1251) User=0.04s Sys=0.01s Real=0.01s
[4418.057s][info][gc,marking     ] GC(1251) Concurrent Mark 1055.572ms
[4418.057s][info][gc,marking     ] GC(1251) Concurrent Rebuild Remembered Sets and Scrub Regions
[4418.343s][info][gc,marking     ] GC(1251) Concurrent Rebuild Remembered Sets and Scrub Regions 286.224ms
[4418.346s][info][gc,start       ] GC(1251) Pause Cleanup
[4418.346s][info][gc             ] GC(1251) Pause Cleanup 2910M->2910M(4096M) 0.136ms
[4418.346s][info][gc,cpu         ] GC(1251) User=0.00s Sys=0.00s Real=0.00s
[4418.347s][info][gc,marking     ] GC(1251) Concurrent Clear Claimed Marks
[4418.347s][info][gc,marking     ] GC(1251) Concurrent Clear Claimed Marks 0.042ms
[4418.347s][info][gc,marking     ] GC(1251) Concurrent Cleanup for Next Mark
[4418.353s][info][gc,marking     ] GC(1251) Concurrent Cleanup for Next Mark 6.211ms
[4418.353s][info][gc             ] GC(1251) Concurrent Mark Cycle 1613.696ms
.[4418.972s][info][gc,start       ] GC(1252) Pause Young (Prepare Mixed) (G1 Evacuation Pause)
[4418.972s][info][gc,task        ] GC(1252) Using 6 workers of 6 for evacuation
[4419.093s][info][gc,phases      ] GC(1252)   Pre Evacuate Collection Set: 0.33ms
[4419.093s][info][gc,phases      ] GC(1252)   Merge Heap Roots: 0.57ms
[4419.093s][info][gc,phases      ] GC(1252)   Evacuate Collection Set: 119.37ms
[4419.093s][info][gc,phases      ] GC(1252)   Post Evacuate Collection Set: 0.90ms
[4419.093s][info][gc,phases      ] GC(1252)   Other: 0.09ms
[4419.093s][info][gc,heap        ] GC(1252) Eden regions: 1113->0(1107)
[4419.093s][info][gc,heap        ] GC(1252) Survivor regions: 115->110(154)
[4419.093s][info][gc,heap        ] GC(1252) Old regions: 506->538
[4419.093s][info][gc,heap        ] GC(1252) Humongous regions: 80->80
[4419.093s][info][gc,metaspace   ] GC(1252) Metaspace: 28914K(29376K)->28914K(29376K) NonClass: 24044K(24256K)->24044K(24256K) Class: 4869K(5120K)->4869K(5120K)
[4419.093s][info][gc             ] GC(1252) Pause Young (Prepare Mixed) (G1 Evacuation Pause) 3626M->1453M(4096M) 121.393ms
[4419.093s][info][gc,cpu         ] GC(1252) User=0.72s Sys=0.00s Real=0.12s
..[4421.327s][info][gc,start       ] GC(1253) Pause Young (Mixed) (G1 Evacuation Pause)
[4421.327s][info][gc,task        ] GC(1253) Using 6 workers of 6 for evacuation
[4421.464s][info][gc,phases      ] GC(1253)   Pre Evacuate Collection Set: 0.36ms
[4421.464s][info][gc,phases      ] GC(1253)   Merge Heap Roots: 0.73ms
[4421.464s][info][gc,phases      ] GC(1253)   Evacuate Collection Set: 134.93ms
[4421.464s][info][gc,phases      ] GC(1253)   Post Evacuate Collection Set: 0.93ms
[4421.464s][info][gc,phases      ] GC(1253)   Other: 0.08ms
[4421.464s][info][gc,heap        ] GC(1253) Eden regions: 1107->0(1116)
[4421.464s][info][gc,heap        ] GC(1253) Survivor regions: 110->112(153)
[4421.464s][info][gc,heap        ] GC(1253) Old regions: 538->475
[4421.464s][info][gc,heap        ] GC(1253) Humongous regions: 80->80
[4421.464s][info][gc,metaspace   ] GC(1253) Metaspace: 28914K(29376K)->28914K(29376K) NonClass: 24044K(24256K)->24044K(24256K) Class: 4869K(5120K)->4869K(5120K)
[4421.464s][info][gc             ] GC(1253) Pause Young (Mixed) (G1 Evacuation Pause) 3667M->1332M(4096M) 137.178ms
[4421.464s][info][gc,cpu         ] GC(1253) User=0.82s Sys=0.00s Real=0.14s
...[4423.676s][info][gc,start       ] GC(1254) Pause Young (Concurrent Start) (G1 Evacuation Pause)
[4423.676s][info][gc,task        ] GC(1254) Using 6 workers of 6 for evacuation
[4423.799s][info][gc,phases      ] GC(1254)   Pre Evacuate Collection Set: 0.35ms
[4423.799s][info][gc,phases      ] GC(1254)   Merge Heap Roots: 0.50ms
[4423.799s][info][gc,phases      ] GC(1254)   Evacuate Collection Set: 120.92ms
[4423.799s][info][gc,phases      ] GC(1254)   Post Evacuate Collection Set: 0.86ms
[4423.799s][info][gc,phases      ] GC(1254)   Other: 0.12ms
[4423.799s][info][gc,heap        ] GC(1254) Eden regions: 1116->0(1115)
[4423.799s][info][gc,heap        ] GC(1254) Survivor regions: 112->113(154)
[4423.799s][info][gc,heap        ] GC(1254) Old regions: 475->507
[4423.799s][info][gc,heap        ] GC(1254) Humongous regions: 80->80
[4423.799s][info][gc,metaspace   ] GC(1254) Metaspace: 28914K(29376K)->28914K(29376K) NonClass: 24044K(24256K)->24044K(24256K) Class: 4869K(5120K)->4869K(5120K)
[4423.799s][info][gc             ] GC(1254) Pause Young (Concurrent Start) (G1 Evacuation Pause) 3564M->1398M(4096M) 122.879ms
[4423.799s][info][gc             ] GC(1255) Concurrent Mark Cycle
[4423.799s][info][gc,marking     ] GC(1255) Concurrent Scan Root Regions
[4423.799s][info][gc,cpu         ] GC(1254) User=0.73s Sys=0.00s Real=0.13s
[4423.947s][info][gc,marking     ] GC(1255) Concurrent Scan Root Regions 148.078ms
[4423.947s][info][gc,marking     ] GC(1255) Concurrent Mark
[4423.948s][info][gc,marking     ] GC(1255) Concurrent Mark From Roots
[4423.948s][info][gc,task        ] GC(1255) Using 2 workers of 2 for marking
.[4425.027s][info][gc,marking     ] GC(1255) Concurrent Mark From Roots 1079.760ms
[4425.027s][info][gc,marking     ] GC(1255) Concurrent Preclean
[4425.027s][info][gc,marking     ] GC(1255) Concurrent Preclean 0.105ms
[4425.031s][info][gc,start       ] GC(1255) Pause Remark
[4425.037s][info][gc             ] GC(1255) Pause Remark 2572M->2572M(4096M) 6.215ms
[4425.037s][info][gc,cpu         ] GC(1255) User=0.03s Sys=0.00s Real=0.00s
[4425.038s][info][gc,marking     ] GC(1255) Concurrent Mark 1090.048ms
[4425.038s][info][gc,marking     ] GC(1255) Concurrent Rebuild Remembered Sets and Scrub Regions
[4425.375s][info][gc,marking     ] GC(1255) Concurrent Rebuild Remembered Sets and Scrub Regions 336.997ms
[4425.375s][info][gc,start       ] GC(1255) Pause Cleanup
[4425.375s][info][gc             ] GC(1255) Pause Cleanup 2885M->2885M(4096M) 0.115ms
[4425.375s][info][gc,cpu         ] GC(1255) User=0.00s Sys=0.00s Real=0.00s
[4425.375s][info][gc,marking     ] GC(1255) Concurrent Clear Claimed Marks
[4425.375s][info][gc,marking     ] GC(1255) Concurrent Clear Claimed Marks 0.020ms
[4425.375s][info][gc,marking     ] GC(1255) Concurrent Cleanup for Next Mark
[4425.378s][info][gc,marking     ] GC(1255) Concurrent Cleanup for Next Mark 3.236ms
[4425.378s][info][gc             ] GC(1255) Concurrent Mark Cycle 1578.791ms
.[4426.148s][info][gc,start       ] GC(1256) Pause Young (Prepare Mixed) (G1 Evacuation Pause)
[4426.148s][info][gc,task        ] GC(1256) Using 6 workers of 6 for evacuation
[4426.269s][info][gc,phases      ] GC(1256)   Pre Evacuate Collection Set: 0.32ms
[4426.269s][info][gc,phases      ] GC(1256)   Merge Heap Roots: 0.59ms
[4426.269s][info][gc,phases      ] GC(1256)   Evacuate Collection Set: 119.22ms
[4426.269s][info][gc,phases      ] GC(1256)   Post Evacuate Collection Set: 0.91ms
[4426.269s][info][gc,phases      ] GC(1256)   Other: 0.09ms
[4426.269s][info][gc,heap        ] GC(1256) Eden regions: 1115->0(1105)
[4426.269s][info][gc,heap        ] GC(1256) Survivor regions: 113->110(154)
[4426.269s][info][gc,heap        ] GC(1256) Old regions: 507->540
[4426.269s][info][gc,heap        ] GC(1256) Humongous regions: 80->80
[4426.269s][info][gc,metaspace   ] GC(1256) Metaspace: 28914K(29376K)->28914K(29376K) NonClass: 24044K(24256K)->24044K(24256K) Class: 4869K(5120K)->4869K(5120K)
[4426.270s][info][gc             ] GC(1256) Pause Young (Prepare Mixed) (G1 Evacuation Pause) 3628M->1458M(4096M) 121.251ms
[4426.270s][info][gc,cpu         ] GC(1256) User=0.72s Sys=0.00s Real=0.13s
..[4428.406s][info][gc,start       ] GC(1257) Pause Young (Mixed) (G1 Evacuation Pause)
[4428.406s][info][gc,task        ] GC(1257) Using 6 workers of 6 for evacuation
[4428.539s][info][gc,phases      ] GC(1257)   Pre Evacuate Collection Set: 0.37ms
[4428.539s][info][gc,phases      ] GC(1257)   Merge Heap Roots: 0.72ms
[4428.539s][info][gc,phases      ] GC(1257)   Evacuate Collection Set: 130.98ms
[4428.539s][info][gc,phases      ] GC(1257)   Post Evacuate Collection Set: 0.90ms
[4428.539s][info][gc,phases      ] GC(1257)   Other: 0.09ms
[4428.539s][info][gc,heap        ] GC(1257) Eden regions: 1105->0(1119)
[4428.539s][info][gc,heap        ] GC(1257) Survivor regions: 110->109(152)
[4428.539s][info][gc,heap        ] GC(1257) Old regions: 540->476
[4428.539s][info][gc,heap        ] GC(1257) Humongous regions: 80->80
[4428.539s][info][gc,metaspace   ] GC(1257) Metaspace: 28914K(29376K)->28914K(29376K) NonClass: 24044K(24256K)->24044K(24256K) Class: 4869K(5120K)->4869K(5120K)
[4428.539s][info][gc             ] GC(1257) Pause Young (Mixed) (G1 Evacuation Pause) 3668M->1328M(4096M) 133.178ms
[4428.539s][info][gc,cpu         ] GC(1257) User=0.80s Sys=0.00s Real=0.13s
...[4430.769s][info][gc,start       ] GC(1258) Pause Young (Concurrent Start) (G1 Evacuation Pause)
[4430.769s][info][gc,task        ] GC(1258) Using 6 workers of 6 for evacuation
[4430.893s][info][gc,phases      ] GC(1258)   Pre Evacuate Collection Set: 0.37ms
[4430.893s][info][gc,phases      ] GC(1258)   Merge Heap Roots: 0.50ms
[4430.893s][info][gc,phases      ] GC(1258)   Evacuate Collection Set: 122.36ms
[4430.893s][info][gc,phases      ] GC(1258)   Post Evacuate Collection Set: 0.87ms
[4430.893s][info][gc,phases      ] GC(1258)   Other: 0.10ms
[4430.893s][info][gc,heap        ] GC(1258) Eden regions: 1119->0(1114)
[4430.893s][info][gc,heap        ] GC(1258) Survivor regions: 109->114(154)
[4430.893s][info][gc,heap        ] GC(1258) Old regions: 476->506
[4430.893s][info][gc,heap        ] GC(1258) Humongous regions: 80->80
[4430.893s][info][gc,metaspace   ] GC(1258) Metaspace: 28914K(29376K)->28914K(29376K) NonClass: 24044K(24256K)->24044K(24256K) Class: 4869K(5120K)->4869K(5120K)
[4430.893s][info][gc             ] GC(1258) Pause Young (Concurrent Start) (G1 Evacuation Pause) 3566M->1398M(4096M) 124.339ms
[4430.893s][info][gc             ] GC(1259) Concurrent Mark Cycle
[4430.893s][info][gc,marking     ] GC(1259) Concurrent Scan Root Regions
[4430.893s][info][gc,cpu         ] GC(1258) User=0.74s Sys=0.00s Real=0.13s
[4431.081s][info][gc,marking     ] GC(1259) Concurrent Scan Root Regions 187.302ms
[4431.081s][info][gc,marking     ] GC(1259) Concurrent Mark
[4431.081s][info][gc,marking     ] GC(1259) Concurrent Mark From Roots
[4431.081s][info][gc,task        ] GC(1259) Using 2 workers of 2 for marking
.[4432.109s][info][gc,marking     ] GC(1259) Concurrent Mark From Roots 1028.530ms
[4432.109s][info][gc,marking     ] GC(1259) Concurrent Preclean
[4432.110s][info][gc,marking     ] GC(1259) Concurrent Preclean 0.091ms
[4432.111s][info][gc,start       ] GC(1259) Pause Remark
[4432.119s][info][gc             ] GC(1259) Pause Remark 2524M->2524M(4096M) 8.557ms
[4432.119s][info][gc,cpu         ] GC(1259) User=0.04s Sys=0.00s Real=0.01s
[4432.120s][info][gc,marking     ] GC(1259) Concurrent Mark 1039.323ms
[4432.120s][info][gc,marking     ] GC(1259) Concurrent Rebuild Remembered Sets and Scrub Regions
[4432.493s][info][gc,marking     ] GC(1259) Concurrent Rebuild Remembered Sets and Scrub Regions 372.412ms
[4432.493s][info][gc,start       ] GC(1259) Pause Cleanup
[4432.493s][info][gc             ] GC(1259) Pause Cleanup 2948M->2948M(4096M) 0.113ms
[4432.493s][info][gc,cpu         ] GC(1259) User=0.00s Sys=0.00s Real=0.00s
[4432.496s][info][gc,marking     ] GC(1259) Concurrent Clear Claimed Marks
[4432.496s][info][gc,marking     ] GC(1259) Concurrent Clear Claimed Marks 0.078ms
[4432.496s][info][gc,marking     ] GC(1259) Concurrent Cleanup for Next Mark
[4432.502s][info][gc,marking     ] GC(1259) Concurrent Cleanup for Next Mark 5.501ms
[4432.502s][info][gc             ] GC(1259) Concurrent Mark Cycle 1608.301ms
.[4433.176s][info][gc,start       ] GC(1260) Pause Young (Prepare Mixed) (G1 Evacuation Pause)
[4433.176s][info][gc,task        ] GC(1260) Using 6 workers of 6 for evacuation
[4433.295s][info][gc,phases      ] GC(1260)   Pre Evacuate Collection Set: 0.34ms
[4433.295s][info][gc,phases      ] GC(1260)   Merge Heap Roots: 0.49ms
[4433.295s][info][gc,phases      ] GC(1260)   Evacuate Collection Set: 117.57ms
[4433.295s][info][gc,phases      ] GC(1260)   Post Evacuate Collection Set: 0.89ms
[4433.295s][info][gc,phases      ] GC(1260)   Other: 0.08ms
[4433.295s][info][gc,heap        ] GC(1260) Eden regions: 1114->0(1107)
[4433.295s][info][gc,heap        ] GC(1260) Survivor regions: 114->110(154)
[4433.295s][info][gc,heap        ] GC(1260) Old regions: 506->538
[4433.295s][info][gc,heap        ] GC(1260) Humongous regions: 80->80
[4433.295s][info][gc,metaspace   ] GC(1260) Metaspace: 28914K(29376K)->28914K(29376K) NonClass: 24044K(24256K)->24044K(24256K) Class: 4869K(5120K)->4869K(5120K)
[4433.295s][info][gc             ] GC(1260) Pause Young (Prepare Mixed) (G1 Evacuation Pause) 3626M->1453M(4096M) 119.506ms
[4433.295s][info][gc,cpu         ] GC(1260) User=0.71s Sys=0.00s Real=0.12s
..[4435.477s][info][gc,start       ] GC(1261) Pause Young (Mixed) (G1 Evacuation Pause)
[4435.477s][info][gc,task        ] GC(1261) Using 6 workers of 6 for evacuation
[4435.613s][info][gc,phases      ] GC(1261)   Pre Evacuate Collection Set: 0.41ms
[4435.613s][info][gc,phases      ] GC(1261)   Merge Heap Roots: 0.84ms
[4435.613s][info][gc,phases      ] GC(1261)   Evacuate Collection Set: 133.61ms
[4435.613s][info][gc,phases      ] GC(1261)   Post Evacuate Collection Set: 0.95ms
[4435.613s][info][gc,phases      ] GC(1261)   Other: 0.09ms
[4435.613s][info][gc,heap        ] GC(1261) Eden regions: 1107->0(1119)
[4435.613s][info][gc,heap        ] GC(1261) Survivor regions: 110->109(153)
[4435.613s][info][gc,heap        ] GC(1261) Old regions: 538->474
[4435.613s][info][gc,heap        ] GC(1261) Humongous regions: 80->80
[4435.613s][info][gc,metaspace   ] GC(1261) Metaspace: 28914K(29376K)->28914K(29376K) NonClass: 24044K(24256K)->24044K(24256K) Class: 4869K(5120K)->4869K(5120K)
[4435.613s][info][gc             ] GC(1261) Pause Young (Mixed) (G1 Evacuation Pause) 3667M->1324M(4096M) 136.028ms
[4435.613s][info][gc,cpu         ] GC(1261) User=0.81s Sys=0.00s Real=0.14s
...[4437.803s][info][gc,start       ] GC(1262) Pause Young (Concurrent Start) (G1 Evacuation Pause)
[4437.803s][info][gc,task        ] GC(1262) Using 6 workers of 6 for evacuation
[4437.927s][info][gc,phases      ] GC(1262)   Pre Evacuate Collection Set: 0.35ms
[4437.927s][info][gc,phases      ] GC(1262)   Merge Heap Roots: 0.56ms
[4437.927s][info][gc,phases      ] GC(1262)   Evacuate Collection Set: 121.85ms
[4437.927s][info][gc,phases      ] GC(1262)   Post Evacuate Collection Set: 0.89ms
[4437.927s][info][gc,phases      ] GC(1262)   Other: 0.11ms
[4437.927s][info][gc,heap        ] GC(1262) Eden regions: 1119->0(1114)
[4437.927s][info][gc,heap        ] GC(1262) Survivor regions: 109->114(154)
[4437.927s][info][gc,heap        ] GC(1262) Old regions: 474->507
[4437.927s][info][gc,heap        ] GC(1262) Humongous regions: 80->80
[4437.927s][info][gc,metaspace   ] GC(1262) Metaspace: 28914K(29376K)->28914K(29376K) NonClass: 24044K(24256K)->24044K(24256K) Class: 4869K(5120K)->4869K(5120K)
[4437.927s][info][gc             ] GC(1262) Pause Young (Concurrent Start) (G1 Evacuation Pause) 3562M->1401M(4096M) 123.894ms
[4437.927s][info][gc             ] GC(1263) Concurrent Mark Cycle
[4437.927s][info][gc,marking     ] GC(1263) Concurrent Scan Root Regions
[4437.927s][info][gc,cpu         ] GC(1262) User=0.73s Sys=0.00s Real=0.12s
[4438.080s][info][gc,marking     ] GC(1263) Concurrent Scan Root Regions 153.256ms
[4438.080s][info][gc,marking     ] GC(1263) Concurrent Mark
[4438.080s][info][gc,marking     ] GC(1263) Concurrent Mark From Roots
[4438.080s][info][gc,task        ] GC(1263) Using 2 workers of 2 for marking
.[4438.956s][info][gc,marking     ] GC(1263) Concurrent Mark From Roots 875.852ms
[4438.956s][info][gc,marking     ] GC(1263) Concurrent Preclean
[4438.956s][info][gc,marking     ] GC(1263) Concurrent Preclean 0.117ms
[4438.957s][info][gc,start       ] GC(1263) Pause Remark
[4438.962s][info][gc             ] GC(1263) Pause Remark 2337M->2337M(4096M) 4.540ms
[4438.962s][info][gc,cpu         ] GC(1263) User=0.02s Sys=0.00s Real=0.01s
[4438.962s][info][gc,marking     ] GC(1263) Concurrent Mark 882.282ms
[4438.962s][info][gc,marking     ] GC(1263) Concurrent Rebuild Remembered Sets and Scrub Regions
[4439.314s][info][gc,marking     ] GC(1263) Concurrent Rebuild Remembered Sets and Scrub Regions 352.089ms
[4439.317s][info][gc,start       ] GC(1263) Pause Cleanup
[4439.317s][info][gc             ] GC(1263) Pause Cleanup 2729M->2729M(4096M) 0.126ms
[4439.317s][info][gc,cpu         ] GC(1263) User=0.00s Sys=0.00s Real=0.00s
[4439.317s][info][gc,marking     ] GC(1263) Concurrent Clear Claimed Marks
[4439.317s][info][gc,marking     ] GC(1263) Concurrent Clear Claimed Marks 0.040ms
[4439.317s][info][gc,marking     ] GC(1263) Concurrent Cleanup for Next Mark
[4439.325s][info][gc,marking     ] GC(1263) Concurrent Cleanup for Next Mark 7.577ms
[4439.325s][info][gc             ] GC(1263) Concurrent Mark Cycle 1398.269ms
.[4440.167s][info][gc,start       ] GC(1264) Pause Young (Prepare Mixed) (G1 Evacuation Pause)
[4440.167s][info][gc,task        ] GC(1264) Using 6 workers of 6 for evacuation
[4440.284s][info][gc,phases      ] GC(1264)   Pre Evacuate Collection Set: 0.33ms
[4440.284s][info][gc,phases      ] GC(1264)   Merge Heap Roots: 0.58ms
[4440.284s][info][gc,phases      ] GC(1264)   Evacuate Collection Set: 115.28ms
[4440.284s][info][gc,phases      ] GC(1264)   Post Evacuate Collection Set: 0.93ms
[4440.284s][info][gc,phases      ] GC(1264)   Other: 0.09ms
[4440.284s][info][gc,heap        ] GC(1264) Eden regions: 1114->0(1108)
[4440.284s][info][gc,heap        ] GC(1264) Survivor regions: 114->109(154)
[4440.284s][info][gc,heap        ] GC(1264) Old regions: 507->539
[4440.284s][info][gc,heap        ] GC(1264) Humongous regions: 80->80
[4440.284s][info][gc,metaspace   ] GC(1264) Metaspace: 28914K(29376K)->28914K(29376K) NonClass: 24044K(24256K)->24044K(24256K) Class: 4869K(5120K)->4869K(5120K)
[4440.284s][info][gc             ] GC(1264) Pause Young (Prepare Mixed) (G1 Evacuation Pause) 3629M->1453M(4096M) 117.345ms
[4440.284s][info][gc,cpu         ] GC(1264) User=0.70s Sys=0.00s Real=0.12s
..[4442.534s][info][gc,start       ] GC(1265) Pause Young (Mixed) (G1 Evacuation Pause)
[4442.534s][info][gc,task        ] GC(1265) Using 6 workers of 6 for evacuation
[4442.667s][info][gc,phases      ] GC(1265)   Pre Evacuate Collection Set: 0.38ms
[4442.667s][info][gc,phases      ] GC(1265)   Merge Heap Roots: 0.71ms
[4442.667s][info][gc,phases      ] GC(1265)   Evacuate Collection Set: 130.90ms
[4442.667s][info][gc,phases      ] GC(1265)   Post Evacuate Collection Set: 0.94ms
[4442.667s][info][gc,phases      ] GC(1265)   Other: 0.09ms
[4442.667s][info][gc,heap        ] GC(1265) Eden regions: 1108->0(1118)
[4442.667s][info][gc,heap        ] GC(1265) Survivor regions: 109->110(153)
[4442.667s][info][gc,heap        ] GC(1265) Old regions: 539->476
[4442.667s][info][gc,heap        ] GC(1265) Humongous regions: 80->80
[4442.667s][info][gc,metaspace   ] GC(1265) Metaspace: 28914K(29376K)->28914K(29376K) NonClass: 24044K(24256K)->24044K(24256K) Class: 4869K(5120K)->4869K(5120K)
[4442.667s][info][gc             ] GC(1265) Pause Young (Mixed) (G1 Evacuation Pause) 3669M->1331M(4096M) 133.153ms
[4442.667s][info][gc,cpu         ] GC(1265) User=0.79s Sys=0.00s Real=0.13s
..[4444.850s][info][gc,start       ] GC(1266) Pause Young (Concurrent Start) (G1 Evacuation Pause)
[4444.850s][info][gc,task        ] GC(1266) Using 6 workers of 6 for evacuation
[4444.971s][info][gc,phases      ] GC(1266)   Pre Evacuate Collection Set: 0.41ms
[4444.971s][info][gc,phases      ] GC(1266)   Merge Heap Roots: 0.53ms
[4444.971s][info][gc,phases      ] GC(1266)   Evacuate Collection Set: 119.29ms
[4444.971s][info][gc,phases      ] GC(1266)   Post Evacuate Collection Set: 0.88ms
[4444.971s][info][gc,phases      ] GC(1266)   Other: 0.12ms
[4444.971s][info][gc,heap        ] GC(1266) Eden regions: 1118->0(1116)
[4444.971s][info][gc,heap        ] GC(1266) Survivor regions: 110->112(154)
[4444.971s][info][gc,heap        ] GC(1266) Old regions: 476->508
[4444.971s][info][gc,heap        ] GC(1266) Humongous regions: 80->80
[4444.971s][info][gc,metaspace   ] GC(1266) Metaspace: 28914K(29376K)->28914K(29376K) NonClass: 24044K(24256K)->24044K(24256K) Class: 4869K(5120K)->4869K(5120K)
[4444.971s][info][gc             ] GC(1266) Pause Young (Concurrent Start) (G1 Evacuation Pause) 3567M->1398M(4096M) 121.397ms
[4444.971s][info][gc             ] GC(1267) Concurrent Mark Cycle
[4444.971s][info][gc,marking     ] GC(1267) Concurrent Scan Root Regions
[4444.971s][info][gc,cpu         ] GC(1266) User=0.72s Sys=0.00s Real=0.12s
.[4445.158s][info][gc,marking     ] GC(1267) Concurrent Scan Root Regions 187.367ms
[4445.158s][info][gc,marking     ] GC(1267) Concurrent Mark
[4445.158s][info][gc,marking     ] GC(1267) Concurrent Mark From Roots
[4445.158s][info][gc,task        ] GC(1267) Using 2 workers of 2 for marking
.[4446.211s][info][gc,marking     ] GC(1267) Concurrent Mark From Roots 1052.386ms
[4446.211s][info][gc,marking     ] GC(1267) Concurrent Preclean
[4446.211s][info][gc,marking     ] GC(1267) Concurrent Preclean 0.063ms
[4446.212s][info][gc,start       ] GC(1267) Pause Remark
[4446.219s][info][gc             ] GC(1267) Pause Remark 2609M->2609M(4096M) 7.439ms
[4446.219s][info][gc,cpu         ] GC(1267) User=0.04s Sys=0.00s Real=0.00s
[4446.220s][info][gc,marking     ] GC(1267) Concurrent Mark 1061.104ms
[4446.220s][info][gc,marking     ] GC(1267) Concurrent Rebuild Remembered Sets and Scrub Regions
[4446.624s][info][gc,marking     ] GC(1267) Concurrent Rebuild Remembered Sets and Scrub Regions 404.637ms
[4446.625s][info][gc,start       ] GC(1267) Pause Cleanup
[4446.625s][info][gc             ] GC(1267) Pause Cleanup 3060M->3060M(4096M) 0.128ms
[4446.625s][info][gc,cpu         ] GC(1267) User=0.00s Sys=0.00s Real=0.00s
[4446.625s][info][gc,marking     ] GC(1267) Concurrent Clear Claimed Marks
[4446.625s][info][gc,marking     ] GC(1267) Concurrent Clear Claimed Marks 0.022ms
[4446.625s][info][gc,marking     ] GC(1267) Concurrent Cleanup for Next Mark
[4446.633s][info][gc,marking     ] GC(1267) Concurrent Cleanup for Next Mark 7.462ms
[4446.633s][info][gc             ] GC(1267) Concurrent Mark Cycle 1661.924ms
.[4447.197s][info][gc,start       ] GC(1268) Pause Young (Prepare Mixed) (G1 Evacuation Pause)
[4447.197s][info][gc,task        ] GC(1268) Using 6 workers of 6 for evacuation
[4447.325s][info][gc,phases      ] GC(1268)   Pre Evacuate Collection Set: 0.34ms
[4447.326s][info][gc,phases      ] GC(1268)   Merge Heap Roots: 0.55ms
[4447.326s][info][gc,phases      ] GC(1268)   Evacuate Collection Set: 126.44ms
[4447.326s][info][gc,phases      ] GC(1268)   Post Evacuate Collection Set: 0.92ms
[4447.326s][info][gc,phases      ] GC(1268)   Other: 0.09ms
[4447.326s][info][gc,heap        ] GC(1268) Eden regions: 1116->0(1091)
[4447.326s][info][gc,heap        ] GC(1268) Survivor regions: 112->117(154)
[4447.326s][info][gc,heap        ] GC(1268) Old regions: 508->540
[4447.326s][info][gc,heap        ] GC(1268) Humongous regions: 80->80
[4447.326s][info][gc,metaspace   ] GC(1268) Metaspace: 28914K(29376K)->28914K(29376K) NonClass: 24044K(24256K)->24044K(24256K) Class: 4869K(5120K)->4869K(5120K)
[4447.326s][info][gc             ] GC(1268) Pause Young (Prepare Mixed) (G1 Evacuation Pause) 3630M->1472M(4096M) 128.466ms
[4447.326s][info][gc,cpu         ] GC(1268) User=0.76s Sys=0.00s Real=0.13s
..[4449.443s][info][gc,start       ] GC(1269) Pause Young (Mixed) (G1 Evacuation Pause)
[4449.443s][info][gc,task        ] GC(1269) Using 6 workers of 6 for evacuation
[4449.576s][info][gc,phases      ] GC(1269)   Pre Evacuate Collection Set: 0.35ms
[4449.577s][info][gc,phases      ] GC(1269)   Merge Heap Roots: 0.79ms
[4449.577s][info][gc,phases      ] GC(1269)   Evacuate Collection Set: 131.59ms
[4449.577s][info][gc,phases      ] GC(1269)   Post Evacuate Collection Set: 0.92ms
[4449.577s][info][gc,phases      ] GC(1269)   Other: 0.08ms
[4449.577s][info][gc,heap        ] GC(1269) Eden regions: 1091->0(1119)
[4449.577s][info][gc,heap        ] GC(1269) Survivor regions: 117->109(151)
[4449.577s][info][gc,heap        ] GC(1269) Old regions: 540->475
[4449.577s][info][gc,heap        ] GC(1269) Humongous regions: 80->80
[4449.577s][info][gc,metaspace   ] GC(1269) Metaspace: 28914K(29376K)->28914K(29376K) NonClass: 24044K(24256K)->24044K(24256K) Class: 4869K(5120K)->4869K(5120K)
[4449.577s][info][gc             ] GC(1269) Pause Young (Mixed) (G1 Evacuation Pause) 3654M->1325M(4096M) 133.859ms
[4449.577s][info][gc,cpu         ] GC(1269) User=0.80s Sys=0.00s Real=0.13s
..[4451.858s][info][gc,start       ] GC(1270) Pause Young (Concurrent Start) (G1 Evacuation Pause)
[4451.858s][info][gc,task        ] GC(1270) Using 6 workers of 6 for evacuation
[4451.983s][info][gc,phases      ] GC(1270)   Pre Evacuate Collection Set: 0.33ms
[4451.983s][info][gc,phases      ] GC(1270)   Merge Heap Roots: 0.47ms
[4451.983s][info][gc,phases      ] GC(1270)   Evacuate Collection Set: 123.21ms
[4451.983s][info][gc,phases      ] GC(1270)   Post Evacuate Collection Set: 0.87ms
[4451.983s][info][gc,phases      ] GC(1270)   Other: 0.12ms
[4451.983s][info][gc,heap        ] GC(1270) Eden regions: 1119->0(1112)
[4451.983s][info][gc,heap        ] GC(1270) Survivor regions: 109->116(154)
[4451.983s][info][gc,heap        ] GC(1270) Old regions: 475->507
[4451.983s][info][gc,heap        ] GC(1270) Humongous regions: 80->80
[4451.983s][info][gc,metaspace   ] GC(1270) Metaspace: 28914K(29376K)->28914K(29376K) NonClass: 24044K(24256K)->24044K(24256K) Class: 4869K(5120K)->4869K(5120K)
[4451.983s][info][gc             ] GC(1270) Pause Young (Concurrent Start) (G1 Evacuation Pause) 3563M->1403M(4096M) 125.125ms
[4451.983s][info][gc             ] GC(1271) Concurrent Mark Cycle
[4451.983s][info][gc,marking     ] GC(1271) Concurrent Scan Root Regions
[4451.983s][info][gc,cpu         ] GC(1270) User=0.74s Sys=0.00s Real=0.13s
.[4452.220s][info][gc,marking     ] GC(1271) Concurrent Scan Root Regions 236.311ms
[4452.220s][info][gc,marking     ] GC(1271) Concurrent Mark
[4452.220s][info][gc,marking     ] GC(1271) Concurrent Mark From Roots
[4452.220s][info][gc,task        ] GC(1271) Using 2 workers of 2 for marking
[4453.195s][info][gc,marking     ] GC(1271) Concurrent Mark From Roots 974.877ms
[4453.195s][info][gc,marking     ] GC(1271) Concurrent Preclean
[4453.195s][info][gc,marking     ] GC(1271) Concurrent Preclean 0.092ms
[4453.197s][info][gc,start       ] GC(1271) Pause Remark
[4453.204s][info][gc             ] GC(1271) Pause Remark 2553M->2553M(4096M) 6.932ms
[4453.204s][info][gc,cpu         ] GC(1271) User=0.04s Sys=0.01s Real=0.01s
[4453.205s][info][gc,marking     ] GC(1271) Concurrent Mark 984.957ms
[4453.205s][info][gc,marking     ] GC(1271) Concurrent Rebuild Remembered Sets and Scrub Regions
.[4453.603s][info][gc,marking     ] GC(1271) Concurrent Rebuild Remembered Sets and Scrub Regions 398.297ms
[4453.605s][info][gc,start       ] GC(1271) Pause Cleanup
[4453.605s][info][gc             ] GC(1271) Pause Cleanup 3027M->3027M(4096M) 0.130ms
[4453.605s][info][gc,cpu         ] GC(1271) User=0.00s Sys=0.00s Real=0.00s
[4453.605s][info][gc,marking     ] GC(1271) Concurrent Clear Claimed Marks
[4453.605s][info][gc,marking     ] GC(1271) Concurrent Clear Claimed Marks 0.039ms
[4453.605s][info][gc,marking     ] GC(1271) Concurrent Cleanup for Next Mark
[4453.612s][info][gc,marking     ] GC(1271) Concurrent Cleanup for Next Mark 7.388ms
[4453.612s][info][gc             ] GC(1271) Concurrent Mark Cycle 1628.904ms
[4454.196s][info][gc,start       ] GC(1272) Pause Young (Prepare Mixed) (G1 Evacuation Pause)
[4454.196s][info][gc,task        ] GC(1272) Using 6 workers of 6 for evacuation
[4454.317s][info][gc,phases      ] GC(1272)   Pre Evacuate Collection Set: 0.31ms
[4454.317s][info][gc,phases      ] GC(1272)   Merge Heap Roots: 0.56ms
[4454.317s][info][gc,phases      ] GC(1272)   Evacuate Collection Set: 119.82ms
[4454.317s][info][gc,phases      ] GC(1272)   Post Evacuate Collection Set: 0.89ms
[4454.317s][info][gc,phases      ] GC(1272)   Other: 0.09ms
[4454.317s][info][gc,heap        ] GC(1272) Eden regions: 1112->0(1103)
[4454.317s][info][gc,heap        ] GC(1272) Survivor regions: 116->112(154)
[4454.317s][info][gc,heap        ] GC(1272) Old regions: 507->538
[4454.317s][info][gc,heap        ] GC(1272) Humongous regions: 80->80
[4454.317s][info][gc,metaspace   ] GC(1272) Metaspace: 28914K(29376K)->28914K(29376K) NonClass: 24044K(24256K)->24044K(24256K) Class: 4869K(5120K)->4869K(5120K)
[4454.317s][info][gc             ] GC(1272) Pause Young (Prepare Mixed) (G1 Evacuation Pause) 3627M->1458M(4096M) 121.788ms
[4454.318s][info][gc,cpu         ] GC(1272) User=0.72s Sys=0.00s Real=0.12s
...[4456.438s][info][gc,start       ] GC(1273) Pause Young (Mixed) (G1 Evacuation Pause)
[4456.438s][info][gc,task        ] GC(1273) Using 6 workers of 6 for evacuation
[4456.573s][info][gc,phases      ] GC(1273)   Pre Evacuate Collection Set: 0.35ms
[4456.573s][info][gc,phases      ] GC(1273)   Merge Heap Roots: 0.64ms
[4456.573s][info][gc,phases      ] GC(1273)   Evacuate Collection Set: 133.03ms
[4456.573s][info][gc,phases      ] GC(1273)   Post Evacuate Collection Set: 0.96ms
[4456.573s][info][gc,phases      ] GC(1273)   Other: 0.08ms
[4456.573s][info][gc,heap        ] GC(1273) Eden regions: 1103->0(1118)
[4456.573s][info][gc,heap        ] GC(1273) Survivor regions: 112->110(152)
[4456.573s][info][gc,heap        ] GC(1273) Old regions: 538->475
[4456.573s][info][gc,heap        ] GC(1273) Humongous regions: 80->80
[4456.573s][info][gc,metaspace   ] GC(1273) Metaspace: 28914K(29376K)->28914K(29376K) NonClass: 24044K(24256K)->24044K(24256K) Class: 4869K(5120K)->4869K(5120K)
[4456.573s][info][gc             ] GC(1273) Pause Young (Mixed) (G1 Evacuation Pause) 3664M->1328M(4096M) 135.220ms
[4456.573s][info][gc,cpu         ] GC(1273) User=0.80s Sys=0.00s Real=0.14s
..[4458.761s][info][gc,start       ] GC(1274) Pause Young (Concurrent Start) (G1 Evacuation Pause)
[4458.761s][info][gc,task        ] GC(1274) Using 6 workers of 6 for evacuation
[4458.881s][info][gc,phases      ] GC(1274)   Pre Evacuate Collection Set: 0.37ms
[4458.882s][info][gc,phases      ] GC(1274)   Merge Heap Roots: 0.46ms
[4458.882s][info][gc,phases      ] GC(1274)   Evacuate Collection Set: 118.61ms
[4458.882s][info][gc,phases      ] GC(1274)   Post Evacuate Collection Set: 0.90ms
[4458.882s][info][gc,phases      ] GC(1274)   Other: 0.09ms
[4458.882s][info][gc,heap        ] GC(1274) Eden regions: 1118->0(1116)
[4458.882s][info][gc,heap        ] GC(1274) Survivor regions: 110->112(154)
[4458.882s][info][gc,heap        ] GC(1274) Old regions: 475->506
[4458.882s][info][gc,heap        ] GC(1274) Humongous regions: 80->80
[4458.882s][info][gc,metaspace   ] GC(1274) Metaspace: 28914K(29376K)->28914K(29376K) NonClass: 24044K(24256K)->24044K(24256K) Class: 4869K(5120K)->4869K(5120K)
[4458.882s][info][gc             ] GC(1274) Pause Young (Concurrent Start) (G1 Evacuation Pause) 3564M->1395M(4096M) 120.568ms
[4458.882s][info][gc             ] GC(1275) Concurrent Mark Cycle
[4458.882s][info][gc,marking     ] GC(1275) Concurrent Scan Root Regions
[4458.882s][info][gc,cpu         ] GC(1274) User=0.72s Sys=0.00s Real=0.12s
[4459.133s][info][gc,marking     ] GC(1275) Concurrent Scan Root Regions 251.792ms
[4459.133s][info][gc,marking     ] GC(1275) Concurrent Mark
[4459.133s][info][gc,marking     ] GC(1275) Concurrent Mark From Roots
[4459.133s][info][gc,task        ] GC(1275) Using 2 workers of 2 for marking
.[4460.224s][info][gc,marking     ] GC(1275) Concurrent Mark From Roots 1090.637ms
[4460.224s][info][gc,marking     ] GC(1275) Concurrent Preclean
[4460.224s][info][gc,marking     ] GC(1275) Concurrent Preclean 0.096ms
[4460.225s][info][gc,start       ] GC(1275) Pause Remark
[4460.232s][info][gc             ] GC(1275) Pause Remark 2712M->2712M(4096M) 7.373ms
[4460.232s][info][gc,cpu         ] GC(1275) User=0.04s Sys=0.00s Real=0.01s
[4460.232s][info][gc,marking     ] GC(1275) Concurrent Mark 1098.772ms
[4460.232s][info][gc,marking     ] GC(1275) Concurrent Rebuild Remembered Sets and Scrub Regions
.[4460.591s][info][gc,marking     ] GC(1275) Concurrent Rebuild Remembered Sets and Scrub Regions 358.712ms
[4460.591s][info][gc,start       ] GC(1275) Pause Cleanup
[4460.591s][info][gc             ] GC(1275) Pause Cleanup 3052M->3052M(4096M) 0.134ms
[4460.591s][info][gc,cpu         ] GC(1275) User=0.00s Sys=0.00s Real=0.00s
[4460.593s][info][gc,marking     ] GC(1275) Concurrent Clear Claimed Marks
[4460.593s][info][gc,marking     ] GC(1275) Concurrent Clear Claimed Marks 0.056ms
[4460.593s][info][gc,marking     ] GC(1275) Concurrent Cleanup for Next Mark
[4460.603s][info][gc,marking     ] GC(1275) Concurrent Cleanup for Next Mark 9.883ms
[4460.603s][info][gc             ] GC(1275) Concurrent Mark Cycle 1721.114ms
[4461.115s][info][gc,start       ] GC(1276) Pause Young (Prepare Mixed) (G1 Evacuation Pause)
[4461.115s][info][gc,task        ] GC(1276) Using 6 workers of 6 for evacuation
[4461.240s][info][gc,phases      ] GC(1276)   Pre Evacuate Collection Set: 0.35ms
[4461.240s][info][gc,phases      ] GC(1276)   Merge Heap Roots: 0.61ms
[4461.240s][info][gc,phases      ] GC(1276)   Evacuate Collection Set: 123.29ms
[4461.240s][info][gc,phases      ] GC(1276)   Post Evacuate Collection Set: 0.91ms
[4461.240s][info][gc,phases      ] GC(1276)   Other: 0.08ms
[4461.240s][info][gc,heap        ] GC(1276) Eden regions: 1116->0(1095)
[4461.240s][info][gc,heap        ] GC(1276) Survivor regions: 112->116(154)
[4461.240s][info][gc,heap        ] GC(1276) Old regions: 506->538
[4461.240s][info][gc,heap        ] GC(1276) Humongous regions: 80->80
[4461.240s][info][gc,metaspace   ] GC(1276) Metaspace: 28914K(29376K)->28914K(29376K) NonClass: 24044K(24256K)->24044K(24256K) Class: 4869K(5120K)->4869K(5120K)
[4461.240s][info][gc             ] GC(1276) Pause Young (Prepare Mixed) (G1 Evacuation Pause) 3627M->1465M(4096M) 125.371ms
[4461.240s][info][gc,cpu         ] GC(1276) User=0.74s Sys=0.00s Real=0.13s
..[4463.425s][info][gc,start       ] GC(1277) Pause Young (Mixed) (G1 Evacuation Pause)
[4463.425s][info][gc,task        ] GC(1277) Using 6 workers of 6 for evacuation
[4463.563s][info][gc,phases      ] GC(1277)   Pre Evacuate Collection Set: 0.35ms
[4463.563s][info][gc,phases      ] GC(1277)   Merge Heap Roots: 0.75ms
[4463.563s][info][gc,phases      ] GC(1277)   Evacuate Collection Set: 136.10ms
[4463.563s][info][gc,phases      ] GC(1277)   Post Evacuate Collection Set: 0.94ms
[4463.563s][info][gc,phases      ] GC(1277)   Other: 0.08ms
[4463.563s][info][gc,heap        ] GC(1277) Eden regions: 1095->0(1117)
[4463.563s][info][gc,heap        ] GC(1277) Survivor regions: 116->111(152)
[4463.563s][info][gc,heap        ] GC(1277) Old regions: 538->475
[4463.563s][info][gc,heap        ] GC(1277) Humongous regions: 80->80
[4463.563s][info][gc,metaspace   ] GC(1277) Metaspace: 28914K(29376K)->28914K(29376K) NonClass: 24044K(24256K)->24044K(24256K) Class: 4869K(5120K)->4869K(5120K)
[4463.563s][info][gc             ] GC(1277) Pause Young (Mixed) (G1 Evacuation Pause) 3655M->1329M(4096M) 138.355ms
[4463.563s][info][gc,cpu         ] GC(1277) User=0.83s Sys=0.00s Real=0.14s
...[4465.809s][info][gc,start       ] GC(1278) Pause Young (Concurrent Start) (G1 Evacuation Pause)
[4465.809s][info][gc,task        ] GC(1278) Using 6 workers of 6 for evacuation
[4465.932s][info][gc,phases      ] GC(1278)   Pre Evacuate Collection Set: 0.38ms
[4465.932s][info][gc,phases      ] GC(1278)   Merge Heap Roots: 0.54ms
[4465.932s][info][gc,phases      ] GC(1278)   Evacuate Collection Set: 120.68ms
[4465.932s][info][gc,phases      ] GC(1278)   Post Evacuate Collection Set: 0.86ms
[4465.932s][info][gc,phases      ] GC(1278)   Other: 0.10ms
[4465.932s][info][gc,heap        ] GC(1278) Eden regions: 1117->0(1115)
[4465.932s][info][gc,heap        ] GC(1278) Survivor regions: 111->113(154)
[4465.932s][info][gc,heap        ] GC(1278) Old regions: 475->507
[4465.932s][info][gc,heap        ] GC(1278) Humongous regions: 80->80
[4465.932s][info][gc,metaspace   ] GC(1278) Metaspace: 28914K(29376K)->28914K(29376K) NonClass: 24044K(24256K)->24044K(24256K) Class: 4869K(5120K)->4869K(5120K)
[4465.932s][info][gc             ] GC(1278) Pause Young (Concurrent Start) (G1 Evacuation Pause) 3563M->1397M(4096M) 122.700ms
[4465.932s][info][gc             ] GC(1279) Concurrent Mark Cycle
[4465.932s][info][gc,marking     ] GC(1279) Concurrent Scan Root Regions
[4465.932s][info][gc,cpu         ] GC(1278) User=0.73s Sys=0.00s Real=0.13s
[4466.103s][info][gc,marking     ] GC(1279) Concurrent Scan Root Regions 171.237ms
[4466.103s][info][gc,marking     ] GC(1279) Concurrent Mark
[4466.103s][info][gc,marking     ] GC(1279) Concurrent Mark From Roots
[4466.103s][info][gc,task        ] GC(1279) Using 2 workers of 2 for marking
.[4466.909s][info][gc,marking     ] GC(1279) Concurrent Mark From Roots 805.981ms
[4466.909s][info][gc,marking     ] GC(1279) Concurrent Preclean
[4466.909s][info][gc,marking     ] GC(1279) Concurrent Preclean 0.083ms
[4466.911s][info][gc,start       ] GC(1279) Pause Remark
[4466.916s][info][gc             ] GC(1279) Pause Remark 2297M->2297M(4096M) 5.368ms
[4466.916s][info][gc,cpu         ] GC(1279) User=0.03s Sys=0.01s Real=0.00s
[4466.918s][info][gc,marking     ] GC(1279) Concurrent Mark 814.362ms
[4466.918s][info][gc,marking     ] GC(1279) Concurrent Rebuild Remembered Sets and Scrub Regions
[4467.144s][info][gc,marking     ] GC(1279) Concurrent Rebuild Remembered Sets and Scrub Regions 226.481ms
[4467.147s][info][gc,start       ] GC(1279) Pause Cleanup
[4467.147s][info][gc             ] GC(1279) Pause Cleanup 2503M->2503M(4096M) 0.137ms
[4467.147s][info][gc,cpu         ] GC(1279) User=0.00s Sys=0.00s Real=0.00s
[4467.147s][info][gc,marking     ] GC(1279) Concurrent Clear Claimed Marks
[4467.147s][info][gc,marking     ] GC(1279) Concurrent Clear Claimed Marks 0.024ms
[4467.147s][info][gc,marking     ] GC(1279) Concurrent Cleanup for Next Mark
[4467.154s][info][gc,marking     ] GC(1279) Concurrent Cleanup for Next Mark 6.818ms
[4467.154s][info][gc             ] GC(1279) Concurrent Mark Cycle 1221.819ms
.[4468.135s][info][gc,start       ] GC(1280) Pause Young (Prepare Mixed) (G1 Evacuation Pause)
[4468.135s][info][gc,task        ] GC(1280) Using 6 workers of 6 for evacuation
[4468.250s][info][gc,phases      ] GC(1280)   Pre Evacuate Collection Set: 0.36ms
[4468.250s][info][gc,phases      ] GC(1280)   Merge Heap Roots: 0.52ms
[4468.250s][info][gc,phases      ] GC(1280)   Evacuate Collection Set: 113.75ms
[4468.250s][info][gc,phases      ] GC(1280)   Post Evacuate Collection Set: 0.92ms
[4468.250s][info][gc,phases      ] GC(1280)   Other: 0.09ms
[4468.250s][info][gc,heap        ] GC(1280) Eden regions: 1115->0(1110)
[4468.250s][info][gc,heap        ] GC(1280) Survivor regions: 113->108(154)
[4468.250s][info][gc,heap        ] GC(1280) Old regions: 507->539
[4468.250s][info][gc,heap        ] GC(1280) Humongous regions: 80->80
[4468.250s][info][gc,metaspace   ] GC(1280) Metaspace: 28914K(29376K)->28914K(29376K) NonClass: 24044K(24256K)->24044K(24256K) Class: 4869K(5120K)->4869K(5120K)
[4468.250s][info][gc             ] GC(1280) Pause Young (Prepare Mixed) (G1 Evacuation Pause) 3627M->1451M(4096M) 115.764ms
[4468.250s][info][gc,cpu         ] GC(1280) User=0.69s Sys=0.00s Real=0.12s
..[4470.498s][info][gc,start       ] GC(1281) Pause Young (Mixed) (G1 Evacuation Pause)
[4470.498s][info][gc,task        ] GC(1281) Using 6 workers of 6 for evacuation
[4470.633s][info][gc,phases      ] GC(1281)   Pre Evacuate Collection Set: 0.39ms
[4470.633s][info][gc,phases      ] GC(1281)   Merge Heap Roots: 0.70ms
[4470.633s][info][gc,phases      ] GC(1281)   Evacuate Collection Set: 133.15ms
[4470.633s][info][gc,phases      ] GC(1281)   Post Evacuate Collection Set: 0.93ms
[4470.633s][info][gc,phases      ] GC(1281)   Other: 0.08ms
[4470.633s][info][gc,heap        ] GC(1281) Eden regions: 1110->0(1119)
[4470.633s][info][gc,heap        ] GC(1281) Survivor regions: 108->109(153)
[4470.633s][info][gc,heap        ] GC(1281) Old regions: 539->476
[4470.633s][info][gc,heap        ] GC(1281) Humongous regions: 80->80
[4470.633s][info][gc,metaspace   ] GC(1281) Metaspace: 28914K(29376K)->28914K(29376K) NonClass: 24044K(24256K)->24044K(24256K) Class: 4869K(5120K)->4869K(5120K)
[4470.633s][info][gc             ] GC(1281) Pause Young (Mixed) (G1 Evacuation Pause) 3671M->1329M(4096M) 135.401ms
[4470.633s][info][gc,cpu         ] GC(1281) User=0.80s Sys=0.00s Real=0.14s
...[4472.863s][info][gc,start       ] GC(1282) Pause Young (Concurrent Start) (G1 Evacuation Pause)
[4472.863s][info][gc,task        ] GC(1282) Using 6 workers of 6 for evacuation
[4472.982s][info][gc,phases      ] GC(1282)   Pre Evacuate Collection Set: 0.35ms
[4472.982s][info][gc,phases      ] GC(1282)   Merge Heap Roots: 0.49ms
[4472.982s][info][gc,phases      ] GC(1282)   Evacuate Collection Set: 116.83ms
[4472.982s][info][gc,phases      ] GC(1282)   Post Evacuate Collection Set: 0.91ms
[4472.982s][info][gc,phases      ] GC(1282)   Other: 0.11ms
[4472.982s][info][gc,heap        ] GC(1282) Eden regions: 1119->0(1117)
[4472.982s][info][gc,heap        ] GC(1282) Survivor regions: 109->111(154)
[4472.982s][info][gc,heap        ] GC(1282) Old regions: 476->508
[4472.982s][info][gc,heap        ] GC(1282) Humongous regions: 80->80
[4472.982s][info][gc,metaspace   ] GC(1282) Metaspace: 28914K(29376K)->28914K(29376K) NonClass: 24044K(24256K)->24044K(24256K) Class: 4869K(5120K)->4869K(5120K)
[4472.982s][info][gc             ] GC(1282) Pause Young (Concurrent Start) (G1 Evacuation Pause) 3567M->1396M(4096M) 118.823ms
[4472.982s][info][gc             ] GC(1283) Concurrent Mark Cycle
[4472.982s][info][gc,marking     ] GC(1283) Concurrent Scan Root Regions
[4472.982s][info][gc,cpu         ] GC(1282) User=0.70s Sys=0.00s Real=0.12s
[4473.137s][info][gc,marking     ] GC(1283) Concurrent Scan Root Regions 155.588ms
[4473.137s][info][gc,marking     ] GC(1283) Concurrent Mark
[4473.138s][info][gc,marking     ] GC(1283) Concurrent Mark From Roots
[4473.138s][info][gc,task        ] GC(1283) Using 2 workers of 2 for marking
. (rIR:aIR:PR = 8025:8000:8000) (tPR = 118809) [OK] 
  4473s: Performance info:
         Transaction,    Success,    Partial,     Failed,   Receipts, AvgBarcode, 
             Overall,     480958,          0,          0,     456842,      59.47, 
         Response times:
             Request,    Success,    Partial,     Failed,   SkipFail,     Probes,    Samples,      min,      p50,      p90,      p95,      p99,      max, 
       TotalPurchase,     456833,          0,          0,          0,     349377,     437541,      300,     7700,   117000,   153000,   205000,   473000,
     InStorePurchase,     240715,          0,          0,          0,     183572,     229907,      300,     7800,   116000,   152000,   205000,   473000,
      OnlinePurchase,     168224,          0,          0,          0,     128945,     161508,      300,     7600,   117000,   153000,   204000,   405000,
        InstPurchase,      47894,          0,          0,          0,      36860,      46126,      400,     7700,   117000,   153000,   205000,   352000,
          AssocOfCat,        484,          0,          0,          0,        393,        582,    26000,    50000,   162400,   201400,   275550,   369000,
      AssocOfProduct,       4826,          0,          0,          0,       3276,       4287,     1000,     8000,   112000,   150000,   205000,   315000,
      BusinessReport,       1203,          0,          0,          0,       1039,       1436,    28000,    52000,   176000,   206300,   275260,   589000,
          CustBuyBeh,       4770,          0,          0,          0,       3316,       4328,      200,     6200,   103000,   144550,   198000,   527000,
       ProductReturn,      12833,          0,          0,          0,       9711,      12302,      200,     7600,   115000,   151000,   204000,   314000,

  4473s: (59%)   IR =   8164 [4474.064s][info][gc,marking     ] GC(1283) Concurrent Mark From Roots 926.350ms
[4474.064s][info][gc,marking     ] GC(1283) Concurrent Preclean
[4474.064s][info][gc,marking     ] GC(1283) Concurrent Preclean 0.087ms
[4474.064s][info][gc,start       ] GC(1283) Pause Remark
[4474.071s][info][gc             ] GC(1283) Pause Remark 2367M->2367M(4096M) 7.006ms
[4474.071s][info][gc,cpu         ] GC(1283) User=0.04s Sys=0.00s Real=0.01s
[4474.071s][info][gc,marking     ] GC(1283) Concurrent Mark 933.833ms
[4474.071s][info][gc,marking     ] GC(1283) Concurrent Rebuild Remembered Sets and Scrub Regions
[4474.402s][info][gc,marking     ] GC(1283) Concurrent Rebuild Remembered Sets and Scrub Regions 330.425ms
[4474.402s][info][gc,start       ] GC(1283) Pause Cleanup
[4474.402s][info][gc             ] GC(1283) Pause Cleanup 2680M->2680M(4096M) 0.107ms
[4474.402s][info][gc,cpu         ] GC(1283) User=0.00s Sys=0.00s Real=0.00s
[4474.402s][info][gc,marking     ] GC(1283) Concurrent Clear Claimed Marks
[4474.402s][info][gc,marking     ] GC(1283) Concurrent Clear Claimed Marks 0.029ms
[4474.402s][info][gc,marking     ] GC(1283) Concurrent Cleanup for Next Mark
[4474.408s][info][gc,marking     ] GC(1283) Concurrent Cleanup for Next Mark 5.402ms
[4474.408s][info][gc             ] GC(1283) Concurrent Mark Cycle 1425.838ms
.[4475.335s][info][gc,start       ] GC(1284) Pause Young (Prepare Mixed) (G1 Evacuation Pause)
[4475.335s][info][gc,task        ] GC(1284) Using 6 workers of 6 for evacuation
[4475.456s][info][gc,phases      ] GC(1284)   Pre Evacuate Collection Set: 0.33ms
[4475.456s][info][gc,phases      ] GC(1284)   Merge Heap Roots: 0.54ms
[4475.456s][info][gc,phases      ] GC(1284)   Evacuate Collection Set: 118.94ms
[4475.456s][info][gc,phases      ] GC(1284)   Post Evacuate Collection Set: 0.91ms
[4475.456s][info][gc,phases      ] GC(1284)   Other: 0.09ms
[4475.456s][info][gc,heap        ] GC(1284) Eden regions: 1117->0(1101)
[4475.456s][info][gc,heap        ] GC(1284) Survivor regions: 111->112(154)
[4475.456s][info][gc,heap        ] GC(1284) Old regions: 508->540
[4475.456s][info][gc,heap        ] GC(1284) Humongous regions: 80->80
[4475.456s][info][gc,metaspace   ] GC(1284) Metaspace: 28915K(29376K)->28915K(29376K) NonClass: 24045K(24256K)->24045K(24256K) Class: 4869K(5120K)->4869K(5120K)
[4475.456s][info][gc             ] GC(1284) Pause Young (Prepare Mixed) (G1 Evacuation Pause) 3630M->1461M(4096M) 120.953ms
[4475.456s][info][gc,cpu         ] GC(1284) User=0.72s Sys=0.00s Real=0.12s
..[4477.647s][info][gc,start       ] GC(1285) Pause Young (Mixed) (G1 Evacuation Pause)
[4477.647s][info][gc,task        ] GC(1285) Using 6 workers of 6 for evacuation
[4477.787s][info][gc,phases      ] GC(1285)   Pre Evacuate Collection Set: 0.35ms
[4477.787s][info][gc,phases      ] GC(1285)   Merge Heap Roots: 0.73ms
[4477.787s][info][gc,phases      ] GC(1285)   Evacuate Collection Set: 137.40ms
[4477.787s][info][gc,phases      ] GC(1285)   Post Evacuate Collection Set: 0.95ms
[4477.787s][info][gc,phases      ] GC(1285)   Other: 0.09ms
[4477.787s][info][gc,heap        ] GC(1285) Eden regions: 1101->0(1113)
[4477.787s][info][gc,heap        ] GC(1285) Survivor regions: 112->115(152)
[4477.787s][info][gc,heap        ] GC(1285) Old regions: 540->475
[4477.787s][info][gc,heap        ] GC(1285) Humongous regions: 80->80
[4477.787s][info][gc,metaspace   ] GC(1285) Metaspace: 28915K(29376K)->28915K(29376K) NonClass: 24045K(24256K)->24045K(24256K) Class: 4869K(5120K)->4869K(5120K)
[4477.787s][info][gc             ] GC(1285) Pause Young (Mixed) (G1 Evacuation Pause) 3663M->1337M(4096M) 139.649ms
[4477.787s][info][gc,cpu         ] GC(1285) User=0.83s Sys=0.00s Real=0.14s
...[4479.891s][info][gc,start       ] GC(1286) Pause Young (Concurrent Start) (G1 Evacuation Pause)
[4479.891s][info][gc,task        ] GC(1286) Using 6 workers of 6 for evacuation
[4480.014s][info][gc,phases      ] GC(1286)   Pre Evacuate Collection Set: 0.37ms
[4480.015s][info][gc,phases      ] GC(1286)   Merge Heap Roots: 0.54ms
[4480.015s][info][gc,phases      ] GC(1286)   Evacuate Collection Set: 121.13ms
[4480.015s][info][gc,phases      ] GC(1286)   Post Evacuate Collection Set: 0.90ms
[4480.015s][info][gc,phases      ] GC(1286)   Other: 0.11ms
[4480.015s][info][gc,heap        ] GC(1286) Eden regions: 1113->0(1113)
[4480.015s][info][gc,heap        ] GC(1286) Survivor regions: 115->115(154)
[4480.015s][info][gc,heap        ] GC(1286) Old regions: 475->506
[4480.015s][info][gc,heap        ] GC(1286) Humongous regions: 80->80
[4480.015s][info][gc,metaspace   ] GC(1286) Metaspace: 28915K(29376K)->28915K(29376K) NonClass: 24045K(24256K)->24045K(24256K) Class: 4869K(5120K)->4869K(5120K)
[4480.015s][info][gc             ] GC(1286) Pause Young (Concurrent Start) (G1 Evacuation Pause) 3563M->1400M(4096M) 123.203ms
[4480.015s][info][gc             ] GC(1287) Concurrent Mark Cycle
[4480.015s][info][gc,marking     ] GC(1287) Concurrent Scan Root Regions
[4480.015s][info][gc,cpu         ] GC(1286) User=0.73s Sys=0.00s Real=0.12s
[4480.200s][info][gc,marking     ] GC(1287) Concurrent Scan Root Regions 185.645ms
[4480.200s][info][gc,marking     ] GC(1287) Concurrent Mark
[4480.200s][info][gc,marking     ] GC(1287) Concurrent Mark From Roots
[4480.200s][info][gc,task        ] GC(1287) Using 2 workers of 2 for marking
.[4481.169s][info][gc,marking     ] GC(1287) Concurrent Mark From Roots 968.587ms
[4481.169s][info][gc,marking     ] GC(1287) Concurrent Preclean
[4481.169s][info][gc,marking     ] GC(1287) Concurrent Preclean 0.113ms
[4481.172s][info][gc,start       ] GC(1287) Pause Remark
[4481.179s][info][gc             ] GC(1287) Pause Remark 2528M->2528M(4096M) 7.341ms
[4481.179s][info][gc,cpu         ] GC(1287) User=0.04s Sys=0.00s Real=0.00s
[4481.179s][info][gc,marking     ] GC(1287) Concurrent Mark 978.868ms
[4481.179s][info][gc,marking     ] GC(1287) Concurrent Rebuild Remembered Sets and Scrub Regions
[4481.537s][info][gc,marking     ] GC(1287) Concurrent Rebuild Remembered Sets and Scrub Regions 357.369ms
[4481.539s][info][gc,start       ] GC(1287) Pause Cleanup
[4481.539s][info][gc             ] GC(1287) Pause Cleanup 2904M->2904M(4096M) 0.132ms
[4481.539s][info][gc,cpu         ] GC(1287) User=0.00s Sys=0.00s Real=0.00s
[4481.539s][info][gc,marking     ] GC(1287) Concurrent Clear Claimed Marks
[4481.539s][info][gc,marking     ] GC(1287) Concurrent Clear Claimed Marks 0.033ms
[4481.539s][info][gc,marking     ] GC(1287) Concurrent Cleanup for Next Mark
[4481.545s][info][gc,marking     ] GC(1287) Concurrent Cleanup for Next Mark 5.675ms
[4481.545s][info][gc             ] GC(1287) Concurrent Mark Cycle 1530.147ms
.[4482.290s][info][gc,start       ] GC(1288) Pause Young (Prepare Mixed) (G1 Evacuation Pause)
[4482.290s][info][gc,task        ] GC(1288) Using 6 workers of 6 for evacuation
[4482.410s][info][gc,phases      ] GC(1288)   Pre Evacuate Collection Set: 0.34ms
[4482.410s][info][gc,phases      ] GC(1288)   Merge Heap Roots: 0.52ms
[4482.410s][info][gc,phases      ] GC(1288)   Evacuate Collection Set: 118.17ms
[4482.410s][info][gc,phases      ] GC(1288)   Post Evacuate Collection Set: 0.89ms
[4482.410s][info][gc,phases      ] GC(1288)   Other: 0.08ms
[4482.410s][info][gc,heap        ] GC(1288) Eden regions: 1113->0(1102)
[4482.410s][info][gc,heap        ] GC(1288) Survivor regions: 115->112(154)
[4482.410s][info][gc,heap        ] GC(1288) Old regions: 506->539
[4482.410s][info][gc,heap        ] GC(1288) Humongous regions: 80->80
[4482.410s][info][gc,metaspace   ] GC(1288) Metaspace: 28915K(29376K)->28915K(29376K) NonClass: 24045K(24256K)->24045K(24256K) Class: 4869K(5120K)->4869K(5120K)
[4482.410s][info][gc             ] GC(1288) Pause Young (Prepare Mixed) (G1 Evacuation Pause) 3626M->1459M(4096M) 120.129ms
[4482.410s][info][gc,cpu         ] GC(1288) User=0.71s Sys=0.00s Real=0.12s
..|[4484.498s][info][gc,start       ] GC(1289) Pause Young (Mixed) (G1 Evacuation Pause)
[4484.498s][info][gc,task        ] GC(1289) Using 6 workers of 6 for evacuation
[4484.633s][info][gc,phases      ] GC(1289)   Pre Evacuate Collection Set: 0.38ms
[4484.633s][info][gc,phases      ] GC(1289)   Merge Heap Roots: 0.75ms
[4484.633s][info][gc,phases      ] GC(1289)   Evacuate Collection Set: 133.26ms
[4484.633s][info][gc,phases      ] GC(1289)   Post Evacuate Collection Set: 0.92ms
[4484.633s][info][gc,phases      ] GC(1289)   Other: 0.09ms
[4484.633s][info][gc,heap        ] GC(1289) Eden regions: 1102->0(1116)
[4484.633s][info][gc,heap        ] GC(1289) Survivor regions: 112->112(152)
[4484.633s][info][gc,heap        ] GC(1289) Old regions: 539->475
[4484.633s][info][gc,heap        ] GC(1289) Humongous regions: 80->80
[4484.633s][info][gc,metaspace   ] GC(1289) Metaspace: 28915K(29376K)->28915K(29376K) NonClass: 24045K(24256K)->24045K(24256K) Class: 4869K(5120K)->4869K(5120K)
[4484.633s][info][gc             ] GC(1289) Pause Young (Mixed) (G1 Evacuation Pause) 3663M->1332M(4096M) 135.534ms
[4484.633s][info][gc,cpu         ] GC(1289) User=0.81s Sys=0.00s Real=0.14s
..[4486.790s][info][gc,start       ] GC(1290) Pause Young (Concurrent Start) (G1 Evacuation Pause)
[4486.790s][info][gc,task        ] GC(1290) Using 6 workers of 6 for evacuation
[4486.913s][info][gc,phases      ] GC(1290)   Pre Evacuate Collection Set: 0.35ms
[4486.913s][info][gc,phases      ] GC(1290)   Merge Heap Roots: 0.51ms
[4486.913s][info][gc,phases      ] GC(1290)   Evacuate Collection Set: 120.34ms
[4486.913s][info][gc,phases      ] GC(1290)   Post Evacuate Collection Set: 0.89ms
[4486.913s][info][gc,phases      ] GC(1290)   Other: 0.11ms
[4486.913s][info][gc,heap        ] GC(1290) Eden regions: 1116->0(1116)
[4486.913s][info][gc,heap        ] GC(1290) Survivor regions: 112->112(154)
[4486.913s][info][gc,heap        ] GC(1290) Old regions: 475->509
[4486.913s][info][gc,heap        ] GC(1290) Humongous regions: 80->80
[4486.913s][info][gc,metaspace   ] GC(1290) Metaspace: 28915K(29376K)->28915K(29376K) NonClass: 24045K(24256K)->24045K(24256K) Class: 4869K(5120K)->4869K(5120K)
[4486.913s][info][gc             ] GC(1290) Pause Young (Concurrent Start) (G1 Evacuation Pause) 3564M->1401M(4096M) 122.366ms
[4486.913s][info][gc             ] GC(1291) Concurrent Mark Cycle
[4486.913s][info][gc,marking     ] GC(1291) Concurrent Scan Root Regions
[4486.913s][info][gc,cpu         ] GC(1290) User=0.73s Sys=0.00s Real=0.12s
.[4487.059s][info][gc,marking     ] GC(1291) Concurrent Scan Root Regions 146.258ms
[4487.059s][info][gc,marking     ] GC(1291) Concurrent Mark
[4487.059s][info][gc,marking     ] GC(1291) Concurrent Mark From Roots
[4487.059s][info][gc,task        ] GC(1291) Using 2 workers of 2 for marking
[4487.851s][info][gc,marking     ] GC(1291) Concurrent Mark From Roots 791.424ms
[4487.851s][info][gc,marking     ] GC(1291) Concurrent Preclean
[4487.851s][info][gc,marking     ] GC(1291) Concurrent Preclean 0.090ms
[4487.851s][info][gc,start       ] GC(1291) Pause Remark
[4487.857s][info][gc             ] GC(1291) Pause Remark 2261M->2261M(4096M) 6.535ms
[4487.857s][info][gc,cpu         ] GC(1291) User=0.04s Sys=0.00s Real=0.00s
[4487.858s][info][gc,marking     ] GC(1291) Concurrent Mark 798.404ms
[4487.858s][info][gc,marking     ] GC(1291) Concurrent Rebuild Remembered Sets and Scrub Regions
.[4488.152s][info][gc,marking     ] GC(1291) Concurrent Rebuild Remembered Sets and Scrub Regions 294.426ms
[4488.153s][info][gc,start       ] GC(1291) Pause Cleanup
[4488.153s][info][gc             ] GC(1291) Pause Cleanup 2563M->2563M(4096M) 0.120ms
[4488.153s][info][gc,cpu         ] GC(1291) User=0.00s Sys=0.00s Real=0.00s
[4488.153s][info][gc,marking     ] GC(1291) Concurrent Clear Claimed Marks
[4488.153s][info][gc,marking     ] GC(1291) Concurrent Clear Claimed Marks 0.026ms
[4488.153s][info][gc,marking     ] GC(1291) Concurrent Cleanup for Next Mark
[4488.160s][info][gc,marking     ] GC(1291) Concurrent Cleanup for Next Mark 7.214ms
[4488.160s][info][gc             ] GC(1291) Concurrent Mark Cycle 1247.458ms
.[4489.080s][info][gc,start       ] GC(1292) Pause Young (Prepare Mixed) (G1 Evacuation Pause)
[4489.080s][info][gc,task        ] GC(1292) Using 6 workers of 6 for evacuation
[4489.199s][info][gc,phases      ] GC(1292)   Pre Evacuate Collection Set: 0.32ms
[4489.199s][info][gc,phases      ] GC(1292)   Merge Heap Roots: 0.55ms
[4489.199s][info][gc,phases      ] GC(1292)   Evacuate Collection Set: 117.53ms
[4489.199s][info][gc,phases      ] GC(1292)   Post Evacuate Collection Set: 0.92ms
[4489.199s][info][gc,phases      ] GC(1292)   Other: 0.09ms
[4489.199s][info][gc,heap        ] GC(1292) Eden regions: 1116->0(1105)
[4489.199s][info][gc,heap        ] GC(1292) Survivor regions: 112->110(154)
[4489.199s][info][gc,heap        ] GC(1292) Old regions: 509->540
[4489.199s][info][gc,heap        ] GC(1292) Humongous regions: 80->80
[4489.199s][info][gc,metaspace   ] GC(1292) Metaspace: 28915K(29376K)->28915K(29376K) NonClass: 24045K(24256K)->24045K(24256K) Class: 4869K(5120K)->4869K(5120K)
[4489.200s][info][gc             ] GC(1292) Pause Young (Prepare Mixed) (G1 Evacuation Pause) 3633M->1458M(4096M) 119.535ms
[4489.200s][info][gc,cpu         ] GC(1292) User=0.71s Sys=0.00s Real=0.12s
..[4491.378s][info][gc,start       ] GC(1293) Pause Young (Mixed) (G1 Evacuation Pause)
[4491.378s][info][gc,task        ] GC(1293) Using 6 workers of 6 for evacuation
[4491.520s][info][gc,phases      ] GC(1293)   Pre Evacuate Collection Set: 0.36ms
[4491.520s][info][gc,phases      ] GC(1293)   Merge Heap Roots: 0.80ms
[4491.520s][info][gc,phases      ] GC(1293)   Evacuate Collection Set: 140.61ms
[4491.520s][info][gc,phases      ] GC(1293)   Post Evacuate Collection Set: 0.94ms
[4491.520s][info][gc,phases      ] GC(1293)   Other: 0.08ms
[4491.520s][info][gc,heap        ] GC(1293) Eden regions: 1105->0(1113)
[4491.520s][info][gc,heap        ] GC(1293) Survivor regions: 110->115(152)
[4491.520s][info][gc,heap        ] GC(1293) Old regions: 540->476
[4491.520s][info][gc,heap        ] GC(1293) Humongous regions: 80->80
[4491.520s][info][gc,metaspace   ] GC(1293) Metaspace: 28915K(29376K)->28915K(29376K) NonClass: 24045K(24256K)->24045K(24256K) Class: 4869K(5120K)->4869K(5120K)
[4491.521s][info][gc             ] GC(1293) Pause Young (Mixed) (G1 Evacuation Pause) 3668M->1340M(4096M) 142.938ms
[4491.521s][info][gc,cpu         ] GC(1293) User=0.85s Sys=0.00s Real=0.15s
..[4493.678s][info][gc,start       ] GC(1294) Pause Young (Concurrent Start) (G1 Evacuation Pause)
[4493.678s][info][gc,task        ] GC(1294) Using 6 workers of 6 for evacuation
[4493.799s][info][gc,phases      ] GC(1294)   Pre Evacuate Collection Set: 0.34ms
[4493.799s][info][gc,phases      ] GC(1294)   Merge Heap Roots: 0.49ms
[4493.799s][info][gc,phases      ] GC(1294)   Evacuate Collection Set: 118.98ms
[4493.799s][info][gc,phases      ] GC(1294)   Post Evacuate Collection Set: 0.87ms
[4493.799s][info][gc,phases      ] GC(1294)   Other: 0.09ms
[4493.799s][info][gc,heap        ] GC(1294) Eden regions: 1113->0(1115)
[4493.799s][info][gc,heap        ] GC(1294) Survivor regions: 115->113(154)
[4493.799s][info][gc,heap        ] GC(1294) Old regions: 476->508
[4493.799s][info][gc,heap        ] GC(1294) Humongous regions: 80->80
[4493.799s][info][gc,metaspace   ] GC(1294) Metaspace: 28915K(29376K)->28915K(29376K) NonClass: 24045K(24256K)->24045K(24256K) Class: 4869K(5120K)->4869K(5120K)
[4493.799s][info][gc             ] GC(1294) Pause Young (Concurrent Start) (G1 Evacuation Pause) 3566M->1401M(4096M) 120.904ms
[4493.799s][info][gc             ] GC(1295) Concurrent Mark Cycle
[4493.799s][info][gc,marking     ] GC(1295) Concurrent Scan Root Regions
[4493.799s][info][gc,cpu         ] GC(1294) User=0.72s Sys=0.00s Real=0.12s
[4493.942s][info][gc,marking     ] GC(1295) Concurrent Scan Root Regions 143.205ms
[4493.942s][info][gc,marking     ] GC(1295) Concurrent Mark
[4493.942s][info][gc,marking     ] GC(1295) Concurrent Mark From Roots
[4493.942s][info][gc,task        ] GC(1295) Using 2 workers of 2 for marking
.[4494.717s][info][gc,marking     ] GC(1295) Concurrent Mark From Roots 774.300ms
[4494.717s][info][gc,marking     ] GC(1295) Concurrent Preclean
[4494.717s][info][gc,marking     ] GC(1295) Concurrent Preclean 0.112ms
[4494.717s][info][gc,start       ] GC(1295) Pause Remark
[4494.725s][info][gc             ] GC(1295) Pause Remark 2215M->2215M(4096M) 7.219ms
[4494.725s][info][gc,cpu         ] GC(1295) User=0.04s Sys=0.00s Real=0.01s
[4494.726s][info][gc,marking     ] GC(1295) Concurrent Mark 783.689ms
[4494.726s][info][gc,marking     ] GC(1295) Concurrent Rebuild Remembered Sets and Scrub Regions
[4494.996s][info][gc,marking     ] GC(1295) Concurrent Rebuild Remembered Sets and Scrub Regions 269.599ms
[4494.996s][info][gc,start       ] GC(1295) Pause Cleanup
[4494.996s][info][gc             ] GC(1295) Pause Cleanup 2459M->2459M(4096M) 0.123ms
[4494.996s][info][gc,cpu         ] GC(1295) User=0.00s Sys=0.00s Real=0.00s
[4494.998s][info][gc,marking     ] GC(1295) Concurrent Clear Claimed Marks
[4494.998s][info][gc,marking     ] GC(1295) Concurrent Clear Claimed Marks 0.040ms
[4494.998s][info][gc,marking     ] GC(1295) Concurrent Cleanup for Next Mark
[4495.003s][info][gc,marking     ] GC(1295) Concurrent Cleanup for Next Mark 4.720ms
[4495.003s][info][gc             ] GC(1295) Concurrent Mark Cycle 1204.173ms
.[4496.026s][info][gc,start       ] GC(1296) Pause Young (Prepare Mixed) (G1 Evacuation Pause)
[4496.026s][info][gc,task        ] GC(1296) Using 6 workers of 6 for evacuation
[4496.147s][info][gc,phases      ] GC(1296)   Pre Evacuate Collection Set: 0.34ms
[4496.148s][info][gc,phases      ] GC(1296)   Merge Heap Roots: 0.61ms
[4496.148s][info][gc,phases      ] GC(1296)   Evacuate Collection Set: 119.72ms
[4496.148s][info][gc,phases      ] GC(1296)   Post Evacuate Collection Set: 0.91ms
[4496.148s][info][gc,phases      ] GC(1296)   Other: 0.09ms
[4496.148s][info][gc,heap        ] GC(1296) Eden regions: 1115->0(1105)
[4496.148s][info][gc,heap        ] GC(1296) Survivor regions: 113->110(154)
[4496.148s][info][gc,heap        ] GC(1296) Old regions: 508->540
[4496.148s][info][gc,heap        ] GC(1296) Humongous regions: 80->80
[4496.148s][info][gc,metaspace   ] GC(1296) Metaspace: 28915K(29376K)->28915K(29376K) NonClass: 24045K(24256K)->24045K(24256K) Class: 4869K(5120K)->4869K(5120K)
[4496.148s][info][gc             ] GC(1296) Pause Young (Prepare Mixed) (G1 Evacuation Pause) 3631M->1459M(4096M) 121.837ms
[4496.148s][info][gc,cpu         ] GC(1296) User=0.72s Sys=0.00s Real=0.12s
...[4498.326s][info][gc,start       ] GC(1297) Pause Young (Mixed) (G1 Evacuation Pause)
[4498.326s][info][gc,task        ] GC(1297) Using 6 workers of 6 for evacuation
[4498.459s][info][gc,phases      ] GC(1297)   Pre Evacuate Collection Set: 0.35ms
[4498.459s][info][gc,phases      ] GC(1297)   Merge Heap Roots: 0.70ms
[4498.459s][info][gc,phases      ] GC(1297)   Evacuate Collection Set: 130.80ms
[4498.459s][info][gc,phases      ] GC(1297)   Post Evacuate Collection Set: 0.97ms
[4498.459s][info][gc,phases      ] GC(1297)   Other: 0.09ms
[4498.459s][info][gc,heap        ] GC(1297) Eden regions: 1105->0(1118)
[4498.459s][info][gc,heap        ] GC(1297) Survivor regions: 110->110(152)
[4498.459s][info][gc,heap        ] GC(1297) Old regions: 540->476
[4498.459s][info][gc,heap        ] GC(1297) Humongous regions: 80->80
[4498.459s][info][gc,metaspace   ] GC(1297) Metaspace: 28915K(29376K)->28915K(29376K) NonClass: 24045K(24256K)->24045K(24256K) Class: 4869K(5120K)->4869K(5120K)
[4498.459s][info][gc             ] GC(1297) Pause Young (Mixed) (G1 Evacuation Pause) 3669M->1329M(4096M) 133.042ms
[4498.459s][info][gc,cpu         ] GC(1297) User=0.79s Sys=0.00s Real=0.14s
..[4500.796s][info][gc,start       ] GC(1298) Pause Young (Concurrent Start) (G1 Evacuation Pause)
[4500.796s][info][gc,task        ] GC(1298) Using 6 workers of 6 for evacuation
[4500.919s][info][gc,phases      ] GC(1298)   Pre Evacuate Collection Set: 0.39ms
[4500.919s][info][gc,phases      ] GC(1298)   Merge Heap Roots: 0.55ms
[4500.919s][info][gc,phases      ] GC(1298)   Evacuate Collection Set: 121.14ms
[4500.919s][info][gc,phases      ] GC(1298)   Post Evacuate Collection Set: 0.87ms
[4500.919s][info][gc,phases      ] GC(1298)   Other: 0.11ms
[4500.919s][info][gc,heap        ] GC(1298) Eden regions: 1118->0(1117)
[4500.919s][info][gc,heap        ] GC(1298) Survivor regions: 110->111(154)
[4500.919s][info][gc,heap        ] GC(1298) Old regions: 476->509
[4500.919s][info][gc,heap        ] GC(1298) Humongous regions: 80->80
[4500.919s][info][gc,metaspace   ] GC(1298) Metaspace: 28915K(29376K)->28915K(29376K) NonClass: 24045K(24256K)->24045K(24256K) Class: 4869K(5120K)->4869K(5120K)
[4500.920s][info][gc             ] GC(1298) Pause Young (Concurrent Start) (G1 Evacuation Pause) 3565M->1399M(4096M) 123.191ms
[4500.920s][info][gc             ] GC(1299) Concurrent Mark Cycle
[4500.920s][info][gc,marking     ] GC(1299) Concurrent Scan Root Regions
[4500.920s][info][gc,cpu         ] GC(1298) User=0.74s Sys=0.00s Real=0.13s
[4501.108s][info][gc,marking     ] GC(1299) Concurrent Scan Root Regions 188.672ms
[4501.108s][info][gc,marking     ] GC(1299) Concurrent Mark
[4501.108s][info][gc,marking     ] GC(1299) Concurrent Mark From Roots
[4501.108s][info][gc,task        ] GC(1299) Using 2 workers of 2 for marking
.[4501.913s][info][gc,marking     ] GC(1299) Concurrent Mark From Roots 804.658ms
[4501.913s][info][gc,marking     ] GC(1299) Concurrent Preclean
[4501.913s][info][gc,marking     ] GC(1299) Concurrent Preclean 0.092ms
[4501.914s][info][gc,start       ] GC(1299) Pause Remark
[4501.921s][info][gc             ] GC(1299) Pause Remark 2357M->2357M(4096M) 7.032ms
[4501.921s][info][gc,cpu         ] GC(1299) User=0.04s Sys=0.00s Real=0.01s
[4501.921s][info][gc,marking     ] GC(1299) Concurrent Mark 812.784ms
[4501.921s][info][gc,marking     ] GC(1299) Concurrent Rebuild Remembered Sets and Scrub Regions
.[4502.302s][info][gc,marking     ] GC(1299) Concurrent Rebuild Remembered Sets and Scrub Regions 380.684ms
[4502.302s][info][gc,start       ] GC(1299) Pause Cleanup
[4502.302s][info][gc             ] GC(1299) Pause Cleanup 2719M->2719M(4096M) 0.115ms
[4502.302s][info][gc,cpu         ] GC(1299) User=0.00s Sys=0.00s Real=0.00s
[4502.302s][info][gc,marking     ] GC(1299) Concurrent Clear Claimed Marks
[4502.302s][info][gc,marking     ] GC(1299) Concurrent Clear Claimed Marks 0.027ms
[4502.302s][info][gc,marking     ] GC(1299) Concurrent Cleanup for Next Mark
[4502.307s][info][gc,marking     ] GC(1299) Concurrent Cleanup for Next Mark 4.967ms
[4502.307s][info][gc             ] GC(1299) Concurrent Mark Cycle 1387.637ms
[4503.098s][info][gc,start       ] GC(1300) Pause Young (Prepare Mixed) (G1 Evacuation Pause)
[4503.098s][info][gc,task        ] GC(1300) Using 6 workers of 6 for evacuation
[4503.215s][info][gc,phases      ] GC(1300)   Pre Evacuate Collection Set: 0.31ms
[4503.215s][info][gc,phases      ] GC(1300)   Merge Heap Roots: 0.57ms
[4503.215s][info][gc,phases      ] GC(1300)   Evacuate Collection Set: 115.57ms
[4503.215s][info][gc,phases      ] GC(1300)   Post Evacuate Collection Set: 0.89ms
[4503.215s][info][gc,phases      ] GC(1300)   Other: 0.09ms
[4503.215s][info][gc,heap        ] GC(1300) Eden regions: 1117->0(1107)
[4503.215s][info][gc,heap        ] GC(1300) Survivor regions: 111->109(154)
[4503.215s][info][gc,heap        ] GC(1300) Old regions: 509->540
[4503.215s][info][gc,heap        ] GC(1300) Humongous regions: 80->80
[4503.215s][info][gc,metaspace   ] GC(1300) Metaspace: 28915K(29376K)->28915K(29376K) NonClass: 24045K(24256K)->24045K(24256K) Class: 4869K(5120K)->4869K(5120K)
[4503.215s][info][gc             ] GC(1300) Pause Young (Prepare Mixed) (G1 Evacuation Pause) 3632M->1455M(4096M) 117.560ms
[4503.215s][info][gc,cpu         ] GC(1300) User=0.70s Sys=0.00s Real=0.12s
...[4505.355s][info][gc,start       ] GC(1301) Pause Young (Mixed) (G1 Evacuation Pause)
[4505.355s][info][gc,task        ] GC(1301) Using 6 workers of 6 for evacuation
[4505.492s][info][gc,phases      ] GC(1301)   Pre Evacuate Collection Set: 0.34ms
[4505.492s][info][gc,phases      ] GC(1301)   Merge Heap Roots: 0.81ms
[4505.492s][info][gc,phases      ] GC(1301)   Evacuate Collection Set: 134.57ms
[4505.492s][info][gc,phases      ] GC(1301)   Post Evacuate Collection Set: 0.93ms
[4505.492s][info][gc,phases      ] GC(1301)   Other: 0.09ms
[4505.492s][info][gc,heap        ] GC(1301) Eden regions: 1107->0(1119)
[4505.492s][info][gc,heap        ] GC(1301) Survivor regions: 109->109(152)
[4505.492s][info][gc,heap        ] GC(1301) Old regions: 540->475
[4505.492s][info][gc,heap        ] GC(1301) Humongous regions: 80->80
[4505.492s][info][gc,metaspace   ] GC(1301) Metaspace: 28915K(29376K)->28915K(29376K) NonClass: 24045K(24256K)->24045K(24256K) Class: 4869K(5120K)->4869K(5120K)
[4505.492s][info][gc             ] GC(1301) Pause Young (Mixed) (G1 Evacuation Pause) 3669M->1326M(4096M) 136.870ms
[4505.492s][info][gc,cpu         ] GC(1301) User=0.82s Sys=0.00s Real=0.14s
..[4507.664s][info][gc,start       ] GC(1302) Pause Young (Concurrent Start) (G1 Evacuation Pause)
[4507.664s][info][gc,task        ] GC(1302) Using 6 workers of 6 for evacuation
[4507.788s][info][gc,phases      ] GC(1302)   Pre Evacuate Collection Set: 0.35ms
[4507.788s][info][gc,phases      ] GC(1302)   Merge Heap Roots: 0.47ms
[4507.788s][info][gc,phases      ] GC(1302)   Evacuate Collection Set: 122.24ms
[4507.788s][info][gc,phases      ] GC(1302)   Post Evacuate Collection Set: 0.87ms
[4507.788s][info][gc,phases      ] GC(1302)   Other: 0.11ms
[4507.788s][info][gc,heap        ] GC(1302) Eden regions: 1119->0(1114)
[4507.788s][info][gc,heap        ] GC(1302) Survivor regions: 109->114(154)
[4507.788s][info][gc,heap        ] GC(1302) Old regions: 475->507
[4507.788s][info][gc,heap        ] GC(1302) Humongous regions: 80->80
[4507.788s][info][gc,metaspace   ] GC(1302) Metaspace: 28915K(29376K)->28915K(29376K) NonClass: 24045K(24256K)->24045K(24256K) Class: 4869K(5120K)->4869K(5120K)
[4507.788s][info][gc             ] GC(1302) Pause Young (Concurrent Start) (G1 Evacuation Pause) 3564M->1400M(4096M) 124.191ms
[4507.788s][info][gc             ] GC(1303) Concurrent Mark Cycle
[4507.788s][info][gc,marking     ] GC(1303) Concurrent Scan Root Regions
[4507.788s][info][gc,cpu         ] GC(1302) User=0.73s Sys=0.00s Real=0.12s
[4507.939s][info][gc,marking     ] GC(1303) Concurrent Scan Root Regions 150.749ms
[4507.939s][info][gc,marking     ] GC(1303) Concurrent Mark
[4507.939s][info][gc,marking     ] GC(1303) Concurrent Mark From Roots
[4507.939s][info][gc,task        ] GC(1303) Using 2 workers of 2 for marking
.[4508.639s][info][gc,marking     ] GC(1303) Concurrent Mark From Roots 700.014ms
[4508.639s][info][gc,marking     ] GC(1303) Concurrent Preclean
[4508.639s][info][gc,marking     ] GC(1303) Concurrent Preclean 0.067ms
[4508.642s][info][gc,start       ] GC(1303) Pause Remark
[4508.648s][info][gc             ] GC(1303) Pause Remark 2122M->2122M(4096M) 6.207ms
[4508.648s][info][gc,cpu         ] GC(1303) User=0.04s Sys=0.00s Real=0.00s
[4508.648s][info][gc,marking     ] GC(1303) Concurrent Mark 708.625ms
[4508.648s][info][gc,marking     ] GC(1303) Concurrent Rebuild Remembered Sets and Scrub Regions
[4509.057s][info][gc,marking     ] GC(1303) Concurrent Rebuild Remembered Sets and Scrub Regions 408.583ms
[4509.058s][info][gc,start       ] GC(1303) Pause Cleanup
[4509.058s][info][gc             ] GC(1303) Pause Cleanup 2560M->2560M(4096M) 0.130ms
[4509.058s][info][gc,cpu         ] GC(1303) User=0.00s Sys=0.00s Real=0.00s
[4509.059s][info][gc,marking     ] GC(1303) Concurrent Clear Claimed Marks
[4509.059s][info][gc,marking     ] GC(1303) Concurrent Clear Claimed Marks 0.041ms
[4509.059s][info][gc,marking     ] GC(1303) Concurrent Cleanup for Next Mark
[4509.069s][info][gc,marking     ] GC(1303) Concurrent Cleanup for Next Mark 9.494ms
[4509.069s][info][gc             ] GC(1303) Concurrent Mark Cycle 1280.364ms
.[4510.021s][info][gc,start       ] GC(1304) Pause Young (Prepare Mixed) (G1 Evacuation Pause)
[4510.021s][info][gc,task        ] GC(1304) Using 6 workers of 6 for evacuation
[4510.139s][info][gc,phases      ] GC(1304)   Pre Evacuate Collection Set: 0.31ms
[4510.139s][info][gc,phases      ] GC(1304)   Merge Heap Roots: 0.55ms
[4510.139s][info][gc,phases      ] GC(1304)   Evacuate Collection Set: 115.24ms
[4510.139s][info][gc,phases      ] GC(1304)   Post Evacuate Collection Set: 0.91ms
[4510.139s][info][gc,phases      ] GC(1304)   Other: 0.09ms
[4510.139s][info][gc,heap        ] GC(1304) Eden regions: 1114->0(1109)
[4510.139s][info][gc,heap        ] GC(1304) Survivor regions: 114->109(154)
[4510.139s][info][gc,heap        ] GC(1304) Old regions: 507->538
[4510.139s][info][gc,heap        ] GC(1304) Humongous regions: 80->80
[4510.139s][info][gc,metaspace   ] GC(1304) Metaspace: 28915K(29376K)->28915K(29376K) NonClass: 24045K(24256K)->24045K(24256K) Class: 4869K(5120K)->4869K(5120K)
[4510.139s][info][gc             ] GC(1304) Pause Young (Prepare Mixed) (G1 Evacuation Pause) 3628M->1452M(4096M) 117.225ms
[4510.139s][info][gc,cpu         ] GC(1304) User=0.70s Sys=0.00s Real=0.11s
..[4512.357s][info][gc,start       ] GC(1305) Pause Young (Mixed) (G1 Evacuation Pause)
[4512.357s][info][gc,task        ] GC(1305) Using 6 workers of 6 for evacuation
[4512.495s][info][gc,phases      ] GC(1305)   Pre Evacuate Collection Set: 0.38ms
[4512.495s][info][gc,phases      ] GC(1305)   Merge Heap Roots: 0.73ms
[4512.495s][info][gc,phases      ] GC(1305)   Evacuate Collection Set: 135.60ms
[4512.495s][info][gc,phases      ] GC(1305)   Post Evacuate Collection Set: 0.92ms
[4512.495s][info][gc,phases      ] GC(1305)   Other: 0.09ms
[4512.495s][info][gc,heap        ] GC(1305) Eden regions: 1109->0(1116)
[4512.495s][info][gc,heap        ] GC(1305) Survivor regions: 109->112(153)
[4512.495s][info][gc,heap        ] GC(1305) Old regions: 538->475
[4512.495s][info][gc,heap        ] GC(1305) Humongous regions: 80->80
[4512.495s][info][gc,metaspace   ] GC(1305) Metaspace: 28915K(29376K)->28915K(29376K) NonClass: 24045K(24256K)->24045K(24256K) Class: 4869K(5120K)->4869K(5120K)
[4512.495s][info][gc             ] GC(1305) Pause Young (Mixed) (G1 Evacuation Pause) 3670M->1333M(4096M) 137.872ms
[4512.495s][info][gc,cpu         ] GC(1305) User=0.82s Sys=0.00s Real=0.14s
...[4514.635s][info][gc,start       ] GC(1306) Pause Young (Concurrent Start) (G1 Evacuation Pause)
[4514.636s][info][gc,task        ] GC(1306) Using 6 workers of 6 for evacuation
[4514.754s][info][gc,phases      ] GC(1306)   Pre Evacuate Collection Set: 0.39ms
[4514.754s][info][gc,phases      ] GC(1306)   Merge Heap Roots: 0.52ms
[4514.754s][info][gc,phases      ] GC(1306)   Evacuate Collection Set: 116.91ms
[4514.754s][info][gc,phases      ] GC(1306)   Post Evacuate Collection Set: 0.87ms
[4514.754s][info][gc,phases      ] GC(1306)   Other: 0.10ms
[4514.754s][info][gc,heap        ] GC(1306) Eden regions: 1116->0(1117)
[4514.754s][info][gc,heap        ] GC(1306) Survivor regions: 112->111(154)
[4514.754s][info][gc,heap        ] GC(1306) Old regions: 475->508
[4514.754s][info][gc,heap        ] GC(1306) Humongous regions: 80->80
[4514.754s][info][gc,metaspace   ] GC(1306) Metaspace: 28915K(29376K)->28915K(29376K) NonClass: 24045K(24256K)->24045K(24256K) Class: 4869K(5120K)->4869K(5120K)
[4514.754s][info][gc             ] GC(1306) Pause Young (Concurrent Start) (G1 Evacuation Pause) 3565M->1395M(4096M) 118.926ms
[4514.754s][info][gc             ] GC(1307) Concurrent Mark Cycle
[4514.754s][info][gc,marking     ] GC(1307) Concurrent Scan Root Regions
[4514.754s][info][gc,cpu         ] GC(1306) User=0.70s Sys=0.00s Real=0.12s
[4514.945s][info][gc,marking     ] GC(1307) Concurrent Scan Root Regions 190.350ms
[4514.945s][info][gc,marking     ] GC(1307) Concurrent Mark
[4514.945s][info][gc,marking     ] GC(1307) Concurrent Mark From Roots
[4514.945s][info][gc,task        ] GC(1307) Using 2 workers of 2 for marking
.[4515.967s][info][gc,marking     ] GC(1307) Concurrent Mark From Roots 1022.306ms
[4515.967s][info][gc,marking     ] GC(1307) Concurrent Preclean
[4515.967s][info][gc,marking     ] GC(1307) Concurrent Preclean 0.083ms
[4515.969s][info][gc,start       ] GC(1307) Pause Remark
[4515.975s][info][gc             ] GC(1307) Pause Remark 2489M->2489M(4096M) 6.646ms
[4515.975s][info][gc,cpu         ] GC(1307) User=0.04s Sys=0.00s Real=0.01s
[4515.975s][info][gc,marking     ] GC(1307) Concurrent Mark 1030.609ms
[4515.975s][info][gc,marking     ] GC(1307) Concurrent Rebuild Remembered Sets and Scrub Regions
[4516.421s][info][gc,marking     ] GC(1307) Concurrent Rebuild Remembered Sets and Scrub Regions 445.241ms
[4516.421s][info][gc,start       ] GC(1307) Pause Cleanup
[4516.421s][info][gc             ] GC(1307) Pause Cleanup 2996M->2996M(4096M) 0.132ms
[4516.421s][info][gc,cpu         ] GC(1307) User=0.00s Sys=0.00s Real=0.00s
[4516.421s][info][gc,marking     ] GC(1307) Concurrent Clear Claimed Marks
[4516.421s][info][gc,marking     ] GC(1307) Concurrent Clear Claimed Marks 0.038ms
[4516.421s][info][gc,marking     ] GC(1307) Concurrent Cleanup for Next Mark
[4516.435s][info][gc,marking     ] GC(1307) Concurrent Cleanup for Next Mark 13.455ms
[4516.435s][info][gc             ] GC(1307) Concurrent Mark Cycle 1680.563ms
.[4516.916s][info][gc,start       ] GC(1308) Pause Young (Prepare Mixed) (G1 Evacuation Pause)
[4516.916s][info][gc,task        ] GC(1308) Using 6 workers of 6 for evacuation
[4517.038s][info][gc,phases      ] GC(1308)   Pre Evacuate Collection Set: 0.32ms
[4517.038s][info][gc,phases      ] GC(1308)   Merge Heap Roots: 0.57ms
[4517.038s][info][gc,phases      ] GC(1308)   Evacuate Collection Set: 120.06ms
[4517.038s][info][gc,phases      ] GC(1308)   Post Evacuate Collection Set: 0.90ms
[4517.038s][info][gc,phases      ] GC(1308)   Other: 0.09ms
[4517.038s][info][gc,heap        ] GC(1308) Eden regions: 1117->0(1097)
[4517.038s][info][gc,heap        ] GC(1308) Survivor regions: 111->114(154)
[4517.038s][info][gc,heap        ] GC(1308) Old regions: 508->540
[4517.038s][info][gc,heap        ] GC(1308) Humongous regions: 80->80
[4517.038s][info][gc,metaspace   ] GC(1308) Metaspace: 28915K(29376K)->28915K(29376K) NonClass: 24045K(24256K)->24045K(24256K) Class: 4869K(5120K)->4869K(5120K)
[4517.038s][info][gc             ] GC(1308) Pause Young (Prepare Mixed) (G1 Evacuation Pause) 3629M->1465M(4096M) 122.102ms
[4517.038s][info][gc,cpu         ] GC(1308) User=0.73s Sys=0.00s Real=0.12s
..[4519.218s][info][gc,start       ] GC(1309) Pause Young (Mixed) (G1 Evacuation Pause)
[4519.218s][info][gc,task        ] GC(1309) Using 6 workers of 6 for evacuation
[4519.359s][info][gc,phases      ] GC(1309)   Pre Evacuate Collection Set: 0.35ms
[4519.359s][info][gc,phases      ] GC(1309)   Merge Heap Roots: 0.80ms
[4519.359s][info][gc,phases      ] GC(1309)   Evacuate Collection Set: 138.45ms
[4519.359s][info][gc,phases      ] GC(1309)   Post Evacuate Collection Set: 0.94ms
[4519.359s][info][gc,phases      ] GC(1309)   Other: 0.09ms
[4519.359s][info][gc,heap        ] GC(1309) Eden regions: 1097->0(1116)
[4519.359s][info][gc,heap        ] GC(1309) Survivor regions: 114->112(152)
[4519.359s][info][gc,heap        ] GC(1309) Old regions: 540->477
[4519.359s][info][gc,heap        ] GC(1309) Humongous regions: 80->80
[4519.359s][info][gc,metaspace   ] GC(1309) Metaspace: 28915K(29376K)->28915K(29376K) NonClass: 24045K(24256K)->24045K(24256K) Class: 4869K(5120K)->4869K(5120K)
[4519.359s][info][gc             ] GC(1309) Pause Young (Mixed) (G1 Evacuation Pause) 3659M->1335M(4096M) 140.757ms
[4519.359s][info][gc,cpu         ] GC(1309) User=0.84s Sys=0.00s Real=0.14s
..[4521.535s][info][gc,start       ] GC(1310) Pause Young (Concurrent Start) (G1 Evacuation Pause)
[4521.535s][info][gc,task        ] GC(1310) Using 6 workers of 6 for evacuation
[4521.656s][info][gc,phases      ] GC(1310)   Pre Evacuate Collection Set: 0.37ms
[4521.656s][info][gc,phases      ] GC(1310)   Merge Heap Roots: 0.56ms
[4521.656s][info][gc,phases      ] GC(1310)   Evacuate Collection Set: 119.75ms
[4521.656s][info][gc,phases      ] GC(1310)   Post Evacuate Collection Set: 0.86ms
[4521.656s][info][gc,phases      ] GC(1310)   Other: 0.12ms
[4521.656s][info][gc,heap        ] GC(1310) Eden regions: 1116->0(1117)
[4521.656s][info][gc,heap        ] GC(1310) Survivor regions: 112->111(154)
[4521.656s][info][gc,heap        ] GC(1310) Old regions: 477->509
[4521.656s][info][gc,heap        ] GC(1310) Humongous regions: 80->80
[4521.656s][info][gc,metaspace   ] GC(1310) Metaspace: 28915K(29376K)->28915K(29376K) NonClass: 24045K(24256K)->24045K(24256K) Class: 4869K(5120K)->4869K(5120K)
[4521.656s][info][gc             ] GC(1310) Pause Young (Concurrent Start) (G1 Evacuation Pause) 3567M->1398M(4096M) 121.813ms
[4521.656s][info][gc             ] GC(1311) Concurrent Mark Cycle
[4521.656s][info][gc,marking     ] GC(1311) Concurrent Scan Root Regions
[4521.657s][info][gc,cpu         ] GC(1310) User=0.73s Sys=0.00s Real=0.12s
.[4521.882s][info][gc,marking     ] GC(1311) Concurrent Scan Root Regions 225.620ms
[4521.882s][info][gc,marking     ] GC(1311) Concurrent Mark
[4521.882s][info][gc,marking     ] GC(1311) Concurrent Mark From Roots
[4521.882s][info][gc,task        ] GC(1311) Using 2 workers of 2 for marking
.[4522.978s][info][gc,marking     ] GC(1311) Concurrent Mark From Roots 1095.371ms
[4522.978s][info][gc,marking     ] GC(1311) Concurrent Preclean
[4522.978s][info][gc,marking     ] GC(1311) Concurrent Preclean 0.084ms
[4522.978s][info][gc,start       ] GC(1311) Pause Remark
[4522.985s][info][gc             ] GC(1311) Pause Remark 2653M->2653M(4096M) 7.022ms
[4522.985s][info][gc,cpu         ] GC(1311) User=0.04s Sys=0.00s Real=0.01s
[4522.987s][info][gc,marking     ] GC(1311) Concurrent Mark 1104.339ms
[4522.987s][info][gc,marking     ] GC(1311) Concurrent Rebuild Remembered Sets and Scrub Regions
[4523.343s][info][gc,marking     ] GC(1311) Concurrent Rebuild Remembered Sets and Scrub Regions 356.539ms
[4523.346s][info][gc,start       ] GC(1311) Pause Cleanup
[4523.346s][info][gc             ] GC(1311) Pause Cleanup 3008M->3008M(4096M) 0.138ms
[4523.346s][info][gc,cpu         ] GC(1311) User=0.00s Sys=0.00s Real=0.00s
[4523.347s][info][gc,marking     ] GC(1311) Concurrent Clear Claimed Marks
[4523.347s][info][gc,marking     ] GC(1311) Concurrent Clear Claimed Marks 0.049ms
[4523.347s][info][gc,marking     ] GC(1311) Concurrent Cleanup for Next Mark
[4523.352s][info][gc,marking     ] GC(1311) Concurrent Cleanup for Next Mark 4.799ms
[4523.352s][info][gc             ] GC(1311) Concurrent Mark Cycle 1695.244ms
.[4523.807s][info][gc,start       ] GC(1312) Pause Young (Prepare Mixed) (G1 Evacuation Pause)
[4523.807s][info][gc,task        ] GC(1312) Using 6 workers of 6 for evacuation
[4523.928s][info][gc,phases      ] GC(1312)   Pre Evacuate Collection Set: 0.34ms
[4523.928s][info][gc,phases      ] GC(1312)   Merge Heap Roots: 0.59ms
[4523.928s][info][gc,phases      ] GC(1312)   Evacuate Collection Set: 118.77ms
[4523.928s][info][gc,phases      ] GC(1312)   Post Evacuate Collection Set: 0.90ms
[4523.928s][info][gc,phases      ] GC(1312)   Other: 0.09ms
[4523.928s][info][gc,heap        ] GC(1312) Eden regions: 1117->0(1099)
[4523.928s][info][gc,heap        ] GC(1312) Survivor regions: 111->113(154)
[4523.928s][info][gc,heap        ] GC(1312) Old regions: 509->540
[4523.928s][info][gc,heap        ] GC(1312) Humongous regions: 80->80
[4523.928s][info][gc,metaspace   ] GC(1312) Metaspace: 28915K(29376K)->28915K(29376K) NonClass: 24045K(24256K)->24045K(24256K) Class: 4869K(5120K)->4869K(5120K)
[4523.928s][info][gc             ] GC(1312) Pause Young (Prepare Mixed) (G1 Evacuation Pause) 3632M->1463M(4096M) 120.811ms
[4523.928s][info][gc,cpu         ] GC(1312) User=0.72s Sys=0.00s Real=0.12s
..[4526.100s][info][gc,start       ] GC(1313) Pause Young (Mixed) (G1 Evacuation Pause)
[4526.100s][info][gc,task        ] GC(1313) Using 6 workers of 6 for evacuation
[4526.231s][info][gc,phases      ] GC(1313)   Pre Evacuate Collection Set: 0.34ms
[4526.231s][info][gc,phases      ] GC(1313)   Merge Heap Roots: 0.70ms
[4526.231s][info][gc,phases      ] GC(1313)   Evacuate Collection Set: 128.81ms
[4526.231s][info][gc,phases      ] GC(1313)   Post Evacuate Collection Set: 0.91ms
[4526.231s][info][gc,phases      ] GC(1313)   Other: 0.08ms
[4526.231s][info][gc,heap        ] GC(1313) Eden regions: 1099->0(1120)
[4526.231s][info][gc,heap        ] GC(1313) Survivor regions: 113->108(152)
[4526.231s][info][gc,heap        ] GC(1313) Old regions: 540->475
[4526.231s][info][gc,heap        ] GC(1313) Humongous regions: 80->80
[4526.231s][info][gc,metaspace   ] GC(1313) Metaspace: 28915K(29376K)->28915K(29376K) NonClass: 24045K(24256K)->24045K(24256K) Class: 4869K(5120K)->4869K(5120K)
[4526.231s][info][gc             ] GC(1313) Pause Young (Mixed) (G1 Evacuation Pause) 3661M->1325M(4096M) 130.968ms
[4526.231s][info][gc,cpu         ] GC(1313) User=0.78s Sys=0.00s Real=0.13s
..[4528.324s][info][gc,start       ] GC(1314) Pause Young (Concurrent Start) (G1 Evacuation Pause)
[4528.324s][info][gc,task        ] GC(1314) Using 6 workers of 6 for evacuation
[4528.441s][info][gc,phases      ] GC(1314)   Pre Evacuate Collection Set: 0.35ms
[4528.441s][info][gc,phases      ] GC(1314)   Merge Heap Roots: 0.51ms
[4528.441s][info][gc,phases      ] GC(1314)   Evacuate Collection Set: 115.78ms
[4528.441s][info][gc,phases      ] GC(1314)   Post Evacuate Collection Set: 0.86ms
[4528.441s][info][gc,phases      ] GC(1314)   Other: 0.11ms
[4528.441s][info][gc,heap        ] GC(1314) Eden regions: 1120->0(1120)
[4528.441s][info][gc,heap        ] GC(1314) Survivor regions: 108->108(154)
[4528.442s][info][gc,heap        ] GC(1314) Old regions: 475->507
[4528.442s][info][gc,heap        ] GC(1314) Humongous regions: 80->80
[4528.442s][info][gc,metaspace   ] GC(1314) Metaspace: 28915K(29376K)->28915K(29376K) NonClass: 24045K(24256K)->24045K(24256K) Class: 4869K(5120K)->4869K(5120K)
[4528.442s][info][gc             ] GC(1314) Pause Young (Concurrent Start) (G1 Evacuation Pause) 3565M->1389M(4096M) 117.757ms
[4528.442s][info][gc             ] GC(1315) Concurrent Mark Cycle
[4528.442s][info][gc,marking     ] GC(1315) Concurrent Scan Root Regions
[4528.442s][info][gc,cpu         ] GC(1314) User=0.71s Sys=0.00s Real=0.12s
[4528.618s][info][gc,marking     ] GC(1315) Concurrent Scan Root Regions 176.515ms
[4528.618s][info][gc,marking     ] GC(1315) Concurrent Mark
[4528.618s][info][gc,marking     ] GC(1315) Concurrent Mark From Roots
[4528.618s][info][gc,task        ] GC(1315) Using 2 workers of 2 for marking
.[4529.596s][info][gc,marking     ] GC(1315) Concurrent Mark From Roots 977.596ms
[4529.596s][info][gc,marking     ] GC(1315) Concurrent Preclean
[4529.596s][info][gc,marking     ] GC(1315) Concurrent Preclean 0.079ms
[4529.598s][info][gc,start       ] GC(1315) Pause Remark
[4529.605s][info][gc             ] GC(1315) Pause Remark 2515M->2515M(4096M) 6.985ms
[4529.605s][info][gc,cpu         ] GC(1315) User=0.04s Sys=0.00s Real=0.01s
[4529.605s][info][gc,marking     ] GC(1315) Concurrent Mark 986.843ms
[4529.605s][info][gc,marking     ] GC(1315) Concurrent Rebuild Remembered Sets and Scrub Regions
.[4530.022s][info][gc,marking     ] GC(1315) Concurrent Rebuild Remembered Sets and Scrub Regions 417.320ms
[4530.023s][info][gc,start       ] GC(1315) Pause Cleanup
[4530.023s][info][gc             ] GC(1315) Pause Cleanup 2967M->2967M(4096M) 0.120ms
[4530.023s][info][gc,cpu         ] GC(1315) User=0.00s Sys=0.00s Real=0.00s
[4530.023s][info][gc,marking     ] GC(1315) Concurrent Clear Claimed Marks
[4530.023s][info][gc,marking     ] GC(1315) Concurrent Clear Claimed Marks 0.032ms
[4530.023s][info][gc,marking     ] GC(1315) Concurrent Cleanup for Next Mark
[4530.032s][info][gc,marking     ] GC(1315) Concurrent Cleanup for Next Mark 8.862ms
[4530.032s][info][gc             ] GC(1315) Concurrent Mark Cycle 1590.134ms
[4530.716s][info][gc,start       ] GC(1316) Pause Young (Prepare Mixed) (G1 Evacuation Pause)
[4530.716s][info][gc,task        ] GC(1316) Using 6 workers of 6 for evacuation
[4530.834s][info][gc,phases      ] GC(1316)   Pre Evacuate Collection Set: 0.33ms
[4530.834s][info][gc,phases      ] GC(1316)   Merge Heap Roots: 0.51ms
[4530.834s][info][gc,phases      ] GC(1316)   Evacuate Collection Set: 116.19ms
[4530.834s][info][gc,phases      ] GC(1316)   Post Evacuate Collection Set: 0.90ms
[4530.834s][info][gc,phases      ] GC(1316)   Other: 0.08ms
[4530.834s][info][gc,heap        ] GC(1316) Eden regions: 1120->0(1104)
[4530.834s][info][gc,heap        ] GC(1316) Survivor regions: 108->111(154)
[4530.834s][info][gc,heap        ] GC(1316) Old regions: 507->539
[4530.834s][info][gc,heap        ] GC(1316) Humongous regions: 80->80
[4530.834s][info][gc,metaspace   ] GC(1316) Metaspace: 28915K(29376K)->28915K(29376K) NonClass: 24045K(24256K)->24045K(24256K) Class: 4869K(5120K)->4869K(5120K)
[4530.834s][info][gc             ] GC(1316) Pause Young (Prepare Mixed) (G1 Evacuation Pause) 3629M->1457M(4096M) 118.136ms
[4530.834s][info][gc,cpu         ] GC(1316) User=0.70s Sys=0.01s Real=0.12s
...[4532.905s][info][gc,start       ] GC(1317) Pause Young (Mixed) (G1 Evacuation Pause)
[4532.905s][info][gc,task        ] GC(1317) Using 6 workers of 6 for evacuation
[4533.040s][info][gc,phases      ] GC(1317)   Pre Evacuate Collection Set: 0.35ms
[4533.040s][info][gc,phases      ] GC(1317)   Merge Heap Roots: 0.69ms
[4533.040s][info][gc,phases      ] GC(1317)   Evacuate Collection Set: 133.54ms
[4533.040s][info][gc,phases      ] GC(1317)   Post Evacuate Collection Set: 0.91ms
[4533.040s][info][gc,phases      ] GC(1317)   Other: 0.09ms
[4533.040s][info][gc,heap        ] GC(1317) Eden regions: 1104->0(1117)
[4533.040s][info][gc,heap        ] GC(1317) Survivor regions: 111->111(152)
[4533.040s][info][gc,heap        ] GC(1317) Old regions: 539->475
[4533.040s][info][gc,heap        ] GC(1317) Humongous regions: 80->80
[4533.040s][info][gc,metaspace   ] GC(1317) Metaspace: 28915K(29376K)->28915K(29376K) NonClass: 24045K(24256K)->24045K(24256K) Class: 4869K(5120K)->4869K(5120K)
[4533.040s][info][gc             ] GC(1317) Pause Young (Mixed) (G1 Evacuation Pause) 3665M->1331M(4096M) 135.707ms
[4533.040s][info][gc,cpu         ] GC(1317) User=0.81s Sys=0.01s Real=0.14s
..[4535.265s][info][gc,start       ] GC(1318) Pause Young (Concurrent Start) (G1 Evacuation Pause)
[4535.265s][info][gc,task        ] GC(1318) Using 6 workers of 6 for evacuation
[4535.385s][info][gc,phases      ] GC(1318)   Pre Evacuate Collection Set: 0.34ms
[4535.385s][info][gc,phases      ] GC(1318)   Merge Heap Roots: 0.47ms
[4535.385s][info][gc,phases      ] GC(1318)   Evacuate Collection Set: 117.84ms
[4535.385s][info][gc,phases      ] GC(1318)   Post Evacuate Collection Set: 0.82ms
[4535.385s][info][gc,phases      ] GC(1318)   Other: 0.11ms
[4535.385s][info][gc,heap        ] GC(1318) Eden regions: 1117->0(1116)
[4535.385s][info][gc,heap        ] GC(1318) Survivor regions: 111->112(154)
[4535.385s][info][gc,heap        ] GC(1318) Old regions: 475->507
[4535.385s][info][gc,heap        ] GC(1318) Humongous regions: 80->80
[4535.385s][info][gc,metaspace   ] GC(1318) Metaspace: 28915K(29376K)->28915K(29376K) NonClass: 24045K(24256K)->24045K(24256K) Class: 4869K(5120K)->4869K(5120K)
[4535.385s][info][gc             ] GC(1318) Pause Young (Concurrent Start) (G1 Evacuation Pause) 3565M->1396M(4096M) 119.713ms
[4535.385s][info][gc             ] GC(1319) Concurrent Mark Cycle
[4535.385s][info][gc,marking     ] GC(1319) Concurrent Scan Root Regions
[4535.385s][info][gc,cpu         ] GC(1318) User=0.71s Sys=0.00s Real=0.12s
[4535.567s][info][gc,marking     ] GC(1319) Concurrent Scan Root Regions 181.498ms
[4535.567s][info][gc,marking     ] GC(1319) Concurrent Mark
[4535.567s][info][gc,marking     ] GC(1319) Concurrent Mark From Roots
[4535.567s][info][gc,task        ] GC(1319) Using 2 workers of 2 for marking
.[4536.557s][info][gc,marking     ] GC(1319) Concurrent Mark From Roots 990.738ms
[4536.557s][info][gc,marking     ] GC(1319) Concurrent Preclean
[4536.558s][info][gc,marking     ] GC(1319) Concurrent Preclean 0.077ms
[4536.558s][info][gc,start       ] GC(1319) Pause Remark
[4536.564s][info][gc             ] GC(1319) Pause Remark 2580M->2580M(4096M) 6.456ms
[4536.564s][info][gc,cpu         ] GC(1319) User=0.03s Sys=0.00s Real=0.01s
[4536.565s][info][gc,marking     ] GC(1319) Concurrent Mark 998.040ms
[4536.565s][info][gc,marking     ] GC(1319) Concurrent Rebuild Remembered Sets and Scrub Regions
[4536.978s][info][gc,marking     ] GC(1319) Concurrent Rebuild Remembered Sets and Scrub Regions 412.808ms
[4536.978s][info][gc,start       ] GC(1319) Pause Cleanup
[4536.978s][info][gc             ] GC(1319) Pause Cleanup 2984M->2984M(4096M) 0.119ms
[4536.978s][info][gc,cpu         ] GC(1319) User=0.00s Sys=0.00s Real=0.00s
[4536.978s][info][gc,marking     ] GC(1319) Concurrent Clear Claimed Marks
[4536.978s][info][gc,marking     ] GC(1319) Concurrent Clear Claimed Marks 0.034ms
[4536.978s][info][gc,marking     ] GC(1319) Concurrent Cleanup for Next Mark
[4536.984s][info][gc,marking     ] GC(1319) Concurrent Cleanup for Next Mark 5.439ms
[4536.984s][info][gc             ] GC(1319) Concurrent Mark Cycle 1598.666ms
.[4537.553s][info][gc,start       ] GC(1320) Pause Young (Prepare Mixed) (G1 Evacuation Pause)
[4537.553s][info][gc,task        ] GC(1320) Using 6 workers of 6 for evacuation
[4537.674s][info][gc,phases      ] GC(1320)   Pre Evacuate Collection Set: 0.35ms
[4537.674s][info][gc,phases      ] GC(1320)   Merge Heap Roots: 0.52ms
[4537.674s][info][gc,phases      ] GC(1320)   Evacuate Collection Set: 119.56ms
[4537.674s][info][gc,phases      ] GC(1320)   Post Evacuate Collection Set: 0.93ms
[4537.674s][info][gc,phases      ] GC(1320)   Other: 0.09ms
[4537.674s][info][gc,heap        ] GC(1320) Eden regions: 1116->0(1101)
[4537.674s][info][gc,heap        ] GC(1320) Survivor regions: 112->113(154)
[4537.674s][info][gc,heap        ] GC(1320) Old regions: 507->538
[4537.674s][info][gc,heap        ] GC(1320) Humongous regions: 80->80
[4537.674s][info][gc,metaspace   ] GC(1320) Metaspace: 28915K(29376K)->28915K(29376K) NonClass: 24045K(24256K)->24045K(24256K) Class: 4869K(5120K)->4869K(5120K)
[4537.674s][info][gc             ] GC(1320) Pause Young (Prepare Mixed) (G1 Evacuation Pause) 3628M->1461M(4096M) 121.570ms
[4537.674s][info][gc,cpu         ] GC(1320) User=0.72s Sys=0.00s Real=0.12s
..[4539.746s][info][gc,start       ] GC(1321) Pause Young (Mixed) (G1 Evacuation Pause)
[4539.746s][info][gc,task        ] GC(1321) Using 6 workers of 6 for evacuation
[4539.885s][info][gc,phases      ] GC(1321)   Pre Evacuate Collection Set: 0.37ms
[4539.885s][info][gc,phases      ] GC(1321)   Merge Heap Roots: 0.79ms
[4539.885s][info][gc,phases      ] GC(1321)   Evacuate Collection Set: 136.92ms
[4539.885s][info][gc,phases      ] GC(1321)   Post Evacuate Collection Set: 0.91ms
[4539.885s][info][gc,phases      ] GC(1321)   Other: 0.09ms
[4539.885s][info][gc,heap        ] GC(1321) Eden regions: 1101->0(1115)
[4539.885s][info][gc,heap        ] GC(1321) Survivor regions: 113->113(152)
[4539.885s][info][gc,heap        ] GC(1321) Old regions: 538->475
[4539.885s][info][gc,heap        ] GC(1321) Humongous regions: 80->80
[4539.885s][info][gc,metaspace   ] GC(1321) Metaspace: 28915K(29376K)->28915K(29376K) NonClass: 24045K(24256K)->24045K(24256K) Class: 4869K(5120K)->4869K(5120K)
[4539.885s][info][gc             ] GC(1321) Pause Young (Mixed) (G1 Evacuation Pause) 3663M->1334M(4096M) 139.214ms
[4539.885s][info][gc,cpu         ] GC(1321) User=0.83s Sys=0.00s Real=0.14s
..[4542.076s][info][gc,start       ] GC(1322) Pause Young (Concurrent Start) (G1 Evacuation Pause)
[4542.076s][info][gc,task        ] GC(1322) Using 6 workers of 6 for evacuation
[4542.193s][info][gc,phases      ] GC(1322)   Pre Evacuate Collection Set: 0.39ms
[4542.193s][info][gc,phases      ] GC(1322)   Merge Heap Roots: 0.56ms
[4542.193s][info][gc,phases      ] GC(1322)   Evacuate Collection Set: 114.39ms
[4542.193s][info][gc,phases      ] GC(1322)   Post Evacuate Collection Set: 0.88ms
[4542.193s][info][gc,phases      ] GC(1322)   Other: 0.89ms
[4542.193s][info][gc,heap        ] GC(1322) Eden regions: 1115->0(1119)
[4542.193s][info][gc,heap        ] GC(1322) Survivor regions: 113->109(154)
[4542.193s][info][gc,heap        ] GC(1322) Old regions: 475->507
[4542.193s][info][gc,heap        ] GC(1322) Humongous regions: 80->80
[4542.193s][info][gc,metaspace   ] GC(1322) Metaspace: 28915K(29376K)->28915K(29376K) NonClass: 24045K(24256K)->24045K(24256K) Class: 4869K(5120K)->4869K(5120K)
[4542.193s][info][gc             ] GC(1322) Pause Young (Concurrent Start) (G1 Evacuation Pause) 3564M->1390M(4096M) 117.253ms
[4542.193s][info][gc             ] GC(1323) Concurrent Mark Cycle
[4542.193s][info][gc,marking     ] GC(1323) Concurrent Scan Root Regions
[4542.193s][info][gc,cpu         ] GC(1322) User=0.69s Sys=0.00s Real=0.12s
.[4542.310s][info][gc,marking     ] GC(1323) Concurrent Scan Root Regions 116.590ms
[4542.310s][info][gc,marking     ] GC(1323) Concurrent Mark
[4542.310s][info][gc,marking     ] GC(1323) Concurrent Mark From Roots
[4542.310s][info][gc,task        ] GC(1323) Using 2 workers of 2 for marking
[4542.973s][info][gc,marking     ] GC(1323) Concurrent Mark From Roots 662.804ms
[4542.973s][info][gc,marking     ] GC(1323) Concurrent Preclean
[4542.973s][info][gc,marking     ] GC(1323) Concurrent Preclean 0.087ms
[4542.975s][info][gc,start       ] GC(1323) Pause Remark
[4542.980s][info][gc             ] GC(1323) Pause Remark 2090M->2090M(4096M) 4.978ms
[4542.980s][info][gc,cpu         ] GC(1323) User=0.03s Sys=0.00s Real=0.01s
[4542.980s][info][gc,marking     ] GC(1323) Concurrent Mark 670.505ms
[4542.980s][info][gc,marking     ] GC(1323) Concurrent Rebuild Remembered Sets and Scrub Regions
.[4543.244s][info][gc,marking     ] GC(1323) Concurrent Rebuild Remembered Sets and Scrub Regions 263.040ms
[4543.245s][info][gc,start       ] GC(1323) Pause Cleanup
[4543.245s][info][gc             ] GC(1323) Pause Cleanup 2354M->2354M(4096M) 0.121ms
[4543.245s][info][gc,cpu         ] GC(1323) User=0.00s Sys=0.00s Real=0.00s
[4543.245s][info][gc,marking     ] GC(1323) Concurrent Clear Claimed Marks
[4543.245s][info][gc,marking     ] GC(1323) Concurrent Clear Claimed Marks 0.028ms
[4543.245s][info][gc,marking     ] GC(1323) Concurrent Cleanup for Next Mark
[4543.253s][info][gc,marking     ] GC(1323) Concurrent Cleanup for Next Mark 7.993ms
[4543.253s][info][gc             ] GC(1323) Concurrent Mark Cycle 1059.811ms
. (rIR:aIR:PR = 8164:8171:8171) (tPR = 121530) [OK] 
  4544s: Performance info:
         Transaction,    Success,    Partial,     Failed,   Receipts, AvgBarcode, 
             Overall,     493380,          0,          0,     468903,      59.47, 
         Response times:
             Request,    Success,    Partial,     Failed,   SkipFail,     Probes,    Samples,      min,      p50,      p90,      p95,      p99,      max, 
       TotalPurchase,     468933,          0,          0,          0,     350165,     424736,      300,     7600,   121000,   168000,   252000,   503000,
     InStorePurchase,     247175,          0,          0,          0,     183553,     222911,      300,     7500,   121000,   167000,   251000,   412000,
      OnlinePurchase,     172324,          0,          0,          0,     129239,     156537,      300,     7500,   120000,   169000,   251000,   478000,
        InstPurchase,      49434,          0,          0,          0,      37373,      45288,      400,     8400,   126000,   176000,   267000,   503000,
          AssocOfCat,        489,          0,          0,          0,        411,        580,    26000,    51000,   189000,   240600,   352840,   464000,
      AssocOfProduct,       4868,          0,          0,          0,       3433,       4322,      400,     8100,   119700,   161850,   268310,   503000,
      BusinessReport,       1228,          0,          0,          0,       1055,       1401,    26000,    56000,   189800,   236000,   321000,   464000,
          CustBuyBeh,       4919,          0,          0,          0,       3391,       4390,     2100,     9400,   132000,   176000,   261090,   473000,
       ProductReturn,      12984,          0,          0,          0,       9996,      12319,      200,     7500,   119000,   165000,   270800,   503000,

  4544s: (60%)   IR =   8302 [4544.420s][info][gc,start       ] GC(1324) Pause Young (Prepare Mixed) (G1 Evacuation Pause)
[4544.420s][info][gc,task        ] GC(1324) Using 6 workers of 6 for evacuation
[4544.543s][info][gc,phases      ] GC(1324)   Pre Evacuate Collection Set: 0.32ms
[4544.543s][info][gc,phases      ] GC(1324)   Merge Heap Roots: 0.53ms
[4544.543s][info][gc,phases      ] GC(1324)   Evacuate Collection Set: 120.80ms
[4544.543s][info][gc,phases      ] GC(1324)   Post Evacuate Collection Set: 0.92ms
[4544.543s][info][gc,phases      ] GC(1324)   Other: 0.08ms
[4544.543s][info][gc,heap        ] GC(1324) Eden regions: 1119->0(1099)
[4544.543s][info][gc,heap        ] GC(1324) Survivor regions: 109->114(154)
[4544.543s][info][gc,heap        ] GC(1324) Old regions: 507->538
[4544.543s][info][gc,heap        ] GC(1324) Humongous regions: 80->80
[4544.543s][info][gc,metaspace   ] GC(1324) Metaspace: 28915K(29376K)->28915K(29376K) NonClass: 24045K(24256K)->24045K(24256K) Class: 4869K(5120K)->4869K(5120K)
[4544.543s][info][gc             ] GC(1324) Pause Young (Prepare Mixed) (G1 Evacuation Pause) 3628M->1462M(4096M) 122.777ms
[4544.543s][info][gc,cpu         ] GC(1324) User=0.73s Sys=0.00s Real=0.12s
..[4546.699s][info][gc,start       ] GC(1325) Pause Young (Mixed) (G1 Evacuation Pause)
[4546.699s][info][gc,task        ] GC(1325) Using 6 workers of 6 for evacuation
[4546.833s][info][gc,phases      ] GC(1325)   Pre Evacuate Collection Set: 0.42ms
[4546.833s][info][gc,phases      ] GC(1325)   Merge Heap Roots: 0.73ms
[4546.833s][info][gc,phases      ] GC(1325)   Evacuate Collection Set: 131.75ms
[4546.833s][info][gc,phases      ] GC(1325)   Post Evacuate Collection Set: 1.00ms
[4546.833s][info][gc,phases      ] GC(1325)   Other: 0.08ms
[4546.833s][info][gc,heap        ] GC(1325) Eden regions: 1099->0(1116)
[4546.833s][info][gc,heap        ] GC(1325) Survivor regions: 114->112(152)
[4546.833s][info][gc,heap        ] GC(1325) Old regions: 538->474
[4546.833s][info][gc,heap        ] GC(1325) Humongous regions: 80->80
[4546.833s][info][gc,metaspace   ] GC(1325) Metaspace: 28915K(29376K)->28915K(29376K) NonClass: 24045K(24256K)->24045K(24256K) Class: 4869K(5120K)->4869K(5120K)
[4546.833s][info][gc             ] GC(1325) Pause Young (Mixed) (G1 Evacuation Pause) 3660M->1329M(4096M) 134.124ms
[4546.833s][info][gc,cpu         ] GC(1325) User=0.80s Sys=0.00s Real=0.14s
..[4548.981s][info][gc,start       ] GC(1326) Pause Young (Concurrent Start) (G1 Evacuation Pause)
[4548.981s][info][gc,task        ] GC(1326) Using 6 workers of 6 for evacuation
[4549.100s][info][gc,phases      ] GC(1326)   Pre Evacuate Collection Set: 0.41ms
[4549.100s][info][gc,phases      ] GC(1326)   Merge Heap Roots: 0.48ms
[4549.100s][info][gc,phases      ] GC(1326)   Evacuate Collection Set: 116.34ms
[4549.100s][info][gc,phases      ] GC(1326)   Post Evacuate Collection Set: 0.87ms
[4549.100s][info][gc,phases      ] GC(1326)   Other: 0.12ms
[4549.100s][info][gc,heap        ] GC(1326) Eden regions: 1116->0(1119)
[4549.100s][info][gc,heap        ] GC(1326) Survivor regions: 112->109(154)
[4549.100s][info][gc,heap        ] GC(1326) Old regions: 474->507
[4549.100s][info][gc,heap        ] GC(1326) Humongous regions: 80->80
[4549.100s][info][gc,metaspace   ] GC(1326) Metaspace: 28915K(29376K)->28915K(29376K) NonClass: 24045K(24256K)->24045K(24256K) Class: 4869K(5120K)->4869K(5120K)
[4549.100s][info][gc             ] GC(1326) Pause Young (Concurrent Start) (G1 Evacuation Pause) 3561M->1390M(4096M) 118.360ms
[4549.100s][info][gc             ] GC(1327) Concurrent Mark Cycle
[4549.100s][info][gc,marking     ] GC(1327) Concurrent Scan Root Regions
[4549.100s][info][gc,cpu         ] GC(1326) User=0.70s Sys=0.00s Real=0.12s
[4549.301s][info][gc,marking     ] GC(1327) Concurrent Scan Root Regions 201.044ms
[4549.301s][info][gc,marking     ] GC(1327) Concurrent Mark
[4549.301s][info][gc,marking     ] GC(1327) Concurrent Mark From Roots
[4549.301s][info][gc,task        ] GC(1327) Using 2 workers of 2 for marking
.[4550.120s][info][gc,marking     ] GC(1327) Concurrent Mark From Roots 819.396ms
[4550.120s][info][gc,marking     ] GC(1327) Concurrent Preclean
[4550.120s][info][gc,marking     ] GC(1327) Concurrent Preclean 0.106ms
[4550.123s][info][gc,start       ] GC(1327) Pause Remark
[4550.128s][info][gc             ] GC(1327) Pause Remark 2350M->2350M(4096M) 5.760ms
[4550.128s][info][gc,cpu         ] GC(1327) User=0.03s Sys=0.00s Real=0.00s
[4550.129s][info][gc,marking     ] GC(1327) Concurrent Mark 827.593ms
[4550.129s][info][gc,marking     ] GC(1327) Concurrent Rebuild Remembered Sets and Scrub Regions
.[4550.415s][info][gc,marking     ] GC(1327) Concurrent Rebuild Remembered Sets and Scrub Regions 286.288ms
[4550.415s][info][gc,start       ] GC(1327) Pause Cleanup
[4550.415s][info][gc             ] GC(1327) Pause Cleanup 2653M->2653M(4096M) 0.118ms
[4550.415s][info][gc,cpu         ] GC(1327) User=0.00s Sys=0.00s Real=0.00s
[4550.415s][info][gc,marking     ] GC(1327) Concurrent Clear Claimed Marks
[4550.415s][info][gc,marking     ] GC(1327) Concurrent Clear Claimed Marks 0.023ms
[4550.415s][info][gc,marking     ] GC(1327) Concurrent Cleanup for Next Mark
[4550.429s][info][gc,marking     ] GC(1327) Concurrent Cleanup for Next Mark 13.564ms
[4550.429s][info][gc             ] GC(1327) Concurrent Mark Cycle 1329.011ms
[4551.308s][info][gc,start       ] GC(1328) Pause Young (Prepare Mixed) (G1 Evacuation Pause)
[4551.308s][info][gc,task        ] GC(1328) Using 6 workers of 6 for evacuation
[4551.427s][info][gc,phases      ] GC(1328)   Pre Evacuate Collection Set: 0.38ms
[4551.427s][info][gc,phases      ] GC(1328)   Merge Heap Roots: 0.64ms
[4551.427s][info][gc,phases      ] GC(1328)   Evacuate Collection Set: 117.10ms
[4551.427s][info][gc,phases      ] GC(1328)   Post Evacuate Collection Set: 0.92ms
[4551.427s][info][gc,phases      ] GC(1328)   Other: 0.09ms
[4551.427s][info][gc,heap        ] GC(1328) Eden regions: 1119->0(1107)
[4551.427s][info][gc,heap        ] GC(1328) Survivor regions: 109->110(154)
[4551.427s][info][gc,heap        ] GC(1328) Old regions: 507->538
[4551.427s][info][gc,heap        ] GC(1328) Humongous regions: 80->80
[4551.427s][info][gc,metaspace   ] GC(1328) Metaspace: 28915K(29376K)->28915K(29376K) NonClass: 24045K(24256K)->24045K(24256K) Class: 4869K(5120K)->4869K(5120K)
[4551.427s][info][gc             ] GC(1328) Pause Young (Prepare Mixed) (G1 Evacuation Pause) 3628M->1454M(4096M) 119.285ms
[4551.427s][info][gc,cpu         ] GC(1328) User=0.71s Sys=0.00s Real=0.12s
...[4553.470s][info][gc,start       ] GC(1329) Pause Young (Mixed) (G1 Evacuation Pause)
[4553.471s][info][gc,task        ] GC(1329) Using 6 workers of 6 for evacuation
[4553.612s][info][gc,phases      ] GC(1329)   Pre Evacuate Collection Set: 0.38ms
[4553.612s][info][gc,phases      ] GC(1329)   Merge Heap Roots: 0.73ms
[4553.612s][info][gc,phases      ] GC(1329)   Evacuate Collection Set: 139.26ms
[4553.612s][info][gc,phases      ] GC(1329)   Post Evacuate Collection Set: 0.90ms
[4553.612s][info][gc,phases      ] GC(1329)   Other: 0.09ms
[4553.612s][info][gc,heap        ] GC(1329) Eden regions: 1107->0(1114)
[4553.612s][info][gc,heap        ] GC(1329) Survivor regions: 110->114(153)
[4553.612s][info][gc,heap        ] GC(1329) Old regions: 538->477
[4553.612s][info][gc,heap        ] GC(1329) Humongous regions: 80->80
[4553.612s][info][gc,metaspace   ] GC(1329) Metaspace: 28915K(29376K)->28915K(29376K) NonClass: 24045K(24256K)->24045K(24256K) Class: 4869K(5120K)->4869K(5120K)
[4553.612s][info][gc             ] GC(1329) Pause Young (Mixed) (G1 Evacuation Pause) 3668M->1339M(4096M) 141.501ms
[4553.612s][info][gc,cpu         ] GC(1329) User=0.84s Sys=0.00s Real=0.14s
.|.[4555.747s][info][gc,start       ] GC(1330) Pause Young (Concurrent Start) (G1 Evacuation Pause)
[4555.747s][info][gc,task        ] GC(1330) Using 6 workers of 6 for evacuation
[4555.869s][info][gc,phases      ] GC(1330)   Pre Evacuate Collection Set: 0.35ms
[4555.869s][info][gc,phases      ] GC(1330)   Merge Heap Roots: 0.46ms
[4555.869s][info][gc,phases      ] GC(1330)   Evacuate Collection Set: 120.23ms
[4555.869s][info][gc,phases      ] GC(1330)   Post Evacuate Collection Set: 0.88ms
[4555.869s][info][gc,phases      ] GC(1330)   Other: 0.13ms
[4555.869s][info][gc,heap        ] GC(1330) Eden regions: 1114->0(1115)
[4555.869s][info][gc,heap        ] GC(1330) Survivor regions: 114->113(154)
[4555.869s][info][gc,heap        ] GC(1330) Old regions: 477->509
[4555.869s][info][gc,heap        ] GC(1330) Humongous regions: 80->80
[4555.869s][info][gc,metaspace   ] GC(1330) Metaspace: 28915K(29376K)->28915K(29376K) NonClass: 24045K(24256K)->24045K(24256K) Class: 4869K(5120K)->4869K(5120K)
[4555.869s][info][gc             ] GC(1330) Pause Young (Concurrent Start) (G1 Evacuation Pause) 3567M->1403M(4096M) 122.200ms
[4555.869s][info][gc             ] GC(1331) Concurrent Mark Cycle
[4555.869s][info][gc,marking     ] GC(1331) Concurrent Scan Root Regions
[4555.869s][info][gc,cpu         ] GC(1330) User=0.73s Sys=0.00s Real=0.13s
[4556.052s][info][gc,marking     ] GC(1331) Concurrent Scan Root Regions 182.316ms
[4556.052s][info][gc,marking     ] GC(1331) Concurrent Mark
[4556.052s][info][gc,marking     ] GC(1331) Concurrent Mark From Roots
[4556.052s][info][gc,task        ] GC(1331) Using 2 workers of 2 for marking
.[4557.097s][info][gc,marking     ] GC(1331) Concurrent Mark From Roots 1045.480ms
[4557.097s][info][gc,marking     ] GC(1331) Concurrent Preclean
[4557.097s][info][gc,marking     ] GC(1331) Concurrent Preclean 0.090ms
[4557.099s][info][gc,start       ] GC(1331) Pause Remark
[4557.108s][info][gc             ] GC(1331) Pause Remark 2567M->2567M(4096M) 8.458ms
[4557.108s][info][gc,cpu         ] GC(1331) User=0.04s Sys=0.00s Real=0.00s
[4557.108s][info][gc,marking     ] GC(1331) Concurrent Mark 1056.562ms
[4557.108s][info][gc,marking     ] GC(1331) Concurrent Rebuild Remembered Sets and Scrub Regions
[4557.487s][info][gc,marking     ] GC(1331) Concurrent Rebuild Remembered Sets and Scrub Regions 378.968ms
[4557.489s][info][gc,start       ] GC(1331) Pause Cleanup
[4557.489s][info][gc             ] GC(1331) Pause Cleanup 3033M->3033M(4096M) 0.123ms
[4557.489s][info][gc,cpu         ] GC(1331) User=0.00s Sys=0.00s Real=0.00s
[4557.489s][info][gc,marking     ] GC(1331) Concurrent Clear Claimed Marks
[4557.489s][info][gc,marking     ] GC(1331) Concurrent Clear Claimed Marks 0.039ms
[4557.489s][info][gc,marking     ] GC(1331) Concurrent Cleanup for Next Mark
[4557.494s][info][gc,marking     ] GC(1331) Concurrent Cleanup for Next Mark 5.024ms
[4557.494s][info][gc             ] GC(1331) Concurrent Mark Cycle 1624.579ms
.[4558.081s][info][gc,start       ] GC(1332) Pause Young (Prepare Mixed) (G1 Evacuation Pause)
[4558.081s][info][gc,task        ] GC(1332) Using 6 workers of 6 for evacuation
[4558.201s][info][gc,phases      ] GC(1332)   Pre Evacuate Collection Set: 0.33ms
[4558.201s][info][gc,phases      ] GC(1332)   Merge Heap Roots: 0.62ms
[4558.201s][info][gc,phases      ] GC(1332)   Evacuate Collection Set: 117.75ms
[4558.201s][info][gc,phases      ] GC(1332)   Post Evacuate Collection Set: 0.90ms
[4558.201s][info][gc,phases      ] GC(1332)   Other: 0.08ms
[4558.201s][info][gc,heap        ] GC(1332) Eden regions: 1115->0(1100)
[4558.201s][info][gc,heap        ] GC(1332) Survivor regions: 113->112(154)
[4558.201s][info][gc,heap        ] GC(1332) Old regions: 509->541
[4558.201s][info][gc,heap        ] GC(1332) Humongous regions: 80->80
[4558.201s][info][gc,metaspace   ] GC(1332) Metaspace: 28915K(29376K)->28915K(29376K) NonClass: 24045K(24256K)->24045K(24256K) Class: 4869K(5120K)->4869K(5120K)
[4558.201s][info][gc             ] GC(1332) Pause Young (Prepare Mixed) (G1 Evacuation Pause) 3633M->1464M(4096M) 119.821ms
[4558.201s][info][gc,cpu         ] GC(1332) User=0.71s Sys=0.00s Real=0.12s
..[4560.321s][info][gc,start       ] GC(1333) Pause Young (Mixed) (G1 Evacuation Pause)
[4560.321s][info][gc,task        ] GC(1333) Using 6 workers of 6 for evacuation
[4560.460s][info][gc,phases      ] GC(1333)   Pre Evacuate Collection Set: 0.38ms
[4560.460s][info][gc,phases      ] GC(1333)   Merge Heap Roots: 0.76ms
[4560.460s][info][gc,phases      ] GC(1333)   Evacuate Collection Set: 137.31ms
[4560.460s][info][gc,phases      ] GC(1333)   Post Evacuate Collection Set: 0.92ms
[4560.460s][info][gc,phases      ] GC(1333)   Other: 0.09ms
[4560.460s][info][gc,heap        ] GC(1333) Eden regions: 1100->0(1114)
[4560.460s][info][gc,heap        ] GC(1333) Survivor regions: 112->114(152)
[4560.460s][info][gc,heap        ] GC(1333) Old regions: 541->477
[4560.460s][info][gc,heap        ] GC(1333) Humongous regions: 80->80
[4560.460s][info][gc,metaspace   ] GC(1333) Metaspace: 28915K(29376K)->28915K(29376K) NonClass: 24045K(24256K)->24045K(24256K) Class: 4869K(5120K)->4869K(5120K)
[4560.460s][info][gc             ] GC(1333) Pause Young (Mixed) (G1 Evacuation Pause) 3664M->1339M(4096M) 139.593ms
[4560.460s][info][gc,cpu         ] GC(1333) User=0.83s Sys=0.00s Real=0.14s
...[4562.577s][info][gc,start       ] GC(1334) Pause Young (Concurrent Start) (G1 Evacuation Pause)
[4562.577s][info][gc,task        ] GC(1334) Using 6 workers of 6 for evacuation
[4562.698s][info][gc,phases      ] GC(1334)   Pre Evacuate Collection Set: 0.35ms
[4562.699s][info][gc,phases      ] GC(1334)   Merge Heap Roots: 0.49ms
[4562.699s][info][gc,phases      ] GC(1334)   Evacuate Collection Set: 119.61ms
[4562.699s][info][gc,phases      ] GC(1334)   Post Evacuate Collection Set: 0.89ms
[4562.699s][info][gc,phases      ] GC(1334)   Other: 0.10ms
[4562.699s][info][gc,heap        ] GC(1334) Eden regions: 1114->0(1114)
[4562.699s][info][gc,heap        ] GC(1334) Survivor regions: 114->114(154)
[4562.699s][info][gc,heap        ] GC(1334) Old regions: 477->509
[4562.699s][info][gc,heap        ] GC(1334) Humongous regions: 80->80
[4562.699s][info][gc,metaspace   ] GC(1334) Metaspace: 28915K(29376K)->28915K(29376K) NonClass: 24045K(24256K)->24045K(24256K) Class: 4869K(5120K)->4869K(5120K)
[4562.699s][info][gc             ] GC(1334) Pause Young (Concurrent Start) (G1 Evacuation Pause) 3567M->1403M(4096M) 121.560ms
[4562.699s][info][gc             ] GC(1335) Concurrent Mark Cycle
[4562.699s][info][gc,marking     ] GC(1335) Concurrent Scan Root Regions
[4562.699s][info][gc,cpu         ] GC(1334) User=0.73s Sys=0.00s Real=0.12s
[4562.911s][info][gc,marking     ] GC(1335) Concurrent Scan Root Regions 212.161ms
[4562.911s][info][gc,marking     ] GC(1335) Concurrent Mark
[4562.911s][info][gc,marking     ] GC(1335) Concurrent Mark From Roots
[4562.911s][info][gc,task        ] GC(1335) Using 2 workers of 2 for marking
.[4563.953s][info][gc,marking     ] GC(1335) Concurrent Mark From Roots 1042.036ms
[4563.953s][info][gc,marking     ] GC(1335) Concurrent Preclean
[4563.953s][info][gc,marking     ] GC(1335) Concurrent Preclean 0.085ms
[4563.955s][info][gc,start       ] GC(1335) Pause Remark
[4563.963s][info][gc             ] GC(1335) Pause Remark 2595M->2595M(4096M) 7.905ms
[4563.963s][info][gc,cpu         ] GC(1335) User=0.04s Sys=0.00s Real=0.01s
[4563.963s][info][gc,marking     ] GC(1335) Concurrent Mark 1052.041ms
[4563.963s][info][gc,marking     ] GC(1335) Concurrent Rebuild Remembered Sets and Scrub Regions
[4564.284s][info][gc,marking     ] GC(1335) Concurrent Rebuild Remembered Sets and Scrub Regions 320.725ms
[4564.284s][info][gc,start       ] GC(1335) Pause Cleanup
[4564.284s][info][gc             ] GC(1335) Pause Cleanup 2913M->2913M(4096M) 0.121ms
[4564.284s][info][gc,cpu         ] GC(1335) User=0.00s Sys=0.00s Real=0.00s
[4564.284s][info][gc,marking     ] GC(1335) Concurrent Clear Claimed Marks
[4564.284s][info][gc,marking     ] GC(1335) Concurrent Clear Claimed Marks 0.029ms
[4564.284s][info][gc,marking     ] GC(1335) Concurrent Cleanup for Next Mark
[4564.290s][info][gc,marking     ] GC(1335) Concurrent Cleanup for Next Mark 5.374ms
[4564.290s][info][gc             ] GC(1335) Concurrent Mark Cycle 1591.115ms
.[4564.920s][info][gc,start       ] GC(1336) Pause Young (Prepare Mixed) (G1 Evacuation Pause)
[4564.921s][info][gc,task        ] GC(1336) Using 6 workers of 6 for evacuation
[4565.042s][info][gc,phases      ] GC(1336)   Pre Evacuate Collection Set: 0.31ms
[4565.042s][info][gc,phases      ] GC(1336)   Merge Heap Roots: 0.59ms
[4565.042s][info][gc,phases      ] GC(1336)   Evacuate Collection Set: 120.00ms
[4565.042s][info][gc,phases      ] GC(1336)   Post Evacuate Collection Set: 0.93ms
[4565.042s][info][gc,phases      ] GC(1336)   Other: 0.09ms
[4565.042s][info][gc,heap        ] GC(1336) Eden regions: 1114->0(1104)
[4565.042s][info][gc,heap        ] GC(1336) Survivor regions: 114->110(154)
[4565.042s][info][gc,heap        ] GC(1336) Old regions: 509->541
[4565.043s][info][gc,heap        ] GC(1336) Humongous regions: 80->80
[4565.043s][info][gc,metaspace   ] GC(1336) Metaspace: 28915K(29376K)->28915K(29376K) NonClass: 24045K(24256K)->24045K(24256K) Class: 4869K(5120K)->4869K(5120K)
[4565.043s][info][gc             ] GC(1336) Pause Young (Prepare Mixed) (G1 Evacuation Pause) 3631M->1460M(4096M) 122.033ms
[4565.043s][info][gc,cpu         ] GC(1336) User=0.73s Sys=0.00s Real=0.12s
..[4567.116s][info][gc,start       ] GC(1337) Pause Young (Mixed) (G1 Evacuation Pause)
[4567.116s][info][gc,task        ] GC(1337) Using 6 workers of 6 for evacuation
[4567.259s][info][gc,phases      ] GC(1337)   Pre Evacuate Collection Set: 0.38ms
[4567.259s][info][gc,phases      ] GC(1337)   Merge Heap Roots: 0.92ms
[4567.259s][info][gc,phases      ] GC(1337)   Evacuate Collection Set: 140.84ms
[4567.259s][info][gc,phases      ] GC(1337)   Post Evacuate Collection Set: 0.97ms
[4567.259s][info][gc,phases      ] GC(1337)   Other: 0.09ms
[4567.259s][info][gc,heap        ] GC(1337) Eden regions: 1104->0(1114)
[4567.259s][info][gc,heap        ] GC(1337) Survivor regions: 110->114(152)
[4567.259s][info][gc,heap        ] GC(1337) Old regions: 541->475
[4567.259s][info][gc,heap        ] GC(1337) Humongous regions: 80->80
[4567.259s][info][gc,metaspace   ] GC(1337) Metaspace: 28915K(29376K)->28915K(29376K) NonClass: 24045K(24256K)->24045K(24256K) Class: 4869K(5120K)->4869K(5120K)
[4567.259s][info][gc             ] GC(1337) Pause Young (Mixed) (G1 Evacuation Pause) 3668M->1336M(4096M) 143.339ms
[4567.259s][info][gc,cpu         ] GC(1337) User=0.86s Sys=0.00s Real=0.14s
..[4569.415s][info][gc,start       ] GC(1338) Pause Young (Concurrent Start) (G1 Evacuation Pause)
[4569.415s][info][gc,task        ] GC(1338) Using 6 workers of 6 for evacuation
[4569.539s][info][gc,phases      ] GC(1338)   Pre Evacuate Collection Set: 0.43ms
[4569.539s][info][gc,phases      ] GC(1338)   Merge Heap Roots: 0.49ms
[4569.539s][info][gc,phases      ] GC(1338)   Evacuate Collection Set: 122.54ms
[4569.539s][info][gc,phases      ] GC(1338)   Post Evacuate Collection Set: 0.89ms
[4569.539s][info][gc,phases      ] GC(1338)   Other: 0.13ms
[4569.539s][info][gc,heap        ] GC(1338) Eden regions: 1114->0(1113)
[4569.539s][info][gc,heap        ] GC(1338) Survivor regions: 114->115(154)
[4569.539s][info][gc,heap        ] GC(1338) Old regions: 475->508
[4569.539s][info][gc,heap        ] GC(1338) Humongous regions: 80->80
[4569.539s][info][gc,metaspace   ] GC(1338) Metaspace: 28915K(29376K)->28915K(29376K) NonClass: 24045K(24256K)->24045K(24256K) Class: 4869K(5120K)->4869K(5120K)
[4569.539s][info][gc             ] GC(1338) Pause Young (Concurrent Start) (G1 Evacuation Pause) 3564M->1403M(4096M) 124.599ms
[4569.539s][info][gc             ] GC(1339) Concurrent Mark Cycle
[4569.539s][info][gc,marking     ] GC(1339) Concurrent Scan Root Regions
[4569.539s][info][gc,cpu         ] GC(1338) User=0.74s Sys=0.00s Real=0.13s
[4569.691s][info][gc,marking     ] GC(1339) Concurrent Scan Root Regions 151.424ms
[4569.691s][info][gc,marking     ] GC(1339) Concurrent Mark
[4569.691s][info][gc,marking     ] GC(1339) Concurrent Mark From Roots
[4569.691s][info][gc,task        ] GC(1339) Using 2 workers of 2 for marking
.[4570.440s][info][gc,marking     ] GC(1339) Concurrent Mark From Roots 748.869ms
[4570.440s][info][gc,marking     ] GC(1339) Concurrent Preclean
[4570.440s][info][gc,marking     ] GC(1339) Concurrent Preclean 0.093ms
[4570.444s][info][gc,start       ] GC(1339) Pause Remark
[4570.449s][info][gc             ] GC(1339) Pause Remark 2215M->2215M(4096M) 4.797ms
[4570.449s][info][gc,cpu         ] GC(1339) User=0.03s Sys=0.00s Real=0.00s
[4570.449s][info][gc,marking     ] GC(1339) Concurrent Mark 758.094ms
[4570.449s][info][gc,marking     ] GC(1339) Concurrent Rebuild Remembered Sets and Scrub Regions
.[4570.860s][info][gc,marking     ] GC(1339) Concurrent Rebuild Remembered Sets and Scrub Regions 410.773ms
[4570.860s][info][gc,start       ] GC(1339) Pause Cleanup
[4570.860s][info][gc             ] GC(1339) Pause Cleanup 2600M->2600M(4096M) 0.109ms
[4570.860s][info][gc,cpu         ] GC(1339) User=0.00s Sys=0.00s Real=0.00s
[4570.860s][info][gc,marking     ] GC(1339) Concurrent Clear Claimed Marks
[4570.860s][info][gc,marking     ] GC(1339) Concurrent Clear Claimed Marks 0.026ms
[4570.860s][info][gc,marking     ] GC(1339) Concurrent Cleanup for Next Mark
[4570.867s][info][gc,marking     ] GC(1339) Concurrent Cleanup for Next Mark 6.867ms
[4570.867s][info][gc             ] GC(1339) Concurrent Mark Cycle 1327.738ms
[4571.680s][info][gc,start       ] GC(1340) Pause Young (Prepare Mixed) (G1 Evacuation Pause)
[4571.680s][info][gc,task        ] GC(1340) Using 6 workers of 6 for evacuation
[4571.802s][info][gc,phases      ] GC(1340)   Pre Evacuate Collection Set: 0.33ms
[4571.802s][info][gc,phases      ] GC(1340)   Merge Heap Roots: 0.56ms
[4571.802s][info][gc,phases      ] GC(1340)   Evacuate Collection Set: 120.66ms
[4571.802s][info][gc,phases      ] GC(1340)   Post Evacuate Collection Set: 0.91ms
[4571.802s][info][gc,phases      ] GC(1340)   Other: 0.08ms
[4571.802s][info][gc,heap        ] GC(1340) Eden regions: 1113->0(1101)
[4571.802s][info][gc,heap        ] GC(1340) Survivor regions: 115->113(154)
[4571.802s][info][gc,heap        ] GC(1340) Old regions: 508->538
[4571.802s][info][gc,heap        ] GC(1340) Humongous regions: 80->80
[4571.802s][info][gc,metaspace   ] GC(1340) Metaspace: 28915K(29376K)->28915K(29376K) NonClass: 24045K(24256K)->24045K(24256K) Class: 4869K(5120K)->4869K(5120K)
[4571.802s][info][gc             ] GC(1340) Pause Young (Prepare Mixed) (G1 Evacuation Pause) 3629M->1461M(4096M) 122.667ms
[4571.802s][info][gc,cpu         ] GC(1340) User=0.73s Sys=0.00s Real=0.12s
...[4573.907s][info][gc,start       ] GC(1341) Pause Young (Mixed) (G1 Evacuation Pause)
[4573.907s][info][gc,task        ] GC(1341) Using 6 workers of 6 for evacuation
[4574.043s][info][gc,phases      ] GC(1341)   Pre Evacuate Collection Set: 0.40ms
[4574.043s][info][gc,phases      ] GC(1341)   Merge Heap Roots: 0.73ms
[4574.043s][info][gc,phases      ] GC(1341)   Evacuate Collection Set: 134.00ms
[4574.043s][info][gc,phases      ] GC(1341)   Post Evacuate Collection Set: 0.92ms
[4574.043s][info][gc,phases      ] GC(1341)   Other: 0.09ms
[4574.043s][info][gc,heap        ] GC(1341) Eden regions: 1101->0(1118)
[4574.043s][info][gc,heap        ] GC(1341) Survivor regions: 113->110(152)
[4574.043s][info][gc,heap        ] GC(1341) Old regions: 538->475
[4574.043s][info][gc,heap        ] GC(1341) Humongous regions: 80->80
[4574.043s][info][gc,metaspace   ] GC(1341) Metaspace: 28915K(29376K)->28915K(29376K) NonClass: 24045K(24256K)->24045K(24256K) Class: 4869K(5120K)->4869K(5120K)
[4574.043s][info][gc             ] GC(1341) Pause Young (Mixed) (G1 Evacuation Pause) 3663M->1327M(4096M) 136.293ms
[4574.043s][info][gc,cpu         ] GC(1341) User=0.82s Sys=0.00s Real=0.14s
..[4576.241s][info][gc,start       ] GC(1342) Pause Young (Concurrent Start) (G1 Evacuation Pause)
[4576.241s][info][gc,task        ] GC(1342) Using 6 workers of 6 for evacuation
[4576.363s][info][gc,phases      ] GC(1342)   Pre Evacuate Collection Set: 0.35ms
[4576.363s][info][gc,phases      ] GC(1342)   Merge Heap Roots: 0.48ms
[4576.363s][info][gc,phases      ] GC(1342)   Evacuate Collection Set: 120.23ms
[4576.363s][info][gc,phases      ] GC(1342)   Post Evacuate Collection Set: 0.87ms
[4576.363s][info][gc,phases      ] GC(1342)   Other: 0.12ms
[4576.363s][info][gc,heap        ] GC(1342) Eden regions: 1118->0(1116)
[4576.363s][info][gc,heap        ] GC(1342) Survivor regions: 110->112(154)
[4576.363s][info][gc,heap        ] GC(1342) Old regions: 475->507
[4576.363s][info][gc,heap        ] GC(1342) Humongous regions: 80->80
[4576.363s][info][gc,metaspace   ] GC(1342) Metaspace: 28915K(29376K)->28915K(29376K) NonClass: 24045K(24256K)->24045K(24256K) Class: 4869K(5120K)->4869K(5120K)
[4576.363s][info][gc             ] GC(1342) Pause Young (Concurrent Start) (G1 Evacuation Pause) 3563M->1396M(4096M) 122.175ms
[4576.363s][info][gc             ] GC(1343) Concurrent Mark Cycle
[4576.363s][info][gc,marking     ] GC(1343) Concurrent Scan Root Regions
[4576.363s][info][gc,cpu         ] GC(1342) User=0.73s Sys=0.00s Real=0.12s
[4576.583s][info][gc,marking     ] GC(1343) Concurrent Scan Root Regions 219.721ms
[4576.583s][info][gc,marking     ] GC(1343) Concurrent Mark
[4576.583s][info][gc,marking     ] GC(1343) Concurrent Mark From Roots
[4576.583s][info][gc,task        ] GC(1343) Using 2 workers of 2 for marking
.[4577.828s][info][gc,marking     ] GC(1343) Concurrent Mark From Roots 1244.725ms
[4577.828s][info][gc,marking     ] GC(1343) Concurrent Preclean
[4577.828s][info][gc,marking     ] GC(1343) Concurrent Preclean 0.085ms
[4577.830s][info][gc,start       ] GC(1343) Pause Remark
[4577.835s][info][gc             ] GC(1343) Pause Remark 2834M->2834M(4096M) 5.291ms
[4577.835s][info][gc,cpu         ] GC(1343) User=0.02s Sys=0.00s Real=0.00s
[4577.835s][info][gc,marking     ] GC(1343) Concurrent Mark 1252.160ms
[4577.835s][info][gc,marking     ] GC(1343) Concurrent Rebuild Remembered Sets and Scrub Regions
.[4578.227s][info][gc,marking     ] GC(1343) Concurrent Rebuild Remembered Sets and Scrub Regions 391.640ms
[4578.227s][info][gc,start       ] GC(1343) Pause Cleanup
[4578.228s][info][gc             ] GC(1343) Pause Cleanup 3283M->3283M(4096M) 0.116ms
[4578.228s][info][gc,cpu         ] GC(1343) User=0.00s Sys=0.00s Real=0.00s
[4578.228s][info][gc,marking     ] GC(1343) Concurrent Clear Claimed Marks
[4578.228s][info][gc,marking     ] GC(1343) Concurrent Clear Claimed Marks 0.032ms
[4578.228s][info][gc,marking     ] GC(1343) Concurrent Cleanup for Next Mark
[4578.238s][info][gc,marking     ] GC(1343) Concurrent Cleanup for Next Mark 10.035ms
[4578.238s][info][gc             ] GC(1343) Concurrent Mark Cycle 1874.806ms
[4578.475s][info][gc,start       ] GC(1344) Pause Young (Prepare Mixed) (G1 Evacuation Pause)
[4578.475s][info][gc,task        ] GC(1344) Using 6 workers of 6 for evacuation
[4578.593s][info][gc,phases      ] GC(1344)   Pre Evacuate Collection Set: 0.32ms
[4578.593s][info][gc,phases      ] GC(1344)   Merge Heap Roots: 0.54ms
[4578.593s][info][gc,phases      ] GC(1344)   Evacuate Collection Set: 116.05ms
[4578.593s][info][gc,phases      ] GC(1344)   Post Evacuate Collection Set: 0.94ms
[4578.593s][info][gc,phases      ] GC(1344)   Other: 0.08ms
[4578.593s][info][gc,heap        ] GC(1344) Eden regions: 1116->0(1107)
[4578.593s][info][gc,heap        ] GC(1344) Survivor regions: 112->110(154)
[4578.593s][info][gc,heap        ] GC(1344) Old regions: 507->538
[4578.593s][info][gc,heap        ] GC(1344) Humongous regions: 80->80
[4578.593s][info][gc,metaspace   ] GC(1344) Metaspace: 28915K(29376K)->28915K(29376K) NonClass: 24045K(24256K)->24045K(24256K) Class: 4869K(5120K)->4869K(5120K)
[4578.593s][info][gc             ] GC(1344) Pause Young (Prepare Mixed) (G1 Evacuation Pause) 3628M->1454M(4096M) 118.077ms
[4578.593s][info][gc,cpu         ] GC(1344) User=0.70s Sys=0.00s Real=0.12s
..[4580.594s][info][gc,start       ] GC(1345) Pause Young (Mixed) (G1 Evacuation Pause)
[4580.594s][info][gc,task        ] GC(1345) Using 6 workers of 6 for evacuation
[4580.738s][info][gc,phases      ] GC(1345)   Pre Evacuate Collection Set: 0.36ms
[4580.738s][info][gc,phases      ] GC(1345)   Merge Heap Roots: 0.78ms
[4580.738s][info][gc,phases      ] GC(1345)   Evacuate Collection Set: 140.98ms
[4580.738s][info][gc,phases      ] GC(1345)   Post Evacuate Collection Set: 0.93ms
[4580.738s][info][gc,phases      ] GC(1345)   Other: 0.09ms
[4580.738s][info][gc,heap        ] GC(1345) Eden regions: 1107->0(1112)
[4580.738s][info][gc,heap        ] GC(1345) Survivor regions: 110->116(153)
[4580.738s][info][gc,heap        ] GC(1345) Old regions: 538->475
[4580.738s][info][gc,heap        ] GC(1345) Humongous regions: 80->80
[4580.738s][info][gc,metaspace   ] GC(1345) Metaspace: 28915K(29376K)->28915K(29376K) NonClass: 24045K(24256K)->24045K(24256K) Class: 4869K(5120K)->4869K(5120K)
[4580.738s][info][gc             ] GC(1345) Pause Young (Mixed) (G1 Evacuation Pause) 3668M->1341M(4096M) 143.272ms
[4580.738s][info][gc,cpu         ] GC(1345) User=0.86s Sys=0.00s Real=0.14s
..[4582.864s][info][gc,start       ] GC(1346) Pause Young (Concurrent Start) (G1 Evacuation Pause)
[4582.864s][info][gc,task        ] GC(1346) Using 6 workers of 6 for evacuation
[4582.984s][info][gc,phases      ] GC(1346)   Pre Evacuate Collection Set: 0.39ms
[4582.984s][info][gc,phases      ] GC(1346)   Merge Heap Roots: 0.49ms
[4582.984s][info][gc,phases      ] GC(1346)   Evacuate Collection Set: 118.46ms
[4582.984s][info][gc,phases      ] GC(1346)   Post Evacuate Collection Set: 0.87ms
[4582.984s][info][gc,phases      ] GC(1346)   Other: 0.11ms
[4582.984s][info][gc,heap        ] GC(1346) Eden regions: 1112->0(1116)
[4582.984s][info][gc,heap        ] GC(1346) Survivor regions: 116->112(154)
[4582.984s][info][gc,heap        ] GC(1346) Old regions: 475->507
[4582.984s][info][gc,heap        ] GC(1346) Humongous regions: 80->80
[4582.984s][info][gc,metaspace   ] GC(1346) Metaspace: 28915K(29376K)->28915K(29376K) NonClass: 24045K(24256K)->24045K(24256K) Class: 4869K(5120K)->4869K(5120K)
[4582.984s][info][gc             ] GC(1346) Pause Young (Concurrent Start) (G1 Evacuation Pause) 3565M->1397M(4096M) 120.500ms
[4582.984s][info][gc             ] GC(1347) Concurrent Mark Cycle
[4582.984s][info][gc,marking     ] GC(1347) Concurrent Scan Root Regions
[4582.984s][info][gc,cpu         ] GC(1346) User=0.72s Sys=0.00s Real=0.12s
.[4583.166s][info][gc,marking     ] GC(1347) Concurrent Scan Root Regions 182.091ms
[4583.167s][info][gc,marking     ] GC(1347) Concurrent Mark
[4583.167s][info][gc,marking     ] GC(1347) Concurrent Mark From Roots
[4583.167s][info][gc,task        ] GC(1347) Using 2 workers of 2 for marking
.[4584.152s][info][gc,marking     ] GC(1347) Concurrent Mark From Roots 985.130ms
[4584.152s][info][gc,marking     ] GC(1347) Concurrent Preclean
[4584.152s][info][gc,marking     ] GC(1347) Concurrent Preclean 0.100ms
[4584.152s][info][gc,start       ] GC(1347) Pause Remark
[4584.156s][info][gc             ] GC(1347) Pause Remark 2546M->2546M(4096M) 3.772ms
[4584.156s][info][gc,cpu         ] GC(1347) User=0.02s Sys=0.00s Real=0.00s
[4584.157s][info][gc,marking     ] GC(1347) Concurrent Mark 990.823ms
[4584.157s][info][gc,marking     ] GC(1347) Concurrent Rebuild Remembered Sets and Scrub Regions
[4584.542s][info][gc,marking     ] GC(1347) Concurrent Rebuild Remembered Sets and Scrub Regions 384.728ms
[4584.542s][info][gc,start       ] GC(1347) Pause Cleanup
[4584.543s][info][gc             ] GC(1347) Pause Cleanup 2954M->2954M(4096M) 0.123ms
[4584.543s][info][gc,cpu         ] GC(1347) User=0.00s Sys=0.00s Real=0.00s
[4584.543s][info][gc,marking     ] GC(1347) Concurrent Clear Claimed Marks
[4584.543s][info][gc,marking     ] GC(1347) Concurrent Clear Claimed Marks 0.024ms
[4584.543s][info][gc,marking     ] GC(1347) Concurrent Cleanup for Next Mark
[4584.555s][info][gc,marking     ] GC(1347) Concurrent Cleanup for Next Mark 12.008ms
[4584.555s][info][gc             ] GC(1347) Concurrent Mark Cycle 1570.344ms
.[4585.099s][info][gc,start       ] GC(1348) Pause Young (Prepare Mixed) (G1 Evacuation Pause)
[4585.099s][info][gc,task        ] GC(1348) Using 6 workers of 6 for evacuation
[4585.216s][info][gc,phases      ] GC(1348)   Pre Evacuate Collection Set: 0.35ms
[4585.216s][info][gc,phases      ] GC(1348)   Merge Heap Roots: 0.58ms
[4585.216s][info][gc,phases      ] GC(1348)   Evacuate Collection Set: 114.87ms
[4585.216s][info][gc,phases      ] GC(1348)   Post Evacuate Collection Set: 0.91ms
[4585.216s][info][gc,phases      ] GC(1348)   Other: 0.09ms
[4585.216s][info][gc,heap        ] GC(1348) Eden regions: 1116->0(1111)
[4585.216s][info][gc,heap        ] GC(1348) Survivor regions: 112->108(154)
[4585.216s][info][gc,heap        ] GC(1348) Old regions: 507->538
[4585.216s][info][gc,heap        ] GC(1348) Humongous regions: 80->80
[4585.216s][info][gc,metaspace   ] GC(1348) Metaspace: 28915K(29376K)->28915K(29376K) NonClass: 24045K(24256K)->24045K(24256K) Class: 4869K(5120K)->4869K(5120K)
[4585.216s][info][gc             ] GC(1348) Pause Young (Prepare Mixed) (G1 Evacuation Pause) 3629M->1451M(4096M) 116.947ms
[4585.216s][info][gc,cpu         ] GC(1348) User=0.70s Sys=0.00s Real=0.12s
..[4587.311s][info][gc,start       ] GC(1349) Pause Young (Mixed) (G1 Evacuation Pause)
[4587.311s][info][gc,task        ] GC(1349) Using 6 workers of 6 for evacuation
[4587.446s][info][gc,phases      ] GC(1349)   Pre Evacuate Collection Set: 0.39ms
[4587.446s][info][gc,phases      ] GC(1349)   Merge Heap Roots: 0.76ms
[4587.446s][info][gc,phases      ] GC(1349)   Evacuate Collection Set: 132.84ms
[4587.446s][info][gc,phases      ] GC(1349)   Post Evacuate Collection Set: 0.96ms
[4587.446s][info][gc,phases      ] GC(1349)   Other: 0.09ms
[4587.446s][info][gc,heap        ] GC(1349) Eden regions: 1111->0(1117)
[4587.446s][info][gc,heap        ] GC(1349) Survivor regions: 108->111(153)
[4587.446s][info][gc,heap        ] GC(1349) Old regions: 538->475
[4587.446s][info][gc,heap        ] GC(1349) Humongous regions: 80->80
[4587.446s][info][gc,metaspace   ] GC(1349) Metaspace: 28915K(29376K)->28915K(29376K) NonClass: 24045K(24256K)->24045K(24256K) Class: 4869K(5120K)->4869K(5120K)
[4587.446s][info][gc             ] GC(1349) Pause Young (Mixed) (G1 Evacuation Pause) 3673M->1329M(4096M) 135.188ms
[4587.446s][info][gc,cpu         ] GC(1349) User=0.80s Sys=0.00s Real=0.13s
..[4589.609s][info][gc,start       ] GC(1350) Pause Young (Concurrent Start) (G1 Evacuation Pause)
[4589.609s][info][gc,task        ] GC(1350) Using 6 workers of 6 for evacuation
[4589.735s][info][gc,phases      ] GC(1350)   Pre Evacuate Collection Set: 0.39ms
[4589.735s][info][gc,phases      ] GC(1350)   Merge Heap Roots: 0.56ms
[4589.735s][info][gc,phases      ] GC(1350)   Evacuate Collection Set: 123.54ms
[4589.735s][info][gc,phases      ] GC(1350)   Post Evacuate Collection Set: 0.88ms
[4589.735s][info][gc,phases      ] GC(1350)   Other: 0.11ms
[4589.735s][info][gc,heap        ] GC(1350) Eden regions: 1117->0(1113)
[4589.735s][info][gc,heap        ] GC(1350) Survivor regions: 111->115(154)
[4589.735s][info][gc,heap        ] GC(1350) Old regions: 475->507
[4589.735s][info][gc,heap        ] GC(1350) Humongous regions: 80->80
[4589.735s][info][gc,metaspace   ] GC(1350) Metaspace: 28915K(29376K)->28915K(29376K) NonClass: 24045K(24256K)->24045K(24256K) Class: 4869K(5120K)->4869K(5120K)
[4589.735s][info][gc             ] GC(1350) Pause Young (Concurrent Start) (G1 Evacuation Pause) 3563M->1401M(4096M) 125.631ms
[4589.735s][info][gc             ] GC(1351) Concurrent Mark Cycle
[4589.735s][info][gc,marking     ] GC(1351) Concurrent Scan Root Regions
[4589.735s][info][gc,cpu         ] GC(1350) User=0.74s Sys=0.00s Real=0.12s
[4589.919s][info][gc,marking     ] GC(1351) Concurrent Scan Root Regions 183.892ms
[4589.919s][info][gc,marking     ] GC(1351) Concurrent Mark
[4589.919s][info][gc,marking     ] GC(1351) Concurrent Mark From Roots
[4589.919s][info][gc,task        ] GC(1351) Using 2 workers of 2 for marking
.[4590.978s][info][gc,marking     ] GC(1351) Concurrent Mark From Roots 1059.348ms
[4590.978s][info][gc,marking     ] GC(1351) Concurrent Preclean
[4590.978s][info][gc,marking     ] GC(1351) Concurrent Preclean 0.087ms
[4590.981s][info][gc,start       ] GC(1351) Pause Remark
[4590.988s][info][gc             ] GC(1351) Pause Remark 2565M->2565M(4096M) 7.487ms
[4590.988s][info][gc,cpu         ] GC(1351) User=0.04s Sys=0.01s Real=0.00s
[4590.989s][info][gc,marking     ] GC(1351) Concurrent Mark 1069.671ms
[4590.989s][info][gc,marking     ] GC(1351) Concurrent Rebuild Remembered Sets and Scrub Regions
.[4591.285s][info][gc,marking     ] GC(1351) Concurrent Rebuild Remembered Sets and Scrub Regions 296.830ms
[4591.286s][info][gc,start       ] GC(1351) Pause Cleanup
[4591.286s][info][gc             ] GC(1351) Pause Cleanup 2877M->2877M(4096M) 0.117ms
[4591.286s][info][gc,cpu         ] GC(1351) User=0.00s Sys=0.00s Real=0.00s
[4591.286s][info][gc,marking     ] GC(1351) Concurrent Clear Claimed Marks
[4591.286s][info][gc,marking     ] GC(1351) Concurrent Clear Claimed Marks 0.026ms
[4591.286s][info][gc,marking     ] GC(1351) Concurrent Cleanup for Next Mark
[4591.293s][info][gc,marking     ] GC(1351) Concurrent Cleanup for Next Mark 7.338ms
[4591.293s][info][gc             ] GC(1351) Concurrent Mark Cycle 1558.511ms
[4591.887s][info][gc,start       ] GC(1352) Pause Young (Prepare Mixed) (G1 Evacuation Pause)
[4591.887s][info][gc,task        ] GC(1352) Using 6 workers of 6 for evacuation
[4592.008s][info][gc,phases      ] GC(1352)   Pre Evacuate Collection Set: 0.33ms
[4592.008s][info][gc,phases      ] GC(1352)   Merge Heap Roots: 0.54ms
[4592.008s][info][gc,phases      ] GC(1352)   Evacuate Collection Set: 118.95ms
[4592.008s][info][gc,phases      ] GC(1352)   Post Evacuate Collection Set: 0.89ms
[4592.008s][info][gc,phases      ] GC(1352)   Other: 0.09ms
[4592.008s][info][gc,heap        ] GC(1352) Eden regions: 1113->0(1099)
[4592.008s][info][gc,heap        ] GC(1352) Survivor regions: 115->113(154)
[4592.008s][info][gc,heap        ] GC(1352) Old regions: 507->540
[4592.008s][info][gc,heap        ] GC(1352) Humongous regions: 80->80
[4592.008s][info][gc,metaspace   ] GC(1352) Metaspace: 28915K(29376K)->28915K(29376K) NonClass: 24045K(24256K)->24045K(24256K) Class: 4869K(5120K)->4869K(5120K)
[4592.008s][info][gc             ] GC(1352) Pause Young (Prepare Mixed) (G1 Evacuation Pause) 3627M->1464M(4096M) 120.933ms
[4592.008s][info][gc,cpu         ] GC(1352) User=0.72s Sys=0.00s Real=0.12s
..[4594.055s][info][gc,start       ] GC(1353) Pause Young (Mixed) (G1 Evacuation Pause)
[4594.055s][info][gc,task        ] GC(1353) Using 6 workers of 6 for evacuation
[4594.185s][info][gc,phases      ] GC(1353)   Pre Evacuate Collection Set: 0.35ms
[4594.185s][info][gc,phases      ] GC(1353)   Merge Heap Roots: 0.64ms
[4594.185s][info][gc,phases      ] GC(1353)   Evacuate Collection Set: 127.27ms
[4594.185s][info][gc,phases      ] GC(1353)   Post Evacuate Collection Set: 0.93ms
[4594.185s][info][gc,phases      ] GC(1353)   Other: 0.09ms
[4594.185s][info][gc,heap        ] GC(1353) Eden regions: 1099->0(1121)
[4594.185s][info][gc,heap        ] GC(1353) Survivor regions: 113->107(152)
[4594.185s][info][gc,heap        ] GC(1353) Old regions: 540->477
[4594.185s][info][gc,heap        ] GC(1353) Humongous regions: 80->80
[4594.185s][info][gc,metaspace   ] GC(1353) Metaspace: 28915K(29376K)->28915K(29376K) NonClass: 24045K(24256K)->24045K(24256K) Class: 4869K(5120K)->4869K(5120K)
[4594.185s][info][gc             ] GC(1353) Pause Young (Mixed) (G1 Evacuation Pause) 3662M->1326M(4096M) 129.421ms
[4594.185s][info][gc,cpu         ] GC(1353) User=0.77s Sys=0.01s Real=0.13s
...[4596.293s][info][gc,start       ] GC(1354) Pause Young (Concurrent Start) (G1 Evacuation Pause)
[4596.293s][info][gc,task        ] GC(1354) Using 6 workers of 6 for evacuation
[4596.413s][info][gc,phases      ] GC(1354)   Pre Evacuate Collection Set: 0.36ms
[4596.413s][info][gc,phases      ] GC(1354)   Merge Heap Roots: 0.49ms
[4596.413s][info][gc,phases      ] GC(1354)   Evacuate Collection Set: 118.64ms
[4596.413s][info][gc,phases      ] GC(1354)   Post Evacuate Collection Set: 0.87ms
[4596.413s][info][gc,phases      ] GC(1354)   Other: 0.12ms
[4596.413s][info][gc,heap        ] GC(1354) Eden regions: 1121->0(1118)
[4596.413s][info][gc,heap        ] GC(1354) Survivor regions: 107->110(154)
[4596.413s][info][gc,heap        ] GC(1354) Old regions: 477->509
[4596.413s][info][gc,heap        ] GC(1354) Humongous regions: 80->80
[4596.413s][info][gc,metaspace   ] GC(1354) Metaspace: 28915K(29376K)->28915K(29376K) NonClass: 24045K(24256K)->24045K(24256K) Class: 4869K(5120K)->4869K(5120K)
[4596.413s][info][gc             ] GC(1354) Pause Young (Concurrent Start) (G1 Evacuation Pause) 3568M->1397M(4096M) 120.601ms
[4596.413s][info][gc             ] GC(1355) Concurrent Mark Cycle
[4596.413s][info][gc,marking     ] GC(1355) Concurrent Scan Root Regions
[4596.413s][info][gc,cpu         ] GC(1354) User=0.72s Sys=0.00s Real=0.12s
[4596.561s][info][gc,marking     ] GC(1355) Concurrent Scan Root Regions 147.801ms
[4596.561s][info][gc,marking     ] GC(1355) Concurrent Mark
[4596.561s][info][gc,marking     ] GC(1355) Concurrent Mark From Roots
[4596.561s][info][gc,task        ] GC(1355) Using 2 workers of 2 for marking
.[4597.318s][info][gc,marking     ] GC(1355) Concurrent Mark From Roots 756.507ms
[4597.318s][info][gc,marking     ] GC(1355) Concurrent Preclean
[4597.318s][info][gc,marking     ] GC(1355) Concurrent Preclean 0.075ms
[4597.319s][info][gc,start       ] GC(1355) Pause Remark
[4597.324s][info][gc             ] GC(1355) Pause Remark 2241M->2241M(4096M) 4.532ms
[4597.324s][info][gc,cpu         ] GC(1355) User=0.02s Sys=0.00s Real=0.00s
[4597.324s][info][gc,marking     ] GC(1355) Concurrent Mark 763.107ms
[4597.324s][info][gc,marking     ] GC(1355) Concurrent Rebuild Remembered Sets and Scrub Regions
[4597.600s][info][gc,marking     ] GC(1355) Concurrent Rebuild Remembered Sets and Scrub Regions 275.364ms
[4597.600s][info][gc,start       ] GC(1355) Pause Cleanup
[4597.600s][info][gc             ] GC(1355) Pause Cleanup 2537M->2537M(4096M) 0.112ms
[4597.600s][info][gc,cpu         ] GC(1355) User=0.00s Sys=0.00s Real=0.00s
[4597.600s][info][gc,marking     ] GC(1355) Concurrent Clear Claimed Marks
[4597.600s][info][gc,marking     ] GC(1355) Concurrent Clear Claimed Marks 0.025ms
[4597.600s][info][gc,marking     ] GC(1355) Concurrent Cleanup for Next Mark
[4597.605s][info][gc,marking     ] GC(1355) Concurrent Cleanup for Next Mark 5.390ms
[4597.605s][info][gc             ] GC(1355) Concurrent Mark Cycle 1192.174ms
.[4598.588s][info][gc,start       ] GC(1356) Pause Young (Prepare Mixed) (G1 Evacuation Pause)
[4598.588s][info][gc,task        ] GC(1356) Using 6 workers of 6 for evacuation
[4598.712s][info][gc,phases      ] GC(1356)   Pre Evacuate Collection Set: 0.31ms
[4598.712s][info][gc,phases      ] GC(1356)   Merge Heap Roots: 0.54ms
[4598.712s][info][gc,phases      ] GC(1356)   Evacuate Collection Set: 121.74ms
[4598.712s][info][gc,phases      ] GC(1356)   Post Evacuate Collection Set: 0.95ms
[4598.712s][info][gc,phases      ] GC(1356)   Other: 0.09ms
[4598.712s][info][gc,heap        ] GC(1356) Eden regions: 1118->0(1093)
[4598.712s][info][gc,heap        ] GC(1356) Survivor regions: 110->116(154)
[4598.712s][info][gc,heap        ] GC(1356) Old regions: 509->540
[4598.712s][info][gc,heap        ] GC(1356) Humongous regions: 80->80
[4598.712s][info][gc,metaspace   ] GC(1356) Metaspace: 28915K(29376K)->28915K(29376K) NonClass: 24045K(24256K)->24045K(24256K) Class: 4869K(5120K)->4869K(5120K)
[4598.712s][info][gc             ] GC(1356) Pause Young (Prepare Mixed) (G1 Evacuation Pause) 3633M->1471M(4096M) 123.783ms
[4598.712s][info][gc,cpu         ] GC(1356) User=0.73s Sys=0.00s Real=0.13s
..[4600.795s][info][gc,start       ] GC(1357) Pause Young (Mixed) (G1 Evacuation Pause)
[4600.795s][info][gc,task        ] GC(1357) Using 6 workers of 6 for evacuation
[4600.935s][info][gc,phases      ] GC(1357)   Pre Evacuate Collection Set: 0.35ms
[4600.935s][info][gc,phases      ] GC(1357)   Merge Heap Roots: 0.85ms
[4600.935s][info][gc,phases      ] GC(1357)   Evacuate Collection Set: 137.61ms
[4600.935s][info][gc,phases      ] GC(1357)   Post Evacuate Collection Set: 0.93ms
[4600.935s][info][gc,phases      ] GC(1357)   Other: 0.09ms
[4600.935s][info][gc,heap        ] GC(1357) Eden regions: 1093->0(1117)
[4600.935s][info][gc,heap        ] GC(1357) Survivor regions: 116->111(152)
[4600.935s][info][gc,heap        ] GC(1357) Old regions: 540->476
[4600.935s][info][gc,heap        ] GC(1357) Humongous regions: 80->80
[4600.935s][info][gc,metaspace   ] GC(1357) Metaspace: 28915K(29376K)->28915K(29376K) NonClass: 24045K(24256K)->24045K(24256K) Class: 4869K(5120K)->4869K(5120K)
[4600.935s][info][gc             ] GC(1357) Pause Young (Mixed) (G1 Evacuation Pause) 3657M->1333M(4096M) 139.971ms
[4600.935s][info][gc,cpu         ] GC(1357) User=0.84s Sys=0.00s Real=0.14s
..[4603.094s][info][gc,start       ] GC(1358) Pause Young (Concurrent Start) (G1 Evacuation Pause)
[4603.095s][info][gc,task        ] GC(1358) Using 6 workers of 6 for evacuation
[4603.211s][info][gc,phases      ] GC(1358)   Pre Evacuate Collection Set: 0.40ms
[4603.211s][info][gc,phases      ] GC(1358)   Merge Heap Roots: 0.48ms
[4603.211s][info][gc,phases      ] GC(1358)   Evacuate Collection Set: 114.99ms
[4603.211s][info][gc,phases      ] GC(1358)   Post Evacuate Collection Set: 0.86ms
[4603.211s][info][gc,phases      ] GC(1358)   Other: 0.11ms
[4603.211s][info][gc,heap        ] GC(1358) Eden regions: 1117->0(1121)
[4603.211s][info][gc,heap        ] GC(1358) Survivor regions: 111->107(154)
[4603.211s][info][gc,heap        ] GC(1358) Old regions: 476->509
[4603.211s][info][gc,heap        ] GC(1358) Humongous regions: 80->80
[4603.211s][info][gc,metaspace   ] GC(1358) Metaspace: 28915K(29376K)->28915K(29376K) NonClass: 24045K(24256K)->24045K(24256K) Class: 4869K(5120K)->4869K(5120K)
[4603.211s][info][gc             ] GC(1358) Pause Young (Concurrent Start) (G1 Evacuation Pause) 3567M->1390M(4096M) 116.980ms
[4603.211s][info][gc             ] GC(1359) Concurrent Mark Cycle
[4603.211s][info][gc,marking     ] GC(1359) Concurrent Scan Root Regions
[4603.211s][info][gc,cpu         ] GC(1358) User=0.70s Sys=0.00s Real=0.12s
.[4603.351s][info][gc,marking     ] GC(1359) Concurrent Scan Root Regions 139.540ms
[4603.351s][info][gc,marking     ] GC(1359) Concurrent Mark
[4603.351s][info][gc,marking     ] GC(1359) Concurrent Mark From Roots
[4603.351s][info][gc,task        ] GC(1359) Using 2 workers of 2 for marking
[4604.195s][info][gc,marking     ] GC(1359) Concurrent Mark From Roots 843.865ms
[4604.195s][info][gc,marking     ] GC(1359) Concurrent Preclean
[4604.195s][info][gc,marking     ] GC(1359) Concurrent Preclean 0.075ms
[4604.197s][info][gc,start       ] GC(1359) Pause Remark
[4604.202s][info][gc             ] GC(1359) Pause Remark 2362M->2362M(4096M) 4.456ms
[4604.202s][info][gc,cpu         ] GC(1359) User=0.02s Sys=0.00s Real=0.01s
[4604.202s][info][gc,marking     ] GC(1359) Concurrent Mark 850.994ms
[4604.202s][info][gc,marking     ] GC(1359) Concurrent Rebuild Remembered Sets and Scrub Regions
.[4604.475s][info][gc,marking     ] GC(1359) Concurrent Rebuild Remembered Sets and Scrub Regions 272.715ms
[4604.475s][info][gc,start       ] GC(1359) Pause Cleanup
[4604.475s][info][gc             ] GC(1359) Pause Cleanup 2626M->2626M(4096M) 0.119ms
[4604.475s][info][gc,cpu         ] GC(1359) User=0.00s Sys=0.00s Real=0.00s
[4604.475s][info][gc,marking     ] GC(1359) Concurrent Clear Claimed Marks
[4604.475s][info][gc,marking     ] GC(1359) Concurrent Clear Claimed Marks 0.028ms
[4604.475s][info][gc,marking     ] GC(1359) Concurrent Cleanup for Next Mark
[4604.479s][info][gc,marking     ] GC(1359) Concurrent Cleanup for Next Mark 4.207ms
[4604.479s][info][gc             ] GC(1359) Concurrent Mark Cycle 1267.969ms
.[4605.432s][info][gc,start       ] GC(1360) Pause Young (Prepare Mixed) (G1 Evacuation Pause)
[4605.432s][info][gc,task        ] GC(1360) Using 6 workers of 6 for evacuation
[4605.553s][info][gc,phases      ] GC(1360)   Pre Evacuate Collection Set: 0.34ms
[4605.553s][info][gc,phases      ] GC(1360)   Merge Heap Roots: 0.60ms
[4605.553s][info][gc,phases      ] GC(1360)   Evacuate Collection Set: 118.93ms
[4605.553s][info][gc,phases      ] GC(1360)   Post Evacuate Collection Set: 0.91ms
[4605.553s][info][gc,phases      ] GC(1360)   Other: 0.08ms
[4605.553s][info][gc,heap        ] GC(1360) Eden regions: 1121->0(1101)
[4605.553s][info][gc,heap        ] GC(1360) Survivor regions: 107->112(154)
[4605.553s][info][gc,heap        ] GC(1360) Old regions: 509->540
[4605.553s][info][gc,heap        ] GC(1360) Humongous regions: 80->80
[4605.553s][info][gc,metaspace   ] GC(1360) Metaspace: 28915K(29376K)->28915K(29376K) NonClass: 24045K(24256K)->24045K(24256K) Class: 4869K(5120K)->4869K(5120K)
[4605.553s][info][gc             ] GC(1360) Pause Young (Prepare Mixed) (G1 Evacuation Pause) 3632M->1463M(4096M) 120.996ms
[4605.553s][info][gc,cpu         ] GC(1360) User=0.72s Sys=0.00s Real=0.12s
..[4607.660s][info][gc,start       ] GC(1361) Pause Young (Mixed) (G1 Evacuation Pause)
[4607.660s][info][gc,task        ] GC(1361) Using 6 workers of 6 for evacuation
[4607.795s][info][gc,phases      ] GC(1361)   Pre Evacuate Collection Set: 0.35ms
[4607.795s][info][gc,phases      ] GC(1361)   Merge Heap Roots: 0.77ms
[4607.795s][info][gc,phases      ] GC(1361)   Evacuate Collection Set: 132.77ms
[4607.795s][info][gc,phases      ] GC(1361)   Post Evacuate Collection Set: 0.94ms
[4607.795s][info][gc,phases      ] GC(1361)   Other: 0.08ms
[4607.795s][info][gc,heap        ] GC(1361) Eden regions: 1101->0(1115)
[4607.795s][info][gc,heap        ] GC(1361) Survivor regions: 112->113(152)
[4607.795s][info][gc,heap        ] GC(1361) Old regions: 540->477
[4607.795s][info][gc,heap        ] GC(1361) Humongous regions: 80->80
[4607.795s][info][gc,metaspace   ] GC(1361) Metaspace: 28915K(29376K)->28915K(29376K) NonClass: 24045K(24256K)->24045K(24256K) Class: 4869K(5120K)->4869K(5120K)
[4607.795s][info][gc             ] GC(1361) Pause Young (Mixed) (G1 Evacuation Pause) 3665M->1338M(4096M) 135.040ms
[4607.795s][info][gc,cpu         ] GC(1361) User=0.80s Sys=0.00s Real=0.13s
..[4609.965s][info][gc,start       ] GC(1362) Pause Young (Concurrent Start) (G1 Evacuation Pause)
[4609.965s][info][gc,task        ] GC(1362) Using 6 workers of 6 for evacuation
[4610.083s][info][gc,phases      ] GC(1362)   Pre Evacuate Collection Set: 0.35ms
[4610.083s][info][gc,phases      ] GC(1362)   Merge Heap Roots: 0.47ms
[4610.083s][info][gc,phases      ] GC(1362)   Evacuate Collection Set: 116.24ms
[4610.083s][info][gc,phases      ] GC(1362)   Post Evacuate Collection Set: 0.88ms
[4610.083s][info][gc,phases      ] GC(1362)   Other: 0.10ms
[4610.083s][info][gc,heap        ] GC(1362) Eden regions: 1115->0(1121)
[4610.083s][info][gc,heap        ] GC(1362) Survivor regions: 113->107(154)
[4610.083s][info][gc,heap        ] GC(1362) Old regions: 477->509
[4610.083s][info][gc,heap        ] GC(1362) Humongous regions: 80->80
[4610.083s][info][gc,metaspace   ] GC(1362) Metaspace: 28915K(29376K)->28915K(29376K) NonClass: 24045K(24256K)->24045K(24256K) Class: 4869K(5120K)->4869K(5120K)
[4610.083s][info][gc             ] GC(1362) Pause Young (Concurrent Start) (G1 Evacuation Pause) 3568M->1389M(4096M) 118.177ms
[4610.083s][info][gc             ] GC(1363) Concurrent Mark Cycle
[4610.084s][info][gc,marking     ] GC(1363) Concurrent Scan Root Regions
[4610.084s][info][gc,cpu         ] GC(1362) User=0.70s Sys=0.00s Real=0.12s
[4610.245s][info][gc,marking     ] GC(1363) Concurrent Scan Root Regions 161.835ms
[4610.245s][info][gc,marking     ] GC(1363) Concurrent Mark
[4610.245s][info][gc,marking     ] GC(1363) Concurrent Mark From Roots
[4610.245s][info][gc,task        ] GC(1363) Using 2 workers of 2 for marking
.[4611.043s][info][gc,marking     ] GC(1363) Concurrent Mark From Roots 797.776ms
[4611.043s][info][gc,marking     ] GC(1363) Concurrent Preclean
[4611.043s][info][gc,marking     ] GC(1363) Concurrent Preclean 0.089ms
[4611.045s][info][gc,start       ] GC(1363) Pause Remark
[4611.050s][info][gc             ] GC(1363) Pause Remark 2239M->2239M(4096M) 5.565ms
[4611.050s][info][gc,cpu         ] GC(1363) User=0.03s Sys=0.00s Real=0.01s
[4611.050s][info][gc,marking     ] GC(1363) Concurrent Mark 804.880ms
[4611.050s][info][gc,marking     ] GC(1363) Concurrent Rebuild Remembered Sets and Scrub Regions
[4611.334s][info][gc,marking     ] GC(1363) Concurrent Rebuild Remembered Sets and Scrub Regions 283.932ms
[4611.334s][info][gc,start       ] GC(1363) Pause Cleanup
[4611.335s][info][gc             ] GC(1363) Pause Cleanup 2580M->2580M(4096M) 0.133ms
[4611.335s][info][gc,cpu         ] GC(1363) User=0.00s Sys=0.00s Real=0.00s
[4611.335s][info][gc,marking     ] GC(1363) Concurrent Clear Claimed Marks
[4611.335s][info][gc,marking     ] GC(1363) Concurrent Clear Claimed Marks 0.023ms
[4611.335s][info][gc,marking     ] GC(1363) Concurrent Cleanup for Next Mark
[4611.348s][info][gc,marking     ] GC(1363) Concurrent Cleanup for Next Mark 13.422ms
[4611.348s][info][gc             ] GC(1363) Concurrent Mark Cycle 1264.613ms
.[4612.220s][info][gc,start       ] GC(1364) Pause Young (Prepare Mixed) (G1 Evacuation Pause)
[4612.220s][info][gc,task        ] GC(1364) Using 6 workers of 6 for evacuation
[4612.343s][info][gc,phases      ] GC(1364)   Pre Evacuate Collection Set: 0.34ms
[4612.343s][info][gc,phases      ] GC(1364)   Merge Heap Roots: 0.52ms
[4612.343s][info][gc,phases      ] GC(1364)   Evacuate Collection Set: 121.31ms
[4612.343s][info][gc,phases      ] GC(1364)   Post Evacuate Collection Set: 0.92ms
[4612.343s][info][gc,phases      ] GC(1364)   Other: 0.09ms
[4612.343s][info][gc,heap        ] GC(1364) Eden regions: 1121->0(1095)
[4612.343s][info][gc,heap        ] GC(1364) Survivor regions: 107->115(154)
[4612.343s][info][gc,heap        ] GC(1364) Old regions: 509->540
[4612.343s][info][gc,heap        ] GC(1364) Humongous regions: 80->80
[4612.343s][info][gc,metaspace   ] GC(1364) Metaspace: 28915K(29376K)->28915K(29376K) NonClass: 24045K(24256K)->24045K(24256K) Class: 4869K(5120K)->4869K(5120K)
[4612.343s][info][gc             ] GC(1364) Pause Young (Prepare Mixed) (G1 Evacuation Pause) 3631M->1468M(4096M) 123.305ms
[4612.343s][info][gc,cpu         ] GC(1364) User=0.73s Sys=0.00s Real=0.12s
..[4614.393s][info][gc,start       ] GC(1365) Pause Young (Mixed) (G1 Evacuation Pause)
[4614.393s][info][gc,task        ] GC(1365) Using 6 workers of 6 for evacuation
[4614.529s][info][gc,phases      ] GC(1365)   Pre Evacuate Collection Set: 0.34ms
[4614.529s][info][gc,phases      ] GC(1365)   Merge Heap Roots: 0.72ms
[4614.529s][info][gc,phases      ] GC(1365)   Evacuate Collection Set: 133.64ms
[4614.529s][info][gc,phases      ] GC(1365)   Post Evacuate Collection Set: 0.94ms
[4614.529s][info][gc,phases      ] GC(1365)   Other: 0.08ms
[4614.529s][info][gc,heap        ] GC(1365) Eden regions: 1095->0(1118)
[4614.529s][info][gc,heap        ] GC(1365) Survivor regions: 115->110(152)
[4614.529s][info][gc,heap        ] GC(1365) Old regions: 540->476
[4614.529s][info][gc,heap        ] GC(1365) Humongous regions: 80->80
[4614.529s][info][gc,metaspace   ] GC(1365) Metaspace: 28915K(29376K)->28915K(29376K) NonClass: 24045K(24256K)->24045K(24256K) Class: 4869K(5120K)->4869K(5120K)
[4614.529s][info][gc             ] GC(1365) Pause Young (Mixed) (G1 Evacuation Pause) 3658M->1330M(4096M) 135.865ms
[4614.529s][info][gc,cpu         ] GC(1365) User=0.81s Sys=0.00s Real=0.13s
. (rIR:aIR:PR = 8302:8327:8327) (tPR = 123106) [OK] 
  4614s: Performance info:
         Transaction,    Success,    Partial,     Failed,   Receipts, AvgBarcode, 
             Overall,     500947,          0,          0,     476091,      59.47, 
         Response times:
             Request,    Success,    Partial,     Failed,   SkipFail,     Probes,    Samples,      min,      p50,      p90,      p95,      p99,      max, 
       TotalPurchase,     476193,          0,          0,          0,     349217,     422405,      200,     7600,   130000,   165000,   252000,   579000,
     InStorePurchase,     251619,          0,          0,          0,     183651,     222084,      200,     7600,   130000,   166000,   252000,   442000,
      OnlinePurchase,     174489,          0,          0,          0,     128356,     155444,      300,     7600,   129000,   164000,   253000,   579000,
        InstPurchase,      50085,          0,          0,          0,      37210,      44877,      400,     7800,   132000,   168000,   243000,   435000,
          AssocOfCat,        499,          0,          0,          0,        401,        556,    30000,    55000,   196300,   220150,   294150,   453000,
      AssocOfProduct,       4993,          0,          0,          0,       3432,       4326,      800,     6800,   127000,   165000,   251000,   435000,
      BusinessReport,       1246,          0,          0,          0,       1079,       1420,    29000,    54000,   203000,   228950,   357900,   562000,
          CustBuyBeh,       4987,          0,          0,          0,       3384,       4265,      200,     7300,   126000,   160000,   231340,   421000,
       ProductReturn,      13132,          0,          0,          0,       8915,      11095,      200,     6500,   126400,   158000,   240040,   355000,

  4614s: (61%)   IR =   8441 .[4616.678s][info][gc,start       ] GC(1366) Pause Young (Concurrent Start) (G1 Evacuation Pause)
[4616.678s][info][gc,task        ] GC(1366) Using 6 workers of 6 for evacuation
[4616.797s][info][gc,phases      ] GC(1366)   Pre Evacuate Collection Set: 0.37ms
[4616.797s][info][gc,phases      ] GC(1366)   Merge Heap Roots: 0.53ms
[4616.797s][info][gc,phases      ] GC(1366)   Evacuate Collection Set: 117.13ms
[4616.797s][info][gc,phases      ] GC(1366)   Post Evacuate Collection Set: 0.86ms
[4616.797s][info][gc,phases      ] GC(1366)   Other: 0.12ms
[4616.797s][info][gc,heap        ] GC(1366) Eden regions: 1118->0(1118)
[4616.797s][info][gc,heap        ] GC(1366) Survivor regions: 110->110(154)
[4616.797s][info][gc,heap        ] GC(1366) Old regions: 476->509
[4616.797s][info][gc,heap        ] GC(1366) Humongous regions: 80->80
[4616.797s][info][gc,metaspace   ] GC(1366) Metaspace: 28920K(29376K)->28920K(29376K) NonClass: 24051K(24256K)->24051K(24256K) Class: 4869K(5120K)->4869K(5120K)
[4616.797s][info][gc             ] GC(1366) Pause Young (Concurrent Start) (G1 Evacuation Pause) 3566M->1395M(4096M) 119.144ms
[4616.797s][info][gc             ] GC(1367) Concurrent Mark Cycle
[4616.797s][info][gc,marking     ] GC(1367) Concurrent Scan Root Regions
[4616.797s][info][gc,cpu         ] GC(1366) User=0.71s Sys=0.00s Real=0.12s
.[4616.941s][info][gc,marking     ] GC(1367) Concurrent Scan Root Regions 144.151ms
[4616.942s][info][gc,marking     ] GC(1367) Concurrent Mark
[4616.942s][info][gc,marking     ] GC(1367) Concurrent Mark From Roots
[4616.942s][info][gc,task        ] GC(1367) Using 2 workers of 2 for marking
[4617.740s][info][gc,marking     ] GC(1367) Concurrent Mark From Roots 798.747ms
[4617.740s][info][gc,marking     ] GC(1367) Concurrent Preclean
[4617.740s][info][gc,marking     ] GC(1367) Concurrent Preclean 0.106ms
[4617.743s][info][gc,start       ] GC(1367) Pause Remark
[4617.749s][info][gc             ] GC(1367) Pause Remark 2151M->2151M(4096M) 6.112ms
[4617.749s][info][gc,cpu         ] GC(1367) User=0.03s Sys=0.00s Real=0.00s
[4617.749s][info][gc,marking     ] GC(1367) Concurrent Mark 807.305ms
[4617.749s][info][gc,marking     ] GC(1367) Concurrent Rebuild Remembered Sets and Scrub Regions
.[4618.057s][info][gc,marking     ] GC(1367) Concurrent Rebuild Remembered Sets and Scrub Regions 308.336ms
[4618.058s][info][gc,start       ] GC(1367) Pause Cleanup
[4618.058s][info][gc             ] GC(1367) Pause Cleanup 2521M->2521M(4096M) 0.123ms
[4618.058s][info][gc,cpu         ] GC(1367) User=0.00s Sys=0.00s Real=0.00s
[4618.058s][info][gc,marking     ] GC(1367) Concurrent Clear Claimed Marks
[4618.058s][info][gc,marking     ] GC(1367) Concurrent Clear Claimed Marks 0.024ms
[4618.058s][info][gc,marking     ] GC(1367) Concurrent Cleanup for Next Mark
[4618.067s][info][gc,marking     ] GC(1367) Concurrent Cleanup for Next Mark 8.872ms
[4618.067s][info][gc             ] GC(1367) Concurrent Mark Cycle 1269.648ms
.[4618.972s][info][gc,start       ] GC(1368) Pause Young (Prepare Mixed) (G1 Evacuation Pause)
[4618.972s][info][gc,task        ] GC(1368) Using 6 workers of 6 for evacuation
[4619.093s][info][gc,phases      ] GC(1368)   Pre Evacuate Collection Set: 0.32ms
[4619.093s][info][gc,phases      ] GC(1368)   Merge Heap Roots: 0.56ms
[4619.093s][info][gc,phases      ] GC(1368)   Evacuate Collection Set: 118.90ms
[4619.093s][info][gc,phases      ] GC(1368)   Post Evacuate Collection Set: 0.91ms
[4619.093s][info][gc,phases      ] GC(1368)   Other: 0.08ms
[4619.093s][info][gc,heap        ] GC(1368) Eden regions: 1118->0(1101)
[4619.093s][info][gc,heap        ] GC(1368) Survivor regions: 110->112(154)
[4619.093s][info][gc,heap        ] GC(1368) Old regions: 509->540
[4619.093s][info][gc,heap        ] GC(1368) Humongous regions: 80->80
[4619.093s][info][gc,metaspace   ] GC(1368) Metaspace: 28920K(29376K)->28920K(29376K) NonClass: 24051K(24256K)->24051K(24256K) Class: 4869K(5120K)->4869K(5120K)
[4619.093s][info][gc             ] GC(1368) Pause Young (Prepare Mixed) (G1 Evacuation Pause) 3631M->1461M(4096M) 120.901ms
[4619.093s][info][gc,cpu         ] GC(1368) User=0.72s Sys=0.00s Real=0.12s
..[4621.172s][info][gc,start       ] GC(1369) Pause Young (Mixed) (G1 Evacuation Pause)
[4621.172s][info][gc,task        ] GC(1369) Using 6 workers of 6 for evacuation
[4621.306s][info][gc,phases      ] GC(1369)   Pre Evacuate Collection Set: 0.40ms
[4621.306s][info][gc,phases      ] GC(1369)   Merge Heap Roots: 0.70ms
[4621.306s][info][gc,phases      ] GC(1369)   Evacuate Collection Set: 131.49ms
[4621.306s][info][gc,phases      ] GC(1369)   Post Evacuate Collection Set: 0.93ms
[4621.306s][info][gc,phases      ] GC(1369)   Other: 0.09ms
[4621.306s][info][gc,heap        ] GC(1369) Eden regions: 1101->0(1118)
[4621.306s][info][gc,heap        ] GC(1369) Survivor regions: 112->110(152)
[4621.306s][info][gc,heap        ] GC(1369) Old regions: 540->476
[4621.306s][info][gc,heap        ] GC(1369) Humongous regions: 80->80
[4621.306s][info][gc,metaspace   ] GC(1369) Metaspace: 28920K(29376K)->28920K(29376K) NonClass: 24051K(24256K)->24051K(24256K) Class: 4869K(5120K)->4869K(5120K)
[4621.306s][info][gc             ] GC(1369) Pause Young (Mixed) (G1 Evacuation Pause) 3663M->1330M(4096M) 133.739ms
[4621.306s][info][gc,cpu         ] GC(1369) User=0.80s Sys=0.00s Real=0.13s
..[4623.430s][info][gc,start       ] GC(1370) Pause Young (Concurrent Start) (G1 Evacuation Pause)
[4623.430s][info][gc,task        ] GC(1370) Using 6 workers of 6 for evacuation
[4623.549s][info][gc,phases      ] GC(1370)   Pre Evacuate Collection Set: 0.40ms
[4623.549s][info][gc,phases      ] GC(1370)   Merge Heap Roots: 0.50ms
[4623.549s][info][gc,phases      ] GC(1370)   Evacuate Collection Set: 116.55ms
[4623.549s][info][gc,phases      ] GC(1370)   Post Evacuate Collection Set: 0.86ms
[4623.549s][info][gc,phases      ] GC(1370)   Other: 0.12ms
[4623.549s][info][gc,heap        ] GC(1370) Eden regions: 1118->0(1118)
[4623.549s][info][gc,heap        ] GC(1370) Survivor regions: 110->110(154)
[4623.549s][info][gc,heap        ] GC(1370) Old regions: 476->509
[4623.549s][info][gc,heap        ] GC(1370) Humongous regions: 80->80
[4623.549s][info][gc,metaspace   ] GC(1370) Metaspace: 28920K(29376K)->28920K(29376K) NonClass: 24051K(24256K)->24051K(24256K) Class: 4869K(5120K)->4869K(5120K)
[4623.549s][info][gc             ] GC(1370) Pause Young (Concurrent Start) (G1 Evacuation Pause) 3566M->1395M(4096M) 118.583ms
[4623.549s][info][gc             ] GC(1371) Concurrent Mark Cycle
[4623.549s][info][gc,marking     ] GC(1371) Concurrent Scan Root Regions
[4623.549s][info][gc,cpu         ] GC(1370) User=0.70s Sys=0.00s Real=0.11s
[4623.726s][info][gc,marking     ] GC(1371) Concurrent Scan Root Regions 177.144ms
[4623.726s][info][gc,marking     ] GC(1371) Concurrent Mark
[4623.726s][info][gc,marking     ] GC(1371) Concurrent Mark From Roots
[4623.726s][info][gc,task        ] GC(1371) Using 2 workers of 2 for marking
.[4624.764s][info][gc,marking     ] GC(1371) Concurrent Mark From Roots 1037.880ms
[4624.764s][info][gc,marking     ] GC(1371) Concurrent Preclean
[4624.764s][info][gc,marking     ] GC(1371) Concurrent Preclean 0.083ms
[4624.767s][info][gc,start       ] GC(1371) Pause Remark
[4624.773s][info][gc             ] GC(1371) Pause Remark 2489M->2489M(4096M) 5.562ms
[4624.773s][info][gc,cpu         ] GC(1371) User=0.03s Sys=0.00s Real=0.01s
[4624.773s][info][gc,marking     ] GC(1371) Concurrent Mark 1046.881ms
[4624.773s][info][gc,marking     ] GC(1371) Concurrent Rebuild Remembered Sets and Scrub Regions
.[4625.126s][info][gc,marking     ] GC(1371) Concurrent Rebuild Remembered Sets and Scrub Regions 353.014ms
[4625.126s][info][gc,start       ] GC(1371) Pause Cleanup
[4625.126s][info][gc             ] GC(1371) Pause Cleanup 2880M->2880M(4096M) 0.121ms
[4625.126s][info][gc,cpu         ] GC(1371) User=0.00s Sys=0.00s Real=0.00s
[4625.126s][info][gc,marking     ] GC(1371) Concurrent Clear Claimed Marks
[4625.126s][info][gc,marking     ] GC(1371) Concurrent Clear Claimed Marks 0.031ms
[4625.126s][info][gc,marking     ] GC(1371) Concurrent Cleanup for Next Mark
[4625.131s][info][gc,marking     ] GC(1371) Concurrent Cleanup for Next Mark 4.634ms
[4625.131s][info][gc             ] GC(1371) Concurrent Mark Cycle 1582.241ms
[4625.801s][info][gc,start       ] GC(1372) Pause Young (Prepare Mixed) (G1 Evacuation Pause)
[4625.801s][info][gc,task        ] GC(1372) Using 6 workers of 6 for evacuation
[4625.924s][info][gc,phases      ] GC(1372)   Pre Evacuate Collection Set: 0.33ms
[4625.924s][info][gc,phases      ] GC(1372)   Merge Heap Roots: 0.55ms
[4625.924s][info][gc,phases      ] GC(1372)   Evacuate Collection Set: 120.99ms
[4625.924s][info][gc,phases      ] GC(1372)   Post Evacuate Collection Set: 0.89ms
[4625.924s][info][gc,phases      ] GC(1372)   Other: 0.09ms
[4625.924s][info][gc,heap        ] GC(1372) Eden regions: 1118->0(1097)
[4625.924s][info][gc,heap        ] GC(1372) Survivor regions: 110->114(154)
[4625.924s][info][gc,heap        ] GC(1372) Old regions: 509->540
[4625.924s][info][gc,heap        ] GC(1372) Humongous regions: 80->80
[4625.924s][info][gc,metaspace   ] GC(1372) Metaspace: 28920K(29376K)->28920K(29376K) NonClass: 24051K(24256K)->24051K(24256K) Class: 4869K(5120K)->4869K(5120K)
[4625.924s][info][gc             ] GC(1372) Pause Young (Prepare Mixed) (G1 Evacuation Pause) 3631M->1467M(4096M) 122.985ms
[4625.924s][info][gc,cpu         ] GC(1372) User=0.73s Sys=0.00s Real=0.12s
..[4627.923s][info][gc,start       ] GC(1373) Pause Young (Mixed) (G1 Evacuation Pause)
[4627.923s][info][gc,task        ] GC(1373) Using 6 workers of 6 for evacuation
[4628.057s][info][gc,phases      ] GC(1373)   Pre Evacuate Collection Set: 0.37ms
[4628.057s][info][gc,phases      ] GC(1373)   Merge Heap Roots: 0.71ms
[4628.057s][info][gc,phases      ] GC(1373)   Evacuate Collection Set: 131.79ms
[4628.057s][info][gc,phases      ] GC(1373)   Post Evacuate Collection Set: 0.94ms
[4628.057s][info][gc,phases      ] GC(1373)   Other: 0.08ms
[4628.057s][info][gc,heap        ] GC(1373) Eden regions: 1097->0(1120)
[4628.057s][info][gc,heap        ] GC(1373) Survivor regions: 114->108(152)
[4628.057s][info][gc,heap        ] GC(1373) Old regions: 540->476
[4628.057s][info][gc,heap        ] GC(1373) Humongous regions: 80->80
[4628.057s][info][gc,metaspace   ] GC(1373) Metaspace: 28920K(29376K)->28920K(29376K) NonClass: 24051K(24256K)->24051K(24256K) Class: 4869K(5120K)->4869K(5120K)
[4628.057s][info][gc             ] GC(1373) Pause Young (Mixed) (G1 Evacuation Pause) 3661M->1327M(4096M) 134.037ms
[4628.057s][info][gc,cpu         ] GC(1373) User=0.80s Sys=0.00s Real=0.13s
...[4630.179s][info][gc,start       ] GC(1374) Pause Young (Concurrent Start) (G1 Evacuation Pause)
[4630.179s][info][gc,task        ] GC(1374) Using 6 workers of 6 for evacuation
[4630.294s][info][gc,phases      ] GC(1374)   Pre Evacuate Collection Set: 0.36ms
[4630.294s][info][gc,phases      ] GC(1374)   Merge Heap Roots: 0.48ms
[4630.294s][info][gc,phases      ] GC(1374)   Evacuate Collection Set: 113.16ms
[4630.294s][info][gc,phases      ] GC(1374)   Post Evacuate Collection Set: 0.86ms
[4630.294s][info][gc,phases      ] GC(1374)   Other: 0.10ms
[4630.294s][info][gc,heap        ] GC(1374) Eden regions: 1120->0(1120)
[4630.294s][info][gc,heap        ] GC(1374) Survivor regions: 108->108(154)
[4630.294s][info][gc,heap        ] GC(1374) Old regions: 476->508
[4630.294s][info][gc,heap        ] GC(1374) Humongous regions: 80->80
[4630.294s][info][gc,metaspace   ] GC(1374) Metaspace: 28920K(29376K)->28920K(29376K) NonClass: 24051K(24256K)->24051K(24256K) Class: 4869K(5120K)->4869K(5120K)
[4630.294s][info][gc             ] GC(1374) Pause Young (Concurrent Start) (G1 Evacuation Pause) 3567M->1390M(4096M) 115.092ms
[4630.294s][info][gc             ] GC(1375) Concurrent Mark Cycle
[4630.294s][info][gc,marking     ] GC(1375) Concurrent Scan Root Regions
[4630.294s][info][gc,cpu         ] GC(1374) User=0.69s Sys=0.00s Real=0.12s
[4630.469s][info][gc,marking     ] GC(1375) Concurrent Scan Root Regions 174.671ms
[4630.469s][info][gc,marking     ] GC(1375) Concurrent Mark
[4630.469s][info][gc,marking     ] GC(1375) Concurrent Mark From Roots
[4630.469s][info][gc,task        ] GC(1375) Using 2 workers of 2 for marking
.[4631.446s][info][gc,marking     ] GC(1375) Concurrent Mark From Roots 977.349ms
[4631.446s][info][gc,marking     ] GC(1375) Concurrent Preclean
[4631.446s][info][gc,marking     ] GC(1375) Concurrent Preclean 0.088ms
[4631.447s][info][gc,start       ] GC(1375) Pause Remark
[4631.455s][info][gc             ] GC(1375) Pause Remark 2514M->2514M(4096M) 7.754ms
[4631.455s][info][gc,cpu         ] GC(1375) User=0.04s Sys=0.00s Real=0.01s
[4631.456s][info][gc,marking     ] GC(1375) Concurrent Mark 987.074ms
[4631.456s][info][gc,marking     ] GC(1375) Concurrent Rebuild Remembered Sets and Scrub Regions
[4632.032s][info][gc,marking     ] GC(1375) Concurrent Rebuild Remembered Sets and Scrub Regions 575.729ms
[4632.033s][info][gc,start       ] GC(1375) Pause Cleanup
[4632.033s][info][gc             ] GC(1375) Pause Cleanup 3150M->3150M(4096M) 0.131ms
[4632.033s][info][gc,cpu         ] GC(1375) User=0.00s Sys=0.00s Real=0.00s
[4632.033s][info][gc,marking     ] GC(1375) Concurrent Clear Claimed Marks
[4632.033s][info][gc,marking     ] GC(1375) Concurrent Clear Claimed Marks 0.032ms
[4632.033s][info][gc,marking     ] GC(1375) Concurrent Cleanup for Next Mark
[4632.049s][info][gc,marking     ] GC(1375) Concurrent Cleanup for Next Mark 15.820ms
[4632.049s][info][gc             ] GC(1375) Concurrent Mark Cycle 1754.737ms
.[4632.437s][info][gc,start       ] GC(1376) Pause Young (Prepare Mixed) (G1 Evacuation Pause)
[4632.437s][info][gc,task        ] GC(1376) Using 6 workers of 6 for evacuation
[4632.555s][info][gc,phases      ] GC(1376)   Pre Evacuate Collection Set: 0.35ms
[4632.555s][info][gc,phases      ] GC(1376)   Merge Heap Roots: 0.55ms
[4632.555s][info][gc,phases      ] GC(1376)   Evacuate Collection Set: 115.97ms
[4632.555s][info][gc,phases      ] GC(1376)   Post Evacuate Collection Set: 0.95ms
[4632.555s][info][gc,phases      ] GC(1376)   Other: 0.08ms
[4632.555s][info][gc,heap        ] GC(1376) Eden regions: 1120->0(1103)
[4632.555s][info][gc,heap        ] GC(1376) Survivor regions: 108->111(154)
[4632.555s][info][gc,heap        ] GC(1376) Old regions: 508->540
[4632.555s][info][gc,heap        ] GC(1376) Humongous regions: 80->80
[4632.555s][info][gc,metaspace   ] GC(1376) Metaspace: 28920K(29376K)->28920K(29376K) NonClass: 24051K(24256K)->24051K(24256K) Class: 4869K(5120K)->4869K(5120K)
[4632.555s][info][gc             ] GC(1376) Pause Young (Prepare Mixed) (G1 Evacuation Pause) 3630M->1461M(4096M) 118.042ms
[4632.555s][info][gc,cpu         ] GC(1376) User=0.70s Sys=0.00s Real=0.12s
..[4634.568s][info][gc,start       ] GC(1377) Pause Young (Mixed) (G1 Evacuation Pause)
[4634.569s][info][gc,task        ] GC(1377) Using 6 workers of 6 for evacuation
[4634.713s][info][gc,phases      ] GC(1377)   Pre Evacuate Collection Set: 0.34ms
[4634.713s][info][gc,phases      ] GC(1377)   Merge Heap Roots: 0.94ms
[4634.713s][info][gc,phases      ] GC(1377)   Evacuate Collection Set: 142.21ms
[4634.713s][info][gc,phases      ] GC(1377)   Post Evacuate Collection Set: 0.92ms
[4634.713s][info][gc,phases      ] GC(1377)   Other: 0.10ms
[4634.713s][info][gc,heap        ] GC(1377) Eden regions: 1103->0(1111)
[4634.713s][info][gc,heap        ] GC(1377) Survivor regions: 111->117(152)
[4634.713s][info][gc,heap        ] GC(1377) Old regions: 540->477
[4634.713s][info][gc,heap        ] GC(1377) Humongous regions: 80->80
[4634.713s][info][gc,metaspace   ] GC(1377) Metaspace: 28920K(29376K)->28920K(29376K) NonClass: 24051K(24256K)->24051K(24256K) Class: 4869K(5120K)->4869K(5120K)
[4634.713s][info][gc             ] GC(1377) Pause Young (Mixed) (G1 Evacuation Pause) 3667M->1346M(4096M) 144.642ms
[4634.713s][info][gc,cpu         ] GC(1377) User=0.86s Sys=0.00s Real=0.15s
.|.[4636.764s][info][gc,start       ] GC(1378) Pause Young (Concurrent Start) (G1 Evacuation Pause)
[4636.764s][info][gc,task        ] GC(1378) Using 6 workers of 6 for evacuation
[4636.887s][info][gc,phases      ] GC(1378)   Pre Evacuate Collection Set: 0.35ms
[4636.887s][info][gc,phases      ] GC(1378)   Merge Heap Roots: 0.49ms
[4636.887s][info][gc,phases      ] GC(1378)   Evacuate Collection Set: 121.90ms
[4636.887s][info][gc,phases      ] GC(1378)   Post Evacuate Collection Set: 0.88ms
[4636.887s][info][gc,phases      ] GC(1378)   Other: 0.11ms
[4636.887s][info][gc,heap        ] GC(1378) Eden regions: 1111->0(1115)
[4636.887s][info][gc,heap        ] GC(1378) Survivor regions: 117->113(154)
[4636.887s][info][gc,heap        ] GC(1378) Old regions: 477->510
[4636.887s][info][gc,heap        ] GC(1378) Humongous regions: 80->80
[4636.887s][info][gc,metaspace   ] GC(1378) Metaspace: 28920K(29376K)->28920K(29376K) NonClass: 24051K(24256K)->24051K(24256K) Class: 4869K(5120K)->4869K(5120K)
[4636.887s][info][gc             ] GC(1378) Pause Young (Concurrent Start) (G1 Evacuation Pause) 3568M->1404M(4096M) 123.875ms
[4636.887s][info][gc             ] GC(1379) Concurrent Mark Cycle
[4636.887s][info][gc,marking     ] GC(1379) Concurrent Scan Root Regions
[4636.887s][info][gc,cpu         ] GC(1378) User=0.73s Sys=0.00s Real=0.12s
[4637.074s][info][gc,marking     ] GC(1379) Concurrent Scan Root Regions 186.655ms
[4637.074s][info][gc,marking     ] GC(1379) Concurrent Mark
[4637.074s][info][gc,marking     ] GC(1379) Concurrent Mark From Roots
[4637.074s][info][gc,task        ] GC(1379) Using 2 workers of 2 for marking
.[4638.088s][info][gc,marking     ] GC(1379) Concurrent Mark From Roots 1014.296ms
[4638.089s][info][gc,marking     ] GC(1379) Concurrent Preclean
[4638.089s][info][gc,marking     ] GC(1379) Concurrent Preclean 0.089ms
[4638.090s][info][gc,start       ] GC(1379) Pause Remark
[4638.098s][info][gc             ] GC(1379) Pause Remark 2552M->2552M(4096M) 8.187ms
[4638.099s][info][gc,cpu         ] GC(1379) User=0.04s Sys=0.00s Real=0.00s
[4638.099s][info][gc,marking     ] GC(1379) Concurrent Mark 1024.424ms
[4638.099s][info][gc,marking     ] GC(1379) Concurrent Rebuild Remembered Sets and Scrub Regions
.[4638.411s][info][gc,marking     ] GC(1379) Concurrent Rebuild Remembered Sets and Scrub Regions 312.596ms
[4638.413s][info][gc,start       ] GC(1379) Pause Cleanup
[4638.413s][info][gc             ] GC(1379) Pause Cleanup 2906M->2906M(4096M) 0.137ms
[4638.413s][info][gc,cpu         ] GC(1379) User=0.00s Sys=0.00s Real=0.00s
[4638.413s][info][gc,marking     ] GC(1379) Concurrent Clear Claimed Marks
[4638.414s][info][gc,marking     ] GC(1379) Concurrent Clear Claimed Marks 0.033ms
[4638.414s][info][gc,marking     ] GC(1379) Concurrent Cleanup for Next Mark
[4638.453s][info][gc,marking     ] GC(1379) Concurrent Cleanup for Next Mark 39.117ms
[4638.453s][info][gc             ] GC(1379) Concurrent Mark Cycle 1565.292ms
[4638.970s][info][gc,start       ] GC(1380) Pause Young (Prepare Mixed) (G1 Evacuation Pause)
[4638.970s][info][gc,task        ] GC(1380) Using 6 workers of 6 for evacuation
[4639.089s][info][gc,phases      ] GC(1380)   Pre Evacuate Collection Set: 0.35ms
[4639.089s][info][gc,phases      ] GC(1380)   Merge Heap Roots: 0.66ms
[4639.089s][info][gc,phases      ] GC(1380)   Evacuate Collection Set: 116.74ms
[4639.089s][info][gc,phases      ] GC(1380)   Post Evacuate Collection Set: 0.91ms
[4639.089s][info][gc,phases      ] GC(1380)   Other: 0.09ms
[4639.089s][info][gc,heap        ] GC(1380) Eden regions: 1115->0(1105)
[4639.089s][info][gc,heap        ] GC(1380) Survivor regions: 113->109(154)
[4639.089s][info][gc,heap        ] GC(1380) Old regions: 510->542
[4639.089s][info][gc,heap        ] GC(1380) Humongous regions: 80->80
[4639.089s][info][gc,metaspace   ] GC(1380) Metaspace: 28920K(29376K)->28920K(29376K) NonClass: 24051K(24256K)->24051K(24256K) Class: 4869K(5120K)->4869K(5120K)
[4639.089s][info][gc             ] GC(1380) Pause Young (Prepare Mixed) (G1 Evacuation Pause) 3634M->1460M(4096M) 118.870ms
[4639.089s][info][gc,cpu         ] GC(1380) User=0.71s Sys=0.00s Real=0.11s
..[4641.202s][info][gc,start       ] GC(1381) Pause Young (Mixed) (G1 Evacuation Pause)
[4641.202s][info][gc,task        ] GC(1381) Using 6 workers of 6 for evacuation
[4641.336s][info][gc,phases      ] GC(1381)   Pre Evacuate Collection Set: 0.40ms
[4641.336s][info][gc,phases      ] GC(1381)   Merge Heap Roots: 0.72ms
[4641.336s][info][gc,phases      ] GC(1381)   Evacuate Collection Set: 132.34ms
[4641.336s][info][gc,phases      ] GC(1381)   Post Evacuate Collection Set: 0.98ms
[4641.336s][info][gc,phases      ] GC(1381)   Other: 0.09ms
[4641.336s][info][gc,heap        ] GC(1381) Eden regions: 1105->0(1118)
[4641.336s][info][gc,heap        ] GC(1381) Survivor regions: 109->110(152)
[4641.336s][info][gc,heap        ] GC(1381) Old regions: 542->476
[4641.337s][info][gc,heap        ] GC(1381) Humongous regions: 80->80
[4641.337s][info][gc,metaspace   ] GC(1381) Metaspace: 28920K(29376K)->28920K(29376K) NonClass: 24051K(24256K)->24051K(24256K) Class: 4869K(5120K)->4869K(5120K)
[4641.337s][info][gc             ] GC(1381) Pause Young (Mixed) (G1 Evacuation Pause) 3670M->1331M(4096M) 134.661ms
[4641.337s][info][gc,cpu         ] GC(1381) User=0.80s Sys=0.00s Real=0.13s
...[4643.382s][info][gc,start       ] GC(1382) Pause Young (Concurrent Start) (G1 Evacuation Pause)
[4643.382s][info][gc,task        ] GC(1382) Using 6 workers of 6 for evacuation
[4643.505s][info][gc,phases      ] GC(1382)   Pre Evacuate Collection Set: 0.34ms
[4643.505s][info][gc,phases      ] GC(1382)   Merge Heap Roots: 0.50ms
[4643.505s][info][gc,phases      ] GC(1382)   Evacuate Collection Set: 121.67ms
[4643.505s][info][gc,phases      ] GC(1382)   Post Evacuate Collection Set: 0.85ms
[4643.505s][info][gc,phases      ] GC(1382)   Other: 0.10ms
[4643.505s][info][gc,heap        ] GC(1382) Eden regions: 1118->0(1113)
[4643.505s][info][gc,heap        ] GC(1382) Survivor regions: 110->115(154)
[4643.505s][info][gc,heap        ] GC(1382) Old regions: 476->507
[4643.505s][info][gc,heap        ] GC(1382) Humongous regions: 80->80
[4643.505s][info][gc,metaspace   ] GC(1382) Metaspace: 28920K(29376K)->28920K(29376K) NonClass: 24051K(24256K)->24051K(24256K) Class: 4869K(5120K)->4869K(5120K)
[4643.505s][info][gc             ] GC(1382) Pause Young (Concurrent Start) (G1 Evacuation Pause) 3567M->1402M(4096M) 123.590ms
[4643.505s][info][gc             ] GC(1383) Concurrent Mark Cycle
[4643.505s][info][gc,marking     ] GC(1383) Concurrent Scan Root Regions
[4643.505s][info][gc,cpu         ] GC(1382) User=0.74s Sys=0.00s Real=0.12s
[4643.651s][info][gc,marking     ] GC(1383) Concurrent Scan Root Regions 146.204ms
[4643.651s][info][gc,marking     ] GC(1383) Concurrent Mark
[4643.651s][info][gc,marking     ] GC(1383) Concurrent Mark From Roots
[4643.651s][info][gc,task        ] GC(1383) Using 2 workers of 2 for marking
.[4644.461s][info][gc,marking     ] GC(1383) Concurrent Mark From Roots 809.139ms
[4644.461s][info][gc,marking     ] GC(1383) Concurrent Preclean
[4644.461s][info][gc,marking     ] GC(1383) Concurrent Preclean 0.086ms
[4644.461s][info][gc,start       ] GC(1383) Pause Remark
[4644.466s][info][gc             ] GC(1383) Pause Remark 2277M->2277M(4096M) 4.946ms
[4644.466s][info][gc,cpu         ] GC(1383) User=0.03s Sys=0.00s Real=0.00s
[4644.467s][info][gc,marking     ] GC(1383) Concurrent Mark 815.013ms
[4644.467s][info][gc,marking     ] GC(1383) Concurrent Rebuild Remembered Sets and Scrub Regions
[4644.838s][info][gc,marking     ] GC(1383) Concurrent Rebuild Remembered Sets and Scrub Regions 371.684ms
[4644.839s][info][gc,start       ] GC(1383) Pause Cleanup
[4644.839s][info][gc             ] GC(1383) Pause Cleanup 2616M->2616M(4096M) 0.124ms
[4644.839s][info][gc,cpu         ] GC(1383) User=0.00s Sys=0.00s Real=0.00s
[4644.840s][info][gc,marking     ] GC(1383) Concurrent Clear Claimed Marks
[4644.840s][info][gc,marking     ] GC(1383) Concurrent Clear Claimed Marks 0.035ms
[4644.840s][info][gc,marking     ] GC(1383) Concurrent Cleanup for Next Mark
[4644.847s][info][gc,marking     ] GC(1383) Concurrent Cleanup for Next Mark 6.663ms
[4644.847s][info][gc             ] GC(1383) Concurrent Mark Cycle 1341.553ms
.[4645.607s][info][gc,start       ] GC(1384) Pause Young (Prepare Mixed) (G1 Evacuation Pause)
[4645.607s][info][gc,task        ] GC(1384) Using 6 workers of 6 for evacuation
[4645.728s][info][gc,phases      ] GC(1384)   Pre Evacuate Collection Set: 0.33ms
[4645.728s][info][gc,phases      ] GC(1384)   Merge Heap Roots: 0.56ms
[4645.728s][info][gc,phases      ] GC(1384)   Evacuate Collection Set: 118.77ms
[4645.728s][info][gc,phases      ] GC(1384)   Post Evacuate Collection Set: 0.92ms
[4645.728s][info][gc,phases      ] GC(1384)   Other: 0.09ms
[4645.728s][info][gc,heap        ] GC(1384) Eden regions: 1113->0(1100)
[4645.728s][info][gc,heap        ] GC(1384) Survivor regions: 115->113(154)
[4645.728s][info][gc,heap        ] GC(1384) Old regions: 507->539
[4645.728s][info][gc,heap        ] GC(1384) Humongous regions: 80->80
[4645.728s][info][gc,metaspace   ] GC(1384) Metaspace: 28920K(29376K)->28920K(29376K) NonClass: 24051K(24256K)->24051K(24256K) Class: 4869K(5120K)->4869K(5120K)
[4645.728s][info][gc             ] GC(1384) Pause Young (Prepare Mixed) (G1 Evacuation Pause) 3628M->1463M(4096M) 120.789ms
[4645.728s][info][gc,cpu         ] GC(1384) User=0.72s Sys=0.00s Real=0.12s
..[4647.855s][info][gc,start       ] GC(1385) Pause Young (Mixed) (G1 Evacuation Pause)
[4647.855s][info][gc,task        ] GC(1385) Using 6 workers of 6 for evacuation
[4647.994s][info][gc,phases      ] GC(1385)   Pre Evacuate Collection Set: 0.36ms
[4647.994s][info][gc,phases      ] GC(1385)   Merge Heap Roots: 0.73ms
[4647.994s][info][gc,phases      ] GC(1385)   Evacuate Collection Set: 136.70ms
[4647.994s][info][gc,phases      ] GC(1385)   Post Evacuate Collection Set: 0.96ms
[4647.994s][info][gc,phases      ] GC(1385)   Other: 0.09ms
[4647.994s][info][gc,heap        ] GC(1385) Eden regions: 1100->0(1114)
[4647.994s][info][gc,heap        ] GC(1385) Survivor regions: 113->114(152)
[4647.994s][info][gc,heap        ] GC(1385) Old regions: 539->474
[4647.994s][info][gc,heap        ] GC(1385) Humongous regions: 80->80
[4647.994s][info][gc,metaspace   ] GC(1385) Metaspace: 28920K(29376K)->28920K(29376K) NonClass: 24051K(24256K)->24051K(24256K) Class: 4869K(5120K)->4869K(5120K)
[4647.994s][info][gc             ] GC(1385) Pause Young (Mixed) (G1 Evacuation Pause) 3663M->1335M(4096M) 139.005ms
[4647.994s][info][gc,cpu         ] GC(1385) User=0.83s Sys=0.00s Real=0.14s
..[4650.032s][info][gc,start       ] GC(1386) Pause Young (Concurrent Start) (G1 Evacuation Pause)
[4650.032s][info][gc,task        ] GC(1386) Using 6 workers of 6 for evacuation
[4650.149s][info][gc,phases      ] GC(1386)   Pre Evacuate Collection Set: 0.35ms
[4650.149s][info][gc,phases      ] GC(1386)   Merge Heap Roots: 0.50ms
[4650.149s][info][gc,phases      ] GC(1386)   Evacuate Collection Set: 114.29ms
[4650.149s][info][gc,phases      ] GC(1386)   Post Evacuate Collection Set: 0.90ms
[4650.149s][info][gc,phases      ] GC(1386)   Other: 0.11ms
[4650.149s][info][gc,heap        ] GC(1386) Eden regions: 1114->0(1121)
[4650.149s][info][gc,heap        ] GC(1386) Survivor regions: 114->107(154)
[4650.149s][info][gc,heap        ] GC(1386) Old regions: 474->507
[4650.149s][info][gc,heap        ] GC(1386) Humongous regions: 80->80
[4650.149s][info][gc,metaspace   ] GC(1386) Metaspace: 28920K(29376K)->28920K(29376K) NonClass: 24051K(24256K)->24051K(24256K) Class: 4869K(5120K)->4869K(5120K)
[4650.149s][info][gc             ] GC(1386) Pause Young (Concurrent Start) (G1 Evacuation Pause) 3563M->1385M(4096M) 116.282ms
[4650.149s][info][gc             ] GC(1387) Concurrent Mark Cycle
[4650.149s][info][gc,marking     ] GC(1387) Concurrent Scan Root Regions
[4650.149s][info][gc,cpu         ] GC(1386) User=0.69s Sys=0.00s Real=0.11s
[4650.324s][info][gc,marking     ] GC(1387) Concurrent Scan Root Regions 175.065ms
[4650.324s][info][gc,marking     ] GC(1387) Concurrent Mark
[4650.324s][info][gc,marking     ] GC(1387) Concurrent Mark From Roots
[4650.324s][info][gc,task        ] GC(1387) Using 2 workers of 2 for marking
.[4651.276s][info][gc,marking     ] GC(1387) Concurrent Mark From Roots 952.360ms
[4651.276s][info][gc,marking     ] GC(1387) Concurrent Preclean
[4651.276s][info][gc,marking     ] GC(1387) Concurrent Preclean 0.078ms
[4651.279s][info][gc,start       ] GC(1387) Pause Remark
[4651.287s][info][gc             ] GC(1387) Pause Remark 2481M->2481M(4096M) 7.706ms
[4651.287s][info][gc,cpu         ] GC(1387) User=0.05s Sys=0.00s Real=0.01s
[4651.287s][info][gc,marking     ] GC(1387) Concurrent Mark 962.974ms
[4651.287s][info][gc,marking     ] GC(1387) Concurrent Rebuild Remembered Sets and Scrub Regions
.[4651.739s][info][gc,marking     ] GC(1387) Concurrent Rebuild Remembered Sets and Scrub Regions 452.335ms
[4651.742s][info][gc,start       ] GC(1387) Pause Cleanup
[4651.742s][info][gc             ] GC(1387) Pause Cleanup 2893M->2893M(4096M) 0.136ms
[4651.742s][info][gc,cpu         ] GC(1387) User=0.00s Sys=0.00s Real=0.00s
[4651.742s][info][gc,marking     ] GC(1387) Concurrent Clear Claimed Marks
[4651.742s][info][gc,marking     ] GC(1387) Concurrent Clear Claimed Marks 0.031ms
[4651.742s][info][gc,marking     ] GC(1387) Concurrent Cleanup for Next Mark
[4651.748s][info][gc,marking     ] GC(1387) Concurrent Cleanup for Next Mark 5.405ms
[4651.748s][info][gc             ] GC(1387) Concurrent Mark Cycle 1599.251ms
[4652.292s][info][gc,start       ] GC(1388) Pause Young (Prepare Mixed) (G1 Evacuation Pause)
[4652.292s][info][gc,task        ] GC(1388) Using 6 workers of 6 for evacuation
[4652.413s][info][gc,phases      ] GC(1388)   Pre Evacuate Collection Set: 0.35ms
[4652.413s][info][gc,phases      ] GC(1388)   Merge Heap Roots: 0.60ms
[4652.413s][info][gc,phases      ] GC(1388)   Evacuate Collection Set: 118.81ms
[4652.413s][info][gc,phases      ] GC(1388)   Post Evacuate Collection Set: 0.91ms
[4652.413s][info][gc,phases      ] GC(1388)   Other: 0.09ms
[4652.413s][info][gc,heap        ] GC(1388) Eden regions: 1121->0(1100)
[4652.413s][info][gc,heap        ] GC(1388) Survivor regions: 107->113(154)
[4652.413s][info][gc,heap        ] GC(1388) Old regions: 507->539
[4652.413s][info][gc,heap        ] GC(1388) Humongous regions: 80->80
[4652.413s][info][gc,metaspace   ] GC(1388) Metaspace: 28920K(29376K)->28920K(29376K) NonClass: 24051K(24256K)->24051K(24256K) Class: 4869K(5120K)->4869K(5120K)
[4652.413s][info][gc             ] GC(1388) Pause Young (Prepare Mixed) (G1 Evacuation Pause) 3627M->1461M(4096M) 120.905ms
[4652.413s][info][gc,cpu         ] GC(1388) User=0.72s Sys=0.00s Real=0.12s
..[4654.514s][info][gc,start       ] GC(1389) Pause Young (Mixed) (G1 Evacuation Pause)
[4654.514s][info][gc,task        ] GC(1389) Using 6 workers of 6 for evacuation
[4654.659s][info][gc,phases      ] GC(1389)   Pre Evacuate Collection Set: 0.36ms
[4654.659s][info][gc,phases      ] GC(1389)   Merge Heap Roots: 0.79ms
[4654.659s][info][gc,phases      ] GC(1389)   Evacuate Collection Set: 142.25ms
[4654.659s][info][gc,phases      ] GC(1389)   Post Evacuate Collection Set: 0.97ms
[4654.659s][info][gc,phases      ] GC(1389)   Other: 0.83ms
[4654.659s][info][gc,heap        ] GC(1389) Eden regions: 1100->0(1111)
[4654.659s][info][gc,heap        ] GC(1389) Survivor regions: 113->117(152)
[4654.659s][info][gc,heap        ] GC(1389) Old regions: 539->476
[4654.659s][info][gc,heap        ] GC(1389) Humongous regions: 80->80
[4654.659s][info][gc,metaspace   ] GC(1389) Metaspace: 28920K(29376K)->28920K(29376K) NonClass: 24051K(24256K)->24051K(24256K) Class: 4869K(5120K)->4869K(5120K)
[4654.659s][info][gc             ] GC(1389) Pause Young (Mixed) (G1 Evacuation Pause) 3661M->1343M(4096M) 145.341ms
[4654.659s][info][gc,cpu         ] GC(1389) User=0.86s Sys=0.00s Real=0.14s
...[4656.717s][info][gc,start       ] GC(1390) Pause Young (Concurrent Start) (G1 Evacuation Pause)
[4656.717s][info][gc,task        ] GC(1390) Using 6 workers of 6 for evacuation
[4656.840s][info][gc,phases      ] GC(1390)   Pre Evacuate Collection Set: 0.34ms
[4656.840s][info][gc,phases      ] GC(1390)   Merge Heap Roots: 0.55ms
[4656.840s][info][gc,phases      ] GC(1390)   Evacuate Collection Set: 120.38ms
[4656.840s][info][gc,phases      ] GC(1390)   Post Evacuate Collection Set: 0.87ms
[4656.840s][info][gc,phases      ] GC(1390)   Other: 0.09ms
[4656.840s][info][gc,heap        ] GC(1390) Eden regions: 1111->0(1116)
[4656.840s][info][gc,heap        ] GC(1390) Survivor regions: 117->112(154)
[4656.840s][info][gc,heap        ] GC(1390) Old regions: 476->508
[4656.840s][info][gc,heap        ] GC(1390) Humongous regions: 80->80
[4656.840s][info][gc,metaspace   ] GC(1390) Metaspace: 28920K(29376K)->28920K(29376K) NonClass: 24051K(24256K)->24051K(24256K) Class: 4869K(5120K)->4869K(5120K)
[4656.840s][info][gc             ] GC(1390) Pause Young (Concurrent Start) (G1 Evacuation Pause) 3565M->1399M(4096M) 122.359ms
[4656.840s][info][gc             ] GC(1391) Concurrent Mark Cycle
[4656.840s][info][gc,marking     ] GC(1391) Concurrent Scan Root Regions
[4656.840s][info][gc,cpu         ] GC(1390) User=0.73s Sys=0.00s Real=0.13s
[4656.983s][info][gc,marking     ] GC(1391) Concurrent Scan Root Regions 142.810ms
[4656.983s][info][gc,marking     ] GC(1391) Concurrent Mark
[4656.983s][info][gc,marking     ] GC(1391) Concurrent Mark From Roots
[4656.983s][info][gc,task        ] GC(1391) Using 2 workers of 2 for marking
.[4658.006s][info][gc,marking     ] GC(1391) Concurrent Mark From Roots 1023.490ms
[4658.006s][info][gc,marking     ] GC(1391) Concurrent Preclean
[4658.006s][info][gc,marking     ] GC(1391) Concurrent Preclean 0.108ms
[4658.006s][info][gc,start       ] GC(1391) Pause Remark
[4658.012s][info][gc             ] GC(1391) Pause Remark 2468M->2468M(4096M) 5.928ms
[4658.012s][info][gc,cpu         ] GC(1391) User=0.04s Sys=0.00s Real=0.01s
[4658.012s][info][gc,marking     ] GC(1391) Concurrent Mark 1029.862ms
[4658.012s][info][gc,marking     ] GC(1391) Concurrent Rebuild Remembered Sets and Scrub Regions
[4658.371s][info][gc,marking     ] GC(1391) Concurrent Rebuild Remembered Sets and Scrub Regions 358.490ms
[4658.371s][info][gc,start       ] GC(1391) Pause Cleanup
[4658.371s][info][gc             ] GC(1391) Pause Cleanup 2845M->2845M(4096M) 0.114ms
[4658.371s][info][gc,cpu         ] GC(1391) User=0.00s Sys=0.00s Real=0.00s
[4658.371s][info][gc,marking     ] GC(1391) Concurrent Clear Claimed Marks
[4658.371s][info][gc,marking     ] GC(1391) Concurrent Clear Claimed Marks 0.043ms
[4658.371s][info][gc,marking     ] GC(1391) Concurrent Cleanup for Next Mark
[4658.376s][info][gc,marking     ] GC(1391) Concurrent Cleanup for Next Mark 5.127ms
[4658.377s][info][gc             ] GC(1391) Concurrent Mark Cycle 1536.829ms
.[4658.960s][info][gc,start       ] GC(1392) Pause Young (Prepare Mixed) (G1 Evacuation Pause)
[4658.960s][info][gc,task        ] GC(1392) Using 6 workers of 6 for evacuation
[4659.078s][info][gc,phases      ] GC(1392)   Pre Evacuate Collection Set: 0.34ms
[4659.078s][info][gc,phases      ] GC(1392)   Merge Heap Roots: 0.59ms
[4659.078s][info][gc,phases      ] GC(1392)   Evacuate Collection Set: 115.76ms
[4659.078s][info][gc,phases      ] GC(1392)   Post Evacuate Collection Set: 0.93ms
[4659.078s][info][gc,phases      ] GC(1392)   Other: 0.09ms
[4659.078s][info][gc,heap        ] GC(1392) Eden regions: 1116->0(1105)
[4659.078s][info][gc,heap        ] GC(1392) Survivor regions: 112->110(154)
[4659.078s][info][gc,heap        ] GC(1392) Old regions: 508->540
[4659.078s][info][gc,heap        ] GC(1392) Humongous regions: 80->80
[4659.078s][info][gc,metaspace   ] GC(1392) Metaspace: 28920K(29376K)->28920K(29376K) NonClass: 24051K(24256K)->24051K(24256K) Class: 4869K(5120K)->4869K(5120K)
[4659.078s][info][gc             ] GC(1392) Pause Young (Prepare Mixed) (G1 Evacuation Pause) 3631M->1459M(4096M) 117.831ms
[4659.078s][info][gc,cpu         ] GC(1392) User=0.70s Sys=0.00s Real=0.11s
..[4661.119s][info][gc,start       ] GC(1393) Pause Young (Mixed) (G1 Evacuation Pause)
[4661.119s][info][gc,task        ] GC(1393) Using 6 workers of 6 for evacuation
[4661.250s][info][gc,phases      ] GC(1393)   Pre Evacuate Collection Set: 0.35ms
[4661.250s][info][gc,phases      ] GC(1393)   Merge Heap Roots: 0.72ms
[4661.250s][info][gc,phases      ] GC(1393)   Evacuate Collection Set: 129.34ms
[4661.250s][info][gc,phases      ] GC(1393)   Post Evacuate Collection Set: 0.95ms
[4661.250s][info][gc,phases      ] GC(1393)   Other: 0.09ms
[4661.250s][info][gc,heap        ] GC(1393) Eden regions: 1105->0(1120)
[4661.250s][info][gc,heap        ] GC(1393) Survivor regions: 110->108(152)
[4661.250s][info][gc,heap        ] GC(1393) Old regions: 540->477
[4661.250s][info][gc,heap        ] GC(1393) Humongous regions: 80->80
[4661.250s][info][gc,metaspace   ] GC(1393) Metaspace: 28920K(29376K)->28920K(29376K) NonClass: 24051K(24256K)->24051K(24256K) Class: 4869K(5120K)->4869K(5120K)
[4661.250s][info][gc             ] GC(1393) Pause Young (Mixed) (G1 Evacuation Pause) 3669M->1329M(4096M) 131.582ms
[4661.250s][info][gc,cpu         ] GC(1393) User=0.78s Sys=0.00s Real=0.14s
..[4663.413s][info][gc,start       ] GC(1394) Pause Young (Concurrent Start) (G1 Evacuation Pause)
[4663.414s][info][gc,task        ] GC(1394) Using 6 workers of 6 for evacuation
[4663.532s][info][gc,phases      ] GC(1394)   Pre Evacuate Collection Set: 0.41ms
[4663.532s][info][gc,phases      ] GC(1394)   Merge Heap Roots: 0.54ms
[4663.532s][info][gc,phases      ] GC(1394)   Evacuate Collection Set: 116.69ms
[4663.532s][info][gc,phases      ] GC(1394)   Post Evacuate Collection Set: 0.89ms
[4663.532s][info][gc,phases      ] GC(1394)   Other: 0.12ms
[4663.532s][info][gc,heap        ] GC(1394) Eden regions: 1120->0(1117)
[4663.532s][info][gc,heap        ] GC(1394) Survivor regions: 108->111(154)
[4663.532s][info][gc,heap        ] GC(1394) Old regions: 477->509
[4663.532s][info][gc,heap        ] GC(1394) Humongous regions: 80->80
[4663.532s][info][gc,metaspace   ] GC(1394) Metaspace: 28920K(29376K)->28920K(29376K) NonClass: 24051K(24256K)->24051K(24256K) Class: 4869K(5120K)->4869K(5120K)
[4663.532s][info][gc             ] GC(1394) Pause Young (Concurrent Start) (G1 Evacuation Pause) 3569M->1398M(4096M) 118.793ms
[4663.532s][info][gc             ] GC(1395) Concurrent Mark Cycle
[4663.532s][info][gc,marking     ] GC(1395) Concurrent Scan Root Regions
[4663.532s][info][gc,cpu         ] GC(1394) User=0.71s Sys=0.00s Real=0.12s
[4663.744s][info][gc,marking     ] GC(1395) Concurrent Scan Root Regions 211.275ms
[4663.744s][info][gc,marking     ] GC(1395) Concurrent Mark
[4663.744s][info][gc,marking     ] GC(1395) Concurrent Mark From Roots
[4663.744s][info][gc,task        ] GC(1395) Using 2 workers of 2 for marking
.[4664.821s][info][gc,marking     ] GC(1395) Concurrent Mark From Roots 1077.586ms
[4664.821s][info][gc,marking     ] GC(1395) Concurrent Preclean
[4664.821s][info][gc,marking     ] GC(1395) Concurrent Preclean 0.094ms
[4664.825s][info][gc,start       ] GC(1395) Pause Remark
[4664.833s][info][gc             ] GC(1395) Pause Remark 2676M->2676M(4096M) 7.344ms
[4664.833s][info][gc,cpu         ] GC(1395) User=0.04s Sys=0.00s Real=0.01s
[4664.834s][info][gc,marking     ] GC(1395) Concurrent Mark 1090.037ms
[4664.834s][info][gc,marking     ] GC(1395) Concurrent Rebuild Remembered Sets and Scrub Regions
.[4665.121s][info][gc,marking     ] GC(1395) Concurrent Rebuild Remembered Sets and Scrub Regions 287.717ms
[4665.122s][info][gc,start       ] GC(1395) Pause Cleanup
[4665.123s][info][gc             ] GC(1395) Pause Cleanup 2964M->2964M(4096M) 0.131ms
[4665.123s][info][gc,cpu         ] GC(1395) User=0.00s Sys=0.00s Real=0.00s
[4665.123s][info][gc,marking     ] GC(1395) Concurrent Clear Claimed Marks
[4665.123s][info][gc,marking     ] GC(1395) Concurrent Clear Claimed Marks 0.028ms
[4665.123s][info][gc,marking     ] GC(1395) Concurrent Cleanup for Next Mark
[4665.144s][info][gc,marking     ] GC(1395) Concurrent Cleanup for Next Mark 21.101ms
[4665.144s][info][gc             ] GC(1395) Concurrent Mark Cycle 1611.575ms
[4665.623s][info][gc,start       ] GC(1396) Pause Young (Prepare Mixed) (G1 Evacuation Pause)
[4665.623s][info][gc,task        ] GC(1396) Using 6 workers of 6 for evacuation
[4665.749s][info][gc,phases      ] GC(1396)   Pre Evacuate Collection Set: 0.33ms
[4665.749s][info][gc,phases      ] GC(1396)   Merge Heap Roots: 0.56ms
[4665.749s][info][gc,phases      ] GC(1396)   Evacuate Collection Set: 124.23ms
[4665.749s][info][gc,phases      ] GC(1396)   Post Evacuate Collection Set: 0.91ms
[4665.749s][info][gc,phases      ] GC(1396)   Other: 0.10ms
[4665.749s][info][gc,heap        ] GC(1396) Eden regions: 1117->0(1090)
[4665.749s][info][gc,heap        ] GC(1396) Survivor regions: 111->118(154)
[4665.749s][info][gc,heap        ] GC(1396) Old regions: 509->539
[4665.749s][info][gc,heap        ] GC(1396) Humongous regions: 80->80
[4665.749s][info][gc,metaspace   ] GC(1396) Metaspace: 28920K(29376K)->28920K(29376K) NonClass: 24051K(24256K)->24051K(24256K) Class: 4869K(5120K)->4869K(5120K)
[4665.749s][info][gc             ] GC(1396) Pause Young (Prepare Mixed) (G1 Evacuation Pause) 3632M->1473M(4096M) 126.261ms
[4665.749s][info][gc,cpu         ] GC(1396) User=0.75s Sys=0.00s Real=0.13s
..[4667.707s][info][gc,start       ] GC(1397) Pause Young (Mixed) (G1 Evacuation Pause)
[4667.707s][info][gc,task        ] GC(1397) Using 6 workers of 6 for evacuation
[4667.845s][info][gc,phases      ] GC(1397)   Pre Evacuate Collection Set: 0.37ms
[4667.845s][info][gc,phases      ] GC(1397)   Merge Heap Roots: 0.78ms
[4667.845s][info][gc,phases      ] GC(1397)   Evacuate Collection Set: 135.85ms
[4667.845s][info][gc,phases      ] GC(1397)   Post Evacuate Collection Set: 0.93ms
[4667.845s][info][gc,phases      ] GC(1397)   Other: 0.08ms
[4667.845s][info][gc,heap        ] GC(1397) Eden regions: 1090->0(1116)
[4667.845s][info][gc,heap        ] GC(1397) Survivor regions: 118->112(151)
[4667.845s][info][gc,heap        ] GC(1397) Old regions: 539->473
[4667.845s][info][gc,heap        ] GC(1397) Humongous regions: 80->80
[4667.845s][info][gc,metaspace   ] GC(1397) Metaspace: 28920K(29376K)->28920K(29376K) NonClass: 24051K(24256K)->24051K(24256K) Class: 4869K(5120K)->4869K(5120K)
[4667.845s][info][gc             ] GC(1397) Pause Young (Mixed) (G1 Evacuation Pause) 3653M->1328M(4096M) 138.155ms
[4667.845s][info][gc,cpu         ] GC(1397) User=0.82s Sys=0.00s Real=0.14s
..[4670.013s][info][gc,start       ] GC(1398) Pause Young (Concurrent Start) (G1 Evacuation Pause)
[4670.013s][info][gc,task        ] GC(1398) Using 6 workers of 6 for evacuation
[4670.133s][info][gc,phases      ] GC(1398)   Pre Evacuate Collection Set: 0.37ms
[4670.133s][info][gc,phases      ] GC(1398)   Merge Heap Roots: 0.51ms
[4670.133s][info][gc,phases      ] GC(1398)   Evacuate Collection Set: 117.87ms
[4670.133s][info][gc,phases      ] GC(1398)   Post Evacuate Collection Set: 0.88ms
[4670.133s][info][gc,phases      ] GC(1398)   Other: 0.12ms
[4670.133s][info][gc,heap        ] GC(1398) Eden regions: 1116->0(1118)
[4670.133s][info][gc,heap        ] GC(1398) Survivor regions: 112->110(154)
[4670.133s][info][gc,heap        ] GC(1398) Old regions: 473->505
[4670.133s][info][gc,heap        ] GC(1398) Humongous regions: 80->80
[4670.133s][info][gc,metaspace   ] GC(1398) Metaspace: 28920K(29376K)->28920K(29376K) NonClass: 24051K(24256K)->24051K(24256K) Class: 4869K(5120K)->4869K(5120K)
[4670.133s][info][gc             ] GC(1398) Pause Young (Concurrent Start) (G1 Evacuation Pause) 3560M->1388M(4096M) 119.912ms
[4670.133s][info][gc             ] GC(1399) Concurrent Mark Cycle
[4670.133s][info][gc,marking     ] GC(1399) Concurrent Scan Root Regions
[4670.133s][info][gc,cpu         ] GC(1398) User=0.71s Sys=0.01s Real=0.12s
.[4670.318s][info][gc,marking     ] GC(1399) Concurrent Scan Root Regions 184.741ms
[4670.318s][info][gc,marking     ] GC(1399) Concurrent Mark
[4670.318s][info][gc,marking     ] GC(1399) Concurrent Mark From Roots
[4670.318s][info][gc,task        ] GC(1399) Using 2 workers of 2 for marking
.[4671.353s][info][gc,marking     ] GC(1399) Concurrent Mark From Roots 1035.641ms
[4671.354s][info][gc,marking     ] GC(1399) Concurrent Preclean
[4671.354s][info][gc,marking     ] GC(1399) Concurrent Preclean 0.096ms
[4671.355s][info][gc,start       ] GC(1399) Pause Remark
[4671.360s][info][gc             ] GC(1399) Pause Remark 2564M->2564M(4096M) 5.676ms
[4671.361s][info][gc,cpu         ] GC(1399) User=0.03s Sys=0.00s Real=0.01s
[4671.361s][info][gc,marking     ] GC(1399) Concurrent Mark 1043.366ms
[4671.361s][info][gc,marking     ] GC(1399) Concurrent Rebuild Remembered Sets and Scrub Regions
[4671.793s][info][gc,marking     ] GC(1399) Concurrent Rebuild Remembered Sets and Scrub Regions 431.927ms
[4671.798s][info][gc,start       ] GC(1399) Pause Cleanup
[4671.798s][info][gc             ] GC(1399) Pause Cleanup 3006M->3006M(4096M) 0.133ms
[4671.798s][info][gc,cpu         ] GC(1399) User=0.00s Sys=0.00s Real=0.00s
[4671.798s][info][gc,marking     ] GC(1399) Concurrent Clear Claimed Marks
[4671.798s][info][gc,marking     ] GC(1399) Concurrent Clear Claimed Marks 0.035ms
[4671.798s][info][gc,marking     ] GC(1399) Concurrent Cleanup for Next Mark
[4671.803s][info][gc,marking     ] GC(1399) Concurrent Cleanup for Next Mark 4.935ms
[4671.803s][info][gc             ] GC(1399) Concurrent Mark Cycle 1669.816ms
.[4672.236s][info][gc,start       ] GC(1400) Pause Young (Prepare Mixed) (G1 Evacuation Pause)
[4672.236s][info][gc,task        ] GC(1400) Using 6 workers of 6 for evacuation
[4672.354s][info][gc,phases      ] GC(1400)   Pre Evacuate Collection Set: 0.35ms
[4672.354s][info][gc,phases      ] GC(1400)   Merge Heap Roots: 0.63ms
[4672.354s][info][gc,phases      ] GC(1400)   Evacuate Collection Set: 115.95ms
[4672.354s][info][gc,phases      ] GC(1400)   Post Evacuate Collection Set: 0.92ms
[4672.354s][info][gc,phases      ] GC(1400)   Other: 0.09ms
[4672.354s][info][gc,heap        ] GC(1400) Eden regions: 1118->0(1110)
[4672.354s][info][gc,heap        ] GC(1400) Survivor regions: 110->109(154)
[4672.354s][info][gc,heap        ] GC(1400) Old regions: 505->537
[4672.354s][info][gc,heap        ] GC(1400) Humongous regions: 80->80
[4672.354s][info][gc,metaspace   ] GC(1400) Metaspace: 28920K(29376K)->28920K(29376K) NonClass: 24051K(24256K)->24051K(24256K) Class: 4869K(5120K)->4869K(5120K)
[4672.354s][info][gc             ] GC(1400) Pause Young (Prepare Mixed) (G1 Evacuation Pause) 3624M->1450M(4096M) 118.070ms
[4672.354s][info][gc,cpu         ] GC(1400) User=0.70s Sys=0.00s Real=0.12s
..[4674.412s][info][gc,start       ] GC(1401) Pause Young (Mixed) (G1 Evacuation Pause)
[4674.412s][info][gc,task        ] GC(1401) Using 6 workers of 6 for evacuation
[4674.550s][info][gc,phases      ] GC(1401)   Pre Evacuate Collection Set: 0.38ms
[4674.550s][info][gc,phases      ] GC(1401)   Merge Heap Roots: 0.67ms
[4674.550s][info][gc,phases      ] GC(1401)   Evacuate Collection Set: 135.89ms
[4674.550s][info][gc,phases      ] GC(1401)   Post Evacuate Collection Set: 0.93ms
[4674.550s][info][gc,phases      ] GC(1401)   Other: 0.09ms
[4674.550s][info][gc,heap        ] GC(1401) Eden regions: 1110->0(1113)
[4674.550s][info][gc,heap        ] GC(1401) Survivor regions: 109->115(153)
[4674.550s][info][gc,heap        ] GC(1401) Old regions: 537->476
[4674.550s][info][gc,heap        ] GC(1401) Humongous regions: 80->80
[4674.550s][info][gc,metaspace   ] GC(1401) Metaspace: 28920K(29376K)->28920K(29376K) NonClass: 24051K(24256K)->24051K(24256K) Class: 4869K(5120K)->4869K(5120K)
[4674.550s][info][gc             ] GC(1401) Pause Young (Mixed) (G1 Evacuation Pause) 3670M->1340M(4096M) 138.107ms
[4674.550s][info][gc,cpu         ] GC(1401) User=0.82s Sys=0.00s Real=0.14s
..[4676.624s][info][gc,start       ] GC(1402) Pause Young (Concurrent Start) (G1 Evacuation Pause)
[4676.624s][info][gc,task        ] GC(1402) Using 6 workers of 6 for evacuation
[4676.748s][info][gc,phases      ] GC(1402)   Pre Evacuate Collection Set: 0.38ms
[4676.748s][info][gc,phases      ] GC(1402)   Merge Heap Roots: 0.49ms
[4676.748s][info][gc,phases      ] GC(1402)   Evacuate Collection Set: 123.03ms
[4676.748s][info][gc,phases      ] GC(1402)   Post Evacuate Collection Set: 0.87ms
[4676.749s][info][gc,phases      ] GC(1402)   Other: 0.11ms
[4676.749s][info][gc,heap        ] GC(1402) Eden regions: 1113->0(1114)
[4676.749s][info][gc,heap        ] GC(1402) Survivor regions: 115->114(154)
[4676.749s][info][gc,heap        ] GC(1402) Old regions: 476->509
[4676.749s][info][gc,heap        ] GC(1402) Humongous regions: 80->80
[4676.749s][info][gc,metaspace   ] GC(1402) Metaspace: 28920K(29376K)->28920K(29376K) NonClass: 24051K(24256K)->24051K(24256K) Class: 4869K(5120K)->4869K(5120K)
[4676.749s][info][gc             ] GC(1402) Pause Young (Concurrent Start) (G1 Evacuation Pause) 3566M->1405M(4096M) 125.022ms
[4676.749s][info][gc             ] GC(1403) Concurrent Mark Cycle
[4676.749s][info][gc,marking     ] GC(1403) Concurrent Scan Root Regions
[4676.749s][info][gc,cpu         ] GC(1402) User=0.75s Sys=0.00s Real=0.12s
[4676.956s][info][gc,marking     ] GC(1403) Concurrent Scan Root Regions 207.584ms
[4676.956s][info][gc,marking     ] GC(1403) Concurrent Mark
[4676.956s][info][gc,marking     ] GC(1403) Concurrent Mark From Roots
[4676.956s][info][gc,task        ] GC(1403) Using 2 workers of 2 for marking
.[4677.957s][info][gc,marking     ] GC(1403) Concurrent Mark From Roots 1000.540ms
[4677.957s][info][gc,marking     ] GC(1403) Concurrent Preclean
[4677.957s][info][gc,marking     ] GC(1403) Concurrent Preclean 0.083ms
[4677.958s][info][gc,start       ] GC(1403) Pause Remark
[4677.966s][info][gc             ] GC(1403) Pause Remark 2536M->2536M(4096M) 8.105ms
[4677.966s][info][gc,cpu         ] GC(1403) User=0.05s Sys=0.00s Real=0.01s
[4677.966s][info][gc,marking     ] GC(1403) Concurrent Mark 1009.774ms
[4677.966s][info][gc,marking     ] GC(1403) Concurrent Rebuild Remembered Sets and Scrub Regions
.[4678.348s][info][gc,marking     ] GC(1403) Concurrent Rebuild Remembered Sets and Scrub Regions 382.394ms
[4678.349s][info][gc,start       ] GC(1403) Pause Cleanup
[4678.350s][info][gc             ] GC(1403) Pause Cleanup 2974M->2974M(4096M) 0.119ms
[4678.350s][info][gc,cpu         ] GC(1403) User=0.00s Sys=0.00s Real=0.00s
[4678.350s][info][gc,marking     ] GC(1403) Concurrent Clear Claimed Marks
[4678.350s][info][gc,marking     ] GC(1403) Concurrent Clear Claimed Marks 0.027ms
[4678.350s][info][gc,marking     ] GC(1403) Concurrent Cleanup for Next Mark
[4678.355s][info][gc,marking     ] GC(1403) Concurrent Cleanup for Next Mark 5.547ms
[4678.355s][info][gc             ] GC(1403) Concurrent Mark Cycle 1606.732ms
[4678.914s][info][gc,start       ] GC(1404) Pause Young (Prepare Mixed) (G1 Evacuation Pause)
[4678.914s][info][gc,task        ] GC(1404) Using 6 workers of 6 for evacuation
[4679.041s][info][gc,phases      ] GC(1404)   Pre Evacuate Collection Set: 0.32ms
[4679.041s][info][gc,phases      ] GC(1404)   Merge Heap Roots: 0.59ms
[4679.041s][info][gc,phases      ] GC(1404)   Evacuate Collection Set: 124.88ms
[4679.041s][info][gc,phases      ] GC(1404)   Post Evacuate Collection Set: 0.91ms
[4679.041s][info][gc,phases      ] GC(1404)   Other: 0.09ms
[4679.041s][info][gc,heap        ] GC(1404) Eden regions: 1114->0(1090)
[4679.041s][info][gc,heap        ] GC(1404) Survivor regions: 114->117(154)
[4679.041s][info][gc,heap        ] GC(1404) Old regions: 509->541
[4679.041s][info][gc,heap        ] GC(1404) Humongous regions: 80->80
[4679.041s][info][gc,metaspace   ] GC(1404) Metaspace: 28920K(29376K)->28920K(29376K) NonClass: 24051K(24256K)->24051K(24256K) Class: 4869K(5120K)->4869K(5120K)
[4679.041s][info][gc             ] GC(1404) Pause Young (Prepare Mixed) (G1 Evacuation Pause) 3633M->1474M(4096M) 126.919ms
[4679.041s][info][gc,cpu         ] GC(1404) User=0.75s Sys=0.00s Real=0.13s
..[4681.147s][info][gc,start       ] GC(1405) Pause Young (Mixed) (G1 Evacuation Pause)
[4681.147s][info][gc,task        ] GC(1405) Using 6 workers of 6 for evacuation
[4681.284s][info][gc,phases      ] GC(1405)   Pre Evacuate Collection Set: 0.36ms
[4681.284s][info][gc,phases      ] GC(1405)   Merge Heap Roots: 0.81ms
[4681.284s][info][gc,phases      ] GC(1405)   Evacuate Collection Set: 134.62ms
[4681.284s][info][gc,phases      ] GC(1405)   Post Evacuate Collection Set: 0.92ms
[4681.284s][info][gc,phases      ] GC(1405)   Other: 0.08ms
[4681.284s][info][gc,heap        ] GC(1405) Eden regions: 1090->0(1116)
[4681.284s][info][gc,heap        ] GC(1405) Survivor regions: 117->112(151)
[4681.284s][info][gc,heap        ] GC(1405) Old regions: 541->476
[4681.284s][info][gc,heap        ] GC(1405) Humongous regions: 80->80
[4681.284s][info][gc,metaspace   ] GC(1405) Metaspace: 28920K(29376K)->28920K(29376K) NonClass: 24051K(24256K)->24051K(24256K) Class: 4869K(5120K)->4869K(5120K)
[4681.284s][info][gc             ] GC(1405) Pause Young (Mixed) (G1 Evacuation Pause) 3654M->1334M(4096M) 136.949ms
[4681.284s][info][gc,cpu         ] GC(1405) User=0.81s Sys=0.00s Real=0.14s
...[4683.350s][info][gc,start       ] GC(1406) Pause Young (Concurrent Start) (G1 Evacuation Pause)
[4683.350s][info][gc,task        ] GC(1406) Using 6 workers of 6 for evacuation
[4683.473s][info][gc,phases      ] GC(1406)   Pre Evacuate Collection Set: 0.39ms
[4683.473s][info][gc,phases      ] GC(1406)   Merge Heap Roots: 0.55ms
[4683.473s][info][gc,phases      ] GC(1406)   Evacuate Collection Set: 121.26ms
[4683.473s][info][gc,phases      ] GC(1406)   Post Evacuate Collection Set: 0.89ms
[4683.473s][info][gc,phases      ] GC(1406)   Other: 0.13ms
[4683.473s][info][gc,heap        ] GC(1406) Eden regions: 1116->0(1115)
[4683.473s][info][gc,heap        ] GC(1406) Survivor regions: 112->113(154)
[4683.473s][info][gc,heap        ] GC(1406) Old regions: 476->509
[4683.473s][info][gc,heap        ] GC(1406) Humongous regions: 80->80
[4683.473s][info][gc,metaspace   ] GC(1406) Metaspace: 28920K(29376K)->28920K(29376K) NonClass: 24051K(24256K)->24051K(24256K) Class: 4869K(5120K)->4869K(5120K)
[4683.473s][info][gc             ] GC(1406) Pause Young (Concurrent Start) (G1 Evacuation Pause) 3566M->1401M(4096M) 123.353ms
[4683.473s][info][gc             ] GC(1407) Concurrent Mark Cycle
[4683.473s][info][gc,marking     ] GC(1407) Concurrent Scan Root Regions
[4683.473s][info][gc,cpu         ] GC(1406) User=0.73s Sys=0.00s Real=0.12s
[4683.661s][info][gc,marking     ] GC(1407) Concurrent Scan Root Regions 187.312ms
[4683.661s][info][gc,marking     ] GC(1407) Concurrent Mark
[4683.661s][info][gc,marking     ] GC(1407) Concurrent Mark From Roots
[4683.661s][info][gc,task        ] GC(1407) Using 2 workers of 2 for marking
.[4684.643s][info][gc,marking     ] GC(1407) Concurrent Mark From Roots 982.063ms
[4684.643s][info][gc,marking     ] GC(1407) Concurrent Preclean
[4684.643s][info][gc,marking     ] GC(1407) Concurrent Preclean 0.102ms
[4684.645s][info][gc,start       ] GC(1407) Pause Remark
[4684.650s][info][gc             ] GC(1407) Pause Remark 2544M->2544M(4096M) 5.694ms
[4684.650s][info][gc,cpu         ] GC(1407) User=0.03s Sys=0.00s Real=0.01s
[4684.650s][info][gc,marking     ] GC(1407) Concurrent Mark 989.613ms
[4684.650s][info][gc,marking     ] GC(1407) Concurrent Rebuild Remembered Sets and Scrub Regions
[4685.102s][info][gc,marking     ] GC(1407) Concurrent Rebuild Remembered Sets and Scrub Regions 451.323ms
[4685.102s][info][gc,start       ] GC(1407) Pause Cleanup
[4685.102s][info][gc             ] GC(1407) Pause Cleanup 2953M->2953M(4096M) 0.130ms
[4685.102s][info][gc,cpu         ] GC(1407) User=0.00s Sys=0.00s Real=0.00s
[4685.102s][info][gc,marking     ] GC(1407) Concurrent Clear Claimed Marks
[4685.102s][info][gc,marking     ] GC(1407) Concurrent Clear Claimed Marks 0.030ms
[4685.102s][info][gc,marking     ] GC(1407) Concurrent Cleanup for Next Mark
[4685.107s][info][gc,marking     ] GC(1407) Concurrent Cleanup for Next Mark 5.083ms
[4685.107s][info][gc             ] GC(1407) Concurrent Mark Cycle 1633.953ms
.[4685.656s][info][gc,start       ] GC(1408) Pause Young (Prepare Mixed) (G1 Evacuation Pause)
[4685.656s][info][gc,task        ] GC(1408) Using 6 workers of 6 for evacuation
[4685.782s][info][gc,phases      ] GC(1408)   Pre Evacuate Collection Set: 0.34ms
[4685.782s][info][gc,phases      ] GC(1408)   Merge Heap Roots: 0.62ms
[4685.782s][info][gc,phases      ] GC(1408)   Evacuate Collection Set: 124.24ms
[4685.782s][info][gc,phases      ] GC(1408)   Post Evacuate Collection Set: 0.91ms
[4685.782s][info][gc,phases      ] GC(1408)   Other: 0.09ms
[4685.782s][info][gc,heap        ] GC(1408) Eden regions: 1115->0(1094)
[4685.782s][info][gc,heap        ] GC(1408) Survivor regions: 113->115(154)
[4685.782s][info][gc,heap        ] GC(1408) Old regions: 509->541
[4685.782s][info][gc,heap        ] GC(1408) Humongous regions: 80->80
[4685.782s][info][gc,metaspace   ] GC(1408) Metaspace: 28920K(29376K)->28920K(29376K) NonClass: 24051K(24256K)->24051K(24256K) Class: 4869K(5120K)->4869K(5120K)
[4685.782s][info][gc             ] GC(1408) Pause Young (Prepare Mixed) (G1 Evacuation Pause) 3631M->1469M(4096M) 126.335ms
[4685.782s][info][gc,cpu         ] GC(1408) User=0.76s Sys=0.00s Real=0.13s
..[4687.852s][info][gc,start       ] GC(1409) Pause Young (Mixed) (G1 Evacuation Pause)
[4687.852s][info][gc,task        ] GC(1409) Using 6 workers of 6 for evacuation
[4687.996s][info][gc,phases      ] GC(1409)   Pre Evacuate Collection Set: 0.37ms
[4687.996s][info][gc,phases      ] GC(1409)   Merge Heap Roots: 0.88ms
[4687.996s][info][gc,phases      ] GC(1409)   Evacuate Collection Set: 140.79ms
[4687.996s][info][gc,phases      ] GC(1409)   Post Evacuate Collection Set: 0.95ms
[4687.996s][info][gc,phases      ] GC(1409)   Other: 0.09ms
[4687.996s][info][gc,heap        ] GC(1409) Eden regions: 1094->0(1113)
[4687.996s][info][gc,heap        ] GC(1409) Survivor regions: 115->115(152)
[4687.996s][info][gc,heap        ] GC(1409) Old regions: 541->477
[4687.996s][info][gc,heap        ] GC(1409) Humongous regions: 80->80
[4687.996s][info][gc,metaspace   ] GC(1409) Metaspace: 28920K(29376K)->28920K(29376K) NonClass: 24051K(24256K)->24051K(24256K) Class: 4869K(5120K)->4869K(5120K)
[4687.996s][info][gc             ] GC(1409) Pause Young (Mixed) (G1 Evacuation Pause) 3657M->1343M(4096M) 143.208ms
[4687.996s][info][gc,cpu         ] GC(1409) User=0.85s Sys=0.00s Real=0.14s
..[4690.118s][info][gc,start       ] GC(1410) Pause Young (Concurrent Start) (G1 Evacuation Pause)
[4690.118s][info][gc,task        ] GC(1410) Using 6 workers of 6 for evacuation
[4690.236s][info][gc,phases      ] GC(1410)   Pre Evacuate Collection Set: 0.35ms
[4690.236s][info][gc,phases      ] GC(1410)   Merge Heap Roots: 0.49ms
[4690.236s][info][gc,phases      ] GC(1410)   Evacuate Collection Set: 115.64ms
[4690.236s][info][gc,phases      ] GC(1410)   Post Evacuate Collection Set: 0.88ms
[4690.236s][info][gc,phases      ] GC(1410)   Other: 0.09ms
[4690.236s][info][gc,heap        ] GC(1410) Eden regions: 1113->0(1119)
[4690.236s][info][gc,heap        ] GC(1410) Survivor regions: 115->109(154)
[4690.236s][info][gc,heap        ] GC(1410) Old regions: 477->509
[4690.236s][info][gc,heap        ] GC(1410) Humongous regions: 80->80
[4690.236s][info][gc,metaspace   ] GC(1410) Metaspace: 28920K(29376K)->28920K(29376K) NonClass: 24051K(24256K)->24051K(24256K) Class: 4869K(5120K)->4869K(5120K)
[4690.236s][info][gc             ] GC(1410) Pause Young (Concurrent Start) (G1 Evacuation Pause) 3569M->1395M(4096M) 117.597ms
[4690.236s][info][gc             ] GC(1411) Concurrent Mark Cycle
[4690.236s][info][gc,marking     ] GC(1411) Concurrent Scan Root Regions
[4690.236s][info][gc,cpu         ] GC(1410) User=0.70s Sys=0.00s Real=0.12s
.[4690.415s][info][gc,marking     ] GC(1411) Concurrent Scan Root Regions 178.868ms
[4690.415s][info][gc,marking     ] GC(1411) Concurrent Mark
[4690.415s][info][gc,marking     ] GC(1411) Concurrent Mark From Roots
[4690.415s][info][gc,task        ] GC(1411) Using 2 workers of 2 for marking
.[4691.449s][info][gc,marking     ] GC(1411) Concurrent Mark From Roots 1033.792ms
[4691.449s][info][gc,marking     ] GC(1411) Concurrent Preclean
[4691.449s][info][gc,marking     ] GC(1411) Concurrent Preclean 0.086ms
[4691.451s][info][gc,start       ] GC(1411) Pause Remark
[4691.456s][info][gc             ] GC(1411) Pause Remark 2527M->2527M(4096M) 4.845ms
[4691.456s][info][gc,cpu         ] GC(1411) User=0.02s Sys=0.00s Real=0.00s
[4691.457s][info][gc,marking     ] GC(1411) Concurrent Mark 1042.254ms
[4691.457s][info][gc,marking     ] GC(1411) Concurrent Rebuild Remembered Sets and Scrub Regions
[4691.874s][info][gc,marking     ] GC(1411) Concurrent Rebuild Remembered Sets and Scrub Regions 417.318ms
[4691.875s][info][gc,start       ] GC(1411) Pause Cleanup
[4691.875s][info][gc             ] GC(1411) Pause Cleanup 2940M->2940M(4096M) 0.118ms
[4691.875s][info][gc,cpu         ] GC(1411) User=0.00s Sys=0.00s Real=0.00s
[4691.875s][info][gc,marking     ] GC(1411) Concurrent Clear Claimed Marks
[4691.875s][info][gc,marking     ] GC(1411) Concurrent Clear Claimed Marks 0.034ms
[4691.875s][info][gc,marking     ] GC(1411) Concurrent Cleanup for Next Mark
[4691.882s][info][gc,marking     ] GC(1411) Concurrent Cleanup for Next Mark 6.866ms
[4691.882s][info][gc             ] GC(1411) Concurrent Mark Cycle 1645.920ms
.[4692.385s][info][gc,start       ] GC(1412) Pause Young (Prepare Mixed) (G1 Evacuation Pause)
[4692.385s][info][gc,task        ] GC(1412) Using 6 workers of 6 for evacuation
[4692.506s][info][gc,phases      ] GC(1412)   Pre Evacuate Collection Set: 0.34ms
[4692.506s][info][gc,phases      ] GC(1412)   Merge Heap Roots: 0.55ms
[4692.506s][info][gc,phases      ] GC(1412)   Evacuate Collection Set: 118.37ms
[4692.506s][info][gc,phases      ] GC(1412)   Post Evacuate Collection Set: 0.87ms
[4692.506s][info][gc,phases      ] GC(1412)   Other: 0.09ms
[4692.506s][info][gc,heap        ] GC(1412) Eden regions: 1119->0(1098)
[4692.506s][info][gc,heap        ] GC(1412) Survivor regions: 109->113(154)
[4692.506s][info][gc,heap        ] GC(1412) Old regions: 509->541
[4692.506s][info][gc,heap        ] GC(1412) Humongous regions: 80->80
[4692.506s][info][gc,metaspace   ] GC(1412) Metaspace: 28920K(29376K)->28920K(29376K) NonClass: 24051K(24256K)->24051K(24256K) Class: 4869K(5120K)->4869K(5120K)
[4692.506s][info][gc             ] GC(1412) Pause Young (Prepare Mixed) (G1 Evacuation Pause) 3633M->1466M(4096M) 120.353ms
[4692.506s][info][gc,cpu         ] GC(1412) User=0.72s Sys=0.00s Real=0.12s
..[4694.508s][info][gc,start       ] GC(1413) Pause Young (Mixed) (G1 Evacuation Pause)
[4694.508s][info][gc,task        ] GC(1413) Using 6 workers of 6 for evacuation
[4694.640s][info][gc,phases      ] GC(1413)   Pre Evacuate Collection Set: 0.37ms
[4694.641s][info][gc,phases      ] GC(1413)   Merge Heap Roots: 0.64ms
[4694.641s][info][gc,phases      ] GC(1413)   Evacuate Collection Set: 130.68ms
[4694.641s][info][gc,phases      ] GC(1413)   Post Evacuate Collection Set: 0.94ms
[4694.641s][info][gc,phases      ] GC(1413)   Other: 0.08ms
[4694.641s][info][gc,heap        ] GC(1413) Eden regions: 1098->0(1118)
[4694.641s][info][gc,heap        ] GC(1413) Survivor regions: 113->110(152)
[4694.641s][info][gc,heap        ] GC(1413) Old regions: 541->476
[4694.641s][info][gc,heap        ] GC(1413) Humongous regions: 80->80
[4694.641s][info][gc,metaspace   ] GC(1413) Metaspace: 28920K(29376K)->28920K(29376K) NonClass: 24051K(24256K)->24051K(24256K) Class: 4869K(5120K)->4869K(5120K)
[4694.641s][info][gc             ] GC(1413) Pause Young (Mixed) (G1 Evacuation Pause) 3662M->1331M(4096M) 132.855ms
[4694.641s][info][gc,cpu         ] GC(1413) User=0.79s Sys=0.00s Real=0.14s
. (rIR:aIR:PR = 8441:8469:8471) (tPR = 126254) [OK] 
  4695s: Performance info:
         Transaction,    Success,    Partial,     Failed,   Receipts, AvgBarcode, 
             Overall,     510083,          0,          0,     484374,      59.47, 
         Response times:
             Request,    Success,    Partial,     Failed,   SkipFail,     Probes,    Samples,      min,      p50,      p90,      p95,      p99,      max, 
       TotalPurchase,     483958,          0,          0,          0,     341948,     485532,      300,     8800,   158000,   215000,   299000,   770000,
     InStorePurchase,     254772,          0,          0,          0,     178797,     254517,      300,     8900,   158000,   217000,   299000,   770000,
      OnlinePurchase,     178706,          0,          0,          0,     126495,     179846,      300,     8800,   158000,   213000,   297000,   578000,
        InstPurchase,      50480,          0,          0,          0,      36656,      51169,      300,     8500,   157000,   212000,   298000,   546000,
          AssocOfCat,        505,          0,          0,          0,        412,        668,    26000,    58000,   221100,   260650,   388000,   508000,
      AssocOfProduct,       5126,          0,          0,          0,       3466,       5148,      700,     7400,   144000,   205000,   276510,   487000,
      BusinessReport,       1265,          0,          0,          0,       1129,       1708,    27000,    56000,   209100,   266000,   352820,   531000,
          CustBuyBeh,       5100,          0,          0,          0,       3525,       5145,      200,     7800,   151400,   212000,   281000,   534000,
       ProductReturn,      13700,          0,          0,          0,       9156,      13040,      100,     7100,   146000,   198000,   283000,   546000,

  4695s: (62%)   IR =   8579 .[4696.785s][info][gc,start       ] GC(1414) Pause Young (Concurrent Start) (G1 Evacuation Pause)
[4696.785s][info][gc,task        ] GC(1414) Using 6 workers of 6 for evacuation
[4696.905s][info][gc,phases      ] GC(1414)   Pre Evacuate Collection Set: 0.39ms
[4696.905s][info][gc,phases      ] GC(1414)   Merge Heap Roots: 0.53ms
[4696.905s][info][gc,phases      ] GC(1414)   Evacuate Collection Set: 118.73ms
[4696.905s][info][gc,phases      ] GC(1414)   Post Evacuate Collection Set: 0.93ms
[4696.905s][info][gc,phases      ] GC(1414)   Other: 0.12ms
[4696.905s][info][gc,heap        ] GC(1414) Eden regions: 1118->0(1116)
[4696.905s][info][gc,heap        ] GC(1414) Survivor regions: 110->112(154)
[4696.905s][info][gc,heap        ] GC(1414) Old regions: 476->508
[4696.905s][info][gc,heap        ] GC(1414) Humongous regions: 80->80
[4696.905s][info][gc,metaspace   ] GC(1414) Metaspace: 28920K(29376K)->28920K(29376K) NonClass: 24051K(24256K)->24051K(24256K) Class: 4869K(5120K)->4869K(5120K)
[4696.905s][info][gc             ] GC(1414) Pause Young (Concurrent Start) (G1 Evacuation Pause) 3567M->1398M(4096M) 120.823ms
[4696.905s][info][gc             ] GC(1415) Concurrent Mark Cycle
[4696.905s][info][gc,marking     ] GC(1415) Concurrent Scan Root Regions
[4696.905s][info][gc,cpu         ] GC(1414) User=0.72s Sys=0.00s Real=0.12s
[4697.092s][info][gc,marking     ] GC(1415) Concurrent Scan Root Regions 186.451ms
[4697.092s][info][gc,marking     ] GC(1415) Concurrent Mark
[4697.092s][info][gc,marking     ] GC(1415) Concurrent Mark From Roots
[4697.092s][info][gc,task        ] GC(1415) Using 2 workers of 2 for marking
.[4698.107s][info][gc,marking     ] GC(1415) Concurrent Mark From Roots 1015.142ms
[4698.107s][info][gc,marking     ] GC(1415) Concurrent Preclean
[4698.107s][info][gc,marking     ] GC(1415) Concurrent Preclean 0.136ms
[4698.108s][info][gc,start       ] GC(1415) Pause Remark
[4698.111s][info][gc             ] GC(1415) Pause Remark 2547M->2547M(4096M) 3.084ms
[4698.111s][info][gc,cpu         ] GC(1415) User=0.01s Sys=0.00s Real=0.01s
[4698.111s][info][gc,marking     ] GC(1415) Concurrent Mark 1019.217ms
[4698.111s][info][gc,marking     ] GC(1415) Concurrent Rebuild Remembered Sets and Scrub Regions
[4698.397s][info][gc,marking     ] GC(1415) Concurrent Rebuild Remembered Sets and Scrub Regions 285.529ms
[4698.399s][info][gc,start       ] GC(1415) Pause Cleanup
[4698.399s][info][gc             ] GC(1415) Pause Cleanup 2816M->2816M(4096M) 0.131ms
[4698.399s][info][gc,cpu         ] GC(1415) User=0.00s Sys=0.00s Real=0.00s
[4698.399s][info][gc,marking     ] GC(1415) Concurrent Clear Claimed Marks
[4698.399s][info][gc,marking     ] GC(1415) Concurrent Clear Claimed Marks 0.037ms
[4698.399s][info][gc,marking     ] GC(1415) Concurrent Cleanup for Next Mark
[4698.407s][info][gc,marking     ] GC(1415) Concurrent Cleanup for Next Mark 7.867ms
[4698.407s][info][gc             ] GC(1415) Concurrent Mark Cycle 1501.521ms
.[4699.016s][info][gc,start       ] GC(1416) Pause Young (Prepare Mixed) (G1 Evacuation Pause)
[4699.016s][info][gc,task        ] GC(1416) Using 6 workers of 6 for evacuation
[4699.137s][info][gc,phases      ] GC(1416)   Pre Evacuate Collection Set: 0.35ms
[4699.138s][info][gc,phases      ] GC(1416)   Merge Heap Roots: 0.58ms
[4699.138s][info][gc,phases      ] GC(1416)   Evacuate Collection Set: 119.66ms
[4699.138s][info][gc,phases      ] GC(1416)   Post Evacuate Collection Set: 0.97ms
[4699.138s][info][gc,phases      ] GC(1416)   Other: 0.09ms
[4699.138s][info][gc,heap        ] GC(1416) Eden regions: 1116->0(1104)
[4699.138s][info][gc,heap        ] GC(1416) Survivor regions: 112->111(154)
[4699.138s][info][gc,heap        ] GC(1416) Old regions: 508->539
[4699.138s][info][gc,heap        ] GC(1416) Humongous regions: 80->80
[4699.138s][info][gc,metaspace   ] GC(1416) Metaspace: 28920K(29376K)->28920K(29376K) NonClass: 24051K(24256K)->24051K(24256K) Class: 4869K(5120K)->4869K(5120K)
[4699.138s][info][gc             ] GC(1416) Pause Young (Prepare Mixed) (G1 Evacuation Pause) 3630M->1459M(4096M) 121.773ms
[4699.138s][info][gc,cpu         ] GC(1416) User=0.72s Sys=0.00s Real=0.12s
..[4701.244s][info][gc,start       ] GC(1417) Pause Young (Mixed) (G1 Evacuation Pause)
[4701.244s][info][gc,task        ] GC(1417) Using 6 workers of 6 for evacuation
[4701.383s][info][gc,phases      ] GC(1417)   Pre Evacuate Collection Set: 0.34ms
[4701.383s][info][gc,phases      ] GC(1417)   Merge Heap Roots: 0.74ms
[4701.383s][info][gc,phases      ] GC(1417)   Evacuate Collection Set: 136.14ms
[4701.383s][info][gc,phases      ] GC(1417)   Post Evacuate Collection Set: 0.96ms
[4701.383s][info][gc,phases      ] GC(1417)   Other: 0.08ms
[4701.383s][info][gc,heap        ] GC(1417) Eden regions: 1104->0(1116)
[4701.383s][info][gc,heap        ] GC(1417) Survivor regions: 111->112(152)
[4701.383s][info][gc,heap        ] GC(1417) Old regions: 539->477
[4701.383s][info][gc,heap        ] GC(1417) Humongous regions: 80->80
[4701.383s][info][gc,metaspace   ] GC(1417) Metaspace: 28920K(29376K)->28920K(29376K) NonClass: 24051K(24256K)->24051K(24256K) Class: 4869K(5120K)->4869K(5120K)
[4701.383s][info][gc             ] GC(1417) Pause Young (Mixed) (G1 Evacuation Pause) 3667M->1335M(4096M) 138.406ms
[4701.383s][info][gc,cpu         ] GC(1417) User=0.83s Sys=0.00s Real=0.14s
..[4703.586s][info][gc,start       ] GC(1418) Pause Young (Concurrent Start) (G1 Evacuation Pause)
[4703.586s][info][gc,task        ] GC(1418) Using 6 workers of 6 for evacuation
[4703.705s][info][gc,phases      ] GC(1418)   Pre Evacuate Collection Set: 0.37ms
[4703.705s][info][gc,phases      ] GC(1418)   Merge Heap Roots: 0.48ms
[4703.705s][info][gc,phases      ] GC(1418)   Evacuate Collection Set: 117.38ms
[4703.705s][info][gc,phases      ] GC(1418)   Post Evacuate Collection Set: 0.86ms
[4703.705s][info][gc,phases      ] GC(1418)   Other: 0.12ms
[4703.705s][info][gc,heap        ] GC(1418) Eden regions: 1116->0(1117)
[4703.705s][info][gc,heap        ] GC(1418) Survivor regions: 112->111(154)
[4703.705s][info][gc,heap        ] GC(1418) Old regions: 477->507
[4703.705s][info][gc,heap        ] GC(1418) Humongous regions: 80->80
[4703.705s][info][gc,metaspace   ] GC(1418) Metaspace: 28920K(29376K)->28920K(29376K) NonClass: 24051K(24256K)->24051K(24256K) Class: 4869K(5120K)->4869K(5120K)
[4703.705s][info][gc             ] GC(1418) Pause Young (Concurrent Start) (G1 Evacuation Pause) 3567M->1395M(4096M) 119.365ms
[4703.705s][info][gc             ] GC(1419) Concurrent Mark Cycle
[4703.705s][info][gc,marking     ] GC(1419) Concurrent Scan Root Regions
[4703.705s][info][gc,cpu         ] GC(1418) User=0.70s Sys=0.00s Real=0.12s
.[4703.896s][info][gc,marking     ] GC(1419) Concurrent Scan Root Regions 190.885ms
[4703.896s][info][gc,marking     ] GC(1419) Concurrent Mark
[4703.896s][info][gc,marking     ] GC(1419) Concurrent Mark From Roots
[4703.896s][info][gc,task        ] GC(1419) Using 2 workers of 2 for marking
[4704.895s][info][gc,marking     ] GC(1419) Concurrent Mark From Roots 998.983ms
[4704.895s][info][gc,marking     ] GC(1419) Concurrent Preclean
[4704.895s][info][gc,marking     ] GC(1419) Concurrent Preclean 0.081ms
[4704.898s][info][gc,start       ] GC(1419) Pause Remark
[4704.903s][info][gc             ] GC(1419) Pause Remark 2425M->2425M(4096M) 5.223ms
[4704.903s][info][gc,cpu         ] GC(1419) User=0.03s Sys=0.00s Real=0.01s
[4704.905s][info][gc,marking     ] GC(1419) Concurrent Mark 1008.743ms
[4704.905s][info][gc,marking     ] GC(1419) Concurrent Rebuild Remembered Sets and Scrub Regions
.[4705.151s][info][gc,marking     ] GC(1419) Concurrent Rebuild Remembered Sets and Scrub Regions 246.285ms
[4705.153s][info][gc,start       ] GC(1419) Pause Cleanup
[4705.153s][info][gc             ] GC(1419) Pause Cleanup 2701M->2701M(4096M) 0.133ms
[4705.153s][info][gc,cpu         ] GC(1419) User=0.00s Sys=0.00s Real=0.00s
[4705.154s][info][gc,marking     ] GC(1419) Concurrent Clear Claimed Marks
[4705.154s][info][gc,marking     ] GC(1419) Concurrent Clear Claimed Marks 0.042ms
[4705.154s][info][gc,marking     ] GC(1419) Concurrent Cleanup for Next Mark
[4705.175s][info][gc,marking     ] GC(1419) Concurrent Cleanup for Next Mark 21.054ms
[4705.176s][info][gc             ] GC(1419) Concurrent Mark Cycle 1470.271ms
[4705.796s][info][gc,start       ] GC(1420) Pause Young (Prepare Mixed) (G1 Evacuation Pause)
[4705.796s][info][gc,task        ] GC(1420) Using 6 workers of 6 for evacuation
[4705.915s][info][gc,phases      ] GC(1420)   Pre Evacuate Collection Set: 0.34ms
[4705.915s][info][gc,phases      ] GC(1420)   Merge Heap Roots: 0.54ms
[4705.915s][info][gc,phases      ] GC(1420)   Evacuate Collection Set: 116.88ms
[4705.915s][info][gc,phases      ] GC(1420)   Post Evacuate Collection Set: 0.92ms
[4705.915s][info][gc,phases      ] GC(1420)   Other: 0.84ms
[4705.915s][info][gc,heap        ] GC(1420) Eden regions: 1117->0(1101)
[4705.915s][info][gc,heap        ] GC(1420) Survivor regions: 111->113(154)
[4705.915s][info][gc,heap        ] GC(1420) Old regions: 507->538
[4705.915s][info][gc,heap        ] GC(1420) Humongous regions: 80->80
[4705.915s][info][gc,metaspace   ] GC(1420) Metaspace: 28920K(29376K)->28920K(29376K) NonClass: 24051K(24256K)->24051K(24256K) Class: 4869K(5120K)->4869K(5120K)
[4705.915s][info][gc             ] GC(1420) Pause Young (Prepare Mixed) (G1 Evacuation Pause) 3629M->1461M(4096M) 119.669ms
[4705.915s][info][gc,cpu         ] GC(1420) User=0.70s Sys=0.00s Real=0.12s
..[4707.804s][info][gc,start       ] GC(1421) Pause Young (Mixed) (G1 Evacuation Pause)
[4707.804s][info][gc,task        ] GC(1421) Using 6 workers of 6 for evacuation
[4707.939s][info][gc,phases      ] GC(1421)   Pre Evacuate Collection Set: 0.35ms
[4707.939s][info][gc,phases      ] GC(1421)   Merge Heap Roots: 0.71ms
[4707.939s][info][gc,phases      ] GC(1421)   Evacuate Collection Set: 133.55ms
[4707.939s][info][gc,phases      ] GC(1421)   Post Evacuate Collection Set: 0.95ms
[4707.939s][info][gc,phases      ] GC(1421)   Other: 0.10ms
[4707.939s][info][gc,heap        ] GC(1421) Eden regions: 1101->0(1117)
[4707.939s][info][gc,heap        ] GC(1421) Survivor regions: 113->111(152)
[4707.939s][info][gc,heap        ] GC(1421) Old regions: 538->476
[4707.939s][info][gc,heap        ] GC(1421) Humongous regions: 80->80
[4707.939s][info][gc,metaspace   ] GC(1421) Metaspace: 28920K(29376K)->28920K(29376K) NonClass: 24051K(24256K)->24051K(24256K) Class: 4869K(5120K)->4869K(5120K)
[4707.939s][info][gc             ] GC(1421) Pause Young (Mixed) (G1 Evacuation Pause) 3663M->1332M(4096M) 135.792ms
[4707.939s][info][gc,cpu         ] GC(1421) User=0.81s Sys=0.00s Real=0.14s
...[4710.014s][info][gc,start       ] GC(1422) Pause Young (Concurrent Start) (G1 Evacuation Pause)
[4710.014s][info][gc,task        ] GC(1422) Using 6 workers of 6 for evacuation
[4710.136s][info][gc,phases      ] GC(1422)   Pre Evacuate Collection Set: 0.34ms
[4710.136s][info][gc,phases      ] GC(1422)   Merge Heap Roots: 0.49ms
[4710.136s][info][gc,phases      ] GC(1422)   Evacuate Collection Set: 120.61ms
[4710.136s][info][gc,phases      ] GC(1422)   Post Evacuate Collection Set: 0.86ms
[4710.136s][info][gc,phases      ] GC(1422)   Other: 0.11ms
[4710.136s][info][gc,heap        ] GC(1422) Eden regions: 1117->0(1115)
[4710.136s][info][gc,heap        ] GC(1422) Survivor regions: 111->113(154)
[4710.136s][info][gc,heap        ] GC(1422) Old regions: 476->507
[4710.136s][info][gc,heap        ] GC(1422) Humongous regions: 80->80
[4710.136s][info][gc,metaspace   ] GC(1422) Metaspace: 28920K(29376K)->28920K(29376K) NonClass: 24051K(24256K)->24051K(24256K) Class: 4869K(5120K)->4869K(5120K)
[4710.136s][info][gc             ] GC(1422) Pause Young (Concurrent Start) (G1 Evacuation Pause) 3566M->1398M(4096M) 122.562ms
[4710.136s][info][gc             ] GC(1423) Concurrent Mark Cycle
[4710.136s][info][gc,marking     ] GC(1423) Concurrent Scan Root Regions
[4710.136s][info][gc,cpu         ] GC(1422) User=0.73s Sys=0.00s Real=0.12s
[4710.290s][info][gc,marking     ] GC(1423) Concurrent Scan Root Regions 154.161ms
[4710.291s][info][gc,marking     ] GC(1423) Concurrent Mark
[4710.291s][info][gc,marking     ] GC(1423) Concurrent Mark From Roots
[4710.291s][info][gc,task        ] GC(1423) Using 2 workers of 2 for marking
.[4711.054s][info][gc,marking     ] GC(1423) Concurrent Mark From Roots 763.569ms
[4711.054s][info][gc,marking     ] GC(1423) Concurrent Preclean
[4711.054s][info][gc,marking     ] GC(1423) Concurrent Preclean 0.083ms
[4711.058s][info][gc,start       ] GC(1423) Pause Remark
[4711.064s][info][gc             ] GC(1423) Pause Remark 2236M->2236M(4096M) 6.319ms
[4711.064s][info][gc,cpu         ] GC(1423) User=0.04s Sys=0.00s Real=0.01s
[4711.064s][info][gc,marking     ] GC(1423) Concurrent Mark 773.751ms
[4711.064s][info][gc,marking     ] GC(1423) Concurrent Rebuild Remembered Sets and Scrub Regions
[4711.439s][info][gc,marking     ] GC(1423) Concurrent Rebuild Remembered Sets and Scrub Regions 374.260ms
[4711.439s][info][gc,start       ] GC(1423) Pause Cleanup
[4711.439s][info][gc             ] GC(1423) Pause Cleanup 2645M->2645M(4096M) 0.127ms
[4711.439s][info][gc,cpu         ] GC(1423) User=0.00s Sys=0.00s Real=0.00s
[4711.439s][info][gc,marking     ] GC(1423) Concurrent Clear Claimed Marks
[4711.439s][info][gc,marking     ] GC(1423) Concurrent Clear Claimed Marks 0.028ms
[4711.439s][info][gc,marking     ] GC(1423) Concurrent Cleanup for Next Mark
[4711.447s][info][gc,marking     ] GC(1423) Concurrent Cleanup for Next Mark 8.026ms
[4711.447s][info][gc             ] GC(1423) Concurrent Mark Cycle 1310.867ms
.[4712.232s][info][gc,start       ] GC(1424) Pause Young (Prepare Mixed) (G1 Evacuation Pause)
[4712.232s][info][gc,task        ] GC(1424) Using 6 workers of 6 for evacuation
[4712.352s][info][gc,phases      ] GC(1424)   Pre Evacuate Collection Set: 0.32ms
[4712.352s][info][gc,phases      ] GC(1424)   Merge Heap Roots: 0.62ms
[4712.352s][info][gc,phases      ] GC(1424)   Evacuate Collection Set: 118.02ms
[4712.352s][info][gc,phases      ] GC(1424)   Post Evacuate Collection Set: 0.91ms
[4712.352s][info][gc,phases      ] GC(1424)   Other: 0.10ms
[4712.352s][info][gc,heap        ] GC(1424) Eden regions: 1115->0(1107)
[4712.352s][info][gc,heap        ] GC(1424) Survivor regions: 113->110(154)
[4712.352s][info][gc,heap        ] GC(1424) Old regions: 507->538
[4712.352s][info][gc,heap        ] GC(1424) Humongous regions: 80->80
[4712.352s][info][gc,metaspace   ] GC(1424) Metaspace: 28920K(29376K)->28920K(29376K) NonClass: 24051K(24256K)->24051K(24256K) Class: 4869K(5120K)->4869K(5120K)
[4712.352s][info][gc             ] GC(1424) Pause Young (Prepare Mixed) (G1 Evacuation Pause) 3628M->1455M(4096M) 120.111ms
[4712.352s][info][gc,cpu         ] GC(1424) User=0.72s Sys=0.00s Real=0.12s
..|[4714.337s][info][gc,start       ] GC(1425) Pause Young (Mixed) (G1 Evacuation Pause)
[4714.337s][info][gc,task        ] GC(1425) Using 6 workers of 6 for evacuation
[4714.469s][info][gc,phases      ] GC(1425)   Pre Evacuate Collection Set: 0.37ms
[4714.469s][info][gc,phases      ] GC(1425)   Merge Heap Roots: 0.74ms
[4714.469s][info][gc,phases      ] GC(1425)   Evacuate Collection Set: 129.48ms
[4714.469s][info][gc,phases      ] GC(1425)   Post Evacuate Collection Set: 0.91ms
[4714.469s][info][gc,phases      ] GC(1425)   Other: 0.09ms
[4714.469s][info][gc,heap        ] GC(1425) Eden regions: 1107->0(1119)
[4714.469s][info][gc,heap        ] GC(1425) Survivor regions: 110->109(153)
[4714.469s][info][gc,heap        ] GC(1425) Old regions: 538->476
[4714.469s][info][gc,heap        ] GC(1425) Humongous regions: 80->80
[4714.469s][info][gc,metaspace   ] GC(1425) Metaspace: 28920K(29376K)->28920K(29376K) NonClass: 24051K(24256K)->24051K(24256K) Class: 4869K(5120K)->4869K(5120K)
[4714.469s][info][gc             ] GC(1425) Pause Young (Mixed) (G1 Evacuation Pause) 3669M->1328M(4096M) 131.734ms
[4714.469s][info][gc,cpu         ] GC(1425) User=0.78s Sys=0.00s Real=0.13s
..[4716.594s][info][gc,start       ] GC(1426) Pause Young (Concurrent Start) (G1 Evacuation Pause)
[4716.594s][info][gc,task        ] GC(1426) Using 6 workers of 6 for evacuation
[4716.714s][info][gc,phases      ] GC(1426)   Pre Evacuate Collection Set: 0.38ms
[4716.714s][info][gc,phases      ] GC(1426)   Merge Heap Roots: 0.53ms
[4716.714s][info][gc,phases      ] GC(1426)   Evacuate Collection Set: 117.67ms
[4716.714s][info][gc,phases      ] GC(1426)   Post Evacuate Collection Set: 0.86ms
[4716.714s][info][gc,phases      ] GC(1426)   Other: 0.11ms
[4716.714s][info][gc,heap        ] GC(1426) Eden regions: 1119->0(1116)
[4716.714s][info][gc,heap        ] GC(1426) Survivor regions: 109->112(154)
[4716.714s][info][gc,heap        ] GC(1426) Old regions: 476->508
[4716.714s][info][gc,heap        ] GC(1426) Humongous regions: 80->80
[4716.714s][info][gc,metaspace   ] GC(1426) Metaspace: 28920K(29376K)->28920K(29376K) NonClass: 24051K(24256K)->24051K(24256K) Class: 4869K(5120K)->4869K(5120K)
[4716.714s][info][gc             ] GC(1426) Pause Young (Concurrent Start) (G1 Evacuation Pause) 3566M->1397M(4096M) 119.665ms
[4716.714s][info][gc             ] GC(1427) Concurrent Mark Cycle
[4716.714s][info][gc,marking     ] GC(1427) Concurrent Scan Root Regions
[4716.714s][info][gc,cpu         ] GC(1426) User=0.71s Sys=0.00s Real=0.12s
[4716.882s][info][gc,marking     ] GC(1427) Concurrent Scan Root Regions 168.626ms
[4716.882s][info][gc,marking     ] GC(1427) Concurrent Mark
[4716.882s][info][gc,marking     ] GC(1427) Concurrent Mark From Roots
[4716.882s][info][gc,task        ] GC(1427) Using 2 workers of 2 for marking
.[4717.857s][info][gc,marking     ] GC(1427) Concurrent Mark From Roots 974.960ms
[4717.857s][info][gc,marking     ] GC(1427) Concurrent Preclean
[4717.858s][info][gc,marking     ] GC(1427) Concurrent Preclean 0.082ms
[4717.859s][info][gc,start       ] GC(1427) Pause Remark
[4717.866s][info][gc             ] GC(1427) Pause Remark 2453M->2453M(4096M) 6.543ms
[4717.866s][info][gc,cpu         ] GC(1427) User=0.04s Sys=0.00s Real=0.01s
[4717.867s][info][gc,marking     ] GC(1427) Concurrent Mark 984.245ms
[4717.867s][info][gc,marking     ] GC(1427) Concurrent Rebuild Remembered Sets and Scrub Regions
[4718.270s][info][gc,marking     ] GC(1427) Concurrent Rebuild Remembered Sets and Scrub Regions 403.521ms
[4718.270s][info][gc,start       ] GC(1427) Pause Cleanup
[4718.271s][info][gc             ] GC(1427) Pause Cleanup 2942M->2942M(4096M) 0.110ms
[4718.271s][info][gc,cpu         ] GC(1427) User=0.00s Sys=0.00s Real=0.00s
[4718.271s][info][gc,marking     ] GC(1427) Concurrent Clear Claimed Marks
[4718.271s][info][gc,marking     ] GC(1427) Concurrent Clear Claimed Marks 0.024ms
[4718.271s][info][gc,marking     ] GC(1427) Concurrent Cleanup for Next Mark
[4718.280s][info][gc,marking     ] GC(1427) Concurrent Cleanup for Next Mark 8.885ms
[4718.280s][info][gc             ] GC(1427) Concurrent Mark Cycle 1565.877ms
