[0.002s][info][gc,init] CardTable entry size: 512
[0.002s][info][gc     ] Using G1
[0.009s][info][gc,init] Version: 24-internal-adhoc.thomas.source (release)
[0.009s][info][gc,init] CPUs: 8 total, 6 available
[0.009s][info][gc,init] Memory: 15662M
[0.009s][info][gc,init] Large Page Support: Disabled
[0.009s][info][gc,init] NUMA Support: Disabled
[0.009s][info][gc,init] Compressed Oops: Enabled (Zero based)
[0.009s][info][gc,init] Heap Region Size: 2M
[0.009s][info][gc,init] Heap Min Capacity: 4G
[0.009s][info][gc,init] Heap Initial Capacity: 4G
[0.009s][info][gc,init] Heap Max Capacity: 4G
[0.009s][info][gc,init] Pre-touch: Disabled
[0.009s][info][gc,init] Parallel Workers: 6
[0.009s][info][gc,init] Concurrent Workers: 2
[0.009s][info][gc,init] Concurrent Refinement Workers: 6
[0.009s][info][gc,init] Periodic GC: Disabled
[0.009s][info][gc,metaspace] CDS archive(s) not mapped
[0.009s][info][gc,metaspace] Compressed class space mapped at: 0x0000000073000000-0x00000000b3000000, reserved size: 1073741824
[0.009s][info][gc,metaspace] UseCompressedClassPointers 1, UseCompactObjectHeaders 1, narrow klass pointer bits 22, max shift 10
[0.009s][info][gc,metaspace] Narrow klass base: 0x0000000073000000, Narrow klass shift: 9, Narrow klass range: 0x40000000

SPECjbb2015 Java Business Benchmark
 (c) Standard Performance Evaluation Corporation, 2015

Preparing to launch All-in-one SPECjbb2015.

Reading property file: /shared/projects/openjdk/analysis/lilliput-benefits/specjbb/results-COH-ON-G1-0/./config/specjbb2015.props

     0s: Enumerating plugins...
     0s:    Connectivity:
     0s:             HTTP_Grizzly: Grizzly HTTP server, JDK HTTP client
     0s:              NIO_Grizzly: Grizzly NIO server, Grizzly NIO client
     0s:               HTTP_Jetty: Jetty HTTP server, JDK HTTP client
     0s:    Snapshot:
     0s:                 InMemory: Stores snapshots in heap memory
     0s:    Data Writers:
     0s:                     Demo: Send all frame to listener
     0s:                   InFile: Writing Data into file
     0s:                   Silent: Drop all frames
     0s: 
     0s: Kit validation is skipped.
     0s: Tests are skipped.
     0s: 
     0s: [1.165s][info][gc,start    ] GC(0) Pause Young (Normal) (G1 Evacuation Pause)
[1.166s][info][gc,task     ] GC(0) Using 6 workers of 6 for evacuation
[1.171s][info][gc,phases   ] GC(0)   Pre Evacuate Collection Set: 0.29ms
[1.171s][info][gc,phases   ] GC(0)   Merge Heap Roots: 0.07ms
[1.171s][info][gc,phases   ] GC(0)   Evacuate Collection Set: 4.17ms
[1.171s][info][gc,phases   ] GC(0)   Post Evacuate Collection Set: 0.43ms
[1.171s][info][gc,phases   ] GC(0)   Other: 0.49ms
[1.171s][info][gc,heap     ] GC(0) Eden regions: 102->0(99)
[1.171s][info][gc,heap     ] GC(0) Survivor regions: 0->3(13)
[1.171s][info][gc,heap     ] GC(0) Old regions: 0->0
[1.171s][info][gc,heap     ] GC(0) Humongous regions: 0->0
[1.171s][info][gc,metaspace] GC(0) Metaspace: 21093K(21312K)->21093K(21312K) NonClass: 17093K(17216K)->17093K(17216K) Class: 3999K(4096K)->3999K(4096K)
[1.171s][info][gc          ] GC(0) Pause Young (Normal) (G1 Evacuation Pause) 204M->4M(4096M) 5.623ms
[1.171s][info][gc,cpu      ] GC(0) User=0.02s Sys=0.01s Real=0.00s
[1.324s][info][gc,start    ] GC(1) Pause Young (Concurrent Start) (Metadata GC Threshold)
[1.324s][info][gc,task     ] GC(1) Using 6 workers of 6 for evacuation
[1.327s][info][gc,phases   ] GC(1)   Pre Evacuate Collection Set: 0.32ms
[1.327s][info][gc,phases   ] GC(1)   Merge Heap Roots: 0.02ms
[1.327s][info][gc,phases   ] GC(1)   Evacuate Collection Set: 2.21ms
[1.327s][info][gc,phases   ] GC(1)   Post Evacuate Collection Set: 0.28ms
[1.327s][info][gc,phases   ] GC(1)   Other: 0.07ms
[1.327s][info][gc,heap     ] GC(1) Eden regions: 47->0(99)
[1.327s][info][gc,heap     ] GC(1) Survivor regions: 3->3(13)
[1.327s][info][gc,heap     ] GC(1) Old regions: 0->0
[1.327s][info][gc,heap     ] GC(1) Humongous regions: 0->0
[1.327s][info][gc,metaspace] GC(1) Metaspace: 21413K(21504K)->21413K(21504K) NonClass: 17384K(17408K)->17384K(17408K) Class: 4029K(4096K)->4029K(4096K)
[1.327s][info][gc          ] GC(1) Pause Young (Concurrent Start) (Metadata GC Threshold) 98M->5M(4096M) 3.028ms
[1.327s][info][gc          ] GC(2) Concurrent Mark Cycle
[1.327s][info][gc,cpu      ] GC(1) User=0.01s Sys=0.00s Real=0.00s
[1.327s][info][gc,marking  ] GC(2) Concurrent Scan Root Regions
[1.329s][info][gc,marking  ] GC(2) Concurrent Scan Root Regions 1.384ms
[1.329s][info][gc,marking  ] GC(2) Concurrent Mark
[1.329s][info][gc,marking  ] GC(2) Concurrent Mark From Roots
[1.329s][info][gc,task     ] GC(2) Using 2 workers of 2 for marking
[1.329s][info][gc,marking  ] GC(2) Concurrent Mark From Roots 0.643ms
[1.329s][info][gc,marking  ] GC(2) Concurrent Preclean
[1.329s][info][gc,marking  ] GC(2) Concurrent Preclean 0.005ms
[1.329s][info][gc,start    ] GC(2) Pause Remark
[1.330s][info][gc          ] GC(2) Pause Remark 6M->6M(4096M) 0.801ms
[1.330s][info][gc,cpu      ] GC(2) User=0.00s Sys=0.00s Real=0.00s
[1.330s][info][gc,marking  ] GC(2) Concurrent Mark 1.530ms
[1.330s][info][gc,marking  ] GC(2) Concurrent Rebuild Remembered Sets and Scrub Regions
[1.330s][info][gc,marking  ] GC(2) Concurrent Rebuild Remembered Sets and Scrub Regions 0.038ms
[1.330s][info][gc,start    ] GC(2) Pause Cleanup
[1.330s][info][gc          ] GC(2) Pause Cleanup 6M->6M(4096M) 0.011ms
[1.330s][info][gc,cpu      ] GC(2) User=0.00s Sys=0.00s Real=0.00s
[1.330s][info][gc,marking  ] GC(2) Concurrent Clear Claimed Marks
[1.330s][info][gc,marking  ] GC(2) Concurrent Clear Claimed Marks 0.011ms
[1.330s][info][gc,marking  ] GC(2) Concurrent Cleanup for Next Mark
[1.336s][info][gc,marking  ] GC(2) Concurrent Cleanup for Next Mark 5.173ms
[1.336s][info][gc          ] GC(2) Concurrent Mark Cycle 8.299ms
Ladies and gentlemen, this is your Controller speaking.
     1s: We are delighted in having you for benchmark run today.
     1s: 
     1s: Binary log file is ./specjbb2015-C-20240907-00001.data.gz
     1s: 
     1s: Performing handshake with all agents ...
     1s: 
     1s:  Agent Group1.TxInjector.CompositeTxInjector has attached to Controller
     1s:  Agent Group1.Backend.CompositeBackend has attached to Controller
     1s: 
     1s: All agents have connected.
     1s: 
     1s: Attached agents info:

Group "Group1"
    TxInjectors:
        CompositeTxInjector, includes { Driver } @ [local in-Java link]
    Backends:
        CompositeBackend, includes { SM(2),SP(2) } @ [local in-Java link]

     1s: Initializing... (init[1.517s][info][gc,start    ] GC(3) Pause Young (Normal) (G1 Evacuation Pause)
[1.517s][info][gc,task     ] GC(3) Using 6 workers of 6 for evacuation
[1.584s][info][gc,phases   ] GC(3)   Pre Evacuate Collection Set: 0.31ms
[1.584s][info][gc,phases   ] GC(3)   Merge Heap Roots: 0.08ms
[1.584s][info][gc,phases   ] GC(3)   Evacuate Collection Set: 65.52ms
[1.584s][info][gc,phases   ] GC(3)   Post Evacuate Collection Set: 0.62ms
[1.584s][info][gc,phases   ] GC(3)   Other: 0.06ms
[1.584s][info][gc,heap     ] GC(3) Eden regions: 99->0(89)
[1.584s][info][gc,heap     ] GC(3) Survivor regions: 3->13(13)
[1.584s][info][gc,heap     ] GC(3) Old regions: 0->55
[1.584s][info][gc,heap     ] GC(3) Humongous regions: 15->15
[1.584s][info][gc,metaspace] GC(3) Metaspace: 22692K(22848K)->22692K(22848K) NonClass: 18430K(18496K)->18430K(18496K) Class: 4261K(4352K)->4261K(4352K)
[1.584s][info][gc          ] GC(3) Pause Young (Normal) (G1 Evacuation Pause) 233M->165M(4096M) 66.722ms
[1.584s][info][gc,cpu      ] GC(3) User=0.32s Sys=0.07s Real=0.07s
[1.677s][info][gc,start    ] GC(4) Pause Young (Normal) (G1 Evacuation Pause)
[1.677s][info][gc,task     ] GC(4) Using 6 workers of 6 for evacuation
[1.750s][info][gc,phases   ] GC(4)   Pre Evacuate Collection Set: 0.28ms
[1.750s][info][gc,phases   ] GC(4)   Merge Heap Roots: 0.17ms
[1.750s][info][gc,phases   ] GC(4)   Evacuate Collection Set: 72.38ms
[1.750s][info][gc,phases   ] GC(4)   Post Evacuate Collection Set: 0.43ms
[1.750s][info][gc,phases   ] GC(4)   Other: 0.05ms
[1.750s][info][gc,heap     ] GC(4) Eden regions: 89->0(89)
[1.750s][info][gc,heap     ] GC(4) Survivor regions: 13->13(13)
[1.750s][info][gc,heap     ] GC(4) Old regions: 55->125
[1.751s][info][gc,heap     ] GC(4) Humongous regions: 15->15
[1.751s][info][gc,metaspace] GC(4) Metaspace: 22704K(22912K)->22704K(22912K) NonClass: 18442K(18560K)->18442K(18560K) Class: 4261K(4352K)->4261K(4352K)
[1.751s][info][gc          ] GC(4) Pause Young (Normal) (G1 Evacuation Pause) 343M->306M(4096M) 73.471ms
[1.751s][info][gc,cpu      ] GC(4) User=0.41s Sys=0.03s Real=0.07s
[1.833s][info][gc,start    ] GC(5) Pause Young (Normal) (G1 Evacuation Pause)
[1.833s][info][gc,task     ] GC(5) Using 6 workers of 6 for evacuation
[1.902s][info][gc,phases   ] GC(5)   Pre Evacuate Collection Set: 0.29ms
[1.902s][info][gc,phases   ] GC(5)   Merge Heap Roots: 0.06ms
[1.902s][info][gc,phases   ] GC(5)   Evacuate Collection Set: 68.03ms
[1.902s][info][gc,phases   ] GC(5)   Post Evacuate Collection Set: 0.22ms
[1.902s][info][gc,phases   ] GC(5)   Other: 0.05ms
[1.902s][info][gc,heap     ] GC(5) Eden regions: 89->0(89)
[1.902s][info][gc,heap     ] GC(5) Survivor regions: 13->13(13)
[1.902s][info][gc,heap     ] GC(5) Old regions: 125->198
[1.902s][info][gc,heap     ] GC(5) Humongous regions: 15->15
[1.902s][info][gc,metaspace] GC(5) Metaspace: 22704K(22912K)->22704K(22912K) NonClass: 18442K(18560K)->18442K(18560K) Class: 4261K(4352K)->4261K(4352K)
[1.902s][info][gc          ] GC(5) Pause Young (Normal) (G1 Evacuation Pause) 484M->451M(4096M) 68.809ms
[1.902s][info][gc,cpu      ] GC(5) User=0.38s Sys=0.03s Real=0.07s
[2.009s][info][gc,start    ] GC(6) Pause Young (Normal) (G1 Evacuation Pause)
[2.009s][info][gc,task     ] GC(6) Using 6 workers of 6 for evacuation
[2.081s][info][gc,phases   ] GC(6)   Pre Evacuate Collection Set: 0.27ms
[2.081s][info][gc,phases   ] GC(6)   Merge Heap Roots: 0.11ms
[2.081s][info][gc,phases   ] GC(6)   Evacuate Collection Set: 70.88ms
[2.081s][info][gc,phases   ] GC(6)   Post Evacuate Collection Set: 0.20ms
[2.081s][info][gc,phases   ] GC(6)   Other: 0.05ms
[2.081s][info][gc,heap     ] GC(6) Eden regions: 89->0(89)
[2.081s][info][gc,heap     ] GC(6) Survivor regions: 13->13(13)
[2.081s][info][gc,heap     ] GC(6) Old regions: 198->273
[2.081s][info][gc,heap     ] GC(6) Humongous regions: 19->19
[2.081s][info][gc,metaspace] GC(6) Metaspace: 22712K(22912K)->22712K(22912K) NonClass: 18450K(18560K)->18450K(18560K) Class: 4261K(4352K)->4261K(4352K)
[2.081s][info][gc          ] GC(6) Pause Young (Normal) (G1 Evacuation Pause) 637M->610M(4096M) 71.638ms
[2.081s][info][gc,cpu      ] GC(6) User=0.39s Sys=0.04s Real=0.07s
[2.149s][info][gc,start    ] GC(7) Pause Young (Normal) (G1 Evacuation Pause)
[2.149s][info][gc,task     ] GC(7) Using 6 workers of 6 for evacuation
[2.222s][info][gc,phases   ] GC(7)   Pre Evacuate Collection Set: 0.28ms
[2.222s][info][gc,phases   ] GC(7)   Merge Heap Roots: 0.07ms
[2.222s][info][gc,phases   ] GC(7)   Evacuate Collection Set: 72.51ms
[2.222s][info][gc,phases   ] GC(7)   Post Evacuate Collection Set: 0.23ms
[2.222s][info][gc,phases   ] GC(7)   Other: 0.06ms
[2.222s][info][gc,heap     ] GC(7) Eden regions: 89->0(89)
[2.222s][info][gc,heap     ] GC(7) Survivor regions: 13->13(13)
[2.222s][info][gc,heap     ] GC(7) Old regions: 273->350
[2.222s][info][gc,heap     ] GC(7) Humongous regions: 19->19
[2.223s][info][gc,metaspace] GC(7) Metaspace: 22718K(22912K)->22718K(22912K) NonClass: 18457K(18560K)->18457K(18560K) Class: 4261K(4352K)->4261K(4352K)
[2.223s][info][gc          ] GC(7) Pause Young (Normal) (G1 Evacuation Pause) 788M->763M(4096M) 73.297ms
[2.223s][info][gc,cpu      ] GC(7) User=0.41s Sys=0.02s Real=0.08s
[2.503s][info][gc,start    ] GC(8) Pause Young (Normal) (G1 Evacuation Pause)
[2.503s][info][gc,task     ] GC(8) Using 6 workers of 6 for evacuation
[2.575s][info][gc,phases   ] GC(8)   Pre Evacuate Collection Set: 0.26ms
[2.575s][info][gc,phases   ] GC(8)   Merge Heap Roots: 0.09ms
[2.575s][info][gc,phases   ] GC(8)   Evacuate Collection Set: 70.97ms
[2.575s][info][gc,phases   ] GC(8)   Post Evacuate Collection Set: 0.30ms
[2.575s][info][gc,phases   ] GC(8)   Other: 0.05ms
[2.575s][info][gc,heap     ] GC(8) Eden regions: 89->0(89)
[2.575s][info][gc,heap     ] GC(8) Survivor regions: 13->13(13)
[2.575s][info][gc,heap     ] GC(8) Old regions: 350->400
[2.575s][info][gc,heap     ] GC(8) Humongous regions: 28->28
[2.575s][info][gc,metaspace] GC(8) Metaspace: 22768K(23040K)->22768K(23040K) NonClass: 18503K(18624K)->18503K(18624K) Class: 4264K(4416K)->4264K(4416K)
[2.575s][info][gc          ] GC(8) Pause Young (Normal) (G1 Evacuation Pause) 959M->881M(4096M) 71.807ms
[2.575s][info][gc,cpu      ] GC(8) User=0.42s Sys=0.02s Real=0.07s
[2.702s][info][gc,start    ] GC(9) Pause Young (Normal) (G1 Evacuation Pause)
[2.702s][info][gc,task     ] GC(9) Using 6 workers of 6 for evacuation
[2.780s][info][gc,phases   ] GC(9)   Pre Evacuate Collection Set: 0.29ms
[2.780s][info][gc,phases   ] GC(9)   Merge Heap Roots: 0.20ms
[2.780s][info][gc,phases   ] GC(9)   Evacuate Collection Set: 76.66ms
[2.780s][info][gc,phases   ] GC(9)   Post Evacuate Collection Set: 0.25ms
[2.780s][info][gc,phases   ] GC(9)   Other: 0.05ms
[2.780s][info][gc,heap     ] GC(9) Eden regions: 89->0(89)
[2.780s][info][gc,heap     ] GC(9) Survivor regions: 13->13(13)
[2.780s][info][gc,heap     ] GC(9) Old regions: 400->466
[2.780s][info][gc,heap     ] GC(9) Humongous regions: 34->34
[2.780s][info][gc,metaspace] GC(9) Metaspace: 22776K(23040K)->22776K(23040K) NonClass: 18512K(18624K)->18512K(18624K) Class: 4264K(4416K)->4264K(4416K)
[2.780s][info][gc          ] GC(9) Pause Young (Normal) (G1 Evacuation Pause) 1071M->1026M(4096M) 77.558ms
[2.780s][info][gc,cpu      ] GC(9) User=0.45s Sys=0.01s Real=0.07s
) OK
     2s: 
     2s: Check whether properties are compliant
     2s: (validation=PASSED) Property settings are COMPLIANT.
     2s: 
     2s: Searching for high-bound for max-jOPS possible for this system
     2s: Searching from base IR = 100
     2s:       rampup IR =      0 [reconfig (term) [2.963s][info][gc,start    ] GC(10) Pause Full (System.gc())
[2.963s][info][gc,task     ] GC(10) Using 6 workers of 6 for full compaction
[2.964s][info][gc,phases,start] GC(10) Phase 1: Mark live objects
[2.997s][info][gc,phases      ] GC(10) Phase 1: Mark live objects 32.842ms
[2.997s][info][gc,phases,start] GC(10) Phase 2: Prepare compaction
[3.003s][info][gc,phases      ] GC(10) Phase 2: Prepare compaction 6.138ms
[3.003s][info][gc,phases,start] GC(10) Phase 3: Adjust pointers
[3.011s][info][gc,phases      ] GC(10) Phase 3: Adjust pointers 7.646ms
[3.011s][info][gc,phases,start] GC(10) Phase 4: Compact heap
[3.019s][info][gc,phases      ] GC(10) Phase 4: Compact heap 8.308ms
[3.019s][info][gc,phases,start] GC(10) Phase 5: Reset Metadata
[3.021s][info][gc,phases      ] GC(10) Phase 5: Reset Metadata 1.951ms
[3.026s][info][gc,heap        ] GC(10) Eden regions: 63->0(102)
[3.026s][info][gc,heap        ] GC(10) Survivor regions: 13->0(13)
[3.026s][info][gc,heap        ] GC(10) Old regions: 466->32
[3.026s][info][gc,heap        ] GC(10) Humongous regions: 46->13
[3.026s][info][gc,metaspace   ] GC(10) Metaspace: 23059K(23232K)->23059K(23232K) NonClass: 18751K(18816K)->18751K(18816K) Class: 4307K(4416K)->4307K(4416K)
[3.026s][info][gc             ] GC(10) Pause Full (System.gc()) 1175M->86M(4096M) 62.307ms
[3.026s][info][gc,cpu         ] GC(10) User=0.25s Sys=0.00s Real=0.06s
(init[3.323s][info][gc,start       ] GC(11) Pause Young (Normal) (G1 Evacuation Pause)
[3.323s][info][gc,task        ] GC(11) Using 6 workers of 6 for evacuation
[3.378s][info][gc,phases      ] GC(11)   Pre Evacuate Collection Set: 0.31ms
[3.378s][info][gc,phases      ] GC(11)   Merge Heap Roots: 0.05ms
[3.378s][info][gc,phases      ] GC(11)   Evacuate Collection Set: 53.64ms
[3.378s][info][gc,phases      ] GC(11)   Post Evacuate Collection Set: 0.33ms
[3.378s][info][gc,phases      ] GC(11)   Other: 0.05ms
[3.378s][info][gc,heap        ] GC(11) Eden regions: 102->0(89)
[3.378s][info][gc,heap        ] GC(11) Survivor regions: 0->13(13)
[3.378s][info][gc,heap        ] GC(11) Old regions: 32->91
[3.378s][info][gc,heap        ] GC(11) Humongous regions: 15->15
[3.378s][info][gc,metaspace   ] GC(11) Metaspace: 23063K(23232K)->23063K(23232K) NonClass: 18755K(18816K)->18755K(18816K) Class: 4307K(4416K)->4307K(4416K)
[3.378s][info][gc             ] GC(11) Pause Young (Normal) (G1 Evacuation Pause) 294M->234M(4096M) 54.522ms
[3.378s][info][gc,cpu         ] GC(11) User=0.33s Sys=0.00s Real=0.05s
[3.412s][info][gc,start       ] GC(12) Pause Young (Normal) (G1 Evacuation Pause)
[3.412s][info][gc,task        ] GC(12) Using 6 workers of 6 for evacuation
[3.480s][info][gc,phases      ] GC(12)   Pre Evacuate Collection Set: 0.29ms
[3.480s][info][gc,phases      ] GC(12)   Merge Heap Roots: 0.22ms
[3.480s][info][gc,phases      ] GC(12)   Evacuate Collection Set: 67.17ms
[3.480s][info][gc,phases      ] GC(12)   Post Evacuate Collection Set: 0.22ms
[3.480s][info][gc,phases      ] GC(12)   Other: 0.05ms
[3.480s][info][gc,heap        ] GC(12) Eden regions: 89->0(89)
[3.480s][info][gc,heap        ] GC(12) Survivor regions: 13->13(13)
[3.480s][info][gc,heap        ] GC(12) Old regions: 91->166
[3.480s][info][gc,heap        ] GC(12) Humongous regions: 15->15
[3.480s][info][gc,metaspace   ] GC(12) Metaspace: 23063K(23232K)->23063K(23232K) NonClass: 18755K(18816K)->18755K(18816K) Class: 4307K(4416K)->4307K(4416K)
[3.480s][info][gc             ] GC(12) Pause Young (Normal) (G1 Evacuation Pause) 412M->383M(4096M) 68.097ms
[3.480s][info][gc,cpu         ] GC(12) User=0.41s Sys=0.00s Real=0.06s
[3.515s][info][gc,start       ] GC(13) Pause Young (Normal) (G1 Evacuation Pause)
[3.515s][info][gc,task        ] GC(13) Using 6 workers of 6 for evacuation
[3.595s][info][gc,phases      ] GC(13)   Pre Evacuate Collection Set: 0.29ms
[3.595s][info][gc,phases      ] GC(13)   Merge Heap Roots: 0.07ms
[3.595s][info][gc,phases      ] GC(13)   Evacuate Collection Set: 79.70ms
[3.595s][info][gc,phases      ] GC(13)   Post Evacuate Collection Set: 0.25ms
[3.595s][info][gc,phases      ] GC(13)   Other: 0.06ms
[3.595s][info][gc,heap        ] GC(13) Eden regions: 89->0(89)
[3.595s][info][gc,heap        ] GC(13) Survivor regions: 13->13(13)
[3.595s][info][gc,heap        ] GC(13) Old regions: 166->241
[3.595s][info][gc,heap        ] GC(13) Humongous regions: 15->15
[3.595s][info][gc,metaspace   ] GC(13) Metaspace: 23063K(23232K)->23063K(23232K) NonClass: 18755K(18816K)->18755K(18816K) Class: 4307K(4416K)->4307K(4416K)
[3.595s][info][gc             ] GC(13) Pause Young (Normal) (G1 Evacuation Pause) 561M->533M(4096M) 80.516ms
[3.595s][info][gc,cpu         ] GC(13) User=0.48s Sys=0.00s Real=0.08s
[3.631s][info][gc,start       ] GC(14) Pause Young (Normal) (G1 Evacuation Pause)
[3.631s][info][gc,task        ] GC(14) Using 6 workers of 6 for evacuation
[3.713s][info][gc,phases      ] GC(14)   Pre Evacuate Collection Set: 0.30ms
[3.713s][info][gc,phases      ] GC(14)   Merge Heap Roots: 0.11ms
[3.713s][info][gc,phases      ] GC(14)   Evacuate Collection Set: 81.20ms
[3.713s][info][gc,phases      ] GC(14)   Post Evacuate Collection Set: 0.24ms
[3.713s][info][gc,phases      ] GC(14)   Other: 0.06ms
[3.713s][info][gc,heap        ] GC(14) Eden regions: 89->0(89)
[3.713s][info][gc,heap        ] GC(14) Survivor regions: 13->13(13)
[3.713s][info][gc,heap        ] GC(14) Old regions: 241->316
[3.713s][info][gc,heap        ] GC(14) Humongous regions: 15->15
[3.713s][info][gc,metaspace   ] GC(14) Metaspace: 23063K(23232K)->23063K(23232K) NonClass: 18755K(18816K)->18755K(18816K) Class: 4307K(4416K)->4307K(4416K)
[3.713s][info][gc             ] GC(14) Pause Young (Normal) (G1 Evacuation Pause) 711M->684M(4096M) 82.052ms
[3.713s][info][gc,cpu         ] GC(14) User=0.49s Sys=0.00s Real=0.09s
[3.876s][info][gc,start       ] GC(15) Pause Young (Normal) (G1 Evacuation Pause)
[3.876s][info][gc,task        ] GC(15) Using 6 workers of 6 for evacuation
[3.942s][info][gc,phases      ] GC(15)   Pre Evacuate Collection Set: 0.28ms
[3.942s][info][gc,phases      ] GC(15)   Merge Heap Roots: 0.15ms
[3.942s][info][gc,phases      ] GC(15)   Evacuate Collection Set: 64.57ms
[3.942s][info][gc,phases      ] GC(15)   Post Evacuate Collection Set: 0.25ms
[3.942s][info][gc,phases      ] GC(15)   Other: 0.06ms
[3.942s][info][gc,heap        ] GC(15) Eden regions: 89->0(105)
[3.942s][info][gc,heap        ] GC(15) Survivor regions: 13->13(13)
[3.942s][info][gc,heap        ] GC(15) Old regions: 316->377
[3.942s][info][gc,heap        ] GC(15) Humongous regions: 23->23
[3.942s][info][gc,metaspace   ] GC(15) Metaspace: 23068K(23296K)->23068K(23296K) NonClass: 18760K(18880K)->18760K(18880K) Class: 4307K(4416K)->4307K(4416K)
[3.942s][info][gc             ] GC(15) Pause Young (Normal) (G1 Evacuation Pause) 878M->821M(4096M) 65.454ms
[3.942s][info][gc,cpu         ] GC(15) User=0.38s Sys=0.00s Real=0.07s
[4.105s][info][gc,start       ] GC(16) Pause Young (Normal) (G1 Evacuation Pause)
[4.105s][info][gc,task        ] GC(16) Using 6 workers of 6 for evacuation
[4.203s][info][gc,phases      ] GC(16)   Pre Evacuate Collection Set: 0.35ms
[4.203s][info][gc,phases      ] GC(16)   Merge Heap Roots: 0.34ms
[4.203s][info][gc,phases      ] GC(16)   Evacuate Collection Set: 96.38ms
[4.203s][info][gc,phases      ] GC(16)   Post Evacuate Collection Set: 0.37ms
[4.203s][info][gc,phases      ] GC(16)   Other: 0.06ms
[4.203s][info][gc,heap        ] GC(16) Eden regions: 89->0(108)
[4.203s][info][gc,heap        ] GC(16) Survivor regions: 13->13(13)
[4.203s][info][gc,heap        ] GC(16) Old regions: 377->434
[4.203s][info][gc,heap        ] GC(16) Humongous regions: 30->30
[4.203s][info][gc,metaspace   ] GC(16) Metaspace: 23075K(23296K)->23075K(23296K) NonClass: 18767K(18880K)->18767K(18880K) Class: 4307K(4416K)->4307K(4416K)
[4.203s][info][gc             ] GC(16) Pause Young (Normal) (G1 Evacuation Pause) 1013M->950M(4096M) 97.654ms
[4.203s][info][gc,cpu         ] GC(16) User=0.58s Sys=0.00s Real=0.10s
[4.365s][info][gc,start       ] GC(17) Pause Young (Normal) (G1 Evacuation Pause)
[4.365s][info][gc,task        ] GC(17) Using 6 workers of 6 for evacuation
[4.456s][info][gc,phases      ] GC(17)   Pre Evacuate Collection Set: 0.33ms
[4.456s][info][gc,phases      ] GC(17)   Merge Heap Roots: 0.43ms
[4.456s][info][gc,phases      ] GC(17)   Evacuate Collection Set: 89.70ms
[4.456s][info][gc,phases      ] GC(17)   Post Evacuate Collection Set: 0.24ms
[4.456s][info][gc,phases      ] GC(17)   Other: 0.05ms
[4.456s][info][gc,heap        ] GC(17) Eden regions: 89->0(118)
[4.456s][info][gc,heap        ] GC(17) Survivor regions: 13->13(13)
[4.456s][info][gc,heap        ] GC(17) Old regions: 434->487
[4.456s][info][gc,heap        ] GC(17) Humongous regions: 40->40
[4.456s][info][gc,metaspace   ] GC(17) Metaspace: 23075K(23296K)->23075K(23296K) NonClass: 18767K(18880K)->18767K(18880K) Class: 4307K(4416K)->4307K(4416K)
[4.456s][info][gc             ] GC(17) Pause Young (Normal) (G1 Evacuation Pause) 1148M->1075M(4096M) 90.899ms
[4.456s][info][gc,cpu         ] GC(17) User=0.54s Sys=0.00s Real=0.09s
) ] ... (rIR:aIR:PR = 0:0:0) (tPR = 0) [OK] 
     7s:       rampup IR =     10 ... (rIR:aIR:PR = 10:11:11) (tPR = 750) [OK] 
    10s:       rampup IR =     20 ... (rIR:aIR:PR = 20:19:19) (tPR = 1358) [OK] 
    13s:       rampup IR =     30 .... (rIR:aIR:PR = 30:31:31) (tPR = 2522) [OK] 
    17s:       rampup IR =     40 .... (rIR:aIR:PR = 40:40:40) (tPR = 3010) [OK] 
    21s:       rampup IR =     50 ...[25.516s][info][gc,start       ] GC(18) Pause Young (Normal) (G1 Evacuation Pause)
[25.516s][info][gc,task        ] GC(18) Using 6 workers of 6 for evacuation
[25.552s][info][gc,phases      ] GC(18)   Pre Evacuate Collection Set: 0.33ms
[25.552s][info][gc,phases      ] GC(18)   Merge Heap Roots: 0.21ms
[25.552s][info][gc,phases      ] GC(18)   Evacuate Collection Set: 34.75ms
[25.552s][info][gc,phases      ] GC(18)   Post Evacuate Collection Set: 0.34ms
[25.552s][info][gc,phases      ] GC(18)   Other: 0.07ms
[25.552s][info][gc,heap        ] GC(18) Eden regions: 134->0(149)
[25.552s][info][gc,heap        ] GC(18) Survivor regions: 13->15(19)
[25.552s][info][gc,heap        ] GC(18) Old regions: 487->501
[25.552s][info][gc,heap        ] GC(18) Humongous regions: 46->46
[25.552s][info][gc,metaspace   ] GC(18) Metaspace: 25068K(25216K)->25068K(25216K) NonClass: 20582K(20672K)->20582K(20672K) Class: 4486K(4544K)->4486K(4544K)
[25.552s][info][gc             ] GC(18) Pause Young (Normal) (G1 Evacuation Pause) 1355M->1118M(4096M) 35.855ms
[25.552s][info][gc,cpu         ] GC(18) User=0.20s Sys=0.02s Real=0.04s
. (rIR:aIR:PR = 50:51:50) (tPR = 3415) [OK] 
    25s:       rampup IR =     60 .... (rIR:aIR:PR = 60:59:57) (tPR = 3752) [OK] 
    29s:       rampup IR =     70 .... (rIR:aIR:PR = 70:73:71) (tPR = 4278) [OK] 
    33s:       rampup IR =     80 .... (rIR:aIR:PR = 80:81:79) (tPR = 4022) [OK] 
    37s:       rampup IR =     90 .... (rIR:aIR:PR = 90:93:90) (tPR = 4610) [OK] 
    41s:       rampup IR =    100 ...[45.327s][info][gc,start       ] GC(19) Pause Young (Normal) (G1 Evacuation Pause)
[45.327s][info][gc,task        ] GC(19) Using 6 workers of 6 for evacuation
[45.356s][info][gc,phases      ] GC(19)   Pre Evacuate Collection Set: 0.32ms
[45.356s][info][gc,phases      ] GC(19)   Merge Heap Roots: 0.24ms
[45.356s][info][gc,phases      ] GC(19)   Evacuate Collection Set: 28.04ms
[45.356s][info][gc,phases      ] GC(19)   Post Evacuate Collection Set: 0.35ms
[45.356s][info][gc,phases      ] GC(19)   Other: 0.07ms
[45.356s][info][gc,heap        ] GC(19) Eden regions: 159->0(227)
[45.356s][info][gc,heap        ] GC(19) Survivor regions: 15->10(22)
[45.356s][info][gc,heap        ] GC(19) Old regions: 501->515
[45.356s][info][gc,heap        ] GC(19) Humongous regions: 46->46
[45.356s][info][gc,metaspace   ] GC(19) Metaspace: 25224K(25408K)->25224K(25408K) NonClass: 20735K(20864K)->20735K(20864K) Class: 4488K(4544K)->4488K(4544K)
[45.356s][info][gc             ] GC(19) Pause Young (Normal) (G1 Evacuation Pause) 1436M->1138M(4096M) 29.148ms
[45.356s][info][gc,cpu         ] GC(19) User=0.16s Sys=0.01s Real=0.03s
. (rIR:aIR:PR = 100:102:100) (tPR = 4429) [OK] 
    45s:    snapshot, IR =    100 ....|......................[72.196s][info][gc,start       ] GC(20) Pause Young (Normal) (G1 Evacuation Pause)
[72.196s][info][gc,task        ] GC(20) Using 6 workers of 6 for evacuation
[72.223s][info][gc,phases      ] GC(20)   Pre Evacuate Collection Set: 0.35ms
[72.223s][info][gc,phases      ] GC(20)   Merge Heap Roots: 0.21ms
[72.223s][info][gc,phases      ] GC(20)   Evacuate Collection Set: 26.10ms
[72.223s][info][gc,phases      ] GC(20)   Post Evacuate Collection Set: 0.38ms
[72.223s][info][gc,phases      ] GC(20)   Other: 0.08ms
[72.223s][info][gc,heap        ] GC(20) Eden regions: 248->0(257)
[72.224s][info][gc,heap        ] GC(20) Survivor regions: 10->24(33)
[72.224s][info][gc,heap        ] GC(20) Old regions: 515->515
[72.224s][info][gc,heap        ] GC(20) Humongous regions: 46->46
[72.224s][info][gc,metaspace   ] GC(20) Metaspace: 27222K(27456K)->27222K(27456K) NonClass: 22412K(22528K)->22412K(22528K) Class: 4810K(4928K)->4810K(4928K)
[72.224s][info][gc             ] GC(20) Pause Young (Normal) (G1 Evacuation Pause) 1634M->1166M(4096M) 27.265ms
[72.224s][info][gc,cpu         ] GC(20) User=0.16s Sys=0.01s Real=0.03s
........ (rIR:aIR:PR = 100:100:98) (tPR = 3155) [OK] 
    79s: Performing snapshot: (quiescence.....) (stop TxI) (stop BE) (saving... 103435 Kb) (term) [86.584s][info][gc,start       ] GC(21) Pause Full (System.gc())
[86.584s][info][gc,task        ] GC(21) Using 6 workers of 6 for full compaction
[86.585s][info][gc,phases,start] GC(21) Phase 1: Mark live objects
[86.599s][info][gc,phases      ] GC(21) Phase 1: Mark live objects 14.575ms
[86.599s][info][gc,phases,start] GC(21) Phase 2: Prepare compaction
[86.602s][info][gc,phases      ] GC(21) Phase 2: Prepare compaction 2.299ms
[86.602s][info][gc,phases,start] GC(21) Phase 3: Adjust pointers
[86.608s][info][gc,phases      ] GC(21) Phase 3: Adjust pointers 6.396ms
[86.608s][info][gc,phases,start] GC(21) Phase 4: Compact heap
[86.610s][info][gc,phases      ] GC(21) Phase 4: Compact heap 2.315ms
[86.610s][info][gc,phases,start] GC(21) Phase 5: Reset Metadata
[86.615s][info][gc,phases      ] GC(21) Phase 5: Reset Metadata 4.103ms
[86.620s][info][gc,heap        ] GC(21) Eden regions: 154->0(299)
[86.620s][info][gc,heap        ] GC(21) Survivor regions: 24->0(33)
[86.620s][info][gc,heap        ] GC(21) Old regions: 515->34
[86.620s][info][gc,heap        ] GC(21) Humongous regions: 331->66
[86.620s][info][gc,metaspace   ] GC(21) Metaspace: 27381K(27584K)->27381K(27584K) NonClass: 22561K(22656K)->22561K(22656K) Class: 4819K(4928K)->4819K(4928K)
[86.620s][info][gc             ] GC(21) Pause Full (System.gc()) 2043M->193M(4096M) 36.299ms
[86.620s][info][gc,cpu         ] GC(21) User=0.19s Sys=0.00s Real=0.03s
(init[87.265s][info][gc,start       ] GC(22) Pause Young (Normal) (G1 Evacuation Pause)
[87.265s][info][gc,task        ] GC(22) Using 6 workers of 6 for evacuation
[87.430s][info][gc,phases      ] GC(22)   Pre Evacuate Collection Set: 0.31ms
[87.430s][info][gc,phases      ] GC(22)   Merge Heap Roots: 0.31ms
[87.430s][info][gc,phases      ] GC(22)   Evacuate Collection Set: 164.26ms
[87.430s][info][gc,phases      ] GC(22)   Post Evacuate Collection Set: 0.37ms
[87.430s][info][gc,phases      ] GC(22)   Other: 0.07ms
[87.430s][info][gc,heap        ] GC(22) Eden regions: 284->0(227)
[87.430s][info][gc,heap        ] GC(22) Survivor regions: 0->36(36)
[87.430s][info][gc,heap        ] GC(22) Old regions: 34->96
[87.430s][info][gc,heap        ] GC(22) Humongous regions: 107->107
[87.430s][info][gc,metaspace   ] GC(22) Metaspace: 27460K(27712K)->27460K(27712K) NonClass: 22632K(22784K)->22632K(22784K) Class: 4828K(4928K)->4828K(4928K)
[87.430s][info][gc             ] GC(22) Pause Young (Normal) (G1 Evacuation Pause) 843M->471M(4096M) 165.461ms
[87.430s][info][gc,cpu         ] GC(22) User=0.98s Sys=0.01s Real=0.16s
[87.779s][info][gc,start       ] GC(23) Pause Young (Normal) (G1 Evacuation Pause)
[87.779s][info][gc,task        ] GC(23) Using 6 workers of 6 for evacuation
[87.911s][info][gc,phases      ] GC(23)   Pre Evacuate Collection Set: 0.32ms
[87.911s][info][gc,phases      ] GC(23)   Merge Heap Roots: 0.42ms
[87.911s][info][gc,phases      ] GC(23)   Evacuate Collection Set: 130.64ms
[87.911s][info][gc,phases      ] GC(23)   Post Evacuate Collection Set: 0.34ms
[87.911s][info][gc,phases      ] GC(23)   Other: 0.06ms
[87.911s][info][gc,heap        ] GC(23) Eden regions: 199->0(224)
[87.911s][info][gc,heap        ] GC(23) Survivor regions: 36->30(30)
[87.911s][info][gc,heap        ] GC(23) Old regions: 96->182
[87.911s][info][gc,heap        ] GC(23) Humongous regions: 126->125
[87.911s][info][gc,metaspace   ] GC(23) Metaspace: 27478K(27712K)->27478K(27712K) NonClass: 22647K(22784K)->22647K(22784K) Class: 4830K(4928K)->4830K(4928K)
[87.911s][info][gc             ] GC(23) Pause Young (Normal) (G1 Evacuation Pause) 907M->667M(4096M) 131.948ms
[87.911s][info][gc,cpu         ] GC(23) User=0.78s Sys=0.00s Real=0.13s
[88.428s][info][gc,start       ] GC(24) Pause Young (Normal) (G1 Evacuation Pause)
[88.428s][info][gc,task        ] GC(24) Using 6 workers of 6 for evacuation
[88.559s][info][gc,phases      ] GC(24)   Pre Evacuate Collection Set: 0.31ms
[88.559s][info][gc,phases      ] GC(24)   Merge Heap Roots: 0.39ms
[88.559s][info][gc,phases      ] GC(24)   Evacuate Collection Set: 129.35ms
[88.559s][info][gc,phases      ] GC(24)   Post Evacuate Collection Set: 0.43ms
[88.559s][info][gc,phases      ] GC(24)   Other: 0.06ms
[88.559s][info][gc,heap        ] GC(24) Eden regions: 216->0(227)
[88.559s][info][gc,heap        ] GC(24) Survivor regions: 30->31(31)
[88.559s][info][gc,heap        ] GC(24) Old regions: 182->275
[88.559s][info][gc,heap        ] GC(24) Humongous regions: 162->160
[88.559s][info][gc,metaspace   ] GC(24) Metaspace: 27488K(27712K)->27488K(27712K) NonClass: 22656K(22784K)->22656K(22784K) Class: 4831K(4928K)->4831K(4928K)
[88.559s][info][gc             ] GC(24) Pause Young (Normal) (G1 Evacuation Pause) 1173M->924M(4096M) 130.683ms
[88.559s][info][gc,cpu         ] GC(24) User=0.78s Sys=0.00s Real=0.13s
[88.617s][info][gc,start       ] GC(25) Pause Young (Normal) (G1 Evacuation Pause)
[88.617s][info][gc,task        ] GC(25) Using 6 workers of 6 for evacuation
[88.798s][info][gc,phases      ] GC(25)   Pre Evacuate Collection Set: 0.32ms
[88.798s][info][gc,phases      ] GC(25)   Merge Heap Roots: 0.22ms
[88.798s][info][gc,phases      ] GC(25)   Evacuate Collection Set: 180.49ms
[88.798s][info][gc,phases      ] GC(25)   Post Evacuate Collection Set: 0.32ms
[88.798s][info][gc,phases      ] GC(25)   Other: 0.06ms
[88.798s][info][gc,heap        ] GC(25) Eden regions: 252->0(186)
[88.798s][info][gc,heap        ] GC(25) Survivor regions: 31->36(36)
[88.798s][info][gc,heap        ] GC(25) Old regions: 275->489
[88.798s][info][gc,heap        ] GC(25) Humongous regions: 160->160
[88.798s][info][gc,metaspace   ] GC(25) Metaspace: 27488K(27712K)->27488K(27712K) NonClass: 22656K(22784K)->22656K(22784K) Class: 4831K(4928K)->4831K(4928K)
[88.798s][info][gc             ] GC(25) Pause Young (Normal) (G1 Evacuation Pause) 1428M->1362M(4096M) 181.544ms
[88.799s][info][gc,cpu         ] GC(25) User=1.08s Sys=0.00s Real=0.18s
) ...
    91s:       rampup IR =      0 ... (rIR:aIR:PR = 0:0:0) (tPR = 0) [OK] 
    94s:       rampup IR =     10 ... (rIR:aIR:PR = 10:9:9) (tPR = 345) [OK] 
    97s:       rampup IR =     20 ... (rIR:aIR:PR = 20:18:18) (tPR = 662) [OK] 
   100s:       rampup IR =     30 .... (rIR:aIR:PR = 30:29:29) (tPR = 717) [OK] 
   104s:       rampup IR =     40 .... (rIR:aIR:PR = 40:39:39) (tPR = 796) [OK] 
   108s:       rampup IR =     50 .... (rIR:aIR:PR = 50:52:52) (tPR = 1346) [OK] 
   112s:       rampup IR =     60 .... (rIR:aIR:PR = 60:59:57) (tPR = 1320) [OK] 
   116s:       rampup IR =     70 .... (rIR:aIR:PR = 70:70:68) (tPR = 1896) [OK] 
   120s:       rampup IR =     80 .... (rIR:aIR:PR = 80:77:75) (tPR = 1757) [OK] 
   124s:       rampup IR =     90 .... (rIR:aIR:PR = 90:92:91) (tPR = 1927) [OK] 
   128s:       rampup IR =    100 .... (rIR:aIR:PR = 100:97:95) (tPR = 1840) [OK] 
   132s:       trying IR =    200 .... (rIR:aIR:PR = 200:205:200) (tPR = 4177) [OK] 
   136s:       trying IR =    220 .[138.486s][info][gc,start       ] GC(26) Pause Young (Normal) (G1 Evacuation Pause)
[138.486s][info][gc,task        ] GC(26) Using 6 workers of 6 for evacuation
[138.539s][info][gc,phases      ] GC(26)   Pre Evacuate Collection Set: 0.35ms
[138.539s][info][gc,phases      ] GC(26)   Merge Heap Roots: 0.53ms
[138.539s][info][gc,phases      ] GC(26)   Evacuate Collection Set: 51.75ms
[138.539s][info][gc,phases      ] GC(26)   Post Evacuate Collection Set: 0.52ms
[138.539s][info][gc,phases      ] GC(26)   Other: 0.07ms
[138.539s][info][gc,heap        ] GC(26) Eden regions: 190->0(249)
[138.539s][info][gc,heap        ] GC(26) Survivor regions: 36->23(29)
[138.539s][info][gc,heap        ] GC(26) Old regions: 489->527
[138.539s][info][gc,heap        ] GC(26) Humongous regions: 160->160
[138.539s][info][gc,metaspace   ] GC(26) Metaspace: 27703K(27904K)->27703K(27904K) NonClass: 22865K(22976K)->22865K(22976K) Class: 4838K(4928K)->4838K(4928K)
[138.539s][info][gc             ] GC(26) Pause Young (Normal) (G1 Evacuation Pause) 1742M->1412M(4096M) 53.355ms
[138.539s][info][gc,cpu         ] GC(26) User=0.32s Sys=0.00s Real=0.05s
... (rIR:aIR:PR = 220:224:219) (tPR = 4140) [OK] 
   140s:       trying IR =    244 ...... (rIR:aIR:PR = 244:244:240) (tPR = 4519) [OK] 
   146s:       trying IR =    273 .... (rIR:aIR:PR = 273:271:267) (tPR = 5704) [OK] 
   150s:       trying IR =    307 .[152.431s][info][gc,start       ] GC(27) Pause Young (Normal) (G1 Evacuation Pause)
[152.431s][info][gc,task        ] GC(27) Using 6 workers of 6 for evacuation
[152.474s][info][gc,phases      ] GC(27)   Pre Evacuate Collection Set: 0.32ms
[152.474s][info][gc,phases      ] GC(27)   Merge Heap Roots: 0.55ms
[152.474s][info][gc,phases      ] GC(27)   Evacuate Collection Set: 41.45ms
[152.474s][info][gc,phases      ] GC(27)   Post Evacuate Collection Set: 0.38ms
[152.474s][info][gc,phases      ] GC(27)   Other: 0.06ms
[152.474s][info][gc,heap        ] GC(27) Eden regions: 244->0(311)
[152.474s][info][gc,heap        ] GC(27) Survivor regions: 23->18(34)
[152.474s][info][gc,heap        ] GC(27) Old regions: 527->549
[152.474s][info][gc,heap        ] GC(27) Humongous regions: 160->160
[152.474s][info][gc,metaspace   ] GC(27) Metaspace: 27783K(28032K)->27783K(28032K) NonClass: 22944K(23104K)->22944K(23104K) Class: 4838K(4928K)->4838K(4928K)
[152.474s][info][gc             ] GC(27) Pause Young (Normal) (G1 Evacuation Pause) 1900M->1445M(4096M) 42.881ms
[152.474s][info][gc,cpu         ] GC(27) User=0.25s Sys=0.00s Real=0.05s
... (rIR:aIR:PR = 307:303:297) (tPR = 5718) [OK] 
   154s:       trying IR =    349 ..... (rIR:aIR:PR = 349:357:349) (tPR = 6711) [OK] 
   159s:       trying IR =    399 ...[162.995s][info][gc,start       ] GC(28) Pause Young (Normal) (G1 Evacuation Pause)
[162.995s][info][gc,task        ] GC(28) Using 6 workers of 6 for evacuation
[163.035s][info][gc,phases      ] GC(28)   Pre Evacuate Collection Set: 0.37ms
[163.035s][info][gc,phases      ] GC(28)   Merge Heap Roots: 0.42ms
[163.035s][info][gc,phases      ] GC(28)   Evacuate Collection Set: 39.00ms
[163.035s][info][gc,phases      ] GC(28)   Post Evacuate Collection Set: 0.34ms
[163.035s][info][gc,phases      ] GC(28)   Other: 0.07ms
[163.035s][info][gc,heap        ] GC(28) Eden regions: 318->0(355)
[163.035s][info][gc,heap        ] GC(28) Survivor regions: 18->33(42)
[163.035s][info][gc,heap        ] GC(28) Old regions: 549->549
[163.035s][info][gc,heap        ] GC(28) Humongous regions: 160->160
[163.035s][info][gc,metaspace   ] GC(28) Metaspace: 27834K(28032K)->27834K(28032K) NonClass: 22996K(23104K)->22996K(23104K) Class: 4838K(4928K)->4838K(4928K)
[163.035s][info][gc             ] GC(28) Pause Young (Normal) (G1 Evacuation Pause) 2081M->1476M(4096M) 40.326ms
[163.035s][info][gc,cpu         ] GC(28) User=0.24s Sys=0.00s Real=0.04s
. (rIR:aIR:PR = 399:409:400) (tPR = 7041) [OK] 
   163s:       trying IR =    458 .... (rIR:aIR:PR = 458:447:439) (tPR = 8224) [OK] 
   167s:       trying IR =    530 ....[171.877s][info][gc,start       ] GC(29) Pause Young (Normal) (G1 Evacuation Pause)
[171.877s][info][gc,task        ] GC(29) Using 6 workers of 6 for evacuation
[171.930s][info][gc,phases      ] GC(29)   Pre Evacuate Collection Set: 0.35ms
[171.930s][info][gc,phases      ] GC(29)   Merge Heap Roots: 0.46ms
[171.930s][info][gc,phases      ] GC(29)   Evacuate Collection Set: 51.64ms
[171.930s][info][gc,phases      ] GC(29)   Post Evacuate Collection Set: 0.48ms
[171.930s][info][gc,phases      ] GC(29)   Other: 0.07ms
[171.930s][info][gc,heap        ] GC(29) Eden regions: 359->0(419)
[171.930s][info][gc,heap        ] GC(29) Survivor regions: 33->38(49)
[171.930s][info][gc,heap        ] GC(29) Old regions: 549->563
[171.930s][info][gc,heap        ] GC(29) Humongous regions: 160->160
[171.930s][info][gc,metaspace   ] GC(29) Metaspace: 27867K(28096K)->27867K(28096K) NonClass: 23026K(23168K)->23026K(23168K) Class: 4841K(4928K)->4841K(4928K)
[171.930s][info][gc             ] GC(29) Pause Young (Normal) (G1 Evacuation Pause) 2194M->1514M(4096M) 53.125ms
[171.930s][info][gc,cpu         ] GC(29) User=0.30s Sys=0.01s Real=0.05s
 (rIR:aIR:PR = 530:536:525) (tPR = 8623) [OK] 
   171s:       trying IR =    616 ..... (rIR:aIR:PR = 616:622:609) (tPR = 10950) [OK] 
   176s:       trying IR =    719 ..[179.741s][info][gc,start       ] GC(30) Pause Young (Normal) (G1 Evacuation Pause)
[179.741s][info][gc,task        ] GC(30) Using 6 workers of 6 for evacuation
[179.798s][info][gc,phases      ] GC(30)   Pre Evacuate Collection Set: 0.34ms
[179.798s][info][gc,phases      ] GC(30)   Merge Heap Roots: 0.36ms
[179.798s][info][gc,phases      ] GC(30)   Evacuate Collection Set: 55.60ms
[179.798s][info][gc,phases      ] GC(30)   Post Evacuate Collection Set: 0.46ms
[179.798s][info][gc,phases      ] GC(30)   Other: 0.07ms
[179.798s][info][gc,heap        ] GC(30) Eden regions: 429->0(477)
[179.798s][info][gc,heap        ] GC(30) Survivor regions: 38->43(59)
[179.798s][info][gc,heap        ] GC(30) Old regions: 563->579
[179.798s][info][gc,heap        ] GC(30) Humongous regions: 160->160
[179.798s][info][gc,metaspace   ] GC(30) Metaspace: 27920K(28096K)->27920K(28096K) NonClass: 23078K(23168K)->23078K(23168K) Class: 4842K(4928K)->4842K(4928K)
[179.798s][info][gc             ] GC(30) Pause Young (Normal) (G1 Evacuation Pause) 2372M->1556M(4096M) 56.975ms
[179.798s][info][gc,cpu         ] GC(30) User=0.33s Sys=0.02s Real=0.06s
.. (rIR:aIR:PR = 719:718:702) (tPR = 12258) [OK] 
   180s:       trying IR =    843 .... (rIR:aIR:PR = 843:835:816) (tPR = 14612) [OK] 
   184s:       trying IR =    992 .[186.646s][info][gc,start       ] GC(31) Pause Young (Normal) (G1 Evacuation Pause)
[186.646s][info][gc,task        ] GC(31) Using 6 workers of 6 for evacuation
[186.707s][info][gc,phases      ] GC(31)   Pre Evacuate Collection Set: 0.39ms
[186.707s][info][gc,phases      ] GC(31)   Merge Heap Roots: 0.38ms
[186.707s][info][gc,phases      ] GC(31)   Evacuate Collection Set: 60.13ms
[186.707s][info][gc,phases      ] GC(31)   Post Evacuate Collection Set: 0.56ms
[186.707s][info][gc,phases      ] GC(31)   Other: 0.08ms
[186.707s][info][gc,heap        ] GC(31) Eden regions: 488->0(540)
[186.707s][info][gc,heap        ] GC(31) Survivor regions: 43->48(67)
[186.707s][info][gc,heap        ] GC(31) Old regions: 579->597
[186.707s][info][gc,heap        ] GC(31) Humongous regions: 160->160
[186.707s][info][gc,metaspace   ] GC(31) Metaspace: 27956K(28160K)->27956K(28160K) NonClass: 23112K(23232K)->23112K(23232K) Class: 4843K(4928K)->4843K(4928K)
[186.707s][info][gc             ] GC(31) Pause Young (Normal) (G1 Evacuation Pause) 2532M->1603M(4096M) 61.657ms
[186.707s][info][gc,cpu         ] GC(31) User=0.35s Sys=0.01s Real=0.06s
.... (rIR:aIR:PR = 992:993:971) (tPR = 17190) [OK] 
   189s:       trying IR =   1170 ..[192.691s][info][gc,start       ] GC(32) Pause Young (Normal) (G1 Evacuation Pause)
[192.691s][info][gc,task        ] GC(32) Using 6 workers of 6 for evacuation
[192.759s][info][gc,phases      ] GC(32)   Pre Evacuate Collection Set: 0.37ms
[192.759s][info][gc,phases      ] GC(32)   Merge Heap Roots: 0.40ms
[192.759s][info][gc,phases      ] GC(32)   Evacuate Collection Set: 66.10ms
[192.759s][info][gc,phases      ] GC(32)   Post Evacuate Collection Set: 0.59ms
[192.759s][info][gc,phases      ] GC(32)   Other: 0.08ms
[192.759s][info][gc,heap        ] GC(32) Eden regions: 549->0(597)
[192.759s][info][gc,heap        ] GC(32) Survivor regions: 48->54(75)
[192.759s][info][gc,heap        ] GC(32) Old regions: 597->617
[192.759s][info][gc,heap        ] GC(32) Humongous regions: 160->160
[192.759s][info][gc,metaspace   ] GC(32) Metaspace: 27992K(28224K)->27992K(28224K) NonClass: 23148K(23296K)->23148K(23296K) Class: 4843K(4928K)->4843K(4928K)
[192.759s][info][gc             ] GC(32) Pause Young (Normal) (G1 Evacuation Pause) 2701M->1654M(4096M) 67.678ms
[192.759s][info][gc,cpu         ] GC(32) User=0.39s Sys=0.01s Real=0.07s
... (rIR:aIR:PR = 1170:1169:1144) (tPR = 19342) [OK] 
   194s:       trying IR =   1384 ...[198.423s][info][gc,start       ] GC(33) Pause Young (Normal) (G1 Evacuation Pause)
[198.423s][info][gc,task        ] GC(33) Using 6 workers of 6 for evacuation
[198.496s][info][gc,phases      ] GC(33)   Pre Evacuate Collection Set: 0.35ms
[198.496s][info][gc,phases      ] GC(33)   Merge Heap Roots: 0.33ms
[198.496s][info][gc,phases      ] GC(33)   Evacuate Collection Set: 72.20ms
[198.496s][info][gc,phases      ] GC(33)   Post Evacuate Collection Set: 0.58ms
[198.496s][info][gc,phases      ] GC(33)   Other: 0.07ms
[198.496s][info][gc,heap        ] GC(33) Eden regions: 606->0(652)
[198.496s][info][gc,heap        ] GC(33) Survivor regions: 54->59(83)
[198.496s][info][gc,heap        ] GC(33) Old regions: 617->638
[198.496s][info][gc,heap        ] GC(33) Humongous regions: 160->160
[198.496s][info][gc,metaspace   ] GC(33) Metaspace: 28092K(28352K)->28092K(28352K) NonClass: 23232K(23360K)->23232K(23360K) Class: 4859K(4992K)->4859K(4992K)
[198.496s][info][gc             ] GC(33) Pause Young (Normal) (G1 Evacuation Pause) 2866M->1707M(4096M) 73.667ms
[198.496s][info][gc,cpu         ] GC(33) User=0.42s Sys=0.02s Real=0.07s
. (rIR:aIR:PR = 1384:1373:1355) (tPR = 23141) [OK] 
   198s:       trying IR =   1641 .... (rIR:aIR:PR = 1641:1639:1622) (tPR = 28166) [OK] 
   202s:       trying IR =   1949 [203.316s][info][gc,start       ] GC(34) Pause Young (Normal) (G1 Evacuation Pause)
[203.316s][info][gc,task        ] GC(34) Using 6 workers of 6 for evacuation
[203.398s][info][gc,phases      ] GC(34)   Pre Evacuate Collection Set: 0.37ms
[203.398s][info][gc,phases      ] GC(34)   Merge Heap Roots: 0.37ms
[203.398s][info][gc,phases      ] GC(34)   Evacuate Collection Set: 80.22ms
[203.398s][info][gc,phases      ] GC(34)   Post Evacuate Collection Set: 0.74ms
[203.398s][info][gc,phases      ] GC(34)   Other: 0.09ms
[203.398s][info][gc,heap        ] GC(34) Eden regions: 658->0(699)
[203.398s][info][gc,heap        ] GC(34) Survivor regions: 59->65(90)
[203.398s][info][gc,heap        ] GC(34) Old regions: 638->662
[203.398s][info][gc,heap        ] GC(34) Humongous regions: 162->162
[203.398s][info][gc,metaspace   ] GC(34) Metaspace: 28120K(28352K)->28120K(28352K) NonClass: 23261K(23360K)->23261K(23360K) Class: 4859K(4992K)->4859K(4992K)
[203.398s][info][gc             ] GC(34) Pause Young (Normal) (G1 Evacuation Pause) 3027M->1769M(4096M) 81.921ms
[203.398s][info][gc,cpu         ] GC(34) User=0.47s Sys=0.02s Real=0.08s
.... (rIR:aIR:PR = 1949:1949:1925) (tPR = 30283) [OK] 
   206s:       trying IR =   2319 [207.519s][info][gc,start       ] GC(35) Pause Young (Normal) (G1 Evacuation Pause)
[207.519s][info][gc,task        ] GC(35) Using 6 workers of 6 for evacuation
[207.605s][info][gc,phases      ] GC(35)   Pre Evacuate Collection Set: 0.32ms
[207.605s][info][gc,phases      ] GC(35)   Merge Heap Roots: 0.39ms
[207.605s][info][gc,phases      ] GC(35)   Evacuate Collection Set: 85.15ms
[207.605s][info][gc,phases      ] GC(35)   Post Evacuate Collection Set: 0.75ms
[207.605s][info][gc,phases      ] GC(35)   Other: 0.08ms
[207.605s][info][gc,heap        ] GC(35) Eden regions: 700->0(746)
[207.605s][info][gc,heap        ] GC(35) Survivor regions: 65->70(96)
[207.605s][info][gc,heap        ] GC(35) Old regions: 662->688
[207.605s][info][gc,heap        ] GC(35) Humongous regions: 162->162
[207.605s][info][gc,metaspace   ] GC(35) Metaspace: 28147K(28416K)->28147K(28416K) NonClass: 23287K(23424K)->23287K(23424K) Class: 4859K(4992K)->4859K(4992K)
[207.605s][info][gc             ] GC(35) Pause Young (Normal) (G1 Evacuation Pause) 3169M->1831M(4096M) 86.819ms
[207.605s][info][gc,cpu         ] GC(35) User=0.51s Sys=0.00s Real=0.09s
.... (rIR:aIR:PR = 2319:2296:2299) (tPR = 37557) [OK] 
   210s:       trying IR =   2762 [211.705s][info][gc,start       ] GC(36) Pause Young (Normal) (G1 Evacuation Pause)
[211.705s][info][gc,task        ] GC(36) Using 6 workers of 6 for evacuation
[211.814s][info][gc,phases      ] GC(36)   Pre Evacuate Collection Set: 0.39ms
[211.814s][info][gc,phases      ] GC(36)   Merge Heap Roots: 0.44ms
[211.814s][info][gc,phases      ] GC(36)   Evacuate Collection Set: 106.95ms
[211.814s][info][gc,phases      ] GC(36)   Post Evacuate Collection Set: 0.75ms
[211.814s][info][gc,phases      ] GC(36)   Other: 0.08ms
[211.814s][info][gc,heap        ] GC(36) Eden regions: 749->0(773)
[211.814s][info][gc,heap        ] GC(36) Survivor regions: 70->75(103)
[211.814s][info][gc,heap        ] GC(36) Old regions: 688->714
[211.814s][info][gc,heap        ] GC(36) Humongous regions: 162->162
[211.814s][info][gc,metaspace   ] GC(36) Metaspace: 28193K(28416K)->28193K(28416K) NonClass: 23333K(23424K)->23333K(23424K) Class: 4859K(4992K)->4859K(4992K)
[211.814s][info][gc             ] GC(36) Pause Young (Normal) (G1 Evacuation Pause) 3329M->1895M(4096M) 108.738ms
[211.814s][info][gc,cpu         ] GC(36) User=0.62s Sys=0.02s Real=0.11s
.... (rIR:aIR:PR = 2762:2793:2793) (tPR = 43345) [OK] 
   214s:       trying IR =   3295 [215.591s][info][gc,start       ] GC(37) Pause Young (Normal) (G1 Evacuation Pause)
[215.591s][info][gc,task        ] GC(37) Using 6 workers of 6 for evacuation
[215.686s][info][gc,phases      ] GC(37)   Pre Evacuate Collection Set: 0.35ms
[215.686s][info][gc,phases      ] GC(37)   Merge Heap Roots: 0.37ms
[215.686s][info][gc,phases      ] GC(37)   Evacuate Collection Set: 93.98ms
[215.686s][info][gc,phases      ] GC(37)   Post Evacuate Collection Set: 0.74ms
[215.686s][info][gc,phases      ] GC(37)   Other: 0.07ms
[215.686s][info][gc,heap        ] GC(37) Eden regions: 773->0(783)
[215.686s][info][gc,heap        ] GC(37) Survivor regions: 75->79(106)
[215.686s][info][gc,heap        ] GC(37) Old regions: 714->742
[215.686s][info][gc,heap        ] GC(37) Humongous regions: 162->162
[215.686s][info][gc,metaspace   ] GC(37) Metaspace: 28326K(28608K)->28326K(28608K) NonClass: 23450K(23616K)->23450K(23616K) Class: 4875K(4992K)->4875K(4992K)
[215.686s][info][gc             ] GC(37) Pause Young (Normal) (G1 Evacuation Pause) 3441M->1959M(4096M) 95.662ms
[215.686s][info][gc,cpu         ] GC(37) User=0.55s Sys=0.03s Real=0.10s
.... (rIR:aIR:PR = 3295:3302:3301) (tPR = 50700) [OK] 
   218s:       trying IR =   3934 [219.228s][info][gc,start       ] GC(38) Pause Young (Normal) (G1 Evacuation Pause)
[219.228s][info][gc,task        ] GC(38) Using 6 workers of 6 for evacuation
[219.325s][info][gc,phases      ] GC(38)   Pre Evacuate Collection Set: 0.32ms
[219.325s][info][gc,phases      ] GC(38)   Merge Heap Roots: 0.41ms
[219.325s][info][gc,phases      ] GC(38)   Evacuate Collection Set: 94.92ms
[219.325s][info][gc,phases      ] GC(38)   Post Evacuate Collection Set: 0.85ms
[219.325s][info][gc,phases      ] GC(38)   Other: 0.09ms
[219.325s][info][gc,heap        ] GC(38) Eden regions: 783->0(786)
[219.325s][info][gc,heap        ] GC(38) Survivor regions: 79->83(108)
[219.325s][info][gc,heap        ] GC(38) Old regions: 742->772
[219.325s][info][gc,heap        ] GC(38) Humongous regions: 162->162
[219.325s][info][gc,metaspace   ] GC(38) Metaspace: 28600K(28928K)->28600K(28928K) NonClass: 23719K(23872K)->23719K(23872K) Class: 4881K(5056K)->4881K(5056K)
[219.325s][info][gc             ] GC(38) Pause Young (Normal) (G1 Evacuation Pause) 3525M->2026M(4096M) 96.748ms
[219.325s][info][gc,cpu         ] GC(38) User=0.56s Sys=0.01s Real=0.10s
...[222.442s][info][gc,start       ] GC(39) Pause Young (Concurrent Start) (G1 Evacuation Pause)
[222.442s][info][gc,task        ] GC(39) Using 6 workers of 6 for evacuation
[222.540s][info][gc,phases      ] GC(39)   Pre Evacuate Collection Set: 0.37ms
[222.540s][info][gc,phases      ] GC(39)   Merge Heap Roots: 0.41ms
[222.540s][info][gc,phases      ] GC(39)   Evacuate Collection Set: 96.81ms
[222.540s][info][gc,phases      ] GC(39)   Post Evacuate Collection Set: 0.79ms
[222.540s][info][gc,phases      ] GC(39)   Other: 0.09ms
[222.540s][info][gc,heap        ] GC(39) Eden regions: 786->0(784)
[222.540s][info][gc,heap        ] GC(39) Survivor regions: 83->86(109)
[222.540s][info][gc,heap        ] GC(39) Old regions: 772->801
[222.540s][info][gc,heap        ] GC(39) Humongous regions: 162->162
[222.540s][info][gc,metaspace   ] GC(39) Metaspace: 28652K(28928K)->28652K(28928K) NonClass: 23771K(23872K)->23771K(23872K) Class: 4881K(5056K)->4881K(5056K)
[222.540s][info][gc             ] GC(39) Pause Young (Concurrent Start) (G1 Evacuation Pause) 3598M->2091M(4096M) 98.597ms
[222.540s][info][gc             ] GC(40) Concurrent Mark Cycle
[222.540s][info][gc,marking     ] GC(40) Concurrent Scan Root Regions
[222.540s][info][gc,cpu         ] GC(39) User=0.58s Sys=0.01s Real=0.09s
[222.666s][info][gc,marking     ] GC(40) Concurrent Scan Root Regions 125.550ms
[222.666s][info][gc,marking     ] GC(40) Concurrent Mark
[222.666s][info][gc,marking     ] GC(40) Concurrent Mark From Roots
[222.666s][info][gc,task        ] GC(40) Using 2 workers of 2 for marking
. (rIR:aIR:PR = 3934:3914:3914) (tPR = 59753) [OK] 
   222s:       trying IR =   4701 [223.365s][info][gc,marking     ] GC(40) Concurrent Mark From Roots 698.589ms
[223.365s][info][gc,marking     ] GC(40) Concurrent Preclean
[223.365s][info][gc,marking     ] GC(40) Concurrent Preclean 0.068ms
[223.365s][info][gc,start       ] GC(40) Pause Remark
[223.370s][info][gc             ] GC(40) Pause Remark 2517M->2237M(4096M) 4.790ms
[223.370s][info][gc,cpu         ] GC(40) User=0.02s Sys=0.00s Real=0.00s
[223.370s][info][gc,marking     ] GC(40) Concurrent Mark 703.729ms
[223.370s][info][gc,marking     ] GC(40) Concurrent Rebuild Remembered Sets and Scrub Regions
[223.753s][info][gc,marking     ] GC(40) Concurrent Rebuild Remembered Sets and Scrub Regions 382.829ms
[223.753s][info][gc,start       ] GC(40) Pause Cleanup
[223.753s][info][gc             ] GC(40) Pause Cleanup 2481M->2481M(4096M) 0.282ms
[223.753s][info][gc,cpu         ] GC(40) User=0.00s Sys=0.00s Real=0.00s
[223.753s][info][gc,marking     ] GC(40) Concurrent Clear Claimed Marks
[223.753s][info][gc,marking     ] GC(40) Concurrent Clear Claimed Marks 0.037ms
[223.753s][info][gc,marking     ] GC(40) Concurrent Cleanup for Next Mark
[223.757s][info][gc,marking     ] GC(40) Concurrent Cleanup for Next Mark 4.266ms
[223.757s][info][gc             ] GC(40) Concurrent Mark Cycle 1217.118ms
..[225.252s][info][gc,start       ] GC(41) Pause Young (Prepare Mixed) (G1 Evacuation Pause)
[225.253s][info][gc,task        ] GC(41) Using 6 workers of 6 for evacuation
[225.352s][info][gc,phases      ] GC(41)   Pre Evacuate Collection Set: 0.37ms
[225.352s][info][gc,phases      ] GC(41)   Merge Heap Roots: 0.45ms
[225.352s][info][gc,phases      ] GC(41)   Evacuate Collection Set: 97.26ms
[225.352s][info][gc,phases      ] GC(41)   Post Evacuate Collection Set: 0.88ms
[225.352s][info][gc,phases      ] GC(41)   Other: 0.08ms
[225.352s][info][gc,heap        ] GC(41) Eden regions: 784->0(834)
[225.352s][info][gc,heap        ] GC(41) Survivor regions: 86->88(109)
[225.352s][info][gc,heap        ] GC(41) Old regions: 746->777
[225.352s][info][gc,heap        ] GC(41) Humongous regions: 77->77
[225.352s][info][gc,metaspace   ] GC(41) Metaspace: 28658K(28928K)->28658K(28928K) NonClass: 23777K(23872K)->23777K(23872K) Class: 4881K(5056K)->4881K(5056K)
[225.352s][info][gc             ] GC(41) Pause Young (Prepare Mixed) (G1 Evacuation Pause) 3379M->1876M(4096M) 99.169ms
[225.352s][info][gc,cpu         ] GC(41) User=0.59s Sys=0.00s Real=0.10s
.. (rIR:aIR:PR = 4701:4719:4718) (tPR = 73385) [OK] 
   226s:       trying IR =   5621 [227.913s][info][gc,start       ] GC(42) Pause Young (Mixed) (G1 Evacuation Pause)
[227.913s][info][gc,task        ] GC(42) Using 6 workers of 6 for evacuation
[228.024s][info][gc,phases      ] GC(42)   Pre Evacuate Collection Set: 0.38ms
[228.024s][info][gc,phases      ] GC(42)   Merge Heap Roots: 0.71ms
[228.024s][info][gc,phases      ] GC(42)   Evacuate Collection Set: 108.78ms
[228.024s][info][gc,phases      ] GC(42)   Post Evacuate Collection Set: 1.03ms
[228.024s][info][gc,phases      ] GC(42)   Other: 0.10ms
[228.024s][info][gc,heap        ] GC(42) Eden regions: 807->0(859)
[228.024s][info][gc,heap        ] GC(42) Survivor regions: 88->88(112)
[228.024s][info][gc,heap        ] GC(42) Old regions: 777->761
[228.024s][info][gc,heap        ] GC(42) Humongous regions: 77->77
[228.024s][info][gc,metaspace   ] GC(42) Metaspace: 28675K(28992K)->28675K(28992K) NonClass: 23792K(23936K)->23792K(23936K) Class: 4882K(5056K)->4882K(5056K)
[228.024s][info][gc             ] GC(42) Pause Young (Mixed) (G1 Evacuation Pause) 3490M->1845M(4096M) 111.123ms
[228.024s][info][gc,cpu         ] GC(42) User=0.65s Sys=0.01s Real=0.11s
...[230.408s][info][gc,start       ] GC(43) Pause Young (Mixed) (G1 Evacuation Pause)
[230.408s][info][gc,task        ] GC(43) Using 6 workers of 6 for evacuation
[230.520s][info][gc,phases      ] GC(43)   Pre Evacuate Collection Set: 0.37ms
[230.520s][info][gc,phases      ] GC(43)   Merge Heap Roots: 0.63ms
[230.520s][info][gc,phases      ] GC(43)   Evacuate Collection Set: 110.34ms
[230.520s][info][gc,phases      ] GC(43)   Merge Optional Heap Roots: 0.02ms
[230.520s][info][gc,phases      ] GC(43)   Evacuate Optional Collection Set: 0.22ms
[230.520s][info][gc,phases      ] GC(43)   Post Evacuate Collection Set: 1.08ms
[230.520s][info][gc,phases      ] GC(43)   Other: 0.12ms
[230.520s][info][gc,heap        ] GC(43) Eden regions: 840->0(877)
[230.520s][info][gc,heap        ] GC(43) Survivor regions: 88->90(116)
[230.520s][info][gc,heap        ] GC(43) Old regions: 761->740
[230.520s][info][gc,heap        ] GC(43) Humongous regions: 77->77
[230.520s][info][gc,metaspace   ] GC(43) Metaspace: 28675K(28992K)->28675K(28992K) NonClass: 23792K(23936K)->23792K(23936K) Class: 4882K(5056K)->4882K(5056K)
[230.520s][info][gc             ] GC(43) Pause Young (Mixed) (G1 Evacuation Pause) 3525M->1808M(4096M) 112.938ms
[230.521s][info][gc,cpu         ] GC(43) User=0.65s Sys=0.02s Real=0.11s
. (rIR:aIR:PR = 5621:5771:5770) (tPR = 88634) [OK] 
   230s:       trying IR =   6725 .[232.614s][info][gc,start       ] GC(44) Pause Young (Mixed) (G1 Evacuation Pause)
[232.614s][info][gc,task        ] GC(44) Using 6 workers of 6 for evacuation
[232.730s][info][gc,phases      ] GC(44)   Pre Evacuate Collection Set: 0.35ms
[232.730s][info][gc,phases      ] GC(44)   Merge Heap Roots: 0.67ms
[232.730s][info][gc,phases      ] GC(44)   Evacuate Collection Set: 113.31ms
[232.730s][info][gc,phases      ] GC(44)   Merge Optional Heap Roots: 0.07ms
[232.730s][info][gc,phases      ] GC(44)   Evacuate Optional Collection Set: 1.25ms
[232.730s][info][gc,phases      ] GC(44)   Post Evacuate Collection Set: 0.94ms
[232.730s][info][gc,phases      ] GC(44)   Other: 0.12ms
[232.730s][info][gc,heap        ] GC(44) Eden regions: 876->0(483)
[232.730s][info][gc,heap        ] GC(44) Survivor regions: 90->93(121)
[232.730s][info][gc,heap        ] GC(44) Old regions: 740->717
[232.730s][info][gc,heap        ] GC(44) Humongous regions: 77->77
[232.730s][info][gc,metaspace   ] GC(44) Metaspace: 28712K(29056K)->28712K(29056K) NonClass: 23830K(24000K)->23830K(24000K) Class: 4882K(5056K)->4882K(5056K)
[232.730s][info][gc             ] GC(44) Pause Young (Mixed) (G1 Evacuation Pause) 3560M->1767M(4096M) 116.854ms
[232.731s][info][gc,cpu         ] GC(44) User=0.68s Sys=0.01s Real=0.11s
.[233.986s][info][gc,start       ] GC(45) Pause Young (Mixed) (G1 Evacuation Pause)
[233.986s][info][gc,task        ] GC(45) Using 6 workers of 6 for evacuation
[234.087s][info][gc,phases      ] GC(45)   Pre Evacuate Collection Set: 0.35ms
[234.087s][info][gc,phases      ] GC(45)   Merge Heap Roots: 0.65ms
[234.087s][info][gc,phases      ] GC(45)   Evacuate Collection Set: 99.16ms
[234.087s][info][gc,phases      ] GC(45)   Post Evacuate Collection Set: 0.88ms
[234.087s][info][gc,phases      ] GC(45)   Other: 0.08ms
[234.087s][info][gc,heap        ] GC(45) Eden regions: 593->0(915)
[234.087s][info][gc,heap        ] GC(45) Survivor regions: 93->38(86)
[234.087s][info][gc,heap        ] GC(45) Old regions: 717->744
[234.087s][info][gc,heap        ] GC(45) Humongous regions: 77->77
[234.087s][info][gc,metaspace   ] GC(45) Metaspace: 28713K(29056K)->28713K(29056K) NonClass: 23831K(24000K)->23831K(24000K) Class: 4882K(5056K)->4882K(5056K)
[234.087s][info][gc             ] GC(45) Pause Young (Mixed) (G1 Evacuation Pause) 2953M->1712M(4096M) 101.245ms
[234.087s][info][gc,cpu         ] GC(45) User=0.60s Sys=0.00s Real=0.10s
.. (rIR:aIR:PR = 6725:6680:6680) (tPR = 99224) [OK] 
   234s:       trying IR =   8050 .[236.099s][info][gc,start       ] GC(46) Pause Young (Mixed) (G1 Evacuation Pause)
[236.099s][info][gc,task        ] GC(46) Using 6 workers of 6 for evacuation
[236.190s][info][gc,phases      ] GC(46)   Pre Evacuate Collection Set: 0.41ms
[236.190s][info][gc,phases      ] GC(46)   Merge Heap Roots: 0.74ms
[236.190s][info][gc,phases      ] GC(46)   Evacuate Collection Set: 87.83ms
[236.190s][info][gc,phases      ] GC(46)   Merge Optional Heap Roots: 0.04ms
[236.190s][info][gc,phases      ] GC(46)   Evacuate Optional Collection Set: 0.42ms
[236.190s][info][gc,phases      ] GC(46)   Post Evacuate Collection Set: 1.07ms
[236.190s][info][gc,phases      ] GC(46)   Other: 0.11ms
[236.190s][info][gc,heap        ] GC(46) Eden regions: 915->0(938)
[236.190s][info][gc,heap        ] GC(46) Survivor regions: 38->84(120)
[236.190s][info][gc,heap        ] GC(46) Old regions: 744->675
[236.190s][info][gc,heap        ] GC(46) Humongous regions: 77->77
[236.190s][info][gc,metaspace   ] GC(46) Metaspace: 28716K(29056K)->28716K(29056K) NonClass: 23834K(24000K)->23834K(24000K) Class: 4882K(5056K)->4882K(5056K)
[236.190s][info][gc             ] GC(46) Pause Young (Mixed) (G1 Evacuation Pause) 3542M->1665M(4096M) 90.754ms
[236.190s][info][gc,cpu         ] GC(46) User=0.54s Sys=0.00s Real=0.09s
.[238.004s][info][gc,start       ] GC(47) Pause Young (Mixed) (G1 Evacuation Pause)
[238.004s][info][gc,task        ] GC(47) Using 6 workers of 6 for evacuation
[238.136s][info][gc,phases      ] GC(47)   Pre Evacuate Collection Set: 0.35ms
[238.136s][info][gc,phases      ] GC(47)   Merge Heap Roots: 0.85ms
[238.136s][info][gc,phases      ] GC(47)   Evacuate Collection Set: 123.55ms
[238.136s][info][gc,phases      ] GC(47)   Merge Optional Heap Roots: 0.16ms
[238.136s][info][gc,phases      ] GC(47)   Evacuate Optional Collection Set: 4.96ms
[238.136s][info][gc,phases      ] GC(47)   Post Evacuate Collection Set: 1.20ms
[238.136s][info][gc,phases      ] GC(47)   Other: 0.12ms
[238.136s][info][gc,heap        ] GC(47) Eden regions: 938->0(972)
[238.136s][info][gc,heap        ] GC(47) Survivor regions: 84->99(128)
[238.136s][info][gc,heap        ] GC(47) Old regions: 675->619
[238.136s][info][gc,heap        ] GC(47) Humongous regions: 77->77
[238.136s][info][gc,metaspace   ] GC(47) Metaspace: 28727K(29056K)->28727K(29056K) NonClass: 23844K(24000K)->23844K(24000K) Class: 4882K(5056K)->4882K(5056K)
[238.136s][info][gc             ] GC(47) Pause Young (Mixed) (G1 Evacuation Pause) 3541M->1587M(4096M) 131.314ms
[238.136s][info][gc,cpu         ] GC(47) User=0.77s Sys=0.00s Real=0.13s
..[240.007s][info][gc,start       ] GC(48) Pause Young (Mixed) (G1 Evacuation Pause)
[240.007s][info][gc,task        ] GC(48) Using 6 workers of 6 for evacuation
[240.146s][info][gc,phases      ] GC(48)   Pre Evacuate Collection Set: 0.34ms
[240.146s][info][gc,phases      ] GC(48)   Merge Heap Roots: 1.05ms
[240.147s][info][gc,phases      ] GC(48)   Evacuate Collection Set: 137.11ms
[240.147s][info][gc,phases      ] GC(48)   Post Evacuate Collection Set: 0.85ms
[240.147s][info][gc,phases      ] GC(48)   Other: 0.09ms
[240.147s][info][gc,heap        ] GC(48) Eden regions: 972->0(975)
[240.147s][info][gc,heap        ] GC(48) Survivor regions: 99->99(134)
[240.147s][info][gc,heap        ] GC(48) Old regions: 619->638
[240.147s][info][gc,heap        ] GC(48) Humongous regions: 77->77
[240.147s][info][gc,metaspace   ] GC(48) Metaspace: 28727K(29056K)->28727K(29056K) NonClass: 23845K(24000K)->23845K(24000K) Class: 4882K(5056K)->4882K(5056K)
[240.147s][info][gc             ] GC(48) Pause Young (Mixed) (G1 Evacuation Pause) 3531M->1626M(4096M) 139.575ms
[240.147s][info][gc,cpu         ] GC(48) User=0.84s Sys=0.00s Real=0.14s
.. (rIR:aIR:PR = 8050:7959:7956) (tPR = 121739) [OK] 
   240s:       trying IR =   9640 [241.908s][info][gc,start       ] GC(49) Pause Young (Normal) (G1 Evacuation Pause)
[241.908s][info][gc,task        ] GC(49) Using 6 workers of 6 for evacuation
[242.022s][info][gc,phases      ] GC(49)   Pre Evacuate Collection Set: 0.33ms
[242.022s][info][gc,phases      ] GC(49)   Merge Heap Roots: 0.47ms
[242.022s][info][gc,phases      ] GC(49)   Evacuate Collection Set: 111.71ms
[242.022s][info][gc,phases      ] GC(49)   Post Evacuate Collection Set: 0.81ms
[242.022s][info][gc,phases      ] GC(49)   Other: 0.08ms
[242.022s][info][gc,heap        ] GC(49) Eden regions: 975->0(971)
[242.022s][info][gc,heap        ] GC(49) Survivor regions: 99->104(135)
[242.022s][info][gc,heap        ] GC(49) Old regions: 638->668
[242.022s][info][gc,heap        ] GC(49) Humongous regions: 77->77
[242.022s][info][gc,metaspace   ] GC(49) Metaspace: 28728K(29056K)->28728K(29056K) NonClass: 23846K(24000K)->23846K(24000K) Class: 4882K(5056K)->4882K(5056K)
[242.022s][info][gc             ] GC(49) Pause Young (Normal) (G1 Evacuation Pause) 3576M->1695M(4096M) 113.531ms
[242.022s][info][gc,cpu         ] GC(49) User=0.67s Sys=0.00s Real=0.12s
..[243.537s][info][gc,start       ] GC(50) Pause Young (Normal) (G1 Evacuation Pause)
[243.537s][info][gc,task        ] GC(50) Using 6 workers of 6 for evacuation
[243.657s][info][gc,phases      ] GC(50)   Pre Evacuate Collection Set: 0.33ms
[243.657s][info][gc,phases      ] GC(50)   Merge Heap Roots: 0.44ms
[243.657s][info][gc,phases      ] GC(50)   Evacuate Collection Set: 118.35ms
[243.657s][info][gc,phases      ] GC(50)   Post Evacuate Collection Set: 0.83ms
[243.657s][info][gc,phases      ] GC(50)   Other: 0.08ms
[243.657s][info][gc,heap        ] GC(50) Eden regions: 971->0(956)
[243.657s][info][gc,heap        ] GC(50) Survivor regions: 104->106(135)
[243.657s][info][gc,heap        ] GC(50) Old regions: 668->700
[243.657s][info][gc,heap        ] GC(50) Humongous regions: 77->77
[243.657s][info][gc,metaspace   ] GC(50) Metaspace: 28741K(29056K)->28741K(29056K) NonClass: 23859K(24000K)->23859K(24000K) Class: 4882K(5056K)->4882K(5056K)
[243.657s][info][gc             ] GC(50) Pause Young (Normal) (G1 Evacuation Pause) 3637M->1764M(4096M) 120.166ms
[243.658s][info][gc,cpu         ] GC(50) User=0.71s Sys=0.00s Real=0.12s
.[245.136s][info][gc,start       ] GC(51) Pause Young (Normal) (G1 Evacuation Pause)
[245.136s][info][gc,task        ] GC(51) Using 6 workers of 6 for evacuation
[245.247s][info][gc,phases      ] GC(51)   Pre Evacuate Collection Set: 0.36ms
[245.247s][info][gc,phases      ] GC(51)   Merge Heap Roots: 0.46ms
[245.247s][info][gc,phases      ] GC(51)   Evacuate Collection Set: 109.36ms
[245.247s][info][gc,phases      ] GC(51)   Post Evacuate Collection Set: 0.81ms
[245.247s][info][gc,phases      ] GC(51)   Other: 0.07ms
[245.247s][info][gc,heap        ] GC(51) Eden regions: 956->0(934)
[245.247s][info][gc,heap        ] GC(51) Survivor regions: 106->101(133)
[245.247s][info][gc,heap        ] GC(51) Old regions: 700->732
[245.247s][info][gc,heap        ] GC(51) Humongous regions: 77->77
[245.247s][info][gc,metaspace   ] GC(51) Metaspace: 28757K(29056K)->28757K(29056K) NonClass: 23874K(24000K)->23874K(24000K) Class: 4882K(5056K)->4882K(5056K)
[245.247s][info][gc             ] GC(51) Pause Young (Normal) (G1 Evacuation Pause) 3676M->1816M(4096M) 111.182ms
[245.247s][info][gc,cpu         ] GC(51) User=0.66s Sys=0.00s Real=0.11s
..[246.815s][info][gc,start       ] GC(52) Pause Young (Normal) (G1 Evacuation Pause)
[246.815s][info][gc,task        ] GC(52) Using 6 workers of 6 for evacuation
[246.925s][info][gc,phases      ] GC(52)   Pre Evacuate Collection Set: 0.36ms
[246.925s][info][gc,phases      ] GC(52)   Merge Heap Roots: 0.45ms
[246.925s][info][gc,phases      ] GC(52)   Evacuate Collection Set: 108.47ms
[246.925s][info][gc,phases      ] GC(52)   Post Evacuate Collection Set: 0.78ms
[246.925s][info][gc,phases      ] GC(52)   Other: 0.08ms
[246.925s][info][gc,heap        ] GC(52) Eden regions: 934->0(902)
[246.925s][info][gc,heap        ] GC(52) Survivor regions: 101->101(130)
[246.925s][info][gc,heap        ] GC(52) Old regions: 732->764
[246.925s][info][gc,heap        ] GC(52) Humongous regions: 77->77
[246.925s][info][gc,metaspace   ] GC(52) Metaspace: 28759K(29056K)->28759K(29056K) NonClass: 23876K(24000K)->23876K(24000K) Class: 4882K(5056K)->4882K(5056K)
[246.926s][info][gc             ] GC(52) Pause Young (Normal) (G1 Evacuation Pause) 3684M->1881M(4096M) 110.272ms
[246.926s][info][gc,cpu         ] GC(52) User=0.66s Sys=0.01s Real=0.11s
. (rIR:aIR:PR = 9640:9667:9663) (tPR = 148028) [OK] 
   246s:       trying IR =  11548 .[248.297s][info][gc,start       ] GC(53) Pause Young (Normal) (G1 Evacuation Pause)
[248.297s][info][gc,task        ] GC(53) Using 6 workers of 6 for evacuation
[248.407s][info][gc,phases      ] GC(53)   Pre Evacuate Collection Set: 0.32ms
[248.407s][info][gc,phases      ] GC(53)   Merge Heap Roots: 0.45ms
[248.407s][info][gc,phases      ] GC(53)   Evacuate Collection Set: 108.01ms
[248.407s][info][gc,phases      ] GC(53)   Post Evacuate Collection Set: 0.79ms
[248.407s][info][gc,phases      ] GC(53)   Other: 0.08ms
[248.407s][info][gc,heap        ] GC(53) Eden regions: 902->0(871)
[248.407s][info][gc,heap        ] GC(53) Survivor regions: 101->101(126)
[248.407s][info][gc,heap        ] GC(53) Old regions: 764->795
[248.407s][info][gc,heap        ] GC(53) Humongous regions: 77->77
[248.407s][info][gc,metaspace   ] GC(53) Metaspace: 28759K(29056K)->28759K(29056K) NonClass: 23876K(24000K)->23876K(24000K) Class: 4882K(5056K)->4882K(5056K)
[248.407s][info][gc             ] GC(53) Pause Young (Normal) (G1 Evacuation Pause) 3685M->1943M(4096M) 109.770ms
[248.407s][info][gc,cpu         ] GC(53) User=0.65s Sys=0.00s Real=0.11s
.[249.557s][info][gc,start       ] GC(54) Pause Young (Normal) (G1 Evacuation Pause)
[249.557s][info][gc,task        ] GC(54) Using 6 workers of 6 for evacuation
[249.673s][info][gc,phases      ] GC(54)   Pre Evacuate Collection Set: 0.31ms
[249.673s][info][gc,phases      ] GC(54)   Merge Heap Roots: 0.42ms
[249.673s][info][gc,phases      ] GC(54)   Evacuate Collection Set: 114.34ms
[249.673s][info][gc,phases      ] GC(54)   Post Evacuate Collection Set: 0.80ms
[249.673s][info][gc,phases      ] GC(54)   Other: 0.08ms
[249.673s][info][gc,heap        ] GC(54) Eden regions: 871->0(833)
[249.673s][info][gc,heap        ] GC(54) Survivor regions: 101->104(122)
[249.673s][info][gc,heap        ] GC(54) Old regions: 795->827
[249.673s][info][gc,heap        ] GC(54) Humongous regions: 77->77
[249.673s][info][gc,metaspace   ] GC(54) Metaspace: 28764K(29056K)->28764K(29056K) NonClass: 23881K(24000K)->23881K(24000K) Class: 4882K(5056K)->4882K(5056K)
[249.673s][info][gc             ] GC(54) Pause Young (Normal) (G1 Evacuation Pause) 3685M->2014M(4096M) 116.079ms
[249.673s][info][gc,cpu         ] GC(54) User=0.69s Sys=0.01s Real=0.12s
.[250.803s][info][gc,start       ] GC(55) Pause Young (Normal) (G1 Evacuation Pause)
[250.803s][info][gc,task        ] GC(55) Using 6 workers of 6 for evacuation
[250.915s][info][gc,phases      ] GC(55)   Pre Evacuate Collection Set: 0.34ms
[250.915s][info][gc,phases      ] GC(55)   Merge Heap Roots: 0.43ms
[250.915s][info][gc,phases      ] GC(55)   Evacuate Collection Set: 110.12ms
[250.915s][info][gc,phases      ] GC(55)   Post Evacuate Collection Set: 0.72ms
[250.915s][info][gc,phases      ] GC(55)   Other: 0.08ms
[250.915s][info][gc,heap        ] GC(55) Eden regions: 833->0(847)
[250.915s][info][gc,heap        ] GC(55) Survivor regions: 104->62(118)
[250.915s][info][gc,heap        ] GC(55) Old regions: 827->897
[250.915s][info][gc,heap        ] GC(55) Humongous regions: 77->77
[250.915s][info][gc,metaspace   ] GC(55) Metaspace: 28764K(29056K)->28764K(29056K) NonClass: 23881K(24000K)->23881K(24000K) Class: 4882K(5056K)->4882K(5056K)
[250.915s][info][gc             ] GC(55) Pause Young (Normal) (G1 Evacuation Pause) 3680M->2070M(4096M) 111.822ms
[250.915s][info][gc,cpu         ] GC(55) User=0.66s Sys=0.00s Real=0.11s
.[252.086s][info][gc,start       ] GC(56) Pause Young (Concurrent Start) (G1 Evacuation Pause)
[252.086s][info][gc,task        ] GC(56) Using 6 workers of 6 for evacuation
[252.170s][info][gc,phases      ] GC(56)   Pre Evacuate Collection Set: 0.37ms
[252.170s][info][gc,phases      ] GC(56)   Merge Heap Roots: 0.43ms
[252.170s][info][gc,phases      ] GC(56)   Evacuate Collection Set: 82.82ms
[252.170s][info][gc,phases      ] GC(56)   Post Evacuate Collection Set: 0.72ms
[252.170s][info][gc,phases      ] GC(56)   Other: 0.08ms
[252.170s][info][gc,heap        ] GC(56) Eden regions: 847->0(821)
[252.170s][info][gc,heap        ] GC(56) Survivor regions: 62->56(114)
[252.170s][info][gc,heap        ] GC(56) Old regions: 897->935
[252.170s][info][gc,heap        ] GC(56) Humongous regions: 77->77
[252.170s][info][gc,metaspace   ] GC(56) Metaspace: 28766K(29056K)->28766K(29056K) NonClass: 23883K(24000K)->23883K(24000K) Class: 4882K(5056K)->4882K(5056K)
[252.170s][info][gc             ] GC(56) Pause Young (Concurrent Start) (G1 Evacuation Pause) 3764M->2134M(4096M) 84.553ms
[252.170s][info][gc             ] GC(57) Concurrent Mark Cycle
[252.170s][info][gc,marking     ] GC(57) Concurrent Scan Root Regions
[252.170s][info][gc,cpu         ] GC(56) User=0.50s Sys=0.00s Real=0.08s
[252.295s][info][gc,marking     ] GC(57) Concurrent Scan Root Regions 124.059ms
[252.295s][info][gc,marking     ] GC(57) Concurrent Mark
[252.295s][info][gc,marking     ] GC(57) Concurrent Mark From Roots
[252.295s][info][gc,task        ] GC(57) Using 2 workers of 2 for marking
.[253.682s][info][gc,marking     ] GC(57) Concurrent Mark From Roots 1387.278ms
[253.682s][info][gc,marking     ] GC(57) Concurrent Preclean
[253.682s][info][gc,marking     ] GC(57) Concurrent Preclean 0.249ms
[253.686s][info][gc,start       ] GC(57) Pause Remark
[253.691s][info][gc             ] GC(57) Pause Remark 3584M->3562M(4096M) 4.548ms
[253.691s][info][gc,cpu         ] GC(57) User=0.02s Sys=0.00s Real=0.00s
[253.692s][info][gc,marking     ] GC(57) Concurrent Mark 1397.502ms
[253.692s][info][gc,marking     ] GC(57) Concurrent Rebuild Remembered Sets and Scrub Regions
[253.902s][info][gc,start       ] GC(58) Pause Young (Normal) (G1 Evacuation Pause)
[253.902s][info][gc,task        ] GC(58) Using 6 workers of 6 for evacuation
[254.037s][info][gc,phases      ] GC(58)   Pre Evacuate Collection Set: 0.29ms
[254.037s][info][gc,phases      ] GC(58)   Merge Heap Roots: 0.42ms
[254.037s][info][gc,phases      ] GC(58)   Evacuate Collection Set: 133.54ms
[254.037s][info][gc,phases      ] GC(58)   Post Evacuate Collection Set: 0.83ms
[254.037s][info][gc,phases      ] GC(58)   Other: 0.09ms
[254.037s][info][gc,heap        ] GC(58) Eden regions: 821->0(746)
[254.037s][info][gc,heap        ] GC(58) Survivor regions: 56->99(110)
[254.037s][info][gc,heap        ] GC(58) Old regions: 924->924
[254.037s][info][gc,heap        ] GC(58) Humongous regions: 77->77
[254.037s][info][gc,metaspace   ] GC(58) Metaspace: 28766K(29056K)->28766K(29056K) NonClass: 23883K(24000K)->23883K(24000K) Class: 4882K(5056K)->4882K(5056K)
[254.037s][info][gc             ] GC(58) Pause Young (Normal) (G1 Evacuation Pause) 3754M->2197M(4096M) 135.296ms
[254.037s][info][gc,cpu         ] GC(58) User=0.53s Sys=0.00s Real=0.13s
[254.308s][info][gc,marking     ] GC(57) Concurrent Rebuild Remembered Sets and Scrub Regions 615.400ms
[254.308s][info][gc,start       ] GC(57) Pause Cleanup
[254.308s][info][gc             ] GC(57) Pause Cleanup 2578M->2578M(4096M) 0.320ms
[254.308s][info][gc,cpu         ] GC(57) User=0.00s Sys=0.00s Real=0.00s
[254.308s][info][gc,marking     ] GC(57) Concurrent Clear Claimed Marks
[254.308s][info][gc,marking     ] GC(57) Concurrent Clear Claimed Marks 0.031ms
[254.308s][info][gc,marking     ] GC(57) Concurrent Cleanup for Next Mark
.[254.314s][info][gc,marking     ] GC(57) Concurrent Cleanup for Next Mark 6.143ms
[254.314s][info][gc             ] GC(57) Concurrent Mark Cycle 2143.943ms
[254.919s][info][gc,start       ] GC(59) Pause Young (Prepare Mixed) (G1 Evacuation Pause)
[254.919s][info][gc,task        ] GC(59) Using 6 workers of 6 for evacuation
[255.073s][info][gc,phases      ] GC(59)   Pre Evacuate Collection Set: 0.29ms
[255.073s][info][gc,phases      ] GC(59)   Merge Heap Roots: 0.49ms
[255.073s][info][gc,phases      ] GC(59)   Evacuate Collection Set: 152.49ms
[255.073s][info][gc,phases      ] GC(59)   Post Evacuate Collection Set: 0.85ms
[255.073s][info][gc,phases      ] GC(59)   Other: 0.09ms
[255.073s][info][gc,heap        ] GC(59) Eden regions: 746->0(752)
[255.073s][info][gc,heap        ] GC(59) Survivor regions: 99->62(106)
[255.073s][info][gc,heap        ] GC(59) Old regions: 924->992
[255.073s][info][gc,heap        ] GC(59) Humongous regions: 77->77
[255.073s][info][gc,metaspace   ] GC(59) Metaspace: 28766K(29056K)->28766K(29056K) NonClass: 23883K(24000K)->23883K(24000K) Class: 4882K(5056K)->4882K(5056K)
[255.073s][info][gc             ] GC(59) Pause Young (Prepare Mixed) (G1 Evacuation Pause) 3689M->2260M(4096M) 154.344ms
[255.073s][info][gc,cpu         ] GC(59) User=0.64s Sys=0.00s Real=0.16s
.[256.184s][info][gc,start       ] GC(60) Pause Young (Mixed) (G1 Evacuation Pause)
[256.184s][info][gc,task        ] GC(60) Using 6 workers of 6 for evacuation
[256.272s][info][gc,phases      ] GC(60)   Pre Evacuate Collection Set: 0.41ms
[256.272s][info][gc,phases      ] GC(60)   Merge Heap Roots: 0.53ms
[256.273s][info][gc,phases      ] GC(60)   Evacuate Collection Set: 86.21ms
[256.273s][info][gc,phases      ] GC(60)   Post Evacuate Collection Set: 0.91ms
[256.273s][info][gc,phases      ] GC(60)   Other: 0.10ms
[256.273s][info][gc,heap        ] GC(60) Eden regions: 752->0(919)
[256.273s][info][gc,heap        ] GC(60) Survivor regions: 62->51(102)
[256.273s][info][gc,heap        ] GC(60) Old regions: 992->832
[256.273s][info][gc,heap        ] GC(60) Humongous regions: 77->77
[256.273s][info][gc,metaspace   ] GC(60) Metaspace: 28766K(29056K)->28766K(29056K) NonClass: 23883K(24000K)->23883K(24000K) Class: 4882K(5056K)->4882K(5056K)
[256.273s][info][gc             ] GC(60) Pause Young (Mixed) (G1 Evacuation Pause) 3764M->1916M(4096M) 88.305ms
[256.273s][info][gc,cpu         ] GC(60) User=0.53s Sys=0.00s Real=0.09s
.[257.394s][info][gc,start       ] GC(61) Pause Young (Mixed) (G1 Evacuation Pause)
[257.394s][info][gc,task        ] GC(61) Using 6 workers of 6 for evacuation
[257.499s][info][gc,phases      ] GC(61)   Pre Evacuate Collection Set: 0.43ms
[257.500s][info][gc,phases      ] GC(61)   Merge Heap Roots: 0.85ms
[257.500s][info][gc,phases      ] GC(61)   Evacuate Collection Set: 102.44ms
[257.500s][info][gc,phases      ] GC(61)   Post Evacuate Collection Set: 1.12ms
[257.500s][info][gc,phases      ] GC(61)   Other: 0.91ms
[257.500s][info][gc,heap        ] GC(61) Eden regions: 919->0(1041)
[257.500s][info][gc,heap        ] GC(61) Survivor regions: 51->92(122)
[257.500s][info][gc,heap        ] GC(61) Old regions: 832->643
[257.500s][info][gc,heap        ] GC(61) Humongous regions: 77->77
[257.500s][info][gc,metaspace   ] GC(61) Metaspace: 28767K(29056K)->28767K(29056K) NonClass: 23884K(24000K)->23884K(24000K) Class: 4882K(5056K)->4882K(5056K)
[257.500s][info][gc             ] GC(61) Pause Young (Mixed) (G1 Evacuation Pause) 3754M->1621M(4096M) 105.882ms
[257.500s][info][gc,cpu         ] GC(61) User=0.62s Sys=0.00s Real=0.10s
.[258.817s][info][gc,start       ] GC(62) Pause Young (Mixed) (G1 Evacuation Pause)
[258.817s][info][gc,task        ] GC(62) Using 6 workers of 6 for evacuation
[259.007s][info][gc,phases      ] GC(62)   Pre Evacuate Collection Set: 0.36ms
[259.008s][info][gc,phases      ] GC(62)   Merge Heap Roots: 0.83ms
[259.008s][info][gc,phases      ] GC(62)   Evacuate Collection Set: 179.99ms
[259.008s][info][gc,phases      ] GC(62)   Merge Optional Heap Roots: 0.14ms
[259.008s][info][gc,phases      ] GC(62)   Evacuate Optional Collection Set: 7.89ms
[259.008s][info][gc,phases      ] GC(62)   Post Evacuate Collection Set: 1.18ms
[259.008s][info][gc,phases      ] GC(62)   Other: 0.13ms
[259.008s][info][gc,heap        ] GC(62) Eden regions: 1041->0(992)
[259.008s][info][gc,heap        ] GC(62) Survivor regions: 92->109(142)
[259.008s][info][gc,heap        ] GC(62) Old regions: 643->585
[259.008s][info][gc,heap        ] GC(62) Humongous regions: 77->77
[259.008s][info][gc,metaspace   ] GC(62) Metaspace: 28767K(29056K)->28767K(29056K) NonClass: 23884K(24000K)->23884K(24000K) Class: 4882K(5056K)->4882K(5056K)
[259.008s][info][gc             ] GC(62) Pause Young (Mixed) (G1 Evacuation Pause) 3703M->1538M(4096M) 190.659ms
[259.008s][info][gc,cpu         ] GC(62) User=0.86s Sys=0.00s Real=0.19s
..[260.352s][info][gc,start       ] GC(63) Pause Young (Mixed) (G1 Evacuation Pause)
[260.352s][info][gc,task        ] GC(63) Using 6 workers of 6 for evacuation
[260.498s][info][gc,phases      ] GC(63)   Pre Evacuate Collection Set: 0.35ms
[260.498s][info][gc,phases      ] GC(63)   Merge Heap Roots: 1.09ms
[260.498s][info][gc,phases      ] GC(63)   Evacuate Collection Set: 143.32ms
[260.498s][info][gc,phases      ] GC(63)   Post Evacuate Collection Set: 0.84ms
[260.498s][info][gc,phases      ] GC(63)   Other: 0.08ms
[260.498s][info][gc,heap        ] GC(63) Eden regions: 996->0(1011)
[260.498s][info][gc,heap        ] GC(63) Survivor regions: 109->108(139)
[260.498s][info][gc,heap        ] GC(63) Old regions: 585->602
[260.498s][info][gc,heap        ] GC(63) Humongous regions: 77->77
[260.498s][info][gc,metaspace   ] GC(63) Metaspace: 28770K(29056K)->28770K(29056K) NonClass: 23887K(24000K)->23887K(24000K) Class: 4882K(5056K)->4882K(5056K)
[260.498s][info][gc             ] GC(63) Pause Young (Mixed) (G1 Evacuation Pause) 3530M->1572M(4096M) 145.812ms
[260.498s][info][gc,cpu         ] GC(63) User=0.87s Sys=0.00s Real=0.14s
.[261.930s][info][gc,start       ] GC(64) Pause Young (Normal) (G1 Evacuation Pause)
[261.930s][info][gc,task        ] GC(64) Using 6 workers of 6 for evacuation
[262.095s][info][gc,phases      ] GC(64)   Pre Evacuate Collection Set: 0.35ms
[262.095s][info][gc,phases      ] GC(64)   Merge Heap Roots: 0.45ms
[262.095s][info][gc,phases      ] GC(64)   Evacuate Collection Set: 162.51ms
[262.095s][info][gc,phases      ] GC(64)   Post Evacuate Collection Set: 0.85ms
[262.095s][info][gc,phases      ] GC(64)   Other: 0.08ms
[262.095s][info][gc,heap        ] GC(64) Eden regions: 1013->0(1021)
[262.095s][info][gc,heap        ] GC(64) Survivor regions: 108->105(141)
[262.095s][info][gc,heap        ] GC(64) Old regions: 602->637
[262.095s][info][gc,heap        ] GC(64) Humongous regions: 77->77
[262.095s][info][gc,metaspace   ] GC(64) Metaspace: 28770K(29056K)->28770K(29056K) NonClass: 23887K(24000K)->23887K(24000K) Class: 4882K(5056K)->4882K(5056K)
[262.095s][info][gc             ] GC(64) Pause Young (Normal) (G1 Evacuation Pause) 3598M->1634M(4096M) 164.383ms
[262.095s][info][gc,cpu         ] GC(64) User=0.70s Sys=0.00s Real=0.17s
.[263.378s][info][gc,start       ] GC(65) Pause Young (Normal) (G1 Evacuation Pause)
[263.378s][info][gc,task        ] GC(65) Using 6 workers of 6 for evacuation
[263.496s][info][gc,phases      ] GC(65)   Pre Evacuate Collection Set: 0.32ms
[263.496s][info][gc,phases      ] GC(65)   Merge Heap Roots: 0.46ms
[263.496s][info][gc,phases      ] GC(65)   Evacuate Collection Set: 116.28ms
[263.496s][info][gc,phases      ] GC(65)   Post Evacuate Collection Set: 0.84ms
[263.496s][info][gc,phases      ] GC(65)   Other: 0.08ms
[263.496s][info][gc,heap        ] GC(65) Eden regions: 1021->0(980)
[263.496s][info][gc,heap        ] GC(65) Survivor regions: 105->110(141)
[263.496s][info][gc,heap        ] GC(65) Old regions: 637->668
[263.496s][info][gc,heap        ] GC(65) Humongous regions: 77->77
[263.496s][info][gc,metaspace   ] GC(65) Metaspace: 28770K(29056K)->28770K(29056K) NonClass: 23887K(24000K)->23887K(24000K) Class: 4882K(5056K)->4882K(5056K)
[263.496s][info][gc             ] GC(65) Pause Young (Normal) (G1 Evacuation Pause) 3676M->1707M(4096M) 118.096ms
[263.496s][info][gc,cpu         ] GC(65) User=0.70s Sys=0.00s Real=0.12s
.[264.724s][info][gc,start       ] GC(66) Pause Young (Normal) (G1 Evacuation Pause)
[264.724s][info][gc,task        ] GC(66) Using 6 workers of 6 for evacuation
[264.846s][info][gc,phases      ] GC(66)   Pre Evacuate Collection Set: 0.31ms
[264.846s][info][gc,phases      ] GC(66)   Merge Heap Roots: 0.46ms
[264.846s][info][gc,phases      ] GC(66)   Evacuate Collection Set: 119.68ms
[264.846s][info][gc,phases      ] GC(66)   Post Evacuate Collection Set: 0.77ms
[264.846s][info][gc,phases      ] GC(66)   Other: 0.07ms
[264.846s][info][gc,heap        ] GC(66) Eden regions: 980->0(980)
[264.846s][info][gc,heap        ] GC(66) Survivor regions: 110->72(137)
[264.846s][info][gc,heap        ] GC(66) Old regions: 668->740
[264.846s][info][gc,heap        ] GC(66) Humongous regions: 77->77
[264.846s][info][gc,metaspace   ] GC(66) Metaspace: 28770K(29056K)->28770K(29056K) NonClass: 23887K(24000K)->23887K(24000K) Class: 4882K(5056K)->4882K(5056K)
[264.846s][info][gc             ] GC(66) Pause Young (Normal) (G1 Evacuation Pause) 3667M->1776M(4096M) 121.424ms
[264.846s][info][gc,cpu         ] GC(66) User=0.73s Sys=0.00s Real=0.12s
.[266.217s][info][gc,start       ] GC(67) Pause Young (Normal) (G1 Evacuation Pause)
[266.217s][info][gc,task        ] GC(67) Using 6 workers of 6 for evacuation
[266.314s][info][gc,phases      ] GC(67)   Pre Evacuate Collection Set: 0.32ms
[266.314s][info][gc,phases      ] GC(67)   Merge Heap Roots: 0.44ms
[266.314s][info][gc,phases      ] GC(67)   Evacuate Collection Set: 94.93ms
[266.314s][info][gc,phases      ] GC(67)   Post Evacuate Collection Set: 0.81ms
[266.314s][info][gc,phases      ] GC(67)   Other: 0.08ms
[266.314s][info][gc,heap        ] GC(67) Eden regions: 980->0(950)
[266.314s][info][gc,heap        ] GC(67) Survivor regions: 72->64(132)
[266.314s][info][gc,heap        ] GC(67) Old regions: 740->785
[266.314s][info][gc,heap        ] GC(67) Humongous regions: 77->77
[266.314s][info][gc,metaspace   ] GC(67) Metaspace: 28772K(29056K)->28772K(29056K) NonClass: 23889K(24000K)->23889K(24000K) Class: 4882K(5056K)->4882K(5056K)
[266.314s][info][gc             ] GC(67) Pause Young (Normal) (G1 Evacuation Pause) 3736M->1848M(4096M) 96.711ms
[266.314s][info][gc,cpu         ] GC(67) User=0.57s Sys=0.00s Real=0.10s
. (rIR:aIR:PR = 11548:11176:11141) (tPR = 166281) [OK] 
   266s:       trying IR =  13837 [267.567s][info][gc,start       ] GC(68) Pause Young (Normal) (G1 Evacuation Pause)
[267.567s][info][gc,task        ] GC(68) Using 6 workers of 6 for evacuation
[267.669s][info][gc,phases      ] GC(68)   Pre Evacuate Collection Set: 0.30ms
[267.669s][info][gc,phases      ] GC(68)   Merge Heap Roots: 0.43ms
[267.669s][info][gc,phases      ] GC(68)   Evacuate Collection Set: 100.46ms
[267.669s][info][gc,phases      ] GC(68)   Post Evacuate Collection Set: 0.79ms
[267.669s][info][gc,phases      ] GC(68)   Other: 0.08ms
[267.669s][info][gc,heap        ] GC(68) Eden regions: 950->0(857)
[267.669s][info][gc,heap        ] GC(68) Survivor regions: 64->113(127)
[267.669s][info][gc,heap        ] GC(68) Old regions: 785->785
[267.669s][info][gc,heap        ] GC(68) Humongous regions: 77->77
[267.670s][info][gc,metaspace   ] GC(68) Metaspace: 28774K(29056K)->28774K(29056K) NonClass: 23891K(24000K)->23891K(24000K) Class: 4882K(5056K)->4882K(5056K)
[267.670s][info][gc             ] GC(68) Pause Young (Normal) (G1 Evacuation Pause) 3748M->1946M(4096M) 102.200ms
[267.670s][info][gc,cpu         ] GC(68) User=0.61s Sys=0.00s Real=0.10s
.[268.790s][info][gc,start       ] GC(69) Pause Young (Normal) (G1 Evacuation Pause)
[268.790s][info][gc,task        ] GC(69) Using 6 workers of 6 for evacuation
[268.900s][info][gc,phases      ] GC(69)   Pre Evacuate Collection Set: 0.35ms
[268.900s][info][gc,phases      ] GC(69)   Merge Heap Roots: 0.43ms
[268.900s][info][gc,phases      ] GC(69)   Evacuate Collection Set: 108.57ms
[268.900s][info][gc,phases      ] GC(69)   Post Evacuate Collection Set: 0.74ms
[268.900s][info][gc,phases      ] GC(69)   Other: 0.08ms
[268.900s][info][gc,heap        ] GC(69) Eden regions: 857->0(889)
[268.900s][info][gc,heap        ] GC(69) Survivor regions: 113->58(122)
[268.900s][info][gc,heap        ] GC(69) Old regions: 785->859
[268.900s][info][gc,heap        ] GC(69) Humongous regions: 77->77
[268.900s][info][gc,metaspace   ] GC(69) Metaspace: 28774K(29056K)->28774K(29056K) NonClass: 23892K(24000K)->23892K(24000K) Class: 4882K(5056K)->4882K(5056K)
[268.901s][info][gc             ] GC(69) Pause Young (Normal) (G1 Evacuation Pause) 3660M->1986M(4096M) 110.294ms
[268.901s][info][gc,cpu         ] GC(69) User=0.66s Sys=0.00s Real=0.11s
.[270.120s][info][gc,start       ] GC(70) Pause Young (Concurrent Start) (G1 Evacuation Pause)
[270.120s][info][gc,task        ] GC(70) Using 6 workers of 6 for evacuation
[270.215s][info][gc,phases      ] GC(70)   Pre Evacuate Collection Set: 0.40ms
[270.215s][info][gc,phases      ] GC(70)   Merge Heap Roots: 0.39ms
[270.215s][info][gc,phases      ] GC(70)   Evacuate Collection Set: 92.78ms
[270.215s][info][gc,phases      ] GC(70)   Post Evacuate Collection Set: 0.73ms
[270.215s][info][gc,phases      ] GC(70)   Other: 0.09ms
[270.215s][info][gc,heap        ] GC(70) Eden regions: 889->0(797)
[270.215s][info][gc,heap        ] GC(70) Survivor regions: 58->106(119)
[270.215s][info][gc,heap        ] GC(70) Old regions: 859->859
[270.215s][info][gc,heap        ] GC(70) Humongous regions: 77->77
[270.215s][info][gc,metaspace   ] GC(70) Metaspace: 28777K(29056K)->28777K(29056K) NonClass: 23895K(24000K)->23895K(24000K) Class: 4882K(5056K)->4882K(5056K)
[270.215s][info][gc             ] GC(70) Pause Young (Concurrent Start) (G1 Evacuation Pause) 3764M->2082M(4096M) 94.521ms
[270.215s][info][gc             ] GC(71) Concurrent Mark Cycle
[270.215s][info][gc,marking     ] GC(71) Concurrent Scan Root Regions
[270.215s][info][gc,cpu         ] GC(70) User=0.56s Sys=0.01s Real=0.10s
.[270.326s][info][gc,marking     ] GC(71) Concurrent Scan Root Regions 111.097ms
[270.326s][info][gc,marking     ] GC(71) Concurrent Mark
[270.326s][info][gc,marking     ] GC(71) Concurrent Mark From Roots
[270.326s][info][gc,task        ] GC(71) Using 2 workers of 2 for marking
.[271.738s][info][gc,marking     ] GC(71) Concurrent Mark From Roots 1412.419ms
[271.738s][info][gc,marking     ] GC(71) Concurrent Preclean
[271.738s][info][gc,marking     ] GC(71) Concurrent Preclean 0.083ms
[271.739s][info][gc,start       ] GC(71) Pause Remark
[271.744s][info][gc             ] GC(71) Pause Remark 3586M->3580M(4096M) 5.021ms
[271.744s][info][gc,cpu         ] GC(71) User=0.03s Sys=0.00s Real=0.01s
[271.745s][info][gc,marking     ] GC(71) Concurrent Mark 1418.629ms
[271.745s][info][gc,marking     ] GC(71) Concurrent Rebuild Remembered Sets and Scrub Regions
[271.805s][info][gc,start       ] GC(72) Pause Young (Normal) (G1 Evacuation Pause)
[271.805s][info][gc,task        ] GC(72) Using 6 workers of 6 for evacuation
[271.907s][info][gc,phases      ] GC(72)   Pre Evacuate Collection Set: 0.32ms
[271.907s][info][gc,phases      ] GC(72)   Merge Heap Roots: 0.42ms
[271.907s][info][gc,phases      ] GC(72)   Evacuate Collection Set: 100.85ms
[271.907s][info][gc,phases      ] GC(72)   Post Evacuate Collection Set: 0.81ms
[271.907s][info][gc,phases      ] GC(72)   Other: 0.09ms
[271.907s][info][gc,heap        ] GC(72) Eden regions: 797->0(836)
[271.907s][info][gc,heap        ] GC(72) Survivor regions: 106->51(113)
[271.907s][info][gc,heap        ] GC(72) Old regions: 856->929
[271.907s][info][gc,heap        ] GC(72) Humongous regions: 77->77
[271.907s][info][gc,metaspace   ] GC(72) Metaspace: 28778K(29056K)->28778K(29056K) NonClass: 23895K(24000K)->23895K(24000K) Class: 4882K(5056K)->4882K(5056K)
[271.907s][info][gc             ] GC(72) Pause Young (Normal) (G1 Evacuation Pause) 3670M->2111M(4096M) 102.604ms
[271.907s][info][gc,cpu         ] GC(72) User=0.61s Sys=0.00s Real=0.10s
.[272.619s][info][gc,marking     ] GC(71) Concurrent Rebuild Remembered Sets and Scrub Regions 874.873ms
[272.624s][info][gc,start       ] GC(71) Pause Cleanup
[272.624s][info][gc             ] GC(71) Pause Cleanup 3153M->3153M(4096M) 0.317ms
[272.624s][info][gc,cpu         ] GC(71) User=0.00s Sys=0.00s Real=0.00s
[272.624s][info][gc,marking     ] GC(71) Concurrent Clear Claimed Marks
[272.624s][info][gc,marking     ] GC(71) Concurrent Clear Claimed Marks 0.035ms
[272.624s][info][gc,marking     ] GC(71) Concurrent Cleanup for Next Mark
[272.662s][info][gc,marking     ] GC(71) Concurrent Cleanup for Next Mark 37.522ms
[272.662s][info][gc             ] GC(71) Concurrent Mark Cycle 2447.002ms
[273.282s][info][gc,start       ] GC(73) Pause Young (Prepare Mixed) (G1 Evacuation Pause)
[273.282s][info][gc,task        ] GC(73) Using 6 workers of 6 for evacuation
[273.365s][info][gc,phases      ] GC(73)   Pre Evacuate Collection Set: 0.30ms
[273.365s][info][gc,phases      ] GC(73)   Merge Heap Roots: 0.49ms
[273.365s][info][gc,phases      ] GC(73)   Evacuate Collection Set: 81.25ms
[273.365s][info][gc,phases      ] GC(73)   Post Evacuate Collection Set: 0.89ms
[273.365s][info][gc,phases      ] GC(73)   Other: 0.09ms
[273.365s][info][gc,heap        ] GC(73) Eden regions: 836->0(761)
[273.365s][info][gc,heap        ] GC(73) Survivor regions: 51->89(111)
[273.365s][info][gc,heap        ] GC(73) Old regions: 929->929
[273.365s][info][gc,heap        ] GC(73) Humongous regions: 77->77
[273.365s][info][gc,metaspace   ] GC(73) Metaspace: 28781K(29056K)->28781K(29056K) NonClass: 23898K(24000K)->23898K(24000K) Class: 4882K(5056K)->4882K(5056K)
[273.365s][info][gc             ] GC(73) Pause Young (Prepare Mixed) (G1 Evacuation Pause) 3783M->2188M(4096M) 83.145ms
[273.365s][info][gc,cpu         ] GC(73) User=0.50s Sys=0.00s Real=0.08s
.[274.264s][info][gc,start       ] GC(74) Pause Young (Mixed) (G1 Evacuation Pause)
[274.264s][info][gc,task        ] GC(74) Using 6 workers of 6 for evacuation
[274.386s][info][gc,phases      ] GC(74)   Pre Evacuate Collection Set: 0.38ms
[274.386s][info][gc,phases      ] GC(74)   Merge Heap Roots: 0.55ms
[274.386s][info][gc,phases      ] GC(74)   Evacuate Collection Set: 119.86ms
[274.386s][info][gc,phases      ] GC(74)   Post Evacuate Collection Set: 0.84ms
[274.386s][info][gc,phases      ] GC(74)   Other: 0.12ms
[274.386s][info][gc,heap        ] GC(74) Eden regions: 761->0(900)
[274.386s][info][gc,heap        ] GC(74) Survivor regions: 89->107(107)
[274.386s][info][gc,heap        ] GC(74) Old regions: 929->754
[274.386s][info][gc,heap        ] GC(74) Humongous regions: 77->77
[274.386s][info][gc,metaspace   ] GC(74) Metaspace: 28781K(29056K)->28781K(29056K) NonClass: 23899K(24000K)->23899K(24000K) Class: 4882K(5056K)->4882K(5056K)
[274.386s][info][gc             ] GC(74) Pause Young (Mixed) (G1 Evacuation Pause) 3710M->1873M(4096M) 121.901ms
[274.386s][info][gc,cpu         ] GC(74) User=0.73s Sys=0.00s Real=0.12s
.[275.557s][info][gc,start       ] GC(75) Pause Young (Mixed) (G1 Evacuation Pause)
[275.557s][info][gc,task        ] GC(75) Using 6 workers of 6 for evacuation
[275.689s][info][gc,phases      ] GC(75)   Pre Evacuate Collection Set: 0.41ms
[275.689s][info][gc,phases      ] GC(75)   Merge Heap Roots: 0.65ms
[275.689s][info][gc,phases      ] GC(75)   Evacuate Collection Set: 128.67ms
[275.689s][info][gc,phases      ] GC(75)   Merge Optional Heap Roots: 0.05ms
[275.689s][info][gc,phases      ] GC(75)   Evacuate Optional Collection Set: 1.18ms
[275.689s][info][gc,phases      ] GC(75)   Post Evacuate Collection Set: 0.99ms
[275.689s][info][gc,phases      ] GC(75)   Other: 0.11ms
[275.689s][info][gc,heap        ] GC(75) Eden regions: 900->0(1068)
[275.689s][info][gc,heap        ] GC(75) Survivor regions: 107->65(126)
[275.689s][info][gc,heap        ] GC(75) Old regions: 754->637
[275.689s][info][gc,heap        ] GC(75) Humongous regions: 77->77
[275.689s][info][gc,metaspace   ] GC(75) Metaspace: 28783K(29056K)->28783K(29056K) NonClass: 23900K(24000K)->23900K(24000K) Class: 4882K(5056K)->4882K(5056K)
[275.689s][info][gc             ] GC(75) Pause Young (Mixed) (G1 Evacuation Pause) 3673M->1556M(4096M) 132.208ms
[275.689s][info][gc,cpu         ] GC(75) User=0.78s Sys=0.00s Real=0.13s
.[277.082s][info][gc,start       ] GC(76) Pause Young (Mixed) (G1 Evacuation Pause)
[277.082s][info][gc,task        ] GC(76) Using 6 workers of 6 for evacuation
[277.198s][info][gc,phases      ] GC(76)   Pre Evacuate Collection Set: 0.36ms
[277.198s][info][gc,phases      ] GC(76)   Merge Heap Roots: 0.78ms
[277.198s][info][gc,phases      ] GC(76)   Evacuate Collection Set: 113.98ms
[277.198s][info][gc,phases      ] GC(76)   Post Evacuate Collection Set: 0.94ms
[277.198s][info][gc,phases      ] GC(76)   Other: 0.10ms
[277.198s][info][gc,heap        ] GC(76) Eden regions: 1068->0(1060)
[277.198s][info][gc,heap        ] GC(76) Survivor regions: 65->115(142)
[277.198s][info][gc,heap        ] GC(76) Old regions: 637->577
[277.198s][info][gc,heap        ] GC(76) Humongous regions: 77->77
[277.198s][info][gc,metaspace   ] GC(76) Metaspace: 28783K(29056K)->28783K(29056K) NonClass: 23900K(24000K)->23900K(24000K) Class: 4882K(5056K)->4882K(5056K)
[277.198s][info][gc             ] GC(76) Pause Young (Mixed) (G1 Evacuation Pause) 3692M->1536M(4096M) 116.288ms
[277.198s][info][gc,cpu         ] GC(76) User=0.70s Sys=0.00s Real=0.11s
.[278.537s][info][gc,start       ] GC(77) Pause Young (Concurrent Start) (G1 Evacuation Pause)
[278.537s][info][gc,task        ] GC(77) Using 6 workers of 6 for evacuation
[278.666s][info][gc,phases      ] GC(77)   Pre Evacuate Collection Set: 0.38ms
[278.666s][info][gc,phases      ] GC(77)   Merge Heap Roots: 0.59ms
[278.666s][info][gc,phases      ] GC(77)   Evacuate Collection Set: 126.51ms
[278.666s][info][gc,phases      ] GC(77)   Post Evacuate Collection Set: 0.89ms
[278.666s][info][gc,phases      ] GC(77)   Other: 0.11ms
[278.666s][info][gc,heap        ] GC(77) Eden regions: 1060->0(1042)
[278.666s][info][gc,heap        ] GC(77) Survivor regions: 115->78(147)
[278.666s][info][gc,heap        ] GC(77) Old regions: 577->652
[278.666s][info][gc,heap        ] GC(77) Humongous regions: 77->77
[278.666s][info][gc,metaspace   ] GC(77) Metaspace: 28783K(29056K)->28783K(29056K) NonClass: 23900K(24000K)->23900K(24000K) Class: 4882K(5056K)->4882K(5056K)
[278.666s][info][gc             ] GC(77) Pause Young (Concurrent Start) (G1 Evacuation Pause) 3656M->1610M(4096M) 128.632ms
[278.666s][info][gc             ] GC(78) Concurrent Mark Cycle
[278.666s][info][gc,marking     ] GC(78) Concurrent Scan Root Regions
[278.666s][info][gc,cpu         ] GC(77) User=0.76s Sys=0.00s Real=0.13s
[278.881s][info][gc,marking     ] GC(78) Concurrent Scan Root Regions 215.387ms
[278.881s][info][gc,marking     ] GC(78) Concurrent Mark
[278.881s][info][gc,marking     ] GC(78) Concurrent Mark From Roots
[278.881s][info][gc,task        ] GC(78) Using 2 workers of 2 for marking
..[280.184s][info][gc,marking     ] GC(78) Concurrent Mark From Roots 1303.013ms
[280.184s][info][gc,marking     ] GC(78) Concurrent Preclean
[280.185s][info][gc,marking     ] GC(78) Concurrent Preclean 0.060ms
[280.185s][info][gc,start       ] GC(78) Pause Remark
[280.189s][info][gc             ] GC(78) Pause Remark 3186M->3186M(4096M) 4.253ms
[280.189s][info][gc,cpu         ] GC(78) User=0.02s Sys=0.00s Real=0.00s
[280.190s][info][gc,marking     ] GC(78) Concurrent Mark 1308.730ms
[280.190s][info][gc,marking     ] GC(78) Concurrent Rebuild Remembered Sets and Scrub Regions
[280.532s][info][gc,start       ] GC(79) Pause Young (Normal) (G1 Evacuation Pause)
[280.532s][info][gc,task        ] GC(79) Using 6 workers of 6 for evacuation
[280.637s][info][gc,phases      ] GC(79)   Pre Evacuate Collection Set: 0.28ms
[280.637s][info][gc,phases      ] GC(79)   Merge Heap Roots: 0.45ms
[280.637s][info][gc,phases      ] GC(79)   Evacuate Collection Set: 102.52ms
[280.637s][info][gc,phases      ] GC(79)   Post Evacuate Collection Set: 0.81ms
[280.637s][info][gc,phases      ] GC(79)   Other: 0.09ms
[280.637s][info][gc,heap        ] GC(79) Eden regions: 1042->0(1010)
[280.637s][info][gc,heap        ] GC(79) Survivor regions: 78->73(140)
[280.637s][info][gc,heap        ] GC(79) Old regions: 652->697
[280.637s][info][gc,heap        ] GC(79) Humongous regions: 77->77
[280.637s][info][gc,metaspace   ] GC(79) Metaspace: 28783K(29056K)->28783K(29056K) NonClass: 23900K(24000K)->23900K(24000K) Class: 4882K(5056K)->4882K(5056K)
[280.637s][info][gc             ] GC(79) Pause Young (Normal) (G1 Evacuation Pause) 3694M->1691M(4096M) 104.288ms
[280.637s][info][gc,cpu         ] GC(79) User=0.62s Sys=0.00s Real=0.10s
[281.190s][info][gc,marking     ] GC(78) Concurrent Rebuild Remembered Sets and Scrub Regions 999.823ms
[281.193s][info][gc,start       ] GC(78) Pause Cleanup
[281.193s][info][gc             ] GC(78) Pause Cleanup 2435M->2435M(4096M) 0.203ms
[281.193s][info][gc,cpu         ] GC(78) User=0.00s Sys=0.00s Real=0.00s
[281.193s][info][gc,marking     ] GC(78) Concurrent Clear Claimed Marks
[281.193s][info][gc,marking     ] GC(78) Concurrent Clear Claimed Marks 0.037ms
[281.193s][info][gc,marking     ] GC(78) Concurrent Cleanup for Next Mark
[281.199s][info][gc,marking     ] GC(78) Concurrent Cleanup for Next Mark 5.836ms
[281.199s][info][gc             ] GC(78) Concurrent Mark Cycle 2532.914ms
.[282.047s][info][gc,start       ] GC(80) Pause Young (Prepare Mixed) (G1 Evacuation Pause)
[282.047s][info][gc,task        ] GC(80) Using 6 workers of 6 for evacuation
[282.154s][info][gc,phases      ] GC(80)   Pre Evacuate Collection Set: 0.33ms
[282.154s][info][gc,phases      ] GC(80)   Merge Heap Roots: 0.50ms
[282.154s][info][gc,phases      ] GC(80)   Evacuate Collection Set: 105.99ms
[282.154s][info][gc,phases      ] GC(80)   Post Evacuate Collection Set: 0.86ms
[282.154s][info][gc,phases      ] GC(80)   Other: 0.08ms
[282.154s][info][gc,heap        ] GC(80) Eden regions: 1010->0(965)
[282.154s][info][gc,heap        ] GC(80) Survivor regions: 73->73(136)
[282.154s][info][gc,heap        ] GC(80) Old regions: 697->749
[282.154s][info][gc,heap        ] GC(80) Humongous regions: 77->77
[282.154s][info][gc,metaspace   ] GC(80) Metaspace: 28783K(29056K)->28783K(29056K) NonClass: 23900K(24000K)->23900K(24000K) Class: 4882K(5056K)->4882K(5056K)
[282.155s][info][gc             ] GC(80) Pause Young (Prepare Mixed) (G1 Evacuation Pause) 3711M->1795M(4096M) 107.910ms
[282.155s][info][gc,cpu         ] GC(80) User=0.64s Sys=0.00s Real=0.11s
.[283.355s][info][gc,start       ] GC(81) Pause Young (Mixed) (G1 Evacuation Pause)
[283.355s][info][gc,task        ] GC(81) Using 6 workers of 6 for evacuation
[283.476s][info][gc,phases      ] GC(81)   Pre Evacuate Collection Set: 0.38ms
[283.476s][info][gc,phases      ] GC(81)   Merge Heap Roots: 0.63ms
[283.476s][info][gc,phases      ] GC(81)   Evacuate Collection Set: 118.07ms
[283.476s][info][gc,phases      ] GC(81)   Post Evacuate Collection Set: 1.06ms
[283.476s][info][gc,phases      ] GC(81)   Other: 0.11ms
[283.476s][info][gc,heap        ] GC(81) Eden regions: 965->0(1075)
[283.476s][info][gc,heap        ] GC(81) Survivor regions: 73->72(130)
[283.476s][info][gc,heap        ] GC(81) Old regions: 749->609
[283.476s][info][gc,heap        ] GC(81) Humongous regions: 77->77
[283.476s][info][gc,metaspace   ] GC(81) Metaspace: 28784K(29056K)->28784K(29056K) NonClass: 23901K(24000K)->23901K(24000K) Class: 4882K(5056K)->4882K(5056K)
[283.476s][info][gc             ] GC(81) Pause Young (Mixed) (G1 Evacuation Pause) 3725M->1513M(4096M) 120.369ms
[283.476s][info][gc,cpu         ] GC(81) User=0.71s Sys=0.00s Real=0.12s
.[284.892s][info][gc,start       ] GC(82) Pause Young (Mixed) (G1 Evacuation Pause)
[284.892s][info][gc,task        ] GC(82) Using 6 workers of 6 for evacuation
[285.052s][info][gc,phases      ] GC(82)   Pre Evacuate Collection Set: 0.33ms
[285.052s][info][gc,phases      ] GC(82)   Merge Heap Roots: 0.83ms
[285.052s][info][gc,phases      ] GC(82)   Evacuate Collection Set: 157.69ms
[285.052s][info][gc,phases      ] GC(82)   Post Evacuate Collection Set: 0.95ms
[285.052s][info][gc,phases      ] GC(82)   Other: 0.09ms
[285.052s][info][gc,heap        ] GC(82) Eden regions: 1075->0(1054)
[285.052s][info][gc,heap        ] GC(82) Survivor regions: 72->113(144)
[285.052s][info][gc,heap        ] GC(82) Old regions: 609->588
[285.052s][info][gc,heap        ] GC(82) Humongous regions: 77->77
[285.052s][info][gc,metaspace   ] GC(82) Metaspace: 28785K(29120K)->28785K(29120K) NonClass: 23902K(24064K)->23902K(24064K) Class: 4882K(5056K)->4882K(5056K)
[285.052s][info][gc             ] GC(82) Pause Young (Mixed) (G1 Evacuation Pause) 3663M->1553M(4096M) 160.041ms
[285.052s][info][gc,cpu         ] GC(82) User=0.67s Sys=0.00s Real=0.16s
.[286.462s][info][gc,start       ] GC(83) Pause Young (Concurrent Start) (G1 Evacuation Pause)
[286.462s][info][gc,task        ] GC(83) Using 6 workers of 6 for evacuation
[286.583s][info][gc,phases      ] GC(83)   Pre Evacuate Collection Set: 0.36ms
[286.583s][info][gc,phases      ] GC(83)   Merge Heap Roots: 0.46ms
[286.583s][info][gc,phases      ] GC(83)   Evacuate Collection Set: 119.44ms
[286.583s][info][gc,phases      ] GC(83)   Post Evacuate Collection Set: 0.83ms
[286.583s][info][gc,phases      ] GC(83)   Other: 0.12ms
[286.583s][info][gc,heap        ] GC(83) Eden regions: 1054->0(1023)
[286.583s][info][gc,heap        ] GC(83) Survivor regions: 113->113(146)
[286.583s][info][gc,heap        ] GC(83) Old regions: 588->619
[286.583s][info][gc,heap        ] GC(83) Humongous regions: 77->77
[286.583s][info][gc,metaspace   ] GC(83) Metaspace: 28785K(29120K)->28785K(29120K) NonClass: 23902K(24064K)->23902K(24064K) Class: 4882K(5056K)->4882K(5056K)
[286.583s][info][gc             ] GC(83) Pause Young (Concurrent Start) (G1 Evacuation Pause) 3661M->1615M(4096M) 121.341ms
[286.583s][info][gc             ] GC(84) Concurrent Mark Cycle
[286.583s][info][gc,marking     ] GC(84) Concurrent Scan Root Regions
[286.583s][info][gc,cpu         ] GC(83) User=0.73s Sys=0.00s Real=0.12s
.[286.801s][info][gc,marking     ] GC(84) Concurrent Scan Root Regions 218.094ms
[286.802s][info][gc,marking     ] GC(84) Concurrent Mark
[286.802s][info][gc,marking     ] GC(84) Concurrent Mark From Roots
[286.802s][info][gc,task        ] GC(84) Using 2 workers of 2 for marking
[288.117s][info][gc,marking     ] GC(84) Concurrent Mark From Roots 1314.995ms
[288.117s][info][gc,marking     ] GC(84) Concurrent Preclean
[288.117s][info][gc,marking     ] GC(84) Concurrent Preclean 0.061ms
.[288.118s][info][gc,start       ] GC(84) Pause Remark
[288.124s][info][gc             ] GC(84) Pause Remark 3103M->3103M(4096M) 5.233ms
[288.124s][info][gc,cpu         ] GC(84) User=0.03s Sys=0.00s Real=0.01s
[288.124s][info][gc,marking     ] GC(84) Concurrent Mark 1322.169ms
[288.124s][info][gc,marking     ] GC(84) Concurrent Rebuild Remembered Sets and Scrub Regions
[288.568s][info][gc,start       ] GC(85) Pause Young (Normal) (G1 Evacuation Pause)
[288.568s][info][gc,task        ] GC(85) Using 6 workers of 6 for evacuation
[288.692s][info][gc,phases      ] GC(85)   Pre Evacuate Collection Set: 0.27ms
[288.692s][info][gc,phases      ] GC(85)   Merge Heap Roots: 0.50ms
[288.692s][info][gc,phases      ] GC(85)   Evacuate Collection Set: 122.20ms
[288.692s][info][gc,phases      ] GC(85)   Post Evacuate Collection Set: 0.95ms
[288.692s][info][gc,phases      ] GC(85)   Other: 0.09ms
[288.692s][info][gc,heap        ] GC(85) Eden regions: 1023->0(992)
[288.692s][info][gc,heap        ] GC(85) Survivor regions: 113->111(142)
[288.692s][info][gc,heap        ] GC(85) Old regions: 619->654
[288.692s][info][gc,heap        ] GC(85) Humongous regions: 77->77
[288.692s][info][gc,metaspace   ] GC(85) Metaspace: 28785K(29120K)->28785K(29120K) NonClass: 23902K(24064K)->23902K(24064K) Class: 4882K(5056K)->4882K(5056K)
[288.692s][info][gc             ] GC(85) Pause Young (Normal) (G1 Evacuation Pause) 3661M->1681M(4096M) 124.127ms
[288.692s][info][gc,cpu         ] GC(85) User=0.74s Sys=0.00s Real=0.13s
[288.947s][info][gc,marking     ] GC(84) Concurrent Rebuild Remembered Sets and Scrub Regions 822.940ms
[288.948s][info][gc,start       ] GC(84) Pause Cleanup
[288.949s][info][gc             ] GC(84) Pause Cleanup 2071M->2071M(4096M) 0.201ms
[288.949s][info][gc,cpu         ] GC(84) User=0.00s Sys=0.00s Real=0.00s
[288.996s][info][gc,marking     ] GC(84) Concurrent Clear Claimed Marks
[288.996s][info][gc,marking     ] GC(84) Concurrent Clear Claimed Marks 0.044ms
[288.996s][info][gc,marking     ] GC(84) Concurrent Cleanup for Next Mark
[289.000s][info][gc,marking     ] GC(84) Concurrent Cleanup for Next Mark 4.688ms
[289.001s][info][gc             ] GC(84) Concurrent Mark Cycle 2417.190ms
.[290.188s][info][gc,start       ] GC(86) Pause Young (Prepare Mixed) (G1 Evacuation Pause)
[290.188s][info][gc,task        ] GC(86) Using 6 workers of 6 for evacuation
[290.304s][info][gc,phases      ] GC(86)   Pre Evacuate Collection Set: 0.33ms
[290.304s][info][gc,phases      ] GC(86)   Merge Heap Roots: 0.52ms
[290.304s][info][gc,phases      ] GC(86)   Evacuate Collection Set: 114.24ms
[290.304s][info][gc,phases      ] GC(86)   Post Evacuate Collection Set: 0.93ms
[290.304s][info][gc,phases      ] GC(86)   Other: 0.09ms
[290.304s][info][gc,heap        ] GC(86) Eden regions: 992->0(967)
[290.304s][info][gc,heap        ] GC(86) Survivor regions: 111->107(138)
[290.304s][info][gc,heap        ] GC(86) Old regions: 654->687
[290.304s][info][gc,heap        ] GC(86) Humongous regions: 77->77
[290.304s][info][gc,metaspace   ] GC(86) Metaspace: 28785K(29120K)->28785K(29120K) NonClass: 23902K(24064K)->23902K(24064K) Class: 4882K(5056K)->4882K(5056K)
[290.304s][info][gc             ] GC(86) Pause Young (Prepare Mixed) (G1 Evacuation Pause) 3665M->1739M(4096M) 116.236ms
[290.305s][info][gc,cpu         ] GC(86) User=0.70s Sys=0.00s Real=0.12s
.[291.471s][info][gc,start       ] GC(87) Pause Young (Mixed) (G1 Evacuation Pause)
[291.471s][info][gc,task        ] GC(87) Using 6 workers of 6 for evacuation
[291.598s][info][gc,phases      ] GC(87)   Pre Evacuate Collection Set: 0.37ms
[291.598s][info][gc,phases      ] GC(87)   Merge Heap Roots: 0.57ms
[291.598s][info][gc,phases      ] GC(87)   Evacuate Collection Set: 122.20ms
[291.598s][info][gc,phases      ] GC(87)   Merge Optional Heap Roots: 0.08ms
[291.598s][info][gc,phases      ] GC(87)   Evacuate Optional Collection Set: 2.65ms
[291.598s][info][gc,phases      ] GC(87)   Post Evacuate Collection Set: 1.06ms
[291.598s][info][gc,phases      ] GC(87)   Other: 0.12ms
[291.598s][info][gc,heap        ] GC(87) Eden regions: 967->0(1101)
[291.598s][info][gc,heap        ] GC(87) Survivor regions: 107->104(135)
[291.598s][info][gc,heap        ] GC(87) Old regions: 687->558
[291.598s][info][gc,heap        ] GC(87) Humongous regions: 77->77
[291.598s][info][gc,metaspace   ] GC(87) Metaspace: 28789K(29120K)->28789K(29120K) NonClass: 23906K(24064K)->23906K(24064K) Class: 4882K(5056K)->4882K(5056K)
[291.598s][info][gc             ] GC(87) Pause Young (Mixed) (G1 Evacuation Pause) 3673M->1474M(4096M) 127.225ms
[291.598s][info][gc,cpu         ] GC(87) User=0.76s Sys=0.00s Real=0.13s
.[293.062s][info][gc,start       ] GC(88) Pause Young (Mixed) (G1 Evacuation Pause)
[293.062s][info][gc,task        ] GC(88) Using 6 workers of 6 for evacuation
[293.193s][info][gc,phases      ] GC(88)   Pre Evacuate Collection Set: 0.35ms
[293.193s][info][gc,phases      ] GC(88)   Merge Heap Roots: 0.63ms
[293.193s][info][gc,phases      ] GC(88)   Evacuate Collection Set: 126.36ms
[293.193s][info][gc,phases      ] GC(88)   Merge Optional Heap Roots: 0.10ms
[293.193s][info][gc,phases      ] GC(88)   Evacuate Optional Collection Set: 2.91ms
[293.193s][info][gc,phases      ] GC(88)   Post Evacuate Collection Set: 1.05ms
[293.193s][info][gc,phases      ] GC(88)   Other: 0.11ms
[293.193s][info][gc,heap        ] GC(88) Eden regions: 1101->0(1100)
[293.193s][info][gc,heap        ] GC(88) Survivor regions: 104->114(151)
[293.193s][info][gc,heap        ] GC(88) Old regions: 558->537
[293.193s][info][gc,heap        ] GC(88) Humongous regions: 77->77
[293.193s][info][gc,metaspace   ] GC(88) Metaspace: 28789K(29120K)->28789K(29120K) NonClass: 23906K(24064K)->23906K(24064K) Class: 4882K(5056K)->4882K(5056K)
[293.193s][info][gc             ] GC(88) Pause Young (Mixed) (G1 Evacuation Pause) 3676M->1453M(4096M) 131.638ms
[293.193s][info][gc,cpu         ] GC(88) User=0.78s Sys=0.00s Real=0.13s
.[294.548s][info][gc,start       ] GC(89) Pause Young (Mixed) (G1 Evacuation Pause)
[294.548s][info][gc,task        ] GC(89) Using 6 workers of 6 for evacuation
[294.692s][info][gc,phases      ] GC(89)   Pre Evacuate Collection Set: 0.31ms
[294.692s][info][gc,phases      ] GC(89)   Merge Heap Roots: 0.78ms
[294.692s][info][gc,phases      ] GC(89)   Evacuate Collection Set: 141.51ms
[294.692s][info][gc,phases      ] GC(89)   Post Evacuate Collection Set: 0.90ms
[294.692s][info][gc,phases      ] GC(89)   Other: 0.08ms
[294.692s][info][gc,heap        ] GC(89) Eden regions: 1100->0(1068)
[294.692s][info][gc,heap        ] GC(89) Survivor regions: 114->122(152)
[294.692s][info][gc,heap        ] GC(89) Old regions: 537->556
[294.692s][info][gc,heap        ] GC(89) Humongous regions: 77->77
[294.692s][info][gc,metaspace   ] GC(89) Metaspace: 28789K(29120K)->28789K(29120K) NonClass: 23906K(24064K)->23906K(24064K) Class: 4882K(5056K)->4882K(5056K)
[294.692s][info][gc             ] GC(89) Pause Young (Mixed) (G1 Evacuation Pause) 3653M->1506M(4096M) 143.717ms
[294.692s][info][gc,cpu         ] GC(89) User=0.86s Sys=0.00s Real=0.15s
..[296.153s][info][gc,start       ] GC(90) Pause Young (Concurrent Start) (G1 Evacuation Pause)
[296.153s][info][gc,task        ] GC(90) Using 6 workers of 6 for evacuation
[296.284s][info][gc,phases      ] GC(90)   Pre Evacuate Collection Set: 0.36ms
[296.284s][info][gc,phases      ] GC(90)   Merge Heap Roots: 0.46ms
[296.284s][info][gc,phases      ] GC(90)   Evacuate Collection Set: 129.25ms
[296.284s][info][gc,phases      ] GC(90)   Post Evacuate Collection Set: 0.82ms
[296.284s][info][gc,phases      ] GC(90)   Other: 0.12ms
[296.284s][info][gc,heap        ] GC(90) Eden regions: 1068->0(1064)
[296.284s][info][gc,heap        ] GC(90) Survivor regions: 122->74(149)
[296.284s][info][gc,heap        ] GC(90) Old regions: 556->641
[296.284s][info][gc,heap        ] GC(90) Humongous regions: 77->77
[296.284s][info][gc,metaspace   ] GC(90) Metaspace: 28789K(29120K)->28789K(29120K) NonClass: 23906K(24064K)->23906K(24064K) Class: 4882K(5056K)->4882K(5056K)
[296.284s][info][gc             ] GC(90) Pause Young (Concurrent Start) (G1 Evacuation Pause) 3642M->1582M(4096M) 131.150ms
[296.284s][info][gc             ] GC(91) Concurrent Mark Cycle
[296.284s][info][gc,marking     ] GC(91) Concurrent Scan Root Regions
[296.284s][info][gc,cpu         ] GC(90) User=0.78s Sys=0.00s Real=0.13s
[296.497s][info][gc,marking     ] GC(91) Concurrent Scan Root Regions 212.701ms
[296.497s][info][gc,marking     ] GC(91) Concurrent Mark
[296.497s][info][gc,marking     ] GC(91) Concurrent Mark From Roots
[296.497s][info][gc,task        ] GC(91) Using 2 workers of 2 for marking
. (rIR:aIR:PR = 13837:13784:11185) (tPR = 168611) [PR is under limit] 
   297s: Re-initializing (term[298.163s][info][gc,start       ] GC(92) Pause Young (Normal) (G1 Evacuation Pause)
[298.163s][info][gc,task        ] GC(92) Using 6 workers of 6 for evacuation
[298.278s][info][gc,phases      ] GC(92)   Pre Evacuate Collection Set: 0.35ms
[298.278s][info][gc,phases      ] GC(92)   Merge Heap Roots: 0.58ms
[298.278s][info][gc,phases      ] GC(92)   Evacuate Collection Set: 113.44ms
[298.278s][info][gc,phases      ] GC(92)   Post Evacuate Collection Set: 0.83ms
[298.278s][info][gc,phases      ] GC(92)   Other: 0.08ms
[298.278s][info][gc,heap        ] GC(92) Eden regions: 1064->0(1008)
[298.278s][info][gc,heap        ] GC(92) Survivor regions: 74->83(143)
[298.278s][info][gc,heap        ] GC(92) Old regions: 641->692
[298.278s][info][gc,heap        ] GC(92) Humongous regions: 77->77
[298.278s][info][gc,metaspace   ] GC(92) Metaspace: 28789K(29120K)->28789K(29120K) NonClass: 23906K(24064K)->23906K(24064K) Class: 4882K(5056K)->4882K(5056K)
[298.278s][info][gc             ] GC(92) Pause Young (Normal) (G1 Evacuation Pause) 3710M->1701M(4096M) 115.415ms
[298.278s][info][gc,cpu         ] GC(92) User=0.69s Sys=0.00s Real=0.11s
[298.341s][info][gc,marking     ] GC(91) Concurrent Mark From Roots 1843.528ms
[298.341s][info][gc,marking     ] GC(91) Concurrent Preclean
[298.341s][info][gc,marking     ] GC(91) Concurrent Preclean 0.049ms
[298.341s][info][gc,start       ] GC(91) Pause Remark
[298.345s][info][gc             ] GC(91) Pause Remark 1747M->1747M(4096M) 3.996ms
[298.345s][info][gc,cpu         ] GC(91) User=0.02s Sys=0.00s Real=0.01s
[298.345s][info][gc,marking     ] GC(91) Concurrent Mark 1847.830ms
[298.345s][info][gc,marking     ] GC(91) Concurrent Rebuild Remembered Sets and Scrub Regions
[298.683s][info][gc,marking     ] GC(91) Concurrent Rebuild Remembered Sets and Scrub Regions 338.383ms
[298.683s][info][gc,start       ] GC(91) Pause Cleanup
[298.684s][info][gc             ] GC(91) Pause Cleanup 2112M->2112M(4096M) 0.168ms
[298.684s][info][gc,cpu         ] GC(91) User=0.00s Sys=0.00s Real=0.00s
[298.684s][info][gc,marking     ] GC(91) Concurrent Clear Claimed Marks
[298.684s][info][gc,marking     ] GC(91) Concurrent Clear Claimed Marks 0.035ms
[298.684s][info][gc,marking     ] GC(91) Concurrent Cleanup for Next Mark
[298.688s][info][gc,marking     ] GC(91) Concurrent Cleanup for Next Mark 4.758ms
[298.689s][info][gc             ] GC(91) Concurrent Mark Cycle 2404.278ms
[299.642s][info][gc,start       ] GC(93) Pause Young (Prepare Mixed) (G1 Evacuation Pause)
[299.643s][info][gc,task        ] GC(93) Using 6 workers of 6 for evacuation
[299.742s][info][gc,phases      ] GC(93)   Pre Evacuate Collection Set: 0.30ms
[299.742s][info][gc,phases      ] GC(93)   Merge Heap Roots: 0.47ms
[299.742s][info][gc,phases      ] GC(93)   Evacuate Collection Set: 98.04ms
[299.742s][info][gc,phases      ] GC(93)   Post Evacuate Collection Set: 0.82ms
[299.742s][info][gc,phases      ] GC(93)   Other: 0.09ms
[299.742s][info][gc,heap        ] GC(93) Eden regions: 1008->0(983)
[299.742s][info][gc,heap        ] GC(93) Survivor regions: 83->68(137)
[299.742s][info][gc,heap        ] GC(93) Old regions: 692->739
[299.742s][info][gc,heap        ] GC(93) Humongous regions: 77->77
[299.742s][info][gc,metaspace   ] GC(93) Metaspace: 28789K(29120K)->28789K(29120K) NonClass: 23906K(24064K)->23906K(24064K) Class: 4882K(5056K)->4882K(5056K)
[299.742s][info][gc             ] GC(93) Pause Young (Prepare Mixed) (G1 Evacuation Pause) 3717M->1765M(4096M) 99.857ms
[299.742s][info][gc,cpu         ] GC(93) User=0.59s Sys=0.00s Real=0.10s
[301.022s][info][gc,start       ] GC(94) Pause Young (Mixed) (G1 Evacuation Pause)
[301.022s][info][gc,task        ] GC(94) Using 6 workers of 6 for evacuation
[301.132s][info][gc,phases      ] GC(94)   Pre Evacuate Collection Set: 0.38ms
[301.132s][info][gc,phases      ] GC(94)   Merge Heap Roots: 0.79ms
[301.132s][info][gc,phases      ] GC(94)   Evacuate Collection Set: 107.72ms
[301.132s][info][gc,phases      ] GC(94)   Post Evacuate Collection Set: 0.90ms
[301.132s][info][gc,phases      ] GC(94)   Other: 0.08ms
[301.132s][info][gc,heap        ] GC(94) Eden regions: 983->0(1106)
[301.132s][info][gc,heap        ] GC(94) Survivor regions: 68->63(132)
[301.132s][info][gc,heap        ] GC(94) Old regions: 739->598
[301.132s][info][gc,heap        ] GC(94) Humongous regions: 77->77
[301.132s][info][gc,metaspace   ] GC(94) Metaspace: 28789K(29120K)->28789K(29120K) NonClass: 23906K(24064K)->23906K(24064K) Class: 4882K(5056K)->4882K(5056K)
[301.132s][info][gc             ] GC(94) Pause Young (Mixed) (G1 Evacuation Pause) 3731M->1473M(4096M) 110.043ms
[301.132s][info][gc,cpu         ] GC(94) User=0.65s Sys=0.00s Real=0.12s
[302.571s][info][gc,start       ] GC(95) Pause Young (Concurrent Start) (G1 Evacuation Pause)
[302.571s][info][gc,task        ] GC(95) Using 6 workers of 6 for evacuation
[302.674s][info][gc,phases      ] GC(95)   Pre Evacuate Collection Set: 0.30ms
[302.674s][info][gc,phases      ] GC(95)   Merge Heap Roots: 0.44ms
[302.674s][info][gc,phases      ] GC(95)   Evacuate Collection Set: 100.93ms
[302.674s][info][gc,phases      ] GC(95)   Post Evacuate Collection Set: 0.83ms
[302.674s][info][gc,phases      ] GC(95)   Other: 0.11ms
[302.674s][info][gc,heap        ] GC(95) Eden regions: 1106->0(1040)
[302.674s][info][gc,heap        ] GC(95) Survivor regions: 63->115(147)
[302.674s][info][gc,heap        ] GC(95) Old regions: 598->598
[302.674s][info][gc,heap        ] GC(95) Humongous regions: 77->77
[302.674s][info][gc,metaspace   ] GC(95) Metaspace: 28789K(29120K)->28789K(29120K) NonClass: 23906K(24064K)->23906K(24064K) Class: 4882K(5056K)->4882K(5056K)
[302.674s][info][gc             ] GC(95) Pause Young (Concurrent Start) (G1 Evacuation Pause) 3685M->1577M(4096M) 102.738ms
[302.674s][info][gc             ] GC(96) Concurrent Mark Cycle
[302.674s][info][gc,cpu         ] GC(95) User=0.61s Sys=0.00s Real=0.11s
[302.674s][info][gc,marking     ] GC(96) Concurrent Scan Root Regions
[302.907s][info][gc,marking     ] GC(96) Concurrent Scan Root Regions 232.479ms
[302.907s][info][gc,marking     ] GC(96) Concurrent Mark
[302.907s][info][gc,marking     ] GC(96) Concurrent Mark From Roots
[302.907s][info][gc,task        ] GC(96) Using 2 workers of 2 for marking
) [303.042s][info][gc,start       ] GC(97) Pause Full (System.gc())
[303.042s][info][gc,task        ] GC(97) Using 6 workers of 6 for full compaction
[303.045s][info][gc,phases,start] GC(97) Phase 1: Mark live objects
[303.060s][info][gc,phases      ] GC(97) Phase 1: Mark live objects 14.939ms
[303.060s][info][gc,phases,start] GC(97) Phase 2: Prepare compaction
[303.062s][info][gc,phases      ] GC(97) Phase 2: Prepare compaction 2.131ms
[303.062s][info][gc,phases,start] GC(97) Phase 3: Adjust pointers
[303.069s][info][gc,phases      ] GC(97) Phase 3: Adjust pointers 6.597ms
[303.069s][info][gc,phases,start] GC(97) Phase 4: Compact heap
[303.071s][info][gc,phases      ] GC(97) Phase 4: Compact heap 2.253ms
[303.071s][info][gc,phases,start] GC(97) Phase 5: Reset Metadata
[303.076s][info][gc,phases      ] GC(97) Phase 5: Reset Metadata 4.365ms
[303.082s][info][gc,heap        ] GC(97) Eden regions: 171->0(1228)
[303.082s][info][gc,heap        ] GC(97) Survivor regions: 115->0(147)
[303.082s][info][gc,heap        ] GC(97) Old regions: 598->36
[303.082s][info][gc,heap        ] GC(97) Humongous regions: 77->66
[303.082s][info][gc,metaspace   ] GC(97) Metaspace: 28793K(29120K)->28793K(29120K) NonClass: 23910K(24064K)->23910K(24064K) Class: 4882K(5056K)->4882K(5056K)
[303.082s][info][gc             ] GC(97) Pause Full (System.gc()) 1919M->194M(4096M) 40.151ms
[303.082s][info][gc,cpu         ] GC(97) User=0.21s Sys=0.00s Real=0.05s
[303.082s][info][gc,marking     ] GC(96) Concurrent Mark From Roots 175.068ms
[303.082s][info][gc,marking     ] GC(96) Concurrent Mark Abort
[303.082s][info][gc             ] GC(96) Concurrent Mark Cycle 407.633ms
(init[303.321s][info][gc,start       ] GC(98) Pause Young (Concurrent Start) (G1 Humongous Allocation)
[303.321s][info][gc,task        ] GC(98) Using 6 workers of 6 for evacuation
[303.337s][info][gc,phases      ] GC(98)   Pre Evacuate Collection Set: 0.39ms
[303.337s][info][gc,phases      ] GC(98)   Merge Heap Roots: 0.03ms
[303.337s][info][gc,phases      ] GC(98)   Evacuate Collection Set: 15.08ms
[303.337s][info][gc,phases      ] GC(98)   Post Evacuate Collection Set: 0.22ms
[303.337s][info][gc,phases      ] GC(98)   Other: 0.06ms
[303.337s][info][gc,heap        ] GC(98) Eden regions: 50->0(1213)
[303.337s][info][gc,heap        ] GC(98) Survivor regions: 0->15(154)
[303.337s][info][gc,heap        ] GC(98) Old regions: 36->36
[303.337s][info][gc,heap        ] GC(98) Humongous regions: 66->66
[303.337s][info][gc,metaspace   ] GC(98) Metaspace: 28800K(29120K)->28800K(29120K) NonClass: 23917K(24064K)->23917K(24064K) Class: 4882K(5056K)->4882K(5056K)
[303.337s][info][gc             ] GC(98) Pause Young (Concurrent Start) (G1 Humongous Allocation) 294M->223M(4096M) 15.900ms
[303.337s][info][gc             ] GC(99) Concurrent Mark Cycle
[303.337s][info][gc,cpu         ] GC(98) User=0.09s Sys=0.00s Real=0.02s
[303.337s][info][gc,marking     ] GC(99) Concurrent Scan Root Regions
[303.347s][info][gc,marking     ] GC(99) Concurrent Scan Root Regions 9.849ms
[303.347s][info][gc,marking     ] GC(99) Concurrent Mark
[303.347s][info][gc,marking     ] GC(99) Concurrent Mark From Roots
[303.347s][info][gc,task        ] GC(99) Using 2 workers of 2 for marking
[303.392s][info][gc,marking     ] GC(99) Concurrent Mark From Roots 45.165ms
[303.392s][info][gc,marking     ] GC(99) Concurrent Preclean
[303.392s][info][gc,marking     ] GC(99) Concurrent Preclean 0.081ms
[303.392s][info][gc,start       ] GC(99) Pause Remark
[303.394s][info][gc             ] GC(99) Pause Remark 297M->297M(4096M) 1.801ms
[303.394s][info][gc,cpu         ] GC(99) User=0.01s Sys=0.00s Real=0.00s
[303.394s][info][gc,marking     ] GC(99) Concurrent Mark 47.221ms
[303.394s][info][gc,marking     ] GC(99) Concurrent Rebuild Remembered Sets and Scrub Regions
[303.415s][info][gc,marking     ] GC(99) Concurrent Rebuild Remembered Sets and Scrub Regions 20.304ms
[303.415s][info][gc,start       ] GC(99) Pause Cleanup
[303.415s][info][gc             ] GC(99) Pause Cleanup 327M->327M(4096M) 0.060ms
[303.415s][info][gc,cpu         ] GC(99) User=0.00s Sys=0.00s Real=0.00s
[303.415s][info][gc,marking     ] GC(99) Concurrent Clear Claimed Marks
[303.415s][info][gc,marking     ] GC(99) Concurrent Clear Claimed Marks 0.034ms
[303.415s][info][gc,marking     ] GC(99) Concurrent Cleanup for Next Mark
[303.419s][info][gc,marking     ] GC(99) Concurrent Cleanup for Next Mark 4.086ms
[303.419s][info][gc             ] GC(99) Concurrent Mark Cycle 81.808ms
) ... OK
   307s: Searching from base IR = 11548
   307s:       rampup IR =      0 ... (rIR:aIR:PR = 0:0:0) (tPR = 0) [OK] 
   310s:       rampup IR =   1155 ...[314.241s][info][gc,start       ] GC(100) Pause Young (Prepare Mixed) (G1 Evacuation Pause)
[314.241s][info][gc,task        ] GC(100) Using 6 workers of 6 for evacuation
[314.714s][info][gc,mmu         ] GC(100) MMU target violated: 201.0ms (200.0ms/201.0ms)
[314.714s][info][gc,phases      ] GC(100)   Pre Evacuate Collection Set: 0.28ms
[314.714s][info][gc,phases      ] GC(100)   Merge Heap Roots: 0.56ms
[314.714s][info][gc,phases      ] GC(100)   Evacuate Collection Set: 471.07ms
[314.714s][info][gc,phases      ] GC(100)   Post Evacuate Collection Set: 1.28ms
[314.714s][info][gc,phases      ] GC(100)   Other: 0.14ms
[314.714s][info][gc,heap        ] GC(100) Eden regions: 1213->0(444)
[314.714s][info][gc,heap        ] GC(100) Survivor regions: 15->154(154)
[314.714s][info][gc,heap        ] GC(100) Old regions: 36->343
[314.714s][info][gc,heap        ] GC(100) Humongous regions: 163->155
[314.714s][info][gc,metaspace   ] GC(100) Metaspace: 28807K(29120K)->28807K(29120K) NonClass: 23924K(24064K)->23924K(24064K) Class: 4883K(5056K)->4883K(5056K)
[314.714s][info][gc             ] GC(100) Pause Young (Prepare Mixed) (G1 Evacuation Pause) 2843M->1294M(4096M) 473.458ms
[314.714s][info][gc,cpu         ] GC(100) User=2.82s Sys=0.00s Real=0.48s
. (rIR:aIR:PR = 1155:1164:1140) (tPR = 23225) [OK] 
   314s:       rampup IR =   2310 ..[316.908s][info][gc,start       ] GC(101) Pause Young (Mixed) (G1 Evacuation Pause)
[316.908s][info][gc,task        ] GC(101) Using 6 workers of 6 for evacuation
[317.096s][info][gc,phases      ] GC(101)   Pre Evacuate Collection Set: 0.36ms
[317.096s][info][gc,phases      ] GC(101)   Merge Heap Roots: 0.59ms
[317.096s][info][gc,phases      ] GC(101)   Evacuate Collection Set: 187.09ms
[317.096s][info][gc,phases      ] GC(101)   Post Evacuate Collection Set: 0.56ms
[317.096s][info][gc,phases      ] GC(101)   Other: 0.06ms
[317.096s][info][gc,heap        ] GC(101) Eden regions: 435->0(691)
[317.096s][info][gc,heap        ] GC(101) Survivor regions: 154->27(74)
[317.096s][info][gc,heap        ] GC(101) Old regions: 343->494
[317.096s][info][gc,heap        ] GC(101) Humongous regions: 155->155
[317.096s][info][gc,metaspace   ] GC(101) Metaspace: 28809K(29120K)->28809K(29120K) NonClass: 23925K(24064K)->23925K(24064K) Class: 4883K(5056K)->4883K(5056K)
[317.097s][info][gc             ] GC(101) Pause Young (Mixed) (G1 Evacuation Pause) 2164M->1344M(4096M) 188.795ms
[317.097s][info][gc,cpu         ] GC(101) User=1.12s Sys=0.00s Real=0.19s
... (rIR:aIR:PR = 2310:2314:2268) (tPR = 40531) [OK] 
   319s:       rampup IR =   3464 [320.369s][info][gc,start       ] GC(102) Pause Young (Concurrent Start) (G1 Evacuation Pause)
[320.370s][info][gc,task        ] GC(102) Using 6 workers of 6 for evacuation
[320.433s][info][gc,phases      ] GC(102)   Pre Evacuate Collection Set: 0.39ms
[320.433s][info][gc,phases      ] GC(102)   Merge Heap Roots: 0.45ms
[320.433s][info][gc,phases      ] GC(102)   Evacuate Collection Set: 61.43ms
[320.433s][info][gc,phases      ] GC(102)   Post Evacuate Collection Set: 0.70ms
[320.433s][info][gc,phases      ] GC(102)   Other: 0.11ms
[320.433s][info][gc,heap        ] GC(102) Eden regions: 717->0(697)
[320.433s][info][gc,heap        ] GC(102) Survivor regions: 27->62(93)
[320.433s][info][gc,heap        ] GC(102) Old regions: 494->494
[320.433s][info][gc,heap        ] GC(102) Humongous regions: 155->155
[320.433s][info][gc,metaspace   ] GC(102) Metaspace: 28809K(29120K)->28809K(29120K) NonClass: 23926K(24064K)->23926K(24064K) Class: 4883K(5056K)->4883K(5056K)
[320.433s][info][gc             ] GC(102) Pause Young (Concurrent Start) (G1 Evacuation Pause) 2778M->1414M(4096M) 63.217ms
[320.433s][info][gc             ] GC(103) Concurrent Mark Cycle
[320.433s][info][gc,marking     ] GC(103) Concurrent Scan Root Regions
[320.433s][info][gc,cpu         ] GC(102) User=0.37s Sys=0.00s Real=0.07s
[320.501s][info][gc,marking     ] GC(103) Concurrent Scan Root Regions 68.619ms
[320.501s][info][gc,marking     ] GC(103) Concurrent Mark
[320.501s][info][gc,marking     ] GC(103) Concurrent Mark From Roots
[320.501s][info][gc,task        ] GC(103) Using 2 workers of 2 for marking
.[321.115s][info][gc,marking     ] GC(103) Concurrent Mark From Roots 613.329ms
[321.115s][info][gc,marking     ] GC(103) Concurrent Preclean
[321.115s][info][gc,marking     ] GC(103) Concurrent Preclean 0.075ms
[321.115s][info][gc,start       ] GC(103) Pause Remark
[321.122s][info][gc             ] GC(103) Pause Remark 1862M->1664M(4096M) 7.216ms
[321.122s][info][gc,cpu         ] GC(103) User=0.04s Sys=0.00s Real=0.01s
[321.122s][info][gc,marking     ] GC(103) Concurrent Mark 620.930ms
[321.122s][info][gc,marking     ] GC(103) Concurrent Rebuild Remembered Sets and Scrub Regions
[321.351s][info][gc,marking     ] GC(103) Concurrent Rebuild Remembered Sets and Scrub Regions 229.133ms
[321.352s][info][gc,start       ] GC(103) Pause Cleanup
[321.352s][info][gc             ] GC(103) Pause Cleanup 1826M->1826M(4096M) 0.107ms
[321.352s][info][gc,cpu         ] GC(103) User=0.00s Sys=0.00s Real=0.00s
[321.352s][info][gc,marking     ] GC(103) Concurrent Clear Claimed Marks
[321.352s][info][gc,marking     ] GC(103) Concurrent Clear Claimed Marks 0.029ms
[321.352s][info][gc,marking     ] GC(103) Concurrent Cleanup for Next Mark
[321.355s][info][gc,marking     ] GC(103) Concurrent Cleanup for Next Mark 3.326ms
[321.355s][info][gc             ] GC(103) Concurrent Mark Cycle 922.500ms
.[322.672s][info][gc,start       ] GC(104) Pause Young (Prepare Mixed) (G1 Evacuation Pause)
[322.672s][info][gc,task        ] GC(104) Using 6 workers of 6 for evacuation
[322.754s][info][gc,phases      ] GC(104)   Pre Evacuate Collection Set: 0.33ms
[322.754s][info][gc,phases      ] GC(104)   Merge Heap Roots: 0.51ms
[322.754s][info][gc,phases      ] GC(104)   Evacuate Collection Set: 79.97ms
[322.754s][info][gc,phases      ] GC(104)   Post Evacuate Collection Set: 0.71ms
[322.754s][info][gc,phases      ] GC(104)   Other: 0.07ms
[322.754s][info][gc,heap        ] GC(104) Eden regions: 688->0(873)
[322.754s][info][gc,heap        ] GC(104) Survivor regions: 62->70(94)
[322.754s][info][gc,heap        ] GC(104) Old regions: 475->497
[322.754s][info][gc,heap        ] GC(104) Humongous regions: 75->75
[322.754s][info][gc,metaspace   ] GC(104) Metaspace: 28809K(29120K)->28809K(29120K) NonClass: 23926K(24064K)->23926K(24064K) Class: 4883K(5056K)->4883K(5056K)
[322.754s][info][gc             ] GC(104) Pause Young (Prepare Mixed) (G1 Evacuation Pause) 2592M->1275M(4096M) 81.715ms
[322.754s][info][gc,cpu         ] GC(104) User=0.48s Sys=0.00s Real=0.08s
.. (rIR:aIR:PR = 3464:3462:3390) (tPR = 57900) [OK] 
   323s:       rampup IR =   4619 .[325.507s][info][gc,start       ] GC(105) Pause Young (Mixed) (G1 Evacuation Pause)
[325.507s][info][gc,task        ] GC(105) Using 6 workers of 6 for evacuation
[325.601s][info][gc,phases      ] GC(105)   Pre Evacuate Collection Set: 0.36ms
[325.601s][info][gc,phases      ] GC(105)   Merge Heap Roots: 0.42ms
[325.601s][info][gc,phases      ] GC(105)   Evacuate Collection Set: 91.96ms
[325.601s][info][gc,phases      ] GC(105)   Post Evacuate Collection Set: 0.84ms
[325.601s][info][gc,phases      ] GC(105)   Other: 0.08ms
[325.601s][info][gc,heap        ] GC(105) Eden regions: 976->0(1049)
[325.601s][info][gc,heap        ] GC(105) Survivor regions: 70->81(131)
[325.601s][info][gc,heap        ] GC(105) Old regions: 497->519
[325.601s][info][gc,heap        ] GC(105) Humongous regions: 75->75
[325.601s][info][gc,metaspace   ] GC(105) Metaspace: 28809K(29120K)->28809K(29120K) NonClass: 23926K(24064K)->23926K(24064K) Class: 4883K(5056K)->4883K(5056K)
[325.601s][info][gc             ] GC(105) Pause Young (Mixed) (G1 Evacuation Pause) 3227M->1343M(4096M) 93.787ms
[325.601s][info][gc,cpu         ] GC(105) User=0.56s Sys=0.00s Real=0.09s
... (rIR:aIR:PR = 4619:4593:4569) (tPR = 78425) [OK] 
   327s:       rampup IR =   5774 [328.178s][info][gc,start       ] GC(106) Pause Young (Mixed) (G1 Evacuation Pause)
[328.178s][info][gc,task        ] GC(106) Using 6 workers of 6 for evacuation
[328.290s][info][gc,phases      ] GC(106)   Pre Evacuate Collection Set: 0.39ms
[328.290s][info][gc,phases      ] GC(106)   Merge Heap Roots: 0.55ms
[328.290s][info][gc,phases      ] GC(106)   Evacuate Collection Set: 108.72ms
[328.290s][info][gc,phases      ] GC(106)   Merge Optional Heap Roots: 0.05ms
[328.290s][info][gc,phases      ] GC(106)   Evacuate Optional Collection Set: 0.96ms
[328.290s][info][gc,phases      ] GC(106)   Post Evacuate Collection Set: 1.05ms
[328.290s][info][gc,phases      ] GC(106)   Other: 0.11ms
[328.290s][info][gc,heap        ] GC(106) Eden regions: 1051->0(1071)
[328.290s][info][gc,heap        ] GC(106) Survivor regions: 81->94(142)
[328.290s][info][gc,heap        ] GC(106) Old regions: 519->519
[328.290s][info][gc,heap        ] GC(106) Humongous regions: 77->77
[328.290s][info][gc,metaspace   ] GC(106) Metaspace: 28809K(29120K)->28809K(29120K) NonClass: 23926K(24064K)->23926K(24064K) Class: 4883K(5056K)->4883K(5056K)
[328.290s][info][gc             ] GC(106) Pause Young (Mixed) (G1 Evacuation Pause) 3449M->1379M(4096M) 111.980ms
[328.290s][info][gc,cpu         ] GC(106) User=0.66s Sys=0.00s Real=0.11s
..[330.496s][info][gc,start       ] GC(107) Pause Young (Mixed) (G1 Evacuation Pause)
[330.496s][info][gc,task        ] GC(107) Using 6 workers of 6 for evacuation
[330.619s][info][gc,phases      ] GC(107)   Pre Evacuate Collection Set: 0.38ms
[330.619s][info][gc,phases      ] GC(107)   Merge Heap Roots: 0.57ms
[330.619s][info][gc,phases      ] GC(107)   Evacuate Collection Set: 120.47ms
[330.619s][info][gc,phases      ] GC(107)   Post Evacuate Collection Set: 0.88ms
[330.619s][info][gc,phases      ] GC(107)   Other: 0.09ms
[330.619s][info][gc,heap        ] GC(107) Eden regions: 1071->0(1066)
[330.619s][info][gc,heap        ] GC(107) Survivor regions: 94->103(146)
[330.619s][info][gc,heap        ] GC(107) Old regions: 519->545
[330.619s][info][gc,heap        ] GC(107) Humongous regions: 77->77
[330.619s][info][gc,metaspace   ] GC(107) Metaspace: 28813K(29120K)->28813K(29120K) NonClass: 23930K(24064K)->23930K(24064K) Class: 4883K(5056K)->4883K(5056K)
[330.619s][info][gc             ] GC(107) Pause Young (Mixed) (G1 Evacuation Pause) 3521M->1448M(4096M) 122.538ms
[330.619s][info][gc,cpu         ] GC(107) User=0.73s Sys=0.00s Real=0.12s
.. (rIR:aIR:PR = 5774:5822:5821) (tPR = 94976) [OK] 
   331s:       rampup IR =   6929 .[332.927s][info][gc,start       ] GC(108) Pause Young (Concurrent Start) (G1 Evacuation Pause)
[332.927s][info][gc,task        ] GC(108) Using 6 workers of 6 for evacuation
[333.046s][info][gc,phases      ] GC(108)   Pre Evacuate Collection Set: 0.39ms
[333.046s][info][gc,phases      ] GC(108)   Merge Heap Roots: 0.39ms
[333.046s][info][gc,phases      ] GC(108)   Evacuate Collection Set: 116.51ms
[333.046s][info][gc,phases      ] GC(108)   Post Evacuate Collection Set: 0.92ms
[333.046s][info][gc,phases      ] GC(108)   Other: 0.10ms
[333.046s][info][gc,heap        ] GC(108) Eden regions: 1066->0(1055)
[333.046s][info][gc,heap        ] GC(108) Survivor regions: 103->105(147)
[333.046s][info][gc,heap        ] GC(108) Old regions: 545->579
[333.046s][info][gc,heap        ] GC(108) Humongous regions: 77->77
[333.046s][info][gc,metaspace   ] GC(108) Metaspace: 28817K(29120K)->28817K(29120K) NonClass: 23933K(24064K)->23933K(24064K) Class: 4883K(5056K)->4883K(5056K)
[333.046s][info][gc             ] GC(108) Pause Young (Concurrent Start) (G1 Evacuation Pause) 3580M->1521M(4096M) 118.446ms
[333.046s][info][gc             ] GC(109) Concurrent Mark Cycle
[333.046s][info][gc,marking     ] GC(109) Concurrent Scan Root Regions
[333.046s][info][gc,cpu         ] GC(108) User=0.71s Sys=0.01s Real=0.12s
[333.228s][info][gc,marking     ] GC(109) Concurrent Scan Root Regions 182.470ms
[333.228s][info][gc,marking     ] GC(109) Concurrent Mark
[333.228s][info][gc,marking     ] GC(109) Concurrent Mark From Roots
[333.228s][info][gc,task        ] GC(109) Using 2 workers of 2 for marking
.[333.841s][info][gc,marking     ] GC(109) Concurrent Mark From Roots 612.492ms
[333.841s][info][gc,marking     ] GC(109) Concurrent Preclean
[333.841s][info][gc,marking     ] GC(109) Concurrent Preclean 0.068ms
[333.843s][info][gc,start       ] GC(109) Pause Remark
[333.852s][info][gc             ] GC(109) Pause Remark 2285M->2283M(4096M) 8.348ms
[333.852s][info][gc,cpu         ] GC(109) User=0.05s Sys=0.00s Real=0.01s
[333.852s][info][gc,marking     ] GC(109) Concurrent Mark 623.703ms
[333.852s][info][gc,marking     ] GC(109) Concurrent Rebuild Remembered Sets and Scrub Regions
[334.247s][info][gc,marking     ] GC(109) Concurrent Rebuild Remembered Sets and Scrub Regions 395.369ms
[334.248s][info][gc,start       ] GC(109) Pause Cleanup
[334.248s][info][gc             ] GC(109) Pause Cleanup 2673M->2673M(4096M) 0.192ms
[334.248s][info][gc,cpu         ] GC(109) User=0.00s Sys=0.00s Real=0.00s
[334.248s][info][gc,marking     ] GC(109) Concurrent Clear Claimed Marks
[334.248s][info][gc,marking     ] GC(109) Concurrent Clear Claimed Marks 0.029ms
[334.248s][info][gc,marking     ] GC(109) Concurrent Cleanup for Next Mark
[334.254s][info][gc,marking     ] GC(109) Concurrent Cleanup for Next Mark 6.016ms
[334.254s][info][gc             ] GC(109) Concurrent Mark Cycle 1208.232ms
.[335.305s][info][gc,start       ] GC(110) Pause Young (Prepare Mixed) (G1 Evacuation Pause)
[335.306s][info][gc,task        ] GC(110) Using 6 workers of 6 for evacuation
[335.424s][info][gc,phases      ] GC(110)   Pre Evacuate Collection Set: 0.35ms
[335.424s][info][gc,phases      ] GC(110)   Merge Heap Roots: 0.44ms
[335.424s][info][gc,phases      ] GC(110)   Evacuate Collection Set: 116.34ms
[335.424s][info][gc,phases      ] GC(110)   Post Evacuate Collection Set: 0.99ms
[335.424s][info][gc,phases      ] GC(110)   Other: 0.08ms
[335.424s][info][gc,heap        ] GC(110) Eden regions: 1055->0(1036)
[335.424s][info][gc,heap        ] GC(110) Survivor regions: 105->108(145)
[335.424s][info][gc,heap        ] GC(110) Old regions: 578->614
[335.424s][info][gc,heap        ] GC(110) Humongous regions: 77->77
[335.424s][info][gc,metaspace   ] GC(110) Metaspace: 28817K(29120K)->28817K(29120K) NonClass: 23933K(24064K)->23933K(24064K) Class: 4883K(5056K)->4883K(5056K)
[335.424s][info][gc             ] GC(110) Pause Young (Prepare Mixed) (G1 Evacuation Pause) 3629M->1595M(4096M) 118.333ms
[335.424s][info][gc,cpu         ] GC(110) User=0.70s Sys=0.00s Real=0.12s
.. (rIR:aIR:PR = 6929:6890:6890) (tPR = 104646) [OK] 
   336s:       rampup IR =   8084 [337.643s][info][gc,start       ] GC(111) Pause Young (Mixed) (G1 Evacuation Pause)
[337.643s][info][gc,task        ] GC(111) Using 6 workers of 6 for evacuation
[337.782s][info][gc,phases      ] GC(111)   Pre Evacuate Collection Set: 0.41ms
[337.782s][info][gc,phases      ] GC(111)   Merge Heap Roots: 0.56ms
[337.782s][info][gc,phases      ] GC(111)   Evacuate Collection Set: 134.06ms
[337.782s][info][gc,phases      ] GC(111)   Merge Optional Heap Roots: 0.04ms
[337.782s][info][gc,phases      ] GC(111)   Evacuate Optional Collection Set: 2.52ms
[337.782s][info][gc,phases      ] GC(111)   Post Evacuate Collection Set: 1.13ms
[337.782s][info][gc,phases      ] GC(111)   Other: 0.12ms
[337.782s][info][gc,heap        ] GC(111) Eden regions: 1036->0(1114)
[337.782s][info][gc,heap        ] GC(111) Survivor regions: 108->114(143)
[337.782s][info][gc,heap        ] GC(111) Old regions: 614->503
[337.782s][info][gc,heap        ] GC(111) Humongous regions: 77->77
[337.782s][info][gc,metaspace   ] GC(111) Metaspace: 28817K(29120K)->28817K(29120K) NonClass: 23933K(24064K)->23933K(24064K) Class: 4883K(5056K)->4883K(5056K)
[337.782s][info][gc             ] GC(111) Pause Young (Mixed) (G1 Evacuation Pause) 3667M->1385M(4096M) 138.980ms
[337.782s][info][gc,cpu         ] GC(111) User=0.83s Sys=0.01s Real=0.14s
..[339.899s][info][gc,start       ] GC(112) Pause Young (Mixed) (G1 Evacuation Pause)
[339.899s][info][gc,task        ] GC(112) Using 6 workers of 6 for evacuation
[340.029s][info][gc,phases      ] GC(112)   Pre Evacuate Collection Set: 0.35ms
[340.029s][info][gc,phases      ] GC(112)   Merge Heap Roots: 0.66ms
[340.029s][info][gc,phases      ] GC(112)   Evacuate Collection Set: 127.66ms
[340.029s][info][gc,phases      ] GC(112)   Post Evacuate Collection Set: 0.98ms
[340.029s][info][gc,phases      ] GC(112)   Other: 0.08ms
[340.029s][info][gc,heap        ] GC(112) Eden regions: 1114->0(1120)
[340.029s][info][gc,heap        ] GC(112) Survivor regions: 114->108(154)
[340.029s][info][gc,heap        ] GC(112) Old regions: 503->485
[340.029s][info][gc,heap        ] GC(112) Humongous regions: 77->77
[340.029s][info][gc,metaspace   ] GC(112) Metaspace: 28817K(29120K)->28817K(29120K) NonClass: 23934K(24064K)->23934K(24064K) Class: 4883K(5056K)->4883K(5056K)
[340.029s][info][gc             ] GC(112) Pause Young (Mixed) (G1 Evacuation Pause) 3613M->1339M(4096M) 129.861ms
[340.029s][info][gc,cpu         ] GC(112) User=0.77s Sys=0.00s Real=0.13s
... (rIR:aIR:PR = 8084:8404:8418) (tPR = 125082) [OK] 
   341s:       rampup IR =   9238 [342.179s][info][gc,start       ] GC(113) Pause Young (Concurrent Start) (G1 Evacuation Pause)
[342.179s][info][gc,task        ] GC(113) Using 6 workers of 6 for evacuation
[342.303s][info][gc,phases      ] GC(113)   Pre Evacuate Collection Set: 0.38ms
[342.303s][info][gc,phases      ] GC(113)   Merge Heap Roots: 0.45ms
[342.303s][info][gc,phases      ] GC(113)   Evacuate Collection Set: 122.39ms
[342.303s][info][gc,phases      ] GC(113)   Post Evacuate Collection Set: 1.02ms
[342.303s][info][gc,phases      ] GC(113)   Other: 0.10ms
[342.303s][info][gc,heap        ] GC(113) Eden regions: 1120->0(1113)
[342.303s][info][gc,heap        ] GC(113) Survivor regions: 108->115(154)
[342.303s][info][gc,heap        ] GC(113) Old regions: 485->518
[342.303s][info][gc,heap        ] GC(113) Humongous regions: 77->77
[342.303s][info][gc,metaspace   ] GC(113) Metaspace: 28823K(29184K)->28823K(29184K) NonClass: 23940K(24128K)->23940K(24128K) Class: 4883K(5056K)->4883K(5056K)
[342.303s][info][gc             ] GC(113) Pause Young (Concurrent Start) (G1 Evacuation Pause) 3579M->1418M(4096M) 124.466ms
[342.303s][info][gc             ] GC(114) Concurrent Mark Cycle
[342.303s][info][gc,marking     ] GC(114) Concurrent Scan Root Regions
[342.303s][info][gc,cpu         ] GC(113) User=0.74s Sys=0.00s Real=0.13s
[342.465s][info][gc,marking     ] GC(114) Concurrent Scan Root Regions 161.961ms
[342.465s][info][gc,marking     ] GC(114) Concurrent Mark
[342.465s][info][gc,marking     ] GC(114) Concurrent Mark From Roots
[342.465s][info][gc,task        ] GC(114) Using 2 workers of 2 for marking
.[343.108s][info][gc,marking     ] GC(114) Concurrent Mark From Roots 642.596ms
[343.108s][info][gc,marking     ] GC(114) Concurrent Preclean
[343.108s][info][gc,marking     ] GC(114) Concurrent Preclean 0.107ms
[343.109s][info][gc,start       ] GC(114) Pause Remark
[343.112s][info][gc             ] GC(114) Pause Remark 2144M->2144M(4096M) 2.677ms
[343.112s][info][gc,cpu         ] GC(114) User=0.01s Sys=0.00s Real=0.01s
[343.112s][info][gc,marking     ] GC(114) Concurrent Mark 646.996ms
[343.112s][info][gc,marking     ] GC(114) Concurrent Rebuild Remembered Sets and Scrub Regions
[343.540s][info][gc,marking     ] GC(114) Concurrent Rebuild Remembered Sets and Scrub Regions 428.349ms
[343.541s][info][gc,start       ] GC(114) Pause Cleanup
[343.541s][info][gc             ] GC(114) Pause Cleanup 2722M->2722M(4096M) 0.167ms
[343.541s][info][gc,cpu         ] GC(114) User=0.00s Sys=0.00s Real=0.00s
[343.541s][info][gc,marking     ] GC(114) Concurrent Clear Claimed Marks
[343.541s][info][gc,marking     ] GC(114) Concurrent Clear Claimed Marks 0.028ms
[343.541s][info][gc,marking     ] GC(114) Concurrent Cleanup for Next Mark
[343.546s][info][gc,marking     ] GC(114) Concurrent Cleanup for Next Mark 5.018ms
[343.546s][info][gc             ] GC(114) Concurrent Mark Cycle 1242.936ms
.[344.171s][info][gc,start       ] GC(115) Pause Young (Prepare Mixed) (G1 Evacuation Pause)
[344.171s][info][gc,task        ] GC(115) Using 6 workers of 6 for evacuation
[344.297s][info][gc,phases      ] GC(115)   Pre Evacuate Collection Set: 0.32ms
[344.297s][info][gc,phases      ] GC(115)   Merge Heap Roots: 0.49ms
[344.297s][info][gc,phases      ] GC(115)   Evacuate Collection Set: 124.24ms
[344.297s][info][gc,phases      ] GC(115)   Post Evacuate Collection Set: 1.04ms
[344.297s][info][gc,phases      ] GC(115)   Other: 0.10ms
[344.297s][info][gc,heap        ] GC(115) Eden regions: 1113->0(1082)
[344.297s][info][gc,heap        ] GC(115) Survivor regions: 115->117(154)
[344.297s][info][gc,heap        ] GC(115) Old regions: 518->552
[344.297s][info][gc,heap        ] GC(115) Humongous regions: 77->77
[344.297s][info][gc,metaspace   ] GC(115) Metaspace: 28823K(29184K)->28823K(29184K) NonClass: 23940K(24128K)->23940K(24128K) Class: 4883K(5056K)->4883K(5056K)
[344.297s][info][gc             ] GC(115) Pause Young (Prepare Mixed) (G1 Evacuation Pause) 3644M->1491M(4096M) 126.317ms
[344.297s][info][gc,cpu         ] GC(115) User=0.75s Sys=0.00s Real=0.13s
.[346.009s][info][gc,start       ] GC(116) Pause Young (Mixed) (G1 Evacuation Pause)
[346.009s][info][gc,task        ] GC(116) Using 6 workers of 6 for evacuation
[346.172s][info][gc,phases      ] GC(116)   Pre Evacuate Collection Set: 0.41ms
[346.172s][info][gc,phases      ] GC(116)   Merge Heap Roots: 0.68ms
[346.172s][info][gc,phases      ] GC(116)   Evacuate Collection Set: 142.24ms
[346.172s][info][gc,phases      ] GC(116)   Merge Optional Heap Roots: 0.22ms
[346.172s][info][gc,phases      ] GC(116)   Evacuate Optional Collection Set: 18.50ms
[346.172s][info][gc,phases      ] GC(116)   Post Evacuate Collection Set: 1.28ms
[346.172s][info][gc,phases      ] GC(116)   Other: 0.10ms
[346.172s][info][gc,heap        ] GC(116) Eden regions: 1082->0(1119)
[346.172s][info][gc,heap        ] GC(116) Survivor regions: 117->109(150)
[346.172s][info][gc,heap        ] GC(116) Old regions: 552->462
[346.172s][info][gc,heap        ] GC(116) Humongous regions: 77->77
[346.172s][info][gc,metaspace   ] GC(116) Metaspace: 28823K(29184K)->28823K(29184K) NonClass: 23940K(24128K)->23940K(24128K) Class: 4883K(5056K)->4883K(5056K)
[346.172s][info][gc             ] GC(116) Pause Young (Mixed) (G1 Evacuation Pause) 3655M->1294M(4096M) 163.570ms
[346.172s][info][gc,cpu         ] GC(116) User=0.95s Sys=0.01s Real=0.17s
..[348.116s][info][gc,start       ] GC(117) Pause Young (Mixed) (G1 Evacuation Pause)
[348.116s][info][gc,task        ] GC(117) Using 6 workers of 6 for evacuation
[348.248s][info][gc,phases      ] GC(117)   Pre Evacuate Collection Set: 0.35ms
[348.248s][info][gc,phases      ] GC(117)   Merge Heap Roots: 0.67ms
[348.248s][info][gc,phases      ] GC(117)   Evacuate Collection Set: 130.29ms
[348.248s][info][gc,phases      ] GC(117)   Post Evacuate Collection Set: 0.92ms
[348.248s][info][gc,phases      ] GC(117)   Other: 0.09ms
[348.248s][info][gc,heap        ] GC(117) Eden regions: 1119->0(1119)
[348.248s][info][gc,heap        ] GC(117) Survivor regions: 109->109(154)
[348.248s][info][gc,heap        ] GC(117) Old regions: 462->494
[348.248s][info][gc,heap        ] GC(117) Humongous regions: 77->77
[348.248s][info][gc,metaspace   ] GC(117) Metaspace: 28825K(29184K)->28825K(29184K) NonClass: 23942K(24128K)->23942K(24128K) Class: 4883K(5056K)->4883K(5056K)
[348.248s][info][gc             ] GC(117) Pause Young (Mixed) (G1 Evacuation Pause) 3532M->1358M(4096M) 132.456ms
[348.248s][info][gc,cpu         ] GC(117) User=0.79s Sys=0.00s Real=0.13s
..[350.129s][info][gc,start       ] GC(118) Pause Young (Concurrent Start) (G1 Evacuation Pause)
[350.130s][info][gc,task        ] GC(118) Using 6 workers of 6 for evacuation
[350.246s][info][gc,phases      ] GC(118)   Pre Evacuate Collection Set: 0.41ms
[350.246s][info][gc,phases      ] GC(118)   Merge Heap Roots: 0.49ms
[350.246s][info][gc,phases      ] GC(118)   Evacuate Collection Set: 114.87ms
[350.246s][info][gc,phases      ] GC(118)   Post Evacuate Collection Set: 0.87ms
[350.246s][info][gc,phases      ] GC(118)   Other: 0.13ms
[350.246s][info][gc,heap        ] GC(118) Eden regions: 1119->0(1120)
[350.246s][info][gc,heap        ] GC(118) Survivor regions: 109->108(154)
[350.246s][info][gc,heap        ] GC(118) Old regions: 494->525
[350.246s][info][gc,heap        ] GC(118) Humongous regions: 77->77
[350.246s][info][gc,metaspace   ] GC(118) Metaspace: 28828K(29184K)->28828K(29184K) NonClass: 23945K(24128K)->23945K(24128K) Class: 4883K(5056K)->4883K(5056K)
[350.246s][info][gc             ] GC(118) Pause Young (Concurrent Start) (G1 Evacuation Pause) 3596M->1419M(4096M) 116.899ms
[350.246s][info][gc             ] GC(119) Concurrent Mark Cycle
[350.246s][info][gc,marking     ] GC(119) Concurrent Scan Root Regions
[350.246s][info][gc,cpu         ] GC(118) User=0.70s Sys=0.00s Real=0.12s
. (rIR:aIR:PR = 9238:9367:9388) (tPR = 143219) [OK] 
   350s:       rampup IR =  10393 [350.422s][info][gc,marking     ] GC(119) Concurrent Scan Root Regions 175.932ms
[350.422s][info][gc,marking     ] GC(119) Concurrent Mark
[350.422s][info][gc,marking     ] GC(119) Concurrent Mark From Roots
[350.422s][info][gc,task        ] GC(119) Using 2 workers of 2 for marking
[351.338s][info][gc,marking     ] GC(119) Concurrent Mark From Roots 915.342ms
[351.338s][info][gc,marking     ] GC(119) Concurrent Preclean
[351.338s][info][gc,marking     ] GC(119) Concurrent Preclean 0.100ms
[351.339s][info][gc,start       ] GC(119) Pause Remark
[351.345s][info][gc             ] GC(119) Pause Remark 2447M->2447M(4096M) 6.006ms
[351.345s][info][gc,cpu         ] GC(119) User=0.03s Sys=0.00s Real=0.01s
[351.346s][info][gc,marking     ] GC(119) Concurrent Mark 923.134ms
[351.346s][info][gc,marking     ] GC(119) Concurrent Rebuild Remembered Sets and Scrub Regions
.[351.706s][info][gc,marking     ] GC(119) Concurrent Rebuild Remembered Sets and Scrub Regions 360.748ms
[351.707s][info][gc,start       ] GC(119) Pause Cleanup
[351.707s][info][gc             ] GC(119) Pause Cleanup 2863M->2863M(4096M) 0.142ms
[351.707s][info][gc,cpu         ] GC(119) User=0.00s Sys=0.00s Real=0.00s
[351.707s][info][gc,marking     ] GC(119) Concurrent Clear Claimed Marks
[351.707s][info][gc,marking     ] GC(119) Concurrent Clear Claimed Marks 0.028ms
[351.707s][info][gc,marking     ] GC(119) Concurrent Cleanup for Next Mark
[351.713s][info][gc,marking     ] GC(119) Concurrent Cleanup for Next Mark 5.869ms
[351.713s][info][gc             ] GC(119) Concurrent Mark Cycle 1466.294ms
[352.280s][info][gc,start       ] GC(120) Pause Young (Prepare Mixed) (G1 Evacuation Pause)
[352.280s][info][gc,task        ] GC(120) Using 6 workers of 6 for evacuation
[352.399s][info][gc,phases      ] GC(120)   Pre Evacuate Collection Set: 0.35ms
[352.399s][info][gc,phases      ] GC(120)   Merge Heap Roots: 0.57ms
[352.399s][info][gc,phases      ] GC(120)   Evacuate Collection Set: 115.97ms
[352.399s][info][gc,phases      ] GC(120)   Post Evacuate Collection Set: 0.98ms
[352.399s][info][gc,phases      ] GC(120)   Other: 0.86ms
[352.399s][info][gc,heap        ] GC(120) Eden regions: 1120->0(1091)
[352.399s][info][gc,heap        ] GC(120) Survivor regions: 108->110(154)
[352.399s][info][gc,heap        ] GC(120) Old regions: 525->557
[352.399s][info][gc,heap        ] GC(120) Humongous regions: 77->77
[352.399s][info][gc,metaspace   ] GC(120) Metaspace: 28830K(29184K)->28830K(29184K) NonClass: 23947K(24128K)->23947K(24128K) Class: 4883K(5056K)->4883K(5056K)
[352.399s][info][gc             ] GC(120) Pause Young (Prepare Mixed) (G1 Evacuation Pause) 3659M->1486M(4096M) 118.878ms
[352.399s][info][gc,cpu         ] GC(120) User=0.70s Sys=0.00s Real=0.12s
..[353.845s][info][gc,start       ] GC(121) Pause Young (Mixed) (G1 Evacuation Pause)
[353.845s][info][gc,task        ] GC(121) Using 6 workers of 6 for evacuation
[354.025s][info][gc,phases      ] GC(121)   Pre Evacuate Collection Set: 0.38ms
[354.025s][info][gc,phases      ] GC(121)   Merge Heap Roots: 0.76ms
[354.025s][info][gc,phases      ] GC(121)   Evacuate Collection Set: 174.26ms
[354.025s][info][gc,phases      ] GC(121)   Merge Optional Heap Roots: 0.29ms
[354.025s][info][gc,phases      ] GC(121)   Evacuate Optional Collection Set: 2.67ms
[354.025s][info][gc,phases      ] GC(121)   Post Evacuate Collection Set: 0.97ms
[354.025s][info][gc,phases      ] GC(121)   Other: 0.09ms
[354.025s][info][gc,heap        ] GC(121) Eden regions: 1091->0(1120)
[354.025s][info][gc,heap        ] GC(121) Survivor regions: 110->108(151)
[354.025s][info][gc,heap        ] GC(121) Old regions: 557->462
[354.025s][info][gc,heap        ] GC(121) Humongous regions: 77->77
[354.025s][info][gc,metaspace   ] GC(121) Metaspace: 28832K(29184K)->28832K(29184K) NonClass: 23949K(24128K)->23949K(24128K) Class: 4883K(5056K)->4883K(5056K)
[354.025s][info][gc             ] GC(121) Pause Young (Mixed) (G1 Evacuation Pause) 3668M->1292M(4096M) 179.563ms
[354.025s][info][gc,cpu         ] GC(121) User=0.89s Sys=0.00s Real=0.18s
.[355.672s][info][gc,start       ] GC(122) Pause Young (Concurrent Start) (G1 Evacuation Pause)
[355.672s][info][gc,task        ] GC(122) Using 6 workers of 6 for evacuation
[355.799s][info][gc,phases      ] GC(122)   Pre Evacuate Collection Set: 0.42ms
[355.800s][info][gc,phases      ] GC(122)   Merge Heap Roots: 0.51ms
[355.800s][info][gc,phases      ] GC(122)   Evacuate Collection Set: 125.13ms
[355.800s][info][gc,phases      ] GC(122)   Post Evacuate Collection Set: 0.88ms
[355.800s][info][gc,phases      ] GC(122)   Other: 0.13ms
[355.800s][info][gc,heap        ] GC(122) Eden regions: 1120->0(1113)
[355.800s][info][gc,heap        ] GC(122) Survivor regions: 108->115(154)
[355.800s][info][gc,heap        ] GC(122) Old regions: 462->495
[355.800s][info][gc,heap        ] GC(122) Humongous regions: 77->77
[355.800s][info][gc,metaspace   ] GC(122) Metaspace: 28832K(29184K)->28832K(29184K) NonClass: 23949K(24128K)->23949K(24128K) Class: 4883K(5056K)->4883K(5056K)
[355.800s][info][gc             ] GC(122) Pause Young (Concurrent Start) (G1 Evacuation Pause) 3532M->1372M(4096M) 127.200ms
[355.800s][info][gc             ] GC(123) Concurrent Mark Cycle
[355.800s][info][gc,marking     ] GC(123) Concurrent Scan Root Regions
[355.800s][info][gc,cpu         ] GC(122) User=0.75s Sys=0.00s Real=0.12s
.[355.982s][info][gc,marking     ] GC(123) Concurrent Scan Root Regions 182.314ms
[355.982s][info][gc,marking     ] GC(123) Concurrent Mark
[355.982s][info][gc,marking     ] GC(123) Concurrent Mark From Roots
[355.982s][info][gc,task        ] GC(123) Using 2 workers of 2 for marking
[356.902s][info][gc,marking     ] GC(123) Concurrent Mark From Roots 919.761ms
[356.902s][info][gc,marking     ] GC(123) Concurrent Preclean
[356.902s][info][gc,marking     ] GC(123) Concurrent Preclean 0.101ms
[356.905s][info][gc,start       ] GC(123) Pause Remark
[356.912s][info][gc             ] GC(123) Pause Remark 2464M->2464M(4096M) 6.602ms
[356.912s][info][gc,cpu         ] GC(123) User=0.03s Sys=0.00s Real=0.01s
[356.912s][info][gc,marking     ] GC(123) Concurrent Mark 930.062ms
[356.912s][info][gc,marking     ] GC(123) Concurrent Rebuild Remembered Sets and Scrub Regions
.[357.323s][info][gc,marking     ] GC(123) Concurrent Rebuild Remembered Sets and Scrub Regions 411.074ms
[357.323s][info][gc,start       ] GC(123) Pause Cleanup
[357.323s][info][gc             ] GC(123) Pause Cleanup 2897M->2897M(4096M) 0.125ms
[357.323s][info][gc,cpu         ] GC(123) User=0.01s Sys=0.00s Real=0.00s
[357.324s][info][gc,marking     ] GC(123) Concurrent Clear Claimed Marks
[357.324s][info][gc,marking     ] GC(123) Concurrent Clear Claimed Marks 0.039ms
[357.324s][info][gc,marking     ] GC(123) Concurrent Cleanup for Next Mark
[357.333s][info][gc,marking     ] GC(123) Concurrent Cleanup for Next Mark 9.354ms
[357.333s][info][gc             ] GC(123) Concurrent Mark Cycle 1533.681ms
[357.808s][info][gc,start       ] GC(124) Pause Young (Prepare Mixed) (G1 Evacuation Pause)
[357.808s][info][gc,task        ] GC(124) Using 6 workers of 6 for evacuation
[357.935s][info][gc,phases      ] GC(124)   Pre Evacuate Collection Set: 0.34ms
[357.935s][info][gc,phases      ] GC(124)   Merge Heap Roots: 0.53ms
[357.935s][info][gc,phases      ] GC(124)   Evacuate Collection Set: 125.52ms
[357.935s][info][gc,phases      ] GC(124)   Post Evacuate Collection Set: 0.96ms
[357.935s][info][gc,phases      ] GC(124)   Other: 0.09ms
[357.935s][info][gc,heap        ] GC(124) Eden regions: 1113->0(1104)
[357.935s][info][gc,heap        ] GC(124) Survivor regions: 115->119(154)
[357.935s][info][gc,heap        ] GC(124) Old regions: 495->526
[357.935s][info][gc,heap        ] GC(124) Humongous regions: 77->77
[357.935s][info][gc,metaspace   ] GC(124) Metaspace: 28833K(29184K)->28833K(29184K) NonClass: 23950K(24128K)->23950K(24128K) Class: 4883K(5056K)->4883K(5056K)
[357.935s][info][gc             ] GC(124) Pause Young (Prepare Mixed) (G1 Evacuation Pause) 3598M->1442M(4096M) 127.563ms
[357.935s][info][gc,cpu         ] GC(124) User=0.76s Sys=0.00s Real=0.13s
. (rIR:aIR:PR = 10393:10132:10076) (tPR = 148420) [OK] 
   357s:       rampup IR =  11548 .[359.573s][info][gc,start       ] GC(125) Pause Young (Mixed) (G1 Evacuation Pause)
[359.573s][info][gc,task        ] GC(125) Using 6 workers of 6 for evacuation
[359.723s][info][gc,phases      ] GC(125)   Pre Evacuate Collection Set: 0.37ms
[359.723s][info][gc,phases      ] GC(125)   Merge Heap Roots: 0.59ms
[359.723s][info][gc,phases      ] GC(125)   Evacuate Collection Set: 138.65ms
[359.723s][info][gc,phases      ] GC(125)   Merge Optional Heap Roots: 0.20ms
[359.723s][info][gc,phases      ] GC(125)   Evacuate Optional Collection Set: 8.90ms
[359.723s][info][gc,phases      ] GC(125)   Post Evacuate Collection Set: 1.13ms
[359.723s][info][gc,phases      ] GC(125)   Other: 0.10ms
[359.723s][info][gc,heap        ] GC(125) Eden regions: 1104->0(1111)
[359.723s][info][gc,heap        ] GC(125) Survivor regions: 119->117(153)
[359.723s][info][gc,heap        ] GC(125) Old regions: 526->468
[359.723s][info][gc,heap        ] GC(125) Humongous regions: 77->77
[359.723s][info][gc,metaspace   ] GC(125) Metaspace: 28833K(29184K)->28833K(29184K) NonClass: 23950K(24128K)->23950K(24128K) Class: 4883K(5056K)->4883K(5056K)
[359.723s][info][gc             ] GC(125) Pause Young (Mixed) (G1 Evacuation Pause) 3650M->1321M(4096M) 150.077ms
[359.723s][info][gc,cpu         ] GC(125) User=0.89s Sys=0.00s Real=0.15s
.[361.197s][info][gc,start       ] GC(126) Pause Young (Mixed) (G1 Evacuation Pause)
[361.197s][info][gc,task        ] GC(126) Using 6 workers of 6 for evacuation
[361.327s][info][gc,phases      ] GC(126)   Pre Evacuate Collection Set: 0.35ms
[361.327s][info][gc,phases      ] GC(126)   Merge Heap Roots: 0.59ms
[361.327s][info][gc,phases      ] GC(126)   Evacuate Collection Set: 128.10ms
[361.327s][info][gc,phases      ] GC(126)   Post Evacuate Collection Set: 0.92ms
[361.327s][info][gc,phases      ] GC(126)   Other: 0.11ms
[361.327s][info][gc,heap        ] GC(126) Eden regions: 1111->0(1113)
[361.327s][info][gc,heap        ] GC(126) Survivor regions: 117->115(154)
[361.327s][info][gc,heap        ] GC(126) Old regions: 468->500
[361.327s][info][gc,heap        ] GC(126) Humongous regions: 77->77
[361.327s][info][gc,metaspace   ] GC(126) Metaspace: 28833K(29184K)->28833K(29184K) NonClass: 23950K(24128K)->23950K(24128K) Class: 4883K(5056K)->4883K(5056K)
[361.327s][info][gc             ] GC(126) Pause Young (Mixed) (G1 Evacuation Pause) 3543M->1382M(4096M) 130.212ms
[361.327s][info][gc,cpu         ] GC(126) User=0.78s Sys=0.00s Real=0.13s
..[362.804s][info][gc,start       ] GC(127) Pause Young (Concurrent Start) (G1 Evacuation Pause)
[362.804s][info][gc,task        ] GC(127) Using 6 workers of 6 for evacuation
[362.931s][info][gc,phases      ] GC(127)   Pre Evacuate Collection Set: 0.40ms
[362.931s][info][gc,phases      ] GC(127)   Merge Heap Roots: 0.44ms
[362.931s][info][gc,phases      ] GC(127)   Evacuate Collection Set: 124.69ms
[362.931s][info][gc,phases      ] GC(127)   Post Evacuate Collection Set: 0.90ms
[362.931s][info][gc,phases      ] GC(127)   Other: 0.12ms
[362.931s][info][gc,heap        ] GC(127) Eden regions: 1113->0(1095)
[362.931s][info][gc,heap        ] GC(127) Survivor regions: 115->120(154)
[362.931s][info][gc,heap        ] GC(127) Old regions: 500->533
[362.931s][info][gc,heap        ] GC(127) Humongous regions: 77->77
[362.931s][info][gc,metaspace   ] GC(127) Metaspace: 28838K(29184K)->28838K(29184K) NonClass: 23954K(24128K)->23954K(24128K) Class: 4883K(5056K)->4883K(5056K)
[362.931s][info][gc             ] GC(127) Pause Young (Concurrent Start) (G1 Evacuation Pause) 3608M->1458M(4096M) 126.670ms
[362.931s][info][gc             ] GC(128) Concurrent Mark Cycle
[362.931s][info][gc,marking     ] GC(128) Concurrent Scan Root Regions
[362.931s][info][gc,cpu         ] GC(127) User=0.75s Sys=0.00s Real=0.12s
[363.156s][info][gc,marking     ] GC(128) Concurrent Scan Root Regions 224.584ms
[363.156s][info][gc,marking     ] GC(128) Concurrent Mark
[363.156s][info][gc,marking     ] GC(128) Concurrent Mark From Roots
[363.156s][info][gc,task        ] GC(128) Using 2 workers of 2 for marking
.[364.122s][info][gc,marking     ] GC(128) Concurrent Mark From Roots 966.586ms
[364.122s][info][gc,marking     ] GC(128) Concurrent Preclean
[364.123s][info][gc,marking     ] GC(128) Concurrent Preclean 0.122ms
[364.124s][info][gc,start       ] GC(128) Pause Remark
[364.129s][info][gc             ] GC(128) Pause Remark 2348M->2348M(4096M) 5.339ms
[364.129s][info][gc,cpu         ] GC(128) User=0.03s Sys=0.00s Real=0.00s
[364.129s][info][gc,marking     ] GC(128) Concurrent Mark 973.514ms
[364.129s][info][gc,marking     ] GC(128) Concurrent Rebuild Remembered Sets and Scrub Regions
[364.383s][info][gc,marking     ] GC(128) Concurrent Rebuild Remembered Sets and Scrub Regions 253.871ms
[364.384s][info][gc,start       ] GC(128) Pause Cleanup
[364.384s][info][gc             ] GC(128) Pause Cleanup 2542M->2542M(4096M) 0.159ms
[364.384s][info][gc,cpu         ] GC(128) User=0.00s Sys=0.00s Real=0.00s
[364.385s][info][gc,marking     ] GC(128) Concurrent Clear Claimed Marks
[364.385s][info][gc,marking     ] GC(128) Concurrent Clear Claimed Marks 0.028ms
[364.385s][info][gc,marking     ] GC(128) Concurrent Cleanup for Next Mark
[364.390s][info][gc,marking     ] GC(128) Concurrent Cleanup for Next Mark 5.171ms
[364.390s][info][gc             ] GC(128) Concurrent Mark Cycle 1458.693ms
.[364.942s][info][gc,start       ] GC(129) Pause Young (Prepare Mixed) (G1 Evacuation Pause)
[364.942s][info][gc,task        ] GC(129) Using 6 workers of 6 for evacuation
[365.114s][info][gc,phases      ] GC(129)   Pre Evacuate Collection Set: 0.31ms
[365.114s][info][gc,phases      ] GC(129)   Merge Heap Roots: 0.49ms
[365.114s][info][gc,phases      ] GC(129)   Evacuate Collection Set: 170.33ms
[365.114s][info][gc,phases      ] GC(129)   Post Evacuate Collection Set: 0.99ms
[365.114s][info][gc,phases      ] GC(129)   Other: 0.08ms
[365.114s][info][gc,heap        ] GC(129) Eden regions: 1095->0(1064)
[365.114s][info][gc,heap        ] GC(129) Survivor regions: 120->119(152)
[365.114s][info][gc,heap        ] GC(129) Old regions: 533->566
[365.114s][info][gc,heap        ] GC(129) Humongous regions: 77->77
[365.114s][info][gc,metaspace   ] GC(129) Metaspace: 28838K(29184K)->28838K(29184K) NonClass: 23954K(24128K)->23954K(24128K) Class: 4883K(5056K)->4883K(5056K)
[365.114s][info][gc             ] GC(129) Pause Young (Prepare Mixed) (G1 Evacuation Pause) 3648M->1521M(4096M) 172.339ms
[365.114s][info][gc,cpu         ] GC(129) User=0.75s Sys=0.00s Real=0.18s
.[366.549s][info][gc,start       ] GC(130) Pause Young (Mixed) (G1 Evacuation Pause)
[366.549s][info][gc,task        ] GC(130) Using 6 workers of 6 for evacuation
[366.702s][info][gc,phases      ] GC(130)   Pre Evacuate Collection Set: 0.37ms
[366.702s][info][gc,phases      ] GC(130)   Merge Heap Roots: 0.62ms
[366.702s][info][gc,phases      ] GC(130)   Evacuate Collection Set: 140.12ms
[366.702s][info][gc,phases      ] GC(130)   Merge Optional Heap Roots: 0.27ms
[366.702s][info][gc,phases      ] GC(130)   Evacuate Optional Collection Set: 11.02ms
[366.702s][info][gc,phases      ] GC(130)   Post Evacuate Collection Set: 1.11ms
[366.702s][info][gc,phases      ] GC(130)   Other: 0.10ms
[366.702s][info][gc,heap        ] GC(130) Eden regions: 1064->0(1117)
[366.702s][info][gc,heap        ] GC(130) Survivor regions: 119->111(148)
[366.702s][info][gc,heap        ] GC(130) Old regions: 566->465
[366.702s][info][gc,heap        ] GC(130) Humongous regions: 77->77
[366.702s][info][gc,metaspace   ] GC(130) Metaspace: 28838K(29184K)->28838K(29184K) NonClass: 23954K(24128K)->23954K(24128K) Class: 4883K(5056K)->4883K(5056K)
[366.702s][info][gc             ] GC(130) Pause Young (Mixed) (G1 Evacuation Pause) 3649M->1305M(4096M) 153.762ms
[366.702s][info][gc,cpu         ] GC(130) User=0.92s Sys=0.00s Real=0.16s
..[368.159s][info][gc,start       ] GC(131) Pause Young (Concurrent Start) (G1 Evacuation Pause)
[368.159s][info][gc,task        ] GC(131) Using 6 workers of 6 for evacuation
[368.282s][info][gc,phases      ] GC(131)   Pre Evacuate Collection Set: 0.35ms
[368.282s][info][gc,phases      ] GC(131)   Merge Heap Roots: 0.54ms
[368.282s][info][gc,phases      ] GC(131)   Evacuate Collection Set: 120.77ms
[368.282s][info][gc,phases      ] GC(131)   Post Evacuate Collection Set: 0.93ms
[368.282s][info][gc,phases      ] GC(131)   Other: 0.11ms
[368.282s][info][gc,heap        ] GC(131) Eden regions: 1117->0(1118)
[368.282s][info][gc,heap        ] GC(131) Survivor regions: 111->110(154)
[368.282s][info][gc,heap        ] GC(131) Old regions: 465->498
[368.282s][info][gc,heap        ] GC(131) Humongous regions: 77->77
[368.282s][info][gc,metaspace   ] GC(131) Metaspace: 28838K(29184K)->28838K(29184K) NonClass: 23954K(24128K)->23954K(24128K) Class: 4883K(5056K)->4883K(5056K)
[368.282s][info][gc             ] GC(131) Pause Young (Concurrent Start) (G1 Evacuation Pause) 3539M->1369M(4096M) 122.833ms
[368.282s][info][gc             ] GC(132) Concurrent Mark Cycle
[368.282s][info][gc,marking     ] GC(132) Concurrent Scan Root Regions
[368.282s][info][gc,cpu         ] GC(131) User=0.73s Sys=0.00s Real=0.13s
[368.559s][info][gc,marking     ] GC(132) Concurrent Scan Root Regions 277.262ms
[368.559s][info][gc,marking     ] GC(132) Concurrent Mark
[368.559s][info][gc,marking     ] GC(132) Concurrent Mark From Roots
[368.559s][info][gc,task        ] GC(132) Using 2 workers of 2 for marking
.[370.258s][info][gc,marking     ] GC(132) Concurrent Mark From Roots 1698.197ms
[370.258s][info][gc,marking     ] GC(132) Concurrent Preclean
[370.258s][info][gc,marking     ] GC(132) Concurrent Preclean 0.071ms
[370.260s][info][gc,start       ] GC(132) Pause Remark
[370.267s][info][gc             ] GC(132) Pause Remark 3371M->3371M(4096M) 6.839ms
[370.267s][info][gc,cpu         ] GC(132) User=0.04s Sys=0.00s Real=0.01s
[370.268s][info][gc,marking     ] GC(132) Concurrent Mark 1708.415ms
[370.268s][info][gc,marking     ] GC(132) Concurrent Rebuild Remembered Sets and Scrub Regions
.[370.406s][info][gc,start       ] GC(133) Pause Young (Normal) (G1 Evacuation Pause)
[370.406s][info][gc,task        ] GC(133) Using 6 workers of 6 for evacuation
[370.530s][info][gc,phases      ] GC(133)   Pre Evacuate Collection Set: 0.31ms
[370.530s][info][gc,phases      ] GC(133)   Merge Heap Roots: 0.49ms
[370.530s][info][gc,phases      ] GC(133)   Evacuate Collection Set: 121.95ms
[370.530s][info][gc,phases      ] GC(133)   Post Evacuate Collection Set: 0.97ms
[370.530s][info][gc,phases      ] GC(133)   Other: 0.09ms
[370.530s][info][gc,heap        ] GC(133) Eden regions: 1118->0(1109)
[370.530s][info][gc,heap        ] GC(133) Survivor regions: 110->115(154)
[370.530s][info][gc,heap        ] GC(133) Old regions: 498->529
[370.530s][info][gc,heap        ] GC(133) Humongous regions: 77->77
[370.530s][info][gc,metaspace   ] GC(133) Metaspace: 28838K(29184K)->28838K(29184K) NonClass: 23954K(24128K)->23954K(24128K) Class: 4883K(5056K)->4883K(5056K)
[370.530s][info][gc             ] GC(133) Pause Young (Normal) (G1 Evacuation Pause) 3605M->1441M(4096M) 123.934ms
[370.530s][info][gc,cpu         ] GC(133) User=0.74s Sys=0.00s Real=0.12s
[370.739s][info][gc,marking     ] GC(132) Concurrent Rebuild Remembered Sets and Scrub Regions 471.017ms
[370.739s][info][gc,start       ] GC(132) Pause Cleanup
[370.739s][info][gc             ] GC(132) Pause Cleanup 1722M->1722M(4096M) 0.116ms
[370.739s][info][gc,cpu         ] GC(132) User=0.00s Sys=0.00s Real=0.00s
[370.739s][info][gc,marking     ] GC(132) Concurrent Clear Claimed Marks
[370.739s][info][gc,marking     ] GC(132) Concurrent Clear Claimed Marks 0.028ms
[370.739s][info][gc,marking     ] GC(132) Concurrent Cleanup for Next Mark
[370.744s][info][gc,marking     ] GC(132) Concurrent Cleanup for Next Mark 5.226ms
[370.745s][info][gc             ] GC(132) Concurrent Mark Cycle 2462.592ms
.[372.095s][info][gc,start       ] GC(134) Pause Young (Prepare Mixed) (G1 Evacuation Pause)
[372.095s][info][gc,task        ] GC(134) Using 6 workers of 6 for evacuation
[372.222s][info][gc,phases      ] GC(134)   Pre Evacuate Collection Set: 0.33ms
[372.222s][info][gc,phases      ] GC(134)   Merge Heap Roots: 0.54ms
[372.222s][info][gc,phases      ] GC(134)   Evacuate Collection Set: 125.15ms
[372.222s][info][gc,phases      ] GC(134)   Post Evacuate Collection Set: 0.96ms
[372.222s][info][gc,phases      ] GC(134)   Other: 0.09ms
[372.222s][info][gc,heap        ] GC(134) Eden regions: 1109->0(1071)
[372.222s][info][gc,heap        ] GC(134) Survivor regions: 115->117(153)
[372.222s][info][gc,heap        ] GC(134) Old regions: 529->563
[372.222s][info][gc,heap        ] GC(134) Humongous regions: 77->77
[372.222s][info][gc,metaspace   ] GC(134) Metaspace: 28846K(29184K)->28846K(29184K) NonClass: 23963K(24128K)->23963K(24128K) Class: 4883K(5056K)->4883K(5056K)
[372.222s][info][gc             ] GC(134) Pause Young (Prepare Mixed) (G1 Evacuation Pause) 3659M->1511M(4096M) 127.218ms
[372.222s][info][gc,cpu         ] GC(134) User=0.76s Sys=0.00s Real=0.13s
..[373.578s][info][gc,start       ] GC(135) Pause Young (Mixed) (G1 Evacuation Pause)
[373.578s][info][gc,task        ] GC(135) Using 6 workers of 6 for evacuation
[373.732s][info][gc,phases      ] GC(135)   Pre Evacuate Collection Set: 0.37ms
[373.732s][info][gc,phases      ] GC(135)   Merge Heap Roots: 0.90ms
[373.732s][info][gc,phases      ] GC(135)   Evacuate Collection Set: 146.67ms
[373.732s][info][gc,phases      ] GC(135)   Merge Optional Heap Roots: 0.12ms
[373.732s][info][gc,phases      ] GC(135)   Evacuate Optional Collection Set: 4.89ms
[373.732s][info][gc,phases      ] GC(135)   Post Evacuate Collection Set: 0.90ms
[373.732s][info][gc,phases      ] GC(135)   Other: 0.11ms
[373.732s][info][gc,heap        ] GC(135) Eden regions: 1071->0(1111)
[373.732s][info][gc,heap        ] GC(135) Survivor regions: 117->117(149)
[373.732s][info][gc,heap        ] GC(135) Old regions: 563->497
[373.732s][info][gc,heap        ] GC(135) Humongous regions: 77->77
[373.732s][info][gc,metaspace   ] GC(135) Metaspace: 28846K(29184K)->28846K(29184K) NonClass: 23963K(24128K)->23963K(24128K) Class: 4883K(5056K)->4883K(5056K)
[373.732s][info][gc             ] GC(135) Pause Young (Mixed) (G1 Evacuation Pause) 3653M->1380M(4096M) 154.081ms
[373.732s][info][gc,cpu         ] GC(135) User=0.92s Sys=0.00s Real=0.16s
.[375.125s][info][gc,start       ] GC(136) Pause Young (Concurrent Start) (G1 Evacuation Pause)
[375.126s][info][gc,task        ] GC(136) Using 6 workers of 6 for evacuation
[375.265s][info][gc,phases      ] GC(136)   Pre Evacuate Collection Set: 0.37ms
[375.265s][info][gc,phases      ] GC(136)   Merge Heap Roots: 0.48ms
[375.265s][info][gc,phases      ] GC(136)   Evacuate Collection Set: 137.45ms
[375.265s][info][gc,phases      ] GC(136)   Post Evacuate Collection Set: 0.90ms
[375.265s][info][gc,phases      ] GC(136)   Other: 0.10ms
[375.265s][info][gc,heap        ] GC(136) Eden regions: 1111->0(1070)
[375.265s][info][gc,heap        ] GC(136) Survivor regions: 117->133(154)
[375.265s][info][gc,heap        ] GC(136) Old regions: 497->532
[375.265s][info][gc,heap        ] GC(136) Humongous regions: 77->77
[375.265s][info][gc,metaspace   ] GC(136) Metaspace: 28846K(29184K)->28846K(29184K) NonClass: 23963K(24128K)->23963K(24128K) Class: 4883K(5056K)->4883K(5056K)
[375.265s][info][gc             ] GC(136) Pause Young (Concurrent Start) (G1 Evacuation Pause) 3602M->1482M(4096M) 139.437ms
[375.265s][info][gc             ] GC(137) Concurrent Mark Cycle
[375.265s][info][gc,marking     ] GC(137) Concurrent Scan Root Regions
[375.265s][info][gc,cpu         ] GC(136) User=0.83s Sys=0.00s Real=0.14s
[375.528s][info][gc,marking     ] GC(137) Concurrent Scan Root Regions 263.020ms
[375.528s][info][gc,marking     ] GC(137) Concurrent Mark
[375.528s][info][gc,marking     ] GC(137) Concurrent Mark From Roots
[375.528s][info][gc,task        ] GC(137) Using 2 workers of 2 for marking
.[376.476s][info][gc,marking     ] GC(137) Concurrent Mark From Roots 947.921ms
[376.476s][info][gc,marking     ] GC(137) Concurrent Preclean
[376.476s][info][gc,marking     ] GC(137) Concurrent Preclean 0.058ms
[376.479s][info][gc,start       ] GC(137) Pause Remark
[376.482s][info][gc             ] GC(137) Pause Remark 2556M->2556M(4096M) 2.893ms
[376.482s][info][gc,cpu         ] GC(137) User=0.01s Sys=0.00s Real=0.01s
[376.482s][info][gc,marking     ] GC(137) Concurrent Mark 953.739ms
[376.482s][info][gc,marking     ] GC(137) Concurrent Rebuild Remembered Sets and Scrub Regions
[376.850s][info][gc,marking     ] GC(137) Concurrent Rebuild Remembered Sets and Scrub Regions 367.871ms
[376.850s][info][gc,start       ] GC(137) Pause Cleanup
[376.850s][info][gc             ] GC(137) Pause Cleanup 2974M->2974M(4096M) 0.132ms
[376.850s][info][gc,cpu         ] GC(137) User=0.00s Sys=0.00s Real=0.00s
[376.850s][info][gc,marking     ] GC(137) Concurrent Clear Claimed Marks
[376.850s][info][gc,marking     ] GC(137) Concurrent Clear Claimed Marks 0.029ms
[376.850s][info][gc,marking     ] GC(137) Concurrent Cleanup for Next Mark
[376.855s][info][gc,marking     ] GC(137) Concurrent Cleanup for Next Mark 5.035ms
[376.855s][info][gc             ] GC(137) Concurrent Mark Cycle 1590.277ms
[377.407s][info][gc,start       ] GC(138) Pause Young (Prepare Mixed) (G1 Evacuation Pause)
[377.407s][info][gc,task        ] GC(138) Using 6 workers of 6 for evacuation
[377.529s][info][gc,phases      ] GC(138)   Pre Evacuate Collection Set: 0.37ms
[377.529s][info][gc,phases      ] GC(138)   Merge Heap Roots: 0.50ms
[377.529s][info][gc,phases      ] GC(138)   Evacuate Collection Set: 119.84ms
[377.529s][info][gc,phases      ] GC(138)   Post Evacuate Collection Set: 0.98ms
[377.529s][info][gc,phases      ] GC(138)   Other: 0.09ms
[377.529s][info][gc,heap        ] GC(138) Eden regions: 1070->0(1099)
[377.529s][info][gc,heap        ] GC(138) Survivor regions: 133->64(151)
[377.529s][info][gc,heap        ] GC(138) Old regions: 532->615
[377.529s][info][gc,heap        ] GC(138) Humongous regions: 77->77
[377.529s][info][gc,metaspace   ] GC(138) Metaspace: 28846K(29184K)->28846K(29184K) NonClass: 23963K(24128K)->23963K(24128K) Class: 4883K(5056K)->4883K(5056K)
[377.529s][info][gc             ] GC(138) Pause Young (Prepare Mixed) (G1 Evacuation Pause) 3622M->1511M(4096M) 121.909ms
[377.529s][info][gc,cpu         ] GC(138) User=0.73s Sys=0.00s Real=0.12s
..[378.918s][info][gc,start       ] GC(139) Pause Young (Mixed) (G1 Evacuation Pause)
[378.918s][info][gc,task        ] GC(139) Using 6 workers of 6 for evacuation
[379.090s][info][gc,phases      ] GC(139)   Pre Evacuate Collection Set: 0.37ms
[379.090s][info][gc,phases      ] GC(139)   Merge Heap Roots: 0.85ms
[379.090s][info][gc,phases      ] GC(139)   Evacuate Collection Set: 169.81ms
[379.090s][info][gc,phases      ] GC(139)   Post Evacuate Collection Set: 1.03ms
[379.090s][info][gc,phases      ] GC(139)   Other: 0.09ms
[379.090s][info][gc,heap        ] GC(139) Eden regions: 1099->0(1116)
[379.090s][info][gc,heap        ] GC(139) Survivor regions: 64->112(146)
[379.090s][info][gc,heap        ] GC(139) Old regions: 615->498
[379.090s][info][gc,heap        ] GC(139) Humongous regions: 77->77
[379.090s][info][gc,metaspace   ] GC(139) Metaspace: 28846K(29184K)->28846K(29184K) NonClass: 23963K(24128K)->23963K(24128K) Class: 4883K(5056K)->4883K(5056K)
[379.090s][info][gc             ] GC(139) Pause Young (Mixed) (G1 Evacuation Pause) 3709M->1371M(4096M) 172.283ms
[379.090s][info][gc,cpu         ] GC(139) User=0.74s Sys=0.00s Real=0.17s
.[380.538s][info][gc,start       ] GC(140) Pause Young (Concurrent Start) (G1 Evacuation Pause)
[380.538s][info][gc,task        ] GC(140) Using 6 workers of 6 for evacuation
[380.666s][info][gc,phases      ] GC(140)   Pre Evacuate Collection Set: 0.42ms
[380.666s][info][gc,phases      ] GC(140)   Merge Heap Roots: 0.48ms
[380.666s][info][gc,phases      ] GC(140)   Evacuate Collection Set: 126.27ms
[380.666s][info][gc,phases      ] GC(140)   Post Evacuate Collection Set: 0.93ms
[380.666s][info][gc,phases      ] GC(140)   Other: 0.13ms
[380.666s][info][gc,heap        ] GC(140) Eden regions: 1116->0(1091)
[380.666s][info][gc,heap        ] GC(140) Survivor regions: 112->126(154)
[380.666s][info][gc,heap        ] GC(140) Old regions: 498->525
[380.666s][info][gc,heap        ] GC(140) Humongous regions: 77->77
[380.666s][info][gc,metaspace   ] GC(140) Metaspace: 28847K(29184K)->28847K(29184K) NonClass: 23964K(24128K)->23964K(24128K) Class: 4883K(5056K)->4883K(5056K)
[380.666s][info][gc             ] GC(140) Pause Young (Concurrent Start) (G1 Evacuation Pause) 3603M->1454M(4096M) 128.366ms
[380.666s][info][gc             ] GC(141) Concurrent Mark Cycle
[380.666s][info][gc,marking     ] GC(141) Concurrent Scan Root Regions
[380.666s][info][gc,cpu         ] GC(140) User=0.76s Sys=0.00s Real=0.13s
[380.891s][info][gc,marking     ] GC(141) Concurrent Scan Root Regions 224.993ms
[380.891s][info][gc,marking     ] GC(141) Concurrent Mark
[380.891s][info][gc,marking     ] GC(141) Concurrent Mark From Roots
[380.891s][info][gc,task        ] GC(141) Using 2 workers of 2 for marking
.[382.405s][info][gc,start       ] GC(142) Pause Young (Normal) (G1 Evacuation Pause)
[382.405s][info][gc,task        ] GC(142) Using 6 workers of 6 for evacuation
[382.537s][info][gc,phases      ] GC(142)   Pre Evacuate Collection Set: 0.32ms
[382.537s][info][gc,phases      ] GC(142)   Merge Heap Roots: 0.49ms
[382.537s][info][gc,phases      ] GC(142)   Evacuate Collection Set: 130.43ms
[382.537s][info][gc,phases      ] GC(142)   Post Evacuate Collection Set: 0.87ms
[382.537s][info][gc,phases      ] GC(142)   Other: 0.08ms
[382.537s][info][gc,heap        ] GC(142) Eden regions: 1091->0(1087)
[382.537s][info][gc,heap        ] GC(142) Survivor regions: 126->79(153)
[382.537s][info][gc,heap        ] GC(142) Old regions: 525->605
[382.537s][info][gc,heap        ] GC(142) Humongous regions: 77->77
[382.537s][info][gc,metaspace   ] GC(142) Metaspace: 28847K(29184K)->28847K(29184K) NonClass: 23964K(24128K)->23964K(24128K) Class: 4883K(5056K)->4883K(5056K)
[382.537s][info][gc             ] GC(142) Pause Young (Normal) (G1 Evacuation Pause) 3636M->1520M(4096M) 132.323ms
[382.537s][info][gc,cpu         ] GC(142) User=0.79s Sys=0.00s Real=0.13s
.[383.272s][info][gc,marking     ] GC(141) Concurrent Mark From Roots 2380.814ms
[383.272s][info][gc,marking     ] GC(141) Concurrent Preclean
[383.272s][info][gc,marking     ] GC(141) Concurrent Preclean 0.071ms
[383.272s][info][gc,start       ] GC(141) Pause Remark
[383.279s][info][gc             ] GC(141) Pause Remark 2335M->2335M(4096M) 7.407ms
[383.280s][info][gc,cpu         ] GC(141) User=0.04s Sys=0.00s Real=0.00s
[383.283s][info][gc,marking     ] GC(141) Concurrent Mark 2392.096ms
[383.283s][info][gc,marking     ] GC(141) Concurrent Rebuild Remembered Sets and Scrub Regions
[383.871s][info][gc,marking     ] GC(141) Concurrent Rebuild Remembered Sets and Scrub Regions 587.640ms
[383.871s][info][gc,start       ] GC(141) Pause Cleanup
[383.872s][info][gc             ] GC(141) Pause Cleanup 3025M->3025M(4096M) 0.705ms
[383.872s][info][gc,cpu         ] GC(141) User=0.00s Sys=0.00s Real=0.01s
[383.872s][info][gc,marking     ] GC(141) Concurrent Clear Claimed Marks
[383.872s][info][gc,marking     ] GC(141) Concurrent Clear Claimed Marks 0.032ms
[383.872s][info][gc,marking     ] GC(141) Concurrent Cleanup for Next Mark
[383.876s][info][gc,marking     ] GC(141) Concurrent Cleanup for Next Mark 4.537ms
[383.876s][info][gc             ] GC(141) Concurrent Mark Cycle 3210.585ms
.[384.369s][info][gc,start       ] GC(143) Pause Young (Prepare Mixed) (G1 Evacuation Pause)
[384.369s][info][gc,task        ] GC(143) Using 6 workers of 6 for evacuation
[384.473s][info][gc,phases      ] GC(143)   Pre Evacuate Collection Set: 0.31ms
[384.473s][info][gc,phases      ] GC(143)   Merge Heap Roots: 0.48ms
[384.473s][info][gc,phases      ] GC(143)   Evacuate Collection Set: 102.58ms
[384.473s][info][gc,phases      ] GC(143)   Post Evacuate Collection Set: 0.94ms
[384.473s][info][gc,phases      ] GC(143)   Other: 0.09ms
[384.473s][info][gc,heap        ] GC(143) Eden regions: 1087->0(1049)
[384.473s][info][gc,heap        ] GC(143) Survivor regions: 79->75(146)
[384.473s][info][gc,heap        ] GC(143) Old regions: 605->653
[384.473s][info][gc,heap        ] GC(143) Humongous regions: 77->77
[384.473s][info][gc,metaspace   ] GC(143) Metaspace: 28847K(29184K)->28847K(29184K) NonClass: 23964K(24128K)->23964K(24128K) Class: 4883K(5056K)->4883K(5056K)
[384.473s][info][gc             ] GC(143) Pause Young (Prepare Mixed) (G1 Evacuation Pause) 3694M->1608M(4096M) 104.543ms
[384.473s][info][gc,cpu         ] GC(143) User=0.62s Sys=0.00s Real=0.11s
.[385.927s][info][gc,start       ] GC(144) Pause Young (Mixed) (G1 Evacuation Pause)
[385.927s][info][gc,task        ] GC(144) Using 6 workers of 6 for evacuation
[386.104s][info][gc,phases      ] GC(144)   Pre Evacuate Collection Set: 0.39ms
[386.104s][info][gc,phases      ] GC(144)   Merge Heap Roots: 0.71ms
[386.104s][info][gc,phases      ] GC(144)   Evacuate Collection Set: 162.92ms
[386.104s][info][gc,phases      ] GC(144)   Merge Optional Heap Roots: 0.26ms
[386.104s][info][gc,phases      ] GC(144)   Evacuate Optional Collection Set: 11.28ms
[386.104s][info][gc,phases      ] GC(144)   Post Evacuate Collection Set: 1.17ms
[386.104s][info][gc,phases      ] GC(144)   Other: 0.10ms
[386.104s][info][gc,heap        ] GC(144) Eden regions: 1049->0(1118)
[386.104s][info][gc,heap        ] GC(144) Survivor regions: 75->66(141)
[386.104s][info][gc,heap        ] GC(144) Old regions: 653->590
[386.104s][info][gc,heap        ] GC(144) Humongous regions: 77->77
[386.104s][info][gc,metaspace   ] GC(144) Metaspace: 28847K(29184K)->28847K(29184K) NonClass: 23964K(24128K)->23964K(24128K) Class: 4883K(5056K)->4883K(5056K)
[386.104s][info][gc             ] GC(144) Pause Young (Mixed) (G1 Evacuation Pause) 3706M->1465M(4096M) 176.969ms
[386.104s][info][gc,cpu         ] GC(144) User=0.77s Sys=0.00s Real=0.18s
.[387.509s][info][gc,start       ] GC(145) Pause Young (Mixed) (G1 Evacuation Pause)
[387.509s][info][gc,task        ] GC(145) Using 6 workers of 6 for evacuation
[387.633s][info][gc,phases      ] GC(145)   Pre Evacuate Collection Set: 0.34ms
[387.634s][info][gc,phases      ] GC(145)   Merge Heap Roots: 1.42ms
[387.634s][info][gc,phases      ] GC(145)   Evacuate Collection Set: 122.24ms
[387.634s][info][gc,phases      ] GC(145)   Post Evacuate Collection Set: 0.82ms
[387.634s][info][gc,phases      ] GC(145)   Other: 0.09ms
[387.634s][info][gc,heap        ] GC(145) Eden regions: 1000->0(1085)
[387.634s][info][gc,heap        ] GC(145) Survivor regions: 66->101(134)
[387.634s][info][gc,heap        ] GC(145) Old regions: 590->581
[387.634s][info][gc,heap        ] GC(145) Humongous regions: 77->77
[387.634s][info][gc,metaspace   ] GC(145) Metaspace: 28847K(29184K)->28847K(29184K) NonClass: 23964K(24128K)->23964K(24128K) Class: 4883K(5056K)->4883K(5056K)
[387.634s][info][gc             ] GC(145) Pause Young (Mixed) (G1 Evacuation Pause) 3465M->1516M(4096M) 125.028ms
[387.634s][info][gc,cpu         ] GC(145) User=0.74s Sys=0.00s Real=0.13s
..[389.036s][info][gc,start       ] GC(146) Pause Young (Concurrent Start) (G1 Evacuation Pause)
[389.036s][info][gc,task        ] GC(146) Using 6 workers of 6 for evacuation
[389.166s][info][gc,phases      ] GC(146)   Pre Evacuate Collection Set: 0.37ms
[389.166s][info][gc,phases      ] GC(146)   Merge Heap Roots: 0.46ms
[389.166s][info][gc,phases      ] GC(146)   Evacuate Collection Set: 128.56ms
[389.166s][info][gc,phases      ] GC(146)   Post Evacuate Collection Set: 0.88ms
[389.166s][info][gc,phases      ] GC(146)   Other: 0.11ms
[389.166s][info][gc,heap        ] GC(146) Eden regions: 1085->0(1006)
[389.166s][info][gc,heap        ] GC(146) Survivor regions: 101->125(149)
[389.166s][info][gc,heap        ] GC(146) Old regions: 581->612
[389.166s][info][gc,heap        ] GC(146) Humongous regions: 77->77
[389.166s][info][gc,metaspace   ] GC(146) Metaspace: 28847K(29184K)->28847K(29184K) NonClass: 23964K(24128K)->23964K(24128K) Class: 4883K(5056K)->4883K(5056K)
[389.166s][info][gc             ] GC(146) Pause Young (Concurrent Start) (G1 Evacuation Pause) 3686M->1626M(4096M) 130.542ms
[389.166s][info][gc             ] GC(147) Concurrent Mark Cycle
[389.166s][info][gc,marking     ] GC(147) Concurrent Scan Root Regions
[389.166s][info][gc,cpu         ] GC(146) User=0.78s Sys=0.00s Real=0.13s
 (rIR:aIR:PR = 11548:11538:10884) (tPR = 161328) [PR is under limit] 
   388s: Re-initializing (term[389.396s][info][gc,marking     ] GC(147) Concurrent Scan Root Regions 229.284ms
[389.396s][info][gc,marking     ] GC(147) Concurrent Mark
[389.396s][info][gc,marking     ] GC(147) Concurrent Mark From Roots
[389.396s][info][gc,task        ] GC(147) Using 2 workers of 2 for marking
[390.791s][info][gc,start       ] GC(148) Pause Young (Normal) (G1 Evacuation Pause)
[390.791s][info][gc,task        ] GC(148) Using 6 workers of 6 for evacuation
[390.914s][info][gc,phases      ] GC(148)   Pre Evacuate Collection Set: 0.34ms
[390.914s][info][gc,phases      ] GC(148)   Merge Heap Roots: 0.46ms
[390.914s][info][gc,phases      ] GC(148)   Evacuate Collection Set: 120.61ms
[390.914s][info][gc,phases      ] GC(148)   Post Evacuate Collection Set: 0.84ms
[390.914s][info][gc,phases      ] GC(148)   Other: 0.08ms
[390.914s][info][gc,heap        ] GC(148) Eden regions: 1006->0(1025)
[390.914s][info][gc,heap        ] GC(148) Survivor regions: 125->71(142)
[390.914s][info][gc,heap        ] GC(148) Old regions: 612->686
[390.914s][info][gc,heap        ] GC(148) Humongous regions: 77->77
[390.914s][info][gc,metaspace   ] GC(148) Metaspace: 28847K(29184K)->28847K(29184K) NonClass: 23964K(24128K)->23964K(24128K) Class: 4883K(5056K)->4883K(5056K)
[390.914s][info][gc             ] GC(148) Pause Young (Normal) (G1 Evacuation Pause) 3638M->1666M(4096M) 122.451ms
[390.914s][info][gc,cpu         ] GC(148) User=0.73s Sys=0.00s Real=0.13s
) [391.306s][info][gc,start       ] GC(149) Pause Full (System.gc())
[391.306s][info][gc,task        ] GC(149) Using 6 workers of 6 for full compaction
[391.310s][info][gc,phases,start] GC(149) Phase 1: Mark live objects
[391.325s][info][gc,phases      ] GC(149) Phase 1: Mark live objects 15.676ms
[391.325s][info][gc,phases,start] GC(149) Phase 2: Prepare compaction
[391.327s][info][gc,phases      ] GC(149) Phase 2: Prepare compaction 2.089ms
[391.327s][info][gc,phases,start] GC(149) Phase 3: Adjust pointers
[391.334s][info][gc,phases      ] GC(149) Phase 3: Adjust pointers 6.402ms
[391.334s][info][gc,phases,start] GC(149) Phase 4: Compact heap
[391.336s][info][gc,phases      ] GC(149) Phase 4: Compact heap 2.039ms
[391.336s][info][gc,phases,start] GC(149) Phase 5: Reset Metadata
[391.340s][info][gc,phases      ] GC(149) Phase 5: Reset Metadata 4.504ms
[391.346s][info][gc,heap        ] GC(149) Eden regions: 148->0(1228)
[391.346s][info][gc,heap        ] GC(149) Survivor regions: 71->0(142)
[391.346s][info][gc,heap        ] GC(149) Old regions: 686->35
[391.346s][info][gc,heap        ] GC(149) Humongous regions: 77->66
[391.346s][info][gc,metaspace   ] GC(149) Metaspace: 28848K(29184K)->28848K(29184K) NonClass: 23964K(24128K)->23964K(24128K) Class: 4883K(5056K)->4883K(5056K)
[391.346s][info][gc             ] GC(149) Pause Full (System.gc()) 1961M->194M(4096M) 40.566ms
[391.346s][info][gc,cpu         ] GC(149) User=0.21s Sys=0.00s Real=0.04s
[391.346s][info][gc,marking     ] GC(147) Concurrent Mark From Roots 1950.674ms
[391.346s][info][gc,marking     ] GC(147) Concurrent Mark Abort
[391.346s][info][gc             ] GC(147) Concurrent Mark Cycle 2180.075ms
(init[391.584s][info][gc,start       ] GC(150) Pause Young (Concurrent Start) (G1 Humongous Allocation)
[391.584s][info][gc,task        ] GC(150) Using 6 workers of 6 for evacuation
[391.598s][info][gc,phases      ] GC(150)   Pre Evacuate Collection Set: 0.33ms
[391.598s][info][gc,phases      ] GC(150)   Merge Heap Roots: 0.03ms
[391.598s][info][gc,phases      ] GC(150)   Evacuate Collection Set: 13.46ms
[391.598s][info][gc,phases      ] GC(150)   Post Evacuate Collection Set: 0.26ms
[391.598s][info][gc,phases      ] GC(150)   Other: 0.06ms
[391.598s][info][gc,heap        ] GC(150) Eden regions: 47->0(1214)
[391.598s][info][gc,heap        ] GC(150) Survivor regions: 0->14(154)
[391.598s][info][gc,heap        ] GC(150) Old regions: 35->35
[391.598s][info][gc,heap        ] GC(150) Humongous regions: 66->66
[391.598s][info][gc,metaspace   ] GC(150) Metaspace: 28848K(29184K)->28848K(29184K) NonClass: 23964K(24128K)->23964K(24128K) Class: 4883K(5056K)->4883K(5056K)
[391.598s][info][gc             ] GC(150) Pause Young (Concurrent Start) (G1 Humongous Allocation) 288M->222M(4096M) 14.289ms
[391.598s][info][gc             ] GC(151) Concurrent Mark Cycle
[391.598s][info][gc,cpu         ] GC(150) User=0.08s Sys=0.00s Real=0.01s
[391.598s][info][gc,marking     ] GC(151) Concurrent Scan Root Regions
[391.607s][info][gc,marking     ] GC(151) Concurrent Scan Root Regions 8.740ms
[391.607s][info][gc,marking     ] GC(151) Concurrent Mark
[391.607s][info][gc,marking     ] GC(151) Concurrent Mark From Roots
[391.607s][info][gc,task        ] GC(151) Using 2 workers of 2 for marking
[391.655s][info][gc,marking     ] GC(151) Concurrent Mark From Roots 47.845ms
[391.655s][info][gc,marking     ] GC(151) Concurrent Preclean
[391.655s][info][gc,marking     ] GC(151) Concurrent Preclean 0.107ms
[391.655s][info][gc,start       ] GC(151) Pause Remark
[391.657s][info][gc             ] GC(151) Pause Remark 353M->353M(4096M) 1.715ms
[391.657s][info][gc,cpu         ] GC(151) User=0.01s Sys=0.00s Real=0.00s
[391.657s][info][gc,marking     ] GC(151) Concurrent Mark 49.834ms
[391.657s][info][gc,marking     ] GC(151) Concurrent Rebuild Remembered Sets and Scrub Regions
[391.682s][info][gc,marking     ] GC(151) Concurrent Rebuild Remembered Sets and Scrub Regions 24.946ms
[391.682s][info][gc,start       ] GC(151) Pause Cleanup
[391.682s][info][gc             ] GC(151) Pause Cleanup 407M->407M(4096M) 0.078ms
[391.682s][info][gc,cpu         ] GC(151) User=0.00s Sys=0.00s Real=0.00s
[391.682s][info][gc,marking     ] GC(151) Concurrent Clear Claimed Marks
[391.682s][info][gc,marking     ] GC(151) Concurrent Clear Claimed Marks 0.028ms
[391.682s][info][gc,marking     ] GC(151) Concurrent Cleanup for Next Mark
[391.686s][info][gc,marking     ] GC(151) Concurrent Cleanup for Next Mark 4.260ms
[391.686s][info][gc             ] GC(151) Concurrent Mark Cycle 88.151ms
) ... OK
   395s: high-bound for max-jOPS is measured to be 13837
   395s: 
   395s: Restarting (term) [395.666s][info][gc,start       ] GC(152) Pause Full (System.gc())
[395.666s][info][gc,task        ] GC(152) Using 6 workers of 6 for full compaction
[395.667s][info][gc,phases,start] GC(152) Phase 1: Mark live objects
[395.681s][info][gc,phases      ] GC(152) Phase 1: Mark live objects 14.220ms
[395.681s][info][gc,phases,start] GC(152) Phase 2: Prepare compaction
[395.683s][info][gc,phases      ] GC(152) Phase 2: Prepare compaction 2.141ms
[395.683s][info][gc,phases,start] GC(152) Phase 3: Adjust pointers
[395.690s][info][gc,phases      ] GC(152) Phase 3: Adjust pointers 6.686ms
[395.690s][info][gc,phases,start] GC(152) Phase 4: Compact heap
[395.692s][info][gc,phases      ] GC(152) Phase 4: Compact heap 2.024ms
[395.692s][info][gc,phases,start] GC(152) Phase 5: Reset Metadata
[395.696s][info][gc,phases      ] GC(152) Phase 5: Reset Metadata 4.364ms
[395.703s][info][gc,heap        ] GC(152) Eden regions: 914->0(1228)
[395.703s][info][gc,heap        ] GC(152) Survivor regions: 14->0(154)
[395.703s][info][gc,heap        ] GC(152) Old regions: 35->35
[395.703s][info][gc,heap        ] GC(152) Humongous regions: 163->66
[395.703s][info][gc,metaspace   ] GC(152) Metaspace: 28855K(29184K)->28855K(29184K) NonClass: 23971K(24128K)->23971K(24128K) Class: 4883K(5056K)->4883K(5056K)
[395.703s][info][gc             ] GC(152) Pause Full (System.gc()) 2243M->194M(4096M) 36.199ms
[395.703s][info][gc,cpu         ] GC(152) User=0.19s Sys=0.01s Real=0.04s
(init[395.940s][info][gc,start       ] GC(153) Pause Young (Concurrent Start) (G1 Humongous Allocation)
[395.940s][info][gc,task        ] GC(153) Using 6 workers of 6 for evacuation
[395.954s][info][gc,phases      ] GC(153)   Pre Evacuate Collection Set: 0.36ms
[395.954s][info][gc,phases      ] GC(153)   Merge Heap Roots: 0.03ms
[395.954s][info][gc,phases      ] GC(153)   Evacuate Collection Set: 12.55ms
[395.954s][info][gc,phases      ] GC(153)   Post Evacuate Collection Set: 0.25ms
[395.954s][info][gc,phases      ] GC(153)   Other: 0.07ms
[395.954s][info][gc,heap        ] GC(153) Eden regions: 49->0(1214)
[395.954s][info][gc,heap        ] GC(153) Survivor regions: 0->14(154)
[395.954s][info][gc,heap        ] GC(153) Old regions: 35->35
[395.954s][info][gc,heap        ] GC(153) Humongous regions: 66->66
[395.954s][info][gc,metaspace   ] GC(153) Metaspace: 28855K(29184K)->28855K(29184K) NonClass: 23972K(24128K)->23972K(24128K) Class: 4883K(5056K)->4883K(5056K)
[395.954s][info][gc             ] GC(153) Pause Young (Concurrent Start) (G1 Humongous Allocation) 292M->221M(4096M) 13.415ms
[395.954s][info][gc             ] GC(154) Concurrent Mark Cycle
[395.954s][info][gc,cpu         ] GC(153) User=0.07s Sys=0.00s Real=0.02s
[395.954s][info][gc,marking     ] GC(154) Concurrent Scan Root Regions
[395.965s][info][gc,marking     ] GC(154) Concurrent Scan Root Regions 11.320ms
[395.965s][info][gc,marking     ] GC(154) Concurrent Mark
[395.965s][info][gc,marking     ] GC(154) Concurrent Mark From Roots
[395.965s][info][gc,task        ] GC(154) Using 2 workers of 2 for marking
[396.023s][info][gc,marking     ] GC(154) Concurrent Mark From Roots 58.142ms
[396.023s][info][gc,marking     ] GC(154) Concurrent Preclean
[396.023s][info][gc,marking     ] GC(154) Concurrent Preclean 0.088ms
[396.023s][info][gc,start       ] GC(154) Pause Remark
[396.025s][info][gc             ] GC(154) Pause Remark 345M->345M(4096M) 1.650ms
[396.025s][info][gc,cpu         ] GC(154) User=0.01s Sys=0.00s Real=0.00s
[396.025s][info][gc,marking     ] GC(154) Concurrent Mark 60.035ms
[396.025s][info][gc,marking     ] GC(154) Concurrent Rebuild Remembered Sets and Scrub Regions
[396.056s][info][gc,marking     ] GC(154) Concurrent Rebuild Remembered Sets and Scrub Regions 30.647ms
[396.056s][info][gc,start       ] GC(154) Pause Cleanup
[396.056s][info][gc             ] GC(154) Pause Cleanup 408M->408M(4096M) 0.060ms
[396.056s][info][gc,cpu         ] GC(154) User=0.00s Sys=0.00s Real=0.00s
[396.056s][info][gc,marking     ] GC(154) Concurrent Clear Claimed Marks
[396.056s][info][gc,marking     ] GC(154) Concurrent Clear Claimed Marks 0.034ms
[396.056s][info][gc,marking     ] GC(154) Concurrent Cleanup for Next Mark
[396.060s][info][gc,marking     ] GC(154) Concurrent Cleanup for Next Mark 4.211ms
[396.060s][info][gc             ] GC(154) Concurrent Mark Cycle 106.574ms
) ... OK
   399s: 
   399s: Warmup for building throughput-responsetime curve
   399s: (10%)   IR =   1384 ..[403.082s][info][gc,start       ] GC(155) Pause Young (Prepare Mixed) (G1 Evacuation Pause)
[403.082s][info][gc,task        ] GC(155) Using 6 workers of 6 for evacuation
[403.556s][info][gc,mmu         ] GC(155) MMU target violated: 201.0ms (200.0ms/201.0ms)
[403.556s][info][gc,phases      ] GC(155)   Pre Evacuate Collection Set: 0.33ms
[403.556s][info][gc,phases      ] GC(155)   Merge Heap Roots: 0.61ms
[403.556s][info][gc,phases      ] GC(155)   Evacuate Collection Set: 472.07ms
[403.556s][info][gc,phases      ] GC(155)   Post Evacuate Collection Set: 1.23ms
[403.556s][info][gc,phases      ] GC(155)   Other: 0.12ms
[403.556s][info][gc,heap        ] GC(155) Eden regions: 1214->0(386)
[403.556s][info][gc,heap        ] GC(155) Survivor regions: 14->154(154)
[403.556s][info][gc,heap        ] GC(155) Old regions: 35->343
[403.556s][info][gc,heap        ] GC(155) Humongous regions: 163->155
[403.556s][info][gc,metaspace   ] GC(155) Metaspace: 28868K(29184K)->28868K(29184K) NonClass: 23984K(24128K)->23984K(24128K) Class: 4883K(5056K)->4883K(5056K)
[403.556s][info][gc             ] GC(155) Pause Young (Prepare Mixed) (G1 Evacuation Pause) 2843M->1296M(4096M) 474.474ms
[403.557s][info][gc,cpu         ] GC(155) User=2.83s Sys=0.00s Real=0.47s
...[406.369s][info][gc,start       ] GC(156) Pause Young (Mixed) (G1 Evacuation Pause)
[406.369s][info][gc,task        ] GC(156) Using 6 workers of 6 for evacuation
[406.554s][info][gc,phases      ] GC(156)   Pre Evacuate Collection Set: 0.36ms
[406.554s][info][gc,phases      ] GC(156)   Merge Heap Roots: 0.48ms
[406.554s][info][gc,phases      ] GC(156)   Evacuate Collection Set: 182.69ms
[406.554s][info][gc,phases      ] GC(156)   Post Evacuate Collection Set: 0.52ms
[406.554s][info][gc,phases      ] GC(156)   Other: 0.06ms
[406.554s][info][gc,heap        ] GC(156) Eden regions: 375->0(668)
[406.554s][info][gc,heap        ] GC(156) Survivor regions: 154->22(67)
[406.554s][info][gc,heap        ] GC(156) Old regions: 343->496
[406.554s][info][gc,heap        ] GC(156) Humongous regions: 155->155
[406.554s][info][gc,metaspace   ] GC(156) Metaspace: 28868K(29184K)->28868K(29184K) NonClass: 23985K(24128K)->23985K(24128K) Class: 4883K(5056K)->4883K(5056K)
[406.554s][info][gc             ] GC(156) Pause Young (Mixed) (G1 Evacuation Pause) 2046M->1340M(4096M) 184.268ms
[406.554s][info][gc,cpu         ] GC(156) User=1.09s Sys=0.01s Real=0.19s
......[412.247s][info][gc,start       ] GC(157) Pause Young (Concurrent Start) (G1 Evacuation Pause)
[412.247s][info][gc,task        ] GC(157) Using 6 workers of 6 for evacuation
[412.305s][info][gc,phases      ] GC(157)   Pre Evacuate Collection Set: 0.39ms
[412.305s][info][gc,phases      ] GC(157)   Merge Heap Roots: 0.50ms
[412.305s][info][gc,phases      ] GC(157)   Evacuate Collection Set: 56.38ms
[412.305s][info][gc,phases      ] GC(157)   Post Evacuate Collection Set: 0.68ms
[412.305s][info][gc,phases      ] GC(157)   Other: 0.09ms
[412.305s][info][gc,heap        ] GC(157) Eden regions: 696->0(683)
[412.305s][info][gc,heap        ] GC(157) Survivor regions: 22->56(90)
[412.305s][info][gc,heap        ] GC(157) Old regions: 496->496
[412.305s][info][gc,heap        ] GC(157) Humongous regions: 155->155
[412.305s][info][gc,metaspace   ] GC(157) Metaspace: 28869K(29184K)->28869K(29184K) NonClass: 23986K(24128K)->23986K(24128K) Class: 4883K(5056K)->4883K(5056K)
[412.305s][info][gc             ] GC(157) Pause Young (Concurrent Start) (G1 Evacuation Pause) 2732M->1408M(4096M) 58.190ms
[412.305s][info][gc             ] GC(158) Concurrent Mark Cycle
[412.305s][info][gc,cpu         ] GC(157) User=0.34s Sys=0.00s Real=0.06s
[412.305s][info][gc,marking     ] GC(158) Concurrent Scan Root Regions
[412.369s][info][gc,marking     ] GC(158) Concurrent Scan Root Regions 63.891ms
[412.369s][info][gc,marking     ] GC(158) Concurrent Mark
[412.369s][info][gc,marking     ] GC(158) Concurrent Mark From Roots
[412.369s][info][gc,task        ] GC(158) Using 2 workers of 2 for marking
.[412.947s][info][gc,marking     ] GC(158) Concurrent Mark From Roots 578.281ms
[412.947s][info][gc,marking     ] GC(158) Concurrent Preclean
[412.947s][info][gc,marking     ] GC(158) Concurrent Preclean 0.057ms
[412.947s][info][gc,start       ] GC(158) Pause Remark
[412.951s][info][gc             ] GC(158) Pause Remark 1575M->1363M(4096M) 3.970ms
[412.951s][info][gc,cpu         ] GC(158) User=0.02s Sys=0.00s Real=0.00s
[412.951s][info][gc,marking     ] GC(158) Concurrent Mark 582.715ms
[412.951s][info][gc,marking     ] GC(158) Concurrent Rebuild Remembered Sets and Scrub Regions
[413.161s][info][gc,marking     ] GC(158) Concurrent Rebuild Remembered Sets and Scrub Regions 209.769ms
[413.161s][info][gc,start       ] GC(158) Pause Cleanup
[413.161s][info][gc             ] GC(158) Pause Cleanup 1413M->1413M(4096M) 0.097ms
[413.162s][info][gc,cpu         ] GC(158) User=0.00s Sys=0.00s Real=0.00s
[413.162s][info][gc,marking     ] GC(158) Concurrent Clear Claimed Marks
[413.162s][info][gc,marking     ] GC(158) Concurrent Clear Claimed Marks 0.032ms
[413.162s][info][gc,marking     ] GC(158) Concurrent Cleanup for Next Mark
[413.165s][info][gc,marking     ] GC(158) Concurrent Cleanup for Next Mark 3.129ms
[413.165s][info][gc             ] GC(158) Concurrent Mark Cycle 859.952ms
.....[417.988s][info][gc,start       ] GC(159) Pause Young (Prepare Mixed) (G1 Evacuation Pause)
[417.988s][info][gc,task        ] GC(159) Using 6 workers of 6 for evacuation
[418.063s][info][gc,phases      ] GC(159)   Pre Evacuate Collection Set: 0.32ms
[418.063s][info][gc,phases      ] GC(159)   Merge Heap Roots: 0.53ms
[418.063s][info][gc,phases      ] GC(159)   Evacuate Collection Set: 73.82ms
[418.063s][info][gc,phases      ] GC(159)   Post Evacuate Collection Set: 0.65ms
[418.063s][info][gc,phases      ] GC(159)   Other: 0.07ms
[418.063s][info][gc,heap        ] GC(159) Eden regions: 673->0(750)
[418.063s][info][gc,heap        ] GC(159) Survivor regions: 56->67(92)
[418.063s][info][gc,heap        ] GC(159) Old regions: 470->487
[418.063s][info][gc,heap        ] GC(159) Humongous regions: 75->75
[418.063s][info][gc,metaspace   ] GC(159) Metaspace: 28870K(29184K)->28870K(29184K) NonClass: 23987K(24128K)->23987K(24128K) Class: 4883K(5056K)->4883K(5056K)
[418.063s][info][gc             ] GC(159) Pause Young (Prepare Mixed) (G1 Evacuation Pause) 2542M->1251M(4096M) 75.561ms
[418.063s][info][gc,cpu         ] GC(159) User=0.45s Sys=0.00s Real=0.08s
.......[425.555s][info][gc,start       ] GC(160) Pause Young (Mixed) (G1 Evacuation Pause)
[425.555s][info][gc,task        ] GC(160) Using 6 workers of 6 for evacuation
[425.642s][info][gc,phases      ] GC(160)   Pre Evacuate Collection Set: 0.34ms
[425.642s][info][gc,phases      ] GC(160)   Merge Heap Roots: 0.42ms
[425.642s][info][gc,phases      ] GC(160)   Evacuate Collection Set: 86.19ms
[425.642s][info][gc,phases      ] GC(160)   Post Evacuate Collection Set: 0.75ms
[425.642s][info][gc,phases      ] GC(160)   Other: 0.09ms
[425.643s][info][gc,heap        ] GC(160) Eden regions: 871->0(959)
[425.643s][info][gc,heap        ] GC(160) Survivor regions: 67->74(118)
[425.643s][info][gc,heap        ] GC(160) Old regions: 487->509
[425.643s][info][gc,heap        ] GC(160) Humongous regions: 75->75
[425.643s][info][gc,metaspace   ] GC(160) Metaspace: 28874K(29184K)->28874K(29184K) NonClass: 23991K(24128K)->23991K(24128K) Class: 4883K(5056K)->4883K(5056K)
[425.643s][info][gc             ] GC(160) Pause Young (Mixed) (G1 Evacuation Pause) 2993M->1315M(4096M) 87.938ms
[425.643s][info][gc,cpu         ] GC(160) User=0.52s Sys=0.00s Real=0.09s
.........[434.643s][info][gc,start       ] GC(161) Pause Young (Mixed) (G1 Evacuation Pause)
[434.643s][info][gc,task        ] GC(161) Using 6 workers of 6 for evacuation
[434.745s][info][gc,phases      ] GC(161)   Pre Evacuate Collection Set: 0.34ms
[434.745s][info][gc,phases      ] GC(161)   Merge Heap Roots: 0.42ms
[434.745s][info][gc,phases      ] GC(161)   Evacuate Collection Set: 100.50ms
[434.745s][info][gc,phases      ] GC(161)   Post Evacuate Collection Set: 0.82ms
[434.745s][info][gc,phases      ] GC(161)   Other: 0.08ms
[434.745s][info][gc,heap        ] GC(161) Eden regions: 1049->0(1031)
[434.745s][info][gc,heap        ] GC(161) Survivor regions: 74->91(141)
[434.745s][info][gc,heap        ] GC(161) Old regions: 509->529
[434.745s][info][gc,heap        ] GC(161) Humongous regions: 77->77
[434.745s][info][gc,metaspace   ] GC(161) Metaspace: 28876K(29184K)->28876K(29184K) NonClass: 23992K(24128K)->23992K(24128K) Class: 4883K(5056K)->4883K(5056K)
[434.745s][info][gc             ] GC(161) Pause Young (Mixed) (G1 Evacuation Pause) 3417M->1392M(4096M) 102.279ms
[434.745s][info][gc,cpu         ] GC(161) User=0.61s Sys=0.00s Real=0.10s
..........[444.144s][info][gc,start       ] GC(162) Pause Young (Mixed) (G1 Evacuation Pause)
[444.144s][info][gc,task        ] GC(162) Using 6 workers of 6 for evacuation
[444.257s][info][gc,phases      ] GC(162)   Pre Evacuate Collection Set: 0.39ms
[444.257s][info][gc,phases      ] GC(162)   Merge Heap Roots: 0.43ms
[444.257s][info][gc,phases      ] GC(162)   Evacuate Collection Set: 110.76ms
[444.257s][info][gc,phases      ] GC(162)   Merge Optional Heap Roots: 0.02ms
[444.257s][info][gc,phases      ] GC(162)   Evacuate Optional Collection Set: 0.42ms
[444.257s][info][gc,phases      ] GC(162)   Post Evacuate Collection Set: 0.94ms
[444.257s][info][gc,phases      ] GC(162)   Other: 0.09ms
[444.257s][info][gc,heap        ] GC(162) Eden regions: 1063->0(1069)
[444.257s][info][gc,heap        ] GC(162) Survivor regions: 91->100(145)
[444.257s][info][gc,heap        ] GC(162) Old regions: 529->542
[444.257s][info][gc,heap        ] GC(162) Humongous regions: 77->77
[444.257s][info][gc,metaspace   ] GC(162) Metaspace: 28876K(29184K)->28876K(29184K) NonClass: 23993K(24128K)->23993K(24128K) Class: 4883K(5056K)->4883K(5056K)
[444.257s][info][gc             ] GC(162) Pause Young (Mixed) (G1 Evacuation Pause) 3518M->1435M(4096M) 113.188ms
[444.257s][info][gc,cpu         ] GC(162) User=0.67s Sys=0.00s Real=0.11s
...........[454.947s][info][gc,start       ] GC(163) Pause Young (Mixed) (G1 Evacuation Pause)
[454.947s][info][gc,task        ] GC(163) Using 6 workers of 6 for evacuation
[455.064s][info][gc,phases      ] GC(163)   Pre Evacuate Collection Set: 0.38ms
[455.064s][info][gc,phases      ] GC(163)   Merge Heap Roots: 0.42ms
[455.064s][info][gc,phases      ] GC(163)   Evacuate Collection Set: 114.53ms
[455.064s][info][gc,phases      ] GC(163)   Post Evacuate Collection Set: 0.86ms
[455.064s][info][gc,phases      ] GC(163)   Other: 0.09ms
[455.064s][info][gc,heap        ] GC(163) Eden regions: 1069->0(1063)
[455.064s][info][gc,heap        ] GC(163) Survivor regions: 100->105(147)
[455.064s][info][gc,heap        ] GC(163) Old regions: 542->567
[455.064s][info][gc,heap        ] GC(163) Humongous regions: 77->77
[455.064s][info][gc,metaspace   ] GC(163) Metaspace: 28877K(29184K)->28877K(29184K) NonClass: 23993K(24128K)->23993K(24128K) Class: 4883K(5056K)->4883K(5056K)
[455.064s][info][gc             ] GC(163) Pause Young (Mixed) (G1 Evacuation Pause) 3573M->1497M(4096M) 116.412ms
[455.064s][info][gc,cpu         ] GC(163) User=0.69s Sys=0.00s Real=0.12s
...........[466.608s][info][gc,start       ] GC(164) Pause Young (Concurrent Start) (G1 Evacuation Pause)
[466.608s][info][gc,task        ] GC(164) Using 6 workers of 6 for evacuation
[466.722s][info][gc,phases      ] GC(164)   Pre Evacuate Collection Set: 0.47ms
[466.722s][info][gc,phases      ] GC(164)   Merge Heap Roots: 0.44ms
[466.722s][info][gc,phases      ] GC(164)   Evacuate Collection Set: 111.96ms
[466.722s][info][gc,phases      ] GC(164)   Post Evacuate Collection Set: 0.91ms
[466.722s][info][gc,phases      ] GC(164)   Other: 0.13ms
[466.722s][info][gc,heap        ] GC(164) Eden regions: 1063->0(1050)
[466.722s][info][gc,heap        ] GC(164) Survivor regions: 105->104(146)
[466.722s][info][gc,heap        ] GC(164) Old regions: 567->602
[466.722s][info][gc,heap        ] GC(164) Humongous regions: 77->77
[466.722s][info][gc,metaspace   ] GC(164) Metaspace: 28877K(29184K)->28877K(29184K) NonClass: 23993K(24128K)->23993K(24128K) Class: 4883K(5056K)->4883K(5056K)
[466.722s][info][gc             ] GC(164) Pause Young (Concurrent Start) (G1 Evacuation Pause) 3623M->1563M(4096M) 114.043ms
[466.722s][info][gc             ] GC(165) Concurrent Mark Cycle
[466.722s][info][gc,marking     ] GC(165) Concurrent Scan Root Regions
[466.722s][info][gc,cpu         ] GC(164) User=0.68s Sys=0.00s Real=0.12s
.[466.840s][info][gc,marking     ] GC(165) Concurrent Scan Root Regions 117.833ms
[466.840s][info][gc,marking     ] GC(165) Concurrent Mark
[466.840s][info][gc,marking     ] GC(165) Concurrent Mark From Roots
[466.840s][info][gc,task        ] GC(165) Using 2 workers of 2 for marking
[467.319s][info][gc,marking     ] GC(165) Concurrent Mark From Roots 478.888ms
[467.319s][info][gc,marking     ] GC(165) Concurrent Preclean
[467.319s][info][gc,marking     ] GC(165) Concurrent Preclean 0.047ms
[467.319s][info][gc,start       ] GC(165) Pause Remark
[467.322s][info][gc             ] GC(165) Pause Remark 1677M->1677M(4096M) 3.036ms
[467.322s][info][gc,cpu         ] GC(165) User=0.02s Sys=0.00s Real=0.01s
[467.322s][info][gc,marking     ] GC(165) Concurrent Mark 482.245ms
[467.322s][info][gc,marking     ] GC(165) Concurrent Rebuild Remembered Sets and Scrub Regions
[467.507s][info][gc,marking     ] GC(165) Concurrent Rebuild Remembered Sets and Scrub Regions 184.257ms
[467.507s][info][gc,start       ] GC(165) Pause Cleanup
[467.507s][info][gc             ] GC(165) Pause Cleanup 1708M->1708M(4096M) 0.169ms
[467.507s][info][gc,cpu         ] GC(165) User=0.00s Sys=0.00s Real=0.00s
[467.508s][info][gc,marking     ] GC(165) Concurrent Clear Claimed Marks
[467.508s][info][gc,marking     ] GC(165) Concurrent Clear Claimed Marks 0.033ms
[467.508s][info][gc,marking     ] GC(165) Concurrent Cleanup for Next Mark
[467.511s][info][gc,marking     ] GC(165) Concurrent Cleanup for Next Mark 3.354ms
[467.511s][info][gc             ] GC(165) Concurrent Mark Cycle 788.827ms
............[478.919s][info][gc,start       ] GC(166) Pause Young (Prepare Mixed) (G1 Evacuation Pause)
[478.919s][info][gc,task        ] GC(166) Using 6 workers of 6 for evacuation
[479.038s][info][gc,phases      ] GC(166)   Pre Evacuate Collection Set: 0.39ms
[479.038s][info][gc,phases      ] GC(166)   Merge Heap Roots: 0.60ms
[479.038s][info][gc,phases      ] GC(166)   Evacuate Collection Set: 116.95ms
[479.038s][info][gc,phases      ] GC(166)   Post Evacuate Collection Set: 0.96ms
[479.038s][info][gc,phases      ] GC(166)   Other: 0.10ms
[479.038s][info][gc,heap        ] GC(166) Eden regions: 1050->0(1018)
[479.038s][info][gc,heap        ] GC(166) Survivor regions: 104->107(145)
[479.038s][info][gc,heap        ] GC(166) Old regions: 602->636
[479.038s][info][gc,heap        ] GC(166) Humongous regions: 77->77
[479.038s][info][gc,metaspace   ] GC(166) Metaspace: 28885K(29184K)->28885K(29184K) NonClass: 24001K(24128K)->24001K(24128K) Class: 4883K(5056K)->4883K(5056K)
[479.038s][info][gc             ] GC(166) Pause Young (Prepare Mixed) (G1 Evacuation Pause) 3663M->1639M(4096M) 119.145ms
[479.039s][info][gc,cpu         ] GC(166) User=0.71s Sys=0.00s Real=0.12s
............[490.905s][info][gc,start       ] GC(167) Pause Young (Mixed) (G1 Evacuation Pause)
[490.906s][info][gc,task        ] GC(167) Using 6 workers of 6 for evacuation
[491.032s][info][gc,phases      ] GC(167)   Pre Evacuate Collection Set: 0.42ms
[491.032s][info][gc,phases      ] GC(167)   Merge Heap Roots: 0.50ms
[491.032s][info][gc,phases      ] GC(167)   Evacuate Collection Set: 124.62ms
[491.032s][info][gc,phases      ] GC(167)   Post Evacuate Collection Set: 0.97ms
[491.032s][info][gc,phases      ] GC(167)   Other: 0.10ms
[491.032s][info][gc,heap        ] GC(167) Eden regions: 1018->0(1123)
[491.032s][info][gc,heap        ] GC(167) Survivor regions: 107->105(141)
[491.032s][info][gc,heap        ] GC(167) Old regions: 636->483
[491.032s][info][gc,heap        ] GC(167) Humongous regions: 77->77
[491.032s][info][gc,metaspace   ] GC(167) Metaspace: 28885K(29184K)->28885K(29184K) NonClass: 24001K(24128K)->24001K(24128K) Class: 4883K(5056K)->4883K(5056K)
[491.032s][info][gc             ] GC(167) Pause Young (Mixed) (G1 Evacuation Pause) 3675M->1328M(4096M) 126.737ms
[491.032s][info][gc,cpu         ] GC(167) User=0.75s Sys=0.00s Real=0.13s
.............[504.284s][info][gc,start       ] GC(168) Pause Young (Mixed) (G1 Evacuation Pause)
[504.284s][info][gc,task        ] GC(168) Using 6 workers of 6 for evacuation
[504.404s][info][gc,phases      ] GC(168)   Pre Evacuate Collection Set: 0.33ms
[504.404s][info][gc,phases      ] GC(168)   Merge Heap Roots: 0.51ms
[504.404s][info][gc,phases      ] GC(168)   Evacuate Collection Set: 118.64ms
[504.404s][info][gc,phases      ] GC(168)   Post Evacuate Collection Set: 0.94ms
[504.404s][info][gc,phases      ] GC(168)   Other: 0.08ms
[504.404s][info][gc,heap        ] GC(168) Eden regions: 1123->0(1120)
[504.404s][info][gc,heap        ] GC(168) Survivor regions: 105->108(154)
[504.404s][info][gc,heap        ] GC(168) Old regions: 483->490
[504.404s][info][gc,heap        ] GC(168) Humongous regions: 77->77
[504.404s][info][gc,metaspace   ] GC(168) Metaspace: 28885K(29184K)->28885K(29184K) NonClass: 24001K(24128K)->24001K(24128K) Class: 4883K(5056K)->4883K(5056K)
[504.404s][info][gc             ] GC(168) Pause Young (Mixed) (G1 Evacuation Pause) 3574M->1349M(4096M) 120.635ms
[504.404s][info][gc,cpu         ] GC(168) User=0.72s Sys=0.00s Real=0.12s
.............[517.556s][info][gc,start       ] GC(169) Pause Young (Concurrent Start) (G1 Evacuation Pause)
[517.556s][info][gc,task        ] GC(169) Using 6 workers of 6 for evacuation
[517.673s][info][gc,phases      ] GC(169)   Pre Evacuate Collection Set: 0.40ms
[517.673s][info][gc,phases      ] GC(169)   Merge Heap Roots: 0.48ms
[517.673s][info][gc,phases      ] GC(169)   Evacuate Collection Set: 114.63ms
[517.673s][info][gc,phases      ] GC(169)   Post Evacuate Collection Set: 0.90ms
[517.673s][info][gc,phases      ] GC(169)   Other: 0.13ms
[517.673s][info][gc,heap        ] GC(169) Eden regions: 1120->0(1119)
[517.673s][info][gc,heap        ] GC(169) Survivor regions: 108->109(154)
[517.673s][info][gc,heap        ] GC(169) Old regions: 490->522
[517.673s][info][gc,heap        ] GC(169) Humongous regions: 77->77
[517.673s][info][gc,metaspace   ] GC(169) Metaspace: 28885K(29184K)->28885K(29184K) NonClass: 24001K(24128K)->24001K(24128K) Class: 4883K(5056K)->4883K(5056K)
[517.673s][info][gc             ] GC(169) Pause Young (Concurrent Start) (G1 Evacuation Pause) 3589M->1414M(4096M) 116.702ms
[517.673s][info][gc             ] GC(170) Concurrent Mark Cycle
[517.673s][info][gc,marking     ] GC(170) Concurrent Scan Root Regions
[517.673s][info][gc,cpu         ] GC(169) User=0.69s Sys=0.00s Real=0.12s
[517.797s][info][gc,marking     ] GC(170) Concurrent Scan Root Regions 124.262ms
[517.797s][info][gc,marking     ] GC(170) Concurrent Mark
[517.797s][info][gc,marking     ] GC(170) Concurrent Mark From Roots
[517.797s][info][gc,task        ] GC(170) Using 2 workers of 2 for marking
.[518.284s][info][gc,marking     ] GC(170) Concurrent Mark From Roots 487.176ms
[518.284s][info][gc,marking     ] GC(170) Concurrent Preclean
[518.284s][info][gc,marking     ] GC(170) Concurrent Preclean 0.046ms
[518.284s][info][gc,start       ] GC(170) Pause Remark
[518.287s][info][gc             ] GC(170) Pause Remark 1548M->1548M(4096M) 2.478ms
[518.287s][info][gc,cpu         ] GC(170) User=0.01s Sys=0.00s Real=0.00s
[518.287s][info][gc,marking     ] GC(170) Concurrent Mark 489.949ms
[518.287s][info][gc,marking     ] GC(170) Concurrent Rebuild Remembered Sets and Scrub Regions
[518.476s][info][gc,marking     ] GC(170) Concurrent Rebuild Remembered Sets and Scrub Regions 188.802ms
[518.476s][info][gc,start       ] GC(170) Pause Cleanup
[518.476s][info][gc             ] GC(170) Pause Cleanup 1572M->1572M(4096M) 0.149ms
[518.476s][info][gc,cpu         ] GC(170) User=0.00s Sys=0.00s Real=0.00s
[518.476s][info][gc,marking     ] GC(170) Concurrent Clear Claimed Marks
[518.476s][info][gc,marking     ] GC(170) Concurrent Clear Claimed Marks 0.035ms
[518.476s][info][gc,marking     ] GC(170) Concurrent Cleanup for Next Mark
[518.480s][info][gc,marking     ] GC(170) Concurrent Cleanup for Next Mark 4.288ms
[518.481s][info][gc             ] GC(170) Concurrent Mark Cycle 807.852ms
............[530.784s][info][gc,start       ] GC(171) Pause Young (Prepare Mixed) (G1 Evacuation Pause)
[530.784s][info][gc,task        ] GC(171) Using 6 workers of 6 for evacuation
[530.902s][info][gc,phases      ] GC(171)   Pre Evacuate Collection Set: 0.37ms
[530.902s][info][gc,phases      ] GC(171)   Merge Heap Roots: 0.53ms
[530.902s][info][gc,phases      ] GC(171)   Evacuate Collection Set: 115.89ms
[530.902s][info][gc,phases      ] GC(171)   Post Evacuate Collection Set: 0.94ms
[530.902s][info][gc,phases      ] GC(171)   Other: 0.09ms
[530.902s][info][gc,heap        ] GC(171) Eden regions: 1119->0(1096)
[530.902s][info][gc,heap        ] GC(171) Survivor regions: 109->108(154)
[530.902s][info][gc,heap        ] GC(171) Old regions: 522->556
[530.902s][info][gc,heap        ] GC(171) Humongous regions: 77->77
[530.902s][info][gc,metaspace   ] GC(171) Metaspace: 28888K(29184K)->28888K(29184K) NonClass: 24004K(24128K)->24004K(24128K) Class: 4883K(5056K)->4883K(5056K)
[530.902s][info][gc             ] GC(171) Pause Young (Prepare Mixed) (G1 Evacuation Pause) 3652M->1480M(4096M) 117.947ms
[530.902s][info][gc,cpu         ] GC(171) User=0.70s Sys=0.00s Real=0.12s
.............[543.753s][info][gc,start       ] GC(172) Pause Young (Mixed) (G1 Evacuation Pause)
[543.753s][info][gc,task        ] GC(172) Using 6 workers of 6 for evacuation
[543.886s][info][gc,phases      ] GC(172)   Pre Evacuate Collection Set: 0.42ms
[543.886s][info][gc,phases      ] GC(172)   Merge Heap Roots: 0.72ms
[543.886s][info][gc,phases      ] GC(172)   Evacuate Collection Set: 130.92ms
[543.886s][info][gc,phases      ] GC(172)   Post Evacuate Collection Set: 1.03ms
[543.886s][info][gc,phases      ] GC(172)   Other: 0.09ms
[543.886s][info][gc,heap        ] GC(172) Eden regions: 1096->0(1121)
[543.886s][info][gc,heap        ] GC(172) Survivor regions: 108->107(151)
[543.886s][info][gc,heap        ] GC(172) Old regions: 556->462
[543.886s][info][gc,heap        ] GC(172) Humongous regions: 77->77
[543.886s][info][gc,metaspace   ] GC(172) Metaspace: 28889K(29184K)->28889K(29184K) NonClass: 24006K(24128K)->24006K(24128K) Class: 4883K(5056K)->4883K(5056K)
[543.886s][info][gc             ] GC(172) Pause Young (Mixed) (G1 Evacuation Pause) 3672M->1290M(4096M) 133.361ms
[543.886s][info][gc,cpu         ] GC(172) User=0.79s Sys=0.00s Real=0.13s
..............[557.258s][info][gc,start       ] GC(173) Pause Young (Concurrent Start) (G1 Evacuation Pause)
[557.258s][info][gc,task        ] GC(173) Using 6 workers of 6 for evacuation
[557.374s][info][gc,phases      ] GC(173)   Pre Evacuate Collection Set: 0.41ms
[557.374s][info][gc,phases      ] GC(173)   Merge Heap Roots: 0.51ms
[557.374s][info][gc,phases      ] GC(173)   Evacuate Collection Set: 113.71ms
[557.374s][info][gc,phases      ] GC(173)   Post Evacuate Collection Set: 0.92ms
[557.374s][info][gc,phases      ] GC(173)   Other: 0.11ms
[557.374s][info][gc,heap        ] GC(173) Eden regions: 1121->0(1121)
[557.374s][info][gc,heap        ] GC(173) Survivor regions: 107->107(154)
[557.374s][info][gc,heap        ] GC(173) Old regions: 462->494
[557.374s][info][gc,heap        ] GC(173) Humongous regions: 77->77
[557.374s][info][gc,metaspace   ] GC(173) Metaspace: 28889K(29184K)->28889K(29184K) NonClass: 24006K(24128K)->24006K(24128K) Class: 4883K(5056K)->4883K(5056K)
[557.374s][info][gc             ] GC(173) Pause Young (Concurrent Start) (G1 Evacuation Pause) 3532M->1355M(4096M) 115.800ms
[557.374s][info][gc             ] GC(174) Concurrent Mark Cycle
[557.374s][info][gc,marking     ] GC(174) Concurrent Scan Root Regions
[557.374s][info][gc,cpu         ] GC(173) User=0.69s Sys=0.00s Real=0.12s
[557.491s][info][gc,marking     ] GC(174) Concurrent Scan Root Regions 116.645ms
[557.491s][info][gc,marking     ] GC(174) Concurrent Mark
[557.491s][info][gc,marking     ] GC(174) Concurrent Mark From Roots
[557.491s][info][gc,task        ] GC(174) Using 2 workers of 2 for marking
.[557.992s][info][gc,marking     ] GC(174) Concurrent Mark From Roots 501.424ms
[557.992s][info][gc,marking     ] GC(174) Concurrent Preclean
[557.992s][info][gc,marking     ] GC(174) Concurrent Preclean 0.048ms
[557.993s][info][gc,start       ] GC(174) Pause Remark
[557.995s][info][gc             ] GC(174) Pause Remark 1497M->1497M(4096M) 2.381ms
[557.995s][info][gc,cpu         ] GC(174) User=0.01s Sys=0.00s Real=0.00s
[557.995s][info][gc,marking     ] GC(174) Concurrent Mark 504.106ms
[557.995s][info][gc,marking     ] GC(174) Concurrent Rebuild Remembered Sets and Scrub Regions
[558.191s][info][gc,marking     ] GC(174) Concurrent Rebuild Remembered Sets and Scrub Regions 196.280ms
[558.191s][info][gc,start       ] GC(174) Pause Cleanup
[558.192s][info][gc             ] GC(174) Pause Cleanup 1538M->1538M(4096M) 0.130ms
[558.192s][info][gc,cpu         ] GC(174) User=0.00s Sys=0.00s Real=0.01s
[558.192s][info][gc,marking     ] GC(174) Concurrent Clear Claimed Marks
[558.192s][info][gc,marking     ] GC(174) Concurrent Clear Claimed Marks 0.034ms
[558.192s][info][gc,marking     ] GC(174) Concurrent Cleanup for Next Mark
[558.195s][info][gc,marking     ] GC(174) Concurrent Cleanup for Next Mark 3.542ms
[558.195s][info][gc             ] GC(174) Concurrent Mark Cycle 821.087ms
............[570.605s][info][gc,start       ] GC(175) Pause Young (Prepare Mixed) (G1 Evacuation Pause)
[570.605s][info][gc,task        ] GC(175) Using 6 workers of 6 for evacuation
[570.722s][info][gc,phases      ] GC(175)   Pre Evacuate Collection Set: 0.32ms
[570.722s][info][gc,phases      ] GC(175)   Merge Heap Roots: 0.55ms
[570.722s][info][gc,phases      ] GC(175)   Evacuate Collection Set: 114.98ms
[570.722s][info][gc,phases      ] GC(175)   Post Evacuate Collection Set: 0.96ms
[570.722s][info][gc,phases      ] GC(175)   Other: 0.10ms
[570.722s][info][gc,heap        ] GC(175) Eden regions: 1121->0(1119)
[570.722s][info][gc,heap        ] GC(175) Survivor regions: 107->109(154)
[570.722s][info][gc,heap        ] GC(175) Old regions: 494->526
[570.722s][info][gc,heap        ] GC(175) Humongous regions: 77->77
[570.722s][info][gc,metaspace   ] GC(175) Metaspace: 28889K(29184K)->28889K(29184K) NonClass: 24006K(24128K)->24006K(24128K) Class: 4883K(5056K)->4883K(5056K)
[570.722s][info][gc             ] GC(175) Pause Young (Prepare Mixed) (G1 Evacuation Pause) 3597M->1421M(4096M) 117.058ms
[570.722s][info][gc,cpu         ] GC(175) User=0.69s Sys=0.00s Real=0.12s
........... (rIR:aIR:PR = 1384:1385:1386) (tPR = 21145) [OK] 
   580s: 
   580s: Building throughput-responsetime curve
   580s: ( 0%)   IR =      0 ...|............................................................ (rIR:aIR:PR = 0:0:0) (tPR = 0) [OK] 
   643s: Performance info:
         Transaction,    Success,    Partial,     Failed,   Receipts, AvgBarcode, 
         Response times:
             Request,    Success,    Partial,     Failed,   SkipFail,     Probes,    Samples,      min,      p50,      p90,      p95,      p99,      max, 

   643s: ( 1%)   IR =    138 ....|.........................[673.542s][info][gc,start       ] GC(176) Pause Young (Mixed) (G1 Evacuation Pause)
[673.542s][info][gc,task        ] GC(176) Using 6 workers of 6 for evacuation
[673.672s][info][gc,phases      ] GC(176)   Pre Evacuate Collection Set: 0.36ms
[673.672s][info][gc,phases      ] GC(176)   Merge Heap Roots: 0.58ms
[673.672s][info][gc,phases      ] GC(176)   Evacuate Collection Set: 127.68ms
[673.672s][info][gc,phases      ] GC(176)   Post Evacuate Collection Set: 0.94ms
[673.672s][info][gc,phases      ] GC(176)   Other: 0.09ms
[673.672s][info][gc,heap        ] GC(176) Eden regions: 1119->0(1121)
[673.672s][info][gc,heap        ] GC(176) Survivor regions: 109->107(154)
[673.672s][info][gc,heap        ] GC(176) Old regions: 526->461
[673.672s][info][gc,heap        ] GC(176) Humongous regions: 77->77
[673.672s][info][gc,metaspace   ] GC(176) Metaspace: 28895K(29184K)->28895K(29184K) NonClass: 24011K(24128K)->24011K(24128K) Class: 4883K(5056K)->4883K(5056K)
[673.672s][info][gc             ] GC(176) Pause Young (Mixed) (G1 Evacuation Pause) 3659M->1288M(4096M) 129.816ms
[673.672s][info][gc,cpu         ] GC(176) User=0.78s Sys=0.00s Real=0.13s
................................... (rIR:aIR:PR = 138:138:138) (tPR = 2077) [OK] 
   707s: Performance info:
         Transaction,    Success,    Partial,     Failed,   Receipts, AvgBarcode, 
             Overall,       8306,          0,          0,       7887,      59.49, 
         Response times:
             Request,    Success,    Partial,     Failed,   SkipFail,     Probes,    Samples,      min,      p50,      p90,      p95,      p99,      max, 
       TotalPurchase,       7887,          0,          0,          0,       7315,       8315,      300,      400,      500,      600,      800,   131000,
     InStorePurchase,       4155,          0,          0,          0,       3903,       4370,      300,      400,      500,      600,      800,     1000,
      OnlinePurchase,       2900,          0,          0,          0,       2712,       3101,      300,      400,      500,      600,      800,   131000,
        InstPurchase,        832,          0,          0,          0,        700,        844,      300,      500,      600,      700,      855,     1000,
          AssocOfCat,          9,          0,          0,          0,          7,          8,    18400,    22000,    23000,    23000,    23000,    23000,
      AssocOfProduct,         84,          0,          0,          0,         83,         88,      400,      600,      700,      700,      800,      800,
      BusinessReport,         22,          0,          0,          0,         20,         20,    21000,    24500,    32600,    38700,    39000,    39000,
          CustBuyBeh,         83,          0,          0,          0,         81,         88,      200,      250,      300,      455,      600,      600,
       ProductReturn,        221,          0,          0,          0,        166,        242,      200,      300,      300,      400,      600,      700,

   707s: ( 2%)   IR =    277 ....|.............................................[757.303s][info][gc,start       ] GC(177) Pause Young (Concurrent Start) (G1 Evacuation Pause)
[757.303s][info][gc,task        ] GC(177) Using 6 workers of 6 for evacuation
[757.419s][info][gc,phases      ] GC(177)   Pre Evacuate Collection Set: 0.39ms
[757.419s][info][gc,phases      ] GC(177)   Merge Heap Roots: 0.50ms
[757.419s][info][gc,phases      ] GC(177)   Evacuate Collection Set: 114.14ms
[757.419s][info][gc,phases      ] GC(177)   Post Evacuate Collection Set: 0.93ms
[757.419s][info][gc,phases      ] GC(177)   Other: 0.11ms
[757.419s][info][gc,heap        ] GC(177) Eden regions: 1121->0(1120)
[757.419s][info][gc,heap        ] GC(177) Survivor regions: 107->108(154)
[757.419s][info][gc,heap        ] GC(177) Old regions: 461->494
[757.419s][info][gc,heap        ] GC(177) Humongous regions: 77->77
[757.419s][info][gc,metaspace   ] GC(177) Metaspace: 28897K(29184K)->28897K(29184K) NonClass: 24014K(24128K)->24014K(24128K) Class: 4883K(5056K)->4883K(5056K)
[757.419s][info][gc             ] GC(177) Pause Young (Concurrent Start) (G1 Evacuation Pause) 3530M->1355M(4096M) 116.223ms
[757.419s][info][gc             ] GC(178) Concurrent Mark Cycle
[757.419s][info][gc,marking     ] GC(178) Concurrent Scan Root Regions
[757.419s][info][gc,cpu         ] GC(177) User=0.69s Sys=0.00s Real=0.11s
[757.531s][info][gc,marking     ] GC(178) Concurrent Scan Root Regions 112.369ms
[757.531s][info][gc,marking     ] GC(178) Concurrent Mark
[757.531s][info][gc,marking     ] GC(178) Concurrent Mark From Roots
[757.531s][info][gc,task        ] GC(178) Using 2 workers of 2 for marking
[758.013s][info][gc,marking     ] GC(178) Concurrent Mark From Roots 482.123ms
[758.013s][info][gc,marking     ] GC(178) Concurrent Preclean
[758.013s][info][gc,marking     ] GC(178) Concurrent Preclean 0.054ms
[758.014s][info][gc,start       ] GC(178) Pause Remark
[758.016s][info][gc             ] GC(178) Pause Remark 1394M->1394M(4096M) 2.082ms
[758.016s][info][gc,cpu         ] GC(178) User=0.01s Sys=0.00s Real=0.00s
[758.016s][info][gc,marking     ] GC(178) Concurrent Mark 484.528ms
[758.016s][info][gc,marking     ] GC(178) Concurrent Rebuild Remembered Sets and Scrub Regions
.[758.201s][info][gc,marking     ] GC(178) Concurrent Rebuild Remembered Sets and Scrub Regions 185.489ms
[758.201s][info][gc,start       ] GC(178) Pause Cleanup
[758.202s][info][gc             ] GC(178) Pause Cleanup 1397M->1397M(4096M) 0.121ms
[758.202s][info][gc,cpu         ] GC(178) User=0.00s Sys=0.00s Real=0.00s
[758.202s][info][gc,marking     ] GC(178) Concurrent Clear Claimed Marks
[758.202s][info][gc,marking     ] GC(178) Concurrent Clear Claimed Marks 0.029ms
[758.202s][info][gc,marking     ] GC(178) Concurrent Cleanup for Next Mark
[758.205s][info][gc,marking     ] GC(178) Concurrent Cleanup for Next Mark 3.447ms
[758.205s][info][gc             ] GC(178) Concurrent Mark Cycle 786.302ms
.............. (rIR:aIR:PR = 277:277:277) (tPR = 4104) [OK] 
   771s: Performance info:
         Transaction,    Success,    Partial,     Failed,   Receipts, AvgBarcode, 
             Overall,      16632,          0,          0,      15802,      59.49, 
         Response times:
             Request,    Success,    Partial,     Failed,   SkipFail,     Probes,    Samples,      min,      p50,      p90,      p95,      p99,      max, 
       TotalPurchase,      15802,          0,          0,          0,      15023,      16789,      300,      500,      700,      800,     1000,     3800,
     InStorePurchase,       8317,          0,          0,          0,       7946,       8796,      300,      500,      700,      800,     1000,     3700,
      OnlinePurchase,       5823,          0,          0,          0,       5558,       6214,      300,      500,      700,      800,     1000,     3800,
        InstPurchase,       1662,          0,          0,          0,       1519,       1779,      300,      600,      900,     1000,     1200,     3800,
          AssocOfCat,         18,          0,          0,          0,         15,         16,    19400,    23000,    24600,    26000,    26000,    26000,
      AssocOfProduct,        166,          0,          0,          0,        126,        186,      500,      700,      900,     1000,     1113,     1200,
      BusinessReport,         42,          0,          0,          0,         41,         43,    19500,    26000,    46000,    46000,    66000,    66000,
          CustBuyBeh,        166,          0,          0,          0,        125,        184,      100,      300,      600,      600,      700,      700,
       ProductReturn,        438,          0,          0,          0,        340,        428,      200,      300,      600,      600,      971,     1900,

   771s: ( 3%)   IR =    415 ....|..............................[806.872s][info][gc,start       ] GC(179) Pause Young (Prepare Mixed) (G1 Evacuation Pause)
[806.872s][info][gc,task        ] GC(179) Using 6 workers of 6 for evacuation
[806.991s][info][gc,phases      ] GC(179)   Pre Evacuate Collection Set: 0.37ms
[806.991s][info][gc,phases      ] GC(179)   Merge Heap Roots: 0.58ms
[806.991s][info][gc,phases      ] GC(179)   Evacuate Collection Set: 116.59ms
[806.991s][info][gc,phases      ] GC(179)   Post Evacuate Collection Set: 0.92ms
[806.991s][info][gc,phases      ] GC(179)   Other: 0.09ms
[806.991s][info][gc,heap        ] GC(179) Eden regions: 1120->0(1120)
[806.991s][info][gc,heap        ] GC(179) Survivor regions: 108->108(154)
[806.991s][info][gc,heap        ] GC(179) Old regions: 494->526
[806.991s][info][gc,heap        ] GC(179) Humongous regions: 77->77
[806.991s][info][gc,metaspace   ] GC(179) Metaspace: 28900K(29184K)->28900K(29184K) NonClass: 24016K(24128K)->24016K(24128K) Class: 4883K(5056K)->4883K(5056K)
[806.991s][info][gc             ] GC(179) Pause Young (Prepare Mixed) (G1 Evacuation Pause) 3595M->1421M(4096M) 118.672ms
[806.991s][info][gc,cpu         ] GC(179) User=0.71s Sys=0.00s Real=0.11s
.............................. (rIR:aIR:PR = 415:416:416) (tPR = 6316) [OK] 
   835s: Performance info:
         Transaction,    Success,    Partial,     Failed,   Receipts, AvgBarcode, 
             Overall,      24960,          0,          0,      23709,      59.46, 
         Response times:
             Request,    Success,    Partial,     Failed,   SkipFail,     Probes,    Samples,      min,      p50,      p90,      p95,      p99,      max, 
       TotalPurchase,      23709,          0,          0,          0,      22655,      24960,      300,      600,      900,     1000,     1200,     5800,
     InStorePurchase,      12484,          0,          0,          0,      12044,      13239,      300,      600,      900,     1000,     1200,     5800,
      OnlinePurchase,       8734,          0,          0,          0,       8313,       9105,      300,      600,      900,     1000,     1200,     5800,
        InstPurchase,       2491,          0,          0,          0,       2298,       2616,      400,      600,      900,      900,     1200,     4400,
          AssocOfCat,         26,          0,          0,          0,         25,         26,    18300,    23000,    23300,    24000,    24000,    24000,
      AssocOfProduct,        251,          0,          0,          0,        187,        247,      300,      700,      900,      900,     1256,     3100,
      BusinessReport,         61,          0,          0,          0,         58,         66,    19400,    25000,    29000,    30000,   148000,   148000,
          CustBuyBeh,        251,          0,          0,          0,        203,        252,      100,      400,      600,      735,     1858,     4400,
       ProductReturn,        662,          0,          0,          0,        559,        719,      200,      500,      800,      800,     1000,     1600,

   835s: ( 4%)   IR =    553 ....|.......[847.843s][info][gc,start       ] GC(180) Pause Young (Mixed) (G1 Evacuation Pause)
[847.843s][info][gc,task        ] GC(180) Using 6 workers of 6 for evacuation
[847.973s][info][gc,phases      ] GC(180)   Pre Evacuate Collection Set: 0.37ms
[847.973s][info][gc,phases      ] GC(180)   Merge Heap Roots: 0.68ms
[847.973s][info][gc,phases      ] GC(180)   Evacuate Collection Set: 128.20ms
[847.973s][info][gc,phases      ] GC(180)   Post Evacuate Collection Set: 0.98ms
[847.973s][info][gc,phases      ] GC(180)   Other: 0.09ms
[847.973s][info][gc,heap        ] GC(180) Eden regions: 1120->0(1120)
[847.973s][info][gc,heap        ] GC(180) Survivor regions: 108->108(154)
[847.973s][info][gc,heap        ] GC(180) Old regions: 526->463
[847.973s][info][gc,heap        ] GC(180) Humongous regions: 77->77
[847.973s][info][gc,metaspace   ] GC(180) Metaspace: 28901K(29184K)->28901K(29184K) NonClass: 24018K(24128K)->24018K(24128K) Class: 4883K(5056K)->4883K(5056K)
[847.973s][info][gc             ] GC(180) Pause Young (Mixed) (G1 Evacuation Pause) 3661M->1293M(4096M) 130.470ms
[847.973s][info][gc,cpu         ] GC(180) User=0.77s Sys=0.00s Real=0.13s
..................................[881.953s][info][gc,start       ] GC(181) Pause Young (Concurrent Start) (G1 Evacuation Pause)
[881.953s][info][gc,task        ] GC(181) Using 6 workers of 6 for evacuation
[882.072s][info][gc,phases      ] GC(181)   Pre Evacuate Collection Set: 0.40ms
[882.072s][info][gc,phases      ] GC(181)   Merge Heap Roots: 0.55ms
[882.072s][info][gc,phases      ] GC(181)   Evacuate Collection Set: 117.08ms
[882.072s][info][gc,phases      ] GC(181)   Post Evacuate Collection Set: 0.93ms
[882.072s][info][gc,phases      ] GC(181)   Other: 0.12ms
[882.072s][info][gc,heap        ] GC(181) Eden regions: 1120->0(1119)
[882.072s][info][gc,heap        ] GC(181) Survivor regions: 108->109(154)
[882.072s][info][gc,heap        ] GC(181) Old regions: 463->495
[882.072s][info][gc,heap        ] GC(181) Humongous regions: 77->77
[882.072s][info][gc,metaspace   ] GC(181) Metaspace: 28904K(29184K)->28904K(29184K) NonClass: 24021K(24128K)->24021K(24128K) Class: 4883K(5056K)->4883K(5056K)
[882.072s][info][gc             ] GC(181) Pause Young (Concurrent Start) (G1 Evacuation Pause) 3533M->1361M(4096M) 119.208ms
[882.072s][info][gc             ] GC(182) Concurrent Mark Cycle
[882.072s][info][gc,marking     ] GC(182) Concurrent Scan Root Regions
[882.072s][info][gc,cpu         ] GC(181) User=0.71s Sys=0.00s Real=0.12s
.[882.180s][info][gc,marking     ] GC(182) Concurrent Scan Root Regions 107.829ms
[882.180s][info][gc,marking     ] GC(182) Concurrent Mark
[882.180s][info][gc,marking     ] GC(182) Concurrent Mark From Roots
[882.180s][info][gc,task        ] GC(182) Using 2 workers of 2 for marking
[882.669s][info][gc,marking     ] GC(182) Concurrent Mark From Roots 489.148ms
[882.669s][info][gc,marking     ] GC(182) Concurrent Preclean
[882.669s][info][gc,marking     ] GC(182) Concurrent Preclean 0.045ms
[882.669s][info][gc,start       ] GC(182) Pause Remark
[882.671s][info][gc             ] GC(182) Pause Remark 1409M->1409M(4096M) 1.995ms
[882.671s][info][gc,cpu         ] GC(182) User=0.01s Sys=0.00s Real=0.00s
[882.671s][info][gc,marking     ] GC(182) Concurrent Mark 491.421ms
[882.671s][info][gc,marking     ] GC(182) Concurrent Rebuild Remembered Sets and Scrub Regions
[882.866s][info][gc,marking     ] GC(182) Concurrent Rebuild Remembered Sets and Scrub Regions 194.551ms
[882.866s][info][gc,start       ] GC(182) Pause Cleanup
[882.866s][info][gc             ] GC(182) Pause Cleanup 1423M->1423M(4096M) 0.110ms
[882.866s][info][gc,cpu         ] GC(182) User=0.00s Sys=0.00s Real=0.00s
[882.866s][info][gc,marking     ] GC(182) Concurrent Clear Claimed Marks
[882.866s][info][gc,marking     ] GC(182) Concurrent Clear Claimed Marks 0.028ms
[882.866s][info][gc,marking     ] GC(182) Concurrent Cleanup for Next Mark
[882.869s][info][gc,marking     ] GC(182) Concurrent Cleanup for Next Mark 3.211ms
[882.869s][info][gc             ] GC(182) Concurrent Mark Cycle 797.441ms
.................. (rIR:aIR:PR = 553:554:554) (tPR = 8302) [OK] 
   899s: Performance info:
         Transaction,    Success,    Partial,     Failed,   Receipts, AvgBarcode, 
             Overall,      33259,          0,          0,      31595,      59.46, 
         Response times:
             Request,    Success,    Partial,     Failed,   SkipFail,     Probes,    Samples,      min,      p50,      p90,      p95,      p99,      max, 
       TotalPurchase,      31595,          0,          0,          0,      30077,      32960,      300,      700,     1100,     1200,     1500,   132000,
     InStorePurchase,      16652,          0,          0,          0,      15967,      17329,      300,      700,     1000,     1100,     1500,   132000,
      OnlinePurchase,      11617,          0,          0,          0,      11053,      12174,      300,      700,     1100,     1200,     1500,   132000,
        InstPurchase,       3326,          0,          0,          0,       3057,       3457,      400,      800,     1100,     1200,     1600,   132000,
          AssocOfCat,         32,          0,          0,          0,         32,         34,    18000,    23000,    26500,    28250,    29000,    29000,
      AssocOfProduct,        335,          0,          0,          0,        263,        359,      500,      900,     1100,     1200,     1440,     5900,
      BusinessReport,         84,          0,          0,          0,         76,         87,    19800,    25000,    30000,    31000,   160000,   160000,
          CustBuyBeh,        331,          0,          0,          0,        253,        340,      100,      600,     1000,     1200,     1500,    10000,
       ProductReturn,        882,          0,          0,          0,        774,        943,      200,      500,      800,      900,     1100,     2500,

   899s: ( 5%)   IR =    692 ....|........[912.767s][info][gc,start       ] GC(183) Pause Young (Prepare Mixed) (G1 Evacuation Pause)
[912.767s][info][gc,task        ] GC(183) Using 6 workers of 6 for evacuation
[912.883s][info][gc,phases      ] GC(183)   Pre Evacuate Collection Set: 0.40ms
[912.883s][info][gc,phases      ] GC(183)   Merge Heap Roots: 0.52ms
[912.883s][info][gc,phases      ] GC(183)   Evacuate Collection Set: 113.85ms
[912.883s][info][gc,phases      ] GC(183)   Post Evacuate Collection Set: 0.97ms
[912.883s][info][gc,phases      ] GC(183)   Other: 0.09ms
[912.883s][info][gc,heap        ] GC(183) Eden regions: 1119->0(1120)
[912.883s][info][gc,heap        ] GC(183) Survivor regions: 109->108(154)
[912.883s][info][gc,heap        ] GC(183) Old regions: 495->527
[912.883s][info][gc,heap        ] GC(183) Humongous regions: 77->77
[912.883s][info][gc,metaspace   ] GC(183) Metaspace: 28905K(29184K)->28905K(29184K) NonClass: 24022K(24128K)->24022K(24128K) Class: 4883K(5056K)->4883K(5056K)
[912.883s][info][gc             ] GC(183) Pause Young (Prepare Mixed) (G1 Evacuation Pause) 3599M->1423M(4096M) 115.965ms
[912.883s][info][gc,cpu         ] GC(183) User=0.68s Sys=0.00s Real=0.12s
............................[940.205s][info][gc,start       ] GC(184) Pause Young (Mixed) (G1 Evacuation Pause)
[940.205s][info][gc,task        ] GC(184) Using 6 workers of 6 for evacuation
[940.337s][info][gc,phases      ] GC(184)   Pre Evacuate Collection Set: 0.41ms
[940.337s][info][gc,phases      ] GC(184)   Merge Heap Roots: 0.72ms
[940.337s][info][gc,phases      ] GC(184)   Evacuate Collection Set: 130.42ms
[940.337s][info][gc,phases      ] GC(184)   Post Evacuate Collection Set: 0.96ms
[940.337s][info][gc,phases      ] GC(184)   Other: 0.10ms
[940.337s][info][gc,heap        ] GC(184) Eden regions: 1120->0(1120)
[940.337s][info][gc,heap        ] GC(184) Survivor regions: 108->108(154)
[940.337s][info][gc,heap        ] GC(184) Old regions: 527->463
[940.337s][info][gc,heap        ] GC(184) Humongous regions: 77->77
[940.337s][info][gc,metaspace   ] GC(184) Metaspace: 28907K(29184K)->28907K(29184K) NonClass: 24023K(24128K)->24023K(24128K) Class: 4883K(5056K)->4883K(5056K)
[940.337s][info][gc             ] GC(184) Pause Young (Mixed) (G1 Evacuation Pause) 3663M->1293M(4096M) 132.721ms
[940.337s][info][gc,cpu         ] GC(184) User=0.79s Sys=0.00s Real=0.13s
........................ (rIR:aIR:PR = 692:692:692) (tPR = 10080) [OK] 
   963s: Performance info:
         Transaction,    Success,    Partial,     Failed,   Receipts, AvgBarcode, 
             Overall,      41569,          0,          0,      39498,      59.46, 
         Response times:
             Request,    Success,    Partial,     Failed,   SkipFail,     Probes,    Samples,      min,      p50,      p90,      p95,      p99,      max, 
       TotalPurchase,      39498,          0,          0,          0,      37918,      41462,      300,      800,     1200,     1300,     1600,   136000,
     InStorePurchase,      20773,          0,          0,          0,      20036,      21800,      300,      800,     1100,     1300,     1500,   136000,
      OnlinePurchase,      14574,          0,          0,          0,      13971,      15242,      300,      900,     1200,     1400,     1700,   136000,
        InstPurchase,       4151,          0,          0,          0,       3911,       4420,      400,     1000,     1300,     1400,     1700,   136000,
          AssocOfCat,         41,          0,          0,          0,         40,         44,    17200,    23000,    24500,    25750,    30000,    30000,
      AssocOfProduct,        416,          0,          0,          0,        331,        430,      500,     1100,     1400,     1500,     1700,     1900,
      BusinessReport,        103,          0,          0,          0,         96,        109,    19200,    26000,    31000,    31000,    35000,    35000,
          CustBuyBeh,        414,          0,          0,          0,        341,        454,      300,      900,     1200,     1300,     1500,     1700,
       ProductReturn,       1097,          0,          0,          0,        975,       1166,      200,      700,     1100,     1200,     1500,   135000,

   963s: ( 6%)   IR =    830 ..[966.789s][info][gc,start       ] GC(185) Pause Young (Concurrent Start) (G1 Evacuation Pause)
[966.789s][info][gc,task        ] GC(185) Using 6 workers of 6 for evacuation
[966.912s][info][gc,phases      ] GC(185)   Pre Evacuate Collection Set: 0.41ms
[966.912s][info][gc,phases      ] GC(185)   Merge Heap Roots: 0.55ms
[966.912s][info][gc,phases      ] GC(185)   Evacuate Collection Set: 121.49ms
[966.912s][info][gc,phases      ] GC(185)   Post Evacuate Collection Set: 0.90ms
[966.912s][info][gc,phases      ] GC(185)   Other: 0.11ms
[966.912s][info][gc,heap        ] GC(185) Eden regions: 1120->0(1115)
[966.912s][info][gc,heap        ] GC(185) Survivor regions: 108->113(154)
[966.912s][info][gc,heap        ] GC(185) Old regions: 463->495
[966.912s][info][gc,heap        ] GC(185) Humongous regions: 77->77
[966.912s][info][gc,metaspace   ] GC(185) Metaspace: 28913K(29184K)->28913K(29184K) NonClass: 24029K(24128K)->24029K(24128K) Class: 4883K(5056K)->4883K(5056K)
[966.912s][info][gc             ] GC(185) Pause Young (Concurrent Start) (G1 Evacuation Pause) 3533M->1368M(4096M) 123.593ms
[966.912s][info][gc             ] GC(186) Concurrent Mark Cycle
[966.912s][info][gc,marking     ] GC(186) Concurrent Scan Root Regions
[966.912s][info][gc,cpu         ] GC(185) User=0.73s Sys=0.00s Real=0.13s
[967.027s][info][gc,marking     ] GC(186) Concurrent Scan Root Regions 115.028ms
[967.027s][info][gc,marking     ] GC(186) Concurrent Mark
[967.027s][info][gc,marking     ] GC(186) Concurrent Mark From Roots
[967.027s][info][gc,task        ] GC(186) Using 2 workers of 2 for marking
.[967.520s][info][gc,marking     ] GC(186) Concurrent Mark From Roots 492.441ms
[967.520s][info][gc,marking     ] GC(186) Concurrent Preclean
[967.520s][info][gc,marking     ] GC(186) Concurrent Preclean 0.053ms
[967.520s][info][gc,start       ] GC(186) Pause Remark
[967.522s][info][gc             ] GC(186) Pause Remark 1432M->1432M(4096M) 2.228ms
[967.522s][info][gc,cpu         ] GC(186) User=0.01s Sys=0.00s Real=0.01s
[967.522s][info][gc,marking     ] GC(186) Concurrent Mark 494.953ms
[967.522s][info][gc,marking     ] GC(186) Concurrent Rebuild Remembered Sets and Scrub Regions
[967.714s][info][gc,marking     ] GC(186) Concurrent Rebuild Remembered Sets and Scrub Regions 191.412ms
[967.714s][info][gc,start       ] GC(186) Pause Cleanup
[967.714s][info][gc             ] GC(186) Pause Cleanup 1446M->1446M(4096M) 0.114ms
[967.714s][info][gc,cpu         ] GC(186) User=0.00s Sys=0.00s Real=0.00s
[967.714s][info][gc,marking     ] GC(186) Concurrent Clear Claimed Marks
[967.714s][info][gc,marking     ] GC(186) Concurrent Clear Claimed Marks 0.028ms
[967.714s][info][gc,marking     ] GC(186) Concurrent Cleanup for Next Mark
[967.718s][info][gc,marking     ] GC(186) Concurrent Cleanup for Next Mark 3.812ms
[967.718s][info][gc             ] GC(186) Concurrent Mark Cycle 805.729ms
..|....................[989.718s][info][gc,start       ] GC(187) Pause Young (Prepare Mixed) (G1 Evacuation Pause)
[989.718s][info][gc,task        ] GC(187) Using 6 workers of 6 for evacuation
[989.833s][info][gc,phases      ] GC(187)   Pre Evacuate Collection Set: 0.35ms
[989.833s][info][gc,phases      ] GC(187)   Merge Heap Roots: 0.53ms
[989.833s][info][gc,phases      ] GC(187)   Evacuate Collection Set: 112.94ms
[989.833s][info][gc,phases      ] GC(187)   Post Evacuate Collection Set: 0.93ms
[989.833s][info][gc,phases      ] GC(187)   Other: 0.10ms
[989.833s][info][gc,heap        ] GC(187) Eden regions: 1115->0(1120)
[989.833s][info][gc,heap        ] GC(187) Survivor regions: 113->108(154)
[989.833s][info][gc,heap        ] GC(187) Old regions: 495->527
[989.833s][info][gc,heap        ] GC(187) Humongous regions: 77->77
[989.833s][info][gc,metaspace   ] GC(187) Metaspace: 28917K(29184K)->28917K(29184K) NonClass: 24034K(24128K)->24034K(24128K) Class: 4883K(5056K)->4883K(5056K)
[989.833s][info][gc             ] GC(187) Pause Young (Prepare Mixed) (G1 Evacuation Pause) 3598M->1422M(4096M) 114.973ms
[989.833s][info][gc,cpu         ] GC(187) User=0.69s Sys=0.00s Real=0.12s
.......................[1012.639s][info][gc,start       ] GC(188) Pause Young (Mixed) (G1 Evacuation Pause)
[1012.639s][info][gc,task        ] GC(188) Using 6 workers of 6 for evacuation
[1012.771s][info][gc,phases      ] GC(188)   Pre Evacuate Collection Set: 0.40ms
[1012.771s][info][gc,phases      ] GC(188)   Merge Heap Roots: 0.65ms
[1012.771s][info][gc,phases      ] GC(188)   Evacuate Collection Set: 129.78ms
[1012.771s][info][gc,phases      ] GC(188)   Post Evacuate Collection Set: 0.96ms
[1012.771s][info][gc,phases      ] GC(188)   Other: 0.09ms
[1012.771s][info][gc,heap        ] GC(188) Eden regions: 1120->0(1120)
[1012.771s][info][gc,heap        ] GC(188) Survivor regions: 108->108(154)
[1012.771s][info][gc,heap        ] GC(188) Old regions: 527->463
[1012.771s][info][gc,heap        ] GC(188) Humongous regions: 77->77
[1012.771s][info][gc,metaspace   ] GC(188) Metaspace: 28917K(29184K)->28917K(29184K) NonClass: 24034K(24128K)->24034K(24128K) Class: 4883K(5056K)->4883K(5056K)
[1012.771s][info][gc             ] GC(188) Pause Young (Mixed) (G1 Evacuation Pause) 3662M->1295M(4096M) 132.036ms
[1012.771s][info][gc,cpu         ] GC(188) User=0.78s Sys=0.00s Real=0.13s
................. (rIR:aIR:PR = 830:831:831) (tPR = 12520) [OK] 
  1028s: Performance info:
         Transaction,    Success,    Partial,     Failed,   Receipts, AvgBarcode, 
             Overall,      49860,          0,          0,      47374,      59.47, 
         Response times:
             Request,    Success,    Partial,     Failed,   SkipFail,     Probes,    Samples,      min,      p50,      p90,      p95,      p99,      max, 
       TotalPurchase,      47374,          0,          0,          0,      45403,      50284,      300,      900,     1400,     1500,     2000,   136000,
     InStorePurchase,      24919,          0,          0,          0,      24098,      26604,      300,      900,     1400,     1500,     2000,   136000,
      OnlinePurchase,      17463,          0,          0,          0,      16671,      18390,      300,     1000,     1400,     1500,     2000,   135000,
        InstPurchase,       4992,          0,          0,          0,       4634,       5290,      400,     1000,     1400,     1500,     1909,    13800,
          AssocOfCat,         49,          0,          0,          0,         41,         52,    18200,    23000,    26000,    26000,    35000,    35000,
      AssocOfProduct,        494,          0,          0,          0,        400,        505,      400,     1100,     1400,     1600,     1800,     9600,
      BusinessReport,        124,          0,          0,          0,         94,        140,    19400,    27000,    32000,    34900,   168670,   174000,
          CustBuyBeh,        495,          0,          0,          0,        403,        517,      200,      800,     1300,     1410,     1982,     3000,
       ProductReturn,       1324,          0,          0,          0,       1201,       1445,      200,      500,     1000,     1200,     1600,   133000,

  1028s: ( 7%)   IR =    969 ....|.[1034.834s][info][gc,start       ] GC(189) Pause Young (Concurrent Start) (G1 Evacuation Pause)
[1034.834s][info][gc,task        ] GC(189) Using 6 workers of 6 for evacuation
[1034.951s][info][gc,phases      ] GC(189)   Pre Evacuate Collection Set: 0.44ms
[1034.951s][info][gc,phases      ] GC(189)   Merge Heap Roots: 0.51ms
[1034.951s][info][gc,phases      ] GC(189)   Evacuate Collection Set: 114.39ms
[1034.951s][info][gc,phases      ] GC(189)   Post Evacuate Collection Set: 0.91ms
[1034.951s][info][gc,phases      ] GC(189)   Other: 0.14ms
[1034.951s][info][gc,heap        ] GC(189) Eden regions: 1120->0(1119)
[1034.951s][info][gc,heap        ] GC(189) Survivor regions: 108->109(154)
[1034.951s][info][gc,heap        ] GC(189) Old regions: 463->495
[1034.951s][info][gc,heap        ] GC(189) Humongous regions: 77->77
[1034.951s][info][gc,metaspace   ] GC(189) Metaspace: 28918K(29184K)->28918K(29184K) NonClass: 24035K(24128K)->24035K(24128K) Class: 4883K(5056K)->4883K(5056K)
[1034.951s][info][gc             ] GC(189) Pause Young (Concurrent Start) (G1 Evacuation Pause) 3535M->1360M(4096M) 116.536ms
[1034.951s][info][gc             ] GC(190) Concurrent Mark Cycle
[1034.951s][info][gc,marking     ] GC(190) Concurrent Scan Root Regions
[1034.951s][info][gc,cpu         ] GC(189) User=0.69s Sys=0.00s Real=0.11s
[1035.065s][info][gc,marking     ] GC(190) Concurrent Scan Root Regions 114.321ms
[1035.065s][info][gc,marking     ] GC(190) Concurrent Mark
[1035.065s][info][gc,marking     ] GC(190) Concurrent Mark From Roots
[1035.065s][info][gc,task        ] GC(190) Using 2 workers of 2 for marking
.[1035.571s][info][gc,marking     ] GC(190) Concurrent Mark From Roots 505.379ms
[1035.571s][info][gc,marking     ] GC(190) Concurrent Preclean
[1035.571s][info][gc,marking     ] GC(190) Concurrent Preclean 0.052ms
[1035.571s][info][gc,start       ] GC(190) Pause Remark
[1035.573s][info][gc             ] GC(190) Pause Remark 1450M->1450M(4096M) 2.239ms
[1035.573s][info][gc,cpu         ] GC(190) User=0.01s Sys=0.00s Real=0.01s
[1035.573s][info][gc,marking     ] GC(190) Concurrent Mark 507.926ms
[1035.573s][info][gc,marking     ] GC(190) Concurrent Rebuild Remembered Sets and Scrub Regions
[1035.772s][info][gc,marking     ] GC(190) Concurrent Rebuild Remembered Sets and Scrub Regions 198.523ms
[1035.772s][info][gc,start       ] GC(190) Pause Cleanup
[1035.772s][info][gc             ] GC(190) Pause Cleanup 1477M->1477M(4096M) 0.116ms
[1035.772s][info][gc,cpu         ] GC(190) User=0.00s Sys=0.00s Real=0.00s
[1035.772s][info][gc,marking     ] GC(190) Concurrent Clear Claimed Marks
[1035.772s][info][gc,marking     ] GC(190) Concurrent Clear Claimed Marks 0.031ms
[1035.772s][info][gc,marking     ] GC(190) Concurrent Cleanup for Next Mark
[1035.777s][info][gc,marking     ] GC(190) Concurrent Cleanup for Next Mark 4.436ms
[1035.777s][info][gc             ] GC(190) Concurrent Mark Cycle 825.690ms
...................[1054.485s][info][gc,start       ] GC(191) Pause Young (Prepare Mixed) (G1 Evacuation Pause)
[1054.485s][info][gc,task        ] GC(191) Using 6 workers of 6 for evacuation
[1054.601s][info][gc,phases      ] GC(191)   Pre Evacuate Collection Set: 0.35ms
[1054.601s][info][gc,phases      ] GC(191)   Merge Heap Roots: 0.55ms
[1054.601s][info][gc,phases      ] GC(191)   Evacuate Collection Set: 114.49ms
[1054.601s][info][gc,phases      ] GC(191)   Post Evacuate Collection Set: 0.90ms
[1054.601s][info][gc,phases      ] GC(191)   Other: 0.09ms
[1054.601s][info][gc,heap        ] GC(191) Eden regions: 1119->0(1119)
[1054.601s][info][gc,heap        ] GC(191) Survivor regions: 109->109(154)
[1054.601s][info][gc,heap        ] GC(191) Old regions: 495->527
[1054.601s][info][gc,heap        ] GC(191) Humongous regions: 77->77
[1054.601s][info][gc,metaspace   ] GC(191) Metaspace: 28929K(29184K)->28929K(29184K) NonClass: 24045K(24128K)->24045K(24128K) Class: 4883K(5056K)->4883K(5056K)
[1054.601s][info][gc             ] GC(191) Pause Young (Prepare Mixed) (G1 Evacuation Pause) 3598M->1423M(4096M) 116.520ms
[1054.601s][info][gc,cpu         ] GC(191) User=0.70s Sys=0.00s Real=0.11s
...................[1074.020s][info][gc,start       ] GC(192) Pause Young (Mixed) (G1 Evacuation Pause)
[1074.020s][info][gc,task        ] GC(192) Using 6 workers of 6 for evacuation
[1074.153s][info][gc,phases      ] GC(192)   Pre Evacuate Collection Set: 0.35ms
[1074.153s][info][gc,phases      ] GC(192)   Merge Heap Roots: 0.65ms
[1074.153s][info][gc,phases      ] GC(192)   Evacuate Collection Set: 130.87ms
[1074.153s][info][gc,phases      ] GC(192)   Post Evacuate Collection Set: 1.01ms
[1074.153s][info][gc,phases      ] GC(192)   Other: 0.09ms
[1074.153s][info][gc,heap        ] GC(192) Eden regions: 1119->0(1119)
[1074.153s][info][gc,heap        ] GC(192) Survivor regions: 109->109(154)
[1074.153s][info][gc,heap        ] GC(192) Old regions: 527->464
[1074.153s][info][gc,heap        ] GC(192) Humongous regions: 77->77
[1074.153s][info][gc,metaspace   ] GC(192) Metaspace: 28929K(29184K)->28929K(29184K) NonClass: 24045K(24128K)->24045K(24128K) Class: 4883K(5056K)->4883K(5056K)
[1074.153s][info][gc             ] GC(192) Pause Young (Mixed) (G1 Evacuation Pause) 3661M->1298M(4096M) 133.122ms
[1074.153s][info][gc,cpu         ] GC(192) User=0.79s Sys=0.00s Real=0.14s
.................... (rIR:aIR:PR = 969:970:970) (tPR = 14405) [OK] 
  1092s: Performance info:
         Transaction,    Success,    Partial,     Failed,   Receipts, AvgBarcode, 
             Overall,      58218,          0,          0,      55305,      59.47, 
         Response times:
             Request,    Success,    Partial,     Failed,   SkipFail,     Probes,    Samples,      min,      p50,      p90,      p95,      p99,      max, 
       TotalPurchase,      55305,          0,          0,          0,      53665,      58535,      300,     1100,     1600,     1700,     2400,   122000,
     InStorePurchase,      29098,          0,          0,          0,      28380,      30793,      300,     1100,     1500,     1700,     2406,   122000,
      OnlinePurchase,      20393,          0,          0,          0,      19729,      21495,      300,     1100,     1600,     1700,     2400,   122000,
        InstPurchase,       5814,          0,          0,          0,       5556,       6247,      400,     1100,     1500,     1700,     2300,    17500,
          AssocOfCat,         60,          0,          0,          0,         58,         61,    18300,    24000,    29800,    32700,    47000,    47000,
      AssocOfProduct,        582,          0,          0,          0,        514,        670,      600,     1500,     1800,     2000,     2929,    13700,
      BusinessReport,        145,          0,          0,          0,        105,        160,    19000,    26000,    31000,    35000,   137420,   185000,
          CustBuyBeh,        578,          0,          0,          0,        485,        636,      200,     1200,     1600,     1800,     2263,     9100,
       ProductReturn,       1548,          0,          0,          0,       1375,       1607,      200,     1200,     1600,     1800,     2500,    16200,

  1092s: ( 8%)   IR =   1107 [1093.567s][info][gc,start       ] GC(193) Pause Young (Concurrent Start) (G1 Evacuation Pause)
[1093.567s][info][gc,task        ] GC(193) Using 6 workers of 6 for evacuation
[1093.686s][info][gc,phases      ] GC(193)   Pre Evacuate Collection Set: 0.40ms
[1093.686s][info][gc,phases      ] GC(193)   Merge Heap Roots: 0.46ms
[1093.686s][info][gc,phases      ] GC(193)   Evacuate Collection Set: 116.75ms
[1093.686s][info][gc,phases      ] GC(193)   Post Evacuate Collection Set: 0.89ms
[1093.686s][info][gc,phases      ] GC(193)   Other: 0.11ms
[1093.686s][info][gc,heap        ] GC(193) Eden regions: 1119->0(1117)
[1093.686s][info][gc,heap        ] GC(193) Survivor regions: 109->111(154)
[1093.686s][info][gc,heap        ] GC(193) Old regions: 464->496
[1093.686s][info][gc,heap        ] GC(193) Humongous regions: 77->77
[1093.686s][info][gc,metaspace   ] GC(193) Metaspace: 28930K(29184K)->28930K(29184K) NonClass: 24046K(24128K)->24046K(24128K) Class: 4883K(5056K)->4883K(5056K)
[1093.686s][info][gc             ] GC(193) Pause Young (Concurrent Start) (G1 Evacuation Pause) 3536M->1366M(4096M) 118.751ms
[1093.686s][info][gc             ] GC(194) Concurrent Mark Cycle
[1093.686s][info][gc,marking     ] GC(194) Concurrent Scan Root Regions
[1093.686s][info][gc,cpu         ] GC(193) User=0.70s Sys=0.00s Real=0.12s
[1093.800s][info][gc,marking     ] GC(194) Concurrent Scan Root Regions 114.596ms
[1093.800s][info][gc,marking     ] GC(194) Concurrent Mark
[1093.800s][info][gc,marking     ] GC(194) Concurrent Mark From Roots
[1093.800s][info][gc,task        ] GC(194) Using 2 workers of 2 for marking
.[1094.324s][info][gc,marking     ] GC(194) Concurrent Mark From Roots 523.549ms
[1094.324s][info][gc,marking     ] GC(194) Concurrent Preclean
[1094.324s][info][gc,marking     ] GC(194) Concurrent Preclean 0.048ms
[1094.324s][info][gc,start       ] GC(194) Pause Remark
[1094.327s][info][gc             ] GC(194) Pause Remark 1471M->1471M(4096M) 2.364ms
[1094.327s][info][gc,cpu         ] GC(194) User=0.01s Sys=0.00s Real=0.00s
[1094.327s][info][gc,marking     ] GC(194) Concurrent Mark 526.224ms
[1094.327s][info][gc,marking     ] GC(194) Concurrent Rebuild Remembered Sets and Scrub Regions
[1094.653s][info][gc,marking     ] GC(194) Concurrent Rebuild Remembered Sets and Scrub Regions 326.760ms
[1094.654s][info][gc,start       ] GC(194) Pause Cleanup
[1094.654s][info][gc             ] GC(194) Pause Cleanup 1508M->1508M(4096M) 0.116ms
[1094.654s][info][gc,cpu         ] GC(194) User=0.00s Sys=0.00s Real=0.00s
[1094.654s][info][gc,marking     ] GC(194) Concurrent Clear Claimed Marks
[1094.654s][info][gc,marking     ] GC(194) Concurrent Clear Claimed Marks 0.025ms
[1094.654s][info][gc,marking     ] GC(194) Concurrent Cleanup for Next Mark
[1094.657s][info][gc,marking     ] GC(194) Concurrent Cleanup for Next Mark 3.436ms
[1094.657s][info][gc             ] GC(194) Concurrent Mark Cycle 971.443ms
....|............[1110.750s][info][gc,start       ] GC(195) Pause Young (Prepare Mixed) (G1 Evacuation Pause)
[1110.751s][info][gc,task        ] GC(195) Using 6 workers of 6 for evacuation
[1110.866s][info][gc,phases      ] GC(195)   Pre Evacuate Collection Set: 0.35ms
[1110.866s][info][gc,phases      ] GC(195)   Merge Heap Roots: 0.58ms
[1110.866s][info][gc,phases      ] GC(195)   Evacuate Collection Set: 113.39ms
[1110.866s][info][gc,phases      ] GC(195)   Post Evacuate Collection Set: 0.97ms
[1110.866s][info][gc,phases      ] GC(195)   Other: 0.57ms
[1110.866s][info][gc,heap        ] GC(195) Eden regions: 1117->0(1120)
[1110.866s][info][gc,heap        ] GC(195) Survivor regions: 111->108(154)
[1110.866s][info][gc,heap        ] GC(195) Old regions: 496->528
[1110.866s][info][gc,heap        ] GC(195) Humongous regions: 77->77
[1110.866s][info][gc,metaspace   ] GC(195) Metaspace: 28930K(29184K)->28930K(29184K) NonClass: 24046K(24128K)->24046K(24128K) Class: 4883K(5056K)->4883K(5056K)
[1110.866s][info][gc             ] GC(195) Pause Young (Prepare Mixed) (G1 Evacuation Pause) 3600M->1424M(4096M) 115.971ms
[1110.867s][info][gc,cpu         ] GC(195) User=0.69s Sys=0.00s Real=0.12s
.................[1128.071s][info][gc,start       ] GC(196) Pause Young (Mixed) (G1 Evacuation Pause)
[1128.071s][info][gc,task        ] GC(196) Using 6 workers of 6 for evacuation
[1128.206s][info][gc,phases      ] GC(196)   Pre Evacuate Collection Set: 0.36ms
[1128.206s][info][gc,phases      ] GC(196)   Merge Heap Roots: 0.72ms
[1128.206s][info][gc,phases      ] GC(196)   Evacuate Collection Set: 133.20ms
[1128.206s][info][gc,phases      ] GC(196)   Post Evacuate Collection Set: 0.97ms
[1128.206s][info][gc,phases      ] GC(196)   Other: 0.10ms
[1128.206s][info][gc,heap        ] GC(196) Eden regions: 1120->0(1118)
[1128.206s][info][gc,heap        ] GC(196) Survivor regions: 108->110(154)
[1128.206s][info][gc,heap        ] GC(196) Old regions: 528->465
[1128.206s][info][gc,heap        ] GC(196) Humongous regions: 77->77
[1128.206s][info][gc,metaspace   ] GC(196) Metaspace: 28930K(29184K)->28930K(29184K) NonClass: 24046K(24128K)->24046K(24128K) Class: 4883K(5056K)->4883K(5056K)
[1128.206s][info][gc             ] GC(196) Pause Young (Mixed) (G1 Evacuation Pause) 3664M->1302M(4096M) 135.510ms
[1128.206s][info][gc,cpu         ] GC(196) User=0.81s Sys=0.00s Real=0.14s
.................[1145.131s][info][gc,start       ] GC(197) Pause Young (Concurrent Start) (G1 Evacuation Pause)
[1145.131s][info][gc,task        ] GC(197) Using 6 workers of 6 for evacuation
[1145.247s][info][gc,phases      ] GC(197)   Pre Evacuate Collection Set: 0.38ms
[1145.248s][info][gc,phases      ] GC(197)   Merge Heap Roots: 0.49ms
[1145.248s][info][gc,phases      ] GC(197)   Evacuate Collection Set: 114.13ms
[1145.248s][info][gc,phases      ] GC(197)   Post Evacuate Collection Set: 0.88ms
[1145.248s][info][gc,phases      ] GC(197)   Other: 0.11ms
[1145.248s][info][gc,heap        ] GC(197) Eden regions: 1118->0(1120)
[1145.248s][info][gc,heap        ] GC(197) Survivor regions: 110->108(154)
[1145.248s][info][gc,heap        ] GC(197) Old regions: 465->497
[1145.248s][info][gc,heap        ] GC(197) Humongous regions: 77->77
[1145.248s][info][gc,metaspace   ] GC(197) Metaspace: 28930K(29184K)->28930K(29184K) NonClass: 24046K(24128K)->24046K(24128K) Class: 4883K(5056K)->4883K(5056K)
[1145.248s][info][gc             ] GC(197) Pause Young (Concurrent Start) (G1 Evacuation Pause) 3538M->1362M(4096M) 116.122ms
[1145.248s][info][gc             ] GC(198) Concurrent Mark Cycle
[1145.248s][info][gc,marking     ] GC(198) Concurrent Scan Root Regions
[1145.248s][info][gc,cpu         ] GC(197) User=0.69s Sys=0.00s Real=0.12s
.[1145.356s][info][gc,marking     ] GC(198) Concurrent Scan Root Regions 108.508ms
[1145.356s][info][gc,marking     ] GC(198) Concurrent Mark
[1145.356s][info][gc,marking     ] GC(198) Concurrent Mark From Roots
[1145.356s][info][gc,task        ] GC(198) Using 2 workers of 2 for marking
[1145.901s][info][gc,marking     ] GC(198) Concurrent Mark From Roots 544.428ms
[1145.901s][info][gc,marking     ] GC(198) Concurrent Preclean
[1145.901s][info][gc,marking     ] GC(198) Concurrent Preclean 0.043ms
[1145.901s][info][gc,start       ] GC(198) Pause Remark
[1145.903s][info][gc             ] GC(198) Pause Remark 1469M->1469M(4096M) 2.242ms
[1145.903s][info][gc,cpu         ] GC(198) User=0.01s Sys=0.00s Real=0.01s
[1145.903s][info][gc,marking     ] GC(198) Concurrent Mark 546.957ms
[1145.903s][info][gc,marking     ] GC(198) Concurrent Rebuild Remembered Sets and Scrub Regions
[1146.109s][info][gc,marking     ] GC(198) Concurrent Rebuild Remembered Sets and Scrub Regions 205.906ms
[1146.109s][info][gc,start       ] GC(198) Pause Cleanup
[1146.109s][info][gc             ] GC(198) Pause Cleanup 1495M->1495M(4096M) 0.111ms
[1146.109s][info][gc,cpu         ] GC(198) User=0.00s Sys=0.00s Real=0.00s
[1146.109s][info][gc,marking     ] GC(198) Concurrent Clear Claimed Marks
[1146.109s][info][gc,marking     ] GC(198) Concurrent Clear Claimed Marks 0.027ms
[1146.109s][info][gc,marking     ] GC(198) Concurrent Cleanup for Next Mark
[1146.113s][info][gc,marking     ] GC(198) Concurrent Cleanup for Next Mark 3.874ms
[1146.113s][info][gc             ] GC(198) Concurrent Mark Cycle 865.704ms
............. (rIR:aIR:PR = 1107:1108:1108) (tPR = 16377) [OK] 
  1158s: Performance info:
         Transaction,    Success,    Partial,     Failed,   Receipts, AvgBarcode, 
             Overall,      66513,          0,          0,      63199,      59.46, 
         Response times:
             Request,    Success,    Partial,     Failed,   SkipFail,     Probes,    Samples,      min,      p50,      p90,      p95,      p99,      max, 
       TotalPurchase,      63199,          0,          0,          0,      61222,      67335,      300,     1200,     1700,     1900,     2400,   129000,
     InStorePurchase,      33285,          0,          0,          0,      32382,      35458,      300,     1200,     1700,     1900,     2400,   129000,
      OnlinePurchase,      23239,          0,          0,          0,      22619,      24962,      300,     1200,     1700,     1900,     2337,   119000,
        InstPurchase,       6675,          0,          0,          0,       6221,       6915,      400,     1200,     1800,     1900,     2500,   118000,
          AssocOfCat,         67,          0,          0,          0,         66,         72,    18600,    23000,    26700,    33100,    47000,    47000,
      AssocOfProduct,        666,          0,          0,          0,        574,        731,      500,     1100,     1600,     1700,     2200,     5000,
      BusinessReport,        164,          0,          0,          0,        124,        177,    19400,    26000,    32000,    38000,    57320,    62000,
          CustBuyBeh,        662,          0,          0,          0,        560,        732,      200,      900,     1570,     1700,     2000,     6200,
       ProductReturn,       1755,          0,          0,          0,       1599,       1906,      200,      900,     1500,     1700,     2200,   118000,

  1158s: ( 9%)   IR =   1245 ...[1161.972s][info][gc,start       ] GC(199) Pause Young (Prepare Mixed) (G1 Evacuation Pause)
[1161.972s][info][gc,task        ] GC(199) Using 6 workers of 6 for evacuation
[1162.090s][info][gc,phases      ] GC(199)   Pre Evacuate Collection Set: 0.34ms
[1162.090s][info][gc,phases      ] GC(199)   Merge Heap Roots: 0.50ms
[1162.090s][info][gc,phases      ] GC(199)   Evacuate Collection Set: 115.66ms
[1162.090s][info][gc,phases      ] GC(199)   Post Evacuate Collection Set: 0.93ms
[1162.090s][info][gc,phases      ] GC(199)   Other: 0.08ms
[1162.090s][info][gc,heap        ] GC(199) Eden regions: 1120->0(1118)
[1162.090s][info][gc,heap        ] GC(199) Survivor regions: 108->110(154)
[1162.090s][info][gc,heap        ] GC(199) Old regions: 497->530
[1162.090s][info][gc,heap        ] GC(199) Humongous regions: 77->77
[1162.090s][info][gc,metaspace   ] GC(199) Metaspace: 28932K(29184K)->28932K(29184K) NonClass: 24049K(24128K)->24049K(24128K) Class: 4883K(5056K)->4883K(5056K)
[1162.090s][info][gc             ] GC(199) Pause Young (Prepare Mixed) (G1 Evacuation Pause) 3602M->1431M(4096M) 117.651ms
[1162.090s][info][gc,cpu         ] GC(199) User=0.70s Sys=0.00s Real=0.11s
.|..............[1177.267s][info][gc,start       ] GC(200) Pause Young (Mixed) (G1 Evacuation Pause)
[1177.267s][info][gc,task        ] GC(200) Using 6 workers of 6 for evacuation
[1177.399s][info][gc,phases      ] GC(200)   Pre Evacuate Collection Set: 0.38ms
[1177.399s][info][gc,phases      ] GC(200)   Merge Heap Roots: 0.66ms
[1177.399s][info][gc,phases      ] GC(200)   Evacuate Collection Set: 130.23ms
[1177.399s][info][gc,phases      ] GC(200)   Post Evacuate Collection Set: 0.81ms
[1177.399s][info][gc,phases      ] GC(200)   Other: 0.09ms
[1177.399s][info][gc,heap        ] GC(200) Eden regions: 1118->0(1120)
[1177.399s][info][gc,heap        ] GC(200) Survivor regions: 110->108(154)
[1177.399s][info][gc,heap        ] GC(200) Old regions: 530->465
[1177.399s][info][gc,heap        ] GC(200) Humongous regions: 77->77
[1177.399s][info][gc,metaspace   ] GC(200) Metaspace: 28932K(29184K)->28932K(29184K) NonClass: 24049K(24128K)->24049K(24128K) Class: 4883K(5056K)->4883K(5056K)
[1177.399s][info][gc             ] GC(200) Pause Young (Mixed) (G1 Evacuation Pause) 3667M->1299M(4096M) 132.294ms
[1177.400s][info][gc,cpu         ] GC(200) User=0.78s Sys=0.00s Real=0.13s
................[1192.600s][info][gc,start       ] GC(201) Pause Young (Concurrent Start) (G1 Evacuation Pause)
[1192.600s][info][gc,task        ] GC(201) Using 6 workers of 6 for evacuation
[1192.716s][info][gc,phases      ] GC(201)   Pre Evacuate Collection Set: 0.41ms
[1192.716s][info][gc,phases      ] GC(201)   Merge Heap Roots: 0.48ms
[1192.716s][info][gc,phases      ] GC(201)   Evacuate Collection Set: 114.64ms
[1192.716s][info][gc,phases      ] GC(201)   Post Evacuate Collection Set: 0.85ms
[1192.716s][info][gc,phases      ] GC(201)   Other: 0.12ms
[1192.716s][info][gc,heap        ] GC(201) Eden regions: 1120->0(1119)
[1192.716s][info][gc,heap        ] GC(201) Survivor regions: 108->109(154)
[1192.716s][info][gc,heap        ] GC(201) Old regions: 465->497
[1192.716s][info][gc,heap        ] GC(201) Humongous regions: 77->77
[1192.716s][info][gc,metaspace   ] GC(201) Metaspace: 28932K(29184K)->28932K(29184K) NonClass: 24049K(24128K)->24049K(24128K) Class: 4883K(5056K)->4883K(5056K)
[1192.716s][info][gc             ] GC(201) Pause Young (Concurrent Start) (G1 Evacuation Pause) 3539M->1364M(4096M) 116.652ms
[1192.716s][info][gc             ] GC(202) Concurrent Mark Cycle
[1192.716s][info][gc,marking     ] GC(202) Concurrent Scan Root Regions
[1192.716s][info][gc,cpu         ] GC(201) User=0.69s Sys=0.00s Real=0.12s
[1192.880s][info][gc,marking     ] GC(202) Concurrent Scan Root Regions 163.608ms
[1192.880s][info][gc,marking     ] GC(202) Concurrent Mark
[1192.880s][info][gc,marking     ] GC(202) Concurrent Mark From Roots
[1192.880s][info][gc,task        ] GC(202) Using 2 workers of 2 for marking
.[1193.747s][info][gc,marking     ] GC(202) Concurrent Mark From Roots 866.481ms
[1193.747s][info][gc,marking     ] GC(202) Concurrent Preclean
[1193.747s][info][gc,marking     ] GC(202) Concurrent Preclean 0.048ms
[1193.747s][info][gc,start       ] GC(202) Pause Remark
[1193.749s][info][gc             ] GC(202) Pause Remark 1560M->1560M(4096M) 2.652ms
[1193.749s][info][gc,cpu         ] GC(202) User=0.01s Sys=0.00s Real=0.00s
[1193.750s][info][gc,marking     ] GC(202) Concurrent Mark 869.423ms
[1193.750s][info][gc,marking     ] GC(202) Concurrent Rebuild Remembered Sets and Scrub Regions
[1194.123s][info][gc,marking     ] GC(202) Concurrent Rebuild Remembered Sets and Scrub Regions 373.769ms
[1194.123s][info][gc,start       ] GC(202) Pause Cleanup
[1194.124s][info][gc             ] GC(202) Pause Cleanup 1606M->1606M(4096M) 0.113ms
[1194.124s][info][gc,cpu         ] GC(202) User=0.00s Sys=0.00s Real=0.00s
[1194.124s][info][gc,marking     ] GC(202) Concurrent Clear Claimed Marks
[1194.124s][info][gc,marking     ] GC(202) Concurrent Clear Claimed Marks 0.033ms
[1194.124s][info][gc,marking     ] GC(202) Concurrent Cleanup for Next Mark
[1194.127s][info][gc,marking     ] GC(202) Concurrent Cleanup for Next Mark 3.328ms
[1194.127s][info][gc             ] GC(202) Concurrent Mark Cycle 1410.735ms
..............[1207.715s][info][gc,start       ] GC(203) Pause Young (Prepare Mixed) (G1 Evacuation Pause)
[1207.715s][info][gc,task        ] GC(203) Using 6 workers of 6 for evacuation
[1207.830s][info][gc,phases      ] GC(203)   Pre Evacuate Collection Set: 0.36ms
[1207.830s][info][gc,phases      ] GC(203)   Merge Heap Roots: 0.49ms
[1207.830s][info][gc,phases      ] GC(203)   Evacuate Collection Set: 113.39ms
[1207.830s][info][gc,phases      ] GC(203)   Post Evacuate Collection Set: 0.93ms
[1207.830s][info][gc,phases      ] GC(203)   Other: 0.10ms
[1207.830s][info][gc,heap        ] GC(203) Eden regions: 1119->0(1119)
[1207.830s][info][gc,heap        ] GC(203) Survivor regions: 109->109(154)
[1207.830s][info][gc,heap        ] GC(203) Old regions: 497->530
[1207.830s][info][gc,heap        ] GC(203) Humongous regions: 77->77
[1207.830s][info][gc,metaspace   ] GC(203) Metaspace: 28932K(29184K)->28932K(29184K) NonClass: 24049K(24128K)->24049K(24128K) Class: 4883K(5056K)->4883K(5056K)
[1207.830s][info][gc             ] GC(203) Pause Young (Prepare Mixed) (G1 Evacuation Pause) 3602M->1429M(4096M) 115.404ms
[1207.830s][info][gc,cpu         ] GC(203) User=0.68s Sys=0.00s Real=0.11s
............... (rIR:aIR:PR = 1245:1246:1246) (tPR = 18673) [OK] 
  1222s: Performance info:
         Transaction,    Success,    Partial,     Failed,   Receipts, AvgBarcode, 
             Overall,      74899,          0,          0,      71145,      59.49, 
         Response times:
             Request,    Success,    Partial,     Failed,   SkipFail,     Probes,    Samples,      min,      p50,      p90,      p95,      p99,      max, 
       TotalPurchase,      71145,          0,          0,          0,      68807,      74852,      300,     1200,     1800,     2000,     2900,   135000,
     InStorePurchase,      37477,          0,          0,          0,      36437,      39550,      300,     1200,     1800,     2000,     2800,   135000,
      OnlinePurchase,      26184,          0,          0,          0,      25326,      27512,      300,     1300,     1900,     2100,     2900,   135000,
        InstPurchase,       7484,          0,          0,          0,       7044,       7790,      400,     1250,     1800,     2000,     2900,   134000,
          AssocOfCat,         75,          0,          0,          0,         71,         79,    18600,    24000,    28000,    30000,   143000,   143000,
      AssocOfProduct,        747,          0,          0,          0,        656,        841,      600,     1600,     2100,     2200,     3158,   135000,
      BusinessReport,        188,          0,          0,          0,        127,        182,    19700,    26000,    34000,    38850,   114480,   151000,
          CustBuyBeh,        751,          0,          0,          0,        612,        734,      200,     1200,     1800,     2000,     2795,     5100,
       ProductReturn,       1993,          0,          0,          0,       1754,       2021,      200,     1300,     1900,     2090,     2678,    11800,

  1222s: (10%)   IR =   1384 [1223.009s][info][gc,start       ] GC(204) Pause Young (Mixed) (G1 Evacuation Pause)
[1223.009s][info][gc,task        ] GC(204) Using 6 workers of 6 for evacuation
[1223.139s][info][gc,phases      ] GC(204)   Pre Evacuate Collection Set: 0.43ms
[1223.139s][info][gc,phases      ] GC(204)   Merge Heap Roots: 0.68ms
[1223.139s][info][gc,phases      ] GC(204)   Evacuate Collection Set: 127.91ms
[1223.139s][info][gc,phases      ] GC(204)   Post Evacuate Collection Set: 0.96ms
[1223.139s][info][gc,phases      ] GC(204)   Other: 0.09ms
[1223.139s][info][gc,heap        ] GC(204) Eden regions: 1119->0(1121)
[1223.139s][info][gc,heap        ] GC(204) Survivor regions: 109->107(154)
[1223.139s][info][gc,heap        ] GC(204) Old regions: 530->467
[1223.139s][info][gc,heap        ] GC(204) Humongous regions: 77->77
[1223.139s][info][gc,metaspace   ] GC(204) Metaspace: 28932K(29184K)->28932K(29184K) NonClass: 24049K(24128K)->24049K(24128K) Class: 4883K(5056K)->4883K(5056K)
[1223.139s][info][gc             ] GC(204) Pause Young (Mixed) (G1 Evacuation Pause) 3667M->1300M(4096M) 130.204ms
[1223.139s][info][gc,cpu         ] GC(204) User=0.77s Sys=0.00s Real=0.13s
........|......[1236.673s][info][gc,start       ] GC(205) Pause Young (Concurrent Start) (G1 Evacuation Pause)
[1236.673s][info][gc,task        ] GC(205) Using 6 workers of 6 for evacuation
[1236.789s][info][gc,phases      ] GC(205)   Pre Evacuate Collection Set: 0.40ms
[1236.789s][info][gc,phases      ] GC(205)   Merge Heap Roots: 0.51ms
[1236.789s][info][gc,phases      ] GC(205)   Evacuate Collection Set: 114.47ms
[1236.789s][info][gc,phases      ] GC(205)   Post Evacuate Collection Set: 0.90ms
[1236.789s][info][gc,phases      ] GC(205)   Other: 0.10ms
[1236.790s][info][gc,heap        ] GC(205) Eden regions: 1121->0(1119)
[1236.790s][info][gc,heap        ] GC(205) Survivor regions: 107->109(154)
[1236.790s][info][gc,heap        ] GC(205) Old regions: 467->499
[1236.790s][info][gc,heap        ] GC(205) Humongous regions: 77->77
[1236.790s][info][gc,metaspace   ] GC(205) Metaspace: 28932K(29184K)->28932K(29184K) NonClass: 24049K(24128K)->24049K(24128K) Class: 4883K(5056K)->4883K(5056K)
[1236.790s][info][gc             ] GC(205) Pause Young (Concurrent Start) (G1 Evacuation Pause) 3542M->1367M(4096M) 116.516ms
[1236.790s][info][gc             ] GC(206) Concurrent Mark Cycle
[1236.790s][info][gc,marking     ] GC(206) Concurrent Scan Root Regions
[1236.790s][info][gc,cpu         ] GC(205) User=0.69s Sys=0.00s Real=0.11s
[1236.902s][info][gc,marking     ] GC(206) Concurrent Scan Root Regions 112.074ms
[1236.902s][info][gc,marking     ] GC(206) Concurrent Mark
[1236.902s][info][gc,marking     ] GC(206) Concurrent Mark From Roots
[1236.902s][info][gc,task        ] GC(206) Using 2 workers of 2 for marking
[1237.414s][info][gc,marking     ] GC(206) Concurrent Mark From Roots 512.470ms
[1237.414s][info][gc,marking     ] GC(206) Concurrent Preclean
[1237.414s][info][gc,marking     ] GC(206) Concurrent Preclean 0.073ms
[1237.415s][info][gc,start       ] GC(206) Pause Remark
[1237.417s][info][gc             ] GC(206) Pause Remark 1477M->1477M(4096M) 2.279ms
[1237.417s][info][gc,cpu         ] GC(206) User=0.01s Sys=0.00s Real=0.00s
[1237.417s][info][gc,marking     ] GC(206) Concurrent Mark 515.586ms
[1237.417s][info][gc,marking     ] GC(206) Concurrent Rebuild Remembered Sets and Scrub Regions
.[1237.642s][info][gc,marking     ] GC(206) Concurrent Rebuild Remembered Sets and Scrub Regions 224.920ms
[1237.642s][info][gc,start       ] GC(206) Pause Cleanup
[1237.642s][info][gc             ] GC(206) Pause Cleanup 1536M->1536M(4096M) 0.123ms
[1237.642s][info][gc,cpu         ] GC(206) User=0.00s Sys=0.00s Real=0.00s
[1237.643s][info][gc,marking     ] GC(206) Concurrent Clear Claimed Marks
[1237.643s][info][gc,marking     ] GC(206) Concurrent Clear Claimed Marks 0.029ms
[1237.643s][info][gc,marking     ] GC(206) Concurrent Cleanup for Next Mark
[1237.646s][info][gc,marking     ] GC(206) Concurrent Cleanup for Next Mark 3.645ms
[1237.646s][info][gc             ] GC(206) Concurrent Mark Cycle 856.686ms
............[1250.362s][info][gc,start       ] GC(207) Pause Young (Prepare Mixed) (G1 Evacuation Pause)
[1250.362s][info][gc,task        ] GC(207) Using 6 workers of 6 for evacuation
[1250.478s][info][gc,phases      ] GC(207)   Pre Evacuate Collection Set: 0.33ms
[1250.478s][info][gc,phases      ] GC(207)   Merge Heap Roots: 0.51ms
[1250.478s][info][gc,phases      ] GC(207)   Evacuate Collection Set: 113.99ms
[1250.478s][info][gc,phases      ] GC(207)   Post Evacuate Collection Set: 0.90ms
[1250.478s][info][gc,phases      ] GC(207)   Other: 0.08ms
[1250.478s][info][gc,heap        ] GC(207) Eden regions: 1119->0(1120)
[1250.478s][info][gc,heap        ] GC(207) Survivor regions: 109->108(154)
[1250.478s][info][gc,heap        ] GC(207) Old regions: 499->531
[1250.478s][info][gc,heap        ] GC(207) Humongous regions: 77->77
[1250.478s][info][gc,metaspace   ] GC(207) Metaspace: 28933K(29184K)->28933K(29184K) NonClass: 24049K(24128K)->24049K(24128K) Class: 4883K(5056K)->4883K(5056K)
[1250.478s][info][gc             ] GC(207) Pause Young (Prepare Mixed) (G1 Evacuation Pause) 3605M->1429M(4096M) 115.963ms
[1250.478s][info][gc,cpu         ] GC(207) User=0.69s Sys=0.00s Real=0.11s
..............[1264.070s][info][gc,start       ] GC(208) Pause Young (Mixed) (G1 Evacuation Pause)
[1264.070s][info][gc,task        ] GC(208) Using 6 workers of 6 for evacuation
[1264.201s][info][gc,phases      ] GC(208)   Pre Evacuate Collection Set: 0.39ms
[1264.201s][info][gc,phases      ] GC(208)   Merge Heap Roots: 0.64ms
[1264.201s][info][gc,phases      ] GC(208)   Evacuate Collection Set: 127.93ms
[1264.201s][info][gc,phases      ] GC(208)   Post Evacuate Collection Set: 0.96ms
[1264.201s][info][gc,phases      ] GC(208)   Other: 0.11ms
[1264.201s][info][gc,heap        ] GC(208) Eden regions: 1120->0(1120)
[1264.201s][info][gc,heap        ] GC(208) Survivor regions: 108->108(154)
[1264.201s][info][gc,heap        ] GC(208) Old regions: 531->466
[1264.201s][info][gc,heap        ] GC(208) Humongous regions: 77->77
[1264.201s][info][gc,metaspace   ] GC(208) Metaspace: 28933K(29184K)->28933K(29184K) NonClass: 24049K(24128K)->24049K(24128K) Class: 4883K(5056K)->4883K(5056K)
[1264.201s][info][gc             ] GC(208) Pause Young (Mixed) (G1 Evacuation Pause) 3669M->1301M(4096M) 130.158ms
[1264.201s][info][gc,cpu         ] GC(208) User=0.77s Sys=0.00s Real=0.13s
..............[1277.854s][info][gc,start       ] GC(209) Pause Young (Concurrent Start) (G1 Evacuation Pause)
[1277.854s][info][gc,task        ] GC(209) Using 6 workers of 6 for evacuation
[1277.971s][info][gc,phases      ] GC(209)   Pre Evacuate Collection Set: 0.37ms
[1277.971s][info][gc,phases      ] GC(209)   Merge Heap Roots: 0.47ms
[1277.971s][info][gc,phases      ] GC(209)   Evacuate Collection Set: 115.26ms
[1277.971s][info][gc,phases      ] GC(209)   Post Evacuate Collection Set: 0.92ms
[1277.971s][info][gc,phases      ] GC(209)   Other: 0.10ms
[1277.971s][info][gc,heap        ] GC(209) Eden regions: 1120->0(1119)
[1277.971s][info][gc,heap        ] GC(209) Survivor regions: 108->109(154)
[1277.971s][info][gc,heap        ] GC(209) Old regions: 466->498
[1277.971s][info][gc,heap        ] GC(209) Humongous regions: 77->77
[1277.971s][info][gc,metaspace   ] GC(209) Metaspace: 28933K(29184K)->28933K(29184K) NonClass: 24049K(24128K)->24049K(24128K) Class: 4883K(5056K)->4883K(5056K)
[1277.971s][info][gc             ] GC(209) Pause Young (Concurrent Start) (G1 Evacuation Pause) 3541M->1365M(4096M) 117.260ms
[1277.971s][info][gc             ] GC(210) Concurrent Mark Cycle
[1277.971s][info][gc,marking     ] GC(210) Concurrent Scan Root Regions
[1277.971s][info][gc,cpu         ] GC(209) User=0.70s Sys=0.00s Real=0.11s
[1278.136s][info][gc,marking     ] GC(210) Concurrent Scan Root Regions 164.273ms
[1278.136s][info][gc,marking     ] GC(210) Concurrent Mark
[1278.136s][info][gc,marking     ] GC(210) Concurrent Mark From Roots
[1278.136s][info][gc,task        ] GC(210) Using 2 workers of 2 for marking
.[1278.687s][info][gc,marking     ] GC(210) Concurrent Mark From Roots 551.493ms
[1278.687s][info][gc,marking     ] GC(210) Concurrent Preclean
[1278.687s][info][gc,marking     ] GC(210) Concurrent Preclean 0.044ms
[1278.687s][info][gc,start       ] GC(210) Pause Remark
[1278.690s][info][gc             ] GC(210) Pause Remark 1514M->1514M(4096M) 2.377ms
[1278.690s][info][gc,cpu         ] GC(210) User=0.01s Sys=0.00s Real=0.00s
[1278.690s][info][gc,marking     ] GC(210) Concurrent Mark 554.153ms
[1278.690s][info][gc,marking     ] GC(210) Concurrent Rebuild Remembered Sets and Scrub Regions
[1278.891s][info][gc,marking     ] GC(210) Concurrent Rebuild Remembered Sets and Scrub Regions 201.080ms
[1278.891s][info][gc,start       ] GC(210) Pause Cleanup
[1278.891s][info][gc             ] GC(210) Pause Cleanup 1538M->1538M(4096M) 0.117ms
[1278.891s][info][gc,cpu         ] GC(210) User=0.00s Sys=0.00s Real=0.00s
[1278.891s][info][gc,marking     ] GC(210) Concurrent Clear Claimed Marks
[1278.891s][info][gc,marking     ] GC(210) Concurrent Clear Claimed Marks 0.027ms
[1278.891s][info][gc,marking     ] GC(210) Concurrent Cleanup for Next Mark
[1278.894s][info][gc,marking     ] GC(210) Concurrent Cleanup for Next Mark 3.219ms
[1278.894s][info][gc             ] GC(210) Concurrent Mark Cycle 923.191ms
............ (rIR:aIR:PR = 1384:1383:1383) (tPR = 20354) [OK] 
  1290s: Performance info:
         Transaction,    Success,    Partial,     Failed,   Receipts, AvgBarcode, 
             Overall,      83099,          0,          0,      78949,      59.47, 
         Response times:
             Request,    Success,    Partial,     Failed,   SkipFail,     Probes,    Samples,      min,      p50,      p90,      p95,      p99,      max, 
       TotalPurchase,      78949,          0,          0,          0,      76760,      88141,      300,     1400,     2000,     2200,     3200,   133000,
     InStorePurchase,      41560,          0,          0,          0,      40480,      46320,      300,     1400,     2000,     2200,     3200,   133000,
      OnlinePurchase,      29077,          0,          0,          0,      28336,      32506,      300,     1300,     2000,     2200,     3100,   133000,
        InstPurchase,       8312,          0,          0,          0,       7944,       9315,      400,     1400,     2000,     2200,     3100,   133000,
          AssocOfCat,         84,          0,          0,          0,         81,         94,    18200,    24000,    27000,    31250,   162000,   162000,
      AssocOfProduct,        831,          0,          0,          0,        714,        926,      700,     1700,     2130,     2365,     3800,    13500,
      BusinessReport,        206,          0,          0,          0,        158,        247,    19900,    27000,    32000,    35000,    51000,    57000,
          CustBuyBeh,        827,          0,          0,          0,        730,        955,      200,      900,     1500,     1800,     3200,   132000,
       ProductReturn,       2202,          0,          0,          0,       1997,       2439,      300,     1400,     2000,     2200,     2700,    12800,

  1290s: (11%)   IR =   1522 .[1291.644s][info][gc,start       ] GC(211) Pause Young (Prepare Mixed) (G1 Evacuation Pause)
[1291.644s][info][gc,task        ] GC(211) Using 6 workers of 6 for evacuation
[1291.761s][info][gc,phases      ] GC(211)   Pre Evacuate Collection Set: 0.38ms
[1291.761s][info][gc,phases      ] GC(211)   Merge Heap Roots: 0.51ms
[1291.761s][info][gc,phases      ] GC(211)   Evacuate Collection Set: 114.40ms
[1291.761s][info][gc,phases      ] GC(211)   Post Evacuate Collection Set: 0.92ms
[1291.761s][info][gc,phases      ] GC(211)   Other: 0.09ms
[1291.761s][info][gc,heap        ] GC(211) Eden regions: 1119->0(1118)
[1291.761s][info][gc,heap        ] GC(211) Survivor regions: 109->110(154)
[1291.761s][info][gc,heap        ] GC(211) Old regions: 498->529
[1291.761s][info][gc,heap        ] GC(211) Humongous regions: 77->77
[1291.761s][info][gc,metaspace   ] GC(211) Metaspace: 28933K(29184K)->28933K(29184K) NonClass: 24050K(24128K)->24050K(24128K) Class: 4883K(5056K)->4883K(5056K)
[1291.761s][info][gc             ] GC(211) Pause Young (Prepare Mixed) (G1 Evacuation Pause) 3603M->1429M(4096M) 116.423ms
[1291.761s][info][gc,cpu         ] GC(211) User=0.69s Sys=0.00s Real=0.11s
....|........[1304.028s][info][gc,start       ] GC(212) Pause Young (Mixed) (G1 Evacuation Pause)
[1304.028s][info][gc,task        ] GC(212) Using 6 workers of 6 for evacuation
[1304.160s][info][gc,phases      ] GC(212)   Pre Evacuate Collection Set: 0.38ms
[1304.160s][info][gc,phases      ] GC(212)   Merge Heap Roots: 0.67ms
[1304.160s][info][gc,phases      ] GC(212)   Evacuate Collection Set: 129.80ms
[1304.160s][info][gc,phases      ] GC(212)   Post Evacuate Collection Set: 0.98ms
[1304.160s][info][gc,phases      ] GC(212)   Other: 0.09ms
[1304.160s][info][gc,heap        ] GC(212) Eden regions: 1118->0(1119)
[1304.160s][info][gc,heap        ] GC(212) Survivor regions: 110->109(154)
[1304.160s][info][gc,heap        ] GC(212) Old regions: 529->465
[1304.160s][info][gc,heap        ] GC(212) Humongous regions: 77->77
[1304.160s][info][gc,metaspace   ] GC(212) Metaspace: 28936K(29184K)->28936K(29184K) NonClass: 24052K(24128K)->24052K(24128K) Class: 4883K(5056K)->4883K(5056K)
[1304.160s][info][gc             ] GC(212) Pause Young (Mixed) (G1 Evacuation Pause) 3665M->1300M(4096M) 132.057ms
[1304.160s][info][gc,cpu         ] GC(212) User=0.79s Sys=0.00s Real=0.13s
............[1316.468s][info][gc,start       ] GC(213) Pause Young (Concurrent Start) (G1 Evacuation Pause)
[1316.468s][info][gc,task        ] GC(213) Using 6 workers of 6 for evacuation
[1316.584s][info][gc,phases      ] GC(213)   Pre Evacuate Collection Set: 0.43ms
[1316.584s][info][gc,phases      ] GC(213)   Merge Heap Roots: 0.49ms
[1316.584s][info][gc,phases      ] GC(213)   Evacuate Collection Set: 114.31ms
[1316.584s][info][gc,phases      ] GC(213)   Post Evacuate Collection Set: 0.86ms
[1316.584s][info][gc,phases      ] GC(213)   Other: 0.11ms
[1316.584s][info][gc,heap        ] GC(213) Eden regions: 1119->0(1120)
[1316.584s][info][gc,heap        ] GC(213) Survivor regions: 109->108(154)
[1316.584s][info][gc,heap        ] GC(213) Old regions: 465->498
[1316.584s][info][gc,heap        ] GC(213) Humongous regions: 77->77
[1316.584s][info][gc,metaspace   ] GC(213) Metaspace: 28936K(29184K)->28936K(29184K) NonClass: 24052K(24128K)->24052K(24128K) Class: 4883K(5056K)->4883K(5056K)
[1316.584s][info][gc             ] GC(213) Pause Young (Concurrent Start) (G1 Evacuation Pause) 3538M->1364M(4096M) 116.352ms
[1316.584s][info][gc             ] GC(214) Concurrent Mark Cycle
[1316.584s][info][gc,marking     ] GC(214) Concurrent Scan Root Regions
[1316.584s][info][gc,cpu         ] GC(213) User=0.69s Sys=0.00s Real=0.12s
.[1316.700s][info][gc,marking     ] GC(214) Concurrent Scan Root Regions 115.922ms
[1316.700s][info][gc,marking     ] GC(214) Concurrent Mark
[1316.700s][info][gc,marking     ] GC(214) Concurrent Mark From Roots
[1316.700s][info][gc,task        ] GC(214) Using 2 workers of 2 for marking
[1317.244s][info][gc,marking     ] GC(214) Concurrent Mark From Roots 544.017ms
[1317.244s][info][gc,marking     ] GC(214) Concurrent Preclean
[1317.244s][info][gc,marking     ] GC(214) Concurrent Preclean 0.049ms
[1317.244s][info][gc,start       ] GC(214) Pause Remark
[1317.247s][info][gc             ] GC(214) Pause Remark 1496M->1496M(4096M) 2.410ms
[1317.247s][info][gc,cpu         ] GC(214) User=0.01s Sys=0.00s Real=0.00s
[1317.247s][info][gc,marking     ] GC(214) Concurrent Mark 546.733ms
[1317.247s][info][gc,marking     ] GC(214) Concurrent Rebuild Remembered Sets and Scrub Regions
[1317.577s][info][gc,marking     ] GC(214) Concurrent Rebuild Remembered Sets and Scrub Regions 330.336ms
[1317.577s][info][gc,start       ] GC(214) Pause Cleanup
[1317.577s][info][gc             ] GC(214) Pause Cleanup 1560M->1560M(4096M) 0.114ms
[1317.577s][info][gc,cpu         ] GC(214) User=0.00s Sys=0.00s Real=0.00s
[1317.577s][info][gc,marking     ] GC(214) Concurrent Clear Claimed Marks
[1317.577s][info][gc,marking     ] GC(214) Concurrent Clear Claimed Marks 0.028ms
[1317.577s][info][gc,marking     ] GC(214) Concurrent Cleanup for Next Mark
[1317.581s][info][gc,marking     ] GC(214) Concurrent Cleanup for Next Mark 3.305ms
[1317.581s][info][gc             ] GC(214) Concurrent Mark Cycle 996.742ms
............[1329.012s][info][gc,start       ] GC(215) Pause Young (Prepare Mixed) (G1 Evacuation Pause)
[1329.012s][info][gc,task        ] GC(215) Using 6 workers of 6 for evacuation
[1329.127s][info][gc,phases      ] GC(215)   Pre Evacuate Collection Set: 0.37ms
[1329.127s][info][gc,phases      ] GC(215)   Merge Heap Roots: 0.55ms
[1329.127s][info][gc,phases      ] GC(215)   Evacuate Collection Set: 113.00ms
[1329.127s][info][gc,phases      ] GC(215)   Post Evacuate Collection Set: 0.92ms
[1329.127s][info][gc,phases      ] GC(215)   Other: 0.10ms
[1329.127s][info][gc,heap        ] GC(215) Eden regions: 1120->0(1121)
[1329.127s][info][gc,heap        ] GC(215) Survivor regions: 108->107(154)
[1329.127s][info][gc,heap        ] GC(215) Old regions: 498->530
[1329.127s][info][gc,heap        ] GC(215) Humongous regions: 77->77
[1329.127s][info][gc,metaspace   ] GC(215) Metaspace: 28936K(29184K)->28936K(29184K) NonClass: 24053K(24128K)->24053K(24128K) Class: 4883K(5056K)->4883K(5056K)
[1329.127s][info][gc             ] GC(215) Pause Young (Prepare Mixed) (G1 Evacuation Pause) 3604M->1427M(4096M) 115.065ms
[1329.128s][info][gc,cpu         ] GC(215) User=0.69s Sys=0.00s Real=0.11s
............[1341.467s][info][gc,start       ] GC(216) Pause Young (Mixed) (G1 Evacuation Pause)
[1341.467s][info][gc,task        ] GC(216) Using 6 workers of 6 for evacuation
[1341.599s][info][gc,phases      ] GC(216)   Pre Evacuate Collection Set: 0.41ms
[1341.599s][info][gc,phases      ] GC(216)   Merge Heap Roots: 0.68ms
[1341.599s][info][gc,phases      ] GC(216)   Evacuate Collection Set: 130.12ms
[1341.599s][info][gc,phases      ] GC(216)   Post Evacuate Collection Set: 0.95ms
[1341.599s][info][gc,phases      ] GC(216)   Other: 0.09ms
[1341.599s][info][gc,heap        ] GC(216) Eden regions: 1121->0(1118)
[1341.599s][info][gc,heap        ] GC(216) Survivor regions: 107->110(154)
[1341.599s][info][gc,heap        ] GC(216) Old regions: 530->468
[1341.599s][info][gc,heap        ] GC(216) Humongous regions: 77->77
[1341.599s][info][gc,metaspace   ] GC(216) Metaspace: 28936K(29184K)->28936K(29184K) NonClass: 24053K(24128K)->24053K(24128K) Class: 4883K(5056K)->4883K(5056K)
[1341.599s][info][gc             ] GC(216) Pause Young (Mixed) (G1 Evacuation Pause) 3669M->1307M(4096M) 132.408ms
[1341.599s][info][gc,cpu         ] GC(216) User=0.78s Sys=0.00s Real=0.13s
.............[1353.888s][info][gc,start       ] GC(217) Pause Young (Concurrent Start) (G1 Evacuation Pause)
[1353.888s][info][gc,task        ] GC(217) Using 6 workers of 6 for evacuation
[1354.005s][info][gc,phases      ] GC(217)   Pre Evacuate Collection Set: 0.37ms
[1354.005s][info][gc,phases      ] GC(217)   Merge Heap Roots: 0.48ms
[1354.005s][info][gc,phases      ] GC(217)   Evacuate Collection Set: 115.02ms
[1354.005s][info][gc,phases      ] GC(217)   Post Evacuate Collection Set: 0.89ms
[1354.005s][info][gc,phases      ] GC(217)   Other: 0.11ms
[1354.005s][info][gc,heap        ] GC(217) Eden regions: 1118->0(1119)
[1354.005s][info][gc,heap        ] GC(217) Survivor regions: 110->109(154)
[1354.005s][info][gc,heap        ] GC(217) Old regions: 468->500
[1354.005s][info][gc,heap        ] GC(217) Humongous regions: 77->77
[1354.005s][info][gc,metaspace   ] GC(217) Metaspace: 28936K(29184K)->28936K(29184K) NonClass: 24053K(24128K)->24053K(24128K) Class: 4883K(5056K)->4883K(5056K)
[1354.005s][info][gc             ] GC(217) Pause Young (Concurrent Start) (G1 Evacuation Pause) 3543M->1370M(4096M) 116.997ms
[1354.005s][info][gc             ] GC(218) Concurrent Mark Cycle
[1354.005s][info][gc,marking     ] GC(218) Concurrent Scan Root Regions
[1354.005s][info][gc,cpu         ] GC(217) User=0.70s Sys=0.00s Real=0.12s
[1354.174s][info][gc,marking     ] GC(218) Concurrent Scan Root Regions 168.087ms
[1354.174s][info][gc,marking     ] GC(218) Concurrent Mark
[1354.174s][info][gc,marking     ] GC(218) Concurrent Mark From Roots
[1354.174s][info][gc,task        ] GC(218) Using 2 workers of 2 for marking
.[1355.097s][info][gc,marking     ] GC(218) Concurrent Mark From Roots 923.086ms
[1355.097s][info][gc,marking     ] GC(218) Concurrent Preclean
[1355.097s][info][gc,marking     ] GC(218) Concurrent Preclean 0.045ms
[1355.097s][info][gc,start       ] GC(218) Pause Remark
[1355.100s][info][gc             ] GC(218) Pause Remark 1578M->1578M(4096M) 2.947ms
[1355.100s][info][gc,cpu         ] GC(218) User=0.02s Sys=0.00s Real=0.00s
[1355.100s][info][gc,marking     ] GC(218) Concurrent Mark 926.325ms
[1355.100s][info][gc,marking     ] GC(218) Concurrent Rebuild Remembered Sets and Scrub Regions
[1355.432s][info][gc,marking     ] GC(218) Concurrent Rebuild Remembered Sets and Scrub Regions 332.231ms
[1355.432s][info][gc,start       ] GC(218) Pause Cleanup
[1355.432s][info][gc             ] GC(218) Pause Cleanup 1630M->1630M(4096M) 0.115ms
[1355.432s][info][gc,cpu         ] GC(218) User=0.00s Sys=0.00s Real=0.00s
[1355.432s][info][gc,marking     ] GC(218) Concurrent Clear Claimed Marks
[1355.432s][info][gc,marking     ] GC(218) Concurrent Clear Claimed Marks 0.030ms
[1355.432s][info][gc,marking     ] GC(218) Concurrent Cleanup for Next Mark
[1355.437s][info][gc,marking     ] GC(218) Concurrent Cleanup for Next Mark 4.191ms
[1355.437s][info][gc             ] GC(218) Concurrent Mark Cycle 1431.324ms
. (rIR:aIR:PR = 1522:1522:1523) (tPR = 22362) [OK] 
  1355s: Performance info:
         Transaction,    Success,    Partial,     Failed,   Receipts, AvgBarcode, 
             Overall,      91489,          0,          0,      86923,      59.48, 
         Response times:
             Request,    Success,    Partial,     Failed,   SkipFail,     Probes,    Samples,      min,      p50,      p90,      p95,      p99,      max, 
       TotalPurchase,      86918,          0,          0,          0,      84089,      92737,      300,     1500,     2200,     2500,     4200,   149000,
     InStorePurchase,      45736,          0,          0,          0,      44460,      48877,      300,     1500,     2200,     2500,     4100,   149000,
      OnlinePurchase,      32027,          0,          0,          0,      30957,      34154,      300,     1400,     2100,     2400,     5390,   149000,
        InstPurchase,       9155,          0,          0,          0,       8672,       9706,      400,     1400,     2200,     2400,     3400,   149000,
          AssocOfCat,         93,          0,          0,          0,         91,         98,    17800,    24000,    28000,    30000,    36000,    36000,
      AssocOfProduct,        915,          0,          0,          0,        753,        917,      600,     1900,     2500,     2800,     3700,    13100,
      BusinessReport,        229,          0,          0,          0,        169,        237,    19300,    27000,    34000,    38000,    57060,   160000,
          CustBuyBeh,        911,          0,          0,          0,        783,        991,      400,     1300,     1900,     2100,     5688,    14800,
       ProductReturn,       2420,          0,          0,          0,       2219,       2598,      200,     1200,     1900,     2100,     3000,    19000,

  1355s: (12%)   IR =   1660 .......|...[1365.691s][info][gc,start       ] GC(219) Pause Young (Prepare Mixed) (G1 Evacuation Pause)
[1365.691s][info][gc,task        ] GC(219) Using 6 workers of 6 for evacuation
[1365.808s][info][gc,phases      ] GC(219)   Pre Evacuate Collection Set: 0.39ms
[1365.808s][info][gc,phases      ] GC(219)   Merge Heap Roots: 0.56ms
[1365.808s][info][gc,phases      ] GC(219)   Evacuate Collection Set: 114.97ms
[1365.808s][info][gc,phases      ] GC(219)   Post Evacuate Collection Set: 0.94ms
[1365.808s][info][gc,phases      ] GC(219)   Other: 0.10ms
[1365.808s][info][gc,heap        ] GC(219) Eden regions: 1119->0(1116)
[1365.808s][info][gc,heap        ] GC(219) Survivor regions: 109->110(154)
[1365.808s][info][gc,heap        ] GC(219) Old regions: 500->532
[1365.808s][info][gc,heap        ] GC(219) Humongous regions: 77->77
[1365.808s][info][gc,metaspace   ] GC(219) Metaspace: 28936K(29184K)->28936K(29184K) NonClass: 24053K(24128K)->24053K(24128K) Class: 4883K(5056K)->4883K(5056K)
[1365.808s][info][gc             ] GC(219) Pause Young (Prepare Mixed) (G1 Evacuation Pause) 3608M->1436M(4096M) 117.079ms
[1365.808s][info][gc,cpu         ] GC(219) User=0.69s Sys=0.00s Real=0.12s
...........[1376.930s][info][gc,start       ] GC(220) Pause Young (Mixed) (G1 Evacuation Pause)
[1376.931s][info][gc,task        ] GC(220) Using 6 workers of 6 for evacuation
[1377.062s][info][gc,phases      ] GC(220)   Pre Evacuate Collection Set: 0.43ms
[1377.062s][info][gc,phases      ] GC(220)   Merge Heap Roots: 0.73ms
[1377.062s][info][gc,phases      ] GC(220)   Evacuate Collection Set: 129.36ms
[1377.062s][info][gc,phases      ] GC(220)   Post Evacuate Collection Set: 0.95ms
[1377.062s][info][gc,phases      ] GC(220)   Other: 0.10ms
[1377.062s][info][gc,heap        ] GC(220) Eden regions: 1116->0(1119)
[1377.062s][info][gc,heap        ] GC(220) Survivor regions: 110->109(154)
[1377.062s][info][gc,heap        ] GC(220) Old regions: 532->467
[1377.062s][info][gc,heap        ] GC(220) Humongous regions: 77->77
[1377.062s][info][gc,metaspace   ] GC(220) Metaspace: 28936K(29184K)->28936K(29184K) NonClass: 24053K(24128K)->24053K(24128K) Class: 4883K(5056K)->4883K(5056K)
[1377.062s][info][gc             ] GC(220) Pause Young (Mixed) (G1 Evacuation Pause) 3668M->1304M(4096M) 131.723ms
[1377.062s][info][gc,cpu         ] GC(220) User=0.78s Sys=0.00s Real=0.14s
...........[1388.448s][info][gc,start       ] GC(221) Pause Young (Concurrent Start) (G1 Evacuation Pause)
[1388.448s][info][gc,task        ] GC(221) Using 6 workers of 6 for evacuation
[1388.564s][info][gc,phases      ] GC(221)   Pre Evacuate Collection Set: 0.40ms
[1388.564s][info][gc,phases      ] GC(221)   Merge Heap Roots: 0.51ms
[1388.564s][info][gc,phases      ] GC(221)   Evacuate Collection Set: 114.69ms
[1388.564s][info][gc,phases      ] GC(221)   Post Evacuate Collection Set: 0.87ms
[1388.564s][info][gc,phases      ] GC(221)   Other: 0.12ms
[1388.564s][info][gc,heap        ] GC(221) Eden regions: 1119->0(1119)
[1388.564s][info][gc,heap        ] GC(221) Survivor regions: 109->109(154)
[1388.564s][info][gc,heap        ] GC(221) Old regions: 467->500
[1388.564s][info][gc,heap        ] GC(221) Humongous regions: 77->77
[1388.564s][info][gc,metaspace   ] GC(221) Metaspace: 28936K(29184K)->28936K(29184K) NonClass: 24053K(24128K)->24053K(24128K) Class: 4883K(5056K)->4883K(5056K)
[1388.564s][info][gc             ] GC(221) Pause Young (Concurrent Start) (G1 Evacuation Pause) 3542M->1370M(4096M) 116.741ms
[1388.564s][info][gc             ] GC(222) Concurrent Mark Cycle
[1388.564s][info][gc,marking     ] GC(222) Concurrent Scan Root Regions
[1388.564s][info][gc,cpu         ] GC(221) User=0.69s Sys=0.00s Real=0.12s
.[1388.739s][info][gc,marking     ] GC(222) Concurrent Scan Root Regions 174.066ms
[1388.739s][info][gc,marking     ] GC(222) Concurrent Mark
[1388.739s][info][gc,marking     ] GC(222) Concurrent Mark From Roots
[1388.739s][info][gc,task        ] GC(222) Using 2 workers of 2 for marking
[1389.615s][info][gc,marking     ] GC(222) Concurrent Mark From Roots 876.111ms
[1389.615s][info][gc,marking     ] GC(222) Concurrent Preclean
[1389.615s][info][gc,marking     ] GC(222) Concurrent Preclean 0.052ms
[1389.615s][info][gc,start       ] GC(222) Pause Remark
[1389.618s][info][gc             ] GC(222) Pause Remark 1636M->1636M(4096M) 2.981ms
[1389.618s][info][gc,cpu         ] GC(222) User=0.01s Sys=0.00s Real=0.00s
[1389.618s][info][gc,marking     ] GC(222) Concurrent Mark 879.391ms
[1389.618s][info][gc,marking     ] GC(222) Concurrent Rebuild Remembered Sets and Scrub Regions
.[1389.818s][info][gc,marking     ] GC(222) Concurrent Rebuild Remembered Sets and Scrub Regions 200.072ms
[1389.818s][info][gc,start       ] GC(222) Pause Cleanup
[1389.818s][info][gc             ] GC(222) Pause Cleanup 1668M->1668M(4096M) 0.119ms
[1389.818s][info][gc,cpu         ] GC(222) User=0.00s Sys=0.00s Real=0.00s
[1389.818s][info][gc,marking     ] GC(222) Concurrent Clear Claimed Marks
[1389.818s][info][gc,marking     ] GC(222) Concurrent Clear Claimed Marks 0.026ms
[1389.818s][info][gc,marking     ] GC(222) Concurrent Cleanup for Next Mark
[1389.823s][info][gc,marking     ] GC(222) Concurrent Cleanup for Next Mark 4.372ms
[1389.823s][info][gc             ] GC(222) Concurrent Mark Cycle 1258.361ms
..........[1399.978s][info][gc,start       ] GC(223) Pause Young (Prepare Mixed) (G1 Evacuation Pause)
[1399.978s][info][gc,task        ] GC(223) Using 6 workers of 6 for evacuation
[1400.095s][info][gc,phases      ] GC(223)   Pre Evacuate Collection Set: 0.34ms
[1400.095s][info][gc,phases      ] GC(223)   Merge Heap Roots: 0.52ms
[1400.095s][info][gc,phases      ] GC(223)   Evacuate Collection Set: 114.48ms
[1400.095s][info][gc,phases      ] GC(223)   Post Evacuate Collection Set: 0.91ms
[1400.095s][info][gc,phases      ] GC(223)   Other: 0.09ms
[1400.095s][info][gc,heap        ] GC(223) Eden regions: 1119->0(1117)
[1400.095s][info][gc,heap        ] GC(223) Survivor regions: 109->110(154)
[1400.095s][info][gc,heap        ] GC(223) Old regions: 500->531
[1400.095s][info][gc,heap        ] GC(223) Humongous regions: 77->77
[1400.095s][info][gc,metaspace   ] GC(223) Metaspace: 28941K(29248K)->28941K(29248K) NonClass: 24058K(24192K)->24058K(24192K) Class: 4883K(5056K)->4883K(5056K)
[1400.095s][info][gc             ] GC(223) Pause Young (Prepare Mixed) (G1 Evacuation Pause) 3608M->1434M(4096M) 116.465ms
[1400.095s][info][gc,cpu         ] GC(223) User=0.69s Sys=0.00s Real=0.12s
...........[1411.185s][info][gc,start       ] GC(224) Pause Young (Mixed) (G1 Evacuation Pause)
[1411.185s][info][gc,task        ] GC(224) Using 6 workers of 6 for evacuation
[1411.317s][info][gc,phases      ] GC(224)   Pre Evacuate Collection Set: 0.40ms
[1411.317s][info][gc,phases      ] GC(224)   Merge Heap Roots: 0.64ms
[1411.317s][info][gc,phases      ] GC(224)   Evacuate Collection Set: 130.34ms
[1411.317s][info][gc,phases      ] GC(224)   Post Evacuate Collection Set: 0.99ms
[1411.317s][info][gc,phases      ] GC(224)   Other: 0.09ms
[1411.317s][info][gc,heap        ] GC(224) Eden regions: 1117->0(1117)
[1411.317s][info][gc,heap        ] GC(224) Survivor regions: 110->111(154)
[1411.317s][info][gc,heap        ] GC(224) Old regions: 531->467
[1411.317s][info][gc,heap        ] GC(224) Humongous regions: 77->77
[1411.317s][info][gc,metaspace   ] GC(224) Metaspace: 28943K(29248K)->28943K(29248K) NonClass: 24060K(24192K)->24060K(24192K) Class: 4883K(5056K)->4883K(5056K)
[1411.318s][info][gc             ] GC(224) Pause Young (Mixed) (G1 Evacuation Pause) 3668M->1308M(4096M) 132.614ms
[1411.318s][info][gc,cpu         ] GC(224) User=0.79s Sys=0.00s Real=0.13s
...........[1422.575s][info][gc,start       ] GC(225) Pause Young (Concurrent Start) (G1 Evacuation Pause)
[1422.575s][info][gc,task        ] GC(225) Using 6 workers of 6 for evacuation
[1422.691s][info][gc,phases      ] GC(225)   Pre Evacuate Collection Set: 0.39ms
[1422.691s][info][gc,phases      ] GC(225)   Merge Heap Roots: 0.48ms
[1422.691s][info][gc,phases      ] GC(225)   Evacuate Collection Set: 114.11ms
[1422.691s][info][gc,phases      ] GC(225)   Post Evacuate Collection Set: 0.91ms
[1422.691s][info][gc,phases      ] GC(225)   Other: 0.10ms
[1422.691s][info][gc,heap        ] GC(225) Eden regions: 1117->0(1120)
[1422.691s][info][gc,heap        ] GC(225) Survivor regions: 111->108(154)
[1422.691s][info][gc,heap        ] GC(225) Old regions: 467->500
[1422.691s][info][gc,heap        ] GC(225) Humongous regions: 77->77
[1422.691s][info][gc,metaspace   ] GC(225) Metaspace: 28943K(29248K)->28943K(29248K) NonClass: 24060K(24192K)->24060K(24192K) Class: 4883K(5056K)->4883K(5056K)
[1422.691s][info][gc             ] GC(225) Pause Young (Concurrent Start) (G1 Evacuation Pause) 3542M->1367M(4096M) 116.109ms
[1422.691s][info][gc             ] GC(226) Concurrent Mark Cycle
[1422.691s][info][gc,marking     ] GC(226) Concurrent Scan Root Regions
[1422.691s][info][gc,cpu         ] GC(225) User=0.69s Sys=0.00s Real=0.11s
. (rIR:aIR:PR = 1660:1658:1658) (tPR = 24773) [OK] 
  1422s: Performance info:
         Transaction,    Success,    Partial,     Failed,   Receipts, AvgBarcode, 
             Overall,      99602,          0,          0,      94631,      59.47, 
         Response times:
             Request,    Success,    Partial,     Failed,   SkipFail,     Probes,    Samples,      min,      p50,      p90,      p95,      p99,      max, 
       TotalPurchase,      94625,          0,          0,          0,      91861,     103765,      300,     1500,     2300,     2500,     4600,   135000,
     InStorePurchase,      49833,          0,          0,          0,      48478,      54572,      300,     1500,     2300,     2500,     4600,   135000,
      OnlinePurchase,      34848,          0,          0,          0,      33940,      38375,      300,     1600,     2300,     2500,     4700,   135000,
        InstPurchase,       9944,          0,          0,          0,       9443,      10818,      300,     1500,     2300,     2500,     4000,   135000,
          AssocOfCat,        101,          0,          0,          0,         99,        110,    18900,    25000,    29000,    34450,    72480,    76000,
      AssocOfProduct,        993,          0,          0,          0,        864,       1037,      500,     1800,     2600,     2700,     3586,    77000,
      BusinessReport,        249,          0,          0,          0,        201,        273,    18800,    27000,    35000,    41200,   172260,   180000,
          CustBuyBeh,        995,          0,          0,          0,        863,       1096,      200,     1800,     2400,     2700,    13406,   134000,
       ProductReturn,       2634,          0,          0,          0,       2385,       2882,      200,     1200,     2200,     2400,     6600,   119000,

  1422s: (13%)   IR =   1799 [1422.808s][info][gc,marking     ] GC(226) Concurrent Scan Root Regions 117.240ms
[1422.808s][info][gc,marking     ] GC(226) Concurrent Mark
[1422.808s][info][gc,marking     ] GC(226) Concurrent Mark From Roots
[1422.808s][info][gc,task        ] GC(226) Using 2 workers of 2 for marking
[1423.330s][info][gc,marking     ] GC(226) Concurrent Mark From Roots 521.503ms
[1423.330s][info][gc,marking     ] GC(226) Concurrent Preclean
[1423.330s][info][gc,marking     ] GC(226) Concurrent Preclean 0.051ms
[1423.330s][info][gc,start       ] GC(226) Pause Remark
[1423.332s][info][gc             ] GC(226) Pause Remark 1498M->1498M(4096M) 2.567ms
[1423.333s][info][gc,cpu         ] GC(226) User=0.02s Sys=0.00s Real=0.01s
[1423.333s][info][gc,marking     ] GC(226) Concurrent Mark 524.380ms
[1423.333s][info][gc,marking     ] GC(226) Concurrent Rebuild Remembered Sets and Scrub Regions
[1423.535s][info][gc,marking     ] GC(226) Concurrent Rebuild Remembered Sets and Scrub Regions 202.480ms
[1423.535s][info][gc,start       ] GC(226) Pause Cleanup
[1423.535s][info][gc             ] GC(226) Pause Cleanup 1534M->1534M(4096M) 0.128ms
[1423.535s][info][gc,cpu         ] GC(226) User=0.00s Sys=0.00s Real=0.00s
[1423.535s][info][gc,marking     ] GC(226) Concurrent Clear Claimed Marks
[1423.535s][info][gc,marking     ] GC(226) Concurrent Clear Claimed Marks 0.034ms
[1423.535s][info][gc,marking     ] GC(226) Concurrent Cleanup for Next Mark
[1423.540s][info][gc,marking     ] GC(226) Concurrent Cleanup for Next Mark 4.585ms
[1423.540s][info][gc             ] GC(226) Concurrent Mark Cycle 849.207ms
.....|.....[1433.259s][info][gc,start       ] GC(227) Pause Young (Prepare Mixed) (G1 Evacuation Pause)
[1433.259s][info][gc,task        ] GC(227) Using 6 workers of 6 for evacuation
[1433.377s][info][gc,phases      ] GC(227)   Pre Evacuate Collection Set: 0.38ms
[1433.377s][info][gc,phases      ] GC(227)   Merge Heap Roots: 0.56ms
[1433.377s][info][gc,phases      ] GC(227)   Evacuate Collection Set: 116.72ms
[1433.377s][info][gc,phases      ] GC(227)   Post Evacuate Collection Set: 0.92ms
[1433.377s][info][gc,phases      ] GC(227)   Other: 0.09ms
[1433.377s][info][gc,heap        ] GC(227) Eden regions: 1120->0(1117)
[1433.377s][info][gc,heap        ] GC(227) Survivor regions: 108->110(154)
[1433.377s][info][gc,heap        ] GC(227) Old regions: 500->531
[1433.377s][info][gc,heap        ] GC(227) Humongous regions: 77->77
[1433.377s][info][gc,metaspace   ] GC(227) Metaspace: 28945K(29248K)->28945K(29248K) NonClass: 24062K(24192K)->24062K(24192K) Class: 4883K(5056K)->4883K(5056K)
[1433.377s][info][gc             ] GC(227) Pause Young (Prepare Mixed) (G1 Evacuation Pause) 3607M->1435M(4096M) 118.827ms
[1433.377s][info][gc,cpu         ] GC(227) User=0.71s Sys=0.00s Real=0.12s
..........[1443.699s][info][gc,start       ] GC(228) Pause Young (Mixed) (G1 Evacuation Pause)
[1443.699s][info][gc,task        ] GC(228) Using 6 workers of 6 for evacuation
[1443.829s][info][gc,phases      ] GC(228)   Pre Evacuate Collection Set: 0.41ms
[1443.829s][info][gc,phases      ] GC(228)   Merge Heap Roots: 0.70ms
[1443.829s][info][gc,phases      ] GC(228)   Evacuate Collection Set: 128.67ms
[1443.829s][info][gc,phases      ] GC(228)   Post Evacuate Collection Set: 0.94ms
[1443.829s][info][gc,phases      ] GC(228)   Other: 0.10ms
[1443.829s][info][gc,heap        ] GC(228) Eden regions: 1117->0(1120)
[1443.829s][info][gc,heap        ] GC(228) Survivor regions: 110->108(154)
[1443.829s][info][gc,heap        ] GC(228) Old regions: 531->467
[1443.829s][info][gc,heap        ] GC(228) Humongous regions: 77->77
[1443.829s][info][gc,metaspace   ] GC(228) Metaspace: 28945K(29248K)->28945K(29248K) NonClass: 24062K(24192K)->24062K(24192K) Class: 4883K(5056K)->4883K(5056K)
[1443.829s][info][gc             ] GC(228) Pause Young (Mixed) (G1 Evacuation Pause) 3669M->1302M(4096M) 130.943ms
[1443.829s][info][gc,cpu         ] GC(228) User=0.78s Sys=0.00s Real=0.13s
.........[1451.943s][info][gc,start       ] GC(229) Pause Young (Concurrent Start) (G1 Humongous Allocation)
[1451.943s][info][gc,task        ] GC(229) Using 6 workers of 6 for evacuation
[1452.052s][info][gc,phases      ] GC(229)   Pre Evacuate Collection Set: 0.40ms
[1452.052s][info][gc,phases      ] GC(229)   Merge Heap Roots: 0.43ms
[1452.052s][info][gc,phases      ] GC(229)   Evacuate Collection Set: 107.89ms
[1452.052s][info][gc,phases      ] GC(229)   Post Evacuate Collection Set: 0.78ms
[1452.052s][info][gc,phases      ] GC(229)   Other: 0.10ms
[1452.052s][info][gc,heap        ] GC(229) Eden regions: 885->0(1128)
[1452.052s][info][gc,heap        ] GC(229) Survivor regions: 108->100(154)
[1452.052s][info][gc,heap        ] GC(229) Old regions: 467->501
[1452.052s][info][gc,heap        ] GC(229) Humongous regions: 77->77
[1452.052s][info][gc,metaspace   ] GC(229) Metaspace: 28945K(29248K)->28945K(29248K) NonClass: 24062K(24192K)->24062K(24192K) Class: 4883K(5056K)->4883K(5056K)
[1452.052s][info][gc             ] GC(229) Pause Young (Concurrent Start) (G1 Humongous Allocation) 3072M->1355M(4096M) 109.757ms
[1452.052s][info][gc             ] GC(230) Concurrent Mark Cycle
[1452.052s][info][gc,marking     ] GC(230) Concurrent Scan Root Regions
[1452.052s][info][gc,cpu         ] GC(229) User=0.65s Sys=0.00s Real=0.11s
[1452.166s][info][gc,marking     ] GC(230) Concurrent Scan Root Regions 113.756ms
[1452.166s][info][gc,marking     ] GC(230) Concurrent Mark
[1452.166s][info][gc,marking     ] GC(230) Concurrent Mark From Roots
[1452.166s][info][gc,task        ] GC(230) Using 2 workers of 2 for marking
[1452.744s][info][gc,marking     ] GC(230) Concurrent Mark From Roots 577.723ms
[1452.744s][info][gc,marking     ] GC(230) Concurrent Preclean
[1452.744s][info][gc,marking     ] GC(230) Concurrent Preclean 0.053ms
[1452.744s][info][gc,start       ] GC(230) Pause Remark
[1452.747s][info][gc             ] GC(230) Pause Remark 1518M->1518M(4096M) 2.929ms
[1452.747s][info][gc,cpu         ] GC(230) User=0.02s Sys=0.00s Real=0.00s
[1452.747s][info][gc,marking     ] GC(230) Concurrent Mark 580.945ms
[1452.747s][info][gc,marking     ] GC(230) Concurrent Rebuild Remembered Sets and Scrub Regions
.[1453.015s][info][gc,marking     ] GC(230) Concurrent Rebuild Remembered Sets and Scrub Regions 267.961ms
[1453.015s][info][gc,start       ] GC(230) Pause Cleanup
[1453.015s][info][gc             ] GC(230) Pause Cleanup 1590M->1590M(4096M) 0.125ms
[1453.015s][info][gc,cpu         ] GC(230) User=0.00s Sys=0.00s Real=0.00s
[1453.015s][info][gc,marking     ] GC(230) Concurrent Clear Claimed Marks
[1453.016s][info][gc,marking     ] GC(230) Concurrent Clear Claimed Marks 0.031ms
[1453.016s][info][gc,marking     ] GC(230) Concurrent Cleanup for Next Mark
[1453.020s][info][gc,marking     ] GC(230) Concurrent Cleanup for Next Mark 4.567ms
[1453.020s][info][gc             ] GC(230) Concurrent Mark Cycle 967.754ms
.........[1462.599s][info][gc,start       ] GC(231) Pause Young (Prepare Mixed) (G1 Evacuation Pause)
[1462.599s][info][gc,task        ] GC(231) Using 6 workers of 6 for evacuation
[1462.714s][info][gc,phases      ] GC(231)   Pre Evacuate Collection Set: 0.34ms
[1462.714s][info][gc,phases      ] GC(231)   Merge Heap Roots: 0.50ms
[1462.714s][info][gc,phases      ] GC(231)   Evacuate Collection Set: 113.38ms
[1462.714s][info][gc,phases      ] GC(231)   Post Evacuate Collection Set: 0.94ms
[1462.714s][info][gc,phases      ] GC(231)   Other: 0.09ms
[1462.714s][info][gc,heap        ] GC(231) Eden regions: 1128->0(1127)
[1462.714s][info][gc,heap        ] GC(231) Survivor regions: 100->101(154)
[1462.714s][info][gc,heap        ] GC(231) Old regions: 501->535
[1462.714s][info][gc,heap        ] GC(231) Humongous regions: 80->80
[1462.714s][info][gc,metaspace   ] GC(231) Metaspace: 28945K(29248K)->28945K(29248K) NonClass: 24062K(24192K)->24062K(24192K) Class: 4883K(5056K)->4883K(5056K)
[1462.714s][info][gc             ] GC(231) Pause Young (Prepare Mixed) (G1 Evacuation Pause) 3617M->1431M(4096M) 115.398ms
[1462.715s][info][gc,cpu         ] GC(231) User=0.69s Sys=0.00s Real=0.12s
...........[1473.215s][info][gc,start       ] GC(232) Pause Young (Mixed) (G1 Evacuation Pause)
[1473.215s][info][gc,task        ] GC(232) Using 6 workers of 6 for evacuation
[1473.342s][info][gc,phases      ] GC(232)   Pre Evacuate Collection Set: 0.42ms
[1473.342s][info][gc,phases      ] GC(232)   Merge Heap Roots: 0.66ms
[1473.342s][info][gc,phases      ] GC(232)   Evacuate Collection Set: 124.99ms
[1473.342s][info][gc,phases      ] GC(232)   Post Evacuate Collection Set: 0.96ms
[1473.342s][info][gc,phases      ] GC(232)   Other: 0.10ms
[1473.342s][info][gc,heap        ] GC(232) Eden regions: 1127->0(1119)
[1473.342s][info][gc,heap        ] GC(232) Survivor regions: 101->109(154)
[1473.342s][info][gc,heap        ] GC(232) Old regions: 535->471
[1473.342s][info][gc,heap        ] GC(232) Humongous regions: 80->80
[1473.342s][info][gc,metaspace   ] GC(232) Metaspace: 28945K(29248K)->28945K(29248K) NonClass: 24062K(24192K)->24062K(24192K) Class: 4883K(5056K)->4883K(5056K)
[1473.343s][info][gc             ] GC(232) Pause Young (Mixed) (G1 Evacuation Pause) 3685M->1318M(4096M) 127.269ms
[1473.343s][info][gc,cpu         ] GC(232) User=0.76s Sys=0.00s Real=0.13s
..........[1483.845s][info][gc,start       ] GC(233) Pause Young (Concurrent Start) (G1 Evacuation Pause)
[1483.845s][info][gc,task        ] GC(233) Using 6 workers of 6 for evacuation
[1483.965s][info][gc,phases      ] GC(233)   Pre Evacuate Collection Set: 0.39ms
[1483.965s][info][gc,phases      ] GC(233)   Merge Heap Roots: 0.51ms
[1483.965s][info][gc,phases      ] GC(233)   Evacuate Collection Set: 118.35ms
[1483.965s][info][gc,phases      ] GC(233)   Post Evacuate Collection Set: 0.87ms
[1483.965s][info][gc,phases      ] GC(233)   Other: 0.12ms
[1483.965s][info][gc,heap        ] GC(233) Eden regions: 1119->0(1118)
[1483.965s][info][gc,heap        ] GC(233) Survivor regions: 109->110(154)
[1483.965s][info][gc,heap        ] GC(233) Old regions: 471->503
[1483.965s][info][gc,heap        ] GC(233) Humongous regions: 80->80
[1483.965s][info][gc,metaspace   ] GC(233) Metaspace: 28945K(29248K)->28945K(29248K) NonClass: 24062K(24192K)->24062K(24192K) Class: 4883K(5056K)->4883K(5056K)
[1483.965s][info][gc             ] GC(233) Pause Young (Concurrent Start) (G1 Evacuation Pause) 3556M->1385M(4096M) 120.371ms
[1483.965s][info][gc             ] GC(234) Concurrent Mark Cycle
[1483.965s][info][gc,marking     ] GC(234) Concurrent Scan Root Regions
[1483.965s][info][gc,cpu         ] GC(233) User=0.72s Sys=0.00s Real=0.12s
.[1484.107s][info][gc,marking     ] GC(234) Concurrent Scan Root Regions 141.682ms
[1484.107s][info][gc,marking     ] GC(234) Concurrent Mark
[1484.107s][info][gc,marking     ] GC(234) Concurrent Mark From Roots
[1484.107s][info][gc,task        ] GC(234) Using 2 workers of 2 for marking
[1484.662s][info][gc,marking     ] GC(234) Concurrent Mark From Roots 555.456ms
[1484.662s][info][gc,marking     ] GC(234) Concurrent Preclean
[1484.662s][info][gc,marking     ] GC(234) Concurrent Preclean 0.053ms
[1484.663s][info][gc,start       ] GC(234) Pause Remark
[1484.665s][info][gc             ] GC(234) Pause Remark 1561M->1561M(4096M) 2.555ms
[1484.665s][info][gc,cpu         ] GC(234) User=0.01s Sys=0.00s Real=0.00s
[1484.665s][info][gc,marking     ] GC(234) Concurrent Mark 558.334ms
[1484.665s][info][gc,marking     ] GC(234) Concurrent Rebuild Remembered Sets and Scrub Regions
[1484.882s][info][gc,marking     ] GC(234) Concurrent Rebuild Remembered Sets and Scrub Regions 216.321ms
[1484.882s][info][gc,start       ] GC(234) Pause Cleanup
[1484.882s][info][gc             ] GC(234) Pause Cleanup 1604M->1604M(4096M) 0.138ms
[1484.882s][info][gc,cpu         ] GC(234) User=0.00s Sys=0.00s Real=0.00s
[1484.882s][info][gc,marking     ] GC(234) Concurrent Clear Claimed Marks
[1484.882s][info][gc,marking     ] GC(234) Concurrent Clear Claimed Marks 0.029ms
[1484.882s][info][gc,marking     ] GC(234) Concurrent Cleanup for Next Mark
[1484.885s][info][gc,marking     ] GC(234) Concurrent Cleanup for Next Mark 3.503ms
[1484.886s][info][gc             ] GC(234) Concurrent Mark Cycle 920.367ms
.... (rIR:aIR:PR = 1799:1799:1799) (tPR = 26695) [OK] 
  1487s: Performance info:
         Transaction,    Success,    Partial,     Failed,   Receipts, AvgBarcode, 
             Overall,     108408,          0,          0,     102981,      59.47, 
         Response times:
             Request,    Success,    Partial,     Failed,   SkipFail,     Probes,    Samples,      min,      p50,      p90,      p95,      p99,      max, 
       TotalPurchase,     102981,          0,          0,          0,     100229,     109806,      300,     1600,     2500,     2700,     6800,   138000,
     InStorePurchase,      54240,          0,          0,          0,      52938,      57758,      300,     1700,     2500,     2800,     7400,   138000,
      OnlinePurchase,      37906,          0,          0,          0,      36917,      40501,      300,     1600,     2500,     2700,     6500,   134000,
        InstPurchase,      10835,          0,          0,          0,      10374,      11547,      400,     1600,     2400,     2700,     5500,   133000,
          AssocOfCat,        109,          0,          0,          0,        103,        116,    17800,    24000,    26300,    27000,   130830,   148000,
      AssocOfProduct,       1085,          0,          0,          0,        946,       1160,      500,     1700,     2400,     2600,     5300,   126000,
      BusinessReport,        274,          0,          0,          0,        216,        293,    19500,    27000,    34000,    39000,   165000,   195000,
          CustBuyBeh,       1084,          0,          0,          0,        957,       1171,      200,     1200,     1900,     2200,     5496,    10300,
       ProductReturn,       2875,          0,          0,          0,       2684,       3136,      200,     1600,     2400,     2600,     9000,   130000,

  1487s: (14%)   IR =   1937 .....|[1493.863s][info][gc,start       ] GC(235) Pause Young (Prepare Mixed) (G1 Evacuation Pause)
[1493.863s][info][gc,task        ] GC(235) Using 6 workers of 6 for evacuation
[1493.980s][info][gc,phases      ] GC(235)   Pre Evacuate Collection Set: 0.35ms
[1493.980s][info][gc,phases      ] GC(235)   Merge Heap Roots: 0.57ms
[1493.980s][info][gc,phases      ] GC(235)   Evacuate Collection Set: 114.48ms
[1493.980s][info][gc,phases      ] GC(235)   Post Evacuate Collection Set: 0.93ms
[1493.980s][info][gc,phases      ] GC(235)   Other: 0.09ms
[1493.980s][info][gc,heap        ] GC(235) Eden regions: 1118->0(1112)
[1493.980s][info][gc,heap        ] GC(235) Survivor regions: 110->109(154)
[1493.980s][info][gc,heap        ] GC(235) Old regions: 503->535
[1493.980s][info][gc,heap        ] GC(235) Humongous regions: 80->80
[1493.980s][info][gc,metaspace   ] GC(235) Metaspace: 28945K(29248K)->28945K(29248K) NonClass: 24062K(24192K)->24062K(24192K) Class: 4883K(5056K)->4883K(5056K)
[1493.980s][info][gc             ] GC(235) Pause Young (Prepare Mixed) (G1 Evacuation Pause) 3621M->1446M(4096M) 116.561ms
[1493.980s][info][gc,cpu         ] GC(235) User=0.69s Sys=0.00s Real=0.11s
..........[1503.499s][info][gc,start       ] GC(236) Pause Young (Mixed) (G1 Evacuation Pause)
[1503.499s][info][gc,task        ] GC(236) Using 6 workers of 6 for evacuation
[1503.631s][info][gc,phases      ] GC(236)   Pre Evacuate Collection Set: 0.42ms
[1503.631s][info][gc,phases      ] GC(236)   Merge Heap Roots: 0.68ms
[1503.631s][info][gc,phases      ] GC(236)   Evacuate Collection Set: 130.33ms
[1503.631s][info][gc,phases      ] GC(236)   Post Evacuate Collection Set: 0.95ms
[1503.631s][info][gc,phases      ] GC(236)   Other: 0.09ms
[1503.631s][info][gc,heap        ] GC(236) Eden regions: 1112->0(1120)
[1503.631s][info][gc,heap        ] GC(236) Survivor regions: 109->108(153)
[1503.631s][info][gc,heap        ] GC(236) Old regions: 535->465
[1503.631s][info][gc,heap        ] GC(236) Humongous regions: 80->80
[1503.631s][info][gc,metaspace   ] GC(236) Metaspace: 28945K(29248K)->28945K(29248K) NonClass: 24062K(24192K)->24062K(24192K) Class: 4883K(5056K)->4883K(5056K)
[1503.631s][info][gc             ] GC(236) Pause Young (Mixed) (G1 Evacuation Pause) 3670M->1304M(4096M) 132.602ms
[1503.631s][info][gc,cpu         ] GC(236) User=0.79s Sys=0.00s Real=0.13s
..........[1513.250s][info][gc,start       ] GC(237) Pause Young (Concurrent Start) (G1 Evacuation Pause)
[1513.250s][info][gc,task        ] GC(237) Using 6 workers of 6 for evacuation
[1513.365s][info][gc,phases      ] GC(237)   Pre Evacuate Collection Set: 0.40ms
[1513.365s][info][gc,phases      ] GC(237)   Merge Heap Roots: 0.50ms
[1513.365s][info][gc,phases      ] GC(237)   Evacuate Collection Set: 113.08ms
[1513.365s][info][gc,phases      ] GC(237)   Post Evacuate Collection Set: 0.89ms
[1513.365s][info][gc,phases      ] GC(237)   Other: 0.13ms
[1513.365s][info][gc,heap        ] GC(237) Eden regions: 1120->0(1120)
[1513.365s][info][gc,heap        ] GC(237) Survivor regions: 108->108(154)
[1513.365s][info][gc,heap        ] GC(237) Old regions: 465->498
[1513.365s][info][gc,heap        ] GC(237) Humongous regions: 80->80
[1513.365s][info][gc,metaspace   ] GC(237) Metaspace: 28945K(29248K)->28945K(29248K) NonClass: 24062K(24192K)->24062K(24192K) Class: 4883K(5056K)->4883K(5056K)
[1513.365s][info][gc             ] GC(237) Pause Young (Concurrent Start) (G1 Evacuation Pause) 3544M->1369M(4096M) 115.134ms
[1513.365s][info][gc             ] GC(238) Concurrent Mark Cycle
[1513.365s][info][gc,marking     ] GC(238) Concurrent Scan Root Regions
[1513.365s][info][gc,cpu         ] GC(237) User=0.69s Sys=0.00s Real=0.12s
[1513.501s][info][gc,marking     ] GC(238) Concurrent Scan Root Regions 136.001ms
[1513.501s][info][gc,marking     ] GC(238) Concurrent Mark
[1513.501s][info][gc,marking     ] GC(238) Concurrent Mark From Roots
[1513.501s][info][gc,task        ] GC(238) Using 2 workers of 2 for marking
.[1514.072s][info][gc,marking     ] GC(238) Concurrent Mark From Roots 571.254ms
[1514.072s][info][gc,marking     ] GC(238) Concurrent Preclean
[1514.072s][info][gc,marking     ] GC(238) Concurrent Preclean 0.077ms
[1514.072s][info][gc,start       ] GC(238) Pause Remark
[1514.075s][info][gc             ] GC(238) Pause Remark 1553M->1553M(4096M) 2.534ms
[1514.075s][info][gc,cpu         ] GC(238) User=0.01s Sys=0.00s Real=0.00s
[1514.076s][info][gc,marking     ] GC(238) Concurrent Mark 575.026ms
[1514.076s][info][gc,marking     ] GC(238) Concurrent Rebuild Remembered Sets and Scrub Regions
[1514.286s][info][gc,marking     ] GC(238) Concurrent Rebuild Remembered Sets and Scrub Regions 210.387ms
[1514.286s][info][gc,start       ] GC(238) Pause Cleanup
[1514.287s][info][gc             ] GC(238) Pause Cleanup 1597M->1597M(4096M) 0.110ms
[1514.287s][info][gc,cpu         ] GC(238) User=0.00s Sys=0.00s Real=0.00s
[1514.287s][info][gc,marking     ] GC(238) Concurrent Clear Claimed Marks
[1514.287s][info][gc,marking     ] GC(238) Concurrent Clear Claimed Marks 0.028ms
[1514.287s][info][gc,marking     ] GC(238) Concurrent Cleanup for Next Mark
[1514.291s][info][gc,marking     ] GC(238) Concurrent Cleanup for Next Mark 3.828ms
[1514.291s][info][gc             ] GC(238) Concurrent Mark Cycle 925.704ms
.........[1523.113s][info][gc,start       ] GC(239) Pause Young (Prepare Mixed) (G1 Evacuation Pause)
[1523.113s][info][gc,task        ] GC(239) Using 6 workers of 6 for evacuation
[1523.231s][info][gc,phases      ] GC(239)   Pre Evacuate Collection Set: 0.35ms
[1523.231s][info][gc,phases      ] GC(239)   Merge Heap Roots: 0.58ms
[1523.231s][info][gc,phases      ] GC(239)   Evacuate Collection Set: 115.99ms
[1523.231s][info][gc,phases      ] GC(239)   Post Evacuate Collection Set: 0.89ms
[1523.231s][info][gc,phases      ] GC(239)   Other: 0.10ms
[1523.231s][info][gc,heap        ] GC(239) Eden regions: 1120->0(1115)
[1523.231s][info][gc,heap        ] GC(239) Survivor regions: 108->110(154)
[1523.231s][info][gc,heap        ] GC(239) Old regions: 498->530
[1523.231s][info][gc,heap        ] GC(239) Humongous regions: 80->80
[1523.231s][info][gc,metaspace   ] GC(239) Metaspace: 28945K(29248K)->28945K(29248K) NonClass: 24062K(24192K)->24062K(24192K) Class: 4883K(5056K)->4883K(5056K)
[1523.231s][info][gc             ] GC(239) Pause Young (Prepare Mixed) (G1 Evacuation Pause) 3609M->1437M(4096M) 118.063ms
[1523.231s][info][gc,cpu         ] GC(239) User=0.71s Sys=0.00s Real=0.11s
.........[1532.935s][info][gc,start       ] GC(240) Pause Young (Mixed) (G1 Evacuation Pause)
[1532.935s][info][gc,task        ] GC(240) Using 6 workers of 6 for evacuation
[1533.065s][info][gc,phases      ] GC(240)   Pre Evacuate Collection Set: 0.40ms
[1533.065s][info][gc,phases      ] GC(240)   Merge Heap Roots: 0.64ms
[1533.065s][info][gc,phases      ] GC(240)   Evacuate Collection Set: 128.13ms
[1533.065s][info][gc,phases      ] GC(240)   Post Evacuate Collection Set: 0.94ms
[1533.065s][info][gc,phases      ] GC(240)   Other: 0.08ms
[1533.066s][info][gc,heap        ] GC(240) Eden regions: 1115->0(1119)
[1533.066s][info][gc,heap        ] GC(240) Survivor regions: 110->109(154)
[1533.066s][info][gc,heap        ] GC(240) Old regions: 530->468
[1533.066s][info][gc,heap        ] GC(240) Humongous regions: 80->80
[1533.066s][info][gc,metaspace   ] GC(240) Metaspace: 28945K(29248K)->28945K(29248K) NonClass: 24062K(24192K)->24062K(24192K) Class: 4883K(5056K)->4883K(5056K)
[1533.066s][info][gc             ] GC(240) Pause Young (Mixed) (G1 Evacuation Pause) 3667M->1313M(4096M) 130.348ms
[1533.066s][info][gc,cpu         ] GC(240) User=0.78s Sys=0.00s Real=0.13s
..........[1542.632s][info][gc,start       ] GC(241) Pause Young (Concurrent Start) (G1 Evacuation Pause)
[1542.632s][info][gc,task        ] GC(241) Using 6 workers of 6 for evacuation
[1542.752s][info][gc,phases      ] GC(241)   Pre Evacuate Collection Set: 0.41ms
[1542.752s][info][gc,phases      ] GC(241)   Merge Heap Roots: 0.55ms
[1542.752s][info][gc,phases      ] GC(241)   Evacuate Collection Set: 117.16ms
[1542.752s][info][gc,phases      ] GC(241)   Post Evacuate Collection Set: 0.88ms
[1542.752s][info][gc,phases      ] GC(241)   Other: 0.13ms
[1542.752s][info][gc,heap        ] GC(241) Eden regions: 1119->0(1118)
[1542.752s][info][gc,heap        ] GC(241) Survivor regions: 109->110(154)
[1542.752s][info][gc,heap        ] GC(241) Old regions: 468->501
[1542.752s][info][gc,heap        ] GC(241) Humongous regions: 80->80
[1542.752s][info][gc,metaspace   ] GC(241) Metaspace: 28945K(29248K)->28945K(29248K) NonClass: 24062K(24192K)->24062K(24192K) Class: 4883K(5056K)->4883K(5056K)
[1542.752s][info][gc             ] GC(241) Pause Young (Concurrent Start) (G1 Evacuation Pause) 3551M->1379M(4096M) 119.246ms
[1542.752s][info][gc             ] GC(242) Concurrent Mark Cycle
[1542.752s][info][gc,marking     ] GC(242) Concurrent Scan Root Regions
[1542.752s][info][gc,cpu         ] GC(241) User=0.70s Sys=0.00s Real=0.12s
[1542.876s][info][gc,marking     ] GC(242) Concurrent Scan Root Regions 124.375ms
[1542.876s][info][gc,marking     ] GC(242) Concurrent Mark
[1542.876s][info][gc,marking     ] GC(242) Concurrent Mark From Roots
[1542.876s][info][gc,task        ] GC(242) Using 2 workers of 2 for marking
.[1543.438s][info][gc,marking     ] GC(242) Concurrent Mark From Roots 562.340ms
[1543.438s][info][gc,marking     ] GC(242) Concurrent Preclean
[1543.439s][info][gc,marking     ] GC(242) Concurrent Preclean 0.070ms
[1543.439s][info][gc,start       ] GC(242) Pause Remark
[1543.441s][info][gc             ] GC(242) Pause Remark 1557M->1557M(4096M) 2.455ms
[1543.441s][info][gc,cpu         ] GC(242) User=0.01s Sys=0.01s Real=0.00s
[1543.442s][info][gc,marking     ] GC(242) Concurrent Mark 565.446ms
[1543.442s][info][gc,marking     ] GC(242) Concurrent Rebuild Remembered Sets and Scrub Regions
[1543.645s][info][gc,marking     ] GC(242) Concurrent Rebuild Remembered Sets and Scrub Regions 203.854ms
[1543.646s][info][gc,start       ] GC(242) Pause Cleanup
[1543.646s][info][gc             ] GC(242) Pause Cleanup 1605M->1605M(4096M) 0.121ms
[1543.646s][info][gc,cpu         ] GC(242) User=0.00s Sys=0.00s Real=0.00s
[1543.646s][info][gc,marking     ] GC(242) Concurrent Clear Claimed Marks
[1543.646s][info][gc,marking     ] GC(242) Concurrent Clear Claimed Marks 0.032ms
[1543.646s][info][gc,marking     ] GC(242) Concurrent Cleanup for Next Mark
[1543.649s][info][gc,marking     ] GC(242) Concurrent Cleanup for Next Mark 3.175ms
[1543.649s][info][gc             ] GC(242) Concurrent Mark Cycle 897.325ms
.........[1552.390s][info][gc,start       ] GC(243) Pause Young (Prepare Mixed) (G1 Evacuation Pause)
[1552.391s][info][gc,task        ] GC(243) Using 6 workers of 6 for evacuation
[1552.507s][info][gc,phases      ] GC(243)   Pre Evacuate Collection Set: 0.34ms
[1552.507s][info][gc,phases      ] GC(243)   Merge Heap Roots: 0.50ms
[1552.507s][info][gc,phases      ] GC(243)   Evacuate Collection Set: 115.02ms
[1552.507s][info][gc,phases      ] GC(243)   Post Evacuate Collection Set: 0.92ms
[1552.507s][info][gc,phases      ] GC(243)   Other: 0.08ms
[1552.507s][info][gc,heap        ] GC(243) Eden regions: 1118->0(1116)
[1552.507s][info][gc,heap        ] GC(243) Survivor regions: 110->108(154)
[1552.507s][info][gc,heap        ] GC(243) Old regions: 501->533
[1552.507s][info][gc,heap        ] GC(243) Humongous regions: 80->80
[1552.507s][info][gc,metaspace   ] GC(243) Metaspace: 28945K(29248K)->28945K(29248K) NonClass: 24062K(24192K)->24062K(24192K) Class: 4883K(5056K)->4883K(5056K)
[1552.507s][info][gc             ] GC(243) Pause Young (Prepare Mixed) (G1 Evacuation Pause) 3615M->1440M(4096M) 117.017ms
[1552.508s][info][gc,cpu         ] GC(243) User=0.70s Sys=0.00s Real=0.12s
. (rIR:aIR:PR = 1937:1938:1938) (tPR = 28897) [OK] 
  1552s: Performance info:
         Transaction,    Success,    Partial,     Failed,   Receipts, AvgBarcode, 
             Overall,     116451,          0,          0,     110625,      59.48, 
         Response times:
             Request,    Success,    Partial,     Failed,   SkipFail,     Probes,    Samples,      min,      p50,      p90,      p95,      p99,      max, 
       TotalPurchase,     110625,          0,          0,          0,     108207,     118300,      300,     1700,     2600,     2900,     8700,   136000,
     InStorePurchase,      58266,          0,          0,          0,      57070,      62165,      300,     1800,     2600,     2900,     9400,   136000,
      OnlinePurchase,      40728,          0,          0,          0,      39886,      43540,      300,     1600,     2500,     2800,     7200,   136000,
        InstPurchase,      11631,          0,          0,          0,      11251,      12595,      400,     1900,     2700,     3100,    11312,   136000,
          AssocOfCat,        117,          0,          0,          0,        110,        122,    17900,    25000,    31700,    36000,    56470,    59000,
      AssocOfProduct,       1163,          0,          0,          0,       1051,       1247,      600,     2300,     2900,     3200,    12400,   120000,
      BusinessReport,        292,          0,          0,          0,        221,        301,    21000,    28000,    36800,    46800,   161440,   180000,
          CustBuyBeh,       1168,          0,          0,          0,       1025,       1211,      200,      900,     1500,     1840,     4476,     9200,
       ProductReturn,       3086,          0,          0,          0,       2911,       3384,      200,     1700,     2500,     2800,     7500,   133000,

  1552s: (15%)   IR =   2076 .....|...[1561.590s][info][gc,start       ] GC(244) Pause Young (Mixed) (G1 Evacuation Pause)
[1561.590s][info][gc,task        ] GC(244) Using 6 workers of 6 for evacuation
[1561.724s][info][gc,phases      ] GC(244)   Pre Evacuate Collection Set: 0.35ms
[1561.724s][info][gc,phases      ] GC(244)   Merge Heap Roots: 0.61ms
[1561.724s][info][gc,phases      ] GC(244)   Evacuate Collection Set: 131.60ms
[1561.724s][info][gc,phases      ] GC(244)   Post Evacuate Collection Set: 0.97ms
[1561.724s][info][gc,phases      ] GC(244)   Other: 0.08ms
[1561.724s][info][gc,heap        ] GC(244) Eden regions: 1116->0(1117)
[1561.724s][info][gc,heap        ] GC(244) Survivor regions: 108->111(153)
[1561.724s][info][gc,heap        ] GC(244) Old regions: 533->466
[1561.724s][info][gc,heap        ] GC(244) Humongous regions: 80->80
[1561.724s][info][gc,metaspace   ] GC(244) Metaspace: 28948K(29312K)->28948K(29312K) NonClass: 24064K(24256K)->24064K(24256K) Class: 4883K(5056K)->4883K(5056K)
[1561.724s][info][gc             ] GC(244) Pause Young (Mixed) (G1 Evacuation Pause) 3672M->1312M(4096M) 133.739ms
[1561.724s][info][gc,cpu         ] GC(244) User=0.79s Sys=0.00s Real=0.14s
.........[1570.626s][info][gc,start       ] GC(245) Pause Young (Concurrent Start) (G1 Evacuation Pause)
[1570.627s][info][gc,task        ] GC(245) Using 6 workers of 6 for evacuation
[1570.754s][info][gc,phases      ] GC(245)   Pre Evacuate Collection Set: 0.37ms
[1570.754s][info][gc,phases      ] GC(245)   Merge Heap Roots: 0.49ms
[1570.754s][info][gc,phases      ] GC(245)   Evacuate Collection Set: 125.55ms
[1570.754s][info][gc,phases      ] GC(245)   Post Evacuate Collection Set: 0.90ms
[1570.754s][info][gc,phases      ] GC(245)   Other: 0.10ms
[1570.754s][info][gc,heap        ] GC(245) Eden regions: 1117->0(1118)
[1570.754s][info][gc,heap        ] GC(245) Survivor regions: 111->110(154)
[1570.754s][info][gc,heap        ] GC(245) Old regions: 466->498
[1570.754s][info][gc,heap        ] GC(245) Humongous regions: 80->80
[1570.754s][info][gc,metaspace   ] GC(245) Metaspace: 28948K(29312K)->28948K(29312K) NonClass: 24064K(24256K)->24064K(24256K) Class: 4883K(5056K)->4883K(5056K)
[1570.754s][info][gc             ] GC(245) Pause Young (Concurrent Start) (G1 Evacuation Pause) 3546M->1374M(4096M) 127.535ms
[1570.754s][info][gc             ] GC(246) Concurrent Mark Cycle
[1570.754s][info][gc,marking     ] GC(246) Concurrent Scan Root Regions
[1570.754s][info][gc,cpu         ] GC(245) User=0.76s Sys=0.00s Real=0.13s
[1570.894s][info][gc,marking     ] GC(246) Concurrent Scan Root Regions 139.982ms
[1570.894s][info][gc,marking     ] GC(246) Concurrent Mark
[1570.894s][info][gc,marking     ] GC(246) Concurrent Mark From Roots
[1570.894s][info][gc,task        ] GC(246) Using 2 workers of 2 for marking
.[1571.472s][info][gc,marking     ] GC(246) Concurrent Mark From Roots 577.657ms
[1571.472s][info][gc,marking     ] GC(246) Concurrent Preclean
[1571.472s][info][gc,marking     ] GC(246) Concurrent Preclean 0.058ms
[1571.472s][info][gc,start       ] GC(246) Pause Remark
[1571.475s][info][gc             ] GC(246) Pause Remark 1576M->1576M(4096M) 2.588ms
[1571.475s][info][gc,cpu         ] GC(246) User=0.01s Sys=0.00s Real=0.00s
[1571.475s][info][gc,marking     ] GC(246) Concurrent Mark 580.602ms
[1571.475s][info][gc,marking     ] GC(246) Concurrent Rebuild Remembered Sets and Scrub Regions
[1571.817s][info][gc,marking     ] GC(246) Concurrent Rebuild Remembered Sets and Scrub Regions 342.633ms
[1571.817s][info][gc,start       ] GC(246) Pause Cleanup
[1571.818s][info][gc             ] GC(246) Pause Cleanup 1659M->1659M(4096M) 0.117ms
[1571.818s][info][gc,cpu         ] GC(246) User=0.00s Sys=0.00s Real=0.00s
[1571.818s][info][gc,marking     ] GC(246) Concurrent Clear Claimed Marks
[1571.818s][info][gc,marking     ] GC(246) Concurrent Clear Claimed Marks 0.032ms
[1571.818s][info][gc,marking     ] GC(246) Concurrent Cleanup for Next Mark
[1571.821s][info][gc,marking     ] GC(246) Concurrent Cleanup for Next Mark 3.579ms
[1571.821s][info][gc             ] GC(246) Concurrent Mark Cycle 1067.258ms
........[1579.851s][info][gc,start       ] GC(247) Pause Young (Prepare Mixed) (G1 Evacuation Pause)
[1579.851s][info][gc,task        ] GC(247) Using 6 workers of 6 for evacuation
[1579.973s][info][gc,phases      ] GC(247)   Pre Evacuate Collection Set: 0.37ms
[1579.973s][info][gc,phases      ] GC(247)   Merge Heap Roots: 0.52ms
[1579.973s][info][gc,phases      ] GC(247)   Evacuate Collection Set: 120.46ms
[1579.973s][info][gc,phases      ] GC(247)   Post Evacuate Collection Set: 0.96ms
[1579.973s][info][gc,phases      ] GC(247)   Other: 0.09ms
[1579.973s][info][gc,heap        ] GC(247) Eden regions: 1118->0(1115)
[1579.973s][info][gc,heap        ] GC(247) Survivor regions: 110->110(154)
[1579.973s][info][gc,heap        ] GC(247) Old regions: 498->530
[1579.973s][info][gc,heap        ] GC(247) Humongous regions: 80->80
[1579.973s][info][gc,metaspace   ] GC(247) Metaspace: 28948K(29312K)->28948K(29312K) NonClass: 24064K(24256K)->24064K(24256K) Class: 4883K(5056K)->4883K(5056K)
[1579.973s][info][gc             ] GC(247) Pause Young (Prepare Mixed) (G1 Evacuation Pause) 3610M->1438M(4096M) 122.549ms
[1579.974s][info][gc,cpu         ] GC(247) User=0.72s Sys=0.01s Real=0.13s
.........[1588.930s][info][gc,start       ] GC(248) Pause Young (Mixed) (G1 Evacuation Pause)
[1588.930s][info][gc,task        ] GC(248) Using 6 workers of 6 for evacuation
[1589.065s][info][gc,phases      ] GC(248)   Pre Evacuate Collection Set: 0.42ms
[1589.065s][info][gc,phases      ] GC(248)   Merge Heap Roots: 0.75ms
[1589.065s][info][gc,phases      ] GC(248)   Evacuate Collection Set: 132.28ms
[1589.065s][info][gc,phases      ] GC(248)   Post Evacuate Collection Set: 0.95ms
[1589.065s][info][gc,phases      ] GC(248)   Other: 0.09ms
[1589.065s][info][gc,heap        ] GC(248) Eden regions: 1115->0(1119)
[1589.065s][info][gc,heap        ] GC(248) Survivor regions: 110->109(154)
[1589.065s][info][gc,heap        ] GC(248) Old regions: 530->468
[1589.065s][info][gc,heap        ] GC(248) Humongous regions: 80->80
[1589.065s][info][gc,metaspace   ] GC(248) Metaspace: 28948K(29312K)->28948K(29312K) NonClass: 24064K(24256K)->24064K(24256K) Class: 4883K(5056K)->4883K(5056K)
[1589.065s][info][gc             ] GC(248) Pause Young (Mixed) (G1 Evacuation Pause) 3668M->1312M(4096M) 134.633ms
[1589.065s][info][gc,cpu         ] GC(248) User=0.80s Sys=0.00s Real=0.14s
.........[1598.032s][info][gc,start       ] GC(249) Pause Young (Concurrent Start) (G1 Evacuation Pause)
[1598.032s][info][gc,task        ] GC(249) Using 6 workers of 6 for evacuation
[1598.149s][info][gc,phases      ] GC(249)   Pre Evacuate Collection Set: 0.41ms
[1598.149s][info][gc,phases      ] GC(249)   Merge Heap Roots: 0.54ms
[1598.149s][info][gc,phases      ] GC(249)   Evacuate Collection Set: 115.26ms
[1598.149s][info][gc,phases      ] GC(249)   Post Evacuate Collection Set: 0.89ms
[1598.149s][info][gc,phases      ] GC(249)   Other: 0.16ms
[1598.149s][info][gc,heap        ] GC(249) Eden regions: 1119->0(1118)
[1598.149s][info][gc,heap        ] GC(249) Survivor regions: 109->110(154)
[1598.149s][info][gc,heap        ] GC(249) Old regions: 468->500
[1598.149s][info][gc,heap        ] GC(249) Humongous regions: 80->80
[1598.149s][info][gc,metaspace   ] GC(249) Metaspace: 28948K(29312K)->28948K(29312K) NonClass: 24064K(24256K)->24064K(24256K) Class: 4883K(5056K)->4883K(5056K)
[1598.149s][info][gc             ] GC(249) Pause Young (Concurrent Start) (G1 Evacuation Pause) 3550M->1378M(4096M) 117.376ms
[1598.149s][info][gc             ] GC(250) Concurrent Mark Cycle
[1598.149s][info][gc,marking     ] GC(250) Concurrent Scan Root Regions
[1598.150s][info][gc,cpu         ] GC(249) User=0.70s Sys=0.00s Real=0.11s
.[1598.279s][info][gc,marking     ] GC(250) Concurrent Scan Root Regions 129.270ms
[1598.279s][info][gc,marking     ] GC(250) Concurrent Mark
[1598.279s][info][gc,marking     ] GC(250) Concurrent Mark From Roots
[1598.279s][info][gc,task        ] GC(250) Using 2 workers of 2 for marking
[1598.882s][info][gc,marking     ] GC(250) Concurrent Mark From Roots 603.365ms
[1598.882s][info][gc,marking     ] GC(250) Concurrent Preclean
[1598.882s][info][gc,marking     ] GC(250) Concurrent Preclean 0.043ms
[1598.882s][info][gc,start       ] GC(250) Pause Remark
[1598.885s][info][gc             ] GC(250) Pause Remark 1586M->1586M(4096M) 2.623ms
[1598.885s][info][gc,cpu         ] GC(250) User=0.01s Sys=0.00s Real=0.00s
[1598.885s][info][gc,marking     ] GC(250) Concurrent Mark 606.259ms
[1598.885s][info][gc,marking     ] GC(250) Concurrent Rebuild Remembered Sets and Scrub Regions
[1599.114s][info][gc,marking     ] GC(250) Concurrent Rebuild Remembered Sets and Scrub Regions 229.345ms
[1599.115s][info][gc,start       ] GC(250) Pause Cleanup
[1599.115s][info][gc             ] GC(250) Pause Cleanup 1635M->1635M(4096M) 0.136ms
[1599.115s][info][gc,cpu         ] GC(250) User=0.00s Sys=0.00s Real=0.00s
[1599.115s][info][gc,marking     ] GC(250) Concurrent Clear Claimed Marks
[1599.115s][info][gc,marking     ] GC(250) Concurrent Clear Claimed Marks 0.032ms
[1599.115s][info][gc,marking     ] GC(250) Concurrent Cleanup for Next Mark
[1599.120s][info][gc,marking     ] GC(250) Concurrent Cleanup for Next Mark 5.063ms
[1599.120s][info][gc             ] GC(250) Concurrent Mark Cycle 970.484ms
.........[1607.185s][info][gc,start       ] GC(251) Pause Young (Prepare Mixed) (G1 Evacuation Pause)
[1607.185s][info][gc,task        ] GC(251) Using 6 workers of 6 for evacuation
[1607.301s][info][gc,phases      ] GC(251)   Pre Evacuate Collection Set: 0.33ms
[1607.301s][info][gc,phases      ] GC(251)   Merge Heap Roots: 0.58ms
[1607.301s][info][gc,phases      ] GC(251)   Evacuate Collection Set: 113.66ms
[1607.301s][info][gc,phases      ] GC(251)   Post Evacuate Collection Set: 0.95ms
[1607.301s][info][gc,phases      ] GC(251)   Other: 0.09ms
[1607.301s][info][gc,heap        ] GC(251) Eden regions: 1118->0(1117)
[1607.301s][info][gc,heap        ] GC(251) Survivor regions: 110->108(154)
[1607.301s][info][gc,heap        ] GC(251) Old regions: 500->532
[1607.301s][info][gc,heap        ] GC(251) Humongous regions: 80->80
[1607.301s][info][gc,metaspace   ] GC(251) Metaspace: 28948K(29312K)->28948K(29312K) NonClass: 24064K(24256K)->24064K(24256K) Class: 4883K(5056K)->4883K(5056K)
[1607.301s][info][gc             ] GC(251) Pause Young (Prepare Mixed) (G1 Evacuation Pause) 3614M->1437M(4096M) 115.744ms
[1607.301s][info][gc,cpu         ] GC(251) User=0.69s Sys=0.00s Real=0.11s
.........[1616.376s][info][gc,start       ] GC(252) Pause Young (Mixed) (G1 Evacuation Pause)
[1616.376s][info][gc,task        ] GC(252) Using 6 workers of 6 for evacuation
[1616.507s][info][gc,phases      ] GC(252)   Pre Evacuate Collection Set: 0.44ms
[1616.507s][info][gc,phases      ] GC(252)   Merge Heap Roots: 0.69ms
[1616.507s][info][gc,phases      ] GC(252)   Evacuate Collection Set: 128.56ms
[1616.507s][info][gc,phases      ] GC(252)   Post Evacuate Collection Set: 0.96ms
[1616.507s][info][gc,phases      ] GC(252)   Other: 0.10ms
[1616.507s][info][gc,heap        ] GC(252) Eden regions: 1117->0(1120)
[1616.507s][info][gc,heap        ] GC(252) Survivor regions: 108->108(154)
[1616.507s][info][gc,heap        ] GC(252) Old regions: 532->467
[1616.507s][info][gc,heap        ] GC(252) Humongous regions: 80->80
[1616.507s][info][gc,metaspace   ] GC(252) Metaspace: 28948K(29312K)->28948K(29312K) NonClass: 24064K(24256K)->24064K(24256K) Class: 4883K(5056K)->4883K(5056K)
[1616.507s][info][gc             ] GC(252) Pause Young (Mixed) (G1 Evacuation Pause) 3671M->1307M(4096M) 130.876ms
[1616.507s][info][gc,cpu         ] GC(252) User=0.77s Sys=0.00s Real=0.13s
.. (rIR:aIR:PR = 2076:2076:2076) (tPR = 30804) [OK] 
  1617s: Performance info:
         Transaction,    Success,    Partial,     Failed,   Receipts, AvgBarcode, 
             Overall,     124696,          0,          0,     118473,      59.47, 
         Response times:
             Request,    Success,    Partial,     Failed,   SkipFail,     Probes,    Samples,      min,      p50,      p90,      p95,      p99,      max, 
       TotalPurchase,     118473,          0,          0,          0,     115416,     126513,      300,     1800,     2800,     3200,     8000,   138000,
     InStorePurchase,      62373,          0,          0,          0,      60973,      66539,      300,     1900,     2800,     3200,     8700,   138000,
      OnlinePurchase,      43632,          0,          0,          0,      42573,      46772,      300,     1900,     2800,     3200,     7600,   138000,
        InstPurchase,      12468,          0,          0,          0,      11870,      13202,      400,     1400,     2600,     3000,     6897,   134000,
          AssocOfCat,        127,          0,          0,          0,         93,        128,    18700,    26000,    31100,    35000,   139170,   176000,
      AssocOfProduct,       1244,          0,          0,          0,       1098,       1335,      800,     2100,     2840,     3300,    10360,   126000,
      BusinessReport,        311,          0,          0,          0,        245,        334,    22000,    29000,    39000,    45000,   150200,   187000,
          CustBuyBeh,       1245,          0,          0,          0,       1087,       1346,      300,     1700,     2600,     3000,     7100,   134000,
       ProductReturn,       3296,          0,          0,          0,       3095,       3582,      400,     2200,     3000,     3400,     9734,    35000,

  1617s: (16%)   IR =   2214 .....|.[1624.982s][info][gc,start       ] GC(253) Pause Young (Concurrent Start) (G1 Evacuation Pause)
[1624.982s][info][gc,task        ] GC(253) Using 6 workers of 6 for evacuation
[1625.097s][info][gc,phases      ] GC(253)   Pre Evacuate Collection Set: 0.42ms
[1625.097s][info][gc,phases      ] GC(253)   Merge Heap Roots: 0.49ms
[1625.097s][info][gc,phases      ] GC(253)   Evacuate Collection Set: 113.64ms
[1625.097s][info][gc,phases      ] GC(253)   Post Evacuate Collection Set: 0.89ms
[1625.097s][info][gc,phases      ] GC(253)   Other: 0.12ms
[1625.097s][info][gc,heap        ] GC(253) Eden regions: 1120->0(1120)
[1625.097s][info][gc,heap        ] GC(253) Survivor regions: 108->108(154)
[1625.097s][info][gc,heap        ] GC(253) Old regions: 467->499
[1625.097s][info][gc,heap        ] GC(253) Humongous regions: 80->80
[1625.097s][info][gc,metaspace   ] GC(253) Metaspace: 28950K(29312K)->28950K(29312K) NonClass: 24066K(24256K)->24066K(24256K) Class: 4883K(5056K)->4883K(5056K)
[1625.097s][info][gc             ] GC(253) Pause Young (Concurrent Start) (G1 Evacuation Pause) 3547M->1373M(4096M) 115.717ms
[1625.097s][info][gc             ] GC(254) Concurrent Mark Cycle
[1625.097s][info][gc,marking     ] GC(254) Concurrent Scan Root Regions
[1625.097s][info][gc,cpu         ] GC(253) User=0.69s Sys=0.00s Real=0.11s
.[1625.206s][info][gc,marking     ] GC(254) Concurrent Scan Root Regions 108.830ms
[1625.206s][info][gc,marking     ] GC(254) Concurrent Mark
[1625.206s][info][gc,marking     ] GC(254) Concurrent Mark From Roots
[1625.206s][info][gc,task        ] GC(254) Using 2 workers of 2 for marking
[1625.762s][info][gc,marking     ] GC(254) Concurrent Mark From Roots 555.937ms
[1625.762s][info][gc,marking     ] GC(254) Concurrent Preclean
[1625.762s][info][gc,marking     ] GC(254) Concurrent Preclean 0.058ms
[1625.762s][info][gc,start       ] GC(254) Pause Remark
[1625.765s][info][gc             ] GC(254) Pause Remark 1582M->1582M(4096M) 2.916ms
[1625.765s][info][gc,cpu         ] GC(254) User=0.01s Sys=0.00s Real=0.00s
[1625.765s][info][gc,marking     ] GC(254) Concurrent Mark 559.164ms
[1625.765s][info][gc,marking     ] GC(254) Concurrent Rebuild Remembered Sets and Scrub Regions
[1626.002s][info][gc,marking     ] GC(254) Concurrent Rebuild Remembered Sets and Scrub Regions 236.491ms
[1626.002s][info][gc,start       ] GC(254) Pause Cleanup
[1626.002s][info][gc             ] GC(254) Pause Cleanup 1641M->1641M(4096M) 0.123ms
[1626.002s][info][gc,cpu         ] GC(254) User=0.00s Sys=0.00s Real=0.00s
[1626.002s][info][gc,marking     ] GC(254) Concurrent Clear Claimed Marks
[1626.002s][info][gc,marking     ] GC(254) Concurrent Clear Claimed Marks 0.031ms
[1626.002s][info][gc,marking     ] GC(254) Concurrent Cleanup for Next Mark
[1626.006s][info][gc,marking     ] GC(254) Concurrent Cleanup for Next Mark 3.394ms
[1626.006s][info][gc             ] GC(254) Concurrent Mark Cycle 908.432ms
........[1633.575s][info][gc,start       ] GC(255) Pause Young (Prepare Mixed) (G1 Evacuation Pause)
[1633.575s][info][gc,task        ] GC(255) Using 6 workers of 6 for evacuation
[1633.691s][info][gc,phases      ] GC(255)   Pre Evacuate Collection Set: 0.33ms
[1633.691s][info][gc,phases      ] GC(255)   Merge Heap Roots: 0.55ms
[1633.691s][info][gc,phases      ] GC(255)   Evacuate Collection Set: 113.97ms
[1633.691s][info][gc,phases      ] GC(255)   Post Evacuate Collection Set: 0.92ms
[1633.691s][info][gc,phases      ] GC(255)   Other: 0.10ms
[1633.691s][info][gc,heap        ] GC(255) Eden regions: 1120->0(1117)
[1633.691s][info][gc,heap        ] GC(255) Survivor regions: 108->108(154)
[1633.691s][info][gc,heap        ] GC(255) Old regions: 499->532
[1633.691s][info][gc,heap        ] GC(255) Humongous regions: 80->80
[1633.691s][info][gc,metaspace   ] GC(255) Metaspace: 28950K(29312K)->28950K(29312K) NonClass: 24066K(24256K)->24066K(24256K) Class: 4883K(5056K)->4883K(5056K)
[1633.691s][info][gc             ] GC(255) Pause Young (Prepare Mixed) (G1 Evacuation Pause) 3613M->1438M(4096M) 115.984ms
[1633.691s][info][gc,cpu         ] GC(255) User=0.69s Sys=0.00s Real=0.11s
........[1642.165s][info][gc,start       ] GC(256) Pause Young (Mixed) (G1 Evacuation Pause)
[1642.165s][info][gc,task        ] GC(256) Using 6 workers of 6 for evacuation
[1642.300s][info][gc,phases      ] GC(256)   Pre Evacuate Collection Set: 0.37ms
[1642.300s][info][gc,phases      ] GC(256)   Merge Heap Roots: 0.74ms
[1642.300s][info][gc,phases      ] GC(256)   Evacuate Collection Set: 133.06ms
[1642.300s][info][gc,phases      ] GC(256)   Post Evacuate Collection Set: 0.94ms
[1642.300s][info][gc,phases      ] GC(256)   Other: 0.09ms
[1642.300s][info][gc,heap        ] GC(256) Eden regions: 1117->0(1119)
[1642.300s][info][gc,heap        ] GC(256) Survivor regions: 108->109(154)
[1642.300s][info][gc,heap        ] GC(256) Old regions: 532->467
[1642.300s][info][gc,heap        ] GC(256) Humongous regions: 80->80
[1642.300s][info][gc,metaspace   ] GC(256) Metaspace: 28950K(29312K)->28950K(29312K) NonClass: 24066K(24256K)->24066K(24256K) Class: 4883K(5056K)->4883K(5056K)
[1642.300s][info][gc             ] GC(256) Pause Young (Mixed) (G1 Evacuation Pause) 3672M->1310M(4096M) 135.345ms
[1642.300s][info][gc,cpu         ] GC(256) User=0.81s Sys=0.00s Real=0.13s
.........[1650.694s][info][gc,start       ] GC(257) Pause Young (Concurrent Start) (G1 Evacuation Pause)
[1650.694s][info][gc,task        ] GC(257) Using 6 workers of 6 for evacuation
[1650.810s][info][gc,phases      ] GC(257)   Pre Evacuate Collection Set: 0.37ms
[1650.810s][info][gc,phases      ] GC(257)   Merge Heap Roots: 0.47ms
[1650.810s][info][gc,phases      ] GC(257)   Evacuate Collection Set: 113.61ms
[1650.810s][info][gc,phases      ] GC(257)   Post Evacuate Collection Set: 0.89ms
[1650.810s][info][gc,phases      ] GC(257)   Other: 0.12ms
[1650.810s][info][gc,heap        ] GC(257) Eden regions: 1119->0(1120)
[1650.810s][info][gc,heap        ] GC(257) Survivor regions: 109->108(154)
[1650.810s][info][gc,heap        ] GC(257) Old regions: 467->499
[1650.810s][info][gc,heap        ] GC(257) Humongous regions: 80->80
[1650.810s][info][gc,metaspace   ] GC(257) Metaspace: 28950K(29312K)->28950K(29312K) NonClass: 24066K(24256K)->24066K(24256K) Class: 4883K(5056K)->4883K(5056K)
[1650.810s][info][gc             ] GC(257) Pause Young (Concurrent Start) (G1 Evacuation Pause) 3548M->1372M(4096M) 115.593ms
[1650.810s][info][gc             ] GC(258) Concurrent Mark Cycle
[1650.810s][info][gc,marking     ] GC(258) Concurrent Scan Root Regions
[1650.810s][info][gc,cpu         ] GC(257) User=0.69s Sys=0.00s Real=0.11s
[1650.936s][info][gc,marking     ] GC(258) Concurrent Scan Root Regions 126.539ms
[1650.936s][info][gc,marking     ] GC(258) Concurrent Mark
[1650.936s][info][gc,marking     ] GC(258) Concurrent Mark From Roots
[1650.936s][info][gc,task        ] GC(258) Using 2 workers of 2 for marking
.[1651.525s][info][gc,marking     ] GC(258) Concurrent Mark From Roots 588.962ms
[1651.525s][info][gc,marking     ] GC(258) Concurrent Preclean
[1651.525s][info][gc,marking     ] GC(258) Concurrent Preclean 0.064ms
[1651.525s][info][gc,start       ] GC(258) Pause Remark
[1651.528s][info][gc             ] GC(258) Pause Remark 1606M->1606M(4096M) 2.573ms
[1651.528s][info][gc,cpu         ] GC(258) User=0.02s Sys=0.00s Real=0.00s
[1651.528s][info][gc,marking     ] GC(258) Concurrent Mark 591.898ms
[1651.528s][info][gc,marking     ] GC(258) Concurrent Rebuild Remembered Sets and Scrub Regions
[1651.755s][info][gc,marking     ] GC(258) Concurrent Rebuild Remembered Sets and Scrub Regions 226.932ms
[1651.755s][info][gc,start       ] GC(258) Pause Cleanup
[1651.755s][info][gc             ] GC(258) Pause Cleanup 1659M->1659M(4096M) 0.124ms
[1651.755s][info][gc,cpu         ] GC(258) User=0.00s Sys=0.00s Real=0.00s
[1651.755s][info][gc,marking     ] GC(258) Concurrent Clear Claimed Marks
[1651.755s][info][gc,marking     ] GC(258) Concurrent Clear Claimed Marks 0.037ms
[1651.755s][info][gc,marking     ] GC(258) Concurrent Cleanup for Next Mark
[1651.759s][info][gc,marking     ] GC(258) Concurrent Cleanup for Next Mark 3.176ms
[1651.759s][info][gc             ] GC(258) Concurrent Mark Cycle 949.006ms
.......[1659.291s][info][gc,start       ] GC(259) Pause Young (Prepare Mixed) (G1 Evacuation Pause)
[1659.291s][info][gc,task        ] GC(259) Using 6 workers of 6 for evacuation
[1659.407s][info][gc,phases      ] GC(259)   Pre Evacuate Collection Set: 0.34ms
[1659.407s][info][gc,phases      ] GC(259)   Merge Heap Roots: 0.51ms
[1659.407s][info][gc,phases      ] GC(259)   Evacuate Collection Set: 113.97ms
[1659.407s][info][gc,phases      ] GC(259)   Post Evacuate Collection Set: 0.93ms
[1659.407s][info][gc,phases      ] GC(259)   Other: 0.10ms
[1659.407s][info][gc,heap        ] GC(259) Eden regions: 1120->0(1117)
[1659.407s][info][gc,heap        ] GC(259) Survivor regions: 108->108(154)
[1659.407s][info][gc,heap        ] GC(259) Old regions: 499->532
[1659.407s][info][gc,heap        ] GC(259) Humongous regions: 80->80
[1659.407s][info][gc,metaspace   ] GC(259) Metaspace: 28950K(29312K)->28950K(29312K) NonClass: 24066K(24256K)->24066K(24256K) Class: 4883K(5056K)->4883K(5056K)
[1659.407s][info][gc             ] GC(259) Pause Young (Prepare Mixed) (G1 Evacuation Pause) 3612M->1437M(4096M) 115.993ms
[1659.407s][info][gc,cpu         ] GC(259) User=0.69s Sys=0.00s Real=0.12s
.........[1667.727s][info][gc,start       ] GC(260) Pause Young (Mixed) (G1 Evacuation Pause)
[1667.727s][info][gc,task        ] GC(260) Using 6 workers of 6 for evacuation
[1667.859s][info][gc,phases      ] GC(260)   Pre Evacuate Collection Set: 0.40ms
[1667.859s][info][gc,phases      ] GC(260)   Merge Heap Roots: 0.70ms
[1667.859s][info][gc,phases      ] GC(260)   Evacuate Collection Set: 129.32ms
[1667.859s][info][gc,phases      ] GC(260)   Post Evacuate Collection Set: 0.98ms
[1667.859s][info][gc,phases      ] GC(260)   Other: 0.09ms
[1667.859s][info][gc,heap        ] GC(260) Eden regions: 1117->0(1120)
[1667.859s][info][gc,heap        ] GC(260) Survivor regions: 108->108(154)
[1667.859s][info][gc,heap        ] GC(260) Old regions: 532->467
[1667.859s][info][gc,heap        ] GC(260) Humongous regions: 80->80
[1667.859s][info][gc,metaspace   ] GC(260) Metaspace: 28950K(29312K)->28950K(29312K) NonClass: 24066K(24256K)->24066K(24256K) Class: 4883K(5056K)->4883K(5056K)
[1667.859s][info][gc             ] GC(260) Pause Young (Mixed) (G1 Evacuation Pause) 3671M->1309M(4096M) 131.614ms
[1667.859s][info][gc,cpu         ] GC(260) User=0.78s Sys=0.00s Real=0.13s
........[1676.312s][info][gc,start       ] GC(261) Pause Young (Concurrent Start) (G1 Evacuation Pause)
[1676.312s][info][gc,task        ] GC(261) Using 6 workers of 6 for evacuation
[1676.427s][info][gc,phases      ] GC(261)   Pre Evacuate Collection Set: 0.38ms
[1676.427s][info][gc,phases      ] GC(261)   Merge Heap Roots: 0.48ms
[1676.427s][info][gc,phases      ] GC(261)   Evacuate Collection Set: 112.82ms
[1676.427s][info][gc,phases      ] GC(261)   Post Evacuate Collection Set: 0.89ms
[1676.427s][info][gc,phases      ] GC(261)   Other: 0.10ms
[1676.427s][info][gc,heap        ] GC(261) Eden regions: 1120->0(1120)
[1676.427s][info][gc,heap        ] GC(261) Survivor regions: 108->108(154)
[1676.427s][info][gc,heap        ] GC(261) Old regions: 467->500
[1676.427s][info][gc,heap        ] GC(261) Humongous regions: 80->80
[1676.427s][info][gc,metaspace   ] GC(261) Metaspace: 28950K(29312K)->28950K(29312K) NonClass: 24066K(24256K)->24066K(24256K) Class: 4883K(5056K)->4883K(5056K)
[1676.427s][info][gc             ] GC(261) Pause Young (Concurrent Start) (G1 Evacuation Pause) 3549M->1375M(4096M) 114.791ms
[1676.427s][info][gc             ] GC(262) Concurrent Mark Cycle
[1676.427s][info][gc,marking     ] GC(262) Concurrent Scan Root Regions
[1676.427s][info][gc,cpu         ] GC(261) User=0.68s Sys=0.00s Real=0.11s
.[1676.546s][info][gc,marking     ] GC(262) Concurrent Scan Root Regions 119.247ms
[1676.546s][info][gc,marking     ] GC(262) Concurrent Mark
[1676.546s][info][gc,marking     ] GC(262) Concurrent Mark From Roots
[1676.546s][info][gc,task        ] GC(262) Using 2 workers of 2 for marking
[1677.153s][info][gc,marking     ] GC(262) Concurrent Mark From Roots 606.339ms
[1677.153s][info][gc,marking     ] GC(262) Concurrent Preclean
[1677.153s][info][gc,marking     ] GC(262) Concurrent Preclean 0.044ms
[1677.153s][info][gc,start       ] GC(262) Pause Remark
[1677.155s][info][gc             ] GC(262) Pause Remark 1622M->1622M(4096M) 2.610ms
[1677.156s][info][gc,cpu         ] GC(262) User=0.01s Sys=0.00s Real=0.00s
[1677.156s][info][gc,marking     ] GC(262) Concurrent Mark 609.237ms
[1677.156s][info][gc,marking     ] GC(262) Concurrent Rebuild Remembered Sets and Scrub Regions
[1677.370s][info][gc,marking     ] GC(262) Concurrent Rebuild Remembered Sets and Scrub Regions 214.279ms
[1677.370s][info][gc,start       ] GC(262) Pause Cleanup
[1677.370s][info][gc             ] GC(262) Pause Cleanup 1669M->1669M(4096M) 0.117ms
[1677.370s][info][gc,cpu         ] GC(262) User=0.00s Sys=0.00s Real=0.00s
[1677.370s][info][gc,marking     ] GC(262) Concurrent Clear Claimed Marks
[1677.370s][info][gc,marking     ] GC(262) Concurrent Clear Claimed Marks 0.031ms
[1677.370s][info][gc,marking     ] GC(262) Concurrent Cleanup for Next Mark
[1677.373s][info][gc,marking     ] GC(262) Concurrent Cleanup for Next Mark 3.142ms
[1677.373s][info][gc             ] GC(262) Concurrent Mark Cycle 946.402ms
....... (rIR:aIR:PR = 2214:2213:2213) (tPR = 33000) [OK] 
  1683s: Performance info:
         Transaction,    Success,    Partial,     Failed,   Receipts, AvgBarcode, 
             Overall,     133350,          0,          0,     126680,      59.47, 
         Response times:
             Request,    Success,    Partial,     Failed,   SkipFail,     Probes,    Samples,      min,      p50,      p90,      p95,      p99,      max, 
       TotalPurchase,     126680,          0,          0,          0,     123596,     134875,      200,     1900,     3000,     3400,     8500,   146000,
     InStorePurchase,      66642,          0,          0,          0,      65228,      71055,      300,     2000,     3000,     3400,     9000,   144000,
      OnlinePurchase,      46699,          0,          0,          0,      45437,      49444,      200,     1800,     2900,     3300,     7400,   146000,
        InstPurchase,      13339,          0,          0,          0,      12931,      14376,      400,     2000,     3000,     3500,    10300,   140000,
          AssocOfCat,        133,          0,          0,          0,         84,        130,    18900,    26000,    30000,    31450,    36690,    37000,
      AssocOfProduct,       1337,          0,          0,          0,       1215,       1452,      400,     1600,     2500,     2900,     8847,    18600,
      BusinessReport,        330,          0,          0,          0,        258,        371,    21000,    28000,    38000,    46800,    60280,    66000,
          CustBuyBeh,       1336,          0,          0,          0,       1181,       1390,      300,     2500,     3300,     4000,    15400,   139000,
       ProductReturn,       3534,          0,          0,          0,       3315,       3848,      200,     1200,     2500,     2800,     6700,   121000,

  1683s: (17%)   IR =   2352 .[1684.825s][info][gc,start       ] GC(263) Pause Young (Prepare Mixed) (G1 Evacuation Pause)
[1684.825s][info][gc,task        ] GC(263) Using 6 workers of 6 for evacuation
[1684.942s][info][gc,phases      ] GC(263)   Pre Evacuate Collection Set: 0.39ms
[1684.942s][info][gc,phases      ] GC(263)   Merge Heap Roots: 0.59ms
[1684.942s][info][gc,phases      ] GC(263)   Evacuate Collection Set: 114.71ms
[1684.942s][info][gc,phases      ] GC(263)   Post Evacuate Collection Set: 0.93ms
[1684.942s][info][gc,phases      ] GC(263)   Other: 0.11ms
[1684.942s][info][gc,heap        ] GC(263) Eden regions: 1120->0(1115)
[1684.942s][info][gc,heap        ] GC(263) Survivor regions: 108->109(154)
[1684.942s][info][gc,heap        ] GC(263) Old regions: 500->532
[1684.942s][info][gc,heap        ] GC(263) Humongous regions: 80->80
[1684.942s][info][gc,metaspace   ] GC(263) Metaspace: 28950K(29312K)->28950K(29312K) NonClass: 24066K(24256K)->24066K(24256K) Class: 4883K(5056K)->4883K(5056K)
[1684.942s][info][gc             ] GC(263) Pause Young (Prepare Mixed) (G1 Evacuation Pause) 3615M->1439M(4096M) 116.872ms
[1684.942s][info][gc,cpu         ] GC(263) User=0.69s Sys=0.00s Real=0.12s
....|....[1692.855s][info][gc,start       ] GC(264) Pause Young (Mixed) (G1 Evacuation Pause)
[1692.855s][info][gc,task        ] GC(264) Using 6 workers of 6 for evacuation
[1692.988s][info][gc,phases      ] GC(264)   Pre Evacuate Collection Set: 0.39ms
[1692.988s][info][gc,phases      ] GC(264)   Merge Heap Roots: 0.66ms
[1692.988s][info][gc,phases      ] GC(264)   Evacuate Collection Set: 130.31ms
[1692.988s][info][gc,phases      ] GC(264)   Post Evacuate Collection Set: 0.96ms
[1692.988s][info][gc,phases      ] GC(264)   Other: 0.09ms
[1692.988s][info][gc,heap        ] GC(264) Eden regions: 1115->0(1118)
[1692.988s][info][gc,heap        ] GC(264) Survivor regions: 109->110(153)
[1692.988s][info][gc,heap        ] GC(264) Old regions: 532->468
[1692.988s][info][gc,heap        ] GC(264) Humongous regions: 80->80
[1692.988s][info][gc,metaspace   ] GC(264) Metaspace: 28950K(29312K)->28950K(29312K) NonClass: 24066K(24256K)->24066K(24256K) Class: 4883K(5056K)->4883K(5056K)
[1692.988s][info][gc             ] GC(264) Pause Young (Mixed) (G1 Evacuation Pause) 3669M->1314M(4096M) 132.559ms
[1692.988s][info][gc,cpu         ] GC(264) User=0.79s Sys=0.00s Real=0.13s
........[1700.861s][info][gc,start       ] GC(265) Pause Young (Concurrent Start) (G1 Evacuation Pause)
[1700.861s][info][gc,task        ] GC(265) Using 6 workers of 6 for evacuation
[1700.980s][info][gc,phases      ] GC(265)   Pre Evacuate Collection Set: 0.43ms
[1700.980s][info][gc,phases      ] GC(265)   Merge Heap Roots: 0.51ms
[1700.980s][info][gc,phases      ] GC(265)   Evacuate Collection Set: 116.81ms
[1700.980s][info][gc,phases      ] GC(265)   Post Evacuate Collection Set: 0.87ms
[1700.980s][info][gc,phases      ] GC(265)   Other: 0.13ms
[1700.980s][info][gc,heap        ] GC(265) Eden regions: 1118->0(1117)
[1700.980s][info][gc,heap        ] GC(265) Survivor regions: 110->111(154)
[1700.980s][info][gc,heap        ] GC(265) Old regions: 468->500
[1700.980s][info][gc,heap        ] GC(265) Humongous regions: 80->80
[1700.980s][info][gc,metaspace   ] GC(265) Metaspace: 28950K(29312K)->28950K(29312K) NonClass: 24066K(24256K)->24066K(24256K) Class: 4883K(5056K)->4883K(5056K)
[1700.980s][info][gc             ] GC(265) Pause Young (Concurrent Start) (G1 Evacuation Pause) 3550M->1381M(4096M) 118.885ms
[1700.980s][info][gc             ] GC(266) Concurrent Mark Cycle
[1700.980s][info][gc,marking     ] GC(266) Concurrent Scan Root Regions
[1700.980s][info][gc,cpu         ] GC(265) User=0.71s Sys=0.00s Real=0.12s
[1701.123s][info][gc,marking     ] GC(266) Concurrent Scan Root Regions 143.441ms
[1701.123s][info][gc,marking     ] GC(266) Concurrent Mark
[1701.123s][info][gc,marking     ] GC(266) Concurrent Mark From Roots
[1701.123s][info][gc,task        ] GC(266) Using 2 workers of 2 for marking
.[1701.674s][info][gc,marking     ] GC(266) Concurrent Mark From Roots 550.365ms
[1701.674s][info][gc,marking     ] GC(266) Concurrent Preclean
[1701.674s][info][gc,marking     ] GC(266) Concurrent Preclean 0.059ms
[1701.674s][info][gc,start       ] GC(266) Pause Remark
[1701.676s][info][gc             ] GC(266) Pause Remark 1617M->1617M(4096M) 2.719ms
[1701.677s][info][gc,cpu         ] GC(266) User=0.01s Sys=0.00s Real=0.00s
[1701.677s][info][gc,marking     ] GC(266) Concurrent Mark 553.569ms
[1701.677s][info][gc,marking     ] GC(266) Concurrent Rebuild Remembered Sets and Scrub Regions
[1701.888s][info][gc,marking     ] GC(266) Concurrent Rebuild Remembered Sets and Scrub Regions 211.132ms
[1701.888s][info][gc,start       ] GC(266) Pause Cleanup
[1701.888s][info][gc             ] GC(266) Pause Cleanup 1660M->1660M(4096M) 0.134ms
[1701.888s][info][gc,cpu         ] GC(266) User=0.00s Sys=0.00s Real=0.00s
[1701.888s][info][gc,marking     ] GC(266) Concurrent Clear Claimed Marks
[1701.888s][info][gc,marking     ] GC(266) Concurrent Clear Claimed Marks 0.033ms
[1701.888s][info][gc,marking     ] GC(266) Concurrent Cleanup for Next Mark
[1701.893s][info][gc,marking     ] GC(266) Concurrent Cleanup for Next Mark 4.819ms
[1701.893s][info][gc             ] GC(266) Concurrent Mark Cycle 913.503ms
.......[1709.015s][info][gc,start       ] GC(267) Pause Young (Prepare Mixed) (G1 Evacuation Pause)
[1709.015s][info][gc,task        ] GC(267) Using 6 workers of 6 for evacuation
[1709.136s][info][gc,phases      ] GC(267)   Pre Evacuate Collection Set: 0.37ms
[1709.136s][info][gc,phases      ] GC(267)   Merge Heap Roots: 0.54ms
[1709.136s][info][gc,phases      ] GC(267)   Evacuate Collection Set: 118.83ms
[1709.136s][info][gc,phases      ] GC(267)   Post Evacuate Collection Set: 0.92ms
[1709.136s][info][gc,phases      ] GC(267)   Other: 0.09ms
[1709.136s][info][gc,heap        ] GC(267) Eden regions: 1117->0(1109)
[1709.136s][info][gc,heap        ] GC(267) Survivor regions: 111->112(154)
[1709.136s][info][gc,heap        ] GC(267) Old regions: 500->532
[1709.136s][info][gc,heap        ] GC(267) Humongous regions: 80->80
[1709.136s][info][gc,metaspace   ] GC(267) Metaspace: 28950K(29312K)->28950K(29312K) NonClass: 24066K(24256K)->24066K(24256K) Class: 4883K(5056K)->4883K(5056K)
[1709.136s][info][gc             ] GC(267) Pause Young (Prepare Mixed) (G1 Evacuation Pause) 3615M->1446M(4096M) 120.883ms
[1709.136s][info][gc,cpu         ] GC(267) User=0.72s Sys=0.00s Real=0.12s
........[1716.951s][info][gc,start       ] GC(268) Pause Young (Mixed) (G1 Evacuation Pause)
[1716.951s][info][gc,task        ] GC(268) Using 6 workers of 6 for evacuation
[1717.083s][info][gc,phases      ] GC(268)   Pre Evacuate Collection Set: 0.35ms
[1717.083s][info][gc,phases      ] GC(268)   Merge Heap Roots: 0.66ms
[1717.083s][info][gc,phases      ] GC(268)   Evacuate Collection Set: 129.49ms
[1717.083s][info][gc,phases      ] GC(268)   Post Evacuate Collection Set: 0.94ms
[1717.083s][info][gc,phases      ] GC(268)   Other: 0.09ms
[1717.083s][info][gc,heap        ] GC(268) Eden regions: 1109->0(1119)
[1717.083s][info][gc,heap        ] GC(268) Survivor regions: 112->109(153)
[1717.083s][info][gc,heap        ] GC(268) Old regions: 532->467
[1717.083s][info][gc,heap        ] GC(268) Humongous regions: 80->80
[1717.083s][info][gc,metaspace   ] GC(268) Metaspace: 28950K(29312K)->28950K(29312K) NonClass: 24066K(24256K)->24066K(24256K) Class: 4883K(5056K)->4883K(5056K)
[1717.083s][info][gc             ] GC(268) Pause Young (Mixed) (G1 Evacuation Pause) 3664M->1309M(4096M) 131.661ms
[1717.083s][info][gc,cpu         ] GC(268) User=0.78s Sys=0.00s Real=0.14s
........[1724.956s][info][gc,start       ] GC(269) Pause Young (Concurrent Start) (G1 Evacuation Pause)
[1724.956s][info][gc,task        ] GC(269) Using 6 workers of 6 for evacuation
[1725.072s][info][gc,phases      ] GC(269)   Pre Evacuate Collection Set: 0.41ms
[1725.072s][info][gc,phases      ] GC(269)   Merge Heap Roots: 0.47ms
[1725.072s][info][gc,phases      ] GC(269)   Evacuate Collection Set: 113.98ms
[1725.072s][info][gc,phases      ] GC(269)   Post Evacuate Collection Set: 0.90ms
[1725.072s][info][gc,phases      ] GC(269)   Other: 0.11ms
[1725.072s][info][gc,heap        ] GC(269) Eden regions: 1119->0(1120)
[1725.072s][info][gc,heap        ] GC(269) Survivor regions: 109->108(154)
[1725.072s][info][gc,heap        ] GC(269) Old regions: 467->499
[1725.072s][info][gc,heap        ] GC(269) Humongous regions: 80->80
[1725.072s][info][gc,metaspace   ] GC(269) Metaspace: 28950K(29312K)->28950K(29312K) NonClass: 24066K(24256K)->24066K(24256K) Class: 4883K(5056K)->4883K(5056K)
[1725.072s][info][gc             ] GC(269) Pause Young (Concurrent Start) (G1 Evacuation Pause) 3547M->1372M(4096M) 115.997ms
[1725.072s][info][gc             ] GC(270) Concurrent Mark Cycle
[1725.072s][info][gc,marking     ] GC(270) Concurrent Scan Root Regions
[1725.072s][info][gc,cpu         ] GC(269) User=0.69s Sys=0.00s Real=0.12s
[1725.200s][info][gc,marking     ] GC(270) Concurrent Scan Root Regions 127.698ms
[1725.200s][info][gc,marking     ] GC(270) Concurrent Mark
[1725.200s][info][gc,marking     ] GC(270) Concurrent Mark From Roots
[1725.200s][info][gc,task        ] GC(270) Using 2 workers of 2 for marking
.[1725.785s][info][gc,marking     ] GC(270) Concurrent Mark From Roots 584.835ms
[1725.785s][info][gc,marking     ] GC(270) Concurrent Preclean
[1725.785s][info][gc,marking     ] GC(270) Concurrent Preclean 0.046ms
[1725.785s][info][gc,start       ] GC(270) Pause Remark
[1725.788s][info][gc             ] GC(270) Pause Remark 1597M->1597M(4096M) 2.660ms
[1725.788s][info][gc,cpu         ] GC(270) User=0.01s Sys=0.00s Real=0.00s
[1725.788s][info][gc,marking     ] GC(270) Concurrent Mark 587.809ms
[1725.788s][info][gc,marking     ] GC(270) Concurrent Rebuild Remembered Sets and Scrub Regions
[1726.063s][info][gc,marking     ] GC(270) Concurrent Rebuild Remembered Sets and Scrub Regions 274.860ms
[1726.063s][info][gc,start       ] GC(270) Pause Cleanup
[1726.063s][info][gc             ] GC(270) Pause Cleanup 1678M->1678M(4096M) 0.130ms
[1726.063s][info][gc,cpu         ] GC(270) User=0.00s Sys=0.00s Real=0.00s
[1726.063s][info][gc,marking     ] GC(270) Concurrent Clear Claimed Marks
[1726.063s][info][gc,marking     ] GC(270) Concurrent Clear Claimed Marks 0.030ms
[1726.063s][info][gc,marking     ] GC(270) Concurrent Cleanup for Next Mark
[1726.066s][info][gc,marking     ] GC(270) Concurrent Cleanup for Next Mark 3.209ms
[1726.066s][info][gc             ] GC(270) Concurrent Mark Cycle 994.033ms
.......[1733.047s][info][gc,start       ] GC(271) Pause Young (Prepare Mixed) (G1 Evacuation Pause)
[1733.047s][info][gc,task        ] GC(271) Using 6 workers of 6 for evacuation
[1733.165s][info][gc,phases      ] GC(271)   Pre Evacuate Collection Set: 0.34ms
[1733.165s][info][gc,phases      ] GC(271)   Merge Heap Roots: 0.58ms
[1733.165s][info][gc,phases      ] GC(271)   Evacuate Collection Set: 115.89ms
[1733.165s][info][gc,phases      ] GC(271)   Post Evacuate Collection Set: 0.91ms
[1733.165s][info][gc,phases      ] GC(271)   Other: 0.09ms
[1733.165s][info][gc,heap        ] GC(271) Eden regions: 1120->0(1116)
[1733.165s][info][gc,heap        ] GC(271) Survivor regions: 108->109(154)
[1733.165s][info][gc,heap        ] GC(271) Old regions: 499->531
[1733.165s][info][gc,heap        ] GC(271) Humongous regions: 80->80
[1733.165s][info][gc,metaspace   ] GC(271) Metaspace: 28950K(29312K)->28950K(29312K) NonClass: 24066K(24256K)->24066K(24256K) Class: 4883K(5056K)->4883K(5056K)
[1733.165s][info][gc             ] GC(271) Pause Young (Prepare Mixed) (G1 Evacuation Pause) 3612M->1437M(4096M) 117.974ms
[1733.165s][info][gc,cpu         ] GC(271) User=0.70s Sys=0.00s Real=0.12s
........[1741.017s][info][gc,start       ] GC(272) Pause Young (Mixed) (G1 Evacuation Pause)
[1741.017s][info][gc,task        ] GC(272) Using 6 workers of 6 for evacuation
[1741.151s][info][gc,phases      ] GC(272)   Pre Evacuate Collection Set: 0.40ms
[1741.151s][info][gc,phases      ] GC(272)   Merge Heap Roots: 0.67ms
[1741.151s][info][gc,phases      ] GC(272)   Evacuate Collection Set: 132.01ms
[1741.151s][info][gc,phases      ] GC(272)   Post Evacuate Collection Set: 1.03ms
[1741.151s][info][gc,phases      ] GC(272)   Other: 0.09ms
[1741.151s][info][gc,heap        ] GC(272) Eden regions: 1116->0(1119)
[1741.151s][info][gc,heap        ] GC(272) Survivor regions: 109->109(154)
[1741.151s][info][gc,heap        ] GC(272) Old regions: 531->468
[1741.151s][info][gc,heap        ] GC(272) Humongous regions: 80->80
[1741.151s][info][gc,metaspace   ] GC(272) Metaspace: 28950K(29312K)->28950K(29312K) NonClass: 24066K(24256K)->24066K(24256K) Class: 4883K(5056K)->4883K(5056K)
[1741.151s][info][gc             ] GC(272) Pause Young (Mixed) (G1 Evacuation Pause) 3669M->1312M(4096M) 134.339ms
[1741.151s][info][gc,cpu         ] GC(272) User=0.80s Sys=0.00s Real=0.13s
........ (rIR:aIR:PR = 2352:2353:2353) (tPR = 34665) [OK] 
  1748s: Performance info:
         Transaction,    Success,    Partial,     Failed,   Receipts, AvgBarcode, 
             Overall,     141268,          0,          0,     134194,      59.48, 
         Response times:
             Request,    Success,    Partial,     Failed,   SkipFail,     Probes,    Samples,      min,      p50,      p90,      p95,      p99,      max, 
       TotalPurchase,     134194,          0,          0,          0,     130903,     142707,      300,     2000,     3100,     3500,    13300,   149000,
     InStorePurchase,      70668,          0,          0,          0,      69092,      75149,      300,     1900,     3100,     3500,    12200,   149000,
      OnlinePurchase,      49413,          0,          0,          0,      48224,      52512,      300,     2100,     3100,     3500,    14187,   144000,
        InstPurchase,      14113,          0,          0,          0,      13587,      15046,      400,     2100,     3200,     3500,    14800,   136000,
          AssocOfCat,        143,          0,          0,          0,         94,        131,    19900,    26000,    32000,    37800,   119320,   143000,
      AssocOfProduct,       1414,          0,          0,          0,       1231,       1477,      800,     2000,     2900,     3200,    11910,   125000,
      BusinessReport,        357,          0,          0,          0,        276,        385,    19900,    29000,    36000,    40000,   171700,   181000,
          CustBuyBeh,       1421,          0,          0,          0,       1276,       1519,      200,     1900,     3200,     3500,    14000,    30000,
       ProductReturn,       3739,          0,          0,          0,       3499,       4026,      200,     2200,     3200,     3800,    16400,   138000,

  1748s: (18%)   IR =   2491 [1749.064s][info][gc,start       ] GC(273) Pause Young (Concurrent Start) (G1 Evacuation Pause)
[1749.064s][info][gc,task        ] GC(273) Using 6 workers of 6 for evacuation
[1749.178s][info][gc,phases      ] GC(273)   Pre Evacuate Collection Set: 0.40ms
[1749.178s][info][gc,phases      ] GC(273)   Merge Heap Roots: 0.48ms
[1749.178s][info][gc,phases      ] GC(273)   Evacuate Collection Set: 112.75ms
[1749.178s][info][gc,phases      ] GC(273)   Post Evacuate Collection Set: 0.89ms
[1749.178s][info][gc,phases      ] GC(273)   Other: 0.10ms
[1749.178s][info][gc,heap        ] GC(273) Eden regions: 1119->0(1120)
[1749.178s][info][gc,heap        ] GC(273) Survivor regions: 109->108(154)
[1749.178s][info][gc,heap        ] GC(273) Old regions: 468->500
[1749.178s][info][gc,heap        ] GC(273) Humongous regions: 80->80
[1749.178s][info][gc,metaspace   ] GC(273) Metaspace: 28950K(29312K)->28950K(29312K) NonClass: 24066K(24256K)->24066K(24256K) Class: 4883K(5056K)->4883K(5056K)
[1749.178s][info][gc             ] GC(273) Pause Young (Concurrent Start) (G1 Evacuation Pause) 3550M->1374M(4096M) 114.761ms
[1749.178s][info][gc             ] GC(274) Concurrent Mark Cycle
[1749.178s][info][gc,marking     ] GC(274) Concurrent Scan Root Regions
[1749.178s][info][gc,cpu         ] GC(273) User=0.68s Sys=0.00s Real=0.11s
[1749.328s][info][gc,marking     ] GC(274) Concurrent Scan Root Regions 149.280ms
[1749.328s][info][gc,marking     ] GC(274) Concurrent Mark
[1749.328s][info][gc,marking     ] GC(274) Concurrent Mark From Roots
[1749.328s][info][gc,task        ] GC(274) Using 2 workers of 2 for marking
.[1749.909s][info][gc,marking     ] GC(274) Concurrent Mark From Roots 581.162ms
[1749.909s][info][gc,marking     ] GC(274) Concurrent Preclean
[1749.909s][info][gc,marking     ] GC(274) Concurrent Preclean 0.052ms
[1749.909s][info][gc,start       ] GC(274) Pause Remark
[1749.912s][info][gc             ] GC(274) Pause Remark 1626M->1626M(4096M) 2.721ms
[1749.912s][info][gc,cpu         ] GC(274) User=0.01s Sys=0.00s Real=0.01s
[1749.912s][info][gc,marking     ] GC(274) Concurrent Mark 584.205ms
[1749.912s][info][gc,marking     ] GC(274) Concurrent Rebuild Remembered Sets and Scrub Regions
[1750.130s][info][gc,marking     ] GC(274) Concurrent Rebuild Remembered Sets and Scrub Regions 218.270ms
[1750.130s][info][gc,start       ] GC(274) Pause Cleanup
[1750.130s][info][gc             ] GC(274) Pause Cleanup 1678M->1678M(4096M) 0.111ms
[1750.130s][info][gc,cpu         ] GC(274) User=0.00s Sys=0.00s Real=0.00s
[1750.130s][info][gc,marking     ] GC(274) Concurrent Clear Claimed Marks
[1750.130s][info][gc,marking     ] GC(274) Concurrent Clear Claimed Marks 0.032ms
[1750.130s][info][gc,marking     ] GC(274) Concurrent Cleanup for Next Mark
[1750.134s][info][gc,marking     ] GC(274) Concurrent Cleanup for Next Mark 3.881ms
[1750.134s][info][gc             ] GC(274) Concurrent Mark Cycle 956.083ms
....|...[1756.700s][info][gc,start       ] GC(275) Pause Young (Prepare Mixed) (G1 Evacuation Pause)
[1756.700s][info][gc,task        ] GC(275) Using 6 workers of 6 for evacuation
[1756.818s][info][gc,phases      ] GC(275)   Pre Evacuate Collection Set: 0.36ms
[1756.818s][info][gc,phases      ] GC(275)   Merge Heap Roots: 0.49ms
[1756.818s][info][gc,phases      ] GC(275)   Evacuate Collection Set: 115.22ms
[1756.818s][info][gc,phases      ] GC(275)   Post Evacuate Collection Set: 0.97ms
[1756.818s][info][gc,phases      ] GC(275)   Other: 0.09ms
[1756.818s][info][gc,heap        ] GC(275) Eden regions: 1120->0(1115)
[1756.818s][info][gc,heap        ] GC(275) Survivor regions: 108->109(154)
[1756.818s][info][gc,heap        ] GC(275) Old regions: 500->532
[1756.818s][info][gc,heap        ] GC(275) Humongous regions: 80->80
[1756.818s][info][gc,metaspace   ] GC(275) Metaspace: 28950K(29312K)->28950K(29312K) NonClass: 24066K(24256K)->24066K(24256K) Class: 4883K(5056K)->4883K(5056K)
[1756.818s][info][gc             ] GC(275) Pause Young (Prepare Mixed) (G1 Evacuation Pause) 3614M->1440M(4096M) 117.280ms
[1756.818s][info][gc,cpu         ] GC(275) User=0.70s Sys=0.00s Real=0.12s
.......[1764.251s][info][gc,start       ] GC(276) Pause Young (Mixed) (G1 Evacuation Pause)
[1764.251s][info][gc,task        ] GC(276) Using 6 workers of 6 for evacuation
[1764.381s][info][gc,phases      ] GC(276)   Pre Evacuate Collection Set: 0.38ms
[1764.381s][info][gc,phases      ] GC(276)   Merge Heap Roots: 0.66ms
[1764.381s][info][gc,phases      ] GC(276)   Evacuate Collection Set: 128.32ms
[1764.381s][info][gc,phases      ] GC(276)   Post Evacuate Collection Set: 0.95ms
[1764.381s][info][gc,phases      ] GC(276)   Other: 0.09ms
[1764.381s][info][gc,heap        ] GC(276) Eden regions: 1115->0(1119)
[1764.381s][info][gc,heap        ] GC(276) Survivor regions: 109->109(153)
[1764.381s][info][gc,heap        ] GC(276) Old regions: 532->469
[1764.381s][info][gc,heap        ] GC(276) Humongous regions: 80->80
[1764.381s][info][gc,metaspace   ] GC(276) Metaspace: 28950K(29312K)->28950K(29312K) NonClass: 24066K(24256K)->24066K(24256K) Class: 4883K(5056K)->4883K(5056K)
[1764.381s][info][gc             ] GC(276) Pause Young (Mixed) (G1 Evacuation Pause) 3670M->1313M(4096M) 130.528ms
[1764.381s][info][gc,cpu         ] GC(276) User=0.78s Sys=0.00s Real=0.13s
........[1771.851s][info][gc,start       ] GC(277) Pause Young (Concurrent Start) (G1 Evacuation Pause)
[1771.851s][info][gc,task        ] GC(277) Using 6 workers of 6 for evacuation
[1771.968s][info][gc,phases      ] GC(277)   Pre Evacuate Collection Set: 0.46ms
[1771.968s][info][gc,phases      ] GC(277)   Merge Heap Roots: 0.56ms
[1771.968s][info][gc,phases      ] GC(277)   Evacuate Collection Set: 115.32ms
[1771.968s][info][gc,phases      ] GC(277)   Post Evacuate Collection Set: 0.89ms
[1771.968s][info][gc,phases      ] GC(277)   Other: 0.14ms
[1771.968s][info][gc,heap        ] GC(277) Eden regions: 1119->0(1120)
[1771.968s][info][gc,heap        ] GC(277) Survivor regions: 109->108(154)
[1771.968s][info][gc,heap        ] GC(277) Old regions: 469->501
[1771.968s][info][gc,heap        ] GC(277) Humongous regions: 80->80
[1771.968s][info][gc,metaspace   ] GC(277) Metaspace: 28950K(29312K)->28950K(29312K) NonClass: 24066K(24256K)->24066K(24256K) Class: 4883K(5056K)->4883K(5056K)
[1771.968s][info][gc             ] GC(277) Pause Young (Concurrent Start) (G1 Evacuation Pause) 3551M->1375M(4096M) 117.512ms
[1771.968s][info][gc             ] GC(278) Concurrent Mark Cycle
[1771.968s][info][gc,marking     ] GC(278) Concurrent Scan Root Regions
[1771.968s][info][gc,cpu         ] GC(277) User=0.70s Sys=0.00s Real=0.12s
[1772.104s][info][gc,marking     ] GC(278) Concurrent Scan Root Regions 135.908ms
[1772.104s][info][gc,marking     ] GC(278) Concurrent Mark
[1772.104s][info][gc,marking     ] GC(278) Concurrent Mark From Roots
[1772.104s][info][gc,task        ] GC(278) Using 2 workers of 2 for marking
.[1772.688s][info][gc,marking     ] GC(278) Concurrent Mark From Roots 583.974ms
[1772.688s][info][gc,marking     ] GC(278) Concurrent Preclean
[1772.688s][info][gc,marking     ] GC(278) Concurrent Preclean 0.046ms
[1772.688s][info][gc,start       ] GC(278) Pause Remark
[1772.691s][info][gc             ] GC(278) Pause Remark 1598M->1598M(4096M) 2.739ms
[1772.691s][info][gc,cpu         ] GC(278) User=0.01s Sys=0.00s Real=0.00s
[1772.691s][info][gc,marking     ] GC(278) Concurrent Mark 587.029ms
[1772.691s][info][gc,marking     ] GC(278) Concurrent Rebuild Remembered Sets and Scrub Regions
[1772.929s][info][gc,marking     ] GC(278) Concurrent Rebuild Remembered Sets and Scrub Regions 237.583ms
[1772.929s][info][gc,start       ] GC(278) Pause Cleanup
[1772.929s][info][gc             ] GC(278) Pause Cleanup 1673M->1673M(4096M) 0.119ms
[1772.929s][info][gc,cpu         ] GC(278) User=0.00s Sys=0.00s Real=0.00s
[1772.929s][info][gc,marking     ] GC(278) Concurrent Clear Claimed Marks
[1772.929s][info][gc,marking     ] GC(278) Concurrent Clear Claimed Marks 0.031ms
[1772.929s][info][gc,marking     ] GC(278) Concurrent Cleanup for Next Mark
[1772.932s][info][gc,marking     ] GC(278) Concurrent Cleanup for Next Mark 3.174ms
[1772.932s][info][gc             ] GC(278) Concurrent Mark Cycle 964.154ms
......[1779.380s][info][gc,start       ] GC(279) Pause Young (Prepare Mixed) (G1 Evacuation Pause)
[1779.380s][info][gc,task        ] GC(279) Using 6 workers of 6 for evacuation
[1779.499s][info][gc,phases      ] GC(279)   Pre Evacuate Collection Set: 0.37ms
[1779.499s][info][gc,phases      ] GC(279)   Merge Heap Roots: 0.52ms
[1779.499s][info][gc,phases      ] GC(279)   Evacuate Collection Set: 116.90ms
[1779.499s][info][gc,phases      ] GC(279)   Post Evacuate Collection Set: 0.93ms
[1779.499s][info][gc,phases      ] GC(279)   Other: 0.09ms
[1779.499s][info][gc,heap        ] GC(279) Eden regions: 1120->0(1113)
[1779.499s][info][gc,heap        ] GC(279) Survivor regions: 108->110(154)
[1779.499s][info][gc,heap        ] GC(279) Old regions: 501->532
[1779.499s][info][gc,heap        ] GC(279) Humongous regions: 80->80
[1779.499s][info][gc,metaspace   ] GC(279) Metaspace: 28950K(29312K)->28950K(29312K) NonClass: 24066K(24256K)->24066K(24256K) Class: 4883K(5056K)->4883K(5056K)
[1779.499s][info][gc             ] GC(279) Pause Young (Prepare Mixed) (G1 Evacuation Pause) 3615M->1442M(4096M) 118.953ms
[1779.499s][info][gc,cpu         ] GC(279) User=0.71s Sys=0.00s Real=0.12s
........[1787.029s][info][gc,start       ] GC(280) Pause Young (Mixed) (G1 Evacuation Pause)
[1787.029s][info][gc,task        ] GC(280) Using 6 workers of 6 for evacuation
[1787.162s][info][gc,phases      ] GC(280)   Pre Evacuate Collection Set: 0.41ms
[1787.162s][info][gc,phases      ] GC(280)   Merge Heap Roots: 0.69ms
[1787.162s][info][gc,phases      ] GC(280)   Evacuate Collection Set: 130.45ms
[1787.162s][info][gc,phases      ] GC(280)   Post Evacuate Collection Set: 0.98ms
[1787.162s][info][gc,phases      ] GC(280)   Other: 0.08ms
[1787.162s][info][gc,heap        ] GC(280) Eden regions: 1113->0(1121)
[1787.162s][info][gc,heap        ] GC(280) Survivor regions: 110->107(153)
[1787.162s][info][gc,heap        ] GC(280) Old regions: 532->468
[1787.162s][info][gc,heap        ] GC(280) Humongous regions: 80->80
[1787.162s][info][gc,metaspace   ] GC(280) Metaspace: 28951K(29312K)->28951K(29312K) NonClass: 24068K(24256K)->24068K(24256K) Class: 4883K(5056K)->4883K(5056K)
[1787.162s][info][gc             ] GC(280) Pause Young (Mixed) (G1 Evacuation Pause) 3668M->1307M(4096M) 132.728ms
[1787.162s][info][gc,cpu         ] GC(280) User=0.79s Sys=0.00s Real=0.14s
........[1794.572s][info][gc,start       ] GC(281) Pause Young (Concurrent Start) (G1 Evacuation Pause)
[1794.572s][info][gc,task        ] GC(281) Using 6 workers of 6 for evacuation
[1794.687s][info][gc,phases      ] GC(281)   Pre Evacuate Collection Set: 0.39ms
[1794.687s][info][gc,phases      ] GC(281)   Merge Heap Roots: 0.48ms
[1794.687s][info][gc,phases      ] GC(281)   Evacuate Collection Set: 113.22ms
[1794.687s][info][gc,phases      ] GC(281)   Post Evacuate Collection Set: 0.88ms
[1794.687s][info][gc,phases      ] GC(281)   Other: 0.09ms
[1794.687s][info][gc,heap        ] GC(281) Eden regions: 1121->0(1121)
[1794.687s][info][gc,heap        ] GC(281) Survivor regions: 107->107(154)
[1794.687s][info][gc,heap        ] GC(281) Old regions: 468->500
[1794.687s][info][gc,heap        ] GC(281) Humongous regions: 80->80
[1794.687s][info][gc,metaspace   ] GC(281) Metaspace: 28951K(29312K)->28951K(29312K) NonClass: 24068K(24256K)->24068K(24256K) Class: 4883K(5056K)->4883K(5056K)
[1794.687s][info][gc             ] GC(281) Pause Young (Concurrent Start) (G1 Evacuation Pause) 3549M->1372M(4096M) 115.198ms
[1794.687s][info][gc             ] GC(282) Concurrent Mark Cycle
[1794.687s][info][gc,marking     ] GC(282) Concurrent Scan Root Regions
[1794.687s][info][gc,cpu         ] GC(281) User=0.68s Sys=0.00s Real=0.11s
[1794.821s][info][gc,marking     ] GC(282) Concurrent Scan Root Regions 133.863ms
[1794.821s][info][gc,marking     ] GC(282) Concurrent Mark
[1794.821s][info][gc,marking     ] GC(282) Concurrent Mark From Roots
[1794.821s][info][gc,task        ] GC(282) Using 2 workers of 2 for marking
[1795.396s][info][gc,marking     ] GC(282) Concurrent Mark From Roots 575.178ms
[1795.396s][info][gc,marking     ] GC(282) Concurrent Preclean
[1795.396s][info][gc,marking     ] GC(282) Concurrent Preclean 0.053ms
[1795.397s][info][gc,start       ] GC(282) Pause Remark
[1795.400s][info][gc             ] GC(282) Pause Remark 1645M->1645M(4096M) 3.010ms
[1795.400s][info][gc,cpu         ] GC(282) User=0.02s Sys=0.00s Real=0.00s
[1795.400s][info][gc,marking     ] GC(282) Concurrent Mark 578.490ms
[1795.400s][info][gc,marking     ] GC(282) Concurrent Rebuild Remembered Sets and Scrub Regions
.[1795.608s][info][gc,marking     ] GC(282) Concurrent Rebuild Remembered Sets and Scrub Regions 208.338ms
[1795.608s][info][gc,start       ] GC(282) Pause Cleanup
[1795.608s][info][gc             ] GC(282) Pause Cleanup 1696M->1696M(4096M) 0.124ms
[1795.608s][info][gc,cpu         ] GC(282) User=0.00s Sys=0.00s Real=0.00s
[1795.608s][info][gc,marking     ] GC(282) Concurrent Clear Claimed Marks
[1795.608s][info][gc,marking     ] GC(282) Concurrent Clear Claimed Marks 0.025ms
[1795.608s][info][gc,marking     ] GC(282) Concurrent Cleanup for Next Mark
[1795.612s][info][gc,marking     ] GC(282) Concurrent Cleanup for Next Mark 3.227ms
[1795.612s][info][gc             ] GC(282) Concurrent Mark Cycle 924.417ms
......[1802.268s][info][gc,start       ] GC(283) Pause Young (Prepare Mixed) (G1 Evacuation Pause)
[1802.268s][info][gc,task        ] GC(283) Using 6 workers of 6 for evacuation
[1802.384s][info][gc,phases      ] GC(283)   Pre Evacuate Collection Set: 0.37ms
[1802.384s][info][gc,phases      ] GC(283)   Merge Heap Roots: 0.54ms
[1802.384s][info][gc,phases      ] GC(283)   Evacuate Collection Set: 113.69ms
[1802.384s][info][gc,phases      ] GC(283)   Post Evacuate Collection Set: 0.94ms
[1802.384s][info][gc,phases      ] GC(283)   Other: 0.08ms
[1802.384s][info][gc,heap        ] GC(283) Eden regions: 1121->0(1116)
[1802.384s][info][gc,heap        ] GC(283) Survivor regions: 107->109(154)
[1802.384s][info][gc,heap        ] GC(283) Old regions: 500->531
[1802.384s][info][gc,heap        ] GC(283) Humongous regions: 80->80
[1802.384s][info][gc,metaspace   ] GC(283) Metaspace: 28953K(29312K)->28953K(29312K) NonClass: 24069K(24256K)->24069K(24256K) Class: 4883K(5056K)->4883K(5056K)
[1802.384s][info][gc             ] GC(283) Pause Young (Prepare Mixed) (G1 Evacuation Pause) 3614M->1438M(4096M) 115.746ms
[1802.384s][info][gc,cpu         ] GC(283) User=0.68s Sys=0.00s Real=0.12s
........[1809.815s][info][gc,start       ] GC(284) Pause Young (Mixed) (G1 Evacuation Pause)
[1809.815s][info][gc,task        ] GC(284) Using 6 workers of 6 for evacuation
[1809.945s][info][gc,phases      ] GC(284)   Pre Evacuate Collection Set: 0.40ms
[1809.945s][info][gc,phases      ] GC(284)   Merge Heap Roots: 0.64ms
[1809.945s][info][gc,phases      ] GC(284)   Evacuate Collection Set: 128.23ms
[1809.945s][info][gc,phases      ] GC(284)   Post Evacuate Collection Set: 0.95ms
[1809.945s][info][gc,phases      ] GC(284)   Other: 0.09ms
[1809.945s][info][gc,heap        ] GC(284) Eden regions: 1116->0(1119)
[1809.945s][info][gc,heap        ] GC(284) Survivor regions: 109->109(154)
[1809.945s][info][gc,heap        ] GC(284) Old regions: 531->468
[1809.945s][info][gc,heap        ] GC(284) Humongous regions: 80->80
[1809.945s][info][gc,metaspace   ] GC(284) Metaspace: 28953K(29312K)->28953K(29312K) NonClass: 24069K(24256K)->24069K(24256K) Class: 4883K(5056K)->4883K(5056K)
[1809.945s][info][gc             ] GC(284) Pause Young (Mixed) (G1 Evacuation Pause) 3670M->1312M(4096M) 130.457ms
[1809.945s][info][gc,cpu         ] GC(284) User=0.77s Sys=0.00s Real=0.13s
.... (rIR:aIR:PR = 2491:2491:2491) (tPR = 36908) [OK] 
  1813s: Performance info:
         Transaction,    Success,    Partial,     Failed,   Receipts, AvgBarcode, 
             Overall,     149546,          0,          0,     142059,      59.48, 
         Response times:
             Request,    Success,    Partial,     Failed,   SkipFail,     Probes,    Samples,      min,      p50,      p90,      p95,      p99,      max, 
       TotalPurchase,     142059,          0,          0,          0,     138743,     151763,      200,     2100,     3300,     3800,    11500,   151000,
     InStorePurchase,      74754,          0,          0,          0,      73164,      79669,      200,     2000,     3300,     3800,    10000,   140000,
      OnlinePurchase,      52350,          0,          0,          0,      51120,      56043,      300,     2300,     3400,     3900,    12900,   151000,
        InstPurchase,      14955,          0,          0,          0,      14459,      16051,      400,     2100,     3300,     3800,    11900,   151000,
          AssocOfCat,        149,          0,          0,          0,        106,        151,    18500,    26000,    31000,    35800,    46360,    50000,
      AssocOfProduct,       1499,          0,          0,          0,       1316,       1539,      500,     1900,     2900,     3300,     8180,    18500,
      BusinessReport,        377,          0,          0,          0,        290,        385,    19400,    29000,    40400,    49700,    66540,   187000,
          CustBuyBeh,       1497,          0,          0,          0,       1312,       1519,      300,     2000,     2900,     3200,     5680,    22000,
       ProductReturn,       3965,          0,          0,          0,       3717,       4266,      200,     1500,     2600,     3100,     7133,    29000,

  1813s: (19%)   IR =   2629 ...[1817.155s][info][gc,start       ] GC(285) Pause Young (Concurrent Start) (G1 Evacuation Pause)
[1817.155s][info][gc,task        ] GC(285) Using 6 workers of 6 for evacuation
[1817.269s][info][gc,phases      ] GC(285)   Pre Evacuate Collection Set: 0.40ms
[1817.269s][info][gc,phases      ] GC(285)   Merge Heap Roots: 0.49ms
[1817.269s][info][gc,phases      ] GC(285)   Evacuate Collection Set: 112.77ms
[1817.269s][info][gc,phases      ] GC(285)   Post Evacuate Collection Set: 0.86ms
[1817.269s][info][gc,phases      ] GC(285)   Other: 0.10ms
[1817.269s][info][gc,heap        ] GC(285) Eden regions: 1119->0(1121)
[1817.269s][info][gc,heap        ] GC(285) Survivor regions: 109->107(154)
[1817.269s][info][gc,heap        ] GC(285) Old regions: 468->500
[1817.269s][info][gc,heap        ] GC(285) Humongous regions: 80->80
[1817.269s][info][gc,metaspace   ] GC(285) Metaspace: 28956K(29312K)->28956K(29312K) NonClass: 24073K(24256K)->24073K(24256K) Class: 4883K(5056K)->4883K(5056K)
[1817.269s][info][gc             ] GC(285) Pause Young (Concurrent Start) (G1 Evacuation Pause) 3550M->1372M(4096M) 114.751ms
[1817.269s][info][gc             ] GC(286) Concurrent Mark Cycle
[1817.269s][info][gc,marking     ] GC(286) Concurrent Scan Root Regions
[1817.269s][info][gc,cpu         ] GC(285) User=0.68s Sys=0.00s Real=0.11s
[1817.437s][info][gc,marking     ] GC(286) Concurrent Scan Root Regions 167.815ms
[1817.437s][info][gc,marking     ] GC(286) Concurrent Mark
[1817.437s][info][gc,marking     ] GC(286) Concurrent Mark From Roots
[1817.437s][info][gc,task        ] GC(286) Using 2 workers of 2 for marking
.[1818.345s][info][gc,marking     ] GC(286) Concurrent Mark From Roots 908.070ms
[1818.345s][info][gc,marking     ] GC(286) Concurrent Preclean
[1818.346s][info][gc,marking     ] GC(286) Concurrent Preclean 0.078ms
[1818.346s][info][gc,start       ] GC(286) Pause Remark
[1818.349s][info][gc             ] GC(286) Pause Remark 1761M->1761M(4096M) 3.389ms
[1818.349s][info][gc,cpu         ] GC(286) User=0.02s Sys=0.00s Real=0.00s
[1818.350s][info][gc,marking     ] GC(286) Concurrent Mark 912.724ms
[1818.350s][info][gc,marking     ] GC(286) Concurrent Rebuild Remembered Sets and Scrub Regions
.|[1818.574s][info][gc,marking     ] GC(286) Concurrent Rebuild Remembered Sets and Scrub Regions 223.993ms
[1818.574s][info][gc,start       ] GC(286) Pause Cleanup
[1818.574s][info][gc             ] GC(286) Pause Cleanup 1831M->1831M(4096M) 0.113ms
[1818.574s][info][gc,cpu         ] GC(286) User=0.00s Sys=0.00s Real=0.00s
[1818.574s][info][gc,marking     ] GC(286) Concurrent Clear Claimed Marks
[1818.574s][info][gc,marking     ] GC(286) Concurrent Clear Claimed Marks 0.026ms
[1818.574s][info][gc,marking     ] GC(286) Concurrent Cleanup for Next Mark
[1818.578s][info][gc,marking     ] GC(286) Concurrent Cleanup for Next Mark 3.229ms
[1818.578s][info][gc             ] GC(286) Concurrent Mark Cycle 1308.219ms
.....[1824.327s][info][gc,start       ] GC(287) Pause Young (Prepare Mixed) (G1 Evacuation Pause)
[1824.327s][info][gc,task        ] GC(287) Using 6 workers of 6 for evacuation
[1824.445s][info][gc,phases      ] GC(287)   Pre Evacuate Collection Set: 0.36ms
[1824.445s][info][gc,phases      ] GC(287)   Merge Heap Roots: 0.51ms
[1824.445s][info][gc,phases      ] GC(287)   Evacuate Collection Set: 115.35ms
[1824.445s][info][gc,phases      ] GC(287)   Post Evacuate Collection Set: 0.93ms
[1824.445s][info][gc,phases      ] GC(287)   Other: 0.10ms
[1824.445s][info][gc,heap        ] GC(287) Eden regions: 1121->0(1117)
[1824.445s][info][gc,heap        ] GC(287) Survivor regions: 107->108(154)
[1824.445s][info][gc,heap        ] GC(287) Old regions: 500->532
[1824.445s][info][gc,heap        ] GC(287) Humongous regions: 80->80
[1824.445s][info][gc,metaspace   ] GC(287) Metaspace: 28956K(29312K)->28956K(29312K) NonClass: 24073K(24256K)->24073K(24256K) Class: 4883K(5056K)->4883K(5056K)
[1824.445s][info][gc             ] GC(287) Pause Young (Prepare Mixed) (G1 Evacuation Pause) 3614M->1438M(4096M) 117.383ms
[1824.445s][info][gc,cpu         ] GC(287) User=0.70s Sys=0.00s Real=0.12s
........[1831.575s][info][gc,start       ] GC(288) Pause Young (Mixed) (G1 Evacuation Pause)
[1831.575s][info][gc,task        ] GC(288) Using 6 workers of 6 for evacuation
[1831.709s][info][gc,phases      ] GC(288)   Pre Evacuate Collection Set: 0.38ms
[1831.709s][info][gc,phases      ] GC(288)   Merge Heap Roots: 0.64ms
[1831.709s][info][gc,phases      ] GC(288)   Evacuate Collection Set: 131.96ms
[1831.709s][info][gc,phases      ] GC(288)   Post Evacuate Collection Set: 1.01ms
[1831.709s][info][gc,phases      ] GC(288)   Other: 0.09ms
[1831.709s][info][gc,heap        ] GC(288) Eden regions: 1117->0(1119)
[1831.709s][info][gc,heap        ] GC(288) Survivor regions: 108->109(154)
[1831.709s][info][gc,heap        ] GC(288) Old regions: 532->467
[1831.709s][info][gc,heap        ] GC(288) Humongous regions: 80->80
[1831.709s][info][gc,metaspace   ] GC(288) Metaspace: 28957K(29312K)->28957K(29312K) NonClass: 24073K(24256K)->24073K(24256K) Class: 4883K(5056K)->4883K(5056K)
[1831.709s][info][gc             ] GC(288) Pause Young (Mixed) (G1 Evacuation Pause) 3672M->1309M(4096M) 134.212ms
[1831.709s][info][gc,cpu         ] GC(288) User=0.80s Sys=0.00s Real=0.13s
.......[1838.847s][info][gc,start       ] GC(289) Pause Young (Concurrent Start) (G1 Evacuation Pause)
[1838.847s][info][gc,task        ] GC(289) Using 6 workers of 6 for evacuation
[1838.966s][info][gc,phases      ] GC(289)   Pre Evacuate Collection Set: 0.36ms
[1838.966s][info][gc,phases      ] GC(289)   Merge Heap Roots: 0.53ms
[1838.966s][info][gc,phases      ] GC(289)   Evacuate Collection Set: 116.91ms
[1838.966s][info][gc,phases      ] GC(289)   Post Evacuate Collection Set: 0.90ms
[1838.966s][info][gc,phases      ] GC(289)   Other: 0.11ms
[1838.966s][info][gc,heap        ] GC(289) Eden regions: 1119->0(1117)
[1838.966s][info][gc,heap        ] GC(289) Survivor regions: 109->111(154)
[1838.966s][info][gc,heap        ] GC(289) Old regions: 467->498
[1838.966s][info][gc,heap        ] GC(289) Humongous regions: 80->80
[1838.966s][info][gc,metaspace   ] GC(289) Metaspace: 28957K(29312K)->28957K(29312K) NonClass: 24073K(24256K)->24073K(24256K) Class: 4883K(5056K)->4883K(5056K)
[1838.966s][info][gc             ] GC(289) Pause Young (Concurrent Start) (G1 Evacuation Pause) 3547M->1377M(4096M) 118.969ms
[1838.966s][info][gc             ] GC(290) Concurrent Mark Cycle
[1838.966s][info][gc,marking     ] GC(290) Concurrent Scan Root Regions
[1838.966s][info][gc,cpu         ] GC(289) User=0.71s Sys=0.00s Real=0.12s
[1839.141s][info][gc,marking     ] GC(290) Concurrent Scan Root Regions 175.490ms
[1839.141s][info][gc,marking     ] GC(290) Concurrent Mark
[1839.141s][info][gc,marking     ] GC(290) Concurrent Mark From Roots
[1839.141s][info][gc,task        ] GC(290) Using 2 workers of 2 for marking
.[1840.096s][info][gc,marking     ] GC(290) Concurrent Mark From Roots 955.157ms
[1840.096s][info][gc,marking     ] GC(290) Concurrent Preclean
[1840.097s][info][gc,marking     ] GC(290) Concurrent Preclean 0.051ms
[1840.097s][info][gc,start       ] GC(290) Pause Remark
[1840.100s][info][gc             ] GC(290) Pause Remark 1779M->1779M(4096M) 3.352ms
[1840.100s][info][gc,cpu         ] GC(290) User=0.02s Sys=0.00s Real=0.00s
[1840.100s][info][gc,marking     ] GC(290) Concurrent Mark 958.777ms
[1840.100s][info][gc,marking     ] GC(290) Concurrent Rebuild Remembered Sets and Scrub Regions
[1840.442s][info][gc,marking     ] GC(290) Concurrent Rebuild Remembered Sets and Scrub Regions 342.382ms
[1840.443s][info][gc,start       ] GC(290) Pause Cleanup
[1840.443s][info][gc             ] GC(290) Pause Cleanup 1878M->1878M(4096M) 0.113ms
[1840.443s][info][gc,cpu         ] GC(290) User=0.00s Sys=0.00s Real=0.00s
[1840.443s][info][gc,marking     ] GC(290) Concurrent Clear Claimed Marks
[1840.443s][info][gc,marking     ] GC(290) Concurrent Clear Claimed Marks 0.028ms
[1840.443s][info][gc,marking     ] GC(290) Concurrent Cleanup for Next Mark
[1840.446s][info][gc,marking     ] GC(290) Concurrent Cleanup for Next Mark 3.312ms
[1840.446s][info][gc             ] GC(290) Concurrent Mark Cycle 1480.411ms
......[1845.916s][info][gc,start       ] GC(291) Pause Young (Prepare Mixed) (G1 Evacuation Pause)
[1845.916s][info][gc,task        ] GC(291) Using 6 workers of 6 for evacuation
[1846.033s][info][gc,phases      ] GC(291)   Pre Evacuate Collection Set: 0.34ms
[1846.033s][info][gc,phases      ] GC(291)   Merge Heap Roots: 0.54ms
[1846.033s][info][gc,phases      ] GC(291)   Evacuate Collection Set: 114.91ms
[1846.033s][info][gc,phases      ] GC(291)   Post Evacuate Collection Set: 0.90ms
[1846.033s][info][gc,phases      ] GC(291)   Other: 0.09ms
[1846.033s][info][gc,heap        ] GC(291) Eden regions: 1117->0(1116)
[1846.033s][info][gc,heap        ] GC(291) Survivor regions: 111->109(154)
[1846.033s][info][gc,heap        ] GC(291) Old regions: 498->531
[1846.033s][info][gc,heap        ] GC(291) Humongous regions: 80->80
[1846.033s][info][gc,metaspace   ] GC(291) Metaspace: 28958K(29312K)->28958K(29312K) NonClass: 24074K(24256K)->24074K(24256K) Class: 4883K(5056K)->4883K(5056K)
[1846.033s][info][gc             ] GC(291) Pause Young (Prepare Mixed) (G1 Evacuation Pause) 3611M->1438M(4096M) 116.914ms
[1846.033s][info][gc,cpu         ] GC(291) User=0.69s Sys=0.00s Real=0.12s
.......[1853.202s][info][gc,start       ] GC(292) Pause Young (Mixed) (G1 Evacuation Pause)
[1853.202s][info][gc,task        ] GC(292) Using 6 workers of 6 for evacuation
[1853.334s][info][gc,phases      ] GC(292)   Pre Evacuate Collection Set: 0.38ms
[1853.334s][info][gc,phases      ] GC(292)   Merge Heap Roots: 0.74ms
[1853.334s][info][gc,phases      ] GC(292)   Evacuate Collection Set: 129.97ms
[1853.334s][info][gc,phases      ] GC(292)   Post Evacuate Collection Set: 0.96ms
[1853.334s][info][gc,phases      ] GC(292)   Other: 0.09ms
[1853.334s][info][gc,heap        ] GC(292) Eden regions: 1116->0(1120)
[1853.334s][info][gc,heap        ] GC(292) Survivor regions: 109->108(154)
[1853.334s][info][gc,heap        ] GC(292) Old regions: 531->468
[1853.334s][info][gc,heap        ] GC(292) Humongous regions: 80->80
[1853.334s][info][gc,metaspace   ] GC(292) Metaspace: 28958K(29312K)->28958K(29312K) NonClass: 24074K(24256K)->24074K(24256K) Class: 4883K(5056K)->4883K(5056K)
[1853.334s][info][gc             ] GC(292) Pause Young (Mixed) (G1 Evacuation Pause) 3670M->1311M(4096M) 132.292ms
[1853.334s][info][gc,cpu         ] GC(292) User=0.79s Sys=0.00s Real=0.13s
.......[1860.334s][info][gc,start       ] GC(293) Pause Young (Concurrent Start) (G1 Evacuation Pause)
[1860.334s][info][gc,task        ] GC(293) Using 6 workers of 6 for evacuation
[1860.452s][info][gc,phases      ] GC(293)   Pre Evacuate Collection Set: 0.41ms
[1860.452s][info][gc,phases      ] GC(293)   Merge Heap Roots: 0.48ms
[1860.452s][info][gc,phases      ] GC(293)   Evacuate Collection Set: 116.28ms
[1860.452s][info][gc,phases      ] GC(293)   Post Evacuate Collection Set: 0.90ms
[1860.452s][info][gc,phases      ] GC(293)   Other: 0.12ms
[1860.452s][info][gc,heap        ] GC(293) Eden regions: 1120->0(1117)
[1860.452s][info][gc,heap        ] GC(293) Survivor regions: 108->111(154)
[1860.452s][info][gc,heap        ] GC(293) Old regions: 468->499
[1860.452s][info][gc,heap        ] GC(293) Humongous regions: 80->80
[1860.452s][info][gc,metaspace   ] GC(293) Metaspace: 28958K(29312K)->28958K(29312K) NonClass: 24074K(24256K)->24074K(24256K) Class: 4883K(5056K)->4883K(5056K)
[1860.452s][info][gc             ] GC(293) Pause Young (Concurrent Start) (G1 Evacuation Pause) 3551M->1378M(4096M) 118.315ms
[1860.452s][info][gc             ] GC(294) Concurrent Mark Cycle
[1860.452s][info][gc,marking     ] GC(294) Concurrent Scan Root Regions
[1860.452s][info][gc,cpu         ] GC(293) User=0.70s Sys=0.00s Real=0.12s
.[1860.626s][info][gc,marking     ] GC(294) Concurrent Scan Root Regions 174.002ms
[1860.626s][info][gc,marking     ] GC(294) Concurrent Mark
[1860.626s][info][gc,marking     ] GC(294) Concurrent Mark From Roots
[1860.626s][info][gc,task        ] GC(294) Using 2 workers of 2 for marking
[1861.538s][info][gc,marking     ] GC(294) Concurrent Mark From Roots 911.969ms
[1861.538s][info][gc,marking     ] GC(294) Concurrent Preclean
[1861.539s][info][gc,marking     ] GC(294) Concurrent Preclean 0.057ms
[1861.539s][info][gc,start       ] GC(294) Pause Remark
[1861.542s][info][gc             ] GC(294) Pause Remark 1754M->1754M(4096M) 3.678ms
[1861.542s][info][gc,cpu         ] GC(294) User=0.02s Sys=0.00s Real=0.01s
[1861.542s][info][gc,marking     ] GC(294) Concurrent Mark 915.943ms
[1861.542s][info][gc,marking     ] GC(294) Concurrent Rebuild Remembered Sets and Scrub Regions
.[1861.752s][info][gc,marking     ] GC(294) Concurrent Rebuild Remembered Sets and Scrub Regions 209.766ms
[1861.752s][info][gc,start       ] GC(294) Pause Cleanup
[1861.752s][info][gc             ] GC(294) Pause Cleanup 1821M->1821M(4096M) 0.122ms
[1861.752s][info][gc,cpu         ] GC(294) User=0.00s Sys=0.00s Real=0.00s
[1861.753s][info][gc,marking     ] GC(294) Concurrent Clear Claimed Marks
[1861.753s][info][gc,marking     ] GC(294) Concurrent Clear Claimed Marks 0.028ms
[1861.753s][info][gc,marking     ] GC(294) Concurrent Cleanup for Next Mark
[1861.756s][info][gc,marking     ] GC(294) Concurrent Cleanup for Next Mark 3.599ms
[1861.756s][info][gc             ] GC(294) Concurrent Mark Cycle 1303.773ms
.....[1867.567s][info][gc,start       ] GC(295) Pause Young (Prepare Mixed) (G1 Evacuation Pause)
[1867.567s][info][gc,task        ] GC(295) Using 6 workers of 6 for evacuation
[1867.683s][info][gc,phases      ] GC(295)   Pre Evacuate Collection Set: 0.39ms
[1867.683s][info][gc,phases      ] GC(295)   Merge Heap Roots: 0.55ms
[1867.683s][info][gc,phases      ] GC(295)   Evacuate Collection Set: 114.20ms
[1867.683s][info][gc,phases      ] GC(295)   Post Evacuate Collection Set: 0.92ms
[1867.683s][info][gc,phases      ] GC(295)   Other: 0.10ms
[1867.683s][info][gc,heap        ] GC(295) Eden regions: 1117->0(1118)
[1867.683s][info][gc,heap        ] GC(295) Survivor regions: 111->108(154)
[1867.683s][info][gc,heap        ] GC(295) Old regions: 499->531
[1867.683s][info][gc,heap        ] GC(295) Humongous regions: 80->80
[1867.683s][info][gc,metaspace   ] GC(295) Metaspace: 28958K(29312K)->28958K(29312K) NonClass: 24074K(24256K)->24074K(24256K) Class: 4883K(5056K)->4883K(5056K)
[1867.683s][info][gc             ] GC(295) Pause Young (Prepare Mixed) (G1 Evacuation Pause) 3612M->1436M(4096M) 116.310ms
[1867.683s][info][gc,cpu         ] GC(295) User=0.69s Sys=0.00s Real=0.12s
.......[1874.693s][info][gc,start       ] GC(296) Pause Young (Mixed) (G1 Evacuation Pause)
[1874.693s][info][gc,task        ] GC(296) Using 6 workers of 6 for evacuation
[1874.823s][info][gc,phases      ] GC(296)   Pre Evacuate Collection Set: 0.40ms
[1874.823s][info][gc,phases      ] GC(296)   Merge Heap Roots: 0.68ms
[1874.823s][info][gc,phases      ] GC(296)   Evacuate Collection Set: 128.54ms
[1874.823s][info][gc,phases      ] GC(296)   Post Evacuate Collection Set: 0.95ms
[1874.823s][info][gc,phases      ] GC(296)   Other: 0.09ms
[1874.823s][info][gc,heap        ] GC(296) Eden regions: 1118->0(1121)
[1874.823s][info][gc,heap        ] GC(296) Survivor regions: 108->107(154)
[1874.823s][info][gc,heap        ] GC(296) Old regions: 531->467
[1874.823s][info][gc,heap        ] GC(296) Humongous regions: 80->80
[1874.823s][info][gc,metaspace   ] GC(296) Metaspace: 28958K(29312K)->28958K(29312K) NonClass: 24074K(24256K)->24074K(24256K) Class: 4883K(5056K)->4883K(5056K)
[1874.823s][info][gc             ] GC(296) Pause Young (Mixed) (G1 Evacuation Pause) 3672M->1307M(4096M) 130.776ms
[1874.823s][info][gc,cpu         ] GC(296) User=0.78s Sys=0.00s Real=0.13s
..... (rIR:aIR:PR = 2629:2628:2628) (tPR = 39093) [OK] 
  1878s: Performance info:
         Transaction,    Success,    Partial,     Failed,   Receipts, AvgBarcode, 
             Overall,     158405,          0,          0,     150479,      59.48, 
         Response times:
             Request,    Success,    Partial,     Failed,   SkipFail,     Probes,    Samples,      min,      p50,      p90,      p95,      p99,      max, 
       TotalPurchase,     150479,          0,          0,          0,     146898,     160023,      300,     2200,     3500,     4100,    14500,   167000,
     InStorePurchase,      79232,          0,          0,          0,      77474,      83968,      300,     2200,     3500,     4100,    14600,   138000,
      OnlinePurchase,      55395,          0,          0,          0,      54193,      59143,      300,     2300,     3500,     4200,    15900,   167000,
        InstPurchase,      15852,          0,          0,          0,      15231,      16912,      400,     1800,     3400,     3900,    12087,   138000,
          AssocOfCat,        159,          0,          0,          0,        112,        168,    18900,    27000,    34100,    42550,    81830,   146000,
      AssocOfProduct,       1588,          0,          0,          0,       1457,       1750,      400,     2500,     3600,     4045,    15796,   122000,
      BusinessReport,        394,          0,          0,          0,        300,        396,    20000,    30000,    40300,    48000,    85070,   189000,
          CustBuyBeh,       1584,          0,          0,          0,       1438,       1723,      200,     1000,     2100,     2600,     6504,   120000,
       ProductReturn,       4201,          0,          0,          0,       3921,       4460,      200,     2700,     3790,     4500,    19168,   167000,

  1878s: (20%)   IR =   2767 ..[1881.779s][info][gc,start       ] GC(297) Pause Young (Concurrent Start) (G1 Evacuation Pause)
[1881.779s][info][gc,task        ] GC(297) Using 6 workers of 6 for evacuation
[1881.898s][info][gc,phases      ] GC(297)   Pre Evacuate Collection Set: 0.43ms
[1881.898s][info][gc,phases      ] GC(297)   Merge Heap Roots: 0.51ms
[1881.898s][info][gc,phases      ] GC(297)   Evacuate Collection Set: 116.72ms
[1881.898s][info][gc,phases      ] GC(297)   Post Evacuate Collection Set: 0.90ms
[1881.898s][info][gc,phases      ] GC(297)   Other: 0.13ms
[1881.898s][info][gc,heap        ] GC(297) Eden regions: 1121->0(1118)
[1881.898s][info][gc,heap        ] GC(297) Survivor regions: 107->110(154)
[1881.898s][info][gc,heap        ] GC(297) Old regions: 467->500
[1881.898s][info][gc,heap        ] GC(297) Humongous regions: 80->80
[1881.898s][info][gc,metaspace   ] GC(297) Metaspace: 28958K(29312K)->28958K(29312K) NonClass: 24074K(24256K)->24074K(24256K) Class: 4883K(5056K)->4883K(5056K)
[1881.898s][info][gc             ] GC(297) Pause Young (Concurrent Start) (G1 Evacuation Pause) 3549M->1378M(4096M) 118.867ms
[1881.898s][info][gc             ] GC(298) Concurrent Mark Cycle
[1881.898s][info][gc,marking     ] GC(298) Concurrent Scan Root Regions
[1881.898s][info][gc,cpu         ] GC(297) User=0.70s Sys=0.00s Real=0.12s
.[1882.028s][info][gc,marking     ] GC(298) Concurrent Scan Root Regions 130.538ms
[1882.028s][info][gc,marking     ] GC(298) Concurrent Mark
[1882.028s][info][gc,marking     ] GC(298) Concurrent Mark From Roots
[1882.028s][info][gc,task        ] GC(298) Using 2 workers of 2 for marking
[1882.596s][info][gc,marking     ] GC(298) Concurrent Mark From Roots 567.971ms
[1882.596s][info][gc,marking     ] GC(298) Concurrent Preclean
[1882.596s][info][gc,marking     ] GC(298) Concurrent Preclean 0.055ms
[1882.597s][info][gc,start       ] GC(298) Pause Remark
[1882.600s][info][gc             ] GC(298) Pause Remark 1656M->1656M(4096M) 3.124ms
[1882.600s][info][gc,cpu         ] GC(298) User=0.02s Sys=0.00s Real=0.00s
[1882.600s][info][gc,marking     ] GC(298) Concurrent Mark 571.413ms
[1882.600s][info][gc,marking     ] GC(298) Concurrent Rebuild Remembered Sets and Scrub Regions
[1882.818s][info][gc,marking     ] GC(298) Concurrent Rebuild Remembered Sets and Scrub Regions 217.919ms
[1882.818s][info][gc,start       ] GC(298) Pause Cleanup
[1882.818s][info][gc             ] GC(298) Pause Cleanup 1721M->1721M(4096M) 0.114ms
[1882.818s][info][gc,cpu         ] GC(298) User=0.00s Sys=0.00s Real=0.00s
[1882.818s][info][gc,marking     ] GC(298) Concurrent Clear Claimed Marks
[1882.818s][info][gc,marking     ] GC(298) Concurrent Clear Claimed Marks 0.029ms
[1882.818s][info][gc,marking     ] GC(298) Concurrent Cleanup for Next Mark
[1882.821s][info][gc,marking     ] GC(298) Concurrent Cleanup for Next Mark 3.335ms
[1882.821s][info][gc             ] GC(298) Concurrent Mark Cycle 923.714ms
...|...[1888.545s][info][gc,start       ] GC(299) Pause Young (Prepare Mixed) (G1 Evacuation Pause)
[1888.545s][info][gc,task        ] GC(299) Using 6 workers of 6 for evacuation
[1888.661s][info][gc,phases      ] GC(299)   Pre Evacuate Collection Set: 0.34ms
[1888.661s][info][gc,phases      ] GC(299)   Merge Heap Roots: 0.55ms
[1888.661s][info][gc,phases      ] GC(299)   Evacuate Collection Set: 113.95ms
[1888.661s][info][gc,phases      ] GC(299)   Post Evacuate Collection Set: 0.96ms
[1888.661s][info][gc,phases      ] GC(299)   Other: 0.08ms
[1888.661s][info][gc,heap        ] GC(299) Eden regions: 1118->0(1118)
[1888.661s][info][gc,heap        ] GC(299) Survivor regions: 110->108(154)
[1888.661s][info][gc,heap        ] GC(299) Old regions: 500->531
[1888.661s][info][gc,heap        ] GC(299) Humongous regions: 80->80
[1888.661s][info][gc,metaspace   ] GC(299) Metaspace: 28958K(29312K)->28958K(29312K) NonClass: 24074K(24256K)->24074K(24256K) Class: 4883K(5056K)->4883K(5056K)
[1888.661s][info][gc             ] GC(299) Pause Young (Prepare Mixed) (G1 Evacuation Pause) 3614M->1437M(4096M) 116.015ms
[1888.661s][info][gc,cpu         ] GC(299) User=0.69s Sys=0.00s Real=0.11s
.......[1895.401s][info][gc,start       ] GC(300) Pause Young (Mixed) (G1 Evacuation Pause)
[1895.401s][info][gc,task        ] GC(300) Using 6 workers of 6 for evacuation
[1895.536s][info][gc,phases      ] GC(300)   Pre Evacuate Collection Set: 0.39ms
[1895.537s][info][gc,phases      ] GC(300)   Merge Heap Roots: 0.78ms
[1895.537s][info][gc,phases      ] GC(300)   Evacuate Collection Set: 132.75ms
[1895.537s][info][gc,phases      ] GC(300)   Post Evacuate Collection Set: 0.97ms
[1895.537s][info][gc,phases      ] GC(300)   Other: 0.10ms
[1895.537s][info][gc,heap        ] GC(300) Eden regions: 1118->0(1119)
[1895.537s][info][gc,heap        ] GC(300) Survivor regions: 108->109(154)
[1895.537s][info][gc,heap        ] GC(300) Old regions: 531->468
[1895.537s][info][gc,heap        ] GC(300) Humongous regions: 80->80
[1895.537s][info][gc,metaspace   ] GC(300) Metaspace: 28958K(29312K)->28958K(29312K) NonClass: 24074K(24256K)->24074K(24256K) Class: 4883K(5056K)->4883K(5056K)
[1895.537s][info][gc             ] GC(300) Pause Young (Mixed) (G1 Evacuation Pause) 3673M->1313M(4096M) 135.148ms
[1895.537s][info][gc,cpu         ] GC(300) User=0.80s Sys=0.00s Real=0.14s
.......[1902.251s][info][gc,start       ] GC(301) Pause Young (Concurrent Start) (G1 Evacuation Pause)
[1902.251s][info][gc,task        ] GC(301) Using 6 workers of 6 for evacuation
[1902.367s][info][gc,phases      ] GC(301)   Pre Evacuate Collection Set: 0.36ms
[1902.367s][info][gc,phases      ] GC(301)   Merge Heap Roots: 0.48ms
[1902.367s][info][gc,phases      ] GC(301)   Evacuate Collection Set: 114.51ms
[1902.367s][info][gc,phases      ] GC(301)   Post Evacuate Collection Set: 0.86ms
[1902.367s][info][gc,phases      ] GC(301)   Other: 0.11ms
[1902.367s][info][gc,heap        ] GC(301) Eden regions: 1119->0(1118)
[1902.367s][info][gc,heap        ] GC(301) Survivor regions: 109->110(154)
[1902.367s][info][gc,heap        ] GC(301) Old regions: 468->500
[1902.367s][info][gc,heap        ] GC(301) Humongous regions: 80->80
[1902.367s][info][gc,metaspace   ] GC(301) Metaspace: 28958K(29312K)->28958K(29312K) NonClass: 24074K(24256K)->24074K(24256K) Class: 4883K(5056K)->4883K(5056K)
[1902.367s][info][gc             ] GC(301) Pause Young (Concurrent Start) (G1 Evacuation Pause) 3551M->1378M(4096M) 116.453ms
[1902.367s][info][gc             ] GC(302) Concurrent Mark Cycle
[1902.367s][info][gc,marking     ] GC(302) Concurrent Scan Root Regions
[1902.367s][info][gc,cpu         ] GC(301) User=0.70s Sys=0.00s Real=0.12s
[1902.540s][info][gc,marking     ] GC(302) Concurrent Scan Root Regions 172.944ms
[1902.540s][info][gc,marking     ] GC(302) Concurrent Mark
[1902.540s][info][gc,marking     ] GC(302) Concurrent Mark From Roots
[1902.540s][info][gc,task        ] GC(302) Using 2 workers of 2 for marking
.[1903.448s][info][gc,marking     ] GC(302) Concurrent Mark From Roots 907.890ms
[1903.448s][info][gc,marking     ] GC(302) Concurrent Preclean
[1903.448s][info][gc,marking     ] GC(302) Concurrent Preclean 0.044ms
[1903.448s][info][gc,start       ] GC(302) Pause Remark
[1903.452s][info][gc             ] GC(302) Pause Remark 1765M->1765M(4096M) 3.335ms
[1903.452s][info][gc,cpu         ] GC(302) User=0.02s Sys=0.00s Real=0.01s
[1903.452s][info][gc,marking     ] GC(302) Concurrent Mark 911.522ms
[1903.452s][info][gc,marking     ] GC(302) Concurrent Rebuild Remembered Sets and Scrub Regions
[1903.796s][info][gc,marking     ] GC(302) Concurrent Rebuild Remembered Sets and Scrub Regions 343.929ms
[1903.796s][info][gc,start       ] GC(302) Pause Cleanup
[1903.796s][info][gc             ] GC(302) Pause Cleanup 1874M->1874M(4096M) 0.118ms
[1903.796s][info][gc,cpu         ] GC(302) User=0.00s Sys=0.00s Real=0.00s
[1903.796s][info][gc,marking     ] GC(302) Concurrent Clear Claimed Marks
[1903.796s][info][gc,marking     ] GC(302) Concurrent Clear Claimed Marks 0.032ms
[1903.796s][info][gc,marking     ] GC(302) Concurrent Cleanup for Next Mark
[1903.801s][info][gc,marking     ] GC(302) Concurrent Cleanup for Next Mark 4.347ms
[1903.801s][info][gc             ] GC(302) Concurrent Mark Cycle 1433.233ms
......[1909.014s][info][gc,start       ] GC(303) Pause Young (Prepare Mixed) (G1 Evacuation Pause)
[1909.014s][info][gc,task        ] GC(303) Using 6 workers of 6 for evacuation
[1909.129s][info][gc,phases      ] GC(303)   Pre Evacuate Collection Set: 0.36ms
[1909.129s][info][gc,phases      ] GC(303)   Merge Heap Roots: 0.59ms
[1909.129s][info][gc,phases      ] GC(303)   Evacuate Collection Set: 112.91ms
[1909.129s][info][gc,phases      ] GC(303)   Post Evacuate Collection Set: 0.99ms
[1909.129s][info][gc,phases      ] GC(303)   Other: 0.10ms
[1909.129s][info][gc,heap        ] GC(303) Eden regions: 1118->0(1117)
[1909.129s][info][gc,heap        ] GC(303) Survivor regions: 110->108(154)
[1909.129s][info][gc,heap        ] GC(303) Old regions: 500->532
[1909.129s][info][gc,heap        ] GC(303) Humongous regions: 80->80
[1909.129s][info][gc,metaspace   ] GC(303) Metaspace: 28958K(29312K)->28958K(29312K) NonClass: 24074K(24256K)->24074K(24256K) Class: 4883K(5056K)->4883K(5056K)
[1909.129s][info][gc             ] GC(303) Pause Young (Prepare Mixed) (G1 Evacuation Pause) 3614M->1438M(4096M) 115.083ms
[1909.129s][info][gc,cpu         ] GC(303) User=0.69s Sys=0.00s Real=0.11s
......[1915.842s][info][gc,start       ] GC(304) Pause Young (Mixed) (G1 Evacuation Pause)
[1915.842s][info][gc,task        ] GC(304) Using 6 workers of 6 for evacuation
[1915.975s][info][gc,phases      ] GC(304)   Pre Evacuate Collection Set: 0.40ms
[1915.975s][info][gc,phases      ] GC(304)   Merge Heap Roots: 0.74ms
[1915.975s][info][gc,phases      ] GC(304)   Evacuate Collection Set: 131.13ms
[1915.975s][info][gc,phases      ] GC(304)   Post Evacuate Collection Set: 0.95ms
[1915.975s][info][gc,phases      ] GC(304)   Other: 0.09ms
[1915.975s][info][gc,heap        ] GC(304) Eden regions: 1117->0(1120)
[1915.975s][info][gc,heap        ] GC(304) Survivor regions: 108->108(154)
[1915.975s][info][gc,heap        ] GC(304) Old regions: 532->468
[1915.975s][info][gc,heap        ] GC(304) Humongous regions: 80->80
[1915.975s][info][gc,metaspace   ] GC(304) Metaspace: 28958K(29312K)->28958K(29312K) NonClass: 24074K(24256K)->24074K(24256K) Class: 4883K(5056K)->4883K(5056K)
[1915.975s][info][gc             ] GC(304) Pause Young (Mixed) (G1 Evacuation Pause) 3672M->1311M(4096M) 133.444ms
[1915.975s][info][gc,cpu         ] GC(304) User=0.79s Sys=0.00s Real=0.13s
.......[1922.704s][info][gc,start       ] GC(305) Pause Young (Concurrent Start) (G1 Evacuation Pause)
[1922.704s][info][gc,task        ] GC(305) Using 6 workers of 6 for evacuation
[1922.821s][info][gc,phases      ] GC(305)   Pre Evacuate Collection Set: 0.39ms
[1922.821s][info][gc,phases      ] GC(305)   Merge Heap Roots: 0.50ms
[1922.821s][info][gc,phases      ] GC(305)   Evacuate Collection Set: 115.34ms
[1922.821s][info][gc,phases      ] GC(305)   Post Evacuate Collection Set: 0.92ms
[1922.821s][info][gc,phases      ] GC(305)   Other: 0.11ms
[1922.821s][info][gc,heap        ] GC(305) Eden regions: 1120->0(1120)
[1922.821s][info][gc,heap        ] GC(305) Survivor regions: 108->108(154)
[1922.821s][info][gc,heap        ] GC(305) Old regions: 468->500
[1922.821s][info][gc,heap        ] GC(305) Humongous regions: 80->80
[1922.821s][info][gc,metaspace   ] GC(305) Metaspace: 28958K(29312K)->28958K(29312K) NonClass: 24074K(24256K)->24074K(24256K) Class: 4883K(5056K)->4883K(5056K)
[1922.821s][info][gc             ] GC(305) Pause Young (Concurrent Start) (G1 Evacuation Pause) 3551M->1375M(4096M) 117.392ms
[1922.821s][info][gc             ] GC(306) Concurrent Mark Cycle
[1922.821s][info][gc,marking     ] GC(306) Concurrent Scan Root Regions
[1922.821s][info][gc,cpu         ] GC(305) User=0.70s Sys=0.00s Real=0.11s
.[1923.000s][info][gc,marking     ] GC(306) Concurrent Scan Root Regions 178.970ms
[1923.000s][info][gc,marking     ] GC(306) Concurrent Mark
[1923.000s][info][gc,marking     ] GC(306) Concurrent Mark From Roots
[1923.000s][info][gc,task        ] GC(306) Using 2 workers of 2 for marking
[1923.889s][info][gc,marking     ] GC(306) Concurrent Mark From Roots 888.926ms
[1923.889s][info][gc,marking     ] GC(306) Concurrent Preclean
[1923.889s][info][gc,marking     ] GC(306) Concurrent Preclean 0.045ms
[1923.889s][info][gc,start       ] GC(306) Pause Remark
[1923.893s][info][gc             ] GC(306) Pause Remark 1763M->1763M(4096M) 3.243ms
[1923.893s][info][gc,cpu         ] GC(306) User=0.02s Sys=0.00s Real=0.01s
[1923.893s][info][gc,marking     ] GC(306) Concurrent Mark 892.480ms
[1923.893s][info][gc,marking     ] GC(306) Concurrent Rebuild Remembered Sets and Scrub Regions
.[1924.157s][info][gc,marking     ] GC(306) Concurrent Rebuild Remembered Sets and Scrub Regions 264.792ms
[1924.158s][info][gc,start       ] GC(306) Pause Cleanup
[1924.158s][info][gc             ] GC(306) Pause Cleanup 1870M->1870M(4096M) 0.121ms
[1924.158s][info][gc,cpu         ] GC(306) User=0.00s Sys=0.00s Real=0.00s
[1924.158s][info][gc,marking     ] GC(306) Concurrent Clear Claimed Marks
[1924.158s][info][gc,marking     ] GC(306) Concurrent Clear Claimed Marks 0.031ms
[1924.158s][info][gc,marking     ] GC(306) Concurrent Cleanup for Next Mark
[1924.161s][info][gc,marking     ] GC(306) Concurrent Cleanup for Next Mark 3.288ms
[1924.161s][info][gc             ] GC(306) Concurrent Mark Cycle 1340.205ms
.....[1929.556s][info][gc,start       ] GC(307) Pause Young (Prepare Mixed) (G1 Evacuation Pause)
[1929.556s][info][gc,task        ] GC(307) Using 6 workers of 6 for evacuation
[1929.674s][info][gc,phases      ] GC(307)   Pre Evacuate Collection Set: 0.35ms
[1929.674s][info][gc,phases      ] GC(307)   Merge Heap Roots: 0.51ms
[1929.674s][info][gc,phases      ] GC(307)   Evacuate Collection Set: 115.55ms
[1929.674s][info][gc,phases      ] GC(307)   Post Evacuate Collection Set: 0.92ms
[1929.674s][info][gc,phases      ] GC(307)   Other: 0.08ms
[1929.674s][info][gc,heap        ] GC(307) Eden regions: 1120->0(1114)
[1929.674s][info][gc,heap        ] GC(307) Survivor regions: 108->109(154)
[1929.674s][info][gc,heap        ] GC(307) Old regions: 500->533
[1929.674s][info][gc,heap        ] GC(307) Humongous regions: 80->80
[1929.674s][info][gc,metaspace   ] GC(307) Metaspace: 28958K(29312K)->28958K(29312K) NonClass: 24074K(24256K)->24074K(24256K) Class: 4883K(5056K)->4883K(5056K)
[1929.674s][info][gc             ] GC(307) Pause Young (Prepare Mixed) (G1 Evacuation Pause) 3615M->1442M(4096M) 117.536ms
[1929.674s][info][gc,cpu         ] GC(307) User=0.69s Sys=0.00s Real=0.12s
.......[1936.402s][info][gc,start       ] GC(308) Pause Young (Mixed) (G1 Evacuation Pause)
[1936.402s][info][gc,task        ] GC(308) Using 6 workers of 6 for evacuation
[1936.535s][info][gc,phases      ] GC(308)   Pre Evacuate Collection Set: 0.37ms
[1936.535s][info][gc,phases      ] GC(308)   Merge Heap Roots: 0.70ms
[1936.535s][info][gc,phases      ] GC(308)   Evacuate Collection Set: 130.58ms
[1936.535s][info][gc,phases      ] GC(308)   Post Evacuate Collection Set: 0.97ms
[1936.535s][info][gc,phases      ] GC(308)   Other: 0.09ms
[1936.535s][info][gc,heap        ] GC(308) Eden regions: 1114->0(1120)
[1936.535s][info][gc,heap        ] GC(308) Survivor regions: 109->108(153)
[1936.535s][info][gc,heap        ] GC(308) Old regions: 533->469
[1936.535s][info][gc,heap        ] GC(308) Humongous regions: 80->80
[1936.535s][info][gc,metaspace   ] GC(308) Metaspace: 28958K(29312K)->28958K(29312K) NonClass: 24074K(24256K)->24074K(24256K) Class: 4883K(5056K)->4883K(5056K)
[1936.535s][info][gc             ] GC(308) Pause Young (Mixed) (G1 Evacuation Pause) 3670M->1311M(4096M) 132.833ms
[1936.535s][info][gc,cpu         ] GC(308) User=0.79s Sys=0.00s Real=0.13s
.......[1943.125s][info][gc,start       ] GC(309) Pause Young (Concurrent Start) (G1 Evacuation Pause)
[1943.125s][info][gc,task        ] GC(309) Using 6 workers of 6 for evacuation
[1943.238s][info][gc,phases      ] GC(309)   Pre Evacuate Collection Set: 0.43ms
[1943.239s][info][gc,phases      ] GC(309)   Merge Heap Roots: 0.49ms
[1943.239s][info][gc,phases      ] GC(309)   Evacuate Collection Set: 111.77ms
[1943.239s][info][gc,phases      ] GC(309)   Post Evacuate Collection Set: 0.89ms
[1943.239s][info][gc,phases      ] GC(309)   Other: 0.12ms
[1943.239s][info][gc,heap        ] GC(309) Eden regions: 1120->0(1121)
[1943.239s][info][gc,heap        ] GC(309) Survivor regions: 108->107(154)
[1943.239s][info][gc,heap        ] GC(309) Old regions: 469->501
[1943.239s][info][gc,heap        ] GC(309) Humongous regions: 80->80
[1943.239s][info][gc,metaspace   ] GC(309) Metaspace: 28958K(29312K)->28958K(29312K) NonClass: 24074K(24256K)->24074K(24256K) Class: 4883K(5056K)->4883K(5056K)
[1943.239s][info][gc             ] GC(309) Pause Young (Concurrent Start) (G1 Evacuation Pause) 3551M->1373M(4096M) 113.866ms
[1943.239s][info][gc             ] GC(310) Concurrent Mark Cycle
[1943.239s][info][gc,marking     ] GC(310) Concurrent Scan Root Regions
[1943.239s][info][gc,cpu         ] GC(309) User=0.67s Sys=0.00s Real=0.11s
[1943.353s][info][gc,marking     ] GC(310) Concurrent Scan Root Regions 114.847ms
[1943.354s][info][gc,marking     ] GC(310) Concurrent Mark
[1943.354s][info][gc,marking     ] GC(310) Concurrent Mark From Roots
[1943.354s][info][gc,task        ] GC(310) Using 2 workers of 2 for marking
[1943.920s][info][gc,marking     ] GC(310) Concurrent Mark From Roots 566.157ms
[1943.920s][info][gc,marking     ] GC(310) Concurrent Preclean
[1943.920s][info][gc,marking     ] GC(310) Concurrent Preclean 0.045ms
[1943.920s][info][gc,start       ] GC(310) Pause Remark
[1943.922s][info][gc             ] GC(310) Pause Remark 1606M->1606M(4096M) 2.557ms
[1943.923s][info][gc,cpu         ] GC(310) User=0.01s Sys=0.00s Real=0.01s
[1943.923s][info][gc,marking     ] GC(310) Concurrent Mark 569.012ms
[1943.923s][info][gc,marking     ] GC(310) Concurrent Rebuild Remembered Sets and Scrub Regions
.[1944.145s][info][gc,marking     ] GC(310) Concurrent Rebuild Remembered Sets and Scrub Regions 222.167ms
[1944.145s][info][gc,start       ] GC(310) Pause Cleanup
[1944.145s][info][gc             ] GC(310) Pause Cleanup 1688M->1688M(4096M) 0.128ms
[1944.145s][info][gc,cpu         ] GC(310) User=0.00s Sys=0.00s Real=0.00s
[1944.145s][info][gc,marking     ] GC(310) Concurrent Clear Claimed Marks
[1944.145s][info][gc,marking     ] GC(310) Concurrent Clear Claimed Marks 0.037ms
[1944.145s][info][gc,marking     ] GC(310) Concurrent Cleanup for Next Mark
[1944.150s][info][gc,marking     ] GC(310) Concurrent Cleanup for Next Mark 4.631ms
[1944.150s][info][gc             ] GC(310) Concurrent Mark Cycle 911.428ms
. (rIR:aIR:PR = 2767:2767:2767) (tPR = 41301) [OK] 
  1944s: Performance info:
         Transaction,    Success,    Partial,     Failed,   Receipts, AvgBarcode, 
             Overall,     166245,          0,          0,     157915,      59.47, 
         Response times:
             Request,    Success,    Partial,     Failed,   SkipFail,     Probes,    Samples,      min,      p50,      p90,      p95,      p99,      max, 
       TotalPurchase,     157915,          0,          0,          0,     154639,     171629,      300,     2300,     3700,     4500,    19100,   152000,
     InStorePurchase,      83075,          0,          0,          0,      81585,      90134,      300,     2300,     3700,     4500,    19300,   152000,
      OnlinePurchase,      58223,          0,          0,          0,      56972,      63430,      300,     2300,     3800,     4500,    18700,   152000,
        InstPurchase,      16617,          0,          0,          0,      16082,      18065,      400,     2200,     3800,     4600,    22000,   151000,
          AssocOfCat,        166,          0,          0,          0,        127,        186,    20000,    27000,    35000,    39300,   185560,   196000,
      AssocOfProduct,       1670,          0,          0,          0,       1486,       1763,      500,     2400,     3500,     4000,    14400,    45000,
      BusinessReport,        415,          0,          0,          0,        325,        428,    22000,    30000,    40000,    48000,    63390,   207000,
          CustBuyBeh,       1664,          0,          0,          0,       1505,       1816,      200,     2400,     3600,     4500,    19900,   121000,
       ProductReturn,       4414,          0,          0,          0,       4111,       4735,      200,     2400,     3800,     4500,    23640,   136000,

  1944s: (21%)   IR =   2906 ....[1949.789s][info][gc,start       ] GC(311) Pause Young (Prepare Mixed) (G1 Evacuation Pause)
[1949.789s][info][gc,task        ] GC(311) Using 6 workers of 6 for evacuation
[1949.906s][info][gc,phases      ] GC(311)   Pre Evacuate Collection Set: 0.36ms
[1949.906s][info][gc,phases      ] GC(311)   Merge Heap Roots: 0.53ms
[1949.906s][info][gc,phases      ] GC(311)   Evacuate Collection Set: 115.19ms
[1949.906s][info][gc,phases      ] GC(311)   Post Evacuate Collection Set: 0.96ms
[1949.906s][info][gc,phases      ] GC(311)   Other: 0.09ms
[1949.906s][info][gc,heap        ] GC(311) Eden regions: 1121->0(1114)
[1949.906s][info][gc,heap        ] GC(311) Survivor regions: 107->109(154)
[1949.906s][info][gc,heap        ] GC(311) Old regions: 501->533
[1949.906s][info][gc,heap        ] GC(311) Humongous regions: 80->80
[1949.906s][info][gc,metaspace   ] GC(311) Metaspace: 28958K(29312K)->28958K(29312K) NonClass: 24074K(24256K)->24074K(24256K) Class: 4883K(5056K)->4883K(5056K)
[1949.906s][info][gc             ] GC(311) Pause Young (Prepare Mixed) (G1 Evacuation Pause) 3615M->1441M(4096M) 117.282ms
[1949.906s][info][gc,cpu         ] GC(311) User=0.70s Sys=0.00s Real=0.12s
..|.....[1956.314s][info][gc,start       ] GC(312) Pause Young (Mixed) (G1 Evacuation Pause)
[1956.314s][info][gc,task        ] GC(312) Using 6 workers of 6 for evacuation
[1956.450s][info][gc,phases      ] GC(312)   Pre Evacuate Collection Set: 0.43ms
[1956.450s][info][gc,phases      ] GC(312)   Merge Heap Roots: 0.82ms
[1956.450s][info][gc,phases      ] GC(312)   Evacuate Collection Set: 133.17ms
[1956.450s][info][gc,phases      ] GC(312)   Post Evacuate Collection Set: 1.01ms
[1956.450s][info][gc,phases      ] GC(312)   Other: 0.09ms
[1956.450s][info][gc,heap        ] GC(312) Eden regions: 1114->0(1119)
[1956.450s][info][gc,heap        ] GC(312) Survivor regions: 109->109(153)
[1956.450s][info][gc,heap        ] GC(312) Old regions: 533->469
[1956.450s][info][gc,heap        ] GC(312) Humongous regions: 80->80
[1956.450s][info][gc,metaspace   ] GC(312) Metaspace: 28958K(29312K)->28958K(29312K) NonClass: 24074K(24256K)->24074K(24256K) Class: 4883K(5056K)->4883K(5056K)
[1956.450s][info][gc             ] GC(312) Pause Young (Mixed) (G1 Evacuation Pause) 3669M->1313M(4096M) 135.647ms
[1956.450s][info][gc,cpu         ] GC(312) User=0.81s Sys=0.00s Real=0.13s
......[1962.837s][info][gc,start       ] GC(313) Pause Young (Concurrent Start) (G1 Evacuation Pause)
[1962.837s][info][gc,task        ] GC(313) Using 6 workers of 6 for evacuation
[1962.955s][info][gc,phases      ] GC(313)   Pre Evacuate Collection Set: 0.42ms
[1962.955s][info][gc,phases      ] GC(313)   Merge Heap Roots: 0.49ms
[1962.955s][info][gc,phases      ] GC(313)   Evacuate Collection Set: 116.00ms
[1962.955s][info][gc,phases      ] GC(313)   Post Evacuate Collection Set: 0.88ms
[1962.955s][info][gc,phases      ] GC(313)   Other: 0.12ms
[1962.955s][info][gc,heap        ] GC(313) Eden regions: 1119->0(1118)
[1962.955s][info][gc,heap        ] GC(313) Survivor regions: 109->110(154)
[1962.955s][info][gc,heap        ] GC(313) Old regions: 469->501
[1962.955s][info][gc,heap        ] GC(313) Humongous regions: 80->80
[1962.955s][info][gc,metaspace   ] GC(313) Metaspace: 28958K(29312K)->28958K(29312K) NonClass: 24074K(24256K)->24074K(24256K) Class: 4883K(5056K)->4883K(5056K)
[1962.955s][info][gc             ] GC(313) Pause Young (Concurrent Start) (G1 Evacuation Pause) 3551M->1379M(4096M) 118.031ms
[1962.955s][info][gc             ] GC(314) Concurrent Mark Cycle
[1962.955s][info][gc,marking     ] GC(314) Concurrent Scan Root Regions
[1962.955s][info][gc,cpu         ] GC(313) User=0.71s Sys=0.00s Real=0.12s
.[1963.096s][info][gc,marking     ] GC(314) Concurrent Scan Root Regions 141.376ms
[1963.096s][info][gc,marking     ] GC(314) Concurrent Mark
[1963.097s][info][gc,marking     ] GC(314) Concurrent Mark From Roots
[1963.097s][info][gc,task        ] GC(314) Using 2 workers of 2 for marking
[1963.664s][info][gc,marking     ] GC(314) Concurrent Mark From Roots 567.824ms
[1963.664s][info][gc,marking     ] GC(314) Concurrent Preclean
[1963.664s][info][gc,marking     ] GC(314) Concurrent Preclean 0.051ms
[1963.665s][info][gc,start       ] GC(314) Pause Remark
[1963.667s][info][gc             ] GC(314) Pause Remark 1671M->1671M(4096M) 2.747ms
[1963.667s][info][gc,cpu         ] GC(314) User=0.01s Sys=0.00s Real=0.00s
[1963.667s][info][gc,marking     ] GC(314) Concurrent Mark 570.881ms
[1963.667s][info][gc,marking     ] GC(314) Concurrent Rebuild Remembered Sets and Scrub Regions
[1963.888s][info][gc,marking     ] GC(314) Concurrent Rebuild Remembered Sets and Scrub Regions 220.290ms
[1963.888s][info][gc,start       ] GC(314) Pause Cleanup
[1963.888s][info][gc             ] GC(314) Pause Cleanup 1747M->1747M(4096M) 0.122ms
[1963.888s][info][gc,cpu         ] GC(314) User=0.00s Sys=0.00s Real=0.00s
[1963.888s][info][gc,marking     ] GC(314) Concurrent Clear Claimed Marks
[1963.888s][info][gc,marking     ] GC(314) Concurrent Clear Claimed Marks 0.032ms
[1963.888s][info][gc,marking     ] GC(314) Concurrent Cleanup for Next Mark
[1963.892s][info][gc,marking     ] GC(314) Concurrent Cleanup for Next Mark 3.562ms
[1963.892s][info][gc             ] GC(314) Concurrent Mark Cycle 936.614ms
......[1969.306s][info][gc,start       ] GC(315) Pause Young (Prepare Mixed) (G1 Evacuation Pause)
[1969.306s][info][gc,task        ] GC(315) Using 6 workers of 6 for evacuation
[1969.425s][info][gc,phases      ] GC(315)   Pre Evacuate Collection Set: 0.35ms
[1969.425s][info][gc,phases      ] GC(315)   Merge Heap Roots: 0.58ms
[1969.425s][info][gc,phases      ] GC(315)   Evacuate Collection Set: 116.58ms
[1969.425s][info][gc,phases      ] GC(315)   Post Evacuate Collection Set: 0.95ms
[1969.425s][info][gc,phases      ] GC(315)   Other: 0.09ms
[1969.425s][info][gc,heap        ] GC(315) Eden regions: 1118->0(1114)
[1969.425s][info][gc,heap        ] GC(315) Survivor regions: 110->109(154)
[1969.425s][info][gc,heap        ] GC(315) Old regions: 501->533
[1969.425s][info][gc,heap        ] GC(315) Humongous regions: 80->80
[1969.425s][info][gc,metaspace   ] GC(315) Metaspace: 28958K(29312K)->28958K(29312K) NonClass: 24074K(24256K)->24074K(24256K) Class: 4883K(5056K)->4883K(5056K)
[1969.425s][info][gc             ] GC(315) Pause Young (Prepare Mixed) (G1 Evacuation Pause) 3615M->1442M(4096M) 118.669ms
[1969.425s][info][gc,cpu         ] GC(315) User=0.71s Sys=0.00s Real=0.12s
......[1975.832s][info][gc,start       ] GC(316) Pause Young (Mixed) (G1 Evacuation Pause)
[1975.832s][info][gc,task        ] GC(316) Using 6 workers of 6 for evacuation
[1975.962s][info][gc,phases      ] GC(316)   Pre Evacuate Collection Set: 0.38ms
[1975.962s][info][gc,phases      ] GC(316)   Merge Heap Roots: 0.71ms
[1975.962s][info][gc,phases      ] GC(316)   Evacuate Collection Set: 128.37ms
[1975.962s][info][gc,phases      ] GC(316)   Post Evacuate Collection Set: 0.95ms
[1975.962s][info][gc,phases      ] GC(316)   Other: 0.09ms
[1975.962s][info][gc,heap        ] GC(316) Eden regions: 1114->0(1119)
[1975.962s][info][gc,heap        ] GC(316) Survivor regions: 109->109(153)
[1975.962s][info][gc,heap        ] GC(316) Old regions: 533->468
[1975.962s][info][gc,heap        ] GC(316) Humongous regions: 80->80
[1975.962s][info][gc,metaspace   ] GC(316) Metaspace: 28958K(29312K)->28958K(29312K) NonClass: 24074K(24256K)->24074K(24256K) Class: 4883K(5056K)->4883K(5056K)
[1975.962s][info][gc             ] GC(316) Pause Young (Mixed) (G1 Evacuation Pause) 3670M->1312M(4096M) 130.629ms
[1975.962s][info][gc,cpu         ] GC(316) User=0.78s Sys=0.00s Real=0.14s
.......[1982.328s][info][gc,start       ] GC(317) Pause Young (Concurrent Start) (G1 Evacuation Pause)
[1982.328s][info][gc,task        ] GC(317) Using 6 workers of 6 for evacuation
[1982.443s][info][gc,phases      ] GC(317)   Pre Evacuate Collection Set: 0.46ms
[1982.443s][info][gc,phases      ] GC(317)   Merge Heap Roots: 0.53ms
[1982.443s][info][gc,phases      ] GC(317)   Evacuate Collection Set: 112.93ms
[1982.443s][info][gc,phases      ] GC(317)   Post Evacuate Collection Set: 0.88ms
[1982.443s][info][gc,phases      ] GC(317)   Other: 0.13ms
[1982.443s][info][gc,heap        ] GC(317) Eden regions: 1119->0(1121)
[1982.443s][info][gc,heap        ] GC(317) Survivor regions: 109->107(154)
[1982.443s][info][gc,heap        ] GC(317) Old regions: 468->500
[1982.443s][info][gc,heap        ] GC(317) Humongous regions: 80->80
[1982.443s][info][gc,metaspace   ] GC(317) Metaspace: 28958K(29312K)->28958K(29312K) NonClass: 24074K(24256K)->24074K(24256K) Class: 4883K(5056K)->4883K(5056K)
[1982.443s][info][gc             ] GC(317) Pause Young (Concurrent Start) (G1 Evacuation Pause) 3550M->1372M(4096M) 115.093ms
[1982.443s][info][gc             ] GC(318) Concurrent Mark Cycle
[1982.443s][info][gc,marking     ] GC(318) Concurrent Scan Root Regions
[1982.443s][info][gc,cpu         ] GC(317) User=0.69s Sys=0.00s Real=0.12s
[1982.587s][info][gc,marking     ] GC(318) Concurrent Scan Root Regions 144.162ms
[1982.587s][info][gc,marking     ] GC(318) Concurrent Mark
[1982.587s][info][gc,marking     ] GC(318) Concurrent Mark From Roots
[1982.587s][info][gc,task        ] GC(318) Using 2 workers of 2 for marking
.[1983.236s][info][gc,marking     ] GC(318) Concurrent Mark From Roots 648.131ms
[1983.236s][info][gc,marking     ] GC(318) Concurrent Preclean
[1983.236s][info][gc,marking     ] GC(318) Concurrent Preclean 0.063ms
[1983.236s][info][gc,start       ] GC(318) Pause Remark
[1983.239s][info][gc             ] GC(318) Pause Remark 1704M->1704M(4096M) 3.383ms
[1983.239s][info][gc,cpu         ] GC(318) User=0.01s Sys=0.00s Real=0.00s
[1983.239s][info][gc,marking     ] GC(318) Concurrent Mark 651.862ms
[1983.239s][info][gc,marking     ] GC(318) Concurrent Rebuild Remembered Sets and Scrub Regions
[1983.460s][info][gc,marking     ] GC(318) Concurrent Rebuild Remembered Sets and Scrub Regions 220.244ms
[1983.460s][info][gc,start       ] GC(318) Pause Cleanup
[1983.460s][info][gc             ] GC(318) Pause Cleanup 1762M->1762M(4096M) 0.119ms
[1983.460s][info][gc,cpu         ] GC(318) User=0.00s Sys=0.00s Real=0.00s
[1983.460s][info][gc,marking     ] GC(318) Concurrent Clear Claimed Marks
[1983.460s][info][gc,marking     ] GC(318) Concurrent Clear Claimed Marks 0.032ms
[1983.460s][info][gc,marking     ] GC(318) Concurrent Cleanup for Next Mark
[1983.463s][info][gc,marking     ] GC(318) Concurrent Cleanup for Next Mark 3.203ms
[1983.463s][info][gc             ] GC(318) Concurrent Mark Cycle 1019.975ms
.....[1988.751s][info][gc,start       ] GC(319) Pause Young (Prepare Mixed) (G1 Evacuation Pause)
[1988.751s][info][gc,task        ] GC(319) Using 6 workers of 6 for evacuation
[1988.867s][info][gc,phases      ] GC(319)   Pre Evacuate Collection Set: 0.36ms
[1988.867s][info][gc,phases      ] GC(319)   Merge Heap Roots: 0.53ms
[1988.867s][info][gc,phases      ] GC(319)   Evacuate Collection Set: 113.89ms
[1988.867s][info][gc,phases      ] GC(319)   Post Evacuate Collection Set: 0.92ms
[1988.867s][info][gc,phases      ] GC(319)   Other: 0.09ms
[1988.867s][info][gc,heap        ] GC(319) Eden regions: 1121->0(1117)
[1988.867s][info][gc,heap        ] GC(319) Survivor regions: 107->108(154)
[1988.867s][info][gc,heap        ] GC(319) Old regions: 500->532
[1988.867s][info][gc,heap        ] GC(319) Humongous regions: 80->80
[1988.867s][info][gc,metaspace   ] GC(319) Metaspace: 28958K(29312K)->28958K(29312K) NonClass: 24075K(24256K)->24075K(24256K) Class: 4883K(5056K)->4883K(5056K)
[1988.867s][info][gc             ] GC(319) Pause Young (Prepare Mixed) (G1 Evacuation Pause) 3614M->1438M(4096M) 115.937ms
[1988.867s][info][gc,cpu         ] GC(319) User=0.69s Sys=0.00s Real=0.12s
.......[1995.192s][info][gc,start       ] GC(320) Pause Young (Mixed) (G1 Evacuation Pause)
[1995.192s][info][gc,task        ] GC(320) Using 6 workers of 6 for evacuation
[1995.326s][info][gc,phases      ] GC(320)   Pre Evacuate Collection Set: 0.38ms
[1995.326s][info][gc,phases      ] GC(320)   Merge Heap Roots: 0.67ms
[1995.326s][info][gc,phases      ] GC(320)   Evacuate Collection Set: 131.63ms
[1995.326s][info][gc,phases      ] GC(320)   Post Evacuate Collection Set: 0.82ms
[1995.326s][info][gc,phases      ] GC(320)   Other: 0.09ms
[1995.326s][info][gc,heap        ] GC(320) Eden regions: 1117->0(1119)
[1995.326s][info][gc,heap        ] GC(320) Survivor regions: 108->109(154)
[1995.326s][info][gc,heap        ] GC(320) Old regions: 532->469
[1995.326s][info][gc,heap        ] GC(320) Humongous regions: 80->80
[1995.326s][info][gc,metaspace   ] GC(320) Metaspace: 28958K(29312K)->28958K(29312K) NonClass: 24075K(24256K)->24075K(24256K) Class: 4883K(5056K)->4883K(5056K)
[1995.326s][info][gc             ] GC(320) Pause Young (Mixed) (G1 Evacuation Pause) 3672M->1315M(4096M) 133.753ms
[1995.326s][info][gc,cpu         ] GC(320) User=0.80s Sys=0.00s Real=0.13s
......[2001.705s][info][gc,start       ] GC(321) Pause Young (Concurrent Start) (G1 Evacuation Pause)
[2001.705s][info][gc,task        ] GC(321) Using 6 workers of 6 for evacuation
[2001.824s][info][gc,phases      ] GC(321)   Pre Evacuate Collection Set: 0.42ms
[2001.824s][info][gc,phases      ] GC(321)   Merge Heap Roots: 0.52ms
[2001.824s][info][gc,phases      ] GC(321)   Evacuate Collection Set: 117.39ms
[2001.824s][info][gc,phases      ] GC(321)   Post Evacuate Collection Set: 0.91ms
[2001.824s][info][gc,phases      ] GC(321)   Other: 0.12ms
[2001.824s][info][gc,heap        ] GC(321) Eden regions: 1119->0(1117)
[2001.824s][info][gc,heap        ] GC(321) Survivor regions: 109->111(154)
[2001.824s][info][gc,heap        ] GC(321) Old regions: 469->501
[2001.824s][info][gc,heap        ] GC(321) Humongous regions: 80->80
[2001.824s][info][gc,metaspace   ] GC(321) Metaspace: 28958K(29312K)->28958K(29312K) NonClass: 24075K(24256K)->24075K(24256K) Class: 4883K(5056K)->4883K(5056K)
[2001.824s][info][gc             ] GC(321) Pause Young (Concurrent Start) (G1 Evacuation Pause) 3553M->1382M(4096M) 119.492ms
[2001.824s][info][gc             ] GC(322) Concurrent Mark Cycle
[2001.824s][info][gc,marking     ] GC(322) Concurrent Scan Root Regions
[2001.824s][info][gc,cpu         ] GC(321) User=0.71s Sys=0.00s Real=0.12s
[2001.973s][info][gc,marking     ] GC(322) Concurrent Scan Root Regions 148.421ms
[2001.973s][info][gc,marking     ] GC(322) Concurrent Mark
[2001.973s][info][gc,marking     ] GC(322) Concurrent Mark From Roots
[2001.973s][info][gc,task        ] GC(322) Using 2 workers of 2 for marking
.[2002.587s][info][gc,marking     ] GC(322) Concurrent Mark From Roots 614.417ms
[2002.587s][info][gc,marking     ] GC(322) Concurrent Preclean
[2002.587s][info][gc,marking     ] GC(322) Concurrent Preclean 0.044ms
[2002.587s][info][gc,start       ] GC(322) Pause Remark
[2002.590s][info][gc             ] GC(322) Pause Remark 1664M->1664M(4096M) 2.871ms
[2002.590s][info][gc,cpu         ] GC(322) User=0.01s Sys=0.00s Real=0.00s
[2002.590s][info][gc,marking     ] GC(322) Concurrent Mark 617.568ms
[2002.590s][info][gc,marking     ] GC(322) Concurrent Rebuild Remembered Sets and Scrub Regions
[2002.826s][info][gc,marking     ] GC(322) Concurrent Rebuild Remembered Sets and Scrub Regions 235.475ms
[2002.826s][info][gc,start       ] GC(322) Pause Cleanup
[2002.826s][info][gc             ] GC(322) Pause Cleanup 1740M->1740M(4096M) 0.126ms
[2002.826s][info][gc,cpu         ] GC(322) User=0.00s Sys=0.00s Real=0.00s
[2002.826s][info][gc,marking     ] GC(322) Concurrent Clear Claimed Marks
[2002.826s][info][gc,marking     ] GC(322) Concurrent Clear Claimed Marks 0.032ms
[2002.826s][info][gc,marking     ] GC(322) Concurrent Cleanup for Next Mark
[2002.829s][info][gc,marking     ] GC(322) Concurrent Cleanup for Next Mark 3.346ms
[2002.829s][info][gc             ] GC(322) Concurrent Mark Cycle 1005.349ms
......[2008.252s][info][gc,start       ] GC(323) Pause Young (Prepare Mixed) (G1 Evacuation Pause)
[2008.252s][info][gc,task        ] GC(323) Using 6 workers of 6 for evacuation
[2008.370s][info][gc,phases      ] GC(323)   Pre Evacuate Collection Set: 0.32ms
[2008.370s][info][gc,phases      ] GC(323)   Merge Heap Roots: 0.53ms
[2008.370s][info][gc,phases      ] GC(323)   Evacuate Collection Set: 116.00ms
[2008.370s][info][gc,phases      ] GC(323)   Post Evacuate Collection Set: 0.95ms
[2008.370s][info][gc,phases      ] GC(323)   Other: 0.09ms
[2008.370s][info][gc,heap        ] GC(323) Eden regions: 1117->0(1114)
[2008.370s][info][gc,heap        ] GC(323) Survivor regions: 111->109(154)
[2008.370s][info][gc,heap        ] GC(323) Old regions: 501->533
[2008.370s][info][gc,heap        ] GC(323) Humongous regions: 80->80
[2008.370s][info][gc,metaspace   ] GC(323) Metaspace: 28958K(29312K)->28958K(29312K) NonClass: 24075K(24256K)->24075K(24256K) Class: 4883K(5056K)->4883K(5056K)
[2008.370s][info][gc             ] GC(323) Pause Young (Prepare Mixed) (G1 Evacuation Pause) 3616M->1441M(4096M) 118.053ms
[2008.370s][info][gc,cpu         ] GC(323) User=0.71s Sys=0.00s Real=0.12s
... (rIR:aIR:PR = 2906:2904:2904) (tPR = 42673) [OK] 
  2010s: Performance info:
         Transaction,    Success,    Partial,     Failed,   Receipts, AvgBarcode, 
             Overall,     174472,          0,          0,     165738,      59.47, 
         Response times:
             Request,    Success,    Partial,     Failed,   SkipFail,     Probes,    Samples,      min,      p50,      p90,      p95,      p99,      max, 
       TotalPurchase,     165748,          0,          0,          0,     162620,     179957,      300,     2400,     3800,     4600,    19000,   242000,
     InStorePurchase,      87178,          0,          0,          0,      85953,      95129,      300,     2400,     3800,     4600,    19300,   181000,
      OnlinePurchase,      61139,          0,          0,          0,      59838,      65993,      300,     2300,     3800,     4500,    18700,   242000,
        InstPurchase,      17431,          0,          0,          0,      16829,      18835,      400,     2500,     3800,     4500,    17300,   143000,
          AssocOfCat,        173,          0,          0,          0,        130,        191,    19800,    27000,    35000,    58000,   158480,   164000,
      AssocOfProduct,       1749,          0,          0,          0,       1607,       1958,      600,     2500,     3500,     4400,    17264,   140000,
      BusinessReport,        440,          0,          0,          0,        353,        499,    21000,    31000,    45000,    60000,   156000,   177000,
          CustBuyBeh,       1743,          0,          0,          0,       1546,       1852,      300,     2800,     4000,     4600,    21470,   138000,
       ProductReturn,       4625,          0,          0,          0,       4338,       5006,      200,     2400,     3600,     4500,    18200,   136000,

  2010s: (22%)   IR =   3044 ...[2014.655s][info][gc,start       ] GC(324) Pause Young (Mixed) (G1 Evacuation Pause)
[2014.655s][info][gc,task        ] GC(324) Using 6 workers of 6 for evacuation
[2014.788s][info][gc,phases      ] GC(324)   Pre Evacuate Collection Set: 0.38ms
[2014.788s][info][gc,phases      ] GC(324)   Merge Heap Roots: 0.70ms
[2014.788s][info][gc,phases      ] GC(324)   Evacuate Collection Set: 130.69ms
[2014.788s][info][gc,phases      ] GC(324)   Post Evacuate Collection Set: 0.95ms
[2014.788s][info][gc,phases      ] GC(324)   Other: 0.09ms
[2014.788s][info][gc,heap        ] GC(324) Eden regions: 1114->0(1118)
[2014.788s][info][gc,heap        ] GC(324) Survivor regions: 109->110(153)
[2014.788s][info][gc,heap        ] GC(324) Old regions: 533->469
[2014.788s][info][gc,heap        ] GC(324) Humongous regions: 80->80
[2014.788s][info][gc,metaspace   ] GC(324) Metaspace: 28958K(29312K)->28958K(29312K) NonClass: 24075K(24256K)->24075K(24256K) Class: 4883K(5056K)->4883K(5056K)
[2014.788s][info][gc             ] GC(324) Pause Young (Mixed) (G1 Evacuation Pause) 3669M->1315M(4096M) 132.935ms
[2014.788s][info][gc,cpu         ] GC(324) User=0.79s Sys=0.00s Real=0.13s
.....|.[2020.818s][info][gc,start       ] GC(325) Pause Young (Concurrent Start) (G1 Evacuation Pause)
[2020.818s][info][gc,task        ] GC(325) Using 6 workers of 6 for evacuation
[2020.937s][info][gc,phases      ] GC(325)   Pre Evacuate Collection Set: 0.42ms
[2020.937s][info][gc,phases      ] GC(325)   Merge Heap Roots: 0.48ms
[2020.937s][info][gc,phases      ] GC(325)   Evacuate Collection Set: 117.58ms
[2020.937s][info][gc,phases      ] GC(325)   Post Evacuate Collection Set: 0.89ms
[2020.937s][info][gc,phases      ] GC(325)   Other: 0.12ms
[2020.937s][info][gc,heap        ] GC(325) Eden regions: 1118->0(1117)
[2020.937s][info][gc,heap        ] GC(325) Survivor regions: 110->111(154)
[2020.937s][info][gc,heap        ] GC(325) Old regions: 469->500
[2020.937s][info][gc,heap        ] GC(325) Humongous regions: 80->80
[2020.937s][info][gc,metaspace   ] GC(325) Metaspace: 28958K(29312K)->28958K(29312K) NonClass: 24075K(24256K)->24075K(24256K) Class: 4883K(5056K)->4883K(5056K)
[2020.937s][info][gc             ] GC(325) Pause Young (Concurrent Start) (G1 Evacuation Pause) 3551M->1381M(4096M) 119.625ms
[2020.937s][info][gc             ] GC(326) Concurrent Mark Cycle
[2020.937s][info][gc,marking     ] GC(326) Concurrent Scan Root Regions
[2020.937s][info][gc,cpu         ] GC(325) User=0.71s Sys=0.00s Real=0.12s
[2021.113s][info][gc,marking     ] GC(326) Concurrent Scan Root Regions 175.802ms
[2021.113s][info][gc,marking     ] GC(326) Concurrent Mark
[2021.113s][info][gc,marking     ] GC(326) Concurrent Mark From Roots
[2021.113s][info][gc,task        ] GC(326) Using 2 workers of 2 for marking
.[2022.073s][info][gc,marking     ] GC(326) Concurrent Mark From Roots 959.609ms
[2022.073s][info][gc,marking     ] GC(326) Concurrent Preclean
[2022.073s][info][gc,marking     ] GC(326) Concurrent Preclean 0.063ms
[2022.073s][info][gc,start       ] GC(326) Pause Remark
[2022.077s][info][gc             ] GC(326) Pause Remark 1845M->1845M(4096M) 4.054ms
[2022.077s][info][gc,cpu         ] GC(326) User=0.02s Sys=0.00s Real=0.00s
[2022.077s][info][gc,marking     ] GC(326) Concurrent Mark 963.985ms
[2022.077s][info][gc,marking     ] GC(326) Concurrent Rebuild Remembered Sets and Scrub Regions
.[2022.426s][info][gc,marking     ] GC(326) Concurrent Rebuild Remembered Sets and Scrub Regions 348.530ms
[2022.426s][info][gc,start       ] GC(326) Pause Cleanup
[2022.426s][info][gc             ] GC(326) Pause Cleanup 1990M->1990M(4096M) 0.131ms
[2022.426s][info][gc,cpu         ] GC(326) User=0.00s Sys=0.00s Real=0.00s
[2022.426s][info][gc,marking     ] GC(326) Concurrent Clear Claimed Marks
[2022.426s][info][gc,marking     ] GC(326) Concurrent Clear Claimed Marks 0.032ms
[2022.426s][info][gc,marking     ] GC(326) Concurrent Cleanup for Next Mark
[2022.431s][info][gc,marking     ] GC(326) Concurrent Cleanup for Next Mark 4.109ms
[2022.431s][info][gc             ] GC(326) Concurrent Mark Cycle 1493.402ms
....[2027.002s][info][gc,start       ] GC(327) Pause Young (Prepare Mixed) (G1 Evacuation Pause)
[2027.002s][info][gc,task        ] GC(327) Using 6 workers of 6 for evacuation
[2027.120s][info][gc,phases      ] GC(327)   Pre Evacuate Collection Set: 0.33ms
[2027.120s][info][gc,phases      ] GC(327)   Merge Heap Roots: 0.54ms
[2027.120s][info][gc,phases      ] GC(327)   Evacuate Collection Set: 116.78ms
[2027.120s][info][gc,phases      ] GC(327)   Post Evacuate Collection Set: 0.93ms
[2027.120s][info][gc,phases      ] GC(327)   Other: 0.09ms
[2027.120s][info][gc,heap        ] GC(327) Eden regions: 1117->0(1113)
[2027.120s][info][gc,heap        ] GC(327) Survivor regions: 111->110(154)
[2027.120s][info][gc,heap        ] GC(327) Old regions: 500->532
[2027.120s][info][gc,heap        ] GC(327) Humongous regions: 80->80
[2027.120s][info][gc,metaspace   ] GC(327) Metaspace: 28958K(29312K)->28958K(29312K) NonClass: 24075K(24256K)->24075K(24256K) Class: 4883K(5056K)->4883K(5056K)
[2027.120s][info][gc             ] GC(327) Pause Young (Prepare Mixed) (G1 Evacuation Pause) 3615M->1443M(4096M) 118.783ms
[2027.121s][info][gc,cpu         ] GC(327) User=0.71s Sys=0.00s Real=0.11s
......[2033.153s][info][gc,start       ] GC(328) Pause Young (Mixed) (G1 Evacuation Pause)
[2033.153s][info][gc,task        ] GC(328) Using 6 workers of 6 for evacuation
[2033.285s][info][gc,phases      ] GC(328)   Pre Evacuate Collection Set: 0.40ms
[2033.285s][info][gc,phases      ] GC(328)   Merge Heap Roots: 0.70ms
[2033.285s][info][gc,phases      ] GC(328)   Evacuate Collection Set: 129.67ms
[2033.285s][info][gc,phases      ] GC(328)   Post Evacuate Collection Set: 0.97ms
[2033.285s][info][gc,phases      ] GC(328)   Other: 0.09ms
[2033.285s][info][gc,heap        ] GC(328) Eden regions: 1113->0(1121)
[2033.285s][info][gc,heap        ] GC(328) Survivor regions: 110->107(153)
[2033.285s][info][gc,heap        ] GC(328) Old regions: 532->469
[2033.285s][info][gc,heap        ] GC(328) Humongous regions: 80->80
[2033.285s][info][gc,metaspace   ] GC(328) Metaspace: 28958K(29312K)->28958K(29312K) NonClass: 24075K(24256K)->24075K(24256K) Class: 4883K(5056K)->4883K(5056K)
[2033.285s][info][gc             ] GC(328) Pause Young (Mixed) (G1 Evacuation Pause) 3669M->1309M(4096M) 132.013ms
[2033.285s][info][gc,cpu         ] GC(328) User=0.79s Sys=0.00s Real=0.13s
.......[2039.432s][info][gc,start       ] GC(329) Pause Young (Concurrent Start) (G1 Evacuation Pause)
[2039.432s][info][gc,task        ] GC(329) Using 6 workers of 6 for evacuation
[2039.547s][info][gc,phases      ] GC(329)   Pre Evacuate Collection Set: 0.38ms
[2039.547s][info][gc,phases      ] GC(329)   Merge Heap Roots: 0.46ms
[2039.547s][info][gc,phases      ] GC(329)   Evacuate Collection Set: 113.06ms
[2039.547s][info][gc,phases      ] GC(329)   Post Evacuate Collection Set: 0.88ms
[2039.547s][info][gc,phases      ] GC(329)   Other: 0.10ms
[2039.547s][info][gc,heap        ] GC(329) Eden regions: 1121->0(1119)
[2039.547s][info][gc,heap        ] GC(329) Survivor regions: 107->109(154)
[2039.547s][info][gc,heap        ] GC(329) Old regions: 469->500
[2039.547s][info][gc,heap        ] GC(329) Humongous regions: 80->80
[2039.547s][info][gc,metaspace   ] GC(329) Metaspace: 28958K(29312K)->28958K(29312K) NonClass: 24075K(24256K)->24075K(24256K) Class: 4883K(5056K)->4883K(5056K)
[2039.547s][info][gc             ] GC(329) Pause Young (Concurrent Start) (G1 Evacuation Pause) 3551M->1376M(4096M) 115.008ms
[2039.547s][info][gc             ] GC(330) Concurrent Mark Cycle
[2039.547s][info][gc,marking     ] GC(330) Concurrent Scan Root Regions
[2039.547s][info][gc,cpu         ] GC(329) User=0.69s Sys=0.00s Real=0.12s
[2039.687s][info][gc,marking     ] GC(330) Concurrent Scan Root Regions 140.862ms
[2039.688s][info][gc,marking     ] GC(330) Concurrent Mark
[2039.688s][info][gc,marking     ] GC(330) Concurrent Mark From Roots
[2039.688s][info][gc,task        ] GC(330) Using 2 workers of 2 for marking
[2040.283s][info][gc,marking     ] GC(330) Concurrent Mark From Roots 594.956ms
[2040.283s][info][gc,marking     ] GC(330) Concurrent Preclean
[2040.283s][info][gc,marking     ] GC(330) Concurrent Preclean 0.046ms
[2040.283s][info][gc,start       ] GC(330) Pause Remark
[2040.286s][info][gc             ] GC(330) Pause Remark 1698M->1698M(4096M) 2.903ms
[2040.286s][info][gc,cpu         ] GC(330) User=0.02s Sys=0.00s Real=0.00s
[2040.286s][info][gc,marking     ] GC(330) Concurrent Mark 598.144ms
[2040.286s][info][gc,marking     ] GC(330) Concurrent Rebuild Remembered Sets and Scrub Regions
.[2040.504s][info][gc,marking     ] GC(330) Concurrent Rebuild Remembered Sets and Scrub Regions 218.021ms
[2040.504s][info][gc,start       ] GC(330) Pause Cleanup
[2040.504s][info][gc             ] GC(330) Pause Cleanup 1779M->1779M(4096M) 0.120ms
[2040.504s][info][gc,cpu         ] GC(330) User=0.00s Sys=0.00s Real=0.00s
[2040.504s][info][gc,marking     ] GC(330) Concurrent Clear Claimed Marks
[2040.504s][info][gc,marking     ] GC(330) Concurrent Clear Claimed Marks 0.032ms
[2040.504s][info][gc,marking     ] GC(330) Concurrent Cleanup for Next Mark
[2040.508s][info][gc,marking     ] GC(330) Concurrent Cleanup for Next Mark 3.683ms
[2040.508s][info][gc             ] GC(330) Concurrent Mark Cycle 961.177ms
.....[2045.596s][info][gc,start       ] GC(331) Pause Young (Prepare Mixed) (G1 Evacuation Pause)
[2045.596s][info][gc,task        ] GC(331) Using 6 workers of 6 for evacuation
[2045.712s][info][gc,phases      ] GC(331)   Pre Evacuate Collection Set: 0.35ms
[2045.712s][info][gc,phases      ] GC(331)   Merge Heap Roots: 0.54ms
[2045.712s][info][gc,phases      ] GC(331)   Evacuate Collection Set: 114.33ms
[2045.712s][info][gc,phases      ] GC(331)   Post Evacuate Collection Set: 0.93ms
[2045.712s][info][gc,phases      ] GC(331)   Other: 0.08ms
[2045.712s][info][gc,heap        ] GC(331) Eden regions: 1119->0(1115)
[2045.712s][info][gc,heap        ] GC(331) Survivor regions: 109->109(154)
[2045.712s][info][gc,heap        ] GC(331) Old regions: 500->532
[2045.712s][info][gc,heap        ] GC(331) Humongous regions: 80->80
[2045.712s][info][gc,metaspace   ] GC(331) Metaspace: 28958K(29312K)->28958K(29312K) NonClass: 24075K(24256K)->24075K(24256K) Class: 4883K(5056K)->4883K(5056K)
[2045.713s][info][gc             ] GC(331) Pause Young (Prepare Mixed) (G1 Evacuation Pause) 3614M->1440M(4096M) 116.368ms
[2045.713s][info][gc,cpu         ] GC(331) User=0.69s Sys=0.00s Real=0.12s
......[2051.659s][info][gc,start       ] GC(332) Pause Young (Mixed) (G1 Evacuation Pause)
[2051.659s][info][gc,task        ] GC(332) Using 6 workers of 6 for evacuation
[2051.793s][info][gc,phases      ] GC(332)   Pre Evacuate Collection Set: 0.41ms
[2051.793s][info][gc,phases      ] GC(332)   Merge Heap Roots: 0.68ms
[2051.793s][info][gc,phases      ] GC(332)   Evacuate Collection Set: 132.42ms
[2051.793s][info][gc,phases      ] GC(332)   Post Evacuate Collection Set: 0.97ms
[2051.793s][info][gc,phases      ] GC(332)   Other: 0.09ms
[2051.793s][info][gc,heap        ] GC(332) Eden regions: 1115->0(1118)
[2051.793s][info][gc,heap        ] GC(332) Survivor regions: 109->110(153)
[2051.793s][info][gc,heap        ] GC(332) Old regions: 532->470
[2051.793s][info][gc,heap        ] GC(332) Humongous regions: 80->80
[2051.793s][info][gc,metaspace   ] GC(332) Metaspace: 28958K(29312K)->28958K(29312K) NonClass: 24075K(24256K)->24075K(24256K) Class: 4883K(5056K)->4883K(5056K)
[2051.793s][info][gc             ] GC(332) Pause Young (Mixed) (G1 Evacuation Pause) 3670M->1318M(4096M) 134.714ms
[2051.793s][info][gc,cpu         ] GC(332) User=0.79s Sys=0.00s Real=0.14s
......[2057.919s][info][gc,start       ] GC(333) Pause Young (Concurrent Start) (G1 Evacuation Pause)
[2057.919s][info][gc,task        ] GC(333) Using 6 workers of 6 for evacuation
[2058.037s][info][gc,phases      ] GC(333)   Pre Evacuate Collection Set: 0.39ms
[2058.037s][info][gc,phases      ] GC(333)   Merge Heap Roots: 0.46ms
[2058.037s][info][gc,phases      ] GC(333)   Evacuate Collection Set: 115.60ms
[2058.037s][info][gc,phases      ] GC(333)   Post Evacuate Collection Set: 0.90ms
[2058.037s][info][gc,phases      ] GC(333)   Other: 0.10ms
[2058.037s][info][gc,heap        ] GC(333) Eden regions: 1118->0(1120)
[2058.037s][info][gc,heap        ] GC(333) Survivor regions: 110->108(154)
[2058.037s][info][gc,heap        ] GC(333) Old regions: 470->502
[2058.037s][info][gc,heap        ] GC(333) Humongous regions: 80->80
[2058.037s][info][gc,metaspace   ] GC(333) Metaspace: 28958K(29312K)->28958K(29312K) NonClass: 24075K(24256K)->24075K(24256K) Class: 4883K(5056K)->4883K(5056K)
[2058.037s][info][gc             ] GC(333) Pause Young (Concurrent Start) (G1 Evacuation Pause) 3554M->1379M(4096M) 117.584ms
[2058.037s][info][gc             ] GC(334) Concurrent Mark Cycle
[2058.037s][info][gc,marking     ] GC(334) Concurrent Scan Root Regions
[2058.037s][info][gc,cpu         ] GC(333) User=0.70s Sys=0.00s Real=0.12s
[2058.165s][info][gc,marking     ] GC(334) Concurrent Scan Root Regions 128.622ms
[2058.166s][info][gc,marking     ] GC(334) Concurrent Mark
[2058.166s][info][gc,marking     ] GC(334) Concurrent Mark From Roots
[2058.166s][info][gc,task        ] GC(334) Using 2 workers of 2 for marking
.[2058.740s][info][gc,marking     ] GC(334) Concurrent Mark From Roots 574.240ms
[2058.740s][info][gc,marking     ] GC(334) Concurrent Preclean
[2058.740s][info][gc,marking     ] GC(334) Concurrent Preclean 0.068ms
[2058.740s][info][gc,start       ] GC(334) Pause Remark
[2058.743s][info][gc             ] GC(334) Pause Remark 1664M->1664M(4096M) 3.109ms
[2058.743s][info][gc,cpu         ] GC(334) User=0.02s Sys=0.00s Real=0.01s
[2058.743s][info][gc,marking     ] GC(334) Concurrent Mark 577.678ms
[2058.743s][info][gc,marking     ] GC(334) Concurrent Rebuild Remembered Sets and Scrub Regions
[2058.998s][info][gc,marking     ] GC(334) Concurrent Rebuild Remembered Sets and Scrub Regions 254.421ms
[2058.998s][info][gc,start       ] GC(334) Pause Cleanup
[2058.998s][info][gc             ] GC(334) Pause Cleanup 1741M->1741M(4096M) 0.135ms
[2058.998s][info][gc,cpu         ] GC(334) User=0.00s Sys=0.00s Real=0.00s
[2058.998s][info][gc,marking     ] GC(334) Concurrent Clear Claimed Marks
[2058.998s][info][gc,marking     ] GC(334) Concurrent Clear Claimed Marks 0.038ms
[2058.998s][info][gc,marking     ] GC(334) Concurrent Cleanup for Next Mark
[2059.003s][info][gc,marking     ] GC(334) Concurrent Cleanup for Next Mark 5.320ms
[2059.003s][info][gc             ] GC(334) Concurrent Mark Cycle 966.572ms
.....[2064.098s][info][gc,start       ] GC(335) Pause Young (Prepare Mixed) (G1 Evacuation Pause)
[2064.098s][info][gc,task        ] GC(335) Using 6 workers of 6 for evacuation
[2064.212s][info][gc,phases      ] GC(335)   Pre Evacuate Collection Set: 0.33ms
[2064.212s][info][gc,phases      ] GC(335)   Merge Heap Roots: 0.52ms
[2064.212s][info][gc,phases      ] GC(335)   Evacuate Collection Set: 112.60ms
[2064.212s][info][gc,phases      ] GC(335)   Post Evacuate Collection Set: 0.93ms
[2064.212s][info][gc,phases      ] GC(335)   Other: 0.09ms
[2064.212s][info][gc,heap        ] GC(335) Eden regions: 1120->0(1117)
[2064.212s][info][gc,heap        ] GC(335) Survivor regions: 108->107(154)
[2064.212s][info][gc,heap        ] GC(335) Old regions: 502->534
[2064.212s][info][gc,heap        ] GC(335) Humongous regions: 80->80
[2064.212s][info][gc,metaspace   ] GC(335) Metaspace: 28958K(29312K)->28958K(29312K) NonClass: 24075K(24256K)->24075K(24256K) Class: 4883K(5056K)->4883K(5056K)
[2064.212s][info][gc             ] GC(335) Pause Young (Prepare Mixed) (G1 Evacuation Pause) 3619M->1440M(4096M) 114.594ms
[2064.212s][info][gc,cpu         ] GC(335) User=0.68s Sys=0.00s Real=0.12s
.......[2070.345s][info][gc,start       ] GC(336) Pause Young (Mixed) (G1 Evacuation Pause)
[2070.345s][info][gc,task        ] GC(336) Using 6 workers of 6 for evacuation
[2070.478s][info][gc,phases      ] GC(336)   Pre Evacuate Collection Set: 0.37ms
[2070.478s][info][gc,phases      ] GC(336)   Merge Heap Roots: 0.73ms
[2070.478s][info][gc,phases      ] GC(336)   Evacuate Collection Set: 131.30ms
[2070.478s][info][gc,phases      ] GC(336)   Post Evacuate Collection Set: 0.85ms
[2070.478s][info][gc,phases      ] GC(336)   Other: 0.09ms
[2070.478s][info][gc,heap        ] GC(336) Eden regions: 1117->0(1120)
[2070.478s][info][gc,heap        ] GC(336) Survivor regions: 107->108(153)
[2070.478s][info][gc,heap        ] GC(336) Old regions: 534->470
[2070.478s][info][gc,heap        ] GC(336) Humongous regions: 80->80
[2070.478s][info][gc,metaspace   ] GC(336) Metaspace: 28958K(29312K)->28958K(29312K) NonClass: 24075K(24256K)->24075K(24256K) Class: 4883K(5056K)->4883K(5056K)
[2070.478s][info][gc             ] GC(336) Pause Young (Mixed) (G1 Evacuation Pause) 3674M->1315M(4096M) 133.477ms
[2070.478s][info][gc,cpu         ] GC(336) User=0.79s Sys=0.00s Real=0.13s
......[2076.505s][info][gc,start       ] GC(337) Pause Young (Concurrent Start) (G1 Evacuation Pause)
[2076.505s][info][gc,task        ] GC(337) Using 6 workers of 6 for evacuation
[2076.620s][info][gc,phases      ] GC(337)   Pre Evacuate Collection Set: 0.38ms
[2076.620s][info][gc,phases      ] GC(337)   Merge Heap Roots: 0.48ms
[2076.620s][info][gc,phases      ] GC(337)   Evacuate Collection Set: 113.30ms
[2076.620s][info][gc,phases      ] GC(337)   Post Evacuate Collection Set: 0.89ms
[2076.620s][info][gc,phases      ] GC(337)   Other: 0.12ms
[2076.620s][info][gc,heap        ] GC(337) Eden regions: 1120->0(1119)
[2076.620s][info][gc,heap        ] GC(337) Survivor regions: 108->109(154)
[2076.620s][info][gc,heap        ] GC(337) Old regions: 470->502
[2076.620s][info][gc,heap        ] GC(337) Humongous regions: 80->80
[2076.620s][info][gc,metaspace   ] GC(337) Metaspace: 28958K(29312K)->28958K(29312K) NonClass: 24075K(24256K)->24075K(24256K) Class: 4883K(5056K)->4883K(5056K)
[2076.620s][info][gc             ] GC(337) Pause Young (Concurrent Start) (G1 Evacuation Pause) 3555M->1380M(4096M) 115.314ms
[2076.620s][info][gc             ] GC(338) Concurrent Mark Cycle
[2076.620s][info][gc,marking     ] GC(338) Concurrent Scan Root Regions
[2076.620s][info][gc,cpu         ] GC(337) User=0.68s Sys=0.00s Real=0.11s
[2076.789s][info][gc,marking     ] GC(338) Concurrent Scan Root Regions 169.480ms
[2076.789s][info][gc,marking     ] GC(338) Concurrent Mark
[2076.789s][info][gc,marking     ] GC(338) Concurrent Mark From Roots
[2076.789s][info][gc,task        ] GC(338) Using 2 workers of 2 for marking
.[2077.364s][info][gc,marking     ] GC(338) Concurrent Mark From Roots 574.622ms
[2077.364s][info][gc,marking     ] GC(338) Concurrent Preclean
[2077.364s][info][gc,marking     ] GC(338) Concurrent Preclean 0.046ms
[2077.364s][info][gc,start       ] GC(338) Pause Remark
[2077.367s][info][gc             ] GC(338) Pause Remark 1678M->1678M(4096M) 3.211ms
[2077.367s][info][gc,cpu         ] GC(338) User=0.02s Sys=0.00s Real=0.00s
[2077.368s][info][gc,marking     ] GC(338) Concurrent Mark 578.111ms
[2077.368s][info][gc,marking     ] GC(338) Concurrent Rebuild Remembered Sets and Scrub Regions
[2077.600s][info][gc,marking     ] GC(338) Concurrent Rebuild Remembered Sets and Scrub Regions 232.071ms
[2077.600s][info][gc,start       ] GC(338) Pause Cleanup
[2077.600s][info][gc             ] GC(338) Pause Cleanup 1775M->1775M(4096M) 0.113ms
[2077.600s][info][gc,cpu         ] GC(338) User=0.00s Sys=0.00s Real=0.00s
[2077.600s][info][gc,marking     ] GC(338) Concurrent Clear Claimed Marks
[2077.600s][info][gc,marking     ] GC(338) Concurrent Clear Claimed Marks 0.033ms
[2077.600s][info][gc,marking     ] GC(338) Concurrent Cleanup for Next Mark
[2077.604s][info][gc,marking     ] GC(338) Concurrent Cleanup for Next Mark 3.625ms
[2077.604s][info][gc             ] GC(338) Concurrent Mark Cycle 983.791ms
.. (rIR:aIR:PR = 3044:3043:3043) (tPR = 45330) [OK] 
  2079s: Performance info:
         Transaction,    Success,    Partial,     Failed,   Receipts, AvgBarcode, 
             Overall,     183185,          0,          0,     174023,      59.48, 
         Response times:
             Request,    Success,    Partial,     Failed,   SkipFail,     Probes,    Samples,      min,      p50,      p90,      p95,      p99,      max, 
       TotalPurchase,     174023,          0,          0,          0,     170339,     193937,      300,     2500,     4000,     4900,    19500,   148000,
     InStorePurchase,      91585,          0,          0,          0,      89707,     101675,      300,     2400,     4000,     4900,    19500,   148000,
      OnlinePurchase,      64097,          0,          0,          0,      62868,      71624,      300,     2600,     4000,     4900,    20000,   146000,
        InstPurchase,      18341,          0,          0,          0,      17764,      20638,      400,     2200,     4000,     4900,    17100,   139000,
          AssocOfCat,        183,          0,          0,          0,        133,        209,    20000,    28000,    36000,    46500,   163000,   171000,
      AssocOfProduct,       1833,          0,          0,          0,       1699,       2109,     1100,     3100,     4200,     5100,    21000,   119000,
      BusinessReport,        456,          0,          0,          0,        374,        512,    21000,    31000,    40700,    48000,   102150,   168000,
          CustBuyBeh,       1827,          0,          0,          0,       1684,       2093,      400,     2100,     3800,     4700,    22000,   173000,
       ProductReturn,       4863,          0,          0,          0,       4514,       5320,      200,     2400,     3800,     4700,    19979,   137000,

  2079s: (23%)   IR =   3183 ...[2082.649s][info][gc,start       ] GC(339) Pause Young (Prepare Mixed) (G1 Evacuation Pause)
[2082.649s][info][gc,task        ] GC(339) Using 6 workers of 6 for evacuation
[2082.768s][info][gc,phases      ] GC(339)   Pre Evacuate Collection Set: 0.32ms
[2082.768s][info][gc,phases      ] GC(339)   Merge Heap Roots: 0.53ms
[2082.768s][info][gc,phases      ] GC(339)   Evacuate Collection Set: 117.76ms
[2082.768s][info][gc,phases      ] GC(339)   Post Evacuate Collection Set: 0.94ms
[2082.768s][info][gc,phases      ] GC(339)   Other: 0.08ms
[2082.768s][info][gc,heap        ] GC(339) Eden regions: 1119->0(1109)
[2082.768s][info][gc,heap        ] GC(339) Survivor regions: 109->111(154)
[2082.768s][info][gc,heap        ] GC(339) Old regions: 502->534
[2082.768s][info][gc,heap        ] GC(339) Humongous regions: 80->80
[2082.768s][info][gc,metaspace   ] GC(339) Metaspace: 28959K(29312K)->28959K(29312K) NonClass: 24076K(24256K)->24076K(24256K) Class: 4883K(5056K)->4883K(5056K)
[2082.768s][info][gc             ] GC(339) Pause Young (Prepare Mixed) (G1 Evacuation Pause) 3618M->1448M(4096M) 119.780ms
[2082.768s][info][gc,cpu         ] GC(339) User=0.71s Sys=0.00s Real=0.12s
..|....[2088.475s][info][gc,start       ] GC(340) Pause Young (Mixed) (G1 Evacuation Pause)
[2088.475s][info][gc,task        ] GC(340) Using 6 workers of 6 for evacuation
[2088.605s][info][gc,phases      ] GC(340)   Pre Evacuate Collection Set: 0.39ms
[2088.605s][info][gc,phases      ] GC(340)   Merge Heap Roots: 0.65ms
[2088.605s][info][gc,phases      ] GC(340)   Evacuate Collection Set: 127.72ms
[2088.605s][info][gc,phases      ] GC(340)   Post Evacuate Collection Set: 0.99ms
[2088.605s][info][gc,phases      ] GC(340)   Other: 0.09ms
[2088.605s][info][gc,heap        ] GC(340) Eden regions: 1109->0(1120)
[2088.605s][info][gc,heap        ] GC(340) Survivor regions: 111->108(153)
[2088.605s][info][gc,heap        ] GC(340) Old regions: 534->470
[2088.605s][info][gc,heap        ] GC(340) Humongous regions: 80->80
[2088.605s][info][gc,metaspace   ] GC(340) Metaspace: 28959K(29312K)->28959K(29312K) NonClass: 24076K(24256K)->24076K(24256K) Class: 4883K(5056K)->4883K(5056K)
[2088.605s][info][gc             ] GC(340) Pause Young (Mixed) (G1 Evacuation Pause) 3666M->1313M(4096M) 129.963ms
[2088.605s][info][gc,cpu         ] GC(340) User=0.78s Sys=0.00s Real=0.13s
......[2094.501s][info][gc,start       ] GC(341) Pause Young (Concurrent Start) (G1 Evacuation Pause)
[2094.501s][info][gc,task        ] GC(341) Using 6 workers of 6 for evacuation
[2094.623s][info][gc,phases      ] GC(341)   Pre Evacuate Collection Set: 0.40ms
[2094.623s][info][gc,phases      ] GC(341)   Merge Heap Roots: 0.52ms
[2094.623s][info][gc,phases      ] GC(341)   Evacuate Collection Set: 120.02ms
[2094.623s][info][gc,phases      ] GC(341)   Post Evacuate Collection Set: 0.89ms
[2094.623s][info][gc,phases      ] GC(341)   Other: 0.12ms
[2094.623s][info][gc,heap        ] GC(341) Eden regions: 1120->0(1115)
[2094.623s][info][gc,heap        ] GC(341) Survivor regions: 108->113(154)
[2094.623s][info][gc,heap        ] GC(341) Old regions: 470->503
[2094.624s][info][gc,heap        ] GC(341) Humongous regions: 80->80
[2094.624s][info][gc,metaspace   ] GC(341) Metaspace: 28959K(29312K)->28959K(29312K) NonClass: 24076K(24256K)->24076K(24256K) Class: 4883K(5056K)->4883K(5056K)
[2094.624s][info][gc             ] GC(341) Pause Young (Concurrent Start) (G1 Evacuation Pause) 3553M->1389M(4096M) 122.092ms
[2094.624s][info][gc             ] GC(342) Concurrent Mark Cycle
[2094.624s][info][gc,marking     ] GC(342) Concurrent Scan Root Regions
[2094.624s][info][gc,cpu         ] GC(341) User=0.73s Sys=0.00s Real=0.13s
[2094.816s][info][gc,marking     ] GC(342) Concurrent Scan Root Regions 192.863ms
[2094.816s][info][gc,marking     ] GC(342) Concurrent Mark
[2094.816s][info][gc,marking     ] GC(342) Concurrent Mark From Roots
[2094.816s][info][gc,task        ] GC(342) Using 2 workers of 2 for marking
.[2095.422s][info][gc,marking     ] GC(342) Concurrent Mark From Roots 605.030ms
[2095.422s][info][gc,marking     ] GC(342) Concurrent Preclean
[2095.422s][info][gc,marking     ] GC(342) Concurrent Preclean 0.065ms
[2095.422s][info][gc,start       ] GC(342) Pause Remark
[2095.425s][info][gc             ] GC(342) Pause Remark 1776M->1776M(4096M) 2.997ms
[2095.425s][info][gc,cpu         ] GC(342) User=0.01s Sys=0.00s Real=0.00s
[2095.425s][info][gc,marking     ] GC(342) Concurrent Mark 608.334ms
[2095.425s][info][gc,marking     ] GC(342) Concurrent Rebuild Remembered Sets and Scrub Regions
[2095.652s][info][gc,marking     ] GC(342) Concurrent Rebuild Remembered Sets and Scrub Regions 226.994ms
[2095.652s][info][gc,start       ] GC(342) Pause Cleanup
[2095.652s][info][gc             ] GC(342) Pause Cleanup 1867M->1867M(4096M) 0.122ms
[2095.652s][info][gc,cpu         ] GC(342) User=0.00s Sys=0.00s Real=0.00s
[2095.652s][info][gc,marking     ] GC(342) Concurrent Clear Claimed Marks
[2095.652s][info][gc,marking     ] GC(342) Concurrent Clear Claimed Marks 0.032ms
[2095.652s][info][gc,marking     ] GC(342) Concurrent Cleanup for Next Mark
[2095.655s][info][gc,marking     ] GC(342) Concurrent Cleanup for Next Mark 3.168ms
[2095.655s][info][gc             ] GC(342) Concurrent Mark Cycle 1031.831ms
....[2100.297s][info][gc,start       ] GC(343) Pause Young (Prepare Mixed) (G1 Evacuation Pause)
[2100.297s][info][gc,task        ] GC(343) Using 6 workers of 6 for evacuation
[2100.412s][info][gc,phases      ] GC(343)   Pre Evacuate Collection Set: 0.33ms
[2100.412s][info][gc,phases      ] GC(343)   Merge Heap Roots: 0.53ms
[2100.412s][info][gc,phases      ] GC(343)   Evacuate Collection Set: 113.10ms
[2100.412s][info][gc,phases      ] GC(343)   Post Evacuate Collection Set: 0.97ms
[2100.412s][info][gc,phases      ] GC(343)   Other: 0.09ms
[2100.412s][info][gc,heap        ] GC(343) Eden regions: 1115->0(1114)
[2100.412s][info][gc,heap        ] GC(343) Survivor regions: 113->108(154)
[2100.412s][info][gc,heap        ] GC(343) Old regions: 503->535
[2100.412s][info][gc,heap        ] GC(343) Humongous regions: 80->80
[2100.412s][info][gc,metaspace   ] GC(343) Metaspace: 28959K(29312K)->28959K(29312K) NonClass: 24076K(24256K)->24076K(24256K) Class: 4883K(5056K)->4883K(5056K)
[2100.412s][info][gc             ] GC(343) Pause Young (Prepare Mixed) (G1 Evacuation Pause) 3619M->1443M(4096M) 115.159ms
[2100.412s][info][gc,cpu         ] GC(343) User=0.68s Sys=0.00s Real=0.12s
......[2106.217s][info][gc,start       ] GC(344) Pause Young (Mixed) (G1 Evacuation Pause)
[2106.217s][info][gc,task        ] GC(344) Using 6 workers of 6 for evacuation
[2106.351s][info][gc,phases      ] GC(344)   Pre Evacuate Collection Set: 0.39ms
[2106.351s][info][gc,phases      ] GC(344)   Merge Heap Roots: 0.75ms
[2106.351s][info][gc,phases      ] GC(344)   Evacuate Collection Set: 131.88ms
[2106.351s][info][gc,phases      ] GC(344)   Post Evacuate Collection Set: 0.95ms
[2106.351s][info][gc,phases      ] GC(344)   Other: 0.09ms
[2106.351s][info][gc,heap        ] GC(344) Eden regions: 1114->0(1121)
[2106.351s][info][gc,heap        ] GC(344) Survivor regions: 108->107(153)
[2106.351s][info][gc,heap        ] GC(344) Old regions: 535->472
[2106.351s][info][gc,heap        ] GC(344) Humongous regions: 80->80
[2106.351s][info][gc,metaspace   ] GC(344) Metaspace: 28959K(29312K)->28959K(29312K) NonClass: 24076K(24256K)->24076K(24256K) Class: 4883K(5056K)->4883K(5056K)
[2106.351s][info][gc             ] GC(344) Pause Young (Mixed) (G1 Evacuation Pause) 3671M->1315M(4096M) 134.201ms
[2106.351s][info][gc,cpu         ] GC(344) User=0.80s Sys=0.00s Real=0.13s
......[2112.138s][info][gc,start       ] GC(345) Pause Young (Concurrent Start) (G1 Evacuation Pause)
[2112.138s][info][gc,task        ] GC(345) Using 6 workers of 6 for evacuation
[2112.254s][info][gc,phases      ] GC(345)   Pre Evacuate Collection Set: 0.37ms
[2112.254s][info][gc,phases      ] GC(345)   Merge Heap Roots: 0.51ms
[2112.254s][info][gc,phases      ] GC(345)   Evacuate Collection Set: 114.09ms
[2112.254s][info][gc,phases      ] GC(345)   Post Evacuate Collection Set: 0.91ms
[2112.254s][info][gc,phases      ] GC(345)   Other: 0.11ms
[2112.254s][info][gc,heap        ] GC(345) Eden regions: 1121->0(1120)
[2112.254s][info][gc,heap        ] GC(345) Survivor regions: 107->108(154)
[2112.254s][info][gc,heap        ] GC(345) Old regions: 472->503
[2112.254s][info][gc,heap        ] GC(345) Humongous regions: 80->80
[2112.254s][info][gc,metaspace   ] GC(345) Metaspace: 28959K(29312K)->28959K(29312K) NonClass: 24076K(24256K)->24076K(24256K) Class: 4883K(5056K)->4883K(5056K)
[2112.254s][info][gc             ] GC(345) Pause Young (Concurrent Start) (G1 Evacuation Pause) 3557M->1381M(4096M) 116.115ms
[2112.254s][info][gc             ] GC(346) Concurrent Mark Cycle
[2112.254s][info][gc,marking     ] GC(346) Concurrent Scan Root Regions
[2112.254s][info][gc,cpu         ] GC(345) User=0.69s Sys=0.00s Real=0.12s
[2112.403s][info][gc,marking     ] GC(346) Concurrent Scan Root Regions 149.086ms
[2112.403s][info][gc,marking     ] GC(346) Concurrent Mark
[2112.403s][info][gc,marking     ] GC(346) Concurrent Mark From Roots
[2112.403s][info][gc,task        ] GC(346) Using 2 workers of 2 for marking
.[2113.074s][info][gc,marking     ] GC(346) Concurrent Mark From Roots 670.928ms
[2113.074s][info][gc,marking     ] GC(346) Concurrent Preclean
[2113.074s][info][gc,marking     ] GC(346) Concurrent Preclean 0.044ms
[2113.074s][info][gc,start       ] GC(346) Pause Remark
[2113.077s][info][gc             ] GC(346) Pause Remark 1734M->1734M(4096M) 3.182ms
[2113.077s][info][gc,cpu         ] GC(346) User=0.02s Sys=0.00s Real=0.00s
[2113.077s][info][gc,marking     ] GC(346) Concurrent Mark 674.429ms
[2113.077s][info][gc,marking     ] GC(346) Concurrent Rebuild Remembered Sets and Scrub Regions
[2113.319s][info][gc,marking     ] GC(346) Concurrent Rebuild Remembered Sets and Scrub Regions 241.951ms
[2113.320s][info][gc,start       ] GC(346) Pause Cleanup
[2113.320s][info][gc             ] GC(346) Pause Cleanup 1828M->1828M(4096M) 0.128ms
[2113.320s][info][gc,cpu         ] GC(346) User=0.00s Sys=0.00s Real=0.00s
[2113.320s][info][gc,marking     ] GC(346) Concurrent Clear Claimed Marks
[2113.320s][info][gc,marking     ] GC(346) Concurrent Clear Claimed Marks 0.028ms
[2113.320s][info][gc,marking     ] GC(346) Concurrent Cleanup for Next Mark
[2113.325s][info][gc,marking     ] GC(346) Concurrent Cleanup for Next Mark 5.020ms
[2113.325s][info][gc             ] GC(346) Concurrent Mark Cycle 1070.974ms
.....[2118.020s][info][gc,start       ] GC(347) Pause Young (Prepare Mixed) (G1 Evacuation Pause)
[2118.020s][info][gc,task        ] GC(347) Using 6 workers of 6 for evacuation
[2118.135s][info][gc,phases      ] GC(347)   Pre Evacuate Collection Set: 0.37ms
[2118.135s][info][gc,phases      ] GC(347)   Merge Heap Roots: 0.54ms
[2118.135s][info][gc,phases      ] GC(347)   Evacuate Collection Set: 112.20ms
[2118.135s][info][gc,phases      ] GC(347)   Post Evacuate Collection Set: 0.92ms
[2118.135s][info][gc,phases      ] GC(347)   Other: 0.09ms
[2118.135s][info][gc,heap        ] GC(347) Eden regions: 1120->0(1117)
[2118.135s][info][gc,heap        ] GC(347) Survivor regions: 108->107(154)
[2118.135s][info][gc,heap        ] GC(347) Old regions: 503->534
[2118.135s][info][gc,heap        ] GC(347) Humongous regions: 80->80
[2118.135s][info][gc,metaspace   ] GC(347) Metaspace: 28959K(29312K)->28959K(29312K) NonClass: 24076K(24256K)->24076K(24256K) Class: 4883K(5056K)->4883K(5056K)
[2118.135s][info][gc             ] GC(347) Pause Young (Prepare Mixed) (G1 Evacuation Pause) 3621M->1441M(4096M) 114.269ms
[2118.135s][info][gc,cpu         ] GC(347) User=0.68s Sys=0.00s Real=0.12s
......[2123.979s][info][gc,start       ] GC(348) Pause Young (Mixed) (G1 Evacuation Pause)
[2123.979s][info][gc,task        ] GC(348) Using 6 workers of 6 for evacuation
[2124.112s][info][gc,phases      ] GC(348)   Pre Evacuate Collection Set: 0.37ms
[2124.112s][info][gc,phases      ] GC(348)   Merge Heap Roots: 0.69ms
[2124.112s][info][gc,phases      ] GC(348)   Evacuate Collection Set: 130.59ms
[2124.112s][info][gc,phases      ] GC(348)   Post Evacuate Collection Set: 0.95ms
[2124.112s][info][gc,phases      ] GC(348)   Other: 0.09ms
[2124.112s][info][gc,heap        ] GC(348) Eden regions: 1117->0(1119)
[2124.112s][info][gc,heap        ] GC(348) Survivor regions: 107->109(153)
[2124.112s][info][gc,heap        ] GC(348) Old regions: 534->468
[2124.112s][info][gc,heap        ] GC(348) Humongous regions: 80->80
[2124.112s][info][gc,metaspace   ] GC(348) Metaspace: 28959K(29312K)->28959K(29312K) NonClass: 24076K(24256K)->24076K(24256K) Class: 4883K(5056K)->4883K(5056K)
[2124.112s][info][gc             ] GC(348) Pause Young (Mixed) (G1 Evacuation Pause) 3675M->1313M(4096M) 132.818ms
[2124.112s][info][gc,cpu         ] GC(348) User=0.79s Sys=0.00s Real=0.14s
......[2129.819s][info][gc,start       ] GC(349) Pause Young (Concurrent Start) (G1 Evacuation Pause)
[2129.819s][info][gc,task        ] GC(349) Using 6 workers of 6 for evacuation
[2129.940s][info][gc,phases      ] GC(349)   Pre Evacuate Collection Set: 0.37ms
[2129.940s][info][gc,phases      ] GC(349)   Merge Heap Roots: 0.49ms
[2129.940s][info][gc,phases      ] GC(349)   Evacuate Collection Set: 118.42ms
[2129.940s][info][gc,phases      ] GC(349)   Post Evacuate Collection Set: 0.89ms
[2129.940s][info][gc,phases      ] GC(349)   Other: 0.11ms
[2129.940s][info][gc,heap        ] GC(349) Eden regions: 1119->0(1117)
[2129.940s][info][gc,heap        ] GC(349) Survivor regions: 109->111(154)
[2129.940s][info][gc,heap        ] GC(349) Old regions: 468->499
[2129.940s][info][gc,heap        ] GC(349) Humongous regions: 80->80
[2129.940s][info][gc,metaspace   ] GC(349) Metaspace: 28959K(29312K)->28959K(29312K) NonClass: 24076K(24256K)->24076K(24256K) Class: 4883K(5056K)->4883K(5056K)
[2129.940s][info][gc             ] GC(349) Pause Young (Concurrent Start) (G1 Evacuation Pause) 3551M->1379M(4096M) 120.407ms
[2129.940s][info][gc             ] GC(350) Concurrent Mark Cycle
[2129.940s][info][gc,marking     ] GC(350) Concurrent Scan Root Regions
[2129.940s][info][gc,cpu         ] GC(349) User=0.71s Sys=0.00s Real=0.12s
[2130.096s][info][gc,marking     ] GC(350) Concurrent Scan Root Regions 156.620ms
[2130.096s][info][gc,marking     ] GC(350) Concurrent Mark
[2130.096s][info][gc,marking     ] GC(350) Concurrent Mark From Roots
[2130.096s][info][gc,task        ] GC(350) Using 2 workers of 2 for marking
.[2130.708s][info][gc,marking     ] GC(350) Concurrent Mark From Roots 611.509ms
[2130.708s][info][gc,marking     ] GC(350) Concurrent Preclean
[2130.708s][info][gc,marking     ] GC(350) Concurrent Preclean 0.084ms
[2130.708s][info][gc,start       ] GC(350) Pause Remark
[2130.711s][info][gc             ] GC(350) Pause Remark 1683M->1683M(4096M) 3.310ms
[2130.712s][info][gc,cpu         ] GC(350) User=0.02s Sys=0.00s Real=0.00s
[2130.712s][info][gc,marking     ] GC(350) Concurrent Mark 615.314ms
[2130.712s][info][gc,marking     ] GC(350) Concurrent Rebuild Remembered Sets and Scrub Regions
[2130.929s][info][gc,marking     ] GC(350) Concurrent Rebuild Remembered Sets and Scrub Regions 217.620ms
[2130.929s][info][gc,start       ] GC(350) Pause Cleanup
[2130.930s][info][gc             ] GC(350) Pause Cleanup 1762M->1762M(4096M) 0.119ms
[2130.930s][info][gc,cpu         ] GC(350) User=0.00s Sys=0.00s Real=0.00s
[2130.930s][info][gc,marking     ] GC(350) Concurrent Clear Claimed Marks
[2130.930s][info][gc,marking     ] GC(350) Concurrent Clear Claimed Marks 0.037ms
[2130.930s][info][gc,marking     ] GC(350) Concurrent Cleanup for Next Mark
[2130.934s][info][gc,marking     ] GC(350) Concurrent Cleanup for Next Mark 3.283ms
[2130.934s][info][gc             ] GC(350) Concurrent Mark Cycle 994.027ms
.....[2135.836s][info][gc,start       ] GC(351) Pause Young (Prepare Mixed) (G1 Evacuation Pause)
[2135.836s][info][gc,task        ] GC(351) Using 6 workers of 6 for evacuation
[2135.958s][info][gc,phases      ] GC(351)   Pre Evacuate Collection Set: 0.35ms
[2135.958s][info][gc,phases      ] GC(351)   Merge Heap Roots: 0.53ms
[2135.958s][info][gc,phases      ] GC(351)   Evacuate Collection Set: 119.48ms
[2135.958s][info][gc,phases      ] GC(351)   Post Evacuate Collection Set: 0.94ms
[2135.958s][info][gc,phases      ] GC(351)   Other: 0.09ms
[2135.958s][info][gc,heap        ] GC(351) Eden regions: 1117->0(1106)
[2135.958s][info][gc,heap        ] GC(351) Survivor regions: 111->114(154)
[2135.958s][info][gc,heap        ] GC(351) Old regions: 499->531
[2135.958s][info][gc,heap        ] GC(351) Humongous regions: 80->80
[2135.958s][info][gc,metaspace   ] GC(351) Metaspace: 28959K(29312K)->28959K(29312K) NonClass: 24076K(24256K)->24076K(24256K) Class: 4883K(5056K)->4883K(5056K)
[2135.958s][info][gc             ] GC(351) Pause Young (Prepare Mixed) (G1 Evacuation Pause) 3613M->1447M(4096M) 121.519ms
[2135.958s][info][gc,cpu         ] GC(351) User=0.72s Sys=0.00s Real=0.12s
......[2141.741s][info][gc,start       ] GC(352) Pause Young (Mixed) (G1 Evacuation Pause)
[2141.742s][info][gc,task        ] GC(352) Using 6 workers of 6 for evacuation
[2141.874s][info][gc,phases      ] GC(352)   Pre Evacuate Collection Set: 0.37ms
[2141.874s][info][gc,phases      ] GC(352)   Merge Heap Roots: 0.68ms
[2141.874s][info][gc,phases      ] GC(352)   Evacuate Collection Set: 130.30ms
[2141.874s][info][gc,phases      ] GC(352)   Post Evacuate Collection Set: 0.94ms
[2141.874s][info][gc,phases      ] GC(352)   Other: 0.08ms
[2141.874s][info][gc,heap        ] GC(352) Eden regions: 1106->0(1119)
[2141.874s][info][gc,heap        ] GC(352) Survivor regions: 114->109(153)
[2141.874s][info][gc,heap        ] GC(352) Old regions: 531->469
[2141.874s][info][gc,heap        ] GC(352) Humongous regions: 80->80
[2141.874s][info][gc,metaspace   ] GC(352) Metaspace: 28959K(29312K)->28959K(29312K) NonClass: 24076K(24256K)->24076K(24256K) Class: 4883K(5056K)->4883K(5056K)
[2141.874s][info][gc             ] GC(352) Pause Young (Mixed) (G1 Evacuation Pause) 3659M->1313M(4096M) 132.493ms
[2141.874s][info][gc,cpu         ] GC(352) User=0.79s Sys=0.00s Real=0.14s
... (rIR:aIR:PR = 3183:3181:3181) (tPR = 46882) [OK] 
  2144s: Performance info:
         Transaction,    Success,    Partial,     Failed,   Receipts, AvgBarcode, 
             Overall,     191167,          0,          0,     181610,      59.48, 
         Response times:
             Request,    Success,    Partial,     Failed,   SkipFail,     Probes,    Samples,      min,      p50,      p90,      p95,      p99,      max, 
       TotalPurchase,     181615,          0,          0,          0,     177822,     193694,      300,     2600,     4200,     5300,    33000,   200000,
     InStorePurchase,      95603,          0,          0,          0,      93658,     101947,      300,     2500,     4200,     5200,    31000,   180000,
      OnlinePurchase,      66881,          0,          0,          0,      65829,      71639,      300,     2600,     4200,     5200,    34000,   200000,
        InstPurchase,      19131,          0,          0,          0,      18335,      20108,      400,     3000,     4400,     5600,    39000,   180000,
          AssocOfCat,        192,          0,          0,          0,        149,        216,    19800,    28000,    38300,    71350,   176300,   182000,
      AssocOfProduct,       1912,          0,          0,          0,       1699,       2012,      600,     2400,     3700,     4300,    30090,   180000,
      BusinessReport,        477,          0,          0,          0,        397,        515,    24000,    31000,    46000,    61800,   171200,   207000,
          CustBuyBeh,       1915,          0,          0,          0,       1741,       2048,     1000,     3300,     4600,     6255,    61510,   180000,
       ProductReturn,       5061,          0,          0,          0,       4736,       5386,      100,     2500,     4200,     5300,    30390,   180000,

  2144s: (24%)   IR =   3321 ...[2147.505s][info][gc,start       ] GC(353) Pause Young (Concurrent Start) (G1 Evacuation Pause)
[2147.505s][info][gc,task        ] GC(353) Using 6 workers of 6 for evacuation
[2147.620s][info][gc,phases      ] GC(353)   Pre Evacuate Collection Set: 0.41ms
[2147.620s][info][gc,phases      ] GC(353)   Merge Heap Roots: 0.48ms
[2147.620s][info][gc,phases      ] GC(353)   Evacuate Collection Set: 113.45ms
[2147.620s][info][gc,phases      ] GC(353)   Post Evacuate Collection Set: 0.91ms
[2147.620s][info][gc,phases      ] GC(353)   Other: 0.11ms
[2147.620s][info][gc,heap        ] GC(353) Eden regions: 1119->0(1120)
[2147.620s][info][gc,heap        ] GC(353) Survivor regions: 109->108(154)
[2147.620s][info][gc,heap        ] GC(353) Old regions: 469->501
[2147.620s][info][gc,heap        ] GC(353) Humongous regions: 80->80
[2147.620s][info][gc,metaspace   ] GC(353) Metaspace: 28959K(29312K)->28959K(29312K) NonClass: 24076K(24256K)->24076K(24256K) Class: 4883K(5056K)->4883K(5056K)
[2147.620s][info][gc             ] GC(353) Pause Young (Concurrent Start) (G1 Evacuation Pause) 3551M->1376M(4096M) 115.503ms
[2147.620s][info][gc             ] GC(354) Concurrent Mark Cycle
[2147.620s][info][gc,marking     ] GC(354) Concurrent Scan Root Regions
[2147.620s][info][gc,cpu         ] GC(353) User=0.69s Sys=0.01s Real=0.11s
[2147.747s][info][gc,marking     ] GC(354) Concurrent Scan Root Regions 126.962ms
[2147.747s][info][gc,marking     ] GC(354) Concurrent Mark
[2147.747s][info][gc,marking     ] GC(354) Concurrent Mark From Roots
[2147.747s][info][gc,task        ] GC(354) Using 2 workers of 2 for marking
[2148.283s][info][gc,marking     ] GC(354) Concurrent Mark From Roots 536.178ms
[2148.283s][info][gc,marking     ] GC(354) Concurrent Preclean
[2148.283s][info][gc,marking     ] GC(354) Concurrent Preclean 0.066ms
[2148.284s][info][gc,start       ] GC(354) Pause Remark
[2148.287s][info][gc             ] GC(354) Pause Remark 1706M->1706M(4096M) 3.193ms
[2148.287s][info][gc,cpu         ] GC(354) User=0.02s Sys=0.00s Real=0.00s
[2148.287s][info][gc,marking     ] GC(354) Concurrent Mark 539.708ms
[2148.287s][info][gc,marking     ] GC(354) Concurrent Rebuild Remembered Sets and Scrub Regions
.[2148.505s][info][gc,marking     ] GC(354) Concurrent Rebuild Remembered Sets and Scrub Regions 218.111ms
[2148.505s][info][gc,start       ] GC(354) Pause Cleanup
[2148.505s][info][gc             ] GC(354) Pause Cleanup 1779M->1779M(4096M) 0.124ms
[2148.505s][info][gc,cpu         ] GC(354) User=0.00s Sys=0.00s Real=0.00s
[2148.505s][info][gc,marking     ] GC(354) Concurrent Clear Claimed Marks
[2148.505s][info][gc,marking     ] GC(354) Concurrent Clear Claimed Marks 0.034ms
[2148.505s][info][gc,marking     ] GC(354) Concurrent Cleanup for Next Mark
[2148.509s][info][gc,marking     ] GC(354) Concurrent Cleanup for Next Mark 3.956ms
[2148.509s][info][gc             ] GC(354) Concurrent Mark Cycle 889.271ms
....[2153.147s][info][gc,start       ] GC(355) Pause Young (Prepare Mixed) (G1 Evacuation Pause)
[2153.147s][info][gc,task        ] GC(355) Using 6 workers of 6 for evacuation
[2153.262s][info][gc,phases      ] GC(355)   Pre Evacuate Collection Set: 0.33ms
[2153.262s][info][gc,phases      ] GC(355)   Merge Heap Roots: 0.54ms
[2153.262s][info][gc,phases      ] GC(355)   Evacuate Collection Set: 113.04ms
[2153.262s][info][gc,phases      ] GC(355)   Post Evacuate Collection Set: 0.95ms
[2153.262s][info][gc,phases      ] GC(355)   Other: 0.10ms
[2153.262s][info][gc,heap        ] GC(355) Eden regions: 1120->0(1117)
[2153.262s][info][gc,heap        ] GC(355) Survivor regions: 108->108(154)
[2153.262s][info][gc,heap        ] GC(355) Old regions: 501->532
[2153.262s][info][gc,heap        ] GC(355) Humongous regions: 80->80
[2153.262s][info][gc,metaspace   ] GC(355) Metaspace: 28959K(29312K)->28959K(29312K) NonClass: 24076K(24256K)->24076K(24256K) Class: 4883K(5056K)->4883K(5056K)
[2153.262s][info][gc             ] GC(355) Pause Young (Prepare Mixed) (G1 Evacuation Pause) 3616M->1437M(4096M) 115.081ms
[2153.263s][info][gc,cpu         ] GC(355) User=0.68s Sys=0.00s Real=0.12s
.|.....[2158.848s][info][gc,start       ] GC(356) Pause Young (Mixed) (G1 Evacuation Pause)
[2158.848s][info][gc,task        ] GC(356) Using 6 workers of 6 for evacuation
[2158.981s][info][gc,phases      ] GC(356)   Pre Evacuate Collection Set: 0.37ms
[2158.981s][info][gc,phases      ] GC(356)   Merge Heap Roots: 0.71ms
[2158.981s][info][gc,phases      ] GC(356)   Evacuate Collection Set: 131.28ms
[2158.981s][info][gc,phases      ] GC(356)   Post Evacuate Collection Set: 0.94ms
[2158.981s][info][gc,phases      ] GC(356)   Other: 0.09ms
[2158.982s][info][gc,heap        ] GC(356) Eden regions: 1117->0(1118)
[2158.982s][info][gc,heap        ] GC(356) Survivor regions: 108->110(154)
[2158.982s][info][gc,heap        ] GC(356) Old regions: 532->468
[2158.982s][info][gc,heap        ] GC(356) Humongous regions: 80->80
[2158.982s][info][gc,metaspace   ] GC(356) Metaspace: 28959K(29312K)->28959K(29312K) NonClass: 24076K(24256K)->24076K(24256K) Class: 4883K(5056K)->4883K(5056K)
[2158.982s][info][gc             ] GC(356) Pause Young (Mixed) (G1 Evacuation Pause) 3671M->1314M(4096M) 133.524ms
[2158.982s][info][gc,cpu         ] GC(356) User=0.80s Sys=0.00s Real=0.13s
.....[2164.429s][info][gc,start       ] GC(357) Pause Young (Concurrent Start) (G1 Evacuation Pause)
[2164.429s][info][gc,task        ] GC(357) Using 6 workers of 6 for evacuation
[2164.543s][info][gc,phases      ] GC(357)   Pre Evacuate Collection Set: 0.38ms
[2164.543s][info][gc,phases      ] GC(357)   Merge Heap Roots: 0.48ms
[2164.543s][info][gc,phases      ] GC(357)   Evacuate Collection Set: 112.17ms
[2164.543s][info][gc,phases      ] GC(357)   Post Evacuate Collection Set: 0.86ms
[2164.543s][info][gc,phases      ] GC(357)   Other: 0.11ms
[2164.543s][info][gc,heap        ] GC(357) Eden regions: 1118->0(1120)
[2164.543s][info][gc,heap        ] GC(357) Survivor regions: 110->108(154)
[2164.543s][info][gc,heap        ] GC(357) Old regions: 468->500
[2164.543s][info][gc,heap        ] GC(357) Humongous regions: 80->80
[2164.543s][info][gc,metaspace   ] GC(357) Metaspace: 28959K(29312K)->28959K(29312K) NonClass: 24076K(24256K)->24076K(24256K) Class: 4883K(5056K)->4883K(5056K)
[2164.543s][info][gc             ] GC(357) Pause Young (Concurrent Start) (G1 Evacuation Pause) 3550M->1374M(4096M) 114.135ms
[2164.543s][info][gc             ] GC(358) Concurrent Mark Cycle
[2164.543s][info][gc,marking     ] GC(358) Concurrent Scan Root Regions
[2164.543s][info][gc,cpu         ] GC(357) User=0.68s Sys=0.00s Real=0.12s
.[2164.675s][info][gc,marking     ] GC(358) Concurrent Scan Root Regions 131.540ms
[2164.675s][info][gc,marking     ] GC(358) Concurrent Mark
[2164.675s][info][gc,marking     ] GC(358) Concurrent Mark From Roots
[2164.675s][info][gc,task        ] GC(358) Using 2 workers of 2 for marking
[2165.252s][info][gc,marking     ] GC(358) Concurrent Mark From Roots 577.025ms
[2165.252s][info][gc,marking     ] GC(358) Concurrent Preclean
[2165.252s][info][gc,marking     ] GC(358) Concurrent Preclean 0.067ms
[2165.252s][info][gc,start       ] GC(358) Pause Remark
[2165.255s][info][gc             ] GC(358) Pause Remark 1683M->1683M(4096M) 2.891ms
[2165.255s][info][gc,cpu         ] GC(358) User=0.02s Sys=0.00s Real=0.00s
[2165.255s][info][gc,marking     ] GC(358) Concurrent Mark 580.235ms
[2165.255s][info][gc,marking     ] GC(358) Concurrent Rebuild Remembered Sets and Scrub Regions
.[2165.603s][info][gc,marking     ] GC(358) Concurrent Rebuild Remembered Sets and Scrub Regions 347.658ms
[2165.603s][info][gc,start       ] GC(358) Pause Cleanup
[2165.603s][info][gc             ] GC(358) Pause Cleanup 1810M->1810M(4096M) 0.115ms
[2165.603s][info][gc,cpu         ] GC(358) User=0.00s Sys=0.00s Real=0.00s
[2165.603s][info][gc,marking     ] GC(358) Concurrent Clear Claimed Marks
[2165.603s][info][gc,marking     ] GC(358) Concurrent Clear Claimed Marks 0.030ms
[2165.603s][info][gc,marking     ] GC(358) Concurrent Cleanup for Next Mark
[2165.606s][info][gc,marking     ] GC(358) Concurrent Cleanup for Next Mark 3.234ms
[2165.606s][info][gc             ] GC(358) Concurrent Mark Cycle 1063.134ms
....[2170.204s][info][gc,start       ] GC(359) Pause Young (Prepare Mixed) (G1 Evacuation Pause)
[2170.205s][info][gc,task        ] GC(359) Using 6 workers of 6 for evacuation
[2170.323s][info][gc,phases      ] GC(359)   Pre Evacuate Collection Set: 0.34ms
[2170.323s][info][gc,phases      ] GC(359)   Merge Heap Roots: 0.56ms
[2170.323s][info][gc,phases      ] GC(359)   Evacuate Collection Set: 116.53ms
[2170.323s][info][gc,phases      ] GC(359)   Post Evacuate Collection Set: 0.95ms
[2170.323s][info][gc,phases      ] GC(359)   Other: 0.08ms
[2170.323s][info][gc,heap        ] GC(359) Eden regions: 1120->0(1114)
[2170.323s][info][gc,heap        ] GC(359) Survivor regions: 108->109(154)
[2170.323s][info][gc,heap        ] GC(359) Old regions: 500->533
[2170.323s][info][gc,heap        ] GC(359) Humongous regions: 80->80
[2170.323s][info][gc,metaspace   ] GC(359) Metaspace: 28959K(29312K)->28959K(29312K) NonClass: 24076K(24256K)->24076K(24256K) Class: 4883K(5056K)->4883K(5056K)
[2170.323s][info][gc             ] GC(359) Pause Young (Prepare Mixed) (G1 Evacuation Pause) 3614M->1442M(4096M) 118.607ms
[2170.323s][info][gc,cpu         ] GC(359) User=0.71s Sys=0.00s Real=0.12s
......[2175.846s][info][gc,start       ] GC(360) Pause Young (Mixed) (G1 Evacuation Pause)
[2175.846s][info][gc,task        ] GC(360) Using 6 workers of 6 for evacuation
[2175.983s][info][gc,phases      ] GC(360)   Pre Evacuate Collection Set: 0.38ms
[2175.983s][info][gc,phases      ] GC(360)   Merge Heap Roots: 0.66ms
[2175.983s][info][gc,phases      ] GC(360)   Evacuate Collection Set: 134.68ms
[2175.983s][info][gc,phases      ] GC(360)   Post Evacuate Collection Set: 0.96ms
[2175.983s][info][gc,phases      ] GC(360)   Other: 0.08ms
[2175.983s][info][gc,heap        ] GC(360) Eden regions: 1114->0(1114)
[2175.983s][info][gc,heap        ] GC(360) Survivor regions: 109->114(153)
[2175.983s][info][gc,heap        ] GC(360) Old regions: 533->470
[2175.983s][info][gc,heap        ] GC(360) Humongous regions: 80->80
[2175.983s][info][gc,metaspace   ] GC(360) Metaspace: 28959K(29312K)->28959K(29312K) NonClass: 24076K(24256K)->24076K(24256K) Class: 4883K(5056K)->4883K(5056K)
[2175.983s][info][gc             ] GC(360) Pause Young (Mixed) (G1 Evacuation Pause) 3670M->1326M(4096M) 136.900ms
[2175.983s][info][gc,cpu         ] GC(360) User=0.81s Sys=0.00s Real=0.14s
.....[2181.368s][info][gc,start       ] GC(361) Pause Young (Concurrent Start) (G1 Evacuation Pause)
[2181.368s][info][gc,task        ] GC(361) Using 6 workers of 6 for evacuation
[2181.482s][info][gc,phases      ] GC(361)   Pre Evacuate Collection Set: 0.38ms
[2181.482s][info][gc,phases      ] GC(361)   Merge Heap Roots: 0.49ms
[2181.482s][info][gc,phases      ] GC(361)   Evacuate Collection Set: 112.14ms
[2181.482s][info][gc,phases      ] GC(361)   Post Evacuate Collection Set: 0.88ms
[2181.482s][info][gc,phases      ] GC(361)   Other: 0.11ms
[2181.482s][info][gc,heap        ] GC(361) Eden regions: 1114->0(1121)
[2181.482s][info][gc,heap        ] GC(361) Survivor regions: 114->107(154)
[2181.482s][info][gc,heap        ] GC(361) Old regions: 470->503
[2181.482s][info][gc,heap        ] GC(361) Humongous regions: 80->80
[2181.482s][info][gc,metaspace   ] GC(361) Metaspace: 28959K(29312K)->28959K(29312K) NonClass: 24076K(24256K)->24076K(24256K) Class: 4883K(5056K)->4883K(5056K)
[2181.482s][info][gc             ] GC(361) Pause Young (Concurrent Start) (G1 Evacuation Pause) 3554M->1378M(4096M) 114.112ms
[2181.482s][info][gc             ] GC(362) Concurrent Mark Cycle
[2181.482s][info][gc,marking     ] GC(362) Concurrent Scan Root Regions
[2181.482s][info][gc,cpu         ] GC(361) User=0.68s Sys=0.00s Real=0.12s
.[2181.611s][info][gc,marking     ] GC(362) Concurrent Scan Root Regions 129.107ms
[2181.611s][info][gc,marking     ] GC(362) Concurrent Mark
[2181.611s][info][gc,marking     ] GC(362) Concurrent Mark From Roots
[2181.611s][info][gc,task        ] GC(362) Using 2 workers of 2 for marking
[2182.232s][info][gc,marking     ] GC(362) Concurrent Mark From Roots 621.015ms
[2182.232s][info][gc,marking     ] GC(362) Concurrent Preclean
[2182.232s][info][gc,marking     ] GC(362) Concurrent Preclean 0.046ms
[2182.233s][info][gc,start       ] GC(362) Pause Remark
[2182.236s][info][gc             ] GC(362) Pause Remark 1671M->1671M(4096M) 3.113ms
[2182.236s][info][gc,cpu         ] GC(362) User=0.02s Sys=0.00s Real=0.00s
[2182.236s][info][gc,marking     ] GC(362) Concurrent Mark 624.392ms
[2182.236s][info][gc,marking     ] GC(362) Concurrent Rebuild Remembered Sets and Scrub Regions
[2182.474s][info][gc,marking     ] GC(362) Concurrent Rebuild Remembered Sets and Scrub Regions 238.018ms
[2182.474s][info][gc,start       ] GC(362) Pause Cleanup
[2182.474s][info][gc             ] GC(362) Pause Cleanup 1760M->1760M(4096M) 0.123ms
[2182.474s][info][gc,cpu         ] GC(362) User=0.00s Sys=0.00s Real=0.00s
[2182.474s][info][gc,marking     ] GC(362) Concurrent Clear Claimed Marks
[2182.474s][info][gc,marking     ] GC(362) Concurrent Clear Claimed Marks 0.033ms
[2182.474s][info][gc,marking     ] GC(362) Concurrent Cleanup for Next Mark
[2182.477s][info][gc,marking     ] GC(362) Concurrent Cleanup for Next Mark 3.210ms
[2182.477s][info][gc             ] GC(362) Concurrent Mark Cycle 995.230ms
.....[2187.161s][info][gc,start       ] GC(363) Pause Young (Prepare Mixed) (G1 Evacuation Pause)
[2187.161s][info][gc,task        ] GC(363) Using 6 workers of 6 for evacuation
[2187.275s][info][gc,phases      ] GC(363)   Pre Evacuate Collection Set: 0.33ms
[2187.275s][info][gc,phases      ] GC(363)   Merge Heap Roots: 0.54ms
[2187.275s][info][gc,phases      ] GC(363)   Evacuate Collection Set: 112.75ms
[2187.275s][info][gc,phases      ] GC(363)   Post Evacuate Collection Set: 0.94ms
[2187.275s][info][gc,phases      ] GC(363)   Other: 0.08ms
[2187.275s][info][gc,heap        ] GC(363) Eden regions: 1121->0(1112)
[2187.276s][info][gc,heap        ] GC(363) Survivor regions: 107->109(154)
[2187.276s][info][gc,heap        ] GC(363) Old regions: 503->535
[2187.276s][info][gc,heap        ] GC(363) Humongous regions: 80->80
[2187.276s][info][gc,metaspace   ] GC(363) Metaspace: 28959K(29312K)->28959K(29312K) NonClass: 24076K(24256K)->24076K(24256K) Class: 4883K(5056K)->4883K(5056K)
[2187.276s][info][gc             ] GC(363) Pause Young (Prepare Mixed) (G1 Evacuation Pause) 3620M->1445M(4096M) 114.793ms
[2187.276s][info][gc,cpu         ] GC(363) User=0.69s Sys=0.00s Real=0.12s
......[2192.846s][info][gc,start       ] GC(364) Pause Young (Mixed) (G1 Evacuation Pause)
[2192.846s][info][gc,task        ] GC(364) Using 6 workers of 6 for evacuation
[2192.978s][info][gc,phases      ] GC(364)   Pre Evacuate Collection Set: 0.42ms
[2192.978s][info][gc,phases      ] GC(364)   Merge Heap Roots: 0.75ms
[2192.978s][info][gc,phases      ] GC(364)   Evacuate Collection Set: 130.32ms
[2192.978s][info][gc,phases      ] GC(364)   Post Evacuate Collection Set: 0.97ms
[2192.978s][info][gc,phases      ] GC(364)   Other: 0.10ms
[2192.978s][info][gc,heap        ] GC(364) Eden regions: 1112->0(1117)
[2192.978s][info][gc,heap        ] GC(364) Survivor regions: 109->111(153)
[2192.978s][info][gc,heap        ] GC(364) Old regions: 535->470
[2192.978s][info][gc,heap        ] GC(364) Humongous regions: 80->80
[2192.978s][info][gc,metaspace   ] GC(364) Metaspace: 28959K(29312K)->28959K(29312K) NonClass: 24076K(24256K)->24076K(24256K) Class: 4883K(5056K)->4883K(5056K)
[2192.978s][info][gc             ] GC(364) Pause Young (Mixed) (G1 Evacuation Pause) 3669M->1319M(4096M) 132.699ms
[2192.978s][info][gc,cpu         ] GC(364) User=0.79s Sys=0.00s Real=0.13s
.....[2198.484s][info][gc,start       ] GC(365) Pause Young (Concurrent Start) (G1 Evacuation Pause)
[2198.484s][info][gc,task        ] GC(365) Using 6 workers of 6 for evacuation
[2198.600s][info][gc,phases      ] GC(365)   Pre Evacuate Collection Set: 0.37ms
[2198.600s][info][gc,phases      ] GC(365)   Merge Heap Roots: 0.47ms
[2198.600s][info][gc,phases      ] GC(365)   Evacuate Collection Set: 114.31ms
[2198.600s][info][gc,phases      ] GC(365)   Post Evacuate Collection Set: 0.87ms
[2198.600s][info][gc,phases      ] GC(365)   Other: 0.12ms
[2198.600s][info][gc,heap        ] GC(365) Eden regions: 1117->0(1120)
[2198.600s][info][gc,heap        ] GC(365) Survivor regions: 111->108(154)
[2198.600s][info][gc,heap        ] GC(365) Old regions: 470->503
[2198.600s][info][gc,heap        ] GC(365) Humongous regions: 80->80
[2198.600s][info][gc,metaspace   ] GC(365) Metaspace: 28959K(29312K)->28959K(29312K) NonClass: 24076K(24256K)->24076K(24256K) Class: 4883K(5056K)->4883K(5056K)
[2198.600s][info][gc             ] GC(365) Pause Young (Concurrent Start) (G1 Evacuation Pause) 3553M->1380M(4096M) 116.275ms
[2198.600s][info][gc             ] GC(366) Concurrent Mark Cycle
[2198.600s][info][gc,marking     ] GC(366) Concurrent Scan Root Regions
[2198.600s][info][gc,cpu         ] GC(365) User=0.69s Sys=0.00s Real=0.11s
.[2198.775s][info][gc,marking     ] GC(366) Concurrent Scan Root Regions 174.634ms
[2198.775s][info][gc,marking     ] GC(366) Concurrent Mark
[2198.775s][info][gc,marking     ] GC(366) Concurrent Mark From Roots
[2198.775s][info][gc,task        ] GC(366) Using 2 workers of 2 for marking
[2199.418s][info][gc,marking     ] GC(366) Concurrent Mark From Roots 642.800ms
[2199.418s][info][gc,marking     ] GC(366) Concurrent Preclean
[2199.418s][info][gc,marking     ] GC(366) Concurrent Preclean 0.050ms
[2199.418s][info][gc,start       ] GC(366) Pause Remark
[2199.421s][info][gc             ] GC(366) Pause Remark 1774M->1774M(4096M) 3.289ms
[2199.421s][info][gc,cpu         ] GC(366) User=0.02s Sys=0.01s Real=0.00s
[2199.421s][info][gc,marking     ] GC(366) Concurrent Mark 646.401ms
[2199.421s][info][gc,marking     ] GC(366) Concurrent Rebuild Remembered Sets and Scrub Regions
.[2199.637s][info][gc,marking     ] GC(366) Concurrent Rebuild Remembered Sets and Scrub Regions 215.809ms
[2199.637s][info][gc,start       ] GC(366) Pause Cleanup
[2199.637s][info][gc             ] GC(366) Pause Cleanup 1838M->1838M(4096M) 0.116ms
[2199.637s][info][gc,cpu         ] GC(366) User=0.00s Sys=0.00s Real=0.00s
[2199.637s][info][gc,marking     ] GC(366) Concurrent Clear Claimed Marks
[2199.638s][info][gc,marking     ] GC(366) Concurrent Clear Claimed Marks 0.036ms
[2199.638s][info][gc,marking     ] GC(366) Concurrent Cleanup for Next Mark
[2199.641s][info][gc,marking     ] GC(366) Concurrent Cleanup for Next Mark 3.775ms
[2199.641s][info][gc             ] GC(366) Concurrent Mark Cycle 1041.089ms
....[2204.122s][info][gc,start       ] GC(367) Pause Young (Prepare Mixed) (G1 Evacuation Pause)
[2204.122s][info][gc,task        ] GC(367) Using 6 workers of 6 for evacuation
[2204.238s][info][gc,phases      ] GC(367)   Pre Evacuate Collection Set: 0.33ms
[2204.238s][info][gc,phases      ] GC(367)   Merge Heap Roots: 0.60ms
[2204.238s][info][gc,phases      ] GC(367)   Evacuate Collection Set: 113.30ms
[2204.238s][info][gc,phases      ] GC(367)   Post Evacuate Collection Set: 0.94ms
[2204.238s][info][gc,phases      ] GC(367)   Other: 0.10ms
[2204.238s][info][gc,heap        ] GC(367) Eden regions: 1120->0(1115)
[2204.238s][info][gc,heap        ] GC(367) Survivor regions: 108->107(154)
[2204.238s][info][gc,heap        ] GC(367) Old regions: 503->536
[2204.238s][info][gc,heap        ] GC(367) Humongous regions: 80->80
[2204.238s][info][gc,metaspace   ] GC(367) Metaspace: 28959K(29312K)->28959K(29312K) NonClass: 24076K(24256K)->24076K(24256K) Class: 4883K(5056K)->4883K(5056K)
[2204.238s][info][gc             ] GC(367) Pause Young (Prepare Mixed) (G1 Evacuation Pause) 3620M->1443M(4096M) 115.419ms
[2204.238s][info][gc,cpu         ] GC(367) User=0.68s Sys=0.00s Real=0.11s
......[2209.803s][info][gc,start       ] GC(368) Pause Young (Mixed) (G1 Evacuation Pause)
[2209.803s][info][gc,task        ] GC(368) Using 6 workers of 6 for evacuation
[2209.935s][info][gc,phases      ] GC(368)   Pre Evacuate Collection Set: 0.39ms
[2209.935s][info][gc,phases      ] GC(368)   Merge Heap Roots: 0.70ms
[2209.935s][info][gc,phases      ] GC(368)   Evacuate Collection Set: 130.33ms
[2209.935s][info][gc,phases      ] GC(368)   Post Evacuate Collection Set: 0.96ms
[2209.935s][info][gc,phases      ] GC(368)   Other: 0.09ms
[2209.935s][info][gc,heap        ] GC(368) Eden regions: 1115->0(1120)
[2209.935s][info][gc,heap        ] GC(368) Survivor regions: 107->108(153)
[2209.935s][info][gc,heap        ] GC(368) Old regions: 536->471
[2209.935s][info][gc,heap        ] GC(368) Humongous regions: 80->80
[2209.935s][info][gc,metaspace   ] GC(368) Metaspace: 28964K(29312K)->28964K(29312K) NonClass: 24081K(24256K)->24081K(24256K) Class: 4883K(5056K)->4883K(5056K)
[2209.935s][info][gc             ] GC(368) Pause Young (Mixed) (G1 Evacuation Pause) 3673M->1316M(4096M) 132.593ms
[2209.935s][info][gc,cpu         ] GC(368) User=0.79s Sys=0.00s Real=0.13s
.... (rIR:aIR:PR = 3321:3320:3320) (tPR = 49772) [OK] 
  2213s: Performance info:
         Transaction,    Success,    Partial,     Failed,   Receipts, AvgBarcode, 
             Overall,     199673,          0,          0,     189676,      59.47, 
         Response times:
             Request,    Success,    Partial,     Failed,   SkipFail,     Probes,    Samples,      min,      p50,      p90,      p95,      p99,      max, 
       TotalPurchase,     189676,          0,          0,          0,     186522,     215185,      300,     2700,     4300,     5400,    23000,   181000,
     InStorePurchase,      99803,          0,          0,          0,      98373,     113189,      300,     2600,     4300,     5300,    23000,   181000,
      OnlinePurchase,      69883,          0,          0,          0,      68882,      79393,      300,     2700,     4300,     5400,    23000,   181000,
        InstPurchase,      19990,          0,          0,          0,      19267,      22603,      400,     2700,     4400,     5500,    24000,   176000,
          AssocOfCat,        200,          0,          0,          0,        144,        216,    21000,    29000,    35000,    40000,    75960,   175000,
      AssocOfProduct,       2004,          0,          0,          0,       1798,       2253,      500,     3600,     5100,     6100,    22000,   121000,
      BusinessReport,        502,          0,          0,          0,        424,        575,    24000,    31000,    46000,    59000,   153320,   201000,
          CustBuyBeh,       2001,          0,          0,          0,       1833,       2254,      700,     3500,     4900,     6725,    38000,   181000,
       ProductReturn,       5290,          0,          0,          0,       5005,       5938,      200,     2200,     3800,     4700,    17700,   128000,

  2213s: (25%)   IR =   3459 .[2215.320s][info][gc,start       ] GC(369) Pause Young (Concurrent Start) (G1 Evacuation Pause)
[2215.320s][info][gc,task        ] GC(369) Using 6 workers of 6 for evacuation
[2215.437s][info][gc,phases      ] GC(369)   Pre Evacuate Collection Set: 0.42ms
[2215.437s][info][gc,phases      ] GC(369)   Merge Heap Roots: 0.48ms
[2215.437s][info][gc,phases      ] GC(369)   Evacuate Collection Set: 115.10ms
[2215.437s][info][gc,phases      ] GC(369)   Post Evacuate Collection Set: 0.88ms
[2215.437s][info][gc,phases      ] GC(369)   Other: 0.11ms
[2215.437s][info][gc,heap        ] GC(369) Eden regions: 1120->0(1119)
[2215.437s][info][gc,heap        ] GC(369) Survivor regions: 108->109(154)
[2215.437s][info][gc,heap        ] GC(369) Old regions: 471->503
[2215.437s][info][gc,heap        ] GC(369) Humongous regions: 80->80
[2215.437s][info][gc,metaspace   ] GC(369) Metaspace: 28964K(29312K)->28964K(29312K) NonClass: 24081K(24256K)->24081K(24256K) Class: 4883K(5056K)->4883K(5056K)
[2215.437s][info][gc             ] GC(369) Pause Young (Concurrent Start) (G1 Evacuation Pause) 3556M->1382M(4096M) 117.120ms
[2215.437s][info][gc             ] GC(370) Concurrent Mark Cycle
[2215.438s][info][gc,marking     ] GC(370) Concurrent Scan Root Regions
[2215.438s][info][gc,cpu         ] GC(369) User=0.69s Sys=0.01s Real=0.12s
[2215.571s][info][gc,marking     ] GC(370) Concurrent Scan Root Regions 133.477ms
[2215.571s][info][gc,marking     ] GC(370) Concurrent Mark
[2215.571s][info][gc,marking     ] GC(370) Concurrent Mark From Roots
[2215.571s][info][gc,task        ] GC(370) Using 2 workers of 2 for marking
.[2216.155s][info][gc,marking     ] GC(370) Concurrent Mark From Roots 584.442ms
[2216.156s][info][gc,marking     ] GC(370) Concurrent Preclean
[2216.156s][info][gc,marking     ] GC(370) Concurrent Preclean 0.061ms
[2216.156s][info][gc,start       ] GC(370) Pause Remark
[2216.159s][info][gc             ] GC(370) Pause Remark 1700M->1700M(4096M) 3.004ms
[2216.159s][info][gc,cpu         ] GC(370) User=0.01s Sys=0.00s Real=0.00s
[2216.159s][info][gc,marking     ] GC(370) Concurrent Mark 587.737ms
[2216.159s][info][gc,marking     ] GC(370) Concurrent Rebuild Remembered Sets and Scrub Regions
[2216.395s][info][gc,marking     ] GC(370) Concurrent Rebuild Remembered Sets and Scrub Regions 236.035ms
[2216.395s][info][gc,start       ] GC(370) Pause Cleanup
[2216.395s][info][gc             ] GC(370) Pause Cleanup 1809M->1809M(4096M) 0.115ms
[2216.395s][info][gc,cpu         ] GC(370) User=0.00s Sys=0.00s Real=0.00s
[2216.395s][info][gc,marking     ] GC(370) Concurrent Clear Claimed Marks
[2216.395s][info][gc,marking     ] GC(370) Concurrent Clear Claimed Marks 0.042ms
[2216.395s][info][gc,marking     ] GC(370) Concurrent Cleanup for Next Mark
[2216.398s][info][gc,marking     ] GC(370) Concurrent Cleanup for Next Mark 3.151ms
[2216.398s][info][gc             ] GC(370) Concurrent Mark Cycle 960.847ms
...|..[2220.762s][info][gc,start       ] GC(371) Pause Young (Prepare Mixed) (G1 Evacuation Pause)
[2220.762s][info][gc,task        ] GC(371) Using 6 workers of 6 for evacuation
[2220.878s][info][gc,phases      ] GC(371)   Pre Evacuate Collection Set: 0.34ms
[2220.878s][info][gc,phases      ] GC(371)   Merge Heap Roots: 0.53ms
[2220.878s][info][gc,phases      ] GC(371)   Evacuate Collection Set: 114.07ms
[2220.878s][info][gc,phases      ] GC(371)   Post Evacuate Collection Set: 0.93ms
[2220.878s][info][gc,phases      ] GC(371)   Other: 0.09ms
[2220.878s][info][gc,heap        ] GC(371) Eden regions: 1119->0(1114)
[2220.878s][info][gc,heap        ] GC(371) Survivor regions: 109->108(154)
[2220.878s][info][gc,heap        ] GC(371) Old regions: 503->535
[2220.878s][info][gc,heap        ] GC(371) Humongous regions: 80->80
[2220.878s][info][gc,metaspace   ] GC(371) Metaspace: 28964K(29312K)->28964K(29312K) NonClass: 24081K(24256K)->24081K(24256K) Class: 4883K(5056K)->4883K(5056K)
[2220.878s][info][gc             ] GC(371) Pause Young (Prepare Mixed) (G1 Evacuation Pause) 3620M->1445M(4096M) 116.075ms
[2220.878s][info][gc,cpu         ] GC(371) User=0.69s Sys=0.00s Real=0.11s
.....[2226.139s][info][gc,start       ] GC(372) Pause Young (Mixed) (G1 Evacuation Pause)
[2226.139s][info][gc,task        ] GC(372) Using 6 workers of 6 for evacuation
[2226.271s][info][gc,phases      ] GC(372)   Pre Evacuate Collection Set: 0.40ms
[2226.271s][info][gc,phases      ] GC(372)   Merge Heap Roots: 0.78ms
[2226.271s][info][gc,phases      ] GC(372)   Evacuate Collection Set: 129.43ms
[2226.271s][info][gc,phases      ] GC(372)   Post Evacuate Collection Set: 0.96ms
[2226.271s][info][gc,phases      ] GC(372)   Other: 0.10ms
[2226.271s][info][gc,heap        ] GC(372) Eden regions: 1114->0(1122)
[2226.271s][info][gc,heap        ] GC(372) Survivor regions: 108->106(153)
[2226.271s][info][gc,heap        ] GC(372) Old regions: 535->471
[2226.271s][info][gc,heap        ] GC(372) Humongous regions: 80->80
[2226.271s][info][gc,metaspace   ] GC(372) Metaspace: 28964K(29312K)->28964K(29312K) NonClass: 24081K(24256K)->24081K(24256K) Class: 4883K(5056K)->4883K(5056K)
[2226.271s][info][gc             ] GC(372) Pause Young (Mixed) (G1 Evacuation Pause) 3673M->1312M(4096M) 131.802ms
[2226.271s][info][gc,cpu         ] GC(372) User=0.79s Sys=0.00s Real=0.13s
.....[2231.612s][info][gc,start       ] GC(373) Pause Young (Concurrent Start) (G1 Evacuation Pause)
[2231.612s][info][gc,task        ] GC(373) Using 6 workers of 6 for evacuation
[2231.727s][info][gc,phases      ] GC(373)   Pre Evacuate Collection Set: 0.42ms
[2231.727s][info][gc,phases      ] GC(373)   Merge Heap Roots: 0.52ms
[2231.727s][info][gc,phases      ] GC(373)   Evacuate Collection Set: 112.63ms
[2231.727s][info][gc,phases      ] GC(373)   Post Evacuate Collection Set: 0.85ms
[2231.727s][info][gc,phases      ] GC(373)   Other: 0.14ms
[2231.727s][info][gc,heap        ] GC(373) Eden regions: 1122->0(1120)
[2231.727s][info][gc,heap        ] GC(373) Survivor regions: 106->108(154)
[2231.727s][info][gc,heap        ] GC(373) Old regions: 471->503
[2231.727s][info][gc,heap        ] GC(373) Humongous regions: 80->80
[2231.727s][info][gc,metaspace   ] GC(373) Metaspace: 28964K(29312K)->28964K(29312K) NonClass: 24081K(24256K)->24081K(24256K) Class: 4883K(5056K)->4883K(5056K)
[2231.727s][info][gc             ] GC(373) Pause Young (Concurrent Start) (G1 Evacuation Pause) 3556M->1380M(4096M) 114.693ms
[2231.727s][info][gc             ] GC(374) Concurrent Mark Cycle
[2231.727s][info][gc,marking     ] GC(374) Concurrent Scan Root Regions
[2231.727s][info][gc,cpu         ] GC(373) User=0.68s Sys=0.00s Real=0.11s
.[2231.875s][info][gc,marking     ] GC(374) Concurrent Scan Root Regions 147.990ms
[2231.875s][info][gc,marking     ] GC(374) Concurrent Mark
[2231.875s][info][gc,marking     ] GC(374) Concurrent Mark From Roots
[2231.875s][info][gc,task        ] GC(374) Using 2 workers of 2 for marking
[2232.474s][info][gc,marking     ] GC(374) Concurrent Mark From Roots 599.080ms
[2232.474s][info][gc,marking     ] GC(374) Concurrent Preclean
[2232.474s][info][gc,marking     ] GC(374) Concurrent Preclean 0.069ms
[2232.475s][info][gc,start       ] GC(374) Pause Remark
[2232.478s][info][gc             ] GC(374) Pause Remark 1758M->1758M(4096M) 3.171ms
[2232.478s][info][gc,cpu         ] GC(374) User=0.02s Sys=0.00s Real=0.00s
[2232.478s][info][gc,marking     ] GC(374) Concurrent Mark 602.919ms
[2232.478s][info][gc,marking     ] GC(374) Concurrent Rebuild Remembered Sets and Scrub Regions
[2232.704s][info][gc,marking     ] GC(374) Concurrent Rebuild Remembered Sets and Scrub Regions 226.175ms
[2232.704s][info][gc,start       ] GC(374) Pause Cleanup
[2232.705s][info][gc             ] GC(374) Pause Cleanup 1843M->1843M(4096M) 0.127ms
[2232.705s][info][gc,cpu         ] GC(374) User=0.00s Sys=0.00s Real=0.00s
[2232.705s][info][gc,marking     ] GC(374) Concurrent Clear Claimed Marks
[2232.705s][info][gc,marking     ] GC(374) Concurrent Clear Claimed Marks 0.029ms
[2232.705s][info][gc,marking     ] GC(374) Concurrent Cleanup for Next Mark
[2232.708s][info][gc,marking     ] GC(374) Concurrent Cleanup for Next Mark 3.647ms
[2232.708s][info][gc             ] GC(374) Concurrent Mark Cycle 981.239ms
.....[2237.124s][info][gc,start       ] GC(375) Pause Young (Prepare Mixed) (G1 Evacuation Pause)
[2237.124s][info][gc,task        ] GC(375) Using 6 workers of 6 for evacuation
[2237.241s][info][gc,phases      ] GC(375)   Pre Evacuate Collection Set: 0.32ms
[2237.241s][info][gc,phases      ] GC(375)   Merge Heap Roots: 0.58ms
[2237.241s][info][gc,phases      ] GC(375)   Evacuate Collection Set: 114.90ms
[2237.241s][info][gc,phases      ] GC(375)   Post Evacuate Collection Set: 1.00ms
[2237.241s][info][gc,phases      ] GC(375)   Other: 0.08ms
[2237.241s][info][gc,heap        ] GC(375) Eden regions: 1120->0(1111)
[2237.241s][info][gc,heap        ] GC(375) Survivor regions: 108->110(154)
[2237.241s][info][gc,heap        ] GC(375) Old regions: 503->534
[2237.241s][info][gc,heap        ] GC(375) Humongous regions: 80->80
[2237.241s][info][gc,metaspace   ] GC(375) Metaspace: 28964K(29312K)->28964K(29312K) NonClass: 24081K(24256K)->24081K(24256K) Class: 4883K(5056K)->4883K(5056K)
[2237.241s][info][gc             ] GC(375) Pause Young (Prepare Mixed) (G1 Evacuation Pause) 3620M->1446M(4096M) 117.036ms
[2237.241s][info][gc,cpu         ] GC(375) User=0.69s Sys=0.00s Real=0.11s
.....[2242.496s][info][gc,start       ] GC(376) Pause Young (Mixed) (G1 Evacuation Pause)
[2242.496s][info][gc,task        ] GC(376) Using 6 workers of 6 for evacuation
[2242.628s][info][gc,phases      ] GC(376)   Pre Evacuate Collection Set: 0.40ms
[2242.628s][info][gc,phases      ] GC(376)   Merge Heap Roots: 0.72ms
[2242.628s][info][gc,phases      ] GC(376)   Evacuate Collection Set: 129.89ms
[2242.628s][info][gc,phases      ] GC(376)   Post Evacuate Collection Set: 0.98ms
[2242.628s][info][gc,phases      ] GC(376)   Other: 0.09ms
[2242.628s][info][gc,heap        ] GC(376) Eden regions: 1111->0(1120)
[2242.628s][info][gc,heap        ] GC(376) Survivor regions: 110->108(153)
[2242.628s][info][gc,heap        ] GC(376) Old regions: 534->471
[2242.628s][info][gc,heap        ] GC(376) Humongous regions: 80->80
[2242.628s][info][gc,metaspace   ] GC(376) Metaspace: 28964K(29312K)->28964K(29312K) NonClass: 24081K(24256K)->24081K(24256K) Class: 4883K(5056K)->4883K(5056K)
[2242.628s][info][gc             ] GC(376) Pause Young (Mixed) (G1 Evacuation Pause) 3668M->1315M(4096M) 132.198ms
[2242.628s][info][gc,cpu         ] GC(376) User=0.79s Sys=0.00s Real=0.13s
......[2247.976s][info][gc,start       ] GC(377) Pause Young (Concurrent Start) (G1 Evacuation Pause)
[2247.976s][info][gc,task        ] GC(377) Using 6 workers of 6 for evacuation
[2248.093s][info][gc,phases      ] GC(377)   Pre Evacuate Collection Set: 0.38ms
[2248.093s][info][gc,phases      ] GC(377)   Merge Heap Roots: 0.48ms
[2248.093s][info][gc,phases      ] GC(377)   Evacuate Collection Set: 116.00ms
[2248.093s][info][gc,phases      ] GC(377)   Post Evacuate Collection Set: 0.89ms
[2248.094s][info][gc,phases      ] GC(377)   Other: 0.12ms
[2248.094s][info][gc,heap        ] GC(377) Eden regions: 1120->0(1118)
[2248.094s][info][gc,heap        ] GC(377) Survivor regions: 108->110(154)
[2248.094s][info][gc,heap        ] GC(377) Old regions: 471->503
[2248.094s][info][gc,heap        ] GC(377) Humongous regions: 80->80
[2248.094s][info][gc,metaspace   ] GC(377) Metaspace: 28964K(29312K)->28964K(29312K) NonClass: 24081K(24256K)->24081K(24256K) Class: 4883K(5056K)->4883K(5056K)
[2248.094s][info][gc             ] GC(377) Pause Young (Concurrent Start) (G1 Evacuation Pause) 3555M->1383M(4096M) 118.006ms
[2248.094s][info][gc             ] GC(378) Concurrent Mark Cycle
[2248.094s][info][gc,marking     ] GC(378) Concurrent Scan Root Regions
[2248.094s][info][gc,cpu         ] GC(377) User=0.70s Sys=0.00s Real=0.12s
[2248.210s][info][gc,marking     ] GC(378) Concurrent Scan Root Regions 116.229ms
[2248.210s][info][gc,marking     ] GC(378) Concurrent Mark
[2248.210s][info][gc,marking     ] GC(378) Concurrent Mark From Roots
[2248.210s][info][gc,task        ] GC(378) Using 2 workers of 2 for marking
.[2249.175s][info][gc,marking     ] GC(378) Concurrent Mark From Roots 964.685ms
[2249.175s][info][gc,marking     ] GC(378) Concurrent Preclean
[2249.175s][info][gc,marking     ] GC(378) Concurrent Preclean 0.057ms
[2249.175s][info][gc,start       ] GC(378) Pause Remark
[2249.179s][info][gc             ] GC(378) Pause Remark 1889M->1889M(4096M) 3.801ms
[2249.179s][info][gc,cpu         ] GC(378) User=0.02s Sys=0.00s Real=0.00s
[2249.179s][info][gc,marking     ] GC(378) Concurrent Mark 968.807ms
[2249.179s][info][gc,marking     ] GC(378) Concurrent Rebuild Remembered Sets and Scrub Regions
[2249.525s][info][gc,marking     ] GC(378) Concurrent Rebuild Remembered Sets and Scrub Regions 346.542ms
[2249.526s][info][gc,start       ] GC(378) Pause Cleanup
[2249.526s][info][gc             ] GC(378) Pause Cleanup 2021M->2021M(4096M) 0.131ms
[2249.526s][info][gc,cpu         ] GC(378) User=0.00s Sys=0.00s Real=0.00s
[2249.526s][info][gc,marking     ] GC(378) Concurrent Clear Claimed Marks
[2249.526s][info][gc,marking     ] GC(378) Concurrent Clear Claimed Marks 0.037ms
[2249.526s][info][gc,marking     ] GC(378) Concurrent Cleanup for Next Mark
[2249.531s][info][gc,marking     ] GC(378) Concurrent Cleanup for Next Mark 5.322ms
[2249.531s][info][gc             ] GC(378) Concurrent Mark Cycle 1437.874ms
....[2253.393s][info][gc,start       ] GC(379) Pause Young (Prepare Mixed) (G1 Evacuation Pause)
[2253.393s][info][gc,task        ] GC(379) Using 6 workers of 6 for evacuation
[2253.510s][info][gc,phases      ] GC(379)   Pre Evacuate Collection Set: 0.33ms
[2253.510s][info][gc,phases      ] GC(379)   Merge Heap Roots: 0.55ms
[2253.510s][info][gc,phases      ] GC(379)   Evacuate Collection Set: 115.01ms
[2253.510s][info][gc,phases      ] GC(379)   Post Evacuate Collection Set: 0.96ms
[2253.510s][info][gc,phases      ] GC(379)   Other: 0.10ms
[2253.510s][info][gc,heap        ] GC(379) Eden regions: 1118->0(1111)
[2253.510s][info][gc,heap        ] GC(379) Survivor regions: 110->110(154)
[2253.510s][info][gc,heap        ] GC(379) Old regions: 503->534
[2253.510s][info][gc,heap        ] GC(379) Humongous regions: 80->80
[2253.510s][info][gc,metaspace   ] GC(379) Metaspace: 28964K(29312K)->28964K(29312K) NonClass: 24081K(24256K)->24081K(24256K) Class: 4883K(5056K)->4883K(5056K)
[2253.510s][info][gc             ] GC(379) Pause Young (Prepare Mixed) (G1 Evacuation Pause) 3619M->1447M(4096M) 117.103ms
[2253.510s][info][gc,cpu         ] GC(379) User=0.69s Sys=0.00s Real=0.11s
......[2258.833s][info][gc,start       ] GC(380) Pause Young (Mixed) (G1 Evacuation Pause)
[2258.833s][info][gc,task        ] GC(380) Using 6 workers of 6 for evacuation
[2258.965s][info][gc,phases      ] GC(380)   Pre Evacuate Collection Set: 0.38ms
[2258.965s][info][gc,phases      ] GC(380)   Merge Heap Roots: 0.67ms
[2258.965s][info][gc,phases      ] GC(380)   Evacuate Collection Set: 129.68ms
[2258.965s][info][gc,phases      ] GC(380)   Post Evacuate Collection Set: 0.95ms
[2258.965s][info][gc,phases      ] GC(380)   Other: 0.10ms
[2258.965s][info][gc,heap        ] GC(380) Eden regions: 1111->0(1120)
[2258.965s][info][gc,heap        ] GC(380) Survivor regions: 110->108(153)
[2258.965s][info][gc,heap        ] GC(380) Old regions: 534->470
[2258.965s][info][gc,heap        ] GC(380) Humongous regions: 80->80
[2258.965s][info][gc,metaspace   ] GC(380) Metaspace: 28964K(29312K)->28964K(29312K) NonClass: 24081K(24256K)->24081K(24256K) Class: 4883K(5056K)->4883K(5056K)
[2258.965s][info][gc             ] GC(380) Pause Young (Mixed) (G1 Evacuation Pause) 3669M->1315M(4096M) 131.903ms
[2258.965s][info][gc,cpu         ] GC(380) User=0.79s Sys=0.00s Real=0.13s
.....[2264.396s][info][gc,start       ] GC(381) Pause Young (Concurrent Start) (G1 Evacuation Pause)
[2264.396s][info][gc,task        ] GC(381) Using 6 workers of 6 for evacuation
[2264.511s][info][gc,phases      ] GC(381)   Pre Evacuate Collection Set: 0.41ms
[2264.511s][info][gc,phases      ] GC(381)   Merge Heap Roots: 0.48ms
[2264.511s][info][gc,phases      ] GC(381)   Evacuate Collection Set: 113.17ms
[2264.511s][info][gc,phases      ] GC(381)   Post Evacuate Collection Set: 0.89ms
[2264.511s][info][gc,phases      ] GC(381)   Other: 0.10ms
[2264.511s][info][gc,heap        ] GC(381) Eden regions: 1120->0(1119)
[2264.511s][info][gc,heap        ] GC(381) Survivor regions: 108->109(154)
[2264.511s][info][gc,heap        ] GC(381) Old regions: 470->502
[2264.511s][info][gc,heap        ] GC(381) Humongous regions: 80->80
[2264.511s][info][gc,metaspace   ] GC(381) Metaspace: 28964K(29312K)->28964K(29312K) NonClass: 24081K(24256K)->24081K(24256K) Class: 4883K(5056K)->4883K(5056K)
[2264.511s][info][gc             ] GC(381) Pause Young (Concurrent Start) (G1 Evacuation Pause) 3555M->1379M(4096M) 115.173ms
[2264.511s][info][gc             ] GC(382) Concurrent Mark Cycle
[2264.511s][info][gc,marking     ] GC(382) Concurrent Scan Root Regions
[2264.511s][info][gc,cpu         ] GC(381) User=0.68s Sys=0.00s Real=0.11s
[2264.651s][info][gc,marking     ] GC(382) Concurrent Scan Root Regions 139.828ms
[2264.651s][info][gc,marking     ] GC(382) Concurrent Mark
[2264.651s][info][gc,marking     ] GC(382) Concurrent Mark From Roots
[2264.651s][info][gc,task        ] GC(382) Using 2 workers of 2 for marking
.[2265.288s][info][gc,marking     ] GC(382) Concurrent Mark From Roots 636.906ms
[2265.288s][info][gc,marking     ] GC(382) Concurrent Preclean
[2265.288s][info][gc,marking     ] GC(382) Concurrent Preclean 0.070ms
[2265.288s][info][gc,start       ] GC(382) Pause Remark
[2265.292s][info][gc             ] GC(382) Pause Remark 1805M->1805M(4096M) 3.377ms
[2265.292s][info][gc,cpu         ] GC(382) User=0.02s Sys=0.00s Real=0.01s
[2265.292s][info][gc,marking     ] GC(382) Concurrent Mark 640.995ms
[2265.292s][info][gc,marking     ] GC(382) Concurrent Rebuild Remembered Sets and Scrub Regions
[2265.512s][info][gc,marking     ] GC(382) Concurrent Rebuild Remembered Sets and Scrub Regions 219.995ms
[2265.513s][info][gc,start       ] GC(382) Pause Cleanup
[2265.513s][info][gc             ] GC(382) Pause Cleanup 1885M->1885M(4096M) 0.142ms
[2265.513s][info][gc,cpu         ] GC(382) User=0.00s Sys=0.00s Real=0.00s
[2265.513s][info][gc,marking     ] GC(382) Concurrent Clear Claimed Marks
[2265.513s][info][gc,marking     ] GC(382) Concurrent Clear Claimed Marks 0.041ms
[2265.513s][info][gc,marking     ] GC(382) Concurrent Cleanup for Next Mark
[2265.518s][info][gc,marking     ] GC(382) Concurrent Cleanup for Next Mark 4.411ms
[2265.518s][info][gc             ] GC(382) Concurrent Mark Cycle 1006.344ms
....[2269.694s][info][gc,start       ] GC(383) Pause Young (Prepare Mixed) (G1 Evacuation Pause)
[2269.694s][info][gc,task        ] GC(383) Using 6 workers of 6 for evacuation
[2269.811s][info][gc,phases      ] GC(383)   Pre Evacuate Collection Set: 0.37ms
[2269.811s][info][gc,phases      ] GC(383)   Merge Heap Roots: 0.60ms
[2269.811s][info][gc,phases      ] GC(383)   Evacuate Collection Set: 115.29ms
[2269.811s][info][gc,phases      ] GC(383)   Post Evacuate Collection Set: 0.92ms
[2269.811s][info][gc,phases      ] GC(383)   Other: 0.10ms
[2269.811s][info][gc,heap        ] GC(383) Eden regions: 1119->0(1112)
[2269.811s][info][gc,heap        ] GC(383) Survivor regions: 109->110(154)
[2269.811s][info][gc,heap        ] GC(383) Old regions: 502->533
[2269.811s][info][gc,heap        ] GC(383) Humongous regions: 80->80
[2269.811s][info][gc,metaspace   ] GC(383) Metaspace: 28964K(29312K)->28964K(29312K) NonClass: 24081K(24256K)->24081K(24256K) Class: 4883K(5056K)->4883K(5056K)
[2269.811s][info][gc             ] GC(383) Pause Young (Prepare Mixed) (G1 Evacuation Pause) 3617M->1444M(4096M) 117.431ms
[2269.812s][info][gc,cpu         ] GC(383) User=0.70s Sys=0.00s Real=0.11s
......[2275.127s][info][gc,start       ] GC(384) Pause Young (Mixed) (G1 Evacuation Pause)
[2275.127s][info][gc,task        ] GC(384) Using 6 workers of 6 for evacuation
[2275.260s][info][gc,phases      ] GC(384)   Pre Evacuate Collection Set: 0.40ms
[2275.260s][info][gc,phases      ] GC(384)   Merge Heap Roots: 0.66ms
[2275.260s][info][gc,phases      ] GC(384)   Evacuate Collection Set: 130.85ms
[2275.260s][info][gc,phases      ] GC(384)   Post Evacuate Collection Set: 0.96ms
[2275.260s][info][gc,phases      ] GC(384)   Other: 0.09ms
[2275.260s][info][gc,heap        ] GC(384) Eden regions: 1112->0(1119)
[2275.260s][info][gc,heap        ] GC(384) Survivor regions: 110->109(153)
[2275.260s][info][gc,heap        ] GC(384) Old regions: 533->470
[2275.260s][info][gc,heap        ] GC(384) Humongous regions: 80->80
[2275.260s][info][gc,metaspace   ] GC(384) Metaspace: 28964K(29312K)->28964K(29312K) NonClass: 24081K(24256K)->24081K(24256K) Class: 4883K(5056K)->4883K(5056K)
[2275.260s][info][gc             ] GC(384) Pause Young (Mixed) (G1 Evacuation Pause) 3668M->1315M(4096M) 133.090ms
[2275.260s][info][gc,cpu         ] GC(384) User=0.79s Sys=0.00s Real=0.13s
.... (rIR:aIR:PR = 3459:3459:3459) (tPR = 51753) [OK] 
  2278s: Performance info:
         Transaction,    Success,    Partial,     Failed,   Receipts, AvgBarcode, 
             Overall,     208153,          0,          0,     197743,      59.47, 
         Response times:
             Request,    Success,    Partial,     Failed,   SkipFail,     Probes,    Samples,      min,      p50,      p90,      p95,      p99,      max, 
       TotalPurchase,     197743,          0,          0,          0,     194205,     211007,      300,     2800,     4800,     6600,    32000,   164000,
     InStorePurchase,     104050,          0,          0,          0,     102443,     111113,      300,     2700,     4700,     6400,    31000,   164000,
      OnlinePurchase,      72872,          0,          0,          0,      71523,      77631,      300,     2900,     4800,     6700,    32000,   140000,
        InstPurchase,      20821,          0,          0,          0,      20239,      22263,      400,     2900,     5000,     6900,    33000,   158000,
          AssocOfCat,        208,          0,          0,          0,        144,        200,    20000,    28000,    37800,    47850,   102610,   156000,
      AssocOfProduct,       2083,          0,          0,          0,       1873,       2206,      700,     3500,     5300,     9065,    45930,   140000,
      BusinessReport,        518,          0,          0,          0,        442,        578,    21000,    31000,    44000,    54000,   101640,   201000,
          CustBuyBeh,       2084,          0,          0,          0,       1916,       2294,      400,     2700,     4600,     6425,    22050,    86000,
       ProductReturn,       5517,          0,          0,          0,       5235,       5898,      200,     2000,     3800,     5000,    25000,   140000,

  2278s: (26%)   IR =   3598 .[2280.452s][info][gc,start       ] GC(385) Pause Young (Concurrent Start) (G1 Evacuation Pause)
[2280.452s][info][gc,task        ] GC(385) Using 6 workers of 6 for evacuation
[2280.569s][info][gc,phases      ] GC(385)   Pre Evacuate Collection Set: 0.36ms
[2280.569s][info][gc,phases      ] GC(385)   Merge Heap Roots: 0.47ms
[2280.569s][info][gc,phases      ] GC(385)   Evacuate Collection Set: 114.55ms
[2280.569s][info][gc,phases      ] GC(385)   Post Evacuate Collection Set: 0.95ms
[2280.569s][info][gc,phases      ] GC(385)   Other: 0.11ms
[2280.569s][info][gc,heap        ] GC(385) Eden regions: 1119->0(1118)
[2280.569s][info][gc,heap        ] GC(385) Survivor regions: 109->110(154)
[2280.569s][info][gc,heap        ] GC(385) Old regions: 470->502
[2280.569s][info][gc,heap        ] GC(385) Humongous regions: 80->80
[2280.569s][info][gc,metaspace   ] GC(385) Metaspace: 28971K(29312K)->28971K(29312K) NonClass: 24088K(24256K)->24088K(24256K) Class: 4883K(5056K)->4883K(5056K)
[2280.569s][info][gc             ] GC(385) Pause Young (Concurrent Start) (G1 Evacuation Pause) 3553M->1381M(4096M) 116.599ms
[2280.569s][info][gc             ] GC(386) Concurrent Mark Cycle
[2280.569s][info][gc,marking     ] GC(386) Concurrent Scan Root Regions
[2280.569s][info][gc,cpu         ] GC(385) User=0.69s Sys=0.00s Real=0.11s
[2280.714s][info][gc,marking     ] GC(386) Concurrent Scan Root Regions 145.081ms
[2280.714s][info][gc,marking     ] GC(386) Concurrent Mark
[2280.714s][info][gc,marking     ] GC(386) Concurrent Mark From Roots
[2280.714s][info][gc,task        ] GC(386) Using 2 workers of 2 for marking
.[2281.302s][info][gc,marking     ] GC(386) Concurrent Mark From Roots 588.422ms
[2281.302s][info][gc,marking     ] GC(386) Concurrent Preclean
[2281.302s][info][gc,marking     ] GC(386) Concurrent Preclean 0.054ms
[2281.302s][info][gc,start       ] GC(386) Pause Remark
[2281.306s][info][gc             ] GC(386) Pause Remark 1727M->1727M(4096M) 3.203ms
[2281.306s][info][gc,cpu         ] GC(386) User=0.02s Sys=0.00s Real=0.00s
[2281.306s][info][gc,marking     ] GC(386) Concurrent Mark 591.948ms
[2281.306s][info][gc,marking     ] GC(386) Concurrent Rebuild Remembered Sets and Scrub Regions
[2281.527s][info][gc,marking     ] GC(386) Concurrent Rebuild Remembered Sets and Scrub Regions 220.825ms
[2281.527s][info][gc,start       ] GC(386) Pause Cleanup
[2281.527s][info][gc             ] GC(386) Pause Cleanup 1807M->1807M(4096M) 0.110ms
[2281.527s][info][gc,cpu         ] GC(386) User=0.00s Sys=0.00s Real=0.00s
[2281.527s][info][gc,marking     ] GC(386) Concurrent Clear Claimed Marks
[2281.527s][info][gc,marking     ] GC(386) Concurrent Clear Claimed Marks 0.032ms
[2281.527s][info][gc,marking     ] GC(386) Concurrent Cleanup for Next Mark
[2281.532s][info][gc,marking     ] GC(386) Concurrent Cleanup for Next Mark 4.897ms
[2281.532s][info][gc             ] GC(386) Concurrent Mark Cycle 963.537ms
...|.[2285.685s][info][gc,start       ] GC(387) Pause Young (Prepare Mixed) (G1 Evacuation Pause)
[2285.685s][info][gc,task        ] GC(387) Using 6 workers of 6 for evacuation
[2285.800s][info][gc,phases      ] GC(387)   Pre Evacuate Collection Set: 0.33ms
[2285.801s][info][gc,phases      ] GC(387)   Merge Heap Roots: 0.55ms
[2285.801s][info][gc,phases      ] GC(387)   Evacuate Collection Set: 113.80ms
[2285.801s][info][gc,phases      ] GC(387)   Post Evacuate Collection Set: 0.96ms
[2285.801s][info][gc,phases      ] GC(387)   Other: 0.09ms
[2285.801s][info][gc,heap        ] GC(387) Eden regions: 1118->0(1114)
[2285.801s][info][gc,heap        ] GC(387) Survivor regions: 110->109(154)
[2285.801s][info][gc,heap        ] GC(387) Old regions: 502->533
[2285.801s][info][gc,heap        ] GC(387) Humongous regions: 80->80
[2285.801s][info][gc,metaspace   ] GC(387) Metaspace: 28971K(29312K)->28971K(29312K) NonClass: 24088K(24256K)->24088K(24256K) Class: 4883K(5056K)->4883K(5056K)
[2285.801s][info][gc             ] GC(387) Pause Young (Prepare Mixed) (G1 Evacuation Pause) 3617M->1442M(4096M) 115.866ms
[2285.801s][info][gc,cpu         ] GC(387) User=0.69s Sys=0.00s Real=0.11s
......[2290.932s][info][gc,start       ] GC(388) Pause Young (Mixed) (G1 Evacuation Pause)
[2290.932s][info][gc,task        ] GC(388) Using 6 workers of 6 for evacuation
[2291.064s][info][gc,phases      ] GC(388)   Pre Evacuate Collection Set: 0.39ms
[2291.064s][info][gc,phases      ] GC(388)   Merge Heap Roots: 0.65ms
[2291.064s][info][gc,phases      ] GC(388)   Evacuate Collection Set: 130.03ms
[2291.064s][info][gc,phases      ] GC(388)   Post Evacuate Collection Set: 0.94ms
[2291.064s][info][gc,phases      ] GC(388)   Other: 0.09ms
[2291.064s][info][gc,heap        ] GC(388) Eden regions: 1114->0(1118)
[2291.064s][info][gc,heap        ] GC(388) Survivor regions: 109->110(153)
[2291.064s][info][gc,heap        ] GC(388) Old regions: 533->471
[2291.064s][info][gc,heap        ] GC(388) Humongous regions: 80->80
[2291.064s][info][gc,metaspace   ] GC(388) Metaspace: 28971K(29312K)->28971K(29312K) NonClass: 24088K(24256K)->24088K(24256K) Class: 4883K(5056K)->4883K(5056K)
[2291.064s][info][gc             ] GC(388) Pause Young (Mixed) (G1 Evacuation Pause) 3670M->1319M(4096M) 132.227ms
[2291.064s][info][gc,cpu         ] GC(388) User=0.79s Sys=0.00s Real=0.13s
.....[2296.137s][info][gc,start       ] GC(389) Pause Young (Concurrent Start) (G1 Evacuation Pause)
[2296.137s][info][gc,task        ] GC(389) Using 6 workers of 6 for evacuation
[2296.252s][info][gc,phases      ] GC(389)   Pre Evacuate Collection Set: 0.38ms
[2296.252s][info][gc,phases      ] GC(389)   Merge Heap Roots: 0.47ms
[2296.252s][info][gc,phases      ] GC(389)   Evacuate Collection Set: 112.90ms
[2296.252s][info][gc,phases      ] GC(389)   Post Evacuate Collection Set: 0.91ms
[2296.252s][info][gc,phases      ] GC(389)   Other: 0.11ms
[2296.252s][info][gc,heap        ] GC(389) Eden regions: 1118->0(1121)
[2296.252s][info][gc,heap        ] GC(389) Survivor regions: 110->107(154)
[2296.252s][info][gc,heap        ] GC(389) Old regions: 471->503
[2296.252s][info][gc,heap        ] GC(389) Humongous regions: 80->80
[2296.252s][info][gc,metaspace   ] GC(389) Metaspace: 28971K(29312K)->28971K(29312K) NonClass: 24088K(24256K)->24088K(24256K) Class: 4883K(5056K)->4883K(5056K)
[2296.252s][info][gc             ] GC(389) Pause Young (Concurrent Start) (G1 Evacuation Pause) 3555M->1378M(4096M) 114.904ms
[2296.252s][info][gc             ] GC(390) Concurrent Mark Cycle
[2296.252s][info][gc,marking     ] GC(390) Concurrent Scan Root Regions
[2296.252s][info][gc,cpu         ] GC(389) User=0.68s Sys=0.00s Real=0.12s
[2296.390s][info][gc,marking     ] GC(390) Concurrent Scan Root Regions 137.791ms
[2296.390s][info][gc,marking     ] GC(390) Concurrent Mark
[2296.390s][info][gc,marking     ] GC(390) Concurrent Mark From Roots
[2296.390s][info][gc,task        ] GC(390) Using 2 workers of 2 for marking
.[2296.986s][info][gc,marking     ] GC(390) Concurrent Mark From Roots 596.479ms
[2296.986s][info][gc,marking     ] GC(390) Concurrent Preclean
[2296.986s][info][gc,marking     ] GC(390) Concurrent Preclean 0.064ms
[2296.988s][info][gc,start       ] GC(390) Pause Remark
[2296.992s][info][gc             ] GC(390) Pause Remark 1750M->1750M(4096M) 3.481ms
[2296.992s][info][gc,cpu         ] GC(390) User=0.02s Sys=0.00s Real=0.01s
[2296.992s][info][gc,marking     ] GC(390) Concurrent Mark 602.238ms
[2296.992s][info][gc,marking     ] GC(390) Concurrent Rebuild Remembered Sets and Scrub Regions
[2297.221s][info][gc,marking     ] GC(390) Concurrent Rebuild Remembered Sets and Scrub Regions 229.225ms
[2297.221s][info][gc,start       ] GC(390) Pause Cleanup
[2297.222s][info][gc             ] GC(390) Pause Cleanup 1851M->1851M(4096M) 0.129ms
[2297.222s][info][gc,cpu         ] GC(390) User=0.00s Sys=0.00s Real=0.01s
[2297.222s][info][gc,marking     ] GC(390) Concurrent Clear Claimed Marks
[2297.222s][info][gc,marking     ] GC(390) Concurrent Clear Claimed Marks 0.031ms
[2297.222s][info][gc,marking     ] GC(390) Concurrent Cleanup for Next Mark
[2297.226s][info][gc,marking     ] GC(390) Concurrent Cleanup for Next Mark 4.264ms
[2297.226s][info][gc             ] GC(390) Concurrent Mark Cycle 974.019ms
....[2301.401s][info][gc,start       ] GC(391) Pause Young (Prepare Mixed) (G1 Evacuation Pause)
[2301.401s][info][gc,task        ] GC(391) Using 6 workers of 6 for evacuation
[2301.517s][info][gc,phases      ] GC(391)   Pre Evacuate Collection Set: 0.37ms
[2301.517s][info][gc,phases      ] GC(391)   Merge Heap Roots: 0.53ms
[2301.517s][info][gc,phases      ] GC(391)   Evacuate Collection Set: 113.68ms
[2301.517s][info][gc,phases      ] GC(391)   Post Evacuate Collection Set: 0.94ms
[2301.517s][info][gc,phases      ] GC(391)   Other: 0.09ms
[2301.517s][info][gc,heap        ] GC(391) Eden regions: 1121->0(1112)
[2301.517s][info][gc,heap        ] GC(391) Survivor regions: 107->109(154)
[2301.517s][info][gc,heap        ] GC(391) Old regions: 503->535
[2301.517s][info][gc,heap        ] GC(391) Humongous regions: 80->80
[2301.517s][info][gc,metaspace   ] GC(391) Metaspace: 28971K(29312K)->28971K(29312K) NonClass: 24088K(24256K)->24088K(24256K) Class: 4883K(5056K)->4883K(5056K)
[2301.517s][info][gc             ] GC(391) Pause Young (Prepare Mixed) (G1 Evacuation Pause) 3620M->1446M(4096M) 115.748ms
[2301.517s][info][gc,cpu         ] GC(391) User=0.69s Sys=0.00s Real=0.12s
.....[2306.560s][info][gc,start       ] GC(392) Pause Young (Mixed) (G1 Evacuation Pause)
[2306.560s][info][gc,task        ] GC(392) Using 6 workers of 6 for evacuation
[2306.692s][info][gc,phases      ] GC(392)   Pre Evacuate Collection Set: 0.40ms
[2306.692s][info][gc,phases      ] GC(392)   Merge Heap Roots: 0.71ms
[2306.692s][info][gc,phases      ] GC(392)   Evacuate Collection Set: 129.93ms
[2306.692s][info][gc,phases      ] GC(392)   Post Evacuate Collection Set: 0.95ms
[2306.692s][info][gc,phases      ] GC(392)   Other: 0.09ms
[2306.692s][info][gc,heap        ] GC(392) Eden regions: 1112->0(1120)
[2306.692s][info][gc,heap        ] GC(392) Survivor regions: 109->108(153)
[2306.692s][info][gc,heap        ] GC(392) Old regions: 535->470
[2306.692s][info][gc,heap        ] GC(392) Humongous regions: 80->80
[2306.692s][info][gc,metaspace   ] GC(392) Metaspace: 28971K(29312K)->28971K(29312K) NonClass: 24088K(24256K)->24088K(24256K) Class: 4883K(5056K)->4883K(5056K)
[2306.692s][info][gc             ] GC(392) Pause Young (Mixed) (G1 Evacuation Pause) 3670M->1314M(4096M) 132.211ms
[2306.692s][info][gc,cpu         ] GC(392) User=0.79s Sys=0.00s Real=0.14s
.....[2311.798s][info][gc,start       ] GC(393) Pause Young (Concurrent Start) (G1 Evacuation Pause)
[2311.798s][info][gc,task        ] GC(393) Using 6 workers of 6 for evacuation
[2311.915s][info][gc,phases      ] GC(393)   Pre Evacuate Collection Set: 0.38ms
[2311.915s][info][gc,phases      ] GC(393)   Merge Heap Roots: 0.52ms
[2311.915s][info][gc,phases      ] GC(393)   Evacuate Collection Set: 114.81ms
[2311.915s][info][gc,phases      ] GC(393)   Post Evacuate Collection Set: 0.89ms
[2311.915s][info][gc,phases      ] GC(393)   Other: 0.11ms
[2311.915s][info][gc,heap        ] GC(393) Eden regions: 1120->0(1120)
[2311.915s][info][gc,heap        ] GC(393) Survivor regions: 108->108(154)
[2311.915s][info][gc,heap        ] GC(393) Old regions: 470->503
[2311.915s][info][gc,heap        ] GC(393) Humongous regions: 80->80
[2311.915s][info][gc,metaspace   ] GC(393) Metaspace: 28971K(29312K)->28971K(29312K) NonClass: 24088K(24256K)->24088K(24256K) Class: 4883K(5056K)->4883K(5056K)
[2311.915s][info][gc             ] GC(393) Pause Young (Concurrent Start) (G1 Evacuation Pause) 3554M->1380M(4096M) 116.849ms
[2311.915s][info][gc             ] GC(394) Concurrent Mark Cycle
[2311.915s][info][gc,marking     ] GC(394) Concurrent Scan Root Regions
[2311.915s][info][gc,cpu         ] GC(393) User=0.70s Sys=0.00s Real=0.12s
.[2312.055s][info][gc,marking     ] GC(394) Concurrent Scan Root Regions 140.527ms
[2312.055s][info][gc,marking     ] GC(394) Concurrent Mark
[2312.055s][info][gc,marking     ] GC(394) Concurrent Mark From Roots
[2312.055s][info][gc,task        ] GC(394) Using 2 workers of 2 for marking
[2312.656s][info][gc,marking     ] GC(394) Concurrent Mark From Roots 600.863ms
[2312.656s][info][gc,marking     ] GC(394) Concurrent Preclean
[2312.656s][info][gc,marking     ] GC(394) Concurrent Preclean 0.044ms
[2312.657s][info][gc,start       ] GC(394) Pause Remark
[2312.660s][info][gc             ] GC(394) Pause Remark 1774M->1774M(4096M) 3.537ms
[2312.660s][info][gc,cpu         ] GC(394) User=0.01s Sys=0.00s Real=0.00s
[2312.660s][info][gc,marking     ] GC(394) Concurrent Mark 604.701ms
[2312.660s][info][gc,marking     ] GC(394) Concurrent Rebuild Remembered Sets and Scrub Regions
[2312.880s][info][gc,marking     ] GC(394) Concurrent Rebuild Remembered Sets and Scrub Regions 219.808ms
[2312.880s][info][gc,start       ] GC(394) Pause Cleanup
[2312.880s][info][gc             ] GC(394) Pause Cleanup 1852M->1852M(4096M) 0.124ms
[2312.880s][info][gc,cpu         ] GC(394) User=0.00s Sys=0.00s Real=0.00s
[2312.880s][info][gc,marking     ] GC(394) Concurrent Clear Claimed Marks
[2312.880s][info][gc,marking     ] GC(394) Concurrent Clear Claimed Marks 0.031ms
[2312.880s][info][gc,marking     ] GC(394) Concurrent Cleanup for Next Mark
[2312.885s][info][gc,marking     ] GC(394) Concurrent Cleanup for Next Mark 4.291ms
[2312.885s][info][gc             ] GC(394) Concurrent Mark Cycle 969.842ms
.....[2317.058s][info][gc,start       ] GC(395) Pause Young (Prepare Mixed) (G1 Evacuation Pause)
[2317.058s][info][gc,task        ] GC(395) Using 6 workers of 6 for evacuation
[2317.173s][info][gc,phases      ] GC(395)   Pre Evacuate Collection Set: 0.38ms
[2317.173s][info][gc,phases      ] GC(395)   Merge Heap Roots: 0.57ms
[2317.173s][info][gc,phases      ] GC(395)   Evacuate Collection Set: 112.83ms
[2317.173s][info][gc,phases      ] GC(395)   Post Evacuate Collection Set: 0.93ms
[2317.173s][info][gc,phases      ] GC(395)   Other: 0.10ms
[2317.173s][info][gc,heap        ] GC(395) Eden regions: 1120->0(1116)
[2317.173s][info][gc,heap        ] GC(395) Survivor regions: 108->107(154)
[2317.173s][info][gc,heap        ] GC(395) Old regions: 503->535
[2317.173s][info][gc,heap        ] GC(395) Humongous regions: 80->80
[2317.173s][info][gc,metaspace   ] GC(395) Metaspace: 28971K(29312K)->28971K(29312K) NonClass: 24088K(24256K)->24088K(24256K) Class: 4883K(5056K)->4883K(5056K)
[2317.173s][info][gc             ] GC(395) Pause Young (Prepare Mixed) (G1 Evacuation Pause) 3620M->1442M(4096M) 114.951ms
[2317.173s][info][gc,cpu         ] GC(395) User=0.69s Sys=0.00s Real=0.12s
.....[2322.280s][info][gc,start       ] GC(396) Pause Young (Mixed) (G1 Evacuation Pause)
[2322.280s][info][gc,task        ] GC(396) Using 6 workers of 6 for evacuation
[2322.413s][info][gc,phases      ] GC(396)   Pre Evacuate Collection Set: 0.40ms
[2322.413s][info][gc,phases      ] GC(396)   Merge Heap Roots: 0.69ms
[2322.413s][info][gc,phases      ] GC(396)   Evacuate Collection Set: 130.81ms
[2322.413s][info][gc,phases      ] GC(396)   Post Evacuate Collection Set: 0.98ms
[2322.413s][info][gc,phases      ] GC(396)   Other: 0.09ms
[2322.413s][info][gc,heap        ] GC(396) Eden regions: 1116->0(1119)
[2322.413s][info][gc,heap        ] GC(396) Survivor regions: 107->109(153)
[2322.413s][info][gc,heap        ] GC(396) Old regions: 535->470
[2322.413s][info][gc,heap        ] GC(396) Humongous regions: 80->80
[2322.413s][info][gc,metaspace   ] GC(396) Metaspace: 28971K(29312K)->28971K(29312K) NonClass: 24088K(24256K)->24088K(24256K) Class: 4883K(5056K)->4883K(5056K)
[2322.413s][info][gc             ] GC(396) Pause Young (Mixed) (G1 Evacuation Pause) 3674M->1317M(4096M) 133.091ms
[2322.413s][info][gc,cpu         ] GC(396) User=0.79s Sys=0.00s Real=0.14s
.....[2327.516s][info][gc,start       ] GC(397) Pause Young (Concurrent Start) (G1 Evacuation Pause)
[2327.516s][info][gc,task        ] GC(397) Using 6 workers of 6 for evacuation
[2327.632s][info][gc,phases      ] GC(397)   Pre Evacuate Collection Set: 0.41ms
[2327.632s][info][gc,phases      ] GC(397)   Merge Heap Roots: 0.49ms
[2327.632s][info][gc,phases      ] GC(397)   Evacuate Collection Set: 113.96ms
[2327.632s][info][gc,phases      ] GC(397)   Post Evacuate Collection Set: 0.91ms
[2327.632s][info][gc,phases      ] GC(397)   Other: 0.11ms
[2327.632s][info][gc,heap        ] GC(397) Eden regions: 1119->0(1120)
[2327.632s][info][gc,heap        ] GC(397) Survivor regions: 109->108(154)
[2327.632s][info][gc,heap        ] GC(397) Old regions: 470->503
[2327.632s][info][gc,heap        ] GC(397) Humongous regions: 80->80
[2327.632s][info][gc,metaspace   ] GC(397) Metaspace: 28971K(29312K)->28971K(29312K) NonClass: 24088K(24256K)->24088K(24256K) Class: 4883K(5056K)->4883K(5056K)
[2327.632s][info][gc             ] GC(397) Pause Young (Concurrent Start) (G1 Evacuation Pause) 3555M->1380M(4096M) 116.016ms
[2327.632s][info][gc             ] GC(398) Concurrent Mark Cycle
[2327.632s][info][gc,marking     ] GC(398) Concurrent Scan Root Regions
[2327.632s][info][gc,cpu         ] GC(397) User=0.69s Sys=0.00s Real=0.12s
[2327.757s][info][gc,marking     ] GC(398) Concurrent Scan Root Regions 125.230ms
[2327.758s][info][gc,marking     ] GC(398) Concurrent Mark
[2327.758s][info][gc,marking     ] GC(398) Concurrent Mark From Roots
[2327.758s][info][gc,task        ] GC(398) Using 2 workers of 2 for marking
.[2328.356s][info][gc,marking     ] GC(398) Concurrent Mark From Roots 598.494ms
[2328.356s][info][gc,marking     ] GC(398) Concurrent Preclean
[2328.356s][info][gc,marking     ] GC(398) Concurrent Preclean 0.069ms
[2328.356s][info][gc,start       ] GC(398) Pause Remark
[2328.359s][info][gc             ] GC(398) Pause Remark 1730M->1730M(4096M) 2.928ms
[2328.359s][info][gc,cpu         ] GC(398) User=0.02s Sys=0.00s Real=0.00s
[2328.359s][info][gc,marking     ] GC(398) Concurrent Mark 601.765ms
[2328.359s][info][gc,marking     ] GC(398) Concurrent Rebuild Remembered Sets and Scrub Regions
[2328.590s][info][gc,marking     ] GC(398) Concurrent Rebuild Remembered Sets and Scrub Regions 230.340ms
[2328.590s][info][gc,start       ] GC(398) Pause Cleanup
[2328.590s][info][gc             ] GC(398) Pause Cleanup 1827M->1827M(4096M) 0.117ms
[2328.590s][info][gc,cpu         ] GC(398) User=0.00s Sys=0.00s Real=0.00s
[2328.590s][info][gc,marking     ] GC(398) Concurrent Clear Claimed Marks
[2328.590s][info][gc,marking     ] GC(398) Concurrent Clear Claimed Marks 0.028ms
[2328.590s][info][gc,marking     ] GC(398) Concurrent Cleanup for Next Mark
[2328.594s][info][gc,marking     ] GC(398) Concurrent Cleanup for Next Mark 3.571ms
[2328.594s][info][gc             ] GC(398) Concurrent Mark Cycle 961.405ms
....[2332.757s][info][gc,start       ] GC(399) Pause Young (Prepare Mixed) (G1 Evacuation Pause)
[2332.757s][info][gc,task        ] GC(399) Using 6 workers of 6 for evacuation
[2332.872s][info][gc,phases      ] GC(399)   Pre Evacuate Collection Set: 0.33ms
[2332.872s][info][gc,phases      ] GC(399)   Merge Heap Roots: 0.52ms
[2332.872s][info][gc,phases      ] GC(399)   Evacuate Collection Set: 113.66ms
[2332.872s][info][gc,phases      ] GC(399)   Post Evacuate Collection Set: 0.94ms
[2332.872s][info][gc,phases      ] GC(399)   Other: 0.09ms
[2332.872s][info][gc,heap        ] GC(399) Eden regions: 1120->0(1113)
[2332.872s][info][gc,heap        ] GC(399) Survivor regions: 108->109(154)
[2332.872s][info][gc,heap        ] GC(399) Old regions: 503->534
[2332.872s][info][gc,heap        ] GC(399) Humongous regions: 80->80
[2332.872s][info][gc,metaspace   ] GC(399) Metaspace: 28971K(29312K)->28971K(29312K) NonClass: 24088K(24256K)->24088K(24256K) Class: 4883K(5056K)->4883K(5056K)
[2332.872s][info][gc             ] GC(399) Pause Young (Prepare Mixed) (G1 Evacuation Pause) 3620M->1444M(4096M) 115.663ms
[2332.872s][info][gc,cpu         ] GC(399) User=0.69s Sys=0.00s Real=0.12s
......[2337.989s][info][gc,start       ] GC(400) Pause Young (Mixed) (G1 Evacuation Pause)
[2337.989s][info][gc,task        ] GC(400) Using 6 workers of 6 for evacuation
[2338.128s][info][gc,phases      ] GC(400)   Pre Evacuate Collection Set: 0.36ms
[2338.128s][info][gc,phases      ] GC(400)   Merge Heap Roots: 0.73ms
[2338.128s][info][gc,phases      ] GC(400)   Evacuate Collection Set: 136.74ms
[2338.128s][info][gc,phases      ] GC(400)   Post Evacuate Collection Set: 0.98ms
[2338.128s][info][gc,phases      ] GC(400)   Other: 0.09ms
[2338.128s][info][gc,heap        ] GC(400) Eden regions: 1113->0(1116)
[2338.128s][info][gc,heap        ] GC(400) Survivor regions: 109->112(153)
[2338.128s][info][gc,heap        ] GC(400) Old regions: 534->471
[2338.128s][info][gc,heap        ] GC(400) Humongous regions: 80->80
[2338.128s][info][gc,metaspace   ] GC(400) Metaspace: 28971K(29312K)->28971K(29312K) NonClass: 24088K(24256K)->24088K(24256K) Class: 4883K(5056K)->4883K(5056K)
[2338.128s][info][gc             ] GC(400) Pause Young (Mixed) (G1 Evacuation Pause) 3670M->1324M(4096M) 139.048ms
[2338.128s][info][gc,cpu         ] GC(400) User=0.83s Sys=0.00s Real=0.14s
.....[2343.295s][info][gc,start       ] GC(401) Pause Young (Concurrent Start) (G1 Evacuation Pause)
[2343.295s][info][gc,task        ] GC(401) Using 6 workers of 6 for evacuation
[2343.411s][info][gc,phases      ] GC(401)   Pre Evacuate Collection Set: 0.39ms
[2343.411s][info][gc,phases      ] GC(401)   Merge Heap Roots: 0.50ms
[2343.411s][info][gc,phases      ] GC(401)   Evacuate Collection Set: 114.39ms
[2343.411s][info][gc,phases      ] GC(401)   Post Evacuate Collection Set: 0.89ms
[2343.411s][info][gc,phases      ] GC(401)   Other: 0.10ms
[2343.411s][info][gc,heap        ] GC(401) Eden regions: 1116->0(1118)
[2343.411s][info][gc,heap        ] GC(401) Survivor regions: 112->110(154)
[2343.411s][info][gc,heap        ] GC(401) Old regions: 471->503
[2343.411s][info][gc,heap        ] GC(401) Humongous regions: 80->80
[2343.411s][info][gc,metaspace   ] GC(401) Metaspace: 28971K(29312K)->28971K(29312K) NonClass: 24088K(24256K)->24088K(24256K) Class: 4883K(5056K)->4883K(5056K)
[2343.411s][info][gc             ] GC(401) Pause Young (Concurrent Start) (G1 Evacuation Pause) 3556M->1383M(4096M) 116.390ms
[2343.411s][info][gc             ] GC(402) Concurrent Mark Cycle
[2343.411s][info][gc,marking     ] GC(402) Concurrent Scan Root Regions
[2343.411s][info][gc,cpu         ] GC(401) User=0.69s Sys=0.00s Real=0.11s
[2343.552s][info][gc,marking     ] GC(402) Concurrent Scan Root Regions 141.325ms
[2343.552s][info][gc,marking     ] GC(402) Concurrent Mark
[2343.552s][info][gc,marking     ] GC(402) Concurrent Mark From Roots
[2343.552s][info][gc,task        ] GC(402) Using 2 workers of 2 for marking
. (rIR:aIR:PR = 3598:3599:3599) (tPR = 53829) [OK] 
  2343s: Performance info:
         Transaction,    Success,    Partial,     Failed,   Receipts, AvgBarcode, 
             Overall,     216317,          0,          0,     205512,      59.47, 
         Response times:
             Request,    Success,    Partial,     Failed,   SkipFail,     Probes,    Samples,      min,      p50,      p90,      p95,      p99,      max, 
       TotalPurchase,     205512,          0,          0,          0,     201831,     219673,      300,     2900,     5000,     7100,    37000,   189000,
     InStorePurchase,     108182,          0,          0,          0,     106356,     115444,      300,     2900,     5000,     7000,    36000,   189000,
      OnlinePurchase,      75681,          0,          0,          0,      74366,      80785,      300,     3000,     5100,     7200,    37000,   145000,
        InstPurchase,      21649,          0,          0,          0,      21109,      23444,      400,     3000,     5100,     7200,    37000,   143000,
          AssocOfCat,        216,          0,          0,          0,        154,        213,    19800,    29000,    42600,    54000,    78580,    96000,
      AssocOfProduct,       2156,          0,          0,          0,       1985,       2311,      400,     3300,     5200,     7140,    40000,   138000,
      BusinessReport,        536,          0,          0,          0,        456,        587,    21000,    32000,    46200,    55000,    85200,   212000,
          CustBuyBeh,       2170,          0,          0,          0,       1995,       2349,      200,     1200,     3600,     4750,    21500,   120000,
       ProductReturn,       5726,          0,          0,          0,       5412,       6035,      200,     3400,     5500,     8200,    39640,   140000,

  2343s: (27%)   IR =   3736 [2344.163s][info][gc,marking     ] GC(402) Concurrent Mark From Roots 610.359ms
[2344.163s][info][gc,marking     ] GC(402) Concurrent Preclean
[2344.163s][info][gc,marking     ] GC(402) Concurrent Preclean 0.059ms
[2344.163s][info][gc,start       ] GC(402) Pause Remark
[2344.166s][info][gc             ] GC(402) Pause Remark 1777M->1777M(4096M) 3.131ms
[2344.166s][info][gc,cpu         ] GC(402) User=0.01s Sys=0.00s Real=0.00s
[2344.168s][info][gc,marking     ] GC(402) Concurrent Mark 615.461ms
[2344.168s][info][gc,marking     ] GC(402) Concurrent Rebuild Remembered Sets and Scrub Regions
[2344.389s][info][gc,marking     ] GC(402) Concurrent Rebuild Remembered Sets and Scrub Regions 220.734ms
[2344.389s][info][gc,start       ] GC(402) Pause Cleanup
[2344.389s][info][gc             ] GC(402) Pause Cleanup 1859M->1859M(4096M) 0.115ms
[2344.389s][info][gc,cpu         ] GC(402) User=0.00s Sys=0.00s Real=0.00s
[2344.389s][info][gc,marking     ] GC(402) Concurrent Clear Claimed Marks
[2344.389s][info][gc,marking     ] GC(402) Concurrent Clear Claimed Marks 0.026ms
[2344.389s][info][gc,marking     ] GC(402) Concurrent Cleanup for Next Mark
[2344.392s][info][gc,marking     ] GC(402) Concurrent Cleanup for Next Mark 3.248ms
[2344.392s][info][gc             ] GC(402) Concurrent Mark Cycle 981.225ms
....[2348.317s][info][gc,start       ] GC(403) Pause Young (Prepare Mixed) (G1 Evacuation Pause)
[2348.317s][info][gc,task        ] GC(403) Using 6 workers of 6 for evacuation
[2348.436s][info][gc,phases      ] GC(403)   Pre Evacuate Collection Set: 0.35ms
[2348.436s][info][gc,phases      ] GC(403)   Merge Heap Roots: 0.60ms
[2348.436s][info][gc,phases      ] GC(403)   Evacuate Collection Set: 116.77ms
[2348.436s][info][gc,phases      ] GC(403)   Post Evacuate Collection Set: 0.96ms
[2348.436s][info][gc,phases      ] GC(403)   Other: 0.09ms
[2348.436s][info][gc,heap        ] GC(403) Eden regions: 1118->0(1113)
[2348.436s][info][gc,heap        ] GC(403) Survivor regions: 110->109(154)
[2348.436s][info][gc,heap        ] GC(403) Old regions: 503->534
[2348.436s][info][gc,heap        ] GC(403) Humongous regions: 80->80
[2348.436s][info][gc,metaspace   ] GC(403) Metaspace: 28971K(29312K)->28971K(29312K) NonClass: 24088K(24256K)->24088K(24256K) Class: 4883K(5056K)->4883K(5056K)
[2348.436s][info][gc             ] GC(403) Pause Young (Prepare Mixed) (G1 Evacuation Pause) 3619M->1444M(4096M) 118.912ms
[2348.436s][info][gc,cpu         ] GC(403) User=0.71s Sys=0.00s Real=0.12s
...|..[2353.379s][info][gc,start       ] GC(404) Pause Young (Mixed) (G1 Evacuation Pause)
[2353.379s][info][gc,task        ] GC(404) Using 6 workers of 6 for evacuation
[2353.511s][info][gc,phases      ] GC(404)   Pre Evacuate Collection Set: 0.38ms
[2353.511s][info][gc,phases      ] GC(404)   Merge Heap Roots: 0.73ms
[2353.511s][info][gc,phases      ] GC(404)   Evacuate Collection Set: 129.03ms
[2353.511s][info][gc,phases      ] GC(404)   Post Evacuate Collection Set: 0.95ms
[2353.511s][info][gc,phases      ] GC(404)   Other: 0.09ms
[2353.511s][info][gc,heap        ] GC(404) Eden regions: 1113->0(1120)
[2353.511s][info][gc,heap        ] GC(404) Survivor regions: 109->108(153)
[2353.511s][info][gc,heap        ] GC(404) Old regions: 534->471
[2353.511s][info][gc,heap        ] GC(404) Humongous regions: 80->80
[2353.511s][info][gc,metaspace   ] GC(404) Metaspace: 28971K(29312K)->28971K(29312K) NonClass: 24088K(24256K)->24088K(24256K) Class: 4883K(5056K)->4883K(5056K)
[2353.511s][info][gc             ] GC(404) Pause Young (Mixed) (G1 Evacuation Pause) 3670M->1315M(4096M) 131.307ms
[2353.511s][info][gc,cpu         ] GC(404) User=0.79s Sys=0.00s Real=0.13s
.....[2358.351s][info][gc,start       ] GC(405) Pause Young (Concurrent Start) (G1 Evacuation Pause)
[2358.351s][info][gc,task        ] GC(405) Using 6 workers of 6 for evacuation
[2358.466s][info][gc,phases      ] GC(405)   Pre Evacuate Collection Set: 0.38ms
[2358.466s][info][gc,phases      ] GC(405)   Merge Heap Roots: 0.49ms
[2358.466s][info][gc,phases      ] GC(405)   Evacuate Collection Set: 112.87ms
[2358.466s][info][gc,phases      ] GC(405)   Post Evacuate Collection Set: 0.90ms
[2358.466s][info][gc,phases      ] GC(405)   Other: 0.10ms
[2358.466s][info][gc,heap        ] GC(405) Eden regions: 1120->0(1121)
[2358.466s][info][gc,heap        ] GC(405) Survivor regions: 108->107(154)
[2358.466s][info][gc,heap        ] GC(405) Old regions: 471->503
[2358.466s][info][gc,heap        ] GC(405) Humongous regions: 80->80
[2358.466s][info][gc,metaspace   ] GC(405) Metaspace: 28971K(29312K)->28971K(29312K) NonClass: 24088K(24256K)->24088K(24256K) Class: 4883K(5056K)->4883K(5056K)
[2358.466s][info][gc             ] GC(405) Pause Young (Concurrent Start) (G1 Evacuation Pause) 3555M->1378M(4096M) 114.891ms
[2358.466s][info][gc             ] GC(406) Concurrent Mark Cycle
[2358.466s][info][gc,marking     ] GC(406) Concurrent Scan Root Regions
[2358.466s][info][gc,cpu         ] GC(405) User=0.68s Sys=0.00s Real=0.12s
[2358.597s][info][gc,marking     ] GC(406) Concurrent Scan Root Regions 131.545ms
[2358.597s][info][gc,marking     ] GC(406) Concurrent Mark
[2358.597s][info][gc,marking     ] GC(406) Concurrent Mark From Roots
[2358.597s][info][gc,task        ] GC(406) Using 2 workers of 2 for marking
.[2359.196s][info][gc,marking     ] GC(406) Concurrent Mark From Roots 598.917ms
[2359.196s][info][gc,marking     ] GC(406) Concurrent Preclean
[2359.196s][info][gc,marking     ] GC(406) Concurrent Preclean 0.058ms
[2359.196s][info][gc,start       ] GC(406) Pause Remark
[2359.200s][info][gc             ] GC(406) Pause Remark 1738M->1738M(4096M) 3.239ms
[2359.200s][info][gc,cpu         ] GC(406) User=0.02s Sys=0.00s Real=0.00s
[2359.200s][info][gc,marking     ] GC(406) Concurrent Mark 602.458ms
[2359.200s][info][gc,marking     ] GC(406) Concurrent Rebuild Remembered Sets and Scrub Regions
[2359.422s][info][gc,marking     ] GC(406) Concurrent Rebuild Remembered Sets and Scrub Regions 222.251ms
[2359.422s][info][gc,start       ] GC(406) Pause Cleanup
[2359.422s][info][gc             ] GC(406) Pause Cleanup 1826M->1826M(4096M) 0.117ms
[2359.422s][info][gc,cpu         ] GC(406) User=0.00s Sys=0.00s Real=0.00s
[2359.423s][info][gc,marking     ] GC(406) Concurrent Clear Claimed Marks
[2359.423s][info][gc,marking     ] GC(406) Concurrent Clear Claimed Marks 0.037ms
[2359.423s][info][gc,marking     ] GC(406) Concurrent Cleanup for Next Mark
[2359.428s][info][gc,marking     ] GC(406) Concurrent Cleanup for Next Mark 5.723ms
[2359.428s][info][gc             ] GC(406) Concurrent Mark Cycle 962.726ms
....[2363.396s][info][gc,start       ] GC(407) Pause Young (Prepare Mixed) (G1 Evacuation Pause)
[2363.396s][info][gc,task        ] GC(407) Using 6 workers of 6 for evacuation
[2363.511s][info][gc,phases      ] GC(407)   Pre Evacuate Collection Set: 0.35ms
[2363.511s][info][gc,phases      ] GC(407)   Merge Heap Roots: 0.58ms
[2363.511s][info][gc,phases      ] GC(407)   Evacuate Collection Set: 113.30ms
[2363.511s][info][gc,phases      ] GC(407)   Post Evacuate Collection Set: 0.93ms
[2363.511s][info][gc,phases      ] GC(407)   Other: 0.08ms
[2363.511s][info][gc,heap        ] GC(407) Eden regions: 1121->0(1114)
[2363.511s][info][gc,heap        ] GC(407) Survivor regions: 107->108(154)
[2363.511s][info][gc,heap        ] GC(407) Old regions: 503->535
[2363.511s][info][gc,heap        ] GC(407) Humongous regions: 80->80
[2363.511s][info][gc,metaspace   ] GC(407) Metaspace: 28971K(29312K)->28971K(29312K) NonClass: 24088K(24256K)->24088K(24256K) Class: 4883K(5056K)->4883K(5056K)
[2363.511s][info][gc             ] GC(407) Pause Young (Prepare Mixed) (G1 Evacuation Pause) 3620M->1444M(4096M) 115.390ms
[2363.511s][info][gc,cpu         ] GC(407) User=0.68s Sys=0.00s Real=0.11s
.....[2368.352s][info][gc,start       ] GC(408) Pause Young (Mixed) (G1 Evacuation Pause)
[2368.352s][info][gc,task        ] GC(408) Using 6 workers of 6 for evacuation
[2368.484s][info][gc,phases      ] GC(408)   Pre Evacuate Collection Set: 0.38ms
[2368.484s][info][gc,phases      ] GC(408)   Merge Heap Roots: 0.70ms
[2368.484s][info][gc,phases      ] GC(408)   Evacuate Collection Set: 129.44ms
[2368.484s][info][gc,phases      ] GC(408)   Post Evacuate Collection Set: 0.97ms
[2368.484s][info][gc,phases      ] GC(408)   Other: 0.09ms
[2368.484s][info][gc,heap        ] GC(408) Eden regions: 1114->0(1120)
[2368.484s][info][gc,heap        ] GC(408) Survivor regions: 108->108(153)
[2368.484s][info][gc,heap        ] GC(408) Old regions: 535->472
[2368.484s][info][gc,heap        ] GC(408) Humongous regions: 80->80
[2368.484s][info][gc,metaspace   ] GC(408) Metaspace: 28971K(29312K)->28971K(29312K) NonClass: 24088K(24256K)->24088K(24256K) Class: 4883K(5056K)->4883K(5056K)
[2368.484s][info][gc             ] GC(408) Pause Young (Mixed) (G1 Evacuation Pause) 3672M->1318M(4096M) 131.697ms
[2368.484s][info][gc,cpu         ] GC(408) User=0.78s Sys=0.00s Real=0.13s
.....[2373.486s][info][gc,start       ] GC(409) Pause Young (Concurrent Start) (G1 Evacuation Pause)
[2373.487s][info][gc,task        ] GC(409) Using 6 workers of 6 for evacuation
[2373.606s][info][gc,phases      ] GC(409)   Pre Evacuate Collection Set: 0.42ms
[2373.606s][info][gc,phases      ] GC(409)   Merge Heap Roots: 0.51ms
[2373.606s][info][gc,phases      ] GC(409)   Evacuate Collection Set: 117.81ms
[2373.606s][info][gc,phases      ] GC(409)   Post Evacuate Collection Set: 0.87ms
[2373.606s][info][gc,phases      ] GC(409)   Other: 0.13ms
[2373.606s][info][gc,heap        ] GC(409) Eden regions: 1120->0(1117)
[2373.606s][info][gc,heap        ] GC(409) Survivor regions: 108->111(154)
[2373.606s][info][gc,heap        ] GC(409) Old regions: 472->504
[2373.606s][info][gc,heap        ] GC(409) Humongous regions: 80->80
[2373.606s][info][gc,metaspace   ] GC(409) Metaspace: 28971K(29312K)->28971K(29312K) NonClass: 24088K(24256K)->24088K(24256K) Class: 4883K(5056K)->4883K(5056K)
[2373.606s][info][gc             ] GC(409) Pause Young (Concurrent Start) (G1 Evacuation Pause) 3558M->1389M(4096M) 119.869ms
[2373.606s][info][gc             ] GC(410) Concurrent Mark Cycle
[2373.606s][info][gc,marking     ] GC(410) Concurrent Scan Root Regions
[2373.606s][info][gc,cpu         ] GC(409) User=0.71s Sys=0.00s Real=0.12s
[2373.784s][info][gc,marking     ] GC(410) Concurrent Scan Root Regions 177.516ms
[2373.784s][info][gc,marking     ] GC(410) Concurrent Mark
[2373.784s][info][gc,marking     ] GC(410) Concurrent Mark From Roots
[2373.784s][info][gc,task        ] GC(410) Using 2 workers of 2 for marking
.[2374.450s][info][gc,marking     ] GC(410) Concurrent Mark From Roots 666.371ms
[2374.450s][info][gc,marking     ] GC(410) Concurrent Preclean
[2374.450s][info][gc,marking     ] GC(410) Concurrent Preclean 0.065ms
[2374.453s][info][gc,start       ] GC(410) Pause Remark
[2374.456s][info][gc             ] GC(410) Pause Remark 1815M->1815M(4096M) 3.276ms
[2374.456s][info][gc,cpu         ] GC(410) User=0.02s Sys=0.00s Real=0.00s
[2374.456s][info][gc,marking     ] GC(410) Concurrent Mark 672.051ms
[2374.456s][info][gc,marking     ] GC(410) Concurrent Rebuild Remembered Sets and Scrub Regions
[2374.684s][info][gc,marking     ] GC(410) Concurrent Rebuild Remembered Sets and Scrub Regions 227.465ms
[2374.684s][info][gc,start       ] GC(410) Pause Cleanup
[2374.684s][info][gc             ] GC(410) Pause Cleanup 1930M->1930M(4096M) 0.125ms
[2374.684s][info][gc,cpu         ] GC(410) User=0.00s Sys=0.00s Real=0.00s
[2374.684s][info][gc,marking     ] GC(410) Concurrent Clear Claimed Marks
[2374.684s][info][gc,marking     ] GC(410) Concurrent Clear Claimed Marks 0.036ms
[2374.684s][info][gc,marking     ] GC(410) Concurrent Cleanup for Next Mark
[2374.689s][info][gc,marking     ] GC(410) Concurrent Cleanup for Next Mark 4.657ms
[2374.689s][info][gc             ] GC(410) Concurrent Mark Cycle 1082.252ms
....[2378.521s][info][gc,start       ] GC(411) Pause Young (Prepare Mixed) (G1 Evacuation Pause)
[2378.521s][info][gc,task        ] GC(411) Using 6 workers of 6 for evacuation
[2378.639s][info][gc,phases      ] GC(411)   Pre Evacuate Collection Set: 0.37ms
[2378.639s][info][gc,phases      ] GC(411)   Merge Heap Roots: 0.53ms
[2378.639s][info][gc,phases      ] GC(411)   Evacuate Collection Set: 116.71ms
[2378.639s][info][gc,phases      ] GC(411)   Post Evacuate Collection Set: 0.94ms
[2378.639s][info][gc,phases      ] GC(411)   Other: 0.09ms
[2378.639s][info][gc,heap        ] GC(411) Eden regions: 1117->0(1109)
[2378.639s][info][gc,heap        ] GC(411) Survivor regions: 111->110(154)
[2378.639s][info][gc,heap        ] GC(411) Old regions: 504->536
[2378.639s][info][gc,heap        ] GC(411) Humongous regions: 80->80
[2378.639s][info][gc,metaspace   ] GC(411) Metaspace: 28971K(29312K)->28971K(29312K) NonClass: 24088K(24256K)->24088K(24256K) Class: 4883K(5056K)->4883K(5056K)
[2378.639s][info][gc             ] GC(411) Pause Young (Prepare Mixed) (G1 Evacuation Pause) 3623M->1451M(4096M) 118.773ms
[2378.640s][info][gc,cpu         ] GC(411) User=0.71s Sys=0.00s Real=0.12s
.....[2383.530s][info][gc,start       ] GC(412) Pause Young (Mixed) (G1 Evacuation Pause)
[2383.530s][info][gc,task        ] GC(412) Using 6 workers of 6 for evacuation
[2383.660s][info][gc,phases      ] GC(412)   Pre Evacuate Collection Set: 0.41ms
[2383.660s][info][gc,phases      ] GC(412)   Merge Heap Roots: 0.62ms
[2383.660s][info][gc,phases      ] GC(412)   Evacuate Collection Set: 128.41ms
[2383.660s][info][gc,phases      ] GC(412)   Post Evacuate Collection Set: 0.95ms
[2383.660s][info][gc,phases      ] GC(412)   Other: 0.09ms
[2383.660s][info][gc,heap        ] GC(412) Eden regions: 1109->0(1121)
[2383.660s][info][gc,heap        ] GC(412) Survivor regions: 110->107(153)
[2383.660s][info][gc,heap        ] GC(412) Old regions: 536->470
[2383.660s][info][gc,heap        ] GC(412) Humongous regions: 80->80
[2383.660s][info][gc,metaspace   ] GC(412) Metaspace: 28971K(29312K)->28971K(29312K) NonClass: 24088K(24256K)->24088K(24256K) Class: 4883K(5056K)->4883K(5056K)
[2383.660s][info][gc             ] GC(412) Pause Young (Mixed) (G1 Evacuation Pause) 3669M->1312M(4096M) 130.610ms
[2383.660s][info][gc,cpu         ] GC(412) User=0.78s Sys=0.00s Real=0.13s
.....[2388.605s][info][gc,start       ] GC(413) Pause Young (Concurrent Start) (G1 Evacuation Pause)
[2388.605s][info][gc,task        ] GC(413) Using 6 workers of 6 for evacuation
[2388.720s][info][gc,phases      ] GC(413)   Pre Evacuate Collection Set: 0.37ms
[2388.720s][info][gc,phases      ] GC(413)   Merge Heap Roots: 0.47ms
[2388.720s][info][gc,phases      ] GC(413)   Evacuate Collection Set: 113.19ms
[2388.720s][info][gc,phases      ] GC(413)   Post Evacuate Collection Set: 0.91ms
[2388.720s][info][gc,phases      ] GC(413)   Other: 0.09ms
[2388.720s][info][gc,heap        ] GC(413) Eden regions: 1121->0(1120)
[2388.720s][info][gc,heap        ] GC(413) Survivor regions: 107->108(154)
[2388.720s][info][gc,heap        ] GC(413) Old regions: 470->501
[2388.720s][info][gc,heap        ] GC(413) Humongous regions: 80->80
[2388.720s][info][gc,metaspace   ] GC(413) Metaspace: 28971K(29312K)->28971K(29312K) NonClass: 24088K(24256K)->24088K(24256K) Class: 4883K(5056K)->4883K(5056K)
[2388.720s][info][gc             ] GC(413) Pause Young (Concurrent Start) (G1 Evacuation Pause) 3554M->1377M(4096M) 115.156ms
[2388.720s][info][gc             ] GC(414) Concurrent Mark Cycle
[2388.720s][info][gc,marking     ] GC(414) Concurrent Scan Root Regions
[2388.720s][info][gc,cpu         ] GC(413) User=0.69s Sys=0.00s Real=0.11s
[2388.887s][info][gc,marking     ] GC(414) Concurrent Scan Root Regions 166.652ms
[2388.887s][info][gc,marking     ] GC(414) Concurrent Mark
[2388.887s][info][gc,marking     ] GC(414) Concurrent Mark From Roots
[2388.887s][info][gc,task        ] GC(414) Using 2 workers of 2 for marking
.[2389.561s][info][gc,marking     ] GC(414) Concurrent Mark From Roots 674.154ms
[2389.561s][info][gc,marking     ] GC(414) Concurrent Preclean
[2389.561s][info][gc,marking     ] GC(414) Concurrent Preclean 0.045ms
[2389.561s][info][gc,start       ] GC(414) Pause Remark
[2389.565s][info][gc             ] GC(414) Pause Remark 1802M->1802M(4096M) 3.694ms
[2389.565s][info][gc,cpu         ] GC(414) User=0.02s Sys=0.00s Real=0.01s
[2389.565s][info][gc,marking     ] GC(414) Concurrent Mark 678.123ms
[2389.565s][info][gc,marking     ] GC(414) Concurrent Rebuild Remembered Sets and Scrub Regions
[2389.812s][info][gc,marking     ] GC(414) Concurrent Rebuild Remembered Sets and Scrub Regions 246.734ms
[2389.812s][info][gc,start       ] GC(414) Pause Cleanup
[2389.812s][info][gc             ] GC(414) Pause Cleanup 1904M->1904M(4096M) 0.126ms
[2389.812s][info][gc,cpu         ] GC(414) User=0.00s Sys=0.00s Real=0.00s
[2389.813s][info][gc,marking     ] GC(414) Concurrent Clear Claimed Marks
[2389.813s][info][gc,marking     ] GC(414) Concurrent Clear Claimed Marks 0.038ms
[2389.813s][info][gc,marking     ] GC(414) Concurrent Cleanup for Next Mark
[2389.819s][info][gc,marking     ] GC(414) Concurrent Cleanup for Next Mark 6.313ms
[2389.819s][info][gc             ] GC(414) Concurrent Mark Cycle 1099.044ms
....[2393.610s][info][gc,start       ] GC(415) Pause Young (Prepare Mixed) (G1 Evacuation Pause)
[2393.610s][info][gc,task        ] GC(415) Using 6 workers of 6 for evacuation
[2393.724s][info][gc,phases      ] GC(415)   Pre Evacuate Collection Set: 0.32ms
[2393.724s][info][gc,phases      ] GC(415)   Merge Heap Roots: 0.52ms
[2393.724s][info][gc,phases      ] GC(415)   Evacuate Collection Set: 112.83ms
[2393.724s][info][gc,phases      ] GC(415)   Post Evacuate Collection Set: 0.91ms
[2393.724s][info][gc,phases      ] GC(415)   Other: 0.09ms
[2393.724s][info][gc,heap        ] GC(415) Eden regions: 1120->0(1114)
[2393.724s][info][gc,heap        ] GC(415) Survivor regions: 108->109(154)
[2393.724s][info][gc,heap        ] GC(415) Old regions: 501->533
[2393.724s][info][gc,heap        ] GC(415) Humongous regions: 80->80
[2393.724s][info][gc,metaspace   ] GC(415) Metaspace: 28971K(29312K)->28971K(29312K) NonClass: 24088K(24256K)->24088K(24256K) Class: 4883K(5056K)->4883K(5056K)
[2393.724s][info][gc             ] GC(415) Pause Young (Prepare Mixed) (G1 Evacuation Pause) 3617M->1442M(4096M) 114.795ms
[2393.724s][info][gc,cpu         ] GC(415) User=0.68s Sys=0.00s Real=0.12s
.....[2398.665s][info][gc,start       ] GC(416) Pause Young (Mixed) (G1 Evacuation Pause)
[2398.665s][info][gc,task        ] GC(416) Using 6 workers of 6 for evacuation
[2398.799s][info][gc,phases      ] GC(416)   Pre Evacuate Collection Set: 0.37ms
[2398.799s][info][gc,phases      ] GC(416)   Merge Heap Roots: 0.70ms
[2398.799s][info][gc,phases      ] GC(416)   Evacuate Collection Set: 131.56ms
[2398.799s][info][gc,phases      ] GC(416)   Post Evacuate Collection Set: 0.95ms
[2398.799s][info][gc,phases      ] GC(416)   Other: 0.09ms
[2398.799s][info][gc,heap        ] GC(416) Eden regions: 1114->0(1118)
[2398.799s][info][gc,heap        ] GC(416) Survivor regions: 109->110(153)
[2398.799s][info][gc,heap        ] GC(416) Old regions: 533->470
[2398.799s][info][gc,heap        ] GC(416) Humongous regions: 80->80
[2398.799s][info][gc,metaspace   ] GC(416) Metaspace: 28971K(29312K)->28971K(29312K) NonClass: 24088K(24256K)->24088K(24256K) Class: 4883K(5056K)->4883K(5056K)
[2398.799s][info][gc             ] GC(416) Pause Young (Mixed) (G1 Evacuation Pause) 3670M->1318M(4096M) 133.776ms
[2398.799s][info][gc,cpu         ] GC(416) User=0.80s Sys=0.00s Real=0.13s
.....[2403.689s][info][gc,start       ] GC(417) Pause Young (Concurrent Start) (G1 Evacuation Pause)
[2403.689s][info][gc,task        ] GC(417) Using 6 workers of 6 for evacuation
[2403.806s][info][gc,phases      ] GC(417)   Pre Evacuate Collection Set: 0.39ms
[2403.806s][info][gc,phases      ] GC(417)   Merge Heap Roots: 0.47ms
[2403.806s][info][gc,phases      ] GC(417)   Evacuate Collection Set: 114.45ms
[2403.806s][info][gc,phases      ] GC(417)   Post Evacuate Collection Set: 0.90ms
[2403.806s][info][gc,phases      ] GC(417)   Other: 0.11ms
[2403.806s][info][gc,heap        ] GC(417) Eden regions: 1118->0(1119)
[2403.806s][info][gc,heap        ] GC(417) Survivor regions: 110->109(154)
[2403.806s][info][gc,heap        ] GC(417) Old regions: 470->502
[2403.806s][info][gc,heap        ] GC(417) Humongous regions: 80->80
[2403.806s][info][gc,metaspace   ] GC(417) Metaspace: 28971K(29312K)->28971K(29312K) NonClass: 24088K(24256K)->24088K(24256K) Class: 4883K(5056K)->4883K(5056K)
[2403.806s][info][gc             ] GC(417) Pause Young (Concurrent Start) (G1 Evacuation Pause) 3554M->1380M(4096M) 116.453ms
[2403.806s][info][gc             ] GC(418) Concurrent Mark Cycle
[2403.806s][info][gc,marking     ] GC(418) Concurrent Scan Root Regions
[2403.806s][info][gc,cpu         ] GC(417) User=0.69s Sys=0.00s Real=0.12s
[2403.982s][info][gc,marking     ] GC(418) Concurrent Scan Root Regions 176.480ms
[2403.982s][info][gc,marking     ] GC(418) Concurrent Mark
[2403.982s][info][gc,marking     ] GC(418) Concurrent Mark From Roots
[2403.982s][info][gc,task        ] GC(418) Using 2 workers of 2 for marking
.[2404.913s][info][gc,marking     ] GC(418) Concurrent Mark From Roots 930.872ms
[2404.913s][info][gc,marking     ] GC(418) Concurrent Preclean
[2404.913s][info][gc,marking     ] GC(418) Concurrent Preclean 0.045ms
[2404.913s][info][gc,start       ] GC(418) Pause Remark
[2404.918s][info][gc             ] GC(418) Pause Remark 1933M->1933M(4096M) 4.105ms
[2404.918s][info][gc,cpu         ] GC(418) User=0.02s Sys=0.00s Real=0.00s
[2404.918s][info][gc,marking     ] GC(418) Concurrent Mark 935.261ms
[2404.918s][info][gc,marking     ] GC(418) Concurrent Rebuild Remembered Sets and Scrub Regions
.[2405.310s][info][gc,marking     ] GC(418) Concurrent Rebuild Remembered Sets and Scrub Regions 392.634ms
[2405.310s][info][gc,start       ] GC(418) Pause Cleanup
[2405.311s][info][gc             ] GC(418) Pause Cleanup 2109M->2109M(4096M) 0.122ms
[2405.311s][info][gc,cpu         ] GC(418) User=0.00s Sys=0.00s Real=0.00s
[2405.311s][info][gc,marking     ] GC(418) Concurrent Clear Claimed Marks
[2405.311s][info][gc,marking     ] GC(418) Concurrent Clear Claimed Marks 0.032ms
[2405.311s][info][gc,marking     ] GC(418) Concurrent Cleanup for Next Mark
[2405.314s][info][gc,marking     ] GC(418) Concurrent Cleanup for Next Mark 3.266ms
[2405.314s][info][gc             ] GC(418) Concurrent Mark Cycle 1508.126ms
...[2408.709s][info][gc,start       ] GC(419) Pause Young (Prepare Mixed) (G1 Evacuation Pause)
[2408.709s][info][gc,task        ] GC(419) Using 6 workers of 6 for evacuation
[2408.829s][info][gc,phases      ] GC(419)   Pre Evacuate Collection Set: 0.37ms
[2408.829s][info][gc,phases      ] GC(419)   Merge Heap Roots: 0.57ms
[2408.829s][info][gc,phases      ] GC(419)   Evacuate Collection Set: 117.14ms
[2408.829s][info][gc,phases      ] GC(419)   Post Evacuate Collection Set: 0.93ms
[2408.829s][info][gc,phases      ] GC(419)   Other: 0.10ms
[2408.829s][info][gc,heap        ] GC(419) Eden regions: 1119->0(1110)
[2408.829s][info][gc,heap        ] GC(419) Survivor regions: 109->110(154)
[2408.829s][info][gc,heap        ] GC(419) Old regions: 502->535
[2408.829s][info][gc,heap        ] GC(419) Humongous regions: 80->80
[2408.829s][info][gc,metaspace   ] GC(419) Metaspace: 28971K(29312K)->28971K(29312K) NonClass: 24088K(24256K)->24088K(24256K) Class: 4883K(5056K)->4883K(5056K)
[2408.829s][info][gc             ] GC(419) Pause Young (Prepare Mixed) (G1 Evacuation Pause) 3618M->1448M(4096M) 119.235ms
[2408.829s][info][gc,cpu         ] GC(419) User=0.71s Sys=0.00s Real=0.12s
... (rIR:aIR:PR = 3736:3734:3734) (tPR = 55614) [OK] 
  2410s: Performance info:
         Transaction,    Success,    Partial,     Failed,   Receipts, AvgBarcode, 
             Overall,     224484,          0,          0,     213254,      59.48, 
         Response times:
             Request,    Success,    Partial,     Failed,   SkipFail,     Probes,    Samples,      min,      p50,      p90,      p95,      p99,      max, 
       TotalPurchase,     213254,          0,          0,          0,     208966,     234335,      300,     3000,     5100,     6800,    30000,   189000,
     InStorePurchase,     112259,          0,          0,          0,     110312,     123508,      300,     2900,     5000,     6700,    29000,   189000,
      OnlinePurchase,      78521,          0,          0,          0,      76800,      86007,      300,     3000,     5100,     6700,    29000,   189000,
        InstPurchase,      22474,          0,          0,          0,      21854,      24820,      400,     3400,     5400,     7300,    34000,   140000,
          AssocOfCat,        225,          0,          0,          0,        170,        250,    19500,    29000,    40000,    51250,   117220,   168000,
      AssocOfProduct,       2246,          0,          0,          0,       2073,       2480,      500,     3100,     5100,     6600,    28570,   123000,
      BusinessReport,        564,          0,          0,          0,        452,        597,    22000,    33000,    48000,    58000,   158040,   189000,
          CustBuyBeh,       2247,          0,          0,          0,       2016,       2428,      200,     1800,     3100,     4500,    22420,   126000,
       ProductReturn,       5948,          0,          0,          0,       5585,       6442,      200,     3100,     5100,     6700,    30000,   140000,

  2410s: (28%)   IR =   3874 ..[2413.572s][info][gc,start       ] GC(420) Pause Young (Mixed) (G1 Evacuation Pause)
[2413.572s][info][gc,task        ] GC(420) Using 6 workers of 6 for evacuation
[2413.703s][info][gc,phases      ] GC(420)   Pre Evacuate Collection Set: 0.41ms
[2413.703s][info][gc,phases      ] GC(420)   Merge Heap Roots: 0.65ms
[2413.703s][info][gc,phases      ] GC(420)   Evacuate Collection Set: 128.59ms
[2413.703s][info][gc,phases      ] GC(420)   Post Evacuate Collection Set: 0.93ms
[2413.703s][info][gc,phases      ] GC(420)   Other: 0.09ms
[2413.703s][info][gc,heap        ] GC(420) Eden regions: 1110->0(1120)
[2413.703s][info][gc,heap        ] GC(420) Survivor regions: 110->108(153)
[2413.703s][info][gc,heap        ] GC(420) Old regions: 535->470
[2413.703s][info][gc,heap        ] GC(420) Humongous regions: 80->80
[2413.703s][info][gc,metaspace   ] GC(420) Metaspace: 28971K(29312K)->28971K(29312K) NonClass: 24088K(24256K)->24088K(24256K) Class: 4883K(5056K)->4883K(5056K)
[2413.703s][info][gc             ] GC(420) Pause Young (Mixed) (G1 Evacuation Pause) 3668M->1315M(4096M) 130.800ms
[2413.703s][info][gc,cpu         ] GC(420) User=0.78s Sys=0.00s Real=0.13s
.....|[2418.486s][info][gc,start       ] GC(421) Pause Young (Concurrent Start) (G1 Evacuation Pause)
[2418.486s][info][gc,task        ] GC(421) Using 6 workers of 6 for evacuation
[2418.605s][info][gc,phases      ] GC(421)   Pre Evacuate Collection Set: 0.37ms
[2418.605s][info][gc,phases      ] GC(421)   Merge Heap Roots: 0.49ms
[2418.605s][info][gc,phases      ] GC(421)   Evacuate Collection Set: 116.79ms
[2418.605s][info][gc,phases      ] GC(421)   Post Evacuate Collection Set: 0.87ms
[2418.605s][info][gc,phases      ] GC(421)   Other: 0.10ms
[2418.605s][info][gc,heap        ] GC(421) Eden regions: 1120->0(1118)
[2418.605s][info][gc,heap        ] GC(421) Survivor regions: 108->110(154)
[2418.605s][info][gc,heap        ] GC(421) Old regions: 470->502
[2418.605s][info][gc,heap        ] GC(421) Humongous regions: 80->80
[2418.605s][info][gc,metaspace   ] GC(421) Metaspace: 28971K(29312K)->28971K(29312K) NonClass: 24088K(24256K)->24088K(24256K) Class: 4883K(5056K)->4883K(5056K)
[2418.605s][info][gc             ] GC(421) Pause Young (Concurrent Start) (G1 Evacuation Pause) 3555M->1383M(4096M) 118.756ms
[2418.605s][info][gc             ] GC(422) Concurrent Mark Cycle
[2418.605s][info][gc,marking     ] GC(422) Concurrent Scan Root Regions
[2418.605s][info][gc,cpu         ] GC(421) User=0.71s Sys=0.00s Real=0.12s
[2418.787s][info][gc,marking     ] GC(422) Concurrent Scan Root Regions 182.570ms
[2418.788s][info][gc,marking     ] GC(422) Concurrent Mark
[2418.788s][info][gc,marking     ] GC(422) Concurrent Mark From Roots
[2418.788s][info][gc,task        ] GC(422) Using 2 workers of 2 for marking
.[2419.467s][info][gc,marking     ] GC(422) Concurrent Mark From Roots 679.647ms
[2419.467s][info][gc,marking     ] GC(422) Concurrent Preclean
[2419.467s][info][gc,marking     ] GC(422) Concurrent Preclean 0.058ms
[2419.467s][info][gc,start       ] GC(422) Pause Remark
[2419.470s][info][gc             ] GC(422) Pause Remark 1841M->1841M(4096M) 3.114ms
[2419.471s][info][gc,cpu         ] GC(422) User=0.02s Sys=0.00s Real=0.00s
[2419.471s][info][gc,marking     ] GC(422) Concurrent Mark 683.065ms
[2419.471s][info][gc,marking     ] GC(422) Concurrent Rebuild Remembered Sets and Scrub Regions
[2419.720s][info][gc,marking     ] GC(422) Concurrent Rebuild Remembered Sets and Scrub Regions 249.017ms
[2419.720s][info][gc,start       ] GC(422) Pause Cleanup
[2419.720s][info][gc             ] GC(422) Pause Cleanup 1984M->1984M(4096M) 0.131ms
[2419.720s][info][gc,cpu         ] GC(422) User=0.00s Sys=0.00s Real=0.00s
[2419.720s][info][gc,marking     ] GC(422) Concurrent Clear Claimed Marks
[2419.720s][info][gc,marking     ] GC(422) Concurrent Clear Claimed Marks 0.035ms
[2419.720s][info][gc,marking     ] GC(422) Concurrent Cleanup for Next Mark
[2419.724s][info][gc,marking     ] GC(422) Concurrent Cleanup for Next Mark 3.822ms
[2419.724s][info][gc             ] GC(422) Concurrent Mark Cycle 1119.466ms
....[2423.322s][info][gc,start       ] GC(423) Pause Young (Prepare Mixed) (G1 Evacuation Pause)
[2423.322s][info][gc,task        ] GC(423) Using 6 workers of 6 for evacuation
[2423.439s][info][gc,phases      ] GC(423)   Pre Evacuate Collection Set: 0.35ms
[2423.439s][info][gc,phases      ] GC(423)   Merge Heap Roots: 0.58ms
[2423.439s][info][gc,phases      ] GC(423)   Evacuate Collection Set: 115.91ms
[2423.439s][info][gc,phases      ] GC(423)   Post Evacuate Collection Set: 0.93ms
[2423.439s][info][gc,phases      ] GC(423)   Other: 0.09ms
[2423.439s][info][gc,heap        ] GC(423) Eden regions: 1118->0(1109)
[2423.439s][info][gc,heap        ] GC(423) Survivor regions: 110->111(154)
[2423.439s][info][gc,heap        ] GC(423) Old regions: 502->534
[2423.439s][info][gc,heap        ] GC(423) Humongous regions: 80->80
[2423.439s][info][gc,metaspace   ] GC(423) Metaspace: 28971K(29312K)->28971K(29312K) NonClass: 24088K(24256K)->24088K(24256K) Class: 4883K(5056K)->4883K(5056K)
[2423.440s][info][gc             ] GC(423) Pause Young (Prepare Mixed) (G1 Evacuation Pause) 3619M->1447M(4096M) 118.011ms
[2423.440s][info][gc,cpu         ] GC(423) User=0.71s Sys=0.00s Real=0.12s
.....[2428.161s][info][gc,start       ] GC(424) Pause Young (Mixed) (G1 Evacuation Pause)
[2428.161s][info][gc,task        ] GC(424) Using 6 workers of 6 for evacuation
[2428.295s][info][gc,phases      ] GC(424)   Pre Evacuate Collection Set: 0.41ms
[2428.295s][info][gc,phases      ] GC(424)   Merge Heap Roots: 0.79ms
[2428.295s][info][gc,phases      ] GC(424)   Evacuate Collection Set: 132.35ms
[2428.295s][info][gc,phases      ] GC(424)   Post Evacuate Collection Set: 0.94ms
[2428.295s][info][gc,phases      ] GC(424)   Other: 0.09ms
[2428.295s][info][gc,heap        ] GC(424) Eden regions: 1109->0(1121)
[2428.295s][info][gc,heap        ] GC(424) Survivor regions: 111->107(153)
[2428.295s][info][gc,heap        ] GC(424) Old regions: 534->471
[2428.295s][info][gc,heap        ] GC(424) Humongous regions: 80->80
[2428.295s][info][gc,metaspace   ] GC(424) Metaspace: 28971K(29312K)->28971K(29312K) NonClass: 24088K(24256K)->24088K(24256K) Class: 4883K(5056K)->4883K(5056K)
[2428.296s][info][gc             ] GC(424) Pause Young (Mixed) (G1 Evacuation Pause) 3665M->1315M(4096M) 134.701ms
[2428.296s][info][gc,cpu         ] GC(424) User=0.80s Sys=0.00s Real=0.14s
....[2432.999s][info][gc,start       ] GC(425) Pause Young (Concurrent Start) (G1 Evacuation Pause)
[2432.999s][info][gc,task        ] GC(425) Using 6 workers of 6 for evacuation
[2433.114s][info][gc,phases      ] GC(425)   Pre Evacuate Collection Set: 0.40ms
[2433.115s][info][gc,phases      ] GC(425)   Merge Heap Roots: 0.51ms
[2433.115s][info][gc,phases      ] GC(425)   Evacuate Collection Set: 113.30ms
[2433.115s][info][gc,phases      ] GC(425)   Post Evacuate Collection Set: 0.88ms
[2433.115s][info][gc,phases      ] GC(425)   Other: 0.11ms
[2433.115s][info][gc,heap        ] GC(425) Eden regions: 1121->0(1121)
[2433.115s][info][gc,heap        ] GC(425) Survivor regions: 107->107(154)
[2433.115s][info][gc,heap        ] GC(425) Old regions: 471->504
[2433.115s][info][gc,heap        ] GC(425) Humongous regions: 80->80
[2433.115s][info][gc,metaspace   ] GC(425) Metaspace: 28971K(29312K)->28971K(29312K) NonClass: 24088K(24256K)->24088K(24256K) Class: 4883K(5056K)->4883K(5056K)
[2433.115s][info][gc             ] GC(425) Pause Young (Concurrent Start) (G1 Evacuation Pause) 3557M->1379M(4096M) 115.335ms
[2433.115s][info][gc             ] GC(426) Concurrent Mark Cycle
[2433.115s][info][gc,marking     ] GC(426) Concurrent Scan Root Regions
[2433.115s][info][gc,cpu         ] GC(425) User=0.69s Sys=0.01s Real=0.12s
.[2433.292s][info][gc,marking     ] GC(426) Concurrent Scan Root Regions 177.849ms
[2433.293s][info][gc,marking     ] GC(426) Concurrent Mark
[2433.293s][info][gc,marking     ] GC(426) Concurrent Mark From Roots
[2433.293s][info][gc,task        ] GC(426) Using 2 workers of 2 for marking
.[2434.276s][info][gc,marking     ] GC(426) Concurrent Mark From Roots 983.585ms
[2434.276s][info][gc,marking     ] GC(426) Concurrent Preclean
[2434.276s][info][gc,marking     ] GC(426) Concurrent Preclean 0.056ms
[2434.276s][info][gc,start       ] GC(426) Pause Remark
[2434.280s][info][gc             ] GC(426) Pause Remark 1975M->1975M(4096M) 3.893ms
[2434.280s][info][gc,cpu         ] GC(426) User=0.03s Sys=0.00s Real=0.00s
[2434.280s][info][gc,marking     ] GC(426) Concurrent Mark 987.865ms
[2434.280s][info][gc,marking     ] GC(426) Concurrent Rebuild Remembered Sets and Scrub Regions
[2434.526s][info][gc,marking     ] GC(426) Concurrent Rebuild Remembered Sets and Scrub Regions 245.817ms
[2434.526s][info][gc,start       ] GC(426) Pause Cleanup
[2434.526s][info][gc             ] GC(426) Pause Cleanup 2090M->2090M(4096M) 0.114ms
[2434.526s][info][gc,cpu         ] GC(426) User=0.00s Sys=0.00s Real=0.00s
[2434.527s][info][gc,marking     ] GC(426) Concurrent Clear Claimed Marks
[2434.527s][info][gc,marking     ] GC(426) Concurrent Clear Claimed Marks 0.033ms
[2434.527s][info][gc,marking     ] GC(426) Concurrent Cleanup for Next Mark
[2434.531s][info][gc,marking     ] GC(426) Concurrent Cleanup for Next Mark 4.490ms
[2434.531s][info][gc             ] GC(426) Concurrent Mark Cycle 1416.533ms
...[2437.904s][info][gc,start       ] GC(427) Pause Young (Prepare Mixed) (G1 Evacuation Pause)
[2437.904s][info][gc,task        ] GC(427) Using 6 workers of 6 for evacuation
[2438.021s][info][gc,phases      ] GC(427)   Pre Evacuate Collection Set: 0.34ms
[2438.021s][info][gc,phases      ] GC(427)   Merge Heap Roots: 0.51ms
[2438.021s][info][gc,phases      ] GC(427)   Evacuate Collection Set: 114.88ms
[2438.021s][info][gc,phases      ] GC(427)   Post Evacuate Collection Set: 0.95ms
[2438.021s][info][gc,phases      ] GC(427)   Other: 0.10ms
[2438.021s][info][gc,heap        ] GC(427) Eden regions: 1121->0(1112)
[2438.021s][info][gc,heap        ] GC(427) Survivor regions: 107->109(154)
[2438.021s][info][gc,heap        ] GC(427) Old regions: 504->535
[2438.021s][info][gc,heap        ] GC(427) Humongous regions: 80->80
[2438.021s][info][gc,metaspace   ] GC(427) Metaspace: 28971K(29312K)->28971K(29312K) NonClass: 24088K(24256K)->24088K(24256K) Class: 4883K(5056K)->4883K(5056K)
[2438.021s][info][gc             ] GC(427) Pause Young (Prepare Mixed) (G1 Evacuation Pause) 3621M->1447M(4096M) 116.921ms
[2438.021s][info][gc,cpu         ] GC(427) User=0.69s Sys=0.00s Real=0.11s
.....[2442.744s][info][gc,start       ] GC(428) Pause Young (Mixed) (G1 Evacuation Pause)
[2442.744s][info][gc,task        ] GC(428) Using 6 workers of 6 for evacuation
[2442.880s][info][gc,phases      ] GC(428)   Pre Evacuate Collection Set: 0.38ms
[2442.880s][info][gc,phases      ] GC(428)   Merge Heap Roots: 0.68ms
[2442.880s][info][gc,phases      ] GC(428)   Evacuate Collection Set: 133.62ms
[2442.880s][info][gc,phases      ] GC(428)   Post Evacuate Collection Set: 0.96ms
[2442.880s][info][gc,phases      ] GC(428)   Other: 0.09ms
[2442.880s][info][gc,heap        ] GC(428) Eden regions: 1112->0(1116)
[2442.880s][info][gc,heap        ] GC(428) Survivor regions: 109->112(153)
[2442.880s][info][gc,heap        ] GC(428) Old regions: 535->472
[2442.880s][info][gc,heap        ] GC(428) Humongous regions: 80->80
[2442.880s][info][gc,metaspace   ] GC(428) Metaspace: 28971K(29312K)->28971K(29312K) NonClass: 24088K(24256K)->24088K(24256K) Class: 4883K(5056K)->4883K(5056K)
[2442.880s][info][gc             ] GC(428) Pause Young (Mixed) (G1 Evacuation Pause) 3671M->1326M(4096M) 135.865ms
[2442.880s][info][gc,cpu         ] GC(428) User=0.80s Sys=0.00s Real=0.13s
.....[2447.535s][info][gc,start       ] GC(429) Pause Young (Concurrent Start) (G1 Evacuation Pause)
[2447.535s][info][gc,task        ] GC(429) Using 6 workers of 6 for evacuation
[2447.652s][info][gc,phases      ] GC(429)   Pre Evacuate Collection Set: 0.38ms
[2447.652s][info][gc,phases      ] GC(429)   Merge Heap Roots: 0.49ms
[2447.652s][info][gc,phases      ] GC(429)   Evacuate Collection Set: 115.56ms
[2447.652s][info][gc,phases      ] GC(429)   Post Evacuate Collection Set: 0.89ms
[2447.652s][info][gc,phases      ] GC(429)   Other: 0.10ms
[2447.652s][info][gc,heap        ] GC(429) Eden regions: 1116->0(1121)
[2447.652s][info][gc,heap        ] GC(429) Survivor regions: 112->107(154)
[2447.652s][info][gc,heap        ] GC(429) Old regions: 472->505
[2447.652s][info][gc,heap        ] GC(429) Humongous regions: 80->80
[2447.652s][info][gc,metaspace   ] GC(429) Metaspace: 28971K(29312K)->28971K(29312K) NonClass: 24088K(24256K)->24088K(24256K) Class: 4883K(5056K)->4883K(5056K)
[2447.652s][info][gc             ] GC(429) Pause Young (Concurrent Start) (G1 Evacuation Pause) 3558M->1383M(4096M) 117.553ms
[2447.652s][info][gc             ] GC(430) Concurrent Mark Cycle
[2447.652s][info][gc,marking     ] GC(430) Concurrent Scan Root Regions
[2447.652s][info][gc,cpu         ] GC(429) User=0.70s Sys=0.00s Real=0.12s
[2447.818s][info][gc,marking     ] GC(430) Concurrent Scan Root Regions 166.190ms
[2447.818s][info][gc,marking     ] GC(430) Concurrent Mark
[2447.818s][info][gc,marking     ] GC(430) Concurrent Mark From Roots
[2447.818s][info][gc,task        ] GC(430) Using 2 workers of 2 for marking
.[2448.434s][info][gc,marking     ] GC(430) Concurrent Mark From Roots 615.376ms
[2448.434s][info][gc,marking     ] GC(430) Concurrent Preclean
[2448.434s][info][gc,marking     ] GC(430) Concurrent Preclean 0.044ms
[2448.434s][info][gc,start       ] GC(430) Pause Remark
[2448.437s][info][gc             ] GC(430) Pause Remark 1764M->1764M(4096M) 3.371ms
[2448.437s][info][gc,cpu         ] GC(430) User=0.02s Sys=0.00s Real=0.00s
[2448.437s][info][gc,marking     ] GC(430) Concurrent Mark 619.051ms
[2448.437s][info][gc,marking     ] GC(430) Concurrent Rebuild Remembered Sets and Scrub Regions
[2448.670s][info][gc,marking     ] GC(430) Concurrent Rebuild Remembered Sets and Scrub Regions 232.846ms
[2448.670s][info][gc,start       ] GC(430) Pause Cleanup
[2448.671s][info][gc             ] GC(430) Pause Cleanup 1896M->1896M(4096M) 0.123ms
[2448.671s][info][gc,cpu         ] GC(430) User=0.00s Sys=0.00s Real=0.00s
[2448.671s][info][gc,marking     ] GC(430) Concurrent Clear Claimed Marks
[2448.671s][info][gc,marking     ] GC(430) Concurrent Clear Claimed Marks 0.027ms
[2448.671s][info][gc,marking     ] GC(430) Concurrent Cleanup for Next Mark
[2448.674s][info][gc,marking     ] GC(430) Concurrent Cleanup for Next Mark 3.405ms
[2448.674s][info][gc             ] GC(430) Concurrent Mark Cycle 1021.973ms
....[2452.441s][info][gc,start       ] GC(431) Pause Young (Prepare Mixed) (G1 Evacuation Pause)
[2452.441s][info][gc,task        ] GC(431) Using 6 workers of 6 for evacuation
[2452.558s][info][gc,phases      ] GC(431)   Pre Evacuate Collection Set: 0.35ms
[2452.558s][info][gc,phases      ] GC(431)   Merge Heap Roots: 0.53ms
[2452.558s][info][gc,phases      ] GC(431)   Evacuate Collection Set: 114.52ms
[2452.558s][info][gc,phases      ] GC(431)   Post Evacuate Collection Set: 0.92ms
[2452.558s][info][gc,phases      ] GC(431)   Other: 0.09ms
[2452.558s][info][gc,heap        ] GC(431) Eden regions: 1121->0(1112)
[2452.558s][info][gc,heap        ] GC(431) Survivor regions: 107->108(154)
[2452.558s][info][gc,heap        ] GC(431) Old regions: 505->537
[2452.558s][info][gc,heap        ] GC(431) Humongous regions: 80->80
[2452.558s][info][gc,metaspace   ] GC(431) Metaspace: 28971K(29312K)->28971K(29312K) NonClass: 24088K(24256K)->24088K(24256K) Class: 4883K(5056K)->4883K(5056K)
[2452.558s][info][gc             ] GC(431) Pause Young (Prepare Mixed) (G1 Evacuation Pause) 3625M->1448M(4096M) 116.561ms
[2452.558s][info][gc,cpu         ] GC(431) User=0.69s Sys=0.00s Real=0.12s
.....[2457.238s][info][gc,start       ] GC(432) Pause Young (Mixed) (G1 Evacuation Pause)
[2457.238s][info][gc,task        ] GC(432) Using 6 workers of 6 for evacuation
[2457.371s][info][gc,phases      ] GC(432)   Pre Evacuate Collection Set: 0.41ms
[2457.371s][info][gc,phases      ] GC(432)   Merge Heap Roots: 0.70ms
[2457.371s][info][gc,phases      ] GC(432)   Evacuate Collection Set: 131.24ms
[2457.371s][info][gc,phases      ] GC(432)   Post Evacuate Collection Set: 0.83ms
[2457.371s][info][gc,phases      ] GC(432)   Other: 0.10ms
[2457.371s][info][gc,heap        ] GC(432) Eden regions: 1112->0(1118)
[2457.371s][info][gc,heap        ] GC(432) Survivor regions: 108->110(153)
[2457.371s][info][gc,heap        ] GC(432) Old regions: 537->473
[2457.371s][info][gc,heap        ] GC(432) Humongous regions: 80->80
[2457.371s][info][gc,metaspace   ] GC(432) Metaspace: 28971K(29312K)->28971K(29312K) NonClass: 24088K(24256K)->24088K(24256K) Class: 4883K(5056K)->4883K(5056K)
[2457.371s][info][gc             ] GC(432) Pause Young (Mixed) (G1 Evacuation Pause) 3672M->1324M(4096M) 133.407ms
[2457.371s][info][gc,cpu         ] GC(432) User=0.80s Sys=0.00s Real=0.13s
....[2462.077s][info][gc,start       ] GC(433) Pause Young (Concurrent Start) (G1 Evacuation Pause)
[2462.077s][info][gc,task        ] GC(433) Using 6 workers of 6 for evacuation
[2462.192s][info][gc,phases      ] GC(433)   Pre Evacuate Collection Set: 0.41ms
[2462.192s][info][gc,phases      ] GC(433)   Merge Heap Roots: 0.58ms
[2462.192s][info][gc,phases      ] GC(433)   Evacuate Collection Set: 113.32ms
[2462.192s][info][gc,phases      ] GC(433)   Post Evacuate Collection Set: 0.88ms
[2462.192s][info][gc,phases      ] GC(433)   Other: 0.13ms
[2462.192s][info][gc,heap        ] GC(433) Eden regions: 1118->0(1122)
[2462.192s][info][gc,heap        ] GC(433) Survivor regions: 110->106(154)
[2462.192s][info][gc,heap        ] GC(433) Old regions: 473->505
[2462.192s][info][gc,heap        ] GC(433) Humongous regions: 80->80
[2462.192s][info][gc,metaspace   ] GC(433) Metaspace: 28971K(29312K)->28971K(29312K) NonClass: 24088K(24256K)->24088K(24256K) Class: 4883K(5056K)->4883K(5056K)
[2462.192s][info][gc             ] GC(433) Pause Young (Concurrent Start) (G1 Evacuation Pause) 3560M->1381M(4096M) 115.456ms
[2462.192s][info][gc             ] GC(434) Concurrent Mark Cycle
[2462.192s][info][gc,marking     ] GC(434) Concurrent Scan Root Regions
[2462.192s][info][gc,cpu         ] GC(433) User=0.69s Sys=0.00s Real=0.12s
.[2462.316s][info][gc,marking     ] GC(434) Concurrent Scan Root Regions 123.621ms
[2462.316s][info][gc,marking     ] GC(434) Concurrent Mark
[2462.316s][info][gc,marking     ] GC(434) Concurrent Mark From Roots
[2462.316s][info][gc,task        ] GC(434) Using 2 workers of 2 for marking
[2462.933s][info][gc,marking     ] GC(434) Concurrent Mark From Roots 617.574ms
[2462.933s][info][gc,marking     ] GC(434) Concurrent Preclean
[2462.933s][info][gc,marking     ] GC(434) Concurrent Preclean 0.045ms
[2462.933s][info][gc,start       ] GC(434) Pause Remark
[2462.937s][info][gc             ] GC(434) Pause Remark 1734M->1734M(4096M) 3.808ms
[2462.937s][info][gc,cpu         ] GC(434) User=0.02s Sys=0.00s Real=0.00s
[2462.937s][info][gc,marking     ] GC(434) Concurrent Mark 621.666ms
[2462.937s][info][gc,marking     ] GC(434) Concurrent Rebuild Remembered Sets and Scrub Regions
[2463.199s][info][gc,marking     ] GC(434) Concurrent Rebuild Remembered Sets and Scrub Regions 261.402ms
[2463.199s][info][gc,start       ] GC(434) Pause Cleanup
[2463.199s][info][gc             ] GC(434) Pause Cleanup 1905M->1905M(4096M) 0.127ms
[2463.199s][info][gc,cpu         ] GC(434) User=0.00s Sys=0.00s Real=0.00s
[2463.199s][info][gc,marking     ] GC(434) Concurrent Clear Claimed Marks
[2463.199s][info][gc,marking     ] GC(434) Concurrent Clear Claimed Marks 0.034ms
[2463.199s][info][gc,marking     ] GC(434) Concurrent Cleanup for Next Mark
[2463.203s][info][gc,marking     ] GC(434) Concurrent Cleanup for Next Mark 3.344ms
[2463.203s][info][gc             ] GC(434) Concurrent Mark Cycle 1010.541ms
....[2467.010s][info][gc,start       ] GC(435) Pause Young (Prepare Mixed) (G1 Evacuation Pause)
[2467.010s][info][gc,task        ] GC(435) Using 6 workers of 6 for evacuation
[2467.129s][info][gc,phases      ] GC(435)   Pre Evacuate Collection Set: 0.33ms
[2467.129s][info][gc,phases      ] GC(435)   Merge Heap Roots: 0.59ms
[2467.129s][info][gc,phases      ] GC(435)   Evacuate Collection Set: 117.31ms
[2467.129s][info][gc,phases      ] GC(435)   Post Evacuate Collection Set: 0.92ms
[2467.129s][info][gc,phases      ] GC(435)   Other: 0.08ms
[2467.129s][info][gc,heap        ] GC(435) Eden regions: 1122->0(1109)
[2467.129s][info][gc,heap        ] GC(435) Survivor regions: 106->110(154)
[2467.129s][info][gc,heap        ] GC(435) Old regions: 505->536
[2467.129s][info][gc,heap        ] GC(435) Humongous regions: 80->80
[2467.129s][info][gc,metaspace   ] GC(435) Metaspace: 28971K(29312K)->28971K(29312K) NonClass: 24088K(24256K)->24088K(24256K) Class: 4883K(5056K)->4883K(5056K)
[2467.129s][info][gc             ] GC(435) Pause Young (Prepare Mixed) (G1 Evacuation Pause) 3625M->1450M(4096M) 119.353ms
[2467.129s][info][gc,cpu         ] GC(435) User=0.71s Sys=0.00s Real=0.12s
.....[2471.811s][info][gc,start       ] GC(436) Pause Young (Mixed) (G1 Evacuation Pause)
[2471.811s][info][gc,task        ] GC(436) Using 6 workers of 6 for evacuation
[2471.943s][info][gc,phases      ] GC(436)   Pre Evacuate Collection Set: 0.43ms
[2471.943s][info][gc,phases      ] GC(436)   Merge Heap Roots: 0.70ms
[2471.943s][info][gc,phases      ] GC(436)   Evacuate Collection Set: 130.18ms
[2471.943s][info][gc,phases      ] GC(436)   Post Evacuate Collection Set: 0.97ms
[2471.943s][info][gc,phases      ] GC(436)   Other: 0.09ms
[2471.943s][info][gc,heap        ] GC(436) Eden regions: 1109->0(1118)
[2471.943s][info][gc,heap        ] GC(436) Survivor regions: 110->110(153)
[2471.943s][info][gc,heap        ] GC(436) Old regions: 536->471
[2471.943s][info][gc,heap        ] GC(436) Humongous regions: 80->80
[2471.943s][info][gc,metaspace   ] GC(436) Metaspace: 28971K(29312K)->28971K(29312K) NonClass: 24088K(24256K)->24088K(24256K) Class: 4883K(5056K)->4883K(5056K)
[2471.943s][info][gc             ] GC(436) Pause Young (Mixed) (G1 Evacuation Pause) 3668M->1319M(4096M) 132.505ms
[2471.943s][info][gc,cpu         ] GC(436) User=0.79s Sys=0.00s Real=0.14s
.....[2476.744s][info][gc,start       ] GC(437) Pause Young (Concurrent Start) (G1 Evacuation Pause)
[2476.744s][info][gc,task        ] GC(437) Using 6 workers of 6 for evacuation
[2476.862s][info][gc,phases      ] GC(437)   Pre Evacuate Collection Set: 0.41ms
[2476.862s][info][gc,phases      ] GC(437)   Merge Heap Roots: 0.50ms
[2476.862s][info][gc,phases      ] GC(437)   Evacuate Collection Set: 116.34ms
[2476.862s][info][gc,phases      ] GC(437)   Post Evacuate Collection Set: 0.87ms
[2476.862s][info][gc,phases      ] GC(437)   Other: 0.13ms
[2476.862s][info][gc,heap        ] GC(437) Eden regions: 1118->0(1118)
[2476.862s][info][gc,heap        ] GC(437) Survivor regions: 110->110(154)
[2476.862s][info][gc,heap        ] GC(437) Old regions: 471->504
[2476.862s][info][gc,heap        ] GC(437) Humongous regions: 80->80
[2476.862s][info][gc,metaspace   ] GC(437) Metaspace: 28971K(29312K)->28971K(29312K) NonClass: 24088K(24256K)->24088K(24256K) Class: 4883K(5056K)->4883K(5056K)
[2476.863s][info][gc             ] GC(437) Pause Young (Concurrent Start) (G1 Evacuation Pause) 3555M->1385M(4096M) 118.397ms
[2476.863s][info][gc             ] GC(438) Concurrent Mark Cycle
[2476.863s][info][gc,marking     ] GC(438) Concurrent Scan Root Regions
[2476.863s][info][gc,cpu         ] GC(437) User=0.71s Sys=0.00s Real=0.12s
[2477.000s][info][gc,marking     ] GC(438) Concurrent Scan Root Regions 137.530ms
[2477.000s][info][gc,marking     ] GC(438) Concurrent Mark
[2477.000s][info][gc,marking     ] GC(438) Concurrent Mark From Roots
[2477.000s][info][gc,task        ] GC(438) Using 2 workers of 2 for marking
.[2477.626s][info][gc,marking     ] GC(438) Concurrent Mark From Roots 625.365ms
[2477.626s][info][gc,marking     ] GC(438) Concurrent Preclean
[2477.626s][info][gc,marking     ] GC(438) Concurrent Preclean 0.048ms
[2477.626s][info][gc,start       ] GC(438) Pause Remark
[2477.629s][info][gc             ] GC(438) Pause Remark 1830M->1830M(4096M) 3.400ms
[2477.629s][info][gc,cpu         ] GC(438) User=0.02s Sys=0.00s Real=0.00s
[2477.629s][info][gc,marking     ] GC(438) Concurrent Mark 629.061ms
[2477.629s][info][gc,marking     ] GC(438) Concurrent Rebuild Remembered Sets and Scrub Regions
[2477.855s][info][gc,marking     ] GC(438) Concurrent Rebuild Remembered Sets and Scrub Regions 226.170ms
[2477.856s][info][gc,start       ] GC(438) Pause Cleanup
[2477.856s][info][gc             ] GC(438) Pause Cleanup 1937M->1937M(4096M) 0.131ms
[2477.856s][info][gc,cpu         ] GC(438) User=0.00s Sys=0.00s Real=0.00s
[2477.856s][info][gc,marking     ] GC(438) Concurrent Clear Claimed Marks
[2477.856s][info][gc,marking     ] GC(438) Concurrent Clear Claimed Marks 0.047ms
[2477.856s][info][gc,marking     ] GC(438) Concurrent Cleanup for Next Mark
[2477.860s][info][gc,marking     ] GC(438) Concurrent Cleanup for Next Mark 3.865ms
[2477.860s][info][gc             ] GC(438) Concurrent Mark Cycle 997.131ms
. (rIR:aIR:PR = 3874:3874:3874) (tPR = 57642) [OK] 
  2477s: Performance info:
         Transaction,    Success,    Partial,     Failed,   Receipts, AvgBarcode, 
             Overall,     232791,          0,          0,     221167,      59.48, 
         Response times:
             Request,    Success,    Partial,     Failed,   SkipFail,     Probes,    Samples,      min,      p50,      p90,      p95,      p99,      max, 
       TotalPurchase,     221167,          0,          0,          0,     217081,     243251,      300,     3100,     5600,     8600,    41000,   236000,
     InStorePurchase,     116367,          0,          0,          0,     114916,     128388,      300,     3000,     5500,     8400,    42000,   192000,
      OnlinePurchase,      81513,          0,          0,          0,      79684,      89269,      300,     3200,     5700,     8700,    40000,   179000,
        InstPurchase,      23287,          0,          0,          0,      22481,      25594,      400,     3400,     5700,     8800,    43000,   236000,
          AssocOfCat,        234,          0,          0,          0,        164,        244,    23000,    30000,    43500,    56000,    83500,   111000,
      AssocOfProduct,       2318,          0,          0,          0,       2145,       2633,      500,     3700,     6300,     9130,    45660,   138000,
      BusinessReport,        580,          0,          0,          0,        475,        640,    24000,    33000,    51000,    67000,   176310,   197000,
          CustBuyBeh,       2324,          0,          0,          0,       2152,       2587,      100,     1900,     5100,     6900,    39120,   170000,
       ProductReturn,       6168,          0,          0,          0,       5840,       6755,      200,     2500,     4900,     7620,    37000,   142000,

  2477s: (29%)   IR =   4013 ...[2481.494s][info][gc,start       ] GC(439) Pause Young (Prepare Mixed) (G1 Evacuation Pause)
[2481.494s][info][gc,task        ] GC(439) Using 6 workers of 6 for evacuation
[2481.612s][info][gc,phases      ] GC(439)   Pre Evacuate Collection Set: 0.34ms
[2481.612s][info][gc,phases      ] GC(439)   Merge Heap Roots: 0.65ms
[2481.612s][info][gc,phases      ] GC(439)   Evacuate Collection Set: 115.28ms
[2481.612s][info][gc,phases      ] GC(439)   Post Evacuate Collection Set: 0.94ms
[2481.612s][info][gc,phases      ] GC(439)   Other: 0.10ms
[2481.612s][info][gc,heap        ] GC(439) Eden regions: 1118->0(1112)
[2481.612s][info][gc,heap        ] GC(439) Survivor regions: 110->109(154)
[2481.612s][info][gc,heap        ] GC(439) Old regions: 504->535
[2481.612s][info][gc,heap        ] GC(439) Humongous regions: 80->80
[2481.612s][info][gc,metaspace   ] GC(439) Metaspace: 28971K(29312K)->28971K(29312K) NonClass: 24088K(24256K)->24088K(24256K) Class: 4883K(5056K)->4883K(5056K)
[2481.612s][info][gc             ] GC(439) Pause Young (Prepare Mixed) (G1 Evacuation Pause) 3621M->1447M(4096M) 117.471ms
[2481.612s][info][gc,cpu         ] GC(439) User=0.70s Sys=0.00s Real=0.12s
..|..[2486.091s][info][gc,start       ] GC(440) Pause Young (Mixed) (G1 Evacuation Pause)
[2486.091s][info][gc,task        ] GC(440) Using 6 workers of 6 for evacuation
[2486.222s][info][gc,phases      ] GC(440)   Pre Evacuate Collection Set: 0.40ms
[2486.222s][info][gc,phases      ] GC(440)   Merge Heap Roots: 0.74ms
[2486.222s][info][gc,phases      ] GC(440)   Evacuate Collection Set: 129.31ms
[2486.222s][info][gc,phases      ] GC(440)   Post Evacuate Collection Set: 0.98ms
[2486.222s][info][gc,phases      ] GC(440)   Other: 0.09ms
[2486.222s][info][gc,heap        ] GC(440) Eden regions: 1112->0(1121)
[2486.222s][info][gc,heap        ] GC(440) Survivor regions: 109->107(153)
[2486.222s][info][gc,heap        ] GC(440) Old regions: 535->473
[2486.222s][info][gc,heap        ] GC(440) Humongous regions: 80->80
[2486.222s][info][gc,metaspace   ] GC(440) Metaspace: 28971K(29312K)->28971K(29312K) NonClass: 24088K(24256K)->24088K(24256K) Class: 4883K(5056K)->4883K(5056K)
[2486.222s][info][gc             ] GC(440) Pause Young (Mixed) (G1 Evacuation Pause) 3671M->1318M(4096M) 131.688ms
[2486.222s][info][gc,cpu         ] GC(440) User=0.78s Sys=0.00s Real=0.14s
.....[2490.734s][info][gc,start       ] GC(441) Pause Young (Concurrent Start) (G1 Evacuation Pause)
[2490.734s][info][gc,task        ] GC(441) Using 6 workers of 6 for evacuation
[2490.849s][info][gc,phases      ] GC(441)   Pre Evacuate Collection Set: 0.38ms
[2490.849s][info][gc,phases      ] GC(441)   Merge Heap Roots: 0.50ms
[2490.849s][info][gc,phases      ] GC(441)   Evacuate Collection Set: 113.21ms
[2490.849s][info][gc,phases      ] GC(441)   Post Evacuate Collection Set: 0.90ms
[2490.849s][info][gc,phases      ] GC(441)   Other: 0.12ms
[2490.849s][info][gc,heap        ] GC(441) Eden regions: 1121->0(1120)
[2490.849s][info][gc,heap        ] GC(441) Survivor regions: 107->108(154)
[2490.849s][info][gc,heap        ] GC(441) Old regions: 473->505
[2490.849s][info][gc,heap        ] GC(441) Humongous regions: 80->80
[2490.849s][info][gc,metaspace   ] GC(441) Metaspace: 28971K(29312K)->28971K(29312K) NonClass: 24088K(24256K)->24088K(24256K) Class: 4883K(5056K)->4883K(5056K)
[2490.849s][info][gc             ] GC(441) Pause Young (Concurrent Start) (G1 Evacuation Pause) 3560M->1384M(4096M) 115.250ms
[2490.849s][info][gc             ] GC(442) Concurrent Mark Cycle
[2490.849s][info][gc,marking     ] GC(442) Concurrent Scan Root Regions
[2490.849s][info][gc,cpu         ] GC(441) User=0.69s Sys=0.00s Real=0.11s
[2490.991s][info][gc,marking     ] GC(442) Concurrent Scan Root Regions 142.078ms
[2490.991s][info][gc,marking     ] GC(442) Concurrent Mark
[2490.991s][info][gc,marking     ] GC(442) Concurrent Mark From Roots
[2490.991s][info][gc,task        ] GC(442) Using 2 workers of 2 for marking
.[2491.584s][info][gc,marking     ] GC(442) Concurrent Mark From Roots 592.071ms
[2491.584s][info][gc,marking     ] GC(442) Concurrent Preclean
[2491.584s][info][gc,marking     ] GC(442) Concurrent Preclean 0.068ms
[2491.584s][info][gc,start       ] GC(442) Pause Remark
[2491.587s][info][gc             ] GC(442) Pause Remark 1768M->1768M(4096M) 3.216ms
[2491.587s][info][gc,cpu         ] GC(442) User=0.02s Sys=0.00s Real=0.00s
[2491.587s][info][gc,marking     ] GC(442) Concurrent Mark 595.715ms
[2491.587s][info][gc,marking     ] GC(442) Concurrent Rebuild Remembered Sets and Scrub Regions
[2491.819s][info][gc,marking     ] GC(442) Concurrent Rebuild Remembered Sets and Scrub Regions 231.909ms
[2491.819s][info][gc,start       ] GC(442) Pause Cleanup
[2491.819s][info][gc             ] GC(442) Pause Cleanup 1889M->1889M(4096M) 0.126ms
[2491.819s][info][gc,cpu         ] GC(442) User=0.00s Sys=0.00s Real=0.00s
[2491.819s][info][gc,marking     ] GC(442) Concurrent Clear Claimed Marks
[2491.819s][info][gc,marking     ] GC(442) Concurrent Clear Claimed Marks 0.032ms
[2491.819s][info][gc,marking     ] GC(442) Concurrent Cleanup for Next Mark
[2491.823s][info][gc,marking     ] GC(442) Concurrent Cleanup for Next Mark 3.732ms
[2491.823s][info][gc             ] GC(442) Concurrent Mark Cycle 973.960ms
....[2495.420s][info][gc,start       ] GC(443) Pause Young (Prepare Mixed) (G1 Evacuation Pause)
[2495.420s][info][gc,task        ] GC(443) Using 6 workers of 6 for evacuation
[2495.536s][info][gc,phases      ] GC(443)   Pre Evacuate Collection Set: 0.36ms
[2495.536s][info][gc,phases      ] GC(443)   Merge Heap Roots: 0.56ms
[2495.536s][info][gc,phases      ] GC(443)   Evacuate Collection Set: 114.66ms
[2495.536s][info][gc,phases      ] GC(443)   Post Evacuate Collection Set: 0.95ms
[2495.536s][info][gc,phases      ] GC(443)   Other: 0.09ms
[2495.536s][info][gc,heap        ] GC(443) Eden regions: 1120->0(1111)
[2495.536s][info][gc,heap        ] GC(443) Survivor regions: 108->109(154)
[2495.536s][info][gc,heap        ] GC(443) Old regions: 505->536
[2495.536s][info][gc,heap        ] GC(443) Humongous regions: 80->80
[2495.536s][info][gc,metaspace   ] GC(443) Metaspace: 28971K(29312K)->28971K(29312K) NonClass: 24088K(24256K)->24088K(24256K) Class: 4883K(5056K)->4883K(5056K)
[2495.536s][info][gc             ] GC(443) Pause Young (Prepare Mixed) (G1 Evacuation Pause) 3624M->1447M(4096M) 116.742ms
[2495.536s][info][gc,cpu         ] GC(443) User=0.69s Sys=0.00s Real=0.12s
....[2500.136s][info][gc,start       ] GC(444) Pause Young (Mixed) (G1 Evacuation Pause)
[2500.136s][info][gc,task        ] GC(444) Using 6 workers of 6 for evacuation
[2500.265s][info][gc,phases      ] GC(444)   Pre Evacuate Collection Set: 0.44ms
[2500.265s][info][gc,phases      ] GC(444)   Merge Heap Roots: 0.68ms
[2500.265s][info][gc,phases      ] GC(444)   Evacuate Collection Set: 126.96ms
[2500.265s][info][gc,phases      ] GC(444)   Post Evacuate Collection Set: 0.96ms
[2500.265s][info][gc,phases      ] GC(444)   Other: 0.10ms
[2500.265s][info][gc,heap        ] GC(444) Eden regions: 1111->0(1121)
[2500.265s][info][gc,heap        ] GC(444) Survivor regions: 109->107(153)
[2500.265s][info][gc,heap        ] GC(444) Old regions: 536->472
[2500.265s][info][gc,heap        ] GC(444) Humongous regions: 80->80
[2500.265s][info][gc,metaspace   ] GC(444) Metaspace: 28971K(29312K)->28971K(29312K) NonClass: 24088K(24256K)->24088K(24256K) Class: 4883K(5056K)->4883K(5056K)
[2500.265s][info][gc             ] GC(444) Pause Young (Mixed) (G1 Evacuation Pause) 3669M->1316M(4096M) 129.266ms
[2500.265s][info][gc,cpu         ] GC(444) User=0.77s Sys=0.00s Real=0.13s
.....[2504.852s][info][gc,start       ] GC(445) Pause Young (Concurrent Start) (G1 Evacuation Pause)
[2504.852s][info][gc,task        ] GC(445) Using 6 workers of 6 for evacuation
[2504.969s][info][gc,phases      ] GC(445)   Pre Evacuate Collection Set: 0.41ms
[2504.969s][info][gc,phases      ] GC(445)   Merge Heap Roots: 0.50ms
[2504.969s][info][gc,phases      ] GC(445)   Evacuate Collection Set: 115.24ms
[2504.969s][info][gc,phases      ] GC(445)   Post Evacuate Collection Set: 0.87ms
[2504.969s][info][gc,phases      ] GC(445)   Other: 0.13ms
[2504.969s][info][gc,heap        ] GC(445) Eden regions: 1121->0(1118)
[2504.969s][info][gc,heap        ] GC(445) Survivor regions: 107->110(154)
[2504.969s][info][gc,heap        ] GC(445) Old regions: 472->503
[2504.969s][info][gc,heap        ] GC(445) Humongous regions: 80->80
[2504.969s][info][gc,metaspace   ] GC(445) Metaspace: 28971K(29312K)->28971K(29312K) NonClass: 24088K(24256K)->24088K(24256K) Class: 4883K(5056K)->4883K(5056K)
[2504.969s][info][gc             ] GC(445) Pause Young (Concurrent Start) (G1 Evacuation Pause) 3558M->1385M(4096M) 117.300ms
[2504.969s][info][gc             ] GC(446) Concurrent Mark Cycle
[2504.969s][info][gc,cpu         ] GC(445) User=0.69s Sys=0.00s Real=0.12s
[2504.969s][info][gc,marking     ] GC(446) Concurrent Scan Root Regions
[2505.084s][info][gc,marking     ] GC(446) Concurrent Scan Root Regions 115.579ms
[2505.085s][info][gc,marking     ] GC(446) Concurrent Mark
[2505.085s][info][gc,marking     ] GC(446) Concurrent Mark From Roots
[2505.085s][info][gc,task        ] GC(446) Using 2 workers of 2 for marking
.[2505.625s][info][gc,marking     ] GC(446) Concurrent Mark From Roots 540.568ms
[2505.625s][info][gc,marking     ] GC(446) Concurrent Preclean
[2505.625s][info][gc,marking     ] GC(446) Concurrent Preclean 0.045ms
[2505.625s][info][gc,start       ] GC(446) Pause Remark
[2505.628s][info][gc             ] GC(446) Pause Remark 1747M->1747M(4096M) 2.976ms
[2505.628s][info][gc,cpu         ] GC(446) User=0.02s Sys=0.00s Real=0.00s
[2505.628s][info][gc,marking     ] GC(446) Concurrent Mark 543.820ms
[2505.628s][info][gc,marking     ] GC(446) Concurrent Rebuild Remembered Sets and Scrub Regions
[2505.830s][info][gc,marking     ] GC(446) Concurrent Rebuild Remembered Sets and Scrub Regions 201.345ms
[2505.830s][info][gc,start       ] GC(446) Pause Cleanup
[2505.830s][info][gc             ] GC(446) Pause Cleanup 1843M->1843M(4096M) 0.121ms
[2505.830s][info][gc,cpu         ] GC(446) User=0.00s Sys=0.00s Real=0.00s
[2505.830s][info][gc,marking     ] GC(446) Concurrent Clear Claimed Marks
[2505.830s][info][gc,marking     ] GC(446) Concurrent Clear Claimed Marks 0.026ms
[2505.830s][info][gc,marking     ] GC(446) Concurrent Cleanup for Next Mark
[2505.834s][info][gc,marking     ] GC(446) Concurrent Cleanup for Next Mark 3.832ms
[2505.834s][info][gc             ] GC(446) Concurrent Mark Cycle 865.078ms
....[2509.592s][info][gc,start       ] GC(447) Pause Young (Prepare Mixed) (G1 Evacuation Pause)
[2509.592s][info][gc,task        ] GC(447) Using 6 workers of 6 for evacuation
[2509.709s][info][gc,phases      ] GC(447)   Pre Evacuate Collection Set: 0.39ms
[2509.709s][info][gc,phases      ] GC(447)   Merge Heap Roots: 0.53ms
[2509.709s][info][gc,phases      ] GC(447)   Evacuate Collection Set: 114.52ms
[2509.709s][info][gc,phases      ] GC(447)   Post Evacuate Collection Set: 0.91ms
[2509.709s][info][gc,phases      ] GC(447)   Other: 0.09ms
[2509.709s][info][gc,heap        ] GC(447) Eden regions: 1118->0(1111)
[2509.709s][info][gc,heap        ] GC(447) Survivor regions: 110->110(154)
[2509.709s][info][gc,heap        ] GC(447) Old regions: 503->534
[2509.709s][info][gc,heap        ] GC(447) Humongous regions: 80->80
[2509.709s][info][gc,metaspace   ] GC(447) Metaspace: 28971K(29312K)->28971K(29312K) NonClass: 24088K(24256K)->24088K(24256K) Class: 4883K(5056K)->4883K(5056K)
[2509.709s][info][gc             ] GC(447) Pause Young (Prepare Mixed) (G1 Evacuation Pause) 3621M->1446M(4096M) 116.565ms
[2509.709s][info][gc,cpu         ] GC(447) User=0.69s Sys=0.00s Real=0.11s
....[2514.234s][info][gc,start       ] GC(448) Pause Young (Mixed) (G1 Evacuation Pause)
[2514.234s][info][gc,task        ] GC(448) Using 6 workers of 6 for evacuation
[2514.363s][info][gc,phases      ] GC(448)   Pre Evacuate Collection Set: 0.41ms
[2514.363s][info][gc,phases      ] GC(448)   Merge Heap Roots: 0.64ms
[2514.363s][info][gc,phases      ] GC(448)   Evacuate Collection Set: 127.24ms
[2514.363s][info][gc,phases      ] GC(448)   Post Evacuate Collection Set: 0.98ms
[2514.363s][info][gc,phases      ] GC(448)   Other: 0.09ms
[2514.363s][info][gc,heap        ] GC(448) Eden regions: 1111->0(1120)
[2514.363s][info][gc,heap        ] GC(448) Survivor regions: 110->108(153)
[2514.363s][info][gc,heap        ] GC(448) Old regions: 534->469
[2514.363s][info][gc,heap        ] GC(448) Humongous regions: 80->80
[2514.363s][info][gc,metaspace   ] GC(448) Metaspace: 28971K(29312K)->28971K(29312K) NonClass: 24088K(24256K)->24088K(24256K) Class: 4883K(5056K)->4883K(5056K)
[2514.363s][info][gc             ] GC(448) Pause Young (Mixed) (G1 Evacuation Pause) 3668M->1313M(4096M) 129.505ms
[2514.363s][info][gc,cpu         ] GC(448) User=0.77s Sys=0.00s Real=0.13s
.....[2518.872s][info][gc,start       ] GC(449) Pause Young (Concurrent Start) (G1 Evacuation Pause)
[2518.872s][info][gc,task        ] GC(449) Using 6 workers of 6 for evacuation
[2518.991s][info][gc,phases      ] GC(449)   Pre Evacuate Collection Set: 0.41ms
[2518.991s][info][gc,phases      ] GC(449)   Merge Heap Roots: 0.50ms
[2518.991s][info][gc,phases      ] GC(449)   Evacuate Collection Set: 117.20ms
[2518.991s][info][gc,phases      ] GC(449)   Post Evacuate Collection Set: 0.88ms
[2518.991s][info][gc,phases      ] GC(449)   Other: 0.14ms
[2518.991s][info][gc,heap        ] GC(449) Eden regions: 1120->0(1117)
[2518.991s][info][gc,heap        ] GC(449) Survivor regions: 108->111(154)
[2518.991s][info][gc,heap        ] GC(449) Old regions: 469->502
[2518.991s][info][gc,heap        ] GC(449) Humongous regions: 80->80
[2518.991s][info][gc,metaspace   ] GC(449) Metaspace: 28971K(29312K)->28971K(29312K) NonClass: 24088K(24256K)->24088K(24256K) Class: 4883K(5056K)->4883K(5056K)
[2518.991s][info][gc             ] GC(449) Pause Young (Concurrent Start) (G1 Evacuation Pause) 3553M->1384M(4096M) 119.247ms
[2518.991s][info][gc             ] GC(450) Concurrent Mark Cycle
[2518.991s][info][gc,marking     ] GC(450) Concurrent Scan Root Regions
[2518.991s][info][gc,cpu         ] GC(449) User=0.71s Sys=0.00s Real=0.12s
[2519.168s][info][gc,marking     ] GC(450) Concurrent Scan Root Regions 177.363ms
[2519.168s][info][gc,marking     ] GC(450) Concurrent Mark
[2519.168s][info][gc,marking     ] GC(450) Concurrent Mark From Roots
[2519.168s][info][gc,task        ] GC(450) Using 2 workers of 2 for marking
.[2520.151s][info][gc,marking     ] GC(450) Concurrent Mark From Roots 982.270ms
[2520.151s][info][gc,marking     ] GC(450) Concurrent Preclean
[2520.151s][info][gc,marking     ] GC(450) Concurrent Preclean 0.050ms
[2520.151s][info][gc,start       ] GC(450) Pause Remark
[2520.154s][info][gc             ] GC(450) Pause Remark 1940M->1940M(4096M) 3.501ms
[2520.154s][info][gc,cpu         ] GC(450) User=0.02s Sys=0.00s Real=0.01s
[2520.154s][info][gc,marking     ] GC(450) Concurrent Mark 986.072ms
[2520.154s][info][gc,marking     ] GC(450) Concurrent Rebuild Remembered Sets and Scrub Regions
.[2520.512s][info][gc,marking     ] GC(450) Concurrent Rebuild Remembered Sets and Scrub Regions 357.582ms
[2520.512s][info][gc,start       ] GC(450) Pause Cleanup
[2520.512s][info][gc             ] GC(450) Pause Cleanup 2118M->2118M(4096M) 0.128ms
[2520.512s][info][gc,cpu         ] GC(450) User=0.00s Sys=0.00s Real=0.00s
[2520.512s][info][gc,marking     ] GC(450) Concurrent Clear Claimed Marks
[2520.512s][info][gc,marking     ] GC(450) Concurrent Clear Claimed Marks 0.031ms
[2520.512s][info][gc,marking     ] GC(450) Concurrent Cleanup for Next Mark
[2520.516s][info][gc,marking     ] GC(450) Concurrent Cleanup for Next Mark 3.385ms
[2520.516s][info][gc             ] GC(450) Concurrent Mark Cycle 1524.892ms
...[2523.556s][info][gc,start       ] GC(451) Pause Young (Prepare Mixed) (G1 Evacuation Pause)
[2523.556s][info][gc,task        ] GC(451) Using 6 workers of 6 for evacuation
[2523.674s][info][gc,phases      ] GC(451)   Pre Evacuate Collection Set: 0.34ms
[2523.674s][info][gc,phases      ] GC(451)   Merge Heap Roots: 0.54ms
[2523.674s][info][gc,phases      ] GC(451)   Evacuate Collection Set: 115.88ms
[2523.674s][info][gc,phases      ] GC(451)   Post Evacuate Collection Set: 0.94ms
[2523.674s][info][gc,phases      ] GC(451)   Other: 0.09ms
[2523.674s][info][gc,heap        ] GC(451) Eden regions: 1117->0(1114)
[2523.674s][info][gc,heap        ] GC(451) Survivor regions: 111->109(154)
[2523.674s][info][gc,heap        ] GC(451) Old regions: 502->533
[2523.674s][info][gc,heap        ] GC(451) Humongous regions: 80->80
[2523.674s][info][gc,metaspace   ] GC(451) Metaspace: 28971K(29312K)->28971K(29312K) NonClass: 24088K(24256K)->24088K(24256K) Class: 4883K(5056K)->4883K(5056K)
[2523.674s][info][gc             ] GC(451) Pause Young (Prepare Mixed) (G1 Evacuation Pause) 3618M->1442M(4096M) 117.924ms
[2523.674s][info][gc,cpu         ] GC(451) User=0.70s Sys=0.00s Real=0.12s
....[2528.234s][info][gc,start       ] GC(452) Pause Young (Mixed) (G1 Evacuation Pause)
[2528.234s][info][gc,task        ] GC(452) Using 6 workers of 6 for evacuation
[2528.369s][info][gc,phases      ] GC(452)   Pre Evacuate Collection Set: 0.40ms
[2528.369s][info][gc,phases      ] GC(452)   Merge Heap Roots: 0.77ms
[2528.369s][info][gc,phases      ] GC(452)   Evacuate Collection Set: 132.60ms
[2528.369s][info][gc,phases      ] GC(452)   Post Evacuate Collection Set: 0.96ms
[2528.369s][info][gc,phases      ] GC(452)   Other: 0.10ms
[2528.369s][info][gc,heap        ] GC(452) Eden regions: 1114->0(1121)
[2528.369s][info][gc,heap        ] GC(452) Survivor regions: 109->107(153)
[2528.369s][info][gc,heap        ] GC(452) Old regions: 533->472
[2528.369s][info][gc,heap        ] GC(452) Humongous regions: 80->80
[2528.369s][info][gc,metaspace   ] GC(452) Metaspace: 28971K(29312K)->28971K(29312K) NonClass: 24088K(24256K)->24088K(24256K) Class: 4883K(5056K)->4883K(5056K)
[2528.369s][info][gc             ] GC(452) Pause Young (Mixed) (G1 Evacuation Pause) 3670M->1316M(4096M) 134.960ms
[2528.369s][info][gc,cpu         ] GC(452) User=0.80s Sys=0.00s Real=0.13s
.....[2532.959s][info][gc,start       ] GC(453) Pause Young (Concurrent Start) (G1 Evacuation Pause)
[2532.959s][info][gc,task        ] GC(453) Using 6 workers of 6 for evacuation
[2533.082s][info][gc,phases      ] GC(453)   Pre Evacuate Collection Set: 0.39ms
[2533.082s][info][gc,phases      ] GC(453)   Merge Heap Roots: 0.47ms
[2533.082s][info][gc,phases      ] GC(453)   Evacuate Collection Set: 121.80ms
[2533.082s][info][gc,phases      ] GC(453)   Post Evacuate Collection Set: 0.80ms
[2533.082s][info][gc,phases      ] GC(453)   Other: 0.10ms
[2533.082s][info][gc,heap        ] GC(453) Eden regions: 1121->0(1114)
[2533.082s][info][gc,heap        ] GC(453) Survivor regions: 107->114(154)
[2533.082s][info][gc,heap        ] GC(453) Old regions: 472->504
[2533.082s][info][gc,heap        ] GC(453) Humongous regions: 80->80
[2533.082s][info][gc,metaspace   ] GC(453) Metaspace: 28971K(29312K)->28971K(29312K) NonClass: 24088K(24256K)->24088K(24256K) Class: 4883K(5056K)->4883K(5056K)
[2533.082s][info][gc             ] GC(453) Pause Young (Concurrent Start) (G1 Evacuation Pause) 3558M->1394M(4096M) 123.684ms
[2533.082s][info][gc             ] GC(454) Concurrent Mark Cycle
[2533.082s][info][gc,marking     ] GC(454) Concurrent Scan Root Regions
[2533.082s][info][gc,cpu         ] GC(453) User=0.73s Sys=0.00s Real=0.13s
[2533.255s][info][gc,marking     ] GC(454) Concurrent Scan Root Regions 172.568ms
[2533.255s][info][gc,marking     ] GC(454) Concurrent Mark
[2533.255s][info][gc,marking     ] GC(454) Concurrent Mark From Roots
[2533.255s][info][gc,task        ] GC(454) Using 2 workers of 2 for marking
.[2533.899s][info][gc,marking     ] GC(454) Concurrent Mark From Roots 644.159ms
[2533.899s][info][gc,marking     ] GC(454) Concurrent Preclean
[2533.899s][info][gc,marking     ] GC(454) Concurrent Preclean 0.049ms
[2533.899s][info][gc,start       ] GC(454) Pause Remark
[2533.902s][info][gc             ] GC(454) Pause Remark 1801M->1801M(4096M) 3.045ms
[2533.902s][info][gc,cpu         ] GC(454) User=0.02s Sys=0.00s Real=0.01s
[2533.902s][info][gc,marking     ] GC(454) Concurrent Mark 647.502ms
[2533.902s][info][gc,marking     ] GC(454) Concurrent Rebuild Remembered Sets and Scrub Regions
[2534.205s][info][gc,marking     ] GC(454) Concurrent Rebuild Remembered Sets and Scrub Regions 302.877ms
[2534.205s][info][gc,start       ] GC(454) Pause Cleanup
[2534.206s][info][gc             ] GC(454) Pause Cleanup 1946M->1946M(4096M) 0.127ms
[2534.206s][info][gc,cpu         ] GC(454) User=0.00s Sys=0.00s Real=0.00s
[2534.206s][info][gc,marking     ] GC(454) Concurrent Clear Claimed Marks
[2534.206s][info][gc,marking     ] GC(454) Concurrent Clear Claimed Marks 0.024ms
[2534.206s][info][gc,marking     ] GC(454) Concurrent Cleanup for Next Mark
[2534.209s][info][gc,marking     ] GC(454) Concurrent Cleanup for Next Mark 3.469ms
[2534.209s][info][gc             ] GC(454) Concurrent Mark Cycle 1126.845ms
....[2537.637s][info][gc,start       ] GC(455) Pause Young (Prepare Mixed) (G1 Evacuation Pause)
[2537.637s][info][gc,task        ] GC(455) Using 6 workers of 6 for evacuation
[2537.756s][info][gc,phases      ] GC(455)   Pre Evacuate Collection Set: 0.36ms
[2537.756s][info][gc,phases      ] GC(455)   Merge Heap Roots: 0.55ms
[2537.756s][info][gc,phases      ] GC(455)   Evacuate Collection Set: 116.39ms
[2537.756s][info][gc,phases      ] GC(455)   Post Evacuate Collection Set: 0.94ms
[2537.756s][info][gc,phases      ] GC(455)   Other: 0.10ms
[2537.756s][info][gc,heap        ] GC(455) Eden regions: 1114->0(1109)
[2537.756s][info][gc,heap        ] GC(455) Survivor regions: 114->110(154)
[2537.756s][info][gc,heap        ] GC(455) Old regions: 504->536
[2537.756s][info][gc,heap        ] GC(455) Humongous regions: 80->80
[2537.756s][info][gc,metaspace   ] GC(455) Metaspace: 28971K(29312K)->28971K(29312K) NonClass: 24088K(24256K)->24088K(24256K) Class: 4883K(5056K)->4883K(5056K)
[2537.756s][info][gc             ] GC(455) Pause Young (Prepare Mixed) (G1 Evacuation Pause) 3622M->1450M(4096M) 118.476ms
[2537.756s][info][gc,cpu         ] GC(455) User=0.71s Sys=0.00s Real=0.12s
....[2542.377s][info][gc,start       ] GC(456) Pause Young (Mixed) (G1 Evacuation Pause)
[2542.377s][info][gc,task        ] GC(456) Using 6 workers of 6 for evacuation
[2542.507s][info][gc,phases      ] GC(456)   Pre Evacuate Collection Set: 0.38ms
[2542.507s][info][gc,phases      ] GC(456)   Merge Heap Roots: 0.71ms
[2542.507s][info][gc,phases      ] GC(456)   Evacuate Collection Set: 128.40ms
[2542.507s][info][gc,phases      ] GC(456)   Post Evacuate Collection Set: 0.94ms
[2542.507s][info][gc,phases      ] GC(456)   Other: 0.09ms
[2542.507s][info][gc,heap        ] GC(456) Eden regions: 1109->0(1120)
[2542.507s][info][gc,heap        ] GC(456) Survivor regions: 110->108(153)
[2542.507s][info][gc,heap        ] GC(456) Old regions: 536->472
[2542.507s][info][gc,heap        ] GC(456) Humongous regions: 80->80
[2542.507s][info][gc,metaspace   ] GC(456) Metaspace: 28971K(29312K)->28971K(29312K) NonClass: 24088K(24256K)->24088K(24256K) Class: 4883K(5056K)->4883K(5056K)
[2542.507s][info][gc             ] GC(456) Pause Young (Mixed) (G1 Evacuation Pause) 3668M->1318M(4096M) 130.647ms
[2542.507s][info][gc,cpu         ] GC(456) User=0.78s Sys=0.00s Real=0.13s
.. (rIR:aIR:PR = 4013:4012:4012) (tPR = 59755) [OK] 
  2543s: Performance info:
         Transaction,    Success,    Partial,     Failed,   Receipts, AvgBarcode, 
             Overall,     241687,          0,          0,     229599,      59.48, 
         Response times:
             Request,    Success,    Partial,     Failed,   SkipFail,     Probes,    Samples,      min,      p50,      p90,      p95,      p99,      max, 
       TotalPurchase,     229599,          0,          0,          0,     225345,     244849,      300,     3200,     5700,     8000,    42000,   196000,
     InStorePurchase,     120817,          0,          0,          0,     118662,     128706,      300,     3200,     5600,     7900,    41000,   187000,
      OnlinePurchase,      84591,          0,          0,          0,      83204,      90343,      300,     3200,     5800,     8100,    43000,   196000,
        InstPurchase,      24191,          0,          0,          0,      23479,      25800,      400,     3300,     5600,     8100,    45000,   141000,
          AssocOfCat,        239,          0,          0,          0,        184,        252,    19800,    29000,    40700,    62350,   150350,   174000,
      AssocOfProduct,       2421,          0,          0,          0,       2192,       2547,      800,     4200,     6500,    10100,    40000,   138000,
      BusinessReport,        604,          0,          0,          0,        519,        649,    22000,    32000,    48000,    54000,   109000,   248000,
          CustBuyBeh,       2421,          0,          0,          0,       2241,       2567,      200,     3700,     6100,     8400,    42640,   136000,
       ProductReturn,       6403,          0,          0,          0,       6071,       6876,      200,     3100,     5600,     7500,    37230,   138000,

  2543s: (30%)   IR =   4151 ...[2546.953s][info][gc,start       ] GC(457) Pause Young (Concurrent Start) (G1 Evacuation Pause)
[2546.953s][info][gc,task        ] GC(457) Using 6 workers of 6 for evacuation
[2547.073s][info][gc,phases      ] GC(457)   Pre Evacuate Collection Set: 0.39ms
[2547.073s][info][gc,phases      ] GC(457)   Merge Heap Roots: 0.49ms
[2547.073s][info][gc,phases      ] GC(457)   Evacuate Collection Set: 117.40ms
[2547.073s][info][gc,phases      ] GC(457)   Post Evacuate Collection Set: 0.85ms
[2547.073s][info][gc,phases      ] GC(457)   Other: 0.11ms
[2547.073s][info][gc,heap        ] GC(457) Eden regions: 1120->0(1117)
[2547.073s][info][gc,heap        ] GC(457) Survivor regions: 108->111(154)
[2547.073s][info][gc,heap        ] GC(457) Old regions: 472->504
[2547.073s][info][gc,heap        ] GC(457) Humongous regions: 80->80
[2547.073s][info][gc,metaspace   ] GC(457) Metaspace: 28971K(29312K)->28971K(29312K) NonClass: 24088K(24256K)->24088K(24256K) Class: 4883K(5056K)->4883K(5056K)
[2547.073s][info][gc             ] GC(457) Pause Young (Concurrent Start) (G1 Evacuation Pause) 3558M->1387M(4096M) 119.409ms
[2547.073s][info][gc             ] GC(458) Concurrent Mark Cycle
[2547.073s][info][gc,marking     ] GC(458) Concurrent Scan Root Regions
[2547.073s][info][gc,cpu         ] GC(457) User=0.71s Sys=0.00s Real=0.12s
[2547.255s][info][gc,marking     ] GC(458) Concurrent Scan Root Regions 182.583ms
[2547.255s][info][gc,marking     ] GC(458) Concurrent Mark
[2547.255s][info][gc,marking     ] GC(458) Concurrent Mark From Roots
[2547.255s][info][gc,task        ] GC(458) Using 2 workers of 2 for marking
.[2548.239s][info][gc,marking     ] GC(458) Concurrent Mark From Roots 983.697ms
[2548.239s][info][gc,marking     ] GC(458) Concurrent Preclean
[2548.239s][info][gc,marking     ] GC(458) Concurrent Preclean 0.076ms
[2548.239s][info][gc,start       ] GC(458) Pause Remark
[2548.244s][info][gc             ] GC(458) Pause Remark 2046M->2046M(4096M) 4.352ms
[2548.244s][info][gc,cpu         ] GC(458) User=0.02s Sys=0.00s Real=0.01s
[2548.244s][info][gc,marking     ] GC(458) Concurrent Mark 988.424ms
[2548.244s][info][gc,marking     ] GC(458) Concurrent Rebuild Remembered Sets and Scrub Regions
[2548.515s][info][gc,marking     ] GC(458) Concurrent Rebuild Remembered Sets and Scrub Regions 271.143ms
[2548.515s][info][gc,start       ] GC(458) Pause Cleanup
[2548.515s][info][gc             ] GC(458) Pause Cleanup 2209M->2209M(4096M) 0.125ms
[2548.515s][info][gc,cpu         ] GC(458) User=0.00s Sys=0.00s Real=0.00s
[2548.515s][info][gc,marking     ] GC(458) Concurrent Clear Claimed Marks
[2548.515s][info][gc,marking     ] GC(458) Concurrent Clear Claimed Marks 0.030ms
[2548.515s][info][gc,marking     ] GC(458) Concurrent Cleanup for Next Mark
[2548.519s][info][gc,marking     ] GC(458) Concurrent Cleanup for Next Mark 3.255ms
[2548.519s][info][gc             ] GC(458) Concurrent Mark Cycle 1445.904ms
.|..[2551.424s][info][gc,start       ] GC(459) Pause Young (Prepare Mixed) (G1 Evacuation Pause)
[2551.424s][info][gc,task        ] GC(459) Using 6 workers of 6 for evacuation
[2551.541s][info][gc,phases      ] GC(459)   Pre Evacuate Collection Set: 0.35ms
[2551.541s][info][gc,phases      ] GC(459)   Merge Heap Roots: 0.56ms
[2551.541s][info][gc,phases      ] GC(459)   Evacuate Collection Set: 115.20ms
[2551.541s][info][gc,phases      ] GC(459)   Post Evacuate Collection Set: 0.92ms
[2551.541s][info][gc,phases      ] GC(459)   Other: 0.09ms
[2551.541s][info][gc,heap        ] GC(459) Eden regions: 1117->0(1113)
[2551.541s][info][gc,heap        ] GC(459) Survivor regions: 111->108(154)
[2551.541s][info][gc,heap        ] GC(459) Old regions: 504->536
[2551.541s][info][gc,heap        ] GC(459) Humongous regions: 80->80
[2551.541s][info][gc,metaspace   ] GC(459) Metaspace: 28971K(29312K)->28971K(29312K) NonClass: 24088K(24256K)->24088K(24256K) Class: 4883K(5056K)->4883K(5056K)
[2551.541s][info][gc             ] GC(459) Pause Young (Prepare Mixed) (G1 Evacuation Pause) 3621M->1446M(4096M) 117.239ms
[2551.541s][info][gc,cpu         ] GC(459) User=0.70s Sys=0.00s Real=0.11s
.....[2556.009s][info][gc,start       ] GC(460) Pause Young (Mixed) (G1 Evacuation Pause)
[2556.009s][info][gc,task        ] GC(460) Using 6 workers of 6 for evacuation
[2556.139s][info][gc,phases      ] GC(460)   Pre Evacuate Collection Set: 0.37ms
[2556.139s][info][gc,phases      ] GC(460)   Merge Heap Roots: 0.73ms
[2556.139s][info][gc,phases      ] GC(460)   Evacuate Collection Set: 128.02ms
[2556.139s][info][gc,phases      ] GC(460)   Post Evacuate Collection Set: 0.97ms
[2556.139s][info][gc,phases      ] GC(460)   Other: 0.09ms
[2556.139s][info][gc,heap        ] GC(460) Eden regions: 1113->0(1121)
[2556.139s][info][gc,heap        ] GC(460) Survivor regions: 108->107(153)
[2556.139s][info][gc,heap        ] GC(460) Old regions: 536->472
[2556.139s][info][gc,heap        ] GC(460) Humongous regions: 80->80
[2556.139s][info][gc,metaspace   ] GC(460) Metaspace: 28971K(29312K)->28971K(29312K) NonClass: 24088K(24256K)->24088K(24256K) Class: 4883K(5056K)->4883K(5056K)
[2556.139s][info][gc             ] GC(460) Pause Young (Mixed) (G1 Evacuation Pause) 3672M->1315M(4096M) 130.336ms
[2556.139s][info][gc,cpu         ] GC(460) User=0.78s Sys=0.00s Real=0.13s
....[2560.481s][info][gc,start       ] GC(461) Pause Young (Concurrent Start) (G1 Evacuation Pause)
[2560.481s][info][gc,task        ] GC(461) Using 6 workers of 6 for evacuation
[2560.597s][info][gc,phases      ] GC(461)   Pre Evacuate Collection Set: 0.38ms
[2560.597s][info][gc,phases      ] GC(461)   Merge Heap Roots: 0.49ms
[2560.597s][info][gc,phases      ] GC(461)   Evacuate Collection Set: 113.82ms
[2560.597s][info][gc,phases      ] GC(461)   Post Evacuate Collection Set: 0.90ms
[2560.597s][info][gc,phases      ] GC(461)   Other: 0.11ms
[2560.597s][info][gc,heap        ] GC(461) Eden regions: 1121->0(1119)
[2560.597s][info][gc,heap        ] GC(461) Survivor regions: 107->109(154)
[2560.597s][info][gc,heap        ] GC(461) Old regions: 472->504
[2560.597s][info][gc,heap        ] GC(461) Humongous regions: 80->80
[2560.597s][info][gc,metaspace   ] GC(461) Metaspace: 28971K(29312K)->28971K(29312K) NonClass: 24088K(24256K)->24088K(24256K) Class: 4883K(5056K)->4883K(5056K)
[2560.597s][info][gc             ] GC(461) Pause Young (Concurrent Start) (G1 Evacuation Pause) 3557M->1384M(4096M) 115.841ms
[2560.597s][info][gc             ] GC(462) Concurrent Mark Cycle
[2560.597s][info][gc,marking     ] GC(462) Concurrent Scan Root Regions
[2560.597s][info][gc,cpu         ] GC(461) User=0.69s Sys=0.00s Real=0.12s
.[2560.757s][info][gc,marking     ] GC(462) Concurrent Scan Root Regions 159.865ms
[2560.757s][info][gc,marking     ] GC(462) Concurrent Mark
[2560.757s][info][gc,marking     ] GC(462) Concurrent Mark From Roots
[2560.757s][info][gc,task        ] GC(462) Using 2 workers of 2 for marking
[2561.464s][info][gc,marking     ] GC(462) Concurrent Mark From Roots 706.849ms
[2561.464s][info][gc,marking     ] GC(462) Concurrent Preclean
[2561.464s][info][gc,marking     ] GC(462) Concurrent Preclean 0.064ms
[2561.464s][info][gc,start       ] GC(462) Pause Remark
[2561.468s][info][gc             ] GC(462) Pause Remark 1862M->1862M(4096M) 3.836ms
[2561.468s][info][gc,cpu         ] GC(462) User=0.02s Sys=0.00s Real=0.00s
[2561.468s][info][gc,marking     ] GC(462) Concurrent Mark 711.231ms
[2561.468s][info][gc,marking     ] GC(462) Concurrent Rebuild Remembered Sets and Scrub Regions
.[2561.704s][info][gc,marking     ] GC(462) Concurrent Rebuild Remembered Sets and Scrub Regions 235.751ms
[2561.704s][info][gc,start       ] GC(462) Pause Cleanup
[2561.704s][info][gc             ] GC(462) Pause Cleanup 1940M->1940M(4096M) 0.127ms
[2561.704s][info][gc,cpu         ] GC(462) User=0.00s Sys=0.00s Real=0.00s
[2561.704s][info][gc,marking     ] GC(462) Concurrent Clear Claimed Marks
[2561.704s][info][gc,marking     ] GC(462) Concurrent Clear Claimed Marks 0.031ms
[2561.704s][info][gc,marking     ] GC(462) Concurrent Cleanup for Next Mark
[2561.709s][info][gc,marking     ] GC(462) Concurrent Cleanup for Next Mark 4.535ms
[2561.709s][info][gc             ] GC(462) Concurrent Mark Cycle 1111.862ms
...[2565.079s][info][gc,start       ] GC(463) Pause Young (Prepare Mixed) (G1 Evacuation Pause)
[2565.079s][info][gc,task        ] GC(463) Using 6 workers of 6 for evacuation
[2565.195s][info][gc,phases      ] GC(463)   Pre Evacuate Collection Set: 0.32ms
[2565.195s][info][gc,phases      ] GC(463)   Merge Heap Roots: 0.54ms
[2565.195s][info][gc,phases      ] GC(463)   Evacuate Collection Set: 114.00ms
[2565.195s][info][gc,phases      ] GC(463)   Post Evacuate Collection Set: 0.91ms
[2565.195s][info][gc,phases      ] GC(463)   Other: 0.09ms
[2565.195s][info][gc,heap        ] GC(463) Eden regions: 1119->0(1116)
[2565.195s][info][gc,heap        ] GC(463) Survivor regions: 109->107(154)
[2565.195s][info][gc,heap        ] GC(463) Old regions: 504->535
[2565.195s][info][gc,heap        ] GC(463) Humongous regions: 80->80
[2565.195s][info][gc,metaspace   ] GC(463) Metaspace: 28971K(29312K)->28971K(29312K) NonClass: 24088K(24256K)->24088K(24256K) Class: 4883K(5056K)->4883K(5056K)
[2565.195s][info][gc             ] GC(463) Pause Young (Prepare Mixed) (G1 Evacuation Pause) 3622M->1443M(4096M) 116.010ms
[2565.195s][info][gc,cpu         ] GC(463) User=0.69s Sys=0.00s Real=0.12s
....[2569.576s][info][gc,start       ] GC(464) Pause Young (Mixed) (G1 Evacuation Pause)
[2569.576s][info][gc,task        ] GC(464) Using 6 workers of 6 for evacuation
[2569.709s][info][gc,phases      ] GC(464)   Pre Evacuate Collection Set: 0.37ms
[2569.709s][info][gc,phases      ] GC(464)   Merge Heap Roots: 0.73ms
[2569.709s][info][gc,phases      ] GC(464)   Evacuate Collection Set: 130.51ms
[2569.709s][info][gc,phases      ] GC(464)   Post Evacuate Collection Set: 0.93ms
[2569.709s][info][gc,phases      ] GC(464)   Other: 0.10ms
[2569.709s][info][gc,heap        ] GC(464) Eden regions: 1116->0(1120)
[2569.709s][info][gc,heap        ] GC(464) Survivor regions: 107->108(153)
[2569.709s][info][gc,heap        ] GC(464) Old regions: 535->471
[2569.709s][info][gc,heap        ] GC(464) Humongous regions: 80->80
[2569.709s][info][gc,metaspace   ] GC(464) Metaspace: 28971K(29312K)->28971K(29312K) NonClass: 24088K(24256K)->24088K(24256K) Class: 4883K(5056K)->4883K(5056K)
[2569.709s][info][gc             ] GC(464) Pause Young (Mixed) (G1 Evacuation Pause) 3675M->1317M(4096M) 132.791ms
[2569.709s][info][gc,cpu         ] GC(464) User=0.79s Sys=0.00s Real=0.13s
.....[2574.035s][info][gc,start       ] GC(465) Pause Young (Concurrent Start) (G1 Evacuation Pause)
[2574.035s][info][gc,task        ] GC(465) Using 6 workers of 6 for evacuation
[2574.149s][info][gc,phases      ] GC(465)   Pre Evacuate Collection Set: 0.38ms
[2574.149s][info][gc,phases      ] GC(465)   Merge Heap Roots: 0.49ms
[2574.149s][info][gc,phases      ] GC(465)   Evacuate Collection Set: 112.45ms
[2574.149s][info][gc,phases      ] GC(465)   Post Evacuate Collection Set: 0.90ms
[2574.149s][info][gc,phases      ] GC(465)   Other: 0.12ms
[2574.149s][info][gc,heap        ] GC(465) Eden regions: 1120->0(1122)
[2574.149s][info][gc,heap        ] GC(465) Survivor regions: 108->106(154)
[2574.149s][info][gc,heap        ] GC(465) Old regions: 471->503
[2574.149s][info][gc,heap        ] GC(465) Humongous regions: 80->80
[2574.149s][info][gc,metaspace   ] GC(465) Metaspace: 28971K(29312K)->28971K(29312K) NonClass: 24088K(24256K)->24088K(24256K) Class: 4883K(5056K)->4883K(5056K)
[2574.149s][info][gc             ] GC(465) Pause Young (Concurrent Start) (G1 Evacuation Pause) 3557M->1377M(4096M) 114.479ms
[2574.149s][info][gc             ] GC(466) Concurrent Mark Cycle
[2574.149s][info][gc,marking     ] GC(466) Concurrent Scan Root Regions
[2574.149s][info][gc,cpu         ] GC(465) User=0.68s Sys=0.00s Real=0.11s
[2574.315s][info][gc,marking     ] GC(466) Concurrent Scan Root Regions 165.400ms
[2574.315s][info][gc,marking     ] GC(466) Concurrent Mark
[2574.315s][info][gc,marking     ] GC(466) Concurrent Mark From Roots
[2574.315s][info][gc,task        ] GC(466) Using 2 workers of 2 for marking
.[2575.264s][info][gc,marking     ] GC(466) Concurrent Mark From Roots 949.645ms
[2575.265s][info][gc,marking     ] GC(466) Concurrent Preclean
[2575.265s][info][gc,marking     ] GC(466) Concurrent Preclean 0.047ms
[2575.265s][info][gc,start       ] GC(466) Pause Remark
[2575.269s][info][gc             ] GC(466) Pause Remark 1987M->1987M(4096M) 4.273ms
[2575.269s][info][gc,cpu         ] GC(466) User=0.03s Sys=0.00s Real=0.00s
[2575.269s][info][gc,marking     ] GC(466) Concurrent Mark 954.235ms
[2575.269s][info][gc,marking     ] GC(466) Concurrent Rebuild Remembered Sets and Scrub Regions
[2575.620s][info][gc,marking     ] GC(466) Concurrent Rebuild Remembered Sets and Scrub Regions 351.093ms
[2575.620s][info][gc,start       ] GC(466) Pause Cleanup
[2575.620s][info][gc             ] GC(466) Pause Cleanup 2132M->2132M(4096M) 0.130ms
[2575.620s][info][gc,cpu         ] GC(466) User=0.00s Sys=0.00s Real=0.00s
[2575.621s][info][gc,marking     ] GC(466) Concurrent Clear Claimed Marks
[2575.621s][info][gc,marking     ] GC(466) Concurrent Clear Claimed Marks 0.029ms
[2575.621s][info][gc,marking     ] GC(466) Concurrent Cleanup for Next Mark
[2575.624s][info][gc,marking     ] GC(466) Concurrent Cleanup for Next Mark 3.300ms
[2575.624s][info][gc             ] GC(466) Concurrent Mark Cycle 1474.515ms
...[2578.668s][info][gc,start       ] GC(467) Pause Young (Prepare Mixed) (G1 Evacuation Pause)
[2578.668s][info][gc,task        ] GC(467) Using 6 workers of 6 for evacuation
[2578.784s][info][gc,phases      ] GC(467)   Pre Evacuate Collection Set: 0.33ms
[2578.784s][info][gc,phases      ] GC(467)   Merge Heap Roots: 0.55ms
[2578.784s][info][gc,phases      ] GC(467)   Evacuate Collection Set: 113.97ms
[2578.784s][info][gc,phases      ] GC(467)   Post Evacuate Collection Set: 0.93ms
[2578.784s][info][gc,phases      ] GC(467)   Other: 0.09ms
[2578.784s][info][gc,heap        ] GC(467) Eden regions: 1122->0(1113)
[2578.784s][info][gc,heap        ] GC(467) Survivor regions: 106->109(154)
[2578.784s][info][gc,heap        ] GC(467) Old regions: 503->534
[2578.784s][info][gc,heap        ] GC(467) Humongous regions: 80->80
[2578.784s][info][gc,metaspace   ] GC(467) Metaspace: 28971K(29312K)->28971K(29312K) NonClass: 24088K(24256K)->24088K(24256K) Class: 4883K(5056K)->4883K(5056K)
[2578.784s][info][gc             ] GC(467) Pause Young (Prepare Mixed) (G1 Evacuation Pause) 3621M->1445M(4096M) 116.008ms
[2578.784s][info][gc,cpu         ] GC(467) User=0.69s Sys=0.00s Real=0.12s
.....[2583.126s][info][gc,start       ] GC(468) Pause Young (Mixed) (G1 Evacuation Pause)
[2583.126s][info][gc,task        ] GC(468) Using 6 workers of 6 for evacuation
[2583.261s][info][gc,phases      ] GC(468)   Pre Evacuate Collection Set: 0.36ms
[2583.261s][info][gc,phases      ] GC(468)   Merge Heap Roots: 0.69ms
[2583.261s][info][gc,phases      ] GC(468)   Evacuate Collection Set: 133.15ms
[2583.261s][info][gc,phases      ] GC(468)   Post Evacuate Collection Set: 0.98ms
[2583.261s][info][gc,phases      ] GC(468)   Other: 0.09ms
[2583.261s][info][gc,heap        ] GC(468) Eden regions: 1113->0(1118)
[2583.261s][info][gc,heap        ] GC(468) Survivor regions: 109->110(153)
[2583.261s][info][gc,heap        ] GC(468) Old regions: 534->470
[2583.261s][info][gc,heap        ] GC(468) Humongous regions: 80->80
[2583.261s][info][gc,metaspace   ] GC(468) Metaspace: 28971K(29312K)->28971K(29312K) NonClass: 24088K(24256K)->24088K(24256K) Class: 4883K(5056K)->4883K(5056K)
[2583.261s][info][gc             ] GC(468) Pause Young (Mixed) (G1 Evacuation Pause) 3671M->1317M(4096M) 135.385ms
[2583.261s][info][gc,cpu         ] GC(468) User=0.80s Sys=0.00s Real=0.13s
....[2587.727s][info][gc,start       ] GC(469) Pause Young (Concurrent Start) (G1 Evacuation Pause)
[2587.727s][info][gc,task        ] GC(469) Using 6 workers of 6 for evacuation
[2587.844s][info][gc,phases      ] GC(469)   Pre Evacuate Collection Set: 0.39ms
[2587.844s][info][gc,phases      ] GC(469)   Merge Heap Roots: 0.50ms
[2587.844s][info][gc,phases      ] GC(469)   Evacuate Collection Set: 115.00ms
[2587.844s][info][gc,phases      ] GC(469)   Post Evacuate Collection Set: 0.89ms
[2587.844s][info][gc,phases      ] GC(469)   Other: 0.12ms
[2587.844s][info][gc,heap        ] GC(469) Eden regions: 1118->0(1119)
[2587.844s][info][gc,heap        ] GC(469) Survivor regions: 110->109(154)
[2587.844s][info][gc,heap        ] GC(469) Old regions: 470->501
[2587.844s][info][gc,heap        ] GC(469) Humongous regions: 80->80
[2587.844s][info][gc,metaspace   ] GC(469) Metaspace: 28971K(29312K)->28971K(29312K) NonClass: 24088K(24256K)->24088K(24256K) Class: 4883K(5056K)->4883K(5056K)
[2587.844s][info][gc             ] GC(469) Pause Young (Concurrent Start) (G1 Evacuation Pause) 3553M->1378M(4096M) 117.066ms
[2587.844s][info][gc             ] GC(470) Concurrent Mark Cycle
[2587.844s][info][gc,marking     ] GC(470) Concurrent Scan Root Regions
[2587.844s][info][gc,cpu         ] GC(469) User=0.70s Sys=0.00s Real=0.12s
.[2588.019s][info][gc,marking     ] GC(470) Concurrent Scan Root Regions 174.745ms
[2588.019s][info][gc,marking     ] GC(470) Concurrent Mark
[2588.019s][info][gc,marking     ] GC(470) Concurrent Mark From Roots
[2588.019s][info][gc,task        ] GC(470) Using 2 workers of 2 for marking
.[2589.007s][info][gc,marking     ] GC(470) Concurrent Mark From Roots 988.581ms
[2589.007s][info][gc,marking     ] GC(470) Concurrent Preclean
[2589.007s][info][gc,marking     ] GC(470) Concurrent Preclean 0.071ms
[2589.008s][info][gc,start       ] GC(470) Pause Remark
[2589.012s][info][gc             ] GC(470) Pause Remark 2036M->2036M(4096M) 3.616ms
[2589.012s][info][gc,cpu         ] GC(470) User=0.02s Sys=0.00s Real=0.01s
[2589.012s][info][gc,marking     ] GC(470) Concurrent Mark 993.050ms
[2589.012s][info][gc,marking     ] GC(470) Concurrent Rebuild Remembered Sets and Scrub Regions
[2589.261s][info][gc,marking     ] GC(470) Concurrent Rebuild Remembered Sets and Scrub Regions 248.978ms
[2589.262s][info][gc,start       ] GC(470) Pause Cleanup
[2589.262s][info][gc             ] GC(470) Pause Cleanup 2158M->2158M(4096M) 0.125ms
[2589.262s][info][gc,cpu         ] GC(470) User=0.00s Sys=0.00s Real=0.01s
[2589.262s][info][gc,marking     ] GC(470) Concurrent Clear Claimed Marks
[2589.262s][info][gc,marking     ] GC(470) Concurrent Clear Claimed Marks 0.036ms
[2589.262s][info][gc,marking     ] GC(470) Concurrent Cleanup for Next Mark
[2589.268s][info][gc,marking     ] GC(470) Concurrent Cleanup for Next Mark 5.775ms
[2589.268s][info][gc             ] GC(470) Concurrent Mark Cycle 1424.152ms
...[2592.257s][info][gc,start       ] GC(471) Pause Young (Prepare Mixed) (G1 Evacuation Pause)
[2592.257s][info][gc,task        ] GC(471) Using 6 workers of 6 for evacuation
[2592.376s][info][gc,phases      ] GC(471)   Pre Evacuate Collection Set: 0.36ms
[2592.377s][info][gc,phases      ] GC(471)   Merge Heap Roots: 0.54ms
[2592.377s][info][gc,phases      ] GC(471)   Evacuate Collection Set: 117.77ms
[2592.377s][info][gc,phases      ] GC(471)   Post Evacuate Collection Set: 0.93ms
[2592.377s][info][gc,phases      ] GC(471)   Other: 0.09ms
[2592.377s][info][gc,heap        ] GC(471) Eden regions: 1119->0(1110)
[2592.377s][info][gc,heap        ] GC(471) Survivor regions: 109->111(154)
[2592.377s][info][gc,heap        ] GC(471) Old regions: 501->533
[2592.377s][info][gc,heap        ] GC(471) Humongous regions: 80->80
[2592.377s][info][gc,metaspace   ] GC(471) Metaspace: 28971K(29312K)->28971K(29312K) NonClass: 24088K(24256K)->24088K(24256K) Class: 4883K(5056K)->4883K(5056K)
[2592.377s][info][gc             ] GC(471) Pause Young (Prepare Mixed) (G1 Evacuation Pause) 3616M->1445M(4096M) 119.817ms
[2592.377s][info][gc,cpu         ] GC(471) User=0.72s Sys=0.00s Real=0.12s
....[2596.779s][info][gc,start       ] GC(472) Pause Young (Mixed) (G1 Evacuation Pause)
[2596.779s][info][gc,task        ] GC(472) Using 6 workers of 6 for evacuation
[2596.910s][info][gc,phases      ] GC(472)   Pre Evacuate Collection Set: 0.42ms
[2596.910s][info][gc,phases      ] GC(472)   Merge Heap Roots: 0.68ms
[2596.910s][info][gc,phases      ] GC(472)   Evacuate Collection Set: 129.34ms
[2596.910s][info][gc,phases      ] GC(472)   Post Evacuate Collection Set: 0.95ms
[2596.910s][info][gc,phases      ] GC(472)   Other: 0.09ms
[2596.910s][info][gc,heap        ] GC(472) Eden regions: 1110->0(1119)
[2596.910s][info][gc,heap        ] GC(472) Survivor regions: 111->109(153)
[2596.910s][info][gc,heap        ] GC(472) Old regions: 533->471
[2596.910s][info][gc,heap        ] GC(472) Humongous regions: 80->80
[2596.910s][info][gc,metaspace   ] GC(472) Metaspace: 28971K(29312K)->28971K(29312K) NonClass: 24088K(24256K)->24088K(24256K) Class: 4883K(5056K)->4883K(5056K)
[2596.910s][info][gc             ] GC(472) Pause Young (Mixed) (G1 Evacuation Pause) 3665M->1318M(4096M) 131.632ms
[2596.910s][info][gc,cpu         ] GC(472) User=0.78s Sys=0.00s Real=0.13s
.....[2601.334s][info][gc,start       ] GC(473) Pause Young (Concurrent Start) (G1 Evacuation Pause)
[2601.334s][info][gc,task        ] GC(473) Using 6 workers of 6 for evacuation
[2601.448s][info][gc,phases      ] GC(473)   Pre Evacuate Collection Set: 0.38ms
[2601.448s][info][gc,phases      ] GC(473)   Merge Heap Roots: 0.49ms
[2601.448s][info][gc,phases      ] GC(473)   Evacuate Collection Set: 112.77ms
[2601.448s][info][gc,phases      ] GC(473)   Post Evacuate Collection Set: 0.92ms
[2601.448s][info][gc,phases      ] GC(473)   Other: 0.10ms
[2601.448s][info][gc,heap        ] GC(473) Eden regions: 1119->0(1120)
[2601.448s][info][gc,heap        ] GC(473) Survivor regions: 109->108(154)
[2601.448s][info][gc,heap        ] GC(473) Old regions: 471->503
[2601.448s][info][gc,heap        ] GC(473) Humongous regions: 80->80
[2601.448s][info][gc,metaspace   ] GC(473) Metaspace: 28971K(29312K)->28971K(29312K) NonClass: 24088K(24256K)->24088K(24256K) Class: 4883K(5056K)->4883K(5056K)
[2601.449s][info][gc             ] GC(473) Pause Young (Concurrent Start) (G1 Evacuation Pause) 3556M->1380M(4096M) 114.810ms
[2601.449s][info][gc             ] GC(474) Concurrent Mark Cycle
[2601.449s][info][gc,marking     ] GC(474) Concurrent Scan Root Regions
[2601.449s][info][gc,cpu         ] GC(473) User=0.68s Sys=0.00s Real=0.11s
[2601.579s][info][gc,marking     ] GC(474) Concurrent Scan Root Regions 130.519ms
[2601.579s][info][gc,marking     ] GC(474) Concurrent Mark
[2601.579s][info][gc,marking     ] GC(474) Concurrent Mark From Roots
[2601.579s][info][gc,task        ] GC(474) Using 2 workers of 2 for marking
.[2602.183s][info][gc,marking     ] GC(474) Concurrent Mark From Roots 604.098ms
[2602.183s][info][gc,marking     ] GC(474) Concurrent Preclean
[2602.183s][info][gc,marking     ] GC(474) Concurrent Preclean 0.049ms
[2602.183s][info][gc,start       ] GC(474) Pause Remark
[2602.187s][info][gc             ] GC(474) Pause Remark 1778M->1778M(4096M) 3.612ms
[2602.187s][info][gc,cpu         ] GC(474) User=0.02s Sys=0.00s Real=0.00s
[2602.187s][info][gc,marking     ] GC(474) Concurrent Mark 607.999ms
[2602.187s][info][gc,marking     ] GC(474) Concurrent Rebuild Remembered Sets and Scrub Regions
[2602.406s][info][gc,marking     ] GC(474) Concurrent Rebuild Remembered Sets and Scrub Regions 218.608ms
[2602.406s][info][gc,start       ] GC(474) Pause Cleanup
[2602.406s][info][gc             ] GC(474) Pause Cleanup 1860M->1860M(4096M) 0.115ms
[2602.406s][info][gc,cpu         ] GC(474) User=0.00s Sys=0.00s Real=0.00s
[2602.406s][info][gc,marking     ] GC(474) Concurrent Clear Claimed Marks
[2602.406s][info][gc,marking     ] GC(474) Concurrent Clear Claimed Marks 0.035ms
[2602.406s][info][gc,marking     ] GC(474) Concurrent Cleanup for Next Mark
[2602.409s][info][gc,marking     ] GC(474) Concurrent Cleanup for Next Mark 3.228ms
[2602.409s][info][gc             ] GC(474) Concurrent Mark Cycle 960.899ms
...[2605.855s][info][gc,start       ] GC(475) Pause Young (Prepare Mixed) (G1 Evacuation Pause)
[2605.855s][info][gc,task        ] GC(475) Using 6 workers of 6 for evacuation
[2605.972s][info][gc,phases      ] GC(475)   Pre Evacuate Collection Set: 0.34ms
[2605.972s][info][gc,phases      ] GC(475)   Merge Heap Roots: 0.51ms
[2605.972s][info][gc,phases      ] GC(475)   Evacuate Collection Set: 114.67ms
[2605.972s][info][gc,phases      ] GC(475)   Post Evacuate Collection Set: 0.93ms
[2605.972s][info][gc,phases      ] GC(475)   Other: 0.08ms
[2605.972s][info][gc,heap        ] GC(475) Eden regions: 1120->0(1112)
[2605.972s][info][gc,heap        ] GC(475) Survivor regions: 108->109(154)
[2605.972s][info][gc,heap        ] GC(475) Old regions: 503->535
[2605.972s][info][gc,heap        ] GC(475) Humongous regions: 80->80
[2605.972s][info][gc,metaspace   ] GC(475) Metaspace: 28973K(29312K)->28973K(29312K) NonClass: 24090K(24256K)->24090K(24256K) Class: 4883K(5056K)->4883K(5056K)
[2605.972s][info][gc             ] GC(475) Pause Young (Prepare Mixed) (G1 Evacuation Pause) 3620M->1447M(4096M) 116.678ms
[2605.972s][info][gc,cpu         ] GC(475) User=0.69s Sys=0.00s Real=0.12s
.... (rIR:aIR:PR = 4151:4154:4154) (tPR = 61868) [OK] 
  2608s: Performance info:
         Transaction,    Success,    Partial,     Failed,   Receipts, AvgBarcode, 
             Overall,     251029,          0,          0,     238470,      59.48, 
         Response times:
             Request,    Success,    Partial,     Failed,   SkipFail,     Probes,    Samples,      min,      p50,      p90,      p95,      p99,      max, 
       TotalPurchase,     238470,          0,          0,          0,     234289,     254173,      300,     3300,     6000,     9400,    41000,   186000,
     InStorePurchase,     125453,          0,          0,          0,     123499,     133716,      300,     3400,     6000,     9600,    41000,   185000,
      OnlinePurchase,      87918,          0,          0,          0,      86284,      93527,      300,     3100,     5900,     8900,    40000,   186000,
        InstPurchase,      25099,          0,          0,          0,      24506,      26930,      400,     3700,     6400,    10700,    43000,   185000,
          AssocOfCat,        254,          0,          0,          0,        202,        288,    21000,    30000,    45000,    55550,    96440,   151000,
      AssocOfProduct,       2518,          0,          0,          0,       2333,       2689,      400,     2600,     5900,     8300,    38100,   124000,
      BusinessReport,        621,          0,          0,          0,        540,        668,    23000,    35000,    53100,    68000,   173620,   190000,
          CustBuyBeh,       2516,          0,          0,          0,       2329,       2696,      200,     2600,     5100,     7500,    32000,   101000,
       ProductReturn,       6650,          0,          0,          0,       6328,       7103,      200,     2700,     5700,     8600,    39000,   141000,

  2608s: (31%)   IR =   4289 .[2610.372s][info][gc,start       ] GC(476) Pause Young (Mixed) (G1 Evacuation Pause)
[2610.372s][info][gc,task        ] GC(476) Using 6 workers of 6 for evacuation
[2610.505s][info][gc,phases      ] GC(476)   Pre Evacuate Collection Set: 0.40ms
[2610.505s][info][gc,phases      ] GC(476)   Merge Heap Roots: 0.69ms
[2610.505s][info][gc,phases      ] GC(476)   Evacuate Collection Set: 130.62ms
[2610.505s][info][gc,phases      ] GC(476)   Post Evacuate Collection Set: 0.99ms
[2610.505s][info][gc,phases      ] GC(476)   Other: 0.09ms
[2610.505s][info][gc,heap        ] GC(476) Eden regions: 1112->0(1119)
[2610.505s][info][gc,heap        ] GC(476) Survivor regions: 109->109(153)
[2610.505s][info][gc,heap        ] GC(476) Old regions: 535->473
[2610.505s][info][gc,heap        ] GC(476) Humongous regions: 80->80
[2610.505s][info][gc,metaspace   ] GC(476) Metaspace: 28973K(29312K)->28973K(29312K) NonClass: 24090K(24256K)->24090K(24256K) Class: 4883K(5056K)->4883K(5056K)
[2610.505s][info][gc             ] GC(476) Pause Young (Mixed) (G1 Evacuation Pause) 3671M->1321M(4096M) 132.915ms
[2610.505s][info][gc,cpu         ] GC(476) User=0.79s Sys=0.00s Real=0.13s
....|[2614.728s][info][gc,start       ] GC(477) Pause Young (Concurrent Start) (G1 Evacuation Pause)
[2614.728s][info][gc,task        ] GC(477) Using 6 workers of 6 for evacuation
[2614.844s][info][gc,phases      ] GC(477)   Pre Evacuate Collection Set: 0.41ms
[2614.844s][info][gc,phases      ] GC(477)   Merge Heap Roots: 0.52ms
[2614.844s][info][gc,phases      ] GC(477)   Evacuate Collection Set: 114.53ms
[2614.844s][info][gc,phases      ] GC(477)   Post Evacuate Collection Set: 0.90ms
[2614.844s][info][gc,phases      ] GC(477)   Other: 0.13ms
[2614.844s][info][gc,heap        ] GC(477) Eden regions: 1119->0(1119)
[2614.844s][info][gc,heap        ] GC(477) Survivor regions: 109->109(154)
[2614.844s][info][gc,heap        ] GC(477) Old regions: 473->504
[2614.844s][info][gc,heap        ] GC(477) Humongous regions: 80->80
[2614.844s][info][gc,metaspace   ] GC(477) Metaspace: 28973K(29312K)->28973K(29312K) NonClass: 24090K(24256K)->24090K(24256K) Class: 4883K(5056K)->4883K(5056K)
[2614.844s][info][gc             ] GC(477) Pause Young (Concurrent Start) (G1 Evacuation Pause) 3559M->1385M(4096M) 116.623ms
[2614.844s][info][gc             ] GC(478) Concurrent Mark Cycle
[2614.844s][info][gc,marking     ] GC(478) Concurrent Scan Root Regions
[2614.844s][info][gc,cpu         ] GC(477) User=0.70s Sys=0.00s Real=0.12s
.[2615.017s][info][gc,marking     ] GC(478) Concurrent Scan Root Regions 172.503ms
[2615.017s][info][gc,marking     ] GC(478) Concurrent Mark
[2615.017s][info][gc,marking     ] GC(478) Concurrent Mark From Roots
[2615.017s][info][gc,task        ] GC(478) Using 2 workers of 2 for marking
[2615.712s][info][gc,marking     ] GC(478) Concurrent Mark From Roots 695.088ms
[2615.712s][info][gc,marking     ] GC(478) Concurrent Preclean
[2615.712s][info][gc,marking     ] GC(478) Concurrent Preclean 0.053ms
[2615.712s][info][gc,start       ] GC(478) Pause Remark
[2615.716s][info][gc             ] GC(478) Pause Remark 1870M->1870M(4096M) 4.005ms
[2615.716s][info][gc,cpu         ] GC(478) User=0.03s Sys=0.00s Real=0.00s
[2615.716s][info][gc,marking     ] GC(478) Concurrent Mark 699.410ms
[2615.716s][info][gc,marking     ] GC(478) Concurrent Rebuild Remembered Sets and Scrub Regions
.[2616.023s][info][gc,marking     ] GC(478) Concurrent Rebuild Remembered Sets and Scrub Regions 306.862ms
[2616.023s][info][gc,start       ] GC(478) Pause Cleanup
[2616.023s][info][gc             ] GC(478) Pause Cleanup 2038M->2038M(4096M) 0.120ms
[2616.023s][info][gc,cpu         ] GC(478) User=0.00s Sys=0.00s Real=0.00s
[2616.023s][info][gc,marking     ] GC(478) Concurrent Clear Claimed Marks
[2616.023s][info][gc,marking     ] GC(478) Concurrent Clear Claimed Marks 0.028ms
[2616.023s][info][gc,marking     ] GC(478) Concurrent Cleanup for Next Mark
[2616.027s][info][gc,marking     ] GC(478) Concurrent Cleanup for Next Mark 3.606ms
[2616.027s][info][gc             ] GC(478) Concurrent Mark Cycle 1182.819ms
...[2619.140s][info][gc,start       ] GC(479) Pause Young (Prepare Mixed) (G1 Evacuation Pause)
[2619.140s][info][gc,task        ] GC(479) Using 6 workers of 6 for evacuation
[2619.256s][info][gc,phases      ] GC(479)   Pre Evacuate Collection Set: 0.33ms
[2619.256s][info][gc,phases      ] GC(479)   Merge Heap Roots: 0.51ms
[2619.256s][info][gc,phases      ] GC(479)   Evacuate Collection Set: 113.68ms
[2619.256s][info][gc,phases      ] GC(479)   Post Evacuate Collection Set: 0.95ms
[2619.256s][info][gc,phases      ] GC(479)   Other: 0.09ms
[2619.256s][info][gc,heap        ] GC(479) Eden regions: 1119->0(1114)
[2619.256s][info][gc,heap        ] GC(479) Survivor regions: 109->107(154)
[2619.256s][info][gc,heap        ] GC(479) Old regions: 504->537
[2619.256s][info][gc,heap        ] GC(479) Humongous regions: 80->80
[2619.256s][info][gc,metaspace   ] GC(479) Metaspace: 28976K(29312K)->28976K(29312K) NonClass: 24093K(24256K)->24093K(24256K) Class: 4883K(5056K)->4883K(5056K)
[2619.256s][info][gc             ] GC(479) Pause Young (Prepare Mixed) (G1 Evacuation Pause) 3623M->1446M(4096M) 115.693ms
[2619.256s][info][gc,cpu         ] GC(479) User=0.68s Sys=0.00s Real=0.12s
....[2623.515s][info][gc,start       ] GC(480) Pause Young (Mixed) (G1 Evacuation Pause)
[2623.515s][info][gc,task        ] GC(480) Using 6 workers of 6 for evacuation
[2623.646s][info][gc,phases      ] GC(480)   Pre Evacuate Collection Set: 0.35ms
[2623.646s][info][gc,phases      ] GC(480)   Merge Heap Roots: 0.69ms
[2623.646s][info][gc,phases      ] GC(480)   Evacuate Collection Set: 129.25ms
[2623.646s][info][gc,phases      ] GC(480)   Post Evacuate Collection Set: 0.95ms
[2623.646s][info][gc,phases      ] GC(480)   Other: 0.09ms
[2623.646s][info][gc,heap        ] GC(480) Eden regions: 1114->0(1120)
[2623.646s][info][gc,heap        ] GC(480) Survivor regions: 107->108(153)
[2623.646s][info][gc,heap        ] GC(480) Old regions: 537->471
[2623.646s][info][gc,heap        ] GC(480) Humongous regions: 80->80
[2623.646s][info][gc,metaspace   ] GC(480) Metaspace: 28976K(29312K)->28976K(29312K) NonClass: 24093K(24256K)->24093K(24256K) Class: 4883K(5056K)->4883K(5056K)
[2623.646s][info][gc             ] GC(480) Pause Young (Mixed) (G1 Evacuation Pause) 3674M->1317M(4096M) 131.484ms
[2623.646s][info][gc,cpu         ] GC(480) User=0.78s Sys=0.00s Real=0.13s
....[2627.890s][info][gc,start       ] GC(481) Pause Young (Concurrent Start) (G1 Evacuation Pause)
[2627.890s][info][gc,task        ] GC(481) Using 6 workers of 6 for evacuation
[2628.006s][info][gc,phases      ] GC(481)   Pre Evacuate Collection Set: 0.39ms
[2628.006s][info][gc,phases      ] GC(481)   Merge Heap Roots: 0.46ms
[2628.006s][info][gc,phases      ] GC(481)   Evacuate Collection Set: 113.98ms
[2628.006s][info][gc,phases      ] GC(481)   Post Evacuate Collection Set: 0.88ms
[2628.006s][info][gc,phases      ] GC(481)   Other: 0.10ms
[2628.006s][info][gc,heap        ] GC(481) Eden regions: 1120->0(1118)
[2628.006s][info][gc,heap        ] GC(481) Survivor regions: 108->110(154)
[2628.006s][info][gc,heap        ] GC(481) Old regions: 471->503
[2628.006s][info][gc,heap        ] GC(481) Humongous regions: 80->80
[2628.006s][info][gc,metaspace   ] GC(481) Metaspace: 28976K(29312K)->28976K(29312K) NonClass: 24093K(24256K)->24093K(24256K) Class: 4883K(5056K)->4883K(5056K)
[2628.006s][info][gc             ] GC(481) Pause Young (Concurrent Start) (G1 Evacuation Pause) 3557M->1384M(4096M) 115.933ms
[2628.006s][info][gc             ] GC(482) Concurrent Mark Cycle
[2628.006s][info][gc,marking     ] GC(482) Concurrent Scan Root Regions
[2628.006s][info][gc,cpu         ] GC(481) User=0.69s Sys=0.00s Real=0.12s
.[2628.180s][info][gc,marking     ] GC(482) Concurrent Scan Root Regions 173.323ms
[2628.180s][info][gc,marking     ] GC(482) Concurrent Mark
[2628.180s][info][gc,marking     ] GC(482) Concurrent Mark From Roots
[2628.180s][info][gc,task        ] GC(482) Using 2 workers of 2 for marking
.[2629.156s][info][gc,marking     ] GC(482) Concurrent Mark From Roots 976.671ms
[2629.156s][info][gc,marking     ] GC(482) Concurrent Preclean
[2629.156s][info][gc,marking     ] GC(482) Concurrent Preclean 0.066ms
[2629.158s][info][gc,start       ] GC(482) Pause Remark
[2629.163s][info][gc             ] GC(482) Pause Remark 2024M->2024M(4096M) 4.612ms
[2629.163s][info][gc,cpu         ] GC(482) User=0.02s Sys=0.00s Real=0.01s
[2629.163s][info][gc,marking     ] GC(482) Concurrent Mark 983.278ms
[2629.163s][info][gc,marking     ] GC(482) Concurrent Rebuild Remembered Sets and Scrub Regions
[2629.391s][info][gc,marking     ] GC(482) Concurrent Rebuild Remembered Sets and Scrub Regions 227.993ms
[2629.391s][info][gc,start       ] GC(482) Pause Cleanup
[2629.391s][info][gc             ] GC(482) Pause Cleanup 2129M->2129M(4096M) 0.108ms
[2629.391s][info][gc,cpu         ] GC(482) User=0.00s Sys=0.00s Real=0.00s
[2629.391s][info][gc,marking     ] GC(482) Concurrent Clear Claimed Marks
[2629.391s][info][gc,marking     ] GC(482) Concurrent Clear Claimed Marks 0.026ms
[2629.391s][info][gc,marking     ] GC(482) Concurrent Cleanup for Next Mark
[2629.394s][info][gc,marking     ] GC(482) Concurrent Cleanup for Next Mark 3.153ms
[2629.394s][info][gc             ] GC(482) Concurrent Mark Cycle 1388.188ms
...[2632.328s][info][gc,start       ] GC(483) Pause Young (Prepare Mixed) (G1 Evacuation Pause)
[2632.328s][info][gc,task        ] GC(483) Using 6 workers of 6 for evacuation
[2632.447s][info][gc,phases      ] GC(483)   Pre Evacuate Collection Set: 0.35ms
[2632.447s][info][gc,phases      ] GC(483)   Merge Heap Roots: 0.52ms
[2632.447s][info][gc,phases      ] GC(483)   Evacuate Collection Set: 116.80ms
[2632.447s][info][gc,phases      ] GC(483)   Post Evacuate Collection Set: 0.93ms
[2632.447s][info][gc,phases      ] GC(483)   Other: 0.09ms
[2632.447s][info][gc,heap        ] GC(483) Eden regions: 1118->0(1110)
[2632.447s][info][gc,heap        ] GC(483) Survivor regions: 110->110(154)
[2632.447s][info][gc,heap        ] GC(483) Old regions: 503->535
[2632.447s][info][gc,heap        ] GC(483) Humongous regions: 80->80
[2632.447s][info][gc,metaspace   ] GC(483) Metaspace: 28977K(29312K)->28977K(29312K) NonClass: 24094K(24256K)->24094K(24256K) Class: 4883K(5056K)->4883K(5056K)
[2632.447s][info][gc             ] GC(483) Pause Young (Prepare Mixed) (G1 Evacuation Pause) 3620M->1449M(4096M) 118.826ms
[2632.447s][info][gc,cpu         ] GC(483) User=0.70s Sys=0.00s Real=0.12s
....[2636.645s][info][gc,start       ] GC(484) Pause Young (Mixed) (G1 Evacuation Pause)
[2636.645s][info][gc,task        ] GC(484) Using 6 workers of 6 for evacuation
[2636.778s][info][gc,phases      ] GC(484)   Pre Evacuate Collection Set: 0.37ms
[2636.778s][info][gc,phases      ] GC(484)   Merge Heap Roots: 0.66ms
[2636.778s][info][gc,phases      ] GC(484)   Evacuate Collection Set: 131.21ms
[2636.778s][info][gc,phases      ] GC(484)   Post Evacuate Collection Set: 0.93ms
[2636.778s][info][gc,phases      ] GC(484)   Other: 0.09ms
[2636.778s][info][gc,heap        ] GC(484) Eden regions: 1110->0(1119)
[2636.778s][info][gc,heap        ] GC(484) Survivor regions: 110->109(153)
[2636.778s][info][gc,heap        ] GC(484) Old regions: 535->471
[2636.778s][info][gc,heap        ] GC(484) Humongous regions: 80->80
[2636.778s][info][gc,metaspace   ] GC(484) Metaspace: 28977K(29312K)->28977K(29312K) NonClass: 24094K(24256K)->24094K(24256K) Class: 4883K(5056K)->4883K(5056K)
[2636.778s][info][gc             ] GC(484) Pause Young (Mixed) (G1 Evacuation Pause) 3669M->1317M(4096M) 133.393ms
[2636.778s][info][gc,cpu         ] GC(484) User=0.80s Sys=0.00s Real=0.13s
.....[2641.080s][info][gc,start       ] GC(485) Pause Young (Concurrent Start) (G1 Evacuation Pause)
[2641.080s][info][gc,task        ] GC(485) Using 6 workers of 6 for evacuation
[2641.198s][info][gc,phases      ] GC(485)   Pre Evacuate Collection Set: 0.36ms
[2641.198s][info][gc,phases      ] GC(485)   Merge Heap Roots: 0.46ms
[2641.198s][info][gc,phases      ] GC(485)   Evacuate Collection Set: 116.10ms
[2641.198s][info][gc,phases      ] GC(485)   Post Evacuate Collection Set: 0.93ms
[2641.198s][info][gc,phases      ] GC(485)   Other: 0.10ms
[2641.198s][info][gc,heap        ] GC(485) Eden regions: 1119->0(1118)
[2641.198s][info][gc,heap        ] GC(485) Survivor regions: 109->110(154)
[2641.198s][info][gc,heap        ] GC(485) Old regions: 471->503
[2641.198s][info][gc,heap        ] GC(485) Humongous regions: 80->80
[2641.198s][info][gc,metaspace   ] GC(485) Metaspace: 28977K(29312K)->28977K(29312K) NonClass: 24094K(24256K)->24094K(24256K) Class: 4883K(5056K)->4883K(5056K)
[2641.198s][info][gc             ] GC(485) Pause Young (Concurrent Start) (G1 Evacuation Pause) 3555M->1384M(4096M) 118.069ms
[2641.198s][info][gc             ] GC(486) Concurrent Mark Cycle
[2641.198s][info][gc,marking     ] GC(486) Concurrent Scan Root Regions
[2641.198s][info][gc,cpu         ] GC(485) User=0.70s Sys=0.00s Real=0.12s
[2641.353s][info][gc,marking     ] GC(486) Concurrent Scan Root Regions 154.361ms
[2641.353s][info][gc,marking     ] GC(486) Concurrent Mark
[2641.353s][info][gc,marking     ] GC(486) Concurrent Mark From Roots
[2641.353s][info][gc,task        ] GC(486) Using 2 workers of 2 for marking
[2641.986s][info][gc,marking     ] GC(486) Concurrent Mark From Roots 633.767ms
[2641.986s][info][gc,marking     ] GC(486) Concurrent Preclean
[2641.987s][info][gc,marking     ] GC(486) Concurrent Preclean 0.048ms
[2641.987s][info][gc,start       ] GC(486) Pause Remark
[2641.990s][info][gc             ] GC(486) Pause Remark 1867M->1867M(4096M) 3.189ms
[2641.990s][info][gc,cpu         ] GC(486) User=0.01s Sys=0.00s Real=0.00s
[2641.990s][info][gc,marking     ] GC(486) Concurrent Mark 637.269ms
[2641.990s][info][gc,marking     ] GC(486) Concurrent Rebuild Remembered Sets and Scrub Regions
.[2642.214s][info][gc,marking     ] GC(486) Concurrent Rebuild Remembered Sets and Scrub Regions 224.087ms
[2642.215s][info][gc,start       ] GC(486) Pause Cleanup
[2642.215s][info][gc             ] GC(486) Pause Cleanup 1998M->1998M(4096M) 0.133ms
[2642.215s][info][gc,cpu         ] GC(486) User=0.00s Sys=0.00s Real=0.00s
[2642.215s][info][gc,marking     ] GC(486) Concurrent Clear Claimed Marks
[2642.215s][info][gc,marking     ] GC(486) Concurrent Clear Claimed Marks 0.045ms
[2642.215s][info][gc,marking     ] GC(486) Concurrent Cleanup for Next Mark
[2642.219s][info][gc,marking     ] GC(486) Concurrent Cleanup for Next Mark 4.676ms
[2642.220s][info][gc             ] GC(486) Concurrent Mark Cycle 1021.279ms
...[2645.433s][info][gc,start       ] GC(487) Pause Young (Prepare Mixed) (G1 Evacuation Pause)
[2645.433s][info][gc,task        ] GC(487) Using 6 workers of 6 for evacuation
[2645.552s][info][gc,phases      ] GC(487)   Pre Evacuate Collection Set: 0.33ms
[2645.552s][info][gc,phases      ] GC(487)   Merge Heap Roots: 0.51ms
[2645.552s][info][gc,phases      ] GC(487)   Evacuate Collection Set: 117.03ms
[2645.552s][info][gc,phases      ] GC(487)   Post Evacuate Collection Set: 0.93ms
[2645.552s][info][gc,phases      ] GC(487)   Other: 0.08ms
[2645.552s][info][gc,heap        ] GC(487) Eden regions: 1118->0(1108)
[2645.552s][info][gc,heap        ] GC(487) Survivor regions: 110->111(154)
[2645.552s][info][gc,heap        ] GC(487) Old regions: 503->535
[2645.552s][info][gc,heap        ] GC(487) Humongous regions: 80->80
[2645.552s][info][gc,metaspace   ] GC(487) Metaspace: 28977K(29312K)->28977K(29312K) NonClass: 24094K(24256K)->24094K(24256K) Class: 4883K(5056K)->4883K(5056K)
[2645.552s][info][gc             ] GC(487) Pause Young (Prepare Mixed) (G1 Evacuation Pause) 3620M->1450M(4096M) 119.007ms
[2645.552s][info][gc,cpu         ] GC(487) User=0.71s Sys=0.00s Real=0.12s
....[2649.767s][info][gc,start       ] GC(488) Pause Young (Mixed) (G1 Evacuation Pause)
[2649.767s][info][gc,task        ] GC(488) Using 6 workers of 6 for evacuation
[2649.900s][info][gc,phases      ] GC(488)   Pre Evacuate Collection Set: 0.40ms
[2649.900s][info][gc,phases      ] GC(488)   Merge Heap Roots: 0.70ms
[2649.900s][info][gc,phases      ] GC(488)   Evacuate Collection Set: 131.42ms
[2649.900s][info][gc,phases      ] GC(488)   Post Evacuate Collection Set: 0.96ms
[2649.900s][info][gc,phases      ] GC(488)   Other: 0.09ms
[2649.900s][info][gc,heap        ] GC(488) Eden regions: 1108->0(1120)
[2649.900s][info][gc,heap        ] GC(488) Survivor regions: 111->108(153)
[2649.900s][info][gc,heap        ] GC(488) Old regions: 535->473
[2649.900s][info][gc,heap        ] GC(488) Humongous regions: 80->80
[2649.900s][info][gc,metaspace   ] GC(488) Metaspace: 28977K(29312K)->28977K(29312K) NonClass: 24094K(24256K)->24094K(24256K) Class: 4883K(5056K)->4883K(5056K)
[2649.900s][info][gc             ] GC(488) Pause Young (Mixed) (G1 Evacuation Pause) 3666M->1320M(4096M) 133.697ms
[2649.900s][info][gc,cpu         ] GC(488) User=0.80s Sys=0.00s Real=0.13s
.....[2654.239s][info][gc,start       ] GC(489) Pause Young (Concurrent Start) (G1 Evacuation Pause)
[2654.239s][info][gc,task        ] GC(489) Using 6 workers of 6 for evacuation
[2654.355s][info][gc,phases      ] GC(489)   Pre Evacuate Collection Set: 0.46ms
[2654.355s][info][gc,phases      ] GC(489)   Merge Heap Roots: 0.55ms
[2654.355s][info][gc,phases      ] GC(489)   Evacuate Collection Set: 113.67ms
[2654.355s][info][gc,phases      ] GC(489)   Post Evacuate Collection Set: 0.90ms
[2654.355s][info][gc,phases      ] GC(489)   Other: 0.14ms
[2654.355s][info][gc,heap        ] GC(489) Eden regions: 1120->0(1121)
[2654.355s][info][gc,heap        ] GC(489) Survivor regions: 108->107(154)
[2654.355s][info][gc,heap        ] GC(489) Old regions: 473->504
[2654.355s][info][gc,heap        ] GC(489) Humongous regions: 80->80
[2654.355s][info][gc,metaspace   ] GC(489) Metaspace: 28977K(29312K)->28977K(29312K) NonClass: 24094K(24256K)->24094K(24256K) Class: 4883K(5056K)->4883K(5056K)
[2654.355s][info][gc             ] GC(489) Pause Young (Concurrent Start) (G1 Evacuation Pause) 3560M->1381M(4096M) 115.860ms
[2654.355s][info][gc             ] GC(490) Concurrent Mark Cycle
[2654.355s][info][gc,marking     ] GC(490) Concurrent Scan Root Regions
[2654.355s][info][gc,cpu         ] GC(489) User=0.69s Sys=0.01s Real=0.12s
[2654.500s][info][gc,marking     ] GC(490) Concurrent Scan Root Regions 144.774ms
[2654.500s][info][gc,marking     ] GC(490) Concurrent Mark
[2654.500s][info][gc,marking     ] GC(490) Concurrent Mark From Roots
[2654.500s][info][gc,task        ] GC(490) Using 2 workers of 2 for marking
.[2655.149s][info][gc,marking     ] GC(490) Concurrent Mark From Roots 649.018ms
[2655.149s][info][gc,marking     ] GC(490) Concurrent Preclean
[2655.149s][info][gc,marking     ] GC(490) Concurrent Preclean 0.051ms
[2655.149s][info][gc,start       ] GC(490) Pause Remark
[2655.153s][info][gc             ] GC(490) Pause Remark 1881M->1881M(4096M) 3.632ms
[2655.153s][info][gc,cpu         ] GC(490) User=0.02s Sys=0.00s Real=0.01s
[2655.153s][info][gc,marking     ] GC(490) Concurrent Mark 652.987ms
[2655.153s][info][gc,marking     ] GC(490) Concurrent Rebuild Remembered Sets and Scrub Regions
[2655.392s][info][gc,marking     ] GC(490) Concurrent Rebuild Remembered Sets and Scrub Regions 238.378ms
[2655.392s][info][gc,start       ] GC(490) Pause Cleanup
[2655.392s][info][gc             ] GC(490) Pause Cleanup 2008M->2008M(4096M) 0.120ms
[2655.392s][info][gc,cpu         ] GC(490) User=0.00s Sys=0.00s Real=0.00s
[2655.392s][info][gc,marking     ] GC(490) Concurrent Clear Claimed Marks
[2655.392s][info][gc,marking     ] GC(490) Concurrent Clear Claimed Marks 0.027ms
[2655.392s][info][gc,marking     ] GC(490) Concurrent Cleanup for Next Mark
[2655.397s][info][gc,marking     ] GC(490) Concurrent Cleanup for Next Mark 4.763ms
[2655.397s][info][gc             ] GC(490) Concurrent Mark Cycle 1041.405ms
...[2658.595s][info][gc,start       ] GC(491) Pause Young (Prepare Mixed) (G1 Evacuation Pause)
[2658.595s][info][gc,task        ] GC(491) Using 6 workers of 6 for evacuation
[2658.711s][info][gc,phases      ] GC(491)   Pre Evacuate Collection Set: 0.33ms
[2658.711s][info][gc,phases      ] GC(491)   Merge Heap Roots: 0.54ms
[2658.711s][info][gc,phases      ] GC(491)   Evacuate Collection Set: 114.28ms
[2658.711s][info][gc,phases      ] GC(491)   Post Evacuate Collection Set: 0.98ms
[2658.711s][info][gc,phases      ] GC(491)   Other: 0.09ms
[2658.711s][info][gc,heap        ] GC(491) Eden regions: 1121->0(1111)
[2658.711s][info][gc,heap        ] GC(491) Survivor regions: 107->109(154)
[2658.711s][info][gc,heap        ] GC(491) Old regions: 504->536
[2658.711s][info][gc,heap        ] GC(491) Humongous regions: 80->80
[2658.711s][info][gc,metaspace   ] GC(491) Metaspace: 28977K(29312K)->28977K(29312K) NonClass: 24094K(24256K)->24094K(24256K) Class: 4883K(5056K)->4883K(5056K)
[2658.711s][info][gc             ] GC(491) Pause Young (Prepare Mixed) (G1 Evacuation Pause) 3623M->1448M(4096M) 116.359ms
[2658.711s][info][gc,cpu         ] GC(491) User=0.69s Sys=0.00s Real=0.11s
....[2662.912s][info][gc,start       ] GC(492) Pause Young (Mixed) (G1 Evacuation Pause)
[2662.912s][info][gc,task        ] GC(492) Using 6 workers of 6 for evacuation
[2663.043s][info][gc,phases      ] GC(492)   Pre Evacuate Collection Set: 0.38ms
[2663.043s][info][gc,phases      ] GC(492)   Merge Heap Roots: 0.68ms
[2663.043s][info][gc,phases      ] GC(492)   Evacuate Collection Set: 129.05ms
[2663.043s][info][gc,phases      ] GC(492)   Post Evacuate Collection Set: 0.91ms
[2663.043s][info][gc,phases      ] GC(492)   Other: 0.09ms
[2663.043s][info][gc,heap        ] GC(492) Eden regions: 1111->0(1119)
[2663.043s][info][gc,heap        ] GC(492) Survivor regions: 109->109(153)
[2663.043s][info][gc,heap        ] GC(492) Old regions: 536->472
[2663.043s][info][gc,heap        ] GC(492) Humongous regions: 80->80
[2663.043s][info][gc,metaspace   ] GC(492) Metaspace: 28977K(29312K)->28977K(29312K) NonClass: 24094K(24256K)->24094K(24256K) Class: 4883K(5056K)->4883K(5056K)
[2663.043s][info][gc             ] GC(492) Pause Young (Mixed) (G1 Evacuation Pause) 3670M->1319M(4096M) 131.231ms
[2663.043s][info][gc,cpu         ] GC(492) User=0.78s Sys=0.00s Real=0.13s
.....[2667.363s][info][gc,start       ] GC(493) Pause Young (Concurrent Start) (G1 Evacuation Pause)
[2667.363s][info][gc,task        ] GC(493) Using 6 workers of 6 for evacuation
[2667.482s][info][gc,phases      ] GC(493)   Pre Evacuate Collection Set: 0.37ms
[2667.482s][info][gc,phases      ] GC(493)   Merge Heap Roots: 0.47ms
[2667.482s][info][gc,phases      ] GC(493)   Evacuate Collection Set: 117.10ms
[2667.482s][info][gc,phases      ] GC(493)   Post Evacuate Collection Set: 0.91ms
[2667.482s][info][gc,phases      ] GC(493)   Other: 0.11ms
[2667.482s][info][gc,heap        ] GC(493) Eden regions: 1119->0(1118)
[2667.482s][info][gc,heap        ] GC(493) Survivor regions: 109->110(154)
[2667.482s][info][gc,heap        ] GC(493) Old regions: 472->503
[2667.482s][info][gc,heap        ] GC(493) Humongous regions: 80->80
[2667.482s][info][gc,metaspace   ] GC(493) Metaspace: 28977K(29312K)->28977K(29312K) NonClass: 24094K(24256K)->24094K(24256K) Class: 4883K(5056K)->4883K(5056K)
[2667.482s][info][gc             ] GC(493) Pause Young (Concurrent Start) (G1 Evacuation Pause) 3557M->1384M(4096M) 119.099ms
[2667.482s][info][gc             ] GC(494) Concurrent Mark Cycle
[2667.482s][info][gc,marking     ] GC(494) Concurrent Scan Root Regions
[2667.482s][info][gc,cpu         ] GC(493) User=0.71s Sys=0.00s Real=0.12s
[2667.634s][info][gc,marking     ] GC(494) Concurrent Scan Root Regions 152.531ms
[2667.634s][info][gc,marking     ] GC(494) Concurrent Mark
[2667.634s][info][gc,marking     ] GC(494) Concurrent Mark From Roots
[2667.634s][info][gc,task        ] GC(494) Using 2 workers of 2 for marking
.[2668.284s][info][gc,marking     ] GC(494) Concurrent Mark From Roots 650.143ms
[2668.285s][info][gc,marking     ] GC(494) Concurrent Preclean
[2668.285s][info][gc,marking     ] GC(494) Concurrent Preclean 0.049ms
[2668.285s][info][gc,start       ] GC(494) Pause Remark
[2668.288s][info][gc             ] GC(494) Pause Remark 1866M->1866M(4096M) 3.354ms
[2668.288s][info][gc,cpu         ] GC(494) User=0.01s Sys=0.00s Real=0.00s
[2668.288s][info][gc,marking     ] GC(494) Concurrent Mark 653.842ms
[2668.288s][info][gc,marking     ] GC(494) Concurrent Rebuild Remembered Sets and Scrub Regions
[2668.523s][info][gc,marking     ] GC(494) Concurrent Rebuild Remembered Sets and Scrub Regions 234.878ms
[2668.523s][info][gc,start       ] GC(494) Pause Cleanup
[2668.524s][info][gc             ] GC(494) Pause Cleanup 1988M->1988M(4096M) 0.123ms
[2668.524s][info][gc,cpu         ] GC(494) User=0.00s Sys=0.00s Real=0.00s
[2668.524s][info][gc,marking     ] GC(494) Concurrent Clear Claimed Marks
[2668.524s][info][gc,marking     ] GC(494) Concurrent Clear Claimed Marks 0.038ms
[2668.524s][info][gc,marking     ] GC(494) Concurrent Cleanup for Next Mark
[2668.529s][info][gc,marking     ] GC(494) Concurrent Cleanup for Next Mark 4.579ms
[2668.529s][info][gc             ] GC(494) Concurrent Mark Cycle 1046.965ms
...[2671.835s][info][gc,start       ] GC(495) Pause Young (Prepare Mixed) (G1 Evacuation Pause)
[2671.835s][info][gc,task        ] GC(495) Using 6 workers of 6 for evacuation
[2671.952s][info][gc,phases      ] GC(495)   Pre Evacuate Collection Set: 0.33ms
[2671.952s][info][gc,phases      ] GC(495)   Merge Heap Roots: 0.53ms
[2671.952s][info][gc,phases      ] GC(495)   Evacuate Collection Set: 115.57ms
[2671.952s][info][gc,phases      ] GC(495)   Post Evacuate Collection Set: 0.93ms
[2671.952s][info][gc,phases      ] GC(495)   Other: 0.09ms
[2671.952s][info][gc,heap        ] GC(495) Eden regions: 1118->0(1111)
[2671.952s][info][gc,heap        ] GC(495) Survivor regions: 110->110(154)
[2671.952s][info][gc,heap        ] GC(495) Old regions: 503->534
[2671.952s][info][gc,heap        ] GC(495) Humongous regions: 80->80
[2671.952s][info][gc,metaspace   ] GC(495) Metaspace: 28977K(29312K)->28977K(29312K) NonClass: 24094K(24256K)->24094K(24256K) Class: 4883K(5056K)->4883K(5056K)
[2671.952s][info][gc             ] GC(495) Pause Young (Prepare Mixed) (G1 Evacuation Pause) 3620M->1446M(4096M) 117.592ms
[2671.952s][info][gc,cpu         ] GC(495) User=0.70s Sys=0.00s Real=0.12s
... (rIR:aIR:PR = 4289:4288:4288) (tPR = 63597) [OK] 
  2673s: Performance info:
         Transaction,    Success,    Partial,     Failed,   Receipts, AvgBarcode, 
             Overall,     257686,          0,          0,     244810,      59.48, 
         Response times:
             Request,    Success,    Partial,     Failed,   SkipFail,     Probes,    Samples,      min,      p50,      p90,      p95,      p99,      max, 
       TotalPurchase,     244810,          0,          0,          0,     240727,     261910,      300,     3500,     6400,    11300,    48000,   218000,
     InStorePurchase,     128898,          0,          0,          0,     127120,     138108,      300,     3400,     6400,    11300,    47000,   209000,
      OnlinePurchase,      90146,          0,          0,          0,      88568,      96272,      300,     3400,     6500,    11235,    48000,   218000,
        InstPurchase,      25766,          0,          0,          0,      25039,      27530,      300,     3700,     6600,    11600,    49000,   209000,
          AssocOfCat,        258,          0,          0,          0,        213,        290,    19600,    31000,    50000,    56000,   124330,   185000,
      AssocOfProduct,       2575,          0,          0,          0,       2369,       2766,      600,     4500,     7200,    12500,    46330,   168000,
      BusinessReport,        645,          0,          0,          0,        557,        726,    25000,    33500,    55000,    74000,   150000,   198000,
          CustBuyBeh,       2572,          0,          0,          0,       2385,       2765,      300,     2800,     6400,    15800,    51000,   209000,
       ProductReturn,       6826,          0,          0,          0,       6512,       7338,      200,     2800,     5300,     8505,    43610,   154000,

  2673s: (32%)   IR =   4428 .[2676.072s][info][gc,start       ] GC(496) Pause Young (Mixed) (G1 Evacuation Pause)
[2676.072s][info][gc,task        ] GC(496) Using 6 workers of 6 for evacuation
[2676.203s][info][gc,phases      ] GC(496)   Pre Evacuate Collection Set: 0.41ms
[2676.203s][info][gc,phases      ] GC(496)   Merge Heap Roots: 0.72ms
[2676.203s][info][gc,phases      ] GC(496)   Evacuate Collection Set: 129.34ms
[2676.203s][info][gc,phases      ] GC(496)   Post Evacuate Collection Set: 0.94ms
[2676.203s][info][gc,phases      ] GC(496)   Other: 0.09ms
[2676.203s][info][gc,heap        ] GC(496) Eden regions: 1111->0(1121)
[2676.203s][info][gc,heap        ] GC(496) Survivor regions: 110->107(153)
[2676.203s][info][gc,heap        ] GC(496) Old regions: 534->471
[2676.203s][info][gc,heap        ] GC(496) Humongous regions: 80->80
[2676.203s][info][gc,metaspace   ] GC(496) Metaspace: 28978K(29312K)->28978K(29312K) NonClass: 24095K(24256K)->24095K(24256K) Class: 4883K(5056K)->4883K(5056K)
[2676.203s][info][gc             ] GC(496) Pause Young (Mixed) (G1 Evacuation Pause) 3668M->1315M(4096M) 131.622ms
[2676.203s][info][gc,cpu         ] GC(496) User=0.78s Sys=0.00s Real=0.13s
.....|[2680.361s][info][gc,start       ] GC(497) Pause Young (Concurrent Start) (G1 Evacuation Pause)
[2680.361s][info][gc,task        ] GC(497) Using 6 workers of 6 for evacuation
[2680.476s][info][gc,phases      ] GC(497)   Pre Evacuate Collection Set: 0.43ms
[2680.476s][info][gc,phases      ] GC(497)   Merge Heap Roots: 0.48ms
[2680.476s][info][gc,phases      ] GC(497)   Evacuate Collection Set: 112.95ms
[2680.476s][info][gc,phases      ] GC(497)   Post Evacuate Collection Set: 0.96ms
[2680.476s][info][gc,phases      ] GC(497)   Other: 0.11ms
[2680.476s][info][gc,heap        ] GC(497) Eden regions: 1121->0(1120)
[2680.476s][info][gc,heap        ] GC(497) Survivor regions: 107->108(154)
[2680.476s][info][gc,heap        ] GC(497) Old regions: 471->504
[2680.476s][info][gc,heap        ] GC(497) Humongous regions: 80->80
[2680.476s][info][gc,metaspace   ] GC(497) Metaspace: 28978K(29312K)->28978K(29312K) NonClass: 24095K(24256K)->24095K(24256K) Class: 4883K(5056K)->4883K(5056K)
[2680.476s][info][gc             ] GC(497) Pause Young (Concurrent Start) (G1 Evacuation Pause) 3557M->1382M(4096M) 115.082ms
[2680.476s][info][gc             ] GC(498) Concurrent Mark Cycle
[2680.476s][info][gc,marking     ] GC(498) Concurrent Scan Root Regions
[2680.476s][info][gc,cpu         ] GC(497) User=0.68s Sys=0.00s Real=0.12s
[2680.655s][info][gc,marking     ] GC(498) Concurrent Scan Root Regions 178.402ms
[2680.655s][info][gc,marking     ] GC(498) Concurrent Mark
[2680.655s][info][gc,marking     ] GC(498) Concurrent Mark From Roots
[2680.655s][info][gc,task        ] GC(498) Using 2 workers of 2 for marking
.[2681.593s][info][gc,marking     ] GC(498) Concurrent Mark From Roots 938.365ms
[2681.593s][info][gc,marking     ] GC(498) Concurrent Preclean
[2681.593s][info][gc,marking     ] GC(498) Concurrent Preclean 0.073ms
[2681.593s][info][gc,start       ] GC(498) Pause Remark
[2681.598s][info][gc             ] GC(498) Pause Remark 2075M->2075M(4096M) 4.586ms
[2681.598s][info][gc,cpu         ] GC(498) User=0.03s Sys=0.00s Real=0.00s
[2681.598s][info][gc,marking     ] GC(498) Concurrent Mark 943.300ms
[2681.598s][info][gc,marking     ] GC(498) Concurrent Rebuild Remembered Sets and Scrub Regions
[2681.838s][info][gc,marking     ] GC(498) Concurrent Rebuild Remembered Sets and Scrub Regions 239.915ms
[2681.838s][info][gc,start       ] GC(498) Pause Cleanup
[2681.838s][info][gc             ] GC(498) Pause Cleanup 2177M->2177M(4096M) 0.139ms
[2681.838s][info][gc,cpu         ] GC(498) User=0.00s Sys=0.00s Real=0.00s
[2681.838s][info][gc,marking     ] GC(498) Concurrent Clear Claimed Marks
[2681.838s][info][gc,marking     ] GC(498) Concurrent Clear Claimed Marks 0.034ms
[2681.838s][info][gc,marking     ] GC(498) Concurrent Cleanup for Next Mark
[2681.842s][info][gc,marking     ] GC(498) Concurrent Cleanup for Next Mark 3.664ms
[2681.842s][info][gc             ] GC(498) Concurrent Mark Cycle 1365.837ms
...[2684.592s][info][gc,start       ] GC(499) Pause Young (Prepare Mixed) (G1 Evacuation Pause)
[2684.592s][info][gc,task        ] GC(499) Using 6 workers of 6 for evacuation
[2684.709s][info][gc,phases      ] GC(499)   Pre Evacuate Collection Set: 0.38ms
[2684.709s][info][gc,phases      ] GC(499)   Merge Heap Roots: 0.58ms
[2684.709s][info][gc,phases      ] GC(499)   Evacuate Collection Set: 114.65ms
[2684.709s][info][gc,phases      ] GC(499)   Post Evacuate Collection Set: 0.96ms
[2684.709s][info][gc,phases      ] GC(499)   Other: 0.10ms
[2684.709s][info][gc,heap        ] GC(499) Eden regions: 1120->0(1112)
[2684.709s][info][gc,heap        ] GC(499) Survivor regions: 108->109(154)
[2684.709s][info][gc,heap        ] GC(499) Old regions: 504->535
[2684.709s][info][gc,heap        ] GC(499) Humongous regions: 80->80
[2684.709s][info][gc,metaspace   ] GC(499) Metaspace: 28978K(29312K)->28978K(29312K) NonClass: 24095K(24256K)->24095K(24256K) Class: 4883K(5056K)->4883K(5056K)
[2684.709s][info][gc             ] GC(499) Pause Young (Prepare Mixed) (G1 Evacuation Pause) 3622M->1447M(4096M) 116.809ms
[2684.709s][info][gc,cpu         ] GC(499) User=0.70s Sys=0.00s Real=0.11s
....[2688.822s][info][gc,start       ] GC(500) Pause Young (Mixed) (G1 Evacuation Pause)
[2688.822s][info][gc,task        ] GC(500) Using 6 workers of 6 for evacuation
[2688.956s][info][gc,phases      ] GC(500)   Pre Evacuate Collection Set: 0.42ms
[2688.956s][info][gc,phases      ] GC(500)   Merge Heap Roots: 0.72ms
[2688.956s][info][gc,phases      ] GC(500)   Evacuate Collection Set: 131.36ms
[2688.956s][info][gc,phases      ] GC(500)   Post Evacuate Collection Set: 1.04ms
[2688.956s][info][gc,phases      ] GC(500)   Other: 0.10ms
[2688.956s][info][gc,heap        ] GC(500) Eden regions: 1112->0(1117)
[2688.956s][info][gc,heap        ] GC(500) Survivor regions: 109->111(153)
[2688.956s][info][gc,heap        ] GC(500) Old regions: 535->472
[2688.956s][info][gc,heap        ] GC(500) Humongous regions: 80->80
[2688.956s][info][gc,metaspace   ] GC(500) Metaspace: 28978K(29312K)->28978K(29312K) NonClass: 24095K(24256K)->24095K(24256K) Class: 4883K(5056K)->4883K(5056K)
[2688.956s][info][gc             ] GC(500) Pause Young (Mixed) (G1 Evacuation Pause) 3671M->1324M(4096M) 133.802ms
[2688.956s][info][gc,cpu         ] GC(500) User=0.79s Sys=0.00s Real=0.13s
....[2693.058s][info][gc,start       ] GC(501) Pause Young (Concurrent Start) (G1 Evacuation Pause)
[2693.058s][info][gc,task        ] GC(501) Using 6 workers of 6 for evacuation
[2693.174s][info][gc,phases      ] GC(501)   Pre Evacuate Collection Set: 0.41ms
[2693.174s][info][gc,phases      ] GC(501)   Merge Heap Roots: 0.50ms
[2693.174s][info][gc,phases      ] GC(501)   Evacuate Collection Set: 113.66ms
[2693.174s][info][gc,phases      ] GC(501)   Post Evacuate Collection Set: 0.88ms
[2693.174s][info][gc,phases      ] GC(501)   Other: 0.11ms
[2693.174s][info][gc,heap        ] GC(501) Eden regions: 1117->0(1121)
[2693.174s][info][gc,heap        ] GC(501) Survivor regions: 111->107(154)
[2693.174s][info][gc,heap        ] GC(501) Old regions: 472->504
[2693.174s][info][gc,heap        ] GC(501) Humongous regions: 80->80
[2693.174s][info][gc,metaspace   ] GC(501) Metaspace: 28978K(29312K)->28978K(29312K) NonClass: 24095K(24256K)->24095K(24256K) Class: 4883K(5056K)->4883K(5056K)
[2693.174s][info][gc             ] GC(501) Pause Young (Concurrent Start) (G1 Evacuation Pause) 3558M->1381M(4096M) 115.700ms
[2693.174s][info][gc             ] GC(502) Concurrent Mark Cycle
[2693.174s][info][gc,marking     ] GC(502) Concurrent Scan Root Regions
[2693.174s][info][gc,cpu         ] GC(501) User=0.69s Sys=0.00s Real=0.12s
.[2693.330s][info][gc,marking     ] GC(502) Concurrent Scan Root Regions 155.802ms
[2693.330s][info][gc,marking     ] GC(502) Concurrent Mark
[2693.330s][info][gc,marking     ] GC(502) Concurrent Mark From Roots
[2693.330s][info][gc,task        ] GC(502) Using 2 workers of 2 for marking
[2694.087s][info][gc,marking     ] GC(502) Concurrent Mark From Roots 757.160ms
[2694.087s][info][gc,marking     ] GC(502) Concurrent Preclean
[2694.087s][info][gc,marking     ] GC(502) Concurrent Preclean 0.067ms
[2694.087s][info][gc,start       ] GC(502) Pause Remark
[2694.091s][info][gc             ] GC(502) Pause Remark 1887M->1887M(4096M) 3.521ms
[2694.091s][info][gc,cpu         ] GC(502) User=0.02s Sys=0.00s Real=0.00s
[2694.091s][info][gc,marking     ] GC(502) Concurrent Mark 761.092ms
[2694.091s][info][gc,marking     ] GC(502) Concurrent Rebuild Remembered Sets and Scrub Regions
.[2694.374s][info][gc,marking     ] GC(502) Concurrent Rebuild Remembered Sets and Scrub Regions 283.038ms
[2694.374s][info][gc,start       ] GC(502) Pause Cleanup
[2694.375s][info][gc             ] GC(502) Pause Cleanup 2072M->2072M(4096M) 0.133ms
[2694.375s][info][gc,cpu         ] GC(502) User=0.00s Sys=0.00s Real=0.00s
[2694.375s][info][gc,marking     ] GC(502) Concurrent Clear Claimed Marks
[2694.375s][info][gc,marking     ] GC(502) Concurrent Clear Claimed Marks 0.035ms
[2694.375s][info][gc,marking     ] GC(502) Concurrent Cleanup for Next Mark
[2694.379s][info][gc,marking     ] GC(502) Concurrent Cleanup for Next Mark 4.757ms
[2694.379s][info][gc             ] GC(502) Concurrent Mark Cycle 1205.283ms
...[2697.327s][info][gc,start       ] GC(503) Pause Young (Prepare Mixed) (G1 Evacuation Pause)
[2697.328s][info][gc,task        ] GC(503) Using 6 workers of 6 for evacuation
[2697.451s][info][gc,phases      ] GC(503)   Pre Evacuate Collection Set: 0.33ms
[2697.451s][info][gc,phases      ] GC(503)   Merge Heap Roots: 0.54ms
[2697.451s][info][gc,phases      ] GC(503)   Evacuate Collection Set: 121.24ms
[2697.451s][info][gc,phases      ] GC(503)   Post Evacuate Collection Set: 0.91ms
[2697.451s][info][gc,phases      ] GC(503)   Other: 0.10ms
[2697.451s][info][gc,heap        ] GC(503) Eden regions: 1121->0(1100)
[2697.451s][info][gc,heap        ] GC(503) Survivor regions: 107->114(154)
[2697.451s][info][gc,heap        ] GC(503) Old regions: 504->537
[2697.451s][info][gc,heap        ] GC(503) Humongous regions: 80->80
[2697.451s][info][gc,metaspace   ] GC(503) Metaspace: 28978K(29312K)->28978K(29312K) NonClass: 24095K(24256K)->24095K(24256K) Class: 4883K(5056K)->4883K(5056K)
[2697.451s][info][gc             ] GC(503) Pause Young (Prepare Mixed) (G1 Evacuation Pause) 3623M->1459M(4096M) 123.251ms
[2697.451s][info][gc,cpu         ] GC(503) User=0.73s Sys=0.00s Real=0.12s
....[2701.450s][info][gc,start       ] GC(504) Pause Young (Mixed) (G1 Evacuation Pause)
[2701.450s][info][gc,task        ] GC(504) Using 6 workers of 6 for evacuation
[2701.584s][info][gc,phases      ] GC(504)   Pre Evacuate Collection Set: 0.36ms
[2701.584s][info][gc,phases      ] GC(504)   Merge Heap Roots: 0.63ms
[2701.584s][info][gc,phases      ] GC(504)   Evacuate Collection Set: 132.03ms
[2701.584s][info][gc,phases      ] GC(504)   Post Evacuate Collection Set: 0.95ms
[2701.584s][info][gc,phases      ] GC(504)   Other: 0.08ms
[2701.584s][info][gc,heap        ] GC(504) Eden regions: 1100->0(1118)
[2701.584s][info][gc,heap        ] GC(504) Survivor regions: 114->110(152)
[2701.584s][info][gc,heap        ] GC(504) Old regions: 537->473
[2701.584s][info][gc,heap        ] GC(504) Humongous regions: 80->80
[2701.584s][info][gc,metaspace   ] GC(504) Metaspace: 28978K(29312K)->28978K(29312K) NonClass: 24095K(24256K)->24095K(24256K) Class: 4883K(5056K)->4883K(5056K)
[2701.584s][info][gc             ] GC(504) Pause Young (Mixed) (G1 Evacuation Pause) 3659M->1325M(4096M) 134.173ms
[2701.584s][info][gc,cpu         ] GC(504) User=0.80s Sys=0.00s Real=0.14s
....[2705.824s][info][gc,start       ] GC(505) Pause Young (Concurrent Start) (G1 Evacuation Pause)
[2705.824s][info][gc,task        ] GC(505) Using 6 workers of 6 for evacuation
[2705.943s][info][gc,phases      ] GC(505)   Pre Evacuate Collection Set: 0.38ms
[2705.943s][info][gc,phases      ] GC(505)   Merge Heap Roots: 0.47ms
[2705.943s][info][gc,phases      ] GC(505)   Evacuate Collection Set: 117.02ms
[2705.943s][info][gc,phases      ] GC(505)   Post Evacuate Collection Set: 0.89ms
[2705.943s][info][gc,phases      ] GC(505)   Other: 0.11ms
[2705.943s][info][gc,heap        ] GC(505) Eden regions: 1118->0(1116)
[2705.943s][info][gc,heap        ] GC(505) Survivor regions: 110->112(154)
[2705.943s][info][gc,heap        ] GC(505) Old regions: 473->505
[2705.943s][info][gc,heap        ] GC(505) Humongous regions: 80->80
[2705.943s][info][gc,metaspace   ] GC(505) Metaspace: 28978K(29312K)->28978K(29312K) NonClass: 24095K(24256K)->24095K(24256K) Class: 4883K(5056K)->4883K(5056K)
[2705.943s][info][gc             ] GC(505) Pause Young (Concurrent Start) (G1 Evacuation Pause) 3561M->1391M(4096M) 119.007ms
[2705.943s][info][gc             ] GC(506) Concurrent Mark Cycle
[2705.943s][info][gc,marking     ] GC(506) Concurrent Scan Root Regions
[2705.943s][info][gc,cpu         ] GC(505) User=0.70s Sys=0.00s Real=0.12s
[2706.127s][info][gc,marking     ] GC(506) Concurrent Scan Root Regions 183.285ms
[2706.127s][info][gc,marking     ] GC(506) Concurrent Mark
[2706.127s][info][gc,marking     ] GC(506) Concurrent Mark From Roots
[2706.127s][info][gc,task        ] GC(506) Using 2 workers of 2 for marking
.[2706.857s][info][gc,marking     ] GC(506) Concurrent Mark From Roots 730.273ms
[2706.857s][info][gc,marking     ] GC(506) Concurrent Preclean
[2706.857s][info][gc,marking     ] GC(506) Concurrent Preclean 0.106ms
[2706.857s][info][gc,start       ] GC(506) Pause Remark
[2706.863s][info][gc             ] GC(506) Pause Remark 1951M->1951M(4096M) 5.422ms
[2706.863s][info][gc,cpu         ] GC(506) User=0.03s Sys=0.00s Real=0.01s
[2706.863s][info][gc,marking     ] GC(506) Concurrent Mark 736.069ms
[2706.863s][info][gc,marking     ] GC(506) Concurrent Rebuild Remembered Sets and Scrub Regions
[2707.161s][info][gc,marking     ] GC(506) Concurrent Rebuild Remembered Sets and Scrub Regions 298.369ms
[2707.161s][info][gc,start       ] GC(506) Pause Cleanup
[2707.161s][info][gc             ] GC(506) Pause Cleanup 2102M->2102M(4096M) 0.124ms
[2707.161s][info][gc,cpu         ] GC(506) User=0.00s Sys=0.00s Real=0.00s
[2707.162s][info][gc,marking     ] GC(506) Concurrent Clear Claimed Marks
[2707.162s][info][gc,marking     ] GC(506) Concurrent Clear Claimed Marks 0.023ms
[2707.162s][info][gc,marking     ] GC(506) Concurrent Cleanup for Next Mark
[2707.165s][info][gc,marking     ] GC(506) Concurrent Cleanup for Next Mark 3.376ms
[2707.165s][info][gc             ] GC(506) Concurrent Mark Cycle 1221.598ms
...[2710.039s][info][gc,start       ] GC(507) Pause Young (Prepare Mixed) (G1 Evacuation Pause)
[2710.039s][info][gc,task        ] GC(507) Using 6 workers of 6 for evacuation
[2710.156s][info][gc,phases      ] GC(507)   Pre Evacuate Collection Set: 0.32ms
[2710.156s][info][gc,phases      ] GC(507)   Merge Heap Roots: 0.52ms
[2710.156s][info][gc,phases      ] GC(507)   Evacuate Collection Set: 115.15ms
[2710.156s][info][gc,phases      ] GC(507)   Post Evacuate Collection Set: 0.94ms
[2710.156s][info][gc,phases      ] GC(507)   Other: 0.08ms
[2710.156s][info][gc,heap        ] GC(507) Eden regions: 1116->0(1111)
[2710.156s][info][gc,heap        ] GC(507) Survivor regions: 112->109(154)
[2710.156s][info][gc,heap        ] GC(507) Old regions: 505->536
[2710.156s][info][gc,heap        ] GC(507) Humongous regions: 80->80
[2710.156s][info][gc,metaspace   ] GC(507) Metaspace: 28975K(29312K)->28975K(29312K) NonClass: 24094K(24256K)->24094K(24256K) Class: 4880K(5056K)->4880K(5056K)
[2710.156s][info][gc             ] GC(507) Pause Young (Prepare Mixed) (G1 Evacuation Pause) 3623M->1447M(4096M) 117.144ms
[2710.156s][info][gc,cpu         ] GC(507) User=0.70s Sys=0.00s Real=0.12s
....[2714.249s][info][gc,start       ] GC(508) Pause Young (Mixed) (G1 Evacuation Pause)
[2714.249s][info][gc,task        ] GC(508) Using 6 workers of 6 for evacuation
[2714.380s][info][gc,phases      ] GC(508)   Pre Evacuate Collection Set: 0.41ms
[2714.380s][info][gc,phases      ] GC(508)   Merge Heap Roots: 0.69ms
[2714.380s][info][gc,phases      ] GC(508)   Evacuate Collection Set: 129.21ms
[2714.380s][info][gc,phases      ] GC(508)   Post Evacuate Collection Set: 0.96ms
[2714.380s][info][gc,phases      ] GC(508)   Other: 0.09ms
[2714.380s][info][gc,heap        ] GC(508) Eden regions: 1111->0(1120)
[2714.380s][info][gc,heap        ] GC(508) Survivor regions: 109->108(153)
[2714.380s][info][gc,heap        ] GC(508) Old regions: 536->469
[2714.380s][info][gc,heap        ] GC(508) Humongous regions: 80->80
[2714.380s][info][gc,metaspace   ] GC(508) Metaspace: 28975K(29312K)->28975K(29312K) NonClass: 24094K(24256K)->24094K(24256K) Class: 4880K(5056K)->4880K(5056K)
[2714.380s][info][gc             ] GC(508) Pause Young (Mixed) (G1 Evacuation Pause) 3669M->1312M(4096M) 131.487ms
[2714.380s][info][gc,cpu         ] GC(508) User=0.78s Sys=0.00s Real=0.13s
.....[2718.480s][info][gc,start       ] GC(509) Pause Young (Concurrent Start) (G1 Evacuation Pause)
[2718.480s][info][gc,task        ] GC(509) Using 6 workers of 6 for evacuation
[2718.596s][info][gc,phases      ] GC(509)   Pre Evacuate Collection Set: 0.38ms
[2718.596s][info][gc,phases      ] GC(509)   Merge Heap Roots: 0.48ms
[2718.596s][info][gc,phases      ] GC(509)   Evacuate Collection Set: 113.70ms
[2718.596s][info][gc,phases      ] GC(509)   Post Evacuate Collection Set: 0.87ms
[2718.596s][info][gc,phases      ] GC(509)   Other: 0.10ms
[2718.596s][info][gc,heap        ] GC(509) Eden regions: 1120->0(1120)
[2718.596s][info][gc,heap        ] GC(509) Survivor regions: 108->108(154)
[2718.596s][info][gc,heap        ] GC(509) Old regions: 469->501
[2718.596s][info][gc,heap        ] GC(509) Humongous regions: 80->80
[2718.596s][info][gc,metaspace   ] GC(509) Metaspace: 28975K(29312K)->28975K(29312K) NonClass: 24094K(24256K)->24094K(24256K) Class: 4880K(5056K)->4880K(5056K)
[2718.596s][info][gc             ] GC(509) Pause Young (Concurrent Start) (G1 Evacuation Pause) 3552M->1376M(4096M) 115.665ms
[2718.596s][info][gc             ] GC(510) Concurrent Mark Cycle
[2718.596s][info][gc,marking     ] GC(510) Concurrent Scan Root Regions
[2718.596s][info][gc,cpu         ] GC(509) User=0.69s Sys=0.00s Real=0.12s
[2718.775s][info][gc,marking     ] GC(510) Concurrent Scan Root Regions 179.796ms
[2718.776s][info][gc,marking     ] GC(510) Concurrent Mark
[2718.776s][info][gc,marking     ] GC(510) Concurrent Mark From Roots
[2718.776s][info][gc,task        ] GC(510) Using 2 workers of 2 for marking
.[2719.500s][info][gc,marking     ] GC(510) Concurrent Mark From Roots 724.685ms
[2719.500s][info][gc,marking     ] GC(510) Concurrent Preclean
[2719.500s][info][gc,marking     ] GC(510) Concurrent Preclean 0.052ms
[2719.500s][info][gc,start       ] GC(510) Pause Remark
[2719.505s][info][gc             ] GC(510) Pause Remark 1938M->1938M(4096M) 4.335ms
[2719.505s][info][gc,cpu         ] GC(510) User=0.02s Sys=0.00s Real=0.01s
[2719.505s][info][gc,marking     ] GC(510) Concurrent Mark 729.317ms
[2719.505s][info][gc,marking     ] GC(510) Concurrent Rebuild Remembered Sets and Scrub Regions
[2719.746s][info][gc,marking     ] GC(510) Concurrent Rebuild Remembered Sets and Scrub Regions 240.870ms
[2719.746s][info][gc,start       ] GC(510) Pause Cleanup
[2719.746s][info][gc             ] GC(510) Pause Cleanup 2044M->2044M(4096M) 0.104ms
[2719.746s][info][gc,cpu         ] GC(510) User=0.00s Sys=0.00s Real=0.00s
[2719.746s][info][gc,marking     ] GC(510) Concurrent Clear Claimed Marks
[2719.746s][info][gc,marking     ] GC(510) Concurrent Clear Claimed Marks 0.025ms
[2719.746s][info][gc,marking     ] GC(510) Concurrent Cleanup for Next Mark
[2719.749s][info][gc,marking     ] GC(510) Concurrent Cleanup for Next Mark 3.150ms
[2719.749s][info][gc             ] GC(510) Concurrent Mark Cycle 1153.585ms
...[2722.786s][info][gc,start       ] GC(511) Pause Young (Prepare Mixed) (G1 Evacuation Pause)
[2722.786s][info][gc,task        ] GC(511) Using 6 workers of 6 for evacuation
[2722.904s][info][gc,phases      ] GC(511)   Pre Evacuate Collection Set: 0.36ms
[2722.904s][info][gc,phases      ] GC(511)   Merge Heap Roots: 0.52ms
[2722.904s][info][gc,phases      ] GC(511)   Evacuate Collection Set: 116.19ms
[2722.904s][info][gc,phases      ] GC(511)   Post Evacuate Collection Set: 0.93ms
[2722.904s][info][gc,phases      ] GC(511)   Other: 0.08ms
[2722.904s][info][gc,heap        ] GC(511) Eden regions: 1120->0(1112)
[2722.904s][info][gc,heap        ] GC(511) Survivor regions: 108->110(154)
[2722.904s][info][gc,heap        ] GC(511) Old regions: 501->533
[2722.904s][info][gc,heap        ] GC(511) Humongous regions: 80->80
[2722.904s][info][gc,metaspace   ] GC(511) Metaspace: 28975K(29312K)->28975K(29312K) NonClass: 24094K(24256K)->24094K(24256K) Class: 4880K(5056K)->4880K(5056K)
[2722.904s][info][gc             ] GC(511) Pause Young (Prepare Mixed) (G1 Evacuation Pause) 3616M->1444M(4096M) 118.213ms
[2722.904s][info][gc,cpu         ] GC(511) User=0.70s Sys=0.00s Real=0.12s
....[2726.957s][info][gc,start       ] GC(512) Pause Young (Mixed) (G1 Evacuation Pause)
[2726.957s][info][gc,task        ] GC(512) Using 6 workers of 6 for evacuation
[2727.091s][info][gc,phases      ] GC(512)   Pre Evacuate Collection Set: 0.43ms
[2727.091s][info][gc,phases      ] GC(512)   Merge Heap Roots: 0.75ms
[2727.091s][info][gc,phases      ] GC(512)   Evacuate Collection Set: 131.32ms
[2727.091s][info][gc,phases      ] GC(512)   Post Evacuate Collection Set: 0.96ms
[2727.091s][info][gc,phases      ] GC(512)   Other: 0.09ms
[2727.091s][info][gc,heap        ] GC(512) Eden regions: 1112->0(1118)
[2727.091s][info][gc,heap        ] GC(512) Survivor regions: 110->110(153)
[2727.091s][info][gc,heap        ] GC(512) Old regions: 533->472
[2727.091s][info][gc,heap        ] GC(512) Humongous regions: 80->80
[2727.091s][info][gc,metaspace   ] GC(512) Metaspace: 28975K(29312K)->28975K(29312K) NonClass: 24094K(24256K)->24094K(24256K) Class: 4880K(5056K)->4880K(5056K)
[2727.091s][info][gc             ] GC(512) Pause Young (Mixed) (G1 Evacuation Pause) 3668M->1322M(4096M) 133.670ms
[2727.091s][info][gc,cpu         ] GC(512) User=0.80s Sys=0.00s Real=0.13s
....[2731.236s][info][gc,start       ] GC(513) Pause Young (Concurrent Start) (G1 Evacuation Pause)
[2731.236s][info][gc,task        ] GC(513) Using 6 workers of 6 for evacuation
[2731.350s][info][gc,phases      ] GC(513)   Pre Evacuate Collection Set: 0.37ms
[2731.351s][info][gc,phases      ] GC(513)   Merge Heap Roots: 0.54ms
[2731.351s][info][gc,phases      ] GC(513)   Evacuate Collection Set: 112.87ms
[2731.351s][info][gc,phases      ] GC(513)   Post Evacuate Collection Set: 0.92ms
[2731.351s][info][gc,phases      ] GC(513)   Other: 0.12ms
[2731.351s][info][gc,heap        ] GC(513) Eden regions: 1118->0(1120)
[2731.351s][info][gc,heap        ] GC(513) Survivor regions: 110->108(154)
[2731.351s][info][gc,heap        ] GC(513) Old regions: 472->504
[2731.351s][info][gc,heap        ] GC(513) Humongous regions: 80->80
[2731.351s][info][gc,metaspace   ] GC(513) Metaspace: 28975K(29312K)->28975K(29312K) NonClass: 24094K(24256K)->24094K(24256K) Class: 4880K(5056K)->4880K(5056K)
[2731.351s][info][gc             ] GC(513) Pause Young (Concurrent Start) (G1 Evacuation Pause) 3558M->1382M(4096M) 115.004ms
[2731.351s][info][gc             ] GC(514) Concurrent Mark Cycle
[2731.351s][info][gc,marking     ] GC(514) Concurrent Scan Root Regions
[2731.351s][info][gc,cpu         ] GC(513) User=0.68s Sys=0.01s Real=0.11s
.[2731.536s][info][gc,marking     ] GC(514) Concurrent Scan Root Regions 185.792ms
[2731.537s][info][gc,marking     ] GC(514) Concurrent Mark
[2731.537s][info][gc,marking     ] GC(514) Concurrent Mark From Roots
[2731.537s][info][gc,task        ] GC(514) Using 2 workers of 2 for marking
[2732.169s][info][gc,marking     ] GC(514) Concurrent Mark From Roots 632.397ms
[2732.169s][info][gc,marking     ] GC(514) Concurrent Preclean
[2732.169s][info][gc,marking     ] GC(514) Concurrent Preclean 0.077ms
[2732.169s][info][gc,start       ] GC(514) Pause Remark
[2732.175s][info][gc             ] GC(514) Pause Remark 1882M->1882M(4096M) 5.472ms
[2732.175s][info][gc,cpu         ] GC(514) User=0.03s Sys=0.00s Real=0.01s
[2732.175s][info][gc,marking     ] GC(514) Concurrent Mark 638.214ms
[2732.175s][info][gc,marking     ] GC(514) Concurrent Rebuild Remembered Sets and Scrub Regions
[2732.402s][info][gc,marking     ] GC(514) Concurrent Rebuild Remembered Sets and Scrub Regions 227.413ms
[2732.402s][info][gc,start       ] GC(514) Pause Cleanup
[2732.402s][info][gc             ] GC(514) Pause Cleanup 1990M->1990M(4096M) 0.131ms
[2732.403s][info][gc,cpu         ] GC(514) User=0.00s Sys=0.00s Real=0.00s
[2732.403s][info][gc,marking     ] GC(514) Concurrent Clear Claimed Marks
[2732.403s][info][gc,marking     ] GC(514) Concurrent Clear Claimed Marks 0.035ms
[2732.403s][info][gc,marking     ] GC(514) Concurrent Cleanup for Next Mark
[2732.406s][info][gc,marking     ] GC(514) Concurrent Cleanup for Next Mark 3.513ms
[2732.406s][info][gc             ] GC(514) Concurrent Mark Cycle 1055.526ms
...[2735.434s][info][gc,start       ] GC(515) Pause Young (Prepare Mixed) (G1 Evacuation Pause)
[2735.434s][info][gc,task        ] GC(515) Using 6 workers of 6 for evacuation
[2735.554s][info][gc,phases      ] GC(515)   Pre Evacuate Collection Set: 0.35ms
[2735.554s][info][gc,phases      ] GC(515)   Merge Heap Roots: 0.58ms
[2735.554s][info][gc,phases      ] GC(515)   Evacuate Collection Set: 117.53ms
[2735.554s][info][gc,phases      ] GC(515)   Post Evacuate Collection Set: 0.95ms
[2735.554s][info][gc,phases      ] GC(515)   Other: 0.83ms
[2735.554s][info][gc,heap        ] GC(515) Eden regions: 1120->0(1105)
[2735.554s][info][gc,heap        ] GC(515) Survivor regions: 108->112(154)
[2735.554s][info][gc,heap        ] GC(515) Old regions: 504->536
[2735.554s][info][gc,heap        ] GC(515) Humongous regions: 80->80
[2735.554s][info][gc,metaspace   ] GC(515) Metaspace: 28973K(29312K)->28973K(29312K) NonClass: 24093K(24256K)->24093K(24256K) Class: 4880K(5056K)->4880K(5056K)
[2735.554s][info][gc             ] GC(515) Pause Young (Prepare Mixed) (G1 Evacuation Pause) 3622M->1453M(4096M) 120.399ms
[2735.554s][info][gc,cpu         ] GC(515) User=0.71s Sys=0.00s Real=0.12s
.....[2739.656s][info][gc,start       ] GC(516) Pause Young (Mixed) (G1 Evacuation Pause)
[2739.656s][info][gc,task        ] GC(516) Using 6 workers of 6 for evacuation
[2739.789s][info][gc,phases      ] GC(516)   Pre Evacuate Collection Set: 0.41ms
[2739.789s][info][gc,phases      ] GC(516)   Merge Heap Roots: 0.70ms
[2739.789s][info][gc,phases      ] GC(516)   Evacuate Collection Set: 130.69ms
[2739.789s][info][gc,phases      ] GC(516)   Post Evacuate Collection Set: 0.94ms
[2739.789s][info][gc,phases      ] GC(516)   Other: 0.09ms
[2739.789s][info][gc,heap        ] GC(516) Eden regions: 1105->0(1119)
[2739.789s][info][gc,heap        ] GC(516) Survivor regions: 112->109(153)
[2739.789s][info][gc,heap        ] GC(516) Old regions: 536->471
[2739.789s][info][gc,heap        ] GC(516) Humongous regions: 80->80
[2739.789s][info][gc,metaspace   ] GC(516) Metaspace: 28973K(29312K)->28973K(29312K) NonClass: 24093K(24256K)->24093K(24256K) Class: 4880K(5056K)->4880K(5056K)
[2739.789s][info][gc             ] GC(516) Pause Young (Mixed) (G1 Evacuation Pause) 3663M->1318M(4096M) 132.985ms
[2739.789s][info][gc,cpu         ] GC(516) User=0.79s Sys=0.00s Real=0.13s
. (rIR:aIR:PR = 4428:4431:4431) (tPR = 66505) [OK] 
  2740s: Performance info:
         Transaction,    Success,    Partial,     Failed,   Receipts, AvgBarcode, 
             Overall,     267395,          0,          0,     254024,      59.47, 
         Response times:
             Request,    Success,    Partial,     Failed,   SkipFail,     Probes,    Samples,      min,      p50,      p90,      p95,      p99,      max, 
       TotalPurchase,     254024,          0,          0,          0,     249228,     275446,      300,     3600,     6800,    12500,    62530,   201000,
     InStorePurchase,     133689,          0,          0,          0,     131472,     145293,      300,     3500,     6700,    12100,    59000,   194000,
      OnlinePurchase,      93585,          0,          0,          0,      91645,     101195,      300,     3700,     6900,    13520,    64000,   201000,
        InstPurchase,      26750,          0,          0,          0,      26111,      28958,      400,     3300,     6600,    11600,    61000,   177000,
          AssocOfCat,        267,          0,          0,          0,        209,        286,    22000,    31000,    55000,    75300,   164340,   189000,
      AssocOfProduct,       2671,          0,          0,          0,       2457,       2872,      500,     3900,     6600,    10470,    69000,   138000,
      BusinessReport,        667,          0,          0,          0,        567,        728,    25000,    33000,    55000,    69000,   165840,   205000,
          CustBuyBeh,       2675,          0,          0,          0,       2466,       2935,      200,     4300,     7700,    21000,    81120,   148000,
       ProductReturn,       7093,          0,          0,          0,       6749,       7616,      300,     3600,     6800,    14600,    68830,   144000,

  2740s: (33%)   IR =   4566 ...[2743.863s][info][gc,start       ] GC(517) Pause Young (Concurrent Start) (G1 Evacuation Pause)
[2743.863s][info][gc,task        ] GC(517) Using 6 workers of 6 for evacuation
[2743.987s][info][gc,phases      ] GC(517)   Pre Evacuate Collection Set: 0.37ms
[2743.987s][info][gc,phases      ] GC(517)   Merge Heap Roots: 0.50ms
[2743.987s][info][gc,phases      ] GC(517)   Evacuate Collection Set: 122.15ms
[2743.987s][info][gc,phases      ] GC(517)   Post Evacuate Collection Set: 0.98ms
[2743.987s][info][gc,phases      ] GC(517)   Other: 0.11ms
[2743.987s][info][gc,heap        ] GC(517) Eden regions: 1119->0(1113)
[2743.987s][info][gc,heap        ] GC(517) Survivor regions: 109->115(154)
[2743.987s][info][gc,heap        ] GC(517) Old regions: 471->502
[2743.987s][info][gc,heap        ] GC(517) Humongous regions: 80->80
[2743.987s][info][gc,metaspace   ] GC(517) Metaspace: 28973K(29312K)->28973K(29312K) NonClass: 24093K(24256K)->24093K(24256K) Class: 4880K(5056K)->4880K(5056K)
[2743.987s][info][gc             ] GC(517) Pause Young (Concurrent Start) (G1 Evacuation Pause) 3556M->1392M(4096M) 124.230ms
[2743.987s][info][gc             ] GC(518) Concurrent Mark Cycle
[2743.987s][info][gc,marking     ] GC(518) Concurrent Scan Root Regions
[2743.987s][info][gc,cpu         ] GC(517) User=0.74s Sys=0.00s Real=0.12s
[2744.171s][info][gc,marking     ] GC(518) Concurrent Scan Root Regions 183.211ms
[2744.171s][info][gc,marking     ] GC(518) Concurrent Mark
[2744.171s][info][gc,marking     ] GC(518) Concurrent Mark From Roots
[2744.171s][info][gc,task        ] GC(518) Using 2 workers of 2 for marking
.[2744.841s][info][gc,marking     ] GC(518) Concurrent Mark From Roots 670.194ms
[2744.841s][info][gc,marking     ] GC(518) Concurrent Preclean
[2744.841s][info][gc,marking     ] GC(518) Concurrent Preclean 0.131ms
[2744.842s][info][gc,start       ] GC(518) Pause Remark
[2744.846s][info][gc             ] GC(518) Pause Remark 1884M->1884M(4096M) 3.772ms
[2744.846s][info][gc,cpu         ] GC(518) User=0.02s Sys=0.00s Real=0.00s
[2744.846s][info][gc,marking     ] GC(518) Concurrent Mark 675.161ms
[2744.846s][info][gc,marking     ] GC(518) Concurrent Rebuild Remembered Sets and Scrub Regions
[2745.203s][info][gc,marking     ] GC(518) Concurrent Rebuild Remembered Sets and Scrub Regions 357.188ms
[2745.203s][info][gc,start       ] GC(518) Pause Cleanup
[2745.203s][info][gc             ] GC(518) Pause Cleanup 2117M->2117M(4096M) 0.116ms
[2745.203s][info][gc,cpu         ] GC(518) User=0.00s Sys=0.00s Real=0.00s
[2745.203s][info][gc,marking     ] GC(518) Concurrent Clear Claimed Marks
[2745.203s][info][gc,marking     ] GC(518) Concurrent Clear Claimed Marks 0.026ms
[2745.203s][info][gc,marking     ] GC(518) Concurrent Cleanup for Next Mark
[2745.208s][info][gc,marking     ] GC(518) Concurrent Cleanup for Next Mark 4.687ms
[2745.208s][info][gc             ] GC(518) Concurrent Mark Cycle 1220.828ms
..|.[2747.991s][info][gc,start       ] GC(519) Pause Young (Prepare Mixed) (G1 Evacuation Pause)
[2747.991s][info][gc,task        ] GC(519) Using 6 workers of 6 for evacuation
[2748.113s][info][gc,phases      ] GC(519)   Pre Evacuate Collection Set: 0.35ms
[2748.113s][info][gc,phases      ] GC(519)   Merge Heap Roots: 0.54ms
[2748.113s][info][gc,phases      ] GC(519)   Evacuate Collection Set: 119.69ms
[2748.113s][info][gc,phases      ] GC(519)   Post Evacuate Collection Set: 1.00ms
[2748.113s][info][gc,phases      ] GC(519)   Other: 0.09ms
[2748.113s][info][gc,heap        ] GC(519) Eden regions: 1113->0(1103)
[2748.113s][info][gc,heap        ] GC(519) Survivor regions: 115->114(154)
[2748.113s][info][gc,heap        ] GC(519) Old regions: 502->534
[2748.113s][info][gc,heap        ] GC(519) Humongous regions: 80->80
[2748.113s][info][gc,metaspace   ] GC(519) Metaspace: 28973K(29312K)->28973K(29312K) NonClass: 24093K(24256K)->24093K(24256K) Class: 4880K(5056K)->4880K(5056K)
[2748.113s][info][gc             ] GC(519) Pause Young (Prepare Mixed) (G1 Evacuation Pause) 3618M->1453M(4096M) 121.823ms
[2748.113s][info][gc,cpu         ] GC(519) User=0.73s Sys=0.00s Real=0.13s
....[2752.044s][info][gc,start       ] GC(520) Pause Young (Mixed) (G1 Evacuation Pause)
[2752.044s][info][gc,task        ] GC(520) Using 6 workers of 6 for evacuation
[2752.175s][info][gc,phases      ] GC(520)   Pre Evacuate Collection Set: 0.39ms
[2752.175s][info][gc,phases      ] GC(520)   Merge Heap Roots: 0.61ms
[2752.175s][info][gc,phases      ] GC(520)   Evacuate Collection Set: 128.83ms
[2752.175s][info][gc,phases      ] GC(520)   Post Evacuate Collection Set: 0.95ms
[2752.175s][info][gc,phases      ] GC(520)   Other: 0.08ms
[2752.175s][info][gc,heap        ] GC(520) Eden regions: 1103->0(1119)
[2752.175s][info][gc,heap        ] GC(520) Survivor regions: 114->109(153)
[2752.175s][info][gc,heap        ] GC(520) Old regions: 534->470
[2752.175s][info][gc,heap        ] GC(520) Humongous regions: 80->80
[2752.175s][info][gc,metaspace   ] GC(520) Metaspace: 28974K(29312K)->28974K(29312K) NonClass: 24094K(24256K)->24094K(24256K) Class: 4880K(5056K)->4880K(5056K)
[2752.175s][info][gc             ] GC(520) Pause Young (Mixed) (G1 Evacuation Pause) 3659M->1317M(4096M) 130.999ms
[2752.175s][info][gc,cpu         ] GC(520) User=0.78s Sys=0.00s Real=0.13s
....[2756.155s][info][gc,start       ] GC(521) Pause Young (Concurrent Start) (G1 Evacuation Pause)
[2756.155s][info][gc,task        ] GC(521) Using 6 workers of 6 for evacuation
[2756.269s][info][gc,phases      ] GC(521)   Pre Evacuate Collection Set: 0.36ms
[2756.269s][info][gc,phases      ] GC(521)   Merge Heap Roots: 0.49ms
[2756.269s][info][gc,phases      ] GC(521)   Evacuate Collection Set: 112.44ms
[2756.269s][info][gc,phases      ] GC(521)   Post Evacuate Collection Set: 0.91ms
[2756.269s][info][gc,phases      ] GC(521)   Other: 0.12ms
[2756.269s][info][gc,heap        ] GC(521) Eden regions: 1119->0(1121)
[2756.269s][info][gc,heap        ] GC(521) Survivor regions: 109->107(154)
[2756.269s][info][gc,heap        ] GC(521) Old regions: 470->503
[2756.269s][info][gc,heap        ] GC(521) Humongous regions: 80->80
[2756.269s][info][gc,metaspace   ] GC(521) Metaspace: 28974K(29312K)->28974K(29312K) NonClass: 24094K(24256K)->24094K(24256K) Class: 4880K(5056K)->4880K(5056K)
[2756.269s][info][gc             ] GC(521) Pause Young (Concurrent Start) (G1 Evacuation Pause) 3555M->1377M(4096M) 114.434ms
[2756.269s][info][gc             ] GC(522) Concurrent Mark Cycle
[2756.269s][info][gc,marking     ] GC(522) Concurrent Scan Root Regions
[2756.269s][info][gc,cpu         ] GC(521) User=0.68s Sys=0.00s Real=0.11s
[2756.444s][info][gc,marking     ] GC(522) Concurrent Scan Root Regions 174.589ms
[2756.444s][info][gc,marking     ] GC(522) Concurrent Mark
[2756.444s][info][gc,marking     ] GC(522) Concurrent Mark From Roots
[2756.444s][info][gc,task        ] GC(522) Using 2 workers of 2 for marking
.[2757.381s][info][gc,marking     ] GC(522) Concurrent Mark From Roots 936.960ms
[2757.381s][info][gc,marking     ] GC(522) Concurrent Preclean
[2757.381s][info][gc,marking     ] GC(522) Concurrent Preclean 0.072ms
[2757.381s][info][gc,start       ] GC(522) Pause Remark
[2757.386s][info][gc             ] GC(522) Pause Remark 2057M->2057M(4096M) 4.833ms
[2757.386s][info][gc,cpu         ] GC(522) User=0.02s Sys=0.00s Real=0.01s
[2757.386s][info][gc,marking     ] GC(522) Concurrent Mark 942.116ms
[2757.386s][info][gc,marking     ] GC(522) Concurrent Rebuild Remembered Sets and Scrub Regions
.[2757.642s][info][gc,marking     ] GC(522) Concurrent Rebuild Remembered Sets and Scrub Regions 256.180ms
[2757.642s][info][gc,start       ] GC(522) Pause Cleanup
[2757.642s][info][gc             ] GC(522) Pause Cleanup 2177M->2177M(4096M) 0.113ms
[2757.642s][info][gc,cpu         ] GC(522) User=0.00s Sys=0.00s Real=0.00s
[2757.642s][info][gc,marking     ] GC(522) Concurrent Clear Claimed Marks
[2757.642s][info][gc,marking     ] GC(522) Concurrent Clear Claimed Marks 0.031ms
[2757.642s][info][gc,marking     ] GC(522) Concurrent Cleanup for Next Mark
[2757.646s][info][gc,marking     ] GC(522) Concurrent Cleanup for Next Mark 3.334ms
[2757.646s][info][gc             ] GC(522) Concurrent Mark Cycle 1376.695ms
..[2760.219s][info][gc,start       ] GC(523) Pause Young (Prepare Mixed) (G1 Evacuation Pause)
[2760.219s][info][gc,task        ] GC(523) Using 6 workers of 6 for evacuation
[2760.334s][info][gc,phases      ] GC(523)   Pre Evacuate Collection Set: 0.32ms
[2760.334s][info][gc,phases      ] GC(523)   Merge Heap Roots: 0.52ms
[2760.334s][info][gc,phases      ] GC(523)   Evacuate Collection Set: 113.43ms
[2760.334s][info][gc,phases      ] GC(523)   Post Evacuate Collection Set: 0.93ms
[2760.334s][info][gc,phases      ] GC(523)   Other: 0.09ms
[2760.334s][info][gc,heap        ] GC(523) Eden regions: 1121->0(1117)
[2760.334s][info][gc,heap        ] GC(523) Survivor regions: 107->107(154)
[2760.334s][info][gc,heap        ] GC(523) Old regions: 503->534
[2760.334s][info][gc,heap        ] GC(523) Humongous regions: 80->80
[2760.334s][info][gc,metaspace   ] GC(523) Metaspace: 28974K(29312K)->28974K(29312K) NonClass: 24094K(24256K)->24094K(24256K) Class: 4880K(5056K)->4880K(5056K)
[2760.334s][info][gc             ] GC(523) Pause Young (Prepare Mixed) (G1 Evacuation Pause) 3619M->1441M(4096M) 115.420ms
[2760.335s][info][gc,cpu         ] GC(523) User=0.69s Sys=0.00s Real=0.12s
....[2764.374s][info][gc,start       ] GC(524) Pause Young (Mixed) (G1 Evacuation Pause)
[2764.374s][info][gc,task        ] GC(524) Using 6 workers of 6 for evacuation
[2764.510s][info][gc,phases      ] GC(524)   Pre Evacuate Collection Set: 0.37ms
[2764.510s][info][gc,phases      ] GC(524)   Merge Heap Roots: 0.78ms
[2764.510s][info][gc,phases      ] GC(524)   Evacuate Collection Set: 133.99ms
[2764.510s][info][gc,phases      ] GC(524)   Post Evacuate Collection Set: 0.95ms
[2764.510s][info][gc,phases      ] GC(524)   Other: 0.09ms
[2764.510s][info][gc,heap        ] GC(524) Eden regions: 1117->0(1117)
[2764.510s][info][gc,heap        ] GC(524) Survivor regions: 107->111(153)
[2764.510s][info][gc,heap        ] GC(524) Old regions: 534->473
[2764.510s][info][gc,heap        ] GC(524) Humongous regions: 80->80
[2764.510s][info][gc,metaspace   ] GC(524) Metaspace: 28974K(29312K)->28974K(29312K) NonClass: 24094K(24256K)->24094K(24256K) Class: 4880K(5056K)->4880K(5056K)
[2764.510s][info][gc             ] GC(524) Pause Young (Mixed) (G1 Evacuation Pause) 3675M->1327M(4096M) 136.310ms
[2764.510s][info][gc,cpu         ] GC(524) User=0.81s Sys=0.00s Real=0.13s
....[2768.460s][info][gc,start       ] GC(525) Pause Young (Concurrent Start) (G1 Evacuation Pause)
[2768.460s][info][gc,task        ] GC(525) Using 6 workers of 6 for evacuation
[2768.579s][info][gc,phases      ] GC(525)   Pre Evacuate Collection Set: 0.40ms
[2768.579s][info][gc,phases      ] GC(525)   Merge Heap Roots: 0.51ms
[2768.579s][info][gc,phases      ] GC(525)   Evacuate Collection Set: 117.29ms
[2768.579s][info][gc,phases      ] GC(525)   Post Evacuate Collection Set: 0.91ms
[2768.579s][info][gc,phases      ] GC(525)   Other: 0.09ms
[2768.579s][info][gc,heap        ] GC(525) Eden regions: 1117->0(1118)
[2768.579s][info][gc,heap        ] GC(525) Survivor regions: 111->110(154)
[2768.579s][info][gc,heap        ] GC(525) Old regions: 473->505
[2768.579s][info][gc,heap        ] GC(525) Humongous regions: 80->80
[2768.579s][info][gc,metaspace   ] GC(525) Metaspace: 28974K(29312K)->28974K(29312K) NonClass: 24094K(24256K)->24094K(24256K) Class: 4880K(5056K)->4880K(5056K)
[2768.580s][info][gc             ] GC(525) Pause Young (Concurrent Start) (G1 Evacuation Pause) 3561M->1388M(4096M) 119.320ms
[2768.580s][info][gc             ] GC(526) Concurrent Mark Cycle
[2768.580s][info][gc,marking     ] GC(526) Concurrent Scan Root Regions
[2768.580s][info][gc,cpu         ] GC(525) User=0.71s Sys=0.00s Real=0.12s
.[2768.756s][info][gc,marking     ] GC(526) Concurrent Scan Root Regions 176.642ms
[2768.756s][info][gc,marking     ] GC(526) Concurrent Mark
[2768.756s][info][gc,marking     ] GC(526) Concurrent Mark From Roots
[2768.756s][info][gc,task        ] GC(526) Using 2 workers of 2 for marking
[2769.484s][info][gc,marking     ] GC(526) Concurrent Mark From Roots 727.705ms
[2769.484s][info][gc,marking     ] GC(526) Concurrent Preclean
[2769.484s][info][gc,marking     ] GC(526) Concurrent Preclean 0.094ms
[2769.485s][info][gc,start       ] GC(526) Pause Remark
[2769.490s][info][gc             ] GC(526) Pause Remark 1949M->1949M(4096M) 5.266ms
[2769.490s][info][gc,cpu         ] GC(526) User=0.03s Sys=0.00s Real=0.00s
[2769.490s][info][gc,marking     ] GC(526) Concurrent Mark 733.944ms
[2769.490s][info][gc,marking     ] GC(526) Concurrent Rebuild Remembered Sets and Scrub Regions
.[2769.840s][info][gc,marking     ] GC(526) Concurrent Rebuild Remembered Sets and Scrub Regions 349.651ms
[2769.840s][info][gc,start       ] GC(526) Pause Cleanup
[2769.840s][info][gc             ] GC(526) Pause Cleanup 2131M->2131M(4096M) 0.126ms
[2769.840s][info][gc,cpu         ] GC(526) User=0.00s Sys=0.00s Real=0.00s
[2769.840s][info][gc,marking     ] GC(526) Concurrent Clear Claimed Marks
[2769.840s][info][gc,marking     ] GC(526) Concurrent Clear Claimed Marks 0.025ms
[2769.840s][info][gc,marking     ] GC(526) Concurrent Cleanup for Next Mark
[2769.844s][info][gc,marking     ] GC(526) Concurrent Cleanup for Next Mark 3.931ms
[2769.844s][info][gc             ] GC(526) Concurrent Mark Cycle 1264.593ms
..[2772.646s][info][gc,start       ] GC(527) Pause Young (Prepare Mixed) (G1 Evacuation Pause)
[2772.646s][info][gc,task        ] GC(527) Using 6 workers of 6 for evacuation
[2772.762s][info][gc,phases      ] GC(527)   Pre Evacuate Collection Set: 0.37ms
[2772.762s][info][gc,phases      ] GC(527)   Merge Heap Roots: 0.53ms
[2772.762s][info][gc,phases      ] GC(527)   Evacuate Collection Set: 114.16ms
[2772.762s][info][gc,phases      ] GC(527)   Post Evacuate Collection Set: 0.94ms
[2772.763s][info][gc,phases      ] GC(527)   Other: 0.10ms
[2772.763s][info][gc,heap        ] GC(527) Eden regions: 1118->0(1110)
[2772.763s][info][gc,heap        ] GC(527) Survivor regions: 110->109(154)
[2772.763s][info][gc,heap        ] GC(527) Old regions: 505->537
[2772.763s][info][gc,heap        ] GC(527) Humongous regions: 80->80
[2772.763s][info][gc,metaspace   ] GC(527) Metaspace: 28971K(29312K)->28971K(29312K) NonClass: 24092K(24256K)->24092K(24256K) Class: 4879K(5056K)->4879K(5056K)
[2772.763s][info][gc             ] GC(527) Pause Young (Prepare Mixed) (G1 Evacuation Pause) 3624M->1450M(4096M) 116.220ms
[2772.763s][info][gc,cpu         ] GC(527) User=0.69s Sys=0.00s Real=0.12s
....[2776.716s][info][gc,start       ] GC(528) Pause Young (Mixed) (G1 Evacuation Pause)
[2776.716s][info][gc,task        ] GC(528) Using 6 workers of 6 for evacuation
[2776.846s][info][gc,phases      ] GC(528)   Pre Evacuate Collection Set: 0.41ms
[2776.846s][info][gc,phases      ] GC(528)   Merge Heap Roots: 0.66ms
[2776.846s][info][gc,phases      ] GC(528)   Evacuate Collection Set: 127.93ms
[2776.846s][info][gc,phases      ] GC(528)   Post Evacuate Collection Set: 0.95ms
[2776.846s][info][gc,phases      ] GC(528)   Other: 0.09ms
[2776.846s][info][gc,heap        ] GC(528) Eden regions: 1110->0(1118)
[2776.846s][info][gc,heap        ] GC(528) Survivor regions: 109->110(153)
[2776.846s][info][gc,heap        ] GC(528) Old regions: 537->471
[2776.846s][info][gc,heap        ] GC(528) Humongous regions: 80->80
[2776.846s][info][gc,metaspace   ] GC(528) Metaspace: 28971K(29312K)->28971K(29312K) NonClass: 24092K(24256K)->24092K(24256K) Class: 4879K(5056K)->4879K(5056K)
[2776.846s][info][gc             ] GC(528) Pause Young (Mixed) (G1 Evacuation Pause) 3670M->1320M(4096M) 130.179ms
[2776.846s][info][gc,cpu         ] GC(528) User=0.77s Sys=0.00s Real=0.13s
....[2780.808s][info][gc,start       ] GC(529) Pause Young (Concurrent Start) (G1 Evacuation Pause)
[2780.808s][info][gc,task        ] GC(529) Using 6 workers of 6 for evacuation
[2780.924s][info][gc,phases      ] GC(529)   Pre Evacuate Collection Set: 0.38ms
[2780.924s][info][gc,phases      ] GC(529)   Merge Heap Roots: 0.49ms
[2780.924s][info][gc,phases      ] GC(529)   Evacuate Collection Set: 114.25ms
[2780.924s][info][gc,phases      ] GC(529)   Post Evacuate Collection Set: 0.92ms
[2780.924s][info][gc,phases      ] GC(529)   Other: 0.11ms
[2780.924s][info][gc,heap        ] GC(529) Eden regions: 1118->0(1120)
[2780.924s][info][gc,heap        ] GC(529) Survivor regions: 110->108(154)
[2780.924s][info][gc,heap        ] GC(529) Old regions: 471->504
[2780.924s][info][gc,heap        ] GC(529) Humongous regions: 80->80
[2780.924s][info][gc,metaspace   ] GC(529) Metaspace: 28971K(29312K)->28971K(29312K) NonClass: 24092K(24256K)->24092K(24256K) Class: 4879K(5056K)->4879K(5056K)
[2780.924s][info][gc             ] GC(529) Pause Young (Concurrent Start) (G1 Evacuation Pause) 3556M->1382M(4096M) 116.275ms
[2780.924s][info][gc             ] GC(530) Concurrent Mark Cycle
[2780.924s][info][gc,marking     ] GC(530) Concurrent Scan Root Regions
[2780.924s][info][gc,cpu         ] GC(529) User=0.69s Sys=0.00s Real=0.12s
.[2781.105s][info][gc,marking     ] GC(530) Concurrent Scan Root Regions 181.302ms
[2781.105s][info][gc,marking     ] GC(530) Concurrent Mark
[2781.105s][info][gc,marking     ] GC(530) Concurrent Mark From Roots
[2781.105s][info][gc,task        ] GC(530) Using 2 workers of 2 for marking
[2781.805s][info][gc,marking     ] GC(530) Concurrent Mark From Roots 699.496ms
[2781.805s][info][gc,marking     ] GC(530) Concurrent Preclean
[2781.805s][info][gc,marking     ] GC(530) Concurrent Preclean 0.075ms
[2781.805s][info][gc,start       ] GC(530) Pause Remark
[2781.809s][info][gc             ] GC(530) Pause Remark 1903M->1903M(4096M) 4.186ms
[2781.809s][info][gc,cpu         ] GC(530) User=0.03s Sys=0.00s Real=0.00s
[2781.809s][info][gc,marking     ] GC(530) Concurrent Mark 704.003ms
[2781.809s][info][gc,marking     ] GC(530) Concurrent Rebuild Remembered Sets and Scrub Regions
.[2782.101s][info][gc,marking     ] GC(530) Concurrent Rebuild Remembered Sets and Scrub Regions 291.200ms
[2782.101s][info][gc,start       ] GC(530) Pause Cleanup
[2782.101s][info][gc             ] GC(530) Pause Cleanup 2043M->2043M(4096M) 0.134ms
[2782.101s][info][gc,cpu         ] GC(530) User=0.00s Sys=0.00s Real=0.00s
[2782.102s][info][gc,marking     ] GC(530) Concurrent Clear Claimed Marks
[2782.102s][info][gc,marking     ] GC(530) Concurrent Clear Claimed Marks 0.048ms
[2782.102s][info][gc,marking     ] GC(530) Concurrent Cleanup for Next Mark
[2782.106s][info][gc,marking     ] GC(530) Concurrent Cleanup for Next Mark 3.881ms
[2782.106s][info][gc             ] GC(530) Concurrent Mark Cycle 1181.764ms
...[2784.971s][info][gc,start       ] GC(531) Pause Young (Prepare Mixed) (G1 Evacuation Pause)
[2784.971s][info][gc,task        ] GC(531) Using 6 workers of 6 for evacuation
[2785.087s][info][gc,phases      ] GC(531)   Pre Evacuate Collection Set: 0.37ms
[2785.087s][info][gc,phases      ] GC(531)   Merge Heap Roots: 0.52ms
[2785.087s][info][gc,phases      ] GC(531)   Evacuate Collection Set: 114.77ms
[2785.087s][info][gc,phases      ] GC(531)   Post Evacuate Collection Set: 0.94ms
[2785.087s][info][gc,phases      ] GC(531)   Other: 0.09ms
[2785.087s][info][gc,heap        ] GC(531) Eden regions: 1120->0(1110)
[2785.087s][info][gc,heap        ] GC(531) Survivor regions: 108->110(154)
[2785.087s][info][gc,heap        ] GC(531) Old regions: 504->535
[2785.087s][info][gc,heap        ] GC(531) Humongous regions: 80->80
[2785.087s][info][gc,metaspace   ] GC(531) Metaspace: 28971K(29312K)->28971K(29312K) NonClass: 24092K(24256K)->24092K(24256K) Class: 4879K(5056K)->4879K(5056K)
[2785.087s][info][gc             ] GC(531) Pause Young (Prepare Mixed) (G1 Evacuation Pause) 3622M->1448M(4096M) 116.824ms
[2785.087s][info][gc,cpu         ] GC(531) User=0.69s Sys=0.00s Real=0.12s
....[2789.064s][info][gc,start       ] GC(532) Pause Young (Mixed) (G1 Evacuation Pause)
[2789.064s][info][gc,task        ] GC(532) Using 6 workers of 6 for evacuation
[2789.198s][info][gc,phases      ] GC(532)   Pre Evacuate Collection Set: 0.40ms
[2789.198s][info][gc,phases      ] GC(532)   Merge Heap Roots: 0.67ms
[2789.198s][info][gc,phases      ] GC(532)   Evacuate Collection Set: 131.57ms
[2789.198s][info][gc,phases      ] GC(532)   Post Evacuate Collection Set: 0.95ms
[2789.198s][info][gc,phases      ] GC(532)   Other: 0.09ms
[2789.198s][info][gc,heap        ] GC(532) Eden regions: 1110->0(1117)
[2789.198s][info][gc,heap        ] GC(532) Survivor regions: 110->111(153)
[2789.198s][info][gc,heap        ] GC(532) Old regions: 535->472
[2789.198s][info][gc,heap        ] GC(532) Humongous regions: 80->80
[2789.198s][info][gc,metaspace   ] GC(532) Metaspace: 28971K(29312K)->28971K(29312K) NonClass: 24092K(24256K)->24092K(24256K) Class: 4879K(5056K)->4879K(5056K)
[2789.198s][info][gc             ] GC(532) Pause Young (Mixed) (G1 Evacuation Pause) 3668M->1324M(4096M) 133.814ms
[2789.198s][info][gc,cpu         ] GC(532) User=0.80s Sys=0.00s Real=0.13s
....[2793.184s][info][gc,start       ] GC(533) Pause Young (Concurrent Start) (G1 Evacuation Pause)
[2793.184s][info][gc,task        ] GC(533) Using 6 workers of 6 for evacuation
[2793.301s][info][gc,phases      ] GC(533)   Pre Evacuate Collection Set: 0.35ms
[2793.301s][info][gc,phases      ] GC(533)   Merge Heap Roots: 0.48ms
[2793.301s][info][gc,phases      ] GC(533)   Evacuate Collection Set: 115.15ms
[2793.301s][info][gc,phases      ] GC(533)   Post Evacuate Collection Set: 0.88ms
[2793.301s][info][gc,phases      ] GC(533)   Other: 0.10ms
[2793.301s][info][gc,heap        ] GC(533) Eden regions: 1117->0(1120)
[2793.301s][info][gc,heap        ] GC(533) Survivor regions: 111->108(154)
[2793.301s][info][gc,heap        ] GC(533) Old regions: 472->504
[2793.301s][info][gc,heap        ] GC(533) Humongous regions: 80->80
[2793.301s][info][gc,metaspace   ] GC(533) Metaspace: 28971K(29312K)->28971K(29312K) NonClass: 24092K(24256K)->24092K(24256K) Class: 4879K(5056K)->4879K(5056K)
[2793.301s][info][gc             ] GC(533) Pause Young (Concurrent Start) (G1 Evacuation Pause) 3558M->1383M(4096M) 117.097ms
[2793.301s][info][gc             ] GC(534) Concurrent Mark Cycle
[2793.301s][info][gc,marking     ] GC(534) Concurrent Scan Root Regions
[2793.301s][info][gc,cpu         ] GC(533) User=0.70s Sys=0.00s Real=0.11s
[2793.473s][info][gc,marking     ] GC(534) Concurrent Scan Root Regions 171.264ms
[2793.473s][info][gc,marking     ] GC(534) Concurrent Mark
[2793.473s][info][gc,marking     ] GC(534) Concurrent Mark From Roots
[2793.473s][info][gc,task        ] GC(534) Using 2 workers of 2 for marking
.[2794.099s][info][gc,marking     ] GC(534) Concurrent Mark From Roots 626.594ms
[2794.099s][info][gc,marking     ] GC(534) Concurrent Preclean
[2794.099s][info][gc,marking     ] GC(534) Concurrent Preclean 0.075ms
[2794.099s][info][gc,start       ] GC(534) Pause Remark
[2794.104s][info][gc             ] GC(534) Pause Remark 1899M->1899M(4096M) 4.256ms
[2794.104s][info][gc,cpu         ] GC(534) User=0.02s Sys=0.00s Real=0.01s
[2794.104s][info][gc,marking     ] GC(534) Concurrent Mark 631.170ms
[2794.104s][info][gc,marking     ] GC(534) Concurrent Rebuild Remembered Sets and Scrub Regions
[2794.340s][info][gc,marking     ] GC(534) Concurrent Rebuild Remembered Sets and Scrub Regions 235.869ms
[2794.340s][info][gc,start       ] GC(534) Pause Cleanup
[2794.340s][info][gc             ] GC(534) Pause Cleanup 2028M->2028M(4096M) 0.124ms
[2794.340s][info][gc,cpu         ] GC(534) User=0.00s Sys=0.00s Real=0.00s
[2794.340s][info][gc,marking     ] GC(534) Concurrent Clear Claimed Marks
[2794.340s][info][gc,marking     ] GC(534) Concurrent Clear Claimed Marks 0.027ms
[2794.340s][info][gc,marking     ] GC(534) Concurrent Cleanup for Next Mark
[2794.343s][info][gc,marking     ] GC(534) Concurrent Cleanup for Next Mark 3.255ms
[2794.343s][info][gc             ] GC(534) Concurrent Mark Cycle 1042.053ms
...[2797.287s][info][gc,start       ] GC(535) Pause Young (Prepare Mixed) (G1 Evacuation Pause)
[2797.287s][info][gc,task        ] GC(535) Using 6 workers of 6 for evacuation
[2797.401s][info][gc,phases      ] GC(535)   Pre Evacuate Collection Set: 0.32ms
[2797.401s][info][gc,phases      ] GC(535)   Merge Heap Roots: 0.52ms
[2797.401s][info][gc,phases      ] GC(535)   Evacuate Collection Set: 112.20ms
[2797.401s][info][gc,phases      ] GC(535)   Post Evacuate Collection Set: 0.94ms
[2797.401s][info][gc,phases      ] GC(535)   Other: 0.09ms
[2797.401s][info][gc,heap        ] GC(535) Eden regions: 1120->0(1114)
[2797.401s][info][gc,heap        ] GC(535) Survivor regions: 108->108(154)
[2797.401s][info][gc,heap        ] GC(535) Old regions: 504->535
[2797.401s][info][gc,heap        ] GC(535) Humongous regions: 80->80
[2797.401s][info][gc,metaspace   ] GC(535) Metaspace: 28971K(29312K)->28971K(29312K) NonClass: 24092K(24256K)->24092K(24256K) Class: 4879K(5056K)->4879K(5056K)
[2797.401s][info][gc             ] GC(535) Pause Young (Prepare Mixed) (G1 Evacuation Pause) 3623M->1444M(4096M) 114.193ms
[2797.401s][info][gc,cpu         ] GC(535) User=0.68s Sys=0.00s Real=0.11s
....[2801.439s][info][gc,start       ] GC(536) Pause Young (Mixed) (G1 Evacuation Pause)
[2801.439s][info][gc,task        ] GC(536) Using 6 workers of 6 for evacuation
[2801.570s][info][gc,phases      ] GC(536)   Pre Evacuate Collection Set: 0.39ms
[2801.570s][info][gc,phases      ] GC(536)   Merge Heap Roots: 0.64ms
[2801.570s][info][gc,phases      ] GC(536)   Evacuate Collection Set: 129.59ms
[2801.570s][info][gc,phases      ] GC(536)   Post Evacuate Collection Set: 0.94ms
[2801.570s][info][gc,phases      ] GC(536)   Other: 0.10ms
[2801.570s][info][gc,heap        ] GC(536) Eden regions: 1114->0(1120)
[2801.570s][info][gc,heap        ] GC(536) Survivor regions: 108->108(153)
[2801.570s][info][gc,heap        ] GC(536) Old regions: 535->470
[2801.570s][info][gc,heap        ] GC(536) Humongous regions: 80->80
[2801.570s][info][gc,metaspace   ] GC(536) Metaspace: 28971K(29312K)->28971K(29312K) NonClass: 24092K(24256K)->24092K(24256K) Class: 4879K(5056K)->4879K(5056K)
[2801.570s][info][gc             ] GC(536) Pause Young (Mixed) (G1 Evacuation Pause) 3672M->1314M(4096M) 131.798ms
[2801.570s][info][gc,cpu         ] GC(536) User=0.78s Sys=0.00s Real=0.13s
....[2805.571s][info][gc,start       ] GC(537) Pause Young (Concurrent Start) (G1 Evacuation Pause)
[2805.571s][info][gc,task        ] GC(537) Using 6 workers of 6 for evacuation
[2805.690s][info][gc,phases      ] GC(537)   Pre Evacuate Collection Set: 0.38ms
[2805.690s][info][gc,phases      ] GC(537)   Merge Heap Roots: 0.51ms
[2805.690s][info][gc,phases      ] GC(537)   Evacuate Collection Set: 116.60ms
[2805.690s][info][gc,phases      ] GC(537)   Post Evacuate Collection Set: 0.90ms
[2805.690s][info][gc,phases      ] GC(537)   Other: 0.11ms
[2805.690s][info][gc,heap        ] GC(537) Eden regions: 1120->0(1117)
[2805.690s][info][gc,heap        ] GC(537) Survivor regions: 108->111(154)
[2805.690s][info][gc,heap        ] GC(537) Old regions: 470->501
[2805.690s][info][gc,heap        ] GC(537) Humongous regions: 80->80
[2805.690s][info][gc,metaspace   ] GC(537) Metaspace: 28971K(29312K)->28971K(29312K) NonClass: 24092K(24256K)->24092K(24256K) Class: 4879K(5056K)->4879K(5056K)
[2805.690s][info][gc             ] GC(537) Pause Young (Concurrent Start) (G1 Evacuation Pause) 3554M->1383M(4096M) 118.636ms
[2805.690s][info][gc             ] GC(538) Concurrent Mark Cycle
[2805.690s][info][gc,marking     ] GC(538) Concurrent Scan Root Regions
[2805.690s][info][gc,cpu         ] GC(537) User=0.70s Sys=0.01s Real=0.12s
[2805.843s][info][gc,marking     ] GC(538) Concurrent Scan Root Regions 153.325ms
[2805.843s][info][gc,marking     ] GC(538) Concurrent Mark
[2805.843s][info][gc,marking     ] GC(538) Concurrent Mark From Roots
[2805.843s][info][gc,task        ] GC(538) Using 2 workers of 2 for marking
.[2806.490s][info][gc,marking     ] GC(538) Concurrent Mark From Roots 647.091ms
[2806.490s][info][gc,marking     ] GC(538) Concurrent Preclean
[2806.490s][info][gc,marking     ] GC(538) Concurrent Preclean 0.084ms
[2806.490s][info][gc,start       ] GC(538) Pause Remark
[2806.496s][info][gc             ] GC(538) Pause Remark 1869M->1869M(4096M) 5.429ms
[2806.496s][info][gc,cpu         ] GC(538) User=0.03s Sys=0.00s Real=0.01s
[2806.496s][info][gc,marking     ] GC(538) Concurrent Mark 652.874ms
[2806.496s][info][gc,marking     ] GC(538) Concurrent Rebuild Remembered Sets and Scrub Regions
[2806.729s][info][gc,marking     ] GC(538) Concurrent Rebuild Remembered Sets and Scrub Regions 232.508ms
[2806.729s][info][gc,start       ] GC(538) Pause Cleanup
[2806.729s][info][gc             ] GC(538) Pause Cleanup 1993M->1993M(4096M) 0.116ms
[2806.729s][info][gc,cpu         ] GC(538) User=0.00s Sys=0.00s Real=0.00s
[2806.729s][info][gc,marking     ] GC(538) Concurrent Clear Claimed Marks
[2806.729s][info][gc,marking     ] GC(538) Concurrent Clear Claimed Marks 0.024ms
[2806.729s][info][gc,marking     ] GC(538) Concurrent Cleanup for Next Mark
[2806.733s][info][gc,marking     ] GC(538) Concurrent Cleanup for Next Mark 4.667ms
[2806.733s][info][gc             ] GC(538) Concurrent Mark Cycle 1043.813ms
. (rIR:aIR:PR = 4566:4567:4566) (tPR = 68091) [OK] 
  2806s: Performance info:
         Transaction,    Success,    Partial,     Failed,   Receipts, AvgBarcode, 
             Overall,     275565,          0,          0,     261809,      59.47, 
         Response times:
             Request,    Success,    Partial,     Failed,   SkipFail,     Probes,    Samples,      min,      p50,      p90,      p95,      p99,      max, 
       TotalPurchase,     261809,          0,          0,          0,     257014,     283672,      300,     3600,     6900,    13235,    53000,   188000,
     InStorePurchase,     137713,          0,          0,          0,     135302,     149353,      300,     3600,     6900,    13100,    51000,   168000,
      OnlinePurchase,      96527,          0,          0,          0,      94845,     104318,      300,     3600,     6800,    13500,    58000,   188000,
        InstPurchase,      27569,          0,          0,          0,      26867,      30001,      400,     3700,     6900,    13590,    58000,   188000,
          AssocOfCat,        273,          0,          0,          0,        203,        281,    19900,    32000,    43800,    60800,   128700,   153000,
      AssocOfProduct,       2743,          0,          0,          0,       2469,       2875,      700,     4100,     7100,    16280,    54960,   144000,
      BusinessReport,        692,          0,          0,          0,        572,        705,    27000,    36000,    57400,    88700,   173940,   217000,
          CustBuyBeh,       2754,          0,          0,          0,       2568,       2987,      500,     2600,     5700,    12040,    49000,   135000,
       ProductReturn,       7294,          0,          0,          0,       6924,       7934,      200,     4400,     7700,    14900,    70950,   156000,

  2806s: (34%)   IR =   4705 ..[2809.555s][info][gc,start       ] GC(539) Pause Young (Prepare Mixed) (G1 Evacuation Pause)
[2809.555s][info][gc,task        ] GC(539) Using 6 workers of 6 for evacuation
[2809.671s][info][gc,phases      ] GC(539)   Pre Evacuate Collection Set: 0.36ms
[2809.671s][info][gc,phases      ] GC(539)   Merge Heap Roots: 0.51ms
[2809.671s][info][gc,phases      ] GC(539)   Evacuate Collection Set: 113.74ms
[2809.671s][info][gc,phases      ] GC(539)   Post Evacuate Collection Set: 0.95ms
[2809.671s][info][gc,phases      ] GC(539)   Other: 0.08ms
[2809.671s][info][gc,heap        ] GC(539) Eden regions: 1117->0(1116)
[2809.671s][info][gc,heap        ] GC(539) Survivor regions: 111->108(154)
[2809.671s][info][gc,heap        ] GC(539) Old regions: 501->533
[2809.671s][info][gc,heap        ] GC(539) Humongous regions: 80->80
[2809.671s][info][gc,metaspace   ] GC(539) Metaspace: 28969K(29312K)->28969K(29312K) NonClass: 24090K(24256K)->24090K(24256K) Class: 4878K(5056K)->4878K(5056K)
[2809.671s][info][gc             ] GC(539) Pause Young (Prepare Mixed) (G1 Evacuation Pause) 3617M->1440M(4096M) 115.797ms
[2809.671s][info][gc,cpu         ] GC(539) User=0.69s Sys=0.00s Real=0.11s
...|.[2813.561s][info][gc,start       ] GC(540) Pause Young (Mixed) (G1 Evacuation Pause)
[2813.561s][info][gc,task        ] GC(540) Using 6 workers of 6 for evacuation
[2813.695s][info][gc,phases      ] GC(540)   Pre Evacuate Collection Set: 0.37ms
[2813.695s][info][gc,phases      ] GC(540)   Merge Heap Roots: 0.73ms
[2813.695s][info][gc,phases      ] GC(540)   Evacuate Collection Set: 131.43ms
[2813.695s][info][gc,phases      ] GC(540)   Post Evacuate Collection Set: 0.94ms
[2813.695s][info][gc,phases      ] GC(540)   Other: 0.09ms
[2813.695s][info][gc,heap        ] GC(540) Eden regions: 1116->0(1119)
[2813.695s][info][gc,heap        ] GC(540) Survivor regions: 108->109(153)
[2813.695s][info][gc,heap        ] GC(540) Old regions: 533->472
[2813.695s][info][gc,heap        ] GC(540) Humongous regions: 80->80
[2813.695s][info][gc,metaspace   ] GC(540) Metaspace: 28970K(29312K)->28970K(29312K) NonClass: 24091K(24256K)->24091K(24256K) Class: 4878K(5056K)->4878K(5056K)
[2813.695s][info][gc             ] GC(540) Pause Young (Mixed) (G1 Evacuation Pause) 3672M->1320M(4096M) 133.688ms
[2813.695s][info][gc,cpu         ] GC(540) User=0.80s Sys=0.00s Real=0.14s
....[2817.596s][info][gc,start       ] GC(541) Pause Young (Concurrent Start) (G1 Evacuation Pause)
[2817.596s][info][gc,task        ] GC(541) Using 6 workers of 6 for evacuation
[2817.717s][info][gc,phases      ] GC(541)   Pre Evacuate Collection Set: 0.40ms
[2817.717s][info][gc,phases      ] GC(541)   Merge Heap Roots: 0.50ms
[2817.717s][info][gc,phases      ] GC(541)   Evacuate Collection Set: 119.41ms
[2817.717s][info][gc,phases      ] GC(541)   Post Evacuate Collection Set: 0.90ms
[2817.717s][info][gc,phases      ] GC(541)   Other: 0.13ms
[2817.717s][info][gc,heap        ] GC(541) Eden regions: 1119->0(1115)
[2817.717s][info][gc,heap        ] GC(541) Survivor regions: 109->113(154)
[2817.717s][info][gc,heap        ] GC(541) Old regions: 472->504
[2817.717s][info][gc,heap        ] GC(541) Humongous regions: 80->80
[2817.717s][info][gc,metaspace   ] GC(541) Metaspace: 28970K(29312K)->28970K(29312K) NonClass: 24091K(24256K)->24091K(24256K) Class: 4878K(5056K)->4878K(5056K)
[2817.717s][info][gc             ] GC(541) Pause Young (Concurrent Start) (G1 Evacuation Pause) 3558M->1392M(4096M) 121.481ms
[2817.717s][info][gc             ] GC(542) Concurrent Mark Cycle
[2817.717s][info][gc,marking     ] GC(542) Concurrent Scan Root Regions
[2817.717s][info][gc,cpu         ] GC(541) User=0.72s Sys=0.00s Real=0.12s
[2817.907s][info][gc,marking     ] GC(542) Concurrent Scan Root Regions 189.985ms
[2817.907s][info][gc,marking     ] GC(542) Concurrent Mark
[2817.907s][info][gc,marking     ] GC(542) Concurrent Mark From Roots
[2817.907s][info][gc,task        ] GC(542) Using 2 workers of 2 for marking
.[2818.849s][info][gc,marking     ] GC(542) Concurrent Mark From Roots 942.058ms
[2818.850s][info][gc,marking     ] GC(542) Concurrent Preclean
[2818.850s][info][gc,marking     ] GC(542) Concurrent Preclean 0.140ms
[2818.850s][info][gc,start       ] GC(542) Pause Remark
[2818.856s][info][gc             ] GC(542) Pause Remark 2080M->2080M(4096M) 5.352ms
[2818.856s][info][gc,cpu         ] GC(542) User=0.03s Sys=0.00s Real=0.01s
[2818.856s][info][gc,marking     ] GC(542) Concurrent Mark 948.540ms
[2818.856s][info][gc,marking     ] GC(542) Concurrent Rebuild Remembered Sets and Scrub Regions
.[2819.156s][info][gc,marking     ] GC(542) Concurrent Rebuild Remembered Sets and Scrub Regions 299.806ms
[2819.156s][info][gc,start       ] GC(542) Pause Cleanup
[2819.156s][info][gc             ] GC(542) Pause Cleanup 2253M->2253M(4096M) 0.136ms
[2819.156s][info][gc,cpu         ] GC(542) User=0.00s Sys=0.00s Real=0.00s
[2819.156s][info][gc,marking     ] GC(542) Concurrent Clear Claimed Marks
[2819.156s][info][gc,marking     ] GC(542) Concurrent Clear Claimed Marks 0.024ms
[2819.156s][info][gc,marking     ] GC(542) Concurrent Cleanup for Next Mark
[2819.161s][info][gc,marking     ] GC(542) Concurrent Cleanup for Next Mark 4.422ms
[2819.161s][info][gc             ] GC(542) Concurrent Mark Cycle 1443.332ms
..[2821.602s][info][gc,start       ] GC(543) Pause Young (Prepare Mixed) (G1 Evacuation Pause)
[2821.602s][info][gc,task        ] GC(543) Using 6 workers of 6 for evacuation
[2821.719s][info][gc,phases      ] GC(543)   Pre Evacuate Collection Set: 0.34ms
[2821.719s][info][gc,phases      ] GC(543)   Merge Heap Roots: 0.52ms
[2821.719s][info][gc,phases      ] GC(543)   Evacuate Collection Set: 114.95ms
[2821.719s][info][gc,phases      ] GC(543)   Post Evacuate Collection Set: 0.95ms
[2821.719s][info][gc,phases      ] GC(543)   Other: 0.09ms
[2821.719s][info][gc,heap        ] GC(543) Eden regions: 1115->0(1112)
[2821.719s][info][gc,heap        ] GC(543) Survivor regions: 113->109(154)
[2821.719s][info][gc,heap        ] GC(543) Old regions: 504->535
[2821.719s][info][gc,heap        ] GC(543) Humongous regions: 80->80
[2821.719s][info][gc,metaspace   ] GC(543) Metaspace: 28970K(29312K)->28970K(29312K) NonClass: 24091K(24256K)->24091K(24256K) Class: 4878K(5056K)->4878K(5056K)
[2821.719s][info][gc             ] GC(543) Pause Young (Prepare Mixed) (G1 Evacuation Pause) 3622M->1445M(4096M) 116.974ms
[2821.719s][info][gc,cpu         ] GC(543) User=0.69s Sys=0.00s Real=0.11s
....[2825.579s][info][gc,start       ] GC(544) Pause Young (Mixed) (G1 Evacuation Pause)
[2825.579s][info][gc,task        ] GC(544) Using 6 workers of 6 for evacuation
[2825.712s][info][gc,phases      ] GC(544)   Pre Evacuate Collection Set: 0.38ms
[2825.712s][info][gc,phases      ] GC(544)   Merge Heap Roots: 0.65ms
[2825.712s][info][gc,phases      ] GC(544)   Evacuate Collection Set: 130.85ms
[2825.712s][info][gc,phases      ] GC(544)   Post Evacuate Collection Set: 0.96ms
[2825.712s][info][gc,phases      ] GC(544)   Other: 0.09ms
[2825.712s][info][gc,heap        ] GC(544) Eden regions: 1112->0(1119)
[2825.712s][info][gc,heap        ] GC(544) Survivor regions: 109->109(153)
[2825.712s][info][gc,heap        ] GC(544) Old regions: 535->472
[2825.712s][info][gc,heap        ] GC(544) Humongous regions: 80->80
[2825.712s][info][gc,metaspace   ] GC(544) Metaspace: 28970K(29312K)->28970K(29312K) NonClass: 24091K(24256K)->24091K(24256K) Class: 4878K(5056K)->4878K(5056K)
[2825.712s][info][gc             ] GC(544) Pause Young (Mixed) (G1 Evacuation Pause) 3669M->1319M(4096M) 133.070ms
[2825.712s][info][gc,cpu         ] GC(544) User=0.79s Sys=0.00s Real=0.14s
....[2829.651s][info][gc,start       ] GC(545) Pause Young (Concurrent Start) (G1 Evacuation Pause)
[2829.651s][info][gc,task        ] GC(545) Using 6 workers of 6 for evacuation
[2829.770s][info][gc,phases      ] GC(545)   Pre Evacuate Collection Set: 0.36ms
[2829.771s][info][gc,phases      ] GC(545)   Merge Heap Roots: 0.48ms
[2829.771s][info][gc,phases      ] GC(545)   Evacuate Collection Set: 117.54ms
[2829.771s][info][gc,phases      ] GC(545)   Post Evacuate Collection Set: 0.90ms
[2829.771s][info][gc,phases      ] GC(545)   Other: 0.11ms
[2829.771s][info][gc,heap        ] GC(545) Eden regions: 1119->0(1117)
[2829.771s][info][gc,heap        ] GC(545) Survivor regions: 109->111(154)
[2829.771s][info][gc,heap        ] GC(545) Old regions: 472->503
[2829.771s][info][gc,heap        ] GC(545) Humongous regions: 80->80
[2829.771s][info][gc,metaspace   ] GC(545) Metaspace: 28970K(29312K)->28970K(29312K) NonClass: 24091K(24256K)->24091K(24256K) Class: 4878K(5056K)->4878K(5056K)
[2829.771s][info][gc             ] GC(545) Pause Young (Concurrent Start) (G1 Evacuation Pause) 3557M->1387M(4096M) 119.509ms
[2829.771s][info][gc             ] GC(546) Concurrent Mark Cycle
[2829.771s][info][gc,marking     ] GC(546) Concurrent Scan Root Regions
[2829.771s][info][gc,cpu         ] GC(545) User=0.71s Sys=0.00s Real=0.12s
[2829.952s][info][gc,marking     ] GC(546) Concurrent Scan Root Regions 181.048ms
[2829.952s][info][gc,marking     ] GC(546) Concurrent Mark
[2829.952s][info][gc,marking     ] GC(546) Concurrent Mark From Roots
[2829.952s][info][gc,task        ] GC(546) Using 2 workers of 2 for marking
.[2830.748s][info][gc,marking     ] GC(546) Concurrent Mark From Roots 796.036ms
[2830.748s][info][gc,marking     ] GC(546) Concurrent Preclean
[2830.748s][info][gc,marking     ] GC(546) Concurrent Preclean 0.108ms
[2830.748s][info][gc,start       ] GC(546) Pause Remark
[2830.752s][info][gc             ] GC(546) Pause Remark 2063M->2063M(4096M) 3.466ms
[2830.752s][info][gc,cpu         ] GC(546) User=0.02s Sys=0.00s Real=0.01s
[2830.754s][info][gc,marking     ] GC(546) Concurrent Mark 802.455ms
[2830.754s][info][gc,marking     ] GC(546) Concurrent Rebuild Remembered Sets and Scrub Regions
[2831.018s][info][gc,marking     ] GC(546) Concurrent Rebuild Remembered Sets and Scrub Regions 263.881ms
[2831.018s][info][gc,start       ] GC(546) Pause Cleanup
[2831.018s][info][gc             ] GC(546) Pause Cleanup 2231M->2231M(4096M) 0.114ms
[2831.018s][info][gc,cpu         ] GC(546) User=0.00s Sys=0.00s Real=0.00s
[2831.018s][info][gc,marking     ] GC(546) Concurrent Clear Claimed Marks
[2831.018s][info][gc,marking     ] GC(546) Concurrent Clear Claimed Marks 0.031ms
[2831.018s][info][gc,marking     ] GC(546) Concurrent Cleanup for Next Mark
[2831.022s][info][gc,marking     ] GC(546) Concurrent Cleanup for Next Mark 3.692ms
[2831.022s][info][gc             ] GC(546) Concurrent Mark Cycle 1251.600ms
...[2833.596s][info][gc,start       ] GC(547) Pause Young (Prepare Mixed) (G1 Evacuation Pause)
[2833.596s][info][gc,task        ] GC(547) Using 6 workers of 6 for evacuation
[2833.713s][info][gc,phases      ] GC(547)   Pre Evacuate Collection Set: 0.36ms
[2833.713s][info][gc,phases      ] GC(547)   Merge Heap Roots: 0.52ms
[2833.713s][info][gc,phases      ] GC(547)   Evacuate Collection Set: 115.08ms
[2833.713s][info][gc,phases      ] GC(547)   Post Evacuate Collection Set: 0.93ms
[2833.713s][info][gc,phases      ] GC(547)   Other: 0.09ms
[2833.714s][info][gc,heap        ] GC(547) Eden regions: 1117->0(1112)
[2833.714s][info][gc,heap        ] GC(547) Survivor regions: 111->109(154)
[2833.714s][info][gc,heap        ] GC(547) Old regions: 503->535
[2833.714s][info][gc,heap        ] GC(547) Humongous regions: 80->80
[2833.714s][info][gc,metaspace   ] GC(547) Metaspace: 28970K(29312K)->28970K(29312K) NonClass: 24091K(24256K)->24091K(24256K) Class: 4878K(5056K)->4878K(5056K)
[2833.714s][info][gc             ] GC(547) Pause Young (Prepare Mixed) (G1 Evacuation Pause) 3621M->1446M(4096M) 117.120ms
[2833.714s][info][gc,cpu         ] GC(547) User=0.70s Sys=0.00s Real=0.12s
....[2837.541s][info][gc,start       ] GC(548) Pause Young (Mixed) (G1 Evacuation Pause)
[2837.541s][info][gc,task        ] GC(548) Using 6 workers of 6 for evacuation
[2837.673s][info][gc,phases      ] GC(548)   Pre Evacuate Collection Set: 0.37ms
[2837.673s][info][gc,phases      ] GC(548)   Merge Heap Roots: 0.65ms
[2837.673s][info][gc,phases      ] GC(548)   Evacuate Collection Set: 129.76ms
[2837.673s][info][gc,phases      ] GC(548)   Post Evacuate Collection Set: 0.96ms
[2837.673s][info][gc,phases      ] GC(548)   Other: 0.09ms
[2837.673s][info][gc,heap        ] GC(548) Eden regions: 1112->0(1121)
[2837.673s][info][gc,heap        ] GC(548) Survivor regions: 109->107(153)
[2837.673s][info][gc,heap        ] GC(548) Old regions: 535->472
[2837.673s][info][gc,heap        ] GC(548) Humongous regions: 80->80
[2837.673s][info][gc,metaspace   ] GC(548) Metaspace: 28970K(29312K)->28970K(29312K) NonClass: 24091K(24256K)->24091K(24256K) Class: 4878K(5056K)->4878K(5056K)
[2837.673s][info][gc             ] GC(548) Pause Young (Mixed) (G1 Evacuation Pause) 3670M->1315M(4096M) 131.944ms
[2837.673s][info][gc,cpu         ] GC(548) User=0.79s Sys=0.00s Real=0.14s
....[2841.595s][info][gc,start       ] GC(549) Pause Young (Concurrent Start) (G1 Evacuation Pause)
[2841.595s][info][gc,task        ] GC(549) Using 6 workers of 6 for evacuation
[2841.711s][info][gc,phases      ] GC(549)   Pre Evacuate Collection Set: 0.40ms
[2841.711s][info][gc,phases      ] GC(549)   Merge Heap Roots: 0.49ms
[2841.711s][info][gc,phases      ] GC(549)   Evacuate Collection Set: 114.35ms
[2841.711s][info][gc,phases      ] GC(549)   Post Evacuate Collection Set: 0.87ms
[2841.711s][info][gc,phases      ] GC(549)   Other: 0.10ms
[2841.711s][info][gc,heap        ] GC(549) Eden regions: 1121->0(1119)
[2841.711s][info][gc,heap        ] GC(549) Survivor regions: 107->109(154)
[2841.711s][info][gc,heap        ] GC(549) Old regions: 472->503
[2841.711s][info][gc,heap        ] GC(549) Humongous regions: 80->80
[2841.711s][info][gc,metaspace   ] GC(549) Metaspace: 28970K(29312K)->28970K(29312K) NonClass: 24091K(24256K)->24091K(24256K) Class: 4878K(5056K)->4878K(5056K)
[2841.711s][info][gc             ] GC(549) Pause Young (Concurrent Start) (G1 Evacuation Pause) 3557M->1383M(4096M) 116.347ms
[2841.711s][info][gc             ] GC(550) Concurrent Mark Cycle
[2841.711s][info][gc,marking     ] GC(550) Concurrent Scan Root Regions
[2841.711s][info][gc,cpu         ] GC(549) User=0.69s Sys=0.00s Real=0.11s
[2841.855s][info][gc,marking     ] GC(550) Concurrent Scan Root Regions 143.698ms
[2841.855s][info][gc,marking     ] GC(550) Concurrent Mark
[2841.855s][info][gc,marking     ] GC(550) Concurrent Mark From Roots
[2841.855s][info][gc,task        ] GC(550) Using 2 workers of 2 for marking
.[2842.518s][info][gc,marking     ] GC(550) Concurrent Mark From Roots 662.782ms
[2842.518s][info][gc,marking     ] GC(550) Concurrent Preclean
[2842.518s][info][gc,marking     ] GC(550) Concurrent Preclean 0.084ms
[2842.518s][info][gc,start       ] GC(550) Pause Remark
[2842.523s][info][gc             ] GC(550) Pause Remark 1918M->1918M(4096M) 4.905ms
[2842.523s][info][gc,cpu         ] GC(550) User=0.03s Sys=0.00s Real=0.01s
[2842.524s][info][gc,marking     ] GC(550) Concurrent Mark 668.314ms
[2842.524s][info][gc,marking     ] GC(550) Concurrent Rebuild Remembered Sets and Scrub Regions
[2842.757s][info][gc,marking     ] GC(550) Concurrent Rebuild Remembered Sets and Scrub Regions 232.946ms
[2842.757s][info][gc,start       ] GC(550) Pause Cleanup
[2842.757s][info][gc             ] GC(550) Pause Cleanup 2041M->2041M(4096M) 0.134ms
[2842.757s][info][gc,cpu         ] GC(550) User=0.00s Sys=0.00s Real=0.00s
[2842.757s][info][gc,marking     ] GC(550) Concurrent Clear Claimed Marks
[2842.757s][info][gc,marking     ] GC(550) Concurrent Clear Claimed Marks 0.031ms
[2842.757s][info][gc,marking     ] GC(550) Concurrent Cleanup for Next Mark
[2842.761s][info][gc,marking     ] GC(550) Concurrent Cleanup for Next Mark 4.294ms
[2842.761s][info][gc             ] GC(550) Concurrent Mark Cycle 1049.766ms
...[2845.573s][info][gc,start       ] GC(551) Pause Young (Prepare Mixed) (G1 Evacuation Pause)
[2845.573s][info][gc,task        ] GC(551) Using 6 workers of 6 for evacuation
[2845.689s][info][gc,phases      ] GC(551)   Pre Evacuate Collection Set: 0.33ms
[2845.689s][info][gc,phases      ] GC(551)   Merge Heap Roots: 0.52ms
[2845.689s][info][gc,phases      ] GC(551)   Evacuate Collection Set: 113.76ms
[2845.689s][info][gc,phases      ] GC(551)   Post Evacuate Collection Set: 0.95ms
[2845.689s][info][gc,phases      ] GC(551)   Other: 0.08ms
[2845.689s][info][gc,heap        ] GC(551) Eden regions: 1119->0(1112)
[2845.689s][info][gc,heap        ] GC(551) Survivor regions: 109->109(154)
[2845.689s][info][gc,heap        ] GC(551) Old regions: 503->535
[2845.689s][info][gc,heap        ] GC(551) Humongous regions: 80->80
[2845.689s][info][gc,metaspace   ] GC(551) Metaspace: 28970K(29312K)->28970K(29312K) NonClass: 24091K(24256K)->24091K(24256K) Class: 4878K(5056K)->4878K(5056K)
[2845.689s][info][gc             ] GC(551) Pause Young (Prepare Mixed) (G1 Evacuation Pause) 3621M->1445M(4096M) 115.767ms
[2845.689s][info][gc,cpu         ] GC(551) User=0.68s Sys=0.00s Real=0.11s
....[2849.571s][info][gc,start       ] GC(552) Pause Young (Mixed) (G1 Evacuation Pause)
[2849.571s][info][gc,task        ] GC(552) Using 6 workers of 6 for evacuation
[2849.705s][info][gc,phases      ] GC(552)   Pre Evacuate Collection Set: 0.38ms
[2849.705s][info][gc,phases      ] GC(552)   Merge Heap Roots: 0.77ms
[2849.705s][info][gc,phases      ] GC(552)   Evacuate Collection Set: 132.30ms
[2849.705s][info][gc,phases      ] GC(552)   Post Evacuate Collection Set: 0.94ms
[2849.705s][info][gc,phases      ] GC(552)   Other: 0.08ms
[2849.705s][info][gc,heap        ] GC(552) Eden regions: 1112->0(1120)
[2849.705s][info][gc,heap        ] GC(552) Survivor regions: 109->108(153)
[2849.705s][info][gc,heap        ] GC(552) Old regions: 535->471
[2849.705s][info][gc,heap        ] GC(552) Humongous regions: 80->80
[2849.705s][info][gc,metaspace   ] GC(552) Metaspace: 28970K(29312K)->28970K(29312K) NonClass: 24091K(24256K)->24091K(24256K) Class: 4878K(5056K)->4878K(5056K)
[2849.705s][info][gc             ] GC(552) Pause Young (Mixed) (G1 Evacuation Pause) 3669M->1315M(4096M) 134.611ms
[2849.705s][info][gc,cpu         ] GC(552) User=0.80s Sys=0.00s Real=0.14s
....[2853.529s][info][gc,start       ] GC(553) Pause Young (Concurrent Start) (G1 Evacuation Pause)
[2853.529s][info][gc,task        ] GC(553) Using 6 workers of 6 for evacuation
[2853.649s][info][gc,phases      ] GC(553)   Pre Evacuate Collection Set: 0.40ms
[2853.649s][info][gc,phases      ] GC(553)   Merge Heap Roots: 0.49ms
[2853.649s][info][gc,phases      ] GC(553)   Evacuate Collection Set: 117.70ms
[2853.649s][info][gc,phases      ] GC(553)   Post Evacuate Collection Set: 0.96ms
[2853.649s][info][gc,phases      ] GC(553)   Other: 0.13ms
[2853.649s][info][gc,heap        ] GC(553) Eden regions: 1120->0(1116)
[2853.649s][info][gc,heap        ] GC(553) Survivor regions: 108->112(154)
[2853.649s][info][gc,heap        ] GC(553) Old regions: 471->502
[2853.649s][info][gc,heap        ] GC(553) Humongous regions: 80->80
[2853.649s][info][gc,metaspace   ] GC(553) Metaspace: 28970K(29312K)->28970K(29312K) NonClass: 24091K(24256K)->24091K(24256K) Class: 4878K(5056K)->4878K(5056K)
[2853.649s][info][gc             ] GC(553) Pause Young (Concurrent Start) (G1 Evacuation Pause) 3555M->1386M(4096M) 119.800ms
[2853.649s][info][gc             ] GC(554) Concurrent Mark Cycle
[2853.649s][info][gc,marking     ] GC(554) Concurrent Scan Root Regions
[2853.649s][info][gc,cpu         ] GC(553) User=0.72s Sys=0.00s Real=0.12s
[2853.833s][info][gc,marking     ] GC(554) Concurrent Scan Root Regions 184.493ms
[2853.833s][info][gc,marking     ] GC(554) Concurrent Mark
[2853.833s][info][gc,marking     ] GC(554) Concurrent Mark From Roots
[2853.833s][info][gc,task        ] GC(554) Using 2 workers of 2 for marking
.[2854.781s][info][gc,marking     ] GC(554) Concurrent Mark From Roots 947.096ms
[2854.781s][info][gc,marking     ] GC(554) Concurrent Preclean
[2854.781s][info][gc,marking     ] GC(554) Concurrent Preclean 0.080ms
[2854.781s][info][gc,start       ] GC(554) Pause Remark
[2854.786s][info][gc             ] GC(554) Pause Remark 2057M->2057M(4096M) 5.015ms
[2854.786s][info][gc,cpu         ] GC(554) User=0.03s Sys=0.00s Real=0.01s
[2854.786s][info][gc,marking     ] GC(554) Concurrent Mark 952.443ms
[2854.786s][info][gc,marking     ] GC(554) Concurrent Rebuild Remembered Sets and Scrub Regions
.[2855.188s][info][gc,marking     ] GC(554) Concurrent Rebuild Remembered Sets and Scrub Regions 401.686ms
[2855.188s][info][gc,start       ] GC(554) Pause Cleanup
[2855.188s][info][gc             ] GC(554) Pause Cleanup 2287M->2287M(4096M) 0.117ms
[2855.188s][info][gc,cpu         ] GC(554) User=0.00s Sys=0.00s Real=0.00s
[2855.188s][info][gc,marking     ] GC(554) Concurrent Clear Claimed Marks
[2855.188s][info][gc,marking     ] GC(554) Concurrent Clear Claimed Marks 0.024ms
[2855.188s][info][gc,marking     ] GC(554) Concurrent Cleanup for Next Mark
[2855.192s][info][gc,marking     ] GC(554) Concurrent Cleanup for Next Mark 4.031ms
[2855.192s][info][gc             ] GC(554) Concurrent Mark Cycle 1543.090ms
..[2857.539s][info][gc,start       ] GC(555) Pause Young (Prepare Mixed) (G1 Evacuation Pause)
[2857.539s][info][gc,task        ] GC(555) Using 6 workers of 6 for evacuation
[2857.655s][info][gc,phases      ] GC(555)   Pre Evacuate Collection Set: 0.31ms
[2857.655s][info][gc,phases      ] GC(555)   Merge Heap Roots: 0.52ms
[2857.655s][info][gc,phases      ] GC(555)   Evacuate Collection Set: 114.14ms
[2857.655s][info][gc,phases      ] GC(555)   Post Evacuate Collection Set: 0.94ms
[2857.655s][info][gc,phases      ] GC(555)   Other: 0.09ms
[2857.655s][info][gc,heap        ] GC(555) Eden regions: 1116->0(1115)
[2857.655s][info][gc,heap        ] GC(555) Survivor regions: 112->108(154)
[2857.655s][info][gc,heap        ] GC(555) Old regions: 502->534
[2857.655s][info][gc,heap        ] GC(555) Humongous regions: 80->80
[2857.655s][info][gc,metaspace   ] GC(555) Metaspace: 28970K(29312K)->28970K(29312K) NonClass: 24091K(24256K)->24091K(24256K) Class: 4878K(5056K)->4878K(5056K)
[2857.655s][info][gc             ] GC(555) Pause Young (Prepare Mixed) (G1 Evacuation Pause) 3618M->1442M(4096M) 116.138ms
[2857.655s][info][gc,cpu         ] GC(555) User=0.69s Sys=0.00s Real=0.12s
....[2861.560s][info][gc,start       ] GC(556) Pause Young (Mixed) (G1 Evacuation Pause)
[2861.560s][info][gc,task        ] GC(556) Using 6 workers of 6 for evacuation
[2861.691s][info][gc,phases      ] GC(556)   Pre Evacuate Collection Set: 0.39ms
[2861.691s][info][gc,phases      ] GC(556)   Merge Heap Roots: 0.66ms
[2861.691s][info][gc,phases      ] GC(556)   Evacuate Collection Set: 129.13ms
[2861.691s][info][gc,phases      ] GC(556)   Post Evacuate Collection Set: 0.92ms
[2861.692s][info][gc,phases      ] GC(556)   Other: 0.09ms
[2861.692s][info][gc,heap        ] GC(556) Eden regions: 1115->0(1119)
[2861.692s][info][gc,heap        ] GC(556) Survivor regions: 108->109(153)
[2861.692s][info][gc,heap        ] GC(556) Old regions: 534->472
[2861.692s][info][gc,heap        ] GC(556) Humongous regions: 80->80
[2861.692s][info][gc,metaspace   ] GC(556) Metaspace: 28970K(29312K)->28970K(29312K) NonClass: 24091K(24256K)->24091K(24256K) Class: 4878K(5056K)->4878K(5056K)
[2861.692s][info][gc             ] GC(556) Pause Young (Mixed) (G1 Evacuation Pause) 3672M->1319M(4096M) 131.309ms
[2861.692s][info][gc,cpu         ] GC(556) User=0.78s Sys=0.00s Real=0.13s
....[2865.589s][info][gc,start       ] GC(557) Pause Young (Concurrent Start) (G1 Evacuation Pause)
[2865.589s][info][gc,task        ] GC(557) Using 6 workers of 6 for evacuation
[2865.709s][info][gc,phases      ] GC(557)   Pre Evacuate Collection Set: 0.37ms
[2865.709s][info][gc,phases      ] GC(557)   Merge Heap Roots: 0.47ms
[2865.709s][info][gc,phases      ] GC(557)   Evacuate Collection Set: 117.65ms
[2865.709s][info][gc,phases      ] GC(557)   Post Evacuate Collection Set: 0.87ms
[2865.709s][info][gc,phases      ] GC(557)   Other: 0.12ms
[2865.709s][info][gc,heap        ] GC(557) Eden regions: 1119->0(1117)
[2865.709s][info][gc,heap        ] GC(557) Survivor regions: 109->111(154)
[2865.709s][info][gc,heap        ] GC(557) Old regions: 472->504
[2865.709s][info][gc,heap        ] GC(557) Humongous regions: 80->80
[2865.709s][info][gc,metaspace   ] GC(557) Metaspace: 28970K(29312K)->28970K(29312K) NonClass: 24091K(24256K)->24091K(24256K) Class: 4878K(5056K)->4878K(5056K)
[2865.709s][info][gc             ] GC(557) Pause Young (Concurrent Start) (G1 Evacuation Pause) 3557M->1388M(4096M) 119.612ms
[2865.709s][info][gc             ] GC(558) Concurrent Mark Cycle
[2865.709s][info][gc,marking     ] GC(558) Concurrent Scan Root Regions
[2865.709s][info][gc,cpu         ] GC(557) User=0.71s Sys=0.00s Real=0.12s
[2865.851s][info][gc,marking     ] GC(558) Concurrent Scan Root Regions 141.848ms
[2865.851s][info][gc,marking     ] GC(558) Concurrent Mark
[2865.851s][info][gc,marking     ] GC(558) Concurrent Mark From Roots
[2865.851s][info][gc,task        ] GC(558) Using 2 workers of 2 for marking
.[2866.503s][info][gc,marking     ] GC(558) Concurrent Mark From Roots 652.117ms
[2866.503s][info][gc,marking     ] GC(558) Concurrent Preclean
[2866.503s][info][gc,marking     ] GC(558) Concurrent Preclean 0.088ms
[2866.504s][info][gc,start       ] GC(558) Pause Remark
[2866.508s][info][gc             ] GC(558) Pause Remark 1928M->1928M(4096M) 3.823ms
[2866.508s][info][gc,cpu         ] GC(558) User=0.02s Sys=0.00s Real=0.00s
[2866.510s][info][gc,marking     ] GC(558) Concurrent Mark 658.675ms
[2866.510s][info][gc,marking     ] GC(558) Concurrent Rebuild Remembered Sets and Scrub Regions
[2866.871s][info][gc,marking     ] GC(558) Concurrent Rebuild Remembered Sets and Scrub Regions 361.438ms
[2866.871s][info][gc,start       ] GC(558) Pause Cleanup
[2866.871s][info][gc             ] GC(558) Pause Cleanup 2153M->2153M(4096M) 0.109ms
[2866.871s][info][gc,cpu         ] GC(558) User=0.00s Sys=0.00s Real=0.00s
[2866.871s][info][gc,marking     ] GC(558) Concurrent Clear Claimed Marks
[2866.871s][info][gc,marking     ] GC(558) Concurrent Clear Claimed Marks 0.027ms
[2866.871s][info][gc,marking     ] GC(558) Concurrent Cleanup for Next Mark
[2866.875s][info][gc,marking     ] GC(558) Concurrent Cleanup for Next Mark 3.247ms
[2866.875s][info][gc             ] GC(558) Concurrent Mark Cycle 1165.667ms
...[2869.565s][info][gc,start       ] GC(559) Pause Young (Prepare Mixed) (G1 Evacuation Pause)
[2869.565s][info][gc,task        ] GC(559) Using 6 workers of 6 for evacuation
[2869.684s][info][gc,phases      ] GC(559)   Pre Evacuate Collection Set: 0.30ms
[2869.684s][info][gc,phases      ] GC(559)   Merge Heap Roots: 0.50ms
[2869.684s][info][gc,phases      ] GC(559)   Evacuate Collection Set: 116.58ms
[2869.684s][info][gc,phases      ] GC(559)   Post Evacuate Collection Set: 0.90ms
[2869.684s][info][gc,phases      ] GC(559)   Other: 0.09ms
[2869.684s][info][gc,heap        ] GC(559) Eden regions: 1117->0(1111)
[2869.684s][info][gc,heap        ] GC(559) Survivor regions: 111->109(154)
[2869.684s][info][gc,heap        ] GC(559) Old regions: 504->536
[2869.684s][info][gc,heap        ] GC(559) Humongous regions: 80->80
[2869.684s][info][gc,metaspace   ] GC(559) Metaspace: 28970K(29312K)->28970K(29312K) NonClass: 24091K(24256K)->24091K(24256K) Class: 4878K(5056K)->4878K(5056K)
[2869.684s][info][gc             ] GC(559) Pause Young (Prepare Mixed) (G1 Evacuation Pause) 3622M->1448M(4096M) 118.496ms
[2869.684s][info][gc,cpu         ] GC(559) User=0.71s Sys=0.00s Real=0.12s
... (rIR:aIR:PR = 4705:4706:4706) (tPR = 69624) [OK] 
  2871s: Performance info:
         Transaction,    Success,    Partial,     Failed,   Receipts, AvgBarcode, 
             Overall,     282757,          0,          0,     268628,      59.47, 
         Response times:
             Request,    Success,    Partial,     Failed,   SkipFail,     Probes,    Samples,      min,      p50,      p90,      p95,      p99,      max, 
       TotalPurchase,     268627,          0,          0,          0,     264403,     285963,      300,     3700,     7200,    14800,    63000,   263000,
     InStorePurchase,     141376,          0,          0,          0,     139758,     151029,      300,     3700,     7200,    14800,    64000,   228000,
      OnlinePurchase,      98961,          0,          0,          0,      97365,     105295,      300,     3800,     7200,    15100,    62040,   263000,
        InstPurchase,      28290,          0,          0,          0,      27280,      29639,      400,     3700,     7300,    13500,    59600,   164000,
          AssocOfCat,        284,          0,          0,          0,        234,        328,    21000,    31000,    51100,    68000,   150140,   199000,
      AssocOfProduct,       2832,          0,          0,          0,       2608,       3047,      500,     2700,     5500,     9500,    32520,   130000,
      BusinessReport,        708,          0,          0,          0,        570,        710,    25000,    36000,    59900,    78450,   171670,   252000,
          CustBuyBeh,       2829,          0,          0,          0,       2636,       3035,      100,     2000,     5400,     8520,    46000,   140000,
       ProductReturn,       7480,          0,          0,          0,       7135,       8013,      200,     2900,     6200,    12900,    49860,   196000,

  2871s: (35%)   IR =   4843 .[2873.518s][info][gc,start       ] GC(560) Pause Young (Mixed) (G1 Evacuation Pause)
[2873.519s][info][gc,task        ] GC(560) Using 6 workers of 6 for evacuation
[2873.651s][info][gc,phases      ] GC(560)   Pre Evacuate Collection Set: 0.35ms
[2873.651s][info][gc,phases      ] GC(560)   Merge Heap Roots: 0.66ms
[2873.651s][info][gc,phases      ] GC(560)   Evacuate Collection Set: 130.36ms
[2873.651s][info][gc,phases      ] GC(560)   Post Evacuate Collection Set: 0.92ms
[2873.651s][info][gc,phases      ] GC(560)   Other: 0.10ms
[2873.651s][info][gc,heap        ] GC(560) Eden regions: 1111->0(1120)
[2873.651s][info][gc,heap        ] GC(560) Survivor regions: 109->108(153)
[2873.651s][info][gc,heap        ] GC(560) Old regions: 536->471
[2873.651s][info][gc,heap        ] GC(560) Humongous regions: 80->80
[2873.651s][info][gc,metaspace   ] GC(560) Metaspace: 28970K(29312K)->28970K(29312K) NonClass: 24091K(24256K)->24091K(24256K) Class: 4878K(5056K)->4878K(5056K)
[2873.651s][info][gc             ] GC(560) Pause Young (Mixed) (G1 Evacuation Pause) 3670M->1316M(4096M) 132.522ms
[2873.651s][info][gc,cpu         ] GC(560) User=0.78s Sys=0.00s Real=0.13s
....|[2877.452s][info][gc,start       ] GC(561) Pause Young (Concurrent Start) (G1 Evacuation Pause)
[2877.452s][info][gc,task        ] GC(561) Using 6 workers of 6 for evacuation
[2877.570s][info][gc,phases      ] GC(561)   Pre Evacuate Collection Set: 0.34ms
[2877.570s][info][gc,phases      ] GC(561)   Merge Heap Roots: 0.46ms
[2877.570s][info][gc,phases      ] GC(561)   Evacuate Collection Set: 115.39ms
[2877.570s][info][gc,phases      ] GC(561)   Post Evacuate Collection Set: 0.87ms
[2877.570s][info][gc,phases      ] GC(561)   Other: 0.11ms
[2877.570s][info][gc,heap        ] GC(561) Eden regions: 1120->0(1118)
[2877.570s][info][gc,heap        ] GC(561) Survivor regions: 108->110(154)
[2877.570s][info][gc,heap        ] GC(561) Old regions: 471->502
[2877.570s][info][gc,heap        ] GC(561) Humongous regions: 80->80
[2877.570s][info][gc,metaspace   ] GC(561) Metaspace: 28970K(29312K)->28970K(29312K) NonClass: 24091K(24256K)->24091K(24256K) Class: 4878K(5056K)->4878K(5056K)
[2877.570s][info][gc             ] GC(561) Pause Young (Concurrent Start) (G1 Evacuation Pause) 3556M->1381M(4096M) 117.301ms
[2877.570s][info][gc             ] GC(562) Concurrent Mark Cycle
[2877.570s][info][gc,marking     ] GC(562) Concurrent Scan Root Regions
[2877.570s][info][gc,cpu         ] GC(561) User=0.70s Sys=0.00s Real=0.11s
[2877.753s][info][gc,marking     ] GC(562) Concurrent Scan Root Regions 183.097ms
[2877.753s][info][gc,marking     ] GC(562) Concurrent Mark
[2877.753s][info][gc,marking     ] GC(562) Concurrent Mark From Roots
[2877.753s][info][gc,task        ] GC(562) Using 2 workers of 2 for marking
.[2878.522s][info][gc,marking     ] GC(562) Concurrent Mark From Roots 768.785ms
[2878.522s][info][gc,marking     ] GC(562) Concurrent Preclean
[2878.522s][info][gc,marking     ] GC(562) Concurrent Preclean 0.138ms
[2878.522s][info][gc,start       ] GC(562) Pause Remark
[2878.526s][info][gc             ] GC(562) Pause Remark 2029M->2029M(4096M) 4.254ms
[2878.526s][info][gc,cpu         ] GC(562) User=0.02s Sys=0.01s Real=0.00s
[2878.526s][info][gc,marking     ] GC(562) Concurrent Mark 773.529ms
[2878.526s][info][gc,marking     ] GC(562) Concurrent Rebuild Remembered Sets and Scrub Regions
[2878.797s][info][gc,marking     ] GC(562) Concurrent Rebuild Remembered Sets and Scrub Regions 270.372ms
[2878.797s][info][gc,start       ] GC(562) Pause Cleanup
[2878.797s][info][gc             ] GC(562) Pause Cleanup 2191M->2191M(4096M) 0.115ms
[2878.797s][info][gc,cpu         ] GC(562) User=0.00s Sys=0.00s Real=0.00s
[2878.798s][info][gc,marking     ] GC(562) Concurrent Clear Claimed Marks
[2878.798s][info][gc,marking     ] GC(562) Concurrent Clear Claimed Marks 0.039ms
[2878.798s][info][gc,marking     ] GC(562) Concurrent Cleanup for Next Mark
[2878.805s][info][gc,marking     ] GC(562) Concurrent Cleanup for Next Mark 7.048ms
[2878.805s][info][gc             ] GC(562) Concurrent Mark Cycle 1235.250ms
...[2881.363s][info][gc,start       ] GC(563) Pause Young (Prepare Mixed) (G1 Evacuation Pause)
[2881.363s][info][gc,task        ] GC(563) Using 6 workers of 6 for evacuation
[2881.480s][info][gc,phases      ] GC(563)   Pre Evacuate Collection Set: 0.34ms
[2881.480s][info][gc,phases      ] GC(563)   Merge Heap Roots: 0.56ms
[2881.480s][info][gc,phases      ] GC(563)   Evacuate Collection Set: 114.54ms
[2881.480s][info][gc,phases      ] GC(563)   Post Evacuate Collection Set: 0.90ms
[2881.480s][info][gc,phases      ] GC(563)   Other: 0.09ms
[2881.480s][info][gc,heap        ] GC(563) Eden regions: 1118->0(1114)
[2881.480s][info][gc,heap        ] GC(563) Survivor regions: 110->109(154)
[2881.480s][info][gc,heap        ] GC(563) Old regions: 502->533
[2881.480s][info][gc,heap        ] GC(563) Humongous regions: 80->80
[2881.480s][info][gc,metaspace   ] GC(563) Metaspace: 28970K(29312K)->28970K(29312K) NonClass: 24091K(24256K)->24091K(24256K) Class: 4878K(5056K)->4878K(5056K)
[2881.480s][info][gc             ] GC(563) Pause Young (Prepare Mixed) (G1 Evacuation Pause) 3617M->1443M(4096M) 116.568ms
[2881.480s][info][gc,cpu         ] GC(563) User=0.69s Sys=0.00s Real=0.11s
....[2885.164s][info][gc,start       ] GC(564) Pause Young (Mixed) (G1 Evacuation Pause)
[2885.164s][info][gc,task        ] GC(564) Using 6 workers of 6 for evacuation
[2885.300s][info][gc,phases      ] GC(564)   Pre Evacuate Collection Set: 0.35ms
[2885.300s][info][gc,phases      ] GC(564)   Merge Heap Roots: 0.66ms
[2885.300s][info][gc,phases      ] GC(564)   Evacuate Collection Set: 133.57ms
[2885.300s][info][gc,phases      ] GC(564)   Post Evacuate Collection Set: 0.95ms
[2885.300s][info][gc,phases      ] GC(564)   Other: 0.09ms
[2885.300s][info][gc,heap        ] GC(564) Eden regions: 1114->0(1119)
[2885.300s][info][gc,heap        ] GC(564) Survivor regions: 109->109(153)
[2885.300s][info][gc,heap        ] GC(564) Old regions: 533->471
[2885.300s][info][gc,heap        ] GC(564) Humongous regions: 80->80
[2885.300s][info][gc,metaspace   ] GC(564) Metaspace: 28970K(29312K)->28970K(29312K) NonClass: 24091K(24256K)->24091K(24256K) Class: 4878K(5056K)->4878K(5056K)
[2885.300s][info][gc             ] GC(564) Pause Young (Mixed) (G1 Evacuation Pause) 3671M->1317M(4096M) 135.760ms
[2885.300s][info][gc,cpu         ] GC(564) User=0.81s Sys=0.00s Real=0.13s
...[2889.010s][info][gc,start       ] GC(565) Pause Young (Concurrent Start) (G1 Evacuation Pause)
[2889.010s][info][gc,task        ] GC(565) Using 6 workers of 6 for evacuation
[2889.123s][info][gc,phases      ] GC(565)   Pre Evacuate Collection Set: 0.37ms
[2889.123s][info][gc,phases      ] GC(565)   Merge Heap Roots: 0.50ms
[2889.123s][info][gc,phases      ] GC(565)   Evacuate Collection Set: 111.30ms
[2889.123s][info][gc,phases      ] GC(565)   Post Evacuate Collection Set: 0.87ms
[2889.123s][info][gc,phases      ] GC(565)   Other: 0.12ms
[2889.123s][info][gc,heap        ] GC(565) Eden regions: 1119->0(1123)
[2889.123s][info][gc,heap        ] GC(565) Survivor regions: 109->105(154)
[2889.123s][info][gc,heap        ] GC(565) Old regions: 471->503
[2889.123s][info][gc,heap        ] GC(565) Humongous regions: 80->80
[2889.124s][info][gc,metaspace   ] GC(565) Metaspace: 28970K(29312K)->28970K(29312K) NonClass: 24091K(24256K)->24091K(24256K) Class: 4878K(5056K)->4878K(5056K)
[2889.124s][info][gc             ] GC(565) Pause Young (Concurrent Start) (G1 Evacuation Pause) 3555M->1375M(4096M) 113.292ms
[2889.124s][info][gc             ] GC(566) Concurrent Mark Cycle
[2889.124s][info][gc,marking     ] GC(566) Concurrent Scan Root Regions
[2889.124s][info][gc,cpu         ] GC(565) User=0.68s Sys=0.00s Real=0.12s
.[2889.291s][info][gc,marking     ] GC(566) Concurrent Scan Root Regions 167.396ms
[2889.291s][info][gc,marking     ] GC(566) Concurrent Mark
[2889.291s][info][gc,marking     ] GC(566) Concurrent Mark From Roots
[2889.291s][info][gc,task        ] GC(566) Using 2 workers of 2 for marking
[2890.041s][info][gc,marking     ] GC(566) Concurrent Mark From Roots 750.075ms
[2890.041s][info][gc,marking     ] GC(566) Concurrent Preclean
[2890.041s][info][gc,marking     ] GC(566) Concurrent Preclean 0.111ms
[2890.041s][info][gc,start       ] GC(566) Pause Remark
[2890.045s][info][gc             ] GC(566) Pause Remark 1957M->1957M(4096M) 3.732ms
[2890.045s][info][gc,cpu         ] GC(566) User=0.02s Sys=0.00s Real=0.01s
[2890.045s][info][gc,marking     ] GC(566) Concurrent Mark 754.215ms
[2890.045s][info][gc,marking     ] GC(566) Concurrent Rebuild Remembered Sets and Scrub Regions
.[2890.397s][info][gc,marking     ] GC(566) Concurrent Rebuild Remembered Sets and Scrub Regions 351.530ms
[2890.397s][info][gc,start       ] GC(566) Pause Cleanup
[2890.397s][info][gc             ] GC(566) Pause Cleanup 2162M->2162M(4096M) 0.152ms
[2890.397s][info][gc,cpu         ] GC(566) User=0.00s Sys=0.00s Real=0.00s
[2890.397s][info][gc,marking     ] GC(566) Concurrent Clear Claimed Marks
[2890.397s][info][gc,marking     ] GC(566) Concurrent Clear Claimed Marks 0.029ms
[2890.397s][info][gc,marking     ] GC(566) Concurrent Cleanup for Next Mark
[2890.402s][info][gc,marking     ] GC(566) Concurrent Cleanup for Next Mark 5.156ms
[2890.402s][info][gc             ] GC(566) Concurrent Mark Cycle 1278.933ms
..[2892.986s][info][gc,start       ] GC(567) Pause Young (Prepare Mixed) (G1 Evacuation Pause)
[2892.986s][info][gc,task        ] GC(567) Using 6 workers of 6 for evacuation
[2893.104s][info][gc,phases      ] GC(567)   Pre Evacuate Collection Set: 0.31ms
[2893.104s][info][gc,phases      ] GC(567)   Merge Heap Roots: 0.50ms
[2893.104s][info][gc,phases      ] GC(567)   Evacuate Collection Set: 116.17ms
[2893.104s][info][gc,phases      ] GC(567)   Post Evacuate Collection Set: 0.91ms
[2893.104s][info][gc,phases      ] GC(567)   Other: 0.08ms
[2893.104s][info][gc,heap        ] GC(567) Eden regions: 1123->0(1110)
[2893.104s][info][gc,heap        ] GC(567) Survivor regions: 105->110(154)
[2893.104s][info][gc,heap        ] GC(567) Old regions: 503->535
[2893.104s][info][gc,heap        ] GC(567) Humongous regions: 80->80
[2893.104s][info][gc,metaspace   ] GC(567) Metaspace: 28970K(29312K)->28970K(29312K) NonClass: 24091K(24256K)->24091K(24256K) Class: 4878K(5056K)->4878K(5056K)
[2893.104s][info][gc             ] GC(567) Pause Young (Prepare Mixed) (G1 Evacuation Pause) 3621M->1448M(4096M) 118.107ms
[2893.104s][info][gc,cpu         ] GC(567) User=0.70s Sys=0.01s Real=0.12s
....[2896.899s][info][gc,start       ] GC(568) Pause Young (Mixed) (G1 Evacuation Pause)
[2896.900s][info][gc,task        ] GC(568) Using 6 workers of 6 for evacuation
[2897.032s][info][gc,phases      ] GC(568)   Pre Evacuate Collection Set: 0.36ms
[2897.032s][info][gc,phases      ] GC(568)   Merge Heap Roots: 0.68ms
[2897.032s][info][gc,phases      ] GC(568)   Evacuate Collection Set: 129.98ms
[2897.032s][info][gc,phases      ] GC(568)   Post Evacuate Collection Set: 0.92ms
[2897.032s][info][gc,phases      ] GC(568)   Other: 0.09ms
[2897.032s][info][gc,heap        ] GC(568) Eden regions: 1110->0(1117)
[2897.032s][info][gc,heap        ] GC(568) Survivor regions: 110->111(153)
[2897.032s][info][gc,heap        ] GC(568) Old regions: 535->474
[2897.032s][info][gc,heap        ] GC(568) Humongous regions: 80->80
[2897.032s][info][gc,metaspace   ] GC(568) Metaspace: 28970K(29312K)->28970K(29312K) NonClass: 24091K(24256K)->24091K(24256K) Class: 4878K(5056K)->4878K(5056K)
[2897.032s][info][gc             ] GC(568) Pause Young (Mixed) (G1 Evacuation Pause) 3668M->1328M(4096M) 132.177ms
[2897.032s][info][gc,cpu         ] GC(568) User=0.78s Sys=0.00s Real=0.14s
....[2900.731s][info][gc,start       ] GC(569) Pause Young (Concurrent Start) (G1 Evacuation Pause)
[2900.731s][info][gc,task        ] GC(569) Using 6 workers of 6 for evacuation
[2900.846s][info][gc,phases      ] GC(569)   Pre Evacuate Collection Set: 0.35ms
[2900.846s][info][gc,phases      ] GC(569)   Merge Heap Roots: 0.45ms
[2900.846s][info][gc,phases      ] GC(569)   Evacuate Collection Set: 113.26ms
[2900.846s][info][gc,phases      ] GC(569)   Post Evacuate Collection Set: 0.85ms
[2900.846s][info][gc,phases      ] GC(569)   Other: 0.12ms
[2900.846s][info][gc,heap        ] GC(569) Eden regions: 1117->0(1120)
[2900.846s][info][gc,heap        ] GC(569) Survivor regions: 111->108(154)
[2900.846s][info][gc,heap        ] GC(569) Old regions: 474->507
[2900.846s][info][gc,heap        ] GC(569) Humongous regions: 80->80
[2900.846s][info][gc,metaspace   ] GC(569) Metaspace: 28970K(29312K)->28970K(29312K) NonClass: 24091K(24256K)->24091K(24256K) Class: 4878K(5056K)->4878K(5056K)
[2900.846s][info][gc             ] GC(569) Pause Young (Concurrent Start) (G1 Evacuation Pause) 3562M->1389M(4096M) 115.161ms
[2900.846s][info][gc             ] GC(570) Concurrent Mark Cycle
[2900.846s][info][gc,marking     ] GC(570) Concurrent Scan Root Regions
[2900.846s][info][gc,cpu         ] GC(569) User=0.68s Sys=0.00s Real=0.12s
[2901.006s][info][gc,marking     ] GC(570) Concurrent Scan Root Regions 160.543ms
[2901.006s][info][gc,marking     ] GC(570) Concurrent Mark
[2901.006s][info][gc,marking     ] GC(570) Concurrent Mark From Roots
[2901.006s][info][gc,task        ] GC(570) Using 2 workers of 2 for marking
.[2901.769s][info][gc,marking     ] GC(570) Concurrent Mark From Roots 762.292ms
[2901.769s][info][gc,marking     ] GC(570) Concurrent Preclean
[2901.769s][info][gc,marking     ] GC(570) Concurrent Preclean 0.072ms
[2901.769s][info][gc,start       ] GC(570) Pause Remark
[2901.773s][info][gc             ] GC(570) Pause Remark 2000M->2000M(4096M) 4.178ms
[2901.773s][info][gc,cpu         ] GC(570) User=0.02s Sys=0.00s Real=0.01s
[2901.773s][info][gc,marking     ] GC(570) Concurrent Mark 766.804ms
[2901.773s][info][gc,marking     ] GC(570) Concurrent Rebuild Remembered Sets and Scrub Regions
[2901.977s][info][gc,marking     ] GC(570) Concurrent Rebuild Remembered Sets and Scrub Regions 203.878ms
[2901.977s][info][gc,start       ] GC(570) Pause Cleanup
[2901.977s][info][gc             ] GC(570) Pause Cleanup 2097M->2097M(4096M) 0.106ms
[2901.977s][info][gc,cpu         ] GC(570) User=0.01s Sys=0.00s Real=0.00s
[2901.977s][info][gc,marking     ] GC(570) Concurrent Clear Claimed Marks
[2901.977s][info][gc,marking     ] GC(570) Concurrent Clear Claimed Marks 0.034ms
[2901.977s][info][gc,marking     ] GC(570) Concurrent Cleanup for Next Mark
[2901.982s][info][gc,marking     ] GC(570) Concurrent Cleanup for Next Mark 4.906ms
[2901.982s][info][gc             ] GC(570) Concurrent Mark Cycle 1136.657ms
...[2904.645s][info][gc,start       ] GC(571) Pause Young (Prepare Mixed) (G1 Evacuation Pause)
[2904.645s][info][gc,task        ] GC(571) Using 6 workers of 6 for evacuation
[2904.762s][info][gc,phases      ] GC(571)   Pre Evacuate Collection Set: 0.36ms
[2904.762s][info][gc,phases      ] GC(571)   Merge Heap Roots: 0.60ms
[2904.762s][info][gc,phases      ] GC(571)   Evacuate Collection Set: 115.37ms
[2904.762s][info][gc,phases      ] GC(571)   Post Evacuate Collection Set: 0.90ms
[2904.762s][info][gc,phases      ] GC(571)   Other: 0.10ms
[2904.762s][info][gc,heap        ] GC(571) Eden regions: 1120->0(1107)
[2904.762s][info][gc,heap        ] GC(571) Survivor regions: 108->109(154)
[2904.762s][info][gc,heap        ] GC(571) Old regions: 507->540
[2904.762s][info][gc,heap        ] GC(571) Humongous regions: 80->80
[2904.762s][info][gc,metaspace   ] GC(571) Metaspace: 28970K(29312K)->28970K(29312K) NonClass: 24091K(24256K)->24091K(24256K) Class: 4878K(5056K)->4878K(5056K)
[2904.762s][info][gc             ] GC(571) Pause Young (Prepare Mixed) (G1 Evacuation Pause) 3629M->1455M(4096M) 117.459ms
[2904.762s][info][gc,cpu         ] GC(571) User=0.69s Sys=0.00s Real=0.12s
....[2908.483s][info][gc,start       ] GC(572) Pause Young (Mixed) (G1 Evacuation Pause)
[2908.483s][info][gc,task        ] GC(572) Using 6 workers of 6 for evacuation
[2908.616s][info][gc,phases      ] GC(572)   Pre Evacuate Collection Set: 0.36ms
[2908.616s][info][gc,phases      ] GC(572)   Merge Heap Roots: 0.64ms
[2908.616s][info][gc,phases      ] GC(572)   Evacuate Collection Set: 130.92ms
[2908.616s][info][gc,phases      ] GC(572)   Post Evacuate Collection Set: 0.92ms
[2908.616s][info][gc,phases      ] GC(572)   Other: 0.09ms
[2908.616s][info][gc,heap        ] GC(572) Eden regions: 1107->0(1119)
[2908.616s][info][gc,heap        ] GC(572) Survivor regions: 109->109(152)
[2908.616s][info][gc,heap        ] GC(572) Old regions: 540->474
[2908.616s][info][gc,heap        ] GC(572) Humongous regions: 80->80
[2908.616s][info][gc,metaspace   ] GC(572) Metaspace: 28970K(29312K)->28970K(29312K) NonClass: 24091K(24256K)->24091K(24256K) Class: 4878K(5056K)->4878K(5056K)
[2908.616s][info][gc             ] GC(572) Pause Young (Mixed) (G1 Evacuation Pause) 3669M->1324M(4096M) 133.046ms
[2908.616s][info][gc,cpu         ] GC(572) User=0.80s Sys=0.00s Real=0.13s
....[2912.277s][info][gc,start       ] GC(573) Pause Young (Concurrent Start) (G1 Evacuation Pause)
[2912.277s][info][gc,task        ] GC(573) Using 6 workers of 6 for evacuation
[2912.399s][info][gc,phases      ] GC(573)   Pre Evacuate Collection Set: 0.39ms
[2912.399s][info][gc,phases      ] GC(573)   Merge Heap Roots: 0.45ms
[2912.399s][info][gc,phases      ] GC(573)   Evacuate Collection Set: 119.57ms
[2912.399s][info][gc,phases      ] GC(573)   Post Evacuate Collection Set: 0.87ms
[2912.399s][info][gc,phases      ] GC(573)   Other: 0.12ms
[2912.399s][info][gc,heap        ] GC(573) Eden regions: 1119->0(1117)
[2912.399s][info][gc,heap        ] GC(573) Survivor regions: 109->111(154)
[2912.399s][info][gc,heap        ] GC(573) Old regions: 474->506
[2912.399s][info][gc,heap        ] GC(573) Humongous regions: 80->80
[2912.399s][info][gc,metaspace   ] GC(573) Metaspace: 28970K(29312K)->28970K(29312K) NonClass: 24091K(24256K)->24091K(24256K) Class: 4878K(5056K)->4878K(5056K)
[2912.399s][info][gc             ] GC(573) Pause Young (Concurrent Start) (G1 Evacuation Pause) 3562M->1392M(4096M) 121.537ms
[2912.399s][info][gc             ] GC(574) Concurrent Mark Cycle
[2912.399s][info][gc,marking     ] GC(574) Concurrent Scan Root Regions
[2912.399s][info][gc,cpu         ] GC(573) User=0.72s Sys=0.00s Real=0.12s
[2912.542s][info][gc,marking     ] GC(574) Concurrent Scan Root Regions 142.676ms
[2912.542s][info][gc,marking     ] GC(574) Concurrent Mark
[2912.542s][info][gc,marking     ] GC(574) Concurrent Mark From Roots
[2912.542s][info][gc,task        ] GC(574) Using 2 workers of 2 for marking
[2913.167s][info][gc,marking     ] GC(574) Concurrent Mark From Roots 625.689ms
[2913.167s][info][gc,marking     ] GC(574) Concurrent Preclean
[2913.168s][info][gc,marking     ] GC(574) Concurrent Preclean 0.090ms
[2913.168s][info][gc,start       ] GC(574) Pause Remark
[2913.173s][info][gc             ] GC(574) Pause Remark 1874M->1874M(4096M) 4.850ms
[2913.173s][info][gc,cpu         ] GC(574) User=0.02s Sys=0.00s Real=0.01s
[2913.173s][info][gc,marking     ] GC(574) Concurrent Mark 630.905ms
[2913.173s][info][gc,marking     ] GC(574) Concurrent Rebuild Remembered Sets and Scrub Regions
.[2913.410s][info][gc,marking     ] GC(574) Concurrent Rebuild Remembered Sets and Scrub Regions 237.663ms
[2913.410s][info][gc,start       ] GC(574) Pause Cleanup
[2913.411s][info][gc             ] GC(574) Pause Cleanup 1996M->1996M(4096M) 0.109ms
[2913.411s][info][gc,cpu         ] GC(574) User=0.00s Sys=0.00s Real=0.00s
[2913.411s][info][gc,marking     ] GC(574) Concurrent Clear Claimed Marks
[2913.411s][info][gc,marking     ] GC(574) Concurrent Clear Claimed Marks 0.028ms
[2913.411s][info][gc,marking     ] GC(574) Concurrent Cleanup for Next Mark
[2913.414s][info][gc,marking     ] GC(574) Concurrent Cleanup for Next Mark 3.325ms
[2913.414s][info][gc             ] GC(574) Concurrent Mark Cycle 1015.049ms
...[2916.213s][info][gc,start       ] GC(575) Pause Young (Prepare Mixed) (G1 Evacuation Pause)
[2916.213s][info][gc,task        ] GC(575) Using 6 workers of 6 for evacuation
[2916.334s][info][gc,phases      ] GC(575)   Pre Evacuate Collection Set: 0.34ms
[2916.334s][info][gc,phases      ] GC(575)   Merge Heap Roots: 0.48ms
[2916.334s][info][gc,phases      ] GC(575)   Evacuate Collection Set: 118.92ms
[2916.334s][info][gc,phases      ] GC(575)   Post Evacuate Collection Set: 0.92ms
[2916.334s][info][gc,phases      ] GC(575)   Other: 0.09ms
[2916.334s][info][gc,heap        ] GC(575) Eden regions: 1117->0(1106)
[2916.334s][info][gc,heap        ] GC(575) Survivor regions: 111->111(154)
[2916.334s][info][gc,heap        ] GC(575) Old regions: 506->537
[2916.334s][info][gc,heap        ] GC(575) Humongous regions: 80->80
[2916.334s][info][gc,metaspace   ] GC(575) Metaspace: 28966K(29312K)->28966K(29312K) NonClass: 24089K(24256K)->24089K(24256K) Class: 4877K(5056K)->4877K(5056K)
[2916.334s][info][gc             ] GC(575) Pause Young (Prepare Mixed) (G1 Evacuation Pause) 3626M->1455M(4096M) 120.870ms
[2916.334s][info][gc,cpu         ] GC(575) User=0.72s Sys=0.00s Real=0.12s
...[2920.073s][info][gc,start       ] GC(576) Pause Young (Mixed) (G1 Evacuation Pause)
[2920.073s][info][gc,task        ] GC(576) Using 6 workers of 6 for evacuation
[2920.210s][info][gc,phases      ] GC(576)   Pre Evacuate Collection Set: 0.36ms
[2920.210s][info][gc,phases      ] GC(576)   Merge Heap Roots: 0.76ms
[2920.210s][info][gc,phases      ] GC(576)   Evacuate Collection Set: 134.09ms
[2920.210s][info][gc,phases      ] GC(576)   Post Evacuate Collection Set: 0.93ms
[2920.210s][info][gc,phases      ] GC(576)   Other: 0.10ms
[2920.210s][info][gc,heap        ] GC(576) Eden regions: 1106->0(1118)
[2920.210s][info][gc,heap        ] GC(576) Survivor regions: 111->110(153)
[2920.210s][info][gc,heap        ] GC(576) Old regions: 537->471
[2920.210s][info][gc,heap        ] GC(576) Humongous regions: 80->80
[2920.210s][info][gc,metaspace   ] GC(576) Metaspace: 28966K(29312K)->28966K(29312K) NonClass: 24089K(24256K)->24089K(24256K) Class: 4877K(5056K)->4877K(5056K)
[2920.210s][info][gc             ] GC(576) Pause Young (Mixed) (G1 Evacuation Pause) 3667M->1320M(4096M) 136.358ms
[2920.210s][info][gc,cpu         ] GC(576) User=0.81s Sys=0.00s Real=0.13s
....[2923.919s][info][gc,start       ] GC(577) Pause Young (Concurrent Start) (G1 Evacuation Pause)
[2923.919s][info][gc,task        ] GC(577) Using 6 workers of 6 for evacuation
[2924.038s][info][gc,phases      ] GC(577)   Pre Evacuate Collection Set: 0.37ms
[2924.038s][info][gc,phases      ] GC(577)   Merge Heap Roots: 0.48ms
[2924.038s][info][gc,phases      ] GC(577)   Evacuate Collection Set: 117.36ms
[2924.038s][info][gc,phases      ] GC(577)   Post Evacuate Collection Set: 0.88ms
[2924.038s][info][gc,phases      ] GC(577)   Other: 0.10ms
[2924.038s][info][gc,heap        ] GC(577) Eden regions: 1118->0(1117)
[2924.038s][info][gc,heap        ] GC(577) Survivor regions: 110->111(154)
[2924.038s][info][gc,heap        ] GC(577) Old regions: 471->503
[2924.038s][info][gc,heap        ] GC(577) Humongous regions: 80->80
[2924.038s][info][gc,metaspace   ] GC(577) Metaspace: 28966K(29312K)->28966K(29312K) NonClass: 24089K(24256K)->24089K(24256K) Class: 4877K(5056K)->4877K(5056K)
[2924.038s][info][gc             ] GC(577) Pause Young (Concurrent Start) (G1 Evacuation Pause) 3556M->1386M(4096M) 119.336ms
[2924.038s][info][gc             ] GC(578) Concurrent Mark Cycle
[2924.038s][info][gc,marking     ] GC(578) Concurrent Scan Root Regions
[2924.038s][info][gc,cpu         ] GC(577) User=0.71s Sys=0.00s Real=0.12s
[2924.200s][info][gc,marking     ] GC(578) Concurrent Scan Root Regions 162.167ms
[2924.200s][info][gc,marking     ] GC(578) Concurrent Mark
[2924.200s][info][gc,marking     ] GC(578) Concurrent Mark From Roots
[2924.200s][info][gc,task        ] GC(578) Using 2 workers of 2 for marking
.[2924.846s][info][gc,marking     ] GC(578) Concurrent Mark From Roots 645.603ms
[2924.846s][info][gc,marking     ] GC(578) Concurrent Preclean
[2924.846s][info][gc,marking     ] GC(578) Concurrent Preclean 0.087ms
[2924.846s][info][gc,start       ] GC(578) Pause Remark
[2924.850s][info][gc             ] GC(578) Pause Remark 1910M->1910M(4096M) 4.294ms
[2924.851s][info][gc,cpu         ] GC(578) User=0.02s Sys=0.00s Real=0.00s
[2924.851s][info][gc,marking     ] GC(578) Concurrent Mark 650.226ms
[2924.851s][info][gc,marking     ] GC(578) Concurrent Rebuild Remembered Sets and Scrub Regions
[2925.139s][info][gc,marking     ] GC(578) Concurrent Rebuild Remembered Sets and Scrub Regions 288.594ms
[2925.139s][info][gc,start       ] GC(578) Pause Cleanup
[2925.139s][info][gc             ] GC(578) Pause Cleanup 2080M->2080M(4096M) 0.116ms
[2925.139s][info][gc,cpu         ] GC(578) User=0.00s Sys=0.00s Real=0.00s
[2925.139s][info][gc,marking     ] GC(578) Concurrent Clear Claimed Marks
[2925.139s][info][gc,marking     ] GC(578) Concurrent Clear Claimed Marks 0.024ms
[2925.139s][info][gc,marking     ] GC(578) Concurrent Cleanup for Next Mark
[2925.143s][info][gc,marking     ] GC(578) Concurrent Cleanup for Next Mark 3.499ms
[2925.143s][info][gc             ] GC(578) Concurrent Mark Cycle 1104.950ms
...[2927.860s][info][gc,start       ] GC(579) Pause Young (Prepare Mixed) (G1 Evacuation Pause)
[2927.860s][info][gc,task        ] GC(579) Using 6 workers of 6 for evacuation
[2927.977s][info][gc,phases      ] GC(579)   Pre Evacuate Collection Set: 0.36ms
[2927.977s][info][gc,phases      ] GC(579)   Merge Heap Roots: 0.53ms
[2927.977s][info][gc,phases      ] GC(579)   Evacuate Collection Set: 115.48ms
[2927.977s][info][gc,phases      ] GC(579)   Post Evacuate Collection Set: 0.93ms
[2927.977s][info][gc,phases      ] GC(579)   Other: 0.08ms
[2927.977s][info][gc,heap        ] GC(579) Eden regions: 1117->0(1109)
[2927.977s][info][gc,heap        ] GC(579) Survivor regions: 111->110(154)
[2927.977s][info][gc,heap        ] GC(579) Old regions: 503->536
[2927.977s][info][gc,heap        ] GC(579) Humongous regions: 80->80
[2927.977s][info][gc,metaspace   ] GC(579) Metaspace: 28966K(29312K)->28966K(29312K) NonClass: 24089K(24256K)->24089K(24256K) Class: 4877K(5056K)->4877K(5056K)
[2927.977s][info][gc             ] GC(579) Pause Young (Prepare Mixed) (G1 Evacuation Pause) 3620M->1449M(4096M) 117.511ms
[2927.977s][info][gc,cpu         ] GC(579) User=0.70s Sys=0.00s Real=0.12s
....[2931.746s][info][gc,start       ] GC(580) Pause Young (Mixed) (G1 Evacuation Pause)
[2931.746s][info][gc,task        ] GC(580) Using 6 workers of 6 for evacuation
[2931.879s][info][gc,phases      ] GC(580)   Pre Evacuate Collection Set: 0.34ms
[2931.879s][info][gc,phases      ] GC(580)   Merge Heap Roots: 0.67ms
[2931.879s][info][gc,phases      ] GC(580)   Evacuate Collection Set: 130.92ms
[2931.879s][info][gc,phases      ] GC(580)   Post Evacuate Collection Set: 0.95ms
[2931.879s][info][gc,phases      ] GC(580)   Other: 0.09ms
[2931.879s][info][gc,heap        ] GC(580) Eden regions: 1109->0(1118)
[2931.879s][info][gc,heap        ] GC(580) Survivor regions: 110->110(153)
[2931.879s][info][gc,heap        ] GC(580) Old regions: 536->473
[2931.879s][info][gc,heap        ] GC(580) Humongous regions: 80->80
[2931.879s][info][gc,metaspace   ] GC(580) Metaspace: 28966K(29312K)->28966K(29312K) NonClass: 24089K(24256K)->24089K(24256K) Class: 4877K(5056K)->4877K(5056K)
[2931.879s][info][gc             ] GC(580) Pause Young (Mixed) (G1 Evacuation Pause) 3667M->1323M(4096M) 133.107ms
[2931.880s][info][gc,cpu         ] GC(580) User=0.80s Sys=0.00s Real=0.13s
....[2935.561s][info][gc,start       ] GC(581) Pause Young (Concurrent Start) (G1 Evacuation Pause)
[2935.561s][info][gc,task        ] GC(581) Using 6 workers of 6 for evacuation
[2935.680s][info][gc,phases      ] GC(581)   Pre Evacuate Collection Set: 0.33ms
[2935.680s][info][gc,phases      ] GC(581)   Merge Heap Roots: 0.45ms
[2935.680s][info][gc,phases      ] GC(581)   Evacuate Collection Set: 116.72ms
[2935.680s][info][gc,phases      ] GC(581)   Post Evacuate Collection Set: 0.87ms
[2935.680s][info][gc,phases      ] GC(581)   Other: 0.11ms
[2935.680s][info][gc,heap        ] GC(581) Eden regions: 1118->0(1119)
[2935.680s][info][gc,heap        ] GC(581) Survivor regions: 110->109(154)
[2935.680s][info][gc,heap        ] GC(581) Old regions: 473->506
[2935.680s][info][gc,heap        ] GC(581) Humongous regions: 80->80
[2935.680s][info][gc,metaspace   ] GC(581) Metaspace: 28966K(29312K)->28966K(29312K) NonClass: 24089K(24256K)->24089K(24256K) Class: 4877K(5056K)->4877K(5056K)
[2935.680s][info][gc             ] GC(581) Pause Young (Concurrent Start) (G1 Evacuation Pause) 3559M->1388M(4096M) 118.607ms
[2935.680s][info][gc             ] GC(582) Concurrent Mark Cycle
[2935.680s][info][gc,marking     ] GC(582) Concurrent Scan Root Regions
[2935.680s][info][gc,cpu         ] GC(581) User=0.71s Sys=0.00s Real=0.12s
[2935.818s][info][gc,marking     ] GC(582) Concurrent Scan Root Regions 137.646ms
[2935.818s][info][gc,marking     ] GC(582) Concurrent Mark
[2935.818s][info][gc,marking     ] GC(582) Concurrent Mark From Roots
[2935.818s][info][gc,task        ] GC(582) Using 2 workers of 2 for marking
.[2936.447s][info][gc,marking     ] GC(582) Concurrent Mark From Roots 629.226ms
[2936.447s][info][gc,marking     ] GC(582) Concurrent Preclean
[2936.447s][info][gc,marking     ] GC(582) Concurrent Preclean 0.111ms
[2936.448s][info][gc,start       ] GC(582) Pause Remark
[2936.451s][info][gc             ] GC(582) Pause Remark 1870M->1870M(4096M) 3.662ms
[2936.452s][info][gc,cpu         ] GC(582) User=0.01s Sys=0.00s Real=0.00s
[2936.452s][info][gc,marking     ] GC(582) Concurrent Mark 633.836ms
[2936.452s][info][gc,marking     ] GC(582) Concurrent Rebuild Remembered Sets and Scrub Regions
[2936.657s][info][gc,marking     ] GC(582) Concurrent Rebuild Remembered Sets and Scrub Regions 205.127ms
[2936.657s][info][gc,start       ] GC(582) Pause Cleanup
[2936.657s][info][gc             ] GC(582) Pause Cleanup 1975M->1975M(4096M) 0.097ms
[2936.657s][info][gc,cpu         ] GC(582) User=0.00s Sys=0.00s Real=0.00s
[2936.657s][info][gc,marking     ] GC(582) Concurrent Clear Claimed Marks
[2936.657s][info][gc,marking     ] GC(582) Concurrent Clear Claimed Marks 0.028ms
[2936.657s][info][gc,marking     ] GC(582) Concurrent Cleanup for Next Mark
[2936.661s][info][gc,marking     ] GC(582) Concurrent Cleanup for Next Mark 3.545ms
[2936.661s][info][gc             ] GC(582) Concurrent Mark Cycle 980.651ms
. (rIR:aIR:PR = 4843:4844:4844) (tPR = 71543) [OK] 
  2937s: Performance info:
         Transaction,    Success,    Partial,     Failed,   Receipts, AvgBarcode, 
             Overall,     291492,          0,          0,     276921,      59.48, 
         Response times:
             Request,    Success,    Partial,     Failed,   SkipFail,     Probes,    Samples,      min,      p50,      p90,      p95,      p99,      max, 
       TotalPurchase,     276920,          0,          0,          0,     272244,     295186,      300,     3800,     7600,    16800,    55000,   226000,
     InStorePurchase,     145775,          0,          0,          0,     143636,     155429,      300,     3700,     7500,    16300,    54000,   204000,
      OnlinePurchase,     102017,          0,          0,          0,     100344,     108659,      300,     3800,     7700,    17800,    55000,   226000,
        InstPurchase,      29128,          0,          0,          0,      28264,      31098,      400,     3800,     7400,    16400,    57010,   225000,
          AssocOfCat,        292,          0,          0,          0,        226,        299,    22000,    32000,    53000,    77000,   160000,   179000,
      AssocOfProduct,       2915,          0,          0,          0,       2622,       3037,      800,     4900,     9620,    28000,    61480,   140000,
      BusinessReport,        732,          0,          0,          0,        617,        757,    24000,    36000,    59000,    76100,   137920,   237000,
          CustBuyBeh,       2909,          0,          0,          0,       2678,       3143,      200,     4300,     8400,    21000,    55000,   142000,
       ProductReturn,       7723,          0,          0,          0,       7301,       8202,      200,     3300,     7500,    15485,    56000,   141000,

  2937s: (36%)   IR =   4981 ..[2939.455s][info][gc,start       ] GC(583) Pause Young (Prepare Mixed) (G1 Evacuation Pause)
[2939.455s][info][gc,task        ] GC(583) Using 6 workers of 6 for evacuation
[2939.573s][info][gc,phases      ] GC(583)   Pre Evacuate Collection Set: 0.30ms
[2939.573s][info][gc,phases      ] GC(583)   Merge Heap Roots: 0.51ms
[2939.573s][info][gc,phases      ] GC(583)   Evacuate Collection Set: 116.13ms
[2939.573s][info][gc,phases      ] GC(583)   Post Evacuate Collection Set: 0.95ms
[2939.573s][info][gc,phases      ] GC(583)   Other: 0.08ms
[2939.573s][info][gc,heap        ] GC(583) Eden regions: 1119->0(1107)
[2939.573s][info][gc,heap        ] GC(583) Survivor regions: 109->110(154)
[2939.573s][info][gc,heap        ] GC(583) Old regions: 506->538
[2939.573s][info][gc,heap        ] GC(583) Humongous regions: 80->80
[2939.573s][info][gc,metaspace   ] GC(583) Metaspace: 28966K(29312K)->28966K(29312K) NonClass: 24089K(24256K)->24089K(24256K) Class: 4877K(5056K)->4877K(5056K)
[2939.573s][info][gc             ] GC(583) Pause Young (Prepare Mixed) (G1 Evacuation Pause) 3626M->1454M(4096M) 118.094ms
[2939.573s][info][gc,cpu         ] GC(583) User=0.70s Sys=0.00s Real=0.12s
...[2943.157s][info][gc,start       ] GC(584) Pause Young (Mixed) (G1 Evacuation Pause)
[2943.157s][info][gc,task        ] GC(584) Using 6 workers of 6 for evacuation
[2943.289s][info][gc,phases      ] GC(584)   Pre Evacuate Collection Set: 0.36ms
[2943.289s][info][gc,phases      ] GC(584)   Merge Heap Roots: 0.65ms
[2943.289s][info][gc,phases      ] GC(584)   Evacuate Collection Set: 130.18ms
[2943.289s][info][gc,phases      ] GC(584)   Post Evacuate Collection Set: 0.94ms
[2943.289s][info][gc,phases      ] GC(584)   Other: 0.09ms
[2943.289s][info][gc,heap        ] GC(584) Eden regions: 1107->0(1120)
[2943.289s][info][gc,heap        ] GC(584) Survivor regions: 110->108(153)
[2943.289s][info][gc,heap        ] GC(584) Old regions: 538->473
[2943.289s][info][gc,heap        ] GC(584) Humongous regions: 80->80
[2943.289s][info][gc,metaspace   ] GC(584) Metaspace: 28966K(29312K)->28966K(29312K) NonClass: 24089K(24256K)->24089K(24256K) Class: 4877K(5056K)->4877K(5056K)
[2943.289s][info][gc             ] GC(584) Pause Young (Mixed) (G1 Evacuation Pause) 3668M->1319M(4096M) 132.361ms
[2943.289s][info][gc,cpu         ] GC(584) User=0.78s Sys=0.00s Real=0.13s
.|...[2946.999s][info][gc,start       ] GC(585) Pause Young (Concurrent Start) (G1 Evacuation Pause)
[2947.000s][info][gc,task        ] GC(585) Using 6 workers of 6 for evacuation
[2947.113s][info][gc,phases      ] GC(585)   Pre Evacuate Collection Set: 0.37ms
[2947.113s][info][gc,phases      ] GC(585)   Merge Heap Roots: 0.45ms
[2947.113s][info][gc,phases      ] GC(585)   Evacuate Collection Set: 111.72ms
[2947.113s][info][gc,phases      ] GC(585)   Post Evacuate Collection Set: 0.87ms
[2947.113s][info][gc,phases      ] GC(585)   Other: 0.09ms
[2947.113s][info][gc,heap        ] GC(585) Eden regions: 1120->0(1121)
[2947.113s][info][gc,heap        ] GC(585) Survivor regions: 108->107(154)
[2947.113s][info][gc,heap        ] GC(585) Old regions: 473->505
[2947.113s][info][gc,heap        ] GC(585) Humongous regions: 80->80
[2947.113s][info][gc,metaspace   ] GC(585) Metaspace: 28966K(29312K)->28966K(29312K) NonClass: 24089K(24256K)->24089K(24256K) Class: 4877K(5056K)->4877K(5056K)
[2947.113s][info][gc             ] GC(585) Pause Young (Concurrent Start) (G1 Evacuation Pause) 3559M->1383M(4096M) 113.667ms
[2947.113s][info][gc             ] GC(586) Concurrent Mark Cycle
[2947.113s][info][gc,marking     ] GC(586) Concurrent Scan Root Regions
[2947.113s][info][gc,cpu         ] GC(585) User=0.68s Sys=0.00s Real=0.12s
[2947.225s][info][gc,marking     ] GC(586) Concurrent Scan Root Regions 111.366ms
[2947.225s][info][gc,marking     ] GC(586) Concurrent Mark
[2947.225s][info][gc,marking     ] GC(586) Concurrent Mark From Roots
[2947.225s][info][gc,task        ] GC(586) Using 2 workers of 2 for marking
.[2947.773s][info][gc,marking     ] GC(586) Concurrent Mark From Roots 548.782ms
[2947.773s][info][gc,marking     ] GC(586) Concurrent Preclean
[2947.774s][info][gc,marking     ] GC(586) Concurrent Preclean 0.100ms
[2947.775s][info][gc,start       ] GC(586) Pause Remark
[2947.779s][info][gc             ] GC(586) Pause Remark 1841M->1841M(4096M) 3.944ms
[2947.779s][info][gc,cpu         ] GC(586) User=0.02s Sys=0.00s Real=0.00s
[2947.781s][info][gc,marking     ] GC(586) Concurrent Mark 556.052ms
[2947.781s][info][gc,marking     ] GC(586) Concurrent Rebuild Remembered Sets and Scrub Regions
[2948.043s][info][gc,marking     ] GC(586) Concurrent Rebuild Remembered Sets and Scrub Regions 262.302ms
[2948.043s][info][gc,start       ] GC(586) Pause Cleanup
[2948.043s][info][gc             ] GC(586) Pause Cleanup 2016M->2016M(4096M) 0.113ms
[2948.043s][info][gc,cpu         ] GC(586) User=0.00s Sys=0.00s Real=0.00s
[2948.043s][info][gc,marking     ] GC(586) Concurrent Clear Claimed Marks
[2948.043s][info][gc,marking     ] GC(586) Concurrent Clear Claimed Marks 0.023ms
[2948.043s][info][gc,marking     ] GC(586) Concurrent Cleanup for Next Mark
[2948.047s][info][gc,marking     ] GC(586) Concurrent Cleanup for Next Mark 3.689ms
[2948.047s][info][gc             ] GC(586) Concurrent Mark Cycle 933.903ms
...[2950.784s][info][gc,start       ] GC(587) Pause Young (Prepare Mixed) (G1 Evacuation Pause)
[2950.784s][info][gc,task        ] GC(587) Using 6 workers of 6 for evacuation
[2950.907s][info][gc,phases      ] GC(587)   Pre Evacuate Collection Set: 0.33ms
[2950.907s][info][gc,phases      ] GC(587)   Merge Heap Roots: 0.49ms
[2950.907s][info][gc,phases      ] GC(587)   Evacuate Collection Set: 120.71ms
[2950.907s][info][gc,phases      ] GC(587)   Post Evacuate Collection Set: 0.90ms
[2950.907s][info][gc,phases      ] GC(587)   Other: 0.09ms
[2950.907s][info][gc,heap        ] GC(587) Eden regions: 1121->0(1101)
[2950.907s][info][gc,heap        ] GC(587) Survivor regions: 107->114(154)
[2950.907s][info][gc,heap        ] GC(587) Old regions: 505->536
[2950.907s][info][gc,heap        ] GC(587) Humongous regions: 80->80
[2950.907s][info][gc,metaspace   ] GC(587) Metaspace: 28966K(29312K)->28966K(29312K) NonClass: 24089K(24256K)->24089K(24256K) Class: 4877K(5056K)->4877K(5056K)
[2950.907s][info][gc             ] GC(587) Pause Young (Prepare Mixed) (G1 Evacuation Pause) 3625M->1459M(4096M) 122.652ms
[2950.907s][info][gc,cpu         ] GC(587) User=0.73s Sys=0.01s Real=0.12s
...[2954.452s][info][gc,start       ] GC(588) Pause Young (Mixed) (G1 Evacuation Pause)
[2954.452s][info][gc,task        ] GC(588) Using 6 workers of 6 for evacuation
[2954.586s][info][gc,phases      ] GC(588)   Pre Evacuate Collection Set: 0.36ms
[2954.586s][info][gc,phases      ] GC(588)   Merge Heap Roots: 0.69ms
[2954.586s][info][gc,phases      ] GC(588)   Evacuate Collection Set: 131.37ms
[2954.586s][info][gc,phases      ] GC(588)   Post Evacuate Collection Set: 0.95ms
[2954.586s][info][gc,phases      ] GC(588)   Other: 0.09ms
[2954.586s][info][gc,heap        ] GC(588) Eden regions: 1101->0(1120)
[2954.586s][info][gc,heap        ] GC(588) Survivor regions: 114->108(152)
[2954.586s][info][gc,heap        ] GC(588) Old regions: 536->472
[2954.586s][info][gc,heap        ] GC(588) Humongous regions: 80->80
[2954.586s][info][gc,metaspace   ] GC(588) Metaspace: 28966K(29312K)->28966K(29312K) NonClass: 24089K(24256K)->24089K(24256K) Class: 4877K(5056K)->4877K(5056K)
[2954.586s][info][gc             ] GC(588) Pause Young (Mixed) (G1 Evacuation Pause) 3661M->1319M(4096M) 133.591ms
[2954.586s][info][gc,cpu         ] GC(588) User=0.79s Sys=0.00s Real=0.13s
....[2958.224s][info][gc,start       ] GC(589) Pause Young (Concurrent Start) (G1 Evacuation Pause)
[2958.224s][info][gc,task        ] GC(589) Using 6 workers of 6 for evacuation
[2958.339s][info][gc,phases      ] GC(589)   Pre Evacuate Collection Set: 0.34ms
[2958.339s][info][gc,phases      ] GC(589)   Merge Heap Roots: 0.47ms
[2958.339s][info][gc,phases      ] GC(589)   Evacuate Collection Set: 113.02ms
[2958.339s][info][gc,phases      ] GC(589)   Post Evacuate Collection Set: 0.86ms
[2958.339s][info][gc,phases      ] GC(589)   Other: 0.10ms
[2958.339s][info][gc,heap        ] GC(589) Eden regions: 1120->0(1122)
[2958.339s][info][gc,heap        ] GC(589) Survivor regions: 108->106(154)
[2958.339s][info][gc,heap        ] GC(589) Old regions: 472->505
[2958.339s][info][gc,heap        ] GC(589) Humongous regions: 80->80
[2958.339s][info][gc,metaspace   ] GC(589) Metaspace: 28966K(29312K)->28966K(29312K) NonClass: 24089K(24256K)->24089K(24256K) Class: 4877K(5056K)->4877K(5056K)
[2958.339s][info][gc             ] GC(589) Pause Young (Concurrent Start) (G1 Evacuation Pause) 3559M->1379M(4096M) 114.919ms
[2958.339s][info][gc             ] GC(590) Concurrent Mark Cycle
[2958.339s][info][gc,marking     ] GC(590) Concurrent Scan Root Regions
[2958.339s][info][gc,cpu         ] GC(589) User=0.69s Sys=0.00s Real=0.11s
[2958.490s][info][gc,marking     ] GC(590) Concurrent Scan Root Regions 150.857ms
[2958.490s][info][gc,marking     ] GC(590) Concurrent Mark
[2958.490s][info][gc,marking     ] GC(590) Concurrent Mark From Roots
[2958.490s][info][gc,task        ] GC(590) Using 2 workers of 2 for marking
.[2959.104s][info][gc,marking     ] GC(590) Concurrent Mark From Roots 613.954ms
[2959.104s][info][gc,marking     ] GC(590) Concurrent Preclean
[2959.104s][info][gc,marking     ] GC(590) Concurrent Preclean 0.071ms
[2959.104s][info][gc,start       ] GC(590) Pause Remark
[2959.108s][info][gc             ] GC(590) Pause Remark 1904M->1904M(4096M) 4.410ms
[2959.108s][info][gc,cpu         ] GC(590) User=0.02s Sys=0.00s Real=0.00s
[2959.108s][info][gc,marking     ] GC(590) Concurrent Mark 618.654ms
[2959.108s][info][gc,marking     ] GC(590) Concurrent Rebuild Remembered Sets and Scrub Regions
[2959.332s][info][gc,marking     ] GC(590) Concurrent Rebuild Remembered Sets and Scrub Regions 223.152ms
[2959.332s][info][gc,start       ] GC(590) Pause Cleanup
[2959.332s][info][gc             ] GC(590) Pause Cleanup 1994M->1994M(4096M) 0.107ms
[2959.332s][info][gc,cpu         ] GC(590) User=0.00s Sys=0.00s Real=0.00s
[2959.332s][info][gc,marking     ] GC(590) Concurrent Clear Claimed Marks
[2959.332s][info][gc,marking     ] GC(590) Concurrent Clear Claimed Marks 0.027ms
[2959.332s][info][gc,marking     ] GC(590) Concurrent Cleanup for Next Mark
[2959.336s][info][gc,marking     ] GC(590) Concurrent Cleanup for Next Mark 3.783ms
[2959.336s][info][gc             ] GC(590) Concurrent Mark Cycle 996.951ms
...[2962.049s][info][gc,start       ] GC(591) Pause Young (Prepare Mixed) (G1 Evacuation Pause)
[2962.049s][info][gc,task        ] GC(591) Using 6 workers of 6 for evacuation
[2962.163s][info][gc,phases      ] GC(591)   Pre Evacuate Collection Set: 0.31ms
[2962.163s][info][gc,phases      ] GC(591)   Merge Heap Roots: 0.50ms
[2962.163s][info][gc,phases      ] GC(591)   Evacuate Collection Set: 112.31ms
[2962.163s][info][gc,phases      ] GC(591)   Post Evacuate Collection Set: 0.92ms
[2962.163s][info][gc,phases      ] GC(591)   Other: 0.10ms
[2962.163s][info][gc,heap        ] GC(591) Eden regions: 1122->0(1113)
[2962.163s][info][gc,heap        ] GC(591) Survivor regions: 106->108(154)
[2962.163s][info][gc,heap        ] GC(591) Old regions: 505->536
[2962.163s][info][gc,heap        ] GC(591) Humongous regions: 80->80
[2962.163s][info][gc,metaspace   ] GC(591) Metaspace: 28966K(29312K)->28966K(29312K) NonClass: 24089K(24256K)->24089K(24256K) Class: 4877K(5056K)->4877K(5056K)
[2962.163s][info][gc             ] GC(591) Pause Young (Prepare Mixed) (G1 Evacuation Pause) 3623M->1445M(4096M) 114.272ms
[2962.163s][info][gc,cpu         ] GC(591) User=0.68s Sys=0.00s Real=0.12s
....[2965.862s][info][gc,start       ] GC(592) Pause Young (Mixed) (G1 Evacuation Pause)
[2965.862s][info][gc,task        ] GC(592) Using 6 workers of 6 for evacuation
[2965.996s][info][gc,phases      ] GC(592)   Pre Evacuate Collection Set: 0.39ms
[2965.996s][info][gc,phases      ] GC(592)   Merge Heap Roots: 0.65ms
[2965.996s][info][gc,phases      ] GC(592)   Evacuate Collection Set: 131.84ms
[2965.996s][info][gc,phases      ] GC(592)   Post Evacuate Collection Set: 0.93ms
[2965.996s][info][gc,phases      ] GC(592)   Other: 0.09ms
[2965.996s][info][gc,heap        ] GC(592) Eden regions: 1113->0(1116)
[2965.996s][info][gc,heap        ] GC(592) Survivor regions: 108->112(153)
[2965.996s][info][gc,heap        ] GC(592) Old regions: 536->471
[2965.996s][info][gc,heap        ] GC(592) Humongous regions: 80->80
[2965.996s][info][gc,metaspace   ] GC(592) Metaspace: 28966K(29312K)->28966K(29312K) NonClass: 24089K(24256K)->24089K(24256K) Class: 4877K(5056K)->4877K(5056K)
[2965.996s][info][gc             ] GC(592) Pause Young (Mixed) (G1 Evacuation Pause) 3671M->1325M(4096M) 134.035ms
[2965.996s][info][gc,cpu         ] GC(592) User=0.79s Sys=0.00s Real=0.13s
....[2969.615s][info][gc,start       ] GC(593) Pause Young (Concurrent Start) (G1 Evacuation Pause)
[2969.615s][info][gc,task        ] GC(593) Using 6 workers of 6 for evacuation
[2969.731s][info][gc,phases      ] GC(593)   Pre Evacuate Collection Set: 0.34ms
[2969.731s][info][gc,phases      ] GC(593)   Merge Heap Roots: 0.45ms
[2969.731s][info][gc,phases      ] GC(593)   Evacuate Collection Set: 114.72ms
[2969.731s][info][gc,phases      ] GC(593)   Post Evacuate Collection Set: 0.87ms
[2969.731s][info][gc,phases      ] GC(593)   Other: 0.11ms
[2969.731s][info][gc,heap        ] GC(593) Eden regions: 1116->0(1120)
[2969.731s][info][gc,heap        ] GC(593) Survivor regions: 112->108(154)
[2969.731s][info][gc,heap        ] GC(593) Old regions: 471->504
[2969.732s][info][gc,heap        ] GC(593) Humongous regions: 80->80
[2969.732s][info][gc,metaspace   ] GC(593) Metaspace: 28966K(29312K)->28966K(29312K) NonClass: 24089K(24256K)->24089K(24256K) Class: 4877K(5056K)->4877K(5056K)
[2969.732s][info][gc             ] GC(593) Pause Young (Concurrent Start) (G1 Evacuation Pause) 3557M->1382M(4096M) 116.632ms
[2969.732s][info][gc             ] GC(594) Concurrent Mark Cycle
[2969.732s][info][gc,marking     ] GC(594) Concurrent Scan Root Regions
[2969.732s][info][gc,cpu         ] GC(593) User=0.69s Sys=0.00s Real=0.12s
[2969.878s][info][gc,marking     ] GC(594) Concurrent Scan Root Regions 146.057ms
[2969.878s][info][gc,marking     ] GC(594) Concurrent Mark
[2969.878s][info][gc,marking     ] GC(594) Concurrent Mark From Roots
[2969.878s][info][gc,task        ] GC(594) Using 2 workers of 2 for marking
[2970.536s][info][gc,marking     ] GC(594) Concurrent Mark From Roots 658.066ms
[2970.536s][info][gc,marking     ] GC(594) Concurrent Preclean
[2970.536s][info][gc,marking     ] GC(594) Concurrent Preclean 0.104ms
[2970.536s][info][gc,start       ] GC(594) Pause Remark
[2970.540s][info][gc             ] GC(594) Pause Remark 1950M->1950M(4096M) 3.192ms
[2970.540s][info][gc,cpu         ] GC(594) User=0.02s Sys=0.00s Real=0.00s
[2970.540s][info][gc,marking     ] GC(594) Concurrent Mark 662.001ms
[2970.540s][info][gc,marking     ] GC(594) Concurrent Rebuild Remembered Sets and Scrub Regions
.[2970.777s][info][gc,marking     ] GC(594) Concurrent Rebuild Remembered Sets and Scrub Regions 237.672ms
[2970.777s][info][gc,start       ] GC(594) Pause Cleanup
[2970.778s][info][gc             ] GC(594) Pause Cleanup 2101M->2101M(4096M) 0.095ms
[2970.778s][info][gc,cpu         ] GC(594) User=0.00s Sys=0.00s Real=0.00s
[2970.778s][info][gc,marking     ] GC(594) Concurrent Clear Claimed Marks
[2970.778s][info][gc,marking     ] GC(594) Concurrent Clear Claimed Marks 0.022ms
[2970.778s][info][gc,marking     ] GC(594) Concurrent Cleanup for Next Mark
[2970.781s][info][gc,marking     ] GC(594) Concurrent Cleanup for Next Mark 3.182ms
[2970.781s][info][gc             ] GC(594) Concurrent Mark Cycle 1049.309ms
..[2973.385s][info][gc,start       ] GC(595) Pause Young (Prepare Mixed) (G1 Evacuation Pause)
[2973.386s][info][gc,task        ] GC(595) Using 6 workers of 6 for evacuation
[2973.501s][info][gc,phases      ] GC(595)   Pre Evacuate Collection Set: 0.29ms
[2973.501s][info][gc,phases      ] GC(595)   Merge Heap Roots: 0.51ms
[2973.501s][info][gc,phases      ] GC(595)   Evacuate Collection Set: 114.10ms
[2973.501s][info][gc,phases      ] GC(595)   Post Evacuate Collection Set: 0.91ms
[2973.502s][info][gc,phases      ] GC(595)   Other: 0.08ms
[2973.502s][info][gc,heap        ] GC(595) Eden regions: 1120->0(1109)
[2973.502s][info][gc,heap        ] GC(595) Survivor regions: 108->110(154)
[2973.502s][info][gc,heap        ] GC(595) Old regions: 504->536
[2973.502s][info][gc,heap        ] GC(595) Humongous regions: 80->80
[2973.502s][info][gc,metaspace   ] GC(595) Metaspace: 28966K(29312K)->28966K(29312K) NonClass: 24089K(24256K)->24089K(24256K) Class: 4877K(5056K)->4877K(5056K)
[2973.502s][info][gc             ] GC(595) Pause Young (Prepare Mixed) (G1 Evacuation Pause) 3622M->1450M(4096M) 116.059ms
[2973.502s][info][gc,cpu         ] GC(595) User=0.69s Sys=0.00s Real=0.12s
....[2977.125s][info][gc,start       ] GC(596) Pause Young (Mixed) (G1 Evacuation Pause)
[2977.125s][info][gc,task        ] GC(596) Using 6 workers of 6 for evacuation
[2977.262s][info][gc,phases      ] GC(596)   Pre Evacuate Collection Set: 0.38ms
[2977.262s][info][gc,phases      ] GC(596)   Merge Heap Roots: 0.69ms
[2977.262s][info][gc,phases      ] GC(596)   Evacuate Collection Set: 134.42ms
[2977.262s][info][gc,phases      ] GC(596)   Post Evacuate Collection Set: 0.92ms
[2977.262s][info][gc,phases      ] GC(596)   Other: 0.09ms
[2977.262s][info][gc,heap        ] GC(596) Eden regions: 1109->0(1117)
[2977.262s][info][gc,heap        ] GC(596) Survivor regions: 110->111(153)
[2977.262s][info][gc,heap        ] GC(596) Old regions: 536->472
[2977.262s][info][gc,heap        ] GC(596) Humongous regions: 80->80
[2977.262s][info][gc,metaspace   ] GC(596) Metaspace: 28966K(29312K)->28966K(29312K) NonClass: 24089K(24256K)->24089K(24256K) Class: 4877K(5056K)->4877K(5056K)
[2977.262s][info][gc             ] GC(596) Pause Young (Mixed) (G1 Evacuation Pause) 3668M->1323M(4096M) 136.623ms
[2977.262s][info][gc,cpu         ] GC(596) User=0.81s Sys=0.00s Real=0.14s
....[2980.894s][info][gc,start       ] GC(597) Pause Young (Concurrent Start) (G1 Evacuation Pause)
[2980.894s][info][gc,task        ] GC(597) Using 6 workers of 6 for evacuation
[2981.010s][info][gc,phases      ] GC(597)   Pre Evacuate Collection Set: 0.38ms
[2981.010s][info][gc,phases      ] GC(597)   Merge Heap Roots: 0.45ms
[2981.010s][info][gc,phases      ] GC(597)   Evacuate Collection Set: 114.66ms
[2981.010s][info][gc,phases      ] GC(597)   Post Evacuate Collection Set: 0.86ms
[2981.010s][info][gc,phases      ] GC(597)   Other: 0.12ms
[2981.010s][info][gc,heap        ] GC(597) Eden regions: 1117->0(1118)
[2981.010s][info][gc,heap        ] GC(597) Survivor regions: 111->110(154)
[2981.010s][info][gc,heap        ] GC(597) Old regions: 472->503
[2981.010s][info][gc,heap        ] GC(597) Humongous regions: 80->80
[2981.010s][info][gc,metaspace   ] GC(597) Metaspace: 28966K(29312K)->28966K(29312K) NonClass: 24089K(24256K)->24089K(24256K) Class: 4877K(5056K)->4877K(5056K)
[2981.011s][info][gc             ] GC(597) Pause Young (Concurrent Start) (G1 Evacuation Pause) 3557M->1384M(4096M) 116.612ms
[2981.011s][info][gc             ] GC(598) Concurrent Mark Cycle
[2981.011s][info][gc,marking     ] GC(598) Concurrent Scan Root Regions
[2981.011s][info][gc,cpu         ] GC(597) User=0.69s Sys=0.00s Real=0.11s
[2981.154s][info][gc,marking     ] GC(598) Concurrent Scan Root Regions 143.588ms
[2981.154s][info][gc,marking     ] GC(598) Concurrent Mark
[2981.154s][info][gc,marking     ] GC(598) Concurrent Mark From Roots
[2981.154s][info][gc,task        ] GC(598) Using 2 workers of 2 for marking
.[2981.792s][info][gc,marking     ] GC(598) Concurrent Mark From Roots 637.736ms
[2981.792s][info][gc,marking     ] GC(598) Concurrent Preclean
[2981.792s][info][gc,marking     ] GC(598) Concurrent Preclean 0.076ms
[2981.792s][info][gc,start       ] GC(598) Pause Remark
[2981.796s][info][gc             ] GC(598) Pause Remark 1913M->1913M(4096M) 4.036ms
[2981.796s][info][gc,cpu         ] GC(598) User=0.02s Sys=0.00s Real=0.00s
[2981.796s][info][gc,marking     ] GC(598) Concurrent Mark 642.116ms
[2981.796s][info][gc,marking     ] GC(598) Concurrent Rebuild Remembered Sets and Scrub Regions
[2982.075s][info][gc,marking     ] GC(598) Concurrent Rebuild Remembered Sets and Scrub Regions 279.061ms
[2982.076s][info][gc,start       ] GC(598) Pause Cleanup
[2982.076s][info][gc             ] GC(598) Pause Cleanup 2076M->2076M(4096M) 0.101ms
[2982.076s][info][gc,cpu         ] GC(598) User=0.00s Sys=0.00s Real=0.00s
[2982.076s][info][gc,marking     ] GC(598) Concurrent Clear Claimed Marks
[2982.076s][info][gc,marking     ] GC(598) Concurrent Clear Claimed Marks 0.026ms
[2982.076s][info][gc,marking     ] GC(598) Concurrent Cleanup for Next Mark
[2982.081s][info][gc,marking     ] GC(598) Concurrent Cleanup for Next Mark 5.328ms
[2982.081s][info][gc             ] GC(598) Concurrent Mark Cycle 1070.543ms
...[2984.651s][info][gc,start       ] GC(599) Pause Young (Prepare Mixed) (G1 Evacuation Pause)
[2984.651s][info][gc,task        ] GC(599) Using 6 workers of 6 for evacuation
[2984.773s][info][gc,phases      ] GC(599)   Pre Evacuate Collection Set: 0.31ms
[2984.773s][info][gc,phases      ] GC(599)   Merge Heap Roots: 0.61ms
[2984.773s][info][gc,phases      ] GC(599)   Evacuate Collection Set: 120.31ms
[2984.773s][info][gc,phases      ] GC(599)   Post Evacuate Collection Set: 0.88ms
[2984.773s][info][gc,phases      ] GC(599)   Other: 0.09ms
[2984.773s][info][gc,heap        ] GC(599) Eden regions: 1118->0(1103)
[2984.773s][info][gc,heap        ] GC(599) Survivor regions: 110->114(154)
[2984.773s][info][gc,heap        ] GC(599) Old regions: 503->534
[2984.773s][info][gc,heap        ] GC(599) Humongous regions: 80->80
[2984.773s][info][gc,metaspace   ] GC(599) Metaspace: 28966K(29312K)->28966K(29312K) NonClass: 24089K(24256K)->24089K(24256K) Class: 4877K(5056K)->4877K(5056K)
[2984.773s][info][gc             ] GC(599) Pause Young (Prepare Mixed) (G1 Evacuation Pause) 3620M->1454M(4096M) 122.334ms
[2984.773s][info][gc,cpu         ] GC(599) User=0.73s Sys=0.00s Real=0.13s
...[2988.454s][info][gc,start       ] GC(600) Pause Young (Mixed) (G1 Evacuation Pause)
[2988.454s][info][gc,task        ] GC(600) Using 6 workers of 6 for evacuation
[2988.586s][info][gc,phases      ] GC(600)   Pre Evacuate Collection Set: 0.34ms
[2988.586s][info][gc,phases      ] GC(600)   Merge Heap Roots: 0.62ms
[2988.586s][info][gc,phases      ] GC(600)   Evacuate Collection Set: 129.33ms
[2988.586s][info][gc,phases      ] GC(600)   Post Evacuate Collection Set: 0.90ms
[2988.586s][info][gc,phases      ] GC(600)   Other: 0.09ms
[2988.586s][info][gc,heap        ] GC(600) Eden regions: 1103->0(1119)
[2988.586s][info][gc,heap        ] GC(600) Survivor regions: 114->109(153)
[2988.586s][info][gc,heap        ] GC(600) Old regions: 534->471
[2988.586s][info][gc,heap        ] GC(600) Humongous regions: 80->80
[2988.586s][info][gc,metaspace   ] GC(600) Metaspace: 28966K(29312K)->28966K(29312K) NonClass: 24089K(24256K)->24089K(24256K) Class: 4877K(5056K)->4877K(5056K)
[2988.586s][info][gc             ] GC(600) Pause Young (Mixed) (G1 Evacuation Pause) 3660M->1319M(4096M) 131.417ms
[2988.586s][info][gc,cpu         ] GC(600) User=0.78s Sys=0.00s Real=0.13s
....[2992.284s][info][gc,start       ] GC(601) Pause Young (Concurrent Start) (G1 Evacuation Pause)
[2992.284s][info][gc,task        ] GC(601) Using 6 workers of 6 for evacuation
[2992.399s][info][gc,phases      ] GC(601)   Pre Evacuate Collection Set: 0.34ms
[2992.399s][info][gc,phases      ] GC(601)   Merge Heap Roots: 0.47ms
[2992.399s][info][gc,phases      ] GC(601)   Evacuate Collection Set: 113.57ms
[2992.399s][info][gc,phases      ] GC(601)   Post Evacuate Collection Set: 0.87ms
[2992.399s][info][gc,phases      ] GC(601)   Other: 0.09ms
[2992.399s][info][gc,heap        ] GC(601) Eden regions: 1119->0(1119)
[2992.399s][info][gc,heap        ] GC(601) Survivor regions: 109->109(154)
[2992.399s][info][gc,heap        ] GC(601) Old regions: 471->503
[2992.399s][info][gc,heap        ] GC(601) Humongous regions: 80->80
[2992.399s][info][gc,metaspace   ] GC(601) Metaspace: 28966K(29312K)->28966K(29312K) NonClass: 24089K(24256K)->24089K(24256K) Class: 4877K(5056K)->4877K(5056K)
[2992.399s][info][gc             ] GC(601) Pause Young (Concurrent Start) (G1 Evacuation Pause) 3557M->1382M(4096M) 115.478ms
[2992.399s][info][gc             ] GC(602) Concurrent Mark Cycle
[2992.399s][info][gc,marking     ] GC(602) Concurrent Scan Root Regions
[2992.399s][info][gc,cpu         ] GC(601) User=0.68s Sys=0.00s Real=0.11s
[2992.582s][info][gc,marking     ] GC(602) Concurrent Scan Root Regions 182.754ms
[2992.582s][info][gc,marking     ] GC(602) Concurrent Mark
[2992.582s][info][gc,marking     ] GC(602) Concurrent Mark From Roots
[2992.582s][info][gc,task        ] GC(602) Using 2 workers of 2 for marking
.[2993.538s][info][gc,marking     ] GC(602) Concurrent Mark From Roots 956.162ms
[2993.538s][info][gc,marking     ] GC(602) Concurrent Preclean
[2993.538s][info][gc,marking     ] GC(602) Concurrent Preclean 0.111ms
[2993.539s][info][gc,start       ] GC(602) Pause Remark
[2993.544s][info][gc             ] GC(602) Pause Remark 2164M->2164M(4096M) 5.257ms
[2993.544s][info][gc,cpu         ] GC(602) User=0.03s Sys=0.00s Real=0.01s
[2993.544s][info][gc,marking     ] GC(602) Concurrent Mark 961.836ms
[2993.544s][info][gc,marking     ] GC(602) Concurrent Rebuild Remembered Sets and Scrub Regions
.[2993.827s][info][gc,marking     ] GC(602) Concurrent Rebuild Remembered Sets and Scrub Regions 282.565ms
[2993.827s][info][gc,start       ] GC(602) Pause Cleanup
[2993.827s][info][gc             ] GC(602) Pause Cleanup 2358M->2358M(4096M) 0.114ms
[2993.827s][info][gc,cpu         ] GC(602) User=0.00s Sys=0.00s Real=0.00s
[2993.827s][info][gc,marking     ] GC(602) Concurrent Clear Claimed Marks
[2993.827s][info][gc,marking     ] GC(602) Concurrent Clear Claimed Marks 0.032ms
[2993.827s][info][gc,marking     ] GC(602) Concurrent Cleanup for Next Mark
[2993.834s][info][gc,marking     ] GC(602) Concurrent Cleanup for Next Mark 6.556ms
[2993.834s][info][gc             ] GC(602) Concurrent Mark Cycle 1434.552ms
..[2995.976s][info][gc,start       ] GC(603) Pause Young (Prepare Mixed) (G1 Evacuation Pause)
[2995.976s][info][gc,task        ] GC(603) Using 6 workers of 6 for evacuation
[2996.094s][info][gc,phases      ] GC(603)   Pre Evacuate Collection Set: 0.34ms
[2996.094s][info][gc,phases      ] GC(603)   Merge Heap Roots: 0.55ms
[2996.094s][info][gc,phases      ] GC(603)   Evacuate Collection Set: 116.09ms
[2996.094s][info][gc,phases      ] GC(603)   Post Evacuate Collection Set: 0.94ms
[2996.094s][info][gc,phases      ] GC(603)   Other: 0.10ms
[2996.094s][info][gc,heap        ] GC(603) Eden regions: 1119->0(1110)
[2996.094s][info][gc,heap        ] GC(603) Survivor regions: 109->110(154)
[2996.094s][info][gc,heap        ] GC(603) Old regions: 503->535
[2996.094s][info][gc,heap        ] GC(603) Humongous regions: 80->80
[2996.094s][info][gc,metaspace   ] GC(603) Metaspace: 28966K(29312K)->28966K(29312K) NonClass: 24089K(24256K)->24089K(24256K) Class: 4877K(5056K)->4877K(5056K)
[2996.094s][info][gc             ] GC(603) Pause Young (Prepare Mixed) (G1 Evacuation Pause) 3620M->1448M(4096M) 118.185ms
[2996.094s][info][gc,cpu         ] GC(603) User=0.71s Sys=0.00s Real=0.12s
....[2999.721s][info][gc,start       ] GC(604) Pause Young (Mixed) (G1 Evacuation Pause)
[2999.721s][info][gc,task        ] GC(604) Using 6 workers of 6 for evacuation
[2999.856s][info][gc,phases      ] GC(604)   Pre Evacuate Collection Set: 0.34ms
[2999.856s][info][gc,phases      ] GC(604)   Merge Heap Roots: 0.72ms
[2999.856s][info][gc,phases      ] GC(604)   Evacuate Collection Set: 133.04ms
[2999.856s][info][gc,phases      ] GC(604)   Post Evacuate Collection Set: 0.93ms
[2999.856s][info][gc,phases      ] GC(604)   Other: 0.09ms
[2999.856s][info][gc,heap        ] GC(604) Eden regions: 1110->0(1118)
[2999.856s][info][gc,heap        ] GC(604) Survivor regions: 110->110(153)
[2999.856s][info][gc,heap        ] GC(604) Old regions: 535->473
[2999.856s][info][gc,heap        ] GC(604) Humongous regions: 80->80
[2999.856s][info][gc,metaspace   ] GC(604) Metaspace: 28966K(29312K)->28966K(29312K) NonClass: 24089K(24256K)->24089K(24256K) Class: 4877K(5056K)->4877K(5056K)
[2999.856s][info][gc             ] GC(604) Pause Young (Mixed) (G1 Evacuation Pause) 3668M->1323M(4096M) 135.236ms
[2999.856s][info][gc,cpu         ] GC(604) User=0.80s Sys=0.00s Real=0.14s
...[3003.486s][info][gc,start       ] GC(605) Pause Young (Concurrent Start) (G1 Evacuation Pause)
[3003.486s][info][gc,task        ] GC(605) Using 6 workers of 6 for evacuation
[3003.602s][info][gc,phases      ] GC(605)   Pre Evacuate Collection Set: 0.36ms
[3003.602s][info][gc,phases      ] GC(605)   Merge Heap Roots: 0.48ms
[3003.602s][info][gc,phases      ] GC(605)   Evacuate Collection Set: 113.62ms
[3003.602s][info][gc,phases      ] GC(605)   Post Evacuate Collection Set: 0.88ms
[3003.602s][info][gc,phases      ] GC(605)   Other: 0.10ms
[3003.602s][info][gc,heap        ] GC(605) Eden regions: 1118->0(1120)
[3003.602s][info][gc,heap        ] GC(605) Survivor regions: 110->108(154)
[3003.602s][info][gc,heap        ] GC(605) Old regions: 473->505
[3003.602s][info][gc,heap        ] GC(605) Humongous regions: 80->80
[3003.602s][info][gc,metaspace   ] GC(605) Metaspace: 28966K(29312K)->28966K(29312K) NonClass: 24089K(24256K)->24089K(24256K) Class: 4877K(5056K)->4877K(5056K)
[3003.602s][info][gc             ] GC(605) Pause Young (Concurrent Start) (G1 Evacuation Pause) 3559M->1384M(4096M) 115.572ms
[3003.602s][info][gc             ] GC(606) Concurrent Mark Cycle
[3003.602s][info][gc,marking     ] GC(606) Concurrent Scan Root Regions
[3003.602s][info][gc,cpu         ] GC(605) User=0.69s Sys=0.00s Real=0.12s
[3003.739s][info][gc,marking     ] GC(606) Concurrent Scan Root Regions 137.238ms
[3003.739s][info][gc,marking     ] GC(606) Concurrent Mark
[3003.739s][info][gc,marking     ] GC(606) Concurrent Mark From Roots
[3003.739s][info][gc,task        ] GC(606) Using 2 workers of 2 for marking
. (rIR:aIR:PR = 4981:4982:4980) (tPR = 74445) [OK] 
  3003s: Performance info:
         Transaction,    Success,    Partial,     Failed,   Receipts, AvgBarcode, 
             Overall,     300419,          0,          0,     285409,      59.47, 
         Response times:
             Request,    Success,    Partial,     Failed,   SkipFail,     Probes,    Samples,      min,      p50,      p90,      p95,      p99,      max, 
       TotalPurchase,     285797,          0,          0,          0,     280263,     308942,      300,     3900,     8000,    23000,    70000,   217000,
     InStorePurchase,     150525,          0,          0,          0,     147968,     162570,      300,     4000,     8200,    23000,    71000,   217000,
      OnlinePurchase,     105247,          0,          0,          0,     102962,     113668,      300,     3600,     7700,    22000,    67000,   217000,
        InstPurchase,      30025,          0,          0,          0,      29333,      32704,      400,     4000,     8200,    23000,    69000,   205000,
          AssocOfCat,        300,          0,          0,          0,        237,        339,    22000,    33000,    58000,    87000,   159000,   172000,
      AssocOfProduct,       3004,          0,          0,          0,       2805,       3300,     1100,     4700,    10000,    30000,    83000,   149000,
      BusinessReport,        748,          0,          0,          0,        639,        809,    26000,    36000,    72000,    98000,   180900,   216000,
          CustBuyBeh,       3003,          0,          0,          0,       2738,       3155,      200,     2000,     5300,    12500,    54880,   121000,
       ProductReturn,       7971,          0,          0,          0,       7625,       8716,      200,     4000,     7700,    23000,    69000,   156000,

  3003s: (37%)   IR =   5120 [3004.381s][info][gc,marking     ] GC(606) Concurrent Mark From Roots 641.418ms
[3004.381s][info][gc,marking     ] GC(606) Concurrent Preclean
[3004.381s][info][gc,marking     ] GC(606) Concurrent Preclean 0.093ms
[3004.381s][info][gc,start       ] GC(606) Pause Remark
[3004.385s][info][gc             ] GC(606) Pause Remark 1911M->1911M(4096M) 3.731ms
[3004.385s][info][gc,cpu         ] GC(606) User=0.02s Sys=0.00s Real=0.01s
[3004.385s][info][gc,marking     ] GC(606) Concurrent Mark 645.630ms
[3004.385s][info][gc,marking     ] GC(606) Concurrent Rebuild Remembered Sets and Scrub Regions
[3004.588s][info][gc,marking     ] GC(606) Concurrent Rebuild Remembered Sets and Scrub Regions 203.326ms
[3004.588s][info][gc,start       ] GC(606) Pause Cleanup
[3004.588s][info][gc             ] GC(606) Pause Cleanup 2062M->2062M(4096M) 0.103ms
[3004.588s][info][gc,cpu         ] GC(606) User=0.00s Sys=0.00s Real=0.00s
[3004.589s][info][gc,marking     ] GC(606) Concurrent Clear Claimed Marks
[3004.589s][info][gc,marking     ] GC(606) Concurrent Clear Claimed Marks 0.029ms
[3004.589s][info][gc,marking     ] GC(606) Concurrent Cleanup for Next Mark
[3004.595s][info][gc,marking     ] GC(606) Concurrent Cleanup for Next Mark 5.728ms
[3004.595s][info][gc             ] GC(606) Concurrent Mark Cycle 992.700ms
...[3007.219s][info][gc,start       ] GC(607) Pause Young (Prepare Mixed) (G1 Evacuation Pause)
[3007.219s][info][gc,task        ] GC(607) Using 6 workers of 6 for evacuation
[3007.335s][info][gc,phases      ] GC(607)   Pre Evacuate Collection Set: 0.31ms
[3007.335s][info][gc,phases      ] GC(607)   Merge Heap Roots: 0.53ms
[3007.335s][info][gc,phases      ] GC(607)   Evacuate Collection Set: 114.83ms
[3007.335s][info][gc,phases      ] GC(607)   Post Evacuate Collection Set: 0.90ms
[3007.335s][info][gc,phases      ] GC(607)   Other: 0.08ms
[3007.335s][info][gc,heap        ] GC(607) Eden regions: 1120->0(1111)
[3007.335s][info][gc,heap        ] GC(607) Survivor regions: 108->109(154)
[3007.335s][info][gc,heap        ] GC(607) Old regions: 505->536
[3007.335s][info][gc,heap        ] GC(607) Humongous regions: 80->80
[3007.335s][info][gc,metaspace   ] GC(607) Metaspace: 28966K(29312K)->28966K(29312K) NonClass: 24089K(24256K)->24089K(24256K) Class: 4877K(5056K)->4877K(5056K)
[3007.335s][info][gc             ] GC(607) Pause Young (Prepare Mixed) (G1 Evacuation Pause) 3624M->1449M(4096M) 116.783ms
[3007.336s][info][gc,cpu         ] GC(607) User=0.69s Sys=0.00s Real=0.12s
.|...[3010.855s][info][gc,start       ] GC(608) Pause Young (Mixed) (G1 Evacuation Pause)
[3010.855s][info][gc,task        ] GC(608) Using 6 workers of 6 for evacuation
[3010.987s][info][gc,phases      ] GC(608)   Pre Evacuate Collection Set: 0.39ms
[3010.987s][info][gc,phases      ] GC(608)   Merge Heap Roots: 0.62ms
[3010.987s][info][gc,phases      ] GC(608)   Evacuate Collection Set: 129.90ms
[3010.987s][info][gc,phases      ] GC(608)   Post Evacuate Collection Set: 0.98ms
[3010.987s][info][gc,phases      ] GC(608)   Other: 0.09ms
[3010.987s][info][gc,heap        ] GC(608) Eden regions: 1111->0(1119)
[3010.987s][info][gc,heap        ] GC(608) Survivor regions: 109->109(153)
[3010.987s][info][gc,heap        ] GC(608) Old regions: 536->472
[3010.987s][info][gc,heap        ] GC(608) Humongous regions: 80->80
[3010.987s][info][gc,metaspace   ] GC(608) Metaspace: 28966K(29312K)->28966K(29312K) NonClass: 24089K(24256K)->24089K(24256K) Class: 4877K(5056K)->4877K(5056K)
[3010.987s][info][gc             ] GC(608) Pause Young (Mixed) (G1 Evacuation Pause) 3671M->1321M(4096M) 132.126ms
[3010.987s][info][gc,cpu         ] GC(608) User=0.79s Sys=0.00s Real=0.13s
...[3014.527s][info][gc,start       ] GC(609) Pause Young (Concurrent Start) (G1 Evacuation Pause)
[3014.527s][info][gc,task        ] GC(609) Using 6 workers of 6 for evacuation
[3014.644s][info][gc,phases      ] GC(609)   Pre Evacuate Collection Set: 0.38ms
[3014.644s][info][gc,phases      ] GC(609)   Merge Heap Roots: 0.48ms
[3014.644s][info][gc,phases      ] GC(609)   Evacuate Collection Set: 115.69ms
[3014.644s][info][gc,phases      ] GC(609)   Post Evacuate Collection Set: 0.84ms
[3014.644s][info][gc,phases      ] GC(609)   Other: 0.11ms
[3014.644s][info][gc,heap        ] GC(609) Eden regions: 1119->0(1118)
[3014.644s][info][gc,heap        ] GC(609) Survivor regions: 109->110(154)
[3014.644s][info][gc,heap        ] GC(609) Old regions: 472->504
[3014.644s][info][gc,heap        ] GC(609) Humongous regions: 80->80
[3014.644s][info][gc,metaspace   ] GC(609) Metaspace: 28966K(29312K)->28966K(29312K) NonClass: 24089K(24256K)->24089K(24256K) Class: 4877K(5056K)->4877K(5056K)
[3014.644s][info][gc             ] GC(609) Pause Young (Concurrent Start) (G1 Evacuation Pause) 3559M->1386M(4096M) 117.609ms
[3014.644s][info][gc             ] GC(610) Concurrent Mark Cycle
[3014.644s][info][gc,marking     ] GC(610) Concurrent Scan Root Regions
[3014.644s][info][gc,cpu         ] GC(609) User=0.70s Sys=0.00s Real=0.12s
[3014.801s][info][gc,marking     ] GC(610) Concurrent Scan Root Regions 156.795ms
[3014.801s][info][gc,marking     ] GC(610) Concurrent Mark
[3014.801s][info][gc,marking     ] GC(610) Concurrent Mark From Roots
[3014.801s][info][gc,task        ] GC(610) Using 2 workers of 2 for marking
.[3015.578s][info][gc,marking     ] GC(610) Concurrent Mark From Roots 776.641ms
[3015.578s][info][gc,marking     ] GC(610) Concurrent Preclean
[3015.578s][info][gc,marking     ] GC(610) Concurrent Preclean 0.128ms
[3015.578s][info][gc,start       ] GC(610) Pause Remark
[3015.582s][info][gc             ] GC(610) Pause Remark 2021M->2021M(4096M) 4.097ms
[3015.582s][info][gc,cpu         ] GC(610) User=0.02s Sys=0.00s Real=0.01s
[3015.582s][info][gc,marking     ] GC(610) Concurrent Mark 781.129ms
[3015.582s][info][gc,marking     ] GC(610) Concurrent Rebuild Remembered Sets and Scrub Regions
[3015.813s][info][gc,marking     ] GC(610) Concurrent Rebuild Remembered Sets and Scrub Regions 230.799ms
[3015.813s][info][gc,start       ] GC(610) Pause Cleanup
[3015.813s][info][gc             ] GC(610) Pause Cleanup 2149M->2149M(4096M) 0.107ms
[3015.813s][info][gc,cpu         ] GC(610) User=0.00s Sys=0.00s Real=0.00s
[3015.813s][info][gc,marking     ] GC(610) Concurrent Clear Claimed Marks
[3015.813s][info][gc,marking     ] GC(610) Concurrent Clear Claimed Marks 0.021ms
[3015.814s][info][gc,marking     ] GC(610) Concurrent Cleanup for Next Mark
[3015.817s][info][gc,marking     ] GC(610) Concurrent Cleanup for Next Mark 3.183ms
[3015.817s][info][gc             ] GC(610) Concurrent Mark Cycle 1172.323ms
...[3018.217s][info][gc,start       ] GC(611) Pause Young (Prepare Mixed) (G1 Evacuation Pause)
[3018.217s][info][gc,task        ] GC(611) Using 6 workers of 6 for evacuation
[3018.338s][info][gc,phases      ] GC(611)   Pre Evacuate Collection Set: 0.34ms
[3018.338s][info][gc,phases      ] GC(611)   Merge Heap Roots: 0.52ms
[3018.338s][info][gc,phases      ] GC(611)   Evacuate Collection Set: 118.82ms
[3018.338s][info][gc,phases      ] GC(611)   Post Evacuate Collection Set: 0.93ms
[3018.338s][info][gc,phases      ] GC(611)   Other: 0.09ms
[3018.338s][info][gc,heap        ] GC(611) Eden regions: 1118->0(1105)
[3018.338s][info][gc,heap        ] GC(611) Survivor regions: 110->112(154)
[3018.338s][info][gc,heap        ] GC(611) Old regions: 504->536
[3018.338s][info][gc,heap        ] GC(611) Humongous regions: 80->80
[3018.338s][info][gc,metaspace   ] GC(611) Metaspace: 28966K(29312K)->28966K(29312K) NonClass: 24089K(24256K)->24089K(24256K) Class: 4877K(5056K)->4877K(5056K)
[3018.338s][info][gc             ] GC(611) Pause Young (Prepare Mixed) (G1 Evacuation Pause) 3622M->1455M(4096M) 120.847ms
[3018.338s][info][gc,cpu         ] GC(611) User=0.72s Sys=0.00s Real=0.12s
...[3021.821s][info][gc,start       ] GC(612) Pause Young (Mixed) (G1 Evacuation Pause)
[3021.821s][info][gc,task        ] GC(612) Using 6 workers of 6 for evacuation
[3021.959s][info][gc,phases      ] GC(612)   Pre Evacuate Collection Set: 0.41ms
[3021.960s][info][gc,phases      ] GC(612)   Merge Heap Roots: 0.88ms
[3021.960s][info][gc,phases      ] GC(612)   Evacuate Collection Set: 136.22ms
[3021.960s][info][gc,phases      ] GC(612)   Post Evacuate Collection Set: 0.94ms
[3021.960s][info][gc,phases      ] GC(612)   Other: 0.10ms
[3021.960s][info][gc,heap        ] GC(612) Eden regions: 1105->0(1118)
[3021.960s][info][gc,heap        ] GC(612) Survivor regions: 112->110(153)
[3021.960s][info][gc,heap        ] GC(612) Old regions: 536->473
[3021.960s][info][gc,heap        ] GC(612) Humongous regions: 80->80
[3021.960s][info][gc,metaspace   ] GC(612) Metaspace: 28966K(29312K)->28966K(29312K) NonClass: 24089K(24256K)->24089K(24256K) Class: 4877K(5056K)->4877K(5056K)
[3021.960s][info][gc             ] GC(612) Pause Young (Mixed) (G1 Evacuation Pause) 3665M->1324M(4096M) 138.683ms
[3021.960s][info][gc,cpu         ] GC(612) User=0.82s Sys=0.00s Real=0.14s
....[3025.529s][info][gc,start       ] GC(613) Pause Young (Concurrent Start) (G1 Evacuation Pause)
[3025.529s][info][gc,task        ] GC(613) Using 6 workers of 6 for evacuation
[3025.645s][info][gc,phases      ] GC(613)   Pre Evacuate Collection Set: 0.34ms
[3025.645s][info][gc,phases      ] GC(613)   Merge Heap Roots: 0.46ms
[3025.645s][info][gc,phases      ] GC(613)   Evacuate Collection Set: 114.60ms
[3025.645s][info][gc,phases      ] GC(613)   Post Evacuate Collection Set: 0.88ms
[3025.645s][info][gc,phases      ] GC(613)   Other: 0.10ms
[3025.645s][info][gc,heap        ] GC(613) Eden regions: 1118->0(1120)
[3025.645s][info][gc,heap        ] GC(613) Survivor regions: 110->108(154)
[3025.645s][info][gc,heap        ] GC(613) Old regions: 473->506
[3025.645s][info][gc,heap        ] GC(613) Humongous regions: 80->80
[3025.645s][info][gc,metaspace   ] GC(613) Metaspace: 28966K(29312K)->28966K(29312K) NonClass: 24089K(24256K)->24089K(24256K) Class: 4877K(5056K)->4877K(5056K)
[3025.645s][info][gc             ] GC(613) Pause Young (Concurrent Start) (G1 Evacuation Pause) 3560M->1386M(4096M) 116.506ms
[3025.645s][info][gc             ] GC(614) Concurrent Mark Cycle
[3025.645s][info][gc,marking     ] GC(614) Concurrent Scan Root Regions
[3025.645s][info][gc,cpu         ] GC(613) User=0.69s Sys=0.00s Real=0.12s
[3025.786s][info][gc,marking     ] GC(614) Concurrent Scan Root Regions 141.159ms
[3025.786s][info][gc,marking     ] GC(614) Concurrent Mark
[3025.786s][info][gc,marking     ] GC(614) Concurrent Mark From Roots
[3025.786s][info][gc,task        ] GC(614) Using 2 workers of 2 for marking
.[3026.452s][info][gc,marking     ] GC(614) Concurrent Mark From Roots 665.806ms
[3026.452s][info][gc,marking     ] GC(614) Concurrent Preclean
[3026.452s][info][gc,marking     ] GC(614) Concurrent Preclean 0.090ms
[3026.452s][info][gc,start       ] GC(614) Pause Remark
[3026.456s][info][gc             ] GC(614) Pause Remark 1962M->1962M(4096M) 3.456ms
[3026.456s][info][gc,cpu         ] GC(614) User=0.02s Sys=0.00s Real=0.00s
[3026.456s][info][gc,marking     ] GC(614) Concurrent Mark 669.613ms
[3026.456s][info][gc,marking     ] GC(614) Concurrent Rebuild Remembered Sets and Scrub Regions
[3026.806s][info][gc,marking     ] GC(614) Concurrent Rebuild Remembered Sets and Scrub Regions 349.864ms
[3026.806s][info][gc,start       ] GC(614) Pause Cleanup
[3026.806s][info][gc             ] GC(614) Pause Cleanup 2186M->2186M(4096M) 0.117ms
[3026.806s][info][gc,cpu         ] GC(614) User=0.00s Sys=0.00s Real=0.00s
[3026.806s][info][gc,marking     ] GC(614) Concurrent Clear Claimed Marks
[3026.806s][info][gc,marking     ] GC(614) Concurrent Clear Claimed Marks 0.033ms
[3026.806s][info][gc,marking     ] GC(614) Concurrent Cleanup for Next Mark
[3026.810s][info][gc,marking     ] GC(614) Concurrent Cleanup for Next Mark 3.567ms
[3026.810s][info][gc             ] GC(614) Concurrent Mark Cycle 1164.740ms
...[3029.192s][info][gc,start       ] GC(615) Pause Young (Prepare Mixed) (G1 Evacuation Pause)
[3029.192s][info][gc,task        ] GC(615) Using 6 workers of 6 for evacuation
[3029.307s][info][gc,phases      ] GC(615)   Pre Evacuate Collection Set: 0.33ms
[3029.307s][info][gc,phases      ] GC(615)   Merge Heap Roots: 0.50ms
[3029.307s][info][gc,phases      ] GC(615)   Evacuate Collection Set: 112.89ms
[3029.307s][info][gc,phases      ] GC(615)   Post Evacuate Collection Set: 0.91ms
[3029.307s][info][gc,phases      ] GC(615)   Other: 0.08ms
[3029.307s][info][gc,heap        ] GC(615) Eden regions: 1120->0(1114)
[3029.307s][info][gc,heap        ] GC(615) Survivor regions: 108->107(154)
[3029.307s][info][gc,heap        ] GC(615) Old regions: 506->537
[3029.307s][info][gc,heap        ] GC(615) Humongous regions: 80->80
[3029.307s][info][gc,metaspace   ] GC(615) Metaspace: 28966K(29312K)->28966K(29312K) NonClass: 24089K(24256K)->24089K(24256K) Class: 4877K(5056K)->4877K(5056K)
[3029.307s][info][gc             ] GC(615) Pause Young (Prepare Mixed) (G1 Evacuation Pause) 3626M->1447M(4096M) 114.834ms
[3029.307s][info][gc,cpu         ] GC(615) User=0.67s Sys=0.00s Real=0.11s
...[3032.920s][info][gc,start       ] GC(616) Pause Young (Mixed) (G1 Evacuation Pause)
[3032.920s][info][gc,task        ] GC(616) Using 6 workers of 6 for evacuation
[3033.054s][info][gc,phases      ] GC(616)   Pre Evacuate Collection Set: 0.34ms
[3033.054s][info][gc,phases      ] GC(616)   Merge Heap Roots: 0.63ms
[3033.054s][info][gc,phases      ] GC(616)   Evacuate Collection Set: 131.74ms
[3033.054s][info][gc,phases      ] GC(616)   Post Evacuate Collection Set: 0.95ms
[3033.054s][info][gc,phases      ] GC(616)   Other: 0.08ms
[3033.054s][info][gc,heap        ] GC(616) Eden regions: 1114->0(1118)
[3033.054s][info][gc,heap        ] GC(616) Survivor regions: 107->110(153)
[3033.054s][info][gc,heap        ] GC(616) Old regions: 537->472
[3033.054s][info][gc,heap        ] GC(616) Humongous regions: 80->80
[3033.054s][info][gc,metaspace   ] GC(616) Metaspace: 28966K(29312K)->28966K(29312K) NonClass: 24089K(24256K)->24089K(24256K) Class: 4877K(5056K)->4877K(5056K)
[3033.054s][info][gc             ] GC(616) Pause Young (Mixed) (G1 Evacuation Pause) 3675M->1322M(4096M) 133.894ms
[3033.054s][info][gc,cpu         ] GC(616) User=0.80s Sys=0.00s Real=0.14s
....[3036.566s][info][gc,start       ] GC(617) Pause Young (Concurrent Start) (G1 Evacuation Pause)
[3036.566s][info][gc,task        ] GC(617) Using 6 workers of 6 for evacuation
[3036.681s][info][gc,phases      ] GC(617)   Pre Evacuate Collection Set: 0.38ms
[3036.681s][info][gc,phases      ] GC(617)   Merge Heap Roots: 0.47ms
[3036.681s][info][gc,phases      ] GC(617)   Evacuate Collection Set: 112.92ms
[3036.681s][info][gc,phases      ] GC(617)   Post Evacuate Collection Set: 0.86ms
[3036.681s][info][gc,phases      ] GC(617)   Other: 0.12ms
[3036.681s][info][gc,heap        ] GC(617) Eden regions: 1118->0(1119)
[3036.681s][info][gc,heap        ] GC(617) Survivor regions: 110->109(154)
[3036.681s][info][gc,heap        ] GC(617) Old regions: 472->503
[3036.681s][info][gc,heap        ] GC(617) Humongous regions: 80->80
[3036.681s][info][gc,metaspace   ] GC(617) Metaspace: 28966K(29312K)->28966K(29312K) NonClass: 24089K(24256K)->24089K(24256K) Class: 4877K(5056K)->4877K(5056K)
[3036.681s][info][gc             ] GC(617) Pause Young (Concurrent Start) (G1 Evacuation Pause) 3558M->1382M(4096M) 114.897ms
[3036.681s][info][gc             ] GC(618) Concurrent Mark Cycle
[3036.681s][info][gc,marking     ] GC(618) Concurrent Scan Root Regions
[3036.681s][info][gc,cpu         ] GC(617) User=0.68s Sys=0.00s Real=0.11s
[3036.861s][info][gc,marking     ] GC(618) Concurrent Scan Root Regions 179.522ms
[3036.861s][info][gc,marking     ] GC(618) Concurrent Mark
[3036.861s][info][gc,marking     ] GC(618) Concurrent Mark From Roots
[3036.861s][info][gc,task        ] GC(618) Using 2 workers of 2 for marking
.[3037.487s][info][gc,marking     ] GC(618) Concurrent Mark From Roots 626.279ms
[3037.487s][info][gc,marking     ] GC(618) Concurrent Preclean
[3037.487s][info][gc,marking     ] GC(618) Concurrent Preclean 0.108ms
[3037.489s][info][gc,start       ] GC(618) Pause Remark
[3037.493s][info][gc             ] GC(618) Pause Remark 1923M->1923M(4096M) 4.063ms
[3037.493s][info][gc,cpu         ] GC(618) User=0.02s Sys=0.00s Real=0.01s
[3037.493s][info][gc,marking     ] GC(618) Concurrent Mark 632.356ms
[3037.493s][info][gc,marking     ] GC(618) Concurrent Rebuild Remembered Sets and Scrub Regions
[3037.737s][info][gc,marking     ] GC(618) Concurrent Rebuild Remembered Sets and Scrub Regions 244.187ms
[3037.738s][info][gc,start       ] GC(618) Pause Cleanup
[3037.738s][info][gc             ] GC(618) Pause Cleanup 2075M->2075M(4096M) 0.101ms
[3037.738s][info][gc,cpu         ] GC(618) User=0.00s Sys=0.00s Real=0.00s
[3037.738s][info][gc,marking     ] GC(618) Concurrent Clear Claimed Marks
[3037.738s][info][gc,marking     ] GC(618) Concurrent Clear Claimed Marks 0.031ms
[3037.738s][info][gc,marking     ] GC(618) Concurrent Cleanup for Next Mark
[3037.742s][info][gc,marking     ] GC(618) Concurrent Cleanup for Next Mark 4.608ms
[3037.742s][info][gc             ] GC(618) Concurrent Mark Cycle 1061.180ms
...[3040.185s][info][gc,start       ] GC(619) Pause Young (Prepare Mixed) (G1 Evacuation Pause)
[3040.185s][info][gc,task        ] GC(619) Using 6 workers of 6 for evacuation
[3040.301s][info][gc,phases      ] GC(619)   Pre Evacuate Collection Set: 0.29ms
[3040.301s][info][gc,phases      ] GC(619)   Merge Heap Roots: 0.51ms
[3040.301s][info][gc,phases      ] GC(619)   Evacuate Collection Set: 114.06ms
[3040.301s][info][gc,phases      ] GC(619)   Post Evacuate Collection Set: 0.93ms
[3040.301s][info][gc,phases      ] GC(619)   Other: 0.09ms
[3040.301s][info][gc,heap        ] GC(619) Eden regions: 1119->0(1113)
[3040.301s][info][gc,heap        ] GC(619) Survivor regions: 109->108(154)
[3040.301s][info][gc,heap        ] GC(619) Old regions: 503->536
[3040.301s][info][gc,heap        ] GC(619) Humongous regions: 80->80
[3040.301s][info][gc,metaspace   ] GC(619) Metaspace: 28966K(29312K)->28966K(29312K) NonClass: 24089K(24256K)->24089K(24256K) Class: 4877K(5056K)->4877K(5056K)
[3040.301s][info][gc             ] GC(619) Pause Young (Prepare Mixed) (G1 Evacuation Pause) 3620M->1445M(4096M) 116.010ms
[3040.301s][info][gc,cpu         ] GC(619) User=0.69s Sys=0.00s Real=0.11s
...[3043.867s][info][gc,start       ] GC(620) Pause Young (Mixed) (G1 Evacuation Pause)
[3043.867s][info][gc,task        ] GC(620) Using 6 workers of 6 for evacuation
[3044.006s][info][gc,phases      ] GC(620)   Pre Evacuate Collection Set: 0.35ms
[3044.006s][info][gc,phases      ] GC(620)   Merge Heap Roots: 0.72ms
[3044.006s][info][gc,phases      ] GC(620)   Evacuate Collection Set: 136.87ms
[3044.006s][info][gc,phases      ] GC(620)   Post Evacuate Collection Set: 0.93ms
[3044.006s][info][gc,phases      ] GC(620)   Other: 0.09ms
[3044.006s][info][gc,heap        ] GC(620) Eden regions: 1113->0(1114)
[3044.006s][info][gc,heap        ] GC(620) Survivor regions: 108->114(153)
[3044.006s][info][gc,heap        ] GC(620) Old regions: 536->473
[3044.006s][info][gc,heap        ] GC(620) Humongous regions: 80->80
[3044.006s][info][gc,metaspace   ] GC(620) Metaspace: 28966K(29312K)->28966K(29312K) NonClass: 24089K(24256K)->24089K(24256K) Class: 4877K(5056K)->4877K(5056K)
[3044.006s][info][gc             ] GC(620) Pause Young (Mixed) (G1 Evacuation Pause) 3671M->1332M(4096M) 139.088ms
[3044.006s][info][gc,cpu         ] GC(620) User=0.83s Sys=0.00s Real=0.14s
....[3047.489s][info][gc,start       ] GC(621) Pause Young (Concurrent Start) (G1 Evacuation Pause)
[3047.489s][info][gc,task        ] GC(621) Using 6 workers of 6 for evacuation
[3047.605s][info][gc,phases      ] GC(621)   Pre Evacuate Collection Set: 0.38ms
[3047.605s][info][gc,phases      ] GC(621)   Merge Heap Roots: 0.47ms
[3047.605s][info][gc,phases      ] GC(621)   Evacuate Collection Set: 114.42ms
[3047.605s][info][gc,phases      ] GC(621)   Post Evacuate Collection Set: 0.91ms
[3047.605s][info][gc,phases      ] GC(621)   Other: 0.14ms
[3047.605s][info][gc,heap        ] GC(621) Eden regions: 1114->0(1120)
[3047.605s][info][gc,heap        ] GC(621) Survivor regions: 114->108(154)
[3047.605s][info][gc,heap        ] GC(621) Old regions: 473->504
[3047.605s][info][gc,heap        ] GC(621) Humongous regions: 80->80
[3047.605s][info][gc,metaspace   ] GC(621) Metaspace: 28966K(29312K)->28966K(29312K) NonClass: 24089K(24256K)->24089K(24256K) Class: 4877K(5056K)->4877K(5056K)
[3047.605s][info][gc             ] GC(621) Pause Young (Concurrent Start) (G1 Evacuation Pause) 3560M->1383M(4096M) 116.438ms
[3047.605s][info][gc             ] GC(622) Concurrent Mark Cycle
[3047.605s][info][gc,marking     ] GC(622) Concurrent Scan Root Regions
[3047.605s][info][gc,cpu         ] GC(621) User=0.69s Sys=0.00s Real=0.12s
[3047.803s][info][gc,marking     ] GC(622) Concurrent Scan Root Regions 197.495ms
[3047.803s][info][gc,marking     ] GC(622) Concurrent Mark
[3047.803s][info][gc,marking     ] GC(622) Concurrent Mark From Roots
[3047.803s][info][gc,task        ] GC(622) Using 2 workers of 2 for marking
.[3048.572s][info][gc,marking     ] GC(622) Concurrent Mark From Roots 768.797ms
[3048.572s][info][gc,marking     ] GC(622) Concurrent Preclean
[3048.572s][info][gc,marking     ] GC(622) Concurrent Preclean 0.072ms
[3048.572s][info][gc,start       ] GC(622) Pause Remark
[3048.576s][info][gc             ] GC(622) Pause Remark 2027M->2027M(4096M) 4.049ms
[3048.576s][info][gc,cpu         ] GC(622) User=0.02s Sys=0.00s Real=0.00s
[3048.576s][info][gc,marking     ] GC(622) Concurrent Mark 773.174ms
[3048.576s][info][gc,marking     ] GC(622) Concurrent Rebuild Remembered Sets and Scrub Regions
[3048.846s][info][gc,marking     ] GC(622) Concurrent Rebuild Remembered Sets and Scrub Regions 269.810ms
[3048.846s][info][gc,start       ] GC(622) Pause Cleanup
[3048.846s][info][gc             ] GC(622) Pause Cleanup 2192M->2192M(4096M) 0.105ms
[3048.846s][info][gc,cpu         ] GC(622) User=0.00s Sys=0.00s Real=0.00s
[3048.846s][info][gc,marking     ] GC(622) Concurrent Clear Claimed Marks
[3048.846s][info][gc,marking     ] GC(622) Concurrent Clear Claimed Marks 0.023ms
[3048.846s][info][gc,marking     ] GC(622) Concurrent Cleanup for Next Mark
[3048.851s][info][gc,marking     ] GC(622) Concurrent Cleanup for Next Mark 4.814ms
[3048.851s][info][gc             ] GC(622) Concurrent Mark Cycle 1245.768ms
...[3051.194s][info][gc,start       ] GC(623) Pause Young (Prepare Mixed) (G1 Evacuation Pause)
[3051.194s][info][gc,task        ] GC(623) Using 6 workers of 6 for evacuation
[3051.309s][info][gc,phases      ] GC(623)   Pre Evacuate Collection Set: 0.37ms
[3051.309s][info][gc,phases      ] GC(623)   Merge Heap Roots: 0.53ms
[3051.309s][info][gc,phases      ] GC(623)   Evacuate Collection Set: 112.88ms
[3051.309s][info][gc,phases      ] GC(623)   Post Evacuate Collection Set: 0.91ms
[3051.309s][info][gc,phases      ] GC(623)   Other: 0.09ms
[3051.309s][info][gc,heap        ] GC(623) Eden regions: 1120->0(1113)
[3051.309s][info][gc,heap        ] GC(623) Survivor regions: 108->108(154)
[3051.309s][info][gc,heap        ] GC(623) Old regions: 504->536
[3051.309s][info][gc,heap        ] GC(623) Humongous regions: 80->80
[3051.309s][info][gc,metaspace   ] GC(623) Metaspace: 28966K(29312K)->28966K(29312K) NonClass: 24089K(24256K)->24089K(24256K) Class: 4877K(5056K)->4877K(5056K)
[3051.309s][info][gc             ] GC(623) Pause Young (Prepare Mixed) (G1 Evacuation Pause) 3623M->1446M(4096M) 114.917ms
[3051.309s][info][gc,cpu         ] GC(623) User=0.68s Sys=0.00s Real=0.11s
...[3054.889s][info][gc,start       ] GC(624) Pause Young (Mixed) (G1 Evacuation Pause)
[3054.889s][info][gc,task        ] GC(624) Using 6 workers of 6 for evacuation
[3055.024s][info][gc,phases      ] GC(624)   Pre Evacuate Collection Set: 0.38ms
[3055.024s][info][gc,phases      ] GC(624)   Merge Heap Roots: 0.64ms
[3055.024s][info][gc,phases      ] GC(624)   Evacuate Collection Set: 132.66ms
[3055.024s][info][gc,phases      ] GC(624)   Post Evacuate Collection Set: 0.94ms
[3055.024s][info][gc,phases      ] GC(624)   Other: 0.09ms
[3055.024s][info][gc,heap        ] GC(624) Eden regions: 1113->0(1116)
[3055.024s][info][gc,heap        ] GC(624) Survivor regions: 108->112(153)
[3055.024s][info][gc,heap        ] GC(624) Old regions: 536->472
[3055.024s][info][gc,heap        ] GC(624) Humongous regions: 80->80
[3055.024s][info][gc,metaspace   ] GC(624) Metaspace: 28966K(29312K)->28966K(29312K) NonClass: 24089K(24256K)->24089K(24256K) Class: 4877K(5056K)->4877K(5056K)
[3055.024s][info][gc             ] GC(624) Pause Young (Mixed) (G1 Evacuation Pause) 3672M->1326M(4096M) 134.847ms
[3055.024s][info][gc,cpu         ] GC(624) User=0.81s Sys=0.00s Real=0.14s
....[3058.543s][info][gc,start       ] GC(625) Pause Young (Concurrent Start) (G1 Evacuation Pause)
[3058.543s][info][gc,task        ] GC(625) Using 6 workers of 6 for evacuation
[3058.659s][info][gc,phases      ] GC(625)   Pre Evacuate Collection Set: 0.38ms
[3058.659s][info][gc,phases      ] GC(625)   Merge Heap Roots: 0.46ms
[3058.659s][info][gc,phases      ] GC(625)   Evacuate Collection Set: 114.31ms
[3058.659s][info][gc,phases      ] GC(625)   Post Evacuate Collection Set: 0.87ms
[3058.659s][info][gc,phases      ] GC(625)   Other: 0.12ms
[3058.659s][info][gc,heap        ] GC(625) Eden regions: 1116->0(1119)
[3058.659s][info][gc,heap        ] GC(625) Survivor regions: 112->109(154)
[3058.659s][info][gc,heap        ] GC(625) Old regions: 472->505
[3058.659s][info][gc,heap        ] GC(625) Humongous regions: 80->80
[3058.659s][info][gc,metaspace   ] GC(625) Metaspace: 28966K(29312K)->28966K(29312K) NonClass: 24089K(24256K)->24089K(24256K) Class: 4877K(5056K)->4877K(5056K)
[3058.659s][info][gc             ] GC(625) Pause Young (Concurrent Start) (G1 Evacuation Pause) 3558M->1385M(4096M) 116.276ms
[3058.659s][info][gc             ] GC(626) Concurrent Mark Cycle
[3058.659s][info][gc,marking     ] GC(626) Concurrent Scan Root Regions
[3058.659s][info][gc,cpu         ] GC(625) User=0.69s Sys=0.00s Real=0.11s
[3058.842s][info][gc,marking     ] GC(626) Concurrent Scan Root Regions 183.010ms
[3058.842s][info][gc,marking     ] GC(626) Concurrent Mark
[3058.842s][info][gc,marking     ] GC(626) Concurrent Mark From Roots
[3058.842s][info][gc,task        ] GC(626) Using 2 workers of 2 for marking
.[3059.786s][info][gc,marking     ] GC(626) Concurrent Mark From Roots 943.459ms
[3059.786s][info][gc,marking     ] GC(626) Concurrent Preclean
[3059.786s][info][gc,marking     ] GC(626) Concurrent Preclean 0.113ms
[3059.787s][info][gc,start       ] GC(626) Pause Remark
[3059.791s][info][gc             ] GC(626) Pause Remark 2149M->2149M(4096M) 4.971ms
[3059.792s][info][gc,cpu         ] GC(626) User=0.03s Sys=0.00s Real=0.00s
[3059.793s][info][gc,marking     ] GC(626) Concurrent Mark 950.331ms
[3059.793s][info][gc,marking     ] GC(626) Concurrent Rebuild Remembered Sets and Scrub Regions
[3060.086s][info][gc,marking     ] GC(626) Concurrent Rebuild Remembered Sets and Scrub Regions 293.192ms
[3060.086s][info][gc,start       ] GC(626) Pause Cleanup
[3060.086s][info][gc             ] GC(626) Pause Cleanup 2333M->2333M(4096M) 0.104ms
[3060.086s][info][gc,cpu         ] GC(626) User=0.00s Sys=0.00s Real=0.00s
[3060.086s][info][gc,marking     ] GC(626) Concurrent Clear Claimed Marks
[3060.086s][info][gc,marking     ] GC(626) Concurrent Clear Claimed Marks 0.030ms
[3060.086s][info][gc,marking     ] GC(626) Concurrent Cleanup for Next Mark
[3060.090s][info][gc,marking     ] GC(626) Concurrent Cleanup for Next Mark 3.386ms
[3060.090s][info][gc             ] GC(626) Concurrent Mark Cycle 1430.386ms
...[3062.210s][info][gc,start       ] GC(627) Pause Young (Prepare Mixed) (G1 Evacuation Pause)
[3062.210s][info][gc,task        ] GC(627) Using 6 workers of 6 for evacuation
[3062.325s][info][gc,phases      ] GC(627)   Pre Evacuate Collection Set: 0.30ms
[3062.325s][info][gc,phases      ] GC(627)   Merge Heap Roots: 0.50ms
[3062.325s][info][gc,phases      ] GC(627)   Evacuate Collection Set: 113.63ms
[3062.325s][info][gc,phases      ] GC(627)   Post Evacuate Collection Set: 0.90ms
[3062.325s][info][gc,phases      ] GC(627)   Other: 0.10ms
[3062.325s][info][gc,heap        ] GC(627) Eden regions: 1119->0(1112)
[3062.325s][info][gc,heap        ] GC(627) Survivor regions: 109->108(154)
[3062.325s][info][gc,heap        ] GC(627) Old regions: 505->537
[3062.325s][info][gc,heap        ] GC(627) Humongous regions: 80->80
[3062.325s][info][gc,metaspace   ] GC(627) Metaspace: 28966K(29312K)->28966K(29312K) NonClass: 24089K(24256K)->24089K(24256K) Class: 4877K(5056K)->4877K(5056K)
[3062.325s][info][gc             ] GC(627) Pause Young (Prepare Mixed) (G1 Evacuation Pause) 3623M->1448M(4096M) 115.572ms
[3062.325s][info][gc,cpu         ] GC(627) User=0.68s Sys=0.00s Real=0.12s
...[3065.911s][info][gc,start       ] GC(628) Pause Young (Mixed) (G1 Evacuation Pause)
[3065.911s][info][gc,task        ] GC(628) Using 6 workers of 6 for evacuation
[3066.044s][info][gc,phases      ] GC(628)   Pre Evacuate Collection Set: 0.35ms
[3066.044s][info][gc,phases      ] GC(628)   Merge Heap Roots: 0.63ms
[3066.044s][info][gc,phases      ] GC(628)   Evacuate Collection Set: 130.25ms
[3066.044s][info][gc,phases      ] GC(628)   Post Evacuate Collection Set: 0.94ms
[3066.044s][info][gc,phases      ] GC(628)   Other: 0.08ms
[3066.044s][info][gc,heap        ] GC(628) Eden regions: 1112->0(1118)
[3066.044s][info][gc,heap        ] GC(628) Survivor regions: 108->110(153)
[3066.044s][info][gc,heap        ] GC(628) Old regions: 537->473
[3066.044s][info][gc,heap        ] GC(628) Humongous regions: 80->80
[3066.044s][info][gc,metaspace   ] GC(628) Metaspace: 28966K(29312K)->28966K(29312K) NonClass: 24089K(24256K)->24089K(24256K) Class: 4877K(5056K)->4877K(5056K)
[3066.044s][info][gc             ] GC(628) Pause Young (Mixed) (G1 Evacuation Pause) 3672M->1325M(4096M) 132.398ms
[3066.044s][info][gc,cpu         ] GC(628) User=0.79s Sys=0.00s Real=0.14s
... (rIR:aIR:PR = 5120:5121:5121) (tPR = 75938) [OK] 
  3067s: Performance info:
         Transaction,    Success,    Partial,     Failed,   Receipts, AvgBarcode, 
             Overall,     309112,          0,          0,     293678,      59.47, 
         Response times:
             Request,    Success,    Partial,     Failed,   SkipFail,     Probes,    Samples,      min,      p50,      p90,      p95,      p99,      max, 
       TotalPurchase,     293678,          0,          0,          0,     289461,     308375,      200,     3900,     7900,    15500,    50000,   188000,
     InStorePurchase,     154632,          0,          0,          0,     152654,     162074,      200,     3800,     7800,    15200,    50000,   188000,
      OnlinePurchase,     108124,          0,          0,          0,     106757,     114003,      300,     4000,     7900,    15600,    50000,   183000,
        InstPurchase,      30922,          0,          0,          0,      30050,      32298,      400,     4100,     8200,    17400,    54010,   188000,
          AssocOfCat,        307,          0,          0,          0,        251,        340,    24000,    33000,    59800,    80950,   178590,   247000,
      AssocOfProduct,       3085,          0,          0,          0,       2902,       3321,      500,     4000,     7900,    14600,    55000,   156000,
      BusinessReport,        770,          0,          0,          0,        656,        780,    27000,    37000,    64000,    84000,   145900,   216000,
          CustBuyBeh,       3085,          0,          0,          0,       2886,       3274,      300,     3000,     6450,    16800,    40250,   140000,
       ProductReturn,       8187,          0,          0,          0,       7753,       8604,      200,     4100,     7800,    15875,    50000,   153000,

  3067s: (38%)   IR =   5258 .[3069.546s][info][gc,start       ] GC(629) Pause Young (Concurrent Start) (G1 Evacuation Pause)
[3069.546s][info][gc,task        ] GC(629) Using 6 workers of 6 for evacuation
[3069.663s][info][gc,phases      ] GC(629)   Pre Evacuate Collection Set: 0.37ms
[3069.663s][info][gc,phases      ] GC(629)   Merge Heap Roots: 0.48ms
[3069.663s][info][gc,phases      ] GC(629)   Evacuate Collection Set: 115.29ms
[3069.663s][info][gc,phases      ] GC(629)   Post Evacuate Collection Set: 0.87ms
[3069.663s][info][gc,phases      ] GC(629)   Other: 0.13ms
[3069.663s][info][gc,heap        ] GC(629) Eden regions: 1118->0(1119)
[3069.663s][info][gc,heap        ] GC(629) Survivor regions: 110->109(154)
[3069.663s][info][gc,heap        ] GC(629) Old regions: 473->505
[3069.663s][info][gc,heap        ] GC(629) Humongous regions: 80->80
[3069.663s][info][gc,metaspace   ] GC(629) Metaspace: 28966K(29312K)->28966K(29312K) NonClass: 24089K(24256K)->24089K(24256K) Class: 4877K(5056K)->4877K(5056K)
[3069.663s][info][gc             ] GC(629) Pause Young (Concurrent Start) (G1 Evacuation Pause) 3561M->1386M(4096M) 117.272ms
[3069.663s][info][gc             ] GC(630) Concurrent Mark Cycle
[3069.663s][info][gc,marking     ] GC(630) Concurrent Scan Root Regions
[3069.663s][info][gc,cpu         ] GC(629) User=0.69s Sys=0.00s Real=0.12s
[3069.853s][info][gc,marking     ] GC(630) Concurrent Scan Root Regions 190.053ms
[3069.853s][info][gc,marking     ] GC(630) Concurrent Mark
[3069.853s][info][gc,marking     ] GC(630) Concurrent Mark From Roots
[3069.853s][info][gc,task        ] GC(630) Using 2 workers of 2 for marking
.[3070.637s][info][gc,marking     ] GC(630) Concurrent Mark From Roots 783.662ms
[3070.637s][info][gc,marking     ] GC(630) Concurrent Preclean
[3070.637s][info][gc,marking     ] GC(630) Concurrent Preclean 0.124ms
[3070.641s][info][gc,start       ] GC(630) Pause Remark
[3070.645s][info][gc             ] GC(630) Pause Remark 2076M->2076M(4096M) 4.151ms
[3070.645s][info][gc,cpu         ] GC(630) User=0.02s Sys=0.00s Real=0.01s
[3070.645s][info][gc,marking     ] GC(630) Concurrent Mark 791.883ms
[3070.645s][info][gc,marking     ] GC(630) Concurrent Rebuild Remembered Sets and Scrub Regions
[3071.030s][info][gc,marking     ] GC(630) Concurrent Rebuild Remembered Sets and Scrub Regions 384.389ms
[3071.032s][info][gc,start       ] GC(630) Pause Cleanup
[3071.032s][info][gc             ] GC(630) Pause Cleanup 2350M->2350M(4096M) 0.136ms
[3071.032s][info][gc,cpu         ] GC(630) User=0.00s Sys=0.00s Real=0.01s
[3071.032s][info][gc,marking     ] GC(630) Concurrent Clear Claimed Marks
[3071.032s][info][gc,marking     ] GC(630) Concurrent Clear Claimed Marks 0.033ms
[3071.032s][info][gc,marking     ] GC(630) Concurrent Cleanup for Next Mark
[3071.036s][info][gc,marking     ] GC(630) Concurrent Cleanup for Next Mark 4.076ms
[3071.036s][info][gc             ] GC(630) Concurrent Mark Cycle 1373.142ms
..|[3073.118s][info][gc,start       ] GC(631) Pause Young (Prepare Mixed) (G1 Evacuation Pause)
[3073.118s][info][gc,task        ] GC(631) Using 6 workers of 6 for evacuation
[3073.233s][info][gc,phases      ] GC(631)   Pre Evacuate Collection Set: 0.33ms
[3073.233s][info][gc,phases      ] GC(631)   Merge Heap Roots: 0.50ms
[3073.233s][info][gc,phases      ] GC(631)   Evacuate Collection Set: 112.79ms
[3073.233s][info][gc,phases      ] GC(631)   Post Evacuate Collection Set: 0.91ms
[3073.233s][info][gc,phases      ] GC(631)   Other: 0.09ms
[3073.233s][info][gc,heap        ] GC(631) Eden regions: 1119->0(1112)
[3073.233s][info][gc,heap        ] GC(631) Survivor regions: 109->108(154)
[3073.233s][info][gc,heap        ] GC(631) Old regions: 505->537
[3073.233s][info][gc,heap        ] GC(631) Humongous regions: 80->80
[3073.233s][info][gc,metaspace   ] GC(631) Metaspace: 28966K(29312K)->28966K(29312K) NonClass: 24089K(24256K)->24089K(24256K) Class: 4877K(5056K)->4877K(5056K)
[3073.233s][info][gc             ] GC(631) Pause Young (Prepare Mixed) (G1 Evacuation Pause) 3624M->1447M(4096M) 114.770ms
[3073.233s][info][gc,cpu         ] GC(631) User=0.68s Sys=0.00s Real=0.12s
....[3076.690s][info][gc,start       ] GC(632) Pause Young (Mixed) (G1 Evacuation Pause)
[3076.690s][info][gc,task        ] GC(632) Using 6 workers of 6 for evacuation
[3076.827s][info][gc,phases      ] GC(632)   Pre Evacuate Collection Set: 0.34ms
[3076.827s][info][gc,phases      ] GC(632)   Merge Heap Roots: 0.70ms
[3076.827s][info][gc,phases      ] GC(632)   Evacuate Collection Set: 135.15ms
[3076.827s][info][gc,phases      ] GC(632)   Post Evacuate Collection Set: 0.93ms
[3076.827s][info][gc,phases      ] GC(632)   Other: 0.09ms
[3076.827s][info][gc,heap        ] GC(632) Eden regions: 1112->0(1116)
[3076.827s][info][gc,heap        ] GC(632) Survivor regions: 108->112(153)
[3076.827s][info][gc,heap        ] GC(632) Old regions: 537->473
[3076.827s][info][gc,heap        ] GC(632) Humongous regions: 80->80
[3076.827s][info][gc,metaspace   ] GC(632) Metaspace: 28966K(29312K)->28966K(29312K) NonClass: 24089K(24256K)->24089K(24256K) Class: 4877K(5056K)->4877K(5056K)
[3076.827s][info][gc             ] GC(632) Pause Young (Mixed) (G1 Evacuation Pause) 3671M->1327M(4096M) 137.340ms
[3076.827s][info][gc,cpu         ] GC(632) User=0.82s Sys=0.00s Real=0.14s
...[3080.250s][info][gc,start       ] GC(633) Pause Young (Concurrent Start) (G1 Evacuation Pause)
[3080.250s][info][gc,task        ] GC(633) Using 6 workers of 6 for evacuation
[3080.366s][info][gc,phases      ] GC(633)   Pre Evacuate Collection Set: 0.40ms
[3080.366s][info][gc,phases      ] GC(633)   Merge Heap Roots: 0.46ms
[3080.366s][info][gc,phases      ] GC(633)   Evacuate Collection Set: 114.51ms
[3080.366s][info][gc,phases      ] GC(633)   Post Evacuate Collection Set: 0.89ms
[3080.366s][info][gc,phases      ] GC(633)   Other: 0.11ms
[3080.366s][info][gc,heap        ] GC(633) Eden regions: 1116->0(1120)
[3080.366s][info][gc,heap        ] GC(633) Survivor regions: 112->108(154)
[3080.366s][info][gc,heap        ] GC(633) Old regions: 473->505
[3080.366s][info][gc,heap        ] GC(633) Humongous regions: 80->80
[3080.366s][info][gc,metaspace   ] GC(633) Metaspace: 28966K(29312K)->28966K(29312K) NonClass: 24089K(24256K)->24089K(24256K) Class: 4877K(5056K)->4877K(5056K)
[3080.366s][info][gc             ] GC(633) Pause Young (Concurrent Start) (G1 Evacuation Pause) 3559M->1383M(4096M) 116.513ms
[3080.366s][info][gc             ] GC(634) Concurrent Mark Cycle
[3080.366s][info][gc,marking     ] GC(634) Concurrent Scan Root Regions
[3080.366s][info][gc,cpu         ] GC(633) User=0.70s Sys=0.00s Real=0.12s
.[3080.479s][info][gc,marking     ] GC(634) Concurrent Scan Root Regions 112.790ms
[3080.479s][info][gc,marking     ] GC(634) Concurrent Mark
[3080.479s][info][gc,marking     ] GC(634) Concurrent Mark From Roots
[3080.479s][info][gc,task        ] GC(634) Using 2 workers of 2 for marking
[3081.029s][info][gc,marking     ] GC(634) Concurrent Mark From Roots 549.619ms
[3081.029s][info][gc,marking     ] GC(634) Concurrent Preclean
[3081.029s][info][gc,marking     ] GC(634) Concurrent Preclean 0.091ms
[3081.030s][info][gc,start       ] GC(634) Pause Remark
[3081.034s][info][gc             ] GC(634) Pause Remark 1861M->1861M(4096M) 3.817ms
[3081.034s][info][gc,cpu         ] GC(634) User=0.02s Sys=0.00s Real=0.01s
[3081.034s][info][gc,marking     ] GC(634) Concurrent Mark 555.042ms
[3081.034s][info][gc,marking     ] GC(634) Concurrent Rebuild Remembered Sets and Scrub Regions
[3081.242s][info][gc,marking     ] GC(634) Concurrent Rebuild Remembered Sets and Scrub Regions 207.953ms
[3081.242s][info][gc,start       ] GC(634) Pause Cleanup
[3081.243s][info][gc             ] GC(634) Pause Cleanup 2006M->2006M(4096M) 0.104ms
[3081.243s][info][gc,cpu         ] GC(634) User=0.00s Sys=0.00s Real=0.00s
[3081.243s][info][gc,marking     ] GC(634) Concurrent Clear Claimed Marks
[3081.243s][info][gc,marking     ] GC(634) Concurrent Clear Claimed Marks 0.026ms
[3081.243s][info][gc,marking     ] GC(634) Concurrent Cleanup for Next Mark
[3081.247s][info][gc,marking     ] GC(634) Concurrent Cleanup for Next Mark 4.024ms
[3081.247s][info][gc             ] GC(634) Concurrent Mark Cycle 880.268ms
...[3083.860s][info][gc,start       ] GC(635) Pause Young (Prepare Mixed) (G1 Evacuation Pause)
[3083.860s][info][gc,task        ] GC(635) Using 6 workers of 6 for evacuation
[3083.976s][info][gc,phases      ] GC(635)   Pre Evacuate Collection Set: 0.37ms
[3083.976s][info][gc,phases      ] GC(635)   Merge Heap Roots: 0.49ms
[3083.976s][info][gc,phases      ] GC(635)   Evacuate Collection Set: 114.46ms
[3083.976s][info][gc,phases      ] GC(635)   Post Evacuate Collection Set: 0.93ms
[3083.976s][info][gc,phases      ] GC(635)   Other: 0.09ms
[3083.976s][info][gc,heap        ] GC(635) Eden regions: 1120->0(1106)
[3083.976s][info][gc,heap        ] GC(635) Survivor regions: 108->111(154)
[3083.976s][info][gc,heap        ] GC(635) Old regions: 505->537
[3083.976s][info][gc,heap        ] GC(635) Humongous regions: 80->80
[3083.976s][info][gc,metaspace   ] GC(635) Metaspace: 28966K(29312K)->28966K(29312K) NonClass: 24089K(24256K)->24089K(24256K) Class: 4877K(5056K)->4877K(5056K)
[3083.976s][info][gc             ] GC(635) Pause Young (Prepare Mixed) (G1 Evacuation Pause) 3623M->1453M(4096M) 116.513ms
[3083.976s][info][gc,cpu         ] GC(635) User=0.69s Sys=0.00s Real=0.12s
...[3087.435s][info][gc,start       ] GC(636) Pause Young (Mixed) (G1 Evacuation Pause)
[3087.435s][info][gc,task        ] GC(636) Using 6 workers of 6 for evacuation
[3087.571s][info][gc,phases      ] GC(636)   Pre Evacuate Collection Set: 0.38ms
[3087.571s][info][gc,phases      ] GC(636)   Merge Heap Roots: 0.66ms
[3087.571s][info][gc,phases      ] GC(636)   Evacuate Collection Set: 133.65ms
[3087.571s][info][gc,phases      ] GC(636)   Post Evacuate Collection Set: 0.95ms
[3087.571s][info][gc,phases      ] GC(636)   Other: 0.09ms
[3087.571s][info][gc,heap        ] GC(636) Eden regions: 1106->0(1115)
[3087.571s][info][gc,heap        ] GC(636) Survivor regions: 111->113(153)
[3087.571s][info][gc,heap        ] GC(636) Old regions: 537->473
[3087.571s][info][gc,heap        ] GC(636) Humongous regions: 80->80
[3087.571s][info][gc,metaspace   ] GC(636) Metaspace: 28966K(29312K)->28966K(29312K) NonClass: 24089K(24256K)->24089K(24256K) Class: 4877K(5056K)->4877K(5056K)
[3087.571s][info][gc             ] GC(636) Pause Young (Mixed) (G1 Evacuation Pause) 3665M->1329M(4096M) 135.865ms
[3087.571s][info][gc,cpu         ] GC(636) User=0.81s Sys=0.00s Real=0.13s
....[3090.950s][info][gc,start       ] GC(637) Pause Young (Concurrent Start) (G1 Evacuation Pause)
[3090.950s][info][gc,task        ] GC(637) Using 6 workers of 6 for evacuation
[3091.069s][info][gc,phases      ] GC(637)   Pre Evacuate Collection Set: 0.39ms
[3091.069s][info][gc,phases      ] GC(637)   Merge Heap Roots: 0.49ms
[3091.069s][info][gc,phases      ] GC(637)   Evacuate Collection Set: 117.37ms
[3091.069s][info][gc,phases      ] GC(637)   Post Evacuate Collection Set: 0.86ms
[3091.069s][info][gc,phases      ] GC(637)   Other: 0.11ms
[3091.069s][info][gc,heap        ] GC(637) Eden regions: 1115->0(1117)
[3091.069s][info][gc,heap        ] GC(637) Survivor regions: 113->111(154)
[3091.069s][info][gc,heap        ] GC(637) Old regions: 473->505
[3091.069s][info][gc,heap        ] GC(637) Humongous regions: 80->80
[3091.069s][info][gc,metaspace   ] GC(637) Metaspace: 28966K(29312K)->28966K(29312K) NonClass: 24089K(24256K)->24089K(24256K) Class: 4877K(5056K)->4877K(5056K)
[3091.069s][info][gc             ] GC(637) Pause Young (Concurrent Start) (G1 Evacuation Pause) 3559M->1391M(4096M) 119.349ms
[3091.069s][info][gc             ] GC(638) Concurrent Mark Cycle
[3091.069s][info][gc,marking     ] GC(638) Concurrent Scan Root Regions
[3091.069s][info][gc,cpu         ] GC(637) User=0.71s Sys=0.00s Real=0.12s
[3091.220s][info][gc,marking     ] GC(638) Concurrent Scan Root Regions 150.050ms
[3091.220s][info][gc,marking     ] GC(638) Concurrent Mark
[3091.220s][info][gc,marking     ] GC(638) Concurrent Mark From Roots
[3091.220s][info][gc,task        ] GC(638) Using 2 workers of 2 for marking
.[3091.888s][info][gc,marking     ] GC(638) Concurrent Mark From Roots 668.419ms
[3091.888s][info][gc,marking     ] GC(638) Concurrent Preclean
[3091.888s][info][gc,marking     ] GC(638) Concurrent Preclean 0.084ms
[3091.888s][info][gc,start       ] GC(638) Pause Remark
[3091.892s][info][gc             ] GC(638) Pause Remark 1974M->1974M(4096M) 3.851ms
[3091.892s][info][gc,cpu         ] GC(638) User=0.02s Sys=0.00s Real=0.01s
[3091.892s][info][gc,marking     ] GC(638) Concurrent Mark 672.608ms
[3091.892s][info][gc,marking     ] GC(638) Concurrent Rebuild Remembered Sets and Scrub Regions
[3092.152s][info][gc,marking     ] GC(638) Concurrent Rebuild Remembered Sets and Scrub Regions 259.975ms
[3092.152s][info][gc,start       ] GC(638) Pause Cleanup
[3092.152s][info][gc             ] GC(638) Pause Cleanup 2145M->2145M(4096M) 0.114ms
[3092.152s][info][gc,cpu         ] GC(638) User=0.00s Sys=0.00s Real=0.00s
[3092.153s][info][gc,marking     ] GC(638) Concurrent Clear Claimed Marks
[3092.153s][info][gc,marking     ] GC(638) Concurrent Clear Claimed Marks 0.023ms
[3092.153s][info][gc,marking     ] GC(638) Concurrent Cleanup for Next Mark
[3092.157s][info][gc,marking     ] GC(638) Concurrent Cleanup for Next Mark 4.428ms
[3092.157s][info][gc             ] GC(638) Concurrent Mark Cycle 1087.578ms
..[3094.527s][info][gc,start       ] GC(639) Pause Young (Prepare Mixed) (G1 Evacuation Pause)
[3094.527s][info][gc,task        ] GC(639) Using 6 workers of 6 for evacuation
[3094.642s][info][gc,phases      ] GC(639)   Pre Evacuate Collection Set: 0.33ms
[3094.642s][info][gc,phases      ] GC(639)   Merge Heap Roots: 0.54ms
[3094.642s][info][gc,phases      ] GC(639)   Evacuate Collection Set: 113.03ms
[3094.642s][info][gc,phases      ] GC(639)   Post Evacuate Collection Set: 0.91ms
[3094.642s][info][gc,phases      ] GC(639)   Other: 0.09ms
[3094.642s][info][gc,heap        ] GC(639) Eden regions: 1117->0(1113)
[3094.642s][info][gc,heap        ] GC(639) Survivor regions: 111->107(154)
[3094.642s][info][gc,heap        ] GC(639) Old regions: 505->538
[3094.642s][info][gc,heap        ] GC(639) Humongous regions: 80->80
[3094.642s][info][gc,metaspace   ] GC(639) Metaspace: 28966K(29312K)->28966K(29312K) NonClass: 24089K(24256K)->24089K(24256K) Class: 4877K(5056K)->4877K(5056K)
[3094.642s][info][gc             ] GC(639) Pause Young (Prepare Mixed) (G1 Evacuation Pause) 3625M->1448M(4096M) 115.028ms
[3094.642s][info][gc,cpu         ] GC(639) User=0.69s Sys=0.00s Real=0.12s
....[3098.098s][info][gc,start       ] GC(640) Pause Young (Mixed) (G1 Evacuation Pause)
[3098.098s][info][gc,task        ] GC(640) Using 6 workers of 6 for evacuation
[3098.229s][info][gc,phases      ] GC(640)   Pre Evacuate Collection Set: 0.37ms
[3098.229s][info][gc,phases      ] GC(640)   Merge Heap Roots: 0.61ms
[3098.229s][info][gc,phases      ] GC(640)   Evacuate Collection Set: 129.01ms
[3098.229s][info][gc,phases      ] GC(640)   Post Evacuate Collection Set: 0.92ms
[3098.230s][info][gc,phases      ] GC(640)   Other: 0.09ms
[3098.230s][info][gc,heap        ] GC(640) Eden regions: 1113->0(1119)
[3098.230s][info][gc,heap        ] GC(640) Survivor regions: 107->109(153)
[3098.230s][info][gc,heap        ] GC(640) Old regions: 538->472
[3098.230s][info][gc,heap        ] GC(640) Humongous regions: 80->80
[3098.230s][info][gc,metaspace   ] GC(640) Metaspace: 28966K(29312K)->28966K(29312K) NonClass: 24089K(24256K)->24089K(24256K) Class: 4877K(5056K)->4877K(5056K)
[3098.230s][info][gc             ] GC(640) Pause Young (Mixed) (G1 Evacuation Pause) 3674M->1321M(4096M) 131.129ms
[3098.230s][info][gc,cpu         ] GC(640) User=0.78s Sys=0.00s Real=0.13s
...[3101.649s][info][gc,start       ] GC(641) Pause Young (Concurrent Start) (G1 Evacuation Pause)
[3101.649s][info][gc,task        ] GC(641) Using 6 workers of 6 for evacuation
[3101.770s][info][gc,phases      ] GC(641)   Pre Evacuate Collection Set: 0.32ms
[3101.770s][info][gc,phases      ] GC(641)   Merge Heap Roots: 0.45ms
[3101.770s][info][gc,phases      ] GC(641)   Evacuate Collection Set: 119.25ms
[3101.770s][info][gc,phases      ] GC(641)   Post Evacuate Collection Set: 0.86ms
[3101.770s][info][gc,phases      ] GC(641)   Other: 0.10ms
[3101.770s][info][gc,heap        ] GC(641) Eden regions: 1119->0(1117)
[3101.770s][info][gc,heap        ] GC(641) Survivor regions: 109->111(154)
[3101.770s][info][gc,heap        ] GC(641) Old regions: 472->505
[3101.770s][info][gc,heap        ] GC(641) Humongous regions: 80->80
[3101.770s][info][gc,metaspace   ] GC(641) Metaspace: 28966K(29312K)->28966K(29312K) NonClass: 24089K(24256K)->24089K(24256K) Class: 4877K(5056K)->4877K(5056K)
[3101.770s][info][gc             ] GC(641) Pause Young (Concurrent Start) (G1 Evacuation Pause) 3559M->1389M(4096M) 121.111ms
[3101.770s][info][gc             ] GC(642) Concurrent Mark Cycle
[3101.770s][info][gc,marking     ] GC(642) Concurrent Scan Root Regions
[3101.770s][info][gc,cpu         ] GC(641) User=0.72s Sys=0.00s Real=0.12s
.[3101.958s][info][gc,marking     ] GC(642) Concurrent Scan Root Regions 187.516ms
[3101.958s][info][gc,marking     ] GC(642) Concurrent Mark
[3101.958s][info][gc,marking     ] GC(642) Concurrent Mark From Roots
[3101.958s][info][gc,task        ] GC(642) Using 2 workers of 2 for marking
[3102.508s][info][gc,marking     ] GC(642) Concurrent Mark From Roots 550.600ms
[3102.508s][info][gc,marking     ] GC(642) Concurrent Preclean
[3102.509s][info][gc,marking     ] GC(642) Concurrent Preclean 0.089ms
[3102.509s][info][gc,start       ] GC(642) Pause Remark
[3102.513s][info][gc             ] GC(642) Pause Remark 1893M->1893M(4096M) 4.722ms
[3102.513s][info][gc,cpu         ] GC(642) User=0.03s Sys=0.00s Real=0.01s
[3102.514s][info][gc,marking     ] GC(642) Concurrent Mark 556.627ms
[3102.514s][info][gc,marking     ] GC(642) Concurrent Rebuild Remembered Sets and Scrub Regions
[3102.761s][info][gc,marking     ] GC(642) Concurrent Rebuild Remembered Sets and Scrub Regions 247.036ms
[3102.762s][info][gc,start       ] GC(642) Pause Cleanup
[3102.762s][info][gc             ] GC(642) Pause Cleanup 2066M->2066M(4096M) 0.098ms
[3102.762s][info][gc,cpu         ] GC(642) User=0.00s Sys=0.00s Real=0.00s
[3102.762s][info][gc,marking     ] GC(642) Concurrent Clear Claimed Marks
[3102.762s][info][gc,marking     ] GC(642) Concurrent Clear Claimed Marks 0.027ms
[3102.762s][info][gc,marking     ] GC(642) Concurrent Cleanup for Next Mark
[3102.766s][info][gc,marking     ] GC(642) Concurrent Cleanup for Next Mark 4.051ms
[3102.766s][info][gc             ] GC(642) Concurrent Mark Cycle 995.716ms
...[3105.198s][info][gc,start       ] GC(643) Pause Young (Prepare Mixed) (G1 Evacuation Pause)
[3105.198s][info][gc,task        ] GC(643) Using 6 workers of 6 for evacuation
[3105.313s][info][gc,phases      ] GC(643)   Pre Evacuate Collection Set: 0.32ms
[3105.313s][info][gc,phases      ] GC(643)   Merge Heap Roots: 0.49ms
[3105.313s][info][gc,phases      ] GC(643)   Evacuate Collection Set: 113.47ms
[3105.313s][info][gc,phases      ] GC(643)   Post Evacuate Collection Set: 0.91ms
[3105.313s][info][gc,phases      ] GC(643)   Other: 0.09ms
[3105.313s][info][gc,heap        ] GC(643) Eden regions: 1117->0(1113)
[3105.313s][info][gc,heap        ] GC(643) Survivor regions: 111->108(154)
[3105.313s][info][gc,heap        ] GC(643) Old regions: 505->536
[3105.313s][info][gc,heap        ] GC(643) Humongous regions: 80->80
[3105.313s][info][gc,metaspace   ] GC(643) Metaspace: 28945K(29312K)->28945K(29312K) NonClass: 24071K(24256K)->24071K(24256K) Class: 4874K(5056K)->4874K(5056K)
[3105.313s][info][gc             ] GC(643) Pause Young (Prepare Mixed) (G1 Evacuation Pause) 3623M->1446M(4096M) 115.398ms
[3105.313s][info][gc,cpu         ] GC(643) User=0.69s Sys=0.00s Real=0.12s
....[3108.837s][info][gc,start       ] GC(644) Pause Young (Mixed) (G1 Evacuation Pause)
[3108.837s][info][gc,task        ] GC(644) Using 6 workers of 6 for evacuation
[3108.974s][info][gc,phases      ] GC(644)   Pre Evacuate Collection Set: 0.38ms
[3108.974s][info][gc,phases      ] GC(644)   Merge Heap Roots: 0.72ms
[3108.974s][info][gc,phases      ] GC(644)   Evacuate Collection Set: 134.79ms
[3108.974s][info][gc,phases      ] GC(644)   Post Evacuate Collection Set: 0.95ms
[3108.974s][info][gc,phases      ] GC(644)   Other: 0.10ms
[3108.974s][info][gc,heap        ] GC(644) Eden regions: 1113->0(1118)
[3108.974s][info][gc,heap        ] GC(644) Survivor regions: 108->110(153)
[3108.974s][info][gc,heap        ] GC(644) Old regions: 536->473
[3108.974s][info][gc,heap        ] GC(644) Humongous regions: 80->80
[3108.974s][info][gc,metaspace   ] GC(644) Metaspace: 28945K(29312K)->28945K(29312K) NonClass: 24071K(24256K)->24071K(24256K) Class: 4874K(5056K)->4874K(5056K)
[3108.974s][info][gc             ] GC(644) Pause Young (Mixed) (G1 Evacuation Pause) 3672M->1324M(4096M) 137.103ms
[3108.974s][info][gc,cpu         ] GC(644) User=0.81s Sys=0.00s Real=0.14s
...[3112.344s][info][gc,start       ] GC(645) Pause Young (Concurrent Start) (G1 Evacuation Pause)
[3112.344s][info][gc,task        ] GC(645) Using 6 workers of 6 for evacuation
[3112.463s][info][gc,phases      ] GC(645)   Pre Evacuate Collection Set: 0.35ms
[3112.463s][info][gc,phases      ] GC(645)   Merge Heap Roots: 0.45ms
[3112.463s][info][gc,phases      ] GC(645)   Evacuate Collection Set: 116.80ms
[3112.463s][info][gc,phases      ] GC(645)   Post Evacuate Collection Set: 0.86ms
[3112.463s][info][gc,phases      ] GC(645)   Other: 0.13ms
[3112.463s][info][gc,heap        ] GC(645) Eden regions: 1118->0(1117)
[3112.463s][info][gc,heap        ] GC(645) Survivor regions: 110->111(154)
[3112.463s][info][gc,heap        ] GC(645) Old regions: 473->505
[3112.463s][info][gc,heap        ] GC(645) Humongous regions: 80->80
[3112.463s][info][gc,metaspace   ] GC(645) Metaspace: 28945K(29312K)->28945K(29312K) NonClass: 24071K(24256K)->24071K(24256K) Class: 4874K(5056K)->4874K(5056K)
[3112.463s][info][gc             ] GC(645) Pause Young (Concurrent Start) (G1 Evacuation Pause) 3560M->1390M(4096M) 118.707ms
[3112.463s][info][gc             ] GC(646) Concurrent Mark Cycle
[3112.463s][info][gc,marking     ] GC(646) Concurrent Scan Root Regions
[3112.463s][info][gc,cpu         ] GC(645) User=0.70s Sys=0.00s Real=0.12s
[3112.577s][info][gc,marking     ] GC(646) Concurrent Scan Root Regions 114.061ms
[3112.577s][info][gc,marking     ] GC(646) Concurrent Mark
[3112.577s][info][gc,marking     ] GC(646) Concurrent Mark From Roots
[3112.577s][info][gc,task        ] GC(646) Using 2 workers of 2 for marking
.[3113.129s][info][gc,marking     ] GC(646) Concurrent Mark From Roots 552.021ms
[3113.129s][info][gc,marking     ] GC(646) Concurrent Preclean
[3113.130s][info][gc,marking     ] GC(646) Concurrent Preclean 0.695ms
[3113.130s][info][gc,start       ] GC(646) Pause Remark
[3113.135s][info][gc             ] GC(646) Pause Remark 1852M->1852M(4096M) 4.956ms
[3113.135s][info][gc,cpu         ] GC(646) User=0.03s Sys=0.00s Real=0.01s
[3113.137s][info][gc,marking     ] GC(646) Concurrent Mark 559.248ms
[3113.137s][info][gc,marking     ] GC(646) Concurrent Rebuild Remembered Sets and Scrub Regions
[3113.344s][info][gc,marking     ] GC(646) Concurrent Rebuild Remembered Sets and Scrub Regions 207.491ms
[3113.344s][info][gc,start       ] GC(646) Pause Cleanup
[3113.344s][info][gc             ] GC(646) Pause Cleanup 1979M->1979M(4096M) 0.102ms
[3113.344s][info][gc,cpu         ] GC(646) User=0.00s Sys=0.00s Real=0.00s
[3113.344s][info][gc,marking     ] GC(646) Concurrent Clear Claimed Marks
[3113.344s][info][gc,marking     ] GC(646) Concurrent Clear Claimed Marks 0.022ms
[3113.344s][info][gc,marking     ] GC(646) Concurrent Cleanup for Next Mark
[3113.349s][info][gc,marking     ] GC(646) Concurrent Cleanup for Next Mark 4.376ms
[3113.349s][info][gc             ] GC(646) Concurrent Mark Cycle 885.666ms
...[3116.001s][info][gc,start       ] GC(647) Pause Young (Prepare Mixed) (G1 Evacuation Pause)
[3116.001s][info][gc,task        ] GC(647) Using 6 workers of 6 for evacuation
[3116.118s][info][gc,phases      ] GC(647)   Pre Evacuate Collection Set: 0.32ms
[3116.118s][info][gc,phases      ] GC(647)   Merge Heap Roots: 0.49ms
[3116.118s][info][gc,phases      ] GC(647)   Evacuate Collection Set: 115.02ms
[3116.118s][info][gc,phases      ] GC(647)   Post Evacuate Collection Set: 0.91ms
[3116.118s][info][gc,phases      ] GC(647)   Other: 0.08ms
[3116.118s][info][gc,heap        ] GC(647) Eden regions: 1117->0(1111)
[3116.118s][info][gc,heap        ] GC(647) Survivor regions: 111->109(154)
[3116.118s][info][gc,heap        ] GC(647) Old regions: 505->536
[3116.118s][info][gc,heap        ] GC(647) Humongous regions: 80->80
[3116.118s][info][gc,metaspace   ] GC(647) Metaspace: 28912K(29312K)->28912K(29312K) NonClass: 24043K(24256K)->24043K(24256K) Class: 4868K(5056K)->4868K(5056K)
[3116.118s][info][gc             ] GC(647) Pause Young (Prepare Mixed) (G1 Evacuation Pause) 3624M->1448M(4096M) 116.982ms
[3116.118s][info][gc,cpu         ] GC(647) User=0.69s Sys=0.00s Real=0.12s
...[3119.530s][info][gc,start       ] GC(648) Pause Young (Mixed) (G1 Evacuation Pause)
[3119.530s][info][gc,task        ] GC(648) Using 6 workers of 6 for evacuation
[3119.665s][info][gc,phases      ] GC(648)   Pre Evacuate Collection Set: 0.32ms
[3119.665s][info][gc,phases      ] GC(648)   Merge Heap Roots: 0.69ms
[3119.665s][info][gc,phases      ] GC(648)   Evacuate Collection Set: 132.39ms
[3119.665s][info][gc,phases      ] GC(648)   Post Evacuate Collection Set: 0.96ms
[3119.665s][info][gc,phases      ] GC(648)   Other: 0.10ms
[3119.665s][info][gc,heap        ] GC(648) Eden regions: 1111->0(1117)
[3119.665s][info][gc,heap        ] GC(648) Survivor regions: 109->111(153)
[3119.665s][info][gc,heap        ] GC(648) Old regions: 536->472
[3119.665s][info][gc,heap        ] GC(648) Humongous regions: 80->80
[3119.665s][info][gc,metaspace   ] GC(648) Metaspace: 28912K(29312K)->28912K(29312K) NonClass: 24043K(24256K)->24043K(24256K) Class: 4868K(5056K)->4868K(5056K)
[3119.665s][info][gc             ] GC(648) Pause Young (Mixed) (G1 Evacuation Pause) 3670M->1324M(4096M) 134.638ms
[3119.665s][info][gc,cpu         ] GC(648) User=0.79s Sys=0.01s Real=0.14s
....[3123.066s][info][gc,start       ] GC(649) Pause Young (Concurrent Start) (G1 Evacuation Pause)
[3123.066s][info][gc,task        ] GC(649) Using 6 workers of 6 for evacuation
[3123.182s][info][gc,phases      ] GC(649)   Pre Evacuate Collection Set: 0.37ms
[3123.182s][info][gc,phases      ] GC(649)   Merge Heap Roots: 0.45ms
[3123.182s][info][gc,phases      ] GC(649)   Evacuate Collection Set: 114.14ms
[3123.182s][info][gc,phases      ] GC(649)   Post Evacuate Collection Set: 0.87ms
[3123.182s][info][gc,phases      ] GC(649)   Other: 0.12ms
[3123.182s][info][gc,heap        ] GC(649) Eden regions: 1117->0(1121)
[3123.182s][info][gc,heap        ] GC(649) Survivor regions: 111->107(154)
[3123.182s][info][gc,heap        ] GC(649) Old regions: 472->505
[3123.182s][info][gc,heap        ] GC(649) Humongous regions: 80->80
[3123.182s][info][gc,metaspace   ] GC(649) Metaspace: 28912K(29312K)->28912K(29312K) NonClass: 24043K(24256K)->24043K(24256K) Class: 4868K(5056K)->4868K(5056K)
[3123.182s][info][gc             ] GC(649) Pause Young (Concurrent Start) (G1 Evacuation Pause) 3558M->1381M(4096M) 116.074ms
[3123.182s][info][gc             ] GC(650) Concurrent Mark Cycle
[3123.182s][info][gc,marking     ] GC(650) Concurrent Scan Root Regions
[3123.182s][info][gc,cpu         ] GC(649) User=0.69s Sys=0.00s Real=0.12s
[3123.339s][info][gc,marking     ] GC(650) Concurrent Scan Root Regions 157.451ms
[3123.339s][info][gc,marking     ] GC(650) Concurrent Mark
[3123.340s][info][gc,marking     ] GC(650) Concurrent Mark From Roots
[3123.340s][info][gc,task        ] GC(650) Using 2 workers of 2 for marking
.[3124.036s][info][gc,marking     ] GC(650) Concurrent Mark From Roots 696.652ms
[3124.036s][info][gc,marking     ] GC(650) Concurrent Preclean
[3124.036s][info][gc,marking     ] GC(650) Concurrent Preclean 0.101ms
[3124.036s][info][gc,start       ] GC(650) Pause Remark
[3124.041s][info][gc             ] GC(650) Pause Remark 1969M->1969M(4096M) 4.511ms
[3124.041s][info][gc,cpu         ] GC(650) User=0.03s Sys=0.00s Real=0.00s
[3124.042s][info][gc,marking     ] GC(650) Concurrent Mark 702.157ms
[3124.042s][info][gc,marking     ] GC(650) Concurrent Rebuild Remembered Sets and Scrub Regions
[3124.268s][info][gc,marking     ] GC(650) Concurrent Rebuild Remembered Sets and Scrub Regions 225.837ms
[3124.268s][info][gc,start       ] GC(650) Pause Cleanup
[3124.268s][info][gc             ] GC(650) Pause Cleanup 2089M->2089M(4096M) 0.100ms
[3124.268s][info][gc,cpu         ] GC(650) User=0.00s Sys=0.00s Real=0.00s
[3124.268s][info][gc,marking     ] GC(650) Concurrent Clear Claimed Marks
[3124.268s][info][gc,marking     ] GC(650) Concurrent Clear Claimed Marks 0.019ms
[3124.268s][info][gc,marking     ] GC(650) Concurrent Cleanup for Next Mark
[3124.272s][info][gc,marking     ] GC(650) Concurrent Cleanup for Next Mark 3.721ms
[3124.272s][info][gc             ] GC(650) Concurrent Mark Cycle 1089.615ms
..[3126.666s][info][gc,start       ] GC(651) Pause Young (Prepare Mixed) (G1 Evacuation Pause)
[3126.666s][info][gc,task        ] GC(651) Using 6 workers of 6 for evacuation
[3126.781s][info][gc,phases      ] GC(651)   Pre Evacuate Collection Set: 0.32ms
[3126.781s][info][gc,phases      ] GC(651)   Merge Heap Roots: 0.51ms
[3126.781s][info][gc,phases      ] GC(651)   Evacuate Collection Set: 113.64ms
[3126.781s][info][gc,phases      ] GC(651)   Post Evacuate Collection Set: 0.90ms
[3126.781s][info][gc,phases      ] GC(651)   Other: 0.09ms
[3126.781s][info][gc,heap        ] GC(651) Eden regions: 1121->0(1111)
[3126.781s][info][gc,heap        ] GC(651) Survivor regions: 107->109(154)
[3126.781s][info][gc,heap        ] GC(651) Old regions: 505->536
[3126.781s][info][gc,heap        ] GC(651) Humongous regions: 80->80
[3126.781s][info][gc,metaspace   ] GC(651) Metaspace: 28912K(29312K)->28912K(29312K) NonClass: 24043K(24256K)->24043K(24256K) Class: 4868K(5056K)->4868K(5056K)
[3126.781s][info][gc             ] GC(651) Pause Young (Prepare Mixed) (G1 Evacuation Pause) 3623M->1448M(4096M) 115.607ms
[3126.782s][info][gc,cpu         ] GC(651) User=0.68s Sys=0.00s Real=0.11s
....[3130.291s][info][gc,start       ] GC(652) Pause Young (Mixed) (G1 Evacuation Pause)
[3130.291s][info][gc,task        ] GC(652) Using 6 workers of 6 for evacuation
[3130.422s][info][gc,phases      ] GC(652)   Pre Evacuate Collection Set: 0.38ms
[3130.422s][info][gc,phases      ] GC(652)   Merge Heap Roots: 0.63ms
[3130.422s][info][gc,phases      ] GC(652)   Evacuate Collection Set: 128.67ms
[3130.422s][info][gc,phases      ] GC(652)   Post Evacuate Collection Set: 0.95ms
[3130.422s][info][gc,phases      ] GC(652)   Other: 0.09ms
[3130.422s][info][gc,heap        ] GC(652) Eden regions: 1111->0(1119)
[3130.422s][info][gc,heap        ] GC(652) Survivor regions: 109->109(153)
[3130.422s][info][gc,heap        ] GC(652) Old regions: 536->472
[3130.422s][info][gc,heap        ] GC(652) Humongous regions: 80->80
[3130.422s][info][gc,metaspace   ] GC(652) Metaspace: 28912K(29312K)->28912K(29312K) NonClass: 24043K(24256K)->24043K(24256K) Class: 4868K(5056K)->4868K(5056K)
[3130.422s][info][gc             ] GC(652) Pause Young (Mixed) (G1 Evacuation Pause) 3670M->1321M(4096M) 130.853ms
[3130.422s][info][gc,cpu         ] GC(652) User=0.78s Sys=0.00s Real=0.14s
... (rIR:aIR:PR = 5258:5258:5258) (tPR = 78016) [OK] 
  3132s: Performance info:
         Transaction,    Success,    Partial,     Failed,   Receipts, AvgBarcode, 
             Overall,     319381,          0,          0,     303384,      59.48, 
         Response times:
             Request,    Success,    Partial,     Failed,   SkipFail,     Probes,    Samples,      min,      p50,      p90,      p95,      p99,      max, 
       TotalPurchase,     303375,          0,          0,          0,     297589,     318759,      300,     4200,     9300,    23000,    62000,   244000,
     InStorePurchase,     159660,          0,          0,          0,     156979,     167995,      300,     4200,     9300,    22000,    63000,   244000,
      OnlinePurchase,     111758,          0,          0,          0,     109520,     117274,      300,     4200,     9400,    23000,    61000,   211000,
        InstPurchase,      31957,          0,          0,          0,      31090,      33490,      300,     4200,     9300,    23000,    63000,   163000,
          AssocOfCat,        318,          0,          0,          0,        253,        344,    21000,    31000,    49500,    58750,   102000,   158000,
      AssocOfProduct,       3205,          0,          0,          0,       2993,       3424,      400,     4000,     9100,    21000,    65000,   157000,
      BusinessReport,        801,          0,          0,          0,        680,        837,    25000,    38000,    73000,    96000,   174860,   265000,
          CustBuyBeh,       3195,          0,          0,          0,       2902,       3273,      200,     2500,     5800,    14360,    50000,   141000,
       ProductReturn,       8472,          0,          0,          0,       8108,       9034,      200,     4300,     9650,    22000,    63000,   146000,

  3132s: (39%)   IR =   5396 [3133.784s][info][gc,start       ] GC(653) Pause Young (Concurrent Start) (G1 Evacuation Pause)
[3133.784s][info][gc,task        ] GC(653) Using 6 workers of 6 for evacuation
[3133.901s][info][gc,phases      ] GC(653)   Pre Evacuate Collection Set: 0.41ms
[3133.901s][info][gc,phases      ] GC(653)   Merge Heap Roots: 0.49ms
[3133.901s][info][gc,phases      ] GC(653)   Evacuate Collection Set: 115.06ms
[3133.901s][info][gc,phases      ] GC(653)   Post Evacuate Collection Set: 0.91ms
[3133.901s][info][gc,phases      ] GC(653)   Other: 0.11ms
[3133.901s][info][gc,heap        ] GC(653) Eden regions: 1119->0(1119)
[3133.901s][info][gc,heap        ] GC(653) Survivor regions: 109->109(154)
[3133.901s][info][gc,heap        ] GC(653) Old regions: 472->504
[3133.901s][info][gc,heap        ] GC(653) Humongous regions: 80->80
[3133.901s][info][gc,metaspace   ] GC(653) Metaspace: 28912K(29312K)->28912K(29312K) NonClass: 24043K(24256K)->24043K(24256K) Class: 4868K(5056K)->4868K(5056K)
[3133.901s][info][gc             ] GC(653) Pause Young (Concurrent Start) (G1 Evacuation Pause) 3559M->1383M(4096M) 117.101ms
[3133.901s][info][gc             ] GC(654) Concurrent Mark Cycle
[3133.901s][info][gc,marking     ] GC(654) Concurrent Scan Root Regions
[3133.901s][info][gc,cpu         ] GC(653) User=0.70s Sys=0.00s Real=0.11s
.[3134.089s][info][gc,marking     ] GC(654) Concurrent Scan Root Regions 187.533ms
[3134.089s][info][gc,marking     ] GC(654) Concurrent Mark
[3134.089s][info][gc,marking     ] GC(654) Concurrent Mark From Roots
[3134.089s][info][gc,task        ] GC(654) Using 2 workers of 2 for marking
[3134.738s][info][gc,marking     ] GC(654) Concurrent Mark From Roots 648.812ms
[3134.738s][info][gc,marking     ] GC(654) Concurrent Preclean
[3134.739s][info][gc,marking     ] GC(654) Concurrent Preclean 1.104ms
[3134.739s][info][gc,start       ] GC(654) Pause Remark
[3134.745s][info][gc             ] GC(654) Pause Remark 1981M->1981M(4096M) 5.440ms
[3134.745s][info][gc,cpu         ] GC(654) User=0.02s Sys=0.00s Real=0.01s
[3134.745s][info][gc,marking     ] GC(654) Concurrent Mark 655.612ms
[3134.745s][info][gc,marking     ] GC(654) Concurrent Rebuild Remembered Sets and Scrub Regions
[3135.014s][info][gc,marking     ] GC(654) Concurrent Rebuild Remembered Sets and Scrub Regions 269.618ms
[3135.015s][info][gc,start       ] GC(654) Pause Cleanup
[3135.015s][info][gc             ] GC(654) Pause Cleanup 2147M->2147M(4096M) 0.121ms
[3135.015s][info][gc,cpu         ] GC(654) User=0.01s Sys=0.00s Real=0.00s
[3135.015s][info][gc,marking     ] GC(654) Concurrent Clear Claimed Marks
[3135.015s][info][gc,marking     ] GC(654) Concurrent Clear Claimed Marks 0.035ms
[3135.015s][info][gc,marking     ] GC(654) Concurrent Cleanup for Next Mark
[3135.020s][info][gc,marking     ] GC(654) Concurrent Cleanup for Next Mark 4.245ms
[3135.020s][info][gc             ] GC(654) Concurrent Mark Cycle 1118.348ms
...[3137.267s][info][gc,start       ] GC(655) Pause Young (Prepare Mixed) (G1 Evacuation Pause)
[3137.267s][info][gc,task        ] GC(655) Using 6 workers of 6 for evacuation
[3137.384s][info][gc,phases      ] GC(655)   Pre Evacuate Collection Set: 0.33ms
[3137.384s][info][gc,phases      ] GC(655)   Merge Heap Roots: 0.52ms
[3137.384s][info][gc,phases      ] GC(655)   Evacuate Collection Set: 114.75ms
[3137.384s][info][gc,phases      ] GC(655)   Post Evacuate Collection Set: 0.92ms
[3137.384s][info][gc,phases      ] GC(655)   Other: 0.08ms
[3137.384s][info][gc,heap        ] GC(655) Eden regions: 1119->0(1113)
[3137.384s][info][gc,heap        ] GC(655) Survivor regions: 109->108(154)
[3137.384s][info][gc,heap        ] GC(655) Old regions: 504->536
[3137.384s][info][gc,heap        ] GC(655) Humongous regions: 80->80
[3137.384s][info][gc,metaspace   ] GC(655) Metaspace: 28912K(29312K)->28912K(29312K) NonClass: 24044K(24256K)->24044K(24256K) Class: 4868K(5056K)->4868K(5056K)
[3137.384s][info][gc             ] GC(655) Pause Young (Prepare Mixed) (G1 Evacuation Pause) 3621M->1447M(4096M) 116.738ms
[3137.384s][info][gc,cpu         ] GC(655) User=0.70s Sys=0.00s Real=0.12s
...|[3140.741s][info][gc,start       ] GC(656) Pause Young (Mixed) (G1 Evacuation Pause)
[3140.742s][info][gc,task        ] GC(656) Using 6 workers of 6 for evacuation
[3140.874s][info][gc,phases      ] GC(656)   Pre Evacuate Collection Set: 0.38ms
[3140.874s][info][gc,phases      ] GC(656)   Merge Heap Roots: 0.67ms
[3140.874s][info][gc,phases      ] GC(656)   Evacuate Collection Set: 130.53ms
[3140.874s][info][gc,phases      ] GC(656)   Post Evacuate Collection Set: 0.90ms
[3140.874s][info][gc,phases      ] GC(656)   Other: 0.09ms
[3140.874s][info][gc,heap        ] GC(656) Eden regions: 1113->0(1119)
[3140.874s][info][gc,heap        ] GC(656) Survivor regions: 108->109(153)
[3140.874s][info][gc,heap        ] GC(656) Old regions: 536->472
[3140.874s][info][gc,heap        ] GC(656) Humongous regions: 80->80
[3140.874s][info][gc,metaspace   ] GC(656) Metaspace: 28912K(29312K)->28912K(29312K) NonClass: 24044K(24256K)->24044K(24256K) Class: 4868K(5056K)->4868K(5056K)
[3140.874s][info][gc             ] GC(656) Pause Young (Mixed) (G1 Evacuation Pause) 3673M->1320M(4096M) 132.706ms
[3140.874s][info][gc,cpu         ] GC(656) User=0.79s Sys=0.00s Real=0.14s
....[3144.280s][info][gc,start       ] GC(657) Pause Young (Concurrent Start) (G1 Evacuation Pause)
[3144.280s][info][gc,task        ] GC(657) Using 6 workers of 6 for evacuation
[3144.399s][info][gc,phases      ] GC(657)   Pre Evacuate Collection Set: 0.38ms
[3144.399s][info][gc,phases      ] GC(657)   Merge Heap Roots: 0.46ms
[3144.399s][info][gc,phases      ] GC(657)   Evacuate Collection Set: 117.04ms
[3144.399s][info][gc,phases      ] GC(657)   Post Evacuate Collection Set: 0.87ms
[3144.399s][info][gc,phases      ] GC(657)   Other: 0.13ms
[3144.399s][info][gc,heap        ] GC(657) Eden regions: 1119->0(1117)
[3144.399s][info][gc,heap        ] GC(657) Survivor regions: 109->111(154)
[3144.399s][info][gc,heap        ] GC(657) Old regions: 472->503
[3144.399s][info][gc,heap        ] GC(657) Humongous regions: 80->80
[3144.399s][info][gc,metaspace   ] GC(657) Metaspace: 28912K(29312K)->28912K(29312K) NonClass: 24044K(24256K)->24044K(24256K) Class: 4868K(5056K)->4868K(5056K)
[3144.399s][info][gc             ] GC(657) Pause Young (Concurrent Start) (G1 Evacuation Pause) 3558M->1386M(4096M) 119.001ms
[3144.399s][info][gc             ] GC(658) Concurrent Mark Cycle
[3144.399s][info][gc,marking     ] GC(658) Concurrent Scan Root Regions
[3144.399s][info][gc,cpu         ] GC(657) User=0.71s Sys=0.00s Real=0.12s
[3144.589s][info][gc,marking     ] GC(658) Concurrent Scan Root Regions 190.406ms
[3144.589s][info][gc,marking     ] GC(658) Concurrent Mark
[3144.589s][info][gc,marking     ] GC(658) Concurrent Mark From Roots
[3144.589s][info][gc,task        ] GC(658) Using 2 workers of 2 for marking
.[3145.416s][info][gc,marking     ] GC(658) Concurrent Mark From Roots 826.327ms
[3145.416s][info][gc,marking     ] GC(658) Concurrent Preclean
[3145.417s][info][gc,marking     ] GC(658) Concurrent Preclean 0.971ms
[3145.417s][info][gc,start       ] GC(658) Pause Remark
[3145.423s][info][gc             ] GC(658) Pause Remark 2133M->2133M(4096M) 5.943ms
[3145.423s][info][gc,cpu         ] GC(658) User=0.03s Sys=0.00s Real=0.01s
[3145.423s][info][gc,marking     ] GC(658) Concurrent Mark 833.505ms
[3145.423s][info][gc,marking     ] GC(658) Concurrent Rebuild Remembered Sets and Scrub Regions
[3145.773s][info][gc,marking     ] GC(658) Concurrent Rebuild Remembered Sets and Scrub Regions 350.067ms
[3145.773s][info][gc,start       ] GC(658) Pause Cleanup
[3145.773s][info][gc             ] GC(658) Pause Cleanup 2358M->2358M(4096M) 0.112ms
[3145.773s][info][gc,cpu         ] GC(658) User=0.00s Sys=0.00s Real=0.00s
[3145.773s][info][gc,marking     ] GC(658) Concurrent Clear Claimed Marks
[3145.773s][info][gc,marking     ] GC(658) Concurrent Clear Claimed Marks 0.024ms
[3145.773s][info][gc,marking     ] GC(658) Concurrent Cleanup for Next Mark
[3145.777s][info][gc,marking     ] GC(658) Concurrent Cleanup for Next Mark 3.299ms
[3145.777s][info][gc             ] GC(658) Concurrent Mark Cycle 1377.725ms
..[3147.737s][info][gc,start       ] GC(659) Pause Young (Prepare Mixed) (G1 Evacuation Pause)
[3147.737s][info][gc,task        ] GC(659) Using 6 workers of 6 for evacuation
[3147.856s][info][gc,phases      ] GC(659)   Pre Evacuate Collection Set: 0.36ms
[3147.856s][info][gc,phases      ] GC(659)   Merge Heap Roots: 0.51ms
[3147.856s][info][gc,phases      ] GC(659)   Evacuate Collection Set: 116.63ms
[3147.856s][info][gc,phases      ] GC(659)   Post Evacuate Collection Set: 0.94ms
[3147.856s][info][gc,phases      ] GC(659)   Other: 0.09ms
[3147.856s][info][gc,heap        ] GC(659) Eden regions: 1117->0(1110)
[3147.856s][info][gc,heap        ] GC(659) Survivor regions: 111->110(154)
[3147.856s][info][gc,heap        ] GC(659) Old regions: 503->535
[3147.856s][info][gc,heap        ] GC(659) Humongous regions: 80->80
[3147.856s][info][gc,metaspace   ] GC(659) Metaspace: 28912K(29312K)->28912K(29312K) NonClass: 24044K(24256K)->24044K(24256K) Class: 4868K(5056K)->4868K(5056K)
[3147.856s][info][gc             ] GC(659) Pause Young (Prepare Mixed) (G1 Evacuation Pause) 3620M->1449M(4096M) 118.655ms
[3147.856s][info][gc,cpu         ] GC(659) User=0.71s Sys=0.00s Real=0.12s
....[3151.174s][info][gc,start       ] GC(660) Pause Young (Mixed) (G1 Evacuation Pause)
[3151.174s][info][gc,task        ] GC(660) Using 6 workers of 6 for evacuation
[3151.311s][info][gc,phases      ] GC(660)   Pre Evacuate Collection Set: 0.38ms
[3151.311s][info][gc,phases      ] GC(660)   Merge Heap Roots: 0.72ms
[3151.311s][info][gc,phases      ] GC(660)   Evacuate Collection Set: 134.64ms
[3151.311s][info][gc,phases      ] GC(660)   Post Evacuate Collection Set: 0.90ms
[3151.311s][info][gc,phases      ] GC(660)   Other: 0.10ms
[3151.311s][info][gc,heap        ] GC(660) Eden regions: 1110->0(1117)
[3151.311s][info][gc,heap        ] GC(660) Survivor regions: 110->111(153)
[3151.311s][info][gc,heap        ] GC(660) Old regions: 535->472
[3151.311s][info][gc,heap        ] GC(660) Humongous regions: 80->80
[3151.311s][info][gc,metaspace   ] GC(660) Metaspace: 28912K(29312K)->28912K(29312K) NonClass: 24044K(24256K)->24044K(24256K) Class: 4868K(5056K)->4868K(5056K)
[3151.311s][info][gc             ] GC(660) Pause Young (Mixed) (G1 Evacuation Pause) 3669M->1325M(4096M) 136.882ms
[3151.311s][info][gc,cpu         ] GC(660) User=0.81s Sys=0.01s Real=0.13s
...[3154.656s][info][gc,start       ] GC(661) Pause Young (Concurrent Start) (G1 Evacuation Pause)
[3154.656s][info][gc,task        ] GC(661) Using 6 workers of 6 for evacuation
[3154.773s][info][gc,phases      ] GC(661)   Pre Evacuate Collection Set: 0.36ms
[3154.773s][info][gc,phases      ] GC(661)   Merge Heap Roots: 0.45ms
[3154.773s][info][gc,phases      ] GC(661)   Evacuate Collection Set: 115.53ms
[3154.773s][info][gc,phases      ] GC(661)   Post Evacuate Collection Set: 0.85ms
[3154.773s][info][gc,phases      ] GC(661)   Other: 0.10ms
[3154.773s][info][gc,heap        ] GC(661) Eden regions: 1117->0(1119)
[3154.773s][info][gc,heap        ] GC(661) Survivor regions: 111->109(154)
[3154.773s][info][gc,heap        ] GC(661) Old regions: 472->504
[3154.773s][info][gc,heap        ] GC(661) Humongous regions: 80->80
[3154.773s][info][gc,metaspace   ] GC(661) Metaspace: 28912K(29312K)->28912K(29312K) NonClass: 24044K(24256K)->24044K(24256K) Class: 4868K(5056K)->4868K(5056K)
[3154.773s][info][gc             ] GC(661) Pause Young (Concurrent Start) (G1 Evacuation Pause) 3559M->1383M(4096M) 117.433ms
[3154.773s][info][gc             ] GC(662) Concurrent Mark Cycle
[3154.773s][info][gc,marking     ] GC(662) Concurrent Scan Root Regions
[3154.773s][info][gc,cpu         ] GC(661) User=0.70s Sys=0.00s Real=0.12s
[3154.952s][info][gc,marking     ] GC(662) Concurrent Scan Root Regions 178.754ms
[3154.952s][info][gc,marking     ] GC(662) Concurrent Mark
[3154.952s][info][gc,marking     ] GC(662) Concurrent Mark From Roots
[3154.952s][info][gc,task        ] GC(662) Using 2 workers of 2 for marking
.[3155.733s][info][gc,marking     ] GC(662) Concurrent Mark From Roots 780.312ms
[3155.733s][info][gc,marking     ] GC(662) Concurrent Preclean
[3155.733s][info][gc,marking     ] GC(662) Concurrent Preclean 0.072ms
[3155.733s][info][gc,start       ] GC(662) Pause Remark
[3155.737s][info][gc             ] GC(662) Pause Remark 2040M->2040M(4096M) 4.564ms
[3155.737s][info][gc,cpu         ] GC(662) User=0.02s Sys=0.00s Real=0.00s
[3155.737s][info][gc,marking     ] GC(662) Concurrent Mark 785.183ms
[3155.737s][info][gc,marking     ] GC(662) Concurrent Rebuild Remembered Sets and Scrub Regions
[3156.101s][info][gc,marking     ] GC(662) Concurrent Rebuild Remembered Sets and Scrub Regions 363.761ms
[3156.102s][info][gc,start       ] GC(662) Pause Cleanup
[3156.102s][info][gc             ] GC(662) Pause Cleanup 2315M->2315M(4096M) 0.114ms
[3156.102s][info][gc,cpu         ] GC(662) User=0.00s Sys=0.00s Real=0.01s
[3156.102s][info][gc,marking     ] GC(662) Concurrent Clear Claimed Marks
[3156.102s][info][gc,marking     ] GC(662) Concurrent Clear Claimed Marks 0.027ms
[3156.102s][info][gc,marking     ] GC(662) Concurrent Cleanup for Next Mark
[3156.107s][info][gc,marking     ] GC(662) Concurrent Cleanup for Next Mark 5.180ms
[3156.107s][info][gc             ] GC(662) Concurrent Mark Cycle 1333.622ms
...[3158.166s][info][gc,start       ] GC(663) Pause Young (Prepare Mixed) (G1 Evacuation Pause)
[3158.166s][info][gc,task        ] GC(663) Using 6 workers of 6 for evacuation
[3158.286s][info][gc,phases      ] GC(663)   Pre Evacuate Collection Set: 0.32ms
[3158.286s][info][gc,phases      ] GC(663)   Merge Heap Roots: 0.52ms
[3158.286s][info][gc,phases      ] GC(663)   Evacuate Collection Set: 118.41ms
[3158.286s][info][gc,phases      ] GC(663)   Post Evacuate Collection Set: 0.91ms
[3158.286s][info][gc,phases      ] GC(663)   Other: 0.09ms
[3158.286s][info][gc,heap        ] GC(663) Eden regions: 1119->0(1108)
[3158.286s][info][gc,heap        ] GC(663) Survivor regions: 109->111(154)
[3158.286s][info][gc,heap        ] GC(663) Old regions: 504->535
[3158.286s][info][gc,heap        ] GC(663) Humongous regions: 80->80
[3158.286s][info][gc,metaspace   ] GC(663) Metaspace: 28912K(29312K)->28912K(29312K) NonClass: 24044K(24256K)->24044K(24256K) Class: 4868K(5056K)->4868K(5056K)
[3158.286s][info][gc             ] GC(663) Pause Young (Prepare Mixed) (G1 Evacuation Pause) 3621M->1450M(4096M) 120.374ms
[3158.286s][info][gc,cpu         ] GC(663) User=0.71s Sys=0.00s Real=0.12s
...[3161.580s][info][gc,start       ] GC(664) Pause Young (Mixed) (G1 Evacuation Pause)
[3161.580s][info][gc,task        ] GC(664) Using 6 workers of 6 for evacuation
[3161.713s][info][gc,phases      ] GC(664)   Pre Evacuate Collection Set: 0.38ms
[3161.713s][info][gc,phases      ] GC(664)   Merge Heap Roots: 0.68ms
[3161.713s][info][gc,phases      ] GC(664)   Evacuate Collection Set: 131.08ms
[3161.713s][info][gc,phases      ] GC(664)   Post Evacuate Collection Set: 0.94ms
[3161.713s][info][gc,phases      ] GC(664)   Other: 0.09ms
[3161.713s][info][gc,heap        ] GC(664) Eden regions: 1108->0(1120)
[3161.713s][info][gc,heap        ] GC(664) Survivor regions: 111->108(153)
[3161.713s][info][gc,heap        ] GC(664) Old regions: 535->472
[3161.713s][info][gc,heap        ] GC(664) Humongous regions: 80->80
[3161.713s][info][gc,metaspace   ] GC(664) Metaspace: 28912K(29312K)->28912K(29312K) NonClass: 24044K(24256K)->24044K(24256K) Class: 4868K(5056K)->4868K(5056K)
[3161.713s][info][gc             ] GC(664) Pause Young (Mixed) (G1 Evacuation Pause) 3666M->1318M(4096M) 133.289ms
[3161.713s][info][gc,cpu         ] GC(664) User=0.79s Sys=0.00s Real=0.14s
....[3165.133s][info][gc,start       ] GC(665) Pause Young (Concurrent Start) (G1 Evacuation Pause)
[3165.133s][info][gc,task        ] GC(665) Using 6 workers of 6 for evacuation
[3165.248s][info][gc,phases      ] GC(665)   Pre Evacuate Collection Set: 0.34ms
[3165.248s][info][gc,phases      ] GC(665)   Merge Heap Roots: 0.46ms
[3165.248s][info][gc,phases      ] GC(665)   Evacuate Collection Set: 113.25ms
[3165.248s][info][gc,phases      ] GC(665)   Post Evacuate Collection Set: 0.86ms
[3165.248s][info][gc,phases      ] GC(665)   Other: 0.11ms
[3165.248s][info][gc,heap        ] GC(665) Eden regions: 1120->0(1120)
[3165.248s][info][gc,heap        ] GC(665) Survivor regions: 108->108(154)
[3165.248s][info][gc,heap        ] GC(665) Old regions: 472->503
[3165.248s][info][gc,heap        ] GC(665) Humongous regions: 80->80
[3165.248s][info][gc,metaspace   ] GC(665) Metaspace: 28912K(29312K)->28912K(29312K) NonClass: 24044K(24256K)->24044K(24256K) Class: 4868K(5056K)->4868K(5056K)
[3165.248s][info][gc             ] GC(665) Pause Young (Concurrent Start) (G1 Evacuation Pause) 3558M->1380M(4096M) 115.147ms
[3165.248s][info][gc             ] GC(666) Concurrent Mark Cycle
[3165.248s][info][gc,marking     ] GC(666) Concurrent Scan Root Regions
[3165.248s][info][gc,cpu         ] GC(665) User=0.69s Sys=0.00s Real=0.11s
[3165.429s][info][gc,marking     ] GC(666) Concurrent Scan Root Regions 181.434ms
[3165.430s][info][gc,marking     ] GC(666) Concurrent Mark
[3165.430s][info][gc,marking     ] GC(666) Concurrent Mark From Roots
[3165.430s][info][gc,task        ] GC(666) Using 2 workers of 2 for marking
[3166.084s][info][gc,marking     ] GC(666) Concurrent Mark From Roots 654.293ms
[3166.084s][info][gc,marking     ] GC(666) Concurrent Preclean
[3166.084s][info][gc,marking     ] GC(666) Concurrent Preclean 0.292ms
[3166.084s][info][gc,start       ] GC(666) Pause Remark
[3166.089s][info][gc             ] GC(666) Pause Remark 1997M->1997M(4096M) 4.816ms
[3166.089s][info][gc,cpu         ] GC(666) User=0.03s Sys=0.00s Real=0.00s
[3166.089s][info][gc,marking     ] GC(666) Concurrent Mark 659.625ms
[3166.089s][info][gc,marking     ] GC(666) Concurrent Rebuild Remembered Sets and Scrub Regions
.[3166.371s][info][gc,marking     ] GC(666) Concurrent Rebuild Remembered Sets and Scrub Regions 281.878ms
[3166.371s][info][gc,start       ] GC(666) Pause Cleanup
[3166.371s][info][gc             ] GC(666) Pause Cleanup 2183M->2183M(4096M) 0.107ms
[3166.371s][info][gc,cpu         ] GC(666) User=0.00s Sys=0.00s Real=0.00s
[3166.373s][info][gc,marking     ] GC(666) Concurrent Clear Claimed Marks
[3166.373s][info][gc,marking     ] GC(666) Concurrent Clear Claimed Marks 0.047ms
[3166.373s][info][gc,marking     ] GC(666) Concurrent Cleanup for Next Mark
[3166.379s][info][gc,marking     ] GC(666) Concurrent Cleanup for Next Mark 5.882ms
[3166.379s][info][gc             ] GC(666) Concurrent Mark Cycle 1130.620ms
..[3168.545s][info][gc,start       ] GC(667) Pause Young (Prepare Mixed) (G1 Evacuation Pause)
[3168.545s][info][gc,task        ] GC(667) Using 6 workers of 6 for evacuation
[3168.661s][info][gc,phases      ] GC(667)   Pre Evacuate Collection Set: 0.33ms
[3168.661s][info][gc,phases      ] GC(667)   Merge Heap Roots: 0.48ms
[3168.661s][info][gc,phases      ] GC(667)   Evacuate Collection Set: 114.02ms
[3168.661s][info][gc,phases      ] GC(667)   Post Evacuate Collection Set: 0.92ms
[3168.661s][info][gc,phases      ] GC(667)   Other: 0.11ms
[3168.661s][info][gc,heap        ] GC(667) Eden regions: 1120->0(1112)
[3168.661s][info][gc,heap        ] GC(667) Survivor regions: 108->109(154)
[3168.661s][info][gc,heap        ] GC(667) Old regions: 503->535
[3168.661s][info][gc,heap        ] GC(667) Humongous regions: 80->80
[3168.661s][info][gc,metaspace   ] GC(667) Metaspace: 28912K(29312K)->28912K(29312K) NonClass: 24044K(24256K)->24044K(24256K) Class: 4868K(5056K)->4868K(5056K)
[3168.661s][info][gc             ] GC(667) Pause Young (Prepare Mixed) (G1 Evacuation Pause) 3620M->1446M(4096M) 115.978ms
[3168.661s][info][gc,cpu         ] GC(667) User=0.69s Sys=0.00s Real=0.11s
...[3172.059s][info][gc,start       ] GC(668) Pause Young (Mixed) (G1 Evacuation Pause)
[3172.059s][info][gc,task        ] GC(668) Using 6 workers of 6 for evacuation
[3172.192s][info][gc,phases      ] GC(668)   Pre Evacuate Collection Set: 0.35ms
[3172.192s][info][gc,phases      ] GC(668)   Merge Heap Roots: 0.65ms
[3172.192s][info][gc,phases      ] GC(668)   Evacuate Collection Set: 131.18ms
[3172.192s][info][gc,phases      ] GC(668)   Post Evacuate Collection Set: 0.91ms
[3172.192s][info][gc,phases      ] GC(668)   Other: 0.10ms
[3172.192s][info][gc,heap        ] GC(668) Eden regions: 1112->0(1119)
[3172.192s][info][gc,heap        ] GC(668) Survivor regions: 109->109(153)
[3172.192s][info][gc,heap        ] GC(668) Old regions: 535->472
[3172.192s][info][gc,heap        ] GC(668) Humongous regions: 80->80
[3172.192s][info][gc,metaspace   ] GC(668) Metaspace: 28912K(29312K)->28912K(29312K) NonClass: 24044K(24256K)->24044K(24256K) Class: 4868K(5056K)->4868K(5056K)
[3172.192s][info][gc             ] GC(668) Pause Young (Mixed) (G1 Evacuation Pause) 3670M->1320M(4096M) 133.320ms
[3172.192s][info][gc,cpu         ] GC(668) User=0.79s Sys=0.00s Real=0.14s
....[3175.532s][info][gc,start       ] GC(669) Pause Young (Concurrent Start) (G1 Evacuation Pause)
[3175.532s][info][gc,task        ] GC(669) Using 6 workers of 6 for evacuation
[3175.646s][info][gc,phases      ] GC(669)   Pre Evacuate Collection Set: 0.35ms
[3175.646s][info][gc,phases      ] GC(669)   Merge Heap Roots: 0.45ms
[3175.646s][info][gc,phases      ] GC(669)   Evacuate Collection Set: 112.31ms
[3175.646s][info][gc,phases      ] GC(669)   Post Evacuate Collection Set: 0.85ms
[3175.646s][info][gc,phases      ] GC(669)   Other: 0.11ms
[3175.646s][info][gc,heap        ] GC(669) Eden regions: 1119->0(1119)
[3175.646s][info][gc,heap        ] GC(669) Survivor regions: 109->109(154)
[3175.646s][info][gc,heap        ] GC(669) Old regions: 472->503
[3175.646s][info][gc,heap        ] GC(669) Humongous regions: 80->80
[3175.646s][info][gc,metaspace   ] GC(669) Metaspace: 28913K(29312K)->28913K(29312K) NonClass: 24045K(24256K)->24045K(24256K) Class: 4868K(5056K)->4868K(5056K)
[3175.646s][info][gc             ] GC(669) Pause Young (Concurrent Start) (G1 Evacuation Pause) 3558M->1382M(4096M) 114.183ms
[3175.646s][info][gc             ] GC(670) Concurrent Mark Cycle
[3175.646s][info][gc,marking     ] GC(670) Concurrent Scan Root Regions
[3175.646s][info][gc,cpu         ] GC(669) User=0.68s Sys=0.00s Real=0.12s
[3175.829s][info][gc,marking     ] GC(670) Concurrent Scan Root Regions 183.555ms
[3175.829s][info][gc,marking     ] GC(670) Concurrent Mark
[3175.829s][info][gc,marking     ] GC(670) Concurrent Mark From Roots
[3175.829s][info][gc,task        ] GC(670) Using 2 workers of 2 for marking
.[3176.474s][info][gc,marking     ] GC(670) Concurrent Mark From Roots 644.710ms
[3176.474s][info][gc,marking     ] GC(670) Concurrent Preclean
[3176.474s][info][gc,marking     ] GC(670) Concurrent Preclean 0.373ms
[3176.475s][info][gc,start       ] GC(670) Pause Remark
[3176.479s][info][gc             ] GC(670) Pause Remark 1980M->1980M(4096M) 4.846ms
[3176.479s][info][gc,cpu         ] GC(670) User=0.03s Sys=0.00s Real=0.00s
[3176.480s][info][gc,marking     ] GC(670) Concurrent Mark 650.167ms
[3176.480s][info][gc,marking     ] GC(670) Concurrent Rebuild Remembered Sets and Scrub Regions
[3176.721s][info][gc,marking     ] GC(670) Concurrent Rebuild Remembered Sets and Scrub Regions 241.827ms
[3176.722s][info][gc,start       ] GC(670) Pause Cleanup
[3176.722s][info][gc             ] GC(670) Pause Cleanup 2148M->2148M(4096M) 0.128ms
[3176.722s][info][gc,cpu         ] GC(670) User=0.00s Sys=0.00s Real=0.01s
[3176.723s][info][gc,marking     ] GC(670) Concurrent Clear Claimed Marks
[3176.723s][info][gc,marking     ] GC(670) Concurrent Clear Claimed Marks 0.035ms
[3176.723s][info][gc,marking     ] GC(670) Concurrent Cleanup for Next Mark
[3176.728s][info][gc,marking     ] GC(670) Concurrent Cleanup for Next Mark 5.153ms
[3176.728s][info][gc             ] GC(670) Concurrent Mark Cycle 1082.667ms
..[3179.003s][info][gc,start       ] GC(671) Pause Young (Prepare Mixed) (G1 Evacuation Pause)
[3179.004s][info][gc,task        ] GC(671) Using 6 workers of 6 for evacuation
[3179.118s][info][gc,phases      ] GC(671)   Pre Evacuate Collection Set: 0.32ms
[3179.118s][info][gc,phases      ] GC(671)   Merge Heap Roots: 0.51ms
[3179.118s][info][gc,phases      ] GC(671)   Evacuate Collection Set: 112.26ms
[3179.118s][info][gc,phases      ] GC(671)   Post Evacuate Collection Set: 0.92ms
[3179.118s][info][gc,phases      ] GC(671)   Other: 0.10ms
[3179.118s][info][gc,heap        ] GC(671) Eden regions: 1119->0(1116)
[3179.118s][info][gc,heap        ] GC(671) Survivor regions: 109->107(154)
[3179.118s][info][gc,heap        ] GC(671) Old regions: 503->535
[3179.118s][info][gc,heap        ] GC(671) Humongous regions: 80->80
[3179.118s][info][gc,metaspace   ] GC(671) Metaspace: 28913K(29312K)->28913K(29312K) NonClass: 24045K(24256K)->24045K(24256K) Class: 4868K(5056K)->4868K(5056K)
[3179.118s][info][gc             ] GC(671) Pause Young (Prepare Mixed) (G1 Evacuation Pause) 3620M->1442M(4096M) 114.234ms
[3179.118s][info][gc,cpu         ] GC(671) User=0.68s Sys=0.00s Real=0.11s
....[3182.501s][info][gc,start       ] GC(672) Pause Young (Mixed) (G1 Evacuation Pause)
[3182.501s][info][gc,task        ] GC(672) Using 6 workers of 6 for evacuation
[3182.631s][info][gc,phases      ] GC(672)   Pre Evacuate Collection Set: 0.38ms
[3182.631s][info][gc,phases      ] GC(672)   Merge Heap Roots: 0.69ms
[3182.631s][info][gc,phases      ] GC(672)   Evacuate Collection Set: 128.60ms
[3182.631s][info][gc,phases      ] GC(672)   Post Evacuate Collection Set: 0.92ms
[3182.631s][info][gc,phases      ] GC(672)   Other: 0.08ms
[3182.631s][info][gc,heap        ] GC(672) Eden regions: 1116->0(1120)
[3182.631s][info][gc,heap        ] GC(672) Survivor regions: 107->108(153)
[3182.631s][info][gc,heap        ] GC(672) Old regions: 535->470
[3182.631s][info][gc,heap        ] GC(672) Humongous regions: 80->80
[3182.631s][info][gc,metaspace   ] GC(672) Metaspace: 28913K(29312K)->28913K(29312K) NonClass: 24045K(24256K)->24045K(24256K) Class: 4868K(5056K)->4868K(5056K)
[3182.632s][info][gc             ] GC(672) Pause Young (Mixed) (G1 Evacuation Pause) 3674M->1315M(4096M) 130.793ms
[3182.632s][info][gc,cpu         ] GC(672) User=0.77s Sys=0.01s Real=0.13s
...[3186.006s][info][gc,start       ] GC(673) Pause Young (Concurrent Start) (G1 Evacuation Pause)
[3186.006s][info][gc,task        ] GC(673) Using 6 workers of 6 for evacuation
[3186.120s][info][gc,phases      ] GC(673)   Pre Evacuate Collection Set: 0.37ms
[3186.120s][info][gc,phases      ] GC(673)   Merge Heap Roots: 0.49ms
[3186.120s][info][gc,phases      ] GC(673)   Evacuate Collection Set: 112.28ms
[3186.120s][info][gc,phases      ] GC(673)   Post Evacuate Collection Set: 0.87ms
[3186.120s][info][gc,phases      ] GC(673)   Other: 0.11ms
[3186.120s][info][gc,heap        ] GC(673) Eden regions: 1120->0(1121)
[3186.120s][info][gc,heap        ] GC(673) Survivor regions: 108->107(154)
[3186.120s][info][gc,heap        ] GC(673) Old regions: 470->502
[3186.120s][info][gc,heap        ] GC(673) Humongous regions: 80->80
[3186.120s][info][gc,metaspace   ] GC(673) Metaspace: 28914K(29312K)->28914K(29312K) NonClass: 24045K(24256K)->24045K(24256K) Class: 4868K(5056K)->4868K(5056K)
[3186.120s][info][gc             ] GC(673) Pause Young (Concurrent Start) (G1 Evacuation Pause) 3555M->1377M(4096M) 114.280ms
[3186.120s][info][gc             ] GC(674) Concurrent Mark Cycle
[3186.120s][info][gc,marking     ] GC(674) Concurrent Scan Root Regions
[3186.120s][info][gc,cpu         ] GC(673) User=0.68s Sys=0.00s Real=0.11s
.[3186.236s][info][gc,marking     ] GC(674) Concurrent Scan Root Regions 116.300ms
[3186.236s][info][gc,marking     ] GC(674) Concurrent Mark
[3186.236s][info][gc,marking     ] GC(674) Concurrent Mark From Roots
[3186.236s][info][gc,task        ] GC(674) Using 2 workers of 2 for marking
[3186.806s][info][gc,marking     ] GC(674) Concurrent Mark From Roots 569.852ms
[3186.806s][info][gc,marking     ] GC(674) Concurrent Preclean
[3186.806s][info][gc,marking     ] GC(674) Concurrent Preclean 0.351ms
[3186.807s][info][gc,start       ] GC(674) Pause Remark
[3186.811s][info][gc             ] GC(674) Pause Remark 1918M->1918M(4096M) 4.222ms
[3186.811s][info][gc,cpu         ] GC(674) User=0.03s Sys=0.00s Real=0.00s
[3186.811s][info][gc,marking     ] GC(674) Concurrent Mark 574.698ms
[3186.811s][info][gc,marking     ] GC(674) Concurrent Rebuild Remembered Sets and Scrub Regions
[3187.060s][info][gc,marking     ] GC(674) Concurrent Rebuild Remembered Sets and Scrub Regions 249.176ms
[3187.060s][info][gc,start       ] GC(674) Pause Cleanup
[3187.060s][info][gc             ] GC(674) Pause Cleanup 2068M->2068M(4096M) 0.104ms
[3187.060s][info][gc,cpu         ] GC(674) User=0.00s Sys=0.00s Real=0.00s
[3187.063s][info][gc,marking     ] GC(674) Concurrent Clear Claimed Marks
[3187.063s][info][gc,marking     ] GC(674) Concurrent Clear Claimed Marks 0.059ms
[3187.063s][info][gc,marking     ] GC(674) Concurrent Cleanup for Next Mark
[3187.068s][info][gc,marking     ] GC(674) Concurrent Cleanup for Next Mark 5.143ms
[3187.068s][info][gc             ] GC(674) Concurrent Mark Cycle 948.015ms
...[3189.448s][info][gc,start       ] GC(675) Pause Young (Prepare Mixed) (G1 Evacuation Pause)
[3189.448s][info][gc,task        ] GC(675) Using 6 workers of 6 for evacuation
[3189.564s][info][gc,phases      ] GC(675)   Pre Evacuate Collection Set: 0.30ms
[3189.564s][info][gc,phases      ] GC(675)   Merge Heap Roots: 0.52ms
[3189.564s][info][gc,phases      ] GC(675)   Evacuate Collection Set: 114.67ms
[3189.564s][info][gc,phases      ] GC(675)   Post Evacuate Collection Set: 0.90ms
[3189.564s][info][gc,phases      ] GC(675)   Other: 0.09ms
[3189.564s][info][gc,heap        ] GC(675) Eden regions: 1121->0(1113)
[3189.564s][info][gc,heap        ] GC(675) Survivor regions: 107->109(154)
[3189.564s][info][gc,heap        ] GC(675) Old regions: 502->534
[3189.564s][info][gc,heap        ] GC(675) Humongous regions: 80->80
[3189.564s][info][gc,metaspace   ] GC(675) Metaspace: 28914K(29312K)->28914K(29312K) NonClass: 24045K(24256K)->24045K(24256K) Class: 4868K(5056K)->4868K(5056K)
[3189.564s][info][gc             ] GC(675) Pause Young (Prepare Mixed) (G1 Evacuation Pause) 3619M->1444M(4096M) 116.621ms
[3189.564s][info][gc,cpu         ] GC(675) User=0.70s Sys=0.00s Real=0.12s
...[3192.975s][info][gc,start       ] GC(676) Pause Young (Mixed) (G1 Evacuation Pause)
[3192.975s][info][gc,task        ] GC(676) Using 6 workers of 6 for evacuation
[3193.109s][info][gc,phases      ] GC(676)   Pre Evacuate Collection Set: 0.38ms
[3193.109s][info][gc,phases      ] GC(676)   Merge Heap Roots: 0.68ms
[3193.109s][info][gc,phases      ] GC(676)   Evacuate Collection Set: 132.15ms
[3193.109s][info][gc,phases      ] GC(676)   Post Evacuate Collection Set: 0.93ms
[3193.109s][info][gc,phases      ] GC(676)   Other: 0.09ms
[3193.109s][info][gc,heap        ] GC(676) Eden regions: 1113->0(1118)
[3193.109s][info][gc,heap        ] GC(676) Survivor regions: 109->110(153)
[3193.109s][info][gc,heap        ] GC(676) Old regions: 534->471
[3193.109s][info][gc,heap        ] GC(676) Humongous regions: 80->80
[3193.109s][info][gc,metaspace   ] GC(676) Metaspace: 28914K(29312K)->28914K(29312K) NonClass: 24045K(24256K)->24045K(24256K) Class: 4868K(5056K)->4868K(5056K)
[3193.109s][info][gc             ] GC(676) Pause Young (Mixed) (G1 Evacuation Pause) 3670M->1320M(4096M) 134.360ms
[3193.109s][info][gc,cpu         ] GC(676) User=0.80s Sys=0.00s Real=0.13s
....[3196.455s][info][gc,start       ] GC(677) Pause Young (Concurrent Start) (G1 Evacuation Pause)
[3196.455s][info][gc,task        ] GC(677) Using 6 workers of 6 for evacuation
[3196.576s][info][gc,phases      ] GC(677)   Pre Evacuate Collection Set: 0.32ms
[3196.576s][info][gc,phases      ] GC(677)   Merge Heap Roots: 0.46ms
[3196.576s][info][gc,phases      ] GC(677)   Evacuate Collection Set: 119.33ms
[3196.576s][info][gc,phases      ] GC(677)   Post Evacuate Collection Set: 0.88ms
[3196.576s][info][gc,phases      ] GC(677)   Other: 0.10ms
[3196.576s][info][gc,heap        ] GC(677) Eden regions: 1118->0(1116)
[3196.576s][info][gc,heap        ] GC(677) Survivor regions: 110->112(154)
[3196.576s][info][gc,heap        ] GC(677) Old regions: 471->503
[3196.576s][info][gc,heap        ] GC(677) Humongous regions: 80->80
[3196.576s][info][gc,metaspace   ] GC(677) Metaspace: 28914K(29312K)->28914K(29312K) NonClass: 24045K(24256K)->24045K(24256K) Class: 4868K(5056K)->4868K(5056K)
[3196.576s][info][gc             ] GC(677) Pause Young (Concurrent Start) (G1 Evacuation Pause) 3556M->1389M(4096M) 121.241ms
[3196.576s][info][gc             ] GC(678) Concurrent Mark Cycle
[3196.576s][info][gc,marking     ] GC(678) Concurrent Scan Root Regions
[3196.576s][info][gc,cpu         ] GC(677) User=0.72s Sys=0.00s Real=0.12s
[3196.721s][info][gc,marking     ] GC(678) Concurrent Scan Root Regions 145.067ms
[3196.721s][info][gc,marking     ] GC(678) Concurrent Mark
[3196.721s][info][gc,marking     ] GC(678) Concurrent Mark From Roots
[3196.721s][info][gc,task        ] GC(678) Using 2 workers of 2 for marking
.[3197.368s][info][gc,marking     ] GC(678) Concurrent Mark From Roots 646.512ms
[3197.368s][info][gc,marking     ] GC(678) Concurrent Preclean
[3197.368s][info][gc,marking     ] GC(678) Concurrent Preclean 0.292ms
[3197.368s][info][gc,start       ] GC(678) Pause Remark
[3197.373s][info][gc             ] GC(678) Pause Remark 1961M->1961M(4096M) 4.381ms
[3197.373s][info][gc,cpu         ] GC(678) User=0.02s Sys=0.00s Real=0.01s
[3197.373s][info][gc,marking     ] GC(678) Concurrent Mark 651.429ms
[3197.373s][info][gc,marking     ] GC(678) Concurrent Rebuild Remembered Sets and Scrub Regions
[3197.623s][info][gc,marking     ] GC(678) Concurrent Rebuild Remembered Sets and Scrub Regions 249.780ms
[3197.623s][info][gc,start       ] GC(678) Pause Cleanup
[3197.623s][info][gc             ] GC(678) Pause Cleanup 2143M->2143M(4096M) 0.104ms
[3197.623s][info][gc,cpu         ] GC(678) User=0.00s Sys=0.00s Real=0.00s
[3197.623s][info][gc,marking     ] GC(678) Concurrent Clear Claimed Marks
[3197.623s][info][gc,marking     ] GC(678) Concurrent Clear Claimed Marks 0.019ms
[3197.623s][info][gc,marking     ] GC(678) Concurrent Cleanup for Next Mark
[3197.627s][info][gc,marking     ] GC(678) Concurrent Cleanup for Next Mark 4.119ms
[3197.627s][info][gc             ] GC(678) Concurrent Mark Cycle 1050.840ms
..[3199.937s][info][gc,start       ] GC(679) Pause Young (Prepare Mixed) (G1 Evacuation Pause)
[3199.937s][info][gc,task        ] GC(679) Using 6 workers of 6 for evacuation
[3200.055s][info][gc,phases      ] GC(679)   Pre Evacuate Collection Set: 0.35ms
[3200.055s][info][gc,phases      ] GC(679)   Merge Heap Roots: 0.52ms
[3200.055s][info][gc,phases      ] GC(679)   Evacuate Collection Set: 115.82ms
[3200.055s][info][gc,phases      ] GC(679)   Post Evacuate Collection Set: 0.91ms
[3200.055s][info][gc,phases      ] GC(679)   Other: 0.09ms
[3200.055s][info][gc,heap        ] GC(679) Eden regions: 1116->0(1110)
[3200.055s][info][gc,heap        ] GC(679) Survivor regions: 112->110(154)
[3200.055s][info][gc,heap        ] GC(679) Old regions: 503->535
[3200.055s][info][gc,heap        ] GC(679) Humongous regions: 80->80
[3200.055s][info][gc,metaspace   ] GC(679) Metaspace: 28914K(29312K)->28914K(29312K) NonClass: 24045K(24256K)->24045K(24256K) Class: 4868K(5056K)->4868K(5056K)
[3200.055s][info][gc             ] GC(679) Pause Young (Prepare Mixed) (G1 Evacuation Pause) 3621M->1447M(4096M) 117.824ms
[3200.055s][info][gc,cpu         ] GC(679) User=0.70s Sys=0.00s Real=0.12s
. (rIR:aIR:PR = 5396:5394:5394) (tPR = 80151) [OK] 
  3199s: Performance info:
         Transaction,    Success,    Partial,     Failed,   Receipts, AvgBarcode, 
             Overall,     324553,          0,          0,     308334,      59.48, 
         Response times:
             Request,    Success,    Partial,     Failed,   SkipFail,     Probes,    Samples,      min,      p50,      p90,      p95,      p99,      max, 
       TotalPurchase,     308334,          0,          0,          0,     302024,     339365,      300,     4200,    10100,    28000,    81000,   305000,
     InStorePurchase,     162309,          0,          0,          0,     158976,     177773,      300,     4100,     9800,    28000,    81000,   305000,
      OnlinePurchase,     113555,          0,          0,          0,     111345,     125597,      300,     4300,    10400,    28000,    82000,   222000,
        InstPurchase,      32470,          0,          0,          0,      31703,      35995,      400,     4700,    10800,    30000,    81000,   222000,
          AssocOfCat,        325,          0,          0,          0,        266,        367,    24000,    34000,    53200,    74600,   159320,   202000,
      AssocOfProduct,       3251,          0,          0,          0,       3033,       3580,     1700,     5400,    13070,    36950,    90000,   140000,
      BusinessReport,        808,          0,          0,          0,        690,        875,    26000,    37000,    72000,    94000,   173960,   204000,
          CustBuyBeh,       3256,          0,          0,          0,       3010,       3617,      300,     4300,    10500,    28000,    78000,   222000,
       ProductReturn,       8579,          0,          0,          0,       8212,       9475,      200,     4800,    10600,    29000,    83000,   142000,

  3199s: (40%)   IR =   5535 ...[3203.393s][info][gc,start       ] GC(680) Pause Young (Mixed) (G1 Evacuation Pause)
[3203.393s][info][gc,task        ] GC(680) Using 6 workers of 6 for evacuation
[3203.532s][info][gc,phases      ] GC(680)   Pre Evacuate Collection Set: 0.36ms
[3203.532s][info][gc,phases      ] GC(680)   Merge Heap Roots: 0.68ms
[3203.532s][info][gc,phases      ] GC(680)   Evacuate Collection Set: 137.04ms
[3203.532s][info][gc,phases      ] GC(680)   Post Evacuate Collection Set: 0.93ms
[3203.532s][info][gc,phases      ] GC(680)   Other: 0.09ms
[3203.532s][info][gc,heap        ] GC(680) Eden regions: 1110->0(1114)
[3203.532s][info][gc,heap        ] GC(680) Survivor regions: 110->114(153)
[3203.532s][info][gc,heap        ] GC(680) Old regions: 535->472
[3203.532s][info][gc,heap        ] GC(680) Humongous regions: 80->80
[3203.532s][info][gc,metaspace   ] GC(680) Metaspace: 28914K(29312K)->28914K(29312K) NonClass: 24045K(24256K)->24045K(24256K) Class: 4868K(5056K)->4868K(5056K)
[3203.532s][info][gc             ] GC(680) Pause Young (Mixed) (G1 Evacuation Pause) 3667M->1329M(4096M) 139.217ms
[3203.532s][info][gc,cpu         ] GC(680) User=0.83s Sys=0.00s Real=0.14s
..|.[3206.748s][info][gc,start       ] GC(681) Pause Young (Concurrent Start) (G1 Evacuation Pause)
[3206.748s][info][gc,task        ] GC(681) Using 6 workers of 6 for evacuation
[3206.868s][info][gc,phases      ] GC(681)   Pre Evacuate Collection Set: 0.39ms
[3206.868s][info][gc,phases      ] GC(681)   Merge Heap Roots: 0.46ms
[3206.868s][info][gc,phases      ] GC(681)   Evacuate Collection Set: 118.12ms
[3206.868s][info][gc,phases      ] GC(681)   Post Evacuate Collection Set: 0.87ms
[3206.868s][info][gc,phases      ] GC(681)   Other: 0.10ms
[3206.868s][info][gc,heap        ] GC(681) Eden regions: 1114->0(1116)
[3206.868s][info][gc,heap        ] GC(681) Survivor regions: 114->112(154)
[3206.868s][info][gc,heap        ] GC(681) Old regions: 472->503
[3206.868s][info][gc,heap        ] GC(681) Humongous regions: 80->80
[3206.868s][info][gc,metaspace   ] GC(681) Metaspace: 28915K(29312K)->28915K(29312K) NonClass: 24047K(24256K)->24047K(24256K) Class: 4868K(5056K)->4868K(5056K)
[3206.868s][info][gc             ] GC(681) Pause Young (Concurrent Start) (G1 Evacuation Pause) 3557M->1389M(4096M) 120.076ms
[3206.868s][info][gc             ] GC(682) Concurrent Mark Cycle
[3206.868s][info][gc,marking     ] GC(682) Concurrent Scan Root Regions
[3206.868s][info][gc,cpu         ] GC(681) User=0.72s Sys=0.00s Real=0.12s
[3207.053s][info][gc,marking     ] GC(682) Concurrent Scan Root Regions 185.053ms
[3207.054s][info][gc,marking     ] GC(682) Concurrent Mark
[3207.054s][info][gc,marking     ] GC(682) Concurrent Mark From Roots
[3207.054s][info][gc,task        ] GC(682) Using 2 workers of 2 for marking
.[3207.819s][info][gc,marking     ] GC(682) Concurrent Mark From Roots 765.182ms
[3207.819s][info][gc,marking     ] GC(682) Concurrent Preclean
[3207.819s][info][gc,marking     ] GC(682) Concurrent Preclean 0.324ms
[3207.819s][info][gc,start       ] GC(682) Pause Remark
[3207.825s][info][gc             ] GC(682) Pause Remark 2084M->2084M(4096M) 5.363ms
[3207.825s][info][gc,cpu         ] GC(682) User=0.03s Sys=0.00s Real=0.01s
[3207.825s][info][gc,marking     ] GC(682) Concurrent Mark 771.321ms
[3207.825s][info][gc,marking     ] GC(682) Concurrent Rebuild Remembered Sets and Scrub Regions
[3208.180s][info][gc,marking     ] GC(682) Concurrent Rebuild Remembered Sets and Scrub Regions 355.152ms
[3208.181s][info][gc,start       ] GC(682) Pause Cleanup
[3208.181s][info][gc             ] GC(682) Pause Cleanup 2295M->2295M(4096M) 0.120ms
[3208.181s][info][gc,cpu         ] GC(682) User=0.00s Sys=0.00s Real=0.00s
[3208.181s][info][gc,marking     ] GC(682) Concurrent Clear Claimed Marks
[3208.181s][info][gc,marking     ] GC(682) Concurrent Clear Claimed Marks 0.031ms
[3208.181s][info][gc,marking     ] GC(682) Concurrent Cleanup for Next Mark
[3208.186s][info][gc,marking     ] GC(682) Concurrent Cleanup for Next Mark 4.822ms
[3208.186s][info][gc             ] GC(682) Concurrent Mark Cycle 1317.411ms
..[3210.165s][info][gc,start       ] GC(683) Pause Young (Prepare Mixed) (G1 Evacuation Pause)
[3210.165s][info][gc,task        ] GC(683) Using 6 workers of 6 for evacuation
[3210.281s][info][gc,phases      ] GC(683)   Pre Evacuate Collection Set: 0.30ms
[3210.281s][info][gc,phases      ] GC(683)   Merge Heap Roots: 0.52ms
[3210.281s][info][gc,phases      ] GC(683)   Evacuate Collection Set: 114.00ms
[3210.281s][info][gc,phases      ] GC(683)   Post Evacuate Collection Set: 0.93ms
[3210.281s][info][gc,phases      ] GC(683)   Other: 0.09ms
[3210.281s][info][gc,heap        ] GC(683) Eden regions: 1116->0(1114)
[3210.281s][info][gc,heap        ] GC(683) Survivor regions: 112->108(154)
[3210.281s][info][gc,heap        ] GC(683) Old regions: 503->535
[3210.281s][info][gc,heap        ] GC(683) Humongous regions: 80->80
[3210.281s][info][gc,metaspace   ] GC(683) Metaspace: 28915K(29312K)->28915K(29312K) NonClass: 24047K(24256K)->24047K(24256K) Class: 4868K(5056K)->4868K(5056K)
[3210.281s][info][gc             ] GC(683) Pause Young (Prepare Mixed) (G1 Evacuation Pause) 3621M->1444M(4096M) 115.965ms
[3210.281s][info][gc,cpu         ] GC(683) User=0.69s Sys=0.00s Real=0.11s
....[3213.552s][info][gc,start       ] GC(684) Pause Young (Mixed) (G1 Evacuation Pause)
[3213.552s][info][gc,task        ] GC(684) Using 6 workers of 6 for evacuation
[3213.689s][info][gc,phases      ] GC(684)   Pre Evacuate Collection Set: 0.33ms
[3213.689s][info][gc,phases      ] GC(684)   Merge Heap Roots: 0.66ms
[3213.689s][info][gc,phases      ] GC(684)   Evacuate Collection Set: 134.83ms
[3213.689s][info][gc,phases      ] GC(684)   Post Evacuate Collection Set: 0.91ms
[3213.689s][info][gc,phases      ] GC(684)   Other: 0.08ms
[3213.689s][info][gc,heap        ] GC(684) Eden regions: 1114->0(1115)
[3213.689s][info][gc,heap        ] GC(684) Survivor regions: 108->113(153)
[3213.689s][info][gc,heap        ] GC(684) Old regions: 535->471
[3213.689s][info][gc,heap        ] GC(684) Humongous regions: 80->80
[3213.689s][info][gc,metaspace   ] GC(684) Metaspace: 28915K(29312K)->28915K(29312K) NonClass: 24047K(24256K)->24047K(24256K) Class: 4868K(5056K)->4868K(5056K)
[3213.689s][info][gc             ] GC(684) Pause Young (Mixed) (G1 Evacuation Pause) 3672M->1327M(4096M) 136.946ms
[3213.689s][info][gc,cpu         ] GC(684) User=0.82s Sys=0.00s Real=0.13s
...[3216.910s][info][gc,start       ] GC(685) Pause Young (Concurrent Start) (G1 Evacuation Pause)
[3216.910s][info][gc,task        ] GC(685) Using 6 workers of 6 for evacuation
[3217.026s][info][gc,phases      ] GC(685)   Pre Evacuate Collection Set: 0.37ms
[3217.026s][info][gc,phases      ] GC(685)   Merge Heap Roots: 0.46ms
[3217.026s][info][gc,phases      ] GC(685)   Evacuate Collection Set: 115.00ms
[3217.026s][info][gc,phases      ] GC(685)   Post Evacuate Collection Set: 0.86ms
[3217.026s][info][gc,phases      ] GC(685)   Other: 0.13ms
[3217.026s][info][gc,heap        ] GC(685) Eden regions: 1115->0(1119)
[3217.026s][info][gc,heap        ] GC(685) Survivor regions: 113->109(154)
[3217.027s][info][gc,heap        ] GC(685) Old regions: 471->504
[3217.027s][info][gc,heap        ] GC(685) Humongous regions: 80->80
[3217.027s][info][gc,metaspace   ] GC(685) Metaspace: 28915K(29312K)->28915K(29312K) NonClass: 24047K(24256K)->24047K(24256K) Class: 4868K(5056K)->4868K(5056K)
[3217.027s][info][gc             ] GC(685) Pause Young (Concurrent Start) (G1 Evacuation Pause) 3557M->1384M(4096M) 116.958ms
[3217.027s][info][gc             ] GC(686) Concurrent Mark Cycle
[3217.027s][info][gc,marking     ] GC(686) Concurrent Scan Root Regions
[3217.027s][info][gc,cpu         ] GC(685) User=0.70s Sys=0.00s Real=0.12s
[3217.210s][info][gc,marking     ] GC(686) Concurrent Scan Root Regions 183.197ms
[3217.210s][info][gc,marking     ] GC(686) Concurrent Mark
[3217.210s][info][gc,marking     ] GC(686) Concurrent Mark From Roots
[3217.210s][info][gc,task        ] GC(686) Using 2 workers of 2 for marking
.[3218.207s][info][gc,marking     ] GC(686) Concurrent Mark From Roots 997.637ms
[3218.208s][info][gc,marking     ] GC(686) Concurrent Preclean
[3218.208s][info][gc,marking     ] GC(686) Concurrent Preclean 0.278ms
[3218.209s][info][gc,start       ] GC(686) Pause Remark
[3218.214s][info][gc             ] GC(686) Pause Remark 2242M->2242M(4096M) 5.208ms
[3218.214s][info][gc,cpu         ] GC(686) User=0.03s Sys=0.00s Real=0.01s
[3218.214s][info][gc,marking     ] GC(686) Concurrent Mark 1004.036ms
[3218.214s][info][gc,marking     ] GC(686) Concurrent Rebuild Remembered Sets and Scrub Regions
.[3218.567s][info][gc,marking     ] GC(686) Concurrent Rebuild Remembered Sets and Scrub Regions 353.193ms
[3218.567s][info][gc,start       ] GC(686) Pause Cleanup
[3218.567s][info][gc             ] GC(686) Pause Cleanup 2439M->2439M(4096M) 0.101ms
[3218.567s][info][gc,cpu         ] GC(686) User=0.00s Sys=0.00s Real=0.00s
[3218.567s][info][gc,marking     ] GC(686) Concurrent Clear Claimed Marks
[3218.567s][info][gc,marking     ] GC(686) Concurrent Clear Claimed Marks 0.021ms
[3218.567s][info][gc,marking     ] GC(686) Concurrent Cleanup for Next Mark
[3218.572s][info][gc,marking     ] GC(686) Concurrent Cleanup for Next Mark 4.371ms
[3218.572s][info][gc             ] GC(686) Concurrent Mark Cycle 1545.235ms
..[3220.419s][info][gc,start       ] GC(687) Pause Young (Prepare Mixed) (G1 Evacuation Pause)
[3220.419s][info][gc,task        ] GC(687) Using 6 workers of 6 for evacuation
[3220.537s][info][gc,phases      ] GC(687)   Pre Evacuate Collection Set: 0.32ms
[3220.537s][info][gc,phases      ] GC(687)   Merge Heap Roots: 0.50ms
[3220.537s][info][gc,phases      ] GC(687)   Evacuate Collection Set: 116.38ms
[3220.537s][info][gc,phases      ] GC(687)   Post Evacuate Collection Set: 0.91ms
[3220.537s][info][gc,phases      ] GC(687)   Other: 0.08ms
[3220.537s][info][gc,heap        ] GC(687) Eden regions: 1119->0(1111)
[3220.537s][info][gc,heap        ] GC(687) Survivor regions: 109->110(154)
[3220.537s][info][gc,heap        ] GC(687) Old regions: 504->534
[3220.537s][info][gc,heap        ] GC(687) Humongous regions: 80->80
[3220.537s][info][gc,metaspace   ] GC(687) Metaspace: 28915K(29312K)->28915K(29312K) NonClass: 24047K(24256K)->24047K(24256K) Class: 4868K(5056K)->4868K(5056K)
[3220.537s][info][gc             ] GC(687) Pause Young (Prepare Mixed) (G1 Evacuation Pause) 3622M->1446M(4096M) 118.309ms
[3220.537s][info][gc,cpu         ] GC(687) User=0.70s Sys=0.00s Real=0.12s
...[3223.753s][info][gc,start       ] GC(688) Pause Young (Mixed) (G1 Evacuation Pause)
[3223.753s][info][gc,task        ] GC(688) Using 6 workers of 6 for evacuation
[3223.886s][info][gc,phases      ] GC(688)   Pre Evacuate Collection Set: 0.37ms
[3223.886s][info][gc,phases      ] GC(688)   Merge Heap Roots: 0.73ms
[3223.886s][info][gc,phases      ] GC(688)   Evacuate Collection Set: 131.04ms
[3223.886s][info][gc,phases      ] GC(688)   Post Evacuate Collection Set: 0.92ms
[3223.886s][info][gc,phases      ] GC(688)   Other: 0.09ms
[3223.886s][info][gc,heap        ] GC(688) Eden regions: 1111->0(1118)
[3223.886s][info][gc,heap        ] GC(688) Survivor regions: 110->110(153)
[3223.886s][info][gc,heap        ] GC(688) Old regions: 534->471
[3223.886s][info][gc,heap        ] GC(688) Humongous regions: 80->80
[3223.886s][info][gc,metaspace   ] GC(688) Metaspace: 28915K(29312K)->28915K(29312K) NonClass: 24047K(24256K)->24047K(24256K) Class: 4868K(5056K)->4868K(5056K)
[3223.886s][info][gc             ] GC(688) Pause Young (Mixed) (G1 Evacuation Pause) 3668M->1319M(4096M) 133.302ms
[3223.887s][info][gc,cpu         ] GC(688) User=0.79s Sys=0.00s Real=0.13s
...[3227.054s][info][gc,start       ] GC(689) Pause Young (Concurrent Start) (G1 Evacuation Pause)
[3227.054s][info][gc,task        ] GC(689) Using 6 workers of 6 for evacuation
[3227.174s][info][gc,phases      ] GC(689)   Pre Evacuate Collection Set: 0.34ms
[3227.174s][info][gc,phases      ] GC(689)   Merge Heap Roots: 0.44ms
[3227.174s][info][gc,phases      ] GC(689)   Evacuate Collection Set: 117.67ms
[3227.174s][info][gc,phases      ] GC(689)   Post Evacuate Collection Set: 0.87ms
[3227.174s][info][gc,phases      ] GC(689)   Other: 0.12ms
[3227.174s][info][gc,heap        ] GC(689) Eden regions: 1118->0(1118)
[3227.174s][info][gc,heap        ] GC(689) Survivor regions: 110->110(154)
[3227.174s][info][gc,heap        ] GC(689) Old regions: 471->504
[3227.174s][info][gc,heap        ] GC(689) Humongous regions: 80->80
[3227.174s][info][gc,metaspace   ] GC(689) Metaspace: 28915K(29312K)->28915K(29312K) NonClass: 24047K(24256K)->24047K(24256K) Class: 4868K(5056K)->4868K(5056K)
[3227.174s][info][gc             ] GC(689) Pause Young (Concurrent Start) (G1 Evacuation Pause) 3555M->1385M(4096M) 119.561ms
[3227.174s][info][gc             ] GC(690) Concurrent Mark Cycle
[3227.174s][info][gc,marking     ] GC(690) Concurrent Scan Root Regions
[3227.174s][info][gc,cpu         ] GC(689) User=0.72s Sys=0.00s Real=0.12s
[3227.360s][info][gc,marking     ] GC(690) Concurrent Scan Root Regions 186.202ms
[3227.360s][info][gc,marking     ] GC(690) Concurrent Mark
[3227.360s][info][gc,marking     ] GC(690) Concurrent Mark From Roots
[3227.360s][info][gc,task        ] GC(690) Using 2 workers of 2 for marking
.[3228.325s][info][gc,marking     ] GC(690) Concurrent Mark From Roots 964.521ms
[3228.325s][info][gc,marking     ] GC(690) Concurrent Preclean
[3228.325s][info][gc,marking     ] GC(690) Concurrent Preclean 0.108ms
[3228.325s][info][gc,start       ] GC(690) Pause Remark
[3228.331s][info][gc             ] GC(690) Pause Remark 2183M->2183M(4096M) 5.908ms
[3228.331s][info][gc,cpu         ] GC(690) User=0.03s Sys=0.00s Real=0.00s
[3228.332s][info][gc,marking     ] GC(690) Concurrent Mark 971.663ms
[3228.332s][info][gc,marking     ] GC(690) Concurrent Rebuild Remembered Sets and Scrub Regions
.[3228.683s][info][gc,marking     ] GC(690) Concurrent Rebuild Remembered Sets and Scrub Regions 351.285ms
[3228.683s][info][gc,start       ] GC(690) Pause Cleanup
[3228.684s][info][gc             ] GC(690) Pause Cleanup 2406M->2406M(4096M) 0.116ms
[3228.684s][info][gc,cpu         ] GC(690) User=0.00s Sys=0.00s Real=0.00s
[3228.684s][info][gc,marking     ] GC(690) Concurrent Clear Claimed Marks
[3228.684s][info][gc,marking     ] GC(690) Concurrent Clear Claimed Marks 0.024ms
[3228.684s][info][gc,marking     ] GC(690) Concurrent Cleanup for Next Mark
[3228.688s][info][gc,marking     ] GC(690) Concurrent Cleanup for Next Mark 4.674ms
[3228.688s][info][gc             ] GC(690) Concurrent Mark Cycle 1514.364ms
..[3230.530s][info][gc,start       ] GC(691) Pause Young (Prepare Mixed) (G1 Evacuation Pause)
[3230.531s][info][gc,task        ] GC(691) Using 6 workers of 6 for evacuation
[3230.649s][info][gc,phases      ] GC(691)   Pre Evacuate Collection Set: 0.34ms
[3230.650s][info][gc,phases      ] GC(691)   Merge Heap Roots: 0.53ms
[3230.650s][info][gc,phases      ] GC(691)   Evacuate Collection Set: 117.08ms
[3230.650s][info][gc,phases      ] GC(691)   Post Evacuate Collection Set: 0.91ms
[3230.650s][info][gc,phases      ] GC(691)   Other: 0.10ms
[3230.650s][info][gc,heap        ] GC(691) Eden regions: 1118->0(1107)
[3230.650s][info][gc,heap        ] GC(691) Survivor regions: 110->111(154)
[3230.650s][info][gc,heap        ] GC(691) Old regions: 504->536
[3230.650s][info][gc,heap        ] GC(691) Humongous regions: 80->80
[3230.650s][info][gc,metaspace   ] GC(691) Metaspace: 28915K(29312K)->28915K(29312K) NonClass: 24047K(24256K)->24047K(24256K) Class: 4868K(5056K)->4868K(5056K)
[3230.650s][info][gc             ] GC(691) Pause Young (Prepare Mixed) (G1 Evacuation Pause) 3621M->1452M(4096M) 119.089ms
[3230.650s][info][gc,cpu         ] GC(691) User=0.71s Sys=0.00s Real=0.12s
...[3233.874s][info][gc,start       ] GC(692) Pause Young (Mixed) (G1 Evacuation Pause)
[3233.874s][info][gc,task        ] GC(692) Using 6 workers of 6 for evacuation
[3234.006s][info][gc,phases      ] GC(692)   Pre Evacuate Collection Set: 0.35ms
[3234.006s][info][gc,phases      ] GC(692)   Merge Heap Roots: 0.61ms
[3234.006s][info][gc,phases      ] GC(692)   Evacuate Collection Set: 129.30ms
[3234.006s][info][gc,phases      ] GC(692)   Post Evacuate Collection Set: 0.94ms
[3234.006s][info][gc,phases      ] GC(692)   Other: 0.09ms
[3234.006s][info][gc,heap        ] GC(692) Eden regions: 1107->0(1118)
[3234.006s][info][gc,heap        ] GC(692) Survivor regions: 111->110(153)
[3234.006s][info][gc,heap        ] GC(692) Old regions: 536->472
[3234.006s][info][gc,heap        ] GC(692) Humongous regions: 80->80
[3234.006s][info][gc,metaspace   ] GC(692) Metaspace: 28915K(29312K)->28915K(29312K) NonClass: 24047K(24256K)->24047K(24256K) Class: 4868K(5056K)->4868K(5056K)
[3234.006s][info][gc             ] GC(692) Pause Young (Mixed) (G1 Evacuation Pause) 3666M->1323M(4096M) 131.426ms
[3234.006s][info][gc,cpu         ] GC(692) User=0.79s Sys=0.00s Real=0.13s
...[3237.310s][info][gc,start       ] GC(693) Pause Young (Concurrent Start) (G1 Evacuation Pause)
[3237.310s][info][gc,task        ] GC(693) Using 6 workers of 6 for evacuation
[3237.428s][info][gc,phases      ] GC(693)   Pre Evacuate Collection Set: 0.38ms
[3237.428s][info][gc,phases      ] GC(693)   Merge Heap Roots: 0.50ms
[3237.428s][info][gc,phases      ] GC(693)   Evacuate Collection Set: 115.93ms
[3237.428s][info][gc,phases      ] GC(693)   Post Evacuate Collection Set: 0.86ms
[3237.428s][info][gc,phases      ] GC(693)   Other: 0.14ms
[3237.428s][info][gc,heap        ] GC(693) Eden regions: 1118->0(1118)
[3237.428s][info][gc,heap        ] GC(693) Survivor regions: 110->110(154)
[3237.428s][info][gc,heap        ] GC(693) Old regions: 472->504
[3237.428s][info][gc,heap        ] GC(693) Humongous regions: 80->80
[3237.428s][info][gc,metaspace   ] GC(693) Metaspace: 28915K(29312K)->28915K(29312K) NonClass: 24047K(24256K)->24047K(24256K) Class: 4868K(5056K)->4868K(5056K)
[3237.428s][info][gc             ] GC(693) Pause Young (Concurrent Start) (G1 Evacuation Pause) 3559M->1386M(4096M) 117.964ms
[3237.428s][info][gc             ] GC(694) Concurrent Mark Cycle
[3237.428s][info][gc,marking     ] GC(694) Concurrent Scan Root Regions
[3237.428s][info][gc,cpu         ] GC(693) User=0.70s Sys=0.00s Real=0.12s
.[3237.613s][info][gc,marking     ] GC(694) Concurrent Scan Root Regions 184.950ms
[3237.613s][info][gc,marking     ] GC(694) Concurrent Mark
[3237.613s][info][gc,marking     ] GC(694) Concurrent Mark From Roots
[3237.613s][info][gc,task        ] GC(694) Using 2 workers of 2 for marking
.[3238.551s][info][gc,marking     ] GC(694) Concurrent Mark From Roots 937.469ms
[3238.551s][info][gc,marking     ] GC(694) Concurrent Preclean
[3238.551s][info][gc,marking     ] GC(694) Concurrent Preclean 0.240ms
[3238.551s][info][gc,start       ] GC(694) Pause Remark
[3238.557s][info][gc             ] GC(694) Pause Remark 2210M->2210M(4096M) 5.794ms
[3238.557s][info][gc,cpu         ] GC(694) User=0.03s Sys=0.00s Real=0.01s
[3238.558s][info][gc,marking     ] GC(694) Concurrent Mark 944.444ms
[3238.558s][info][gc,marking     ] GC(694) Concurrent Rebuild Remembered Sets and Scrub Regions
[3238.912s][info][gc,marking     ] GC(694) Concurrent Rebuild Remembered Sets and Scrub Regions 354.457ms
[3238.913s][info][gc,start       ] GC(694) Pause Cleanup
[3238.913s][info][gc             ] GC(694) Pause Cleanup 2451M->2451M(4096M) 0.124ms
[3238.913s][info][gc,cpu         ] GC(694) User=0.00s Sys=0.00s Real=0.00s
[3238.913s][info][gc,marking     ] GC(694) Concurrent Clear Claimed Marks
[3238.913s][info][gc,marking     ] GC(694) Concurrent Clear Claimed Marks 0.025ms
[3238.913s][info][gc,marking     ] GC(694) Concurrent Cleanup for Next Mark
[3238.918s][info][gc,marking     ] GC(694) Concurrent Cleanup for Next Mark 4.821ms
[3238.918s][info][gc             ] GC(694) Concurrent Mark Cycle 1489.780ms
..[3240.690s][info][gc,start       ] GC(695) Pause Young (Prepare Mixed) (G1 Evacuation Pause)
[3240.690s][info][gc,task        ] GC(695) Using 6 workers of 6 for evacuation
[3240.806s][info][gc,phases      ] GC(695)   Pre Evacuate Collection Set: 0.33ms
[3240.806s][info][gc,phases      ] GC(695)   Merge Heap Roots: 0.53ms
[3240.806s][info][gc,phases      ] GC(695)   Evacuate Collection Set: 114.24ms
[3240.806s][info][gc,phases      ] GC(695)   Post Evacuate Collection Set: 0.91ms
[3240.806s][info][gc,phases      ] GC(695)   Other: 0.08ms
[3240.806s][info][gc,heap        ] GC(695) Eden regions: 1118->0(1112)
[3240.806s][info][gc,heap        ] GC(695) Survivor regions: 110->109(154)
[3240.806s][info][gc,heap        ] GC(695) Old regions: 504->535
[3240.806s][info][gc,heap        ] GC(695) Humongous regions: 80->80
[3240.806s][info][gc,metaspace   ] GC(695) Metaspace: 28915K(29312K)->28915K(29312K) NonClass: 24047K(24256K)->24047K(24256K) Class: 4868K(5056K)->4868K(5056K)
[3240.806s][info][gc             ] GC(695) Pause Young (Prepare Mixed) (G1 Evacuation Pause) 3622M->1446M(4096M) 116.235ms
[3240.806s][info][gc,cpu         ] GC(695) User=0.69s Sys=0.00s Real=0.12s
...[3244.088s][info][gc,start       ] GC(696) Pause Young (Mixed) (G1 Evacuation Pause)
[3244.088s][info][gc,task        ] GC(696) Using 6 workers of 6 for evacuation
[3244.222s][info][gc,phases      ] GC(696)   Pre Evacuate Collection Set: 0.32ms
[3244.222s][info][gc,phases      ] GC(696)   Merge Heap Roots: 0.71ms
[3244.222s][info][gc,phases      ] GC(696)   Evacuate Collection Set: 131.62ms
[3244.222s][info][gc,phases      ] GC(696)   Post Evacuate Collection Set: 0.95ms
[3244.222s][info][gc,phases      ] GC(696)   Other: 0.09ms
[3244.222s][info][gc,heap        ] GC(696) Eden regions: 1112->0(1120)
[3244.222s][info][gc,heap        ] GC(696) Survivor regions: 109->108(153)
[3244.222s][info][gc,heap        ] GC(696) Old regions: 535->470
[3244.222s][info][gc,heap        ] GC(696) Humongous regions: 80->80
[3244.222s][info][gc,metaspace   ] GC(696) Metaspace: 28915K(29312K)->28915K(29312K) NonClass: 24047K(24256K)->24047K(24256K) Class: 4868K(5056K)->4868K(5056K)
[3244.222s][info][gc             ] GC(696) Pause Young (Mixed) (G1 Evacuation Pause) 3670M->1314M(4096M) 133.823ms
[3244.222s][info][gc,cpu         ] GC(696) User=0.79s Sys=0.00s Real=0.14s
...[3247.494s][info][gc,start       ] GC(697) Pause Young (Concurrent Start) (G1 Evacuation Pause)
[3247.494s][info][gc,task        ] GC(697) Using 6 workers of 6 for evacuation
[3247.610s][info][gc,phases      ] GC(697)   Pre Evacuate Collection Set: 0.35ms
[3247.610s][info][gc,phases      ] GC(697)   Merge Heap Roots: 0.46ms
[3247.610s][info][gc,phases      ] GC(697)   Evacuate Collection Set: 114.47ms
[3247.610s][info][gc,phases      ] GC(697)   Post Evacuate Collection Set: 0.89ms
[3247.610s][info][gc,phases      ] GC(697)   Other: 0.10ms
[3247.610s][info][gc,heap        ] GC(697) Eden regions: 1120->0(1119)
[3247.610s][info][gc,heap        ] GC(697) Survivor regions: 108->109(154)
[3247.610s][info][gc,heap        ] GC(697) Old regions: 470->503
[3247.610s][info][gc,heap        ] GC(697) Humongous regions: 80->80
[3247.610s][info][gc,metaspace   ] GC(697) Metaspace: 28915K(29312K)->28915K(29312K) NonClass: 24047K(24256K)->24047K(24256K) Class: 4868K(5056K)->4868K(5056K)
[3247.610s][info][gc             ] GC(697) Pause Young (Concurrent Start) (G1 Evacuation Pause) 3554M->1382M(4096M) 116.410ms
[3247.610s][info][gc             ] GC(698) Concurrent Mark Cycle
[3247.610s][info][gc,marking     ] GC(698) Concurrent Scan Root Regions
[3247.610s][info][gc,cpu         ] GC(697) User=0.69s Sys=0.00s Real=0.11s
.[3247.756s][info][gc,marking     ] GC(698) Concurrent Scan Root Regions 145.444ms
[3247.756s][info][gc,marking     ] GC(698) Concurrent Mark
[3247.756s][info][gc,marking     ] GC(698) Concurrent Mark From Roots
[3247.756s][info][gc,task        ] GC(698) Using 2 workers of 2 for marking
[3248.419s][info][gc,marking     ] GC(698) Concurrent Mark From Roots 663.109ms
[3248.419s][info][gc,marking     ] GC(698) Concurrent Preclean
[3248.419s][info][gc,marking     ] GC(698) Concurrent Preclean 0.184ms
[3248.421s][info][gc,start       ] GC(698) Pause Remark
[3248.426s][info][gc             ] GC(698) Pause Remark 1990M->1990M(4096M) 4.631ms
[3248.426s][info][gc,cpu         ] GC(698) User=0.03s Sys=0.00s Real=0.01s
[3248.426s][info][gc,marking     ] GC(698) Concurrent Mark 669.999ms
[3248.426s][info][gc,marking     ] GC(698) Concurrent Rebuild Remembered Sets and Scrub Regions
.[3248.665s][info][gc,marking     ] GC(698) Concurrent Rebuild Remembered Sets and Scrub Regions 238.951ms
[3248.665s][info][gc,start       ] GC(698) Pause Cleanup
[3248.665s][info][gc             ] GC(698) Pause Cleanup 2157M->2157M(4096M) 0.102ms
[3248.665s][info][gc,cpu         ] GC(698) User=0.00s Sys=0.00s Real=0.00s
[3248.665s][info][gc,marking     ] GC(698) Concurrent Clear Claimed Marks
[3248.665s][info][gc,marking     ] GC(698) Concurrent Clear Claimed Marks 0.026ms
[3248.665s][info][gc,marking     ] GC(698) Concurrent Cleanup for Next Mark
[3248.668s][info][gc,marking     ] GC(698) Concurrent Cleanup for Next Mark 3.185ms
[3248.668s][info][gc             ] GC(698) Concurrent Mark Cycle 1058.097ms
..[3250.885s][info][gc,start       ] GC(699) Pause Young (Prepare Mixed) (G1 Evacuation Pause)
[3250.885s][info][gc,task        ] GC(699) Using 6 workers of 6 for evacuation
[3251.004s][info][gc,phases      ] GC(699)   Pre Evacuate Collection Set: 0.33ms
[3251.004s][info][gc,phases      ] GC(699)   Merge Heap Roots: 0.50ms
[3251.004s][info][gc,phases      ] GC(699)   Evacuate Collection Set: 117.29ms
[3251.004s][info][gc,phases      ] GC(699)   Post Evacuate Collection Set: 0.89ms
[3251.004s][info][gc,phases      ] GC(699)   Other: 0.09ms
[3251.004s][info][gc,heap        ] GC(699) Eden regions: 1119->0(1104)
[3251.004s][info][gc,heap        ] GC(699) Survivor regions: 109->113(154)
[3251.004s][info][gc,heap        ] GC(699) Old regions: 503->535
[3251.004s][info][gc,heap        ] GC(699) Humongous regions: 80->80
[3251.004s][info][gc,metaspace   ] GC(699) Metaspace: 28915K(29312K)->28915K(29312K) NonClass: 24047K(24256K)->24047K(24256K) Class: 4868K(5056K)->4868K(5056K)
[3251.004s][info][gc             ] GC(699) Pause Young (Prepare Mixed) (G1 Evacuation Pause) 3620M->1454M(4096M) 119.235ms
[3251.004s][info][gc,cpu         ] GC(699) User=0.71s Sys=0.00s Real=0.12s
...[3254.219s][info][gc,start       ] GC(700) Pause Young (Mixed) (G1 Evacuation Pause)
[3254.219s][info][gc,task        ] GC(700) Using 6 workers of 6 for evacuation
[3254.348s][info][gc,phases      ] GC(700)   Pre Evacuate Collection Set: 0.42ms
[3254.348s][info][gc,phases      ] GC(700)   Merge Heap Roots: 0.68ms
[3254.348s][info][gc,phases      ] GC(700)   Evacuate Collection Set: 126.80ms
[3254.348s][info][gc,phases      ] GC(700)   Post Evacuate Collection Set: 0.91ms
[3254.348s][info][gc,phases      ] GC(700)   Other: 0.10ms
[3254.348s][info][gc,heap        ] GC(700) Eden regions: 1104->0(1121)
[3254.348s][info][gc,heap        ] GC(700) Survivor regions: 113->107(153)
[3254.348s][info][gc,heap        ] GC(700) Old regions: 535->472
[3254.348s][info][gc,heap        ] GC(700) Humongous regions: 80->80
[3254.348s][info][gc,metaspace   ] GC(700) Metaspace: 28915K(29312K)->28915K(29312K) NonClass: 24047K(24256K)->24047K(24256K) Class: 4868K(5056K)->4868K(5056K)
[3254.348s][info][gc             ] GC(700) Pause Young (Mixed) (G1 Evacuation Pause) 3662M->1316M(4096M) 129.052ms
[3254.348s][info][gc,cpu         ] GC(700) User=0.77s Sys=0.00s Real=0.13s
...[3257.629s][info][gc,start       ] GC(701) Pause Young (Concurrent Start) (G1 Evacuation Pause)
[3257.629s][info][gc,task        ] GC(701) Using 6 workers of 6 for evacuation
[3257.746s][info][gc,phases      ] GC(701)   Pre Evacuate Collection Set: 0.38ms
[3257.746s][info][gc,phases      ] GC(701)   Merge Heap Roots: 0.48ms
[3257.746s][info][gc,phases      ] GC(701)   Evacuate Collection Set: 115.24ms
[3257.746s][info][gc,phases      ] GC(701)   Post Evacuate Collection Set: 0.87ms
[3257.746s][info][gc,phases      ] GC(701)   Other: 0.11ms
[3257.746s][info][gc,heap        ] GC(701) Eden regions: 1121->0(1120)
[3257.746s][info][gc,heap        ] GC(701) Survivor regions: 107->108(154)
[3257.746s][info][gc,heap        ] GC(701) Old regions: 472->504
[3257.746s][info][gc,heap        ] GC(701) Humongous regions: 80->80
[3257.746s][info][gc,metaspace   ] GC(701) Metaspace: 28915K(29312K)->28915K(29312K) NonClass: 24047K(24256K)->24047K(24256K) Class: 4868K(5056K)->4868K(5056K)
[3257.746s][info][gc             ] GC(701) Pause Young (Concurrent Start) (G1 Evacuation Pause) 3558M->1383M(4096M) 117.227ms
[3257.746s][info][gc             ] GC(702) Concurrent Mark Cycle
[3257.746s][info][gc,marking     ] GC(702) Concurrent Scan Root Regions
[3257.746s][info][gc,cpu         ] GC(701) User=0.69s Sys=0.00s Real=0.12s
.[3257.892s][info][gc,marking     ] GC(702) Concurrent Scan Root Regions 145.913ms
[3257.892s][info][gc,marking     ] GC(702) Concurrent Mark
[3257.892s][info][gc,marking     ] GC(702) Concurrent Mark From Roots
[3257.892s][info][gc,task        ] GC(702) Using 2 workers of 2 for marking
[3258.537s][info][gc,marking     ] GC(702) Concurrent Mark From Roots 645.406ms
[3258.537s][info][gc,marking     ] GC(702) Concurrent Preclean
[3258.537s][info][gc,marking     ] GC(702) Concurrent Preclean 0.157ms
[3258.537s][info][gc,start       ] GC(702) Pause Remark
[3258.542s][info][gc             ] GC(702) Pause Remark 1947M->1947M(4096M) 4.344ms
[3258.542s][info][gc,cpu         ] GC(702) User=0.03s Sys=0.00s Real=0.01s
[3258.542s][info][gc,marking     ] GC(702) Concurrent Mark 650.153ms
[3258.542s][info][gc,marking     ] GC(702) Concurrent Rebuild Remembered Sets and Scrub Regions
.[3258.793s][info][gc,marking     ] GC(702) Concurrent Rebuild Remembered Sets and Scrub Regions 250.751ms
[3258.793s][info][gc,start       ] GC(702) Pause Cleanup
[3258.793s][info][gc             ] GC(702) Pause Cleanup 2124M->2124M(4096M) 0.110ms
[3258.793s][info][gc,cpu         ] GC(702) User=0.00s Sys=0.00s Real=0.00s
[3258.793s][info][gc,marking     ] GC(702) Concurrent Clear Claimed Marks
[3258.793s][info][gc,marking     ] GC(702) Concurrent Clear Claimed Marks 0.020ms
[3258.793s][info][gc,marking     ] GC(702) Concurrent Cleanup for Next Mark
[3258.797s][info][gc,marking     ] GC(702) Concurrent Cleanup for Next Mark 3.903ms
[3258.797s][info][gc             ] GC(702) Concurrent Mark Cycle 1051.167ms
..[3261.066s][info][gc,start       ] GC(703) Pause Young (Prepare Mixed) (G1 Evacuation Pause)
[3261.066s][info][gc,task        ] GC(703) Using 6 workers of 6 for evacuation
[3261.185s][info][gc,phases      ] GC(703)   Pre Evacuate Collection Set: 0.34ms
[3261.185s][info][gc,phases      ] GC(703)   Merge Heap Roots: 0.52ms
[3261.185s][info][gc,phases      ] GC(703)   Evacuate Collection Set: 116.76ms
[3261.185s][info][gc,phases      ] GC(703)   Post Evacuate Collection Set: 0.91ms
[3261.185s][info][gc,phases      ] GC(703)   Other: 0.09ms
[3261.185s][info][gc,heap        ] GC(703) Eden regions: 1120->0(1107)
[3261.185s][info][gc,heap        ] GC(703) Survivor regions: 108->111(154)
[3261.185s][info][gc,heap        ] GC(703) Old regions: 504->536
[3261.185s][info][gc,heap        ] GC(703) Humongous regions: 80->80
[3261.185s][info][gc,metaspace   ] GC(703) Metaspace: 28915K(29312K)->28915K(29312K) NonClass: 24047K(24256K)->24047K(24256K) Class: 4868K(5056K)->4868K(5056K)
[3261.185s][info][gc             ] GC(703) Pause Young (Prepare Mixed) (G1 Evacuation Pause) 3623M->1451M(4096M) 118.733ms
[3261.185s][info][gc,cpu         ] GC(703) User=0.70s Sys=0.00s Real=0.12s
...[3264.444s][info][gc,start       ] GC(704) Pause Young (Mixed) (G1 Evacuation Pause)
[3264.444s][info][gc,task        ] GC(704) Using 6 workers of 6 for evacuation
[3264.580s][info][gc,phases      ] GC(704)   Pre Evacuate Collection Set: 0.39ms
[3264.580s][info][gc,phases      ] GC(704)   Merge Heap Roots: 0.73ms
[3264.580s][info][gc,phases      ] GC(704)   Evacuate Collection Set: 133.12ms
[3264.580s][info][gc,phases      ] GC(704)   Post Evacuate Collection Set: 0.96ms
[3264.580s][info][gc,phases      ] GC(704)   Other: 0.09ms
[3264.580s][info][gc,heap        ] GC(704) Eden regions: 1107->0(1117)
[3264.580s][info][gc,heap        ] GC(704) Survivor regions: 111->111(153)
[3264.580s][info][gc,heap        ] GC(704) Old regions: 536->471
[3264.580s][info][gc,heap        ] GC(704) Humongous regions: 80->80
[3264.580s][info][gc,metaspace   ] GC(704) Metaspace: 28915K(29312K)->28915K(29312K) NonClass: 24047K(24256K)->24047K(24256K) Class: 4868K(5056K)->4868K(5056K)
[3264.580s][info][gc             ] GC(704) Pause Young (Mixed) (G1 Evacuation Pause) 3665M->1322M(4096M) 135.438ms
[3264.580s][info][gc,cpu         ] GC(704) User=0.81s Sys=0.00s Real=0.13s
.. (rIR:aIR:PR = 5535:5534:5534) (tPR = 81745) [OK] 
  3265s: Performance info:
         Transaction,    Success,    Partial,     Failed,   Receipts, AvgBarcode, 
             Overall,     334755,          0,          0,     318032,      59.48, 
         Response times:
             Request,    Success,    Partial,     Failed,   SkipFail,     Probes,    Samples,      min,      p50,      p90,      p95,      p99,      max, 
       TotalPurchase,     318031,          0,          0,          0,     311674,     338739,      300,     4400,    10600,    29000,    85000,   220000,
     InStorePurchase,     167387,          0,          0,          0,     164398,     178261,      300,     4400,    10600,    28000,    85000,   186000,
      OnlinePurchase,     117149,          0,          0,          0,     114777,     124812,      300,     4400,    10800,    29000,    84000,   220000,
        InstPurchase,      33495,          0,          0,          0,      32499,      35666,      400,     4200,    10100,    29000,    88330,   166000,
          AssocOfCat,        336,          0,          0,          0,        256,        341,    21000,    33000,    53800,    67000,   157500,   181000,
      AssocOfProduct,       3347,          0,          0,          0,       3148,       3591,      400,     2900,     9300,    19620,    74000,   152000,
      BusinessReport,        834,          0,          0,          0,        733,        907,    27000,    38000,    73200,   105600,   184760,   235000,
          CustBuyBeh,       3347,          0,          0,          0,       3144,       3615,      200,     4900,    11300,    29000,    90000,   194000,
       ProductReturn,       8859,          0,          0,          0,       8407,       9520,      200,     5300,    11900,    30000,    86790,   152000,

  3265s: (41%)   IR =   5673 .[3267.753s][info][gc,start       ] GC(705) Pause Young (Concurrent Start) (G1 Evacuation Pause)
[3267.753s][info][gc,task        ] GC(705) Using 6 workers of 6 for evacuation
[3267.873s][info][gc,phases      ] GC(705)   Pre Evacuate Collection Set: 0.36ms
[3267.873s][info][gc,phases      ] GC(705)   Merge Heap Roots: 0.47ms
[3267.873s][info][gc,phases      ] GC(705)   Evacuate Collection Set: 118.32ms
[3267.873s][info][gc,phases      ] GC(705)   Post Evacuate Collection Set: 0.91ms
[3267.873s][info][gc,phases      ] GC(705)   Other: 0.12ms
[3267.873s][info][gc,heap        ] GC(705) Eden regions: 1117->0(1117)
[3267.873s][info][gc,heap        ] GC(705) Survivor regions: 111->111(154)
[3267.873s][info][gc,heap        ] GC(705) Old regions: 471->504
[3267.873s][info][gc,heap        ] GC(705) Humongous regions: 80->80
[3267.873s][info][gc,metaspace   ] GC(705) Metaspace: 28915K(29312K)->28915K(29312K) NonClass: 24047K(24256K)->24047K(24256K) Class: 4868K(5056K)->4868K(5056K)
[3267.873s][info][gc             ] GC(705) Pause Young (Concurrent Start) (G1 Evacuation Pause) 3556M->1387M(4096M) 120.322ms
[3267.873s][info][gc             ] GC(706) Concurrent Mark Cycle
[3267.873s][info][gc,marking     ] GC(706) Concurrent Scan Root Regions
[3267.873s][info][gc,cpu         ] GC(705) User=0.72s Sys=0.00s Real=0.12s
.[3268.015s][info][gc,marking     ] GC(706) Concurrent Scan Root Regions 142.189ms
[3268.015s][info][gc,marking     ] GC(706) Concurrent Mark
[3268.015s][info][gc,marking     ] GC(706) Concurrent Mark From Roots
[3268.015s][info][gc,task        ] GC(706) Using 2 workers of 2 for marking
[3268.660s][info][gc,marking     ] GC(706) Concurrent Mark From Roots 645.187ms
[3268.660s][info][gc,marking     ] GC(706) Concurrent Preclean
[3268.661s][info][gc,marking     ] GC(706) Concurrent Preclean 0.149ms
[3268.661s][info][gc,start       ] GC(706) Pause Remark
[3268.665s][info][gc             ] GC(706) Pause Remark 1964M->1964M(4096M) 4.819ms
[3268.666s][info][gc,cpu         ] GC(706) User=0.02s Sys=0.00s Real=0.01s
[3268.666s][info][gc,marking     ] GC(706) Concurrent Mark 650.398ms
[3268.666s][info][gc,marking     ] GC(706) Concurrent Rebuild Remembered Sets and Scrub Regions
.[3268.901s][info][gc,marking     ] GC(706) Concurrent Rebuild Remembered Sets and Scrub Regions 235.094ms
[3268.901s][info][gc,start       ] GC(706) Pause Cleanup
[3268.901s][info][gc             ] GC(706) Pause Cleanup 2119M->2119M(4096M) 0.102ms
[3268.901s][info][gc,cpu         ] GC(706) User=0.00s Sys=0.00s Real=0.00s
[3268.901s][info][gc,marking     ] GC(706) Concurrent Clear Claimed Marks
[3268.901s][info][gc,marking     ] GC(706) Concurrent Clear Claimed Marks 0.021ms
[3268.901s][info][gc,marking     ] GC(706) Concurrent Cleanup for Next Mark
[3268.905s][info][gc,marking     ] GC(706) Concurrent Cleanup for Next Mark 3.664ms
[3268.905s][info][gc             ] GC(706) Concurrent Mark Cycle 1031.756ms
..|[3271.099s][info][gc,start       ] GC(707) Pause Young (Prepare Mixed) (G1 Evacuation Pause)
[3271.099s][info][gc,task        ] GC(707) Using 6 workers of 6 for evacuation
[3271.214s][info][gc,phases      ] GC(707)   Pre Evacuate Collection Set: 0.36ms
[3271.214s][info][gc,phases      ] GC(707)   Merge Heap Roots: 0.51ms
[3271.214s][info][gc,phases      ] GC(707)   Evacuate Collection Set: 113.59ms
[3271.214s][info][gc,phases      ] GC(707)   Post Evacuate Collection Set: 0.93ms
[3271.214s][info][gc,phases      ] GC(707)   Other: 0.09ms
[3271.214s][info][gc,heap        ] GC(707) Eden regions: 1117->0(1116)
[3271.214s][info][gc,heap        ] GC(707) Survivor regions: 111->107(154)
[3271.214s][info][gc,heap        ] GC(707) Old regions: 504->535
[3271.214s][info][gc,heap        ] GC(707) Humongous regions: 80->80
[3271.214s][info][gc,metaspace   ] GC(707) Metaspace: 28915K(29312K)->28915K(29312K) NonClass: 24047K(24256K)->24047K(24256K) Class: 4868K(5056K)->4868K(5056K)
[3271.214s][info][gc             ] GC(707) Pause Young (Prepare Mixed) (G1 Evacuation Pause) 3621M->1442M(4096M) 115.609ms
[3271.214s][info][gc,cpu         ] GC(707) User=0.69s Sys=0.00s Real=0.12s
...[3274.380s][info][gc,start       ] GC(708) Pause Young (Mixed) (G1 Evacuation Pause)
[3274.380s][info][gc,task        ] GC(708) Using 6 workers of 6 for evacuation
[3274.513s][info][gc,phases      ] GC(708)   Pre Evacuate Collection Set: 0.38ms
[3274.513s][info][gc,phases      ] GC(708)   Merge Heap Roots: 0.69ms
[3274.513s][info][gc,phases      ] GC(708)   Evacuate Collection Set: 130.61ms
[3274.513s][info][gc,phases      ] GC(708)   Post Evacuate Collection Set: 0.93ms
[3274.513s][info][gc,phases      ] GC(708)   Other: 0.09ms
[3274.513s][info][gc,heap        ] GC(708) Eden regions: 1116->0(1120)
[3274.513s][info][gc,heap        ] GC(708) Survivor regions: 107->108(153)
[3274.513s][info][gc,heap        ] GC(708) Old regions: 535->472
[3274.513s][info][gc,heap        ] GC(708) Humongous regions: 80->80
[3274.513s][info][gc,metaspace   ] GC(708) Metaspace: 28915K(29312K)->28915K(29312K) NonClass: 24047K(24256K)->24047K(24256K) Class: 4868K(5056K)->4868K(5056K)
[3274.513s][info][gc             ] GC(708) Pause Young (Mixed) (G1 Evacuation Pause) 3674M->1317M(4096M) 132.855ms
[3274.513s][info][gc,cpu         ] GC(708) User=0.79s Sys=0.00s Real=0.14s
...[3277.714s][info][gc,start       ] GC(709) Pause Young (Concurrent Start) (G1 Evacuation Pause)
[3277.714s][info][gc,task        ] GC(709) Using 6 workers of 6 for evacuation
[3277.834s][info][gc,phases      ] GC(709)   Pre Evacuate Collection Set: 0.36ms
[3277.834s][info][gc,phases      ] GC(709)   Merge Heap Roots: 0.46ms
[3277.834s][info][gc,phases      ] GC(709)   Evacuate Collection Set: 117.44ms
[3277.834s][info][gc,phases      ] GC(709)   Post Evacuate Collection Set: 0.86ms
[3277.834s][info][gc,phases      ] GC(709)   Other: 0.09ms
[3277.834s][info][gc,heap        ] GC(709) Eden regions: 1120->0(1117)
[3277.834s][info][gc,heap        ] GC(709) Survivor regions: 108->111(154)
[3277.834s][info][gc,heap        ] GC(709) Old regions: 472->503
[3277.834s][info][gc,heap        ] GC(709) Humongous regions: 80->80
[3277.834s][info][gc,metaspace   ] GC(709) Metaspace: 28915K(29312K)->28915K(29312K) NonClass: 24047K(24256K)->24047K(24256K) Class: 4868K(5056K)->4868K(5056K)
[3277.834s][info][gc             ] GC(709) Pause Young (Concurrent Start) (G1 Evacuation Pause) 3557M->1386M(4096M) 119.345ms
[3277.834s][info][gc             ] GC(710) Concurrent Mark Cycle
[3277.834s][info][gc,marking     ] GC(710) Concurrent Scan Root Regions
[3277.834s][info][gc,cpu         ] GC(709) User=0.72s Sys=0.00s Real=0.12s
[3277.984s][info][gc,marking     ] GC(710) Concurrent Scan Root Regions 150.365ms
[3277.984s][info][gc,marking     ] GC(710) Concurrent Mark
[3277.984s][info][gc,marking     ] GC(710) Concurrent Mark From Roots
[3277.984s][info][gc,task        ] GC(710) Using 2 workers of 2 for marking
.[3278.650s][info][gc,marking     ] GC(710) Concurrent Mark From Roots 666.013ms
[3278.650s][info][gc,marking     ] GC(710) Concurrent Preclean
[3278.650s][info][gc,marking     ] GC(710) Concurrent Preclean 0.070ms
[3278.652s][info][gc,start       ] GC(710) Pause Remark
[3278.656s][info][gc             ] GC(710) Pause Remark 1988M->1988M(4096M) 4.453ms
[3278.656s][info][gc,cpu         ] GC(710) User=0.02s Sys=0.00s Real=0.00s
[3278.656s][info][gc,marking     ] GC(710) Concurrent Mark 672.305ms
[3278.656s][info][gc,marking     ] GC(710) Concurrent Rebuild Remembered Sets and Scrub Regions
[3278.900s][info][gc,marking     ] GC(710) Concurrent Rebuild Remembered Sets and Scrub Regions 243.367ms
[3278.900s][info][gc,start       ] GC(710) Pause Cleanup
[3278.901s][info][gc             ] GC(710) Pause Cleanup 2168M->2168M(4096M) 0.466ms
[3278.901s][info][gc,cpu         ] GC(710) User=0.00s Sys=0.00s Real=0.00s
[3278.901s][info][gc,marking     ] GC(710) Concurrent Clear Claimed Marks
[3278.901s][info][gc,marking     ] GC(710) Concurrent Clear Claimed Marks 0.027ms
[3278.901s][info][gc,marking     ] GC(710) Concurrent Cleanup for Next Mark
[3278.906s][info][gc,marking     ] GC(710) Concurrent Cleanup for Next Mark 4.915ms
[3278.906s][info][gc             ] GC(710) Concurrent Mark Cycle 1072.115ms
...[3281.049s][info][gc,start       ] GC(711) Pause Young (Prepare Mixed) (G1 Evacuation Pause)
[3281.049s][info][gc,task        ] GC(711) Using 6 workers of 6 for evacuation
[3281.165s][info][gc,phases      ] GC(711)   Pre Evacuate Collection Set: 0.31ms
[3281.165s][info][gc,phases      ] GC(711)   Merge Heap Roots: 0.50ms
[3281.165s][info][gc,phases      ] GC(711)   Evacuate Collection Set: 113.92ms
[3281.165s][info][gc,phases      ] GC(711)   Post Evacuate Collection Set: 0.91ms
[3281.165s][info][gc,phases      ] GC(711)   Other: 0.09ms
[3281.165s][info][gc,heap        ] GC(711) Eden regions: 1117->0(1116)
[3281.165s][info][gc,heap        ] GC(711) Survivor regions: 111->107(154)
[3281.165s][info][gc,heap        ] GC(711) Old regions: 503->535
[3281.165s][info][gc,heap        ] GC(711) Humongous regions: 80->80
[3281.165s][info][gc,metaspace   ] GC(711) Metaspace: 28915K(29312K)->28915K(29312K) NonClass: 24047K(24256K)->24047K(24256K) Class: 4868K(5056K)->4868K(5056K)
[3281.165s][info][gc             ] GC(711) Pause Young (Prepare Mixed) (G1 Evacuation Pause) 3620M->1441M(4096M) 115.886ms
[3281.165s][info][gc,cpu         ] GC(711) User=0.69s Sys=0.00s Real=0.12s
...[3284.352s][info][gc,start       ] GC(712) Pause Young (Mixed) (G1 Evacuation Pause)
[3284.352s][info][gc,task        ] GC(712) Using 6 workers of 6 for evacuation
[3284.485s][info][gc,phases      ] GC(712)   Pre Evacuate Collection Set: 0.36ms
[3284.485s][info][gc,phases      ] GC(712)   Merge Heap Roots: 0.68ms
[3284.485s][info][gc,phases      ] GC(712)   Evacuate Collection Set: 130.57ms
[3284.485s][info][gc,phases      ] GC(712)   Post Evacuate Collection Set: 0.98ms
[3284.485s][info][gc,phases      ] GC(712)   Other: 0.09ms
[3284.485s][info][gc,heap        ] GC(712) Eden regions: 1116->0(1120)
[3284.485s][info][gc,heap        ] GC(712) Survivor regions: 107->108(153)
[3284.485s][info][gc,heap        ] GC(712) Old regions: 535->470
[3284.485s][info][gc,heap        ] GC(712) Humongous regions: 80->80
[3284.485s][info][gc,metaspace   ] GC(712) Metaspace: 28915K(29312K)->28915K(29312K) NonClass: 24047K(24256K)->24047K(24256K) Class: 4868K(5056K)->4868K(5056K)
[3284.485s][info][gc             ] GC(712) Pause Young (Mixed) (G1 Evacuation Pause) 3673M->1315M(4096M) 132.812ms
[3284.485s][info][gc,cpu         ] GC(712) User=0.79s Sys=0.00s Real=0.13s
...[3287.629s][info][gc,start       ] GC(713) Pause Young (Concurrent Start) (G1 Evacuation Pause)
[3287.629s][info][gc,task        ] GC(713) Using 6 workers of 6 for evacuation
[3287.748s][info][gc,phases      ] GC(713)   Pre Evacuate Collection Set: 0.41ms
[3287.748s][info][gc,phases      ] GC(713)   Merge Heap Roots: 0.53ms
[3287.748s][info][gc,phases      ] GC(713)   Evacuate Collection Set: 117.16ms
[3287.748s][info][gc,phases      ] GC(713)   Post Evacuate Collection Set: 0.90ms
[3287.748s][info][gc,phases      ] GC(713)   Other: 0.12ms
[3287.748s][info][gc,heap        ] GC(713) Eden regions: 1120->0(1118)
[3287.748s][info][gc,heap        ] GC(713) Survivor regions: 108->110(154)
[3287.748s][info][gc,heap        ] GC(713) Old regions: 470->502
[3287.748s][info][gc,heap        ] GC(713) Humongous regions: 80->80
[3287.748s][info][gc,metaspace   ] GC(713) Metaspace: 28915K(29312K)->28915K(29312K) NonClass: 24047K(24256K)->24047K(24256K) Class: 4868K(5056K)->4868K(5056K)
[3287.748s][info][gc             ] GC(713) Pause Young (Concurrent Start) (G1 Evacuation Pause) 3555M->1383M(4096M) 119.253ms
[3287.748s][info][gc             ] GC(714) Concurrent Mark Cycle
[3287.748s][info][gc,marking     ] GC(714) Concurrent Scan Root Regions
[3287.748s][info][gc,cpu         ] GC(713) User=0.71s Sys=0.00s Real=0.12s
[3287.923s][info][gc,marking     ] GC(714) Concurrent Scan Root Regions 175.501ms
[3287.923s][info][gc,marking     ] GC(714) Concurrent Mark
[3287.923s][info][gc,marking     ] GC(714) Concurrent Mark From Roots
[3287.923s][info][gc,task        ] GC(714) Using 2 workers of 2 for marking
.[3288.875s][info][gc,marking     ] GC(714) Concurrent Mark From Roots 951.630ms
[3288.875s][info][gc,marking     ] GC(714) Concurrent Preclean
[3288.875s][info][gc,marking     ] GC(714) Concurrent Preclean 0.133ms
[3288.875s][info][gc,start       ] GC(714) Pause Remark
[3288.881s][info][gc             ] GC(714) Pause Remark 2223M->2223M(4096M) 5.107ms
[3288.881s][info][gc,cpu         ] GC(714) User=0.02s Sys=0.00s Real=0.00s
[3288.881s][info][gc,marking     ] GC(714) Concurrent Mark 957.115ms
[3288.881s][info][gc,marking     ] GC(714) Concurrent Rebuild Remembered Sets and Scrub Regions
.[3289.286s][info][gc,marking     ] GC(714) Concurrent Rebuild Remembered Sets and Scrub Regions 405.276ms
[3289.286s][info][gc,start       ] GC(714) Pause Cleanup
[3289.286s][info][gc             ] GC(714) Pause Cleanup 2468M->2468M(4096M) 0.126ms
[3289.286s][info][gc,cpu         ] GC(714) User=0.00s Sys=0.00s Real=0.00s
[3289.287s][info][gc,marking     ] GC(714) Concurrent Clear Claimed Marks
[3289.287s][info][gc,marking     ] GC(714) Concurrent Clear Claimed Marks 0.030ms
[3289.287s][info][gc,marking     ] GC(714) Concurrent Cleanup for Next Mark
[3289.292s][info][gc,marking     ] GC(714) Concurrent Cleanup for Next Mark 5.587ms
[3289.292s][info][gc             ] GC(714) Concurrent Mark Cycle 1544.334ms
.[3290.975s][info][gc,start       ] GC(715) Pause Young (Prepare Mixed) (G1 Evacuation Pause)
[3290.975s][info][gc,task        ] GC(715) Using 6 workers of 6 for evacuation
[3291.092s][info][gc,phases      ] GC(715)   Pre Evacuate Collection Set: 0.32ms
[3291.092s][info][gc,phases      ] GC(715)   Merge Heap Roots: 0.51ms
[3291.092s][info][gc,phases      ] GC(715)   Evacuate Collection Set: 115.61ms
[3291.092s][info][gc,phases      ] GC(715)   Post Evacuate Collection Set: 0.92ms
[3291.092s][info][gc,phases      ] GC(715)   Other: 0.09ms
[3291.092s][info][gc,heap        ] GC(715) Eden regions: 1118->0(1113)
[3291.092s][info][gc,heap        ] GC(715) Survivor regions: 110->109(154)
[3291.092s][info][gc,heap        ] GC(715) Old regions: 502->534
[3291.092s][info][gc,heap        ] GC(715) Humongous regions: 80->80
[3291.092s][info][gc,metaspace   ] GC(715) Metaspace: 28915K(29312K)->28915K(29312K) NonClass: 24047K(24256K)->24047K(24256K) Class: 4868K(5056K)->4868K(5056K)
[3291.092s][info][gc             ] GC(715) Pause Young (Prepare Mixed) (G1 Evacuation Pause) 3619M->1444M(4096M) 117.593ms
[3291.092s][info][gc,cpu         ] GC(715) User=0.70s Sys=0.00s Real=0.12s
....[3294.248s][info][gc,start       ] GC(716) Pause Young (Mixed) (G1 Evacuation Pause)
[3294.248s][info][gc,task        ] GC(716) Using 6 workers of 6 for evacuation
[3294.385s][info][gc,phases      ] GC(716)   Pre Evacuate Collection Set: 0.36ms
[3294.385s][info][gc,phases      ] GC(716)   Merge Heap Roots: 0.78ms
[3294.385s][info][gc,phases      ] GC(716)   Evacuate Collection Set: 134.77ms
[3294.385s][info][gc,phases      ] GC(716)   Post Evacuate Collection Set: 0.94ms
[3294.385s][info][gc,phases      ] GC(716)   Other: 0.09ms
[3294.385s][info][gc,heap        ] GC(716) Eden regions: 1113->0(1118)
[3294.385s][info][gc,heap        ] GC(716) Survivor regions: 109->110(153)
[3294.385s][info][gc,heap        ] GC(716) Old regions: 534->472
[3294.385s][info][gc,heap        ] GC(716) Humongous regions: 80->80
[3294.385s][info][gc,metaspace   ] GC(716) Metaspace: 28915K(29312K)->28915K(29312K) NonClass: 24047K(24256K)->24047K(24256K) Class: 4868K(5056K)->4868K(5056K)
[3294.385s][info][gc             ] GC(716) Pause Young (Mixed) (G1 Evacuation Pause) 3670M->1323M(4096M) 137.062ms
[3294.385s][info][gc,cpu         ] GC(716) User=0.82s Sys=0.00s Real=0.14s
...[3297.617s][info][gc,start       ] GC(717) Pause Young (Concurrent Start) (G1 Evacuation Pause)
[3297.617s][info][gc,task        ] GC(717) Using 6 workers of 6 for evacuation
[3297.739s][info][gc,phases      ] GC(717)   Pre Evacuate Collection Set: 0.35ms
[3297.739s][info][gc,phases      ] GC(717)   Merge Heap Roots: 0.52ms
[3297.739s][info][gc,phases      ] GC(717)   Evacuate Collection Set: 119.93ms
[3297.739s][info][gc,phases      ] GC(717)   Post Evacuate Collection Set: 0.88ms
[3297.739s][info][gc,phases      ] GC(717)   Other: 0.11ms
[3297.739s][info][gc,heap        ] GC(717) Eden regions: 1118->0(1117)
[3297.739s][info][gc,heap        ] GC(717) Survivor regions: 110->111(154)
[3297.739s][info][gc,heap        ] GC(717) Old regions: 472->504
[3297.739s][info][gc,heap        ] GC(717) Humongous regions: 80->80
[3297.739s][info][gc,metaspace   ] GC(717) Metaspace: 28915K(29312K)->28915K(29312K) NonClass: 24047K(24256K)->24047K(24256K) Class: 4868K(5056K)->4868K(5056K)
[3297.739s][info][gc             ] GC(717) Pause Young (Concurrent Start) (G1 Evacuation Pause) 3559M->1389M(4096M) 121.924ms
[3297.739s][info][gc             ] GC(718) Concurrent Mark Cycle
[3297.739s][info][gc,marking     ] GC(718) Concurrent Scan Root Regions
[3297.739s][info][gc,cpu         ] GC(717) User=0.72s Sys=0.00s Real=0.12s
[3297.928s][info][gc,marking     ] GC(718) Concurrent Scan Root Regions 188.830ms
[3297.928s][info][gc,marking     ] GC(718) Concurrent Mark
[3297.928s][info][gc,marking     ] GC(718) Concurrent Mark From Roots
[3297.928s][info][gc,task        ] GC(718) Using 2 workers of 2 for marking
.[3298.722s][info][gc,marking     ] GC(718) Concurrent Mark From Roots 794.642ms
[3298.722s][info][gc,marking     ] GC(718) Concurrent Preclean
[3298.722s][info][gc,marking     ] GC(718) Concurrent Preclean 0.085ms
[3298.723s][info][gc,start       ] GC(718) Pause Remark
[3298.727s][info][gc             ] GC(718) Pause Remark 2121M->2121M(4096M) 4.160ms
[3298.727s][info][gc,cpu         ] GC(718) User=0.02s Sys=0.01s Real=0.00s
[3298.727s][info][gc,marking     ] GC(718) Concurrent Mark 799.153ms
[3298.727s][info][gc,marking     ] GC(718) Concurrent Rebuild Remembered Sets and Scrub Regions
[3299.026s][info][gc,marking     ] GC(718) Concurrent Rebuild Remembered Sets and Scrub Regions 299.238ms
[3299.026s][info][gc,start       ] GC(718) Pause Cleanup
[3299.026s][info][gc             ] GC(718) Pause Cleanup 2316M->2316M(4096M) 0.109ms
[3299.026s][info][gc,cpu         ] GC(718) User=0.00s Sys=0.00s Real=0.00s
[3299.026s][info][gc,marking     ] GC(718) Concurrent Clear Claimed Marks
[3299.026s][info][gc,marking     ] GC(718) Concurrent Clear Claimed Marks 0.024ms
[3299.026s][info][gc,marking     ] GC(718) Concurrent Cleanup for Next Mark
[3299.030s][info][gc,marking     ] GC(718) Concurrent Cleanup for Next Mark 3.167ms
[3299.030s][info][gc             ] GC(718) Concurrent Mark Cycle 1290.806ms
..[3300.939s][info][gc,start       ] GC(719) Pause Young (Prepare Mixed) (G1 Evacuation Pause)
[3300.939s][info][gc,task        ] GC(719) Using 6 workers of 6 for evacuation
[3301.059s][info][gc,phases      ] GC(719)   Pre Evacuate Collection Set: 0.31ms
[3301.059s][info][gc,phases      ] GC(719)   Merge Heap Roots: 0.52ms
[3301.059s][info][gc,phases      ] GC(719)   Evacuate Collection Set: 118.16ms
[3301.059s][info][gc,phases      ] GC(719)   Post Evacuate Collection Set: 0.91ms
[3301.059s][info][gc,phases      ] GC(719)   Other: 0.08ms
[3301.059s][info][gc,heap        ] GC(719) Eden regions: 1117->0(1102)
[3301.059s][info][gc,heap        ] GC(719) Survivor regions: 111->113(154)
[3301.059s][info][gc,heap        ] GC(719) Old regions: 504->537
[3301.059s][info][gc,heap        ] GC(719) Humongous regions: 80->80
[3301.059s][info][gc,metaspace   ] GC(719) Metaspace: 28915K(29312K)->28915K(29312K) NonClass: 24047K(24256K)->24047K(24256K) Class: 4868K(5056K)->4868K(5056K)
[3301.059s][info][gc             ] GC(719) Pause Young (Prepare Mixed) (G1 Evacuation Pause) 3623M->1457M(4096M) 120.105ms
[3301.059s][info][gc,cpu         ] GC(719) User=0.71s Sys=0.00s Real=0.12s
....[3304.216s][info][gc,start       ] GC(720) Pause Young (Mixed) (G1 Evacuation Pause)
[3304.216s][info][gc,task        ] GC(720) Using 6 workers of 6 for evacuation
[3304.347s][info][gc,phases      ] GC(720)   Pre Evacuate Collection Set: 0.36ms
[3304.347s][info][gc,phases      ] GC(720)   Merge Heap Roots: 0.61ms
[3304.347s][info][gc,phases      ] GC(720)   Evacuate Collection Set: 129.06ms
[3304.347s][info][gc,phases      ] GC(720)   Post Evacuate Collection Set: 0.92ms
[3304.347s][info][gc,phases      ] GC(720)   Other: 0.09ms
[3304.347s][info][gc,heap        ] GC(720) Eden regions: 1102->0(1120)
[3304.348s][info][gc,heap        ] GC(720) Survivor regions: 113->108(152)
[3304.348s][info][gc,heap        ] GC(720) Old regions: 537->471
[3304.348s][info][gc,heap        ] GC(720) Humongous regions: 80->80
[3304.348s][info][gc,metaspace   ] GC(720) Metaspace: 28915K(29312K)->28915K(29312K) NonClass: 24047K(24256K)->24047K(24256K) Class: 4868K(5056K)->4868K(5056K)
[3304.348s][info][gc             ] GC(720) Pause Young (Mixed) (G1 Evacuation Pause) 3661M->1317M(4096M) 131.173ms
[3304.348s][info][gc,cpu         ] GC(720) User=0.78s Sys=0.00s Real=0.13s
...[3307.520s][info][gc,start       ] GC(721) Pause Young (Concurrent Start) (G1 Evacuation Pause)
[3307.520s][info][gc,task        ] GC(721) Using 6 workers of 6 for evacuation
[3307.636s][info][gc,phases      ] GC(721)   Pre Evacuate Collection Set: 0.38ms
[3307.636s][info][gc,phases      ] GC(721)   Merge Heap Roots: 0.45ms
[3307.636s][info][gc,phases      ] GC(721)   Evacuate Collection Set: 113.97ms
[3307.636s][info][gc,phases      ] GC(721)   Post Evacuate Collection Set: 0.87ms
[3307.636s][info][gc,phases      ] GC(721)   Other: 0.14ms
[3307.636s][info][gc,heap        ] GC(721) Eden regions: 1120->0(1120)
[3307.636s][info][gc,heap        ] GC(721) Survivor regions: 108->108(154)
[3307.636s][info][gc,heap        ] GC(721) Old regions: 471->504
[3307.636s][info][gc,heap        ] GC(721) Humongous regions: 80->80
[3307.636s][info][gc,metaspace   ] GC(721) Metaspace: 28915K(29312K)->28915K(29312K) NonClass: 24047K(24256K)->24047K(24256K) Class: 4868K(5056K)->4868K(5056K)
[3307.636s][info][gc             ] GC(721) Pause Young (Concurrent Start) (G1 Evacuation Pause) 3557M->1382M(4096M) 115.954ms
[3307.636s][info][gc             ] GC(722) Concurrent Mark Cycle
[3307.636s][info][gc,marking     ] GC(722) Concurrent Scan Root Regions
[3307.636s][info][gc,cpu         ] GC(721) User=0.69s Sys=0.00s Real=0.12s
[3307.779s][info][gc,marking     ] GC(722) Concurrent Scan Root Regions 143.126ms
[3307.779s][info][gc,marking     ] GC(722) Concurrent Mark
[3307.779s][info][gc,marking     ] GC(722) Concurrent Mark From Roots
[3307.779s][info][gc,task        ] GC(722) Using 2 workers of 2 for marking
.[3308.470s][info][gc,marking     ] GC(722) Concurrent Mark From Roots 690.397ms
[3308.470s][info][gc,marking     ] GC(722) Concurrent Preclean
[3308.470s][info][gc,marking     ] GC(722) Concurrent Preclean 0.070ms
[3308.470s][info][gc,start       ] GC(722) Pause Remark
[3308.474s][info][gc             ] GC(722) Pause Remark 2012M->2012M(4096M) 4.146ms
[3308.474s][info][gc,cpu         ] GC(722) User=0.02s Sys=0.00s Real=0.01s
[3308.474s][info][gc,marking     ] GC(722) Concurrent Mark 694.864ms
[3308.474s][info][gc,marking     ] GC(722) Concurrent Rebuild Remembered Sets and Scrub Regions
[3308.708s][info][gc,marking     ] GC(722) Concurrent Rebuild Remembered Sets and Scrub Regions 233.887ms
[3308.708s][info][gc,start       ] GC(722) Pause Cleanup
[3308.708s][info][gc             ] GC(722) Pause Cleanup 2158M->2158M(4096M) 0.108ms
[3308.708s][info][gc,cpu         ] GC(722) User=0.00s Sys=0.00s Real=0.00s
[3308.708s][info][gc,marking     ] GC(722) Concurrent Clear Claimed Marks
[3308.708s][info][gc,marking     ] GC(722) Concurrent Clear Claimed Marks 0.023ms
[3308.708s][info][gc,marking     ] GC(722) Concurrent Cleanup for Next Mark
[3308.712s][info][gc,marking     ] GC(722) Concurrent Cleanup for Next Mark 3.167ms
[3308.712s][info][gc             ] GC(722) Concurrent Mark Cycle 1075.450ms
..[3310.828s][info][gc,start       ] GC(723) Pause Young (Prepare Mixed) (G1 Evacuation Pause)
[3310.828s][info][gc,task        ] GC(723) Using 6 workers of 6 for evacuation
[3310.944s][info][gc,phases      ] GC(723)   Pre Evacuate Collection Set: 0.31ms
[3310.944s][info][gc,phases      ] GC(723)   Merge Heap Roots: 0.50ms
[3310.944s][info][gc,phases      ] GC(723)   Evacuate Collection Set: 114.23ms
[3310.944s][info][gc,phases      ] GC(723)   Post Evacuate Collection Set: 0.92ms
[3310.944s][info][gc,phases      ] GC(723)   Other: 0.09ms
[3310.944s][info][gc,heap        ] GC(723) Eden regions: 1120->0(1111)
[3310.944s][info][gc,heap        ] GC(723) Survivor regions: 108->109(154)
[3310.944s][info][gc,heap        ] GC(723) Old regions: 504->536
[3310.944s][info][gc,heap        ] GC(723) Humongous regions: 80->80
[3310.944s][info][gc,metaspace   ] GC(723) Metaspace: 28915K(29312K)->28915K(29312K) NonClass: 24047K(24256K)->24047K(24256K) Class: 4868K(5056K)->4868K(5056K)
[3310.944s][info][gc             ] GC(723) Pause Young (Prepare Mixed) (G1 Evacuation Pause) 3622M->1447M(4096M) 116.176ms
[3310.944s][info][gc,cpu         ] GC(723) User=0.69s Sys=0.00s Real=0.12s
...[3314.137s][info][gc,start       ] GC(724) Pause Young (Mixed) (G1 Evacuation Pause)
[3314.137s][info][gc,task        ] GC(724) Using 6 workers of 6 for evacuation
[3314.270s][info][gc,phases      ] GC(724)   Pre Evacuate Collection Set: 0.38ms
[3314.271s][info][gc,phases      ] GC(724)   Merge Heap Roots: 0.71ms
[3314.271s][info][gc,phases      ] GC(724)   Evacuate Collection Set: 131.37ms
[3314.271s][info][gc,phases      ] GC(724)   Post Evacuate Collection Set: 0.94ms
[3314.271s][info][gc,phases      ] GC(724)   Other: 0.10ms
[3314.271s][info][gc,heap        ] GC(724) Eden regions: 1111->0(1119)
[3314.271s][info][gc,heap        ] GC(724) Survivor regions: 109->109(153)
[3314.271s][info][gc,heap        ] GC(724) Old regions: 536->472
[3314.271s][info][gc,heap        ] GC(724) Humongous regions: 80->80
[3314.271s][info][gc,metaspace   ] GC(724) Metaspace: 28915K(29312K)->28915K(29312K) NonClass: 24047K(24256K)->24047K(24256K) Class: 4868K(5056K)->4868K(5056K)
[3314.271s][info][gc             ] GC(724) Pause Young (Mixed) (G1 Evacuation Pause) 3669M->1321M(4096M) 133.676ms
[3314.271s][info][gc,cpu         ] GC(724) User=0.80s Sys=0.00s Real=0.13s
....[3317.439s][info][gc,start       ] GC(725) Pause Young (Concurrent Start) (G1 Evacuation Pause)
[3317.439s][info][gc,task        ] GC(725) Using 6 workers of 6 for evacuation
[3317.557s][info][gc,phases      ] GC(725)   Pre Evacuate Collection Set: 0.36ms
[3317.557s][info][gc,phases      ] GC(725)   Merge Heap Roots: 0.48ms
[3317.557s][info][gc,phases      ] GC(725)   Evacuate Collection Set: 116.04ms
[3317.557s][info][gc,phases      ] GC(725)   Post Evacuate Collection Set: 0.88ms
[3317.557s][info][gc,phases      ] GC(725)   Other: 0.12ms
[3317.557s][info][gc,heap        ] GC(725) Eden regions: 1119->0(1117)
[3317.557s][info][gc,heap        ] GC(725) Survivor regions: 109->111(154)
[3317.557s][info][gc,heap        ] GC(725) Old regions: 472->504
[3317.557s][info][gc,heap        ] GC(725) Humongous regions: 80->80
[3317.557s][info][gc,metaspace   ] GC(725) Metaspace: 28915K(29312K)->28915K(29312K) NonClass: 24047K(24256K)->24047K(24256K) Class: 4868K(5056K)->4868K(5056K)
[3317.557s][info][gc             ] GC(725) Pause Young (Concurrent Start) (G1 Evacuation Pause) 3559M->1387M(4096M) 118.010ms
[3317.557s][info][gc             ] GC(726) Concurrent Mark Cycle
[3317.557s][info][gc,marking     ] GC(726) Concurrent Scan Root Regions
[3317.557s][info][gc,cpu         ] GC(725) User=0.70s Sys=0.00s Real=0.12s
[3317.702s][info][gc,marking     ] GC(726) Concurrent Scan Root Regions 144.794ms
[3317.702s][info][gc,marking     ] GC(726) Concurrent Mark
[3317.702s][info][gc,marking     ] GC(726) Concurrent Mark From Roots
[3317.702s][info][gc,task        ] GC(726) Using 2 workers of 2 for marking
.[3318.366s][info][gc,marking     ] GC(726) Concurrent Mark From Roots 663.879ms
[3318.366s][info][gc,marking     ] GC(726) Concurrent Preclean
[3318.366s][info][gc,marking     ] GC(726) Concurrent Preclean 0.082ms
[3318.367s][info][gc,start       ] GC(726) Pause Remark
[3318.372s][info][gc             ] GC(726) Pause Remark 2008M->2008M(4096M) 5.043ms
[3318.372s][info][gc,cpu         ] GC(726) User=0.03s Sys=0.00s Real=0.01s
[3318.373s][info][gc,marking     ] GC(726) Concurrent Mark 670.807ms
[3318.373s][info][gc,marking     ] GC(726) Concurrent Rebuild Remembered Sets and Scrub Regions
[3318.610s][info][gc,marking     ] GC(726) Concurrent Rebuild Remembered Sets and Scrub Regions 237.205ms
[3318.611s][info][gc,start       ] GC(726) Pause Cleanup
[3318.611s][info][gc             ] GC(726) Pause Cleanup 2173M->2173M(4096M) 0.123ms
[3318.611s][info][gc,cpu         ] GC(726) User=0.00s Sys=0.00s Real=0.00s
[3318.612s][info][gc,marking     ] GC(726) Concurrent Clear Claimed Marks
[3318.612s][info][gc,marking     ] GC(726) Concurrent Clear Claimed Marks 0.029ms
[3318.612s][info][gc,marking     ] GC(726) Concurrent Cleanup for Next Mark
[3318.618s][info][gc,marking     ] GC(726) Concurrent Cleanup for Next Mark 5.914ms
[3318.618s][info][gc             ] GC(726) Concurrent Mark Cycle 1060.172ms
..[3320.832s][info][gc,start       ] GC(727) Pause Young (Prepare Mixed) (G1 Evacuation Pause)
[3320.832s][info][gc,task        ] GC(727) Using 6 workers of 6 for evacuation
[3320.950s][info][gc,phases      ] GC(727)   Pre Evacuate Collection Set: 0.33ms
[3320.950s][info][gc,phases      ] GC(727)   Merge Heap Roots: 0.49ms
[3320.950s][info][gc,phases      ] GC(727)   Evacuate Collection Set: 115.67ms
[3320.950s][info][gc,phases      ] GC(727)   Post Evacuate Collection Set: 0.91ms
[3320.950s][info][gc,phases      ] GC(727)   Other: 0.10ms
[3320.950s][info][gc,heap        ] GC(727) Eden regions: 1117->0(1112)
[3320.950s][info][gc,heap        ] GC(727) Survivor regions: 111->109(154)
[3320.950s][info][gc,heap        ] GC(727) Old regions: 504->535
[3320.950s][info][gc,heap        ] GC(727) Humongous regions: 80->80
[3320.950s][info][gc,metaspace   ] GC(727) Metaspace: 28915K(29312K)->28915K(29312K) NonClass: 24047K(24256K)->24047K(24256K) Class: 4868K(5056K)->4868K(5056K)
[3320.950s][info][gc             ] GC(727) Pause Young (Prepare Mixed) (G1 Evacuation Pause) 3621M->1447M(4096M) 117.630ms
[3320.950s][info][gc,cpu         ] GC(727) User=0.70s Sys=0.00s Real=0.11s
...[3324.047s][info][gc,start       ] GC(728) Pause Young (Mixed) (G1 Evacuation Pause)
[3324.047s][info][gc,task        ] GC(728) Using 6 workers of 6 for evacuation
[3324.182s][info][gc,phases      ] GC(728)   Pre Evacuate Collection Set: 0.38ms
[3324.182s][info][gc,phases      ] GC(728)   Merge Heap Roots: 0.66ms
[3324.182s][info][gc,phases      ] GC(728)   Evacuate Collection Set: 133.17ms
[3324.182s][info][gc,phases      ] GC(728)   Post Evacuate Collection Set: 0.91ms
[3324.182s][info][gc,phases      ] GC(728)   Other: 0.10ms
[3324.182s][info][gc,heap        ] GC(728) Eden regions: 1112->0(1118)
[3324.182s][info][gc,heap        ] GC(728) Survivor regions: 109->110(153)
[3324.182s][info][gc,heap        ] GC(728) Old regions: 535->471
[3324.182s][info][gc,heap        ] GC(728) Humongous regions: 80->80
[3324.182s][info][gc,metaspace   ] GC(728) Metaspace: 28915K(29312K)->28915K(29312K) NonClass: 24047K(24256K)->24047K(24256K) Class: 4868K(5056K)->4868K(5056K)
[3324.182s][info][gc             ] GC(728) Pause Young (Mixed) (G1 Evacuation Pause) 3671M->1321M(4096M) 135.346ms
[3324.183s][info][gc,cpu         ] GC(728) User=0.80s Sys=0.00s Real=0.14s
....[3327.403s][info][gc,start       ] GC(729) Pause Young (Concurrent Start) (G1 Evacuation Pause)
[3327.403s][info][gc,task        ] GC(729) Using 6 workers of 6 for evacuation
[3327.519s][info][gc,phases      ] GC(729)   Pre Evacuate Collection Set: 0.40ms
[3327.519s][info][gc,phases      ] GC(729)   Merge Heap Roots: 0.48ms
[3327.519s][info][gc,phases      ] GC(729)   Evacuate Collection Set: 114.02ms
[3327.519s][info][gc,phases      ] GC(729)   Post Evacuate Collection Set: 0.87ms
[3327.519s][info][gc,phases      ] GC(729)   Other: 0.11ms
[3327.519s][info][gc,heap        ] GC(729) Eden regions: 1118->0(1119)
[3327.519s][info][gc,heap        ] GC(729) Survivor regions: 110->109(154)
[3327.519s][info][gc,heap        ] GC(729) Old regions: 471->504
[3327.519s][info][gc,heap        ] GC(729) Humongous regions: 80->80
[3327.519s][info][gc,metaspace   ] GC(729) Metaspace: 28915K(29312K)->28915K(29312K) NonClass: 24047K(24256K)->24047K(24256K) Class: 4868K(5056K)->4868K(5056K)
[3327.519s][info][gc             ] GC(729) Pause Young (Concurrent Start) (G1 Evacuation Pause) 3557M->1384M(4096M) 116.002ms
[3327.519s][info][gc             ] GC(730) Concurrent Mark Cycle
[3327.519s][info][gc,marking     ] GC(730) Concurrent Scan Root Regions
[3327.519s][info][gc,cpu         ] GC(729) User=0.69s Sys=0.00s Real=0.11s
[3327.726s][info][gc,marking     ] GC(730) Concurrent Scan Root Regions 206.284ms
[3327.726s][info][gc,marking     ] GC(730) Concurrent Mark
[3327.726s][info][gc,marking     ] GC(730) Concurrent Mark From Roots
[3327.726s][info][gc,task        ] GC(730) Using 2 workers of 2 for marking
.[3328.537s][info][gc,marking     ] GC(730) Concurrent Mark From Roots 811.175ms
[3328.537s][info][gc,marking     ] GC(730) Concurrent Preclean
[3328.537s][info][gc,marking     ] GC(730) Concurrent Preclean 0.103ms
[3328.539s][info][gc,start       ] GC(730) Pause Remark
[3328.543s][info][gc             ] GC(730) Pause Remark 2150M->2150M(4096M) 3.563ms
[3328.543s][info][gc,cpu         ] GC(730) User=0.02s Sys=0.00s Real=0.01s
[3328.544s][info][gc,marking     ] GC(730) Concurrent Mark 818.498ms
[3328.544s][info][gc,marking     ] GC(730) Concurrent Rebuild Remembered Sets and Scrub Regions
[3328.845s][info][gc,marking     ] GC(730) Concurrent Rebuild Remembered Sets and Scrub Regions 300.536ms
[3328.845s][info][gc,start       ] GC(730) Pause Cleanup
[3328.845s][info][gc             ] GC(730) Pause Cleanup 2381M->2381M(4096M) 0.113ms
[3328.845s][info][gc,cpu         ] GC(730) User=0.00s Sys=0.00s Real=0.00s
[3328.845s][info][gc,marking     ] GC(730) Concurrent Clear Claimed Marks
[3328.845s][info][gc,marking     ] GC(730) Concurrent Clear Claimed Marks 0.025ms
[3328.845s][info][gc,marking     ] GC(730) Concurrent Cleanup for Next Mark
[3328.849s][info][gc,marking     ] GC(730) Concurrent Cleanup for Next Mark 3.670ms
[3328.849s][info][gc             ] GC(730) Concurrent Mark Cycle 1329.473ms
..[3330.736s][info][gc,start       ] GC(731) Pause Young (Prepare Mixed) (G1 Evacuation Pause)
[3330.736s][info][gc,task        ] GC(731) Using 6 workers of 6 for evacuation
[3330.856s][info][gc,phases      ] GC(731)   Pre Evacuate Collection Set: 0.32ms
[3330.856s][info][gc,phases      ] GC(731)   Merge Heap Roots: 0.51ms
[3330.856s][info][gc,phases      ] GC(731)   Evacuate Collection Set: 118.34ms
[3330.856s][info][gc,phases      ] GC(731)   Post Evacuate Collection Set: 0.90ms
[3330.856s][info][gc,phases      ] GC(731)   Other: 0.08ms
[3330.856s][info][gc,heap        ] GC(731) Eden regions: 1119->0(1105)
[3330.856s][info][gc,heap        ] GC(731) Survivor regions: 109->112(154)
[3330.856s][info][gc,heap        ] GC(731) Old regions: 504->536
[3330.856s][info][gc,heap        ] GC(731) Humongous regions: 80->80
[3330.856s][info][gc,metaspace   ] GC(731) Metaspace: 28915K(29312K)->28915K(29312K) NonClass: 24047K(24256K)->24047K(24256K) Class: 4868K(5056K)->4868K(5056K)
[3330.856s][info][gc             ] GC(731) Pause Young (Prepare Mixed) (G1 Evacuation Pause) 3622M->1453M(4096M) 120.289ms
[3330.856s][info][gc,cpu         ] GC(731) User=0.72s Sys=0.00s Real=0.12s
. (rIR:aIR:PR = 5673:5674:5674) (tPR = 83844) [OK] 
  3331s: Performance info:
         Transaction,    Success,    Partial,     Failed,   Receipts, AvgBarcode, 
             Overall,     343259,          0,          0,     326078,      59.48, 
         Response times:
             Request,    Success,    Partial,     Failed,   SkipFail,     Probes,    Samples,      min,      p50,      p90,      p95,      p99,      max, 
       TotalPurchase,     326075,          0,          0,          0,     320125,     348983,      300,     4500,    12000,    30000,    78000,   187000,
     InStorePurchase,     171575,          0,          0,          0,     168626,     183454,      300,     4500,    11900,    30000,    76000,   187000,
      OnlinePurchase,     120160,          0,          0,          0,     118183,     129173,      300,     4700,    12500,    31000,    81000,   187000,
        InstPurchase,      34340,          0,          0,          0,      33316,      36356,      400,     4500,    11400,    29000,    68430,   183000,
          AssocOfCat,        343,          0,          0,          0,        272,        396,    23000,    34000,    62300,    80000,   119050,   259000,
      AssocOfProduct,       3436,          0,          0,          0,       3182,       3675,      300,     4400,    10600,    28000,    75000,   144000,
      BusinessReport,        859,          0,          0,          0,        765,        948,    27000,    39000,    73000,   104000,   172530,   204000,
          CustBuyBeh,       3443,          0,          0,          0,       3182,       3596,      100,     3700,    10630,    28000,    66030,   143000,
       ProductReturn,       9100,          0,          0,          0,       8669,       9624,      200,     4800,    12200,    30000,    69000,   144000,

  3331s: (42%)   IR =   5812 ..[3333.975s][info][gc,start       ] GC(732) Pause Young (Mixed) (G1 Evacuation Pause)
[3333.975s][info][gc,task        ] GC(732) Using 6 workers of 6 for evacuation
[3334.109s][info][gc,phases      ] GC(732)   Pre Evacuate Collection Set: 0.37ms
[3334.109s][info][gc,phases      ] GC(732)   Merge Heap Roots: 0.68ms
[3334.109s][info][gc,phases      ] GC(732)   Evacuate Collection Set: 131.81ms
[3334.109s][info][gc,phases      ] GC(732)   Post Evacuate Collection Set: 0.99ms
[3334.109s][info][gc,phases      ] GC(732)   Other: 0.09ms
[3334.109s][info][gc,heap        ] GC(732) Eden regions: 1105->0(1118)
[3334.109s][info][gc,heap        ] GC(732) Survivor regions: 112->110(153)
[3334.109s][info][gc,heap        ] GC(732) Old regions: 536->472
[3334.109s][info][gc,heap        ] GC(732) Humongous regions: 80->80
[3334.109s][info][gc,metaspace   ] GC(732) Metaspace: 28915K(29312K)->28915K(29312K) NonClass: 24047K(24256K)->24047K(24256K) Class: 4868K(5056K)->4868K(5056K)
[3334.109s][info][gc             ] GC(732) Pause Young (Mixed) (G1 Evacuation Pause) 3663M->1322M(4096M) 134.087ms
[3334.109s][info][gc,cpu         ] GC(732) User=0.80s Sys=0.00s Real=0.13s
...[3337.173s][info][gc,start       ] GC(733) Pause Young (Concurrent Start) (G1 Evacuation Pause)
[3337.173s][info][gc,task        ] GC(733) Using 6 workers of 6 for evacuation
[3337.291s][info][gc,phases      ] GC(733)   Pre Evacuate Collection Set: 0.33ms
[3337.291s][info][gc,phases      ] GC(733)   Merge Heap Roots: 0.49ms
[3337.291s][info][gc,phases      ] GC(733)   Evacuate Collection Set: 115.45ms
[3337.291s][info][gc,phases      ] GC(733)   Post Evacuate Collection Set: 0.93ms
[3337.291s][info][gc,phases      ] GC(733)   Other: 0.11ms
[3337.291s][info][gc,heap        ] GC(733) Eden regions: 1118->0(1120)
[3337.291s][info][gc,heap        ] GC(733) Survivor regions: 110->108(154)
[3337.291s][info][gc,heap        ] GC(733) Old regions: 472->504
[3337.291s][info][gc,heap        ] GC(733) Humongous regions: 80->80
[3337.291s][info][gc,metaspace   ] GC(733) Metaspace: 28915K(29312K)->28915K(29312K) NonClass: 24047K(24256K)->24047K(24256K) Class: 4868K(5056K)->4868K(5056K)
[3337.291s][info][gc             ] GC(733) Pause Young (Concurrent Start) (G1 Evacuation Pause) 3558M->1383M(4096M) 117.435ms
[3337.291s][info][gc             ] GC(734) Concurrent Mark Cycle
[3337.291s][info][gc,marking     ] GC(734) Concurrent Scan Root Regions
[3337.291s][info][gc,cpu         ] GC(733) User=0.70s Sys=0.00s Real=0.11s
.[3337.506s][info][gc,marking     ] GC(734) Concurrent Scan Root Regions 215.665ms
[3337.507s][info][gc,marking     ] GC(734) Concurrent Mark
[3337.507s][info][gc,marking     ] GC(734) Concurrent Mark From Roots
[3337.507s][info][gc,task        ] GC(734) Using 2 workers of 2 for marking
[3338.126s][info][gc,marking     ] GC(734) Concurrent Mark From Roots 619.744ms
[3338.126s][info][gc,marking     ] GC(734) Concurrent Preclean
[3338.126s][info][gc,marking     ] GC(734) Concurrent Preclean 0.127ms
[3338.128s][info][gc,start       ] GC(734) Pause Remark
[3338.132s][info][gc             ] GC(734) Pause Remark 2015M->2015M(4096M) 4.730ms
[3338.132s][info][gc,cpu         ] GC(734) User=0.02s Sys=0.00s Real=0.01s
[3338.132s][info][gc,marking     ] GC(734) Concurrent Mark 625.950ms
[3338.132s][info][gc,marking     ] GC(734) Concurrent Rebuild Remembered Sets and Scrub Regions
[3338.375s][info][gc,marking     ] GC(734) Concurrent Rebuild Remembered Sets and Scrub Regions 242.269ms
[3338.375s][info][gc,start       ] GC(734) Pause Cleanup
[3338.375s][info][gc             ] GC(734) Pause Cleanup 2176M->2176M(4096M) 0.112ms
[3338.375s][info][gc,cpu         ] GC(734) User=0.00s Sys=0.00s Real=0.00s
[3338.375s][info][gc,marking     ] GC(734) Concurrent Clear Claimed Marks
[3338.375s][info][gc,marking     ] GC(734) Concurrent Clear Claimed Marks 0.022ms
[3338.375s][info][gc,marking     ] GC(734) Concurrent Cleanup for Next Mark
[3338.378s][info][gc,marking     ] GC(734) Concurrent Cleanup for Next Mark 3.192ms
[3338.378s][info][gc             ] GC(734) Concurrent Mark Cycle 1087.496ms
..[3340.394s][info][gc,start       ] GC(735) Pause Young (Prepare Mixed) (G1 Evacuation Pause)
[3340.394s][info][gc,task        ] GC(735) Using 6 workers of 6 for evacuation
[3340.510s][info][gc,phases      ] GC(735)   Pre Evacuate Collection Set: 0.34ms
[3340.510s][info][gc,phases      ] GC(735)   Merge Heap Roots: 0.50ms
[3340.510s][info][gc,phases      ] GC(735)   Evacuate Collection Set: 113.89ms
[3340.510s][info][gc,phases      ] GC(735)   Post Evacuate Collection Set: 0.88ms
[3340.510s][info][gc,phases      ] GC(735)   Other: 0.09ms
[3340.510s][info][gc,heap        ] GC(735) Eden regions: 1120->0(1112)
[3340.510s][info][gc,heap        ] GC(735) Survivor regions: 108->108(154)
[3340.510s][info][gc,heap        ] GC(735) Old regions: 504->537
[3340.510s][info][gc,heap        ] GC(735) Humongous regions: 80->80
[3340.510s][info][gc,metaspace   ] GC(735) Metaspace: 28915K(29312K)->28915K(29312K) NonClass: 24047K(24256K)->24047K(24256K) Class: 4868K(5056K)->4868K(5056K)
[3340.510s][info][gc             ] GC(735) Pause Young (Prepare Mixed) (G1 Evacuation Pause) 3623M->1447M(4096M) 115.839ms
[3340.510s][info][gc,cpu         ] GC(735) User=0.69s Sys=0.00s Real=0.11s
....|[3343.651s][info][gc,start       ] GC(736) Pause Young (Mixed) (G1 Evacuation Pause)
[3343.651s][info][gc,task        ] GC(736) Using 6 workers of 6 for evacuation
[3343.783s][info][gc,phases      ] GC(736)   Pre Evacuate Collection Set: 0.38ms
[3343.783s][info][gc,phases      ] GC(736)   Merge Heap Roots: 0.65ms
[3343.783s][info][gc,phases      ] GC(736)   Evacuate Collection Set: 130.00ms
[3343.783s][info][gc,phases      ] GC(736)   Post Evacuate Collection Set: 0.84ms
[3343.783s][info][gc,phases      ] GC(736)   Other: 0.09ms
[3343.783s][info][gc,heap        ] GC(736) Eden regions: 1112->0(1118)
[3343.783s][info][gc,heap        ] GC(736) Survivor regions: 108->110(153)
[3343.783s][info][gc,heap        ] GC(736) Old regions: 537->472
[3343.783s][info][gc,heap        ] GC(736) Humongous regions: 80->80
[3343.783s][info][gc,metaspace   ] GC(736) Metaspace: 28915K(29312K)->28915K(29312K) NonClass: 24047K(24256K)->24047K(24256K) Class: 4868K(5056K)->4868K(5056K)
[3343.783s][info][gc             ] GC(736) Pause Young (Mixed) (G1 Evacuation Pause) 3671M->1321M(4096M) 132.098ms
[3343.783s][info][gc,cpu         ] GC(736) User=0.79s Sys=0.01s Real=0.14s
...[3346.849s][info][gc,start       ] GC(737) Pause Young (Concurrent Start) (G1 Evacuation Pause)
[3346.849s][info][gc,task        ] GC(737) Using 6 workers of 6 for evacuation
[3346.966s][info][gc,phases      ] GC(737)   Pre Evacuate Collection Set: 0.38ms
[3346.966s][info][gc,phases      ] GC(737)   Merge Heap Roots: 0.46ms
[3346.966s][info][gc,phases      ] GC(737)   Evacuate Collection Set: 115.19ms
[3346.966s][info][gc,phases      ] GC(737)   Post Evacuate Collection Set: 0.86ms
[3346.966s][info][gc,phases      ] GC(737)   Other: 0.12ms
[3346.966s][info][gc,heap        ] GC(737) Eden regions: 1118->0(1118)
[3346.966s][info][gc,heap        ] GC(737) Survivor regions: 110->110(154)
[3346.966s][info][gc,heap        ] GC(737) Old regions: 472->503
[3346.966s][info][gc,heap        ] GC(737) Humongous regions: 80->80
[3346.966s][info][gc,metaspace   ] GC(737) Metaspace: 28915K(29312K)->28915K(29312K) NonClass: 24047K(24256K)->24047K(24256K) Class: 4868K(5056K)->4868K(5056K)
[3346.966s][info][gc             ] GC(737) Pause Young (Concurrent Start) (G1 Evacuation Pause) 3557M->1383M(4096M) 117.130ms
[3346.966s][info][gc             ] GC(738) Concurrent Mark Cycle
[3346.966s][info][gc,marking     ] GC(738) Concurrent Scan Root Regions
[3346.966s][info][gc,cpu         ] GC(737) User=0.70s Sys=0.00s Real=0.12s
[3347.110s][info][gc,marking     ] GC(738) Concurrent Scan Root Regions 143.530ms
[3347.110s][info][gc,marking     ] GC(738) Concurrent Mark
[3347.110s][info][gc,marking     ] GC(738) Concurrent Mark From Roots
[3347.110s][info][gc,task        ] GC(738) Using 2 workers of 2 for marking
.[3347.792s][info][gc,marking     ] GC(738) Concurrent Mark From Roots 682.578ms
[3347.792s][info][gc,marking     ] GC(738) Concurrent Preclean
[3347.792s][info][gc,marking     ] GC(738) Concurrent Preclean 0.083ms
[3347.792s][info][gc,start       ] GC(738) Pause Remark
[3347.798s][info][gc             ] GC(738) Pause Remark 2047M->2047M(4096M) 5.512ms
[3347.798s][info][gc,cpu         ] GC(738) User=0.04s Sys=0.00s Real=0.00s
[3347.798s][info][gc,marking     ] GC(738) Concurrent Mark 688.389ms
[3347.798s][info][gc,marking     ] GC(738) Concurrent Rebuild Remembered Sets and Scrub Regions
[3348.069s][info][gc,marking     ] GC(738) Concurrent Rebuild Remembered Sets and Scrub Regions 271.337ms
[3348.070s][info][gc,start       ] GC(738) Pause Cleanup
[3348.070s][info][gc             ] GC(738) Pause Cleanup 2222M->2222M(4096M) 0.126ms
[3348.070s][info][gc,cpu         ] GC(738) User=0.00s Sys=0.00s Real=0.00s
[3348.070s][info][gc,marking     ] GC(738) Concurrent Clear Claimed Marks
[3348.070s][info][gc,marking     ] GC(738) Concurrent Clear Claimed Marks 0.030ms
[3348.070s][info][gc,marking     ] GC(738) Concurrent Cleanup for Next Mark
[3348.074s][info][gc,marking     ] GC(738) Concurrent Cleanup for Next Mark 3.707ms
[3348.074s][info][gc             ] GC(738) Concurrent Mark Cycle 1108.049ms
..[3350.056s][info][gc,start       ] GC(739) Pause Young (Prepare Mixed) (G1 Evacuation Pause)
[3350.056s][info][gc,task        ] GC(739) Using 6 workers of 6 for evacuation
[3350.173s][info][gc,phases      ] GC(739)   Pre Evacuate Collection Set: 0.31ms
[3350.173s][info][gc,phases      ] GC(739)   Merge Heap Roots: 0.50ms
[3350.173s][info][gc,phases      ] GC(739)   Evacuate Collection Set: 115.69ms
[3350.173s][info][gc,phases      ] GC(739)   Post Evacuate Collection Set: 0.92ms
[3350.173s][info][gc,phases      ] GC(739)   Other: 0.09ms
[3350.173s][info][gc,heap        ] GC(739) Eden regions: 1118->0(1110)
[3350.173s][info][gc,heap        ] GC(739) Survivor regions: 110->110(154)
[3350.173s][info][gc,heap        ] GC(739) Old regions: 503->535
[3350.173s][info][gc,heap        ] GC(739) Humongous regions: 80->80
[3350.173s][info][gc,metaspace   ] GC(739) Metaspace: 28915K(29312K)->28915K(29312K) NonClass: 24047K(24256K)->24047K(24256K) Class: 4868K(5056K)->4868K(5056K)
[3350.173s][info][gc             ] GC(739) Pause Young (Prepare Mixed) (G1 Evacuation Pause) 3619M->1447M(4096M) 117.642ms
[3350.173s][info][gc,cpu         ] GC(739) User=0.70s Sys=0.00s Real=0.12s
...[3353.273s][info][gc,start       ] GC(740) Pause Young (Mixed) (G1 Evacuation Pause)
[3353.273s][info][gc,task        ] GC(740) Using 6 workers of 6 for evacuation
[3353.407s][info][gc,phases      ] GC(740)   Pre Evacuate Collection Set: 0.34ms
[3353.407s][info][gc,phases      ] GC(740)   Merge Heap Roots: 0.72ms
[3353.407s][info][gc,phases      ] GC(740)   Evacuate Collection Set: 131.46ms
[3353.407s][info][gc,phases      ] GC(740)   Post Evacuate Collection Set: 0.92ms
[3353.407s][info][gc,phases      ] GC(740)   Other: 0.09ms
[3353.407s][info][gc,heap        ] GC(740) Eden regions: 1110->0(1120)
[3353.407s][info][gc,heap        ] GC(740) Survivor regions: 110->108(153)
[3353.407s][info][gc,heap        ] GC(740) Old regions: 535->470
[3353.407s][info][gc,heap        ] GC(740) Humongous regions: 80->80
[3353.407s][info][gc,metaspace   ] GC(740) Metaspace: 28915K(29312K)->28915K(29312K) NonClass: 24047K(24256K)->24047K(24256K) Class: 4868K(5056K)->4868K(5056K)
[3353.407s][info][gc             ] GC(740) Pause Young (Mixed) (G1 Evacuation Pause) 3667M->1315M(4096M) 133.649ms
[3353.407s][info][gc,cpu         ] GC(740) User=0.79s Sys=0.00s Real=0.13s
...[3356.509s][info][gc,start       ] GC(741) Pause Young (Concurrent Start) (G1 Evacuation Pause)
[3356.509s][info][gc,task        ] GC(741) Using 6 workers of 6 for evacuation
[3356.627s][info][gc,phases      ] GC(741)   Pre Evacuate Collection Set: 0.42ms
[3356.627s][info][gc,phases      ] GC(741)   Merge Heap Roots: 0.45ms
[3356.627s][info][gc,phases      ] GC(741)   Evacuate Collection Set: 115.80ms
[3356.627s][info][gc,phases      ] GC(741)   Post Evacuate Collection Set: 0.85ms
[3356.627s][info][gc,phases      ] GC(741)   Other: 0.11ms
[3356.627s][info][gc,heap        ] GC(741) Eden regions: 1120->0(1119)
[3356.627s][info][gc,heap        ] GC(741) Survivor regions: 108->109(154)
[3356.627s][info][gc,heap        ] GC(741) Old regions: 470->503
[3356.627s][info][gc,heap        ] GC(741) Humongous regions: 80->80
[3356.627s][info][gc,metaspace   ] GC(741) Metaspace: 28915K(29312K)->28915K(29312K) NonClass: 24047K(24256K)->24047K(24256K) Class: 4868K(5056K)->4868K(5056K)
[3356.627s][info][gc             ] GC(741) Pause Young (Concurrent Start) (G1 Evacuation Pause) 3555M->1382M(4096M) 117.776ms
[3356.627s][info][gc             ] GC(742) Concurrent Mark Cycle
[3356.627s][info][gc,marking     ] GC(742) Concurrent Scan Root Regions
[3356.627s][info][gc,cpu         ] GC(741) User=0.70s Sys=0.00s Real=0.12s
.[3356.816s][info][gc,marking     ] GC(742) Concurrent Scan Root Regions 188.536ms
[3356.816s][info][gc,marking     ] GC(742) Concurrent Mark
[3356.816s][info][gc,marking     ] GC(742) Concurrent Mark From Roots
[3356.816s][info][gc,task        ] GC(742) Using 2 workers of 2 for marking
[3357.763s][info][gc,marking     ] GC(742) Concurrent Mark From Roots 947.185ms
[3357.763s][info][gc,marking     ] GC(742) Concurrent Preclean
[3357.763s][info][gc,marking     ] GC(742) Concurrent Preclean 0.085ms
[3357.763s][info][gc,start       ] GC(742) Pause Remark
[3357.768s][info][gc             ] GC(742) Pause Remark 2230M->2230M(4096M) 5.383ms
[3357.769s][info][gc,cpu         ] GC(742) User=0.03s Sys=0.00s Real=0.00s
[3357.769s][info][gc,marking     ] GC(742) Concurrent Mark 952.885ms
[3357.769s][info][gc,marking     ] GC(742) Concurrent Rebuild Remembered Sets and Scrub Regions
.[3358.073s][info][gc,marking     ] GC(742) Concurrent Rebuild Remembered Sets and Scrub Regions 304.007ms
[3358.073s][info][gc,start       ] GC(742) Pause Cleanup
[3358.073s][info][gc             ] GC(742) Pause Cleanup 2439M->2439M(4096M) 0.113ms
[3358.073s][info][gc,cpu         ] GC(742) User=0.00s Sys=0.00s Real=0.00s
[3358.073s][info][gc,marking     ] GC(742) Concurrent Clear Claimed Marks
[3358.073s][info][gc,marking     ] GC(742) Concurrent Clear Claimed Marks 0.031ms
[3358.073s][info][gc,marking     ] GC(742) Concurrent Cleanup for Next Mark
[3358.079s][info][gc,marking     ] GC(742) Concurrent Cleanup for Next Mark 5.765ms
[3358.079s][info][gc             ] GC(742) Concurrent Mark Cycle 1451.727ms
..[3359.848s][info][gc,start       ] GC(743) Pause Young (Prepare Mixed) (G1 Evacuation Pause)
[3359.848s][info][gc,task        ] GC(743) Using 6 workers of 6 for evacuation
[3359.968s][info][gc,phases      ] GC(743)   Pre Evacuate Collection Set: 0.34ms
[3359.968s][info][gc,phases      ] GC(743)   Merge Heap Roots: 0.57ms
[3359.968s][info][gc,phases      ] GC(743)   Evacuate Collection Set: 118.03ms
[3359.968s][info][gc,phases      ] GC(743)   Post Evacuate Collection Set: 0.93ms
[3359.968s][info][gc,phases      ] GC(743)   Other: 0.08ms
[3359.968s][info][gc,heap        ] GC(743) Eden regions: 1119->0(1102)
[3359.968s][info][gc,heap        ] GC(743) Survivor regions: 109->114(154)
[3359.968s][info][gc,heap        ] GC(743) Old regions: 503->535
[3359.968s][info][gc,heap        ] GC(743) Humongous regions: 80->80
[3359.968s][info][gc,metaspace   ] GC(743) Metaspace: 28915K(29312K)->28915K(29312K) NonClass: 24047K(24256K)->24047K(24256K) Class: 4868K(5056K)->4868K(5056K)
[3359.968s][info][gc             ] GC(743) Pause Young (Prepare Mixed) (G1 Evacuation Pause) 3620M->1455M(4096M) 120.082ms
[3359.968s][info][gc,cpu         ] GC(743) User=0.71s Sys=0.00s Real=0.12s
...[3362.986s][info][gc,start       ] GC(744) Pause Young (Mixed) (G1 Evacuation Pause)
[3362.986s][info][gc,task        ] GC(744) Using 6 workers of 6 for evacuation
[3363.121s][info][gc,phases      ] GC(744)   Pre Evacuate Collection Set: 0.33ms
[3363.121s][info][gc,phases      ] GC(744)   Merge Heap Roots: 0.75ms
[3363.121s][info][gc,phases      ] GC(744)   Evacuate Collection Set: 132.86ms
[3363.121s][info][gc,phases      ] GC(744)   Post Evacuate Collection Set: 0.91ms
[3363.121s][info][gc,phases      ] GC(744)   Other: 0.09ms
[3363.121s][info][gc,heap        ] GC(744) Eden regions: 1102->0(1116)
[3363.121s][info][gc,heap        ] GC(744) Survivor regions: 114->112(152)
[3363.121s][info][gc,heap        ] GC(744) Old regions: 535->471
[3363.121s][info][gc,heap        ] GC(744) Humongous regions: 80->80
[3363.121s][info][gc,metaspace   ] GC(744) Metaspace: 28915K(29312K)->28915K(29312K) NonClass: 24047K(24256K)->24047K(24256K) Class: 4868K(5056K)->4868K(5056K)
[3363.121s][info][gc             ] GC(744) Pause Young (Mixed) (G1 Evacuation Pause) 3659M->1323M(4096M) 135.104ms
[3363.121s][info][gc,cpu         ] GC(744) User=0.80s Sys=0.01s Real=0.13s
...[3366.156s][info][gc,start       ] GC(745) Pause Young (Concurrent Start) (G1 Evacuation Pause)
[3366.156s][info][gc,task        ] GC(745) Using 6 workers of 6 for evacuation
[3366.270s][info][gc,phases      ] GC(745)   Pre Evacuate Collection Set: 0.39ms
[3366.270s][info][gc,phases      ] GC(745)   Merge Heap Roots: 0.45ms
[3366.270s][info][gc,phases      ] GC(745)   Evacuate Collection Set: 112.50ms
[3366.270s][info][gc,phases      ] GC(745)   Post Evacuate Collection Set: 0.88ms
[3366.270s][info][gc,phases      ] GC(745)   Other: 0.11ms
[3366.270s][info][gc,heap        ] GC(745) Eden regions: 1116->0(1122)
[3366.270s][info][gc,heap        ] GC(745) Survivor regions: 112->106(154)
[3366.270s][info][gc,heap        ] GC(745) Old regions: 471->504
[3366.270s][info][gc,heap        ] GC(745) Humongous regions: 80->80
[3366.270s][info][gc,metaspace   ] GC(745) Metaspace: 28915K(29312K)->28915K(29312K) NonClass: 24047K(24256K)->24047K(24256K) Class: 4868K(5056K)->4868K(5056K)
[3366.270s][info][gc             ] GC(745) Pause Young (Concurrent Start) (G1 Evacuation Pause) 3555M->1378M(4096M) 114.491ms
[3366.270s][info][gc             ] GC(746) Concurrent Mark Cycle
[3366.270s][info][gc,marking     ] GC(746) Concurrent Scan Root Regions
[3366.270s][info][gc,cpu         ] GC(745) User=0.68s Sys=0.00s Real=0.11s
[3366.439s][info][gc,marking     ] GC(746) Concurrent Scan Root Regions 168.414ms
[3366.439s][info][gc,marking     ] GC(746) Concurrent Mark
[3366.439s][info][gc,marking     ] GC(746) Concurrent Mark From Roots
[3366.439s][info][gc,task        ] GC(746) Using 2 workers of 2 for marking
.[3367.253s][info][gc,marking     ] GC(746) Concurrent Mark From Roots 813.966ms
[3367.253s][info][gc,marking     ] GC(746) Concurrent Preclean
[3367.253s][info][gc,marking     ] GC(746) Concurrent Preclean 0.097ms
[3367.255s][info][gc,start       ] GC(746) Pause Remark
[3367.259s][info][gc             ] GC(746) Pause Remark 2100M->2100M(4096M) 4.175ms
[3367.259s][info][gc,cpu         ] GC(746) User=0.02s Sys=0.00s Real=0.00s
[3367.261s][info][gc,marking     ] GC(746) Concurrent Mark 822.239ms
[3367.261s][info][gc,marking     ] GC(746) Concurrent Rebuild Remembered Sets and Scrub Regions
[3367.482s][info][gc,marking     ] GC(746) Concurrent Rebuild Remembered Sets and Scrub Regions 221.047ms
[3367.482s][info][gc,start       ] GC(746) Pause Cleanup
[3367.483s][info][gc             ] GC(746) Pause Cleanup 2292M->2292M(4096M) 0.102ms
[3367.483s][info][gc,cpu         ] GC(746) User=0.00s Sys=0.00s Real=0.00s
[3367.483s][info][gc,marking     ] GC(746) Concurrent Clear Claimed Marks
[3367.483s][info][gc,marking     ] GC(746) Concurrent Clear Claimed Marks 0.022ms
[3367.483s][info][gc,marking     ] GC(746) Concurrent Cleanup for Next Mark
[3367.487s][info][gc,marking     ] GC(746) Concurrent Cleanup for Next Mark 4.919ms
[3367.488s][info][gc             ] GC(746) Concurrent Mark Cycle 1217.083ms
..[3369.468s][info][gc,start       ] GC(747) Pause Young (Prepare Mixed) (G1 Evacuation Pause)
[3369.468s][info][gc,task        ] GC(747) Using 6 workers of 6 for evacuation
[3369.585s][info][gc,phases      ] GC(747)   Pre Evacuate Collection Set: 0.31ms
[3369.585s][info][gc,phases      ] GC(747)   Merge Heap Roots: 0.54ms
[3369.585s][info][gc,phases      ] GC(747)   Evacuate Collection Set: 115.42ms
[3369.585s][info][gc,phases      ] GC(747)   Post Evacuate Collection Set: 0.90ms
[3369.585s][info][gc,phases      ] GC(747)   Other: 0.09ms
[3369.585s][info][gc,heap        ] GC(747) Eden regions: 1122->0(1108)
[3369.585s][info][gc,heap        ] GC(747) Survivor regions: 106->111(154)
[3369.585s][info][gc,heap        ] GC(747) Old regions: 504->535
[3369.585s][info][gc,heap        ] GC(747) Humongous regions: 80->80
[3369.585s][info][gc,metaspace   ] GC(747) Metaspace: 28915K(29312K)->28915K(29312K) NonClass: 24047K(24256K)->24047K(24256K) Class: 4868K(5056K)->4868K(5056K)
[3369.586s][info][gc             ] GC(747) Pause Young (Prepare Mixed) (G1 Evacuation Pause) 3622M->1450M(4096M) 117.426ms
[3369.586s][info][gc,cpu         ] GC(747) User=0.70s Sys=0.00s Real=0.12s
...[3372.667s][info][gc,start       ] GC(748) Pause Young (Mixed) (G1 Evacuation Pause)
[3372.667s][info][gc,task        ] GC(748) Using 6 workers of 6 for evacuation
[3372.809s][info][gc,phases      ] GC(748)   Pre Evacuate Collection Set: 0.34ms
[3372.809s][info][gc,phases      ] GC(748)   Merge Heap Roots: 0.74ms
[3372.809s][info][gc,phases      ] GC(748)   Evacuate Collection Set: 139.54ms
[3372.809s][info][gc,phases      ] GC(748)   Post Evacuate Collection Set: 0.93ms
[3372.809s][info][gc,phases      ] GC(748)   Other: 0.10ms
[3372.809s][info][gc,heap        ] GC(748) Eden regions: 1108->0(1114)
[3372.809s][info][gc,heap        ] GC(748) Survivor regions: 111->114(153)
[3372.809s][info][gc,heap        ] GC(748) Old regions: 535->473
[3372.809s][info][gc,heap        ] GC(748) Humongous regions: 80->80
[3372.809s][info][gc,metaspace   ] GC(748) Metaspace: 28915K(29312K)->28915K(29312K) NonClass: 24047K(24256K)->24047K(24256K) Class: 4868K(5056K)->4868K(5056K)
[3372.809s][info][gc             ] GC(748) Pause Young (Mixed) (G1 Evacuation Pause) 3666M->1332M(4096M) 141.790ms
[3372.809s][info][gc,cpu         ] GC(748) User=0.84s Sys=0.00s Real=0.14s
....[3375.907s][info][gc,start       ] GC(749) Pause Young (Concurrent Start) (G1 Evacuation Pause)
[3375.907s][info][gc,task        ] GC(749) Using 6 workers of 6 for evacuation
[3376.026s][info][gc,phases      ] GC(749)   Pre Evacuate Collection Set: 0.37ms
[3376.026s][info][gc,phases      ] GC(749)   Merge Heap Roots: 0.55ms
[3376.026s][info][gc,phases      ] GC(749)   Evacuate Collection Set: 116.60ms
[3376.026s][info][gc,phases      ] GC(749)   Post Evacuate Collection Set: 0.86ms
[3376.026s][info][gc,phases      ] GC(749)   Other: 0.12ms
[3376.026s][info][gc,heap        ] GC(749) Eden regions: 1114->0(1118)
[3376.026s][info][gc,heap        ] GC(749) Survivor regions: 114->110(154)
[3376.026s][info][gc,heap        ] GC(749) Old regions: 473->505
[3376.026s][info][gc,heap        ] GC(749) Humongous regions: 80->80
[3376.026s][info][gc,metaspace   ] GC(749) Metaspace: 28915K(29312K)->28915K(29312K) NonClass: 24047K(24256K)->24047K(24256K) Class: 4868K(5056K)->4868K(5056K)
[3376.026s][info][gc             ] GC(749) Pause Young (Concurrent Start) (G1 Evacuation Pause) 3560M->1387M(4096M) 118.622ms
[3376.026s][info][gc             ] GC(750) Concurrent Mark Cycle
[3376.026s][info][gc,marking     ] GC(750) Concurrent Scan Root Regions
[3376.026s][info][gc,cpu         ] GC(749) User=0.71s Sys=0.00s Real=0.12s
[3376.214s][info][gc,marking     ] GC(750) Concurrent Scan Root Regions 187.721ms
[3376.214s][info][gc,marking     ] GC(750) Concurrent Mark
[3376.214s][info][gc,marking     ] GC(750) Concurrent Mark From Roots
[3376.214s][info][gc,task        ] GC(750) Using 2 workers of 2 for marking
.[3377.215s][info][gc,marking     ] GC(750) Concurrent Mark From Roots 1001.530ms
[3377.215s][info][gc,marking     ] GC(750) Concurrent Preclean
[3377.215s][info][gc,marking     ] GC(750) Concurrent Preclean 0.092ms
[3377.216s][info][gc,start       ] GC(750) Pause Remark
[3377.221s][info][gc             ] GC(750) Pause Remark 2331M->2331M(4096M) 5.849ms
[3377.221s][info][gc,cpu         ] GC(750) User=0.03s Sys=0.00s Real=0.00s
[3377.222s][info][gc,marking     ] GC(750) Concurrent Mark 1007.777ms
[3377.222s][info][gc,marking     ] GC(750) Concurrent Rebuild Remembered Sets and Scrub Regions
[3377.496s][info][gc,marking     ] GC(750) Concurrent Rebuild Remembered Sets and Scrub Regions 274.418ms
[3377.496s][info][gc,start       ] GC(750) Pause Cleanup
[3377.496s][info][gc             ] GC(750) Pause Cleanup 2506M->2506M(4096M) 0.096ms
[3377.496s][info][gc,cpu         ] GC(750) User=0.00s Sys=0.00s Real=0.00s
[3377.496s][info][gc,marking     ] GC(750) Concurrent Clear Claimed Marks
[3377.496s][info][gc,marking     ] GC(750) Concurrent Clear Claimed Marks 0.021ms
[3377.496s][info][gc,marking     ] GC(750) Concurrent Cleanup for Next Mark
[3377.499s][info][gc,marking     ] GC(750) Concurrent Cleanup for Next Mark 3.151ms
[3377.499s][info][gc             ] GC(750) Concurrent Mark Cycle 1473.481ms
..[3379.076s][info][gc,start       ] GC(751) Pause Young (Prepare Mixed) (G1 Evacuation Pause)
[3379.077s][info][gc,task        ] GC(751) Using 6 workers of 6 for evacuation
[3379.196s][info][gc,phases      ] GC(751)   Pre Evacuate Collection Set: 0.31ms
[3379.196s][info][gc,phases      ] GC(751)   Merge Heap Roots: 0.50ms
[3379.196s][info][gc,phases      ] GC(751)   Evacuate Collection Set: 117.66ms
[3379.196s][info][gc,phases      ] GC(751)   Post Evacuate Collection Set: 0.89ms
[3379.196s][info][gc,phases      ] GC(751)   Other: 0.08ms
[3379.196s][info][gc,heap        ] GC(751) Eden regions: 1118->0(1106)
[3379.196s][info][gc,heap        ] GC(751) Survivor regions: 110->111(154)
[3379.196s][info][gc,heap        ] GC(751) Old regions: 505->537
[3379.196s][info][gc,heap        ] GC(751) Humongous regions: 80->80
[3379.196s][info][gc,metaspace   ] GC(751) Metaspace: 28915K(29312K)->28915K(29312K) NonClass: 24047K(24256K)->24047K(24256K) Class: 4868K(5056K)->4868K(5056K)
[3379.196s][info][gc             ] GC(751) Pause Young (Prepare Mixed) (G1 Evacuation Pause) 3623M->1453M(4096M) 119.573ms
[3379.196s][info][gc,cpu         ] GC(751) User=0.71s Sys=0.00s Real=0.12s
...[3382.340s][info][gc,start       ] GC(752) Pause Young (Mixed) (G1 Evacuation Pause)
[3382.340s][info][gc,task        ] GC(752) Using 6 workers of 6 for evacuation
[3382.475s][info][gc,phases      ] GC(752)   Pre Evacuate Collection Set: 0.34ms
[3382.475s][info][gc,phases      ] GC(752)   Merge Heap Roots: 0.68ms
[3382.475s][info][gc,phases      ] GC(752)   Evacuate Collection Set: 132.74ms
[3382.475s][info][gc,phases      ] GC(752)   Post Evacuate Collection Set: 0.92ms
[3382.475s][info][gc,phases      ] GC(752)   Other: 0.08ms
[3382.475s][info][gc,heap        ] GC(752) Eden regions: 1106->0(1118)
[3382.475s][info][gc,heap        ] GC(752) Survivor regions: 111->110(153)
[3382.475s][info][gc,heap        ] GC(752) Old regions: 537->473
[3382.475s][info][gc,heap        ] GC(752) Humongous regions: 80->80
[3382.475s][info][gc,metaspace   ] GC(752) Metaspace: 28915K(29312K)->28915K(29312K) NonClass: 24047K(24256K)->24047K(24256K) Class: 4868K(5056K)->4868K(5056K)
[3382.475s][info][gc             ] GC(752) Pause Young (Mixed) (G1 Evacuation Pause) 3665M->1324M(4096M) 134.904ms
[3382.475s][info][gc,cpu         ] GC(752) User=0.80s Sys=0.00s Real=0.14s
...[3385.586s][info][gc,start       ] GC(753) Pause Young (Concurrent Start) (G1 Evacuation Pause)
[3385.586s][info][gc,task        ] GC(753) Using 6 workers of 6 for evacuation
[3385.710s][info][gc,phases      ] GC(753)   Pre Evacuate Collection Set: 0.32ms
[3385.710s][info][gc,phases      ] GC(753)   Merge Heap Roots: 0.45ms
[3385.710s][info][gc,phases      ] GC(753)   Evacuate Collection Set: 121.67ms
[3385.710s][info][gc,phases      ] GC(753)   Post Evacuate Collection Set: 0.85ms
[3385.710s][info][gc,phases      ] GC(753)   Other: 0.09ms
[3385.710s][info][gc,heap        ] GC(753) Eden regions: 1118->0(1113)
[3385.710s][info][gc,heap        ] GC(753) Survivor regions: 110->115(154)
[3385.710s][info][gc,heap        ] GC(753) Old regions: 473->505
[3385.710s][info][gc,heap        ] GC(753) Humongous regions: 80->80
[3385.710s][info][gc,metaspace   ] GC(753) Metaspace: 28915K(29312K)->28915K(29312K) NonClass: 24047K(24256K)->24047K(24256K) Class: 4868K(5056K)->4868K(5056K)
[3385.710s][info][gc             ] GC(753) Pause Young (Concurrent Start) (G1 Evacuation Pause) 3560M->1398M(4096M) 123.488ms
[3385.710s][info][gc             ] GC(754) Concurrent Mark Cycle
[3385.710s][info][gc,cpu         ] GC(753) User=0.73s Sys=0.00s Real=0.12s
[3385.710s][info][gc,marking     ] GC(754) Concurrent Scan Root Regions
.[3385.864s][info][gc,marking     ] GC(754) Concurrent Scan Root Regions 153.701ms
[3385.864s][info][gc,marking     ] GC(754) Concurrent Mark
[3385.864s][info][gc,marking     ] GC(754) Concurrent Mark From Roots
[3385.864s][info][gc,task        ] GC(754) Using 2 workers of 2 for marking
[3386.568s][info][gc,marking     ] GC(754) Concurrent Mark From Roots 703.985ms
[3386.568s][info][gc,marking     ] GC(754) Concurrent Preclean
[3386.568s][info][gc,marking     ] GC(754) Concurrent Preclean 0.184ms
[3386.568s][info][gc,start       ] GC(754) Pause Remark
[3386.573s][info][gc             ] GC(754) Pause Remark 2082M->2082M(4096M) 4.639ms
[3386.573s][info][gc,cpu         ] GC(754) User=0.02s Sys=0.00s Real=0.01s
[3386.574s][info][gc,marking     ] GC(754) Concurrent Mark 709.989ms
[3386.574s][info][gc,marking     ] GC(754) Concurrent Rebuild Remembered Sets and Scrub Regions
.[3386.879s][info][gc,marking     ] GC(754) Concurrent Rebuild Remembered Sets and Scrub Regions 305.676ms
[3386.879s][info][gc,start       ] GC(754) Pause Cleanup
[3386.879s][info][gc             ] GC(754) Pause Cleanup 2325M->2325M(4096M) 0.104ms
[3386.879s][info][gc,cpu         ] GC(754) User=0.00s Sys=0.00s Real=0.00s
[3386.879s][info][gc,marking     ] GC(754) Concurrent Clear Claimed Marks
[3386.879s][info][gc,marking     ] GC(754) Concurrent Clear Claimed Marks 0.022ms
[3386.879s][info][gc,marking     ] GC(754) Concurrent Cleanup for Next Mark
[3386.884s][info][gc,marking     ] GC(754) Concurrent Cleanup for Next Mark 4.053ms
[3386.884s][info][gc             ] GC(754) Concurrent Mark Cycle 1173.865ms
.[3388.748s][info][gc,start       ] GC(755) Pause Young (Prepare Mixed) (G1 Evacuation Pause)
[3388.748s][info][gc,task        ] GC(755) Using 6 workers of 6 for evacuation
[3388.865s][info][gc,phases      ] GC(755)   Pre Evacuate Collection Set: 0.32ms
[3388.865s][info][gc,phases      ] GC(755)   Merge Heap Roots: 0.56ms
[3388.865s][info][gc,phases      ] GC(755)   Evacuate Collection Set: 115.05ms
[3388.865s][info][gc,phases      ] GC(755)   Post Evacuate Collection Set: 0.91ms
[3388.865s][info][gc,phases      ] GC(755)   Other: 0.09ms
[3388.865s][info][gc,heap        ] GC(755) Eden regions: 1113->0(1109)
[3388.865s][info][gc,heap        ] GC(755) Survivor regions: 115->109(154)
[3388.865s][info][gc,heap        ] GC(755) Old regions: 505->538
[3388.865s][info][gc,heap        ] GC(755) Humongous regions: 80->80
[3388.865s][info][gc,metaspace   ] GC(755) Metaspace: 28915K(29312K)->28915K(29312K) NonClass: 24047K(24256K)->24047K(24256K) Class: 4868K(5056K)->4868K(5056K)
[3388.865s][info][gc             ] GC(755) Pause Young (Prepare Mixed) (G1 Evacuation Pause) 3624M->1451M(4096M) 117.077ms
[3388.865s][info][gc,cpu         ] GC(755) User=0.70s Sys=0.00s Real=0.12s
....[3391.988s][info][gc,start       ] GC(756) Pause Young (Mixed) (G1 Evacuation Pause)
[3391.988s][info][gc,task        ] GC(756) Using 6 workers of 6 for evacuation
[3392.119s][info][gc,phases      ] GC(756)   Pre Evacuate Collection Set: 0.37ms
[3392.119s][info][gc,phases      ] GC(756)   Merge Heap Roots: 0.74ms
[3392.119s][info][gc,phases      ] GC(756)   Evacuate Collection Set: 128.53ms
[3392.119s][info][gc,phases      ] GC(756)   Post Evacuate Collection Set: 0.94ms
[3392.119s][info][gc,phases      ] GC(756)   Other: 0.08ms
[3392.119s][info][gc,heap        ] GC(756) Eden regions: 1109->0(1121)
[3392.119s][info][gc,heap        ] GC(756) Survivor regions: 109->107(153)
[3392.119s][info][gc,heap        ] GC(756) Old regions: 538->473
[3392.119s][info][gc,heap        ] GC(756) Humongous regions: 80->80
[3392.119s][info][gc,metaspace   ] GC(756) Metaspace: 28915K(29312K)->28915K(29312K) NonClass: 24047K(24256K)->24047K(24256K) Class: 4868K(5056K)->4868K(5056K)
[3392.119s][info][gc             ] GC(756) Pause Young (Mixed) (G1 Evacuation Pause) 3669M->1318M(4096M) 130.809ms
[3392.119s][info][gc,cpu         ] GC(756) User=0.78s Sys=0.00s Real=0.13s
...[3395.186s][info][gc,start       ] GC(757) Pause Young (Concurrent Start) (G1 Evacuation Pause)
[3395.186s][info][gc,task        ] GC(757) Using 6 workers of 6 for evacuation
[3395.301s][info][gc,phases      ] GC(757)   Pre Evacuate Collection Set: 0.35ms
[3395.301s][info][gc,phases      ] GC(757)   Merge Heap Roots: 0.45ms
[3395.301s][info][gc,phases      ] GC(757)   Evacuate Collection Set: 112.90ms
[3395.301s][info][gc,phases      ] GC(757)   Post Evacuate Collection Set: 0.86ms
[3395.301s][info][gc,phases      ] GC(757)   Other: 0.12ms
[3395.301s][info][gc,heap        ] GC(757) Eden regions: 1121->0(1120)
[3395.301s][info][gc,heap        ] GC(757) Survivor regions: 107->108(154)
[3395.301s][info][gc,heap        ] GC(757) Old regions: 473->504
[3395.301s][info][gc,heap        ] GC(757) Humongous regions: 80->80
[3395.301s][info][gc,metaspace   ] GC(757) Metaspace: 28915K(29312K)->28915K(29312K) NonClass: 24047K(24256K)->24047K(24256K) Class: 4868K(5056K)->4868K(5056K)
[3395.301s][info][gc             ] GC(757) Pause Young (Concurrent Start) (G1 Evacuation Pause) 3560M->1381M(4096M) 114.804ms
[3395.301s][info][gc             ] GC(758) Concurrent Mark Cycle
[3395.301s][info][gc,marking     ] GC(758) Concurrent Scan Root Regions
[3395.301s][info][gc,cpu         ] GC(757) User=0.68s Sys=0.00s Real=0.11s
[3395.439s][info][gc,marking     ] GC(758) Concurrent Scan Root Regions 138.179ms
[3395.439s][info][gc,marking     ] GC(758) Concurrent Mark
[3395.439s][info][gc,marking     ] GC(758) Concurrent Mark From Roots
[3395.439s][info][gc,task        ] GC(758) Using 2 workers of 2 for marking
.[3396.080s][info][gc,marking     ] GC(758) Concurrent Mark From Roots 641.356ms
[3396.080s][info][gc,marking     ] GC(758) Concurrent Preclean
[3396.080s][info][gc,marking     ] GC(758) Concurrent Preclean 0.080ms
[3396.081s][info][gc,start       ] GC(758) Pause Remark
[3396.085s][info][gc             ] GC(758) Pause Remark 1941M->1941M(4096M) 4.469ms
[3396.085s][info][gc,cpu         ] GC(758) User=0.02s Sys=0.00s Real=0.01s
[3396.086s][info][gc,marking     ] GC(758) Concurrent Mark 647.329ms
[3396.086s][info][gc,marking     ] GC(758) Concurrent Rebuild Remembered Sets and Scrub Regions
[3396.334s][info][gc,marking     ] GC(758) Concurrent Rebuild Remembered Sets and Scrub Regions 247.428ms
[3396.334s][info][gc,start       ] GC(758) Pause Cleanup
[3396.334s][info][gc             ] GC(758) Pause Cleanup 2132M->2132M(4096M) 0.113ms
[3396.334s][info][gc,cpu         ] GC(758) User=0.00s Sys=0.00s Real=0.00s
[3396.334s][info][gc,marking     ] GC(758) Concurrent Clear Claimed Marks
[3396.334s][info][gc,marking     ] GC(758) Concurrent Clear Claimed Marks 0.024ms
[3396.334s][info][gc,marking     ] GC(758) Concurrent Cleanup for Next Mark
[3396.337s][info][gc,marking     ] GC(758) Concurrent Cleanup for Next Mark 3.366ms
[3396.337s][info][gc             ] GC(758) Concurrent Mark Cycle 1036.775ms
..[3398.493s][info][gc,start       ] GC(759) Pause Young (Prepare Mixed) (G1 Evacuation Pause)
[3398.493s][info][gc,task        ] GC(759) Using 6 workers of 6 for evacuation
[3398.610s][info][gc,phases      ] GC(759)   Pre Evacuate Collection Set: 0.34ms
[3398.610s][info][gc,phases      ] GC(759)   Merge Heap Roots: 0.50ms
[3398.610s][info][gc,phases      ] GC(759)   Evacuate Collection Set: 115.52ms
[3398.610s][info][gc,phases      ] GC(759)   Post Evacuate Collection Set: 0.92ms
[3398.610s][info][gc,phases      ] GC(759)   Other: 0.09ms
[3398.610s][info][gc,heap        ] GC(759) Eden regions: 1120->0(1109)
[3398.610s][info][gc,heap        ] GC(759) Survivor regions: 108->110(154)
[3398.610s][info][gc,heap        ] GC(759) Old regions: 504->536
[3398.610s][info][gc,heap        ] GC(759) Humongous regions: 80->80
[3398.610s][info][gc,metaspace   ] GC(759) Metaspace: 28915K(29312K)->28915K(29312K) NonClass: 24047K(24256K)->24047K(24256K) Class: 4868K(5056K)->4868K(5056K)
[3398.610s][info][gc             ] GC(759) Pause Young (Prepare Mixed) (G1 Evacuation Pause) 3621M->1449M(4096M) 117.497ms
[3398.610s][info][gc,cpu         ] GC(759) User=0.70s Sys=0.00s Real=0.11s
...[3401.684s][info][gc,start       ] GC(760) Pause Young (Mixed) (G1 Evacuation Pause)
[3401.684s][info][gc,task        ] GC(760) Using 6 workers of 6 for evacuation
[3401.822s][info][gc,phases      ] GC(760)   Pre Evacuate Collection Set: 0.35ms
[3401.822s][info][gc,phases      ] GC(760)   Merge Heap Roots: 0.72ms
[3401.822s][info][gc,phases      ] GC(760)   Evacuate Collection Set: 136.05ms
[3401.822s][info][gc,phases      ] GC(760)   Post Evacuate Collection Set: 0.93ms
[3401.822s][info][gc,phases      ] GC(760)   Other: 0.09ms
[3401.822s][info][gc,heap        ] GC(760) Eden regions: 1109->0(1116)
[3401.822s][info][gc,heap        ] GC(760) Survivor regions: 110->112(153)
[3401.822s][info][gc,heap        ] GC(760) Old regions: 536->470
[3401.822s][info][gc,heap        ] GC(760) Humongous regions: 80->80
[3401.822s][info][gc,metaspace   ] GC(760) Metaspace: 28915K(29312K)->28915K(29312K) NonClass: 24047K(24256K)->24047K(24256K) Class: 4868K(5056K)->4868K(5056K)
[3401.822s][info][gc             ] GC(760) Pause Young (Mixed) (G1 Evacuation Pause) 3667M->1322M(4096M) 138.259ms
[3401.822s][info][gc,cpu         ] GC(760) User=0.83s Sys=0.00s Real=0.14s
... (rIR:aIR:PR = 5812:5814:5814) (tPR = 86451) [OK] 
  3403s: Performance info:
         Transaction,    Success,    Partial,     Failed,   Receipts, AvgBarcode, 
             Overall,     350996,          0,          0,     333444,      59.47, 
         Response times:
             Request,    Success,    Partial,     Failed,   SkipFail,     Probes,    Samples,      min,      p50,      p90,      p95,      p99,      max, 
       TotalPurchase,     333444,          0,          0,          0,     328416,     394840,      300,     4700,    14600,    41000,   116000,   281000,
     InStorePurchase,     175490,          0,          0,          0,     172830,     207501,      300,     4800,    15000,    42000,   116000,   281000,
      OnlinePurchase,     122855,          0,          0,          0,     121166,     145431,      300,     4700,    14500,    41000,   117000,   281000,
        InstPurchase,      35099,          0,          0,          0,      34420,      41908,      400,     4100,    13100,    38000,   110910,   247000,
          AssocOfCat,        351,          0,          0,          0,        278,        421,    21000,    35000,    67000,    87000,   194900,   239000,
      AssocOfProduct,       3518,          0,          0,          0,       3259,       4145,      400,     3000,    11440,    34000,   101540,   181000,
      BusinessReport,        884,          0,          0,          0,        757,       1009,    26000,    38000,    76000,    99500,   192000,   278000,
          CustBuyBeh,       3492,          0,          0,          0,       3266,       4212,      200,     4600,    11070,    35000,   101000,   181000,
       ProductReturn,       9307,          0,          0,          0,       8919,      11058,      200,     4300,    13110,    39000,   111410,   255000,

  3403s: (43%)   IR =   5950 [3404.841s][info][gc,start       ] GC(761) Pause Young (Concurrent Start) (G1 Evacuation Pause)
[3404.841s][info][gc,task        ] GC(761) Using 6 workers of 6 for evacuation
[3404.960s][info][gc,phases      ] GC(761)   Pre Evacuate Collection Set: 0.33ms
[3404.960s][info][gc,phases      ] GC(761)   Merge Heap Roots: 0.47ms
[3404.960s][info][gc,phases      ] GC(761)   Evacuate Collection Set: 116.96ms
[3404.960s][info][gc,phases      ] GC(761)   Post Evacuate Collection Set: 0.91ms
[3404.960s][info][gc,phases      ] GC(761)   Other: 0.10ms
[3404.960s][info][gc,heap        ] GC(761) Eden regions: 1116->0(1119)
[3404.960s][info][gc,heap        ] GC(761) Survivor regions: 112->109(154)
[3404.960s][info][gc,heap        ] GC(761) Old regions: 470->503
[3404.960s][info][gc,heap        ] GC(761) Humongous regions: 80->80
[3404.960s][info][gc,metaspace   ] GC(761) Metaspace: 28915K(29312K)->28915K(29312K) NonClass: 24047K(24256K)->24047K(24256K) Class: 4868K(5056K)->4868K(5056K)
[3404.960s][info][gc             ] GC(761) Pause Young (Concurrent Start) (G1 Evacuation Pause) 3554M->1381M(4096M) 118.908ms
[3404.960s][info][gc             ] GC(762) Concurrent Mark Cycle
[3404.960s][info][gc,marking     ] GC(762) Concurrent Scan Root Regions
[3404.960s][info][gc,cpu         ] GC(761) User=0.71s Sys=0.00s Real=0.12s
.[3405.144s][info][gc,marking     ] GC(762) Concurrent Scan Root Regions 183.648ms
[3405.144s][info][gc,marking     ] GC(762) Concurrent Mark
[3405.144s][info][gc,marking     ] GC(762) Concurrent Mark From Roots
[3405.144s][info][gc,task        ] GC(762) Using 2 workers of 2 for marking
[3405.809s][info][gc,marking     ] GC(762) Concurrent Mark From Roots 665.208ms
[3405.809s][info][gc,marking     ] GC(762) Concurrent Preclean
[3405.809s][info][gc,marking     ] GC(762) Concurrent Preclean 0.091ms
[3405.811s][info][gc,start       ] GC(762) Pause Remark
[3405.815s][info][gc             ] GC(762) Pause Remark 2015M->2015M(4096M) 3.915ms
[3405.815s][info][gc,cpu         ] GC(762) User=0.02s Sys=0.00s Real=0.01s
[3405.815s][info][gc,marking     ] GC(762) Concurrent Mark 670.894ms
[3405.815s][info][gc,marking     ] GC(762) Concurrent Rebuild Remembered Sets and Scrub Regions
.[3406.105s][info][gc,marking     ] GC(762) Concurrent Rebuild Remembered Sets and Scrub Regions 290.547ms
[3406.105s][info][gc,start       ] GC(762) Pause Cleanup
[3406.105s][info][gc             ] GC(762) Pause Cleanup 2258M->2258M(4096M) 0.117ms
[3406.105s][info][gc,cpu         ] GC(762) User=0.00s Sys=0.00s Real=0.00s
[3406.106s][info][gc,marking     ] GC(762) Concurrent Clear Claimed Marks
[3406.106s][info][gc,marking     ] GC(762) Concurrent Clear Claimed Marks 0.039ms
[3406.106s][info][gc,marking     ] GC(762) Concurrent Cleanup for Next Mark
[3406.110s][info][gc,marking     ] GC(762) Concurrent Cleanup for Next Mark 4.087ms
[3406.110s][info][gc             ] GC(762) Concurrent Mark Cycle 1150.202ms
.[3408.027s][info][gc,start       ] GC(763) Pause Young (Prepare Mixed) (G1 Evacuation Pause)
[3408.027s][info][gc,task        ] GC(763) Using 6 workers of 6 for evacuation
[3408.142s][info][gc,phases      ] GC(763)   Pre Evacuate Collection Set: 0.33ms
[3408.142s][info][gc,phases      ] GC(763)   Merge Heap Roots: 0.51ms
[3408.142s][info][gc,phases      ] GC(763)   Evacuate Collection Set: 113.42ms
[3408.142s][info][gc,phases      ] GC(763)   Post Evacuate Collection Set: 0.91ms
[3408.142s][info][gc,phases      ] GC(763)   Other: 0.08ms
[3408.142s][info][gc,heap        ] GC(763) Eden regions: 1119->0(1115)
[3408.142s][info][gc,heap        ] GC(763) Survivor regions: 109->108(154)
[3408.142s][info][gc,heap        ] GC(763) Old regions: 503->534
[3408.142s][info][gc,heap        ] GC(763) Humongous regions: 80->80
[3408.142s][info][gc,metaspace   ] GC(763) Metaspace: 28915K(29312K)->28915K(29312K) NonClass: 24047K(24256K)->24047K(24256K) Class: 4868K(5056K)->4868K(5056K)
[3408.142s][info][gc             ] GC(763) Pause Young (Prepare Mixed) (G1 Evacuation Pause) 3619M->1442M(4096M) 115.375ms
[3408.142s][info][gc,cpu         ] GC(763) User=0.69s Sys=0.00s Real=0.12s
....[3411.211s][info][gc,start       ] GC(764) Pause Young (Mixed) (G1 Evacuation Pause)
[3411.211s][info][gc,task        ] GC(764) Using 6 workers of 6 for evacuation
[3411.347s][info][gc,phases      ] GC(764)   Pre Evacuate Collection Set: 0.33ms
[3411.347s][info][gc,phases      ] GC(764)   Merge Heap Roots: 0.69ms
[3411.347s][info][gc,phases      ] GC(764)   Evacuate Collection Set: 133.63ms
[3411.347s][info][gc,phases      ] GC(764)   Post Evacuate Collection Set: 0.94ms
[3411.347s][info][gc,phases      ] GC(764)   Other: 0.08ms
[3411.347s][info][gc,heap        ] GC(764) Eden regions: 1115->0(1117)
[3411.347s][info][gc,heap        ] GC(764) Survivor regions: 108->111(153)
[3411.347s][info][gc,heap        ] GC(764) Old regions: 534->472
[3411.347s][info][gc,heap        ] GC(764) Humongous regions: 80->80
[3411.347s][info][gc,metaspace   ] GC(764) Metaspace: 28915K(29312K)->28915K(29312K) NonClass: 24047K(24256K)->24047K(24256K) Class: 4868K(5056K)->4868K(5056K)
[3411.347s][info][gc             ] GC(764) Pause Young (Mixed) (G1 Evacuation Pause) 3672M->1323M(4096M) 135.804ms
[3411.347s][info][gc,cpu         ] GC(764) User=0.81s Sys=0.00s Real=0.14s
...[3414.352s][info][gc,start       ] GC(765) Pause Young (Concurrent Start) (G1 Evacuation Pause)
[3414.352s][info][gc,task        ] GC(765) Using 6 workers of 6 for evacuation
[3414.469s][info][gc,phases      ] GC(765)   Pre Evacuate Collection Set: 0.33ms
[3414.469s][info][gc,phases      ] GC(765)   Merge Heap Roots: 0.45ms
[3414.469s][info][gc,phases      ] GC(765)   Evacuate Collection Set: 115.69ms
[3414.469s][info][gc,phases      ] GC(765)   Post Evacuate Collection Set: 0.84ms
[3414.469s][info][gc,phases      ] GC(765)   Other: 0.12ms
[3414.469s][info][gc,heap        ] GC(765) Eden regions: 1117->0(1118)
[3414.469s][info][gc,heap        ] GC(765) Survivor regions: 111->110(154)
[3414.469s][info][gc,heap        ] GC(765) Old regions: 472->504
[3414.469s][info][gc,heap        ] GC(765) Humongous regions: 80->80
[3414.469s][info][gc,metaspace   ] GC(765) Metaspace: 28915K(29312K)->28915K(29312K) NonClass: 24047K(24256K)->24047K(24256K) Class: 4868K(5056K)->4868K(5056K)
[3414.470s][info][gc             ] GC(765) Pause Young (Concurrent Start) (G1 Evacuation Pause) 3557M->1385M(4096M) 117.580ms
[3414.470s][info][gc             ] GC(766) Concurrent Mark Cycle
[3414.470s][info][gc,marking     ] GC(766) Concurrent Scan Root Regions
[3414.470s][info][gc,cpu         ] GC(765) User=0.70s Sys=0.00s Real=0.11s
[3414.613s][info][gc,marking     ] GC(766) Concurrent Scan Root Regions 143.370ms
[3414.613s][info][gc,marking     ] GC(766) Concurrent Mark
[3414.613s][info][gc,marking     ] GC(766) Concurrent Mark From Roots
[3414.613s][info][gc,task        ] GC(766) Using 2 workers of 2 for marking
.[3415.475s][info][gc,marking     ] GC(766) Concurrent Mark From Roots 861.541ms
[3415.475s][info][gc,marking     ] GC(766) Concurrent Preclean
[3415.475s][info][gc,marking     ] GC(766) Concurrent Preclean 0.111ms
[3415.475s][info][gc,start       ] GC(766) Pause Remark
[3415.481s][info][gc             ] GC(766) Pause Remark 2214M->2214M(4096M) 6.022ms
[3415.481s][info][gc,cpu         ] GC(766) User=0.03s Sys=0.00s Real=0.00s
[3415.481s][info][gc,marking     ] GC(766) Concurrent Mark 868.036ms
[3415.481s][info][gc,marking     ] GC(766) Concurrent Rebuild Remembered Sets and Scrub Regions
[3415.766s][info][gc,marking     ] GC(766) Concurrent Rebuild Remembered Sets and Scrub Regions 284.488ms
[3415.766s][info][gc,start       ] GC(766) Pause Cleanup
[3415.766s][info][gc             ] GC(766) Pause Cleanup 2417M->2417M(4096M) 0.114ms
[3415.766s][info][gc,cpu         ] GC(766) User=0.00s Sys=0.00s Real=0.00s
[3415.766s][info][gc,marking     ] GC(766) Concurrent Clear Claimed Marks
[3415.766s][info][gc,marking     ] GC(766) Concurrent Clear Claimed Marks 0.024ms
[3415.766s][info][gc,marking     ] GC(766) Concurrent Cleanup for Next Mark
[3415.770s][info][gc,marking     ] GC(766) Concurrent Cleanup for Next Mark 4.420ms
[3415.770s][info][gc             ] GC(766) Concurrent Mark Cycle 1300.795ms
..[3417.516s][info][gc,start       ] GC(767) Pause Young (Prepare Mixed) (G1 Evacuation Pause)
[3417.516s][info][gc,task        ] GC(767) Using 6 workers of 6 for evacuation
[3417.632s][info][gc,phases      ] GC(767)   Pre Evacuate Collection Set: 0.32ms
[3417.632s][info][gc,phases      ] GC(767)   Merge Heap Roots: 0.49ms
[3417.632s][info][gc,phases      ] GC(767)   Evacuate Collection Set: 114.06ms
[3417.632s][info][gc,phases      ] GC(767)   Post Evacuate Collection Set: 0.91ms
[3417.632s][info][gc,phases      ] GC(767)   Other: 0.09ms
[3417.632s][info][gc,heap        ] GC(767) Eden regions: 1118->0(1113)
[3417.632s][info][gc,heap        ] GC(767) Survivor regions: 110->108(154)
[3417.632s][info][gc,heap        ] GC(767) Old regions: 504->536
[3417.632s][info][gc,heap        ] GC(767) Humongous regions: 80->80
[3417.632s][info][gc,metaspace   ] GC(767) Metaspace: 28915K(29312K)->28915K(29312K) NonClass: 24047K(24256K)->24047K(24256K) Class: 4868K(5056K)->4868K(5056K)
[3417.632s][info][gc             ] GC(767) Pause Young (Prepare Mixed) (G1 Evacuation Pause) 3621M->1447M(4096M) 116.016ms
[3417.632s][info][gc,cpu         ] GC(767) User=0.69s Sys=0.00s Real=0.12s
...|[3420.611s][info][gc,start       ] GC(768) Pause Young (Mixed) (G1 Evacuation Pause)
[3420.611s][info][gc,task        ] GC(768) Using 6 workers of 6 for evacuation
[3420.743s][info][gc,phases      ] GC(768)   Pre Evacuate Collection Set: 0.36ms
[3420.743s][info][gc,phases      ] GC(768)   Merge Heap Roots: 0.66ms
[3420.743s][info][gc,phases      ] GC(768)   Evacuate Collection Set: 129.88ms
[3420.743s][info][gc,phases      ] GC(768)   Post Evacuate Collection Set: 0.94ms
[3420.743s][info][gc,phases      ] GC(768)   Other: 0.09ms
[3420.743s][info][gc,heap        ] GC(768) Eden regions: 1113->0(1120)
[3420.743s][info][gc,heap        ] GC(768) Survivor regions: 108->108(153)
[3420.743s][info][gc,heap        ] GC(768) Old regions: 536->472
[3420.743s][info][gc,heap        ] GC(768) Humongous regions: 80->80
[3420.743s][info][gc,metaspace   ] GC(768) Metaspace: 28915K(29312K)->28915K(29312K) NonClass: 24047K(24256K)->24047K(24256K) Class: 4868K(5056K)->4868K(5056K)
[3420.743s][info][gc             ] GC(768) Pause Young (Mixed) (G1 Evacuation Pause) 3673M->1318M(4096M) 132.067ms
[3420.743s][info][gc,cpu         ] GC(768) User=0.79s Sys=0.00s Real=0.14s
...[3423.779s][info][gc,start       ] GC(769) Pause Young (Concurrent Start) (G1 Evacuation Pause)
[3423.779s][info][gc,task        ] GC(769) Using 6 workers of 6 for evacuation
[3423.897s][info][gc,phases      ] GC(769)   Pre Evacuate Collection Set: 0.35ms
[3423.897s][info][gc,phases      ] GC(769)   Merge Heap Roots: 0.49ms
[3423.897s][info][gc,phases      ] GC(769)   Evacuate Collection Set: 116.70ms
[3423.897s][info][gc,phases      ] GC(769)   Post Evacuate Collection Set: 0.86ms
[3423.897s][info][gc,phases      ] GC(769)   Other: 0.12ms
[3423.897s][info][gc,heap        ] GC(769) Eden regions: 1120->0(1117)
[3423.897s][info][gc,heap        ] GC(769) Survivor regions: 108->111(154)
[3423.897s][info][gc,heap        ] GC(769) Old regions: 472->504
[3423.897s][info][gc,heap        ] GC(769) Humongous regions: 80->80
[3423.897s][info][gc,metaspace   ] GC(769) Metaspace: 28915K(29312K)->28915K(29312K) NonClass: 24047K(24256K)->24047K(24256K) Class: 4868K(5056K)->4868K(5056K)
[3423.897s][info][gc             ] GC(769) Pause Young (Concurrent Start) (G1 Evacuation Pause) 3558M->1387M(4096M) 118.649ms
[3423.897s][info][gc             ] GC(770) Concurrent Mark Cycle
[3423.897s][info][gc,marking     ] GC(770) Concurrent Scan Root Regions
[3423.897s][info][gc,cpu         ] GC(769) User=0.70s Sys=0.00s Real=0.12s
[3424.082s][info][gc,marking     ] GC(770) Concurrent Scan Root Regions 184.126ms
[3424.082s][info][gc,marking     ] GC(770) Concurrent Mark
[3424.082s][info][gc,marking     ] GC(770) Concurrent Mark From Roots
[3424.082s][info][gc,task        ] GC(770) Using 2 workers of 2 for marking
.[3424.876s][info][gc,marking     ] GC(770) Concurrent Mark From Roots 793.968ms
[3424.876s][info][gc,marking     ] GC(770) Concurrent Preclean
[3424.876s][info][gc,marking     ] GC(770) Concurrent Preclean 0.101ms
[3424.876s][info][gc,start       ] GC(770) Pause Remark
[3424.881s][info][gc             ] GC(770) Pause Remark 2128M->2128M(4096M) 5.101ms
[3424.881s][info][gc,cpu         ] GC(770) User=0.03s Sys=0.00s Real=0.00s
[3424.881s][info][gc,marking     ] GC(770) Concurrent Mark 799.398ms
[3424.881s][info][gc,marking     ] GC(770) Concurrent Rebuild Remembered Sets and Scrub Regions
.[3425.197s][info][gc,marking     ] GC(770) Concurrent Rebuild Remembered Sets and Scrub Regions 315.494ms
[3425.198s][info][gc,start       ] GC(770) Pause Cleanup
[3425.198s][info][gc             ] GC(770) Pause Cleanup 2315M->2315M(4096M) 0.124ms
[3425.198s][info][gc,cpu         ] GC(770) User=0.00s Sys=0.00s Real=0.00s
[3425.198s][info][gc,marking     ] GC(770) Concurrent Clear Claimed Marks
[3425.198s][info][gc,marking     ] GC(770) Concurrent Clear Claimed Marks 0.036ms
[3425.198s][info][gc,marking     ] GC(770) Concurrent Cleanup for Next Mark
[3425.202s][info][gc,marking     ] GC(770) Concurrent Cleanup for Next Mark 3.785ms
[3425.202s][info][gc             ] GC(770) Concurrent Mark Cycle 1304.606ms
.[3427.010s][info][gc,start       ] GC(771) Pause Young (Prepare Mixed) (G1 Evacuation Pause)
[3427.010s][info][gc,task        ] GC(771) Using 6 workers of 6 for evacuation
[3427.131s][info][gc,phases      ] GC(771)   Pre Evacuate Collection Set: 0.31ms
[3427.131s][info][gc,phases      ] GC(771)   Merge Heap Roots: 0.48ms
[3427.131s][info][gc,phases      ] GC(771)   Evacuate Collection Set: 119.31ms
[3427.131s][info][gc,phases      ] GC(771)   Post Evacuate Collection Set: 0.89ms
[3427.131s][info][gc,phases      ] GC(771)   Other: 0.09ms
[3427.131s][info][gc,heap        ] GC(771) Eden regions: 1117->0(1106)
[3427.131s][info][gc,heap        ] GC(771) Survivor regions: 111->112(154)
[3427.131s][info][gc,heap        ] GC(771) Old regions: 504->535
[3427.131s][info][gc,heap        ] GC(771) Humongous regions: 80->80
[3427.131s][info][gc,metaspace   ] GC(771) Metaspace: 28915K(29312K)->28915K(29312K) NonClass: 24047K(24256K)->24047K(24256K) Class: 4868K(5056K)->4868K(5056K)
[3427.131s][info][gc             ] GC(771) Pause Young (Prepare Mixed) (G1 Evacuation Pause) 3621M->1453M(4096M) 121.214ms
[3427.131s][info][gc,cpu         ] GC(771) User=0.72s Sys=0.00s Real=0.12s
...[3430.116s][info][gc,start       ] GC(772) Pause Young (Mixed) (G1 Evacuation Pause)
[3430.116s][info][gc,task        ] GC(772) Using 6 workers of 6 for evacuation
[3430.246s][info][gc,phases      ] GC(772)   Pre Evacuate Collection Set: 0.33ms
[3430.246s][info][gc,phases      ] GC(772)   Merge Heap Roots: 0.63ms
[3430.246s][info][gc,phases      ] GC(772)   Evacuate Collection Set: 127.87ms
[3430.246s][info][gc,phases      ] GC(772)   Post Evacuate Collection Set: 0.98ms
[3430.246s][info][gc,phases      ] GC(772)   Other: 0.09ms
[3430.246s][info][gc,heap        ] GC(772) Eden regions: 1106->0(1121)
[3430.246s][info][gc,heap        ] GC(772) Survivor regions: 112->107(153)
[3430.246s][info][gc,heap        ] GC(772) Old regions: 535->472
[3430.246s][info][gc,heap        ] GC(772) Humongous regions: 80->80
[3430.246s][info][gc,metaspace   ] GC(772) Metaspace: 28915K(29312K)->28915K(29312K) NonClass: 24047K(24256K)->24047K(24256K) Class: 4868K(5056K)->4868K(5056K)
[3430.246s][info][gc             ] GC(772) Pause Young (Mixed) (G1 Evacuation Pause) 3665M->1316M(4096M) 130.055ms
[3430.246s][info][gc,cpu         ] GC(772) User=0.77s Sys=0.00s Real=0.13s
...[3433.252s][info][gc,start       ] GC(773) Pause Young (Concurrent Start) (G1 Evacuation Pause)
[3433.252s][info][gc,task        ] GC(773) Using 6 workers of 6 for evacuation
[3433.367s][info][gc,phases      ] GC(773)   Pre Evacuate Collection Set: 0.33ms
[3433.367s][info][gc,phases      ] GC(773)   Merge Heap Roots: 0.46ms
[3433.367s][info][gc,phases      ] GC(773)   Evacuate Collection Set: 113.67ms
[3433.367s][info][gc,phases      ] GC(773)   Post Evacuate Collection Set: 0.91ms
[3433.367s][info][gc,phases      ] GC(773)   Other: 0.11ms
[3433.367s][info][gc,heap        ] GC(773) Eden regions: 1121->0(1121)
[3433.367s][info][gc,heap        ] GC(773) Survivor regions: 107->107(154)
[3433.367s][info][gc,heap        ] GC(773) Old regions: 472->504
[3433.367s][info][gc,heap        ] GC(773) Humongous regions: 80->80
[3433.367s][info][gc,metaspace   ] GC(773) Metaspace: 28915K(29312K)->28915K(29312K) NonClass: 24047K(24256K)->24047K(24256K) Class: 4868K(5056K)->4868K(5056K)
[3433.367s][info][gc             ] GC(773) Pause Young (Concurrent Start) (G1 Evacuation Pause) 3558M->1381M(4096M) 115.610ms
[3433.367s][info][gc             ] GC(774) Concurrent Mark Cycle
[3433.367s][info][gc,marking     ] GC(774) Concurrent Scan Root Regions
[3433.367s][info][gc,cpu         ] GC(773) User=0.69s Sys=0.00s Real=0.11s
.[3433.561s][info][gc,marking     ] GC(774) Concurrent Scan Root Regions 193.481ms
[3433.561s][info][gc,marking     ] GC(774) Concurrent Mark
[3433.561s][info][gc,marking     ] GC(774) Concurrent Mark From Roots
[3433.561s][info][gc,task        ] GC(774) Using 2 workers of 2 for marking
.[3434.504s][info][gc,marking     ] GC(774) Concurrent Mark From Roots 942.724ms
[3434.504s][info][gc,marking     ] GC(774) Concurrent Preclean
[3434.504s][info][gc,marking     ] GC(774) Concurrent Preclean 0.103ms
[3434.504s][info][gc,start       ] GC(774) Pause Remark
[3434.510s][info][gc             ] GC(774) Pause Remark 2239M->2239M(4096M) 5.903ms
[3434.510s][info][gc,cpu         ] GC(774) User=0.03s Sys=0.00s Real=0.00s
[3434.510s][info][gc,marking     ] GC(774) Concurrent Mark 948.990ms
[3434.510s][info][gc,marking     ] GC(774) Concurrent Rebuild Remembered Sets and Scrub Regions
[3434.863s][info][gc,marking     ] GC(774) Concurrent Rebuild Remembered Sets and Scrub Regions 353.554ms
[3434.864s][info][gc,start       ] GC(774) Pause Cleanup
[3434.864s][info][gc             ] GC(774) Pause Cleanup 2493M->2493M(4096M) 0.107ms
[3434.864s][info][gc,cpu         ] GC(774) User=0.00s Sys=0.00s Real=0.00s
[3434.864s][info][gc,marking     ] GC(774) Concurrent Clear Claimed Marks
[3434.864s][info][gc,marking     ] GC(774) Concurrent Clear Claimed Marks 0.034ms
[3434.864s][info][gc,marking     ] GC(774) Concurrent Cleanup for Next Mark
[3434.868s][info][gc,marking     ] GC(774) Concurrent Cleanup for Next Mark 4.483ms
[3434.868s][info][gc             ] GC(774) Concurrent Mark Cycle 1501.008ms
..[3436.497s][info][gc,start       ] GC(775) Pause Young (Prepare Mixed) (G1 Evacuation Pause)
[3436.497s][info][gc,task        ] GC(775) Using 6 workers of 6 for evacuation
[3436.617s][info][gc,phases      ] GC(775)   Pre Evacuate Collection Set: 0.30ms
[3436.617s][info][gc,phases      ] GC(775)   Merge Heap Roots: 0.52ms
[3436.617s][info][gc,phases      ] GC(775)   Evacuate Collection Set: 117.65ms
[3436.617s][info][gc,phases      ] GC(775)   Post Evacuate Collection Set: 0.91ms
[3436.617s][info][gc,phases      ] GC(775)   Other: 0.09ms
[3436.617s][info][gc,heap        ] GC(775) Eden regions: 1121->0(1106)
[3436.617s][info][gc,heap        ] GC(775) Survivor regions: 107->112(154)
[3436.617s][info][gc,heap        ] GC(775) Old regions: 504->535
[3436.617s][info][gc,heap        ] GC(775) Humongous regions: 80->80
[3436.617s][info][gc,metaspace   ] GC(775) Metaspace: 28915K(29312K)->28915K(29312K) NonClass: 24047K(24256K)->24047K(24256K) Class: 4868K(5056K)->4868K(5056K)
[3436.617s][info][gc             ] GC(775) Pause Young (Prepare Mixed) (G1 Evacuation Pause) 3623M->1452M(4096M) 119.613ms
[3436.617s][info][gc,cpu         ] GC(775) User=0.72s Sys=0.00s Real=0.12s
...[3439.583s][info][gc,start       ] GC(776) Pause Young (Mixed) (G1 Evacuation Pause)
[3439.583s][info][gc,task        ] GC(776) Using 6 workers of 6 for evacuation
[3439.719s][info][gc,phases      ] GC(776)   Pre Evacuate Collection Set: 0.33ms
[3439.719s][info][gc,phases      ] GC(776)   Merge Heap Roots: 0.67ms
[3439.719s][info][gc,phases      ] GC(776)   Evacuate Collection Set: 133.87ms
[3439.719s][info][gc,phases      ] GC(776)   Post Evacuate Collection Set: 0.93ms
[3439.719s][info][gc,phases      ] GC(776)   Other: 0.09ms
[3439.719s][info][gc,heap        ] GC(776) Eden regions: 1106->0(1117)
[3439.719s][info][gc,heap        ] GC(776) Survivor regions: 112->111(153)
[3439.719s][info][gc,heap        ] GC(776) Old regions: 535->471
[3439.719s][info][gc,heap        ] GC(776) Humongous regions: 80->80
[3439.719s][info][gc,metaspace   ] GC(776) Metaspace: 28917K(29312K)->28917K(29312K) NonClass: 24049K(24256K)->24049K(24256K) Class: 4868K(5056K)->4868K(5056K)
[3439.719s][info][gc             ] GC(776) Pause Young (Mixed) (G1 Evacuation Pause) 3664M->1322M(4096M) 136.030ms
[3439.719s][info][gc,cpu         ] GC(776) User=0.81s Sys=0.00s Real=0.13s
...[3442.759s][info][gc,start       ] GC(777) Pause Young (Concurrent Start) (G1 Evacuation Pause)
[3442.759s][info][gc,task        ] GC(777) Using 6 workers of 6 for evacuation
[3442.886s][info][gc,phases      ] GC(777)   Pre Evacuate Collection Set: 0.34ms
[3442.886s][info][gc,phases      ] GC(777)   Merge Heap Roots: 0.46ms
[3442.886s][info][gc,phases      ] GC(777)   Evacuate Collection Set: 124.26ms
[3442.886s][info][gc,phases      ] GC(777)   Post Evacuate Collection Set: 0.89ms
[3442.886s][info][gc,phases      ] GC(777)   Other: 0.13ms
[3442.886s][info][gc,heap        ] GC(777) Eden regions: 1117->0(1113)
[3442.886s][info][gc,heap        ] GC(777) Survivor regions: 111->115(154)
[3442.886s][info][gc,heap        ] GC(777) Old regions: 471->504
[3442.886s][info][gc,heap        ] GC(777) Humongous regions: 80->80
[3442.886s][info][gc,metaspace   ] GC(777) Metaspace: 28917K(29312K)->28917K(29312K) NonClass: 24049K(24256K)->24049K(24256K) Class: 4868K(5056K)->4868K(5056K)
[3442.886s][info][gc             ] GC(777) Pause Young (Concurrent Start) (G1 Evacuation Pause) 3556M->1396M(4096M) 126.237ms
[3442.886s][info][gc             ] GC(778) Concurrent Mark Cycle
[3442.886s][info][gc,marking     ] GC(778) Concurrent Scan Root Regions
[3442.886s][info][gc,cpu         ] GC(777) User=0.75s Sys=0.00s Real=0.13s
[3443.088s][info][gc,marking     ] GC(778) Concurrent Scan Root Regions 202.106ms
[3443.088s][info][gc,marking     ] GC(778) Concurrent Mark
[3443.088s][info][gc,marking     ] GC(778) Concurrent Mark From Roots
[3443.088s][info][gc,task        ] GC(778) Using 2 workers of 2 for marking
.[3443.775s][info][gc,marking     ] GC(778) Concurrent Mark From Roots 687.410ms
[3443.775s][info][gc,marking     ] GC(778) Concurrent Preclean
[3443.775s][info][gc,marking     ] GC(778) Concurrent Preclean 0.069ms
[3443.776s][info][gc,start       ] GC(778) Pause Remark
[3443.780s][info][gc             ] GC(778) Pause Remark 2115M->2115M(4096M) 4.327ms
[3443.780s][info][gc,cpu         ] GC(778) User=0.02s Sys=0.00s Real=0.00s
[3443.780s][info][gc,marking     ] GC(778) Concurrent Mark 692.057ms
[3443.780s][info][gc,marking     ] GC(778) Concurrent Rebuild Remembered Sets and Scrub Regions
[3444.126s][info][gc,marking     ] GC(778) Concurrent Rebuild Remembered Sets and Scrub Regions 346.216ms
[3444.127s][info][gc,start       ] GC(778) Pause Cleanup
[3444.127s][info][gc             ] GC(778) Pause Cleanup 2366M->2366M(4096M) 0.113ms
[3444.127s][info][gc,cpu         ] GC(778) User=0.00s Sys=0.00s Real=0.00s
[3444.127s][info][gc,marking     ] GC(778) Concurrent Clear Claimed Marks
[3444.127s][info][gc,marking     ] GC(778) Concurrent Clear Claimed Marks 0.027ms
[3444.127s][info][gc,marking     ] GC(778) Concurrent Cleanup for Next Mark
[3444.131s][info][gc,marking     ] GC(778) Concurrent Cleanup for Next Mark 3.827ms
[3444.131s][info][gc             ] GC(778) Concurrent Mark Cycle 1245.126ms
..[3445.891s][info][gc,start       ] GC(779) Pause Young (Prepare Mixed) (G1 Evacuation Pause)
[3445.891s][info][gc,task        ] GC(779) Using 6 workers of 6 for evacuation
[3446.009s][info][gc,phases      ] GC(779)   Pre Evacuate Collection Set: 0.34ms
[3446.009s][info][gc,phases      ] GC(779)   Merge Heap Roots: 0.51ms
[3446.009s][info][gc,phases      ] GC(779)   Evacuate Collection Set: 115.63ms
[3446.009s][info][gc,phases      ] GC(779)   Post Evacuate Collection Set: 0.90ms
[3446.009s][info][gc,phases      ] GC(779)   Other: 0.09ms
[3446.009s][info][gc,heap        ] GC(779) Eden regions: 1113->0(1112)
[3446.009s][info][gc,heap        ] GC(779) Survivor regions: 115->109(154)
[3446.009s][info][gc,heap        ] GC(779) Old regions: 504->535
[3446.009s][info][gc,heap        ] GC(779) Humongous regions: 80->80
[3446.009s][info][gc,metaspace   ] GC(779) Metaspace: 28917K(29312K)->28917K(29312K) NonClass: 24049K(24256K)->24049K(24256K) Class: 4868K(5056K)->4868K(5056K)
[3446.009s][info][gc             ] GC(779) Pause Young (Prepare Mixed) (G1 Evacuation Pause) 3622M->1447M(4096M) 117.588ms
[3446.009s][info][gc,cpu         ] GC(779) User=0.70s Sys=0.00s Real=0.12s
...[3449.083s][info][gc,start       ] GC(780) Pause Young (Mixed) (G1 Evacuation Pause)
[3449.083s][info][gc,task        ] GC(780) Using 6 workers of 6 for evacuation
[3449.210s][info][gc,phases      ] GC(780)   Pre Evacuate Collection Set: 0.38ms
[3449.210s][info][gc,phases      ] GC(780)   Merge Heap Roots: 0.56ms
[3449.210s][info][gc,phases      ] GC(780)   Evacuate Collection Set: 125.06ms
[3449.210s][info][gc,phases      ] GC(780)   Post Evacuate Collection Set: 0.92ms
[3449.210s][info][gc,phases      ] GC(780)   Other: 0.09ms
[3449.210s][info][gc,heap        ] GC(780) Eden regions: 1112->0(1121)
[3449.210s][info][gc,heap        ] GC(780) Survivor regions: 109->107(153)
[3449.210s][info][gc,heap        ] GC(780) Old regions: 535->471
[3449.210s][info][gc,heap        ] GC(780) Humongous regions: 80->80
[3449.210s][info][gc,metaspace   ] GC(780) Metaspace: 28917K(29312K)->28917K(29312K) NonClass: 24049K(24256K)->24049K(24256K) Class: 4868K(5056K)->4868K(5056K)
[3449.210s][info][gc             ] GC(780) Pause Young (Mixed) (G1 Evacuation Pause) 3671M->1314M(4096M) 127.138ms
[3449.210s][info][gc,cpu         ] GC(780) User=0.75s Sys=0.00s Real=0.12s
...[3452.189s][info][gc,start       ] GC(781) Pause Young (Concurrent Start) (G1 Evacuation Pause)
[3452.189s][info][gc,task        ] GC(781) Using 6 workers of 6 for evacuation
[3452.303s][info][gc,phases      ] GC(781)   Pre Evacuate Collection Set: 0.38ms
[3452.303s][info][gc,phases      ] GC(781)   Merge Heap Roots: 0.44ms
[3452.303s][info][gc,phases      ] GC(781)   Evacuate Collection Set: 112.37ms
[3452.303s][info][gc,phases      ] GC(781)   Post Evacuate Collection Set: 0.88ms
[3452.303s][info][gc,phases      ] GC(781)   Other: 0.11ms
[3452.303s][info][gc,heap        ] GC(781) Eden regions: 1121->0(1120)
[3452.303s][info][gc,heap        ] GC(781) Survivor regions: 107->108(154)
[3452.303s][info][gc,heap        ] GC(781) Old regions: 471->503
[3452.303s][info][gc,heap        ] GC(781) Humongous regions: 80->80
[3452.303s][info][gc,metaspace   ] GC(781) Metaspace: 28917K(29312K)->28917K(29312K) NonClass: 24049K(24256K)->24049K(24256K) Class: 4868K(5056K)->4868K(5056K)
[3452.303s][info][gc             ] GC(781) Pause Young (Concurrent Start) (G1 Evacuation Pause) 3556M->1379M(4096M) 114.325ms
[3452.303s][info][gc             ] GC(782) Concurrent Mark Cycle
[3452.303s][info][gc,marking     ] GC(782) Concurrent Scan Root Regions
[3452.303s][info][gc,cpu         ] GC(781) User=0.68s Sys=0.00s Real=0.12s
[3452.444s][info][gc,marking     ] GC(782) Concurrent Scan Root Regions 140.505ms
[3452.444s][info][gc,marking     ] GC(782) Concurrent Mark
[3452.444s][info][gc,marking     ] GC(782) Concurrent Mark From Roots
[3452.444s][info][gc,task        ] GC(782) Using 2 workers of 2 for marking
.[3453.131s][info][gc,marking     ] GC(782) Concurrent Mark From Roots 686.956ms
[3453.131s][info][gc,marking     ] GC(782) Concurrent Preclean
[3453.131s][info][gc,marking     ] GC(782) Concurrent Preclean 0.126ms
[3453.131s][info][gc,start       ] GC(782) Pause Remark
[3453.135s][info][gc             ] GC(782) Pause Remark 2023M->2023M(4096M) 3.631ms
[3453.135s][info][gc,cpu         ] GC(782) User=0.02s Sys=0.00s Real=0.01s
[3453.135s][info][gc,marking     ] GC(782) Concurrent Mark 691.590ms
[3453.135s][info][gc,marking     ] GC(782) Concurrent Rebuild Remembered Sets and Scrub Regions
[3453.378s][info][gc,marking     ] GC(782) Concurrent Rebuild Remembered Sets and Scrub Regions 243.035ms
[3453.379s][info][gc,start       ] GC(782) Pause Cleanup
[3453.379s][info][gc             ] GC(782) Pause Cleanup 2197M->2197M(4096M) 0.125ms
[3453.379s][info][gc,cpu         ] GC(782) User=0.00s Sys=0.00s Real=0.00s
[3453.379s][info][gc,marking     ] GC(782) Concurrent Clear Claimed Marks
[3453.379s][info][gc,marking     ] GC(782) Concurrent Clear Claimed Marks 0.036ms
[3453.379s][info][gc,marking     ] GC(782) Concurrent Cleanup for Next Mark
[3453.384s][info][gc,marking     ] GC(782) Concurrent Cleanup for Next Mark 5.134ms
[3453.384s][info][gc             ] GC(782) Concurrent Mark Cycle 1081.075ms
..[3455.372s][info][gc,start       ] GC(783) Pause Young (Prepare Mixed) (G1 Evacuation Pause)
[3455.372s][info][gc,task        ] GC(783) Using 6 workers of 6 for evacuation
[3455.492s][info][gc,phases      ] GC(783)   Pre Evacuate Collection Set: 0.28ms
[3455.492s][info][gc,phases      ] GC(783)   Merge Heap Roots: 0.52ms
[3455.492s][info][gc,phases      ] GC(783)   Evacuate Collection Set: 118.12ms
[3455.492s][info][gc,phases      ] GC(783)   Post Evacuate Collection Set: 0.91ms
[3455.492s][info][gc,phases      ] GC(783)   Other: 0.09ms
[3455.492s][info][gc,heap        ] GC(783) Eden regions: 1120->0(1109)
[3455.492s][info][gc,heap        ] GC(783) Survivor regions: 108->111(154)
[3455.492s][info][gc,heap        ] GC(783) Old regions: 503->534
[3455.492s][info][gc,heap        ] GC(783) Humongous regions: 80->80
[3455.492s][info][gc,metaspace   ] GC(783) Metaspace: 28917K(29312K)->28917K(29312K) NonClass: 24049K(24256K)->24049K(24256K) Class: 4868K(5056K)->4868K(5056K)
[3455.492s][info][gc             ] GC(783) Pause Young (Prepare Mixed) (G1 Evacuation Pause) 3619M->1449M(4096M) 120.057ms
[3455.492s][info][gc,cpu         ] GC(783) User=0.71s Sys=0.00s Real=0.12s
....[3458.510s][info][gc,start       ] GC(784) Pause Young (Mixed) (G1 Evacuation Pause)
[3458.511s][info][gc,task        ] GC(784) Using 6 workers of 6 for evacuation
[3458.647s][info][gc,phases      ] GC(784)   Pre Evacuate Collection Set: 0.36ms
[3458.647s][info][gc,phases      ] GC(784)   Merge Heap Roots: 0.68ms
[3458.647s][info][gc,phases      ] GC(784)   Evacuate Collection Set: 134.52ms
[3458.647s][info][gc,phases      ] GC(784)   Post Evacuate Collection Set: 0.99ms
[3458.647s][info][gc,phases      ] GC(784)   Other: 0.09ms
[3458.647s][info][gc,heap        ] GC(784) Eden regions: 1109->0(1116)
[3458.647s][info][gc,heap        ] GC(784) Survivor regions: 111->112(153)
[3458.647s][info][gc,heap        ] GC(784) Old regions: 534->471
[3458.647s][info][gc,heap        ] GC(784) Humongous regions: 80->80
[3458.647s][info][gc,metaspace   ] GC(784) Metaspace: 28917K(29312K)->28917K(29312K) NonClass: 24049K(24256K)->24049K(24256K) Class: 4868K(5056K)->4868K(5056K)
[3458.647s][info][gc             ] GC(784) Pause Young (Mixed) (G1 Evacuation Pause) 3667M->1324M(4096M) 136.778ms
[3458.647s][info][gc,cpu         ] GC(784) User=0.82s Sys=0.00s Real=0.14s
...[3461.673s][info][gc,start       ] GC(785) Pause Young (Concurrent Start) (G1 Evacuation Pause)
[3461.673s][info][gc,task        ] GC(785) Using 6 workers of 6 for evacuation
[3461.799s][info][gc,phases      ] GC(785)   Pre Evacuate Collection Set: 0.35ms
[3461.799s][info][gc,phases      ] GC(785)   Merge Heap Roots: 0.46ms
[3461.799s][info][gc,phases      ] GC(785)   Evacuate Collection Set: 124.20ms
[3461.799s][info][gc,phases      ] GC(785)   Post Evacuate Collection Set: 0.75ms
[3461.799s][info][gc,phases      ] GC(785)   Other: 0.11ms
[3461.799s][info][gc,heap        ] GC(785) Eden regions: 1116->0(1114)
[3461.799s][info][gc,heap        ] GC(785) Survivor regions: 112->114(154)
[3461.799s][info][gc,heap        ] GC(785) Old regions: 471->504
[3461.799s][info][gc,heap        ] GC(785) Humongous regions: 80->80
[3461.799s][info][gc,metaspace   ] GC(785) Metaspace: 28917K(29312K)->28917K(29312K) NonClass: 24049K(24256K)->24049K(24256K) Class: 4868K(5056K)->4868K(5056K)
[3461.799s][info][gc             ] GC(785) Pause Young (Concurrent Start) (G1 Evacuation Pause) 3556M->1394M(4096M) 125.996ms
[3461.799s][info][gc             ] GC(786) Concurrent Mark Cycle
[3461.799s][info][gc,marking     ] GC(786) Concurrent Scan Root Regions
[3461.799s][info][gc,cpu         ] GC(785) User=0.75s Sys=0.00s Real=0.12s
[3461.951s][info][gc,marking     ] GC(786) Concurrent Scan Root Regions 151.694ms
[3461.951s][info][gc,marking     ] GC(786) Concurrent Mark
[3461.951s][info][gc,marking     ] GC(786) Concurrent Mark From Roots
[3461.951s][info][gc,task        ] GC(786) Using 2 workers of 2 for marking
.[3462.666s][info][gc,marking     ] GC(786) Concurrent Mark From Roots 715.079ms
[3462.666s][info][gc,marking     ] GC(786) Concurrent Preclean
[3462.666s][info][gc,marking     ] GC(786) Concurrent Preclean 0.139ms
[3462.667s][info][gc,start       ] GC(786) Pause Remark
[3462.671s][info][gc             ] GC(786) Pause Remark 2122M->2122M(4096M) 4.362ms
[3462.672s][info][gc,cpu         ] GC(786) User=0.03s Sys=0.00s Real=0.00s
[3462.672s][info][gc,marking     ] GC(786) Concurrent Mark 721.371ms
[3462.672s][info][gc,marking     ] GC(786) Concurrent Rebuild Remembered Sets and Scrub Regions
[3462.917s][info][gc,marking     ] GC(786) Concurrent Rebuild Remembered Sets and Scrub Regions 244.492ms
[3462.917s][info][gc,start       ] GC(786) Pause Cleanup
[3462.917s][info][gc             ] GC(786) Pause Cleanup 2308M->2308M(4096M) 0.119ms
[3462.917s][info][gc,cpu         ] GC(786) User=0.00s Sys=0.00s Real=0.00s
[3462.917s][info][gc,marking     ] GC(786) Concurrent Clear Claimed Marks
[3462.917s][info][gc,marking     ] GC(786) Concurrent Clear Claimed Marks 0.023ms
[3462.917s][info][gc,marking     ] GC(786) Concurrent Cleanup for Next Mark
[3462.920s][info][gc,marking     ] GC(786) Concurrent Cleanup for Next Mark 3.327ms
[3462.920s][info][gc             ] GC(786) Concurrent Mark Cycle 1121.506ms
..[3464.788s][info][gc,start       ] GC(787) Pause Young (Prepare Mixed) (G1 Evacuation Pause)
[3464.788s][info][gc,task        ] GC(787) Using 6 workers of 6 for evacuation
[3464.907s][info][gc,phases      ] GC(787)   Pre Evacuate Collection Set: 0.31ms
[3464.907s][info][gc,phases      ] GC(787)   Merge Heap Roots: 0.50ms
[3464.907s][info][gc,phases      ] GC(787)   Evacuate Collection Set: 117.04ms
[3464.907s][info][gc,phases      ] GC(787)   Post Evacuate Collection Set: 0.90ms
[3464.907s][info][gc,phases      ] GC(787)   Other: 0.09ms
[3464.907s][info][gc,heap        ] GC(787) Eden regions: 1114->0(1108)
[3464.907s][info][gc,heap        ] GC(787) Survivor regions: 114->111(154)
[3464.907s][info][gc,heap        ] GC(787) Old regions: 504->535
[3464.907s][info][gc,heap        ] GC(787) Humongous regions: 80->80
[3464.907s][info][gc,metaspace   ] GC(787) Metaspace: 28917K(29312K)->28917K(29312K) NonClass: 24049K(24256K)->24049K(24256K) Class: 4868K(5056K)->4868K(5056K)
[3464.907s][info][gc             ] GC(787) Pause Young (Prepare Mixed) (G1 Evacuation Pause) 3622M->1450M(4096M) 118.967ms
[3464.907s][info][gc,cpu         ] GC(787) User=0.71s Sys=0.00s Real=0.12s
...[3467.925s][info][gc,start       ] GC(788) Pause Young (Mixed) (G1 Evacuation Pause)
[3467.925s][info][gc,task        ] GC(788) Using 6 workers of 6 for evacuation
[3468.061s][info][gc,phases      ] GC(788)   Pre Evacuate Collection Set: 0.35ms
[3468.061s][info][gc,phases      ] GC(788)   Merge Heap Roots: 0.71ms
[3468.061s][info][gc,phases      ] GC(788)   Evacuate Collection Set: 133.18ms
[3468.061s][info][gc,phases      ] GC(788)   Post Evacuate Collection Set: 0.97ms
[3468.061s][info][gc,phases      ] GC(788)   Other: 0.09ms
[3468.061s][info][gc,heap        ] GC(788) Eden regions: 1108->0(1118)
[3468.061s][info][gc,heap        ] GC(788) Survivor regions: 111->110(153)
[3468.061s][info][gc,heap        ] GC(788) Old regions: 535->472
[3468.061s][info][gc,heap        ] GC(788) Humongous regions: 80->80
[3468.061s][info][gc,metaspace   ] GC(788) Metaspace: 28917K(29312K)->28917K(29312K) NonClass: 24049K(24256K)->24049K(24256K) Class: 4868K(5056K)->4868K(5056K)
[3468.061s][info][gc             ] GC(788) Pause Young (Mixed) (G1 Evacuation Pause) 3666M->1323M(4096M) 135.433ms
[3468.061s][info][gc,cpu         ] GC(788) User=0.81s Sys=0.00s Real=0.13s
...[3471.040s][info][gc,start       ] GC(789) Pause Young (Concurrent Start) (G1 Evacuation Pause)
[3471.040s][info][gc,task        ] GC(789) Using 6 workers of 6 for evacuation
[3471.160s][info][gc,phases      ] GC(789)   Pre Evacuate Collection Set: 0.35ms
[3471.160s][info][gc,phases      ] GC(789)   Merge Heap Roots: 0.45ms
[3471.160s][info][gc,phases      ] GC(789)   Evacuate Collection Set: 118.07ms
[3471.160s][info][gc,phases      ] GC(789)   Post Evacuate Collection Set: 0.90ms
[3471.160s][info][gc,phases      ] GC(789)   Other: 0.12ms
[3471.160s][info][gc,heap        ] GC(789) Eden regions: 1118->0(1117)
[3471.160s][info][gc,heap        ] GC(789) Survivor regions: 110->111(154)
[3471.160s][info][gc,heap        ] GC(789) Old regions: 472->504
[3471.160s][info][gc,heap        ] GC(789) Humongous regions: 80->80
[3471.160s][info][gc,metaspace   ] GC(789) Metaspace: 28917K(29312K)->28917K(29312K) NonClass: 24049K(24256K)->24049K(24256K) Class: 4868K(5056K)->4868K(5056K)
[3471.160s][info][gc             ] GC(789) Pause Young (Concurrent Start) (G1 Evacuation Pause) 3559M->1388M(4096M) 120.032ms
[3471.160s][info][gc             ] GC(790) Concurrent Mark Cycle
[3471.160s][info][gc,marking     ] GC(790) Concurrent Scan Root Regions
[3471.160s][info][gc,cpu         ] GC(789) User=0.72s Sys=0.00s Real=0.12s
[3471.317s][info][gc,marking     ] GC(790) Concurrent Scan Root Regions 157.055ms
[3471.317s][info][gc,marking     ] GC(790) Concurrent Mark
[3471.317s][info][gc,marking     ] GC(790) Concurrent Mark From Roots
[3471.317s][info][gc,task        ] GC(790) Using 2 workers of 2 for marking
.[3472.033s][info][gc,marking     ] GC(790) Concurrent Mark From Roots 716.099ms
[3472.034s][info][gc,marking     ] GC(790) Concurrent Preclean
[3472.034s][info][gc,marking     ] GC(790) Concurrent Preclean 0.108ms
[3472.034s][info][gc,start       ] GC(790) Pause Remark
[3472.038s][info][gc             ] GC(790) Pause Remark 2075M->2075M(4096M) 4.244ms
[3472.038s][info][gc,cpu         ] GC(790) User=0.02s Sys=0.00s Real=0.00s
[3472.038s][info][gc,marking     ] GC(790) Concurrent Mark 721.071ms
[3472.038s][info][gc,marking     ] GC(790) Concurrent Rebuild Remembered Sets and Scrub Regions
[3472.275s][info][gc,marking     ] GC(790) Concurrent Rebuild Remembered Sets and Scrub Regions 236.102ms
[3472.275s][info][gc,start       ] GC(790) Pause Cleanup
[3472.275s][info][gc             ] GC(790) Pause Cleanup 2237M->2237M(4096M) 0.095ms
[3472.275s][info][gc,cpu         ] GC(790) User=0.00s Sys=0.00s Real=0.00s
[3472.275s][info][gc,marking     ] GC(790) Concurrent Clear Claimed Marks
[3472.275s][info][gc,marking     ] GC(790) Concurrent Clear Claimed Marks 0.021ms
[3472.275s][info][gc,marking     ] GC(790) Concurrent Cleanup for Next Mark
[3472.278s][info][gc,marking     ] GC(790) Concurrent Cleanup for Next Mark 3.179ms
[3472.278s][info][gc             ] GC(790) Concurrent Mark Cycle 1117.818ms
..[3474.270s][info][gc,start       ] GC(791) Pause Young (Prepare Mixed) (G1 Evacuation Pause)
[3474.270s][info][gc,task        ] GC(791) Using 6 workers of 6 for evacuation
[3474.386s][info][gc,phases      ] GC(791)   Pre Evacuate Collection Set: 0.33ms
[3474.386s][info][gc,phases      ] GC(791)   Merge Heap Roots: 0.52ms
[3474.386s][info][gc,phases      ] GC(791)   Evacuate Collection Set: 114.30ms
[3474.386s][info][gc,phases      ] GC(791)   Post Evacuate Collection Set: 0.90ms
[3474.386s][info][gc,phases      ] GC(791)   Other: 0.08ms
[3474.386s][info][gc,heap        ] GC(791) Eden regions: 1117->0(1114)
[3474.386s][info][gc,heap        ] GC(791) Survivor regions: 111->108(154)
[3474.386s][info][gc,heap        ] GC(791) Old regions: 504->535
[3474.386s][info][gc,heap        ] GC(791) Humongous regions: 80->80
[3474.386s][info][gc,metaspace   ] GC(791) Metaspace: 28917K(29312K)->28917K(29312K) NonClass: 24049K(24256K)->24049K(24256K) Class: 4868K(5056K)->4868K(5056K)
[3474.386s][info][gc             ] GC(791) Pause Young (Prepare Mixed) (G1 Evacuation Pause) 3622M->1445M(4096M) 116.278ms
[3474.386s][info][gc,cpu         ] GC(791) User=0.69s Sys=0.00s Real=0.12s
...[3477.399s][info][gc,start       ] GC(792) Pause Young (Mixed) (G1 Evacuation Pause)
[3477.399s][info][gc,task        ] GC(792) Using 6 workers of 6 for evacuation
[3477.536s][info][gc,phases      ] GC(792)   Pre Evacuate Collection Set: 0.39ms
[3477.536s][info][gc,phases      ] GC(792)   Merge Heap Roots: 0.62ms
[3477.536s][info][gc,phases      ] GC(792)   Evacuate Collection Set: 134.62ms
[3477.536s][info][gc,phases      ] GC(792)   Post Evacuate Collection Set: 0.91ms
[3477.536s][info][gc,phases      ] GC(792)   Other: 0.09ms
[3477.536s][info][gc,heap        ] GC(792) Eden regions: 1114->0(1114)
[3477.536s][info][gc,heap        ] GC(792) Survivor regions: 108->114(153)
[3477.536s][info][gc,heap        ] GC(792) Old regions: 535->471
[3477.536s][info][gc,heap        ] GC(792) Humongous regions: 80->80
[3477.536s][info][gc,metaspace   ] GC(792) Metaspace: 28917K(29312K)->28917K(29312K) NonClass: 24049K(24256K)->24049K(24256K) Class: 4868K(5056K)->4868K(5056K)
[3477.536s][info][gc             ] GC(792) Pause Young (Mixed) (G1 Evacuation Pause) 3673M->1328M(4096M) 136.758ms
[3477.536s][info][gc,cpu         ] GC(792) User=0.81s Sys=0.00s Real=0.14s
...[3480.534s][info][gc,start       ] GC(793) Pause Young (Concurrent Start) (G1 Evacuation Pause)
[3480.534s][info][gc,task        ] GC(793) Using 6 workers of 6 for evacuation
[3480.652s][info][gc,phases      ] GC(793)   Pre Evacuate Collection Set: 0.38ms
[3480.653s][info][gc,phases      ] GC(793)   Merge Heap Roots: 0.46ms
[3480.653s][info][gc,phases      ] GC(793)   Evacuate Collection Set: 116.35ms
[3480.653s][info][gc,phases      ] GC(793)   Post Evacuate Collection Set: 0.86ms
[3480.653s][info][gc,phases      ] GC(793)   Other: 0.10ms
[3480.653s][info][gc,heap        ] GC(793) Eden regions: 1114->0(1118)
[3480.653s][info][gc,heap        ] GC(793) Survivor regions: 114->110(154)
[3480.653s][info][gc,heap        ] GC(793) Old regions: 471->504
[3480.653s][info][gc,heap        ] GC(793) Humongous regions: 80->80
[3480.653s][info][gc,metaspace   ] GC(793) Metaspace: 28917K(29312K)->28917K(29312K) NonClass: 24049K(24256K)->24049K(24256K) Class: 4868K(5056K)->4868K(5056K)
[3480.653s][info][gc             ] GC(793) Pause Young (Concurrent Start) (G1 Evacuation Pause) 3556M->1385M(4096M) 118.287ms
[3480.653s][info][gc             ] GC(794) Concurrent Mark Cycle
[3480.653s][info][gc,marking     ] GC(794) Concurrent Scan Root Regions
[3480.653s][info][gc,cpu         ] GC(793) User=0.70s Sys=0.00s Real=0.12s
.[3480.795s][info][gc,marking     ] GC(794) Concurrent Scan Root Regions 141.992ms
[3480.795s][info][gc,marking     ] GC(794) Concurrent Mark
[3480.795s][info][gc,marking     ] GC(794) Concurrent Mark From Roots
[3480.795s][info][gc,task        ] GC(794) Using 2 workers of 2 for marking
 (rIR:aIR:PR = 5950:5937:5937) (tPR = 88088) [OK] 
  3480s: Performance info:
         Transaction,    Success,    Partial,     Failed,   Receipts, AvgBarcode, 
             Overall,     359060,          0,          0,     341092,      59.47, 
         Response times:
             Request,    Success,    Partial,     Failed,   SkipFail,     Probes,    Samples,      min,      p50,      p90,      p95,      p99,      max, 
       TotalPurchase,     341259,          0,          0,          0,     334300,     426673,      300,     4800,    14000,    34000,    74000,   284000,
     InStorePurchase,     179547,          0,          0,          0,     176076,     224370,      300,     4900,    14500,    35000,    76000,   279000,
      OnlinePurchase,     125760,          0,          0,          0,     123231,     157240,      300,     4600,    13300,    33000,    72000,   284000,
        InstPurchase,      35952,          0,          0,          0,      34993,      45063,      300,     4800,    14300,    33000,    72000,   219000,
          AssocOfCat,        360,          0,          0,          0,        267,        415,    23000,    35000,    61400,    82600,   156840,   187000,
      AssocOfProduct,       3598,          0,          0,          0,       3281,       4402,      500,     3700,    10270,    25000,    67000,   279000,
      BusinessReport,        901,          0,          0,          0,        786,       1140,    25000,    39000,    72000,    96950,   175950,   324000,
          CustBuyBeh,       3595,          0,          0,          0,       3367,       4561,      500,     5300,    15700,    33900,    73380,   145000,
       ProductReturn,       9525,          0,          0,          0,       9119,      11943,      200,     5500,    16260,    38000,    82000,   169000,

  3480s: (44%)   IR =   6088 [3481.346s][info][gc,marking     ] GC(794) Concurrent Mark From Roots 551.306ms
[3481.346s][info][gc,marking     ] GC(794) Concurrent Preclean
[3481.346s][info][gc,marking     ] GC(794) Concurrent Preclean 0.088ms
[3481.347s][info][gc,start       ] GC(794) Pause Remark
[3481.351s][info][gc             ] GC(794) Pause Remark 1887M->1887M(4096M) 4.049ms
[3481.351s][info][gc,cpu         ] GC(794) User=0.02s Sys=0.01s Real=0.00s
[3481.351s][info][gc,marking     ] GC(794) Concurrent Mark 556.697ms
[3481.351s][info][gc,marking     ] GC(794) Concurrent Rebuild Remembered Sets and Scrub Regions
[3481.639s][info][gc,marking     ] GC(794) Concurrent Rebuild Remembered Sets and Scrub Regions 287.356ms
[3481.639s][info][gc,start       ] GC(794) Pause Cleanup
[3481.639s][info][gc             ] GC(794) Pause Cleanup 2101M->2101M(4096M) 0.108ms
[3481.639s][info][gc,cpu         ] GC(794) User=0.00s Sys=0.00s Real=0.00s
[3481.639s][info][gc,marking     ] GC(794) Concurrent Clear Claimed Marks
[3481.639s][info][gc,marking     ] GC(794) Concurrent Clear Claimed Marks 0.025ms
[3481.639s][info][gc,marking     ] GC(794) Concurrent Cleanup for Next Mark
[3481.642s][info][gc,marking     ] GC(794) Concurrent Cleanup for Next Mark 3.323ms
[3481.642s][info][gc             ] GC(794) Concurrent Mark Cycle 989.817ms
..[3483.738s][info][gc,start       ] GC(795) Pause Young (Prepare Mixed) (G1 Evacuation Pause)
[3483.738s][info][gc,task        ] GC(795) Using 6 workers of 6 for evacuation
[3483.858s][info][gc,phases      ] GC(795)   Pre Evacuate Collection Set: 0.34ms
[3483.858s][info][gc,phases      ] GC(795)   Merge Heap Roots: 0.51ms
[3483.858s][info][gc,phases      ] GC(795)   Evacuate Collection Set: 118.55ms
[3483.858s][info][gc,phases      ] GC(795)   Post Evacuate Collection Set: 0.89ms
[3483.859s][info][gc,phases      ] GC(795)   Other: 0.09ms
[3483.859s][info][gc,heap        ] GC(795) Eden regions: 1118->0(1108)
[3483.859s][info][gc,heap        ] GC(795) Survivor regions: 110->111(154)
[3483.859s][info][gc,heap        ] GC(795) Old regions: 504->535
[3483.859s][info][gc,heap        ] GC(795) Humongous regions: 80->80
[3483.859s][info][gc,metaspace   ] GC(795) Metaspace: 28917K(29312K)->28917K(29312K) NonClass: 24049K(24256K)->24049K(24256K) Class: 4868K(5056K)->4868K(5056K)
[3483.859s][info][gc             ] GC(795) Pause Young (Prepare Mixed) (G1 Evacuation Pause) 3621M->1451M(4096M) 120.499ms
[3483.859s][info][gc,cpu         ] GC(795) User=0.72s Sys=0.00s Real=0.12s
...[3486.782s][info][gc,start       ] GC(796) Pause Young (Mixed) (G1 Evacuation Pause)
[3486.782s][info][gc,task        ] GC(796) Using 6 workers of 6 for evacuation
[3486.913s][info][gc,phases      ] GC(796)   Pre Evacuate Collection Set: 0.32ms
[3486.913s][info][gc,phases      ] GC(796)   Merge Heap Roots: 0.61ms
[3486.913s][info][gc,phases      ] GC(796)   Evacuate Collection Set: 129.41ms
[3486.913s][info][gc,phases      ] GC(796)   Post Evacuate Collection Set: 0.99ms
[3486.913s][info][gc,phases      ] GC(796)   Other: 0.09ms
[3486.913s][info][gc,heap        ] GC(796) Eden regions: 1108->0(1119)
[3486.913s][info][gc,heap        ] GC(796) Survivor regions: 111->109(153)
[3486.913s][info][gc,heap        ] GC(796) Old regions: 535->472
[3486.913s][info][gc,heap        ] GC(796) Humongous regions: 80->80
[3486.913s][info][gc,metaspace   ] GC(796) Metaspace: 28917K(29312K)->28917K(29312K) NonClass: 24049K(24256K)->24049K(24256K) Class: 4868K(5056K)->4868K(5056K)
[3486.913s][info][gc             ] GC(796) Pause Young (Mixed) (G1 Evacuation Pause) 3667M->1321M(4096M) 131.540ms
[3486.913s][info][gc,cpu         ] GC(796) User=0.78s Sys=0.00s Real=0.13s
...[3489.852s][info][gc,start       ] GC(797) Pause Young (Concurrent Start) (G1 Evacuation Pause)
[3489.852s][info][gc,task        ] GC(797) Using 6 workers of 6 for evacuation
[3489.974s][info][gc,phases      ] GC(797)   Pre Evacuate Collection Set: 0.34ms
[3489.974s][info][gc,phases      ] GC(797)   Merge Heap Roots: 0.47ms
[3489.974s][info][gc,phases      ] GC(797)   Evacuate Collection Set: 119.85ms
[3489.974s][info][gc,phases      ] GC(797)   Post Evacuate Collection Set: 0.83ms
[3489.974s][info][gc,phases      ] GC(797)   Other: 0.12ms
[3489.974s][info][gc,heap        ] GC(797) Eden regions: 1119->0(1114)
[3489.974s][info][gc,heap        ] GC(797) Survivor regions: 109->114(154)
[3489.974s][info][gc,heap        ] GC(797) Old regions: 472->505
[3489.974s][info][gc,heap        ] GC(797) Humongous regions: 80->80
[3489.974s][info][gc,metaspace   ] GC(797) Metaspace: 28917K(29312K)->28917K(29312K) NonClass: 24049K(24256K)->24049K(24256K) Class: 4868K(5056K)->4868K(5056K)
[3489.974s][info][gc             ] GC(797) Pause Young (Concurrent Start) (G1 Evacuation Pause) 3559M->1395M(4096M) 121.753ms
[3489.974s][info][gc             ] GC(798) Concurrent Mark Cycle
[3489.974s][info][gc,marking     ] GC(798) Concurrent Scan Root Regions
[3489.974s][info][gc,cpu         ] GC(797) User=0.73s Sys=0.00s Real=0.12s
.[3490.115s][info][gc,marking     ] GC(798) Concurrent Scan Root Regions 140.659ms
[3490.115s][info][gc,marking     ] GC(798) Concurrent Mark
[3490.115s][info][gc,marking     ] GC(798) Concurrent Mark From Roots
[3490.115s][info][gc,task        ] GC(798) Using 2 workers of 2 for marking
[3490.785s][info][gc,marking     ] GC(798) Concurrent Mark From Roots 670.006ms
[3490.785s][info][gc,marking     ] GC(798) Concurrent Preclean
[3490.785s][info][gc,marking     ] GC(798) Concurrent Preclean 0.131ms
[3490.786s][info][gc,start       ] GC(798) Pause Remark
[3490.791s][info][gc             ] GC(798) Pause Remark 1983M->1983M(4096M) 4.628ms
[3490.791s][info][gc,cpu         ] GC(798) User=0.03s Sys=0.00s Real=0.00s
[3490.791s][info][gc,marking     ] GC(798) Concurrent Mark 675.785ms
[3490.791s][info][gc,marking     ] GC(798) Concurrent Rebuild Remembered Sets and Scrub Regions
.[3491.085s][info][gc,marking     ] GC(798) Concurrent Rebuild Remembered Sets and Scrub Regions 293.931ms
[3491.085s][info][gc,start       ] GC(798) Pause Cleanup
[3491.085s][info][gc             ] GC(798) Pause Cleanup 2222M->2222M(4096M) 0.116ms
[3491.085s][info][gc,cpu         ] GC(798) User=0.01s Sys=0.00s Real=0.00s
[3491.085s][info][gc,marking     ] GC(798) Concurrent Clear Claimed Marks
[3491.085s][info][gc,marking     ] GC(798) Concurrent Clear Claimed Marks 0.034ms
[3491.085s][info][gc,marking     ] GC(798) Concurrent Cleanup for Next Mark
[3491.091s][info][gc,marking     ] GC(798) Concurrent Cleanup for Next Mark 5.980ms
[3491.092s][info][gc             ] GC(798) Concurrent Mark Cycle 1117.268ms
..|[3493.003s][info][gc,start       ] GC(799) Pause Young (Prepare Mixed) (G1 Evacuation Pause)
[3493.003s][info][gc,task        ] GC(799) Using 6 workers of 6 for evacuation
[3493.120s][info][gc,phases      ] GC(799)   Pre Evacuate Collection Set: 0.30ms
[3493.120s][info][gc,phases      ] GC(799)   Merge Heap Roots: 0.47ms
[3493.120s][info][gc,phases      ] GC(799)   Evacuate Collection Set: 115.45ms
[3493.120s][info][gc,phases      ] GC(799)   Post Evacuate Collection Set: 0.76ms
[3493.120s][info][gc,phases      ] GC(799)   Other: 0.09ms
[3493.120s][info][gc,heap        ] GC(799) Eden regions: 1114->0(1109)
[3493.120s][info][gc,heap        ] GC(799) Survivor regions: 114->110(154)
[3493.120s][info][gc,heap        ] GC(799) Old regions: 505->536
[3493.120s][info][gc,heap        ] GC(799) Humongous regions: 80->80
[3493.120s][info][gc,metaspace   ] GC(799) Metaspace: 28917K(29312K)->28917K(29312K) NonClass: 24049K(24256K)->24049K(24256K) Class: 4868K(5056K)->4868K(5056K)
[3493.120s][info][gc             ] GC(799) Pause Young (Prepare Mixed) (G1 Evacuation Pause) 3623M->1449M(4096M) 117.216ms
[3493.120s][info][gc,cpu         ] GC(799) User=0.70s Sys=0.00s Real=0.11s
..[3495.965s][info][gc,start       ] GC(800) Pause Young (Mixed) (G1 Evacuation Pause)
[3495.965s][info][gc,task        ] GC(800) Using 6 workers of 6 for evacuation
[3496.099s][info][gc,phases      ] GC(800)   Pre Evacuate Collection Set: 0.33ms
[3496.099s][info][gc,phases      ] GC(800)   Merge Heap Roots: 0.70ms
[3496.099s][info][gc,phases      ] GC(800)   Evacuate Collection Set: 132.39ms
[3496.099s][info][gc,phases      ] GC(800)   Post Evacuate Collection Set: 0.93ms
[3496.099s][info][gc,phases      ] GC(800)   Other: 0.09ms
[3496.099s][info][gc,heap        ] GC(800) Eden regions: 1109->0(1117)
[3496.099s][info][gc,heap        ] GC(800) Survivor regions: 110->111(153)
[3496.099s][info][gc,heap        ] GC(800) Old regions: 536->471
[3496.099s][info][gc,heap        ] GC(800) Humongous regions: 80->80
[3496.099s][info][gc,metaspace   ] GC(800) Metaspace: 28917K(29312K)->28917K(29312K) NonClass: 24049K(24256K)->24049K(24256K) Class: 4868K(5056K)->4868K(5056K)
[3496.099s][info][gc             ] GC(800) Pause Young (Mixed) (G1 Evacuation Pause) 3667M->1321M(4096M) 134.611ms
[3496.099s][info][gc,cpu         ] GC(800) User=0.80s Sys=0.00s Real=0.13s
...[3499.101s][info][gc,start       ] GC(801) Pause Young (Concurrent Start) (G1 Evacuation Pause)
[3499.101s][info][gc,task        ] GC(801) Using 6 workers of 6 for evacuation
[3499.214s][info][gc,phases      ] GC(801)   Pre Evacuate Collection Set: 0.36ms
[3499.214s][info][gc,phases      ] GC(801)   Merge Heap Roots: 0.46ms
[3499.214s][info][gc,phases      ] GC(801)   Evacuate Collection Set: 111.88ms
[3499.214s][info][gc,phases      ] GC(801)   Post Evacuate Collection Set: 0.85ms
[3499.214s][info][gc,phases      ] GC(801)   Other: 0.09ms
[3499.214s][info][gc,heap        ] GC(801) Eden regions: 1117->0(1122)
[3499.214s][info][gc,heap        ] GC(801) Survivor regions: 111->106(154)
[3499.214s][info][gc,heap        ] GC(801) Old regions: 471->504
[3499.214s][info][gc,heap        ] GC(801) Humongous regions: 80->80
[3499.214s][info][gc,metaspace   ] GC(801) Metaspace: 28917K(29312K)->28917K(29312K) NonClass: 24049K(24256K)->24049K(24256K) Class: 4868K(5056K)->4868K(5056K)
[3499.214s][info][gc             ] GC(801) Pause Young (Concurrent Start) (G1 Evacuation Pause) 3555M->1377M(4096M) 113.805ms
[3499.214s][info][gc             ] GC(802) Concurrent Mark Cycle
[3499.214s][info][gc,marking     ] GC(802) Concurrent Scan Root Regions
[3499.214s][info][gc,cpu         ] GC(801) User=0.68s Sys=0.01s Real=0.12s
.[3499.397s][info][gc,marking     ] GC(802) Concurrent Scan Root Regions 182.112ms
[3499.397s][info][gc,marking     ] GC(802) Concurrent Mark
[3499.397s][info][gc,marking     ] GC(802) Concurrent Mark From Roots
[3499.397s][info][gc,task        ] GC(802) Using 2 workers of 2 for marking
[3500.225s][info][gc,marking     ] GC(802) Concurrent Mark From Roots 828.247ms
[3500.225s][info][gc,marking     ] GC(802) Concurrent Preclean
[3500.225s][info][gc,marking     ] GC(802) Concurrent Preclean 0.090ms
[3500.225s][info][gc,start       ] GC(802) Pause Remark
[3500.231s][info][gc             ] GC(802) Pause Remark 2149M->2149M(4096M) 5.814ms
[3500.231s][info][gc,cpu         ] GC(802) User=0.03s Sys=0.00s Real=0.00s
[3500.231s][info][gc,marking     ] GC(802) Concurrent Mark 834.406ms
[3500.231s][info][gc,marking     ] GC(802) Concurrent Rebuild Remembered Sets and Scrub Regions
.[3500.470s][info][gc,marking     ] GC(802) Concurrent Rebuild Remembered Sets and Scrub Regions 238.889ms
[3500.470s][info][gc,start       ] GC(802) Pause Cleanup
[3500.470s][info][gc             ] GC(802) Pause Cleanup 2303M->2303M(4096M) 0.102ms
[3500.470s][info][gc,cpu         ] GC(802) User=0.00s Sys=0.00s Real=0.00s
[3500.470s][info][gc,marking     ] GC(802) Concurrent Clear Claimed Marks
[3500.470s][info][gc,marking     ] GC(802) Concurrent Clear Claimed Marks 0.022ms
[3500.470s][info][gc,marking     ] GC(802) Concurrent Cleanup for Next Mark
[3500.474s][info][gc,marking     ] GC(802) Concurrent Cleanup for Next Mark 3.918ms
[3500.474s][info][gc             ] GC(802) Concurrent Mark Cycle 1259.755ms
.[3502.261s][info][gc,start       ] GC(803) Pause Young (Prepare Mixed) (G1 Evacuation Pause)
[3502.261s][info][gc,task        ] GC(803) Using 6 workers of 6 for evacuation
[3502.379s][info][gc,phases      ] GC(803)   Pre Evacuate Collection Set: 0.30ms
[3502.379s][info][gc,phases      ] GC(803)   Merge Heap Roots: 0.49ms
[3502.379s][info][gc,phases      ] GC(803)   Evacuate Collection Set: 115.88ms
[3502.379s][info][gc,phases      ] GC(803)   Post Evacuate Collection Set: 0.90ms
[3502.379s][info][gc,phases      ] GC(803)   Other: 0.09ms
[3502.379s][info][gc,heap        ] GC(803) Eden regions: 1122->0(1110)
[3502.379s][info][gc,heap        ] GC(803) Survivor regions: 106->111(154)
[3502.379s][info][gc,heap        ] GC(803) Old regions: 504->533
[3502.379s][info][gc,heap        ] GC(803) Humongous regions: 80->80
[3502.379s][info][gc,metaspace   ] GC(803) Metaspace: 28917K(29312K)->28917K(29312K) NonClass: 24049K(24256K)->24049K(24256K) Class: 4868K(5056K)->4868K(5056K)
[3502.379s][info][gc             ] GC(803) Pause Young (Prepare Mixed) (G1 Evacuation Pause) 3621M->1447M(4096M) 117.796ms
[3502.379s][info][gc,cpu         ] GC(803) User=0.70s Sys=0.00s Real=0.12s
...[3505.318s][info][gc,start       ] GC(804) Pause Young (Mixed) (G1 Evacuation Pause)
[3505.318s][info][gc,task        ] GC(804) Using 6 workers of 6 for evacuation
[3505.455s][info][gc,phases      ] GC(804)   Pre Evacuate Collection Set: 0.38ms
[3505.455s][info][gc,phases      ] GC(804)   Merge Heap Roots: 0.68ms
[3505.455s][info][gc,phases      ] GC(804)   Evacuate Collection Set: 133.93ms
[3505.455s][info][gc,phases      ] GC(804)   Post Evacuate Collection Set: 0.95ms
[3505.455s][info][gc,phases      ] GC(804)   Other: 0.09ms
[3505.455s][info][gc,heap        ] GC(804) Eden regions: 1110->0(1120)
[3505.455s][info][gc,heap        ] GC(804) Survivor regions: 111->108(153)
[3505.455s][info][gc,heap        ] GC(804) Old regions: 533->471
[3505.455s][info][gc,heap        ] GC(804) Humongous regions: 80->80
[3505.455s][info][gc,metaspace   ] GC(804) Metaspace: 28917K(29312K)->28917K(29312K) NonClass: 24049K(24256K)->24049K(24256K) Class: 4868K(5056K)->4868K(5056K)
[3505.455s][info][gc             ] GC(804) Pause Young (Mixed) (G1 Evacuation Pause) 3667M->1317M(4096M) 136.184ms
[3505.455s][info][gc,cpu         ] GC(804) User=0.81s Sys=0.00s Real=0.14s
...[3508.369s][info][gc,start       ] GC(805) Pause Young (Concurrent Start) (G1 Evacuation Pause)
[3508.369s][info][gc,task        ] GC(805) Using 6 workers of 6 for evacuation
[3508.488s][info][gc,phases      ] GC(805)   Pre Evacuate Collection Set: 0.39ms
[3508.488s][info][gc,phases      ] GC(805)   Merge Heap Roots: 0.45ms
[3508.488s][info][gc,phases      ] GC(805)   Evacuate Collection Set: 116.89ms
[3508.488s][info][gc,phases      ] GC(805)   Post Evacuate Collection Set: 0.84ms
[3508.488s][info][gc,phases      ] GC(805)   Other: 0.13ms
[3508.488s][info][gc,heap        ] GC(805) Eden regions: 1120->0(1117)
[3508.488s][info][gc,heap        ] GC(805) Survivor regions: 108->111(154)
[3508.488s][info][gc,heap        ] GC(805) Old regions: 471->503
[3508.488s][info][gc,heap        ] GC(805) Humongous regions: 80->80
[3508.488s][info][gc,metaspace   ] GC(805) Metaspace: 28917K(29312K)->28917K(29312K) NonClass: 24049K(24256K)->24049K(24256K) Class: 4868K(5056K)->4868K(5056K)
[3508.488s][info][gc             ] GC(805) Pause Young (Concurrent Start) (G1 Evacuation Pause) 3557M->1387M(4096M) 118.832ms
[3508.488s][info][gc             ] GC(806) Concurrent Mark Cycle
[3508.488s][info][gc,marking     ] GC(806) Concurrent Scan Root Regions
[3508.488s][info][gc,cpu         ] GC(805) User=0.71s Sys=0.00s Real=0.12s
.[3508.638s][info][gc,marking     ] GC(806) Concurrent Scan Root Regions 149.336ms
[3508.638s][info][gc,marking     ] GC(806) Concurrent Mark
[3508.638s][info][gc,marking     ] GC(806) Concurrent Mark From Roots
[3508.638s][info][gc,task        ] GC(806) Using 2 workers of 2 for marking
[3509.337s][info][gc,marking     ] GC(806) Concurrent Mark From Roots 698.927ms
[3509.337s][info][gc,marking     ] GC(806) Concurrent Preclean
[3509.337s][info][gc,marking     ] GC(806) Concurrent Preclean 0.077ms
[3509.337s][info][gc,start       ] GC(806) Pause Remark
[3509.341s][info][gc             ] GC(806) Pause Remark 2067M->2067M(4096M) 3.875ms
[3509.341s][info][gc,cpu         ] GC(806) User=0.02s Sys=0.00s Real=0.00s
[3509.342s][info][gc,marking     ] GC(806) Concurrent Mark 703.892ms
[3509.342s][info][gc,marking     ] GC(806) Concurrent Rebuild Remembered Sets and Scrub Regions
.[3509.595s][info][gc,marking     ] GC(806) Concurrent Rebuild Remembered Sets and Scrub Regions 253.264ms
[3509.595s][info][gc,start       ] GC(806) Pause Cleanup
[3509.595s][info][gc             ] GC(806) Pause Cleanup 2275M->2275M(4096M) 0.117ms
[3509.595s][info][gc,cpu         ] GC(806) User=0.00s Sys=0.00s Real=0.00s
[3509.595s][info][gc,marking     ] GC(806) Concurrent Clear Claimed Marks
[3509.595s][info][gc,marking     ] GC(806) Concurrent Clear Claimed Marks 0.042ms
[3509.595s][info][gc,marking     ] GC(806) Concurrent Cleanup for Next Mark
[3509.599s][info][gc,marking     ] GC(806) Concurrent Cleanup for Next Mark 4.007ms
[3509.599s][info][gc             ] GC(806) Concurrent Mark Cycle 1111.025ms
.[3511.490s][info][gc,start       ] GC(807) Pause Young (Prepare Mixed) (G1 Evacuation Pause)
[3511.491s][info][gc,task        ] GC(807) Using 6 workers of 6 for evacuation
[3511.607s][info][gc,phases      ] GC(807)   Pre Evacuate Collection Set: 0.34ms
[3511.607s][info][gc,phases      ] GC(807)   Merge Heap Roots: 0.51ms
[3511.607s][info][gc,phases      ] GC(807)   Evacuate Collection Set: 114.29ms
[3511.607s][info][gc,phases      ] GC(807)   Post Evacuate Collection Set: 0.91ms
[3511.607s][info][gc,phases      ] GC(807)   Other: 0.08ms
[3511.607s][info][gc,heap        ] GC(807) Eden regions: 1117->0(1112)
[3511.607s][info][gc,heap        ] GC(807) Survivor regions: 111->109(154)
[3511.607s][info][gc,heap        ] GC(807) Old regions: 503->535
[3511.607s][info][gc,heap        ] GC(807) Humongous regions: 80->80
[3511.607s][info][gc,metaspace   ] GC(807) Metaspace: 28917K(29312K)->28917K(29312K) NonClass: 24049K(24256K)->24049K(24256K) Class: 4868K(5056K)->4868K(5056K)
[3511.607s][info][gc             ] GC(807) Pause Young (Prepare Mixed) (G1 Evacuation Pause) 3621M->1445M(4096M) 116.255ms
[3511.607s][info][gc,cpu         ] GC(807) User=0.70s Sys=0.00s Real=0.12s
...[3514.528s][info][gc,start       ] GC(808) Pause Young (Mixed) (G1 Evacuation Pause)
[3514.528s][info][gc,task        ] GC(808) Using 6 workers of 6 for evacuation
[3514.657s][info][gc,phases      ] GC(808)   Pre Evacuate Collection Set: 0.39ms
[3514.658s][info][gc,phases      ] GC(808)   Merge Heap Roots: 0.58ms
[3514.658s][info][gc,phases      ] GC(808)   Evacuate Collection Set: 127.03ms
[3514.658s][info][gc,phases      ] GC(808)   Post Evacuate Collection Set: 0.91ms
[3514.658s][info][gc,phases      ] GC(808)   Other: 0.09ms
[3514.658s][info][gc,heap        ] GC(808) Eden regions: 1112->0(1120)
[3514.658s][info][gc,heap        ] GC(808) Survivor regions: 109->108(153)
[3514.658s][info][gc,heap        ] GC(808) Old regions: 535->471
[3514.658s][info][gc,heap        ] GC(808) Humongous regions: 80->80
[3514.658s][info][gc,metaspace   ] GC(808) Metaspace: 28917K(29312K)->28917K(29312K) NonClass: 24049K(24256K)->24049K(24256K) Class: 4868K(5056K)->4868K(5056K)
[3514.658s][info][gc             ] GC(808) Pause Young (Mixed) (G1 Evacuation Pause) 3669M->1316M(4096M) 129.123ms
[3514.658s][info][gc,cpu         ] GC(808) User=0.76s Sys=0.00s Real=0.13s
...[3517.661s][info][gc,start       ] GC(809) Pause Young (Concurrent Start) (G1 Evacuation Pause)
[3517.661s][info][gc,task        ] GC(809) Using 6 workers of 6 for evacuation
[3517.780s][info][gc,phases      ] GC(809)   Pre Evacuate Collection Set: 0.39ms
[3517.780s][info][gc,phases      ] GC(809)   Merge Heap Roots: 0.47ms
[3517.780s][info][gc,phases      ] GC(809)   Evacuate Collection Set: 116.94ms
[3517.780s][info][gc,phases      ] GC(809)   Post Evacuate Collection Set: 0.85ms
[3517.780s][info][gc,phases      ] GC(809)   Other: 0.12ms
[3517.780s][info][gc,heap        ] GC(809) Eden regions: 1120->0(1117)
[3517.780s][info][gc,heap        ] GC(809) Survivor regions: 108->111(154)
[3517.780s][info][gc,heap        ] GC(809) Old regions: 471->502
[3517.780s][info][gc,heap        ] GC(809) Humongous regions: 80->80
[3517.780s][info][gc,metaspace   ] GC(809) Metaspace: 28917K(29312K)->28917K(29312K) NonClass: 24049K(24256K)->24049K(24256K) Class: 4868K(5056K)->4868K(5056K)
[3517.780s][info][gc             ] GC(809) Pause Young (Concurrent Start) (G1 Evacuation Pause) 3556M->1384M(4096M) 118.886ms
[3517.780s][info][gc             ] GC(810) Concurrent Mark Cycle
[3517.780s][info][gc,marking     ] GC(810) Concurrent Scan Root Regions
[3517.780s][info][gc,cpu         ] GC(809) User=0.70s Sys=0.00s Real=0.12s
.[3517.957s][info][gc,marking     ] GC(810) Concurrent Scan Root Regions 176.388ms
[3517.957s][info][gc,marking     ] GC(810) Concurrent Mark
[3517.957s][info][gc,marking     ] GC(810) Concurrent Mark From Roots
[3517.957s][info][gc,task        ] GC(810) Using 2 workers of 2 for marking
.[3518.799s][info][gc,marking     ] GC(810) Concurrent Mark From Roots 842.187ms
[3518.799s][info][gc,marking     ] GC(810) Concurrent Preclean
[3518.799s][info][gc,marking     ] GC(810) Concurrent Preclean 0.104ms
[3518.799s][info][gc,start       ] GC(810) Pause Remark
[3518.805s][info][gc             ] GC(810) Pause Remark 2211M->2211M(4096M) 5.431ms
[3518.805s][info][gc,cpu         ] GC(810) User=0.03s Sys=0.00s Real=0.01s
[3518.805s][info][gc,marking     ] GC(810) Concurrent Mark 848.072ms
[3518.805s][info][gc,marking     ] GC(810) Concurrent Rebuild Remembered Sets and Scrub Regions
[3519.149s][info][gc,marking     ] GC(810) Concurrent Rebuild Remembered Sets and Scrub Regions 343.828ms
[3519.149s][info][gc,start       ] GC(810) Pause Cleanup
[3519.149s][info][gc             ] GC(810) Pause Cleanup 2470M->2470M(4096M) 0.107ms
[3519.149s][info][gc,cpu         ] GC(810) User=0.00s Sys=0.00s Real=0.00s
[3519.149s][info][gc,marking     ] GC(810) Concurrent Clear Claimed Marks
[3519.149s][info][gc,marking     ] GC(810) Concurrent Clear Claimed Marks 0.021ms
[3519.149s][info][gc,marking     ] GC(810) Concurrent Cleanup for Next Mark
[3519.152s][info][gc,marking     ] GC(810) Concurrent Cleanup for Next Mark 3.517ms
[3519.153s][info][gc             ] GC(810) Concurrent Mark Cycle 1372.248ms
.[3520.761s][info][gc,start       ] GC(811) Pause Young (Prepare Mixed) (G1 Evacuation Pause)
[3520.761s][info][gc,task        ] GC(811) Using 6 workers of 6 for evacuation
[3520.880s][info][gc,phases      ] GC(811)   Pre Evacuate Collection Set: 0.30ms
[3520.880s][info][gc,phases      ] GC(811)   Merge Heap Roots: 0.55ms
[3520.880s][info][gc,phases      ] GC(811)   Evacuate Collection Set: 116.95ms
[3520.880s][info][gc,phases      ] GC(811)   Post Evacuate Collection Set: 0.89ms
[3520.880s][info][gc,phases      ] GC(811)   Other: 0.10ms
[3520.880s][info][gc,heap        ] GC(811) Eden regions: 1117->0(1108)
[3520.880s][info][gc,heap        ] GC(811) Survivor regions: 111->112(154)
[3520.880s][info][gc,heap        ] GC(811) Old regions: 502->533
[3520.880s][info][gc,heap        ] GC(811) Humongous regions: 80->80
[3520.880s][info][gc,metaspace   ] GC(811) Metaspace: 28917K(29312K)->28917K(29312K) NonClass: 24049K(24256K)->24049K(24256K) Class: 4868K(5056K)->4868K(5056K)
[3520.880s][info][gc             ] GC(811) Pause Young (Prepare Mixed) (G1 Evacuation Pause) 3618M->1449M(4096M) 118.942ms
[3520.880s][info][gc,cpu         ] GC(811) User=0.71s Sys=0.00s Real=0.12s
...[3523.795s][info][gc,start       ] GC(812) Pause Young (Mixed) (G1 Evacuation Pause)
[3523.795s][info][gc,task        ] GC(812) Using 6 workers of 6 for evacuation
[3523.931s][info][gc,phases      ] GC(812)   Pre Evacuate Collection Set: 0.34ms
[3523.931s][info][gc,phases      ] GC(812)   Merge Heap Roots: 0.72ms
[3523.931s][info][gc,phases      ] GC(812)   Evacuate Collection Set: 134.55ms
[3523.931s][info][gc,phases      ] GC(812)   Post Evacuate Collection Set: 0.95ms
[3523.931s][info][gc,phases      ] GC(812)   Other: 0.09ms
[3523.931s][info][gc,heap        ] GC(812) Eden regions: 1108->0(1117)
[3523.931s][info][gc,heap        ] GC(812) Survivor regions: 112->111(153)
[3523.931s][info][gc,heap        ] GC(812) Old regions: 533->471
[3523.931s][info][gc,heap        ] GC(812) Humongous regions: 80->80
[3523.931s][info][gc,metaspace   ] GC(812) Metaspace: 28917K(29312K)->28917K(29312K) NonClass: 24049K(24256K)->24049K(24256K) Class: 4868K(5056K)->4868K(5056K)
[3523.931s][info][gc             ] GC(812) Pause Young (Mixed) (G1 Evacuation Pause) 3665M->1322M(4096M) 136.782ms
[3523.931s][info][gc,cpu         ] GC(812) User=0.81s Sys=0.00s Real=0.13s
...[3526.864s][info][gc,start       ] GC(813) Pause Young (Concurrent Start) (G1 Evacuation Pause)
[3526.864s][info][gc,task        ] GC(813) Using 6 workers of 6 for evacuation
[3526.980s][info][gc,phases      ] GC(813)   Pre Evacuate Collection Set: 0.35ms
[3526.981s][info][gc,phases      ] GC(813)   Merge Heap Roots: 0.44ms
[3526.981s][info][gc,phases      ] GC(813)   Evacuate Collection Set: 113.89ms
[3526.981s][info][gc,phases      ] GC(813)   Post Evacuate Collection Set: 0.87ms
[3526.981s][info][gc,phases      ] GC(813)   Other: 0.11ms
[3526.981s][info][gc,heap        ] GC(813) Eden regions: 1117->0(1119)
[3526.981s][info][gc,heap        ] GC(813) Survivor regions: 111->109(154)
[3526.981s][info][gc,heap        ] GC(813) Old regions: 471->503
[3526.981s][info][gc,heap        ] GC(813) Humongous regions: 80->80
[3526.981s][info][gc,metaspace   ] GC(813) Metaspace: 28917K(29312K)->28917K(29312K) NonClass: 24049K(24256K)->24049K(24256K) Class: 4868K(5056K)->4868K(5056K)
[3526.981s][info][gc             ] GC(813) Pause Young (Concurrent Start) (G1 Evacuation Pause) 3556M->1383M(4096M) 116.542ms
[3526.981s][info][gc             ] GC(814) Concurrent Mark Cycle
[3526.981s][info][gc,marking     ] GC(814) Concurrent Scan Root Regions
[3526.981s][info][gc,cpu         ] GC(813) User=0.69s Sys=0.00s Real=0.11s
.[3527.168s][info][gc,marking     ] GC(814) Concurrent Scan Root Regions 187.195ms
[3527.168s][info][gc,marking     ] GC(814) Concurrent Mark
[3527.168s][info][gc,marking     ] GC(814) Concurrent Mark From Roots
[3527.168s][info][gc,task        ] GC(814) Using 2 workers of 2 for marking
.[3528.066s][info][gc,marking     ] GC(814) Concurrent Mark From Roots 898.317ms
[3528.066s][info][gc,marking     ] GC(814) Concurrent Preclean
[3528.066s][info][gc,marking     ] GC(814) Concurrent Preclean 0.139ms
[3528.067s][info][gc,start       ] GC(814) Pause Remark
[3528.073s][info][gc             ] GC(814) Pause Remark 2245M->2245M(4096M) 6.219ms
[3528.073s][info][gc,cpu         ] GC(814) User=0.04s Sys=0.01s Real=0.01s
[3528.073s][info][gc,marking     ] GC(814) Concurrent Mark 905.038ms
[3528.073s][info][gc,marking     ] GC(814) Concurrent Rebuild Remembered Sets and Scrub Regions
[3528.355s][info][gc,marking     ] GC(814) Concurrent Rebuild Remembered Sets and Scrub Regions 281.591ms
[3528.355s][info][gc,start       ] GC(814) Pause Cleanup
[3528.355s][info][gc             ] GC(814) Pause Cleanup 2444M->2444M(4096M) 0.120ms
[3528.355s][info][gc,cpu         ] GC(814) User=0.00s Sys=0.00s Real=0.00s
[3528.355s][info][gc,marking     ] GC(814) Concurrent Clear Claimed Marks
[3528.355s][info][gc,marking     ] GC(814) Concurrent Clear Claimed Marks 0.028ms
[3528.355s][info][gc,marking     ] GC(814) Concurrent Cleanup for Next Mark
[3528.360s][info][gc,marking     ] GC(814) Concurrent Cleanup for Next Mark 5.119ms
[3528.360s][info][gc             ] GC(814) Concurrent Mark Cycle 1379.470ms
..[3530.005s][info][gc,start       ] GC(815) Pause Young (Prepare Mixed) (G1 Evacuation Pause)
[3530.005s][info][gc,task        ] GC(815) Using 6 workers of 6 for evacuation
[3530.120s][info][gc,phases      ] GC(815)   Pre Evacuate Collection Set: 0.32ms
[3530.120s][info][gc,phases      ] GC(815)   Merge Heap Roots: 0.48ms
[3530.120s][info][gc,phases      ] GC(815)   Evacuate Collection Set: 112.65ms
[3530.120s][info][gc,phases      ] GC(815)   Post Evacuate Collection Set: 0.91ms
[3530.120s][info][gc,phases      ] GC(815)   Other: 0.07ms
[3530.120s][info][gc,heap        ] GC(815) Eden regions: 1119->0(1114)
[3530.120s][info][gc,heap        ] GC(815) Survivor regions: 109->108(154)
[3530.120s][info][gc,heap        ] GC(815) Old regions: 503->535
[3530.120s][info][gc,heap        ] GC(815) Humongous regions: 80->80
[3530.120s][info][gc,metaspace   ] GC(815) Metaspace: 28917K(29312K)->28917K(29312K) NonClass: 24049K(24256K)->24049K(24256K) Class: 4868K(5056K)->4868K(5056K)
[3530.120s][info][gc             ] GC(815) Pause Young (Prepare Mixed) (G1 Evacuation Pause) 3621M->1443M(4096M) 114.570ms
[3530.120s][info][gc,cpu         ] GC(815) User=0.68s Sys=0.00s Real=0.11s
...[3533.043s][info][gc,start       ] GC(816) Pause Young (Mixed) (G1 Evacuation Pause)
[3533.043s][info][gc,task        ] GC(816) Using 6 workers of 6 for evacuation
[3533.175s][info][gc,phases      ] GC(816)   Pre Evacuate Collection Set: 0.35ms
[3533.175s][info][gc,phases      ] GC(816)   Merge Heap Roots: 0.59ms
[3533.175s][info][gc,phases      ] GC(816)   Evacuate Collection Set: 130.61ms
[3533.175s][info][gc,phases      ] GC(816)   Post Evacuate Collection Set: 0.95ms
[3533.175s][info][gc,phases      ] GC(816)   Other: 0.08ms
[3533.175s][info][gc,heap        ] GC(816) Eden regions: 1114->0(1116)
[3533.175s][info][gc,heap        ] GC(816) Survivor regions: 108->112(153)
[3533.175s][info][gc,heap        ] GC(816) Old regions: 535->472
[3533.175s][info][gc,heap        ] GC(816) Humongous regions: 80->80
[3533.175s][info][gc,metaspace   ] GC(816) Metaspace: 28917K(29312K)->28917K(29312K) NonClass: 24049K(24256K)->24049K(24256K) Class: 4868K(5056K)->4868K(5056K)
[3533.175s][info][gc             ] GC(816) Pause Young (Mixed) (G1 Evacuation Pause) 3671M->1326M(4096M) 132.738ms
[3533.175s][info][gc,cpu         ] GC(816) User=0.79s Sys=0.00s Real=0.13s
...[3536.127s][info][gc,start       ] GC(817) Pause Young (Concurrent Start) (G1 Evacuation Pause)
[3536.127s][info][gc,task        ] GC(817) Using 6 workers of 6 for evacuation
[3536.241s][info][gc,phases      ] GC(817)   Pre Evacuate Collection Set: 0.34ms
[3536.241s][info][gc,phases      ] GC(817)   Merge Heap Roots: 0.44ms
[3536.241s][info][gc,phases      ] GC(817)   Evacuate Collection Set: 112.47ms
[3536.241s][info][gc,phases      ] GC(817)   Post Evacuate Collection Set: 0.87ms
[3536.241s][info][gc,phases      ] GC(817)   Other: 0.09ms
[3536.241s][info][gc,heap        ] GC(817) Eden regions: 1116->0(1121)
[3536.241s][info][gc,heap        ] GC(817) Survivor regions: 112->107(154)
[3536.241s][info][gc,heap        ] GC(817) Old regions: 472->504
[3536.241s][info][gc,heap        ] GC(817) Humongous regions: 80->80
[3536.241s][info][gc,metaspace   ] GC(817) Metaspace: 28917K(29312K)->28917K(29312K) NonClass: 24049K(24256K)->24049K(24256K) Class: 4868K(5056K)->4868K(5056K)
[3536.241s][info][gc             ] GC(817) Pause Young (Concurrent Start) (G1 Evacuation Pause) 3558M->1380M(4096M) 114.339ms
[3536.241s][info][gc             ] GC(818) Concurrent Mark Cycle
[3536.241s][info][gc,marking     ] GC(818) Concurrent Scan Root Regions
[3536.241s][info][gc,cpu         ] GC(817) User=0.68s Sys=0.00s Real=0.11s
[3536.421s][info][gc,marking     ] GC(818) Concurrent Scan Root Regions 179.545ms
[3536.421s][info][gc,marking     ] GC(818) Concurrent Mark
[3536.421s][info][gc,marking     ] GC(818) Concurrent Mark From Roots
[3536.421s][info][gc,task        ] GC(818) Using 2 workers of 2 for marking
.[3537.359s][info][gc,marking     ] GC(818) Concurrent Mark From Roots 937.916ms
[3537.359s][info][gc,marking     ] GC(818) Concurrent Preclean
[3537.359s][info][gc,marking     ] GC(818) Concurrent Preclean 0.119ms
[3537.360s][info][gc,start       ] GC(818) Pause Remark
[3537.367s][info][gc             ] GC(818) Pause Remark 2270M->2270M(4096M) 6.495ms
[3537.367s][info][gc,cpu         ] GC(818) User=0.03s Sys=0.00s Real=0.01s
[3537.367s][info][gc,marking     ] GC(818) Concurrent Mark 945.974ms
[3537.367s][info][gc,marking     ] GC(818) Concurrent Rebuild Remembered Sets and Scrub Regions
[3537.628s][info][gc,marking     ] GC(818) Concurrent Rebuild Remembered Sets and Scrub Regions 260.983ms
[3537.628s][info][gc,start       ] GC(818) Pause Cleanup
[3537.628s][info][gc             ] GC(818) Pause Cleanup 2486M->2486M(4096M) 0.102ms
[3537.628s][info][gc,cpu         ] GC(818) User=0.00s Sys=0.00s Real=0.00s
[3537.628s][info][gc,marking     ] GC(818) Concurrent Clear Claimed Marks
[3537.628s][info][gc,marking     ] GC(818) Concurrent Clear Claimed Marks 0.019ms
[3537.628s][info][gc,marking     ] GC(818) Concurrent Cleanup for Next Mark
[3537.632s][info][gc,marking     ] GC(818) Concurrent Cleanup for Next Mark 3.190ms
[3537.632s][info][gc             ] GC(818) Concurrent Mark Cycle 1390.126ms
..[3539.247s][info][gc,start       ] GC(819) Pause Young (Prepare Mixed) (G1 Evacuation Pause)
[3539.247s][info][gc,task        ] GC(819) Using 6 workers of 6 for evacuation
[3539.361s][info][gc,phases      ] GC(819)   Pre Evacuate Collection Set: 0.31ms
[3539.361s][info][gc,phases      ] GC(819)   Merge Heap Roots: 0.50ms
[3539.361s][info][gc,phases      ] GC(819)   Evacuate Collection Set: 112.65ms
[3539.361s][info][gc,phases      ] GC(819)   Post Evacuate Collection Set: 0.91ms
[3539.361s][info][gc,phases      ] GC(819)   Other: 0.09ms
[3539.361s][info][gc,heap        ] GC(819) Eden regions: 1121->0(1113)
[3539.361s][info][gc,heap        ] GC(819) Survivor regions: 107->108(154)
[3539.361s][info][gc,heap        ] GC(819) Old regions: 504->536
[3539.361s][info][gc,heap        ] GC(819) Humongous regions: 80->80
[3539.361s][info][gc,metaspace   ] GC(819) Metaspace: 28917K(29312K)->28917K(29312K) NonClass: 24049K(24256K)->24049K(24256K) Class: 4868K(5056K)->4868K(5056K)
[3539.362s][info][gc             ] GC(819) Pause Young (Prepare Mixed) (G1 Evacuation Pause) 3622M->1446M(4096M) 114.595ms
[3539.362s][info][gc,cpu         ] GC(819) User=0.68s Sys=0.00s Real=0.11s
...[3542.258s][info][gc,start       ] GC(820) Pause Young (Mixed) (G1 Evacuation Pause)
[3542.258s][info][gc,task        ] GC(820) Using 6 workers of 6 for evacuation
[3542.396s][info][gc,phases      ] GC(820)   Pre Evacuate Collection Set: 0.38ms
[3542.396s][info][gc,phases      ] GC(820)   Merge Heap Roots: 0.76ms
[3542.396s][info][gc,phases      ] GC(820)   Evacuate Collection Set: 135.34ms
[3542.396s][info][gc,phases      ] GC(820)   Post Evacuate Collection Set: 0.94ms
[3542.396s][info][gc,phases      ] GC(820)   Other: 0.08ms
[3542.396s][info][gc,heap        ] GC(820) Eden regions: 1113->0(1117)
[3542.396s][info][gc,heap        ] GC(820) Survivor regions: 108->111(153)
[3542.396s][info][gc,heap        ] GC(820) Old regions: 536->473
[3542.396s][info][gc,heap        ] GC(820) Humongous regions: 80->80
[3542.396s][info][gc,metaspace   ] GC(820) Metaspace: 28917K(29312K)->28917K(29312K) NonClass: 24049K(24256K)->24049K(24256K) Class: 4868K(5056K)->4868K(5056K)
[3542.396s][info][gc             ] GC(820) Pause Young (Mixed) (G1 Evacuation Pause) 3672M->1325M(4096M) 137.634ms
[3542.396s][info][gc,cpu         ] GC(820) User=0.82s Sys=0.00s Real=0.14s
...[3545.379s][info][gc,start       ] GC(821) Pause Young (Concurrent Start) (G1 Evacuation Pause)
[3545.379s][info][gc,task        ] GC(821) Using 6 workers of 6 for evacuation
[3545.497s][info][gc,phases      ] GC(821)   Pre Evacuate Collection Set: 0.33ms
[3545.497s][info][gc,phases      ] GC(821)   Merge Heap Roots: 0.47ms
[3545.497s][info][gc,phases      ] GC(821)   Evacuate Collection Set: 116.51ms
[3545.497s][info][gc,phases      ] GC(821)   Post Evacuate Collection Set: 0.87ms
[3545.497s][info][gc,phases      ] GC(821)   Other: 0.13ms
[3545.497s][info][gc,heap        ] GC(821) Eden regions: 1117->0(1117)
[3545.497s][info][gc,heap        ] GC(821) Survivor regions: 111->111(154)
[3545.497s][info][gc,heap        ] GC(821) Old regions: 473->505
[3545.497s][info][gc,heap        ] GC(821) Humongous regions: 80->80
[3545.497s][info][gc,metaspace   ] GC(821) Metaspace: 28917K(29312K)->28917K(29312K) NonClass: 24049K(24256K)->24049K(24256K) Class: 4868K(5056K)->4868K(5056K)
[3545.497s][info][gc             ] GC(821) Pause Young (Concurrent Start) (G1 Evacuation Pause) 3559M->1390M(4096M) 118.426ms
[3545.497s][info][gc             ] GC(822) Concurrent Mark Cycle
[3545.497s][info][gc,marking     ] GC(822) Concurrent Scan Root Regions
[3545.497s][info][gc,cpu         ] GC(821) User=0.70s Sys=0.00s Real=0.12s
[3545.641s][info][gc,marking     ] GC(822) Concurrent Scan Root Regions 143.930ms
[3545.641s][info][gc,marking     ] GC(822) Concurrent Mark
[3545.641s][info][gc,marking     ] GC(822) Concurrent Mark From Roots
[3545.641s][info][gc,task        ] GC(822) Using 2 workers of 2 for marking
.[3546.312s][info][gc,marking     ] GC(822) Concurrent Mark From Roots 670.500ms
[3546.312s][info][gc,marking     ] GC(822) Concurrent Preclean
[3546.312s][info][gc,marking     ] GC(822) Concurrent Preclean 0.083ms
[3546.313s][info][gc,start       ] GC(822) Pause Remark
[3546.316s][info][gc             ] GC(822) Pause Remark 2024M->2024M(4096M) 3.020ms
[3546.316s][info][gc,cpu         ] GC(822) User=0.01s Sys=0.00s Real=0.00s
[3546.317s][info][gc,marking     ] GC(822) Concurrent Mark 675.349ms
[3546.317s][info][gc,marking     ] GC(822) Concurrent Rebuild Remembered Sets and Scrub Regions
[3546.561s][info][gc,marking     ] GC(822) Concurrent Rebuild Remembered Sets and Scrub Regions 244.611ms
[3546.561s][info][gc,start       ] GC(822) Pause Cleanup
[3546.561s][info][gc             ] GC(822) Pause Cleanup 2210M->2210M(4096M) 0.108ms
[3546.561s][info][gc,cpu         ] GC(822) User=0.00s Sys=0.00s Real=0.00s
[3546.561s][info][gc,marking     ] GC(822) Concurrent Clear Claimed Marks
[3546.561s][info][gc,marking     ] GC(822) Concurrent Clear Claimed Marks 0.029ms
[3546.561s][info][gc,marking     ] GC(822) Concurrent Cleanup for Next Mark
[3546.565s][info][gc,marking     ] GC(822) Concurrent Cleanup for Next Mark 3.919ms
[3546.565s][info][gc             ] GC(822) Concurrent Mark Cycle 1068.249ms
..[3548.437s][info][gc,start       ] GC(823) Pause Young (Prepare Mixed) (G1 Evacuation Pause)
[3548.437s][info][gc,task        ] GC(823) Using 6 workers of 6 for evacuation
[3548.553s][info][gc,phases      ] GC(823)   Pre Evacuate Collection Set: 0.30ms
[3548.553s][info][gc,phases      ] GC(823)   Merge Heap Roots: 0.51ms
[3548.553s][info][gc,phases      ] GC(823)   Evacuate Collection Set: 114.75ms
[3548.553s][info][gc,phases      ] GC(823)   Post Evacuate Collection Set: 0.92ms
[3548.553s][info][gc,phases      ] GC(823)   Other: 0.08ms
[3548.553s][info][gc,heap        ] GC(823) Eden regions: 1117->0(1111)
[3548.553s][info][gc,heap        ] GC(823) Survivor regions: 111->109(154)
[3548.553s][info][gc,heap        ] GC(823) Old regions: 505->536
[3548.553s][info][gc,heap        ] GC(823) Humongous regions: 80->80
[3548.553s][info][gc,metaspace   ] GC(823) Metaspace: 28917K(29312K)->28917K(29312K) NonClass: 24049K(24256K)->24049K(24256K) Class: 4868K(5056K)->4868K(5056K)
[3548.553s][info][gc             ] GC(823) Pause Young (Prepare Mixed) (G1 Evacuation Pause) 3624M->1449M(4096M) 116.686ms
[3548.553s][info][gc,cpu         ] GC(823) User=0.70s Sys=0.00s Real=0.12s
...[3551.537s][info][gc,start       ] GC(824) Pause Young (Mixed) (G1 Evacuation Pause)
[3551.537s][info][gc,task        ] GC(824) Using 6 workers of 6 for evacuation
[3551.674s][info][gc,phases      ] GC(824)   Pre Evacuate Collection Set: 0.35ms
[3551.674s][info][gc,phases      ] GC(824)   Merge Heap Roots: 0.78ms
[3551.674s][info][gc,phases      ] GC(824)   Evacuate Collection Set: 134.26ms
[3551.674s][info][gc,phases      ] GC(824)   Post Evacuate Collection Set: 0.92ms
[3551.674s][info][gc,phases      ] GC(824)   Other: 0.09ms
[3551.674s][info][gc,heap        ] GC(824) Eden regions: 1111->0(1118)
[3551.674s][info][gc,heap        ] GC(824) Survivor regions: 109->110(153)
[3551.674s][info][gc,heap        ] GC(824) Old regions: 536->473
[3551.674s][info][gc,heap        ] GC(824) Humongous regions: 80->80
[3551.674s][info][gc,metaspace   ] GC(824) Metaspace: 28917K(29312K)->28917K(29312K) NonClass: 24049K(24256K)->24049K(24256K) Class: 4868K(5056K)->4868K(5056K)
[3551.674s][info][gc             ] GC(824) Pause Young (Mixed) (G1 Evacuation Pause) 3671M->1324M(4096M) 136.542ms
[3551.674s][info][gc,cpu         ] GC(824) User=0.82s Sys=0.00s Real=0.14s
.. (rIR:aIR:PR = 6088:6087:6087) (tPR = 90205) [OK] 
  3552s: Performance info:
         Transaction,    Success,    Partial,     Failed,   Receipts, AvgBarcode, 
             Overall,     365862,          0,          0,     347545,      59.48, 
         Response times:
             Request,    Success,    Partial,     Failed,   SkipFail,     Probes,    Samples,      min,      p50,      p90,      p95,      p99,      max, 
       TotalPurchase,     347545,          0,          0,          0,     341272,     412246,      300,     5000,    14700,    35000,    78000,   207000,
     InStorePurchase,     182932,          0,          0,          0,     179956,     217198,      300,     5000,    14800,    36000,    79000,   207000,
      OnlinePurchase,     128026,          0,          0,          0,     125705,     151577,      300,     4900,    14700,    35000,    76000,   207000,
        InstPurchase,      36587,          0,          0,          0,      35611,      43471,      400,     4800,    14300,    34000,    77000,   207000,
          AssocOfCat,        368,          0,          0,          0,        308,        475,    23000,    36000,    60000,    81200,   169480,   182000,
      AssocOfProduct,       3663,          0,          0,          0,       3443,       4402,      400,     4200,    13370,    31000,    68000,   151000,
      BusinessReport,        917,          0,          0,          0,        788,       1050,    25000,    39000,    69900,    92000,   166000,   225000,
          CustBuyBeh,       3665,          0,          0,          0,       3421,       4371,      500,     5900,    16980,    38000,    79000,   151000,
       ProductReturn,       9704,          0,          0,          0,       9215,      11367,      200,     5400,    14900,    33000,    79000,   162000,

  3552s: (45%)   IR =   6227 .[3554.585s][info][gc,start       ] GC(825) Pause Young (Concurrent Start) (G1 Evacuation Pause)
[3554.585s][info][gc,task        ] GC(825) Using 6 workers of 6 for evacuation
[3554.705s][info][gc,phases      ] GC(825)   Pre Evacuate Collection Set: 0.37ms
[3554.705s][info][gc,phases      ] GC(825)   Merge Heap Roots: 0.45ms
[3554.705s][info][gc,phases      ] GC(825)   Evacuate Collection Set: 117.75ms
[3554.705s][info][gc,phases      ] GC(825)   Post Evacuate Collection Set: 0.93ms
[3554.705s][info][gc,phases      ] GC(825)   Other: 0.12ms
[3554.705s][info][gc,heap        ] GC(825) Eden regions: 1118->0(1116)
[3554.705s][info][gc,heap        ] GC(825) Survivor regions: 110->112(154)
[3554.705s][info][gc,heap        ] GC(825) Old regions: 473->505
[3554.705s][info][gc,heap        ] GC(825) Humongous regions: 80->80
[3554.705s][info][gc,metaspace   ] GC(825) Metaspace: 28917K(29312K)->28917K(29312K) NonClass: 24049K(24256K)->24049K(24256K) Class: 4868K(5056K)->4868K(5056K)
[3554.705s][info][gc             ] GC(825) Pause Young (Concurrent Start) (G1 Evacuation Pause) 3560M->1392M(4096M) 119.754ms
[3554.705s][info][gc             ] GC(826) Concurrent Mark Cycle
[3554.705s][info][gc,marking     ] GC(826) Concurrent Scan Root Regions
[3554.705s][info][gc,cpu         ] GC(825) User=0.71s Sys=0.00s Real=0.12s
[3554.894s][info][gc,marking     ] GC(826) Concurrent Scan Root Regions 188.999ms
[3554.894s][info][gc,marking     ] GC(826) Concurrent Mark
[3554.894s][info][gc,marking     ] GC(826) Concurrent Mark From Roots
[3554.894s][info][gc,task        ] GC(826) Using 2 workers of 2 for marking
.[3555.855s][info][gc,marking     ] GC(826) Concurrent Mark From Roots 961.355ms
[3555.855s][info][gc,marking     ] GC(826) Concurrent Preclean
[3555.855s][info][gc,marking     ] GC(826) Concurrent Preclean 0.175ms
[3555.857s][info][gc,start       ] GC(826) Pause Remark
[3555.863s][info][gc             ] GC(826) Pause Remark 2316M->2316M(4096M) 6.238ms
[3555.863s][info][gc,cpu         ] GC(826) User=0.04s Sys=0.00s Real=0.01s
[3555.863s][info][gc,marking     ] GC(826) Concurrent Mark 969.610ms
[3555.863s][info][gc,marking     ] GC(826) Concurrent Rebuild Remembered Sets and Scrub Regions
.[3556.266s][info][gc,marking     ] GC(826) Concurrent Rebuild Remembered Sets and Scrub Regions 402.282ms
[3556.266s][info][gc,start       ] GC(826) Pause Cleanup
[3556.266s][info][gc             ] GC(826) Pause Cleanup 2635M->2635M(4096M) 0.104ms
[3556.266s][info][gc,cpu         ] GC(826) User=0.00s Sys=0.00s Real=0.00s
[3556.266s][info][gc,marking     ] GC(826) Concurrent Clear Claimed Marks
[3556.266s][info][gc,marking     ] GC(826) Concurrent Clear Claimed Marks 0.021ms
[3556.266s][info][gc,marking     ] GC(826) Concurrent Cleanup for Next Mark
[3556.270s][info][gc,marking     ] GC(826) Concurrent Cleanup for Next Mark 3.731ms
[3556.270s][info][gc             ] GC(826) Concurrent Mark Cycle 1565.044ms
.[3557.581s][info][gc,start       ] GC(827) Pause Young (Prepare Mixed) (G1 Evacuation Pause)
[3557.581s][info][gc,task        ] GC(827) Using 6 workers of 6 for evacuation
[3557.699s][info][gc,phases      ] GC(827)   Pre Evacuate Collection Set: 0.31ms
[3557.699s][info][gc,phases      ] GC(827)   Merge Heap Roots: 0.50ms
[3557.699s][info][gc,phases      ] GC(827)   Evacuate Collection Set: 115.59ms
[3557.699s][info][gc,phases      ] GC(827)   Post Evacuate Collection Set: 0.91ms
[3557.699s][info][gc,phases      ] GC(827)   Other: 0.09ms
[3557.699s][info][gc,heap        ] GC(827) Eden regions: 1116->0(1110)
[3557.699s][info][gc,heap        ] GC(827) Survivor regions: 112->109(154)
[3557.699s][info][gc,heap        ] GC(827) Old regions: 505->537
[3557.699s][info][gc,heap        ] GC(827) Humongous regions: 80->80
[3557.699s][info][gc,metaspace   ] GC(827) Metaspace: 28917K(29312K)->28917K(29312K) NonClass: 24049K(24256K)->24049K(24256K) Class: 4868K(5056K)->4868K(5056K)
[3557.699s][info][gc             ] GC(827) Pause Young (Prepare Mixed) (G1 Evacuation Pause) 3624M->1450M(4096M) 117.539ms
[3557.699s][info][gc,cpu         ] GC(827) User=0.70s Sys=0.00s Real=0.12s
.|..[3560.641s][info][gc,start       ] GC(828) Pause Young (Mixed) (G1 Evacuation Pause)
[3560.641s][info][gc,task        ] GC(828) Using 6 workers of 6 for evacuation
[3560.778s][info][gc,phases      ] GC(828)   Pre Evacuate Collection Set: 0.33ms
[3560.778s][info][gc,phases      ] GC(828)   Merge Heap Roots: 0.67ms
[3560.778s][info][gc,phases      ] GC(828)   Evacuate Collection Set: 135.59ms
[3560.778s][info][gc,phases      ] GC(828)   Post Evacuate Collection Set: 0.92ms
[3560.778s][info][gc,phases      ] GC(828)   Other: 0.09ms
[3560.778s][info][gc,heap        ] GC(828) Eden regions: 1110->0(1115)
[3560.778s][info][gc,heap        ] GC(828) Survivor regions: 109->113(153)
[3560.778s][info][gc,heap        ] GC(828) Old regions: 537->472
[3560.778s][info][gc,heap        ] GC(828) Humongous regions: 80->80
[3560.778s][info][gc,metaspace   ] GC(828) Metaspace: 28917K(29312K)->28917K(29312K) NonClass: 24049K(24256K)->24049K(24256K) Class: 4868K(5056K)->4868K(5056K)
[3560.778s][info][gc             ] GC(828) Pause Young (Mixed) (G1 Evacuation Pause) 3670M->1329M(4096M) 137.730ms
[3560.778s][info][gc,cpu         ] GC(828) User=0.82s Sys=0.00s Real=0.14s
...[3563.592s][info][gc,start       ] GC(829) Pause Young (Concurrent Start) (G1 Evacuation Pause)
[3563.592s][info][gc,task        ] GC(829) Using 6 workers of 6 for evacuation
[3563.710s][info][gc,phases      ] GC(829)   Pre Evacuate Collection Set: 0.35ms
[3563.710s][info][gc,phases      ] GC(829)   Merge Heap Roots: 0.45ms
[3563.710s][info][gc,phases      ] GC(829)   Evacuate Collection Set: 116.17ms
[3563.710s][info][gc,phases      ] GC(829)   Post Evacuate Collection Set: 0.87ms
[3563.710s][info][gc,phases      ] GC(829)   Other: 0.12ms
[3563.710s][info][gc,heap        ] GC(829) Eden regions: 1115->0(1118)
[3563.710s][info][gc,heap        ] GC(829) Survivor regions: 113->110(154)
[3563.710s][info][gc,heap        ] GC(829) Old regions: 472->504
[3563.710s][info][gc,heap        ] GC(829) Humongous regions: 80->80
[3563.710s][info][gc,metaspace   ] GC(829) Metaspace: 28917K(29312K)->28917K(29312K) NonClass: 24049K(24256K)->24049K(24256K) Class: 4868K(5056K)->4868K(5056K)
[3563.710s][info][gc             ] GC(829) Pause Young (Concurrent Start) (G1 Evacuation Pause) 3559M->1387M(4096M) 118.073ms
[3563.710s][info][gc             ] GC(830) Concurrent Mark Cycle
[3563.710s][info][gc,marking     ] GC(830) Concurrent Scan Root Regions
[3563.710s][info][gc,cpu         ] GC(829) User=0.70s Sys=0.00s Real=0.11s
[3563.839s][info][gc,marking     ] GC(830) Concurrent Scan Root Regions 128.553ms
[3563.839s][info][gc,marking     ] GC(830) Concurrent Mark
[3563.839s][info][gc,marking     ] GC(830) Concurrent Mark From Roots
[3563.839s][info][gc,task        ] GC(830) Using 2 workers of 2 for marking
.[3564.422s][info][gc,marking     ] GC(830) Concurrent Mark From Roots 583.188ms
[3564.422s][info][gc,marking     ] GC(830) Concurrent Preclean
[3564.422s][info][gc,marking     ] GC(830) Concurrent Preclean 0.107ms
[3564.423s][info][gc,start       ] GC(830) Pause Remark
[3564.427s][info][gc             ] GC(830) Pause Remark 1949M->1949M(4096M) 4.157ms
[3564.427s][info][gc,cpu         ] GC(830) User=0.03s Sys=0.00s Real=0.00s
[3564.428s][info][gc,marking     ] GC(830) Concurrent Mark 588.860ms
[3564.428s][info][gc,marking     ] GC(830) Concurrent Rebuild Remembered Sets and Scrub Regions
[3564.637s][info][gc,marking     ] GC(830) Concurrent Rebuild Remembered Sets and Scrub Regions 209.651ms
[3564.640s][info][gc,start       ] GC(830) Pause Cleanup
[3564.640s][info][gc             ] GC(830) Pause Cleanup 2141M->2141M(4096M) 0.134ms
[3564.640s][info][gc,cpu         ] GC(830) User=0.00s Sys=0.00s Real=0.00s
[3564.640s][info][gc,marking     ] GC(830) Concurrent Clear Claimed Marks
[3564.640s][info][gc,marking     ] GC(830) Concurrent Clear Claimed Marks 0.033ms
[3564.640s][info][gc,marking     ] GC(830) Concurrent Cleanup for Next Mark
[3564.645s][info][gc,marking     ] GC(830) Concurrent Cleanup for Next Mark 4.813ms
[3564.645s][info][gc             ] GC(830) Concurrent Mark Cycle 934.878ms
..[3566.619s][info][gc,start       ] GC(831) Pause Young (Prepare Mixed) (G1 Evacuation Pause)
[3566.619s][info][gc,task        ] GC(831) Using 6 workers of 6 for evacuation
[3566.737s][info][gc,phases      ] GC(831)   Pre Evacuate Collection Set: 0.36ms
[3566.737s][info][gc,phases      ] GC(831)   Merge Heap Roots: 0.52ms
[3566.737s][info][gc,phases      ] GC(831)   Evacuate Collection Set: 116.03ms
[3566.737s][info][gc,phases      ] GC(831)   Post Evacuate Collection Set: 0.94ms
[3566.737s][info][gc,phases      ] GC(831)   Other: 0.08ms
[3566.737s][info][gc,heap        ] GC(831) Eden regions: 1118->0(1108)
[3566.737s][info][gc,heap        ] GC(831) Survivor regions: 110->110(154)
[3566.737s][info][gc,heap        ] GC(831) Old regions: 504->537
[3566.737s][info][gc,heap        ] GC(831) Humongous regions: 80->80
[3566.737s][info][gc,metaspace   ] GC(831) Metaspace: 28917K(29312K)->28917K(29312K) NonClass: 24049K(24256K)->24049K(24256K) Class: 4868K(5056K)->4868K(5056K)
[3566.737s][info][gc             ] GC(831) Pause Young (Prepare Mixed) (G1 Evacuation Pause) 3623M->1451M(4096M) 118.052ms
[3566.737s][info][gc,cpu         ] GC(831) User=0.70s Sys=0.00s Real=0.12s
...[3569.604s][info][gc,start       ] GC(832) Pause Young (Mixed) (G1 Evacuation Pause)
[3569.605s][info][gc,task        ] GC(832) Using 6 workers of 6 for evacuation
[3569.738s][info][gc,phases      ] GC(832)   Pre Evacuate Collection Set: 0.34ms
[3569.738s][info][gc,phases      ] GC(832)   Merge Heap Roots: 0.70ms
[3569.738s][info][gc,phases      ] GC(832)   Evacuate Collection Set: 131.34ms
[3569.738s][info][gc,phases      ] GC(832)   Post Evacuate Collection Set: 0.94ms
[3569.738s][info][gc,phases      ] GC(832)   Other: 0.09ms
[3569.738s][info][gc,heap        ] GC(832) Eden regions: 1108->0(1119)
[3569.738s][info][gc,heap        ] GC(832) Survivor regions: 110->109(153)
[3569.738s][info][gc,heap        ] GC(832) Old regions: 537->473
[3569.738s][info][gc,heap        ] GC(832) Humongous regions: 80->80
[3569.738s][info][gc,metaspace   ] GC(832) Metaspace: 28917K(29312K)->28917K(29312K) NonClass: 24049K(24256K)->24049K(24256K) Class: 4868K(5056K)->4868K(5056K)
[3569.738s][info][gc             ] GC(832) Pause Young (Mixed) (G1 Evacuation Pause) 3667M->1321M(4096M) 133.523ms
[3569.738s][info][gc,cpu         ] GC(832) User=0.80s Sys=0.00s Real=0.13s
...[3572.604s][info][gc,start       ] GC(833) Pause Young (Concurrent Start) (G1 Evacuation Pause)
[3572.604s][info][gc,task        ] GC(833) Using 6 workers of 6 for evacuation
[3572.719s][info][gc,phases      ] GC(833)   Pre Evacuate Collection Set: 0.36ms
[3572.719s][info][gc,phases      ] GC(833)   Merge Heap Roots: 0.48ms
[3572.719s][info][gc,phases      ] GC(833)   Evacuate Collection Set: 113.22ms
[3572.719s][info][gc,phases      ] GC(833)   Post Evacuate Collection Set: 0.90ms
[3572.719s][info][gc,phases      ] GC(833)   Other: 0.12ms
[3572.719s][info][gc,heap        ] GC(833) Eden regions: 1119->0(1119)
[3572.719s][info][gc,heap        ] GC(833) Survivor regions: 109->109(154)
[3572.719s][info][gc,heap        ] GC(833) Old regions: 473->505
[3572.719s][info][gc,heap        ] GC(833) Humongous regions: 80->80
[3572.719s][info][gc,metaspace   ] GC(833) Metaspace: 28917K(29312K)->28917K(29312K) NonClass: 24049K(24256K)->24049K(24256K) Class: 4868K(5056K)->4868K(5056K)
[3572.719s][info][gc             ] GC(833) Pause Young (Concurrent Start) (G1 Evacuation Pause) 3559M->1385M(4096M) 115.245ms
[3572.719s][info][gc             ] GC(834) Concurrent Mark Cycle
[3572.719s][info][gc,marking     ] GC(834) Concurrent Scan Root Regions
[3572.719s][info][gc,cpu         ] GC(833) User=0.69s Sys=0.00s Real=0.11s
[3572.862s][info][gc,marking     ] GC(834) Concurrent Scan Root Regions 142.790ms
[3572.862s][info][gc,marking     ] GC(834) Concurrent Mark
[3572.862s][info][gc,marking     ] GC(834) Concurrent Mark From Roots
[3572.862s][info][gc,task        ] GC(834) Using 2 workers of 2 for marking
.[3573.534s][info][gc,marking     ] GC(834) Concurrent Mark From Roots 672.597ms
[3573.535s][info][gc,marking     ] GC(834) Concurrent Preclean
[3573.535s][info][gc,marking     ] GC(834) Concurrent Preclean 0.082ms
[3573.535s][info][gc,start       ] GC(834) Pause Remark
[3573.540s][info][gc             ] GC(834) Pause Remark 2013M->2013M(4096M) 5.021ms
[3573.540s][info][gc,cpu         ] GC(834) User=0.03s Sys=0.00s Real=0.00s
[3573.540s][info][gc,marking     ] GC(834) Concurrent Mark 678.002ms
[3573.540s][info][gc,marking     ] GC(834) Concurrent Rebuild Remembered Sets and Scrub Regions
[3573.786s][info][gc,marking     ] GC(834) Concurrent Rebuild Remembered Sets and Scrub Regions 246.283ms
[3573.787s][info][gc,start       ] GC(834) Pause Cleanup
[3573.787s][info][gc             ] GC(834) Pause Cleanup 2205M->2205M(4096M) 0.111ms
[3573.787s][info][gc,cpu         ] GC(834) User=0.00s Sys=0.00s Real=0.00s
[3573.787s][info][gc,marking     ] GC(834) Concurrent Clear Claimed Marks
[3573.787s][info][gc,marking     ] GC(834) Concurrent Clear Claimed Marks 0.022ms
[3573.787s][info][gc,marking     ] GC(834) Concurrent Cleanup for Next Mark
[3573.793s][info][gc,marking     ] GC(834) Concurrent Cleanup for Next Mark 5.750ms
[3573.793s][info][gc             ] GC(834) Concurrent Mark Cycle 1073.632ms
..[3575.682s][info][gc,start       ] GC(835) Pause Young (Prepare Mixed) (G1 Evacuation Pause)
[3575.682s][info][gc,task        ] GC(835) Using 6 workers of 6 for evacuation
[3575.802s][info][gc,phases      ] GC(835)   Pre Evacuate Collection Set: 0.30ms
[3575.802s][info][gc,phases      ] GC(835)   Merge Heap Roots: 0.52ms
[3575.802s][info][gc,phases      ] GC(835)   Evacuate Collection Set: 117.30ms
[3575.802s][info][gc,phases      ] GC(835)   Post Evacuate Collection Set: 0.91ms
[3575.802s][info][gc,phases      ] GC(835)   Other: 0.08ms
[3575.802s][info][gc,heap        ] GC(835) Eden regions: 1119->0(1105)
[3575.802s][info][gc,heap        ] GC(835) Survivor regions: 109->112(154)
[3575.802s][info][gc,heap        ] GC(835) Old regions: 505->536
[3575.802s][info][gc,heap        ] GC(835) Humongous regions: 80->80
[3575.802s][info][gc,metaspace   ] GC(835) Metaspace: 28917K(29312K)->28917K(29312K) NonClass: 24049K(24256K)->24049K(24256K) Class: 4868K(5056K)->4868K(5056K)
[3575.802s][info][gc             ] GC(835) Pause Young (Prepare Mixed) (G1 Evacuation Pause) 3623M->1453M(4096M) 119.248ms
[3575.802s][info][gc,cpu         ] GC(835) User=0.71s Sys=0.00s Real=0.12s
...[3578.668s][info][gc,start       ] GC(836) Pause Young (Mixed) (G1 Evacuation Pause)
[3578.668s][info][gc,task        ] GC(836) Using 6 workers of 6 for evacuation
[3578.802s][info][gc,phases      ] GC(836)   Pre Evacuate Collection Set: 0.34ms
[3578.802s][info][gc,phases      ] GC(836)   Merge Heap Roots: 0.62ms
[3578.802s][info][gc,phases      ] GC(836)   Evacuate Collection Set: 132.15ms
[3578.802s][info][gc,phases      ] GC(836)   Post Evacuate Collection Set: 0.94ms
[3578.802s][info][gc,phases      ] GC(836)   Other: 0.08ms
[3578.802s][info][gc,heap        ] GC(836) Eden regions: 1105->0(1116)
[3578.802s][info][gc,heap        ] GC(836) Survivor regions: 112->112(153)
[3578.802s][info][gc,heap        ] GC(836) Old regions: 536->471
[3578.802s][info][gc,heap        ] GC(836) Humongous regions: 80->80
[3578.802s][info][gc,metaspace   ] GC(836) Metaspace: 28917K(29312K)->28917K(29312K) NonClass: 24049K(24256K)->24049K(24256K) Class: 4868K(5056K)->4868K(5056K)
[3578.802s][info][gc             ] GC(836) Pause Young (Mixed) (G1 Evacuation Pause) 3663M->1325M(4096M) 134.284ms
[3578.802s][info][gc,cpu         ] GC(836) User=0.80s Sys=0.01s Real=0.14s
...[3581.664s][info][gc,start       ] GC(837) Pause Young (Concurrent Start) (G1 Evacuation Pause)
[3581.664s][info][gc,task        ] GC(837) Using 6 workers of 6 for evacuation
[3581.782s][info][gc,phases      ] GC(837)   Pre Evacuate Collection Set: 0.38ms
[3581.782s][info][gc,phases      ] GC(837)   Merge Heap Roots: 0.48ms
[3581.782s][info][gc,phases      ] GC(837)   Evacuate Collection Set: 116.89ms
[3581.782s][info][gc,phases      ] GC(837)   Post Evacuate Collection Set: 0.88ms
[3581.782s][info][gc,phases      ] GC(837)   Other: 0.11ms
[3581.782s][info][gc,heap        ] GC(837) Eden regions: 1116->0(1117)
[3581.782s][info][gc,heap        ] GC(837) Survivor regions: 112->111(154)
[3581.782s][info][gc,heap        ] GC(837) Old regions: 471->503
[3581.782s][info][gc,heap        ] GC(837) Humongous regions: 80->80
[3581.782s][info][gc,metaspace   ] GC(837) Metaspace: 28917K(29312K)->28917K(29312K) NonClass: 24049K(24256K)->24049K(24256K) Class: 4868K(5056K)->4868K(5056K)
[3581.782s][info][gc             ] GC(837) Pause Young (Concurrent Start) (G1 Evacuation Pause) 3557M->1386M(4096M) 118.872ms
[3581.782s][info][gc             ] GC(838) Concurrent Mark Cycle
[3581.782s][info][gc,marking     ] GC(838) Concurrent Scan Root Regions
[3581.782s][info][gc,cpu         ] GC(837) User=0.71s Sys=0.00s Real=0.12s
[3581.982s][info][gc,marking     ] GC(838) Concurrent Scan Root Regions 199.281ms
[3581.982s][info][gc,marking     ] GC(838) Concurrent Mark
[3581.982s][info][gc,marking     ] GC(838) Concurrent Mark From Roots
[3581.982s][info][gc,task        ] GC(838) Using 2 workers of 2 for marking
.[3582.664s][info][gc,marking     ] GC(838) Concurrent Mark From Roots 681.846ms
[3582.664s][info][gc,marking     ] GC(838) Concurrent Preclean
[3582.664s][info][gc,marking     ] GC(838) Concurrent Preclean 0.084ms
[3582.666s][info][gc,start       ] GC(838) Pause Remark
[3582.670s][info][gc             ] GC(838) Pause Remark 2126M->2126M(4096M) 4.523ms
[3582.671s][info][gc,cpu         ] GC(838) User=0.03s Sys=0.00s Real=0.00s
[3582.671s][info][gc,marking     ] GC(838) Concurrent Mark 688.836ms
[3582.671s][info][gc,marking     ] GC(838) Concurrent Rebuild Remembered Sets and Scrub Regions
[3582.923s][info][gc,marking     ] GC(838) Concurrent Rebuild Remembered Sets and Scrub Regions 252.244ms
[3582.923s][info][gc,start       ] GC(838) Pause Cleanup
[3582.923s][info][gc             ] GC(838) Pause Cleanup 2338M->2338M(4096M) 0.107ms
[3582.923s][info][gc,cpu         ] GC(838) User=0.01s Sys=0.00s Real=0.00s
[3582.923s][info][gc,marking     ] GC(838) Concurrent Clear Claimed Marks
[3582.923s][info][gc,marking     ] GC(838) Concurrent Clear Claimed Marks 0.022ms
[3582.923s][info][gc,marking     ] GC(838) Concurrent Cleanup for Next Mark
[3582.927s][info][gc,marking     ] GC(838) Concurrent Cleanup for Next Mark 3.351ms
[3582.927s][info][gc             ] GC(838) Concurrent Mark Cycle 1144.158ms
..[3584.618s][info][gc,start       ] GC(839) Pause Young (Prepare Mixed) (G1 Evacuation Pause)
[3584.618s][info][gc,task        ] GC(839) Using 6 workers of 6 for evacuation
[3584.736s][info][gc,phases      ] GC(839)   Pre Evacuate Collection Set: 0.30ms
[3584.736s][info][gc,phases      ] GC(839)   Merge Heap Roots: 0.48ms
[3584.736s][info][gc,phases      ] GC(839)   Evacuate Collection Set: 116.38ms
[3584.736s][info][gc,phases      ] GC(839)   Post Evacuate Collection Set: 0.96ms
[3584.736s][info][gc,phases      ] GC(839)   Other: 0.09ms
[3584.736s][info][gc,heap        ] GC(839) Eden regions: 1117->0(1109)
[3584.736s][info][gc,heap        ] GC(839) Survivor regions: 111->110(154)
[3584.736s][info][gc,heap        ] GC(839) Old regions: 503->536
[3584.736s][info][gc,heap        ] GC(839) Humongous regions: 80->80
[3584.736s][info][gc,metaspace   ] GC(839) Metaspace: 28917K(29312K)->28917K(29312K) NonClass: 24049K(24256K)->24049K(24256K) Class: 4868K(5056K)->4868K(5056K)
[3584.736s][info][gc             ] GC(839) Pause Young (Prepare Mixed) (G1 Evacuation Pause) 3620M->1450M(4096M) 118.352ms
[3584.736s][info][gc,cpu         ] GC(839) User=0.71s Sys=0.00s Real=0.12s
...[3587.695s][info][gc,start       ] GC(840) Pause Young (Mixed) (G1 Evacuation Pause)
[3587.695s][info][gc,task        ] GC(840) Using 6 workers of 6 for evacuation
[3587.828s][info][gc,phases      ] GC(840)   Pre Evacuate Collection Set: 0.36ms
[3587.828s][info][gc,phases      ] GC(840)   Merge Heap Roots: 0.62ms
[3587.828s][info][gc,phases      ] GC(840)   Evacuate Collection Set: 130.59ms
[3587.828s][info][gc,phases      ] GC(840)   Post Evacuate Collection Set: 0.94ms
[3587.828s][info][gc,phases      ] GC(840)   Other: 0.09ms
[3587.828s][info][gc,heap        ] GC(840) Eden regions: 1109->0(1118)
[3587.828s][info][gc,heap        ] GC(840) Survivor regions: 110->110(153)
[3587.828s][info][gc,heap        ] GC(840) Old regions: 536->472
[3587.828s][info][gc,heap        ] GC(840) Humongous regions: 80->80
[3587.828s][info][gc,metaspace   ] GC(840) Metaspace: 28917K(29312K)->28917K(29312K) NonClass: 24049K(24256K)->24049K(24256K) Class: 4868K(5056K)->4868K(5056K)
[3587.828s][info][gc             ] GC(840) Pause Young (Mixed) (G1 Evacuation Pause) 3668M->1322M(4096M) 132.734ms
[3587.828s][info][gc,cpu         ] GC(840) User=0.79s Sys=0.00s Real=0.13s
...[3590.658s][info][gc,start       ] GC(841) Pause Young (Concurrent Start) (G1 Evacuation Pause)
[3590.658s][info][gc,task        ] GC(841) Using 6 workers of 6 for evacuation
[3590.783s][info][gc,phases      ] GC(841)   Pre Evacuate Collection Set: 0.35ms
[3590.783s][info][gc,phases      ] GC(841)   Merge Heap Roots: 0.47ms
[3590.783s][info][gc,phases      ] GC(841)   Evacuate Collection Set: 122.26ms
[3590.783s][info][gc,phases      ] GC(841)   Post Evacuate Collection Set: 0.89ms
[3590.783s][info][gc,phases      ] GC(841)   Other: 0.12ms
[3590.783s][info][gc,heap        ] GC(841) Eden regions: 1118->0(1114)
[3590.783s][info][gc,heap        ] GC(841) Survivor regions: 110->114(154)
[3590.783s][info][gc,heap        ] GC(841) Old regions: 472->503
[3590.783s][info][gc,heap        ] GC(841) Humongous regions: 80->80
[3590.783s][info][gc,metaspace   ] GC(841) Metaspace: 28917K(29312K)->28917K(29312K) NonClass: 24049K(24256K)->24049K(24256K) Class: 4868K(5056K)->4868K(5056K)
[3590.783s][info][gc             ] GC(841) Pause Young (Concurrent Start) (G1 Evacuation Pause) 3558M->1393M(4096M) 124.223ms
[3590.783s][info][gc             ] GC(842) Concurrent Mark Cycle
[3590.783s][info][gc,marking     ] GC(842) Concurrent Scan Root Regions
[3590.783s][info][gc,cpu         ] GC(841) User=0.74s Sys=0.00s Real=0.13s
[3590.940s][info][gc,marking     ] GC(842) Concurrent Scan Root Regions 157.635ms
[3590.940s][info][gc,marking     ] GC(842) Concurrent Mark
[3590.940s][info][gc,marking     ] GC(842) Concurrent Mark From Roots
[3590.940s][info][gc,task        ] GC(842) Using 2 workers of 2 for marking
.[3591.613s][info][gc,marking     ] GC(842) Concurrent Mark From Roots 672.397ms
[3591.613s][info][gc,marking     ] GC(842) Concurrent Preclean
[3591.613s][info][gc,marking     ] GC(842) Concurrent Preclean 0.116ms
[3591.613s][info][gc,start       ] GC(842) Pause Remark
[3591.618s][info][gc             ] GC(842) Pause Remark 2063M->2063M(4096M) 4.914ms
[3591.618s][info][gc,cpu         ] GC(842) User=0.03s Sys=0.00s Real=0.00s
[3591.619s][info][gc,marking     ] GC(842) Concurrent Mark 678.339ms
[3591.619s][info][gc,marking     ] GC(842) Concurrent Rebuild Remembered Sets and Scrub Regions
[3591.868s][info][gc,marking     ] GC(842) Concurrent Rebuild Remembered Sets and Scrub Regions 248.827ms
[3591.868s][info][gc,start       ] GC(842) Pause Cleanup
[3591.868s][info][gc             ] GC(842) Pause Cleanup 2247M->2247M(4096M) 0.108ms
[3591.868s][info][gc,cpu         ] GC(842) User=0.00s Sys=0.00s Real=0.00s
[3591.868s][info][gc,marking     ] GC(842) Concurrent Clear Claimed Marks
[3591.868s][info][gc,marking     ] GC(842) Concurrent Clear Claimed Marks 0.027ms
[3591.868s][info][gc,marking     ] GC(842) Concurrent Cleanup for Next Mark
[3591.871s][info][gc,marking     ] GC(842) Concurrent Cleanup for Next Mark 3.454ms
[3591.871s][info][gc             ] GC(842) Concurrent Mark Cycle 1088.714ms
..[3593.660s][info][gc,start       ] GC(843) Pause Young (Prepare Mixed) (G1 Evacuation Pause)
[3593.660s][info][gc,task        ] GC(843) Using 6 workers of 6 for evacuation
[3593.776s][info][gc,phases      ] GC(843)   Pre Evacuate Collection Set: 0.31ms
[3593.776s][info][gc,phases      ] GC(843)   Merge Heap Roots: 0.56ms
[3593.776s][info][gc,phases      ] GC(843)   Evacuate Collection Set: 114.31ms
[3593.776s][info][gc,phases      ] GC(843)   Post Evacuate Collection Set: 0.91ms
[3593.776s][info][gc,phases      ] GC(843)   Other: 0.09ms
[3593.776s][info][gc,heap        ] GC(843) Eden regions: 1114->0(1111)
[3593.776s][info][gc,heap        ] GC(843) Survivor regions: 114->109(154)
[3593.776s][info][gc,heap        ] GC(843) Old regions: 503->536
[3593.776s][info][gc,heap        ] GC(843) Humongous regions: 80->80
[3593.776s][info][gc,metaspace   ] GC(843) Metaspace: 28917K(29312K)->28917K(29312K) NonClass: 24049K(24256K)->24049K(24256K) Class: 4868K(5056K)->4868K(5056K)
[3593.776s][info][gc             ] GC(843) Pause Young (Prepare Mixed) (G1 Evacuation Pause) 3621M->1448M(4096M) 116.307ms
[3593.776s][info][gc,cpu         ] GC(843) User=0.69s Sys=0.00s Real=0.12s
...[3596.693s][info][gc,start       ] GC(844) Pause Young (Mixed) (G1 Evacuation Pause)
[3596.693s][info][gc,task        ] GC(844) Using 6 workers of 6 for evacuation
[3596.828s][info][gc,phases      ] GC(844)   Pre Evacuate Collection Set: 0.35ms
[3596.828s][info][gc,phases      ] GC(844)   Merge Heap Roots: 0.76ms
[3596.828s][info][gc,phases      ] GC(844)   Evacuate Collection Set: 132.61ms
[3596.828s][info][gc,phases      ] GC(844)   Post Evacuate Collection Set: 0.91ms
[3596.828s][info][gc,phases      ] GC(844)   Other: 0.09ms
[3596.828s][info][gc,heap        ] GC(844) Eden regions: 1111->0(1119)
[3596.828s][info][gc,heap        ] GC(844) Survivor regions: 109->109(153)
[3596.828s][info][gc,heap        ] GC(844) Old regions: 536->472
[3596.828s][info][gc,heap        ] GC(844) Humongous regions: 80->80
[3596.828s][info][gc,metaspace   ] GC(844) Metaspace: 28917K(29312K)->28917K(29312K) NonClass: 24049K(24256K)->24049K(24256K) Class: 4868K(5056K)->4868K(5056K)
[3596.828s][info][gc             ] GC(844) Pause Young (Mixed) (G1 Evacuation Pause) 3670M->1320M(4096M) 134.842ms
[3596.828s][info][gc,cpu         ] GC(844) User=0.81s Sys=0.00s Real=0.13s
...[3599.713s][info][gc,start       ] GC(845) Pause Young (Concurrent Start) (G1 Evacuation Pause)
[3599.713s][info][gc,task        ] GC(845) Using 6 workers of 6 for evacuation
[3599.834s][info][gc,phases      ] GC(845)   Pre Evacuate Collection Set: 0.40ms
[3599.834s][info][gc,phases      ] GC(845)   Merge Heap Roots: 0.45ms
[3599.834s][info][gc,phases      ] GC(845)   Evacuate Collection Set: 118.40ms
[3599.834s][info][gc,phases      ] GC(845)   Post Evacuate Collection Set: 0.88ms
[3599.834s][info][gc,phases      ] GC(845)   Other: 0.12ms
[3599.834s][info][gc,heap        ] GC(845) Eden regions: 1119->0(1115)
[3599.834s][info][gc,heap        ] GC(845) Survivor regions: 109->113(154)
[3599.834s][info][gc,heap        ] GC(845) Old regions: 472->504
[3599.834s][info][gc,heap        ] GC(845) Humongous regions: 80->80
[3599.834s][info][gc,metaspace   ] GC(845) Metaspace: 28917K(29312K)->28917K(29312K) NonClass: 24049K(24256K)->24049K(24256K) Class: 4868K(5056K)->4868K(5056K)
[3599.834s][info][gc             ] GC(845) Pause Young (Concurrent Start) (G1 Evacuation Pause) 3558M->1391M(4096M) 120.379ms
[3599.834s][info][gc             ] GC(846) Concurrent Mark Cycle
[3599.834s][info][gc,marking     ] GC(846) Concurrent Scan Root Regions
[3599.834s][info][gc,cpu         ] GC(845) User=0.71s Sys=0.00s Real=0.12s
[3599.982s][info][gc,marking     ] GC(846) Concurrent Scan Root Regions 148.102ms
[3599.982s][info][gc,marking     ] GC(846) Concurrent Mark
[3599.982s][info][gc,marking     ] GC(846) Concurrent Mark From Roots
[3599.982s][info][gc,task        ] GC(846) Using 2 workers of 2 for marking
.[3600.659s][info][gc,marking     ] GC(846) Concurrent Mark From Roots 677.296ms
[3600.659s][info][gc,marking     ] GC(846) Concurrent Preclean
[3600.659s][info][gc,marking     ] GC(846) Concurrent Preclean 0.108ms
[3600.660s][info][gc,start       ] GC(846) Pause Remark
[3600.664s][info][gc             ] GC(846) Pause Remark 2029M->2029M(4096M) 4.809ms
[3600.665s][info][gc,cpu         ] GC(846) User=0.03s Sys=0.00s Real=0.01s
[3600.665s][info][gc,marking     ] GC(846) Concurrent Mark 682.635ms
[3600.665s][info][gc,marking     ] GC(846) Concurrent Rebuild Remembered Sets and Scrub Regions
[3601.025s][info][gc,marking     ] GC(846) Concurrent Rebuild Remembered Sets and Scrub Regions 359.983ms
[3601.025s][info][gc,start       ] GC(846) Pause Cleanup
[3601.025s][info][gc             ] GC(846) Pause Cleanup 2330M->2330M(4096M) 0.117ms
[3601.025s][info][gc,cpu         ] GC(846) User=0.00s Sys=0.00s Real=0.00s
[3601.026s][info][gc,marking     ] GC(846) Concurrent Clear Claimed Marks
[3601.026s][info][gc,marking     ] GC(846) Concurrent Clear Claimed Marks 0.041ms
[3601.026s][info][gc,marking     ] GC(846) Concurrent Cleanup for Next Mark
[3601.031s][info][gc,marking     ] GC(846) Concurrent Cleanup for Next Mark 4.922ms
[3601.031s][info][gc             ] GC(846) Concurrent Mark Cycle 1196.900ms
..[3602.697s][info][gc,start       ] GC(847) Pause Young (Prepare Mixed) (G1 Evacuation Pause)
[3602.697s][info][gc,task        ] GC(847) Using 6 workers of 6 for evacuation
[3602.814s][info][gc,phases      ] GC(847)   Pre Evacuate Collection Set: 0.32ms
[3602.814s][info][gc,phases      ] GC(847)   Merge Heap Roots: 0.48ms
[3602.814s][info][gc,phases      ] GC(847)   Evacuate Collection Set: 115.22ms
[3602.814s][info][gc,phases      ] GC(847)   Post Evacuate Collection Set: 0.93ms
[3602.814s][info][gc,phases      ] GC(847)   Other: 0.08ms
[3602.814s][info][gc,heap        ] GC(847) Eden regions: 1115->0(1111)
[3602.814s][info][gc,heap        ] GC(847) Survivor regions: 113->109(154)
[3602.814s][info][gc,heap        ] GC(847) Old regions: 504->536
[3602.814s][info][gc,heap        ] GC(847) Humongous regions: 80->80
[3602.814s][info][gc,metaspace   ] GC(847) Metaspace: 28917K(29312K)->28917K(29312K) NonClass: 24049K(24256K)->24049K(24256K) Class: 4868K(5056K)->4868K(5056K)
[3602.814s][info][gc             ] GC(847) Pause Young (Prepare Mixed) (G1 Evacuation Pause) 3621M->1448M(4096M) 117.159ms
[3602.814s][info][gc,cpu         ] GC(847) User=0.70s Sys=0.00s Real=0.12s
...[3605.727s][info][gc,start       ] GC(848) Pause Young (Mixed) (G1 Evacuation Pause)
[3605.727s][info][gc,task        ] GC(848) Using 6 workers of 6 for evacuation
[3605.858s][info][gc,phases      ] GC(848)   Pre Evacuate Collection Set: 0.38ms
[3605.858s][info][gc,phases      ] GC(848)   Merge Heap Roots: 0.64ms
[3605.858s][info][gc,phases      ] GC(848)   Evacuate Collection Set: 128.81ms
[3605.858s][info][gc,phases      ] GC(848)   Post Evacuate Collection Set: 0.92ms
[3605.858s][info][gc,phases      ] GC(848)   Other: 0.09ms
[3605.858s][info][gc,heap        ] GC(848) Eden regions: 1111->0(1118)
[3605.858s][info][gc,heap        ] GC(848) Survivor regions: 109->110(153)
[3605.858s][info][gc,heap        ] GC(848) Old regions: 536->472
[3605.858s][info][gc,heap        ] GC(848) Humongous regions: 80->80
[3605.858s][info][gc,metaspace   ] GC(848) Metaspace: 28917K(29312K)->28917K(29312K) NonClass: 24049K(24256K)->24049K(24256K) Class: 4868K(5056K)->4868K(5056K)
[3605.858s][info][gc             ] GC(848) Pause Young (Mixed) (G1 Evacuation Pause) 3670M->1321M(4096M) 130.966ms
[3605.858s][info][gc,cpu         ] GC(848) User=0.78s Sys=0.00s Real=0.13s
...[3608.722s][info][gc,start       ] GC(849) Pause Young (Concurrent Start) (G1 Evacuation Pause)
[3608.722s][info][gc,task        ] GC(849) Using 6 workers of 6 for evacuation
[3608.842s][info][gc,phases      ] GC(849)   Pre Evacuate Collection Set: 0.38ms
[3608.842s][info][gc,phases      ] GC(849)   Merge Heap Roots: 0.45ms
[3608.842s][info][gc,phases      ] GC(849)   Evacuate Collection Set: 118.69ms
[3608.842s][info][gc,phases      ] GC(849)   Post Evacuate Collection Set: 0.84ms
[3608.843s][info][gc,phases      ] GC(849)   Other: 0.12ms
[3608.843s][info][gc,heap        ] GC(849) Eden regions: 1118->0(1113)
[3608.843s][info][gc,heap        ] GC(849) Survivor regions: 110->115(154)
[3608.843s][info][gc,heap        ] GC(849) Old regions: 472->503
[3608.843s][info][gc,heap        ] GC(849) Humongous regions: 80->80
[3608.843s][info][gc,metaspace   ] GC(849) Metaspace: 28917K(29312K)->28917K(29312K) NonClass: 24049K(24256K)->24049K(24256K) Class: 4868K(5056K)->4868K(5056K)
[3608.843s][info][gc             ] GC(849) Pause Young (Concurrent Start) (G1 Evacuation Pause) 3557M->1394M(4096M) 120.612ms
[3608.843s][info][gc             ] GC(850) Concurrent Mark Cycle
[3608.843s][info][gc,marking     ] GC(850) Concurrent Scan Root Regions
[3608.843s][info][gc,cpu         ] GC(849) User=0.72s Sys=0.00s Real=0.12s
[3609.033s][info][gc,marking     ] GC(850) Concurrent Scan Root Regions 190.776ms
[3609.033s][info][gc,marking     ] GC(850) Concurrent Mark
[3609.033s][info][gc,marking     ] GC(850) Concurrent Mark From Roots
[3609.033s][info][gc,task        ] GC(850) Using 2 workers of 2 for marking
.[3609.706s][info][gc,marking     ] GC(850) Concurrent Mark From Roots 672.514ms
[3609.706s][info][gc,marking     ] GC(850) Concurrent Preclean
[3609.706s][info][gc,marking     ] GC(850) Concurrent Preclean 0.074ms
[3609.706s][info][gc,start       ] GC(850) Pause Remark
[3609.712s][info][gc             ] GC(850) Pause Remark 2111M->2111M(4096M) 5.898ms
[3609.712s][info][gc,cpu         ] GC(850) User=0.04s Sys=0.00s Real=0.01s
[3609.712s][info][gc,marking     ] GC(850) Concurrent Mark 678.721ms
[3609.712s][info][gc,marking     ] GC(850) Concurrent Rebuild Remembered Sets and Scrub Regions
[3609.960s][info][gc,marking     ] GC(850) Concurrent Rebuild Remembered Sets and Scrub Regions 247.408ms
[3609.996s][info][gc,start       ] GC(850) Pause Cleanup
[3609.996s][info][gc             ] GC(850) Pause Cleanup 2304M->2304M(4096M) 0.126ms
[3609.996s][info][gc,cpu         ] GC(850) User=0.00s Sys=0.00s Real=0.00s
[3609.997s][info][gc,marking     ] GC(850) Concurrent Clear Claimed Marks
[3609.997s][info][gc,marking     ] GC(850) Concurrent Clear Claimed Marks 0.033ms
[3609.997s][info][gc,marking     ] GC(850) Concurrent Cleanup for Next Mark
[3610.002s][info][gc,marking     ] GC(850) Concurrent Cleanup for Next Mark 5.406ms
[3610.002s][info][gc             ] GC(850) Concurrent Mark Cycle 1159.640ms
..[3611.768s][info][gc,start       ] GC(851) Pause Young (Prepare Mixed) (G1 Evacuation Pause)
[3611.768s][info][gc,task        ] GC(851) Using 6 workers of 6 for evacuation
[3611.890s][info][gc,phases      ] GC(851)   Pre Evacuate Collection Set: 0.29ms
[3611.890s][info][gc,phases      ] GC(851)   Merge Heap Roots: 0.50ms
[3611.890s][info][gc,phases      ] GC(851)   Evacuate Collection Set: 120.21ms
[3611.890s][info][gc,phases      ] GC(851)   Post Evacuate Collection Set: 0.93ms
[3611.890s][info][gc,phases      ] GC(851)   Other: 0.08ms
[3611.890s][info][gc,heap        ] GC(851) Eden regions: 1113->0(1104)
[3611.890s][info][gc,heap        ] GC(851) Survivor regions: 115->113(154)
[3611.890s][info][gc,heap        ] GC(851) Old regions: 503->535
[3611.890s][info][gc,heap        ] GC(851) Humongous regions: 80->80
[3611.890s][info][gc,metaspace   ] GC(851) Metaspace: 28917K(29312K)->28917K(29312K) NonClass: 24049K(24256K)->24049K(24256K) Class: 4868K(5056K)->4868K(5056K)
[3611.890s][info][gc             ] GC(851) Pause Young (Prepare Mixed) (G1 Evacuation Pause) 3620M->1455M(4096M) 122.140ms
[3611.890s][info][gc,cpu         ] GC(851) User=0.73s Sys=0.00s Real=0.12s
...[3614.711s][info][gc,start       ] GC(852) Pause Young (Mixed) (G1 Evacuation Pause)
[3614.712s][info][gc,task        ] GC(852) Using 6 workers of 6 for evacuation
[3614.844s][info][gc,phases      ] GC(852)   Pre Evacuate Collection Set: 0.38ms
[3614.844s][info][gc,phases      ] GC(852)   Merge Heap Roots: 0.70ms
[3614.844s][info][gc,phases      ] GC(852)   Evacuate Collection Set: 130.15ms
[3614.844s][info][gc,phases      ] GC(852)   Post Evacuate Collection Set: 0.94ms
[3614.844s][info][gc,phases      ] GC(852)   Other: 0.09ms
[3614.844s][info][gc,heap        ] GC(852) Eden regions: 1104->0(1119)
[3614.844s][info][gc,heap        ] GC(852) Survivor regions: 113->109(153)
[3614.844s][info][gc,heap        ] GC(852) Old regions: 535->470
[3614.844s][info][gc,heap        ] GC(852) Humongous regions: 80->80
[3614.844s][info][gc,metaspace   ] GC(852) Metaspace: 28917K(29312K)->28917K(29312K) NonClass: 24049K(24256K)->24049K(24256K) Class: 4868K(5056K)->4868K(5056K)
[3614.844s][info][gc             ] GC(852) Pause Young (Mixed) (G1 Evacuation Pause) 3663M->1317M(4096M) 132.413ms
[3614.844s][info][gc,cpu         ] GC(852) User=0.78s Sys=0.00s Real=0.14s
...[3617.757s][info][gc,start       ] GC(853) Pause Young (Concurrent Start) (G1 Evacuation Pause)
[3617.757s][info][gc,task        ] GC(853) Using 6 workers of 6 for evacuation
[3617.874s][info][gc,phases      ] GC(853)   Pre Evacuate Collection Set: 0.37ms
[3617.874s][info][gc,phases      ] GC(853)   Merge Heap Roots: 0.46ms
[3617.874s][info][gc,phases      ] GC(853)   Evacuate Collection Set: 114.88ms
[3617.874s][info][gc,phases      ] GC(853)   Post Evacuate Collection Set: 0.86ms
[3617.874s][info][gc,phases      ] GC(853)   Other: 0.12ms
[3617.874s][info][gc,heap        ] GC(853) Eden regions: 1119->0(1119)
[3617.874s][info][gc,heap        ] GC(853) Survivor regions: 109->109(154)
[3617.874s][info][gc,heap        ] GC(853) Old regions: 470->503
[3617.874s][info][gc,heap        ] GC(853) Humongous regions: 80->80
[3617.874s][info][gc,metaspace   ] GC(853) Metaspace: 28917K(29312K)->28917K(29312K) NonClass: 24049K(24256K)->24049K(24256K) Class: 4868K(5056K)->4868K(5056K)
[3617.874s][info][gc             ] GC(853) Pause Young (Concurrent Start) (G1 Evacuation Pause) 3555M->1382M(4096M) 116.841ms
[3617.874s][info][gc             ] GC(854) Concurrent Mark Cycle
[3617.874s][info][gc,marking     ] GC(854) Concurrent Scan Root Regions
[3617.874s][info][gc,cpu         ] GC(853) User=0.69s Sys=0.00s Real=0.12s
[3618.068s][info][gc,marking     ] GC(854) Concurrent Scan Root Regions 193.558ms
[3618.068s][info][gc,marking     ] GC(854) Concurrent Mark
[3618.068s][info][gc,marking     ] GC(854) Concurrent Mark From Roots
[3618.068s][info][gc,task        ] GC(854) Using 2 workers of 2 for marking
. (rIR:aIR:PR = 6227:6224:6224) (tPR = 91751) [OK] 
  3618s: Performance info:
         Transaction,    Success,    Partial,     Failed,   Receipts, AvgBarcode, 
             Overall,     374873,          0,          0,     356112,      59.48, 
         Response times:
             Request,    Success,    Partial,     Failed,   SkipFail,     Probes,    Samples,      min,      p50,      p90,      p95,      p99,      max, 
       TotalPurchase,     356112,          0,          0,          0,     350383,     380125,      200,     5200,    25000,    53000,   120740,   281000,
     InStorePurchase,     187439,          0,          0,          0,     184652,     200016,      300,     5300,    26000,    54000,   121000,   281000,
      OnlinePurchase,     131163,          0,          0,          0,     129107,     139993,      200,     5100,    24000,    52000,   120000,   281000,
        InstPurchase,      37510,          0,          0,          0,      36624,      40116,      400,     5200,    25000,    53000,   119000,   281000,
          AssocOfCat,        374,          0,          0,          0,        307,        426,    21000,    34000,    71000,   104000,   179190,   213000,
      AssocOfProduct,       3757,          0,          0,          0,       3495,       3988,      800,     5000,    22000,    46000,   110110,   184000,
      BusinessReport,        944,          0,          0,          0,        812,        985,    26000,    40000,    84000,   127400,   229140,   361000,
          CustBuyBeh,       3745,          0,          0,          0,       3490,       4013,      200,     3800,    16900,    46000,   120000,   266000,
       ProductReturn,       9941,          0,          0,          0,       9500,      10654,      300,     5700,    30000,    57000,   119000,   237000,

  3618s: (46%)   IR =   6365 [3618.915s][info][gc,marking     ] GC(854) Concurrent Mark From Roots 847.687ms
[3618.915s][info][gc,marking     ] GC(854) Concurrent Preclean
[3618.916s][info][gc,marking     ] GC(854) Concurrent Preclean 0.081ms
[3618.916s][info][gc,start       ] GC(854) Pause Remark
[3618.922s][info][gc             ] GC(854) Pause Remark 2212M->2212M(4096M) 6.236ms
[3618.922s][info][gc,cpu         ] GC(854) User=0.03s Sys=0.00s Real=0.01s
[3618.922s][info][gc,marking     ] GC(854) Concurrent Mark 854.240ms
[3618.922s][info][gc,marking     ] GC(854) Concurrent Rebuild Remembered Sets and Scrub Regions
[3619.249s][info][gc,marking     ] GC(854) Concurrent Rebuild Remembered Sets and Scrub Regions 326.992ms
[3619.249s][info][gc,start       ] GC(854) Pause Cleanup
[3619.249s][info][gc             ] GC(854) Pause Cleanup 2445M->2445M(4096M) 0.110ms
[3619.249s][info][gc,cpu         ] GC(854) User=0.00s Sys=0.00s Real=0.00s
[3619.250s][info][gc,marking     ] GC(854) Concurrent Clear Claimed Marks
[3619.250s][info][gc,marking     ] GC(854) Concurrent Clear Claimed Marks 0.036ms
[3619.250s][info][gc,marking     ] GC(854) Concurrent Cleanup for Next Mark
[3619.255s][info][gc,marking     ] GC(854) Concurrent Cleanup for Next Mark 5.618ms
[3619.255s][info][gc             ] GC(854) Concurrent Mark Cycle 1381.208ms
..[3620.768s][info][gc,start       ] GC(855) Pause Young (Prepare Mixed) (G1 Evacuation Pause)
[3620.768s][info][gc,task        ] GC(855) Using 6 workers of 6 for evacuation
[3620.889s][info][gc,phases      ] GC(855)   Pre Evacuate Collection Set: 0.29ms
[3620.889s][info][gc,phases      ] GC(855)   Merge Heap Roots: 0.51ms
[3620.889s][info][gc,phases      ] GC(855)   Evacuate Collection Set: 119.35ms
[3620.889s][info][gc,phases      ] GC(855)   Post Evacuate Collection Set: 0.90ms
[3620.889s][info][gc,phases      ] GC(855)   Other: 0.09ms
[3620.889s][info][gc,heap        ] GC(855) Eden regions: 1119->0(1105)
[3620.889s][info][gc,heap        ] GC(855) Survivor regions: 109->113(154)
[3620.889s][info][gc,heap        ] GC(855) Old regions: 503->534
[3620.889s][info][gc,heap        ] GC(855) Humongous regions: 80->80
[3620.889s][info][gc,metaspace   ] GC(855) Metaspace: 28919K(29312K)->28919K(29312K) NonClass: 24050K(24256K)->24050K(24256K) Class: 4868K(5056K)->4868K(5056K)
[3620.889s][info][gc             ] GC(855) Pause Young (Prepare Mixed) (G1 Evacuation Pause) 3620M->1453M(4096M) 121.259ms
[3620.889s][info][gc,cpu         ] GC(855) User=0.72s Sys=0.00s Real=0.12s
..|.[3623.705s][info][gc,start       ] GC(856) Pause Young (Mixed) (G1 Evacuation Pause)
[3623.705s][info][gc,task        ] GC(856) Using 6 workers of 6 for evacuation
[3623.843s][info][gc,phases      ] GC(856)   Pre Evacuate Collection Set: 0.37ms
[3623.843s][info][gc,phases      ] GC(856)   Merge Heap Roots: 0.81ms
[3623.843s][info][gc,phases      ] GC(856)   Evacuate Collection Set: 135.55ms
[3623.843s][info][gc,phases      ] GC(856)   Post Evacuate Collection Set: 0.99ms
[3623.843s][info][gc,phases      ] GC(856)   Other: 0.09ms
[3623.843s][info][gc,heap        ] GC(856) Eden regions: 1105->0(1116)
[3623.843s][info][gc,heap        ] GC(856) Survivor regions: 113->112(153)
[3623.843s][info][gc,heap        ] GC(856) Old regions: 534->472
[3623.843s][info][gc,heap        ] GC(856) Humongous regions: 80->80
[3623.843s][info][gc,metaspace   ] GC(856) Metaspace: 28919K(29312K)->28919K(29312K) NonClass: 24050K(24256K)->24050K(24256K) Class: 4868K(5056K)->4868K(5056K)
[3623.843s][info][gc             ] GC(856) Pause Young (Mixed) (G1 Evacuation Pause) 3663M->1327M(4096M) 137.937ms
[3623.843s][info][gc,cpu         ] GC(856) User=0.82s Sys=0.00s Real=0.14s
...[3626.621s][info][gc,start       ] GC(857) Pause Young (Concurrent Start) (G1 Evacuation Pause)
[3626.621s][info][gc,task        ] GC(857) Using 6 workers of 6 for evacuation
[3626.739s][info][gc,phases      ] GC(857)   Pre Evacuate Collection Set: 0.37ms
[3626.739s][info][gc,phases      ] GC(857)   Merge Heap Roots: 0.48ms
[3626.739s][info][gc,phases      ] GC(857)   Evacuate Collection Set: 116.00ms
[3626.739s][info][gc,phases      ] GC(857)   Post Evacuate Collection Set: 0.87ms
[3626.739s][info][gc,phases      ] GC(857)   Other: 0.11ms
[3626.739s][info][gc,heap        ] GC(857) Eden regions: 1116->0(1119)
[3626.739s][info][gc,heap        ] GC(857) Survivor regions: 112->109(154)
[3626.739s][info][gc,heap        ] GC(857) Old regions: 472->505
[3626.739s][info][gc,heap        ] GC(857) Humongous regions: 80->80
[3626.739s][info][gc,metaspace   ] GC(857) Metaspace: 28919K(29312K)->28919K(29312K) NonClass: 24050K(24256K)->24050K(24256K) Class: 4868K(5056K)->4868K(5056K)
[3626.739s][info][gc             ] GC(857) Pause Young (Concurrent Start) (G1 Evacuation Pause) 3559M->1387M(4096M) 117.961ms
[3626.739s][info][gc             ] GC(858) Concurrent Mark Cycle
[3626.739s][info][gc,marking     ] GC(858) Concurrent Scan Root Regions
[3626.739s][info][gc,cpu         ] GC(857) User=0.70s Sys=0.00s Real=0.12s
[3626.927s][info][gc,marking     ] GC(858) Concurrent Scan Root Regions 188.090ms
[3626.928s][info][gc,marking     ] GC(858) Concurrent Mark
[3626.928s][info][gc,marking     ] GC(858) Concurrent Mark From Roots
[3626.928s][info][gc,task        ] GC(858) Using 2 workers of 2 for marking
.[3627.765s][info][gc,marking     ] GC(858) Concurrent Mark From Roots 837.421ms
[3627.765s][info][gc,marking     ] GC(858) Concurrent Preclean
[3627.765s][info][gc,marking     ] GC(858) Concurrent Preclean 0.153ms
[3627.765s][info][gc,start       ] GC(858) Pause Remark
[3627.771s][info][gc             ] GC(858) Pause Remark 2212M->2212M(4096M) 5.707ms
[3627.771s][info][gc,cpu         ] GC(858) User=0.03s Sys=0.00s Real=0.00s
[3627.773s][info][gc,marking     ] GC(858) Concurrent Mark 845.366ms
[3627.773s][info][gc,marking     ] GC(858) Concurrent Rebuild Remembered Sets and Scrub Regions
[3628.139s][info][gc,marking     ] GC(858) Concurrent Rebuild Remembered Sets and Scrub Regions 366.180ms
[3628.140s][info][gc,start       ] GC(858) Pause Cleanup
[3628.140s][info][gc             ] GC(858) Pause Cleanup 2557M->2557M(4096M) 0.125ms
[3628.140s][info][gc,cpu         ] GC(858) User=0.00s Sys=0.00s Real=0.00s
[3628.141s][info][gc,marking     ] GC(858) Concurrent Clear Claimed Marks
[3628.141s][info][gc,marking     ] GC(858) Concurrent Clear Claimed Marks 0.036ms
[3628.141s][info][gc,marking     ] GC(858) Concurrent Cleanup for Next Mark
[3628.146s][info][gc,marking     ] GC(858) Concurrent Cleanup for Next Mark 4.853ms
[3628.146s][info][gc             ] GC(858) Concurrent Mark Cycle 1406.501ms
..[3629.566s][info][gc,start       ] GC(859) Pause Young (Prepare Mixed) (G1 Evacuation Pause)
[3629.566s][info][gc,task        ] GC(859) Using 6 workers of 6 for evacuation
[3629.683s][info][gc,phases      ] GC(859)   Pre Evacuate Collection Set: 0.33ms
[3629.683s][info][gc,phases      ] GC(859)   Merge Heap Roots: 0.51ms
[3629.683s][info][gc,phases      ] GC(859)   Evacuate Collection Set: 115.50ms
[3629.683s][info][gc,phases      ] GC(859)   Post Evacuate Collection Set: 0.88ms
[3629.683s][info][gc,phases      ] GC(859)   Other: 0.09ms
[3629.683s][info][gc,heap        ] GC(859) Eden regions: 1119->0(1109)
[3629.683s][info][gc,heap        ] GC(859) Survivor regions: 109->109(154)
[3629.683s][info][gc,heap        ] GC(859) Old regions: 505->538
[3629.683s][info][gc,heap        ] GC(859) Humongous regions: 80->80
[3629.683s][info][gc,metaspace   ] GC(859) Metaspace: 28919K(29312K)->28919K(29312K) NonClass: 24050K(24256K)->24050K(24256K) Class: 4868K(5056K)->4868K(5056K)
[3629.683s][info][gc             ] GC(859) Pause Young (Prepare Mixed) (G1 Evacuation Pause) 3625M->1452M(4096M) 117.422ms
[3629.683s][info][gc,cpu         ] GC(859) User=0.70s Sys=0.00s Real=0.12s
..[3632.497s][info][gc,start       ] GC(860) Pause Young (Mixed) (G1 Evacuation Pause)
[3632.498s][info][gc,task        ] GC(860) Using 6 workers of 6 for evacuation
[3632.629s][info][gc,phases      ] GC(860)   Pre Evacuate Collection Set: 0.39ms
[3632.629s][info][gc,phases      ] GC(860)   Merge Heap Roots: 0.69ms
[3632.629s][info][gc,phases      ] GC(860)   Evacuate Collection Set: 129.13ms
[3632.629s][info][gc,phases      ] GC(860)   Post Evacuate Collection Set: 0.94ms
[3632.629s][info][gc,phases      ] GC(860)   Other: 0.09ms
[3632.629s][info][gc,heap        ] GC(860) Eden regions: 1109->0(1120)
[3632.629s][info][gc,heap        ] GC(860) Survivor regions: 109->108(153)
[3632.629s][info][gc,heap        ] GC(860) Old regions: 538->474
[3632.629s][info][gc,heap        ] GC(860) Humongous regions: 80->80
[3632.629s][info][gc,metaspace   ] GC(860) Metaspace: 28919K(29312K)->28919K(29312K) NonClass: 24050K(24256K)->24050K(24256K) Class: 4868K(5056K)->4868K(5056K)
[3632.629s][info][gc             ] GC(860) Pause Young (Mixed) (G1 Evacuation Pause) 3670M->1323M(4096M) 131.395ms
[3632.629s][info][gc,cpu         ] GC(860) User=0.78s Sys=0.00s Real=0.13s
...[3635.509s][info][gc,start       ] GC(861) Pause Young (Concurrent Start) (G1 Evacuation Pause)
[3635.510s][info][gc,task        ] GC(861) Using 6 workers of 6 for evacuation
[3635.629s][info][gc,phases      ] GC(861)   Pre Evacuate Collection Set: 0.33ms
[3635.629s][info][gc,phases      ] GC(861)   Merge Heap Roots: 0.48ms
[3635.629s][info][gc,phases      ] GC(861)   Evacuate Collection Set: 117.31ms
[3635.629s][info][gc,phases      ] GC(861)   Post Evacuate Collection Set: 0.90ms
[3635.629s][info][gc,phases      ] GC(861)   Other: 0.11ms
[3635.629s][info][gc,heap        ] GC(861) Eden regions: 1120->0(1116)
[3635.629s][info][gc,heap        ] GC(861) Survivor regions: 108->112(154)
[3635.629s][info][gc,heap        ] GC(861) Old regions: 474->506
[3635.629s][info][gc,heap        ] GC(861) Humongous regions: 80->80
[3635.629s][info][gc,metaspace   ] GC(861) Metaspace: 28919K(29312K)->28919K(29312K) NonClass: 24050K(24256K)->24050K(24256K) Class: 4868K(5056K)->4868K(5056K)
[3635.629s][info][gc             ] GC(861) Pause Young (Concurrent Start) (G1 Evacuation Pause) 3563M->1394M(4096M) 119.251ms
[3635.629s][info][gc             ] GC(862) Concurrent Mark Cycle
[3635.629s][info][gc,marking     ] GC(862) Concurrent Scan Root Regions
[3635.629s][info][gc,cpu         ] GC(861) User=0.71s Sys=0.00s Real=0.12s
.[3635.781s][info][gc,marking     ] GC(862) Concurrent Scan Root Regions 152.219ms
[3635.781s][info][gc,marking     ] GC(862) Concurrent Mark
[3635.781s][info][gc,marking     ] GC(862) Concurrent Mark From Roots
[3635.781s][info][gc,task        ] GC(862) Using 2 workers of 2 for marking
[3636.483s][info][gc,marking     ] GC(862) Concurrent Mark From Roots 701.928ms
[3636.483s][info][gc,marking     ] GC(862) Concurrent Preclean
[3636.483s][info][gc,marking     ] GC(862) Concurrent Preclean 0.098ms
[3636.486s][info][gc,start       ] GC(862) Pause Remark
[3636.491s][info][gc             ] GC(862) Pause Remark 2090M->2090M(4096M) 4.920ms
[3636.491s][info][gc,cpu         ] GC(862) User=0.03s Sys=0.00s Real=0.00s
[3636.491s][info][gc,marking     ] GC(862) Concurrent Mark 710.361ms
[3636.491s][info][gc,marking     ] GC(862) Concurrent Rebuild Remembered Sets and Scrub Regions
.[3636.754s][info][gc,marking     ] GC(862) Concurrent Rebuild Remembered Sets and Scrub Regions 262.193ms
[3636.754s][info][gc,start       ] GC(862) Pause Cleanup
[3636.754s][info][gc             ] GC(862) Pause Cleanup 2339M->2339M(4096M) 0.113ms
[3636.754s][info][gc,cpu         ] GC(862) User=0.00s Sys=0.00s Real=0.00s
[3636.754s][info][gc,marking     ] GC(862) Concurrent Clear Claimed Marks
[3636.754s][info][gc,marking     ] GC(862) Concurrent Clear Claimed Marks 0.023ms
[3636.754s][info][gc,marking     ] GC(862) Concurrent Cleanup for Next Mark
[3636.758s][info][gc,marking     ] GC(862) Concurrent Cleanup for Next Mark 3.714ms
[3636.758s][info][gc             ] GC(862) Concurrent Mark Cycle 1129.452ms
.[3638.442s][info][gc,start       ] GC(863) Pause Young (Prepare Mixed) (G1 Evacuation Pause)
[3638.442s][info][gc,task        ] GC(863) Using 6 workers of 6 for evacuation
[3638.561s][info][gc,phases      ] GC(863)   Pre Evacuate Collection Set: 0.30ms
[3638.561s][info][gc,phases      ] GC(863)   Merge Heap Roots: 0.51ms
[3638.561s][info][gc,phases      ] GC(863)   Evacuate Collection Set: 117.60ms
[3638.561s][info][gc,phases      ] GC(863)   Post Evacuate Collection Set: 0.94ms
[3638.561s][info][gc,phases      ] GC(863)   Other: 0.09ms
[3638.561s][info][gc,heap        ] GC(863) Eden regions: 1116->0(1102)
[3638.561s][info][gc,heap        ] GC(863) Survivor regions: 112->113(154)
[3638.561s][info][gc,heap        ] GC(863) Old regions: 506->537
[3638.561s][info][gc,heap        ] GC(863) Humongous regions: 80->80
[3638.561s][info][gc,metaspace   ] GC(863) Metaspace: 28919K(29312K)->28919K(29312K) NonClass: 24050K(24256K)->24050K(24256K) Class: 4868K(5056K)->4868K(5056K)
[3638.561s][info][gc             ] GC(863) Pause Young (Prepare Mixed) (G1 Evacuation Pause) 3626M->1458M(4096M) 119.569ms
[3638.561s][info][gc,cpu         ] GC(863) User=0.71s Sys=0.00s Real=0.11s
...[3641.310s][info][gc,start       ] GC(864) Pause Young (Mixed) (G1 Evacuation Pause)
[3641.310s][info][gc,task        ] GC(864) Using 6 workers of 6 for evacuation
[3641.443s][info][gc,phases      ] GC(864)   Pre Evacuate Collection Set: 0.39ms
[3641.443s][info][gc,phases      ] GC(864)   Merge Heap Roots: 0.73ms
[3641.443s][info][gc,phases      ] GC(864)   Evacuate Collection Set: 131.01ms
[3641.443s][info][gc,phases      ] GC(864)   Post Evacuate Collection Set: 0.92ms
[3641.443s][info][gc,phases      ] GC(864)   Other: 0.09ms
[3641.443s][info][gc,heap        ] GC(864) Eden regions: 1102->0(1121)
[3641.443s][info][gc,heap        ] GC(864) Survivor regions: 113->107(152)
[3641.443s][info][gc,heap        ] GC(864) Old regions: 537->472
[3641.443s][info][gc,heap        ] GC(864) Humongous regions: 80->80
[3641.443s][info][gc,metaspace   ] GC(864) Metaspace: 28919K(29312K)->28919K(29312K) NonClass: 24050K(24256K)->24050K(24256K) Class: 4868K(5056K)->4868K(5056K)
[3641.443s][info][gc             ] GC(864) Pause Young (Mixed) (G1 Evacuation Pause) 3662M->1317M(4096M) 133.269ms
[3641.443s][info][gc,cpu         ] GC(864) User=0.79s Sys=0.00s Real=0.14s
...[3644.221s][info][gc,start       ] GC(865) Pause Young (Concurrent Start) (G1 Evacuation Pause)
[3644.221s][info][gc,task        ] GC(865) Using 6 workers of 6 for evacuation
[3644.339s][info][gc,phases      ] GC(865)   Pre Evacuate Collection Set: 0.41ms
[3644.339s][info][gc,phases      ] GC(865)   Merge Heap Roots: 0.48ms
[3644.339s][info][gc,phases      ] GC(865)   Evacuate Collection Set: 116.79ms
[3644.339s][info][gc,phases      ] GC(865)   Post Evacuate Collection Set: 0.88ms
[3644.339s][info][gc,phases      ] GC(865)   Other: 0.13ms
[3644.339s][info][gc,heap        ] GC(865) Eden regions: 1121->0(1119)
[3644.339s][info][gc,heap        ] GC(865) Survivor regions: 107->109(154)
[3644.339s][info][gc,heap        ] GC(865) Old regions: 472->505
[3644.339s][info][gc,heap        ] GC(865) Humongous regions: 80->80
[3644.339s][info][gc,metaspace   ] GC(865) Metaspace: 28919K(29312K)->28919K(29312K) NonClass: 24050K(24256K)->24050K(24256K) Class: 4868K(5056K)->4868K(5056K)
[3644.339s][info][gc             ] GC(865) Pause Young (Concurrent Start) (G1 Evacuation Pause) 3559M->1386M(4096M) 118.844ms
[3644.339s][info][gc             ] GC(866) Concurrent Mark Cycle
[3644.339s][info][gc,marking     ] GC(866) Concurrent Scan Root Regions
[3644.339s][info][gc,cpu         ] GC(865) User=0.71s Sys=0.00s Real=0.12s
[3644.523s][info][gc,marking     ] GC(866) Concurrent Scan Root Regions 183.409ms
[3644.523s][info][gc,marking     ] GC(866) Concurrent Mark
[3644.523s][info][gc,marking     ] GC(866) Concurrent Mark From Roots
[3644.523s][info][gc,task        ] GC(866) Using 2 workers of 2 for marking
.[3645.496s][info][gc,marking     ] GC(866) Concurrent Mark From Roots 972.838ms
[3645.496s][info][gc,marking     ] GC(866) Concurrent Preclean
[3645.496s][info][gc,marking     ] GC(866) Concurrent Preclean 0.118ms
[3645.496s][info][gc,start       ] GC(866) Pause Remark
[3645.502s][info][gc             ] GC(866) Pause Remark 2296M->2296M(4096M) 6.410ms
[3645.503s][info][gc,cpu         ] GC(866) User=0.04s Sys=0.00s Real=0.01s
[3645.503s][info][gc,marking     ] GC(866) Concurrent Mark 979.713ms
[3645.503s][info][gc,marking     ] GC(866) Concurrent Rebuild Remembered Sets and Scrub Regions
.[3645.753s][info][gc,marking     ] GC(866) Concurrent Rebuild Remembered Sets and Scrub Regions 250.630ms
[3645.754s][info][gc,start       ] GC(866) Pause Cleanup
[3645.754s][info][gc             ] GC(866) Pause Cleanup 2486M->2486M(4096M) 0.126ms
[3645.754s][info][gc,cpu         ] GC(866) User=0.00s Sys=0.00s Real=0.00s
[3645.754s][info][gc,marking     ] GC(866) Concurrent Clear Claimed Marks
[3645.754s][info][gc,marking     ] GC(866) Concurrent Clear Claimed Marks 0.027ms
[3645.754s][info][gc,marking     ] GC(866) Concurrent Cleanup for Next Mark
[3645.760s][info][gc,marking     ] GC(866) Concurrent Cleanup for Next Mark 5.895ms
[3645.760s][info][gc             ] GC(866) Concurrent Mark Cycle 1420.259ms
.[3647.189s][info][gc,start       ] GC(867) Pause Young (Prepare Mixed) (G1 Evacuation Pause)
[3647.189s][info][gc,task        ] GC(867) Using 6 workers of 6 for evacuation
[3647.303s][info][gc,phases      ] GC(867)   Pre Evacuate Collection Set: 0.30ms
[3647.303s][info][gc,phases      ] GC(867)   Merge Heap Roots: 0.52ms
[3647.303s][info][gc,phases      ] GC(867)   Evacuate Collection Set: 112.04ms
[3647.303s][info][gc,phases      ] GC(867)   Post Evacuate Collection Set: 0.92ms
[3647.303s][info][gc,phases      ] GC(867)   Other: 0.09ms
[3647.303s][info][gc,heap        ] GC(867) Eden regions: 1119->0(1116)
[3647.303s][info][gc,heap        ] GC(867) Survivor regions: 109->107(154)
[3647.303s][info][gc,heap        ] GC(867) Old regions: 505->535
[3647.303s][info][gc,heap        ] GC(867) Humongous regions: 80->80
[3647.303s][info][gc,metaspace   ] GC(867) Metaspace: 28919K(29312K)->28919K(29312K) NonClass: 24050K(24256K)->24050K(24256K) Class: 4868K(5056K)->4868K(5056K)
[3647.303s][info][gc             ] GC(867) Pause Young (Prepare Mixed) (G1 Evacuation Pause) 3624M->1443M(4096M) 114.006ms
[3647.303s][info][gc,cpu         ] GC(867) User=0.68s Sys=0.00s Real=0.12s
...[3650.145s][info][gc,start       ] GC(868) Pause Young (Mixed) (G1 Evacuation Pause)
[3650.145s][info][gc,task        ] GC(868) Using 6 workers of 6 for evacuation
[3650.281s][info][gc,phases      ] GC(868)   Pre Evacuate Collection Set: 0.38ms
[3650.281s][info][gc,phases      ] GC(868)   Merge Heap Roots: 0.70ms
[3650.281s][info][gc,phases      ] GC(868)   Evacuate Collection Set: 133.45ms
[3650.281s][info][gc,phases      ] GC(868)   Post Evacuate Collection Set: 0.93ms
[3650.281s][info][gc,phases      ] GC(868)   Other: 0.09ms
[3650.281s][info][gc,heap        ] GC(868) Eden regions: 1116->0(1120)
[3650.281s][info][gc,heap        ] GC(868) Survivor regions: 107->108(153)
[3650.281s][info][gc,heap        ] GC(868) Old regions: 535->471
[3650.281s][info][gc,heap        ] GC(868) Humongous regions: 80->80
[3650.281s][info][gc,metaspace   ] GC(868) Metaspace: 28919K(29312K)->28919K(29312K) NonClass: 24050K(24256K)->24050K(24256K) Class: 4868K(5056K)->4868K(5056K)
[3650.281s][info][gc             ] GC(868) Pause Young (Mixed) (G1 Evacuation Pause) 3675M->1317M(4096M) 135.674ms
[3650.281s][info][gc,cpu         ] GC(868) User=0.81s Sys=0.00s Real=0.13s
...[3653.135s][info][gc,start       ] GC(869) Pause Young (Concurrent Start) (G1 Evacuation Pause)
[3653.135s][info][gc,task        ] GC(869) Using 6 workers of 6 for evacuation
[3653.251s][info][gc,phases      ] GC(869)   Pre Evacuate Collection Set: 0.33ms
[3653.251s][info][gc,phases      ] GC(869)   Merge Heap Roots: 0.45ms
[3653.251s][info][gc,phases      ] GC(869)   Evacuate Collection Set: 114.01ms
[3653.251s][info][gc,phases      ] GC(869)   Post Evacuate Collection Set: 0.88ms
[3653.251s][info][gc,phases      ] GC(869)   Other: 0.11ms
[3653.251s][info][gc,heap        ] GC(869) Eden regions: 1120->0(1120)
[3653.251s][info][gc,heap        ] GC(869) Survivor regions: 108->108(154)
[3653.251s][info][gc,heap        ] GC(869) Old regions: 471->504
[3653.251s][info][gc,heap        ] GC(869) Humongous regions: 80->80
[3653.251s][info][gc,metaspace   ] GC(869) Metaspace: 28919K(29312K)->28919K(29312K) NonClass: 24050K(24256K)->24050K(24256K) Class: 4868K(5056K)->4868K(5056K)
[3653.251s][info][gc             ] GC(869) Pause Young (Concurrent Start) (G1 Evacuation Pause) 3557M->1382M(4096M) 115.918ms
[3653.251s][info][gc             ] GC(870) Concurrent Mark Cycle
[3653.251s][info][gc,marking     ] GC(870) Concurrent Scan Root Regions
[3653.251s][info][gc,cpu         ] GC(869) User=0.69s Sys=0.00s Real=0.11s
[3653.430s][info][gc,marking     ] GC(870) Concurrent Scan Root Regions 179.002ms
[3653.430s][info][gc,marking     ] GC(870) Concurrent Mark
[3653.430s][info][gc,marking     ] GC(870) Concurrent Mark From Roots
[3653.430s][info][gc,task        ] GC(870) Using 2 workers of 2 for marking
.[3654.376s][info][gc,marking     ] GC(870) Concurrent Mark From Roots 945.804ms
[3654.376s][info][gc,marking     ] GC(870) Concurrent Preclean
[3654.376s][info][gc,marking     ] GC(870) Concurrent Preclean 0.112ms
[3654.376s][info][gc,start       ] GC(870) Pause Remark
[3654.382s][info][gc             ] GC(870) Pause Remark 2291M->2291M(4096M) 5.678ms
[3654.382s][info][gc,cpu         ] GC(870) User=0.03s Sys=0.00s Real=0.01s
[3654.382s][info][gc,marking     ] GC(870) Concurrent Mark 952.033ms
[3654.382s][info][gc,marking     ] GC(870) Concurrent Rebuild Remembered Sets and Scrub Regions
[3654.735s][info][gc,marking     ] GC(870) Concurrent Rebuild Remembered Sets and Scrub Regions 352.656ms
[3654.736s][info][gc,start       ] GC(870) Pause Cleanup
[3654.736s][info][gc             ] GC(870) Pause Cleanup 2568M->2568M(4096M) 0.132ms
[3654.736s][info][gc,cpu         ] GC(870) User=0.00s Sys=0.00s Real=0.00s
[3654.736s][info][gc,marking     ] GC(870) Concurrent Clear Claimed Marks
[3654.736s][info][gc,marking     ] GC(870) Concurrent Clear Claimed Marks 0.030ms
[3654.736s][info][gc,marking     ] GC(870) Concurrent Cleanup for Next Mark
[3654.742s][info][gc,marking     ] GC(870) Concurrent Cleanup for Next Mark 5.777ms
[3654.742s][info][gc             ] GC(870) Concurrent Mark Cycle 1490.932ms
..[3656.083s][info][gc,start       ] GC(871) Pause Young (Prepare Mixed) (G1 Evacuation Pause)
[3656.083s][info][gc,task        ] GC(871) Using 6 workers of 6 for evacuation
[3656.202s][info][gc,phases      ] GC(871)   Pre Evacuate Collection Set: 0.35ms
[3656.202s][info][gc,phases      ] GC(871)   Merge Heap Roots: 0.53ms
[3656.202s][info][gc,phases      ] GC(871)   Evacuate Collection Set: 117.43ms
[3656.202s][info][gc,phases      ] GC(871)   Post Evacuate Collection Set: 0.89ms
[3656.202s][info][gc,phases      ] GC(871)   Other: 0.08ms
[3656.202s][info][gc,heap        ] GC(871) Eden regions: 1120->0(1110)
[3656.202s][info][gc,heap        ] GC(871) Survivor regions: 108->110(154)
[3656.202s][info][gc,heap        ] GC(871) Old regions: 504->535
[3656.202s][info][gc,heap        ] GC(871) Humongous regions: 80->80
[3656.202s][info][gc,metaspace   ] GC(871) Metaspace: 28919K(29312K)->28919K(29312K) NonClass: 24050K(24256K)->24050K(24256K) Class: 4868K(5056K)->4868K(5056K)
[3656.202s][info][gc             ] GC(871) Pause Young (Prepare Mixed) (G1 Evacuation Pause) 3622M->1449M(4096M) 119.422ms
[3656.202s][info][gc,cpu         ] GC(871) User=0.71s Sys=0.00s Real=0.12s
...[3659.007s][info][gc,start       ] GC(872) Pause Young (Mixed) (G1 Evacuation Pause)
[3659.007s][info][gc,task        ] GC(872) Using 6 workers of 6 for evacuation
[3659.137s][info][gc,phases      ] GC(872)   Pre Evacuate Collection Set: 0.35ms
[3659.137s][info][gc,phases      ] GC(872)   Merge Heap Roots: 0.66ms
[3659.137s][info][gc,phases      ] GC(872)   Evacuate Collection Set: 128.49ms
[3659.137s][info][gc,phases      ] GC(872)   Post Evacuate Collection Set: 0.92ms
[3659.137s][info][gc,phases      ] GC(872)   Other: 0.09ms
[3659.137s][info][gc,heap        ] GC(872) Eden regions: 1110->0(1121)
[3659.137s][info][gc,heap        ] GC(872) Survivor regions: 110->107(153)
[3659.137s][info][gc,heap        ] GC(872) Old regions: 535->472
[3659.137s][info][gc,heap        ] GC(872) Humongous regions: 80->80
[3659.137s][info][gc,metaspace   ] GC(872) Metaspace: 28919K(29312K)->28919K(29312K) NonClass: 24050K(24256K)->24050K(24256K) Class: 4868K(5056K)->4868K(5056K)
[3659.137s][info][gc             ] GC(872) Pause Young (Mixed) (G1 Evacuation Pause) 3669M->1316M(4096M) 130.644ms
[3659.137s][info][gc,cpu         ] GC(872) User=0.78s Sys=0.00s Real=0.13s
...[3662.008s][info][gc,start       ] GC(873) Pause Young (Concurrent Start) (G1 Evacuation Pause)
[3662.008s][info][gc,task        ] GC(873) Using 6 workers of 6 for evacuation
[3662.124s][info][gc,phases      ] GC(873)   Pre Evacuate Collection Set: 0.36ms
[3662.124s][info][gc,phases      ] GC(873)   Merge Heap Roots: 0.46ms
[3662.124s][info][gc,phases      ] GC(873)   Evacuate Collection Set: 113.66ms
[3662.124s][info][gc,phases      ] GC(873)   Post Evacuate Collection Set: 0.86ms
[3662.124s][info][gc,phases      ] GC(873)   Other: 0.09ms
[3662.124s][info][gc,heap        ] GC(873) Eden regions: 1121->0(1119)
[3662.124s][info][gc,heap        ] GC(873) Survivor regions: 107->109(154)
[3662.124s][info][gc,heap        ] GC(873) Old regions: 472->504
[3662.124s][info][gc,heap        ] GC(873) Humongous regions: 80->80
[3662.124s][info][gc,metaspace   ] GC(873) Metaspace: 28919K(29312K)->28919K(29312K) NonClass: 24050K(24256K)->24050K(24256K) Class: 4868K(5056K)->4868K(5056K)
[3662.124s][info][gc             ] GC(873) Pause Young (Concurrent Start) (G1 Evacuation Pause) 3558M->1384M(4096M) 115.549ms
[3662.124s][info][gc             ] GC(874) Concurrent Mark Cycle
[3662.124s][info][gc,marking     ] GC(874) Concurrent Scan Root Regions
[3662.124s][info][gc,cpu         ] GC(873) User=0.69s Sys=0.00s Real=0.12s
[3662.241s][info][gc,marking     ] GC(874) Concurrent Scan Root Regions 117.369ms
[3662.241s][info][gc,marking     ] GC(874) Concurrent Mark
[3662.241s][info][gc,marking     ] GC(874) Concurrent Mark From Roots
[3662.241s][info][gc,task        ] GC(874) Using 2 workers of 2 for marking
[3662.810s][info][gc,marking     ] GC(874) Concurrent Mark From Roots 568.740ms
[3662.810s][info][gc,marking     ] GC(874) Concurrent Preclean
[3662.810s][info][gc,marking     ] GC(874) Concurrent Preclean 0.123ms
[3662.811s][info][gc,start       ] GC(874) Pause Remark
[3662.816s][info][gc             ] GC(874) Pause Remark 1934M->1934M(4096M) 4.889ms
[3662.816s][info][gc,cpu         ] GC(874) User=0.03s Sys=0.00s Real=0.01s
[3662.817s][info][gc,marking     ] GC(874) Concurrent Mark 575.464ms
[3662.817s][info][gc,marking     ] GC(874) Concurrent Rebuild Remembered Sets and Scrub Regions
.[3663.093s][info][gc,marking     ] GC(874) Concurrent Rebuild Remembered Sets and Scrub Regions 275.740ms
[3663.093s][info][gc,start       ] GC(874) Pause Cleanup
[3663.093s][info][gc             ] GC(874) Pause Cleanup 2127M->2127M(4096M) 0.102ms
[3663.093s][info][gc,cpu         ] GC(874) User=0.00s Sys=0.00s Real=0.00s
[3663.094s][info][gc,marking     ] GC(874) Concurrent Clear Claimed Marks
[3663.094s][info][gc,marking     ] GC(874) Concurrent Clear Claimed Marks 0.036ms
[3663.094s][info][gc,marking     ] GC(874) Concurrent Cleanup for Next Mark
[3663.101s][info][gc,marking     ] GC(874) Concurrent Cleanup for Next Mark 6.858ms
[3663.101s][info][gc             ] GC(874) Concurrent Mark Cycle 976.850ms
..[3664.954s][info][gc,start       ] GC(875) Pause Young (Prepare Mixed) (G1 Evacuation Pause)
[3664.954s][info][gc,task        ] GC(875) Using 6 workers of 6 for evacuation
[3665.077s][info][gc,phases      ] GC(875)   Pre Evacuate Collection Set: 0.33ms
[3665.077s][info][gc,phases      ] GC(875)   Merge Heap Roots: 0.51ms
[3665.077s][info][gc,phases      ] GC(875)   Evacuate Collection Set: 120.99ms
[3665.077s][info][gc,phases      ] GC(875)   Post Evacuate Collection Set: 0.91ms
[3665.077s][info][gc,phases      ] GC(875)   Other: 0.09ms
[3665.077s][info][gc,heap        ] GC(875) Eden regions: 1119->0(1098)
[3665.077s][info][gc,heap        ] GC(875) Survivor regions: 109->116(154)
[3665.077s][info][gc,heap        ] GC(875) Old regions: 504->535
[3665.077s][info][gc,heap        ] GC(875) Humongous regions: 80->80
[3665.077s][info][gc,metaspace   ] GC(875) Metaspace: 28919K(29312K)->28919K(29312K) NonClass: 24050K(24256K)->24050K(24256K) Class: 4868K(5056K)->4868K(5056K)
[3665.077s][info][gc             ] GC(875) Pause Young (Prepare Mixed) (G1 Evacuation Pause) 3622M->1460M(4096M) 122.976ms
[3665.077s][info][gc,cpu         ] GC(875) User=0.74s Sys=0.00s Real=0.12s
..[3667.841s][info][gc,start       ] GC(876) Pause Young (Mixed) (G1 Evacuation Pause)
[3667.841s][info][gc,task        ] GC(876) Using 6 workers of 6 for evacuation
[3667.978s][info][gc,phases      ] GC(876)   Pre Evacuate Collection Set: 0.41ms
[3667.978s][info][gc,phases      ] GC(876)   Merge Heap Roots: 0.74ms
[3667.978s][info][gc,phases      ] GC(876)   Evacuate Collection Set: 134.01ms
[3667.978s][info][gc,phases      ] GC(876)   Post Evacuate Collection Set: 0.94ms
[3667.978s][info][gc,phases      ] GC(876)   Other: 0.82ms
[3667.978s][info][gc,heap        ] GC(876) Eden regions: 1098->0(1116)
[3667.978s][info][gc,heap        ] GC(876) Survivor regions: 116->112(152)
[3667.978s][info][gc,heap        ] GC(876) Old regions: 535->472
[3667.978s][info][gc,heap        ] GC(876) Humongous regions: 80->80
[3667.978s][info][gc,metaspace   ] GC(876) Metaspace: 28919K(29312K)->28919K(29312K) NonClass: 24050K(24256K)->24050K(24256K) Class: 4868K(5056K)->4868K(5056K)
[3667.978s][info][gc             ] GC(876) Pause Young (Mixed) (G1 Evacuation Pause) 3656M->1326M(4096M) 137.060ms
[3667.978s][info][gc,cpu         ] GC(876) User=0.82s Sys=0.00s Real=0.14s
...[3670.814s][info][gc,start       ] GC(877) Pause Young (Concurrent Start) (G1 Evacuation Pause)
[3670.814s][info][gc,task        ] GC(877) Using 6 workers of 6 for evacuation
[3670.932s][info][gc,phases      ] GC(877)   Pre Evacuate Collection Set: 0.37ms
[3670.932s][info][gc,phases      ] GC(877)   Merge Heap Roots: 0.50ms
[3670.932s][info][gc,phases      ] GC(877)   Evacuate Collection Set: 116.55ms
[3670.932s][info][gc,phases      ] GC(877)   Post Evacuate Collection Set: 0.93ms
[3670.932s][info][gc,phases      ] GC(877)   Other: 0.12ms
[3670.932s][info][gc,heap        ] GC(877) Eden regions: 1116->0(1117)
[3670.932s][info][gc,heap        ] GC(877) Survivor regions: 112->111(154)
[3670.932s][info][gc,heap        ] GC(877) Old regions: 472->503
[3670.932s][info][gc,heap        ] GC(877) Humongous regions: 80->80
[3670.932s][info][gc,metaspace   ] GC(877) Metaspace: 28919K(29312K)->28919K(29312K) NonClass: 24050K(24256K)->24050K(24256K) Class: 4868K(5056K)->4868K(5056K)
[3670.932s][info][gc             ] GC(877) Pause Young (Concurrent Start) (G1 Evacuation Pause) 3558M->1386M(4096M) 118.621ms
[3670.932s][info][gc             ] GC(878) Concurrent Mark Cycle
[3670.932s][info][gc,marking     ] GC(878) Concurrent Scan Root Regions
[3670.933s][info][gc,cpu         ] GC(877) User=0.71s Sys=0.00s Real=0.12s
.[3671.133s][info][gc,marking     ] GC(878) Concurrent Scan Root Regions 200.452ms
[3671.133s][info][gc,marking     ] GC(878) Concurrent Mark
[3671.133s][info][gc,marking     ] GC(878) Concurrent Mark From Roots
[3671.133s][info][gc,task        ] GC(878) Using 2 workers of 2 for marking
[3672.070s][info][gc,marking     ] GC(878) Concurrent Mark From Roots 937.378ms
[3672.070s][info][gc,marking     ] GC(878) Concurrent Preclean
[3672.071s][info][gc,marking     ] GC(878) Concurrent Preclean 0.103ms
[3672.071s][info][gc,start       ] GC(878) Pause Remark
[3672.078s][info][gc             ] GC(878) Pause Remark 2348M->2348M(4096M) 6.532ms
[3672.078s][info][gc,cpu         ] GC(878) User=0.04s Sys=0.00s Real=0.01s
[3672.078s][info][gc,marking     ] GC(878) Concurrent Mark 944.829ms
[3672.078s][info][gc,marking     ] GC(878) Concurrent Rebuild Remembered Sets and Scrub Regions
.[3672.377s][info][gc,marking     ] GC(878) Concurrent Rebuild Remembered Sets and Scrub Regions 298.809ms
[3672.377s][info][gc,start       ] GC(878) Pause Cleanup
[3672.377s][info][gc             ] GC(878) Pause Cleanup 2579M->2579M(4096M) 0.109ms
[3672.377s][info][gc,cpu         ] GC(878) User=0.00s Sys=0.00s Real=0.00s
[3672.377s][info][gc,marking     ] GC(878) Concurrent Clear Claimed Marks
[3672.377s][info][gc,marking     ] GC(878) Concurrent Clear Claimed Marks 0.020ms
[3672.377s][info][gc,marking     ] GC(878) Concurrent Cleanup for Next Mark
[3672.380s][info][gc,marking     ] GC(878) Concurrent Cleanup for Next Mark 3.181ms
[3672.380s][info][gc             ] GC(878) Concurrent Mark Cycle 1447.682ms
.[3673.737s][info][gc,start       ] GC(879) Pause Young (Prepare Mixed) (G1 Evacuation Pause)
[3673.737s][info][gc,task        ] GC(879) Using 6 workers of 6 for evacuation
[3673.854s][info][gc,phases      ] GC(879)   Pre Evacuate Collection Set: 0.29ms
[3673.854s][info][gc,phases      ] GC(879)   Merge Heap Roots: 0.50ms
[3673.854s][info][gc,phases      ] GC(879)   Evacuate Collection Set: 115.79ms
[3673.854s][info][gc,phases      ] GC(879)   Post Evacuate Collection Set: 0.92ms
[3673.854s][info][gc,phases      ] GC(879)   Other: 0.09ms
[3673.854s][info][gc,heap        ] GC(879) Eden regions: 1117->0(1111)
[3673.854s][info][gc,heap        ] GC(879) Survivor regions: 111->110(154)
[3673.854s][info][gc,heap        ] GC(879) Old regions: 503->534
[3673.854s][info][gc,heap        ] GC(879) Humongous regions: 80->80
[3673.854s][info][gc,metaspace   ] GC(879) Metaspace: 28919K(29312K)->28919K(29312K) NonClass: 24050K(24256K)->24050K(24256K) Class: 4868K(5056K)->4868K(5056K)
[3673.854s][info][gc             ] GC(879) Pause Young (Prepare Mixed) (G1 Evacuation Pause) 3620M->1447M(4096M) 117.727ms
[3673.854s][info][gc,cpu         ] GC(879) User=0.70s Sys=0.00s Real=0.12s
...[3676.692s][info][gc,start       ] GC(880) Pause Young (Mixed) (G1 Evacuation Pause)
[3676.692s][info][gc,task        ] GC(880) Using 6 workers of 6 for evacuation
[3676.826s][info][gc,phases      ] GC(880)   Pre Evacuate Collection Set: 0.38ms
[3676.826s][info][gc,phases      ] GC(880)   Merge Heap Roots: 0.67ms
[3676.826s][info][gc,phases      ] GC(880)   Evacuate Collection Set: 132.03ms
[3676.826s][info][gc,phases      ] GC(880)   Post Evacuate Collection Set: 0.92ms
[3676.826s][info][gc,phases      ] GC(880)   Other: 0.08ms
[3676.826s][info][gc,heap        ] GC(880) Eden regions: 1111->0(1119)
[3676.826s][info][gc,heap        ] GC(880) Survivor regions: 110->109(153)
[3676.826s][info][gc,heap        ] GC(880) Old regions: 534->472
[3676.826s][info][gc,heap        ] GC(880) Humongous regions: 80->80
[3676.826s][info][gc,metaspace   ] GC(880) Metaspace: 28919K(29312K)->28919K(29312K) NonClass: 24050K(24256K)->24050K(24256K) Class: 4868K(5056K)->4868K(5056K)
[3676.826s][info][gc             ] GC(880) Pause Young (Mixed) (G1 Evacuation Pause) 3669M->1320M(4096M) 134.231ms
[3676.826s][info][gc,cpu         ] GC(880) User=0.80s Sys=0.00s Real=0.13s
...[3679.667s][info][gc,start       ] GC(881) Pause Young (Concurrent Start) (G1 Evacuation Pause)
[3679.667s][info][gc,task        ] GC(881) Using 6 workers of 6 for evacuation
[3679.788s][info][gc,phases      ] GC(881)   Pre Evacuate Collection Set: 0.31ms
[3679.788s][info][gc,phases      ] GC(881)   Merge Heap Roots: 0.46ms
[3679.788s][info][gc,phases      ] GC(881)   Evacuate Collection Set: 119.50ms
[3679.788s][info][gc,phases      ] GC(881)   Post Evacuate Collection Set: 0.87ms
[3679.788s][info][gc,phases      ] GC(881)   Other: 0.11ms
[3679.788s][info][gc,heap        ] GC(881) Eden regions: 1119->0(1114)
[3679.788s][info][gc,heap        ] GC(881) Survivor regions: 109->114(154)
[3679.788s][info][gc,heap        ] GC(881) Old regions: 472->503
[3679.788s][info][gc,heap        ] GC(881) Humongous regions: 80->80
[3679.788s][info][gc,metaspace   ] GC(881) Metaspace: 28919K(29312K)->28919K(29312K) NonClass: 24050K(24256K)->24050K(24256K) Class: 4868K(5056K)->4868K(5056K)
[3679.788s][info][gc             ] GC(881) Pause Young (Concurrent Start) (G1 Evacuation Pause) 3558M->1392M(4096M) 121.392ms
[3679.789s][info][gc             ] GC(882) Concurrent Mark Cycle
[3679.789s][info][gc,marking     ] GC(882) Concurrent Scan Root Regions
[3679.789s][info][gc,cpu         ] GC(881) User=0.72s Sys=0.00s Real=0.12s
[3679.979s][info][gc,marking     ] GC(882) Concurrent Scan Root Regions 190.579ms
[3679.979s][info][gc,marking     ] GC(882) Concurrent Mark
[3679.979s][info][gc,marking     ] GC(882) Concurrent Mark From Roots
[3679.979s][info][gc,task        ] GC(882) Using 2 workers of 2 for marking
.[3680.833s][info][gc,marking     ] GC(882) Concurrent Mark From Roots 853.549ms
[3680.833s][info][gc,marking     ] GC(882) Concurrent Preclean
[3680.833s][info][gc,marking     ] GC(882) Concurrent Preclean 0.107ms
[3680.835s][info][gc,start       ] GC(882) Pause Remark
[3680.841s][info][gc             ] GC(882) Pause Remark 2266M->2266M(4096M) 6.430ms
[3680.841s][info][gc,cpu         ] GC(882) User=0.04s Sys=0.00s Real=0.00s
[3680.841s][info][gc,marking     ] GC(882) Concurrent Mark 861.972ms
[3680.841s][info][gc,marking     ] GC(882) Concurrent Rebuild Remembered Sets and Scrub Regions
[3681.108s][info][gc,marking     ] GC(882) Concurrent Rebuild Remembered Sets and Scrub Regions 267.119ms
[3681.108s][info][gc,start       ] GC(882) Pause Cleanup
[3681.109s][info][gc             ] GC(882) Pause Cleanup 2476M->2476M(4096M) 0.103ms
[3681.109s][info][gc,cpu         ] GC(882) User=0.00s Sys=0.00s Real=0.00s
[3681.109s][info][gc,marking     ] GC(882) Concurrent Clear Claimed Marks
[3681.109s][info][gc,marking     ] GC(882) Concurrent Clear Claimed Marks 0.025ms
[3681.109s][info][gc,marking     ] GC(882) Concurrent Cleanup for Next Mark
[3681.112s][info][gc,marking     ] GC(882) Concurrent Cleanup for Next Mark 3.617ms
[3681.112s][info][gc             ] GC(882) Concurrent Mark Cycle 1323.775ms
..[3682.582s][info][gc,start       ] GC(883) Pause Young (Prepare Mixed) (G1 Evacuation Pause)
[3682.582s][info][gc,task        ] GC(883) Using 6 workers of 6 for evacuation
[3682.697s][info][gc,phases      ] GC(883)   Pre Evacuate Collection Set: 0.30ms
[3682.697s][info][gc,phases      ] GC(883)   Merge Heap Roots: 0.51ms
[3682.697s][info][gc,phases      ] GC(883)   Evacuate Collection Set: 113.16ms
[3682.697s][info][gc,phases      ] GC(883)   Post Evacuate Collection Set: 0.86ms
[3682.697s][info][gc,phases      ] GC(883)   Other: 0.09ms
[3682.697s][info][gc,heap        ] GC(883) Eden regions: 1114->0(1114)
[3682.697s][info][gc,heap        ] GC(883) Survivor regions: 114->108(154)
[3682.697s][info][gc,heap        ] GC(883) Old regions: 503->535
[3682.697s][info][gc,heap        ] GC(883) Humongous regions: 80->80
[3682.697s][info][gc,metaspace   ] GC(883) Metaspace: 28919K(29312K)->28919K(29312K) NonClass: 24050K(24256K)->24050K(24256K) Class: 4868K(5056K)->4868K(5056K)
[3682.697s][info][gc             ] GC(883) Pause Young (Prepare Mixed) (G1 Evacuation Pause) 3620M->1445M(4096M) 115.038ms
[3682.697s][info][gc,cpu         ] GC(883) User=0.69s Sys=0.00s Real=0.11s
. (rIR:aIR:PR = 6365:6366:6366) (tPR = 94498) [OK] 
  3682s: Performance info:
         Transaction,    Success,    Partial,     Failed,   Receipts, AvgBarcode, 
             Overall,     386281,          0,          0,     366958,      59.47, 
         Response times:
             Request,    Success,    Partial,     Failed,   SkipFail,     Probes,    Samples,      min,      p50,      p90,      p95,      p99,      max, 
       TotalPurchase,     366958,          0,          0,          0,     360959,     384491,      300,     5300,    28000,    54000,   113000,   302000,
     InStorePurchase,     193166,          0,          0,          0,     190460,     202419,      300,     5200,    28000,    54000,   113000,   254000,
      OnlinePurchase,     135165,          0,          0,          0,     132764,     141395,      300,     5500,    28000,    55000,   114000,   302000,
        InstPurchase,      38627,          0,          0,          0,      37735,      40677,      400,     5100,    26000,    51000,   109000,   208000,
          AssocOfCat,        390,          0,          0,          0,        298,        388,    22000,    35000,    69000,    98000,   164550,   224000,
      AssocOfProduct,       3866,          0,          0,          0,       3577,       4082,      700,     6800,    32000,    56850,   116170,   181000,
      BusinessReport,        965,          0,          0,          0,        851,       1011,    27000,    40000,    80000,   113000,   178880,   229000,
          CustBuyBeh,       3859,          0,          0,          0,       3586,       4073,      300,     3500,    22000,    40300,   102000,   164000,
       ProductReturn,      10242,          0,          0,          0,       9706,      10743,      200,     5400,    31000,    55000,   111560,   208000,

  3682s: (47%)   IR =   6503 ..[3685.500s][info][gc,start       ] GC(884) Pause Young (Mixed) (G1 Evacuation Pause)
[3685.500s][info][gc,task        ] GC(884) Using 6 workers of 6 for evacuation
[3685.633s][info][gc,phases      ] GC(884)   Pre Evacuate Collection Set: 0.36ms
[3685.633s][info][gc,phases      ] GC(884)   Merge Heap Roots: 0.67ms
[3685.633s][info][gc,phases      ] GC(884)   Evacuate Collection Set: 130.48ms
[3685.633s][info][gc,phases      ] GC(884)   Post Evacuate Collection Set: 0.94ms
[3685.633s][info][gc,phases      ] GC(884)   Other: 0.09ms
[3685.633s][info][gc,heap        ] GC(884) Eden regions: 1114->0(1119)
[3685.633s][info][gc,heap        ] GC(884) Survivor regions: 108->109(153)
[3685.633s][info][gc,heap        ] GC(884) Old regions: 535->472
[3685.633s][info][gc,heap        ] GC(884) Humongous regions: 80->80
[3685.633s][info][gc,metaspace   ] GC(884) Metaspace: 28919K(29312K)->28919K(29312K) NonClass: 24051K(24256K)->24051K(24256K) Class: 4868K(5056K)->4868K(5056K)
[3685.633s][info][gc             ] GC(884) Pause Young (Mixed) (G1 Evacuation Pause) 3673M->1320M(4096M) 132.673ms
[3685.633s][info][gc,cpu         ] GC(884) User=0.79s Sys=0.00s Real=0.14s
...|[3688.406s][info][gc,start       ] GC(885) Pause Young (Concurrent Start) (G1 Evacuation Pause)
[3688.406s][info][gc,task        ] GC(885) Using 6 workers of 6 for evacuation
[3688.523s][info][gc,phases      ] GC(885)   Pre Evacuate Collection Set: 0.39ms
[3688.523s][info][gc,phases      ] GC(885)   Merge Heap Roots: 0.46ms
[3688.523s][info][gc,phases      ] GC(885)   Evacuate Collection Set: 114.89ms
[3688.523s][info][gc,phases      ] GC(885)   Post Evacuate Collection Set: 0.87ms
[3688.523s][info][gc,phases      ] GC(885)   Other: 0.12ms
[3688.523s][info][gc,heap        ] GC(885) Eden regions: 1119->0(1119)
[3688.523s][info][gc,heap        ] GC(885) Survivor regions: 109->109(154)
[3688.523s][info][gc,heap        ] GC(885) Old regions: 472->504
[3688.523s][info][gc,heap        ] GC(885) Humongous regions: 80->80
[3688.523s][info][gc,metaspace   ] GC(885) Metaspace: 28919K(29312K)->28919K(29312K) NonClass: 24051K(24256K)->24051K(24256K) Class: 4868K(5056K)->4868K(5056K)
[3688.523s][info][gc             ] GC(885) Pause Young (Concurrent Start) (G1 Evacuation Pause) 3558M->1384M(4096M) 116.874ms
[3688.523s][info][gc             ] GC(886) Concurrent Mark Cycle
[3688.523s][info][gc,marking     ] GC(886) Concurrent Scan Root Regions
[3688.523s][info][gc,cpu         ] GC(885) User=0.70s Sys=0.00s Real=0.12s
[3688.718s][info][gc,marking     ] GC(886) Concurrent Scan Root Regions 194.960ms
[3688.718s][info][gc,marking     ] GC(886) Concurrent Mark
[3688.718s][info][gc,marking     ] GC(886) Concurrent Mark From Roots
[3688.718s][info][gc,task        ] GC(886) Using 2 workers of 2 for marking
.[3689.601s][info][gc,marking     ] GC(886) Concurrent Mark From Roots 882.890ms
[3689.601s][info][gc,marking     ] GC(886) Concurrent Preclean
[3689.601s][info][gc,marking     ] GC(886) Concurrent Preclean 0.133ms
[3689.601s][info][gc,start       ] GC(886) Pause Remark
[3689.608s][info][gc             ] GC(886) Pause Remark 2314M->2314M(4096M) 6.843ms
[3689.608s][info][gc,cpu         ] GC(886) User=0.04s Sys=0.00s Real=0.01s
[3689.608s][info][gc,marking     ] GC(886) Concurrent Mark 890.138ms
[3689.608s][info][gc,marking     ] GC(886) Concurrent Rebuild Remembered Sets and Scrub Regions
[3689.907s][info][gc,marking     ] GC(886) Concurrent Rebuild Remembered Sets and Scrub Regions 298.507ms
[3689.907s][info][gc,start       ] GC(886) Pause Cleanup
[3689.907s][info][gc             ] GC(886) Pause Cleanup 2545M->2545M(4096M) 0.112ms
[3689.907s][info][gc,cpu         ] GC(886) User=0.00s Sys=0.00s Real=0.00s
[3689.907s][info][gc,marking     ] GC(886) Concurrent Clear Claimed Marks
[3689.907s][info][gc,marking     ] GC(886) Concurrent Clear Claimed Marks 0.024ms
[3689.907s][info][gc,marking     ] GC(886) Concurrent Cleanup for Next Mark
[3689.911s][info][gc,marking     ] GC(886) Concurrent Cleanup for Next Mark 4.536ms
[3689.911s][info][gc             ] GC(886) Concurrent Mark Cycle 1388.593ms
..[3691.296s][info][gc,start       ] GC(887) Pause Young (Prepare Mixed) (G1 Evacuation Pause)
[3691.297s][info][gc,task        ] GC(887) Using 6 workers of 6 for evacuation
[3691.414s][info][gc,phases      ] GC(887)   Pre Evacuate Collection Set: 0.33ms
[3691.414s][info][gc,phases      ] GC(887)   Merge Heap Roots: 0.49ms
[3691.414s][info][gc,phases      ] GC(887)   Evacuate Collection Set: 115.78ms
[3691.414s][info][gc,phases      ] GC(887)   Post Evacuate Collection Set: 0.92ms
[3691.414s][info][gc,phases      ] GC(887)   Other: 0.09ms
[3691.414s][info][gc,heap        ] GC(887) Eden regions: 1119->0(1111)
[3691.414s][info][gc,heap        ] GC(887) Survivor regions: 109->109(154)
[3691.414s][info][gc,heap        ] GC(887) Old regions: 504->536
[3691.414s][info][gc,heap        ] GC(887) Humongous regions: 80->80
[3691.414s][info][gc,metaspace   ] GC(887) Metaspace: 28919K(29312K)->28919K(29312K) NonClass: 24051K(24256K)->24051K(24256K) Class: 4868K(5056K)->4868K(5056K)
[3691.414s][info][gc             ] GC(887) Pause Young (Prepare Mixed) (G1 Evacuation Pause) 3622M->1448M(4096M) 117.724ms
[3691.414s][info][gc,cpu         ] GC(887) User=0.70s Sys=0.00s Real=0.12s
..[3694.168s][info][gc,start       ] GC(888) Pause Young (Mixed) (G1 Evacuation Pause)
[3694.168s][info][gc,task        ] GC(888) Using 6 workers of 6 for evacuation
[3694.306s][info][gc,phases      ] GC(888)   Pre Evacuate Collection Set: 0.34ms
[3694.306s][info][gc,phases      ] GC(888)   Merge Heap Roots: 0.74ms
[3694.306s][info][gc,phases      ] GC(888)   Evacuate Collection Set: 135.84ms
[3694.306s][info][gc,phases      ] GC(888)   Post Evacuate Collection Set: 0.93ms
[3694.306s][info][gc,phases      ] GC(888)   Other: 0.09ms
[3694.306s][info][gc,heap        ] GC(888) Eden regions: 1111->0(1118)
[3694.306s][info][gc,heap        ] GC(888) Survivor regions: 109->110(153)
[3694.306s][info][gc,heap        ] GC(888) Old regions: 536->471
[3694.306s][info][gc,heap        ] GC(888) Humongous regions: 80->80
[3694.306s][info][gc,metaspace   ] GC(888) Metaspace: 28919K(29312K)->28919K(29312K) NonClass: 24051K(24256K)->24051K(24256K) Class: 4868K(5056K)->4868K(5056K)
[3694.306s][info][gc             ] GC(888) Pause Young (Mixed) (G1 Evacuation Pause) 3670M->1320M(4096M) 138.057ms
[3694.306s][info][gc,cpu         ] GC(888) User=0.82s Sys=0.00s Real=0.14s
...[3697.014s][info][gc,start       ] GC(889) Pause Young (Concurrent Start) (G1 Evacuation Pause)
[3697.014s][info][gc,task        ] GC(889) Using 6 workers of 6 for evacuation
[3697.128s][info][gc,phases      ] GC(889)   Pre Evacuate Collection Set: 0.38ms
[3697.128s][info][gc,phases      ] GC(889)   Merge Heap Roots: 0.47ms
[3697.128s][info][gc,phases      ] GC(889)   Evacuate Collection Set: 112.06ms
[3697.128s][info][gc,phases      ] GC(889)   Post Evacuate Collection Set: 0.89ms
[3697.128s][info][gc,phases      ] GC(889)   Other: 0.12ms
[3697.128s][info][gc,heap        ] GC(889) Eden regions: 1118->0(1121)
[3697.128s][info][gc,heap        ] GC(889) Survivor regions: 110->107(154)
[3697.128s][info][gc,heap        ] GC(889) Old regions: 471->503
[3697.128s][info][gc,heap        ] GC(889) Humongous regions: 80->80
[3697.128s][info][gc,metaspace   ] GC(889) Metaspace: 28920K(29312K)->28920K(29312K) NonClass: 24051K(24256K)->24051K(24256K) Class: 4868K(5056K)->4868K(5056K)
[3697.128s][info][gc             ] GC(889) Pause Young (Concurrent Start) (G1 Evacuation Pause) 3556M->1378M(4096M) 114.044ms
[3697.128s][info][gc             ] GC(890) Concurrent Mark Cycle
[3697.128s][info][gc,marking     ] GC(890) Concurrent Scan Root Regions
[3697.128s][info][gc,cpu         ] GC(889) User=0.68s Sys=0.00s Real=0.11s
[3697.305s][info][gc,marking     ] GC(890) Concurrent Scan Root Regions 177.355ms
[3697.305s][info][gc,marking     ] GC(890) Concurrent Mark
[3697.305s][info][gc,marking     ] GC(890) Concurrent Mark From Roots
[3697.305s][info][gc,task        ] GC(890) Using 2 workers of 2 for marking
.[3698.019s][info][gc,marking     ] GC(890) Concurrent Mark From Roots 713.202ms
[3698.019s][info][gc,marking     ] GC(890) Concurrent Preclean
[3698.019s][info][gc,marking     ] GC(890) Concurrent Preclean 0.106ms
[3698.020s][info][gc,start       ] GC(890) Pause Remark
[3698.024s][info][gc             ] GC(890) Pause Remark 2105M->2105M(4096M) 4.236ms
[3698.024s][info][gc,cpu         ] GC(890) User=0.02s Sys=0.00s Real=0.01s
[3698.026s][info][gc,marking     ] GC(890) Concurrent Mark 720.524ms
[3698.026s][info][gc,marking     ] GC(890) Concurrent Rebuild Remembered Sets and Scrub Regions
.[3698.357s][info][gc,marking     ] GC(890) Concurrent Rebuild Remembered Sets and Scrub Regions 330.731ms
[3698.357s][info][gc,start       ] GC(890) Pause Cleanup
[3698.357s][info][gc             ] GC(890) Pause Cleanup 2386M->2386M(4096M) 0.103ms
[3698.357s][info][gc,cpu         ] GC(890) User=0.00s Sys=0.00s Real=0.00s
[3698.357s][info][gc,marking     ] GC(890) Concurrent Clear Claimed Marks
[3698.357s][info][gc,marking     ] GC(890) Concurrent Clear Claimed Marks 0.033ms
[3698.357s][info][gc,marking     ] GC(890) Concurrent Cleanup for Next Mark
[3698.363s][info][gc,marking     ] GC(890) Concurrent Cleanup for Next Mark 5.782ms
[3698.363s][info][gc             ] GC(890) Concurrent Mark Cycle 1235.165ms
.[3699.992s][info][gc,start       ] GC(891) Pause Young (Prepare Mixed) (G1 Evacuation Pause)
[3699.992s][info][gc,task        ] GC(891) Using 6 workers of 6 for evacuation
[3700.113s][info][gc,phases      ] GC(891)   Pre Evacuate Collection Set: 0.32ms
[3700.113s][info][gc,phases      ] GC(891)   Merge Heap Roots: 0.52ms
[3700.113s][info][gc,phases      ] GC(891)   Evacuate Collection Set: 118.52ms
[3700.113s][info][gc,phases      ] GC(891)   Post Evacuate Collection Set: 0.89ms
[3700.113s][info][gc,phases      ] GC(891)   Other: 0.09ms
[3700.113s][info][gc,heap        ] GC(891) Eden regions: 1121->0(1107)
[3700.113s][info][gc,heap        ] GC(891) Survivor regions: 107->112(154)
[3700.113s][info][gc,heap        ] GC(891) Old regions: 503->534
[3700.113s][info][gc,heap        ] GC(891) Humongous regions: 80->80
[3700.113s][info][gc,metaspace   ] GC(891) Metaspace: 28920K(29312K)->28920K(29312K) NonClass: 24051K(24256K)->24051K(24256K) Class: 4868K(5056K)->4868K(5056K)
[3700.113s][info][gc             ] GC(891) Pause Young (Prepare Mixed) (G1 Evacuation Pause) 3620M->1451M(4096M) 120.460ms
[3700.113s][info][gc,cpu         ] GC(891) User=0.72s Sys=0.00s Real=0.12s
...[3702.805s][info][gc,start       ] GC(892) Pause Young (Mixed) (G1 Evacuation Pause)
[3702.805s][info][gc,task        ] GC(892) Using 6 workers of 6 for evacuation
[3702.940s][info][gc,phases      ] GC(892)   Pre Evacuate Collection Set: 0.37ms
[3702.940s][info][gc,phases      ] GC(892)   Merge Heap Roots: 0.69ms
[3702.940s][info][gc,phases      ] GC(892)   Evacuate Collection Set: 132.81ms
[3702.940s][info][gc,phases      ] GC(892)   Post Evacuate Collection Set: 0.95ms
[3702.940s][info][gc,phases      ] GC(892)   Other: 0.09ms
[3702.940s][info][gc,heap        ] GC(892) Eden regions: 1107->0(1118)
[3702.940s][info][gc,heap        ] GC(892) Survivor regions: 112->110(153)
[3702.940s][info][gc,heap        ] GC(892) Old regions: 534->473
[3702.940s][info][gc,heap        ] GC(892) Humongous regions: 80->80
[3702.940s][info][gc,metaspace   ] GC(892) Metaspace: 28920K(29312K)->28920K(29312K) NonClass: 24051K(24256K)->24051K(24256K) Class: 4868K(5056K)->4868K(5056K)
[3702.940s][info][gc             ] GC(892) Pause Young (Mixed) (G1 Evacuation Pause) 3665M->1324M(4096M) 135.052ms
[3702.940s][info][gc,cpu         ] GC(892) User=0.81s Sys=0.00s Real=0.13s
...[3705.659s][info][gc,start       ] GC(893) Pause Young (Concurrent Start) (G1 Evacuation Pause)
[3705.659s][info][gc,task        ] GC(893) Using 6 workers of 6 for evacuation
[3705.775s][info][gc,phases      ] GC(893)   Pre Evacuate Collection Set: 0.39ms
[3705.775s][info][gc,phases      ] GC(893)   Merge Heap Roots: 0.49ms
[3705.775s][info][gc,phases      ] GC(893)   Evacuate Collection Set: 113.82ms
[3705.775s][info][gc,phases      ] GC(893)   Post Evacuate Collection Set: 0.87ms
[3705.775s][info][gc,phases      ] GC(893)   Other: 0.11ms
[3705.775s][info][gc,heap        ] GC(893) Eden regions: 1118->0(1120)
[3705.775s][info][gc,heap        ] GC(893) Survivor regions: 110->108(154)
[3705.775s][info][gc,heap        ] GC(893) Old regions: 473->505
[3705.775s][info][gc,heap        ] GC(893) Humongous regions: 80->80
[3705.775s][info][gc,metaspace   ] GC(893) Metaspace: 28920K(29312K)->28920K(29312K) NonClass: 24051K(24256K)->24051K(24256K) Class: 4868K(5056K)->4868K(5056K)
[3705.775s][info][gc             ] GC(893) Pause Young (Concurrent Start) (G1 Evacuation Pause) 3560M->1384M(4096M) 115.795ms
[3705.775s][info][gc             ] GC(894) Concurrent Mark Cycle
[3705.775s][info][gc,marking     ] GC(894) Concurrent Scan Root Regions
[3705.775s][info][gc,cpu         ] GC(893) User=0.69s Sys=0.00s Real=0.12s
[3705.957s][info][gc,marking     ] GC(894) Concurrent Scan Root Regions 182.108ms
[3705.957s][info][gc,marking     ] GC(894) Concurrent Mark
[3705.957s][info][gc,marking     ] GC(894) Concurrent Mark From Roots
[3705.957s][info][gc,task        ] GC(894) Using 2 workers of 2 for marking
.[3706.907s][info][gc,marking     ] GC(894) Concurrent Mark From Roots 949.356ms
[3706.907s][info][gc,marking     ] GC(894) Concurrent Preclean
[3706.907s][info][gc,marking     ] GC(894) Concurrent Preclean 0.112ms
[3706.908s][info][gc,start       ] GC(894) Pause Remark
[3706.914s][info][gc             ] GC(894) Pause Remark 2318M->2318M(4096M) 6.079ms
[3706.914s][info][gc,cpu         ] GC(894) User=0.03s Sys=0.00s Real=0.01s
[3706.914s][info][gc,marking     ] GC(894) Concurrent Mark 956.463ms
[3706.914s][info][gc,marking     ] GC(894) Concurrent Rebuild Remembered Sets and Scrub Regions
[3707.244s][info][gc,marking     ] GC(894) Concurrent Rebuild Remembered Sets and Scrub Regions 330.468ms
[3707.244s][info][gc,start       ] GC(894) Pause Cleanup
[3707.245s][info][gc             ] GC(894) Pause Cleanup 2585M->2585M(4096M) 0.122ms
[3707.245s][info][gc,cpu         ] GC(894) User=0.00s Sys=0.00s Real=0.00s
[3707.245s][info][gc,marking     ] GC(894) Concurrent Clear Claimed Marks
[3707.245s][info][gc,marking     ] GC(894) Concurrent Clear Claimed Marks 0.034ms
[3707.245s][info][gc,marking     ] GC(894) Concurrent Cleanup for Next Mark
[3707.251s][info][gc,marking     ] GC(894) Concurrent Cleanup for Next Mark 5.724ms
[3707.251s][info][gc             ] GC(894) Concurrent Mark Cycle 1475.913ms
..[3708.588s][info][gc,start       ] GC(895) Pause Young (Prepare Mixed) (G1 Evacuation Pause)
[3708.588s][info][gc,task        ] GC(895) Using 6 workers of 6 for evacuation
[3708.705s][info][gc,phases      ] GC(895)   Pre Evacuate Collection Set: 0.33ms
[3708.705s][info][gc,phases      ] GC(895)   Merge Heap Roots: 0.51ms
[3708.706s][info][gc,phases      ] GC(895)   Evacuate Collection Set: 115.48ms
[3708.706s][info][gc,phases      ] GC(895)   Post Evacuate Collection Set: 0.95ms
[3708.706s][info][gc,phases      ] GC(895)   Other: 0.09ms
[3708.706s][info][gc,heap        ] GC(895) Eden regions: 1120->0(1108)
[3708.706s][info][gc,heap        ] GC(895) Survivor regions: 108->110(154)
[3708.706s][info][gc,heap        ] GC(895) Old regions: 505->537
[3708.706s][info][gc,heap        ] GC(895) Humongous regions: 80->80
[3708.706s][info][gc,metaspace   ] GC(895) Metaspace: 28920K(29312K)->28920K(29312K) NonClass: 24051K(24256K)->24051K(24256K) Class: 4868K(5056K)->4868K(5056K)
[3708.706s][info][gc             ] GC(895) Pause Young (Prepare Mixed) (G1 Evacuation Pause) 3624M->1452M(4096M) 117.500ms
[3708.706s][info][gc,cpu         ] GC(895) User=0.70s Sys=0.00s Real=0.12s
...[3711.465s][info][gc,start       ] GC(896) Pause Young (Mixed) (G1 Evacuation Pause)
[3711.465s][info][gc,task        ] GC(896) Using 6 workers of 6 for evacuation
[3711.599s][info][gc,phases      ] GC(896)   Pre Evacuate Collection Set: 0.39ms
[3711.599s][info][gc,phases      ] GC(896)   Merge Heap Roots: 0.66ms
[3711.599s][info][gc,phases      ] GC(896)   Evacuate Collection Set: 131.92ms
[3711.599s][info][gc,phases      ] GC(896)   Post Evacuate Collection Set: 0.94ms
[3711.599s][info][gc,phases      ] GC(896)   Other: 0.09ms
[3711.599s][info][gc,heap        ] GC(896) Eden regions: 1108->0(1118)
[3711.599s][info][gc,heap        ] GC(896) Survivor regions: 110->110(153)
[3711.599s][info][gc,heap        ] GC(896) Old regions: 537->471
[3711.599s][info][gc,heap        ] GC(896) Humongous regions: 80->80
[3711.599s][info][gc,metaspace   ] GC(896) Metaspace: 28920K(29312K)->28920K(29312K) NonClass: 24051K(24256K)->24051K(24256K) Class: 4868K(5056K)->4868K(5056K)
[3711.600s][info][gc             ] GC(896) Pause Young (Mixed) (G1 Evacuation Pause) 3668M->1321M(4096M) 134.151ms
[3711.600s][info][gc,cpu         ] GC(896) User=0.80s Sys=0.00s Real=0.13s
..[3714.350s][info][gc,start       ] GC(897) Pause Young (Concurrent Start) (G1 Evacuation Pause)
[3714.350s][info][gc,task        ] GC(897) Using 6 workers of 6 for evacuation
[3714.472s][info][gc,phases      ] GC(897)   Pre Evacuate Collection Set: 0.37ms
[3714.472s][info][gc,phases      ] GC(897)   Merge Heap Roots: 0.45ms
[3714.472s][info][gc,phases      ] GC(897)   Evacuate Collection Set: 120.52ms
[3714.472s][info][gc,phases      ] GC(897)   Post Evacuate Collection Set: 0.89ms
[3714.472s][info][gc,phases      ] GC(897)   Other: 0.12ms
[3714.472s][info][gc,heap        ] GC(897) Eden regions: 1118->0(1115)
[3714.472s][info][gc,heap        ] GC(897) Survivor regions: 110->113(154)
[3714.472s][info][gc,heap        ] GC(897) Old regions: 471->504
[3714.472s][info][gc,heap        ] GC(897) Humongous regions: 80->80
[3714.472s][info][gc,metaspace   ] GC(897) Metaspace: 28920K(29312K)->28920K(29312K) NonClass: 24051K(24256K)->24051K(24256K) Class: 4868K(5056K)->4868K(5056K)
[3714.472s][info][gc             ] GC(897) Pause Young (Concurrent Start) (G1 Evacuation Pause) 3557M->1391M(4096M) 122.488ms
[3714.472s][info][gc             ] GC(898) Concurrent Mark Cycle
[3714.472s][info][gc,marking     ] GC(898) Concurrent Scan Root Regions
[3714.472s][info][gc,cpu         ] GC(897) User=0.73s Sys=0.00s Real=0.13s
.[3714.671s][info][gc,marking     ] GC(898) Concurrent Scan Root Regions 198.733ms
[3714.671s][info][gc,marking     ] GC(898) Concurrent Mark
[3714.671s][info][gc,marking     ] GC(898) Concurrent Mark From Roots
[3714.671s][info][gc,task        ] GC(898) Using 2 workers of 2 for marking
[3715.514s][info][gc,marking     ] GC(898) Concurrent Mark From Roots 842.808ms
[3715.514s][info][gc,marking     ] GC(898) Concurrent Preclean
[3715.514s][info][gc,marking     ] GC(898) Concurrent Preclean 0.142ms
[3715.514s][info][gc,start       ] GC(898) Pause Remark
[3715.520s][info][gc             ] GC(898) Pause Remark 2237M->2237M(4096M) 5.650ms
[3715.520s][info][gc,cpu         ] GC(898) User=0.03s Sys=0.00s Real=0.00s
[3715.520s][info][gc,marking     ] GC(898) Concurrent Mark 849.079ms
[3715.520s][info][gc,marking     ] GC(898) Concurrent Rebuild Remembered Sets and Scrub Regions
.[3715.873s][info][gc,marking     ] GC(898) Concurrent Rebuild Remembered Sets and Scrub Regions 352.701ms
[3715.873s][info][gc,start       ] GC(898) Pause Cleanup
[3715.873s][info][gc             ] GC(898) Pause Cleanup 2579M->2579M(4096M) 0.101ms
[3715.873s][info][gc,cpu         ] GC(898) User=0.00s Sys=0.00s Real=0.00s
[3715.875s][info][gc,marking     ] GC(898) Concurrent Clear Claimed Marks
[3715.875s][info][gc,marking     ] GC(898) Concurrent Clear Claimed Marks 0.064ms
[3715.875s][info][gc,marking     ] GC(898) Concurrent Cleanup for Next Mark
[3715.879s][info][gc,marking     ] GC(898) Concurrent Cleanup for Next Mark 4.159ms
[3715.879s][info][gc             ] GC(898) Concurrent Mark Cycle 1407.119ms
.[3717.213s][info][gc,start       ] GC(899) Pause Young (Prepare Mixed) (G1 Evacuation Pause)
[3717.213s][info][gc,task        ] GC(899) Using 6 workers of 6 for evacuation
[3717.329s][info][gc,phases      ] GC(899)   Pre Evacuate Collection Set: 0.31ms
[3717.329s][info][gc,phases      ] GC(899)   Merge Heap Roots: 0.50ms
[3717.329s][info][gc,phases      ] GC(899)   Evacuate Collection Set: 113.34ms
[3717.329s][info][gc,phases      ] GC(899)   Post Evacuate Collection Set: 0.92ms
[3717.329s][info][gc,phases      ] GC(899)   Other: 0.08ms
[3717.329s][info][gc,heap        ] GC(899) Eden regions: 1115->0(1113)
[3717.329s][info][gc,heap        ] GC(899) Survivor regions: 113->108(154)
[3717.329s][info][gc,heap        ] GC(899) Old regions: 504->536
[3717.329s][info][gc,heap        ] GC(899) Humongous regions: 80->80
[3717.329s][info][gc,metaspace   ] GC(899) Metaspace: 28920K(29312K)->28920K(29312K) NonClass: 24051K(24256K)->24051K(24256K) Class: 4868K(5056K)->4868K(5056K)
[3717.329s][info][gc             ] GC(899) Pause Young (Prepare Mixed) (G1 Evacuation Pause) 3621M->1446M(4096M) 115.291ms
[3717.329s][info][gc,cpu         ] GC(899) User=0.68s Sys=0.00s Real=0.11s
...[3720.100s][info][gc,start       ] GC(900) Pause Young (Mixed) (G1 Evacuation Pause)
[3720.100s][info][gc,task        ] GC(900) Using 6 workers of 6 for evacuation
[3720.236s][info][gc,phases      ] GC(900)   Pre Evacuate Collection Set: 0.34ms
[3720.236s][info][gc,phases      ] GC(900)   Merge Heap Roots: 0.75ms
[3720.236s][info][gc,phases      ] GC(900)   Evacuate Collection Set: 134.04ms
[3720.236s][info][gc,phases      ] GC(900)   Post Evacuate Collection Set: 0.92ms
[3720.236s][info][gc,phases      ] GC(900)   Other: 0.09ms
[3720.236s][info][gc,heap        ] GC(900) Eden regions: 1113->0(1121)
[3720.236s][info][gc,heap        ] GC(900) Survivor regions: 108->107(153)
[3720.236s][info][gc,heap        ] GC(900) Old regions: 536->474
[3720.236s][info][gc,heap        ] GC(900) Humongous regions: 80->80
[3720.236s][info][gc,metaspace   ] GC(900) Metaspace: 28920K(29312K)->28920K(29312K) NonClass: 24051K(24256K)->24051K(24256K) Class: 4868K(5056K)->4868K(5056K)
[3720.236s][info][gc             ] GC(900) Pause Young (Mixed) (G1 Evacuation Pause) 3672M->1320M(4096M) 136.281ms
[3720.236s][info][gc,cpu         ] GC(900) User=0.81s Sys=0.00s Real=0.14s
...[3723.004s][info][gc,start       ] GC(901) Pause Young (Concurrent Start) (G1 Evacuation Pause)
[3723.004s][info][gc,task        ] GC(901) Using 6 workers of 6 for evacuation
[3723.119s][info][gc,phases      ] GC(901)   Pre Evacuate Collection Set: 0.38ms
[3723.119s][info][gc,phases      ] GC(901)   Merge Heap Roots: 0.45ms
[3723.119s][info][gc,phases      ] GC(901)   Evacuate Collection Set: 112.98ms
[3723.119s][info][gc,phases      ] GC(901)   Post Evacuate Collection Set: 0.86ms
[3723.119s][info][gc,phases      ] GC(901)   Other: 0.13ms
[3723.119s][info][gc,heap        ] GC(901) Eden regions: 1121->0(1121)
[3723.119s][info][gc,heap        ] GC(901) Survivor regions: 107->107(154)
[3723.119s][info][gc,heap        ] GC(901) Old regions: 474->505
[3723.119s][info][gc,heap        ] GC(901) Humongous regions: 80->80
[3723.119s][info][gc,metaspace   ] GC(901) Metaspace: 28920K(29312K)->28920K(29312K) NonClass: 24051K(24256K)->24051K(24256K) Class: 4868K(5056K)->4868K(5056K)
[3723.119s][info][gc             ] GC(901) Pause Young (Concurrent Start) (G1 Evacuation Pause) 3562M->1383M(4096M) 114.935ms
[3723.119s][info][gc             ] GC(902) Concurrent Mark Cycle
[3723.119s][info][gc,marking     ] GC(902) Concurrent Scan Root Regions
[3723.119s][info][gc,cpu         ] GC(901) User=0.69s Sys=0.00s Real=0.11s
[3723.258s][info][gc,marking     ] GC(902) Concurrent Scan Root Regions 139.025ms
[3723.258s][info][gc,marking     ] GC(902) Concurrent Mark
[3723.258s][info][gc,marking     ] GC(902) Concurrent Mark From Roots
[3723.258s][info][gc,task        ] GC(902) Using 2 workers of 2 for marking
.[3723.944s][info][gc,marking     ] GC(902) Concurrent Mark From Roots 686.250ms
[3723.944s][info][gc,marking     ] GC(902) Concurrent Preclean
[3723.945s][info][gc,marking     ] GC(902) Concurrent Preclean 0.138ms
[3723.946s][info][gc,start       ] GC(902) Pause Remark
[3723.951s][info][gc             ] GC(902) Pause Remark 2087M->2087M(4096M) 5.374ms
[3723.951s][info][gc,cpu         ] GC(902) User=0.03s Sys=0.00s Real=0.00s
[3723.951s][info][gc,marking     ] GC(902) Concurrent Mark 693.222ms
[3723.951s][info][gc,marking     ] GC(902) Concurrent Rebuild Remembered Sets and Scrub Regions
[3724.245s][info][gc,marking     ] GC(902) Concurrent Rebuild Remembered Sets and Scrub Regions 293.487ms
[3724.245s][info][gc,start       ] GC(902) Pause Cleanup
[3724.245s][info][gc             ] GC(902) Pause Cleanup 2348M->2348M(4096M) 0.108ms
[3724.245s][info][gc,cpu         ] GC(902) User=0.00s Sys=0.00s Real=0.00s
[3724.245s][info][gc,marking     ] GC(902) Concurrent Clear Claimed Marks
[3724.245s][info][gc,marking     ] GC(902) Concurrent Clear Claimed Marks 0.021ms
[3724.245s][info][gc,marking     ] GC(902) Concurrent Cleanup for Next Mark
[3724.250s][info][gc,marking     ] GC(902) Concurrent Cleanup for Next Mark 4.768ms
[3724.250s][info][gc             ] GC(902) Concurrent Mark Cycle 1131.134ms
..[3725.894s][info][gc,start       ] GC(903) Pause Young (Prepare Mixed) (G1 Evacuation Pause)
[3725.894s][info][gc,task        ] GC(903) Using 6 workers of 6 for evacuation
[3726.011s][info][gc,phases      ] GC(903)   Pre Evacuate Collection Set: 0.35ms
[3726.011s][info][gc,phases      ] GC(903)   Merge Heap Roots: 0.49ms
[3726.011s][info][gc,phases      ] GC(903)   Evacuate Collection Set: 115.88ms
[3726.011s][info][gc,phases      ] GC(903)   Post Evacuate Collection Set: 0.90ms
[3726.011s][info][gc,phases      ] GC(903)   Other: 0.08ms
[3726.011s][info][gc,heap        ] GC(903) Eden regions: 1121->0(1108)
[3726.011s][info][gc,heap        ] GC(903) Survivor regions: 107->110(154)
[3726.011s][info][gc,heap        ] GC(903) Old regions: 505->537
[3726.011s][info][gc,heap        ] GC(903) Humongous regions: 80->80
[3726.011s][info][gc,metaspace   ] GC(903) Metaspace: 28920K(29312K)->28920K(29312K) NonClass: 24051K(24256K)->24051K(24256K) Class: 4868K(5056K)->4868K(5056K)
[3726.011s][info][gc             ] GC(903) Pause Young (Prepare Mixed) (G1 Evacuation Pause) 3625M->1451M(4096M) 117.823ms
[3726.012s][info][gc,cpu         ] GC(903) User=0.70s Sys=0.01s Real=0.11s
...[3728.777s][info][gc,start       ] GC(904) Pause Young (Mixed) (G1 Evacuation Pause)
[3728.777s][info][gc,task        ] GC(904) Using 6 workers of 6 for evacuation
[3728.913s][info][gc,phases      ] GC(904)   Pre Evacuate Collection Set: 0.33ms
[3728.913s][info][gc,phases      ] GC(904)   Merge Heap Roots: 0.64ms
[3728.913s][info][gc,phases      ] GC(904)   Evacuate Collection Set: 134.11ms
[3728.913s][info][gc,phases      ] GC(904)   Post Evacuate Collection Set: 0.93ms
[3728.913s][info][gc,phases      ] GC(904)   Other: 0.09ms
[3728.913s][info][gc,heap        ] GC(904) Eden regions: 1108->0(1116)
[3728.913s][info][gc,heap        ] GC(904) Survivor regions: 110->112(153)
[3728.913s][info][gc,heap        ] GC(904) Old regions: 537->471
[3728.913s][info][gc,heap        ] GC(904) Humongous regions: 80->80
[3728.913s][info][gc,metaspace   ] GC(904) Metaspace: 28920K(29312K)->28920K(29312K) NonClass: 24051K(24256K)->24051K(24256K) Class: 4868K(5056K)->4868K(5056K)
[3728.913s][info][gc             ] GC(904) Pause Young (Mixed) (G1 Evacuation Pause) 3667M->1323M(4096M) 136.231ms
[3728.913s][info][gc,cpu         ] GC(904) User=0.82s Sys=0.00s Real=0.14s
..[3731.586s][info][gc,start       ] GC(905) Pause Young (Concurrent Start) (G1 Evacuation Pause)
[3731.586s][info][gc,task        ] GC(905) Using 6 workers of 6 for evacuation
[3731.701s][info][gc,phases      ] GC(905)   Pre Evacuate Collection Set: 0.40ms
[3731.701s][info][gc,phases      ] GC(905)   Merge Heap Roots: 0.45ms
[3731.701s][info][gc,phases      ] GC(905)   Evacuate Collection Set: 113.45ms
[3731.701s][info][gc,phases      ] GC(905)   Post Evacuate Collection Set: 0.86ms
[3731.701s][info][gc,phases      ] GC(905)   Other: 0.11ms
[3731.701s][info][gc,heap        ] GC(905) Eden regions: 1116->0(1120)
[3731.701s][info][gc,heap        ] GC(905) Survivor regions: 112->108(154)
[3731.701s][info][gc,heap        ] GC(905) Old regions: 471->503
[3731.701s][info][gc,heap        ] GC(905) Humongous regions: 80->80
[3731.701s][info][gc,metaspace   ] GC(905) Metaspace: 28920K(29312K)->28920K(29312K) NonClass: 24051K(24256K)->24051K(24256K) Class: 4868K(5056K)->4868K(5056K)
[3731.701s][info][gc             ] GC(905) Pause Young (Concurrent Start) (G1 Evacuation Pause) 3555M->1380M(4096M) 115.401ms
[3731.701s][info][gc             ] GC(906) Concurrent Mark Cycle
[3731.701s][info][gc,marking     ] GC(906) Concurrent Scan Root Regions
[3731.701s][info][gc,cpu         ] GC(905) User=0.68s Sys=0.00s Real=0.11s
.[3731.843s][info][gc,marking     ] GC(906) Concurrent Scan Root Regions 141.896ms
[3731.843s][info][gc,marking     ] GC(906) Concurrent Mark
[3731.843s][info][gc,marking     ] GC(906) Concurrent Mark From Roots
[3731.843s][info][gc,task        ] GC(906) Using 2 workers of 2 for marking
[3732.488s][info][gc,marking     ] GC(906) Concurrent Mark From Roots 645.086ms
[3732.488s][info][gc,marking     ] GC(906) Concurrent Preclean
[3732.489s][info][gc,marking     ] GC(906) Concurrent Preclean 0.089ms
[3732.489s][info][gc,start       ] GC(906) Pause Remark
[3732.493s][info][gc             ] GC(906) Pause Remark 2007M->2007M(4096M) 4.817ms
[3732.493s][info][gc,cpu         ] GC(906) User=0.02s Sys=0.00s Real=0.01s
[3732.494s][info][gc,marking     ] GC(906) Concurrent Mark 650.245ms
[3732.494s][info][gc,marking     ] GC(906) Concurrent Rebuild Remembered Sets and Scrub Regions
.[3732.739s][info][gc,marking     ] GC(906) Concurrent Rebuild Remembered Sets and Scrub Regions 245.289ms
[3732.739s][info][gc,start       ] GC(906) Pause Cleanup
[3732.739s][info][gc             ] GC(906) Pause Cleanup 2189M->2189M(4096M) 0.111ms
[3732.739s][info][gc,cpu         ] GC(906) User=0.00s Sys=0.00s Real=0.00s
[3732.739s][info][gc,marking     ] GC(906) Concurrent Clear Claimed Marks
[3732.739s][info][gc,marking     ] GC(906) Concurrent Clear Claimed Marks 0.026ms
[3732.739s][info][gc,marking     ] GC(906) Concurrent Cleanup for Next Mark
[3732.744s][info][gc,marking     ] GC(906) Concurrent Cleanup for Next Mark 4.584ms
[3732.744s][info][gc             ] GC(906) Concurrent Mark Cycle 1042.599ms
.[3734.531s][info][gc,start       ] GC(907) Pause Young (Prepare Mixed) (G1 Evacuation Pause)
[3734.531s][info][gc,task        ] GC(907) Using 6 workers of 6 for evacuation
[3734.649s][info][gc,phases      ] GC(907)   Pre Evacuate Collection Set: 0.34ms
[3734.649s][info][gc,phases      ] GC(907)   Merge Heap Roots: 0.49ms
[3734.649s][info][gc,phases      ] GC(907)   Evacuate Collection Set: 115.60ms
[3734.649s][info][gc,phases      ] GC(907)   Post Evacuate Collection Set: 0.92ms
[3734.649s][info][gc,phases      ] GC(907)   Other: 0.09ms
[3734.649s][info][gc,heap        ] GC(907) Eden regions: 1120->0(1112)
[3734.649s][info][gc,heap        ] GC(907) Survivor regions: 108->109(154)
[3734.649s][info][gc,heap        ] GC(907) Old regions: 503->535
[3734.649s][info][gc,heap        ] GC(907) Humongous regions: 80->80
[3734.649s][info][gc,metaspace   ] GC(907) Metaspace: 28920K(29312K)->28920K(29312K) NonClass: 24051K(24256K)->24051K(24256K) Class: 4868K(5056K)->4868K(5056K)
[3734.649s][info][gc             ] GC(907) Pause Young (Prepare Mixed) (G1 Evacuation Pause) 3620M->1447M(4096M) 117.566ms
[3734.649s][info][gc,cpu         ] GC(907) User=0.69s Sys=0.00s Real=0.12s
...[3737.428s][info][gc,start       ] GC(908) Pause Young (Mixed) (G1 Evacuation Pause)
[3737.428s][info][gc,task        ] GC(908) Using 6 workers of 6 for evacuation
[3737.563s][info][gc,phases      ] GC(908)   Pre Evacuate Collection Set: 0.34ms
[3737.563s][info][gc,phases      ] GC(908)   Merge Heap Roots: 0.62ms
[3737.563s][info][gc,phases      ] GC(908)   Evacuate Collection Set: 132.41ms
[3737.563s][info][gc,phases      ] GC(908)   Post Evacuate Collection Set: 0.91ms
[3737.563s][info][gc,phases      ] GC(908)   Other: 0.09ms
[3737.563s][info][gc,heap        ] GC(908) Eden regions: 1112->0(1118)
[3737.563s][info][gc,heap        ] GC(908) Survivor regions: 109->110(153)
[3737.563s][info][gc,heap        ] GC(908) Old regions: 535->472
[3737.563s][info][gc,heap        ] GC(908) Humongous regions: 80->80
[3737.563s][info][gc,metaspace   ] GC(908) Metaspace: 28920K(29312K)->28920K(29312K) NonClass: 24051K(24256K)->24051K(24256K) Class: 4868K(5056K)->4868K(5056K)
[3737.563s][info][gc             ] GC(908) Pause Young (Mixed) (G1 Evacuation Pause) 3671M->1322M(4096M) 134.527ms
[3737.563s][info][gc,cpu         ] GC(908) User=0.80s Sys=0.00s Real=0.14s
...[3740.278s][info][gc,start       ] GC(909) Pause Young (Concurrent Start) (G1 Evacuation Pause)
[3740.278s][info][gc,task        ] GC(909) Using 6 workers of 6 for evacuation
[3740.396s][info][gc,phases      ] GC(909)   Pre Evacuate Collection Set: 0.39ms
[3740.396s][info][gc,phases      ] GC(909)   Merge Heap Roots: 0.46ms
[3740.396s][info][gc,phases      ] GC(909)   Evacuate Collection Set: 116.58ms
[3740.396s][info][gc,phases      ] GC(909)   Post Evacuate Collection Set: 0.88ms
[3740.396s][info][gc,phases      ] GC(909)   Other: 0.13ms
[3740.396s][info][gc,heap        ] GC(909) Eden regions: 1118->0(1118)
[3740.396s][info][gc,heap        ] GC(909) Survivor regions: 110->110(154)
[3740.396s][info][gc,heap        ] GC(909) Old regions: 472->505
[3740.396s][info][gc,heap        ] GC(909) Humongous regions: 80->80
[3740.396s][info][gc,metaspace   ] GC(909) Metaspace: 28920K(29312K)->28920K(29312K) NonClass: 24051K(24256K)->24051K(24256K) Class: 4868K(5056K)->4868K(5056K)
[3740.396s][info][gc             ] GC(909) Pause Young (Concurrent Start) (G1 Evacuation Pause) 3558M->1388M(4096M) 118.574ms
[3740.396s][info][gc             ] GC(910) Concurrent Mark Cycle
[3740.397s][info][gc,marking     ] GC(910) Concurrent Scan Root Regions
[3740.397s][info][gc,cpu         ] GC(909) User=0.70s Sys=0.00s Real=0.12s
[3740.542s][info][gc,marking     ] GC(910) Concurrent Scan Root Regions 145.466ms
[3740.542s][info][gc,marking     ] GC(910) Concurrent Mark
[3740.542s][info][gc,marking     ] GC(910) Concurrent Mark From Roots
[3740.542s][info][gc,task        ] GC(910) Using 2 workers of 2 for marking
.[3741.413s][info][gc,marking     ] GC(910) Concurrent Mark From Roots 870.725ms
[3741.413s][info][gc,marking     ] GC(910) Concurrent Preclean
[3741.413s][info][gc,marking     ] GC(910) Concurrent Preclean 0.151ms
[3741.413s][info][gc,start       ] GC(910) Pause Remark
[3741.419s][info][gc             ] GC(910) Pause Remark 2234M->2234M(4096M) 5.834ms
[3741.419s][info][gc,cpu         ] GC(910) User=0.03s Sys=0.00s Real=0.00s
[3741.419s][info][gc,marking     ] GC(910) Concurrent Mark 877.294ms
[3741.419s][info][gc,marking     ] GC(910) Concurrent Rebuild Remembered Sets and Scrub Regions
.[3741.782s][info][gc,marking     ] GC(910) Concurrent Rebuild Remembered Sets and Scrub Regions 362.405ms
[3741.782s][info][gc,start       ] GC(910) Pause Cleanup
[3741.782s][info][gc             ] GC(910) Pause Cleanup 2543M->2543M(4096M) 0.105ms
[3741.782s][info][gc,cpu         ] GC(910) User=0.00s Sys=0.00s Real=0.00s
[3741.783s][info][gc,marking     ] GC(910) Concurrent Clear Claimed Marks
[3741.783s][info][gc,marking     ] GC(910) Concurrent Clear Claimed Marks 0.032ms
[3741.783s][info][gc,marking     ] GC(910) Concurrent Cleanup for Next Mark
[3741.789s][info][gc,marking     ] GC(910) Concurrent Cleanup for Next Mark 5.986ms
[3741.789s][info][gc             ] GC(910) Concurrent Mark Cycle 1392.488ms
.[3743.205s][info][gc,start       ] GC(911) Pause Young (Prepare Mixed) (G1 Evacuation Pause)
[3743.205s][info][gc,task        ] GC(911) Using 6 workers of 6 for evacuation
[3743.320s][info][gc,phases      ] GC(911)   Pre Evacuate Collection Set: 0.31ms
[3743.320s][info][gc,phases      ] GC(911)   Merge Heap Roots: 0.49ms
[3743.320s][info][gc,phases      ] GC(911)   Evacuate Collection Set: 113.72ms
[3743.320s][info][gc,phases      ] GC(911)   Post Evacuate Collection Set: 0.91ms
[3743.321s][info][gc,phases      ] GC(911)   Other: 0.08ms
[3743.321s][info][gc,heap        ] GC(911) Eden regions: 1118->0(1112)
[3743.321s][info][gc,heap        ] GC(911) Survivor regions: 110->108(154)
[3743.321s][info][gc,heap        ] GC(911) Old regions: 505->537
[3743.321s][info][gc,heap        ] GC(911) Humongous regions: 80->80
[3743.321s][info][gc,metaspace   ] GC(911) Metaspace: 28920K(29312K)->28920K(29312K) NonClass: 24051K(24256K)->24051K(24256K) Class: 4868K(5056K)->4868K(5056K)
[3743.321s][info][gc             ] GC(911) Pause Young (Prepare Mixed) (G1 Evacuation Pause) 3624M->1449M(4096M) 115.651ms
[3743.321s][info][gc,cpu         ] GC(911) User=0.68s Sys=0.00s Real=0.11s
...[3746.063s][info][gc,start       ] GC(912) Pause Young (Mixed) (G1 Evacuation Pause)
[3746.063s][info][gc,task        ] GC(912) Using 6 workers of 6 for evacuation
[3746.194s][info][gc,phases      ] GC(912)   Pre Evacuate Collection Set: 0.39ms
[3746.194s][info][gc,phases      ] GC(912)   Merge Heap Roots: 0.69ms
[3746.194s][info][gc,phases      ] GC(912)   Evacuate Collection Set: 129.34ms
[3746.194s][info][gc,phases      ] GC(912)   Post Evacuate Collection Set: 0.95ms
[3746.194s][info][gc,phases      ] GC(912)   Other: 0.09ms
[3746.194s][info][gc,heap        ] GC(912) Eden regions: 1112->0(1121)
[3746.194s][info][gc,heap        ] GC(912) Survivor regions: 108->107(153)
[3746.194s][info][gc,heap        ] GC(912) Old regions: 537->474
[3746.194s][info][gc,heap        ] GC(912) Humongous regions: 80->80
[3746.194s][info][gc,metaspace   ] GC(912) Metaspace: 28920K(29312K)->28920K(29312K) NonClass: 24051K(24256K)->24051K(24256K) Class: 4868K(5056K)->4868K(5056K)
[3746.194s][info][gc             ] GC(912) Pause Young (Mixed) (G1 Evacuation Pause) 3673M->1320M(4096M) 131.585ms
[3746.194s][info][gc,cpu         ] GC(912) User=0.78s Sys=0.00s Real=0.13s
... (rIR:aIR:PR = 6503:6504:6504) (tPR = 96450) [OK] 
  3748s: Performance info:
         Transaction,    Success,    Partial,     Failed,   Receipts, AvgBarcode, 
             Overall,     393844,          0,          0,     374133,      59.47, 
         Response times:
             Request,    Success,    Partial,     Failed,   SkipFail,     Probes,    Samples,      min,      p50,      p90,      p95,      p99,      max, 
       TotalPurchase,     374133,          0,          0,          0,     362326,     395096,      300,     5300,    21000,    42000,    80000,   205000,
     InStorePurchase,     196926,          0,          0,          0,     190552,     207694,      300,     5300,    21000,    41000,    80000,   205000,
      OnlinePurchase,     137839,          0,          0,          0,     133321,     145261,      300,     5200,    21000,    42000,    80000,   204000,
        InstPurchase,      39368,          0,          0,          0,      38453,      42141,      400,     5600,    23000,    43000,    79000,   204000,
          AssocOfCat,        395,          0,          0,          0,        306,        403,    26000,    38000,    81000,   116800,   179000,   201000,
      AssocOfProduct,       3932,          0,          0,          0,       3673,       4184,      600,     6000,    21000,    42750,    80150,   169000,
      BusinessReport,        988,          0,          0,          0,        873,       1094,    27000,    45000,    99000,   121000,   179000,   195000,
          CustBuyBeh,       3941,          0,          0,          0,       3647,       4116,      200,     5200,    18000,    41000,    75830,   197000,
       ProductReturn,      10454,          0,          0,          0,       9986,      11175,      200,     5900,    23000,    44000,    81000,   149000,

  3748s: (48%)   IR =   6642 [3748.950s][info][gc,start       ] GC(913) Pause Young (Concurrent Start) (G1 Evacuation Pause)
[3748.950s][info][gc,task        ] GC(913) Using 6 workers of 6 for evacuation
[3749.070s][info][gc,phases      ] GC(913)   Pre Evacuate Collection Set: 0.37ms
[3749.070s][info][gc,phases      ] GC(913)   Merge Heap Roots: 0.51ms
[3749.070s][info][gc,phases      ] GC(913)   Evacuate Collection Set: 118.06ms
[3749.070s][info][gc,phases      ] GC(913)   Post Evacuate Collection Set: 0.92ms
[3749.070s][info][gc,phases      ] GC(913)   Other: 0.13ms
[3749.070s][info][gc,heap        ] GC(913) Eden regions: 1121->0(1117)
[3749.070s][info][gc,heap        ] GC(913) Survivor regions: 107->111(154)
[3749.070s][info][gc,heap        ] GC(913) Old regions: 474->506
[3749.070s][info][gc,heap        ] GC(913) Humongous regions: 80->80
[3749.070s][info][gc,metaspace   ] GC(913) Metaspace: 28920K(29312K)->28920K(29312K) NonClass: 24051K(24256K)->24051K(24256K) Class: 4868K(5056K)->4868K(5056K)
[3749.070s][info][gc             ] GC(913) Pause Young (Concurrent Start) (G1 Evacuation Pause) 3562M->1392M(4096M) 120.142ms
[3749.070s][info][gc             ] GC(914) Concurrent Mark Cycle
[3749.070s][info][gc,marking     ] GC(914) Concurrent Scan Root Regions
[3749.070s][info][gc,cpu         ] GC(913) User=0.72s Sys=0.00s Real=0.12s
[3749.250s][info][gc,marking     ] GC(914) Concurrent Scan Root Regions 180.443ms
[3749.250s][info][gc,marking     ] GC(914) Concurrent Mark
[3749.250s][info][gc,marking     ] GC(914) Concurrent Mark From Roots
[3749.250s][info][gc,task        ] GC(914) Using 2 workers of 2 for marking
.[3750.134s][info][gc,marking     ] GC(914) Concurrent Mark From Roots 884.073ms
[3750.135s][info][gc,marking     ] GC(914) Concurrent Preclean
[3750.135s][info][gc,marking     ] GC(914) Concurrent Preclean 0.136ms
[3750.135s][info][gc,start       ] GC(914) Pause Remark
[3750.142s][info][gc             ] GC(914) Pause Remark 2280M->2280M(4096M) 7.059ms
[3750.142s][info][gc,cpu         ] GC(914) User=0.04s Sys=0.00s Real=0.01s
[3750.142s][info][gc,marking     ] GC(914) Concurrent Mark 891.979ms
[3750.142s][info][gc,marking     ] GC(914) Concurrent Rebuild Remembered Sets and Scrub Regions
[3750.463s][info][gc,marking     ] GC(914) Concurrent Rebuild Remembered Sets and Scrub Regions 320.340ms
[3750.463s][info][gc,start       ] GC(914) Pause Cleanup
[3750.463s][info][gc             ] GC(914) Pause Cleanup 2557M->2557M(4096M) 0.111ms
[3750.463s][info][gc,cpu         ] GC(914) User=0.00s Sys=0.00s Real=0.00s
[3750.465s][info][gc,marking     ] GC(914) Concurrent Clear Claimed Marks
[3750.465s][info][gc,marking     ] GC(914) Concurrent Clear Claimed Marks 0.056ms
[3750.465s][info][gc,marking     ] GC(914) Concurrent Cleanup for Next Mark
[3750.500s][info][gc,marking     ] GC(914) Concurrent Cleanup for Next Mark 35.149ms
[3750.500s][info][gc             ] GC(914) Concurrent Mark Cycle 1430.177ms
.[3751.751s][info][gc,start       ] GC(915) Pause Young (Prepare Mixed) (G1 Evacuation Pause)
[3751.751s][info][gc,task        ] GC(915) Using 6 workers of 6 for evacuation
[3751.868s][info][gc,phases      ] GC(915)   Pre Evacuate Collection Set: 0.32ms
[3751.868s][info][gc,phases      ] GC(915)   Merge Heap Roots: 0.51ms
[3751.868s][info][gc,phases      ] GC(915)   Evacuate Collection Set: 115.02ms
[3751.868s][info][gc,phases      ] GC(915)   Post Evacuate Collection Set: 0.95ms
[3751.868s][info][gc,phases      ] GC(915)   Other: 0.08ms
[3751.868s][info][gc,heap        ] GC(915) Eden regions: 1117->0(1109)
[3751.868s][info][gc,heap        ] GC(915) Survivor regions: 111->109(154)
[3751.868s][info][gc,heap        ] GC(915) Old regions: 506->538
[3751.868s][info][gc,heap        ] GC(915) Humongous regions: 80->80
[3751.868s][info][gc,metaspace   ] GC(915) Metaspace: 28920K(29312K)->28920K(29312K) NonClass: 24051K(24256K)->24051K(24256K) Class: 4868K(5056K)->4868K(5056K)
[3751.868s][info][gc             ] GC(915) Pause Young (Prepare Mixed) (G1 Evacuation Pause) 3626M->1451M(4096M) 117.015ms
[3751.868s][info][gc,cpu         ] GC(915) User=0.69s Sys=0.00s Real=0.12s
...[3754.623s][info][gc,start       ] GC(916) Pause Young (Mixed) (G1 Evacuation Pause)
[3754.623s][info][gc,task        ] GC(916) Using 6 workers of 6 for evacuation
[3754.757s][info][gc,phases      ] GC(916)   Pre Evacuate Collection Set: 0.36ms
[3754.757s][info][gc,phases      ] GC(916)   Merge Heap Roots: 0.66ms
[3754.757s][info][gc,phases      ] GC(916)   Evacuate Collection Set: 131.97ms
[3754.757s][info][gc,phases      ] GC(916)   Post Evacuate Collection Set: 0.93ms
[3754.757s][info][gc,phases      ] GC(916)   Other: 0.09ms
[3754.757s][info][gc,heap        ] GC(916) Eden regions: 1109->0(1119)
[3754.757s][info][gc,heap        ] GC(916) Survivor regions: 109->109(153)
[3754.757s][info][gc,heap        ] GC(916) Old regions: 538->472
[3754.757s][info][gc,heap        ] GC(916) Humongous regions: 80->80
[3754.757s][info][gc,metaspace   ] GC(916) Metaspace: 28920K(29312K)->28920K(29312K) NonClass: 24051K(24256K)->24051K(24256K) Class: 4868K(5056K)->4868K(5056K)
[3754.757s][info][gc             ] GC(916) Pause Young (Mixed) (G1 Evacuation Pause) 3669M->1320M(4096M) 134.133ms
[3754.757s][info][gc,cpu         ] GC(916) User=0.79s Sys=0.00s Real=0.13s
..|.[3757.463s][info][gc,start       ] GC(917) Pause Young (Concurrent Start) (G1 Evacuation Pause)
[3757.463s][info][gc,task        ] GC(917) Using 6 workers of 6 for evacuation
[3757.580s][info][gc,phases      ] GC(917)   Pre Evacuate Collection Set: 0.38ms
[3757.580s][info][gc,phases      ] GC(917)   Merge Heap Roots: 0.44ms
[3757.580s][info][gc,phases      ] GC(917)   Evacuate Collection Set: 114.86ms
[3757.580s][info][gc,phases      ] GC(917)   Post Evacuate Collection Set: 0.85ms
[3757.580s][info][gc,phases      ] GC(917)   Other: 0.10ms
[3757.580s][info][gc,heap        ] GC(917) Eden regions: 1119->0(1119)
[3757.580s][info][gc,heap        ] GC(917) Survivor regions: 109->109(154)
[3757.580s][info][gc,heap        ] GC(917) Old regions: 472->504
[3757.580s][info][gc,heap        ] GC(917) Humongous regions: 80->80
[3757.580s][info][gc,metaspace   ] GC(917) Metaspace: 28920K(29312K)->28920K(29312K) NonClass: 24051K(24256K)->24051K(24256K) Class: 4868K(5056K)->4868K(5056K)
[3757.580s][info][gc             ] GC(917) Pause Young (Concurrent Start) (G1 Evacuation Pause) 3558M->1385M(4096M) 116.755ms
[3757.580s][info][gc             ] GC(918) Concurrent Mark Cycle
[3757.580s][info][gc,marking     ] GC(918) Concurrent Scan Root Regions
[3757.580s][info][gc,cpu         ] GC(917) User=0.69s Sys=0.00s Real=0.11s
[3757.733s][info][gc,marking     ] GC(918) Concurrent Scan Root Regions 153.184ms
[3757.733s][info][gc,marking     ] GC(918) Concurrent Mark
[3757.733s][info][gc,marking     ] GC(918) Concurrent Mark From Roots
[3757.733s][info][gc,task        ] GC(918) Using 2 workers of 2 for marking
.[3758.324s][info][gc,marking     ] GC(918) Concurrent Mark From Roots 590.946ms
[3758.324s][info][gc,marking     ] GC(918) Concurrent Preclean
[3758.324s][info][gc,marking     ] GC(918) Concurrent Preclean 0.104ms
[3758.325s][info][gc,start       ] GC(918) Pause Remark
[3758.330s][info][gc             ] GC(918) Pause Remark 2007M->2007M(4096M) 4.864ms
[3758.330s][info][gc,cpu         ] GC(918) User=0.03s Sys=0.00s Real=0.00s
[3758.331s][info][gc,marking     ] GC(918) Concurrent Mark 597.887ms
[3758.331s][info][gc,marking     ] GC(918) Concurrent Rebuild Remembered Sets and Scrub Regions
[3758.591s][info][gc,marking     ] GC(918) Concurrent Rebuild Remembered Sets and Scrub Regions 260.574ms
[3758.592s][info][gc,start       ] GC(918) Pause Cleanup
[3758.592s][info][gc             ] GC(918) Pause Cleanup 2271M->2271M(4096M) 0.118ms
[3758.592s][info][gc,cpu         ] GC(918) User=0.00s Sys=0.00s Real=0.00s
[3758.592s][info][gc,marking     ] GC(918) Concurrent Clear Claimed Marks
[3758.592s][info][gc,marking     ] GC(918) Concurrent Clear Claimed Marks 0.029ms
[3758.592s][info][gc,marking     ] GC(918) Concurrent Cleanup for Next Mark
[3758.596s][info][gc,marking     ] GC(918) Concurrent Cleanup for Next Mark 3.932ms
[3758.596s][info][gc             ] GC(918) Concurrent Mark Cycle 1016.506ms
..[3760.231s][info][gc,start       ] GC(919) Pause Young (Prepare Mixed) (G1 Evacuation Pause)
[3760.231s][info][gc,task        ] GC(919) Using 6 workers of 6 for evacuation
[3760.346s][info][gc,phases      ] GC(919)   Pre Evacuate Collection Set: 0.30ms
[3760.346s][info][gc,phases      ] GC(919)   Merge Heap Roots: 0.50ms
[3760.346s][info][gc,phases      ] GC(919)   Evacuate Collection Set: 112.72ms
[3760.346s][info][gc,phases      ] GC(919)   Post Evacuate Collection Set: 0.93ms
[3760.346s][info][gc,phases      ] GC(919)   Other: 0.09ms
[3760.346s][info][gc,heap        ] GC(919) Eden regions: 1119->0(1111)
[3760.346s][info][gc,heap        ] GC(919) Survivor regions: 109->109(154)
[3760.346s][info][gc,heap        ] GC(919) Old regions: 504->536
[3760.346s][info][gc,heap        ] GC(919) Humongous regions: 80->80
[3760.346s][info][gc,metaspace   ] GC(919) Metaspace: 28920K(29312K)->28920K(29312K) NonClass: 24051K(24256K)->24051K(24256K) Class: 4868K(5056K)->4868K(5056K)
[3760.346s][info][gc             ] GC(919) Pause Young (Prepare Mixed) (G1 Evacuation Pause) 3623M->1448M(4096M) 114.675ms
[3760.346s][info][gc,cpu         ] GC(919) User=0.68s Sys=0.00s Real=0.12s
..[3763.071s][info][gc,start       ] GC(920) Pause Young (Mixed) (G1 Evacuation Pause)
[3763.071s][info][gc,task        ] GC(920) Using 6 workers of 6 for evacuation
[3763.207s][info][gc,phases      ] GC(920)   Pre Evacuate Collection Set: 0.35ms
[3763.207s][info][gc,phases      ] GC(920)   Merge Heap Roots: 0.68ms
[3763.207s][info][gc,phases      ] GC(920)   Evacuate Collection Set: 133.21ms
[3763.207s][info][gc,phases      ] GC(920)   Post Evacuate Collection Set: 0.94ms
[3763.207s][info][gc,phases      ] GC(920)   Other: 0.09ms
[3763.207s][info][gc,heap        ] GC(920) Eden regions: 1111->0(1119)
[3763.207s][info][gc,heap        ] GC(920) Survivor regions: 109->109(153)
[3763.207s][info][gc,heap        ] GC(920) Old regions: 536->472
[3763.207s][info][gc,heap        ] GC(920) Humongous regions: 80->80
[3763.207s][info][gc,metaspace   ] GC(920) Metaspace: 28920K(29312K)->28920K(29312K) NonClass: 24051K(24256K)->24051K(24256K) Class: 4868K(5056K)->4868K(5056K)
[3763.207s][info][gc             ] GC(920) Pause Young (Mixed) (G1 Evacuation Pause) 3670M->1321M(4096M) 135.392ms
[3763.207s][info][gc,cpu         ] GC(920) User=0.80s Sys=0.00s Real=0.14s
...[3765.908s][info][gc,start       ] GC(921) Pause Young (Concurrent Start) (G1 Evacuation Pause)
[3765.908s][info][gc,task        ] GC(921) Using 6 workers of 6 for evacuation
[3766.027s][info][gc,phases      ] GC(921)   Pre Evacuate Collection Set: 0.35ms
[3766.027s][info][gc,phases      ] GC(921)   Merge Heap Roots: 0.44ms
[3766.027s][info][gc,phases      ] GC(921)   Evacuate Collection Set: 117.06ms
[3766.027s][info][gc,phases      ] GC(921)   Post Evacuate Collection Set: 0.89ms
[3766.027s][info][gc,phases      ] GC(921)   Other: 0.10ms
[3766.027s][info][gc,heap        ] GC(921) Eden regions: 1119->0(1114)
[3766.027s][info][gc,heap        ] GC(921) Survivor regions: 109->114(154)
[3766.027s][info][gc,heap        ] GC(921) Old regions: 472->503
[3766.027s][info][gc,heap        ] GC(921) Humongous regions: 80->80
[3766.027s][info][gc,metaspace   ] GC(921) Metaspace: 28920K(29312K)->28920K(29312K) NonClass: 24051K(24256K)->24051K(24256K) Class: 4868K(5056K)->4868K(5056K)
[3766.027s][info][gc             ] GC(921) Pause Young (Concurrent Start) (G1 Evacuation Pause) 3559M->1392M(4096M) 118.961ms
[3766.027s][info][gc             ] GC(922) Concurrent Mark Cycle
[3766.027s][info][gc,marking     ] GC(922) Concurrent Scan Root Regions
[3766.027s][info][gc,cpu         ] GC(921) User=0.71s Sys=0.00s Real=0.12s
[3766.176s][info][gc,marking     ] GC(922) Concurrent Scan Root Regions 149.430ms
[3766.176s][info][gc,marking     ] GC(922) Concurrent Mark
[3766.176s][info][gc,marking     ] GC(922) Concurrent Mark From Roots
[3766.177s][info][gc,task        ] GC(922) Using 2 workers of 2 for marking
.[3766.893s][info][gc,marking     ] GC(922) Concurrent Mark From Roots 716.806ms
[3766.893s][info][gc,marking     ] GC(922) Concurrent Preclean
[3766.893s][info][gc,marking     ] GC(922) Concurrent Preclean 0.079ms
[3766.894s][info][gc,start       ] GC(922) Pause Remark
[3766.896s][info][gc             ] GC(922) Pause Remark 2146M->2146M(4096M) 2.933ms
[3766.897s][info][gc,cpu         ] GC(922) User=0.01s Sys=0.00s Real=0.00s
[3766.897s][info][gc,marking     ] GC(922) Concurrent Mark 720.072ms
[3766.897s][info][gc,marking     ] GC(922) Concurrent Rebuild Remembered Sets and Scrub Regions
[3767.191s][info][gc,marking     ] GC(922) Concurrent Rebuild Remembered Sets and Scrub Regions 294.209ms
[3767.191s][info][gc,start       ] GC(922) Pause Cleanup
[3767.191s][info][gc             ] GC(922) Pause Cleanup 2366M->2366M(4096M) 0.111ms
[3767.191s][info][gc,cpu         ] GC(922) User=0.00s Sys=0.00s Real=0.00s
[3767.191s][info][gc,marking     ] GC(922) Concurrent Clear Claimed Marks
[3767.191s][info][gc,marking     ] GC(922) Concurrent Clear Claimed Marks 0.028ms
[3767.191s][info][gc,marking     ] GC(922) Concurrent Cleanup for Next Mark
[3767.195s][info][gc,marking     ] GC(922) Concurrent Cleanup for Next Mark 3.562ms
[3767.195s][info][gc             ] GC(922) Concurrent Mark Cycle 1167.802ms
..[3768.678s][info][gc,start       ] GC(923) Pause Young (Prepare Mixed) (G1 Evacuation Pause)
[3768.678s][info][gc,task        ] GC(923) Using 6 workers of 6 for evacuation
[3768.798s][info][gc,phases      ] GC(923)   Pre Evacuate Collection Set: 0.33ms
[3768.798s][info][gc,phases      ] GC(923)   Merge Heap Roots: 0.50ms
[3768.798s][info][gc,phases      ] GC(923)   Evacuate Collection Set: 118.14ms
[3768.798s][info][gc,phases      ] GC(923)   Post Evacuate Collection Set: 0.92ms
[3768.798s][info][gc,phases      ] GC(923)   Other: 0.08ms
[3768.798s][info][gc,heap        ] GC(923) Eden regions: 1114->0(1108)
[3768.798s][info][gc,heap        ] GC(923) Survivor regions: 114->111(154)
[3768.798s][info][gc,heap        ] GC(923) Old regions: 503->535
[3768.798s][info][gc,heap        ] GC(923) Humongous regions: 80->80
[3768.798s][info][gc,metaspace   ] GC(923) Metaspace: 28920K(29312K)->28920K(29312K) NonClass: 24051K(24256K)->24051K(24256K) Class: 4868K(5056K)->4868K(5056K)
[3768.798s][info][gc             ] GC(923) Pause Young (Prepare Mixed) (G1 Evacuation Pause) 3620M->1451M(4096M) 120.117ms
[3768.798s][info][gc,cpu         ] GC(923) User=0.71s Sys=0.00s Real=0.12s
...[3771.538s][info][gc,start       ] GC(924) Pause Young (Mixed) (G1 Evacuation Pause)
[3771.538s][info][gc,task        ] GC(924) Using 6 workers of 6 for evacuation
[3771.671s][info][gc,phases      ] GC(924)   Pre Evacuate Collection Set: 0.35ms
[3771.671s][info][gc,phases      ] GC(924)   Merge Heap Roots: 0.66ms
[3771.671s][info][gc,phases      ] GC(924)   Evacuate Collection Set: 130.46ms
[3771.671s][info][gc,phases      ] GC(924)   Post Evacuate Collection Set: 0.93ms
[3771.671s][info][gc,phases      ] GC(924)   Other: 0.09ms
[3771.671s][info][gc,heap        ] GC(924) Eden regions: 1108->0(1120)
[3771.671s][info][gc,heap        ] GC(924) Survivor regions: 111->108(153)
[3771.671s][info][gc,heap        ] GC(924) Old regions: 535->471
[3771.671s][info][gc,heap        ] GC(924) Humongous regions: 80->80
[3771.671s][info][gc,metaspace   ] GC(924) Metaspace: 28920K(29312K)->28920K(29312K) NonClass: 24051K(24256K)->24051K(24256K) Class: 4868K(5056K)->4868K(5056K)
[3771.671s][info][gc             ] GC(924) Pause Young (Mixed) (G1 Evacuation Pause) 3667M->1316M(4096M) 132.619ms
[3771.671s][info][gc,cpu         ] GC(924) User=0.79s Sys=0.00s Real=0.13s
..[3774.355s][info][gc,start       ] GC(925) Pause Young (Concurrent Start) (G1 Evacuation Pause)
[3774.355s][info][gc,task        ] GC(925) Using 6 workers of 6 for evacuation
[3774.475s][info][gc,phases      ] GC(925)   Pre Evacuate Collection Set: 0.33ms
[3774.475s][info][gc,phases      ] GC(925)   Merge Heap Roots: 0.45ms
[3774.475s][info][gc,phases      ] GC(925)   Evacuate Collection Set: 118.41ms
[3774.475s][info][gc,phases      ] GC(925)   Post Evacuate Collection Set: 0.88ms
[3774.476s][info][gc,phases      ] GC(925)   Other: 0.09ms
[3774.476s][info][gc,heap        ] GC(925) Eden regions: 1120->0(1116)
[3774.476s][info][gc,heap        ] GC(925) Survivor regions: 108->112(154)
[3774.476s][info][gc,heap        ] GC(925) Old regions: 471->502
[3774.476s][info][gc,heap        ] GC(925) Humongous regions: 80->80
[3774.476s][info][gc,metaspace   ] GC(925) Metaspace: 28920K(29312K)->28920K(29312K) NonClass: 24051K(24256K)->24051K(24256K) Class: 4868K(5056K)->4868K(5056K)
[3774.476s][info][gc             ] GC(925) Pause Young (Concurrent Start) (G1 Evacuation Pause) 3556M->1387M(4096M) 120.305ms
[3774.476s][info][gc             ] GC(926) Concurrent Mark Cycle
[3774.476s][info][gc,marking     ] GC(926) Concurrent Scan Root Regions
[3774.476s][info][gc,cpu         ] GC(925) User=0.71s Sys=0.00s Real=0.12s
.[3774.699s][info][gc,marking     ] GC(926) Concurrent Scan Root Regions 223.049ms
[3774.699s][info][gc,marking     ] GC(926) Concurrent Mark
[3774.699s][info][gc,marking     ] GC(926) Concurrent Mark From Roots
[3774.699s][info][gc,task        ] GC(926) Using 2 workers of 2 for marking
.[3775.568s][info][gc,marking     ] GC(926) Concurrent Mark From Roots 869.223ms
[3775.568s][info][gc,marking     ] GC(926) Concurrent Preclean
[3775.568s][info][gc,marking     ] GC(926) Concurrent Preclean 0.069ms
[3775.568s][info][gc,start       ] GC(926) Pause Remark
[3775.574s][info][gc             ] GC(926) Pause Remark 2326M->2326M(4096M) 5.409ms
[3775.574s][info][gc,cpu         ] GC(926) User=0.03s Sys=0.00s Real=0.01s
[3775.574s][info][gc,marking     ] GC(926) Concurrent Mark 874.947ms
[3775.574s][info][gc,marking     ] GC(926) Concurrent Rebuild Remembered Sets and Scrub Regions
[3775.883s][info][gc,marking     ] GC(926) Concurrent Rebuild Remembered Sets and Scrub Regions 309.062ms
[3775.883s][info][gc,start       ] GC(926) Pause Cleanup
[3775.883s][info][gc             ] GC(926) Pause Cleanup 2569M->2569M(4096M) 0.121ms
[3775.883s][info][gc,cpu         ] GC(926) User=0.00s Sys=0.00s Real=0.00s
[3775.883s][info][gc,marking     ] GC(926) Concurrent Clear Claimed Marks
[3775.883s][info][gc,marking     ] GC(926) Concurrent Clear Claimed Marks 0.029ms
[3775.883s][info][gc,marking     ] GC(926) Concurrent Cleanup for Next Mark
[3775.887s][info][gc,marking     ] GC(926) Concurrent Cleanup for Next Mark 4.007ms
[3775.887s][info][gc             ] GC(926) Concurrent Mark Cycle 1411.623ms
.[3777.246s][info][gc,start       ] GC(927) Pause Young (Prepare Mixed) (G1 Evacuation Pause)
[3777.246s][info][gc,task        ] GC(927) Using 6 workers of 6 for evacuation
[3777.362s][info][gc,phases      ] GC(927)   Pre Evacuate Collection Set: 0.31ms
[3777.362s][info][gc,phases      ] GC(927)   Merge Heap Roots: 0.48ms
[3777.362s][info][gc,phases      ] GC(927)   Evacuate Collection Set: 114.56ms
[3777.362s][info][gc,phases      ] GC(927)   Post Evacuate Collection Set: 0.89ms
[3777.362s][info][gc,phases      ] GC(927)   Other: 0.08ms
[3777.362s][info][gc,heap        ] GC(927) Eden regions: 1116->0(1113)
[3777.362s][info][gc,heap        ] GC(927) Survivor regions: 112->109(154)
[3777.362s][info][gc,heap        ] GC(927) Old regions: 502->534
[3777.362s][info][gc,heap        ] GC(927) Humongous regions: 80->80
[3777.362s][info][gc,metaspace   ] GC(927) Metaspace: 28920K(29312K)->28920K(29312K) NonClass: 24051K(24256K)->24051K(24256K) Class: 4868K(5056K)->4868K(5056K)
[3777.362s][info][gc             ] GC(927) Pause Young (Prepare Mixed) (G1 Evacuation Pause) 3619M->1443M(4096M) 116.455ms
[3777.362s][info][gc,cpu         ] GC(927) User=0.69s Sys=0.00s Real=0.12s
...[3780.017s][info][gc,start       ] GC(928) Pause Young (Mixed) (G1 Evacuation Pause)
[3780.017s][info][gc,task        ] GC(928) Using 6 workers of 6 for evacuation
[3780.150s][info][gc,phases      ] GC(928)   Pre Evacuate Collection Set: 0.42ms
[3780.150s][info][gc,phases      ] GC(928)   Merge Heap Roots: 0.76ms
[3780.150s][info][gc,phases      ] GC(928)   Evacuate Collection Set: 130.28ms
[3780.150s][info][gc,phases      ] GC(928)   Post Evacuate Collection Set: 0.93ms
[3780.150s][info][gc,phases      ] GC(928)   Other: 0.09ms
[3780.150s][info][gc,heap        ] GC(928) Eden regions: 1113->0(1121)
[3780.150s][info][gc,heap        ] GC(928) Survivor regions: 109->107(153)
[3780.150s][info][gc,heap        ] GC(928) Old regions: 534->471
[3780.150s][info][gc,heap        ] GC(928) Humongous regions: 80->80
[3780.150s][info][gc,metaspace   ] GC(928) Metaspace: 28920K(29312K)->28920K(29312K) NonClass: 24051K(24256K)->24051K(24256K) Class: 4868K(5056K)->4868K(5056K)
[3780.150s][info][gc             ] GC(928) Pause Young (Mixed) (G1 Evacuation Pause) 3669M->1314M(4096M) 132.624ms
[3780.150s][info][gc,cpu         ] GC(928) User=0.79s Sys=0.00s Real=0.13s
...[3782.902s][info][gc,start       ] GC(929) Pause Young (Concurrent Start) (G1 Evacuation Pause)
[3782.903s][info][gc,task        ] GC(929) Using 6 workers of 6 for evacuation
[3783.021s][info][gc,phases      ] GC(929)   Pre Evacuate Collection Set: 0.34ms
[3783.021s][info][gc,phases      ] GC(929)   Merge Heap Roots: 0.45ms
[3783.021s][info][gc,phases      ] GC(929)   Evacuate Collection Set: 116.96ms
[3783.021s][info][gc,phases      ] GC(929)   Post Evacuate Collection Set: 0.87ms
[3783.021s][info][gc,phases      ] GC(929)   Other: 0.09ms
[3783.021s][info][gc,heap        ] GC(929) Eden regions: 1121->0(1117)
[3783.021s][info][gc,heap        ] GC(929) Survivor regions: 107->111(154)
[3783.021s][info][gc,heap        ] GC(929) Old regions: 471->503
[3783.021s][info][gc,heap        ] GC(929) Humongous regions: 80->80
[3783.021s][info][gc,metaspace   ] GC(929) Metaspace: 28920K(29312K)->28920K(29312K) NonClass: 24051K(24256K)->24051K(24256K) Class: 4868K(5056K)->4868K(5056K)
[3783.021s][info][gc             ] GC(929) Pause Young (Concurrent Start) (G1 Evacuation Pause) 3556M->1386M(4096M) 118.861ms
[3783.021s][info][gc             ] GC(930) Concurrent Mark Cycle
[3783.021s][info][gc,marking     ] GC(930) Concurrent Scan Root Regions
[3783.021s][info][gc,cpu         ] GC(929) User=0.71s Sys=0.00s Real=0.11s
[3783.209s][info][gc,marking     ] GC(930) Concurrent Scan Root Regions 187.725ms
[3783.209s][info][gc,marking     ] GC(930) Concurrent Mark
[3783.209s][info][gc,marking     ] GC(930) Concurrent Mark From Roots
[3783.209s][info][gc,task        ] GC(930) Using 2 workers of 2 for marking
.[3784.209s][info][gc,marking     ] GC(930) Concurrent Mark From Roots 999.600ms
[3784.209s][info][gc,marking     ] GC(930) Concurrent Preclean
[3784.209s][info][gc,marking     ] GC(930) Concurrent Preclean 0.110ms
[3784.212s][info][gc,start       ] GC(930) Pause Remark
[3784.219s][info][gc             ] GC(930) Pause Remark 2448M->2448M(4096M) 6.893ms
[3784.219s][info][gc,cpu         ] GC(930) User=0.04s Sys=0.00s Real=0.00s
[3784.219s][info][gc,marking     ] GC(930) Concurrent Mark 1009.582ms
[3784.219s][info][gc,marking     ] GC(930) Concurrent Rebuild Remembered Sets and Scrub Regions
.[3784.575s][info][gc,marking     ] GC(930) Concurrent Rebuild Remembered Sets and Scrub Regions 355.943ms
[3784.575s][info][gc,start       ] GC(930) Pause Cleanup
[3784.575s][info][gc             ] GC(930) Pause Cleanup 2725M->2725M(4096M) 0.102ms
[3784.575s][info][gc,cpu         ] GC(930) User=0.00s Sys=0.00s Real=0.00s
[3784.575s][info][gc,marking     ] GC(930) Concurrent Clear Claimed Marks
[3784.575s][info][gc,marking     ] GC(930) Concurrent Clear Claimed Marks 0.022ms
[3784.575s][info][gc,marking     ] GC(930) Concurrent Cleanup for Next Mark
[3784.579s][info][gc,marking     ] GC(930) Concurrent Cleanup for Next Mark 4.390ms
[3784.579s][info][gc             ] GC(930) Concurrent Mark Cycle 1558.113ms
.[3785.688s][info][gc,start       ] GC(931) Pause Young (Prepare Mixed) (G1 Evacuation Pause)
[3785.688s][info][gc,task        ] GC(931) Using 6 workers of 6 for evacuation
[3785.807s][info][gc,phases      ] GC(931)   Pre Evacuate Collection Set: 0.30ms
[3785.807s][info][gc,phases      ] GC(931)   Merge Heap Roots: 0.47ms
[3785.807s][info][gc,phases      ] GC(931)   Evacuate Collection Set: 117.24ms
[3785.807s][info][gc,phases      ] GC(931)   Post Evacuate Collection Set: 0.93ms
[3785.808s][info][gc,phases      ] GC(931)   Other: 0.09ms
[3785.808s][info][gc,heap        ] GC(931) Eden regions: 1117->0(1112)
[3785.808s][info][gc,heap        ] GC(931) Survivor regions: 111->109(154)
[3785.808s][info][gc,heap        ] GC(931) Old regions: 503->535
[3785.808s][info][gc,heap        ] GC(931) Humongous regions: 80->80
[3785.808s][info][gc,metaspace   ] GC(931) Metaspace: 28920K(29312K)->28920K(29312K) NonClass: 24051K(24256K)->24051K(24256K) Class: 4868K(5056K)->4868K(5056K)
[3785.808s][info][gc             ] GC(931) Pause Young (Prepare Mixed) (G1 Evacuation Pause) 3620M->1446M(4096M) 119.191ms
[3785.808s][info][gc,cpu         ] GC(931) User=0.71s Sys=0.00s Real=0.12s
..[3788.441s][info][gc,start       ] GC(932) Pause Young (Mixed) (G1 Evacuation Pause)
[3788.441s][info][gc,task        ] GC(932) Using 6 workers of 6 for evacuation
[3788.581s][info][gc,phases      ] GC(932)   Pre Evacuate Collection Set: 0.36ms
[3788.581s][info][gc,phases      ] GC(932)   Merge Heap Roots: 0.67ms
[3788.581s][info][gc,phases      ] GC(932)   Evacuate Collection Set: 138.07ms
[3788.581s][info][gc,phases      ] GC(932)   Post Evacuate Collection Set: 1.03ms
[3788.581s][info][gc,phases      ] GC(932)   Other: 0.09ms
[3788.581s][info][gc,heap        ] GC(932) Eden regions: 1112->0(1114)
[3788.581s][info][gc,heap        ] GC(932) Survivor regions: 109->114(153)
[3788.581s][info][gc,heap        ] GC(932) Old regions: 535->474
[3788.581s][info][gc,heap        ] GC(932) Humongous regions: 80->80
[3788.581s][info][gc,metaspace   ] GC(932) Metaspace: 28920K(29312K)->28920K(29312K) NonClass: 24051K(24256K)->24051K(24256K) Class: 4868K(5056K)->4868K(5056K)
[3788.581s][info][gc             ] GC(932) Pause Young (Mixed) (G1 Evacuation Pause) 3670M->1334M(4096M) 140.356ms
[3788.582s][info][gc,cpu         ] GC(932) User=0.84s Sys=0.00s Real=0.14s
...[3791.336s][info][gc,start       ] GC(933) Pause Young (Concurrent Start) (G1 Evacuation Pause)
[3791.337s][info][gc,task        ] GC(933) Using 6 workers of 6 for evacuation
[3791.452s][info][gc,phases      ] GC(933)   Pre Evacuate Collection Set: 0.35ms
[3791.452s][info][gc,phases      ] GC(933)   Merge Heap Roots: 0.45ms
[3791.452s][info][gc,phases      ] GC(933)   Evacuate Collection Set: 113.98ms
[3791.452s][info][gc,phases      ] GC(933)   Post Evacuate Collection Set: 0.87ms
[3791.452s][info][gc,phases      ] GC(933)   Other: 0.10ms
[3791.452s][info][gc,heap        ] GC(933) Eden regions: 1114->0(1119)
[3791.452s][info][gc,heap        ] GC(933) Survivor regions: 114->109(154)
[3791.452s][info][gc,heap        ] GC(933) Old regions: 474->505
[3791.452s][info][gc,heap        ] GC(933) Humongous regions: 80->80
[3791.452s][info][gc,metaspace   ] GC(933) Metaspace: 28920K(29312K)->28920K(29312K) NonClass: 24051K(24256K)->24051K(24256K) Class: 4868K(5056K)->4868K(5056K)
[3791.452s][info][gc             ] GC(933) Pause Young (Concurrent Start) (G1 Evacuation Pause) 3562M->1386M(4096M) 115.897ms
[3791.452s][info][gc             ] GC(934) Concurrent Mark Cycle
[3791.452s][info][gc,marking     ] GC(934) Concurrent Scan Root Regions
[3791.452s][info][gc,cpu         ] GC(933) User=0.69s Sys=0.00s Real=0.12s
[3791.636s][info][gc,marking     ] GC(934) Concurrent Scan Root Regions 183.370ms
[3791.636s][info][gc,marking     ] GC(934) Concurrent Mark
[3791.636s][info][gc,marking     ] GC(934) Concurrent Mark From Roots
[3791.636s][info][gc,task        ] GC(934) Using 2 workers of 2 for marking
.[3792.587s][info][gc,marking     ] GC(934) Concurrent Mark From Roots 951.514ms
[3792.587s][info][gc,marking     ] GC(934) Concurrent Preclean
[3792.588s][info][gc,marking     ] GC(934) Concurrent Preclean 0.133ms
[3792.590s][info][gc,start       ] GC(934) Pause Remark
[3792.596s][info][gc             ] GC(934) Pause Remark 2346M->2346M(4096M) 6.414ms
[3792.596s][info][gc,cpu         ] GC(934) User=0.03s Sys=0.00s Real=0.01s
[3792.596s][info][gc,marking     ] GC(934) Concurrent Mark 960.515ms
[3792.596s][info][gc,marking     ] GC(934) Concurrent Rebuild Remembered Sets and Scrub Regions
.[3792.866s][info][gc,marking     ] GC(934) Concurrent Rebuild Remembered Sets and Scrub Regions 269.747ms
[3792.867s][info][gc,start       ] GC(934) Pause Cleanup
[3792.867s][info][gc             ] GC(934) Pause Cleanup 2588M->2588M(4096M) 0.119ms
[3792.867s][info][gc,cpu         ] GC(934) User=0.00s Sys=0.00s Real=0.00s
[3792.867s][info][gc,marking     ] GC(934) Concurrent Clear Claimed Marks
[3792.867s][info][gc,marking     ] GC(934) Concurrent Clear Claimed Marks 0.032ms
[3792.867s][info][gc,marking     ] GC(934) Concurrent Cleanup for Next Mark
[3792.877s][info][gc,marking     ] GC(934) Concurrent Cleanup for Next Mark 9.979ms
[3792.877s][info][gc             ] GC(934) Concurrent Mark Cycle 1424.643ms
.[3794.209s][info][gc,start       ] GC(935) Pause Young (Prepare Mixed) (G1 Evacuation Pause)
[3794.209s][info][gc,task        ] GC(935) Using 6 workers of 6 for evacuation
[3794.327s][info][gc,phases      ] GC(935)   Pre Evacuate Collection Set: 0.33ms
[3794.327s][info][gc,phases      ] GC(935)   Merge Heap Roots: 0.49ms
[3794.327s][info][gc,phases      ] GC(935)   Evacuate Collection Set: 115.53ms
[3794.327s][info][gc,phases      ] GC(935)   Post Evacuate Collection Set: 0.91ms
[3794.327s][info][gc,phases      ] GC(935)   Other: 0.09ms
[3794.327s][info][gc,heap        ] GC(935) Eden regions: 1119->0(1108)
[3794.327s][info][gc,heap        ] GC(935) Survivor regions: 109->110(154)
[3794.327s][info][gc,heap        ] GC(935) Old regions: 505->537
[3794.327s][info][gc,heap        ] GC(935) Humongous regions: 80->80
[3794.327s][info][gc,metaspace   ] GC(935) Metaspace: 28920K(29312K)->28920K(29312K) NonClass: 24051K(24256K)->24051K(24256K) Class: 4868K(5056K)->4868K(5056K)
[3794.327s][info][gc             ] GC(935) Pause Young (Prepare Mixed) (G1 Evacuation Pause) 3624M->1451M(4096M) 117.480ms
[3794.327s][info][gc,cpu         ] GC(935) User=0.69s Sys=0.00s Real=0.12s
...[3796.947s][info][gc,start       ] GC(936) Pause Young (Mixed) (G1 Evacuation Pause)
[3796.947s][info][gc,task        ] GC(936) Using 6 workers of 6 for evacuation
[3797.081s][info][gc,phases      ] GC(936)   Pre Evacuate Collection Set: 0.37ms
[3797.081s][info][gc,phases      ] GC(936)   Merge Heap Roots: 0.68ms
[3797.081s][info][gc,phases      ] GC(936)   Evacuate Collection Set: 132.11ms
[3797.081s][info][gc,phases      ] GC(936)   Post Evacuate Collection Set: 0.93ms
[3797.081s][info][gc,phases      ] GC(936)   Other: 0.09ms
[3797.081s][info][gc,heap        ] GC(936) Eden regions: 1108->0(1118)
[3797.081s][info][gc,heap        ] GC(936) Survivor regions: 110->110(153)
[3797.081s][info][gc,heap        ] GC(936) Old regions: 537->473
[3797.081s][info][gc,heap        ] GC(936) Humongous regions: 80->80
[3797.081s][info][gc,metaspace   ] GC(936) Metaspace: 28920K(29312K)->28920K(29312K) NonClass: 24051K(24256K)->24051K(24256K) Class: 4868K(5056K)->4868K(5056K)
[3797.081s][info][gc             ] GC(936) Pause Young (Mixed) (G1 Evacuation Pause) 3667M->1325M(4096M) 134.336ms
[3797.081s][info][gc,cpu         ] GC(936) User=0.80s Sys=0.00s Real=0.13s
...[3799.766s][info][gc,start       ] GC(937) Pause Young (Concurrent Start) (G1 Evacuation Pause)
[3799.766s][info][gc,task        ] GC(937) Using 6 workers of 6 for evacuation
[3799.882s][info][gc,phases      ] GC(937)   Pre Evacuate Collection Set: 0.39ms
[3799.882s][info][gc,phases      ] GC(937)   Merge Heap Roots: 0.44ms
[3799.882s][info][gc,phases      ] GC(937)   Evacuate Collection Set: 114.13ms
[3799.882s][info][gc,phases      ] GC(937)   Post Evacuate Collection Set: 0.87ms
[3799.882s][info][gc,phases      ] GC(937)   Other: 0.13ms
[3799.882s][info][gc,heap        ] GC(937) Eden regions: 1118->0(1119)
[3799.882s][info][gc,heap        ] GC(937) Survivor regions: 110->109(154)
[3799.882s][info][gc,heap        ] GC(937) Old regions: 473->505
[3799.882s][info][gc,heap        ] GC(937) Humongous regions: 80->80
[3799.882s][info][gc,metaspace   ] GC(937) Metaspace: 28920K(29312K)->28920K(29312K) NonClass: 24051K(24256K)->24051K(24256K) Class: 4868K(5056K)->4868K(5056K)
[3799.882s][info][gc             ] GC(937) Pause Young (Concurrent Start) (G1 Evacuation Pause) 3561M->1386M(4096M) 116.101ms
[3799.882s][info][gc             ] GC(938) Concurrent Mark Cycle
[3799.882s][info][gc,marking     ] GC(938) Concurrent Scan Root Regions
[3799.882s][info][gc,cpu         ] GC(937) User=0.69s Sys=0.00s Real=0.12s
[3800.070s][info][gc,marking     ] GC(938) Concurrent Scan Root Regions 188.321ms
[3800.070s][info][gc,marking     ] GC(938) Concurrent Mark
[3800.070s][info][gc,marking     ] GC(938) Concurrent Mark From Roots
[3800.070s][info][gc,task        ] GC(938) Using 2 workers of 2 for marking
.[3800.872s][info][gc,marking     ] GC(938) Concurrent Mark From Roots 801.844ms
[3800.872s][info][gc,marking     ] GC(938) Concurrent Preclean
[3800.872s][info][gc,marking     ] GC(938) Concurrent Preclean 0.072ms
[3800.872s][info][gc,start       ] GC(938) Pause Remark
[3800.878s][info][gc             ] GC(938) Pause Remark 2181M->2181M(4096M) 5.983ms
[3800.878s][info][gc,cpu         ] GC(938) User=0.03s Sys=0.00s Real=0.00s
[3800.878s][info][gc,marking     ] GC(938) Concurrent Mark 808.157ms
[3800.878s][info][gc,marking     ] GC(938) Concurrent Rebuild Remembered Sets and Scrub Regions
[3801.126s][info][gc,marking     ] GC(938) Concurrent Rebuild Remembered Sets and Scrub Regions 247.931ms
[3801.129s][info][gc,start       ] GC(938) Pause Cleanup
[3801.129s][info][gc             ] GC(938) Pause Cleanup 2366M->2366M(4096M) 0.132ms
[3801.129s][info][gc,cpu         ] GC(938) User=0.00s Sys=0.00s Real=0.00s
[3801.129s][info][gc,marking     ] GC(938) Concurrent Clear Claimed Marks
[3801.129s][info][gc,marking     ] GC(938) Concurrent Clear Claimed Marks 0.034ms
[3801.129s][info][gc,marking     ] GC(938) Concurrent Cleanup for Next Mark
[3801.135s][info][gc,marking     ] GC(938) Concurrent Cleanup for Next Mark 6.010ms
[3801.135s][info][gc             ] GC(938) Concurrent Mark Cycle 1253.491ms
.[3802.644s][info][gc,start       ] GC(939) Pause Young (Prepare Mixed) (G1 Evacuation Pause)
[3802.644s][info][gc,task        ] GC(939) Using 6 workers of 6 for evacuation
[3802.760s][info][gc,phases      ] GC(939)   Pre Evacuate Collection Set: 0.30ms
[3802.760s][info][gc,phases      ] GC(939)   Merge Heap Roots: 0.49ms
[3802.760s][info][gc,phases      ] GC(939)   Evacuate Collection Set: 114.20ms
[3802.760s][info][gc,phases      ] GC(939)   Post Evacuate Collection Set: 0.92ms
[3802.760s][info][gc,phases      ] GC(939)   Other: 0.09ms
[3802.760s][info][gc,heap        ] GC(939) Eden regions: 1119->0(1109)
[3802.760s][info][gc,heap        ] GC(939) Survivor regions: 109->110(154)
[3802.760s][info][gc,heap        ] GC(939) Old regions: 505->536
[3802.760s][info][gc,heap        ] GC(939) Humongous regions: 80->80
[3802.760s][info][gc,metaspace   ] GC(939) Metaspace: 28920K(29312K)->28920K(29312K) NonClass: 24051K(24256K)->24051K(24256K) Class: 4868K(5056K)->4868K(5056K)
[3802.760s][info][gc             ] GC(939) Pause Young (Prepare Mixed) (G1 Evacuation Pause) 3624M->1450M(4096M) 116.124ms
[3802.760s][info][gc,cpu         ] GC(939) User=0.69s Sys=0.00s Real=0.11s
...[3805.465s][info][gc,start       ] GC(940) Pause Young (Mixed) (G1 Evacuation Pause)
[3805.465s][info][gc,task        ] GC(940) Using 6 workers of 6 for evacuation
[3805.599s][info][gc,phases      ] GC(940)   Pre Evacuate Collection Set: 0.35ms
[3805.599s][info][gc,phases      ] GC(940)   Merge Heap Roots: 0.69ms
[3805.599s][info][gc,phases      ] GC(940)   Evacuate Collection Set: 132.72ms
[3805.599s][info][gc,phases      ] GC(940)   Post Evacuate Collection Set: 0.91ms
[3805.599s][info][gc,phases      ] GC(940)   Other: 0.09ms
[3805.599s][info][gc,heap        ] GC(940) Eden regions: 1109->0(1119)
[3805.599s][info][gc,heap        ] GC(940) Survivor regions: 110->109(153)
[3805.599s][info][gc,heap        ] GC(940) Old regions: 536->473
[3805.599s][info][gc,heap        ] GC(940) Humongous regions: 80->80
[3805.599s][info][gc,metaspace   ] GC(940) Metaspace: 28920K(29312K)->28920K(29312K) NonClass: 24051K(24256K)->24051K(24256K) Class: 4868K(5056K)->4868K(5056K)
[3805.599s][info][gc             ] GC(940) Pause Young (Mixed) (G1 Evacuation Pause) 3668M->1321M(4096M) 134.890ms
[3805.599s][info][gc,cpu         ] GC(940) User=0.80s Sys=0.00s Real=0.13s
...[3808.253s][info][gc,start       ] GC(941) Pause Young (Concurrent Start) (G1 Evacuation Pause)
[3808.253s][info][gc,task        ] GC(941) Using 6 workers of 6 for evacuation
[3808.371s][info][gc,phases      ] GC(941)   Pre Evacuate Collection Set: 0.35ms
[3808.371s][info][gc,phases      ] GC(941)   Merge Heap Roots: 0.43ms
[3808.371s][info][gc,phases      ] GC(941)   Evacuate Collection Set: 116.36ms
[3808.371s][info][gc,phases      ] GC(941)   Post Evacuate Collection Set: 0.87ms
[3808.371s][info][gc,phases      ] GC(941)   Other: 0.10ms
[3808.371s][info][gc,heap        ] GC(941) Eden regions: 1119->0(1118)
[3808.371s][info][gc,heap        ] GC(941) Survivor regions: 109->110(154)
[3808.371s][info][gc,heap        ] GC(941) Old regions: 473->505
[3808.371s][info][gc,heap        ] GC(941) Humongous regions: 80->80
[3808.371s][info][gc,metaspace   ] GC(941) Metaspace: 28920K(29312K)->28920K(29312K) NonClass: 24051K(24256K)->24051K(24256K) Class: 4868K(5056K)->4868K(5056K)
[3808.371s][info][gc             ] GC(941) Pause Young (Concurrent Start) (G1 Evacuation Pause) 3559M->1387M(4096M) 118.291ms
[3808.371s][info][gc             ] GC(942) Concurrent Mark Cycle
[3808.371s][info][gc,marking     ] GC(942) Concurrent Scan Root Regions
[3808.371s][info][gc,cpu         ] GC(941) User=0.71s Sys=0.00s Real=0.11s
[3808.511s][info][gc,marking     ] GC(942) Concurrent Scan Root Regions 140.518ms
[3808.512s][info][gc,marking     ] GC(942) Concurrent Mark
[3808.512s][info][gc,marking     ] GC(942) Concurrent Mark From Roots
[3808.512s][info][gc,task        ] GC(942) Using 2 workers of 2 for marking
.[3809.199s][info][gc,marking     ] GC(942) Concurrent Mark From Roots 687.457ms
[3809.199s][info][gc,marking     ] GC(942) Concurrent Preclean
[3809.199s][info][gc,marking     ] GC(942) Concurrent Preclean 0.107ms
[3809.201s][info][gc,start       ] GC(942) Pause Remark
[3809.206s][info][gc             ] GC(942) Pause Remark 2071M->2071M(4096M) 4.773ms
[3809.206s][info][gc,cpu         ] GC(942) User=0.03s Sys=0.00s Real=0.01s
[3809.206s][info][gc,marking     ] GC(942) Concurrent Mark 694.309ms
[3809.206s][info][gc,marking     ] GC(942) Concurrent Rebuild Remembered Sets and Scrub Regions
[3809.461s][info][gc,marking     ] GC(942) Concurrent Rebuild Remembered Sets and Scrub Regions 254.674ms
[3809.461s][info][gc,start       ] GC(942) Pause Cleanup
[3809.461s][info][gc             ] GC(942) Pause Cleanup 2301M->2301M(4096M) 0.114ms
[3809.461s][info][gc,cpu         ] GC(942) User=0.00s Sys=0.00s Real=0.00s
[3809.461s][info][gc,marking     ] GC(942) Concurrent Clear Claimed Marks
[3809.461s][info][gc,marking     ] GC(942) Concurrent Clear Claimed Marks 0.019ms
[3809.461s][info][gc,marking     ] GC(942) Concurrent Cleanup for Next Mark
[3809.464s][info][gc,marking     ] GC(942) Concurrent Cleanup for Next Mark 3.324ms
[3809.464s][info][gc             ] GC(942) Concurrent Mark Cycle 1093.286ms
..[3811.120s][info][gc,start       ] GC(943) Pause Young (Prepare Mixed) (G1 Evacuation Pause)
[3811.120s][info][gc,task        ] GC(943) Using 6 workers of 6 for evacuation
[3811.236s][info][gc,phases      ] GC(943)   Pre Evacuate Collection Set: 0.33ms
[3811.236s][info][gc,phases      ] GC(943)   Merge Heap Roots: 0.49ms
[3811.236s][info][gc,phases      ] GC(943)   Evacuate Collection Set: 113.84ms
[3811.236s][info][gc,phases      ] GC(943)   Post Evacuate Collection Set: 0.92ms
[3811.236s][info][gc,phases      ] GC(943)   Other: 0.09ms
[3811.236s][info][gc,heap        ] GC(943) Eden regions: 1118->0(1113)
[3811.236s][info][gc,heap        ] GC(943) Survivor regions: 110->108(154)
[3811.236s][info][gc,heap        ] GC(943) Old regions: 505->536
[3811.236s][info][gc,heap        ] GC(943) Humongous regions: 80->80
[3811.236s][info][gc,metaspace   ] GC(943) Metaspace: 28920K(29312K)->28920K(29312K) NonClass: 24051K(24256K)->24051K(24256K) Class: 4868K(5056K)->4868K(5056K)
[3811.236s][info][gc             ] GC(943) Pause Young (Prepare Mixed) (G1 Evacuation Pause) 3623M->1446M(4096M) 115.799ms
[3811.236s][info][gc,cpu         ] GC(943) User=0.69s Sys=0.00s Real=0.12s
...[3813.947s][info][gc,start       ] GC(944) Pause Young (Mixed) (G1 Evacuation Pause)
[3813.947s][info][gc,task        ] GC(944) Using 6 workers of 6 for evacuation
[3814.081s][info][gc,phases      ] GC(944)   Pre Evacuate Collection Set: 0.35ms
[3814.081s][info][gc,phases      ] GC(944)   Merge Heap Roots: 0.65ms
[3814.081s][info][gc,phases      ] GC(944)   Evacuate Collection Set: 132.28ms
[3814.081s][info][gc,phases      ] GC(944)   Post Evacuate Collection Set: 0.92ms
[3814.081s][info][gc,phases      ] GC(944)   Other: 0.09ms
[3814.081s][info][gc,heap        ] GC(944) Eden regions: 1113->0(1116)
[3814.081s][info][gc,heap        ] GC(944) Survivor regions: 108->112(153)
[3814.081s][info][gc,heap        ] GC(944) Old regions: 536->472
[3814.081s][info][gc,heap        ] GC(944) Humongous regions: 80->80
[3814.081s][info][gc,metaspace   ] GC(944) Metaspace: 28920K(29312K)->28920K(29312K) NonClass: 24051K(24256K)->24051K(24256K) Class: 4868K(5056K)->4868K(5056K)
[3814.081s][info][gc             ] GC(944) Pause Young (Mixed) (G1 Evacuation Pause) 3672M->1325M(4096M) 134.434ms
[3814.081s][info][gc,cpu         ] GC(944) User=0.80s Sys=0.00s Real=0.13s
..[3816.720s][info][gc,start       ] GC(945) Pause Young (Concurrent Start) (G1 Evacuation Pause)
[3816.720s][info][gc,task        ] GC(945) Using 6 workers of 6 for evacuation
[3816.837s][info][gc,phases      ] GC(945)   Pre Evacuate Collection Set: 0.34ms
[3816.837s][info][gc,phases      ] GC(945)   Merge Heap Roots: 0.44ms
[3816.837s][info][gc,phases      ] GC(945)   Evacuate Collection Set: 114.77ms
[3816.837s][info][gc,phases      ] GC(945)   Post Evacuate Collection Set: 0.87ms
[3816.837s][info][gc,phases      ] GC(945)   Other: 0.11ms
[3816.837s][info][gc,heap        ] GC(945) Eden regions: 1116->0(1119)
[3816.837s][info][gc,heap        ] GC(945) Survivor regions: 112->109(154)
[3816.837s][info][gc,heap        ] GC(945) Old regions: 472->503
[3816.837s][info][gc,heap        ] GC(945) Humongous regions: 80->80
[3816.837s][info][gc,metaspace   ] GC(945) Metaspace: 28920K(29312K)->28920K(29312K) NonClass: 24051K(24256K)->24051K(24256K) Class: 4868K(5056K)->4868K(5056K)
[3816.837s][info][gc             ] GC(945) Pause Young (Concurrent Start) (G1 Evacuation Pause) 3557M->1382M(4096M) 116.661ms
[3816.837s][info][gc             ] GC(946) Concurrent Mark Cycle
[3816.837s][info][gc,marking     ] GC(946) Concurrent Scan Root Regions
[3816.837s][info][gc,cpu         ] GC(945) User=0.69s Sys=0.00s Real=0.12s
. (rIR:aIR:PR = 6642:6626:6627) (tPR = 98531) [OK] 
  3816s: Performance info:
         Transaction,    Success,    Partial,     Failed,   Receipts, AvgBarcode, 
             Overall,     403918,          0,          0,     383694,      59.48, 
         Response times:
             Request,    Success,    Partial,     Failed,   SkipFail,     Probes,    Samples,      min,      p50,      p90,      p95,      p99,      max, 
       TotalPurchase,     383689,          0,          0,          0,     363702,     407266,      300,     5400,    27000,    55000,   118000,   247000,
     InStorePurchase,     201824,          0,          0,          0,     191074,     213532,      300,     5400,    27000,    54000,   120000,   234000,
      OnlinePurchase,     141417,          0,          0,          0,     134449,     150631,      300,     5300,    26000,    55000,   115000,   234000,
        InstPurchase,      40448,          0,          0,          0,      38179,      43103,      400,     5800,    27000,    56000,   120000,   247000,
          AssocOfCat,        407,          0,          0,          0,        335,        465,    26000,    39000,    87000,   136100,   185040,   215000,
      AssocOfProduct,       4044,          0,          0,          0,       3850,       4612,     1800,     6400,    32000,    63000,   124000,   156000,
      BusinessReport,       1016,          0,          0,          0,        883,       1090,    26000,    43000,    81900,   110800,   190090,   246000,
          CustBuyBeh,       4053,          0,          0,          0,       3752,       4422,      100,     5300,    27000,    58850,   124770,   247000,
       ProductReturn,      10703,          0,          0,          0,      10164,      11715,      200,     4900,    24000,    55000,   117000,   234000,

  3816s: (49%)   IR =   6780 [3816.976s][info][gc,marking     ] GC(946) Concurrent Scan Root Regions 138.765ms
[3816.976s][info][gc,marking     ] GC(946) Concurrent Mark
[3816.976s][info][gc,marking     ] GC(946) Concurrent Mark From Roots
[3816.976s][info][gc,task        ] GC(946) Using 2 workers of 2 for marking
[3817.656s][info][gc,marking     ] GC(946) Concurrent Mark From Roots 680.756ms
[3817.656s][info][gc,marking     ] GC(946) Concurrent Preclean
[3817.656s][info][gc,marking     ] GC(946) Concurrent Preclean 0.078ms
[3817.657s][info][gc,start       ] GC(946) Pause Remark
[3817.663s][info][gc             ] GC(946) Pause Remark 2041M->2041M(4096M) 5.773ms
[3817.663s][info][gc,cpu         ] GC(946) User=0.04s Sys=0.00s Real=0.01s
[3817.663s][info][gc,marking     ] GC(946) Concurrent Mark 687.764ms
[3817.663s][info][gc,marking     ] GC(946) Concurrent Rebuild Remembered Sets and Scrub Regions
[3817.919s][info][gc,marking     ] GC(946) Concurrent Rebuild Remembered Sets and Scrub Regions 255.654ms
[3817.919s][info][gc,start       ] GC(946) Pause Cleanup
[3817.919s][info][gc             ] GC(946) Pause Cleanup 2256M->2256M(4096M) 0.103ms
[3817.919s][info][gc,cpu         ] GC(946) User=0.00s Sys=0.00s Real=0.00s
[3817.919s][info][gc,marking     ] GC(946) Concurrent Clear Claimed Marks
[3817.919s][info][gc,marking     ] GC(946) Concurrent Clear Claimed Marks 0.033ms
[3817.919s][info][gc,marking     ] GC(946) Concurrent Cleanup for Next Mark
[3817.924s][info][gc,marking     ] GC(946) Concurrent Cleanup for Next Mark 5.079ms
[3817.925s][info][gc             ] GC(946) Concurrent Mark Cycle 1087.791ms
..[3819.595s][info][gc,start       ] GC(947) Pause Young (Prepare Mixed) (G1 Evacuation Pause)
[3819.595s][info][gc,task        ] GC(947) Using 6 workers of 6 for evacuation
[3819.720s][info][gc,phases      ] GC(947)   Pre Evacuate Collection Set: 0.31ms
[3819.720s][info][gc,phases      ] GC(947)   Merge Heap Roots: 0.51ms
[3819.720s][info][gc,phases      ] GC(947)   Evacuate Collection Set: 122.44ms
[3819.720s][info][gc,phases      ] GC(947)   Post Evacuate Collection Set: 0.90ms
[3819.720s][info][gc,phases      ] GC(947)   Other: 0.09ms
[3819.720s][info][gc,heap        ] GC(947) Eden regions: 1119->0(1102)
[3819.720s][info][gc,heap        ] GC(947) Survivor regions: 109->114(154)
[3819.720s][info][gc,heap        ] GC(947) Old regions: 503->535
[3819.720s][info][gc,heap        ] GC(947) Humongous regions: 80->80
[3819.720s][info][gc,metaspace   ] GC(947) Metaspace: 28920K(29312K)->28920K(29312K) NonClass: 24051K(24256K)->24051K(24256K) Class: 4868K(5056K)->4868K(5056K)
[3819.720s][info][gc             ] GC(947) Pause Young (Prepare Mixed) (G1 Evacuation Pause) 3620M->1457M(4096M) 124.369ms
[3819.720s][info][gc,cpu         ] GC(947) User=0.74s Sys=0.00s Real=0.12s
..|.[3822.306s][info][gc,start       ] GC(948) Pause Young (Mixed) (G1 Evacuation Pause)
[3822.306s][info][gc,task        ] GC(948) Using 6 workers of 6 for evacuation
[3822.440s][info][gc,phases      ] GC(948)   Pre Evacuate Collection Set: 0.39ms
[3822.440s][info][gc,phases      ] GC(948)   Merge Heap Roots: 0.67ms
[3822.440s][info][gc,phases      ] GC(948)   Evacuate Collection Set: 131.13ms
[3822.440s][info][gc,phases      ] GC(948)   Post Evacuate Collection Set: 1.03ms
[3822.440s][info][gc,phases      ] GC(948)   Other: 0.09ms
[3822.440s][info][gc,heap        ] GC(948) Eden regions: 1102->0(1121)
[3822.440s][info][gc,heap        ] GC(948) Survivor regions: 114->107(152)
[3822.440s][info][gc,heap        ] GC(948) Old regions: 535->472
[3822.440s][info][gc,heap        ] GC(948) Humongous regions: 80->80
[3822.440s][info][gc,metaspace   ] GC(948) Metaspace: 28920K(29312K)->28920K(29312K) NonClass: 24051K(24256K)->24051K(24256K) Class: 4868K(5056K)->4868K(5056K)
[3822.440s][info][gc             ] GC(948) Pause Young (Mixed) (G1 Evacuation Pause) 3661M->1317M(4096M) 133.447ms
[3822.440s][info][gc,cpu         ] GC(948) User=0.79s Sys=0.00s Real=0.13s
...[3825.088s][info][gc,start       ] GC(949) Pause Young (Concurrent Start) (G1 Evacuation Pause)
[3825.088s][info][gc,task        ] GC(949) Using 6 workers of 6 for evacuation
[3825.203s][info][gc,phases      ] GC(949)   Pre Evacuate Collection Set: 0.37ms
[3825.203s][info][gc,phases      ] GC(949)   Merge Heap Roots: 0.44ms
[3825.203s][info][gc,phases      ] GC(949)   Evacuate Collection Set: 112.37ms
[3825.203s][info][gc,phases      ] GC(949)   Post Evacuate Collection Set: 0.87ms
[3825.203s][info][gc,phases      ] GC(949)   Other: 0.13ms
[3825.203s][info][gc,heap        ] GC(949) Eden regions: 1121->0(1122)
[3825.203s][info][gc,heap        ] GC(949) Survivor regions: 107->106(154)
[3825.203s][info][gc,heap        ] GC(949) Old regions: 472->505
[3825.203s][info][gc,heap        ] GC(949) Humongous regions: 80->80
[3825.203s][info][gc,metaspace   ] GC(949) Metaspace: 28920K(29312K)->28920K(29312K) NonClass: 24051K(24256K)->24051K(24256K) Class: 4868K(5056K)->4868K(5056K)
[3825.203s][info][gc             ] GC(949) Pause Young (Concurrent Start) (G1 Evacuation Pause) 3559M->1380M(4096M) 114.315ms
[3825.203s][info][gc             ] GC(950) Concurrent Mark Cycle
[3825.203s][info][gc,marking     ] GC(950) Concurrent Scan Root Regions
[3825.203s][info][gc,cpu         ] GC(949) User=0.68s Sys=0.00s Real=0.12s
[3825.347s][info][gc,marking     ] GC(950) Concurrent Scan Root Regions 143.934ms
[3825.347s][info][gc,marking     ] GC(950) Concurrent Mark
[3825.347s][info][gc,marking     ] GC(950) Concurrent Mark From Roots
[3825.347s][info][gc,task        ] GC(950) Using 2 workers of 2 for marking
.[3826.035s][info][gc,marking     ] GC(950) Concurrent Mark From Roots 687.969ms
[3826.035s][info][gc,marking     ] GC(950) Concurrent Preclean
[3826.035s][info][gc,marking     ] GC(950) Concurrent Preclean 0.122ms
[3826.035s][info][gc,start       ] GC(950) Pause Remark
[3826.041s][info][gc             ] GC(950) Pause Remark 2098M->2098M(4096M) 5.561ms
[3826.041s][info][gc,cpu         ] GC(950) User=0.03s Sys=0.00s Real=0.00s
[3826.041s][info][gc,marking     ] GC(950) Concurrent Mark 693.986ms
[3826.041s][info][gc,marking     ] GC(950) Concurrent Rebuild Remembered Sets and Scrub Regions
[3826.292s][info][gc,marking     ] GC(950) Concurrent Rebuild Remembered Sets and Scrub Regions 251.671ms
[3826.293s][info][gc,start       ] GC(950) Pause Cleanup
[3826.293s][info][gc             ] GC(950) Pause Cleanup 2293M->2293M(4096M) 0.115ms
[3826.293s][info][gc,cpu         ] GC(950) User=0.00s Sys=0.00s Real=0.00s
[3826.293s][info][gc,marking     ] GC(950) Concurrent Clear Claimed Marks
[3826.293s][info][gc,marking     ] GC(950) Concurrent Clear Claimed Marks 0.025ms
[3826.293s][info][gc,marking     ] GC(950) Concurrent Cleanup for Next Mark
[3826.297s][info][gc,marking     ] GC(950) Concurrent Cleanup for Next Mark 4.248ms
[3826.297s][info][gc             ] GC(950) Concurrent Mark Cycle 1094.349ms
.[3827.906s][info][gc,start       ] GC(951) Pause Young (Prepare Mixed) (G1 Evacuation Pause)
[3827.906s][info][gc,task        ] GC(951) Using 6 workers of 6 for evacuation
[3828.023s][info][gc,phases      ] GC(951)   Pre Evacuate Collection Set: 0.32ms
[3828.023s][info][gc,phases      ] GC(951)   Merge Heap Roots: 0.47ms
[3828.023s][info][gc,phases      ] GC(951)   Evacuate Collection Set: 115.45ms
[3828.023s][info][gc,phases      ] GC(951)   Post Evacuate Collection Set: 0.88ms
[3828.023s][info][gc,phases      ] GC(951)   Other: 0.09ms
[3828.023s][info][gc,heap        ] GC(951) Eden regions: 1122->0(1107)
[3828.023s][info][gc,heap        ] GC(951) Survivor regions: 106->111(154)
[3828.023s][info][gc,heap        ] GC(951) Old regions: 505->536
[3828.023s][info][gc,heap        ] GC(951) Humongous regions: 80->80
[3828.023s][info][gc,metaspace   ] GC(951) Metaspace: 28920K(29312K)->28920K(29312K) NonClass: 24051K(24256K)->24051K(24256K) Class: 4868K(5056K)->4868K(5056K)
[3828.023s][info][gc             ] GC(951) Pause Young (Prepare Mixed) (G1 Evacuation Pause) 3624M->1452M(4096M) 117.327ms
[3828.023s][info][gc,cpu         ] GC(951) User=0.70s Sys=0.00s Real=0.12s
...[3830.666s][info][gc,start       ] GC(952) Pause Young (Mixed) (G1 Evacuation Pause)
[3830.666s][info][gc,task        ] GC(952) Using 6 workers of 6 for evacuation
[3830.799s][info][gc,phases      ] GC(952)   Pre Evacuate Collection Set: 0.38ms
[3830.799s][info][gc,phases      ] GC(952)   Merge Heap Roots: 0.69ms
[3830.799s][info][gc,phases      ] GC(952)   Evacuate Collection Set: 130.30ms
[3830.799s][info][gc,phases      ] GC(952)   Post Evacuate Collection Set: 0.94ms
[3830.799s][info][gc,phases      ] GC(952)   Other: 0.11ms
[3830.799s][info][gc,heap        ] GC(952) Eden regions: 1107->0(1118)
[3830.799s][info][gc,heap        ] GC(952) Survivor regions: 111->110(153)
[3830.799s][info][gc,heap        ] GC(952) Old regions: 536->471
[3830.799s][info][gc,heap        ] GC(952) Humongous regions: 80->80
[3830.799s][info][gc,metaspace   ] GC(952) Metaspace: 28920K(29312K)->28920K(29312K) NonClass: 24051K(24256K)->24051K(24256K) Class: 4868K(5056K)->4868K(5056K)
[3830.799s][info][gc             ] GC(952) Pause Young (Mixed) (G1 Evacuation Pause) 3666M->1321M(4096M) 132.606ms
[3830.799s][info][gc,cpu         ] GC(952) User=0.79s Sys=0.00s Real=0.13s
...[3833.474s][info][gc,start       ] GC(953) Pause Young (Concurrent Start) (G1 Evacuation Pause)
[3833.475s][info][gc,task        ] GC(953) Using 6 workers of 6 for evacuation
[3833.595s][info][gc,phases      ] GC(953)   Pre Evacuate Collection Set: 0.34ms
[3833.595s][info][gc,phases      ] GC(953)   Merge Heap Roots: 0.44ms
[3833.595s][info][gc,phases      ] GC(953)   Evacuate Collection Set: 118.41ms
[3833.595s][info][gc,phases      ] GC(953)   Post Evacuate Collection Set: 0.87ms
[3833.595s][info][gc,phases      ] GC(953)   Other: 0.10ms
[3833.595s][info][gc,heap        ] GC(953) Eden regions: 1118->0(1116)
[3833.595s][info][gc,heap        ] GC(953) Survivor regions: 110->112(154)
[3833.595s][info][gc,heap        ] GC(953) Old regions: 471->504
[3833.595s][info][gc,heap        ] GC(953) Humongous regions: 80->80
[3833.595s][info][gc,metaspace   ] GC(953) Metaspace: 28920K(29312K)->28920K(29312K) NonClass: 24051K(24256K)->24051K(24256K) Class: 4868K(5056K)->4868K(5056K)
[3833.595s][info][gc             ] GC(953) Pause Young (Concurrent Start) (G1 Evacuation Pause) 3557M->1390M(4096M) 120.286ms
[3833.595s][info][gc             ] GC(954) Concurrent Mark Cycle
[3833.595s][info][gc,marking     ] GC(954) Concurrent Scan Root Regions
[3833.595s][info][gc,cpu         ] GC(953) User=0.71s Sys=0.00s Real=0.12s
[3833.736s][info][gc,marking     ] GC(954) Concurrent Scan Root Regions 140.946ms
[3833.736s][info][gc,marking     ] GC(954) Concurrent Mark
[3833.736s][info][gc,marking     ] GC(954) Concurrent Mark From Roots
[3833.736s][info][gc,task        ] GC(954) Using 2 workers of 2 for marking
.[3834.415s][info][gc,marking     ] GC(954) Concurrent Mark From Roots 679.224ms
[3834.415s][info][gc,marking     ] GC(954) Concurrent Preclean
[3834.415s][info][gc,marking     ] GC(954) Concurrent Preclean 0.077ms
[3834.415s][info][gc,start       ] GC(954) Pause Remark
[3834.421s][info][gc             ] GC(954) Pause Remark 2085M->2085M(4096M) 5.184ms
[3834.421s][info][gc,cpu         ] GC(954) User=0.03s Sys=0.00s Real=0.00s
[3834.421s][info][gc,marking     ] GC(954) Concurrent Mark 685.427ms
[3834.421s][info][gc,marking     ] GC(954) Concurrent Rebuild Remembered Sets and Scrub Regions
[3834.689s][info][gc,marking     ] GC(954) Concurrent Rebuild Remembered Sets and Scrub Regions 268.035ms
[3834.690s][info][gc,start       ] GC(954) Pause Cleanup
[3834.690s][info][gc             ] GC(954) Pause Cleanup 2350M->2350M(4096M) 0.120ms
[3834.690s][info][gc,cpu         ] GC(954) User=0.00s Sys=0.00s Real=0.00s
[3834.690s][info][gc,marking     ] GC(954) Concurrent Clear Claimed Marks
[3834.690s][info][gc,marking     ] GC(954) Concurrent Clear Claimed Marks 0.021ms
[3834.690s][info][gc,marking     ] GC(954) Concurrent Cleanup for Next Mark
[3834.695s][info][gc,marking     ] GC(954) Concurrent Cleanup for Next Mark 4.602ms
[3834.695s][info][gc             ] GC(954) Concurrent Mark Cycle 1100.261ms
..[3836.211s][info][gc,start       ] GC(955) Pause Young (Prepare Mixed) (G1 Evacuation Pause)
[3836.211s][info][gc,task        ] GC(955) Using 6 workers of 6 for evacuation
[3836.329s][info][gc,phases      ] GC(955)   Pre Evacuate Collection Set: 0.35ms
[3836.329s][info][gc,phases      ] GC(955)   Merge Heap Roots: 0.51ms
[3836.329s][info][gc,phases      ] GC(955)   Evacuate Collection Set: 116.02ms
[3836.329s][info][gc,phases      ] GC(955)   Post Evacuate Collection Set: 0.93ms
[3836.329s][info][gc,phases      ] GC(955)   Other: 0.09ms
[3836.329s][info][gc,heap        ] GC(955) Eden regions: 1116->0(1109)
[3836.329s][info][gc,heap        ] GC(955) Survivor regions: 112->110(154)
[3836.329s][info][gc,heap        ] GC(955) Old regions: 504->536
[3836.329s][info][gc,heap        ] GC(955) Humongous regions: 80->80
[3836.329s][info][gc,metaspace   ] GC(955) Metaspace: 28920K(29312K)->28920K(29312K) NonClass: 24051K(24256K)->24051K(24256K) Class: 4868K(5056K)->4868K(5056K)
[3836.329s][info][gc             ] GC(955) Pause Young (Prepare Mixed) (G1 Evacuation Pause) 3622M->1450M(4096M) 118.026ms
[3836.330s][info][gc,cpu         ] GC(955) User=0.70s Sys=0.00s Real=0.12s
..[3838.922s][info][gc,start       ] GC(956) Pause Young (Mixed) (G1 Evacuation Pause)
[3838.922s][info][gc,task        ] GC(956) Using 6 workers of 6 for evacuation
[3839.060s][info][gc,phases      ] GC(956)   Pre Evacuate Collection Set: 0.33ms
[3839.060s][info][gc,phases      ] GC(956)   Merge Heap Roots: 0.66ms
[3839.060s][info][gc,phases      ] GC(956)   Evacuate Collection Set: 135.81ms
[3839.060s][info][gc,phases      ] GC(956)   Post Evacuate Collection Set: 0.93ms
[3839.060s][info][gc,phases      ] GC(956)   Other: 0.09ms
[3839.060s][info][gc,heap        ] GC(956) Eden regions: 1109->0(1117)
[3839.060s][info][gc,heap        ] GC(956) Survivor regions: 110->111(153)
[3839.060s][info][gc,heap        ] GC(956) Old regions: 536->473
[3839.060s][info][gc,heap        ] GC(956) Humongous regions: 80->80
[3839.060s][info][gc,metaspace   ] GC(956) Metaspace: 28920K(29312K)->28920K(29312K) NonClass: 24051K(24256K)->24051K(24256K) Class: 4868K(5056K)->4868K(5056K)
[3839.060s][info][gc             ] GC(956) Pause Young (Mixed) (G1 Evacuation Pause) 3668M->1326M(4096M) 137.952ms
[3839.060s][info][gc,cpu         ] GC(956) User=0.82s Sys=0.00s Real=0.13s
...[3841.763s][info][gc,start       ] GC(957) Pause Young (Concurrent Start) (G1 Evacuation Pause)
[3841.763s][info][gc,task        ] GC(957) Using 6 workers of 6 for evacuation
[3841.885s][info][gc,phases      ] GC(957)   Pre Evacuate Collection Set: 0.36ms
[3841.885s][info][gc,phases      ] GC(957)   Merge Heap Roots: 0.46ms
[3841.885s][info][gc,phases      ] GC(957)   Evacuate Collection Set: 120.09ms
[3841.885s][info][gc,phases      ] GC(957)   Post Evacuate Collection Set: 0.84ms
[3841.885s][info][gc,phases      ] GC(957)   Other: 0.10ms
[3841.885s][info][gc,heap        ] GC(957) Eden regions: 1117->0(1115)
[3841.885s][info][gc,heap        ] GC(957) Survivor regions: 111->113(154)
[3841.885s][info][gc,heap        ] GC(957) Old regions: 473->505
[3841.885s][info][gc,heap        ] GC(957) Humongous regions: 80->80
[3841.885s][info][gc,metaspace   ] GC(957) Metaspace: 28920K(29312K)->28920K(29312K) NonClass: 24051K(24256K)->24051K(24256K) Class: 4868K(5056K)->4868K(5056K)
[3841.885s][info][gc             ] GC(957) Pause Young (Concurrent Start) (G1 Evacuation Pause) 3560M->1394M(4096M) 121.973ms
[3841.885s][info][gc             ] GC(958) Concurrent Mark Cycle
[3841.885s][info][gc,marking     ] GC(958) Concurrent Scan Root Regions
[3841.885s][info][gc,cpu         ] GC(957) User=0.73s Sys=0.00s Real=0.12s
[3842.077s][info][gc,marking     ] GC(958) Concurrent Scan Root Regions 192.247ms
[3842.077s][info][gc,marking     ] GC(958) Concurrent Mark
[3842.077s][info][gc,marking     ] GC(958) Concurrent Mark From Roots
[3842.077s][info][gc,task        ] GC(958) Using 2 workers of 2 for marking
.[3843.056s][info][gc,marking     ] GC(958) Concurrent Mark From Roots 979.230ms
[3843.056s][info][gc,marking     ] GC(958) Concurrent Preclean
[3843.056s][info][gc,marking     ] GC(958) Concurrent Preclean 0.132ms
[3843.057s][info][gc,start       ] GC(958) Pause Remark
[3843.063s][info][gc             ] GC(958) Pause Remark 2412M->2412M(4096M) 6.888ms
[3843.064s][info][gc,cpu         ] GC(958) User=0.03s Sys=0.00s Real=0.01s
[3843.064s][info][gc,marking     ] GC(958) Concurrent Mark 986.596ms
[3843.064s][info][gc,marking     ] GC(958) Concurrent Rebuild Remembered Sets and Scrub Regions
.[3843.384s][info][gc,marking     ] GC(958) Concurrent Rebuild Remembered Sets and Scrub Regions 320.699ms
[3843.385s][info][gc,start       ] GC(958) Pause Cleanup
[3843.385s][info][gc             ] GC(958) Pause Cleanup 2700M->2700M(4096M) 0.121ms
[3843.385s][info][gc,cpu         ] GC(958) User=0.00s Sys=0.00s Real=0.00s
[3843.385s][info][gc,marking     ] GC(958) Concurrent Clear Claimed Marks
[3843.385s][info][gc,marking     ] GC(958) Concurrent Clear Claimed Marks 0.023ms
[3843.385s][info][gc,marking     ] GC(958) Concurrent Cleanup for Next Mark
[3843.389s][info][gc,marking     ] GC(958) Concurrent Cleanup for Next Mark 4.379ms
[3843.389s][info][gc             ] GC(958) Concurrent Mark Cycle 1504.464ms
.[3844.455s][info][gc,start       ] GC(959) Pause Young (Prepare Mixed) (G1 Evacuation Pause)
[3844.455s][info][gc,task        ] GC(959) Using 6 workers of 6 for evacuation
[3844.571s][info][gc,phases      ] GC(959)   Pre Evacuate Collection Set: 0.33ms
[3844.571s][info][gc,phases      ] GC(959)   Merge Heap Roots: 0.50ms
[3844.571s][info][gc,phases      ] GC(959)   Evacuate Collection Set: 114.35ms
[3844.571s][info][gc,phases      ] GC(959)   Post Evacuate Collection Set: 0.89ms
[3844.571s][info][gc,phases      ] GC(959)   Other: 0.11ms
[3844.571s][info][gc,heap        ] GC(959) Eden regions: 1115->0(1111)
[3844.571s][info][gc,heap        ] GC(959) Survivor regions: 113->109(154)
[3844.571s][info][gc,heap        ] GC(959) Old regions: 505->536
[3844.571s][info][gc,heap        ] GC(959) Humongous regions: 80->80
[3844.571s][info][gc,metaspace   ] GC(959) Metaspace: 28920K(29312K)->28920K(29312K) NonClass: 24051K(24256K)->24051K(24256K) Class: 4868K(5056K)->4868K(5056K)
[3844.571s][info][gc             ] GC(959) Pause Young (Prepare Mixed) (G1 Evacuation Pause) 3624M->1448M(4096M) 116.310ms
[3844.571s][info][gc,cpu         ] GC(959) User=0.69s Sys=0.00s Real=0.11s
...[3847.191s][info][gc,start       ] GC(960) Pause Young (Mixed) (G1 Evacuation Pause)
[3847.191s][info][gc,task        ] GC(960) Using 6 workers of 6 for evacuation
[3847.324s][info][gc,phases      ] GC(960)   Pre Evacuate Collection Set: 0.36ms
[3847.324s][info][gc,phases      ] GC(960)   Merge Heap Roots: 0.69ms
[3847.324s][info][gc,phases      ] GC(960)   Evacuate Collection Set: 130.04ms
[3847.324s][info][gc,phases      ] GC(960)   Post Evacuate Collection Set: 0.94ms
[3847.324s][info][gc,phases      ] GC(960)   Other: 0.09ms
[3847.324s][info][gc,heap        ] GC(960) Eden regions: 1111->0(1122)
[3847.324s][info][gc,heap        ] GC(960) Survivor regions: 109->106(153)
[3847.324s][info][gc,heap        ] GC(960) Old regions: 536->473
[3847.324s][info][gc,heap        ] GC(960) Humongous regions: 80->80
[3847.324s][info][gc,metaspace   ] GC(960) Metaspace: 28920K(29312K)->28920K(29312K) NonClass: 24051K(24256K)->24051K(24256K) Class: 4868K(5056K)->4868K(5056K)
[3847.324s][info][gc             ] GC(960) Pause Young (Mixed) (G1 Evacuation Pause) 3670M->1317M(4096M) 132.278ms
[3847.324s][info][gc,cpu         ] GC(960) User=0.79s Sys=0.00s Real=0.14s
..[3850.003s][info][gc,start       ] GC(961) Pause Young (Concurrent Start) (G1 Evacuation Pause)
[3850.003s][info][gc,task        ] GC(961) Using 6 workers of 6 for evacuation
[3850.120s][info][gc,phases      ] GC(961)   Pre Evacuate Collection Set: 0.37ms
[3850.120s][info][gc,phases      ] GC(961)   Merge Heap Roots: 0.47ms
[3850.120s][info][gc,phases      ] GC(961)   Evacuate Collection Set: 114.95ms
[3850.120s][info][gc,phases      ] GC(961)   Post Evacuate Collection Set: 0.87ms
[3850.120s][info][gc,phases      ] GC(961)   Other: 0.12ms
[3850.120s][info][gc,heap        ] GC(961) Eden regions: 1122->0(1118)
[3850.120s][info][gc,heap        ] GC(961) Survivor regions: 106->110(154)
[3850.120s][info][gc,heap        ] GC(961) Old regions: 473->505
[3850.120s][info][gc,heap        ] GC(961) Humongous regions: 80->80
[3850.120s][info][gc,metaspace   ] GC(961) Metaspace: 28920K(29312K)->28920K(29312K) NonClass: 24051K(24256K)->24051K(24256K) Class: 4868K(5056K)->4868K(5056K)
[3850.120s][info][gc             ] GC(961) Pause Young (Concurrent Start) (G1 Evacuation Pause) 3561M->1388M(4096M) 116.939ms
[3850.120s][info][gc             ] GC(962) Concurrent Mark Cycle
[3850.120s][info][gc,marking     ] GC(962) Concurrent Scan Root Regions
[3850.120s][info][gc,cpu         ] GC(961) User=0.70s Sys=0.00s Real=0.11s
.[3850.298s][info][gc,marking     ] GC(962) Concurrent Scan Root Regions 178.101ms
[3850.299s][info][gc,marking     ] GC(962) Concurrent Mark
[3850.299s][info][gc,marking     ] GC(962) Concurrent Mark From Roots
[3850.299s][info][gc,task        ] GC(962) Using 2 workers of 2 for marking
.[3851.272s][info][gc,marking     ] GC(962) Concurrent Mark From Roots 973.220ms
[3851.272s][info][gc,marking     ] GC(962) Concurrent Preclean
[3851.272s][info][gc,marking     ] GC(962) Concurrent Preclean 0.137ms
[3851.272s][info][gc,start       ] GC(962) Pause Remark
[3851.278s][info][gc             ] GC(962) Pause Remark 2398M->2398M(4096M) 5.918ms
[3851.278s][info][gc,cpu         ] GC(962) User=0.03s Sys=0.00s Real=0.00s
[3851.279s][info][gc,marking     ] GC(962) Concurrent Mark 980.213ms
[3851.279s][info][gc,marking     ] GC(962) Concurrent Rebuild Remembered Sets and Scrub Regions
[3851.613s][info][gc,marking     ] GC(962) Concurrent Rebuild Remembered Sets and Scrub Regions 334.680ms
[3851.614s][info][gc,start       ] GC(962) Pause Cleanup
[3851.614s][info][gc             ] GC(962) Pause Cleanup 2692M->2692M(4096M) 0.121ms
[3851.614s][info][gc,cpu         ] GC(962) User=0.00s Sys=0.00s Real=0.00s
[3851.614s][info][gc,marking     ] GC(962) Concurrent Clear Claimed Marks
[3851.614s][info][gc,marking     ] GC(962) Concurrent Clear Claimed Marks 0.026ms
[3851.614s][info][gc,marking     ] GC(962) Concurrent Cleanup for Next Mark
[3851.619s][info][gc,marking     ] GC(962) Concurrent Cleanup for Next Mark 4.965ms
[3851.619s][info][gc             ] GC(962) Concurrent Mark Cycle 1498.644ms
.[3852.786s][info][gc,start       ] GC(963) Pause Young (Prepare Mixed) (G1 Evacuation Pause)
[3852.786s][info][gc,task        ] GC(963) Using 6 workers of 6 for evacuation
[3852.904s][info][gc,phases      ] GC(963)   Pre Evacuate Collection Set: 0.35ms
[3852.904s][info][gc,phases      ] GC(963)   Merge Heap Roots: 0.51ms
[3852.904s][info][gc,phases      ] GC(963)   Evacuate Collection Set: 115.70ms
[3852.904s][info][gc,phases      ] GC(963)   Post Evacuate Collection Set: 0.93ms
[3852.904s][info][gc,phases      ] GC(963)   Other: 0.09ms
[3852.904s][info][gc,heap        ] GC(963) Eden regions: 1118->0(1109)
[3852.904s][info][gc,heap        ] GC(963) Survivor regions: 110->110(154)
[3852.904s][info][gc,heap        ] GC(963) Old regions: 505->536
[3852.904s][info][gc,heap        ] GC(963) Humongous regions: 80->80
[3852.904s][info][gc,metaspace   ] GC(963) Metaspace: 28920K(29312K)->28920K(29312K) NonClass: 24051K(24256K)->24051K(24256K) Class: 4868K(5056K)->4868K(5056K)
[3852.904s][info][gc             ] GC(963) Pause Young (Prepare Mixed) (G1 Evacuation Pause) 3624M->1451M(4096M) 117.713ms
[3852.904s][info][gc,cpu         ] GC(963) User=0.70s Sys=0.00s Real=0.12s
...[3855.544s][info][gc,start       ] GC(964) Pause Young (Mixed) (G1 Evacuation Pause)
[3855.544s][info][gc,task        ] GC(964) Using 6 workers of 6 for evacuation
[3855.680s][info][gc,phases      ] GC(964)   Pre Evacuate Collection Set: 0.36ms
[3855.680s][info][gc,phases      ] GC(964)   Merge Heap Roots: 0.73ms
[3855.680s][info][gc,phases      ] GC(964)   Evacuate Collection Set: 133.40ms
[3855.680s][info][gc,phases      ] GC(964)   Post Evacuate Collection Set: 0.96ms
[3855.680s][info][gc,phases      ] GC(964)   Other: 0.09ms
[3855.680s][info][gc,heap        ] GC(964) Eden regions: 1109->0(1118)
[3855.680s][info][gc,heap        ] GC(964) Survivor regions: 110->110(153)
[3855.680s][info][gc,heap        ] GC(964) Old regions: 536->473
[3855.680s][info][gc,heap        ] GC(964) Humongous regions: 80->80
[3855.680s][info][gc,metaspace   ] GC(964) Metaspace: 28920K(29312K)->28920K(29312K) NonClass: 24051K(24256K)->24051K(24256K) Class: 4868K(5056K)->4868K(5056K)
[3855.680s][info][gc             ] GC(964) Pause Young (Mixed) (G1 Evacuation Pause) 3669M->1323M(4096M) 135.674ms
[3855.680s][info][gc,cpu         ] GC(964) User=0.81s Sys=0.00s Real=0.13s
...[3858.368s][info][gc,start       ] GC(965) Pause Young (Concurrent Start) (G1 Evacuation Pause)
[3858.368s][info][gc,task        ] GC(965) Using 6 workers of 6 for evacuation
[3858.487s][info][gc,phases      ] GC(965)   Pre Evacuate Collection Set: 0.39ms
[3858.487s][info][gc,phases      ] GC(965)   Merge Heap Roots: 0.48ms
[3858.487s][info][gc,phases      ] GC(965)   Evacuate Collection Set: 117.32ms
[3858.487s][info][gc,phases      ] GC(965)   Post Evacuate Collection Set: 0.79ms
[3858.487s][info][gc,phases      ] GC(965)   Other: 0.12ms
[3858.487s][info][gc,heap        ] GC(965) Eden regions: 1118->0(1118)
[3858.487s][info][gc,heap        ] GC(965) Survivor regions: 110->110(154)
[3858.487s][info][gc,heap        ] GC(965) Old regions: 473->504
[3858.487s][info][gc,heap        ] GC(965) Humongous regions: 80->80
[3858.487s][info][gc,metaspace   ] GC(965) Metaspace: 28920K(29312K)->28920K(29312K) NonClass: 24051K(24256K)->24051K(24256K) Class: 4868K(5056K)->4868K(5056K)
[3858.487s][info][gc             ] GC(965) Pause Young (Concurrent Start) (G1 Evacuation Pause) 3559M->1387M(4096M) 119.227ms
[3858.487s][info][gc             ] GC(966) Concurrent Mark Cycle
[3858.487s][info][gc,marking     ] GC(966) Concurrent Scan Root Regions
[3858.487s][info][gc,cpu         ] GC(965) User=0.71s Sys=0.00s Real=0.12s
[3858.685s][info][gc,marking     ] GC(966) Concurrent Scan Root Regions 197.844ms
[3858.685s][info][gc,marking     ] GC(966) Concurrent Mark
[3858.685s][info][gc,marking     ] GC(966) Concurrent Mark From Roots
[3858.685s][info][gc,task        ] GC(966) Using 2 workers of 2 for marking
.[3859.579s][info][gc,marking     ] GC(966) Concurrent Mark From Roots 894.309ms
[3859.579s][info][gc,marking     ] GC(966) Concurrent Preclean
[3859.579s][info][gc,marking     ] GC(966) Concurrent Preclean 0.120ms
[3859.580s][info][gc,start       ] GC(966) Pause Remark
[3859.586s][info][gc             ] GC(966) Pause Remark 2344M->2344M(4096M) 5.825ms
[3859.586s][info][gc,cpu         ] GC(966) User=0.04s Sys=0.00s Real=0.01s
[3859.589s][info][gc,marking     ] GC(966) Concurrent Mark 903.610ms
[3859.589s][info][gc,marking     ] GC(966) Concurrent Rebuild Remembered Sets and Scrub Regions
[3859.885s][info][gc,marking     ] GC(966) Concurrent Rebuild Remembered Sets and Scrub Regions 296.142ms
[3859.885s][info][gc,start       ] GC(966) Pause Cleanup
[3859.885s][info][gc             ] GC(966) Pause Cleanup 2575M->2575M(4096M) 0.126ms
[3859.885s][info][gc,cpu         ] GC(966) User=0.00s Sys=0.00s Real=0.00s
[3859.885s][info][gc,marking     ] GC(966) Concurrent Clear Claimed Marks
[3859.885s][info][gc,marking     ] GC(966) Concurrent Clear Claimed Marks 0.025ms
[3859.885s][info][gc,marking     ] GC(966) Concurrent Cleanup for Next Mark
[3859.889s][info][gc,marking     ] GC(966) Concurrent Cleanup for Next Mark 3.662ms
[3859.889s][info][gc             ] GC(966) Concurrent Mark Cycle 1401.783ms
.[3861.097s][info][gc,start       ] GC(967) Pause Young (Prepare Mixed) (G1 Evacuation Pause)
[3861.097s][info][gc,task        ] GC(967) Using 6 workers of 6 for evacuation
[3861.217s][info][gc,phases      ] GC(967)   Pre Evacuate Collection Set: 0.28ms
[3861.217s][info][gc,phases      ] GC(967)   Merge Heap Roots: 0.50ms
[3861.217s][info][gc,phases      ] GC(967)   Evacuate Collection Set: 117.97ms
[3861.217s][info][gc,phases      ] GC(967)   Post Evacuate Collection Set: 0.90ms
[3861.217s][info][gc,phases      ] GC(967)   Other: 0.09ms
[3861.217s][info][gc,heap        ] GC(967) Eden regions: 1118->0(1105)
[3861.217s][info][gc,heap        ] GC(967) Survivor regions: 110->112(154)
[3861.217s][info][gc,heap        ] GC(967) Old regions: 504->536
[3861.217s][info][gc,heap        ] GC(967) Humongous regions: 80->80
[3861.217s][info][gc,metaspace   ] GC(967) Metaspace: 28920K(29312K)->28920K(29312K) NonClass: 24051K(24256K)->24051K(24256K) Class: 4868K(5056K)->4868K(5056K)
[3861.217s][info][gc             ] GC(967) Pause Young (Prepare Mixed) (G1 Evacuation Pause) 3623M->1454M(4096M) 119.888ms
[3861.217s][info][gc,cpu         ] GC(967) User=0.72s Sys=0.00s Real=0.12s
...[3863.891s][info][gc,start       ] GC(968) Pause Young (Mixed) (G1 Evacuation Pause)
[3863.891s][info][gc,task        ] GC(968) Using 6 workers of 6 for evacuation
[3864.025s][info][gc,phases      ] GC(968)   Pre Evacuate Collection Set: 0.37ms
[3864.025s][info][gc,phases      ] GC(968)   Merge Heap Roots: 0.62ms
[3864.025s][info][gc,phases      ] GC(968)   Evacuate Collection Set: 131.88ms
[3864.025s][info][gc,phases      ] GC(968)   Post Evacuate Collection Set: 0.93ms
[3864.025s][info][gc,phases      ] GC(968)   Other: 0.09ms
[3864.025s][info][gc,heap        ] GC(968) Eden regions: 1105->0(1117)
[3864.025s][info][gc,heap        ] GC(968) Survivor regions: 112->111(153)
[3864.025s][info][gc,heap        ] GC(968) Old regions: 536->472
[3864.025s][info][gc,heap        ] GC(968) Humongous regions: 80->80
[3864.025s][info][gc,metaspace   ] GC(968) Metaspace: 28920K(29312K)->28920K(29312K) NonClass: 24051K(24256K)->24051K(24256K) Class: 4868K(5056K)->4868K(5056K)
[3864.025s][info][gc             ] GC(968) Pause Young (Mixed) (G1 Evacuation Pause) 3664M->1325M(4096M) 134.013ms
[3864.025s][info][gc,cpu         ] GC(968) User=0.79s Sys=0.00s Real=0.14s
...[3866.569s][info][gc,start       ] GC(969) Pause Young (Concurrent Start) (G1 Evacuation Pause)
[3866.569s][info][gc,task        ] GC(969) Using 6 workers of 6 for evacuation
[3866.686s][info][gc,phases      ] GC(969)   Pre Evacuate Collection Set: 0.37ms
[3866.686s][info][gc,phases      ] GC(969)   Merge Heap Roots: 0.45ms
[3866.686s][info][gc,phases      ] GC(969)   Evacuate Collection Set: 115.01ms
[3866.686s][info][gc,phases      ] GC(969)   Post Evacuate Collection Set: 0.87ms
[3866.686s][info][gc,phases      ] GC(969)   Other: 0.12ms
[3866.686s][info][gc,heap        ] GC(969) Eden regions: 1117->0(1119)
[3866.686s][info][gc,heap        ] GC(969) Survivor regions: 111->109(154)
[3866.686s][info][gc,heap        ] GC(969) Old regions: 472->504
[3866.686s][info][gc,heap        ] GC(969) Humongous regions: 80->80
[3866.686s][info][gc,metaspace   ] GC(969) Metaspace: 28920K(29312K)->28920K(29312K) NonClass: 24051K(24256K)->24051K(24256K) Class: 4868K(5056K)->4868K(5056K)
[3866.686s][info][gc             ] GC(969) Pause Young (Concurrent Start) (G1 Evacuation Pause) 3559M->1384M(4096M) 116.974ms
[3866.686s][info][gc             ] GC(970) Concurrent Mark Cycle
[3866.686s][info][gc,marking     ] GC(970) Concurrent Scan Root Regions
[3866.686s][info][gc,cpu         ] GC(969) User=0.69s Sys=0.00s Real=0.12s
[3866.872s][info][gc,marking     ] GC(970) Concurrent Scan Root Regions 186.441ms
[3866.872s][info][gc,marking     ] GC(970) Concurrent Mark
[3866.872s][info][gc,marking     ] GC(970) Concurrent Mark From Roots
[3866.872s][info][gc,task        ] GC(970) Using 2 workers of 2 for marking
.[3867.586s][info][gc,marking     ] GC(970) Concurrent Mark From Roots 713.815ms
[3867.586s][info][gc,marking     ] GC(970) Concurrent Preclean
[3867.586s][info][gc,marking     ] GC(970) Concurrent Preclean 0.102ms
[3867.586s][info][gc,start       ] GC(970) Pause Remark
[3867.591s][info][gc             ] GC(970) Pause Remark 2186M->2186M(4096M) 4.148ms
[3867.591s][info][gc,cpu         ] GC(970) User=0.02s Sys=0.00s Real=0.00s
[3867.591s][info][gc,marking     ] GC(970) Concurrent Mark 718.298ms
[3867.591s][info][gc,marking     ] GC(970) Concurrent Rebuild Remembered Sets and Scrub Regions
[3867.833s][info][gc,marking     ] GC(970) Concurrent Rebuild Remembered Sets and Scrub Regions 242.473ms
[3867.833s][info][gc,start       ] GC(970) Pause Cleanup
[3867.833s][info][gc             ] GC(970) Pause Cleanup 2363M->2363M(4096M) 0.121ms
[3867.834s][info][gc,cpu         ] GC(970) User=0.00s Sys=0.00s Real=0.00s
[3867.835s][info][gc,marking     ] GC(970) Concurrent Clear Claimed Marks
[3867.835s][info][gc,marking     ] GC(970) Concurrent Clear Claimed Marks 0.034ms
[3867.835s][info][gc,marking     ] GC(970) Concurrent Cleanup for Next Mark
[3867.841s][info][gc,marking     ] GC(970) Concurrent Cleanup for Next Mark 6.404ms
[3867.841s][info][gc             ] GC(970) Concurrent Mark Cycle 1155.231ms
..[3869.382s][info][gc,start       ] GC(971) Pause Young (Prepare Mixed) (G1 Evacuation Pause)
[3869.382s][info][gc,task        ] GC(971) Using 6 workers of 6 for evacuation
[3869.499s][info][gc,phases      ] GC(971)   Pre Evacuate Collection Set: 0.37ms
[3869.499s][info][gc,phases      ] GC(971)   Merge Heap Roots: 0.54ms
[3869.499s][info][gc,phases      ] GC(971)   Evacuate Collection Set: 114.79ms
[3869.499s][info][gc,phases      ] GC(971)   Post Evacuate Collection Set: 0.90ms
[3869.499s][info][gc,phases      ] GC(971)   Other: 0.08ms
[3869.499s][info][gc,heap        ] GC(971) Eden regions: 1119->0(1115)
[3869.499s][info][gc,heap        ] GC(971) Survivor regions: 109->107(154)
[3869.499s][info][gc,heap        ] GC(971) Old regions: 504->536
[3869.499s][info][gc,heap        ] GC(971) Humongous regions: 80->80
[3869.499s][info][gc,metaspace   ] GC(971) Metaspace: 28920K(29312K)->28920K(29312K) NonClass: 24051K(24256K)->24051K(24256K) Class: 4868K(5056K)->4868K(5056K)
[3869.499s][info][gc             ] GC(971) Pause Young (Prepare Mixed) (G1 Evacuation Pause) 3622M->1445M(4096M) 116.807ms
[3869.499s][info][gc,cpu         ] GC(971) User=0.70s Sys=0.00s Real=0.11s
..[3872.190s][info][gc,start       ] GC(972) Pause Young (Mixed) (G1 Evacuation Pause)
[3872.190s][info][gc,task        ] GC(972) Using 6 workers of 6 for evacuation
[3872.328s][info][gc,phases      ] GC(972)   Pre Evacuate Collection Set: 0.33ms
[3872.328s][info][gc,phases      ] GC(972)   Merge Heap Roots: 0.70ms
[3872.328s][info][gc,phases      ] GC(972)   Evacuate Collection Set: 136.42ms
[3872.328s][info][gc,phases      ] GC(972)   Post Evacuate Collection Set: 1.05ms
[3872.328s][info][gc,phases      ] GC(972)   Other: 0.09ms
[3872.328s][info][gc,heap        ] GC(972) Eden regions: 1115->0(1114)
[3872.328s][info][gc,heap        ] GC(972) Survivor regions: 107->114(153)
[3872.328s][info][gc,heap        ] GC(972) Old regions: 536->472
[3872.328s][info][gc,heap        ] GC(972) Humongous regions: 80->80
[3872.328s][info][gc,metaspace   ] GC(972) Metaspace: 28920K(29312K)->28920K(29312K) NonClass: 24051K(24256K)->24051K(24256K) Class: 4868K(5056K)->4868K(5056K)
[3872.328s][info][gc             ] GC(972) Pause Young (Mixed) (G1 Evacuation Pause) 3675M->1330M(4096M) 138.723ms
[3872.328s][info][gc,cpu         ] GC(972) User=0.82s Sys=0.00s Real=0.14s
...[3874.959s][info][gc,start       ] GC(973) Pause Young (Concurrent Start) (G1 Evacuation Pause)
[3874.959s][info][gc,task        ] GC(973) Using 6 workers of 6 for evacuation
[3875.076s][info][gc,phases      ] GC(973)   Pre Evacuate Collection Set: 0.40ms
[3875.076s][info][gc,phases      ] GC(973)   Merge Heap Roots: 0.45ms
[3875.076s][info][gc,phases      ] GC(973)   Evacuate Collection Set: 115.31ms
[3875.076s][info][gc,phases      ] GC(973)   Post Evacuate Collection Set: 0.88ms
[3875.076s][info][gc,phases      ] GC(973)   Other: 0.11ms
[3875.076s][info][gc,heap        ] GC(973) Eden regions: 1114->0(1117)
[3875.076s][info][gc,heap        ] GC(973) Survivor regions: 114->111(154)
[3875.076s][info][gc,heap        ] GC(973) Old regions: 472->504
[3875.076s][info][gc,heap        ] GC(973) Humongous regions: 80->80
[3875.076s][info][gc,metaspace   ] GC(973) Metaspace: 28920K(29312K)->28920K(29312K) NonClass: 24051K(24256K)->24051K(24256K) Class: 4868K(5056K)->4868K(5056K)
[3875.076s][info][gc             ] GC(973) Pause Young (Concurrent Start) (G1 Evacuation Pause) 3558M->1387M(4096M) 117.277ms
[3875.076s][info][gc             ] GC(974) Concurrent Mark Cycle
[3875.076s][info][gc,marking     ] GC(974) Concurrent Scan Root Regions
[3875.076s][info][gc,cpu         ] GC(973) User=0.70s Sys=0.00s Real=0.12s
[3875.266s][info][gc,marking     ] GC(974) Concurrent Scan Root Regions 189.775ms
[3875.266s][info][gc,marking     ] GC(974) Concurrent Mark
[3875.266s][info][gc,marking     ] GC(974) Concurrent Mark From Roots
[3875.266s][info][gc,task        ] GC(974) Using 2 workers of 2 for marking
.[3876.039s][info][gc,marking     ] GC(974) Concurrent Mark From Roots 772.527ms
[3876.039s][info][gc,marking     ] GC(974) Concurrent Preclean
[3876.039s][info][gc,marking     ] GC(974) Concurrent Preclean 0.102ms
[3876.040s][info][gc,start       ] GC(974) Pause Remark
[3876.044s][info][gc             ] GC(974) Pause Remark 2175M->2175M(4096M) 4.192ms
[3876.044s][info][gc,cpu         ] GC(974) User=0.02s Sys=0.00s Real=0.01s
[3876.045s][info][gc,marking     ] GC(974) Concurrent Mark 778.445ms
[3876.045s][info][gc,marking     ] GC(974) Concurrent Rebuild Remembered Sets and Scrub Regions
.[3876.405s][info][gc,marking     ] GC(974) Concurrent Rebuild Remembered Sets and Scrub Regions 360.493ms
[3876.405s][info][gc,start       ] GC(974) Pause Cleanup
[3876.405s][info][gc             ] GC(974) Pause Cleanup 2543M->2543M(4096M) 0.115ms
[3876.405s][info][gc,cpu         ] GC(974) User=0.00s Sys=0.00s Real=0.00s
[3876.405s][info][gc,marking     ] GC(974) Concurrent Clear Claimed Marks
[3876.405s][info][gc,marking     ] GC(974) Concurrent Clear Claimed Marks 0.030ms
[3876.405s][info][gc,marking     ] GC(974) Concurrent Cleanup for Next Mark
[3876.410s][info][gc,marking     ] GC(974) Concurrent Cleanup for Next Mark 4.558ms
[3876.410s][info][gc             ] GC(974) Concurrent Mark Cycle 1333.748ms
.[3877.757s][info][gc,start       ] GC(975) Pause Young (Prepare Mixed) (G1 Evacuation Pause)
[3877.757s][info][gc,task        ] GC(975) Using 6 workers of 6 for evacuation
[3877.875s][info][gc,phases      ] GC(975)   Pre Evacuate Collection Set: 0.33ms
[3877.875s][info][gc,phases      ] GC(975)   Merge Heap Roots: 0.51ms
[3877.875s][info][gc,phases      ] GC(975)   Evacuate Collection Set: 116.43ms
[3877.875s][info][gc,phases      ] GC(975)   Post Evacuate Collection Set: 0.90ms
[3877.875s][info][gc,phases      ] GC(975)   Other: 0.08ms
[3877.875s][info][gc,heap        ] GC(975) Eden regions: 1117->0(1108)
[3877.875s][info][gc,heap        ] GC(975) Survivor regions: 111->111(154)
[3877.875s][info][gc,heap        ] GC(975) Old regions: 504->535
[3877.875s][info][gc,heap        ] GC(975) Humongous regions: 80->80
[3877.875s][info][gc,metaspace   ] GC(975) Metaspace: 28920K(29312K)->28920K(29312K) NonClass: 24051K(24256K)->24051K(24256K) Class: 4868K(5056K)->4868K(5056K)
[3877.875s][info][gc             ] GC(975) Pause Young (Prepare Mixed) (G1 Evacuation Pause) 3621M->1451M(4096M) 118.385ms
[3877.875s][info][gc,cpu         ] GC(975) User=0.71s Sys=0.00s Real=0.12s
...[3880.428s][info][gc,start       ] GC(976) Pause Young (Mixed) (G1 Evacuation Pause)
[3880.428s][info][gc,task        ] GC(976) Using 6 workers of 6 for evacuation
[3880.560s][info][gc,phases      ] GC(976)   Pre Evacuate Collection Set: 0.38ms
[3880.560s][info][gc,phases      ] GC(976)   Merge Heap Roots: 0.64ms
[3880.560s][info][gc,phases      ] GC(976)   Evacuate Collection Set: 129.76ms
[3880.560s][info][gc,phases      ] GC(976)   Post Evacuate Collection Set: 0.92ms
[3880.560s][info][gc,phases      ] GC(976)   Other: 0.09ms
[3880.560s][info][gc,heap        ] GC(976) Eden regions: 1108->0(1120)
[3880.560s][info][gc,heap        ] GC(976) Survivor regions: 111->108(153)
[3880.560s][info][gc,heap        ] GC(976) Old regions: 535->471
[3880.560s][info][gc,heap        ] GC(976) Humongous regions: 80->80
[3880.560s][info][gc,metaspace   ] GC(976) Metaspace: 28920K(29312K)->28920K(29312K) NonClass: 24051K(24256K)->24051K(24256K) Class: 4868K(5056K)->4868K(5056K)
[3880.560s][info][gc             ] GC(976) Pause Young (Mixed) (G1 Evacuation Pause) 3667M->1316M(4096M) 131.914ms
[3880.560s][info][gc,cpu         ] GC(976) User=0.78s Sys=0.00s Real=0.13s
. (rIR:aIR:PR = 6780:6774:6774) (tPR = 101081) [OK] 
  3881s: Performance info:
         Transaction,    Success,    Partial,     Failed,   Receipts, AvgBarcode, 
             Overall,     409687,          0,          0,     389172,      59.47, 
         Response times:
             Request,    Success,    Partial,     Failed,   SkipFail,     Probes,    Samples,      min,      p50,      p90,      p95,      p99,      max, 
       TotalPurchase,     389177,          0,          0,          0,     360268,     388843,      200,     5600,    35000,    60000,   129000,   249000,
     InStorePurchase,     204846,          0,          0,          0,     189239,     203907,      200,     5500,    34000,    60000,   128000,   249000,
      OnlinePurchase,     143369,          0,          0,          0,     132610,     143139,      300,     5500,    35000,    60000,   129000,   242000,
        InstPurchase,      40962,          0,          0,          0,      38419,      41797,      300,     6000,    38000,    63000,   129000,   245000,
          AssocOfCat,        410,          0,          0,          0,        306,        392,    27000,    39000,   108000,   142750,   209350,   259000,
      AssocOfProduct,       4093,          0,          0,          0,       3749,       4227,      500,     5700,    30000,    56000,   124720,   201000,
      BusinessReport,       1034,          0,          0,          0,        901,       1074,    28000,    45000,   100500,   138500,   219000,   249000,
          CustBuyBeh,       4097,          0,          0,          0,       3791,       4316,      300,     6300,    40000,    61000,   126660,   218000,
       ProductReturn,      10880,          0,          0,          0,      10311,      11335,      200,     4600,    30000,    54000,   119640,   208000,

  3881s: (50%)   IR =   6918 .[3883.216s][info][gc,start       ] GC(977) Pause Young (Concurrent Start) (G1 Evacuation Pause)
[3883.216s][info][gc,task        ] GC(977) Using 6 workers of 6 for evacuation
[3883.332s][info][gc,phases      ] GC(977)   Pre Evacuate Collection Set: 0.39ms
[3883.333s][info][gc,phases      ] GC(977)   Merge Heap Roots: 0.47ms
[3883.333s][info][gc,phases      ] GC(977)   Evacuate Collection Set: 114.64ms
[3883.333s][info][gc,phases      ] GC(977)   Post Evacuate Collection Set: 0.88ms
[3883.333s][info][gc,phases      ] GC(977)   Other: 0.10ms
[3883.333s][info][gc,heap        ] GC(977) Eden regions: 1120->0(1120)
[3883.333s][info][gc,heap        ] GC(977) Survivor regions: 108->108(154)
[3883.333s][info][gc,heap        ] GC(977) Old regions: 471->504
[3883.333s][info][gc,heap        ] GC(977) Humongous regions: 80->80
[3883.333s][info][gc,metaspace   ] GC(977) Metaspace: 28920K(29312K)->28920K(29312K) NonClass: 24051K(24256K)->24051K(24256K) Class: 4868K(5056K)->4868K(5056K)
[3883.333s][info][gc             ] GC(977) Pause Young (Concurrent Start) (G1 Evacuation Pause) 3556M->1381M(4096M) 116.619ms
[3883.333s][info][gc             ] GC(978) Concurrent Mark Cycle
[3883.333s][info][gc,marking     ] GC(978) Concurrent Scan Root Regions
[3883.333s][info][gc,cpu         ] GC(977) User=0.70s Sys=0.00s Real=0.12s
.[3883.526s][info][gc,marking     ] GC(978) Concurrent Scan Root Regions 193.008ms
[3883.526s][info][gc,marking     ] GC(978) Concurrent Mark
[3883.526s][info][gc,marking     ] GC(978) Concurrent Mark From Roots
[3883.526s][info][gc,task        ] GC(978) Using 2 workers of 2 for marking
[3884.457s][info][gc,marking     ] GC(978) Concurrent Mark From Roots 930.987ms
[3884.457s][info][gc,marking     ] GC(978) Concurrent Preclean
[3884.457s][info][gc,marking     ] GC(978) Concurrent Preclean 0.103ms
[3884.457s][info][gc,start       ] GC(978) Pause Remark
[3884.463s][info][gc             ] GC(978) Pause Remark 2409M->2409M(4096M) 6.286ms
[3884.463s][info][gc,cpu         ] GC(978) User=0.03s Sys=0.00s Real=0.01s
[3884.463s][info][gc,marking     ] GC(978) Concurrent Mark 937.665ms
[3884.463s][info][gc,marking     ] GC(978) Concurrent Rebuild Remembered Sets and Scrub Regions
.[3884.775s][info][gc,marking     ] GC(978) Concurrent Rebuild Remembered Sets and Scrub Regions 311.610ms
[3884.775s][info][gc,start       ] GC(978) Pause Cleanup
[3884.775s][info][gc             ] GC(978) Pause Cleanup 2672M->2672M(4096M) 0.116ms
[3884.776s][info][gc,cpu         ] GC(978) User=0.00s Sys=0.00s Real=0.00s
[3884.776s][info][gc,marking     ] GC(978) Concurrent Clear Claimed Marks
[3884.776s][info][gc,marking     ] GC(978) Concurrent Clear Claimed Marks 0.031ms
[3884.776s][info][gc,marking     ] GC(978) Concurrent Cleanup for Next Mark
[3884.782s][info][gc,marking     ] GC(978) Concurrent Cleanup for Next Mark 6.103ms
[3884.782s][info][gc             ] GC(978) Concurrent Mark Cycle 1449.621ms
.[3885.891s][info][gc,start       ] GC(979) Pause Young (Prepare Mixed) (G1 Evacuation Pause)
[3885.891s][info][gc,task        ] GC(979) Using 6 workers of 6 for evacuation
[3886.014s][info][gc,phases      ] GC(979)   Pre Evacuate Collection Set: 0.29ms
[3886.014s][info][gc,phases      ] GC(979)   Merge Heap Roots: 0.50ms
[3886.014s][info][gc,phases      ] GC(979)   Evacuate Collection Set: 120.92ms
[3886.014s][info][gc,phases      ] GC(979)   Post Evacuate Collection Set: 0.93ms
[3886.014s][info][gc,phases      ] GC(979)   Other: 0.09ms
[3886.014s][info][gc,heap        ] GC(979) Eden regions: 1120->0(1102)
[3886.014s][info][gc,heap        ] GC(979) Survivor regions: 108->114(154)
[3886.014s][info][gc,heap        ] GC(979) Old regions: 504->535
[3886.014s][info][gc,heap        ] GC(979) Humongous regions: 80->80
[3886.014s][info][gc,metaspace   ] GC(979) Metaspace: 28920K(29312K)->28920K(29312K) NonClass: 24051K(24256K)->24051K(24256K) Class: 4868K(5056K)->4868K(5056K)
[3886.014s][info][gc             ] GC(979) Pause Young (Prepare Mixed) (G1 Evacuation Pause) 3621M->1455M(4096M) 122.881ms
[3886.014s][info][gc,cpu         ] GC(979) User=0.74s Sys=0.00s Real=0.13s
.|..[3888.518s][info][gc,start       ] GC(980) Pause Young (Mixed) (G1 Evacuation Pause)
[3888.518s][info][gc,task        ] GC(980) Using 6 workers of 6 for evacuation
[3888.651s][info][gc,phases      ] GC(980)   Pre Evacuate Collection Set: 0.33ms
[3888.651s][info][gc,phases      ] GC(980)   Merge Heap Roots: 0.73ms
[3888.651s][info][gc,phases      ] GC(980)   Evacuate Collection Set: 131.36ms
[3888.651s][info][gc,phases      ] GC(980)   Post Evacuate Collection Set: 0.95ms
[3888.651s][info][gc,phases      ] GC(980)   Other: 0.08ms
[3888.651s][info][gc,heap        ] GC(980) Eden regions: 1102->0(1120)
[3888.651s][info][gc,heap        ] GC(980) Survivor regions: 114->108(152)
[3888.651s][info][gc,heap        ] GC(980) Old regions: 535->473
[3888.651s][info][gc,heap        ] GC(980) Humongous regions: 80->80
[3888.651s][info][gc,metaspace   ] GC(980) Metaspace: 28920K(29312K)->28920K(29312K) NonClass: 24051K(24256K)->24051K(24256K) Class: 4868K(5056K)->4868K(5056K)
[3888.651s][info][gc             ] GC(980) Pause Young (Mixed) (G1 Evacuation Pause) 3659M->1321M(4096M) 133.604ms
[3888.651s][info][gc,cpu         ] GC(980) User=0.79s Sys=0.00s Real=0.13s
..[3891.280s][info][gc,start       ] GC(981) Pause Young (Concurrent Start) (G1 Evacuation Pause)
[3891.280s][info][gc,task        ] GC(981) Using 6 workers of 6 for evacuation
[3891.401s][info][gc,phases      ] GC(981)   Pre Evacuate Collection Set: 0.38ms
[3891.401s][info][gc,phases      ] GC(981)   Merge Heap Roots: 0.46ms
[3891.401s][info][gc,phases      ] GC(981)   Evacuate Collection Set: 118.41ms
[3891.401s][info][gc,phases      ] GC(981)   Post Evacuate Collection Set: 0.93ms
[3891.401s][info][gc,phases      ] GC(981)   Other: 0.10ms
[3891.401s][info][gc,heap        ] GC(981) Eden regions: 1120->0(1116)
[3891.401s][info][gc,heap        ] GC(981) Survivor regions: 108->112(154)
[3891.401s][info][gc,heap        ] GC(981) Old regions: 473->504
[3891.401s][info][gc,heap        ] GC(981) Humongous regions: 80->80
[3891.401s][info][gc,metaspace   ] GC(981) Metaspace: 28920K(29312K)->28920K(29312K) NonClass: 24051K(24256K)->24051K(24256K) Class: 4868K(5056K)->4868K(5056K)
[3891.401s][info][gc             ] GC(981) Pause Young (Concurrent Start) (G1 Evacuation Pause) 3561M->1390M(4096M) 120.431ms
[3891.401s][info][gc             ] GC(982) Concurrent Mark Cycle
[3891.401s][info][gc,cpu         ] GC(981) User=0.72s Sys=0.00s Real=0.12s
[3891.401s][info][gc,marking     ] GC(982) Concurrent Scan Root Regions
.[3891.586s][info][gc,marking     ] GC(982) Concurrent Scan Root Regions 185.174ms
[3891.586s][info][gc,marking     ] GC(982) Concurrent Mark
[3891.586s][info][gc,marking     ] GC(982) Concurrent Mark From Roots
[3891.586s][info][gc,task        ] GC(982) Using 2 workers of 2 for marking
.[3892.541s][info][gc,marking     ] GC(982) Concurrent Mark From Roots 955.488ms
[3892.542s][info][gc,marking     ] GC(982) Concurrent Preclean
[3892.542s][info][gc,marking     ] GC(982) Concurrent Preclean 0.144ms
[3892.544s][info][gc,start       ] GC(982) Pause Remark
[3892.551s][info][gc             ] GC(982) Pause Remark 2412M->2412M(4096M) 7.195ms
[3892.552s][info][gc,cpu         ] GC(982) User=0.04s Sys=0.00s Real=0.00s
[3892.552s][info][gc,marking     ] GC(982) Concurrent Mark 965.636ms
[3892.552s][info][gc,marking     ] GC(982) Concurrent Rebuild Remembered Sets and Scrub Regions
[3892.910s][info][gc,marking     ] GC(982) Concurrent Rebuild Remembered Sets and Scrub Regions 358.587ms
[3892.911s][info][gc,start       ] GC(982) Pause Cleanup
[3892.911s][info][gc             ] GC(982) Pause Cleanup 2690M->2690M(4096M) 0.120ms
[3892.911s][info][gc,cpu         ] GC(982) User=0.00s Sys=0.00s Real=0.00s
[3892.911s][info][gc,marking     ] GC(982) Concurrent Clear Claimed Marks
[3892.911s][info][gc,marking     ] GC(982) Concurrent Clear Claimed Marks 0.026ms
[3892.911s][info][gc,marking     ] GC(982) Concurrent Cleanup for Next Mark
[3892.920s][info][gc,marking     ] GC(982) Concurrent Cleanup for Next Mark 9.636ms
[3892.921s][info][gc             ] GC(982) Concurrent Mark Cycle 1519.853ms
.[3893.974s][info][gc,start       ] GC(983) Pause Young (Prepare Mixed) (G1 Evacuation Pause)
[3893.974s][info][gc,task        ] GC(983) Using 6 workers of 6 for evacuation
[3894.096s][info][gc,phases      ] GC(983)   Pre Evacuate Collection Set: 0.31ms
[3894.096s][info][gc,phases      ] GC(983)   Merge Heap Roots: 0.52ms
[3894.096s][info][gc,phases      ] GC(983)   Evacuate Collection Set: 120.60ms
[3894.096s][info][gc,phases      ] GC(983)   Post Evacuate Collection Set: 0.92ms
[3894.096s][info][gc,phases      ] GC(983)   Other: 0.08ms
[3894.096s][info][gc,heap        ] GC(983) Eden regions: 1116->0(1102)
[3894.096s][info][gc,heap        ] GC(983) Survivor regions: 112->114(154)
[3894.096s][info][gc,heap        ] GC(983) Old regions: 504->535
[3894.096s][info][gc,heap        ] GC(983) Humongous regions: 80->80
[3894.096s][info][gc,metaspace   ] GC(983) Metaspace: 28920K(29312K)->28920K(29312K) NonClass: 24051K(24256K)->24051K(24256K) Class: 4868K(5056K)->4868K(5056K)
[3894.096s][info][gc             ] GC(983) Pause Young (Prepare Mixed) (G1 Evacuation Pause) 3622M->1455M(4096M) 122.567ms
[3894.096s][info][gc,cpu         ] GC(983) User=0.73s Sys=0.00s Real=0.12s
...[3896.682s][info][gc,start       ] GC(984) Pause Young (Mixed) (G1 Evacuation Pause)
[3896.682s][info][gc,task        ] GC(984) Using 6 workers of 6 for evacuation
[3896.817s][info][gc,phases      ] GC(984)   Pre Evacuate Collection Set: 0.38ms
[3896.817s][info][gc,phases      ] GC(984)   Merge Heap Roots: 0.69ms
[3896.817s][info][gc,phases      ] GC(984)   Evacuate Collection Set: 132.06ms
[3896.817s][info][gc,phases      ] GC(984)   Post Evacuate Collection Set: 0.93ms
[3896.817s][info][gc,phases      ] GC(984)   Other: 0.09ms
[3896.817s][info][gc,heap        ] GC(984) Eden regions: 1102->0(1119)
[3896.817s][info][gc,heap        ] GC(984) Survivor regions: 114->109(152)
[3896.817s][info][gc,heap        ] GC(984) Old regions: 535->470
[3896.817s][info][gc,heap        ] GC(984) Humongous regions: 80->80
[3896.817s][info][gc,metaspace   ] GC(984) Metaspace: 28920K(29312K)->28920K(29312K) NonClass: 24051K(24256K)->24051K(24256K) Class: 4868K(5056K)->4868K(5056K)
[3896.817s][info][gc             ] GC(984) Pause Young (Mixed) (G1 Evacuation Pause) 3659M->1317M(4096M) 134.281ms
[3896.817s][info][gc,cpu         ] GC(984) User=0.80s Sys=0.00s Real=0.13s
..[3899.417s][info][gc,start       ] GC(985) Pause Young (Concurrent Start) (G1 Evacuation Pause)
[3899.417s][info][gc,task        ] GC(985) Using 6 workers of 6 for evacuation
[3899.534s][info][gc,phases      ] GC(985)   Pre Evacuate Collection Set: 0.36ms
[3899.534s][info][gc,phases      ] GC(985)   Merge Heap Roots: 0.47ms
[3899.534s][info][gc,phases      ] GC(985)   Evacuate Collection Set: 115.28ms
[3899.534s][info][gc,phases      ] GC(985)   Post Evacuate Collection Set: 0.89ms
[3899.534s][info][gc,phases      ] GC(985)   Other: 0.13ms
[3899.534s][info][gc,heap        ] GC(985) Eden regions: 1119->0(1120)
[3899.534s][info][gc,heap        ] GC(985) Survivor regions: 109->108(154)
[3899.534s][info][gc,heap        ] GC(985) Old regions: 470->502
[3899.534s][info][gc,heap        ] GC(985) Humongous regions: 80->80
[3899.534s][info][gc,metaspace   ] GC(985) Metaspace: 28920K(29312K)->28920K(29312K) NonClass: 24051K(24256K)->24051K(24256K) Class: 4868K(5056K)->4868K(5056K)
[3899.534s][info][gc             ] GC(985) Pause Young (Concurrent Start) (G1 Evacuation Pause) 3555M->1378M(4096M) 117.262ms
[3899.534s][info][gc             ] GC(986) Concurrent Mark Cycle
[3899.534s][info][gc,marking     ] GC(986) Concurrent Scan Root Regions
[3899.534s][info][gc,cpu         ] GC(985) User=0.69s Sys=0.00s Real=0.12s
.[3899.672s][info][gc,marking     ] GC(986) Concurrent Scan Root Regions 138.005ms
[3899.672s][info][gc,marking     ] GC(986) Concurrent Mark
[3899.672s][info][gc,marking     ] GC(986) Concurrent Mark From Roots
[3899.672s][info][gc,task        ] GC(986) Using 2 workers of 2 for marking
[3900.389s][info][gc,marking     ] GC(986) Concurrent Mark From Roots 716.466ms
[3900.389s][info][gc,marking     ] GC(986) Concurrent Preclean
[3900.389s][info][gc,marking     ] GC(986) Concurrent Preclean 0.154ms
[3900.393s][info][gc,start       ] GC(986) Pause Remark
[3900.398s][info][gc             ] GC(986) Pause Remark 2128M->2128M(4096M) 4.612ms
[3900.398s][info][gc,cpu         ] GC(986) User=0.02s Sys=0.00s Real=0.00s
[3900.398s][info][gc,marking     ] GC(986) Concurrent Mark 725.159ms
[3900.398s][info][gc,marking     ] GC(986) Concurrent Rebuild Remembered Sets and Scrub Regions
.[3900.655s][info][gc,marking     ] GC(986) Concurrent Rebuild Remembered Sets and Scrub Regions 257.579ms
[3900.656s][info][gc,start       ] GC(986) Pause Cleanup
[3900.656s][info][gc             ] GC(986) Pause Cleanup 2353M->2353M(4096M) 0.121ms
[3900.656s][info][gc,cpu         ] GC(986) User=0.00s Sys=0.00s Real=0.00s
[3900.656s][info][gc,marking     ] GC(986) Concurrent Clear Claimed Marks
[3900.656s][info][gc,marking     ] GC(986) Concurrent Clear Claimed Marks 0.022ms
[3900.656s][info][gc,marking     ] GC(986) Concurrent Cleanup for Next Mark
[3900.661s][info][gc,marking     ] GC(986) Concurrent Cleanup for Next Mark 5.011ms
[3900.661s][info][gc             ] GC(986) Concurrent Mark Cycle 1126.783ms
.[3902.065s][info][gc,start       ] GC(987) Pause Young (Prepare Mixed) (G1 Evacuation Pause)
[3902.065s][info][gc,task        ] GC(987) Using 6 workers of 6 for evacuation
[3902.180s][info][gc,phases      ] GC(987)   Pre Evacuate Collection Set: 0.34ms
[3902.180s][info][gc,phases      ] GC(987)   Merge Heap Roots: 0.50ms
[3902.180s][info][gc,phases      ] GC(987)   Evacuate Collection Set: 112.39ms
[3902.180s][info][gc,phases      ] GC(987)   Post Evacuate Collection Set: 0.90ms
[3902.180s][info][gc,phases      ] GC(987)   Other: 0.09ms
[3902.180s][info][gc,heap        ] GC(987) Eden regions: 1120->0(1117)
[3902.180s][info][gc,heap        ] GC(987) Survivor regions: 108->107(154)
[3902.180s][info][gc,heap        ] GC(987) Old regions: 502->534
[3902.180s][info][gc,heap        ] GC(987) Humongous regions: 80->80
[3902.180s][info][gc,metaspace   ] GC(987) Metaspace: 28920K(29312K)->28920K(29312K) NonClass: 24051K(24256K)->24051K(24256K) Class: 4868K(5056K)->4868K(5056K)
[3902.180s][info][gc             ] GC(987) Pause Young (Prepare Mixed) (G1 Evacuation Pause) 3618M->1439M(4096M) 114.350ms
[3902.180s][info][gc,cpu         ] GC(987) User=0.68s Sys=0.00s Real=0.11s
...[3904.844s][info][gc,start       ] GC(988) Pause Young (Mixed) (G1 Evacuation Pause)
[3904.844s][info][gc,task        ] GC(988) Using 6 workers of 6 for evacuation
[3904.984s][info][gc,phases      ] GC(988)   Pre Evacuate Collection Set: 0.34ms
[3904.984s][info][gc,phases      ] GC(988)   Merge Heap Roots: 0.78ms
[3904.984s][info][gc,phases      ] GC(988)   Evacuate Collection Set: 137.24ms
[3904.984s][info][gc,phases      ] GC(988)   Post Evacuate Collection Set: 0.92ms
[3904.984s][info][gc,phases      ] GC(988)   Other: 0.09ms
[3904.984s][info][gc,heap        ] GC(988) Eden regions: 1117->0(1116)
[3904.984s][info][gc,heap        ] GC(988) Survivor regions: 107->112(153)
[3904.984s][info][gc,heap        ] GC(988) Old regions: 534->472
[3904.984s][info][gc,heap        ] GC(988) Humongous regions: 80->80
[3904.984s][info][gc,metaspace   ] GC(988) Metaspace: 28920K(29312K)->28920K(29312K) NonClass: 24051K(24256K)->24051K(24256K) Class: 4868K(5056K)->4868K(5056K)
[3904.984s][info][gc             ] GC(988) Pause Young (Mixed) (G1 Evacuation Pause) 3673M->1327M(4096M) 139.499ms
[3904.984s][info][gc,cpu         ] GC(988) User=0.83s Sys=0.00s Real=0.14s
..[3907.612s][info][gc,start       ] GC(989) Pause Young (Concurrent Start) (G1 Evacuation Pause)
[3907.612s][info][gc,task        ] GC(989) Using 6 workers of 6 for evacuation
[3907.731s][info][gc,phases      ] GC(989)   Pre Evacuate Collection Set: 0.39ms
[3907.731s][info][gc,phases      ] GC(989)   Merge Heap Roots: 0.47ms
[3907.731s][info][gc,phases      ] GC(989)   Evacuate Collection Set: 116.93ms
[3907.731s][info][gc,phases      ] GC(989)   Post Evacuate Collection Set: 0.88ms
[3907.731s][info][gc,phases      ] GC(989)   Other: 0.11ms
[3907.731s][info][gc,heap        ] GC(989) Eden regions: 1116->0(1117)
[3907.731s][info][gc,heap        ] GC(989) Survivor regions: 112->111(154)
[3907.731s][info][gc,heap        ] GC(989) Old regions: 472->503
[3907.731s][info][gc,heap        ] GC(989) Humongous regions: 80->80
[3907.731s][info][gc,metaspace   ] GC(989) Metaspace: 28920K(29312K)->28920K(29312K) NonClass: 24051K(24256K)->24051K(24256K) Class: 4868K(5056K)->4868K(5056K)
[3907.731s][info][gc             ] GC(989) Pause Young (Concurrent Start) (G1 Evacuation Pause) 3559M->1386M(4096M) 118.913ms
[3907.731s][info][gc             ] GC(990) Concurrent Mark Cycle
[3907.731s][info][gc,marking     ] GC(990) Concurrent Scan Root Regions
[3907.731s][info][gc,cpu         ] GC(989) User=0.70s Sys=0.00s Real=0.11s
.[3907.874s][info][gc,marking     ] GC(990) Concurrent Scan Root Regions 142.856ms
[3907.874s][info][gc,marking     ] GC(990) Concurrent Mark
[3907.874s][info][gc,marking     ] GC(990) Concurrent Mark From Roots
[3907.874s][info][gc,task        ] GC(990) Using 2 workers of 2 for marking
[3908.602s][info][gc,marking     ] GC(990) Concurrent Mark From Roots 727.733ms
[3908.602s][info][gc,marking     ] GC(990) Concurrent Preclean
[3908.602s][info][gc,marking     ] GC(990) Concurrent Preclean 0.112ms
[3908.608s][info][gc,start       ] GC(990) Pause Remark
[3908.612s][info][gc             ] GC(990) Pause Remark 2138M->2138M(4096M) 4.123ms
[3908.612s][info][gc,cpu         ] GC(990) User=0.03s Sys=0.00s Real=0.01s
[3908.612s][info][gc,marking     ] GC(990) Concurrent Mark 737.938ms
[3908.612s][info][gc,marking     ] GC(990) Concurrent Rebuild Remembered Sets and Scrub Regions
.[3908.881s][info][gc,marking     ] GC(990) Concurrent Rebuild Remembered Sets and Scrub Regions 268.890ms
[3908.881s][info][gc,start       ] GC(990) Pause Cleanup
[3908.881s][info][gc             ] GC(990) Pause Cleanup 2410M->2410M(4096M) 0.106ms
[3908.881s][info][gc,cpu         ] GC(990) User=0.00s Sys=0.00s Real=0.00s
[3908.881s][info][gc,marking     ] GC(990) Concurrent Clear Claimed Marks
[3908.881s][info][gc,marking     ] GC(990) Concurrent Clear Claimed Marks 0.021ms
[3908.881s][info][gc,marking     ] GC(990) Concurrent Cleanup for Next Mark
[3908.886s][info][gc,marking     ] GC(990) Concurrent Cleanup for Next Mark 4.657ms
[3908.886s][info][gc             ] GC(990) Concurrent Mark Cycle 1154.821ms
.[3910.260s][info][gc,start       ] GC(991) Pause Young (Prepare Mixed) (G1 Evacuation Pause)
[3910.260s][info][gc,task        ] GC(991) Using 6 workers of 6 for evacuation
[3910.376s][info][gc,phases      ] GC(991)   Pre Evacuate Collection Set: 0.30ms
[3910.376s][info][gc,phases      ] GC(991)   Merge Heap Roots: 0.52ms
[3910.376s][info][gc,phases      ] GC(991)   Evacuate Collection Set: 114.72ms
[3910.376s][info][gc,phases      ] GC(991)   Post Evacuate Collection Set: 0.95ms
[3910.376s][info][gc,phases      ] GC(991)   Other: 0.09ms
[3910.377s][info][gc,heap        ] GC(991) Eden regions: 1117->0(1113)
[3910.377s][info][gc,heap        ] GC(991) Survivor regions: 111->108(154)
[3910.377s][info][gc,heap        ] GC(991) Old regions: 503->536
[3910.377s][info][gc,heap        ] GC(991) Humongous regions: 80->80
[3910.377s][info][gc,metaspace   ] GC(991) Metaspace: 28920K(29312K)->28920K(29312K) NonClass: 24051K(24256K)->24051K(24256K) Class: 4868K(5056K)->4868K(5056K)
[3910.377s][info][gc             ] GC(991) Pause Young (Prepare Mixed) (G1 Evacuation Pause) 3620M->1445M(4096M) 116.714ms
[3910.377s][info][gc,cpu         ] GC(991) User=0.69s Sys=0.00s Real=0.12s
...[3912.995s][info][gc,start       ] GC(992) Pause Young (Mixed) (G1 Evacuation Pause)
[3912.995s][info][gc,task        ] GC(992) Using 6 workers of 6 for evacuation
[3913.132s][info][gc,phases      ] GC(992)   Pre Evacuate Collection Set: 0.41ms
[3913.132s][info][gc,phases      ] GC(992)   Merge Heap Roots: 0.77ms
[3913.132s][info][gc,phases      ] GC(992)   Evacuate Collection Set: 134.49ms
[3913.132s][info][gc,phases      ] GC(992)   Post Evacuate Collection Set: 0.97ms
[3913.132s][info][gc,phases      ] GC(992)   Other: 0.09ms
[3913.132s][info][gc,heap        ] GC(992) Eden regions: 1113->0(1118)
[3913.132s][info][gc,heap        ] GC(992) Survivor regions: 108->110(153)
[3913.132s][info][gc,heap        ] GC(992) Old regions: 536->474
[3913.132s][info][gc,heap        ] GC(992) Humongous regions: 80->80
[3913.132s][info][gc,metaspace   ] GC(992) Metaspace: 28920K(29312K)->28920K(29312K) NonClass: 24051K(24256K)->24051K(24256K) Class: 4868K(5056K)->4868K(5056K)
[3913.132s][info][gc             ] GC(992) Pause Young (Mixed) (G1 Evacuation Pause) 3671M->1325M(4096M) 136.859ms
[3913.132s][info][gc,cpu         ] GC(992) User=0.81s Sys=0.00s Real=0.14s
..[3915.719s][info][gc,start       ] GC(993) Pause Young (Concurrent Start) (G1 Evacuation Pause)
[3915.719s][info][gc,task        ] GC(993) Using 6 workers of 6 for evacuation
[3915.835s][info][gc,phases      ] GC(993)   Pre Evacuate Collection Set: 0.33ms
[3915.835s][info][gc,phases      ] GC(993)   Merge Heap Roots: 0.45ms
[3915.835s][info][gc,phases      ] GC(993)   Evacuate Collection Set: 114.31ms
[3915.835s][info][gc,phases      ] GC(993)   Post Evacuate Collection Set: 0.85ms
[3915.835s][info][gc,phases      ] GC(993)   Other: 0.10ms
[3915.835s][info][gc,heap        ] GC(993) Eden regions: 1118->0(1118)
[3915.835s][info][gc,heap        ] GC(993) Survivor regions: 110->110(154)
[3915.835s][info][gc,heap        ] GC(993) Old regions: 474->505
[3915.835s][info][gc,heap        ] GC(993) Humongous regions: 80->80
[3915.835s][info][gc,metaspace   ] GC(993) Metaspace: 28920K(29312K)->28920K(29312K) NonClass: 24051K(24256K)->24051K(24256K) Class: 4868K(5056K)->4868K(5056K)
[3915.835s][info][gc             ] GC(993) Pause Young (Concurrent Start) (G1 Evacuation Pause) 3561M->1388M(4096M) 116.168ms
[3915.835s][info][gc             ] GC(994) Concurrent Mark Cycle
[3915.835s][info][gc,marking     ] GC(994) Concurrent Scan Root Regions
[3915.835s][info][gc,cpu         ] GC(993) User=0.70s Sys=0.00s Real=0.12s
.[3915.988s][info][gc,marking     ] GC(994) Concurrent Scan Root Regions 152.425ms
[3915.988s][info][gc,marking     ] GC(994) Concurrent Mark
[3915.988s][info][gc,marking     ] GC(994) Concurrent Mark From Roots
[3915.988s][info][gc,task        ] GC(994) Using 2 workers of 2 for marking
[3916.744s][info][gc,marking     ] GC(994) Concurrent Mark From Roots 756.224ms
[3916.744s][info][gc,marking     ] GC(994) Concurrent Preclean
[3916.744s][info][gc,marking     ] GC(994) Concurrent Preclean 0.072ms
[3916.746s][info][gc,start       ] GC(994) Pause Remark
[3916.750s][info][gc             ] GC(994) Pause Remark 2168M->2168M(4096M) 4.508ms
[3916.750s][info][gc,cpu         ] GC(994) User=0.03s Sys=0.00s Real=0.00s
[3916.750s][info][gc,marking     ] GC(994) Concurrent Mark 762.548ms
[3916.751s][info][gc,marking     ] GC(994) Concurrent Rebuild Remembered Sets and Scrub Regions
[3917.009s][info][gc,marking     ] GC(994) Concurrent Rebuild Remembered Sets and Scrub Regions 258.130ms
[3917.009s][info][gc,start       ] GC(994) Pause Cleanup
[3917.009s][info][gc             ] GC(994) Pause Cleanup 2372M->2372M(4096M) 0.116ms
[3917.009s][info][gc,cpu         ] GC(994) User=0.00s Sys=0.00s Real=0.00s
[3917.010s][info][gc,marking     ] GC(994) Concurrent Clear Claimed Marks
[3917.010s][info][gc,marking     ] GC(994) Concurrent Clear Claimed Marks 0.028ms
[3917.010s][info][gc,marking     ] GC(994) Concurrent Cleanup for Next Mark
[3917.016s][info][gc,marking     ] GC(994) Concurrent Cleanup for Next Mark 6.005ms
[3917.016s][info][gc             ] GC(994) Concurrent Mark Cycle 1180.764ms
..[3918.428s][info][gc,start       ] GC(995) Pause Young (Prepare Mixed) (G1 Evacuation Pause)
[3918.428s][info][gc,task        ] GC(995) Using 6 workers of 6 for evacuation
[3918.553s][info][gc,phases      ] GC(995)   Pre Evacuate Collection Set: 0.30ms
[3918.553s][info][gc,phases      ] GC(995)   Merge Heap Roots: 0.46ms
[3918.553s][info][gc,phases      ] GC(995)   Evacuate Collection Set: 123.64ms
[3918.553s][info][gc,phases      ] GC(995)   Post Evacuate Collection Set: 0.93ms
[3918.553s][info][gc,phases      ] GC(995)   Other: 0.08ms
[3918.553s][info][gc,heap        ] GC(995) Eden regions: 1118->0(1096)
[3918.553s][info][gc,heap        ] GC(995) Survivor regions: 110->116(154)
[3918.553s][info][gc,heap        ] GC(995) Old regions: 505->537
[3918.553s][info][gc,heap        ] GC(995) Humongous regions: 80->80
[3918.553s][info][gc,metaspace   ] GC(995) Metaspace: 28920K(29312K)->28920K(29312K) NonClass: 24051K(24256K)->24051K(24256K) Class: 4868K(5056K)->4868K(5056K)
[3918.553s][info][gc             ] GC(995) Pause Young (Prepare Mixed) (G1 Evacuation Pause) 3624M->1463M(4096M) 125.538ms
[3918.553s][info][gc,cpu         ] GC(995) User=0.75s Sys=0.00s Real=0.13s
...[3921.098s][info][gc,start       ] GC(996) Pause Young (Mixed) (G1 Evacuation Pause)
[3921.098s][info][gc,task        ] GC(996) Using 6 workers of 6 for evacuation
[3921.234s][info][gc,phases      ] GC(996)   Pre Evacuate Collection Set: 0.33ms
[3921.234s][info][gc,phases      ] GC(996)   Merge Heap Roots: 0.70ms
[3921.234s][info][gc,phases      ] GC(996)   Evacuate Collection Set: 134.11ms
[3921.234s][info][gc,phases      ] GC(996)   Post Evacuate Collection Set: 0.94ms
[3921.234s][info][gc,phases      ] GC(996)   Other: 0.09ms
[3921.234s][info][gc,heap        ] GC(996) Eden regions: 1096->0(1119)
[3921.234s][info][gc,heap        ] GC(996) Survivor regions: 116->109(152)
[3921.234s][info][gc,heap        ] GC(996) Old regions: 537->473
[3921.234s][info][gc,heap        ] GC(996) Humongous regions: 80->80
[3921.234s][info][gc,metaspace   ] GC(996) Metaspace: 28920K(29312K)->28920K(29312K) NonClass: 24051K(24256K)->24051K(24256K) Class: 4868K(5056K)->4868K(5056K)
[3921.234s][info][gc             ] GC(996) Pause Young (Mixed) (G1 Evacuation Pause) 3655M->1322M(4096M) 136.290ms
[3921.234s][info][gc,cpu         ] GC(996) User=0.81s Sys=0.00s Real=0.14s
..[3923.770s][info][gc,start       ] GC(997) Pause Young (Concurrent Start) (G1 Evacuation Pause)
[3923.770s][info][gc,task        ] GC(997) Using 6 workers of 6 for evacuation
[3923.886s][info][gc,phases      ] GC(997)   Pre Evacuate Collection Set: 0.38ms
[3923.886s][info][gc,phases      ] GC(997)   Merge Heap Roots: 0.45ms
[3923.886s][info][gc,phases      ] GC(997)   Evacuate Collection Set: 114.01ms
[3923.886s][info][gc,phases      ] GC(997)   Post Evacuate Collection Set: 0.87ms
[3923.886s][info][gc,phases      ] GC(997)   Other: 0.11ms
[3923.886s][info][gc,heap        ] GC(997) Eden regions: 1119->0(1119)
[3923.886s][info][gc,heap        ] GC(997) Survivor regions: 109->109(154)
[3923.886s][info][gc,heap        ] GC(997) Old regions: 473->505
[3923.886s][info][gc,heap        ] GC(997) Humongous regions: 80->80
[3923.886s][info][gc,metaspace   ] GC(997) Metaspace: 28920K(29312K)->28920K(29312K) NonClass: 24051K(24256K)->24051K(24256K) Class: 4868K(5056K)->4868K(5056K)
[3923.886s][info][gc             ] GC(997) Pause Young (Concurrent Start) (G1 Evacuation Pause) 3560M->1386M(4096M) 115.968ms
[3923.886s][info][gc             ] GC(998) Concurrent Mark Cycle
[3923.886s][info][gc,marking     ] GC(998) Concurrent Scan Root Regions
[3923.886s][info][gc,cpu         ] GC(997) User=0.69s Sys=0.00s Real=0.12s
[3924.031s][info][gc,marking     ] GC(998) Concurrent Scan Root Regions 144.637ms
[3924.031s][info][gc,marking     ] GC(998) Concurrent Mark
[3924.031s][info][gc,marking     ] GC(998) Concurrent Mark From Roots
[3924.031s][info][gc,task        ] GC(998) Using 2 workers of 2 for marking
.[3924.790s][info][gc,marking     ] GC(998) Concurrent Mark From Roots 758.724ms
[3924.790s][info][gc,marking     ] GC(998) Concurrent Preclean
[3924.790s][info][gc,marking     ] GC(998) Concurrent Preclean 0.079ms
[3924.793s][info][gc,start       ] GC(998) Pause Remark
[3924.797s][info][gc             ] GC(998) Pause Remark 2182M->2182M(4096M) 4.738ms
[3924.797s][info][gc,cpu         ] GC(998) User=0.02s Sys=0.00s Real=0.00s
[3924.797s][info][gc,marking     ] GC(998) Concurrent Mark 766.385ms
[3924.797s][info][gc,marking     ] GC(998) Concurrent Rebuild Remembered Sets and Scrub Regions
.[3925.126s][info][gc,marking     ] GC(998) Concurrent Rebuild Remembered Sets and Scrub Regions 328.472ms
[3925.126s][info][gc,start       ] GC(998) Pause Cleanup
[3925.126s][info][gc             ] GC(998) Pause Cleanup 2466M->2466M(4096M) 0.110ms
[3925.126s][info][gc,cpu         ] GC(998) User=0.00s Sys=0.00s Real=0.00s
[3925.126s][info][gc,marking     ] GC(998) Concurrent Clear Claimed Marks
[3925.126s][info][gc,marking     ] GC(998) Concurrent Clear Claimed Marks 0.026ms
[3925.126s][info][gc,marking     ] GC(998) Concurrent Cleanup for Next Mark
[3925.131s][info][gc,marking     ] GC(998) Concurrent Cleanup for Next Mark 4.747ms
[3925.131s][info][gc             ] GC(998) Concurrent Mark Cycle 1244.936ms
.[3926.538s][info][gc,start       ] GC(999) Pause Young (Prepare Mixed) (G1 Evacuation Pause)
[3926.538s][info][gc,task        ] GC(999) Using 6 workers of 6 for evacuation
[3926.659s][info][gc,phases      ] GC(999)   Pre Evacuate Collection Set: 0.31ms
[3926.659s][info][gc,phases      ] GC(999)   Merge Heap Roots: 0.46ms
[3926.659s][info][gc,phases      ] GC(999)   Evacuate Collection Set: 118.49ms
[3926.659s][info][gc,phases      ] GC(999)   Post Evacuate Collection Set: 0.92ms
[3926.659s][info][gc,phases      ] GC(999)   Other: 0.09ms
[3926.659s][info][gc,heap        ] GC(999) Eden regions: 1119->0(1106)
[3926.659s][info][gc,heap        ] GC(999) Survivor regions: 109->111(154)
[3926.659s][info][gc,heap        ] GC(999) Old regions: 505->537
[3926.659s][info][gc,heap        ] GC(999) Humongous regions: 80->80
[3926.659s][info][gc,metaspace   ] GC(999) Metaspace: 28920K(29312K)->28920K(29312K) NonClass: 24051K(24256K)->24051K(24256K) Class: 4868K(5056K)->4868K(5056K)
[3926.659s][info][gc             ] GC(999) Pause Young (Prepare Mixed) (G1 Evacuation Pause) 3624M->1454M(4096M) 120.412ms
[3926.659s][info][gc,cpu         ] GC(999) User=0.72s Sys=0.00s Real=0.12s
...[3929.214s][info][gc,start       ] GC(1000) Pause Young (Mixed) (G1 Evacuation Pause)
[3929.214s][info][gc,task        ] GC(1000) Using 6 workers of 6 for evacuation
[3929.348s][info][gc,phases      ] GC(1000)   Pre Evacuate Collection Set: 0.40ms
[3929.349s][info][gc,phases      ] GC(1000)   Merge Heap Roots: 0.82ms
[3929.349s][info][gc,phases      ] GC(1000)   Evacuate Collection Set: 131.81ms
[3929.349s][info][gc,phases      ] GC(1000)   Post Evacuate Collection Set: 0.94ms
[3929.349s][info][gc,phases      ] GC(1000)   Other: 0.09ms
[3929.349s][info][gc,heap        ] GC(1000) Eden regions: 1106->0(1120)
[3929.349s][info][gc,heap        ] GC(1000) Survivor regions: 111->108(153)
[3929.349s][info][gc,heap        ] GC(1000) Old regions: 537->474
[3929.349s][info][gc,heap        ] GC(1000) Humongous regions: 80->80
[3929.349s][info][gc,metaspace   ] GC(1000) Metaspace: 28920K(29312K)->28920K(29312K) NonClass: 24051K(24256K)->24051K(24256K) Class: 4868K(5056K)->4868K(5056K)
[3929.349s][info][gc             ] GC(1000) Pause Young (Mixed) (G1 Evacuation Pause) 3666M->1322M(4096M) 134.202ms
[3929.349s][info][gc,cpu         ] GC(1000) User=0.79s Sys=0.00s Real=0.13s
..[3931.942s][info][gc,start       ] GC(1001) Pause Young (Concurrent Start) (G1 Evacuation Pause)
[3931.942s][info][gc,task        ] GC(1001) Using 6 workers of 6 for evacuation
[3932.061s][info][gc,phases      ] GC(1001)   Pre Evacuate Collection Set: 0.38ms
[3932.061s][info][gc,phases      ] GC(1001)   Merge Heap Roots: 0.47ms
[3932.061s][info][gc,phases      ] GC(1001)   Evacuate Collection Set: 117.31ms
[3932.061s][info][gc,phases      ] GC(1001)   Post Evacuate Collection Set: 0.89ms
[3932.061s][info][gc,phases      ] GC(1001)   Other: 0.12ms
[3932.061s][info][gc,heap        ] GC(1001) Eden regions: 1120->0(1117)
[3932.061s][info][gc,heap        ] GC(1001) Survivor regions: 108->111(154)
[3932.061s][info][gc,heap        ] GC(1001) Old regions: 474->507
[3932.061s][info][gc,heap        ] GC(1001) Humongous regions: 80->80
[3932.061s][info][gc,metaspace   ] GC(1001) Metaspace: 28920K(29312K)->28920K(29312K) NonClass: 24051K(24256K)->24051K(24256K) Class: 4868K(5056K)->4868K(5056K)
[3932.061s][info][gc             ] GC(1001) Pause Young (Concurrent Start) (G1 Evacuation Pause) 3562M->1394M(4096M) 119.306ms
[3932.061s][info][gc             ] GC(1002) Concurrent Mark Cycle
[3932.061s][info][gc,marking     ] GC(1002) Concurrent Scan Root Regions
[3932.061s][info][gc,cpu         ] GC(1001) User=0.71s Sys=0.00s Real=0.11s
.[3932.253s][info][gc,marking     ] GC(1002) Concurrent Scan Root Regions 192.144ms
[3932.253s][info][gc,marking     ] GC(1002) Concurrent Mark
[3932.253s][info][gc,marking     ] GC(1002) Concurrent Mark From Roots
[3932.253s][info][gc,task        ] GC(1002) Using 2 workers of 2 for marking
.[3933.255s][info][gc,marking     ] GC(1002) Concurrent Mark From Roots 1001.270ms
[3933.255s][info][gc,marking     ] GC(1002) Concurrent Preclean
[3933.255s][info][gc,marking     ] GC(1002) Concurrent Preclean 0.141ms
[3933.256s][info][gc,start       ] GC(1002) Pause Remark
[3933.264s][info][gc             ] GC(1002) Pause Remark 2448M->2448M(4096M) 7.316ms
[3933.264s][info][gc,cpu         ] GC(1002) User=0.04s Sys=0.00s Real=0.01s
[3933.264s][info][gc,marking     ] GC(1002) Concurrent Mark 1010.538ms
[3933.264s][info][gc,marking     ] GC(1002) Concurrent Rebuild Remembered Sets and Scrub Regions
[3933.562s][info][gc,marking     ] GC(1002) Concurrent Rebuild Remembered Sets and Scrub Regions 298.225ms
[3933.562s][info][gc,start       ] GC(1002) Pause Cleanup
[3933.562s][info][gc             ] GC(1002) Pause Cleanup 2715M->2715M(4096M) 0.115ms
[3933.562s][info][gc,cpu         ] GC(1002) User=0.00s Sys=0.00s Real=0.00s
[3933.562s][info][gc,marking     ] GC(1002) Concurrent Clear Claimed Marks
[3933.562s][info][gc,marking     ] GC(1002) Concurrent Clear Claimed Marks 0.024ms
[3933.562s][info][gc,marking     ] GC(1002) Concurrent Cleanup for Next Mark
[3933.570s][info][gc,marking     ] GC(1002) Concurrent Cleanup for Next Mark 7.387ms
[3933.570s][info][gc             ] GC(1002) Concurrent Mark Cycle 1508.818ms
.[3934.663s][info][gc,start       ] GC(1003) Pause Young (Prepare Mixed) (G1 Evacuation Pause)
[3934.663s][info][gc,task        ] GC(1003) Using 6 workers of 6 for evacuation
[3934.782s][info][gc,phases      ] GC(1003)   Pre Evacuate Collection Set: 0.34ms
[3934.782s][info][gc,phases      ] GC(1003)   Merge Heap Roots: 0.53ms
[3934.782s][info][gc,phases      ] GC(1003)   Evacuate Collection Set: 117.24ms
[3934.782s][info][gc,phases      ] GC(1003)   Post Evacuate Collection Set: 0.91ms
[3934.782s][info][gc,phases      ] GC(1003)   Other: 0.09ms
[3934.782s][info][gc,heap        ] GC(1003) Eden regions: 1117->0(1105)
[3934.782s][info][gc,heap        ] GC(1003) Survivor regions: 111->111(154)
[3934.782s][info][gc,heap        ] GC(1003) Old regions: 507->538
[3934.782s][info][gc,heap        ] GC(1003) Humongous regions: 80->80
[3934.782s][info][gc,metaspace   ] GC(1003) Metaspace: 28920K(29312K)->28920K(29312K) NonClass: 24051K(24256K)->24051K(24256K) Class: 4868K(5056K)->4868K(5056K)
[3934.782s][info][gc             ] GC(1003) Pause Young (Prepare Mixed) (G1 Evacuation Pause) 3628M->1456M(4096M) 119.270ms
[3934.782s][info][gc,cpu         ] GC(1003) User=0.71s Sys=0.00s Real=0.12s
...[3937.388s][info][gc,start       ] GC(1004) Pause Young (Mixed) (G1 Evacuation Pause)
[3937.388s][info][gc,task        ] GC(1004) Using 6 workers of 6 for evacuation
[3937.519s][info][gc,phases      ] GC(1004)   Pre Evacuate Collection Set: 0.34ms
[3937.519s][info][gc,phases      ] GC(1004)   Merge Heap Roots: 0.62ms
[3937.519s][info][gc,phases      ] GC(1004)   Evacuate Collection Set: 128.84ms
[3937.519s][info][gc,phases      ] GC(1004)   Post Evacuate Collection Set: 0.93ms
[3937.519s][info][gc,phases      ] GC(1004)   Other: 0.09ms
[3937.519s][info][gc,heap        ] GC(1004) Eden regions: 1105->0(1119)
[3937.519s][info][gc,heap        ] GC(1004) Survivor regions: 111->109(152)
[3937.519s][info][gc,heap        ] GC(1004) Old regions: 538->473
[3937.519s][info][gc,heap        ] GC(1004) Humongous regions: 80->80
[3937.519s][info][gc,metaspace   ] GC(1004) Metaspace: 28920K(29312K)->28920K(29312K) NonClass: 24051K(24256K)->24051K(24256K) Class: 4868K(5056K)->4868K(5056K)
[3937.519s][info][gc             ] GC(1004) Pause Young (Mixed) (G1 Evacuation Pause) 3666M->1321M(4096M) 130.939ms
[3937.519s][info][gc,cpu         ] GC(1004) User=0.78s Sys=0.00s Real=0.13s
..[3940.022s][info][gc,start       ] GC(1005) Pause Young (Concurrent Start) (G1 Evacuation Pause)
[3940.022s][info][gc,task        ] GC(1005) Using 6 workers of 6 for evacuation
[3940.137s][info][gc,phases      ] GC(1005)   Pre Evacuate Collection Set: 0.34ms
[3940.137s][info][gc,phases      ] GC(1005)   Merge Heap Roots: 0.46ms
[3940.137s][info][gc,phases      ] GC(1005)   Evacuate Collection Set: 113.23ms
[3940.137s][info][gc,phases      ] GC(1005)   Post Evacuate Collection Set: 0.88ms
[3940.137s][info][gc,phases      ] GC(1005)   Other: 0.11ms
[3940.137s][info][gc,heap        ] GC(1005) Eden regions: 1119->0(1120)
[3940.137s][info][gc,heap        ] GC(1005) Survivor regions: 109->108(154)
[3940.137s][info][gc,heap        ] GC(1005) Old regions: 473->505
[3940.137s][info][gc,heap        ] GC(1005) Humongous regions: 80->80
[3940.137s][info][gc,metaspace   ] GC(1005) Metaspace: 28920K(29312K)->28920K(29312K) NonClass: 24051K(24256K)->24051K(24256K) Class: 4868K(5056K)->4868K(5056K)
[3940.137s][info][gc             ] GC(1005) Pause Young (Concurrent Start) (G1 Evacuation Pause) 3559M->1383M(4096M) 115.178ms
[3940.137s][info][gc             ] GC(1006) Concurrent Mark Cycle
[3940.137s][info][gc,marking     ] GC(1006) Concurrent Scan Root Regions
[3940.137s][info][gc,cpu         ] GC(1005) User=0.68s Sys=0.00s Real=0.11s
.[3940.381s][info][gc,marking     ] GC(1006) Concurrent Scan Root Regions 243.944ms
[3940.381s][info][gc,marking     ] GC(1006) Concurrent Mark
[3940.381s][info][gc,marking     ] GC(1006) Concurrent Mark From Roots
[3940.381s][info][gc,task        ] GC(1006) Using 2 workers of 2 for marking
.[3941.308s][info][gc,marking     ] GC(1006) Concurrent Mark From Roots 926.861ms
[3941.308s][info][gc,marking     ] GC(1006) Concurrent Preclean
[3941.308s][info][gc,marking     ] GC(1006) Concurrent Preclean 0.139ms
[3941.309s][info][gc,start       ] GC(1006) Pause Remark
[3941.315s][info][gc             ] GC(1006) Pause Remark 2412M->2412M(4096M) 6.418ms
[3941.315s][info][gc,cpu         ] GC(1006) User=0.04s Sys=0.00s Real=0.01s
[3941.315s][info][gc,marking     ] GC(1006) Concurrent Mark 933.717ms
[3941.315s][info][gc,marking     ] GC(1006) Concurrent Rebuild Remembered Sets and Scrub Regions
[3941.689s][info][gc,marking     ] GC(1006) Concurrent Rebuild Remembered Sets and Scrub Regions 373.569ms
[3941.689s][info][gc,start       ] GC(1006) Pause Cleanup
[3941.689s][info][gc             ] GC(1006) Pause Cleanup 2749M->2749M(4096M) 0.106ms
[3941.689s][info][gc,cpu         ] GC(1006) User=0.00s Sys=0.00s Real=0.00s
[3941.689s][info][gc,marking     ] GC(1006) Concurrent Clear Claimed Marks
[3941.689s][info][gc,marking     ] GC(1006) Concurrent Clear Claimed Marks 0.020ms
[3941.689s][info][gc,marking     ] GC(1006) Concurrent Cleanup for Next Mark
[3941.693s][info][gc,marking     ] GC(1006) Concurrent Cleanup for Next Mark 3.663ms
[3941.693s][info][gc             ] GC(1006) Concurrent Mark Cycle 1555.387ms
.[3942.766s][info][gc,start       ] GC(1007) Pause Young (Prepare Mixed) (G1 Evacuation Pause)
[3942.766s][info][gc,task        ] GC(1007) Using 6 workers of 6 for evacuation
[3942.883s][info][gc,phases      ] GC(1007)   Pre Evacuate Collection Set: 0.32ms
[3942.883s][info][gc,phases      ] GC(1007)   Merge Heap Roots: 0.48ms
[3942.883s][info][gc,phases      ] GC(1007)   Evacuate Collection Set: 114.62ms
[3942.883s][info][gc,phases      ] GC(1007)   Post Evacuate Collection Set: 0.97ms
[3942.883s][info][gc,phases      ] GC(1007)   Other: 0.09ms
[3942.883s][info][gc,heap        ] GC(1007) Eden regions: 1120->0(1110)
[3942.883s][info][gc,heap        ] GC(1007) Survivor regions: 108->109(154)
[3942.883s][info][gc,heap        ] GC(1007) Old regions: 505->537
[3942.883s][info][gc,heap        ] GC(1007) Humongous regions: 80->80
[3942.883s][info][gc,metaspace   ] GC(1007) Metaspace: 28920K(29312K)->28920K(29312K) NonClass: 24051K(24256K)->24051K(24256K) Class: 4868K(5056K)->4868K(5056K)
[3942.883s][info][gc             ] GC(1007) Pause Young (Prepare Mixed) (G1 Evacuation Pause) 3623M->1450M(4096M) 116.605ms
[3942.883s][info][gc,cpu         ] GC(1007) User=0.69s Sys=0.00s Real=0.12s
...[3945.494s][info][gc,start       ] GC(1008) Pause Young (Mixed) (G1 Evacuation Pause)
[3945.494s][info][gc,task        ] GC(1008) Using 6 workers of 6 for evacuation
[3945.642s][info][gc,phases      ] GC(1008)   Pre Evacuate Collection Set: 0.33ms
[3945.642s][info][gc,phases      ] GC(1008)   Merge Heap Roots: 0.98ms
[3945.642s][info][gc,phases      ] GC(1008)   Evacuate Collection Set: 145.76ms
[3945.642s][info][gc,phases      ] GC(1008)   Post Evacuate Collection Set: 0.92ms
[3945.642s][info][gc,phases      ] GC(1008)   Other: 0.09ms
[3945.642s][info][gc,heap        ] GC(1008) Eden regions: 1110->0(1120)
[3945.642s][info][gc,heap        ] GC(1008) Survivor regions: 109->108(153)
[3945.642s][info][gc,heap        ] GC(1008) Old regions: 537->475
[3945.642s][info][gc,heap        ] GC(1008) Humongous regions: 80->80
[3945.642s][info][gc,metaspace   ] GC(1008) Metaspace: 28920K(29312K)->28920K(29312K) NonClass: 24051K(24256K)->24051K(24256K) Class: 4868K(5056K)->4868K(5056K)
[3945.642s][info][gc             ] GC(1008) Pause Young (Mixed) (G1 Evacuation Pause) 3670M->1324M(4096M) 148.228ms
[3945.643s][info][gc,cpu         ] GC(1008) User=0.88s Sys=0.00s Real=0.15s
.. (rIR:aIR:PR = 6918:6911:6911) (tPR = 103005) [OK] 
  3946s: Performance info:
         Transaction,    Success,    Partial,     Failed,   Receipts, AvgBarcode, 
             Overall,     419741,          0,          0,     398738,      59.47, 
         Response times:
             Request,    Success,    Partial,     Failed,   SkipFail,     Probes,    Samples,      min,      p50,      p90,      p95,      p99,      max, 
       TotalPurchase,     398738,          0,          0,          0,     361813,     395811,      300,     5800,    49000,    85000,   179000,   322000,
     InStorePurchase,     209635,          0,          0,          0,     190842,     208654,      300,     5700,    49000,    85000,   180000,   322000,
      OnlinePurchase,     147039,          0,          0,          0,     132531,     144932,      300,     5900,    50000,    85000,   179000,   322000,
        InstPurchase,      42064,          0,          0,          0,      38440,      42225,      400,     5700,    48000,    85000,   176000,   322000,
          AssocOfCat,        419,          0,          0,          0,        353,        481,    26000,    41000,   126000,   171700,   211440,   249000,
      AssocOfProduct,       4205,          0,          0,          0,       3902,       4484,      500,     6500,    50000,    85000,   181300,   274000,
      BusinessReport,       1045,          0,          0,          0,        933,       1145,    28000,    46000,   110400,   175700,   252080,   280000,
          CustBuyBeh,       4200,          0,          0,          0,       3887,       4492,      200,     4800,    43000,    77000,   166140,   226000,
       ProductReturn,      11134,          0,          0,          0,       9471,      10619,      200,     6400,    49000,    84000,   180000,   298000,

  3946s: (51%)   IR =   7057 [3948.260s][info][gc,start       ] GC(1009) Pause Young (Concurrent Start) (G1 Evacuation Pause)
[3948.260s][info][gc,task        ] GC(1009) Using 6 workers of 6 for evacuation
[3948.379s][info][gc,phases      ] GC(1009)   Pre Evacuate Collection Set: 0.39ms
[3948.379s][info][gc,phases      ] GC(1009)   Merge Heap Roots: 0.49ms
[3948.379s][info][gc,phases      ] GC(1009)   Evacuate Collection Set: 117.03ms
[3948.379s][info][gc,phases      ] GC(1009)   Post Evacuate Collection Set: 0.94ms
[3948.379s][info][gc,phases      ] GC(1009)   Other: 0.11ms
[3948.379s][info][gc,heap        ] GC(1009) Eden regions: 1120->0(1117)
[3948.379s][info][gc,heap        ] GC(1009) Survivor regions: 108->111(154)
[3948.379s][info][gc,heap        ] GC(1009) Old regions: 475->507
[3948.379s][info][gc,heap        ] GC(1009) Humongous regions: 80->80
[3948.379s][info][gc,metaspace   ] GC(1009) Metaspace: 28920K(29312K)->28920K(29312K) NonClass: 24051K(24256K)->24051K(24256K) Class: 4868K(5056K)->4868K(5056K)
[3948.379s][info][gc             ] GC(1009) Pause Young (Concurrent Start) (G1 Evacuation Pause) 3564M->1394M(4096M) 119.093ms
[3948.379s][info][gc             ] GC(1010) Concurrent Mark Cycle
[3948.379s][info][gc,marking     ] GC(1010) Concurrent Scan Root Regions
[3948.379s][info][gc,cpu         ] GC(1009) User=0.71s Sys=0.00s Real=0.12s
.[3948.573s][info][gc,marking     ] GC(1010) Concurrent Scan Root Regions 194.553ms
[3948.573s][info][gc,marking     ] GC(1010) Concurrent Mark
[3948.574s][info][gc,marking     ] GC(1010) Concurrent Mark From Roots
[3948.574s][info][gc,task        ] GC(1010) Using 2 workers of 2 for marking
.[3949.507s][info][gc,marking     ] GC(1010) Concurrent Mark From Roots 933.630ms
[3949.507s][info][gc,marking     ] GC(1010) Concurrent Preclean
[3949.507s][info][gc,marking     ] GC(1010) Concurrent Preclean 0.133ms
[3949.508s][info][gc,start       ] GC(1010) Pause Remark
[3949.514s][info][gc             ] GC(1010) Pause Remark 2429M->2429M(4096M) 6.389ms
[3949.514s][info][gc,cpu         ] GC(1010) User=0.04s Sys=0.00s Real=0.01s
[3949.514s][info][gc,marking     ] GC(1010) Concurrent Mark 940.705ms
[3949.514s][info][gc,marking     ] GC(1010) Concurrent Rebuild Remembered Sets and Scrub Regions
[3949.778s][info][gc,marking     ] GC(1010) Concurrent Rebuild Remembered Sets and Scrub Regions 263.573ms
[3949.779s][info][gc,start       ] GC(1010) Pause Cleanup
[3949.779s][info][gc             ] GC(1010) Pause Cleanup 2690M->2690M(4096M) 0.126ms
[3949.779s][info][gc,cpu         ] GC(1010) User=0.00s Sys=0.00s Real=0.00s
[3949.780s][info][gc,marking     ] GC(1010) Concurrent Clear Claimed Marks
[3949.780s][info][gc,marking     ] GC(1010) Concurrent Clear Claimed Marks 0.036ms
[3949.780s][info][gc,marking     ] GC(1010) Concurrent Cleanup for Next Mark
[3949.786s][info][gc,marking     ] GC(1010) Concurrent Cleanup for Next Mark 6.499ms
[3949.786s][info][gc             ] GC(1010) Concurrent Mark Cycle 1407.272ms
.[3950.894s][info][gc,start       ] GC(1011) Pause Young (Prepare Mixed) (G1 Evacuation Pause)
[3950.894s][info][gc,task        ] GC(1011) Using 6 workers of 6 for evacuation
[3951.017s][info][gc,phases      ] GC(1011)   Pre Evacuate Collection Set: 0.34ms
[3951.017s][info][gc,phases      ] GC(1011)   Merge Heap Roots: 0.52ms
[3951.017s][info][gc,phases      ] GC(1011)   Evacuate Collection Set: 120.64ms
[3951.017s][info][gc,phases      ] GC(1011)   Post Evacuate Collection Set: 0.91ms
[3951.017s][info][gc,phases      ] GC(1011)   Other: 0.08ms
[3951.017s][info][gc,heap        ] GC(1011) Eden regions: 1117->0(1096)
[3951.017s][info][gc,heap        ] GC(1011) Survivor regions: 111->115(154)
[3951.017s][info][gc,heap        ] GC(1011) Old regions: 507->539
[3951.017s][info][gc,heap        ] GC(1011) Humongous regions: 80->80
[3951.017s][info][gc,metaspace   ] GC(1011) Metaspace: 28920K(29312K)->28920K(29312K) NonClass: 24051K(24256K)->24051K(24256K) Class: 4868K(5056K)->4868K(5056K)
[3951.017s][info][gc             ] GC(1011) Pause Young (Prepare Mixed) (G1 Evacuation Pause) 3628M->1465M(4096M) 122.631ms
[3951.017s][info][gc,cpu         ] GC(1011) User=0.73s Sys=0.00s Real=0.12s
...[3953.466s][info][gc,start       ] GC(1012) Pause Young (Mixed) (G1 Evacuation Pause)
[3953.466s][info][gc,task        ] GC(1012) Using 6 workers of 6 for evacuation
[3953.596s][info][gc,phases      ] GC(1012)   Pre Evacuate Collection Set: 0.40ms
[3953.596s][info][gc,phases      ] GC(1012)   Merge Heap Roots: 0.60ms
[3953.596s][info][gc,phases      ] GC(1012)   Evacuate Collection Set: 128.06ms
[3953.596s][info][gc,phases      ] GC(1012)   Post Evacuate Collection Set: 0.93ms
[3953.596s][info][gc,phases      ] GC(1012)   Other: 0.09ms
[3953.596s][info][gc,heap        ] GC(1012) Eden regions: 1096->0(1120)
[3953.596s][info][gc,heap        ] GC(1012) Survivor regions: 115->108(152)
[3953.596s][info][gc,heap        ] GC(1012) Old regions: 539->474
[3953.596s][info][gc,heap        ] GC(1012) Humongous regions: 80->80
[3953.596s][info][gc,metaspace   ] GC(1012) Metaspace: 28920K(29312K)->28920K(29312K) NonClass: 24051K(24256K)->24051K(24256K) Class: 4868K(5056K)->4868K(5056K)
[3953.596s][info][gc             ] GC(1012) Pause Young (Mixed) (G1 Evacuation Pause) 3657M->1322M(4096M) 130.203ms
[3953.596s][info][gc,cpu         ] GC(1012) User=0.78s Sys=0.00s Real=0.13s
..[3956.139s][info][gc,start       ] GC(1013) Pause Young (Concurrent Start) (G1 Evacuation Pause)
[3956.139s][info][gc,task        ] GC(1013) Using 6 workers of 6 for evacuation
[3956.254s][info][gc,phases      ] GC(1013)   Pre Evacuate Collection Set: 0.40ms
[3956.254s][info][gc,phases      ] GC(1013)   Merge Heap Roots: 0.50ms
[3956.254s][info][gc,phases      ] GC(1013)   Evacuate Collection Set: 112.86ms
[3956.254s][info][gc,phases      ] GC(1013)   Post Evacuate Collection Set: 0.85ms
[3956.254s][info][gc,phases      ] GC(1013)   Other: 0.14ms
[3956.254s][info][gc,heap        ] GC(1013) Eden regions: 1120->0(1120)
[3956.254s][info][gc,heap        ] GC(1013) Survivor regions: 108->108(154)
[3956.254s][info][gc,heap        ] GC(1013) Old regions: 474->505
[3956.254s][info][gc,heap        ] GC(1013) Humongous regions: 80->80
[3956.254s][info][gc,metaspace   ] GC(1013) Metaspace: 28920K(29312K)->28920K(29312K) NonClass: 24051K(24256K)->24051K(24256K) Class: 4868K(5056K)->4868K(5056K)
[3956.254s][info][gc             ] GC(1013) Pause Young (Concurrent Start) (G1 Evacuation Pause) 3562M->1384M(4096M) 114.891ms
[3956.254s][info][gc             ] GC(1014) Concurrent Mark Cycle
[3956.254s][info][gc,marking     ] GC(1014) Concurrent Scan Root Regions
[3956.254s][info][gc,cpu         ] GC(1013) User=0.68s Sys=0.00s Real=0.12s
[3956.405s][info][gc,marking     ] GC(1014) Concurrent Scan Root Regions 151.107ms
[3956.405s][info][gc,marking     ] GC(1014) Concurrent Mark
[3956.405s][info][gc,marking     ] GC(1014) Concurrent Mark From Roots
[3956.405s][info][gc,task        ] GC(1014) Using 2 workers of 2 for marking
.[3957.132s][info][gc,marking     ] GC(1014) Concurrent Mark From Roots 727.423ms
[3957.132s][info][gc,marking     ] GC(1014) Concurrent Preclean
[3957.132s][info][gc,marking     ] GC(1014) Concurrent Preclean 0.115ms
[3957.133s][info][gc,start       ] GC(1014) Pause Remark
[3957.137s][info][gc             ] GC(1014) Pause Remark 2146M->2146M(4096M) 4.224ms
[3957.137s][info][gc,cpu         ] GC(1014) User=0.02s Sys=0.00s Real=0.00s
[3957.137s][info][gc,marking     ] GC(1014) Concurrent Mark 732.105ms
[3957.137s][info][gc,marking     ] GC(1014) Concurrent Rebuild Remembered Sets and Scrub Regions
[3957.404s][info][gc,marking     ] GC(1014) Concurrent Rebuild Remembered Sets and Scrub Regions 266.515ms
[3957.404s][info][gc,start       ] GC(1014) Pause Cleanup
[3957.404s][info][gc             ] GC(1014) Pause Cleanup 2421M->2421M(4096M) 0.119ms
[3957.404s][info][gc,cpu         ] GC(1014) User=0.00s Sys=0.00s Real=0.00s
[3957.404s][info][gc,marking     ] GC(1014) Concurrent Clear Claimed Marks
[3957.404s][info][gc,marking     ] GC(1014) Concurrent Clear Claimed Marks 0.020ms
[3957.404s][info][gc,marking     ] GC(1014) Concurrent Cleanup for Next Mark
[3957.410s][info][gc,marking     ] GC(1014) Concurrent Cleanup for Next Mark 6.055ms
[3957.410s][info][gc             ] GC(1014) Concurrent Mark Cycle 1156.700ms
..[3958.805s][info][gc,start       ] GC(1015) Pause Young (Prepare Mixed) (G1 Evacuation Pause)
[3958.805s][info][gc,task        ] GC(1015) Using 6 workers of 6 for evacuation
[3958.926s][info][gc,phases      ] GC(1015)   Pre Evacuate Collection Set: 0.32ms
[3958.926s][info][gc,phases      ] GC(1015)   Merge Heap Roots: 0.50ms
[3958.926s][info][gc,phases      ] GC(1015)   Evacuate Collection Set: 119.65ms
[3958.926s][info][gc,phases      ] GC(1015)   Post Evacuate Collection Set: 0.90ms
[3958.926s][info][gc,phases      ] GC(1015)   Other: 0.08ms
[3958.926s][info][gc,heap        ] GC(1015) Eden regions: 1120->0(1099)
[3958.926s][info][gc,heap        ] GC(1015) Survivor regions: 108->115(154)
[3958.926s][info][gc,heap        ] GC(1015) Old regions: 505->536
[3958.926s][info][gc,heap        ] GC(1015) Humongous regions: 80->80
[3958.926s][info][gc,metaspace   ] GC(1015) Metaspace: 28920K(29312K)->28920K(29312K) NonClass: 24051K(24256K)->24051K(24256K) Class: 4868K(5056K)->4868K(5056K)
[3958.926s][info][gc             ] GC(1015) Pause Young (Prepare Mixed) (G1 Evacuation Pause) 3624M->1459M(4096M) 121.591ms
[3958.926s][info][gc,cpu         ] GC(1015) User=0.73s Sys=0.00s Real=0.12s
..[3961.355s][info][gc,start       ] GC(1016) Pause Young (Mixed) (G1 Evacuation Pause)
[3961.355s][info][gc,task        ] GC(1016) Using 6 workers of 6 for evacuation
[3961.490s][info][gc,phases      ] GC(1016)   Pre Evacuate Collection Set: 0.33ms
[3961.490s][info][gc,phases      ] GC(1016)   Merge Heap Roots: 0.69ms
[3961.490s][info][gc,phases      ] GC(1016)   Evacuate Collection Set: 133.03ms
[3961.490s][info][gc,phases      ] GC(1016)   Post Evacuate Collection Set: 0.92ms
[3961.490s][info][gc,phases      ] GC(1016)   Other: 0.08ms
[3961.490s][info][gc,heap        ] GC(1016) Eden regions: 1099->0(1117)
[3961.490s][info][gc,heap        ] GC(1016) Survivor regions: 115->111(152)
[3961.490s][info][gc,heap        ] GC(1016) Old regions: 536->472
[3961.490s][info][gc,heap        ] GC(1016) Humongous regions: 80->80
[3961.490s][info][gc,metaspace   ] GC(1016) Metaspace: 28920K(29312K)->28920K(29312K) NonClass: 24051K(24256K)->24051K(24256K) Class: 4868K(5056K)->4868K(5056K)
[3961.490s][info][gc             ] GC(1016) Pause Young (Mixed) (G1 Evacuation Pause) 3657M->1324M(4096M) 135.194ms
[3961.490s][info][gc,cpu         ] GC(1016) User=0.80s Sys=0.00s Real=0.13s
...[3964.046s][info][gc,start       ] GC(1017) Pause Young (Concurrent Start) (G1 Evacuation Pause)
[3964.046s][info][gc,task        ] GC(1017) Using 6 workers of 6 for evacuation
[3964.163s][info][gc,phases      ] GC(1017)   Pre Evacuate Collection Set: 0.31ms
[3964.163s][info][gc,phases      ] GC(1017)   Merge Heap Roots: 0.46ms
[3964.163s][info][gc,phases      ] GC(1017)   Evacuate Collection Set: 115.46ms
[3964.163s][info][gc,phases      ] GC(1017)   Post Evacuate Collection Set: 0.87ms
[3964.163s][info][gc,phases      ] GC(1017)   Other: 0.11ms
[3964.163s][info][gc,heap        ] GC(1017) Eden regions: 1117->0(1121)
[3964.163s][info][gc,heap        ] GC(1017) Survivor regions: 111->107(154)
[3964.163s][info][gc,heap        ] GC(1017) Old regions: 472->505
[3964.163s][info][gc,heap        ] GC(1017) Humongous regions: 80->80
[3964.163s][info][gc,metaspace   ] GC(1017) Metaspace: 28920K(29312K)->28920K(29312K) NonClass: 24051K(24256K)->24051K(24256K) Class: 4868K(5056K)->4868K(5056K)
[3964.163s][info][gc             ] GC(1017) Pause Young (Concurrent Start) (G1 Evacuation Pause) 3558M->1383M(4096M) 117.339ms
[3964.163s][info][gc             ] GC(1018) Concurrent Mark Cycle
[3964.163s][info][gc,marking     ] GC(1018) Concurrent Scan Root Regions
[3964.163s][info][gc,cpu         ] GC(1017) User=0.69s Sys=0.00s Real=0.12s
[3964.302s][info][gc,marking     ] GC(1018) Concurrent Scan Root Regions 139.092ms
[3964.302s][info][gc,marking     ] GC(1018) Concurrent Mark
[3964.302s][info][gc,marking     ] GC(1018) Concurrent Mark From Roots
[3964.302s][info][gc,task        ] GC(1018) Using 2 workers of 2 for marking
.[3965.047s][info][gc,marking     ] GC(1018) Concurrent Mark From Roots 745.031ms
[3965.047s][info][gc,marking     ] GC(1018) Concurrent Preclean
[3965.047s][info][gc,marking     ] GC(1018) Concurrent Preclean 0.150ms
[3965.049s][info][gc,start       ] GC(1018) Pause Remark
[3965.053s][info][gc             ] GC(1018) Pause Remark 2091M->2091M(4096M) 3.413ms
[3965.053s][info][gc,cpu         ] GC(1018) User=0.02s Sys=0.00s Real=0.01s
[3965.053s][info][gc,marking     ] GC(1018) Concurrent Mark 750.491ms
[3965.053s][info][gc,marking     ] GC(1018) Concurrent Rebuild Remembered Sets and Scrub Regions
[3965.321s][info][gc,marking     ] GC(1018) Concurrent Rebuild Remembered Sets and Scrub Regions 267.938ms
[3965.321s][info][gc,start       ] GC(1018) Pause Cleanup
[3965.321s][info][gc             ] GC(1018) Pause Cleanup 2343M->2343M(4096M) 0.120ms
[3965.321s][info][gc,cpu         ] GC(1018) User=0.00s Sys=0.00s Real=0.00s
[3965.321s][info][gc,marking     ] GC(1018) Concurrent Clear Claimed Marks
[3965.321s][info][gc,marking     ] GC(1018) Concurrent Clear Claimed Marks 0.025ms
[3965.321s][info][gc,marking     ] GC(1018) Concurrent Cleanup for Next Mark
[3965.327s][info][gc,marking     ] GC(1018) Concurrent Cleanup for Next Mark 5.660ms
[3965.327s][info][gc             ] GC(1018) Concurrent Mark Cycle 1163.771ms
..|[3966.757s][info][gc,start       ] GC(1019) Pause Young (Prepare Mixed) (G1 Evacuation Pause)
[3966.757s][info][gc,task        ] GC(1019) Using 6 workers of 6 for evacuation
[3966.881s][info][gc,phases      ] GC(1019)   Pre Evacuate Collection Set: 0.26ms
[3966.881s][info][gc,phases      ] GC(1019)   Merge Heap Roots: 0.52ms
[3966.881s][info][gc,phases      ] GC(1019)   Evacuate Collection Set: 122.04ms
[3966.881s][info][gc,phases      ] GC(1019)   Post Evacuate Collection Set: 0.94ms
[3966.881s][info][gc,phases      ] GC(1019)   Other: 0.09ms
[3966.881s][info][gc,heap        ] GC(1019) Eden regions: 1121->0(1095)
[3966.881s][info][gc,heap        ] GC(1019) Survivor regions: 107->117(154)
[3966.881s][info][gc,heap        ] GC(1019) Old regions: 505->536
[3966.881s][info][gc,heap        ] GC(1019) Humongous regions: 80->80
[3966.881s][info][gc,metaspace   ] GC(1019) Metaspace: 28920K(29312K)->28920K(29312K) NonClass: 24051K(24256K)->24051K(24256K) Class: 4868K(5056K)->4868K(5056K)
[3966.881s][info][gc             ] GC(1019) Pause Young (Prepare Mixed) (G1 Evacuation Pause) 3625M->1463M(4096M) 123.977ms
[3966.881s][info][gc,cpu         ] GC(1019) User=0.74s Sys=0.00s Real=0.12s
..[3969.284s][info][gc,start       ] GC(1020) Pause Young (Mixed) (G1 Evacuation Pause)
[3969.284s][info][gc,task        ] GC(1020) Using 6 workers of 6 for evacuation
[3969.417s][info][gc,phases      ] GC(1020)   Pre Evacuate Collection Set: 0.31ms
[3969.417s][info][gc,phases      ] GC(1020)   Merge Heap Roots: 0.66ms
[3969.417s][info][gc,phases      ] GC(1020)   Evacuate Collection Set: 130.70ms
[3969.417s][info][gc,phases      ] GC(1020)   Post Evacuate Collection Set: 0.83ms
[3969.417s][info][gc,phases      ] GC(1020)   Other: 0.09ms
[3969.417s][info][gc,heap        ] GC(1020) Eden regions: 1095->0(1119)
[3969.417s][info][gc,heap        ] GC(1020) Survivor regions: 117->109(152)
[3969.417s][info][gc,heap        ] GC(1020) Old regions: 536->474
[3969.417s][info][gc,heap        ] GC(1020) Humongous regions: 80->80
[3969.417s][info][gc,metaspace   ] GC(1020) Metaspace: 28920K(29312K)->28920K(29312K) NonClass: 24051K(24256K)->24051K(24256K) Class: 4868K(5056K)->4868K(5056K)
[3969.417s][info][gc             ] GC(1020) Pause Young (Mixed) (G1 Evacuation Pause) 3653M->1324M(4096M) 132.720ms
[3969.417s][info][gc,cpu         ] GC(1020) User=0.79s Sys=0.00s Real=0.13s
...[3971.983s][info][gc,start       ] GC(1021) Pause Young (Concurrent Start) (G1 Evacuation Pause)
[3971.983s][info][gc,task        ] GC(1021) Using 6 workers of 6 for evacuation
[3972.101s][info][gc,phases      ] GC(1021)   Pre Evacuate Collection Set: 0.36ms
[3972.101s][info][gc,phases      ] GC(1021)   Merge Heap Roots: 0.45ms
[3972.101s][info][gc,phases      ] GC(1021)   Evacuate Collection Set: 115.96ms
[3972.101s][info][gc,phases      ] GC(1021)   Post Evacuate Collection Set: 0.86ms
[3972.101s][info][gc,phases      ] GC(1021)   Other: 0.13ms
[3972.101s][info][gc,heap        ] GC(1021) Eden regions: 1119->0(1118)
[3972.101s][info][gc,heap        ] GC(1021) Survivor regions: 109->110(154)
[3972.101s][info][gc,heap        ] GC(1021) Old regions: 474->506
[3972.101s][info][gc,heap        ] GC(1021) Humongous regions: 80->80
[3972.101s][info][gc,metaspace   ] GC(1021) Metaspace: 28920K(29312K)->28920K(29312K) NonClass: 24051K(24256K)->24051K(24256K) Class: 4868K(5056K)->4868K(5056K)
[3972.101s][info][gc             ] GC(1021) Pause Young (Concurrent Start) (G1 Evacuation Pause) 3562M->1391M(4096M) 117.891ms
[3972.101s][info][gc             ] GC(1022) Concurrent Mark Cycle
[3972.101s][info][gc,marking     ] GC(1022) Concurrent Scan Root Regions
[3972.101s][info][gc,cpu         ] GC(1021) User=0.70s Sys=0.00s Real=0.11s
[3972.248s][info][gc,marking     ] GC(1022) Concurrent Scan Root Regions 147.004ms
[3972.248s][info][gc,marking     ] GC(1022) Concurrent Mark
[3972.248s][info][gc,marking     ] GC(1022) Concurrent Mark From Roots
[3972.248s][info][gc,task        ] GC(1022) Using 2 workers of 2 for marking
.[3973.017s][info][gc,marking     ] GC(1022) Concurrent Mark From Roots 768.604ms
[3973.017s][info][gc,marking     ] GC(1022) Concurrent Preclean
[3973.017s][info][gc,marking     ] GC(1022) Concurrent Preclean 0.137ms
[3973.017s][info][gc,start       ] GC(1022) Pause Remark
[3973.024s][info][gc             ] GC(1022) Pause Remark 2163M->2163M(4096M) 6.274ms
[3973.024s][info][gc,cpu         ] GC(1022) User=0.04s Sys=0.00s Real=0.01s
[3973.024s][info][gc,marking     ] GC(1022) Concurrent Mark 775.580ms
[3973.024s][info][gc,marking     ] GC(1022) Concurrent Rebuild Remembered Sets and Scrub Regions
[3973.282s][info][gc,marking     ] GC(1022) Concurrent Rebuild Remembered Sets and Scrub Regions 258.413ms
[3973.282s][info][gc,start       ] GC(1022) Pause Cleanup
[3973.282s][info][gc             ] GC(1022) Pause Cleanup 2407M->2407M(4096M) 0.117ms
[3973.282s][info][gc,cpu         ] GC(1022) User=0.00s Sys=0.00s Real=0.00s
[3973.283s][info][gc,marking     ] GC(1022) Concurrent Clear Claimed Marks
[3973.283s][info][gc,marking     ] GC(1022) Concurrent Clear Claimed Marks 0.026ms
[3973.283s][info][gc,marking     ] GC(1022) Concurrent Cleanup for Next Mark
[3973.287s][info][gc,marking     ] GC(1022) Concurrent Cleanup for Next Mark 4.566ms
[3973.287s][info][gc             ] GC(1022) Concurrent Mark Cycle 1186.112ms
..[3974.710s][info][gc,start       ] GC(1023) Pause Young (Prepare Mixed) (G1 Evacuation Pause)
[3974.710s][info][gc,task        ] GC(1023) Using 6 workers of 6 for evacuation
[3974.828s][info][gc,phases      ] GC(1023)   Pre Evacuate Collection Set: 0.31ms
[3974.828s][info][gc,phases      ] GC(1023)   Merge Heap Roots: 0.51ms
[3974.828s][info][gc,phases      ] GC(1023)   Evacuate Collection Set: 116.25ms
[3974.828s][info][gc,phases      ] GC(1023)   Post Evacuate Collection Set: 0.93ms
[3974.828s][info][gc,phases      ] GC(1023)   Other: 0.09ms
[3974.828s][info][gc,heap        ] GC(1023) Eden regions: 1118->0(1106)
[3974.828s][info][gc,heap        ] GC(1023) Survivor regions: 110->111(154)
[3974.828s][info][gc,heap        ] GC(1023) Old regions: 506->537
[3974.828s][info][gc,heap        ] GC(1023) Humongous regions: 80->80
[3974.828s][info][gc,metaspace   ] GC(1023) Metaspace: 28920K(29312K)->28920K(29312K) NonClass: 24051K(24256K)->24051K(24256K) Class: 4868K(5056K)->4868K(5056K)
[3974.828s][info][gc             ] GC(1023) Pause Young (Prepare Mixed) (G1 Evacuation Pause) 3627M->1454M(4096M) 118.253ms
[3974.828s][info][gc,cpu         ] GC(1023) User=0.71s Sys=0.00s Real=0.12s
..[3977.337s][info][gc,start       ] GC(1024) Pause Young (Mixed) (G1 Evacuation Pause)
[3977.337s][info][gc,task        ] GC(1024) Using 6 workers of 6 for evacuation
[3977.467s][info][gc,phases      ] GC(1024)   Pre Evacuate Collection Set: 0.36ms
[3977.467s][info][gc,phases      ] GC(1024)   Merge Heap Roots: 0.57ms
[3977.467s][info][gc,phases      ] GC(1024)   Evacuate Collection Set: 128.79ms
[3977.467s][info][gc,phases      ] GC(1024)   Post Evacuate Collection Set: 0.92ms
[3977.467s][info][gc,phases      ] GC(1024)   Other: 0.09ms
[3977.467s][info][gc,heap        ] GC(1024) Eden regions: 1106->0(1119)
[3977.467s][info][gc,heap        ] GC(1024) Survivor regions: 111->109(153)
[3977.467s][info][gc,heap        ] GC(1024) Old regions: 537->473
[3977.467s][info][gc,heap        ] GC(1024) Humongous regions: 80->80
[3977.467s][info][gc,metaspace   ] GC(1024) Metaspace: 28920K(29312K)->28920K(29312K) NonClass: 24051K(24256K)->24051K(24256K) Class: 4868K(5056K)->4868K(5056K)
[3977.467s][info][gc             ] GC(1024) Pause Young (Mixed) (G1 Evacuation Pause) 3666M->1321M(4096M) 130.862ms
[3977.467s][info][gc,cpu         ] GC(1024) User=0.77s Sys=0.00s Real=0.13s
...[3979.981s][info][gc,start       ] GC(1025) Pause Young (Concurrent Start) (G1 Evacuation Pause)
[3979.981s][info][gc,task        ] GC(1025) Using 6 workers of 6 for evacuation
[3980.099s][info][gc,phases      ] GC(1025)   Pre Evacuate Collection Set: 0.39ms
[3980.099s][info][gc,phases      ] GC(1025)   Merge Heap Roots: 0.45ms
[3980.099s][info][gc,phases      ] GC(1025)   Evacuate Collection Set: 116.45ms
[3980.099s][info][gc,phases      ] GC(1025)   Post Evacuate Collection Set: 0.88ms
[3980.099s][info][gc,phases      ] GC(1025)   Other: 0.13ms
[3980.099s][info][gc,heap        ] GC(1025) Eden regions: 1119->0(1116)
[3980.099s][info][gc,heap        ] GC(1025) Survivor regions: 109->112(154)
[3980.099s][info][gc,heap        ] GC(1025) Old regions: 473->505
[3980.099s][info][gc,heap        ] GC(1025) Humongous regions: 80->80
[3980.099s][info][gc,metaspace   ] GC(1025) Metaspace: 28920K(29312K)->28920K(29312K) NonClass: 24051K(24256K)->24051K(24256K) Class: 4868K(5056K)->4868K(5056K)
[3980.099s][info][gc             ] GC(1025) Pause Young (Concurrent Start) (G1 Evacuation Pause) 3559M->1392M(4096M) 118.411ms
[3980.099s][info][gc             ] GC(1026) Concurrent Mark Cycle
[3980.099s][info][gc,marking     ] GC(1026) Concurrent Scan Root Regions
[3980.099s][info][gc,cpu         ] GC(1025) User=0.70s Sys=0.00s Real=0.12s
[3980.281s][info][gc,marking     ] GC(1026) Concurrent Scan Root Regions 181.300ms
[3980.281s][info][gc,marking     ] GC(1026) Concurrent Mark
[3980.281s][info][gc,marking     ] GC(1026) Concurrent Mark From Roots
[3980.281s][info][gc,task        ] GC(1026) Using 2 workers of 2 for marking
.[3981.070s][info][gc,marking     ] GC(1026) Concurrent Mark From Roots 788.907ms
[3981.070s][info][gc,marking     ] GC(1026) Concurrent Preclean
[3981.070s][info][gc,marking     ] GC(1026) Concurrent Preclean 0.133ms
[3981.071s][info][gc,start       ] GC(1026) Pause Remark
[3981.076s][info][gc             ] GC(1026) Pause Remark 2184M->2184M(4096M) 4.913ms
[3981.076s][info][gc,cpu         ] GC(1026) User=0.03s Sys=0.00s Real=0.01s
[3981.077s][info][gc,marking     ] GC(1026) Concurrent Mark 795.876ms
[3981.077s][info][gc,marking     ] GC(1026) Concurrent Rebuild Remembered Sets and Scrub Regions
[3981.419s][info][gc,marking     ] GC(1026) Concurrent Rebuild Remembered Sets and Scrub Regions 342.106ms
[3981.419s][info][gc,start       ] GC(1026) Pause Cleanup
[3981.419s][info][gc             ] GC(1026) Pause Cleanup 2572M->2572M(4096M) 0.114ms
[3981.419s][info][gc,cpu         ] GC(1026) User=0.00s Sys=0.00s Real=0.00s
[3981.419s][info][gc,marking     ] GC(1026) Concurrent Clear Claimed Marks
[3981.419s][info][gc,marking     ] GC(1026) Concurrent Clear Claimed Marks 0.025ms
[3981.419s][info][gc,marking     ] GC(1026) Concurrent Cleanup for Next Mark
[3981.424s][info][gc,marking     ] GC(1026) Concurrent Cleanup for Next Mark 4.554ms
[3981.424s][info][gc             ] GC(1026) Concurrent Mark Cycle 1324.421ms
.[3982.636s][info][gc,start       ] GC(1027) Pause Young (Prepare Mixed) (G1 Evacuation Pause)
[3982.636s][info][gc,task        ] GC(1027) Using 6 workers of 6 for evacuation
[3982.752s][info][gc,phases      ] GC(1027)   Pre Evacuate Collection Set: 0.30ms
[3982.752s][info][gc,phases      ] GC(1027)   Merge Heap Roots: 0.51ms
[3982.752s][info][gc,phases      ] GC(1027)   Evacuate Collection Set: 114.81ms
[3982.752s][info][gc,phases      ] GC(1027)   Post Evacuate Collection Set: 0.91ms
[3982.752s][info][gc,phases      ] GC(1027)   Other: 0.09ms
[3982.752s][info][gc,heap        ] GC(1027) Eden regions: 1116->0(1110)
[3982.752s][info][gc,heap        ] GC(1027) Survivor regions: 112->109(154)
[3982.752s][info][gc,heap        ] GC(1027) Old regions: 505->537
[3982.752s][info][gc,heap        ] GC(1027) Humongous regions: 80->80
[3982.752s][info][gc,metaspace   ] GC(1027) Metaspace: 28920K(29312K)->28920K(29312K) NonClass: 24051K(24256K)->24051K(24256K) Class: 4868K(5056K)->4868K(5056K)
[3982.752s][info][gc             ] GC(1027) Pause Young (Prepare Mixed) (G1 Evacuation Pause) 3624M->1450M(4096M) 116.766ms
[3982.753s][info][gc,cpu         ] GC(1027) User=0.70s Sys=0.00s Real=0.12s
...[3985.303s][info][gc,start       ] GC(1028) Pause Young (Mixed) (G1 Evacuation Pause)
[3985.303s][info][gc,task        ] GC(1028) Using 6 workers of 6 for evacuation
[3985.436s][info][gc,phases      ] GC(1028)   Pre Evacuate Collection Set: 0.37ms
[3985.436s][info][gc,phases      ] GC(1028)   Merge Heap Roots: 0.68ms
[3985.436s][info][gc,phases      ] GC(1028)   Evacuate Collection Set: 131.60ms
[3985.436s][info][gc,phases      ] GC(1028)   Post Evacuate Collection Set: 0.91ms
[3985.436s][info][gc,phases      ] GC(1028)   Other: 0.09ms
[3985.436s][info][gc,heap        ] GC(1028) Eden regions: 1110->0(1120)
[3985.436s][info][gc,heap        ] GC(1028) Survivor regions: 109->108(153)
[3985.436s][info][gc,heap        ] GC(1028) Old regions: 537->474
[3985.436s][info][gc,heap        ] GC(1028) Humongous regions: 80->80
[3985.436s][info][gc,metaspace   ] GC(1028) Metaspace: 28920K(29312K)->28920K(29312K) NonClass: 24051K(24256K)->24051K(24256K) Class: 4868K(5056K)->4868K(5056K)
[3985.436s][info][gc             ] GC(1028) Pause Young (Mixed) (G1 Evacuation Pause) 3670M->1321M(4096M) 133.777ms
[3985.436s][info][gc,cpu         ] GC(1028) User=0.79s Sys=0.01s Real=0.13s
...[3987.973s][info][gc,start       ] GC(1029) Pause Young (Concurrent Start) (G1 Evacuation Pause)
[3987.973s][info][gc,task        ] GC(1029) Using 6 workers of 6 for evacuation
[3988.093s][info][gc,phases      ] GC(1029)   Pre Evacuate Collection Set: 0.39ms
[3988.093s][info][gc,phases      ] GC(1029)   Merge Heap Roots: 0.44ms
[3988.093s][info][gc,phases      ] GC(1029)   Evacuate Collection Set: 118.37ms
[3988.093s][info][gc,phases      ] GC(1029)   Post Evacuate Collection Set: 0.89ms
[3988.093s][info][gc,phases      ] GC(1029)   Other: 0.12ms
[3988.093s][info][gc,heap        ] GC(1029) Eden regions: 1120->0(1115)
[3988.093s][info][gc,heap        ] GC(1029) Survivor regions: 108->113(154)
[3988.093s][info][gc,heap        ] GC(1029) Old regions: 474->505
[3988.093s][info][gc,heap        ] GC(1029) Humongous regions: 80->80
[3988.093s][info][gc,metaspace   ] GC(1029) Metaspace: 28920K(29312K)->28920K(29312K) NonClass: 24051K(24256K)->24051K(24256K) Class: 4868K(5056K)->4868K(5056K)
[3988.093s][info][gc             ] GC(1029) Pause Young (Concurrent Start) (G1 Evacuation Pause) 3561M->1394M(4096M) 120.345ms
[3988.093s][info][gc             ] GC(1030) Concurrent Mark Cycle
[3988.093s][info][gc,marking     ] GC(1030) Concurrent Scan Root Regions
[3988.093s][info][gc,cpu         ] GC(1029) User=0.72s Sys=0.00s Real=0.12s
[3988.283s][info][gc,marking     ] GC(1030) Concurrent Scan Root Regions 189.649ms
[3988.283s][info][gc,marking     ] GC(1030) Concurrent Mark
[3988.283s][info][gc,marking     ] GC(1030) Concurrent Mark From Roots
[3988.283s][info][gc,task        ] GC(1030) Using 2 workers of 2 for marking
.[3989.251s][info][gc,marking     ] GC(1030) Concurrent Mark From Roots 967.859ms
[3989.251s][info][gc,marking     ] GC(1030) Concurrent Preclean
[3989.251s][info][gc,marking     ] GC(1030) Concurrent Preclean 0.137ms
[3989.252s][info][gc,start       ] GC(1030) Pause Remark
[3989.259s][info][gc             ] GC(1030) Pause Remark 2444M->2444M(4096M) 7.627ms
[3989.259s][info][gc,cpu         ] GC(1030) User=0.05s Sys=0.00s Real=0.00s
[3989.259s][info][gc,marking     ] GC(1030) Concurrent Mark 976.397ms
[3989.259s][info][gc,marking     ] GC(1030) Concurrent Rebuild Remembered Sets and Scrub Regions
[3989.515s][info][gc,marking     ] GC(1030) Concurrent Rebuild Remembered Sets and Scrub Regions 255.200ms
[3989.515s][info][gc,start       ] GC(1030) Pause Cleanup
[3989.515s][info][gc             ] GC(1030) Pause Cleanup 2657M->2657M(4096M) 0.118ms
[3989.515s][info][gc,cpu         ] GC(1030) User=0.00s Sys=0.00s Real=0.00s
[3989.515s][info][gc,marking     ] GC(1030) Concurrent Clear Claimed Marks
[3989.515s][info][gc,marking     ] GC(1030) Concurrent Clear Claimed Marks 0.029ms
[3989.515s][info][gc,marking     ] GC(1030) Concurrent Cleanup for Next Mark
[3989.519s][info][gc,marking     ] GC(1030) Concurrent Cleanup for Next Mark 3.626ms
[3989.519s][info][gc             ] GC(1030) Concurrent Mark Cycle 1425.436ms
.[3990.605s][info][gc,start       ] GC(1031) Pause Young (Prepare Mixed) (G1 Evacuation Pause)
[3990.605s][info][gc,task        ] GC(1031) Using 6 workers of 6 for evacuation
[3990.723s][info][gc,phases      ] GC(1031)   Pre Evacuate Collection Set: 0.33ms
[3990.723s][info][gc,phases      ] GC(1031)   Merge Heap Roots: 0.49ms
[3990.723s][info][gc,phases      ] GC(1031)   Evacuate Collection Set: 115.84ms
[3990.723s][info][gc,phases      ] GC(1031)   Post Evacuate Collection Set: 0.92ms
[3990.723s][info][gc,phases      ] GC(1031)   Other: 0.09ms
[3990.723s][info][gc,heap        ] GC(1031) Eden regions: 1115->0(1106)
[3990.723s][info][gc,heap        ] GC(1031) Survivor regions: 113->111(154)
[3990.723s][info][gc,heap        ] GC(1031) Old regions: 505->537
[3990.723s][info][gc,heap        ] GC(1031) Humongous regions: 80->80
[3990.723s][info][gc,metaspace   ] GC(1031) Metaspace: 28920K(29312K)->28920K(29312K) NonClass: 24051K(24256K)->24051K(24256K) Class: 4868K(5056K)->4868K(5056K)
[3990.723s][info][gc             ] GC(1031) Pause Young (Prepare Mixed) (G1 Evacuation Pause) 3624M->1454M(4096M) 117.792ms
[3990.723s][info][gc,cpu         ] GC(1031) User=0.70s Sys=0.00s Real=0.12s
...[3993.284s][info][gc,start       ] GC(1032) Pause Young (Mixed) (G1 Evacuation Pause)
[3993.284s][info][gc,task        ] GC(1032) Using 6 workers of 6 for evacuation
[3993.416s][info][gc,phases      ] GC(1032)   Pre Evacuate Collection Set: 0.38ms
[3993.416s][info][gc,phases      ] GC(1032)   Merge Heap Roots: 0.68ms
[3993.416s][info][gc,phases      ] GC(1032)   Evacuate Collection Set: 129.97ms
[3993.416s][info][gc,phases      ] GC(1032)   Post Evacuate Collection Set: 0.95ms
[3993.416s][info][gc,phases      ] GC(1032)   Other: 0.08ms
[3993.416s][info][gc,heap        ] GC(1032) Eden regions: 1106->0(1120)
[3993.416s][info][gc,heap        ] GC(1032) Survivor regions: 111->108(153)
[3993.416s][info][gc,heap        ] GC(1032) Old regions: 537->473
[3993.416s][info][gc,heap        ] GC(1032) Humongous regions: 80->80
[3993.416s][info][gc,metaspace   ] GC(1032) Metaspace: 28920K(29312K)->28920K(29312K) NonClass: 24051K(24256K)->24051K(24256K) Class: 4868K(5056K)->4868K(5056K)
[3993.416s][info][gc             ] GC(1032) Pause Young (Mixed) (G1 Evacuation Pause) 3666M->1321M(4096M) 132.207ms
[3993.416s][info][gc,cpu         ] GC(1032) User=0.79s Sys=0.00s Real=0.13s
..[3995.951s][info][gc,start       ] GC(1033) Pause Young (Concurrent Start) (G1 Evacuation Pause)
[3995.951s][info][gc,task        ] GC(1033) Using 6 workers of 6 for evacuation
[3996.069s][info][gc,phases      ] GC(1033)   Pre Evacuate Collection Set: 0.39ms
[3996.069s][info][gc,phases      ] GC(1033)   Merge Heap Roots: 0.47ms
[3996.069s][info][gc,phases      ] GC(1033)   Evacuate Collection Set: 116.58ms
[3996.069s][info][gc,phases      ] GC(1033)   Post Evacuate Collection Set: 0.88ms
[3996.069s][info][gc,phases      ] GC(1033)   Other: 0.11ms
[3996.069s][info][gc,heap        ] GC(1033) Eden regions: 1120->0(1116)
[3996.069s][info][gc,heap        ] GC(1033) Survivor regions: 108->112(154)
[3996.069s][info][gc,heap        ] GC(1033) Old regions: 473->505
[3996.069s][info][gc,heap        ] GC(1033) Humongous regions: 80->80
[3996.069s][info][gc,metaspace   ] GC(1033) Metaspace: 28920K(29312K)->28920K(29312K) NonClass: 24051K(24256K)->24051K(24256K) Class: 4868K(5056K)->4868K(5056K)
[3996.069s][info][gc             ] GC(1033) Pause Young (Concurrent Start) (G1 Evacuation Pause) 3561M->1392M(4096M) 118.554ms
[3996.069s][info][gc             ] GC(1034) Concurrent Mark Cycle
[3996.069s][info][gc,marking     ] GC(1034) Concurrent Scan Root Regions
[3996.069s][info][gc,cpu         ] GC(1033) User=0.70s Sys=0.00s Real=0.12s
.[3996.253s][info][gc,marking     ] GC(1034) Concurrent Scan Root Regions 183.628ms
[3996.253s][info][gc,marking     ] GC(1034) Concurrent Mark
[3996.253s][info][gc,marking     ] GC(1034) Concurrent Mark From Roots
[3996.253s][info][gc,task        ] GC(1034) Using 2 workers of 2 for marking
.[3997.221s][info][gc,marking     ] GC(1034) Concurrent Mark From Roots 967.949ms
[3997.221s][info][gc,marking     ] GC(1034) Concurrent Preclean
[3997.221s][info][gc,marking     ] GC(1034) Concurrent Preclean 0.142ms
[3997.223s][info][gc,start       ] GC(1034) Pause Remark
[3997.227s][info][gc             ] GC(1034) Pause Remark 2426M->2426M(4096M) 4.428ms
[3997.227s][info][gc,cpu         ] GC(1034) User=0.02s Sys=0.00s Real=0.00s
[3997.227s][info][gc,marking     ] GC(1034) Concurrent Mark 974.367ms
[3997.227s][info][gc,marking     ] GC(1034) Concurrent Rebuild Remembered Sets and Scrub Regions
[3997.556s][info][gc,marking     ] GC(1034) Concurrent Rebuild Remembered Sets and Scrub Regions 328.478ms
[3997.556s][info][gc,start       ] GC(1034) Pause Cleanup
[3997.557s][info][gc             ] GC(1034) Pause Cleanup 2730M->2730M(4096M) 0.123ms
[3997.557s][info][gc,cpu         ] GC(1034) User=0.00s Sys=0.00s Real=0.00s
[3997.557s][info][gc,marking     ] GC(1034) Concurrent Clear Claimed Marks
[3997.557s][info][gc,marking     ] GC(1034) Concurrent Clear Claimed Marks 0.038ms
[3997.557s][info][gc,marking     ] GC(1034) Concurrent Cleanup for Next Mark
[3997.569s][info][gc,marking     ] GC(1034) Concurrent Cleanup for Next Mark 11.915ms
[3997.569s][info][gc             ] GC(1034) Concurrent Mark Cycle 1500.254ms
.[3998.572s][info][gc,start       ] GC(1035) Pause Young (Prepare Mixed) (G1 Evacuation Pause)
[3998.572s][info][gc,task        ] GC(1035) Using 6 workers of 6 for evacuation
[3998.689s][info][gc,phases      ] GC(1035)   Pre Evacuate Collection Set: 0.33ms
[3998.689s][info][gc,phases      ] GC(1035)   Merge Heap Roots: 0.51ms
[3998.689s][info][gc,phases      ] GC(1035)   Evacuate Collection Set: 115.93ms
[3998.690s][info][gc,phases      ] GC(1035)   Post Evacuate Collection Set: 0.89ms
[3998.690s][info][gc,phases      ] GC(1035)   Other: 0.09ms
[3998.690s][info][gc,heap        ] GC(1035) Eden regions: 1116->0(1107)
[3998.690s][info][gc,heap        ] GC(1035) Survivor regions: 112->110(154)
[3998.690s][info][gc,heap        ] GC(1035) Old regions: 505->538
[3998.690s][info][gc,heap        ] GC(1035) Humongous regions: 80->80
[3998.690s][info][gc,metaspace   ] GC(1035) Metaspace: 28920K(29312K)->28920K(29312K) NonClass: 24051K(24256K)->24051K(24256K) Class: 4868K(5056K)->4868K(5056K)
[3998.690s][info][gc             ] GC(1035) Pause Young (Prepare Mixed) (G1 Evacuation Pause) 3624M->1453M(4096M) 117.875ms
[3998.690s][info][gc,cpu         ] GC(1035) User=0.71s Sys=0.00s Real=0.11s
...[4001.230s][info][gc,start       ] GC(1036) Pause Young (Mixed) (G1 Evacuation Pause)
[4001.230s][info][gc,task        ] GC(1036) Using 6 workers of 6 for evacuation
[4001.363s][info][gc,phases      ] GC(1036)   Pre Evacuate Collection Set: 0.36ms
[4001.363s][info][gc,phases      ] GC(1036)   Merge Heap Roots: 0.66ms
[4001.363s][info][gc,phases      ] GC(1036)   Evacuate Collection Set: 130.47ms
[4001.363s][info][gc,phases      ] GC(1036)   Post Evacuate Collection Set: 0.92ms
[4001.363s][info][gc,phases      ] GC(1036)   Other: 0.09ms
[4001.363s][info][gc,heap        ] GC(1036) Eden regions: 1107->0(1120)
[4001.363s][info][gc,heap        ] GC(1036) Survivor regions: 110->108(153)
[4001.363s][info][gc,heap        ] GC(1036) Old regions: 538->474
[4001.363s][info][gc,heap        ] GC(1036) Humongous regions: 80->80
[4001.363s][info][gc,metaspace   ] GC(1036) Metaspace: 28920K(29312K)->28920K(29312K) NonClass: 24051K(24256K)->24051K(24256K) Class: 4868K(5056K)->4868K(5056K)
[4001.363s][info][gc             ] GC(1036) Pause Young (Mixed) (G1 Evacuation Pause) 3667M->1321M(4096M) 132.620ms
[4001.363s][info][gc,cpu         ] GC(1036) User=0.79s Sys=0.00s Real=0.14s
..[4003.920s][info][gc,start       ] GC(1037) Pause Young (Concurrent Start) (G1 Evacuation Pause)
[4003.920s][info][gc,task        ] GC(1037) Using 6 workers of 6 for evacuation
[4004.038s][info][gc,phases      ] GC(1037)   Pre Evacuate Collection Set: 0.34ms
[4004.038s][info][gc,phases      ] GC(1037)   Merge Heap Roots: 0.44ms
[4004.038s][info][gc,phases      ] GC(1037)   Evacuate Collection Set: 116.40ms
[4004.038s][info][gc,phases      ] GC(1037)   Post Evacuate Collection Set: 0.88ms
[4004.038s][info][gc,phases      ] GC(1037)   Other: 0.13ms
[4004.038s][info][gc,heap        ] GC(1037) Eden regions: 1120->0(1116)
[4004.038s][info][gc,heap        ] GC(1037) Survivor regions: 108->112(154)
[4004.038s][info][gc,heap        ] GC(1037) Old regions: 474->506
[4004.038s][info][gc,heap        ] GC(1037) Humongous regions: 80->80
[4004.038s][info][gc,metaspace   ] GC(1037) Metaspace: 28920K(29312K)->28920K(29312K) NonClass: 24051K(24256K)->24051K(24256K) Class: 4868K(5056K)->4868K(5056K)
[4004.038s][info][gc             ] GC(1037) Pause Young (Concurrent Start) (G1 Evacuation Pause) 3561M->1394M(4096M) 118.321ms
[4004.038s][info][gc             ] GC(1038) Concurrent Mark Cycle
[4004.038s][info][gc,marking     ] GC(1038) Concurrent Scan Root Regions
[4004.038s][info][gc,cpu         ] GC(1037) User=0.71s Sys=0.00s Real=0.12s
.[4004.178s][info][gc,marking     ] GC(1038) Concurrent Scan Root Regions 139.933ms
[4004.178s][info][gc,marking     ] GC(1038) Concurrent Mark
[4004.178s][info][gc,marking     ] GC(1038) Concurrent Mark From Roots
[4004.178s][info][gc,task        ] GC(1038) Using 2 workers of 2 for marking
[4004.897s][info][gc,marking     ] GC(1038) Concurrent Mark From Roots 718.617ms
[4004.897s][info][gc,marking     ] GC(1038) Concurrent Preclean
[4004.897s][info][gc,marking     ] GC(1038) Concurrent Preclean 0.136ms
[4004.897s][info][gc,start       ] GC(1038) Pause Remark
[4004.901s][info][gc             ] GC(1038) Pause Remark 2112M->2112M(4096M) 3.980ms
[4004.901s][info][gc,cpu         ] GC(1038) User=0.02s Sys=0.00s Real=0.00s
[4004.902s][info][gc,marking     ] GC(1038) Concurrent Mark 724.191ms
[4004.902s][info][gc,marking     ] GC(1038) Concurrent Rebuild Remembered Sets and Scrub Regions
.[4005.214s][info][gc,marking     ] GC(1038) Concurrent Rebuild Remembered Sets and Scrub Regions 311.507ms
[4005.215s][info][gc,start       ] GC(1038) Pause Cleanup
[4005.215s][info][gc             ] GC(1038) Pause Cleanup 2394M->2394M(4096M) 0.123ms
[4005.215s][info][gc,cpu         ] GC(1038) User=0.00s Sys=0.00s Real=0.00s
[4005.216s][info][gc,marking     ] GC(1038) Concurrent Clear Claimed Marks
[4005.216s][info][gc,marking     ] GC(1038) Concurrent Clear Claimed Marks 0.031ms
[4005.216s][info][gc,marking     ] GC(1038) Concurrent Cleanup for Next Mark
[4005.220s][info][gc,marking     ] GC(1038) Concurrent Cleanup for Next Mark 4.043ms
[4005.220s][info][gc             ] GC(1038) Concurrent Mark Cycle 1182.010ms
.[4006.539s][info][gc,start       ] GC(1039) Pause Young (Prepare Mixed) (G1 Evacuation Pause)
[4006.539s][info][gc,task        ] GC(1039) Using 6 workers of 6 for evacuation
[4006.658s][info][gc,phases      ] GC(1039)   Pre Evacuate Collection Set: 0.36ms
[4006.658s][info][gc,phases      ] GC(1039)   Merge Heap Roots: 0.51ms
[4006.658s][info][gc,phases      ] GC(1039)   Evacuate Collection Set: 117.27ms
[4006.658s][info][gc,phases      ] GC(1039)   Post Evacuate Collection Set: 0.93ms
[4006.658s][info][gc,phases      ] GC(1039)   Other: 0.08ms
[4006.658s][info][gc,heap        ] GC(1039) Eden regions: 1116->0(1105)
[4006.658s][info][gc,heap        ] GC(1039) Survivor regions: 112->111(154)
[4006.658s][info][gc,heap        ] GC(1039) Old regions: 506->538
[4006.658s][info][gc,heap        ] GC(1039) Humongous regions: 80->80
[4006.658s][info][gc,metaspace   ] GC(1039) Metaspace: 28920K(29312K)->28920K(29312K) NonClass: 24051K(24256K)->24051K(24256K) Class: 4868K(5056K)->4868K(5056K)
[4006.658s][info][gc             ] GC(1039) Pause Young (Prepare Mixed) (G1 Evacuation Pause) 3626M->1455M(4096M) 119.273ms
[4006.658s][info][gc,cpu         ] GC(1039) User=0.71s Sys=0.00s Real=0.12s
...[4009.189s][info][gc,start       ] GC(1040) Pause Young (Mixed) (G1 Evacuation Pause)
[4009.189s][info][gc,task        ] GC(1040) Using 6 workers of 6 for evacuation
[4009.325s][info][gc,phases      ] GC(1040)   Pre Evacuate Collection Set: 0.34ms
[4009.325s][info][gc,phases      ] GC(1040)   Merge Heap Roots: 0.73ms
[4009.325s][info][gc,phases      ] GC(1040)   Evacuate Collection Set: 134.20ms
[4009.325s][info][gc,phases      ] GC(1040)   Post Evacuate Collection Set: 0.92ms
[4009.325s][info][gc,phases      ] GC(1040)   Other: 0.09ms
[4009.325s][info][gc,heap        ] GC(1040) Eden regions: 1105->0(1119)
[4009.325s][info][gc,heap        ] GC(1040) Survivor regions: 111->109(152)
[4009.325s][info][gc,heap        ] GC(1040) Old regions: 538->474
[4009.325s][info][gc,heap        ] GC(1040) Humongous regions: 80->80
[4009.325s][info][gc,metaspace   ] GC(1040) Metaspace: 28920K(29312K)->28920K(29312K) NonClass: 24051K(24256K)->24051K(24256K) Class: 4868K(5056K)->4868K(5056K)
[4009.325s][info][gc             ] GC(1040) Pause Young (Mixed) (G1 Evacuation Pause) 3665M->1324M(4096M) 136.408ms
[4009.325s][info][gc,cpu         ] GC(1040) User=0.81s Sys=0.00s Real=0.14s
..[4011.830s][info][gc,start       ] GC(1041) Pause Young (Concurrent Start) (G1 Evacuation Pause)
[4011.830s][info][gc,task        ] GC(1041) Using 6 workers of 6 for evacuation
[4011.949s][info][gc,phases      ] GC(1041)   Pre Evacuate Collection Set: 0.32ms
[4011.949s][info][gc,phases      ] GC(1041)   Merge Heap Roots: 0.47ms
[4011.949s][info][gc,phases      ] GC(1041)   Evacuate Collection Set: 116.98ms
[4011.949s][info][gc,phases      ] GC(1041)   Post Evacuate Collection Set: 0.86ms
[4011.949s][info][gc,phases      ] GC(1041)   Other: 0.10ms
[4011.949s][info][gc,heap        ] GC(1041) Eden regions: 1119->0(1116)
[4011.949s][info][gc,heap        ] GC(1041) Survivor regions: 109->112(154)
[4011.949s][info][gc,heap        ] GC(1041) Old regions: 474->505
[4011.949s][info][gc,heap        ] GC(1041) Humongous regions: 80->80
[4011.949s][info][gc,metaspace   ] GC(1041) Metaspace: 28920K(29312K)->28920K(29312K) NonClass: 24051K(24256K)->24051K(24256K) Class: 4868K(5056K)->4868K(5056K)
[4011.949s][info][gc             ] GC(1041) Pause Young (Concurrent Start) (G1 Evacuation Pause) 3562M->1391M(4096M) 118.863ms
[4011.949s][info][gc             ] GC(1042) Concurrent Mark Cycle
[4011.949s][info][gc,marking     ] GC(1042) Concurrent Scan Root Regions
[4011.949s][info][gc,cpu         ] GC(1041) User=0.71s Sys=0.00s Real=0.12s
[4012.180s][info][gc,marking     ] GC(1042) Concurrent Scan Root Regions 231.670ms
[4012.180s][info][gc,marking     ] GC(1042) Concurrent Mark
[4012.180s][info][gc,marking     ] GC(1042) Concurrent Mark From Roots
[4012.180s][info][gc,task        ] GC(1042) Using 2 workers of 2 for marking
.[4013.221s][info][gc,marking     ] GC(1042) Concurrent Mark From Roots 1040.329ms
[4013.221s][info][gc,marking     ] GC(1042) Concurrent Preclean
[4013.221s][info][gc,marking     ] GC(1042) Concurrent Preclean 0.111ms
[4013.221s][info][gc,start       ] GC(1042) Pause Remark
[4013.228s][info][gc             ] GC(1042) Pause Remark 2535M->2535M(4096M) 6.639ms
[4013.228s][info][gc,cpu         ] GC(1042) User=0.04s Sys=0.00s Real=0.01s
[4013.228s][info][gc,marking     ] GC(1042) Concurrent Mark 1047.583ms
[4013.228s][info][gc,marking     ] GC(1042) Concurrent Rebuild Remembered Sets and Scrub Regions
.[4013.521s][info][gc,marking     ] GC(1042) Concurrent Rebuild Remembered Sets and Scrub Regions 292.620ms
[4013.521s][info][gc,start       ] GC(1042) Pause Cleanup
[4013.521s][info][gc             ] GC(1042) Pause Cleanup 2813M->2813M(4096M) 0.109ms
[4013.521s][info][gc,cpu         ] GC(1042) User=0.00s Sys=0.00s Real=0.00s
[4013.521s][info][gc,marking     ] GC(1042) Concurrent Clear Claimed Marks
[4013.521s][info][gc,marking     ] GC(1042) Concurrent Clear Claimed Marks 0.021ms
[4013.521s][info][gc,marking     ] GC(1042) Concurrent Cleanup for Next Mark
[4013.524s][info][gc,marking     ] GC(1042) Concurrent Cleanup for Next Mark 3.327ms
[4013.524s][info][gc             ] GC(1042) Concurrent Mark Cycle 1575.595ms
.[4014.529s][info][gc,start       ] GC(1043) Pause Young (Prepare Mixed) (G1 Evacuation Pause)
[4014.529s][info][gc,task        ] GC(1043) Using 6 workers of 6 for evacuation
[4014.645s][info][gc,phases      ] GC(1043)   Pre Evacuate Collection Set: 0.31ms
[4014.645s][info][gc,phases      ] GC(1043)   Merge Heap Roots: 0.51ms
[4014.645s][info][gc,phases      ] GC(1043)   Evacuate Collection Set: 114.40ms
[4014.645s][info][gc,phases      ] GC(1043)   Post Evacuate Collection Set: 0.91ms
[4014.645s][info][gc,phases      ] GC(1043)   Other: 0.09ms
[4014.645s][info][gc,heap        ] GC(1043) Eden regions: 1116->0(1111)
[4014.645s][info][gc,heap        ] GC(1043) Survivor regions: 112->109(154)
[4014.645s][info][gc,heap        ] GC(1043) Old regions: 505->536
[4014.645s][info][gc,heap        ] GC(1043) Humongous regions: 80->80
[4014.645s][info][gc,metaspace   ] GC(1043) Metaspace: 28920K(29312K)->28920K(29312K) NonClass: 24051K(24256K)->24051K(24256K) Class: 4868K(5056K)->4868K(5056K)
[4014.646s][info][gc             ] GC(1043) Pause Young (Prepare Mixed) (G1 Evacuation Pause) 3623M->1449M(4096M) 116.345ms
[4014.646s][info][gc,cpu         ] GC(1043) User=0.69s Sys=0.00s Real=0.12s
..[4017.106s][info][gc,start       ] GC(1044) Pause Young (Mixed) (G1 Evacuation Pause)
[4017.106s][info][gc,task        ] GC(1044) Using 6 workers of 6 for evacuation
[4017.240s][info][gc,phases      ] GC(1044)   Pre Evacuate Collection Set: 0.36ms
[4017.240s][info][gc,phases      ] GC(1044)   Merge Heap Roots: 0.65ms
[4017.240s][info][gc,phases      ] GC(1044)   Evacuate Collection Set: 131.99ms
[4017.240s][info][gc,phases      ] GC(1044)   Post Evacuate Collection Set: 0.95ms
[4017.240s][info][gc,phases      ] GC(1044)   Other: 0.09ms
[4017.240s][info][gc,heap        ] GC(1044) Eden regions: 1111->0(1119)
[4017.240s][info][gc,heap        ] GC(1044) Survivor regions: 109->109(153)
[4017.240s][info][gc,heap        ] GC(1044) Old regions: 536->473
[4017.240s][info][gc,heap        ] GC(1044) Humongous regions: 80->80
[4017.240s][info][gc,metaspace   ] GC(1044) Metaspace: 28920K(29312K)->28920K(29312K) NonClass: 24051K(24256K)->24051K(24256K) Class: 4868K(5056K)->4868K(5056K)
[4017.240s][info][gc             ] GC(1044) Pause Young (Mixed) (G1 Evacuation Pause) 3671M->1322M(4096M) 134.197ms
[4017.240s][info][gc,cpu         ] GC(1044) User=0.80s Sys=0.00s Real=0.13s
...[4019.821s][info][gc,start       ] GC(1045) Pause Young (Concurrent Start) (G1 Evacuation Pause)
[4019.821s][info][gc,task        ] GC(1045) Using 6 workers of 6 for evacuation
[4019.941s][info][gc,phases      ] GC(1045)   Pre Evacuate Collection Set: 0.38ms
[4019.941s][info][gc,phases      ] GC(1045)   Merge Heap Roots: 0.47ms
[4019.941s][info][gc,phases      ] GC(1045)   Evacuate Collection Set: 118.09ms
[4019.941s][info][gc,phases      ] GC(1045)   Post Evacuate Collection Set: 0.87ms
[4019.941s][info][gc,phases      ] GC(1045)   Other: 0.12ms
[4019.941s][info][gc,heap        ] GC(1045) Eden regions: 1119->0(1116)
[4019.941s][info][gc,heap        ] GC(1045) Survivor regions: 109->112(154)
[4019.941s][info][gc,heap        ] GC(1045) Old regions: 473->505
[4019.941s][info][gc,heap        ] GC(1045) Humongous regions: 80->80
[4019.941s][info][gc,metaspace   ] GC(1045) Metaspace: 28920K(29312K)->28920K(29312K) NonClass: 24051K(24256K)->24051K(24256K) Class: 4868K(5056K)->4868K(5056K)
[4019.941s][info][gc             ] GC(1045) Pause Young (Concurrent Start) (G1 Evacuation Pause) 3560M->1392M(4096M) 120.073ms
[4019.941s][info][gc             ] GC(1046) Concurrent Mark Cycle
[4019.941s][info][gc,marking     ] GC(1046) Concurrent Scan Root Regions
[4019.941s][info][gc,cpu         ] GC(1045) User=0.72s Sys=0.00s Real=0.12s
[4020.088s][info][gc,marking     ] GC(1046) Concurrent Scan Root Regions 147.053ms
[4020.088s][info][gc,marking     ] GC(1046) Concurrent Mark
[4020.088s][info][gc,marking     ] GC(1046) Concurrent Mark From Roots
[4020.088s][info][gc,task        ] GC(1046) Using 2 workers of 2 for marking
.[4020.837s][info][gc,marking     ] GC(1046) Concurrent Mark From Roots 748.586ms
[4020.837s][info][gc,marking     ] GC(1046) Concurrent Preclean
[4020.837s][info][gc,marking     ] GC(1046) Concurrent Preclean 0.096ms
[4020.839s][info][gc,start       ] GC(1046) Pause Remark
[4020.845s][info][gc             ] GC(1046) Pause Remark 2211M->2211M(4096M) 5.472ms
[4020.845s][info][gc,cpu         ] GC(1046) User=0.03s Sys=0.00s Real=0.01s
[4020.846s][info][gc,marking     ] GC(1046) Concurrent Mark 757.557ms
[4020.846s][info][gc,marking     ] GC(1046) Concurrent Rebuild Remembered Sets and Scrub Regions
[4021.173s][info][gc,marking     ] GC(1046) Concurrent Rebuild Remembered Sets and Scrub Regions 327.265ms
[4021.173s][info][gc,start       ] GC(1046) Pause Cleanup
[4021.174s][info][gc             ] GC(1046) Pause Cleanup 2486M->2486M(4096M) 0.123ms
[4021.174s][info][gc,cpu         ] GC(1046) User=0.00s Sys=0.00s Real=0.00s
[4021.174s][info][gc,marking     ] GC(1046) Concurrent Clear Claimed Marks
[4021.174s][info][gc,marking     ] GC(1046) Concurrent Clear Claimed Marks 0.034ms
[4021.174s][info][gc,marking     ] GC(1046) Concurrent Cleanup for Next Mark
[4021.180s][info][gc,marking     ] GC(1046) Concurrent Cleanup for Next Mark 6.535ms
[4021.180s][info][gc             ] GC(1046) Concurrent Mark Cycle 1239.493ms
..[4022.417s][info][gc,start       ] GC(1047) Pause Young (Prepare Mixed) (G1 Evacuation Pause)
[4022.417s][info][gc,task        ] GC(1047) Using 6 workers of 6 for evacuation
[4022.533s][info][gc,phases      ] GC(1047)   Pre Evacuate Collection Set: 0.33ms
[4022.533s][info][gc,phases      ] GC(1047)   Merge Heap Roots: 0.49ms
[4022.533s][info][gc,phases      ] GC(1047)   Evacuate Collection Set: 114.03ms
[4022.533s][info][gc,phases      ] GC(1047)   Post Evacuate Collection Set: 0.89ms
[4022.533s][info][gc,phases      ] GC(1047)   Other: 0.09ms
[4022.533s][info][gc,heap        ] GC(1047) Eden regions: 1116->0(1112)
[4022.533s][info][gc,heap        ] GC(1047) Survivor regions: 112->108(154)
[4022.533s][info][gc,heap        ] GC(1047) Old regions: 505->537
[4022.533s][info][gc,heap        ] GC(1047) Humongous regions: 80->80
[4022.533s][info][gc,metaspace   ] GC(1047) Metaspace: 28920K(29312K)->28920K(29312K) NonClass: 24051K(24256K)->24051K(24256K) Class: 4868K(5056K)->4868K(5056K)
[4022.533s][info][gc             ] GC(1047) Pause Young (Prepare Mixed) (G1 Evacuation Pause) 3624M->1448M(4096M) 115.955ms
[4022.533s][info][gc,cpu         ] GC(1047) User=0.69s Sys=0.00s Real=0.12s
..[4025.056s][info][gc,start       ] GC(1048) Pause Young (Mixed) (G1 Evacuation Pause)
[4025.056s][info][gc,task        ] GC(1048) Using 6 workers of 6 for evacuation
[4025.194s][info][gc,phases      ] GC(1048)   Pre Evacuate Collection Set: 0.34ms
[4025.194s][info][gc,phases      ] GC(1048)   Merge Heap Roots: 0.68ms
[4025.194s][info][gc,phases      ] GC(1048)   Evacuate Collection Set: 135.59ms
[4025.194s][info][gc,phases      ] GC(1048)   Post Evacuate Collection Set: 0.93ms
[4025.194s][info][gc,phases      ] GC(1048)   Other: 0.09ms
[4025.194s][info][gc,heap        ] GC(1048) Eden regions: 1112->0(1117)
[4025.194s][info][gc,heap        ] GC(1048) Survivor regions: 108->111(153)
[4025.194s][info][gc,heap        ] GC(1048) Old regions: 537->475
[4025.194s][info][gc,heap        ] GC(1048) Humongous regions: 80->80
[4025.194s][info][gc,metaspace   ] GC(1048) Metaspace: 28920K(29312K)->28920K(29312K) NonClass: 24051K(24256K)->24051K(24256K) Class: 4868K(5056K)->4868K(5056K)
[4025.194s][info][gc             ] GC(1048) Pause Young (Mixed) (G1 Evacuation Pause) 3672M->1330M(4096M) 137.756ms
[4025.194s][info][gc,cpu         ] GC(1048) User=0.82s Sys=0.00s Real=0.14s
... (rIR:aIR:PR = 7057:7064:7064) (tPR = 104875) [OK] 
  4027s: Performance info:
         Transaction,    Success,    Partial,     Failed,   Receipts, AvgBarcode, 
             Overall,     429751,          0,          0,     408252,      59.47, 
         Response times:
             Request,    Success,    Partial,     Failed,   SkipFail,     Probes,    Samples,      min,      p50,      p90,      p95,      p99,      max, 
       TotalPurchase,     408246,          0,          0,          0,     358788,     483301,      300,     6000,    69000,   106000,   176000,   459000,
     InStorePurchase,     214920,          0,          0,          0,     188974,     253585,      300,     6000,    69000,   106000,   176000,   355000,
      OnlinePurchase,     150355,          0,          0,          0,     132189,     178647,      300,     6200,    70000,   108000,   178000,   459000,
        InstPurchase,      42971,          0,          0,          0,      37625,      51069,      400,     5200,    65000,    99000,   171000,   362000,
          AssocOfCat,        430,          0,          0,          0,        334,        562,    24000,    39000,   117000,   166850,   247960,   271000,
      AssocOfProduct,       4292,          0,          0,          0,       4003,       5555,      300,     6200,    64000,   104000,   176000,   314000,
      BusinessReport,       1075,          0,          0,          0,        911,       1373,    27000,    48000,   148000,   187000,   251780,   347000,
          CustBuyBeh,       4289,          0,          0,          0,       4015,       5595,      200,     5700,    61000,   103000,   179080,   314000,
       ProductReturn,      11421,          0,          0,          0,       9595,      13283,      200,     6600,    70600,   109000,   188000,   314000,

  4027s: (52%)   IR =   7195 [4027.793s][info][gc,start       ] GC(1049) Pause Young (Concurrent Start) (G1 Evacuation Pause)
[4027.793s][info][gc,task        ] GC(1049) Using 6 workers of 6 for evacuation
[4027.914s][info][gc,phases      ] GC(1049)   Pre Evacuate Collection Set: 0.34ms
[4027.914s][info][gc,phases      ] GC(1049)   Merge Heap Roots: 0.46ms
[4027.914s][info][gc,phases      ] GC(1049)   Evacuate Collection Set: 119.63ms
[4027.914s][info][gc,phases      ] GC(1049)   Post Evacuate Collection Set: 0.92ms
[4027.914s][info][gc,phases      ] GC(1049)   Other: 0.10ms
[4027.914s][info][gc,heap        ] GC(1049) Eden regions: 1117->0(1114)
[4027.914s][info][gc,heap        ] GC(1049) Survivor regions: 111->114(154)
[4027.914s][info][gc,heap        ] GC(1049) Old regions: 475->507
[4027.914s][info][gc,heap        ] GC(1049) Humongous regions: 80->80
[4027.914s][info][gc,metaspace   ] GC(1049) Metaspace: 28920K(29312K)->28920K(29312K) NonClass: 24051K(24256K)->24051K(24256K) Class: 4868K(5056K)->4868K(5056K)
[4027.914s][info][gc             ] GC(1049) Pause Young (Concurrent Start) (G1 Evacuation Pause) 3564M->1400M(4096M) 121.583ms
[4027.914s][info][gc             ] GC(1050) Concurrent Mark Cycle
[4027.914s][info][gc,marking     ] GC(1050) Concurrent Scan Root Regions
[4027.914s][info][gc,cpu         ] GC(1049) User=0.73s Sys=0.00s Real=0.12s
[4028.075s][info][gc,marking     ] GC(1050) Concurrent Scan Root Regions 160.377ms
[4028.075s][info][gc,marking     ] GC(1050) Concurrent Mark
[4028.075s][info][gc,marking     ] GC(1050) Concurrent Mark From Roots
[4028.075s][info][gc,task        ] GC(1050) Using 2 workers of 2 for marking
.[4028.797s][info][gc,marking     ] GC(1050) Concurrent Mark From Roots 721.923ms
[4028.797s][info][gc,marking     ] GC(1050) Concurrent Preclean
[4028.797s][info][gc,marking     ] GC(1050) Concurrent Preclean 0.092ms
[4028.800s][info][gc,start       ] GC(1050) Pause Remark
[4028.803s][info][gc             ] GC(1050) Pause Remark 2162M->2162M(4096M) 3.377ms
[4028.803s][info][gc,cpu         ] GC(1050) User=0.02s Sys=0.00s Real=0.01s
[4028.803s][info][gc,marking     ] GC(1050) Concurrent Mark 728.045ms
[4028.803s][info][gc,marking     ] GC(1050) Concurrent Rebuild Remembered Sets and Scrub Regions
[4029.115s][info][gc,marking     ] GC(1050) Concurrent Rebuild Remembered Sets and Scrub Regions 312.211ms
[4029.115s][info][gc,start       ] GC(1050) Pause Cleanup
[4029.116s][info][gc             ] GC(1050) Pause Cleanup 2424M->2424M(4096M) 0.124ms
[4029.116s][info][gc,cpu         ] GC(1050) User=0.00s Sys=0.00s Real=0.00s
[4029.116s][info][gc,marking     ] GC(1050) Concurrent Clear Claimed Marks
[4029.116s][info][gc,marking     ] GC(1050) Concurrent Clear Claimed Marks 0.023ms
[4029.116s][info][gc,marking     ] GC(1050) Concurrent Cleanup for Next Mark
[4029.126s][info][gc,marking     ] GC(1050) Concurrent Cleanup for Next Mark 9.901ms
[4029.126s][info][gc             ] GC(1050) Concurrent Mark Cycle 1211.177ms
.[4030.406s][info][gc,start       ] GC(1051) Pause Young (Prepare Mixed) (G1 Evacuation Pause)
[4030.406s][info][gc,task        ] GC(1051) Using 6 workers of 6 for evacuation
[4030.524s][info][gc,phases      ] GC(1051)   Pre Evacuate Collection Set: 0.33ms
[4030.524s][info][gc,phases      ] GC(1051)   Merge Heap Roots: 0.53ms
[4030.524s][info][gc,phases      ] GC(1051)   Evacuate Collection Set: 116.14ms
[4030.524s][info][gc,phases      ] GC(1051)   Post Evacuate Collection Set: 0.90ms
[4030.524s][info][gc,phases      ] GC(1051)   Other: 0.09ms
[4030.524s][info][gc,heap        ] GC(1051) Eden regions: 1114->0(1106)
[4030.524s][info][gc,heap        ] GC(1051) Survivor regions: 114->110(154)
[4030.524s][info][gc,heap        ] GC(1051) Old regions: 507->539
[4030.524s][info][gc,heap        ] GC(1051) Humongous regions: 80->80
[4030.524s][info][gc,metaspace   ] GC(1051) Metaspace: 28920K(29312K)->28920K(29312K) NonClass: 24051K(24256K)->24051K(24256K) Class: 4868K(5056K)->4868K(5056K)
[4030.524s][info][gc             ] GC(1051) Pause Young (Prepare Mixed) (G1 Evacuation Pause) 3628M->1456M(4096M) 118.141ms
[4030.524s][info][gc,cpu         ] GC(1051) User=0.70s Sys=0.00s Real=0.12s
...[4032.947s][info][gc,start       ] GC(1052) Pause Young (Mixed) (G1 Evacuation Pause)
[4032.947s][info][gc,task        ] GC(1052) Using 6 workers of 6 for evacuation
[4033.083s][info][gc,phases      ] GC(1052)   Pre Evacuate Collection Set: 0.36ms
[4033.083s][info][gc,phases      ] GC(1052)   Merge Heap Roots: 0.66ms
[4033.083s][info][gc,phases      ] GC(1052)   Evacuate Collection Set: 133.94ms
[4033.083s][info][gc,phases      ] GC(1052)   Post Evacuate Collection Set: 0.93ms
[4033.083s][info][gc,phases      ] GC(1052)   Other: 0.09ms
[4033.083s][info][gc,heap        ] GC(1052) Eden regions: 1106->0(1115)
[4033.083s][info][gc,heap        ] GC(1052) Survivor regions: 110->113(152)
[4033.083s][info][gc,heap        ] GC(1052) Old regions: 539->474
[4033.083s][info][gc,heap        ] GC(1052) Humongous regions: 80->80
[4033.083s][info][gc,metaspace   ] GC(1052) Metaspace: 28920K(29312K)->28920K(29312K) NonClass: 24051K(24256K)->24051K(24256K) Class: 4868K(5056K)->4868K(5056K)
[4033.083s][info][gc             ] GC(1052) Pause Young (Mixed) (G1 Evacuation Pause) 3668M->1331M(4096M) 136.109ms
[4033.083s][info][gc,cpu         ] GC(1052) User=0.81s Sys=0.00s Real=0.14s
..[4035.562s][info][gc,start       ] GC(1053) Pause Young (Concurrent Start) (G1 Evacuation Pause)
[4035.562s][info][gc,task        ] GC(1053) Using 6 workers of 6 for evacuation
[4035.678s][info][gc,phases      ] GC(1053)   Pre Evacuate Collection Set: 0.39ms
[4035.678s][info][gc,phases      ] GC(1053)   Merge Heap Roots: 0.46ms
[4035.678s][info][gc,phases      ] GC(1053)   Evacuate Collection Set: 114.54ms
[4035.678s][info][gc,phases      ] GC(1053)   Post Evacuate Collection Set: 0.87ms
[4035.678s][info][gc,phases      ] GC(1053)   Other: 0.11ms
[4035.678s][info][gc,heap        ] GC(1053) Eden regions: 1115->0(1119)
[4035.678s][info][gc,heap        ] GC(1053) Survivor regions: 113->109(154)
[4035.678s][info][gc,heap        ] GC(1053) Old regions: 474->506
[4035.678s][info][gc,heap        ] GC(1053) Humongous regions: 80->80
[4035.678s][info][gc,metaspace   ] GC(1053) Metaspace: 28920K(29312K)->28920K(29312K) NonClass: 24051K(24256K)->24051K(24256K) Class: 4868K(5056K)->4868K(5056K)
[4035.678s][info][gc             ] GC(1053) Pause Young (Concurrent Start) (G1 Evacuation Pause) 3561M->1388M(4096M) 116.486ms
[4035.678s][info][gc             ] GC(1054) Concurrent Mark Cycle
[4035.678s][info][gc,marking     ] GC(1054) Concurrent Scan Root Regions
[4035.678s][info][gc,cpu         ] GC(1053) User=0.69s Sys=0.00s Real=0.11s
.[4035.818s][info][gc,marking     ] GC(1054) Concurrent Scan Root Regions 139.850ms
[4035.818s][info][gc,marking     ] GC(1054) Concurrent Mark
[4035.818s][info][gc,marking     ] GC(1054) Concurrent Mark From Roots
[4035.818s][info][gc,task        ] GC(1054) Using 2 workers of 2 for marking
[4036.536s][info][gc,marking     ] GC(1054) Concurrent Mark From Roots 717.388ms
[4036.536s][info][gc,marking     ] GC(1054) Concurrent Preclean
[4036.536s][info][gc,marking     ] GC(1054) Concurrent Preclean 0.081ms
[4036.536s][info][gc,start       ] GC(1054) Pause Remark
[4036.539s][info][gc             ] GC(1054) Pause Remark 2125M->2125M(4096M) 3.702ms
[4036.540s][info][gc,cpu         ] GC(1054) User=0.02s Sys=0.00s Real=0.00s
[4036.540s][info][gc,marking     ] GC(1054) Concurrent Mark 721.414ms
[4036.540s][info][gc,marking     ] GC(1054) Concurrent Rebuild Remembered Sets and Scrub Regions
[4036.803s][info][gc,marking     ] GC(1054) Concurrent Rebuild Remembered Sets and Scrub Regions 263.788ms
[4036.804s][info][gc,start       ] GC(1054) Pause Cleanup
[4036.804s][info][gc             ] GC(1054) Pause Cleanup 2393M->2393M(4096M) 0.124ms
[4036.804s][info][gc,cpu         ] GC(1054) User=0.00s Sys=0.00s Real=0.00s
[4036.804s][info][gc,marking     ] GC(1054) Concurrent Clear Claimed Marks
[4036.804s][info][gc,marking     ] GC(1054) Concurrent Clear Claimed Marks 0.021ms
[4036.804s][info][gc,marking     ] GC(1054) Concurrent Cleanup for Next Mark
[4036.810s][info][gc,marking     ] GC(1054) Concurrent Cleanup for Next Mark 6.640ms
[4036.810s][info][gc             ] GC(1054) Concurrent Mark Cycle 1132.178ms
..[4038.129s][info][gc,start       ] GC(1055) Pause Young (Prepare Mixed) (G1 Evacuation Pause)
[4038.129s][info][gc,task        ] GC(1055) Using 6 workers of 6 for evacuation
[4038.246s][info][gc,phases      ] GC(1055)   Pre Evacuate Collection Set: 0.36ms
[4038.246s][info][gc,phases      ] GC(1055)   Merge Heap Roots: 0.52ms
[4038.246s][info][gc,phases      ] GC(1055)   Evacuate Collection Set: 115.17ms
[4038.246s][info][gc,phases      ] GC(1055)   Post Evacuate Collection Set: 0.93ms
[4038.246s][info][gc,phases      ] GC(1055)   Other: 0.09ms
[4038.246s][info][gc,heap        ] GC(1055) Eden regions: 1119->0(1109)
[4038.246s][info][gc,heap        ] GC(1055) Survivor regions: 109->109(154)
[4038.246s][info][gc,heap        ] GC(1055) Old regions: 506->538
[4038.246s][info][gc,heap        ] GC(1055) Humongous regions: 80->80
[4038.246s][info][gc,metaspace   ] GC(1055) Metaspace: 28920K(29312K)->28920K(29312K) NonClass: 24051K(24256K)->24051K(24256K) Class: 4868K(5056K)->4868K(5056K)
[4038.246s][info][gc             ] GC(1055) Pause Young (Prepare Mixed) (G1 Evacuation Pause) 3626M->1452M(4096M) 117.197ms
[4038.246s][info][gc,cpu         ] GC(1055) User=0.70s Sys=0.00s Real=0.12s
..[4040.746s][info][gc,start       ] GC(1056) Pause Young (Mixed) (G1 Evacuation Pause)
[4040.746s][info][gc,task        ] GC(1056) Using 6 workers of 6 for evacuation
[4040.880s][info][gc,phases      ] GC(1056)   Pre Evacuate Collection Set: 0.38ms
[4040.880s][info][gc,phases      ] GC(1056)   Merge Heap Roots: 0.77ms
[4040.880s][info][gc,phases      ] GC(1056)   Evacuate Collection Set: 131.69ms
[4040.880s][info][gc,phases      ] GC(1056)   Post Evacuate Collection Set: 0.94ms
[4040.880s][info][gc,phases      ] GC(1056)   Other: 0.10ms
[4040.880s][info][gc,heap        ] GC(1056) Eden regions: 1109->0(1119)
[4040.880s][info][gc,heap        ] GC(1056) Survivor regions: 109->109(153)
[4040.880s][info][gc,heap        ] GC(1056) Old regions: 538->474
[4040.880s][info][gc,heap        ] GC(1056) Humongous regions: 80->80
[4040.880s][info][gc,metaspace   ] GC(1056) Metaspace: 28920K(29312K)->28920K(29312K) NonClass: 24051K(24256K)->24051K(24256K) Class: 4868K(5056K)->4868K(5056K)
[4040.880s][info][gc             ] GC(1056) Pause Young (Mixed) (G1 Evacuation Pause) 3670M->1324M(4096M) 134.024ms
[4040.880s][info][gc,cpu         ] GC(1056) User=0.79s Sys=0.00s Real=0.13s
...[4043.355s][info][gc,start       ] GC(1057) Pause Young (Concurrent Start) (G1 Evacuation Pause)
[4043.355s][info][gc,task        ] GC(1057) Using 6 workers of 6 for evacuation
[4043.470s][info][gc,phases      ] GC(1057)   Pre Evacuate Collection Set: 0.38ms
[4043.470s][info][gc,phases      ] GC(1057)   Merge Heap Roots: 0.49ms
[4043.470s][info][gc,phases      ] GC(1057)   Evacuate Collection Set: 113.35ms
[4043.470s][info][gc,phases      ] GC(1057)   Post Evacuate Collection Set: 0.86ms
[4043.470s][info][gc,phases      ] GC(1057)   Other: 0.11ms
[4043.470s][info][gc,heap        ] GC(1057) Eden regions: 1119->0(1119)
[4043.470s][info][gc,heap        ] GC(1057) Survivor regions: 109->109(154)
[4043.470s][info][gc,heap        ] GC(1057) Old regions: 474->504
[4043.470s][info][gc,heap        ] GC(1057) Humongous regions: 80->80
[4043.470s][info][gc,metaspace   ] GC(1057) Metaspace: 28920K(29312K)->28920K(29312K) NonClass: 24051K(24256K)->24051K(24256K) Class: 4868K(5056K)->4868K(5056K)
[4043.470s][info][gc             ] GC(1057) Pause Young (Concurrent Start) (G1 Evacuation Pause) 3562M->1385M(4096M) 115.323ms
[4043.470s][info][gc             ] GC(1058) Concurrent Mark Cycle
[4043.470s][info][gc,marking     ] GC(1058) Concurrent Scan Root Regions
[4043.470s][info][gc,cpu         ] GC(1057) User=0.69s Sys=0.00s Real=0.11s
[4043.646s][info][gc,marking     ] GC(1058) Concurrent Scan Root Regions 176.143ms
[4043.646s][info][gc,marking     ] GC(1058) Concurrent Mark
[4043.646s][info][gc,marking     ] GC(1058) Concurrent Mark From Roots
[4043.646s][info][gc,task        ] GC(1058) Using 2 workers of 2 for marking
.[4044.535s][info][gc,marking     ] GC(1058) Concurrent Mark From Roots 888.835ms
[4044.535s][info][gc,marking     ] GC(1058) Concurrent Preclean
[4044.536s][info][gc,marking     ] GC(1058) Concurrent Preclean 0.104ms
[4044.536s][info][gc,start       ] GC(1058) Pause Remark
[4044.539s][info][gc             ] GC(1058) Pause Remark 2301M->2301M(4096M) 2.922ms
[4044.539s][info][gc,cpu         ] GC(1058) User=0.02s Sys=0.00s Real=0.00s
[4044.540s][info][gc,marking     ] GC(1058) Concurrent Mark 893.114ms
[4044.540s][info][gc,marking     ] GC(1058) Concurrent Rebuild Remembered Sets and Scrub Regions
[4044.902s][info][gc,marking     ] GC(1058) Concurrent Rebuild Remembered Sets and Scrub Regions 362.268ms
[4044.902s][info][gc,start       ] GC(1058) Pause Cleanup
[4044.902s][info][gc             ] GC(1058) Pause Cleanup 2676M->2676M(4096M) 0.117ms
[4044.902s][info][gc,cpu         ] GC(1058) User=0.00s Sys=0.00s Real=0.00s
[4044.902s][info][gc,marking     ] GC(1058) Concurrent Clear Claimed Marks
[4044.902s][info][gc,marking     ] GC(1058) Concurrent Clear Claimed Marks 0.025ms
[4044.902s][info][gc,marking     ] GC(1058) Concurrent Cleanup for Next Mark
[4044.907s][info][gc,marking     ] GC(1058) Concurrent Cleanup for Next Mark 4.538ms
[4044.907s][info][gc             ] GC(1058) Concurrent Mark Cycle 1436.619ms
.|[4045.969s][info][gc,start       ] GC(1059) Pause Young (Prepare Mixed) (G1 Evacuation Pause)
[4045.970s][info][gc,task        ] GC(1059) Using 6 workers of 6 for evacuation
[4046.088s][info][gc,phases      ] GC(1059)   Pre Evacuate Collection Set: 0.32ms
[4046.088s][info][gc,phases      ] GC(1059)   Merge Heap Roots: 0.52ms
[4046.088s][info][gc,phases      ] GC(1059)   Evacuate Collection Set: 116.65ms
[4046.088s][info][gc,phases      ] GC(1059)   Post Evacuate Collection Set: 0.89ms
[4046.088s][info][gc,phases      ] GC(1059)   Other: 0.09ms
[4046.088s][info][gc,heap        ] GC(1059) Eden regions: 1119->0(1106)
[4046.088s][info][gc,heap        ] GC(1059) Survivor regions: 109->112(154)
[4046.088s][info][gc,heap        ] GC(1059) Old regions: 504->535
[4046.088s][info][gc,heap        ] GC(1059) Humongous regions: 80->80
[4046.088s][info][gc,metaspace   ] GC(1059) Metaspace: 28920K(29312K)->28920K(29312K) NonClass: 24051K(24256K)->24051K(24256K) Class: 4868K(5056K)->4868K(5056K)
[4046.088s][info][gc             ] GC(1059) Pause Young (Prepare Mixed) (G1 Evacuation Pause) 3623M->1452M(4096M) 118.614ms
[4046.088s][info][gc,cpu         ] GC(1059) User=0.70s Sys=0.00s Real=0.12s
...[4048.547s][info][gc,start       ] GC(1060) Pause Young (Mixed) (G1 Evacuation Pause)
[4048.548s][info][gc,task        ] GC(1060) Using 6 workers of 6 for evacuation
[4048.684s][info][gc,phases      ] GC(1060)   Pre Evacuate Collection Set: 0.36ms
[4048.684s][info][gc,phases      ] GC(1060)   Merge Heap Roots: 0.72ms
[4048.684s][info][gc,phases      ] GC(1060)   Evacuate Collection Set: 134.61ms
[4048.684s][info][gc,phases      ] GC(1060)   Post Evacuate Collection Set: 0.95ms
[4048.684s][info][gc,phases      ] GC(1060)   Other: 0.09ms
[4048.684s][info][gc,heap        ] GC(1060) Eden regions: 1106->0(1118)
[4048.684s][info][gc,heap        ] GC(1060) Survivor regions: 112->110(153)
[4048.684s][info][gc,heap        ] GC(1060) Old regions: 535->473
[4048.684s][info][gc,heap        ] GC(1060) Humongous regions: 80->80
[4048.684s][info][gc,metaspace   ] GC(1060) Metaspace: 28920K(29312K)->28920K(29312K) NonClass: 24051K(24256K)->24051K(24256K) Class: 4868K(5056K)->4868K(5056K)
[4048.684s][info][gc             ] GC(1060) Pause Young (Mixed) (G1 Evacuation Pause) 3664M->1324M(4096M) 136.865ms
[4048.684s][info][gc,cpu         ] GC(1060) User=0.81s Sys=0.00s Real=0.14s
...[4051.104s][info][gc,start       ] GC(1061) Pause Young (Concurrent Start) (G1 Evacuation Pause)
[4051.104s][info][gc,task        ] GC(1061) Using 6 workers of 6 for evacuation
[4051.222s][info][gc,phases      ] GC(1061)   Pre Evacuate Collection Set: 0.33ms
[4051.222s][info][gc,phases      ] GC(1061)   Merge Heap Roots: 0.49ms
[4051.222s][info][gc,phases      ] GC(1061)   Evacuate Collection Set: 116.11ms
[4051.222s][info][gc,phases      ] GC(1061)   Post Evacuate Collection Set: 0.85ms
[4051.222s][info][gc,phases      ] GC(1061)   Other: 0.11ms
[4051.222s][info][gc,heap        ] GC(1061) Eden regions: 1118->0(1120)
[4051.222s][info][gc,heap        ] GC(1061) Survivor regions: 110->108(154)
[4051.222s][info][gc,heap        ] GC(1061) Old regions: 473->505
[4051.222s][info][gc,heap        ] GC(1061) Humongous regions: 80->80
[4051.222s][info][gc,metaspace   ] GC(1061) Metaspace: 28920K(29312K)->28920K(29312K) NonClass: 24051K(24256K)->24051K(24256K) Class: 4868K(5056K)->4868K(5056K)
[4051.222s][info][gc             ] GC(1061) Pause Young (Concurrent Start) (G1 Evacuation Pause) 3560M->1383M(4096M) 118.030ms
[4051.222s][info][gc             ] GC(1062) Concurrent Mark Cycle
[4051.222s][info][gc,marking     ] GC(1062) Concurrent Scan Root Regions
[4051.222s][info][gc,cpu         ] GC(1061) User=0.70s Sys=0.00s Real=0.12s
[4051.402s][info][gc,marking     ] GC(1062) Concurrent Scan Root Regions 179.684ms
[4051.402s][info][gc,marking     ] GC(1062) Concurrent Mark
[4051.402s][info][gc,marking     ] GC(1062) Concurrent Mark From Roots
[4051.402s][info][gc,task        ] GC(1062) Using 2 workers of 2 for marking
.[4052.387s][info][gc,marking     ] GC(1062) Concurrent Mark From Roots 984.362ms
[4052.387s][info][gc,marking     ] GC(1062) Concurrent Preclean
[4052.387s][info][gc,marking     ] GC(1062) Concurrent Preclean 0.107ms
[4052.387s][info][gc,start       ] GC(1062) Pause Remark
[4052.392s][info][gc             ] GC(1062) Pause Remark 2434M->2434M(4096M) 5.161ms
[4052.393s][info][gc,cpu         ] GC(1062) User=0.03s Sys=0.00s Real=0.01s
[4052.394s][info][gc,marking     ] GC(1062) Concurrent Mark 991.800ms
[4052.394s][info][gc,marking     ] GC(1062) Concurrent Rebuild Remembered Sets and Scrub Regions
[4052.752s][info][gc,marking     ] GC(1062) Concurrent Rebuild Remembered Sets and Scrub Regions 358.353ms
[4052.753s][info][gc,start       ] GC(1062) Pause Cleanup
[4052.753s][info][gc             ] GC(1062) Pause Cleanup 2759M->2759M(4096M) 0.119ms
[4052.753s][info][gc,cpu         ] GC(1062) User=0.00s Sys=0.00s Real=0.00s
[4052.753s][info][gc,marking     ] GC(1062) Concurrent Clear Claimed Marks
[4052.753s][info][gc,marking     ] GC(1062) Concurrent Clear Claimed Marks 0.037ms
[4052.753s][info][gc,marking     ] GC(1062) Concurrent Cleanup for Next Mark
[4052.759s][info][gc,marking     ] GC(1062) Concurrent Cleanup for Next Mark 5.335ms
[4052.759s][info][gc             ] GC(1062) Concurrent Mark Cycle 1536.364ms
.[4053.755s][info][gc,start       ] GC(1063) Pause Young (Prepare Mixed) (G1 Evacuation Pause)
[4053.755s][info][gc,task        ] GC(1063) Using 6 workers of 6 for evacuation
[4053.879s][info][gc,phases      ] GC(1063)   Pre Evacuate Collection Set: 0.33ms
[4053.879s][info][gc,phases      ] GC(1063)   Merge Heap Roots: 0.49ms
[4053.879s][info][gc,phases      ] GC(1063)   Evacuate Collection Set: 122.35ms
[4053.879s][info][gc,phases      ] GC(1063)   Post Evacuate Collection Set: 0.95ms
[4053.879s][info][gc,phases      ] GC(1063)   Other: 0.09ms
[4053.879s][info][gc,heap        ] GC(1063) Eden regions: 1120->0(1099)
[4053.879s][info][gc,heap        ] GC(1063) Survivor regions: 108->115(154)
[4053.879s][info][gc,heap        ] GC(1063) Old regions: 505->536
[4053.879s][info][gc,heap        ] GC(1063) Humongous regions: 80->80
[4053.879s][info][gc,metaspace   ] GC(1063) Metaspace: 28920K(29312K)->28920K(29312K) NonClass: 24051K(24256K)->24051K(24256K) Class: 4868K(5056K)->4868K(5056K)
[4053.879s][info][gc             ] GC(1063) Pause Young (Prepare Mixed) (G1 Evacuation Pause) 3623M->1461M(4096M) 124.325ms
[4053.879s][info][gc,cpu         ] GC(1063) User=0.74s Sys=0.00s Real=0.12s
...[4056.402s][info][gc,start       ] GC(1064) Pause Young (Mixed) (G1 Evacuation Pause)
[4056.402s][info][gc,task        ] GC(1064) Using 6 workers of 6 for evacuation
[4056.534s][info][gc,phases      ] GC(1064)   Pre Evacuate Collection Set: 0.34ms
[4056.534s][info][gc,phases      ] GC(1064)   Merge Heap Roots: 0.71ms
[4056.534s][info][gc,phases      ] GC(1064)   Evacuate Collection Set: 130.48ms
[4056.534s][info][gc,phases      ] GC(1064)   Post Evacuate Collection Set: 0.92ms
[4056.534s][info][gc,phases      ] GC(1064)   Other: 0.08ms
[4056.534s][info][gc,heap        ] GC(1064) Eden regions: 1099->0(1119)
[4056.534s][info][gc,heap        ] GC(1064) Survivor regions: 115->109(152)
[4056.534s][info][gc,heap        ] GC(1064) Old regions: 536->473
[4056.534s][info][gc,heap        ] GC(1064) Humongous regions: 80->80
[4056.534s][info][gc,metaspace   ] GC(1064) Metaspace: 28920K(29312K)->28920K(29312K) NonClass: 24051K(24256K)->24051K(24256K) Class: 4868K(5056K)->4868K(5056K)
[4056.534s][info][gc             ] GC(1064) Pause Young (Mixed) (G1 Evacuation Pause) 3659M->1322M(4096M) 132.675ms
[4056.534s][info][gc,cpu         ] GC(1064) User=0.79s Sys=0.00s Real=0.14s
..[4058.978s][info][gc,start       ] GC(1065) Pause Young (Concurrent Start) (G1 Evacuation Pause)
[4058.978s][info][gc,task        ] GC(1065) Using 6 workers of 6 for evacuation
[4059.099s][info][gc,phases      ] GC(1065)   Pre Evacuate Collection Set: 0.36ms
[4059.099s][info][gc,phases      ] GC(1065)   Merge Heap Roots: 0.45ms
[4059.099s][info][gc,phases      ] GC(1065)   Evacuate Collection Set: 119.27ms
[4059.099s][info][gc,phases      ] GC(1065)   Post Evacuate Collection Set: 0.86ms
[4059.099s][info][gc,phases      ] GC(1065)   Other: 0.11ms
[4059.099s][info][gc,heap        ] GC(1065) Eden regions: 1119->0(1117)
[4059.099s][info][gc,heap        ] GC(1065) Survivor regions: 109->111(154)
[4059.099s][info][gc,heap        ] GC(1065) Old regions: 473->505
[4059.099s][info][gc,heap        ] GC(1065) Humongous regions: 80->80
[4059.099s][info][gc,metaspace   ] GC(1065) Metaspace: 28920K(29312K)->28920K(29312K) NonClass: 24051K(24256K)->24051K(24256K) Class: 4868K(5056K)->4868K(5056K)
[4059.099s][info][gc             ] GC(1065) Pause Young (Concurrent Start) (G1 Evacuation Pause) 3560M->1391M(4096M) 121.178ms
[4059.099s][info][gc             ] GC(1066) Concurrent Mark Cycle
[4059.099s][info][gc,marking     ] GC(1066) Concurrent Scan Root Regions
[4059.099s][info][gc,cpu         ] GC(1065) User=0.72s Sys=0.00s Real=0.12s
.[4059.268s][info][gc,marking     ] GC(1066) Concurrent Scan Root Regions 168.323ms
[4059.268s][info][gc,marking     ] GC(1066) Concurrent Mark
[4059.268s][info][gc,marking     ] GC(1066) Concurrent Mark From Roots
[4059.268s][info][gc,task        ] GC(1066) Using 2 workers of 2 for marking
[4060.067s][info][gc,marking     ] GC(1066) Concurrent Mark From Roots 799.458ms
[4060.067s][info][gc,marking     ] GC(1066) Concurrent Preclean
[4060.067s][info][gc,marking     ] GC(1066) Concurrent Preclean 0.094ms
[4060.068s][info][gc,start       ] GC(1066) Pause Remark
[4060.073s][info][gc             ] GC(1066) Pause Remark 2267M->2267M(4096M) 4.891ms
[4060.073s][info][gc,cpu         ] GC(1066) User=0.02s Sys=0.00s Real=0.01s
[4060.074s][info][gc,marking     ] GC(1066) Concurrent Mark 806.614ms
[4060.074s][info][gc,marking     ] GC(1066) Concurrent Rebuild Remembered Sets and Scrub Regions
.[4060.333s][info][gc,marking     ] GC(1066) Concurrent Rebuild Remembered Sets and Scrub Regions 259.168ms
[4060.334s][info][gc,start       ] GC(1066) Pause Cleanup
[4060.334s][info][gc             ] GC(1066) Pause Cleanup 2508M->2508M(4096M) 0.124ms
[4060.334s][info][gc,cpu         ] GC(1066) User=0.00s Sys=0.00s Real=0.00s
[4060.334s][info][gc,marking     ] GC(1066) Concurrent Clear Claimed Marks
[4060.334s][info][gc,marking     ] GC(1066) Concurrent Clear Claimed Marks 0.028ms
[4060.334s][info][gc,marking     ] GC(1066) Concurrent Cleanup for Next Mark
[4060.339s][info][gc,marking     ] GC(1066) Concurrent Cleanup for Next Mark 5.138ms
[4060.339s][info][gc             ] GC(1066) Concurrent Mark Cycle 1239.767ms
.[4061.606s][info][gc,start       ] GC(1067) Pause Young (Prepare Mixed) (G1 Evacuation Pause)
[4061.606s][info][gc,task        ] GC(1067) Using 6 workers of 6 for evacuation
[4061.724s][info][gc,phases      ] GC(1067)   Pre Evacuate Collection Set: 0.35ms
[4061.724s][info][gc,phases      ] GC(1067)   Merge Heap Roots: 0.51ms
[4061.724s][info][gc,phases      ] GC(1067)   Evacuate Collection Set: 115.62ms
[4061.724s][info][gc,phases      ] GC(1067)   Post Evacuate Collection Set: 0.90ms
[4061.724s][info][gc,phases      ] GC(1067)   Other: 0.09ms
[4061.724s][info][gc,heap        ] GC(1067) Eden regions: 1117->0(1110)
[4061.724s][info][gc,heap        ] GC(1067) Survivor regions: 111->109(154)
[4061.724s][info][gc,heap        ] GC(1067) Old regions: 505->537
[4061.724s][info][gc,heap        ] GC(1067) Humongous regions: 80->80
[4061.724s][info][gc,metaspace   ] GC(1067) Metaspace: 28920K(29312K)->28920K(29312K) NonClass: 24051K(24256K)->24051K(24256K) Class: 4868K(5056K)->4868K(5056K)
[4061.724s][info][gc             ] GC(1067) Pause Young (Prepare Mixed) (G1 Evacuation Pause) 3625M->1451M(4096M) 117.591ms
[4061.724s][info][gc,cpu         ] GC(1067) User=0.70s Sys=0.00s Real=0.12s
...[4064.209s][info][gc,start       ] GC(1068) Pause Young (Mixed) (G1 Evacuation Pause)
[4064.209s][info][gc,task        ] GC(1068) Using 6 workers of 6 for evacuation
[4064.342s][info][gc,phases      ] GC(1068)   Pre Evacuate Collection Set: 0.36ms
[4064.342s][info][gc,phases      ] GC(1068)   Merge Heap Roots: 0.75ms
[4064.342s][info][gc,phases      ] GC(1068)   Evacuate Collection Set: 131.40ms
[4064.342s][info][gc,phases      ] GC(1068)   Post Evacuate Collection Set: 0.92ms
[4064.342s][info][gc,phases      ] GC(1068)   Other: 0.09ms
[4064.342s][info][gc,heap        ] GC(1068) Eden regions: 1110->0(1119)
[4064.342s][info][gc,heap        ] GC(1068) Survivor regions: 109->109(153)
[4064.342s][info][gc,heap        ] GC(1068) Old regions: 537->473
[4064.342s][info][gc,heap        ] GC(1068) Humongous regions: 80->80
[4064.342s][info][gc,metaspace   ] GC(1068) Metaspace: 28920K(29312K)->28920K(29312K) NonClass: 24051K(24256K)->24051K(24256K) Class: 4868K(5056K)->4868K(5056K)
[4064.342s][info][gc             ] GC(1068) Pause Young (Mixed) (G1 Evacuation Pause) 3671M->1322M(4096M) 133.655ms
[4064.342s][info][gc,cpu         ] GC(1068) User=0.79s Sys=0.00s Real=0.14s
..[4066.851s][info][gc,start       ] GC(1069) Pause Young (Concurrent Start) (G1 Evacuation Pause)
[4066.851s][info][gc,task        ] GC(1069) Using 6 workers of 6 for evacuation
[4066.975s][info][gc,phases      ] GC(1069)   Pre Evacuate Collection Set: 0.33ms
[4066.975s][info][gc,phases      ] GC(1069)   Merge Heap Roots: 0.46ms
[4066.975s][info][gc,phases      ] GC(1069)   Evacuate Collection Set: 122.24ms
[4066.975s][info][gc,phases      ] GC(1069)   Post Evacuate Collection Set: 0.81ms
[4066.975s][info][gc,phases      ] GC(1069)   Other: 0.12ms
[4066.975s][info][gc,heap        ] GC(1069) Eden regions: 1119->0(1114)
[4066.975s][info][gc,heap        ] GC(1069) Survivor regions: 109->114(154)
[4066.975s][info][gc,heap        ] GC(1069) Old regions: 473->505
[4066.975s][info][gc,heap        ] GC(1069) Humongous regions: 80->80
[4066.975s][info][gc,metaspace   ] GC(1069) Metaspace: 28920K(29312K)->28920K(29312K) NonClass: 24051K(24256K)->24051K(24256K) Class: 4868K(5056K)->4868K(5056K)
[4066.975s][info][gc             ] GC(1069) Pause Young (Concurrent Start) (G1 Evacuation Pause) 3560M->1397M(4096M) 124.093ms
[4066.975s][info][gc             ] GC(1070) Concurrent Mark Cycle
[4066.975s][info][gc,marking     ] GC(1070) Concurrent Scan Root Regions
[4066.975s][info][gc,cpu         ] GC(1069) User=0.73s Sys=0.00s Real=0.13s
[4067.144s][info][gc,marking     ] GC(1070) Concurrent Scan Root Regions 168.875ms
[4067.144s][info][gc,marking     ] GC(1070) Concurrent Mark
[4067.144s][info][gc,marking     ] GC(1070) Concurrent Mark From Roots
[4067.144s][info][gc,task        ] GC(1070) Using 2 workers of 2 for marking
.[4068.152s][info][gc,marking     ] GC(1070) Concurrent Mark From Roots 1008.098ms
[4068.160s][info][gc,marking     ] GC(1070) Concurrent Preclean
[4068.160s][info][gc,marking     ] GC(1070) Concurrent Preclean 0.131ms
[4068.161s][info][gc,start       ] GC(1070) Pause Remark
[4068.168s][info][gc             ] GC(1070) Pause Remark 2499M->2499M(4096M) 6.775ms
[4068.168s][info][gc,cpu         ] GC(1070) User=0.04s Sys=0.00s Real=0.01s
[4068.168s][info][gc,marking     ] GC(1070) Concurrent Mark 1023.951ms
[4068.168s][info][gc,marking     ] GC(1070) Concurrent Rebuild Remembered Sets and Scrub Regions
.[4068.524s][info][gc,marking     ] GC(1070) Concurrent Rebuild Remembered Sets and Scrub Regions 356.597ms
[4068.525s][info][gc,start       ] GC(1070) Pause Cleanup
[4068.525s][info][gc             ] GC(1070) Pause Cleanup 2815M->2815M(4096M) 0.115ms
[4068.525s][info][gc,cpu         ] GC(1070) User=0.00s Sys=0.00s Real=0.00s
[4068.526s][info][gc,marking     ] GC(1070) Concurrent Clear Claimed Marks
[4068.526s][info][gc,marking     ] GC(1070) Concurrent Clear Claimed Marks 0.031ms
[4068.526s][info][gc,marking     ] GC(1070) Concurrent Cleanup for Next Mark
[4068.531s][info][gc,marking     ] GC(1070) Concurrent Cleanup for Next Mark 5.025ms
[4068.531s][info][gc             ] GC(1070) Concurrent Mark Cycle 1555.786ms
.[4069.426s][info][gc,start       ] GC(1071) Pause Young (Prepare Mixed) (G1 Evacuation Pause)
[4069.426s][info][gc,task        ] GC(1071) Using 6 workers of 6 for evacuation
[4069.542s][info][gc,phases      ] GC(1071)   Pre Evacuate Collection Set: 0.32ms
[4069.542s][info][gc,phases      ] GC(1071)   Merge Heap Roots: 0.49ms
[4069.542s][info][gc,phases      ] GC(1071)   Evacuate Collection Set: 114.65ms
[4069.542s][info][gc,phases      ] GC(1071)   Post Evacuate Collection Set: 0.91ms
[4069.542s][info][gc,phases      ] GC(1071)   Other: 0.09ms
[4069.542s][info][gc,heap        ] GC(1071) Eden regions: 1114->0(1112)
[4069.542s][info][gc,heap        ] GC(1071) Survivor regions: 114->108(154)
[4069.542s][info][gc,heap        ] GC(1071) Old regions: 505->537
[4069.542s][info][gc,heap        ] GC(1071) Humongous regions: 80->80
[4069.542s][info][gc,metaspace   ] GC(1071) Metaspace: 28920K(29312K)->28920K(29312K) NonClass: 24051K(24256K)->24051K(24256K) Class: 4868K(5056K)->4868K(5056K)
[4069.542s][info][gc             ] GC(1071) Pause Young (Prepare Mixed) (G1 Evacuation Pause) 3625M->1447M(4096M) 116.602ms
[4069.542s][info][gc,cpu         ] GC(1071) User=0.69s Sys=0.00s Real=0.12s
..[4071.993s][info][gc,start       ] GC(1072) Pause Young (Mixed) (G1 Evacuation Pause)
[4071.993s][info][gc,task        ] GC(1072) Using 6 workers of 6 for evacuation
[4072.126s][info][gc,phases      ] GC(1072)   Pre Evacuate Collection Set: 0.34ms
[4072.126s][info][gc,phases      ] GC(1072)   Merge Heap Roots: 0.63ms
[4072.126s][info][gc,phases      ] GC(1072)   Evacuate Collection Set: 130.82ms
[4072.126s][info][gc,phases      ] GC(1072)   Post Evacuate Collection Set: 0.91ms
[4072.126s][info][gc,phases      ] GC(1072)   Other: 0.09ms
[4072.126s][info][gc,heap        ] GC(1072) Eden regions: 1112->0(1119)
[4072.126s][info][gc,heap        ] GC(1072) Survivor regions: 108->109(153)
[4072.126s][info][gc,heap        ] GC(1072) Old regions: 537->472
[4072.126s][info][gc,heap        ] GC(1072) Humongous regions: 80->80
[4072.126s][info][gc,metaspace   ] GC(1072) Metaspace: 28920K(29312K)->28920K(29312K) NonClass: 24051K(24256K)->24051K(24256K) Class: 4868K(5056K)->4868K(5056K)
[4072.126s][info][gc             ] GC(1072) Pause Young (Mixed) (G1 Evacuation Pause) 3671M->1321M(4096M) 132.914ms
[4072.126s][info][gc,cpu         ] GC(1072) User=0.79s Sys=0.00s Real=0.13s
...[4074.642s][info][gc,start       ] GC(1073) Pause Young (Concurrent Start) (G1 Evacuation Pause)
[4074.642s][info][gc,task        ] GC(1073) Using 6 workers of 6 for evacuation
[4074.762s][info][gc,phases      ] GC(1073)   Pre Evacuate Collection Set: 0.33ms
[4074.762s][info][gc,phases      ] GC(1073)   Merge Heap Roots: 0.48ms
[4074.762s][info][gc,phases      ] GC(1073)   Evacuate Collection Set: 118.60ms
[4074.762s][info][gc,phases      ] GC(1073)   Post Evacuate Collection Set: 0.89ms
[4074.762s][info][gc,phases      ] GC(1073)   Other: 0.11ms
[4074.762s][info][gc,heap        ] GC(1073) Eden regions: 1119->0(1115)
[4074.762s][info][gc,heap        ] GC(1073) Survivor regions: 109->113(154)
[4074.762s][info][gc,heap        ] GC(1073) Old regions: 472->503
[4074.762s][info][gc,heap        ] GC(1073) Humongous regions: 80->80
[4074.762s][info][gc,metaspace   ] GC(1073) Metaspace: 28920K(29312K)->28920K(29312K) NonClass: 24051K(24256K)->24051K(24256K) Class: 4868K(5056K)->4868K(5056K)
[4074.762s][info][gc             ] GC(1073) Pause Young (Concurrent Start) (G1 Evacuation Pause) 3559M->1390M(4096M) 120.526ms
[4074.762s][info][gc             ] GC(1074) Concurrent Mark Cycle
[4074.762s][info][gc,marking     ] GC(1074) Concurrent Scan Root Regions
[4074.762s][info][gc,cpu         ] GC(1073) User=0.72s Sys=0.00s Real=0.12s
[4074.950s][info][gc,marking     ] GC(1074) Concurrent Scan Root Regions 187.316ms
[4074.950s][info][gc,marking     ] GC(1074) Concurrent Mark
[4074.950s][info][gc,marking     ] GC(1074) Concurrent Mark From Roots
[4074.950s][info][gc,task        ] GC(1074) Using 2 workers of 2 for marking
.[4075.887s][info][gc,marking     ] GC(1074) Concurrent Mark From Roots 936.958ms
[4075.887s][info][gc,marking     ] GC(1074) Concurrent Preclean
[4075.887s][info][gc,marking     ] GC(1074) Concurrent Preclean 0.072ms
[4075.887s][info][gc,start       ] GC(1074) Pause Remark
[4075.894s][info][gc             ] GC(1074) Pause Remark 2420M->2420M(4096M) 7.295ms
[4075.894s][info][gc,cpu         ] GC(1074) User=0.04s Sys=0.00s Real=0.01s
[4075.894s][info][gc,marking     ] GC(1074) Concurrent Mark 944.627ms
[4075.894s][info][gc,marking     ] GC(1074) Concurrent Rebuild Remembered Sets and Scrub Regions
[4076.277s][info][gc,marking     ] GC(1074) Concurrent Rebuild Remembered Sets and Scrub Regions 382.507ms
[4076.277s][info][gc,start       ] GC(1074) Pause Cleanup
[4076.277s][info][gc             ] GC(1074) Pause Cleanup 2765M->2765M(4096M) 0.113ms
[4076.277s][info][gc,cpu         ] GC(1074) User=0.00s Sys=0.00s Real=0.00s
[4076.277s][info][gc,marking     ] GC(1074) Concurrent Clear Claimed Marks
[4076.277s][info][gc,marking     ] GC(1074) Concurrent Clear Claimed Marks 0.025ms
[4076.277s][info][gc,marking     ] GC(1074) Concurrent Cleanup for Next Mark
.[4076.282s][info][gc,marking     ] GC(1074) Concurrent Cleanup for Next Mark 4.598ms
[4076.282s][info][gc             ] GC(1074) Concurrent Mark Cycle 1519.573ms
[4077.269s][info][gc,start       ] GC(1075) Pause Young (Prepare Mixed) (G1 Evacuation Pause)
[4077.269s][info][gc,task        ] GC(1075) Using 6 workers of 6 for evacuation
[4077.389s][info][gc,phases      ] GC(1075)   Pre Evacuate Collection Set: 0.31ms
[4077.389s][info][gc,phases      ] GC(1075)   Merge Heap Roots: 0.51ms
[4077.389s][info][gc,phases      ] GC(1075)   Evacuate Collection Set: 117.89ms
[4077.389s][info][gc,phases      ] GC(1075)   Post Evacuate Collection Set: 0.97ms
[4077.389s][info][gc,phases      ] GC(1075)   Other: 0.09ms
[4077.389s][info][gc,heap        ] GC(1075) Eden regions: 1115->0(1106)
[4077.389s][info][gc,heap        ] GC(1075) Survivor regions: 113->112(154)
[4077.389s][info][gc,heap        ] GC(1075) Old regions: 503->535
[4077.389s][info][gc,heap        ] GC(1075) Humongous regions: 80->80
[4077.389s][info][gc,metaspace   ] GC(1075) Metaspace: 28920K(29312K)->28920K(29312K) NonClass: 24051K(24256K)->24051K(24256K) Class: 4868K(5056K)->4868K(5056K)
[4077.389s][info][gc             ] GC(1075) Pause Young (Prepare Mixed) (G1 Evacuation Pause) 3620M->1451M(4096M) 119.896ms
[4077.389s][info][gc,cpu         ] GC(1075) User=0.71s Sys=0.00s Real=0.12s
...[4079.891s][info][gc,start       ] GC(1076) Pause Young (Mixed) (G1 Evacuation Pause)
[4079.891s][info][gc,task        ] GC(1076) Using 6 workers of 6 for evacuation
[4080.027s][info][gc,phases      ] GC(1076)   Pre Evacuate Collection Set: 0.32ms
[4080.027s][info][gc,phases      ] GC(1076)   Merge Heap Roots: 0.73ms
[4080.027s][info][gc,phases      ] GC(1076)   Evacuate Collection Set: 134.18ms
[4080.027s][info][gc,phases      ] GC(1076)   Post Evacuate Collection Set: 0.93ms
[4080.027s][info][gc,phases      ] GC(1076)   Other: 0.08ms
[4080.027s][info][gc,heap        ] GC(1076) Eden regions: 1106->0(1116)
[4080.027s][info][gc,heap        ] GC(1076) Survivor regions: 112->112(153)
[4080.027s][info][gc,heap        ] GC(1076) Old regions: 535->474
[4080.027s][info][gc,heap        ] GC(1076) Humongous regions: 80->80
[4080.027s][info][gc,metaspace   ] GC(1076) Metaspace: 28920K(29312K)->28920K(29312K) NonClass: 24051K(24256K)->24051K(24256K) Class: 4868K(5056K)->4868K(5056K)
[4080.027s][info][gc             ] GC(1076) Pause Young (Mixed) (G1 Evacuation Pause) 3663M->1331M(4096M) 136.367ms
[4080.027s][info][gc,cpu         ] GC(1076) User=0.82s Sys=0.00s Real=0.14s
...[4082.467s][info][gc,start       ] GC(1077) Pause Young (Concurrent Start) (G1 Evacuation Pause)
[4082.467s][info][gc,task        ] GC(1077) Using 6 workers of 6 for evacuation
[4082.583s][info][gc,phases      ] GC(1077)   Pre Evacuate Collection Set: 0.33ms
[4082.583s][info][gc,phases      ] GC(1077)   Merge Heap Roots: 0.47ms
[4082.583s][info][gc,phases      ] GC(1077)   Evacuate Collection Set: 114.55ms
[4082.583s][info][gc,phases      ] GC(1077)   Post Evacuate Collection Set: 0.87ms
[4082.583s][info][gc,phases      ] GC(1077)   Other: 0.10ms
[4082.583s][info][gc,heap        ] GC(1077) Eden regions: 1116->0(1119)
[4082.583s][info][gc,heap        ] GC(1077) Survivor regions: 112->109(154)
[4082.583s][info][gc,heap        ] GC(1077) Old regions: 474->507
[4082.583s][info][gc,heap        ] GC(1077) Humongous regions: 80->80
[4082.583s][info][gc,metaspace   ] GC(1077) Metaspace: 28920K(29312K)->28920K(29312K) NonClass: 24051K(24256K)->24051K(24256K) Class: 4868K(5056K)->4868K(5056K)
[4082.583s][info][gc             ] GC(1077) Pause Young (Concurrent Start) (G1 Evacuation Pause) 3563M->1390M(4096M) 116.462ms
[4082.583s][info][gc             ] GC(1078) Concurrent Mark Cycle
[4082.583s][info][gc,marking     ] GC(1078) Concurrent Scan Root Regions
[4082.583s][info][gc,cpu         ] GC(1077) User=0.70s Sys=0.00s Real=0.12s
[4082.756s][info][gc,marking     ] GC(1078) Concurrent Scan Root Regions 172.430ms
[4082.756s][info][gc,marking     ] GC(1078) Concurrent Mark
[4082.756s][info][gc,marking     ] GC(1078) Concurrent Mark From Roots
[4082.756s][info][gc,task        ] GC(1078) Using 2 workers of 2 for marking
.[4083.662s][info][gc,marking     ] GC(1078) Concurrent Mark From Roots 905.878ms
[4083.662s][info][gc,marking     ] GC(1078) Concurrent Preclean
[4083.662s][info][gc,marking     ] GC(1078) Concurrent Preclean 0.106ms
[4083.662s][info][gc,start       ] GC(1078) Pause Remark
[4083.669s][info][gc             ] GC(1078) Pause Remark 2360M->2360M(4096M) 7.283ms
[4083.669s][info][gc,cpu         ] GC(1078) User=0.04s Sys=0.00s Real=0.00s
[4083.670s][info][gc,marking     ] GC(1078) Concurrent Mark 914.264ms
[4083.670s][info][gc,marking     ] GC(1078) Concurrent Rebuild Remembered Sets and Scrub Regions
[4084.017s][info][gc,marking     ] GC(1078) Concurrent Rebuild Remembered Sets and Scrub Regions 346.820ms
[4084.017s][info][gc,start       ] GC(1078) Pause Cleanup
[4084.017s][info][gc             ] GC(1078) Pause Cleanup 2665M->2665M(4096M) 0.119ms
[4084.017s][info][gc,cpu         ] GC(1078) User=0.00s Sys=0.00s Real=0.00s
[4084.017s][info][gc,marking     ] GC(1078) Concurrent Clear Claimed Marks
[4084.017s][info][gc,marking     ] GC(1078) Concurrent Clear Claimed Marks 0.026ms
[4084.017s][info][gc,marking     ] GC(1078) Concurrent Cleanup for Next Mark
[4084.022s][info][gc,marking     ] GC(1078) Concurrent Cleanup for Next Mark 4.341ms
[4084.022s][info][gc             ] GC(1078) Concurrent Mark Cycle 1438.402ms
.[4085.124s][info][gc,start       ] GC(1079) Pause Young (Prepare Mixed) (G1 Evacuation Pause)
[4085.124s][info][gc,task        ] GC(1079) Using 6 workers of 6 for evacuation
[4085.242s][info][gc,phases      ] GC(1079)   Pre Evacuate Collection Set: 0.31ms
[4085.242s][info][gc,phases      ] GC(1079)   Merge Heap Roots: 0.52ms
[4085.242s][info][gc,phases      ] GC(1079)   Evacuate Collection Set: 115.70ms
[4085.242s][info][gc,phases      ] GC(1079)   Post Evacuate Collection Set: 0.91ms
[4085.242s][info][gc,phases      ] GC(1079)   Other: 0.09ms
[4085.242s][info][gc,heap        ] GC(1079) Eden regions: 1119->0(1109)
[4085.242s][info][gc,heap        ] GC(1079) Survivor regions: 109->109(154)
[4085.242s][info][gc,heap        ] GC(1079) Old regions: 507->538
[4085.242s][info][gc,heap        ] GC(1079) Humongous regions: 80->80
[4085.242s][info][gc,metaspace   ] GC(1079) Metaspace: 28920K(29312K)->28920K(29312K) NonClass: 24051K(24256K)->24051K(24256K) Class: 4868K(5056K)->4868K(5056K)
[4085.242s][info][gc             ] GC(1079) Pause Young (Prepare Mixed) (G1 Evacuation Pause) 3628M->1453M(4096M) 117.652ms
[4085.242s][info][gc,cpu         ] GC(1079) User=0.70s Sys=0.00s Real=0.12s
...[4087.708s][info][gc,start       ] GC(1080) Pause Young (Mixed) (G1 Evacuation Pause)
[4087.708s][info][gc,task        ] GC(1080) Using 6 workers of 6 for evacuation
[4087.846s][info][gc,phases      ] GC(1080)   Pre Evacuate Collection Set: 0.33ms
[4087.846s][info][gc,phases      ] GC(1080)   Merge Heap Roots: 0.70ms
[4087.846s][info][gc,phases      ] GC(1080)   Evacuate Collection Set: 135.90ms
[4087.846s][info][gc,phases      ] GC(1080)   Post Evacuate Collection Set: 0.94ms
[4087.846s][info][gc,phases      ] GC(1080)   Other: 0.09ms
[4087.846s][info][gc,heap        ] GC(1080) Eden regions: 1109->0(1115)
[4087.846s][info][gc,heap        ] GC(1080) Survivor regions: 109->113(153)
[4087.846s][info][gc,heap        ] GC(1080) Old regions: 538->474
[4087.846s][info][gc,heap        ] GC(1080) Humongous regions: 80->80
[4087.846s][info][gc,metaspace   ] GC(1080) Metaspace: 28920K(29312K)->28920K(29312K) NonClass: 24051K(24256K)->24051K(24256K) Class: 4868K(5056K)->4868K(5056K)
[4087.846s][info][gc             ] GC(1080) Pause Young (Mixed) (G1 Evacuation Pause) 3671M->1331M(4096M) 138.092ms
[4087.846s][info][gc,cpu         ] GC(1080) User=0.83s Sys=0.00s Real=0.14s
..[4090.361s][info][gc,start       ] GC(1081) Pause Young (Concurrent Start) (G1 Evacuation Pause)
[4090.361s][info][gc,task        ] GC(1081) Using 6 workers of 6 for evacuation
[4090.478s][info][gc,phases      ] GC(1081)   Pre Evacuate Collection Set: 0.36ms
[4090.478s][info][gc,phases      ] GC(1081)   Merge Heap Roots: 0.46ms
[4090.478s][info][gc,phases      ] GC(1081)   Evacuate Collection Set: 114.88ms
[4090.478s][info][gc,phases      ] GC(1081)   Post Evacuate Collection Set: 0.87ms
[4090.478s][info][gc,phases      ] GC(1081)   Other: 0.12ms
[4090.478s][info][gc,heap        ] GC(1081) Eden regions: 1115->0(1120)
[4090.478s][info][gc,heap        ] GC(1081) Survivor regions: 113->108(154)
[4090.478s][info][gc,heap        ] GC(1081) Old regions: 474->505
[4090.478s][info][gc,heap        ] GC(1081) Humongous regions: 80->80
[4090.478s][info][gc,metaspace   ] GC(1081) Metaspace: 28920K(29312K)->28920K(29312K) NonClass: 24051K(24256K)->24051K(24256K) Class: 4868K(5056K)->4868K(5056K)
[4090.478s][info][gc             ] GC(1081) Pause Young (Concurrent Start) (G1 Evacuation Pause) 3561M->1385M(4096M) 116.832ms
[4090.478s][info][gc             ] GC(1082) Concurrent Mark Cycle
[4090.478s][info][gc,marking     ] GC(1082) Concurrent Scan Root Regions
[4090.478s][info][gc,cpu         ] GC(1081) User=0.69s Sys=0.00s Real=0.12s
.[4090.623s][info][gc,marking     ] GC(1082) Concurrent Scan Root Regions 144.895ms
[4090.623s][info][gc,marking     ] GC(1082) Concurrent Mark
[4090.623s][info][gc,marking     ] GC(1082) Concurrent Mark From Roots
[4090.623s][info][gc,task        ] GC(1082) Using 2 workers of 2 for marking
[4091.353s][info][gc,marking     ] GC(1082) Concurrent Mark From Roots 730.665ms
[4091.353s][info][gc,marking     ] GC(1082) Concurrent Preclean
[4091.354s][info][gc,marking     ] GC(1082) Concurrent Preclean 0.100ms
[4091.354s][info][gc,start       ] GC(1082) Pause Remark
[4091.358s][info][gc             ] GC(1082) Pause Remark 2151M->2151M(4096M) 4.748ms
[4091.358s][info][gc,cpu         ] GC(1082) User=0.02s Sys=0.00s Real=0.00s
[4091.358s][info][gc,marking     ] GC(1082) Concurrent Mark 735.807ms
[4091.358s][info][gc,marking     ] GC(1082) Concurrent Rebuild Remembered Sets and Scrub Regions
.[4091.637s][info][gc,marking     ] GC(1082) Concurrent Rebuild Remembered Sets and Scrub Regions 278.932ms
[4091.638s][info][gc,start       ] GC(1082) Pause Cleanup
[4091.638s][info][gc             ] GC(1082) Pause Cleanup 2451M->2451M(4096M) 0.114ms
[4091.638s][info][gc,cpu         ] GC(1082) User=0.00s Sys=0.00s Real=0.00s
[4091.638s][info][gc,marking     ] GC(1082) Concurrent Clear Claimed Marks
[4091.638s][info][gc,marking     ] GC(1082) Concurrent Clear Claimed Marks 0.029ms
[4091.638s][info][gc,marking     ] GC(1082) Concurrent Cleanup for Next Mark
[4091.643s][info][gc,marking     ] GC(1082) Concurrent Cleanup for Next Mark 5.223ms
[4091.643s][info][gc             ] GC(1082) Concurrent Mark Cycle 1165.426ms
.[4092.975s][info][gc,start       ] GC(1083) Pause Young (Prepare Mixed) (G1 Evacuation Pause)
[4092.975s][info][gc,task        ] GC(1083) Using 6 workers of 6 for evacuation
[4093.097s][info][gc,phases      ] GC(1083)   Pre Evacuate Collection Set: 0.31ms
[4093.097s][info][gc,phases      ] GC(1083)   Merge Heap Roots: 0.53ms
[4093.097s][info][gc,phases      ] GC(1083)   Evacuate Collection Set: 119.91ms
[4093.097s][info][gc,phases      ] GC(1083)   Post Evacuate Collection Set: 0.88ms
[4093.097s][info][gc,phases      ] GC(1083)   Other: 0.08ms
[4093.097s][info][gc,heap        ] GC(1083) Eden regions: 1120->0(1100)
[4093.097s][info][gc,heap        ] GC(1083) Survivor regions: 108->114(154)
[4093.097s][info][gc,heap        ] GC(1083) Old regions: 505->537
[4093.097s][info][gc,heap        ] GC(1083) Humongous regions: 80->80
[4093.097s][info][gc,metaspace   ] GC(1083) Metaspace: 28920K(29312K)->28920K(29312K) NonClass: 24051K(24256K)->24051K(24256K) Class: 4868K(5056K)->4868K(5056K)
[4093.097s][info][gc             ] GC(1083) Pause Young (Prepare Mixed) (G1 Evacuation Pause) 3625M->1460M(4096M) 121.850ms
[4093.097s][info][gc,cpu         ] GC(1083) User=0.73s Sys=0.00s Real=0.12s
..[4095.524s][info][gc,start       ] GC(1084) Pause Young (Mixed) (G1 Evacuation Pause)
[4095.524s][info][gc,task        ] GC(1084) Using 6 workers of 6 for evacuation
[4095.655s][info][gc,phases      ] GC(1084)   Pre Evacuate Collection Set: 0.36ms
[4095.655s][info][gc,phases      ] GC(1084)   Merge Heap Roots: 0.62ms
[4095.655s][info][gc,phases      ] GC(1084)   Evacuate Collection Set: 128.98ms
[4095.655s][info][gc,phases      ] GC(1084)   Post Evacuate Collection Set: 0.92ms
[4095.655s][info][gc,phases      ] GC(1084)   Other: 0.09ms
[4095.655s][info][gc,heap        ] GC(1084) Eden regions: 1100->0(1119)
[4095.655s][info][gc,heap        ] GC(1084) Survivor regions: 114->109(152)
[4095.655s][info][gc,heap        ] GC(1084) Old regions: 537->473
[4095.655s][info][gc,heap        ] GC(1084) Humongous regions: 80->80
[4095.655s][info][gc,metaspace   ] GC(1084) Metaspace: 28920K(29312K)->28920K(29312K) NonClass: 24051K(24256K)->24051K(24256K) Class: 4868K(5056K)->4868K(5056K)
[4095.655s][info][gc             ] GC(1084) Pause Young (Mixed) (G1 Evacuation Pause) 3660M->1322M(4096M) 131.090ms
[4095.655s][info][gc,cpu         ] GC(1084) User=0.78s Sys=0.00s Real=0.13s
...[4098.153s][info][gc,start       ] GC(1085) Pause Young (Concurrent Start) (G1 Evacuation Pause)
[4098.153s][info][gc,task        ] GC(1085) Using 6 workers of 6 for evacuation
[4098.273s][info][gc,phases      ] GC(1085)   Pre Evacuate Collection Set: 0.33ms
[4098.273s][info][gc,phases      ] GC(1085)   Merge Heap Roots: 0.45ms
[4098.273s][info][gc,phases      ] GC(1085)   Evacuate Collection Set: 118.95ms
[4098.273s][info][gc,phases      ] GC(1085)   Post Evacuate Collection Set: 0.79ms
[4098.273s][info][gc,phases      ] GC(1085)   Other: 0.11ms
[4098.273s][info][gc,heap        ] GC(1085) Eden regions: 1119->0(1118)
[4098.273s][info][gc,heap        ] GC(1085) Survivor regions: 109->110(154)
[4098.273s][info][gc,heap        ] GC(1085) Old regions: 473->505
[4098.273s][info][gc,heap        ] GC(1085) Humongous regions: 80->80
[4098.273s][info][gc,metaspace   ] GC(1085) Metaspace: 28920K(29312K)->28920K(29312K) NonClass: 24051K(24256K)->24051K(24256K) Class: 4868K(5056K)->4868K(5056K)
[4098.273s][info][gc             ] GC(1085) Pause Young (Concurrent Start) (G1 Evacuation Pause) 3560M->1387M(4096M) 120.751ms
[4098.273s][info][gc             ] GC(1086) Concurrent Mark Cycle
[4098.273s][info][gc,marking     ] GC(1086) Concurrent Scan Root Regions
[4098.273s][info][gc,cpu         ] GC(1085) User=0.72s Sys=0.00s Real=0.12s
[4098.431s][info][gc,marking     ] GC(1086) Concurrent Scan Root Regions 158.036ms
[4098.431s][info][gc,marking     ] GC(1086) Concurrent Mark
[4098.432s][info][gc,marking     ] GC(1086) Concurrent Mark From Roots
[4098.432s][info][gc,task        ] GC(1086) Using 2 workers of 2 for marking
.[4099.140s][info][gc,marking     ] GC(1086) Concurrent Mark From Roots 708.100ms
[4099.140s][info][gc,marking     ] GC(1086) Concurrent Preclean
[4099.140s][info][gc,marking     ] GC(1086) Concurrent Preclean 0.109ms
[4099.141s][info][gc,start       ] GC(1086) Pause Remark
[4099.147s][info][gc             ] GC(1086) Pause Remark 2177M->2177M(4096M) 5.604ms
[4099.147s][info][gc,cpu         ] GC(1086) User=0.03s Sys=0.00s Real=0.01s
[4099.148s][info][gc,marking     ] GC(1086) Concurrent Mark 716.692ms
[4099.148s][info][gc,marking     ] GC(1086) Concurrent Rebuild Remembered Sets and Scrub Regions
[4099.413s][info][gc,marking     ] GC(1086) Concurrent Rebuild Remembered Sets and Scrub Regions 264.496ms
[4099.413s][info][gc,start       ] GC(1086) Pause Cleanup
[4099.413s][info][gc             ] GC(1086) Pause Cleanup 2417M->2417M(4096M) 0.121ms
[4099.413s][info][gc,cpu         ] GC(1086) User=0.00s Sys=0.00s Real=0.00s
[4099.413s][info][gc,marking     ] GC(1086) Concurrent Clear Claimed Marks
[4099.413s][info][gc,marking     ] GC(1086) Concurrent Clear Claimed Marks 0.025ms
[4099.413s][info][gc,marking     ] GC(1086) Concurrent Cleanup for Next Mark
[4099.418s][info][gc,marking     ] GC(1086) Concurrent Cleanup for Next Mark 4.821ms
[4099.418s][info][gc             ] GC(1086) Concurrent Mark Cycle 1144.654ms
..[4100.772s][info][gc,start       ] GC(1087) Pause Young (Prepare Mixed) (G1 Evacuation Pause)
[4100.772s][info][gc,task        ] GC(1087) Using 6 workers of 6 for evacuation
[4100.892s][info][gc,phases      ] GC(1087)   Pre Evacuate Collection Set: 0.34ms
[4100.892s][info][gc,phases      ] GC(1087)   Merge Heap Roots: 0.50ms
[4100.892s][info][gc,phases      ] GC(1087)   Evacuate Collection Set: 118.30ms
[4100.892s][info][gc,phases      ] GC(1087)   Post Evacuate Collection Set: 0.95ms
[4100.892s][info][gc,phases      ] GC(1087)   Other: 0.09ms
[4100.892s][info][gc,heap        ] GC(1087) Eden regions: 1118->0(1106)
[4100.892s][info][gc,heap        ] GC(1087) Survivor regions: 110->112(154)
[4100.892s][info][gc,heap        ] GC(1087) Old regions: 505->535
[4100.892s][info][gc,heap        ] GC(1087) Humongous regions: 80->80
[4100.892s][info][gc,metaspace   ] GC(1087) Metaspace: 28920K(29312K)->28920K(29312K) NonClass: 24051K(24256K)->24051K(24256K) Class: 4868K(5056K)->4868K(5056K)
[4100.892s][info][gc             ] GC(1087) Pause Young (Prepare Mixed) (G1 Evacuation Pause) 3623M->1453M(4096M) 120.318ms
[4100.892s][info][gc,cpu         ] GC(1087) User=0.72s Sys=0.00s Real=0.12s
..[4103.345s][info][gc,start       ] GC(1088) Pause Young (Mixed) (G1 Evacuation Pause)
[4103.345s][info][gc,task        ] GC(1088) Using 6 workers of 6 for evacuation
[4103.478s][info][gc,phases      ] GC(1088)   Pre Evacuate Collection Set: 0.34ms
[4103.478s][info][gc,phases      ] GC(1088)   Merge Heap Roots: 0.63ms
[4103.478s][info][gc,phases      ] GC(1088)   Evacuate Collection Set: 130.67ms
[4103.478s][info][gc,phases      ] GC(1088)   Post Evacuate Collection Set: 0.94ms
[4103.478s][info][gc,phases      ] GC(1088)   Other: 0.09ms
[4103.478s][info][gc,heap        ] GC(1088) Eden regions: 1106->0(1119)
[4103.478s][info][gc,heap        ] GC(1088) Survivor regions: 112->109(153)
[4103.478s][info][gc,heap        ] GC(1088) Old regions: 535->471
[4103.478s][info][gc,heap        ] GC(1088) Humongous regions: 80->80
[4103.478s][info][gc,metaspace   ] GC(1088) Metaspace: 28920K(29312K)->28920K(29312K) NonClass: 24051K(24256K)->24051K(24256K) Class: 4868K(5056K)->4868K(5056K)
[4103.478s][info][gc             ] GC(1088) Pause Young (Mixed) (G1 Evacuation Pause) 3665M->1319M(4096M) 132.815ms
[4103.478s][info][gc,cpu         ] GC(1088) User=0.79s Sys=0.00s Real=0.13s
... (rIR:aIR:PR = 7195:7174:7174) (tPR = 106834) [OK] 
  4105s: Performance info:
         Transaction,    Success,    Partial,     Failed,   Receipts, AvgBarcode, 
             Overall,     435900,          0,          0,     414014,      59.48, 
         Response times:
             Request,    Success,    Partial,     Failed,   SkipFail,     Probes,    Samples,      min,      p50,      p90,      p95,      p99,      max, 
       TotalPurchase,     414017,          0,          0,          0,     363456,     474693,      300,     5900,    47000,    74000,   136000,   293000,
     InStorePurchase,     217785,          0,          0,          0,     190545,     248725,      300,     5900,    47000,    74000,   136000,   293000,
      OnlinePurchase,     152636,          0,          0,          0,     134042,     174800,      300,     5800,    47000,    73000,   135000,   293000,
        InstPurchase,      43596,          0,          0,          0,      38869,      51168,      400,     6500,    51000,    78000,   138000,   293000,
          AssocOfCat,        433,          0,          0,          0,        351,        557,    23000,    39000,   100000,   142000,   204620,   232000,
      AssocOfProduct,       4363,          0,          0,          0,       4013,       5459,      600,     6300,    46000,    73000,   137000,   194000,
      BusinessReport,       1091,          0,          0,          0,        969,       1436,    30000,    49000,   121000,   155150,   205630,   305000,
          CustBuyBeh,       4372,          0,          0,          0,       4030,       5448,      200,     4400,    39000,    67550,   125000,   223000,
       ProductReturn,      11627,          0,          0,          0,       9870,      13309,      200,     5400,    40000,    69000,   130000,   275000,

  4105s: (53%)   IR =   7334 [4106.027s][info][gc,start       ] GC(1089) Pause Young (Concurrent Start) (G1 Evacuation Pause)
[4106.027s][info][gc,task        ] GC(1089) Using 6 workers of 6 for evacuation
[4106.143s][info][gc,phases      ] GC(1089)   Pre Evacuate Collection Set: 0.37ms
[4106.143s][info][gc,phases      ] GC(1089)   Merge Heap Roots: 0.48ms
[4106.143s][info][gc,phases      ] GC(1089)   Evacuate Collection Set: 113.44ms
[4106.143s][info][gc,phases      ] GC(1089)   Post Evacuate Collection Set: 0.94ms
[4106.143s][info][gc,phases      ] GC(1089)   Other: 0.12ms
[4106.143s][info][gc,heap        ] GC(1089) Eden regions: 1119->0(1120)
[4106.143s][info][gc,heap        ] GC(1089) Survivor regions: 109->108(154)
[4106.143s][info][gc,heap        ] GC(1089) Old regions: 471->503
[4106.143s][info][gc,heap        ] GC(1089) Humongous regions: 80->80
[4106.143s][info][gc,metaspace   ] GC(1089) Metaspace: 28920K(29312K)->28920K(29312K) NonClass: 24051K(24256K)->24051K(24256K) Class: 4868K(5056K)->4868K(5056K)
[4106.143s][info][gc             ] GC(1089) Pause Young (Concurrent Start) (G1 Evacuation Pause) 3557M->1379M(4096M) 115.505ms
[4106.143s][info][gc             ] GC(1090) Concurrent Mark Cycle
[4106.143s][info][gc,marking     ] GC(1090) Concurrent Scan Root Regions
[4106.143s][info][gc,cpu         ] GC(1089) User=0.68s Sys=0.01s Real=0.12s
[4106.327s][info][gc,marking     ] GC(1090) Concurrent Scan Root Regions 184.130ms
[4106.327s][info][gc,marking     ] GC(1090) Concurrent Mark
[4106.327s][info][gc,marking     ] GC(1090) Concurrent Mark From Roots
[4106.327s][info][gc,task        ] GC(1090) Using 2 workers of 2 for marking
.[4107.295s][info][gc,marking     ] GC(1090) Concurrent Mark From Roots 968.266ms
[4107.295s][info][gc,marking     ] GC(1090) Concurrent Preclean
[4107.295s][info][gc,marking     ] GC(1090) Concurrent Preclean 0.137ms
[4107.297s][info][gc,start       ] GC(1090) Pause Remark
[4107.304s][info][gc             ] GC(1090) Pause Remark 2421M->2421M(4096M) 7.239ms
[4107.304s][info][gc,cpu         ] GC(1090) User=0.04s Sys=0.01s Real=0.01s
[4107.306s][info][gc,marking     ] GC(1090) Concurrent Mark 979.003ms
[4107.306s][info][gc,marking     ] GC(1090) Concurrent Rebuild Remembered Sets and Scrub Regions
[4107.664s][info][gc,marking     ] GC(1090) Concurrent Rebuild Remembered Sets and Scrub Regions 357.529ms
[4107.665s][info][gc,start       ] GC(1090) Pause Cleanup
[4107.665s][info][gc             ] GC(1090) Pause Cleanup 2794M->2794M(4096M) 0.131ms
[4107.665s][info][gc,cpu         ] GC(1090) User=0.00s Sys=0.00s Real=0.00s
[4107.665s][info][gc,marking     ] GC(1090) Concurrent Clear Claimed Marks
[4107.665s][info][gc,marking     ] GC(1090) Concurrent Clear Claimed Marks 0.029ms
[4107.665s][info][gc,marking     ] GC(1090) Concurrent Cleanup for Next Mark
[4107.669s][info][gc,marking     ] GC(1090) Concurrent Cleanup for Next Mark 4.407ms
[4107.669s][info][gc             ] GC(1090) Concurrent Mark Cycle 1526.597ms
.[4108.649s][info][gc,start       ] GC(1091) Pause Young (Prepare Mixed) (G1 Evacuation Pause)
[4108.649s][info][gc,task        ] GC(1091) Using 6 workers of 6 for evacuation
[4108.768s][info][gc,phases      ] GC(1091)   Pre Evacuate Collection Set: 0.32ms
[4108.768s][info][gc,phases      ] GC(1091)   Merge Heap Roots: 0.50ms
[4108.768s][info][gc,phases      ] GC(1091)   Evacuate Collection Set: 117.28ms
[4108.768s][info][gc,phases      ] GC(1091)   Post Evacuate Collection Set: 0.97ms
[4108.768s][info][gc,phases      ] GC(1091)   Other: 0.08ms
[4108.768s][info][gc,heap        ] GC(1091) Eden regions: 1120->0(1106)
[4108.768s][info][gc,heap        ] GC(1091) Survivor regions: 108->112(154)
[4108.768s][info][gc,heap        ] GC(1091) Old regions: 503->535
[4108.768s][info][gc,heap        ] GC(1091) Humongous regions: 80->80
[4108.768s][info][gc,metaspace   ] GC(1091) Metaspace: 28920K(29312K)->28920K(29312K) NonClass: 24051K(24256K)->24051K(24256K) Class: 4868K(5056K)->4868K(5056K)
[4108.768s][info][gc             ] GC(1091) Pause Young (Prepare Mixed) (G1 Evacuation Pause) 3619M->1452M(4096M) 119.312ms
[4108.768s][info][gc,cpu         ] GC(1091) User=0.71s Sys=0.00s Real=0.12s
...[4111.147s][info][gc,start       ] GC(1092) Pause Young (Mixed) (G1 Evacuation Pause)
[4111.147s][info][gc,task        ] GC(1092) Using 6 workers of 6 for evacuation
[4111.278s][info][gc,phases      ] GC(1092)   Pre Evacuate Collection Set: 0.35ms
[4111.278s][info][gc,phases      ] GC(1092)   Merge Heap Roots: 0.67ms
[4111.278s][info][gc,phases      ] GC(1092)   Evacuate Collection Set: 128.95ms
[4111.278s][info][gc,phases      ] GC(1092)   Post Evacuate Collection Set: 0.94ms
[4111.278s][info][gc,phases      ] GC(1092)   Other: 0.09ms
[4111.278s][info][gc,heap        ] GC(1092) Eden regions: 1106->0(1121)
[4111.278s][info][gc,heap        ] GC(1092) Survivor regions: 112->107(153)
[4111.278s][info][gc,heap        ] GC(1092) Old regions: 535->473
[4111.278s][info][gc,heap        ] GC(1092) Humongous regions: 80->80
[4111.278s][info][gc,metaspace   ] GC(1092) Metaspace: 28920K(29312K)->28920K(29312K) NonClass: 24051K(24256K)->24051K(24256K) Class: 4868K(5056K)->4868K(5056K)
[4111.278s][info][gc             ] GC(1092) Pause Young (Mixed) (G1 Evacuation Pause) 3664M->1319M(4096M) 131.122ms
[4111.278s][info][gc,cpu         ] GC(1092) User=0.78s Sys=0.00s Real=0.13s
.|.[4113.708s][info][gc,start       ] GC(1093) Pause Young (Concurrent Start) (G1 Evacuation Pause)
[4113.708s][info][gc,task        ] GC(1093) Using 6 workers of 6 for evacuation
[4113.825s][info][gc,phases      ] GC(1093)   Pre Evacuate Collection Set: 0.33ms
[4113.825s][info][gc,phases      ] GC(1093)   Merge Heap Roots: 0.46ms
[4113.826s][info][gc,phases      ] GC(1093)   Evacuate Collection Set: 115.54ms
[4113.826s][info][gc,phases      ] GC(1093)   Post Evacuate Collection Set: 0.90ms
[4113.826s][info][gc,phases      ] GC(1093)   Other: 0.10ms
[4113.826s][info][gc,heap        ] GC(1093) Eden regions: 1121->0(1119)
[4113.826s][info][gc,heap        ] GC(1093) Survivor regions: 107->109(154)
[4113.826s][info][gc,heap        ] GC(1093) Old regions: 473->505
[4113.826s][info][gc,heap        ] GC(1093) Humongous regions: 80->80
[4113.826s][info][gc,metaspace   ] GC(1093) Metaspace: 28920K(29312K)->28920K(29312K) NonClass: 24051K(24256K)->24051K(24256K) Class: 4868K(5056K)->4868K(5056K)
[4113.826s][info][gc             ] GC(1093) Pause Young (Concurrent Start) (G1 Evacuation Pause) 3561M->1387M(4096M) 117.494ms
[4113.826s][info][gc             ] GC(1094) Concurrent Mark Cycle
[4113.826s][info][gc,marking     ] GC(1094) Concurrent Scan Root Regions
[4113.826s][info][gc,cpu         ] GC(1093) User=0.69s Sys=0.00s Real=0.12s
.[4114.020s][info][gc,marking     ] GC(1094) Concurrent Scan Root Regions 194.715ms
[4114.020s][info][gc,marking     ] GC(1094) Concurrent Mark
[4114.020s][info][gc,marking     ] GC(1094) Concurrent Mark From Roots
[4114.020s][info][gc,task        ] GC(1094) Using 2 workers of 2 for marking
[4115.030s][info][gc,marking     ] GC(1094) Concurrent Mark From Roots 1010.065ms
[4115.031s][info][gc,marking     ] GC(1094) Concurrent Preclean
[4115.031s][info][gc,marking     ] GC(1094) Concurrent Preclean 0.111ms
[4115.031s][info][gc,start       ] GC(1094) Pause Remark
[4115.038s][info][gc             ] GC(1094) Pause Remark 2475M->2475M(4096M) 6.821ms
[4115.038s][info][gc,cpu         ] GC(1094) User=0.04s Sys=0.00s Real=0.01s
[4115.042s][info][gc,marking     ] GC(1094) Concurrent Mark 1021.769ms
[4115.042s][info][gc,marking     ] GC(1094) Concurrent Rebuild Remembered Sets and Scrub Regions
.[4115.382s][info][gc,marking     ] GC(1094) Concurrent Rebuild Remembered Sets and Scrub Regions 340.094ms
[4115.383s][info][gc,start       ] GC(1094) Pause Cleanup
[4115.383s][info][gc             ] GC(1094) Pause Cleanup 2818M->2818M(4096M) 0.122ms
[4115.383s][info][gc,cpu         ] GC(1094) User=0.00s Sys=0.00s Real=0.00s
[4115.386s][info][gc,marking     ] GC(1094) Concurrent Clear Claimed Marks
[4115.386s][info][gc,marking     ] GC(1094) Concurrent Clear Claimed Marks 0.074ms
[4115.386s][info][gc,marking     ] GC(1094) Concurrent Cleanup for Next Mark
[4115.395s][info][gc,marking     ] GC(1094) Concurrent Cleanup for Next Mark 9.010ms
[4115.395s][info][gc             ] GC(1094) Concurrent Mark Cycle 1569.878ms
.[4116.272s][info][gc,start       ] GC(1095) Pause Young (Prepare Mixed) (G1 Evacuation Pause)
[4116.272s][info][gc,task        ] GC(1095) Using 6 workers of 6 for evacuation
[4116.388s][info][gc,phases      ] GC(1095)   Pre Evacuate Collection Set: 0.31ms
[4116.388s][info][gc,phases      ] GC(1095)   Merge Heap Roots: 0.51ms
[4116.388s][info][gc,phases      ] GC(1095)   Evacuate Collection Set: 114.56ms
[4116.388s][info][gc,phases      ] GC(1095)   Post Evacuate Collection Set: 0.91ms
[4116.388s][info][gc,phases      ] GC(1095)   Other: 0.08ms
[4116.388s][info][gc,heap        ] GC(1095) Eden regions: 1119->0(1111)
[4116.388s][info][gc,heap        ] GC(1095) Survivor regions: 109->109(154)
[4116.388s][info][gc,heap        ] GC(1095) Old regions: 505->536
[4116.388s][info][gc,heap        ] GC(1095) Humongous regions: 80->80
[4116.388s][info][gc,metaspace   ] GC(1095) Metaspace: 28920K(29312K)->28920K(29312K) NonClass: 24051K(24256K)->24051K(24256K) Class: 4868K(5056K)->4868K(5056K)
[4116.388s][info][gc             ] GC(1095) Pause Young (Prepare Mixed) (G1 Evacuation Pause) 3625M->1449M(4096M) 116.490ms
[4116.388s][info][gc,cpu         ] GC(1095) User=0.70s Sys=0.00s Real=0.11s
..[4118.866s][info][gc,start       ] GC(1096) Pause Young (Mixed) (G1 Evacuation Pause)
[4118.866s][info][gc,task        ] GC(1096) Using 6 workers of 6 for evacuation
[4119.004s][info][gc,phases      ] GC(1096)   Pre Evacuate Collection Set: 0.40ms
[4119.004s][info][gc,phases      ] GC(1096)   Merge Heap Roots: 0.77ms
[4119.004s][info][gc,phases      ] GC(1096)   Evacuate Collection Set: 134.47ms
[4119.004s][info][gc,phases      ] GC(1096)   Post Evacuate Collection Set: 0.98ms
[4119.004s][info][gc,phases      ] GC(1096)   Other: 0.84ms
[4119.004s][info][gc,heap        ] GC(1096) Eden regions: 1111->0(1115)
[4119.004s][info][gc,heap        ] GC(1096) Survivor regions: 109->113(153)
[4119.004s][info][gc,heap        ] GC(1096) Old regions: 536->473
[4119.004s][info][gc,heap        ] GC(1096) Humongous regions: 80->80
[4119.004s][info][gc,metaspace   ] GC(1096) Metaspace: 28920K(29312K)->28920K(29312K) NonClass: 24051K(24256K)->24051K(24256K) Class: 4868K(5056K)->4868K(5056K)
[4119.004s][info][gc             ] GC(1096) Pause Young (Mixed) (G1 Evacuation Pause) 3671M->1330M(4096M) 137.610ms
[4119.004s][info][gc,cpu         ] GC(1096) User=0.81s Sys=0.00s Real=0.14s
...[4121.330s][info][gc,start       ] GC(1097) Pause Young (Concurrent Start) (G1 Evacuation Pause)
[4121.330s][info][gc,task        ] GC(1097) Using 6 workers of 6 for evacuation
[4121.451s][info][gc,phases      ] GC(1097)   Pre Evacuate Collection Set: 0.35ms
[4121.451s][info][gc,phases      ] GC(1097)   Merge Heap Roots: 0.45ms
[4121.451s][info][gc,phases      ] GC(1097)   Evacuate Collection Set: 119.23ms
[4121.451s][info][gc,phases      ] GC(1097)   Post Evacuate Collection Set: 0.88ms
[4121.451s][info][gc,phases      ] GC(1097)   Other: 0.12ms
[4121.451s][info][gc,heap        ] GC(1097) Eden regions: 1115->0(1115)
[4121.451s][info][gc,heap        ] GC(1097) Survivor regions: 113->113(154)
[4121.451s][info][gc,heap        ] GC(1097) Old regions: 473->505
[4121.451s][info][gc,heap        ] GC(1097) Humongous regions: 80->80
[4121.451s][info][gc,metaspace   ] GC(1097) Metaspace: 28920K(29312K)->28920K(29312K) NonClass: 24051K(24256K)->24051K(24256K) Class: 4868K(5056K)->4868K(5056K)
[4121.451s][info][gc             ] GC(1097) Pause Young (Concurrent Start) (G1 Evacuation Pause) 3560M->1394M(4096M) 121.175ms
[4121.451s][info][gc             ] GC(1098) Concurrent Mark Cycle
[4121.451s][info][gc,marking     ] GC(1098) Concurrent Scan Root Regions
[4121.451s][info][gc,cpu         ] GC(1097) User=0.72s Sys=0.00s Real=0.12s
[4121.598s][info][gc,marking     ] GC(1098) Concurrent Scan Root Regions 147.345ms
[4121.598s][info][gc,marking     ] GC(1098) Concurrent Mark
[4121.598s][info][gc,marking     ] GC(1098) Concurrent Mark From Roots
[4121.598s][info][gc,task        ] GC(1098) Using 2 workers of 2 for marking
.[4122.345s][info][gc,marking     ] GC(1098) Concurrent Mark From Roots 747.148ms
[4122.345s][info][gc,marking     ] GC(1098) Concurrent Preclean
[4122.346s][info][gc,marking     ] GC(1098) Concurrent Preclean 0.110ms
[4122.349s][info][gc,start       ] GC(1098) Pause Remark
[4122.355s][info][gc             ] GC(1098) Pause Remark 2214M->2214M(4096M) 5.979ms
[4122.355s][info][gc,cpu         ] GC(1098) User=0.03s Sys=0.00s Real=0.01s
[4122.355s][info][gc,marking     ] GC(1098) Concurrent Mark 756.845ms
[4122.355s][info][gc,marking     ] GC(1098) Concurrent Rebuild Remembered Sets and Scrub Regions
[4122.568s][info][gc,marking     ] GC(1098) Concurrent Rebuild Remembered Sets and Scrub Regions 212.733ms
[4122.568s][info][gc,start       ] GC(1098) Pause Cleanup
[4122.568s][info][gc             ] GC(1098) Pause Cleanup 2399M->2399M(4096M) 0.121ms
[4122.568s][info][gc,cpu         ] GC(1098) User=0.00s Sys=0.00s Real=0.00s
[4122.568s][info][gc,marking     ] GC(1098) Concurrent Clear Claimed Marks
[4122.568s][info][gc,marking     ] GC(1098) Concurrent Clear Claimed Marks 0.026ms
[4122.568s][info][gc,marking     ] GC(1098) Concurrent Cleanup for Next Mark
[4122.573s][info][gc,marking     ] GC(1098) Concurrent Cleanup for Next Mark 4.538ms
[4122.573s][info][gc             ] GC(1098) Concurrent Mark Cycle 1122.049ms
.[4123.968s][info][gc,start       ] GC(1099) Pause Young (Prepare Mixed) (G1 Evacuation Pause)
[4123.968s][info][gc,task        ] GC(1099) Using 6 workers of 6 for evacuation
[4124.085s][info][gc,phases      ] GC(1099)   Pre Evacuate Collection Set: 0.31ms
[4124.085s][info][gc,phases      ] GC(1099)   Merge Heap Roots: 0.48ms
[4124.085s][info][gc,phases      ] GC(1099)   Evacuate Collection Set: 115.69ms
[4124.085s][info][gc,phases      ] GC(1099)   Post Evacuate Collection Set: 0.88ms
[4124.086s][info][gc,phases      ] GC(1099)   Other: 0.09ms
[4124.086s][info][gc,heap        ] GC(1099) Eden regions: 1115->0(1106)
[4124.086s][info][gc,heap        ] GC(1099) Survivor regions: 113->111(154)
[4124.086s][info][gc,heap        ] GC(1099) Old regions: 505->537
[4124.086s][info][gc,heap        ] GC(1099) Humongous regions: 80->80
[4124.086s][info][gc,metaspace   ] GC(1099) Metaspace: 28920K(29312K)->28920K(29312K) NonClass: 24051K(24256K)->24051K(24256K) Class: 4868K(5056K)->4868K(5056K)
[4124.086s][info][gc             ] GC(1099) Pause Young (Prepare Mixed) (G1 Evacuation Pause) 3624M->1453M(4096M) 117.583ms
[4124.086s][info][gc,cpu         ] GC(1099) User=0.69s Sys=0.00s Real=0.12s
...[4126.498s][info][gc,start       ] GC(1100) Pause Young (Mixed) (G1 Evacuation Pause)
[4126.498s][info][gc,task        ] GC(1100) Using 6 workers of 6 for evacuation
[4126.629s][info][gc,phases      ] GC(1100)   Pre Evacuate Collection Set: 0.37ms
[4126.629s][info][gc,phases      ] GC(1100)   Merge Heap Roots: 0.65ms
[4126.629s][info][gc,phases      ] GC(1100)   Evacuate Collection Set: 128.54ms
[4126.629s][info][gc,phases      ] GC(1100)   Post Evacuate Collection Set: 0.93ms
[4126.629s][info][gc,phases      ] GC(1100)   Other: 0.09ms
[4126.629s][info][gc,heap        ] GC(1100) Eden regions: 1106->0(1119)
[4126.629s][info][gc,heap        ] GC(1100) Survivor regions: 111->109(153)
[4126.629s][info][gc,heap        ] GC(1100) Old regions: 537->473
[4126.629s][info][gc,heap        ] GC(1100) Humongous regions: 80->80
[4126.629s][info][gc,metaspace   ] GC(1100) Metaspace: 28920K(29312K)->28920K(29312K) NonClass: 24051K(24256K)->24051K(24256K) Class: 4868K(5056K)->4868K(5056K)
[4126.629s][info][gc             ] GC(1100) Pause Young (Mixed) (G1 Evacuation Pause) 3665M->1323M(4096M) 130.720ms
[4126.629s][info][gc,cpu         ] GC(1100) User=0.77s Sys=0.00s Real=0.13s
..[4129.013s][info][gc,start       ] GC(1101) Pause Young (Concurrent Start) (G1 Evacuation Pause)
[4129.013s][info][gc,task        ] GC(1101) Using 6 workers of 6 for evacuation
[4129.128s][info][gc,phases      ] GC(1101)   Pre Evacuate Collection Set: 0.42ms
[4129.128s][info][gc,phases      ] GC(1101)   Merge Heap Roots: 0.51ms
[4129.128s][info][gc,phases      ] GC(1101)   Evacuate Collection Set: 112.06ms
[4129.128s][info][gc,phases      ] GC(1101)   Post Evacuate Collection Set: 0.87ms
[4129.128s][info][gc,phases      ] GC(1101)   Other: 0.91ms
[4129.128s][info][gc,heap        ] GC(1101) Eden regions: 1119->0(1121)
[4129.128s][info][gc,heap        ] GC(1101) Survivor regions: 109->107(154)
[4129.128s][info][gc,heap        ] GC(1101) Old regions: 473->506
[4129.128s][info][gc,heap        ] GC(1101) Humongous regions: 80->80
[4129.128s][info][gc,metaspace   ] GC(1101) Metaspace: 28920K(29312K)->28920K(29312K) NonClass: 24051K(24256K)->24051K(24256K) Class: 4868K(5056K)->4868K(5056K)
[4129.128s][info][gc             ] GC(1101) Pause Young (Concurrent Start) (G1 Evacuation Pause) 3561M->1384M(4096M) 114.903ms
[4129.128s][info][gc             ] GC(1102) Concurrent Mark Cycle
[4129.128s][info][gc,marking     ] GC(1102) Concurrent Scan Root Regions
[4129.128s][info][gc,cpu         ] GC(1101) User=0.68s Sys=0.00s Real=0.11s
.[4129.295s][info][gc,marking     ] GC(1102) Concurrent Scan Root Regions 166.687ms
[4129.295s][info][gc,marking     ] GC(1102) Concurrent Mark
[4129.295s][info][gc,marking     ] GC(1102) Concurrent Mark From Roots
[4129.295s][info][gc,task        ] GC(1102) Using 2 workers of 2 for marking
[4130.115s][info][gc,marking     ] GC(1102) Concurrent Mark From Roots 820.152ms
[4130.115s][info][gc,marking     ] GC(1102) Concurrent Preclean
[4130.115s][info][gc,marking     ] GC(1102) Concurrent Preclean 0.077ms
[4130.117s][info][gc,start       ] GC(1102) Pause Remark
[4130.121s][info][gc             ] GC(1102) Pause Remark 2258M->2258M(4096M) 3.635ms
[4130.121s][info][gc,cpu         ] GC(1102) User=0.02s Sys=0.00s Real=0.00s
[4130.122s][info][gc,marking     ] GC(1102) Concurrent Mark 827.208ms
[4130.122s][info][gc,marking     ] GC(1102) Concurrent Rebuild Remembered Sets and Scrub Regions
.[4130.343s][info][gc,marking     ] GC(1102) Concurrent Rebuild Remembered Sets and Scrub Regions 220.859ms
[4130.343s][info][gc,start       ] GC(1102) Pause Cleanup
[4130.343s][info][gc             ] GC(1102) Pause Cleanup 2463M->2463M(4096M) 0.113ms
[4130.343s][info][gc,cpu         ] GC(1102) User=0.00s Sys=0.00s Real=0.00s
[4130.343s][info][gc,marking     ] GC(1102) Concurrent Clear Claimed Marks
[4130.343s][info][gc,marking     ] GC(1102) Concurrent Clear Claimed Marks 0.022ms
[4130.343s][info][gc,marking     ] GC(1102) Concurrent Cleanup for Next Mark
[4130.361s][info][gc,marking     ] GC(1102) Concurrent Cleanup for Next Mark 17.684ms
[4130.361s][info][gc             ] GC(1102) Concurrent Mark Cycle 1232.967ms
.[4131.557s][info][gc,start       ] GC(1103) Pause Young (Prepare Mixed) (G1 Evacuation Pause)
[4131.557s][info][gc,task        ] GC(1103) Using 6 workers of 6 for evacuation
[4131.680s][info][gc,phases      ] GC(1103)   Pre Evacuate Collection Set: 0.30ms
[4131.680s][info][gc,phases      ] GC(1103)   Merge Heap Roots: 0.52ms
[4131.680s][info][gc,phases      ] GC(1103)   Evacuate Collection Set: 120.52ms
[4131.680s][info][gc,phases      ] GC(1103)   Post Evacuate Collection Set: 0.90ms
[4131.680s][info][gc,phases      ] GC(1103)   Other: 0.09ms
[4131.680s][info][gc,heap        ] GC(1103) Eden regions: 1121->0(1100)
[4131.680s][info][gc,heap        ] GC(1103) Survivor regions: 107->114(154)
[4131.680s][info][gc,heap        ] GC(1103) Old regions: 506->537
[4131.680s][info][gc,heap        ] GC(1103) Humongous regions: 80->80
[4131.680s][info][gc,metaspace   ] GC(1103) Metaspace: 28920K(29312K)->28920K(29312K) NonClass: 24051K(24256K)->24051K(24256K) Class: 4868K(5056K)->4868K(5056K)
[4131.680s][info][gc             ] GC(1103) Pause Young (Prepare Mixed) (G1 Evacuation Pause) 3626M->1460M(4096M) 122.458ms
[4131.680s][info][gc,cpu         ] GC(1103) User=0.72s Sys=0.01s Real=0.12s
..[4134.102s][info][gc,start       ] GC(1104) Pause Young (Mixed) (G1 Evacuation Pause)
[4134.103s][info][gc,task        ] GC(1104) Using 6 workers of 6 for evacuation
[4134.233s][info][gc,phases      ] GC(1104)   Pre Evacuate Collection Set: 0.40ms
[4134.233s][info][gc,phases      ] GC(1104)   Merge Heap Roots: 0.72ms
[4134.233s][info][gc,phases      ] GC(1104)   Evacuate Collection Set: 127.59ms
[4134.233s][info][gc,phases      ] GC(1104)   Post Evacuate Collection Set: 0.95ms
[4134.233s][info][gc,phases      ] GC(1104)   Other: 0.82ms
[4134.233s][info][gc,heap        ] GC(1104) Eden regions: 1100->0(1121)
[4134.233s][info][gc,heap        ] GC(1104) Survivor regions: 114->107(152)
[4134.233s][info][gc,heap        ] GC(1104) Old regions: 537->473
[4134.233s][info][gc,heap        ] GC(1104) Humongous regions: 80->80
[4134.233s][info][gc,metaspace   ] GC(1104) Metaspace: 28920K(29312K)->28920K(29312K) NonClass: 24051K(24256K)->24051K(24256K) Class: 4868K(5056K)->4868K(5056K)
[4134.233s][info][gc             ] GC(1104) Pause Young (Mixed) (G1 Evacuation Pause) 3660M->1319M(4096M) 130.635ms
[4134.233s][info][gc,cpu         ] GC(1104) User=0.77s Sys=0.00s Real=0.13s
...[4136.671s][info][gc,start       ] GC(1105) Pause Young (Concurrent Start) (G1 Evacuation Pause)
[4136.671s][info][gc,task        ] GC(1105) Using 6 workers of 6 for evacuation
[4136.793s][info][gc,phases      ] GC(1105)   Pre Evacuate Collection Set: 0.37ms
[4136.793s][info][gc,phases      ] GC(1105)   Merge Heap Roots: 0.50ms
[4136.793s][info][gc,phases      ] GC(1105)   Evacuate Collection Set: 119.79ms
[4136.793s][info][gc,phases      ] GC(1105)   Post Evacuate Collection Set: 0.73ms
[4136.793s][info][gc,phases      ] GC(1105)   Other: 0.10ms
[4136.793s][info][gc,heap        ] GC(1105) Eden regions: 1121->0(1115)
[4136.793s][info][gc,heap        ] GC(1105) Survivor regions: 107->113(154)
[4136.793s][info][gc,heap        ] GC(1105) Old regions: 473->505
[4136.793s][info][gc,heap        ] GC(1105) Humongous regions: 80->80
[4136.793s][info][gc,metaspace   ] GC(1105) Metaspace: 28920K(29312K)->28920K(29312K) NonClass: 24051K(24256K)->24051K(24256K) Class: 4868K(5056K)->4868K(5056K)
[4136.793s][info][gc             ] GC(1105) Pause Young (Concurrent Start) (G1 Evacuation Pause) 3561M->1394M(4096M) 121.629ms
[4136.793s][info][gc             ] GC(1106) Concurrent Mark Cycle
[4136.793s][info][gc,marking     ] GC(1106) Concurrent Scan Root Regions
[4136.793s][info][gc,cpu         ] GC(1105) User=0.72s Sys=0.00s Real=0.13s
[4136.978s][info][gc,marking     ] GC(1106) Concurrent Scan Root Regions 184.966ms
[4136.978s][info][gc,marking     ] GC(1106) Concurrent Mark
[4136.978s][info][gc,marking     ] GC(1106) Concurrent Mark From Roots
[4136.978s][info][gc,task        ] GC(1106) Using 2 workers of 2 for marking
.[4137.563s][info][gc,marking     ] GC(1106) Concurrent Mark From Roots 585.210ms
[4137.563s][info][gc,marking     ] GC(1106) Concurrent Preclean
[4137.563s][info][gc,marking     ] GC(1106) Concurrent Preclean 0.110ms
[4137.564s][info][gc,start       ] GC(1106) Pause Remark
[4137.569s][info][gc             ] GC(1106) Pause Remark 2054M->2054M(4096M) 4.673ms
[4137.569s][info][gc,cpu         ] GC(1106) User=0.03s Sys=0.00s Real=0.00s
[4137.570s][info][gc,marking     ] GC(1106) Concurrent Mark 591.470ms
[4137.570s][info][gc,marking     ] GC(1106) Concurrent Rebuild Remembered Sets and Scrub Regions
[4137.881s][info][gc,marking     ] GC(1106) Concurrent Rebuild Remembered Sets and Scrub Regions 311.471ms
[4137.887s][info][gc,start       ] GC(1106) Pause Cleanup
[4137.887s][info][gc             ] GC(1106) Pause Cleanup 2384M->2384M(4096M) 0.132ms
[4137.887s][info][gc,cpu         ] GC(1106) User=0.00s Sys=0.00s Real=0.00s
[4137.887s][info][gc,marking     ] GC(1106) Concurrent Clear Claimed Marks
[4137.887s][info][gc,marking     ] GC(1106) Concurrent Clear Claimed Marks 0.023ms
[4137.887s][info][gc,marking     ] GC(1106) Concurrent Cleanup for Next Mark
[4137.893s][info][gc,marking     ] GC(1106) Concurrent Cleanup for Next Mark 5.215ms
[4137.893s][info][gc             ] GC(1106) Concurrent Mark Cycle 1099.641ms
.[4139.180s][info][gc,start       ] GC(1107) Pause Young (Prepare Mixed) (G1 Evacuation Pause)
[4139.180s][info][gc,task        ] GC(1107) Using 6 workers of 6 for evacuation
[4139.296s][info][gc,phases      ] GC(1107)   Pre Evacuate Collection Set: 0.33ms
[4139.296s][info][gc,phases      ] GC(1107)   Merge Heap Roots: 0.55ms
[4139.296s][info][gc,phases      ] GC(1107)   Evacuate Collection Set: 112.96ms
[4139.296s][info][gc,phases      ] GC(1107)   Post Evacuate Collection Set: 0.91ms
[4139.296s][info][gc,phases      ] GC(1107)   Other: 0.88ms
[4139.296s][info][gc,heap        ] GC(1107) Eden regions: 1115->0(1112)
[4139.296s][info][gc,heap        ] GC(1107) Survivor regions: 113->108(154)
[4139.296s][info][gc,heap        ] GC(1107) Old regions: 505->537
[4139.296s][info][gc,heap        ] GC(1107) Humongous regions: 80->80
[4139.296s][info][gc,metaspace   ] GC(1107) Metaspace: 28920K(29312K)->28920K(29312K) NonClass: 24051K(24256K)->24051K(24256K) Class: 4868K(5056K)->4868K(5056K)
[4139.296s][info][gc             ] GC(1107) Pause Young (Prepare Mixed) (G1 Evacuation Pause) 3624M->1448M(4096M) 115.767ms
[4139.296s][info][gc,cpu         ] GC(1107) User=0.68s Sys=0.00s Real=0.12s
...[4141.734s][info][gc,start       ] GC(1108) Pause Young (Mixed) (G1 Evacuation Pause)
[4141.734s][info][gc,task        ] GC(1108) Using 6 workers of 6 for evacuation
[4141.869s][info][gc,phases      ] GC(1108)   Pre Evacuate Collection Set: 0.38ms
[4141.869s][info][gc,phases      ] GC(1108)   Merge Heap Roots: 0.74ms
[4141.869s][info][gc,phases      ] GC(1108)   Evacuate Collection Set: 132.31ms
[4141.869s][info][gc,phases      ] GC(1108)   Post Evacuate Collection Set: 0.93ms
[4141.869s][info][gc,phases      ] GC(1108)   Other: 0.09ms
[4141.869s][info][gc,heap        ] GC(1108) Eden regions: 1112->0(1118)
[4141.869s][info][gc,heap        ] GC(1108) Survivor regions: 108->110(153)
[4141.869s][info][gc,heap        ] GC(1108) Old regions: 537->473
[4141.869s][info][gc,heap        ] GC(1108) Humongous regions: 80->80
[4141.869s][info][gc,metaspace   ] GC(1108) Metaspace: 28920K(29312K)->28920K(29312K) NonClass: 24051K(24256K)->24051K(24256K) Class: 4868K(5056K)->4868K(5056K)
[4141.869s][info][gc             ] GC(1108) Pause Young (Mixed) (G1 Evacuation Pause) 3672M->1324M(4096M) 134.567ms
[4141.869s][info][gc,cpu         ] GC(1108) User=0.80s Sys=0.00s Real=0.13s
..[4144.282s][info][gc,start       ] GC(1109) Pause Young (Concurrent Start) (G1 Evacuation Pause)
[4144.282s][info][gc,task        ] GC(1109) Using 6 workers of 6 for evacuation
[4144.397s][info][gc,phases      ] GC(1109)   Pre Evacuate Collection Set: 0.36ms
[4144.397s][info][gc,phases      ] GC(1109)   Merge Heap Roots: 0.48ms
[4144.397s][info][gc,phases      ] GC(1109)   Evacuate Collection Set: 112.91ms
[4144.397s][info][gc,phases      ] GC(1109)   Post Evacuate Collection Set: 0.88ms
[4144.397s][info][gc,phases      ] GC(1109)   Other: 0.11ms
[4144.397s][info][gc,heap        ] GC(1109) Eden regions: 1118->0(1120)
[4144.397s][info][gc,heap        ] GC(1109) Survivor regions: 110->108(154)
[4144.397s][info][gc,heap        ] GC(1109) Old regions: 473->504
[4144.397s][info][gc,heap        ] GC(1109) Humongous regions: 80->80
[4144.397s][info][gc,metaspace   ] GC(1109) Metaspace: 28920K(29312K)->28920K(29312K) NonClass: 24051K(24256K)->24051K(24256K) Class: 4868K(5056K)->4868K(5056K)
[4144.397s][info][gc             ] GC(1109) Pause Young (Concurrent Start) (G1 Evacuation Pause) 3560M->1382M(4096M) 114.864ms
[4144.397s][info][gc             ] GC(1110) Concurrent Mark Cycle
[4144.397s][info][gc,cpu         ] GC(1109) User=0.68s Sys=0.00s Real=0.11s
[4144.397s][info][gc,marking     ] GC(1110) Concurrent Scan Root Regions
.[4144.561s][info][gc,marking     ] GC(1110) Concurrent Scan Root Regions 164.171ms
[4144.561s][info][gc,marking     ] GC(1110) Concurrent Mark
[4144.561s][info][gc,marking     ] GC(1110) Concurrent Mark From Roots
[4144.561s][info][gc,task        ] GC(1110) Using 2 workers of 2 for marking
[4145.144s][info][gc,marking     ] GC(1110) Concurrent Mark From Roots 582.423ms
[4145.144s][info][gc,marking     ] GC(1110) Concurrent Preclean
[4145.144s][info][gc,marking     ] GC(1110) Concurrent Preclean 0.106ms
[4145.147s][info][gc,start       ] GC(1110) Pause Remark
[4145.152s][info][gc             ] GC(1110) Pause Remark 2024M->2024M(4096M) 4.902ms
[4145.152s][info][gc,cpu         ] GC(1110) User=0.03s Sys=0.00s Real=0.01s
[4145.152s][info][gc,marking     ] GC(1110) Concurrent Mark 590.975ms
[4145.152s][info][gc,marking     ] GC(1110) Concurrent Rebuild Remembered Sets and Scrub Regions
[4145.427s][info][gc,marking     ] GC(1110) Concurrent Rebuild Remembered Sets and Scrub Regions 275.252ms
[4145.428s][info][gc,start       ] GC(1110) Pause Cleanup
[4145.428s][info][gc             ] GC(1110) Pause Cleanup 2322M->2322M(4096M) 0.117ms
[4145.428s][info][gc,cpu         ] GC(1110) User=0.00s Sys=0.00s Real=0.00s
[4145.428s][info][gc,marking     ] GC(1110) Concurrent Clear Claimed Marks
[4145.428s][info][gc,marking     ] GC(1110) Concurrent Clear Claimed Marks 0.031ms
[4145.428s][info][gc,marking     ] GC(1110) Concurrent Cleanup for Next Mark
[4145.434s][info][gc,marking     ] GC(1110) Concurrent Cleanup for Next Mark 5.671ms
[4145.434s][info][gc             ] GC(1110) Concurrent Mark Cycle 1037.194ms
..[4146.834s][info][gc,start       ] GC(1111) Pause Young (Prepare Mixed) (G1 Evacuation Pause)
[4146.835s][info][gc,task        ] GC(1111) Using 6 workers of 6 for evacuation
[4146.955s][info][gc,phases      ] GC(1111)   Pre Evacuate Collection Set: 0.30ms
[4146.955s][info][gc,phases      ] GC(1111)   Merge Heap Roots: 0.51ms
[4146.955s][info][gc,phases      ] GC(1111)   Evacuate Collection Set: 119.07ms
[4146.955s][info][gc,phases      ] GC(1111)   Post Evacuate Collection Set: 0.95ms
[4146.955s][info][gc,phases      ] GC(1111)   Other: 0.08ms
[4146.955s][info][gc,heap        ] GC(1111) Eden regions: 1120->0(1103)
[4146.955s][info][gc,heap        ] GC(1111) Survivor regions: 108->113(154)
[4146.955s][info][gc,heap        ] GC(1111) Old regions: 504->536
[4146.955s][info][gc,heap        ] GC(1111) Humongous regions: 80->80
[4146.955s][info][gc,metaspace   ] GC(1111) Metaspace: 28920K(29312K)->28920K(29312K) NonClass: 24051K(24256K)->24051K(24256K) Class: 4868K(5056K)->4868K(5056K)
[4146.956s][info][gc             ] GC(1111) Pause Young (Prepare Mixed) (G1 Evacuation Pause) 3622M->1455M(4096M) 121.047ms
[4146.956s][info][gc,cpu         ] GC(1111) User=0.72s Sys=0.00s Real=0.12s
..[4149.338s][info][gc,start       ] GC(1112) Pause Young (Mixed) (G1 Evacuation Pause)
[4149.339s][info][gc,task        ] GC(1112) Using 6 workers of 6 for evacuation
[4149.473s][info][gc,phases      ] GC(1112)   Pre Evacuate Collection Set: 0.38ms
[4149.473s][info][gc,phases      ] GC(1112)   Merge Heap Roots: 0.71ms
[4149.473s][info][gc,phases      ] GC(1112)   Evacuate Collection Set: 131.99ms
[4149.473s][info][gc,phases      ] GC(1112)   Post Evacuate Collection Set: 0.94ms
[4149.473s][info][gc,phases      ] GC(1112)   Other: 0.83ms
[4149.473s][info][gc,heap        ] GC(1112) Eden regions: 1103->0(1119)
[4149.473s][info][gc,heap        ] GC(1112) Survivor regions: 113->109(152)
[4149.473s][info][gc,heap        ] GC(1112) Old regions: 536->473
[4149.473s][info][gc,heap        ] GC(1112) Humongous regions: 80->80
[4149.473s][info][gc,metaspace   ] GC(1112) Metaspace: 28920K(29312K)->28920K(29312K) NonClass: 24051K(24256K)->24051K(24256K) Class: 4868K(5056K)->4868K(5056K)
[4149.473s][info][gc             ] GC(1112) Pause Young (Mixed) (G1 Evacuation Pause) 3661M->1321M(4096M) 134.984ms
[4149.474s][info][gc,cpu         ] GC(1112) User=0.80s Sys=0.00s Real=0.14s
...[4151.872s][info][gc,start       ] GC(1113) Pause Young (Concurrent Start) (G1 Evacuation Pause)
[4151.872s][info][gc,task        ] GC(1113) Using 6 workers of 6 for evacuation
[4151.990s][info][gc,phases      ] GC(1113)   Pre Evacuate Collection Set: 0.37ms
[4151.990s][info][gc,phases      ] GC(1113)   Merge Heap Roots: 0.46ms
[4151.990s][info][gc,phases      ] GC(1113)   Evacuate Collection Set: 115.93ms
[4151.990s][info][gc,phases      ] GC(1113)   Post Evacuate Collection Set: 0.91ms
[4151.990s][info][gc,phases      ] GC(1113)   Other: 0.11ms
[4151.990s][info][gc,heap        ] GC(1113) Eden regions: 1119->0(1117)
[4151.990s][info][gc,heap        ] GC(1113) Survivor regions: 109->111(154)
[4151.990s][info][gc,heap        ] GC(1113) Old regions: 473->504
[4151.990s][info][gc,heap        ] GC(1113) Humongous regions: 80->80
[4151.990s][info][gc,metaspace   ] GC(1113) Metaspace: 28920K(29312K)->28920K(29312K) NonClass: 24051K(24256K)->24051K(24256K) Class: 4868K(5056K)->4868K(5056K)
[4151.990s][info][gc             ] GC(1113) Pause Young (Concurrent Start) (G1 Evacuation Pause) 3559M->1388M(4096M) 117.891ms
[4151.990s][info][gc             ] GC(1114) Concurrent Mark Cycle
[4151.990s][info][gc,marking     ] GC(1114) Concurrent Scan Root Regions
[4151.990s][info][gc,cpu         ] GC(1113) User=0.71s Sys=0.00s Real=0.11s
[4152.219s][info][gc,marking     ] GC(1114) Concurrent Scan Root Regions 229.055ms
[4152.219s][info][gc,marking     ] GC(1114) Concurrent Mark
[4152.219s][info][gc,marking     ] GC(1114) Concurrent Mark From Roots
[4152.219s][info][gc,task        ] GC(1114) Using 2 workers of 2 for marking
.[4153.195s][info][gc,marking     ] GC(1114) Concurrent Mark From Roots 976.180ms
[4153.195s][info][gc,marking     ] GC(1114) Concurrent Preclean
[4153.195s][info][gc,marking     ] GC(1114) Concurrent Preclean 0.114ms
[4153.197s][info][gc,start       ] GC(1114) Pause Remark
[4153.204s][info][gc             ] GC(1114) Pause Remark 2496M->2496M(4096M) 7.310ms
[4153.204s][info][gc,cpu         ] GC(1114) User=0.04s Sys=0.00s Real=0.01s
[4153.204s][info][gc,marking     ] GC(1114) Concurrent Mark 985.158ms
[4153.204s][info][gc,marking     ] GC(1114) Concurrent Rebuild Remembered Sets and Scrub Regions
[4153.543s][info][gc,marking     ] GC(1114) Concurrent Rebuild Remembered Sets and Scrub Regions 338.940ms
[4153.543s][info][gc,start       ] GC(1114) Pause Cleanup
[4153.543s][info][gc             ] GC(1114) Pause Cleanup 2827M->2827M(4096M) 0.114ms
[4153.543s][info][gc,cpu         ] GC(1114) User=0.00s Sys=0.00s Real=0.00s
[4153.543s][info][gc,marking     ] GC(1114) Concurrent Clear Claimed Marks
[4153.544s][info][gc,marking     ] GC(1114) Concurrent Clear Claimed Marks 0.024ms
[4153.544s][info][gc,marking     ] GC(1114) Concurrent Cleanup for Next Mark
[4153.548s][info][gc,marking     ] GC(1114) Concurrent Cleanup for Next Mark 4.479ms
[4153.548s][info][gc             ] GC(1114) Concurrent Mark Cycle 1558.150ms
.[4154.437s][info][gc,start       ] GC(1115) Pause Young (Prepare Mixed) (G1 Evacuation Pause)
[4154.437s][info][gc,task        ] GC(1115) Using 6 workers of 6 for evacuation
[4154.555s][info][gc,phases      ] GC(1115)   Pre Evacuate Collection Set: 0.34ms
[4154.555s][info][gc,phases      ] GC(1115)   Merge Heap Roots: 0.60ms
[4154.555s][info][gc,phases      ] GC(1115)   Evacuate Collection Set: 115.33ms
[4154.555s][info][gc,phases      ] GC(1115)   Post Evacuate Collection Set: 0.92ms
[4154.555s][info][gc,phases      ] GC(1115)   Other: 0.86ms
[4154.555s][info][gc,heap        ] GC(1115) Eden regions: 1117->0(1108)
[4154.555s][info][gc,heap        ] GC(1115) Survivor regions: 111->110(154)
[4154.555s][info][gc,heap        ] GC(1115) Old regions: 504->537
[4154.555s][info][gc,heap        ] GC(1115) Humongous regions: 80->80
[4154.555s][info][gc,metaspace   ] GC(1115) Metaspace: 28920K(29312K)->28920K(29312K) NonClass: 24051K(24256K)->24051K(24256K) Class: 4868K(5056K)->4868K(5056K)
[4154.555s][info][gc             ] GC(1115) Pause Young (Prepare Mixed) (G1 Evacuation Pause) 3622M->1451M(4096M) 118.179ms
[4154.555s][info][gc,cpu         ] GC(1115) User=0.70s Sys=0.00s Real=0.12s
...[4157.038s][info][gc,start       ] GC(1116) Pause Young (Mixed) (G1 Evacuation Pause)
[4157.038s][info][gc,task        ] GC(1116) Using 6 workers of 6 for evacuation
[4157.168s][info][gc,phases      ] GC(1116)   Pre Evacuate Collection Set: 0.38ms
[4157.168s][info][gc,phases      ] GC(1116)   Merge Heap Roots: 0.69ms
[4157.168s][info][gc,phases      ] GC(1116)   Evacuate Collection Set: 128.26ms
[4157.168s][info][gc,phases      ] GC(1116)   Post Evacuate Collection Set: 0.93ms
[4157.168s][info][gc,phases      ] GC(1116)   Other: 0.09ms
[4157.168s][info][gc,heap        ] GC(1116) Eden regions: 1108->0(1121)
[4157.168s][info][gc,heap        ] GC(1116) Survivor regions: 110->107(153)
[4157.168s][info][gc,heap        ] GC(1116) Old regions: 537->473
[4157.168s][info][gc,heap        ] GC(1116) Humongous regions: 80->80
[4157.168s][info][gc,metaspace   ] GC(1116) Metaspace: 28920K(29312K)->28920K(29312K) NonClass: 24051K(24256K)->24051K(24256K) Class: 4868K(5056K)->4868K(5056K)
[4157.168s][info][gc             ] GC(1116) Pause Young (Mixed) (G1 Evacuation Pause) 3667M->1318M(4096M) 130.472ms
[4157.168s][info][gc,cpu         ] GC(1116) User=0.78s Sys=0.00s Real=0.13s
..[4159.548s][info][gc,start       ] GC(1117) Pause Young (Concurrent Start) (G1 Evacuation Pause)
[4159.548s][info][gc,task        ] GC(1117) Using 6 workers of 6 for evacuation
[4159.665s][info][gc,phases      ] GC(1117)   Pre Evacuate Collection Set: 0.35ms
[4159.665s][info][gc,phases      ] GC(1117)   Merge Heap Roots: 0.45ms
[4159.665s][info][gc,phases      ] GC(1117)   Evacuate Collection Set: 114.76ms
[4159.665s][info][gc,phases      ] GC(1117)   Post Evacuate Collection Set: 0.89ms
[4159.665s][info][gc,phases      ] GC(1117)   Other: 0.11ms
[4159.665s][info][gc,heap        ] GC(1117) Eden regions: 1121->0(1120)
[4159.665s][info][gc,heap        ] GC(1117) Survivor regions: 107->108(154)
[4159.665s][info][gc,heap        ] GC(1117) Old regions: 473->505
[4159.665s][info][gc,heap        ] GC(1117) Humongous regions: 80->80
[4159.665s][info][gc,metaspace   ] GC(1117) Metaspace: 28920K(29312K)->28920K(29312K) NonClass: 24051K(24256K)->24051K(24256K) Class: 4868K(5056K)->4868K(5056K)
[4159.665s][info][gc             ] GC(1117) Pause Young (Concurrent Start) (G1 Evacuation Pause) 3560M->1384M(4096M) 116.689ms
[4159.665s][info][gc             ] GC(1118) Concurrent Mark Cycle
[4159.665s][info][gc,marking     ] GC(1118) Concurrent Scan Root Regions
[4159.665s][info][gc,cpu         ] GC(1117) User=0.69s Sys=0.00s Real=0.12s
.[4159.872s][info][gc,marking     ] GC(1118) Concurrent Scan Root Regions 206.679ms
[4159.872s][info][gc,marking     ] GC(1118) Concurrent Mark
[4159.872s][info][gc,marking     ] GC(1118) Concurrent Mark From Roots
[4159.872s][info][gc,task        ] GC(1118) Using 2 workers of 2 for marking
[4160.603s][info][gc,marking     ] GC(1118) Concurrent Mark From Roots 730.954ms
[4160.603s][info][gc,marking     ] GC(1118) Concurrent Preclean
[4160.603s][info][gc,marking     ] GC(1118) Concurrent Preclean 0.098ms
[4160.603s][info][gc,start       ] GC(1118) Pause Remark
[4160.607s][info][gc             ] GC(1118) Pause Remark 2212M->2212M(4096M) 3.881ms
[4160.607s][info][gc,cpu         ] GC(1118) User=0.02s Sys=0.00s Real=0.00s
[4160.607s][info][gc,marking     ] GC(1118) Concurrent Mark 735.296ms
[4160.607s][info][gc,marking     ] GC(1118) Concurrent Rebuild Remembered Sets and Scrub Regions
.[4160.821s][info][gc,marking     ] GC(1118) Concurrent Rebuild Remembered Sets and Scrub Regions 214.288ms
[4160.821s][info][gc,start       ] GC(1118) Pause Cleanup
[4160.822s][info][gc             ] GC(1118) Pause Cleanup 2403M->2403M(4096M) 0.099ms
[4160.822s][info][gc,cpu         ] GC(1118) User=0.00s Sys=0.00s Real=0.00s
[4160.822s][info][gc,marking     ] GC(1118) Concurrent Clear Claimed Marks
[4160.822s][info][gc,marking     ] GC(1118) Concurrent Clear Claimed Marks 0.028ms
[4160.822s][info][gc,marking     ] GC(1118) Concurrent Cleanup for Next Mark
[4160.827s][info][gc,marking     ] GC(1118) Concurrent Cleanup for Next Mark 5.819ms
[4160.828s][info][gc             ] GC(1118) Concurrent Mark Cycle 1162.553ms
.[4162.218s][info][gc,start       ] GC(1119) Pause Young (Prepare Mixed) (G1 Evacuation Pause)
[4162.218s][info][gc,task        ] GC(1119) Using 6 workers of 6 for evacuation
[4162.334s][info][gc,phases      ] GC(1119)   Pre Evacuate Collection Set: 0.34ms
[4162.334s][info][gc,phases      ] GC(1119)   Merge Heap Roots: 0.53ms
[4162.334s][info][gc,phases      ] GC(1119)   Evacuate Collection Set: 114.44ms
[4162.334s][info][gc,phases      ] GC(1119)   Post Evacuate Collection Set: 0.91ms
[4162.334s][info][gc,phases      ] GC(1119)   Other: 0.09ms
[4162.334s][info][gc,heap        ] GC(1119) Eden regions: 1120->0(1110)
[4162.334s][info][gc,heap        ] GC(1119) Survivor regions: 108->109(154)
[4162.334s][info][gc,heap        ] GC(1119) Old regions: 505->537
[4162.334s][info][gc,heap        ] GC(1119) Humongous regions: 80->80
[4162.334s][info][gc,metaspace   ] GC(1119) Metaspace: 28920K(29312K)->28920K(29312K) NonClass: 24051K(24256K)->24051K(24256K) Class: 4868K(5056K)->4868K(5056K)
[4162.334s][info][gc             ] GC(1119) Pause Young (Prepare Mixed) (G1 Evacuation Pause) 3624M->1450M(4096M) 116.443ms
[4162.334s][info][gc,cpu         ] GC(1119) User=0.69s Sys=0.00s Real=0.12s
..[4164.715s][info][gc,start       ] GC(1120) Pause Young (Mixed) (G1 Evacuation Pause)
[4164.716s][info][gc,task        ] GC(1120) Using 6 workers of 6 for evacuation
[4164.854s][info][gc,phases      ] GC(1120)   Pre Evacuate Collection Set: 0.36ms
[4164.854s][info][gc,phases      ] GC(1120)   Merge Heap Roots: 0.76ms
[4164.854s][info][gc,phases      ] GC(1120)   Evacuate Collection Set: 135.82ms
[4164.854s][info][gc,phases      ] GC(1120)   Post Evacuate Collection Set: 0.93ms
[4164.854s][info][gc,phases      ] GC(1120)   Other: 0.09ms
[4164.854s][info][gc,heap        ] GC(1120) Eden regions: 1110->0(1115)
[4164.854s][info][gc,heap        ] GC(1120) Survivor regions: 109->113(153)
[4164.854s][info][gc,heap        ] GC(1120) Old regions: 537->474
[4164.854s][info][gc,heap        ] GC(1120) Humongous regions: 80->80
[4164.854s][info][gc,metaspace   ] GC(1120) Metaspace: 28920K(29312K)->28920K(29312K) NonClass: 24051K(24256K)->24051K(24256K) Class: 4868K(5056K)->4868K(5056K)
[4164.854s][info][gc             ] GC(1120) Pause Young (Mixed) (G1 Evacuation Pause) 3670M->1332M(4096M) 138.100ms
[4164.854s][info][gc,cpu         ] GC(1120) User=0.82s Sys=0.00s Real=0.14s
...[4167.194s][info][gc,start       ] GC(1121) Pause Young (Concurrent Start) (G1 Evacuation Pause)
[4167.194s][info][gc,task        ] GC(1121) Using 6 workers of 6 for evacuation
[4167.312s][info][gc,phases      ] GC(1121)   Pre Evacuate Collection Set: 0.33ms
[4167.312s][info][gc,phases      ] GC(1121)   Merge Heap Roots: 0.46ms
[4167.312s][info][gc,phases      ] GC(1121)   Evacuate Collection Set: 116.03ms
[4167.312s][info][gc,phases      ] GC(1121)   Post Evacuate Collection Set: 0.87ms
[4167.312s][info][gc,phases      ] GC(1121)   Other: 0.09ms
[4167.312s][info][gc,heap        ] GC(1121) Eden regions: 1115->0(1118)
[4167.312s][info][gc,heap        ] GC(1121) Survivor regions: 113->110(154)
[4167.312s][info][gc,heap        ] GC(1121) Old regions: 474->506
[4167.312s][info][gc,heap        ] GC(1121) Humongous regions: 80->80
[4167.312s][info][gc,metaspace   ] GC(1121) Metaspace: 28920K(29312K)->28920K(29312K) NonClass: 24051K(24256K)->24051K(24256K) Class: 4868K(5056K)->4868K(5056K)
[4167.312s][info][gc             ] GC(1121) Pause Young (Concurrent Start) (G1 Evacuation Pause) 3562M->1390M(4096M) 117.918ms
[4167.312s][info][gc             ] GC(1122) Concurrent Mark Cycle
[4167.312s][info][gc,marking     ] GC(1122) Concurrent Scan Root Regions
[4167.312s][info][gc,cpu         ] GC(1121) User=0.70s Sys=0.00s Real=0.12s
[4167.452s][info][gc,marking     ] GC(1122) Concurrent Scan Root Regions 140.161ms
[4167.452s][info][gc,marking     ] GC(1122) Concurrent Mark
[4167.452s][info][gc,marking     ] GC(1122) Concurrent Mark From Roots
[4167.452s][info][gc,task        ] GC(1122) Using 2 workers of 2 for marking
.[4168.154s][info][gc,marking     ] GC(1122) Concurrent Mark From Roots 701.807ms
[4168.154s][info][gc,marking     ] GC(1122) Concurrent Preclean
[4168.154s][info][gc,marking     ] GC(1122) Concurrent Preclean 0.085ms
[4168.157s][info][gc,start       ] GC(1122) Pause Remark
[4168.162s][info][gc             ] GC(1122) Pause Remark 2152M->2152M(4096M) 4.882ms
[4168.162s][info][gc,cpu         ] GC(1122) User=0.03s Sys=0.00s Real=0.01s
[4168.162s][info][gc,marking     ] GC(1122) Concurrent Mark 709.854ms
[4168.162s][info][gc,marking     ] GC(1122) Concurrent Rebuild Remembered Sets and Scrub Regions
[4168.431s][info][gc,marking     ] GC(1122) Concurrent Rebuild Remembered Sets and Scrub Regions 269.367ms
[4168.432s][info][gc,start       ] GC(1122) Pause Cleanup
[4168.432s][info][gc             ] GC(1122) Pause Cleanup 2404M->2404M(4096M) 0.127ms
[4168.432s][info][gc,cpu         ] GC(1122) User=0.00s Sys=0.00s Real=0.01s
[4168.432s][info][gc,marking     ] GC(1122) Concurrent Clear Claimed Marks
[4168.432s][info][gc,marking     ] GC(1122) Concurrent Clear Claimed Marks 0.027ms
[4168.432s][info][gc,marking     ] GC(1122) Concurrent Cleanup for Next Mark
[4168.436s][info][gc,marking     ] GC(1122) Concurrent Cleanup for Next Mark 4.187ms
[4168.436s][info][gc             ] GC(1122) Concurrent Mark Cycle 1124.302ms
.[4169.776s][info][gc,start       ] GC(1123) Pause Young (Prepare Mixed) (G1 Evacuation Pause)
[4169.776s][info][gc,task        ] GC(1123) Using 6 workers of 6 for evacuation
[4169.896s][info][gc,phases      ] GC(1123)   Pre Evacuate Collection Set: 0.33ms
[4169.896s][info][gc,phases      ] GC(1123)   Merge Heap Roots: 0.49ms
[4169.896s][info][gc,phases      ] GC(1123)   Evacuate Collection Set: 118.49ms
[4169.896s][info][gc,phases      ] GC(1123)   Post Evacuate Collection Set: 0.92ms
[4169.896s][info][gc,phases      ] GC(1123)   Other: 0.09ms
[4169.896s][info][gc,heap        ] GC(1123) Eden regions: 1118->0(1104)
[4169.896s][info][gc,heap        ] GC(1123) Survivor regions: 110->111(154)
[4169.896s][info][gc,heap        ] GC(1123) Old regions: 506->539
[4169.896s][info][gc,heap        ] GC(1123) Humongous regions: 80->80
[4169.896s][info][gc,metaspace   ] GC(1123) Metaspace: 28920K(29312K)->28920K(29312K) NonClass: 24051K(24256K)->24051K(24256K) Class: 4868K(5056K)->4868K(5056K)
[4169.896s][info][gc             ] GC(1123) Pause Young (Prepare Mixed) (G1 Evacuation Pause) 3626M->1459M(4096M) 120.462ms
[4169.896s][info][gc,cpu         ] GC(1123) User=0.71s Sys=0.00s Real=0.12s
... (rIR:aIR:PR = 7334:7358:7358) (tPR = 109023) [OK] 
  4171s: Performance info:
         Transaction,    Success,    Partial,     Failed,   Receipts, AvgBarcode, 
             Overall,     441832,          0,          0,     419831,      59.47, 
         Response times:
             Request,    Success,    Partial,     Failed,   SkipFail,     Probes,    Samples,      min,      p50,      p90,      p95,      p99,      max, 
       TotalPurchase,     419831,          0,          0,          0,     356627,     397466,      300,     6100,    56000,    90000,   149000,   345000,
     InStorePurchase,     221224,          0,          0,          0,     187492,     208557,      300,     6100,    56000,    90000,   149000,   334000,
      OnlinePurchase,     154459,          0,          0,          0,     131175,     146265,      300,     6100,    56000,    90000,   149000,   345000,
        InstPurchase,      44148,          0,          0,          0,      37960,      42644,      400,     6300,    57000,    92000,   153000,   282000,
          AssocOfCat,        444,          0,          0,          0,        360,        488,    24000,    40000,   109100,   138200,   202100,   352000,
      AssocOfProduct,       4420,          0,          0,          0,       4050,       4687,      400,     6300,    56000,    93000,   151120,   247000,
      BusinessReport,       1100,          0,          0,          0,        946,       1175,    27000,    50000,   146400,   194400,   236000,   377000,
          CustBuyBeh,       4411,          0,          0,          0,       4094,       4763,      200,     4400,    47000,    76000,   148000,   209000,
       ProductReturn,      11626,          0,          0,          0,       9896,      11321,      200,     5500,    54000,    89000,   145780,   256000,

  4171s: (54%)   IR =   7472 [4172.275s][info][gc,start       ] GC(1124) Pause Young (Mixed) (G1 Evacuation Pause)
[4172.275s][info][gc,task        ] GC(1124) Using 6 workers of 6 for evacuation
[4172.407s][info][gc,phases      ] GC(1124)   Pre Evacuate Collection Set: 0.38ms
[4172.407s][info][gc,phases      ] GC(1124)   Merge Heap Roots: 0.71ms
[4172.407s][info][gc,phases      ] GC(1124)   Evacuate Collection Set: 129.41ms
[4172.407s][info][gc,phases      ] GC(1124)   Post Evacuate Collection Set: 0.91ms
[4172.407s][info][gc,phases      ] GC(1124)   Other: 0.09ms
[4172.407s][info][gc,heap        ] GC(1124) Eden regions: 1104->0(1120)
[4172.407s][info][gc,heap        ] GC(1124) Survivor regions: 111->108(152)
[4172.407s][info][gc,heap        ] GC(1124) Old regions: 539->475
[4172.407s][info][gc,heap        ] GC(1124) Humongous regions: 80->80
[4172.407s][info][gc,metaspace   ] GC(1124) Metaspace: 28920K(29312K)->28920K(29312K) NonClass: 24052K(24256K)->24052K(24256K) Class: 4868K(5056K)->4868K(5056K)
[4172.407s][info][gc             ] GC(1124) Pause Young (Mixed) (G1 Evacuation Pause) 3667M->1325M(4096M) 131.615ms
[4172.407s][info][gc,cpu         ] GC(1124) User=0.79s Sys=0.00s Real=0.13s
..[4174.784s][info][gc,start       ] GC(1125) Pause Young (Concurrent Start) (G1 Evacuation Pause)
[4174.784s][info][gc,task        ] GC(1125) Using 6 workers of 6 for evacuation
[4174.904s][info][gc,phases      ] GC(1125)   Pre Evacuate Collection Set: 0.40ms
[4174.904s][info][gc,phases      ] GC(1125)   Merge Heap Roots: 0.60ms
[4174.904s][info][gc,phases      ] GC(1125)   Evacuate Collection Set: 117.41ms
[4174.904s][info][gc,phases      ] GC(1125)   Post Evacuate Collection Set: 0.85ms
[4174.904s][info][gc,phases      ] GC(1125)   Other: 0.89ms
[4174.904s][info][gc,heap        ] GC(1125) Eden regions: 1120->0(1117)
[4174.904s][info][gc,heap        ] GC(1125) Survivor regions: 108->111(154)
[4174.904s][info][gc,heap        ] GC(1125) Old regions: 475->508
[4174.904s][info][gc,heap        ] GC(1125) Humongous regions: 80->80
[4174.904s][info][gc,metaspace   ] GC(1125) Metaspace: 28920K(29312K)->28920K(29312K) NonClass: 24052K(24256K)->24052K(24256K) Class: 4868K(5056K)->4868K(5056K)
[4174.904s][info][gc             ] GC(1125) Pause Young (Concurrent Start) (G1 Evacuation Pause) 3565M->1396M(4096M) 120.288ms
[4174.904s][info][gc             ] GC(1126) Concurrent Mark Cycle
[4174.904s][info][gc,marking     ] GC(1126) Concurrent Scan Root Regions
[4174.904s][info][gc,cpu         ] GC(1125) User=0.71s Sys=0.00s Real=0.12s
.[4175.045s][info][gc,marking     ] GC(1126) Concurrent Scan Root Regions 140.729ms
[4175.045s][info][gc,marking     ] GC(1126) Concurrent Mark
[4175.045s][info][gc,marking     ] GC(1126) Concurrent Mark From Roots
[4175.045s][info][gc,task        ] GC(1126) Using 2 workers of 2 for marking
[4175.756s][info][gc,marking     ] GC(1126) Concurrent Mark From Roots 711.341ms
[4175.756s][info][gc,marking     ] GC(1126) Concurrent Preclean
[4175.757s][info][gc,marking     ] GC(1126) Concurrent Preclean 0.107ms
[4175.757s][info][gc,start       ] GC(1126) Pause Remark
[4175.761s][info][gc             ] GC(1126) Pause Remark 2110M->2110M(4096M) 4.339ms
[4175.761s][info][gc,cpu         ] GC(1126) User=0.02s Sys=0.00s Real=0.00s
[4175.762s][info][gc,marking     ] GC(1126) Concurrent Mark 717.133ms
[4175.762s][info][gc,marking     ] GC(1126) Concurrent Rebuild Remembered Sets and Scrub Regions
.[4176.098s][info][gc,marking     ] GC(1126) Concurrent Rebuild Remembered Sets and Scrub Regions 335.438ms
[4176.099s][info][gc,start       ] GC(1126) Pause Cleanup
[4176.099s][info][gc             ] GC(1126) Pause Cleanup 2378M->2378M(4096M) 0.132ms
[4176.099s][info][gc,cpu         ] GC(1126) User=0.00s Sys=0.00s Real=0.00s
[4176.100s][info][gc,marking     ] GC(1126) Concurrent Clear Claimed Marks
[4176.100s][info][gc,marking     ] GC(1126) Concurrent Clear Claimed Marks 0.058ms
[4176.100s][info][gc,marking     ] GC(1126) Concurrent Cleanup for Next Mark
[4176.107s][info][gc,marking     ] GC(1126) Concurrent Cleanup for Next Mark 7.057ms
[4176.107s][info][gc             ] GC(1126) Concurrent Mark Cycle 1202.797ms
.[4177.269s][info][gc,start       ] GC(1127) Pause Young (Prepare Mixed) (G1 Evacuation Pause)
[4177.269s][info][gc,task        ] GC(1127) Using 6 workers of 6 for evacuation
[4177.386s][info][gc,phases      ] GC(1127)   Pre Evacuate Collection Set: 0.32ms
[4177.386s][info][gc,phases      ] GC(1127)   Merge Heap Roots: 0.49ms
[4177.386s][info][gc,phases      ] GC(1127)   Evacuate Collection Set: 115.60ms
[4177.386s][info][gc,phases      ] GC(1127)   Post Evacuate Collection Set: 0.92ms
[4177.386s][info][gc,phases      ] GC(1127)   Other: 0.09ms
[4177.386s][info][gc,heap        ] GC(1127) Eden regions: 1117->0(1106)
[4177.386s][info][gc,heap        ] GC(1127) Survivor regions: 111->110(154)
[4177.386s][info][gc,heap        ] GC(1127) Old regions: 508->539
[4177.386s][info][gc,heap        ] GC(1127) Humongous regions: 80->80
[4177.386s][info][gc,metaspace   ] GC(1127) Metaspace: 28920K(29312K)->28920K(29312K) NonClass: 24052K(24256K)->24052K(24256K) Class: 4868K(5056K)->4868K(5056K)
[4177.386s][info][gc             ] GC(1127) Pause Young (Prepare Mixed) (G1 Evacuation Pause) 3630M->1456M(4096M) 117.569ms
[4177.386s][info][gc,cpu         ] GC(1127) User=0.70s Sys=0.00s Real=0.12s
..|[4179.795s][info][gc,start       ] GC(1128) Pause Young (Mixed) (G1 Evacuation Pause)
[4179.795s][info][gc,task        ] GC(1128) Using 6 workers of 6 for evacuation
[4179.929s][info][gc,phases      ] GC(1128)   Pre Evacuate Collection Set: 0.41ms
[4179.929s][info][gc,phases      ] GC(1128)   Merge Heap Roots: 0.75ms
[4179.929s][info][gc,phases      ] GC(1128)   Evacuate Collection Set: 130.65ms
[4179.929s][info][gc,phases      ] GC(1128)   Post Evacuate Collection Set: 0.93ms
[4179.929s][info][gc,phases      ] GC(1128)   Other: 0.83ms
[4179.929s][info][gc,heap        ] GC(1128) Eden regions: 1106->0(1118)
[4179.929s][info][gc,heap        ] GC(1128) Survivor regions: 110->110(152)
[4179.929s][info][gc,heap        ] GC(1128) Old regions: 539->473
[4179.929s][info][gc,heap        ] GC(1128) Humongous regions: 80->80
[4179.929s][info][gc,metaspace   ] GC(1128) Metaspace: 28920K(29312K)->28920K(29312K) NonClass: 24052K(24256K)->24052K(24256K) Class: 4868K(5056K)->4868K(5056K)
[4179.929s][info][gc             ] GC(1128) Pause Young (Mixed) (G1 Evacuation Pause) 3668M->1324M(4096M) 133.711ms
[4179.929s][info][gc,cpu         ] GC(1128) User=0.80s Sys=0.00s Real=0.13s
...[4182.281s][info][gc,start       ] GC(1129) Pause Young (Concurrent Start) (G1 Evacuation Pause)
[4182.281s][info][gc,task        ] GC(1129) Using 6 workers of 6 for evacuation
[4182.399s][info][gc,phases      ] GC(1129)   Pre Evacuate Collection Set: 0.34ms
[4182.399s][info][gc,phases      ] GC(1129)   Merge Heap Roots: 0.45ms
[4182.399s][info][gc,phases      ] GC(1129)   Evacuate Collection Set: 115.46ms
[4182.399s][info][gc,phases      ] GC(1129)   Post Evacuate Collection Set: 0.92ms
[4182.399s][info][gc,phases      ] GC(1129)   Other: 0.12ms
[4182.399s][info][gc,heap        ] GC(1129) Eden regions: 1118->0(1118)
[4182.399s][info][gc,heap        ] GC(1129) Survivor regions: 110->110(154)
[4182.399s][info][gc,heap        ] GC(1129) Old regions: 473->505
[4182.399s][info][gc,heap        ] GC(1129) Humongous regions: 80->80
[4182.399s][info][gc,metaspace   ] GC(1129) Metaspace: 28920K(29312K)->28920K(29312K) NonClass: 24052K(24256K)->24052K(24256K) Class: 4868K(5056K)->4868K(5056K)
[4182.399s][info][gc             ] GC(1129) Pause Young (Concurrent Start) (G1 Evacuation Pause) 3560M->1388M(4096M) 117.429ms
[4182.399s][info][gc             ] GC(1130) Concurrent Mark Cycle
[4182.399s][info][gc,marking     ] GC(1130) Concurrent Scan Root Regions
[4182.399s][info][gc,cpu         ] GC(1129) User=0.70s Sys=0.00s Real=0.12s
[4182.558s][info][gc,marking     ] GC(1130) Concurrent Scan Root Regions 158.745ms
[4182.558s][info][gc,marking     ] GC(1130) Concurrent Mark
[4182.558s][info][gc,marking     ] GC(1130) Concurrent Mark From Roots
[4182.558s][info][gc,task        ] GC(1130) Using 2 workers of 2 for marking
.[4183.336s][info][gc,marking     ] GC(1130) Concurrent Mark From Roots 778.318ms
[4183.336s][info][gc,marking     ] GC(1130) Concurrent Preclean
[4183.336s][info][gc,marking     ] GC(1130) Concurrent Preclean 0.089ms
[4183.336s][info][gc,start       ] GC(1130) Pause Remark
[4183.339s][info][gc             ] GC(1130) Pause Remark 2235M->2235M(4096M) 2.240ms
[4183.339s][info][gc,cpu         ] GC(1130) User=0.01s Sys=0.00s Real=0.00s
[4183.339s][info][gc,marking     ] GC(1130) Concurrent Mark 780.961ms
[4183.339s][info][gc,marking     ] GC(1130) Concurrent Rebuild Remembered Sets and Scrub Regions
[4183.602s][info][gc,marking     ] GC(1130) Concurrent Rebuild Remembered Sets and Scrub Regions 263.064ms
[4183.604s][info][gc,start       ] GC(1130) Pause Cleanup
[4183.604s][info][gc             ] GC(1130) Pause Cleanup 2484M->2484M(4096M) 0.132ms
[4183.604s][info][gc,cpu         ] GC(1130) User=0.00s Sys=0.00s Real=0.00s
[4183.604s][info][gc,marking     ] GC(1130) Concurrent Clear Claimed Marks
[4183.604s][info][gc,marking     ] GC(1130) Concurrent Clear Claimed Marks 0.029ms
[4183.604s][info][gc,marking     ] GC(1130) Concurrent Cleanup for Next Mark
[4183.608s][info][gc,marking     ] GC(1130) Concurrent Cleanup for Next Mark 4.396ms
[4183.608s][info][gc             ] GC(1130) Concurrent Mark Cycle 1209.310ms
.[4184.764s][info][gc,start       ] GC(1131) Pause Young (Prepare Mixed) (G1 Evacuation Pause)
[4184.764s][info][gc,task        ] GC(1131) Using 6 workers of 6 for evacuation
[4184.883s][info][gc,phases      ] GC(1131)   Pre Evacuate Collection Set: 0.30ms
[4184.883s][info][gc,phases      ] GC(1131)   Merge Heap Roots: 0.48ms
[4184.883s][info][gc,phases      ] GC(1131)   Evacuate Collection Set: 117.99ms
[4184.883s][info][gc,phases      ] GC(1131)   Post Evacuate Collection Set: 0.88ms
[4184.883s][info][gc,phases      ] GC(1131)   Other: 0.09ms
[4184.883s][info][gc,heap        ] GC(1131) Eden regions: 1118->0(1104)
[4184.883s][info][gc,heap        ] GC(1131) Survivor regions: 110->112(154)
[4184.883s][info][gc,heap        ] GC(1131) Old regions: 505->537
[4184.883s][info][gc,heap        ] GC(1131) Humongous regions: 80->80
[4184.883s][info][gc,metaspace   ] GC(1131) Metaspace: 28920K(29312K)->28920K(29312K) NonClass: 24052K(24256K)->24052K(24256K) Class: 4868K(5056K)->4868K(5056K)
[4184.883s][info][gc             ] GC(1131) Pause Young (Prepare Mixed) (G1 Evacuation Pause) 3624M->1456M(4096M) 119.890ms
[4184.884s][info][gc,cpu         ] GC(1131) User=0.71s Sys=0.00s Real=0.12s
...[4187.278s][info][gc,start       ] GC(1132) Pause Young (Mixed) (G1 Evacuation Pause)
[4187.278s][info][gc,task        ] GC(1132) Using 6 workers of 6 for evacuation
[4187.415s][info][gc,phases      ] GC(1132)   Pre Evacuate Collection Set: 0.37ms
[4187.415s][info][gc,phases      ] GC(1132)   Merge Heap Roots: 0.64ms
[4187.415s][info][gc,phases      ] GC(1132)   Evacuate Collection Set: 134.97ms
[4187.415s][info][gc,phases      ] GC(1132)   Post Evacuate Collection Set: 0.97ms
[4187.415s][info][gc,phases      ] GC(1132)   Other: 0.09ms
[4187.415s][info][gc,heap        ] GC(1132) Eden regions: 1104->0(1118)
[4187.415s][info][gc,heap        ] GC(1132) Survivor regions: 112->110(152)
[4187.415s][info][gc,heap        ] GC(1132) Old regions: 537->473
[4187.415s][info][gc,heap        ] GC(1132) Humongous regions: 80->80
[4187.415s][info][gc,metaspace   ] GC(1132) Metaspace: 28920K(29312K)->28920K(29312K) NonClass: 24052K(24256K)->24052K(24256K) Class: 4868K(5056K)->4868K(5056K)
[4187.415s][info][gc             ] GC(1132) Pause Young (Mixed) (G1 Evacuation Pause) 3664M->1324M(4096M) 137.170ms
[4187.415s][info][gc,cpu         ] GC(1132) User=0.82s Sys=0.00s Real=0.14s
..[4189.788s][info][gc,start       ] GC(1133) Pause Young (Concurrent Start) (G1 Evacuation Pause)
[4189.789s][info][gc,task        ] GC(1133) Using 6 workers of 6 for evacuation
[4189.908s][info][gc,phases      ] GC(1133)   Pre Evacuate Collection Set: 0.35ms
[4189.908s][info][gc,phases      ] GC(1133)   Merge Heap Roots: 0.47ms
[4189.908s][info][gc,phases      ] GC(1133)   Evacuate Collection Set: 117.30ms
[4189.908s][info][gc,phases      ] GC(1133)   Post Evacuate Collection Set: 0.87ms
[4189.908s][info][gc,phases      ] GC(1133)   Other: 0.12ms
[4189.908s][info][gc,heap        ] GC(1133) Eden regions: 1118->0(1117)
[4189.908s][info][gc,heap        ] GC(1133) Survivor regions: 110->111(154)
[4189.908s][info][gc,heap        ] GC(1133) Old regions: 473->505
[4189.908s][info][gc,heap        ] GC(1133) Humongous regions: 80->80
[4189.908s][info][gc,metaspace   ] GC(1133) Metaspace: 28920K(29312K)->28920K(29312K) NonClass: 24052K(24256K)->24052K(24256K) Class: 4868K(5056K)->4868K(5056K)
[4189.908s][info][gc             ] GC(1133) Pause Young (Concurrent Start) (G1 Evacuation Pause) 3560M->1389M(4096M) 119.278ms
[4189.908s][info][gc             ] GC(1134) Concurrent Mark Cycle
[4189.908s][info][gc,marking     ] GC(1134) Concurrent Scan Root Regions
[4189.908s][info][gc,cpu         ] GC(1133) User=0.70s Sys=0.00s Real=0.12s
[4190.104s][info][gc,marking     ] GC(1134) Concurrent Scan Root Regions 196.566ms
[4190.104s][info][gc,marking     ] GC(1134) Concurrent Mark
[4190.104s][info][gc,marking     ] GC(1134) Concurrent Mark From Roots
[4190.104s][info][gc,task        ] GC(1134) Using 2 workers of 2 for marking
.[4190.828s][info][gc,marking     ] GC(1134) Concurrent Mark From Roots 723.752ms
[4190.828s][info][gc,marking     ] GC(1134) Concurrent Preclean
[4190.828s][info][gc,marking     ] GC(1134) Concurrent Preclean 0.086ms
[4190.828s][info][gc,start       ] GC(1134) Pause Remark
[4190.833s][info][gc             ] GC(1134) Pause Remark 2227M->2227M(4096M) 4.761ms
[4190.833s][info][gc,cpu         ] GC(1134) User=0.03s Sys=0.00s Real=0.01s
[4190.833s][info][gc,marking     ] GC(1134) Concurrent Mark 728.926ms
[4190.833s][info][gc,marking     ] GC(1134) Concurrent Rebuild Remembered Sets and Scrub Regions
[4191.167s][info][gc,marking     ] GC(1134) Concurrent Rebuild Remembered Sets and Scrub Regions 333.632ms
[4191.167s][info][gc,start       ] GC(1134) Pause Cleanup
[4191.167s][info][gc             ] GC(1134) Pause Cleanup 2503M->2503M(4096M) 0.112ms
[4191.167s][info][gc,cpu         ] GC(1134) User=0.00s Sys=0.00s Real=0.00s
[4191.168s][info][gc,marking     ] GC(1134) Concurrent Clear Claimed Marks
[4191.168s][info][gc,marking     ] GC(1134) Concurrent Clear Claimed Marks 0.029ms
[4191.168s][info][gc,marking     ] GC(1134) Concurrent Cleanup for Next Mark
[4191.173s][info][gc,marking     ] GC(1134) Concurrent Cleanup for Next Mark 4.954ms
[4191.173s][info][gc             ] GC(1134) Concurrent Mark Cycle 1265.378ms
.[4192.346s][info][gc,start       ] GC(1135) Pause Young (Prepare Mixed) (G1 Evacuation Pause)
[4192.346s][info][gc,task        ] GC(1135) Using 6 workers of 6 for evacuation
[4192.464s][info][gc,phases      ] GC(1135)   Pre Evacuate Collection Set: 0.31ms
[4192.464s][info][gc,phases      ] GC(1135)   Merge Heap Roots: 0.53ms
[4192.464s][info][gc,phases      ] GC(1135)   Evacuate Collection Set: 115.66ms
[4192.464s][info][gc,phases      ] GC(1135)   Post Evacuate Collection Set: 0.91ms
[4192.464s][info][gc,phases      ] GC(1135)   Other: 0.09ms
[4192.464s][info][gc,heap        ] GC(1135) Eden regions: 1117->0(1111)
[4192.464s][info][gc,heap        ] GC(1135) Survivor regions: 111->109(154)
[4192.464s][info][gc,heap        ] GC(1135) Old regions: 505->536
[4192.464s][info][gc,heap        ] GC(1135) Humongous regions: 80->80
[4192.464s][info][gc,metaspace   ] GC(1135) Metaspace: 28920K(29312K)->28920K(29312K) NonClass: 24052K(24256K)->24052K(24256K) Class: 4868K(5056K)->4868K(5056K)
[4192.464s][info][gc             ] GC(1135) Pause Young (Prepare Mixed) (G1 Evacuation Pause) 3623M->1448M(4096M) 117.638ms
[4192.464s][info][gc,cpu         ] GC(1135) User=0.70s Sys=0.00s Real=0.12s
...[4194.882s][info][gc,start       ] GC(1136) Pause Young (Mixed) (G1 Evacuation Pause)
[4194.882s][info][gc,task        ] GC(1136) Using 6 workers of 6 for evacuation
[4195.019s][info][gc,phases      ] GC(1136)   Pre Evacuate Collection Set: 0.35ms
[4195.019s][info][gc,phases      ] GC(1136)   Merge Heap Roots: 0.73ms
[4195.019s][info][gc,phases      ] GC(1136)   Evacuate Collection Set: 134.43ms
[4195.019s][info][gc,phases      ] GC(1136)   Post Evacuate Collection Set: 0.98ms
[4195.019s][info][gc,phases      ] GC(1136)   Other: 0.09ms
[4195.019s][info][gc,heap        ] GC(1136) Eden regions: 1111->0(1116)
[4195.019s][info][gc,heap        ] GC(1136) Survivor regions: 109->112(153)
[4195.019s][info][gc,heap        ] GC(1136) Old regions: 536->473
[4195.019s][info][gc,heap        ] GC(1136) Humongous regions: 80->80
[4195.019s][info][gc,metaspace   ] GC(1136) Metaspace: 28920K(29312K)->28920K(29312K) NonClass: 24052K(24256K)->24052K(24256K) Class: 4868K(5056K)->4868K(5056K)
[4195.019s][info][gc             ] GC(1136) Pause Young (Mixed) (G1 Evacuation Pause) 3670M->1327M(4096M) 136.734ms
[4195.019s][info][gc,cpu         ] GC(1136) User=0.81s Sys=0.00s Real=0.13s
..[4197.334s][info][gc,start       ] GC(1137) Pause Young (Concurrent Start) (G1 Evacuation Pause)
[4197.334s][info][gc,task        ] GC(1137) Using 6 workers of 6 for evacuation
[4197.452s][info][gc,phases      ] GC(1137)   Pre Evacuate Collection Set: 0.35ms
[4197.452s][info][gc,phases      ] GC(1137)   Merge Heap Roots: 0.46ms
[4197.452s][info][gc,phases      ] GC(1137)   Evacuate Collection Set: 116.22ms
[4197.452s][info][gc,phases      ] GC(1137)   Post Evacuate Collection Set: 0.93ms
[4197.452s][info][gc,phases      ] GC(1137)   Other: 0.11ms
[4197.452s][info][gc,heap        ] GC(1137) Eden regions: 1116->0(1118)
[4197.452s][info][gc,heap        ] GC(1137) Survivor regions: 112->110(154)
[4197.452s][info][gc,heap        ] GC(1137) Old regions: 473->505
[4197.452s][info][gc,heap        ] GC(1137) Humongous regions: 80->80
[4197.452s][info][gc,metaspace   ] GC(1137) Metaspace: 28920K(29312K)->28920K(29312K) NonClass: 24052K(24256K)->24052K(24256K) Class: 4868K(5056K)->4868K(5056K)
[4197.452s][info][gc             ] GC(1137) Pause Young (Concurrent Start) (G1 Evacuation Pause) 3559M->1389M(4096M) 118.190ms
[4197.452s][info][gc             ] GC(1138) Concurrent Mark Cycle
[4197.452s][info][gc,marking     ] GC(1138) Concurrent Scan Root Regions
[4197.452s][info][gc,cpu         ] GC(1137) User=0.70s Sys=0.00s Real=0.12s
[4197.649s][info][gc,marking     ] GC(1138) Concurrent Scan Root Regions 197.533ms
[4197.649s][info][gc,marking     ] GC(1138) Concurrent Mark
[4197.649s][info][gc,marking     ] GC(1138) Concurrent Mark From Roots
[4197.649s][info][gc,task        ] GC(1138) Using 2 workers of 2 for marking
.[4198.596s][info][gc,marking     ] GC(1138) Concurrent Mark From Roots 946.985ms
[4198.596s][info][gc,marking     ] GC(1138) Concurrent Preclean
[4198.597s][info][gc,marking     ] GC(1138) Concurrent Preclean 0.137ms
[4198.597s][info][gc,start       ] GC(1138) Pause Remark
[4198.603s][info][gc             ] GC(1138) Pause Remark 2451M->2451M(4096M) 6.347ms
[4198.603s][info][gc,cpu         ] GC(1138) User=0.04s Sys=0.00s Real=0.01s
[4198.604s][info][gc,marking     ] GC(1138) Concurrent Mark 954.903ms
[4198.604s][info][gc,marking     ] GC(1138) Concurrent Rebuild Remembered Sets and Scrub Regions
.[4198.919s][info][gc,marking     ] GC(1138) Concurrent Rebuild Remembered Sets and Scrub Regions 315.159ms
[4198.921s][info][gc,start       ] GC(1138) Pause Cleanup
[4198.921s][info][gc             ] GC(1138) Pause Cleanup 2725M->2725M(4096M) 0.125ms
[4198.921s][info][gc,cpu         ] GC(1138) User=0.00s Sys=0.00s Real=0.00s
[4198.921s][info][gc,marking     ] GC(1138) Concurrent Clear Claimed Marks
[4198.921s][info][gc,marking     ] GC(1138) Concurrent Clear Claimed Marks 0.034ms
[4198.921s][info][gc,marking     ] GC(1138) Concurrent Cleanup for Next Mark
[4198.928s][info][gc,marking     ] GC(1138) Concurrent Cleanup for Next Mark 6.744ms
[4198.928s][info][gc             ] GC(1138) Concurrent Mark Cycle 1476.097ms
.[4199.898s][info][gc,start       ] GC(1139) Pause Young (Prepare Mixed) (G1 Evacuation Pause)
[4199.898s][info][gc,task        ] GC(1139) Using 6 workers of 6 for evacuation
[4200.016s][info][gc,phases      ] GC(1139)   Pre Evacuate Collection Set: 0.35ms
[4200.016s][info][gc,phases      ] GC(1139)   Merge Heap Roots: 0.51ms
[4200.016s][info][gc,phases      ] GC(1139)   Evacuate Collection Set: 115.60ms
[4200.016s][info][gc,phases      ] GC(1139)   Post Evacuate Collection Set: 0.90ms
[4200.016s][info][gc,phases      ] GC(1139)   Other: 0.08ms
[4200.016s][info][gc,heap        ] GC(1139) Eden regions: 1118->0(1106)
[4200.016s][info][gc,heap        ] GC(1139) Survivor regions: 110->111(154)
[4200.016s][info][gc,heap        ] GC(1139) Old regions: 505->537
[4200.016s][info][gc,heap        ] GC(1139) Humongous regions: 80->80
[4200.016s][info][gc,metaspace   ] GC(1139) Metaspace: 28920K(29312K)->28920K(29312K) NonClass: 24052K(24256K)->24052K(24256K) Class: 4868K(5056K)->4868K(5056K)
[4200.016s][info][gc             ] GC(1139) Pause Young (Prepare Mixed) (G1 Evacuation Pause) 3625M->1453M(4096M) 117.572ms
[4200.016s][info][gc,cpu         ] GC(1139) User=0.70s Sys=0.00s Real=0.12s
..[4202.317s][info][gc,start       ] GC(1140) Pause Young (Mixed) (G1 Evacuation Pause)
[4202.318s][info][gc,task        ] GC(1140) Using 6 workers of 6 for evacuation
[4202.451s][info][gc,phases      ] GC(1140)   Pre Evacuate Collection Set: 0.39ms
[4202.451s][info][gc,phases      ] GC(1140)   Merge Heap Roots: 0.70ms
[4202.451s][info][gc,phases      ] GC(1140)   Evacuate Collection Set: 130.94ms
[4202.451s][info][gc,phases      ] GC(1140)   Post Evacuate Collection Set: 0.93ms
[4202.451s][info][gc,phases      ] GC(1140)   Other: 0.09ms
[4202.451s][info][gc,heap        ] GC(1140) Eden regions: 1106->0(1118)
[4202.451s][info][gc,heap        ] GC(1140) Survivor regions: 111->110(153)
[4202.451s][info][gc,heap        ] GC(1140) Old regions: 537->473
[4202.451s][info][gc,heap        ] GC(1140) Humongous regions: 80->80
[4202.451s][info][gc,metaspace   ] GC(1140) Metaspace: 28921K(29312K)->28921K(29312K) NonClass: 24052K(24256K)->24052K(24256K) Class: 4868K(5056K)->4868K(5056K)
[4202.451s][info][gc             ] GC(1140) Pause Young (Mixed) (G1 Evacuation Pause) 3665M->1325M(4096M) 133.169ms
[4202.451s][info][gc,cpu         ] GC(1140) User=0.79s Sys=0.00s Real=0.13s
...[4204.856s][info][gc,start       ] GC(1141) Pause Young (Concurrent Start) (G1 Evacuation Pause)
[4204.856s][info][gc,task        ] GC(1141) Using 6 workers of 6 for evacuation
[4204.974s][info][gc,phases      ] GC(1141)   Pre Evacuate Collection Set: 0.35ms
[4204.974s][info][gc,phases      ] GC(1141)   Merge Heap Roots: 0.47ms
[4204.974s][info][gc,phases      ] GC(1141)   Evacuate Collection Set: 115.84ms
[4204.974s][info][gc,phases      ] GC(1141)   Post Evacuate Collection Set: 0.86ms
[4204.974s][info][gc,phases      ] GC(1141)   Other: 0.11ms
[4204.974s][info][gc,heap        ] GC(1141) Eden regions: 1118->0(1117)
[4204.974s][info][gc,heap        ] GC(1141) Survivor regions: 110->111(154)
[4204.974s][info][gc,heap        ] GC(1141) Old regions: 473->506
[4204.974s][info][gc,heap        ] GC(1141) Humongous regions: 80->80
[4204.974s][info][gc,metaspace   ] GC(1141) Metaspace: 28921K(29312K)->28921K(29312K) NonClass: 24052K(24256K)->24052K(24256K) Class: 4868K(5056K)->4868K(5056K)
[4204.974s][info][gc             ] GC(1141) Pause Young (Concurrent Start) (G1 Evacuation Pause) 3561M->1391M(4096M) 117.757ms
[4204.974s][info][gc             ] GC(1142) Concurrent Mark Cycle
[4204.974s][info][gc,marking     ] GC(1142) Concurrent Scan Root Regions
[4204.974s][info][gc,cpu         ] GC(1141) User=0.71s Sys=0.00s Real=0.12s
[4205.169s][info][gc,marking     ] GC(1142) Concurrent Scan Root Regions 194.633ms
[4205.169s][info][gc,marking     ] GC(1142) Concurrent Mark
[4205.169s][info][gc,marking     ] GC(1142) Concurrent Mark From Roots
[4205.169s][info][gc,task        ] GC(1142) Using 2 workers of 2 for marking
.[4206.166s][info][gc,marking     ] GC(1142) Concurrent Mark From Roots 997.504ms
[4206.166s][info][gc,marking     ] GC(1142) Concurrent Preclean
[4206.166s][info][gc,marking     ] GC(1142) Concurrent Preclean 0.145ms
[4206.167s][info][gc,start       ] GC(1142) Pause Remark
[4206.173s][info][gc             ] GC(1142) Pause Remark 2478M->2478M(4096M) 6.914ms
[4206.174s][info][gc,cpu         ] GC(1142) User=0.04s Sys=0.00s Real=0.01s
[4206.174s][info][gc,marking     ] GC(1142) Concurrent Mark 1005.085ms
[4206.174s][info][gc,marking     ] GC(1142) Concurrent Rebuild Remembered Sets and Scrub Regions
[4206.513s][info][gc,marking     ] GC(1142) Concurrent Rebuild Remembered Sets and Scrub Regions 339.089ms
[4206.513s][info][gc,start       ] GC(1142) Pause Cleanup
[4206.513s][info][gc             ] GC(1142) Pause Cleanup 2821M->2821M(4096M) 0.122ms
[4206.513s][info][gc,cpu         ] GC(1142) User=0.00s Sys=0.00s Real=0.00s
[4206.514s][info][gc,marking     ] GC(1142) Concurrent Clear Claimed Marks
[4206.514s][info][gc,marking     ] GC(1142) Concurrent Clear Claimed Marks 0.034ms
[4206.514s][info][gc,marking     ] GC(1142) Concurrent Cleanup for Next Mark
[4206.519s][info][gc,marking     ] GC(1142) Concurrent Cleanup for Next Mark 4.835ms
[4206.519s][info][gc             ] GC(1142) Concurrent Mark Cycle 1544.854ms
.[4207.404s][info][gc,start       ] GC(1143) Pause Young (Prepare Mixed) (G1 Evacuation Pause)
[4207.404s][info][gc,task        ] GC(1143) Using 6 workers of 6 for evacuation
[4207.523s][info][gc,phases      ] GC(1143)   Pre Evacuate Collection Set: 0.32ms
[4207.523s][info][gc,phases      ] GC(1143)   Merge Heap Roots: 0.49ms
[4207.523s][info][gc,phases      ] GC(1143)   Evacuate Collection Set: 116.59ms
[4207.523s][info][gc,phases      ] GC(1143)   Post Evacuate Collection Set: 0.92ms
[4207.523s][info][gc,phases      ] GC(1143)   Other: 0.08ms
[4207.523s][info][gc,heap        ] GC(1143) Eden regions: 1117->0(1106)
[4207.523s][info][gc,heap        ] GC(1143) Survivor regions: 111->111(154)
[4207.523s][info][gc,heap        ] GC(1143) Old regions: 506->537
[4207.523s][info][gc,heap        ] GC(1143) Humongous regions: 80->80
[4207.523s][info][gc,metaspace   ] GC(1143) Metaspace: 28921K(29312K)->28921K(29312K) NonClass: 24052K(24256K)->24052K(24256K) Class: 4868K(5056K)->4868K(5056K)
[4207.523s][info][gc             ] GC(1143) Pause Young (Prepare Mixed) (G1 Evacuation Pause) 3625M->1453M(4096M) 118.533ms
[4207.523s][info][gc,cpu         ] GC(1143) User=0.70s Sys=0.00s Real=0.12s
...[4209.885s][info][gc,start       ] GC(1144) Pause Young (Mixed) (G1 Evacuation Pause)
[4209.885s][info][gc,task        ] GC(1144) Using 6 workers of 6 for evacuation
[4210.021s][info][gc,phases      ] GC(1144)   Pre Evacuate Collection Set: 0.35ms
[4210.021s][info][gc,phases      ] GC(1144)   Merge Heap Roots: 0.72ms
[4210.021s][info][gc,phases      ] GC(1144)   Evacuate Collection Set: 134.18ms
[4210.021s][info][gc,phases      ] GC(1144)   Post Evacuate Collection Set: 0.91ms
[4210.021s][info][gc,phases      ] GC(1144)   Other: 0.09ms
[4210.021s][info][gc,heap        ] GC(1144) Eden regions: 1106->0(1118)
[4210.021s][info][gc,heap        ] GC(1144) Survivor regions: 111->110(153)
[4210.021s][info][gc,heap        ] GC(1144) Old regions: 537->474
[4210.021s][info][gc,heap        ] GC(1144) Humongous regions: 80->80
[4210.021s][info][gc,metaspace   ] GC(1144) Metaspace: 28921K(29312K)->28921K(29312K) NonClass: 24052K(24256K)->24052K(24256K) Class: 4868K(5056K)->4868K(5056K)
[4210.021s][info][gc             ] GC(1144) Pause Young (Mixed) (G1 Evacuation Pause) 3665M->1327M(4096M) 136.408ms
[4210.022s][info][gc,cpu         ] GC(1144) User=0.81s Sys=0.00s Real=0.13s
..[4212.387s][info][gc,start       ] GC(1145) Pause Young (Concurrent Start) (G1 Evacuation Pause)
[4212.387s][info][gc,task        ] GC(1145) Using 6 workers of 6 for evacuation
[4212.506s][info][gc,phases      ] GC(1145)   Pre Evacuate Collection Set: 0.40ms
[4212.506s][info][gc,phases      ] GC(1145)   Merge Heap Roots: 0.46ms
[4212.506s][info][gc,phases      ] GC(1145)   Evacuate Collection Set: 116.65ms
[4212.506s][info][gc,phases      ] GC(1145)   Post Evacuate Collection Set: 0.94ms
[4212.506s][info][gc,phases      ] GC(1145)   Other: 0.11ms
[4212.506s][info][gc,heap        ] GC(1145) Eden regions: 1118->0(1117)
[4212.506s][info][gc,heap        ] GC(1145) Survivor regions: 110->111(154)
[4212.506s][info][gc,heap        ] GC(1145) Old regions: 474->506
[4212.506s][info][gc,heap        ] GC(1145) Humongous regions: 80->80
[4212.506s][info][gc,metaspace   ] GC(1145) Metaspace: 28921K(29312K)->28921K(29312K) NonClass: 24052K(24256K)->24052K(24256K) Class: 4868K(5056K)->4868K(5056K)
[4212.506s][info][gc             ] GC(1145) Pause Young (Concurrent Start) (G1 Evacuation Pause) 3563M->1392M(4096M) 118.717ms
[4212.506s][info][gc             ] GC(1146) Concurrent Mark Cycle
[4212.506s][info][gc,marking     ] GC(1146) Concurrent Scan Root Regions
[4212.506s][info][gc,cpu         ] GC(1145) User=0.70s Sys=0.00s Real=0.12s
[4212.692s][info][gc,marking     ] GC(1146) Concurrent Scan Root Regions 186.416ms
[4212.692s][info][gc,marking     ] GC(1146) Concurrent Mark
[4212.692s][info][gc,marking     ] GC(1146) Concurrent Mark From Roots
[4212.692s][info][gc,task        ] GC(1146) Using 2 workers of 2 for marking
.[4213.713s][info][gc,marking     ] GC(1146) Concurrent Mark From Roots 1020.827ms
[4213.713s][info][gc,marking     ] GC(1146) Concurrent Preclean
[4213.713s][info][gc,marking     ] GC(1146) Concurrent Preclean 0.122ms
[4213.715s][info][gc,start       ] GC(1146) Pause Remark
[4213.720s][info][gc             ] GC(1146) Pause Remark 2536M->2536M(4096M) 5.006ms
[4213.720s][info][gc,cpu         ] GC(1146) User=0.03s Sys=0.00s Real=0.00s
[4213.720s][info][gc,marking     ] GC(1146) Concurrent Mark 1027.402ms
[4213.720s][info][gc,marking     ] GC(1146) Concurrent Rebuild Remembered Sets and Scrub Regions
.[4214.059s][info][gc,marking     ] GC(1146) Concurrent Rebuild Remembered Sets and Scrub Regions 338.833ms
[4214.060s][info][gc,start       ] GC(1146) Pause Cleanup
[4214.060s][info][gc             ] GC(1146) Pause Cleanup 2866M->2866M(4096M) 0.139ms
[4214.060s][info][gc,cpu         ] GC(1146) User=0.00s Sys=0.00s Real=0.00s
[4214.061s][info][gc,marking     ] GC(1146) Concurrent Clear Claimed Marks
[4214.061s][info][gc,marking     ] GC(1146) Concurrent Clear Claimed Marks 0.025ms
[4214.061s][info][gc,marking     ] GC(1146) Concurrent Cleanup for Next Mark
[4214.069s][info][gc,marking     ] GC(1146) Concurrent Cleanup for Next Mark 8.068ms
[4214.069s][info][gc             ] GC(1146) Concurrent Mark Cycle 1562.761ms
[4214.845s][info][gc,start       ] GC(1147) Pause Young (Prepare Mixed) (G1 Evacuation Pause)
[4214.845s][info][gc,task        ] GC(1147) Using 6 workers of 6 for evacuation
[4214.966s][info][gc,phases      ] GC(1147)   Pre Evacuate Collection Set: 0.35ms
[4214.966s][info][gc,phases      ] GC(1147)   Merge Heap Roots: 0.50ms
[4214.966s][info][gc,phases      ] GC(1147)   Evacuate Collection Set: 119.35ms
[4214.966s][info][gc,phases      ] GC(1147)   Post Evacuate Collection Set: 0.89ms
[4214.966s][info][gc,phases      ] GC(1147)   Other: 0.08ms
[4214.966s][info][gc,heap        ] GC(1147) Eden regions: 1117->0(1101)
[4214.966s][info][gc,heap        ] GC(1147) Survivor regions: 111->113(154)
[4214.966s][info][gc,heap        ] GC(1147) Old regions: 506->538
[4214.966s][info][gc,heap        ] GC(1147) Humongous regions: 80->80
[4214.966s][info][gc,metaspace   ] GC(1147) Metaspace: 28921K(29312K)->28921K(29312K) NonClass: 24052K(24256K)->24052K(24256K) Class: 4868K(5056K)->4868K(5056K)
[4214.966s][info][gc             ] GC(1147) Pause Young (Prepare Mixed) (G1 Evacuation Pause) 3626M->1459M(4096M) 121.301ms
[4214.966s][info][gc,cpu         ] GC(1147) User=0.73s Sys=0.00s Real=0.12s
...[4217.348s][info][gc,start       ] GC(1148) Pause Young (Mixed) (G1 Evacuation Pause)
[4217.348s][info][gc,task        ] GC(1148) Using 6 workers of 6 for evacuation
[4217.482s][info][gc,phases      ] GC(1148)   Pre Evacuate Collection Set: 0.38ms
[4217.482s][info][gc,phases      ] GC(1148)   Merge Heap Roots: 0.59ms
[4217.482s][info][gc,phases      ] GC(1148)   Evacuate Collection Set: 131.62ms
[4217.482s][info][gc,phases      ] GC(1148)   Post Evacuate Collection Set: 0.95ms
[4217.482s][info][gc,phases      ] GC(1148)   Other: 0.09ms
[4217.482s][info][gc,heap        ] GC(1148) Eden regions: 1101->0(1119)
[4217.482s][info][gc,heap        ] GC(1148) Survivor regions: 113->109(152)
[4217.482s][info][gc,heap        ] GC(1148) Old regions: 538->475
[4217.482s][info][gc,heap        ] GC(1148) Humongous regions: 80->80
[4217.482s][info][gc,metaspace   ] GC(1148) Metaspace: 28921K(29312K)->28921K(29312K) NonClass: 24052K(24256K)->24052K(24256K) Class: 4868K(5056K)->4868K(5056K)
[4217.482s][info][gc             ] GC(1148) Pause Young (Mixed) (G1 Evacuation Pause) 3661M->1327M(4096M) 133.769ms
[4217.482s][info][gc,cpu         ] GC(1148) User=0.80s Sys=0.00s Real=0.14s
..[4219.909s][info][gc,start       ] GC(1149) Pause Young (Concurrent Start) (G1 Evacuation Pause)
[4219.909s][info][gc,task        ] GC(1149) Using 6 workers of 6 for evacuation
[4220.028s][info][gc,phases      ] GC(1149)   Pre Evacuate Collection Set: 0.34ms
[4220.028s][info][gc,phases      ] GC(1149)   Merge Heap Roots: 0.46ms
[4220.028s][info][gc,phases      ] GC(1149)   Evacuate Collection Set: 117.65ms
[4220.028s][info][gc,phases      ] GC(1149)   Post Evacuate Collection Set: 0.88ms
[4220.028s][info][gc,phases      ] GC(1149)   Other: 0.11ms
[4220.028s][info][gc,heap        ] GC(1149) Eden regions: 1119->0(1116)
[4220.028s][info][gc,heap        ] GC(1149) Survivor regions: 109->112(154)
[4220.028s][info][gc,heap        ] GC(1149) Old regions: 475->507
[4220.028s][info][gc,heap        ] GC(1149) Humongous regions: 80->80
[4220.028s][info][gc,metaspace   ] GC(1149) Metaspace: 28921K(29312K)->28921K(29312K) NonClass: 24052K(24256K)->24052K(24256K) Class: 4868K(5056K)->4868K(5056K)
[4220.028s][info][gc             ] GC(1149) Pause Young (Concurrent Start) (G1 Evacuation Pause) 3565M->1396M(4096M) 119.574ms
[4220.028s][info][gc             ] GC(1150) Concurrent Mark Cycle
[4220.028s][info][gc,marking     ] GC(1150) Concurrent Scan Root Regions
[4220.028s][info][gc,cpu         ] GC(1149) User=0.71s Sys=0.00s Real=0.12s
.[4220.209s][info][gc,marking     ] GC(1150) Concurrent Scan Root Regions 180.916ms
[4220.209s][info][gc,marking     ] GC(1150) Concurrent Mark
[4220.209s][info][gc,marking     ] GC(1150) Concurrent Mark From Roots
[4220.209s][info][gc,task        ] GC(1150) Using 2 workers of 2 for marking
.[4221.220s][info][gc,marking     ] GC(1150) Concurrent Mark From Roots 1010.402ms
[4221.220s][info][gc,marking     ] GC(1150) Concurrent Preclean
[4221.220s][info][gc,marking     ] GC(1150) Concurrent Preclean 0.117ms
[4221.220s][info][gc,start       ] GC(1150) Pause Remark
[4221.227s][info][gc             ] GC(1150) Pause Remark 2438M->2438M(4096M) 6.855ms
[4221.227s][info][gc,cpu         ] GC(1150) User=0.04s Sys=0.00s Real=0.01s
[4221.227s][info][gc,marking     ] GC(1150) Concurrent Mark 1017.791ms
[4221.227s][info][gc,marking     ] GC(1150) Concurrent Rebuild Remembered Sets and Scrub Regions
[4221.512s][info][gc,marking     ] GC(1150) Concurrent Rebuild Remembered Sets and Scrub Regions 285.518ms
[4221.514s][info][gc,start       ] GC(1150) Pause Cleanup
[4221.515s][info][gc             ] GC(1150) Pause Cleanup 2738M->2738M(4096M) 0.131ms
[4221.515s][info][gc,cpu         ] GC(1150) User=0.00s Sys=0.00s Real=0.00s
[4221.515s][info][gc,marking     ] GC(1150) Concurrent Clear Claimed Marks
[4221.515s][info][gc,marking     ] GC(1150) Concurrent Clear Claimed Marks 0.033ms
[4221.515s][info][gc,marking     ] GC(1150) Concurrent Cleanup for Next Mark
[4221.544s][info][gc,marking     ] GC(1150) Concurrent Cleanup for Next Mark 29.713ms
[4221.544s][info][gc             ] GC(1150) Concurrent Mark Cycle 1516.343ms
.[4222.462s][info][gc,start       ] GC(1151) Pause Young (Prepare Mixed) (G1 Evacuation Pause)
[4222.462s][info][gc,task        ] GC(1151) Using 6 workers of 6 for evacuation
[4222.580s][info][gc,phases      ] GC(1151)   Pre Evacuate Collection Set: 0.33ms
[4222.580s][info][gc,phases      ] GC(1151)   Merge Heap Roots: 0.50ms
[4222.580s][info][gc,phases      ] GC(1151)   Evacuate Collection Set: 116.28ms
[4222.580s][info][gc,phases      ] GC(1151)   Post Evacuate Collection Set: 0.91ms
[4222.580s][info][gc,phases      ] GC(1151)   Other: 0.09ms
[4222.580s][info][gc,heap        ] GC(1151) Eden regions: 1116->0(1108)
[4222.580s][info][gc,heap        ] GC(1151) Survivor regions: 112->109(154)
[4222.580s][info][gc,heap        ] GC(1151) Old regions: 507->539
[4222.580s][info][gc,heap        ] GC(1151) Humongous regions: 80->80
[4222.580s][info][gc,metaspace   ] GC(1151) Metaspace: 28921K(29312K)->28921K(29312K) NonClass: 24052K(24256K)->24052K(24256K) Class: 4868K(5056K)->4868K(5056K)
[4222.580s][info][gc             ] GC(1151) Pause Young (Prepare Mixed) (G1 Evacuation Pause) 3628M->1453M(4096M) 118.240ms
[4222.580s][info][gc,cpu         ] GC(1151) User=0.70s Sys=0.00s Real=0.11s
..[4224.943s][info][gc,start       ] GC(1152) Pause Young (Mixed) (G1 Evacuation Pause)
[4224.943s][info][gc,task        ] GC(1152) Using 6 workers of 6 for evacuation
[4225.080s][info][gc,phases      ] GC(1152)   Pre Evacuate Collection Set: 0.34ms
[4225.080s][info][gc,phases      ] GC(1152)   Merge Heap Roots: 0.62ms
[4225.080s][info][gc,phases      ] GC(1152)   Evacuate Collection Set: 134.94ms
[4225.080s][info][gc,phases      ] GC(1152)   Post Evacuate Collection Set: 0.93ms
[4225.080s][info][gc,phases      ] GC(1152)   Other: 0.09ms
[4225.080s][info][gc,heap        ] GC(1152) Eden regions: 1108->0(1115)
[4225.080s][info][gc,heap        ] GC(1152) Survivor regions: 109->113(153)
[4225.080s][info][gc,heap        ] GC(1152) Old regions: 539->473
[4225.080s][info][gc,heap        ] GC(1152) Humongous regions: 80->80
[4225.080s][info][gc,metaspace   ] GC(1152) Metaspace: 28921K(29312K)->28921K(29312K) NonClass: 24052K(24256K)->24052K(24256K) Class: 4868K(5056K)->4868K(5056K)
[4225.080s][info][gc             ] GC(1152) Pause Young (Mixed) (G1 Evacuation Pause) 3669M->1331M(4096M) 137.041ms
[4225.080s][info][gc,cpu         ] GC(1152) User=0.81s Sys=0.00s Real=0.13s
...[4227.522s][info][gc,start       ] GC(1153) Pause Young (Concurrent Start) (G1 Evacuation Pause)
[4227.522s][info][gc,task        ] GC(1153) Using 6 workers of 6 for evacuation
[4227.639s][info][gc,phases      ] GC(1153)   Pre Evacuate Collection Set: 0.35ms
[4227.639s][info][gc,phases      ] GC(1153)   Merge Heap Roots: 0.46ms
[4227.639s][info][gc,phases      ] GC(1153)   Evacuate Collection Set: 115.08ms
[4227.639s][info][gc,phases      ] GC(1153)   Post Evacuate Collection Set: 0.89ms
[4227.639s][info][gc,phases      ] GC(1153)   Other: 0.10ms
[4227.639s][info][gc,heap        ] GC(1153) Eden regions: 1115->0(1119)
[4227.639s][info][gc,heap        ] GC(1153) Survivor regions: 113->109(154)
[4227.639s][info][gc,heap        ] GC(1153) Old regions: 473->505
[4227.639s][info][gc,heap        ] GC(1153) Humongous regions: 80->80
[4227.639s][info][gc,metaspace   ] GC(1153) Metaspace: 28921K(29312K)->28921K(29312K) NonClass: 24052K(24256K)->24052K(24256K) Class: 4868K(5056K)->4868K(5056K)
[4227.639s][info][gc             ] GC(1153) Pause Young (Concurrent Start) (G1 Evacuation Pause) 3561M->1387M(4096M) 117.003ms
[4227.639s][info][gc             ] GC(1154) Concurrent Mark Cycle
[4227.639s][info][gc,marking     ] GC(1154) Concurrent Scan Root Regions
[4227.639s][info][gc,cpu         ] GC(1153) User=0.70s Sys=0.00s Real=0.11s
[4227.782s][info][gc,marking     ] GC(1154) Concurrent Scan Root Regions 142.796ms
[4227.782s][info][gc,marking     ] GC(1154) Concurrent Mark
[4227.782s][info][gc,marking     ] GC(1154) Concurrent Mark From Roots
[4227.782s][info][gc,task        ] GC(1154) Using 2 workers of 2 for marking
.[4228.507s][info][gc,marking     ] GC(1154) Concurrent Mark From Roots 724.884ms
[4228.507s][info][gc,marking     ] GC(1154) Concurrent Preclean
[4228.507s][info][gc,marking     ] GC(1154) Concurrent Preclean 0.092ms
[4228.510s][info][gc,start       ] GC(1154) Pause Remark
[4228.516s][info][gc             ] GC(1154) Pause Remark 2185M->2185M(4096M) 5.718ms
[4228.516s][info][gc,cpu         ] GC(1154) User=0.03s Sys=0.00s Real=0.01s
[4228.516s][info][gc,marking     ] GC(1154) Concurrent Mark 734.238ms
[4228.516s][info][gc,marking     ] GC(1154) Concurrent Rebuild Remembered Sets and Scrub Regions
[4228.890s][info][gc,marking     ] GC(1154) Concurrent Rebuild Remembered Sets and Scrub Regions 374.148ms
[4228.892s][info][gc,start       ] GC(1154) Pause Cleanup
[4228.892s][info][gc             ] GC(1154) Pause Cleanup 2603M->2603M(4096M) 0.132ms
[4228.892s][info][gc,cpu         ] GC(1154) User=0.00s Sys=0.00s Real=0.01s
[4228.892s][info][gc,marking     ] GC(1154) Concurrent Clear Claimed Marks
[4228.892s][info][gc,marking     ] GC(1154) Concurrent Clear Claimed Marks 0.033ms
[4228.892s][info][gc,marking     ] GC(1154) Concurrent Cleanup for Next Mark
[4228.904s][info][gc,marking     ] GC(1154) Concurrent Cleanup for Next Mark 12.061ms
[4228.904s][info][gc             ] GC(1154) Concurrent Mark Cycle 1265.079ms
.[4230.041s][info][gc,start       ] GC(1155) Pause Young (Prepare Mixed) (G1 Evacuation Pause)
[4230.041s][info][gc,task        ] GC(1155) Using 6 workers of 6 for evacuation
[4230.161s][info][gc,phases      ] GC(1155)   Pre Evacuate Collection Set: 0.28ms
[4230.161s][info][gc,phases      ] GC(1155)   Merge Heap Roots: 0.47ms
[4230.161s][info][gc,phases      ] GC(1155)   Evacuate Collection Set: 118.01ms
[4230.161s][info][gc,phases      ] GC(1155)   Post Evacuate Collection Set: 0.91ms
[4230.161s][info][gc,phases      ] GC(1155)   Other: 0.08ms
[4230.161s][info][gc,heap        ] GC(1155) Eden regions: 1119->0(1106)
[4230.161s][info][gc,heap        ] GC(1155) Survivor regions: 109->111(154)
[4230.161s][info][gc,heap        ] GC(1155) Old regions: 505->537
[4230.161s][info][gc,heap        ] GC(1155) Humongous regions: 80->80
[4230.161s][info][gc,metaspace   ] GC(1155) Metaspace: 28921K(29312K)->28921K(29312K) NonClass: 24052K(24256K)->24052K(24256K) Class: 4868K(5056K)->4868K(5056K)
[4230.161s][info][gc             ] GC(1155) Pause Young (Prepare Mixed) (G1 Evacuation Pause) 3625M->1454M(4096M) 119.896ms
[4230.161s][info][gc,cpu         ] GC(1155) User=0.71s Sys=0.00s Real=0.12s
...[4232.495s][info][gc,start       ] GC(1156) Pause Young (Mixed) (G1 Evacuation Pause)
[4232.495s][info][gc,task        ] GC(1156) Using 6 workers of 6 for evacuation
[4232.630s][info][gc,phases      ] GC(1156)   Pre Evacuate Collection Set: 0.36ms
[4232.630s][info][gc,phases      ] GC(1156)   Merge Heap Roots: 0.74ms
[4232.630s][info][gc,phases      ] GC(1156)   Evacuate Collection Set: 132.56ms
[4232.630s][info][gc,phases      ] GC(1156)   Post Evacuate Collection Set: 0.92ms
[4232.630s][info][gc,phases      ] GC(1156)   Other: 0.09ms
[4232.630s][info][gc,heap        ] GC(1156) Eden regions: 1106->0(1119)
[4232.630s][info][gc,heap        ] GC(1156) Survivor regions: 111->109(153)
[4232.630s][info][gc,heap        ] GC(1156) Old regions: 537->474
[4232.630s][info][gc,heap        ] GC(1156) Humongous regions: 80->80
[4232.630s][info][gc,metaspace   ] GC(1156) Metaspace: 28921K(29312K)->28921K(29312K) NonClass: 24052K(24256K)->24052K(24256K) Class: 4868K(5056K)->4868K(5056K)
[4232.630s][info][gc             ] GC(1156) Pause Young (Mixed) (G1 Evacuation Pause) 3666M->1323M(4096M) 134.794ms
[4232.630s][info][gc,cpu         ] GC(1156) User=0.80s Sys=0.00s Real=0.13s
..[4235.032s][info][gc,start       ] GC(1157) Pause Young (Concurrent Start) (G1 Evacuation Pause)
[4235.032s][info][gc,task        ] GC(1157) Using 6 workers of 6 for evacuation
[4235.150s][info][gc,phases      ] GC(1157)   Pre Evacuate Collection Set: 0.38ms
[4235.150s][info][gc,phases      ] GC(1157)   Merge Heap Roots: 0.44ms
[4235.150s][info][gc,phases      ] GC(1157)   Evacuate Collection Set: 116.29ms
[4235.150s][info][gc,phases      ] GC(1157)   Post Evacuate Collection Set: 0.88ms
[4235.150s][info][gc,phases      ] GC(1157)   Other: 0.10ms
[4235.150s][info][gc,heap        ] GC(1157) Eden regions: 1119->0(1119)
[4235.150s][info][gc,heap        ] GC(1157) Survivor regions: 109->109(154)
[4235.150s][info][gc,heap        ] GC(1157) Old regions: 474->505
[4235.150s][info][gc,heap        ] GC(1157) Humongous regions: 80->80
[4235.150s][info][gc,metaspace   ] GC(1157) Metaspace: 28921K(29312K)->28921K(29312K) NonClass: 24052K(24256K)->24052K(24256K) Class: 4868K(5056K)->4868K(5056K)
[4235.150s][info][gc             ] GC(1157) Pause Young (Concurrent Start) (G1 Evacuation Pause) 3561M->1387M(4096M) 118.239ms
[4235.150s][info][gc             ] GC(1158) Concurrent Mark Cycle
[4235.150s][info][gc,marking     ] GC(1158) Concurrent Scan Root Regions
[4235.150s][info][gc,cpu         ] GC(1157) User=0.71s Sys=0.00s Real=0.11s
.[4235.351s][info][gc,marking     ] GC(1158) Concurrent Scan Root Regions 201.000ms
[4235.351s][info][gc,marking     ] GC(1158) Concurrent Mark
[4235.352s][info][gc,marking     ] GC(1158) Concurrent Mark From Roots
[4235.352s][info][gc,task        ] GC(1158) Using 2 workers of 2 for marking
[4236.255s][info][gc,marking     ] GC(1158) Concurrent Mark From Roots 903.550ms
[4236.255s][info][gc,marking     ] GC(1158) Concurrent Preclean
[4236.255s][info][gc,marking     ] GC(1158) Concurrent Preclean 0.117ms
[4236.255s][info][gc,start       ] GC(1158) Pause Remark
[4236.262s][info][gc             ] GC(1158) Pause Remark 2396M->2396M(4096M) 6.326ms
[4236.262s][info][gc,cpu         ] GC(1158) User=0.03s Sys=0.00s Real=0.01s
[4236.262s][info][gc,marking     ] GC(1158) Concurrent Mark 910.630ms
[4236.262s][info][gc,marking     ] GC(1158) Concurrent Rebuild Remembered Sets and Scrub Regions
.[4236.603s][info][gc,marking     ] GC(1158) Concurrent Rebuild Remembered Sets and Scrub Regions 340.648ms
[4236.604s][info][gc,start       ] GC(1158) Pause Cleanup
[4236.604s][info][gc             ] GC(1158) Pause Cleanup 2719M->2719M(4096M) 0.130ms
[4236.604s][info][gc,cpu         ] GC(1158) User=0.00s Sys=0.00s Real=0.00s
[4236.604s][info][gc,marking     ] GC(1158) Concurrent Clear Claimed Marks
[4236.604s][info][gc,marking     ] GC(1158) Concurrent Clear Claimed Marks 0.025ms
[4236.604s][info][gc,marking     ] GC(1158) Concurrent Cleanup for Next Mark
[4236.613s][info][gc,marking     ] GC(1158) Concurrent Cleanup for Next Mark 8.758ms
[4236.613s][info][gc             ] GC(1158) Concurrent Mark Cycle 1462.366ms
.[4237.592s][info][gc,start       ] GC(1159) Pause Young (Prepare Mixed) (G1 Evacuation Pause)
[4237.592s][info][gc,task        ] GC(1159) Using 6 workers of 6 for evacuation
[4237.709s][info][gc,phases      ] GC(1159)   Pre Evacuate Collection Set: 0.30ms
[4237.709s][info][gc,phases      ] GC(1159)   Merge Heap Roots: 0.49ms
[4237.709s][info][gc,phases      ] GC(1159)   Evacuate Collection Set: 115.37ms
[4237.709s][info][gc,phases      ] GC(1159)   Post Evacuate Collection Set: 0.88ms
[4237.709s][info][gc,phases      ] GC(1159)   Other: 0.09ms
[4237.709s][info][gc,heap        ] GC(1159) Eden regions: 1119->0(1108)
[4237.709s][info][gc,heap        ] GC(1159) Survivor regions: 109->110(154)
[4237.709s][info][gc,heap        ] GC(1159) Old regions: 505->537
[4237.709s][info][gc,heap        ] GC(1159) Humongous regions: 80->80
[4237.709s][info][gc,metaspace   ] GC(1159) Metaspace: 28921K(29312K)->28921K(29312K) NonClass: 24052K(24256K)->24052K(24256K) Class: 4868K(5056K)->4868K(5056K)
[4237.709s][info][gc             ] GC(1159) Pause Young (Prepare Mixed) (G1 Evacuation Pause) 3625M->1452M(4096M) 117.259ms
[4237.709s][info][gc,cpu         ] GC(1159) User=0.69s Sys=0.00s Real=0.11s
.. (rIR:aIR:PR = 7472:7455:7455) (tPR = 111156) [OK] 
  4239s: Performance info:
         Transaction,    Success,    Partial,     Failed,   Receipts, AvgBarcode, 
             Overall,     449088,          0,          0,     426570,      59.47, 
         Response times:
             Request,    Success,    Partial,     Failed,   SkipFail,     Probes,    Samples,      min,      p50,      p90,      p95,      p99,      max, 
       TotalPurchase,     426571,          0,          0,          0,     354321,     406137,      300,     6500,    80000,   121000,   200000,   422000,
     InStorePurchase,     224426,          0,          0,          0,     186613,     213323,      300,     6400,    80000,   120000,   198000,   422000,
      OnlinePurchase,     157154,          0,          0,          0,     130640,     149769,      300,     6700,    82000,   123000,   206000,   422000,
        InstPurchase,      44991,          0,          0,          0,      37068,      43045,      400,     6000,    77000,   118000,   194000,   413000,
          AssocOfCat,        451,          0,          0,          0,        357,        468,    25000,    42000,   127100,   177000,   210480,   421000,
      AssocOfProduct,       4503,          0,          0,          0,       4104,       4893,      500,     4200,    65000,   105000,   183180,   422000,
      BusinessReport,       1121,          0,          0,          0,        983,       1258,    28000,    50000,   158000,   192000,   271100,   371000,
          CustBuyBeh,       4500,          0,          0,          0,       4158,       4932,      300,     6600,    80000,   119350,   190680,   325000,
       ProductReturn,      11931,          0,          0,          0,      10107,      11714,      200,     5900,    74000,   118000,   189850,   325000,

  4239s: (55%)   IR =   7610 [4240.084s][info][gc,start       ] GC(1160) Pause Young (Mixed) (G1 Evacuation Pause)
[4240.085s][info][gc,task        ] GC(1160) Using 6 workers of 6 for evacuation
[4240.219s][info][gc,phases      ] GC(1160)   Pre Evacuate Collection Set: 0.38ms
[4240.219s][info][gc,phases      ] GC(1160)   Merge Heap Roots: 0.64ms
[4240.219s][info][gc,phases      ] GC(1160)   Evacuate Collection Set: 132.49ms
[4240.219s][info][gc,phases      ] GC(1160)   Post Evacuate Collection Set: 0.95ms
[4240.219s][info][gc,phases      ] GC(1160)   Other: 0.09ms
[4240.219s][info][gc,heap        ] GC(1160) Eden regions: 1108->0(1118)
[4240.219s][info][gc,heap        ] GC(1160) Survivor regions: 110->110(153)
[4240.219s][info][gc,heap        ] GC(1160) Old regions: 537->473
[4240.219s][info][gc,heap        ] GC(1160) Humongous regions: 80->80
[4240.219s][info][gc,metaspace   ] GC(1160) Metaspace: 28921K(29312K)->28921K(29312K) NonClass: 24052K(24256K)->24052K(24256K) Class: 4868K(5056K)->4868K(5056K)
[4240.219s][info][gc             ] GC(1160) Pause Young (Mixed) (G1 Evacuation Pause) 3668M->1324M(4096M) 134.678ms
[4240.219s][info][gc,cpu         ] GC(1160) User=0.80s Sys=0.00s Real=0.13s
...[4242.584s][info][gc,start       ] GC(1161) Pause Young (Concurrent Start) (G1 Evacuation Pause)
[4242.584s][info][gc,task        ] GC(1161) Using 6 workers of 6 for evacuation
[4242.700s][info][gc,phases      ] GC(1161)   Pre Evacuate Collection Set: 0.38ms
[4242.700s][info][gc,phases      ] GC(1161)   Merge Heap Roots: 0.48ms
[4242.700s][info][gc,phases      ] GC(1161)   Evacuate Collection Set: 114.02ms
[4242.700s][info][gc,phases      ] GC(1161)   Post Evacuate Collection Set: 0.88ms
[4242.700s][info][gc,phases      ] GC(1161)   Other: 0.10ms
[4242.700s][info][gc,heap        ] GC(1161) Eden regions: 1118->0(1118)
[4242.700s][info][gc,heap        ] GC(1161) Survivor regions: 110->110(154)
[4242.700s][info][gc,heap        ] GC(1161) Old regions: 473->506
[4242.700s][info][gc,heap        ] GC(1161) Humongous regions: 80->80
[4242.700s][info][gc,metaspace   ] GC(1161) Metaspace: 28921K(29312K)->28921K(29312K) NonClass: 24052K(24256K)->24052K(24256K) Class: 4868K(5056K)->4868K(5056K)
[4242.700s][info][gc             ] GC(1161) Pause Young (Concurrent Start) (G1 Evacuation Pause) 3560M->1389M(4096M) 115.990ms
[4242.700s][info][gc             ] GC(1162) Concurrent Mark Cycle
[4242.700s][info][gc,marking     ] GC(1162) Concurrent Scan Root Regions
[4242.700s][info][gc,cpu         ] GC(1161) User=0.69s Sys=0.00s Real=0.11s
[4242.842s][info][gc,marking     ] GC(1162) Concurrent Scan Root Regions 141.819ms
[4242.842s][info][gc,marking     ] GC(1162) Concurrent Mark
[4242.842s][info][gc,marking     ] GC(1162) Concurrent Mark From Roots
[4242.842s][info][gc,task        ] GC(1162) Using 2 workers of 2 for marking
.[4243.616s][info][gc,marking     ] GC(1162) Concurrent Mark From Roots 774.396ms
[4243.616s][info][gc,marking     ] GC(1162) Concurrent Preclean
[4243.616s][info][gc,marking     ] GC(1162) Concurrent Preclean 0.137ms
[4243.617s][info][gc,start       ] GC(1162) Pause Remark
[4243.621s][info][gc             ] GC(1162) Pause Remark 2165M->2165M(4096M) 4.141ms
[4243.621s][info][gc,cpu         ] GC(1162) User=0.02s Sys=0.00s Real=0.00s
[4243.621s][info][gc,marking     ] GC(1162) Concurrent Mark 779.461ms
[4243.621s][info][gc,marking     ] GC(1162) Concurrent Rebuild Remembered Sets and Scrub Regions
[4243.889s][info][gc,marking     ] GC(1162) Concurrent Rebuild Remembered Sets and Scrub Regions 267.819ms
[4243.890s][info][gc,start       ] GC(1162) Pause Cleanup
[4243.890s][info][gc             ] GC(1162) Pause Cleanup 2488M->2488M(4096M) 0.120ms
[4243.890s][info][gc,cpu         ] GC(1162) User=0.00s Sys=0.00s Real=0.00s
[4243.890s][info][gc,marking     ] GC(1162) Concurrent Clear Claimed Marks
[4243.890s][info][gc,marking     ] GC(1162) Concurrent Clear Claimed Marks 0.025ms
[4243.890s][info][gc,marking     ] GC(1162) Concurrent Cleanup for Next Mark
[4244.003s][info][gc,marking     ] GC(1162) Concurrent Cleanup for Next Mark 113.229ms
[4244.004s][info][gc             ] GC(1162) Concurrent Mark Cycle 1303.795ms
.[4245.014s][info][gc,start       ] GC(1163) Pause Young (Prepare Mixed) (G1 Evacuation Pause)
[4245.014s][info][gc,task        ] GC(1163) Using 6 workers of 6 for evacuation
[4245.133s][info][gc,phases      ] GC(1163)   Pre Evacuate Collection Set: 0.30ms
[4245.133s][info][gc,phases      ] GC(1163)   Merge Heap Roots: 0.51ms
[4245.133s][info][gc,phases      ] GC(1163)   Evacuate Collection Set: 117.14ms
[4245.133s][info][gc,phases      ] GC(1163)   Post Evacuate Collection Set: 0.91ms
[4245.133s][info][gc,phases      ] GC(1163)   Other: 0.08ms
[4245.133s][info][gc,heap        ] GC(1163) Eden regions: 1118->0(1108)
[4245.133s][info][gc,heap        ] GC(1163) Survivor regions: 110->110(154)
[4245.133s][info][gc,heap        ] GC(1163) Old regions: 506->537
[4245.133s][info][gc,heap        ] GC(1163) Humongous regions: 80->80
[4245.133s][info][gc,metaspace   ] GC(1163) Metaspace: 28921K(29312K)->28921K(29312K) NonClass: 24052K(24256K)->24052K(24256K) Class: 4868K(5056K)->4868K(5056K)
[4245.133s][info][gc             ] GC(1163) Pause Young (Prepare Mixed) (G1 Evacuation Pause) 3625M->1453M(4096M) 119.075ms
[4245.133s][info][gc,cpu         ] GC(1163) User=0.71s Sys=0.00s Real=0.12s
..|[4247.478s][info][gc,start       ] GC(1164) Pause Young (Mixed) (G1 Evacuation Pause)
[4247.478s][info][gc,task        ] GC(1164) Using 6 workers of 6 for evacuation
[4247.615s][info][gc,phases      ] GC(1164)   Pre Evacuate Collection Set: 0.37ms
[4247.615s][info][gc,phases      ] GC(1164)   Merge Heap Roots: 0.69ms
[4247.615s][info][gc,phases      ] GC(1164)   Evacuate Collection Set: 134.66ms
[4247.615s][info][gc,phases      ] GC(1164)   Post Evacuate Collection Set: 0.98ms
[4247.615s][info][gc,phases      ] GC(1164)   Other: 0.09ms
[4247.615s][info][gc,heap        ] GC(1164) Eden regions: 1108->0(1116)
[4247.615s][info][gc,heap        ] GC(1164) Survivor regions: 110->112(153)
[4247.615s][info][gc,heap        ] GC(1164) Old regions: 537->473
[4247.615s][info][gc,heap        ] GC(1164) Humongous regions: 80->80
[4247.615s][info][gc,metaspace   ] GC(1164) Metaspace: 28921K(29312K)->28921K(29312K) NonClass: 24052K(24256K)->24052K(24256K) Class: 4868K(5056K)->4868K(5056K)
[4247.615s][info][gc             ] GC(1164) Pause Young (Mixed) (G1 Evacuation Pause) 3669M->1328M(4096M) 136.938ms
[4247.615s][info][gc,cpu         ] GC(1164) User=0.81s Sys=0.00s Real=0.14s
...[4249.962s][info][gc,start       ] GC(1165) Pause Young (Concurrent Start) (G1 Evacuation Pause)
[4249.962s][info][gc,task        ] GC(1165) Using 6 workers of 6 for evacuation
[4250.082s][info][gc,phases      ] GC(1165)   Pre Evacuate Collection Set: 0.40ms
[4250.082s][info][gc,phases      ] GC(1165)   Merge Heap Roots: 0.51ms
[4250.082s][info][gc,phases      ] GC(1165)   Evacuate Collection Set: 118.25ms
[4250.082s][info][gc,phases      ] GC(1165)   Post Evacuate Collection Set: 0.87ms
[4250.082s][info][gc,phases      ] GC(1165)   Other: 0.12ms
[4250.082s][info][gc,heap        ] GC(1165) Eden regions: 1116->0(1115)
[4250.082s][info][gc,heap        ] GC(1165) Survivor regions: 112->113(154)
[4250.082s][info][gc,heap        ] GC(1165) Old regions: 473->505
[4250.082s][info][gc,heap        ] GC(1165) Humongous regions: 80->80
[4250.082s][info][gc,metaspace   ] GC(1165) Metaspace: 28921K(29312K)->28921K(29312K) NonClass: 24052K(24256K)->24052K(24256K) Class: 4868K(5056K)->4868K(5056K)
[4250.082s][info][gc             ] GC(1165) Pause Young (Concurrent Start) (G1 Evacuation Pause) 3560M->1394M(4096M) 120.303ms
[4250.082s][info][gc             ] GC(1166) Concurrent Mark Cycle
[4250.082s][info][gc,marking     ] GC(1166) Concurrent Scan Root Regions
[4250.082s][info][gc,cpu         ] GC(1165) User=0.71s Sys=0.00s Real=0.12s
[4250.228s][info][gc,marking     ] GC(1166) Concurrent Scan Root Regions 145.294ms
[4250.228s][info][gc,marking     ] GC(1166) Concurrent Mark
[4250.228s][info][gc,marking     ] GC(1166) Concurrent Mark From Roots
[4250.228s][info][gc,task        ] GC(1166) Using 2 workers of 2 for marking
.[4251.004s][info][gc,marking     ] GC(1166) Concurrent Mark From Roots 776.742ms
[4251.005s][info][gc,marking     ] GC(1166) Concurrent Preclean
[4251.005s][info][gc,marking     ] GC(1166) Concurrent Preclean 0.099ms
[4251.008s][info][gc,start       ] GC(1166) Pause Remark
[4251.012s][info][gc             ] GC(1166) Pause Remark 2206M->2206M(4096M) 4.330ms
[4251.012s][info][gc,cpu         ] GC(1166) User=0.03s Sys=0.01s Real=0.01s
[4251.013s][info][gc,marking     ] GC(1166) Concurrent Mark 784.837ms
[4251.013s][info][gc,marking     ] GC(1166) Concurrent Rebuild Remembered Sets and Scrub Regions
[4251.283s][info][gc,marking     ] GC(1166) Concurrent Rebuild Remembered Sets and Scrub Regions 270.479ms
[4251.284s][info][gc,start       ] GC(1166) Pause Cleanup
[4251.284s][info][gc             ] GC(1166) Pause Cleanup 2458M->2458M(4096M) 0.122ms
[4251.284s][info][gc,cpu         ] GC(1166) User=0.00s Sys=0.00s Real=0.00s
[4251.284s][info][gc,marking     ] GC(1166) Concurrent Clear Claimed Marks
[4251.284s][info][gc,marking     ] GC(1166) Concurrent Clear Claimed Marks 0.024ms
[4251.284s][info][gc,marking     ] GC(1166) Concurrent Cleanup for Next Mark
[4251.289s][info][gc,marking     ] GC(1166) Concurrent Cleanup for Next Mark 4.679ms
[4251.289s][info][gc             ] GC(1166) Concurrent Mark Cycle 1206.395ms
.[4252.468s][info][gc,start       ] GC(1167) Pause Young (Prepare Mixed) (G1 Evacuation Pause)
[4252.468s][info][gc,task        ] GC(1167) Using 6 workers of 6 for evacuation
[4252.587s][info][gc,phases      ] GC(1167)   Pre Evacuate Collection Set: 0.30ms
[4252.587s][info][gc,phases      ] GC(1167)   Merge Heap Roots: 0.50ms
[4252.587s][info][gc,phases      ] GC(1167)   Evacuate Collection Set: 117.14ms
[4252.587s][info][gc,phases      ] GC(1167)   Post Evacuate Collection Set: 0.88ms
[4252.587s][info][gc,phases      ] GC(1167)   Other: 0.07ms
[4252.587s][info][gc,heap        ] GC(1167) Eden regions: 1115->0(1103)
[4252.587s][info][gc,heap        ] GC(1167) Survivor regions: 113->112(154)
[4252.587s][info][gc,heap        ] GC(1167) Old regions: 505->538
[4252.587s][info][gc,heap        ] GC(1167) Humongous regions: 80->80
[4252.587s][info][gc,metaspace   ] GC(1167) Metaspace: 28921K(29312K)->28921K(29312K) NonClass: 24052K(24256K)->24052K(24256K) Class: 4868K(5056K)->4868K(5056K)
[4252.587s][info][gc             ] GC(1167) Pause Young (Prepare Mixed) (G1 Evacuation Pause) 3624M->1457M(4096M) 119.027ms
[4252.587s][info][gc,cpu         ] GC(1167) User=0.71s Sys=0.00s Real=0.12s
...[4254.893s][info][gc,start       ] GC(1168) Pause Young (Mixed) (G1 Evacuation Pause)
[4254.893s][info][gc,task        ] GC(1168) Using 6 workers of 6 for evacuation
[4255.028s][info][gc,phases      ] GC(1168)   Pre Evacuate Collection Set: 0.36ms
[4255.028s][info][gc,phases      ] GC(1168)   Merge Heap Roots: 0.74ms
[4255.028s][info][gc,phases      ] GC(1168)   Evacuate Collection Set: 133.24ms
[4255.028s][info][gc,phases      ] GC(1168)   Post Evacuate Collection Set: 0.91ms
[4255.028s][info][gc,phases      ] GC(1168)   Other: 0.09ms
[4255.028s][info][gc,heap        ] GC(1168) Eden regions: 1103->0(1116)
[4255.028s][info][gc,heap        ] GC(1168) Survivor regions: 112->112(152)
[4255.028s][info][gc,heap        ] GC(1168) Old regions: 538->475
[4255.028s][info][gc,heap        ] GC(1168) Humongous regions: 80->80
[4255.028s][info][gc,metaspace   ] GC(1168) Metaspace: 28921K(29312K)->28921K(29312K) NonClass: 24052K(24256K)->24052K(24256K) Class: 4868K(5056K)->4868K(5056K)
[4255.028s][info][gc             ] GC(1168) Pause Young (Mixed) (G1 Evacuation Pause) 3663M->1333M(4096M) 135.483ms
[4255.028s][info][gc,cpu         ] GC(1168) User=0.81s Sys=0.00s Real=0.13s
..[4257.354s][info][gc,start       ] GC(1169) Pause Young (Concurrent Start) (G1 Evacuation Pause)
[4257.354s][info][gc,task        ] GC(1169) Using 6 workers of 6 for evacuation
[4257.469s][info][gc,phases      ] GC(1169)   Pre Evacuate Collection Set: 0.34ms
[4257.469s][info][gc,phases      ] GC(1169)   Merge Heap Roots: 0.44ms
[4257.469s][info][gc,phases      ] GC(1169)   Evacuate Collection Set: 112.44ms
[4257.469s][info][gc,phases      ] GC(1169)   Post Evacuate Collection Set: 0.86ms
[4257.469s][info][gc,phases      ] GC(1169)   Other: 0.11ms
[4257.469s][info][gc,heap        ] GC(1169) Eden regions: 1116->0(1119)
[4257.469s][info][gc,heap        ] GC(1169) Survivor regions: 112->109(154)
[4257.469s][info][gc,heap        ] GC(1169) Old regions: 475->506
[4257.469s][info][gc,heap        ] GC(1169) Humongous regions: 80->80
[4257.469s][info][gc,metaspace   ] GC(1169) Metaspace: 28921K(29312K)->28921K(29312K) NonClass: 24052K(24256K)->24052K(24256K) Class: 4868K(5056K)->4868K(5056K)
[4257.469s][info][gc             ] GC(1169) Pause Young (Concurrent Start) (G1 Evacuation Pause) 3565M->1389M(4096M) 114.320ms
[4257.469s][info][gc             ] GC(1170) Concurrent Mark Cycle
[4257.469s][info][gc,marking     ] GC(1170) Concurrent Scan Root Regions
[4257.469s][info][gc,cpu         ] GC(1169) User=0.68s Sys=0.00s Real=0.11s
[4257.606s][info][gc,marking     ] GC(1170) Concurrent Scan Root Regions 137.448ms
[4257.606s][info][gc,marking     ] GC(1170) Concurrent Mark
[4257.606s][info][gc,marking     ] GC(1170) Concurrent Mark From Roots
[4257.606s][info][gc,task        ] GC(1170) Using 2 workers of 2 for marking
.[4258.359s][info][gc,marking     ] GC(1170) Concurrent Mark From Roots 752.366ms
[4258.359s][info][gc,marking     ] GC(1170) Concurrent Preclean
[4258.359s][info][gc,marking     ] GC(1170) Concurrent Preclean 0.105ms
[4258.362s][info][gc,start       ] GC(1170) Pause Remark
[4258.368s][info][gc             ] GC(1170) Pause Remark 2245M->2245M(4096M) 6.666ms
[4258.368s][info][gc,cpu         ] GC(1170) User=0.03s Sys=0.00s Real=0.00s
[4258.368s][info][gc,marking     ] GC(1170) Concurrent Mark 762.253ms
[4258.368s][info][gc,marking     ] GC(1170) Concurrent Rebuild Remembered Sets and Scrub Regions
[4258.634s][info][gc,marking     ] GC(1170) Concurrent Rebuild Remembered Sets and Scrub Regions 265.509ms
[4258.634s][info][gc,start       ] GC(1170) Pause Cleanup
[4258.634s][info][gc             ] GC(1170) Pause Cleanup 2437M->2437M(4096M) 0.124ms
[4258.634s][info][gc,cpu         ] GC(1170) User=0.00s Sys=0.00s Real=0.00s
[4258.634s][info][gc,marking     ] GC(1170) Concurrent Clear Claimed Marks
[4258.634s][info][gc,marking     ] GC(1170) Concurrent Clear Claimed Marks 0.026ms
[4258.634s][info][gc,marking     ] GC(1170) Concurrent Cleanup for Next Mark
[4258.639s][info][gc,marking     ] GC(1170) Concurrent Cleanup for Next Mark 4.926ms
[4258.639s][info][gc             ] GC(1170) Concurrent Mark Cycle 1170.714ms
.[4259.876s][info][gc,start       ] GC(1171) Pause Young (Prepare Mixed) (G1 Evacuation Pause)
[4259.876s][info][gc,task        ] GC(1171) Using 6 workers of 6 for evacuation
[4259.994s][info][gc,phases      ] GC(1171)   Pre Evacuate Collection Set: 0.31ms
[4259.994s][info][gc,phases      ] GC(1171)   Merge Heap Roots: 0.52ms
[4259.994s][info][gc,phases      ] GC(1171)   Evacuate Collection Set: 116.11ms
[4259.994s][info][gc,phases      ] GC(1171)   Post Evacuate Collection Set: 0.90ms
[4259.994s][info][gc,phases      ] GC(1171)   Other: 0.09ms
[4259.994s][info][gc,heap        ] GC(1171) Eden regions: 1119->0(1105)
[4259.994s][info][gc,heap        ] GC(1171) Survivor regions: 109->111(154)
[4259.994s][info][gc,heap        ] GC(1171) Old regions: 506->538
[4259.994s][info][gc,heap        ] GC(1171) Humongous regions: 80->80
[4259.994s][info][gc,metaspace   ] GC(1171) Metaspace: 28921K(29312K)->28921K(29312K) NonClass: 24052K(24256K)->24052K(24256K) Class: 4868K(5056K)->4868K(5056K)
[4259.994s][info][gc             ] GC(1171) Pause Young (Prepare Mixed) (G1 Evacuation Pause) 3627M->1455M(4096M) 118.087ms
[4259.994s][info][gc,cpu         ] GC(1171) User=0.70s Sys=0.00s Real=0.12s
...[4262.318s][info][gc,start       ] GC(1172) Pause Young (Mixed) (G1 Evacuation Pause)
[4262.318s][info][gc,task        ] GC(1172) Using 6 workers of 6 for evacuation
[4262.452s][info][gc,phases      ] GC(1172)   Pre Evacuate Collection Set: 0.37ms
[4262.452s][info][gc,phases      ] GC(1172)   Merge Heap Roots: 0.67ms
[4262.452s][info][gc,phases      ] GC(1172)   Evacuate Collection Set: 131.54ms
[4262.452s][info][gc,phases      ] GC(1172)   Post Evacuate Collection Set: 1.01ms
[4262.452s][info][gc,phases      ] GC(1172)   Other: 0.09ms
[4262.452s][info][gc,heap        ] GC(1172) Eden regions: 1105->0(1117)
[4262.452s][info][gc,heap        ] GC(1172) Survivor regions: 111->111(152)
[4262.452s][info][gc,heap        ] GC(1172) Old regions: 538->472
[4262.452s][info][gc,heap        ] GC(1172) Humongous regions: 80->80
[4262.452s][info][gc,metaspace   ] GC(1172) Metaspace: 28921K(29312K)->28921K(29312K) NonClass: 24052K(24256K)->24052K(24256K) Class: 4868K(5056K)->4868K(5056K)
[4262.452s][info][gc             ] GC(1172) Pause Young (Mixed) (G1 Evacuation Pause) 3665M->1324M(4096M) 133.806ms
[4262.452s][info][gc,cpu         ] GC(1172) User=0.80s Sys=0.00s Real=0.14s
..[4264.844s][info][gc,start       ] GC(1173) Pause Young (Concurrent Start) (G1 Evacuation Pause)
[4264.844s][info][gc,task        ] GC(1173) Using 6 workers of 6 for evacuation
[4264.962s][info][gc,phases      ] GC(1173)   Pre Evacuate Collection Set: 0.35ms
[4264.962s][info][gc,phases      ] GC(1173)   Merge Heap Roots: 0.45ms
[4264.962s][info][gc,phases      ] GC(1173)   Evacuate Collection Set: 116.15ms
[4264.962s][info][gc,phases      ] GC(1173)   Post Evacuate Collection Set: 0.86ms
[4264.962s][info][gc,phases      ] GC(1173)   Other: 0.11ms
[4264.962s][info][gc,heap        ] GC(1173) Eden regions: 1117->0(1118)
[4264.962s][info][gc,heap        ] GC(1173) Survivor regions: 111->110(154)
[4264.962s][info][gc,heap        ] GC(1173) Old regions: 472->504
[4264.962s][info][gc,heap        ] GC(1173) Humongous regions: 80->80
[4264.962s][info][gc,metaspace   ] GC(1173) Metaspace: 28921K(29312K)->28921K(29312K) NonClass: 24052K(24256K)->24052K(24256K) Class: 4868K(5056K)->4868K(5056K)
[4264.962s][info][gc             ] GC(1173) Pause Young (Concurrent Start) (G1 Evacuation Pause) 3558M->1386M(4096M) 118.045ms
[4264.962s][info][gc             ] GC(1174) Concurrent Mark Cycle
[4264.962s][info][gc,marking     ] GC(1174) Concurrent Scan Root Regions
[4264.962s][info][gc,cpu         ] GC(1173) User=0.70s Sys=0.00s Real=0.12s
.[4265.168s][info][gc,marking     ] GC(1174) Concurrent Scan Root Regions 206.068ms
[4265.168s][info][gc,marking     ] GC(1174) Concurrent Mark
[4265.168s][info][gc,marking     ] GC(1174) Concurrent Mark From Roots
[4265.168s][info][gc,task        ] GC(1174) Using 2 workers of 2 for marking
[4265.900s][info][gc,marking     ] GC(1174) Concurrent Mark From Roots 732.370ms
[4265.900s][info][gc,marking     ] GC(1174) Concurrent Preclean
[4265.901s][info][gc,marking     ] GC(1174) Concurrent Preclean 0.105ms
[4265.901s][info][gc,start       ] GC(1174) Pause Remark
[4265.906s][info][gc             ] GC(1174) Pause Remark 2238M->2238M(4096M) 5.256ms
[4265.906s][info][gc,cpu         ] GC(1174) User=0.03s Sys=0.00s Real=0.01s
[4265.908s][info][gc,marking     ] GC(1174) Concurrent Mark 739.843ms
[4265.908s][info][gc,marking     ] GC(1174) Concurrent Rebuild Remembered Sets and Scrub Regions
.[4266.253s][info][gc,marking     ] GC(1174) Concurrent Rebuild Remembered Sets and Scrub Regions 345.285ms
[4266.255s][info][gc,start       ] GC(1174) Pause Cleanup
[4266.255s][info][gc             ] GC(1174) Pause Cleanup 2566M->2566M(4096M) 0.130ms
[4266.255s][info][gc,cpu         ] GC(1174) User=0.00s Sys=0.00s Real=0.00s
[4266.255s][info][gc,marking     ] GC(1174) Concurrent Clear Claimed Marks
[4266.255s][info][gc,marking     ] GC(1174) Concurrent Clear Claimed Marks 0.028ms
[4266.255s][info][gc,marking     ] GC(1174) Concurrent Cleanup for Next Mark
[4266.297s][info][gc,marking     ] GC(1174) Concurrent Cleanup for Next Mark 41.640ms
[4266.297s][info][gc             ] GC(1174) Concurrent Mark Cycle 1335.304ms
[4267.234s][info][gc,start       ] GC(1175) Pause Young (Prepare Mixed) (G1 Evacuation Pause)
[4267.234s][info][gc,task        ] GC(1175) Using 6 workers of 6 for evacuation
[4267.356s][info][gc,phases      ] GC(1175)   Pre Evacuate Collection Set: 0.29ms
[4267.356s][info][gc,phases      ] GC(1175)   Merge Heap Roots: 0.50ms
[4267.356s][info][gc,phases      ] GC(1175)   Evacuate Collection Set: 119.91ms
[4267.356s][info][gc,phases      ] GC(1175)   Post Evacuate Collection Set: 0.90ms
[4267.356s][info][gc,phases      ] GC(1175)   Other: 0.09ms
[4267.356s][info][gc,heap        ] GC(1175) Eden regions: 1118->0(1105)
[4267.356s][info][gc,heap        ] GC(1175) Survivor regions: 110->113(154)
[4267.356s][info][gc,heap        ] GC(1175) Old regions: 504->534
[4267.356s][info][gc,heap        ] GC(1175) Humongous regions: 80->80
[4267.356s][info][gc,metaspace   ] GC(1175) Metaspace: 28921K(29312K)->28921K(29312K) NonClass: 24052K(24256K)->24052K(24256K) Class: 4868K(5056K)->4868K(5056K)
[4267.356s][info][gc             ] GC(1175) Pause Young (Prepare Mixed) (G1 Evacuation Pause) 3622M->1452M(4096M) 121.826ms
[4267.356s][info][gc,cpu         ] GC(1175) User=0.73s Sys=0.00s Real=0.12s
...[4269.681s][info][gc,start       ] GC(1176) Pause Young (Mixed) (G1 Evacuation Pause)
[4269.681s][info][gc,task        ] GC(1176) Using 6 workers of 6 for evacuation
[4269.816s][info][gc,phases      ] GC(1176)   Pre Evacuate Collection Set: 0.34ms
[4269.816s][info][gc,phases      ] GC(1176)   Merge Heap Roots: 0.73ms
[4269.816s][info][gc,phases      ] GC(1176)   Evacuate Collection Set: 132.96ms
[4269.816s][info][gc,phases      ] GC(1176)   Post Evacuate Collection Set: 0.92ms
[4269.816s][info][gc,phases      ] GC(1176)   Other: 0.08ms
[4269.816s][info][gc,heap        ] GC(1176) Eden regions: 1105->0(1119)
[4269.816s][info][gc,heap        ] GC(1176) Survivor regions: 113->109(153)
[4269.816s][info][gc,heap        ] GC(1176) Old regions: 534->472
[4269.816s][info][gc,heap        ] GC(1176) Humongous regions: 80->80
[4269.816s][info][gc,metaspace   ] GC(1176) Metaspace: 28921K(29312K)->28921K(29312K) NonClass: 24052K(24256K)->24052K(24256K) Class: 4868K(5056K)->4868K(5056K)
[4269.816s][info][gc             ] GC(1176) Pause Young (Mixed) (G1 Evacuation Pause) 3662M->1320M(4096M) 135.158ms
[4269.816s][info][gc,cpu         ] GC(1176) User=0.80s Sys=0.00s Real=0.14s
..[4272.132s][info][gc,start       ] GC(1177) Pause Young (Concurrent Start) (G1 Evacuation Pause)
[4272.132s][info][gc,task        ] GC(1177) Using 6 workers of 6 for evacuation
[4272.248s][info][gc,phases      ] GC(1177)   Pre Evacuate Collection Set: 0.39ms
[4272.248s][info][gc,phases      ] GC(1177)   Merge Heap Roots: 0.48ms
[4272.248s][info][gc,phases      ] GC(1177)   Evacuate Collection Set: 114.84ms
[4272.248s][info][gc,phases      ] GC(1177)   Post Evacuate Collection Set: 0.87ms
[4272.248s][info][gc,phases      ] GC(1177)   Other: 0.12ms
[4272.248s][info][gc,heap        ] GC(1177) Eden regions: 1119->0(1121)
[4272.248s][info][gc,heap        ] GC(1177) Survivor regions: 109->107(154)
[4272.248s][info][gc,heap        ] GC(1177) Old regions: 472->504
[4272.248s][info][gc,heap        ] GC(1177) Humongous regions: 80->80
[4272.248s][info][gc,metaspace   ] GC(1177) Metaspace: 28921K(29312K)->28921K(29312K) NonClass: 24052K(24256K)->24052K(24256K) Class: 4868K(5056K)->4868K(5056K)
[4272.248s][info][gc             ] GC(1177) Pause Young (Concurrent Start) (G1 Evacuation Pause) 3558M->1380M(4096M) 116.871ms
[4272.248s][info][gc             ] GC(1178) Concurrent Mark Cycle
[4272.248s][info][gc,marking     ] GC(1178) Concurrent Scan Root Regions
[4272.248s][info][gc,cpu         ] GC(1177) User=0.70s Sys=0.00s Real=0.12s
[4272.394s][info][gc,marking     ] GC(1178) Concurrent Scan Root Regions 145.358ms
[4272.394s][info][gc,marking     ] GC(1178) Concurrent Mark
[4272.394s][info][gc,marking     ] GC(1178) Concurrent Mark From Roots
[4272.394s][info][gc,task        ] GC(1178) Using 2 workers of 2 for marking
.[4273.133s][info][gc,marking     ] GC(1178) Concurrent Mark From Roots 739.060ms
[4273.133s][info][gc,marking     ] GC(1178) Concurrent Preclean
[4273.133s][info][gc,marking     ] GC(1178) Concurrent Preclean 0.102ms
[4273.135s][info][gc,start       ] GC(1178) Pause Remark
[4273.140s][info][gc             ] GC(1178) Pause Remark 2178M->2178M(4096M) 4.574ms
[4273.140s][info][gc,cpu         ] GC(1178) User=0.03s Sys=0.00s Real=0.00s
[4273.140s][info][gc,marking     ] GC(1178) Concurrent Mark 746.220ms
[4273.140s][info][gc,marking     ] GC(1178) Concurrent Rebuild Remembered Sets and Scrub Regions
[4273.416s][info][gc,marking     ] GC(1178) Concurrent Rebuild Remembered Sets and Scrub Regions 275.736ms
[4273.416s][info][gc,start       ] GC(1178) Pause Cleanup
[4273.416s][info][gc             ] GC(1178) Pause Cleanup 2442M->2442M(4096M) 0.121ms
[4273.416s][info][gc,cpu         ] GC(1178) User=0.00s Sys=0.00s Real=0.00s
[4273.416s][info][gc,marking     ] GC(1178) Concurrent Clear Claimed Marks
[4273.416s][info][gc,marking     ] GC(1178) Concurrent Clear Claimed Marks 0.024ms
[4273.416s][info][gc,marking     ] GC(1178) Concurrent Cleanup for Next Mark
[4273.422s][info][gc,marking     ] GC(1178) Concurrent Cleanup for Next Mark 5.286ms
[4273.422s][info][gc             ] GC(1178) Concurrent Mark Cycle 1173.171ms
..[4274.623s][info][gc,start       ] GC(1179) Pause Young (Prepare Mixed) (G1 Evacuation Pause)
[4274.623s][info][gc,task        ] GC(1179) Using 6 workers of 6 for evacuation
[4274.743s][info][gc,phases      ] GC(1179)   Pre Evacuate Collection Set: 0.33ms
[4274.743s][info][gc,phases      ] GC(1179)   Merge Heap Roots: 0.51ms
[4274.743s][info][gc,phases      ] GC(1179)   Evacuate Collection Set: 117.80ms
[4274.743s][info][gc,phases      ] GC(1179)   Post Evacuate Collection Set: 0.91ms
[4274.743s][info][gc,phases      ] GC(1179)   Other: 0.09ms
[4274.743s][info][gc,heap        ] GC(1179) Eden regions: 1121->0(1106)
[4274.743s][info][gc,heap        ] GC(1179) Survivor regions: 107->112(154)
[4274.743s][info][gc,heap        ] GC(1179) Old regions: 504->535
[4274.743s][info][gc,heap        ] GC(1179) Humongous regions: 80->80
[4274.743s][info][gc,metaspace   ] GC(1179) Metaspace: 28921K(29312K)->28921K(29312K) NonClass: 24052K(24256K)->24052K(24256K) Class: 4868K(5056K)->4868K(5056K)
[4274.743s][info][gc             ] GC(1179) Pause Young (Prepare Mixed) (G1 Evacuation Pause) 3622M->1452M(4096M) 119.785ms
[4274.743s][info][gc,cpu         ] GC(1179) User=0.71s Sys=0.00s Real=0.12s
..[4277.060s][info][gc,start       ] GC(1180) Pause Young (Mixed) (G1 Evacuation Pause)
[4277.060s][info][gc,task        ] GC(1180) Using 6 workers of 6 for evacuation
[4277.194s][info][gc,phases      ] GC(1180)   Pre Evacuate Collection Set: 0.34ms
[4277.194s][info][gc,phases      ] GC(1180)   Merge Heap Roots: 0.66ms
[4277.194s][info][gc,phases      ] GC(1180)   Evacuate Collection Set: 131.97ms
[4277.194s][info][gc,phases      ] GC(1180)   Post Evacuate Collection Set: 0.92ms
[4277.194s][info][gc,phases      ] GC(1180)   Other: 0.08ms
[4277.194s][info][gc,heap        ] GC(1180) Eden regions: 1106->0(1119)
[4277.194s][info][gc,heap        ] GC(1180) Survivor regions: 112->109(153)
[4277.194s][info][gc,heap        ] GC(1180) Old regions: 535->474
[4277.194s][info][gc,heap        ] GC(1180) Humongous regions: 80->80
[4277.194s][info][gc,metaspace   ] GC(1180) Metaspace: 28921K(29312K)->28921K(29312K) NonClass: 24052K(24256K)->24052K(24256K) Class: 4868K(5056K)->4868K(5056K)
[4277.194s][info][gc             ] GC(1180) Pause Young (Mixed) (G1 Evacuation Pause) 3664M->1323M(4096M) 134.120ms
[4277.194s][info][gc,cpu         ] GC(1180) User=0.80s Sys=0.00s Real=0.14s
...[4279.522s][info][gc,start       ] GC(1181) Pause Young (Concurrent Start) (G1 Evacuation Pause)
[4279.522s][info][gc,task        ] GC(1181) Using 6 workers of 6 for evacuation
[4279.644s][info][gc,phases      ] GC(1181)   Pre Evacuate Collection Set: 0.33ms
[4279.644s][info][gc,phases      ] GC(1181)   Merge Heap Roots: 0.49ms
[4279.644s][info][gc,phases      ] GC(1181)   Evacuate Collection Set: 120.47ms
[4279.644s][info][gc,phases      ] GC(1181)   Post Evacuate Collection Set: 0.91ms
[4279.644s][info][gc,phases      ] GC(1181)   Other: 0.10ms
[4279.644s][info][gc,heap        ] GC(1181) Eden regions: 1119->0(1116)
[4279.644s][info][gc,heap        ] GC(1181) Survivor regions: 109->112(154)
[4279.644s][info][gc,heap        ] GC(1181) Old regions: 474->506
[4279.644s][info][gc,heap        ] GC(1181) Humongous regions: 80->80
[4279.644s][info][gc,metaspace   ] GC(1181) Metaspace: 28921K(29312K)->28921K(29312K) NonClass: 24052K(24256K)->24052K(24256K) Class: 4868K(5056K)->4868K(5056K)
[4279.644s][info][gc             ] GC(1181) Pause Young (Concurrent Start) (G1 Evacuation Pause) 3561M->1394M(4096M) 122.433ms
[4279.644s][info][gc             ] GC(1182) Concurrent Mark Cycle
[4279.644s][info][gc,marking     ] GC(1182) Concurrent Scan Root Regions
[4279.644s][info][gc,cpu         ] GC(1181) User=0.73s Sys=0.00s Real=0.12s
[4279.787s][info][gc,marking     ] GC(1182) Concurrent Scan Root Regions 142.308ms
[4279.787s][info][gc,marking     ] GC(1182) Concurrent Mark
[4279.787s][info][gc,marking     ] GC(1182) Concurrent Mark From Roots
[4279.787s][info][gc,task        ] GC(1182) Using 2 workers of 2 for marking
.[4280.516s][info][gc,marking     ] GC(1182) Concurrent Mark From Roots 729.591ms
[4280.517s][info][gc,marking     ] GC(1182) Concurrent Preclean
[4280.517s][info][gc,marking     ] GC(1182) Concurrent Preclean 0.095ms
[4280.518s][info][gc,start       ] GC(1182) Pause Remark
[4280.522s][info][gc             ] GC(1182) Pause Remark 2148M->2148M(4096M) 3.276ms
[4280.522s][info][gc,cpu         ] GC(1182) User=0.02s Sys=0.00s Real=0.01s
[4280.522s][info][gc,marking     ] GC(1182) Concurrent Mark 734.835ms
[4280.522s][info][gc,marking     ] GC(1182) Concurrent Rebuild Remembered Sets and Scrub Regions
[4280.873s][info][gc,marking     ] GC(1182) Concurrent Rebuild Remembered Sets and Scrub Regions 351.653ms
[4280.874s][info][gc,start       ] GC(1182) Pause Cleanup
[4280.875s][info][gc             ] GC(1182) Pause Cleanup 2552M->2552M(4096M) 0.115ms
[4280.875s][info][gc,cpu         ] GC(1182) User=0.00s Sys=0.00s Real=0.00s
[4280.875s][info][gc,marking     ] GC(1182) Concurrent Clear Claimed Marks
[4280.875s][info][gc,marking     ] GC(1182) Concurrent Clear Claimed Marks 0.023ms
[4280.875s][info][gc,marking     ] GC(1182) Concurrent Cleanup for Next Mark
[4280.879s][info][gc,marking     ] GC(1182) Concurrent Cleanup for Next Mark 4.786ms
[4280.879s][info][gc             ] GC(1182) Concurrent Mark Cycle 1234.993ms
.[4282.003s][info][gc,start       ] GC(1183) Pause Young (Prepare Mixed) (G1 Evacuation Pause)
[4282.003s][info][gc,task        ] GC(1183) Using 6 workers of 6 for evacuation
[4282.118s][info][gc,phases      ] GC(1183)   Pre Evacuate Collection Set: 0.33ms
[4282.118s][info][gc,phases      ] GC(1183)   Merge Heap Roots: 0.48ms
[4282.118s][info][gc,phases      ] GC(1183)   Evacuate Collection Set: 113.16ms
[4282.118s][info][gc,phases      ] GC(1183)   Post Evacuate Collection Set: 0.92ms
[4282.118s][info][gc,phases      ] GC(1183)   Other: 0.09ms
[4282.118s][info][gc,heap        ] GC(1183) Eden regions: 1116->0(1114)
[4282.118s][info][gc,heap        ] GC(1183) Survivor regions: 112->107(154)
[4282.118s][info][gc,heap        ] GC(1183) Old regions: 506->537
[4282.118s][info][gc,heap        ] GC(1183) Humongous regions: 80->80
[4282.118s][info][gc,metaspace   ] GC(1183) Metaspace: 28921K(29312K)->28921K(29312K) NonClass: 24052K(24256K)->24052K(24256K) Class: 4868K(5056K)->4868K(5056K)
[4282.118s][info][gc             ] GC(1183) Pause Young (Prepare Mixed) (G1 Evacuation Pause) 3626M->1445M(4096M) 115.117ms
[4282.118s][info][gc,cpu         ] GC(1183) User=0.68s Sys=0.00s Real=0.11s
..[4284.408s][info][gc,start       ] GC(1184) Pause Young (Mixed) (G1 Evacuation Pause)
[4284.408s][info][gc,task        ] GC(1184) Using 6 workers of 6 for evacuation
[4284.543s][info][gc,phases      ] GC(1184)   Pre Evacuate Collection Set: 0.35ms
[4284.543s][info][gc,phases      ] GC(1184)   Merge Heap Roots: 0.66ms
[4284.543s][info][gc,phases      ] GC(1184)   Evacuate Collection Set: 132.41ms
[4284.543s][info][gc,phases      ] GC(1184)   Post Evacuate Collection Set: 0.91ms
[4284.543s][info][gc,phases      ] GC(1184)   Other: 0.08ms
[4284.543s][info][gc,heap        ] GC(1184) Eden regions: 1114->0(1118)
[4284.543s][info][gc,heap        ] GC(1184) Survivor regions: 107->110(153)
[4284.543s][info][gc,heap        ] GC(1184) Old regions: 537->474
[4284.543s][info][gc,heap        ] GC(1184) Humongous regions: 80->80
[4284.543s][info][gc,metaspace   ] GC(1184) Metaspace: 28921K(29312K)->28921K(29312K) NonClass: 24052K(24256K)->24052K(24256K) Class: 4868K(5056K)->4868K(5056K)
[4284.543s][info][gc             ] GC(1184) Pause Young (Mixed) (G1 Evacuation Pause) 3673M->1326M(4096M) 134.548ms
[4284.543s][info][gc,cpu         ] GC(1184) User=0.80s Sys=0.00s Real=0.14s
...[4286.947s][info][gc,start       ] GC(1185) Pause Young (Concurrent Start) (G1 Evacuation Pause)
[4286.947s][info][gc,task        ] GC(1185) Using 6 workers of 6 for evacuation
[4287.069s][info][gc,phases      ] GC(1185)   Pre Evacuate Collection Set: 0.37ms
[4287.069s][info][gc,phases      ] GC(1185)   Merge Heap Roots: 0.48ms
[4287.069s][info][gc,phases      ] GC(1185)   Evacuate Collection Set: 120.01ms
[4287.069s][info][gc,phases      ] GC(1185)   Post Evacuate Collection Set: 0.85ms
[4287.069s][info][gc,phases      ] GC(1185)   Other: 0.11ms
[4287.069s][info][gc,heap        ] GC(1185) Eden regions: 1118->0(1114)
[4287.069s][info][gc,heap        ] GC(1185) Survivor regions: 110->114(154)
[4287.069s][info][gc,heap        ] GC(1185) Old regions: 474->506
[4287.069s][info][gc,heap        ] GC(1185) Humongous regions: 80->80
[4287.069s][info][gc,metaspace   ] GC(1185) Metaspace: 28921K(29312K)->28921K(29312K) NonClass: 24052K(24256K)->24052K(24256K) Class: 4868K(5056K)->4868K(5056K)
[4287.069s][info][gc             ] GC(1185) Pause Young (Concurrent Start) (G1 Evacuation Pause) 3562M->1399M(4096M) 121.947ms
[4287.069s][info][gc             ] GC(1186) Concurrent Mark Cycle
[4287.069s][info][gc,marking     ] GC(1186) Concurrent Scan Root Regions
[4287.069s][info][gc,cpu         ] GC(1185) User=0.72s Sys=0.00s Real=0.12s
[4287.190s][info][gc,marking     ] GC(1186) Concurrent Scan Root Regions 120.832ms
[4287.190s][info][gc,marking     ] GC(1186) Concurrent Mark
[4287.190s][info][gc,marking     ] GC(1186) Concurrent Mark From Roots
[4287.190s][info][gc,task        ] GC(1186) Using 2 workers of 2 for marking
.[4287.780s][info][gc,marking     ] GC(1186) Concurrent Mark From Roots 590.247ms
[4287.780s][info][gc,marking     ] GC(1186) Concurrent Preclean
[4287.780s][info][gc,marking     ] GC(1186) Concurrent Preclean 0.095ms
[4287.781s][info][gc,start       ] GC(1186) Pause Remark
[4287.787s][info][gc             ] GC(1186) Pause Remark 2011M->2011M(4096M) 5.283ms
[4287.787s][info][gc,cpu         ] GC(1186) User=0.03s Sys=0.00s Real=0.01s
[4287.788s][info][gc,marking     ] GC(1186) Concurrent Mark 597.837ms
[4287.788s][info][gc,marking     ] GC(1186) Concurrent Rebuild Remembered Sets and Scrub Regions
[4288.055s][info][gc,marking     ] GC(1186) Concurrent Rebuild Remembered Sets and Scrub Regions 267.042ms
[4288.055s][info][gc,start       ] GC(1186) Pause Cleanup
[4288.055s][info][gc             ] GC(1186) Pause Cleanup 2238M->2238M(4096M) 0.116ms
[4288.055s][info][gc,cpu         ] GC(1186) User=0.00s Sys=0.00s Real=0.00s
[4288.056s][info][gc,marking     ] GC(1186) Concurrent Clear Claimed Marks
[4288.056s][info][gc,marking     ] GC(1186) Concurrent Clear Claimed Marks 0.048ms
[4288.056s][info][gc,marking     ] GC(1186) Concurrent Cleanup for Next Mark
[4288.065s][info][gc,marking     ] GC(1186) Concurrent Cleanup for Next Mark 9.122ms
[4288.065s][info][gc             ] GC(1186) Concurrent Mark Cycle 996.265ms
.[4289.378s][info][gc,start       ] GC(1187) Pause Young (Prepare Mixed) (G1 Evacuation Pause)
[4289.378s][info][gc,task        ] GC(1187) Using 6 workers of 6 for evacuation
[4289.494s][info][gc,phases      ] GC(1187)   Pre Evacuate Collection Set: 0.37ms
[4289.494s][info][gc,phases      ] GC(1187)   Merge Heap Roots: 0.56ms
[4289.494s][info][gc,phases      ] GC(1187)   Evacuate Collection Set: 113.97ms
[4289.494s][info][gc,phases      ] GC(1187)   Post Evacuate Collection Set: 0.91ms
[4289.494s][info][gc,phases      ] GC(1187)   Other: 0.09ms
[4289.494s][info][gc,heap        ] GC(1187) Eden regions: 1114->0(1109)
[4289.494s][info][gc,heap        ] GC(1187) Survivor regions: 114->109(154)
[4289.494s][info][gc,heap        ] GC(1187) Old regions: 506->538
[4289.494s][info][gc,heap        ] GC(1187) Humongous regions: 80->80
[4289.494s][info][gc,metaspace   ] GC(1187) Metaspace: 28921K(29312K)->28921K(29312K) NonClass: 24052K(24256K)->24052K(24256K) Class: 4868K(5056K)->4868K(5056K)
[4289.494s][info][gc             ] GC(1187) Pause Young (Prepare Mixed) (G1 Evacuation Pause) 3627M->1451M(4096M) 116.041ms
[4289.494s][info][gc,cpu         ] GC(1187) User=0.69s Sys=0.00s Real=0.12s
...[4291.850s][info][gc,start       ] GC(1188) Pause Young (Mixed) (G1 Evacuation Pause)
[4291.850s][info][gc,task        ] GC(1188) Using 6 workers of 6 for evacuation
[4291.988s][info][gc,phases      ] GC(1188)   Pre Evacuate Collection Set: 0.38ms
[4291.988s][info][gc,phases      ] GC(1188)   Merge Heap Roots: 0.65ms
[4291.988s][info][gc,phases      ] GC(1188)   Evacuate Collection Set: 135.69ms
[4291.988s][info][gc,phases      ] GC(1188)   Post Evacuate Collection Set: 0.94ms
[4291.988s][info][gc,phases      ] GC(1188)   Other: 0.09ms
[4291.988s][info][gc,heap        ] GC(1188) Eden regions: 1109->0(1115)
[4291.988s][info][gc,heap        ] GC(1188) Survivor regions: 109->113(153)
[4291.988s][info][gc,heap        ] GC(1188) Old regions: 538->474
[4291.988s][info][gc,heap        ] GC(1188) Humongous regions: 80->80
[4291.988s][info][gc,metaspace   ] GC(1188) Metaspace: 28921K(29312K)->28921K(29312K) NonClass: 24052K(24256K)->24052K(24256K) Class: 4868K(5056K)->4868K(5056K)
[4291.988s][info][gc             ] GC(1188) Pause Young (Mixed) (G1 Evacuation Pause) 3669M->1331M(4096M) 137.876ms
[4291.988s][info][gc,cpu         ] GC(1188) User=0.82s Sys=0.00s Real=0.14s
..[4294.322s][info][gc,start       ] GC(1189) Pause Young (Concurrent Start) (G1 Evacuation Pause)
[4294.322s][info][gc,task        ] GC(1189) Using 6 workers of 6 for evacuation
[4294.448s][info][gc,phases      ] GC(1189)   Pre Evacuate Collection Set: 0.37ms
[4294.448s][info][gc,phases      ] GC(1189)   Merge Heap Roots: 0.55ms
[4294.448s][info][gc,phases      ] GC(1189)   Evacuate Collection Set: 123.92ms
[4294.448s][info][gc,phases      ] GC(1189)   Post Evacuate Collection Set: 0.87ms
[4294.448s][info][gc,phases      ] GC(1189)   Other: 0.11ms
[4294.448s][info][gc,heap        ] GC(1189) Eden regions: 1115->0(1113)
[4294.448s][info][gc,heap        ] GC(1189) Survivor regions: 113->115(154)
[4294.448s][info][gc,heap        ] GC(1189) Old regions: 474->505
[4294.448s][info][gc,heap        ] GC(1189) Humongous regions: 80->80
[4294.448s][info][gc,metaspace   ] GC(1189) Metaspace: 28921K(29312K)->28921K(29312K) NonClass: 24052K(24256K)->24052K(24256K) Class: 4868K(5056K)->4868K(5056K)
[4294.448s][info][gc             ] GC(1189) Pause Young (Concurrent Start) (G1 Evacuation Pause) 3561M->1399M(4096M) 125.963ms
[4294.448s][info][gc             ] GC(1190) Concurrent Mark Cycle
[4294.448s][info][gc,marking     ] GC(1190) Concurrent Scan Root Regions
[4294.448s][info][gc,cpu         ] GC(1189) User=0.75s Sys=0.00s Real=0.12s
[4294.618s][info][gc,marking     ] GC(1190) Concurrent Scan Root Regions 170.254ms
[4294.618s][info][gc,marking     ] GC(1190) Concurrent Mark
[4294.618s][info][gc,marking     ] GC(1190) Concurrent Mark From Roots
[4294.618s][info][gc,task        ] GC(1190) Using 2 workers of 2 for marking
.[4295.404s][info][gc,marking     ] GC(1190) Concurrent Mark From Roots 786.298ms
[4295.404s][info][gc,marking     ] GC(1190) Concurrent Preclean
[4295.404s][info][gc,marking     ] GC(1190) Concurrent Preclean 0.080ms
[4295.405s][info][gc,start       ] GC(1190) Pause Remark
[4295.409s][info][gc             ] GC(1190) Pause Remark 2325M->2325M(4096M) 4.091ms
[4295.410s][info][gc,cpu         ] GC(1190) User=0.02s Sys=0.00s Real=0.00s
[4295.410s][info][gc,marking     ] GC(1190) Concurrent Mark 792.412ms
[4295.410s][info][gc,marking     ] GC(1190) Concurrent Rebuild Remembered Sets and Scrub Regions
[4295.681s][info][gc,marking     ] GC(1190) Concurrent Rebuild Remembered Sets and Scrub Regions 270.969ms
[4295.684s][info][gc,start       ] GC(1190) Pause Cleanup
[4295.684s][info][gc             ] GC(1190) Pause Cleanup 2559M->2559M(4096M) 0.143ms
[4295.684s][info][gc,cpu         ] GC(1190) User=0.00s Sys=0.00s Real=0.00s
[4295.685s][info][gc,marking     ] GC(1190) Concurrent Clear Claimed Marks
[4295.685s][info][gc,marking     ] GC(1190) Concurrent Clear Claimed Marks 0.036ms
[4295.685s][info][gc,marking     ] GC(1190) Concurrent Cleanup for Next Mark
[4295.692s][info][gc,marking     ] GC(1190) Concurrent Cleanup for Next Mark 7.673ms
[4295.692s][info][gc             ] GC(1190) Concurrent Mark Cycle 1244.592ms
.[4296.727s][info][gc,start       ] GC(1191) Pause Young (Prepare Mixed) (G1 Evacuation Pause)
[4296.727s][info][gc,task        ] GC(1191) Using 6 workers of 6 for evacuation
[4296.856s][info][gc,phases      ] GC(1191)   Pre Evacuate Collection Set: 0.31ms
[4296.856s][info][gc,phases      ] GC(1191)   Merge Heap Roots: 0.51ms
[4296.856s][info][gc,phases      ] GC(1191)   Evacuate Collection Set: 126.76ms
[4296.856s][info][gc,phases      ] GC(1191)   Post Evacuate Collection Set: 0.99ms
[4296.856s][info][gc,phases      ] GC(1191)   Other: 0.09ms
[4296.856s][info][gc,heap        ] GC(1191) Eden regions: 1113->0(1092)
[4296.856s][info][gc,heap        ] GC(1191) Survivor regions: 115->118(154)
[4296.856s][info][gc,heap        ] GC(1191) Old regions: 505->537
[4296.856s][info][gc,heap        ] GC(1191) Humongous regions: 80->80
[4296.856s][info][gc,metaspace   ] GC(1191) Metaspace: 28921K(29312K)->28921K(29312K) NonClass: 24052K(24256K)->24052K(24256K) Class: 4868K(5056K)->4868K(5056K)
[4296.856s][info][gc             ] GC(1191) Pause Young (Prepare Mixed) (G1 Evacuation Pause) 3625M->1468M(4096M) 128.800ms
[4296.856s][info][gc,cpu         ] GC(1191) User=0.77s Sys=0.00s Real=0.13s
...[4299.160s][info][gc,start       ] GC(1192) Pause Young (Mixed) (G1 Evacuation Pause)
[4299.160s][info][gc,task        ] GC(1192) Using 6 workers of 6 for evacuation
[4299.293s][info][gc,phases      ] GC(1192)   Pre Evacuate Collection Set: 0.38ms
[4299.293s][info][gc,phases      ] GC(1192)   Merge Heap Roots: 0.66ms
[4299.293s][info][gc,phases      ] GC(1192)   Evacuate Collection Set: 131.14ms
[4299.293s][info][gc,phases      ] GC(1192)   Post Evacuate Collection Set: 0.92ms
[4299.293s][info][gc,phases      ] GC(1192)   Other: 0.08ms
[4299.293s][info][gc,heap        ] GC(1192) Eden regions: 1092->0(1119)
[4299.293s][info][gc,heap        ] GC(1192) Survivor regions: 118->109(152)
[4299.293s][info][gc,heap        ] GC(1192) Old regions: 537->473
[4299.293s][info][gc,heap        ] GC(1192) Humongous regions: 80->80
[4299.293s][info][gc,metaspace   ] GC(1192) Metaspace: 28921K(29312K)->28921K(29312K) NonClass: 24052K(24256K)->24052K(24256K) Class: 4868K(5056K)->4868K(5056K)
[4299.293s][info][gc             ] GC(1192) Pause Young (Mixed) (G1 Evacuation Pause) 3652M->1321M(4096M) 133.321ms
[4299.293s][info][gc,cpu         ] GC(1192) User=0.80s Sys=0.00s Real=0.14s
..[4301.538s][info][gc,start       ] GC(1193) Pause Young (Concurrent Start) (G1 Evacuation Pause)
[4301.538s][info][gc,task        ] GC(1193) Using 6 workers of 6 for evacuation
[4301.657s][info][gc,phases      ] GC(1193)   Pre Evacuate Collection Set: 0.39ms
[4301.657s][info][gc,phases      ] GC(1193)   Merge Heap Roots: 0.45ms
[4301.657s][info][gc,phases      ] GC(1193)   Evacuate Collection Set: 117.70ms
[4301.657s][info][gc,phases      ] GC(1193)   Post Evacuate Collection Set: 0.84ms
[4301.657s][info][gc,phases      ] GC(1193)   Other: 0.12ms
[4301.657s][info][gc,heap        ] GC(1193) Eden regions: 1119->0(1115)
[4301.657s][info][gc,heap        ] GC(1193) Survivor regions: 109->113(154)
[4301.657s][info][gc,heap        ] GC(1193) Old regions: 473->504
[4301.657s][info][gc,heap        ] GC(1193) Humongous regions: 80->80
[4301.657s][info][gc,metaspace   ] GC(1193) Metaspace: 28921K(29312K)->28921K(29312K) NonClass: 24052K(24256K)->24052K(24256K) Class: 4868K(5056K)->4868K(5056K)
[4301.657s][info][gc             ] GC(1193) Pause Young (Concurrent Start) (G1 Evacuation Pause) 3559M->1391M(4096M) 119.631ms
[4301.657s][info][gc             ] GC(1194) Concurrent Mark Cycle
[4301.657s][info][gc,marking     ] GC(1194) Concurrent Scan Root Regions
[4301.657s][info][gc,cpu         ] GC(1193) User=0.72s Sys=0.00s Real=0.12s
[4301.853s][info][gc,marking     ] GC(1194) Concurrent Scan Root Regions 196.051ms
[4301.854s][info][gc,marking     ] GC(1194) Concurrent Mark
[4301.854s][info][gc,marking     ] GC(1194) Concurrent Mark From Roots
[4301.854s][info][gc,task        ] GC(1194) Using 2 workers of 2 for marking
.[4302.806s][info][gc,marking     ] GC(1194) Concurrent Mark From Roots 952.899ms
[4302.806s][info][gc,marking     ] GC(1194) Concurrent Preclean
[4302.807s][info][gc,marking     ] GC(1194) Concurrent Preclean 0.101ms
[4302.809s][info][gc,start       ] GC(1194) Pause Remark
[4302.814s][info][gc             ] GC(1194) Pause Remark 2473M->2473M(4096M) 5.056ms
[4302.814s][info][gc,cpu         ] GC(1194) User=0.02s Sys=0.00s Real=0.01s
[4302.814s][info][gc,marking     ] GC(1194) Concurrent Mark 960.198ms
[4302.814s][info][gc,marking     ] GC(1194) Concurrent Rebuild Remembered Sets and Scrub Regions
.[4303.166s][info][gc,marking     ] GC(1194) Concurrent Rebuild Remembered Sets and Scrub Regions 352.307ms
[4303.167s][info][gc,start       ] GC(1194) Pause Cleanup
[4303.167s][info][gc             ] GC(1194) Pause Cleanup 2773M->2773M(4096M) 0.128ms
[4303.167s][info][gc,cpu         ] GC(1194) User=0.00s Sys=0.00s Real=0.00s
[4303.167s][info][gc,marking     ] GC(1194) Concurrent Clear Claimed Marks
[4303.167s][info][gc,marking     ] GC(1194) Concurrent Clear Claimed Marks 0.032ms
[4303.167s][info][gc,marking     ] GC(1194) Concurrent Cleanup for Next Mark
[4303.172s][info][gc,marking     ] GC(1194) Concurrent Cleanup for Next Mark 4.805ms
[4303.172s][info][gc             ] GC(1194) Concurrent Mark Cycle 1514.968ms
[4303.989s][info][gc,start       ] GC(1195) Pause Young (Prepare Mixed) (G1 Evacuation Pause)
[4303.989s][info][gc,task        ] GC(1195) Using 6 workers of 6 for evacuation
[4304.113s][info][gc,phases      ] GC(1195)   Pre Evacuate Collection Set: 0.34ms
[4304.113s][info][gc,phases      ] GC(1195)   Merge Heap Roots: 0.48ms
[4304.113s][info][gc,phases      ] GC(1195)   Evacuate Collection Set: 122.03ms
[4304.113s][info][gc,phases      ] GC(1195)   Post Evacuate Collection Set: 0.92ms
[4304.113s][info][gc,phases      ] GC(1195)   Other: 0.09ms
[4304.113s][info][gc,heap        ] GC(1195) Eden regions: 1115->0(1098)
[4304.113s][info][gc,heap        ] GC(1195) Survivor regions: 113->115(154)
[4304.113s][info][gc,heap        ] GC(1195) Old regions: 504->537
[4304.113s][info][gc,heap        ] GC(1195) Humongous regions: 80->80
[4304.113s][info][gc,metaspace   ] GC(1195) Metaspace: 28921K(29312K)->28921K(29312K) NonClass: 24052K(24256K)->24052K(24256K) Class: 4868K(5056K)->4868K(5056K)
[4304.113s][info][gc             ] GC(1195) Pause Young (Prepare Mixed) (G1 Evacuation Pause) 3621M->1461M(4096M) 123.977ms
[4304.113s][info][gc,cpu         ] GC(1195) User=0.74s Sys=0.00s Real=0.13s
...[4306.473s][info][gc,start       ] GC(1196) Pause Young (Mixed) (G1 Evacuation Pause)
[4306.473s][info][gc,task        ] GC(1196) Using 6 workers of 6 for evacuation
[4306.606s][info][gc,phases      ] GC(1196)   Pre Evacuate Collection Set: 0.35ms
[4306.606s][info][gc,phases      ] GC(1196)   Merge Heap Roots: 0.67ms
[4306.606s][info][gc,phases      ] GC(1196)   Evacuate Collection Set: 130.83ms
[4306.606s][info][gc,phases      ] GC(1196)   Post Evacuate Collection Set: 0.94ms
[4306.606s][info][gc,phases      ] GC(1196)   Other: 0.09ms
[4306.606s][info][gc,heap        ] GC(1196) Eden regions: 1098->0(1119)
[4306.606s][info][gc,heap        ] GC(1196) Survivor regions: 115->109(152)
[4306.606s][info][gc,heap        ] GC(1196) Old regions: 537->474
[4306.606s][info][gc,heap        ] GC(1196) Humongous regions: 80->80
[4306.606s][info][gc,metaspace   ] GC(1196) Metaspace: 28921K(29312K)->28921K(29312K) NonClass: 24052K(24256K)->24052K(24256K) Class: 4868K(5056K)->4868K(5056K)
[4306.606s][info][gc             ] GC(1196) Pause Young (Mixed) (G1 Evacuation Pause) 3657M->1324M(4096M) 133.020ms
[4306.606s][info][gc,cpu         ] GC(1196) User=0.79s Sys=0.00s Real=0.13s
. (rIR:aIR:PR = 7610:7618:7618) (tPR = 113053) [OK] 
  4306s: Performance info:
         Transaction,    Success,    Partial,     Failed,   Receipts, AvgBarcode, 
             Overall,     462019,          0,          0,     438871,      59.48, 
         Response times:
             Request,    Success,    Partial,     Failed,   SkipFail,     Probes,    Samples,      min,      p50,      p90,      p95,      p99,      max, 
       TotalPurchase,     438837,          0,          0,          0,     355491,     405720,      300,     6300,   112000,   166000,   233000,   402000,
     InStorePurchase,     231223,          0,          0,          0,     187544,     213723,      300,     6200,   112000,   166000,   234000,   399000,
      OnlinePurchase,     161148,          0,          0,          0,     130809,     149428,      300,     6200,   110000,   164000,   230000,   402000,
        InstPurchase,      46466,          0,          0,          0,      37138,      42569,      400,     6700,   114000,   170000,   234000,   399000,
          AssocOfCat,        462,          0,          0,          0,        369,        510,    27000,    41000,   194900,   244450,   305560,   366000,
      AssocOfProduct,       4605,          0,          0,          0,       4279,       5183,      600,     6600,   115000,   171000,   228000,   388000,
      BusinessReport,       1148,          0,          0,          0,        983,       1259,    28000,    49000,   197000,   246000,   321600,   402000,
          CustBuyBeh,       4617,          0,          0,          0,       4187,       5006,      500,     6500,   115000,   165000,   227000,   336000,
       ProductReturn,      12318,          0,          0,          0,       9176,      10720,      200,     6600,   115000,   171000,   248000,   353000,

  4306s: (56%)   IR =   7749 .[4308.911s][info][gc,start       ] GC(1197) Pause Young (Concurrent Start) (G1 Evacuation Pause)
[4308.911s][info][gc,task        ] GC(1197) Using 6 workers of 6 for evacuation
[4309.034s][info][gc,phases      ] GC(1197)   Pre Evacuate Collection Set: 0.33ms
[4309.034s][info][gc,phases      ] GC(1197)   Merge Heap Roots: 0.47ms
[4309.034s][info][gc,phases      ] GC(1197)   Evacuate Collection Set: 121.33ms
[4309.034s][info][gc,phases      ] GC(1197)   Post Evacuate Collection Set: 0.89ms
[4309.034s][info][gc,phases      ] GC(1197)   Other: 0.11ms
[4309.034s][info][gc,heap        ] GC(1197) Eden regions: 1119->0(1114)
[4309.034s][info][gc,heap        ] GC(1197) Survivor regions: 109->114(154)
[4309.034s][info][gc,heap        ] GC(1197) Old regions: 474->505
[4309.034s][info][gc,heap        ] GC(1197) Humongous regions: 80->80
[4309.034s][info][gc,metaspace   ] GC(1197) Metaspace: 28921K(29312K)->28921K(29312K) NonClass: 24052K(24256K)->24052K(24256K) Class: 4868K(5056K)->4868K(5056K)
[4309.034s][info][gc             ] GC(1197) Pause Young (Concurrent Start) (G1 Evacuation Pause) 3562M->1397M(4096M) 123.258ms
[4309.034s][info][gc             ] GC(1198) Concurrent Mark Cycle
[4309.034s][info][gc,marking     ] GC(1198) Concurrent Scan Root Regions
[4309.034s][info][gc,cpu         ] GC(1197) User=0.73s Sys=0.00s Real=0.13s
.[4309.252s][info][gc,marking     ] GC(1198) Concurrent Scan Root Regions 217.952ms
[4309.252s][info][gc,marking     ] GC(1198) Concurrent Mark
[4309.252s][info][gc,marking     ] GC(1198) Concurrent Mark From Roots
[4309.252s][info][gc,task        ] GC(1198) Using 2 workers of 2 for marking
[4310.030s][info][gc,marking     ] GC(1198) Concurrent Mark From Roots 777.385ms
[4310.030s][info][gc,marking     ] GC(1198) Concurrent Preclean
[4310.030s][info][gc,marking     ] GC(1198) Concurrent Preclean 0.112ms
[4310.031s][info][gc,start       ] GC(1198) Pause Remark
[4310.036s][info][gc             ] GC(1198) Pause Remark 2255M->2255M(4096M) 5.108ms
[4310.036s][info][gc,cpu         ] GC(1198) User=0.03s Sys=0.00s Real=0.01s
[4310.036s][info][gc,marking     ] GC(1198) Concurrent Mark 783.739ms
[4310.036s][info][gc,marking     ] GC(1198) Concurrent Rebuild Remembered Sets and Scrub Regions
[4310.334s][info][gc,marking     ] GC(1198) Concurrent Rebuild Remembered Sets and Scrub Regions 298.281ms
.[4310.336s][info][gc,start       ] GC(1198) Pause Cleanup
[4310.336s][info][gc             ] GC(1198) Pause Cleanup 2579M->2579M(4096M) 0.132ms
[4310.336s][info][gc,cpu         ] GC(1198) User=0.00s Sys=0.00s Real=0.00s
[4310.336s][info][gc,marking     ] GC(1198) Concurrent Clear Claimed Marks
[4310.336s][info][gc,marking     ] GC(1198) Concurrent Clear Claimed Marks 0.023ms
[4310.336s][info][gc,marking     ] GC(1198) Concurrent Cleanup for Next Mark
[4310.342s][info][gc,marking     ] GC(1198) Concurrent Cleanup for Next Mark 6.098ms
[4310.342s][info][gc             ] GC(1198) Concurrent Mark Cycle 1307.829ms
.[4311.377s][info][gc,start       ] GC(1199) Pause Young (Prepare Mixed) (G1 Evacuation Pause)
[4311.377s][info][gc,task        ] GC(1199) Using 6 workers of 6 for evacuation
[4311.497s][info][gc,phases      ] GC(1199)   Pre Evacuate Collection Set: 0.32ms
[4311.497s][info][gc,phases      ] GC(1199)   Merge Heap Roots: 0.53ms
[4311.497s][info][gc,phases      ] GC(1199)   Evacuate Collection Set: 117.99ms
[4311.497s][info][gc,phases      ] GC(1199)   Post Evacuate Collection Set: 1.01ms
[4311.497s][info][gc,phases      ] GC(1199)   Other: 0.09ms
[4311.497s][info][gc,heap        ] GC(1199) Eden regions: 1114->0(1104)
[4311.497s][info][gc,heap        ] GC(1199) Survivor regions: 114->112(154)
[4311.497s][info][gc,heap        ] GC(1199) Old regions: 505->537
[4311.497s][info][gc,heap        ] GC(1199) Humongous regions: 80->80
[4311.497s][info][gc,metaspace   ] GC(1199) Metaspace: 28921K(29312K)->28921K(29312K) NonClass: 24052K(24256K)->24052K(24256K) Class: 4868K(5056K)->4868K(5056K)
[4311.497s][info][gc             ] GC(1199) Pause Young (Prepare Mixed) (G1 Evacuation Pause) 3625M->1456M(4096M) 120.076ms
[4311.497s][info][gc,cpu         ] GC(1199) User=0.71s Sys=0.00s Real=0.12s
..[4313.713s][info][gc,start       ] GC(1200) Pause Young (Mixed) (G1 Evacuation Pause)
[4313.714s][info][gc,task        ] GC(1200) Using 6 workers of 6 for evacuation
[4313.851s][info][gc,phases      ] GC(1200)   Pre Evacuate Collection Set: 0.35ms
[4313.851s][info][gc,phases      ] GC(1200)   Merge Heap Roots: 0.72ms
[4313.851s][info][gc,phases      ] GC(1200)   Evacuate Collection Set: 135.30ms
[4313.851s][info][gc,phases      ] GC(1200)   Post Evacuate Collection Set: 0.93ms
[4313.851s][info][gc,phases      ] GC(1200)   Other: 0.09ms
[4313.851s][info][gc,heap        ] GC(1200) Eden regions: 1104->0(1117)
[4313.851s][info][gc,heap        ] GC(1200) Survivor regions: 112->111(152)
[4313.851s][info][gc,heap        ] GC(1200) Old regions: 537->475
[4313.851s][info][gc,heap        ] GC(1200) Humongous regions: 80->80
[4313.851s][info][gc,metaspace   ] GC(1200) Metaspace: 28921K(29312K)->28921K(29312K) NonClass: 24052K(24256K)->24052K(24256K) Class: 4868K(5056K)->4868K(5056K)
[4313.851s][info][gc             ] GC(1200) Pause Young (Mixed) (G1 Evacuation Pause) 3664M->1330M(4096M) 137.518ms
[4313.851s][info][gc,cpu         ] GC(1200) User=0.82s Sys=0.00s Real=0.13s
..[4316.128s][info][gc,start       ] GC(1201) Pause Young (Concurrent Start) (G1 Evacuation Pause)
[4316.128s][info][gc,task        ] GC(1201) Using 6 workers of 6 for evacuation
[4316.249s][info][gc,phases      ] GC(1201)   Pre Evacuate Collection Set: 0.38ms
[4316.249s][info][gc,phases      ] GC(1201)   Merge Heap Roots: 0.46ms
[4316.249s][info][gc,phases      ] GC(1201)   Evacuate Collection Set: 118.53ms
[4316.249s][info][gc,phases      ] GC(1201)   Post Evacuate Collection Set: 0.86ms
[4316.249s][info][gc,phases      ] GC(1201)   Other: 0.13ms
[4316.249s][info][gc,heap        ] GC(1201) Eden regions: 1117->0(1117)
[4316.249s][info][gc,heap        ] GC(1201) Survivor regions: 111->111(154)
[4316.249s][info][gc,heap        ] GC(1201) Old regions: 475->507
[4316.249s][info][gc,heap        ] GC(1201) Humongous regions: 80->80
[4316.249s][info][gc,metaspace   ] GC(1201) Metaspace: 28921K(29312K)->28921K(29312K) NonClass: 24052K(24256K)->24052K(24256K) Class: 4868K(5056K)->4868K(5056K)
[4316.249s][info][gc             ] GC(1201) Pause Young (Concurrent Start) (G1 Evacuation Pause) 3564M->1395M(4096M) 120.481ms
[4316.249s][info][gc             ] GC(1202) Concurrent Mark Cycle
[4316.249s][info][gc,marking     ] GC(1202) Concurrent Scan Root Regions
[4316.249s][info][gc,cpu         ] GC(1201) User=0.71s Sys=0.00s Real=0.12s
.[4316.396s][info][gc,marking     ] GC(1202) Concurrent Scan Root Regions 146.976ms
[4316.396s][info][gc,marking     ] GC(1202) Concurrent Mark
[4316.396s][info][gc,marking     ] GC(1202) Concurrent Mark From Roots
[4316.396s][info][gc,task        ] GC(1202) Using 2 workers of 2 for marking
[4317.182s][info][gc,marking     ] GC(1202) Concurrent Mark From Roots 785.765ms
[4317.182s][info][gc,marking     ] GC(1202) Concurrent Preclean
[4317.182s][info][gc,marking     ] GC(1202) Concurrent Preclean 0.103ms
[4317.183s][info][gc,start       ] GC(1202) Pause Remark
[4317.189s][info][gc             ] GC(1202) Pause Remark 2259M->2259M(4096M) 5.263ms
[4317.189s][info][gc,cpu         ] GC(1202) User=0.03s Sys=0.00s Real=0.00s
[4317.189s][info][gc,marking     ] GC(1202) Concurrent Mark 792.915ms
[4317.189s][info][gc,marking     ] GC(1202) Concurrent Rebuild Remembered Sets and Scrub Regions
.[4317.561s][info][gc,marking     ] GC(1202) Concurrent Rebuild Remembered Sets and Scrub Regions 372.392ms
[4317.561s][info][gc,start       ] GC(1202) Pause Cleanup
[4317.561s][info][gc             ] GC(1202) Pause Cleanup 2657M->2657M(4096M) 0.114ms
[4317.561s][info][gc,cpu         ] GC(1202) User=0.00s Sys=0.00s Real=0.00s
[4317.562s][info][gc,marking     ] GC(1202) Concurrent Clear Claimed Marks
[4317.562s][info][gc,marking     ] GC(1202) Concurrent Clear Claimed Marks 0.025ms
[4317.562s][info][gc,marking     ] GC(1202) Concurrent Cleanup for Next Mark
[4317.568s][info][gc,marking     ] GC(1202) Concurrent Cleanup for Next Mark 5.961ms
[4317.568s][info][gc             ] GC(1202) Concurrent Mark Cycle 1319.015ms
.[4318.564s][info][gc,start       ] GC(1203) Pause Young (Prepare Mixed) (G1 Evacuation Pause)
[4318.564s][info][gc,task        ] GC(1203) Using 6 workers of 6 for evacuation
[4318.679s][info][gc,phases      ] GC(1203)   Pre Evacuate Collection Set: 0.33ms
[4318.679s][info][gc,phases      ] GC(1203)   Merge Heap Roots: 0.49ms
[4318.679s][info][gc,phases      ] GC(1203)   Evacuate Collection Set: 112.72ms
[4318.679s][info][gc,phases      ] GC(1203)   Post Evacuate Collection Set: 0.92ms
[4318.679s][info][gc,phases      ] GC(1203)   Other: 0.09ms
[4318.679s][info][gc,heap        ] GC(1203) Eden regions: 1117->0(1107)
[4318.679s][info][gc,heap        ] GC(1203) Survivor regions: 111->110(154)
[4318.679s][info][gc,heap        ] GC(1203) Old regions: 507->538
[4318.679s][info][gc,heap        ] GC(1203) Humongous regions: 80->80
[4318.679s][info][gc,metaspace   ] GC(1203) Metaspace: 28921K(29312K)->28921K(29312K) NonClass: 24052K(24256K)->24052K(24256K) Class: 4868K(5056K)->4868K(5056K)
[4318.679s][info][gc             ] GC(1203) Pause Young (Prepare Mixed) (G1 Evacuation Pause) 3629M->1454M(4096M) 114.705ms
[4318.679s][info][gc,cpu         ] GC(1203) User=0.68s Sys=0.00s Real=0.11s
..|[4320.963s][info][gc,start       ] GC(1204) Pause Young (Mixed) (G1 Evacuation Pause)
[4320.963s][info][gc,task        ] GC(1204) Using 6 workers of 6 for evacuation
[4321.101s][info][gc,phases      ] GC(1204)   Pre Evacuate Collection Set: 0.33ms
[4321.101s][info][gc,phases      ] GC(1204)   Merge Heap Roots: 0.63ms
[4321.101s][info][gc,phases      ] GC(1204)   Evacuate Collection Set: 136.16ms
[4321.101s][info][gc,phases      ] GC(1204)   Post Evacuate Collection Set: 0.93ms
[4321.102s][info][gc,phases      ] GC(1204)   Other: 0.08ms
[4321.102s][info][gc,heap        ] GC(1204) Eden regions: 1107->0(1113)
[4321.102s][info][gc,heap        ] GC(1204) Survivor regions: 110->115(153)
[4321.102s][info][gc,heap        ] GC(1204) Old regions: 538->473
[4321.102s][info][gc,heap        ] GC(1204) Humongous regions: 80->80
[4321.102s][info][gc,metaspace   ] GC(1204) Metaspace: 28921K(29312K)->28921K(29312K) NonClass: 24052K(24256K)->24052K(24256K) Class: 4868K(5056K)->4868K(5056K)
[4321.102s][info][gc             ] GC(1204) Pause Young (Mixed) (G1 Evacuation Pause) 3668M->1335M(4096M) 138.268ms
[4321.102s][info][gc,cpu         ] GC(1204) User=0.82s Sys=0.00s Real=0.13s
..[4323.342s][info][gc,start       ] GC(1205) Pause Young (Concurrent Start) (G1 Evacuation Pause)
[4323.342s][info][gc,task        ] GC(1205) Using 6 workers of 6 for evacuation
[4323.458s][info][gc,phases      ] GC(1205)   Pre Evacuate Collection Set: 0.37ms
[4323.458s][info][gc,phases      ] GC(1205)   Merge Heap Roots: 0.48ms
[4323.458s][info][gc,phases      ] GC(1205)   Evacuate Collection Set: 114.88ms
[4323.458s][info][gc,phases      ] GC(1205)   Post Evacuate Collection Set: 0.79ms
[4323.458s][info][gc,phases      ] GC(1205)   Other: 0.11ms
[4323.458s][info][gc,heap        ] GC(1205) Eden regions: 1113->0(1119)
[4323.458s][info][gc,heap        ] GC(1205) Survivor regions: 115->109(154)
[4323.458s][info][gc,heap        ] GC(1205) Old regions: 473->505
[4323.458s][info][gc,heap        ] GC(1205) Humongous regions: 80->80
[4323.458s][info][gc,metaspace   ] GC(1205) Metaspace: 28921K(29312K)->28921K(29312K) NonClass: 24052K(24256K)->24052K(24256K) Class: 4868K(5056K)->4868K(5056K)
[4323.458s][info][gc             ] GC(1205) Pause Young (Concurrent Start) (G1 Evacuation Pause) 3561M->1386M(4096M) 116.781ms
[4323.458s][info][gc             ] GC(1206) Concurrent Mark Cycle
[4323.458s][info][gc,marking     ] GC(1206) Concurrent Scan Root Regions
[4323.459s][info][gc,cpu         ] GC(1205) User=0.69s Sys=0.00s Real=0.11s
.[4323.655s][info][gc,marking     ] GC(1206) Concurrent Scan Root Regions 196.844ms
[4323.655s][info][gc,marking     ] GC(1206) Concurrent Mark
[4323.655s][info][gc,marking     ] GC(1206) Concurrent Mark From Roots
[4323.655s][info][gc,task        ] GC(1206) Using 2 workers of 2 for marking
.[4324.597s][info][gc,marking     ] GC(1206) Concurrent Mark From Roots 941.130ms
[4324.597s][info][gc,marking     ] GC(1206) Concurrent Preclean
[4324.597s][info][gc,marking     ] GC(1206) Concurrent Preclean 0.112ms
[4324.598s][info][gc,start       ] GC(1206) Pause Remark
[4324.604s][info][gc             ] GC(1206) Pause Remark 2449M->2449M(4096M) 6.729ms
[4324.604s][info][gc,cpu         ] GC(1206) User=0.04s Sys=0.00s Real=0.01s
[4324.605s][info][gc,marking     ] GC(1206) Concurrent Mark 949.283ms
[4324.605s][info][gc,marking     ] GC(1206) Concurrent Rebuild Remembered Sets and Scrub Regions
[4324.929s][info][gc,marking     ] GC(1206) Concurrent Rebuild Remembered Sets and Scrub Regions 324.297ms
[4324.929s][info][gc,start       ] GC(1206) Pause Cleanup
[4324.929s][info][gc             ] GC(1206) Pause Cleanup 2759M->2759M(4096M) 0.113ms
[4324.929s][info][gc,cpu         ] GC(1206) User=0.00s Sys=0.00s Real=0.00s
[4324.929s][info][gc,marking     ] GC(1206) Concurrent Clear Claimed Marks
[4324.929s][info][gc,marking     ] GC(1206) Concurrent Clear Claimed Marks 0.023ms
[4324.929s][info][gc,marking     ] GC(1206) Concurrent Cleanup for Next Mark
[4324.933s][info][gc,marking     ] GC(1206) Concurrent Cleanup for Next Mark 3.603ms
[4324.933s][info][gc             ] GC(1206) Concurrent Mark Cycle 1474.474ms
.[4325.760s][info][gc,start       ] GC(1207) Pause Young (Prepare Mixed) (G1 Evacuation Pause)
[4325.760s][info][gc,task        ] GC(1207) Using 6 workers of 6 for evacuation
[4325.878s][info][gc,phases      ] GC(1207)   Pre Evacuate Collection Set: 0.30ms
[4325.878s][info][gc,phases      ] GC(1207)   Merge Heap Roots: 0.48ms
[4325.878s][info][gc,phases      ] GC(1207)   Evacuate Collection Set: 116.55ms
[4325.878s][info][gc,phases      ] GC(1207)   Post Evacuate Collection Set: 0.90ms
[4325.878s][info][gc,phases      ] GC(1207)   Other: 0.08ms
[4325.878s][info][gc,heap        ] GC(1207) Eden regions: 1119->0(1108)
[4325.878s][info][gc,heap        ] GC(1207) Survivor regions: 109->110(154)
[4325.878s][info][gc,heap        ] GC(1207) Old regions: 505->537
[4325.878s][info][gc,heap        ] GC(1207) Humongous regions: 80->80
[4325.878s][info][gc,metaspace   ] GC(1207) Metaspace: 28921K(29312K)->28921K(29312K) NonClass: 24052K(24256K)->24052K(24256K) Class: 4868K(5056K)->4868K(5056K)
[4325.878s][info][gc             ] GC(1207) Pause Young (Prepare Mixed) (G1 Evacuation Pause) 3624M->1453M(4096M) 118.430ms
[4325.878s][info][gc,cpu         ] GC(1207) User=0.70s Sys=0.00s Real=0.12s
..[4328.191s][info][gc,start       ] GC(1208) Pause Young (Mixed) (G1 Evacuation Pause)
[4328.191s][info][gc,task        ] GC(1208) Using 6 workers of 6 for evacuation
[4328.324s][info][gc,phases      ] GC(1208)   Pre Evacuate Collection Set: 0.37ms
[4328.324s][info][gc,phases      ] GC(1208)   Merge Heap Roots: 0.74ms
[4328.324s][info][gc,phases      ] GC(1208)   Evacuate Collection Set: 131.56ms
[4328.324s][info][gc,phases      ] GC(1208)   Post Evacuate Collection Set: 0.92ms
[4328.324s][info][gc,phases      ] GC(1208)   Other: 0.08ms
[4328.324s][info][gc,heap        ] GC(1208) Eden regions: 1108->0(1120)
[4328.324s][info][gc,heap        ] GC(1208) Survivor regions: 110->108(153)
[4328.324s][info][gc,heap        ] GC(1208) Old regions: 537->473
[4328.324s][info][gc,heap        ] GC(1208) Humongous regions: 80->80
[4328.324s][info][gc,metaspace   ] GC(1208) Metaspace: 28921K(29312K)->28921K(29312K) NonClass: 24052K(24256K)->24052K(24256K) Class: 4868K(5056K)->4868K(5056K)
[4328.324s][info][gc             ] GC(1208) Pause Young (Mixed) (G1 Evacuation Pause) 3669M->1319M(4096M) 133.797ms
[4328.324s][info][gc,cpu         ] GC(1208) User=0.79s Sys=0.00s Real=0.14s
...[4330.589s][info][gc,start       ] GC(1209) Pause Young (Concurrent Start) (G1 Evacuation Pause)
[4330.589s][info][gc,task        ] GC(1209) Using 6 workers of 6 for evacuation
[4330.705s][info][gc,phases      ] GC(1209)   Pre Evacuate Collection Set: 0.34ms
[4330.705s][info][gc,phases      ] GC(1209)   Merge Heap Roots: 0.46ms
[4330.705s][info][gc,phases      ] GC(1209)   Evacuate Collection Set: 114.16ms
[4330.705s][info][gc,phases      ] GC(1209)   Post Evacuate Collection Set: 0.87ms
[4330.705s][info][gc,phases      ] GC(1209)   Other: 0.11ms
[4330.705s][info][gc,heap        ] GC(1209) Eden regions: 1120->0(1119)
[4330.705s][info][gc,heap        ] GC(1209) Survivor regions: 108->109(154)
[4330.705s][info][gc,heap        ] GC(1209) Old regions: 473->505
[4330.705s][info][gc,heap        ] GC(1209) Humongous regions: 80->80
[4330.705s][info][gc,metaspace   ] GC(1209) Metaspace: 28921K(29312K)->28921K(29312K) NonClass: 24052K(24256K)->24052K(24256K) Class: 4868K(5056K)->4868K(5056K)
[4330.705s][info][gc             ] GC(1209) Pause Young (Concurrent Start) (G1 Evacuation Pause) 3559M->1387M(4096M) 116.088ms
[4330.705s][info][gc             ] GC(1210) Concurrent Mark Cycle
[4330.705s][info][gc,marking     ] GC(1210) Concurrent Scan Root Regions
[4330.705s][info][gc,cpu         ] GC(1209) User=0.69s Sys=0.01s Real=0.12s
[4330.890s][info][gc,marking     ] GC(1210) Concurrent Scan Root Regions 185.021ms
[4330.890s][info][gc,marking     ] GC(1210) Concurrent Mark
[4330.890s][info][gc,marking     ] GC(1210) Concurrent Mark From Roots
[4330.890s][info][gc,task        ] GC(1210) Using 2 workers of 2 for marking
.[4331.803s][info][gc,marking     ] GC(1210) Concurrent Mark From Roots 913.596ms
[4331.803s][info][gc,marking     ] GC(1210) Concurrent Preclean
[4331.804s][info][gc,marking     ] GC(1210) Concurrent Preclean 0.119ms
[4331.804s][info][gc,start       ] GC(1210) Pause Remark
[4331.810s][info][gc             ] GC(1210) Pause Remark 2453M->2453M(4096M) 6.121ms
[4331.810s][info][gc,cpu         ] GC(1210) User=0.03s Sys=0.00s Real=0.00s
[4331.811s][info][gc,marking     ] GC(1210) Concurrent Mark 921.300ms
[4331.811s][info][gc,marking     ] GC(1210) Concurrent Rebuild Remembered Sets and Scrub Regions
[4332.094s][info][gc,marking     ] GC(1210) Concurrent Rebuild Remembered Sets and Scrub Regions 282.647ms
[4332.096s][info][gc,start       ] GC(1210) Pause Cleanup
[4332.096s][info][gc             ] GC(1210) Pause Cleanup 2743M->2743M(4096M) 0.132ms
[4332.096s][info][gc,cpu         ] GC(1210) User=0.00s Sys=0.00s Real=0.00s
[4332.096s][info][gc,marking     ] GC(1210) Concurrent Clear Claimed Marks
[4332.096s][info][gc,marking     ] GC(1210) Concurrent Clear Claimed Marks 0.026ms
[4332.096s][info][gc,marking     ] GC(1210) Concurrent Cleanup for Next Mark
[4332.105s][info][gc,marking     ] GC(1210) Concurrent Cleanup for Next Mark 8.593ms
[4332.105s][info][gc             ] GC(1210) Concurrent Mark Cycle 1400.089ms
.[4333.022s][info][gc,start       ] GC(1211) Pause Young (Prepare Mixed) (G1 Evacuation Pause)
[4333.022s][info][gc,task        ] GC(1211) Using 6 workers of 6 for evacuation
[4333.137s][info][gc,phases      ] GC(1211)   Pre Evacuate Collection Set: 0.33ms
[4333.137s][info][gc,phases      ] GC(1211)   Merge Heap Roots: 0.54ms
[4333.137s][info][gc,phases      ] GC(1211)   Evacuate Collection Set: 113.30ms
[4333.137s][info][gc,phases      ] GC(1211)   Post Evacuate Collection Set: 0.93ms
[4333.137s][info][gc,phases      ] GC(1211)   Other: 0.08ms
[4333.137s][info][gc,heap        ] GC(1211) Eden regions: 1119->0(1112)
[4333.137s][info][gc,heap        ] GC(1211) Survivor regions: 109->108(154)
[4333.137s][info][gc,heap        ] GC(1211) Old regions: 505->537
[4333.137s][info][gc,heap        ] GC(1211) Humongous regions: 80->80
[4333.137s][info][gc,metaspace   ] GC(1211) Metaspace: 28921K(29312K)->28921K(29312K) NonClass: 24052K(24256K)->24052K(24256K) Class: 4868K(5056K)->4868K(5056K)
[4333.137s][info][gc             ] GC(1211) Pause Young (Prepare Mixed) (G1 Evacuation Pause) 3625M->1449M(4096M) 115.300ms
[4333.137s][info][gc,cpu         ] GC(1211) User=0.69s Sys=0.00s Real=0.11s
..[4335.375s][info][gc,start       ] GC(1212) Pause Young (Mixed) (G1 Evacuation Pause)
[4335.375s][info][gc,task        ] GC(1212) Using 6 workers of 6 for evacuation
[4335.510s][info][gc,phases      ] GC(1212)   Pre Evacuate Collection Set: 0.36ms
[4335.510s][info][gc,phases      ] GC(1212)   Merge Heap Roots: 0.67ms
[4335.510s][info][gc,phases      ] GC(1212)   Evacuate Collection Set: 133.36ms
[4335.510s][info][gc,phases      ] GC(1212)   Post Evacuate Collection Set: 0.93ms
[4335.510s][info][gc,phases      ] GC(1212)   Other: 0.08ms
[4335.510s][info][gc,heap        ] GC(1212) Eden regions: 1112->0(1117)
[4335.510s][info][gc,heap        ] GC(1212) Survivor regions: 108->111(153)
[4335.510s][info][gc,heap        ] GC(1212) Old regions: 537->474
[4335.510s][info][gc,heap        ] GC(1212) Humongous regions: 80->80
[4335.510s][info][gc,metaspace   ] GC(1212) Metaspace: 28921K(29312K)->28921K(29312K) NonClass: 24052K(24256K)->24052K(24256K) Class: 4868K(5056K)->4868K(5056K)
[4335.510s][info][gc             ] GC(1212) Pause Young (Mixed) (G1 Evacuation Pause) 3673M->1328M(4096M) 135.524ms
[4335.510s][info][gc,cpu         ] GC(1212) User=0.81s Sys=0.00s Real=0.13s
...[4337.754s][info][gc,start       ] GC(1213) Pause Young (Concurrent Start) (G1 Evacuation Pause)
[4337.754s][info][gc,task        ] GC(1213) Using 6 workers of 6 for evacuation
[4337.873s][info][gc,phases      ] GC(1213)   Pre Evacuate Collection Set: 0.36ms
[4337.873s][info][gc,phases      ] GC(1213)   Merge Heap Roots: 0.44ms
[4337.873s][info][gc,phases      ] GC(1213)   Evacuate Collection Set: 116.97ms
[4337.873s][info][gc,phases      ] GC(1213)   Post Evacuate Collection Set: 0.89ms
[4337.873s][info][gc,phases      ] GC(1213)   Other: 0.13ms
[4337.873s][info][gc,heap        ] GC(1213) Eden regions: 1117->0(1117)
[4337.873s][info][gc,heap        ] GC(1213) Survivor regions: 111->111(154)
[4337.873s][info][gc,heap        ] GC(1213) Old regions: 474->507
[4337.873s][info][gc,heap        ] GC(1213) Humongous regions: 80->80
[4337.873s][info][gc,metaspace   ] GC(1213) Metaspace: 28921K(29312K)->28921K(29312K) NonClass: 24052K(24256K)->24052K(24256K) Class: 4868K(5056K)->4868K(5056K)
[4337.873s][info][gc             ] GC(1213) Pause Young (Concurrent Start) (G1 Evacuation Pause) 3562M->1394M(4096M) 118.920ms
[4337.873s][info][gc             ] GC(1214) Concurrent Mark Cycle
[4337.873s][info][gc,marking     ] GC(1214) Concurrent Scan Root Regions
[4337.873s][info][gc,cpu         ] GC(1213) User=0.71s Sys=0.00s Real=0.12s
[4338.016s][info][gc,marking     ] GC(1214) Concurrent Scan Root Regions 143.143ms
[4338.016s][info][gc,marking     ] GC(1214) Concurrent Mark
[4338.016s][info][gc,marking     ] GC(1214) Concurrent Mark From Roots
[4338.016s][info][gc,task        ] GC(1214) Using 2 workers of 2 for marking
[4338.712s][info][gc,marking     ] GC(1214) Concurrent Mark From Roots 695.931ms
[4338.712s][info][gc,marking     ] GC(1214) Concurrent Preclean
.[4338.712s][info][gc,marking     ] GC(1214) Concurrent Preclean 0.101ms
[4338.713s][info][gc,start       ] GC(1214) Pause Remark
[4338.718s][info][gc             ] GC(1214) Pause Remark 2150M->2150M(4096M) 5.025ms
[4338.718s][info][gc,cpu         ] GC(1214) User=0.03s Sys=0.01s Real=0.00s
[4338.718s][info][gc,marking     ] GC(1214) Concurrent Mark 701.472ms
[4338.718s][info][gc,marking     ] GC(1214) Concurrent Rebuild Remembered Sets and Scrub Regions
[4339.035s][info][gc,marking     ] GC(1214) Concurrent Rebuild Remembered Sets and Scrub Regions 316.876ms
[4339.035s][info][gc,start       ] GC(1214) Pause Cleanup
[4339.035s][info][gc             ] GC(1214) Pause Cleanup 2474M->2474M(4096M) 0.099ms
[4339.035s][info][gc,cpu         ] GC(1214) User=0.00s Sys=0.00s Real=0.00s
[4339.035s][info][gc,marking     ] GC(1214) Concurrent Clear Claimed Marks
[4339.035s][info][gc,marking     ] GC(1214) Concurrent Clear Claimed Marks 0.029ms
[4339.035s][info][gc,marking     ] GC(1214) Concurrent Cleanup for Next Mark
[4339.039s][info][gc,marking     ] GC(1214) Concurrent Cleanup for Next Mark 3.272ms
[4339.039s][info][gc             ] GC(1214) Concurrent Mark Cycle 1165.697ms
.[4340.251s][info][gc,start       ] GC(1215) Pause Young (Prepare Mixed) (G1 Evacuation Pause)
[4340.251s][info][gc,task        ] GC(1215) Using 6 workers of 6 for evacuation
[4340.367s][info][gc,phases      ] GC(1215)   Pre Evacuate Collection Set: 0.33ms
[4340.367s][info][gc,phases      ] GC(1215)   Merge Heap Roots: 0.48ms
[4340.367s][info][gc,phases      ] GC(1215)   Evacuate Collection Set: 114.94ms
[4340.367s][info][gc,phases      ] GC(1215)   Post Evacuate Collection Set: 0.91ms
[4340.368s][info][gc,phases      ] GC(1215)   Other: 0.08ms
[4340.368s][info][gc,heap        ] GC(1215) Eden regions: 1117->0(1108)
[4340.368s][info][gc,heap        ] GC(1215) Survivor regions: 111->109(154)
[4340.368s][info][gc,heap        ] GC(1215) Old regions: 507->539
[4340.368s][info][gc,heap        ] GC(1215) Humongous regions: 80->80
[4340.368s][info][gc,metaspace   ] GC(1215) Metaspace: 28921K(29312K)->28921K(29312K) NonClass: 24052K(24256K)->24052K(24256K) Class: 4868K(5056K)->4868K(5056K)
[4340.368s][info][gc             ] GC(1215) Pause Young (Prepare Mixed) (G1 Evacuation Pause) 3628M->1454M(4096M) 116.873ms
[4340.368s][info][gc,cpu         ] GC(1215) User=0.69s Sys=0.00s Real=0.12s
..[4342.603s][info][gc,start       ] GC(1216) Pause Young (Mixed) (G1 Evacuation Pause)
[4342.603s][info][gc,task        ] GC(1216) Using 6 workers of 6 for evacuation
[4342.739s][info][gc,phases      ] GC(1216)   Pre Evacuate Collection Set: 0.42ms
[4342.739s][info][gc,phases      ] GC(1216)   Merge Heap Roots: 0.68ms
[4342.739s][info][gc,phases      ] GC(1216)   Evacuate Collection Set: 133.84ms
[4342.739s][info][gc,phases      ] GC(1216)   Post Evacuate Collection Set: 0.95ms
[4342.739s][info][gc,phases      ] GC(1216)   Other: 0.10ms
[4342.739s][info][gc,heap        ] GC(1216) Eden regions: 1108->0(1117)
[4342.739s][info][gc,heap        ] GC(1216) Survivor regions: 109->111(153)
[4342.739s][info][gc,heap        ] GC(1216) Old regions: 539->476
[4342.739s][info][gc,heap        ] GC(1216) Humongous regions: 80->80
[4342.739s][info][gc,metaspace   ] GC(1216) Metaspace: 28921K(29312K)->28921K(29312K) NonClass: 24052K(24256K)->24052K(24256K) Class: 4868K(5056K)->4868K(5056K)
[4342.739s][info][gc             ] GC(1216) Pause Young (Mixed) (G1 Evacuation Pause) 3670M->1332M(4096M) 136.120ms
[4342.739s][info][gc,cpu         ] GC(1216) User=0.81s Sys=0.00s Real=0.13s
...[4345.042s][info][gc,start       ] GC(1217) Pause Young (Concurrent Start) (G1 Evacuation Pause)
[4345.042s][info][gc,task        ] GC(1217) Using 6 workers of 6 for evacuation
[4345.157s][info][gc,phases      ] GC(1217)   Pre Evacuate Collection Set: 0.40ms
[4345.157s][info][gc,phases      ] GC(1217)   Merge Heap Roots: 0.48ms
[4345.157s][info][gc,phases      ] GC(1217)   Evacuate Collection Set: 112.37ms
[4345.157s][info][gc,phases      ] GC(1217)   Post Evacuate Collection Set: 0.86ms
[4345.157s][info][gc,phases      ] GC(1217)   Other: 0.12ms
[4345.157s][info][gc,heap        ] GC(1217) Eden regions: 1117->0(1122)
[4345.157s][info][gc,heap        ] GC(1217) Survivor regions: 111->106(154)
[4345.157s][info][gc,heap        ] GC(1217) Old regions: 476->508
[4345.157s][info][gc,heap        ] GC(1217) Humongous regions: 80->80
[4345.157s][info][gc,metaspace   ] GC(1217) Metaspace: 28921K(29312K)->28921K(29312K) NonClass: 24052K(24256K)->24052K(24256K) Class: 4868K(5056K)->4868K(5056K)
[4345.157s][info][gc             ] GC(1217) Pause Young (Concurrent Start) (G1 Evacuation Pause) 3566M->1386M(4096M) 114.387ms
[4345.157s][info][gc             ] GC(1218) Concurrent Mark Cycle
[4345.157s][info][gc,marking     ] GC(1218) Concurrent Scan Root Regions
[4345.157s][info][gc,cpu         ] GC(1217) User=0.69s Sys=0.00s Real=0.11s
[4345.327s][info][gc,marking     ] GC(1218) Concurrent Scan Root Regions 170.507ms
[4345.327s][info][gc,marking     ] GC(1218) Concurrent Mark
[4345.327s][info][gc,marking     ] GC(1218) Concurrent Mark From Roots
[4345.327s][info][gc,task        ] GC(1218) Using 2 workers of 2 for marking
.[4346.057s][info][gc,marking     ] GC(1218) Concurrent Mark From Roots 730.045ms
[4346.058s][info][gc,marking     ] GC(1218) Concurrent Preclean
[4346.058s][info][gc,marking     ] GC(1218) Concurrent Preclean 0.107ms
[4346.058s][info][gc,start       ] GC(1218) Pause Remark
[4346.062s][info][gc             ] GC(1218) Pause Remark 2140M->2140M(4096M) 4.559ms
[4346.062s][info][gc,cpu         ] GC(1218) User=0.03s Sys=0.00s Real=0.01s
[4346.063s][info][gc,marking     ] GC(1218) Concurrent Mark 735.151ms
[4346.063s][info][gc,marking     ] GC(1218) Concurrent Rebuild Remembered Sets and Scrub Regions
[4346.340s][info][gc,marking     ] GC(1218) Concurrent Rebuild Remembered Sets and Scrub Regions 277.194ms
[4346.340s][info][gc,start       ] GC(1218) Pause Cleanup
[4346.340s][info][gc             ] GC(1218) Pause Cleanup 2440M->2440M(4096M) 0.108ms
[4346.340s][info][gc,cpu         ] GC(1218) User=0.00s Sys=0.00s Real=0.00s
[4346.340s][info][gc,marking     ] GC(1218) Concurrent Clear Claimed Marks
[4346.340s][info][gc,marking     ] GC(1218) Concurrent Clear Claimed Marks 0.023ms
[4346.340s][info][gc,marking     ] GC(1218) Concurrent Cleanup for Next Mark
[4346.345s][info][gc,marking     ] GC(1218) Concurrent Cleanup for Next Mark 5.052ms
[4346.345s][info][gc             ] GC(1218) Concurrent Mark Cycle 1188.371ms
.[4347.518s][info][gc,start       ] GC(1219) Pause Young (Prepare Mixed) (G1 Evacuation Pause)
[4347.518s][info][gc,task        ] GC(1219) Using 6 workers of 6 for evacuation
[4347.634s][info][gc,phases      ] GC(1219)   Pre Evacuate Collection Set: 0.36ms
[4347.634s][info][gc,phases      ] GC(1219)   Merge Heap Roots: 0.51ms
[4347.634s][info][gc,phases      ] GC(1219)   Evacuate Collection Set: 114.31ms
[4347.634s][info][gc,phases      ] GC(1219)   Post Evacuate Collection Set: 0.89ms
[4347.634s][info][gc,phases      ] GC(1219)   Other: 0.10ms
[4347.634s][info][gc,heap        ] GC(1219) Eden regions: 1122->0(1105)
[4347.634s][info][gc,heap        ] GC(1219) Survivor regions: 106->111(154)
[4347.634s][info][gc,heap        ] GC(1219) Old regions: 508->538
[4347.634s][info][gc,heap        ] GC(1219) Humongous regions: 80->80
[4347.634s][info][gc,metaspace   ] GC(1219) Metaspace: 28921K(29312K)->28921K(29312K) NonClass: 24052K(24256K)->24052K(24256K) Class: 4868K(5056K)->4868K(5056K)
[4347.634s][info][gc             ] GC(1219) Pause Young (Prepare Mixed) (G1 Evacuation Pause) 3630M->1455M(4096M) 116.318ms
[4347.634s][info][gc,cpu         ] GC(1219) User=0.69s Sys=0.00s Real=0.12s
..[4349.918s][info][gc,start       ] GC(1220) Pause Young (Mixed) (G1 Evacuation Pause)
[4349.918s][info][gc,task        ] GC(1220) Using 6 workers of 6 for evacuation
[4350.055s][info][gc,phases      ] GC(1220)   Pre Evacuate Collection Set: 0.41ms
[4350.055s][info][gc,phases      ] GC(1220)   Merge Heap Roots: 0.74ms
[4350.055s][info][gc,phases      ] GC(1220)   Evacuate Collection Set: 134.63ms
[4350.055s][info][gc,phases      ] GC(1220)   Post Evacuate Collection Set: 0.94ms
[4350.055s][info][gc,phases      ] GC(1220)   Other: 0.10ms
[4350.055s][info][gc,heap        ] GC(1220) Eden regions: 1105->0(1118)
[4350.055s][info][gc,heap        ] GC(1220) Survivor regions: 111->110(152)
[4350.055s][info][gc,heap        ] GC(1220) Old regions: 538->472
[4350.055s][info][gc,heap        ] GC(1220) Humongous regions: 80->80
[4350.055s][info][gc,metaspace   ] GC(1220) Metaspace: 28921K(29312K)->28921K(29312K) NonClass: 24052K(24256K)->24052K(24256K) Class: 4868K(5056K)->4868K(5056K)
[4350.055s][info][gc             ] GC(1220) Pause Young (Mixed) (G1 Evacuation Pause) 3665M->1323M(4096M) 136.942ms
[4350.055s][info][gc,cpu         ] GC(1220) User=0.81s Sys=0.00s Real=0.14s
...[4352.280s][info][gc,start       ] GC(1221) Pause Young (Concurrent Start) (G1 Evacuation Pause)
[4352.280s][info][gc,task        ] GC(1221) Using 6 workers of 6 for evacuation
[4352.396s][info][gc,phases      ] GC(1221)   Pre Evacuate Collection Set: 0.35ms
[4352.396s][info][gc,phases      ] GC(1221)   Merge Heap Roots: 0.46ms
[4352.396s][info][gc,phases      ] GC(1221)   Evacuate Collection Set: 113.61ms
[4352.396s][info][gc,phases      ] GC(1221)   Post Evacuate Collection Set: 0.86ms
[4352.396s][info][gc,phases      ] GC(1221)   Other: 0.10ms
[4352.396s][info][gc,heap        ] GC(1221) Eden regions: 1118->0(1121)
[4352.396s][info][gc,heap        ] GC(1221) Survivor regions: 110->107(154)
[4352.396s][info][gc,heap        ] GC(1221) Old regions: 472->505
[4352.396s][info][gc,heap        ] GC(1221) Humongous regions: 80->80
[4352.396s][info][gc,metaspace   ] GC(1221) Metaspace: 28921K(29312K)->28921K(29312K) NonClass: 24052K(24256K)->24052K(24256K) Class: 4868K(5056K)->4868K(5056K)
[4352.396s][info][gc             ] GC(1221) Pause Young (Concurrent Start) (G1 Evacuation Pause) 3559M->1381M(4096M) 115.504ms
[4352.396s][info][gc             ] GC(1222) Concurrent Mark Cycle
[4352.396s][info][gc,marking     ] GC(1222) Concurrent Scan Root Regions
[4352.396s][info][gc,cpu         ] GC(1221) User=0.68s Sys=0.00s Real=0.12s
[4352.531s][info][gc,marking     ] GC(1222) Concurrent Scan Root Regions 135.435ms
[4352.531s][info][gc,marking     ] GC(1222) Concurrent Mark
[4352.531s][info][gc,marking     ] GC(1222) Concurrent Mark From Roots
[4352.531s][info][gc,task        ] GC(1222) Using 2 workers of 2 for marking
.[4353.243s][info][gc,marking     ] GC(1222) Concurrent Mark From Roots 711.516ms
[4353.243s][info][gc,marking     ] GC(1222) Concurrent Preclean
[4353.243s][info][gc,marking     ] GC(1222) Concurrent Preclean 0.080ms
[4353.247s][info][gc,start       ] GC(1222) Pause Remark
[4353.252s][info][gc             ] GC(1222) Pause Remark 2171M->2171M(4096M) 5.273ms
[4353.252s][info][gc,cpu         ] GC(1222) User=0.03s Sys=0.00s Real=0.01s
[4353.252s][info][gc,marking     ] GC(1222) Concurrent Mark 720.777ms
[4353.252s][info][gc,marking     ] GC(1222) Concurrent Rebuild Remembered Sets and Scrub Regions
[4353.519s][info][gc,marking     ] GC(1222) Concurrent Rebuild Remembered Sets and Scrub Regions 266.653ms
[4353.519s][info][gc,start       ] GC(1222) Pause Cleanup
[4353.519s][info][gc             ] GC(1222) Pause Cleanup 2427M->2427M(4096M) 0.107ms
[4353.519s][info][gc,cpu         ] GC(1222) User=0.00s Sys=0.00s Real=0.00s
[4353.519s][info][gc,marking     ] GC(1222) Concurrent Clear Claimed Marks
[4353.519s][info][gc,marking     ] GC(1222) Concurrent Clear Claimed Marks 0.032ms
[4353.519s][info][gc,marking     ] GC(1222) Concurrent Cleanup for Next Mark
[4353.525s][info][gc,marking     ] GC(1222) Concurrent Cleanup for Next Mark 5.225ms
[4353.525s][info][gc             ] GC(1222) Concurrent Mark Cycle 1128.927ms
.[4354.768s][info][gc,start       ] GC(1223) Pause Young (Prepare Mixed) (G1 Evacuation Pause)
[4354.768s][info][gc,task        ] GC(1223) Using 6 workers of 6 for evacuation
[4354.889s][info][gc,phases      ] GC(1223)   Pre Evacuate Collection Set: 0.34ms
[4354.889s][info][gc,phases      ] GC(1223)   Merge Heap Roots: 0.49ms
[4354.889s][info][gc,phases      ] GC(1223)   Evacuate Collection Set: 118.99ms
[4354.889s][info][gc,phases      ] GC(1223)   Post Evacuate Collection Set: 0.93ms
[4354.889s][info][gc,phases      ] GC(1223)   Other: 0.08ms
[4354.889s][info][gc,heap        ] GC(1223) Eden regions: 1121->0(1103)
[4354.889s][info][gc,heap        ] GC(1223) Survivor regions: 107->113(154)
[4354.889s][info][gc,heap        ] GC(1223) Old regions: 505->536
[4354.889s][info][gc,heap        ] GC(1223) Humongous regions: 80->80
[4354.889s][info][gc,metaspace   ] GC(1223) Metaspace: 28921K(29312K)->28921K(29312K) NonClass: 24052K(24256K)->24052K(24256K) Class: 4868K(5056K)->4868K(5056K)
[4354.889s][info][gc             ] GC(1223) Pause Young (Prepare Mixed) (G1 Evacuation Pause) 3623M->1456M(4096M) 120.965ms
[4354.889s][info][gc,cpu         ] GC(1223) User=0.72s Sys=0.00s Real=0.12s
...[4357.174s][info][gc,start       ] GC(1224) Pause Young (Mixed) (G1 Evacuation Pause)
[4357.174s][info][gc,task        ] GC(1224) Using 6 workers of 6 for evacuation
[4357.305s][info][gc,phases      ] GC(1224)   Pre Evacuate Collection Set: 0.36ms
[4357.305s][info][gc,phases      ] GC(1224)   Merge Heap Roots: 0.68ms
[4357.305s][info][gc,phases      ] GC(1224)   Evacuate Collection Set: 129.46ms
[4357.305s][info][gc,phases      ] GC(1224)   Post Evacuate Collection Set: 0.92ms
[4357.305s][info][gc,phases      ] GC(1224)   Other: 0.09ms
[4357.305s][info][gc,heap        ] GC(1224) Eden regions: 1103->0(1118)
[4357.305s][info][gc,heap        ] GC(1224) Survivor regions: 113->110(152)
[4357.305s][info][gc,heap        ] GC(1224) Old regions: 536->473
[4357.305s][info][gc,heap        ] GC(1224) Humongous regions: 80->80
[4357.305s][info][gc,metaspace   ] GC(1224) Metaspace: 28921K(29312K)->28921K(29312K) NonClass: 24052K(24256K)->24052K(24256K) Class: 4868K(5056K)->4868K(5056K)
[4357.305s][info][gc             ] GC(1224) Pause Young (Mixed) (G1 Evacuation Pause) 3662M->1323M(4096M) 131.632ms
[4357.305s][info][gc,cpu         ] GC(1224) User=0.78s Sys=0.00s Real=0.13s
..[4359.598s][info][gc,start       ] GC(1225) Pause Young (Concurrent Start) (G1 Evacuation Pause)
[4359.598s][info][gc,task        ] GC(1225) Using 6 workers of 6 for evacuation
[4359.714s][info][gc,phases      ] GC(1225)   Pre Evacuate Collection Set: 0.35ms
[4359.714s][info][gc,phases      ] GC(1225)   Merge Heap Roots: 0.47ms
[4359.714s][info][gc,phases      ] GC(1225)   Evacuate Collection Set: 114.40ms
[4359.714s][info][gc,phases      ] GC(1225)   Post Evacuate Collection Set: 0.86ms
[4359.714s][info][gc,phases      ] GC(1225)   Other: 0.10ms
[4359.714s][info][gc,heap        ] GC(1225) Eden regions: 1118->0(1120)
[4359.714s][info][gc,heap        ] GC(1225) Survivor regions: 110->108(154)
[4359.714s][info][gc,heap        ] GC(1225) Old regions: 473->506
[4359.714s][info][gc,heap        ] GC(1225) Humongous regions: 80->80
[4359.714s][info][gc,metaspace   ] GC(1225) Metaspace: 28921K(29312K)->28921K(29312K) NonClass: 24052K(24256K)->24052K(24256K) Class: 4868K(5056K)->4868K(5056K)
[4359.714s][info][gc             ] GC(1225) Pause Young (Concurrent Start) (G1 Evacuation Pause) 3559M->1387M(4096M) 116.320ms
[4359.714s][info][gc             ] GC(1226) Concurrent Mark Cycle
[4359.714s][info][gc,marking     ] GC(1226) Concurrent Scan Root Regions
[4359.714s][info][gc,cpu         ] GC(1225) User=0.69s Sys=0.00s Real=0.12s
[4359.860s][info][gc,marking     ] GC(1226) Concurrent Scan Root Regions 145.526ms
[4359.860s][info][gc,marking     ] GC(1226) Concurrent Mark
[4359.860s][info][gc,marking     ] GC(1226) Concurrent Mark From Roots
[4359.860s][info][gc,task        ] GC(1226) Using 2 workers of 2 for marking
.[4360.568s][info][gc,marking     ] GC(1226) Concurrent Mark From Roots 708.624ms
[4360.568s][info][gc,marking     ] GC(1226) Concurrent Preclean
[4360.568s][info][gc,marking     ] GC(1226) Concurrent Preclean 0.100ms
[4360.570s][info][gc,start       ] GC(1226) Pause Remark
[4360.575s][info][gc             ] GC(1226) Pause Remark 2099M->2099M(4096M) 5.071ms
[4360.575s][info][gc,cpu         ] GC(1226) User=0.03s Sys=0.00s Real=0.01s
[4360.575s][info][gc,marking     ] GC(1226) Concurrent Mark 715.414ms
[4360.575s][info][gc,marking     ] GC(1226) Concurrent Rebuild Remembered Sets and Scrub Regions
[4360.938s][info][gc,marking     ] GC(1226) Concurrent Rebuild Remembered Sets and Scrub Regions 362.767ms
[4360.940s][info][gc,start       ] GC(1226) Pause Cleanup
[4360.940s][info][gc             ] GC(1226) Pause Cleanup 2531M->2531M(4096M) 0.127ms
[4360.940s][info][gc,cpu         ] GC(1226) User=0.00s Sys=0.00s Real=0.00s
[4360.940s][info][gc,marking     ] GC(1226) Concurrent Clear Claimed Marks
[4360.941s][info][gc,marking     ] GC(1226) Concurrent Clear Claimed Marks 0.036ms
[4360.941s][info][gc,marking     ] GC(1226) Concurrent Cleanup for Next Mark
[4360.948s][info][gc,marking     ] GC(1226) Concurrent Cleanup for Next Mark 7.834ms
[4360.948s][info][gc             ] GC(1226) Concurrent Mark Cycle 1234.433ms
.[4362.081s][info][gc,start       ] GC(1227) Pause Young (Prepare Mixed) (G1 Evacuation Pause)
[4362.081s][info][gc,task        ] GC(1227) Using 6 workers of 6 for evacuation
[4362.196s][info][gc,phases      ] GC(1227)   Pre Evacuate Collection Set: 0.36ms
[4362.196s][info][gc,phases      ] GC(1227)   Merge Heap Roots: 0.51ms
[4362.196s][info][gc,phases      ] GC(1227)   Evacuate Collection Set: 112.72ms
[4362.196s][info][gc,phases      ] GC(1227)   Post Evacuate Collection Set: 0.93ms
[4362.196s][info][gc,phases      ] GC(1227)   Other: 0.08ms
[4362.196s][info][gc,heap        ] GC(1227) Eden regions: 1120->0(1114)
[4362.196s][info][gc,heap        ] GC(1227) Survivor regions: 108->107(154)
[4362.196s][info][gc,heap        ] GC(1227) Old regions: 506->537
[4362.196s][info][gc,heap        ] GC(1227) Humongous regions: 80->80
[4362.196s][info][gc,metaspace   ] GC(1227) Metaspace: 28921K(29312K)->28921K(29312K) NonClass: 24052K(24256K)->24052K(24256K) Class: 4868K(5056K)->4868K(5056K)
[4362.196s][info][gc             ] GC(1227) Pause Young (Prepare Mixed) (G1 Evacuation Pause) 3627M->1447M(4096M) 114.731ms
[4362.196s][info][gc,cpu         ] GC(1227) User=0.68s Sys=0.00s Real=0.12s
...[4364.489s][info][gc,start       ] GC(1228) Pause Young (Mixed) (G1 Evacuation Pause)
[4364.489s][info][gc,task        ] GC(1228) Using 6 workers of 6 for evacuation
[4364.625s][info][gc,phases      ] GC(1228)   Pre Evacuate Collection Set: 0.34ms
[4364.625s][info][gc,phases      ] GC(1228)   Merge Heap Roots: 0.70ms
[4364.625s][info][gc,phases      ] GC(1228)   Evacuate Collection Set: 134.50ms
[4364.625s][info][gc,phases      ] GC(1228)   Post Evacuate Collection Set: 0.94ms
[4364.625s][info][gc,phases      ] GC(1228)   Other: 0.09ms
[4364.625s][info][gc,heap        ] GC(1228) Eden regions: 1114->0(1116)
[4364.625s][info][gc,heap        ] GC(1228) Survivor regions: 107->112(153)
[4364.625s][info][gc,heap        ] GC(1228) Old regions: 537->473
[4364.625s][info][gc,heap        ] GC(1228) Humongous regions: 80->80
[4364.625s][info][gc,metaspace   ] GC(1228) Metaspace: 28921K(29312K)->28921K(29312K) NonClass: 24052K(24256K)->24052K(24256K) Class: 4868K(5056K)->4868K(5056K)
[4364.626s][info][gc             ] GC(1228) Pause Young (Mixed) (G1 Evacuation Pause) 3675M->1328M(4096M) 136.705ms
[4364.626s][info][gc,cpu         ] GC(1228) User=0.82s Sys=0.00s Real=0.14s
..[4366.928s][info][gc,start       ] GC(1229) Pause Young (Concurrent Start) (G1 Evacuation Pause)
[4366.928s][info][gc,task        ] GC(1229) Using 6 workers of 6 for evacuation
[4367.050s][info][gc,phases      ] GC(1229)   Pre Evacuate Collection Set: 0.33ms
[4367.050s][info][gc,phases      ] GC(1229)   Merge Heap Roots: 0.46ms
[4367.050s][info][gc,phases      ] GC(1229)   Evacuate Collection Set: 120.44ms
[4367.050s][info][gc,phases      ] GC(1229)   Post Evacuate Collection Set: 0.92ms
[4367.050s][info][gc,phases      ] GC(1229)   Other: 0.11ms
[4367.050s][info][gc,heap        ] GC(1229) Eden regions: 1116->0(1115)
[4367.050s][info][gc,heap        ] GC(1229) Survivor regions: 112->113(154)
[4367.050s][info][gc,heap        ] GC(1229) Old regions: 473->505
[4367.050s][info][gc,heap        ] GC(1229) Humongous regions: 80->80
[4367.050s][info][gc,metaspace   ] GC(1229) Metaspace: 28921K(29312K)->28921K(29312K) NonClass: 24052K(24256K)->24052K(24256K) Class: 4868K(5056K)->4868K(5056K)
[4367.050s][info][gc             ] GC(1229) Pause Young (Concurrent Start) (G1 Evacuation Pause) 3560M->1394M(4096M) 122.391ms
[4367.050s][info][gc             ] GC(1230) Concurrent Mark Cycle
[4367.050s][info][gc,marking     ] GC(1230) Concurrent Scan Root Regions
[4367.050s][info][gc,cpu         ] GC(1229) User=0.73s Sys=0.00s Real=0.12s
[4367.249s][info][gc,marking     ] GC(1230) Concurrent Scan Root Regions 198.717ms
[4367.249s][info][gc,marking     ] GC(1230) Concurrent Mark
[4367.249s][info][gc,marking     ] GC(1230) Concurrent Mark From Roots
[4367.249s][info][gc,task        ] GC(1230) Using 2 workers of 2 for marking
.[4368.292s][info][gc,marking     ] GC(1230) Concurrent Mark From Roots 1043.091ms
[4368.292s][info][gc,marking     ] GC(1230) Concurrent Preclean
[4368.292s][info][gc,marking     ] GC(1230) Concurrent Preclean 0.104ms
[4368.292s][info][gc,start       ] GC(1230) Pause Remark
[4368.300s][info][gc             ] GC(1230) Pause Remark 2616M->2616M(4096M) 7.600ms
[4368.300s][info][gc,cpu         ] GC(1230) User=0.04s Sys=0.00s Real=0.00s
[4368.300s][info][gc,marking     ] GC(1230) Concurrent Mark 1051.331ms
[4368.300s][info][gc,marking     ] GC(1230) Concurrent Rebuild Remembered Sets and Scrub Regions
.[4368.645s][info][gc,marking     ] GC(1230) Concurrent Rebuild Remembered Sets and Scrub Regions 344.784ms
[4368.645s][info][gc,start       ] GC(1230) Pause Cleanup
[4368.645s][info][gc             ] GC(1230) Pause Cleanup 2940M->2940M(4096M) 0.108ms
[4368.645s][info][gc,cpu         ] GC(1230) User=0.00s Sys=0.00s Real=0.00s
[4368.645s][info][gc,marking     ] GC(1230) Concurrent Clear Claimed Marks
[4368.645s][info][gc,marking     ] GC(1230) Concurrent Clear Claimed Marks 0.027ms
[4368.645s][info][gc,marking     ] GC(1230) Concurrent Cleanup for Next Mark
[4368.650s][info][gc,marking     ] GC(1230) Concurrent Cleanup for Next Mark 4.751ms
[4368.650s][info][gc             ] GC(1230) Concurrent Mark Cycle 1600.141ms
[4369.368s][info][gc,start       ] GC(1231) Pause Young (Prepare Mixed) (G1 Evacuation Pause)
[4369.368s][info][gc,task        ] GC(1231) Using 6 workers of 6 for evacuation
[4369.485s][info][gc,phases      ] GC(1231)   Pre Evacuate Collection Set: 0.37ms
[4369.485s][info][gc,phases      ] GC(1231)   Merge Heap Roots: 0.58ms
[4369.485s][info][gc,phases      ] GC(1231)   Evacuate Collection Set: 114.53ms
[4369.485s][info][gc,phases      ] GC(1231)   Post Evacuate Collection Set: 0.89ms
[4369.485s][info][gc,phases      ] GC(1231)   Other: 0.86ms
[4369.485s][info][gc,heap        ] GC(1231) Eden regions: 1115->0(1111)
[4369.485s][info][gc,heap        ] GC(1231) Survivor regions: 113->109(154)
[4369.485s][info][gc,heap        ] GC(1231) Old regions: 505->536
[4369.485s][info][gc,heap        ] GC(1231) Humongous regions: 80->80
[4369.485s][info][gc,metaspace   ] GC(1231) Metaspace: 28921K(29312K)->28921K(29312K) NonClass: 24052K(24256K)->24052K(24256K) Class: 4868K(5056K)->4868K(5056K)
[4369.485s][info][gc             ] GC(1231) Pause Young (Prepare Mixed) (G1 Evacuation Pause) 3624M->1449M(4096M) 117.375ms
[4369.485s][info][gc,cpu         ] GC(1231) User=0.69s Sys=0.01s Real=0.12s
...[4371.728s][info][gc,start       ] GC(1232) Pause Young (Mixed) (G1 Evacuation Pause)
[4371.728s][info][gc,task        ] GC(1232) Using 6 workers of 6 for evacuation
[4371.864s][info][gc,phases      ] GC(1232)   Pre Evacuate Collection Set: 0.36ms
[4371.864s][info][gc,phases      ] GC(1232)   Merge Heap Roots: 0.66ms
[4371.864s][info][gc,phases      ] GC(1232)   Evacuate Collection Set: 133.21ms
[4371.864s][info][gc,phases      ] GC(1232)   Post Evacuate Collection Set: 0.91ms
[4371.864s][info][gc,phases      ] GC(1232)   Other: 0.09ms
[4371.864s][info][gc,heap        ] GC(1232) Eden regions: 1111->0(1117)
[4371.864s][info][gc,heap        ] GC(1232) Survivor regions: 109->111(153)
[4371.864s][info][gc,heap        ] GC(1232) Old regions: 536->473
[4371.864s][info][gc,heap        ] GC(1232) Humongous regions: 80->80
[4371.864s][info][gc,metaspace   ] GC(1232) Metaspace: 28921K(29312K)->28921K(29312K) NonClass: 24052K(24256K)->24052K(24256K) Class: 4868K(5056K)->4868K(5056K)
[4371.864s][info][gc             ] GC(1232) Pause Young (Mixed) (G1 Evacuation Pause) 3671M->1326M(4096M) 135.364ms
[4371.864s][info][gc,cpu         ] GC(1232) User=0.80s Sys=0.00s Real=0.14s
..[4374.208s][info][gc,start       ] GC(1233) Pause Young (Concurrent Start) (G1 Evacuation Pause)
[4374.208s][info][gc,task        ] GC(1233) Using 6 workers of 6 for evacuation
[4374.325s][info][gc,phases      ] GC(1233)   Pre Evacuate Collection Set: 0.34ms
[4374.325s][info][gc,phases      ] GC(1233)   Merge Heap Roots: 0.44ms
[4374.325s][info][gc,phases      ] GC(1233)   Evacuate Collection Set: 114.71ms
[4374.325s][info][gc,phases      ] GC(1233)   Post Evacuate Collection Set: 0.85ms
[4374.325s][info][gc,phases      ] GC(1233)   Other: 0.11ms
[4374.325s][info][gc,heap        ] GC(1233) Eden regions: 1117->0(1120)
[4374.325s][info][gc,heap        ] GC(1233) Survivor regions: 111->108(154)
[4374.325s][info][gc,heap        ] GC(1233) Old regions: 473->505
[4374.325s][info][gc,heap        ] GC(1233) Humongous regions: 80->80
[4374.325s][info][gc,metaspace   ] GC(1233) Metaspace: 28921K(29312K)->28921K(29312K) NonClass: 24052K(24256K)->24052K(24256K) Class: 4868K(5056K)->4868K(5056K)
[4374.325s][info][gc             ] GC(1233) Pause Young (Concurrent Start) (G1 Evacuation Pause) 3560M->1383M(4096M) 116.589ms
[4374.325s][info][gc             ] GC(1234) Concurrent Mark Cycle
[4374.325s][info][gc,marking     ] GC(1234) Concurrent Scan Root Regions
[4374.325s][info][gc,cpu         ] GC(1233) User=0.69s Sys=0.00s Real=0.12s
[4374.499s][info][gc,marking     ] GC(1234) Concurrent Scan Root Regions 174.191ms
[4374.499s][info][gc,marking     ] GC(1234) Concurrent Mark
[4374.499s][info][gc,marking     ] GC(1234) Concurrent Mark From Roots
[4374.499s][info][gc,task        ] GC(1234) Using 2 workers of 2 for marking
.[4375.443s][info][gc,marking     ] GC(1234) Concurrent Mark From Roots 943.991ms
[4375.443s][info][gc,marking     ] GC(1234) Concurrent Preclean
[4375.443s][info][gc,marking     ] GC(1234) Concurrent Preclean 0.101ms
[4375.444s][info][gc,start       ] GC(1234) Pause Remark
[4375.451s][info][gc             ] GC(1234) Pause Remark 2448M->2448M(4096M) 7.159ms
[4375.451s][info][gc,cpu         ] GC(1234) User=0.04s Sys=0.00s Real=0.00s
[4375.451s][info][gc,marking     ] GC(1234) Concurrent Mark 952.056ms
[4375.451s][info][gc,marking     ] GC(1234) Concurrent Rebuild Remembered Sets and Scrub Regions
.[4375.850s][info][gc,marking     ] GC(1234) Concurrent Rebuild Remembered Sets and Scrub Regions 398.567ms
[4375.850s][info][gc,start       ] GC(1234) Pause Cleanup
[4375.850s][info][gc             ] GC(1234) Pause Cleanup 2877M->2877M(4096M) 0.118ms
[4375.850s][info][gc,cpu         ] GC(1234) User=0.00s Sys=0.00s Real=0.00s
[4375.850s][info][gc,marking     ] GC(1234) Concurrent Clear Claimed Marks
[4375.850s][info][gc,marking     ] GC(1234) Concurrent Clear Claimed Marks 0.025ms
[4375.850s][info][gc,marking     ] GC(1234) Concurrent Cleanup for Next Mark
[4375.855s][info][gc,marking     ] GC(1234) Concurrent Cleanup for Next Mark 5.209ms
[4375.855s][info][gc             ] GC(1234) Concurrent Mark Cycle 1530.596ms
[4376.578s][info][gc,start       ] GC(1235) Pause Young (Prepare Mixed) (G1 Evacuation Pause)
[4376.578s][info][gc,task        ] GC(1235) Using 6 workers of 6 for evacuation
[4376.698s][info][gc,phases      ] GC(1235)   Pre Evacuate Collection Set: 0.31ms
[4376.698s][info][gc,phases      ] GC(1235)   Merge Heap Roots: 0.49ms
[4376.698s][info][gc,phases      ] GC(1235)   Evacuate Collection Set: 118.35ms
[4376.698s][info][gc,phases      ] GC(1235)   Post Evacuate Collection Set: 0.93ms
[4376.698s][info][gc,phases      ] GC(1235)   Other: 0.09ms
[4376.698s][info][gc,heap        ] GC(1235) Eden regions: 1120->0(1103)
[4376.698s][info][gc,heap        ] GC(1235) Survivor regions: 108->113(154)
[4376.698s][info][gc,heap        ] GC(1235) Old regions: 505->536
[4376.698s][info][gc,heap        ] GC(1235) Humongous regions: 80->80
[4376.698s][info][gc,metaspace   ] GC(1235) Metaspace: 28921K(29312K)->28921K(29312K) NonClass: 24052K(24256K)->24052K(24256K) Class: 4868K(5056K)->4868K(5056K)
[4376.698s][info][gc             ] GC(1235) Pause Young (Prepare Mixed) (G1 Evacuation Pause) 3623M->1457M(4096M) 120.307ms
[4376.698s][info][gc,cpu         ] GC(1235) User=0.71s Sys=0.00s Real=0.12s
...[4378.979s][info][gc,start       ] GC(1236) Pause Young (Mixed) (G1 Evacuation Pause)
[4378.979s][info][gc,task        ] GC(1236) Using 6 workers of 6 for evacuation
[4379.118s][info][gc,phases      ] GC(1236)   Pre Evacuate Collection Set: 0.35ms
[4379.118s][info][gc,phases      ] GC(1236)   Merge Heap Roots: 0.73ms
[4379.118s][info][gc,phases      ] GC(1236)   Evacuate Collection Set: 136.53ms
[4379.118s][info][gc,phases      ] GC(1236)   Post Evacuate Collection Set: 0.84ms
[4379.118s][info][gc,phases      ] GC(1236)   Other: 0.09ms
[4379.118s][info][gc,heap        ] GC(1236) Eden regions: 1103->0(1116)
[4379.118s][info][gc,heap        ] GC(1236) Survivor regions: 113->112(152)
[4379.118s][info][gc,heap        ] GC(1236) Old regions: 536->474
[4379.118s][info][gc,heap        ] GC(1236) Humongous regions: 80->80
[4379.118s][info][gc,metaspace   ] GC(1236) Metaspace: 28921K(29312K)->28921K(29312K) NonClass: 24052K(24256K)->24052K(24256K) Class: 4868K(5056K)->4868K(5056K)
[4379.118s][info][gc             ] GC(1236) Pause Young (Mixed) (G1 Evacuation Pause) 3663M->1330M(4096M) 138.680ms
[4379.118s][info][gc,cpu         ] GC(1236) User=0.82s Sys=0.00s Real=0.14s
.. (rIR:aIR:PR = 7749:7747:7747) (tPR = 115041) [OK] 
  4380s: Performance info:
         Transaction,    Success,    Partial,     Failed,   Receipts, AvgBarcode, 
             Overall,     468298,          0,          0,     444930,      59.47, 
         Response times:
             Request,    Success,    Partial,     Failed,   SkipFail,     Probes,    Samples,      min,      p50,      p90,      p95,      p99,      max, 
       TotalPurchase,     444930,          0,          0,          0,     356968,     444362,      300,     6600,    76000,   113000,   208000,   426000,
     InStorePurchase,     233878,          0,          0,          0,     187733,     233114,      300,     6400,    75000,   111000,   204000,   406000,
      OnlinePurchase,     164293,          0,          0,          0,     131284,     163711,      300,     6600,    77000,   113000,   212000,   426000,
        InstPurchase,      46759,          0,          0,          0,      37951,      47537,      400,     7100,    80000,   118000,   214620,   394000,
          AssocOfCat,        469,          0,          0,          0,        381,        561,    22000,    46000,   123000,   168900,   253420,   414000,
      AssocOfProduct,       4682,          0,          0,          0,       4359,       5632,      500,     5300,    67700,    99000,   216000,   388000,
      BusinessReport,       1170,          0,          0,          0,       1005,       1378,    28000,    51000,   134000,   186050,   274100,   397000,
          CustBuyBeh,       4687,          0,          0,          0,       4359,       5658,      200,     7300,    79000,   110000,   208000,   381000,
       ProductReturn,      12360,          0,          0,          0,       9505,      12086,      300,     7600,    85000,   119000,   206000,   356000,

  4380s: (57%)   IR =   7887 [4381.466s][info][gc,start       ] GC(1237) Pause Young (Concurrent Start) (G1 Evacuation Pause)
[4381.466s][info][gc,task        ] GC(1237) Using 6 workers of 6 for evacuation
[4381.582s][info][gc,phases      ] GC(1237)   Pre Evacuate Collection Set: 0.35ms
[4381.583s][info][gc,phases      ] GC(1237)   Merge Heap Roots: 0.46ms
[4381.583s][info][gc,phases      ] GC(1237)   Evacuate Collection Set: 114.31ms
[4381.583s][info][gc,phases      ] GC(1237)   Post Evacuate Collection Set: 0.89ms
[4381.583s][info][gc,phases      ] GC(1237)   Other: 0.12ms
[4381.583s][info][gc,heap        ] GC(1237) Eden regions: 1116->0(1119)
[4381.583s][info][gc,heap        ] GC(1237) Survivor regions: 112->109(154)
[4381.583s][info][gc,heap        ] GC(1237) Old regions: 474->506
[4381.583s][info][gc,heap        ] GC(1237) Humongous regions: 80->80
[4381.583s][info][gc,metaspace   ] GC(1237) Metaspace: 28921K(29312K)->28921K(29312K) NonClass: 24052K(24256K)->24052K(24256K) Class: 4868K(5056K)->4868K(5056K)
[4381.583s][info][gc             ] GC(1237) Pause Young (Concurrent Start) (G1 Evacuation Pause) 3562M->1387M(4096M) 116.288ms
[4381.583s][info][gc             ] GC(1238) Concurrent Mark Cycle
[4381.583s][info][gc,marking     ] GC(1238) Concurrent Scan Root Regions
[4381.583s][info][gc,cpu         ] GC(1237) User=0.69s Sys=0.00s Real=0.12s
[4381.752s][info][gc,marking     ] GC(1238) Concurrent Scan Root Regions 169.629ms
[4381.752s][info][gc,marking     ] GC(1238) Concurrent Mark
[4381.752s][info][gc,marking     ] GC(1238) Concurrent Mark From Roots
[4381.752s][info][gc,task        ] GC(1238) Using 2 workers of 2 for marking
.[4382.321s][info][gc,marking     ] GC(1238) Concurrent Mark From Roots 568.582ms
[4382.321s][info][gc,marking     ] GC(1238) Concurrent Preclean
[4382.321s][info][gc,marking     ] GC(1238) Concurrent Preclean 0.129ms
[4382.323s][info][gc,start       ] GC(1238) Pause Remark
[4382.328s][info][gc             ] GC(1238) Pause Remark 1993M->1993M(4096M) 4.873ms
[4382.328s][info][gc,cpu         ] GC(1238) User=0.02s Sys=0.00s Real=0.00s
[4382.328s][info][gc,marking     ] GC(1238) Concurrent Mark 575.448ms
[4382.328s][info][gc,marking     ] GC(1238) Concurrent Rebuild Remembered Sets and Scrub Regions
[4382.540s][info][gc,marking     ] GC(1238) Concurrent Rebuild Remembered Sets and Scrub Regions 212.193ms
[4382.540s][info][gc,start       ] GC(1238) Pause Cleanup
[4382.540s][info][gc             ] GC(1238) Pause Cleanup 2185M->2185M(4096M) 0.107ms
[4382.540s][info][gc,cpu         ] GC(1238) User=0.00s Sys=0.00s Real=0.00s
[4382.540s][info][gc,marking     ] GC(1238) Concurrent Clear Claimed Marks
[4382.540s][info][gc,marking     ] GC(1238) Concurrent Clear Claimed Marks 0.022ms
[4382.540s][info][gc,marking     ] GC(1238) Concurrent Cleanup for Next Mark
[4382.547s][info][gc,marking     ] GC(1238) Concurrent Cleanup for Next Mark 6.436ms
[4382.547s][info][gc             ] GC(1238) Concurrent Mark Cycle 964.215ms
.[4383.892s][info][gc,start       ] GC(1239) Pause Young (Prepare Mixed) (G1 Evacuation Pause)
[4383.892s][info][gc,task        ] GC(1239) Using 6 workers of 6 for evacuation
[4384.014s][info][gc,phases      ] GC(1239)   Pre Evacuate Collection Set: 0.36ms
[4384.014s][info][gc,phases      ] GC(1239)   Merge Heap Roots: 0.50ms
[4384.014s][info][gc,phases      ] GC(1239)   Evacuate Collection Set: 119.80ms
[4384.014s][info][gc,phases      ] GC(1239)   Post Evacuate Collection Set: 0.98ms
[4384.014s][info][gc,phases      ] GC(1239)   Other: 0.09ms
[4384.014s][info][gc,heap        ] GC(1239) Eden regions: 1119->0(1100)
[4384.014s][info][gc,heap        ] GC(1239) Survivor regions: 109->114(154)
[4384.014s][info][gc,heap        ] GC(1239) Old regions: 506->537
[4384.014s][info][gc,heap        ] GC(1239) Humongous regions: 80->80
[4384.014s][info][gc,metaspace   ] GC(1239) Metaspace: 28921K(29312K)->28921K(29312K) NonClass: 24052K(24256K)->24052K(24256K) Class: 4868K(5056K)->4868K(5056K)
[4384.014s][info][gc             ] GC(1239) Pause Young (Prepare Mixed) (G1 Evacuation Pause) 3625M->1459M(4096M) 121.866ms
[4384.014s][info][gc,cpu         ] GC(1239) User=0.72s Sys=0.00s Real=0.12s
...[4386.206s][info][gc,start       ] GC(1240) Pause Young (Mixed) (G1 Evacuation Pause)
[4386.206s][info][gc,task        ] GC(1240) Using 6 workers of 6 for evacuation
[4386.341s][info][gc,phases      ] GC(1240)   Pre Evacuate Collection Set: 0.35ms
[4386.341s][info][gc,phases      ] GC(1240)   Merge Heap Roots: 0.64ms
[4386.341s][info][gc,phases      ] GC(1240)   Evacuate Collection Set: 132.21ms
[4386.341s][info][gc,phases      ] GC(1240)   Post Evacuate Collection Set: 0.91ms
[4386.341s][info][gc,phases      ] GC(1240)   Other: 0.08ms
[4386.341s][info][gc,heap        ] GC(1240) Eden regions: 1100->0(1119)
[4386.341s][info][gc,heap        ] GC(1240) Survivor regions: 114->109(152)
[4386.341s][info][gc,heap        ] GC(1240) Old regions: 537->474
[4386.341s][info][gc,heap        ] GC(1240) Humongous regions: 80->80
[4386.341s][info][gc,metaspace   ] GC(1240) Metaspace: 28921K(29312K)->28921K(29312K) NonClass: 24052K(24256K)->24052K(24256K) Class: 4868K(5056K)->4868K(5056K)
[4386.341s][info][gc             ] GC(1240) Pause Young (Mixed) (G1 Evacuation Pause) 3659M->1324M(4096M) 134.316ms
[4386.341s][info][gc,cpu         ] GC(1240) User=0.80s Sys=0.00s Real=0.13s
..[4388.556s][info][gc,start       ] GC(1241) Pause Young (Concurrent Start) (G1 Evacuation Pause)
[4388.556s][info][gc,task        ] GC(1241) Using 6 workers of 6 for evacuation
[4388.675s][info][gc,phases      ] GC(1241)   Pre Evacuate Collection Set: 0.40ms
[4388.675s][info][gc,phases      ] GC(1241)   Merge Heap Roots: 0.47ms
[4388.675s][info][gc,phases      ] GC(1241)   Evacuate Collection Set: 117.78ms
[4388.675s][info][gc,phases      ] GC(1241)   Post Evacuate Collection Set: 0.88ms
[4388.675s][info][gc,phases      ] GC(1241)   Other: 0.12ms
[4388.675s][info][gc,heap        ] GC(1241) Eden regions: 1119->0(1117)
[4388.675s][info][gc,heap        ] GC(1241) Survivor regions: 109->111(154)
[4388.675s][info][gc,heap        ] GC(1241) Old regions: 474->506
[4388.676s][info][gc,heap        ] GC(1241) Humongous regions: 80->80
[4388.676s][info][gc,metaspace   ] GC(1241) Metaspace: 28921K(29312K)->28921K(29312K) NonClass: 24052K(24256K)->24052K(24256K) Class: 4868K(5056K)->4868K(5056K)
[4388.676s][info][gc             ] GC(1241) Pause Young (Concurrent Start) (G1 Evacuation Pause) 3562M->1392M(4096M) 119.785ms
[4388.676s][info][gc             ] GC(1242) Concurrent Mark Cycle
[4388.676s][info][gc,marking     ] GC(1242) Concurrent Scan Root Regions
[4388.676s][info][gc,cpu         ] GC(1241) User=0.71s Sys=0.00s Real=0.12s
[4388.817s][info][gc,marking     ] GC(1242) Concurrent Scan Root Regions 141.426ms
[4388.817s][info][gc,marking     ] GC(1242) Concurrent Mark
[4388.817s][info][gc,marking     ] GC(1242) Concurrent Mark From Roots
[4388.817s][info][gc,task        ] GC(1242) Using 2 workers of 2 for marking
.[4389.534s][info][gc,marking     ] GC(1242) Concurrent Mark From Roots 717.314ms
[4389.534s][info][gc,marking     ] GC(1242) Concurrent Preclean
[4389.535s][info][gc,marking     ] GC(1242) Concurrent Preclean 0.106ms
[4389.535s][info][gc,start       ] GC(1242) Pause Remark
[4389.539s][info][gc             ] GC(1242) Pause Remark 2160M->2160M(4096M) 4.657ms
[4389.539s][info][gc,cpu         ] GC(1242) User=0.02s Sys=0.00s Real=0.00s
[4389.542s][info][gc,marking     ] GC(1242) Concurrent Mark 724.712ms
[4389.542s][info][gc,marking     ] GC(1242) Concurrent Rebuild Remembered Sets and Scrub Regions
[4389.813s][info][gc,marking     ] GC(1242) Concurrent Rebuild Remembered Sets and Scrub Regions 271.163ms
[4389.813s][info][gc,start       ] GC(1242) Pause Cleanup
[4389.813s][info][gc             ] GC(1242) Pause Cleanup 2451M->2451M(4096M) 0.119ms
[4389.813s][info][gc,cpu         ] GC(1242) User=0.00s Sys=0.00s Real=0.00s
[4389.815s][info][gc,marking     ] GC(1242) Concurrent Clear Claimed Marks
[4389.815s][info][gc,marking     ] GC(1242) Concurrent Clear Claimed Marks 0.036ms
[4389.815s][info][gc,marking     ] GC(1242) Concurrent Cleanup for Next Mark
[4389.819s][info][gc,marking     ] GC(1242) Concurrent Cleanup for Next Mark 4.431ms
[4389.819s][info][gc             ] GC(1242) Concurrent Mark Cycle 1143.731ms
.[4390.934s][info][gc,start       ] GC(1243) Pause Young (Prepare Mixed) (G1 Evacuation Pause)
[4390.934s][info][gc,task        ] GC(1243) Using 6 workers of 6 for evacuation
[4391.052s][info][gc,phases      ] GC(1243)   Pre Evacuate Collection Set: 0.30ms
[4391.052s][info][gc,phases      ] GC(1243)   Merge Heap Roots: 0.48ms
[4391.052s][info][gc,phases      ] GC(1243)   Evacuate Collection Set: 116.81ms
[4391.052s][info][gc,phases      ] GC(1243)   Post Evacuate Collection Set: 0.96ms
[4391.052s][info][gc,phases      ] GC(1243)   Other: 0.09ms
[4391.052s][info][gc,heap        ] GC(1243) Eden regions: 1117->0(1102)
[4391.052s][info][gc,heap        ] GC(1243) Survivor regions: 111->113(154)
[4391.052s][info][gc,heap        ] GC(1243) Old regions: 506->537
[4391.052s][info][gc,heap        ] GC(1243) Humongous regions: 80->80
[4391.052s][info][gc,metaspace   ] GC(1243) Metaspace: 28921K(29312K)->28921K(29312K) NonClass: 24052K(24256K)->24052K(24256K) Class: 4868K(5056K)->4868K(5056K)
[4391.052s][info][gc             ] GC(1243) Pause Young (Prepare Mixed) (G1 Evacuation Pause) 3626M->1458M(4096M) 118.769ms
[4391.052s][info][gc,cpu         ] GC(1243) User=0.71s Sys=0.00s Real=0.12s
...[4393.309s][info][gc,start       ] GC(1244) Pause Young (Mixed) (G1 Evacuation Pause)
[4393.309s][info][gc,task        ] GC(1244) Using 6 workers of 6 for evacuation
[4393.449s][info][gc,phases      ] GC(1244)   Pre Evacuate Collection Set: 0.34ms
[4393.449s][info][gc,phases      ] GC(1244)   Merge Heap Roots: 0.70ms
[4393.449s][info][gc,phases      ] GC(1244)   Evacuate Collection Set: 137.44ms
[4393.449s][info][gc,phases      ] GC(1244)   Post Evacuate Collection Set: 0.94ms
[4393.449s][info][gc,phases      ] GC(1244)   Other: 0.09ms
[4393.449s][info][gc,heap        ] GC(1244) Eden regions: 1102->0(1115)
[4393.449s][info][gc,heap        ] GC(1244) Survivor regions: 113->113(152)
[4393.449s][info][gc,heap        ] GC(1244) Old regions: 537->474
[4393.449s][info][gc,heap        ] GC(1244) Humongous regions: 80->80
[4393.449s][info][gc,metaspace   ] GC(1244) Metaspace: 28921K(29312K)->28921K(29312K) NonClass: 24052K(24256K)->24052K(24256K) Class: 4868K(5056K)->4868K(5056K)
[4393.449s][info][gc             ] GC(1244) Pause Young (Mixed) (G1 Evacuation Pause) 3662M->1332M(4096M) 139.637ms
[4393.449s][info][gc,cpu         ] GC(1244) User=0.83s Sys=0.00s Real=0.14s
..[4395.589s][info][gc,start       ] GC(1245) Pause Young (Concurrent Start) (G1 Evacuation Pause)
[4395.589s][info][gc,task        ] GC(1245) Using 6 workers of 6 for evacuation
[4395.705s][info][gc,phases      ] GC(1245)   Pre Evacuate Collection Set: 0.39ms
[4395.705s][info][gc,phases      ] GC(1245)   Merge Heap Roots: 0.46ms
[4395.705s][info][gc,phases      ] GC(1245)   Evacuate Collection Set: 114.10ms
[4395.705s][info][gc,phases      ] GC(1245)   Post Evacuate Collection Set: 0.87ms
[4395.705s][info][gc,phases      ] GC(1245)   Other: 0.11ms
[4395.705s][info][gc,heap        ] GC(1245) Eden regions: 1115->0(1118)
[4395.705s][info][gc,heap        ] GC(1245) Survivor regions: 113->110(154)
[4395.705s][info][gc,heap        ] GC(1245) Old regions: 474->506
[4395.705s][info][gc,heap        ] GC(1245) Humongous regions: 80->80
[4395.705s][info][gc,metaspace   ] GC(1245) Metaspace: 28921K(29312K)->28921K(29312K) NonClass: 24052K(24256K)->24052K(24256K) Class: 4868K(5056K)->4868K(5056K)
[4395.705s][info][gc             ] GC(1245) Pause Young (Concurrent Start) (G1 Evacuation Pause) 3562M->1390M(4096M) 116.086ms
[4395.705s][info][gc             ] GC(1246) Concurrent Mark Cycle
[4395.705s][info][gc,marking     ] GC(1246) Concurrent Scan Root Regions
[4395.705s][info][gc,cpu         ] GC(1245) User=0.69s Sys=0.01s Real=0.12s
[4395.898s][info][gc,marking     ] GC(1246) Concurrent Scan Root Regions 193.650ms
[4395.898s][info][gc,marking     ] GC(1246) Concurrent Mark
[4395.898s][info][gc,marking     ] GC(1246) Concurrent Mark From Roots
[4395.898s][info][gc,task        ] GC(1246) Using 2 workers of 2 for marking
.[4396.851s][info][gc,marking     ] GC(1246) Concurrent Mark From Roots 952.456ms
[4396.851s][info][gc,marking     ] GC(1246) Concurrent Preclean
[4396.851s][info][gc,marking     ] GC(1246) Concurrent Preclean 0.148ms
[4396.853s][info][gc,start       ] GC(1246) Pause Remark
[4396.859s][info][gc             ] GC(1246) Pause Remark 2438M->2438M(4096M) 6.014ms
[4396.859s][info][gc,cpu         ] GC(1246) User=0.04s Sys=0.00s Real=0.00s
[4396.860s][info][gc,marking     ] GC(1246) Concurrent Mark 961.725ms
[4396.860s][info][gc,marking     ] GC(1246) Concurrent Rebuild Remembered Sets and Scrub Regions
.[4397.253s][info][gc,marking     ] GC(1246) Concurrent Rebuild Remembered Sets and Scrub Regions 393.090ms
[4397.253s][info][gc,start       ] GC(1246) Pause Cleanup
[4397.253s][info][gc             ] GC(1246) Pause Cleanup 2857M->2857M(4096M) 0.116ms
[4397.253s][info][gc,cpu         ] GC(1246) User=0.00s Sys=0.00s Real=0.00s
[4397.254s][info][gc,marking     ] GC(1246) Concurrent Clear Claimed Marks
[4397.254s][info][gc,marking     ] GC(1246) Concurrent Clear Claimed Marks 0.048ms
[4397.254s][info][gc,marking     ] GC(1246) Concurrent Cleanup for Next Mark
[4397.261s][info][gc,marking     ] GC(1246) Concurrent Cleanup for Next Mark 6.303ms
[4397.261s][info][gc             ] GC(1246) Concurrent Mark Cycle 1556.156ms
[4398.044s][info][gc,start       ] GC(1247) Pause Young (Prepare Mixed) (G1 Evacuation Pause)
[4398.044s][info][gc,task        ] GC(1247) Using 6 workers of 6 for evacuation
[4398.161s][info][gc,phases      ] GC(1247)   Pre Evacuate Collection Set: 0.31ms
[4398.161s][info][gc,phases      ] GC(1247)   Merge Heap Roots: 0.48ms
[4398.161s][info][gc,phases      ] GC(1247)   Evacuate Collection Set: 114.64ms
[4398.161s][info][gc,phases      ] GC(1247)   Post Evacuate Collection Set: 0.92ms
[4398.161s][info][gc,phases      ] GC(1247)   Other: 0.09ms
[4398.161s][info][gc,heap        ] GC(1247) Eden regions: 1118->0(1110)
[4398.161s][info][gc,heap        ] GC(1247) Survivor regions: 110->109(154)
[4398.161s][info][gc,heap        ] GC(1247) Old regions: 506->537
[4398.161s][info][gc,heap        ] GC(1247) Humongous regions: 80->80
[4398.161s][info][gc,metaspace   ] GC(1247) Metaspace: 28921K(29312K)->28921K(29312K) NonClass: 24052K(24256K)->24052K(24256K) Class: 4868K(5056K)->4868K(5056K)
[4398.161s][info][gc             ] GC(1247) Pause Young (Prepare Mixed) (G1 Evacuation Pause) 3626M->1449M(4096M) 116.559ms
[4398.161s][info][gc,cpu         ] GC(1247) User=0.69s Sys=0.00s Real=0.11s
...[4400.402s][info][gc,start       ] GC(1248) Pause Young (Mixed) (G1 Evacuation Pause)
[4400.402s][info][gc,task        ] GC(1248) Using 6 workers of 6 for evacuation
[4400.540s][info][gc,phases      ] GC(1248)   Pre Evacuate Collection Set: 0.38ms
[4400.540s][info][gc,phases      ] GC(1248)   Merge Heap Roots: 0.67ms
[4400.540s][info][gc,phases      ] GC(1248)   Evacuate Collection Set: 135.81ms
[4400.540s][info][gc,phases      ] GC(1248)   Post Evacuate Collection Set: 0.90ms
[4400.540s][info][gc,phases      ] GC(1248)   Other: 0.09ms
[4400.540s][info][gc,heap        ] GC(1248) Eden regions: 1110->0(1115)
[4400.540s][info][gc,heap        ] GC(1248) Survivor regions: 109->113(153)
[4400.540s][info][gc,heap        ] GC(1248) Old regions: 537->474
[4400.540s][info][gc,heap        ] GC(1248) Humongous regions: 80->80
[4400.540s][info][gc,metaspace   ] GC(1248) Metaspace: 28921K(29312K)->28921K(29312K) NonClass: 24052K(24256K)->24052K(24256K) Class: 4868K(5056K)->4868K(5056K)
[4400.540s][info][gc             ] GC(1248) Pause Young (Mixed) (G1 Evacuation Pause) 3669M->1332M(4096M) 137.991ms
[4400.540s][info][gc,cpu         ] GC(1248) User=0.82s Sys=0.00s Real=0.13s
..[4402.772s][info][gc,start       ] GC(1249) Pause Young (Concurrent Start) (G1 Evacuation Pause)
[4402.772s][info][gc,task        ] GC(1249) Using 6 workers of 6 for evacuation
[4402.889s][info][gc,phases      ] GC(1249)   Pre Evacuate Collection Set: 0.36ms
[4402.889s][info][gc,phases      ] GC(1249)   Merge Heap Roots: 0.45ms
[4402.889s][info][gc,phases      ] GC(1249)   Evacuate Collection Set: 114.62ms
[4402.889s][info][gc,phases      ] GC(1249)   Post Evacuate Collection Set: 0.88ms
[4402.889s][info][gc,phases      ] GC(1249)   Other: 0.10ms
[4402.889s][info][gc,heap        ] GC(1249) Eden regions: 1115->0(1117)
[4402.889s][info][gc,heap        ] GC(1249) Survivor regions: 113->111(154)
[4402.889s][info][gc,heap        ] GC(1249) Old regions: 474->505
[4402.889s][info][gc,heap        ] GC(1249) Humongous regions: 80->80
[4402.889s][info][gc,metaspace   ] GC(1249) Metaspace: 28921K(29312K)->28921K(29312K) NonClass: 24052K(24256K)->24052K(24256K) Class: 4868K(5056K)->4868K(5056K)
[4402.889s][info][gc             ] GC(1249) Pause Young (Concurrent Start) (G1 Evacuation Pause) 3562M->1390M(4096M) 116.546ms
[4402.889s][info][gc             ] GC(1250) Concurrent Mark Cycle
[4402.889s][info][gc,marking     ] GC(1250) Concurrent Scan Root Regions
[4402.889s][info][gc,cpu         ] GC(1249) User=0.69s Sys=0.00s Real=0.11s
[4403.076s][info][gc,marking     ] GC(1250) Concurrent Scan Root Regions 186.896ms
[4403.076s][info][gc,marking     ] GC(1250) Concurrent Mark
[4403.076s][info][gc,marking     ] GC(1250) Concurrent Mark From Roots
[4403.076s][info][gc,task        ] GC(1250) Using 2 workers of 2 for marking
.[4404.039s][info][gc,marking     ] GC(1250) Concurrent Mark From Roots 963.091ms
[4404.039s][info][gc,marking     ] GC(1250) Concurrent Preclean
[4404.039s][info][gc,marking     ] GC(1250) Concurrent Preclean 0.134ms
[4404.040s][info][gc,start       ] GC(1250) Pause Remark
[4404.046s][info][gc             ] GC(1250) Pause Remark 2390M->2390M(4096M) 6.272ms
[4404.046s][info][gc,cpu         ] GC(1250) User=0.03s Sys=0.00s Real=0.01s
[4404.046s][info][gc,marking     ] GC(1250) Concurrent Mark 970.642ms
[4404.046s][info][gc,marking     ] GC(1250) Concurrent Rebuild Remembered Sets and Scrub Regions
[4404.333s][info][gc,marking     ] GC(1250) Concurrent Rebuild Remembered Sets and Scrub Regions 286.896ms
[4404.334s][info][gc,start       ] GC(1250) Pause Cleanup
[4404.334s][info][gc             ] GC(1250) Pause Cleanup 2705M->2705M(4096M) 0.122ms
[4404.334s][info][gc,cpu         ] GC(1250) User=0.00s Sys=0.00s Real=0.00s
.[4404.334s][info][gc,marking     ] GC(1250) Concurrent Clear Claimed Marks
[4404.334s][info][gc,marking     ] GC(1250) Concurrent Clear Claimed Marks 0.023ms
[4404.334s][info][gc,marking     ] GC(1250) Concurrent Cleanup for Next Mark
[4404.339s][info][gc,marking     ] GC(1250) Concurrent Cleanup for Next Mark 5.100ms
[4404.339s][info][gc             ] GC(1250) Concurrent Mark Cycle 1450.380ms
[4405.200s][info][gc,start       ] GC(1251) Pause Young (Prepare Mixed) (G1 Evacuation Pause)
[4405.200s][info][gc,task        ] GC(1251) Using 6 workers of 6 for evacuation
[4405.320s][info][gc,phases      ] GC(1251)   Pre Evacuate Collection Set: 0.29ms
[4405.320s][info][gc,phases      ] GC(1251)   Merge Heap Roots: 0.48ms
[4405.320s][info][gc,phases      ] GC(1251)   Evacuate Collection Set: 118.44ms
[4405.320s][info][gc,phases      ] GC(1251)   Post Evacuate Collection Set: 0.92ms
[4405.320s][info][gc,phases      ] GC(1251)   Other: 0.08ms
[4405.320s][info][gc,heap        ] GC(1251) Eden regions: 1117->0(1103)
[4405.320s][info][gc,heap        ] GC(1251) Survivor regions: 111->113(154)
[4405.320s][info][gc,heap        ] GC(1251) Old regions: 505->536
[4405.320s][info][gc,heap        ] GC(1251) Humongous regions: 80->80
[4405.320s][info][gc,metaspace   ] GC(1251) Metaspace: 28921K(29312K)->28921K(29312K) NonClass: 24052K(24256K)->24052K(24256K) Class: 4868K(5056K)->4868K(5056K)
[4405.320s][info][gc             ] GC(1251) Pause Young (Prepare Mixed) (G1 Evacuation Pause) 3624M->1456M(4096M) 120.370ms
[4405.320s][info][gc,cpu         ] GC(1251) User=0.72s Sys=0.00s Real=0.12s
.|..[4407.519s][info][gc,start       ] GC(1252) Pause Young (Mixed) (G1 Evacuation Pause)
[4407.519s][info][gc,task        ] GC(1252) Using 6 workers of 6 for evacuation
[4407.656s][info][gc,phases      ] GC(1252)   Pre Evacuate Collection Set: 0.36ms
[4407.656s][info][gc,phases      ] GC(1252)   Merge Heap Roots: 0.68ms
[4407.656s][info][gc,phases      ] GC(1252)   Evacuate Collection Set: 135.41ms
[4407.656s][info][gc,phases      ] GC(1252)   Post Evacuate Collection Set: 0.87ms
[4407.656s][info][gc,phases      ] GC(1252)   Other: 0.09ms
[4407.656s][info][gc,heap        ] GC(1252) Eden regions: 1103->0(1116)
[4407.657s][info][gc,heap        ] GC(1252) Survivor regions: 113->112(152)
[4407.657s][info][gc,heap        ] GC(1252) Old regions: 536->474
[4407.657s][info][gc,heap        ] GC(1252) Humongous regions: 80->80
[4407.657s][info][gc,metaspace   ] GC(1252) Metaspace: 28921K(29312K)->28921K(29312K) NonClass: 24052K(24256K)->24052K(24256K) Class: 4868K(5056K)->4868K(5056K)
[4407.657s][info][gc             ] GC(1252) Pause Young (Mixed) (G1 Evacuation Pause) 3662M->1329M(4096M) 137.540ms
[4407.657s][info][gc,cpu         ] GC(1252) User=0.82s Sys=0.00s Real=0.14s
..[4409.939s][info][gc,start       ] GC(1253) Pause Young (Concurrent Start) (G1 Evacuation Pause)
[4409.939s][info][gc,task        ] GC(1253) Using 6 workers of 6 for evacuation
[4410.060s][info][gc,phases      ] GC(1253)   Pre Evacuate Collection Set: 0.35ms
[4410.060s][info][gc,phases      ] GC(1253)   Merge Heap Roots: 0.49ms
[4410.060s][info][gc,phases      ] GC(1253)   Evacuate Collection Set: 119.51ms
[4410.060s][info][gc,phases      ] GC(1253)   Post Evacuate Collection Set: 0.86ms
[4410.060s][info][gc,phases      ] GC(1253)   Other: 0.10ms
[4410.060s][info][gc,heap        ] GC(1253) Eden regions: 1116->0(1116)
[4410.060s][info][gc,heap        ] GC(1253) Survivor regions: 112->112(154)
[4410.060s][info][gc,heap        ] GC(1253) Old regions: 474->506
[4410.060s][info][gc,heap        ] GC(1253) Humongous regions: 80->80
[4410.060s][info][gc,metaspace   ] GC(1253) Metaspace: 28921K(29312K)->28921K(29312K) NonClass: 24052K(24256K)->24052K(24256K) Class: 4868K(5056K)->4868K(5056K)
[4410.060s][info][gc             ] GC(1253) Pause Young (Concurrent Start) (G1 Evacuation Pause) 3561M->1395M(4096M) 121.444ms
[4410.060s][info][gc             ] GC(1254) Concurrent Mark Cycle
[4410.060s][info][gc,marking     ] GC(1254) Concurrent Scan Root Regions
[4410.060s][info][gc,cpu         ] GC(1253) User=0.73s Sys=0.00s Real=0.12s
[4410.271s][info][gc,marking     ] GC(1254) Concurrent Scan Root Regions 211.135ms
[4410.272s][info][gc,marking     ] GC(1254) Concurrent Mark
[4410.272s][info][gc,marking     ] GC(1254) Concurrent Mark From Roots
[4410.272s][info][gc,task        ] GC(1254) Using 2 workers of 2 for marking
.[4411.404s][info][gc,marking     ] GC(1254) Concurrent Mark From Roots 1132.241ms
[4411.404s][info][gc,marking     ] GC(1254) Concurrent Preclean
[4411.404s][info][gc,marking     ] GC(1254) Concurrent Preclean 0.143ms
[4411.404s][info][gc,start       ] GC(1254) Pause Remark
[4411.412s][info][gc             ] GC(1254) Pause Remark 2653M->2653M(4096M) 7.931ms
[4411.412s][info][gc,cpu         ] GC(1254) User=0.04s Sys=0.00s Real=0.01s
[4411.413s][info][gc,marking     ] GC(1254) Concurrent Mark 1140.989ms
[4411.413s][info][gc,marking     ] GC(1254) Concurrent Rebuild Remembered Sets and Scrub Regions
.[4411.797s][info][gc,marking     ] GC(1254) Concurrent Rebuild Remembered Sets and Scrub Regions 384.924ms
[4411.798s][info][gc,start       ] GC(1254) Pause Cleanup
[4411.798s][info][gc             ] GC(1254) Pause Cleanup 3062M->3062M(4096M) 0.128ms
[4411.798s][info][gc,cpu         ] GC(1254) User=0.00s Sys=0.00s Real=0.00s
[4411.798s][info][gc,marking     ] GC(1254) Concurrent Clear Claimed Marks
[4411.798s][info][gc,marking     ] GC(1254) Concurrent Clear Claimed Marks 0.026ms
[4411.798s][info][gc,marking     ] GC(1254) Concurrent Cleanup for Next Mark
[4411.803s][info][gc,marking     ] GC(1254) Concurrent Cleanup for Next Mark 5.240ms
[4411.803s][info][gc             ] GC(1254) Concurrent Mark Cycle 1742.939ms
[4412.288s][info][gc,start       ] GC(1255) Pause Young (Prepare Mixed) (G1 Evacuation Pause)
[4412.288s][info][gc,task        ] GC(1255) Using 6 workers of 6 for evacuation
[4412.404s][info][gc,phases      ] GC(1255)   Pre Evacuate Collection Set: 0.33ms
[4412.404s][info][gc,phases      ] GC(1255)   Merge Heap Roots: 0.50ms
[4412.404s][info][gc,phases      ] GC(1255)   Evacuate Collection Set: 113.89ms
[4412.404s][info][gc,phases      ] GC(1255)   Post Evacuate Collection Set: 0.92ms
[4412.404s][info][gc,phases      ] GC(1255)   Other: 0.08ms
[4412.404s][info][gc,heap        ] GC(1255) Eden regions: 1116->0(1112)
[4412.404s][info][gc,heap        ] GC(1255) Survivor regions: 112->108(154)
[4412.404s][info][gc,heap        ] GC(1255) Old regions: 506->537
[4412.404s][info][gc,heap        ] GC(1255) Humongous regions: 80->80
[4412.404s][info][gc,metaspace   ] GC(1255) Metaspace: 28921K(29312K)->28921K(29312K) NonClass: 24052K(24256K)->24052K(24256K) Class: 4868K(5056K)->4868K(5056K)
[4412.404s][info][gc             ] GC(1255) Pause Young (Prepare Mixed) (G1 Evacuation Pause) 3627M->1449M(4096M) 115.851ms
[4412.404s][info][gc,cpu         ] GC(1255) User=0.69s Sys=0.00s Real=0.12s
...[4414.719s][info][gc,start       ] GC(1256) Pause Young (Mixed) (G1 Evacuation Pause)
[4414.719s][info][gc,task        ] GC(1256) Using 6 workers of 6 for evacuation
[4414.856s][info][gc,phases      ] GC(1256)   Pre Evacuate Collection Set: 0.35ms
[4414.856s][info][gc,phases      ] GC(1256)   Merge Heap Roots: 0.70ms
[4414.856s][info][gc,phases      ] GC(1256)   Evacuate Collection Set: 135.03ms
[4414.856s][info][gc,phases      ] GC(1256)   Post Evacuate Collection Set: 0.94ms
[4414.856s][info][gc,phases      ] GC(1256)   Other: 0.09ms
[4414.856s][info][gc,heap        ] GC(1256) Eden regions: 1112->0(1116)
[4414.856s][info][gc,heap        ] GC(1256) Survivor regions: 108->112(153)
[4414.856s][info][gc,heap        ] GC(1256) Old regions: 537->473
[4414.856s][info][gc,heap        ] GC(1256) Humongous regions: 80->80
[4414.856s][info][gc,metaspace   ] GC(1256) Metaspace: 28921K(29312K)->28921K(29312K) NonClass: 24052K(24256K)->24052K(24256K) Class: 4868K(5056K)->4868K(5056K)
[4414.856s][info][gc             ] GC(1256) Pause Young (Mixed) (G1 Evacuation Pause) 3673M->1329M(4096M) 137.231ms
[4414.856s][info][gc,cpu         ] GC(1256) User=0.82s Sys=0.00s Real=0.14s
..[4417.098s][info][gc,start       ] GC(1257) Pause Young (Concurrent Start) (G1 Evacuation Pause)
[4417.098s][info][gc,task        ] GC(1257) Using 6 workers of 6 for evacuation
[4417.215s][info][gc,phases      ] GC(1257)   Pre Evacuate Collection Set: 0.35ms
[4417.215s][info][gc,phases      ] GC(1257)   Merge Heap Roots: 0.43ms
[4417.215s][info][gc,phases      ] GC(1257)   Evacuate Collection Set: 115.29ms
[4417.215s][info][gc,phases      ] GC(1257)   Post Evacuate Collection Set: 0.84ms
[4417.215s][info][gc,phases      ] GC(1257)   Other: 0.08ms
[4417.215s][info][gc,heap        ] GC(1257) Eden regions: 1116->0(1118)
[4417.215s][info][gc,heap        ] GC(1257) Survivor regions: 112->110(154)
[4417.215s][info][gc,heap        ] GC(1257) Old regions: 473->505
[4417.215s][info][gc,heap        ] GC(1257) Humongous regions: 80->80
[4417.215s][info][gc,metaspace   ] GC(1257) Metaspace: 28921K(29312K)->28921K(29312K) NonClass: 24052K(24256K)->24052K(24256K) Class: 4868K(5056K)->4868K(5056K)
[4417.215s][info][gc             ] GC(1257) Pause Young (Concurrent Start) (G1 Evacuation Pause) 3561M->1388M(4096M) 117.116ms
[4417.215s][info][gc             ] GC(1258) Concurrent Mark Cycle
[4417.215s][info][gc,marking     ] GC(1258) Concurrent Scan Root Regions
[4417.215s][info][gc,cpu         ] GC(1257) User=0.70s Sys=0.00s Real=0.12s
[4417.400s][info][gc,marking     ] GC(1258) Concurrent Scan Root Regions 184.439ms
[4417.400s][info][gc,marking     ] GC(1258) Concurrent Mark
[4417.400s][info][gc,marking     ] GC(1258) Concurrent Mark From Roots
[4417.400s][info][gc,task        ] GC(1258) Using 2 workers of 2 for marking
.[4418.372s][info][gc,marking     ] GC(1258) Concurrent Mark From Roots 971.667ms
[4418.372s][info][gc,marking     ] GC(1258) Concurrent Preclean
[4418.372s][info][gc,marking     ] GC(1258) Concurrent Preclean 0.155ms
[4418.373s][info][gc,start       ] GC(1258) Pause Remark
[4418.379s][info][gc             ] GC(1258) Pause Remark 2420M->2420M(4096M) 5.942ms
[4418.379s][info][gc,cpu         ] GC(1258) User=0.03s Sys=0.00s Real=0.00s
[4418.380s][info][gc,marking     ] GC(1258) Concurrent Mark 979.624ms
[4418.380s][info][gc,marking     ] GC(1258) Concurrent Rebuild Remembered Sets and Scrub Regions
.[4418.741s][info][gc,marking     ] GC(1258) Concurrent Rebuild Remembered Sets and Scrub Regions 361.472ms
[4418.744s][info][gc,start       ] GC(1258) Pause Cleanup
[4418.744s][info][gc             ] GC(1258) Pause Cleanup 2832M->2832M(4096M) 0.140ms
[4418.744s][info][gc,cpu         ] GC(1258) User=0.00s Sys=0.00s Real=0.00s
[4418.744s][info][gc,marking     ] GC(1258) Concurrent Clear Claimed Marks
[4418.744s][info][gc,marking     ] GC(1258) Concurrent Clear Claimed Marks 0.028ms
[4418.744s][info][gc,marking     ] GC(1258) Concurrent Cleanup for Next Mark
[4418.748s][info][gc,marking     ] GC(1258) Concurrent Cleanup for Next Mark 4.459ms
[4418.748s][info][gc             ] GC(1258) Concurrent Mark Cycle 1532.870ms
[4419.500s][info][gc,start       ] GC(1259) Pause Young (Prepare Mixed) (G1 Evacuation Pause)
[4419.500s][info][gc,task        ] GC(1259) Using 6 workers of 6 for evacuation
[4419.620s][info][gc,phases      ] GC(1259)   Pre Evacuate Collection Set: 0.31ms
[4419.620s][info][gc,phases      ] GC(1259)   Merge Heap Roots: 0.51ms
[4419.620s][info][gc,phases      ] GC(1259)   Evacuate Collection Set: 118.20ms
[4419.620s][info][gc,phases      ] GC(1259)   Post Evacuate Collection Set: 0.92ms
[4419.620s][info][gc,phases      ] GC(1259)   Other: 0.09ms
[4419.620s][info][gc,heap        ] GC(1259) Eden regions: 1118->0(1104)
[4419.620s][info][gc,heap        ] GC(1259) Survivor regions: 110->112(154)
[4419.620s][info][gc,heap        ] GC(1259) Old regions: 505->537
[4419.620s][info][gc,heap        ] GC(1259) Humongous regions: 80->80
[4419.620s][info][gc,metaspace   ] GC(1259) Metaspace: 28921K(29312K)->28921K(29312K) NonClass: 24052K(24256K)->24052K(24256K) Class: 4868K(5056K)->4868K(5056K)
[4419.620s][info][gc             ] GC(1259) Pause Young (Prepare Mixed) (G1 Evacuation Pause) 3624M->1456M(4096M) 120.149ms
[4419.620s][info][gc,cpu         ] GC(1259) User=0.72s Sys=0.00s Real=0.12s
...[4421.859s][info][gc,start       ] GC(1260) Pause Young (Mixed) (G1 Evacuation Pause)
[4421.859s][info][gc,task        ] GC(1260) Using 6 workers of 6 for evacuation
[4421.994s][info][gc,phases      ] GC(1260)   Pre Evacuate Collection Set: 0.38ms
[4421.994s][info][gc,phases      ] GC(1260)   Merge Heap Roots: 0.69ms
[4421.994s][info][gc,phases      ] GC(1260)   Evacuate Collection Set: 133.33ms
[4421.994s][info][gc,phases      ] GC(1260)   Post Evacuate Collection Set: 0.92ms
[4421.994s][info][gc,phases      ] GC(1260)   Other: 0.08ms
[4421.994s][info][gc,heap        ] GC(1260) Eden regions: 1104->0(1117)
[4421.994s][info][gc,heap        ] GC(1260) Survivor regions: 112->111(152)
[4421.994s][info][gc,heap        ] GC(1260) Old regions: 537->474
[4421.994s][info][gc,heap        ] GC(1260) Humongous regions: 80->80
[4421.994s][info][gc,metaspace   ] GC(1260) Metaspace: 28921K(29312K)->28921K(29312K) NonClass: 24052K(24256K)->24052K(24256K) Class: 4868K(5056K)->4868K(5056K)
[4421.994s][info][gc             ] GC(1260) Pause Young (Mixed) (G1 Evacuation Pause) 3664M->1328M(4096M) 135.528ms
[4421.994s][info][gc,cpu         ] GC(1260) User=0.81s Sys=0.00s Real=0.14s
..[4424.276s][info][gc,start       ] GC(1261) Pause Young (Concurrent Start) (G1 Evacuation Pause)
[4424.276s][info][gc,task        ] GC(1261) Using 6 workers of 6 for evacuation
[4424.392s][info][gc,phases      ] GC(1261)   Pre Evacuate Collection Set: 0.35ms
[4424.392s][info][gc,phases      ] GC(1261)   Merge Heap Roots: 0.47ms
[4424.392s][info][gc,phases      ] GC(1261)   Evacuate Collection Set: 114.68ms
[4424.392s][info][gc,phases      ] GC(1261)   Post Evacuate Collection Set: 0.86ms
[4424.392s][info][gc,phases      ] GC(1261)   Other: 0.10ms
[4424.392s][info][gc,heap        ] GC(1261) Eden regions: 1117->0(1120)
[4424.392s][info][gc,heap        ] GC(1261) Survivor regions: 111->108(154)
[4424.392s][info][gc,heap        ] GC(1261) Old regions: 474->506
[4424.392s][info][gc,heap        ] GC(1261) Humongous regions: 80->80
[4424.392s][info][gc,metaspace   ] GC(1261) Metaspace: 28921K(29312K)->28921K(29312K) NonClass: 24052K(24256K)->24052K(24256K) Class: 4868K(5056K)->4868K(5056K)
[4424.392s][info][gc             ] GC(1261) Pause Young (Concurrent Start) (G1 Evacuation Pause) 3562M->1386M(4096M) 116.592ms
[4424.392s][info][gc             ] GC(1262) Concurrent Mark Cycle
[4424.392s][info][gc,marking     ] GC(1262) Concurrent Scan Root Regions
[4424.392s][info][gc,cpu         ] GC(1261) User=0.69s Sys=0.00s Real=0.12s
[4424.535s][info][gc,marking     ] GC(1262) Concurrent Scan Root Regions 142.708ms
[4424.535s][info][gc,marking     ] GC(1262) Concurrent Mark
[4424.535s][info][gc,marking     ] GC(1262) Concurrent Mark From Roots
[4424.535s][info][gc,task        ] GC(1262) Using 2 workers of 2 for marking
.[4425.264s][info][gc,marking     ] GC(1262) Concurrent Mark From Roots 728.516ms
[4425.264s][info][gc,marking     ] GC(1262) Concurrent Preclean
[4425.264s][info][gc,marking     ] GC(1262) Concurrent Preclean 0.097ms
[4425.264s][info][gc,start       ] GC(1262) Pause Remark
[4425.269s][info][gc             ] GC(1262) Pause Remark 2097M->2097M(4096M) 4.869ms
[4425.269s][info][gc,cpu         ] GC(1262) User=0.02s Sys=0.00s Real=0.00s
[4425.270s][info][gc,marking     ] GC(1262) Concurrent Mark 734.514ms
[4425.270s][info][gc,marking     ] GC(1262) Concurrent Rebuild Remembered Sets and Scrub Regions
[4425.532s][info][gc,marking     ] GC(1262) Concurrent Rebuild Remembered Sets and Scrub Regions 262.104ms
[4425.533s][info][gc,start       ] GC(1262) Pause Cleanup
[4425.533s][info][gc             ] GC(1262) Pause Cleanup 2346M->2346M(4096M) 0.129ms
[4425.533s][info][gc,cpu         ] GC(1262) User=0.00s Sys=0.00s Real=0.00s
[4425.533s][info][gc,marking     ] GC(1262) Concurrent Clear Claimed Marks
[4425.533s][info][gc,marking     ] GC(1262) Concurrent Clear Claimed Marks 0.032ms
[4425.533s][info][gc,marking     ] GC(1262) Concurrent Cleanup for Next Mark
[4425.555s][info][gc,marking     ] GC(1262) Concurrent Cleanup for Next Mark 21.288ms
[4425.555s][info][gc             ] GC(1262) Concurrent Mark Cycle 1162.461ms
.[4426.678s][info][gc,start       ] GC(1263) Pause Young (Prepare Mixed) (G1 Evacuation Pause)
[4426.678s][info][gc,task        ] GC(1263) Using 6 workers of 6 for evacuation
[4426.798s][info][gc,phases      ] GC(1263)   Pre Evacuate Collection Set: 0.34ms
[4426.798s][info][gc,phases      ] GC(1263)   Merge Heap Roots: 0.53ms
[4426.798s][info][gc,phases      ] GC(1263)   Evacuate Collection Set: 117.89ms
[4426.798s][info][gc,phases      ] GC(1263)   Post Evacuate Collection Set: 0.90ms
[4426.798s][info][gc,phases      ] GC(1263)   Other: 0.08ms
[4426.798s][info][gc,heap        ] GC(1263) Eden regions: 1120->0(1102)
[4426.798s][info][gc,heap        ] GC(1263) Survivor regions: 108->113(154)
[4426.798s][info][gc,heap        ] GC(1263) Old regions: 506->537
[4426.798s][info][gc,heap        ] GC(1263) Humongous regions: 80->80
[4426.798s][info][gc,metaspace   ] GC(1263) Metaspace: 28921K(29312K)->28921K(29312K) NonClass: 24052K(24256K)->24052K(24256K) Class: 4868K(5056K)->4868K(5056K)
[4426.798s][info][gc             ] GC(1263) Pause Young (Prepare Mixed) (G1 Evacuation Pause) 3626M->1457M(4096M) 119.888ms
[4426.798s][info][gc,cpu         ] GC(1263) User=0.72s Sys=0.00s Real=0.12s
...[4429.013s][info][gc,start       ] GC(1264) Pause Young (Mixed) (G1 Evacuation Pause)
[4429.013s][info][gc,task        ] GC(1264) Using 6 workers of 6 for evacuation
[4429.148s][info][gc,phases      ] GC(1264)   Pre Evacuate Collection Set: 0.36ms
[4429.148s][info][gc,phases      ] GC(1264)   Merge Heap Roots: 0.62ms
[4429.148s][info][gc,phases      ] GC(1264)   Evacuate Collection Set: 132.92ms
[4429.148s][info][gc,phases      ] GC(1264)   Post Evacuate Collection Set: 0.79ms
[4429.148s][info][gc,phases      ] GC(1264)   Other: 0.09ms
[4429.148s][info][gc,heap        ] GC(1264) Eden regions: 1102->0(1118)
[4429.148s][info][gc,heap        ] GC(1264) Survivor regions: 113->110(152)
[4429.148s][info][gc,heap        ] GC(1264) Old regions: 537->472
[4429.148s][info][gc,heap        ] GC(1264) Humongous regions: 80->80
[4429.148s][info][gc,metaspace   ] GC(1264) Metaspace: 28921K(29312K)->28921K(29312K) NonClass: 24052K(24256K)->24052K(24256K) Class: 4868K(5056K)->4868K(5056K)
[4429.148s][info][gc             ] GC(1264) Pause Young (Mixed) (G1 Evacuation Pause) 3661M->1321M(4096M) 134.910ms
[4429.148s][info][gc,cpu         ] GC(1264) User=0.80s Sys=0.00s Real=0.13s
..[4431.321s][info][gc,start       ] GC(1265) Pause Young (Concurrent Start) (G1 Evacuation Pause)
[4431.321s][info][gc,task        ] GC(1265) Using 6 workers of 6 for evacuation
[4431.441s][info][gc,phases      ] GC(1265)   Pre Evacuate Collection Set: 0.37ms
[4431.441s][info][gc,phases      ] GC(1265)   Merge Heap Roots: 0.43ms
[4431.441s][info][gc,phases      ] GC(1265)   Evacuate Collection Set: 118.28ms
[4431.441s][info][gc,phases      ] GC(1265)   Post Evacuate Collection Set: 0.88ms
[4431.441s][info][gc,phases      ] GC(1265)   Other: 0.12ms
[4431.441s][info][gc,heap        ] GC(1265) Eden regions: 1118->0(1116)
[4431.441s][info][gc,heap        ] GC(1265) Survivor regions: 110->112(154)
[4431.441s][info][gc,heap        ] GC(1265) Old regions: 472->504
[4431.441s][info][gc,heap        ] GC(1265) Humongous regions: 80->80
[4431.441s][info][gc,metaspace   ] GC(1265) Metaspace: 28921K(29312K)->28921K(29312K) NonClass: 24052K(24256K)->24052K(24256K) Class: 4868K(5056K)->4868K(5056K)
[4431.441s][info][gc             ] GC(1265) Pause Young (Concurrent Start) (G1 Evacuation Pause) 3557M->1389M(4096M) 120.219ms
[4431.441s][info][gc             ] GC(1266) Concurrent Mark Cycle
[4431.441s][info][gc,marking     ] GC(1266) Concurrent Scan Root Regions
[4431.441s][info][gc,cpu         ] GC(1265) User=0.72s Sys=0.00s Real=0.12s
[4431.589s][info][gc,marking     ] GC(1266) Concurrent Scan Root Regions 147.313ms
[4431.589s][info][gc,marking     ] GC(1266) Concurrent Mark
[4431.589s][info][gc,marking     ] GC(1266) Concurrent Mark From Roots
[4431.589s][info][gc,task        ] GC(1266) Using 2 workers of 2 for marking
.[4432.311s][info][gc,marking     ] GC(1266) Concurrent Mark From Roots 722.227ms
[4432.311s][info][gc,marking     ] GC(1266) Concurrent Preclean
[4432.311s][info][gc,marking     ] GC(1266) Concurrent Preclean 0.105ms
[4432.312s][info][gc,start       ] GC(1266) Pause Remark
[4432.318s][info][gc             ] GC(1266) Pause Remark 2151M->2151M(4096M) 5.446ms
[4432.318s][info][gc,cpu         ] GC(1266) User=0.03s Sys=0.00s Real=0.00s
[4432.318s][info][gc,marking     ] GC(1266) Concurrent Mark 729.465ms
[4432.318s][info][gc,marking     ] GC(1266) Concurrent Rebuild Remembered Sets and Scrub Regions
[4432.571s][info][gc,marking     ] GC(1266) Concurrent Rebuild Remembered Sets and Scrub Regions 252.474ms
[4432.571s][info][gc,start       ] GC(1266) Pause Cleanup
[4432.571s][info][gc             ] GC(1266) Pause Cleanup 2409M->2409M(4096M) 0.128ms
[4432.571s][info][gc,cpu         ] GC(1266) User=0.00s Sys=0.00s Real=0.00s
[4432.571s][info][gc,marking     ] GC(1266) Concurrent Clear Claimed Marks
[4432.571s][info][gc,marking     ] GC(1266) Concurrent Clear Claimed Marks 0.021ms
[4432.571s][info][gc,marking     ] GC(1266) Concurrent Cleanup for Next Mark
[4432.576s][info][gc,marking     ] GC(1266) Concurrent Cleanup for Next Mark 4.939ms
[4432.576s][info][gc             ] GC(1266) Concurrent Mark Cycle 1135.184ms
.[4433.737s][info][gc,start       ] GC(1267) Pause Young (Prepare Mixed) (G1 Evacuation Pause)
[4433.737s][info][gc,task        ] GC(1267) Using 6 workers of 6 for evacuation
[4433.859s][info][gc,phases      ] GC(1267)   Pre Evacuate Collection Set: 0.29ms
[4433.859s][info][gc,phases      ] GC(1267)   Merge Heap Roots: 0.52ms
[4433.859s][info][gc,phases      ] GC(1267)   Evacuate Collection Set: 119.71ms
[4433.859s][info][gc,phases      ] GC(1267)   Post Evacuate Collection Set: 0.90ms
[4433.859s][info][gc,phases      ] GC(1267)   Other: 0.09ms
[4433.859s][info][gc,heap        ] GC(1267) Eden regions: 1116->0(1101)
[4433.859s][info][gc,heap        ] GC(1267) Survivor regions: 112->114(154)
[4433.859s][info][gc,heap        ] GC(1267) Old regions: 504->536
[4433.859s][info][gc,heap        ] GC(1267) Humongous regions: 80->80
[4433.859s][info][gc,metaspace   ] GC(1267) Metaspace: 28921K(29312K)->28921K(29312K) NonClass: 24052K(24256K)->24052K(24256K) Class: 4868K(5056K)->4868K(5056K)
[4433.859s][info][gc             ] GC(1267) Pause Young (Prepare Mixed) (G1 Evacuation Pause) 3621M->1457M(4096M) 121.655ms
[4433.859s][info][gc,cpu         ] GC(1267) User=0.72s Sys=0.00s Real=0.12s
...[4436.093s][info][gc,start       ] GC(1268) Pause Young (Mixed) (G1 Evacuation Pause)
[4436.093s][info][gc,task        ] GC(1268) Using 6 workers of 6 for evacuation
[4436.227s][info][gc,phases      ] GC(1268)   Pre Evacuate Collection Set: 0.33ms
[4436.227s][info][gc,phases      ] GC(1268)   Merge Heap Roots: 0.68ms
[4436.227s][info][gc,phases      ] GC(1268)   Evacuate Collection Set: 132.29ms
[4436.227s][info][gc,phases      ] GC(1268)   Post Evacuate Collection Set: 0.94ms
[4436.227s][info][gc,phases      ] GC(1268)   Other: 0.08ms
[4436.227s][info][gc,heap        ] GC(1268) Eden regions: 1101->0(1118)
[4436.227s][info][gc,heap        ] GC(1268) Survivor regions: 114->110(152)
[4436.227s][info][gc,heap        ] GC(1268) Old regions: 536->475
[4436.227s][info][gc,heap        ] GC(1268) Humongous regions: 80->80
[4436.227s][info][gc,metaspace   ] GC(1268) Metaspace: 28921K(29312K)->28921K(29312K) NonClass: 24052K(24256K)->24052K(24256K) Class: 4868K(5056K)->4868K(5056K)
[4436.227s][info][gc             ] GC(1268) Pause Young (Mixed) (G1 Evacuation Pause) 3659M->1327M(4096M) 134.451ms
[4436.227s][info][gc,cpu         ] GC(1268) User=0.80s Sys=0.00s Real=0.13s
..[4438.474s][info][gc,start       ] GC(1269) Pause Young (Concurrent Start) (G1 Evacuation Pause)
[4438.474s][info][gc,task        ] GC(1269) Using 6 workers of 6 for evacuation
[4438.591s][info][gc,phases      ] GC(1269)   Pre Evacuate Collection Set: 0.34ms
[4438.591s][info][gc,phases      ] GC(1269)   Merge Heap Roots: 0.46ms
[4438.591s][info][gc,phases      ] GC(1269)   Evacuate Collection Set: 115.30ms
[4438.591s][info][gc,phases      ] GC(1269)   Post Evacuate Collection Set: 0.88ms
[4438.591s][info][gc,phases      ] GC(1269)   Other: 0.11ms
[4438.591s][info][gc,heap        ] GC(1269) Eden regions: 1118->0(1120)
[4438.591s][info][gc,heap        ] GC(1269) Survivor regions: 110->108(154)
[4438.591s][info][gc,heap        ] GC(1269) Old regions: 475->508
[4438.591s][info][gc,heap        ] GC(1269) Humongous regions: 80->80
[4438.591s][info][gc,metaspace   ] GC(1269) Metaspace: 28921K(29312K)->28921K(29312K) NonClass: 24052K(24256K)->24052K(24256K) Class: 4868K(5056K)->4868K(5056K)
[4438.591s][info][gc             ] GC(1269) Pause Young (Concurrent Start) (G1 Evacuation Pause) 3563M->1390M(4096M) 117.215ms
[4438.591s][info][gc             ] GC(1270) Concurrent Mark Cycle
[4438.591s][info][gc,marking     ] GC(1270) Concurrent Scan Root Regions
[4438.591s][info][gc,cpu         ] GC(1269) User=0.70s Sys=0.00s Real=0.11s
[4438.734s][info][gc,marking     ] GC(1270) Concurrent Scan Root Regions 143.174ms
[4438.734s][info][gc,marking     ] GC(1270) Concurrent Mark
[4438.734s][info][gc,marking     ] GC(1270) Concurrent Mark From Roots
[4438.734s][info][gc,task        ] GC(1270) Using 2 workers of 2 for marking
.[4439.460s][info][gc,marking     ] GC(1270) Concurrent Mark From Roots 725.877ms
[4439.460s][info][gc,marking     ] GC(1270) Concurrent Preclean
[4439.460s][info][gc,marking     ] GC(1270) Concurrent Preclean 0.082ms
[4439.461s][info][gc,start       ] GC(1270) Pause Remark
[4439.466s][info][gc             ] GC(1270) Pause Remark 2204M->2204M(4096M) 5.081ms
[4439.466s][info][gc,cpu         ] GC(1270) User=0.03s Sys=0.00s Real=0.01s
[4439.466s][info][gc,marking     ] GC(1270) Concurrent Mark 732.170ms
[4439.466s][info][gc,marking     ] GC(1270) Concurrent Rebuild Remembered Sets and Scrub Regions
[4439.680s][info][gc,marking     ] GC(1270) Concurrent Rebuild Remembered Sets and Scrub Regions 213.279ms
[4439.682s][info][gc,start       ] GC(1270) Pause Cleanup
[4439.682s][info][gc             ] GC(1270) Pause Cleanup 2430M->2430M(4096M) 0.147ms
[4439.682s][info][gc,cpu         ] GC(1270) User=0.00s Sys=0.00s Real=0.00s
[4439.682s][info][gc,marking     ] GC(1270) Concurrent Clear Claimed Marks
[4439.682s][info][gc,marking     ] GC(1270) Concurrent Clear Claimed Marks 0.029ms
[4439.682s][info][gc,marking     ] GC(1270) Concurrent Cleanup for Next Mark
[4439.729s][info][gc,marking     ] GC(1270) Concurrent Cleanup for Next Mark 46.584ms
[4439.729s][info][gc             ] GC(1270) Concurrent Mark Cycle 1138.291ms
.[4440.855s][info][gc,start       ] GC(1271) Pause Young (Prepare Mixed) (G1 Evacuation Pause)
[4440.856s][info][gc,task        ] GC(1271) Using 6 workers of 6 for evacuation
[4440.975s][info][gc,phases      ] GC(1271)   Pre Evacuate Collection Set: 0.31ms
[4440.975s][info][gc,phases      ] GC(1271)   Merge Heap Roots: 0.53ms
[4440.975s][info][gc,phases      ] GC(1271)   Evacuate Collection Set: 117.56ms
[4440.975s][info][gc,phases      ] GC(1271)   Post Evacuate Collection Set: 0.93ms
[4440.975s][info][gc,phases      ] GC(1271)   Other: 0.08ms
[4440.975s][info][gc,heap        ] GC(1271) Eden regions: 1120->0(1100)
[4440.975s][info][gc,heap        ] GC(1271) Survivor regions: 108->113(154)
[4440.975s][info][gc,heap        ] GC(1271) Old regions: 508->539
[4440.975s][info][gc,heap        ] GC(1271) Humongous regions: 80->80
[4440.975s][info][gc,metaspace   ] GC(1271) Metaspace: 28921K(29312K)->28921K(29312K) NonClass: 24052K(24256K)->24052K(24256K) Class: 4868K(5056K)->4868K(5056K)
[4440.975s][info][gc             ] GC(1271) Pause Young (Prepare Mixed) (G1 Evacuation Pause) 3630M->1462M(4096M) 119.548ms
[4440.975s][info][gc,cpu         ] GC(1271) User=0.71s Sys=0.00s Real=0.12s
...[4443.171s][info][gc,start       ] GC(1272) Pause Young (Mixed) (G1 Evacuation Pause)
[4443.171s][info][gc,task        ] GC(1272) Using 6 workers of 6 for evacuation
[4443.308s][info][gc,phases      ] GC(1272)   Pre Evacuate Collection Set: 0.35ms
[4443.308s][info][gc,phases      ] GC(1272)   Merge Heap Roots: 0.71ms
[4443.308s][info][gc,phases      ] GC(1272)   Evacuate Collection Set: 134.29ms
[4443.308s][info][gc,phases      ] GC(1272)   Post Evacuate Collection Set: 0.98ms
[4443.308s][info][gc,phases      ] GC(1272)   Other: 0.09ms
[4443.308s][info][gc,heap        ] GC(1272) Eden regions: 1100->0(1117)
[4443.308s][info][gc,heap        ] GC(1272) Survivor regions: 113->111(152)
[4443.308s][info][gc,heap        ] GC(1272) Old regions: 539->474
[4443.308s][info][gc,heap        ] GC(1272) Humongous regions: 80->80
[4443.308s][info][gc,metaspace   ] GC(1272) Metaspace: 28921K(29312K)->28921K(29312K) NonClass: 24052K(24256K)->24052K(24256K) Class: 4868K(5056K)->4868K(5056K)
[4443.308s][info][gc             ] GC(1272) Pause Young (Mixed) (G1 Evacuation Pause) 3662M->1329M(4096M) 136.550ms
[4443.308s][info][gc,cpu         ] GC(1272) User=0.82s Sys=0.00s Real=0.14s
..[4445.579s][info][gc,start       ] GC(1273) Pause Young (Concurrent Start) (G1 Evacuation Pause)
[4445.579s][info][gc,task        ] GC(1273) Using 6 workers of 6 for evacuation
[4445.705s][info][gc,phases      ] GC(1273)   Pre Evacuate Collection Set: 0.32ms
[4445.705s][info][gc,phases      ] GC(1273)   Merge Heap Roots: 0.45ms
[4445.705s][info][gc,phases      ] GC(1273)   Evacuate Collection Set: 123.97ms
[4445.705s][info][gc,phases      ] GC(1273)   Post Evacuate Collection Set: 0.87ms
[4445.705s][info][gc,phases      ] GC(1273)   Other: 0.11ms
[4445.705s][info][gc,heap        ] GC(1273) Eden regions: 1117->0(1112)
[4445.705s][info][gc,heap        ] GC(1273) Survivor regions: 111->116(154)
[4445.705s][info][gc,heap        ] GC(1273) Old regions: 474->507
[4445.705s][info][gc,heap        ] GC(1273) Humongous regions: 80->80
[4445.705s][info][gc,metaspace   ] GC(1273) Metaspace: 28921K(29312K)->28921K(29312K) NonClass: 24052K(24256K)->24052K(24256K) Class: 4868K(5056K)->4868K(5056K)
[4445.705s][info][gc             ] GC(1273) Pause Young (Concurrent Start) (G1 Evacuation Pause) 3563M->1403M(4096M) 125.876ms
[4445.705s][info][gc             ] GC(1274) Concurrent Mark Cycle
[4445.705s][info][gc,marking     ] GC(1274) Concurrent Scan Root Regions
[4445.705s][info][gc,cpu         ] GC(1273) User=0.75s Sys=0.00s Real=0.13s
[4445.923s][info][gc,marking     ] GC(1274) Concurrent Scan Root Regions 218.293ms
[4445.923s][info][gc,marking     ] GC(1274) Concurrent Mark
[4445.923s][info][gc,marking     ] GC(1274) Concurrent Mark From Roots
[4445.923s][info][gc,task        ] GC(1274) Using 2 workers of 2 for marking
.[4446.881s][info][gc,marking     ] GC(1274) Concurrent Mark From Roots 958.281ms
[4446.881s][info][gc,marking     ] GC(1274) Concurrent Preclean
[4446.882s][info][gc,marking     ] GC(1274) Concurrent Preclean 0.102ms
[4446.883s][info][gc,start       ] GC(1274) Pause Remark
[4446.889s][info][gc             ] GC(1274) Pause Remark 2557M->2557M(4096M) 5.470ms
[4446.889s][info][gc,cpu         ] GC(1274) User=0.03s Sys=0.00s Real=0.00s
[4446.890s][info][gc,marking     ] GC(1274) Concurrent Mark 966.453ms
[4446.890s][info][gc,marking     ] GC(1274) Concurrent Rebuild Remembered Sets and Scrub Regions
[4447.334s][info][gc,marking     ] GC(1274) Concurrent Rebuild Remembered Sets and Scrub Regions 444.428ms
[4447.334s][info][gc,start       ] GC(1274) Pause Cleanup
[4447.335s][info][gc             ] GC(1274) Pause Cleanup 2997M->2997M(4096M) 0.137ms
[4447.335s][info][gc,cpu         ] GC(1274) User=0.00s Sys=0.00s Real=0.00s
[4447.335s][info][gc,marking     ] GC(1274) Concurrent Clear Claimed Marks
[4447.335s][info][gc,marking     ] GC(1274) Concurrent Clear Claimed Marks 0.031ms
[4447.335s][info][gc,marking     ] GC(1274) Concurrent Cleanup for Next Mark
[4447.341s][info][gc,marking     ] GC(1274) Concurrent Cleanup for Next Mark 5.939ms
[4447.341s][info][gc             ] GC(1274) Concurrent Mark Cycle 1636.172ms
.[4447.944s][info][gc,start       ] GC(1275) Pause Young (Prepare Mixed) (G1 Evacuation Pause)
[4447.944s][info][gc,task        ] GC(1275) Using 6 workers of 6 for evacuation
[4448.062s][info][gc,phases      ] GC(1275)   Pre Evacuate Collection Set: 0.34ms
[4448.062s][info][gc,phases      ] GC(1275)   Merge Heap Roots: 0.52ms
[4448.062s][info][gc,phases      ] GC(1275)   Evacuate Collection Set: 116.55ms
[4448.062s][info][gc,phases      ] GC(1275)   Post Evacuate Collection Set: 0.89ms
[4448.062s][info][gc,phases      ] GC(1275)   Other: 0.08ms
[4448.062s][info][gc,heap        ] GC(1275) Eden regions: 1112->0(1105)
[4448.062s][info][gc,heap        ] GC(1275) Survivor regions: 116->111(154)
[4448.062s][info][gc,heap        ] GC(1275) Old regions: 507->538
[4448.062s][info][gc,heap        ] GC(1275) Humongous regions: 80->80
[4448.062s][info][gc,metaspace   ] GC(1275) Metaspace: 28921K(29312K)->28921K(29312K) NonClass: 24052K(24256K)->24052K(24256K) Class: 4868K(5056K)->4868K(5056K)
[4448.062s][info][gc             ] GC(1275) Pause Young (Prepare Mixed) (G1 Evacuation Pause) 3627M->1456M(4096M) 118.517ms
[4448.062s][info][gc,cpu         ] GC(1275) User=0.70s Sys=0.01s Real=0.12s
..[4450.219s][info][gc,start       ] GC(1276) Pause Young (Mixed) (G1 Evacuation Pause)
[4450.219s][info][gc,task        ] GC(1276) Using 6 workers of 6 for evacuation
[4450.356s][info][gc,phases      ] GC(1276)   Pre Evacuate Collection Set: 0.36ms
[4450.356s][info][gc,phases      ] GC(1276)   Merge Heap Roots: 0.63ms
[4450.356s][info][gc,phases      ] GC(1276)   Evacuate Collection Set: 134.89ms
[4450.356s][info][gc,phases      ] GC(1276)   Post Evacuate Collection Set: 0.93ms
[4450.356s][info][gc,phases      ] GC(1276)   Other: 0.09ms
[4450.356s][info][gc,heap        ] GC(1276) Eden regions: 1105->0(1117)
[4450.356s][info][gc,heap        ] GC(1276) Survivor regions: 111->111(152)
[4450.356s][info][gc,heap        ] GC(1276) Old regions: 538->474
[4450.356s][info][gc,heap        ] GC(1276) Humongous regions: 80->80
[4450.356s][info][gc,metaspace   ] GC(1276) Metaspace: 28921K(29312K)->28921K(29312K) NonClass: 24052K(24256K)->24052K(24256K) Class: 4868K(5056K)->4868K(5056K)
[4450.356s][info][gc             ] GC(1276) Pause Young (Mixed) (G1 Evacuation Pause) 3666M->1327M(4096M) 137.037ms
[4450.356s][info][gc,cpu         ] GC(1276) User=0.82s Sys=0.00s Real=0.14s
...[4452.671s][info][gc,start       ] GC(1277) Pause Young (Concurrent Start) (G1 Evacuation Pause)
[4452.671s][info][gc,task        ] GC(1277) Using 6 workers of 6 for evacuation
[4452.789s][info][gc,phases      ] GC(1277)   Pre Evacuate Collection Set: 0.33ms
[4452.789s][info][gc,phases      ] GC(1277)   Merge Heap Roots: 0.45ms
[4452.789s][info][gc,phases      ] GC(1277)   Evacuate Collection Set: 116.94ms
[4452.789s][info][gc,phases      ] GC(1277)   Post Evacuate Collection Set: 0.85ms
[4452.789s][info][gc,phases      ] GC(1277)   Other: 0.10ms
[4452.789s][info][gc,heap        ] GC(1277) Eden regions: 1117->0(1117)
[4452.789s][info][gc,heap        ] GC(1277) Survivor regions: 111->111(154)
[4452.789s][info][gc,heap        ] GC(1277) Old regions: 474->505
[4452.789s][info][gc,heap        ] GC(1277) Humongous regions: 80->80
[4452.789s][info][gc,metaspace   ] GC(1277) Metaspace: 28921K(29312K)->28921K(29312K) NonClass: 24052K(24256K)->24052K(24256K) Class: 4868K(5056K)->4868K(5056K)
[4452.789s][info][gc             ] GC(1277) Pause Young (Concurrent Start) (G1 Evacuation Pause) 3561M->1391M(4096M) 118.806ms
[4452.789s][info][gc             ] GC(1278) Concurrent Mark Cycle
[4452.789s][info][gc,marking     ] GC(1278) Concurrent Scan Root Regions
[4452.789s][info][gc,cpu         ] GC(1277) User=0.70s Sys=0.00s Real=0.12s
[4452.982s][info][gc,marking     ] GC(1278) Concurrent Scan Root Regions 192.508ms
[4452.982s][info][gc,marking     ] GC(1278) Concurrent Mark
[4452.982s][info][gc,marking     ] GC(1278) Concurrent Mark From Roots
[4452.982s][info][gc,task        ] GC(1278) Using 2 workers of 2 for marking
.[4454.025s][info][gc,marking     ] GC(1278) Concurrent Mark From Roots 1042.956ms
[4454.025s][info][gc,marking     ] GC(1278) Concurrent Preclean
[4454.025s][info][gc,marking     ] GC(1278) Concurrent Preclean 0.104ms
[4454.028s][info][gc,start       ] GC(1278) Pause Remark
[4454.032s][info][gc             ] GC(1278) Pause Remark 2553M->2553M(4096M) 4.371ms
[4454.032s][info][gc,cpu         ] GC(1278) User=0.02s Sys=0.00s Real=0.01s
[4454.032s][info][gc,marking     ] GC(1278) Concurrent Mark 1050.213ms
[4454.032s][info][gc,marking     ] GC(1278) Concurrent Rebuild Remembered Sets and Scrub Regions
[4454.385s][info][gc,marking     ] GC(1278) Concurrent Rebuild Remembered Sets and Scrub Regions 352.522ms
[4454.385s][info][gc,start       ] GC(1278) Pause Cleanup
[4454.385s][info][gc             ] GC(1278) Pause Cleanup 2888M->2888M(4096M) 0.109ms
[4454.385s][info][gc,cpu         ] GC(1278) User=0.00s Sys=0.00s Real=0.00s
[4454.385s][info][gc,marking     ] GC(1278) Concurrent Clear Claimed Marks
[4454.385s][info][gc,marking     ] GC(1278) Concurrent Clear Claimed Marks 0.022ms
[4454.385s][info][gc,marking     ] GC(1278) Concurrent Cleanup for Next Mark
[4454.390s][info][gc,marking     ] GC(1278) Concurrent Cleanup for Next Mark 4.785ms
[4454.390s][info][gc             ] GC(1278) Concurrent Mark Cycle 1600.559ms
.[4455.080s][info][gc,start       ] GC(1279) Pause Young (Prepare Mixed) (G1 Evacuation Pause)
[4455.080s][info][gc,task        ] GC(1279) Using 6 workers of 6 for evacuation
[4455.197s][info][gc,phases      ] GC(1279)   Pre Evacuate Collection Set: 0.31ms
[4455.197s][info][gc,phases      ] GC(1279)   Merge Heap Roots: 0.50ms
[4455.197s][info][gc,phases      ] GC(1279)   Evacuate Collection Set: 115.20ms
[4455.197s][info][gc,phases      ] GC(1279)   Post Evacuate Collection Set: 0.95ms
[4455.197s][info][gc,phases      ] GC(1279)   Other: 0.10ms
[4455.197s][info][gc,heap        ] GC(1279) Eden regions: 1117->0(1115)
[4455.197s][info][gc,heap        ] GC(1279) Survivor regions: 111->107(154)
[4455.197s][info][gc,heap        ] GC(1279) Old regions: 505->536
[4455.197s][info][gc,heap        ] GC(1279) Humongous regions: 80->80
[4455.197s][info][gc,metaspace   ] GC(1279) Metaspace: 28921K(29312K)->28921K(29312K) NonClass: 24052K(24256K)->24052K(24256K) Class: 4868K(5056K)->4868K(5056K)
[4455.197s][info][gc             ] GC(1279) Pause Young (Prepare Mixed) (G1 Evacuation Pause) 3625M->1445M(4096M) 117.194ms
[4455.197s][info][gc,cpu         ] GC(1279) User=0.70s Sys=0.00s Real=0.12s
...[4457.452s][info][gc,start       ] GC(1280) Pause Young (Mixed) (G1 Evacuation Pause)
[4457.452s][info][gc,task        ] GC(1280) Using 6 workers of 6 for evacuation
[4457.589s][info][gc,phases      ] GC(1280)   Pre Evacuate Collection Set: 0.35ms
[4457.589s][info][gc,phases      ] GC(1280)   Merge Heap Roots: 0.71ms
[4457.589s][info][gc,phases      ] GC(1280)   Evacuate Collection Set: 134.57ms
[4457.589s][info][gc,phases      ] GC(1280)   Post Evacuate Collection Set: 0.94ms
[4457.589s][info][gc,phases      ] GC(1280)   Other: 0.09ms
[4457.589s][info][gc,heap        ] GC(1280) Eden regions: 1115->0(1118)
[4457.589s][info][gc,heap        ] GC(1280) Survivor regions: 107->110(153)
[4457.589s][info][gc,heap        ] GC(1280) Old regions: 536->471
[4457.589s][info][gc,heap        ] GC(1280) Humongous regions: 80->80
[4457.589s][info][gc,metaspace   ] GC(1280) Metaspace: 28921K(29312K)->28921K(29312K) NonClass: 24052K(24256K)->24052K(24256K) Class: 4868K(5056K)->4868K(5056K)
[4457.589s][info][gc             ] GC(1280) Pause Young (Mixed) (G1 Evacuation Pause) 3675M->1321M(4096M) 136.780ms
[4457.589s][info][gc,cpu         ] GC(1280) User=0.81s Sys=0.00s Real=0.13s
..[4459.764s][info][gc,start       ] GC(1281) Pause Young (Concurrent Start) (G1 Evacuation Pause)
[4459.764s][info][gc,task        ] GC(1281) Using 6 workers of 6 for evacuation
[4459.881s][info][gc,phases      ] GC(1281)   Pre Evacuate Collection Set: 0.36ms
[4459.881s][info][gc,phases      ] GC(1281)   Merge Heap Roots: 0.46ms
[4459.881s][info][gc,phases      ] GC(1281)   Evacuate Collection Set: 114.55ms
[4459.881s][info][gc,phases      ] GC(1281)   Post Evacuate Collection Set: 0.88ms
[4459.881s][info][gc,phases      ] GC(1281)   Other: 0.11ms
[4459.881s][info][gc,heap        ] GC(1281) Eden regions: 1118->0(1118)
[4459.881s][info][gc,heap        ] GC(1281) Survivor regions: 110->110(154)
[4459.881s][info][gc,heap        ] GC(1281) Old regions: 471->502
[4459.881s][info][gc,heap        ] GC(1281) Humongous regions: 80->80
[4459.881s][info][gc,metaspace   ] GC(1281) Metaspace: 28921K(29312K)->28921K(29312K) NonClass: 24052K(24256K)->24052K(24256K) Class: 4868K(5056K)->4868K(5056K)
[4459.881s][info][gc             ] GC(1281) Pause Young (Concurrent Start) (G1 Evacuation Pause) 3557M->1382M(4096M) 116.475ms
[4459.881s][info][gc             ] GC(1282) Concurrent Mark Cycle
[4459.881s][info][gc,marking     ] GC(1282) Concurrent Scan Root Regions
[4459.881s][info][gc,cpu         ] GC(1281) User=0.69s Sys=0.00s Real=0.11s
[4460.095s][info][gc,marking     ] GC(1282) Concurrent Scan Root Regions 213.796ms
[4460.095s][info][gc,marking     ] GC(1282) Concurrent Mark
[4460.095s][info][gc,marking     ] GC(1282) Concurrent Mark From Roots
[4460.095s][info][gc,task        ] GC(1282) Using 2 workers of 2 for marking
.[4461.105s][info][gc,marking     ] GC(1282) Concurrent Mark From Roots 1010.089ms
[4461.105s][info][gc,marking     ] GC(1282) Concurrent Preclean
[4461.105s][info][gc,marking     ] GC(1282) Concurrent Preclean 0.139ms
[4461.106s][info][gc,start       ] GC(1282) Pause Remark
[4461.113s][info][gc             ] GC(1282) Pause Remark 2570M->2570M(4096M) 7.494ms
[4461.113s][info][gc,cpu         ] GC(1282) User=0.04s Sys=0.00s Real=0.01s
[4461.115s][info][gc,marking     ] GC(1282) Concurrent Mark 1020.154ms
[4461.115s][info][gc,marking     ] GC(1282) Concurrent Rebuild Remembered Sets and Scrub Regions
[4461.385s][info][gc,marking     ] GC(1282) Concurrent Rebuild Remembered Sets and Scrub Regions 270.356ms
[4461.387s][info][gc,start       ] GC(1282) Pause Cleanup
[4461.387s][info][gc             ] GC(1282) Pause Cleanup 2824M->2824M(4096M) 0.129ms
[4461.387s][info][gc,cpu         ] GC(1282) User=0.00s Sys=0.00s Real=0.00s
[4461.387s][info][gc,marking     ] GC(1282) Concurrent Clear Claimed Marks
[4461.387s][info][gc,marking     ] GC(1282) Concurrent Clear Claimed Marks 0.023ms
[4461.387s][info][gc,marking     ] GC(1282) Concurrent Cleanup for Next Mark
[4461.394s][info][gc,marking     ] GC(1282) Concurrent Cleanup for Next Mark 7.582ms
[4461.395s][info][gc             ] GC(1282) Concurrent Mark Cycle 1513.689ms
.[4462.260s][info][gc,start       ] GC(1283) Pause Young (Prepare Mixed) (G1 Evacuation Pause)
[4462.260s][info][gc,task        ] GC(1283) Using 6 workers of 6 for evacuation
[4462.377s][info][gc,phases      ] GC(1283)   Pre Evacuate Collection Set: 0.38ms
[4462.378s][info][gc,phases      ] GC(1283)   Merge Heap Roots: 0.55ms
[4462.378s][info][gc,phases      ] GC(1283)   Evacuate Collection Set: 115.12ms
[4462.378s][info][gc,phases      ] GC(1283)   Post Evacuate Collection Set: 0.95ms
[4462.378s][info][gc,phases      ] GC(1283)   Other: 0.09ms
[4462.378s][info][gc,heap        ] GC(1283) Eden regions: 1118->0(1114)
[4462.378s][info][gc,heap        ] GC(1283) Survivor regions: 110->108(154)
[4462.378s][info][gc,heap        ] GC(1283) Old regions: 502->535
[4462.378s][info][gc,heap        ] GC(1283) Humongous regions: 80->80
[4462.378s][info][gc,metaspace   ] GC(1283) Metaspace: 28921K(29312K)->28921K(29312K) NonClass: 24052K(24256K)->24052K(24256K) Class: 4868K(5056K)->4868K(5056K)
[4462.378s][info][gc             ] GC(1283) Pause Young (Prepare Mixed) (G1 Evacuation Pause) 3618M->1443M(4096M) 117.218ms
[4462.378s][info][gc,cpu         ] GC(1283) User=0.69s Sys=0.00s Real=0.12s
...[4464.589s][info][gc,start       ] GC(1284) Pause Young (Mixed) (G1 Evacuation Pause)
[4464.590s][info][gc,task        ] GC(1284) Using 6 workers of 6 for evacuation
[4464.727s][info][gc,phases      ] GC(1284)   Pre Evacuate Collection Set: 0.33ms
[4464.727s][info][gc,phases      ] GC(1284)   Merge Heap Roots: 0.70ms
[4464.727s][info][gc,phases      ] GC(1284)   Evacuate Collection Set: 135.71ms
[4464.727s][info][gc,phases      ] GC(1284)   Post Evacuate Collection Set: 1.02ms
[4464.727s][info][gc,phases      ] GC(1284)   Other: 0.09ms
[4464.727s][info][gc,heap        ] GC(1284) Eden regions: 1114->0(1114)
[4464.727s][info][gc,heap        ] GC(1284) Survivor regions: 108->114(153)
[4464.727s][info][gc,heap        ] GC(1284) Old regions: 535->474
[4464.727s][info][gc,heap        ] GC(1284) Humongous regions: 80->80
[4464.727s][info][gc,metaspace   ] GC(1284) Metaspace: 28921K(29312K)->28921K(29312K) NonClass: 24052K(24256K)->24052K(24256K) Class: 4868K(5056K)->4868K(5056K)
[4464.727s][info][gc             ] GC(1284) Pause Young (Mixed) (G1 Evacuation Pause) 3671M->1333M(4096M) 137.986ms
[4464.727s][info][gc,cpu         ] GC(1284) User=0.82s Sys=0.00s Real=0.14s
. (rIR:aIR:PR = 7887:7897:7896) (tPR = 116951) [OK] 
  4465s: Performance info:
         Transaction,    Success,    Partial,     Failed,   Receipts, AvgBarcode, 
             Overall,     474354,          0,          0,     450926,      59.48, 
         Response times:
             Request,    Success,    Partial,     Failed,   SkipFail,     Probes,    Samples,      min,      p50,      p90,      p95,      p99,      max, 
       TotalPurchase,     450730,          0,          0,          0,     354211,     509480,      300,     7000,    97000,   130000,   197000,   416000,
     InStorePurchase,     237691,          0,          0,          0,     186463,     267860,      300,     7100,    98000,   131000,   203000,   416000,
      OnlinePurchase,     165615,          0,          0,          0,     130246,     187266,      300,     6900,    97000,   130000,   191000,   379000,
        InstPurchase,      47424,          0,          0,          0,      37502,      54354,      400,     6900,    97000,   130000,   196000,   372000,
          AssocOfCat,        474,          0,          0,          0,        398,        721,    27000,    52000,   185000,   213900,   279120,   345000,
      AssocOfProduct,       4744,          0,          0,          0,       4400,       6586,      700,     5900,    90000,   123000,   207000,   306000,
      BusinessReport,       1195,          0,          0,          0,       1008,       1599,    27000,    54000,   167000,   198000,   300000,   356000,
          CustBuyBeh,       4739,          0,          0,          0,       4447,       6673,      200,     4800,    86000,   121300,   196000,   325000,
       ProductReturn,      12526,          0,          0,          0,       9564,      14131,      200,     6600,    93000,   127000,   204680,   355000,

  4465s: (58%)   IR =   8025 .[4466.907s][info][gc,start       ] GC(1285) Pause Young (Concurrent Start) (G1 Evacuation Pause)
[4466.907s][info][gc,task        ] GC(1285) Using 6 workers of 6 for evacuation
[4467.032s][info][gc,phases      ] GC(1285)   Pre Evacuate Collection Set: 0.33ms
[4467.033s][info][gc,phases      ] GC(1285)   Merge Heap Roots: 0.44ms
[4467.033s][info][gc,phases      ] GC(1285)   Evacuate Collection Set: 123.61ms
[4467.033s][info][gc,phases      ] GC(1285)   Post Evacuate Collection Set: 0.87ms
[4467.033s][info][gc,phases      ] GC(1285)   Other: 0.10ms
[4467.033s][info][gc,heap        ] GC(1285) Eden regions: 1114->0(1112)
[4467.033s][info][gc,heap        ] GC(1285) Survivor regions: 114->116(154)
[4467.033s][info][gc,heap        ] GC(1285) Old regions: 474->506
[4467.033s][info][gc,heap        ] GC(1285) Humongous regions: 80->80
[4467.033s][info][gc,metaspace   ] GC(1285) Metaspace: 28921K(29312K)->28921K(29312K) NonClass: 24052K(24256K)->24052K(24256K) Class: 4868K(5056K)->4868K(5056K)
[4467.033s][info][gc             ] GC(1285) Pause Young (Concurrent Start) (G1 Evacuation Pause) 3561M->1403M(4096M) 125.477ms
[4467.033s][info][gc             ] GC(1286) Concurrent Mark Cycle
[4467.033s][info][gc,marking     ] GC(1286) Concurrent Scan Root Regions
[4467.033s][info][gc,cpu         ] GC(1285) User=0.75s Sys=0.00s Real=0.13s
[4467.219s][info][gc,marking     ] GC(1286) Concurrent Scan Root Regions 186.637ms
[4467.219s][info][gc,marking     ] GC(1286) Concurrent Mark
[4467.219s][info][gc,marking     ] GC(1286) Concurrent Mark From Roots
[4467.219s][info][gc,task        ] GC(1286) Using 2 workers of 2 for marking
.[4468.200s][info][gc,marking     ] GC(1286) Concurrent Mark From Roots 980.993ms
[4468.200s][info][gc,marking     ] GC(1286) Concurrent Preclean
[4468.200s][info][gc,marking     ] GC(1286) Concurrent Preclean 0.133ms
[4468.204s][info][gc,start       ] GC(1286) Pause Remark
[4468.210s][info][gc             ] GC(1286) Pause Remark 2457M->2457M(4096M) 5.943ms
[4468.210s][info][gc,cpu         ] GC(1286) User=0.03s Sys=0.00s Real=0.00s
[4468.210s][info][gc,marking     ] GC(1286) Concurrent Mark 990.747ms
[4468.210s][info][gc,marking     ] GC(1286) Concurrent Rebuild Remembered Sets and Scrub Regions
[4468.589s][info][gc,marking     ] GC(1286) Concurrent Rebuild Remembered Sets and Scrub Regions 378.672ms
[4468.589s][info][gc,start       ] GC(1286) Pause Cleanup
[4468.589s][info][gc             ] GC(1286) Pause Cleanup 2858M->2858M(4096M) 0.106ms
[4468.589s][info][gc,cpu         ] GC(1286) User=0.00s Sys=0.00s Real=0.00s
[4468.589s][info][gc,marking     ] GC(1286) Concurrent Clear Claimed Marks
[4468.589s][info][gc,marking     ] GC(1286) Concurrent Clear Claimed Marks 0.022ms
[4468.589s][info][gc,marking     ] GC(1286) Concurrent Cleanup for Next Mark
[4468.624s][info][gc,marking     ] GC(1286) Concurrent Cleanup for Next Mark 34.935ms
[4468.624s][info][gc             ] GC(1286) Concurrent Mark Cycle 1591.567ms
.[4469.246s][info][gc,start       ] GC(1287) Pause Young (Prepare Mixed) (G1 Evacuation Pause)
[4469.246s][info][gc,task        ] GC(1287) Using 6 workers of 6 for evacuation
[4469.361s][info][gc,phases      ] GC(1287)   Pre Evacuate Collection Set: 0.32ms
[4469.361s][info][gc,phases      ] GC(1287)   Merge Heap Roots: 0.51ms
[4469.361s][info][gc,phases      ] GC(1287)   Evacuate Collection Set: 112.96ms
[4469.361s][info][gc,phases      ] GC(1287)   Post Evacuate Collection Set: 0.91ms
[4469.361s][info][gc,phases      ] GC(1287)   Other: 0.09ms
[4469.361s][info][gc,heap        ] GC(1287) Eden regions: 1112->0(1110)
[4469.361s][info][gc,heap        ] GC(1287) Survivor regions: 116->108(154)
[4469.361s][info][gc,heap        ] GC(1287) Old regions: 506->539
[4469.361s][info][gc,heap        ] GC(1287) Humongous regions: 80->80
[4469.361s][info][gc,metaspace   ] GC(1287) Metaspace: 28921K(29312K)->28921K(29312K) NonClass: 24052K(24256K)->24052K(24256K) Class: 4868K(5056K)->4868K(5056K)
[4469.361s][info][gc             ] GC(1287) Pause Young (Prepare Mixed) (G1 Evacuation Pause) 3627M->1452M(4096M) 114.926ms
[4469.361s][info][gc,cpu         ] GC(1287) User=0.69s Sys=0.00s Real=0.11s
..[4471.477s][info][gc,start       ] GC(1288) Pause Young (Mixed) (G1 Evacuation Pause)
[4471.477s][info][gc,task        ] GC(1288) Using 6 workers of 6 for evacuation
[4471.609s][info][gc,phases      ] GC(1288)   Pre Evacuate Collection Set: 0.34ms
[4471.609s][info][gc,phases      ] GC(1288)   Merge Heap Roots: 0.65ms
[4471.609s][info][gc,phases      ] GC(1288)   Evacuate Collection Set: 130.33ms
[4471.609s][info][gc,phases      ] GC(1288)   Post Evacuate Collection Set: 0.96ms
[4471.609s][info][gc,phases      ] GC(1288)   Other: 0.09ms
[4471.609s][info][gc,heap        ] GC(1288) Eden regions: 1110->0(1118)
[4471.609s][info][gc,heap        ] GC(1288) Survivor regions: 108->110(153)
[4471.609s][info][gc,heap        ] GC(1288) Old regions: 539->474
[4471.609s][info][gc,heap        ] GC(1288) Humongous regions: 80->80
[4471.609s][info][gc,metaspace   ] GC(1288) Metaspace: 28921K(29312K)->28921K(29312K) NonClass: 24052K(24256K)->24052K(24256K) Class: 4868K(5056K)->4868K(5056K)
[4471.609s][info][gc             ] GC(1288) Pause Young (Mixed) (G1 Evacuation Pause) 3672M->1325M(4096M) 132.501ms
[4471.609s][info][gc,cpu         ] GC(1288) User=0.79s Sys=0.00s Real=0.13s
...[4473.811s][info][gc,start       ] GC(1289) Pause Young (Concurrent Start) (G1 Evacuation Pause)
[4473.811s][info][gc,task        ] GC(1289) Using 6 workers of 6 for evacuation
[4473.931s][info][gc,phases      ] GC(1289)   Pre Evacuate Collection Set: 0.34ms
[4473.931s][info][gc,phases      ] GC(1289)   Merge Heap Roots: 0.45ms
[4473.931s][info][gc,phases      ] GC(1289)   Evacuate Collection Set: 117.86ms
[4473.931s][info][gc,phases      ] GC(1289)   Post Evacuate Collection Set: 0.87ms
[4473.931s][info][gc,phases      ] GC(1289)   Other: 0.10ms
[4473.931s][info][gc,heap        ] GC(1289) Eden regions: 1118->0(1116)
[4473.931s][info][gc,heap        ] GC(1289) Survivor regions: 110->112(154)
[4473.931s][info][gc,heap        ] GC(1289) Old regions: 474->505
[4473.931s][info][gc,heap        ] GC(1289) Humongous regions: 80->80
[4473.931s][info][gc,metaspace   ] GC(1289) Metaspace: 28921K(29312K)->28921K(29312K) NonClass: 24052K(24256K)->24052K(24256K) Class: 4868K(5056K)->4868K(5056K)
[4473.931s][info][gc             ] GC(1289) Pause Young (Concurrent Start) (G1 Evacuation Pause) 3561M->1392M(4096M) 119.757ms
[4473.931s][info][gc             ] GC(1290) Concurrent Mark Cycle
[4473.931s][info][gc,marking     ] GC(1290) Concurrent Scan Root Regions
[4473.931s][info][gc,cpu         ] GC(1289) User=0.71s Sys=0.00s Real=0.12s
[4474.115s][info][gc,marking     ] GC(1290) Concurrent Scan Root Regions 184.391ms
[4474.115s][info][gc,marking     ] GC(1290) Concurrent Mark
[4474.115s][info][gc,marking     ] GC(1290) Concurrent Mark From Roots
[4474.115s][info][gc,task        ] GC(1290) Using 2 workers of 2 for marking
.[4475.147s][info][gc,marking     ] GC(1290) Concurrent Mark From Roots 1031.514ms
[4475.147s][info][gc,marking     ] GC(1290) Concurrent Preclean
[4475.147s][info][gc,marking     ] GC(1290) Concurrent Preclean 0.097ms
[4475.149s][info][gc,start       ] GC(1290) Pause Remark
[4475.153s][info][gc             ] GC(1290) Pause Remark 2468M->2468M(4096M) 4.479ms
[4475.153s][info][gc,cpu         ] GC(1290) User=0.02s Sys=0.00s Real=0.01s
[4475.154s][info][gc,marking     ] GC(1290) Concurrent Mark 1038.366ms
[4475.154s][info][gc,marking     ] GC(1290) Concurrent Rebuild Remembered Sets and Scrub Regions
[4475.528s][info][gc,marking     ] GC(1290) Concurrent Rebuild Remembered Sets and Scrub Regions 374.357ms
[4475.531s][info][gc,start       ] GC(1290) Pause Cleanup
[4475.531s][info][gc             ] GC(1290) Pause Cleanup 2928M->2928M(4096M) 0.134ms
[4475.531s][info][gc,cpu         ] GC(1290) User=0.00s Sys=0.00s Real=0.00s
[4475.531s][info][gc,marking     ] GC(1290) Concurrent Clear Claimed Marks
[4475.531s][info][gc,marking     ] GC(1290) Concurrent Clear Claimed Marks 0.024ms
[4475.531s][info][gc,marking     ] GC(1290) Concurrent Cleanup for Next Mark
[4475.536s][info][gc,marking     ] GC(1290) Concurrent Cleanup for Next Mark 5.078ms
[4475.536s][info][gc             ] GC(1290) Concurrent Mark Cycle 1605.191ms
.[4476.097s][info][gc,start       ] GC(1291) Pause Young (Prepare Mixed) (G1 Evacuation Pause)
[4476.097s][info][gc,task        ] GC(1291) Using 6 workers of 6 for evacuation
[4476.219s][info][gc,phases      ] GC(1291)   Pre Evacuate Collection Set: 0.30ms
[4476.219s][info][gc,phases      ] GC(1291)   Merge Heap Roots: 0.50ms
[4476.219s][info][gc,phases      ] GC(1291)   Evacuate Collection Set: 119.59ms
[4476.219s][info][gc,phases      ] GC(1291)   Post Evacuate Collection Set: 0.92ms
[4476.219s][info][gc,phases      ] GC(1291)   Other: 0.08ms
[4476.219s][info][gc,heap        ] GC(1291) Eden regions: 1116->0(1107)
[4476.219s][info][gc,heap        ] GC(1291) Survivor regions: 112->110(154)
[4476.219s][info][gc,heap        ] GC(1291) Old regions: 505->538
[4476.219s][info][gc,heap        ] GC(1291) Humongous regions: 80->80
[4476.219s][info][gc,metaspace   ] GC(1291) Metaspace: 28921K(29312K)->28921K(29312K) NonClass: 24052K(24256K)->24052K(24256K) Class: 4868K(5056K)->4868K(5056K)
[4476.219s][info][gc             ] GC(1291) Pause Young (Prepare Mixed) (G1 Evacuation Pause) 3624M->1454M(4096M) 121.523ms
[4476.219s][info][gc,cpu         ] GC(1291) User=0.73s Sys=0.00s Real=0.12s
..[4478.366s][info][gc,start       ] GC(1292) Pause Young (Mixed) (G1 Evacuation Pause)
[4478.366s][info][gc,task        ] GC(1292) Using 6 workers of 6 for evacuation
[4478.505s][info][gc,phases      ] GC(1292)   Pre Evacuate Collection Set: 0.41ms
[4478.505s][info][gc,phases      ] GC(1292)   Merge Heap Roots: 0.74ms
[4478.505s][info][gc,phases      ] GC(1292)   Evacuate Collection Set: 136.70ms
[4478.505s][info][gc,phases      ] GC(1292)   Post Evacuate Collection Set: 0.90ms
[4478.505s][info][gc,phases      ] GC(1292)   Other: 0.09ms
[4478.505s][info][gc,heap        ] GC(1292) Eden regions: 1107->0(1118)
[4478.505s][info][gc,heap        ] GC(1292) Survivor regions: 110->110(153)
[4478.505s][info][gc,heap        ] GC(1292) Old regions: 538->475
[4478.505s][info][gc,heap        ] GC(1292) Humongous regions: 80->80
[4478.505s][info][gc,metaspace   ] GC(1292) Metaspace: 28921K(29312K)->28921K(29312K) NonClass: 24052K(24256K)->24052K(24256K) Class: 4868K(5056K)->4868K(5056K)
[4478.505s][info][gc             ] GC(1292) Pause Young (Mixed) (G1 Evacuation Pause) 3668M->1328M(4096M) 138.969ms
[4478.505s][info][gc,cpu         ] GC(1292) User=0.83s Sys=0.00s Real=0.14s
...[4480.787s][info][gc,start       ] GC(1293) Pause Young (Concurrent Start) (G1 Evacuation Pause)
[4480.787s][info][gc,task        ] GC(1293) Using 6 workers of 6 for evacuation
[4480.904s][info][gc,phases      ] GC(1293)   Pre Evacuate Collection Set: 0.36ms
[4480.904s][info][gc,phases      ] GC(1293)   Merge Heap Roots: 0.44ms
[4480.904s][info][gc,phases      ] GC(1293)   Evacuate Collection Set: 114.94ms
[4480.904s][info][gc,phases      ] GC(1293)   Post Evacuate Collection Set: 0.87ms
[4480.904s][info][gc,phases      ] GC(1293)   Other: 0.13ms
[4480.904s][info][gc,heap        ] GC(1293) Eden regions: 1118->0(1116)
[4480.904s][info][gc,heap        ] GC(1293) Survivor regions: 110->112(154)
[4480.904s][info][gc,heap        ] GC(1293) Old regions: 475->506
[4480.904s][info][gc,heap        ] GC(1293) Humongous regions: 80->80
[4480.904s][info][gc,metaspace   ] GC(1293) Metaspace: 28921K(29312K)->28921K(29312K) NonClass: 24052K(24256K)->24052K(24256K) Class: 4868K(5056K)->4868K(5056K)
[4480.904s][info][gc             ] GC(1293) Pause Young (Concurrent Start) (G1 Evacuation Pause) 3564M->1393M(4096M) 116.877ms
[4480.904s][info][gc             ] GC(1294) Concurrent Mark Cycle
[4480.904s][info][gc,marking     ] GC(1294) Concurrent Scan Root Regions
[4480.904s][info][gc,cpu         ] GC(1293) User=0.69s Sys=0.00s Real=0.12s
[4481.089s][info][gc,marking     ] GC(1294) Concurrent Scan Root Regions 184.718ms
[4481.089s][info][gc,marking     ] GC(1294) Concurrent Mark
[4481.089s][info][gc,marking     ] GC(1294) Concurrent Mark From Roots
[4481.089s][info][gc,task        ] GC(1294) Using 2 workers of 2 for marking
.[4482.149s][info][gc,marking     ] GC(1294) Concurrent Mark From Roots 1059.887ms
[4482.149s][info][gc,marking     ] GC(1294) Concurrent Preclean
[4482.149s][info][gc,marking     ] GC(1294) Concurrent Preclean 0.114ms
[4482.150s][info][gc,start       ] GC(1294) Pause Remark
[4482.154s][info][gc             ] GC(1294) Pause Remark 2583M->2583M(4096M) 4.217ms
[4482.154s][info][gc,cpu         ] GC(1294) User=0.03s Sys=0.00s Real=0.01s
[4482.154s][info][gc,marking     ] GC(1294) Concurrent Mark 1065.389ms
[4482.154s][info][gc,marking     ] GC(1294) Concurrent Rebuild Remembered Sets and Scrub Regions
[4482.517s][info][gc,marking     ] GC(1294) Concurrent Rebuild Remembered Sets and Scrub Regions 362.921ms
[4482.517s][info][gc,start       ] GC(1294) Pause Cleanup
[4482.518s][info][gc             ] GC(1294) Pause Cleanup 2963M->2963M(4096M) 0.115ms
[4482.518s][info][gc,cpu         ] GC(1294) User=0.00s Sys=0.00s Real=0.00s
[4482.518s][info][gc,marking     ] GC(1294) Concurrent Clear Claimed Marks
[4482.518s][info][gc,marking     ] GC(1294) Concurrent Clear Claimed Marks 0.024ms
[4482.518s][info][gc,marking     ] GC(1294) Concurrent Cleanup for Next Mark
[4482.523s][info][gc,marking     ] GC(1294) Concurrent Cleanup for Next Mark 5.572ms
[4482.523s][info][gc             ] GC(1294) Concurrent Mark Cycle 1619.370ms
.[4483.132s][info][gc,start       ] GC(1295) Pause Young (Prepare Mixed) (G1 Evacuation Pause)
[4483.132s][info][gc,task        ] GC(1295) Using 6 workers of 6 for evacuation
[4483.251s][info][gc,phases      ] GC(1295)   Pre Evacuate Collection Set: 0.30ms
[4483.251s][info][gc,phases      ] GC(1295)   Merge Heap Roots: 0.49ms
[4483.251s][info][gc,phases      ] GC(1295)   Evacuate Collection Set: 117.20ms
[4483.251s][info][gc,phases      ] GC(1295)   Post Evacuate Collection Set: 0.90ms
[4483.251s][info][gc,phases      ] GC(1295)   Other: 0.08ms
[4483.251s][info][gc,heap        ] GC(1295) Eden regions: 1116->0(1105)
[4483.251s][info][gc,heap        ] GC(1295) Survivor regions: 112->111(154)
[4483.251s][info][gc,heap        ] GC(1295) Old regions: 506->538
[4483.251s][info][gc,heap        ] GC(1295) Humongous regions: 80->80
[4483.251s][info][gc,metaspace   ] GC(1295) Metaspace: 28921K(29312K)->28921K(29312K) NonClass: 24052K(24256K)->24052K(24256K) Class: 4868K(5056K)->4868K(5056K)
[4483.251s][info][gc             ] GC(1295) Pause Young (Prepare Mixed) (G1 Evacuation Pause) 3625M->1457M(4096M) 119.104ms
[4483.251s][info][gc,cpu         ] GC(1295) User=0.71s Sys=0.00s Real=0.11s
..[4485.416s][info][gc,start       ] GC(1296) Pause Young (Mixed) (G1 Evacuation Pause)
[4485.416s][info][gc,task        ] GC(1296) Using 6 workers of 6 for evacuation
[4485.548s][info][gc,phases      ] GC(1296)   Pre Evacuate Collection Set: 0.38ms
[4485.548s][info][gc,phases      ] GC(1296)   Merge Heap Roots: 0.66ms
[4485.548s][info][gc,phases      ] GC(1296)   Evacuate Collection Set: 130.13ms
[4485.548s][info][gc,phases      ] GC(1296)   Post Evacuate Collection Set: 0.92ms
[4485.548s][info][gc,phases      ] GC(1296)   Other: 0.09ms
[4485.548s][info][gc,heap        ] GC(1296) Eden regions: 1105->0(1120)
[4485.548s][info][gc,heap        ] GC(1296) Survivor regions: 111->108(152)
[4485.548s][info][gc,heap        ] GC(1296) Old regions: 538->474
[4485.548s][info][gc,heap        ] GC(1296) Humongous regions: 80->80
[4485.548s][info][gc,metaspace   ] GC(1296) Metaspace: 28921K(29312K)->28921K(29312K) NonClass: 24052K(24256K)->24052K(24256K) Class: 4868K(5056K)->4868K(5056K)
[4485.548s][info][gc             ] GC(1296) Pause Young (Mixed) (G1 Evacuation Pause) 3667M->1322M(4096M) 132.323ms
[4485.549s][info][gc,cpu         ] GC(1296) User=0.79s Sys=0.00s Real=0.13s
..[4487.814s][info][gc,start       ] GC(1297) Pause Young (Concurrent Start) (G1 Evacuation Pause)
[4487.814s][info][gc,task        ] GC(1297) Using 6 workers of 6 for evacuation
[4487.932s][info][gc,phases      ] GC(1297)   Pre Evacuate Collection Set: 0.38ms
[4487.932s][info][gc,phases      ] GC(1297)   Merge Heap Roots: 0.47ms
[4487.932s][info][gc,phases      ] GC(1297)   Evacuate Collection Set: 116.12ms
[4487.932s][info][gc,phases      ] GC(1297)   Post Evacuate Collection Set: 0.88ms
[4487.932s][info][gc,phases      ] GC(1297)   Other: 0.09ms
[4487.932s][info][gc,heap        ] GC(1297) Eden regions: 1120->0(1116)
[4487.932s][info][gc,heap        ] GC(1297) Survivor regions: 108->112(154)
[4487.932s][info][gc,heap        ] GC(1297) Old regions: 474->505
[4487.932s][info][gc,heap        ] GC(1297) Humongous regions: 80->80
[4487.932s][info][gc,metaspace   ] GC(1297) Metaspace: 28921K(29312K)->28921K(29312K) NonClass: 24052K(24256K)->24052K(24256K) Class: 4868K(5056K)->4868K(5056K)
[4487.932s][info][gc             ] GC(1297) Pause Young (Concurrent Start) (G1 Evacuation Pause) 3562M->1392M(4096M) 118.075ms
[4487.932s][info][gc             ] GC(1298) Concurrent Mark Cycle
[4487.932s][info][gc,marking     ] GC(1298) Concurrent Scan Root Regions
[4487.932s][info][gc,cpu         ] GC(1297) User=0.70s Sys=0.00s Real=0.12s
.[4488.116s][info][gc,marking     ] GC(1298) Concurrent Scan Root Regions 184.227ms
[4488.116s][info][gc,marking     ] GC(1298) Concurrent Mark
[4488.116s][info][gc,marking     ] GC(1298) Concurrent Mark From Roots
[4488.116s][info][gc,task        ] GC(1298) Using 2 workers of 2 for marking
.|[4489.125s][info][gc,marking     ] GC(1298) Concurrent Mark From Roots 1008.523ms
[4489.125s][info][gc,marking     ] GC(1298) Concurrent Preclean
[4489.125s][info][gc,marking     ] GC(1298) Concurrent Preclean 0.097ms
[4489.126s][info][gc,start       ] GC(1298) Pause Remark
[4489.134s][info][gc             ] GC(1298) Pause Remark 2482M->2482M(4096M) 7.863ms
[4489.134s][info][gc,cpu         ] GC(1298) User=0.04s Sys=0.00s Real=0.01s
[4489.135s][info][gc,marking     ] GC(1298) Concurrent Mark 1018.136ms
[4489.135s][info][gc,marking     ] GC(1298) Concurrent Rebuild Remembered Sets and Scrub Regions
[4489.411s][info][gc,marking     ] GC(1298) Concurrent Rebuild Remembered Sets and Scrub Regions 276.027ms
[4489.411s][info][gc,start       ] GC(1298) Pause Cleanup
[4489.411s][info][gc             ] GC(1298) Pause Cleanup 2758M->2758M(4096M) 0.122ms
[4489.411s][info][gc,cpu         ] GC(1298) User=0.00s Sys=0.00s Real=0.00s
[4489.411s][info][gc,marking     ] GC(1298) Concurrent Clear Claimed Marks
[4489.411s][info][gc,marking     ] GC(1298) Concurrent Clear Claimed Marks 0.021ms
[4489.411s][info][gc,marking     ] GC(1298) Concurrent Cleanup for Next Mark
[4489.418s][info][gc,marking     ] GC(1298) Concurrent Cleanup for Next Mark 7.147ms
[4489.418s][info][gc             ] GC(1298) Concurrent Mark Cycle 1486.143ms
[4490.057s][info][gc,start       ] GC(1299) Pause Young (Prepare Mixed) (G1 Evacuation Pause)
[4490.057s][info][gc,task        ] GC(1299) Using 6 workers of 6 for evacuation
[4490.172s][info][gc,phases      ] GC(1299)   Pre Evacuate Collection Set: 0.36ms
[4490.172s][info][gc,phases      ] GC(1299)   Merge Heap Roots: 0.53ms
[4490.172s][info][gc,phases      ] GC(1299)   Evacuate Collection Set: 112.64ms
[4490.172s][info][gc,phases      ] GC(1299)   Post Evacuate Collection Set: 0.96ms
[4490.172s][info][gc,phases      ] GC(1299)   Other: 0.09ms
[4490.172s][info][gc,heap        ] GC(1299) Eden regions: 1116->0(1112)
[4490.172s][info][gc,heap        ] GC(1299) Survivor regions: 112->108(154)
[4490.172s][info][gc,heap        ] GC(1299) Old regions: 505->537
[4490.172s][info][gc,heap        ] GC(1299) Humongous regions: 80->80
[4490.172s][info][gc,metaspace   ] GC(1299) Metaspace: 28921K(29312K)->28921K(29312K) NonClass: 24052K(24256K)->24052K(24256K) Class: 4868K(5056K)->4868K(5056K)
[4490.172s][info][gc             ] GC(1299) Pause Young (Prepare Mixed) (G1 Evacuation Pause) 3624M->1447M(4096M) 114.719ms
[4490.172s][info][gc,cpu         ] GC(1299) User=0.68s Sys=0.00s Real=0.12s
...[4492.427s][info][gc,start       ] GC(1300) Pause Young (Mixed) (G1 Evacuation Pause)
[4492.427s][info][gc,task        ] GC(1300) Using 6 workers of 6 for evacuation
[4492.565s][info][gc,phases      ] GC(1300)   Pre Evacuate Collection Set: 0.37ms
[4492.565s][info][gc,phases      ] GC(1300)   Merge Heap Roots: 0.71ms
[4492.565s][info][gc,phases      ] GC(1300)   Evacuate Collection Set: 136.07ms
[4492.565s][info][gc,phases      ] GC(1300)   Post Evacuate Collection Set: 0.96ms
[4492.565s][info][gc,phases      ] GC(1300)   Other: 0.09ms
[4492.565s][info][gc,heap        ] GC(1300) Eden regions: 1112->0(1117)
[4492.565s][info][gc,heap        ] GC(1300) Survivor regions: 108->111(153)
[4492.565s][info][gc,heap        ] GC(1300) Old regions: 537->475
[4492.565s][info][gc,heap        ] GC(1300) Humongous regions: 80->80
[4492.565s][info][gc,metaspace   ] GC(1300) Metaspace: 28921K(29312K)->28921K(29312K) NonClass: 24052K(24256K)->24052K(24256K) Class: 4868K(5056K)->4868K(5056K)
[4492.565s][info][gc             ] GC(1300) Pause Young (Mixed) (G1 Evacuation Pause) 3671M->1329M(4096M) 138.326ms
[4492.565s][info][gc,cpu         ] GC(1300) User=0.82s Sys=0.00s Real=0.14s
..[4494.811s][info][gc,start       ] GC(1301) Pause Young (Concurrent Start) (G1 Evacuation Pause)
[4494.811s][info][gc,task        ] GC(1301) Using 6 workers of 6 for evacuation
[4494.930s][info][gc,phases      ] GC(1301)   Pre Evacuate Collection Set: 0.40ms
[4494.930s][info][gc,phases      ] GC(1301)   Merge Heap Roots: 0.45ms
[4494.930s][info][gc,phases      ] GC(1301)   Evacuate Collection Set: 116.88ms
[4494.930s][info][gc,phases      ] GC(1301)   Post Evacuate Collection Set: 0.86ms
[4494.930s][info][gc,phases      ] GC(1301)   Other: 0.12ms
[4494.930s][info][gc,heap        ] GC(1301) Eden regions: 1117->0(1114)
[4494.930s][info][gc,heap        ] GC(1301) Survivor regions: 111->114(154)
[4494.930s][info][gc,heap        ] GC(1301) Old regions: 475->506
[4494.930s][info][gc,heap        ] GC(1301) Humongous regions: 80->80
[4494.930s][info][gc,metaspace   ] GC(1301) Metaspace: 28921K(29312K)->28921K(29312K) NonClass: 24052K(24256K)->24052K(24256K) Class: 4868K(5056K)->4868K(5056K)
[4494.930s][info][gc             ] GC(1301) Pause Young (Concurrent Start) (G1 Evacuation Pause) 3563M->1397M(4096M) 118.828ms
[4494.930s][info][gc             ] GC(1302) Concurrent Mark Cycle
[4494.930s][info][gc,marking     ] GC(1302) Concurrent Scan Root Regions
[4494.930s][info][gc,cpu         ] GC(1301) User=0.71s Sys=0.00s Real=0.12s
[4495.133s][info][gc,marking     ] GC(1302) Concurrent Scan Root Regions 202.501ms
[4495.133s][info][gc,marking     ] GC(1302) Concurrent Mark
[4495.133s][info][gc,marking     ] GC(1302) Concurrent Mark From Roots
[4495.133s][info][gc,task        ] GC(1302) Using 2 workers of 2 for marking
.[4496.204s][info][gc,marking     ] GC(1302) Concurrent Mark From Roots 1071.158ms
[4496.204s][info][gc,marking     ] GC(1302) Concurrent Preclean
[4496.204s][info][gc,marking     ] GC(1302) Concurrent Preclean 0.098ms
[4496.205s][info][gc,start       ] GC(1302) Pause Remark
[4496.211s][info][gc             ] GC(1302) Pause Remark 2597M->2597M(4096M) 5.493ms
[4496.211s][info][gc,cpu         ] GC(1302) User=0.03s Sys=0.00s Real=0.00s
[4496.213s][info][gc,marking     ] GC(1302) Concurrent Mark 1080.058ms
[4496.213s][info][gc,marking     ] GC(1302) Concurrent Rebuild Remembered Sets and Scrub Regions
[4496.482s][info][gc,marking     ] GC(1302) Concurrent Rebuild Remembered Sets and Scrub Regions 268.902ms
[4496.483s][info][gc,start       ] GC(1302) Pause Cleanup
[4496.483s][info][gc             ] GC(1302) Pause Cleanup 2869M->2869M(4096M) 0.126ms
[4496.483s][info][gc,cpu         ] GC(1302) User=0.00s Sys=0.00s Real=0.00s
[4496.483s][info][gc,marking     ] GC(1302) Concurrent Clear Claimed Marks
[4496.483s][info][gc,marking     ] GC(1302) Concurrent Clear Claimed Marks 0.032ms
[4496.483s][info][gc,marking     ] GC(1302) Concurrent Cleanup for Next Mark
[4496.490s][info][gc,marking     ] GC(1302) Concurrent Cleanup for Next Mark 7.468ms
[4496.490s][info][gc             ] GC(1302) Concurrent Mark Cycle 1560.445ms
.[4497.138s][info][gc,start       ] GC(1303) Pause Young (Prepare Mixed) (G1 Evacuation Pause)
[4497.138s][info][gc,task        ] GC(1303) Using 6 workers of 6 for evacuation
[4497.254s][info][gc,phases      ] GC(1303)   Pre Evacuate Collection Set: 0.35ms
[4497.255s][info][gc,phases      ] GC(1303)   Merge Heap Roots: 0.49ms
[4497.255s][info][gc,phases      ] GC(1303)   Evacuate Collection Set: 114.67ms
[4497.255s][info][gc,phases      ] GC(1303)   Post Evacuate Collection Set: 0.90ms
[4497.255s][info][gc,phases      ] GC(1303)   Other: 0.09ms
[4497.255s][info][gc,heap        ] GC(1303) Eden regions: 1114->0(1109)
[4497.255s][info][gc,heap        ] GC(1303) Survivor regions: 114->109(154)
[4497.255s][info][gc,heap        ] GC(1303) Old regions: 506->538
[4497.255s][info][gc,heap        ] GC(1303) Humongous regions: 80->80
[4497.255s][info][gc,metaspace   ] GC(1303) Metaspace: 28921K(29312K)->28921K(29312K) NonClass: 24052K(24256K)->24052K(24256K) Class: 4868K(5056K)->4868K(5056K)
[4497.255s][info][gc             ] GC(1303) Pause Young (Prepare Mixed) (G1 Evacuation Pause) 3625M->1452M(4096M) 116.645ms
[4497.255s][info][gc,cpu         ] GC(1303) User=0.69s Sys=0.00s Real=0.12s
..[4499.479s][info][gc,start       ] GC(1304) Pause Young (Mixed) (G1 Evacuation Pause)
[4499.479s][info][gc,task        ] GC(1304) Using 6 workers of 6 for evacuation
[4499.614s][info][gc,phases      ] GC(1304)   Pre Evacuate Collection Set: 0.36ms
[4499.614s][info][gc,phases      ] GC(1304)   Merge Heap Roots: 0.61ms
[4499.614s][info][gc,phases      ] GC(1304)   Evacuate Collection Set: 132.30ms
[4499.614s][info][gc,phases      ] GC(1304)   Post Evacuate Collection Set: 0.95ms
[4499.614s][info][gc,phases      ] GC(1304)   Other: 0.09ms
[4499.614s][info][gc,heap        ] GC(1304) Eden regions: 1109->0(1116)
[4499.614s][info][gc,heap        ] GC(1304) Survivor regions: 109->112(153)
[4499.614s][info][gc,heap        ] GC(1304) Old regions: 538->475
[4499.614s][info][gc,heap        ] GC(1304) Humongous regions: 80->80
[4499.614s][info][gc,metaspace   ] GC(1304) Metaspace: 28921K(29312K)->28921K(29312K) NonClass: 24052K(24256K)->24052K(24256K) Class: 4868K(5056K)->4868K(5056K)
[4499.614s][info][gc             ] GC(1304) Pause Young (Mixed) (G1 Evacuation Pause) 3670M->1332M(4096M) 134.432ms
[4499.614s][info][gc,cpu         ] GC(1304) User=0.79s Sys=0.01s Real=0.14s
...[4501.816s][info][gc,start       ] GC(1305) Pause Young (Concurrent Start) (G1 Evacuation Pause)
[4501.816s][info][gc,task        ] GC(1305) Using 6 workers of 6 for evacuation
[4501.936s][info][gc,phases      ] GC(1305)   Pre Evacuate Collection Set: 0.33ms
[4501.936s][info][gc,phases      ] GC(1305)   Merge Heap Roots: 0.47ms
[4501.936s][info][gc,phases      ] GC(1305)   Evacuate Collection Set: 118.57ms
[4501.936s][info][gc,phases      ] GC(1305)   Post Evacuate Collection Set: 0.88ms
[4501.936s][info][gc,phases      ] GC(1305)   Other: 0.11ms
[4501.936s][info][gc,heap        ] GC(1305) Eden regions: 1116->0(1116)
[4501.936s][info][gc,heap        ] GC(1305) Survivor regions: 112->112(154)
[4501.936s][info][gc,heap        ] GC(1305) Old regions: 475->506
[4501.936s][info][gc,heap        ] GC(1305) Humongous regions: 80->80
[4501.936s][info][gc,metaspace   ] GC(1305) Metaspace: 28921K(29312K)->28921K(29312K) NonClass: 24052K(24256K)->24052K(24256K) Class: 4868K(5056K)->4868K(5056K)
[4501.936s][info][gc             ] GC(1305) Pause Young (Concurrent Start) (G1 Evacuation Pause) 3564M->1395M(4096M) 120.511ms
[4501.936s][info][gc             ] GC(1306) Concurrent Mark Cycle
[4501.936s][info][gc,marking     ] GC(1306) Concurrent Scan Root Regions
[4501.936s][info][gc,cpu         ] GC(1305) User=0.71s Sys=0.00s Real=0.12s
[4502.057s][info][gc,marking     ] GC(1306) Concurrent Scan Root Regions 120.598ms
[4502.057s][info][gc,marking     ] GC(1306) Concurrent Mark
[4502.057s][info][gc,marking     ] GC(1306) Concurrent Mark From Roots
[4502.057s][info][gc,task        ] GC(1306) Using 2 workers of 2 for marking
[4502.668s][info][gc,marking     ] GC(1306) Concurrent Mark From Roots 611.560ms
[4502.668s][info][gc,marking     ] GC(1306) Concurrent Preclean
[4502.669s][info][gc,marking     ] GC(1306) Concurrent Preclean 0.119ms
.[4502.670s][info][gc,start       ] GC(1306) Pause Remark
[4502.674s][info][gc             ] GC(1306) Pause Remark 2009M->2009M(4096M) 4.561ms
[4502.674s][info][gc,cpu         ] GC(1306) User=0.02s Sys=0.00s Real=0.01s
[4502.676s][info][gc,marking     ] GC(1306) Concurrent Mark 618.977ms
[4502.676s][info][gc,marking     ] GC(1306) Concurrent Rebuild Remembered Sets and Scrub Regions
[4503.007s][info][gc,marking     ] GC(1306) Concurrent Rebuild Remembered Sets and Scrub Regions 330.792ms
[4503.010s][info][gc,start       ] GC(1306) Pause Cleanup
[4503.010s][info][gc             ] GC(1306) Pause Cleanup 2301M->2301M(4096M) 0.134ms
[4503.010s][info][gc,cpu         ] GC(1306) User=0.00s Sys=0.00s Real=0.00s
[4503.010s][info][gc,marking     ] GC(1306) Concurrent Clear Claimed Marks
[4503.010s][info][gc,marking     ] GC(1306) Concurrent Clear Claimed Marks 0.020ms
[4503.010s][info][gc,marking     ] GC(1306) Concurrent Cleanup for Next Mark
[4503.015s][info][gc,marking     ] GC(1306) Concurrent Cleanup for Next Mark 4.697ms
[4503.015s][info][gc             ] GC(1306) Concurrent Mark Cycle 1078.567ms
.[4504.074s][info][gc,start       ] GC(1307) Pause Young (Prepare Mixed) (G1 Evacuation Pause)
[4504.074s][info][gc,task        ] GC(1307) Using 6 workers of 6 for evacuation
[4504.189s][info][gc,phases      ] GC(1307)   Pre Evacuate Collection Set: 0.35ms
[4504.189s][info][gc,phases      ] GC(1307)   Merge Heap Roots: 0.54ms
[4504.189s][info][gc,phases      ] GC(1307)   Evacuate Collection Set: 113.29ms
[4504.189s][info][gc,phases      ] GC(1307)   Post Evacuate Collection Set: 0.91ms
[4504.189s][info][gc,phases      ] GC(1307)   Other: 0.08ms
[4504.189s][info][gc,heap        ] GC(1307) Eden regions: 1116->0(1112)
[4504.189s][info][gc,heap        ] GC(1307) Survivor regions: 112->107(154)
[4504.189s][info][gc,heap        ] GC(1307) Old regions: 506->539
[4504.190s][info][gc,heap        ] GC(1307) Humongous regions: 80->80
[4504.190s][info][gc,metaspace   ] GC(1307) Metaspace: 28921K(29312K)->28921K(29312K) NonClass: 24052K(24256K)->24052K(24256K) Class: 4868K(5056K)->4868K(5056K)
[4504.190s][info][gc             ] GC(1307) Pause Young (Prepare Mixed) (G1 Evacuation Pause) 3627M->1449M(4096M) 115.323ms
[4504.190s][info][gc,cpu         ] GC(1307) User=0.69s Sys=0.00s Real=0.11s
..[4506.409s][info][gc,start       ] GC(1308) Pause Young (Mixed) (G1 Evacuation Pause)
[4506.409s][info][gc,task        ] GC(1308) Using 6 workers of 6 for evacuation
[4506.545s][info][gc,phases      ] GC(1308)   Pre Evacuate Collection Set: 0.36ms
[4506.545s][info][gc,phases      ] GC(1308)   Merge Heap Roots: 0.70ms
[4506.545s][info][gc,phases      ] GC(1308)   Evacuate Collection Set: 133.95ms
[4506.545s][info][gc,phases      ] GC(1308)   Post Evacuate Collection Set: 0.91ms
[4506.545s][info][gc,phases      ] GC(1308)   Other: 0.08ms
[4506.545s][info][gc,heap        ] GC(1308) Eden regions: 1112->0(1117)
[4506.545s][info][gc,heap        ] GC(1308) Survivor regions: 107->111(153)
[4506.545s][info][gc,heap        ] GC(1308) Old regions: 539->474
[4506.545s][info][gc,heap        ] GC(1308) Humongous regions: 80->80
[4506.545s][info][gc,metaspace   ] GC(1308) Metaspace: 28921K(29312K)->28921K(29312K) NonClass: 24052K(24256K)->24052K(24256K) Class: 4868K(5056K)->4868K(5056K)
[4506.545s][info][gc             ] GC(1308) Pause Young (Mixed) (G1 Evacuation Pause) 3673M->1329M(4096M) 136.143ms
[4506.545s][info][gc,cpu         ] GC(1308) User=0.81s Sys=0.00s Real=0.14s
...[4508.777s][info][gc,start       ] GC(1309) Pause Young (Concurrent Start) (G1 Evacuation Pause)
[4508.777s][info][gc,task        ] GC(1309) Using 6 workers of 6 for evacuation
[4508.895s][info][gc,phases      ] GC(1309)   Pre Evacuate Collection Set: 0.37ms
[4508.895s][info][gc,phases      ] GC(1309)   Merge Heap Roots: 0.48ms
[4508.895s][info][gc,phases      ] GC(1309)   Evacuate Collection Set: 116.50ms
[4508.895s][info][gc,phases      ] GC(1309)   Post Evacuate Collection Set: 0.84ms
[4508.895s][info][gc,phases      ] GC(1309)   Other: 0.12ms
[4508.895s][info][gc,heap        ] GC(1309) Eden regions: 1117->0(1117)
[4508.895s][info][gc,heap        ] GC(1309) Survivor regions: 111->111(154)
[4508.895s][info][gc,heap        ] GC(1309) Old regions: 474->506
[4508.895s][info][gc,heap        ] GC(1309) Humongous regions: 80->80
[4508.895s][info][gc,metaspace   ] GC(1309) Metaspace: 28921K(29312K)->28921K(29312K) NonClass: 24052K(24256K)->24052K(24256K) Class: 4868K(5056K)->4868K(5056K)
[4508.895s][info][gc             ] GC(1309) Pause Young (Concurrent Start) (G1 Evacuation Pause) 3563M->1392M(4096M) 118.430ms
[4508.895s][info][gc             ] GC(1310) Concurrent Mark Cycle
[4508.895s][info][gc,marking     ] GC(1310) Concurrent Scan Root Regions
[4508.895s][info][gc,cpu         ] GC(1309) User=0.70s Sys=0.00s Real=0.12s
[4509.087s][info][gc,marking     ] GC(1310) Concurrent Scan Root Regions 191.523ms
[4509.087s][info][gc,marking     ] GC(1310) Concurrent Mark
[4509.087s][info][gc,marking     ] GC(1310) Concurrent Mark From Roots
[4509.087s][info][gc,task        ] GC(1310) Using 2 workers of 2 for marking
.[4510.077s][info][gc,marking     ] GC(1310) Concurrent Mark From Roots 989.892ms
[4510.077s][info][gc,marking     ] GC(1310) Concurrent Preclean
[4510.077s][info][gc,marking     ] GC(1310) Concurrent Preclean 0.117ms
[4510.079s][info][gc,start       ] GC(1310) Pause Remark
[4510.086s][info][gc             ] GC(1310) Pause Remark 2486M->2486M(4096M) 7.554ms
[4510.087s][info][gc,cpu         ] GC(1310) User=0.04s Sys=0.00s Real=0.01s
[4510.087s][info][gc,marking     ] GC(1310) Concurrent Mark 1000.631ms
[4510.087s][info][gc,marking     ] GC(1310) Concurrent Rebuild Remembered Sets and Scrub Regions
[4510.299s][info][gc,marking     ] GC(1310) Concurrent Rebuild Remembered Sets and Scrub Regions 211.469ms
[4510.299s][info][gc,start       ] GC(1310) Pause Cleanup
[4510.299s][info][gc             ] GC(1310) Pause Cleanup 2693M->2693M(4096M) 0.105ms
[4510.299s][info][gc,cpu         ] GC(1310) User=0.00s Sys=0.00s Real=0.00s
[4510.299s][info][gc,marking     ] GC(1310) Concurrent Clear Claimed Marks
[4510.299s][info][gc,marking     ] GC(1310) Concurrent Clear Claimed Marks 0.021ms
[4510.299s][info][gc,marking     ] GC(1310) Concurrent Cleanup for Next Mark
[4510.310s][info][gc,marking     ] GC(1310) Concurrent Cleanup for Next Mark 10.594ms
[4510.310s][info][gc             ] GC(1310) Concurrent Mark Cycle 1414.759ms
.[4511.101s][info][gc,start       ] GC(1311) Pause Young (Prepare Mixed) (G1 Evacuation Pause)
[4511.101s][info][gc,task        ] GC(1311) Using 6 workers of 6 for evacuation
[4511.218s][info][gc,phases      ] GC(1311)   Pre Evacuate Collection Set: 0.30ms
[4511.218s][info][gc,phases      ] GC(1311)   Merge Heap Roots: 0.47ms
[4511.218s][info][gc,phases      ] GC(1311)   Evacuate Collection Set: 115.64ms
[4511.218s][info][gc,phases      ] GC(1311)   Post Evacuate Collection Set: 0.92ms
[4511.218s][info][gc,phases      ] GC(1311)   Other: 0.09ms
[4511.218s][info][gc,heap        ] GC(1311) Eden regions: 1117->0(1109)
[4511.218s][info][gc,heap        ] GC(1311) Survivor regions: 111->109(154)
[4511.218s][info][gc,heap        ] GC(1311) Old regions: 506->538
[4511.218s][info][gc,heap        ] GC(1311) Humongous regions: 80->80
[4511.218s][info][gc,metaspace   ] GC(1311) Metaspace: 28921K(29312K)->28921K(29312K) NonClass: 24052K(24256K)->24052K(24256K) Class: 4868K(5056K)->4868K(5056K)
[4511.218s][info][gc             ] GC(1311) Pause Young (Prepare Mixed) (G1 Evacuation Pause) 3626M->1452M(4096M) 117.557ms
[4511.218s][info][gc,cpu         ] GC(1311) User=0.70s Sys=0.00s Real=0.12s
..[4513.400s][info][gc,start       ] GC(1312) Pause Young (Mixed) (G1 Evacuation Pause)
[4513.400s][info][gc,task        ] GC(1312) Using 6 workers of 6 for evacuation
[4513.539s][info][gc,phases      ] GC(1312)   Pre Evacuate Collection Set: 0.34ms
[4513.539s][info][gc,phases      ] GC(1312)   Merge Heap Roots: 0.68ms
[4513.539s][info][gc,phases      ] GC(1312)   Evacuate Collection Set: 137.00ms
[4513.539s][info][gc,phases      ] GC(1312)   Post Evacuate Collection Set: 1.00ms
[4513.539s][info][gc,phases      ] GC(1312)   Other: 0.10ms
[4513.539s][info][gc,heap        ] GC(1312) Eden regions: 1109->0(1114)
[4513.539s][info][gc,heap        ] GC(1312) Survivor regions: 109->114(153)
[4513.539s][info][gc,heap        ] GC(1312) Old regions: 538->474
[4513.539s][info][gc,heap        ] GC(1312) Humongous regions: 80->80
[4513.539s][info][gc,metaspace   ] GC(1312) Metaspace: 28921K(29312K)->28921K(29312K) NonClass: 24052K(24256K)->24052K(24256K) Class: 4868K(5056K)->4868K(5056K)
[4513.539s][info][gc             ] GC(1312) Pause Young (Mixed) (G1 Evacuation Pause) 3670M->1333M(4096M) 139.239ms
[4513.539s][info][gc,cpu         ] GC(1312) User=0.83s Sys=0.00s Real=0.14s
..[4515.704s][info][gc,start       ] GC(1313) Pause Young (Concurrent Start) (G1 Evacuation Pause)
[4515.704s][info][gc,task        ] GC(1313) Using 6 workers of 6 for evacuation
[4515.823s][info][gc,phases      ] GC(1313)   Pre Evacuate Collection Set: 0.35ms
[4515.823s][info][gc,phases      ] GC(1313)   Merge Heap Roots: 0.47ms
[4515.823s][info][gc,phases      ] GC(1313)   Evacuate Collection Set: 117.32ms
[4515.823s][info][gc,phases      ] GC(1313)   Post Evacuate Collection Set: 0.87ms
[4515.823s][info][gc,phases      ] GC(1313)   Other: 0.11ms
[4515.823s][info][gc,heap        ] GC(1313) Eden regions: 1114->0(1117)
[4515.823s][info][gc,heap        ] GC(1313) Survivor regions: 114->111(154)
[4515.823s][info][gc,heap        ] GC(1313) Old regions: 474->506
[4515.823s][info][gc,heap        ] GC(1313) Humongous regions: 80->80
[4515.823s][info][gc,metaspace   ] GC(1313) Metaspace: 28921K(29312K)->28921K(29312K) NonClass: 24052K(24256K)->24052K(24256K) Class: 4868K(5056K)->4868K(5056K)
[4515.823s][info][gc             ] GC(1313) Pause Young (Concurrent Start) (G1 Evacuation Pause) 3561M->1392M(4096M) 119.261ms
[4515.823s][info][gc             ] GC(1314) Concurrent Mark Cycle
[4515.823s][info][gc,marking     ] GC(1314) Concurrent Scan Root Regions
[4515.823s][info][gc,cpu         ] GC(1313) User=0.70s Sys=0.00s Real=0.12s
.[4515.966s][info][gc,marking     ] GC(1314) Concurrent Scan Root Regions 142.740ms
[4515.966s][info][gc,marking     ] GC(1314) Concurrent Mark
[4515.966s][info][gc,marking     ] GC(1314) Concurrent Mark From Roots
[4515.966s][info][gc,task        ] GC(1314) Using 2 workers of 2 for marking
[4516.524s][info][gc,marking     ] GC(1314) Concurrent Mark From Roots 558.296ms
[4516.524s][info][gc,marking     ] GC(1314) Concurrent Preclean
[4516.524s][info][gc,marking     ] GC(1314) Concurrent Preclean 0.071ms
[4516.527s][info][gc,start       ] GC(1314) Pause Remark
[4516.531s][info][gc             ] GC(1314) Pause Remark 1934M->1934M(4096M) 3.938ms
[4516.531s][info][gc,cpu         ] GC(1314) User=0.02s Sys=0.00s Real=0.00s
[4516.531s][info][gc,marking     ] GC(1314) Concurrent Mark 565.310ms
[4516.531s][info][gc,marking     ] GC(1314) Concurrent Rebuild Remembered Sets and Scrub Regions
[4516.794s][info][gc,marking     ] GC(1314) Concurrent Rebuild Remembered Sets and Scrub Regions 262.855ms
[4516.794s][info][gc,start       ] GC(1314) Pause Cleanup
[4516.794s][info][gc             ] GC(1314) Pause Cleanup 2164M->2164M(4096M) 0.124ms
[4516.795s][info][gc,cpu         ] GC(1314) User=0.00s Sys=0.00s Real=0.00s
[4516.795s][info][gc,marking     ] GC(1314) Concurrent Clear Claimed Marks
[4516.795s][info][gc,marking     ] GC(1314) Concurrent Clear Claimed Marks 0.035ms
[4516.795s][info][gc,marking     ] GC(1314) Concurrent Cleanup for Next Mark
[4516.801s][info][gc,marking     ] GC(1314) Concurrent Cleanup for Next Mark 5.898ms
[4516.801s][info][gc             ] GC(1314) Concurrent Mark Cycle 977.688ms
..[4518.115s][info][gc,start       ] GC(1315) Pause Young (Prepare Mixed) (G1 Evacuation Pause)
[4518.115s][info][gc,task        ] GC(1315) Using 6 workers of 6 for evacuation
[4518.233s][info][gc,phases      ] GC(1315)   Pre Evacuate Collection Set: 0.35ms
[4518.233s][info][gc,phases      ] GC(1315)   Merge Heap Roots: 0.50ms
[4518.233s][info][gc,phases      ] GC(1315)   Evacuate Collection Set: 115.60ms
[4518.233s][info][gc,phases      ] GC(1315)   Post Evacuate Collection Set: 0.90ms
[4518.233s][info][gc,phases      ] GC(1315)   Other: 0.09ms
[4518.233s][info][gc,heap        ] GC(1315) Eden regions: 1117->0(1109)
[4518.233s][info][gc,heap        ] GC(1315) Survivor regions: 111->109(154)
[4518.233s][info][gc,heap        ] GC(1315) Old regions: 506->538
[4518.233s][info][gc,heap        ] GC(1315) Humongous regions: 80->80
[4518.233s][info][gc,metaspace   ] GC(1315) Metaspace: 28921K(29312K)->28921K(29312K) NonClass: 24052K(24256K)->24052K(24256K) Class: 4868K(5056K)->4868K(5056K)
[4518.233s][info][gc             ] GC(1315) Pause Young (Prepare Mixed) (G1 Evacuation Pause) 3626M->1452M(4096M) 117.573ms
[4518.233s][info][gc,cpu         ] GC(1315) User=0.70s Sys=0.00s Real=0.12s
..[4520.420s][info][gc,start       ] GC(1316) Pause Young (Mixed) (G1 Evacuation Pause)
[4520.420s][info][gc,task        ] GC(1316) Using 6 workers of 6 for evacuation
[4520.555s][info][gc,phases      ] GC(1316)   Pre Evacuate Collection Set: 0.33ms
[4520.555s][info][gc,phases      ] GC(1316)   Merge Heap Roots: 0.65ms
[4520.555s][info][gc,phases      ] GC(1316)   Evacuate Collection Set: 133.53ms
[4520.555s][info][gc,phases      ] GC(1316)   Post Evacuate Collection Set: 0.81ms
[4520.555s][info][gc,phases      ] GC(1316)   Other: 0.09ms
[4520.556s][info][gc,heap        ] GC(1316) Eden regions: 1109->0(1116)
[4520.556s][info][gc,heap        ] GC(1316) Survivor regions: 109->112(153)
[4520.556s][info][gc,heap        ] GC(1316) Old regions: 538->473
[4520.556s][info][gc,heap        ] GC(1316) Humongous regions: 80->80
[4520.556s][info][gc,metaspace   ] GC(1316) Metaspace: 28921K(29312K)->28921K(29312K) NonClass: 24052K(24256K)->24052K(24256K) Class: 4868K(5056K)->4868K(5056K)
[4520.556s][info][gc             ] GC(1316) Pause Young (Mixed) (G1 Evacuation Pause) 3670M->1329M(4096M) 135.521ms
[4520.556s][info][gc,cpu         ] GC(1316) User=0.81s Sys=0.00s Real=0.14s
..[4522.707s][info][gc,start       ] GC(1317) Pause Young (Concurrent Start) (G1 Evacuation Pause)
[4522.707s][info][gc,task        ] GC(1317) Using 6 workers of 6 for evacuation
[4522.825s][info][gc,phases      ] GC(1317)   Pre Evacuate Collection Set: 0.35ms
[4522.825s][info][gc,phases      ] GC(1317)   Merge Heap Roots: 0.44ms
[4522.825s][info][gc,phases      ] GC(1317)   Evacuate Collection Set: 116.42ms
[4522.825s][info][gc,phases      ] GC(1317)   Post Evacuate Collection Set: 0.93ms
[4522.825s][info][gc,phases      ] GC(1317)   Other: 0.10ms
[4522.825s][info][gc,heap        ] GC(1317) Eden regions: 1116->0(1117)
[4522.825s][info][gc,heap        ] GC(1317) Survivor regions: 112->111(154)
[4522.825s][info][gc,heap        ] GC(1317) Old regions: 473->506
[4522.825s][info][gc,heap        ] GC(1317) Humongous regions: 80->80
[4522.825s][info][gc,metaspace   ] GC(1317) Metaspace: 28921K(29312K)->28921K(29312K) NonClass: 24052K(24256K)->24052K(24256K) Class: 4868K(5056K)->4868K(5056K)
[4522.825s][info][gc             ] GC(1317) Pause Young (Concurrent Start) (G1 Evacuation Pause) 3561M->1391M(4096M) 118.395ms
[4522.825s][info][gc             ] GC(1318) Concurrent Mark Cycle
[4522.825s][info][gc,marking     ] GC(1318) Concurrent Scan Root Regions
[4522.825s][info][gc,cpu         ] GC(1317) User=0.71s Sys=0.00s Real=0.12s
.[4522.994s][info][gc,marking     ] GC(1318) Concurrent Scan Root Regions 168.394ms
[4522.994s][info][gc,marking     ] GC(1318) Concurrent Mark
[4522.994s][info][gc,marking     ] GC(1318) Concurrent Mark From Roots
[4522.994s][info][gc,task        ] GC(1318) Using 2 workers of 2 for marking
[4523.749s][info][gc,marking     ] GC(1318) Concurrent Mark From Roots 754.820ms
[4523.749s][info][gc,marking     ] GC(1318) Concurrent Preclean
[4523.749s][info][gc,marking     ] GC(1318) Concurrent Preclean 0.069ms
[4523.749s][info][gc,start       ] GC(1318) Pause Remark
[4523.753s][info][gc             ] GC(1318) Pause Remark 2258M->2258M(4096M) 4.261ms
[4523.753s][info][gc,cpu         ] GC(1318) User=0.03s Sys=0.00s Real=0.01s
[4523.753s][info][gc,marking     ] GC(1318) Concurrent Mark 759.368ms
[4523.753s][info][gc,marking     ] GC(1318) Concurrent Rebuild Remembered Sets and Scrub Regions
.[4524.066s][info][gc,marking     ] GC(1318) Concurrent Rebuild Remembered Sets and Scrub Regions 312.964ms
[4524.067s][info][gc,start       ] GC(1318) Pause Cleanup
[4524.067s][info][gc             ] GC(1318) Pause Cleanup 2525M->2525M(4096M) 0.115ms
[4524.067s][info][gc,cpu         ] GC(1318) User=0.00s Sys=0.00s Real=0.00s
[4524.067s][info][gc,marking     ] GC(1318) Concurrent Clear Claimed Marks
[4524.067s][info][gc,marking     ] GC(1318) Concurrent Clear Claimed Marks 0.030ms
[4524.067s][info][gc,marking     ] GC(1318) Concurrent Cleanup for Next Mark
[4524.074s][info][gc,marking     ] GC(1318) Concurrent Cleanup for Next Mark 7.139ms
[4524.074s][info][gc             ] GC(1318) Concurrent Mark Cycle 1248.622ms
.[4525.034s][info][gc,start       ] GC(1319) Pause Young (Prepare Mixed) (G1 Evacuation Pause)
[4525.034s][info][gc,task        ] GC(1319) Using 6 workers of 6 for evacuation
[4525.150s][info][gc,phases      ] GC(1319)   Pre Evacuate Collection Set: 0.31ms
[4525.150s][info][gc,phases      ] GC(1319)   Merge Heap Roots: 0.51ms
[4525.150s][info][gc,phases      ] GC(1319)   Evacuate Collection Set: 113.88ms
[4525.150s][info][gc,phases      ] GC(1319)   Post Evacuate Collection Set: 0.92ms
[4525.150s][info][gc,phases      ] GC(1319)   Other: 0.09ms
[4525.150s][info][gc,heap        ] GC(1319) Eden regions: 1117->0(1110)
[4525.150s][info][gc,heap        ] GC(1319) Survivor regions: 111->109(154)
[4525.150s][info][gc,heap        ] GC(1319) Old regions: 506->537
[4525.150s][info][gc,heap        ] GC(1319) Humongous regions: 80->80
[4525.150s][info][gc,metaspace   ] GC(1319) Metaspace: 28921K(29312K)->28921K(29312K) NonClass: 24052K(24256K)->24052K(24256K) Class: 4868K(5056K)->4868K(5056K)
[4525.150s][info][gc             ] GC(1319) Pause Young (Prepare Mixed) (G1 Evacuation Pause) 3625M->1450M(4096M) 115.837ms
[4525.150s][info][gc,cpu         ] GC(1319) User=0.69s Sys=0.00s Real=0.11s
..[4527.265s][info][gc,start       ] GC(1320) Pause Young (Mixed) (G1 Evacuation Pause)
[4527.265s][info][gc,task        ] GC(1320) Using 6 workers of 6 for evacuation
[4527.401s][info][gc,phases      ] GC(1320)   Pre Evacuate Collection Set: 0.35ms
[4527.401s][info][gc,phases      ] GC(1320)   Merge Heap Roots: 0.74ms
[4527.401s][info][gc,phases      ] GC(1320)   Evacuate Collection Set: 134.10ms
[4527.402s][info][gc,phases      ] GC(1320)   Post Evacuate Collection Set: 0.92ms
[4527.402s][info][gc,phases      ] GC(1320)   Other: 0.09ms
[4527.402s][info][gc,heap        ] GC(1320) Eden regions: 1110->0(1118)
[4527.402s][info][gc,heap        ] GC(1320) Survivor regions: 109->110(153)
[4527.402s][info][gc,heap        ] GC(1320) Old regions: 537->475
[4527.402s][info][gc,heap        ] GC(1320) Humongous regions: 80->80
[4527.402s][info][gc,metaspace   ] GC(1320) Metaspace: 28921K(29312K)->28921K(29312K) NonClass: 24052K(24256K)->24052K(24256K) Class: 4868K(5056K)->4868K(5056K)
[4527.402s][info][gc             ] GC(1320) Pause Young (Mixed) (G1 Evacuation Pause) 3670M->1329M(4096M) 136.322ms
[4527.402s][info][gc,cpu         ] GC(1320) User=0.82s Sys=0.00s Real=0.14s
..[4529.675s][info][gc,start       ] GC(1321) Pause Young (Concurrent Start) (G1 Evacuation Pause)
[4529.675s][info][gc,task        ] GC(1321) Using 6 workers of 6 for evacuation
[4529.798s][info][gc,phases      ] GC(1321)   Pre Evacuate Collection Set: 0.36ms
[4529.798s][info][gc,phases      ] GC(1321)   Merge Heap Roots: 0.46ms
[4529.798s][info][gc,phases      ] GC(1321)   Evacuate Collection Set: 121.53ms
[4529.798s][info][gc,phases      ] GC(1321)   Post Evacuate Collection Set: 0.88ms
[4529.798s][info][gc,phases      ] GC(1321)   Other: 0.13ms
[4529.798s][info][gc,heap        ] GC(1321) Eden regions: 1118->0(1113)
[4529.798s][info][gc,heap        ] GC(1321) Survivor regions: 110->115(154)
[4529.798s][info][gc,heap        ] GC(1321) Old regions: 475->507
[4529.798s][info][gc,heap        ] GC(1321) Humongous regions: 80->80
[4529.798s][info][gc,metaspace   ] GC(1321) Metaspace: 28921K(29312K)->28921K(29312K) NonClass: 24052K(24256K)->24052K(24256K) Class: 4868K(5056K)->4868K(5056K)
[4529.798s][info][gc             ] GC(1321) Pause Young (Concurrent Start) (G1 Evacuation Pause) 3565M->1402M(4096M) 123.493ms
[4529.798s][info][gc             ] GC(1322) Concurrent Mark Cycle
[4529.799s][info][gc,marking     ] GC(1322) Concurrent Scan Root Regions
[4529.799s][info][gc,cpu         ] GC(1321) User=0.74s Sys=0.00s Real=0.12s
[4529.942s][info][gc,marking     ] GC(1322) Concurrent Scan Root Regions 143.869ms
[4529.942s][info][gc,marking     ] GC(1322) Concurrent Mark
[4529.942s][info][gc,marking     ] GC(1322) Concurrent Mark From Roots
[4529.942s][info][gc,task        ] GC(1322) Using 2 workers of 2 for marking
.[4530.651s][info][gc,marking     ] GC(1322) Concurrent Mark From Roots 708.622ms
[4530.651s][info][gc,marking     ] GC(1322) Concurrent Preclean
[4530.651s][info][gc,marking     ] GC(1322) Concurrent Preclean 0.085ms
[4530.651s][info][gc,start       ] GC(1322) Pause Remark
[4530.657s][info][gc             ] GC(1322) Pause Remark 2165M->2165M(4096M) 5.323ms
[4530.657s][info][gc,cpu         ] GC(1322) User=0.03s Sys=0.00s Real=0.01s
[4530.657s][info][gc,marking     ] GC(1322) Concurrent Mark 714.323ms
[4530.657s][info][gc,marking     ] GC(1322) Concurrent Rebuild Remembered Sets and Scrub Regions
.[4531.078s][info][gc,marking     ] GC(1322) Concurrent Rebuild Remembered Sets and Scrub Regions 421.564ms
[4531.080s][info][gc,start       ] GC(1322) Pause Cleanup
[4531.080s][info][gc             ] GC(1322) Pause Cleanup 2602M->2602M(4096M) 0.130ms
[4531.080s][info][gc,cpu         ] GC(1322) User=0.00s Sys=0.00s Real=0.00s
[4531.081s][info][gc,marking     ] GC(1322) Concurrent Clear Claimed Marks
[4531.081s][info][gc,marking     ] GC(1322) Concurrent Clear Claimed Marks 0.032ms
[4531.081s][info][gc,marking     ] GC(1322) Concurrent Cleanup for Next Mark
[4531.127s][info][gc,marking     ] GC(1322) Concurrent Cleanup for Next Mark 46.066ms
[4531.127s][info][gc             ] GC(1322) Concurrent Mark Cycle 1328.577ms
[4532.051s][info][gc,start       ] GC(1323) Pause Young (Prepare Mixed) (G1 Evacuation Pause)
[4532.051s][info][gc,task        ] GC(1323) Using 6 workers of 6 for evacuation
[4532.171s][info][gc,phases      ] GC(1323)   Pre Evacuate Collection Set: 0.31ms
[4532.172s][info][gc,phases      ] GC(1323)   Merge Heap Roots: 0.51ms
[4532.172s][info][gc,phases      ] GC(1323)   Evacuate Collection Set: 118.97ms
[4532.172s][info][gc,phases      ] GC(1323)   Post Evacuate Collection Set: 0.91ms
[4532.172s][info][gc,phases      ] GC(1323)   Other: 0.09ms
[4532.172s][info][gc,heap        ] GC(1323) Eden regions: 1113->0(1106)
[4532.172s][info][gc,heap        ] GC(1323) Survivor regions: 115->110(154)
[4532.172s][info][gc,heap        ] GC(1323) Old regions: 507->539
[4532.172s][info][gc,heap        ] GC(1323) Humongous regions: 80->80
[4532.172s][info][gc,metaspace   ] GC(1323) Metaspace: 28921K(29312K)->28921K(29312K) NonClass: 24052K(24256K)->24052K(24256K) Class: 4868K(5056K)->4868K(5056K)
[4532.172s][info][gc             ] GC(1323) Pause Young (Prepare Mixed) (G1 Evacuation Pause) 3628M->1456M(4096M) 120.930ms
[4532.172s][info][gc,cpu         ] GC(1323) User=0.72s Sys=0.00s Real=0.13s
...[4534.319s][info][gc,start       ] GC(1324) Pause Young (Mixed) (G1 Evacuation Pause)
[4534.319s][info][gc,task        ] GC(1324) Using 6 workers of 6 for evacuation
[4534.450s][info][gc,phases      ] GC(1324)   Pre Evacuate Collection Set: 0.39ms
[4534.450s][info][gc,phases      ] GC(1324)   Merge Heap Roots: 0.66ms
[4534.450s][info][gc,phases      ] GC(1324)   Evacuate Collection Set: 128.87ms
[4534.450s][info][gc,phases      ] GC(1324)   Post Evacuate Collection Set: 0.91ms
[4534.450s][info][gc,phases      ] GC(1324)   Other: 0.09ms
[4534.450s][info][gc,heap        ] GC(1324) Eden regions: 1106->0(1120)
[4534.450s][info][gc,heap        ] GC(1324) Survivor regions: 110->108(152)
[4534.450s][info][gc,heap        ] GC(1324) Old regions: 539->473
[4534.450s][info][gc,heap        ] GC(1324) Humongous regions: 80->80
[4534.450s][info][gc,metaspace   ] GC(1324) Metaspace: 28921K(29312K)->28921K(29312K) NonClass: 24052K(24256K)->24052K(24256K) Class: 4868K(5056K)->4868K(5056K)
[4534.450s][info][gc             ] GC(1324) Pause Young (Mixed) (G1 Evacuation Pause) 3668M->1320M(4096M) 131.042ms
[4534.450s][info][gc,cpu         ] GC(1324) User=0.78s Sys=0.00s Real=0.13s
..[4536.668s][info][gc,start       ] GC(1325) Pause Young (Concurrent Start) (G1 Evacuation Pause)
[4536.669s][info][gc,task        ] GC(1325) Using 6 workers of 6 for evacuation
[4536.789s][info][gc,phases      ] GC(1325)   Pre Evacuate Collection Set: 0.39ms
[4536.789s][info][gc,phases      ] GC(1325)   Merge Heap Roots: 0.47ms
[4536.789s][info][gc,phases      ] GC(1325)   Evacuate Collection Set: 118.15ms
[4536.789s][info][gc,phases      ] GC(1325)   Post Evacuate Collection Set: 0.87ms
[4536.789s][info][gc,phases      ] GC(1325)   Other: 0.12ms
[4536.789s][info][gc,heap        ] GC(1325) Eden regions: 1120->0(1116)
[4536.789s][info][gc,heap        ] GC(1325) Survivor regions: 108->112(154)
[4536.789s][info][gc,heap        ] GC(1325) Old regions: 473->505
[4536.789s][info][gc,heap        ] GC(1325) Humongous regions: 80->80
[4536.789s][info][gc,metaspace   ] GC(1325) Metaspace: 28921K(29312K)->28921K(29312K) NonClass: 24052K(24256K)->24052K(24256K) Class: 4868K(5056K)->4868K(5056K)
[4536.789s][info][gc             ] GC(1325) Pause Young (Concurrent Start) (G1 Evacuation Pause) 3560M->1391M(4096M) 120.161ms
[4536.789s][info][gc             ] GC(1326) Concurrent Mark Cycle
[4536.789s][info][gc,marking     ] GC(1326) Concurrent Scan Root Regions
[4536.789s][info][gc,cpu         ] GC(1325) User=0.72s Sys=0.01s Real=0.12s
[4536.937s][info][gc,marking     ] GC(1326) Concurrent Scan Root Regions 148.242ms
[4536.937s][info][gc,marking     ] GC(1326) Concurrent Mark
[4536.937s][info][gc,marking     ] GC(1326) Concurrent Mark From Roots
[4536.937s][info][gc,task        ] GC(1326) Using 2 workers of 2 for marking
.[4537.687s][info][gc,marking     ] GC(1326) Concurrent Mark From Roots 750.460ms
[4537.688s][info][gc,marking     ] GC(1326) Concurrent Preclean
[4537.688s][info][gc,marking     ] GC(1326) Concurrent Preclean 0.133ms
[4537.688s][info][gc,start       ] GC(1326) Pause Remark
[4537.693s][info][gc             ] GC(1326) Pause Remark 2167M->2167M(4096M) 4.879ms
[4537.693s][info][gc,cpu         ] GC(1326) User=0.02s Sys=0.00s Real=0.01s
[4537.693s][info][gc,marking     ] GC(1326) Concurrent Mark 755.827ms
[4537.693s][info][gc,marking     ] GC(1326) Concurrent Rebuild Remembered Sets and Scrub Regions
[4538.107s][info][gc,marking     ] GC(1326) Concurrent Rebuild Remembered Sets and Scrub Regions 413.640ms
[4538.107s][info][gc,start       ] GC(1326) Pause Cleanup
[4538.107s][info][gc             ] GC(1326) Pause Cleanup 2610M->2610M(4096M) 0.125ms
[4538.107s][info][gc,cpu         ] GC(1326) User=0.00s Sys=0.00s Real=0.00s
[4538.107s][info][gc,marking     ] GC(1326) Concurrent Clear Claimed Marks
[4538.107s][info][gc,marking     ] GC(1326) Concurrent Clear Claimed Marks 0.037ms
[4538.107s][info][gc,marking     ] GC(1326) Concurrent Cleanup for Next Mark
[4538.121s][info][gc,marking     ] GC(1326) Concurrent Cleanup for Next Mark 14.297ms
[4538.121s][info][gc             ] GC(1326) Concurrent Mark Cycle 1332.684ms
.[4539.003s][info][gc,start       ] GC(1327) Pause Young (Prepare Mixed) (G1 Evacuation Pause)
[4539.003s][info][gc,task        ] GC(1327) Using 6 workers of 6 for evacuation
[4539.118s][info][gc,phases      ] GC(1327)   Pre Evacuate Collection Set: 0.30ms
[4539.118s][info][gc,phases      ] GC(1327)   Merge Heap Roots: 0.51ms
[4539.118s][info][gc,phases      ] GC(1327)   Evacuate Collection Set: 113.07ms
[4539.118s][info][gc,phases      ] GC(1327)   Post Evacuate Collection Set: 0.91ms
[4539.118s][info][gc,phases      ] GC(1327)   Other: 0.09ms
[4539.118s][info][gc,heap        ] GC(1327) Eden regions: 1116->0(1113)
[4539.118s][info][gc,heap        ] GC(1327) Survivor regions: 112->108(154)
[4539.118s][info][gc,heap        ] GC(1327) Old regions: 505->536
[4539.118s][info][gc,heap        ] GC(1327) Humongous regions: 80->80
[4539.118s][info][gc,metaspace   ] GC(1327) Metaspace: 28921K(29312K)->28921K(29312K) NonClass: 24052K(24256K)->24052K(24256K) Class: 4868K(5056K)->4868K(5056K)
[4539.118s][info][gc             ] GC(1327) Pause Young (Prepare Mixed) (G1 Evacuation Pause) 3623M->1446M(4096M) 115.026ms
[4539.118s][info][gc,cpu         ] GC(1327) User=0.69s Sys=0.00s Real=0.11s
...[4541.336s][info][gc,start       ] GC(1328) Pause Young (Mixed) (G1 Evacuation Pause)
[4541.336s][info][gc,task        ] GC(1328) Using 6 workers of 6 for evacuation
[4541.471s][info][gc,phases      ] GC(1328)   Pre Evacuate Collection Set: 0.38ms
[4541.471s][info][gc,phases      ] GC(1328)   Merge Heap Roots: 0.76ms
[4541.471s][info][gc,phases      ] GC(1328)   Evacuate Collection Set: 133.03ms
[4541.471s][info][gc,phases      ] GC(1328)   Post Evacuate Collection Set: 0.95ms
[4541.471s][info][gc,phases      ] GC(1328)   Other: 0.09ms
[4541.471s][info][gc,heap        ] GC(1328) Eden regions: 1113->0(1119)
[4541.471s][info][gc,heap        ] GC(1328) Survivor regions: 108->109(153)
[4541.471s][info][gc,heap        ] GC(1328) Old regions: 536->474
[4541.471s][info][gc,heap        ] GC(1328) Humongous regions: 80->80
[4541.471s][info][gc,metaspace   ] GC(1328) Metaspace: 28921K(29312K)->28921K(29312K) NonClass: 24052K(24256K)->24052K(24256K) Class: 4868K(5056K)->4868K(5056K)
[4541.471s][info][gc             ] GC(1328) Pause Young (Mixed) (G1 Evacuation Pause) 3672M->1325M(4096M) 135.355ms
[4541.471s][info][gc,cpu         ] GC(1328) User=0.81s Sys=0.00s Real=0.13s
..[4543.676s][info][gc,start       ] GC(1329) Pause Young (Concurrent Start) (G1 Evacuation Pause)
[4543.676s][info][gc,task        ] GC(1329) Using 6 workers of 6 for evacuation
[4543.794s][info][gc,phases      ] GC(1329)   Pre Evacuate Collection Set: 0.36ms
[4543.795s][info][gc,phases      ] GC(1329)   Merge Heap Roots: 0.48ms
[4543.795s][info][gc,phases      ] GC(1329)   Evacuate Collection Set: 116.91ms
[4543.795s][info][gc,phases      ] GC(1329)   Post Evacuate Collection Set: 0.88ms
[4543.795s][info][gc,phases      ] GC(1329)   Other: 0.12ms
[4543.795s][info][gc,heap        ] GC(1329) Eden regions: 1119->0(1116)
[4543.795s][info][gc,heap        ] GC(1329) Survivor regions: 109->112(154)
[4543.795s][info][gc,heap        ] GC(1329) Old regions: 474->506
[4543.795s][info][gc,heap        ] GC(1329) Humongous regions: 80->80
[4543.795s][info][gc,metaspace   ] GC(1329) Metaspace: 28921K(29312K)->28921K(29312K) NonClass: 24052K(24256K)->24052K(24256K) Class: 4868K(5056K)->4868K(5056K)
[4543.795s][info][gc             ] GC(1329) Pause Young (Concurrent Start) (G1 Evacuation Pause) 3563M->1393M(4096M) 118.875ms
[4543.795s][info][gc             ] GC(1330) Concurrent Mark Cycle
[4543.795s][info][gc,marking     ] GC(1330) Concurrent Scan Root Regions
[4543.795s][info][gc,cpu         ] GC(1329) User=0.71s Sys=0.00s Real=0.12s
[4543.988s][info][gc,marking     ] GC(1330) Concurrent Scan Root Regions 193.700ms
[4543.988s][info][gc,marking     ] GC(1330) Concurrent Mark
[4543.988s][info][gc,marking     ] GC(1330) Concurrent Mark From Roots
[4543.988s][info][gc,task        ] GC(1330) Using 2 workers of 2 for marking
.[4545.006s][info][gc,marking     ] GC(1330) Concurrent Mark From Roots 1017.256ms
[4545.006s][info][gc,marking     ] GC(1330) Concurrent Preclean
[4545.006s][info][gc,marking     ] GC(1330) Concurrent Preclean 0.134ms
[4545.006s][info][gc,start       ] GC(1330) Pause Remark
[4545.012s][info][gc             ] GC(1330) Pause Remark 2506M->2506M(4096M) 6.282ms
[4545.012s][info][gc,cpu         ] GC(1330) User=0.03s Sys=0.00s Real=0.01s
[4545.012s][info][gc,marking     ] GC(1330) Concurrent Mark 1024.010ms
[4545.012s][info][gc,marking     ] GC(1330) Concurrent Rebuild Remembered Sets and Scrub Regions
.[4545.391s][info][gc,marking     ] GC(1330) Concurrent Rebuild Remembered Sets and Scrub Regions 378.509ms
[4545.391s][info][gc,start       ] GC(1330) Pause Cleanup
[4545.391s][info][gc             ] GC(1330) Pause Cleanup 2932M->2932M(4096M) 0.107ms
[4545.391s][info][gc,cpu         ] GC(1330) User=0.00s Sys=0.00s Real=0.00s
[4545.391s][info][gc,marking     ] GC(1330) Concurrent Clear Claimed Marks
[4545.391s][info][gc,marking     ] GC(1330) Concurrent Clear Claimed Marks 0.022ms
[4545.391s][info][gc,marking     ] GC(1330) Concurrent Cleanup for Next Mark
[4545.396s][info][gc,marking     ] GC(1330) Concurrent Cleanup for Next Mark 5.089ms
[4545.396s][info][gc             ] GC(1330) Concurrent Mark Cycle 1601.744ms
[4546.008s][info][gc,start       ] GC(1331) Pause Young (Prepare Mixed) (G1 Evacuation Pause)
[4546.008s][info][gc,task        ] GC(1331) Using 6 workers of 6 for evacuation
[4546.123s][info][gc,phases      ] GC(1331)   Pre Evacuate Collection Set: 0.31ms
[4546.123s][info][gc,phases      ] GC(1331)   Merge Heap Roots: 0.52ms
[4546.123s][info][gc,phases      ] GC(1331)   Evacuate Collection Set: 113.60ms
[4546.124s][info][gc,phases      ] GC(1331)   Post Evacuate Collection Set: 0.92ms
[4546.124s][info][gc,phases      ] GC(1331)   Other: 0.09ms
[4546.124s][info][gc,heap        ] GC(1331) Eden regions: 1116->0(1112)
[4546.124s][info][gc,heap        ] GC(1331) Survivor regions: 112->108(154)
[4546.124s][info][gc,heap        ] GC(1331) Old regions: 506->537
[4546.124s][info][gc,heap        ] GC(1331) Humongous regions: 80->80
[4546.124s][info][gc,metaspace   ] GC(1331) Metaspace: 28921K(29312K)->28921K(29312K) NonClass: 24052K(24256K)->24052K(24256K) Class: 4868K(5056K)->4868K(5056K)
[4546.124s][info][gc             ] GC(1331) Pause Young (Prepare Mixed) (G1 Evacuation Pause) 3625M->1449M(4096M) 115.567ms
[4546.124s][info][gc,cpu         ] GC(1331) User=0.69s Sys=0.00s Real=0.12s
..[4548.282s][info][gc,start       ] GC(1332) Pause Young (Mixed) (G1 Evacuation Pause)
[4548.282s][info][gc,task        ] GC(1332) Using 6 workers of 6 for evacuation
[4548.419s][info][gc,phases      ] GC(1332)   Pre Evacuate Collection Set: 0.38ms
[4548.420s][info][gc,phases      ] GC(1332)   Merge Heap Roots: 0.74ms
[4548.420s][info][gc,phases      ] GC(1332)   Evacuate Collection Set: 135.07ms
[4548.420s][info][gc,phases      ] GC(1332)   Post Evacuate Collection Set: 0.95ms
[4548.420s][info][gc,phases      ] GC(1332)   Other: 0.09ms
[4548.420s][info][gc,heap        ] GC(1332) Eden regions: 1112->0(1116)
[4548.420s][info][gc,heap        ] GC(1332) Survivor regions: 108->112(153)
[4548.420s][info][gc,heap        ] GC(1332) Old regions: 537->474
[4548.420s][info][gc,heap        ] GC(1332) Humongous regions: 80->80
[4548.420s][info][gc,metaspace   ] GC(1332) Metaspace: 28921K(29312K)->28921K(29312K) NonClass: 24052K(24256K)->24052K(24256K) Class: 4868K(5056K)->4868K(5056K)
[4548.420s][info][gc             ] GC(1332) Pause Young (Mixed) (G1 Evacuation Pause) 3673M->1331M(4096M) 137.363ms
[4548.420s][info][gc,cpu         ] GC(1332) User=0.82s Sys=0.00s Real=0.13s
.. (rIR:aIR:PR = 8025:8078:8080) (tPR = 119780) [OK] 
  4549s: Performance info:
         Transaction,    Success,    Partial,     Failed,   Receipts, AvgBarcode, 
             Overall,     488147,          0,          0,     463722,      59.48, 
         Response times:
             Request,    Success,    Partial,     Failed,   SkipFail,     Probes,    Samples,      min,      p50,      p90,      p95,      p99,      max, 
       TotalPurchase,     463260,          0,          0,          0,     353467,     505344,      300,     7000,   117000,   169000,   250000,   518000,
     InStorePurchase,     244515,          0,          0,          0,     185820,     265372,      300,     7000,   117000,   169000,   249000,   518000,
      OnlinePurchase,     170200,          0,          0,          0,     130546,     186865,      300,     7100,   118000,   172000,   251000,   495000,
        InstPurchase,      48545,          0,          0,          0,      37101,      53107,      400,     6700,   110000,   165000,   248000,   394000,
          AssocOfCat,        487,          0,          0,          0,        403,        708,    25000,    50000,   182100,   235550,   327830,   397000,
      AssocOfProduct,       4850,          0,          0,          0,       3317,       5021,      500,     6100,   104000,   154000,   227000,   305000,
      BusinessReport,       1218,          0,          0,          0,       1093,       1720,    26000,    54000,   192000,   247950,   323370,   407000,
          CustBuyBeh,       4897,          0,          0,          0,       3322,       5064,      200,     7700,   117000,   170750,   248000,   342000,
       ProductReturn,      12950,          0,          0,          0,       9888,      14437,      200,     7200,   115000,   168000,   250000,   385000,

  4549s: (59%)   IR =   8164 .[4550.597s][info][gc,start       ] GC(1333) Pause Young (Concurrent Start) (G1 Evacuation Pause)
[4550.597s][info][gc,task        ] GC(1333) Using 6 workers of 6 for evacuation
[4550.717s][info][gc,phases      ] GC(1333)   Pre Evacuate Collection Set: 0.33ms
[4550.717s][info][gc,phases      ] GC(1333)   Merge Heap Roots: 0.48ms
[4550.717s][info][gc,phases      ] GC(1333)   Evacuate Collection Set: 117.98ms
[4550.717s][info][gc,phases      ] GC(1333)   Post Evacuate Collection Set: 0.93ms
[4550.717s][info][gc,phases      ] GC(1333)   Other: 0.10ms
[4550.717s][info][gc,heap        ] GC(1333) Eden regions: 1116->0(1116)
[4550.717s][info][gc,heap        ] GC(1333) Survivor regions: 112->112(154)
[4550.717s][info][gc,heap        ] GC(1333) Old regions: 474->506
[4550.717s][info][gc,heap        ] GC(1333) Humongous regions: 80->80
[4550.717s][info][gc,metaspace   ] GC(1333) Metaspace: 28922K(29312K)->28922K(29312K) NonClass: 24053K(24256K)->24053K(24256K) Class: 4868K(5056K)->4868K(5056K)
[4550.717s][info][gc             ] GC(1333) Pause Young (Concurrent Start) (G1 Evacuation Pause) 3563M->1394M(4096M) 119.958ms
[4550.717s][info][gc             ] GC(1334) Concurrent Mark Cycle
[4550.717s][info][gc,marking     ] GC(1334) Concurrent Scan Root Regions
[4550.717s][info][gc,cpu         ] GC(1333) User=0.71s Sys=0.00s Real=0.12s
[4550.907s][info][gc,marking     ] GC(1334) Concurrent Scan Root Regions 190.242ms
[4550.907s][info][gc,marking     ] GC(1334) Concurrent Mark
[4550.907s][info][gc,marking     ] GC(1334) Concurrent Mark From Roots
[4550.907s][info][gc,task        ] GC(1334) Using 2 workers of 2 for marking
.[4551.887s][info][gc,marking     ] GC(1334) Concurrent Mark From Roots 979.920ms
[4551.887s][info][gc,marking     ] GC(1334) Concurrent Preclean
[4551.888s][info][gc,marking     ] GC(1334) Concurrent Preclean 0.131ms
[4551.888s][info][gc,start       ] GC(1334) Pause Remark
[4551.894s][info][gc             ] GC(1334) Pause Remark 2540M->2540M(4096M) 5.128ms
[4551.894s][info][gc,cpu         ] GC(1334) User=0.03s Sys=0.00s Real=0.01s
[4551.895s][info][gc,marking     ] GC(1334) Concurrent Mark 987.272ms
[4551.895s][info][gc,marking     ] GC(1334) Concurrent Rebuild Remembered Sets and Scrub Regions
[4552.328s][info][gc,marking     ] GC(1334) Concurrent Rebuild Remembered Sets and Scrub Regions 433.478ms
[4552.329s][info][gc,start       ] GC(1334) Pause Cleanup
[4552.329s][info][gc             ] GC(1334) Pause Cleanup 2968M->2968M(4096M) 0.119ms
[4552.329s][info][gc,cpu         ] GC(1334) User=0.00s Sys=0.00s Real=0.00s
[4552.329s][info][gc,marking     ] GC(1334) Concurrent Clear Claimed Marks
[4552.329s][info][gc,marking     ] GC(1334) Concurrent Clear Claimed Marks 0.022ms
[4552.329s][info][gc,marking     ] GC(1334) Concurrent Cleanup for Next Mark
[4552.334s][info][gc,marking     ] GC(1334) Concurrent Cleanup for Next Mark 5.723ms
[4552.335s][info][gc             ] GC(1334) Concurrent Mark Cycle 1617.417ms
.[4552.841s][info][gc,start       ] GC(1335) Pause Young (Prepare Mixed) (G1 Evacuation Pause)
[4552.841s][info][gc,task        ] GC(1335) Using 6 workers of 6 for evacuation
[4552.962s][info][gc,phases      ] GC(1335)   Pre Evacuate Collection Set: 0.33ms
[4552.962s][info][gc,phases      ] GC(1335)   Merge Heap Roots: 0.52ms
[4552.962s][info][gc,phases      ] GC(1335)   Evacuate Collection Set: 119.58ms
[4552.962s][info][gc,phases      ] GC(1335)   Post Evacuate Collection Set: 0.93ms
[4552.962s][info][gc,phases      ] GC(1335)   Other: 0.08ms
[4552.962s][info][gc,heap        ] GC(1335) Eden regions: 1116->0(1098)
[4552.963s][info][gc,heap        ] GC(1335) Survivor regions: 112->115(154)
[4552.963s][info][gc,heap        ] GC(1335) Old regions: 506->537
[4552.963s][info][gc,heap        ] GC(1335) Humongous regions: 80->80
[4552.963s][info][gc,metaspace   ] GC(1335) Metaspace: 28922K(29312K)->28922K(29312K) NonClass: 24053K(24256K)->24053K(24256K) Class: 4868K(5056K)->4868K(5056K)
[4552.963s][info][gc             ] GC(1335) Pause Young (Prepare Mixed) (G1 Evacuation Pause) 3626M->1462M(4096M) 121.575ms
[4552.963s][info][gc,cpu         ] GC(1335) User=0.72s Sys=0.00s Real=0.13s
..[4555.139s][info][gc,start       ] GC(1336) Pause Young (Mixed) (G1 Evacuation Pause)
[4555.139s][info][gc,task        ] GC(1336) Using 6 workers of 6 for evacuation
[4555.274s][info][gc,phases      ] GC(1336)   Pre Evacuate Collection Set: 0.32ms
[4555.274s][info][gc,phases      ] GC(1336)   Merge Heap Roots: 0.67ms
[4555.274s][info][gc,phases      ] GC(1336)   Evacuate Collection Set: 132.96ms
[4555.274s][info][gc,phases      ] GC(1336)   Post Evacuate Collection Set: 0.98ms
[4555.274s][info][gc,phases      ] GC(1336)   Other: 0.09ms
[4555.274s][info][gc,heap        ] GC(1336) Eden regions: 1098->0(1119)
[4555.274s][info][gc,heap        ] GC(1336) Survivor regions: 115->109(152)
[4555.274s][info][gc,heap        ] GC(1336) Old regions: 537->474
[4555.274s][info][gc,heap        ] GC(1336) Humongous regions: 80->80
[4555.274s][info][gc,metaspace   ] GC(1336) Metaspace: 28922K(29312K)->28922K(29312K) NonClass: 24053K(24256K)->24053K(24256K) Class: 4868K(5056K)->4868K(5056K)
[4555.274s][info][gc             ] GC(1336) Pause Young (Mixed) (G1 Evacuation Pause) 3658M->1323M(4096M) 135.146ms
[4555.274s][info][gc,cpu         ] GC(1336) User=0.80s Sys=0.00s Real=0.14s
.|.[4557.425s][info][gc,start       ] GC(1337) Pause Young (Concurrent Start) (G1 Evacuation Pause)
[4557.425s][info][gc,task        ] GC(1337) Using 6 workers of 6 for evacuation
[4557.545s][info][gc,phases      ] GC(1337)   Pre Evacuate Collection Set: 0.35ms
[4557.545s][info][gc,phases      ] GC(1337)   Merge Heap Roots: 0.44ms
[4557.545s][info][gc,phases      ] GC(1337)   Evacuate Collection Set: 118.00ms
[4557.545s][info][gc,phases      ] GC(1337)   Post Evacuate Collection Set: 0.85ms
[4557.545s][info][gc,phases      ] GC(1337)   Other: 0.11ms
[4557.545s][info][gc,heap        ] GC(1337) Eden regions: 1119->0(1115)
[4557.545s][info][gc,heap        ] GC(1337) Survivor regions: 109->113(154)
[4557.545s][info][gc,heap        ] GC(1337) Old regions: 474->506
[4557.545s][info][gc,heap        ] GC(1337) Humongous regions: 80->80
[4557.545s][info][gc,metaspace   ] GC(1337) Metaspace: 28922K(29312K)->28922K(29312K) NonClass: 24053K(24256K)->24053K(24256K) Class: 4868K(5056K)->4868K(5056K)
[4557.545s][info][gc             ] GC(1337) Pause Young (Concurrent Start) (G1 Evacuation Pause) 3561M->1395M(4096M) 119.893ms
[4557.545s][info][gc             ] GC(1338) Concurrent Mark Cycle
[4557.545s][info][gc,marking     ] GC(1338) Concurrent Scan Root Regions
[4557.545s][info][gc,cpu         ] GC(1337) User=0.71s Sys=0.00s Real=0.12s
[4557.726s][info][gc,marking     ] GC(1338) Concurrent Scan Root Regions 181.367ms
[4557.726s][info][gc,marking     ] GC(1338) Concurrent Mark
[4557.726s][info][gc,marking     ] GC(1338) Concurrent Mark From Roots
[4557.726s][info][gc,task        ] GC(1338) Using 2 workers of 2 for marking
.[4558.471s][info][gc,marking     ] GC(1338) Concurrent Mark From Roots 744.256ms
[4558.471s][info][gc,marking     ] GC(1338) Concurrent Preclean
[4558.471s][info][gc,marking     ] GC(1338) Concurrent Preclean 0.103ms
[4558.473s][info][gc,start       ] GC(1338) Pause Remark
[4558.480s][info][gc             ] GC(1338) Pause Remark 2245M->2245M(4096M) 6.600ms
[4558.480s][info][gc,cpu         ] GC(1338) User=0.04s Sys=0.00s Real=0.00s
[4558.480s][info][gc,marking     ] GC(1338) Concurrent Mark 753.717ms
[4558.480s][info][gc,marking     ] GC(1338) Concurrent Rebuild Remembered Sets and Scrub Regions
.[4558.828s][info][gc,marking     ] GC(1338) Concurrent Rebuild Remembered Sets and Scrub Regions 347.940ms
[4558.829s][info][gc,start       ] GC(1338) Pause Cleanup
[4558.829s][info][gc             ] GC(1338) Pause Cleanup 2595M->2595M(4096M) 0.117ms
[4558.829s][info][gc,cpu         ] GC(1338) User=0.00s Sys=0.00s Real=0.00s
[4558.829s][info][gc,marking     ] GC(1338) Concurrent Clear Claimed Marks
[4558.829s][info][gc,marking     ] GC(1338) Concurrent Clear Claimed Marks 0.020ms
[4558.829s][info][gc,marking     ] GC(1338) Concurrent Cleanup for Next Mark
[4558.836s][info][gc,marking     ] GC(1338) Concurrent Cleanup for Next Mark 6.629ms
[4558.836s][info][gc             ] GC(1338) Concurrent Mark Cycle 1290.673ms
[4559.707s][info][gc,start       ] GC(1339) Pause Young (Prepare Mixed) (G1 Evacuation Pause)
[4559.707s][info][gc,task        ] GC(1339) Using 6 workers of 6 for evacuation
[4559.827s][info][gc,phases      ] GC(1339)   Pre Evacuate Collection Set: 0.32ms
[4559.827s][info][gc,phases      ] GC(1339)   Merge Heap Roots: 0.49ms
[4559.827s][info][gc,phases      ] GC(1339)   Evacuate Collection Set: 118.15ms
[4559.827s][info][gc,phases      ] GC(1339)   Post Evacuate Collection Set: 0.93ms
[4559.827s][info][gc,phases      ] GC(1339)   Other: 0.09ms
[4559.827s][info][gc,heap        ] GC(1339) Eden regions: 1115->0(1100)
[4559.827s][info][gc,heap        ] GC(1339) Survivor regions: 113->114(154)
[4559.828s][info][gc,heap        ] GC(1339) Old regions: 506->537
[4559.828s][info][gc,heap        ] GC(1339) Humongous regions: 80->80
[4559.828s][info][gc,metaspace   ] GC(1339) Metaspace: 28922K(29312K)->28922K(29312K) NonClass: 24053K(24256K)->24053K(24256K) Class: 4868K(5056K)->4868K(5056K)
[4559.828s][info][gc             ] GC(1339) Pause Young (Prepare Mixed) (G1 Evacuation Pause) 3625M->1459M(4096M) 120.121ms
[4559.828s][info][gc,cpu         ] GC(1339) User=0.71s Sys=0.00s Real=0.12s
...[4561.926s][info][gc,start       ] GC(1340) Pause Young (Mixed) (G1 Evacuation Pause)
[4561.926s][info][gc,task        ] GC(1340) Using 6 workers of 6 for evacuation
[4562.064s][info][gc,phases      ] GC(1340)   Pre Evacuate Collection Set: 0.36ms
[4562.064s][info][gc,phases      ] GC(1340)   Merge Heap Roots: 0.74ms
[4562.064s][info][gc,phases      ] GC(1340)   Evacuate Collection Set: 136.05ms
[4562.064s][info][gc,phases      ] GC(1340)   Post Evacuate Collection Set: 0.94ms
[4562.064s][info][gc,phases      ] GC(1340)   Other: 0.09ms
[4562.064s][info][gc,heap        ] GC(1340) Eden regions: 1100->0(1116)
[4562.064s][info][gc,heap        ] GC(1340) Survivor regions: 114->112(152)
[4562.064s][info][gc,heap        ] GC(1340) Old regions: 537->474
[4562.064s][info][gc,heap        ] GC(1340) Humongous regions: 80->80
[4562.064s][info][gc,metaspace   ] GC(1340) Metaspace: 28922K(29312K)->28922K(29312K) NonClass: 24053K(24256K)->24053K(24256K) Class: 4868K(5056K)->4868K(5056K)
[4562.064s][info][gc             ] GC(1340) Pause Young (Mixed) (G1 Evacuation Pause) 3659M->1330M(4096M) 138.297ms
[4562.064s][info][gc,cpu         ] GC(1340) User=0.82s Sys=0.00s Real=0.14s
..[4564.244s][info][gc,start       ] GC(1341) Pause Young (Concurrent Start) (G1 Evacuation Pause)
[4564.244s][info][gc,task        ] GC(1341) Using 6 workers of 6 for evacuation
[4564.363s][info][gc,phases      ] GC(1341)   Pre Evacuate Collection Set: 0.39ms
[4564.363s][info][gc,phases      ] GC(1341)   Merge Heap Roots: 0.47ms
[4564.363s][info][gc,phases      ] GC(1341)   Evacuate Collection Set: 117.42ms
[4564.363s][info][gc,phases      ] GC(1341)   Post Evacuate Collection Set: 0.87ms
[4564.363s][info][gc,phases      ] GC(1341)   Other: 0.12ms
[4564.363s][info][gc,heap        ] GC(1341) Eden regions: 1116->0(1117)
[4564.363s][info][gc,heap        ] GC(1341) Survivor regions: 112->111(154)
[4564.363s][info][gc,heap        ] GC(1341) Old regions: 474->506
[4564.363s][info][gc,heap        ] GC(1341) Humongous regions: 80->80
[4564.363s][info][gc,metaspace   ] GC(1341) Metaspace: 28922K(29312K)->28922K(29312K) NonClass: 24053K(24256K)->24053K(24256K) Class: 4868K(5056K)->4868K(5056K)
[4564.363s][info][gc             ] GC(1341) Pause Young (Concurrent Start) (G1 Evacuation Pause) 3562M->1393M(4096M) 119.382ms
[4564.363s][info][gc             ] GC(1342) Concurrent Mark Cycle
[4564.363s][info][gc,marking     ] GC(1342) Concurrent Scan Root Regions
[4564.363s][info][gc,cpu         ] GC(1341) User=0.72s Sys=0.00s Real=0.12s
[4564.558s][info][gc,marking     ] GC(1342) Concurrent Scan Root Regions 195.500ms
[4564.559s][info][gc,marking     ] GC(1342) Concurrent Mark
[4564.559s][info][gc,marking     ] GC(1342) Concurrent Mark From Roots
[4564.559s][info][gc,task        ] GC(1342) Using 2 workers of 2 for marking
.[4565.522s][info][gc,marking     ] GC(1342) Concurrent Mark From Roots 963.222ms
[4565.522s][info][gc,marking     ] GC(1342) Concurrent Preclean
[4565.522s][info][gc,marking     ] GC(1342) Concurrent Preclean 0.132ms
[4565.524s][info][gc,start       ] GC(1342) Pause Remark
[4565.532s][info][gc             ] GC(1342) Pause Remark 2491M->2491M(4096M) 7.294ms
[4565.532s][info][gc,cpu         ] GC(1342) User=0.04s Sys=0.00s Real=0.01s
[4565.532s][info][gc,marking     ] GC(1342) Concurrent Mark 973.707ms
[4565.532s][info][gc,marking     ] GC(1342) Concurrent Rebuild Remembered Sets and Scrub Regions
.[4565.898s][info][gc,marking     ] GC(1342) Concurrent Rebuild Remembered Sets and Scrub Regions 365.319ms
[4565.898s][info][gc,start       ] GC(1342) Pause Cleanup
[4565.898s][info][gc             ] GC(1342) Pause Cleanup 2933M->2933M(4096M) 0.116ms
[4565.898s][info][gc,cpu         ] GC(1342) User=0.00s Sys=0.00s Real=0.00s
[4565.898s][info][gc,marking     ] GC(1342) Concurrent Clear Claimed Marks
[4565.898s][info][gc,marking     ] GC(1342) Concurrent Clear Claimed Marks 0.023ms
[4565.898s][info][gc,marking     ] GC(1342) Concurrent Cleanup for Next Mark
[4565.903s][info][gc,marking     ] GC(1342) Concurrent Cleanup for Next Mark 4.996ms
[4565.903s][info][gc             ] GC(1342) Concurrent Mark Cycle 1540.031ms
[4566.637s][info][gc,start       ] GC(1343) Pause Young (Prepare Mixed) (G1 Evacuation Pause)
[4566.637s][info][gc,task        ] GC(1343) Using 6 workers of 6 for evacuation
[4566.754s][info][gc,phases      ] GC(1343)   Pre Evacuate Collection Set: 0.31ms
[4566.754s][info][gc,phases      ] GC(1343)   Merge Heap Roots: 0.50ms
[4566.754s][info][gc,phases      ] GC(1343)   Evacuate Collection Set: 115.41ms
[4566.754s][info][gc,phases      ] GC(1343)   Post Evacuate Collection Set: 0.89ms
[4566.754s][info][gc,phases      ] GC(1343)   Other: 0.08ms
[4566.754s][info][gc,heap        ] GC(1343) Eden regions: 1117->0(1105)
[4566.754s][info][gc,heap        ] GC(1343) Survivor regions: 111->111(154)
[4566.754s][info][gc,heap        ] GC(1343) Old regions: 506->538
[4566.754s][info][gc,heap        ] GC(1343) Humongous regions: 80->80
[4566.754s][info][gc,metaspace   ] GC(1343) Metaspace: 28922K(29312K)->28922K(29312K) NonClass: 24053K(24256K)->24053K(24256K) Class: 4868K(5056K)->4868K(5056K)
[4566.754s][info][gc             ] GC(1343) Pause Young (Prepare Mixed) (G1 Evacuation Pause) 3627M->1456M(4096M) 117.326ms
[4566.754s][info][gc,cpu         ] GC(1343) User=0.70s Sys=0.00s Real=0.12s
...[4568.882s][info][gc,start       ] GC(1344) Pause Young (Mixed) (G1 Evacuation Pause)
[4568.882s][info][gc,task        ] GC(1344) Using 6 workers of 6 for evacuation
[4569.016s][info][gc,phases      ] GC(1344)   Pre Evacuate Collection Set: 0.37ms
[4569.016s][info][gc,phases      ] GC(1344)   Merge Heap Roots: 0.69ms
[4569.016s][info][gc,phases      ] GC(1344)   Evacuate Collection Set: 132.25ms
[4569.016s][info][gc,phases      ] GC(1344)   Post Evacuate Collection Set: 0.94ms
[4569.016s][info][gc,phases      ] GC(1344)   Other: 0.09ms
[4569.016s][info][gc,heap        ] GC(1344) Eden regions: 1105->0(1118)
[4569.016s][info][gc,heap        ] GC(1344) Survivor regions: 111->110(152)
[4569.016s][info][gc,heap        ] GC(1344) Old regions: 538->474
[4569.016s][info][gc,heap        ] GC(1344) Humongous regions: 80->80
[4569.016s][info][gc,metaspace   ] GC(1344) Metaspace: 28922K(29312K)->28922K(29312K) NonClass: 24053K(24256K)->24053K(24256K) Class: 4868K(5056K)->4868K(5056K)
[4569.016s][info][gc             ] GC(1344) Pause Young (Mixed) (G1 Evacuation Pause) 3666M->1326M(4096M) 134.464ms
[4569.016s][info][gc,cpu         ] GC(1344) User=0.80s Sys=0.00s Real=0.14s
..[4571.204s][info][gc,start       ] GC(1345) Pause Young (Concurrent Start) (G1 Evacuation Pause)
[4571.204s][info][gc,task        ] GC(1345) Using 6 workers of 6 for evacuation
[4571.324s][info][gc,phases      ] GC(1345)   Pre Evacuate Collection Set: 0.36ms
[4571.324s][info][gc,phases      ] GC(1345)   Merge Heap Roots: 0.45ms
[4571.324s][info][gc,phases      ] GC(1345)   Evacuate Collection Set: 118.66ms
[4571.324s][info][gc,phases      ] GC(1345)   Post Evacuate Collection Set: 0.85ms
[4571.324s][info][gc,phases      ] GC(1345)   Other: 0.12ms
[4571.324s][info][gc,heap        ] GC(1345) Eden regions: 1118->0(1117)
[4571.324s][info][gc,heap        ] GC(1345) Survivor regions: 110->111(154)
[4571.324s][info][gc,heap        ] GC(1345) Old regions: 474->507
[4571.324s][info][gc,heap        ] GC(1345) Humongous regions: 80->80
[4571.324s][info][gc,metaspace   ] GC(1345) Metaspace: 28922K(29312K)->28922K(29312K) NonClass: 24053K(24256K)->24053K(24256K) Class: 4868K(5056K)->4868K(5056K)
[4571.324s][info][gc             ] GC(1345) Pause Young (Concurrent Start) (G1 Evacuation Pause) 3562M->1394M(4096M) 120.573ms
[4571.324s][info][gc             ] GC(1346) Concurrent Mark Cycle
[4571.324s][info][gc,marking     ] GC(1346) Concurrent Scan Root Regions
[4571.324s][info][gc,cpu         ] GC(1345) User=0.71s Sys=0.00s Real=0.12s
[4571.624s][info][gc,marking     ] GC(1346) Concurrent Scan Root Regions 300.178ms
[4571.624s][info][gc,marking     ] GC(1346) Concurrent Mark
[4571.624s][info][gc,marking     ] GC(1346) Concurrent Mark From Roots
[4571.624s][info][gc,task        ] GC(1346) Using 2 workers of 2 for marking
.[4572.584s][info][gc,marking     ] GC(1346) Concurrent Mark From Roots 959.160ms
[4572.584s][info][gc,marking     ] GC(1346) Concurrent Preclean
[4572.584s][info][gc,marking     ] GC(1346) Concurrent Preclean 0.105ms
[4572.584s][info][gc,start       ] GC(1346) Pause Remark
[4572.590s][info][gc             ] GC(1346) Pause Remark 2598M->2598M(4096M) 6.529ms
[4572.590s][info][gc,cpu         ] GC(1346) User=0.04s Sys=0.00s Real=0.00s
[4572.591s][info][gc,marking     ] GC(1346) Concurrent Mark 966.224ms
[4572.591s][info][gc,marking     ] GC(1346) Concurrent Rebuild Remembered Sets and Scrub Regions
.[4572.941s][info][gc,marking     ] GC(1346) Concurrent Rebuild Remembered Sets and Scrub Regions 350.160ms
[4572.941s][info][gc,start       ] GC(1346) Pause Cleanup
[4572.941s][info][gc             ] GC(1346) Pause Cleanup 2994M->2994M(4096M) 0.106ms
[4572.941s][info][gc,cpu         ] GC(1346) User=0.00s Sys=0.00s Real=0.00s
[4572.941s][info][gc,marking     ] GC(1346) Concurrent Clear Claimed Marks
[4572.941s][info][gc,marking     ] GC(1346) Concurrent Clear Claimed Marks 0.032ms
[4572.941s][info][gc,marking     ] GC(1346) Concurrent Cleanup for Next Mark
[4572.947s][info][gc,marking     ] GC(1346) Concurrent Cleanup for Next Mark 5.421ms
[4572.947s][info][gc             ] GC(1346) Concurrent Mark Cycle 1622.540ms
[4573.575s][info][gc,start       ] GC(1347) Pause Young (Prepare Mixed) (G1 Evacuation Pause)
[4573.575s][info][gc,task        ] GC(1347) Using 6 workers of 6 for evacuation
[4573.691s][info][gc,phases      ] GC(1347)   Pre Evacuate Collection Set: 0.36ms
[4573.691s][info][gc,phases      ] GC(1347)   Merge Heap Roots: 0.50ms
[4573.691s][info][gc,phases      ] GC(1347)   Evacuate Collection Set: 114.26ms
[4573.691s][info][gc,phases      ] GC(1347)   Post Evacuate Collection Set: 0.94ms
[4573.691s][info][gc,phases      ] GC(1347)   Other: 0.09ms
[4573.691s][info][gc,heap        ] GC(1347) Eden regions: 1117->0(1111)
[4573.691s][info][gc,heap        ] GC(1347) Survivor regions: 111->108(154)
[4573.691s][info][gc,heap        ] GC(1347) Old regions: 507->538
[4573.691s][info][gc,heap        ] GC(1347) Humongous regions: 80->80
[4573.691s][info][gc,metaspace   ] GC(1347) Metaspace: 28922K(29312K)->28922K(29312K) NonClass: 24053K(24256K)->24053K(24256K) Class: 4868K(5056K)->4868K(5056K)
[4573.691s][info][gc             ] GC(1347) Pause Young (Prepare Mixed) (G1 Evacuation Pause) 3628M->1450M(4096M) 116.270ms
[4573.691s][info][gc,cpu         ] GC(1347) User=0.69s Sys=0.00s Real=0.11s
..[4575.882s][info][gc,start       ] GC(1348) Pause Young (Mixed) (G1 Evacuation Pause)
[4575.882s][info][gc,task        ] GC(1348) Using 6 workers of 6 for evacuation
[4576.015s][info][gc,phases      ] GC(1348)   Pre Evacuate Collection Set: 0.35ms
[4576.015s][info][gc,phases      ] GC(1348)   Merge Heap Roots: 0.66ms
[4576.015s][info][gc,phases      ] GC(1348)   Evacuate Collection Set: 131.66ms
[4576.015s][info][gc,phases      ] GC(1348)   Post Evacuate Collection Set: 0.94ms
[4576.015s][info][gc,phases      ] GC(1348)   Other: 0.08ms
[4576.015s][info][gc,heap        ] GC(1348) Eden regions: 1111->0(1118)
[4576.015s][info][gc,heap        ] GC(1348) Survivor regions: 108->110(153)
[4576.015s][info][gc,heap        ] GC(1348) Old regions: 538->477
[4576.015s][info][gc,heap        ] GC(1348) Humongous regions: 80->80
[4576.015s][info][gc,metaspace   ] GC(1348) Metaspace: 28922K(29312K)->28922K(29312K) NonClass: 24053K(24256K)->24053K(24256K) Class: 4868K(5056K)->4868K(5056K)
[4576.015s][info][gc             ] GC(1348) Pause Young (Mixed) (G1 Evacuation Pause) 3672M->1332M(4096M) 133.821ms
[4576.015s][info][gc,cpu         ] GC(1348) User=0.80s Sys=0.00s Real=0.14s
...[4578.145s][info][gc,start       ] GC(1349) Pause Young (Concurrent Start) (G1 Evacuation Pause)
[4578.145s][info][gc,task        ] GC(1349) Using 6 workers of 6 for evacuation
[4578.260s][info][gc,phases      ] GC(1349)   Pre Evacuate Collection Set: 0.40ms
[4578.260s][info][gc,phases      ] GC(1349)   Merge Heap Roots: 0.49ms
[4578.260s][info][gc,phases      ] GC(1349)   Evacuate Collection Set: 112.61ms
[4578.260s][info][gc,phases      ] GC(1349)   Post Evacuate Collection Set: 0.85ms
[4578.260s][info][gc,phases      ] GC(1349)   Other: 0.10ms
[4578.260s][info][gc,heap        ] GC(1349) Eden regions: 1118->0(1121)
[4578.260s][info][gc,heap        ] GC(1349) Survivor regions: 110->107(154)
[4578.260s][info][gc,heap        ] GC(1349) Old regions: 477->509
[4578.260s][info][gc,heap        ] GC(1349) Humongous regions: 80->80
[4578.260s][info][gc,metaspace   ] GC(1349) Metaspace: 28922K(29312K)->28922K(29312K) NonClass: 24053K(24256K)->24053K(24256K) Class: 4868K(5056K)->4868K(5056K)
[4578.260s][info][gc             ] GC(1349) Pause Young (Concurrent Start) (G1 Evacuation Pause) 3568M->1390M(4096M) 114.580ms
[4578.260s][info][gc             ] GC(1350) Concurrent Mark Cycle
[4578.260s][info][gc,marking     ] GC(1350) Concurrent Scan Root Regions
[4578.260s][info][gc,cpu         ] GC(1349) User=0.68s Sys=0.00s Real=0.11s
[4578.441s][info][gc,marking     ] GC(1350) Concurrent Scan Root Regions 181.172ms
[4578.441s][info][gc,marking     ] GC(1350) Concurrent Mark
[4578.441s][info][gc,marking     ] GC(1350) Concurrent Mark From Roots
[4578.441s][info][gc,task        ] GC(1350) Using 2 workers of 2 for marking
[4579.177s][info][gc,marking     ] GC(1350) Concurrent Mark From Roots 735.825ms
.[4579.177s][info][gc,marking     ] GC(1350) Concurrent Preclean
[4579.177s][info][gc,marking     ] GC(1350) Concurrent Preclean 0.097ms
[4579.177s][info][gc,start       ] GC(1350) Pause Remark
[4579.182s][info][gc             ] GC(1350) Pause Remark 2248M->2248M(4096M) 4.899ms
[4579.182s][info][gc,cpu         ] GC(1350) User=0.02s Sys=0.00s Real=0.01s
[4579.182s][info][gc,marking     ] GC(1350) Concurrent Mark 741.184ms
[4579.182s][info][gc,marking     ] GC(1350) Concurrent Rebuild Remembered Sets and Scrub Regions
[4579.443s][info][gc,marking     ] GC(1350) Concurrent Rebuild Remembered Sets and Scrub Regions 260.743ms
[4579.445s][info][gc,start       ] GC(1350) Pause Cleanup
[4579.445s][info][gc             ] GC(1350) Pause Cleanup 2532M->2532M(4096M) 0.137ms
[4579.445s][info][gc,cpu         ] GC(1350) User=0.00s Sys=0.00s Real=0.00s
[4579.445s][info][gc,marking     ] GC(1350) Concurrent Clear Claimed Marks
[4579.445s][info][gc,marking     ] GC(1350) Concurrent Clear Claimed Marks 0.023ms
[4579.445s][info][gc,marking     ] GC(1350) Concurrent Cleanup for Next Mark
[4579.454s][info][gc,marking     ] GC(1350) Concurrent Cleanup for Next Mark 8.817ms
[4579.454s][info][gc             ] GC(1350) Concurrent Mark Cycle 1193.723ms
.[4580.438s][info][gc,start       ] GC(1351) Pause Young (Prepare Mixed) (G1 Evacuation Pause)
[4580.438s][info][gc,task        ] GC(1351) Using 6 workers of 6 for evacuation
[4580.556s][info][gc,phases      ] GC(1351)   Pre Evacuate Collection Set: 0.32ms
[4580.556s][info][gc,phases      ] GC(1351)   Merge Heap Roots: 0.53ms
[4580.556s][info][gc,phases      ] GC(1351)   Evacuate Collection Set: 115.93ms
[4580.556s][info][gc,phases      ] GC(1351)   Post Evacuate Collection Set: 0.91ms
[4580.556s][info][gc,phases      ] GC(1351)   Other: 0.09ms
[4580.556s][info][gc,heap        ] GC(1351) Eden regions: 1121->0(1102)
[4580.556s][info][gc,heap        ] GC(1351) Survivor regions: 107->111(154)
[4580.556s][info][gc,heap        ] GC(1351) Old regions: 509->541
[4580.556s][info][gc,heap        ] GC(1351) Humongous regions: 80->80
[4580.556s][info][gc,metaspace   ] GC(1351) Metaspace: 28922K(29312K)->28922K(29312K) NonClass: 24053K(24256K)->24053K(24256K) Class: 4868K(5056K)->4868K(5056K)
[4580.556s][info][gc             ] GC(1351) Pause Young (Prepare Mixed) (G1 Evacuation Pause) 3632M->1462M(4096M) 117.927ms
[4580.556s][info][gc,cpu         ] GC(1351) User=0.70s Sys=0.00s Real=0.12s
..[4582.801s][info][gc,start       ] GC(1352) Pause Young (Mixed) (G1 Evacuation Pause)
[4582.801s][info][gc,task        ] GC(1352) Using 6 workers of 6 for evacuation
[4582.934s][info][gc,phases      ] GC(1352)   Pre Evacuate Collection Set: 0.39ms
[4582.934s][info][gc,phases      ] GC(1352)   Merge Heap Roots: 0.62ms
[4582.934s][info][gc,phases      ] GC(1352)   Evacuate Collection Set: 130.65ms
[4582.934s][info][gc,phases      ] GC(1352)   Post Evacuate Collection Set: 0.95ms
[4582.934s][info][gc,phases      ] GC(1352)   Other: 0.09ms
[4582.934s][info][gc,heap        ] GC(1352) Eden regions: 1102->0(1116)
[4582.934s][info][gc,heap        ] GC(1352) Survivor regions: 111->112(152)
[4582.934s][info][gc,heap        ] GC(1352) Old regions: 541->473
[4582.934s][info][gc,heap        ] GC(1352) Humongous regions: 80->80
[4582.934s][info][gc,metaspace   ] GC(1352) Metaspace: 28922K(29312K)->28922K(29312K) NonClass: 24053K(24256K)->24053K(24256K) Class: 4868K(5056K)->4868K(5056K)
[4582.934s][info][gc             ] GC(1352) Pause Young (Mixed) (G1 Evacuation Pause) 3666M->1328M(4096M) 132.814ms
[4582.934s][info][gc,cpu         ] GC(1352) User=0.79s Sys=0.00s Real=0.14s
..[4585.006s][info][gc,start       ] GC(1353) Pause Young (Concurrent Start) (G1 Evacuation Pause)
[4585.006s][info][gc,task        ] GC(1353) Using 6 workers of 6 for evacuation
[4585.120s][info][gc,phases      ] GC(1353)   Pre Evacuate Collection Set: 0.37ms
[4585.120s][info][gc,phases      ] GC(1353)   Merge Heap Roots: 0.45ms
[4585.120s][info][gc,phases      ] GC(1353)   Evacuate Collection Set: 112.28ms
[4585.120s][info][gc,phases      ] GC(1353)   Post Evacuate Collection Set: 0.87ms
[4585.120s][info][gc,phases      ] GC(1353)   Other: 0.11ms
[4585.120s][info][gc,heap        ] GC(1353) Eden regions: 1116->0(1121)
[4585.120s][info][gc,heap        ] GC(1353) Survivor regions: 112->107(154)
[4585.120s][info][gc,heap        ] GC(1353) Old regions: 473->506
[4585.120s][info][gc,heap        ] GC(1353) Humongous regions: 80->80
[4585.120s][info][gc,metaspace   ] GC(1353) Metaspace: 28922K(29312K)->28922K(29312K) NonClass: 24053K(24256K)->24053K(24256K) Class: 4868K(5056K)->4868K(5056K)
[4585.120s][info][gc             ] GC(1353) Pause Young (Concurrent Start) (G1 Evacuation Pause) 3560M->1383M(4096M) 114.238ms
[4585.120s][info][gc             ] GC(1354) Concurrent Mark Cycle
[4585.120s][info][gc,marking     ] GC(1354) Concurrent Scan Root Regions
[4585.120s][info][gc,cpu         ] GC(1353) User=0.68s Sys=0.00s Real=0.11s
.[4585.313s][info][gc,marking     ] GC(1354) Concurrent Scan Root Regions 192.343ms
[4585.313s][info][gc,marking     ] GC(1354) Concurrent Mark
[4585.313s][info][gc,marking     ] GC(1354) Concurrent Mark From Roots
[4585.313s][info][gc,task        ] GC(1354) Using 2 workers of 2 for marking
.[4586.347s][info][gc,marking     ] GC(1354) Concurrent Mark From Roots 1034.248ms
[4586.347s][info][gc,marking     ] GC(1354) Concurrent Preclean
[4586.347s][info][gc,marking     ] GC(1354) Concurrent Preclean 0.094ms
[4586.349s][info][gc,start       ] GC(1354) Pause Remark
[4586.355s][info][gc             ] GC(1354) Pause Remark 2599M->2599M(4096M) 6.116ms
[4586.355s][info][gc,cpu         ] GC(1354) User=0.04s Sys=0.00s Real=0.01s
[4586.355s][info][gc,marking     ] GC(1354) Concurrent Mark 1042.843ms
[4586.355s][info][gc,marking     ] GC(1354) Concurrent Rebuild Remembered Sets and Scrub Regions
[4586.712s][info][gc,marking     ] GC(1354) Concurrent Rebuild Remembered Sets and Scrub Regions 356.703ms
[4586.715s][info][gc,start       ] GC(1354) Pause Cleanup
[4586.715s][info][gc             ] GC(1354) Pause Cleanup 2929M->2929M(4096M) 0.137ms
[4586.715s][info][gc,cpu         ] GC(1354) User=0.00s Sys=0.00s Real=0.00s
[4586.715s][info][gc,marking     ] GC(1354) Concurrent Clear Claimed Marks
[4586.715s][info][gc,marking     ] GC(1354) Concurrent Clear Claimed Marks 0.023ms
[4586.715s][info][gc,marking     ] GC(1354) Concurrent Cleanup for Next Mark
[4586.720s][info][gc,marking     ] GC(1354) Concurrent Cleanup for Next Mark 4.834ms
[4586.720s][info][gc             ] GC(1354) Concurrent Mark Cycle 1600.170ms
.[4587.397s][info][gc,start       ] GC(1355) Pause Young (Prepare Mixed) (G1 Evacuation Pause)
[4587.397s][info][gc,task        ] GC(1355) Using 6 workers of 6 for evacuation
[4587.525s][info][gc,phases      ] GC(1355)   Pre Evacuate Collection Set: 0.29ms
[4587.525s][info][gc,phases      ] GC(1355)   Merge Heap Roots: 0.49ms
[4587.525s][info][gc,phases      ] GC(1355)   Evacuate Collection Set: 126.53ms
[4587.525s][info][gc,phases      ] GC(1355)   Post Evacuate Collection Set: 0.93ms
[4587.525s][info][gc,phases      ] GC(1355)   Other: 0.08ms
[4587.525s][info][gc,heap        ] GC(1355) Eden regions: 1121->0(1093)
[4587.525s][info][gc,heap        ] GC(1355) Survivor regions: 107->117(154)
[4587.525s][info][gc,heap        ] GC(1355) Old regions: 506->538
[4587.525s][info][gc,heap        ] GC(1355) Humongous regions: 80->80
[4587.525s][info][gc,metaspace   ] GC(1355) Metaspace: 28922K(29312K)->28922K(29312K) NonClass: 24053K(24256K)->24053K(24256K) Class: 4868K(5056K)->4868K(5056K)
[4587.525s][info][gc             ] GC(1355) Pause Young (Prepare Mixed) (G1 Evacuation Pause) 3625M->1468M(4096M) 128.459ms
[4587.525s][info][gc,cpu         ] GC(1355) User=0.77s Sys=0.00s Real=0.13s
..[4589.582s][info][gc,start       ] GC(1356) Pause Young (Mixed) (G1 Evacuation Pause)
[4589.582s][info][gc,task        ] GC(1356) Using 6 workers of 6 for evacuation
[4589.719s][info][gc,phases      ] GC(1356)   Pre Evacuate Collection Set: 0.33ms
[4589.719s][info][gc,phases      ] GC(1356)   Merge Heap Roots: 0.69ms
[4589.719s][info][gc,phases      ] GC(1356)   Evacuate Collection Set: 135.10ms
[4589.719s][info][gc,phases      ] GC(1356)   Post Evacuate Collection Set: 0.92ms
[4589.719s][info][gc,phases      ] GC(1356)   Other: 0.08ms
[4589.719s][info][gc,heap        ] GC(1356) Eden regions: 1093->0(1115)
[4589.719s][info][gc,heap        ] GC(1356) Survivor regions: 117->113(152)
[4589.719s][info][gc,heap        ] GC(1356) Old regions: 538->473
[4589.719s][info][gc,heap        ] GC(1356) Humongous regions: 80->80
[4589.719s][info][gc,metaspace   ] GC(1356) Metaspace: 28922K(29312K)->28922K(29312K) NonClass: 24053K(24256K)->24053K(24256K) Class: 4868K(5056K)->4868K(5056K)
[4589.719s][info][gc             ] GC(1356) Pause Young (Mixed) (G1 Evacuation Pause) 3654M->1330M(4096M) 137.276ms
[4589.719s][info][gc,cpu         ] GC(1356) User=0.82s Sys=0.00s Real=0.13s
..[4591.900s][info][gc,start       ] GC(1357) Pause Young (Concurrent Start) (G1 Evacuation Pause)
[4591.900s][info][gc,task        ] GC(1357) Using 6 workers of 6 for evacuation
[4592.021s][info][gc,phases      ] GC(1357)   Pre Evacuate Collection Set: 0.34ms
[4592.021s][info][gc,phases      ] GC(1357)   Merge Heap Roots: 0.46ms
[4592.021s][info][gc,phases      ] GC(1357)   Evacuate Collection Set: 119.27ms
[4592.021s][info][gc,phases      ] GC(1357)   Post Evacuate Collection Set: 0.88ms
[4592.021s][info][gc,phases      ] GC(1357)   Other: 0.10ms
[4592.021s][info][gc,heap        ] GC(1357) Eden regions: 1115->0(1116)
[4592.021s][info][gc,heap        ] GC(1357) Survivor regions: 113->112(154)
[4592.021s][info][gc,heap        ] GC(1357) Old regions: 473->505
[4592.021s][info][gc,heap        ] GC(1357) Humongous regions: 80->80
[4592.021s][info][gc,metaspace   ] GC(1357) Metaspace: 28922K(29312K)->28922K(29312K) NonClass: 24053K(24256K)->24053K(24256K) Class: 4868K(5056K)->4868K(5056K)
[4592.021s][info][gc             ] GC(1357) Pause Young (Concurrent Start) (G1 Evacuation Pause) 3560M->1392M(4096M) 121.183ms
[4592.022s][info][gc             ] GC(1358) Concurrent Mark Cycle
[4592.022s][info][gc,marking     ] GC(1358) Concurrent Scan Root Regions
[4592.022s][info][gc,cpu         ] GC(1357) User=0.72s Sys=0.00s Real=0.12s
[4592.207s][info][gc,marking     ] GC(1358) Concurrent Scan Root Regions 185.122ms
[4592.207s][info][gc,marking     ] GC(1358) Concurrent Mark
[4592.207s][info][gc,marking     ] GC(1358) Concurrent Mark From Roots
[4592.207s][info][gc,task        ] GC(1358) Using 2 workers of 2 for marking
.[4593.206s][info][gc,marking     ] GC(1358) Concurrent Mark From Roots 999.175ms
[4593.206s][info][gc,marking     ] GC(1358) Concurrent Preclean
[4593.206s][info][gc,marking     ] GC(1358) Concurrent Preclean 0.105ms
[4593.209s][info][gc,start       ] GC(1358) Pause Remark
[4593.216s][info][gc             ] GC(1358) Pause Remark 2464M->2464M(4096M) 7.245ms
[4593.216s][info][gc,cpu         ] GC(1358) User=0.04s Sys=0.00s Real=0.01s
[4593.216s][info][gc,marking     ] GC(1358) Concurrent Mark 1009.489ms
[4593.216s][info][gc,marking     ] GC(1358) Concurrent Rebuild Remembered Sets and Scrub Regions
.[4593.583s][info][gc,marking     ] GC(1358) Concurrent Rebuild Remembered Sets and Scrub Regions 366.435ms
[4593.585s][info][gc,start       ] GC(1358) Pause Cleanup
[4593.585s][info][gc             ] GC(1358) Pause Cleanup 2888M->2888M(4096M) 0.144ms
[4593.586s][info][gc,cpu         ] GC(1358) User=0.00s Sys=0.00s Real=0.00s
[4593.586s][info][gc,marking     ] GC(1358) Concurrent Clear Claimed Marks
[4593.586s][info][gc,marking     ] GC(1358) Concurrent Clear Claimed Marks 0.028ms
[4593.586s][info][gc,marking     ] GC(1358) Concurrent Cleanup for Next Mark
[4593.591s][info][gc,marking     ] GC(1358) Concurrent Cleanup for Next Mark 4.987ms
[4593.591s][info][gc             ] GC(1358) Concurrent Mark Cycle 1569.158ms
[4594.243s][info][gc,start       ] GC(1359) Pause Young (Prepare Mixed) (G1 Evacuation Pause)
[4594.243s][info][gc,task        ] GC(1359) Using 6 workers of 6 for evacuation
[4594.363s][info][gc,phases      ] GC(1359)   Pre Evacuate Collection Set: 0.34ms
[4594.364s][info][gc,phases      ] GC(1359)   Merge Heap Roots: 0.51ms
[4594.364s][info][gc,phases      ] GC(1359)   Evacuate Collection Set: 118.35ms
[4594.364s][info][gc,phases      ] GC(1359)   Post Evacuate Collection Set: 0.92ms
[4594.364s][info][gc,phases      ] GC(1359)   Other: 0.08ms
[4594.364s][info][gc,heap        ] GC(1359) Eden regions: 1116->0(1104)
[4594.364s][info][gc,heap        ] GC(1359) Survivor regions: 112->112(154)
[4594.364s][info][gc,heap        ] GC(1359) Old regions: 505->537
[4594.364s][info][gc,heap        ] GC(1359) Humongous regions: 80->80
[4594.364s][info][gc,metaspace   ] GC(1359) Metaspace: 28922K(29312K)->28922K(29312K) NonClass: 24053K(24256K)->24053K(24256K) Class: 4868K(5056K)->4868K(5056K)
[4594.364s][info][gc             ] GC(1359) Pause Young (Prepare Mixed) (G1 Evacuation Pause) 3624M->1456M(4096M) 121.068ms
[4594.364s][info][gc,cpu         ] GC(1359) User=0.72s Sys=0.00s Real=0.12s
...[4596.544s][info][gc,start       ] GC(1360) Pause Young (Mixed) (G1 Evacuation Pause)
[4596.545s][info][gc,task        ] GC(1360) Using 6 workers of 6 for evacuation
[4596.679s][info][gc,phases      ] GC(1360)   Pre Evacuate Collection Set: 0.34ms
[4596.679s][info][gc,phases      ] GC(1360)   Merge Heap Roots: 0.71ms
[4596.679s][info][gc,phases      ] GC(1360)   Evacuate Collection Set: 132.09ms
[4596.679s][info][gc,phases      ] GC(1360)   Post Evacuate Collection Set: 0.94ms
[4596.679s][info][gc,phases      ] GC(1360)   Other: 0.09ms
[4596.679s][info][gc,heap        ] GC(1360) Eden regions: 1104->0(1119)
[4596.679s][info][gc,heap        ] GC(1360) Survivor regions: 112->109(152)
[4596.679s][info][gc,heap        ] GC(1360) Old regions: 537->474
[4596.679s][info][gc,heap        ] GC(1360) Humongous regions: 80->80
[4596.679s][info][gc,metaspace   ] GC(1360) Metaspace: 28922K(29312K)->28922K(29312K) NonClass: 24053K(24256K)->24053K(24256K) Class: 4868K(5056K)->4868K(5056K)
[4596.679s][info][gc             ] GC(1360) Pause Young (Mixed) (G1 Evacuation Pause) 3664M->1325M(4096M) 134.292ms
[4596.679s][info][gc,cpu         ] GC(1360) User=0.80s Sys=0.00s Real=0.13s
..[4598.812s][info][gc,start       ] GC(1361) Pause Young (Concurrent Start) (G1 Evacuation Pause)
[4598.812s][info][gc,task        ] GC(1361) Using 6 workers of 6 for evacuation
[4598.933s][info][gc,phases      ] GC(1361)   Pre Evacuate Collection Set: 0.36ms
[4598.933s][info][gc,phases      ] GC(1361)   Merge Heap Roots: 0.45ms
[4598.933s][info][gc,phases      ] GC(1361)   Evacuate Collection Set: 118.79ms
[4598.933s][info][gc,phases      ] GC(1361)   Post Evacuate Collection Set: 0.85ms
[4598.933s][info][gc,phases      ] GC(1361)   Other: 0.10ms
[4598.933s][info][gc,heap        ] GC(1361) Eden regions: 1119->0(1116)
[4598.933s][info][gc,heap        ] GC(1361) Survivor regions: 109->112(154)
[4598.933s][info][gc,heap        ] GC(1361) Old regions: 474->506
[4598.933s][info][gc,heap        ] GC(1361) Humongous regions: 80->80
[4598.933s][info][gc,metaspace   ] GC(1361) Metaspace: 28922K(29312K)->28922K(29312K) NonClass: 24053K(24256K)->24053K(24256K) Class: 4868K(5056K)->4868K(5056K)
[4598.933s][info][gc             ] GC(1361) Pause Young (Concurrent Start) (G1 Evacuation Pause) 3563M->1394M(4096M) 120.687ms
[4598.933s][info][gc             ] GC(1362) Concurrent Mark Cycle
[4598.933s][info][gc,marking     ] GC(1362) Concurrent Scan Root Regions
[4598.933s][info][gc,cpu         ] GC(1361) User=0.72s Sys=0.00s Real=0.12s
[4599.131s][info][gc,marking     ] GC(1362) Concurrent Scan Root Regions 198.290ms
[4599.131s][info][gc,marking     ] GC(1362) Concurrent Mark
[4599.131s][info][gc,marking     ] GC(1362) Concurrent Mark From Roots
[4599.131s][info][gc,task        ] GC(1362) Using 2 workers of 2 for marking
.[4600.183s][info][gc,marking     ] GC(1362) Concurrent Mark From Roots 1051.737ms
[4600.183s][info][gc,marking     ] GC(1362) Concurrent Preclean
[4600.183s][info][gc,marking     ] GC(1362) Concurrent Preclean 0.107ms
[4600.185s][info][gc,start       ] GC(1362) Pause Remark
[4600.188s][info][gc             ] GC(1362) Pause Remark 2560M->2560M(4096M) 3.483ms
[4600.188s][info][gc,cpu         ] GC(1362) User=0.02s Sys=0.00s Real=0.00s
[4600.189s][info][gc,marking     ] GC(1362) Concurrent Mark 1057.413ms
[4600.189s][info][gc,marking     ] GC(1362) Concurrent Rebuild Remembered Sets and Scrub Regions
[4600.466s][info][gc,marking     ] GC(1362) Concurrent Rebuild Remembered Sets and Scrub Regions 277.134ms
[4600.467s][info][gc,start       ] GC(1362) Pause Cleanup
[4600.467s][info][gc             ] GC(1362) Pause Cleanup 2848M->2848M(4096M) 0.118ms
[4600.467s][info][gc,cpu         ] GC(1362) User=0.00s Sys=0.00s Real=0.00s
[4600.467s][info][gc,marking     ] GC(1362) Concurrent Clear Claimed Marks
[4600.467s][info][gc,marking     ] GC(1362) Concurrent Clear Claimed Marks 0.019ms
[4600.467s][info][gc,marking     ] GC(1362) Concurrent Cleanup for Next Mark
[4600.476s][info][gc,marking     ] GC(1362) Concurrent Cleanup for Next Mark 9.283ms
[4600.476s][info][gc             ] GC(1362) Concurrent Mark Cycle 1543.219ms
.[4601.177s][info][gc,start       ] GC(1363) Pause Young (Prepare Mixed) (G1 Evacuation Pause)
[4601.177s][info][gc,task        ] GC(1363) Using 6 workers of 6 for evacuation
[4601.294s][info][gc,phases      ] GC(1363)   Pre Evacuate Collection Set: 0.34ms
[4601.294s][info][gc,phases      ] GC(1363)   Merge Heap Roots: 0.52ms
[4601.294s][info][gc,phases      ] GC(1363)   Evacuate Collection Set: 114.79ms
[4601.294s][info][gc,phases      ] GC(1363)   Post Evacuate Collection Set: 0.90ms
[4601.294s][info][gc,phases      ] GC(1363)   Other: 0.09ms
[4601.294s][info][gc,heap        ] GC(1363) Eden regions: 1116->0(1108)
[4601.294s][info][gc,heap        ] GC(1363) Survivor regions: 112->109(154)
[4601.294s][info][gc,heap        ] GC(1363) Old regions: 506->539
[4601.294s][info][gc,heap        ] GC(1363) Humongous regions: 80->80
[4601.294s][info][gc,metaspace   ] GC(1363) Metaspace: 28922K(29312K)->28922K(29312K) NonClass: 24053K(24256K)->24053K(24256K) Class: 4868K(5056K)->4868K(5056K)
[4601.294s][info][gc             ] GC(1363) Pause Young (Prepare Mixed) (G1 Evacuation Pause) 3626M->1453M(4096M) 116.773ms
[4601.294s][info][gc,cpu         ] GC(1363) User=0.69s Sys=0.00s Real=0.12s
..[4603.544s][info][gc,start       ] GC(1364) Pause Young (Mixed) (G1 Evacuation Pause)
[4603.544s][info][gc,task        ] GC(1364) Using 6 workers of 6 for evacuation
[4603.677s][info][gc,phases      ] GC(1364)   Pre Evacuate Collection Set: 0.41ms
[4603.677s][info][gc,phases      ] GC(1364)   Merge Heap Roots: 0.83ms
[4603.677s][info][gc,phases      ] GC(1364)   Evacuate Collection Set: 130.79ms
[4603.677s][info][gc,phases      ] GC(1364)   Post Evacuate Collection Set: 0.94ms
[4603.677s][info][gc,phases      ] GC(1364)   Other: 0.09ms
[4603.677s][info][gc,heap        ] GC(1364) Eden regions: 1108->0(1119)
[4603.677s][info][gc,heap        ] GC(1364) Survivor regions: 109->109(153)
[4603.677s][info][gc,heap        ] GC(1364) Old regions: 539->476
[4603.677s][info][gc,heap        ] GC(1364) Humongous regions: 80->80
[4603.677s][info][gc,metaspace   ] GC(1364) Metaspace: 28922K(29312K)->28922K(29312K) NonClass: 24053K(24256K)->24053K(24256K) Class: 4868K(5056K)->4868K(5056K)
[4603.677s][info][gc             ] GC(1364) Pause Young (Mixed) (G1 Evacuation Pause) 3669M->1328M(4096M) 133.229ms
[4603.677s][info][gc,cpu         ] GC(1364) User=0.79s Sys=0.00s Real=0.13s
...[4605.769s][info][gc,start       ] GC(1365) Pause Young (Concurrent Start) (G1 Evacuation Pause)
[4605.769s][info][gc,task        ] GC(1365) Using 6 workers of 6 for evacuation
[4605.886s][info][gc,phases      ] GC(1365)   Pre Evacuate Collection Set: 0.37ms
[4605.886s][info][gc,phases      ] GC(1365)   Merge Heap Roots: 0.46ms
[4605.886s][info][gc,phases      ] GC(1365)   Evacuate Collection Set: 115.31ms
[4605.886s][info][gc,phases      ] GC(1365)   Post Evacuate Collection Set: 0.87ms
[4605.886s][info][gc,phases      ] GC(1365)   Other: 0.11ms
[4605.886s][info][gc,heap        ] GC(1365) Eden regions: 1119->0(1117)
[4605.886s][info][gc,heap        ] GC(1365) Survivor regions: 109->111(154)
[4605.886s][info][gc,heap        ] GC(1365) Old regions: 476->509
[4605.886s][info][gc,heap        ] GC(1365) Humongous regions: 80->80
[4605.886s][info][gc,metaspace   ] GC(1365) Metaspace: 28922K(29312K)->28922K(29312K) NonClass: 24053K(24256K)->24053K(24256K) Class: 4868K(5056K)->4868K(5056K)
[4605.886s][info][gc             ] GC(1365) Pause Young (Concurrent Start) (G1 Evacuation Pause) 3566M->1398M(4096M) 117.270ms
[4605.886s][info][gc             ] GC(1366) Concurrent Mark Cycle
[4605.886s][info][gc,marking     ] GC(1366) Concurrent Scan Root Regions
[4605.886s][info][gc,cpu         ] GC(1365) User=0.69s Sys=0.00s Real=0.12s
[4606.108s][info][gc,marking     ] GC(1366) Concurrent Scan Root Regions 221.797ms
[4606.108s][info][gc,marking     ] GC(1366) Concurrent Mark
[4606.108s][info][gc,marking     ] GC(1366) Concurrent Mark From Roots
[4606.108s][info][gc,task        ] GC(1366) Using 2 workers of 2 for marking
.[4607.163s][info][gc,marking     ] GC(1366) Concurrent Mark From Roots 1054.962ms
[4607.163s][info][gc,marking     ] GC(1366) Concurrent Preclean
[4607.163s][info][gc,marking     ] GC(1366) Concurrent Preclean 0.139ms
[4607.165s][info][gc,start       ] GC(1366) Pause Remark
[4607.169s][info][gc             ] GC(1366) Pause Remark 2618M->2618M(4096M) 3.926ms
[4607.169s][info][gc,cpu         ] GC(1366) User=0.02s Sys=0.00s Real=0.00s
[4607.169s][info][gc,marking     ] GC(1366) Concurrent Mark 1060.984ms
[4607.169s][info][gc,marking     ] GC(1366) Concurrent Rebuild Remembered Sets and Scrub Regions
[4607.531s][info][gc,marking     ] GC(1366) Concurrent Rebuild Remembered Sets and Scrub Regions 361.615ms
[4607.533s][info][gc,start       ] GC(1366) Pause Cleanup
[4607.534s][info][gc             ] GC(1366) Pause Cleanup 2994M->2994M(4096M) 0.139ms
[4607.534s][info][gc,cpu         ] GC(1366) User=0.00s Sys=0.00s Real=0.00s
[4607.534s][info][gc,marking     ] GC(1366) Concurrent Clear Claimed Marks
[4607.534s][info][gc,marking     ] GC(1366) Concurrent Clear Claimed Marks 0.036ms
[4607.534s][info][gc,marking     ] GC(1366) Concurrent Cleanup for Next Mark
[4607.543s][info][gc,marking     ] GC(1366) Concurrent Cleanup for Next Mark 8.966ms
[4607.543s][info][gc             ] GC(1366) Concurrent Mark Cycle 1656.951ms
.[4608.046s][info][gc,start       ] GC(1367) Pause Young (Prepare Mixed) (G1 Evacuation Pause)
[4608.046s][info][gc,task        ] GC(1367) Using 6 workers of 6 for evacuation
[4608.162s][info][gc,phases      ] GC(1367)   Pre Evacuate Collection Set: 0.31ms
[4608.162s][info][gc,phases      ] GC(1367)   Merge Heap Roots: 0.49ms
[4608.162s][info][gc,phases      ] GC(1367)   Evacuate Collection Set: 113.96ms
[4608.162s][info][gc,phases      ] GC(1367)   Post Evacuate Collection Set: 0.89ms
[4608.162s][info][gc,phases      ] GC(1367)   Other: 0.09ms
[4608.162s][info][gc,heap        ] GC(1367) Eden regions: 1117->0(1110)
[4608.162s][info][gc,heap        ] GC(1367) Survivor regions: 111->107(154)
[4608.162s][info][gc,heap        ] GC(1367) Old regions: 509->541
[4608.162s][info][gc,heap        ] GC(1367) Humongous regions: 80->80
[4608.162s][info][gc,metaspace   ] GC(1367) Metaspace: 28922K(29312K)->28922K(29312K) NonClass: 24053K(24256K)->24053K(24256K) Class: 4868K(5056K)->4868K(5056K)
[4608.162s][info][gc             ] GC(1367) Pause Young (Prepare Mixed) (G1 Evacuation Pause) 3632M->1454M(4096M) 115.860ms
[4608.162s][info][gc,cpu         ] GC(1367) User=0.69s Sys=0.00s Real=0.12s
..[4610.341s][info][gc,start       ] GC(1368) Pause Young (Mixed) (G1 Evacuation Pause)
[4610.341s][info][gc,task        ] GC(1368) Using 6 workers of 6 for evacuation
[4610.482s][info][gc,phases      ] GC(1368)   Pre Evacuate Collection Set: 0.34ms
[4610.482s][info][gc,phases      ] GC(1368)   Merge Heap Roots: 0.74ms
[4610.482s][info][gc,phases      ] GC(1368)   Evacuate Collection Set: 138.94ms
[4610.482s][info][gc,phases      ] GC(1368)   Post Evacuate Collection Set: 0.93ms
[4610.482s][info][gc,phases      ] GC(1368)   Other: 0.09ms
[4610.482s][info][gc,heap        ] GC(1368) Eden regions: 1110->0(1115)
[4610.482s][info][gc,heap        ] GC(1368) Survivor regions: 107->113(153)
[4610.482s][info][gc,heap        ] GC(1368) Old regions: 541->474
[4610.482s][info][gc,heap        ] GC(1368) Humongous regions: 80->80
[4610.482s][info][gc,metaspace   ] GC(1368) Metaspace: 28922K(29312K)->28922K(29312K) NonClass: 24053K(24256K)->24053K(24256K) Class: 4868K(5056K)->4868K(5056K)
[4610.482s][info][gc             ] GC(1368) Pause Young (Mixed) (G1 Evacuation Pause) 3674M->1333M(4096M) 141.172ms
[4610.482s][info][gc,cpu         ] GC(1368) User=0.84s Sys=0.00s Real=0.15s
..[4612.721s][info][gc,start       ] GC(1369) Pause Young (Concurrent Start) (G1 Evacuation Pause)
[4612.721s][info][gc,task        ] GC(1369) Using 6 workers of 6 for evacuation
[4612.843s][info][gc,phases      ] GC(1369)   Pre Evacuate Collection Set: 0.37ms
[4612.843s][info][gc,phases      ] GC(1369)   Merge Heap Roots: 0.49ms
[4612.843s][info][gc,phases      ] GC(1369)   Evacuate Collection Set: 119.60ms
[4612.843s][info][gc,phases      ] GC(1369)   Post Evacuate Collection Set: 0.87ms
[4612.843s][info][gc,phases      ] GC(1369)   Other: 0.12ms
[4612.843s][info][gc,heap        ] GC(1369) Eden regions: 1115->0(1115)
[4612.843s][info][gc,heap        ] GC(1369) Survivor regions: 113->113(154)
[4612.843s][info][gc,heap        ] GC(1369) Old regions: 474->506
[4612.843s][info][gc,heap        ] GC(1369) Humongous regions: 80->80
[4612.843s][info][gc,metaspace   ] GC(1369) Metaspace: 28922K(29312K)->28922K(29312K) NonClass: 24053K(24256K)->24053K(24256K) Class: 4868K(5056K)->4868K(5056K)
[4612.843s][info][gc             ] GC(1369) Pause Young (Concurrent Start) (G1 Evacuation Pause) 3563M->1396M(4096M) 121.579ms
[4612.843s][info][gc             ] GC(1370) Concurrent Mark Cycle
[4612.843s][info][gc,marking     ] GC(1370) Concurrent Scan Root Regions
[4612.843s][info][gc,cpu         ] GC(1369) User=0.72s Sys=0.00s Real=0.13s
.[4613.038s][info][gc,marking     ] GC(1370) Concurrent Scan Root Regions 194.711ms
[4613.038s][info][gc,marking     ] GC(1370) Concurrent Mark
[4613.038s][info][gc,marking     ] GC(1370) Concurrent Mark From Roots
[4613.038s][info][gc,task        ] GC(1370) Using 2 workers of 2 for marking
[4614.055s][info][gc,marking     ] GC(1370) Concurrent Mark From Roots 1017.396ms
[4614.055s][info][gc,marking     ] GC(1370) Concurrent Preclean
[4614.055s][info][gc,marking     ] GC(1370) Concurrent Preclean 0.136ms
[4614.056s][info][gc,start       ] GC(1370) Pause Remark
[4614.062s][info][gc             ] GC(1370) Pause Remark 2556M->2556M(4096M) 5.620ms
[4614.062s][info][gc,cpu         ] GC(1370) User=0.03s Sys=0.00s Real=0.01s
[4614.062s][info][gc,marking     ] GC(1370) Concurrent Mark 1024.476ms
[4614.062s][info][gc,marking     ] GC(1370) Concurrent Rebuild Remembered Sets and Scrub Regions
.[4614.327s][info][gc,marking     ] GC(1370) Concurrent Rebuild Remembered Sets and Scrub Regions 264.674ms
[4614.327s][info][gc,start       ] GC(1370) Pause Cleanup
[4614.327s][info][gc             ] GC(1370) Pause Cleanup 2842M->2842M(4096M) 0.118ms
[4614.327s][info][gc,cpu         ] GC(1370) User=0.00s Sys=0.00s Real=0.00s
[4614.327s][info][gc,marking     ] GC(1370) Concurrent Clear Claimed Marks
[4614.327s][info][gc,marking     ] GC(1370) Concurrent Clear Claimed Marks 0.033ms
[4614.327s][info][gc,marking     ] GC(1370) Concurrent Cleanup for Next Mark
[4614.335s][info][gc,marking     ] GC(1370) Concurrent Cleanup for Next Mark 7.778ms
[4614.335s][info][gc             ] GC(1370) Concurrent Mark Cycle 1492.433ms
[4615.030s][info][gc,start       ] GC(1371) Pause Young (Prepare Mixed) (G1 Evacuation Pause)
[4615.030s][info][gc,task        ] GC(1371) Using 6 workers of 6 for evacuation
[4615.144s][info][gc,phases      ] GC(1371)   Pre Evacuate Collection Set: 0.34ms
[4615.144s][info][gc,phases      ] GC(1371)   Merge Heap Roots: 0.52ms
[4615.144s][info][gc,phases      ] GC(1371)   Evacuate Collection Set: 112.72ms
[4615.144s][info][gc,phases      ] GC(1371)   Post Evacuate Collection Set: 0.92ms
[4615.145s][info][gc,phases      ] GC(1371)   Other: 0.09ms
[4615.145s][info][gc,heap        ] GC(1371) Eden regions: 1115->0(1112)
[4615.145s][info][gc,heap        ] GC(1371) Survivor regions: 113->108(154)
[4615.145s][info][gc,heap        ] GC(1371) Old regions: 506->537
[4615.145s][info][gc,heap        ] GC(1371) Humongous regions: 80->80
[4615.145s][info][gc,metaspace   ] GC(1371) Metaspace: 28922K(29312K)->28922K(29312K) NonClass: 24053K(24256K)->24053K(24256K) Class: 4868K(5056K)->4868K(5056K)
[4615.145s][info][gc             ] GC(1371) Pause Young (Prepare Mixed) (G1 Evacuation Pause) 3626M->1448M(4096M) 114.728ms
[4615.145s][info][gc,cpu         ] GC(1371) User=0.68s Sys=0.00s Real=0.12s
.. (rIR:aIR:PR = 8164:8110:8110) (tPR = 120906) [OK] 
  4615s: Performance info:
         Transaction,    Success,    Partial,     Failed,   Receipts, AvgBarcode, 
             Overall,     490034,          0,          0,     465371,      59.47, 
         Response times:
             Request,    Success,    Partial,     Failed,   SkipFail,     Probes,    Samples,      min,      p50,      p90,      p95,      p99,      max, 
       TotalPurchase,     465372,          0,          0,          0,     354807,     401858,      300,     7800,   118000,   153000,   208000,   468000,
     InStorePurchase,     244210,          0,          0,          0,     185900,     210347,      300,     7600,   117000,   152000,   207000,   468000,
      OnlinePurchase,     172029,          0,          0,          0,     130639,     148029,      300,     8000,   119000,   153000,   208000,   459000,
        InstPurchase,      49133,          0,          0,          0,      38268,      43482,      400,     7900,   119000,   154000,   208000,   404000,
          AssocOfCat,        494,          0,          0,          0,        406,        531,    28000,    54000,   178600,   206400,   274120,   330000,
      AssocOfProduct,       4948,          0,          0,          0,       3399,       3985,      500,     7600,   115000,   154000,   207000,   287000,
      BusinessReport,       1232,          0,          0,          0,       1054,       1300,    28000,    55000,   173900,   208000,   259980,   362000,
          CustBuyBeh,       4912,          0,          0,          0,       3410,       3945,      200,     5600,   106000,   139000,   191000,   366000,
       ProductReturn,      13069,          0,          0,          0,       9961,      11534,      200,     6300,   109000,   143000,   197000,   365000,

  4615s: (60%)   IR =   8302 .[4617.310s][info][gc,start       ] GC(1372) Pause Young (Mixed) (G1 Evacuation Pause)
[4617.310s][info][gc,task        ] GC(1372) Using 6 workers of 6 for evacuation
[4617.449s][info][gc,phases      ] GC(1372)   Pre Evacuate Collection Set: 0.38ms
[4617.449s][info][gc,phases      ] GC(1372)   Merge Heap Roots: 0.72ms
[4617.449s][info][gc,phases      ] GC(1372)   Evacuate Collection Set: 136.57ms
[4617.449s][info][gc,phases      ] GC(1372)   Post Evacuate Collection Set: 0.96ms
[4617.449s][info][gc,phases      ] GC(1372)   Other: 0.09ms
[4617.449s][info][gc,heap        ] GC(1372) Eden regions: 1112->0(1116)
[4617.449s][info][gc,heap        ] GC(1372) Survivor regions: 108->112(153)
[4617.449s][info][gc,heap        ] GC(1372) Old regions: 537->473
[4617.449s][info][gc,heap        ] GC(1372) Humongous regions: 80->80
[4617.449s][info][gc,metaspace   ] GC(1372) Metaspace: 28922K(29312K)->28922K(29312K) NonClass: 24053K(24256K)->24053K(24256K) Class: 4868K(5056K)->4868K(5056K)
[4617.449s][info][gc             ] GC(1372) Pause Young (Mixed) (G1 Evacuation Pause) 3672M->1328M(4096M) 138.848ms
[4617.449s][info][gc,cpu         ] GC(1372) User=0.82s Sys=0.00s Real=0.14s
..[4619.547s][info][gc,start       ] GC(1373) Pause Young (Concurrent Start) (G1 Evacuation Pause)
[4619.548s][info][gc,task        ] GC(1373) Using 6 workers of 6 for evacuation
[4619.665s][info][gc,phases      ] GC(1373)   Pre Evacuate Collection Set: 0.35ms
[4619.665s][info][gc,phases      ] GC(1373)   Merge Heap Roots: 0.46ms
[4619.665s][info][gc,phases      ] GC(1373)   Evacuate Collection Set: 115.33ms
[4619.665s][info][gc,phases      ] GC(1373)   Post Evacuate Collection Set: 0.91ms
[4619.665s][info][gc,phases      ] GC(1373)   Other: 0.11ms
[4619.665s][info][gc,heap        ] GC(1373) Eden regions: 1116->0(1120)
[4619.665s][info][gc,heap        ] GC(1373) Survivor regions: 112->108(154)
[4619.665s][info][gc,heap        ] GC(1373) Old regions: 473->506
[4619.665s][info][gc,heap        ] GC(1373) Humongous regions: 80->80
[4619.665s][info][gc,metaspace   ] GC(1373) Metaspace: 28922K(29312K)->28922K(29312K) NonClass: 24053K(24256K)->24053K(24256K) Class: 4868K(5056K)->4868K(5056K)
[4619.665s][info][gc             ] GC(1373) Pause Young (Concurrent Start) (G1 Evacuation Pause) 3560M->1387M(4096M) 117.286ms
[4619.665s][info][gc             ] GC(1374) Concurrent Mark Cycle
[4619.665s][info][gc,marking     ] GC(1374) Concurrent Scan Root Regions
[4619.665s][info][gc,cpu         ] GC(1373) User=0.70s Sys=0.00s Real=0.12s
[4619.860s][info][gc,marking     ] GC(1374) Concurrent Scan Root Regions 194.822ms
[4619.860s][info][gc,marking     ] GC(1374) Concurrent Mark
[4619.860s][info][gc,marking     ] GC(1374) Concurrent Mark From Roots
[4619.860s][info][gc,task        ] GC(1374) Using 2 workers of 2 for marking
.[4620.618s][info][gc,marking     ] GC(1374) Concurrent Mark From Roots 758.681ms
[4620.618s][info][gc,marking     ] GC(1374) Concurrent Preclean
[4620.619s][info][gc,marking     ] GC(1374) Concurrent Preclean 0.125ms
[4620.621s][info][gc,start       ] GC(1374) Pause Remark
[4620.627s][info][gc             ] GC(1374) Pause Remark 2289M->2289M(4096M) 6.248ms
[4620.627s][info][gc,cpu         ] GC(1374) User=0.04s Sys=0.00s Real=0.01s
[4620.627s][info][gc,marking     ] GC(1374) Concurrent Mark 767.204ms
[4620.627s][info][gc,marking     ] GC(1374) Concurrent Rebuild Remembered Sets and Scrub Regions
[4620.913s][info][gc,marking     ] GC(1374) Concurrent Rebuild Remembered Sets and Scrub Regions 285.559ms
[4620.914s][info][gc,start       ] GC(1374) Pause Cleanup
[4620.914s][info][gc             ] GC(1374) Pause Cleanup 2575M->2575M(4096M) 0.130ms
[4620.914s][info][gc,cpu         ] GC(1374) User=0.00s Sys=0.00s Real=0.00s
[4620.914s][info][gc,marking     ] GC(1374) Concurrent Clear Claimed Marks
[4620.914s][info][gc,marking     ] GC(1374) Concurrent Clear Claimed Marks 0.031ms
[4620.914s][info][gc,marking     ] GC(1374) Concurrent Cleanup for Next Mark
[4620.925s][info][gc,marking     ] GC(1374) Concurrent Cleanup for Next Mark 11.128ms
[4620.926s][info][gc             ] GC(1374) Concurrent Mark Cycle 1260.738ms
.[4621.826s][info][gc,start       ] GC(1375) Pause Young (Prepare Mixed) (G1 Evacuation Pause)
[4621.827s][info][gc,task        ] GC(1375) Using 6 workers of 6 for evacuation
[4621.949s][info][gc,phases      ] GC(1375)   Pre Evacuate Collection Set: 0.33ms
[4621.949s][info][gc,phases      ] GC(1375)   Merge Heap Roots: 0.51ms
[4621.949s][info][gc,phases      ] GC(1375)   Evacuate Collection Set: 120.57ms
[4621.949s][info][gc,phases      ] GC(1375)   Post Evacuate Collection Set: 0.92ms
[4621.949s][info][gc,phases      ] GC(1375)   Other: 0.09ms
[4621.949s][info][gc,heap        ] GC(1375) Eden regions: 1120->0(1097)
[4621.949s][info][gc,heap        ] GC(1375) Survivor regions: 108->115(154)
[4621.949s][info][gc,heap        ] GC(1375) Old regions: 506->538
[4621.949s][info][gc,heap        ] GC(1375) Humongous regions: 80->80
[4621.949s][info][gc,metaspace   ] GC(1375) Metaspace: 28922K(29312K)->28922K(29312K) NonClass: 24053K(24256K)->24053K(24256K) Class: 4868K(5056K)->4868K(5056K)
[4621.949s][info][gc             ] GC(1375) Pause Young (Prepare Mixed) (G1 Evacuation Pause) 3627M->1464M(4096M) 122.554ms
[4621.949s][info][gc,cpu         ] GC(1375) User=0.73s Sys=0.00s Real=0.12s
..|[4624.025s][info][gc,start       ] GC(1376) Pause Young (Mixed) (G1 Evacuation Pause)
[4624.025s][info][gc,task        ] GC(1376) Using 6 workers of 6 for evacuation
[4624.159s][info][gc,phases      ] GC(1376)   Pre Evacuate Collection Set: 0.33ms
[4624.159s][info][gc,phases      ] GC(1376)   Merge Heap Roots: 0.65ms
[4624.159s][info][gc,phases      ] GC(1376)   Evacuate Collection Set: 131.55ms
[4624.159s][info][gc,phases      ] GC(1376)   Post Evacuate Collection Set: 0.94ms
[4624.159s][info][gc,phases      ] GC(1376)   Other: 0.08ms
[4624.159s][info][gc,heap        ] GC(1376) Eden regions: 1097->0(1119)
[4624.159s][info][gc,heap        ] GC(1376) Survivor regions: 115->109(152)
[4624.159s][info][gc,heap        ] GC(1376) Old regions: 538->476
[4624.159s][info][gc,heap        ] GC(1376) Humongous regions: 80->80
[4624.159s][info][gc,metaspace   ] GC(1376) Metaspace: 28922K(29312K)->28922K(29312K) NonClass: 24053K(24256K)->24053K(24256K) Class: 4868K(5056K)->4868K(5056K)
[4624.159s][info][gc             ] GC(1376) Pause Young (Mixed) (G1 Evacuation Pause) 3658M->1327M(4096M) 133.693ms
[4624.159s][info][gc,cpu         ] GC(1376) User=0.80s Sys=0.01s Real=0.13s
..[4626.306s][info][gc,start       ] GC(1377) Pause Young (Concurrent Start) (G1 Evacuation Pause)
[4626.306s][info][gc,task        ] GC(1377) Using 6 workers of 6 for evacuation
[4626.426s][info][gc,phases      ] GC(1377)   Pre Evacuate Collection Set: 0.33ms
[4626.426s][info][gc,phases      ] GC(1377)   Merge Heap Roots: 0.46ms
[4626.426s][info][gc,phases      ] GC(1377)   Evacuate Collection Set: 118.21ms
[4626.426s][info][gc,phases      ] GC(1377)   Post Evacuate Collection Set: 0.84ms
[4626.426s][info][gc,phases      ] GC(1377)   Other: 0.10ms
[4626.426s][info][gc,heap        ] GC(1377) Eden regions: 1119->0(1117)
[4626.426s][info][gc,heap        ] GC(1377) Survivor regions: 109->111(154)
[4626.426s][info][gc,heap        ] GC(1377) Old regions: 476->508
[4626.426s][info][gc,heap        ] GC(1377) Humongous regions: 80->80
[4626.426s][info][gc,metaspace   ] GC(1377) Metaspace: 28922K(29312K)->28922K(29312K) NonClass: 24053K(24256K)->24053K(24256K) Class: 4868K(5056K)->4868K(5056K)
[4626.426s][info][gc             ] GC(1377) Pause Young (Concurrent Start) (G1 Evacuation Pause) 3565M->1395M(4096M) 120.089ms
[4626.426s][info][gc             ] GC(1378) Concurrent Mark Cycle
[4626.426s][info][gc,marking     ] GC(1378) Concurrent Scan Root Regions
[4626.426s][info][gc,cpu         ] GC(1377) User=0.72s Sys=0.01s Real=0.12s
.[4626.575s][info][gc,marking     ] GC(1378) Concurrent Scan Root Regions 149.317ms
[4626.575s][info][gc,marking     ] GC(1378) Concurrent Mark
[4626.575s][info][gc,marking     ] GC(1378) Concurrent Mark From Roots
[4626.575s][info][gc,task        ] GC(1378) Using 2 workers of 2 for marking
[4627.346s][info][gc,marking     ] GC(1378) Concurrent Mark From Roots 771.101ms
[4627.346s][info][gc,marking     ] GC(1378) Concurrent Preclean
[4627.346s][info][gc,marking     ] GC(1378) Concurrent Preclean 0.108ms
[4627.349s][info][gc,start       ] GC(1378) Pause Remark
[4627.354s][info][gc             ] GC(1378) Pause Remark 2259M->2259M(4096M) 5.198ms
[4627.354s][info][gc,cpu         ] GC(1378) User=0.03s Sys=0.00s Real=0.01s
[4627.354s][info][gc,marking     ] GC(1378) Concurrent Mark 779.175ms
[4627.354s][info][gc,marking     ] GC(1378) Concurrent Rebuild Remembered Sets and Scrub Regions
.[4627.652s][info][gc,marking     ] GC(1378) Concurrent Rebuild Remembered Sets and Scrub Regions 297.396ms
[4627.652s][info][gc,start       ] GC(1378) Pause Cleanup
[4627.652s][info][gc             ] GC(1378) Pause Cleanup 2554M->2554M(4096M) 0.119ms
[4627.652s][info][gc,cpu         ] GC(1378) User=0.00s Sys=0.00s Real=0.00s
[4627.652s][info][gc,marking     ] GC(1378) Concurrent Clear Claimed Marks
[4627.652s][info][gc,marking     ] GC(1378) Concurrent Clear Claimed Marks 0.028ms
[4627.652s][info][gc,marking     ] GC(1378) Concurrent Cleanup for Next Mark
[4627.673s][info][gc,marking     ] GC(1378) Concurrent Cleanup for Next Mark 20.441ms
[4627.673s][info][gc             ] GC(1378) Concurrent Mark Cycle 1247.075ms
[4628.631s][info][gc,start       ] GC(1379) Pause Young (Prepare Mixed) (G1 Evacuation Pause)
[4628.631s][info][gc,task        ] GC(1379) Using 6 workers of 6 for evacuation
[4628.757s][info][gc,phases      ] GC(1379)   Pre Evacuate Collection Set: 0.30ms
[4628.757s][info][gc,phases      ] GC(1379)   Merge Heap Roots: 0.53ms
[4628.757s][info][gc,phases      ] GC(1379)   Evacuate Collection Set: 123.56ms
[4628.757s][info][gc,phases      ] GC(1379)   Post Evacuate Collection Set: 0.92ms
[4628.757s][info][gc,phases      ] GC(1379)   Other: 0.08ms
[4628.757s][info][gc,heap        ] GC(1379) Eden regions: 1117->0(1092)
[4628.757s][info][gc,heap        ] GC(1379) Survivor regions: 111->117(154)
[4628.757s][info][gc,heap        ] GC(1379) Old regions: 508->539
[4628.757s][info][gc,heap        ] GC(1379) Humongous regions: 80->80
[4628.757s][info][gc,metaspace   ] GC(1379) Metaspace: 28922K(29312K)->28922K(29312K) NonClass: 24053K(24256K)->24053K(24256K) Class: 4868K(5056K)->4868K(5056K)
[4628.757s][info][gc             ] GC(1379) Pause Young (Prepare Mixed) (G1 Evacuation Pause) 3629M->1470M(4096M) 125.536ms
[4628.757s][info][gc,cpu         ] GC(1379) User=0.74s Sys=0.00s Real=0.13s
...[4630.804s][info][gc,start       ] GC(1380) Pause Young (Mixed) (G1 Evacuation Pause)
[4630.804s][info][gc,task        ] GC(1380) Using 6 workers of 6 for evacuation
[4630.943s][info][gc,phases      ] GC(1380)   Pre Evacuate Collection Set: 0.37ms
[4630.944s][info][gc,phases      ] GC(1380)   Merge Heap Roots: 0.75ms
[4630.944s][info][gc,phases      ] GC(1380)   Evacuate Collection Set: 137.60ms
[4630.944s][info][gc,phases      ] GC(1380)   Post Evacuate Collection Set: 0.91ms
[4630.944s][info][gc,phases      ] GC(1380)   Other: 0.09ms
[4630.944s][info][gc,heap        ] GC(1380) Eden regions: 1092->0(1114)
[4630.944s][info][gc,heap        ] GC(1380) Survivor regions: 117->114(152)
[4630.944s][info][gc,heap        ] GC(1380) Old regions: 539->474
[4630.944s][info][gc,heap        ] GC(1380) Humongous regions: 80->80
[4630.944s][info][gc,metaspace   ] GC(1380) Metaspace: 28922K(29312K)->28922K(29312K) NonClass: 24053K(24256K)->24053K(24256K) Class: 4868K(5056K)->4868K(5056K)
[4630.944s][info][gc             ] GC(1380) Pause Young (Mixed) (G1 Evacuation Pause) 3654M->1333M(4096M) 139.842ms
[4630.944s][info][gc,cpu         ] GC(1380) User=0.83s Sys=0.00s Real=0.14s
..[4632.962s][info][gc,start       ] GC(1381) Pause Young (Concurrent Start) (G1 Evacuation Pause)
[4632.962s][info][gc,task        ] GC(1381) Using 6 workers of 6 for evacuation
[4633.080s][info][gc,phases      ] GC(1381)   Pre Evacuate Collection Set: 0.39ms
[4633.080s][info][gc,phases      ] GC(1381)   Merge Heap Roots: 0.46ms
[4633.080s][info][gc,phases      ] GC(1381)   Evacuate Collection Set: 116.17ms
[4633.080s][info][gc,phases      ] GC(1381)   Post Evacuate Collection Set: 0.88ms
[4633.080s][info][gc,phases      ] GC(1381)   Other: 0.12ms
[4633.080s][info][gc,heap        ] GC(1381) Eden regions: 1114->0(1118)
[4633.080s][info][gc,heap        ] GC(1381) Survivor regions: 114->110(154)
[4633.080s][info][gc,heap        ] GC(1381) Old regions: 474->506
[4633.080s][info][gc,heap        ] GC(1381) Humongous regions: 80->80
[4633.080s][info][gc,metaspace   ] GC(1381) Metaspace: 28922K(29312K)->28922K(29312K) NonClass: 24053K(24256K)->24053K(24256K) Class: 4868K(5056K)->4868K(5056K)
[4633.080s][info][gc             ] GC(1381) Pause Young (Concurrent Start) (G1 Evacuation Pause) 3561M->1390M(4096M) 118.160ms
[4633.080s][info][gc             ] GC(1382) Concurrent Mark Cycle
[4633.080s][info][gc,marking     ] GC(1382) Concurrent Scan Root Regions
[4633.080s][info][gc,cpu         ] GC(1381) User=0.70s Sys=0.00s Real=0.11s
[4633.225s][info][gc,marking     ] GC(1382) Concurrent Scan Root Regions 145.125ms
[4633.225s][info][gc,marking     ] GC(1382) Concurrent Mark
[4633.225s][info][gc,marking     ] GC(1382) Concurrent Mark From Roots
[4633.225s][info][gc,task        ] GC(1382) Using 2 workers of 2 for marking
.[4633.936s][info][gc,marking     ] GC(1382) Concurrent Mark From Roots 710.863ms
[4633.936s][info][gc,marking     ] GC(1382) Concurrent Preclean
[4633.936s][info][gc,marking     ] GC(1382) Concurrent Preclean 0.090ms
[4633.939s][info][gc,start       ] GC(1382) Pause Remark
[4633.944s][info][gc             ] GC(1382) Pause Remark 2150M->2150M(4096M) 5.550ms
[4633.944s][info][gc,cpu         ] GC(1382) User=0.03s Sys=0.01s Real=0.01s
[4633.944s][info][gc,marking     ] GC(1382) Concurrent Mark 719.006ms
[4633.944s][info][gc,marking     ] GC(1382) Concurrent Rebuild Remembered Sets and Scrub Regions
[4634.432s][info][gc,marking     ] GC(1382) Concurrent Rebuild Remembered Sets and Scrub Regions 487.790ms
[4634.432s][info][gc,start       ] GC(1382) Pause Cleanup
[4634.432s][info][gc             ] GC(1382) Pause Cleanup 2665M->2665M(4096M) 0.122ms
[4634.432s][info][gc,cpu         ] GC(1382) User=0.00s Sys=0.00s Real=0.00s
[4634.432s][info][gc,marking     ] GC(1382) Concurrent Clear Claimed Marks
[4634.433s][info][gc,marking     ] GC(1382) Concurrent Clear Claimed Marks 0.027ms
[4634.433s][info][gc,marking     ] GC(1382) Concurrent Cleanup for Next Mark
[4634.449s][info][gc,marking     ] GC(1382) Concurrent Cleanup for Next Mark 16.665ms
[4634.449s][info][gc             ] GC(1382) Concurrent Mark Cycle 1369.190ms
.[4635.291s][info][gc,start       ] GC(1383) Pause Young (Prepare Mixed) (G1 Evacuation Pause)
[4635.291s][info][gc,task        ] GC(1383) Using 6 workers of 6 for evacuation
[4635.405s][info][gc,phases      ] GC(1383)   Pre Evacuate Collection Set: 0.33ms
[4635.405s][info][gc,phases      ] GC(1383)   Merge Heap Roots: 0.50ms
[4635.405s][info][gc,phases      ] GC(1383)   Evacuate Collection Set: 112.88ms
[4635.405s][info][gc,phases      ] GC(1383)   Post Evacuate Collection Set: 0.89ms
[4635.405s][info][gc,phases      ] GC(1383)   Other: 0.09ms
[4635.405s][info][gc,heap        ] GC(1383) Eden regions: 1118->0(1109)
[4635.405s][info][gc,heap        ] GC(1383) Survivor regions: 110->109(154)
[4635.405s][info][gc,heap        ] GC(1383) Old regions: 506->538
[4635.405s][info][gc,heap        ] GC(1383) Humongous regions: 80->80
[4635.405s][info][gc,metaspace   ] GC(1383) Metaspace: 28922K(29312K)->28922K(29312K) NonClass: 24053K(24256K)->24053K(24256K) Class: 4868K(5056K)->4868K(5056K)
[4635.405s][info][gc             ] GC(1383) Pause Young (Prepare Mixed) (G1 Evacuation Pause) 3626M->1452M(4096M) 114.821ms
[4635.405s][info][gc,cpu         ] GC(1383) User=0.69s Sys=0.00s Real=0.12s
..[4637.494s][info][gc,start       ] GC(1384) Pause Young (Mixed) (G1 Evacuation Pause)
[4637.494s][info][gc,task        ] GC(1384) Using 6 workers of 6 for evacuation
[4637.625s][info][gc,phases      ] GC(1384)   Pre Evacuate Collection Set: 0.40ms
[4637.625s][info][gc,phases      ] GC(1384)   Merge Heap Roots: 0.61ms
[4637.625s][info][gc,phases      ] GC(1384)   Evacuate Collection Set: 129.52ms
[4637.625s][info][gc,phases      ] GC(1384)   Post Evacuate Collection Set: 0.97ms
[4637.625s][info][gc,phases      ] GC(1384)   Other: 0.10ms
[4637.625s][info][gc,heap        ] GC(1384) Eden regions: 1109->0(1118)
[4637.625s][info][gc,heap        ] GC(1384) Survivor regions: 109->110(153)
[4637.625s][info][gc,heap        ] GC(1384) Old regions: 538->475
[4637.625s][info][gc,heap        ] GC(1384) Humongous regions: 80->80
[4637.625s][info][gc,metaspace   ] GC(1384) Metaspace: 28922K(29312K)->28922K(29312K) NonClass: 24053K(24256K)->24053K(24256K) Class: 4868K(5056K)->4868K(5056K)
[4637.625s][info][gc             ] GC(1384) Pause Young (Mixed) (G1 Evacuation Pause) 3670M->1328M(4096M) 131.751ms
[4637.625s][info][gc,cpu         ] GC(1384) User=0.78s Sys=0.00s Real=0.13s
..[4639.758s][info][gc,start       ] GC(1385) Pause Young (Concurrent Start) (G1 Evacuation Pause)
[4639.758s][info][gc,task        ] GC(1385) Using 6 workers of 6 for evacuation
[4639.876s][info][gc,phases      ] GC(1385)   Pre Evacuate Collection Set: 0.37ms
[4639.876s][info][gc,phases      ] GC(1385)   Merge Heap Roots: 0.46ms
[4639.876s][info][gc,phases      ] GC(1385)   Evacuate Collection Set: 116.48ms
[4639.876s][info][gc,phases      ] GC(1385)   Post Evacuate Collection Set: 0.86ms
[4639.876s][info][gc,phases      ] GC(1385)   Other: 0.13ms
[4639.876s][info][gc,heap        ] GC(1385) Eden regions: 1118->0(1117)
[4639.876s][info][gc,heap        ] GC(1385) Survivor regions: 110->111(154)
[4639.876s][info][gc,heap        ] GC(1385) Old regions: 475->507
[4639.876s][info][gc,heap        ] GC(1385) Humongous regions: 80->80
[4639.876s][info][gc,metaspace   ] GC(1385) Metaspace: 28922K(29312K)->28922K(29312K) NonClass: 24053K(24256K)->24053K(24256K) Class: 4868K(5056K)->4868K(5056K)
[4639.876s][info][gc             ] GC(1385) Pause Young (Concurrent Start) (G1 Evacuation Pause) 3564M->1393M(4096M) 118.438ms
[4639.876s][info][gc             ] GC(1386) Concurrent Mark Cycle
[4639.876s][info][gc,marking     ] GC(1386) Concurrent Scan Root Regions
[4639.876s][info][gc,cpu         ] GC(1385) User=0.71s Sys=0.00s Real=0.12s
.[4640.070s][info][gc,marking     ] GC(1386) Concurrent Scan Root Regions 193.425ms
[4640.070s][info][gc,marking     ] GC(1386) Concurrent Mark
[4640.070s][info][gc,marking     ] GC(1386) Concurrent Mark From Roots
[4640.070s][info][gc,task        ] GC(1386) Using 2 workers of 2 for marking
.[4641.095s][info][gc,marking     ] GC(1386) Concurrent Mark From Roots 1024.713ms
[4641.095s][info][gc,marking     ] GC(1386) Concurrent Preclean
[4641.095s][info][gc,marking     ] GC(1386) Concurrent Preclean 0.111ms
[4641.095s][info][gc,start       ] GC(1386) Pause Remark
[4641.102s][info][gc             ] GC(1386) Pause Remark 2547M->2547M(4096M) 6.793ms
[4641.102s][info][gc,cpu         ] GC(1386) User=0.04s Sys=0.00s Real=0.01s
[4641.103s][info][gc,marking     ] GC(1386) Concurrent Mark 1033.525ms
[4641.103s][info][gc,marking     ] GC(1386) Concurrent Rebuild Remembered Sets and Scrub Regions
[4641.496s][info][gc,marking     ] GC(1386) Concurrent Rebuild Remembered Sets and Scrub Regions 392.697ms
[4641.497s][info][gc,start       ] GC(1386) Pause Cleanup
[4641.497s][info][gc             ] GC(1386) Pause Cleanup 2981M->2981M(4096M) 0.124ms
[4641.497s][info][gc,cpu         ] GC(1386) User=0.00s Sys=0.00s Real=0.00s
[4641.498s][info][gc,marking     ] GC(1386) Concurrent Clear Claimed Marks
[4641.498s][info][gc,marking     ] GC(1386) Concurrent Clear Claimed Marks 0.042ms
[4641.498s][info][gc,marking     ] GC(1386) Concurrent Cleanup for Next Mark
[4641.515s][info][gc,marking     ] GC(1386) Concurrent Cleanup for Next Mark 16.807ms
[4641.515s][info][gc             ] GC(1386) Concurrent Mark Cycle 1638.520ms
.[4642.076s][info][gc,start       ] GC(1387) Pause Young (Prepare Mixed) (G1 Evacuation Pause)
[4642.076s][info][gc,task        ] GC(1387) Using 6 workers of 6 for evacuation
[4642.195s][info][gc,phases      ] GC(1387)   Pre Evacuate Collection Set: 0.34ms
[4642.195s][info][gc,phases      ] GC(1387)   Merge Heap Roots: 0.53ms
[4642.195s][info][gc,phases      ] GC(1387)   Evacuate Collection Set: 117.05ms
[4642.195s][info][gc,phases      ] GC(1387)   Post Evacuate Collection Set: 0.92ms
[4642.195s][info][gc,phases      ] GC(1387)   Other: 0.09ms
[4642.195s][info][gc,heap        ] GC(1387) Eden regions: 1117->0(1108)
[4642.195s][info][gc,heap        ] GC(1387) Survivor regions: 111->109(154)
[4642.195s][info][gc,heap        ] GC(1387) Old regions: 507->539
[4642.195s][info][gc,heap        ] GC(1387) Humongous regions: 80->80
[4642.195s][info][gc,metaspace   ] GC(1387) Metaspace: 28922K(29312K)->28922K(29312K) NonClass: 24053K(24256K)->24053K(24256K) Class: 4868K(5056K)->4868K(5056K)
[4642.196s][info][gc             ] GC(1387) Pause Young (Prepare Mixed) (G1 Evacuation Pause) 3627M->1455M(4096M) 119.057ms
[4642.196s][info][gc,cpu         ] GC(1387) User=0.71s Sys=0.00s Real=0.12s
..[4644.258s][info][gc,start       ] GC(1388) Pause Young (Mixed) (G1 Evacuation Pause)
[4644.258s][info][gc,task        ] GC(1388) Using 6 workers of 6 for evacuation
[4644.400s][info][gc,phases      ] GC(1388)   Pre Evacuate Collection Set: 0.35ms
[4644.400s][info][gc,phases      ] GC(1388)   Merge Heap Roots: 0.74ms
[4644.400s][info][gc,phases      ] GC(1388)   Evacuate Collection Set: 140.08ms
[4644.400s][info][gc,phases      ] GC(1388)   Post Evacuate Collection Set: 1.01ms
[4644.400s][info][gc,phases      ] GC(1388)   Other: 0.09ms
[4644.400s][info][gc,heap        ] GC(1388) Eden regions: 1108->0(1113)
[4644.400s][info][gc,heap        ] GC(1388) Survivor regions: 109->115(153)
[4644.400s][info][gc,heap        ] GC(1388) Old regions: 539->474
[4644.400s][info][gc,heap        ] GC(1388) Humongous regions: 80->80
[4644.400s][info][gc,metaspace   ] GC(1388) Metaspace: 28922K(29312K)->28922K(29312K) NonClass: 24053K(24256K)->24053K(24256K) Class: 4868K(5056K)->4868K(5056K)
[4644.400s][info][gc             ] GC(1388) Pause Young (Mixed) (G1 Evacuation Pause) 3671M->1336M(4096M) 142.415ms
[4644.400s][info][gc,cpu         ] GC(1388) User=0.85s Sys=0.00s Real=0.14s
..[4646.619s][info][gc,start       ] GC(1389) Pause Young (Concurrent Start) (G1 Evacuation Pause)
[4646.619s][info][gc,task        ] GC(1389) Using 6 workers of 6 for evacuation
[4646.740s][info][gc,phases      ] GC(1389)   Pre Evacuate Collection Set: 0.34ms
[4646.740s][info][gc,phases      ] GC(1389)   Merge Heap Roots: 0.44ms
[4646.740s][info][gc,phases      ] GC(1389)   Evacuate Collection Set: 119.26ms
[4646.740s][info][gc,phases      ] GC(1389)   Post Evacuate Collection Set: 0.85ms
[4646.740s][info][gc,phases      ] GC(1389)   Other: 0.10ms
[4646.740s][info][gc,heap        ] GC(1389) Eden regions: 1113->0(1116)
[4646.740s][info][gc,heap        ] GC(1389) Survivor regions: 115->112(154)
[4646.740s][info][gc,heap        ] GC(1389) Old regions: 474->506
[4646.740s][info][gc,heap        ] GC(1389) Humongous regions: 80->80
[4646.740s][info][gc,metaspace   ] GC(1389) Metaspace: 28922K(29312K)->28922K(29312K) NonClass: 24053K(24256K)->24053K(24256K) Class: 4868K(5056K)->4868K(5056K)
[4646.740s][info][gc             ] GC(1389) Pause Young (Concurrent Start) (G1 Evacuation Pause) 3562M->1395M(4096M) 121.129ms
[4646.740s][info][gc             ] GC(1390) Concurrent Mark Cycle
[4646.740s][info][gc,marking     ] GC(1390) Concurrent Scan Root Regions
[4646.740s][info][gc,cpu         ] GC(1389) User=0.72s Sys=0.00s Real=0.12s
[4646.941s][info][gc,marking     ] GC(1390) Concurrent Scan Root Regions 200.927ms
[4646.941s][info][gc,marking     ] GC(1390) Concurrent Mark
[4646.941s][info][gc,marking     ] GC(1390) Concurrent Mark From Roots
[4646.941s][info][gc,task        ] GC(1390) Using 2 workers of 2 for marking
.[4647.921s][info][gc,marking     ] GC(1390) Concurrent Mark From Roots 980.110ms
[4647.921s][info][gc,marking     ] GC(1390) Concurrent Preclean
[4647.921s][info][gc,marking     ] GC(1390) Concurrent Preclean 0.104ms
[4647.922s][info][gc,start       ] GC(1390) Pause Remark
[4647.929s][info][gc             ] GC(1390) Pause Remark 2565M->2565M(4096M) 6.760ms
[4647.929s][info][gc,cpu         ] GC(1390) User=0.03s Sys=0.00s Real=0.00s
[4647.930s][info][gc,marking     ] GC(1390) Concurrent Mark 988.452ms
[4647.930s][info][gc,marking     ] GC(1390) Concurrent Rebuild Remembered Sets and Scrub Regions
.[4648.345s][info][gc,marking     ] GC(1390) Concurrent Rebuild Remembered Sets and Scrub Regions 415.855ms
[4648.347s][info][gc,start       ] GC(1390) Pause Cleanup
[4648.348s][info][gc             ] GC(1390) Pause Cleanup 2915M->2915M(4096M) 0.133ms
[4648.348s][info][gc,cpu         ] GC(1390) User=0.00s Sys=0.00s Real=0.00s
[4648.348s][info][gc,marking     ] GC(1390) Concurrent Clear Claimed Marks
[4648.348s][info][gc,marking     ] GC(1390) Concurrent Clear Claimed Marks 0.032ms
[4648.348s][info][gc,marking     ] GC(1390) Concurrent Cleanup for Next Mark
[4648.352s][info][gc,marking     ] GC(1390) Concurrent Cleanup for Next Mark 4.583ms
[4648.352s][info][gc             ] GC(1390) Concurrent Mark Cycle 1612.256ms
[4648.829s][info][gc,start       ] GC(1391) Pause Young (Prepare Mixed) (G1 Evacuation Pause)
[4648.829s][info][gc,task        ] GC(1391) Using 6 workers of 6 for evacuation
[4648.945s][info][gc,phases      ] GC(1391)   Pre Evacuate Collection Set: 0.35ms
[4648.945s][info][gc,phases      ] GC(1391)   Merge Heap Roots: 0.56ms
[4648.945s][info][gc,phases      ] GC(1391)   Evacuate Collection Set: 114.39ms
[4648.945s][info][gc,phases      ] GC(1391)   Post Evacuate Collection Set: 0.90ms
[4648.945s][info][gc,phases      ] GC(1391)   Other: 0.09ms
[4648.945s][info][gc,heap        ] GC(1391) Eden regions: 1116->0(1106)
[4648.945s][info][gc,heap        ] GC(1391) Survivor regions: 112->111(154)
[4648.945s][info][gc,heap        ] GC(1391) Old regions: 506->537
[4648.945s][info][gc,heap        ] GC(1391) Humongous regions: 80->80
[4648.945s][info][gc,metaspace   ] GC(1391) Metaspace: 28922K(29312K)->28922K(29312K) NonClass: 24053K(24256K)->24053K(24256K) Class: 4868K(5056K)->4868K(5056K)
[4648.945s][info][gc             ] GC(1391) Pause Young (Prepare Mixed) (G1 Evacuation Pause) 3627M->1454M(4096M) 116.429ms
[4648.945s][info][gc,cpu         ] GC(1391) User=0.70s Sys=0.00s Real=0.12s
...[4651.097s][info][gc,start       ] GC(1392) Pause Young (Mixed) (G1 Evacuation Pause)
[4651.097s][info][gc,task        ] GC(1392) Using 6 workers of 6 for evacuation
[4651.229s][info][gc,phases      ] GC(1392)   Pre Evacuate Collection Set: 0.34ms
[4651.229s][info][gc,phases      ] GC(1392)   Merge Heap Roots: 0.67ms
[4651.229s][info][gc,phases      ] GC(1392)   Evacuate Collection Set: 130.26ms
[4651.229s][info][gc,phases      ] GC(1392)   Post Evacuate Collection Set: 0.92ms
[4651.229s][info][gc,phases      ] GC(1392)   Other: 0.09ms
[4651.229s][info][gc,heap        ] GC(1392) Eden regions: 1106->0(1122)
[4651.229s][info][gc,heap        ] GC(1392) Survivor regions: 111->106(153)
[4651.229s][info][gc,heap        ] GC(1392) Old regions: 537->475
[4651.229s][info][gc,heap        ] GC(1392) Humongous regions: 80->80
[4651.229s][info][gc,metaspace   ] GC(1392) Metaspace: 28922K(29312K)->28922K(29312K) NonClass: 24053K(24256K)->24053K(24256K) Class: 4868K(5056K)->4868K(5056K)
[4651.229s][info][gc             ] GC(1392) Pause Young (Mixed) (G1 Evacuation Pause) 3666M->1320M(4096M) 132.416ms
[4651.229s][info][gc,cpu         ] GC(1392) User=0.79s Sys=0.00s Real=0.13s
..[4653.417s][info][gc,start       ] GC(1393) Pause Young (Concurrent Start) (G1 Evacuation Pause)
[4653.417s][info][gc,task        ] GC(1393) Using 6 workers of 6 for evacuation
[4653.533s][info][gc,phases      ] GC(1393)   Pre Evacuate Collection Set: 0.34ms
[4653.533s][info][gc,phases      ] GC(1393)   Merge Heap Roots: 0.47ms
[4653.533s][info][gc,phases      ] GC(1393)   Evacuate Collection Set: 114.84ms
[4653.533s][info][gc,phases      ] GC(1393)   Post Evacuate Collection Set: 0.87ms
[4653.534s][info][gc,phases      ] GC(1393)   Other: 0.11ms
[4653.534s][info][gc,heap        ] GC(1393) Eden regions: 1122->0(1118)
[4653.534s][info][gc,heap        ] GC(1393) Survivor regions: 106->110(154)
[4653.534s][info][gc,heap        ] GC(1393) Old regions: 475->506
[4653.534s][info][gc,heap        ] GC(1393) Humongous regions: 80->80
[4653.534s][info][gc,metaspace   ] GC(1393) Metaspace: 28922K(29312K)->28922K(29312K) NonClass: 24053K(24256K)->24053K(24256K) Class: 4868K(5056K)->4868K(5056K)
[4653.534s][info][gc             ] GC(1393) Pause Young (Concurrent Start) (G1 Evacuation Pause) 3564M->1389M(4096M) 116.782ms
[4653.534s][info][gc             ] GC(1394) Concurrent Mark Cycle
[4653.534s][info][gc,marking     ] GC(1394) Concurrent Scan Root Regions
[4653.534s][info][gc,cpu         ] GC(1393) User=0.70s Sys=0.00s Real=0.12s
[4653.729s][info][gc,marking     ] GC(1394) Concurrent Scan Root Regions 195.769ms
[4653.729s][info][gc,marking     ] GC(1394) Concurrent Mark
[4653.729s][info][gc,marking     ] GC(1394) Concurrent Mark From Roots
[4653.729s][info][gc,task        ] GC(1394) Using 2 workers of 2 for marking
.[4654.700s][info][gc,marking     ] GC(1394) Concurrent Mark From Roots 970.196ms
[4654.700s][info][gc,marking     ] GC(1394) Concurrent Preclean
[4654.700s][info][gc,marking     ] GC(1394) Concurrent Preclean 0.084ms
[4654.701s][info][gc,start       ] GC(1394) Pause Remark
[4654.705s][info][gc             ] GC(1394) Pause Remark 2563M->2563M(4096M) 4.009ms
[4654.705s][info][gc,cpu         ] GC(1394) User=0.02s Sys=0.00s Real=0.01s
[4654.706s][info][gc,marking     ] GC(1394) Concurrent Mark 976.086ms
[4654.706s][info][gc,marking     ] GC(1394) Concurrent Rebuild Remembered Sets and Scrub Regions
[4655.021s][info][gc,marking     ] GC(1394) Concurrent Rebuild Remembered Sets and Scrub Regions 315.616ms
[4655.021s][info][gc,start       ] GC(1394) Pause Cleanup
[4655.021s][info][gc             ] GC(1394) Pause Cleanup 2832M->2832M(4096M) 0.116ms
[4655.022s][info][gc,cpu         ] GC(1394) User=0.00s Sys=0.00s Real=0.00s
[4655.025s][info][gc,marking     ] GC(1394) Concurrent Clear Claimed Marks
[4655.025s][info][gc,marking     ] GC(1394) Concurrent Clear Claimed Marks 0.073ms
[4655.025s][info][gc,marking     ] GC(1394) Concurrent Cleanup for Next Mark
[4655.034s][info][gc,marking     ] GC(1394) Concurrent Cleanup for Next Mark 8.751ms
[4655.034s][info][gc             ] GC(1394) Concurrent Mark Cycle 1500.419ms
.[4655.660s][info][gc,start       ] GC(1395) Pause Young (Prepare Mixed) (G1 Evacuation Pause)
[4655.660s][info][gc,task        ] GC(1395) Using 6 workers of 6 for evacuation
[4655.782s][info][gc,phases      ] GC(1395)   Pre Evacuate Collection Set: 0.29ms
[4655.782s][info][gc,phases      ] GC(1395)   Merge Heap Roots: 0.50ms
[4655.782s][info][gc,phases      ] GC(1395)   Evacuate Collection Set: 120.66ms
[4655.782s][info][gc,phases      ] GC(1395)   Post Evacuate Collection Set: 0.92ms
[4655.782s][info][gc,phases      ] GC(1395)   Other: 0.08ms
[4655.782s][info][gc,heap        ] GC(1395) Eden regions: 1118->0(1101)
[4655.782s][info][gc,heap        ] GC(1395) Survivor regions: 110->113(154)
[4655.782s][info][gc,heap        ] GC(1395) Old regions: 506->538
[4655.782s][info][gc,heap        ] GC(1395) Humongous regions: 80->80
[4655.782s][info][gc,metaspace   ] GC(1395) Metaspace: 28922K(29312K)->28922K(29312K) NonClass: 24053K(24256K)->24053K(24256K) Class: 4868K(5056K)->4868K(5056K)
[4655.782s][info][gc             ] GC(1395) Pause Young (Prepare Mixed) (G1 Evacuation Pause) 3625M->1459M(4096M) 122.581ms
[4655.782s][info][gc,cpu         ] GC(1395) User=0.72s Sys=0.01s Real=0.13s
..[4657.874s][info][gc,start       ] GC(1396) Pause Young (Mixed) (G1 Evacuation Pause)
[4657.874s][info][gc,task        ] GC(1396) Using 6 workers of 6 for evacuation
[4658.018s][info][gc,phases      ] GC(1396)   Pre Evacuate Collection Set: 0.33ms
[4658.018s][info][gc,phases      ] GC(1396)   Merge Heap Roots: 0.76ms
[4658.018s][info][gc,phases      ] GC(1396)   Evacuate Collection Set: 141.28ms
[4658.018s][info][gc,phases      ] GC(1396)   Post Evacuate Collection Set: 0.96ms
[4658.018s][info][gc,phases      ] GC(1396)   Other: 0.09ms
[4658.018s][info][gc,heap        ] GC(1396) Eden regions: 1101->0(1112)
[4658.018s][info][gc,heap        ] GC(1396) Survivor regions: 113->116(152)
[4658.018s][info][gc,heap        ] GC(1396) Old regions: 538->474
[4658.018s][info][gc,heap        ] GC(1396) Humongous regions: 80->80
[4658.018s][info][gc,metaspace   ] GC(1396) Metaspace: 28922K(29312K)->28922K(29312K) NonClass: 24053K(24256K)->24053K(24256K) Class: 4868K(5056K)->4868K(5056K)
[4658.018s][info][gc             ] GC(1396) Pause Young (Mixed) (G1 Evacuation Pause) 3661M->1339M(4096M) 143.560ms
[4658.018s][info][gc,cpu         ] GC(1396) User=0.86s Sys=0.00s Real=0.14s
..[4660.133s][info][gc,start       ] GC(1397) Pause Young (Concurrent Start) (G1 Evacuation Pause)
[4660.134s][info][gc,task        ] GC(1397) Using 6 workers of 6 for evacuation
[4660.253s][info][gc,phases      ] GC(1397)   Pre Evacuate Collection Set: 0.38ms
[4660.253s][info][gc,phases      ] GC(1397)   Merge Heap Roots: 0.50ms
[4660.253s][info][gc,phases      ] GC(1397)   Evacuate Collection Set: 117.30ms
[4660.253s][info][gc,phases      ] GC(1397)   Post Evacuate Collection Set: 0.86ms
[4660.253s][info][gc,phases      ] GC(1397)   Other: 0.10ms
[4660.253s][info][gc,heap        ] GC(1397) Eden regions: 1112->0(1118)
[4660.253s][info][gc,heap        ] GC(1397) Survivor regions: 116->110(154)
[4660.253s][info][gc,heap        ] GC(1397) Old regions: 474->507
[4660.253s][info][gc,heap        ] GC(1397) Humongous regions: 80->80
[4660.253s][info][gc,metaspace   ] GC(1397) Metaspace: 28922K(29312K)->28922K(29312K) NonClass: 24053K(24256K)->24053K(24256K) Class: 4868K(5056K)->4868K(5056K)
[4660.253s][info][gc             ] GC(1397) Pause Young (Concurrent Start) (G1 Evacuation Pause) 3563M->1391M(4096M) 119.272ms
[4660.253s][info][gc             ] GC(1398) Concurrent Mark Cycle
[4660.253s][info][gc,marking     ] GC(1398) Concurrent Scan Root Regions
[4660.253s][info][gc,cpu         ] GC(1397) User=0.71s Sys=0.00s Real=0.12s
.[4660.439s][info][gc,marking     ] GC(1398) Concurrent Scan Root Regions 185.754ms
[4660.439s][info][gc,marking     ] GC(1398) Concurrent Mark
[4660.439s][info][gc,marking     ] GC(1398) Concurrent Mark From Roots
[4660.439s][info][gc,task        ] GC(1398) Using 2 workers of 2 for marking
[4661.411s][info][gc,marking     ] GC(1398) Concurrent Mark From Roots 972.559ms
[4661.464s][info][gc,marking     ] GC(1398) Concurrent Preclean
[4661.464s][info][gc,marking     ] GC(1398) Concurrent Preclean 0.158ms
[4661.465s][info][gc,start       ] GC(1398) Pause Remark
[4661.473s][info][gc             ] GC(1398) Pause Remark 2565M->2565M(4096M) 8.027ms
[4661.474s][info][gc,cpu         ] GC(1398) User=0.04s Sys=0.00s Real=0.01s
[4661.477s][info][gc,marking     ] GC(1398) Concurrent Mark 1038.328ms
[4661.477s][info][gc,marking     ] GC(1398) Concurrent Rebuild Remembered Sets and Scrub Regions
.[4661.854s][info][gc,marking     ] GC(1398) Concurrent Rebuild Remembered Sets and Scrub Regions 377.386ms
[4661.855s][info][gc,start       ] GC(1398) Pause Cleanup
[4661.855s][info][gc             ] GC(1398) Pause Cleanup 2997M->2997M(4096M) 0.138ms
[4661.855s][info][gc,cpu         ] GC(1398) User=0.00s Sys=0.00s Real=0.00s
[4661.855s][info][gc,marking     ] GC(1398) Concurrent Clear Claimed Marks
[4661.856s][info][gc,marking     ] GC(1398) Concurrent Clear Claimed Marks 0.026ms
[4661.856s][info][gc,marking     ] GC(1398) Concurrent Cleanup for Next Mark
[4661.866s][info][gc,marking     ] GC(1398) Concurrent Cleanup for Next Mark 10.312ms
[4661.866s][info][gc             ] GC(1398) Concurrent Mark Cycle 1613.126ms
[4662.434s][info][gc,start       ] GC(1399) Pause Young (Prepare Mixed) (G1 Evacuation Pause)
[4662.434s][info][gc,task        ] GC(1399) Using 6 workers of 6 for evacuation
[4662.551s][info][gc,phases      ] GC(1399)   Pre Evacuate Collection Set: 0.33ms
[4662.551s][info][gc,phases      ] GC(1399)   Merge Heap Roots: 0.52ms
[4662.551s][info][gc,phases      ] GC(1399)   Evacuate Collection Set: 115.45ms
[4662.551s][info][gc,phases      ] GC(1399)   Post Evacuate Collection Set: 0.91ms
[4662.551s][info][gc,phases      ] GC(1399)   Other: 0.09ms
[4662.551s][info][gc,heap        ] GC(1399) Eden regions: 1118->0(1107)
[4662.551s][info][gc,heap        ] GC(1399) Survivor regions: 110->110(154)
[4662.551s][info][gc,heap        ] GC(1399) Old regions: 507->538
[4662.551s][info][gc,heap        ] GC(1399) Humongous regions: 80->80
[4662.551s][info][gc,metaspace   ] GC(1399) Metaspace: 28922K(29312K)->28922K(29312K) NonClass: 24053K(24256K)->24053K(24256K) Class: 4868K(5056K)->4868K(5056K)
[4662.551s][info][gc             ] GC(1399) Pause Young (Prepare Mixed) (G1 Evacuation Pause) 3627M->1454M(4096M) 117.440ms
[4662.551s][info][gc,cpu         ] GC(1399) User=0.70s Sys=0.00s Real=0.11s
...[4664.677s][info][gc,start       ] GC(1400) Pause Young (Mixed) (G1 Evacuation Pause)
[4664.677s][info][gc,task        ] GC(1400) Using 6 workers of 6 for evacuation
[4664.818s][info][gc,phases      ] GC(1400)   Pre Evacuate Collection Set: 0.36ms
[4664.818s][info][gc,phases      ] GC(1400)   Merge Heap Roots: 0.68ms
[4664.818s][info][gc,phases      ] GC(1400)   Evacuate Collection Set: 139.30ms
[4664.818s][info][gc,phases      ] GC(1400)   Post Evacuate Collection Set: 0.94ms
[4664.818s][info][gc,phases      ] GC(1400)   Other: 0.09ms
[4664.818s][info][gc,heap        ] GC(1400) Eden regions: 1107->0(1112)
[4664.818s][info][gc,heap        ] GC(1400) Survivor regions: 110->116(153)
[4664.818s][info][gc,heap        ] GC(1400) Old regions: 538->475
[4664.818s][info][gc,heap        ] GC(1400) Humongous regions: 80->80
[4664.818s][info][gc,metaspace   ] GC(1400) Metaspace: 28922K(29312K)->28922K(29312K) NonClass: 24053K(24256K)->24053K(24256K) Class: 4868K(5056K)->4868K(5056K)
[4664.818s][info][gc             ] GC(1400) Pause Young (Mixed) (G1 Evacuation Pause) 3668M->1339M(4096M) 141.500ms
[4664.818s][info][gc,cpu         ] GC(1400) User=0.84s Sys=0.00s Real=0.14s
..[4666.832s][info][gc,start       ] GC(1401) Pause Young (Concurrent Start) (G1 Evacuation Pause)
[4666.832s][info][gc,task        ] GC(1401) Using 6 workers of 6 for evacuation
[4666.950s][info][gc,phases      ] GC(1401)   Pre Evacuate Collection Set: 0.37ms
[4666.950s][info][gc,phases      ] GC(1401)   Merge Heap Roots: 0.48ms
[4666.950s][info][gc,phases      ] GC(1401)   Evacuate Collection Set: 115.88ms
[4666.950s][info][gc,phases      ] GC(1401)   Post Evacuate Collection Set: 0.86ms
[4666.950s][info][gc,phases      ] GC(1401)   Other: 0.10ms
[4666.950s][info][gc,heap        ] GC(1401) Eden regions: 1112->0(1117)
[4666.950s][info][gc,heap        ] GC(1401) Survivor regions: 116->111(154)
[4666.950s][info][gc,heap        ] GC(1401) Old regions: 475->507
[4666.950s][info][gc,heap        ] GC(1401) Humongous regions: 80->80
[4666.950s][info][gc,metaspace   ] GC(1401) Metaspace: 28922K(29312K)->28922K(29312K) NonClass: 24053K(24256K)->24053K(24256K) Class: 4868K(5056K)->4868K(5056K)
[4666.950s][info][gc             ] GC(1401) Pause Young (Concurrent Start) (G1 Evacuation Pause) 3563M->1394M(4096M) 117.816ms
[4666.950s][info][gc             ] GC(1402) Concurrent Mark Cycle
[4666.950s][info][gc,marking     ] GC(1402) Concurrent Scan Root Regions
[4666.950s][info][gc,cpu         ] GC(1401) User=0.70s Sys=0.00s Real=0.11s
[4667.136s][info][gc,marking     ] GC(1402) Concurrent Scan Root Regions 186.010ms
[4667.136s][info][gc,marking     ] GC(1402) Concurrent Mark
[4667.136s][info][gc,marking     ] GC(1402) Concurrent Mark From Roots
[4667.136s][info][gc,task        ] GC(1402) Using 2 workers of 2 for marking
.[4668.131s][info][gc,marking     ] GC(1402) Concurrent Mark From Roots 995.405ms
[4668.131s][info][gc,marking     ] GC(1402) Concurrent Preclean
[4668.131s][info][gc,marking     ] GC(1402) Concurrent Preclean 0.103ms
[4668.136s][info][gc,start       ] GC(1402) Pause Remark
[4668.144s][info][gc             ] GC(1402) Pause Remark 2496M->2496M(4096M) 8.075ms
[4668.144s][info][gc,cpu         ] GC(1402) User=0.04s Sys=0.00s Real=0.01s
[4668.144s][info][gc,marking     ] GC(1402) Concurrent Mark 1008.348ms
[4668.144s][info][gc,marking     ] GC(1402) Concurrent Rebuild Remembered Sets and Scrub Regions
[4668.513s][info][gc,marking     ] GC(1402) Concurrent Rebuild Remembered Sets and Scrub Regions 369.070ms
[4668.517s][info][gc,start       ] GC(1402) Pause Cleanup
[4668.517s][info][gc             ] GC(1402) Pause Cleanup 2930M->2930M(4096M) 0.130ms
[4668.517s][info][gc,cpu         ] GC(1402) User=0.00s Sys=0.00s Real=0.00s
[4668.517s][info][gc,marking     ] GC(1402) Concurrent Clear Claimed Marks
[4668.517s][info][gc,marking     ] GC(1402) Concurrent Clear Claimed Marks 0.021ms
[4668.517s][info][gc,marking     ] GC(1402) Concurrent Cleanup for Next Mark
[4668.522s][info][gc,marking     ] GC(1402) Concurrent Cleanup for Next Mark 5.082ms
[4668.522s][info][gc             ] GC(1402) Concurrent Mark Cycle 1572.324ms
.[4669.133s][info][gc,start       ] GC(1403) Pause Young (Prepare Mixed) (G1 Evacuation Pause)
[4669.133s][info][gc,task        ] GC(1403) Using 6 workers of 6 for evacuation
[4669.249s][info][gc,phases      ] GC(1403)   Pre Evacuate Collection Set: 0.32ms
[4669.249s][info][gc,phases      ] GC(1403)   Merge Heap Roots: 0.49ms
[4669.249s][info][gc,phases      ] GC(1403)   Evacuate Collection Set: 114.11ms
[4669.249s][info][gc,phases      ] GC(1403)   Post Evacuate Collection Set: 0.91ms
[4669.249s][info][gc,phases      ] GC(1403)   Other: 0.09ms
[4669.249s][info][gc,heap        ] GC(1403) Eden regions: 1117->0(1110)
[4669.249s][info][gc,heap        ] GC(1403) Survivor regions: 111->108(154)
[4669.249s][info][gc,heap        ] GC(1403) Old regions: 507->539
[4669.249s][info][gc,heap        ] GC(1403) Humongous regions: 80->80
[4669.249s][info][gc,metaspace   ] GC(1403) Metaspace: 28922K(29312K)->28922K(29312K) NonClass: 24053K(24256K)->24053K(24256K) Class: 4868K(5056K)->4868K(5056K)
[4669.249s][info][gc             ] GC(1403) Pause Young (Prepare Mixed) (G1 Evacuation Pause) 3628M->1453M(4096M) 116.072ms
[4669.249s][info][gc,cpu         ] GC(1403) User=0.69s Sys=0.00s Real=0.11s
..[4671.372s][info][gc,start       ] GC(1404) Pause Young (Mixed) (G1 Evacuation Pause)
[4671.372s][info][gc,task        ] GC(1404) Using 6 workers of 6 for evacuation
[4671.504s][info][gc,phases      ] GC(1404)   Pre Evacuate Collection Set: 0.36ms
[4671.504s][info][gc,phases      ] GC(1404)   Merge Heap Roots: 0.66ms
[4671.504s][info][gc,phases      ] GC(1404)   Evacuate Collection Set: 130.34ms
[4671.504s][info][gc,phases      ] GC(1404)   Post Evacuate Collection Set: 0.94ms
[4671.504s][info][gc,phases      ] GC(1404)   Other: 0.09ms
[4671.504s][info][gc,heap        ] GC(1404) Eden regions: 1110->0(1120)
[4671.504s][info][gc,heap        ] GC(1404) Survivor regions: 108->108(153)
[4671.504s][info][gc,heap        ] GC(1404) Old regions: 539->474
[4671.504s][info][gc,heap        ] GC(1404) Humongous regions: 80->80
[4671.504s][info][gc,metaspace   ] GC(1404) Metaspace: 28922K(29312K)->28922K(29312K) NonClass: 24053K(24256K)->24053K(24256K) Class: 4868K(5056K)->4868K(5056K)
[4671.504s][info][gc             ] GC(1404) Pause Young (Mixed) (G1 Evacuation Pause) 3673M->1323M(4096M) 132.513ms
[4671.504s][info][gc,cpu         ] GC(1404) User=0.78s Sys=0.00s Real=0.14s
...[4673.640s][info][gc,start       ] GC(1405) Pause Young (Concurrent Start) (G1 Evacuation Pause)
[4673.640s][info][gc,task        ] GC(1405) Using 6 workers of 6 for evacuation
[4673.757s][info][gc,phases      ] GC(1405)   Pre Evacuate Collection Set: 0.35ms
[4673.757s][info][gc,phases      ] GC(1405)   Merge Heap Roots: 0.44ms
[4673.757s][info][gc,phases      ] GC(1405)   Evacuate Collection Set: 114.86ms
[4673.757s][info][gc,phases      ] GC(1405)   Post Evacuate Collection Set: 0.87ms
[4673.757s][info][gc,phases      ] GC(1405)   Other: 0.09ms
[4673.757s][info][gc,heap        ] GC(1405) Eden regions: 1120->0(1118)
[4673.757s][info][gc,heap        ] GC(1405) Survivor regions: 108->110(154)
[4673.757s][info][gc,heap        ] GC(1405) Old regions: 474->506
[4673.757s][info][gc,heap        ] GC(1405) Humongous regions: 80->80
[4673.757s][info][gc,metaspace   ] GC(1405) Metaspace: 28922K(29312K)->28922K(29312K) NonClass: 24053K(24256K)->24053K(24256K) Class: 4868K(5056K)->4868K(5056K)
[4673.757s][info][gc             ] GC(1405) Pause Young (Concurrent Start) (G1 Evacuation Pause) 3563M->1390M(4096M) 116.749ms
[4673.757s][info][gc             ] GC(1406) Concurrent Mark Cycle
[4673.757s][info][gc,marking     ] GC(1406) Concurrent Scan Root Regions
[4673.757s][info][gc,cpu         ] GC(1405) User=0.70s Sys=0.00s Real=0.12s
[4673.952s][info][gc,marking     ] GC(1406) Concurrent Scan Root Regions 195.399ms
[4673.952s][info][gc,marking     ] GC(1406) Concurrent Mark
[4673.952s][info][gc,marking     ] GC(1406) Concurrent Mark From Roots
[4673.952s][info][gc,task        ] GC(1406) Using 2 workers of 2 for marking
.[4674.912s][info][gc,marking     ] GC(1406) Concurrent Mark From Roots 959.220ms
[4674.912s][info][gc,marking     ] GC(1406) Concurrent Preclean
[4674.912s][info][gc,marking     ] GC(1406) Concurrent Preclean 0.091ms
[4674.913s][info][gc,start       ] GC(1406) Pause Remark
[4674.919s][info][gc             ] GC(1406) Pause Remark 2516M->2516M(4096M) 6.359ms
[4674.919s][info][gc,cpu         ] GC(1406) User=0.04s Sys=0.00s Real=0.00s
[4674.920s][info][gc,marking     ] GC(1406) Concurrent Mark 967.542ms
[4674.920s][info][gc,marking     ] GC(1406) Concurrent Rebuild Remembered Sets and Scrub Regions
[4675.261s][info][gc,marking     ] GC(1406) Concurrent Rebuild Remembered Sets and Scrub Regions 340.733ms
[4675.263s][info][gc,start       ] GC(1406) Pause Cleanup
[4675.263s][info][gc             ] GC(1406) Pause Cleanup 2806M->2806M(4096M) 0.135ms
[4675.263s][info][gc,cpu         ] GC(1406) User=0.00s Sys=0.00s Real=0.00s
[4675.264s][info][gc,marking     ] GC(1406) Concurrent Clear Claimed Marks
[4675.264s][info][gc,marking     ] GC(1406) Concurrent Clear Claimed Marks 0.046ms
[4675.264s][info][gc,marking     ] GC(1406) Concurrent Cleanup for Next Mark
[4675.272s][info][gc,marking     ] GC(1406) Concurrent Cleanup for Next Mark 8.258ms
[4675.272s][info][gc             ] GC(1406) Concurrent Mark Cycle 1514.998ms
.[4676.021s][info][gc,start       ] GC(1407) Pause Young (Prepare Mixed) (G1 Evacuation Pause)
[4676.021s][info][gc,task        ] GC(1407) Using 6 workers of 6 for evacuation
[4676.136s][info][gc,phases      ] GC(1407)   Pre Evacuate Collection Set: 0.33ms
[4676.136s][info][gc,phases      ] GC(1407)   Merge Heap Roots: 0.51ms
[4676.136s][info][gc,phases      ] GC(1407)   Evacuate Collection Set: 112.95ms
[4676.136s][info][gc,phases      ] GC(1407)   Post Evacuate Collection Set: 0.92ms
[4676.136s][info][gc,phases      ] GC(1407)   Other: 0.08ms
[4676.136s][info][gc,heap        ] GC(1407) Eden regions: 1118->0(1113)
[4676.136s][info][gc,heap        ] GC(1407) Survivor regions: 110->107(154)
[4676.136s][info][gc,heap        ] GC(1407) Old regions: 506->538
[4676.136s][info][gc,heap        ] GC(1407) Humongous regions: 80->80
[4676.136s][info][gc,metaspace   ] GC(1407) Metaspace: 28922K(29312K)->28922K(29312K) NonClass: 24053K(24256K)->24053K(24256K) Class: 4868K(5056K)->4868K(5056K)
[4676.136s][info][gc             ] GC(1407) Pause Young (Prepare Mixed) (G1 Evacuation Pause) 3626M->1448M(4096M) 114.922ms
[4676.136s][info][gc,cpu         ] GC(1407) User=0.68s Sys=0.00s Real=0.12s
..[4678.164s][info][gc,start       ] GC(1408) Pause Young (Mixed) (G1 Evacuation Pause)
[4678.164s][info][gc,task        ] GC(1408) Using 6 workers of 6 for evacuation
[4678.296s][info][gc,phases      ] GC(1408)   Pre Evacuate Collection Set: 0.34ms
[4678.296s][info][gc,phases      ] GC(1408)   Merge Heap Roots: 0.69ms
[4678.296s][info][gc,phases      ] GC(1408)   Evacuate Collection Set: 129.81ms
[4678.296s][info][gc,phases      ] GC(1408)   Post Evacuate Collection Set: 0.93ms
[4678.296s][info][gc,phases      ] GC(1408)   Other: 0.08ms
[4678.296s][info][gc,heap        ] GC(1408) Eden regions: 1113->0(1120)
[4678.296s][info][gc,heap        ] GC(1408) Survivor regions: 107->108(153)
[4678.296s][info][gc,heap        ] GC(1408) Old regions: 538->474
[4678.296s][info][gc,heap        ] GC(1408) Humongous regions: 80->80
[4678.296s][info][gc,metaspace   ] GC(1408) Metaspace: 28922K(29312K)->28922K(29312K) NonClass: 24053K(24256K)->24053K(24256K) Class: 4868K(5056K)->4868K(5056K)
[4678.296s][info][gc             ] GC(1408) Pause Young (Mixed) (G1 Evacuation Pause) 3674M->1322M(4096M) 131.983ms
[4678.296s][info][gc,cpu         ] GC(1408) User=0.79s Sys=0.00s Real=0.13s
..[4680.379s][info][gc,start       ] GC(1409) Pause Young (Concurrent Start) (G1 Evacuation Pause)
[4680.379s][info][gc,task        ] GC(1409) Using 6 workers of 6 for evacuation
[4680.501s][info][gc,phases      ] GC(1409)   Pre Evacuate Collection Set: 0.32ms
[4680.501s][info][gc,phases      ] GC(1409)   Merge Heap Roots: 0.47ms
[4680.501s][info][gc,phases      ] GC(1409)   Evacuate Collection Set: 120.31ms
[4680.501s][info][gc,phases      ] GC(1409)   Post Evacuate Collection Set: 0.88ms
[4680.501s][info][gc,phases      ] GC(1409)   Other: 0.10ms
[4680.501s][info][gc,heap        ] GC(1409) Eden regions: 1120->0(1116)
[4680.501s][info][gc,heap        ] GC(1409) Survivor regions: 108->112(154)
[4680.501s][info][gc,heap        ] GC(1409) Old regions: 474->506
[4680.501s][info][gc,heap        ] GC(1409) Humongous regions: 80->80
[4680.501s][info][gc,metaspace   ] GC(1409) Metaspace: 28922K(29312K)->28922K(29312K) NonClass: 24053K(24256K)->24053K(24256K) Class: 4868K(5056K)->4868K(5056K)
[4680.501s][info][gc             ] GC(1409) Pause Young (Concurrent Start) (G1 Evacuation Pause) 3562M->1395M(4096M) 122.202ms
[4680.501s][info][gc             ] GC(1410) Concurrent Mark Cycle
[4680.501s][info][gc,marking     ] GC(1410) Concurrent Scan Root Regions
[4680.501s][info][gc,cpu         ] GC(1409) User=0.72s Sys=0.00s Real=0.12s
[4680.647s][info][gc,marking     ] GC(1410) Concurrent Scan Root Regions 145.509ms
[4680.647s][info][gc,marking     ] GC(1410) Concurrent Mark
[4680.647s][info][gc,marking     ] GC(1410) Concurrent Mark From Roots
[4680.647s][info][gc,task        ] GC(1410) Using 2 workers of 2 for marking
.[4681.367s][info][gc,marking     ] GC(1410) Concurrent Mark From Roots 719.982ms
[4681.367s][info][gc,marking     ] GC(1410) Concurrent Preclean
[4681.367s][info][gc,marking     ] GC(1410) Concurrent Preclean 0.076ms
[4681.367s][info][gc,start       ] GC(1410) Pause Remark
[4681.373s][info][gc             ] GC(1410) Pause Remark 2193M->2193M(4096M) 5.923ms
[4681.373s][info][gc,cpu         ] GC(1410) User=0.03s Sys=0.00s Real=0.01s
[4681.373s][info][gc,marking     ] GC(1410) Concurrent Mark 726.412ms
[4681.373s][info][gc,marking     ] GC(1410) Concurrent Rebuild Remembered Sets and Scrub Regions
[4681.665s][info][gc,marking     ] GC(1410) Concurrent Rebuild Remembered Sets and Scrub Regions 291.872ms
[4681.665s][info][gc,start       ] GC(1410) Pause Cleanup
[4681.666s][info][gc             ] GC(1410) Pause Cleanup 2520M->2520M(4096M) 0.783ms
[4681.666s][info][gc,cpu         ] GC(1410) User=0.00s Sys=0.00s Real=0.00s
[4681.666s][info][gc,marking     ] GC(1410) Concurrent Clear Claimed Marks
[4681.666s][info][gc,marking     ] GC(1410) Concurrent Clear Claimed Marks 0.026ms
[4681.666s][info][gc,marking     ] GC(1410) Concurrent Cleanup for Next Mark
[4681.673s][info][gc,marking     ] GC(1410) Concurrent Cleanup for Next Mark 6.369ms
[4681.673s][info][gc             ] GC(1410) Concurrent Mark Cycle 1171.401ms
.[4682.661s][info][gc,start       ] GC(1411) Pause Young (Prepare Mixed) (G1 Evacuation Pause)
[4682.661s][info][gc,task        ] GC(1411) Using 6 workers of 6 for evacuation
[4682.780s][info][gc,phases      ] GC(1411)   Pre Evacuate Collection Set: 0.35ms
[4682.780s][info][gc,phases      ] GC(1411)   Merge Heap Roots: 0.50ms
[4682.780s][info][gc,phases      ] GC(1411)   Evacuate Collection Set: 117.25ms
[4682.780s][info][gc,phases      ] GC(1411)   Post Evacuate Collection Set: 0.91ms
[4682.780s][info][gc,phases      ] GC(1411)   Other: 0.09ms
[4682.780s][info][gc,heap        ] GC(1411) Eden regions: 1116->0(1105)
[4682.780s][info][gc,heap        ] GC(1411) Survivor regions: 112->111(154)
[4682.780s][info][gc,heap        ] GC(1411) Old regions: 506->538
[4682.780s][info][gc,heap        ] GC(1411) Humongous regions: 80->80
[4682.780s][info][gc,metaspace   ] GC(1411) Metaspace: 28922K(29312K)->28922K(29312K) NonClass: 24053K(24256K)->24053K(24256K) Class: 4868K(5056K)->4868K(5056K)
[4682.780s][info][gc             ] GC(1411) Pause Young (Prepare Mixed) (G1 Evacuation Pause) 3627M->1457M(4096M) 119.233ms
[4682.780s][info][gc,cpu         ] GC(1411) User=0.71s Sys=0.00s Real=0.12s
.. (rIR:aIR:PR = 8302:8299:8300) (tPR = 123336) [OK] 
  4683s: Performance info:
         Transaction,    Success,    Partial,     Failed,   Receipts, AvgBarcode, 
             Overall,     500246,          0,          0,     475196,      59.47, 
         Response times:
             Request,    Success,    Partial,     Failed,   SkipFail,     Probes,    Samples,      min,      p50,      p90,      p95,      p99,      max, 
       TotalPurchase,     475152,          0,          0,          0,     351193,     407040,      300,     7800,   116000,   150000,   205000,   462000,
     InStorePurchase,     249102,          0,          0,          0,     185013,     214217,      300,     7900,   116000,   150000,   207000,   422000,
      OnlinePurchase,     175602,          0,          0,          0,     128752,     149607,      300,     7600,   113000,   149000,   205000,   462000,
        InstPurchase,      50448,          0,          0,          0,      37428,      43216,      300,     8100,   118000,   149000,   203000,   387000,
          AssocOfCat,        500,          0,          0,          0,        421,        578,    24000,    52500,   186100,   230000,   314000,   463000,
      AssocOfProduct,       5010,          0,          0,          0,       3495,       4204,      700,     8850,   120000,   150000,   200950,   288000,
      BusinessReport,       1248,          0,          0,          0,       1124,       1473,    28000,    57000,   192600,   217000,   268520,   355000,
          CustBuyBeh,       4979,          0,          0,          0,       3485,       4217,      400,     6200,   107000,   142000,   197820,   434000,
       ProductReturn,      13308,          0,          0,          0,       9006,      10599,      300,     7800,   113000,   146000,   201000,   433000,

  4683s: (61%)   IR =   8441 .[4684.933s][info][gc,start       ] GC(1412) Pause Young (Mixed) (G1 Evacuation Pause)
[4684.933s][info][gc,task        ] GC(1412) Using 6 workers of 6 for evacuation
[4685.067s][info][gc,phases      ] GC(1412)   Pre Evacuate Collection Set: 0.37ms
[4685.067s][info][gc,phases      ] GC(1412)   Merge Heap Roots: 0.71ms
[4685.067s][info][gc,phases      ] GC(1412)   Evacuate Collection Set: 131.47ms
[4685.067s][info][gc,phases      ] GC(1412)   Post Evacuate Collection Set: 0.99ms
[4685.067s][info][gc,phases      ] GC(1412)   Other: 0.09ms
[4685.067s][info][gc,heap        ] GC(1412) Eden regions: 1105->0(1117)
[4685.067s][info][gc,heap        ] GC(1412) Survivor regions: 111->111(152)
[4685.067s][info][gc,heap        ] GC(1412) Old regions: 538->474
[4685.067s][info][gc,heap        ] GC(1412) Humongous regions: 80->80
[4685.067s][info][gc,metaspace   ] GC(1412) Metaspace: 28927K(29312K)->28927K(29312K) NonClass: 24059K(24256K)->24059K(24256K) Class: 4868K(5056K)->4868K(5056K)
[4685.067s][info][gc             ] GC(1412) Pause Young (Mixed) (G1 Evacuation Pause) 3667M->1329M(4096M) 133.757ms
[4685.067s][info][gc,cpu         ] GC(1412) User=0.79s Sys=0.00s Real=0.13s
..[4687.224s][info][gc,start       ] GC(1413) Pause Young (Concurrent Start) (G1 Evacuation Pause)
[4687.224s][info][gc,task        ] GC(1413) Using 6 workers of 6 for evacuation
[4687.341s][info][gc,phases      ] GC(1413)   Pre Evacuate Collection Set: 0.33ms
[4687.341s][info][gc,phases      ] GC(1413)   Merge Heap Roots: 0.46ms
[4687.341s][info][gc,phases      ] GC(1413)   Evacuate Collection Set: 114.99ms
[4687.341s][info][gc,phases      ] GC(1413)   Post Evacuate Collection Set: 0.92ms
[4687.341s][info][gc,phases      ] GC(1413)   Other: 0.09ms
[4687.341s][info][gc,heap        ] GC(1413) Eden regions: 1117->0(1120)
[4687.341s][info][gc,heap        ] GC(1413) Survivor regions: 111->108(154)
[4687.341s][info][gc,heap        ] GC(1413) Old regions: 474->506
[4687.341s][info][gc,heap        ] GC(1413) Humongous regions: 80->80
[4687.341s][info][gc,metaspace   ] GC(1413) Metaspace: 28927K(29312K)->28927K(29312K) NonClass: 24059K(24256K)->24059K(24256K) Class: 4868K(5056K)->4868K(5056K)
[4687.341s][info][gc             ] GC(1413) Pause Young (Concurrent Start) (G1 Evacuation Pause) 3563M->1386M(4096M) 116.934ms
[4687.341s][info][gc             ] GC(1414) Concurrent Mark Cycle
[4687.341s][info][gc,marking     ] GC(1414) Concurrent Scan Root Regions
[4687.341s][info][gc,cpu         ] GC(1413) User=0.70s Sys=0.00s Real=0.11s
[4687.483s][info][gc,marking     ] GC(1414) Concurrent Scan Root Regions 142.082ms
[4687.484s][info][gc,marking     ] GC(1414) Concurrent Mark
[4687.484s][info][gc,marking     ] GC(1414) Concurrent Mark From Roots
[4687.484s][info][gc,task        ] GC(1414) Using 2 workers of 2 for marking
.[4688.289s][info][gc,marking     ] GC(1414) Concurrent Mark From Roots 805.801ms
[4688.289s][info][gc,marking     ] GC(1414) Concurrent Preclean
[4688.290s][info][gc,marking     ] GC(1414) Concurrent Preclean 0.132ms
[4688.291s][info][gc,start       ] GC(1414) Pause Remark
[4688.295s][info][gc             ] GC(1414) Pause Remark 2282M->2282M(4096M) 4.676ms
[4688.295s][info][gc,cpu         ] GC(1414) User=0.03s Sys=0.00s Real=0.01s
[4688.295s][info][gc,marking     ] GC(1414) Concurrent Mark 811.950ms
[4688.295s][info][gc,marking     ] GC(1414) Concurrent Rebuild Remembered Sets and Scrub Regions
[4688.577s][info][gc,marking     ] GC(1414) Concurrent Rebuild Remembered Sets and Scrub Regions 281.010ms
[4688.577s][info][gc,start       ] GC(1414) Pause Cleanup
[4688.577s][info][gc             ] GC(1414) Pause Cleanup 2570M->2570M(4096M) 0.124ms
[4688.577s][info][gc,cpu         ] GC(1414) User=0.00s Sys=0.00s Real=0.00s
[4688.577s][info][gc,marking     ] GC(1414) Concurrent Clear Claimed Marks
[4688.577s][info][gc,marking     ] GC(1414) Concurrent Clear Claimed Marks 0.040ms
[4688.577s][info][gc,marking     ] GC(1414) Concurrent Cleanup for Next Mark
[4688.582s][info][gc,marking     ] GC(1414) Concurrent Cleanup for Next Mark 5.023ms
[4688.582s][info][gc             ] GC(1414) Concurrent Mark Cycle 1240.652ms
.[4689.453s][info][gc,start       ] GC(1415) Pause Young (Prepare Mixed) (G1 Evacuation Pause)
[4689.453s][info][gc,task        ] GC(1415) Using 6 workers of 6 for evacuation
[4689.576s][info][gc,phases      ] GC(1415)   Pre Evacuate Collection Set: 0.32ms
[4689.576s][info][gc,phases      ] GC(1415)   Merge Heap Roots: 0.50ms
[4689.576s][info][gc,phases      ] GC(1415)   Evacuate Collection Set: 120.36ms
[4689.576s][info][gc,phases      ] GC(1415)   Post Evacuate Collection Set: 0.89ms
[4689.576s][info][gc,phases      ] GC(1415)   Other: 0.08ms
[4689.576s][info][gc,heap        ] GC(1415) Eden regions: 1120->0(1099)
[4689.576s][info][gc,heap        ] GC(1415) Survivor regions: 108->114(154)
[4689.576s][info][gc,heap        ] GC(1415) Old regions: 506->538
[4689.576s][info][gc,heap        ] GC(1415) Humongous regions: 80->80
[4689.576s][info][gc,metaspace   ] GC(1415) Metaspace: 28927K(29312K)->28927K(29312K) NonClass: 24059K(24256K)->24059K(24256K) Class: 4868K(5056K)->4868K(5056K)
[4689.576s][info][gc             ] GC(1415) Pause Young (Prepare Mixed) (G1 Evacuation Pause) 3626M->1463M(4096M) 122.278ms
[4689.576s][info][gc,cpu         ] GC(1415) User=0.73s Sys=0.00s Real=0.12s
..[4691.596s][info][gc,start       ] GC(1416) Pause Young (Mixed) (G1 Evacuation Pause)
[4691.596s][info][gc,task        ] GC(1416) Using 6 workers of 6 for evacuation
[4691.736s][info][gc,phases      ] GC(1416)   Pre Evacuate Collection Set: 0.33ms
[4691.736s][info][gc,phases      ] GC(1416)   Merge Heap Roots: 0.68ms
[4691.736s][info][gc,phases      ] GC(1416)   Evacuate Collection Set: 137.68ms
[4691.736s][info][gc,phases      ] GC(1416)   Post Evacuate Collection Set: 0.92ms
[4691.736s][info][gc,phases      ] GC(1416)   Other: 0.09ms
[4691.736s][info][gc,heap        ] GC(1416) Eden regions: 1099->0(1114)
[4691.736s][info][gc,heap        ] GC(1416) Survivor regions: 114->114(152)
[4691.736s][info][gc,heap        ] GC(1416) Old regions: 538->474
[4691.736s][info][gc,heap        ] GC(1416) Humongous regions: 80->80
[4691.736s][info][gc,metaspace   ] GC(1416) Metaspace: 28927K(29312K)->28927K(29312K) NonClass: 24059K(24256K)->24059K(24256K) Class: 4868K(5056K)->4868K(5056K)
[4691.736s][info][gc             ] GC(1416) Pause Young (Mixed) (G1 Evacuation Pause) 3661M->1333M(4096M) 139.825ms
[4691.736s][info][gc,cpu         ] GC(1416) User=0.83s Sys=0.00s Real=0.14s
..[4693.797s][info][gc,start       ] GC(1417) Pause Young (Concurrent Start) (G1 Evacuation Pause)
[4693.797s][info][gc,task        ] GC(1417) Using 6 workers of 6 for evacuation
[4693.918s][info][gc,phases      ] GC(1417)   Pre Evacuate Collection Set: 0.37ms
[4693.918s][info][gc,phases      ] GC(1417)   Merge Heap Roots: 0.46ms
[4693.918s][info][gc,phases      ] GC(1417)   Evacuate Collection Set: 118.99ms
[4693.918s][info][gc,phases      ] GC(1417)   Post Evacuate Collection Set: 0.88ms
[4693.918s][info][gc,phases      ] GC(1417)   Other: 0.13ms
[4693.918s][info][gc,heap        ] GC(1417) Eden regions: 1114->0(1116)
[4693.918s][info][gc,heap        ] GC(1417) Survivor regions: 114->112(154)
[4693.918s][info][gc,heap        ] GC(1417) Old regions: 474->507
[4693.918s][info][gc,heap        ] GC(1417) Humongous regions: 80->80
[4693.918s][info][gc,metaspace   ] GC(1417) Metaspace: 28927K(29312K)->28927K(29312K) NonClass: 24059K(24256K)->24059K(24256K) Class: 4868K(5056K)->4868K(5056K)
[4693.918s][info][gc             ] GC(1417) Pause Young (Concurrent Start) (G1 Evacuation Pause) 3561M->1397M(4096M) 120.968ms
[4693.918s][info][gc             ] GC(1418) Concurrent Mark Cycle
[4693.918s][info][gc,marking     ] GC(1418) Concurrent Scan Root Regions
[4693.918s][info][gc,cpu         ] GC(1417) User=0.72s Sys=0.00s Real=0.12s
.[4694.061s][info][gc,marking     ] GC(1418) Concurrent Scan Root Regions 143.421ms
[4694.061s][info][gc,marking     ] GC(1418) Concurrent Mark
[4694.061s][info][gc,marking     ] GC(1418) Concurrent Mark From Roots
[4694.061s][info][gc,task        ] GC(1418) Using 2 workers of 2 for marking
[4694.790s][info][gc,marking     ] GC(1418) Concurrent Mark From Roots 729.150ms
[4694.790s][info][gc,marking     ] GC(1418) Concurrent Preclean
[4694.791s][info][gc,marking     ] GC(1418) Concurrent Preclean 0.107ms
[4694.791s][info][gc,start       ] GC(1418) Pause Remark
[4694.797s][info][gc             ] GC(1418) Pause Remark 2181M->2181M(4096M) 5.634ms
[4694.797s][info][gc,cpu         ] GC(1418) User=0.03s Sys=0.00s Real=0.01s
[4694.798s][info][gc,marking     ] GC(1418) Concurrent Mark 737.034ms
[4694.798s][info][gc,marking     ] GC(1418) Concurrent Rebuild Remembered Sets and Scrub Regions
.[4695.503s][info][gc,marking     ] GC(1418) Concurrent Rebuild Remembered Sets and Scrub Regions 704.379ms
[4695.503s][info][gc,start       ] GC(1418) Pause Cleanup
[4695.503s][info][gc             ] GC(1418) Pause Cleanup 3041M->3041M(4096M) 0.103ms
[4695.503s][info][gc,cpu         ] GC(1418) User=0.00s Sys=0.00s Real=0.00s
[4695.505s][info][gc,marking     ] GC(1418) Concurrent Clear Claimed Marks
[4695.505s][info][gc,marking     ] GC(1418) Concurrent Clear Claimed Marks 0.030ms
[4695.505s][info][gc,marking     ] GC(1418) Concurrent Cleanup for Next Mark
[4695.514s][info][gc,marking     ] GC(1418) Concurrent Cleanup for Next Mark 8.976ms
[4695.514s][info][gc             ] GC(1418) Concurrent Mark Cycle 1595.991ms
[4696.016s][info][gc,start       ] GC(1419) Pause Young (Prepare Mixed) (G1 Evacuation Pause)
[4696.016s][info][gc,task        ] GC(1419) Using 6 workers of 6 for evacuation
[4696.134s][info][gc,phases      ] GC(1419)   Pre Evacuate Collection Set: 0.31ms
[4696.134s][info][gc,phases      ] GC(1419)   Merge Heap Roots: 0.50ms
[4696.134s][info][gc,phases      ] GC(1419)   Evacuate Collection Set: 115.61ms
[4696.134s][info][gc,phases      ] GC(1419)   Post Evacuate Collection Set: 0.95ms
[4696.134s][info][gc,phases      ] GC(1419)   Other: 0.09ms
[4696.134s][info][gc,heap        ] GC(1419) Eden regions: 1116->0(1109)
[4696.134s][info][gc,heap        ] GC(1419) Survivor regions: 112->109(154)
[4696.134s][info][gc,heap        ] GC(1419) Old regions: 507->538
[4696.134s][info][gc,heap        ] GC(1419) Humongous regions: 80->80
[4696.134s][info][gc,metaspace   ] GC(1419) Metaspace: 28927K(29312K)->28927K(29312K) NonClass: 24059K(24256K)->24059K(24256K) Class: 4868K(5056K)->4868K(5056K)
[4696.134s][info][gc             ] GC(1419) Pause Young (Prepare Mixed) (G1 Evacuation Pause) 3629M->1452M(4096M) 117.579ms
[4696.134s][info][gc,cpu         ] GC(1419) User=0.70s Sys=0.00s Real=0.12s
...|[4698.261s][info][gc,start       ] GC(1420) Pause Young (Mixed) (G1 Evacuation Pause)
[4698.261s][info][gc,task        ] GC(1420) Using 6 workers of 6 for evacuation
[4698.393s][info][gc,phases      ] GC(1420)   Pre Evacuate Collection Set: 0.33ms
[4698.393s][info][gc,phases      ] GC(1420)   Merge Heap Roots: 0.64ms
[4698.393s][info][gc,phases      ] GC(1420)   Evacuate Collection Set: 130.31ms
[4698.393s][info][gc,phases      ] GC(1420)   Post Evacuate Collection Set: 0.91ms
[4698.393s][info][gc,phases      ] GC(1420)   Other: 0.09ms
[4698.393s][info][gc,heap        ] GC(1420) Eden regions: 1109->0(1118)
[4698.393s][info][gc,heap        ] GC(1420) Survivor regions: 109->110(153)
[4698.393s][info][gc,heap        ] GC(1420) Old regions: 538->473
[4698.393s][info][gc,heap        ] GC(1420) Humongous regions: 80->80
[4698.393s][info][gc,metaspace   ] GC(1420) Metaspace: 28927K(29312K)->28927K(29312K) NonClass: 24059K(24256K)->24059K(24256K) Class: 4868K(5056K)->4868K(5056K)
[4698.393s][info][gc             ] GC(1420) Pause Young (Mixed) (G1 Evacuation Pause) 3670M->1324M(4096M) 132.406ms
[4698.393s][info][gc,cpu         ] GC(1420) User=0.79s Sys=0.00s Real=0.14s
..[4700.584s][info][gc,start       ] GC(1421) Pause Young (Concurrent Start) (G1 Evacuation Pause)
[4700.584s][info][gc,task        ] GC(1421) Using 6 workers of 6 for evacuation
[4700.707s][info][gc,phases      ] GC(1421)   Pre Evacuate Collection Set: 0.38ms
[4700.707s][info][gc,phases      ] GC(1421)   Merge Heap Roots: 0.45ms
[4700.707s][info][gc,phases      ] GC(1421)   Evacuate Collection Set: 120.73ms
[4700.707s][info][gc,phases      ] GC(1421)   Post Evacuate Collection Set: 0.95ms
[4700.707s][info][gc,phases      ] GC(1421)   Other: 0.14ms
[4700.707s][info][gc,heap        ] GC(1421) Eden regions: 1118->0(1114)
[4700.707s][info][gc,heap        ] GC(1421) Survivor regions: 110->114(154)
[4700.707s][info][gc,heap        ] GC(1421) Old regions: 473->506
[4700.707s][info][gc,heap        ] GC(1421) Humongous regions: 80->80
[4700.707s][info][gc,metaspace   ] GC(1421) Metaspace: 28927K(29312K)->28927K(29312K) NonClass: 24059K(24256K)->24059K(24256K) Class: 4868K(5056K)->4868K(5056K)
[4700.707s][info][gc             ] GC(1421) Pause Young (Concurrent Start) (G1 Evacuation Pause) 3560M->1398M(4096M) 122.773ms
[4700.707s][info][gc             ] GC(1422) Concurrent Mark Cycle
[4700.707s][info][gc,marking     ] GC(1422) Concurrent Scan Root Regions
[4700.707s][info][gc,cpu         ] GC(1421) User=0.73s Sys=0.00s Real=0.12s
[4700.906s][info][gc,marking     ] GC(1422) Concurrent Scan Root Regions 199.262ms
[4700.906s][info][gc,marking     ] GC(1422) Concurrent Mark
[4700.906s][info][gc,marking     ] GC(1422) Concurrent Mark From Roots
[4700.906s][info][gc,task        ] GC(1422) Using 2 workers of 2 for marking
.[4702.021s][info][gc,marking     ] GC(1422) Concurrent Mark From Roots 1114.828ms
[4702.021s][info][gc,marking     ] GC(1422) Concurrent Preclean
[4702.021s][info][gc,marking     ] GC(1422) Concurrent Preclean 0.099ms
[4702.025s][info][gc,start       ] GC(1422) Pause Remark
[4702.030s][info][gc             ] GC(1422) Pause Remark 2648M->2648M(4096M) 5.309ms
[4702.030s][info][gc,cpu         ] GC(1422) User=0.03s Sys=0.00s Real=0.00s
[4702.030s][info][gc,marking     ] GC(1422) Concurrent Mark 1123.957ms
[4702.030s][info][gc,marking     ] GC(1422) Concurrent Rebuild Remembered Sets and Scrub Regions
.[4702.324s][info][gc,marking     ] GC(1422) Concurrent Rebuild Remembered Sets and Scrub Regions 294.045ms
[4702.324s][info][gc,start       ] GC(1422) Pause Cleanup
[4702.324s][info][gc             ] GC(1422) Pause Cleanup 2928M->2928M(4096M) 0.109ms
[4702.324s][info][gc,cpu         ] GC(1422) User=0.00s Sys=0.00s Real=0.00s
[4702.324s][info][gc,marking     ] GC(1422) Concurrent Clear Claimed Marks
[4702.324s][info][gc,marking     ] GC(1422) Concurrent Clear Claimed Marks 0.019ms
[4702.324s][info][gc,marking     ] GC(1422) Concurrent Cleanup for Next Mark
[4702.332s][info][gc,marking     ] GC(1422) Concurrent Cleanup for Next Mark 7.800ms
[4702.332s][info][gc             ] GC(1422) Concurrent Mark Cycle 1625.557ms
[4702.850s][info][gc,start       ] GC(1423) Pause Young (Prepare Mixed) (G1 Evacuation Pause)
[4702.850s][info][gc,task        ] GC(1423) Using 6 workers of 6 for evacuation
[4702.970s][info][gc,phases      ] GC(1423)   Pre Evacuate Collection Set: 0.33ms
[4702.970s][info][gc,phases      ] GC(1423)   Merge Heap Roots: 0.53ms
[4702.970s][info][gc,phases      ] GC(1423)   Evacuate Collection Set: 117.96ms
[4702.970s][info][gc,phases      ] GC(1423)   Post Evacuate Collection Set: 0.92ms
[4702.970s][info][gc,phases      ] GC(1423)   Other: 0.09ms
[4702.970s][info][gc,heap        ] GC(1423) Eden regions: 1114->0(1102)
[4702.970s][info][gc,heap        ] GC(1423) Survivor regions: 114->113(154)
[4702.970s][info][gc,heap        ] GC(1423) Old regions: 506->537
[4702.970s][info][gc,heap        ] GC(1423) Humongous regions: 80->80
[4702.970s][info][gc,metaspace   ] GC(1423) Metaspace: 28927K(29312K)->28927K(29312K) NonClass: 24059K(24256K)->24059K(24256K) Class: 4868K(5056K)->4868K(5056K)
[4702.970s][info][gc             ] GC(1423) Pause Young (Prepare Mixed) (G1 Evacuation Pause) 3626M->1458M(4096M) 119.974ms
[4702.970s][info][gc,cpu         ] GC(1423) User=0.71s Sys=0.00s Real=0.12s
..[4705.079s][info][gc,start       ] GC(1424) Pause Young (Mixed) (G1 Evacuation Pause)
[4705.079s][info][gc,task        ] GC(1424) Using 6 workers of 6 for evacuation
[4705.210s][info][gc,phases      ] GC(1424)   Pre Evacuate Collection Set: 0.37ms
[4705.210s][info][gc,phases      ] GC(1424)   Merge Heap Roots: 0.70ms
[4705.210s][info][gc,phases      ] GC(1424)   Evacuate Collection Set: 128.90ms
[4705.210s][info][gc,phases      ] GC(1424)   Post Evacuate Collection Set: 0.94ms
[4705.210s][info][gc,phases      ] GC(1424)   Other: 0.09ms
[4705.210s][info][gc,heap        ] GC(1424) Eden regions: 1102->0(1123)
[4705.210s][info][gc,heap        ] GC(1424) Survivor regions: 113->105(152)
[4705.210s][info][gc,heap        ] GC(1424) Old regions: 537->475
[4705.210s][info][gc,heap        ] GC(1424) Humongous regions: 80->80
[4705.210s][info][gc,metaspace   ] GC(1424) Metaspace: 28927K(29312K)->28927K(29312K) NonClass: 24059K(24256K)->24059K(24256K) Class: 4868K(5056K)->4868K(5056K)
[4705.210s][info][gc             ] GC(1424) Pause Young (Mixed) (G1 Evacuation Pause) 3662M->1319M(4096M) 131.141ms
[4705.210s][info][gc,cpu         ] GC(1424) User=0.78s Sys=0.00s Real=0.13s
..[4707.258s][info][gc,start       ] GC(1425) Pause Young (Concurrent Start) (G1 Evacuation Pause)
[4707.258s][info][gc,task        ] GC(1425) Using 6 workers of 6 for evacuation
[4707.376s][info][gc,phases      ] GC(1425)   Pre Evacuate Collection Set: 0.40ms
[4707.376s][info][gc,phases      ] GC(1425)   Merge Heap Roots: 0.48ms
[4707.376s][info][gc,phases      ] GC(1425)   Evacuate Collection Set: 116.54ms
[4707.376s][info][gc,phases      ] GC(1425)   Post Evacuate Collection Set: 0.86ms
[4707.376s][info][gc,phases      ] GC(1425)   Other: 0.12ms
[4707.376s][info][gc,heap        ] GC(1425) Eden regions: 1123->0(1116)
[4707.376s][info][gc,heap        ] GC(1425) Survivor regions: 105->112(154)
[4707.376s][info][gc,heap        ] GC(1425) Old regions: 475->506
[4707.376s][info][gc,heap        ] GC(1425) Humongous regions: 80->80
[4707.376s][info][gc,metaspace   ] GC(1425) Metaspace: 28927K(29312K)->28927K(29312K) NonClass: 24059K(24256K)->24059K(24256K) Class: 4868K(5056K)->4868K(5056K)
[4707.376s][info][gc             ] GC(1425) Pause Young (Concurrent Start) (G1 Evacuation Pause) 3565M->1394M(4096M) 118.539ms
[4707.376s][info][gc             ] GC(1426) Concurrent Mark Cycle
[4707.376s][info][gc,marking     ] GC(1426) Concurrent Scan Root Regions
[4707.376s][info][gc,cpu         ] GC(1425) User=0.70s Sys=0.00s Real=0.12s
.[4707.520s][info][gc,marking     ] GC(1426) Concurrent Scan Root Regions 143.235ms
[4707.520s][info][gc,marking     ] GC(1426) Concurrent Mark
[4707.520s][info][gc,marking     ] GC(1426) Concurrent Mark From Roots
[4707.520s][info][gc,task        ] GC(1426) Using 2 workers of 2 for marking
[4708.296s][info][gc,marking     ] GC(1426) Concurrent Mark From Roots 776.604ms
[4708.296s][info][gc,marking     ] GC(1426) Concurrent Preclean
[4708.296s][info][gc,marking     ] GC(1426) Concurrent Preclean 0.116ms
[4708.298s][info][gc,start       ] GC(1426) Pause Remark
[4708.302s][info][gc             ] GC(1426) Pause Remark 2213M->2213M(4096M) 4.337ms
[4708.302s][info][gc,cpu         ] GC(1426) User=0.02s Sys=0.00s Real=0.01s
[4708.304s][info][gc,marking     ] GC(1426) Concurrent Mark 784.291ms
[4708.304s][info][gc,marking     ] GC(1426) Concurrent Rebuild Remembered Sets and Scrub Regions
.[4708.575s][info][gc,marking     ] GC(1426) Concurrent Rebuild Remembered Sets and Scrub Regions 271.330ms
[4708.575s][info][gc,start       ] GC(1426) Pause Cleanup
[4708.576s][info][gc             ] GC(1426) Pause Cleanup 2525M->2525M(4096M) 0.113ms
[4708.576s][info][gc,cpu         ] GC(1426) User=0.00s Sys=0.00s Real=0.00s
[4708.576s][info][gc,marking     ] GC(1426) Concurrent Clear Claimed Marks
[4708.576s][info][gc,marking     ] GC(1426) Concurrent Clear Claimed Marks 0.024ms
[4708.576s][info][gc,marking     ] GC(1426) Concurrent Cleanup for Next Mark
[4708.580s][info][gc,marking     ] GC(1426) Concurrent Cleanup for Next Mark 4.690ms
[4708.580s][info][gc             ] GC(1426) Concurrent Mark Cycle 1204.034ms
[4709.558s][info][gc,start       ] GC(1427) Pause Young (Prepare Mixed) (G1 Evacuation Pause)
[4709.558s][info][gc,task        ] GC(1427) Using 6 workers of 6 for evacuation
[4709.678s][info][gc,phases      ] GC(1427)   Pre Evacuate Collection Set: 0.34ms
[4709.678s][info][gc,phases      ] GC(1427)   Merge Heap Roots: 0.51ms
[4709.678s][info][gc,phases      ] GC(1427)   Evacuate Collection Set: 117.75ms
[4709.678s][info][gc,phases      ] GC(1427)   Post Evacuate Collection Set: 0.89ms
[4709.678s][info][gc,phases      ] GC(1427)   Other: 0.09ms
[4709.678s][info][gc,heap        ] GC(1427) Eden regions: 1116->0(1103)
[4709.678s][info][gc,heap        ] GC(1427) Survivor regions: 112->112(154)
[4709.678s][info][gc,heap        ] GC(1427) Old regions: 506->538
[4709.678s][info][gc,heap        ] GC(1427) Humongous regions: 80->80
[4709.678s][info][gc,metaspace   ] GC(1427) Metaspace: 28927K(29312K)->28927K(29312K) NonClass: 24059K(24256K)->24059K(24256K) Class: 4868K(5056K)->4868K(5056K)
[4709.678s][info][gc             ] GC(1427) Pause Young (Prepare Mixed) (G1 Evacuation Pause) 3626M->1458M(4096M) 119.710ms
[4709.678s][info][gc,cpu         ] GC(1427) User=0.71s Sys=0.00s Real=0.12s
...[4711.696s][info][gc,start       ] GC(1428) Pause Young (Mixed) (G1 Evacuation Pause)
[4711.696s][info][gc,task        ] GC(1428) Using 6 workers of 6 for evacuation
[4711.830s][info][gc,phases      ] GC(1428)   Pre Evacuate Collection Set: 0.37ms
[4711.830s][info][gc,phases      ] GC(1428)   Merge Heap Roots: 0.66ms
[4711.830s][info][gc,phases      ] GC(1428)   Evacuate Collection Set: 132.07ms
[4711.830s][info][gc,phases      ] GC(1428)   Post Evacuate Collection Set: 0.94ms
[4711.830s][info][gc,phases      ] GC(1428)   Other: 0.09ms
[4711.830s][info][gc,heap        ] GC(1428) Eden regions: 1103->0(1118)
[4711.830s][info][gc,heap        ] GC(1428) Survivor regions: 112->110(152)
[4711.830s][info][gc,heap        ] GC(1428) Old regions: 538->473
[4711.830s][info][gc,heap        ] GC(1428) Humongous regions: 80->80
[4711.830s][info][gc,metaspace   ] GC(1428) Metaspace: 28927K(29312K)->28927K(29312K) NonClass: 24059K(24256K)->24059K(24256K) Class: 4868K(5056K)->4868K(5056K)
[4711.830s][info][gc             ] GC(1428) Pause Young (Mixed) (G1 Evacuation Pause) 3664M->1324M(4096M) 134.253ms
[4711.830s][info][gc,cpu         ] GC(1428) User=0.80s Sys=0.00s Real=0.13s
..[4713.936s][info][gc,start       ] GC(1429) Pause Young (Concurrent Start) (G1 Evacuation Pause)
[4713.936s][info][gc,task        ] GC(1429) Using 6 workers of 6 for evacuation
[4714.054s][info][gc,phases      ] GC(1429)   Pre Evacuate Collection Set: 0.34ms
[4714.054s][info][gc,phases      ] GC(1429)   Merge Heap Roots: 0.46ms
[4714.054s][info][gc,phases      ] GC(1429)   Evacuate Collection Set: 116.29ms
[4714.054s][info][gc,phases      ] GC(1429)   Post Evacuate Collection Set: 0.87ms
[4714.054s][info][gc,phases      ] GC(1429)   Other: 0.12ms
[4714.054s][info][gc,heap        ] GC(1429) Eden regions: 1118->0(1118)
[4714.054s][info][gc,heap        ] GC(1429) Survivor regions: 110->110(154)
[4714.054s][info][gc,heap        ] GC(1429) Old regions: 473->505
[4714.054s][info][gc,heap        ] GC(1429) Humongous regions: 80->80
[4714.054s][info][gc,metaspace   ] GC(1429) Metaspace: 28927K(29312K)->28927K(29312K) NonClass: 24059K(24256K)->24059K(24256K) Class: 4868K(5056K)->4868K(5056K)
[4714.054s][info][gc             ] GC(1429) Pause Young (Concurrent Start) (G1 Evacuation Pause) 3560M->1389M(4096M) 118.198ms
[4714.054s][info][gc             ] GC(1430) Concurrent Mark Cycle
[4714.054s][info][gc,marking     ] GC(1430) Concurrent Scan Root Regions
[4714.054s][info][gc,cpu         ] GC(1429) User=0.71s Sys=0.00s Real=0.12s
[4714.238s][info][gc,marking     ] GC(1430) Concurrent Scan Root Regions 183.641ms
[4714.238s][info][gc,marking     ] GC(1430) Concurrent Mark
[4714.238s][info][gc,marking     ] GC(1430) Concurrent Mark From Roots
[4714.238s][info][gc,task        ] GC(1430) Using 2 workers of 2 for marking
.[4715.294s][info][gc,marking     ] GC(1430) Concurrent Mark From Roots 1056.491ms
[4715.294s][info][gc,marking     ] GC(1430) Concurrent Preclean
[4715.294s][info][gc,marking     ] GC(1430) Concurrent Preclean 0.127ms
[4715.295s][info][gc,start       ] GC(1430) Pause Remark
[4715.302s][info][gc             ] GC(1430) Pause Remark 2597M->2597M(4096M) 7.192ms
[4715.302s][info][gc,cpu         ] GC(1430) User=0.04s Sys=0.00s Real=0.01s
[4715.302s][info][gc,marking     ] GC(1430) Concurrent Mark 1064.690ms
[4715.302s][info][gc,marking     ] GC(1430) Concurrent Rebuild Remembered Sets and Scrub Regions
[4715.706s][info][gc,marking     ] GC(1430) Concurrent Rebuild Remembered Sets and Scrub Regions 403.843ms
[4715.706s][info][gc,start       ] GC(1430) Pause Cleanup
[4715.706s][info][gc             ] GC(1430) Pause Cleanup 3073M->3073M(4096M) 0.103ms
[4715.706s][info][gc,cpu         ] GC(1430) User=0.00s Sys=0.00s Real=0.00s
[4715.707s][info][gc,marking     ] GC(1430) Concurrent Clear Claimed Marks
[4715.707s][info][gc,marking     ] GC(1430) Concurrent Clear Claimed Marks 0.021ms
[4715.707s][info][gc,marking     ] GC(1430) Concurrent Cleanup for Next Mark
[4715.711s][info][gc,marking     ] GC(1430) Concurrent Cleanup for Next Mark 4.582ms
