[0.002s][info][gc,init] CardTable entry size: 512
[0.002s][info][gc     ] Using G1
[0.009s][info][gc,init] Version: 24-internal-adhoc.thomas.source (release)
[0.009s][info][gc,init] CPUs: 8 total, 6 available
[0.009s][info][gc,init] Memory: 15662M
[0.009s][info][gc,init] Large Page Support: Disabled
[0.009s][info][gc,init] NUMA Support: Disabled
[0.009s][info][gc,init] Compressed Oops: Enabled (Zero based)
[0.009s][info][gc,init] Heap Region Size: 2M
[0.009s][info][gc,init] Heap Min Capacity: 4G
[0.009s][info][gc,init] Heap Initial Capacity: 4G
[0.009s][info][gc,init] Heap Max Capacity: 4G
[0.009s][info][gc,init] Pre-touch: Disabled
[0.009s][info][gc,init] Parallel Workers: 6
[0.009s][info][gc,init] Concurrent Workers: 2
[0.009s][info][gc,init] Concurrent Refinement Workers: 6
[0.009s][info][gc,init] Periodic GC: Disabled
[0.009s][info][gc,metaspace] CDS archive(s) not mapped
[0.009s][info][gc,metaspace] Compressed class space mapped at: 0x0000000076000000-0x00000000b6000000, reserved size: 1073741824
[0.009s][info][gc,metaspace] UseCompressedClassPointers 1, UseCompactObjectHeaders 1, narrow klass pointer bits 22, max shift 10
[0.009s][info][gc,metaspace] Narrow klass base: 0x0000000076000000, Narrow klass shift: 9, Narrow klass range: 0x40000000

SPECjbb2015 Java Business Benchmark
 (c) Standard Performance Evaluation Corporation, 2015

Preparing to launch All-in-one SPECjbb2015.

Reading property file: /shared/projects/openjdk/analysis/lilliput-benefits/specjbb/results-COH-ON-G1-3/./config/specjbb2015.props

     0s: Enumerating plugins...
     0s:    Connectivity:
     0s:             HTTP_Grizzly: Grizzly HTTP server, JDK HTTP client
     0s:              NIO_Grizzly: Grizzly NIO server, Grizzly NIO client
     0s:               HTTP_Jetty: Jetty HTTP server, JDK HTTP client
     0s:    Snapshot:
     0s:                 InMemory: Stores snapshots in heap memory
     0s:    Data Writers:
     0s:                     Demo: Send all frame to listener
     0s:                   InFile: Writing Data into file
     0s:                   Silent: Drop all frames
     0s: 
     0s: Kit validation is skipped.
     0s: Tests are skipped.
     0s: 
     0s: [0.854s][info][gc,start    ] GC(0) Pause Young (Normal) (G1 Evacuation Pause)
[0.854s][info][gc,task     ] GC(0) Using 6 workers of 6 for evacuation
[0.859s][info][gc,phases   ] GC(0)   Pre Evacuate Collection Set: 0.33ms
[0.859s][info][gc,phases   ] GC(0)   Merge Heap Roots: 0.10ms
[0.859s][info][gc,phases   ] GC(0)   Evacuate Collection Set: 3.89ms
[0.859s][info][gc,phases   ] GC(0)   Post Evacuate Collection Set: 0.45ms
[0.859s][info][gc,phases   ] GC(0)   Other: 0.50ms
[0.859s][info][gc,heap     ] GC(0) Eden regions: 102->0(99)
[0.859s][info][gc,heap     ] GC(0) Survivor regions: 0->3(13)
[0.859s][info][gc,heap     ] GC(0) Old regions: 0->0
[0.859s][info][gc,heap     ] GC(0) Humongous regions: 0->0
[0.859s][info][gc,metaspace] GC(0) Metaspace: 21082K(21312K)->21082K(21312K) NonClass: 17082K(17216K)->17082K(17216K) Class: 3999K(4096K)->3999K(4096K)
[0.859s][info][gc          ] GC(0) Pause Young (Normal) (G1 Evacuation Pause) 204M->4M(4096M) 5.448ms
[0.859s][info][gc,cpu      ] GC(0) User=0.02s Sys=0.01s Real=0.00s
[1.023s][info][gc,start    ] GC(1) Pause Young (Concurrent Start) (Metadata GC Threshold)
[1.023s][info][gc,task     ] GC(1) Using 6 workers of 6 for evacuation
[1.027s][info][gc,phases   ] GC(1)   Pre Evacuate Collection Set: 0.32ms
[1.027s][info][gc,phases   ] GC(1)   Merge Heap Roots: 0.04ms
[1.027s][info][gc,phases   ] GC(1)   Evacuate Collection Set: 2.49ms
[1.027s][info][gc,phases   ] GC(1)   Post Evacuate Collection Set: 0.34ms
[1.027s][info][gc,phases   ] GC(1)   Other: 0.06ms
[1.027s][info][gc,heap     ] GC(1) Eden regions: 47->0(99)
[1.027s][info][gc,heap     ] GC(1) Survivor regions: 3->3(13)
[1.027s][info][gc,heap     ] GC(1) Old regions: 0->0
[1.027s][info][gc,heap     ] GC(1) Humongous regions: 0->0
[1.027s][info][gc,metaspace] GC(1) Metaspace: 21360K(21504K)->21360K(21504K) NonClass: 17341K(17408K)->17341K(17408K) Class: 4019K(4096K)->4019K(4096K)
[1.027s][info][gc          ] GC(1) Pause Young (Concurrent Start) (Metadata GC Threshold) 98M->5M(4096M) 3.367ms
[1.027s][info][gc,cpu      ] GC(1) User=0.02s Sys=0.00s Real=0.00s
[1.027s][info][gc          ] GC(2) Concurrent Mark Cycle
[1.027s][info][gc,marking  ] GC(2) Concurrent Scan Root Regions
[1.028s][info][gc,marking  ] GC(2) Concurrent Scan Root Regions 1.369ms
[1.028s][info][gc,marking  ] GC(2) Concurrent Mark
[1.028s][info][gc,marking  ] GC(2) Concurrent Mark From Roots
[1.028s][info][gc,task     ] GC(2) Using 2 workers of 2 for marking
[1.029s][info][gc,marking  ] GC(2) Concurrent Mark From Roots 0.650ms
[1.029s][info][gc,marking  ] GC(2) Concurrent Preclean
[1.029s][info][gc,marking  ] GC(2) Concurrent Preclean 0.005ms
[1.029s][info][gc,start    ] GC(2) Pause Remark
[1.030s][info][gc          ] GC(2) Pause Remark 6M->6M(4096M) 0.933ms
[1.030s][info][gc,cpu      ] GC(2) User=0.00s Sys=0.00s Real=0.00s
[1.030s][info][gc,marking  ] GC(2) Concurrent Mark 1.658ms
[1.030s][info][gc,marking  ] GC(2) Concurrent Rebuild Remembered Sets and Scrub Regions
[1.030s][info][gc,marking  ] GC(2) Concurrent Rebuild Remembered Sets and Scrub Regions 0.047ms
[1.030s][info][gc,start    ] GC(2) Pause Cleanup
[1.030s][info][gc          ] GC(2) Pause Cleanup 6M->6M(4096M) 0.012ms
[1.030s][info][gc,cpu      ] GC(2) User=0.00s Sys=0.00s Real=0.00s
[1.030s][info][gc,marking  ] GC(2) Concurrent Clear Claimed Marks
[1.030s][info][gc,marking  ] GC(2) Concurrent Clear Claimed Marks 0.006ms
[1.030s][info][gc,marking  ] GC(2) Concurrent Cleanup for Next Mark
[1.036s][info][gc,marking  ] GC(2) Concurrent Cleanup for Next Mark 6.066ms
[1.036s][info][gc          ] GC(2) Concurrent Mark Cycle 9.382ms
Ladies and gentlemen, this is your Controller speaking.
     0s: We are delighted in having you for benchmark run today.
     0s: 
     0s: Binary log file is ./specjbb2015-C-20240905-00001.data.gz
     0s: 
     0s: Performing handshake with all agents ...
     0s: 
     0s:  Agent Group1.TxInjector.CompositeTxInjector has attached to Controller
     0s:  Agent Group1.Backend.CompositeBackend has attached to Controller
     0s: 
     0s: All agents have connected.
     0s: 
     0s: Attached agents info:

Group "Group1"
    TxInjectors:
        CompositeTxInjector, includes { Driver } @ [local in-Java link]
    Backends:
        CompositeBackend, includes { SM(2),SP(2) } @ [local in-Java link]

     0s: Initializing... (init[1.235s][info][gc,start    ] GC(3) Pause Young (Normal) (G1 Evacuation Pause)
[1.235s][info][gc,task     ] GC(3) Using 6 workers of 6 for evacuation
[1.298s][info][gc,phases   ] GC(3)   Pre Evacuate Collection Set: 0.29ms
[1.298s][info][gc,phases   ] GC(3)   Merge Heap Roots: 0.08ms
[1.298s][info][gc,phases   ] GC(3)   Evacuate Collection Set: 62.39ms
[1.298s][info][gc,phases   ] GC(3)   Post Evacuate Collection Set: 0.64ms
[1.298s][info][gc,phases   ] GC(3)   Other: 0.07ms
[1.298s][info][gc,heap     ] GC(3) Eden regions: 99->0(89)
[1.298s][info][gc,heap     ] GC(3) Survivor regions: 3->13(13)
[1.298s][info][gc,heap     ] GC(3) Old regions: 0->53
[1.298s][info][gc,heap     ] GC(3) Humongous regions: 15->15
[1.298s][info][gc,metaspace] GC(3) Metaspace: 22681K(22912K)->22681K(22912K) NonClass: 18420K(18560K)->18420K(18560K) Class: 4261K(4352K)->4261K(4352K)
[1.298s][info][gc          ] GC(3) Pause Young (Normal) (G1 Evacuation Pause) 233M->161M(4096M) 63.607ms
[1.299s][info][gc,cpu      ] GC(3) User=0.31s Sys=0.07s Real=0.06s
[1.397s][info][gc,start    ] GC(4) Pause Young (Normal) (G1 Evacuation Pause)
[1.397s][info][gc,task     ] GC(4) Using 6 workers of 6 for evacuation
[1.469s][info][gc,phases   ] GC(4)   Pre Evacuate Collection Set: 0.32ms
[1.469s][info][gc,phases   ] GC(4)   Merge Heap Roots: 0.24ms
[1.469s][info][gc,phases   ] GC(4)   Evacuate Collection Set: 70.13ms
[1.469s][info][gc,phases   ] GC(4)   Post Evacuate Collection Set: 0.48ms
[1.469s][info][gc,phases   ] GC(4)   Other: 0.05ms
[1.469s][info][gc,heap     ] GC(4) Eden regions: 89->0(89)
[1.469s][info][gc,heap     ] GC(4) Survivor regions: 13->13(13)
[1.469s][info][gc,heap     ] GC(4) Old regions: 53->120
[1.469s][info][gc,heap     ] GC(4) Humongous regions: 15->15
[1.469s][info][gc,metaspace] GC(4) Metaspace: 22714K(22912K)->22714K(22912K) NonClass: 18452K(18560K)->18452K(18560K) Class: 4261K(4352K)->4261K(4352K)
[1.469s][info][gc          ] GC(4) Pause Young (Normal) (G1 Evacuation Pause) 339M->296M(4096M) 71.366ms
[1.469s][info][gc,cpu      ] GC(4) User=0.39s Sys=0.02s Real=0.07s
[1.614s][info][gc,start    ] GC(5) Pause Young (Normal) (G1 Evacuation Pause)
[1.614s][info][gc,task     ] GC(5) Using 6 workers of 6 for evacuation
[1.692s][info][gc,phases   ] GC(5)   Pre Evacuate Collection Set: 0.33ms
[1.692s][info][gc,phases   ] GC(5)   Merge Heap Roots: 0.14ms
[1.692s][info][gc,phases   ] GC(5)   Evacuate Collection Set: 77.33ms
[1.692s][info][gc,phases   ] GC(5)   Post Evacuate Collection Set: 0.27ms
[1.692s][info][gc,phases   ] GC(5)   Other: 0.07ms
[1.692s][info][gc,heap     ] GC(5) Eden regions: 89->0(89)
[1.692s][info][gc,heap     ] GC(5) Survivor regions: 13->13(13)
[1.692s][info][gc,heap     ] GC(5) Old regions: 120->192
[1.692s][info][gc,heap     ] GC(5) Humongous regions: 19->19
[1.692s][info][gc,metaspace] GC(5) Metaspace: 22728K(22912K)->22728K(22912K) NonClass: 18467K(18560K)->18467K(18560K) Class: 4261K(4352K)->4261K(4352K)
[1.692s][info][gc          ] GC(5) Pause Young (Normal) (G1 Evacuation Pause) 482M->448M(4096M) 78.288ms
[1.692s][info][gc,cpu      ] GC(5) User=0.43s Sys=0.03s Real=0.07s
[1.738s][info][gc,start    ] GC(6) Pause Young (Normal) (G1 Evacuation Pause)
[1.738s][info][gc,task     ] GC(6) Using 6 workers of 6 for evacuation
[1.831s][info][gc,phases   ] GC(6)   Pre Evacuate Collection Set: 0.42ms
[1.832s][info][gc,phases   ] GC(6)   Merge Heap Roots: 0.13ms
[1.832s][info][gc,phases   ] GC(6)   Evacuate Collection Set: 92.93ms
[1.832s][info][gc,phases   ] GC(6)   Post Evacuate Collection Set: 0.24ms
[1.832s][info][gc,phases   ] GC(6)   Other: 0.06ms
[1.832s][info][gc,heap     ] GC(6) Eden regions: 89->0(89)
[1.832s][info][gc,heap     ] GC(6) Survivor regions: 13->13(13)
[1.832s][info][gc,heap     ] GC(6) Old regions: 192->271
[1.832s][info][gc,heap     ] GC(6) Humongous regions: 19->19
[1.832s][info][gc,metaspace] GC(6) Metaspace: 22732K(22912K)->22732K(22912K) NonClass: 18470K(18560K)->18470K(18560K) Class: 4261K(4352K)->4261K(4352K)
[1.832s][info][gc          ] GC(6) Pause Young (Normal) (G1 Evacuation Pause) 626M->605M(4096M) 93.963ms
[1.832s][info][gc,cpu      ] GC(6) User=0.54s Sys=0.02s Real=0.09s
[1.939s][info][gc,start    ] GC(7) Pause Young (Normal) (G1 Evacuation Pause)
[1.939s][info][gc,task     ] GC(7) Using 6 workers of 6 for evacuation
[2.010s][info][gc,phases   ] GC(7)   Pre Evacuate Collection Set: 0.31ms
[2.010s][info][gc,phases   ] GC(7)   Merge Heap Roots: 0.04ms
[2.010s][info][gc,phases   ] GC(7)   Evacuate Collection Set: 70.61ms
[2.010s][info][gc,phases   ] GC(7)   Post Evacuate Collection Set: 0.22ms
[2.010s][info][gc,phases   ] GC(7)   Other: 0.05ms
[2.010s][info][gc,heap     ] GC(7) Eden regions: 89->0(89)
[2.010s][info][gc,heap     ] GC(7) Survivor regions: 13->13(13)
[2.010s][info][gc,heap     ] GC(7) Old regions: 271->347
[2.010s][info][gc,heap     ] GC(7) Humongous regions: 19->19
[2.010s][info][gc,metaspace] GC(7) Metaspace: 22754K(22976K)->22754K(22976K) NonClass: 18490K(18560K)->18490K(18560K) Class: 4263K(4416K)->4263K(4416K)
[2.010s][info][gc          ] GC(7) Pause Young (Normal) (G1 Evacuation Pause) 783M->758M(4096M) 71.363ms
[2.010s][info][gc,cpu      ] GC(7) User=0.40s Sys=0.02s Real=0.07s
[2.254s][info][gc,start    ] GC(8) Pause Young (Normal) (G1 Evacuation Pause)
[2.254s][info][gc,task     ] GC(8) Using 6 workers of 6 for evacuation
[2.331s][info][gc,phases   ] GC(8)   Pre Evacuate Collection Set: 0.31ms
[2.331s][info][gc,phases   ] GC(8)   Merge Heap Roots: 0.10ms
[2.331s][info][gc,phases   ] GC(8)   Evacuate Collection Set: 75.37ms
[2.331s][info][gc,phases   ] GC(8)   Post Evacuate Collection Set: 0.38ms
[2.331s][info][gc,phases   ] GC(8)   Other: 0.05ms
[2.331s][info][gc,heap     ] GC(8) Eden regions: 89->0(89)
[2.331s][info][gc,heap     ] GC(8) Survivor regions: 13->13(13)
[2.331s][info][gc,heap     ] GC(8) Old regions: 347->402
[2.331s][info][gc,heap     ] GC(8) Humongous regions: 29->29
[2.331s][info][gc,metaspace] GC(8) Metaspace: 22786K(22976K)->22786K(22976K) NonClass: 18521K(18560K)->18521K(18560K) Class: 4264K(4416K)->4264K(4416K)
[2.331s][info][gc          ] GC(8) Pause Young (Normal) (G1 Evacuation Pause) 956M->888M(4096M) 76.356ms
[2.331s][info][gc,cpu      ] GC(8) User=0.42s Sys=0.03s Real=0.07s
[2.498s][info][gc,start    ] GC(9) Pause Young (Normal) (G1 Evacuation Pause)
[2.498s][info][gc,task     ] GC(9) Using 6 workers of 6 for evacuation
[2.584s][info][gc,phases   ] GC(9)   Pre Evacuate Collection Set: 0.35ms
[2.584s][info][gc,phases   ] GC(9)   Merge Heap Roots: 0.38ms
[2.584s][info][gc,phases   ] GC(9)   Evacuate Collection Set: 85.26ms
[2.584s][info][gc,phases   ] GC(9)   Post Evacuate Collection Set: 0.32ms
[2.584s][info][gc,phases   ] GC(9)   Other: 0.06ms
[2.584s][info][gc,heap     ] GC(9) Eden regions: 89->0(89)
[2.584s][info][gc,heap     ] GC(9) Survivor regions: 13->13(13)
[2.584s][info][gc,heap     ] GC(9) Old regions: 402->448
[2.584s][info][gc,heap     ] GC(9) Humongous regions: 36->36
[2.584s][info][gc,metaspace] GC(9) Metaspace: 22818K(23104K)->22818K(23104K) NonClass: 18552K(18688K)->18552K(18688K) Class: 4266K(4416K)->4266K(4416K)
[2.584s][info][gc          ] GC(9) Pause Young (Normal) (G1 Evacuation Pause) 1080M->994M(4096M) 86.501ms
[2.584s][info][gc,cpu      ] GC(9) User=0.51s Sys=0.00s Real=0.09s
) OK
     2s: 
     2s: Check whether properties are compliant
     2s: (validation=PASSED) Property settings are COMPLIANT.
     2s: 
     2s: Searching for high-bound for max-jOPS possible for this system
     2s: Searching from base IR = 100
     2s:       rampup IR =      0 [reconfig (term) [2.815s][info][gc,start    ] GC(10) Pause Full (System.gc())
[2.815s][info][gc,task     ] GC(10) Using 6 workers of 6 for full compaction
[2.816s][info][gc,phases,start] GC(10) Phase 1: Mark live objects
[2.830s][info][gc,phases      ] GC(10) Phase 1: Mark live objects 14.619ms
[2.830s][info][gc,phases,start] GC(10) Phase 2: Prepare compaction
[2.836s][info][gc,phases      ] GC(10) Phase 2: Prepare compaction 6.109ms
[2.836s][info][gc,phases,start] GC(10) Phase 3: Adjust pointers
[2.844s][info][gc,phases      ] GC(10) Phase 3: Adjust pointers 7.602ms
[2.844s][info][gc,phases,start] GC(10) Phase 4: Compact heap
[2.853s][info][gc,phases      ] GC(10) Phase 4: Compact heap 9.311ms
[2.853s][info][gc,phases,start] GC(10) Phase 5: Reset Metadata
[2.856s][info][gc,phases      ] GC(10) Phase 5: Reset Metadata 2.096ms
[2.860s][info][gc,heap        ] GC(10) Eden regions: 61->0(102)
[2.860s][info][gc,heap        ] GC(10) Survivor regions: 13->0(13)
[2.860s][info][gc,heap        ] GC(10) Old regions: 448->33
[2.860s][info][gc,heap        ] GC(10) Humongous regions: 46->13
[2.860s][info][gc,metaspace   ] GC(10) Metaspace: 23078K(23296K)->23078K(23296K) NonClass: 18770K(18880K)->18770K(18880K) Class: 4307K(4416K)->4307K(4416K)
[2.860s][info][gc             ] GC(10) Pause Full (System.gc()) 1134M->86M(4096M) 45.203ms
[2.860s][info][gc,cpu         ] GC(10) User=0.23s Sys=0.00s Real=0.04s
(init[3.153s][info][gc,start       ] GC(11) Pause Young (Normal) (G1 Evacuation Pause)
[3.153s][info][gc,task        ] GC(11) Using 6 workers of 6 for evacuation
[3.210s][info][gc,phases      ] GC(11)   Pre Evacuate Collection Set: 0.29ms
[3.210s][info][gc,phases      ] GC(11)   Merge Heap Roots: 0.06ms
[3.210s][info][gc,phases      ] GC(11)   Evacuate Collection Set: 55.89ms
[3.210s][info][gc,phases      ] GC(11)   Post Evacuate Collection Set: 0.39ms
[3.210s][info][gc,phases      ] GC(11)   Other: 0.05ms
[3.210s][info][gc,heap        ] GC(11) Eden regions: 102->0(89)
[3.210s][info][gc,heap        ] GC(11) Survivor regions: 0->13(13)
[3.210s][info][gc,heap        ] GC(11) Old regions: 33->92
[3.210s][info][gc,heap        ] GC(11) Humongous regions: 15->15
[3.210s][info][gc,metaspace   ] GC(11) Metaspace: 23085K(23296K)->23085K(23296K) NonClass: 18777K(18880K)->18777K(18880K) Class: 4307K(4416K)->4307K(4416K)
[3.210s][info][gc             ] GC(11) Pause Young (Normal) (G1 Evacuation Pause) 294M->233M(4096M) 56.822ms
[3.210s][info][gc,cpu         ] GC(11) User=0.34s Sys=0.00s Real=0.05s
[3.244s][info][gc,start       ] GC(12) Pause Young (Normal) (G1 Evacuation Pause)
[3.244s][info][gc,task        ] GC(12) Using 6 workers of 6 for evacuation
[3.311s][info][gc,phases      ] GC(12)   Pre Evacuate Collection Set: 0.31ms
[3.311s][info][gc,phases      ] GC(12)   Merge Heap Roots: 0.24ms
[3.311s][info][gc,phases      ] GC(12)   Evacuate Collection Set: 66.82ms
[3.311s][info][gc,phases      ] GC(12)   Post Evacuate Collection Set: 0.23ms
[3.311s][info][gc,phases      ] GC(12)   Other: 0.06ms
[3.311s][info][gc,heap        ] GC(12) Eden regions: 89->0(89)
[3.311s][info][gc,heap        ] GC(12) Survivor regions: 13->13(13)
[3.311s][info][gc,heap        ] GC(12) Old regions: 92->165
[3.311s][info][gc,heap        ] GC(12) Humongous regions: 15->15
[3.311s][info][gc,metaspace   ] GC(12) Metaspace: 23085K(23296K)->23085K(23296K) NonClass: 18777K(18880K)->18777K(18880K) Class: 4307K(4416K)->4307K(4416K)
[3.311s][info][gc             ] GC(12) Pause Young (Normal) (G1 Evacuation Pause) 411M->380M(4096M) 67.790ms
[3.312s][info][gc,cpu         ] GC(12) User=0.40s Sys=0.00s Real=0.06s
[3.353s][info][gc,start       ] GC(13) Pause Young (Normal) (G1 Evacuation Pause)
[3.353s][info][gc,task        ] GC(13) Using 6 workers of 6 for evacuation
[3.413s][info][gc,phases      ] GC(13)   Pre Evacuate Collection Set: 0.32ms
[3.413s][info][gc,phases      ] GC(13)   Merge Heap Roots: 0.08ms
[3.413s][info][gc,phases      ] GC(13)   Evacuate Collection Set: 59.77ms
[3.413s][info][gc,phases      ] GC(13)   Post Evacuate Collection Set: 0.23ms
[3.413s][info][gc,phases      ] GC(13)   Other: 0.05ms
[3.413s][info][gc,heap        ] GC(13) Eden regions: 89->0(89)
[3.413s][info][gc,heap        ] GC(13) Survivor regions: 13->13(13)
[3.413s][info][gc,heap        ] GC(13) Old regions: 165->238
[3.413s][info][gc,heap        ] GC(13) Humongous regions: 15->15
[3.413s][info][gc,metaspace   ] GC(13) Metaspace: 23089K(23296K)->23089K(23296K) NonClass: 18781K(18880K)->18781K(18880K) Class: 4307K(4416K)->4307K(4416K)
[3.413s][info][gc             ] GC(13) Pause Young (Normal) (G1 Evacuation Pause) 558M->525M(4096M) 60.591ms
[3.413s][info][gc,cpu         ] GC(13) User=0.36s Sys=0.00s Real=0.06s
[3.452s][info][gc,start       ] GC(14) Pause Young (Normal) (G1 Evacuation Pause)
[3.452s][info][gc,task        ] GC(14) Using 6 workers of 6 for evacuation
[3.514s][info][gc,phases      ] GC(14)   Pre Evacuate Collection Set: 0.33ms
[3.514s][info][gc,phases      ] GC(14)   Merge Heap Roots: 0.09ms
[3.514s][info][gc,phases      ] GC(14)   Evacuate Collection Set: 61.55ms
[3.514s][info][gc,phases      ] GC(14)   Post Evacuate Collection Set: 0.24ms
[3.514s][info][gc,phases      ] GC(14)   Other: 0.05ms
[3.514s][info][gc,heap        ] GC(14) Eden regions: 89->0(89)
[3.514s][info][gc,heap        ] GC(14) Survivor regions: 13->13(13)
[3.514s][info][gc,heap        ] GC(14) Old regions: 238->312
[3.514s][info][gc,heap        ] GC(14) Humongous regions: 15->15
[3.514s][info][gc,metaspace   ] GC(14) Metaspace: 23092K(23296K)->23092K(23296K) NonClass: 18784K(18880K)->18784K(18880K) Class: 4307K(4416K)->4307K(4416K)
[3.514s][info][gc             ] GC(14) Pause Young (Normal) (G1 Evacuation Pause) 703M->674M(4096M) 62.413ms
[3.514s][info][gc,cpu         ] GC(14) User=0.37s Sys=0.00s Real=0.07s
[3.677s][info][gc,start       ] GC(15) Pause Young (Normal) (G1 Evacuation Pause)
[3.677s][info][gc,task        ] GC(15) Using 6 workers of 6 for evacuation
[3.749s][info][gc,phases      ] GC(15)   Pre Evacuate Collection Set: 0.31ms
[3.749s][info][gc,phases      ] GC(15)   Merge Heap Roots: 0.18ms
[3.749s][info][gc,phases      ] GC(15)   Evacuate Collection Set: 71.03ms
[3.749s][info][gc,phases      ] GC(15)   Post Evacuate Collection Set: 0.25ms
[3.749s][info][gc,phases      ] GC(15)   Other: 0.05ms
[3.749s][info][gc,heap        ] GC(15) Eden regions: 89->0(99)
[3.749s][info][gc,heap        ] GC(15) Survivor regions: 13->13(13)
[3.749s][info][gc,heap        ] GC(15) Old regions: 312->376
[3.749s][info][gc,heap        ] GC(15) Humongous regions: 24->24
[3.749s][info][gc,metaspace   ] GC(15) Metaspace: 23099K(23296K)->23099K(23296K) NonClass: 18791K(18880K)->18791K(18880K) Class: 4307K(4416K)->4307K(4416K)
[3.749s][info][gc             ] GC(15) Pause Young (Normal) (G1 Evacuation Pause) 870M->819M(4096M) 71.970ms
[3.749s][info][gc,cpu         ] GC(15) User=0.42s Sys=0.01s Real=0.07s
[3.929s][info][gc,start       ] GC(16) Pause Young (Normal) (G1 Evacuation Pause)
[3.929s][info][gc,task        ] GC(16) Using 6 workers of 6 for evacuation
[4.003s][info][gc,phases      ] GC(16)   Pre Evacuate Collection Set: 0.31ms
[4.003s][info][gc,phases      ] GC(16)   Merge Heap Roots: 0.22ms
[4.003s][info][gc,phases      ] GC(16)   Evacuate Collection Set: 73.24ms
[4.003s][info][gc,phases      ] GC(16)   Post Evacuate Collection Set: 0.28ms
[4.003s][info][gc,phases      ] GC(16)   Other: 0.06ms
[4.003s][info][gc,heap        ] GC(16) Eden regions: 89->0(113)
[4.003s][info][gc,heap        ] GC(16) Survivor regions: 13->13(13)
[4.003s][info][gc,heap        ] GC(16) Old regions: 376->435
[4.003s][info][gc,heap        ] GC(16) Humongous regions: 32->32
[4.003s][info][gc,metaspace   ] GC(16) Metaspace: 23101K(23296K)->23101K(23296K) NonClass: 18793K(18880K)->18793K(18880K) Class: 4307K(4416K)->4307K(4416K)
[4.003s][info][gc             ] GC(16) Pause Young (Normal) (G1 Evacuation Pause) 1013M->953M(4096M) 74.268ms
[4.003s][info][gc,cpu         ] GC(16) User=0.44s Sys=0.00s Real=0.08s
) ] ... (rIR:aIR:PR = 0:0:0) (tPR = 0) [OK] 
     7s:       rampup IR =     10 [7.498s][info][gc,start       ] GC(17) Pause Young (Normal) (G1 Evacuation Pause)
[7.498s][info][gc,task        ] GC(17) Using 6 workers of 6 for evacuation
[7.589s][info][gc,phases      ] GC(17)   Pre Evacuate Collection Set: 0.32ms
[7.589s][info][gc,phases      ] GC(17)   Merge Heap Roots: 0.26ms
[7.589s][info][gc,phases      ] GC(17)   Evacuate Collection Set: 90.23ms
[7.589s][info][gc,phases      ] GC(17)   Post Evacuate Collection Set: 0.29ms
[7.589s][info][gc,phases      ] GC(17)   Other: 0.07ms
[7.589s][info][gc,heap        ] GC(17) Eden regions: 108->0(120)
[7.589s][info][gc,heap        ] GC(17) Survivor regions: 13->16(16)
[7.589s][info][gc,heap        ] GC(17) Old regions: 435->491
[7.589s][info][gc,heap        ] GC(17) Humongous regions: 46->46
[7.589s][info][gc,metaspace   ] GC(17) Metaspace: 23153K(23360K)->23153K(23360K) NonClass: 18845K(18944K)->18845K(18944K) Class: 4308K(4416K)->4308K(4416K)
[7.589s][info][gc             ] GC(17) Pause Young (Normal) (G1 Evacuation Pause) 1197M->1099M(4096M) 91.289ms
[7.589s][info][gc,cpu         ] GC(17) User=0.53s Sys=0.02s Real=0.09s
... (rIR:aIR:PR = 10:11:11) (tPR = 732) [OK] 
    10s:       rampup IR =     20 ... (rIR:aIR:PR = 20:16:16) (tPR = 1272) [OK] 
    13s:       rampup IR =     30 .... (rIR:aIR:PR = 30:28:28) (tPR = 2298) [OK] 
    17s:       rampup IR =     40 .... (rIR:aIR:PR = 40:40:40) (tPR = 3111) [OK] 
    21s:       rampup IR =     50 .... (rIR:aIR:PR = 50:50:50) (tPR = 2875) [OK] 
    25s:       rampup IR =     60 .... (rIR:aIR:PR = 60:62:60) (tPR = 3751) [OK] 
    29s:       rampup IR =     70 ...[32.551s][info][gc,start       ] GC(18) Pause Young (Normal) (G1 Evacuation Pause)
[32.551s][info][gc,task        ] GC(18) Using 6 workers of 6 for evacuation
[32.582s][info][gc,phases      ] GC(18)   Pre Evacuate Collection Set: 0.35ms
[32.582s][info][gc,phases      ] GC(18)   Merge Heap Roots: 0.22ms
[32.582s][info][gc,phases      ] GC(18)   Evacuate Collection Set: 29.69ms
[32.582s][info][gc,phases      ] GC(18)   Post Evacuate Collection Set: 0.35ms
[32.582s][info][gc,phases      ] GC(18)   Other: 0.06ms
[32.582s][info][gc,heap        ] GC(18) Eden regions: 127->0(188)
[32.582s][info][gc,heap        ] GC(18) Survivor regions: 16->9(18)
[32.582s][info][gc,heap        ] GC(18) Old regions: 491->508
[32.582s][info][gc,heap        ] GC(18) Humongous regions: 46->46
[32.582s][info][gc,metaspace   ] GC(18) Metaspace: 25143K(25344K)->25143K(25344K) NonClass: 20656K(20800K)->20656K(20800K) Class: 4486K(4544K)->4486K(4544K)
[32.582s][info][gc             ] GC(18) Pause Young (Normal) (G1 Evacuation Pause) 1353M->1120M(4096M) 30.801ms
[32.582s][info][gc,cpu         ] GC(18) User=0.17s Sys=0.01s Real=0.03s
. (rIR:aIR:PR = 70:72:70) (tPR = 4204) [OK] 
    33s:       rampup IR =     80 .... (rIR:aIR:PR = 80:83:81) (tPR = 4452) [OK] 
    37s:       rampup IR =     90 .... (rIR:aIR:PR = 90:97:95) (tPR = 4900) [OK] 
    41s:       rampup IR =    100 .... (rIR:aIR:PR = 100:98:96) (tPR = 4257) [OK] 
    45s:    snapshot, IR =    100 ....|.......[57.263s][info][gc,start       ] GC(19) Pause Young (Normal) (G1 Evacuation Pause)
[57.263s][info][gc,task        ] GC(19) Using 6 workers of 6 for evacuation
[57.287s][info][gc,phases      ] GC(19)   Pre Evacuate Collection Set: 0.34ms
[57.287s][info][gc,phases      ] GC(19)   Merge Heap Roots: 0.20ms
[57.287s][info][gc,phases      ] GC(19)   Evacuate Collection Set: 23.20ms
[57.287s][info][gc,phases      ] GC(19)   Post Evacuate Collection Set: 0.41ms
[57.287s][info][gc,phases      ] GC(19)   Other: 0.08ms
[57.287s][info][gc,heap        ] GC(19) Eden regions: 210->0(217)
[57.287s][info][gc,heap        ] GC(19) Survivor regions: 9->21(28)
[57.287s][info][gc,heap        ] GC(19) Old regions: 508->508
[57.287s][info][gc,heap        ] GC(19) Humongous regions: 46->46
[57.287s][info][gc,metaspace   ] GC(19) Metaspace: 27109K(27328K)->27109K(27328K) NonClass: 22298K(22400K)->22298K(22400K) Class: 4810K(4928K)->4810K(4928K)
[57.287s][info][gc             ] GC(19) Pause Young (Normal) (G1 Evacuation Pause) 1540M->1144M(4096M) 24.375ms
[57.287s][info][gc,cpu         ] GC(19) User=0.13s Sys=0.00s Real=0.02s
....................... (rIR:aIR:PR = 100:100:98) (tPR = 3120) [OK] 
    79s: Performing snapshot: (quiescence.....) (stop TxI) (stop BE) (saving... [84.673s][info][gc,start       ] GC(20) Pause Young (Normal) (G1 Evacuation Pause)
[84.673s][info][gc,task        ] GC(20) Using 6 workers of 6 for evacuation
[84.713s][info][gc,phases      ] GC(20)   Pre Evacuate Collection Set: 0.32ms
[84.713s][info][gc,phases      ] GC(20)   Merge Heap Roots: 0.24ms
[84.713s][info][gc,phases      ] GC(20)   Evacuate Collection Set: 38.80ms
[84.713s][info][gc,phases      ] GC(20)   Post Evacuate Collection Set: 0.45ms
[84.713s][info][gc,phases      ] GC(20)   Other: 0.08ms
[84.713s][info][gc,heap        ] GC(20) Eden regions: 224->0(273)
[84.713s][info][gc,heap        ] GC(20) Survivor regions: 21->29(31)
[84.713s][info][gc,heap        ] GC(20) Old regions: 508->515
[84.713s][info][gc,heap        ] GC(20) Humongous regions: 89->70
[84.713s][info][gc,metaspace   ] GC(20) Metaspace: 27391K(27648K)->27391K(27648K) NonClass: 22572K(22720K)->22572K(22720K) Class: 4819K(4928K)->4819K(4928K)
[84.713s][info][gc             ] GC(20) Pause Young (Normal) (G1 Evacuation Pause) 1678M->1220M(4096M) 40.013ms
[84.713s][info][gc,cpu         ] GC(20) User=0.22s Sys=0.01s Real=0.04s
103602 Kb) (term) [86.597s][info][gc,start       ] GC(21) Pause Full (System.gc())
[86.597s][info][gc,task        ] GC(21) Using 6 workers of 6 for full compaction
[86.598s][info][gc,phases,start] GC(21) Phase 1: Mark live objects
[86.612s][info][gc,phases      ] GC(21) Phase 1: Mark live objects 14.399ms
[86.612s][info][gc,phases,start] GC(21) Phase 2: Prepare compaction
[86.614s][info][gc,phases      ] GC(21) Phase 2: Prepare compaction 2.046ms
[86.614s][info][gc,phases,start] GC(21) Phase 3: Adjust pointers
[86.621s][info][gc,phases      ] GC(21) Phase 3: Adjust pointers 6.200ms
[86.621s][info][gc,phases,start] GC(21) Phase 4: Compact heap
[86.623s][info][gc,phases      ] GC(21) Phase 4: Compact heap 2.093ms
[86.623s][info][gc,phases,start] GC(21) Phase 5: Reset Metadata
[86.627s][info][gc,phases      ] GC(21) Phase 5: Reset Metadata 4.089ms
[86.633s][info][gc,heap        ] GC(21) Eden regions: 54->0(323)
[86.633s][info][gc,heap        ] GC(21) Survivor regions: 29->0(31)
[86.633s][info][gc,heap        ] GC(21) Old regions: 515->35
[86.633s][info][gc,heap        ] GC(21) Humongous regions: 312->66
[86.633s][info][gc,metaspace   ] GC(21) Metaspace: 27407K(27648K)->27407K(27648K) NonClass: 22588K(22720K)->22588K(22720K) Class: 4819K(4928K)->4819K(4928K)
[86.633s][info][gc             ] GC(21) Pause Full (System.gc()) 1811M->193M(4096M) 35.424ms
[86.633s][info][gc,cpu         ] GC(21) User=0.18s Sys=0.00s Real=0.04s
(init[87.325s][info][gc,start       ] GC(22) Pause Young (Normal) (G1 Evacuation Pause)
[87.325s][info][gc,task        ] GC(22) Using 6 workers of 6 for evacuation
[87.521s][info][gc,phases      ] GC(22)   Pre Evacuate Collection Set: 0.36ms
[87.521s][info][gc,phases      ] GC(22)   Merge Heap Roots: 0.38ms
[87.521s][info][gc,phases      ] GC(22)   Evacuate Collection Set: 194.94ms
[87.521s][info][gc,phases      ] GC(22)   Post Evacuate Collection Set: 0.42ms
[87.521s][info][gc,phases      ] GC(22)   Other: 0.08ms
[87.521s][info][gc,heap        ] GC(22) Eden regions: 282->0(224)
[87.521s][info][gc,heap        ] GC(22) Survivor regions: 0->36(36)
[87.521s][info][gc,heap        ] GC(22) Old regions: 35->103
[87.521s][info][gc,heap        ] GC(22) Humongous regions: 121->120
[87.521s][info][gc,metaspace   ] GC(22) Metaspace: 27502K(27712K)->27502K(27712K) NonClass: 22674K(22784K)->22674K(22784K) Class: 4828K(4928K)->4828K(4928K)
[87.521s][info][gc             ] GC(22) Pause Young (Normal) (G1 Evacuation Pause) 867M->509M(4096M) 196.300ms
[87.521s][info][gc,cpu         ] GC(22) User=1.10s Sys=0.03s Real=0.19s
[87.843s][info][gc,start       ] GC(23) Pause Young (Normal) (G1 Evacuation Pause)
[87.843s][info][gc,task        ] GC(23) Using 6 workers of 6 for evacuation
[87.988s][info][gc,phases      ] GC(23)   Pre Evacuate Collection Set: 0.32ms
[87.988s][info][gc,phases      ] GC(23)   Merge Heap Roots: 0.35ms
[87.988s][info][gc,phases      ] GC(23)   Evacuate Collection Set: 143.65ms
[87.988s][info][gc,phases      ] GC(23)   Post Evacuate Collection Set: 0.35ms
[87.988s][info][gc,phases      ] GC(23)   Other: 0.06ms
[87.988s][info][gc,heap        ] GC(23) Eden regions: 206->0(213)
[87.988s][info][gc,heap        ] GC(23) Survivor regions: 36->31(31)
[87.988s][info][gc,heap        ] GC(23) Old regions: 103->207
[87.988s][info][gc,heap        ] GC(23) Humongous regions: 121->121
[87.988s][info][gc,metaspace   ] GC(23) Metaspace: 27524K(27712K)->27524K(27712K) NonClass: 22694K(22784K)->22694K(22784K) Class: 4830K(4928K)->4830K(4928K)
[87.988s][info][gc             ] GC(23) Pause Young (Normal) (G1 Evacuation Pause) 923M->709M(4096M) 144.863ms
[87.988s][info][gc,cpu         ] GC(23) User=0.86s Sys=0.00s Real=0.14s
[88.524s][info][gc,start       ] GC(24) Pause Young (Normal) (G1 Evacuation Pause)
[88.524s][info][gc,task        ] GC(24) Using 6 workers of 6 for evacuation
[88.637s][info][gc,phases      ] GC(24)   Pre Evacuate Collection Set: 0.37ms
[88.637s][info][gc,phases      ] GC(24)   Merge Heap Roots: 0.44ms
[88.637s][info][gc,phases      ] GC(24)   Evacuate Collection Set: 111.97ms
[88.637s][info][gc,phases      ] GC(24)   Post Evacuate Collection Set: 0.35ms
[88.637s][info][gc,phases      ] GC(24)   Other: 0.06ms
[88.637s][info][gc,heap        ] GC(24) Eden regions: 205->0(230)
[88.637s][info][gc,heap        ] GC(24) Survivor regions: 31->30(30)
[88.637s][info][gc,heap        ] GC(24) Old regions: 207->285
[88.637s][info][gc,heap        ] GC(24) Humongous regions: 162->160
[88.637s][info][gc,metaspace   ] GC(24) Metaspace: 27532K(27712K)->27532K(27712K) NonClass: 22700K(22784K)->22700K(22784K) Class: 4831K(4928K)->4831K(4928K)
[88.637s][info][gc             ] GC(24) Pause Young (Normal) (G1 Evacuation Pause) 1201M->940M(4096M) 113.328ms
[88.637s][info][gc,cpu         ] GC(24) User=0.67s Sys=0.00s Real=0.11s
[88.706s][info][gc,start       ] GC(25) Pause Young (Normal) (G1 Evacuation Pause)
[88.706s][info][gc,task        ] GC(25) Using 6 workers of 6 for evacuation
[88.892s][info][gc,phases      ] GC(25)   Pre Evacuate Collection Set: 0.34ms
[88.892s][info][gc,phases      ] GC(25)   Merge Heap Roots: 0.21ms
[88.892s][info][gc,phases      ] GC(25)   Evacuate Collection Set: 184.98ms
[88.892s][info][gc,phases      ] GC(25)   Post Evacuate Collection Set: 0.33ms
[88.892s][info][gc,phases      ] GC(25)   Other: 0.06ms
[88.892s][info][gc,heap        ] GC(25) Eden regions: 257->0(184)
[88.892s][info][gc,heap        ] GC(25) Survivor regions: 30->36(36)
[88.892s][info][gc,heap        ] GC(25) Old regions: 285->502
[88.892s][info][gc,heap        ] GC(25) Humongous regions: 160->160
[88.892s][info][gc,metaspace   ] GC(25) Metaspace: 27532K(27712K)->27532K(27712K) NonClass: 22700K(22784K)->22700K(22784K) Class: 4831K(4928K)->4831K(4928K)
[88.892s][info][gc             ] GC(25) Pause Young (Normal) (G1 Evacuation Pause) 1454M->1387M(4096M) 186.071ms
[88.892s][info][gc,cpu         ] GC(25) User=1.11s Sys=0.00s Real=0.18s
) ...
    91s:       rampup IR =      0 ... (rIR:aIR:PR = 0:0:0) (tPR = 0) [OK] 
    94s:       rampup IR =     10 ... (rIR:aIR:PR = 10:10:10) (tPR = 292) [OK] 
    97s:       rampup IR =     20 ... (rIR:aIR:PR = 20:20:20) (tPR = 485) [OK] 
   100s:       rampup IR =     30 .... (rIR:aIR:PR = 30:31:31) (tPR = 792) [OK] 
   104s:       rampup IR =     40 .... (rIR:aIR:PR = 40:40:40) (tPR = 1165) [OK] 
   108s:       rampup IR =     50 .... (rIR:aIR:PR = 50:51:49) (tPR = 1240) [OK] 
   112s:       rampup IR =     60 .... (rIR:aIR:PR = 60:63:62) (tPR = 1227) [OK] 
   116s:       rampup IR =     70 .... (rIR:aIR:PR = 70:76:74) (tPR = 1751) [OK] 
   120s:       rampup IR =     80 .... (rIR:aIR:PR = 80:78:76) (tPR = 1823) [OK] 
   124s:       rampup IR =     90 .... (rIR:aIR:PR = 90:88:86) (tPR = 1808) [OK] 
   128s:       rampup IR =    100 .... (rIR:aIR:PR = 100:100:98) (tPR = 1917) [OK] 
   132s:       trying IR =    200 ...[136.485s][info][gc,start       ] GC(26) Pause Young (Normal) (G1 Evacuation Pause)
[136.485s][info][gc,task        ] GC(26) Using 6 workers of 6 for evacuation
[136.536s][info][gc,phases      ] GC(26)   Pre Evacuate Collection Set: 0.35ms
[136.536s][info][gc,phases      ] GC(26)   Merge Heap Roots: 0.47ms
[136.536s][info][gc,phases      ] GC(26)   Evacuate Collection Set: 49.60ms
[136.536s][info][gc,phases      ] GC(26)   Post Evacuate Collection Set: 0.47ms
[136.536s][info][gc,phases      ] GC(26)   Other: 0.06ms
[136.536s][info][gc,heap        ] GC(26) Eden regions: 189->0(257)
[136.536s][info][gc,heap        ] GC(26) Survivor regions: 36->22(29)
[136.536s][info][gc,heap        ] GC(26) Old regions: 502->540
[136.536s][info][gc,heap        ] GC(26) Humongous regions: 160->160
[136.536s][info][gc,metaspace   ] GC(26) Metaspace: 27669K(27904K)->27669K(27904K) NonClass: 22838K(22976K)->22838K(22976K) Class: 4831K(4928K)->4831K(4928K)
[136.536s][info][gc             ] GC(26) Pause Young (Normal) (G1 Evacuation Pause) 1765M->1433M(4096M) 51.077ms
[136.536s][info][gc,cpu         ] GC(26) User=0.30s Sys=0.00s Real=0.05s
. (rIR:aIR:PR = 200:201:196) (tPR = 4044) [OK] 
   136s:       trying IR =    220 .... (rIR:aIR:PR = 220:223:218) (tPR = 3893) [OK] 
   140s:       trying IR =    244 .... (rIR:aIR:PR = 244:245:240) (tPR = 4837) [OK] 
   144s:       trying IR =    273 .... (rIR:aIR:PR = 273:275:270) (tPR = 4877) [OK] 
   148s:       trying IR =    307 ..[151.500s][info][gc,start       ] GC(27) Pause Young (Normal) (G1 Evacuation Pause)
[151.500s][info][gc,task        ] GC(27) Using 6 workers of 6 for evacuation
[151.543s][info][gc,phases      ] GC(27)   Pre Evacuate Collection Set: 0.35ms
[151.543s][info][gc,phases      ] GC(27)   Merge Heap Roots: 0.50ms
[151.543s][info][gc,phases      ] GC(27)   Evacuate Collection Set: 42.48ms
[151.543s][info][gc,phases      ] GC(27)   Post Evacuate Collection Set: 0.38ms
[151.543s][info][gc,phases      ] GC(27)   Other: 0.06ms
[151.543s][info][gc,heap        ] GC(27) Eden regions: 250->0(316)
[151.543s][info][gc,heap        ] GC(27) Survivor regions: 22->20(34)
[151.543s][info][gc,heap        ] GC(27) Old regions: 540->560
[151.543s][info][gc,heap        ] GC(27) Humongous regions: 160->160
[151.543s][info][gc,metaspace   ] GC(27) Metaspace: 27786K(28032K)->27786K(28032K) NonClass: 22953K(23104K)->22953K(23104K) Class: 4833K(4928K)->4833K(4928K)
[151.543s][info][gc             ] GC(27) Pause Young (Normal) (G1 Evacuation Pause) 1933M->1471M(4096M) 43.911ms
[151.544s][info][gc,cpu         ] GC(27) User=0.26s Sys=0.00s Real=0.05s
.. (rIR:aIR:PR = 307:311:304) (tPR = 6227) [OK] 
   152s:       trying IR =    349 ..... (rIR:aIR:PR = 349:352:344) (tPR = 6663) [OK] 
   157s:       trying IR =    399 ...[161.886s][info][gc,start       ] GC(28) Pause Young (Normal) (G1 Evacuation Pause)
[161.886s][info][gc,task        ] GC(28) Using 6 workers of 6 for evacuation
[161.930s][info][gc,phases      ] GC(28)   Pre Evacuate Collection Set: 0.35ms
[161.930s][info][gc,phases      ] GC(28)   Merge Heap Roots: 0.38ms
[161.930s][info][gc,phases      ] GC(28)   Evacuate Collection Set: 42.83ms
[161.930s][info][gc,phases      ] GC(28)   Post Evacuate Collection Set: 0.52ms
[161.930s][info][gc,phases      ] GC(28)   Other: 0.07ms
[161.930s][info][gc,heap        ] GC(28) Eden regions: 323->0(349)
[161.930s][info][gc,heap        ] GC(28) Survivor regions: 20->37(43)
[161.930s][info][gc,heap        ] GC(28) Old regions: 560->560
[161.930s][info][gc,heap        ] GC(28) Humongous regions: 160->160
[161.930s][info][gc,metaspace   ] GC(28) Metaspace: 27835K(28032K)->27835K(28032K) NonClass: 22999K(23104K)->22999K(23104K) Class: 4836K(4928K)->4836K(4928K)
[161.930s][info][gc             ] GC(28) Pause Young (Normal) (G1 Evacuation Pause) 2117M->1505M(4096M) 44.286ms
[161.930s][info][gc,cpu         ] GC(28) User=0.24s Sys=0.01s Real=0.04s
... (rIR:aIR:PR = 399:396:388) (tPR = 7920) [OK] 
   163s:       trying IR =    458 .... (rIR:aIR:PR = 458:451:443) (tPR = 7806) [OK] 
   167s:       trying IR =    530 ..[170.767s][info][gc,start       ] GC(29) Pause Young (Normal) (G1 Evacuation Pause)
[170.767s][info][gc,task        ] GC(29) Using 6 workers of 6 for evacuation
[170.820s][info][gc,phases      ] GC(29)   Pre Evacuate Collection Set: 0.36ms
[170.820s][info][gc,phases      ] GC(29)   Merge Heap Roots: 0.43ms
[170.820s][info][gc,phases      ] GC(29)   Evacuate Collection Set: 52.10ms
[170.820s][info][gc,phases      ] GC(29)   Post Evacuate Collection Set: 0.53ms
[170.820s][info][gc,phases      ] GC(29)   Other: 0.06ms
[170.820s][info][gc,heap        ] GC(29) Eden regions: 351->0(421)
[170.820s][info][gc,heap        ] GC(29) Survivor regions: 37->36(49)
[170.820s][info][gc,heap        ] GC(29) Old regions: 560->576
[170.820s][info][gc,heap        ] GC(29) Humongous regions: 160->160
[170.820s][info][gc,metaspace   ] GC(29) Metaspace: 27862K(28096K)->27862K(28096K) NonClass: 23026K(23168K)->23026K(23168K) Class: 4836K(4928K)->4836K(4928K)
[170.820s][info][gc             ] GC(29) Pause Young (Normal) (G1 Evacuation Pause) 2207M->1535M(4096M) 53.614ms
[170.820s][info][gc,cpu         ] GC(29) User=0.31s Sys=0.01s Real=0.05s
.. (rIR:aIR:PR = 530:532:522) (tPR = 9183) [OK] 
   171s:       trying IR =    616 .... (rIR:aIR:PR = 616:614:600) (tPR = 11283) [OK] 
   175s:       trying IR =    719 ..[178.674s][info][gc,start       ] GC(30) Pause Young (Normal) (G1 Evacuation Pause)
[178.674s][info][gc,task        ] GC(30) Using 6 workers of 6 for evacuation
[178.730s][info][gc,phases      ] GC(30)   Pre Evacuate Collection Set: 0.39ms
[178.730s][info][gc,phases      ] GC(30)   Merge Heap Roots: 0.39ms
[178.730s][info][gc,phases      ] GC(30)   Evacuate Collection Set: 55.17ms
[178.730s][info][gc,phases      ] GC(30)   Post Evacuate Collection Set: 0.46ms
[178.730s][info][gc,phases      ] GC(30)   Other: 0.08ms
[178.730s][info][gc,heap        ] GC(30) Eden regions: 431->0(475)
[178.730s][info][gc,heap        ] GC(30) Survivor regions: 36->41(59)
[178.730s][info][gc,heap        ] GC(30) Old regions: 576->592
[178.730s][info][gc,heap        ] GC(30) Humongous regions: 160->160
[178.730s][info][gc,metaspace   ] GC(30) Metaspace: 27920K(28096K)->27920K(28096K) NonClass: 23081K(23168K)->23081K(23168K) Class: 4838K(4928K)->4838K(4928K)
[178.731s][info][gc             ] GC(30) Pause Young (Normal) (G1 Evacuation Pause) 2397M->1576M(4096M) 56.621ms
[178.731s][info][gc,cpu         ] GC(30) User=0.32s Sys=0.01s Real=0.05s
.. (rIR:aIR:PR = 719:719:704) (tPR = 12465) [OK] 
   179s:       trying IR =    843 .... (rIR:aIR:PR = 843:842:823) (tPR = 14670) [OK] 
   183s:       trying IR =    992 .[185.540s][info][gc,start       ] GC(31) Pause Young (Normal) (G1 Evacuation Pause)
[185.540s][info][gc,task        ] GC(31) Using 6 workers of 6 for evacuation
[185.600s][info][gc,phases      ] GC(31)   Pre Evacuate Collection Set: 0.37ms
[185.601s][info][gc,phases      ] GC(31)   Merge Heap Roots: 0.37ms
[185.601s][info][gc,phases      ] GC(31)   Evacuate Collection Set: 59.44ms
[185.601s][info][gc,phases      ] GC(31)   Post Evacuate Collection Set: 0.59ms
[185.601s][info][gc,phases      ] GC(31)   Other: 0.08ms
[185.601s][info][gc,heap        ] GC(31) Eden regions: 486->0(536)
[185.601s][info][gc,heap        ] GC(31) Survivor regions: 41->48(66)
[185.601s][info][gc,heap        ] GC(31) Old regions: 592->609
[185.601s][info][gc,heap        ] GC(31) Humongous regions: 160->160
[185.601s][info][gc,metaspace   ] GC(31) Metaspace: 27973K(28224K)->27973K(28224K) NonClass: 23134K(23296K)->23134K(23296K) Class: 4838K(4928K)->4838K(4928K)
[185.601s][info][gc             ] GC(31) Pause Young (Normal) (G1 Evacuation Pause) 2548M->1625M(4096M) 60.969ms
[185.601s][info][gc,cpu         ] GC(31) User=0.35s Sys=0.02s Real=0.06s
... (rIR:aIR:PR = 992:980:960) (tPR = 17261) [OK] 
   187s:       trying IR =   1170 ...[191.373s][info][gc,start       ] GC(32) Pause Young (Normal) (G1 Evacuation Pause)
[191.373s][info][gc,task        ] GC(32) Using 6 workers of 6 for evacuation
[191.443s][info][gc,phases      ] GC(32)   Pre Evacuate Collection Set: 0.34ms
[191.443s][info][gc,phases      ] GC(32)   Merge Heap Roots: 0.36ms
[191.443s][info][gc,phases      ] GC(32)   Evacuate Collection Set: 68.07ms
[191.443s][info][gc,phases      ] GC(32)   Post Evacuate Collection Set: 0.56ms
[191.443s][info][gc,phases      ] GC(32)   Other: 0.07ms
[191.443s][info][gc,heap        ] GC(32) Eden regions: 545->0(585)
[191.443s][info][gc,heap        ] GC(32) Survivor regions: 48->55(75)
[191.443s][info][gc,heap        ] GC(32) Old regions: 609->629
[191.443s][info][gc,heap        ] GC(32) Humongous regions: 160->160
[191.443s][info][gc,metaspace   ] GC(32) Metaspace: 28085K(28352K)->28085K(28352K) NonClass: 23230K(23360K)->23230K(23360K) Class: 4854K(4992K)->4854K(4992K)
[191.443s][info][gc             ] GC(32) Pause Young (Normal) (G1 Evacuation Pause) 2715M->1677M(4096M) 69.522ms
[191.443s][info][gc,cpu         ] GC(32) User=0.39s Sys=0.02s Real=0.07s
. (rIR:aIR:PR = 1170:1174:1148) (tPR = 20295) [OK] 
   191s:       trying IR =   1384 .... (rIR:aIR:PR = 1384:1395:1364) (tPR = 22859) [OK] 
   195s:       trying IR =   1641 [196.696s][info][gc,start       ] GC(33) Pause Young (Normal) (G1 Evacuation Pause)
[196.696s][info][gc,task        ] GC(33) Using 6 workers of 6 for evacuation
[196.771s][info][gc,phases      ] GC(33)   Pre Evacuate Collection Set: 0.38ms
[196.771s][info][gc,phases      ] GC(33)   Merge Heap Roots: 0.35ms
[196.771s][info][gc,phases      ] GC(33)   Evacuate Collection Set: 73.47ms
[196.771s][info][gc,phases      ] GC(33)   Post Evacuate Collection Set: 0.64ms
[196.771s][info][gc,phases      ] GC(33)   Other: 0.08ms
[196.771s][info][gc,heap        ] GC(33) Eden regions: 595->0(640)
[196.771s][info][gc,heap        ] GC(33) Survivor regions: 55->61(82)
[196.771s][info][gc,heap        ] GC(33) Old regions: 629->650
[196.771s][info][gc,heap        ] GC(33) Humongous regions: 160->160
[196.771s][info][gc,metaspace   ] GC(33) Metaspace: 28090K(28352K)->28090K(28352K) NonClass: 23236K(23360K)->23236K(23360K) Class: 4854K(4992K)->4854K(4992K)
[196.771s][info][gc             ] GC(33) Pause Young (Normal) (G1 Evacuation Pause) 2867M->1732M(4096M) 75.036ms
[196.771s][info][gc,cpu         ] GC(33) User=0.43s Sys=0.02s Real=0.07s
.... (rIR:aIR:PR = 1641:1630:1614) (tPR = 28169) [OK] 
   199s:       trying IR =   1949 .[201.212s][info][gc,start       ] GC(34) Pause Young (Normal) (G1 Evacuation Pause)
[201.212s][info][gc,task        ] GC(34) Using 6 workers of 6 for evacuation
[201.291s][info][gc,phases      ] GC(34)   Pre Evacuate Collection Set: 0.36ms
[201.291s][info][gc,phases      ] GC(34)   Merge Heap Roots: 0.30ms
[201.291s][info][gc,phases      ] GC(34)   Evacuate Collection Set: 77.54ms
[201.291s][info][gc,phases      ] GC(34)   Post Evacuate Collection Set: 0.68ms
[201.291s][info][gc,phases      ] GC(34)   Other: 0.09ms
[201.291s][info][gc,heap        ] GC(34) Eden regions: 647->0(695)
[201.291s][info][gc,heap        ] GC(34) Survivor regions: 61->63(89)
[201.291s][info][gc,heap        ] GC(34) Old regions: 650->674
[201.291s][info][gc,heap        ] GC(34) Humongous regions: 162->162
[201.291s][info][gc,metaspace   ] GC(34) Metaspace: 28126K(28416K)->28126K(28416K) NonClass: 23272K(23424K)->23272K(23424K) Class: 4854K(4992K)->4854K(4992K)
[201.291s][info][gc             ] GC(34) Pause Young (Normal) (G1 Evacuation Pause) 3030M->1788M(4096M) 79.110ms
[201.291s][info][gc,cpu         ] GC(34) User=0.45s Sys=0.02s Real=0.08s
... (rIR:aIR:PR = 1949:1964:1964) (tPR = 31973) [OK] 
   203s:       trying IR =   2319 .[205.311s][info][gc,start       ] GC(35) Pause Young (Normal) (G1 Evacuation Pause)
[205.311s][info][gc,task        ] GC(35) Using 6 workers of 6 for evacuation
[205.397s][info][gc,phases      ] GC(35)   Pre Evacuate Collection Set: 0.37ms
[205.397s][info][gc,phases      ] GC(35)   Merge Heap Roots: 0.33ms
[205.397s][info][gc,phases      ] GC(35)   Evacuate Collection Set: 84.22ms
[205.397s][info][gc,phases      ] GC(35)   Post Evacuate Collection Set: 0.72ms
[205.397s][info][gc,phases      ] GC(35)   Other: 0.09ms
[205.397s][info][gc,heap        ] GC(35) Eden regions: 696->0(741)
[205.397s][info][gc,heap        ] GC(35) Survivor regions: 63->67(95)
[205.397s][info][gc,heap        ] GC(35) Old regions: 674->700
[205.397s][info][gc,heap        ] GC(35) Humongous regions: 162->162
[205.397s][info][gc,metaspace   ] GC(35) Metaspace: 28154K(28416K)->28154K(28416K) NonClass: 23299K(23424K)->23299K(23424K) Class: 4854K(4992K)->4854K(4992K)
[205.397s][info][gc             ] GC(35) Pause Young (Normal) (G1 Evacuation Pause) 3180M->1848M(4096M) 85.871ms
[205.397s][info][gc,cpu         ] GC(35) User=0.48s Sys=0.03s Real=0.09s
... (rIR:aIR:PR = 2319:2332:2333) (tPR = 37799) [OK] 
   207s:       trying IR =   2762 .[209.296s][info][gc,start       ] GC(36) Pause Young (Normal) (G1 Evacuation Pause)
[209.296s][info][gc,task        ] GC(36) Using 6 workers of 6 for evacuation
[209.390s][info][gc,phases      ] GC(36)   Pre Evacuate Collection Set: 0.36ms
[209.390s][info][gc,phases      ] GC(36)   Merge Heap Roots: 0.34ms
[209.390s][info][gc,phases      ] GC(36)   Evacuate Collection Set: 92.17ms
[209.390s][info][gc,phases      ] GC(36)   Post Evacuate Collection Set: 0.74ms
[209.390s][info][gc,phases      ] GC(36)   Other: 0.09ms
[209.390s][info][gc,heap        ] GC(36) Eden regions: 745->0(768)
[209.390s][info][gc,heap        ] GC(36) Survivor regions: 67->74(102)
[209.390s][info][gc,heap        ] GC(36) Old regions: 700->725
[209.390s][info][gc,heap        ] GC(36) Humongous regions: 162->162
[209.390s][info][gc,metaspace   ] GC(36) Metaspace: 28215K(28480K)->28215K(28480K) NonClass: 23356K(23488K)->23356K(23488K) Class: 4859K(4992K)->4859K(4992K)
[209.390s][info][gc             ] GC(36) Pause Young (Normal) (G1 Evacuation Pause) 3338M->1913M(4096M) 93.824ms
[209.390s][info][gc,cpu         ] GC(36) User=0.52s Sys=0.04s Real=0.09s
... (rIR:aIR:PR = 2762:2747:2749) (tPR = 44980) [OK] 
   211s:       trying IR =   3295 .[213.157s][info][gc,start       ] GC(37) Pause Young (Normal) (G1 Evacuation Pause)
[213.157s][info][gc,task        ] GC(37) Using 6 workers of 6 for evacuation
[213.250s][info][gc,phases      ] GC(37)   Pre Evacuate Collection Set: 0.38ms
[213.250s][info][gc,phases      ] GC(37)   Merge Heap Roots: 0.36ms
[213.250s][info][gc,phases      ] GC(37)   Evacuate Collection Set: 92.03ms
[213.250s][info][gc,phases      ] GC(37)   Post Evacuate Collection Set: 0.77ms
[213.250s][info][gc,phases      ] GC(37)   Other: 0.08ms
[213.250s][info][gc,heap        ] GC(37) Eden regions: 768->0(776)
[213.250s][info][gc,heap        ] GC(37) Survivor regions: 74->78(106)
[213.250s][info][gc,heap        ] GC(37) Old regions: 725->754
[213.250s][info][gc,heap        ] GC(37) Humongous regions: 162->162
[213.250s][info][gc,metaspace   ] GC(37) Metaspace: 28348K(28608K)->28348K(28608K) NonClass: 23477K(23616K)->23477K(23616K) Class: 4870K(4992K)->4870K(4992K)
[213.250s][info][gc             ] GC(37) Pause Young (Normal) (G1 Evacuation Pause) 3449M->1979M(4096M) 93.759ms
[213.250s][info][gc,cpu         ] GC(37) User=0.54s Sys=0.02s Real=0.09s
... (rIR:aIR:PR = 3295:3287:3287) (tPR = 50464) [OK] 
   215s:       trying IR =   3934 [216.549s][info][gc,start       ] GC(38) Pause Young (Normal) (G1 Evacuation Pause)
[216.549s][info][gc,task        ] GC(38) Using 6 workers of 6 for evacuation
[216.645s][info][gc,phases      ] GC(38)   Pre Evacuate Collection Set: 0.35ms
[216.645s][info][gc,phases      ] GC(38)   Merge Heap Roots: 0.39ms
[216.645s][info][gc,phases      ] GC(38)   Evacuate Collection Set: 94.46ms
[216.645s][info][gc,phases      ] GC(38)   Post Evacuate Collection Set: 0.80ms
[216.645s][info][gc,phases      ] GC(38)   Other: 0.08ms
[216.645s][info][gc,heap        ] GC(38) Eden regions: 776->0(780)
[216.645s][info][gc,heap        ] GC(38) Survivor regions: 78->81(107)
[216.645s][info][gc,heap        ] GC(38) Old regions: 754->784
[216.645s][info][gc,heap        ] GC(38) Humongous regions: 162->162
[216.645s][info][gc,metaspace   ] GC(38) Metaspace: 28603K(28928K)->28603K(28928K) NonClass: 23722K(23872K)->23722K(23872K) Class: 4881K(5056K)->4881K(5056K)
[216.645s][info][gc             ] GC(38) Pause Young (Normal) (G1 Evacuation Pause) 3531M->2044M(4096M) 96.193ms
[216.645s][info][gc,cpu         ] GC(38) User=0.56s Sys=0.01s Real=0.10s
...[219.666s][info][gc,start       ] GC(39) Pause Young (Concurrent Start) (G1 Evacuation Pause)
[219.666s][info][gc,task        ] GC(39) Using 6 workers of 6 for evacuation
[219.768s][info][gc,phases      ] GC(39)   Pre Evacuate Collection Set: 0.40ms
[219.768s][info][gc,phases      ] GC(39)   Merge Heap Roots: 0.37ms
[219.768s][info][gc,phases      ] GC(39)   Evacuate Collection Set: 100.27ms
[219.768s][info][gc,phases      ] GC(39)   Post Evacuate Collection Set: 0.76ms
[219.768s][info][gc,phases      ] GC(39)   Other: 0.10ms
[219.768s][info][gc,heap        ] GC(39) Eden regions: 780->0(775)
[219.768s][info][gc,heap        ] GC(39) Survivor regions: 81->87(108)
[219.768s][info][gc,heap        ] GC(39) Old regions: 784->813
[219.768s][info][gc,heap        ] GC(39) Humongous regions: 162->162
[219.768s][info][gc,metaspace   ] GC(39) Metaspace: 28667K(28992K)->28667K(28992K) NonClass: 23786K(23936K)->23786K(23936K) Class: 4881K(5056K)->4881K(5056K)
[219.768s][info][gc             ] GC(39) Pause Young (Concurrent Start) (G1 Evacuation Pause) 3604M->2114M(4096M) 102.022ms
[219.768s][info][gc             ] GC(40) Concurrent Mark Cycle
[219.768s][info][gc,marking     ] GC(40) Concurrent Scan Root Regions
[219.768s][info][gc,cpu         ] GC(39) User=0.59s Sys=0.02s Real=0.10s
[219.893s][info][gc,marking     ] GC(40) Concurrent Scan Root Regions 124.630ms
[219.893s][info][gc,marking     ] GC(40) Concurrent Mark
[219.893s][info][gc,marking     ] GC(40) Concurrent Mark From Roots
[219.893s][info][gc,task        ] GC(40) Using 2 workers of 2 for marking
. (rIR:aIR:PR = 3934:3916:3914) (tPR = 59020) [OK] 
   219s:       trying IR =   4701 [220.577s][info][gc,marking     ] GC(40) Concurrent Mark From Roots 684.387ms
[220.577s][info][gc,marking     ] GC(40) Concurrent Preclean
[220.577s][info][gc,marking     ] GC(40) Concurrent Preclean 0.052ms
[220.577s][info][gc,start       ] GC(40) Pause Remark
[220.582s][info][gc             ] GC(40) Pause Remark 2588M->2292M(4096M) 4.597ms
[220.582s][info][gc,cpu         ] GC(40) User=0.02s Sys=0.00s Real=0.00s
[220.582s][info][gc,marking     ] GC(40) Concurrent Mark 689.303ms
[220.582s][info][gc,marking     ] GC(40) Concurrent Rebuild Remembered Sets and Scrub Regions
[220.823s][info][gc,marking     ] GC(40) Concurrent Rebuild Remembered Sets and Scrub Regions 240.631ms
[220.823s][info][gc,start       ] GC(40) Pause Cleanup
[220.823s][info][gc             ] GC(40) Pause Cleanup 2419M->2419M(4096M) 0.283ms
[220.823s][info][gc,cpu         ] GC(40) User=0.00s Sys=0.00s Real=0.00s
[220.823s][info][gc,marking     ] GC(40) Concurrent Clear Claimed Marks
[220.823s][info][gc,marking     ] GC(40) Concurrent Clear Claimed Marks 0.031ms
[220.823s][info][gc,marking     ] GC(40) Concurrent Cleanup for Next Mark
[220.828s][info][gc,marking     ] GC(40) Concurrent Cleanup for Next Mark 4.472ms
[220.828s][info][gc             ] GC(40) Concurrent Mark Cycle 1059.691ms
..[222.391s][info][gc,start       ] GC(41) Pause Young (Prepare Mixed) (G1 Evacuation Pause)
[222.391s][info][gc,task        ] GC(41) Using 6 workers of 6 for evacuation
[222.485s][info][gc,phases      ] GC(41)   Pre Evacuate Collection Set: 0.37ms
[222.485s][info][gc,phases      ] GC(41)   Merge Heap Roots: 0.39ms
[222.485s][info][gc,phases      ] GC(41)   Evacuate Collection Set: 92.59ms
[222.485s][info][gc,phases      ] GC(41)   Post Evacuate Collection Set: 0.84ms
[222.485s][info][gc,phases      ] GC(41)   Other: 0.09ms
[222.485s][info][gc,heap        ] GC(41) Eden regions: 775->0(837)
[222.485s][info][gc,heap        ] GC(41) Survivor regions: 87->85(108)
[222.485s][info][gc,heap        ] GC(41) Old regions: 750->779
[222.485s][info][gc,heap        ] GC(41) Humongous regions: 77->77
[222.485s][info][gc,metaspace   ] GC(41) Metaspace: 28678K(28992K)->28678K(28992K) NonClass: 23797K(23936K)->23797K(23936K) Class: 4881K(5056K)->4881K(5056K)
[222.485s][info][gc             ] GC(41) Pause Young (Prepare Mixed) (G1 Evacuation Pause) 3368M->1872M(4096M) 94.403ms
[222.485s][info][gc,cpu         ] GC(41) User=0.55s Sys=0.00s Real=0.10s
.. (rIR:aIR:PR = 4701:4700:4700) (tPR = 71032) [OK] 
   223s:       trying IR =   5621 .[225.103s][info][gc,start       ] GC(42) Pause Young (Mixed) (G1 Evacuation Pause)
[225.103s][info][gc,task        ] GC(42) Using 6 workers of 6 for evacuation
[225.213s][info][gc,phases      ] GC(42)   Pre Evacuate Collection Set: 0.42ms
[225.213s][info][gc,phases      ] GC(42)   Merge Heap Roots: 0.56ms
[225.213s][info][gc,phases      ] GC(42)   Evacuate Collection Set: 108.20ms
[225.213s][info][gc,phases      ] GC(42)   Post Evacuate Collection Set: 0.99ms
[225.213s][info][gc,phases      ] GC(42)   Other: 0.12ms
[225.213s][info][gc,heap        ] GC(42) Eden regions: 815->0(855)
[225.213s][info][gc,heap        ] GC(42) Survivor regions: 85->89(113)
[225.213s][info][gc,heap        ] GC(42) Old regions: 779->763
[225.213s][info][gc,heap        ] GC(42) Humongous regions: 77->77
[225.213s][info][gc,metaspace   ] GC(42) Metaspace: 28684K(28992K)->28684K(28992K) NonClass: 23802K(23936K)->23802K(23936K) Class: 4882K(5056K)->4882K(5056K)
[225.213s][info][gc             ] GC(42) Pause Young (Mixed) (G1 Evacuation Pause) 3502M->1852M(4096M) 110.408ms
[225.213s][info][gc,cpu         ] GC(42) User=0.64s Sys=0.01s Real=0.11s
..[227.496s][info][gc,start       ] GC(43) Pause Young (Mixed) (G1 Evacuation Pause)
[227.496s][info][gc,task        ] GC(43) Using 6 workers of 6 for evacuation
[227.604s][info][gc,phases      ] GC(43)   Pre Evacuate Collection Set: 0.39ms
[227.604s][info][gc,phases      ] GC(43)   Merge Heap Roots: 0.65ms
[227.604s][info][gc,phases      ] GC(43)   Evacuate Collection Set: 105.76ms
[227.604s][info][gc,phases      ] GC(43)   Merge Optional Heap Roots: 0.03ms
[227.604s][info][gc,phases      ] GC(43)   Evacuate Optional Collection Set: 0.13ms
[227.604s][info][gc,phases      ] GC(43)   Post Evacuate Collection Set: 1.04ms
[227.604s][info][gc,phases      ] GC(43)   Other: 0.11ms
[227.604s][info][gc,heap        ] GC(43) Eden regions: 832->0(877)
[227.604s][info][gc,heap        ] GC(43) Survivor regions: 89->89(116)
[227.604s][info][gc,heap        ] GC(43) Old regions: 763->744
[227.604s][info][gc,heap        ] GC(43) Humongous regions: 77->77
[227.604s][info][gc,metaspace   ] GC(43) Metaspace: 28693K(28992K)->28693K(28992K) NonClass: 23811K(23936K)->23811K(23936K) Class: 4882K(5056K)->4882K(5056K)
[227.604s][info][gc             ] GC(43) Pause Young (Mixed) (G1 Evacuation Pause) 3516M->1814M(4096M) 108.265ms
[227.604s][info][gc,cpu         ] GC(43) User=0.63s Sys=0.01s Real=0.11s
. (rIR:aIR:PR = 5621:5656:5656) (tPR = 87777) [OK] 
   227s:       trying IR =   6725 .[229.783s][info][gc,start       ] GC(44) Pause Young (Mixed) (G1 Evacuation Pause)
[229.783s][info][gc,task        ] GC(44) Using 6 workers of 6 for evacuation
[229.906s][info][gc,phases      ] GC(44)   Pre Evacuate Collection Set: 0.36ms
[229.906s][info][gc,phases      ] GC(44)   Merge Heap Roots: 0.70ms
[229.906s][info][gc,phases      ] GC(44)   Evacuate Collection Set: 120.36ms
[229.906s][info][gc,phases      ] GC(44)   Merge Optional Heap Roots: 0.04ms
[229.907s][info][gc,phases      ] GC(44)   Evacuate Optional Collection Set: 0.34ms
[229.907s][info][gc,phases      ] GC(44)   Post Evacuate Collection Set: 1.13ms
[229.907s][info][gc,phases      ] GC(44)   Other: 0.12ms
[229.907s][info][gc,heap        ] GC(44) Eden regions: 875->0(467)
[229.907s][info][gc,heap        ] GC(44) Survivor regions: 89->96(121)
[229.907s][info][gc,heap        ] GC(44) Old regions: 744->720
[229.907s][info][gc,heap        ] GC(44) Humongous regions: 77->77
[229.907s][info][gc,metaspace   ] GC(44) Metaspace: 28695K(28992K)->28695K(28992K) NonClass: 23813K(23936K)->23813K(23936K) Class: 4882K(5056K)->4882K(5056K)
[229.907s][info][gc             ] GC(44) Pause Young (Mixed) (G1 Evacuation Pause) 3564M->1781M(4096M) 123.168ms
[229.907s][info][gc,cpu         ] GC(44) User=0.72s Sys=0.01s Real=0.12s
..[231.063s][info][gc,start       ] GC(45) Pause Young (Mixed) (G1 Evacuation Pause)
[231.063s][info][gc,task        ] GC(45) Using 6 workers of 6 for evacuation
[231.163s][info][gc,phases      ] GC(45)   Pre Evacuate Collection Set: 0.38ms
[231.163s][info][gc,phases      ] GC(45)   Merge Heap Roots: 0.62ms
[231.163s][info][gc,phases      ] GC(45)   Evacuate Collection Set: 98.08ms
[231.163s][info][gc,phases      ] GC(45)   Post Evacuate Collection Set: 0.91ms
[231.163s][info][gc,phases      ] GC(45)   Other: 0.08ms
[231.163s][info][gc,heap        ] GC(45) Eden regions: 530->0(910)
[231.163s][info][gc,heap        ] GC(45) Survivor regions: 96->34(79)
[231.163s][info][gc,heap        ] GC(45) Old regions: 720->751
[231.163s][info][gc,heap        ] GC(45) Humongous regions: 77->77
[231.163s][info][gc,metaspace   ] GC(45) Metaspace: 28730K(29056K)->28730K(29056K) NonClass: 23848K(24000K)->23848K(24000K) Class: 4882K(5056K)->4882K(5056K)
[231.163s][info][gc             ] GC(45) Pause Young (Mixed) (G1 Evacuation Pause) 2841M->1718M(4096M) 100.200ms
[231.164s][info][gc,cpu         ] GC(45) User=0.59s Sys=0.00s Real=0.10s
. (rIR:aIR:PR = 6725:6695:6696) (tPR = 102334) [OK] 
   231s:       trying IR =   8050 .[233.139s][info][gc,start       ] GC(46) Pause Young (Mixed) (G1 Evacuation Pause)
[233.139s][info][gc,task        ] GC(46) Using 6 workers of 6 for evacuation
[233.230s][info][gc,phases      ] GC(46)   Pre Evacuate Collection Set: 0.40ms
[233.230s][info][gc,phases      ] GC(46)   Merge Heap Roots: 0.90ms
[233.230s][info][gc,phases      ] GC(46)   Evacuate Collection Set: 86.58ms
[233.230s][info][gc,phases      ] GC(46)   Merge Optional Heap Roots: 0.11ms
[233.230s][info][gc,phases      ] GC(46)   Evacuate Optional Collection Set: 2.17ms
[233.230s][info][gc,phases      ] GC(46)   Post Evacuate Collection Set: 1.22ms
[233.230s][info][gc,phases      ] GC(46)   Other: 0.12ms
[233.230s][info][gc,heap        ] GC(46) Eden regions: 910->0(937)
[233.230s][info][gc,heap        ] GC(46) Survivor regions: 34->81(118)
[233.230s][info][gc,heap        ] GC(46) Old regions: 751->675
[233.230s][info][gc,heap        ] GC(46) Humongous regions: 77->77
[233.230s][info][gc,metaspace   ] GC(46) Metaspace: 28732K(29056K)->28732K(29056K) NonClass: 23850K(24000K)->23850K(24000K) Class: 4882K(5056K)->4882K(5056K)
[233.230s][info][gc             ] GC(46) Pause Young (Mixed) (G1 Evacuation Pause) 3538M->1660M(4096M) 91.647ms
[233.230s][info][gc,cpu         ] GC(46) User=0.54s Sys=0.00s Real=0.09s
.[235.015s][info][gc,start       ] GC(47) Pause Young (Mixed) (G1 Evacuation Pause)
[235.015s][info][gc,task        ] GC(47) Using 6 workers of 6 for evacuation
[235.145s][info][gc,phases      ] GC(47)   Pre Evacuate Collection Set: 0.35ms
[235.145s][info][gc,phases      ] GC(47)   Merge Heap Roots: 0.86ms
[235.145s][info][gc,phases      ] GC(47)   Evacuate Collection Set: 125.06ms
[235.145s][info][gc,phases      ] GC(47)   Merge Optional Heap Roots: 0.11ms
[235.145s][info][gc,phases      ] GC(47)   Evacuate Optional Collection Set: 2.41ms
[235.145s][info][gc,phases      ] GC(47)   Post Evacuate Collection Set: 1.17ms
[235.145s][info][gc,phases      ] GC(47)   Other: 0.11ms
[235.145s][info][gc,heap        ] GC(47) Eden regions: 937->0(949)
[235.145s][info][gc,heap        ] GC(47) Survivor regions: 81->99(128)
[235.145s][info][gc,heap        ] GC(47) Old regions: 675->628
[235.145s][info][gc,heap        ] GC(47) Humongous regions: 77->77
[235.145s][info][gc,metaspace   ] GC(47) Metaspace: 28742K(29056K)->28742K(29056K) NonClass: 23860K(24000K)->23860K(24000K) Class: 4882K(5056K)->4882K(5056K)
[235.145s][info][gc             ] GC(47) Pause Young (Mixed) (G1 Evacuation Pause) 3534M->1605M(4096M) 130.211ms
[235.146s][info][gc,cpu         ] GC(47) User=0.76s Sys=0.01s Real=0.13s
..[236.993s][info][gc,start       ] GC(48) Pause Young (Mixed) (G1 Evacuation Pause)
[236.993s][info][gc,task        ] GC(48) Using 6 workers of 6 for evacuation
[237.128s][info][gc,phases      ] GC(48)   Pre Evacuate Collection Set: 0.39ms
[237.128s][info][gc,phases      ] GC(48)   Merge Heap Roots: 1.03ms
[237.128s][info][gc,phases      ] GC(48)   Evacuate Collection Set: 132.68ms
[237.128s][info][gc,phases      ] GC(48)   Post Evacuate Collection Set: 0.85ms
[237.128s][info][gc,phases      ] GC(48)   Other: 0.09ms
[237.128s][info][gc,heap        ] GC(48) Eden regions: 949->0(975)
[237.128s][info][gc,heap        ] GC(48) Survivor regions: 99->97(131)
[237.128s][info][gc,heap        ] GC(48) Old regions: 628->637
[237.128s][info][gc,heap        ] GC(48) Humongous regions: 77->77
[237.128s][info][gc,metaspace   ] GC(48) Metaspace: 28742K(29056K)->28742K(29056K) NonClass: 23860K(24000K)->23860K(24000K) Class: 4882K(5056K)->4882K(5056K)
[237.128s][info][gc             ] GC(48) Pause Young (Mixed) (G1 Evacuation Pause) 3503M->1619M(4096M) 135.160ms
[237.128s][info][gc,cpu         ] GC(48) User=0.80s Sys=0.00s Real=0.13s
.. (rIR:aIR:PR = 8050:7982:7984) (tPR = 123555) [OK] 
   238s:       trying IR =   9640 [238.943s][info][gc,start       ] GC(49) Pause Young (Normal) (G1 Evacuation Pause)
[238.943s][info][gc,task        ] GC(49) Using 6 workers of 6 for evacuation
[239.057s][info][gc,phases      ] GC(49)   Pre Evacuate Collection Set: 0.34ms
[239.057s][info][gc,phases      ] GC(49)   Merge Heap Roots: 0.41ms
[239.057s][info][gc,phases      ] GC(49)   Evacuate Collection Set: 112.16ms
[239.057s][info][gc,phases      ] GC(49)   Post Evacuate Collection Set: 0.85ms
[239.057s][info][gc,phases      ] GC(49)   Other: 0.08ms
[239.057s][info][gc,heap        ] GC(49) Eden regions: 975->0(965)
[239.057s][info][gc,heap        ] GC(49) Survivor regions: 97->105(134)
[239.057s][info][gc,heap        ] GC(49) Old regions: 637->667
[239.057s][info][gc,heap        ] GC(49) Humongous regions: 77->77
[239.057s][info][gc,metaspace   ] GC(49) Metaspace: 28743K(29056K)->28743K(29056K) NonClass: 23861K(24000K)->23861K(24000K) Class: 4882K(5056K)->4882K(5056K)
[239.057s][info][gc             ] GC(49) Pause Young (Normal) (G1 Evacuation Pause) 3569M->1693M(4096M) 113.972ms
[239.057s][info][gc,cpu         ] GC(49) User=0.67s Sys=0.00s Real=0.11s
..[240.584s][info][gc,start       ] GC(50) Pause Young (Normal) (G1 Evacuation Pause)
[240.584s][info][gc,task        ] GC(50) Using 6 workers of 6 for evacuation
[240.693s][info][gc,phases      ] GC(50)   Pre Evacuate Collection Set: 0.35ms
[240.693s][info][gc,phases      ] GC(50)   Merge Heap Roots: 0.41ms
[240.693s][info][gc,phases      ] GC(50)   Evacuate Collection Set: 107.99ms
[240.693s][info][gc,phases      ] GC(50)   Post Evacuate Collection Set: 0.84ms
[240.693s][info][gc,phases      ] GC(50)   Other: 0.08ms
[240.693s][info][gc,heap        ] GC(50) Eden regions: 965->0(962)
[240.694s][info][gc,heap        ] GC(50) Survivor regions: 105->101(134)
[240.694s][info][gc,heap        ] GC(50) Old regions: 667->698
[240.694s][info][gc,heap        ] GC(50) Humongous regions: 77->77
[240.694s][info][gc,metaspace   ] GC(50) Metaspace: 28744K(29056K)->28744K(29056K) NonClass: 23862K(24000K)->23862K(24000K) Class: 4882K(5056K)->4882K(5056K)
[240.694s][info][gc             ] GC(50) Pause Young (Normal) (G1 Evacuation Pause) 3623M->1749M(4096M) 109.814ms
[240.694s][info][gc,cpu         ] GC(50) User=0.65s Sys=0.00s Real=0.11s
.[242.192s][info][gc,start       ] GC(51) Pause Young (Normal) (G1 Evacuation Pause)
[242.192s][info][gc,task        ] GC(51) Using 6 workers of 6 for evacuation
[242.302s][info][gc,phases      ] GC(51)   Pre Evacuate Collection Set: 0.35ms
[242.302s][info][gc,phases      ] GC(51)   Merge Heap Roots: 0.41ms
[242.302s][info][gc,phases      ] GC(51)   Evacuate Collection Set: 108.30ms
[242.302s][info][gc,phases      ] GC(51)   Post Evacuate Collection Set: 0.80ms
[242.302s][info][gc,phases      ] GC(51)   Other: 0.08ms
[242.302s][info][gc,heap        ] GC(51) Eden regions: 962->0(936)
[242.302s][info][gc,heap        ] GC(51) Survivor regions: 101->101(133)
[242.302s][info][gc,heap        ] GC(51) Old regions: 698->730
[242.302s][info][gc,heap        ] GC(51) Humongous regions: 77->77
[242.302s][info][gc,metaspace   ] GC(51) Metaspace: 28774K(29056K)->28774K(29056K) NonClass: 23892K(24000K)->23892K(24000K) Class: 4882K(5056K)->4882K(5056K)
[242.302s][info][gc             ] GC(51) Pause Young (Normal) (G1 Evacuation Pause) 3673M->1812M(4096M) 110.081ms
[242.302s][info][gc,cpu         ] GC(51) User=0.65s Sys=0.00s Real=0.12s
.. (rIR:aIR:PR = 9640:9893:9883) (tPR = 148834) [OK] 
   243s:       trying IR =  11548 [243.779s][info][gc,start       ] GC(52) Pause Young (Normal) (G1 Evacuation Pause)
[243.779s][info][gc,task        ] GC(52) Using 6 workers of 6 for evacuation
[243.894s][info][gc,phases      ] GC(52)   Pre Evacuate Collection Set: 0.34ms
[243.894s][info][gc,phases      ] GC(52)   Merge Heap Roots: 0.41ms
[243.894s][info][gc,phases      ] GC(52)   Evacuate Collection Set: 112.79ms
[243.894s][info][gc,phases      ] GC(52)   Post Evacuate Collection Set: 0.85ms
[243.894s][info][gc,phases      ] GC(52)   Other: 0.07ms
[243.894s][info][gc,heap        ] GC(52) Eden regions: 936->0(899)
[243.894s][info][gc,heap        ] GC(52) Survivor regions: 101->104(130)
[243.894s][info][gc,heap        ] GC(52) Old regions: 730->761
[243.894s][info][gc,heap        ] GC(52) Humongous regions: 77->77
[243.894s][info][gc,metaspace   ] GC(52) Metaspace: 28777K(29056K)->28777K(29056K) NonClass: 23894K(24000K)->23894K(24000K) Class: 4882K(5056K)->4882K(5056K)
[243.894s][info][gc             ] GC(52) Pause Young (Normal) (G1 Evacuation Pause) 3684M->1880M(4096M) 114.585ms
[243.894s][info][gc,cpu         ] GC(52) User=0.68s Sys=0.00s Real=0.12s
.[245.132s][info][gc,start       ] GC(53) Pause Young (Normal) (G1 Evacuation Pause)
[245.132s][info][gc,task        ] GC(53) Using 6 workers of 6 for evacuation
[245.275s][info][gc,phases      ] GC(53)   Pre Evacuate Collection Set: 0.34ms
[245.275s][info][gc,phases      ] GC(53)   Merge Heap Roots: 0.39ms
[245.275s][info][gc,phases      ] GC(53)   Evacuate Collection Set: 140.80ms
[245.275s][info][gc,phases      ] GC(53)   Post Evacuate Collection Set: 0.81ms
[245.275s][info][gc,phases      ] GC(53)   Other: 0.09ms
[245.275s][info][gc,heap        ] GC(53) Eden regions: 899->0(885)
[245.275s][info][gc,heap        ] GC(53) Survivor regions: 104->95(126)
[245.275s][info][gc,heap        ] GC(53) Old regions: 761->793
[245.275s][info][gc,heap        ] GC(53) Humongous regions: 77->77
[245.275s][info][gc,metaspace   ] GC(53) Metaspace: 28777K(29056K)->28777K(29056K) NonClass: 23894K(24000K)->23894K(24000K) Class: 4882K(5056K)->4882K(5056K)
[245.275s][info][gc             ] GC(53) Pause Young (Normal) (G1 Evacuation Pause) 3678M->1925M(4096M) 142.577ms
[245.275s][info][gc,cpu         ] GC(53) User=0.62s Sys=0.00s Real=0.15s
.[246.496s][info][gc,start       ] GC(54) Pause Young (Normal) (G1 Evacuation Pause)
[246.496s][info][gc,task        ] GC(54) Using 6 workers of 6 for evacuation
[246.599s][info][gc,phases      ] GC(54)   Pre Evacuate Collection Set: 0.35ms
[246.599s][info][gc,phases      ] GC(54)   Merge Heap Roots: 0.38ms
[246.599s][info][gc,phases      ] GC(54)   Evacuate Collection Set: 101.66ms
[246.599s][info][gc,phases      ] GC(54)   Post Evacuate Collection Set: 0.78ms
[246.599s][info][gc,phases      ] GC(54)   Other: 0.07ms
[246.599s][info][gc,heap        ] GC(54) Eden regions: 885->0(856)
[246.599s][info][gc,heap        ] GC(54) Survivor regions: 95->93(123)
[246.599s][info][gc,heap        ] GC(54) Old regions: 793->826
[246.599s][info][gc,heap        ] GC(54) Humongous regions: 77->77
[246.599s][info][gc,metaspace   ] GC(54) Metaspace: 28782K(29056K)->28782K(29056K) NonClass: 23899K(24000K)->23899K(24000K) Class: 4882K(5056K)->4882K(5056K)
[246.599s][info][gc             ] GC(54) Pause Young (Normal) (G1 Evacuation Pause) 3695M->1989M(4096M) 103.367ms
[246.599s][info][gc,cpu         ] GC(54) User=0.61s Sys=0.00s Real=0.10s
..[247.736s][info][gc,start       ] GC(55) Pause Young (Normal) (G1 Evacuation Pause)
[247.736s][info][gc,task        ] GC(55) Using 6 workers of 6 for evacuation
[247.842s][info][gc,phases      ] GC(55)   Pre Evacuate Collection Set: 0.36ms
[247.842s][info][gc,phases      ] GC(55)   Merge Heap Roots: 0.39ms
[247.842s][info][gc,phases      ] GC(55)   Evacuate Collection Set: 104.69ms
[247.842s][info][gc,phases      ] GC(55)   Post Evacuate Collection Set: 0.75ms
[247.842s][info][gc,phases      ] GC(55)   Other: 0.08ms
[247.842s][info][gc,heap        ] GC(55) Eden regions: 856->0(817)
[247.842s][info][gc,heap        ] GC(55) Survivor regions: 93->97(119)
[247.842s][info][gc,heap        ] GC(55) Old regions: 826->857
[247.842s][info][gc,heap        ] GC(55) Humongous regions: 77->77
[247.842s][info][gc,metaspace   ] GC(55) Metaspace: 28782K(29056K)->28782K(29056K) NonClass: 23899K(24000K)->23899K(24000K) Class: 4882K(5056K)->4882K(5056K)
[247.842s][info][gc             ] GC(55) Pause Young (Normal) (G1 Evacuation Pause) 3701M->2058M(4096M) 106.397ms
[247.842s][info][gc,cpu         ] GC(55) User=0.63s Sys=0.00s Real=0.10s
.[248.903s][info][gc,start       ] GC(56) Pause Young (Concurrent Start) (G1 Evacuation Pause)
[248.903s][info][gc,task        ] GC(56) Using 6 workers of 6 for evacuation
[249.008s][info][gc,phases      ] GC(56)   Pre Evacuate Collection Set: 0.41ms
[249.008s][info][gc,phases      ] GC(56)   Merge Heap Roots: 0.39ms
[249.008s][info][gc,phases      ] GC(56)   Evacuate Collection Set: 103.59ms
[249.008s][info][gc,phases      ] GC(56)   Post Evacuate Collection Set: 0.72ms
[249.008s][info][gc,phases      ] GC(56)   Other: 0.09ms
[249.008s][info][gc,heap        ] GC(56) Eden regions: 817->0(822)
[249.008s][info][gc,heap        ] GC(56) Survivor regions: 97->60(115)
[249.008s][info][gc,heap        ] GC(56) Old regions: 857->926
[249.008s][info][gc,heap        ] GC(56) Humongous regions: 77->77
[249.008s][info][gc,metaspace   ] GC(56) Metaspace: 28782K(29056K)->28782K(29056K) NonClass: 23899K(24000K)->23899K(24000K) Class: 4882K(5056K)->4882K(5056K)
[249.008s][info][gc             ] GC(56) Pause Young (Concurrent Start) (G1 Evacuation Pause) 3692M->2123M(4096M) 105.316ms
[249.008s][info][gc             ] GC(57) Concurrent Mark Cycle
[249.008s][info][gc,marking     ] GC(57) Concurrent Scan Root Regions
[249.008s][info][gc,cpu         ] GC(56) User=0.61s Sys=0.00s Real=0.10s
[249.137s][info][gc,marking     ] GC(57) Concurrent Scan Root Regions 128.709ms
[249.137s][info][gc,marking     ] GC(57) Concurrent Mark
[249.137s][info][gc,marking     ] GC(57) Concurrent Mark From Roots
[249.137s][info][gc,task        ] GC(57) Using 2 workers of 2 for marking
.[250.644s][info][gc,marking     ] GC(57) Concurrent Mark From Roots 1507.307ms
[250.644s][info][gc,marking     ] GC(57) Concurrent Preclean
[250.645s][info][gc,marking     ] GC(57) Concurrent Preclean 0.189ms
[250.647s][info][gc,start       ] GC(57) Pause Remark
[250.654s][info][gc             ] GC(57) Pause Remark 3717M->3691M(4096M) 7.100ms
[250.654s][info][gc,cpu         ] GC(57) User=0.04s Sys=0.00s Real=0.01s
[250.657s][info][gc,marking     ] GC(57) Concurrent Mark 1519.549ms
[250.657s][info][gc,marking     ] GC(57) Concurrent Rebuild Remembered Sets and Scrub Regions
[250.714s][info][gc,start       ] GC(58) Pause Young (Normal) (G1 Evacuation Pause)
[250.714s][info][gc,task        ] GC(58) Using 6 workers of 6 for evacuation
[250.798s][info][gc,phases      ] GC(58)   Pre Evacuate Collection Set: 0.36ms
[250.798s][info][gc,phases      ] GC(58)   Merge Heap Roots: 0.46ms
[250.798s][info][gc,phases      ] GC(58)   Evacuate Collection Set: 82.29ms
[250.798s][info][gc,phases      ] GC(58)   Post Evacuate Collection Set: 0.91ms
[250.798s][info][gc,phases      ] GC(58)   Other: 0.10ms
[250.798s][info][gc,heap        ] GC(58) Eden regions: 822->0(805)
[250.798s][info][gc,heap        ] GC(58) Survivor regions: 60->55(111)
[250.798s][info][gc,heap        ] GC(58) Old regions: 913->953
[250.798s][info][gc,heap        ] GC(58) Humongous regions: 77->77
[250.798s][info][gc,metaspace   ] GC(58) Metaspace: 28784K(29056K)->28784K(29056K) NonClass: 23901K(24000K)->23901K(24000K) Class: 4882K(5056K)->4882K(5056K)
[250.798s][info][gc             ] GC(58) Pause Young (Normal) (G1 Evacuation Pause) 3741M->2165M(4096M) 84.235ms
[250.798s][info][gc,cpu         ] GC(58) User=0.50s Sys=0.00s Real=0.08s
.[251.253s][info][gc,marking     ] GC(57) Concurrent Rebuild Remembered Sets and Scrub Regions 596.758ms
[251.254s][info][gc,start       ] GC(57) Pause Cleanup
[251.254s][info][gc             ] GC(57) Pause Cleanup 2631M->2631M(4096M) 0.322ms
[251.254s][info][gc,cpu         ] GC(57) User=0.00s Sys=0.00s Real=0.00s
[251.255s][info][gc,marking     ] GC(57) Concurrent Clear Claimed Marks
[251.255s][info][gc,marking     ] GC(57) Concurrent Clear Claimed Marks 0.041ms
[251.255s][info][gc,marking     ] GC(57) Concurrent Cleanup for Next Mark
[251.296s][info][gc,marking     ] GC(57) Concurrent Cleanup for Next Mark 41.435ms
[251.296s][info][gc             ] GC(57) Concurrent Mark Cycle 2287.997ms
[252.046s][info][gc,start       ] GC(59) Pause Young (Prepare Mixed) (G1 Evacuation Pause)
[252.046s][info][gc,task        ] GC(59) Using 6 workers of 6 for evacuation
[252.127s][info][gc,phases      ] GC(59)   Pre Evacuate Collection Set: 0.35ms
[252.127s][info][gc,phases      ] GC(59)   Merge Heap Roots: 0.42ms
[252.127s][info][gc,phases      ] GC(59)   Evacuate Collection Set: 78.57ms
[252.127s][info][gc,phases      ] GC(59)   Post Evacuate Collection Set: 0.88ms
[252.127s][info][gc,phases      ] GC(59)   Other: 0.11ms
[252.127s][info][gc,heap        ] GC(59) Eden regions: 805->0(735)
[252.127s][info][gc,heap        ] GC(59) Survivor regions: 55->90(108)
[252.127s][info][gc,heap        ] GC(59) Old regions: 953->953
[252.127s][info][gc,heap        ] GC(59) Humongous regions: 77->77
[252.127s][info][gc,metaspace   ] GC(59) Metaspace: 28784K(29056K)->28784K(29056K) NonClass: 23901K(24000K)->23901K(24000K) Class: 4882K(5056K)->4882K(5056K)
[252.127s][info][gc             ] GC(59) Pause Young (Prepare Mixed) (G1 Evacuation Pause) 3775M->2236M(4096M) 80.466ms
[252.127s][info][gc,cpu         ] GC(59) User=0.47s Sys=0.00s Real=0.08s
.[252.984s][info][gc,start       ] GC(60) Pause Young (Mixed) (G1 Evacuation Pause)
[252.984s][info][gc,task        ] GC(60) Using 6 workers of 6 for evacuation
[253.092s][info][gc,phases      ] GC(60)   Pre Evacuate Collection Set: 0.40ms
[253.093s][info][gc,phases      ] GC(60)   Merge Heap Roots: 0.53ms
[253.093s][info][gc,phases      ] GC(60)   Evacuate Collection Set: 106.34ms
[253.093s][info][gc,phases      ] GC(60)   Post Evacuate Collection Set: 0.96ms
[253.093s][info][gc,phases      ] GC(60)   Other: 0.11ms
[253.093s][info][gc,heap        ] GC(60) Eden regions: 735->0(899)
[253.093s][info][gc,heap        ] GC(60) Survivor regions: 90->95(104)
[253.093s][info][gc,heap        ] GC(60) Old regions: 953->779
[253.093s][info][gc,heap        ] GC(60) Humongous regions: 77->77
[253.093s][info][gc,metaspace   ] GC(60) Metaspace: 28784K(29056K)->28784K(29056K) NonClass: 23901K(24000K)->23901K(24000K) Class: 4882K(5056K)->4882K(5056K)
[253.093s][info][gc             ] GC(60) Pause Young (Mixed) (G1 Evacuation Pause) 3706M->1897M(4096M) 108.488ms
[253.093s][info][gc,cpu         ] GC(60) User=0.64s Sys=0.00s Real=0.11s
.[254.341s][info][gc,start       ] GC(61) Pause Young (Mixed) (G1 Evacuation Pause)
[254.341s][info][gc,task        ] GC(61) Using 6 workers of 6 for evacuation
[254.463s][info][gc,phases      ] GC(61)   Pre Evacuate Collection Set: 0.39ms
[254.463s][info][gc,phases      ] GC(61)   Merge Heap Roots: 0.70ms
[254.463s][info][gc,phases      ] GC(61)   Evacuate Collection Set: 119.27ms
[254.463s][info][gc,phases      ] GC(61)   Post Evacuate Collection Set: 1.07ms
[254.463s][info][gc,phases      ] GC(61)   Other: 0.11ms
[254.463s][info][gc,heap        ] GC(61) Eden regions: 899->0(1064)
[254.463s][info][gc,heap        ] GC(61) Survivor regions: 95->94(125)
[254.463s][info][gc,heap        ] GC(61) Old regions: 779->616
[254.463s][info][gc,heap        ] GC(61) Humongous regions: 77->77
[254.463s][info][gc,metaspace   ] GC(61) Metaspace: 28784K(29056K)->28784K(29056K) NonClass: 23901K(24000K)->23901K(24000K) Class: 4882K(5056K)->4882K(5056K)
[254.463s][info][gc             ] GC(61) Pause Young (Mixed) (G1 Evacuation Pause) 3695M->1570M(4096M) 121.673ms
[254.463s][info][gc,cpu         ] GC(61) User=0.72s Sys=0.00s Real=0.13s
.[255.921s][info][gc,start       ] GC(62) Pause Young (Mixed) (G1 Evacuation Pause)
[255.921s][info][gc,task        ] GC(62) Using 6 workers of 6 for evacuation
[256.060s][info][gc,phases      ] GC(62)   Pre Evacuate Collection Set: 0.37ms
[256.060s][info][gc,phases      ] GC(62)   Merge Heap Roots: 0.77ms
[256.060s][info][gc,phases      ] GC(62)   Evacuate Collection Set: 128.98ms
[256.060s][info][gc,phases      ] GC(62)   Merge Optional Heap Roots: 0.14ms
[256.060s][info][gc,phases      ] GC(62)   Evacuate Optional Collection Set: 8.04ms
[256.060s][info][gc,phases      ] GC(62)   Post Evacuate Collection Set: 1.15ms
[256.060s][info][gc,phases      ] GC(62)   Other: 0.13ms
[256.060s][info][gc,heap        ] GC(62) Eden regions: 1064->0(1042)
[256.060s][info][gc,heap        ] GC(62) Survivor regions: 94->105(145)
[256.060s][info][gc,heap        ] GC(62) Old regions: 616->576
[256.060s][info][gc,heap        ] GC(62) Humongous regions: 77->77
[256.060s][info][gc,metaspace   ] GC(62) Metaspace: 28784K(29056K)->28784K(29056K) NonClass: 23901K(24000K)->23901K(24000K) Class: 4882K(5056K)->4882K(5056K)
[256.060s][info][gc             ] GC(62) Pause Young (Mixed) (G1 Evacuation Pause) 3698M->1513M(4096M) 139.719ms
[256.060s][info][gc,cpu         ] GC(62) User=0.82s Sys=0.00s Real=0.14s
..[257.430s][info][gc,start       ] GC(63) Pause Young (Mixed) (G1 Evacuation Pause)
[257.430s][info][gc,task        ] GC(63) Using 6 workers of 6 for evacuation
[257.557s][info][gc,phases      ] GC(63)   Pre Evacuate Collection Set: 0.36ms
[257.557s][info][gc,phases      ] GC(63)   Merge Heap Roots: 0.67ms
[257.557s][info][gc,phases      ] GC(63)   Evacuate Collection Set: 124.81ms
[257.557s][info][gc,phases      ] GC(63)   Post Evacuate Collection Set: 0.88ms
[257.557s][info][gc,phases      ] GC(63)   Other: 0.08ms
[257.557s][info][gc,heap        ] GC(63) Eden regions: 1042->0(1043)
[257.557s][info][gc,heap        ] GC(63) Survivor regions: 105->109(144)
[257.557s][info][gc,heap        ] GC(63) Old regions: 576->598
[257.557s][info][gc,heap        ] GC(63) Humongous regions: 77->77
[257.557s][info][gc,metaspace   ] GC(63) Metaspace: 28785K(29056K)->28785K(29056K) NonClass: 23902K(24000K)->23902K(24000K) Class: 4882K(5056K)->4882K(5056K)
[257.557s][info][gc             ] GC(63) Pause Young (Mixed) (G1 Evacuation Pause) 3597M->1564M(4096M) 126.924ms
[257.557s][info][gc,cpu         ] GC(63) User=0.75s Sys=0.00s Real=0.13s
.[258.999s][info][gc,start       ] GC(64) Pause Young (Normal) (G1 Evacuation Pause)
[258.999s][info][gc,task        ] GC(64) Using 6 workers of 6 for evacuation
[259.111s][info][gc,phases      ] GC(64)   Pre Evacuate Collection Set: 0.35ms
[259.111s][info][gc,phases      ] GC(64)   Merge Heap Roots: 0.43ms
[259.111s][info][gc,phases      ] GC(64)   Evacuate Collection Set: 110.85ms
[259.111s][info][gc,phases      ] GC(64)   Post Evacuate Collection Set: 0.85ms
[259.111s][info][gc,phases      ] GC(64)   Other: 0.08ms
[259.111s][info][gc,heap        ] GC(64) Eden regions: 1043->0(1030)
[259.111s][info][gc,heap        ] GC(64) Survivor regions: 109->104(144)
[259.111s][info][gc,heap        ] GC(64) Old regions: 598->630
[259.111s][info][gc,heap        ] GC(64) Humongous regions: 77->77
[259.111s][info][gc,metaspace   ] GC(64) Metaspace: 28785K(29056K)->28785K(29056K) NonClass: 23903K(24000K)->23903K(24000K) Class: 4882K(5056K)->4882K(5056K)
[259.111s][info][gc             ] GC(64) Pause Young (Normal) (G1 Evacuation Pause) 3650M->1620M(4096M) 112.720ms
[259.111s][info][gc,cpu         ] GC(64) User=0.67s Sys=0.00s Real=0.11s
.[260.436s][info][gc,start       ] GC(65) Pause Young (Normal) (G1 Evacuation Pause)
[260.436s][info][gc,task        ] GC(65) Using 6 workers of 6 for evacuation
[260.559s][info][gc,phases      ] GC(65)   Pre Evacuate Collection Set: 0.36ms
[260.559s][info][gc,phases      ] GC(65)   Merge Heap Roots: 0.48ms
[260.559s][info][gc,phases      ] GC(65)   Evacuate Collection Set: 121.28ms
[260.559s][info][gc,phases      ] GC(65)   Post Evacuate Collection Set: 0.85ms
[260.559s][info][gc,phases      ] GC(65)   Other: 0.08ms
[260.559s][info][gc,heap        ] GC(65) Eden regions: 1030->0(981)
[260.559s][info][gc,heap        ] GC(65) Survivor regions: 104->112(142)
[260.559s][info][gc,heap        ] GC(65) Old regions: 630->663
[260.559s][info][gc,heap        ] GC(65) Humongous regions: 77->77
[260.559s][info][gc,metaspace   ] GC(65) Metaspace: 28789K(29056K)->28789K(29056K) NonClass: 23907K(24000K)->23907K(24000K) Class: 4882K(5056K)->4882K(5056K)
[260.559s][info][gc             ] GC(65) Pause Young (Normal) (G1 Evacuation Pause) 3680M->1701M(4096M) 123.167ms
[260.559s][info][gc,cpu         ] GC(65) User=0.73s Sys=0.00s Real=0.12s
.[261.865s][info][gc,start       ] GC(66) Pause Young (Normal) (G1 Evacuation Pause)
[261.865s][info][gc,task        ] GC(66) Using 6 workers of 6 for evacuation
[261.989s][info][gc,phases      ] GC(66)   Pre Evacuate Collection Set: 0.37ms
[261.989s][info][gc,phases      ] GC(66)   Merge Heap Roots: 0.42ms
[261.989s][info][gc,phases      ] GC(66)   Evacuate Collection Set: 122.31ms
[261.989s][info][gc,phases      ] GC(66)   Post Evacuate Collection Set: 0.81ms
[261.989s][info][gc,phases      ] GC(66)   Other: 0.08ms
[261.989s][info][gc,heap        ] GC(66) Eden regions: 981->0(979)
[261.989s][info][gc,heap        ] GC(66) Survivor regions: 112->73(137)
[261.989s][info][gc,heap        ] GC(66) Old regions: 663->742
[261.989s][info][gc,heap        ] GC(66) Humongous regions: 77->77
[261.989s][info][gc,metaspace   ] GC(66) Metaspace: 28790K(29056K)->28790K(29056K) NonClass: 23907K(24000K)->23907K(24000K) Class: 4882K(5056K)->4882K(5056K)
[261.989s][info][gc             ] GC(66) Pause Young (Normal) (G1 Evacuation Pause) 3663M->1780M(4096M) 124.131ms
[261.989s][info][gc,cpu         ] GC(66) User=0.73s Sys=0.00s Real=0.12s
.[263.290s][info][gc,start       ] GC(67) Pause Young (Normal) (G1 Evacuation Pause)
[263.290s][info][gc,task        ] GC(67) Using 6 workers of 6 for evacuation
[263.385s][info][gc,phases      ] GC(67)   Pre Evacuate Collection Set: 0.32ms
[263.385s][info][gc,phases      ] GC(67)   Merge Heap Roots: 0.39ms
[263.385s][info][gc,phases      ] GC(67)   Evacuate Collection Set: 92.76ms
[263.385s][info][gc,phases      ] GC(67)   Post Evacuate Collection Set: 0.84ms
[263.385s][info][gc,phases      ] GC(67)   Other: 0.07ms
[263.385s][info][gc,heap        ] GC(67) Eden regions: 979->0(948)
[263.385s][info][gc,heap        ] GC(67) Survivor regions: 73->67(132)
[263.385s][info][gc,heap        ] GC(67) Old regions: 742->785
[263.385s][info][gc,heap        ] GC(67) Humongous regions: 77->77
[263.385s][info][gc,metaspace   ] GC(67) Metaspace: 28790K(29056K)->28790K(29056K) NonClass: 23907K(24000K)->23907K(24000K) Class: 4882K(5056K)->4882K(5056K)
[263.385s][info][gc             ] GC(67) Pause Young (Normal) (G1 Evacuation Pause) 3738M->1855M(4096M) 94.520ms
[263.385s][info][gc,cpu         ] GC(67) User=0.56s Sys=0.00s Real=0.10s
..[264.802s][info][gc,start       ] GC(68) Pause Young (Normal) (G1 Evacuation Pause)
[264.802s][info][gc,task        ] GC(68) Using 6 workers of 6 for evacuation
[264.890s][info][gc,phases      ] GC(68)   Pre Evacuate Collection Set: 0.36ms
[264.890s][info][gc,phases      ] GC(68)   Merge Heap Roots: 0.40ms
[264.890s][info][gc,phases      ] GC(68)   Evacuate Collection Set: 85.92ms
[264.890s][info][gc,phases      ] GC(68)   Post Evacuate Collection Set: 0.76ms
[264.890s][info][gc,phases      ] GC(68)   Other: 0.07ms
[264.890s][info][gc,heap        ] GC(68) Eden regions: 948->0(921)
[264.890s][info][gc,heap        ] GC(68) Survivor regions: 67->57(127)
[264.890s][info][gc,heap        ] GC(68) Old regions: 785->830
[264.890s][info][gc,heap        ] GC(68) Humongous regions: 77->77
[264.890s][info][gc,metaspace   ] GC(68) Metaspace: 28791K(29056K)->28791K(29056K) NonClass: 23909K(24000K)->23909K(24000K) Class: 4882K(5056K)->4882K(5056K)
[264.890s][info][gc             ] GC(68) Pause Young (Normal) (G1 Evacuation Pause) 3751M->1925M(4096M) 87.638ms
[264.890s][info][gc,cpu         ] GC(68) User=0.52s Sys=0.00s Real=0.08s
 (rIR:aIR:PR = 11548:11195:11100) (tPR = 167827) [OK] 
   264s:       trying IR =  13837 .[266.030s][info][gc,start       ] GC(69) Pause Young (Normal) (G1 Evacuation Pause)
[266.030s][info][gc,task        ] GC(69) Using 6 workers of 6 for evacuation
[266.117s][info][gc,phases      ] GC(69)   Pre Evacuate Collection Set: 0.34ms
[266.117s][info][gc,phases      ] GC(69)   Merge Heap Roots: 0.44ms
[266.117s][info][gc,phases      ] GC(69)   Evacuate Collection Set: 85.32ms
[266.117s][info][gc,phases      ] GC(69)   Post Evacuate Collection Set: 0.83ms
[266.117s][info][gc,phases      ] GC(69)   Other: 0.08ms
[266.117s][info][gc,heap        ] GC(69) Eden regions: 921->0(842)
[266.117s][info][gc,heap        ] GC(69) Survivor regions: 57->98(123)
[266.118s][info][gc,heap        ] GC(69) Old regions: 830->830
[266.118s][info][gc,heap        ] GC(69) Humongous regions: 77->77
[266.118s][info][gc,metaspace   ] GC(69) Metaspace: 28793K(29056K)->28793K(29056K) NonClass: 23910K(24000K)->23910K(24000K) Class: 4882K(5056K)->4882K(5056K)
[266.118s][info][gc             ] GC(69) Pause Young (Normal) (G1 Evacuation Pause) 3767M->2006M(4096M) 87.131ms
[266.118s][info][gc,cpu         ] GC(69) User=0.51s Sys=0.00s Real=0.09s
.[267.331s][info][gc,start       ] GC(70) Pause Young (Normal) (G1 Evacuation Pause)
[267.331s][info][gc,task        ] GC(70) Using 6 workers of 6 for evacuation
[267.439s][info][gc,phases      ] GC(70)   Pre Evacuate Collection Set: 0.33ms
[267.439s][info][gc,phases      ] GC(70)   Merge Heap Roots: 0.40ms
[267.439s][info][gc,phases      ] GC(70)   Evacuate Collection Set: 106.45ms
[267.439s][info][gc,phases      ] GC(70)   Post Evacuate Collection Set: 0.74ms
[267.439s][info][gc,phases      ] GC(70)   Other: 0.08ms
[267.440s][info][gc,heap        ] GC(70) Eden regions: 842->0(852)
[267.440s][info][gc,heap        ] GC(70) Survivor regions: 98->56(118)
[267.440s][info][gc,heap        ] GC(70) Old regions: 830->904
[267.440s][info][gc,heap        ] GC(70) Humongous regions: 77->77
[267.440s][info][gc,metaspace   ] GC(70) Metaspace: 28793K(29056K)->28793K(29056K) NonClass: 23910K(24000K)->23910K(24000K) Class: 4882K(5056K)->4882K(5056K)
[267.440s][info][gc             ] GC(70) Pause Young (Normal) (G1 Evacuation Pause) 3690M->2071M(4096M) 108.134ms
[267.440s][info][gc,cpu         ] GC(70) User=0.63s Sys=0.00s Real=0.11s
.[268.606s][info][gc,start       ] GC(71) Pause Young (Concurrent Start) (G1 Evacuation Pause)
[268.606s][info][gc,task        ] GC(71) Using 6 workers of 6 for evacuation
[268.689s][info][gc,phases      ] GC(71)   Pre Evacuate Collection Set: 0.40ms
[268.689s][info][gc,phases      ] GC(71)   Merge Heap Roots: 0.38ms
[268.689s][info][gc,phases      ] GC(71)   Evacuate Collection Set: 81.95ms
[268.689s][info][gc,phases      ] GC(71)   Post Evacuate Collection Set: 0.74ms
[268.689s][info][gc,phases      ] GC(71)   Other: 0.11ms
[268.689s][info][gc,heap        ] GC(71) Eden regions: 852->0(774)
[268.689s][info][gc,heap        ] GC(71) Survivor regions: 56->95(114)
[268.689s][info][gc,heap        ] GC(71) Old regions: 904->904
[268.689s][info][gc,heap        ] GC(71) Humongous regions: 77->77
[268.689s][info][gc,metaspace   ] GC(71) Metaspace: 28793K(29056K)->28793K(29056K) NonClass: 23910K(24000K)->23910K(24000K) Class: 4882K(5056K)->4882K(5056K)
[268.689s][info][gc             ] GC(71) Pause Young (Concurrent Start) (G1 Evacuation Pause) 3775M->2149M(4096M) 83.712ms
[268.689s][info][gc             ] GC(72) Concurrent Mark Cycle
[268.689s][info][gc,marking     ] GC(72) Concurrent Scan Root Regions
[268.689s][info][gc,cpu         ] GC(71) User=0.49s Sys=0.00s Real=0.08s
[268.845s][info][gc,marking     ] GC(72) Concurrent Scan Root Regions 156.015ms
[268.845s][info][gc,marking     ] GC(72) Concurrent Mark
[268.845s][info][gc,marking     ] GC(72) Concurrent Mark From Roots
[268.845s][info][gc,task        ] GC(72) Using 2 workers of 2 for marking
.[269.979s][info][gc,start       ] GC(73) Pause Young (Normal) (G1 Evacuation Pause)
[269.979s][info][gc,task        ] GC(73) Using 6 workers of 6 for evacuation
[270.086s][info][gc,phases      ] GC(73)   Pre Evacuate Collection Set: 0.33ms
[270.086s][info][gc,phases      ] GC(73)   Merge Heap Roots: 0.37ms
[270.086s][info][gc,phases      ] GC(73)   Evacuate Collection Set: 105.31ms
[270.086s][info][gc,phases      ] GC(73)   Post Evacuate Collection Set: 0.68ms
[270.086s][info][gc,phases      ] GC(73)   Other: 0.08ms
[270.086s][info][gc,heap        ] GC(73) Eden regions: 774->0(774)
[270.086s][info][gc,heap        ] GC(73) Survivor regions: 95->62(109)
[270.086s][info][gc,heap        ] GC(73) Old regions: 904->970
[270.086s][info][gc,heap        ] GC(73) Humongous regions: 77->77
[270.086s][info][gc,metaspace   ] GC(73) Metaspace: 28794K(29056K)->28794K(29056K) NonClass: 23911K(24000K)->23911K(24000K) Class: 4882K(5056K)->4882K(5056K)
[270.086s][info][gc             ] GC(73) Pause Young (Normal) (G1 Evacuation Pause) 3697M->2215M(4096M) 106.895ms
[270.086s][info][gc,cpu         ] GC(73) User=0.63s Sys=0.00s Real=0.11s
.[270.991s][info][gc,marking     ] GC(72) Concurrent Mark From Roots 2145.279ms
[270.991s][info][gc,marking     ] GC(72) Concurrent Preclean
[270.991s][info][gc,marking     ] GC(72) Concurrent Preclean 0.100ms
[270.993s][info][gc,start       ] GC(72) Pause Remark
[270.999s][info][gc             ] GC(72) Pause Remark 3147M->3139M(4096M) 5.862ms
[270.999s][info][gc,cpu         ] GC(72) User=0.03s Sys=0.00s Real=0.00s
[270.999s][info][gc,marking     ] GC(72) Concurrent Mark 2153.516ms
[270.999s][info][gc,marking     ] GC(72) Concurrent Rebuild Remembered Sets and Scrub Regions
[271.635s][info][gc,marking     ] GC(72) Concurrent Rebuild Remembered Sets and Scrub Regions 636.416ms
[271.636s][info][gc,start       ] GC(74) Pause Young (Normal) (G1 Evacuation Pause)
[271.636s][info][gc,task        ] GC(74) Using 6 workers of 6 for evacuation
[271.715s][info][gc,phases      ] GC(74)   Pre Evacuate Collection Set: 0.36ms
[271.715s][info][gc,phases      ] GC(74)   Merge Heap Roots: 0.39ms
[271.715s][info][gc,phases      ] GC(74)   Evacuate Collection Set: 77.35ms
[271.715s][info][gc,phases      ] GC(74)   Post Evacuate Collection Set: 0.73ms
[271.715s][info][gc,phases      ] GC(74)   Other: 0.09ms
[271.715s][info][gc,heap        ] GC(74) Eden regions: 774->0(757)
[271.715s][info][gc,heap        ] GC(74) Survivor regions: 62->52(105)
[271.715s][info][gc,heap        ] GC(74) Old regions: 966->1007
[271.715s][info][gc,heap        ] GC(74) Humongous regions: 77->77
[271.715s][info][gc,metaspace   ] GC(74) Metaspace: 28798K(29056K)->28798K(29056K) NonClass: 23916K(24000K)->23916K(24000K) Class: 4882K(5056K)->4882K(5056K)
[271.715s][info][gc             ] GC(74) Pause Young (Normal) (G1 Evacuation Pause) 3755M->2269M(4096M) 79.042ms
[271.715s][info][gc,cpu         ] GC(74) User=0.46s Sys=0.00s Real=0.08s
.[271.814s][info][gc,start       ] GC(72) Pause Cleanup
[271.815s][info][gc             ] GC(72) Pause Cleanup 2419M->2419M(4096M) 0.361ms
[271.815s][info][gc,cpu         ] GC(72) User=0.00s Sys=0.00s Real=0.00s
[271.816s][info][gc,marking     ] GC(72) Concurrent Clear Claimed Marks
[271.816s][info][gc,marking     ] GC(72) Concurrent Clear Claimed Marks 0.040ms
[271.816s][info][gc,marking     ] GC(72) Concurrent Cleanup for Next Mark
[271.829s][info][gc,marking     ] GC(72) Concurrent Cleanup for Next Mark 13.579ms
[271.829s][info][gc             ] GC(72) Concurrent Mark Cycle 3139.857ms
[272.752s][info][gc,start       ] GC(75) Pause Young (Prepare Mixed) (G1 Evacuation Pause)
[272.752s][info][gc,task        ] GC(75) Using 6 workers of 6 for evacuation
[272.830s][info][gc,phases      ] GC(75)   Pre Evacuate Collection Set: 0.34ms
[272.830s][info][gc,phases      ] GC(75)   Merge Heap Roots: 0.43ms
[272.830s][info][gc,phases      ] GC(75)   Evacuate Collection Set: 76.93ms
[272.830s][info][gc,phases      ] GC(75)   Post Evacuate Collection Set: 0.87ms
[272.830s][info][gc,phases      ] GC(75)   Other: 0.09ms
[272.830s][info][gc,heap        ] GC(75) Eden regions: 757->0(685)
[272.830s][info][gc,heap        ] GC(75) Survivor regions: 52->88(102)
[272.830s][info][gc,heap        ] GC(75) Old regions: 1007->1007
[272.830s][info][gc,heap        ] GC(75) Humongous regions: 77->77
[272.830s][info][gc,metaspace   ] GC(75) Metaspace: 28798K(29056K)->28798K(29056K) NonClass: 23916K(24000K)->23916K(24000K) Class: 4882K(5056K)->4882K(5056K)
[272.830s][info][gc             ] GC(75) Pause Young (Prepare Mixed) (G1 Evacuation Pause) 3783M->2341M(4096M) 78.791ms
[272.830s][info][gc,cpu         ] GC(75) User=0.47s Sys=0.00s Real=0.08s
.[273.737s][info][gc,start       ] GC(76) Pause Young (Mixed) (G1 Evacuation Pause)
[273.737s][info][gc,task        ] GC(76) Using 6 workers of 6 for evacuation
[273.849s][info][gc,phases      ] GC(76)   Pre Evacuate Collection Set: 0.38ms
[273.849s][info][gc,phases      ] GC(76)   Merge Heap Roots: 0.48ms
[273.849s][info][gc,phases      ] GC(76)   Evacuate Collection Set: 109.20ms
[273.849s][info][gc,phases      ] GC(76)   Post Evacuate Collection Set: 0.89ms
[273.849s][info][gc,phases      ] GC(76)   Other: 0.10ms
[273.849s][info][gc,heap        ] GC(76) Eden regions: 685->0(875)
[273.849s][info][gc,heap        ] GC(76) Survivor regions: 88->60(97)
[273.849s][info][gc,heap        ] GC(76) Old regions: 1007->871
[273.849s][info][gc,heap        ] GC(76) Humongous regions: 77->77
[273.849s][info][gc,metaspace   ] GC(76) Metaspace: 28798K(29056K)->28798K(29056K) NonClass: 23916K(24000K)->23916K(24000K) Class: 4882K(5056K)->4882K(5056K)
[273.849s][info][gc             ] GC(76) Pause Young (Mixed) (G1 Evacuation Pause) 3711M->2012M(4096M) 111.182ms
[273.849s][info][gc,cpu         ] GC(76) User=0.65s Sys=0.00s Real=0.11s
.[274.962s][info][gc,start       ] GC(77) Pause Young (Mixed) (G1 Evacuation Pause)
[274.962s][info][gc,task        ] GC(77) Using 6 workers of 6 for evacuation
[275.073s][info][gc,phases      ] GC(77)   Pre Evacuate Collection Set: 0.40ms
[275.073s][info][gc,phases      ] GC(77)   Merge Heap Roots: 0.59ms
[275.073s][info][gc,phases      ] GC(77)   Evacuate Collection Set: 108.94ms
[275.073s][info][gc,phases      ] GC(77)   Post Evacuate Collection Set: 1.00ms
[275.073s][info][gc,phases      ] GC(77)   Other: 0.11ms
[275.073s][info][gc,heap        ] GC(77) Eden regions: 875->0(967)
[275.073s][info][gc,heap        ] GC(77) Survivor regions: 60->112(117)
[275.073s][info][gc,heap        ] GC(77) Old regions: 871->677
[275.073s][info][gc,heap        ] GC(77) Humongous regions: 77->77
[275.073s][info][gc,metaspace   ] GC(77) Metaspace: 28798K(29056K)->28798K(29056K) NonClass: 23916K(24000K)->23916K(24000K) Class: 4882K(5056K)->4882K(5056K)
[275.073s][info][gc             ] GC(77) Pause Young (Mixed) (G1 Evacuation Pause) 3762M->1728M(4096M) 111.170ms
[275.073s][info][gc,cpu         ] GC(77) User=0.66s Sys=0.00s Real=0.12s
.[276.300s][info][gc,start       ] GC(78) Pause Young (Mixed) (G1 Evacuation Pause)
[276.300s][info][gc,task        ] GC(78) Using 6 workers of 6 for evacuation
[276.439s][info][gc,phases      ] GC(78)   Pre Evacuate Collection Set: 0.39ms
[276.439s][info][gc,phases      ] GC(78)   Merge Heap Roots: 0.91ms
[276.439s][info][gc,phases      ] GC(78)   Evacuate Collection Set: 132.32ms
[276.439s][info][gc,phases      ] GC(78)   Merge Optional Heap Roots: 0.17ms
[276.439s][info][gc,phases      ] GC(78)   Evacuate Optional Collection Set: 3.82ms
[276.439s][info][gc,phases      ] GC(78)   Post Evacuate Collection Set: 1.05ms
[276.439s][info][gc,phases      ] GC(78)   Other: 0.18ms
[276.439s][info][gc,heap        ] GC(78) Eden regions: 967->0(1074)
[276.439s][info][gc,heap        ] GC(78) Survivor regions: 112->67(135)
[276.439s][info][gc,heap        ] GC(78) Old regions: 677->635
[276.439s][info][gc,heap        ] GC(78) Humongous regions: 77->77
[276.439s][info][gc,metaspace   ] GC(78) Metaspace: 28799K(29056K)->28799K(29056K) NonClass: 23916K(24000K)->23916K(24000K) Class: 4882K(5056K)->4882K(5056K)
[276.439s][info][gc             ] GC(78) Pause Young (Mixed) (G1 Evacuation Pause) 3662M->1555M(4096M) 138.968ms
[276.439s][info][gc,cpu         ] GC(78) User=0.83s Sys=0.00s Real=0.14s
.[277.831s][info][gc,start       ] GC(79) Pause Young (Concurrent Start) (G1 Evacuation Pause)
[277.831s][info][gc,task        ] GC(79) Using 6 workers of 6 for evacuation
[277.935s][info][gc,phases      ] GC(79)   Pre Evacuate Collection Set: 0.36ms
[277.935s][info][gc,phases      ] GC(79)   Merge Heap Roots: 0.51ms
[277.935s][info][gc,phases      ] GC(79)   Evacuate Collection Set: 101.78ms
[277.935s][info][gc,phases      ] GC(79)   Post Evacuate Collection Set: 0.90ms
[277.935s][info][gc,phases      ] GC(79)   Other: 0.11ms
[277.935s][info][gc,heap        ] GC(79) Eden regions: 1074->0(1003)
[277.935s][info][gc,heap        ] GC(79) Survivor regions: 67->115(143)
[277.935s][info][gc,heap        ] GC(79) Old regions: 635->635
[277.935s][info][gc,heap        ] GC(79) Humongous regions: 77->77
[277.935s][info][gc,metaspace   ] GC(79) Metaspace: 28799K(29056K)->28799K(29056K) NonClass: 23916K(24000K)->23916K(24000K) Class: 4882K(5056K)->4882K(5056K)
[277.935s][info][gc             ] GC(79) Pause Young (Concurrent Start) (G1 Evacuation Pause) 3703M->1652M(4096M) 103.795ms
[277.935s][info][gc             ] GC(80) Concurrent Mark Cycle
[277.935s][info][gc,marking     ] GC(80) Concurrent Scan Root Regions
[277.935s][info][gc,cpu         ] GC(79) User=0.62s Sys=0.00s Real=0.11s
.[278.105s][info][gc,marking     ] GC(80) Concurrent Scan Root Regions 170.528ms
[278.105s][info][gc,marking     ] GC(80) Concurrent Mark
[278.105s][info][gc,marking     ] GC(80) Concurrent Mark From Roots
[278.105s][info][gc,task        ] GC(80) Using 2 workers of 2 for marking
[279.401s][info][gc,marking     ] GC(80) Concurrent Mark From Roots 1295.651ms
[279.401s][info][gc,marking     ] GC(80) Concurrent Preclean
[279.401s][info][gc,marking     ] GC(80) Concurrent Preclean 0.072ms
[279.403s][info][gc,start       ] GC(80) Pause Remark
[279.409s][info][gc             ] GC(80) Pause Remark 3010M->3010M(4096M) 6.281ms
[279.409s][info][gc,cpu         ] GC(80) User=0.03s Sys=0.00s Real=0.00s
[279.409s][info][gc,marking     ] GC(80) Concurrent Mark 1303.637ms
[279.409s][info][gc,marking     ] GC(80) Concurrent Rebuild Remembered Sets and Scrub Regions
.[279.802s][info][gc,marking     ] GC(80) Concurrent Rebuild Remembered Sets and Scrub Regions 393.262ms
[279.802s][info][gc,start       ] GC(80) Pause Cleanup
[279.803s][info][gc             ] GC(80) Pause Cleanup 3473M->3473M(4096M) 0.206ms
[279.803s][info][gc,cpu         ] GC(80) User=0.00s Sys=0.00s Real=0.00s
[279.803s][info][gc,marking     ] GC(80) Concurrent Clear Claimed Marks
[279.803s][info][gc,marking     ] GC(80) Concurrent Clear Claimed Marks 0.030ms
[279.803s][info][gc,marking     ] GC(80) Concurrent Cleanup for Next Mark
[279.808s][info][gc,marking     ] GC(80) Concurrent Cleanup for Next Mark 5.031ms
[279.808s][info][gc             ] GC(80) Concurrent Mark Cycle 1873.071ms
[279.928s][info][gc,start       ] GC(81) Pause Young (Prepare Mixed) (G1 Evacuation Pause)
[279.928s][info][gc,task        ] GC(81) Using 6 workers of 6 for evacuation
[280.057s][info][gc,phases      ] GC(81)   Pre Evacuate Collection Set: 0.33ms
[280.057s][info][gc,phases      ] GC(81)   Merge Heap Roots: 0.47ms
[280.057s][info][gc,phases      ] GC(81)   Evacuate Collection Set: 126.89ms
[280.057s][info][gc,phases      ] GC(81)   Post Evacuate Collection Set: 0.83ms
[280.057s][info][gc,phases      ] GC(81)   Other: 0.10ms
[280.057s][info][gc,heap        ] GC(81) Eden regions: 1003->0(997)
[280.057s][info][gc,heap        ] GC(81) Survivor regions: 115->72(140)
[280.057s][info][gc,heap        ] GC(81) Old regions: 635->716
[280.057s][info][gc,heap        ] GC(81) Humongous regions: 77->77
[280.057s][info][gc,metaspace   ] GC(81) Metaspace: 28800K(29056K)->28800K(29056K) NonClass: 23918K(24000K)->23918K(24000K) Class: 4882K(5056K)->4882K(5056K)
[280.057s][info][gc             ] GC(81) Pause Young (Prepare Mixed) (G1 Evacuation Pause) 3658M->1727M(4096M) 128.768ms
[280.057s][info][gc,cpu         ] GC(81) User=0.76s Sys=0.00s Real=0.13s
.[281.433s][info][gc,start       ] GC(82) Pause Young (Mixed) (G1 Evacuation Pause)
[281.433s][info][gc,task        ] GC(82) Using 6 workers of 6 for evacuation
[281.550s][info][gc,phases      ] GC(82)   Pre Evacuate Collection Set: 0.40ms
[281.550s][info][gc,phases      ] GC(82)   Merge Heap Roots: 0.57ms
[281.550s][info][gc,phases      ] GC(82)   Evacuate Collection Set: 114.37ms
[281.550s][info][gc,phases      ] GC(82)   Post Evacuate Collection Set: 1.01ms
[281.550s][info][gc,phases      ] GC(82)   Other: 0.11ms
[281.550s][info][gc,heap        ] GC(82) Eden regions: 997->0(1101)
[281.550s][info][gc,heap        ] GC(82) Survivor regions: 72->73(134)
[281.550s][info][gc,heap        ] GC(82) Old regions: 716->574
[281.550s][info][gc,heap        ] GC(82) Humongous regions: 77->77
[281.550s][info][gc,metaspace   ] GC(82) Metaspace: 28801K(29056K)->28801K(29056K) NonClass: 23919K(24000K)->23919K(24000K) Class: 4882K(5056K)->4882K(5056K)
[281.550s][info][gc             ] GC(82) Pause Young (Mixed) (G1 Evacuation Pause) 3721M->1445M(4096M) 116.601ms
[281.550s][info][gc,cpu         ] GC(82) User=0.69s Sys=0.00s Real=0.11s
.[282.864s][info][gc,start       ] GC(83) Pause Young (Mixed) (G1 Evacuation Pause)
[282.864s][info][gc,task        ] GC(83) Using 6 workers of 6 for evacuation
[282.988s][info][gc,phases      ] GC(83)   Pre Evacuate Collection Set: 0.35ms
[282.988s][info][gc,phases      ] GC(83)   Merge Heap Roots: 0.68ms
[282.988s][info][gc,phases      ] GC(83)   Evacuate Collection Set: 121.29ms
[282.988s][info][gc,phases      ] GC(83)   Post Evacuate Collection Set: 0.87ms
[282.988s][info][gc,phases      ] GC(83)   Other: 0.13ms
[282.988s][info][gc,heap        ] GC(83) Eden regions: 1101->0(1095)
[282.988s][info][gc,heap        ] GC(83) Survivor regions: 73->122(147)
[282.988s][info][gc,heap        ] GC(83) Old regions: 574->525
[282.988s][info][gc,heap        ] GC(83) Humongous regions: 77->77
[282.988s][info][gc,metaspace   ] GC(83) Metaspace: 28803K(29056K)->28803K(29056K) NonClass: 23921K(24000K)->23921K(24000K) Class: 4882K(5056K)->4882K(5056K)
[282.988s][info][gc             ] GC(83) Pause Young (Mixed) (G1 Evacuation Pause) 3647M->1444M(4096M) 123.454ms
[282.988s][info][gc,cpu         ] GC(83) User=0.73s Sys=0.00s Real=0.12s
.[284.416s][info][gc,start       ] GC(84) Pause Young (Concurrent Start) (G1 Evacuation Pause)
[284.416s][info][gc,task        ] GC(84) Using 6 workers of 6 for evacuation
[284.546s][info][gc,phases      ] GC(84)   Pre Evacuate Collection Set: 0.37ms
[284.546s][info][gc,phases      ] GC(84)   Merge Heap Roots: 0.47ms
[284.546s][info][gc,phases      ] GC(84)   Evacuate Collection Set: 127.62ms
[284.546s][info][gc,phases      ] GC(84)   Post Evacuate Collection Set: 0.78ms
[284.546s][info][gc,phases      ] GC(84)   Other: 0.12ms
[284.546s][info][gc,heap        ] GC(84) Eden regions: 1095->0(1082)
[284.546s][info][gc,heap        ] GC(84) Survivor regions: 122->79(153)
[284.546s][info][gc,heap        ] GC(84) Old regions: 525->600
[284.546s][info][gc,heap        ] GC(84) Humongous regions: 77->77
[284.546s][info][gc,metaspace   ] GC(84) Metaspace: 28803K(29056K)->28803K(29056K) NonClass: 23921K(24000K)->23921K(24000K) Class: 4882K(5056K)->4882K(5056K)
[284.546s][info][gc             ] GC(84) Pause Young (Concurrent Start) (G1 Evacuation Pause) 3634M->1509M(4096M) 129.502ms
[284.546s][info][gc             ] GC(85) Concurrent Mark Cycle
[284.546s][info][gc,marking     ] GC(85) Concurrent Scan Root Regions
[284.546s][info][gc,cpu         ] GC(84) User=0.76s Sys=0.00s Real=0.13s
[284.801s][info][gc,marking     ] GC(85) Concurrent Scan Root Regions 255.489ms
[284.802s][info][gc,marking     ] GC(85) Concurrent Mark
[284.802s][info][gc,marking     ] GC(85) Concurrent Mark From Roots
[284.802s][info][gc,task        ] GC(85) Using 2 workers of 2 for marking
..[286.522s][info][gc,start       ] GC(86) Pause Young (Normal) (G1 Evacuation Pause)
[286.522s][info][gc,task        ] GC(86) Using 6 workers of 6 for evacuation
[286.623s][info][gc,phases      ] GC(86)   Pre Evacuate Collection Set: 0.33ms
[286.623s][info][gc,phases      ] GC(86)   Merge Heap Roots: 0.48ms
[286.623s][info][gc,phases      ] GC(86)   Evacuate Collection Set: 99.24ms
[286.623s][info][gc,phases      ] GC(86)   Post Evacuate Collection Set: 0.82ms
[286.623s][info][gc,phases      ] GC(86)   Other: 0.09ms
[286.623s][info][gc,heap        ] GC(86) Eden regions: 1082->0(1061)
[286.623s][info][gc,heap        ] GC(86) Survivor regions: 79->70(146)
[286.623s][info][gc,heap        ] GC(86) Old regions: 600->647
[286.623s][info][gc,heap        ] GC(86) Humongous regions: 77->77
[286.623s][info][gc,metaspace   ] GC(86) Metaspace: 28803K(29056K)->28803K(29056K) NonClass: 23921K(24000K)->23921K(24000K) Class: 4882K(5056K)->4882K(5056K)
[286.623s][info][gc             ] GC(86) Pause Young (Normal) (G1 Evacuation Pause) 3673M->1586M(4096M) 101.086ms
[286.623s][info][gc,cpu         ] GC(86) User=0.60s Sys=0.00s Real=0.11s
[287.270s][info][gc,marking     ] GC(85) Concurrent Mark From Roots 2468.597ms
[287.270s][info][gc,marking     ] GC(85) Concurrent Preclean
[287.270s][info][gc,marking     ] GC(85) Concurrent Preclean 0.063ms
[287.270s][info][gc,start       ] GC(85) Pause Remark
[287.274s][info][gc             ] GC(85) Pause Remark 2431M->2431M(4096M) 3.774ms
[287.274s][info][gc,cpu         ] GC(85) User=0.02s Sys=0.00s Real=0.01s
[287.274s][info][gc,marking     ] GC(85) Concurrent Mark 2472.929ms
[287.274s][info][gc,marking     ] GC(85) Concurrent Rebuild Remembered Sets and Scrub Regions
.[287.799s][info][gc,marking     ] GC(85) Concurrent Rebuild Remembered Sets and Scrub Regions 524.679ms
[287.799s][info][gc,start       ] GC(85) Pause Cleanup
[287.800s][info][gc             ] GC(85) Pause Cleanup 3076M->3076M(4096M) 0.150ms
[287.800s][info][gc,cpu         ] GC(85) User=0.00s Sys=0.00s Real=0.00s
[287.800s][info][gc,marking     ] GC(85) Concurrent Clear Claimed Marks
[287.800s][info][gc,marking     ] GC(85) Concurrent Clear Claimed Marks 0.032ms
[287.800s][info][gc,marking     ] GC(85) Concurrent Cleanup for Next Mark
[287.834s][info][gc,marking     ] GC(85) Concurrent Cleanup for Next Mark 34.149ms
[287.834s][info][gc             ] GC(85) Concurrent Mark Cycle 3287.924ms
[288.227s][info][gc,start       ] GC(87) Pause Young (Prepare Mixed) (G1 Evacuation Pause)
[288.227s][info][gc,task        ] GC(87) Using 6 workers of 6 for evacuation
[288.327s][info][gc,phases      ] GC(87)   Pre Evacuate Collection Set: 0.35ms
[288.327s][info][gc,phases      ] GC(87)   Merge Heap Roots: 0.47ms
[288.327s][info][gc,phases      ] GC(87)   Evacuate Collection Set: 98.45ms
[288.327s][info][gc,phases      ] GC(87)   Post Evacuate Collection Set: 0.93ms
[288.327s][info][gc,phases      ] GC(87)   Other: 0.09ms
[288.327s][info][gc,heap        ] GC(87) Eden regions: 1061->0(993)
[288.327s][info][gc,heap        ] GC(87) Survivor regions: 70->114(142)
[288.327s][info][gc,heap        ] GC(87) Old regions: 647->647
[288.327s][info][gc,heap        ] GC(87) Humongous regions: 77->77
[288.327s][info][gc,metaspace   ] GC(87) Metaspace: 28803K(29056K)->28803K(29056K) NonClass: 23921K(24000K)->23921K(24000K) Class: 4882K(5056K)->4882K(5056K)
[288.327s][info][gc             ] GC(87) Pause Young (Prepare Mixed) (G1 Evacuation Pause) 3708M->1673M(4096M) 100.463ms
[288.328s][info][gc,cpu         ] GC(87) User=0.60s Sys=0.00s Real=0.10s
..[289.697s][info][gc,start       ] GC(88) Pause Young (Mixed) (G1 Evacuation Pause)
[289.698s][info][gc,task        ] GC(88) Using 6 workers of 6 for evacuation
[289.840s][info][gc,phases      ] GC(88)   Pre Evacuate Collection Set: 0.40ms
[289.840s][info][gc,phases      ] GC(88)   Merge Heap Roots: 0.78ms
[289.840s][info][gc,phases      ] GC(88)   Evacuate Collection Set: 140.60ms
[289.840s][info][gc,phases      ] GC(88)   Post Evacuate Collection Set: 0.95ms
[289.840s][info][gc,phases      ] GC(88)   Other: 0.08ms
[289.840s][info][gc,heap        ] GC(88) Eden regions: 993->0(1121)
[289.840s][info][gc,heap        ] GC(88) Survivor regions: 114->66(139)
[289.840s][info][gc,heap        ] GC(88) Old regions: 647->567
[289.840s][info][gc,heap        ] GC(88) Humongous regions: 77->77
[289.840s][info][gc,metaspace   ] GC(88) Metaspace: 28803K(29056K)->28803K(29056K) NonClass: 23921K(24000K)->23921K(24000K) Class: 4882K(5056K)->4882K(5056K)
[289.840s][info][gc             ] GC(88) Pause Young (Mixed) (G1 Evacuation Pause) 3659M->1416M(4096M) 142.945ms
[289.840s][info][gc,cpu         ] GC(88) User=0.85s Sys=0.00s Real=0.14s
.[291.342s][info][gc,start       ] GC(89) Pause Young (Concurrent Start) (G1 Evacuation Pause)
[291.342s][info][gc,task        ] GC(89) Using 6 workers of 6 for evacuation
[291.447s][info][gc,phases      ] GC(89)   Pre Evacuate Collection Set: 0.37ms
[291.448s][info][gc,phases      ] GC(89)   Merge Heap Roots: 0.41ms
[291.448s][info][gc,phases      ] GC(89)   Evacuate Collection Set: 103.84ms
[291.448s][info][gc,phases      ] GC(89)   Post Evacuate Collection Set: 0.87ms
[291.448s][info][gc,phases      ] GC(89)   Other: 0.11ms
[291.448s][info][gc,heap        ] GC(89) Eden regions: 1121->0(1061)
[291.448s][info][gc,heap        ] GC(89) Survivor regions: 66->120(149)
[291.448s][info][gc,heap        ] GC(89) Old regions: 567->567
[291.448s][info][gc,heap        ] GC(89) Humongous regions: 77->77
[291.448s][info][gc,metaspace   ] GC(89) Metaspace: 28803K(29056K)->28803K(29056K) NonClass: 23921K(24000K)->23921K(24000K) Class: 4882K(5056K)->4882K(5056K)
[291.448s][info][gc             ] GC(89) Pause Young (Concurrent Start) (G1 Evacuation Pause) 3658M->1524M(4096M) 105.735ms
[291.448s][info][gc             ] GC(90) Concurrent Mark Cycle
[291.448s][info][gc,marking     ] GC(90) Concurrent Scan Root Regions
[291.448s][info][gc,cpu         ] GC(89) User=0.62s Sys=0.00s Real=0.11s
[291.622s][info][gc,marking     ] GC(90) Concurrent Scan Root Regions 174.840ms
[291.622s][info][gc,marking     ] GC(90) Concurrent Mark
[291.623s][info][gc,marking     ] GC(90) Concurrent Mark From Roots
[291.623s][info][gc,task        ] GC(90) Using 2 workers of 2 for marking
.[292.829s][info][gc,marking     ] GC(90) Concurrent Mark From Roots 1206.828ms
[292.829s][info][gc,marking     ] GC(90) Concurrent Preclean
[292.829s][info][gc,marking     ] GC(90) Concurrent Preclean 0.073ms
[292.830s][info][gc,start       ] GC(90) Pause Remark
[292.835s][info][gc             ] GC(90) Pause Remark 2932M->2932M(4096M) 5.446ms
[292.835s][info][gc,cpu         ] GC(90) User=0.03s Sys=0.00s Real=0.01s
[292.836s][info][gc,marking     ] GC(90) Concurrent Mark 1213.392ms
[292.836s][info][gc,marking     ] GC(90) Concurrent Rebuild Remembered Sets and Scrub Regions
.[293.401s][info][gc,marking     ] GC(90) Concurrent Rebuild Remembered Sets and Scrub Regions 565.168ms
[293.402s][info][gc,start       ] GC(90) Pause Cleanup
[293.402s][info][gc             ] GC(90) Pause Cleanup 3521M->3521M(4096M) 0.168ms
[293.402s][info][gc,cpu         ] GC(90) User=0.00s Sys=0.00s Real=0.00s
[293.402s][info][gc,marking     ] GC(90) Concurrent Clear Claimed Marks
[293.402s][info][gc,marking     ] GC(90) Concurrent Clear Claimed Marks 0.029ms
[293.402s][info][gc,marking     ] GC(90) Concurrent Cleanup for Next Mark
[293.472s][info][gc,marking     ] GC(90) Concurrent Cleanup for Next Mark 70.115ms
[293.472s][info][gc             ] GC(90) Concurrent Mark Cycle 2024.589ms
[293.472s][info][gc,start       ] GC(91) Pause Young (Prepare Mixed) (G1 Evacuation Pause)
[293.472s][info][gc,task        ] GC(91) Using 6 workers of 6 for evacuation
[293.588s][info][gc,phases      ] GC(91)   Pre Evacuate Collection Set: 0.33ms
[293.588s][info][gc,phases      ] GC(91)   Merge Heap Roots: 0.50ms
[293.588s][info][gc,phases      ] GC(91)   Evacuate Collection Set: 113.97ms
[293.588s][info][gc,phases      ] GC(91)   Post Evacuate Collection Set: 0.91ms
[293.588s][info][gc,phases      ] GC(91)   Other: 0.10ms
[293.588s][info][gc,heap        ] GC(91) Eden regions: 1061->0(1077)
[293.588s][info][gc,heap        ] GC(91) Survivor regions: 120->66(148)
[293.588s][info][gc,heap        ] GC(91) Old regions: 567->639
[293.588s][info][gc,heap        ] GC(91) Humongous regions: 77->77
[293.588s][info][gc,metaspace   ] GC(91) Metaspace: 28803K(29056K)->28803K(29056K) NonClass: 23921K(24000K)->23921K(24000K) Class: 4882K(5056K)->4882K(5056K)
[293.588s][info][gc             ] GC(91) Pause Young (Prepare Mixed) (G1 Evacuation Pause) 3646M->1561M(4096M) 115.926ms
[293.588s][info][gc,cpu         ] GC(91) User=0.68s Sys=0.00s Real=0.11s
.[295.050s][info][gc,start       ] GC(92) Pause Young (Mixed) (G1 Evacuation Pause)
[295.050s][info][gc,task        ] GC(92) Using 6 workers of 6 for evacuation
[295.217s][info][gc,phases      ] GC(92)   Pre Evacuate Collection Set: 0.39ms
[295.217s][info][gc,phases      ] GC(92)   Merge Heap Roots: 0.66ms
[295.217s][info][gc,phases      ] GC(92)   Evacuate Collection Set: 164.95ms
[295.217s][info][gc,phases      ] GC(92)   Post Evacuate Collection Set: 0.98ms
[295.217s][info][gc,phases      ] GC(92)   Other: 0.09ms
[295.217s][info][gc,heap        ] GC(92) Eden regions: 1077->0(1110)
[295.217s][info][gc,heap        ] GC(92) Survivor regions: 66->118(143)
[295.217s][info][gc,heap        ] GC(92) Old regions: 639->482
[295.217s][info][gc,heap        ] GC(92) Humongous regions: 77->77
[295.217s][info][gc,metaspace   ] GC(92) Metaspace: 28805K(29056K)->28805K(29056K) NonClass: 23922K(24000K)->23922K(24000K) Class: 4882K(5056K)->4882K(5056K)
[295.217s][info][gc             ] GC(92) Pause Young (Mixed) (G1 Evacuation Pause) 3715M->1350M(4096M) 167.196ms
[295.217s][info][gc,cpu         ] GC(92) User=0.76s Sys=0.00s Real=0.17s
. (rIR:aIR:PR = 13837:12831:10873) (tPR = 164087) [IR is under limit] [PR is under limit] 
   295s: Re-initializing (term[296.765s][info][gc,start       ] GC(93) Pause Young (Concurrent Start) (G1 Evacuation Pause)
[296.765s][info][gc,task        ] GC(93) Using 6 workers of 6 for evacuation
[296.902s][info][gc,phases      ] GC(93)   Pre Evacuate Collection Set: 0.37ms
[296.902s][info][gc,phases      ] GC(93)   Merge Heap Roots: 0.42ms
[296.902s][info][gc,phases      ] GC(93)   Evacuate Collection Set: 136.01ms
[296.902s][info][gc,phases      ] GC(93)   Post Evacuate Collection Set: 0.88ms
[296.902s][info][gc,phases      ] GC(93)   Other: 0.11ms
[296.902s][info][gc,heap        ] GC(93) Eden regions: 1110->0(1094)
[296.902s][info][gc,heap        ] GC(93) Survivor regions: 118->130(154)
[296.902s][info][gc,heap        ] GC(93) Old regions: 482->514
[296.902s][info][gc,heap        ] GC(93) Humongous regions: 77->77
[296.902s][info][gc,metaspace   ] GC(93) Metaspace: 28805K(29056K)->28805K(29056K) NonClass: 23922K(24000K)->23922K(24000K) Class: 4882K(5056K)->4882K(5056K)
[296.903s][info][gc             ] GC(93) Pause Young (Concurrent Start) (G1 Evacuation Pause) 3570M->1439M(4096M) 137.915ms
[296.903s][info][gc             ] GC(94) Concurrent Mark Cycle
[296.903s][info][gc,marking     ] GC(94) Concurrent Scan Root Regions
[296.903s][info][gc,cpu         ] GC(93) User=0.82s Sys=0.00s Real=0.14s
[297.120s][info][gc,marking     ] GC(94) Concurrent Scan Root Regions 217.930ms
[297.121s][info][gc,marking     ] GC(94) Concurrent Mark
[297.121s][info][gc,marking     ] GC(94) Concurrent Mark From Roots
[297.121s][info][gc,task        ] GC(94) Using 2 workers of 2 for marking
[299.010s][info][gc,start       ] GC(95) Pause Young (Normal) (G1 Evacuation Pause)
[299.010s][info][gc,task        ] GC(95) Using 6 workers of 6 for evacuation
[299.133s][info][gc,phases      ] GC(95)   Pre Evacuate Collection Set: 0.37ms
[299.133s][info][gc,phases      ] GC(95)   Merge Heap Roots: 0.44ms
[299.133s][info][gc,phases      ] GC(95)   Evacuate Collection Set: 120.93ms
[299.133s][info][gc,phases      ] GC(95)   Post Evacuate Collection Set: 0.84ms
[299.133s][info][gc,phases      ] GC(95)   Other: 0.08ms
[299.133s][info][gc,heap        ] GC(95) Eden regions: 1094->0(1105)
[299.133s][info][gc,heap        ] GC(95) Survivor regions: 130->75(153)
[299.133s][info][gc,heap        ] GC(95) Old regions: 514->588
[299.133s][info][gc,heap        ] GC(95) Humongous regions: 77->77
[299.133s][info][gc,metaspace   ] GC(95) Metaspace: 28805K(29056K)->28805K(29056K) NonClass: 23923K(24000K)->23923K(24000K) Class: 4882K(5056K)->4882K(5056K)
[299.133s][info][gc             ] GC(95) Pause Young (Normal) (G1 Evacuation Pause) 3627M->1478M(4096M) 122.816ms
[299.133s][info][gc,cpu         ] GC(95) User=0.72s Sys=0.00s Real=0.13s
[299.382s][info][gc,marking     ] GC(94) Concurrent Mark From Roots 2261.301ms
[299.382s][info][gc,marking     ] GC(94) Concurrent Preclean
[299.382s][info][gc,marking     ] GC(94) Concurrent Preclean 0.067ms
[299.386s][info][gc,start       ] GC(94) Pause Remark
[299.392s][info][gc             ] GC(94) Pause Remark 1704M->1704M(4096M) 5.585ms
[299.392s][info][gc,cpu         ] GC(94) User=0.03s Sys=0.00s Real=0.00s
[299.392s][info][gc,marking     ] GC(94) Concurrent Mark 2271.160ms
[299.392s][info][gc,marking     ] GC(94) Concurrent Rebuild Remembered Sets and Scrub Regions
[300.270s][info][gc,marking     ] GC(94) Concurrent Rebuild Remembered Sets and Scrub Regions 878.620ms
[300.274s][info][gc,start       ] GC(94) Pause Cleanup
[300.274s][info][gc             ] GC(94) Pause Cleanup 2798M->2798M(4096M) 0.162ms
[300.274s][info][gc,cpu         ] GC(94) User=0.00s Sys=0.00s Real=0.00s
[300.274s][info][gc,marking     ] GC(94) Concurrent Clear Claimed Marks
[300.274s][info][gc,marking     ] GC(94) Concurrent Clear Claimed Marks 0.035ms
[300.274s][info][gc,marking     ] GC(94) Concurrent Cleanup for Next Mark
[300.279s][info][gc,marking     ] GC(94) Concurrent Cleanup for Next Mark 4.704ms
[300.279s][info][gc             ] GC(94) Concurrent Mark Cycle 3376.522ms
[300.781s][info][gc,start       ] GC(96) Pause Young (Prepare Mixed) (G1 Evacuation Pause)
[300.781s][info][gc,task        ] GC(96) Using 6 workers of 6 for evacuation
[300.893s][info][gc,phases      ] GC(96)   Pre Evacuate Collection Set: 0.37ms
[300.893s][info][gc,phases      ] GC(96)   Merge Heap Roots: 0.46ms
[300.893s][info][gc,phases      ] GC(96)   Evacuate Collection Set: 110.05ms
[300.893s][info][gc,phases      ] GC(96)   Post Evacuate Collection Set: 0.92ms
[300.893s][info][gc,phases      ] GC(96)   Other: 0.10ms
[300.893s][info][gc,heap        ] GC(96) Eden regions: 1105->0(1018)
[300.893s][info][gc,heap        ] GC(96) Survivor regions: 75->131(148)
[300.893s][info][gc,heap        ] GC(96) Old regions: 588->588
[300.893s][info][gc,heap        ] GC(96) Humongous regions: 77->77
[300.893s][info][gc,metaspace   ] GC(96) Metaspace: 28805K(29056K)->28805K(29056K) NonClass: 23923K(24000K)->23923K(24000K) Class: 4882K(5056K)->4882K(5056K)
[300.893s][info][gc             ] GC(96) Pause Young (Prepare Mixed) (G1 Evacuation Pause) 3688M->1589M(4096M) 112.023ms
[300.893s][info][gc,cpu         ] GC(96) User=0.67s Sys=0.00s Real=0.12s
[302.231s][info][gc,start       ] GC(97) Pause Young (Mixed) (G1 Evacuation Pause)
[302.231s][info][gc,task        ] GC(97) Using 6 workers of 6 for evacuation
[302.375s][info][gc,phases      ] GC(97)   Pre Evacuate Collection Set: 0.36ms
[302.375s][info][gc,phases      ] GC(97)   Merge Heap Roots: 0.55ms
[302.375s][info][gc,phases      ] GC(97)   Evacuate Collection Set: 140.58ms
[302.375s][info][gc,phases      ] GC(97)   Merge Optional Heap Roots: 0.04ms
[302.375s][info][gc,phases      ] GC(97)   Evacuate Optional Collection Set: 0.91ms
[302.375s][info][gc,phases      ] GC(97)   Post Evacuate Collection Set: 1.02ms
[302.375s][info][gc,phases      ] GC(97)   Other: 0.85ms
[302.375s][info][gc,heap        ] GC(97) Eden regions: 1018->0(1084)
[302.375s][info][gc,heap        ] GC(97) Survivor regions: 131->74(144)
[302.375s][info][gc,heap        ] GC(97) Old regions: 588->615
[302.375s][info][gc,heap        ] GC(97) Humongous regions: 77->77
[302.375s][info][gc,metaspace   ] GC(97) Metaspace: 28805K(29056K)->28805K(29056K) NonClass: 23923K(24000K)->23923K(24000K) Class: 4882K(5056K)->4882K(5056K)
[302.375s][info][gc             ] GC(97) Pause Young (Mixed) (G1 Evacuation Pause) 3625M->1529M(4096M) 144.462ms
[302.375s][info][gc,cpu         ] GC(97) User=0.85s Sys=0.00s Real=0.15s
[303.963s][info][gc,start       ] GC(98) Pause Young (Mixed) (G1 Evacuation Pause)
[303.963s][info][gc,task        ] GC(98) Using 6 workers of 6 for evacuation
[304.115s][info][gc,phases      ] GC(98)   Pre Evacuate Collection Set: 0.34ms
[304.115s][info][gc,phases      ] GC(98)   Merge Heap Roots: 0.98ms
[304.115s][info][gc,phases      ] GC(98)   Evacuate Collection Set: 149.21ms
[304.115s][info][gc,phases      ] GC(98)   Post Evacuate Collection Set: 0.96ms
[304.115s][info][gc,phases      ] GC(98)   Other: 0.09ms
[304.115s][info][gc,heap        ] GC(98) Eden regions: 1084->0(1019)
[304.115s][info][gc,heap        ] GC(98) Survivor regions: 74->136(145)
[304.115s][info][gc,heap        ] GC(98) Old regions: 615->577
[304.115s][info][gc,heap        ] GC(98) Humongous regions: 77->77
[304.115s][info][gc,metaspace   ] GC(98) Metaspace: 28805K(29056K)->28805K(29056K) NonClass: 23923K(24000K)->23923K(24000K) Class: 4882K(5056K)->4882K(5056K)
[304.115s][info][gc             ] GC(98) Pause Young (Mixed) (G1 Evacuation Pause) 3697M->1577M(4096M) 151.721ms
[304.115s][info][gc,cpu         ] GC(98) User=0.90s Sys=0.00s Real=0.15s
) [305.026s][info][gc,start       ] GC(99) Pause Full (System.gc())
[305.026s][info][gc,task        ] GC(99) Using 6 workers of 6 for full compaction
[305.026s][info][gc,phases,start] GC(99) Phase 1: Mark live objects
[305.041s][info][gc,phases      ] GC(99) Phase 1: Mark live objects 14.853ms
[305.041s][info][gc,phases,start] GC(99) Phase 2: Prepare compaction
[305.044s][info][gc,phases      ] GC(99) Phase 2: Prepare compaction 3.123ms
[305.044s][info][gc,phases,start] GC(99) Phase 3: Adjust pointers
[305.052s][info][gc,phases      ] GC(99) Phase 3: Adjust pointers 7.638ms
[305.052s][info][gc,phases,start] GC(99) Phase 4: Compact heap
[305.055s][info][gc,phases      ] GC(99) Phase 4: Compact heap 3.331ms
[305.055s][info][gc,phases,start] GC(99) Phase 5: Reset Metadata
[305.060s][info][gc,phases      ] GC(99) Phase 5: Reset Metadata 4.369ms
[305.066s][info][gc,heap        ] GC(99) Eden regions: 712->0(1228)
[305.066s][info][gc,heap        ] GC(99) Survivor regions: 136->0(145)
[305.066s][info][gc,heap        ] GC(99) Old regions: 577->34
[305.066s][info][gc,heap        ] GC(99) Humongous regions: 77->66
[305.066s][info][gc,metaspace   ] GC(99) Metaspace: 28806K(29056K)->28806K(29056K) NonClass: 23924K(24000K)->23924K(24000K) Class: 4882K(5056K)->4882K(5056K)
[305.066s][info][gc             ] GC(99) Pause Full (System.gc()) 2999M->194M(4096M) 40.036ms
[305.066s][info][gc,cpu         ] GC(99) User=0.21s Sys=0.00s Real=0.04s
(init[305.306s][info][gc,start       ] GC(100) Pause Young (Concurrent Start) (G1 Humongous Allocation)
[305.306s][info][gc,task        ] GC(100) Using 6 workers of 6 for evacuation
[305.321s][info][gc,phases      ] GC(100)   Pre Evacuate Collection Set: 0.38ms
[305.321s][info][gc,phases      ] GC(100)   Merge Heap Roots: 0.03ms
[305.321s][info][gc,phases      ] GC(100)   Evacuate Collection Set: 14.03ms
[305.321s][info][gc,phases      ] GC(100)   Post Evacuate Collection Set: 0.26ms
[305.321s][info][gc,phases      ] GC(100)   Other: 0.09ms
[305.321s][info][gc,heap        ] GC(100) Eden regions: 50->0(1213)
[305.321s][info][gc,heap        ] GC(100) Survivor regions: 0->15(154)
[305.321s][info][gc,heap        ] GC(100) Old regions: 34->34
[305.321s][info][gc,heap        ] GC(100) Humongous regions: 66->66
[305.321s][info][gc,metaspace   ] GC(100) Metaspace: 28812K(29120K)->28812K(29120K) NonClass: 23930K(24064K)->23930K(24064K) Class: 4882K(5056K)->4882K(5056K)
[305.321s][info][gc             ] GC(100) Pause Young (Concurrent Start) (G1 Humongous Allocation) 293M->223M(4096M) 14.952ms
[305.321s][info][gc,cpu         ] GC(100) User=0.09s Sys=0.00s Real=0.01s
[305.321s][info][gc             ] GC(101) Concurrent Mark Cycle
[305.321s][info][gc,marking     ] GC(101) Concurrent Scan Root Regions
[305.329s][info][gc,marking     ] GC(101) Concurrent Scan Root Regions 8.293ms
[305.329s][info][gc,marking     ] GC(101) Concurrent Mark
[305.329s][info][gc,marking     ] GC(101) Concurrent Mark From Roots
[305.329s][info][gc,task        ] GC(101) Using 2 workers of 2 for marking
[305.368s][info][gc,marking     ] GC(101) Concurrent Mark From Roots 38.408ms
[305.368s][info][gc,marking     ] GC(101) Concurrent Preclean
[305.368s][info][gc,marking     ] GC(101) Concurrent Preclean 0.055ms
[305.368s][info][gc,start       ] GC(101) Pause Remark
[305.370s][info][gc             ] GC(101) Pause Remark 310M->310M(4096M) 1.733ms
[305.370s][info][gc,cpu         ] GC(101) User=0.01s Sys=0.00s Real=0.00s
[305.370s][info][gc,marking     ] GC(101) Concurrent Mark 40.371ms
[305.370s][info][gc,marking     ] GC(101) Concurrent Rebuild Remembered Sets and Scrub Regions
[305.392s][info][gc,marking     ] GC(101) Concurrent Rebuild Remembered Sets and Scrub Regions 21.792ms
[305.392s][info][gc,start       ] GC(101) Pause Cleanup
[305.392s][info][gc             ] GC(101) Pause Cleanup 335M->335M(4096M) 0.069ms
[305.392s][info][gc,cpu         ] GC(101) User=0.00s Sys=0.00s Real=0.00s
[305.392s][info][gc,marking     ] GC(101) Concurrent Clear Claimed Marks
[305.392s][info][gc,marking     ] GC(101) Concurrent Clear Claimed Marks 0.026ms
[305.392s][info][gc,marking     ] GC(101) Concurrent Cleanup for Next Mark
[305.396s][info][gc,marking     ] GC(101) Concurrent Cleanup for Next Mark 4.056ms
[305.396s][info][gc             ] GC(101) Concurrent Mark Cycle 74.888ms
) ... OK
   309s: Searching from base IR = 11548
   309s:       rampup IR =      0 ... (rIR:aIR:PR = 0:0:0) (tPR = 0) [OK] 
   312s:       rampup IR =   1155 ...[316.131s][info][gc,start       ] GC(102) Pause Young (Prepare Mixed) (G1 Evacuation Pause)
[316.131s][info][gc,task        ] GC(102) Using 6 workers of 6 for evacuation
[316.605s][info][gc,mmu         ] GC(102) MMU target violated: 201.0ms (200.0ms/201.0ms)
[316.605s][info][gc,phases      ] GC(102)   Pre Evacuate Collection Set: 0.33ms
[316.605s][info][gc,phases      ] GC(102)   Merge Heap Roots: 0.56ms
[316.605s][info][gc,phases      ] GC(102)   Evacuate Collection Set: 472.00ms
[316.605s][info][gc,phases      ] GC(102)   Post Evacuate Collection Set: 1.31ms
[316.605s][info][gc,phases      ] GC(102)   Other: 0.14ms
[316.606s][info][gc,heap        ] GC(102) Eden regions: 1213->0(426)
[316.606s][info][gc,heap        ] GC(102) Survivor regions: 15->154(154)
[316.606s][info][gc,heap        ] GC(102) Old regions: 34->342
[316.606s][info][gc,heap        ] GC(102) Humongous regions: 163->155
[316.606s][info][gc,metaspace   ] GC(102) Metaspace: 28819K(29184K)->28819K(29184K) NonClass: 23936K(24128K)->23936K(24128K) Class: 4883K(5056K)->4883K(5056K)
[316.606s][info][gc             ] GC(102) Pause Young (Prepare Mixed) (G1 Evacuation Pause) 2843M->1295M(4096M) 474.439ms
[316.606s][info][gc,cpu         ] GC(102) User=2.81s Sys=0.00s Real=0.48s
. (rIR:aIR:PR = 1155:1167:1143) (tPR = 23932) [OK] 
   316s:       rampup IR =   2310 .[318.759s][info][gc,start       ] GC(103) Pause Young (Mixed) (G1 Evacuation Pause)
[318.759s][info][gc,task        ] GC(103) Using 6 workers of 6 for evacuation
[318.950s][info][gc,phases      ] GC(103)   Pre Evacuate Collection Set: 0.36ms
[318.950s][info][gc,phases      ] GC(103)   Merge Heap Roots: 0.55ms
[318.950s][info][gc,phases      ] GC(103)   Evacuate Collection Set: 189.62ms
[318.950s][info][gc,phases      ] GC(103)   Post Evacuate Collection Set: 0.64ms
[318.950s][info][gc,phases      ] GC(103)   Other: 0.07ms
[318.950s][info][gc,heap        ] GC(103) Eden regions: 409->0(686)
[318.950s][info][gc,heap        ] GC(103) Survivor regions: 154->27(71)
[318.950s][info][gc,heap        ] GC(103) Old regions: 342->492
[318.950s][info][gc,heap        ] GC(103) Humongous regions: 155->155
[318.950s][info][gc,metaspace   ] GC(103) Metaspace: 28821K(29184K)->28821K(29184K) NonClass: 23937K(24128K)->23937K(24128K) Class: 4883K(5056K)->4883K(5056K)
[318.950s][info][gc             ] GC(103) Pause Young (Mixed) (G1 Evacuation Pause) 2113M->1344M(4096M) 191.378ms
[318.950s][info][gc,cpu         ] GC(103) User=1.13s Sys=0.01s Real=0.19s
....[322.466s][info][gc,start       ] GC(104) Pause Young (Concurrent Start) (G1 Evacuation Pause)
[322.466s][info][gc,task        ] GC(104) Using 6 workers of 6 for evacuation
[322.526s][info][gc,phases      ] GC(104)   Pre Evacuate Collection Set: 0.40ms
[322.526s][info][gc,phases      ] GC(104)   Merge Heap Roots: 0.48ms
[322.526s][info][gc,phases      ] GC(104)   Evacuate Collection Set: 58.20ms
[322.526s][info][gc,phases      ] GC(104)   Post Evacuate Collection Set: 0.71ms
[322.526s][info][gc,phases      ] GC(104)   Other: 0.11ms
[322.526s][info][gc,heap        ] GC(104) Eden regions: 712->0(718)
[322.526s][info][gc,heap        ] GC(104) Survivor regions: 27->59(93)
[322.526s][info][gc,heap        ] GC(104) Old regions: 492->492
[322.526s][info][gc,heap        ] GC(104) Humongous regions: 155->155
[322.526s][info][gc,metaspace   ] GC(104) Metaspace: 28821K(29184K)->28821K(29184K) NonClass: 23937K(24128K)->23937K(24128K) Class: 4883K(5056K)->4883K(5056K)
[322.526s][info][gc             ] GC(104) Pause Young (Concurrent Start) (G1 Evacuation Pause) 2768M->1407M(4096M) 60.034ms
[322.526s][info][gc             ] GC(105) Concurrent Mark Cycle
[322.526s][info][gc,marking     ] GC(105) Concurrent Scan Root Regions
[322.526s][info][gc,cpu         ] GC(104) User=0.35s Sys=0.01s Real=0.06s
[322.588s][info][gc,marking     ] GC(105) Concurrent Scan Root Regions 62.002ms
[322.588s][info][gc,marking     ] GC(105) Concurrent Mark
[322.588s][info][gc,marking     ] GC(105) Concurrent Mark From Roots
[322.588s][info][gc,task        ] GC(105) Using 2 workers of 2 for marking
. (rIR:aIR:PR = 2310:2303:2253) (tPR = 40546) [OK] 
   322s:       rampup IR =   3464 [323.180s][info][gc,marking     ] GC(105) Concurrent Mark From Roots 591.971ms
[323.180s][info][gc,marking     ] GC(105) Concurrent Preclean
[323.180s][info][gc,marking     ] GC(105) Concurrent Preclean 0.057ms
[323.180s][info][gc,start       ] GC(105) Pause Remark
[323.186s][info][gc             ] GC(105) Pause Remark 1735M->1533M(4096M) 5.301ms
[323.186s][info][gc,cpu         ] GC(105) User=0.02s Sys=0.00s Real=0.01s
[323.186s][info][gc,marking     ] GC(105) Concurrent Mark 597.593ms
[323.186s][info][gc,marking     ] GC(105) Concurrent Rebuild Remembered Sets and Scrub Regions
[323.405s][info][gc,marking     ] GC(105) Concurrent Rebuild Remembered Sets and Scrub Regions 219.441ms
[323.405s][info][gc,start       ] GC(105) Pause Cleanup
[323.406s][info][gc             ] GC(105) Pause Cleanup 1664M->1664M(4096M) 0.102ms
[323.406s][info][gc,cpu         ] GC(105) User=0.00s Sys=0.00s Real=0.00s
[323.406s][info][gc,marking     ] GC(105) Concurrent Clear Claimed Marks
[323.406s][info][gc,marking     ] GC(105) Concurrent Clear Claimed Marks 0.033ms
[323.406s][info][gc,marking     ] GC(105) Concurrent Cleanup for Next Mark
[323.409s][info][gc,marking     ] GC(105) Concurrent Cleanup for Next Mark 3.690ms
[323.409s][info][gc             ] GC(105) Concurrent Mark Cycle 883.265ms
..[325.040s][info][gc,start       ] GC(106) Pause Young (Prepare Mixed) (G1 Evacuation Pause)
[325.040s][info][gc,task        ] GC(106) Using 6 workers of 6 for evacuation
[325.119s][info][gc,phases      ] GC(106)   Pre Evacuate Collection Set: 0.36ms
[325.119s][info][gc,phases      ] GC(106)   Merge Heap Roots: 0.55ms
[325.119s][info][gc,phases      ] GC(106)   Evacuate Collection Set: 77.55ms
[325.119s][info][gc,phases      ] GC(106)   Post Evacuate Collection Set: 0.77ms
[325.119s][info][gc,phases      ] GC(106)   Other: 0.07ms
[325.119s][info][gc,heap        ] GC(106) Eden regions: 709->0(824)
[325.119s][info][gc,heap        ] GC(106) Survivor regions: 59->71(96)
[325.119s][info][gc,heap        ] GC(106) Old regions: 471->489
[325.119s][info][gc,heap        ] GC(106) Humongous regions: 75->75
[325.119s][info][gc,metaspace   ] GC(106) Metaspace: 28821K(29184K)->28821K(29184K) NonClass: 23937K(24128K)->23937K(24128K) Class: 4883K(5056K)->4883K(5056K)
[325.119s][info][gc             ] GC(106) Pause Young (Prepare Mixed) (G1 Evacuation Pause) 2623M->1265M(4096M) 79.442ms
[325.119s][info][gc,cpu         ] GC(106) User=0.47s Sys=0.00s Real=0.08s
.. (rIR:aIR:PR = 3464:3466:3393) (tPR = 59367) [OK] 
   326s:       rampup IR =   4619 [327.926s][info][gc,start       ] GC(107) Pause Young (Mixed) (G1 Evacuation Pause)
[327.926s][info][gc,task        ] GC(107) Using 6 workers of 6 for evacuation
[328.019s][info][gc,phases      ] GC(107)   Pre Evacuate Collection Set: 0.34ms
[328.019s][info][gc,phases      ] GC(107)   Merge Heap Roots: 0.42ms
[328.019s][info][gc,phases      ] GC(107)   Evacuate Collection Set: 92.10ms
[328.019s][info][gc,phases      ] GC(107)   Post Evacuate Collection Set: 0.86ms
[328.019s][info][gc,phases      ] GC(107)   Other: 0.08ms
[328.019s][info][gc,heap        ] GC(107) Eden regions: 920->0(999)
[328.019s][info][gc,heap        ] GC(107) Survivor regions: 71->80(124)
[328.019s][info][gc,heap        ] GC(107) Old regions: 489->512
[328.019s][info][gc,heap        ] GC(107) Humongous regions: 75->75
[328.019s][info][gc,metaspace   ] GC(107) Metaspace: 28821K(29184K)->28821K(29184K) NonClass: 23937K(24128K)->23937K(24128K) Class: 4883K(5056K)->4883K(5056K)
[328.020s][info][gc             ] GC(107) Pause Young (Mixed) (G1 Evacuation Pause) 3105M->1329M(4096M) 93.970ms
[328.020s][info][gc,cpu         ] GC(107) User=0.56s Sys=0.00s Real=0.09s
...[330.630s][info][gc,start       ] GC(108) Pause Young (Mixed) (G1 Evacuation Pause)
[330.630s][info][gc,task        ] GC(108) Using 6 workers of 6 for evacuation
[330.734s][info][gc,phases      ] GC(108)   Pre Evacuate Collection Set: 0.39ms
[330.734s][info][gc,phases      ] GC(108)   Merge Heap Roots: 0.38ms
[330.734s][info][gc,phases      ] GC(108)   Evacuate Collection Set: 101.62ms
[330.734s][info][gc,phases      ] GC(108)   Merge Optional Heap Roots: 0.02ms
[330.734s][info][gc,phases      ] GC(108)   Evacuate Optional Collection Set: 0.42ms
[330.734s][info][gc,phases      ] GC(108)   Post Evacuate Collection Set: 0.99ms
[330.734s][info][gc,phases      ] GC(108)   Other: 0.09ms
[330.734s][info][gc,heap        ] GC(108) Eden regions: 1052->0(1064)
[330.734s][info][gc,heap        ] GC(108) Survivor regions: 80->93(142)
[330.734s][info][gc,heap        ] GC(108) Old regions: 512->524
[330.734s][info][gc,heap        ] GC(108) Humongous regions: 77->77
[330.734s][info][gc,metaspace   ] GC(108) Metaspace: 28821K(29184K)->28821K(29184K) NonClass: 23937K(24128K)->23937K(24128K) Class: 4883K(5056K)->4883K(5056K)
[330.734s][info][gc             ] GC(108) Pause Young (Mixed) (G1 Evacuation Pause) 3437M->1384M(4096M) 104.063ms
[330.734s][info][gc,cpu         ] GC(108) User=0.61s Sys=0.01s Real=0.11s
.. (rIR:aIR:PR = 4619:4739:4739) (tPR = 79599) [OK] 
   331s:       rampup IR =   5774 .[333.300s][info][gc,start       ] GC(109) Pause Young (Mixed) (G1 Evacuation Pause)
[333.300s][info][gc,task        ] GC(109) Using 6 workers of 6 for evacuation
[333.425s][info][gc,phases      ] GC(109)   Pre Evacuate Collection Set: 0.35ms
[333.425s][info][gc,phases      ] GC(109)   Merge Heap Roots: 0.45ms
[333.425s][info][gc,phases      ] GC(109)   Evacuate Collection Set: 122.45ms
[333.425s][info][gc,phases      ] GC(109)   Post Evacuate Collection Set: 0.96ms
[333.425s][info][gc,phases      ] GC(109)   Other: 0.10ms
[333.425s][info][gc,heap        ] GC(109) Eden regions: 1064->0(1050)
[333.425s][info][gc,heap        ] GC(109) Survivor regions: 93->108(145)
[333.425s][info][gc,heap        ] GC(109) Old regions: 524->540
[333.425s][info][gc,heap        ] GC(109) Humongous regions: 77->77
[333.425s][info][gc,metaspace   ] GC(109) Metaspace: 28824K(29184K)->28824K(29184K) NonClass: 23941K(24128K)->23941K(24128K) Class: 4883K(5056K)->4883K(5056K)
[333.425s][info][gc             ] GC(109) Pause Young (Mixed) (G1 Evacuation Pause) 3512M->1446M(4096M) 124.457ms
[333.425s][info][gc,cpu         ] GC(109) User=0.74s Sys=0.00s Real=0.13s
..[335.867s][info][gc,start       ] GC(110) Pause Young (Concurrent Start) (G1 Evacuation Pause)
[335.867s][info][gc,task        ] GC(110) Using 6 workers of 6 for evacuation
[335.988s][info][gc,phases      ] GC(110)   Pre Evacuate Collection Set: 0.39ms
[335.988s][info][gc,phases      ] GC(110)   Merge Heap Roots: 0.38ms
[335.988s][info][gc,phases      ] GC(110)   Evacuate Collection Set: 119.47ms
[335.988s][info][gc,phases      ] GC(110)   Post Evacuate Collection Set: 0.95ms
[335.988s][info][gc,phases      ] GC(110)   Other: 0.11ms
[335.988s][info][gc,heap        ] GC(110) Eden regions: 1059->0(1047)
[335.988s][info][gc,heap        ] GC(110) Survivor regions: 108->110(146)
[335.988s][info][gc,heap        ] GC(110) Old regions: 540->574
[335.988s][info][gc,heap        ] GC(110) Humongous regions: 77->77
[335.988s][info][gc,metaspace   ] GC(110) Metaspace: 28825K(29184K)->28825K(29184K) NonClass: 23942K(24128K)->23942K(24128K) Class: 4883K(5056K)->4883K(5056K)
[335.988s][info][gc             ] GC(110) Pause Young (Concurrent Start) (G1 Evacuation Pause) 3564M->1518M(4096M) 121.416ms
[335.988s][info][gc             ] GC(111) Concurrent Mark Cycle
[335.988s][info][gc,marking     ] GC(111) Concurrent Scan Root Regions
[335.988s][info][gc,cpu         ] GC(110) User=0.72s Sys=0.00s Real=0.12s
.[336.161s][info][gc,marking     ] GC(111) Concurrent Scan Root Regions 173.214ms
[336.161s][info][gc,marking     ] GC(111) Concurrent Mark
[336.161s][info][gc,marking     ] GC(111) Concurrent Mark From Roots
[336.161s][info][gc,task        ] GC(111) Using 2 workers of 2 for marking
[336.776s][info][gc,marking     ] GC(111) Concurrent Mark From Roots 614.305ms
[336.776s][info][gc,marking     ] GC(111) Concurrent Preclean
[336.776s][info][gc,marking     ] GC(111) Concurrent Preclean 0.072ms
[336.776s][info][gc,start       ] GC(111) Pause Remark
[336.783s][info][gc             ] GC(111) Pause Remark 2214M->2214M(4096M) 7.526ms
[336.784s][info][gc,cpu         ] GC(111) User=0.04s Sys=0.00s Real=0.01s
[336.784s][info][gc,marking     ] GC(111) Concurrent Mark 622.162ms
[336.784s][info][gc,marking     ] GC(111) Concurrent Rebuild Remembered Sets and Scrub Regions
.[337.096s][info][gc,marking     ] GC(111) Concurrent Rebuild Remembered Sets and Scrub Regions 311.998ms
[337.096s][info][gc,start       ] GC(111) Pause Cleanup
[337.096s][info][gc             ] GC(111) Pause Cleanup 2429M->2429M(4096M) 0.171ms
[337.096s][info][gc,cpu         ] GC(111) User=0.00s Sys=0.00s Real=0.00s
[337.096s][info][gc,marking     ] GC(111) Concurrent Clear Claimed Marks
[337.096s][info][gc,marking     ] GC(111) Concurrent Clear Claimed Marks 0.027ms
[337.096s][info][gc,marking     ] GC(111) Concurrent Cleanup for Next Mark
[337.099s][info][gc,marking     ] GC(111) Concurrent Cleanup for Next Mark 3.474ms
[337.099s][info][gc             ] GC(111) Concurrent Mark Cycle 1111.367ms
.[338.697s][info][gc,start       ] GC(112) Pause Young (Prepare Mixed) (G1 Evacuation Pause)
[338.697s][info][gc,task        ] GC(112) Using 6 workers of 6 for evacuation
[338.814s][info][gc,phases      ] GC(112)   Pre Evacuate Collection Set: 0.34ms
[338.814s][info][gc,phases      ] GC(112)   Merge Heap Roots: 0.43ms
[338.814s][info][gc,phases      ] GC(112)   Evacuate Collection Set: 114.95ms
[338.814s][info][gc,phases      ] GC(112)   Post Evacuate Collection Set: 0.97ms
[338.814s][info][gc,phases      ] GC(112)   Other: 0.09ms
[338.814s][info][gc,heap        ] GC(112) Eden regions: 1047->0(1036)
[338.814s][info][gc,heap        ] GC(112) Survivor regions: 110->105(145)
[338.814s][info][gc,heap        ] GC(112) Old regions: 574->610
[338.814s][info][gc,heap        ] GC(112) Humongous regions: 77->77
[338.814s][info][gc,metaspace   ] GC(112) Metaspace: 28828K(29184K)->28828K(29184K) NonClass: 23945K(24128K)->23945K(24128K) Class: 4883K(5056K)->4883K(5056K)
[338.814s][info][gc             ] GC(112) Pause Young (Prepare Mixed) (G1 Evacuation Pause) 3612M->1581M(4096M) 116.922ms
[338.814s][info][gc,cpu         ] GC(112) User=0.69s Sys=0.00s Real=0.12s
. (rIR:aIR:PR = 5774:5767:5759) (tPR = 90469) [OK] 
   338s:       rampup IR =   6929 ..[341.131s][info][gc,start       ] GC(113) Pause Young (Mixed) (G1 Evacuation Pause)
[341.131s][info][gc,task        ] GC(113) Using 6 workers of 6 for evacuation
[341.264s][info][gc,phases      ] GC(113)   Pre Evacuate Collection Set: 0.41ms
[341.264s][info][gc,phases      ] GC(113)   Merge Heap Roots: 0.55ms
[341.264s][info][gc,phases      ] GC(113)   Evacuate Collection Set: 127.40ms
[341.264s][info][gc,phases      ] GC(113)   Merge Optional Heap Roots: 0.08ms
[341.264s][info][gc,phases      ] GC(113)   Evacuate Optional Collection Set: 3.39ms
[341.264s][info][gc,phases      ] GC(113)   Post Evacuate Collection Set: 1.13ms
[341.264s][info][gc,phases      ] GC(113)   Other: 0.12ms
[341.264s][info][gc,heap        ] GC(113) Eden regions: 1036->0(1122)
[341.264s][info][gc,heap        ] GC(113) Survivor regions: 105->106(143)
[341.264s][info][gc,heap        ] GC(113) Old regions: 610->493
[341.264s][info][gc,heap        ] GC(113) Humongous regions: 77->77
[341.264s][info][gc,metaspace   ] GC(113) Metaspace: 28828K(29184K)->28828K(29184K) NonClass: 23945K(24128K)->23945K(24128K) Class: 4883K(5056K)->4883K(5056K)
[341.264s][info][gc             ] GC(113) Pause Young (Mixed) (G1 Evacuation Pause) 3653M->1348M(4096M) 133.214ms
[341.264s][info][gc,cpu         ] GC(113) User=0.79s Sys=0.00s Real=0.14s
.. (rIR:aIR:PR = 6929:6967:6965) (tPR = 103893) [OK] 
   342s:       rampup IR =   8084 [343.691s][info][gc,start       ] GC(114) Pause Young (Mixed) (G1 Evacuation Pause)
[343.691s][info][gc,task        ] GC(114) Using 6 workers of 6 for evacuation
[343.820s][info][gc,phases      ] GC(114)   Pre Evacuate Collection Set: 0.36ms
[343.820s][info][gc,phases      ] GC(114)   Merge Heap Roots: 0.52ms
[343.820s][info][gc,phases      ] GC(114)   Evacuate Collection Set: 127.38ms
[343.820s][info][gc,phases      ] GC(114)   Post Evacuate Collection Set: 1.09ms
[343.820s][info][gc,phases      ] GC(114)   Other: 0.08ms
[343.820s][info][gc,heap        ] GC(114) Eden regions: 1122->0(1114)
[343.820s][info][gc,heap        ] GC(114) Survivor regions: 106->114(154)
[343.820s][info][gc,heap        ] GC(114) Old regions: 493->490
[343.820s][info][gc,heap        ] GC(114) Humongous regions: 77->77
[343.820s][info][gc,metaspace   ] GC(114) Metaspace: 28829K(29184K)->28829K(29184K) NonClass: 23946K(24128K)->23946K(24128K) Class: 4883K(5056K)->4883K(5056K)
[343.820s][info][gc             ] GC(114) Pause Young (Mixed) (G1 Evacuation Pause) 3592M->1358M(4096M) 129.562ms
[343.820s][info][gc,cpu         ] GC(114) User=0.77s Sys=0.00s Real=0.13s
..[345.939s][info][gc,start       ] GC(115) Pause Young (Concurrent Start) (G1 Evacuation Pause)
[345.939s][info][gc,task        ] GC(115) Using 6 workers of 6 for evacuation
[346.065s][info][gc,phases      ] GC(115)   Pre Evacuate Collection Set: 0.39ms
[346.065s][info][gc,phases      ] GC(115)   Merge Heap Roots: 0.45ms
[346.065s][info][gc,phases      ] GC(115)   Evacuate Collection Set: 124.31ms
[346.065s][info][gc,phases      ] GC(115)   Post Evacuate Collection Set: 0.83ms
[346.065s][info][gc,phases      ] GC(115)   Other: 0.12ms
[346.065s][info][gc,heap        ] GC(115) Eden regions: 1114->0(1112)
[346.065s][info][gc,heap        ] GC(115) Survivor regions: 114->116(154)
[346.065s][info][gc,heap        ] GC(115) Old regions: 490->521
[346.065s][info][gc,heap        ] GC(115) Humongous regions: 77->77
[346.065s][info][gc,metaspace   ] GC(115) Metaspace: 28829K(29184K)->28829K(29184K) NonClass: 23946K(24128K)->23946K(24128K) Class: 4883K(5056K)->4883K(5056K)
[346.065s][info][gc             ] GC(115) Pause Young (Concurrent Start) (G1 Evacuation Pause) 3586M->1424M(4096M) 126.246ms
[346.065s][info][gc             ] GC(116) Concurrent Mark Cycle
[346.065s][info][gc,marking     ] GC(116) Concurrent Scan Root Regions
[346.065s][info][gc,cpu         ] GC(115) User=0.74s Sys=0.00s Real=0.13s
.[346.257s][info][gc,marking     ] GC(116) Concurrent Scan Root Regions 191.427ms
[346.257s][info][gc,marking     ] GC(116) Concurrent Mark
[346.257s][info][gc,marking     ] GC(116) Concurrent Mark From Roots
[346.257s][info][gc,task        ] GC(116) Using 2 workers of 2 for marking
[347.126s][info][gc,marking     ] GC(116) Concurrent Mark From Roots 869.432ms
[347.126s][info][gc,marking     ] GC(116) Concurrent Preclean
[347.126s][info][gc,marking     ] GC(116) Concurrent Preclean 0.094ms
[347.130s][info][gc,start       ] GC(116) Pause Remark
[347.134s][info][gc             ] GC(116) Pause Remark 2476M->2476M(4096M) 3.894ms
[347.134s][info][gc,cpu         ] GC(116) User=0.02s Sys=0.00s Real=0.01s
[347.134s][info][gc,marking     ] GC(116) Concurrent Mark 877.019ms
[347.134s][info][gc,marking     ] GC(116) Concurrent Rebuild Remembered Sets and Scrub Regions
.[347.520s][info][gc,marking     ] GC(116) Concurrent Rebuild Remembered Sets and Scrub Regions 386.481ms
[347.520s][info][gc,start       ] GC(116) Pause Cleanup
[347.521s][info][gc             ] GC(116) Pause Cleanup 2848M->2848M(4096M) 0.175ms
[347.521s][info][gc,cpu         ] GC(116) User=0.00s Sys=0.00s Real=0.00s
[347.521s][info][gc,marking     ] GC(116) Concurrent Clear Claimed Marks
[347.521s][info][gc,marking     ] GC(116) Concurrent Clear Claimed Marks 0.035ms
[347.521s][info][gc,marking     ] GC(116) Concurrent Cleanup for Next Mark
[347.526s][info][gc,marking     ] GC(116) Concurrent Cleanup for Next Mark 5.130ms
[347.526s][info][gc             ] GC(116) Concurrent Mark Cycle 1460.800ms
.[348.182s][info][gc,start       ] GC(117) Pause Young (Prepare Mixed) (G1 Evacuation Pause)
[348.182s][info][gc,task        ] GC(117) Using 6 workers of 6 for evacuation
[348.306s][info][gc,phases      ] GC(117)   Pre Evacuate Collection Set: 0.39ms
[348.306s][info][gc,phases      ] GC(117)   Merge Heap Roots: 0.48ms
[348.306s][info][gc,phases      ] GC(117)   Evacuate Collection Set: 122.46ms
[348.306s][info][gc,phases      ] GC(117)   Post Evacuate Collection Set: 0.93ms
[348.306s][info][gc,phases      ] GC(117)   Other: 0.10ms
[348.306s][info][gc,heap        ] GC(117) Eden regions: 1112->0(1086)
[348.306s][info][gc,heap        ] GC(117) Survivor regions: 116->113(154)
[348.306s][info][gc,heap        ] GC(117) Old regions: 521->556
[348.306s][info][gc,heap        ] GC(117) Humongous regions: 77->77
[348.306s][info][gc,metaspace   ] GC(117) Metaspace: 28830K(29184K)->28830K(29184K) NonClass: 23947K(24128K)->23947K(24128K) Class: 4883K(5056K)->4883K(5056K)
[348.306s][info][gc             ] GC(117) Pause Young (Prepare Mixed) (G1 Evacuation Pause) 3648M->1488M(4096M) 124.489ms
[348.306s][info][gc,cpu         ] GC(117) User=0.73s Sys=0.00s Real=0.13s
. (rIR:aIR:PR = 8084:8252:8248) (tPR = 125585) [OK] 
   348s:       rampup IR =   9238 .[350.248s][info][gc,start       ] GC(118) Pause Young (Mixed) (G1 Evacuation Pause)
[350.248s][info][gc,task        ] GC(118) Using 6 workers of 6 for evacuation
[350.401s][info][gc,phases      ] GC(118)   Pre Evacuate Collection Set: 0.43ms
[350.401s][info][gc,phases      ] GC(118)   Merge Heap Roots: 0.70ms
[350.401s][info][gc,phases      ] GC(118)   Evacuate Collection Set: 145.71ms
[350.401s][info][gc,phases      ] GC(118)   Merge Optional Heap Roots: 0.13ms
[350.401s][info][gc,phases      ] GC(118)   Evacuate Optional Collection Set: 4.97ms
[350.401s][info][gc,phases      ] GC(118)   Post Evacuate Collection Set: 1.20ms
[350.401s][info][gc,phases      ] GC(118)   Other: 0.10ms
[350.402s][info][gc,heap        ] GC(118) Eden regions: 1086->0(1115)
[350.402s][info][gc,heap        ] GC(118) Survivor regions: 113->113(150)
[350.402s][info][gc,heap        ] GC(118) Old regions: 556->461
[350.402s][info][gc,heap        ] GC(118) Humongous regions: 77->77
[350.402s][info][gc,metaspace   ] GC(118) Metaspace: 28839K(29184K)->28839K(29184K) NonClass: 23956K(24128K)->23956K(24128K) Class: 4883K(5056K)->4883K(5056K)
[350.402s][info][gc             ] GC(118) Pause Young (Mixed) (G1 Evacuation Pause) 3660M->1299M(4096M) 153.393ms
[350.402s][info][gc,cpu         ] GC(118) User=0.91s Sys=0.00s Real=0.15s
..[352.191s][info][gc,start       ] GC(119) Pause Young (Concurrent Start) (G1 Evacuation Pause)
[352.191s][info][gc,task        ] GC(119) Using 6 workers of 6 for evacuation
[352.312s][info][gc,phases      ] GC(119)   Pre Evacuate Collection Set: 0.39ms
[352.312s][info][gc,phases      ] GC(119)   Merge Heap Roots: 0.53ms
[352.312s][info][gc,phases      ] GC(119)   Evacuate Collection Set: 118.12ms
[352.312s][info][gc,phases      ] GC(119)   Post Evacuate Collection Set: 0.95ms
[352.312s][info][gc,phases      ] GC(119)   Other: 0.14ms
[352.312s][info][gc,heap        ] GC(119) Eden regions: 1115->0(1119)
[352.312s][info][gc,heap        ] GC(119) Survivor regions: 113->109(154)
[352.312s][info][gc,heap        ] GC(119) Old regions: 461->494
[352.312s][info][gc,heap        ] GC(119) Humongous regions: 77->77
[352.312s][info][gc,metaspace   ] GC(119) Metaspace: 28841K(29184K)->28841K(29184K) NonClass: 23958K(24128K)->23958K(24128K) Class: 4883K(5056K)->4883K(5056K)
[352.312s][info][gc             ] GC(119) Pause Young (Concurrent Start) (G1 Evacuation Pause) 3529M->1358M(4096M) 120.257ms
[352.312s][info][gc             ] GC(120) Concurrent Mark Cycle
[352.312s][info][gc,marking     ] GC(120) Concurrent Scan Root Regions
[352.312s][info][gc,cpu         ] GC(119) User=0.71s Sys=0.00s Real=0.12s
[352.493s][info][gc,marking     ] GC(120) Concurrent Scan Root Regions 180.872ms
[352.493s][info][gc,marking     ] GC(120) Concurrent Mark
[352.493s][info][gc,marking     ] GC(120) Concurrent Mark From Roots
[352.493s][info][gc,task        ] GC(120) Using 2 workers of 2 for marking
.[353.413s][info][gc,marking     ] GC(120) Concurrent Mark From Roots 920.595ms
[353.413s][info][gc,marking     ] GC(120) Concurrent Preclean
[353.413s][info][gc,marking     ] GC(120) Concurrent Preclean 0.095ms
[353.418s][info][gc,start       ] GC(120) Pause Remark
[353.424s][info][gc             ] GC(120) Pause Remark 2360M->2360M(4096M) 6.065ms
[353.424s][info][gc,cpu         ] GC(120) User=0.03s Sys=0.00s Real=0.01s
[353.425s][info][gc,marking     ] GC(120) Concurrent Mark 932.450ms
[353.425s][info][gc,marking     ] GC(120) Concurrent Rebuild Remembered Sets and Scrub Regions
[353.856s][info][gc,marking     ] GC(120) Concurrent Rebuild Remembered Sets and Scrub Regions 431.057ms
[353.859s][info][gc,start       ] GC(120) Pause Cleanup
[353.859s][info][gc             ] GC(120) Pause Cleanup 2882M->2882M(4096M) 0.163ms
[353.859s][info][gc,cpu         ] GC(120) User=0.00s Sys=0.00s Real=0.00s
[353.859s][info][gc,marking     ] GC(120) Concurrent Clear Claimed Marks
[353.859s][info][gc,marking     ] GC(120) Concurrent Clear Claimed Marks 0.038ms
[353.859s][info][gc,marking     ] GC(120) Concurrent Cleanup for Next Mark
[353.867s][info][gc,marking     ] GC(120) Concurrent Cleanup for Next Mark 8.048ms
[353.867s][info][gc             ] GC(120) Concurrent Mark Cycle 1555.440ms
[354.404s][info][gc,start       ] GC(121) Pause Young (Prepare Mixed) (G1 Evacuation Pause)
[354.404s][info][gc,task        ] GC(121) Using 6 workers of 6 for evacuation
[354.524s][info][gc,phases      ] GC(121)   Pre Evacuate Collection Set: 0.38ms
[354.524s][info][gc,phases      ] GC(121)   Merge Heap Roots: 0.50ms
[354.524s][info][gc,phases      ] GC(121)   Evacuate Collection Set: 118.48ms
[354.524s][info][gc,phases      ] GC(121)   Post Evacuate Collection Set: 1.01ms
[354.524s][info][gc,phases      ] GC(121)   Other: 0.09ms
[354.524s][info][gc,heap        ] GC(121) Eden regions: 1119->0(1117)
[354.524s][info][gc,heap        ] GC(121) Survivor regions: 109->111(154)
[354.524s][info][gc,heap        ] GC(121) Old regions: 494->528
[354.524s][info][gc,heap        ] GC(121) Humongous regions: 77->77
[354.524s][info][gc,metaspace   ] GC(121) Metaspace: 28841K(29184K)->28841K(29184K) NonClass: 23958K(24128K)->23958K(24128K) Class: 4883K(5056K)->4883K(5056K)
[354.524s][info][gc             ] GC(121) Pause Young (Prepare Mixed) (G1 Evacuation Pause) 3596M->1428M(4096M) 120.596ms
[354.524s][info][gc,cpu         ] GC(121) User=0.72s Sys=0.00s Real=0.12s
..[356.261s][info][gc,start       ] GC(122) Pause Young (Mixed) (G1 Evacuation Pause)
[356.261s][info][gc,task        ] GC(122) Using 6 workers of 6 for evacuation
[356.401s][info][gc,phases      ] GC(122)   Pre Evacuate Collection Set: 0.41ms
[356.401s][info][gc,phases      ] GC(122)   Merge Heap Roots: 0.71ms
[356.401s][info][gc,phases      ] GC(122)   Evacuate Collection Set: 138.14ms
[356.401s][info][gc,phases      ] GC(122)   Post Evacuate Collection Set: 0.96ms
[356.401s][info][gc,phases      ] GC(122)   Other: 0.09ms
[356.401s][info][gc,heap        ] GC(122) Eden regions: 1117->0(1118)
[356.401s][info][gc,heap        ] GC(122) Survivor regions: 111->110(154)
[356.401s][info][gc,heap        ] GC(122) Old regions: 528->465
[356.401s][info][gc,heap        ] GC(122) Humongous regions: 77->77
[356.401s][info][gc,metaspace   ] GC(122) Metaspace: 28843K(29184K)->28843K(29184K) NonClass: 23960K(24128K)->23960K(24128K) Class: 4883K(5056K)->4883K(5056K)
[356.401s][info][gc             ] GC(122) Pause Young (Mixed) (G1 Evacuation Pause) 3662M->1301M(4096M) 140.439ms
[356.401s][info][gc,cpu         ] GC(122) User=0.83s Sys=0.00s Real=0.14s
.. (rIR:aIR:PR = 9238:9324:9321) (tPR = 141873) [OK] 
   357s:       rampup IR =  10393 [358.203s][info][gc,start       ] GC(123) Pause Young (Concurrent Start) (G1 Evacuation Pause)
[358.203s][info][gc,task        ] GC(123) Using 6 workers of 6 for evacuation
[358.328s][info][gc,phases      ] GC(123)   Pre Evacuate Collection Set: 0.38ms
[358.328s][info][gc,phases      ] GC(123)   Merge Heap Roots: 0.47ms
[358.328s][info][gc,phases      ] GC(123)   Evacuate Collection Set: 122.75ms
[358.328s][info][gc,phases      ] GC(123)   Post Evacuate Collection Set: 0.92ms
[358.328s][info][gc,phases      ] GC(123)   Other: 0.11ms
[358.328s][info][gc,heap        ] GC(123) Eden regions: 1118->0(1113)
[358.328s][info][gc,heap        ] GC(123) Survivor regions: 110->115(154)
[358.328s][info][gc,heap        ] GC(123) Old regions: 465->497
[358.328s][info][gc,heap        ] GC(123) Humongous regions: 77->77
[358.328s][info][gc,metaspace   ] GC(123) Metaspace: 28844K(29184K)->28844K(29184K) NonClass: 23961K(24128K)->23961K(24128K) Class: 4883K(5056K)->4883K(5056K)
[358.328s][info][gc             ] GC(123) Pause Young (Concurrent Start) (G1 Evacuation Pause) 3537M->1376M(4096M) 124.795ms
[358.328s][info][gc             ] GC(124) Concurrent Mark Cycle
[358.328s][info][gc,marking     ] GC(124) Concurrent Scan Root Regions
[358.328s][info][gc,cpu         ] GC(123) User=0.74s Sys=0.00s Real=0.12s
[358.532s][info][gc,marking     ] GC(124) Concurrent Scan Root Regions 203.639ms
[358.532s][info][gc,marking     ] GC(124) Concurrent Mark
[358.532s][info][gc,marking     ] GC(124) Concurrent Mark From Roots
[358.532s][info][gc,task        ] GC(124) Using 2 workers of 2 for marking
.[359.470s][info][gc,marking     ] GC(124) Concurrent Mark From Roots 938.343ms
[359.470s][info][gc,marking     ] GC(124) Concurrent Preclean
[359.470s][info][gc,marking     ] GC(124) Concurrent Preclean 0.100ms
[359.472s][info][gc,start       ] GC(124) Pause Remark
[359.478s][info][gc             ] GC(124) Pause Remark 2454M->2454M(4096M) 6.423ms
[359.478s][info][gc,cpu         ] GC(124) User=0.04s Sys=0.00s Real=0.01s
[359.480s][info][gc,marking     ] GC(124) Concurrent Mark 948.832ms
[359.480s][info][gc,marking     ] GC(124) Concurrent Rebuild Remembered Sets and Scrub Regions
[359.728s][info][gc,marking     ] GC(124) Concurrent Rebuild Remembered Sets and Scrub Regions 247.493ms
[359.731s][info][gc,start       ] GC(124) Pause Cleanup
[359.731s][info][gc             ] GC(124) Pause Cleanup 2700M->2700M(4096M) 0.166ms
[359.731s][info][gc,cpu         ] GC(124) User=0.00s Sys=0.00s Real=0.00s
[359.731s][info][gc,marking     ] GC(124) Concurrent Clear Claimed Marks
[359.731s][info][gc,marking     ] GC(124) Concurrent Clear Claimed Marks 0.032ms
[359.731s][info][gc,marking     ] GC(124) Concurrent Cleanup for Next Mark
[359.737s][info][gc,marking     ] GC(124) Concurrent Cleanup for Next Mark 5.725ms
[359.737s][info][gc             ] GC(124) Concurrent Mark Cycle 1408.710ms
.[360.325s][info][gc,start       ] GC(125) Pause Young (Prepare Mixed) (G1 Evacuation Pause)
[360.325s][info][gc,task        ] GC(125) Using 6 workers of 6 for evacuation
[360.452s][info][gc,phases      ] GC(125)   Pre Evacuate Collection Set: 0.34ms
[360.452s][info][gc,phases      ] GC(125)   Merge Heap Roots: 0.51ms
[360.452s][info][gc,phases      ] GC(125)   Evacuate Collection Set: 124.64ms
[360.452s][info][gc,phases      ] GC(125)   Post Evacuate Collection Set: 0.93ms
[360.452s][info][gc,phases      ] GC(125)   Other: 0.09ms
[360.452s][info][gc,heap        ] GC(125) Eden regions: 1113->0(1103)
[360.452s][info][gc,heap        ] GC(125) Survivor regions: 115->117(154)
[360.452s][info][gc,heap        ] GC(125) Old regions: 497->531
[360.452s][info][gc,heap        ] GC(125) Humongous regions: 77->77
[360.452s][info][gc,metaspace   ] GC(125) Metaspace: 28844K(29184K)->28844K(29184K) NonClass: 23961K(24128K)->23961K(24128K) Class: 4883K(5056K)->4883K(5056K)
[360.452s][info][gc             ] GC(125) Pause Young (Prepare Mixed) (G1 Evacuation Pause) 3602M->1446M(4096M) 126.644ms
[360.452s][info][gc,cpu         ] GC(125) User=0.75s Sys=0.00s Real=0.12s
.[361.932s][info][gc,start       ] GC(126) Pause Young (Mixed) (G1 Evacuation Pause)
[361.932s][info][gc,task        ] GC(126) Using 6 workers of 6 for evacuation
[362.075s][info][gc,phases      ] GC(126)   Pre Evacuate Collection Set: 0.40ms
[362.075s][info][gc,phases      ] GC(126)   Merge Heap Roots: 0.65ms
[362.075s][info][gc,phases      ] GC(126)   Evacuate Collection Set: 140.18ms
[362.075s][info][gc,phases      ] GC(126)   Post Evacuate Collection Set: 1.02ms
[362.075s][info][gc,phases      ] GC(126)   Other: 0.12ms
[362.075s][info][gc,heap        ] GC(126) Eden regions: 1103->0(1111)
[362.075s][info][gc,heap        ] GC(126) Survivor regions: 117->117(153)
[362.075s][info][gc,heap        ] GC(126) Old regions: 531->464
[362.075s][info][gc,heap        ] GC(126) Humongous regions: 77->77
[362.075s][info][gc,metaspace   ] GC(126) Metaspace: 28844K(29184K)->28844K(29184K) NonClass: 23961K(24128K)->23961K(24128K) Class: 4883K(5056K)->4883K(5056K)
[362.075s][info][gc             ] GC(126) Pause Young (Mixed) (G1 Evacuation Pause) 3652M->1313M(4096M) 142.532ms
[362.075s][info][gc,cpu         ] GC(126) User=0.85s Sys=0.00s Real=0.15s
.. (rIR:aIR:PR = 10393:10601:10723) (tPR = 159377) [OK] 
   363s:       rampup IR =  11548 [363.735s][info][gc,start       ] GC(127) Pause Young (Concurrent Start) (G1 Evacuation Pause)
[363.735s][info][gc,task        ] GC(127) Using 6 workers of 6 for evacuation
[363.857s][info][gc,phases      ] GC(127)   Pre Evacuate Collection Set: 0.40ms
[363.857s][info][gc,phases      ] GC(127)   Merge Heap Roots: 0.45ms
[363.857s][info][gc,phases      ] GC(127)   Evacuate Collection Set: 120.18ms
[363.857s][info][gc,phases      ] GC(127)   Post Evacuate Collection Set: 1.00ms
[363.857s][info][gc,phases      ] GC(127)   Other: 0.11ms
[363.857s][info][gc,heap        ] GC(127) Eden regions: 1111->0(1116)
[363.857s][info][gc,heap        ] GC(127) Survivor regions: 117->112(154)
[363.857s][info][gc,heap        ] GC(127) Old regions: 464->497
[363.857s][info][gc,heap        ] GC(127) Humongous regions: 77->77
[363.857s][info][gc,metaspace   ] GC(127) Metaspace: 28847K(29184K)->28847K(29184K) NonClass: 23964K(24128K)->23964K(24128K) Class: 4883K(5056K)->4883K(5056K)
[363.857s][info][gc             ] GC(127) Pause Young (Concurrent Start) (G1 Evacuation Pause) 3535M->1369M(4096M) 122.269ms
[363.857s][info][gc             ] GC(128) Concurrent Mark Cycle
[363.857s][info][gc,marking     ] GC(128) Concurrent Scan Root Regions
[363.857s][info][gc,cpu         ] GC(127) User=0.72s Sys=0.00s Real=0.12s
[364.047s][info][gc,marking     ] GC(128) Concurrent Scan Root Regions 190.156ms
[364.047s][info][gc,marking     ] GC(128) Concurrent Mark
[364.047s][info][gc,marking     ] GC(128) Concurrent Mark From Roots
[364.047s][info][gc,task        ] GC(128) Using 2 workers of 2 for marking
.[365.033s][info][gc,marking     ] GC(128) Concurrent Mark From Roots 985.958ms
[365.033s][info][gc,marking     ] GC(128) Concurrent Preclean
[365.034s][info][gc,marking     ] GC(128) Concurrent Preclean 0.099ms
[365.036s][info][gc,start       ] GC(128) Pause Remark
[365.039s][info][gc             ] GC(128) Pause Remark 2563M->2563M(4096M) 2.849ms
[365.039s][info][gc,cpu         ] GC(128) User=0.01s Sys=0.00s Real=0.00s
[365.040s][info][gc,marking     ] GC(128) Concurrent Mark 992.783ms
[365.040s][info][gc,marking     ] GC(128) Concurrent Rebuild Remembered Sets and Scrub Regions
[365.445s][info][gc,marking     ] GC(128) Concurrent Rebuild Remembered Sets and Scrub Regions 404.468ms
[365.445s][info][gc,start       ] GC(128) Pause Cleanup
[365.445s][info][gc             ] GC(128) Pause Cleanup 3009M->3009M(4096M) 0.140ms
[365.445s][info][gc,cpu         ] GC(128) User=0.00s Sys=0.00s Real=0.00s
[365.445s][info][gc,marking     ] GC(128) Concurrent Clear Claimed Marks
[365.446s][info][gc,marking     ] GC(128) Concurrent Clear Claimed Marks 0.036ms
[365.446s][info][gc,marking     ] GC(128) Concurrent Cleanup for Next Mark
[365.452s][info][gc,marking     ] GC(128) Concurrent Cleanup for Next Mark 6.958ms
[365.453s][info][gc             ] GC(128) Concurrent Mark Cycle 1595.407ms
.[365.917s][info][gc,start       ] GC(129) Pause Young (Prepare Mixed) (G1 Evacuation Pause)
[365.917s][info][gc,task        ] GC(129) Using 6 workers of 6 for evacuation
[366.038s][info][gc,phases      ] GC(129)   Pre Evacuate Collection Set: 0.34ms
[366.038s][info][gc,phases      ] GC(129)   Merge Heap Roots: 0.50ms
[366.038s][info][gc,phases      ] GC(129)   Evacuate Collection Set: 119.08ms
[366.038s][info][gc,phases      ] GC(129)   Post Evacuate Collection Set: 1.01ms
[366.038s][info][gc,phases      ] GC(129)   Other: 0.09ms
[366.038s][info][gc,heap        ] GC(129) Eden regions: 1116->0(1117)
[366.038s][info][gc,heap        ] GC(129) Survivor regions: 112->111(154)
[366.038s][info][gc,heap        ] GC(129) Old regions: 497->529
[366.038s][info][gc,heap        ] GC(129) Humongous regions: 77->77
[366.038s][info][gc,metaspace   ] GC(129) Metaspace: 28847K(29184K)->28847K(29184K) NonClass: 23964K(24128K)->23964K(24128K) Class: 4883K(5056K)->4883K(5056K)
[366.038s][info][gc             ] GC(129) Pause Young (Prepare Mixed) (G1 Evacuation Pause) 3601M->1431M(4096M) 121.147ms
[366.038s][info][gc,cpu         ] GC(129) User=0.71s Sys=0.00s Real=0.12s
.[367.471s][info][gc,start       ] GC(130) Pause Young (Mixed) (G1 Evacuation Pause)
[367.471s][info][gc,task        ] GC(130) Using 6 workers of 6 for evacuation
[367.616s][info][gc,phases      ] GC(130)   Pre Evacuate Collection Set: 0.40ms
[367.616s][info][gc,phases      ] GC(130)   Merge Heap Roots: 0.70ms
[367.616s][info][gc,phases      ] GC(130)   Evacuate Collection Set: 142.19ms
[367.616s][info][gc,phases      ] GC(130)   Post Evacuate Collection Set: 1.00ms
[367.616s][info][gc,phases      ] GC(130)   Other: 0.09ms
[367.616s][info][gc,heap        ] GC(130) Eden regions: 1117->0(1112)
[367.616s][info][gc,heap        ] GC(130) Survivor regions: 111->116(154)
[367.616s][info][gc,heap        ] GC(130) Old regions: 529->467
[367.616s][info][gc,heap        ] GC(130) Humongous regions: 77->77
[367.616s][info][gc,metaspace   ] GC(130) Metaspace: 28848K(29184K)->28848K(29184K) NonClass: 23965K(24128K)->23965K(24128K) Class: 4883K(5056K)->4883K(5056K)
[367.616s][info][gc             ] GC(130) Pause Young (Mixed) (G1 Evacuation Pause) 3665M->1317M(4096M) 144.530ms
[367.616s][info][gc,cpu         ] GC(130) User=0.86s Sys=0.00s Real=0.15s
..[369.118s][info][gc,start       ] GC(131) Pause Young (Concurrent Start) (G1 Evacuation Pause)
[369.118s][info][gc,task        ] GC(131) Using 6 workers of 6 for evacuation
[369.278s][info][gc,phases      ] GC(131)   Pre Evacuate Collection Set: 0.40ms
[369.278s][info][gc,phases      ] GC(131)   Merge Heap Roots: 0.48ms
[369.278s][info][gc,phases      ] GC(131)   Evacuate Collection Set: 158.50ms
[369.278s][info][gc,phases      ] GC(131)   Post Evacuate Collection Set: 0.92ms
[369.278s][info][gc,phases      ] GC(131)   Other: 0.11ms
[369.278s][info][gc,heap        ] GC(131) Eden regions: 1112->0(1115)
[369.278s][info][gc,heap        ] GC(131) Survivor regions: 116->113(154)
[369.278s][info][gc,heap        ] GC(131) Old regions: 467->498
[369.278s][info][gc,heap        ] GC(131) Humongous regions: 77->77
[369.278s][info][gc,metaspace   ] GC(131) Metaspace: 28848K(29184K)->28848K(29184K) NonClass: 23965K(24128K)->23965K(24128K) Class: 4883K(5056K)->4883K(5056K)
[369.278s][info][gc             ] GC(131) Pause Young (Concurrent Start) (G1 Evacuation Pause) 3541M->1373M(4096M) 160.538ms
[369.278s][info][gc             ] GC(132) Concurrent Mark Cycle
[369.278s][info][gc,marking     ] GC(132) Concurrent Scan Root Regions
[369.278s][info][gc,cpu         ] GC(131) User=0.71s Sys=0.00s Real=0.16s
[369.469s][info][gc,marking     ] GC(132) Concurrent Scan Root Regions 190.259ms
[369.469s][info][gc,marking     ] GC(132) Concurrent Mark
[369.469s][info][gc,marking     ] GC(132) Concurrent Mark From Roots
[369.469s][info][gc,task        ] GC(132) Using 2 workers of 2 for marking
.[371.381s][info][gc,start       ] GC(133) Pause Young (Normal) (G1 Evacuation Pause)
[371.381s][info][gc,task        ] GC(133) Using 6 workers of 6 for evacuation
[371.505s][info][gc,phases      ] GC(133)   Pre Evacuate Collection Set: 0.32ms
[371.505s][info][gc,phases      ] GC(133)   Merge Heap Roots: 0.46ms
[371.505s][info][gc,phases      ] GC(133)   Evacuate Collection Set: 121.91ms
[371.505s][info][gc,phases      ] GC(133)   Post Evacuate Collection Set: 0.92ms
[371.505s][info][gc,phases      ] GC(133)   Other: 0.08ms
[371.505s][info][gc,heap        ] GC(133) Eden regions: 1115->0(1110)
[371.505s][info][gc,heap        ] GC(133) Survivor regions: 113->113(154)
[371.505s][info][gc,heap        ] GC(133) Old regions: 498->532
[371.505s][info][gc,heap        ] GC(133) Humongous regions: 77->77
[371.505s][info][gc,metaspace   ] GC(133) Metaspace: 28848K(29184K)->28848K(29184K) NonClass: 23965K(24128K)->23965K(24128K) Class: 4883K(5056K)->4883K(5056K)
[371.505s][info][gc             ] GC(133) Pause Young (Normal) (G1 Evacuation Pause) 3603M->1440M(4096M) 123.822ms
[371.505s][info][gc,cpu         ] GC(133) User=0.73s Sys=0.00s Real=0.13s
[371.529s][info][gc,marking     ] GC(132) Concurrent Mark From Roots 2059.788ms
[371.529s][info][gc,marking     ] GC(132) Concurrent Preclean
[371.529s][info][gc,marking     ] GC(132) Concurrent Preclean 0.053ms
[371.529s][info][gc,start       ] GC(132) Pause Remark
[371.535s][info][gc             ] GC(132) Pause Remark 1468M->1468M(4096M) 6.048ms
[371.535s][info][gc,cpu         ] GC(132) User=0.04s Sys=0.00s Real=0.01s
[371.535s][info][gc,marking     ] GC(132) Concurrent Mark 2066.231ms
[371.535s][info][gc,marking     ] GC(132) Concurrent Rebuild Remembered Sets and Scrub Regions
.[371.797s][info][gc,marking     ] GC(132) Concurrent Rebuild Remembered Sets and Scrub Regions 262.115ms
[371.797s][info][gc,start       ] GC(132) Pause Cleanup
[371.797s][info][gc             ] GC(132) Pause Cleanup 1784M->1784M(4096M) 0.142ms
[371.797s][info][gc,cpu         ] GC(132) User=0.00s Sys=0.00s Real=0.00s
[371.797s][info][gc,marking     ] GC(132) Concurrent Clear Claimed Marks
[371.797s][info][gc,marking     ] GC(132) Concurrent Clear Claimed Marks 0.024ms
[371.797s][info][gc,marking     ] GC(132) Concurrent Cleanup for Next Mark
[371.802s][info][gc,marking     ] GC(132) Concurrent Cleanup for Next Mark 4.374ms
[371.802s][info][gc             ] GC(132) Concurrent Mark Cycle 2523.517ms
.[373.111s][info][gc,start       ] GC(134) Pause Young (Prepare Mixed) (G1 Evacuation Pause)
[373.111s][info][gc,task        ] GC(134) Using 6 workers of 6 for evacuation
[373.276s][info][gc,phases      ] GC(134)   Pre Evacuate Collection Set: 0.34ms
[373.276s][info][gc,phases      ] GC(134)   Merge Heap Roots: 0.51ms
[373.276s][info][gc,phases      ] GC(134)   Evacuate Collection Set: 163.49ms
[373.276s][info][gc,phases      ] GC(134)   Post Evacuate Collection Set: 0.95ms
[373.276s][info][gc,phases      ] GC(134)   Other: 0.09ms
[373.276s][info][gc,heap        ] GC(134) Eden regions: 1110->0(1074)
[373.276s][info][gc,heap        ] GC(134) Survivor regions: 113->115(153)
[373.276s][info][gc,heap        ] GC(134) Old regions: 532->564
[373.276s][info][gc,heap        ] GC(134) Humongous regions: 77->77
[373.276s][info][gc,metaspace   ] GC(134) Metaspace: 28848K(29184K)->28848K(29184K) NonClass: 23965K(24128K)->23965K(24128K) Class: 4883K(5056K)->4883K(5056K)
[373.276s][info][gc             ] GC(134) Pause Young (Prepare Mixed) (G1 Evacuation Pause) 3660M->1510M(4096M) 165.518ms
[373.276s][info][gc,cpu         ] GC(134) User=0.75s Sys=0.00s Real=0.17s
.[374.647s][info][gc,start       ] GC(135) Pause Young (Mixed) (G1 Evacuation Pause)
[374.648s][info][gc,task        ] GC(135) Using 6 workers of 6 for evacuation
[374.791s][info][gc,phases      ] GC(135)   Pre Evacuate Collection Set: 0.41ms
[374.791s][info][gc,phases      ] GC(135)   Merge Heap Roots: 0.66ms
[374.791s][info][gc,phases      ] GC(135)   Evacuate Collection Set: 141.29ms
[374.791s][info][gc,phases      ] GC(135)   Post Evacuate Collection Set: 1.00ms
[374.791s][info][gc,phases      ] GC(135)   Other: 0.09ms
[374.791s][info][gc,heap        ] GC(135) Eden regions: 1074->0(1110)
[374.791s][info][gc,heap        ] GC(135) Survivor regions: 115->118(149)
[374.791s][info][gc,heap        ] GC(135) Old regions: 564->496
[374.791s][info][gc,heap        ] GC(135) Humongous regions: 77->77
[374.791s][info][gc,metaspace   ] GC(135) Metaspace: 28848K(29184K)->28848K(29184K) NonClass: 23965K(24128K)->23965K(24128K) Class: 4883K(5056K)->4883K(5056K)
[374.791s][info][gc             ] GC(135) Pause Young (Mixed) (G1 Evacuation Pause) 3658M->1379M(4096M) 143.589ms
[374.791s][info][gc,cpu         ] GC(135) User=0.85s Sys=0.00s Real=0.14s
.[376.261s][info][gc,start       ] GC(136) Pause Young (Concurrent Start) (G1 Evacuation Pause)
[376.261s][info][gc,task        ] GC(136) Using 6 workers of 6 for evacuation
[376.388s][info][gc,phases      ] GC(136)   Pre Evacuate Collection Set: 0.38ms
[376.388s][info][gc,phases      ] GC(136)   Merge Heap Roots: 0.47ms
[376.388s][info][gc,phases      ] GC(136)   Evacuate Collection Set: 124.46ms
[376.388s][info][gc,phases      ] GC(136)   Post Evacuate Collection Set: 0.91ms
[376.388s][info][gc,phases      ] GC(136)   Other: 0.10ms
[376.388s][info][gc,heap        ] GC(136) Eden regions: 1110->0(1103)
[376.388s][info][gc,heap        ] GC(136) Survivor regions: 118->119(154)
[376.388s][info][gc,heap        ] GC(136) Old regions: 496->527
[376.388s][info][gc,heap        ] GC(136) Humongous regions: 77->77
[376.388s][info][gc,metaspace   ] GC(136) Metaspace: 28854K(29184K)->28854K(29184K) NonClass: 23971K(24128K)->23971K(24128K) Class: 4883K(5056K)->4883K(5056K)
[376.388s][info][gc             ] GC(136) Pause Young (Concurrent Start) (G1 Evacuation Pause) 3599M->1444M(4096M) 126.452ms
[376.388s][info][gc             ] GC(137) Concurrent Mark Cycle
[376.388s][info][gc,marking     ] GC(137) Concurrent Scan Root Regions
[376.388s][info][gc,cpu         ] GC(136) User=0.74s Sys=0.00s Real=0.13s
.[376.546s][info][gc,marking     ] GC(137) Concurrent Scan Root Regions 158.472ms
[376.546s][info][gc,marking     ] GC(137) Concurrent Mark
[376.546s][info][gc,marking     ] GC(137) Concurrent Mark From Roots
[376.546s][info][gc,task        ] GC(137) Using 2 workers of 2 for marking
[377.335s][info][gc,marking     ] GC(137) Concurrent Mark From Roots 788.166ms
[377.335s][info][gc,marking     ] GC(137) Concurrent Preclean
[377.335s][info][gc,marking     ] GC(137) Concurrent Preclean 0.058ms
[377.335s][info][gc,start       ] GC(137) Pause Remark
[377.338s][info][gc             ] GC(137) Pause Remark 2082M->2082M(4096M) 3.248ms
[377.338s][info][gc,cpu         ] GC(137) User=0.02s Sys=0.00s Real=0.00s
[377.338s][info][gc,marking     ] GC(137) Concurrent Mark 792.037ms
[377.338s][info][gc,marking     ] GC(137) Concurrent Rebuild Remembered Sets and Scrub Regions
[377.682s][info][gc,marking     ] GC(137) Concurrent Rebuild Remembered Sets and Scrub Regions 343.088ms
[377.682s][info][gc,start       ] GC(137) Pause Cleanup
[377.682s][info][gc             ] GC(137) Pause Cleanup 2530M->2530M(4096M) 0.150ms
[377.682s][info][gc,cpu         ] GC(137) User=0.00s Sys=0.00s Real=0.00s
[377.682s][info][gc,marking     ] GC(137) Concurrent Clear Claimed Marks
[377.682s][info][gc,marking     ] GC(137) Concurrent Clear Claimed Marks 0.024ms
[377.682s][info][gc,marking     ] GC(137) Concurrent Cleanup for Next Mark
.[377.690s][info][gc,marking     ] GC(137) Concurrent Cleanup for Next Mark 7.903ms
[377.690s][info][gc             ] GC(137) Concurrent Mark Cycle 1302.223ms
[378.340s][info][gc,start       ] GC(138) Pause Young (Prepare Mixed) (G1 Evacuation Pause)
[378.340s][info][gc,task        ] GC(138) Using 6 workers of 6 for evacuation
[378.465s][info][gc,phases      ] GC(138)   Pre Evacuate Collection Set: 0.36ms
[378.465s][info][gc,phases      ] GC(138)   Merge Heap Roots: 0.49ms
[378.465s][info][gc,phases      ] GC(138)   Evacuate Collection Set: 122.53ms
[378.465s][info][gc,phases      ] GC(138)   Post Evacuate Collection Set: 1.00ms
[378.465s][info][gc,phases      ] GC(138)   Other: 0.08ms
[378.465s][info][gc,heap        ] GC(138) Eden regions: 1103->0(1072)
[378.465s][info][gc,heap        ] GC(138) Survivor regions: 119->118(153)
[378.465s][info][gc,heap        ] GC(138) Old regions: 527->560
[378.465s][info][gc,heap        ] GC(138) Humongous regions: 77->77
[378.465s][info][gc,metaspace   ] GC(138) Metaspace: 28858K(29184K)->28858K(29184K) NonClass: 23975K(24128K)->23975K(24128K) Class: 4883K(5056K)->4883K(5056K)
[378.465s][info][gc             ] GC(138) Pause Young (Prepare Mixed) (G1 Evacuation Pause) 3650M->1507M(4096M) 124.587ms
[378.465s][info][gc,cpu         ] GC(138) User=0.74s Sys=0.00s Real=0.13s
.[379.796s][info][gc,start       ] GC(139) Pause Young (Mixed) (G1 Evacuation Pause)
[379.796s][info][gc,task        ] GC(139) Using 6 workers of 6 for evacuation
[379.944s][info][gc,phases      ] GC(139)   Pre Evacuate Collection Set: 0.39ms
[379.944s][info][gc,phases      ] GC(139)   Merge Heap Roots: 0.79ms
[379.944s][info][gc,phases      ] GC(139)   Evacuate Collection Set: 145.77ms
[379.944s][info][gc,phases      ] GC(139)   Post Evacuate Collection Set: 1.04ms
[379.944s][info][gc,phases      ] GC(139)   Other: 0.09ms
[379.944s][info][gc,heap        ] GC(139) Eden regions: 1072->0(1111)
[379.944s][info][gc,heap        ] GC(139) Survivor regions: 118->117(149)
[379.944s][info][gc,heap        ] GC(139) Old regions: 560->470
[379.944s][info][gc,heap        ] GC(139) Humongous regions: 77->77
[379.944s][info][gc,metaspace   ] GC(139) Metaspace: 28858K(29184K)->28858K(29184K) NonClass: 23975K(24128K)->23975K(24128K) Class: 4883K(5056K)->4883K(5056K)
[379.944s][info][gc             ] GC(139) Pause Young (Mixed) (G1 Evacuation Pause) 3651M->1325M(4096M) 148.219ms
[379.944s][info][gc,cpu         ] GC(139) User=0.88s Sys=0.00s Real=0.15s
.[381.582s][info][gc,start       ] GC(140) Pause Young (Concurrent Start) (G1 Evacuation Pause)
[381.582s][info][gc,task        ] GC(140) Using 6 workers of 6 for evacuation
[381.705s][info][gc,phases      ] GC(140)   Pre Evacuate Collection Set: 0.40ms
[381.705s][info][gc,phases      ] GC(140)   Merge Heap Roots: 0.45ms
[381.705s][info][gc,phases      ] GC(140)   Evacuate Collection Set: 121.47ms
[381.705s][info][gc,phases      ] GC(140)   Post Evacuate Collection Set: 0.92ms
[381.705s][info][gc,phases      ] GC(140)   Other: 0.12ms
[381.705s][info][gc,heap        ] GC(140) Eden regions: 1111->0(1112)
[381.705s][info][gc,heap        ] GC(140) Survivor regions: 117->116(154)
[381.705s][info][gc,heap        ] GC(140) Old regions: 470->502
[381.705s][info][gc,heap        ] GC(140) Humongous regions: 77->77
[381.705s][info][gc,metaspace   ] GC(140) Metaspace: 28858K(29184K)->28858K(29184K) NonClass: 23975K(24128K)->23975K(24128K) Class: 4883K(5056K)->4883K(5056K)
[381.705s][info][gc             ] GC(140) Pause Young (Concurrent Start) (G1 Evacuation Pause) 3547M->1387M(4096M) 123.512ms
[381.705s][info][gc             ] GC(141) Concurrent Mark Cycle
[381.705s][info][gc,marking     ] GC(141) Concurrent Scan Root Regions
[381.705s][info][gc,cpu         ] GC(140) User=0.73s Sys=0.00s Real=0.13s
.[381.964s][info][gc,marking     ] GC(141) Concurrent Scan Root Regions 258.689ms
[381.964s][info][gc,marking     ] GC(141) Concurrent Mark
[381.964s][info][gc,marking     ] GC(141) Concurrent Mark From Roots
[381.964s][info][gc,task        ] GC(141) Using 2 workers of 2 for marking
[382.696s][info][gc,marking     ] GC(141) Concurrent Mark From Roots 731.756ms
[382.696s][info][gc,marking     ] GC(141) Concurrent Preclean
[382.696s][info][gc,marking     ] GC(141) Concurrent Preclean 0.049ms
[382.697s][info][gc,start       ] GC(141) Pause Remark
[382.702s][info][gc             ] GC(141) Pause Remark 2447M->2447M(4096M) 4.936ms
[382.702s][info][gc,cpu         ] GC(141) User=0.02s Sys=0.00s Real=0.00s
[382.703s][info][gc,marking     ] GC(141) Concurrent Mark 738.549ms
[382.703s][info][gc,marking     ] GC(141) Concurrent Rebuild Remembered Sets and Scrub Regions
[382.999s][info][gc,marking     ] GC(141) Concurrent Rebuild Remembered Sets and Scrub Regions 296.405ms
.[383.000s][info][gc,start       ] GC(141) Pause Cleanup
[383.000s][info][gc             ] GC(141) Pause Cleanup 2769M->2769M(4096M) 0.133ms
[383.000s][info][gc,cpu         ] GC(141) User=0.00s Sys=0.00s Real=0.00s
[383.002s][info][gc,marking     ] GC(141) Concurrent Clear Claimed Marks
[383.002s][info][gc,marking     ] GC(141) Concurrent Clear Claimed Marks 0.061ms
[383.002s][info][gc,marking     ] GC(141) Concurrent Cleanup for Next Mark
[383.007s][info][gc,marking     ] GC(141) Concurrent Cleanup for Next Mark 5.579ms
[383.007s][info][gc             ] GC(141) Concurrent Mark Cycle 1302.085ms
[383.598s][info][gc,start       ] GC(142) Pause Young (Prepare Mixed) (G1 Evacuation Pause)
[383.598s][info][gc,task        ] GC(142) Using 6 workers of 6 for evacuation
[383.725s][info][gc,phases      ] GC(142)   Pre Evacuate Collection Set: 0.37ms
[383.725s][info][gc,phases      ] GC(142)   Merge Heap Roots: 0.52ms
[383.725s][info][gc,phases      ] GC(142)   Evacuate Collection Set: 124.99ms
[383.725s][info][gc,phases      ] GC(142)   Post Evacuate Collection Set: 0.96ms
[383.725s][info][gc,phases      ] GC(142)   Other: 0.09ms
[383.725s][info][gc,heap        ] GC(142) Eden regions: 1112->0(1097)
[383.725s][info][gc,heap        ] GC(142) Survivor regions: 116->118(154)
[383.725s][info][gc,heap        ] GC(142) Old regions: 502->535
[383.725s][info][gc,heap        ] GC(142) Humongous regions: 77->77
[383.725s][info][gc,metaspace   ] GC(142) Metaspace: 28858K(29184K)->28858K(29184K) NonClass: 23975K(24128K)->23975K(24128K) Class: 4883K(5056K)->4883K(5056K)
[383.725s][info][gc             ] GC(142) Pause Young (Prepare Mixed) (G1 Evacuation Pause) 3611M->1457M(4096M) 127.072ms
[383.725s][info][gc,cpu         ] GC(142) User=0.75s Sys=0.00s Real=0.13s
.[385.120s][info][gc,start       ] GC(143) Pause Young (Mixed) (G1 Evacuation Pause)
[385.120s][info][gc,task        ] GC(143) Using 6 workers of 6 for evacuation
[385.310s][info][gc,phases      ] GC(143)   Pre Evacuate Collection Set: 0.41ms
[385.310s][info][gc,phases      ] GC(143)   Merge Heap Roots: 0.76ms
[385.310s][info][gc,phases      ] GC(143)   Evacuate Collection Set: 187.42ms
[385.310s][info][gc,phases      ] GC(143)   Post Evacuate Collection Set: 0.99ms
[385.310s][info][gc,phases      ] GC(143)   Other: 0.86ms
[385.310s][info][gc,heap        ] GC(143) Eden regions: 1097->0(1103)
[385.310s][info][gc,heap        ] GC(143) Survivor regions: 118->125(152)
[385.310s][info][gc,heap        ] GC(143) Old regions: 535->472
[385.310s][info][gc,heap        ] GC(143) Humongous regions: 77->77
[385.310s][info][gc,metaspace   ] GC(143) Metaspace: 28858K(29184K)->28858K(29184K) NonClass: 23975K(24128K)->23975K(24128K) Class: 4883K(5056K)->4883K(5056K)
[385.311s][info][gc             ] GC(143) Pause Young (Mixed) (G1 Evacuation Pause) 3651M->1344M(4096M) 190.590ms
[385.311s][info][gc,cpu         ] GC(143) User=0.90s Sys=0.00s Real=0.19s
.[386.747s][info][gc,start       ] GC(144) Pause Young (Concurrent Start) (G1 Evacuation Pause)
[386.747s][info][gc,task        ] GC(144) Using 6 workers of 6 for evacuation
[386.884s][info][gc,phases      ] GC(144)   Pre Evacuate Collection Set: 0.39ms
[386.884s][info][gc,phases      ] GC(144)   Merge Heap Roots: 0.46ms
[386.884s][info][gc,phases      ] GC(144)   Evacuate Collection Set: 135.22ms
[386.884s][info][gc,phases      ] GC(144)   Post Evacuate Collection Set: 0.85ms
[386.884s][info][gc,phases      ] GC(144)   Other: 0.10ms
[386.884s][info][gc,heap        ] GC(144) Eden regions: 1103->0(1129)
[386.884s][info][gc,heap        ] GC(144) Survivor regions: 125->80(154)
[386.884s][info][gc,heap        ] GC(144) Old regions: 472->557
[386.884s][info][gc,heap        ] GC(144) Humongous regions: 77->77
[386.884s][info][gc,metaspace   ] GC(144) Metaspace: 28858K(29184K)->28858K(29184K) NonClass: 23975K(24128K)->23975K(24128K) Class: 4883K(5056K)->4883K(5056K)
[386.884s][info][gc             ] GC(144) Pause Young (Concurrent Start) (G1 Evacuation Pause) 3550M->1425M(4096M) 137.154ms
[386.884s][info][gc             ] GC(145) Concurrent Mark Cycle
[386.884s][info][gc,marking     ] GC(145) Concurrent Scan Root Regions
[386.884s][info][gc,cpu         ] GC(144) User=0.81s Sys=0.01s Real=0.14s
.[387.129s][info][gc,marking     ] GC(145) Concurrent Scan Root Regions 245.315ms
[387.129s][info][gc,marking     ] GC(145) Concurrent Mark
[387.129s][info][gc,marking     ] GC(145) Concurrent Mark From Roots
[387.129s][info][gc,task        ] GC(145) Using 2 workers of 2 for marking
.[389.020s][info][gc,marking     ] GC(145) Concurrent Mark From Roots 1890.505ms
[389.020s][info][gc,marking     ] GC(145) Concurrent Preclean
[389.020s][info][gc,start       ] GC(146) Pause Young (Normal) (G1 Evacuation Pause)
[389.020s][info][gc,task        ] GC(146) Using 6 workers of 6 for evacuation
[389.121s][info][gc,phases      ] GC(146)   Pre Evacuate Collection Set: 0.35ms
[389.121s][info][gc,phases      ] GC(146)   Merge Heap Roots: 0.44ms
[389.121s][info][gc,phases      ] GC(146)   Evacuate Collection Set: 99.38ms
[389.121s][info][gc,phases      ] GC(146)   Post Evacuate Collection Set: 0.90ms
[389.121s][info][gc,phases      ] GC(146)   Other: 0.08ms
[389.121s][info][gc,heap        ] GC(146) Eden regions: 1129->0(1101)
[389.121s][info][gc,heap        ] GC(146) Survivor regions: 80->72(152)
[389.121s][info][gc,heap        ] GC(146) Old regions: 557->602
[389.121s][info][gc,heap        ] GC(146) Humongous regions: 77->77
[389.121s][info][gc,metaspace   ] GC(146) Metaspace: 28858K(29184K)->28858K(29184K) NonClass: 23975K(24128K)->23975K(24128K) Class: 4883K(5056K)->4883K(5056K)
[389.121s][info][gc             ] GC(146) Pause Young (Normal) (G1 Evacuation Pause) 3683M->1500M(4096M) 101.251ms
[389.121s][info][gc,cpu         ] GC(146) User=0.59s Sys=0.00s Real=0.10s
[389.121s][info][gc,marking     ] GC(145) Concurrent Preclean 101.577ms
[389.122s][info][gc,start       ] GC(145) Pause Remark
[389.130s][info][gc             ] GC(145) Pause Remark 1502M->1502M(4096M) 8.430ms
[389.130s][info][gc,cpu         ] GC(145) User=0.04s Sys=0.00s Real=0.01s
[389.130s][info][gc,marking     ] GC(145) Concurrent Mark 2000.817ms
[389.130s][info][gc,marking     ] GC(145) Concurrent Rebuild Remembered Sets and Scrub Regions
.[389.642s][info][gc,marking     ] GC(145) Concurrent Rebuild Remembered Sets and Scrub Regions 512.227ms
[389.644s][info][gc,start       ] GC(145) Pause Cleanup
[389.645s][info][gc             ] GC(145) Pause Cleanup 2136M->2136M(4096M) 0.161ms
[389.645s][info][gc,cpu         ] GC(145) User=0.00s Sys=0.00s Real=0.00s
[389.645s][info][gc,marking     ] GC(145) Concurrent Clear Claimed Marks
[389.645s][info][gc,marking     ] GC(145) Concurrent Clear Claimed Marks 0.052ms
[389.645s][info][gc,marking     ] GC(145) Concurrent Cleanup for Next Mark
[389.649s][info][gc,marking     ] GC(145) Concurrent Cleanup for Next Mark 4.434ms
[389.650s][info][gc             ] GC(145) Concurrent Mark Cycle 2765.569ms
[390.613s][info][gc,start       ] GC(147) Pause Young (Prepare Mixed) (G1 Evacuation Pause)
[390.613s][info][gc,task        ] GC(147) Using 6 workers of 6 for evacuation
[390.719s][info][gc,phases      ] GC(147)   Pre Evacuate Collection Set: 0.37ms
[390.719s][info][gc,phases      ] GC(147)   Merge Heap Roots: 0.48ms
[390.719s][info][gc,phases      ] GC(147)   Evacuate Collection Set: 103.82ms
[390.719s][info][gc,phases      ] GC(147)   Post Evacuate Collection Set: 0.95ms
[390.719s][info][gc,phases      ] GC(147)   Other: 0.09ms
[390.719s][info][gc,heap        ] GC(147) Eden regions: 1101->0(1028)
[390.719s][info][gc,heap        ] GC(147) Survivor regions: 72->119(147)
[390.719s][info][gc,heap        ] GC(147) Old regions: 602->602
[390.719s][info][gc,heap        ] GC(147) Humongous regions: 77->77
[390.719s][info][gc,metaspace   ] GC(147) Metaspace: 28858K(29184K)->28858K(29184K) NonClass: 23975K(24128K)->23975K(24128K) Class: 4883K(5056K)->4883K(5056K)
[390.719s][info][gc             ] GC(147) Pause Young (Prepare Mixed) (G1 Evacuation Pause) 3702M->1594M(4096M) 105.828ms
[390.719s][info][gc,cpu         ] GC(147) User=0.63s Sys=0.00s Real=0.10s
.[392.116s][info][gc,start       ] GC(148) Pause Young (Mixed) (G1 Evacuation Pause)
[392.116s][info][gc,task        ] GC(148) Using 6 workers of 6 for evacuation
[392.306s][info][gc,phases      ] GC(148)   Pre Evacuate Collection Set: 0.39ms
[392.306s][info][gc,phases      ] GC(148)   Merge Heap Roots: 0.62ms
[392.306s][info][gc,phases      ] GC(148)   Evacuate Collection Set: 179.60ms
[392.306s][info][gc,phases      ] GC(148)   Merge Optional Heap Roots: 0.20ms
[392.306s][info][gc,phases      ] GC(148)   Evacuate Optional Collection Set: 7.78ms
[392.306s][info][gc,phases      ] GC(148)   Post Evacuate Collection Set: 1.06ms
[392.306s][info][gc,phases      ] GC(148)   Other: 0.09ms
[392.306s][info][gc,heap        ] GC(148) Eden regions: 1028->0(1118)
[392.306s][info][gc,heap        ] GC(148) Survivor regions: 119->72(144)
[392.306s][info][gc,heap        ] GC(148) Old regions: 602->579
[392.306s][info][gc,heap        ] GC(148) Humongous regions: 77->77
[392.306s][info][gc,metaspace   ] GC(148) Metaspace: 28858K(29184K)->28858K(29184K) NonClass: 23975K(24128K)->23975K(24128K) Class: 4883K(5056K)->4883K(5056K)
[392.306s][info][gc             ] GC(148) Pause Young (Mixed) (G1 Evacuation Pause) 3650M->1454M(4096M) 189.862ms
[392.306s][info][gc,cpu         ] GC(148) User=0.89s Sys=0.00s Real=0.19s
.[393.715s][info][gc,start       ] GC(149) Pause Young (Concurrent Start) (G1 Evacuation Pause)
[393.715s][info][gc,task        ] GC(149) Using 6 workers of 6 for evacuation
[393.820s][info][gc,phases      ] GC(149)   Pre Evacuate Collection Set: 0.36ms
[393.820s][info][gc,phases      ] GC(149)   Merge Heap Roots: 0.52ms
[393.820s][info][gc,phases      ] GC(149)   Evacuate Collection Set: 103.43ms
[393.820s][info][gc,phases      ] GC(149)   Post Evacuate Collection Set: 0.82ms
[393.820s][info][gc,phases      ] GC(149)   Other: 0.12ms
[393.820s][info][gc,heap        ] GC(149) Eden regions: 1118->0(1053)
[393.820s][info][gc,heap        ] GC(149) Survivor regions: 72->118(149)
[393.820s][info][gc,heap        ] GC(149) Old regions: 579->579
[393.820s][info][gc,heap        ] GC(149) Humongous regions: 77->77
[393.820s][info][gc,metaspace   ] GC(149) Metaspace: 28858K(29184K)->28858K(29184K) NonClass: 23975K(24128K)->23975K(24128K) Class: 4883K(5056K)->4883K(5056K)
[393.820s][info][gc             ] GC(149) Pause Young (Concurrent Start) (G1 Evacuation Pause) 3690M->1545M(4096M) 105.395ms
[393.820s][info][gc             ] GC(150) Concurrent Mark Cycle
[393.820s][info][gc,marking     ] GC(150) Concurrent Scan Root Regions
[393.820s][info][gc,cpu         ] GC(149) User=0.62s Sys=0.00s Real=0.10s
. (rIR:aIR:PR = 11548:11520:10849) (tPR = 158488) [PR is under limit] 
   393s: Re-initializing (term[393.978s][info][gc,marking     ] GC(150) Concurrent Scan Root Regions 157.539ms
[393.978s][info][gc,marking     ] GC(150) Concurrent Mark
[393.978s][info][gc,marking     ] GC(150) Concurrent Mark From Roots
[393.978s][info][gc,task        ] GC(150) Using 2 workers of 2 for marking
[395.436s][info][gc,marking     ] GC(150) Concurrent Mark From Roots 1458.158ms
[395.436s][info][gc,marking     ] GC(150) Concurrent Preclean
[395.436s][info][gc,marking     ] GC(150) Concurrent Preclean 0.065ms
[395.440s][info][gc,start       ] GC(150) Pause Remark
[395.447s][info][gc             ] GC(150) Pause Remark 3275M->3275M(4096M) 7.637ms
[395.447s][info][gc,cpu         ] GC(150) User=0.04s Sys=0.00s Real=0.01s
[395.449s][info][gc,marking     ] GC(150) Concurrent Mark 1471.916ms
[395.450s][info][gc,marking     ] GC(150) Concurrent Rebuild Remembered Sets and Scrub Regions
[395.826s][info][gc,start       ] GC(151) Pause Young (Normal) (G1 Evacuation Pause)
[395.826s][info][gc,task        ] GC(151) Using 6 workers of 6 for evacuation
[395.956s][info][gc,phases      ] GC(151)   Pre Evacuate Collection Set: 0.32ms
[395.956s][info][gc,phases      ] GC(151)   Merge Heap Roots: 0.55ms
[395.956s][info][gc,phases      ] GC(151)   Evacuate Collection Set: 127.98ms
[395.956s][info][gc,phases      ] GC(151)   Post Evacuate Collection Set: 0.91ms
[395.956s][info][gc,phases      ] GC(151)   Other: 0.82ms
[395.956s][info][gc,heap        ] GC(151) Eden regions: 1053->0(1047)
[395.956s][info][gc,heap        ] GC(151) Survivor regions: 118->75(147)
[395.956s][info][gc,heap        ] GC(151) Old regions: 579->656
[395.956s][info][gc,heap        ] GC(151) Humongous regions: 77->77
[395.956s][info][gc,metaspace   ] GC(151) Metaspace: 28858K(29184K)->28858K(29184K) NonClass: 23975K(24128K)->23975K(24128K) Class: 4883K(5056K)->4883K(5056K)
[395.956s][info][gc             ] GC(151) Pause Young (Normal) (G1 Evacuation Pause) 3651M->1613M(4096M) 130.714ms
[395.956s][info][gc,cpu         ] GC(151) User=0.76s Sys=0.00s Real=0.13s
[396.050s][info][gc,marking     ] GC(150) Concurrent Rebuild Remembered Sets and Scrub Regions 600.849ms
[396.051s][info][gc,start       ] GC(150) Pause Cleanup
[396.051s][info][gc             ] GC(150) Pause Cleanup 1685M->1685M(4096M) 0.165ms
[396.051s][info][gc,cpu         ] GC(150) User=0.00s Sys=0.00s Real=0.00s
[396.051s][info][gc,marking     ] GC(150) Concurrent Clear Claimed Marks
[396.051s][info][gc,marking     ] GC(150) Concurrent Clear Claimed Marks 0.034ms
[396.051s][info][gc,marking     ] GC(150) Concurrent Cleanup for Next Mark
[396.056s][info][gc,marking     ] GC(150) Concurrent Cleanup for Next Mark 5.608ms
[396.057s][info][gc             ] GC(150) Concurrent Mark Cycle 2236.557ms
[397.365s][info][gc,start       ] GC(152) Pause Young (Prepare Mixed) (G1 Evacuation Pause)
[397.365s][info][gc,task        ] GC(152) Using 6 workers of 6 for evacuation
[397.472s][info][gc,phases      ] GC(152)   Pre Evacuate Collection Set: 0.34ms
[397.472s][info][gc,phases      ] GC(152)   Merge Heap Roots: 0.46ms
[397.472s][info][gc,phases      ] GC(152)   Evacuate Collection Set: 105.30ms
[397.472s][info][gc,phases      ] GC(152)   Post Evacuate Collection Set: 0.90ms
[397.472s][info][gc,phases      ] GC(152)   Other: 0.09ms
[397.472s][info][gc,heap        ] GC(152) Eden regions: 1047->0(997)
[397.472s][info][gc,heap        ] GC(152) Survivor regions: 75->78(141)
[397.472s][info][gc,heap        ] GC(152) Old regions: 656->704
[397.472s][info][gc,heap        ] GC(152) Humongous regions: 77->77
[397.472s][info][gc,metaspace   ] GC(152) Metaspace: 28858K(29184K)->28858K(29184K) NonClass: 23975K(24128K)->23975K(24128K) Class: 4883K(5056K)->4883K(5056K)
[397.472s][info][gc             ] GC(152) Pause Young (Prepare Mixed) (G1 Evacuation Pause) 3707M->1714M(4096M) 107.212ms
[397.472s][info][gc,cpu         ] GC(152) User=0.63s Sys=0.00s Real=0.10s
) [397.760s][info][gc,start       ] GC(153) Pause Full (System.gc())
[397.760s][info][gc,task        ] GC(153) Using 6 workers of 6 for full compaction
[397.761s][info][gc,phases,start] GC(153) Phase 1: Mark live objects
[397.775s][info][gc,phases      ] GC(153) Phase 1: Mark live objects 14.760ms
[397.775s][info][gc,phases,start] GC(153) Phase 2: Prepare compaction
[397.778s][info][gc,phases      ] GC(153) Phase 2: Prepare compaction 2.411ms
[397.778s][info][gc,phases,start] GC(153) Phase 3: Adjust pointers
[397.785s][info][gc,phases      ] GC(153) Phase 3: Adjust pointers 6.832ms
[397.785s][info][gc,phases,start] GC(153) Phase 4: Compact heap
[397.787s][info][gc,phases      ] GC(153) Phase 4: Compact heap 2.579ms
[397.787s][info][gc,phases,start] GC(153) Phase 5: Reset Metadata
[397.792s][info][gc,phases      ] GC(153) Phase 5: Reset Metadata 4.347ms
[397.798s][info][gc,heap        ] GC(153) Eden regions: 241->0(1228)
[397.798s][info][gc,heap        ] GC(153) Survivor regions: 78->0(141)
[397.798s][info][gc,heap        ] GC(153) Old regions: 704->35
[397.798s][info][gc,heap        ] GC(153) Humongous regions: 77->66
[397.798s][info][gc,metaspace   ] GC(153) Metaspace: 28858K(29184K)->28858K(29184K) NonClass: 23975K(24128K)->23975K(24128K) Class: 4883K(5056K)->4883K(5056K)
[397.798s][info][gc             ] GC(153) Pause Full (System.gc()) 2196M->194M(4096M) 37.769ms
[397.798s][info][gc,cpu         ] GC(153) User=0.20s Sys=0.00s Real=0.04s
(init[398.036s][info][gc,start       ] GC(154) Pause Young (Concurrent Start) (G1 Humongous Allocation)
[398.036s][info][gc,task        ] GC(154) Using 6 workers of 6 for evacuation
[398.045s][info][gc,phases      ] GC(154)   Pre Evacuate Collection Set: 0.36ms
[398.045s][info][gc,phases      ] GC(154)   Merge Heap Roots: 0.03ms
[398.045s][info][gc,phases      ] GC(154)   Evacuate Collection Set: 8.06ms
[398.045s][info][gc,phases      ] GC(154)   Post Evacuate Collection Set: 0.26ms
[398.045s][info][gc,phases      ] GC(154)   Other: 0.08ms
[398.045s][info][gc,heap        ] GC(154) Eden regions: 31->0(1219)
[398.045s][info][gc,heap        ] GC(154) Survivor regions: 0->9(154)
[398.045s][info][gc,heap        ] GC(154) Old regions: 35->35
[398.045s][info][gc,heap        ] GC(154) Humongous regions: 66->66
[398.045s][info][gc,metaspace   ] GC(154) Metaspace: 28858K(29184K)->28858K(29184K) NonClass: 23975K(24128K)->23975K(24128K) Class: 4883K(5056K)->4883K(5056K)
[398.045s][info][gc             ] GC(154) Pause Young (Concurrent Start) (G1 Humongous Allocation) 256M->212M(4096M) 8.919ms
[398.045s][info][gc             ] GC(155) Concurrent Mark Cycle
[398.045s][info][gc,marking     ] GC(155) Concurrent Scan Root Regions
[398.045s][info][gc,cpu         ] GC(154) User=0.05s Sys=0.00s Real=0.01s
[398.052s][info][gc,marking     ] GC(155) Concurrent Scan Root Regions 6.255ms
[398.052s][info][gc,marking     ] GC(155) Concurrent Mark
[398.052s][info][gc,marking     ] GC(155) Concurrent Mark From Roots
[398.052s][info][gc,task        ] GC(155) Using 2 workers of 2 for marking
[398.112s][info][gc,marking     ] GC(155) Concurrent Mark From Roots 60.757ms
[398.112s][info][gc,marking     ] GC(155) Concurrent Preclean
[398.112s][info][gc,marking     ] GC(155) Concurrent Preclean 0.059ms
[398.113s][info][gc,start       ] GC(155) Pause Remark
[398.114s][info][gc             ] GC(155) Pause Remark 329M->329M(4096M) 1.725ms
[398.114s][info][gc,cpu         ] GC(155) User=0.01s Sys=0.00s Real=0.00s
[398.114s][info][gc,marking     ] GC(155) Concurrent Mark 62.720ms
[398.114s][info][gc,marking     ] GC(155) Concurrent Rebuild Remembered Sets and Scrub Regions
[398.132s][info][gc,marking     ] GC(155) Concurrent Rebuild Remembered Sets and Scrub Regions 17.836ms
[398.132s][info][gc,start       ] GC(155) Pause Cleanup
[398.132s][info][gc             ] GC(155) Pause Cleanup 365M->365M(4096M) 0.067ms
[398.132s][info][gc,cpu         ] GC(155) User=0.00s Sys=0.00s Real=0.00s
[398.132s][info][gc,marking     ] GC(155) Concurrent Clear Claimed Marks
[398.132s][info][gc,marking     ] GC(155) Concurrent Clear Claimed Marks 0.027ms
[398.132s][info][gc,marking     ] GC(155) Concurrent Cleanup for Next Mark
[398.137s][info][gc,marking     ] GC(155) Concurrent Cleanup for Next Mark 4.465ms
[398.137s][info][gc             ] GC(155) Concurrent Mark Cycle 91.615ms
) ... OK
   402s: high-bound for max-jOPS is measured to be 13837
   402s: 
   402s: Restarting (term) [402.602s][info][gc,start       ] GC(156) Pause Full (System.gc())
[402.602s][info][gc,task        ] GC(156) Using 6 workers of 6 for full compaction
[402.602s][info][gc,phases,start] GC(156) Phase 1: Mark live objects
[402.617s][info][gc,phases      ] GC(156) Phase 1: Mark live objects 14.713ms
[402.617s][info][gc,phases,start] GC(156) Phase 2: Prepare compaction
[402.619s][info][gc,phases      ] GC(156) Phase 2: Prepare compaction 2.106ms
[402.619s][info][gc,phases,start] GC(156) Phase 3: Adjust pointers
[402.626s][info][gc,phases      ] GC(156) Phase 3: Adjust pointers 6.911ms
[402.626s][info][gc,phases,start] GC(156) Phase 4: Compact heap
[402.628s][info][gc,phases      ] GC(156) Phase 4: Compact heap 2.167ms
[402.628s][info][gc,phases,start] GC(156) Phase 5: Reset Metadata
[402.632s][info][gc,phases      ] GC(156) Phase 5: Reset Metadata 4.345ms
[402.639s][info][gc,heap        ] GC(156) Eden regions: 931->0(1228)
[402.639s][info][gc,heap        ] GC(156) Survivor regions: 9->0(154)
[402.639s][info][gc,heap        ] GC(156) Old regions: 35->35
[402.639s][info][gc,heap        ] GC(156) Humongous regions: 163->66
[402.639s][info][gc,metaspace   ] GC(156) Metaspace: 28863K(29184K)->28863K(29184K) NonClass: 23979K(24128K)->23979K(24128K) Class: 4883K(5056K)->4883K(5056K)
[402.639s][info][gc             ] GC(156) Pause Full (System.gc()) 2266M->194M(4096M) 37.007ms
[402.639s][info][gc,cpu         ] GC(156) User=0.19s Sys=0.00s Real=0.04s
(init[402.877s][info][gc,start       ] GC(157) Pause Young (Concurrent Start) (G1 Humongous Allocation)
[402.877s][info][gc,task        ] GC(157) Using 6 workers of 6 for evacuation
[402.891s][info][gc,phases      ] GC(157)   Pre Evacuate Collection Set: 0.39ms
[402.891s][info][gc,phases      ] GC(157)   Merge Heap Roots: 0.03ms
[402.891s][info][gc,phases      ] GC(157)   Evacuate Collection Set: 13.17ms
[402.891s][info][gc,phases      ] GC(157)   Post Evacuate Collection Set: 0.27ms
[402.891s][info][gc,phases      ] GC(157)   Other: 0.08ms
[402.891s][info][gc,heap        ] GC(157) Eden regions: 49->0(1214)
[402.891s][info][gc,heap        ] GC(157) Survivor regions: 0->14(154)
[402.891s][info][gc,heap        ] GC(157) Old regions: 35->35
[402.891s][info][gc,heap        ] GC(157) Humongous regions: 66->66
[402.891s][info][gc,metaspace   ] GC(157) Metaspace: 28863K(29184K)->28863K(29184K) NonClass: 23980K(24128K)->23980K(24128K) Class: 4883K(5056K)->4883K(5056K)
[402.891s][info][gc             ] GC(157) Pause Young (Concurrent Start) (G1 Humongous Allocation) 292M->222M(4096M) 14.093ms
[402.891s][info][gc             ] GC(158) Concurrent Mark Cycle
[402.891s][info][gc,marking     ] GC(158) Concurrent Scan Root Regions
[402.891s][info][gc,cpu         ] GC(157) User=0.08s Sys=0.00s Real=0.01s
[402.903s][info][gc,marking     ] GC(158) Concurrent Scan Root Regions 11.982ms
[402.903s][info][gc,marking     ] GC(158) Concurrent Mark
[402.903s][info][gc,marking     ] GC(158) Concurrent Mark From Roots
[402.903s][info][gc,task        ] GC(158) Using 2 workers of 2 for marking
[402.963s][info][gc,marking     ] GC(158) Concurrent Mark From Roots 59.893ms
[402.963s][info][gc,marking     ] GC(158) Concurrent Preclean
[402.963s][info][gc,marking     ] GC(158) Concurrent Preclean 0.058ms
[402.963s][info][gc,start       ] GC(158) Pause Remark
[402.965s][info][gc             ] GC(158) Pause Remark 349M->349M(4096M) 1.643ms
[402.965s][info][gc,cpu         ] GC(158) User=0.01s Sys=0.00s Real=0.00s
[402.965s][info][gc,marking     ] GC(158) Concurrent Mark 61.785ms
[402.965s][info][gc,marking     ] GC(158) Concurrent Rebuild Remembered Sets and Scrub Regions
[402.988s][info][gc,marking     ] GC(158) Concurrent Rebuild Remembered Sets and Scrub Regions 22.793ms
[402.988s][info][gc,start       ] GC(158) Pause Cleanup
[402.988s][info][gc             ] GC(158) Pause Cleanup 390M->390M(4096M) 0.071ms
[402.988s][info][gc,cpu         ] GC(158) User=0.00s Sys=0.00s Real=0.00s
[402.988s][info][gc,marking     ] GC(158) Concurrent Clear Claimed Marks
[402.988s][info][gc,marking     ] GC(158) Concurrent Clear Claimed Marks 0.026ms
[402.988s][info][gc,marking     ] GC(158) Concurrent Cleanup for Next Mark
[402.992s][info][gc,marking     ] GC(158) Concurrent Cleanup for Next Mark 4.053ms
[402.992s][info][gc             ] GC(158) Concurrent Mark Cycle 100.984ms
) ... OK
   407s: 
   407s: Warmup for building throughput-responsetime curve
   407s: (10%)   IR =   1384 ..[410.297s][info][gc,start       ] GC(159) Pause Young (Prepare Mixed) (G1 Evacuation Pause)
[410.297s][info][gc,task        ] GC(159) Using 6 workers of 6 for evacuation
[410.781s][info][gc,mmu         ] GC(159) MMU target violated: 201.0ms (200.0ms/201.0ms)
[410.781s][info][gc,phases      ] GC(159)   Pre Evacuate Collection Set: 0.35ms
[410.781s][info][gc,phases      ] GC(159)   Merge Heap Roots: 0.56ms
[410.781s][info][gc,phases      ] GC(159)   Evacuate Collection Set: 481.29ms
[410.781s][info][gc,phases      ] GC(159)   Post Evacuate Collection Set: 1.34ms
[410.781s][info][gc,phases      ] GC(159)   Other: 0.12ms
[410.781s][info][gc,heap        ] GC(159) Eden regions: 1214->0(393)
[410.781s][info][gc,heap        ] GC(159) Survivor regions: 14->154(154)
[410.781s][info][gc,heap        ] GC(159) Old regions: 35->345
[410.781s][info][gc,heap        ] GC(159) Humongous regions: 163->155
[410.781s][info][gc,metaspace   ] GC(159) Metaspace: 28876K(29184K)->28876K(29184K) NonClass: 23992K(24128K)->23992K(24128K) Class: 4883K(5056K)->4883K(5056K)
[410.781s][info][gc             ] GC(159) Pause Young (Prepare Mixed) (G1 Evacuation Pause) 2844M->1300M(4096M) 483.752ms
[410.781s][info][gc,cpu         ] GC(159) User=2.86s Sys=0.01s Real=0.48s
...[413.734s][info][gc,start       ] GC(160) Pause Young (Mixed) (G1 Evacuation Pause)
[413.734s][info][gc,task        ] GC(160) Using 6 workers of 6 for evacuation
[413.920s][info][gc,phases      ] GC(160)   Pre Evacuate Collection Set: 0.38ms
[413.920s][info][gc,phases      ] GC(160)   Merge Heap Roots: 0.65ms
[413.920s][info][gc,phases      ] GC(160)   Evacuate Collection Set: 184.57ms
[413.920s][info][gc,phases      ] GC(160)   Post Evacuate Collection Set: 0.56ms
[413.920s][info][gc,phases      ] GC(160)   Other: 0.07ms
[413.920s][info][gc,heap        ] GC(160) Eden regions: 374->0(628)
[413.920s][info][gc,heap        ] GC(160) Survivor regions: 154->23(66)
[413.920s][info][gc,heap        ] GC(160) Old regions: 345->496
[413.920s][info][gc,heap        ] GC(160) Humongous regions: 155->155
[413.920s][info][gc,metaspace   ] GC(160) Metaspace: 28877K(29184K)->28877K(29184K) NonClass: 23993K(24128K)->23993K(24128K) Class: 4883K(5056K)->4883K(5056K)
[413.920s][info][gc             ] GC(160) Pause Young (Mixed) (G1 Evacuation Pause) 2048M->1339M(4096M) 186.357ms
[413.920s][info][gc,cpu         ] GC(160) User=1.10s Sys=0.00s Real=0.18s
......[419.324s][info][gc,start       ] GC(161) Pause Young (Concurrent Start) (G1 Evacuation Pause)
[419.324s][info][gc,task        ] GC(161) Using 6 workers of 6 for evacuation
[419.379s][info][gc,phases      ] GC(161)   Pre Evacuate Collection Set: 0.41ms
[419.379s][info][gc,phases      ] GC(161)   Merge Heap Roots: 0.42ms
[419.379s][info][gc,phases      ] GC(161)   Evacuate Collection Set: 53.28ms
[419.379s][info][gc,phases      ] GC(161)   Post Evacuate Collection Set: 0.55ms
[419.379s][info][gc,phases      ] GC(161)   Other: 0.10ms
[419.379s][info][gc,heap        ] GC(161) Eden regions: 663->0(672)
[419.379s][info][gc,heap        ] GC(161) Survivor regions: 23->54(86)
[419.379s][info][gc,heap        ] GC(161) Old regions: 496->496
[419.379s][info][gc,heap        ] GC(161) Humongous regions: 155->155
[419.379s][info][gc,metaspace   ] GC(161) Metaspace: 28877K(29184K)->28877K(29184K) NonClass: 23994K(24128K)->23994K(24128K) Class: 4883K(5056K)->4883K(5056K)
[419.379s][info][gc             ] GC(161) Pause Young (Concurrent Start) (G1 Evacuation Pause) 2665M->1402M(4096M) 54.907ms
[419.379s][info][gc             ] GC(162) Concurrent Mark Cycle
[419.379s][info][gc,marking     ] GC(162) Concurrent Scan Root Regions
[419.379s][info][gc,cpu         ] GC(161) User=0.32s Sys=0.00s Real=0.05s
[419.451s][info][gc,marking     ] GC(162) Concurrent Scan Root Regions 72.488ms
[419.451s][info][gc,marking     ] GC(162) Concurrent Mark
[419.451s][info][gc,marking     ] GC(162) Concurrent Mark From Roots
[419.451s][info][gc,task        ] GC(162) Using 2 workers of 2 for marking
.[420.397s][info][gc,marking     ] GC(162) Concurrent Mark From Roots 945.473ms
[420.397s][info][gc,marking     ] GC(162) Concurrent Preclean
[420.397s][info][gc,marking     ] GC(162) Concurrent Preclean 0.047ms
[420.397s][info][gc,start       ] GC(162) Pause Remark
[420.402s][info][gc             ] GC(162) Pause Remark 1686M->1464M(4096M) 5.175ms
[420.402s][info][gc,cpu         ] GC(162) User=0.03s Sys=0.00s Real=0.00s
[420.402s][info][gc,marking     ] GC(162) Concurrent Mark 950.958ms
[420.402s][info][gc,marking     ] GC(162) Concurrent Rebuild Remembered Sets and Scrub Regions
[420.738s][info][gc,marking     ] GC(162) Concurrent Rebuild Remembered Sets and Scrub Regions 335.482ms
[420.738s][info][gc,start       ] GC(162) Pause Cleanup
[420.738s][info][gc             ] GC(162) Pause Cleanup 1540M->1540M(4096M) 0.102ms
[420.738s][info][gc,cpu         ] GC(162) User=0.00s Sys=0.00s Real=0.00s
[420.738s][info][gc,marking     ] GC(162) Concurrent Clear Claimed Marks
[420.738s][info][gc,marking     ] GC(162) Concurrent Clear Claimed Marks 0.027ms
[420.738s][info][gc,marking     ] GC(162) Concurrent Cleanup for Next Mark
[420.742s][info][gc,marking     ] GC(162) Concurrent Cleanup for Next Mark 3.442ms
[420.742s][info][gc             ] GC(162) Concurrent Mark Cycle 1362.839ms
.....[424.964s][info][gc,start       ] GC(163) Pause Young (Prepare Mixed) (G1 Evacuation Pause)
[424.964s][info][gc,task        ] GC(163) Using 6 workers of 6 for evacuation
[425.038s][info][gc,phases      ] GC(163)   Pre Evacuate Collection Set: 0.37ms
[425.038s][info][gc,phases      ] GC(163)   Merge Heap Roots: 0.51ms
[425.038s][info][gc,phases      ] GC(163)   Evacuate Collection Set: 72.33ms
[425.038s][info][gc,phases      ] GC(163)   Post Evacuate Collection Set: 0.73ms
[425.038s][info][gc,phases      ] GC(163)   Other: 0.07ms
[425.038s][info][gc,heap        ] GC(163) Eden regions: 664->0(764)
[425.038s][info][gc,heap        ] GC(163) Survivor regions: 54->65(90)
[425.038s][info][gc,heap        ] GC(163) Old regions: 465->482
[425.038s][info][gc,heap        ] GC(163) Humongous regions: 75->75
[425.038s][info][gc,metaspace   ] GC(163) Metaspace: 28877K(29184K)->28877K(29184K) NonClass: 23994K(24128K)->23994K(24128K) Class: 4883K(5056K)->4883K(5056K)
[425.038s][info][gc             ] GC(163) Pause Young (Prepare Mixed) (G1 Evacuation Pause) 2508M->1236M(4096M) 74.138ms
[425.038s][info][gc,cpu         ] GC(163) User=0.44s Sys=0.00s Real=0.07s
.......[432.229s][info][gc,start       ] GC(164) Pause Young (Mixed) (G1 Evacuation Pause)
[432.229s][info][gc,task        ] GC(164) Using 6 workers of 6 for evacuation
[432.316s][info][gc,phases      ] GC(164)   Pre Evacuate Collection Set: 0.40ms
[432.316s][info][gc,phases      ] GC(164)   Merge Heap Roots: 0.41ms
[432.316s][info][gc,phases      ] GC(164)   Evacuate Collection Set: 85.42ms
[432.316s][info][gc,phases      ] GC(164)   Post Evacuate Collection Set: 0.76ms
[432.316s][info][gc,phases      ] GC(164)   Other: 0.09ms
[432.316s][info][gc,heap        ] GC(164) Eden regions: 852->0(936)
[432.316s][info][gc,heap        ] GC(164) Survivor regions: 65->74(115)
[432.316s][info][gc,heap        ] GC(164) Old regions: 482->502
[432.316s][info][gc,heap        ] GC(164) Humongous regions: 75->75
[432.316s][info][gc,metaspace   ] GC(164) Metaspace: 28883K(29184K)->28883K(29184K) NonClass: 24000K(24128K)->24000K(24128K) Class: 4883K(5056K)->4883K(5056K)
[432.316s][info][gc             ] GC(164) Pause Young (Mixed) (G1 Evacuation Pause) 2940M->1298M(4096M) 87.206ms
[432.316s][info][gc,cpu         ] GC(164) User=0.51s Sys=0.01s Real=0.09s
.........[441.154s][info][gc,start       ] GC(165) Pause Young (Mixed) (G1 Evacuation Pause)
[441.154s][info][gc,task        ] GC(165) Using 6 workers of 6 for evacuation
[441.250s][info][gc,phases      ] GC(165)   Pre Evacuate Collection Set: 0.34ms
[441.250s][info][gc,phases      ] GC(165)   Merge Heap Roots: 0.42ms
[441.250s][info][gc,phases      ] GC(165)   Evacuate Collection Set: 94.45ms
[441.250s][info][gc,phases      ] GC(165)   Post Evacuate Collection Set: 0.82ms
[441.250s][info][gc,phases      ] GC(165)   Other: 0.09ms
[441.250s][info][gc,heap        ] GC(165) Eden regions: 1026->0(1056)
[441.250s][info][gc,heap        ] GC(165) Survivor regions: 74->88(138)
[441.250s][info][gc,heap        ] GC(165) Old regions: 502->520
[441.250s][info][gc,heap        ] GC(165) Humongous regions: 77->77
[441.250s][info][gc,metaspace   ] GC(165) Metaspace: 28887K(29184K)->28887K(29184K) NonClass: 24004K(24128K)->24004K(24128K) Class: 4883K(5056K)->4883K(5056K)
[441.250s][info][gc             ] GC(165) Pause Young (Mixed) (G1 Evacuation Pause) 3354M->1366M(4096M) 96.250ms
[441.251s][info][gc,cpu         ] GC(165) User=0.57s Sys=0.00s Real=0.09s
.........[450.591s][info][gc,start       ] GC(166) Pause Young (Mixed) (G1 Evacuation Pause)
[450.591s][info][gc,task        ] GC(166) Using 6 workers of 6 for evacuation
[450.700s][info][gc,phases      ] GC(166)   Pre Evacuate Collection Set: 0.43ms
[450.700s][info][gc,phases      ] GC(166)   Merge Heap Roots: 0.42ms
[450.700s][info][gc,phases      ] GC(166)   Evacuate Collection Set: 106.55ms
[450.700s][info][gc,phases      ] GC(166)   Merge Optional Heap Roots: 0.03ms
[450.700s][info][gc,phases      ] GC(166)   Evacuate Optional Collection Set: 0.46ms
[450.700s][info][gc,phases      ] GC(166)   Post Evacuate Collection Set: 0.94ms
[450.700s][info][gc,phases      ] GC(166)   Other: 0.10ms
[450.700s][info][gc,heap        ] GC(166) Eden regions: 1068->0(1078)
[450.700s][info][gc,heap        ] GC(166) Survivor regions: 88->98(145)
[450.700s][info][gc,heap        ] GC(166) Old regions: 520->530
[450.700s][info][gc,heap        ] GC(166) Humongous regions: 77->77
[450.700s][info][gc,metaspace   ] GC(166) Metaspace: 28893K(29184K)->28893K(29184K) NonClass: 24009K(24128K)->24009K(24128K) Class: 4883K(5056K)->4883K(5056K)
[450.700s][info][gc             ] GC(166) Pause Young (Mixed) (G1 Evacuation Pause) 3502M->1408M(4096M) 109.064ms
[450.701s][info][gc,cpu         ] GC(166) User=0.65s Sys=0.00s Real=0.11s
...........[461.428s][info][gc,start       ] GC(167) Pause Young (Mixed) (G1 Evacuation Pause)
[461.429s][info][gc,task        ] GC(167) Using 6 workers of 6 for evacuation
[461.541s][info][gc,phases      ] GC(167)   Pre Evacuate Collection Set: 0.40ms
[461.541s][info][gc,phases      ] GC(167)   Merge Heap Roots: 0.40ms
[461.541s][info][gc,phases      ] GC(167)   Evacuate Collection Set: 110.81ms
[461.541s][info][gc,phases      ] GC(167)   Post Evacuate Collection Set: 0.89ms
[461.541s][info][gc,phases      ] GC(167)   Other: 0.08ms
[461.541s][info][gc,heap        ] GC(167) Eden regions: 1078->0(1073)
[461.541s][info][gc,heap        ] GC(167) Survivor regions: 98->102(147)
[461.541s][info][gc,heap        ] GC(167) Old regions: 530->558
[461.541s][info][gc,heap        ] GC(167) Humongous regions: 77->77
[461.541s][info][gc,metaspace   ] GC(167) Metaspace: 28893K(29184K)->28893K(29184K) NonClass: 24009K(24128K)->24009K(24128K) Class: 4883K(5056K)->4883K(5056K)
[461.541s][info][gc             ] GC(167) Pause Young (Mixed) (G1 Evacuation Pause) 3564M->1471M(4096M) 112.700ms
[461.541s][info][gc,cpu         ] GC(167) User=0.67s Sys=0.00s Real=0.11s
............[473.251s][info][gc,start       ] GC(168) Pause Young (Concurrent Start) (G1 Evacuation Pause)
[473.251s][info][gc,task        ] GC(168) Using 6 workers of 6 for evacuation
[473.367s][info][gc,phases      ] GC(168)   Pre Evacuate Collection Set: 0.40ms
[473.367s][info][gc,phases      ] GC(168)   Merge Heap Roots: 0.41ms
[473.367s][info][gc,phases      ] GC(168)   Evacuate Collection Set: 113.33ms
[473.367s][info][gc,phases      ] GC(168)   Post Evacuate Collection Set: 0.95ms
[473.367s][info][gc,phases      ] GC(168)   Other: 0.10ms
[473.367s][info][gc,heap        ] GC(168) Eden regions: 1073->0(1057)
[473.367s][info][gc,heap        ] GC(168) Survivor regions: 102->104(147)
[473.367s][info][gc,heap        ] GC(168) Old regions: 558->594
[473.367s][info][gc,heap        ] GC(168) Humongous regions: 77->77
[473.367s][info][gc,metaspace   ] GC(168) Metaspace: 28893K(29184K)->28893K(29184K) NonClass: 24010K(24128K)->24010K(24128K) Class: 4883K(5056K)->4883K(5056K)
[473.367s][info][gc             ] GC(168) Pause Young (Concurrent Start) (G1 Evacuation Pause) 3617M->1548M(4096M) 115.341ms
[473.367s][info][gc             ] GC(169) Concurrent Mark Cycle
[473.367s][info][gc,marking     ] GC(169) Concurrent Scan Root Regions
[473.367s][info][gc,cpu         ] GC(168) User=0.68s Sys=0.00s Real=0.12s
[473.546s][info][gc,marking     ] GC(169) Concurrent Scan Root Regions 179.346ms
[473.546s][info][gc,marking     ] GC(169) Concurrent Mark
[473.546s][info][gc,marking     ] GC(169) Concurrent Mark From Roots
[473.546s][info][gc,task        ] GC(169) Using 2 workers of 2 for marking
.[474.338s][info][gc,marking     ] GC(169) Concurrent Mark From Roots 792.208ms
[474.338s][info][gc,marking     ] GC(169) Concurrent Preclean
[474.338s][info][gc,marking     ] GC(169) Concurrent Preclean 0.045ms
[474.339s][info][gc,start       ] GC(169) Pause Remark
[474.342s][info][gc             ] GC(169) Pause Remark 1762M->1762M(4096M) 3.761ms
[474.342s][info][gc,cpu         ] GC(169) User=0.02s Sys=0.00s Real=0.01s
[474.342s][info][gc,marking     ] GC(169) Concurrent Mark 796.296ms
[474.342s][info][gc,marking     ] GC(169) Concurrent Rebuild Remembered Sets and Scrub Regions
[474.537s][info][gc,marking     ] GC(169) Concurrent Rebuild Remembered Sets and Scrub Regions 194.077ms
[474.537s][info][gc,start       ] GC(169) Pause Cleanup
[474.537s][info][gc             ] GC(169) Pause Cleanup 1799M->1799M(4096M) 0.184ms
[474.537s][info][gc,cpu         ] GC(169) User=0.00s Sys=0.00s Real=0.00s
[474.537s][info][gc,marking     ] GC(169) Concurrent Clear Claimed Marks
[474.537s][info][gc,marking     ] GC(169) Concurrent Clear Claimed Marks 0.034ms
[474.537s][info][gc,marking     ] GC(169) Concurrent Cleanup for Next Mark
[474.540s][info][gc,marking     ] GC(169) Concurrent Cleanup for Next Mark 3.278ms
[474.540s][info][gc             ] GC(169) Concurrent Mark Cycle 1173.580ms
...........[485.329s][info][gc,start       ] GC(170) Pause Young (Prepare Mixed) (G1 Evacuation Pause)
[485.329s][info][gc,task        ] GC(170) Using 6 workers of 6 for evacuation
[485.449s][info][gc,phases      ] GC(170)   Pre Evacuate Collection Set: 0.35ms
[485.449s][info][gc,phases      ] GC(170)   Merge Heap Roots: 0.50ms
[485.449s][info][gc,phases      ] GC(170)   Evacuate Collection Set: 117.28ms
[485.449s][info][gc,phases      ] GC(170)   Post Evacuate Collection Set: 0.99ms
[485.449s][info][gc,phases      ] GC(170)   Other: 0.09ms
[485.449s][info][gc,heap        ] GC(170) Eden regions: 1057->0(1022)
[485.449s][info][gc,heap        ] GC(170) Survivor regions: 104->109(146)
[485.449s][info][gc,heap        ] GC(170) Old regions: 594->628
[485.449s][info][gc,heap        ] GC(170) Humongous regions: 77->77
[485.449s][info][gc,metaspace   ] GC(170) Metaspace: 28893K(29184K)->28893K(29184K) NonClass: 24010K(24128K)->24010K(24128K) Class: 4883K(5056K)->4883K(5056K)
[485.449s][info][gc             ] GC(170) Pause Young (Prepare Mixed) (G1 Evacuation Pause) 3662M->1625M(4096M) 119.353ms
[485.449s][info][gc,cpu         ] GC(170) User=0.70s Sys=0.01s Real=0.12s
............[497.420s][info][gc,start       ] GC(171) Pause Young (Mixed) (G1 Evacuation Pause)
[497.420s][info][gc,task        ] GC(171) Using 6 workers of 6 for evacuation
[497.547s][info][gc,phases      ] GC(171)   Pre Evacuate Collection Set: 0.42ms
[497.547s][info][gc,phases      ] GC(171)   Merge Heap Roots: 0.50ms
[497.547s][info][gc,phases      ] GC(171)   Evacuate Collection Set: 124.04ms
[497.547s][info][gc,phases      ] GC(171)   Merge Optional Heap Roots: 0.05ms
[497.547s][info][gc,phases      ] GC(171)   Evacuate Optional Collection Set: 1.11ms
[497.547s][info][gc,phases      ] GC(171)   Post Evacuate Collection Set: 1.08ms
[497.547s][info][gc,phases      ] GC(171)   Other: 0.12ms
[497.547s][info][gc,heap        ] GC(171) Eden regions: 1022->0(1123)
[497.547s][info][gc,heap        ] GC(171) Survivor regions: 109->105(142)
[497.547s][info][gc,heap        ] GC(171) Old regions: 628->477
[497.547s][info][gc,heap        ] GC(171) Humongous regions: 77->77
[497.547s][info][gc,metaspace   ] GC(171) Metaspace: 28903K(29184K)->28903K(29184K) NonClass: 24019K(24128K)->24019K(24128K) Class: 4883K(5056K)->4883K(5056K)
[497.547s][info][gc             ] GC(171) Pause Young (Mixed) (G1 Evacuation Pause) 3669M->1315M(4096M) 127.470ms
[497.547s][info][gc,cpu         ] GC(171) User=0.75s Sys=0.00s Real=0.13s
.............[510.704s][info][gc,start       ] GC(172) Pause Young (Mixed) (G1 Evacuation Pause)
[510.704s][info][gc,task        ] GC(172) Using 6 workers of 6 for evacuation
[510.823s][info][gc,phases      ] GC(172)   Pre Evacuate Collection Set: 0.38ms
[510.823s][info][gc,phases      ] GC(172)   Merge Heap Roots: 0.51ms
[510.823s][info][gc,phases      ] GC(172)   Evacuate Collection Set: 117.33ms
[510.823s][info][gc,phases      ] GC(172)   Post Evacuate Collection Set: 0.97ms
[510.823s][info][gc,phases      ] GC(172)   Other: 0.09ms
[510.823s][info][gc,heap        ] GC(172) Eden regions: 1123->0(1122)
[510.823s][info][gc,heap        ] GC(172) Survivor regions: 105->106(154)
[510.823s][info][gc,heap        ] GC(172) Old regions: 477->490
[510.823s][info][gc,heap        ] GC(172) Humongous regions: 77->77
[510.823s][info][gc,metaspace   ] GC(172) Metaspace: 28903K(29184K)->28903K(29184K) NonClass: 24019K(24128K)->24019K(24128K) Class: 4883K(5056K)->4883K(5056K)
[510.823s][info][gc             ] GC(172) Pause Young (Mixed) (G1 Evacuation Pause) 3561M->1343M(4096M) 119.419ms
[510.823s][info][gc,cpu         ] GC(172) User=0.70s Sys=0.00s Real=0.12s
..............[524.057s][info][gc,start       ] GC(173) Pause Young (Concurrent Start) (G1 Evacuation Pause)
[524.057s][info][gc,task        ] GC(173) Using 6 workers of 6 for evacuation
[524.177s][info][gc,phases      ] GC(173)   Pre Evacuate Collection Set: 0.46ms
[524.177s][info][gc,phases      ] GC(173)   Merge Heap Roots: 0.46ms
[524.177s][info][gc,phases      ] GC(173)   Evacuate Collection Set: 118.56ms
[524.177s][info][gc,phases      ] GC(173)   Post Evacuate Collection Set: 0.94ms
[524.177s][info][gc,phases      ] GC(173)   Other: 0.14ms
[524.177s][info][gc,heap        ] GC(173) Eden regions: 1122->0(1117)
[524.177s][info][gc,heap        ] GC(173) Survivor regions: 106->111(154)
[524.177s][info][gc,heap        ] GC(173) Old regions: 490->521
[524.177s][info][gc,heap        ] GC(173) Humongous regions: 77->77
[524.177s][info][gc,metaspace   ] GC(173) Metaspace: 28903K(29184K)->28903K(29184K) NonClass: 24019K(24128K)->24019K(24128K) Class: 4883K(5056K)->4883K(5056K)
[524.177s][info][gc             ] GC(173) Pause Young (Concurrent Start) (G1 Evacuation Pause) 3587M->1414M(4096M) 120.676ms
[524.177s][info][gc             ] GC(174) Concurrent Mark Cycle
[524.178s][info][gc,marking     ] GC(174) Concurrent Scan Root Regions
[524.178s][info][gc,cpu         ] GC(173) User=0.72s Sys=0.01s Real=0.12s
[524.296s][info][gc,marking     ] GC(174) Concurrent Scan Root Regions 118.924ms
[524.296s][info][gc,marking     ] GC(174) Concurrent Mark
[524.296s][info][gc,marking     ] GC(174) Concurrent Mark From Roots
[524.296s][info][gc,task        ] GC(174) Using 2 workers of 2 for marking
[524.793s][info][gc,marking     ] GC(174) Concurrent Mark From Roots 496.998ms
[524.794s][info][gc,marking     ] GC(174) Concurrent Preclean
[524.794s][info][gc,marking     ] GC(174) Concurrent Preclean 0.043ms
[524.794s][info][gc,start       ] GC(174) Pause Remark
[524.796s][info][gc             ] GC(174) Pause Remark 1528M->1528M(4096M) 2.764ms
[524.796s][info][gc,cpu         ] GC(174) User=0.02s Sys=0.00s Real=0.00s
[524.797s][info][gc,marking     ] GC(174) Concurrent Mark 500.078ms
[524.797s][info][gc,marking     ] GC(174) Concurrent Rebuild Remembered Sets and Scrub Regions
.[525.002s][info][gc,marking     ] GC(174) Concurrent Rebuild Remembered Sets and Scrub Regions 205.827ms
[525.002s][info][gc,start       ] GC(174) Pause Cleanup
[525.003s][info][gc             ] GC(174) Pause Cleanup 1576M->1576M(4096M) 0.143ms
[525.003s][info][gc,cpu         ] GC(174) User=0.00s Sys=0.00s Real=0.00s
[525.003s][info][gc,marking     ] GC(174) Concurrent Clear Claimed Marks
[525.003s][info][gc,marking     ] GC(174) Concurrent Clear Claimed Marks 0.025ms
[525.003s][info][gc,marking     ] GC(174) Concurrent Cleanup for Next Mark
[525.007s][info][gc,marking     ] GC(174) Concurrent Cleanup for Next Mark 4.356ms
[525.007s][info][gc             ] GC(174) Concurrent Mark Cycle 829.645ms
............[537.375s][info][gc,start       ] GC(175) Pause Young (Prepare Mixed) (G1 Evacuation Pause)
[537.375s][info][gc,task        ] GC(175) Using 6 workers of 6 for evacuation
[537.493s][info][gc,phases      ] GC(175)   Pre Evacuate Collection Set: 0.38ms
[537.493s][info][gc,phases      ] GC(175)   Merge Heap Roots: 0.52ms
[537.493s][info][gc,phases      ] GC(175)   Evacuate Collection Set: 116.16ms
[537.493s][info][gc,phases      ] GC(175)   Post Evacuate Collection Set: 0.99ms
[537.493s][info][gc,phases      ] GC(175)   Other: 0.09ms
[537.493s][info][gc,heap        ] GC(175) Eden regions: 1117->0(1096)
[537.493s][info][gc,heap        ] GC(175) Survivor regions: 111->109(154)
[537.493s][info][gc,heap        ] GC(175) Old regions: 521->554
[537.493s][info][gc,heap        ] GC(175) Humongous regions: 77->77
[537.493s][info][gc,metaspace   ] GC(175) Metaspace: 28905K(29184K)->28905K(29184K) NonClass: 24021K(24128K)->24021K(24128K) Class: 4883K(5056K)->4883K(5056K)
[537.493s][info][gc             ] GC(175) Pause Young (Prepare Mixed) (G1 Evacuation Pause) 3648M->1478M(4096M) 118.280ms
[537.493s][info][gc,cpu         ] GC(175) User=0.70s Sys=0.00s Real=0.12s
.............[550.504s][info][gc,start       ] GC(176) Pause Young (Mixed) (G1 Evacuation Pause)
[550.504s][info][gc,task        ] GC(176) Using 6 workers of 6 for evacuation
[550.645s][info][gc,phases      ] GC(176)   Pre Evacuate Collection Set: 0.42ms
[550.645s][info][gc,phases      ] GC(176)   Merge Heap Roots: 0.74ms
[550.645s][info][gc,phases      ] GC(176)   Evacuate Collection Set: 138.11ms
[550.645s][info][gc,phases      ] GC(176)   Post Evacuate Collection Set: 0.98ms
[550.645s][info][gc,phases      ] GC(176)   Other: 0.09ms
[550.645s][info][gc,heap        ] GC(176) Eden regions: 1096->0(1118)
[550.645s][info][gc,heap        ] GC(176) Survivor regions: 109->110(151)
[550.645s][info][gc,heap        ] GC(176) Old regions: 554->460
[550.645s][info][gc,heap        ] GC(176) Humongous regions: 77->77
[550.645s][info][gc,metaspace   ] GC(176) Metaspace: 28906K(29184K)->28906K(29184K) NonClass: 24022K(24128K)->24022K(24128K) Class: 4883K(5056K)->4883K(5056K)
[550.645s][info][gc             ] GC(176) Pause Young (Mixed) (G1 Evacuation Pause) 3670M->1290M(4096M) 140.495ms
[550.645s][info][gc,cpu         ] GC(176) User=0.83s Sys=0.00s Real=0.14s
.............[563.905s][info][gc,start       ] GC(177) Pause Young (Concurrent Start) (G1 Evacuation Pause)
[563.905s][info][gc,task        ] GC(177) Using 6 workers of 6 for evacuation
[564.021s][info][gc,phases      ] GC(177)   Pre Evacuate Collection Set: 0.42ms
[564.021s][info][gc,phases      ] GC(177)   Merge Heap Roots: 0.45ms
[564.021s][info][gc,phases      ] GC(177)   Evacuate Collection Set: 113.66ms
[564.021s][info][gc,phases      ] GC(177)   Post Evacuate Collection Set: 0.95ms
[564.021s][info][gc,phases      ] GC(177)   Other: 0.10ms
[564.021s][info][gc,heap        ] GC(177) Eden regions: 1118->0(1120)
[564.021s][info][gc,heap        ] GC(177) Survivor regions: 110->108(154)
[564.021s][info][gc,heap        ] GC(177) Old regions: 460->493
[564.021s][info][gc,heap        ] GC(177) Humongous regions: 77->77
[564.021s][info][gc,metaspace   ] GC(177) Metaspace: 28906K(29184K)->28906K(29184K) NonClass: 24022K(24128K)->24022K(24128K) Class: 4883K(5056K)->4883K(5056K)
[564.021s][info][gc             ] GC(177) Pause Young (Concurrent Start) (G1 Evacuation Pause) 3526M->1352M(4096M) 115.720ms
[564.021s][info][gc             ] GC(178) Concurrent Mark Cycle
[564.021s][info][gc,marking     ] GC(178) Concurrent Scan Root Regions
[564.021s][info][gc,cpu         ] GC(177) User=0.69s Sys=0.00s Real=0.11s
.[564.133s][info][gc,marking     ] GC(178) Concurrent Scan Root Regions 111.899ms
[564.133s][info][gc,marking     ] GC(178) Concurrent Mark
[564.133s][info][gc,marking     ] GC(178) Concurrent Mark From Roots
[564.133s][info][gc,task        ] GC(178) Using 2 workers of 2 for marking
[564.657s][info][gc,marking     ] GC(178) Concurrent Mark From Roots 524.328ms
[564.657s][info][gc,marking     ] GC(178) Concurrent Preclean
[564.657s][info][gc,marking     ] GC(178) Concurrent Preclean 0.050ms
[564.657s][info][gc,start       ] GC(178) Pause Remark
[564.660s][info][gc             ] GC(178) Pause Remark 1475M->1475M(4096M) 2.667ms
[564.660s][info][gc,cpu         ] GC(178) User=0.01s Sys=0.00s Real=0.00s
[564.660s][info][gc,marking     ] GC(178) Concurrent Mark 527.300ms
[564.660s][info][gc,marking     ] GC(178) Concurrent Rebuild Remembered Sets and Scrub Regions
[564.859s][info][gc,marking     ] GC(178) Concurrent Rebuild Remembered Sets and Scrub Regions 199.102ms
[564.859s][info][gc,start       ] GC(178) Pause Cleanup
[564.859s][info][gc             ] GC(178) Pause Cleanup 1520M->1520M(4096M) 0.127ms
[564.859s][info][gc,cpu         ] GC(178) User=0.00s Sys=0.00s Real=0.00s
[564.859s][info][gc,marking     ] GC(178) Concurrent Clear Claimed Marks
[564.859s][info][gc,marking     ] GC(178) Concurrent Clear Claimed Marks 0.027ms
[564.859s][info][gc,marking     ] GC(178) Concurrent Cleanup for Next Mark
[564.863s][info][gc,marking     ] GC(178) Concurrent Cleanup for Next Mark 3.213ms
[564.863s][info][gc             ] GC(178) Concurrent Mark Cycle 841.994ms
.............[577.337s][info][gc,start       ] GC(179) Pause Young (Prepare Mixed) (G1 Evacuation Pause)
[577.337s][info][gc,task        ] GC(179) Using 6 workers of 6 for evacuation
[577.454s][info][gc,phases      ] GC(179)   Pre Evacuate Collection Set: 0.39ms
[577.454s][info][gc,phases      ] GC(179)   Merge Heap Roots: 0.51ms
[577.454s][info][gc,phases      ] GC(179)   Evacuate Collection Set: 114.15ms
[577.454s][info][gc,phases      ] GC(179)   Post Evacuate Collection Set: 0.94ms
[577.454s][info][gc,phases      ] GC(179)   Other: 0.08ms
[577.454s][info][gc,heap        ] GC(179) Eden regions: 1120->0(1120)
[577.454s][info][gc,heap        ] GC(179) Survivor regions: 108->108(154)
[577.454s][info][gc,heap        ] GC(179) Old regions: 493->525
[577.454s][info][gc,heap        ] GC(179) Humongous regions: 77->77
[577.454s][info][gc,metaspace   ] GC(179) Metaspace: 28907K(29184K)->28907K(29184K) NonClass: 24023K(24128K)->24023K(24128K) Class: 4883K(5056K)->4883K(5056K)
[577.454s][info][gc             ] GC(179) Pause Young (Prepare Mixed) (G1 Evacuation Pause) 3592M->1418M(4096M) 116.203ms
[577.454s][info][gc,cpu         ] GC(179) User=0.69s Sys=0.00s Real=0.12s
........... (rIR:aIR:PR = 1384:1384:1384) (tPR = 21180) [OK] 
   587s: 
   587s: Building throughput-responsetime curve
   587s: ( 0%)   IR =      0 ...|............................................................ (rIR:aIR:PR = 0:0:0) (tPR = 0) [OK] 
   650s: Performance info:
         Transaction,    Success,    Partial,     Failed,   Receipts, AvgBarcode, 
         Response times:
             Request,    Success,    Partial,     Failed,   SkipFail,     Probes,    Samples,      min,      p50,      p90,      p95,      p99,      max, 

   650s: ( 1%)   IR =    138 ....|......................[677.652s][info][gc,start       ] GC(180) Pause Young (Mixed) (G1 Evacuation Pause)
[677.652s][info][gc,task        ] GC(180) Using 6 workers of 6 for evacuation
[677.783s][info][gc,phases      ] GC(180)   Pre Evacuate Collection Set: 0.39ms
[677.783s][info][gc,phases      ] GC(180)   Merge Heap Roots: 0.68ms
[677.783s][info][gc,phases      ] GC(180)   Evacuate Collection Set: 128.90ms
[677.783s][info][gc,phases      ] GC(180)   Post Evacuate Collection Set: 1.02ms
[677.783s][info][gc,phases      ] GC(180)   Other: 0.10ms
[677.783s][info][gc,heap        ] GC(180) Eden regions: 1120->0(1121)
[677.783s][info][gc,heap        ] GC(180) Survivor regions: 108->107(154)
[677.783s][info][gc,heap        ] GC(180) Old regions: 525->463
[677.783s][info][gc,heap        ] GC(180) Humongous regions: 77->77
[677.783s][info][gc,metaspace   ] GC(180) Metaspace: 28910K(29184K)->28910K(29184K) NonClass: 24027K(24128K)->24027K(24128K) Class: 4883K(5056K)->4883K(5056K)
[677.783s][info][gc             ] GC(180) Pause Young (Mixed) (G1 Evacuation Pause) 3658M->1291M(4096M) 131.226ms
[677.783s][info][gc,cpu         ] GC(180) User=0.78s Sys=0.00s Real=0.14s
...................................... (rIR:aIR:PR = 138:138:138) (tPR = 2205) [OK] 
   714s: Performance info:
         Transaction,    Success,    Partial,     Failed,   Receipts, AvgBarcode, 
             Overall,       8291,          0,          0,       7874,      59.49, 
         Response times:
             Request,    Success,    Partial,     Failed,   SkipFail,     Probes,    Samples,      min,      p50,      p90,      p95,      p99,      max, 
       TotalPurchase,       7874,          0,          0,          0,       7295,       8311,      300,      400,      600,      600,      800,   133000,
     InStorePurchase,       4138,          0,          0,          0,       3912,       4395,      300,      400,      500,      600,      800,   133000,
      OnlinePurchase,       2908,          0,          0,          0,       2680,       3048,      300,      400,      600,      600,      800,     1800,
        InstPurchase,        828,          0,          0,          0,        703,        868,      400,      500,      600,      700,      900,     1800,
          AssocOfCat,          8,          0,          0,          0,          8,          8,    17200,    19050,    24000,    24000,    24000,    24000,
      AssocOfProduct,         84,          0,          0,          0,         82,         87,      400,      600,      700,      760,      900,      900,
      BusinessReport,         22,          0,          0,          0,         18,         22,    18900,    22000,    26000,    27700,    28000,    28000,
          CustBuyBeh,         85,          0,          0,          0,         77,         88,      200,      300,      400,      455,      600,      600,
       ProductReturn,        218,          0,          0,          0,        165,        223,      200,      300,      400,      400,      500,      600,

   714s: ( 2%)   IR =    277 ....|...........................................[762.744s][info][gc,start       ] GC(181) Pause Young (Concurrent Start) (G1 Evacuation Pause)
[762.744s][info][gc,task        ] GC(181) Using 6 workers of 6 for evacuation
[762.860s][info][gc,phases      ] GC(181)   Pre Evacuate Collection Set: 0.44ms
[762.860s][info][gc,phases      ] GC(181)   Merge Heap Roots: 0.54ms
[762.860s][info][gc,phases      ] GC(181)   Evacuate Collection Set: 114.15ms
[762.860s][info][gc,phases      ] GC(181)   Post Evacuate Collection Set: 0.97ms
[762.860s][info][gc,phases      ] GC(181)   Other: 0.13ms
[762.861s][info][gc,heap        ] GC(181) Eden regions: 1121->0(1121)
[762.861s][info][gc,heap        ] GC(181) Survivor regions: 107->107(154)
[762.861s][info][gc,heap        ] GC(181) Old regions: 463->496
[762.861s][info][gc,heap        ] GC(181) Humongous regions: 77->77
[762.861s][info][gc,metaspace   ] GC(181) Metaspace: 28914K(29184K)->28914K(29184K) NonClass: 24030K(24128K)->24030K(24128K) Class: 4883K(5056K)->4883K(5056K)
[762.861s][info][gc             ] GC(181) Pause Young (Concurrent Start) (G1 Evacuation Pause) 3533M->1357M(4096M) 116.351ms
[762.861s][info][gc             ] GC(182) Concurrent Mark Cycle
[762.861s][info][gc,marking     ] GC(182) Concurrent Scan Root Regions
[762.861s][info][gc,cpu         ] GC(181) User=0.69s Sys=0.00s Real=0.11s
[762.965s][info][gc,marking     ] GC(182) Concurrent Scan Root Regions 103.906ms
[762.965s][info][gc,marking     ] GC(182) Concurrent Mark
[762.965s][info][gc,marking     ] GC(182) Concurrent Mark From Roots
[762.965s][info][gc,task        ] GC(182) Using 2 workers of 2 for marking
.[763.445s][info][gc,marking     ] GC(182) Concurrent Mark From Roots 480.608ms
[763.445s][info][gc,marking     ] GC(182) Concurrent Preclean
[763.445s][info][gc,marking     ] GC(182) Concurrent Preclean 0.057ms
[763.445s][info][gc,start       ] GC(182) Pause Remark
[763.448s][info][gc             ] GC(182) Pause Remark 1381M->1381M(4096M) 2.145ms
[763.448s][info][gc,cpu         ] GC(182) User=0.01s Sys=0.00s Real=0.00s
[763.448s][info][gc,marking     ] GC(182) Concurrent Mark 483.059ms
[763.448s][info][gc,marking     ] GC(182) Concurrent Rebuild Remembered Sets and Scrub Regions
[763.638s][info][gc,marking     ] GC(182) Concurrent Rebuild Remembered Sets and Scrub Regions 190.758ms
[763.639s][info][gc,start       ] GC(182) Pause Cleanup
[763.639s][info][gc             ] GC(182) Pause Cleanup 1386M->1386M(4096M) 0.127ms
[763.639s][info][gc,cpu         ] GC(182) User=0.00s Sys=0.00s Real=0.00s
[763.639s][info][gc,marking     ] GC(182) Concurrent Clear Claimed Marks
[763.639s][info][gc,marking     ] GC(182) Concurrent Clear Claimed Marks 0.032ms
[763.639s][info][gc,marking     ] GC(182) Concurrent Cleanup for Next Mark
[763.642s][info][gc,marking     ] GC(182) Concurrent Cleanup for Next Mark 3.238ms
[763.642s][info][gc             ] GC(182) Concurrent Mark Cycle 781.443ms
................ (rIR:aIR:PR = 277:277:277) (tPR = 4145) [OK] 
   778s: Performance info:
         Transaction,    Success,    Partial,     Failed,   Receipts, AvgBarcode, 
             Overall,      16646,          0,          0,      15813,      59.46, 
         Response times:
             Request,    Success,    Partial,     Failed,   SkipFail,     Probes,    Samples,      min,      p50,      p90,      p95,      p99,      max, 
       TotalPurchase,      15813,          0,          0,          0,      14784,      16439,      300,      500,      800,      900,     1100,   120000,
     InStorePurchase,       8336,          0,          0,          0,       7835,       8561,      300,      500,      700,      800,     1000,     4500,
      OnlinePurchase,       5812,          0,          0,          0,       5447,       6110,      300,      500,      800,      900,     1100,   120000,
        InstPurchase,       1665,          0,          0,          0,       1502,       1768,      400,      500,      700,      900,     1100,     4100,
          AssocOfCat,         16,          0,          0,          0,         14,         16,    17800,    22500,    23000,    23000,    23000,    23000,
      AssocOfProduct,        166,          0,          0,          0,        134,        199,      300,      700,      900,     1000,     1100,     1200,
      BusinessReport,         42,          0,          0,          0,         41,         43,    19100,    24000,    29000,    29000,    30000,    30000,
          CustBuyBeh,        168,          0,          0,          0,        135,        195,      200,      400,      700,      800,     2728,     3400,
       ProductReturn,        441,          0,          0,          0,        345,        440,      200,      400,      600,      600,      800,     1100,

   778s: ( 3%)   IR =    415 ....|.............................[813.160s][info][gc,start       ] GC(183) Pause Young (Prepare Mixed) (G1 Evacuation Pause)
[813.160s][info][gc,task        ] GC(183) Using 6 workers of 6 for evacuation
[813.276s][info][gc,phases      ] GC(183)   Pre Evacuate Collection Set: 0.36ms
[813.276s][info][gc,phases      ] GC(183)   Merge Heap Roots: 0.59ms
[813.276s][info][gc,phases      ] GC(183)   Evacuate Collection Set: 113.51ms
[813.276s][info][gc,phases      ] GC(183)   Post Evacuate Collection Set: 0.98ms
[813.276s][info][gc,phases      ] GC(183)   Other: 0.10ms
[813.276s][info][gc,heap        ] GC(183) Eden regions: 1121->0(1121)
[813.276s][info][gc,heap        ] GC(183) Survivor regions: 107->107(154)
[813.276s][info][gc,heap        ] GC(183) Old regions: 496->528
[813.276s][info][gc,heap        ] GC(183) Humongous regions: 77->77
[813.276s][info][gc,metaspace   ] GC(183) Metaspace: 28914K(29184K)->28914K(29184K) NonClass: 24030K(24128K)->24030K(24128K) Class: 4883K(5056K)->4883K(5056K)
[813.276s][info][gc             ] GC(183) Pause Young (Prepare Mixed) (G1 Evacuation Pause) 3599M->1420M(4096M) 115.693ms
[813.276s][info][gc,cpu         ] GC(183) User=0.69s Sys=0.00s Real=0.12s
............................... (rIR:aIR:PR = 415:415:415) (tPR = 6115) [OK] 
   843s: Performance info:
         Transaction,    Success,    Partial,     Failed,   Receipts, AvgBarcode, 
             Overall,      24946,          0,          0,      23693,      59.48, 
         Response times:
             Request,    Success,    Partial,     Failed,   SkipFail,     Probes,    Samples,      min,      p50,      p90,      p95,      p99,      max, 
       TotalPurchase,      23693,          0,          0,          0,      22475,      24770,      300,      600,      900,     1000,     1200,   118000,
     InStorePurchase,      12477,          0,          0,          0,      11931,      13071,      300,      600,      900,     1000,     1200,   117000,
      OnlinePurchase,       8725,          0,          0,          0,       8234,       9062,      300,      600,      900,     1000,     1200,   118000,
        InstPurchase,       2491,          0,          0,          0,       2310,       2637,      400,      600,     1000,     1100,     1300,     2000,
          AssocOfCat,         27,          0,          0,          0,         22,         26,    21000,    23000,    26300,    27650,    28000,    28000,
      AssocOfProduct,        250,          0,          0,          0,        195,        258,      500,      800,     1100,     1200,     1600,     3300,
      BusinessReport,         63,          0,          0,          0,         60,         65,    19400,    24000,    31000,    35700,    38000,    38000,
          CustBuyBeh,        250,          0,          0,          0,        196,        276,      200,      400,      700,      800,     1000,     1100,
       ProductReturn,        663,          0,          0,          0,        546,        649,      200,      400,      700,      700,     1000,     1900,

   843s: ( 4%)   IR =    553 ....|.......[854.785s][info][gc,start       ] GC(184) Pause Young (Mixed) (G1 Evacuation Pause)
[854.785s][info][gc,task        ] GC(184) Using 6 workers of 6 for evacuation
[854.922s][info][gc,phases      ] GC(184)   Pre Evacuate Collection Set: 0.41ms
[854.922s][info][gc,phases      ] GC(184)   Merge Heap Roots: 0.63ms
[854.922s][info][gc,phases      ] GC(184)   Evacuate Collection Set: 134.91ms
[854.922s][info][gc,phases      ] GC(184)   Post Evacuate Collection Set: 0.97ms
[854.922s][info][gc,phases      ] GC(184)   Other: 0.09ms
[854.922s][info][gc,heap        ] GC(184) Eden regions: 1121->0(1118)
[854.922s][info][gc,heap        ] GC(184) Survivor regions: 107->110(154)
[854.922s][info][gc,heap        ] GC(184) Old regions: 528->463
[854.922s][info][gc,heap        ] GC(184) Humongous regions: 77->77
[854.922s][info][gc,metaspace   ] GC(184) Metaspace: 28916K(29184K)->28916K(29184K) NonClass: 24032K(24128K)->24032K(24128K) Class: 4883K(5056K)->4883K(5056K)
[854.922s][info][gc             ] GC(184) Pause Young (Mixed) (G1 Evacuation Pause) 3662M->1297M(4096M) 137.135ms
[854.922s][info][gc,cpu         ] GC(184) User=0.81s Sys=0.00s Real=0.13s
..................................[888.665s][info][gc,start       ] GC(185) Pause Young (Concurrent Start) (G1 Evacuation Pause)
[888.665s][info][gc,task        ] GC(185) Using 6 workers of 6 for evacuation
[888.783s][info][gc,phases      ] GC(185)   Pre Evacuate Collection Set: 0.44ms
[888.783s][info][gc,phases      ] GC(185)   Merge Heap Roots: 0.53ms
[888.783s][info][gc,phases      ] GC(185)   Evacuate Collection Set: 116.04ms
[888.783s][info][gc,phases      ] GC(185)   Post Evacuate Collection Set: 0.89ms
[888.783s][info][gc,phases      ] GC(185)   Other: 0.12ms
[888.783s][info][gc,heap        ] GC(185) Eden regions: 1118->0(1118)
[888.783s][info][gc,heap        ] GC(185) Survivor regions: 110->110(154)
[888.783s][info][gc,heap        ] GC(185) Old regions: 463->495
[888.783s][info][gc,heap        ] GC(185) Humongous regions: 77->77
[888.783s][info][gc,metaspace   ] GC(185) Metaspace: 28921K(29184K)->28921K(29184K) NonClass: 24038K(24128K)->24038K(24128K) Class: 4883K(5056K)->4883K(5056K)
[888.783s][info][gc             ] GC(185) Pause Young (Concurrent Start) (G1 Evacuation Pause) 3533M->1361M(4096M) 118.166ms
[888.783s][info][gc             ] GC(186) Concurrent Mark Cycle
[888.783s][info][gc,marking     ] GC(186) Concurrent Scan Root Regions
[888.783s][info][gc,cpu         ] GC(185) User=0.70s Sys=0.00s Real=0.12s
[888.897s][info][gc,marking     ] GC(186) Concurrent Scan Root Regions 114.160ms
[888.897s][info][gc,marking     ] GC(186) Concurrent Mark
[888.897s][info][gc,marking     ] GC(186) Concurrent Mark From Roots
[888.897s][info][gc,task        ] GC(186) Using 2 workers of 2 for marking
.[889.387s][info][gc,marking     ] GC(186) Concurrent Mark From Roots 489.962ms
[889.387s][info][gc,marking     ] GC(186) Concurrent Preclean
[889.388s][info][gc,marking     ] GC(186) Concurrent Preclean 0.042ms
[889.388s][info][gc,start       ] GC(186) Pause Remark
[889.390s][info][gc             ] GC(186) Pause Remark 1417M->1417M(4096M) 2.206ms
[889.390s][info][gc,cpu         ] GC(186) User=0.01s Sys=0.00s Real=0.00s
[889.390s][info][gc,marking     ] GC(186) Concurrent Mark 492.461ms
[889.390s][info][gc,marking     ] GC(186) Concurrent Rebuild Remembered Sets and Scrub Regions
[889.583s][info][gc,marking     ] GC(186) Concurrent Rebuild Remembered Sets and Scrub Regions 192.625ms
[889.583s][info][gc,start       ] GC(186) Pause Cleanup
[889.583s][info][gc             ] GC(186) Pause Cleanup 1424M->1424M(4096M) 0.116ms
[889.583s][info][gc,cpu         ] GC(186) User=0.00s Sys=0.00s Real=0.00s
[889.583s][info][gc,marking     ] GC(186) Concurrent Clear Claimed Marks
[889.583s][info][gc,marking     ] GC(186) Concurrent Clear Claimed Marks 0.026ms
[889.583s][info][gc,marking     ] GC(186) Concurrent Cleanup for Next Mark
[889.586s][info][gc,marking     ] GC(186) Concurrent Cleanup for Next Mark 3.233ms
[889.586s][info][gc             ] GC(186) Concurrent Mark Cycle 802.933ms
.................. (rIR:aIR:PR = 553:553:553) (tPR = 8412) [OK] 
   907s: Performance info:
         Transaction,    Success,    Partial,     Failed,   Receipts, AvgBarcode, 
             Overall,      33189,          0,          0,      31525,      59.50, 
         Response times:
             Request,    Success,    Partial,     Failed,   SkipFail,     Probes,    Samples,      min,      p50,      p90,      p95,      p99,      max, 
       TotalPurchase,      31525,          0,          0,          0,      30384,      33359,      300,      800,     1100,     1200,     1500,   139000,
     InStorePurchase,      16589,          0,          0,          0,      16008,      17355,      300,      800,     1100,     1200,     1500,   139000,
      OnlinePurchase,      11613,          0,          0,          0,      11255,      12436,      300,      700,     1100,     1200,     1500,   139000,
        InstPurchase,       3323,          0,          0,          0,       3121,       3568,      400,      800,     1100,     1200,     1500,     9900,
          AssocOfCat,         34,          0,          0,          0,         32,         34,    18400,    22000,    23500,    24000,    24000,    24000,
      AssocOfProduct,        333,          0,          0,          0,        275,        376,      400,      900,     1300,     1400,     1600,     2500,
      BusinessReport,         82,          0,          0,          0,         82,         87,    18800,    25000,    29200,    40800,   164000,   164000,
          CustBuyBeh,        335,          0,          0,          0,        273,        345,      200,      500,      900,     1000,     1454,     2400,
       ProductReturn,        880,          0,          0,          0,        746,        883,      200,      500,      800,      900,     1216,     2800,

   907s: ( 5%)   IR =    692 ......|......[919.568s][info][gc,start       ] GC(187) Pause Young (Prepare Mixed) (G1 Evacuation Pause)
[919.568s][info][gc,task        ] GC(187) Using 6 workers of 6 for evacuation
[919.684s][info][gc,phases      ] GC(187)   Pre Evacuate Collection Set: 0.41ms
[919.684s][info][gc,phases      ] GC(187)   Merge Heap Roots: 0.52ms
[919.684s][info][gc,phases      ] GC(187)   Evacuate Collection Set: 113.99ms
[919.684s][info][gc,phases      ] GC(187)   Post Evacuate Collection Set: 0.93ms
[919.684s][info][gc,phases      ] GC(187)   Other: 0.10ms
[919.684s][info][gc,heap        ] GC(187) Eden regions: 1118->0(1120)
[919.684s][info][gc,heap        ] GC(187) Survivor regions: 110->108(154)
[919.684s][info][gc,heap        ] GC(187) Old regions: 495->527
[919.684s][info][gc,heap        ] GC(187) Humongous regions: 77->77
[919.684s][info][gc,metaspace   ] GC(187) Metaspace: 28923K(29184K)->28923K(29184K) NonClass: 24040K(24128K)->24040K(24128K) Class: 4883K(5056K)->4883K(5056K)
[919.684s][info][gc             ] GC(187) Pause Young (Prepare Mixed) (G1 Evacuation Pause) 3597M->1421M(4096M) 116.089ms
[919.684s][info][gc,cpu         ] GC(187) User=0.69s Sys=0.00s Real=0.12s
...........................[946.977s][info][gc,start       ] GC(188) Pause Young (Mixed) (G1 Evacuation Pause)
[946.977s][info][gc,task        ] GC(188) Using 6 workers of 6 for evacuation
[947.110s][info][gc,phases      ] GC(188)   Pre Evacuate Collection Set: 0.41ms
[947.111s][info][gc,phases      ] GC(188)   Merge Heap Roots: 0.74ms
[947.111s][info][gc,phases      ] GC(188)   Evacuate Collection Set: 131.13ms
[947.111s][info][gc,phases      ] GC(188)   Post Evacuate Collection Set: 0.99ms
[947.111s][info][gc,phases      ] GC(188)   Other: 0.09ms
[947.111s][info][gc,heap        ] GC(188) Eden regions: 1120->0(1118)
[947.111s][info][gc,heap        ] GC(188) Survivor regions: 108->110(154)
[947.111s][info][gc,heap        ] GC(188) Old regions: 527->462
[947.111s][info][gc,heap        ] GC(188) Humongous regions: 77->77
[947.111s][info][gc,metaspace   ] GC(188) Metaspace: 28926K(29184K)->28926K(29184K) NonClass: 24042K(24128K)->24042K(24128K) Class: 4883K(5056K)->4883K(5056K)
[947.111s][info][gc             ] GC(188) Pause Young (Mixed) (G1 Evacuation Pause) 3661M->1295M(4096M) 133.473ms
[947.111s][info][gc,cpu         ] GC(188) User=0.79s Sys=0.00s Real=0.13s
........................... (rIR:aIR:PR = 692:692:692) (tPR = 10477) [OK] 
   973s: Performance info:
         Transaction,    Success,    Partial,     Failed,   Receipts, AvgBarcode, 
             Overall,      41538,          0,          0,      39462,      59.48, 
         Response times:
             Request,    Success,    Partial,     Failed,   SkipFail,     Probes,    Samples,      min,      p50,      p90,      p95,      p99,      max, 
       TotalPurchase,      39462,          0,          0,          0,      38212,      43068,      300,      900,     1300,     1400,     1600,   119000,
     InStorePurchase,      20772,          0,          0,          0,      20175,      22597,      300,      800,     1200,     1400,     1600,   119000,
      OnlinePurchase,      14542,          0,          0,          0,      14179,      15997,      300,      900,     1300,     1400,     1700,   119000,
        InstPurchase,       4148,          0,          0,          0,       3858,       4474,      400,      900,     1300,     1400,     1700,   119000,
          AssocOfCat,         39,          0,          0,          0,         37,         44,    17400,    23000,    24000,    25000,    25000,    25000,
      AssocOfProduct,        418,          0,          0,          0,        339,        448,      400,     1100,     1400,     1500,     1700,     7600,
      BusinessReport,        105,          0,          0,          0,        101,        112,    19200,    25000,    30000,    31000,   143490,   160000,
          CustBuyBeh,        415,          0,          0,          0,        343,        462,      200,      800,     1200,     1300,     1737,   119000,
       ProductReturn,       1099,          0,          0,          0,        975,       1179,      200,      600,     1000,     1100,     1400,     3700,

   973s: ( 6%)   IR =    830 [974.342s][info][gc,start       ] GC(189) Pause Young (Concurrent Start) (G1 Evacuation Pause)
[974.342s][info][gc,task        ] GC(189) Using 6 workers of 6 for evacuation
[974.459s][info][gc,phases      ] GC(189)   Pre Evacuate Collection Set: 0.42ms
[974.459s][info][gc,phases      ] GC(189)   Merge Heap Roots: 0.52ms
[974.459s][info][gc,phases      ] GC(189)   Evacuate Collection Set: 115.08ms
[974.459s][info][gc,phases      ] GC(189)   Post Evacuate Collection Set: 0.90ms
[974.459s][info][gc,phases      ] GC(189)   Other: 0.14ms
[974.459s][info][gc,heap        ] GC(189) Eden regions: 1118->0(1120)
[974.459s][info][gc,heap        ] GC(189) Survivor regions: 110->108(154)
[974.459s][info][gc,heap        ] GC(189) Old regions: 462->494
[974.459s][info][gc,heap        ] GC(189) Humongous regions: 77->77
[974.459s][info][gc,metaspace   ] GC(189) Metaspace: 28928K(29248K)->28928K(29248K) NonClass: 24044K(24192K)->24044K(24192K) Class: 4883K(5056K)->4883K(5056K)
[974.459s][info][gc             ] GC(189) Pause Young (Concurrent Start) (G1 Evacuation Pause) 3531M->1356M(4096M) 117.207ms
[974.459s][info][gc             ] GC(190) Concurrent Mark Cycle
[974.459s][info][gc,marking     ] GC(190) Concurrent Scan Root Regions
[974.459s][info][gc,cpu         ] GC(189) User=0.69s Sys=0.00s Real=0.12s
.[974.566s][info][gc,marking     ] GC(190) Concurrent Scan Root Regions 106.961ms
[974.566s][info][gc,marking     ] GC(190) Concurrent Mark
[974.566s][info][gc,marking     ] GC(190) Concurrent Mark From Roots
[974.566s][info][gc,task        ] GC(190) Using 2 workers of 2 for marking
[975.054s][info][gc,marking     ] GC(190) Concurrent Mark From Roots 487.897ms
[975.054s][info][gc,marking     ] GC(190) Concurrent Preclean
[975.054s][info][gc,marking     ] GC(190) Concurrent Preclean 0.052ms
[975.054s][info][gc,start       ] GC(190) Pause Remark
[975.057s][info][gc             ] GC(190) Pause Remark 1412M->1412M(4096M) 2.448ms
[975.057s][info][gc,cpu         ] GC(190) User=0.01s Sys=0.00s Real=0.00s
[975.057s][info][gc,marking     ] GC(190) Concurrent Mark 490.659ms
[975.057s][info][gc,marking     ] GC(190) Concurrent Rebuild Remembered Sets and Scrub Regions
[975.250s][info][gc,marking     ] GC(190) Concurrent Rebuild Remembered Sets and Scrub Regions 192.890ms
[975.250s][info][gc,start       ] GC(190) Pause Cleanup
[975.250s][info][gc             ] GC(190) Pause Cleanup 1438M->1438M(4096M) 0.117ms
[975.250s][info][gc,cpu         ] GC(190) User=0.00s Sys=0.00s Real=0.00s
[975.250s][info][gc,marking     ] GC(190) Concurrent Clear Claimed Marks
[975.250s][info][gc,marking     ] GC(190) Concurrent Clear Claimed Marks 0.030ms
[975.250s][info][gc,marking     ] GC(190) Concurrent Cleanup for Next Mark
[975.253s][info][gc,marking     ] GC(190) Concurrent Cleanup for Next Mark 3.239ms
[975.253s][info][gc             ] GC(190) Concurrent Mark Cycle 794.235ms
......|................[997.193s][info][gc,start       ] GC(191) Pause Young (Prepare Mixed) (G1 Evacuation Pause)
[997.193s][info][gc,task        ] GC(191) Using 6 workers of 6 for evacuation
[997.308s][info][gc,phases      ] GC(191)   Pre Evacuate Collection Set: 0.39ms
[997.308s][info][gc,phases      ] GC(191)   Merge Heap Roots: 0.52ms
[997.308s][info][gc,phases      ] GC(191)   Evacuate Collection Set: 113.17ms
[997.308s][info][gc,phases      ] GC(191)   Post Evacuate Collection Set: 0.97ms
[997.308s][info][gc,phases      ] GC(191)   Other: 0.09ms
[997.308s][info][gc,heap        ] GC(191) Eden regions: 1120->0(1120)
[997.308s][info][gc,heap        ] GC(191) Survivor regions: 108->108(154)
[997.308s][info][gc,heap        ] GC(191) Old regions: 494->527
[997.308s][info][gc,heap        ] GC(191) Humongous regions: 77->77
[997.308s][info][gc,metaspace   ] GC(191) Metaspace: 28930K(29248K)->28930K(29248K) NonClass: 24046K(24192K)->24046K(24192K) Class: 4883K(5056K)->4883K(5056K)
[997.308s][info][gc             ] GC(191) Pause Young (Prepare Mixed) (G1 Evacuation Pause) 3596M->1421M(4096M) 115.267ms
[997.308s][info][gc,cpu         ] GC(191) User=0.68s Sys=0.00s Real=0.11s
.......................[1020.202s][info][gc,start       ] GC(192) Pause Young (Mixed) (G1 Evacuation Pause)
[1020.202s][info][gc,task        ] GC(192) Using 6 workers of 6 for evacuation
[1020.334s][info][gc,phases      ] GC(192)   Pre Evacuate Collection Set: 0.40ms
[1020.334s][info][gc,phases      ] GC(192)   Merge Heap Roots: 0.69ms
[1020.334s][info][gc,phases      ] GC(192)   Evacuate Collection Set: 130.08ms
[1020.334s][info][gc,phases      ] GC(192)   Post Evacuate Collection Set: 0.98ms
[1020.334s][info][gc,phases      ] GC(192)   Other: 0.10ms
[1020.334s][info][gc,heap        ] GC(192) Eden regions: 1120->0(1120)
[1020.334s][info][gc,heap        ] GC(192) Survivor regions: 108->108(154)
[1020.334s][info][gc,heap        ] GC(192) Old regions: 527->463
[1020.334s][info][gc,heap        ] GC(192) Humongous regions: 77->77
[1020.334s][info][gc,metaspace   ] GC(192) Metaspace: 28932K(29248K)->28932K(29248K) NonClass: 24048K(24192K)->24048K(24192K) Class: 4883K(5056K)->4883K(5056K)
[1020.334s][info][gc             ] GC(192) Pause Young (Mixed) (G1 Evacuation Pause) 3661M->1293M(4096M) 132.374ms
[1020.334s][info][gc,cpu         ] GC(192) User=0.79s Sys=0.00s Real=0.14s
..................... (rIR:aIR:PR = 830:830:830) (tPR = 12298) [OK] 
  1040s: Performance info:
         Transaction,    Success,    Partial,     Failed,   Receipts, AvgBarcode, 
             Overall,      49823,          0,          0,      47328,      59.48, 
         Response times:
             Request,    Success,    Partial,     Failed,   SkipFail,     Probes,    Samples,      min,      p50,      p90,      p95,      p99,      max, 
       TotalPurchase,      47327,          0,          0,          0,      45755,      52433,      300,     1000,     1400,     1600,     2000,   135000,
     InStorePurchase,      24895,          0,          0,          0,      24203,      27494,      300,      900,     1400,     1500,     2000,   135000,
      OnlinePurchase,      17442,          0,          0,          0,      16892,      19400,      300,     1000,     1500,     1600,     2100,   135000,
        InstPurchase,       4990,          0,          0,          0,       4660,       5539,      400,     1100,     1500,     1600,     2000,   120000,
          AssocOfCat,         50,          0,          0,          0,         47,         54,    18500,    23000,    25000,    25000,    27000,    27000,
      AssocOfProduct,        498,          0,          0,          0,        415,        545,      500,     1300,     1700,     1900,     2300,     6300,
      BusinessReport,        125,          0,          0,          0,        104,        155,    19500,    25000,    30000,    31000,    38400,    44000,
          CustBuyBeh,        496,          0,          0,          0,        399,        519,      400,     1100,     1500,     1600,     1980,     4800,
       ProductReturn,       1326,          0,          0,          0,       1189,       1471,      200,      800,     1300,     1400,     1800,     5800,

  1040s: ( 7%)   IR =    969 ..[1042.946s][info][gc,start       ] GC(193) Pause Young (Concurrent Start) (G1 Evacuation Pause)
[1042.947s][info][gc,task        ] GC(193) Using 6 workers of 6 for evacuation
[1043.062s][info][gc,phases      ] GC(193)   Pre Evacuate Collection Set: 0.42ms
[1043.062s][info][gc,phases      ] GC(193)   Merge Heap Roots: 0.51ms
[1043.062s][info][gc,phases      ] GC(193)   Evacuate Collection Set: 113.97ms
[1043.062s][info][gc,phases      ] GC(193)   Post Evacuate Collection Set: 0.91ms
[1043.062s][info][gc,phases      ] GC(193)   Other: 0.13ms
[1043.063s][info][gc,heap        ] GC(193) Eden regions: 1120->0(1119)
[1043.063s][info][gc,heap        ] GC(193) Survivor regions: 108->109(154)
[1043.063s][info][gc,heap        ] GC(193) Old regions: 463->495
[1043.063s][info][gc,heap        ] GC(193) Humongous regions: 77->77
[1043.063s][info][gc,metaspace   ] GC(193) Metaspace: 28933K(29248K)->28933K(29248K) NonClass: 24049K(24192K)->24049K(24192K) Class: 4883K(5056K)->4883K(5056K)
[1043.063s][info][gc             ] GC(193) Pause Young (Concurrent Start) (G1 Evacuation Pause) 3533M->1359M(4096M) 116.078ms
[1043.063s][info][gc             ] GC(194) Concurrent Mark Cycle
[1043.063s][info][gc,marking     ] GC(194) Concurrent Scan Root Regions
[1043.063s][info][gc,cpu         ] GC(193) User=0.69s Sys=0.00s Real=0.12s
[1043.170s][info][gc,marking     ] GC(194) Concurrent Scan Root Regions 107.273ms
[1043.170s][info][gc,marking     ] GC(194) Concurrent Mark
[1043.170s][info][gc,marking     ] GC(194) Concurrent Mark From Roots
[1043.170s][info][gc,task        ] GC(194) Using 2 workers of 2 for marking
.[1043.668s][info][gc,marking     ] GC(194) Concurrent Mark From Roots 497.746ms
[1043.668s][info][gc,marking     ] GC(194) Concurrent Preclean
[1043.668s][info][gc,marking     ] GC(194) Concurrent Preclean 0.051ms
[1043.668s][info][gc,start       ] GC(194) Pause Remark
[1043.670s][info][gc             ] GC(194) Pause Remark 1453M->1453M(4096M) 2.377ms
[1043.670s][info][gc,cpu         ] GC(194) User=0.02s Sys=0.00s Real=0.00s
[1043.670s][info][gc,marking     ] GC(194) Concurrent Mark 500.426ms
[1043.670s][info][gc,marking     ] GC(194) Concurrent Rebuild Remembered Sets and Scrub Regions
[1043.866s][info][gc,marking     ] GC(194) Concurrent Rebuild Remembered Sets and Scrub Regions 195.291ms
[1043.866s][info][gc,start       ] GC(194) Pause Cleanup
[1043.866s][info][gc             ] GC(194) Pause Cleanup 1475M->1475M(4096M) 0.140ms
[1043.866s][info][gc,cpu         ] GC(194) User=0.00s Sys=0.00s Real=0.00s
[1043.866s][info][gc,marking     ] GC(194) Concurrent Clear Claimed Marks
[1043.866s][info][gc,marking     ] GC(194) Concurrent Clear Claimed Marks 0.029ms
[1043.866s][info][gc,marking     ] GC(194) Concurrent Cleanup for Next Mark
[1043.871s][info][gc,marking     ] GC(194) Concurrent Cleanup for Next Mark 4.604ms
[1043.871s][info][gc             ] GC(194) Concurrent Mark Cycle 808.133ms
....|...............[1062.543s][info][gc,start       ] GC(195) Pause Young (Prepare Mixed) (G1 Evacuation Pause)
[1062.543s][info][gc,task        ] GC(195) Using 6 workers of 6 for evacuation
[1062.659s][info][gc,phases      ] GC(195)   Pre Evacuate Collection Set: 0.37ms
[1062.659s][info][gc,phases      ] GC(195)   Merge Heap Roots: 0.54ms
[1062.659s][info][gc,phases      ] GC(195)   Evacuate Collection Set: 114.45ms
[1062.660s][info][gc,phases      ] GC(195)   Post Evacuate Collection Set: 1.00ms
[1062.660s][info][gc,phases      ] GC(195)   Other: 0.09ms
[1062.660s][info][gc,heap        ] GC(195) Eden regions: 1119->0(1119)
[1062.660s][info][gc,heap        ] GC(195) Survivor regions: 109->109(154)
[1062.660s][info][gc,heap        ] GC(195) Old regions: 495->527
[1062.660s][info][gc,heap        ] GC(195) Humongous regions: 77->77
[1062.660s][info][gc,metaspace   ] GC(195) Metaspace: 28933K(29248K)->28933K(29248K) NonClass: 24049K(24192K)->24049K(24192K) Class: 4883K(5056K)->4883K(5056K)
[1062.660s][info][gc             ] GC(195) Pause Young (Prepare Mixed) (G1 Evacuation Pause) 3597M->1423M(4096M) 116.572ms
[1062.660s][info][gc,cpu         ] GC(195) User=0.69s Sys=0.00s Real=0.11s
...................[1082.301s][info][gc,start       ] GC(196) Pause Young (Mixed) (G1 Evacuation Pause)
[1082.301s][info][gc,task        ] GC(196) Using 6 workers of 6 for evacuation
[1082.435s][info][gc,phases      ] GC(196)   Pre Evacuate Collection Set: 0.41ms
[1082.435s][info][gc,phases      ] GC(196)   Merge Heap Roots: 0.66ms
[1082.435s][info][gc,phases      ] GC(196)   Evacuate Collection Set: 131.38ms
[1082.435s][info][gc,phases      ] GC(196)   Post Evacuate Collection Set: 1.03ms
[1082.435s][info][gc,phases      ] GC(196)   Other: 0.10ms
[1082.435s][info][gc,heap        ] GC(196) Eden regions: 1119->0(1119)
[1082.435s][info][gc,heap        ] GC(196) Survivor regions: 109->109(154)
[1082.435s][info][gc,heap        ] GC(196) Old regions: 527->464
[1082.435s][info][gc,heap        ] GC(196) Humongous regions: 77->77
[1082.435s][info][gc,metaspace   ] GC(196) Metaspace: 28933K(29248K)->28933K(29248K) NonClass: 24049K(24192K)->24049K(24192K) Class: 4883K(5056K)->4883K(5056K)
[1082.435s][info][gc             ] GC(196) Pause Young (Mixed) (G1 Evacuation Pause) 3661M->1298M(4096M) 133.732ms
[1082.435s][info][gc,cpu         ] GC(196) User=0.79s Sys=0.00s Real=0.14s
....................[1102.041s][info][gc,start       ] GC(197) Pause Young (Concurrent Start) (G1 Evacuation Pause)
[1102.041s][info][gc,task        ] GC(197) Using 6 workers of 6 for evacuation
[1102.158s][info][gc,phases      ] GC(197)   Pre Evacuate Collection Set: 0.37ms
[1102.158s][info][gc,phases      ] GC(197)   Merge Heap Roots: 0.47ms
[1102.158s][info][gc,phases      ] GC(197)   Evacuate Collection Set: 115.44ms
[1102.158s][info][gc,phases      ] GC(197)   Post Evacuate Collection Set: 0.92ms
[1102.158s][info][gc,phases      ] GC(197)   Other: 0.13ms
[1102.158s][info][gc,heap        ] GC(197) Eden regions: 1119->0(1118)
[1102.158s][info][gc,heap        ] GC(197) Survivor regions: 109->110(154)
[1102.158s][info][gc,heap        ] GC(197) Old regions: 464->496
[1102.158s][info][gc,heap        ] GC(197) Humongous regions: 77->77
[1102.158s][info][gc,metaspace   ] GC(197) Metaspace: 28933K(29248K)->28933K(29248K) NonClass: 24049K(24192K)->24049K(24192K) Class: 4883K(5056K)->4883K(5056K)
[1102.158s][info][gc             ] GC(197) Pause Young (Concurrent Start) (G1 Evacuation Pause) 3536M->1363M(4096M) 117.473ms
[1102.158s][info][gc             ] GC(198) Concurrent Mark Cycle
[1102.158s][info][gc,marking     ] GC(198) Concurrent Scan Root Regions
[1102.159s][info][gc,cpu         ] GC(197) User=0.69s Sys=0.00s Real=0.12s
[1102.326s][info][gc,marking     ] GC(198) Concurrent Scan Root Regions 167.023ms
[1102.326s][info][gc,marking     ] GC(198) Concurrent Mark
[1102.326s][info][gc,marking     ] GC(198) Concurrent Mark From Roots
[1102.326s][info][gc,task        ] GC(198) Using 2 workers of 2 for marking
.[1103.221s][info][gc,marking     ] GC(198) Concurrent Mark From Roots 894.943ms
[1103.221s][info][gc,marking     ] GC(198) Concurrent Preclean
[1103.221s][info][gc,marking     ] GC(198) Concurrent Preclean 0.051ms
[1103.221s][info][gc,start       ] GC(198) Pause Remark
[1103.223s][info][gc             ] GC(198) Pause Remark 1488M->1488M(4096M) 2.716ms
[1103.224s][info][gc,cpu         ] GC(198) User=0.02s Sys=0.00s Real=0.01s
[1103.224s][info][gc,marking     ] GC(198) Concurrent Mark 897.974ms
[1103.224s][info][gc,marking     ] GC(198) Concurrent Rebuild Remembered Sets and Scrub Regions
[1103.423s][info][gc,marking     ] GC(198) Concurrent Rebuild Remembered Sets and Scrub Regions 199.650ms
[1103.423s][info][gc,start       ] GC(198) Pause Cleanup
[1103.424s][info][gc             ] GC(198) Pause Cleanup 1517M->1517M(4096M) 0.126ms
[1103.424s][info][gc,cpu         ] GC(198) User=0.00s Sys=0.00s Real=0.00s
[1103.424s][info][gc,marking     ] GC(198) Concurrent Clear Claimed Marks
[1103.424s][info][gc,marking     ] GC(198) Concurrent Clear Claimed Marks 0.036ms
[1103.424s][info][gc,marking     ] GC(198) Concurrent Cleanup for Next Mark
[1103.428s][info][gc,marking     ] GC(198) Concurrent Cleanup for Next Mark 4.430ms
[1103.428s][info][gc             ] GC(198) Concurrent Mark Cycle 1269.611ms
..... (rIR:aIR:PR = 969:968:968) (tPR = 14272) [OK] 
  1107s: Performance info:
         Transaction,    Success,    Partial,     Failed,   Receipts, AvgBarcode, 
             Overall,      58132,          0,          0,      55229,      59.45, 
         Response times:
             Request,    Success,    Partial,     Failed,   SkipFail,     Probes,    Samples,      min,      p50,      p90,      p95,      p99,      max, 
       TotalPurchase,      55229,          0,          0,          0,      53455,      60765,      300,     1100,     1600,     1800,     2600,   137000,
     InStorePurchase,      29052,          0,          0,          0,      28204,      31871,      300,     1100,     1600,     1800,     2500,   136000,
      OnlinePurchase,      20354,          0,          0,          0,      19791,      22592,      300,     1100,     1600,     1800,     2700,   137000,
        InstPurchase,       5823,          0,          0,          0,       5460,       6302,      400,     1100,     1600,     1800,     2400,   136000,
          AssocOfCat,         59,          0,          0,          0,         58,         65,    17500,    23000,    25000,    26700,    33000,    33000,
      AssocOfProduct,        579,          0,          0,          0,        481,        656,      500,     1000,     1330,     1500,     2500,     3400,
      BusinessReport,        144,          0,          0,          0,        105,        163,    19600,    26000,    31600,    35000,    86040,   159000,
          CustBuyBeh,        580,          0,          0,          0,        484,        662,      200,      500,     1000,     1200,     1737,     4400,
       ProductReturn,       1541,          0,          0,          0,       1402,       1690,      300,     1200,     1700,     1800,     3127,   137000,

  1107s: ( 8%)   IR =   1107 .....|.......[1119.952s][info][gc,start       ] GC(199) Pause Young (Prepare Mixed) (G1 Evacuation Pause)
[1119.952s][info][gc,task        ] GC(199) Using 6 workers of 6 for evacuation
[1120.068s][info][gc,phases      ] GC(199)   Pre Evacuate Collection Set: 0.36ms
[1120.068s][info][gc,phases      ] GC(199)   Merge Heap Roots: 0.57ms
[1120.068s][info][gc,phases      ] GC(199)   Evacuate Collection Set: 114.31ms
[1120.068s][info][gc,phases      ] GC(199)   Post Evacuate Collection Set: 0.96ms
[1120.068s][info][gc,phases      ] GC(199)   Other: 0.10ms
[1120.068s][info][gc,heap        ] GC(199) Eden regions: 1118->0(1119)
[1120.068s][info][gc,heap        ] GC(199) Survivor regions: 110->109(154)
[1120.068s][info][gc,heap        ] GC(199) Old regions: 496->529
[1120.068s][info][gc,heap        ] GC(199) Humongous regions: 77->77
[1120.068s][info][gc,metaspace   ] GC(199) Metaspace: 28934K(29248K)->28934K(29248K) NonClass: 24050K(24192K)->24050K(24192K) Class: 4883K(5056K)->4883K(5056K)
[1120.068s][info][gc             ] GC(199) Pause Young (Prepare Mixed) (G1 Evacuation Pause) 3599M->1426M(4096M) 116.425ms
[1120.068s][info][gc,cpu         ] GC(199) User=0.69s Sys=0.00s Real=0.12s
.................[1137.260s][info][gc,start       ] GC(200) Pause Young (Mixed) (G1 Evacuation Pause)
[1137.260s][info][gc,task        ] GC(200) Using 6 workers of 6 for evacuation
[1137.390s][info][gc,phases      ] GC(200)   Pre Evacuate Collection Set: 0.40ms
[1137.390s][info][gc,phases      ] GC(200)   Merge Heap Roots: 0.65ms
[1137.390s][info][gc,phases      ] GC(200)   Evacuate Collection Set: 127.78ms
[1137.390s][info][gc,phases      ] GC(200)   Post Evacuate Collection Set: 0.96ms
[1137.390s][info][gc,phases      ] GC(200)   Other: 0.08ms
[1137.390s][info][gc,heap        ] GC(200) Eden regions: 1119->0(1120)
[1137.390s][info][gc,heap        ] GC(200) Survivor regions: 109->108(154)
[1137.390s][info][gc,heap        ] GC(200) Old regions: 529->466
[1137.390s][info][gc,heap        ] GC(200) Humongous regions: 77->77
[1137.390s][info][gc,metaspace   ] GC(200) Metaspace: 28934K(29248K)->28934K(29248K) NonClass: 24050K(24192K)->24050K(24192K) Class: 4883K(5056K)->4883K(5056K)
[1137.390s][info][gc             ] GC(200) Pause Young (Mixed) (G1 Evacuation Pause) 3664M->1299M(4096M) 129.996ms
[1137.390s][info][gc,cpu         ] GC(200) User=0.76s Sys=0.00s Real=0.13s
..................[1154.602s][info][gc,start       ] GC(201) Pause Young (Concurrent Start) (G1 Evacuation Pause)
[1154.602s][info][gc,task        ] GC(201) Using 6 workers of 6 for evacuation
[1154.720s][info][gc,phases      ] GC(201)   Pre Evacuate Collection Set: 0.38ms
[1154.720s][info][gc,phases      ] GC(201)   Merge Heap Roots: 0.48ms
[1154.720s][info][gc,phases      ] GC(201)   Evacuate Collection Set: 115.59ms
[1154.720s][info][gc,phases      ] GC(201)   Post Evacuate Collection Set: 0.91ms
[1154.720s][info][gc,phases      ] GC(201)   Other: 0.11ms
[1154.720s][info][gc,heap        ] GC(201) Eden regions: 1120->0(1119)
[1154.720s][info][gc,heap        ] GC(201) Survivor regions: 108->109(154)
[1154.720s][info][gc,heap        ] GC(201) Old regions: 466->498
[1154.720s][info][gc,heap        ] GC(201) Humongous regions: 77->77
[1154.720s][info][gc,metaspace   ] GC(201) Metaspace: 28934K(29248K)->28934K(29248K) NonClass: 24050K(24192K)->24050K(24192K) Class: 4883K(5056K)->4883K(5056K)
[1154.720s][info][gc             ] GC(201) Pause Young (Concurrent Start) (G1 Evacuation Pause) 3539M->1365M(4096M) 117.626ms
[1154.720s][info][gc             ] GC(202) Concurrent Mark Cycle
[1154.720s][info][gc,marking     ] GC(202) Concurrent Scan Root Regions
[1154.720s][info][gc,cpu         ] GC(201) User=0.69s Sys=0.00s Real=0.12s
[1154.840s][info][gc,marking     ] GC(202) Concurrent Scan Root Regions 120.153ms
[1154.840s][info][gc,marking     ] GC(202) Concurrent Mark
[1154.840s][info][gc,marking     ] GC(202) Concurrent Mark From Roots
[1154.840s][info][gc,task        ] GC(202) Using 2 workers of 2 for marking
[1155.345s][info][gc,marking     ] GC(202) Concurrent Mark From Roots 504.491ms
[1155.345s][info][gc,marking     ] GC(202) Concurrent Preclean
[1155.345s][info][gc,marking     ] GC(202) Concurrent Preclean 0.069ms
[1155.345s][info][gc,start       ] GC(202) Pause Remark
[1155.348s][info][gc             ] GC(202) Pause Remark 1469M->1469M(4096M) 2.409ms
[1155.348s][info][gc,cpu         ] GC(202) User=0.01s Sys=0.00s Real=0.00s
[1155.348s][info][gc,marking     ] GC(202) Concurrent Mark 507.590ms
[1155.348s][info][gc,marking     ] GC(202) Concurrent Rebuild Remembered Sets and Scrub Regions
[1155.548s][info][gc,marking     ] GC(202) Concurrent Rebuild Remembered Sets and Scrub Regions 200.633ms
[1155.549s][info][gc,start       ] GC(202) Pause Cleanup
[1155.549s][info][gc             ] GC(202) Pause Cleanup 1494M->1494M(4096M) 0.122ms
[1155.549s][info][gc,cpu         ] GC(202) User=0.00s Sys=0.00s Real=0.00s
[1155.549s][info][gc,marking     ] GC(202) Concurrent Clear Claimed Marks
[1155.549s][info][gc,marking     ] GC(202) Concurrent Clear Claimed Marks 0.027ms
[1155.549s][info][gc,marking     ] GC(202) Concurrent Cleanup for Next Mark
[1155.552s][info][gc,marking     ] GC(202) Concurrent Cleanup for Next Mark 3.260ms
[1155.552s][info][gc             ] GC(202) Concurrent Mark Cycle 832.103ms
.................[1171.750s][info][gc,start       ] GC(203) Pause Young (Prepare Mixed) (G1 Evacuation Pause)
[1171.750s][info][gc,task        ] GC(203) Using 6 workers of 6 for evacuation
[1171.869s][info][gc,phases      ] GC(203)   Pre Evacuate Collection Set: 0.39ms
[1171.869s][info][gc,phases      ] GC(203)   Merge Heap Roots: 0.54ms
[1171.869s][info][gc,phases      ] GC(203)   Evacuate Collection Set: 117.20ms
[1171.869s][info][gc,phases      ] GC(203)   Post Evacuate Collection Set: 0.96ms
[1171.869s][info][gc,phases      ] GC(203)   Other: 0.09ms
[1171.869s][info][gc,heap        ] GC(203) Eden regions: 1119->0(1116)
[1171.869s][info][gc,heap        ] GC(203) Survivor regions: 109->111(154)
[1171.869s][info][gc,heap        ] GC(203) Old regions: 498->530
[1171.869s][info][gc,heap        ] GC(203) Humongous regions: 77->77
[1171.869s][info][gc,metaspace   ] GC(203) Metaspace: 28934K(29248K)->28934K(29248K) NonClass: 24050K(24192K)->24050K(24192K) Class: 4883K(5056K)->4883K(5056K)
[1171.869s][info][gc             ] GC(203) Pause Young (Prepare Mixed) (G1 Evacuation Pause) 3603M->1433M(4096M) 119.307ms
[1171.869s][info][gc,cpu         ] GC(203) User=0.70s Sys=0.00s Real=0.12s
. (rIR:aIR:PR = 1107:1108:1108) (tPR = 16559) [OK] 
  1172s: Performance info:
         Transaction,    Success,    Partial,     Failed,   Receipts, AvgBarcode, 
             Overall,      66508,          0,          0,      63181,      59.48, 
         Response times:
             Request,    Success,    Partial,     Failed,   SkipFail,     Probes,    Samples,      min,      p50,      p90,      p95,      p99,      max, 
       TotalPurchase,      63181,          0,          0,          0,      61295,      67114,      300,     1200,     1700,     1900,     2700,   133000,
     InStorePurchase,      33265,          0,          0,          0,      32418,      35302,      300,     1200,     1700,     1900,     2700,   133000,
      OnlinePurchase,      23271,          0,          0,          0,      22572,      24782,      300,     1200,     1800,     1900,     2900,   133000,
        InstPurchase,       6645,          0,          0,          0,       6305,       7030,      400,     1300,     1800,     2000,     2700,   133000,
          AssocOfCat,         68,          0,          0,          0,         66,         71,    17800,    24000,    26000,    29800,   154000,   154000,
      AssocOfProduct,        660,          0,          0,          0,        554,        671,      500,     1000,     1400,     1600,     2500,     4400,
      BusinessReport,        166,          0,          0,          0,        121,        183,    19700,    26000,    31000,    34000,    92080,   145000,
          CustBuyBeh,        666,          0,          0,          0,        561,        698,      200,     1300,     1700,     1900,     2903,     6900,
       ProductReturn,       1767,          0,          0,          0,       1609,       1935,      200,      900,     1500,     1600,     2400,     6600,

  1172s: ( 9%)   IR =   1245 ......|........[1187.314s][info][gc,start       ] GC(204) Pause Young (Mixed) (G1 Evacuation Pause)
[1187.314s][info][gc,task        ] GC(204) Using 6 workers of 6 for evacuation
[1187.444s][info][gc,phases      ] GC(204)   Pre Evacuate Collection Set: 0.45ms
[1187.444s][info][gc,phases      ] GC(204)   Merge Heap Roots: 0.67ms
[1187.444s][info][gc,phases      ] GC(204)   Evacuate Collection Set: 127.71ms
[1187.444s][info][gc,phases      ] GC(204)   Post Evacuate Collection Set: 1.02ms
[1187.444s][info][gc,phases      ] GC(204)   Other: 0.11ms
[1187.444s][info][gc,heap        ] GC(204) Eden regions: 1116->0(1119)
[1187.444s][info][gc,heap        ] GC(204) Survivor regions: 111->109(154)
[1187.444s][info][gc,heap        ] GC(204) Old regions: 530->466
[1187.444s][info][gc,heap        ] GC(204) Humongous regions: 77->77
[1187.444s][info][gc,metaspace   ] GC(204) Metaspace: 28936K(29248K)->28936K(29248K) NonClass: 24052K(24192K)->24052K(24192K) Class: 4883K(5056K)->4883K(5056K)
[1187.444s][info][gc             ] GC(204) Pause Young (Mixed) (G1 Evacuation Pause) 3665M->1300M(4096M) 130.122ms
[1187.444s][info][gc,cpu         ] GC(204) User=0.77s Sys=0.00s Real=0.13s
...............[1202.427s][info][gc,start       ] GC(205) Pause Young (Concurrent Start) (G1 Evacuation Pause)
[1202.427s][info][gc,task        ] GC(205) Using 6 workers of 6 for evacuation
[1202.543s][info][gc,phases      ] GC(205)   Pre Evacuate Collection Set: 0.44ms
[1202.543s][info][gc,phases      ] GC(205)   Merge Heap Roots: 0.53ms
[1202.543s][info][gc,phases      ] GC(205)   Evacuate Collection Set: 114.28ms
[1202.543s][info][gc,phases      ] GC(205)   Post Evacuate Collection Set: 0.94ms
[1202.543s][info][gc,phases      ] GC(205)   Other: 0.13ms
[1202.544s][info][gc,heap        ] GC(205) Eden regions: 1119->0(1120)
[1202.544s][info][gc,heap        ] GC(205) Survivor regions: 109->108(154)
[1202.544s][info][gc,heap        ] GC(205) Old regions: 466->498
[1202.544s][info][gc,heap        ] GC(205) Humongous regions: 77->77
[1202.544s][info][gc,metaspace   ] GC(205) Metaspace: 28936K(29248K)->28936K(29248K) NonClass: 24052K(24192K)->24052K(24192K) Class: 4883K(5056K)->4883K(5056K)
[1202.544s][info][gc             ] GC(205) Pause Young (Concurrent Start) (G1 Evacuation Pause) 3538M->1363M(4096M) 116.478ms
[1202.544s][info][gc             ] GC(206) Concurrent Mark Cycle
[1202.544s][info][gc,marking     ] GC(206) Concurrent Scan Root Regions
[1202.544s][info][gc,cpu         ] GC(205) User=0.69s Sys=0.00s Real=0.12s
.[1202.654s][info][gc,marking     ] GC(206) Concurrent Scan Root Regions 110.847ms
[1202.654s][info][gc,marking     ] GC(206) Concurrent Mark
[1202.654s][info][gc,marking     ] GC(206) Concurrent Mark From Roots
[1202.654s][info][gc,task        ] GC(206) Using 2 workers of 2 for marking
[1203.159s][info][gc,marking     ] GC(206) Concurrent Mark From Roots 504.362ms
[1203.159s][info][gc,marking     ] GC(206) Concurrent Preclean
[1203.159s][info][gc,marking     ] GC(206) Concurrent Preclean 0.049ms
[1203.159s][info][gc,start       ] GC(206) Pause Remark
[1203.162s][info][gc             ] GC(206) Pause Remark 1467M->1467M(4096M) 2.637ms
[1203.162s][info][gc,cpu         ] GC(206) User=0.02s Sys=0.00s Real=0.00s
[1203.162s][info][gc,marking     ] GC(206) Concurrent Mark 507.330ms
[1203.162s][info][gc,marking     ] GC(206) Concurrent Rebuild Remembered Sets and Scrub Regions
[1203.360s][info][gc,marking     ] GC(206) Concurrent Rebuild Remembered Sets and Scrub Regions 197.982ms
[1203.360s][info][gc,start       ] GC(206) Pause Cleanup
[1203.360s][info][gc             ] GC(206) Pause Cleanup 1492M->1492M(4096M) 0.121ms
[1203.360s][info][gc,cpu         ] GC(206) User=0.00s Sys=0.00s Real=0.00s
[1203.360s][info][gc,marking     ] GC(206) Concurrent Clear Claimed Marks
[1203.360s][info][gc,marking     ] GC(206) Concurrent Clear Claimed Marks 0.025ms
[1203.360s][info][gc,marking     ] GC(206) Concurrent Cleanup for Next Mark
[1203.363s][info][gc,marking     ] GC(206) Concurrent Cleanup for Next Mark 3.218ms
[1203.363s][info][gc             ] GC(206) Concurrent Mark Cycle 819.833ms
...............[1217.828s][info][gc,start       ] GC(207) Pause Young (Prepare Mixed) (G1 Evacuation Pause)
[1217.828s][info][gc,task        ] GC(207) Using 6 workers of 6 for evacuation
[1217.946s][info][gc,phases      ] GC(207)   Pre Evacuate Collection Set: 0.38ms
[1217.946s][info][gc,phases      ] GC(207)   Merge Heap Roots: 0.50ms
[1217.946s][info][gc,phases      ] GC(207)   Evacuate Collection Set: 115.91ms
[1217.946s][info][gc,phases      ] GC(207)   Post Evacuate Collection Set: 0.94ms
[1217.946s][info][gc,phases      ] GC(207)   Other: 0.10ms
[1217.946s][info][gc,heap        ] GC(207) Eden regions: 1120->0(1119)
[1217.946s][info][gc,heap        ] GC(207) Survivor regions: 108->109(154)
[1217.946s][info][gc,heap        ] GC(207) Old regions: 498->530
[1217.946s][info][gc,heap        ] GC(207) Humongous regions: 77->77
[1217.946s][info][gc,metaspace   ] GC(207) Metaspace: 28936K(29248K)->28936K(29248K) NonClass: 24052K(24192K)->24052K(24192K) Class: 4883K(5056K)->4883K(5056K)
[1217.946s][info][gc             ] GC(207) Pause Young (Prepare Mixed) (G1 Evacuation Pause) 3603M->1429M(4096M) 117.962ms
[1217.946s][info][gc,cpu         ] GC(207) User=0.69s Sys=0.00s Real=0.12s
...............[1233.210s][info][gc,start       ] GC(208) Pause Young (Mixed) (G1 Evacuation Pause)
[1233.211s][info][gc,task        ] GC(208) Using 6 workers of 6 for evacuation
[1233.340s][info][gc,phases      ] GC(208)   Pre Evacuate Collection Set: 0.41ms
[1233.340s][info][gc,phases      ] GC(208)   Merge Heap Roots: 0.66ms
[1233.340s][info][gc,phases      ] GC(208)   Evacuate Collection Set: 127.71ms
[1233.340s][info][gc,phases      ] GC(208)   Post Evacuate Collection Set: 0.95ms
[1233.340s][info][gc,phases      ] GC(208)   Other: 0.09ms
[1233.340s][info][gc,heap        ] GC(208) Eden regions: 1119->0(1119)
[1233.340s][info][gc,heap        ] GC(208) Survivor regions: 109->109(154)
[1233.340s][info][gc,heap        ] GC(208) Old regions: 530->466
[1233.340s][info][gc,heap        ] GC(208) Humongous regions: 77->77
[1233.340s][info][gc,metaspace   ] GC(208) Metaspace: 28936K(29248K)->28936K(29248K) NonClass: 24052K(24192K)->24052K(24192K) Class: 4883K(5056K)->4883K(5056K)
[1233.340s][info][gc             ] GC(208) Pause Young (Mixed) (G1 Evacuation Pause) 3667M->1301M(4096M) 129.945ms
[1233.340s][info][gc,cpu         ] GC(208) User=0.76s Sys=0.00s Real=0.13s
...... (rIR:aIR:PR = 1245:1246:1246) (tPR = 18323) [OK] 
  1238s: Performance info:
         Transaction,    Success,    Partial,     Failed,   Receipts, AvgBarcode, 
             Overall,      74774,          0,          0,      71046,      59.46, 
         Response times:
             Request,    Success,    Partial,     Failed,   SkipFail,     Probes,    Samples,      min,      p50,      p90,      p95,      p99,      max, 
       TotalPurchase,      71046,          0,          0,          0,      69002,      77172,      300,     1300,     1900,     2100,     3100,   136000,
     InStorePurchase,      37404,          0,          0,          0,      36357,      40491,      300,     1300,     1900,     2100,     3200,   135000,
      OnlinePurchase,      26158,          0,          0,          0,      25529,      28469,      300,     1300,     1900,     2100,     3100,   136000,
        InstPurchase,       7484,          0,          0,          0,       7116,       8212,      400,     1100,     1800,     2000,     2700,   132000,
          AssocOfCat,         76,          0,          0,          0,         74,         82,    18700,    24000,    26000,    27700,    32000,    32000,
      AssocOfProduct,        743,          0,          0,          0,        651,        848,      500,     1500,     2200,     2400,     3104,    11000,
      BusinessReport,        186,          0,          0,          0,        133,        191,    19600,    26000,    31800,    32400,    91720,   169000,
          CustBuyBeh,        744,          0,          0,          0,        643,        827,      200,      900,     1700,     1900,     2472,   132000,
       ProductReturn,       1979,          0,          0,          0,       1772,       2118,      200,      800,     1500,     1700,     2800,    10700,

  1238s: (10%)   IR =   1384 .....|...[1247.560s][info][gc,start       ] GC(209) Pause Young (Concurrent Start) (G1 Evacuation Pause)
[1247.560s][info][gc,task        ] GC(209) Using 6 workers of 6 for evacuation
[1247.677s][info][gc,phases      ] GC(209)   Pre Evacuate Collection Set: 0.48ms
[1247.677s][info][gc,phases      ] GC(209)   Merge Heap Roots: 0.47ms
[1247.677s][info][gc,phases      ] GC(209)   Evacuate Collection Set: 114.70ms
[1247.677s][info][gc,phases      ] GC(209)   Post Evacuate Collection Set: 0.91ms
[1247.677s][info][gc,phases      ] GC(209)   Other: 0.14ms
[1247.677s][info][gc,heap        ] GC(209) Eden regions: 1119->0(1119)
[1247.677s][info][gc,heap        ] GC(209) Survivor regions: 109->109(154)
[1247.677s][info][gc,heap        ] GC(209) Old regions: 466->498
[1247.677s][info][gc,heap        ] GC(209) Humongous regions: 77->77
[1247.677s][info][gc,metaspace   ] GC(209) Metaspace: 28937K(29248K)->28937K(29248K) NonClass: 24053K(24192K)->24053K(24192K) Class: 4883K(5056K)->4883K(5056K)
[1247.677s][info][gc             ] GC(209) Pause Young (Concurrent Start) (G1 Evacuation Pause) 3539M->1365M(4096M) 116.845ms
[1247.677s][info][gc             ] GC(210) Concurrent Mark Cycle
[1247.677s][info][gc,marking     ] GC(210) Concurrent Scan Root Regions
[1247.677s][info][gc,cpu         ] GC(209) User=0.68s Sys=0.00s Real=0.12s
.[1247.789s][info][gc,marking     ] GC(210) Concurrent Scan Root Regions 111.646ms
[1247.789s][info][gc,marking     ] GC(210) Concurrent Mark
[1247.789s][info][gc,marking     ] GC(210) Concurrent Mark From Roots
[1247.789s][info][gc,task        ] GC(210) Using 2 workers of 2 for marking
[1248.315s][info][gc,marking     ] GC(210) Concurrent Mark From Roots 525.671ms
[1248.315s][info][gc,marking     ] GC(210) Concurrent Preclean
[1248.315s][info][gc,marking     ] GC(210) Concurrent Preclean 0.050ms
[1248.315s][info][gc,start       ] GC(210) Pause Remark
[1248.318s][info][gc             ] GC(210) Pause Remark 1515M->1515M(4096M) 2.676ms
[1248.318s][info][gc,cpu         ] GC(210) User=0.01s Sys=0.00s Real=0.00s
[1248.318s][info][gc,marking     ] GC(210) Concurrent Mark 528.659ms
[1248.318s][info][gc,marking     ] GC(210) Concurrent Rebuild Remembered Sets and Scrub Regions
[1248.515s][info][gc,marking     ] GC(210) Concurrent Rebuild Remembered Sets and Scrub Regions 197.849ms
[1248.516s][info][gc,start       ] GC(210) Pause Cleanup
[1248.516s][info][gc             ] GC(210) Pause Cleanup 1540M->1540M(4096M) 0.120ms
[1248.516s][info][gc,cpu         ] GC(210) User=0.00s Sys=0.00s Real=0.00s
[1248.516s][info][gc,marking     ] GC(210) Concurrent Clear Claimed Marks
[1248.516s][info][gc,marking     ] GC(210) Concurrent Clear Claimed Marks 0.025ms
[1248.516s][info][gc,marking     ] GC(210) Concurrent Cleanup for Next Mark
[1248.519s][info][gc,marking     ] GC(210) Concurrent Cleanup for Next Mark 3.239ms
[1248.519s][info][gc             ] GC(210) Concurrent Mark Cycle 841.872ms
.............[1261.355s][info][gc,start       ] GC(211) Pause Young (Prepare Mixed) (G1 Evacuation Pause)
[1261.356s][info][gc,task        ] GC(211) Using 6 workers of 6 for evacuation
[1261.472s][info][gc,phases      ] GC(211)   Pre Evacuate Collection Set: 0.38ms
[1261.472s][info][gc,phases      ] GC(211)   Merge Heap Roots: 0.50ms
[1261.472s][info][gc,phases      ] GC(211)   Evacuate Collection Set: 114.42ms
[1261.472s][info][gc,phases      ] GC(211)   Post Evacuate Collection Set: 0.98ms
[1261.472s][info][gc,phases      ] GC(211)   Other: 0.09ms
[1261.472s][info][gc,heap        ] GC(211) Eden regions: 1119->0(1120)
[1261.472s][info][gc,heap        ] GC(211) Survivor regions: 109->108(154)
[1261.472s][info][gc,heap        ] GC(211) Old regions: 498->530
[1261.472s][info][gc,heap        ] GC(211) Humongous regions: 77->77
[1261.472s][info][gc,metaspace   ] GC(211) Metaspace: 28937K(29248K)->28937K(29248K) NonClass: 24053K(24192K)->24053K(24192K) Class: 4883K(5056K)->4883K(5056K)
[1261.472s][info][gc             ] GC(211) Pause Young (Prepare Mixed) (G1 Evacuation Pause) 3603M->1427M(4096M) 116.499ms
[1261.472s][info][gc,cpu         ] GC(211) User=0.69s Sys=0.00s Real=0.11s
..............[1275.029s][info][gc,start       ] GC(212) Pause Young (Mixed) (G1 Evacuation Pause)
[1275.029s][info][gc,task        ] GC(212) Using 6 workers of 6 for evacuation
[1275.160s][info][gc,phases      ] GC(212)   Pre Evacuate Collection Set: 0.42ms
[1275.160s][info][gc,phases      ] GC(212)   Merge Heap Roots: 0.65ms
[1275.160s][info][gc,phases      ] GC(212)   Evacuate Collection Set: 128.36ms
[1275.160s][info][gc,phases      ] GC(212)   Post Evacuate Collection Set: 0.97ms
[1275.160s][info][gc,phases      ] GC(212)   Other: 0.09ms
[1275.160s][info][gc,heap        ] GC(212) Eden regions: 1120->0(1120)
[1275.160s][info][gc,heap        ] GC(212) Survivor regions: 108->108(154)
[1275.160s][info][gc,heap        ] GC(212) Old regions: 530->466
[1275.160s][info][gc,heap        ] GC(212) Humongous regions: 77->77
[1275.160s][info][gc,metaspace   ] GC(212) Metaspace: 28938K(29248K)->28938K(29248K) NonClass: 24055K(24192K)->24055K(24192K) Class: 4883K(5056K)->4883K(5056K)
[1275.160s][info][gc             ] GC(212) Pause Young (Mixed) (G1 Evacuation Pause) 3667M->1299M(4096M) 130.632ms
[1275.160s][info][gc,cpu         ] GC(212) User=0.77s Sys=0.00s Real=0.13s
..............[1288.899s][info][gc,start       ] GC(213) Pause Young (Concurrent Start) (G1 Evacuation Pause)
[1288.899s][info][gc,task        ] GC(213) Using 6 workers of 6 for evacuation
[1289.016s][info][gc,phases      ] GC(213)   Pre Evacuate Collection Set: 0.40ms
[1289.016s][info][gc,phases      ] GC(213)   Merge Heap Roots: 0.48ms
[1289.016s][info][gc,phases      ] GC(213)   Evacuate Collection Set: 115.00ms
[1289.016s][info][gc,phases      ] GC(213)   Post Evacuate Collection Set: 0.93ms
[1289.016s][info][gc,phases      ] GC(213)   Other: 0.10ms
[1289.016s][info][gc,heap        ] GC(213) Eden regions: 1120->0(1119)
[1289.016s][info][gc,heap        ] GC(213) Survivor regions: 108->109(154)
[1289.016s][info][gc,heap        ] GC(213) Old regions: 466->498
[1289.016s][info][gc,heap        ] GC(213) Humongous regions: 77->77
[1289.016s][info][gc,metaspace   ] GC(213) Metaspace: 28938K(29248K)->28938K(29248K) NonClass: 24055K(24192K)->24055K(24192K) Class: 4883K(5056K)->4883K(5056K)
[1289.016s][info][gc             ] GC(213) Pause Young (Concurrent Start) (G1 Evacuation Pause) 3539M->1364M(4096M) 117.065ms
[1289.016s][info][gc             ] GC(214) Concurrent Mark Cycle
[1289.016s][info][gc,marking     ] GC(214) Concurrent Scan Root Regions
[1289.016s][info][gc,cpu         ] GC(213) User=0.70s Sys=0.00s Real=0.12s
[1289.142s][info][gc,marking     ] GC(214) Concurrent Scan Root Regions 126.017ms
[1289.142s][info][gc,marking     ] GC(214) Concurrent Mark
[1289.142s][info][gc,marking     ] GC(214) Concurrent Mark From Roots
[1289.142s][info][gc,task        ] GC(214) Using 2 workers of 2 for marking
[1289.667s][info][gc,marking     ] GC(214) Concurrent Mark From Roots 525.442ms
[1289.667s][info][gc,marking     ] GC(214) Concurrent Preclean
[1289.667s][info][gc,marking     ] GC(214) Concurrent Preclean 0.043ms
[1289.668s][info][gc,start       ] GC(214) Pause Remark
[1289.670s][info][gc             ] GC(214) Pause Remark 1497M->1497M(4096M) 2.710ms
[1289.670s][info][gc,cpu         ] GC(214) User=0.02s Sys=0.00s Real=0.00s
[1289.670s][info][gc,marking     ] GC(214) Concurrent Mark 528.465ms
[1289.670s][info][gc,marking     ] GC(214) Concurrent Rebuild Remembered Sets and Scrub Regions
.[1289.873s][info][gc,marking     ] GC(214) Concurrent Rebuild Remembered Sets and Scrub Regions 202.611ms
[1289.873s][info][gc,start       ] GC(214) Pause Cleanup
[1289.873s][info][gc             ] GC(214) Pause Cleanup 1524M->1524M(4096M) 0.128ms
[1289.873s][info][gc,cpu         ] GC(214) User=0.00s Sys=0.00s Real=0.00s
[1289.873s][info][gc,marking     ] GC(214) Concurrent Clear Claimed Marks
[1289.873s][info][gc,marking     ] GC(214) Concurrent Clear Claimed Marks 0.027ms
[1289.873s][info][gc,marking     ] GC(214) Concurrent Cleanup for Next Mark
[1289.877s][info][gc,marking     ] GC(214) Concurrent Cleanup for Next Mark 3.218ms
[1289.877s][info][gc             ] GC(214) Concurrent Mark Cycle 860.794ms
............[1302.672s][info][gc,start       ] GC(215) Pause Young (Prepare Mixed) (G1 Evacuation Pause)
[1302.672s][info][gc,task        ] GC(215) Using 6 workers of 6 for evacuation
[1302.789s][info][gc,phases      ] GC(215)   Pre Evacuate Collection Set: 0.42ms
[1302.789s][info][gc,phases      ] GC(215)   Merge Heap Roots: 0.57ms
[1302.789s][info][gc,phases      ] GC(215)   Evacuate Collection Set: 114.61ms
[1302.789s][info][gc,phases      ] GC(215)   Post Evacuate Collection Set: 0.95ms
[1302.789s][info][gc,phases      ] GC(215)   Other: 0.09ms
[1302.789s][info][gc,heap        ] GC(215) Eden regions: 1119->0(1119)
[1302.789s][info][gc,heap        ] GC(215) Survivor regions: 109->109(154)
[1302.789s][info][gc,heap        ] GC(215) Old regions: 498->529
[1302.789s][info][gc,heap        ] GC(215) Humongous regions: 77->77
[1302.789s][info][gc,metaspace   ] GC(215) Metaspace: 28940K(29248K)->28940K(29248K) NonClass: 24056K(24192K)->24056K(24192K) Class: 4883K(5056K)->4883K(5056K)
[1302.789s][info][gc             ] GC(215) Pause Young (Prepare Mixed) (G1 Evacuation Pause) 3602M->1427M(4096M) 116.780ms
[1302.789s][info][gc,cpu         ] GC(215) User=0.69s Sys=0.00s Real=0.11s
.. (rIR:aIR:PR = 1384:1384:1384) (tPR = 20413) [OK] 
  1303s: Performance info:
         Transaction,    Success,    Partial,     Failed,   Receipts, AvgBarcode, 
             Overall,      83245,          0,          0,      79073,      59.47, 
         Response times:
             Request,    Success,    Partial,     Failed,   SkipFail,     Probes,    Samples,      min,      p50,      p90,      p95,      p99,      max, 
       TotalPurchase,      79073,          0,          0,          0,      76589,      84326,      300,     1400,     2100,     2300,     3600,   137000,
     InStorePurchase,      41589,          0,          0,          0,      40406,      44216,      300,     1400,     2000,     2300,     3500,   137000,
      OnlinePurchase,      29150,          0,          0,          0,      28208,      31205,      300,     1500,     2100,     2300,     3800,   135000,
        InstPurchase,       8334,          0,          0,          0,       7975,       8905,      400,     1500,     2100,     2300,     5088,   137000,
          AssocOfCat,         83,          0,          0,          0,         79,         90,    17700,    24000,    26000,    29450,    55000,    55000,
      AssocOfProduct,        838,          0,          0,          0,        710,        885,      600,     1700,     2100,     2300,     6042,    12200,
      BusinessReport,        208,          0,          0,          0,        149,        219,    19800,    26000,    33000,    37000,   137600,   185000,
          CustBuyBeh,        833,          0,          0,          0,        701,        888,      200,     1300,     1900,     2100,     3011,   119000,
       ProductReturn,       2210,          0,          0,          0,       2020,       2366,      200,      900,     1700,     2000,     2966,    15300,

  1303s: (11%)   IR =   1522 .....|......[1315.302s][info][gc,start       ] GC(216) Pause Young (Mixed) (G1 Evacuation Pause)
[1315.302s][info][gc,task        ] GC(216) Using 6 workers of 6 for evacuation
[1315.432s][info][gc,phases      ] GC(216)   Pre Evacuate Collection Set: 0.41ms
[1315.432s][info][gc,phases      ] GC(216)   Merge Heap Roots: 0.63ms
[1315.432s][info][gc,phases      ] GC(216)   Evacuate Collection Set: 127.99ms
[1315.432s][info][gc,phases      ] GC(216)   Post Evacuate Collection Set: 0.96ms
[1315.432s][info][gc,phases      ] GC(216)   Other: 0.10ms
[1315.432s][info][gc,heap        ] GC(216) Eden regions: 1119->0(1120)
[1315.432s][info][gc,heap        ] GC(216) Survivor regions: 109->108(154)
[1315.432s][info][gc,heap        ] GC(216) Old regions: 529->466
[1315.432s][info][gc,heap        ] GC(216) Humongous regions: 77->77
[1315.432s][info][gc,metaspace   ] GC(216) Metaspace: 28940K(29248K)->28940K(29248K) NonClass: 24057K(24192K)->24057K(24192K) Class: 4883K(5056K)->4883K(5056K)
[1315.432s][info][gc             ] GC(216) Pause Young (Mixed) (G1 Evacuation Pause) 3665M->1299M(4096M) 130.237ms
[1315.432s][info][gc,cpu         ] GC(216) User=0.77s Sys=0.00s Real=0.14s
.............[1327.825s][info][gc,start       ] GC(217) Pause Young (Concurrent Start) (G1 Evacuation Pause)
[1327.825s][info][gc,task        ] GC(217) Using 6 workers of 6 for evacuation
[1327.941s][info][gc,phases      ] GC(217)   Pre Evacuate Collection Set: 0.47ms
[1327.941s][info][gc,phases      ] GC(217)   Merge Heap Roots: 0.49ms
[1327.941s][info][gc,phases      ] GC(217)   Evacuate Collection Set: 113.57ms
[1327.941s][info][gc,phases      ] GC(217)   Post Evacuate Collection Set: 0.94ms
[1327.941s][info][gc,phases      ] GC(217)   Other: 0.16ms
[1327.941s][info][gc,heap        ] GC(217) Eden regions: 1120->0(1119)
[1327.941s][info][gc,heap        ] GC(217) Survivor regions: 108->109(154)
[1327.941s][info][gc,heap        ] GC(217) Old regions: 466->497
[1327.941s][info][gc,heap        ] GC(217) Humongous regions: 77->77
[1327.941s][info][gc,metaspace   ] GC(217) Metaspace: 28940K(29248K)->28940K(29248K) NonClass: 24057K(24192K)->24057K(24192K) Class: 4883K(5056K)->4883K(5056K)
[1327.941s][info][gc             ] GC(217) Pause Young (Concurrent Start) (G1 Evacuation Pause) 3539M->1364M(4096M) 115.764ms
[1327.941s][info][gc             ] GC(218) Concurrent Mark Cycle
[1327.941s][info][gc,marking     ] GC(218) Concurrent Scan Root Regions
[1327.941s][info][gc,cpu         ] GC(217) User=0.68s Sys=0.00s Real=0.11s
[1328.052s][info][gc,marking     ] GC(218) Concurrent Scan Root Regions 110.980ms
[1328.052s][info][gc,marking     ] GC(218) Concurrent Mark
[1328.052s][info][gc,marking     ] GC(218) Concurrent Mark From Roots
[1328.052s][info][gc,task        ] GC(218) Using 2 workers of 2 for marking
[1328.592s][info][gc,marking     ] GC(218) Concurrent Mark From Roots 539.688ms
[1328.592s][info][gc,marking     ] GC(218) Concurrent Preclean
[1328.592s][info][gc,marking     ] GC(218) Concurrent Preclean 0.048ms
[1328.592s][info][gc,start       ] GC(218) Pause Remark
[1328.595s][info][gc             ] GC(218) Pause Remark 1492M->1492M(4096M) 2.798ms
[1328.595s][info][gc,cpu         ] GC(218) User=0.01s Sys=0.00s Real=0.01s
[1328.595s][info][gc,marking     ] GC(218) Concurrent Mark 542.812ms
[1328.595s][info][gc,marking     ] GC(218) Concurrent Rebuild Remembered Sets and Scrub Regions
.[1328.930s][info][gc,marking     ] GC(218) Concurrent Rebuild Remembered Sets and Scrub Regions 334.402ms
[1328.930s][info][gc,start       ] GC(218) Pause Cleanup
[1328.930s][info][gc             ] GC(218) Pause Cleanup 1550M->1550M(4096M) 0.123ms
[1328.930s][info][gc,cpu         ] GC(218) User=0.00s Sys=0.00s Real=0.00s
[1328.930s][info][gc,marking     ] GC(218) Concurrent Clear Claimed Marks
[1328.930s][info][gc,marking     ] GC(218) Concurrent Clear Claimed Marks 0.048ms
[1328.930s][info][gc,marking     ] GC(218) Concurrent Cleanup for Next Mark
[1328.933s][info][gc,marking     ] GC(218) Concurrent Cleanup for Next Mark 3.488ms
[1328.933s][info][gc             ] GC(218) Concurrent Mark Cycle 992.208ms
...........[1340.294s][info][gc,start       ] GC(219) Pause Young (Prepare Mixed) (G1 Evacuation Pause)
[1340.294s][info][gc,task        ] GC(219) Using 6 workers of 6 for evacuation
[1340.410s][info][gc,phases      ] GC(219)   Pre Evacuate Collection Set: 0.40ms
[1340.410s][info][gc,phases      ] GC(219)   Merge Heap Roots: 0.56ms
[1340.410s][info][gc,phases      ] GC(219)   Evacuate Collection Set: 114.11ms
[1340.410s][info][gc,phases      ] GC(219)   Post Evacuate Collection Set: 0.95ms
[1340.410s][info][gc,phases      ] GC(219)   Other: 0.09ms
[1340.410s][info][gc,heap        ] GC(219) Eden regions: 1119->0(1121)
[1340.410s][info][gc,heap        ] GC(219) Survivor regions: 109->107(154)
[1340.410s][info][gc,heap        ] GC(219) Old regions: 497->529
[1340.410s][info][gc,heap        ] GC(219) Humongous regions: 77->77
[1340.410s][info][gc,metaspace   ] GC(219) Metaspace: 28940K(29248K)->28940K(29248K) NonClass: 24057K(24192K)->24057K(24192K) Class: 4883K(5056K)->4883K(5056K)
[1340.410s][info][gc             ] GC(219) Pause Young (Prepare Mixed) (G1 Evacuation Pause) 3602M->1424M(4096M) 116.254ms
[1340.410s][info][gc,cpu         ] GC(219) User=0.69s Sys=0.00s Real=0.11s
............[1352.824s][info][gc,start       ] GC(220) Pause Young (Mixed) (G1 Evacuation Pause)
[1352.824s][info][gc,task        ] GC(220) Using 6 workers of 6 for evacuation
[1352.956s][info][gc,phases      ] GC(220)   Pre Evacuate Collection Set: 0.41ms
[1352.956s][info][gc,phases      ] GC(220)   Merge Heap Roots: 0.61ms
[1352.956s][info][gc,phases      ] GC(220)   Evacuate Collection Set: 130.25ms
[1352.956s][info][gc,phases      ] GC(220)   Post Evacuate Collection Set: 1.00ms
[1352.956s][info][gc,phases      ] GC(220)   Other: 0.09ms
[1352.956s][info][gc,heap        ] GC(220) Eden regions: 1121->0(1120)
[1352.956s][info][gc,heap        ] GC(220) Survivor regions: 107->108(154)
[1352.956s][info][gc,heap        ] GC(220) Old regions: 529->467
[1352.956s][info][gc,heap        ] GC(220) Humongous regions: 77->77
[1352.956s][info][gc,metaspace   ] GC(220) Metaspace: 28940K(29248K)->28940K(29248K) NonClass: 24057K(24192K)->24057K(24192K) Class: 4883K(5056K)->4883K(5056K)
[1352.956s][info][gc             ] GC(220) Pause Young (Mixed) (G1 Evacuation Pause) 3666M->1302M(4096M) 132.493ms
[1352.956s][info][gc,cpu         ] GC(220) User=0.79s Sys=0.00s Real=0.13s
.............[1365.404s][info][gc,start       ] GC(221) Pause Young (Concurrent Start) (G1 Evacuation Pause)
[1365.404s][info][gc,task        ] GC(221) Using 6 workers of 6 for evacuation
[1365.525s][info][gc,phases      ] GC(221)   Pre Evacuate Collection Set: 0.43ms
[1365.525s][info][gc,phases      ] GC(221)   Merge Heap Roots: 0.51ms
[1365.525s][info][gc,phases      ] GC(221)   Evacuate Collection Set: 119.13ms
[1365.525s][info][gc,phases      ] GC(221)   Post Evacuate Collection Set: 0.91ms
[1365.525s][info][gc,phases      ] GC(221)   Other: 0.14ms
[1365.525s][info][gc,heap        ] GC(221) Eden regions: 1120->0(1116)
[1365.525s][info][gc,heap        ] GC(221) Survivor regions: 108->112(154)
[1365.525s][info][gc,heap        ] GC(221) Old regions: 467->499
[1365.525s][info][gc,heap        ] GC(221) Humongous regions: 77->77
[1365.525s][info][gc,metaspace   ] GC(221) Metaspace: 28940K(29248K)->28940K(29248K) NonClass: 24057K(24192K)->24057K(24192K) Class: 4883K(5056K)->4883K(5056K)
[1365.525s][info][gc             ] GC(221) Pause Young (Concurrent Start) (G1 Evacuation Pause) 3542M->1374M(4096M) 121.272ms
[1365.525s][info][gc             ] GC(222) Concurrent Mark Cycle
[1365.525s][info][gc,marking     ] GC(222) Concurrent Scan Root Regions
[1365.525s][info][gc,cpu         ] GC(221) User=0.72s Sys=0.00s Real=0.12s
[1365.697s][info][gc,marking     ] GC(222) Concurrent Scan Root Regions 172.305ms
[1365.697s][info][gc,marking     ] GC(222) Concurrent Mark
[1365.697s][info][gc,marking     ] GC(222) Concurrent Mark From Roots
[1365.697s][info][gc,task        ] GC(222) Using 2 workers of 2 for marking
.[1366.563s][info][gc,marking     ] GC(222) Concurrent Mark From Roots 865.248ms
[1366.563s][info][gc,marking     ] GC(222) Concurrent Preclean
[1366.563s][info][gc,marking     ] GC(222) Concurrent Preclean 0.044ms
[1366.563s][info][gc,start       ] GC(222) Pause Remark
[1366.566s][info][gc             ] GC(222) Pause Remark 1580M->1580M(4096M) 3.035ms
[1366.566s][info][gc,cpu         ] GC(222) User=0.02s Sys=0.00s Real=0.00s
[1366.566s][info][gc,marking     ] GC(222) Concurrent Mark 868.580ms
[1366.566s][info][gc,marking     ] GC(222) Concurrent Rebuild Remembered Sets and Scrub Regions
[1366.899s][info][gc,marking     ] GC(222) Concurrent Rebuild Remembered Sets and Scrub Regions 333.353ms
[1366.900s][info][gc,start       ] GC(222) Pause Cleanup
[1366.900s][info][gc             ] GC(222) Pause Cleanup 1634M->1634M(4096M) 0.128ms
[1366.900s][info][gc,cpu         ] GC(222) User=0.00s Sys=0.00s Real=0.00s
[1366.900s][info][gc,marking     ] GC(222) Concurrent Clear Claimed Marks
[1366.900s][info][gc,marking     ] GC(222) Concurrent Clear Claimed Marks 0.030ms
[1366.900s][info][gc,marking     ] GC(222) Concurrent Cleanup for Next Mark
[1366.903s][info][gc,marking     ] GC(222) Concurrent Cleanup for Next Mark 3.470ms
[1366.903s][info][gc             ] GC(222) Concurrent Mark Cycle 1378.222ms
... (rIR:aIR:PR = 1522:1522:1522) (tPR = 22795) [OK] 
  1368s: Performance info:
         Transaction,    Success,    Partial,     Failed,   Receipts, AvgBarcode, 
             Overall,      91535,          0,          0,      86953,      59.46, 
         Response times:
             Request,    Success,    Partial,     Failed,   SkipFail,     Probes,    Samples,      min,      p50,      p90,      p95,      p99,      max, 
       TotalPurchase,      86953,          0,          0,          0,      84275,      92585,      300,     1500,     2300,     2500,     4300,   135000,
     InStorePurchase,      45768,          0,          0,          0,      44494,      48761,      300,     1500,     2300,     2500,     4976,   135000,
      OnlinePurchase,      32030,          0,          0,          0,      31150,      34172,      300,     1600,     2300,     2500,     4100,   135000,
        InstPurchase,       9155,          0,          0,          0,       8631,       9652,      400,     1300,     2100,     2400,     3500,   133000,
          AssocOfCat,         90,          0,          0,          0,         84,         98,    17700,    24000,    26000,    29100,   159000,   159000,
      AssocOfProduct,        923,          0,          0,          0,        809,        992,      700,     1900,     2400,     2800,     5782,    31000,
      BusinessReport,        227,          0,          0,          0,        168,        246,    21000,    27000,    32000,    34000,    39060,   178000,
          CustBuyBeh,        914,          0,          0,          0,        795,        971,      200,     1300,     2100,     2400,     5104,   119000,
       ProductReturn,       2428,          0,          0,          0,       2224,       2598,      200,     1200,     2100,     2300,     3402,   118000,

  1368s: (12%)   IR =   1660 ....|....[1377.214s][info][gc,start       ] GC(223) Pause Young (Prepare Mixed) (G1 Evacuation Pause)
[1377.214s][info][gc,task        ] GC(223) Using 6 workers of 6 for evacuation
[1377.330s][info][gc,phases      ] GC(223)   Pre Evacuate Collection Set: 0.38ms
[1377.330s][info][gc,phases      ] GC(223)   Merge Heap Roots: 0.54ms
[1377.330s][info][gc,phases      ] GC(223)   Evacuate Collection Set: 114.64ms
[1377.330s][info][gc,phases      ] GC(223)   Post Evacuate Collection Set: 0.95ms
[1377.331s][info][gc,phases      ] GC(223)   Other: 0.10ms
[1377.331s][info][gc,heap        ] GC(223) Eden regions: 1116->0(1119)
[1377.331s][info][gc,heap        ] GC(223) Survivor regions: 112->109(154)
[1377.331s][info][gc,heap        ] GC(223) Old regions: 499->531
[1377.331s][info][gc,heap        ] GC(223) Humongous regions: 77->77
[1377.331s][info][gc,metaspace   ] GC(223) Metaspace: 28940K(29248K)->28940K(29248K) NonClass: 24057K(24192K)->24057K(24192K) Class: 4883K(5056K)->4883K(5056K)
[1377.331s][info][gc             ] GC(223) Pause Young (Prepare Mixed) (G1 Evacuation Pause) 3606M->1431M(4096M) 116.762ms
[1377.331s][info][gc,cpu         ] GC(223) User=0.69s Sys=0.00s Real=0.11s
...........[1388.761s][info][gc,start       ] GC(224) Pause Young (Mixed) (G1 Evacuation Pause)
[1388.761s][info][gc,task        ] GC(224) Using 6 workers of 6 for evacuation
[1388.890s][info][gc,phases      ] GC(224)   Pre Evacuate Collection Set: 0.42ms
[1388.890s][info][gc,phases      ] GC(224)   Merge Heap Roots: 0.62ms
[1388.890s][info][gc,phases      ] GC(224)   Evacuate Collection Set: 127.16ms
[1388.890s][info][gc,phases      ] GC(224)   Post Evacuate Collection Set: 0.98ms
[1388.890s][info][gc,phases      ] GC(224)   Other: 0.09ms
[1388.890s][info][gc,heap        ] GC(224) Eden regions: 1119->0(1119)
[1388.890s][info][gc,heap        ] GC(224) Survivor regions: 109->109(154)
[1388.890s][info][gc,heap        ] GC(224) Old regions: 531->468
[1388.890s][info][gc,heap        ] GC(224) Humongous regions: 77->77
[1388.890s][info][gc,metaspace   ] GC(224) Metaspace: 28940K(29248K)->28940K(29248K) NonClass: 24057K(24192K)->24057K(24192K) Class: 4883K(5056K)->4883K(5056K)
[1388.890s][info][gc             ] GC(224) Pause Young (Mixed) (G1 Evacuation Pause) 3669M->1305M(4096M) 129.421ms
[1388.890s][info][gc,cpu         ] GC(224) User=0.77s Sys=0.00s Real=0.13s
............[1400.200s][info][gc,start       ] GC(225) Pause Young (Concurrent Start) (G1 Evacuation Pause)
[1400.200s][info][gc,task        ] GC(225) Using 6 workers of 6 for evacuation
[1400.319s][info][gc,phases      ] GC(225)   Pre Evacuate Collection Set: 0.40ms
[1400.319s][info][gc,phases      ] GC(225)   Merge Heap Roots: 0.45ms
[1400.319s][info][gc,phases      ] GC(225)   Evacuate Collection Set: 116.85ms
[1400.319s][info][gc,phases      ] GC(225)   Post Evacuate Collection Set: 0.91ms
[1400.319s][info][gc,phases      ] GC(225)   Other: 0.11ms
[1400.319s][info][gc,heap        ] GC(225) Eden regions: 1119->0(1117)
[1400.319s][info][gc,heap        ] GC(225) Survivor regions: 109->111(154)
[1400.319s][info][gc,heap        ] GC(225) Old regions: 468->499
[1400.319s][info][gc,heap        ] GC(225) Humongous regions: 77->77
[1400.319s][info][gc,metaspace   ] GC(225) Metaspace: 28940K(29248K)->28940K(29248K) NonClass: 24057K(24192K)->24057K(24192K) Class: 4883K(5056K)->4883K(5056K)
[1400.319s][info][gc             ] GC(225) Pause Young (Concurrent Start) (G1 Evacuation Pause) 3543M->1371M(4096M) 118.840ms
[1400.319s][info][gc             ] GC(226) Concurrent Mark Cycle
[1400.319s][info][gc,marking     ] GC(226) Concurrent Scan Root Regions
[1400.319s][info][gc,cpu         ] GC(225) User=0.70s Sys=0.00s Real=0.12s
[1400.487s][info][gc,marking     ] GC(226) Concurrent Scan Root Regions 167.854ms
[1400.487s][info][gc,marking     ] GC(226) Concurrent Mark
[1400.487s][info][gc,marking     ] GC(226) Concurrent Mark From Roots
[1400.487s][info][gc,task        ] GC(226) Using 2 workers of 2 for marking
.[1401.397s][info][gc,marking     ] GC(226) Concurrent Mark From Roots 910.599ms
[1401.397s][info][gc,marking     ] GC(226) Concurrent Preclean
[1401.397s][info][gc,marking     ] GC(226) Concurrent Preclean 0.054ms
[1401.398s][info][gc,start       ] GC(226) Pause Remark
[1401.401s][info][gc             ] GC(226) Pause Remark 1618M->1618M(4096M) 3.441ms
[1401.401s][info][gc,cpu         ] GC(226) User=0.01s Sys=0.00s Real=0.00s
[1401.401s][info][gc,marking     ] GC(226) Concurrent Mark 914.364ms
[1401.401s][info][gc,marking     ] GC(226) Concurrent Rebuild Remembered Sets and Scrub Regions
[1401.609s][info][gc,marking     ] GC(226) Concurrent Rebuild Remembered Sets and Scrub Regions 207.770ms
[1401.609s][info][gc,start       ] GC(226) Pause Cleanup
[1401.609s][info][gc             ] GC(226) Pause Cleanup 1653M->1653M(4096M) 0.113ms
[1401.609s][info][gc,cpu         ] GC(226) User=0.00s Sys=0.00s Real=0.00s
[1401.609s][info][gc,marking     ] GC(226) Concurrent Clear Claimed Marks
[1401.609s][info][gc,marking     ] GC(226) Concurrent Clear Claimed Marks 0.027ms
[1401.609s][info][gc,marking     ] GC(226) Concurrent Cleanup for Next Mark
[1401.613s][info][gc,marking     ] GC(226) Concurrent Cleanup for Next Mark 3.330ms
[1401.613s][info][gc             ] GC(226) Concurrent Mark Cycle 1293.757ms
..........[1411.612s][info][gc,start       ] GC(227) Pause Young (Prepare Mixed) (G1 Evacuation Pause)
[1411.612s][info][gc,task        ] GC(227) Using 6 workers of 6 for evacuation
[1411.729s][info][gc,phases      ] GC(227)   Pre Evacuate Collection Set: 0.36ms
[1411.729s][info][gc,phases      ] GC(227)   Merge Heap Roots: 0.52ms
[1411.729s][info][gc,phases      ] GC(227)   Evacuate Collection Set: 115.24ms
[1411.729s][info][gc,phases      ] GC(227)   Post Evacuate Collection Set: 0.94ms
[1411.729s][info][gc,phases      ] GC(227)   Other: 0.09ms
[1411.729s][info][gc,heap        ] GC(227) Eden regions: 1117->0(1119)
[1411.729s][info][gc,heap        ] GC(227) Survivor regions: 111->109(154)
[1411.729s][info][gc,heap        ] GC(227) Old regions: 499->531
[1411.729s][info][gc,heap        ] GC(227) Humongous regions: 77->77
[1411.729s][info][gc,metaspace   ] GC(227) Metaspace: 28940K(29248K)->28940K(29248K) NonClass: 24057K(24192K)->24057K(24192K) Class: 4883K(5056K)->4883K(5056K)
[1411.729s][info][gc             ] GC(227) Pause Young (Prepare Mixed) (G1 Evacuation Pause) 3605M->1431M(4096M) 117.283ms
[1411.729s][info][gc,cpu         ] GC(227) User=0.70s Sys=0.00s Real=0.12s
............[1423.199s][info][gc,start       ] GC(228) Pause Young (Mixed) (G1 Evacuation Pause)
[1423.199s][info][gc,task        ] GC(228) Using 6 workers of 6 for evacuation
[1423.328s][info][gc,phases      ] GC(228)   Pre Evacuate Collection Set: 0.42ms
[1423.328s][info][gc,phases      ] GC(228)   Merge Heap Roots: 0.60ms
[1423.328s][info][gc,phases      ] GC(228)   Evacuate Collection Set: 127.64ms
[1423.328s][info][gc,phases      ] GC(228)   Post Evacuate Collection Set: 0.98ms
[1423.328s][info][gc,phases      ] GC(228)   Other: 0.09ms
[1423.328s][info][gc,heap        ] GC(228) Eden regions: 1119->0(1120)
[1423.329s][info][gc,heap        ] GC(228) Survivor regions: 109->108(154)
[1423.329s][info][gc,heap        ] GC(228) Old regions: 531->467
[1423.329s][info][gc,heap        ] GC(228) Humongous regions: 77->77
[1423.329s][info][gc,metaspace   ] GC(228) Metaspace: 28941K(29248K)->28941K(29248K) NonClass: 24057K(24192K)->24057K(24192K) Class: 4883K(5056K)->4883K(5056K)
[1423.329s][info][gc             ] GC(228) Pause Young (Mixed) (G1 Evacuation Pause) 3669M->1302M(4096M) 129.849ms
[1423.329s][info][gc,cpu         ] GC(228) User=0.77s Sys=0.00s Real=0.13s
.......... (rIR:aIR:PR = 1660:1659:1659) (tPR = 24510) [OK] 
  1432s: Performance info:
         Transaction,    Success,    Partial,     Failed,   Receipts, AvgBarcode, 
             Overall,      99580,          0,          0,      94609,      59.48, 
         Response times:
             Request,    Success,    Partial,     Failed,   SkipFail,     Probes,    Samples,      min,      p50,      p90,      p95,      p99,      max, 
       TotalPurchase,      94609,          0,          0,          0,      92320,      99888,      300,     1600,     2400,     2600,     4100,   135000,
     InStorePurchase,      49752,          0,          0,          0,      48733,      52606,      300,     1500,     2400,     2600,     4100,   133000,
      OnlinePurchase,      34876,          0,          0,          0,      34020,      36794,      300,     1700,     2400,     2600,     4000,   135000,
        InstPurchase,       9981,          0,          0,          0,       9567,      10488,      400,     1500,     2400,     2655,     4100,   124000,
          AssocOfCat,        100,          0,          0,          0,         94,        104,    18200,    24000,    29500,    32500,    38700,    39000,
      AssocOfProduct,        990,          0,          0,          0,        887,       1068,      500,     1500,     2400,     2600,     3500,    13600,
      BusinessReport,        248,          0,          0,          0,        193,        258,    21000,    27000,    33000,    37050,    50820,   145000,
          CustBuyBeh,        995,          0,          0,          0,        851,       1012,      300,     1200,     1870,     2100,     4900,    13800,
       ProductReturn,       2638,          0,          0,          0,       2416,       2764,      300,     1400,     2200,     2500,     3535,   119000,

  1432s: (13%)   IR =   1799 .[1434.498s][info][gc,start       ] GC(229) Pause Young (Concurrent Start) (G1 Evacuation Pause)
[1434.498s][info][gc,task        ] GC(229) Using 6 workers of 6 for evacuation
[1434.614s][info][gc,phases      ] GC(229)   Pre Evacuate Collection Set: 0.44ms
[1434.614s][info][gc,phases      ] GC(229)   Merge Heap Roots: 0.49ms
[1434.614s][info][gc,phases      ] GC(229)   Evacuate Collection Set: 114.54ms
[1434.614s][info][gc,phases      ] GC(229)   Post Evacuate Collection Set: 0.92ms
[1434.614s][info][gc,phases      ] GC(229)   Other: 0.13ms
[1434.614s][info][gc,heap        ] GC(229) Eden regions: 1120->0(1119)
[1434.614s][info][gc,heap        ] GC(229) Survivor regions: 108->109(154)
[1434.614s][info][gc,heap        ] GC(229) Old regions: 467->499
[1434.614s][info][gc,heap        ] GC(229) Humongous regions: 77->77
[1434.614s][info][gc,metaspace   ] GC(229) Metaspace: 28943K(29248K)->28943K(29248K) NonClass: 24059K(24192K)->24059K(24192K) Class: 4883K(5056K)->4883K(5056K)
[1434.614s][info][gc             ] GC(229) Pause Young (Concurrent Start) (G1 Evacuation Pause) 3542M->1368M(4096M) 116.683ms
[1434.614s][info][gc             ] GC(230) Concurrent Mark Cycle
[1434.614s][info][gc,marking     ] GC(230) Concurrent Scan Root Regions
[1434.614s][info][gc,cpu         ] GC(229) User=0.69s Sys=0.00s Real=0.12s
[1434.749s][info][gc,marking     ] GC(230) Concurrent Scan Root Regions 134.276ms
[1434.749s][info][gc,marking     ] GC(230) Concurrent Mark
[1434.749s][info][gc,marking     ] GC(230) Concurrent Mark From Roots
[1434.749s][info][gc,task        ] GC(230) Using 2 workers of 2 for marking
.[1435.288s][info][gc,marking     ] GC(230) Concurrent Mark From Roots 539.318ms
[1435.288s][info][gc,marking     ] GC(230) Concurrent Preclean
[1435.288s][info][gc,marking     ] GC(230) Concurrent Preclean 0.051ms
[1435.288s][info][gc,start       ] GC(230) Pause Remark
[1435.291s][info][gc             ] GC(230) Pause Remark 1535M->1535M(4096M) 2.918ms
[1435.291s][info][gc,cpu         ] GC(230) User=0.02s Sys=0.00s Real=0.00s
[1435.291s][info][gc,marking     ] GC(230) Concurrent Mark 542.546ms
[1435.291s][info][gc,marking     ] GC(230) Concurrent Rebuild Remembered Sets and Scrub Regions
[1435.501s][info][gc,marking     ] GC(230) Concurrent Rebuild Remembered Sets and Scrub Regions 210.120ms
[1435.501s][info][gc,start       ] GC(230) Pause Cleanup
[1435.502s][info][gc             ] GC(230) Pause Cleanup 1574M->1574M(4096M) 0.125ms
[1435.502s][info][gc,cpu         ] GC(230) User=0.00s Sys=0.00s Real=0.00s
[1435.502s][info][gc,marking     ] GC(230) Concurrent Clear Claimed Marks
[1435.502s][info][gc,marking     ] GC(230) Concurrent Clear Claimed Marks 0.029ms
[1435.502s][info][gc,marking     ] GC(230) Concurrent Cleanup for Next Mark
[1435.505s][info][gc,marking     ] GC(230) Concurrent Cleanup for Next Mark 3.408ms
[1435.505s][info][gc             ] GC(230) Concurrent Mark Cycle 890.861ms
...|.......[1445.139s][info][gc,start       ] GC(231) Pause Young (Prepare Mixed) (G1 Evacuation Pause)
[1445.139s][info][gc,task        ] GC(231) Using 6 workers of 6 for evacuation
[1445.255s][info][gc,phases      ] GC(231)   Pre Evacuate Collection Set: 0.37ms
[1445.255s][info][gc,phases      ] GC(231)   Merge Heap Roots: 0.54ms
[1445.255s][info][gc,phases      ] GC(231)   Evacuate Collection Set: 113.21ms
[1445.255s][info][gc,phases      ] GC(231)   Post Evacuate Collection Set: 0.94ms
[1445.255s][info][gc,phases      ] GC(231)   Other: 0.10ms
[1445.255s][info][gc,heap        ] GC(231) Eden regions: 1119->0(1120)
[1445.255s][info][gc,heap        ] GC(231) Survivor regions: 109->108(154)
[1445.255s][info][gc,heap        ] GC(231) Old regions: 499->532
[1445.255s][info][gc,heap        ] GC(231) Humongous regions: 77->77
[1445.255s][info][gc,metaspace   ] GC(231) Metaspace: 28943K(29248K)->28943K(29248K) NonClass: 24059K(24192K)->24059K(24192K) Class: 4883K(5056K)->4883K(5056K)
[1445.255s][info][gc             ] GC(231) Pause Young (Prepare Mixed) (G1 Evacuation Pause) 3606M->1430M(4096M) 115.308ms
[1445.255s][info][gc,cpu         ] GC(231) User=0.68s Sys=0.00s Real=0.12s
..........[1455.719s][info][gc,start       ] GC(232) Pause Young (Mixed) (G1 Evacuation Pause)
[1455.719s][info][gc,task        ] GC(232) Using 6 workers of 6 for evacuation
[1455.850s][info][gc,phases      ] GC(232)   Pre Evacuate Collection Set: 0.41ms
[1455.850s][info][gc,phases      ] GC(232)   Merge Heap Roots: 0.73ms
[1455.850s][info][gc,phases      ] GC(232)   Evacuate Collection Set: 128.89ms
[1455.850s][info][gc,phases      ] GC(232)   Post Evacuate Collection Set: 0.96ms
[1455.850s][info][gc,phases      ] GC(232)   Other: 0.09ms
[1455.850s][info][gc,heap        ] GC(232) Eden regions: 1120->0(1120)
[1455.850s][info][gc,heap        ] GC(232) Survivor regions: 108->108(154)
[1455.850s][info][gc,heap        ] GC(232) Old regions: 532->469
[1455.850s][info][gc,heap        ] GC(232) Humongous regions: 77->77
[1455.850s][info][gc,metaspace   ] GC(232) Metaspace: 28943K(29248K)->28943K(29248K) NonClass: 24059K(24192K)->24059K(24192K) Class: 4883K(5056K)->4883K(5056K)
[1455.850s][info][gc             ] GC(232) Pause Young (Mixed) (G1 Evacuation Pause) 3670M->1305M(4096M) 131.216ms
[1455.850s][info][gc,cpu         ] GC(232) User=0.77s Sys=0.00s Real=0.13s
...........[1466.354s][info][gc,start       ] GC(233) Pause Young (Concurrent Start) (G1 Evacuation Pause)
[1466.354s][info][gc,task        ] GC(233) Using 6 workers of 6 for evacuation
[1466.471s][info][gc,phases      ] GC(233)   Pre Evacuate Collection Set: 0.46ms
[1466.471s][info][gc,phases      ] GC(233)   Merge Heap Roots: 0.53ms
[1466.471s][info][gc,phases      ] GC(233)   Evacuate Collection Set: 114.30ms
[1466.471s][info][gc,phases      ] GC(233)   Post Evacuate Collection Set: 0.92ms
[1466.471s][info][gc,phases      ] GC(233)   Other: 0.15ms
[1466.471s][info][gc,heap        ] GC(233) Eden regions: 1120->0(1119)
[1466.471s][info][gc,heap        ] GC(233) Survivor regions: 108->109(154)
[1466.471s][info][gc,heap        ] GC(233) Old regions: 469->501
[1466.471s][info][gc,heap        ] GC(233) Humongous regions: 77->77
[1466.471s][info][gc,metaspace   ] GC(233) Metaspace: 28943K(29248K)->28943K(29248K) NonClass: 24059K(24192K)->24059K(24192K) Class: 4883K(5056K)->4883K(5056K)
[1466.471s][info][gc             ] GC(233) Pause Young (Concurrent Start) (G1 Evacuation Pause) 3545M->1371M(4096M) 116.494ms
[1466.471s][info][gc             ] GC(234) Concurrent Mark Cycle
[1466.471s][info][gc,marking     ] GC(234) Concurrent Scan Root Regions
[1466.471s][info][gc,cpu         ] GC(233) User=0.69s Sys=0.00s Real=0.11s
[1466.638s][info][gc,marking     ] GC(234) Concurrent Scan Root Regions 167.163ms
[1466.638s][info][gc,marking     ] GC(234) Concurrent Mark
[1466.638s][info][gc,marking     ] GC(234) Concurrent Mark From Roots
[1466.638s][info][gc,task        ] GC(234) Using 2 workers of 2 for marking
.[1467.508s][info][gc,marking     ] GC(234) Concurrent Mark From Roots 870.136ms
[1467.508s][info][gc,marking     ] GC(234) Concurrent Preclean
[1467.508s][info][gc,marking     ] GC(234) Concurrent Preclean 0.044ms
[1467.509s][info][gc,start       ] GC(234) Pause Remark
[1467.512s][info][gc             ] GC(234) Pause Remark 1622M->1622M(4096M) 3.346ms
[1467.512s][info][gc,cpu         ] GC(234) User=0.02s Sys=0.00s Real=0.00s
[1467.512s][info][gc,marking     ] GC(234) Concurrent Mark 873.796ms
[1467.512s][info][gc,marking     ] GC(234) Concurrent Rebuild Remembered Sets and Scrub Regions
[1467.848s][info][gc,marking     ] GC(234) Concurrent Rebuild Remembered Sets and Scrub Regions 335.699ms
[1467.848s][info][gc,start       ] GC(234) Pause Cleanup
[1467.848s][info][gc             ] GC(234) Pause Cleanup 1703M->1703M(4096M) 0.115ms
[1467.848s][info][gc,cpu         ] GC(234) User=0.00s Sys=0.00s Real=0.00s
[1467.848s][info][gc,marking     ] GC(234) Concurrent Clear Claimed Marks
[1467.848s][info][gc,marking     ] GC(234) Concurrent Clear Claimed Marks 0.026ms
[1467.848s][info][gc,marking     ] GC(234) Concurrent Cleanup for Next Mark
[1467.851s][info][gc,marking     ] GC(234) Concurrent Cleanup for Next Mark 3.467ms
[1467.852s][info][gc             ] GC(234) Concurrent Mark Cycle 1380.571ms
.........[1476.937s][info][gc,start       ] GC(235) Pause Young (Prepare Mixed) (G1 Evacuation Pause)
[1476.937s][info][gc,task        ] GC(235) Using 6 workers of 6 for evacuation
[1477.056s][info][gc,phases      ] GC(235)   Pre Evacuate Collection Set: 0.36ms
[1477.056s][info][gc,phases      ] GC(235)   Merge Heap Roots: 0.52ms
[1477.056s][info][gc,phases      ] GC(235)   Evacuate Collection Set: 116.98ms
[1477.056s][info][gc,phases      ] GC(235)   Post Evacuate Collection Set: 0.83ms
[1477.056s][info][gc,phases      ] GC(235)   Other: 0.10ms
[1477.056s][info][gc,heap        ] GC(235) Eden regions: 1119->0(1117)
[1477.056s][info][gc,heap        ] GC(235) Survivor regions: 109->109(154)
[1477.056s][info][gc,heap        ] GC(235) Old regions: 501->533
[1477.056s][info][gc,heap        ] GC(235) Humongous regions: 77->77
[1477.056s][info][gc,metaspace   ] GC(235) Metaspace: 28943K(29248K)->28943K(29248K) NonClass: 24059K(24192K)->24059K(24192K) Class: 4883K(5056K)->4883K(5056K)
[1477.056s][info][gc             ] GC(235) Pause Young (Prepare Mixed) (G1 Evacuation Pause) 3609M->1436M(4096M) 118.917ms
[1477.056s][info][gc,cpu         ] GC(235) User=0.71s Sys=0.00s Real=0.12s
...........[1487.502s][info][gc,start       ] GC(236) Pause Young (Mixed) (G1 Evacuation Pause)
[1487.502s][info][gc,task        ] GC(236) Using 6 workers of 6 for evacuation
[1487.632s][info][gc,phases      ] GC(236)   Pre Evacuate Collection Set: 0.41ms
[1487.632s][info][gc,phases      ] GC(236)   Merge Heap Roots: 0.60ms
[1487.632s][info][gc,phases      ] GC(236)   Evacuate Collection Set: 128.09ms
[1487.632s][info][gc,phases      ] GC(236)   Post Evacuate Collection Set: 0.96ms
[1487.632s][info][gc,phases      ] GC(236)   Other: 0.09ms
[1487.632s][info][gc,heap        ] GC(236) Eden regions: 1117->0(1120)
[1487.632s][info][gc,heap        ] GC(236) Survivor regions: 109->108(154)
[1487.632s][info][gc,heap        ] GC(236) Old regions: 533->468
[1487.632s][info][gc,heap        ] GC(236) Humongous regions: 77->77
[1487.632s][info][gc,metaspace   ] GC(236) Metaspace: 28943K(29248K)->28943K(29248K) NonClass: 24059K(24192K)->24059K(24192K) Class: 4883K(5056K)->4883K(5056K)
[1487.632s][info][gc             ] GC(236) Pause Young (Mixed) (G1 Evacuation Pause) 3670M->1304M(4096M) 130.274ms
[1487.632s][info][gc,cpu         ] GC(236) User=0.77s Sys=0.00s Real=0.13s
....[1491.691s][info][gc,start       ] GC(237) Pause Young (Concurrent Start) (G1 Humongous Allocation)
[1491.691s][info][gc,task        ] GC(237) Using 6 workers of 6 for evacuation
[1491.789s][info][gc,phases      ] GC(237)   Pre Evacuate Collection Set: 0.38ms
[1491.789s][info][gc,phases      ] GC(237)   Merge Heap Roots: 0.36ms
[1491.789s][info][gc,phases      ] GC(237)   Evacuate Collection Set: 96.11ms
[1491.789s][info][gc,phases      ] GC(237)   Post Evacuate Collection Set: 0.60ms
[1491.789s][info][gc,phases      ] GC(237)   Other: 0.08ms
[1491.789s][info][gc,heap        ] GC(237) Eden regions: 445->0(1143)
[1491.789s][info][gc,heap        ] GC(237) Survivor regions: 108->85(154)
[1491.789s][info][gc,heap        ] GC(237) Old regions: 468->508
[1491.789s][info][gc,heap        ] GC(237) Humongous regions: 77->77
[1491.789s][info][gc,metaspace   ] GC(237) Metaspace: 28943K(29248K)->28943K(29248K) NonClass: 24059K(24192K)->24059K(24192K) Class: 4883K(5056K)->4883K(5056K)
[1491.789s][info][gc             ] GC(237) Pause Young (Concurrent Start) (G1 Humongous Allocation) 2194M->1336M(4096M) 97.660ms
[1491.789s][info][gc             ] GC(238) Concurrent Mark Cycle
[1491.789s][info][gc,marking     ] GC(238) Concurrent Scan Root Regions
[1491.789s][info][gc,cpu         ] GC(237) User=0.57s Sys=0.00s Real=0.10s
[1491.925s][info][gc,marking     ] GC(238) Concurrent Scan Root Regions 135.770ms
[1491.925s][info][gc,marking     ] GC(238) Concurrent Mark
[1491.925s][info][gc,marking     ] GC(238) Concurrent Mark From Roots
[1491.925s][info][gc,task        ] GC(238) Using 2 workers of 2 for marking
.[1492.526s][info][gc,marking     ] GC(238) Concurrent Mark From Roots 600.670ms
[1492.526s][info][gc,marking     ] GC(238) Concurrent Preclean
[1492.526s][info][gc,marking     ] GC(238) Concurrent Preclean 0.044ms
[1492.526s][info][gc,start       ] GC(238) Pause Remark
[1492.529s][info][gc             ] GC(238) Pause Remark 1539M->1539M(4096M) 3.077ms
[1492.529s][info][gc,cpu         ] GC(238) User=0.02s Sys=0.00s Real=0.00s
[1492.529s][info][gc,marking     ] GC(238) Concurrent Mark 604.041ms
[1492.529s][info][gc,marking     ] GC(238) Concurrent Rebuild Remembered Sets and Scrub Regions
[1492.760s][info][gc,marking     ] GC(238) Concurrent Rebuild Remembered Sets and Scrub Regions 230.622ms
[1492.760s][info][gc,start       ] GC(238) Pause Cleanup
[1492.760s][info][gc             ] GC(238) Pause Cleanup 1588M->1588M(4096M) 0.105ms
[1492.760s][info][gc,cpu         ] GC(238) User=0.00s Sys=0.00s Real=0.00s
[1492.760s][info][gc,marking     ] GC(238) Concurrent Clear Claimed Marks
[1492.760s][info][gc,marking     ] GC(238) Concurrent Clear Claimed Marks 0.028ms
[1492.760s][info][gc,marking     ] GC(238) Concurrent Cleanup for Next Mark
[1492.763s][info][gc,marking     ] GC(238) Concurrent Cleanup for Next Mark 3.243ms
[1492.763s][info][gc             ] GC(238) Concurrent Mark Cycle 974.128ms
...... (rIR:aIR:PR = 1799:1798:1798) (tPR = 27101) [OK] 
  1497s: Performance info:
         Transaction,    Success,    Partial,     Failed,   Receipts, AvgBarcode, 
             Overall,     107996,          0,          0,     102609,      59.46, 
         Response times:
             Request,    Success,    Partial,     Failed,   SkipFail,     Probes,    Samples,      min,      p50,      p90,      p95,      p99,      max, 
       TotalPurchase,     102609,          0,          0,          0,     100015,     109332,      300,     1700,     2600,     2900,     8500,   144000,
     InStorePurchase,      54008,          0,          0,          0,      52754,      57525,      300,     1700,     2500,     2900,     8300,   144000,
      OnlinePurchase,      37801,          0,          0,          0,      36849,      40159,      300,     1700,     2600,     2900,     8500,   135000,
        InstPurchase,      10800,          0,          0,          0,      10412,      11648,      400,     2000,     2800,     3100,    10451,   134000,
          AssocOfCat,        106,          0,          0,          0,        103,        116,    19200,    25000,    30000,    35000,   134230,   148000,
      AssocOfProduct,       1072,          0,          0,          0,        959,       1178,      600,     1800,     2400,     2700,     5142,   119000,
      BusinessReport,        267,          0,          0,          0,        196,        266,    19900,    27000,    35000,    43650,   132590,   186000,
          CustBuyBeh,       1083,          0,          0,          0,        957,       1178,      100,      500,      900,     1100,     2300,   133000,
       ProductReturn,       2859,          0,          0,          0,       2626,       3073,      200,      900,     2300,     2600,     4704,   121000,

  1497s: (14%)   IR =   1937 ....[1502.155s][info][gc,start       ] GC(239) Pause Young (Prepare Mixed) (G1 Evacuation Pause)
[1502.155s][info][gc,task        ] GC(239) Using 6 workers of 6 for evacuation
[1502.263s][info][gc,phases      ] GC(239)   Pre Evacuate Collection Set: 0.37ms
[1502.263s][info][gc,phases      ] GC(239)   Merge Heap Roots: 0.51ms
[1502.263s][info][gc,phases      ] GC(239)   Evacuate Collection Set: 106.06ms
[1502.263s][info][gc,phases      ] GC(239)   Post Evacuate Collection Set: 0.95ms
[1502.263s][info][gc,phases      ] GC(239)   Other: 0.09ms
[1502.263s][info][gc,heap        ] GC(239) Eden regions: 1143->0(1142)
[1502.263s][info][gc,heap        ] GC(239) Survivor regions: 85->86(154)
[1502.263s][info][gc,heap        ] GC(239) Old regions: 508->546
[1502.263s][info][gc,heap        ] GC(239) Humongous regions: 80->80
[1502.263s][info][gc,metaspace   ] GC(239) Metaspace: 28944K(29248K)->28944K(29248K) NonClass: 24060K(24192K)->24060K(24192K) Class: 4883K(5056K)->4883K(5056K)
[1502.263s][info][gc             ] GC(239) Pause Young (Prepare Mixed) (G1 Evacuation Pause) 3628M->1421M(4096M) 108.124ms
[1502.263s][info][gc,cpu         ] GC(239) User=0.64s Sys=0.00s Real=0.11s
..|........[1512.167s][info][gc,start       ] GC(240) Pause Young (Mixed) (G1 Evacuation Pause)
[1512.167s][info][gc,task        ] GC(240) Using 6 workers of 6 for evacuation
[1512.284s][info][gc,phases      ] GC(240)   Pre Evacuate Collection Set: 0.42ms
[1512.284s][info][gc,phases      ] GC(240)   Merge Heap Roots: 0.53ms
[1512.284s][info][gc,phases      ] GC(240)   Evacuate Collection Set: 114.73ms
[1512.284s][info][gc,phases      ] GC(240)   Post Evacuate Collection Set: 0.99ms
[1512.284s][info][gc,phases      ] GC(240)   Other: 0.09ms
[1512.284s][info][gc,heap        ] GC(240) Eden regions: 1142->0(1119)
[1512.284s][info][gc,heap        ] GC(240) Survivor regions: 86->109(154)
[1512.284s][info][gc,heap        ] GC(240) Old regions: 546->488
[1512.284s][info][gc,heap        ] GC(240) Humongous regions: 80->80
[1512.284s][info][gc,metaspace   ] GC(240) Metaspace: 28944K(29248K)->28944K(29248K) NonClass: 24060K(24192K)->24060K(24192K) Class: 4883K(5056K)->4883K(5056K)
[1512.284s][info][gc             ] GC(240) Pause Young (Mixed) (G1 Evacuation Pause) 3705M->1350M(4096M) 116.879ms
[1512.284s][info][gc,cpu         ] GC(240) User=0.69s Sys=0.00s Real=0.12s
.........[1522.006s][info][gc,start       ] GC(241) Pause Young (Concurrent Start) (G1 Evacuation Pause)
[1522.006s][info][gc,task        ] GC(241) Using 6 workers of 6 for evacuation
[1522.129s][info][gc,phases      ] GC(241)   Pre Evacuate Collection Set: 0.43ms
[1522.129s][info][gc,phases      ] GC(241)   Merge Heap Roots: 0.47ms
[1522.129s][info][gc,phases      ] GC(241)   Evacuate Collection Set: 120.58ms
[1522.129s][info][gc,phases      ] GC(241)   Post Evacuate Collection Set: 0.94ms
[1522.129s][info][gc,phases      ] GC(241)   Other: 0.10ms
[1522.129s][info][gc,heap        ] GC(241) Eden regions: 1119->0(1118)
[1522.129s][info][gc,heap        ] GC(241) Survivor regions: 109->110(154)
[1522.129s][info][gc,heap        ] GC(241) Old regions: 488->521
[1522.129s][info][gc,heap        ] GC(241) Humongous regions: 80->80
[1522.129s][info][gc,metaspace   ] GC(241) Metaspace: 28944K(29248K)->28944K(29248K) NonClass: 24060K(24192K)->24060K(24192K) Class: 4883K(5056K)->4883K(5056K)
[1522.129s][info][gc             ] GC(241) Pause Young (Concurrent Start) (G1 Evacuation Pause) 3588M->1419M(4096M) 122.657ms
[1522.129s][info][gc             ] GC(242) Concurrent Mark Cycle
[1522.129s][info][gc,marking     ] GC(242) Concurrent Scan Root Regions
[1522.129s][info][gc,cpu         ] GC(241) User=0.72s Sys=0.00s Real=0.12s
.[1522.262s][info][gc,marking     ] GC(242) Concurrent Scan Root Regions 132.843ms
[1522.262s][info][gc,marking     ] GC(242) Concurrent Mark
[1522.262s][info][gc,marking     ] GC(242) Concurrent Mark From Roots
[1522.262s][info][gc,task        ] GC(242) Using 2 workers of 2 for marking
[1522.824s][info][gc,marking     ] GC(242) Concurrent Mark From Roots 561.747ms
[1522.824s][info][gc,marking     ] GC(242) Concurrent Preclean
[1522.824s][info][gc,marking     ] GC(242) Concurrent Preclean 0.058ms
[1522.824s][info][gc,start       ] GC(242) Pause Remark
[1522.827s][info][gc             ] GC(242) Pause Remark 1586M->1586M(4096M) 2.960ms
[1522.827s][info][gc,cpu         ] GC(242) User=0.02s Sys=0.00s Real=0.00s
[1522.827s][info][gc,marking     ] GC(242) Concurrent Mark 565.034ms
[1522.827s][info][gc,marking     ] GC(242) Concurrent Rebuild Remembered Sets and Scrub Regions
[1523.053s][info][gc,marking     ] GC(242) Concurrent Rebuild Remembered Sets and Scrub Regions 226.579ms
[1523.054s][info][gc,start       ] GC(242) Pause Cleanup
[1523.054s][info][gc             ] GC(242) Pause Cleanup 1653M->1653M(4096M) 0.137ms
[1523.054s][info][gc,cpu         ] GC(242) User=0.00s Sys=0.00s Real=0.00s
[1523.054s][info][gc,marking     ] GC(242) Concurrent Clear Claimed Marks
[1523.054s][info][gc,marking     ] GC(242) Concurrent Clear Claimed Marks 0.026ms
[1523.054s][info][gc,marking     ] GC(242) Concurrent Cleanup for Next Mark
[1523.058s][info][gc,marking     ] GC(242) Concurrent Cleanup for Next Mark 3.935ms
[1523.058s][info][gc             ] GC(242) Concurrent Mark Cycle 928.882ms
.........[1531.753s][info][gc,start       ] GC(243) Pause Young (Prepare Mixed) (G1 Evacuation Pause)
[1531.753s][info][gc,task        ] GC(243) Using 6 workers of 6 for evacuation
[1531.870s][info][gc,phases      ] GC(243)   Pre Evacuate Collection Set: 0.40ms
[1531.870s][info][gc,phases      ] GC(243)   Merge Heap Roots: 0.57ms
[1531.870s][info][gc,phases      ] GC(243)   Evacuate Collection Set: 115.73ms
[1531.870s][info][gc,phases      ] GC(243)   Post Evacuate Collection Set: 0.94ms
[1531.870s][info][gc,phases      ] GC(243)   Other: 0.09ms
[1531.870s][info][gc,heap        ] GC(243) Eden regions: 1118->0(1093)
[1531.870s][info][gc,heap        ] GC(243) Survivor regions: 110->109(154)
[1531.870s][info][gc,heap        ] GC(243) Old regions: 521->554
[1531.870s][info][gc,heap        ] GC(243) Humongous regions: 80->80
[1531.870s][info][gc,metaspace   ] GC(243) Metaspace: 28944K(29248K)->28944K(29248K) NonClass: 24060K(24192K)->24060K(24192K) Class: 4883K(5056K)->4883K(5056K)
[1531.870s][info][gc             ] GC(243) Pause Young (Prepare Mixed) (G1 Evacuation Pause) 3655M->1483M(4096M) 117.857ms
[1531.870s][info][gc,cpu         ] GC(243) User=0.69s Sys=0.00s Real=0.11s
..........[1541.413s][info][gc,start       ] GC(244) Pause Young (Mixed) (G1 Evacuation Pause)
[1541.414s][info][gc,task        ] GC(244) Using 6 workers of 6 for evacuation
[1541.546s][info][gc,phases      ] GC(244)   Pre Evacuate Collection Set: 0.44ms
[1541.546s][info][gc,phases      ] GC(244)   Merge Heap Roots: 0.83ms
[1541.546s][info][gc,phases      ] GC(244)   Evacuate Collection Set: 130.42ms
[1541.546s][info][gc,phases      ] GC(244)   Post Evacuate Collection Set: 0.96ms
[1541.546s][info][gc,phases      ] GC(244)   Other: 0.09ms
[1541.546s][info][gc,heap        ] GC(244) Eden regions: 1093->0(1120)
[1541.546s][info][gc,heap        ] GC(244) Survivor regions: 109->108(151)
[1541.546s][info][gc,heap        ] GC(244) Old regions: 554->465
[1541.546s][info][gc,heap        ] GC(244) Humongous regions: 80->80
[1541.546s][info][gc,metaspace   ] GC(244) Metaspace: 28944K(29248K)->28944K(29248K) NonClass: 24060K(24192K)->24060K(24192K) Class: 4883K(5056K)->4883K(5056K)
[1541.546s][info][gc             ] GC(244) Pause Young (Mixed) (G1 Evacuation Pause) 3669M->1302M(4096M) 132.875ms
[1541.546s][info][gc,cpu         ] GC(244) User=0.78s Sys=0.00s Real=0.13s
..........[1551.209s][info][gc,start       ] GC(245) Pause Young (Concurrent Start) (G1 Evacuation Pause)
[1551.209s][info][gc,task        ] GC(245) Using 6 workers of 6 for evacuation
[1551.324s][info][gc,phases      ] GC(245)   Pre Evacuate Collection Set: 0.41ms
[1551.324s][info][gc,phases      ] GC(245)   Merge Heap Roots: 0.46ms
[1551.324s][info][gc,phases      ] GC(245)   Evacuate Collection Set: 112.79ms
[1551.324s][info][gc,phases      ] GC(245)   Post Evacuate Collection Set: 0.92ms
[1551.324s][info][gc,phases      ] GC(245)   Other: 0.11ms
[1551.324s][info][gc,heap        ] GC(245) Eden regions: 1120->0(1121)
[1551.324s][info][gc,heap        ] GC(245) Survivor regions: 108->107(154)
[1551.324s][info][gc,heap        ] GC(245) Old regions: 465->497
[1551.324s][info][gc,heap        ] GC(245) Humongous regions: 80->80
[1551.324s][info][gc,metaspace   ] GC(245) Metaspace: 28944K(29248K)->28944K(29248K) NonClass: 24060K(24192K)->24060K(24192K) Class: 4883K(5056K)->4883K(5056K)
[1551.324s][info][gc             ] GC(245) Pause Young (Concurrent Start) (G1 Evacuation Pause) 3542M->1365M(4096M) 114.830ms
[1551.324s][info][gc             ] GC(246) Concurrent Mark Cycle
[1551.324s][info][gc,marking     ] GC(246) Concurrent Scan Root Regions
[1551.324s][info][gc,cpu         ] GC(245) User=0.68s Sys=0.00s Real=0.12s
[1551.449s][info][gc,marking     ] GC(246) Concurrent Scan Root Regions 124.542ms
[1551.449s][info][gc,marking     ] GC(246) Concurrent Mark
[1551.449s][info][gc,marking     ] GC(246) Concurrent Mark From Roots
[1551.449s][info][gc,task        ] GC(246) Using 2 workers of 2 for marking
[1552.016s][info][gc,marking     ] GC(246) Concurrent Mark From Roots 566.966ms
[1552.016s][info][gc,marking     ] GC(246) Concurrent Preclean
[1552.016s][info][gc,marking     ] GC(246) Concurrent Preclean 0.051ms
[1552.016s][info][gc,start       ] GC(246) Pause Remark
[1552.019s][info][gc             ] GC(246) Pause Remark 1561M->1561M(4096M) 2.980ms
[1552.019s][info][gc,cpu         ] GC(246) User=0.02s Sys=0.00s Real=0.00s
[1552.019s][info][gc,marking     ] GC(246) Concurrent Mark 570.252ms
[1552.019s][info][gc,marking     ] GC(246) Concurrent Rebuild Remembered Sets and Scrub Regions
.[1552.247s][info][gc,marking     ] GC(246) Concurrent Rebuild Remembered Sets and Scrub Regions 227.852ms
[1552.247s][info][gc,start       ] GC(246) Pause Cleanup
[1552.247s][info][gc             ] GC(246) Pause Cleanup 1606M->1606M(4096M) 0.119ms
[1552.247s][info][gc,cpu         ] GC(246) User=0.00s Sys=0.00s Real=0.00s
[1552.247s][info][gc,marking     ] GC(246) Concurrent Clear Claimed Marks
[1552.247s][info][gc,marking     ] GC(246) Concurrent Clear Claimed Marks 0.026ms
[1552.247s][info][gc,marking     ] GC(246) Concurrent Cleanup for Next Mark
[1552.251s][info][gc,marking     ] GC(246) Concurrent Cleanup for Next Mark 4.144ms
[1552.251s][info][gc             ] GC(246) Concurrent Mark Cycle 927.332ms
........[1561.046s][info][gc,start       ] GC(247) Pause Young (Prepare Mixed) (G1 Evacuation Pause)
[1561.046s][info][gc,task        ] GC(247) Using 6 workers of 6 for evacuation
[1561.162s][info][gc,phases      ] GC(247)   Pre Evacuate Collection Set: 0.36ms
[1561.162s][info][gc,phases      ] GC(247)   Merge Heap Roots: 0.50ms
[1561.162s][info][gc,phases      ] GC(247)   Evacuate Collection Set: 113.69ms
[1561.162s][info][gc,phases      ] GC(247)   Post Evacuate Collection Set: 0.96ms
[1561.162s][info][gc,phases      ] GC(247)   Other: 0.10ms
[1561.162s][info][gc,heap        ] GC(247) Eden regions: 1121->0(1117)
[1561.162s][info][gc,heap        ] GC(247) Survivor regions: 107->110(154)
[1561.162s][info][gc,heap        ] GC(247) Old regions: 497->528
[1561.162s][info][gc,heap        ] GC(247) Humongous regions: 80->80
[1561.162s][info][gc,metaspace   ] GC(247) Metaspace: 28944K(29248K)->28944K(29248K) NonClass: 24060K(24192K)->24060K(24192K) Class: 4883K(5056K)->4883K(5056K)
[1561.162s][info][gc             ] GC(247) Pause Young (Prepare Mixed) (G1 Evacuation Pause) 3607M->1432M(4096M) 115.736ms
[1561.162s][info][gc,cpu         ] GC(247) User=0.68s Sys=0.00s Real=0.11s
.... (rIR:aIR:PR = 1937:1937:1937) (tPR = 28739) [OK] 
  1563s: Performance info:
         Transaction,    Success,    Partial,     Failed,   Receipts, AvgBarcode, 
             Overall,     116382,          0,          0,     110567,      59.48, 
         Response times:
             Request,    Success,    Partial,     Failed,   SkipFail,     Probes,    Samples,      min,      p50,      p90,      p95,      p99,      max, 
       TotalPurchase,     110567,          0,          0,          0,     107738,     120008,      300,     1800,     2700,     3000,     5500,   137000,
     InStorePurchase,      58213,          0,          0,          0,      56918,      63109,      300,     1900,     2700,     3000,     5490,   135000,
      OnlinePurchase,      40711,          0,          0,          0,      39569,      44007,      300,     1700,     2600,     3000,     5600,   137000,
        InstPurchase,      11643,          0,          0,          0,      11251,      12892,      400,     1800,     2800,     3100,     5300,   122000,
          AssocOfCat,        116,          0,          0,          0,        113,        128,    19300,    25000,    28100,    33550,   148910,   155000,
      AssocOfProduct,       1162,          0,          0,          0,       1029,       1294,      400,     1600,     2500,     2800,     5625,   111000,
      BusinessReport,        292,          0,          0,          0,        226,        305,    19800,    27000,    33000,    36000,    58940,    63000,
          CustBuyBeh,       1161,          0,          0,          0,       1025,       1229,      600,     2300,     2900,     3300,     6990,   127000,
       ProductReturn,       3085,          0,          0,          0,       2862,       3311,      300,     2000,     2700,     3100,     6552,   124000,

  1563s: (15%)   IR =   2076 ......[1570.323s][info][gc,start       ] GC(248) Pause Young (Mixed) (G1 Evacuation Pause)
[1570.323s][info][gc,task        ] GC(248) Using 6 workers of 6 for evacuation
[1570.454s][info][gc,phases      ] GC(248)   Pre Evacuate Collection Set: 0.40ms
[1570.454s][info][gc,phases      ] GC(248)   Merge Heap Roots: 0.69ms
[1570.454s][info][gc,phases      ] GC(248)   Evacuate Collection Set: 128.52ms
[1570.454s][info][gc,phases      ] GC(248)   Post Evacuate Collection Set: 0.99ms
[1570.454s][info][gc,phases      ] GC(248)   Other: 0.09ms
[1570.454s][info][gc,heap        ] GC(248) Eden regions: 1117->0(1119)
[1570.454s][info][gc,heap        ] GC(248) Survivor regions: 110->109(154)
[1570.454s][info][gc,heap        ] GC(248) Old regions: 528->469
[1570.454s][info][gc,heap        ] GC(248) Humongous regions: 80->80
[1570.454s][info][gc,metaspace   ] GC(248) Metaspace: 28946K(29248K)->28946K(29248K) NonClass: 24062K(24192K)->24062K(24192K) Class: 4883K(5056K)->4883K(5056K)
[1570.454s][info][gc             ] GC(248) Pause Young (Mixed) (G1 Evacuation Pause) 3666M->1312M(4096M) 130.818ms
[1570.454s][info][gc,cpu         ] GC(248) User=0.78s Sys=0.00s Real=0.13s
.|........[1579.474s][info][gc,start       ] GC(249) Pause Young (Concurrent Start) (G1 Evacuation Pause)
[1579.474s][info][gc,task        ] GC(249) Using 6 workers of 6 for evacuation
[1579.594s][info][gc,phases      ] GC(249)   Pre Evacuate Collection Set: 0.42ms
[1579.594s][info][gc,phases      ] GC(249)   Merge Heap Roots: 0.47ms
[1579.594s][info][gc,phases      ] GC(249)   Evacuate Collection Set: 118.22ms
[1579.594s][info][gc,phases      ] GC(249)   Post Evacuate Collection Set: 0.91ms
[1579.594s][info][gc,phases      ] GC(249)   Other: 0.10ms
[1579.594s][info][gc,heap        ] GC(249) Eden regions: 1119->0(1117)
[1579.594s][info][gc,heap        ] GC(249) Survivor regions: 109->111(154)
[1579.594s][info][gc,heap        ] GC(249) Old regions: 469->502
[1579.594s][info][gc,heap        ] GC(249) Humongous regions: 80->80
[1579.594s][info][gc,metaspace   ] GC(249) Metaspace: 28946K(29248K)->28946K(29248K) NonClass: 24062K(24192K)->24062K(24192K) Class: 4883K(5056K)->4883K(5056K)
[1579.594s][info][gc             ] GC(249) Pause Young (Concurrent Start) (G1 Evacuation Pause) 3550M->1383M(4096M) 120.259ms
[1579.594s][info][gc             ] GC(250) Concurrent Mark Cycle
[1579.594s][info][gc,marking     ] GC(250) Concurrent Scan Root Regions
[1579.594s][info][gc,cpu         ] GC(249) User=0.71s Sys=0.00s Real=0.12s
[1579.722s][info][gc,marking     ] GC(250) Concurrent Scan Root Regions 127.450ms
[1579.722s][info][gc,marking     ] GC(250) Concurrent Mark
[1579.722s][info][gc,marking     ] GC(250) Concurrent Mark From Roots
[1579.722s][info][gc,task        ] GC(250) Using 2 workers of 2 for marking
.[1580.251s][info][gc,marking     ] GC(250) Concurrent Mark From Roots 528.879ms
[1580.251s][info][gc,marking     ] GC(250) Concurrent Preclean
[1580.251s][info][gc,marking     ] GC(250) Concurrent Preclean 0.058ms
[1580.251s][info][gc,start       ] GC(250) Pause Remark
[1580.254s][info][gc             ] GC(250) Pause Remark 1557M->1557M(4096M) 2.821ms
[1580.254s][info][gc,cpu         ] GC(250) User=0.02s Sys=0.00s Real=0.01s
[1580.254s][info][gc,marking     ] GC(250) Concurrent Mark 532.018ms
[1580.254s][info][gc,marking     ] GC(250) Concurrent Rebuild Remembered Sets and Scrub Regions
[1580.465s][info][gc,marking     ] GC(250) Concurrent Rebuild Remembered Sets and Scrub Regions 211.036ms
[1580.465s][info][gc,start       ] GC(250) Pause Cleanup
[1580.465s][info][gc             ] GC(250) Pause Cleanup 1620M->1620M(4096M) 0.119ms
[1580.465s][info][gc,cpu         ] GC(250) User=0.00s Sys=0.00s Real=0.00s
[1580.465s][info][gc,marking     ] GC(250) Concurrent Clear Claimed Marks
[1580.465s][info][gc,marking     ] GC(250) Concurrent Clear Claimed Marks 0.029ms
[1580.465s][info][gc,marking     ] GC(250) Concurrent Cleanup for Next Mark
[1580.469s][info][gc,marking     ] GC(250) Concurrent Cleanup for Next Mark 3.220ms
[1580.469s][info][gc             ] GC(250) Concurrent Mark Cycle 874.199ms
........[1588.651s][info][gc,start       ] GC(251) Pause Young (Prepare Mixed) (G1 Evacuation Pause)
[1588.651s][info][gc,task        ] GC(251) Using 6 workers of 6 for evacuation
[1588.768s][info][gc,phases      ] GC(251)   Pre Evacuate Collection Set: 0.39ms
[1588.768s][info][gc,phases      ] GC(251)   Merge Heap Roots: 0.50ms
[1588.768s][info][gc,phases      ] GC(251)   Evacuate Collection Set: 114.80ms
[1588.768s][info][gc,phases      ] GC(251)   Post Evacuate Collection Set: 0.97ms
[1588.768s][info][gc,phases      ] GC(251)   Other: 0.09ms
[1588.768s][info][gc,heap        ] GC(251) Eden regions: 1117->0(1115)
[1588.768s][info][gc,heap        ] GC(251) Survivor regions: 111->108(154)
[1588.768s][info][gc,heap        ] GC(251) Old regions: 502->534
[1588.768s][info][gc,heap        ] GC(251) Humongous regions: 80->80
[1588.768s][info][gc,metaspace   ] GC(251) Metaspace: 28946K(29248K)->28946K(29248K) NonClass: 24062K(24192K)->24062K(24192K) Class: 4883K(5056K)->4883K(5056K)
[1588.768s][info][gc             ] GC(251) Pause Young (Prepare Mixed) (G1 Evacuation Pause) 3617M->1441M(4096M) 116.880ms
[1588.768s][info][gc,cpu         ] GC(251) User=0.69s Sys=0.00s Real=0.12s
.........[1597.828s][info][gc,start       ] GC(252) Pause Young (Mixed) (G1 Evacuation Pause)
[1597.828s][info][gc,task        ] GC(252) Using 6 workers of 6 for evacuation
[1597.960s][info][gc,phases      ] GC(252)   Pre Evacuate Collection Set: 0.41ms
[1597.960s][info][gc,phases      ] GC(252)   Merge Heap Roots: 0.65ms
[1597.960s][info][gc,phases      ] GC(252)   Evacuate Collection Set: 129.37ms
[1597.960s][info][gc,phases      ] GC(252)   Post Evacuate Collection Set: 0.97ms
[1597.960s][info][gc,phases      ] GC(252)   Other: 0.09ms
[1597.960s][info][gc,heap        ] GC(252) Eden regions: 1115->0(1119)
[1597.960s][info][gc,heap        ] GC(252) Survivor regions: 108->109(153)
[1597.960s][info][gc,heap        ] GC(252) Old regions: 534->469
[1597.960s][info][gc,heap        ] GC(252) Humongous regions: 80->80
[1597.960s][info][gc,metaspace   ] GC(252) Metaspace: 28946K(29248K)->28946K(29248K) NonClass: 24062K(24192K)->24062K(24192K) Class: 4883K(5056K)->4883K(5056K)
[1597.960s][info][gc             ] GC(252) Pause Young (Mixed) (G1 Evacuation Pause) 3671M->1313M(4096M) 131.607ms
[1597.960s][info][gc,cpu         ] GC(252) User=0.78s Sys=0.00s Real=0.13s
.........[1606.914s][info][gc,start       ] GC(253) Pause Young (Concurrent Start) (G1 Evacuation Pause)
[1606.914s][info][gc,task        ] GC(253) Using 6 workers of 6 for evacuation
[1607.034s][info][gc,phases      ] GC(253)   Pre Evacuate Collection Set: 0.40ms
[1607.034s][info][gc,phases      ] GC(253)   Merge Heap Roots: 0.52ms
[1607.034s][info][gc,phases      ] GC(253)   Evacuate Collection Set: 118.03ms
[1607.034s][info][gc,phases      ] GC(253)   Post Evacuate Collection Set: 0.94ms
[1607.034s][info][gc,phases      ] GC(253)   Other: 0.11ms
[1607.034s][info][gc,heap        ] GC(253) Eden regions: 1119->0(1118)
[1607.034s][info][gc,heap        ] GC(253) Survivor regions: 109->110(154)
[1607.034s][info][gc,heap        ] GC(253) Old regions: 469->501
[1607.034s][info][gc,heap        ] GC(253) Humongous regions: 80->80
[1607.034s][info][gc,metaspace   ] GC(253) Metaspace: 28946K(29248K)->28946K(29248K) NonClass: 24062K(24192K)->24062K(24192K) Class: 4883K(5056K)->4883K(5056K)
[1607.034s][info][gc             ] GC(253) Pause Young (Concurrent Start) (G1 Evacuation Pause) 3551M->1380M(4096M) 120.159ms
[1607.034s][info][gc             ] GC(254) Concurrent Mark Cycle
[1607.034s][info][gc,marking     ] GC(254) Concurrent Scan Root Regions
[1607.034s][info][gc,cpu         ] GC(253) User=0.71s Sys=0.00s Real=0.12s
[1607.162s][info][gc,marking     ] GC(254) Concurrent Scan Root Regions 128.010ms
[1607.162s][info][gc,marking     ] GC(254) Concurrent Mark
[1607.162s][info][gc,marking     ] GC(254) Concurrent Mark From Roots
[1607.162s][info][gc,task        ] GC(254) Using 2 workers of 2 for marking
.[1607.721s][info][gc,marking     ] GC(254) Concurrent Mark From Roots 559.381ms
[1607.721s][info][gc,marking     ] GC(254) Concurrent Preclean
[1607.721s][info][gc,marking     ] GC(254) Concurrent Preclean 0.050ms
[1607.722s][info][gc,start       ] GC(254) Pause Remark
[1607.724s][info][gc             ] GC(254) Pause Remark 1594M->1594M(4096M) 2.914ms
[1607.724s][info][gc,cpu         ] GC(254) User=0.02s Sys=0.00s Real=0.01s
[1607.725s][info][gc,marking     ] GC(254) Concurrent Mark 562.589ms
[1607.725s][info][gc,marking     ] GC(254) Concurrent Rebuild Remembered Sets and Scrub Regions
[1607.931s][info][gc,marking     ] GC(254) Concurrent Rebuild Remembered Sets and Scrub Regions 206.042ms
[1607.931s][info][gc,start       ] GC(254) Pause Cleanup
[1607.931s][info][gc             ] GC(254) Pause Cleanup 1634M->1634M(4096M) 0.135ms
[1607.931s][info][gc,cpu         ] GC(254) User=0.00s Sys=0.00s Real=0.00s
[1607.931s][info][gc,marking     ] GC(254) Concurrent Clear Claimed Marks
[1607.931s][info][gc,marking     ] GC(254) Concurrent Clear Claimed Marks 0.030ms
[1607.931s][info][gc,marking     ] GC(254) Concurrent Cleanup for Next Mark
[1607.934s][info][gc,marking     ] GC(254) Concurrent Cleanup for Next Mark 3.219ms
[1607.934s][info][gc             ] GC(254) Concurrent Mark Cycle 900.372ms
........[1616.173s][info][gc,start       ] GC(255) Pause Young (Prepare Mixed) (G1 Evacuation Pause)
[1616.173s][info][gc,task        ] GC(255) Using 6 workers of 6 for evacuation
[1616.289s][info][gc,phases      ] GC(255)   Pre Evacuate Collection Set: 0.40ms
[1616.289s][info][gc,phases      ] GC(255)   Merge Heap Roots: 0.55ms
[1616.289s][info][gc,phases      ] GC(255)   Evacuate Collection Set: 113.74ms
[1616.289s][info][gc,phases      ] GC(255)   Post Evacuate Collection Set: 0.97ms
[1616.289s][info][gc,phases      ] GC(255)   Other: 0.09ms
[1616.289s][info][gc,heap        ] GC(255) Eden regions: 1118->0(1116)
[1616.289s][info][gc,heap        ] GC(255) Survivor regions: 110->108(154)
[1616.289s][info][gc,heap        ] GC(255) Old regions: 501->533
[1616.289s][info][gc,heap        ] GC(255) Humongous regions: 80->80
[1616.289s][info][gc,metaspace   ] GC(255) Metaspace: 28946K(29248K)->28946K(29248K) NonClass: 24062K(24192K)->24062K(24192K) Class: 4883K(5056K)->4883K(5056K)
[1616.289s][info][gc             ] GC(255) Pause Young (Prepare Mixed) (G1 Evacuation Pause) 3616M->1439M(4096M) 115.889ms
[1616.289s][info][gc,cpu         ] GC(255) User=0.68s Sys=0.00s Real=0.11s
.........[1625.147s][info][gc,start       ] GC(256) Pause Young (Mixed) (G1 Evacuation Pause)
[1625.147s][info][gc,task        ] GC(256) Using 6 workers of 6 for evacuation
[1625.276s][info][gc,phases      ] GC(256)   Pre Evacuate Collection Set: 0.41ms
[1625.276s][info][gc,phases      ] GC(256)   Merge Heap Roots: 0.64ms
[1625.276s][info][gc,phases      ] GC(256)   Evacuate Collection Set: 126.96ms
[1625.276s][info][gc,phases      ] GC(256)   Post Evacuate Collection Set: 0.97ms
[1625.276s][info][gc,phases      ] GC(256)   Other: 0.09ms
[1625.276s][info][gc,heap        ] GC(256) Eden regions: 1116->0(1120)
[1625.276s][info][gc,heap        ] GC(256) Survivor regions: 108->108(153)
[1625.276s][info][gc,heap        ] GC(256) Old regions: 533->469
[1625.276s][info][gc,heap        ] GC(256) Humongous regions: 80->80
[1625.276s][info][gc,metaspace   ] GC(256) Metaspace: 28946K(29248K)->28946K(29248K) NonClass: 24062K(24192K)->24062K(24192K) Class: 4883K(5056K)->4883K(5056K)
[1625.276s][info][gc             ] GC(256) Pause Young (Mixed) (G1 Evacuation Pause) 3671M->1311M(4096M) 129.205ms
[1625.276s][info][gc,cpu         ] GC(256) User=0.76s Sys=0.00s Real=0.13s
....... (rIR:aIR:PR = 2076:2075:2075) (tPR = 30952) [OK] 
  1631s: Performance info:
         Transaction,    Success,    Partial,     Failed,   Receipts, AvgBarcode, 
             Overall,     124713,          0,          0,     118472,      59.48, 
         Response times:
             Request,    Success,    Partial,     Failed,   SkipFail,     Probes,    Samples,      min,      p50,      p90,      p95,      p99,      max, 
       TotalPurchase,     118472,          0,          0,          0,     115460,     130915,      300,     1900,     2900,     3300,    10000,   139000,
     InStorePurchase,      62295,          0,          0,          0,      60925,      69140,      300,     1900,     2900,     3300,    12400,   138000,
      OnlinePurchase,      43699,          0,          0,          0,      42601,      48102,      300,     1800,     2900,     3200,     8500,   139000,
        InstPurchase,      12478,          0,          0,          0,      11934,      13673,      400,     1800,     2900,     3300,     7352,   139000,
          AssocOfCat,        123,          0,          0,          0,         90,        136,    18800,    25000,    28000,    29000,    61010,    71000,
      AssocOfProduct,       1247,          0,          0,          0,       1110,       1373,      600,     2300,     3000,     3300,    13664,   122000,
      BusinessReport,        315,          0,          0,          0,        249,        337,    20000,    28000,    37000,    49200,   130300,   178000,
          CustBuyBeh,       1248,          0,          0,          0,       1120,       1417,      200,     1000,     2000,     2400,     4000,    19300,
       ProductReturn,       3308,          0,          0,          0,       3093,       3745,      200,     1500,     2500,     2800,     4300,   139000,

  1631s: (16%)   IR =   2214 ..[1634.196s][info][gc,start       ] GC(257) Pause Young (Concurrent Start) (G1 Evacuation Pause)
[1634.196s][info][gc,task        ] GC(257) Using 6 workers of 6 for evacuation
[1634.316s][info][gc,phases      ] GC(257)   Pre Evacuate Collection Set: 0.42ms
[1634.316s][info][gc,phases      ] GC(257)   Merge Heap Roots: 0.48ms
[1634.316s][info][gc,phases      ] GC(257)   Evacuate Collection Set: 117.48ms
[1634.316s][info][gc,phases      ] GC(257)   Post Evacuate Collection Set: 0.93ms
[1634.316s][info][gc,phases      ] GC(257)   Other: 0.11ms
[1634.316s][info][gc,heap        ] GC(257) Eden regions: 1120->0(1118)
[1634.316s][info][gc,heap        ] GC(257) Survivor regions: 108->110(154)
[1634.316s][info][gc,heap        ] GC(257) Old regions: 469->501
[1634.316s][info][gc,heap        ] GC(257) Humongous regions: 80->80
[1634.316s][info][gc,metaspace   ] GC(257) Metaspace: 28948K(29248K)->28948K(29248K) NonClass: 24064K(24192K)->24064K(24192K) Class: 4883K(5056K)->4883K(5056K)
[1634.316s][info][gc             ] GC(257) Pause Young (Concurrent Start) (G1 Evacuation Pause) 3551M->1378M(4096M) 119.550ms
[1634.316s][info][gc             ] GC(258) Concurrent Mark Cycle
[1634.316s][info][gc,marking     ] GC(258) Concurrent Scan Root Regions
[1634.316s][info][gc,cpu         ] GC(257) User=0.71s Sys=0.00s Real=0.12s
.[1634.445s][info][gc,marking     ] GC(258) Concurrent Scan Root Regions 129.005ms
[1634.445s][info][gc,marking     ] GC(258) Concurrent Mark
[1634.445s][info][gc,marking     ] GC(258) Concurrent Mark From Roots
[1634.445s][info][gc,task        ] GC(258) Using 2 workers of 2 for marking
[1635.029s][info][gc,marking     ] GC(258) Concurrent Mark From Roots 583.491ms
[1635.029s][info][gc,marking     ] GC(258) Concurrent Preclean
[1635.029s][info][gc,marking     ] GC(258) Concurrent Preclean 0.055ms
[1635.029s][info][gc,start       ] GC(258) Pause Remark
[1635.032s][info][gc             ] GC(258) Pause Remark 1622M->1622M(4096M) 3.484ms
[1635.032s][info][gc,cpu         ] GC(258) User=0.02s Sys=0.00s Real=0.01s
[1635.032s][info][gc,marking     ] GC(258) Concurrent Mark 587.326ms
[1635.032s][info][gc,marking     ] GC(258) Concurrent Rebuild Remembered Sets and Scrub Regions
[1635.297s][info][gc,marking     ] GC(258) Concurrent Rebuild Remembered Sets and Scrub Regions 265.071ms
[1635.298s][info][gc,start       ] GC(258) Pause Cleanup
[1635.298s][info][gc             ] GC(258) Pause Cleanup 1680M->1680M(4096M) 0.116ms
[1635.298s][info][gc,cpu         ] GC(258) User=0.00s Sys=0.00s Real=0.00s
[1635.298s][info][gc,marking     ] GC(258) Concurrent Clear Claimed Marks
[1635.298s][info][gc,marking     ] GC(258) Concurrent Clear Claimed Marks 0.027ms
[1635.298s][info][gc,marking     ] GC(258) Concurrent Cleanup for Next Mark
[1635.301s][info][gc,marking     ] GC(258) Concurrent Cleanup for Next Mark 3.589ms
[1635.301s][info][gc             ] GC(258) Concurrent Mark Cycle 985.432ms
...|.....[1642.673s][info][gc,start       ] GC(259) Pause Young (Prepare Mixed) (G1 Evacuation Pause)
[1642.673s][info][gc,task        ] GC(259) Using 6 workers of 6 for evacuation
[1642.788s][info][gc,phases      ] GC(259)   Pre Evacuate Collection Set: 0.36ms
[1642.788s][info][gc,phases      ] GC(259)   Merge Heap Roots: 0.51ms
[1642.788s][info][gc,phases      ] GC(259)   Evacuate Collection Set: 113.40ms
[1642.788s][info][gc,phases      ] GC(259)   Post Evacuate Collection Set: 0.97ms
[1642.788s][info][gc,phases      ] GC(259)   Other: 0.09ms
[1642.788s][info][gc,heap        ] GC(259) Eden regions: 1118->0(1115)
[1642.788s][info][gc,heap        ] GC(259) Survivor regions: 110->109(154)
[1642.788s][info][gc,heap        ] GC(259) Old regions: 501->532
[1642.788s][info][gc,heap        ] GC(259) Humongous regions: 80->80
[1642.788s][info][gc,metaspace   ] GC(259) Metaspace: 28948K(29248K)->28948K(29248K) NonClass: 24064K(24192K)->24064K(24192K) Class: 4883K(5056K)->4883K(5056K)
[1642.788s][info][gc             ] GC(259) Pause Young (Prepare Mixed) (G1 Evacuation Pause) 3614M->1439M(4096M) 115.467ms
[1642.788s][info][gc,cpu         ] GC(259) User=0.68s Sys=0.00s Real=0.11s
........[1651.266s][info][gc,start       ] GC(260) Pause Young (Mixed) (G1 Evacuation Pause)
[1651.266s][info][gc,task        ] GC(260) Using 6 workers of 6 for evacuation
[1651.399s][info][gc,phases      ] GC(260)   Pre Evacuate Collection Set: 0.42ms
[1651.399s][info][gc,phases      ] GC(260)   Merge Heap Roots: 0.63ms
[1651.399s][info][gc,phases      ] GC(260)   Evacuate Collection Set: 130.71ms
[1651.399s][info][gc,phases      ] GC(260)   Post Evacuate Collection Set: 1.02ms
[1651.399s][info][gc,phases      ] GC(260)   Other: 0.09ms
[1651.399s][info][gc,heap        ] GC(260) Eden regions: 1115->0(1120)
[1651.399s][info][gc,heap        ] GC(260) Survivor regions: 109->108(153)
[1651.399s][info][gc,heap        ] GC(260) Old regions: 532->466
[1651.399s][info][gc,heap        ] GC(260) Humongous regions: 80->80
[1651.399s][info][gc,metaspace   ] GC(260) Metaspace: 28948K(29248K)->28948K(29248K) NonClass: 24064K(24192K)->24064K(24192K) Class: 4883K(5056K)->4883K(5056K)
[1651.399s][info][gc             ] GC(260) Pause Young (Mixed) (G1 Evacuation Pause) 3669M->1305M(4096M) 132.994ms
[1651.399s][info][gc,cpu         ] GC(260) User=0.79s Sys=0.00s Real=0.13s
.........[1659.857s][info][gc,start       ] GC(261) Pause Young (Concurrent Start) (G1 Evacuation Pause)
[1659.857s][info][gc,task        ] GC(261) Using 6 workers of 6 for evacuation
[1659.973s][info][gc,phases      ] GC(261)   Pre Evacuate Collection Set: 0.40ms
[1659.973s][info][gc,phases      ] GC(261)   Merge Heap Roots: 0.47ms
[1659.973s][info][gc,phases      ] GC(261)   Evacuate Collection Set: 113.97ms
[1659.973s][info][gc,phases      ] GC(261)   Post Evacuate Collection Set: 0.92ms
[1659.973s][info][gc,phases      ] GC(261)   Other: 0.11ms
[1659.973s][info][gc,heap        ] GC(261) Eden regions: 1120->0(1119)
[1659.973s][info][gc,heap        ] GC(261) Survivor regions: 108->109(154)
[1659.973s][info][gc,heap        ] GC(261) Old regions: 466->498
[1659.973s][info][gc,heap        ] GC(261) Humongous regions: 80->80
[1659.973s][info][gc,metaspace   ] GC(261) Metaspace: 28948K(29248K)->28948K(29248K) NonClass: 24064K(24192K)->24064K(24192K) Class: 4883K(5056K)->4883K(5056K)
[1659.973s][info][gc             ] GC(261) Pause Young (Concurrent Start) (G1 Evacuation Pause) 3545M->1371M(4096M) 116.003ms
[1659.973s][info][gc             ] GC(262) Concurrent Mark Cycle
[1659.973s][info][gc,marking     ] GC(262) Concurrent Scan Root Regions
[1659.973s][info][gc,cpu         ] GC(261) User=0.68s Sys=0.00s Real=0.12s
[1660.111s][info][gc,marking     ] GC(262) Concurrent Scan Root Regions 137.582ms
[1660.111s][info][gc,marking     ] GC(262) Concurrent Mark
[1660.111s][info][gc,marking     ] GC(262) Concurrent Mark From Roots
[1660.111s][info][gc,task        ] GC(262) Using 2 workers of 2 for marking
.[1660.687s][info][gc,marking     ] GC(262) Concurrent Mark From Roots 576.019ms
[1660.687s][info][gc,marking     ] GC(262) Concurrent Preclean
[1660.687s][info][gc,marking     ] GC(262) Concurrent Preclean 0.056ms
[1660.687s][info][gc,start       ] GC(262) Pause Remark
[1660.690s][info][gc             ] GC(262) Pause Remark 1591M->1591M(4096M) 3.187ms
[1660.690s][info][gc,cpu         ] GC(262) User=0.01s Sys=0.00s Real=0.00s
[1660.690s][info][gc,marking     ] GC(262) Concurrent Mark 579.559ms
[1660.690s][info][gc,marking     ] GC(262) Concurrent Rebuild Remembered Sets and Scrub Regions
[1660.914s][info][gc,marking     ] GC(262) Concurrent Rebuild Remembered Sets and Scrub Regions 223.527ms
[1660.914s][info][gc,start       ] GC(262) Pause Cleanup
[1660.914s][info][gc             ] GC(262) Pause Cleanup 1663M->1663M(4096M) 0.121ms
[1660.914s][info][gc,cpu         ] GC(262) User=0.00s Sys=0.00s Real=0.00s
[1660.914s][info][gc,marking     ] GC(262) Concurrent Clear Claimed Marks
[1660.914s][info][gc,marking     ] GC(262) Concurrent Clear Claimed Marks 0.027ms
[1660.914s][info][gc,marking     ] GC(262) Concurrent Cleanup for Next Mark
[1660.918s][info][gc,marking     ] GC(262) Concurrent Cleanup for Next Mark 3.885ms
[1660.918s][info][gc             ] GC(262) Concurrent Mark Cycle 945.052ms
........[1668.511s][info][gc,start       ] GC(263) Pause Young (Prepare Mixed) (G1 Evacuation Pause)
[1668.511s][info][gc,task        ] GC(263) Using 6 workers of 6 for evacuation
[1668.628s][info][gc,phases      ] GC(263)   Pre Evacuate Collection Set: 0.35ms
[1668.628s][info][gc,phases      ] GC(263)   Merge Heap Roots: 0.52ms
[1668.628s][info][gc,phases      ] GC(263)   Evacuate Collection Set: 114.83ms
[1668.628s][info][gc,phases      ] GC(263)   Post Evacuate Collection Set: 0.95ms
[1668.628s][info][gc,phases      ] GC(263)   Other: 0.09ms
[1668.628s][info][gc,heap        ] GC(263) Eden regions: 1119->0(1117)
[1668.628s][info][gc,heap        ] GC(263) Survivor regions: 109->109(154)
[1668.628s][info][gc,heap        ] GC(263) Old regions: 498->530
[1668.628s][info][gc,heap        ] GC(263) Humongous regions: 80->80
[1668.628s][info][gc,metaspace   ] GC(263) Metaspace: 28948K(29248K)->28948K(29248K) NonClass: 24064K(24192K)->24064K(24192K) Class: 4883K(5056K)->4883K(5056K)
[1668.628s][info][gc             ] GC(263) Pause Young (Prepare Mixed) (G1 Evacuation Pause) 3609M->1435M(4096M) 116.858ms
[1668.628s][info][gc,cpu         ] GC(263) User=0.69s Sys=0.00s Real=0.12s
........[1677.065s][info][gc,start       ] GC(264) Pause Young (Mixed) (G1 Evacuation Pause)
[1677.065s][info][gc,task        ] GC(264) Using 6 workers of 6 for evacuation
[1677.199s][info][gc,phases      ] GC(264)   Pre Evacuate Collection Set: 0.43ms
[1677.199s][info][gc,phases      ] GC(264)   Merge Heap Roots: 0.74ms
[1677.199s][info][gc,phases      ] GC(264)   Evacuate Collection Set: 131.21ms
[1677.199s][info][gc,phases      ] GC(264)   Post Evacuate Collection Set: 0.97ms
[1677.199s][info][gc,phases      ] GC(264)   Other: 0.10ms
[1677.199s][info][gc,heap        ] GC(264) Eden regions: 1117->0(1118)
[1677.199s][info][gc,heap        ] GC(264) Survivor regions: 109->110(154)
[1677.199s][info][gc,heap        ] GC(264) Old regions: 530->468
[1677.199s][info][gc,heap        ] GC(264) Humongous regions: 80->80
[1677.199s][info][gc,metaspace   ] GC(264) Metaspace: 28948K(29248K)->28948K(29248K) NonClass: 24064K(24192K)->24064K(24192K) Class: 4883K(5056K)->4883K(5056K)
[1677.199s][info][gc             ] GC(264) Pause Young (Mixed) (G1 Evacuation Pause) 3669M->1312M(4096M) 133.587ms
[1677.199s][info][gc,cpu         ] GC(264) User=0.79s Sys=0.00s Real=0.13s
.........[1685.657s][info][gc,start       ] GC(265) Pause Young (Concurrent Start) (G1 Evacuation Pause)
[1685.657s][info][gc,task        ] GC(265) Using 6 workers of 6 for evacuation
[1685.779s][info][gc,phases      ] GC(265)   Pre Evacuate Collection Set: 0.41ms
[1685.779s][info][gc,phases      ] GC(265)   Merge Heap Roots: 0.51ms
[1685.779s][info][gc,phases      ] GC(265)   Evacuate Collection Set: 119.51ms
[1685.779s][info][gc,phases      ] GC(265)   Post Evacuate Collection Set: 0.92ms
[1685.779s][info][gc,phases      ] GC(265)   Other: 0.12ms
[1685.779s][info][gc,heap        ] GC(265) Eden regions: 1118->0(1116)
[1685.779s][info][gc,heap        ] GC(265) Survivor regions: 110->112(154)
[1685.779s][info][gc,heap        ] GC(265) Old regions: 468->500
[1685.779s][info][gc,heap        ] GC(265) Humongous regions: 80->80
[1685.779s][info][gc,metaspace   ] GC(265) Metaspace: 28952K(29248K)->28952K(29248K) NonClass: 24068K(24192K)->24068K(24192K) Class: 4883K(5056K)->4883K(5056K)
[1685.779s][info][gc             ] GC(265) Pause Young (Concurrent Start) (G1 Evacuation Pause) 3548M->1381M(4096M) 121.594ms
[1685.779s][info][gc             ] GC(266) Concurrent Mark Cycle
[1685.779s][info][gc,marking     ] GC(266) Concurrent Scan Root Regions
[1685.779s][info][gc,cpu         ] GC(265) User=0.72s Sys=0.00s Real=0.12s
[1685.919s][info][gc,marking     ] GC(266) Concurrent Scan Root Regions 140.216ms
[1685.919s][info][gc,marking     ] GC(266) Concurrent Mark
[1685.919s][info][gc,marking     ] GC(266) Concurrent Mark From Roots
[1685.919s][info][gc,task        ] GC(266) Using 2 workers of 2 for marking
.[1686.454s][info][gc,marking     ] GC(266) Concurrent Mark From Roots 534.417ms
[1686.454s][info][gc,marking     ] GC(266) Concurrent Preclean
[1686.454s][info][gc,marking     ] GC(266) Concurrent Preclean 0.045ms
[1686.454s][info][gc,start       ] GC(266) Pause Remark
[1686.457s][info][gc             ] GC(266) Pause Remark 1580M->1580M(4096M) 2.664ms
[1686.457s][info][gc,cpu         ] GC(266) User=0.01s Sys=0.00s Real=0.00s
[1686.457s][info][gc,marking     ] GC(266) Concurrent Mark 537.375ms
[1686.457s][info][gc,marking     ] GC(266) Concurrent Rebuild Remembered Sets and Scrub Regions
[1686.664s][info][gc,marking     ] GC(266) Concurrent Rebuild Remembered Sets and Scrub Regions 207.688ms
[1686.665s][info][gc,start       ] GC(266) Pause Cleanup
[1686.665s][info][gc             ] GC(266) Pause Cleanup 1633M->1633M(4096M) 0.117ms
[1686.665s][info][gc,cpu         ] GC(266) User=0.00s Sys=0.00s Real=0.00s
[1686.665s][info][gc,marking     ] GC(266) Concurrent Clear Claimed Marks
[1686.665s][info][gc,marking     ] GC(266) Concurrent Clear Claimed Marks 0.027ms
[1686.665s][info][gc,marking     ] GC(266) Concurrent Cleanup for Next Mark
[1686.670s][info][gc,marking     ] GC(266) Concurrent Cleanup for Next Mark 4.901ms
[1686.670s][info][gc             ] GC(266) Concurrent Mark Cycle 890.671ms
.......[1694.256s][info][gc,start       ] GC(267) Pause Young (Prepare Mixed) (G1 Evacuation Pause)
[1694.256s][info][gc,task        ] GC(267) Using 6 workers of 6 for evacuation
[1694.372s][info][gc,phases      ] GC(267)   Pre Evacuate Collection Set: 0.39ms
[1694.372s][info][gc,phases      ] GC(267)   Merge Heap Roots: 0.59ms
[1694.372s][info][gc,phases      ] GC(267)   Evacuate Collection Set: 113.59ms
[1694.372s][info][gc,phases      ] GC(267)   Post Evacuate Collection Set: 0.93ms
[1694.372s][info][gc,phases      ] GC(267)   Other: 0.11ms
[1694.372s][info][gc,heap        ] GC(267) Eden regions: 1116->0(1116)
[1694.372s][info][gc,heap        ] GC(267) Survivor regions: 112->109(154)
[1694.372s][info][gc,heap        ] GC(267) Old regions: 500->531
[1694.372s][info][gc,heap        ] GC(267) Humongous regions: 80->80
[1694.372s][info][gc,metaspace   ] GC(267) Metaspace: 28952K(29248K)->28952K(29248K) NonClass: 24068K(24192K)->24068K(24192K) Class: 4883K(5056K)->4883K(5056K)
[1694.372s][info][gc             ] GC(267) Pause Young (Prepare Mixed) (G1 Evacuation Pause) 3613M->1437M(4096M) 115.751ms
[1694.372s][info][gc,cpu         ] GC(267) User=0.69s Sys=0.00s Real=0.11s
.... (rIR:aIR:PR = 2214:2215:2215) (tPR = 33007) [OK] 
  1697s: Performance info:
         Transaction,    Success,    Partial,     Failed,   Receipts, AvgBarcode, 
             Overall,     133143,          0,          0,     126506,      59.49, 
         Response times:
             Request,    Success,    Partial,     Failed,   SkipFail,     Probes,    Samples,      min,      p50,      p90,      p95,      p99,      max, 
       TotalPurchase,     126506,          0,          0,          0,     122738,     136657,      300,     2000,     3100,     3500,    11000,   192000,
     InStorePurchase,      66646,          0,          0,          0,      64624,      71694,      300,     2000,     3100,     3600,    11600,   192000,
      OnlinePurchase,      46551,          0,          0,          0,      45396,      50598,      300,     2000,     3000,     3500,    11700,   184000,
        InstPurchase,      13309,          0,          0,          0,      12718,      14365,      400,     1600,     2900,     3300,     7800,   137000,
          AssocOfCat,        135,          0,          0,          0,        101,        156,    18600,    26000,    29000,    31300,    49730,    56000,
      AssocOfProduct,       1328,          0,          0,          0,       1183,       1428,      500,     1800,     2900,     3400,     9255,   135000,
      BusinessReport,        331,          0,          0,          0,        270,        389,    21000,    28000,    37000,    45000,    86300,   166000,
          CustBuyBeh,       1324,          0,          0,          0,       1190,       1467,      200,     1300,     2800,     3300,    12596,   137000,
       ProductReturn,       3519,          0,          0,          0,       3197,       3716,      200,     1400,     2500,     3000,     8200,   136000,

  1697s: (17%)   IR =   2352 .....[1702.468s][info][gc,start       ] GC(268) Pause Young (Mixed) (G1 Evacuation Pause)
[1702.468s][info][gc,task        ] GC(268) Using 6 workers of 6 for evacuation
[1702.600s][info][gc,phases      ] GC(268)   Pre Evacuate Collection Set: 0.42ms
[1702.600s][info][gc,phases      ] GC(268)   Merge Heap Roots: 0.72ms
[1702.600s][info][gc,phases      ] GC(268)   Evacuate Collection Set: 130.10ms
[1702.600s][info][gc,phases      ] GC(268)   Post Evacuate Collection Set: 0.97ms
[1702.600s][info][gc,phases      ] GC(268)   Other: 0.10ms
[1702.600s][info][gc,heap        ] GC(268) Eden regions: 1116->0(1120)
[1702.600s][info][gc,heap        ] GC(268) Survivor regions: 109->108(154)
[1702.600s][info][gc,heap        ] GC(268) Old regions: 531->469
[1702.600s][info][gc,heap        ] GC(268) Humongous regions: 80->80
[1702.600s][info][gc,metaspace   ] GC(268) Metaspace: 28952K(29248K)->28952K(29248K) NonClass: 24068K(24192K)->24068K(24192K) Class: 4883K(5056K)->4883K(5056K)
[1702.600s][info][gc             ] GC(268) Pause Young (Mixed) (G1 Evacuation Pause) 3669M->1312M(4096M) 132.431ms
[1702.601s][info][gc,cpu         ] GC(268) User=0.78s Sys=0.00s Real=0.13s
...|.....[1710.543s][info][gc,start       ] GC(269) Pause Young (Concurrent Start) (G1 Evacuation Pause)
[1710.543s][info][gc,task        ] GC(269) Using 6 workers of 6 for evacuation
[1710.661s][info][gc,phases      ] GC(269)   Pre Evacuate Collection Set: 0.42ms
[1710.661s][info][gc,phases      ] GC(269)   Merge Heap Roots: 0.48ms
[1710.661s][info][gc,phases      ] GC(269)   Evacuate Collection Set: 115.84ms
[1710.661s][info][gc,phases      ] GC(269)   Post Evacuate Collection Set: 0.93ms
[1710.661s][info][gc,phases      ] GC(269)   Other: 0.13ms
[1710.661s][info][gc,heap        ] GC(269) Eden regions: 1120->0(1118)
[1710.661s][info][gc,heap        ] GC(269) Survivor regions: 108->110(154)
[1710.661s][info][gc,heap        ] GC(269) Old regions: 469->501
[1710.661s][info][gc,heap        ] GC(269) Humongous regions: 80->80
[1710.661s][info][gc,metaspace   ] GC(269) Metaspace: 28952K(29248K)->28952K(29248K) NonClass: 24068K(24192K)->24068K(24192K) Class: 4883K(5056K)->4883K(5056K)
[1710.661s][info][gc             ] GC(269) Pause Young (Concurrent Start) (G1 Evacuation Pause) 3552M->1379M(4096M) 117.954ms
[1710.661s][info][gc             ] GC(270) Concurrent Mark Cycle
[1710.661s][info][gc,marking     ] GC(270) Concurrent Scan Root Regions
[1710.661s][info][gc,cpu         ] GC(269) User=0.70s Sys=0.00s Real=0.11s
[1710.816s][info][gc,marking     ] GC(270) Concurrent Scan Root Regions 154.985ms
[1710.816s][info][gc,marking     ] GC(270) Concurrent Mark
[1710.816s][info][gc,marking     ] GC(270) Concurrent Mark From Roots
[1710.816s][info][gc,task        ] GC(270) Using 2 workers of 2 for marking
[1711.406s][info][gc,marking     ] GC(270) Concurrent Mark From Roots 589.890ms
[1711.406s][info][gc,marking     ] GC(270) Concurrent Preclean
[1711.406s][info][gc,marking     ] GC(270) Concurrent Preclean 0.060ms
[1711.406s][info][gc,start       ] GC(270) Pause Remark
[1711.409s][info][gc             ] GC(270) Pause Remark 1625M->1625M(4096M) 3.240ms
[1711.409s][info][gc,cpu         ] GC(270) User=0.02s Sys=0.00s Real=0.00s
[1711.409s][info][gc,marking     ] GC(270) Concurrent Mark 593.458ms
[1711.409s][info][gc,marking     ] GC(270) Concurrent Rebuild Remembered Sets and Scrub Regions
.[1711.633s][info][gc,marking     ] GC(270) Concurrent Rebuild Remembered Sets and Scrub Regions 223.569ms
[1711.633s][info][gc,start       ] GC(270) Pause Cleanup
[1711.633s][info][gc             ] GC(270) Pause Cleanup 1682M->1682M(4096M) 0.112ms
[1711.633s][info][gc,cpu         ] GC(270) User=0.01s Sys=0.00s Real=0.00s
[1711.633s][info][gc,marking     ] GC(270) Concurrent Clear Claimed Marks
[1711.633s][info][gc,marking     ] GC(270) Concurrent Clear Claimed Marks 0.029ms
[1711.633s][info][gc,marking     ] GC(270) Concurrent Cleanup for Next Mark
[1711.637s][info][gc,marking     ] GC(270) Concurrent Cleanup for Next Mark 4.243ms
[1711.637s][info][gc             ] GC(270) Concurrent Mark Cycle 976.721ms
.......[1718.504s][info][gc,start       ] GC(271) Pause Young (Prepare Mixed) (G1 Evacuation Pause)
[1718.504s][info][gc,task        ] GC(271) Using 6 workers of 6 for evacuation
[1718.620s][info][gc,phases      ] GC(271)   Pre Evacuate Collection Set: 0.35ms
[1718.620s][info][gc,phases      ] GC(271)   Merge Heap Roots: 0.51ms
[1718.620s][info][gc,phases      ] GC(271)   Evacuate Collection Set: 113.28ms
[1718.620s][info][gc,phases      ] GC(271)   Post Evacuate Collection Set: 0.93ms
[1718.620s][info][gc,phases      ] GC(271)   Other: 0.08ms
[1718.620s][info][gc,heap        ] GC(271) Eden regions: 1118->0(1116)
[1718.620s][info][gc,heap        ] GC(271) Survivor regions: 110->108(154)
[1718.620s][info][gc,heap        ] GC(271) Old regions: 501->533
[1718.620s][info][gc,heap        ] GC(271) Humongous regions: 80->80
[1718.620s][info][gc,metaspace   ] GC(271) Metaspace: 28952K(29248K)->28952K(29248K) NonClass: 24068K(24192K)->24068K(24192K) Class: 4883K(5056K)->4883K(5056K)
[1718.620s][info][gc             ] GC(271) Pause Young (Prepare Mixed) (G1 Evacuation Pause) 3615M->1440M(4096M) 115.288ms
[1718.620s][info][gc,cpu         ] GC(271) User=0.68s Sys=0.00s Real=0.11s
........[1726.657s][info][gc,start       ] GC(272) Pause Young (Mixed) (G1 Evacuation Pause)
[1726.657s][info][gc,task        ] GC(272) Using 6 workers of 6 for evacuation
[1726.787s][info][gc,phases      ] GC(272)   Pre Evacuate Collection Set: 0.43ms
[1726.787s][info][gc,phases      ] GC(272)   Merge Heap Roots: 0.63ms
[1726.787s][info][gc,phases      ] GC(272)   Evacuate Collection Set: 128.14ms
[1726.787s][info][gc,phases      ] GC(272)   Post Evacuate Collection Set: 0.98ms
[1726.787s][info][gc,phases      ] GC(272)   Other: 0.09ms
[1726.787s][info][gc,heap        ] GC(272) Eden regions: 1116->0(1120)
[1726.788s][info][gc,heap        ] GC(272) Survivor regions: 108->108(153)
[1726.788s][info][gc,heap        ] GC(272) Old regions: 533->467
[1726.788s][info][gc,heap        ] GC(272) Humongous regions: 80->80
[1726.788s][info][gc,metaspace   ] GC(272) Metaspace: 28952K(29248K)->28952K(29248K) NonClass: 24068K(24192K)->24068K(24192K) Class: 4883K(5056K)->4883K(5056K)
[1726.788s][info][gc             ] GC(272) Pause Young (Mixed) (G1 Evacuation Pause) 3672M->1307M(4096M) 130.396ms
[1726.788s][info][gc,cpu         ] GC(272) User=0.77s Sys=0.00s Real=0.13s
........[1734.753s][info][gc,start       ] GC(273) Pause Young (Concurrent Start) (G1 Evacuation Pause)
[1734.753s][info][gc,task        ] GC(273) Using 6 workers of 6 for evacuation
[1734.871s][info][gc,phases      ] GC(273)   Pre Evacuate Collection Set: 0.41ms
[1734.871s][info][gc,phases      ] GC(273)   Merge Heap Roots: 0.51ms
[1734.871s][info][gc,phases      ] GC(273)   Evacuate Collection Set: 116.54ms
[1734.871s][info][gc,phases      ] GC(273)   Post Evacuate Collection Set: 0.91ms
[1734.871s][info][gc,phases      ] GC(273)   Other: 0.12ms
[1734.871s][info][gc,heap        ] GC(273) Eden regions: 1120->0(1118)
[1734.871s][info][gc,heap        ] GC(273) Survivor regions: 108->110(154)
[1734.871s][info][gc,heap        ] GC(273) Old regions: 467->498
[1734.871s][info][gc,heap        ] GC(273) Humongous regions: 80->80
[1734.871s][info][gc,metaspace   ] GC(273) Metaspace: 28952K(29248K)->28952K(29248K) NonClass: 24068K(24192K)->24068K(24192K) Class: 4883K(5056K)->4883K(5056K)
[1734.871s][info][gc             ] GC(273) Pause Young (Concurrent Start) (G1 Evacuation Pause) 3547M->1374M(4096M) 118.618ms
[1734.871s][info][gc             ] GC(274) Concurrent Mark Cycle
[1734.871s][info][gc,marking     ] GC(274) Concurrent Scan Root Regions
[1734.871s][info][gc,cpu         ] GC(273) User=0.70s Sys=0.00s Real=0.11s
[1735.047s][info][gc,marking     ] GC(274) Concurrent Scan Root Regions 175.380ms
[1735.047s][info][gc,marking     ] GC(274) Concurrent Mark
[1735.047s][info][gc,marking     ] GC(274) Concurrent Mark From Roots
[1735.047s][info][gc,task        ] GC(274) Using 2 workers of 2 for marking
.[1735.942s][info][gc,marking     ] GC(274) Concurrent Mark From Roots 895.494ms
[1735.942s][info][gc,marking     ] GC(274) Concurrent Preclean
[1735.942s][info][gc,marking     ] GC(274) Concurrent Preclean 0.044ms
[1735.943s][info][gc,start       ] GC(274) Pause Remark
[1735.946s][info][gc             ] GC(274) Pause Remark 1722M->1722M(4096M) 3.847ms
[1735.947s][info][gc,cpu         ] GC(274) User=0.02s Sys=0.00s Real=0.00s
[1735.947s][info][gc,marking     ] GC(274) Concurrent Mark 899.682ms
[1735.947s][info][gc,marking     ] GC(274) Concurrent Rebuild Remembered Sets and Scrub Regions
[1736.167s][info][gc,marking     ] GC(274) Concurrent Rebuild Remembered Sets and Scrub Regions 220.620ms
[1736.167s][info][gc,start       ] GC(274) Pause Cleanup
[1736.167s][info][gc             ] GC(274) Pause Cleanup 1773M->1773M(4096M) 0.123ms
[1736.167s][info][gc,cpu         ] GC(274) User=0.00s Sys=0.00s Real=0.00s
[1736.168s][info][gc,marking     ] GC(274) Concurrent Clear Claimed Marks
[1736.168s][info][gc,marking     ] GC(274) Concurrent Clear Claimed Marks 0.027ms
[1736.168s][info][gc,marking     ] GC(274) Concurrent Cleanup for Next Mark
[1736.211s][info][gc,marking     ] GC(274) Concurrent Cleanup for Next Mark 43.937ms
[1736.212s][info][gc             ] GC(274) Concurrent Mark Cycle 1340.122ms
.......[1742.758s][info][gc,start       ] GC(275) Pause Young (Prepare Mixed) (G1 Evacuation Pause)
[1742.758s][info][gc,task        ] GC(275) Using 6 workers of 6 for evacuation
[1742.873s][info][gc,phases      ] GC(275)   Pre Evacuate Collection Set: 0.41ms
[1742.873s][info][gc,phases      ] GC(275)   Merge Heap Roots: 0.52ms
[1742.873s][info][gc,phases      ] GC(275)   Evacuate Collection Set: 113.44ms
[1742.873s][info][gc,phases      ] GC(275)   Post Evacuate Collection Set: 0.94ms
[1742.873s][info][gc,phases      ] GC(275)   Other: 0.10ms
[1742.873s][info][gc,heap        ] GC(275) Eden regions: 1118->0(1119)
[1742.873s][info][gc,heap        ] GC(275) Survivor regions: 110->108(154)
[1742.873s][info][gc,heap        ] GC(275) Old regions: 498->530
[1742.873s][info][gc,heap        ] GC(275) Humongous regions: 80->80
[1742.873s][info][gc,metaspace   ] GC(275) Metaspace: 28952K(29248K)->28952K(29248K) NonClass: 24068K(24192K)->24068K(24192K) Class: 4883K(5056K)->4883K(5056K)
[1742.873s][info][gc             ] GC(275) Pause Young (Prepare Mixed) (G1 Evacuation Pause) 3610M->1432M(4096M) 115.562ms
[1742.873s][info][gc,cpu         ] GC(275) User=0.68s Sys=0.00s Real=0.12s
........[1750.908s][info][gc,start       ] GC(276) Pause Young (Mixed) (G1 Evacuation Pause)
[1750.908s][info][gc,task        ] GC(276) Using 6 workers of 6 for evacuation
[1751.041s][info][gc,phases      ] GC(276)   Pre Evacuate Collection Set: 0.41ms
[1751.041s][info][gc,phases      ] GC(276)   Merge Heap Roots: 0.71ms
[1751.041s][info][gc,phases      ] GC(276)   Evacuate Collection Set: 130.76ms
[1751.041s][info][gc,phases      ] GC(276)   Post Evacuate Collection Set: 0.99ms
[1751.041s][info][gc,phases      ] GC(276)   Other: 0.10ms
[1751.041s][info][gc,heap        ] GC(276) Eden regions: 1119->0(1119)
[1751.041s][info][gc,heap        ] GC(276) Survivor regions: 108->109(154)
[1751.041s][info][gc,heap        ] GC(276) Old regions: 530->467
[1751.041s][info][gc,heap        ] GC(276) Humongous regions: 80->80
[1751.041s][info][gc,metaspace   ] GC(276) Metaspace: 28952K(29248K)->28952K(29248K) NonClass: 24068K(24192K)->24068K(24192K) Class: 4883K(5056K)->4883K(5056K)
[1751.041s][info][gc             ] GC(276) Pause Young (Mixed) (G1 Evacuation Pause) 3670M->1309M(4096M) 133.087ms
[1751.041s][info][gc,cpu         ] GC(276) User=0.79s Sys=0.00s Real=0.13s
........[1758.976s][info][gc,start       ] GC(277) Pause Young (Concurrent Start) (G1 Evacuation Pause)
[1758.976s][info][gc,task        ] GC(277) Using 6 workers of 6 for evacuation
[1759.093s][info][gc,phases      ] GC(277)   Pre Evacuate Collection Set: 0.41ms
[1759.093s][info][gc,phases      ] GC(277)   Merge Heap Roots: 0.50ms
[1759.093s][info][gc,phases      ] GC(277)   Evacuate Collection Set: 114.69ms
[1759.093s][info][gc,phases      ] GC(277)   Post Evacuate Collection Set: 0.92ms
[1759.093s][info][gc,phases      ] GC(277)   Other: 0.13ms
[1759.093s][info][gc,heap        ] GC(277) Eden regions: 1119->0(1119)
[1759.093s][info][gc,heap        ] GC(277) Survivor regions: 109->109(154)
[1759.093s][info][gc,heap        ] GC(277) Old regions: 467->499
[1759.093s][info][gc,heap        ] GC(277) Humongous regions: 80->80
[1759.093s][info][gc,metaspace   ] GC(277) Metaspace: 28953K(29248K)->28953K(29248K) NonClass: 24069K(24192K)->24069K(24192K) Class: 4883K(5056K)->4883K(5056K)
[1759.093s][info][gc             ] GC(277) Pause Young (Concurrent Start) (G1 Evacuation Pause) 3547M->1373M(4096M) 116.783ms
[1759.093s][info][gc             ] GC(278) Concurrent Mark Cycle
[1759.093s][info][gc,marking     ] GC(278) Concurrent Scan Root Regions
[1759.093s][info][gc,cpu         ] GC(277) User=0.69s Sys=0.00s Real=0.12s
[1759.222s][info][gc,marking     ] GC(278) Concurrent Scan Root Regions 129.216ms
[1759.222s][info][gc,marking     ] GC(278) Concurrent Mark
[1759.222s][info][gc,marking     ] GC(278) Concurrent Mark From Roots
[1759.222s][info][gc,task        ] GC(278) Using 2 workers of 2 for marking
.[1759.777s][info][gc,marking     ] GC(278) Concurrent Mark From Roots 554.503ms
[1759.777s][info][gc,marking     ] GC(278) Concurrent Preclean
[1759.777s][info][gc,marking     ] GC(278) Concurrent Preclean 0.058ms
[1759.777s][info][gc,start       ] GC(278) Pause Remark
[1759.780s][info][gc             ] GC(278) Pause Remark 1606M->1606M(4096M) 2.917ms
[1759.780s][info][gc,cpu         ] GC(278) User=0.02s Sys=0.00s Real=0.00s
[1759.780s][info][gc,marking     ] GC(278) Concurrent Mark 557.761ms
[1759.780s][info][gc,marking     ] GC(278) Concurrent Rebuild Remembered Sets and Scrub Regions
[1760.007s][info][gc,marking     ] GC(278) Concurrent Rebuild Remembered Sets and Scrub Regions 227.182ms
[1760.007s][info][gc,start       ] GC(278) Pause Cleanup
[1760.007s][info][gc             ] GC(278) Pause Cleanup 1697M->1697M(4096M) 0.128ms
[1760.007s][info][gc,cpu         ] GC(278) User=0.00s Sys=0.00s Real=0.00s
[1760.007s][info][gc,marking     ] GC(278) Concurrent Clear Claimed Marks
[1760.007s][info][gc,marking     ] GC(278) Concurrent Clear Claimed Marks 0.026ms
[1760.007s][info][gc,marking     ] GC(278) Concurrent Cleanup for Next Mark
[1760.011s][info][gc,marking     ] GC(278) Concurrent Cleanup for Next Mark 4.034ms
[1760.012s][info][gc             ] GC(278) Concurrent Mark Cycle 918.684ms
...... (rIR:aIR:PR = 2352:2354:2354) (tPR = 34924) [OK] 
  1765s: Performance info:
         Transaction,    Success,    Partial,     Failed,   Receipts, AvgBarcode, 
             Overall,     141303,          0,          0,     134243,      59.47, 
         Response times:
             Request,    Success,    Partial,     Failed,   SkipFail,     Probes,    Samples,      min,      p50,      p90,      p95,      p99,      max, 
       TotalPurchase,     134243,          0,          0,          0,     131462,     150661,      300,     2100,     3300,     3800,    11600,   139000,
     InStorePurchase,      70696,          0,          0,          0,      69450,      79268,      300,     2100,     3300,     3800,    12200,   138000,
      OnlinePurchase,      49435,          0,          0,          0,      48489,      55649,      300,     2000,     3200,     3700,    11500,   137000,
        InstPurchase,      14112,          0,          0,          0,      13523,      15744,      400,     1900,     3200,     3700,    10100,   139000,
          AssocOfCat,        141,          0,          0,          0,         97,        145,    18900,    26000,    34000,    35700,    43780,    47000,
      AssocOfProduct,       1413,          0,          0,          0,       1260,       1584,      600,     2300,     3400,     4100,    12500,    37000,
      BusinessReport,        351,          0,          0,          0,        284,        399,    21000,    29000,    38000,    45000,    57000,   190000,
          CustBuyBeh,       1419,          0,          0,          0,       1285,       1604,      300,     2000,     3200,     3900,     9975,   119000,
       ProductReturn,       3736,          0,          0,          0,       3400,       4087,      200,     2500,     3500,     4100,    16212,   138000,

  1765s: (18%)   IR =   2491 .[1767.005s][info][gc,start       ] GC(279) Pause Young (Prepare Mixed) (G1 Evacuation Pause)
[1767.005s][info][gc,task        ] GC(279) Using 6 workers of 6 for evacuation
[1767.128s][info][gc,phases      ] GC(279)   Pre Evacuate Collection Set: 0.35ms
[1767.128s][info][gc,phases      ] GC(279)   Merge Heap Roots: 0.55ms
[1767.128s][info][gc,phases      ] GC(279)   Evacuate Collection Set: 120.88ms
[1767.128s][info][gc,phases      ] GC(279)   Post Evacuate Collection Set: 0.96ms
[1767.128s][info][gc,phases      ] GC(279)   Other: 0.09ms
[1767.128s][info][gc,heap        ] GC(279) Eden regions: 1119->0(1108)
[1767.128s][info][gc,heap        ] GC(279) Survivor regions: 109->113(154)
[1767.128s][info][gc,heap        ] GC(279) Old regions: 499->531
[1767.128s][info][gc,heap        ] GC(279) Humongous regions: 80->80
[1767.128s][info][gc,metaspace   ] GC(279) Metaspace: 28953K(29248K)->28953K(29248K) NonClass: 24069K(24192K)->24069K(24192K) Class: 4883K(5056K)->4883K(5056K)
[1767.128s][info][gc             ] GC(279) Pause Young (Prepare Mixed) (G1 Evacuation Pause) 3611M->1445M(4096M) 122.976ms
[1767.128s][info][gc,cpu         ] GC(279) User=0.73s Sys=0.00s Real=0.12s
.....|...[1774.582s][info][gc,start       ] GC(280) Pause Young (Mixed) (G1 Evacuation Pause)
[1774.582s][info][gc,task        ] GC(280) Using 6 workers of 6 for evacuation
[1774.716s][info][gc,phases      ] GC(280)   Pre Evacuate Collection Set: 0.40ms
[1774.716s][info][gc,phases      ] GC(280)   Merge Heap Roots: 0.66ms
[1774.716s][info][gc,phases      ] GC(280)   Evacuate Collection Set: 132.60ms
[1774.716s][info][gc,phases      ] GC(280)   Post Evacuate Collection Set: 0.96ms
[1774.716s][info][gc,phases      ] GC(280)   Other: 0.09ms
[1774.716s][info][gc,heap        ] GC(280) Eden regions: 1108->0(1117)
[1774.716s][info][gc,heap        ] GC(280) Survivor regions: 113->111(153)
[1774.716s][info][gc,heap        ] GC(280) Old regions: 531->469
[1774.716s][info][gc,heap        ] GC(280) Humongous regions: 80->80
[1774.716s][info][gc,metaspace   ] GC(280) Metaspace: 28955K(29312K)->28955K(29312K) NonClass: 24071K(24256K)->24071K(24256K) Class: 4883K(5056K)->4883K(5056K)
[1774.716s][info][gc             ] GC(280) Pause Young (Mixed) (G1 Evacuation Pause) 3661M->1317M(4096M) 134.860ms
[1774.717s][info][gc,cpu         ] GC(280) User=0.79s Sys=0.00s Real=0.14s
.......[1782.233s][info][gc,start       ] GC(281) Pause Young (Concurrent Start) (G1 Evacuation Pause)
[1782.233s][info][gc,task        ] GC(281) Using 6 workers of 6 for evacuation
[1782.350s][info][gc,phases      ] GC(281)   Pre Evacuate Collection Set: 0.41ms
[1782.351s][info][gc,phases      ] GC(281)   Merge Heap Roots: 0.54ms
[1782.351s][info][gc,phases      ] GC(281)   Evacuate Collection Set: 115.34ms
[1782.351s][info][gc,phases      ] GC(281)   Post Evacuate Collection Set: 0.92ms
[1782.351s][info][gc,phases      ] GC(281)   Other: 0.12ms
[1782.351s][info][gc,heap        ] GC(281) Eden regions: 1117->0(1120)
[1782.351s][info][gc,heap        ] GC(281) Survivor regions: 111->108(154)
[1782.351s][info][gc,heap        ] GC(281) Old regions: 469->501
[1782.351s][info][gc,heap        ] GC(281) Humongous regions: 80->80
[1782.351s][info][gc,metaspace   ] GC(281) Metaspace: 28955K(29312K)->28955K(29312K) NonClass: 24071K(24256K)->24071K(24256K) Class: 4883K(5056K)->4883K(5056K)
[1782.351s][info][gc             ] GC(281) Pause Young (Concurrent Start) (G1 Evacuation Pause) 3551M->1375M(4096M) 117.454ms
[1782.351s][info][gc             ] GC(282) Concurrent Mark Cycle
[1782.351s][info][gc,marking     ] GC(282) Concurrent Scan Root Regions
[1782.351s][info][gc,cpu         ] GC(281) User=0.69s Sys=0.00s Real=0.11s
.[1782.524s][info][gc,marking     ] GC(282) Concurrent Scan Root Regions 173.460ms
[1782.524s][info][gc,marking     ] GC(282) Concurrent Mark
[1782.524s][info][gc,marking     ] GC(282) Concurrent Mark From Roots
[1782.524s][info][gc,task        ] GC(282) Using 2 workers of 2 for marking
[1783.439s][info][gc,marking     ] GC(282) Concurrent Mark From Roots 914.681ms
[1783.439s][info][gc,marking     ] GC(282) Concurrent Preclean
[1783.439s][info][gc,marking     ] GC(282) Concurrent Preclean 0.067ms
[1783.439s][info][gc,start       ] GC(282) Pause Remark
[1783.443s][info][gc             ] GC(282) Pause Remark 1754M->1754M(4096M) 4.130ms
[1783.443s][info][gc,cpu         ] GC(282) User=0.03s Sys=0.00s Real=0.01s
[1783.443s][info][gc,marking     ] GC(282) Concurrent Mark 919.169ms
[1783.443s][info][gc,marking     ] GC(282) Concurrent Rebuild Remembered Sets and Scrub Regions
.[1783.663s][info][gc,marking     ] GC(282) Concurrent Rebuild Remembered Sets and Scrub Regions 219.387ms
[1783.663s][info][gc,start       ] GC(282) Pause Cleanup
[1783.663s][info][gc             ] GC(282) Pause Cleanup 1827M->1827M(4096M) 0.130ms
[1783.663s][info][gc,cpu         ] GC(282) User=0.00s Sys=0.00s Real=0.00s
[1783.663s][info][gc,marking     ] GC(282) Concurrent Clear Claimed Marks
[1783.663s][info][gc,marking     ] GC(282) Concurrent Clear Claimed Marks 0.025ms
[1783.663s][info][gc,marking     ] GC(282) Concurrent Cleanup for Next Mark
[1783.667s][info][gc,marking     ] GC(282) Concurrent Cleanup for Next Mark 3.846ms
[1783.667s][info][gc             ] GC(282) Concurrent Mark Cycle 1316.320ms
......[1789.756s][info][gc,start       ] GC(283) Pause Young (Prepare Mixed) (G1 Evacuation Pause)
[1789.756s][info][gc,task        ] GC(283) Using 6 workers of 6 for evacuation
[1789.875s][info][gc,phases      ] GC(283)   Pre Evacuate Collection Set: 0.35ms
[1789.875s][info][gc,phases      ] GC(283)   Merge Heap Roots: 0.54ms
[1789.875s][info][gc,phases      ] GC(283)   Evacuate Collection Set: 116.66ms
[1789.875s][info][gc,phases      ] GC(283)   Post Evacuate Collection Set: 0.95ms
[1789.875s][info][gc,phases      ] GC(283)   Other: 0.09ms
[1789.875s][info][gc,heap        ] GC(283) Eden regions: 1120->0(1112)
[1789.875s][info][gc,heap        ] GC(283) Survivor regions: 108->110(154)
[1789.875s][info][gc,heap        ] GC(283) Old regions: 501->533
[1789.875s][info][gc,heap        ] GC(283) Humongous regions: 80->80
[1789.875s][info][gc,metaspace   ] GC(283) Metaspace: 28955K(29312K)->28955K(29312K) NonClass: 24071K(24256K)->24071K(24256K) Class: 4883K(5056K)->4883K(5056K)
[1789.875s][info][gc             ] GC(283) Pause Young (Prepare Mixed) (G1 Evacuation Pause) 3615M->1443M(4096M) 118.742ms
[1789.875s][info][gc,cpu         ] GC(283) User=0.71s Sys=0.00s Real=0.12s
.......[1797.338s][info][gc,start       ] GC(284) Pause Young (Mixed) (G1 Evacuation Pause)
[1797.338s][info][gc,task        ] GC(284) Using 6 workers of 6 for evacuation
[1797.473s][info][gc,phases      ] GC(284)   Pre Evacuate Collection Set: 0.46ms
[1797.473s][info][gc,phases      ] GC(284)   Merge Heap Roots: 0.75ms
[1797.473s][info][gc,phases      ] GC(284)   Evacuate Collection Set: 132.22ms
[1797.473s][info][gc,phases      ] GC(284)   Post Evacuate Collection Set: 0.98ms
[1797.473s][info][gc,phases      ] GC(284)   Other: 0.10ms
[1797.473s][info][gc,heap        ] GC(284) Eden regions: 1112->0(1119)
[1797.473s][info][gc,heap        ] GC(284) Survivor regions: 110->109(153)
[1797.473s][info][gc,heap        ] GC(284) Old regions: 533->470
[1797.473s][info][gc,heap        ] GC(284) Humongous regions: 80->80
[1797.473s][info][gc,metaspace   ] GC(284) Metaspace: 28956K(29312K)->28956K(29312K) NonClass: 24073K(24256K)->24073K(24256K) Class: 4883K(5056K)->4883K(5056K)
[1797.473s][info][gc             ] GC(284) Pause Young (Mixed) (G1 Evacuation Pause) 3667M->1314M(4096M) 134.661ms
[1797.473s][info][gc,cpu         ] GC(284) User=0.79s Sys=0.00s Real=0.14s
........[1805.006s][info][gc,start       ] GC(285) Pause Young (Concurrent Start) (G1 Evacuation Pause)
[1805.006s][info][gc,task        ] GC(285) Using 6 workers of 6 for evacuation
[1805.123s][info][gc,phases      ] GC(285)   Pre Evacuate Collection Set: 0.41ms
[1805.123s][info][gc,phases      ] GC(285)   Merge Heap Roots: 0.55ms
[1805.123s][info][gc,phases      ] GC(285)   Evacuate Collection Set: 114.87ms
[1805.123s][info][gc,phases      ] GC(285)   Post Evacuate Collection Set: 0.92ms
[1805.123s][info][gc,phases      ] GC(285)   Other: 0.13ms
[1805.123s][info][gc,heap        ] GC(285) Eden regions: 1119->0(1118)
[1805.123s][info][gc,heap        ] GC(285) Survivor regions: 109->110(154)
[1805.123s][info][gc,heap        ] GC(285) Old regions: 470->501
[1805.123s][info][gc,heap        ] GC(285) Humongous regions: 80->80
[1805.123s][info][gc,metaspace   ] GC(285) Metaspace: 28956K(29312K)->28956K(29312K) NonClass: 24073K(24256K)->24073K(24256K) Class: 4883K(5056K)->4883K(5056K)
[1805.123s][info][gc             ] GC(285) Pause Young (Concurrent Start) (G1 Evacuation Pause) 3552M->1378M(4096M) 117.014ms
[1805.123s][info][gc             ] GC(286) Concurrent Mark Cycle
[1805.123s][info][gc,marking     ] GC(286) Concurrent Scan Root Regions
[1805.123s][info][gc,cpu         ] GC(285) User=0.69s Sys=0.00s Real=0.12s
[1805.252s][info][gc,marking     ] GC(286) Concurrent Scan Root Regions 129.756ms
[1805.252s][info][gc,marking     ] GC(286) Concurrent Mark
[1805.252s][info][gc,marking     ] GC(286) Concurrent Mark From Roots
[1805.252s][info][gc,task        ] GC(286) Using 2 workers of 2 for marking
.[1805.825s][info][gc,marking     ] GC(286) Concurrent Mark From Roots 572.821ms
[1805.825s][info][gc,marking     ] GC(286) Concurrent Preclean
[1805.825s][info][gc,marking     ] GC(286) Concurrent Preclean 0.075ms
[1805.826s][info][gc,start       ] GC(286) Pause Remark
[1805.829s][info][gc             ] GC(286) Pause Remark 1637M->1637M(4096M) 3.177ms
[1805.829s][info][gc,cpu         ] GC(286) User=0.01s Sys=0.00s Real=0.00s
[1805.829s][info][gc,marking     ] GC(286) Concurrent Mark 576.562ms
[1805.829s][info][gc,marking     ] GC(286) Concurrent Rebuild Remembered Sets and Scrub Regions
[1806.039s][info][gc,marking     ] GC(286) Concurrent Rebuild Remembered Sets and Scrub Regions 210.400ms
[1806.040s][info][gc,start       ] GC(286) Pause Cleanup
[1806.040s][info][gc             ] GC(286) Pause Cleanup 1694M->1694M(4096M) 0.122ms
[1806.040s][info][gc,cpu         ] GC(286) User=0.00s Sys=0.00s Real=0.00s
[1806.040s][info][gc,marking     ] GC(286) Concurrent Clear Claimed Marks
[1806.040s][info][gc,marking     ] GC(286) Concurrent Clear Claimed Marks 0.026ms
[1806.040s][info][gc,marking     ] GC(286) Concurrent Cleanup for Next Mark
[1806.044s][info][gc,marking     ] GC(286) Concurrent Cleanup for Next Mark 4.525ms
[1806.044s][info][gc             ] GC(286) Concurrent Mark Cycle 921.732ms
.......[1812.557s][info][gc,start       ] GC(287) Pause Young (Prepare Mixed) (G1 Evacuation Pause)
[1812.557s][info][gc,task        ] GC(287) Using 6 workers of 6 for evacuation
[1812.681s][info][gc,phases      ] GC(287)   Pre Evacuate Collection Set: 0.36ms
[1812.681s][info][gc,phases      ] GC(287)   Merge Heap Roots: 0.54ms
[1812.681s][info][gc,phases      ] GC(287)   Evacuate Collection Set: 121.91ms
[1812.681s][info][gc,phases      ] GC(287)   Post Evacuate Collection Set: 0.97ms
[1812.681s][info][gc,phases      ] GC(287)   Other: 0.09ms
[1812.681s][info][gc,heap        ] GC(287) Eden regions: 1118->0(1106)
[1812.681s][info][gc,heap        ] GC(287) Survivor regions: 110->113(154)
[1812.681s][info][gc,heap        ] GC(287) Old regions: 501->533
[1812.681s][info][gc,heap        ] GC(287) Humongous regions: 80->80
[1812.681s][info][gc,metaspace   ] GC(287) Metaspace: 28956K(29312K)->28956K(29312K) NonClass: 24073K(24256K)->24073K(24256K) Class: 4883K(5056K)->4883K(5056K)
[1812.681s][info][gc             ] GC(287) Pause Young (Prepare Mixed) (G1 Evacuation Pause) 3614M->1448M(4096M) 123.992ms
[1812.681s][info][gc,cpu         ] GC(287) User=0.73s Sys=0.00s Real=0.12s
.......[1820.117s][info][gc,start       ] GC(288) Pause Young (Mixed) (G1 Evacuation Pause)
[1820.117s][info][gc,task        ] GC(288) Using 6 workers of 6 for evacuation
[1820.248s][info][gc,phases      ] GC(288)   Pre Evacuate Collection Set: 0.42ms
[1820.248s][info][gc,phases      ] GC(288)   Merge Heap Roots: 0.60ms
[1820.248s][info][gc,phases      ] GC(288)   Evacuate Collection Set: 128.60ms
[1820.248s][info][gc,phases      ] GC(288)   Post Evacuate Collection Set: 0.99ms
[1820.248s][info][gc,phases      ] GC(288)   Other: 0.09ms
[1820.248s][info][gc,heap        ] GC(288) Eden regions: 1106->0(1121)
[1820.248s][info][gc,heap        ] GC(288) Survivor regions: 113->107(153)
[1820.248s][info][gc,heap        ] GC(288) Old regions: 533->469
[1820.248s][info][gc,heap        ] GC(288) Humongous regions: 80->80
[1820.248s][info][gc,metaspace   ] GC(288) Metaspace: 28956K(29312K)->28956K(29312K) NonClass: 24073K(24256K)->24073K(24256K) Class: 4883K(5056K)->4883K(5056K)
[1820.248s][info][gc             ] GC(288) Pause Young (Mixed) (G1 Evacuation Pause) 3660M->1310M(4096M) 130.824ms
[1820.248s][info][gc,cpu         ] GC(288) User=0.78s Sys=0.00s Real=0.13s
........[1827.701s][info][gc,start       ] GC(289) Pause Young (Concurrent Start) (G1 Evacuation Pause)
[1827.701s][info][gc,task        ] GC(289) Using 6 workers of 6 for evacuation
[1827.819s][info][gc,phases      ] GC(289)   Pre Evacuate Collection Set: 0.42ms
[1827.819s][info][gc,phases      ] GC(289)   Merge Heap Roots: 0.45ms
[1827.819s][info][gc,phases      ] GC(289)   Evacuate Collection Set: 116.38ms
[1827.819s][info][gc,phases      ] GC(289)   Post Evacuate Collection Set: 0.89ms
[1827.819s][info][gc,phases      ] GC(289)   Other: 0.11ms
[1827.819s][info][gc,heap        ] GC(289) Eden regions: 1121->0(1118)
[1827.819s][info][gc,heap        ] GC(289) Survivor regions: 107->110(154)
[1827.819s][info][gc,heap        ] GC(289) Old regions: 469->501
[1827.819s][info][gc,heap        ] GC(289) Humongous regions: 80->80
[1827.819s][info][gc,metaspace   ] GC(289) Metaspace: 28956K(29312K)->28956K(29312K) NonClass: 24073K(24256K)->24073K(24256K) Class: 4883K(5056K)->4883K(5056K)
[1827.819s][info][gc             ] GC(289) Pause Young (Concurrent Start) (G1 Evacuation Pause) 3552M->1379M(4096M) 118.400ms
[1827.819s][info][gc             ] GC(290) Concurrent Mark Cycle
[1827.819s][info][gc,marking     ] GC(290) Concurrent Scan Root Regions
[1827.819s][info][gc,cpu         ] GC(289) User=0.70s Sys=0.00s Real=0.12s
[1827.940s][info][gc,marking     ] GC(290) Concurrent Scan Root Regions 121.099ms
[1827.941s][info][gc,marking     ] GC(290) Concurrent Mark
[1827.941s][info][gc,marking     ] GC(290) Concurrent Mark From Roots
[1827.941s][info][gc,task        ] GC(290) Using 2 workers of 2 for marking
[1828.484s][info][gc,marking     ] GC(290) Concurrent Mark From Roots 543.388ms
[1828.484s][info][gc,marking     ] GC(290) Concurrent Preclean
[1828.484s][info][gc,marking     ] GC(290) Concurrent Preclean 0.058ms
[1828.484s][info][gc,start       ] GC(290) Pause Remark
[1828.487s][info][gc             ] GC(290) Pause Remark 1599M->1599M(4096M) 3.313ms
[1828.488s][info][gc,cpu         ] GC(290) User=0.01s Sys=0.00s Real=0.00s
[1828.488s][info][gc,marking     ] GC(290) Concurrent Mark 547.035ms
[1828.488s][info][gc,marking     ] GC(290) Concurrent Rebuild Remembered Sets and Scrub Regions
.[1828.701s][info][gc,marking     ] GC(290) Concurrent Rebuild Remembered Sets and Scrub Regions 213.397ms
[1828.701s][info][gc,start       ] GC(290) Pause Cleanup
[1828.701s][info][gc             ] GC(290) Pause Cleanup 1671M->1671M(4096M) 0.115ms
[1828.701s][info][gc,cpu         ] GC(290) User=0.00s Sys=0.00s Real=0.00s
[1828.701s][info][gc,marking     ] GC(290) Concurrent Clear Claimed Marks
[1828.701s][info][gc,marking     ] GC(290) Concurrent Clear Claimed Marks 0.031ms
[1828.701s][info][gc,marking     ] GC(290) Concurrent Cleanup for Next Mark
[1828.705s][info][gc,marking     ] GC(290) Concurrent Cleanup for Next Mark 3.225ms
[1828.705s][info][gc             ] GC(290) Concurrent Mark Cycle 885.238ms
... (rIR:aIR:PR = 2491:2492:2492) (tPR = 37214) [OK] 
  1831s: Performance info:
         Transaction,    Success,    Partial,     Failed,   Receipts, AvgBarcode, 
             Overall,     149627,          0,          0,     142148,      59.48, 
         Response times:
             Request,    Success,    Partial,     Failed,   SkipFail,     Probes,    Samples,      min,      p50,      p90,      p95,      p99,      max, 
       TotalPurchase,     142148,          0,          0,          0,     139182,     154140,      300,     2200,     3400,     4000,    16000,   155000,
     InStorePurchase,      74807,          0,          0,          0,      73484,      81245,      300,     2200,     3400,     4100,    16100,   155000,
      OnlinePurchase,      52373,          0,          0,          0,      51241,      56634,      300,     2200,     3400,     4000,    16300,   143000,
        InstPurchase,      14968,          0,          0,          0,      14457,      16261,      400,     2000,     3400,     4000,    13614,   155000,
          AssocOfCat,        152,          0,          0,          0,        120,        180,    19000,    26000,    31900,    34000,    88000,    88000,
      AssocOfProduct,       1501,          0,          0,          0,       1345,       1642,      600,     2300,     3700,     4300,    11385,    29000,
      BusinessReport,        377,          0,          0,          0,        301,        395,    19800,    30000,    43400,    58200,   167120,   195000,
          CustBuyBeh,       1492,          0,          0,          0,       1336,       1650,      200,     2700,     3700,     4800,    19598,   136000,
       ProductReturn,       3957,          0,          0,          0,       3732,       4398,      200,     1600,     2900,     3500,    12906,   141000,

  1831s: (19%)   IR =   2629 ...[1835.236s][info][gc,start       ] GC(291) Pause Young (Prepare Mixed) (G1 Evacuation Pause)
[1835.236s][info][gc,task        ] GC(291) Using 6 workers of 6 for evacuation
[1835.353s][info][gc,phases      ] GC(291)   Pre Evacuate Collection Set: 0.36ms
[1835.353s][info][gc,phases      ] GC(291)   Merge Heap Roots: 0.54ms
[1835.353s][info][gc,phases      ] GC(291)   Evacuate Collection Set: 114.79ms
[1835.353s][info][gc,phases      ] GC(291)   Post Evacuate Collection Set: 0.93ms
[1835.353s][info][gc,phases      ] GC(291)   Other: 0.08ms
[1835.353s][info][gc,heap        ] GC(291) Eden regions: 1118->0(1117)
[1835.353s][info][gc,heap        ] GC(291) Survivor regions: 110->108(154)
[1835.353s][info][gc,heap        ] GC(291) Old regions: 501->532
[1835.353s][info][gc,heap        ] GC(291) Humongous regions: 80->80
[1835.353s][info][gc,metaspace   ] GC(291) Metaspace: 28956K(29312K)->28956K(29312K) NonClass: 24073K(24256K)->24073K(24256K) Class: 4883K(5056K)->4883K(5056K)
[1835.353s][info][gc             ] GC(291) Pause Young (Prepare Mixed) (G1 Evacuation Pause) 3615M->1437M(4096M) 116.858ms
[1835.353s][info][gc,cpu         ] GC(291) User=0.69s Sys=0.00s Real=0.12s
....|...[1842.386s][info][gc,start       ] GC(292) Pause Young (Mixed) (G1 Evacuation Pause)
[1842.386s][info][gc,task        ] GC(292) Using 6 workers of 6 for evacuation
[1842.521s][info][gc,phases      ] GC(292)   Pre Evacuate Collection Set: 0.38ms
[1842.521s][info][gc,phases      ] GC(292)   Merge Heap Roots: 0.68ms
[1842.521s][info][gc,phases      ] GC(292)   Evacuate Collection Set: 132.49ms
[1842.521s][info][gc,phases      ] GC(292)   Post Evacuate Collection Set: 1.09ms
[1842.521s][info][gc,phases      ] GC(292)   Other: 0.09ms
[1842.521s][info][gc,heap        ] GC(292) Eden regions: 1117->0(1115)
[1842.521s][info][gc,heap        ] GC(292) Survivor regions: 108->113(154)
[1842.521s][info][gc,heap        ] GC(292) Old regions: 532->467
[1842.521s][info][gc,heap        ] GC(292) Humongous regions: 80->80
[1842.521s][info][gc,metaspace   ] GC(292) Metaspace: 28956K(29312K)->28956K(29312K) NonClass: 24073K(24256K)->24073K(24256K) Class: 4883K(5056K)->4883K(5056K)
[1842.521s][info][gc             ] GC(292) Pause Young (Mixed) (G1 Evacuation Pause) 3671M->1317M(4096M) 134.880ms
[1842.521s][info][gc,cpu         ] GC(292) User=0.80s Sys=0.00s Real=0.13s
.......[1849.534s][info][gc,start       ] GC(293) Pause Young (Concurrent Start) (G1 Evacuation Pause)
[1849.534s][info][gc,task        ] GC(293) Using 6 workers of 6 for evacuation
[1849.650s][info][gc,phases      ] GC(293)   Pre Evacuate Collection Set: 0.42ms
[1849.650s][info][gc,phases      ] GC(293)   Merge Heap Roots: 0.50ms
[1849.650s][info][gc,phases      ] GC(293)   Evacuate Collection Set: 113.79ms
[1849.650s][info][gc,phases      ] GC(293)   Post Evacuate Collection Set: 0.92ms
[1849.650s][info][gc,phases      ] GC(293)   Other: 0.12ms
[1849.650s][info][gc,heap        ] GC(293) Eden regions: 1115->0(1120)
[1849.650s][info][gc,heap        ] GC(293) Survivor regions: 113->108(154)
[1849.650s][info][gc,heap        ] GC(293) Old regions: 467->499
[1849.650s][info][gc,heap        ] GC(293) Humongous regions: 80->80
[1849.650s][info][gc,metaspace   ] GC(293) Metaspace: 28957K(29312K)->28957K(29312K) NonClass: 24074K(24256K)->24074K(24256K) Class: 4883K(5056K)->4883K(5056K)
[1849.650s][info][gc             ] GC(293) Pause Young (Concurrent Start) (G1 Evacuation Pause) 3547M->1372M(4096M) 115.890ms
[1849.650s][info][gc             ] GC(294) Concurrent Mark Cycle
[1849.650s][info][gc,marking     ] GC(294) Concurrent Scan Root Regions
[1849.650s][info][gc,cpu         ] GC(293) User=0.69s Sys=0.00s Real=0.11s
.[1849.768s][info][gc,marking     ] GC(294) Concurrent Scan Root Regions 117.248ms
[1849.768s][info][gc,marking     ] GC(294) Concurrent Mark
[1849.768s][info][gc,marking     ] GC(294) Concurrent Mark From Roots
[1849.768s][info][gc,task        ] GC(294) Using 2 workers of 2 for marking
[1850.320s][info][gc,marking     ] GC(294) Concurrent Mark From Roots 552.058ms
[1850.320s][info][gc,marking     ] GC(294) Concurrent Preclean
[1850.320s][info][gc,marking     ] GC(294) Concurrent Preclean 0.054ms
[1850.320s][info][gc,start       ] GC(294) Pause Remark
[1850.323s][info][gc             ] GC(294) Pause Remark 1584M->1584M(4096M) 3.336ms
[1850.323s][info][gc,cpu         ] GC(294) User=0.02s Sys=0.00s Real=0.01s
[1850.323s][info][gc,marking     ] GC(294) Concurrent Mark 555.718ms
[1850.323s][info][gc,marking     ] GC(294) Concurrent Rebuild Remembered Sets and Scrub Regions
[1850.533s][info][gc,marking     ] GC(294) Concurrent Rebuild Remembered Sets and Scrub Regions 210.072ms
[1850.534s][info][gc,start       ] GC(294) Pause Cleanup
[1850.534s][info][gc             ] GC(294) Pause Cleanup 1640M->1640M(4096M) 0.128ms
[1850.534s][info][gc,cpu         ] GC(294) User=0.00s Sys=0.00s Real=0.00s
[1850.534s][info][gc,marking     ] GC(294) Concurrent Clear Claimed Marks
[1850.534s][info][gc,marking     ] GC(294) Concurrent Clear Claimed Marks 0.031ms
[1850.534s][info][gc,marking     ] GC(294) Concurrent Cleanup for Next Mark
[1850.538s][info][gc,marking     ] GC(294) Concurrent Cleanup for Next Mark 4.095ms
[1850.538s][info][gc             ] GC(294) Concurrent Mark Cycle 887.651ms
.......[1856.724s][info][gc,start       ] GC(295) Pause Young (Prepare Mixed) (G1 Evacuation Pause)
[1856.724s][info][gc,task        ] GC(295) Using 6 workers of 6 for evacuation
[1856.839s][info][gc,phases      ] GC(295)   Pre Evacuate Collection Set: 0.37ms
[1856.839s][info][gc,phases      ] GC(295)   Merge Heap Roots: 0.52ms
[1856.839s][info][gc,phases      ] GC(295)   Evacuate Collection Set: 113.18ms
[1856.839s][info][gc,phases      ] GC(295)   Post Evacuate Collection Set: 0.96ms
[1856.839s][info][gc,phases      ] GC(295)   Other: 0.10ms
[1856.839s][info][gc,heap        ] GC(295) Eden regions: 1120->0(1117)
[1856.839s][info][gc,heap        ] GC(295) Survivor regions: 108->108(154)
[1856.839s][info][gc,heap        ] GC(295) Old regions: 499->532
[1856.839s][info][gc,heap        ] GC(295) Humongous regions: 80->80
[1856.839s][info][gc,metaspace   ] GC(295) Metaspace: 28958K(29312K)->28958K(29312K) NonClass: 24074K(24256K)->24074K(24256K) Class: 4883K(5056K)->4883K(5056K)
[1856.839s][info][gc             ] GC(295) Pause Young (Prepare Mixed) (G1 Evacuation Pause) 3612M->1437M(4096M) 115.272ms
[1856.839s][info][gc,cpu         ] GC(295) User=0.68s Sys=0.00s Real=0.11s
.......[1864.032s][info][gc,start       ] GC(296) Pause Young (Mixed) (G1 Evacuation Pause)
[1864.032s][info][gc,task        ] GC(296) Using 6 workers of 6 for evacuation
[1864.162s][info][gc,phases      ] GC(296)   Pre Evacuate Collection Set: 0.44ms
[1864.162s][info][gc,phases      ] GC(296)   Merge Heap Roots: 0.65ms
[1864.162s][info][gc,phases      ] GC(296)   Evacuate Collection Set: 128.07ms
[1864.162s][info][gc,phases      ] GC(296)   Post Evacuate Collection Set: 1.00ms
[1864.162s][info][gc,phases      ] GC(296)   Other: 0.09ms
[1864.162s][info][gc,heap        ] GC(296) Eden regions: 1117->0(1119)
[1864.162s][info][gc,heap        ] GC(296) Survivor regions: 108->109(154)
[1864.162s][info][gc,heap        ] GC(296) Old regions: 532->468
[1864.162s][info][gc,heap        ] GC(296) Humongous regions: 80->80
[1864.162s][info][gc,metaspace   ] GC(296) Metaspace: 28958K(29312K)->28958K(29312K) NonClass: 24074K(24256K)->24074K(24256K) Class: 4883K(5056K)->4883K(5056K)
[1864.162s][info][gc             ] GC(296) Pause Young (Mixed) (G1 Evacuation Pause) 3671M->1312M(4096M) 130.376ms
[1864.162s][info][gc,cpu         ] GC(296) User=0.78s Sys=0.00s Real=0.13s
.......[1871.215s][info][gc,start       ] GC(297) Pause Young (Concurrent Start) (G1 Evacuation Pause)
[1871.215s][info][gc,task        ] GC(297) Using 6 workers of 6 for evacuation
[1871.331s][info][gc,phases      ] GC(297)   Pre Evacuate Collection Set: 0.39ms
[1871.331s][info][gc,phases      ] GC(297)   Merge Heap Roots: 0.49ms
[1871.331s][info][gc,phases      ] GC(297)   Evacuate Collection Set: 114.23ms
[1871.331s][info][gc,phases      ] GC(297)   Post Evacuate Collection Set: 0.92ms
[1871.331s][info][gc,phases      ] GC(297)   Other: 0.11ms
[1871.331s][info][gc,heap        ] GC(297) Eden regions: 1119->0(1120)
[1871.331s][info][gc,heap        ] GC(297) Survivor regions: 109->108(154)
[1871.331s][info][gc,heap        ] GC(297) Old regions: 468->500
[1871.331s][info][gc,heap        ] GC(297) Humongous regions: 80->80
[1871.331s][info][gc,metaspace   ] GC(297) Metaspace: 28958K(29312K)->28958K(29312K) NonClass: 24074K(24256K)->24074K(24256K) Class: 4883K(5056K)->4883K(5056K)
[1871.331s][info][gc             ] GC(297) Pause Young (Concurrent Start) (G1 Evacuation Pause) 3550M->1373M(4096M) 116.285ms
[1871.331s][info][gc             ] GC(298) Concurrent Mark Cycle
[1871.331s][info][gc,marking     ] GC(298) Concurrent Scan Root Regions
[1871.331s][info][gc,cpu         ] GC(297) User=0.69s Sys=0.00s Real=0.11s
[1871.503s][info][gc,marking     ] GC(298) Concurrent Scan Root Regions 171.933ms
[1871.503s][info][gc,marking     ] GC(298) Concurrent Mark
[1871.503s][info][gc,marking     ] GC(298) Concurrent Mark From Roots
[1871.503s][info][gc,task        ] GC(298) Using 2 workers of 2 for marking
.[1872.435s][info][gc,marking     ] GC(298) Concurrent Mark From Roots 931.856ms
[1872.435s][info][gc,marking     ] GC(298) Concurrent Preclean
[1872.435s][info][gc,marking     ] GC(298) Concurrent Preclean 0.079ms
[1872.436s][info][gc,start       ] GC(298) Pause Remark
[1872.440s][info][gc             ] GC(298) Pause Remark 1758M->1758M(4096M) 3.989ms
[1872.440s][info][gc,cpu         ] GC(298) User=0.02s Sys=0.00s Real=0.00s
[1872.440s][info][gc,marking     ] GC(298) Concurrent Mark 936.885ms
[1872.440s][info][gc,marking     ] GC(298) Concurrent Rebuild Remembered Sets and Scrub Regions
.[1872.787s][info][gc,marking     ] GC(298) Concurrent Rebuild Remembered Sets and Scrub Regions 346.675ms
[1872.787s][info][gc,start       ] GC(298) Pause Cleanup
[1872.787s][info][gc             ] GC(298) Pause Cleanup 1854M->1854M(4096M) 0.134ms
[1872.787s][info][gc,cpu         ] GC(298) User=0.00s Sys=0.00s Real=0.00s
[1872.787s][info][gc,marking     ] GC(298) Concurrent Clear Claimed Marks
[1872.787s][info][gc,marking     ] GC(298) Concurrent Clear Claimed Marks 0.039ms
[1872.787s][info][gc,marking     ] GC(298) Concurrent Cleanup for Next Mark
[1872.791s][info][gc,marking     ] GC(298) Concurrent Cleanup for Next Mark 3.474ms
[1872.791s][info][gc             ] GC(298) Concurrent Mark Cycle 1459.475ms
.....[1878.480s][info][gc,start       ] GC(299) Pause Young (Prepare Mixed) (G1 Evacuation Pause)
[1878.480s][info][gc,task        ] GC(299) Using 6 workers of 6 for evacuation
[1878.597s][info][gc,phases      ] GC(299)   Pre Evacuate Collection Set: 0.39ms
[1878.597s][info][gc,phases      ] GC(299)   Merge Heap Roots: 0.53ms
[1878.597s][info][gc,phases      ] GC(299)   Evacuate Collection Set: 114.67ms
[1878.597s][info][gc,phases      ] GC(299)   Post Evacuate Collection Set: 0.94ms
[1878.597s][info][gc,phases      ] GC(299)   Other: 0.10ms
[1878.597s][info][gc,heap        ] GC(299) Eden regions: 1120->0(1115)
[1878.597s][info][gc,heap        ] GC(299) Survivor regions: 108->109(154)
[1878.597s][info][gc,heap        ] GC(299) Old regions: 500->532
[1878.597s][info][gc,heap        ] GC(299) Humongous regions: 80->80
[1878.597s][info][gc,metaspace   ] GC(299) Metaspace: 28958K(29312K)->28958K(29312K) NonClass: 24074K(24256K)->24074K(24256K) Class: 4883K(5056K)->4883K(5056K)
[1878.597s][info][gc             ] GC(299) Pause Young (Prepare Mixed) (G1 Evacuation Pause) 3613M->1439M(4096M) 116.753ms
[1878.597s][info][gc,cpu         ] GC(299) User=0.69s Sys=0.00s Real=0.12s
.......[1885.614s][info][gc,start       ] GC(300) Pause Young (Mixed) (G1 Evacuation Pause)
[1885.614s][info][gc,task        ] GC(300) Using 6 workers of 6 for evacuation
[1885.754s][info][gc,phases      ] GC(300)   Pre Evacuate Collection Set: 0.43ms
[1885.754s][info][gc,phases      ] GC(300)   Merge Heap Roots: 0.75ms
[1885.754s][info][gc,phases      ] GC(300)   Evacuate Collection Set: 138.20ms
[1885.754s][info][gc,phases      ] GC(300)   Post Evacuate Collection Set: 0.98ms
[1885.754s][info][gc,phases      ] GC(300)   Other: 0.09ms
[1885.754s][info][gc,heap        ] GC(300) Eden regions: 1115->0(1119)
[1885.754s][info][gc,heap        ] GC(300) Survivor regions: 109->109(153)
[1885.754s][info][gc,heap        ] GC(300) Old regions: 532->467
[1885.754s][info][gc,heap        ] GC(300) Humongous regions: 80->80
[1885.754s][info][gc,metaspace   ] GC(300) Metaspace: 28959K(29312K)->28959K(29312K) NonClass: 24075K(24256K)->24075K(24256K) Class: 4883K(5056K)->4883K(5056K)
[1885.754s][info][gc             ] GC(300) Pause Young (Mixed) (G1 Evacuation Pause) 3669M->1309M(4096M) 140.609ms
[1885.754s][info][gc,cpu         ] GC(300) User=0.83s Sys=0.00s Real=0.14s
........[1892.846s][info][gc,start       ] GC(301) Pause Young (Concurrent Start) (G1 Evacuation Pause)
[1892.846s][info][gc,task        ] GC(301) Using 6 workers of 6 for evacuation
[1892.963s][info][gc,phases      ] GC(301)   Pre Evacuate Collection Set: 0.46ms
[1892.963s][info][gc,phases      ] GC(301)   Merge Heap Roots: 0.51ms
[1892.963s][info][gc,phases      ] GC(301)   Evacuate Collection Set: 115.36ms
[1892.963s][info][gc,phases      ] GC(301)   Post Evacuate Collection Set: 0.91ms
[1892.963s][info][gc,phases      ] GC(301)   Other: 0.12ms
[1892.963s][info][gc,heap        ] GC(301) Eden regions: 1119->0(1120)
[1892.963s][info][gc,heap        ] GC(301) Survivor regions: 109->108(154)
[1892.963s][info][gc,heap        ] GC(301) Old regions: 467->500
[1892.963s][info][gc,heap        ] GC(301) Humongous regions: 80->80
[1892.963s][info][gc,metaspace   ] GC(301) Metaspace: 28959K(29312K)->28959K(29312K) NonClass: 24075K(24256K)->24075K(24256K) Class: 4883K(5056K)->4883K(5056K)
[1892.963s][info][gc             ] GC(301) Pause Young (Concurrent Start) (G1 Evacuation Pause) 3547M->1372M(4096M) 117.501ms
[1892.963s][info][gc             ] GC(302) Concurrent Mark Cycle
[1892.963s][info][gc,marking     ] GC(302) Concurrent Scan Root Regions
[1892.963s][info][gc,cpu         ] GC(301) User=0.70s Sys=0.00s Real=0.12s
[1893.088s][info][gc,marking     ] GC(302) Concurrent Scan Root Regions 124.709ms
[1893.088s][info][gc,marking     ] GC(302) Concurrent Mark
[1893.088s][info][gc,marking     ] GC(302) Concurrent Mark From Roots
[1893.088s][info][gc,task        ] GC(302) Using 2 workers of 2 for marking
[1893.684s][info][gc,marking     ] GC(302) Concurrent Mark From Roots 595.840ms
[1893.684s][info][gc,marking     ] GC(302) Concurrent Preclean
[1893.684s][info][gc,marking     ] GC(302) Concurrent Preclean 0.054ms
[1893.684s][info][gc,start       ] GC(302) Pause Remark
[1893.687s][info][gc             ] GC(302) Pause Remark 1630M->1630M(4096M) 3.313ms
[1893.687s][info][gc,cpu         ] GC(302) User=0.02s Sys=0.00s Real=0.00s
[1893.687s][info][gc,marking     ] GC(302) Concurrent Mark 599.479ms
[1893.687s][info][gc,marking     ] GC(302) Concurrent Rebuild Remembered Sets and Scrub Regions
.[1893.912s][info][gc,marking     ] GC(302) Concurrent Rebuild Remembered Sets and Scrub Regions 224.526ms
[1893.913s][info][gc,start       ] GC(302) Pause Cleanup
[1893.913s][info][gc             ] GC(302) Pause Cleanup 1692M->1692M(4096M) 0.142ms
[1893.913s][info][gc,cpu         ] GC(302) User=0.00s Sys=0.00s Real=0.00s
[1893.913s][info][gc,marking     ] GC(302) Concurrent Clear Claimed Marks
[1893.913s][info][gc,marking     ] GC(302) Concurrent Clear Claimed Marks 0.032ms
[1893.913s][info][gc,marking     ] GC(302) Concurrent Cleanup for Next Mark
[1893.918s][info][gc,marking     ] GC(302) Concurrent Cleanup for Next Mark 4.839ms
[1893.918s][info][gc             ] GC(302) Concurrent Mark Cycle 954.773ms
..... (rIR:aIR:PR = 2629:2628:2628) (tPR = 38964) [OK] 
  1898s: Performance info:
         Transaction,    Success,    Partial,     Failed,   Receipts, AvgBarcode, 
             Overall,     158247,          0,          0,     150341,      59.47, 
         Response times:
             Request,    Success,    Partial,     Failed,   SkipFail,     Probes,    Samples,      min,      p50,      p90,      p95,      p99,      max, 
       TotalPurchase,     150341,          0,          0,          0,     147229,     165388,      300,     2300,     3500,     4100,    12000,   189000,
     InStorePurchase,      79121,          0,          0,          0,      77569,      86825,      300,     2200,     3500,     4100,    12100,   189000,
      OnlinePurchase,      55396,          0,          0,          0,      54401,      61191,      300,     2400,     3600,     4200,    12200,   140000,
        InstPurchase,      15824,          0,          0,          0,      15259,      17372,      400,     2100,     3600,     4100,    10100,   141000,
          AssocOfCat,        159,          0,          0,          0,        113,        170,    19700,    26500,    35900,    40000,    73870,    76000,
      AssocOfProduct,       1584,          0,          0,          0,       1448,       1821,      500,     1600,     3300,     3800,     6734,   168000,
      BusinessReport,        394,          0,          0,          0,        323,        463,    21000,    30000,    37000,    42800,    62160,   204000,
          CustBuyBeh,       1581,          0,          0,          0,       1450,       1830,      200,     1800,     3300,     3800,    14314,   134000,
       ProductReturn,       4188,          0,          0,          0,       3912,       4580,      300,     2300,     3700,     4300,    15300,   136000,

  1898s: (20%)   IR =   2767 .[1900.056s][info][gc,start       ] GC(303) Pause Young (Prepare Mixed) (G1 Evacuation Pause)
[1900.056s][info][gc,task        ] GC(303) Using 6 workers of 6 for evacuation
[1900.172s][info][gc,phases      ] GC(303)   Pre Evacuate Collection Set: 0.39ms
[1900.172s][info][gc,phases      ] GC(303)   Merge Heap Roots: 0.53ms
[1900.172s][info][gc,phases      ] GC(303)   Evacuate Collection Set: 114.04ms
[1900.172s][info][gc,phases      ] GC(303)   Post Evacuate Collection Set: 0.96ms
[1900.172s][info][gc,phases      ] GC(303)   Other: 0.08ms
[1900.172s][info][gc,heap        ] GC(303) Eden regions: 1120->0(1116)
[1900.172s][info][gc,heap        ] GC(303) Survivor regions: 108->109(154)
[1900.172s][info][gc,heap        ] GC(303) Old regions: 500->531
[1900.172s][info][gc,heap        ] GC(303) Humongous regions: 80->80
[1900.172s][info][gc,metaspace   ] GC(303) Metaspace: 28959K(29312K)->28959K(29312K) NonClass: 24075K(24256K)->24075K(24256K) Class: 4883K(5056K)->4883K(5056K)
[1900.172s][info][gc             ] GC(303) Pause Young (Prepare Mixed) (G1 Evacuation Pause) 3612M->1437M(4096M) 116.131ms
[1900.172s][info][gc,cpu         ] GC(303) User=0.69s Sys=0.00s Real=0.12s
....|...[1906.843s][info][gc,start       ] GC(304) Pause Young (Mixed) (G1 Evacuation Pause)
[1906.843s][info][gc,task        ] GC(304) Using 6 workers of 6 for evacuation
[1906.975s][info][gc,phases      ] GC(304)   Pre Evacuate Collection Set: 0.39ms
[1906.975s][info][gc,phases      ] GC(304)   Merge Heap Roots: 0.67ms
[1906.975s][info][gc,phases      ] GC(304)   Evacuate Collection Set: 129.84ms
[1906.975s][info][gc,phases      ] GC(304)   Post Evacuate Collection Set: 1.00ms
[1906.975s][info][gc,phases      ] GC(304)   Other: 0.09ms
[1906.975s][info][gc,heap        ] GC(304) Eden regions: 1116->0(1119)
[1906.975s][info][gc,heap        ] GC(304) Survivor regions: 109->109(154)
[1906.975s][info][gc,heap        ] GC(304) Old regions: 531->468
[1906.975s][info][gc,heap        ] GC(304) Humongous regions: 80->80
[1906.975s][info][gc,metaspace   ] GC(304) Metaspace: 28959K(29312K)->28959K(29312K) NonClass: 24075K(24256K)->24075K(24256K) Class: 4883K(5056K)->4883K(5056K)
[1906.975s][info][gc             ] GC(304) Pause Young (Mixed) (G1 Evacuation Pause) 3669M->1311M(4096M) 132.119ms
[1906.975s][info][gc,cpu         ] GC(304) User=0.78s Sys=0.00s Real=0.13s
......[1913.666s][info][gc,start       ] GC(305) Pause Young (Concurrent Start) (G1 Evacuation Pause)
[1913.666s][info][gc,task        ] GC(305) Using 6 workers of 6 for evacuation
[1913.785s][info][gc,phases      ] GC(305)   Pre Evacuate Collection Set: 0.38ms
[1913.785s][info][gc,phases      ] GC(305)   Merge Heap Roots: 0.51ms
[1913.785s][info][gc,phases      ] GC(305)   Evacuate Collection Set: 116.57ms
[1913.785s][info][gc,phases      ] GC(305)   Post Evacuate Collection Set: 0.91ms
[1913.785s][info][gc,phases      ] GC(305)   Other: 0.12ms
[1913.785s][info][gc,heap        ] GC(305) Eden regions: 1119->0(1117)
[1913.785s][info][gc,heap        ] GC(305) Survivor regions: 109->111(154)
[1913.785s][info][gc,heap        ] GC(305) Old regions: 468->500
[1913.785s][info][gc,heap        ] GC(305) Humongous regions: 80->80
[1913.785s][info][gc,metaspace   ] GC(305) Metaspace: 28959K(29312K)->28959K(29312K) NonClass: 24075K(24256K)->24075K(24256K) Class: 4883K(5056K)->4883K(5056K)
[1913.785s][info][gc             ] GC(305) Pause Young (Concurrent Start) (G1 Evacuation Pause) 3549M->1379M(4096M) 118.652ms
[1913.785s][info][gc             ] GC(306) Concurrent Mark Cycle
[1913.785s][info][gc,marking     ] GC(306) Concurrent Scan Root Regions
[1913.785s][info][gc,cpu         ] GC(305) User=0.70s Sys=0.00s Real=0.12s
.[1913.914s][info][gc,marking     ] GC(306) Concurrent Scan Root Regions 129.305ms
[1913.914s][info][gc,marking     ] GC(306) Concurrent Mark
[1913.914s][info][gc,marking     ] GC(306) Concurrent Mark From Roots
[1913.914s][info][gc,task        ] GC(306) Using 2 workers of 2 for marking
[1914.513s][info][gc,marking     ] GC(306) Concurrent Mark From Roots 598.160ms
[1914.513s][info][gc,marking     ] GC(306) Concurrent Preclean
[1914.513s][info][gc,marking     ] GC(306) Concurrent Preclean 0.076ms
[1914.513s][info][gc,start       ] GC(306) Pause Remark
[1914.517s][info][gc             ] GC(306) Pause Remark 1643M->1643M(4096M) 3.452ms
[1914.517s][info][gc,cpu         ] GC(306) User=0.02s Sys=0.00s Real=0.00s
[1914.517s][info][gc,marking     ] GC(306) Concurrent Mark 602.578ms
[1914.517s][info][gc,marking     ] GC(306) Concurrent Rebuild Remembered Sets and Scrub Regions
[1914.738s][info][gc,marking     ] GC(306) Concurrent Rebuild Remembered Sets and Scrub Regions 220.913ms
[1914.738s][info][gc,start       ] GC(306) Pause Cleanup
[1914.738s][info][gc             ] GC(306) Pause Cleanup 1713M->1713M(4096M) 0.125ms
[1914.738s][info][gc,cpu         ] GC(306) User=0.00s Sys=0.00s Real=0.00s
[1914.738s][info][gc,marking     ] GC(306) Concurrent Clear Claimed Marks
[1914.738s][info][gc,marking     ] GC(306) Concurrent Clear Claimed Marks 0.027ms
[1914.738s][info][gc,marking     ] GC(306) Concurrent Cleanup for Next Mark
[1914.743s][info][gc,marking     ] GC(306) Concurrent Cleanup for Next Mark 4.571ms
[1914.743s][info][gc             ] GC(306) Concurrent Mark Cycle 957.894ms
......[1920.497s][info][gc,start       ] GC(307) Pause Young (Prepare Mixed) (G1 Evacuation Pause)
[1920.497s][info][gc,task        ] GC(307) Using 6 workers of 6 for evacuation
[1920.613s][info][gc,phases      ] GC(307)   Pre Evacuate Collection Set: 0.35ms
[1920.613s][info][gc,phases      ] GC(307)   Merge Heap Roots: 0.53ms
[1920.613s][info][gc,phases      ] GC(307)   Evacuate Collection Set: 114.12ms
[1920.613s][info][gc,phases      ] GC(307)   Post Evacuate Collection Set: 0.96ms
[1920.613s][info][gc,phases      ] GC(307)   Other: 0.09ms
[1920.613s][info][gc,heap        ] GC(307) Eden regions: 1117->0(1117)
[1920.613s][info][gc,heap        ] GC(307) Survivor regions: 111->108(154)
[1920.613s][info][gc,heap        ] GC(307) Old regions: 500->532
[1920.613s][info][gc,heap        ] GC(307) Humongous regions: 80->80
[1920.613s][info][gc,metaspace   ] GC(307) Metaspace: 28959K(29312K)->28959K(29312K) NonClass: 24075K(24256K)->24075K(24256K) Class: 4883K(5056K)->4883K(5056K)
[1920.613s][info][gc             ] GC(307) Pause Young (Prepare Mixed) (G1 Evacuation Pause) 3613M->1438M(4096M) 116.183ms
[1920.613s][info][gc,cpu         ] GC(307) User=0.69s Sys=0.00s Real=0.12s
.......[1927.382s][info][gc,start       ] GC(308) Pause Young (Mixed) (G1 Evacuation Pause)
[1927.383s][info][gc,task        ] GC(308) Using 6 workers of 6 for evacuation
[1927.514s][info][gc,phases      ] GC(308)   Pre Evacuate Collection Set: 0.44ms
[1927.514s][info][gc,phases      ] GC(308)   Merge Heap Roots: 0.71ms
[1927.514s][info][gc,phases      ] GC(308)   Evacuate Collection Set: 129.59ms
[1927.514s][info][gc,phases      ] GC(308)   Post Evacuate Collection Set: 0.99ms
[1927.514s][info][gc,phases      ] GC(308)   Other: 0.09ms
[1927.514s][info][gc,heap        ] GC(308) Eden regions: 1117->0(1120)
[1927.514s][info][gc,heap        ] GC(308) Survivor regions: 108->108(154)
[1927.514s][info][gc,heap        ] GC(308) Old regions: 532->469
[1927.514s][info][gc,heap        ] GC(308) Humongous regions: 80->80
[1927.514s][info][gc,metaspace   ] GC(308) Metaspace: 28959K(29312K)->28959K(29312K) NonClass: 24075K(24256K)->24075K(24256K) Class: 4883K(5056K)->4883K(5056K)
[1927.514s][info][gc             ] GC(308) Pause Young (Mixed) (G1 Evacuation Pause) 3672M->1311M(4096M) 131.961ms
[1927.514s][info][gc,cpu         ] GC(308) User=0.78s Sys=0.00s Real=0.13s
.......[1934.244s][info][gc,start       ] GC(309) Pause Young (Concurrent Start) (G1 Evacuation Pause)
[1934.244s][info][gc,task        ] GC(309) Using 6 workers of 6 for evacuation
[1934.360s][info][gc,phases      ] GC(309)   Pre Evacuate Collection Set: 0.43ms
[1934.360s][info][gc,phases      ] GC(309)   Merge Heap Roots: 0.49ms
[1934.360s][info][gc,phases      ] GC(309)   Evacuate Collection Set: 113.49ms
[1934.360s][info][gc,phases      ] GC(309)   Post Evacuate Collection Set: 0.92ms
[1934.360s][info][gc,phases      ] GC(309)   Other: 0.11ms
[1934.360s][info][gc,heap        ] GC(309) Eden regions: 1120->0(1120)
[1934.360s][info][gc,heap        ] GC(309) Survivor regions: 108->108(154)
[1934.360s][info][gc,heap        ] GC(309) Old regions: 469->501
[1934.360s][info][gc,heap        ] GC(309) Humongous regions: 80->80
[1934.360s][info][gc,metaspace   ] GC(309) Metaspace: 28959K(29312K)->28959K(29312K) NonClass: 24075K(24256K)->24075K(24256K) Class: 4883K(5056K)->4883K(5056K)
[1934.360s][info][gc             ] GC(309) Pause Young (Concurrent Start) (G1 Evacuation Pause) 3551M->1375M(4096M) 115.579ms
[1934.360s][info][gc             ] GC(310) Concurrent Mark Cycle
[1934.360s][info][gc,marking     ] GC(310) Concurrent Scan Root Regions
[1934.360s][info][gc,cpu         ] GC(309) User=0.68s Sys=0.00s Real=0.11s
[1934.488s][info][gc,marking     ] GC(310) Concurrent Scan Root Regions 128.198ms
[1934.488s][info][gc,marking     ] GC(310) Concurrent Mark
[1934.488s][info][gc,marking     ] GC(310) Concurrent Mark From Roots
[1934.488s][info][gc,task        ] GC(310) Using 2 workers of 2 for marking
.[1935.098s][info][gc,marking     ] GC(310) Concurrent Mark From Roots 609.551ms
[1935.098s][info][gc,marking     ] GC(310) Concurrent Preclean
[1935.098s][info][gc,marking     ] GC(310) Concurrent Preclean 0.045ms
[1935.098s][info][gc,start       ] GC(310) Pause Remark
[1935.101s][info][gc             ] GC(310) Pause Remark 1637M->1637M(4096M) 3.291ms
[1935.101s][info][gc,cpu         ] GC(310) User=0.02s Sys=0.00s Real=0.00s
[1935.101s][info][gc,marking     ] GC(310) Concurrent Mark 613.151ms
[1935.101s][info][gc,marking     ] GC(310) Concurrent Rebuild Remembered Sets and Scrub Regions
[1935.357s][info][gc,marking     ] GC(310) Concurrent Rebuild Remembered Sets and Scrub Regions 256.163ms
[1935.357s][info][gc,start       ] GC(310) Pause Cleanup
[1935.358s][info][gc             ] GC(310) Pause Cleanup 1738M->1738M(4096M) 0.127ms
[1935.358s][info][gc,cpu         ] GC(310) User=0.00s Sys=0.00s Real=0.00s
[1935.358s][info][gc,marking     ] GC(310) Concurrent Clear Claimed Marks
[1935.358s][info][gc,marking     ] GC(310) Concurrent Clear Claimed Marks 0.031ms
[1935.358s][info][gc,marking     ] GC(310) Concurrent Cleanup for Next Mark
[1935.361s][info][gc,marking     ] GC(310) Concurrent Cleanup for Next Mark 3.221ms
[1935.361s][info][gc             ] GC(310) Concurrent Mark Cycle 1001.199ms
......[1941.051s][info][gc,start       ] GC(311) Pause Young (Prepare Mixed) (G1 Evacuation Pause)
[1941.051s][info][gc,task        ] GC(311) Using 6 workers of 6 for evacuation
[1941.168s][info][gc,phases      ] GC(311)   Pre Evacuate Collection Set: 0.37ms
[1941.168s][info][gc,phases      ] GC(311)   Merge Heap Roots: 0.50ms
[1941.168s][info][gc,phases      ] GC(311)   Evacuate Collection Set: 114.78ms
[1941.168s][info][gc,phases      ] GC(311)   Post Evacuate Collection Set: 0.96ms
[1941.168s][info][gc,phases      ] GC(311)   Other: 0.09ms
[1941.168s][info][gc,heap        ] GC(311) Eden regions: 1120->0(1111)
[1941.168s][info][gc,heap        ] GC(311) Survivor regions: 108->110(154)
[1941.168s][info][gc,heap        ] GC(311) Old regions: 501->534
[1941.168s][info][gc,heap        ] GC(311) Humongous regions: 80->80
[1941.168s][info][gc,metaspace   ] GC(311) Metaspace: 28959K(29312K)->28959K(29312K) NonClass: 24075K(24256K)->24075K(24256K) Class: 4883K(5056K)->4883K(5056K)
[1941.168s][info][gc             ] GC(311) Pause Young (Prepare Mixed) (G1 Evacuation Pause) 3615M->1444M(4096M) 116.849ms
[1941.168s][info][gc,cpu         ] GC(311) User=0.69s Sys=0.00s Real=0.12s
.......[1948.018s][info][gc,start       ] GC(312) Pause Young (Mixed) (G1 Evacuation Pause)
[1948.018s][info][gc,task        ] GC(312) Using 6 workers of 6 for evacuation
[1948.152s][info][gc,phases      ] GC(312)   Pre Evacuate Collection Set: 0.40ms
[1948.152s][info][gc,phases      ] GC(312)   Merge Heap Roots: 0.67ms
[1948.152s][info][gc,phases      ] GC(312)   Evacuate Collection Set: 132.44ms
[1948.152s][info][gc,phases      ] GC(312)   Post Evacuate Collection Set: 1.00ms
[1948.152s][info][gc,phases      ] GC(312)   Other: 0.09ms
[1948.152s][info][gc,heap        ] GC(312) Eden regions: 1111->0(1119)
[1948.152s][info][gc,heap        ] GC(312) Survivor regions: 110->109(153)
[1948.152s][info][gc,heap        ] GC(312) Old regions: 534->471
[1948.152s][info][gc,heap        ] GC(312) Humongous regions: 80->80
[1948.152s][info][gc,metaspace   ] GC(312) Metaspace: 28959K(29312K)->28959K(29312K) NonClass: 24075K(24256K)->24075K(24256K) Class: 4883K(5056K)->4883K(5056K)
[1948.153s][info][gc             ] GC(312) Pause Young (Mixed) (G1 Evacuation Pause) 3666M->1317M(4096M) 134.733ms
[1948.153s][info][gc,cpu         ] GC(312) User=0.80s Sys=0.00s Real=0.14s
.......[1954.856s][info][gc,start       ] GC(313) Pause Young (Concurrent Start) (G1 Evacuation Pause)
[1954.856s][info][gc,task        ] GC(313) Using 6 workers of 6 for evacuation
[1954.972s][info][gc,phases      ] GC(313)   Pre Evacuate Collection Set: 0.43ms
[1954.972s][info][gc,phases      ] GC(313)   Merge Heap Roots: 0.47ms
[1954.972s][info][gc,phases      ] GC(313)   Evacuate Collection Set: 114.24ms
[1954.972s][info][gc,phases      ] GC(313)   Post Evacuate Collection Set: 0.93ms
[1954.973s][info][gc,phases      ] GC(313)   Other: 0.10ms
[1954.973s][info][gc,heap        ] GC(313) Eden regions: 1119->0(1118)
[1954.973s][info][gc,heap        ] GC(313) Survivor regions: 109->110(154)
[1954.973s][info][gc,heap        ] GC(313) Old regions: 471->503
[1954.973s][info][gc,heap        ] GC(313) Humongous regions: 80->80
[1954.973s][info][gc,metaspace   ] GC(313) Metaspace: 28959K(29312K)->28959K(29312K) NonClass: 24075K(24256K)->24075K(24256K) Class: 4883K(5056K)->4883K(5056K)
[1954.973s][info][gc             ] GC(313) Pause Young (Concurrent Start) (G1 Evacuation Pause) 3555M->1382M(4096M) 116.303ms
[1954.973s][info][gc             ] GC(314) Concurrent Mark Cycle
[1954.973s][info][gc,marking     ] GC(314) Concurrent Scan Root Regions
[1954.973s][info][gc,cpu         ] GC(313) User=0.69s Sys=0.00s Real=0.12s
[1955.121s][info][gc,marking     ] GC(314) Concurrent Scan Root Regions 147.889ms
[1955.121s][info][gc,marking     ] GC(314) Concurrent Mark
[1955.121s][info][gc,marking     ] GC(314) Concurrent Mark From Roots
[1955.121s][info][gc,task        ] GC(314) Using 2 workers of 2 for marking
[1955.744s][info][gc,marking     ] GC(314) Concurrent Mark From Roots 623.685ms
[1955.744s][info][gc,marking     ] GC(314) Concurrent Preclean
[1955.744s][info][gc,marking     ] GC(314) Concurrent Preclean 0.055ms
[1955.744s][info][gc,start       ] GC(314) Pause Remark
[1955.748s][info][gc             ] GC(314) Pause Remark 1706M->1706M(4096M) 3.504ms
[1955.748s][info][gc,cpu         ] GC(314) User=0.02s Sys=0.00s Real=0.00s
[1955.748s][info][gc,marking     ] GC(314) Concurrent Mark 627.526ms
[1955.748s][info][gc,marking     ] GC(314) Concurrent Rebuild Remembered Sets and Scrub Regions
.[1955.962s][info][gc,marking     ] GC(314) Concurrent Rebuild Remembered Sets and Scrub Regions 214.153ms
[1955.962s][info][gc,start       ] GC(314) Pause Cleanup
[1955.963s][info][gc             ] GC(314) Pause Cleanup 1770M->1770M(4096M) 0.131ms
[1955.963s][info][gc,cpu         ] GC(314) User=0.00s Sys=0.00s Real=0.00s
[1955.963s][info][gc,marking     ] GC(314) Concurrent Clear Claimed Marks
[1955.963s][info][gc,marking     ] GC(314) Concurrent Clear Claimed Marks 0.031ms
[1955.963s][info][gc,marking     ] GC(314) Concurrent Cleanup for Next Mark
[1955.966s][info][gc,marking     ] GC(314) Concurrent Cleanup for Next Mark 3.249ms
[1955.966s][info][gc             ] GC(314) Concurrent Mark Cycle 993.300ms
.....[1961.614s][info][gc,start       ] GC(315) Pause Young (Prepare Mixed) (G1 Evacuation Pause)
[1961.614s][info][gc,task        ] GC(315) Using 6 workers of 6 for evacuation
[1961.730s][info][gc,phases      ] GC(315)   Pre Evacuate Collection Set: 0.38ms
[1961.730s][info][gc,phases      ] GC(315)   Merge Heap Roots: 0.54ms
[1961.730s][info][gc,phases      ] GC(315)   Evacuate Collection Set: 113.66ms
[1961.730s][info][gc,phases      ] GC(315)   Post Evacuate Collection Set: 0.96ms
[1961.730s][info][gc,phases      ] GC(315)   Other: 0.09ms
[1961.730s][info][gc,heap        ] GC(315) Eden regions: 1118->0(1114)
[1961.730s][info][gc,heap        ] GC(315) Survivor regions: 110->108(154)
[1961.730s][info][gc,heap        ] GC(315) Old regions: 503->535
[1961.730s][info][gc,heap        ] GC(315) Humongous regions: 80->80
[1961.730s][info][gc,metaspace   ] GC(315) Metaspace: 28959K(29312K)->28959K(29312K) NonClass: 24075K(24256K)->24075K(24256K) Class: 4883K(5056K)->4883K(5056K)
[1961.730s][info][gc             ] GC(315) Pause Young (Prepare Mixed) (G1 Evacuation Pause) 3618M->1444M(4096M) 115.747ms
[1961.730s][info][gc,cpu         ] GC(315) User=0.69s Sys=0.00s Real=0.11s
... (rIR:aIR:PR = 2767:2766:2766) (tPR = 41174) [OK] 
  1963s: Performance info:
         Transaction,    Success,    Partial,     Failed,   Receipts, AvgBarcode, 
             Overall,     166088,          0,          0,     157769,      59.47, 
         Response times:
             Request,    Success,    Partial,     Failed,   SkipFail,     Probes,    Samples,      min,      p50,      p90,      p95,      p99,      max, 
       TotalPurchase,     157769,          0,          0,          0,     154797,     169096,      300,     2400,     3800,     4400,    16400,   181000,
     InStorePurchase,      83015,          0,          0,          0,      81756,      89252,      300,     2400,     3800,     4500,    17000,   155000,
      OnlinePurchase,      58127,          0,          0,          0,      56860,      61962,      300,     2300,     3800,     4400,    16337,   179000,
        InstPurchase,      16627,          0,          0,          0,      16181,      17882,      400,     2300,     3600,     4200,    14817,   181000,
          AssocOfCat,        167,          0,          0,          0,        114,        169,    19500,    27000,    34000,    38000,    47700,    54000,
      AssocOfProduct,       1661,          0,          0,          0,       1455,       1699,      600,     2600,     4000,     4700,    18800,   135000,
      BusinessReport,        416,          0,          0,          0,        348,        450,    19900,    29000,    39000,    47000,    66980,   189000,
          CustBuyBeh,       1664,          0,          0,          0,       1489,       1773,      600,     1700,     3300,     3800,    10578,    50000,
       ProductReturn,       4411,          0,          0,          0,       4138,       4775,      200,     2300,     3900,     4400,    19500,   155000,

  1963s: (21%)   IR =   2906 ....[1968.299s][info][gc,start       ] GC(316) Pause Young (Mixed) (G1 Evacuation Pause)
[1968.299s][info][gc,task        ] GC(316) Using 6 workers of 6 for evacuation
[1968.430s][info][gc,phases      ] GC(316)   Pre Evacuate Collection Set: 0.40ms
[1968.430s][info][gc,phases      ] GC(316)   Merge Heap Roots: 0.69ms
[1968.430s][info][gc,phases      ] GC(316)   Evacuate Collection Set: 129.47ms
[1968.430s][info][gc,phases      ] GC(316)   Post Evacuate Collection Set: 0.98ms
[1968.430s][info][gc,phases      ] GC(316)   Other: 0.10ms
[1968.430s][info][gc,heap        ] GC(316) Eden regions: 1114->0(1120)
[1968.430s][info][gc,heap        ] GC(316) Survivor regions: 108->108(153)
[1968.430s][info][gc,heap        ] GC(316) Old regions: 535->470
[1968.430s][info][gc,heap        ] GC(316) Humongous regions: 80->80
[1968.430s][info][gc,metaspace   ] GC(316) Metaspace: 28959K(29312K)->28959K(29312K) NonClass: 24075K(24256K)->24075K(24256K) Class: 4883K(5056K)->4883K(5056K)
[1968.430s][info][gc             ] GC(316) Pause Young (Mixed) (G1 Evacuation Pause) 3672M->1313M(4096M) 131.780ms
[1968.431s][info][gc,cpu         ] GC(316) User=0.78s Sys=0.01s Real=0.13s
...|...[1974.725s][info][gc,start       ] GC(317) Pause Young (Concurrent Start) (G1 Evacuation Pause)
[1974.725s][info][gc,task        ] GC(317) Using 6 workers of 6 for evacuation
[1974.841s][info][gc,phases      ] GC(317)   Pre Evacuate Collection Set: 0.41ms
[1974.841s][info][gc,phases      ] GC(317)   Merge Heap Roots: 0.47ms
[1974.841s][info][gc,phases      ] GC(317)   Evacuate Collection Set: 114.36ms
[1974.841s][info][gc,phases      ] GC(317)   Post Evacuate Collection Set: 0.93ms
[1974.841s][info][gc,phases      ] GC(317)   Other: 0.11ms
[1974.841s][info][gc,heap        ] GC(317) Eden regions: 1120->0(1118)
[1974.841s][info][gc,heap        ] GC(317) Survivor regions: 108->110(154)
[1974.841s][info][gc,heap        ] GC(317) Old regions: 470->501
[1974.841s][info][gc,heap        ] GC(317) Humongous regions: 80->80
[1974.841s][info][gc,metaspace   ] GC(317) Metaspace: 28959K(29312K)->28959K(29312K) NonClass: 24075K(24256K)->24075K(24256K) Class: 4883K(5056K)->4883K(5056K)
[1974.841s][info][gc             ] GC(317) Pause Young (Concurrent Start) (G1 Evacuation Pause) 3553M->1379M(4096M) 116.420ms
[1974.841s][info][gc             ] GC(318) Concurrent Mark Cycle
[1974.841s][info][gc,marking     ] GC(318) Concurrent Scan Root Regions
[1974.841s][info][gc,cpu         ] GC(317) User=0.68s Sys=0.00s Real=0.11s
.[1974.949s][info][gc,marking     ] GC(318) Concurrent Scan Root Regions 107.829ms
[1974.949s][info][gc,marking     ] GC(318) Concurrent Mark
[1974.949s][info][gc,marking     ] GC(318) Concurrent Mark From Roots
[1974.949s][info][gc,task        ] GC(318) Using 2 workers of 2 for marking
[1975.471s][info][gc,marking     ] GC(318) Concurrent Mark From Roots 521.415ms
[1975.471s][info][gc,marking     ] GC(318) Concurrent Preclean
[1975.471s][info][gc,marking     ] GC(318) Concurrent Preclean 0.080ms
[1975.471s][info][gc,start       ] GC(318) Pause Remark
[1975.475s][info][gc             ] GC(318) Pause Remark 1607M->1607M(4096M) 3.445ms
[1975.475s][info][gc,cpu         ] GC(318) User=0.02s Sys=0.00s Real=0.01s
[1975.475s][info][gc,marking     ] GC(318) Concurrent Mark 526.033ms
[1975.475s][info][gc,marking     ] GC(318) Concurrent Rebuild Remembered Sets and Scrub Regions
[1975.676s][info][gc,marking     ] GC(318) Concurrent Rebuild Remembered Sets and Scrub Regions 201.031ms
[1975.676s][info][gc,start       ] GC(318) Pause Cleanup
[1975.677s][info][gc             ] GC(318) Pause Cleanup 1689M->1689M(4096M) 0.131ms
[1975.677s][info][gc,cpu         ] GC(318) User=0.00s Sys=0.00s Real=0.00s
[1975.677s][info][gc,marking     ] GC(318) Concurrent Clear Claimed Marks
[1975.677s][info][gc,marking     ] GC(318) Concurrent Clear Claimed Marks 0.027ms
[1975.677s][info][gc,marking     ] GC(318) Concurrent Cleanup for Next Mark
[1975.680s][info][gc,marking     ] GC(318) Concurrent Cleanup for Next Mark 3.386ms
[1975.680s][info][gc             ] GC(318) Concurrent Mark Cycle 838.826ms
......[1981.234s][info][gc,start       ] GC(319) Pause Young (Prepare Mixed) (G1 Evacuation Pause)
[1981.234s][info][gc,task        ] GC(319) Using 6 workers of 6 for evacuation
[1981.349s][info][gc,phases      ] GC(319)   Pre Evacuate Collection Set: 0.38ms
[1981.349s][info][gc,phases      ] GC(319)   Merge Heap Roots: 0.55ms
[1981.349s][info][gc,phases      ] GC(319)   Evacuate Collection Set: 113.56ms
[1981.349s][info][gc,phases      ] GC(319)   Post Evacuate Collection Set: 0.94ms
[1981.349s][info][gc,phases      ] GC(319)   Other: 0.09ms
[1981.349s][info][gc,heap        ] GC(319) Eden regions: 1118->0(1117)
[1981.349s][info][gc,heap        ] GC(319) Survivor regions: 110->107(154)
[1981.349s][info][gc,heap        ] GC(319) Old regions: 501->534
[1981.349s][info][gc,heap        ] GC(319) Humongous regions: 80->80
[1981.349s][info][gc,metaspace   ] GC(319) Metaspace: 28959K(29312K)->28959K(29312K) NonClass: 24075K(24256K)->24075K(24256K) Class: 4883K(5056K)->4883K(5056K)
[1981.349s][info][gc             ] GC(319) Pause Young (Prepare Mixed) (G1 Evacuation Pause) 3615M->1439M(4096M) 115.677ms
[1981.349s][info][gc,cpu         ] GC(319) User=0.68s Sys=0.01s Real=0.11s
......[1987.739s][info][gc,start       ] GC(320) Pause Young (Mixed) (G1 Evacuation Pause)
[1987.739s][info][gc,task        ] GC(320) Using 6 workers of 6 for evacuation
[1987.871s][info][gc,phases      ] GC(320)   Pre Evacuate Collection Set: 0.42ms
[1987.871s][info][gc,phases      ] GC(320)   Merge Heap Roots: 0.64ms
[1987.871s][info][gc,phases      ] GC(320)   Evacuate Collection Set: 129.36ms
[1987.871s][info][gc,phases      ] GC(320)   Post Evacuate Collection Set: 0.98ms
[1987.871s][info][gc,phases      ] GC(320)   Other: 0.09ms
[1987.871s][info][gc,heap        ] GC(320) Eden regions: 1117->0(1120)
[1987.871s][info][gc,heap        ] GC(320) Survivor regions: 107->108(153)
[1987.871s][info][gc,heap        ] GC(320) Old regions: 534->469
[1987.871s][info][gc,heap        ] GC(320) Humongous regions: 80->80
[1987.871s][info][gc,metaspace   ] GC(320) Metaspace: 28959K(29312K)->28959K(29312K) NonClass: 24075K(24256K)->24075K(24256K) Class: 4883K(5056K)->4883K(5056K)
[1987.871s][info][gc             ] GC(320) Pause Young (Mixed) (G1 Evacuation Pause) 3673M->1312M(4096M) 131.631ms
[1987.871s][info][gc,cpu         ] GC(320) User=0.78s Sys=0.00s Real=0.13s
.......[1994.300s][info][gc,start       ] GC(321) Pause Young (Concurrent Start) (G1 Evacuation Pause)
[1994.300s][info][gc,task        ] GC(321) Using 6 workers of 6 for evacuation
[1994.417s][info][gc,phases      ] GC(321)   Pre Evacuate Collection Set: 0.43ms
[1994.417s][info][gc,phases      ] GC(321)   Merge Heap Roots: 0.48ms
[1994.417s][info][gc,phases      ] GC(321)   Evacuate Collection Set: 114.68ms
[1994.417s][info][gc,phases      ] GC(321)   Post Evacuate Collection Set: 0.92ms
[1994.417s][info][gc,phases      ] GC(321)   Other: 0.11ms
[1994.417s][info][gc,heap        ] GC(321) Eden regions: 1120->0(1120)
[1994.417s][info][gc,heap        ] GC(321) Survivor regions: 108->108(154)
[1994.417s][info][gc,heap        ] GC(321) Old regions: 469->501
[1994.417s][info][gc,heap        ] GC(321) Humongous regions: 80->80
[1994.417s][info][gc,metaspace   ] GC(321) Metaspace: 28959K(29312K)->28959K(29312K) NonClass: 24075K(24256K)->24075K(24256K) Class: 4883K(5056K)->4883K(5056K)
[1994.417s][info][gc             ] GC(321) Pause Young (Concurrent Start) (G1 Evacuation Pause) 3552M->1376M(4096M) 116.752ms
[1994.417s][info][gc             ] GC(322) Concurrent Mark Cycle
[1994.417s][info][gc,marking     ] GC(322) Concurrent Scan Root Regions
[1994.417s][info][gc,cpu         ] GC(321) User=0.69s Sys=0.00s Real=0.12s
[1994.543s][info][gc,marking     ] GC(322) Concurrent Scan Root Regions 125.617ms
[1994.543s][info][gc,marking     ] GC(322) Concurrent Mark
[1994.543s][info][gc,marking     ] GC(322) Concurrent Mark From Roots
[1994.543s][info][gc,task        ] GC(322) Using 2 workers of 2 for marking
.[1995.114s][info][gc,marking     ] GC(322) Concurrent Mark From Roots 570.788ms
[1995.114s][info][gc,marking     ] GC(322) Concurrent Preclean
[1995.114s][info][gc,marking     ] GC(322) Concurrent Preclean 0.060ms
[1995.114s][info][gc,start       ] GC(322) Pause Remark
[1995.117s][info][gc             ] GC(322) Pause Remark 1642M->1642M(4096M) 3.289ms
[1995.117s][info][gc,cpu         ] GC(322) User=0.02s Sys=0.00s Real=0.00s
[1995.117s][info][gc,marking     ] GC(322) Concurrent Mark 574.422ms
[1995.117s][info][gc,marking     ] GC(322) Concurrent Rebuild Remembered Sets and Scrub Regions
[1995.354s][info][gc,marking     ] GC(322) Concurrent Rebuild Remembered Sets and Scrub Regions 236.661ms
[1995.354s][info][gc,start       ] GC(322) Pause Cleanup
[1995.354s][info][gc             ] GC(322) Pause Cleanup 1719M->1719M(4096M) 0.121ms
[1995.354s][info][gc,cpu         ] GC(322) User=0.00s Sys=0.00s Real=0.00s
[1995.354s][info][gc,marking     ] GC(322) Concurrent Clear Claimed Marks
[1995.354s][info][gc,marking     ] GC(322) Concurrent Clear Claimed Marks 0.029ms
[1995.354s][info][gc,marking     ] GC(322) Concurrent Cleanup for Next Mark
[1995.358s][info][gc,marking     ] GC(322) Concurrent Cleanup for Next Mark 3.278ms
[1995.358s][info][gc             ] GC(322) Concurrent Mark Cycle 940.491ms
......[2000.908s][info][gc,start       ] GC(323) Pause Young (Prepare Mixed) (G1 Evacuation Pause)
[2000.908s][info][gc,task        ] GC(323) Using 6 workers of 6 for evacuation
[2001.025s][info][gc,phases      ] GC(323)   Pre Evacuate Collection Set: 0.38ms
[2001.025s][info][gc,phases      ] GC(323)   Merge Heap Roots: 0.52ms
[2001.025s][info][gc,phases      ] GC(323)   Evacuate Collection Set: 114.26ms
[2001.025s][info][gc,phases      ] GC(323)   Post Evacuate Collection Set: 0.96ms
[2001.025s][info][gc,phases      ] GC(323)   Other: 0.10ms
[2001.025s][info][gc,heap        ] GC(323) Eden regions: 1120->0(1112)
[2001.025s][info][gc,heap        ] GC(323) Survivor regions: 108->110(154)
[2001.025s][info][gc,heap        ] GC(323) Old regions: 501->533
[2001.025s][info][gc,heap        ] GC(323) Humongous regions: 80->80
[2001.025s][info][gc,metaspace   ] GC(323) Metaspace: 28959K(29312K)->28959K(29312K) NonClass: 24075K(24256K)->24075K(24256K) Class: 4883K(5056K)->4883K(5056K)
[2001.025s][info][gc             ] GC(323) Pause Young (Prepare Mixed) (G1 Evacuation Pause) 3616M->1443M(4096M) 116.337ms
[2001.025s][info][gc,cpu         ] GC(323) User=0.68s Sys=0.00s Real=0.12s
......[2007.377s][info][gc,start       ] GC(324) Pause Young (Mixed) (G1 Evacuation Pause)
[2007.377s][info][gc,task        ] GC(324) Using 6 workers of 6 for evacuation
[2007.509s][info][gc,phases      ] GC(324)   Pre Evacuate Collection Set: 0.45ms
[2007.509s][info][gc,phases      ] GC(324)   Merge Heap Roots: 0.68ms
[2007.509s][info][gc,phases      ] GC(324)   Evacuate Collection Set: 129.98ms
[2007.509s][info][gc,phases      ] GC(324)   Post Evacuate Collection Set: 0.94ms
[2007.509s][info][gc,phases      ] GC(324)   Other: 0.09ms
[2007.509s][info][gc,heap        ] GC(324) Eden regions: 1112->0(1119)
[2007.509s][info][gc,heap        ] GC(324) Survivor regions: 110->109(153)
[2007.509s][info][gc,heap        ] GC(324) Old regions: 533->470
[2007.509s][info][gc,heap        ] GC(324) Humongous regions: 80->80
[2007.509s][info][gc,metaspace   ] GC(324) Metaspace: 28959K(29312K)->28959K(29312K) NonClass: 24075K(24256K)->24075K(24256K) Class: 4883K(5056K)->4883K(5056K)
[2007.509s][info][gc             ] GC(324) Pause Young (Mixed) (G1 Evacuation Pause) 3667M->1314M(4096M) 132.269ms
[2007.509s][info][gc,cpu         ] GC(324) User=0.78s Sys=0.00s Real=0.13s
......[2013.858s][info][gc,start       ] GC(325) Pause Young (Concurrent Start) (G1 Evacuation Pause)
[2013.859s][info][gc,task        ] GC(325) Using 6 workers of 6 for evacuation
[2013.975s][info][gc,phases      ] GC(325)   Pre Evacuate Collection Set: 0.41ms
[2013.975s][info][gc,phases      ] GC(325)   Merge Heap Roots: 0.49ms
[2013.975s][info][gc,phases      ] GC(325)   Evacuate Collection Set: 114.28ms
[2013.975s][info][gc,phases      ] GC(325)   Post Evacuate Collection Set: 0.91ms
[2013.975s][info][gc,phases      ] GC(325)   Other: 0.12ms
[2013.975s][info][gc,heap        ] GC(325) Eden regions: 1119->0(1119)
[2013.975s][info][gc,heap        ] GC(325) Survivor regions: 109->109(154)
[2013.975s][info][gc,heap        ] GC(325) Old regions: 470->502
[2013.975s][info][gc,heap        ] GC(325) Humongous regions: 80->80
[2013.975s][info][gc,metaspace   ] GC(325) Metaspace: 28959K(29312K)->28959K(29312K) NonClass: 24075K(24256K)->24075K(24256K) Class: 4883K(5056K)->4883K(5056K)
[2013.975s][info][gc             ] GC(325) Pause Young (Concurrent Start) (G1 Evacuation Pause) 3552M->1379M(4096M) 116.350ms
[2013.975s][info][gc             ] GC(326) Concurrent Mark Cycle
[2013.975s][info][gc,marking     ] GC(326) Concurrent Scan Root Regions
[2013.975s][info][gc,cpu         ] GC(325) User=0.69s Sys=0.00s Real=0.12s
.[2014.100s][info][gc,marking     ] GC(326) Concurrent Scan Root Regions 125.572ms
[2014.101s][info][gc,marking     ] GC(326) Concurrent Mark
[2014.101s][info][gc,marking     ] GC(326) Concurrent Mark From Roots
[2014.101s][info][gc,task        ] GC(326) Using 2 workers of 2 for marking
[2014.664s][info][gc,marking     ] GC(326) Concurrent Mark From Roots 563.364ms
[2014.664s][info][gc,marking     ] GC(326) Concurrent Preclean
[2014.664s][info][gc,marking     ] GC(326) Concurrent Preclean 0.064ms
[2014.664s][info][gc,start       ] GC(326) Pause Remark
[2014.668s][info][gc             ] GC(326) Pause Remark 1655M->1655M(4096M) 3.443ms
[2014.668s][info][gc,cpu         ] GC(326) User=0.01s Sys=0.00s Real=0.00s
[2014.668s][info][gc,marking     ] GC(326) Concurrent Mark 567.138ms
[2014.668s][info][gc,marking     ] GC(326) Concurrent Rebuild Remembered Sets and Scrub Regions
[2014.890s][info][gc,marking     ] GC(326) Concurrent Rebuild Remembered Sets and Scrub Regions 222.166ms
[2014.890s][info][gc,start       ] GC(326) Pause Cleanup
[2014.890s][info][gc             ] GC(326) Pause Cleanup 1741M->1741M(4096M) 0.129ms
[2014.890s][info][gc,cpu         ] GC(326) User=0.00s Sys=0.00s Real=0.00s
[2014.890s][info][gc,marking     ] GC(326) Concurrent Clear Claimed Marks
[2014.890s][info][gc,marking     ] GC(326) Concurrent Clear Claimed Marks 0.025ms
[2014.890s][info][gc,marking     ] GC(326) Concurrent Cleanup for Next Mark
[2014.894s][info][gc,marking     ] GC(326) Concurrent Cleanup for Next Mark 3.345ms
[2014.894s][info][gc             ] GC(326) Concurrent Mark Cycle 918.667ms
......[2020.404s][info][gc,start       ] GC(327) Pause Young (Prepare Mixed) (G1 Evacuation Pause)
[2020.404s][info][gc,task        ] GC(327) Using 6 workers of 6 for evacuation
[2020.524s][info][gc,phases      ] GC(327)   Pre Evacuate Collection Set: 0.40ms
[2020.524s][info][gc,phases      ] GC(327)   Merge Heap Roots: 0.57ms
[2020.524s][info][gc,phases      ] GC(327)   Evacuate Collection Set: 117.96ms
[2020.524s][info][gc,phases      ] GC(327)   Post Evacuate Collection Set: 0.97ms
[2020.524s][info][gc,phases      ] GC(327)   Other: 0.09ms
[2020.524s][info][gc,heap        ] GC(327) Eden regions: 1119->0(1111)
[2020.524s][info][gc,heap        ] GC(327) Survivor regions: 109->110(154)
[2020.524s][info][gc,heap        ] GC(327) Old regions: 502->534
[2020.524s][info][gc,heap        ] GC(327) Humongous regions: 80->80
[2020.524s][info][gc,metaspace   ] GC(327) Metaspace: 28959K(29312K)->28959K(29312K) NonClass: 24075K(24256K)->24075K(24256K) Class: 4883K(5056K)->4883K(5056K)
[2020.524s][info][gc             ] GC(327) Pause Young (Prepare Mixed) (G1 Evacuation Pause) 3617M->1445M(4096M) 120.136ms
[2020.524s][info][gc,cpu         ] GC(327) User=0.71s Sys=0.00s Real=0.12s
......[2026.872s][info][gc,start       ] GC(328) Pause Young (Mixed) (G1 Evacuation Pause)
[2026.872s][info][gc,task        ] GC(328) Using 6 workers of 6 for evacuation
[2027.003s][info][gc,phases      ] GC(328)   Pre Evacuate Collection Set: 0.44ms
[2027.003s][info][gc,phases      ] GC(328)   Merge Heap Roots: 0.65ms
[2027.003s][info][gc,phases      ] GC(328)   Evacuate Collection Set: 128.70ms
[2027.003s][info][gc,phases      ] GC(328)   Post Evacuate Collection Set: 1.01ms
[2027.003s][info][gc,phases      ] GC(328)   Other: 0.09ms
[2027.003s][info][gc,heap        ] GC(328) Eden regions: 1111->0(1119)
[2027.003s][info][gc,heap        ] GC(328) Survivor regions: 110->109(153)
[2027.003s][info][gc,heap        ] GC(328) Old regions: 534->470
[2027.003s][info][gc,heap        ] GC(328) Humongous regions: 80->80
[2027.003s][info][gc,metaspace   ] GC(328) Metaspace: 28959K(29312K)->28959K(29312K) NonClass: 24075K(24256K)->24075K(24256K) Class: 4883K(5056K)->4883K(5056K)
[2027.003s][info][gc             ] GC(328) Pause Young (Mixed) (G1 Evacuation Pause) 3667M->1314M(4096M) 131.022ms
[2027.003s][info][gc,cpu         ] GC(328) User=0.77s Sys=0.00s Real=0.14s
..... (rIR:aIR:PR = 2906:2905:2905) (tPR = 43078) [OK] 
  2030s: Performance info:
         Transaction,    Success,    Partial,     Failed,   Receipts, AvgBarcode, 
             Overall,     174757,          0,          0,     166021,      59.48, 
         Response times:
             Request,    Success,    Partial,     Failed,   SkipFail,     Probes,    Samples,      min,      p50,      p90,      p95,      p99,      max, 
       TotalPurchase,     166021,          0,          0,          0,     161997,     182660,      300,     2400,     3900,     4700,    18400,   179000,
     InStorePurchase,      87400,          0,          0,          0,      85499,      96224,      300,     2500,     4000,     4800,    19200,   156000,
      OnlinePurchase,      61127,          0,          0,          0,      59674,      67238,      300,     2200,     3800,     4500,    16300,   179000,
        InstPurchase,      17494,          0,          0,          0,      16824,      19198,      400,     2700,     4000,     4900,    21000,   179000,
          AssocOfCat,        176,          0,          0,          0,        121,        175,    19000,    27000,    33000,    36200,    55440,    60000,
      AssocOfProduct,       1739,          0,          0,          0,       1580,       1950,      700,     3400,     4600,     5900,    35000,   140000,
      BusinessReport,        436,          0,          0,          0,        365,        507,    22000,    30000,    38000,    46000,    67440,   188000,
          CustBuyBeh,       1744,          0,          0,          0,       1564,       1930,      200,     2400,     3700,     4500,    18176,   134000,
       ProductReturn,       4641,          0,          0,          0,       4354,       5107,      300,     2200,     3700,     4600,    16292,   122000,

  2030s: (22%)   IR =   3044 ..[2033.292s][info][gc,start       ] GC(329) Pause Young (Concurrent Start) (G1 Evacuation Pause)
[2033.292s][info][gc,task        ] GC(329) Using 6 workers of 6 for evacuation
[2033.408s][info][gc,phases      ] GC(329)   Pre Evacuate Collection Set: 0.42ms
[2033.408s][info][gc,phases      ] GC(329)   Merge Heap Roots: 0.51ms
[2033.408s][info][gc,phases      ] GC(329)   Evacuate Collection Set: 113.34ms
[2033.408s][info][gc,phases      ] GC(329)   Post Evacuate Collection Set: 0.95ms
[2033.408s][info][gc,phases      ] GC(329)   Other: 0.16ms
[2033.408s][info][gc,heap        ] GC(329) Eden regions: 1119->0(1120)
[2033.408s][info][gc,heap        ] GC(329) Survivor regions: 109->108(154)
[2033.408s][info][gc,heap        ] GC(329) Old regions: 470->502
[2033.408s][info][gc,heap        ] GC(329) Humongous regions: 80->80
[2033.408s][info][gc,metaspace   ] GC(329) Metaspace: 28959K(29312K)->28959K(29312K) NonClass: 24075K(24256K)->24075K(24256K) Class: 4883K(5056K)->4883K(5056K)
[2033.408s][info][gc             ] GC(329) Pause Young (Concurrent Start) (G1 Evacuation Pause) 3552M->1377M(4096M) 115.492ms
[2033.408s][info][gc             ] GC(330) Concurrent Mark Cycle
[2033.408s][info][gc,marking     ] GC(330) Concurrent Scan Root Regions
[2033.408s][info][gc,cpu         ] GC(329) User=0.69s Sys=0.00s Real=0.11s
[2033.569s][info][gc,marking     ] GC(330) Concurrent Scan Root Regions 160.861ms
[2033.569s][info][gc,marking     ] GC(330) Concurrent Mark
[2033.569s][info][gc,marking     ] GC(330) Concurrent Mark From Roots
[2033.569s][info][gc,task        ] GC(330) Using 2 workers of 2 for marking
.[2034.197s][info][gc,marking     ] GC(330) Concurrent Mark From Roots 628.513ms
[2034.197s][info][gc,marking     ] GC(330) Concurrent Preclean
[2034.197s][info][gc,marking     ] GC(330) Concurrent Preclean 0.062ms
[2034.198s][info][gc,start       ] GC(330) Pause Remark
[2034.201s][info][gc             ] GC(330) Pause Remark 1717M->1717M(4096M) 3.757ms
[2034.201s][info][gc,cpu         ] GC(330) User=0.02s Sys=0.00s Real=0.00s
[2034.201s][info][gc,marking     ] GC(330) Concurrent Mark 632.588ms
[2034.201s][info][gc,marking     ] GC(330) Concurrent Rebuild Remembered Sets and Scrub Regions
[2034.453s][info][gc,marking     ] GC(330) Concurrent Rebuild Remembered Sets and Scrub Regions 252.042ms
[2034.454s][info][gc,start       ] GC(330) Pause Cleanup
[2034.454s][info][gc             ] GC(330) Pause Cleanup 1821M->1821M(4096M) 0.115ms
[2034.454s][info][gc,cpu         ] GC(330) User=0.00s Sys=0.00s Real=0.00s
[2034.454s][info][gc,marking     ] GC(330) Concurrent Clear Claimed Marks
[2034.454s][info][gc,marking     ] GC(330) Concurrent Clear Claimed Marks 0.031ms
[2034.454s][info][gc,marking     ] GC(330) Concurrent Cleanup for Next Mark
[2034.457s][info][gc,marking     ] GC(330) Concurrent Cleanup for Next Mark 3.237ms
[2034.457s][info][gc             ] GC(330) Concurrent Mark Cycle 1049.232ms
.|....[2039.550s][info][gc,start       ] GC(331) Pause Young (Prepare Mixed) (G1 Evacuation Pause)
[2039.550s][info][gc,task        ] GC(331) Using 6 workers of 6 for evacuation
[2039.667s][info][gc,phases      ] GC(331)   Pre Evacuate Collection Set: 0.39ms
[2039.667s][info][gc,phases      ] GC(331)   Merge Heap Roots: 0.54ms
[2039.667s][info][gc,phases      ] GC(331)   Evacuate Collection Set: 114.98ms
[2039.667s][info][gc,phases      ] GC(331)   Post Evacuate Collection Set: 0.96ms
[2039.667s][info][gc,phases      ] GC(331)   Other: 0.09ms
[2039.667s][info][gc,heap        ] GC(331) Eden regions: 1120->0(1114)
[2039.667s][info][gc,heap        ] GC(331) Survivor regions: 108->109(154)
[2039.667s][info][gc,heap        ] GC(331) Old regions: 502->533
[2039.667s][info][gc,heap        ] GC(331) Humongous regions: 80->80
[2039.667s][info][gc,metaspace   ] GC(331) Metaspace: 28959K(29312K)->28959K(29312K) NonClass: 24075K(24256K)->24075K(24256K) Class: 4883K(5056K)->4883K(5056K)
[2039.667s][info][gc             ] GC(331) Pause Young (Prepare Mixed) (G1 Evacuation Pause) 3617M->1442M(4096M) 117.092ms
[2039.667s][info][gc,cpu         ] GC(331) User=0.69s Sys=0.00s Real=0.12s
......[2045.695s][info][gc,start       ] GC(332) Pause Young (Mixed) (G1 Evacuation Pause)
[2045.695s][info][gc,task        ] GC(332) Using 6 workers of 6 for evacuation
[2045.828s][info][gc,phases      ] GC(332)   Pre Evacuate Collection Set: 0.42ms
[2045.828s][info][gc,phases      ] GC(332)   Merge Heap Roots: 0.76ms
[2045.828s][info][gc,phases      ] GC(332)   Evacuate Collection Set: 130.70ms
[2045.828s][info][gc,phases      ] GC(332)   Post Evacuate Collection Set: 0.97ms
[2045.828s][info][gc,phases      ] GC(332)   Other: 0.09ms
[2045.828s][info][gc,heap        ] GC(332) Eden regions: 1114->0(1120)
[2045.828s][info][gc,heap        ] GC(332) Survivor regions: 109->108(153)
[2045.828s][info][gc,heap        ] GC(332) Old regions: 533->469
[2045.828s][info][gc,heap        ] GC(332) Humongous regions: 80->80
[2045.828s][info][gc,metaspace   ] GC(332) Metaspace: 28959K(29312K)->28959K(29312K) NonClass: 24076K(24256K)->24076K(24256K) Class: 4883K(5056K)->4883K(5056K)
[2045.828s][info][gc             ] GC(332) Pause Young (Mixed) (G1 Evacuation Pause) 3670M->1312M(4096M) 133.091ms
[2045.828s][info][gc,cpu         ] GC(332) User=0.79s Sys=0.00s Real=0.13s
......[2051.936s][info][gc,start       ] GC(333) Pause Young (Concurrent Start) (G1 Evacuation Pause)
[2051.936s][info][gc,task        ] GC(333) Using 6 workers of 6 for evacuation
[2052.054s][info][gc,phases      ] GC(333)   Pre Evacuate Collection Set: 0.45ms
[2052.054s][info][gc,phases      ] GC(333)   Merge Heap Roots: 0.52ms
[2052.054s][info][gc,phases      ] GC(333)   Evacuate Collection Set: 115.29ms
[2052.054s][info][gc,phases      ] GC(333)   Post Evacuate Collection Set: 0.94ms
[2052.054s][info][gc,phases      ] GC(333)   Other: 0.14ms
[2052.054s][info][gc,heap        ] GC(333) Eden regions: 1120->0(1120)
[2052.054s][info][gc,heap        ] GC(333) Survivor regions: 108->108(154)
[2052.054s][info][gc,heap        ] GC(333) Old regions: 469->502
[2052.054s][info][gc,heap        ] GC(333) Humongous regions: 80->80
[2052.054s][info][gc,metaspace   ] GC(333) Metaspace: 28959K(29312K)->28959K(29312K) NonClass: 24076K(24256K)->24076K(24256K) Class: 4883K(5056K)->4883K(5056K)
[2052.054s][info][gc             ] GC(333) Pause Young (Concurrent Start) (G1 Evacuation Pause) 3552M->1377M(4096M) 117.486ms
[2052.054s][info][gc             ] GC(334) Concurrent Mark Cycle
[2052.054s][info][gc,marking     ] GC(334) Concurrent Scan Root Regions
[2052.054s][info][gc,cpu         ] GC(333) User=0.70s Sys=0.00s Real=0.12s
.[2052.187s][info][gc,marking     ] GC(334) Concurrent Scan Root Regions 133.439ms
[2052.187s][info][gc,marking     ] GC(334) Concurrent Mark
[2052.187s][info][gc,marking     ] GC(334) Concurrent Mark From Roots
[2052.187s][info][gc,task        ] GC(334) Using 2 workers of 2 for marking
[2052.800s][info][gc,marking     ] GC(334) Concurrent Mark From Roots 612.986ms
[2052.801s][info][gc,marking     ] GC(334) Concurrent Preclean
[2052.801s][info][gc,marking     ] GC(334) Concurrent Preclean 0.085ms
[2052.801s][info][gc,start       ] GC(334) Pause Remark
[2052.804s][info][gc             ] GC(334) Pause Remark 1669M->1669M(4096M) 3.645ms
[2052.804s][info][gc,cpu         ] GC(334) User=0.02s Sys=0.00s Real=0.01s
[2052.805s][info][gc,marking     ] GC(334) Concurrent Mark 617.988ms
[2052.805s][info][gc,marking     ] GC(334) Concurrent Rebuild Remembered Sets and Scrub Regions
.[2053.156s][info][gc,marking     ] GC(334) Concurrent Rebuild Remembered Sets and Scrub Regions 350.474ms
[2053.156s][info][gc,start       ] GC(334) Pause Cleanup
[2053.156s][info][gc             ] GC(334) Pause Cleanup 1802M->1802M(4096M) 0.125ms
[2053.156s][info][gc,cpu         ] GC(334) User=0.00s Sys=0.00s Real=0.00s
[2053.156s][info][gc,marking     ] GC(334) Concurrent Clear Claimed Marks
[2053.156s][info][gc,marking     ] GC(334) Concurrent Clear Claimed Marks 0.029ms
[2053.156s][info][gc,marking     ] GC(334) Concurrent Cleanup for Next Mark
[2053.161s][info][gc,marking     ] GC(334) Concurrent Cleanup for Next Mark 4.159ms
[2053.161s][info][gc             ] GC(334) Concurrent Mark Cycle 1106.598ms
.....[2058.126s][info][gc,start       ] GC(335) Pause Young (Prepare Mixed) (G1 Evacuation Pause)
[2058.126s][info][gc,task        ] GC(335) Using 6 workers of 6 for evacuation
[2058.241s][info][gc,phases      ] GC(335)   Pre Evacuate Collection Set: 0.35ms
[2058.241s][info][gc,phases      ] GC(335)   Merge Heap Roots: 0.51ms
[2058.241s][info][gc,phases      ] GC(335)   Evacuate Collection Set: 113.11ms
[2058.241s][info][gc,phases      ] GC(335)   Post Evacuate Collection Set: 0.94ms
[2058.241s][info][gc,phases      ] GC(335)   Other: 0.08ms
[2058.241s][info][gc,heap        ] GC(335) Eden regions: 1120->0(1118)
[2058.241s][info][gc,heap        ] GC(335) Survivor regions: 108->107(154)
[2058.241s][info][gc,heap        ] GC(335) Old regions: 502->533
[2058.241s][info][gc,heap        ] GC(335) Humongous regions: 80->80
[2058.241s][info][gc,metaspace   ] GC(335) Metaspace: 28959K(29312K)->28959K(29312K) NonClass: 24076K(24256K)->24076K(24256K) Class: 4883K(5056K)->4883K(5056K)
[2058.241s][info][gc             ] GC(335) Pause Young (Prepare Mixed) (G1 Evacuation Pause) 3617M->1438M(4096M) 115.119ms
[2058.241s][info][gc,cpu         ] GC(335) User=0.68s Sys=0.00s Real=0.11s
......[2064.391s][info][gc,start       ] GC(336) Pause Young (Mixed) (G1 Evacuation Pause)
[2064.391s][info][gc,task        ] GC(336) Using 6 workers of 6 for evacuation
[2064.523s][info][gc,phases      ] GC(336)   Pre Evacuate Collection Set: 0.35ms
[2064.523s][info][gc,phases      ] GC(336)   Merge Heap Roots: 0.70ms
[2064.523s][info][gc,phases      ] GC(336)   Evacuate Collection Set: 129.88ms
[2064.523s][info][gc,phases      ] GC(336)   Post Evacuate Collection Set: 0.96ms
[2064.523s][info][gc,phases      ] GC(336)   Other: 0.09ms
[2064.523s][info][gc,heap        ] GC(336) Eden regions: 1118->0(1120)
[2064.523s][info][gc,heap        ] GC(336) Survivor regions: 107->108(154)
[2064.523s][info][gc,heap        ] GC(336) Old regions: 533->470
[2064.523s][info][gc,heap        ] GC(336) Humongous regions: 80->80
[2064.523s][info][gc,metaspace   ] GC(336) Metaspace: 28959K(29312K)->28959K(29312K) NonClass: 24076K(24256K)->24076K(24256K) Class: 4883K(5056K)->4883K(5056K)
[2064.523s][info][gc             ] GC(336) Pause Young (Mixed) (G1 Evacuation Pause) 3674M->1313M(4096M) 132.137ms
[2064.523s][info][gc,cpu         ] GC(336) User=0.78s Sys=0.00s Real=0.14s
......[2070.571s][info][gc,start       ] GC(337) Pause Young (Concurrent Start) (G1 Evacuation Pause)
[2070.571s][info][gc,task        ] GC(337) Using 6 workers of 6 for evacuation
[2070.687s][info][gc,phases      ] GC(337)   Pre Evacuate Collection Set: 0.40ms
[2070.687s][info][gc,phases      ] GC(337)   Merge Heap Roots: 0.52ms
[2070.687s][info][gc,phases      ] GC(337)   Evacuate Collection Set: 113.78ms
[2070.687s][info][gc,phases      ] GC(337)   Post Evacuate Collection Set: 0.90ms
[2070.687s][info][gc,phases      ] GC(337)   Other: 0.11ms
[2070.687s][info][gc,heap        ] GC(337) Eden regions: 1120->0(1119)
[2070.687s][info][gc,heap        ] GC(337) Survivor regions: 108->109(154)
[2070.687s][info][gc,heap        ] GC(337) Old regions: 470->501
[2070.687s][info][gc,heap        ] GC(337) Humongous regions: 80->80
[2070.687s][info][gc,metaspace   ] GC(337) Metaspace: 28959K(29312K)->28959K(29312K) NonClass: 24076K(24256K)->24076K(24256K) Class: 4883K(5056K)->4883K(5056K)
[2070.687s][info][gc             ] GC(337) Pause Young (Concurrent Start) (G1 Evacuation Pause) 3553M->1377M(4096M) 115.847ms
[2070.687s][info][gc             ] GC(338) Concurrent Mark Cycle
[2070.687s][info][gc,marking     ] GC(338) Concurrent Scan Root Regions
[2070.687s][info][gc,cpu         ] GC(337) User=0.68s Sys=0.00s Real=0.12s
[2070.828s][info][gc,marking     ] GC(338) Concurrent Scan Root Regions 140.769ms
[2070.828s][info][gc,marking     ] GC(338) Concurrent Mark
[2070.828s][info][gc,marking     ] GC(338) Concurrent Mark From Roots
[2070.828s][info][gc,task        ] GC(338) Using 2 workers of 2 for marking
.[2071.403s][info][gc,marking     ] GC(338) Concurrent Mark From Roots 575.168ms
[2071.403s][info][gc,marking     ] GC(338) Concurrent Preclean
[2071.403s][info][gc,marking     ] GC(338) Concurrent Preclean 0.066ms
[2071.403s][info][gc,start       ] GC(338) Pause Remark
[2071.407s][info][gc             ] GC(338) Pause Remark 1682M->1682M(4096M) 3.225ms
[2071.407s][info][gc,cpu         ] GC(338) User=0.01s Sys=0.00s Real=0.00s
[2071.407s][info][gc,marking     ] GC(338) Concurrent Mark 578.723ms
[2071.407s][info][gc,marking     ] GC(338) Concurrent Rebuild Remembered Sets and Scrub Regions
[2071.629s][info][gc,marking     ] GC(338) Concurrent Rebuild Remembered Sets and Scrub Regions 222.314ms
[2071.629s][info][gc,start       ] GC(338) Pause Cleanup
[2071.629s][info][gc             ] GC(338) Pause Cleanup 1755M->1755M(4096M) 0.117ms
[2071.629s][info][gc,cpu         ] GC(338) User=0.00s Sys=0.00s Real=0.00s
[2071.629s][info][gc,marking     ] GC(338) Concurrent Clear Claimed Marks
[2071.629s][info][gc,marking     ] GC(338) Concurrent Clear Claimed Marks 0.028ms
[2071.629s][info][gc,marking     ] GC(338) Concurrent Cleanup for Next Mark
[2071.633s][info][gc,marking     ] GC(338) Concurrent Cleanup for Next Mark 3.265ms
[2071.633s][info][gc             ] GC(338) Concurrent Mark Cycle 945.549ms
.....[2076.798s][info][gc,start       ] GC(339) Pause Young (Prepare Mixed) (G1 Evacuation Pause)
[2076.798s][info][gc,task        ] GC(339) Using 6 workers of 6 for evacuation
[2076.915s][info][gc,phases      ] GC(339)   Pre Evacuate Collection Set: 0.35ms
[2076.915s][info][gc,phases      ] GC(339)   Merge Heap Roots: 0.53ms
[2076.915s][info][gc,phases      ] GC(339)   Evacuate Collection Set: 114.56ms
[2076.915s][info][gc,phases      ] GC(339)   Post Evacuate Collection Set: 0.96ms
[2076.915s][info][gc,phases      ] GC(339)   Other: 0.09ms
[2076.915s][info][gc,heap        ] GC(339) Eden regions: 1119->0(1114)
[2076.915s][info][gc,heap        ] GC(339) Survivor regions: 109->109(154)
[2076.915s][info][gc,heap        ] GC(339) Old regions: 501->533
[2076.915s][info][gc,heap        ] GC(339) Humongous regions: 80->80
[2076.915s][info][gc,metaspace   ] GC(339) Metaspace: 28959K(29312K)->28959K(29312K) NonClass: 24076K(24256K)->24076K(24256K) Class: 4883K(5056K)->4883K(5056K)
[2076.915s][info][gc             ] GC(339) Pause Young (Prepare Mixed) (G1 Evacuation Pause) 3615M->1441M(4096M) 116.632ms
[2076.915s][info][gc,cpu         ] GC(339) User=0.69s Sys=0.00s Real=0.12s
.......[2083.083s][info][gc,start       ] GC(340) Pause Young (Mixed) (G1 Evacuation Pause)
[2083.083s][info][gc,task        ] GC(340) Using 6 workers of 6 for evacuation
[2083.218s][info][gc,phases      ] GC(340)   Pre Evacuate Collection Set: 0.40ms
[2083.218s][info][gc,phases      ] GC(340)   Merge Heap Roots: 0.68ms
[2083.218s][info][gc,phases      ] GC(340)   Evacuate Collection Set: 133.30ms
[2083.218s][info][gc,phases      ] GC(340)   Post Evacuate Collection Set: 0.97ms
[2083.218s][info][gc,phases      ] GC(340)   Other: 0.09ms
[2083.218s][info][gc,heap        ] GC(340) Eden regions: 1114->0(1119)
[2083.218s][info][gc,heap        ] GC(340) Survivor regions: 109->109(153)
[2083.218s][info][gc,heap        ] GC(340) Old regions: 533->470
[2083.218s][info][gc,heap        ] GC(340) Humongous regions: 80->80
[2083.218s][info][gc,metaspace   ] GC(340) Metaspace: 28959K(29312K)->28959K(29312K) NonClass: 24076K(24256K)->24076K(24256K) Class: 4883K(5056K)->4883K(5056K)
[2083.218s][info][gc             ] GC(340) Pause Young (Mixed) (G1 Evacuation Pause) 3669M->1316M(4096M) 135.560ms
[2083.218s][info][gc,cpu         ] GC(340) User=0.80s Sys=0.00s Real=0.13s
......[2089.168s][info][gc,start       ] GC(341) Pause Young (Concurrent Start) (G1 Evacuation Pause)
[2089.168s][info][gc,task        ] GC(341) Using 6 workers of 6 for evacuation
[2089.282s][info][gc,phases      ] GC(341)   Pre Evacuate Collection Set: 0.42ms
[2089.282s][info][gc,phases      ] GC(341)   Merge Heap Roots: 0.47ms
[2089.282s][info][gc,phases      ] GC(341)   Evacuate Collection Set: 112.80ms
[2089.282s][info][gc,phases      ] GC(341)   Post Evacuate Collection Set: 0.90ms
[2089.282s][info][gc,phases      ] GC(341)   Other: 0.11ms
[2089.282s][info][gc,heap        ] GC(341) Eden regions: 1119->0(1121)
[2089.283s][info][gc,heap        ] GC(341) Survivor regions: 109->107(154)
[2089.283s][info][gc,heap        ] GC(341) Old regions: 470->503
[2089.283s][info][gc,heap        ] GC(341) Humongous regions: 80->80
[2089.283s][info][gc,metaspace   ] GC(341) Metaspace: 28959K(29312K)->28959K(29312K) NonClass: 24076K(24256K)->24076K(24256K) Class: 4883K(5056K)->4883K(5056K)
[2089.283s][info][gc             ] GC(341) Pause Young (Concurrent Start) (G1 Evacuation Pause) 3554M->1376M(4096M) 114.817ms
[2089.283s][info][gc             ] GC(342) Concurrent Mark Cycle
[2089.283s][info][gc,marking     ] GC(342) Concurrent Scan Root Regions
[2089.283s][info][gc,cpu         ] GC(341) User=0.68s Sys=0.00s Real=0.12s
[2089.407s][info][gc,marking     ] GC(342) Concurrent Scan Root Regions 124.287ms
[2089.407s][info][gc,marking     ] GC(342) Concurrent Mark
[2089.407s][info][gc,marking     ] GC(342) Concurrent Mark From Roots
[2089.407s][info][gc,task        ] GC(342) Using 2 workers of 2 for marking
[2089.983s][info][gc,marking     ] GC(342) Concurrent Mark From Roots 576.541ms
[2089.983s][info][gc,marking     ] GC(342) Concurrent Preclean
[2089.984s][info][gc,marking     ] GC(342) Concurrent Preclean 0.044ms
[2089.984s][info][gc,start       ] GC(342) Pause Remark
[2089.987s][info][gc             ] GC(342) Pause Remark 1659M->1659M(4096M) 3.510ms
[2089.987s][info][gc,cpu         ] GC(342) User=0.01s Sys=0.00s Real=0.00s
[2089.987s][info][gc,marking     ] GC(342) Concurrent Mark 580.344ms
[2089.987s][info][gc,marking     ] GC(342) Concurrent Rebuild Remembered Sets and Scrub Regions
.[2090.248s][info][gc,marking     ] GC(342) Concurrent Rebuild Remembered Sets and Scrub Regions 260.405ms
[2090.248s][info][gc,start       ] GC(342) Pause Cleanup
[2090.248s][info][gc             ] GC(342) Pause Cleanup 1741M->1741M(4096M) 0.113ms
[2090.248s][info][gc,cpu         ] GC(342) User=0.00s Sys=0.00s Real=0.00s
[2090.248s][info][gc,marking     ] GC(342) Concurrent Clear Claimed Marks
[2090.248s][info][gc,marking     ] GC(342) Concurrent Clear Claimed Marks 0.027ms
[2090.248s][info][gc,marking     ] GC(342) Concurrent Cleanup for Next Mark
[2090.252s][info][gc,marking     ] GC(342) Concurrent Cleanup for Next Mark 3.885ms
[2090.252s][info][gc             ] GC(342) Concurrent Mark Cycle 969.400ms
..... (rIR:aIR:PR = 3044:3043:3043) (tPR = 45218) [OK] 
  2094s: Performance info:
         Transaction,    Success,    Partial,     Failed,   Receipts, AvgBarcode, 
             Overall,     182737,          0,          0,     173607,      59.48, 
         Response times:
             Request,    Success,    Partial,     Failed,   SkipFail,     Probes,    Samples,      min,      p50,      p90,      p95,      p99,      max, 
       TotalPurchase,     173608,          0,          0,          0,     170324,     182684,      300,     2600,     4200,     5100,    24000,   152000,
     InStorePurchase,      91380,          0,          0,          0,      89854,      96177,      300,     2700,     4200,     5200,    24000,   152000,
      OnlinePurchase,      63957,          0,          0,          0,      62698,      66987,      300,     2300,     4100,     5000,    22000,   152000,
        InstPurchase,      18271,          0,          0,          0,      17772,      19520,      400,     2800,     4300,     5300,    25000,   142000,
          AssocOfCat,        181,          0,          0,          0,        142,        215,    18500,    27000,    36000,    48000,   145520,   175000,
      AssocOfProduct,       1825,          0,          0,          0,       1666,       1927,      600,     2400,     4200,     5400,    24000,   126000,
      BusinessReport,        459,          0,          0,          0,        373,        470,    21000,    30000,    40000,    48000,    64290,    93000,
          CustBuyBeh,       1823,          0,          0,          0,       1637,       1912,      200,     2100,     3500,     4000,    14287,   118000,
       ProductReturn,       4841,          0,          0,          0,       4603,       5170,      200,     2400,     3700,     4600,    21000,   128000,

  2094s: (23%)   IR =   3183 [2095.491s][info][gc,start       ] GC(343) Pause Young (Prepare Mixed) (G1 Evacuation Pause)
[2095.492s][info][gc,task        ] GC(343) Using 6 workers of 6 for evacuation
[2095.611s][info][gc,phases      ] GC(343)   Pre Evacuate Collection Set: 0.35ms
[2095.611s][info][gc,phases      ] GC(343)   Merge Heap Roots: 0.55ms
[2095.611s][info][gc,phases      ] GC(343)   Evacuate Collection Set: 117.42ms
[2095.611s][info][gc,phases      ] GC(343)   Post Evacuate Collection Set: 0.96ms
[2095.611s][info][gc,phases      ] GC(343)   Other: 0.09ms
[2095.611s][info][gc,heap        ] GC(343) Eden regions: 1121->0(1110)
[2095.611s][info][gc,heap        ] GC(343) Survivor regions: 107->110(154)
[2095.611s][info][gc,heap        ] GC(343) Old regions: 503->535
[2095.611s][info][gc,heap        ] GC(343) Humongous regions: 80->80
[2095.611s][info][gc,metaspace   ] GC(343) Metaspace: 28961K(29312K)->28961K(29312K) NonClass: 24077K(24256K)->24077K(24256K) Class: 4883K(5056K)->4883K(5056K)
[2095.611s][info][gc             ] GC(343) Pause Young (Prepare Mixed) (G1 Evacuation Pause) 3618M->1446M(4096M) 119.514ms
[2095.611s][info][gc,cpu         ] GC(343) User=0.70s Sys=0.00s Real=0.12s
......|[2101.372s][info][gc,start       ] GC(344) Pause Young (Mixed) (G1 Evacuation Pause)
[2101.372s][info][gc,task        ] GC(344) Using 6 workers of 6 for evacuation
[2101.506s][info][gc,phases      ] GC(344)   Pre Evacuate Collection Set: 0.40ms
[2101.506s][info][gc,phases      ] GC(344)   Merge Heap Roots: 0.71ms
[2101.506s][info][gc,phases      ] GC(344)   Evacuate Collection Set: 131.80ms
[2101.506s][info][gc,phases      ] GC(344)   Post Evacuate Collection Set: 1.02ms
[2101.506s][info][gc,phases      ] GC(344)   Other: 0.09ms
[2101.506s][info][gc,heap        ] GC(344) Eden regions: 1110->0(1117)
[2101.506s][info][gc,heap        ] GC(344) Survivor regions: 110->111(153)
[2101.506s][info][gc,heap        ] GC(344) Old regions: 535->471
[2101.506s][info][gc,heap        ] GC(344) Humongous regions: 80->80
[2101.506s][info][gc,metaspace   ] GC(344) Metaspace: 28961K(29312K)->28961K(29312K) NonClass: 24077K(24256K)->24077K(24256K) Class: 4883K(5056K)->4883K(5056K)
[2101.506s][info][gc             ] GC(344) Pause Young (Mixed) (G1 Evacuation Pause) 3666M->1320M(4096M) 134.182ms
[2101.506s][info][gc,cpu         ] GC(344) User=0.79s Sys=0.00s Real=0.14s
......[2107.335s][info][gc,start       ] GC(345) Pause Young (Concurrent Start) (G1 Evacuation Pause)
[2107.335s][info][gc,task        ] GC(345) Using 6 workers of 6 for evacuation
[2107.458s][info][gc,phases      ] GC(345)   Pre Evacuate Collection Set: 0.39ms
[2107.458s][info][gc,phases      ] GC(345)   Merge Heap Roots: 0.49ms
[2107.458s][info][gc,phases      ] GC(345)   Evacuate Collection Set: 120.60ms
[2107.458s][info][gc,phases      ] GC(345)   Post Evacuate Collection Set: 0.96ms
[2107.458s][info][gc,phases      ] GC(345)   Other: 0.12ms
[2107.458s][info][gc,heap        ] GC(345) Eden regions: 1117->0(1117)
[2107.458s][info][gc,heap        ] GC(345) Survivor regions: 111->111(154)
[2107.458s][info][gc,heap        ] GC(345) Old regions: 471->504
[2107.458s][info][gc,heap        ] GC(345) Humongous regions: 80->80
[2107.458s][info][gc,metaspace   ] GC(345) Metaspace: 28961K(29312K)->28961K(29312K) NonClass: 24077K(24256K)->24077K(24256K) Class: 4883K(5056K)->4883K(5056K)
[2107.458s][info][gc             ] GC(345) Pause Young (Concurrent Start) (G1 Evacuation Pause) 3554M->1387M(4096M) 122.683ms
[2107.458s][info][gc             ] GC(346) Concurrent Mark Cycle
[2107.458s][info][gc,marking     ] GC(346) Concurrent Scan Root Regions
[2107.458s][info][gc,cpu         ] GC(345) User=0.72s Sys=0.00s Real=0.12s
[2107.602s][info][gc,marking     ] GC(346) Concurrent Scan Root Regions 143.725ms
[2107.602s][info][gc,marking     ] GC(346) Concurrent Mark
[2107.602s][info][gc,marking     ] GC(346) Concurrent Mark From Roots
[2107.602s][info][gc,task        ] GC(346) Using 2 workers of 2 for marking
.[2108.172s][info][gc,marking     ] GC(346) Concurrent Mark From Roots 570.461ms
[2108.172s][info][gc,marking     ] GC(346) Concurrent Preclean
[2108.172s][info][gc,marking     ] GC(346) Concurrent Preclean 0.057ms
[2108.173s][info][gc,start       ] GC(346) Pause Remark
[2108.177s][info][gc             ] GC(346) Pause Remark 1695M->1695M(4096M) 3.684ms
[2108.177s][info][gc,cpu         ] GC(346) User=0.02s Sys=0.00s Real=0.00s
[2108.178s][info][gc,marking     ] GC(346) Concurrent Mark 575.937ms
[2108.178s][info][gc,marking     ] GC(346) Concurrent Rebuild Remembered Sets and Scrub Regions
[2108.398s][info][gc,marking     ] GC(346) Concurrent Rebuild Remembered Sets and Scrub Regions 220.063ms
[2108.398s][info][gc,start       ] GC(346) Pause Cleanup
[2108.398s][info][gc             ] GC(346) Pause Cleanup 1779M->1779M(4096M) 0.126ms
[2108.398s][info][gc,cpu         ] GC(346) User=0.00s Sys=0.00s Real=0.00s
[2108.398s][info][gc,marking     ] GC(346) Concurrent Clear Claimed Marks
[2108.398s][info][gc,marking     ] GC(346) Concurrent Clear Claimed Marks 0.025ms
[2108.398s][info][gc,marking     ] GC(346) Concurrent Cleanup for Next Mark
[2108.402s][info][gc,marking     ] GC(346) Concurrent Cleanup for Next Mark 3.792ms
[2108.402s][info][gc             ] GC(346) Concurrent Mark Cycle 943.994ms
.....[2113.282s][info][gc,start       ] GC(347) Pause Young (Prepare Mixed) (G1 Evacuation Pause)
[2113.282s][info][gc,task        ] GC(347) Using 6 workers of 6 for evacuation
[2113.400s][info][gc,phases      ] GC(347)   Pre Evacuate Collection Set: 0.34ms
[2113.400s][info][gc,phases      ] GC(347)   Merge Heap Roots: 0.56ms
[2113.400s][info][gc,phases      ] GC(347)   Evacuate Collection Set: 116.20ms
[2113.400s][info][gc,phases      ] GC(347)   Post Evacuate Collection Set: 0.97ms
[2113.400s][info][gc,phases      ] GC(347)   Other: 0.10ms
[2113.400s][info][gc,heap        ] GC(347) Eden regions: 1117->0(1110)
[2113.400s][info][gc,heap        ] GC(347) Survivor regions: 111->110(154)
[2113.400s][info][gc,heap        ] GC(347) Old regions: 504->535
[2113.401s][info][gc,heap        ] GC(347) Humongous regions: 80->80
[2113.401s][info][gc,metaspace   ] GC(347) Metaspace: 28961K(29312K)->28961K(29312K) NonClass: 24077K(24256K)->24077K(24256K) Class: 4883K(5056K)->4883K(5056K)
[2113.401s][info][gc             ] GC(347) Pause Young (Prepare Mixed) (G1 Evacuation Pause) 3621M->1447M(4096M) 118.321ms
[2113.401s][info][gc,cpu         ] GC(347) User=0.69s Sys=0.00s Real=0.12s
......[2119.147s][info][gc,start       ] GC(348) Pause Young (Mixed) (G1 Evacuation Pause)
[2119.148s][info][gc,task        ] GC(348) Using 6 workers of 6 for evacuation
[2119.282s][info][gc,phases      ] GC(348)   Pre Evacuate Collection Set: 0.41ms
[2119.282s][info][gc,phases      ] GC(348)   Merge Heap Roots: 0.72ms
[2119.282s][info][gc,phases      ] GC(348)   Evacuate Collection Set: 131.85ms
[2119.282s][info][gc,phases      ] GC(348)   Post Evacuate Collection Set: 0.99ms
[2119.282s][info][gc,phases      ] GC(348)   Other: 0.09ms
[2119.282s][info][gc,heap        ] GC(348) Eden regions: 1110->0(1121)
[2119.282s][info][gc,heap        ] GC(348) Survivor regions: 110->107(153)
[2119.282s][info][gc,heap        ] GC(348) Old regions: 535->471
[2119.282s][info][gc,heap        ] GC(348) Humongous regions: 80->80
[2119.282s][info][gc,metaspace   ] GC(348) Metaspace: 28961K(29312K)->28961K(29312K) NonClass: 24077K(24256K)->24077K(24256K) Class: 4883K(5056K)->4883K(5056K)
[2119.282s][info][gc             ] GC(348) Pause Young (Mixed) (G1 Evacuation Pause) 3667M->1314M(4096M) 134.190ms
[2119.282s][info][gc,cpu         ] GC(348) User=0.80s Sys=0.00s Real=0.13s
......[2125.131s][info][gc,start       ] GC(349) Pause Young (Concurrent Start) (G1 Evacuation Pause)
[2125.131s][info][gc,task        ] GC(349) Using 6 workers of 6 for evacuation
[2125.247s][info][gc,phases      ] GC(349)   Pre Evacuate Collection Set: 0.39ms
[2125.247s][info][gc,phases      ] GC(349)   Merge Heap Roots: 0.49ms
[2125.247s][info][gc,phases      ] GC(349)   Evacuate Collection Set: 113.39ms
[2125.247s][info][gc,phases      ] GC(349)   Post Evacuate Collection Set: 0.91ms
[2125.247s][info][gc,phases      ] GC(349)   Other: 0.12ms
[2125.247s][info][gc,heap        ] GC(349) Eden regions: 1121->0(1120)
[2125.247s][info][gc,heap        ] GC(349) Survivor regions: 107->108(154)
[2125.247s][info][gc,heap        ] GC(349) Old regions: 471->503
[2125.247s][info][gc,heap        ] GC(349) Humongous regions: 80->80
[2125.247s][info][gc,metaspace   ] GC(349) Metaspace: 28961K(29312K)->28961K(29312K) NonClass: 24077K(24256K)->24077K(24256K) Class: 4883K(5056K)->4883K(5056K)
[2125.247s][info][gc             ] GC(349) Pause Young (Concurrent Start) (G1 Evacuation Pause) 3556M->1379M(4096M) 115.416ms
[2125.247s][info][gc             ] GC(350) Concurrent Mark Cycle
[2125.247s][info][gc,marking     ] GC(350) Concurrent Scan Root Regions
[2125.247s][info][gc,cpu         ] GC(349) User=0.68s Sys=0.00s Real=0.12s
[2125.371s][info][gc,marking     ] GC(350) Concurrent Scan Root Regions 124.581ms
[2125.372s][info][gc,marking     ] GC(350) Concurrent Mark
[2125.372s][info][gc,marking     ] GC(350) Concurrent Mark From Roots
[2125.372s][info][gc,task        ] GC(350) Using 2 workers of 2 for marking
[2125.944s][info][gc,marking     ] GC(350) Concurrent Mark From Roots 572.893ms
[2125.944s][info][gc,marking     ] GC(350) Concurrent Preclean
[2125.944s][info][gc,marking     ] GC(350) Concurrent Preclean 0.042ms
[2125.945s][info][gc,start       ] GC(350) Pause Remark
[2125.948s][info][gc             ] GC(350) Pause Remark 1678M->1678M(4096M) 3.599ms
[2125.948s][info][gc,cpu         ] GC(350) User=0.01s Sys=0.00s Real=0.00s
[2125.948s][info][gc,marking     ] GC(350) Concurrent Mark 576.829ms
[2125.948s][info][gc,marking     ] GC(350) Concurrent Rebuild Remembered Sets and Scrub Regions
.[2126.214s][info][gc,marking     ] GC(350) Concurrent Rebuild Remembered Sets and Scrub Regions 265.382ms
[2126.214s][info][gc,start       ] GC(350) Pause Cleanup
[2126.214s][info][gc             ] GC(350) Pause Cleanup 1784M->1784M(4096M) 0.126ms
[2126.214s][info][gc,cpu         ] GC(350) User=0.00s Sys=0.00s Real=0.00s
[2126.215s][info][gc,marking     ] GC(350) Concurrent Clear Claimed Marks
[2126.215s][info][gc,marking     ] GC(350) Concurrent Clear Claimed Marks 0.042ms
[2126.215s][info][gc,marking     ] GC(350) Concurrent Cleanup for Next Mark
[2126.218s][info][gc,marking     ] GC(350) Concurrent Cleanup for Next Mark 3.398ms
[2126.218s][info][gc             ] GC(350) Concurrent Mark Cycle 971.251ms
....[2131.071s][info][gc,start       ] GC(351) Pause Young (Prepare Mixed) (G1 Evacuation Pause)
[2131.071s][info][gc,task        ] GC(351) Using 6 workers of 6 for evacuation
[2131.189s][info][gc,phases      ] GC(351)   Pre Evacuate Collection Set: 0.38ms
[2131.189s][info][gc,phases      ] GC(351)   Merge Heap Roots: 0.50ms
[2131.189s][info][gc,phases      ] GC(351)   Evacuate Collection Set: 115.76ms
[2131.189s][info][gc,phases      ] GC(351)   Post Evacuate Collection Set: 0.95ms
[2131.189s][info][gc,phases      ] GC(351)   Other: 0.09ms
[2131.189s][info][gc,heap        ] GC(351) Eden regions: 1120->0(1110)
[2131.189s][info][gc,heap        ] GC(351) Survivor regions: 108->110(154)
[2131.189s][info][gc,heap        ] GC(351) Old regions: 503->535
[2131.189s][info][gc,heap        ] GC(351) Humongous regions: 80->80
[2131.189s][info][gc,metaspace   ] GC(351) Metaspace: 28961K(29312K)->28961K(29312K) NonClass: 24077K(24256K)->24077K(24256K) Class: 4883K(5056K)->4883K(5056K)
[2131.189s][info][gc             ] GC(351) Pause Young (Prepare Mixed) (G1 Evacuation Pause) 3619M->1446M(4096M) 117.828ms
[2131.189s][info][gc,cpu         ] GC(351) User=0.69s Sys=0.00s Real=0.12s
......[2136.975s][info][gc,start       ] GC(352) Pause Young (Mixed) (G1 Evacuation Pause)
[2136.975s][info][gc,task        ] GC(352) Using 6 workers of 6 for evacuation
[2137.107s][info][gc,phases      ] GC(352)   Pre Evacuate Collection Set: 0.39ms
[2137.107s][info][gc,phases      ] GC(352)   Merge Heap Roots: 0.67ms
[2137.107s][info][gc,phases      ] GC(352)   Evacuate Collection Set: 130.09ms
[2137.107s][info][gc,phases      ] GC(352)   Post Evacuate Collection Set: 0.98ms
[2137.107s][info][gc,phases      ] GC(352)   Other: 0.09ms
[2137.107s][info][gc,heap        ] GC(352) Eden regions: 1110->0(1120)
[2137.107s][info][gc,heap        ] GC(352) Survivor regions: 110->108(153)
[2137.107s][info][gc,heap        ] GC(352) Old regions: 535->470
[2137.107s][info][gc,heap        ] GC(352) Humongous regions: 80->80
[2137.107s][info][gc,metaspace   ] GC(352) Metaspace: 28961K(29312K)->28961K(29312K) NonClass: 24077K(24256K)->24077K(24256K) Class: 4883K(5056K)->4883K(5056K)
[2137.107s][info][gc             ] GC(352) Pause Young (Mixed) (G1 Evacuation Pause) 3666M->1313M(4096M) 132.357ms
[2137.107s][info][gc,cpu         ] GC(352) User=0.78s Sys=0.00s Real=0.13s
......[2142.865s][info][gc,start       ] GC(353) Pause Young (Concurrent Start) (G1 Evacuation Pause)
[2142.865s][info][gc,task        ] GC(353) Using 6 workers of 6 for evacuation
[2142.984s][info][gc,phases      ] GC(353)   Pre Evacuate Collection Set: 0.39ms
[2142.984s][info][gc,phases      ] GC(353)   Merge Heap Roots: 0.54ms
[2142.984s][info][gc,phases      ] GC(353)   Evacuate Collection Set: 116.76ms
[2142.984s][info][gc,phases      ] GC(353)   Post Evacuate Collection Set: 0.92ms
[2142.984s][info][gc,phases      ] GC(353)   Other: 0.11ms
[2142.984s][info][gc,heap        ] GC(353) Eden regions: 1120->0(1118)
[2142.984s][info][gc,heap        ] GC(353) Survivor regions: 108->110(154)
[2142.984s][info][gc,heap        ] GC(353) Old regions: 470->502
[2142.984s][info][gc,heap        ] GC(353) Humongous regions: 80->80
[2142.984s][info][gc,metaspace   ] GC(353) Metaspace: 28961K(29312K)->28961K(29312K) NonClass: 24077K(24256K)->24077K(24256K) Class: 4883K(5056K)->4883K(5056K)
[2142.984s][info][gc             ] GC(353) Pause Young (Concurrent Start) (G1 Evacuation Pause) 3553M->1380M(4096M) 118.868ms
[2142.984s][info][gc             ] GC(354) Concurrent Mark Cycle
[2142.984s][info][gc,marking     ] GC(354) Concurrent Scan Root Regions
[2142.984s][info][gc,cpu         ] GC(353) User=0.70s Sys=0.00s Real=0.12s
[2143.157s][info][gc,marking     ] GC(354) Concurrent Scan Root Regions 172.974ms
[2143.157s][info][gc,marking     ] GC(354) Concurrent Mark
[2143.157s][info][gc,marking     ] GC(354) Concurrent Mark From Roots
[2143.157s][info][gc,task        ] GC(354) Using 2 workers of 2 for marking
.[2144.063s][info][gc,marking     ] GC(354) Concurrent Mark From Roots 906.500ms
[2144.063s][info][gc,marking     ] GC(354) Concurrent Preclean
[2144.063s][info][gc,marking     ] GC(354) Concurrent Preclean 0.060ms
[2144.063s][info][gc,start       ] GC(354) Pause Remark
[2144.068s][info][gc             ] GC(354) Pause Remark 1803M->1803M(4096M) 4.589ms
[2144.068s][info][gc,cpu         ] GC(354) User=0.02s Sys=0.00s Real=0.00s
[2144.068s][info][gc,marking     ] GC(354) Concurrent Mark 911.407ms
[2144.068s][info][gc,marking     ] GC(354) Concurrent Rebuild Remembered Sets and Scrub Regions
.[2144.465s][info][gc,marking     ] GC(354) Concurrent Rebuild Remembered Sets and Scrub Regions 396.897ms
[2144.465s][info][gc,start       ] GC(354) Pause Cleanup
[2144.465s][info][gc             ] GC(354) Pause Cleanup 1952M->1952M(4096M) 0.119ms
[2144.465s][info][gc,cpu         ] GC(354) User=0.00s Sys=0.00s Real=0.00s
[2144.465s][info][gc,marking     ] GC(354) Concurrent Clear Claimed Marks
[2144.465s][info][gc,marking     ] GC(354) Concurrent Clear Claimed Marks 0.029ms
[2144.465s][info][gc,marking     ] GC(354) Concurrent Cleanup for Next Mark
[2144.469s][info][gc,marking     ] GC(354) Concurrent Cleanup for Next Mark 3.882ms
[2144.469s][info][gc             ] GC(354) Concurrent Mark Cycle 1485.661ms
....[2148.930s][info][gc,start       ] GC(355) Pause Young (Prepare Mixed) (G1 Evacuation Pause)
[2148.931s][info][gc,task        ] GC(355) Using 6 workers of 6 for evacuation
[2149.050s][info][gc,phases      ] GC(355)   Pre Evacuate Collection Set: 0.38ms
[2149.050s][info][gc,phases      ] GC(355)   Merge Heap Roots: 0.53ms
[2149.050s][info][gc,phases      ] GC(355)   Evacuate Collection Set: 117.94ms
[2149.050s][info][gc,phases      ] GC(355)   Post Evacuate Collection Set: 0.96ms
[2149.050s][info][gc,phases      ] GC(355)   Other: 0.09ms
[2149.050s][info][gc,heap        ] GC(355) Eden regions: 1118->0(1108)
[2149.050s][info][gc,heap        ] GC(355) Survivor regions: 110->112(154)
[2149.050s][info][gc,heap        ] GC(355) Old regions: 502->533
[2149.050s][info][gc,heap        ] GC(355) Humongous regions: 80->80
[2149.050s][info][gc,metaspace   ] GC(355) Metaspace: 28961K(29312K)->28961K(29312K) NonClass: 24077K(24256K)->24077K(24256K) Class: 4883K(5056K)->4883K(5056K)
[2149.050s][info][gc             ] GC(355) Pause Young (Prepare Mixed) (G1 Evacuation Pause) 3616M->1447M(4096M) 120.039ms
[2149.051s][info][gc,cpu         ] GC(355) User=0.71s Sys=0.00s Real=0.12s
......[2154.742s][info][gc,start       ] GC(356) Pause Young (Mixed) (G1 Evacuation Pause)
[2154.742s][info][gc,task        ] GC(356) Using 6 workers of 6 for evacuation
[2154.876s][info][gc,phases      ] GC(356)   Pre Evacuate Collection Set: 0.39ms
[2154.876s][info][gc,phases      ] GC(356)   Merge Heap Roots: 0.71ms
[2154.876s][info][gc,phases      ] GC(356)   Evacuate Collection Set: 131.99ms
[2154.876s][info][gc,phases      ] GC(356)   Post Evacuate Collection Set: 1.02ms
[2154.876s][info][gc,phases      ] GC(356)   Other: 0.09ms
[2154.876s][info][gc,heap        ] GC(356) Eden regions: 1108->0(1119)
[2154.876s][info][gc,heap        ] GC(356) Survivor regions: 112->109(153)
[2154.876s][info][gc,heap        ] GC(356) Old regions: 533->471
[2154.876s][info][gc,heap        ] GC(356) Humongous regions: 80->80
[2154.876s][info][gc,metaspace   ] GC(356) Metaspace: 28961K(29312K)->28961K(29312K) NonClass: 24077K(24256K)->24077K(24256K) Class: 4883K(5056K)->4883K(5056K)
[2154.876s][info][gc             ] GC(356) Pause Young (Mixed) (G1 Evacuation Pause) 3663M->1316M(4096M) 134.322ms
[2154.876s][info][gc,cpu         ] GC(356) User=0.80s Sys=0.00s Real=0.14s
......[2160.725s][info][gc,start       ] GC(357) Pause Young (Concurrent Start) (G1 Evacuation Pause)
[2160.725s][info][gc,task        ] GC(357) Using 6 workers of 6 for evacuation
[2160.842s][info][gc,phases      ] GC(357)   Pre Evacuate Collection Set: 0.40ms
[2160.842s][info][gc,phases      ] GC(357)   Merge Heap Roots: 0.47ms
[2160.842s][info][gc,phases      ] GC(357)   Evacuate Collection Set: 115.02ms
[2160.842s][info][gc,phases      ] GC(357)   Post Evacuate Collection Set: 0.90ms
[2160.842s][info][gc,phases      ] GC(357)   Other: 0.11ms
[2160.842s][info][gc,heap        ] GC(357) Eden regions: 1119->0(1120)
[2160.842s][info][gc,heap        ] GC(357) Survivor regions: 109->108(154)
[2160.842s][info][gc,heap        ] GC(357) Old regions: 471->503
[2160.842s][info][gc,heap        ] GC(357) Humongous regions: 80->80
[2160.842s][info][gc,metaspace   ] GC(357) Metaspace: 28961K(29312K)->28961K(29312K) NonClass: 24077K(24256K)->24077K(24256K) Class: 4883K(5056K)->4883K(5056K)
[2160.842s][info][gc             ] GC(357) Pause Young (Concurrent Start) (G1 Evacuation Pause) 3554M->1379M(4096M) 117.041ms
[2160.842s][info][gc             ] GC(358) Concurrent Mark Cycle
[2160.842s][info][gc,marking     ] GC(358) Concurrent Scan Root Regions
[2160.842s][info][gc,cpu         ] GC(357) User=0.69s Sys=0.00s Real=0.11s
[2161.016s][info][gc,marking     ] GC(358) Concurrent Scan Root Regions 173.441ms
[2161.016s][info][gc,marking     ] GC(358) Concurrent Mark
[2161.016s][info][gc,marking     ] GC(358) Concurrent Mark From Roots
[2161.016s][info][gc,task        ] GC(358) Using 2 workers of 2 for marking
. (rIR:aIR:PR = 3183:3182:3182) (tPR = 47105) [OK] 
  2161s: Performance info:
         Transaction,    Success,    Partial,     Failed,   Receipts, AvgBarcode, 
             Overall,     191248,          0,          0,     181679,      59.47, 
         Response times:
             Request,    Success,    Partial,     Failed,   SkipFail,     Probes,    Samples,      min,      p50,      p90,      p95,      p99,      max, 
       TotalPurchase,     181679,          0,          0,          0,     177449,     196577,      300,     2600,     4300,     5200,    21000,   147000,
     InStorePurchase,      95624,          0,          0,          0,      93569,     103274,      300,     2700,     4300,     5400,    22000,   147000,
      OnlinePurchase,      66929,          0,          0,          0,      65499,      72752,      300,     2600,     4200,     5100,    19100,   141000,
        InstPurchase,      19126,          0,          0,          0,      18381,      20551,      400,     2600,     4400,     5300,    24000,   147000,
          AssocOfCat,        191,          0,          0,          0,        139,        200,    19600,    28000,    36000,    38950,    47970,    51000,
      AssocOfProduct,       1913,          0,          0,          0,       1731,       2093,      900,     3500,     4900,     6500,    27060,   139000,
      BusinessReport,        474,          0,          0,          0,        396,        527,    24000,    31000,    45000,    52800,   159200,   209000,
          CustBuyBeh,       1912,          0,          0,          0,       1714,       2087,      400,     2400,     3800,     4660,    18908,    64000,
       ProductReturn,       5079,          0,          0,          0,       4800,       5490,      200,     2700,     4300,     5400,    25000,   141000,

  2161s: (24%)   IR =   3321 [2161.917s][info][gc,marking     ] GC(358) Concurrent Mark From Roots 901.363ms
[2161.917s][info][gc,marking     ] GC(358) Concurrent Preclean
[2161.917s][info][gc,marking     ] GC(358) Concurrent Preclean 0.078ms
[2161.917s][info][gc,start       ] GC(358) Pause Remark
[2161.922s][info][gc             ] GC(358) Pause Remark 1843M->1843M(4096M) 4.448ms
[2161.922s][info][gc,cpu         ] GC(358) User=0.03s Sys=0.00s Real=0.00s
[2161.922s][info][gc,marking     ] GC(358) Concurrent Mark 906.193ms
[2161.922s][info][gc,marking     ] GC(358) Concurrent Rebuild Remembered Sets and Scrub Regions
[2162.126s][info][gc,marking     ] GC(358) Concurrent Rebuild Remembered Sets and Scrub Regions 203.646ms
[2162.126s][info][gc,start       ] GC(358) Pause Cleanup
[2162.126s][info][gc             ] GC(358) Pause Cleanup 1923M->1923M(4096M) 0.124ms
[2162.126s][info][gc,cpu         ] GC(358) User=0.00s Sys=0.00s Real=0.00s
[2162.126s][info][gc,marking     ] GC(358) Concurrent Clear Claimed Marks
[2162.126s][info][gc,marking     ] GC(358) Concurrent Clear Claimed Marks 0.025ms
[2162.126s][info][gc,marking     ] GC(358) Concurrent Cleanup for Next Mark
[2162.129s][info][gc,marking     ] GC(358) Concurrent Cleanup for Next Mark 3.252ms
[2162.129s][info][gc             ] GC(358) Concurrent Mark Cycle 1287.028ms
.....[2166.493s][info][gc,start       ] GC(359) Pause Young (Prepare Mixed) (G1 Evacuation Pause)
[2166.493s][info][gc,task        ] GC(359) Using 6 workers of 6 for evacuation
[2166.610s][info][gc,phases      ] GC(359)   Pre Evacuate Collection Set: 0.36ms
[2166.610s][info][gc,phases      ] GC(359)   Merge Heap Roots: 0.53ms
[2166.610s][info][gc,phases      ] GC(359)   Evacuate Collection Set: 114.87ms
[2166.610s][info][gc,phases      ] GC(359)   Post Evacuate Collection Set: 0.93ms
[2166.610s][info][gc,phases      ] GC(359)   Other: 0.10ms
[2166.610s][info][gc,heap        ] GC(359) Eden regions: 1120->0(1112)
[2166.610s][info][gc,heap        ] GC(359) Survivor regions: 108->109(154)
[2166.610s][info][gc,heap        ] GC(359) Old regions: 503->535
[2166.610s][info][gc,heap        ] GC(359) Humongous regions: 80->80
[2166.610s][info][gc,metaspace   ] GC(359) Metaspace: 28961K(29312K)->28961K(29312K) NonClass: 24077K(24256K)->24077K(24256K) Class: 4883K(5056K)->4883K(5056K)
[2166.610s][info][gc             ] GC(359) Pause Young (Prepare Mixed) (G1 Evacuation Pause) 3619M->1444M(4096M) 116.914ms
[2166.610s][info][gc,cpu         ] GC(359) User=0.69s Sys=0.00s Real=0.11s
.|....[2172.236s][info][gc,start       ] GC(360) Pause Young (Mixed) (G1 Evacuation Pause)
[2172.236s][info][gc,task        ] GC(360) Using 6 workers of 6 for evacuation
[2172.370s][info][gc,phases      ] GC(360)   Pre Evacuate Collection Set: 0.40ms
[2172.370s][info][gc,phases      ] GC(360)   Merge Heap Roots: 0.71ms
[2172.370s][info][gc,phases      ] GC(360)   Evacuate Collection Set: 131.73ms
[2172.370s][info][gc,phases      ] GC(360)   Post Evacuate Collection Set: 0.99ms
[2172.370s][info][gc,phases      ] GC(360)   Other: 0.10ms
[2172.370s][info][gc,heap        ] GC(360) Eden regions: 1112->0(1118)
[2172.370s][info][gc,heap        ] GC(360) Survivor regions: 109->110(153)
[2172.370s][info][gc,heap        ] GC(360) Old regions: 535->470
[2172.370s][info][gc,heap        ] GC(360) Humongous regions: 80->80
[2172.370s][info][gc,metaspace   ] GC(360) Metaspace: 28961K(29312K)->28961K(29312K) NonClass: 24077K(24256K)->24077K(24256K) Class: 4883K(5056K)->4883K(5056K)
[2172.370s][info][gc             ] GC(360) Pause Young (Mixed) (G1 Evacuation Pause) 3668M->1317M(4096M) 134.055ms
[2172.370s][info][gc,cpu         ] GC(360) User=0.80s Sys=0.00s Real=0.13s
......[2177.900s][info][gc,start       ] GC(361) Pause Young (Concurrent Start) (G1 Evacuation Pause)
[2177.900s][info][gc,task        ] GC(361) Using 6 workers of 6 for evacuation
[2178.016s][info][gc,phases      ] GC(361)   Pre Evacuate Collection Set: 0.41ms
[2178.016s][info][gc,phases      ] GC(361)   Merge Heap Roots: 0.48ms
[2178.016s][info][gc,phases      ] GC(361)   Evacuate Collection Set: 114.76ms
[2178.016s][info][gc,phases      ] GC(361)   Post Evacuate Collection Set: 0.93ms
[2178.016s][info][gc,phases      ] GC(361)   Other: 0.10ms
[2178.016s][info][gc,heap        ] GC(361) Eden regions: 1118->0(1119)
[2178.016s][info][gc,heap        ] GC(361) Survivor regions: 110->109(154)
[2178.016s][info][gc,heap        ] GC(361) Old regions: 470->503
[2178.016s][info][gc,heap        ] GC(361) Humongous regions: 80->80
[2178.016s][info][gc,metaspace   ] GC(361) Metaspace: 28961K(29312K)->28961K(29312K) NonClass: 24077K(24256K)->24077K(24256K) Class: 4883K(5056K)->4883K(5056K)
[2178.016s][info][gc             ] GC(361) Pause Young (Concurrent Start) (G1 Evacuation Pause) 3553M->1381M(4096M) 116.802ms
[2178.017s][info][gc             ] GC(362) Concurrent Mark Cycle
[2178.017s][info][gc,marking     ] GC(362) Concurrent Scan Root Regions
[2178.017s][info][gc,cpu         ] GC(361) User=0.69s Sys=0.00s Real=0.12s
[2178.187s][info][gc,marking     ] GC(362) Concurrent Scan Root Regions 170.672ms
[2178.187s][info][gc,marking     ] GC(362) Concurrent Mark
[2178.187s][info][gc,marking     ] GC(362) Concurrent Mark From Roots
[2178.187s][info][gc,task        ] GC(362) Using 2 workers of 2 for marking
.[2179.093s][info][gc,marking     ] GC(362) Concurrent Mark From Roots 905.745ms
[2179.093s][info][gc,marking     ] GC(362) Concurrent Preclean
[2179.093s][info][gc,marking     ] GC(362) Concurrent Preclean 0.068ms
[2179.093s][info][gc,start       ] GC(362) Pause Remark
[2179.098s][info][gc             ] GC(362) Pause Remark 1851M->1851M(4096M) 4.570ms
[2179.098s][info][gc,cpu         ] GC(362) User=0.03s Sys=0.00s Real=0.00s
[2179.098s][info][gc,marking     ] GC(362) Concurrent Mark 910.667ms
[2179.098s][info][gc,marking     ] GC(362) Concurrent Rebuild Remembered Sets and Scrub Regions
.[2179.489s][info][gc,marking     ] GC(362) Concurrent Rebuild Remembered Sets and Scrub Regions 391.283ms
[2179.489s][info][gc,start       ] GC(362) Pause Cleanup
[2179.489s][info][gc             ] GC(362) Pause Cleanup 1989M->1989M(4096M) 0.120ms
[2179.489s][info][gc,cpu         ] GC(362) User=0.00s Sys=0.00s Real=0.00s
[2179.490s][info][gc,marking     ] GC(362) Concurrent Clear Claimed Marks
[2179.490s][info][gc,marking     ] GC(362) Concurrent Clear Claimed Marks 0.024ms
[2179.490s][info][gc,marking     ] GC(362) Concurrent Cleanup for Next Mark
[2179.493s][info][gc,marking     ] GC(362) Concurrent Cleanup for Next Mark 3.461ms
[2179.493s][info][gc             ] GC(362) Concurrent Mark Cycle 1476.545ms
....[2183.583s][info][gc,start       ] GC(363) Pause Young (Prepare Mixed) (G1 Evacuation Pause)
[2183.584s][info][gc,task        ] GC(363) Using 6 workers of 6 for evacuation
[2183.701s][info][gc,phases      ] GC(363)   Pre Evacuate Collection Set: 0.40ms
[2183.701s][info][gc,phases      ] GC(363)   Merge Heap Roots: 0.54ms
[2183.701s][info][gc,phases      ] GC(363)   Evacuate Collection Set: 115.86ms
[2183.701s][info][gc,phases      ] GC(363)   Post Evacuate Collection Set: 0.97ms
[2183.701s][info][gc,phases      ] GC(363)   Other: 0.10ms
[2183.701s][info][gc,heap        ] GC(363) Eden regions: 1119->0(1112)
[2183.701s][info][gc,heap        ] GC(363) Survivor regions: 109->109(154)
[2183.701s][info][gc,heap        ] GC(363) Old regions: 503->535
[2183.701s][info][gc,heap        ] GC(363) Humongous regions: 80->80
[2183.701s][info][gc,metaspace   ] GC(363) Metaspace: 28961K(29312K)->28961K(29312K) NonClass: 24077K(24256K)->24077K(24256K) Class: 4883K(5056K)->4883K(5056K)
[2183.701s][info][gc             ] GC(363) Pause Young (Prepare Mixed) (G1 Evacuation Pause) 3619M->1445M(4096M) 117.994ms
[2183.702s][info][gc,cpu         ] GC(363) User=0.70s Sys=0.00s Real=0.11s
.....[2189.268s][info][gc,start       ] GC(364) Pause Young (Mixed) (G1 Evacuation Pause)
[2189.268s][info][gc,task        ] GC(364) Using 6 workers of 6 for evacuation
[2189.397s][info][gc,phases      ] GC(364)   Pre Evacuate Collection Set: 0.39ms
[2189.397s][info][gc,phases      ] GC(364)   Merge Heap Roots: 0.65ms
[2189.397s][info][gc,phases      ] GC(364)   Evacuate Collection Set: 127.04ms
[2189.397s][info][gc,phases      ] GC(364)   Post Evacuate Collection Set: 0.97ms
[2189.397s][info][gc,phases      ] GC(364)   Other: 0.10ms
[2189.397s][info][gc,heap        ] GC(364) Eden regions: 1112->0(1120)
[2189.397s][info][gc,heap        ] GC(364) Survivor regions: 109->108(153)
[2189.397s][info][gc,heap        ] GC(364) Old regions: 535->471
[2189.397s][info][gc,heap        ] GC(364) Humongous regions: 80->80
[2189.397s][info][gc,metaspace   ] GC(364) Metaspace: 28961K(29312K)->28961K(29312K) NonClass: 24077K(24256K)->24077K(24256K) Class: 4883K(5056K)->4883K(5056K)
[2189.397s][info][gc             ] GC(364) Pause Young (Mixed) (G1 Evacuation Pause) 3669M->1315M(4096M) 129.302ms
[2189.397s][info][gc,cpu         ] GC(364) User=0.76s Sys=0.00s Real=0.13s
......[2194.990s][info][gc,start       ] GC(365) Pause Young (Concurrent Start) (G1 Evacuation Pause)
[2194.990s][info][gc,task        ] GC(365) Using 6 workers of 6 for evacuation
[2195.110s][info][gc,phases      ] GC(365)   Pre Evacuate Collection Set: 0.45ms
[2195.110s][info][gc,phases      ] GC(365)   Merge Heap Roots: 0.56ms
[2195.110s][info][gc,phases      ] GC(365)   Evacuate Collection Set: 117.72ms
[2195.110s][info][gc,phases      ] GC(365)   Post Evacuate Collection Set: 0.94ms
[2195.110s][info][gc,phases      ] GC(365)   Other: 0.11ms
[2195.110s][info][gc,heap        ] GC(365) Eden regions: 1120->0(1117)
[2195.110s][info][gc,heap        ] GC(365) Survivor regions: 108->111(154)
[2195.110s][info][gc,heap        ] GC(365) Old regions: 471->504
[2195.110s][info][gc,heap        ] GC(365) Humongous regions: 80->80
[2195.110s][info][gc,metaspace   ] GC(365) Metaspace: 28961K(29312K)->28961K(29312K) NonClass: 24077K(24256K)->24077K(24256K) Class: 4883K(5056K)->4883K(5056K)
[2195.110s][info][gc             ] GC(365) Pause Young (Concurrent Start) (G1 Evacuation Pause) 3555M->1387M(4096M) 119.943ms
[2195.110s][info][gc             ] GC(366) Concurrent Mark Cycle
[2195.110s][info][gc,marking     ] GC(366) Concurrent Scan Root Regions
[2195.110s][info][gc,cpu         ] GC(365) User=0.71s Sys=0.00s Real=0.12s
[2195.287s][info][gc,marking     ] GC(366) Concurrent Scan Root Regions 177.350ms
[2195.288s][info][gc,marking     ] GC(366) Concurrent Mark
[2195.288s][info][gc,marking     ] GC(366) Concurrent Mark From Roots
[2195.288s][info][gc,task        ] GC(366) Using 2 workers of 2 for marking
.[2196.238s][info][gc,marking     ] GC(366) Concurrent Mark From Roots 950.778ms
[2196.238s][info][gc,marking     ] GC(366) Concurrent Preclean
[2196.238s][info][gc,marking     ] GC(366) Concurrent Preclean 0.050ms
[2196.239s][info][gc,start       ] GC(366) Pause Remark
[2196.244s][info][gc             ] GC(366) Pause Remark 1887M->1887M(4096M) 4.651ms
[2196.244s][info][gc,cpu         ] GC(366) User=0.03s Sys=0.00s Real=0.01s
[2196.244s][info][gc,marking     ] GC(366) Concurrent Mark 956.225ms
[2196.244s][info][gc,marking     ] GC(366) Concurrent Rebuild Remembered Sets and Scrub Regions
.[2196.598s][info][gc,marking     ] GC(366) Concurrent Rebuild Remembered Sets and Scrub Regions 354.085ms
[2196.598s][info][gc,start       ] GC(366) Pause Cleanup
[2196.598s][info][gc             ] GC(366) Pause Cleanup 2035M->2035M(4096M) 0.124ms
[2196.598s][info][gc,cpu         ] GC(366) User=0.00s Sys=0.00s Real=0.00s
[2196.598s][info][gc,marking     ] GC(366) Concurrent Clear Claimed Marks
[2196.598s][info][gc,marking     ] GC(366) Concurrent Clear Claimed Marks 0.027ms
[2196.598s][info][gc,marking     ] GC(366) Concurrent Cleanup for Next Mark
[2196.604s][info][gc,marking     ] GC(366) Concurrent Cleanup for Next Mark 5.609ms
[2196.604s][info][gc             ] GC(366) Concurrent Mark Cycle 1493.788ms
....[2200.617s][info][gc,start       ] GC(367) Pause Young (Prepare Mixed) (G1 Evacuation Pause)
[2200.617s][info][gc,task        ] GC(367) Using 6 workers of 6 for evacuation
[2200.733s][info][gc,phases      ] GC(367)   Pre Evacuate Collection Set: 0.38ms
[2200.733s][info][gc,phases      ] GC(367)   Merge Heap Roots: 0.51ms
[2200.733s][info][gc,phases      ] GC(367)   Evacuate Collection Set: 113.86ms
[2200.733s][info][gc,phases      ] GC(367)   Post Evacuate Collection Set: 0.95ms
[2200.733s][info][gc,phases      ] GC(367)   Other: 0.09ms
[2200.733s][info][gc,heap        ] GC(367) Eden regions: 1117->0(1111)
[2200.733s][info][gc,heap        ] GC(367) Survivor regions: 111->109(154)
[2200.733s][info][gc,heap        ] GC(367) Old regions: 504->536
[2200.733s][info][gc,heap        ] GC(367) Humongous regions: 80->80
[2200.733s][info][gc,metaspace   ] GC(367) Metaspace: 28961K(29312K)->28961K(29312K) NonClass: 24077K(24256K)->24077K(24256K) Class: 4883K(5056K)->4883K(5056K)
[2200.733s][info][gc             ] GC(367) Pause Young (Prepare Mixed) (G1 Evacuation Pause) 3621M->1447M(4096M) 115.932ms
[2200.733s][info][gc,cpu         ] GC(367) User=0.69s Sys=0.00s Real=0.12s
.....[2206.262s][info][gc,start       ] GC(368) Pause Young (Mixed) (G1 Evacuation Pause)
[2206.262s][info][gc,task        ] GC(368) Using 6 workers of 6 for evacuation
[2206.392s][info][gc,phases      ] GC(368)   Pre Evacuate Collection Set: 0.40ms
[2206.392s][info][gc,phases      ] GC(368)   Merge Heap Roots: 0.71ms
[2206.392s][info][gc,phases      ] GC(368)   Evacuate Collection Set: 128.56ms
[2206.392s][info][gc,phases      ] GC(368)   Post Evacuate Collection Set: 0.96ms
[2206.392s][info][gc,phases      ] GC(368)   Other: 0.08ms
[2206.392s][info][gc,heap        ] GC(368) Eden regions: 1111->0(1121)
[2206.392s][info][gc,heap        ] GC(368) Survivor regions: 109->107(153)
[2206.392s][info][gc,heap        ] GC(368) Old regions: 536->472
[2206.392s][info][gc,heap        ] GC(368) Humongous regions: 80->80
[2206.392s][info][gc,metaspace   ] GC(368) Metaspace: 28961K(29312K)->28961K(29312K) NonClass: 24077K(24256K)->24077K(24256K) Class: 4883K(5056K)->4883K(5056K)
[2206.392s][info][gc             ] GC(368) Pause Young (Mixed) (G1 Evacuation Pause) 3669M->1315M(4096M) 130.862ms
[2206.393s][info][gc,cpu         ] GC(368) User=0.77s Sys=0.00s Real=0.14s
......[2211.985s][info][gc,start       ] GC(369) Pause Young (Concurrent Start) (G1 Evacuation Pause)
[2211.985s][info][gc,task        ] GC(369) Using 6 workers of 6 for evacuation
[2212.102s][info][gc,phases      ] GC(369)   Pre Evacuate Collection Set: 0.39ms
[2212.102s][info][gc,phases      ] GC(369)   Merge Heap Roots: 0.51ms
[2212.102s][info][gc,phases      ] GC(369)   Evacuate Collection Set: 115.75ms
[2212.102s][info][gc,phases      ] GC(369)   Post Evacuate Collection Set: 0.92ms
[2212.102s][info][gc,phases      ] GC(369)   Other: 0.13ms
[2212.102s][info][gc,heap        ] GC(369) Eden regions: 1121->0(1118)
[2212.102s][info][gc,heap        ] GC(369) Survivor regions: 107->110(154)
[2212.102s][info][gc,heap        ] GC(369) Old regions: 472->504
[2212.102s][info][gc,heap        ] GC(369) Humongous regions: 80->80
[2212.102s][info][gc,metaspace   ] GC(369) Metaspace: 28961K(29312K)->28961K(29312K) NonClass: 24077K(24256K)->24077K(24256K) Class: 4883K(5056K)->4883K(5056K)
[2212.102s][info][gc             ] GC(369) Pause Young (Concurrent Start) (G1 Evacuation Pause) 3557M->1385M(4096M) 117.818ms
[2212.103s][info][gc             ] GC(370) Concurrent Mark Cycle
[2212.103s][info][gc,marking     ] GC(370) Concurrent Scan Root Regions
[2212.103s][info][gc,cpu         ] GC(369) User=0.70s Sys=0.00s Real=0.12s
[2212.275s][info][gc,marking     ] GC(370) Concurrent Scan Root Regions 172.105ms
[2212.275s][info][gc,marking     ] GC(370) Concurrent Mark
[2212.275s][info][gc,marking     ] GC(370) Concurrent Mark From Roots
[2212.275s][info][gc,task        ] GC(370) Using 2 workers of 2 for marking
.[2213.228s][info][gc,marking     ] GC(370) Concurrent Mark From Roots 953.633ms
[2213.228s][info][gc,marking     ] GC(370) Concurrent Preclean
[2213.228s][info][gc,marking     ] GC(370) Concurrent Preclean 0.062ms
[2213.229s][info][gc,start       ] GC(370) Pause Remark
[2213.233s][info][gc             ] GC(370) Pause Remark 1877M->1877M(4096M) 4.624ms
[2213.233s][info][gc,cpu         ] GC(370) User=0.03s Sys=0.00s Real=0.01s
[2213.233s][info][gc,marking     ] GC(370) Concurrent Mark 958.570ms
[2213.233s][info][gc,marking     ] GC(370) Concurrent Rebuild Remembered Sets and Scrub Regions
.[2213.499s][info][gc,marking     ] GC(370) Concurrent Rebuild Remembered Sets and Scrub Regions 265.288ms
[2213.499s][info][gc,start       ] GC(370) Pause Cleanup
[2213.499s][info][gc             ] GC(370) Pause Cleanup 2010M->2010M(4096M) 0.136ms
[2213.499s][info][gc,cpu         ] GC(370) User=0.00s Sys=0.00s Real=0.00s
[2213.500s][info][gc,marking     ] GC(370) Concurrent Clear Claimed Marks
[2213.500s][info][gc,marking     ] GC(370) Concurrent Clear Claimed Marks 0.042ms
[2213.500s][info][gc,marking     ] GC(370) Concurrent Cleanup for Next Mark
[2213.505s][info][gc,marking     ] GC(370) Concurrent Cleanup for Next Mark 4.791ms
[2213.505s][info][gc             ] GC(370) Concurrent Mark Cycle 1402.831ms
....[2217.737s][info][gc,start       ] GC(371) Pause Young (Prepare Mixed) (G1 Evacuation Pause)
[2217.737s][info][gc,task        ] GC(371) Using 6 workers of 6 for evacuation
[2217.854s][info][gc,phases      ] GC(371)   Pre Evacuate Collection Set: 0.36ms
[2217.854s][info][gc,phases      ] GC(371)   Merge Heap Roots: 0.52ms
[2217.854s][info][gc,phases      ] GC(371)   Evacuate Collection Set: 114.34ms
[2217.854s][info][gc,phases      ] GC(371)   Post Evacuate Collection Set: 0.95ms
[2217.854s][info][gc,phases      ] GC(371)   Other: 0.10ms
[2217.854s][info][gc,heap        ] GC(371) Eden regions: 1118->0(1112)
[2217.854s][info][gc,heap        ] GC(371) Survivor regions: 110->109(154)
[2217.854s][info][gc,heap        ] GC(371) Old regions: 504->535
[2217.854s][info][gc,heap        ] GC(371) Humongous regions: 80->80
[2217.854s][info][gc,metaspace   ] GC(371) Metaspace: 28966K(29312K)->28966K(29312K) NonClass: 24082K(24256K)->24082K(24256K) Class: 4883K(5056K)->4883K(5056K)
[2217.854s][info][gc             ] GC(371) Pause Young (Prepare Mixed) (G1 Evacuation Pause) 3621M->1445M(4096M) 116.407ms
[2217.854s][info][gc,cpu         ] GC(371) User=0.69s Sys=0.01s Real=0.12s
.....[2223.359s][info][gc,start       ] GC(372) Pause Young (Mixed) (G1 Evacuation Pause)
[2223.359s][info][gc,task        ] GC(372) Using 6 workers of 6 for evacuation
[2223.491s][info][gc,phases      ] GC(372)   Pre Evacuate Collection Set: 0.44ms
[2223.491s][info][gc,phases      ] GC(372)   Merge Heap Roots: 0.76ms
[2223.491s][info][gc,phases      ] GC(372)   Evacuate Collection Set: 129.56ms
[2223.491s][info][gc,phases      ] GC(372)   Post Evacuate Collection Set: 0.99ms
[2223.491s][info][gc,phases      ] GC(372)   Other: 0.09ms
[2223.491s][info][gc,heap        ] GC(372) Eden regions: 1112->0(1120)
[2223.491s][info][gc,heap        ] GC(372) Survivor regions: 109->108(153)
[2223.491s][info][gc,heap        ] GC(372) Old regions: 535->470
[2223.491s][info][gc,heap        ] GC(372) Humongous regions: 80->80
[2223.491s][info][gc,metaspace   ] GC(372) Metaspace: 28966K(29312K)->28966K(29312K) NonClass: 24082K(24256K)->24082K(24256K) Class: 4883K(5056K)->4883K(5056K)
[2223.491s][info][gc             ] GC(372) Pause Young (Mixed) (G1 Evacuation Pause) 3669M->1313M(4096M) 131.970ms
[2223.491s][info][gc,cpu         ] GC(372) User=0.78s Sys=0.00s Real=0.13s
..... (rIR:aIR:PR = 3321:3320:3320) (tPR = 49652) [OK] 
  2227s: Performance info:
         Transaction,    Success,    Partial,     Failed,   Receipts, AvgBarcode, 
             Overall,     200065,          0,          0,     190045,      59.48, 
         Response times:
             Request,    Success,    Partial,     Failed,   SkipFail,     Probes,    Samples,      min,      p50,      p90,      p95,      p99,      max, 
       TotalPurchase,     190047,          0,          0,          0,     185640,     205797,      300,     2700,     4500,     5500,    18700,   185000,
     InStorePurchase,      99995,          0,          0,          0,      98035,     108344,      300,     2700,     4500,     5600,    18755,   185000,
      OnlinePurchase,      70035,          0,          0,          0,      68225,      75757,      300,     2700,     4400,     5400,    17100,   140000,
        InstPurchase,      20017,          0,          0,          0,      19380,      21696,      400,     2700,     4500,     5400,    18000,   138000,
          AssocOfCat,        200,          0,          0,          0,        148,        212,    18900,    28000,    38000,    43700,    65870,    69000,
      AssocOfProduct,       2012,          0,          0,          0,       1855,       2217,      800,     3700,     5200,     6800,    24820,   123000,
      BusinessReport,        500,          0,          0,          0,        413,        552,    25000,    32000,    46000,    51000,    90270,   194000,
          CustBuyBeh,       2000,          0,          0,          0,       1831,       2148,      200,     1800,     3800,     4900,    16500,   122000,
       ProductReturn,       5308,          0,          0,          0,       5016,       5746,      300,     2600,     4300,     5400,    17900,   136000,

  2227s: (25%)   IR =   3459 .[2229.075s][info][gc,start       ] GC(373) Pause Young (Concurrent Start) (G1 Evacuation Pause)
[2229.075s][info][gc,task        ] GC(373) Using 6 workers of 6 for evacuation
[2229.192s][info][gc,phases      ] GC(373)   Pre Evacuate Collection Set: 0.43ms
[2229.192s][info][gc,phases      ] GC(373)   Merge Heap Roots: 0.53ms
[2229.192s][info][gc,phases      ] GC(373)   Evacuate Collection Set: 114.90ms
[2229.192s][info][gc,phases      ] GC(373)   Post Evacuate Collection Set: 0.94ms
[2229.192s][info][gc,phases      ] GC(373)   Other: 0.10ms
[2229.192s][info][gc,heap        ] GC(373) Eden regions: 1120->0(1119)
[2229.192s][info][gc,heap        ] GC(373) Survivor regions: 108->109(154)
[2229.192s][info][gc,heap        ] GC(373) Old regions: 470->503
[2229.192s][info][gc,heap        ] GC(373) Humongous regions: 80->80
[2229.192s][info][gc,metaspace   ] GC(373) Metaspace: 28966K(29312K)->28966K(29312K) NonClass: 24082K(24256K)->24082K(24256K) Class: 4883K(5056K)->4883K(5056K)
[2229.192s][info][gc             ] GC(373) Pause Young (Concurrent Start) (G1 Evacuation Pause) 3553M->1381M(4096M) 117.045ms
[2229.192s][info][gc             ] GC(374) Concurrent Mark Cycle
[2229.192s][info][gc,marking     ] GC(374) Concurrent Scan Root Regions
[2229.192s][info][gc,cpu         ] GC(373) User=0.69s Sys=0.01s Real=0.11s
[2229.352s][info][gc,marking     ] GC(374) Concurrent Scan Root Regions 160.168ms
[2229.352s][info][gc,marking     ] GC(374) Concurrent Mark
[2229.352s][info][gc,marking     ] GC(374) Concurrent Mark From Roots
[2229.352s][info][gc,task        ] GC(374) Using 2 workers of 2 for marking
.[2229.993s][info][gc,marking     ] GC(374) Concurrent Mark From Roots 640.935ms
[2229.993s][info][gc,marking     ] GC(374) Concurrent Preclean
[2229.994s][info][gc,marking     ] GC(374) Concurrent Preclean 0.075ms
[2229.994s][info][gc,start       ] GC(374) Pause Remark
[2229.998s][info][gc             ] GC(374) Pause Remark 1751M->1751M(4096M) 4.030ms
[2229.998s][info][gc,cpu         ] GC(374) User=0.02s Sys=0.00s Real=0.00s
[2229.998s][info][gc,marking     ] GC(374) Concurrent Mark 645.316ms
[2229.998s][info][gc,marking     ] GC(374) Concurrent Rebuild Remembered Sets and Scrub Regions
[2230.243s][info][gc,marking     ] GC(374) Concurrent Rebuild Remembered Sets and Scrub Regions 245.125ms
[2230.243s][info][gc,start       ] GC(374) Pause Cleanup
[2230.243s][info][gc             ] GC(374) Pause Cleanup 1848M->1848M(4096M) 0.122ms
[2230.243s][info][gc,cpu         ] GC(374) User=0.00s Sys=0.00s Real=0.00s
[2230.243s][info][gc,marking     ] GC(374) Concurrent Clear Claimed Marks
[2230.243s][info][gc,marking     ] GC(374) Concurrent Clear Claimed Marks 0.031ms
[2230.243s][info][gc,marking     ] GC(374) Concurrent Cleanup for Next Mark
[2230.247s][info][gc,marking     ] GC(374) Concurrent Cleanup for Next Mark 3.546ms
[2230.247s][info][gc             ] GC(374) Concurrent Mark Cycle 1054.651ms
...|..[2234.549s][info][gc,start       ] GC(375) Pause Young (Prepare Mixed) (G1 Evacuation Pause)
[2234.549s][info][gc,task        ] GC(375) Using 6 workers of 6 for evacuation
[2234.665s][info][gc,phases      ] GC(375)   Pre Evacuate Collection Set: 0.36ms
[2234.665s][info][gc,phases      ] GC(375)   Merge Heap Roots: 0.53ms
[2234.665s][info][gc,phases      ] GC(375)   Evacuate Collection Set: 114.23ms
[2234.665s][info][gc,phases      ] GC(375)   Post Evacuate Collection Set: 0.97ms
[2234.665s][info][gc,phases      ] GC(375)   Other: 0.09ms
[2234.665s][info][gc,heap        ] GC(375) Eden regions: 1119->0(1113)
[2234.665s][info][gc,heap        ] GC(375) Survivor regions: 109->109(154)
[2234.665s][info][gc,heap        ] GC(375) Old regions: 503->534
[2234.665s][info][gc,heap        ] GC(375) Humongous regions: 80->80
[2234.665s][info][gc,metaspace   ] GC(375) Metaspace: 28966K(29312K)->28966K(29312K) NonClass: 24082K(24256K)->24082K(24256K) Class: 4883K(5056K)->4883K(5056K)
[2234.665s][info][gc             ] GC(375) Pause Young (Prepare Mixed) (G1 Evacuation Pause) 3619M->1443M(4096M) 116.322ms
[2234.665s][info][gc,cpu         ] GC(375) User=0.69s Sys=0.00s Real=0.12s
.....[2239.932s][info][gc,start       ] GC(376) Pause Young (Mixed) (G1 Evacuation Pause)
[2239.932s][info][gc,task        ] GC(376) Using 6 workers of 6 for evacuation
[2240.064s][info][gc,phases      ] GC(376)   Pre Evacuate Collection Set: 0.44ms
[2240.064s][info][gc,phases      ] GC(376)   Merge Heap Roots: 0.68ms
[2240.064s][info][gc,phases      ] GC(376)   Evacuate Collection Set: 130.27ms
[2240.064s][info][gc,phases      ] GC(376)   Post Evacuate Collection Set: 0.95ms
[2240.064s][info][gc,phases      ] GC(376)   Other: 0.09ms
[2240.064s][info][gc,heap        ] GC(376) Eden regions: 1113->0(1120)
[2240.064s][info][gc,heap        ] GC(376) Survivor regions: 109->108(153)
[2240.064s][info][gc,heap        ] GC(376) Old regions: 534->471
[2240.064s][info][gc,heap        ] GC(376) Humongous regions: 80->80
[2240.064s][info][gc,metaspace   ] GC(376) Metaspace: 28966K(29312K)->28966K(29312K) NonClass: 24082K(24256K)->24082K(24256K) Class: 4883K(5056K)->4883K(5056K)
[2240.064s][info][gc             ] GC(376) Pause Young (Mixed) (G1 Evacuation Pause) 3669M->1316M(4096M) 132.541ms
[2240.064s][info][gc,cpu         ] GC(376) User=0.78s Sys=0.00s Real=0.14s
.....[2245.452s][info][gc,start       ] GC(377) Pause Young (Concurrent Start) (G1 Evacuation Pause)
[2245.452s][info][gc,task        ] GC(377) Using 6 workers of 6 for evacuation
[2245.568s][info][gc,phases      ] GC(377)   Pre Evacuate Collection Set: 0.41ms
[2245.568s][info][gc,phases      ] GC(377)   Merge Heap Roots: 0.49ms
[2245.568s][info][gc,phases      ] GC(377)   Evacuate Collection Set: 114.26ms
[2245.568s][info][gc,phases      ] GC(377)   Post Evacuate Collection Set: 0.89ms
[2245.568s][info][gc,phases      ] GC(377)   Other: 0.11ms
[2245.568s][info][gc,heap        ] GC(377) Eden regions: 1120->0(1120)
[2245.568s][info][gc,heap        ] GC(377) Survivor regions: 108->108(154)
[2245.568s][info][gc,heap        ] GC(377) Old regions: 471->504
[2245.568s][info][gc,heap        ] GC(377) Humongous regions: 80->80
[2245.568s][info][gc,metaspace   ] GC(377) Metaspace: 28966K(29312K)->28966K(29312K) NonClass: 24082K(24256K)->24082K(24256K) Class: 4883K(5056K)->4883K(5056K)
[2245.568s][info][gc             ] GC(377) Pause Young (Concurrent Start) (G1 Evacuation Pause) 3556M->1381M(4096M) 116.301ms
[2245.568s][info][gc             ] GC(378) Concurrent Mark Cycle
[2245.568s][info][gc,marking     ] GC(378) Concurrent Scan Root Regions
[2245.568s][info][gc,cpu         ] GC(377) User=0.68s Sys=0.00s Real=0.12s
.[2245.702s][info][gc,marking     ] GC(378) Concurrent Scan Root Regions 133.529ms
[2245.702s][info][gc,marking     ] GC(378) Concurrent Mark
[2245.702s][info][gc,marking     ] GC(378) Concurrent Mark From Roots
[2245.702s][info][gc,task        ] GC(378) Using 2 workers of 2 for marking
[2246.401s][info][gc,marking     ] GC(378) Concurrent Mark From Roots 699.580ms
[2246.401s][info][gc,marking     ] GC(378) Concurrent Preclean
[2246.401s][info][gc,marking     ] GC(378) Concurrent Preclean 0.089ms
[2246.402s][info][gc,start       ] GC(378) Pause Remark
[2246.406s][info][gc             ] GC(378) Pause Remark 1787M->1787M(4096M) 4.246ms
[2246.406s][info][gc,cpu         ] GC(378) User=0.03s Sys=0.00s Real=0.01s
[2246.406s][info][gc,marking     ] GC(378) Concurrent Mark 704.170ms
[2246.406s][info][gc,marking     ] GC(378) Concurrent Rebuild Remembered Sets and Scrub Regions
.[2246.663s][info][gc,marking     ] GC(378) Concurrent Rebuild Remembered Sets and Scrub Regions 257.208ms
[2246.663s][info][gc,start       ] GC(378) Pause Cleanup
[2246.663s][info][gc             ] GC(378) Pause Cleanup 1912M->1912M(4096M) 0.125ms
[2246.663s][info][gc,cpu         ] GC(378) User=0.00s Sys=0.00s Real=0.00s
[2246.663s][info][gc,marking     ] GC(378) Concurrent Clear Claimed Marks
[2246.663s][info][gc,marking     ] GC(378) Concurrent Clear Claimed Marks 0.027ms
[2246.663s][info][gc,marking     ] GC(378) Concurrent Cleanup for Next Mark
[2246.667s][info][gc,marking     ] GC(378) Concurrent Cleanup for Next Mark 3.662ms
[2246.667s][info][gc             ] GC(378) Concurrent Mark Cycle 1099.075ms
....[2250.906s][info][gc,start       ] GC(379) Pause Young (Prepare Mixed) (G1 Evacuation Pause)
[2250.906s][info][gc,task        ] GC(379) Using 6 workers of 6 for evacuation
[2251.024s][info][gc,phases      ] GC(379)   Pre Evacuate Collection Set: 0.37ms
[2251.024s][info][gc,phases      ] GC(379)   Merge Heap Roots: 0.53ms
[2251.024s][info][gc,phases      ] GC(379)   Evacuate Collection Set: 115.32ms
[2251.024s][info][gc,phases      ] GC(379)   Post Evacuate Collection Set: 0.97ms
[2251.024s][info][gc,phases      ] GC(379)   Other: 0.08ms
[2251.024s][info][gc,heap        ] GC(379) Eden regions: 1120->0(1112)
[2251.024s][info][gc,heap        ] GC(379) Survivor regions: 108->109(154)
[2251.024s][info][gc,heap        ] GC(379) Old regions: 504->535
[2251.024s][info][gc,heap        ] GC(379) Humongous regions: 80->80
[2251.024s][info][gc,metaspace   ] GC(379) Metaspace: 28966K(29312K)->28966K(29312K) NonClass: 24082K(24256K)->24082K(24256K) Class: 4883K(5056K)->4883K(5056K)
[2251.024s][info][gc             ] GC(379) Pause Young (Prepare Mixed) (G1 Evacuation Pause) 3621M->1446M(4096M) 117.410ms
[2251.024s][info][gc,cpu         ] GC(379) User=0.69s Sys=0.00s Real=0.12s
.....[2256.310s][info][gc,start       ] GC(380) Pause Young (Mixed) (G1 Evacuation Pause)
[2256.310s][info][gc,task        ] GC(380) Using 6 workers of 6 for evacuation
[2256.442s][info][gc,phases      ] GC(380)   Pre Evacuate Collection Set: 0.42ms
[2256.442s][info][gc,phases      ] GC(380)   Merge Heap Roots: 0.70ms
[2256.442s][info][gc,phases      ] GC(380)   Evacuate Collection Set: 129.36ms
[2256.442s][info][gc,phases      ] GC(380)   Post Evacuate Collection Set: 0.98ms
[2256.442s][info][gc,phases      ] GC(380)   Other: 0.09ms
[2256.442s][info][gc,heap        ] GC(380) Eden regions: 1112->0(1121)
[2256.442s][info][gc,heap        ] GC(380) Survivor regions: 109->107(153)
[2256.442s][info][gc,heap        ] GC(380) Old regions: 535->472
[2256.442s][info][gc,heap        ] GC(380) Humongous regions: 80->80
[2256.442s][info][gc,metaspace   ] GC(380) Metaspace: 28966K(29312K)->28966K(29312K) NonClass: 24082K(24256K)->24082K(24256K) Class: 4883K(5056K)->4883K(5056K)
[2256.442s][info][gc             ] GC(380) Pause Young (Mixed) (G1 Evacuation Pause) 3670M->1315M(4096M) 131.699ms
[2256.442s][info][gc,cpu         ] GC(380) User=0.78s Sys=0.00s Real=0.13s
......[2261.835s][info][gc,start       ] GC(381) Pause Young (Concurrent Start) (G1 Evacuation Pause)
[2261.835s][info][gc,task        ] GC(381) Using 6 workers of 6 for evacuation
[2261.952s][info][gc,phases      ] GC(381)   Pre Evacuate Collection Set: 0.40ms
[2261.952s][info][gc,phases      ] GC(381)   Merge Heap Roots: 0.50ms
[2261.952s][info][gc,phases      ] GC(381)   Evacuate Collection Set: 114.41ms
[2261.952s][info][gc,phases      ] GC(381)   Post Evacuate Collection Set: 0.91ms
[2261.952s][info][gc,phases      ] GC(381)   Other: 0.11ms
[2261.952s][info][gc,heap        ] GC(381) Eden regions: 1121->0(1118)
[2261.952s][info][gc,heap        ] GC(381) Survivor regions: 107->110(154)
[2261.952s][info][gc,heap        ] GC(381) Old regions: 472->503
[2261.952s][info][gc,heap        ] GC(381) Humongous regions: 80->80
[2261.952s][info][gc,metaspace   ] GC(381) Metaspace: 28966K(29312K)->28966K(29312K) NonClass: 24082K(24256K)->24082K(24256K) Class: 4883K(5056K)->4883K(5056K)
[2261.952s][info][gc             ] GC(381) Pause Young (Concurrent Start) (G1 Evacuation Pause) 3557M->1383M(4096M) 116.462ms
[2261.952s][info][gc             ] GC(382) Concurrent Mark Cycle
[2261.952s][info][gc,marking     ] GC(382) Concurrent Scan Root Regions
[2261.952s][info][gc,cpu         ] GC(381) User=0.69s Sys=0.00s Real=0.11s
[2262.107s][info][gc,marking     ] GC(382) Concurrent Scan Root Regions 155.599ms
[2262.107s][info][gc,marking     ] GC(382) Concurrent Mark
[2262.107s][info][gc,marking     ] GC(382) Concurrent Mark From Roots
[2262.107s][info][gc,task        ] GC(382) Using 2 workers of 2 for marking
.[2262.785s][info][gc,marking     ] GC(382) Concurrent Mark From Roots 677.252ms
[2262.785s][info][gc,marking     ] GC(382) Concurrent Preclean
[2262.785s][info][gc,marking     ] GC(382) Concurrent Preclean 0.058ms
[2262.785s][info][gc,start       ] GC(382) Pause Remark
[2262.789s][info][gc             ] GC(382) Pause Remark 1793M->1793M(4096M) 4.043ms
[2262.789s][info][gc,cpu         ] GC(382) User=0.03s Sys=0.00s Real=0.00s
[2262.789s][info][gc,marking     ] GC(382) Concurrent Mark 681.614ms
[2262.789s][info][gc,marking     ] GC(382) Concurrent Rebuild Remembered Sets and Scrub Regions
[2263.022s][info][gc,marking     ] GC(382) Concurrent Rebuild Remembered Sets and Scrub Regions 233.264ms
[2263.023s][info][gc,start       ] GC(382) Pause Cleanup
[2263.023s][info][gc             ] GC(382) Pause Cleanup 1883M->1883M(4096M) 0.138ms
[2263.023s][info][gc,cpu         ] GC(382) User=0.00s Sys=0.00s Real=0.00s
[2263.023s][info][gc,marking     ] GC(382) Concurrent Clear Claimed Marks
[2263.023s][info][gc,marking     ] GC(382) Concurrent Clear Claimed Marks 0.037ms
[2263.023s][info][gc,marking     ] GC(382) Concurrent Cleanup for Next Mark
[2263.027s][info][gc,marking     ] GC(382) Concurrent Cleanup for Next Mark 4.068ms
[2263.027s][info][gc             ] GC(382) Concurrent Mark Cycle 1075.498ms
....[2267.219s][info][gc,start       ] GC(383) Pause Young (Prepare Mixed) (G1 Evacuation Pause)
[2267.219s][info][gc,task        ] GC(383) Using 6 workers of 6 for evacuation
[2267.340s][info][gc,phases      ] GC(383)   Pre Evacuate Collection Set: 0.35ms
[2267.340s][info][gc,phases      ] GC(383)   Merge Heap Roots: 0.54ms
[2267.340s][info][gc,phases      ] GC(383)   Evacuate Collection Set: 118.87ms
[2267.340s][info][gc,phases      ] GC(383)   Post Evacuate Collection Set: 1.01ms
[2267.340s][info][gc,phases      ] GC(383)   Other: 0.09ms
[2267.340s][info][gc,heap        ] GC(383) Eden regions: 1118->0(1106)
[2267.340s][info][gc,heap        ] GC(383) Survivor regions: 110->112(154)
[2267.340s][info][gc,heap        ] GC(383) Old regions: 503->535
[2267.340s][info][gc,heap        ] GC(383) Humongous regions: 80->80
[2267.340s][info][gc,metaspace   ] GC(383) Metaspace: 28966K(29312K)->28966K(29312K) NonClass: 24082K(24256K)->24082K(24256K) Class: 4883K(5056K)->4883K(5056K)
[2267.340s][info][gc             ] GC(383) Pause Young (Prepare Mixed) (G1 Evacuation Pause) 3619M->1451M(4096M) 120.991ms
[2267.340s][info][gc,cpu         ] GC(383) User=0.71s Sys=0.00s Real=0.12s
......[2272.725s][info][gc,start       ] GC(384) Pause Young (Mixed) (G1 Evacuation Pause)
[2272.725s][info][gc,task        ] GC(384) Using 6 workers of 6 for evacuation
[2272.856s][info][gc,phases      ] GC(384)   Pre Evacuate Collection Set: 0.40ms
[2272.856s][info][gc,phases      ] GC(384)   Merge Heap Roots: 0.61ms
[2272.856s][info][gc,phases      ] GC(384)   Evacuate Collection Set: 128.91ms
[2272.856s][info][gc,phases      ] GC(384)   Post Evacuate Collection Set: 0.98ms
[2272.856s][info][gc,phases      ] GC(384)   Other: 0.09ms
[2272.856s][info][gc,heap        ] GC(384) Eden regions: 1106->0(1120)
[2272.856s][info][gc,heap        ] GC(384) Survivor regions: 112->108(153)
[2272.856s][info][gc,heap        ] GC(384) Old regions: 535->471
[2272.856s][info][gc,heap        ] GC(384) Humongous regions: 80->80
[2272.856s][info][gc,metaspace   ] GC(384) Metaspace: 28966K(29312K)->28966K(29312K) NonClass: 24082K(24256K)->24082K(24256K) Class: 4883K(5056K)->4883K(5056K)
[2272.856s][info][gc             ] GC(384) Pause Young (Mixed) (G1 Evacuation Pause) 3663M->1315M(4096M) 131.117ms
[2272.856s][info][gc,cpu         ] GC(384) User=0.78s Sys=0.00s Real=0.13s
.....[2278.141s][info][gc,start       ] GC(385) Pause Young (Concurrent Start) (G1 Evacuation Pause)
[2278.141s][info][gc,task        ] GC(385) Using 6 workers of 6 for evacuation
[2278.257s][info][gc,phases      ] GC(385)   Pre Evacuate Collection Set: 0.45ms
[2278.257s][info][gc,phases      ] GC(385)   Merge Heap Roots: 0.56ms
[2278.257s][info][gc,phases      ] GC(385)   Evacuate Collection Set: 112.92ms
[2278.257s][info][gc,phases      ] GC(385)   Post Evacuate Collection Set: 0.94ms
[2278.257s][info][gc,phases      ] GC(385)   Other: 0.59ms
[2278.257s][info][gc,heap        ] GC(385) Eden regions: 1120->0(1121)
[2278.257s][info][gc,heap        ] GC(385) Survivor regions: 108->107(154)
[2278.257s][info][gc,heap        ] GC(385) Old regions: 471->503
[2278.257s][info][gc,heap        ] GC(385) Humongous regions: 80->80
[2278.257s][info][gc,metaspace   ] GC(385) Metaspace: 28966K(29312K)->28966K(29312K) NonClass: 24082K(24256K)->24082K(24256K) Class: 4883K(5056K)->4883K(5056K)
[2278.257s][info][gc             ] GC(385) Pause Young (Concurrent Start) (G1 Evacuation Pause) 3555M->1378M(4096M) 115.618ms
[2278.257s][info][gc             ] GC(386) Concurrent Mark Cycle
[2278.257s][info][gc,marking     ] GC(386) Concurrent Scan Root Regions
[2278.257s][info][gc,cpu         ] GC(385) User=0.68s Sys=0.00s Real=0.12s
[2278.427s][info][gc,marking     ] GC(386) Concurrent Scan Root Regions 170.448ms
[2278.427s][info][gc,marking     ] GC(386) Concurrent Mark
[2278.427s][info][gc,marking     ] GC(386) Concurrent Mark From Roots
[2278.427s][info][gc,task        ] GC(386) Using 2 workers of 2 for marking
.[2279.378s][info][gc,marking     ] GC(386) Concurrent Mark From Roots 950.651ms
[2279.378s][info][gc,marking     ] GC(386) Concurrent Preclean
[2279.378s][info][gc,marking     ] GC(386) Concurrent Preclean 0.062ms
[2279.378s][info][gc,start       ] GC(386) Pause Remark
[2279.383s][info][gc             ] GC(386) Pause Remark 1886M->1886M(4096M) 4.662ms
[2279.383s][info][gc,cpu         ] GC(386) User=0.03s Sys=0.00s Real=0.01s
[2279.383s][info][gc,marking     ] GC(386) Concurrent Mark 955.636ms
[2279.383s][info][gc,marking     ] GC(386) Concurrent Rebuild Remembered Sets and Scrub Regions
.[2279.733s][info][gc,marking     ] GC(386) Concurrent Rebuild Remembered Sets and Scrub Regions 349.995ms
[2279.733s][info][gc,start       ] GC(386) Pause Cleanup
[2279.733s][info][gc             ] GC(386) Pause Cleanup 2037M->2037M(4096M) 0.132ms
[2279.733s][info][gc,cpu         ] GC(386) User=0.00s Sys=0.00s Real=0.00s
[2279.733s][info][gc,marking     ] GC(386) Concurrent Clear Claimed Marks
[2279.733s][info][gc,marking     ] GC(386) Concurrent Clear Claimed Marks 0.028ms
[2279.733s][info][gc,marking     ] GC(386) Concurrent Cleanup for Next Mark
[2279.737s][info][gc,marking     ] GC(386) Concurrent Cleanup for Next Mark 3.756ms
[2279.737s][info][gc             ] GC(386) Concurrent Mark Cycle 1480.381ms
....[2283.647s][info][gc,start       ] GC(387) Pause Young (Prepare Mixed) (G1 Evacuation Pause)
[2283.647s][info][gc,task        ] GC(387) Using 6 workers of 6 for evacuation
[2283.765s][info][gc,phases      ] GC(387)   Pre Evacuate Collection Set: 0.36ms
[2283.765s][info][gc,phases      ] GC(387)   Merge Heap Roots: 0.53ms
[2283.765s][info][gc,phases      ] GC(387)   Evacuate Collection Set: 115.21ms
[2283.765s][info][gc,phases      ] GC(387)   Post Evacuate Collection Set: 0.94ms
[2283.765s][info][gc,phases      ] GC(387)   Other: 0.09ms
[2283.765s][info][gc,heap        ] GC(387) Eden regions: 1121->0(1114)
[2283.765s][info][gc,heap        ] GC(387) Survivor regions: 107->108(154)
[2283.765s][info][gc,heap        ] GC(387) Old regions: 503->535
[2283.765s][info][gc,heap        ] GC(387) Humongous regions: 80->80
[2283.765s][info][gc,metaspace   ] GC(387) Metaspace: 28966K(29312K)->28966K(29312K) NonClass: 24082K(24256K)->24082K(24256K) Class: 4883K(5056K)->4883K(5056K)
[2283.765s][info][gc             ] GC(387) Pause Young (Prepare Mixed) (G1 Evacuation Pause) 3620M->1444M(4096M) 117.276ms
[2283.765s][info][gc,cpu         ] GC(387) User=0.69s Sys=0.00s Real=0.12s
.....[2289.070s][info][gc,start       ] GC(388) Pause Young (Mixed) (G1 Evacuation Pause)
[2289.070s][info][gc,task        ] GC(388) Using 6 workers of 6 for evacuation
[2289.201s][info][gc,phases      ] GC(388)   Pre Evacuate Collection Set: 0.39ms
[2289.201s][info][gc,phases      ] GC(388)   Merge Heap Roots: 0.66ms
[2289.201s][info][gc,phases      ] GC(388)   Evacuate Collection Set: 128.94ms
[2289.201s][info][gc,phases      ] GC(388)   Post Evacuate Collection Set: 0.99ms
[2289.201s][info][gc,phases      ] GC(388)   Other: 0.09ms
[2289.201s][info][gc,heap        ] GC(388) Eden regions: 1114->0(1119)
[2289.201s][info][gc,heap        ] GC(388) Survivor regions: 108->109(153)
[2289.201s][info][gc,heap        ] GC(388) Old regions: 535->470
[2289.201s][info][gc,heap        ] GC(388) Humongous regions: 80->80
[2289.201s][info][gc,metaspace   ] GC(388) Metaspace: 28966K(29312K)->28966K(29312K) NonClass: 24082K(24256K)->24082K(24256K) Class: 4883K(5056K)->4883K(5056K)
[2289.201s][info][gc             ] GC(388) Pause Young (Mixed) (G1 Evacuation Pause) 3672M->1315M(4096M) 131.215ms
[2289.201s][info][gc,cpu         ] GC(388) User=0.77s Sys=0.00s Real=0.13s
.... (rIR:aIR:PR = 3459:3460:3460) (tPR = 51358) [OK] 
  2292s: Performance info:
         Transaction,    Success,    Partial,     Failed,   Receipts, AvgBarcode, 
             Overall,     207963,          0,          0,     197567,      59.47, 
         Response times:
             Request,    Success,    Partial,     Failed,   SkipFail,     Probes,    Samples,      min,      p50,      p90,      p95,      p99,      max, 
       TotalPurchase,     197568,          0,          0,          0,     193360,     210243,      300,     2900,     4900,     6200,    29000,   202000,
     InStorePurchase,     103959,          0,          0,          0,     102131,     110996,      300,     2900,     4800,     6200,    29000,   202000,
      OnlinePurchase,      72828,          0,          0,          0,      71090,      77122,      300,     2800,     4900,     6400,    30000,   182000,
        InstPurchase,      20781,          0,          0,          0,      20139,      22125,      400,     2900,     4900,     6200,    29740,   182000,
          AssocOfCat,        208,          0,          0,          0,        154,        228,    19000,    29000,    39000,    47550,    59420,    62000,
      AssocOfProduct,       2078,          0,          0,          0,       1893,       2200,      400,     4100,     6000,     7995,    39000,   139000,
      BusinessReport,        516,          0,          0,          0,        422,        547,    22000,    31000,    44000,    50000,    70560,   165000,
          CustBuyBeh,       2073,          0,          0,          0,       1865,       2231,      200,     1100,     2600,     3300,     9936,   134000,
       ProductReturn,       5520,          0,          0,          0,       5202,       5999,      200,     2300,     4600,     5700,    30000,   139000,

  2292s: (26%)   IR =   3598 .[2294.528s][info][gc,start       ] GC(389) Pause Young (Concurrent Start) (G1 Evacuation Pause)
[2294.528s][info][gc,task        ] GC(389) Using 6 workers of 6 for evacuation
[2294.645s][info][gc,phases      ] GC(389)   Pre Evacuate Collection Set: 0.42ms
[2294.645s][info][gc,phases      ] GC(389)   Merge Heap Roots: 0.46ms
[2294.645s][info][gc,phases      ] GC(389)   Evacuate Collection Set: 114.53ms
[2294.645s][info][gc,phases      ] GC(389)   Post Evacuate Collection Set: 0.95ms
[2294.645s][info][gc,phases      ] GC(389)   Other: 0.11ms
[2294.645s][info][gc,heap        ] GC(389) Eden regions: 1119->0(1119)
[2294.645s][info][gc,heap        ] GC(389) Survivor regions: 109->109(154)
[2294.645s][info][gc,heap        ] GC(389) Old regions: 470->502
[2294.645s][info][gc,heap        ] GC(389) Humongous regions: 80->80
[2294.645s][info][gc,metaspace   ] GC(389) Metaspace: 28973K(29312K)->28973K(29312K) NonClass: 24089K(24256K)->24089K(24256K) Class: 4883K(5056K)->4883K(5056K)
[2294.645s][info][gc             ] GC(389) Pause Young (Concurrent Start) (G1 Evacuation Pause) 3553M->1378M(4096M) 116.601ms
[2294.645s][info][gc             ] GC(390) Concurrent Mark Cycle
[2294.645s][info][gc,marking     ] GC(390) Concurrent Scan Root Regions
[2294.645s][info][gc,cpu         ] GC(389) User=0.69s Sys=0.00s Real=0.12s
.[2294.782s][info][gc,marking     ] GC(390) Concurrent Scan Root Regions 137.353ms
[2294.782s][info][gc,marking     ] GC(390) Concurrent Mark
[2294.782s][info][gc,marking     ] GC(390) Concurrent Mark From Roots
[2294.782s][info][gc,task        ] GC(390) Using 2 workers of 2 for marking
[2295.443s][info][gc,marking     ] GC(390) Concurrent Mark From Roots 660.580ms
[2295.443s][info][gc,marking     ] GC(390) Concurrent Preclean
[2295.443s][info][gc,marking     ] GC(390) Concurrent Preclean 0.081ms
[2295.444s][info][gc,start       ] GC(390) Pause Remark
[2295.448s][info][gc             ] GC(390) Pause Remark 1760M->1760M(4096M) 4.264ms
[2295.448s][info][gc,cpu         ] GC(390) User=0.02s Sys=0.00s Real=0.00s
[2295.448s][info][gc,marking     ] GC(390) Concurrent Mark 666.089ms
[2295.448s][info][gc,marking     ] GC(390) Concurrent Rebuild Remembered Sets and Scrub Regions
.[2295.670s][info][gc,marking     ] GC(390) Concurrent Rebuild Remembered Sets and Scrub Regions 221.819ms
[2295.670s][info][gc,start       ] GC(390) Pause Cleanup
[2295.670s][info][gc             ] GC(390) Pause Cleanup 1851M->1851M(4096M) 0.118ms
[2295.670s][info][gc,cpu         ] GC(390) User=0.00s Sys=0.00s Real=0.00s
[2295.670s][info][gc,marking     ] GC(390) Concurrent Clear Claimed Marks
[2295.670s][info][gc,marking     ] GC(390) Concurrent Clear Claimed Marks 0.028ms
[2295.670s][info][gc,marking     ] GC(390) Concurrent Cleanup for Next Mark
[2295.674s][info][gc,marking     ] GC(390) Concurrent Cleanup for Next Mark 3.258ms
[2295.674s][info][gc             ] GC(390) Concurrent Mark Cycle 1028.941ms
..|..[2299.799s][info][gc,start       ] GC(391) Pause Young (Prepare Mixed) (G1 Evacuation Pause)
[2299.799s][info][gc,task        ] GC(391) Using 6 workers of 6 for evacuation
[2299.916s][info][gc,phases      ] GC(391)   Pre Evacuate Collection Set: 0.36ms
[2299.916s][info][gc,phases      ] GC(391)   Merge Heap Roots: 0.52ms
[2299.916s][info][gc,phases      ] GC(391)   Evacuate Collection Set: 115.15ms
[2299.916s][info][gc,phases      ] GC(391)   Post Evacuate Collection Set: 0.96ms
[2299.916s][info][gc,phases      ] GC(391)   Other: 0.09ms
[2299.916s][info][gc,heap        ] GC(391) Eden regions: 1119->0(1112)
[2299.916s][info][gc,heap        ] GC(391) Survivor regions: 109->110(154)
[2299.916s][info][gc,heap        ] GC(391) Old regions: 502->533
[2299.916s][info][gc,heap        ] GC(391) Humongous regions: 80->80
[2299.916s][info][gc,metaspace   ] GC(391) Metaspace: 28973K(29312K)->28973K(29312K) NonClass: 24089K(24256K)->24089K(24256K) Class: 4883K(5056K)->4883K(5056K)
[2299.916s][info][gc             ] GC(391) Pause Young (Prepare Mixed) (G1 Evacuation Pause) 3616M->1442M(4096M) 117.215ms
[2299.916s][info][gc,cpu         ] GC(391) User=0.69s Sys=0.00s Real=0.12s
.....[2305.043s][info][gc,start       ] GC(392) Pause Young (Mixed) (G1 Evacuation Pause)
[2305.043s][info][gc,task        ] GC(392) Using 6 workers of 6 for evacuation
[2305.181s][info][gc,phases      ] GC(392)   Pre Evacuate Collection Set: 0.38ms
[2305.181s][info][gc,phases      ] GC(392)   Merge Heap Roots: 0.69ms
[2305.181s][info][gc,phases      ] GC(392)   Evacuate Collection Set: 135.59ms
[2305.181s][info][gc,phases      ] GC(392)   Post Evacuate Collection Set: 0.99ms
[2305.181s][info][gc,phases      ] GC(392)   Other: 0.09ms
[2305.181s][info][gc,heap        ] GC(392) Eden regions: 1112->0(1115)
[2305.181s][info][gc,heap        ] GC(392) Survivor regions: 110->113(153)
[2305.181s][info][gc,heap        ] GC(392) Old regions: 533->470
[2305.181s][info][gc,heap        ] GC(392) Humongous regions: 80->80
[2305.181s][info][gc,metaspace   ] GC(392) Metaspace: 28973K(29312K)->28973K(29312K) NonClass: 24089K(24256K)->24089K(24256K) Class: 4883K(5056K)->4883K(5056K)
[2305.181s][info][gc             ] GC(392) Pause Young (Mixed) (G1 Evacuation Pause) 3666M->1323M(4096M) 137.864ms
[2305.181s][info][gc,cpu         ] GC(392) User=0.82s Sys=0.01s Real=0.13s
.....[2310.244s][info][gc,start       ] GC(393) Pause Young (Concurrent Start) (G1 Evacuation Pause)
[2310.244s][info][gc,task        ] GC(393) Using 6 workers of 6 for evacuation
[2310.360s][info][gc,phases      ] GC(393)   Pre Evacuate Collection Set: 0.45ms
[2310.360s][info][gc,phases      ] GC(393)   Merge Heap Roots: 0.55ms
[2310.360s][info][gc,phases      ] GC(393)   Evacuate Collection Set: 113.38ms
[2310.360s][info][gc,phases      ] GC(393)   Post Evacuate Collection Set: 0.94ms
[2310.360s][info][gc,phases      ] GC(393)   Other: 0.13ms
[2310.360s][info][gc,heap        ] GC(393) Eden regions: 1115->0(1120)
[2310.360s][info][gc,heap        ] GC(393) Survivor regions: 113->108(154)
[2310.360s][info][gc,heap        ] GC(393) Old regions: 470->502
[2310.360s][info][gc,heap        ] GC(393) Humongous regions: 80->80
[2310.360s][info][gc,metaspace   ] GC(393) Metaspace: 28973K(29312K)->28973K(29312K) NonClass: 24089K(24256K)->24089K(24256K) Class: 4883K(5056K)->4883K(5056K)
[2310.360s][info][gc             ] GC(393) Pause Young (Concurrent Start) (G1 Evacuation Pause) 3553M->1376M(4096M) 115.600ms
[2310.360s][info][gc             ] GC(394) Concurrent Mark Cycle
[2310.360s][info][gc,marking     ] GC(394) Concurrent Scan Root Regions
[2310.360s][info][gc,cpu         ] GC(393) User=0.68s Sys=0.00s Real=0.11s
[2310.510s][info][gc,marking     ] GC(394) Concurrent Scan Root Regions 150.170ms
[2310.510s][info][gc,marking     ] GC(394) Concurrent Mark
[2310.510s][info][gc,marking     ] GC(394) Concurrent Mark From Roots
[2310.510s][info][gc,task        ] GC(394) Using 2 workers of 2 for marking
.[2311.167s][info][gc,marking     ] GC(394) Concurrent Mark From Roots 657.210ms
[2311.167s][info][gc,marking     ] GC(394) Concurrent Preclean
[2311.168s][info][gc,marking     ] GC(394) Concurrent Preclean 0.069ms
[2311.168s][info][gc,start       ] GC(394) Pause Remark
[2311.172s][info][gc             ] GC(394) Pause Remark 1770M->1770M(4096M) 4.018ms
[2311.172s][info][gc,cpu         ] GC(394) User=0.02s Sys=0.00s Real=0.01s
[2311.173s][info][gc,marking     ] GC(394) Concurrent Mark 662.821ms
[2311.173s][info][gc,marking     ] GC(394) Concurrent Rebuild Remembered Sets and Scrub Regions
[2311.428s][info][gc,marking     ] GC(394) Concurrent Rebuild Remembered Sets and Scrub Regions 255.341ms
[2311.429s][info][gc,start       ] GC(394) Pause Cleanup
[2311.429s][info][gc             ] GC(394) Pause Cleanup 1872M->1872M(4096M) 0.127ms
[2311.429s][info][gc,cpu         ] GC(394) User=0.00s Sys=0.00s Real=0.00s
[2311.429s][info][gc,marking     ] GC(394) Concurrent Clear Claimed Marks
[2311.429s][info][gc,marking     ] GC(394) Concurrent Clear Claimed Marks 0.029ms
[2311.429s][info][gc,marking     ] GC(394) Concurrent Cleanup for Next Mark
[2311.433s][info][gc,marking     ] GC(394) Concurrent Cleanup for Next Mark 4.645ms
[2311.433s][info][gc             ] GC(394) Concurrent Mark Cycle 1073.506ms
....[2315.468s][info][gc,start       ] GC(395) Pause Young (Prepare Mixed) (G1 Evacuation Pause)
[2315.468s][info][gc,task        ] GC(395) Using 6 workers of 6 for evacuation
[2315.588s][info][gc,phases      ] GC(395)   Pre Evacuate Collection Set: 0.36ms
[2315.588s][info][gc,phases      ] GC(395)   Merge Heap Roots: 0.52ms
[2315.588s][info][gc,phases      ] GC(395)   Evacuate Collection Set: 118.02ms
[2315.588s][info][gc,phases      ] GC(395)   Post Evacuate Collection Set: 0.94ms
[2315.588s][info][gc,phases      ] GC(395)   Other: 0.09ms
[2315.588s][info][gc,heap        ] GC(395) Eden regions: 1120->0(1109)
[2315.588s][info][gc,heap        ] GC(395) Survivor regions: 108->111(154)
[2315.588s][info][gc,heap        ] GC(395) Old regions: 502->534
[2315.588s][info][gc,heap        ] GC(395) Humongous regions: 80->80
[2315.588s][info][gc,metaspace   ] GC(395) Metaspace: 28973K(29312K)->28973K(29312K) NonClass: 24089K(24256K)->24089K(24256K) Class: 4883K(5056K)->4883K(5056K)
[2315.588s][info][gc             ] GC(395) Pause Young (Prepare Mixed) (G1 Evacuation Pause) 3616M->1446M(4096M) 120.074ms
[2315.588s][info][gc,cpu         ] GC(395) User=0.71s Sys=0.00s Real=0.12s
......[2320.774s][info][gc,start       ] GC(396) Pause Young (Mixed) (G1 Evacuation Pause)
[2320.774s][info][gc,task        ] GC(396) Using 6 workers of 6 for evacuation
[2320.907s][info][gc,phases      ] GC(396)   Pre Evacuate Collection Set: 0.41ms
[2320.907s][info][gc,phases      ] GC(396)   Merge Heap Roots: 0.72ms
[2320.907s][info][gc,phases      ] GC(396)   Evacuate Collection Set: 130.83ms
[2320.907s][info][gc,phases      ] GC(396)   Post Evacuate Collection Set: 0.96ms
[2320.907s][info][gc,phases      ] GC(396)   Other: 0.09ms
[2320.907s][info][gc,heap        ] GC(396) Eden regions: 1109->0(1120)
[2320.907s][info][gc,heap        ] GC(396) Survivor regions: 111->108(153)
[2320.907s][info][gc,heap        ] GC(396) Old regions: 534->472
[2320.907s][info][gc,heap        ] GC(396) Humongous regions: 80->80
[2320.907s][info][gc,metaspace   ] GC(396) Metaspace: 28973K(29312K)->28973K(29312K) NonClass: 24089K(24256K)->24089K(24256K) Class: 4883K(5056K)->4883K(5056K)
[2320.907s][info][gc             ] GC(396) Pause Young (Mixed) (G1 Evacuation Pause) 3664M->1317M(4096M) 133.166ms
[2320.907s][info][gc,cpu         ] GC(396) User=0.78s Sys=0.00s Real=0.13s
.....[2326.007s][info][gc,start       ] GC(397) Pause Young (Concurrent Start) (G1 Evacuation Pause)
[2326.008s][info][gc,task        ] GC(397) Using 6 workers of 6 for evacuation
[2326.124s][info][gc,phases      ] GC(397)   Pre Evacuate Collection Set: 0.39ms
[2326.124s][info][gc,phases      ] GC(397)   Merge Heap Roots: 0.51ms
[2326.124s][info][gc,phases      ] GC(397)   Evacuate Collection Set: 114.46ms
[2326.124s][info][gc,phases      ] GC(397)   Post Evacuate Collection Set: 0.91ms
[2326.124s][info][gc,phases      ] GC(397)   Other: 0.12ms
[2326.124s][info][gc,heap        ] GC(397) Eden regions: 1120->0(1118)
[2326.124s][info][gc,heap        ] GC(397) Survivor regions: 108->110(154)
[2326.124s][info][gc,heap        ] GC(397) Old regions: 472->503
[2326.124s][info][gc,heap        ] GC(397) Humongous regions: 80->80
[2326.124s][info][gc,metaspace   ] GC(397) Metaspace: 28973K(29312K)->28973K(29312K) NonClass: 24089K(24256K)->24089K(24256K) Class: 4883K(5056K)->4883K(5056K)
[2326.124s][info][gc             ] GC(397) Pause Young (Concurrent Start) (G1 Evacuation Pause) 3557M->1382M(4096M) 116.511ms
[2326.124s][info][gc             ] GC(398) Concurrent Mark Cycle
[2326.124s][info][gc,marking     ] GC(398) Concurrent Scan Root Regions
[2326.124s][info][gc,cpu         ] GC(397) User=0.69s Sys=0.00s Real=0.12s
[2326.291s][info][gc,marking     ] GC(398) Concurrent Scan Root Regions 167.231ms
[2326.291s][info][gc,marking     ] GC(398) Concurrent Mark
[2326.291s][info][gc,marking     ] GC(398) Concurrent Mark From Roots
[2326.291s][info][gc,task        ] GC(398) Using 2 workers of 2 for marking
.[2326.923s][info][gc,marking     ] GC(398) Concurrent Mark From Roots 631.380ms
[2326.923s][info][gc,marking     ] GC(398) Concurrent Preclean
[2326.923s][info][gc,marking     ] GC(398) Concurrent Preclean 0.054ms
[2326.923s][info][gc,start       ] GC(398) Pause Remark
[2326.927s][info][gc             ] GC(398) Pause Remark 1744M->1744M(4096M) 3.896ms
[2326.927s][info][gc,cpu         ] GC(398) User=0.02s Sys=0.00s Real=0.00s
[2326.927s][info][gc,marking     ] GC(398) Concurrent Mark 635.594ms
[2326.927s][info][gc,marking     ] GC(398) Concurrent Rebuild Remembered Sets and Scrub Regions
[2327.218s][info][gc,marking     ] GC(398) Concurrent Rebuild Remembered Sets and Scrub Regions 290.916ms
[2327.218s][info][gc,start       ] GC(398) Pause Cleanup
[2327.218s][info][gc             ] GC(398) Pause Cleanup 1888M->1888M(4096M) 0.132ms
[2327.218s][info][gc,cpu         ] GC(398) User=0.00s Sys=0.00s Real=0.00s
[2327.218s][info][gc,marking     ] GC(398) Concurrent Clear Claimed Marks
[2327.218s][info][gc,marking     ] GC(398) Concurrent Clear Claimed Marks 0.029ms
[2327.218s][info][gc,marking     ] GC(398) Concurrent Cleanup for Next Mark
[2327.224s][info][gc,marking     ] GC(398) Concurrent Cleanup for Next Mark 5.888ms
[2327.224s][info][gc             ] GC(398) Concurrent Mark Cycle 1100.334ms
....[2331.230s][info][gc,start       ] GC(399) Pause Young (Prepare Mixed) (G1 Evacuation Pause)
[2331.231s][info][gc,task        ] GC(399) Using 6 workers of 6 for evacuation
[2331.346s][info][gc,phases      ] GC(399)   Pre Evacuate Collection Set: 0.35ms
[2331.346s][info][gc,phases      ] GC(399)   Merge Heap Roots: 0.53ms
[2331.346s][info][gc,phases      ] GC(399)   Evacuate Collection Set: 113.78ms
[2331.346s][info][gc,phases      ] GC(399)   Post Evacuate Collection Set: 0.94ms
[2331.346s][info][gc,phases      ] GC(399)   Other: 0.08ms
[2331.346s][info][gc,heap        ] GC(399) Eden regions: 1118->0(1114)
[2331.346s][info][gc,heap        ] GC(399) Survivor regions: 110->108(154)
[2331.346s][info][gc,heap        ] GC(399) Old regions: 503->535
[2331.346s][info][gc,heap        ] GC(399) Humongous regions: 80->80
[2331.346s][info][gc,metaspace   ] GC(399) Metaspace: 28973K(29312K)->28973K(29312K) NonClass: 24089K(24256K)->24089K(24256K) Class: 4883K(5056K)->4883K(5056K)
[2331.346s][info][gc             ] GC(399) Pause Young (Prepare Mixed) (G1 Evacuation Pause) 3618M->1443M(4096M) 115.818ms
[2331.346s][info][gc,cpu         ] GC(399) User=0.69s Sys=0.00s Real=0.12s
.....[2336.506s][info][gc,start       ] GC(400) Pause Young (Mixed) (G1 Evacuation Pause)
[2336.507s][info][gc,task        ] GC(400) Using 6 workers of 6 for evacuation
[2336.642s][info][gc,phases      ] GC(400)   Pre Evacuate Collection Set: 0.39ms
[2336.642s][info][gc,phases      ] GC(400)   Merge Heap Roots: 0.71ms
[2336.642s][info][gc,phases      ] GC(400)   Evacuate Collection Set: 132.85ms
[2336.642s][info][gc,phases      ] GC(400)   Post Evacuate Collection Set: 1.02ms
[2336.642s][info][gc,phases      ] GC(400)   Other: 0.10ms
[2336.642s][info][gc,heap        ] GC(400) Eden regions: 1114->0(1117)
[2336.642s][info][gc,heap        ] GC(400) Survivor regions: 108->111(153)
[2336.642s][info][gc,heap        ] GC(400) Old regions: 535->471
[2336.642s][info][gc,heap        ] GC(400) Humongous regions: 80->80
[2336.642s][info][gc,metaspace   ] GC(400) Metaspace: 28973K(29312K)->28973K(29312K) NonClass: 24089K(24256K)->24089K(24256K) Class: 4883K(5056K)->4883K(5056K)
[2336.642s][info][gc             ] GC(400) Pause Young (Mixed) (G1 Evacuation Pause) 3671M->1320M(4096M) 135.205ms
[2336.642s][info][gc,cpu         ] GC(400) User=0.80s Sys=0.00s Real=0.13s
......[2341.724s][info][gc,start       ] GC(401) Pause Young (Concurrent Start) (G1 Evacuation Pause)
[2341.724s][info][gc,task        ] GC(401) Using 6 workers of 6 for evacuation
[2341.840s][info][gc,phases      ] GC(401)   Pre Evacuate Collection Set: 0.41ms
[2341.840s][info][gc,phases      ] GC(401)   Merge Heap Roots: 0.50ms
[2341.840s][info][gc,phases      ] GC(401)   Evacuate Collection Set: 114.15ms
[2341.840s][info][gc,phases      ] GC(401)   Post Evacuate Collection Set: 0.92ms
[2341.840s][info][gc,phases      ] GC(401)   Other: 0.12ms
[2341.840s][info][gc,heap        ] GC(401) Eden regions: 1117->0(1119)
[2341.840s][info][gc,heap        ] GC(401) Survivor regions: 111->109(154)
[2341.840s][info][gc,heap        ] GC(401) Old regions: 471->502
[2341.840s][info][gc,heap        ] GC(401) Humongous regions: 80->80
[2341.840s][info][gc,metaspace   ] GC(401) Metaspace: 28973K(29312K)->28973K(29312K) NonClass: 24089K(24256K)->24089K(24256K) Class: 4883K(5056K)->4883K(5056K)
[2341.840s][info][gc             ] GC(401) Pause Young (Concurrent Start) (G1 Evacuation Pause) 3554M->1379M(4096M) 116.225ms
[2341.840s][info][gc             ] GC(402) Concurrent Mark Cycle
[2341.840s][info][gc,marking     ] GC(402) Concurrent Scan Root Regions
[2341.840s][info][gc,cpu         ] GC(401) User=0.68s Sys=0.00s Real=0.11s
[2341.985s][info][gc,marking     ] GC(402) Concurrent Scan Root Regions 145.015ms
[2341.985s][info][gc,marking     ] GC(402) Concurrent Mark
[2341.985s][info][gc,marking     ] GC(402) Concurrent Mark From Roots
[2341.985s][info][gc,task        ] GC(402) Using 2 workers of 2 for marking
[2342.641s][info][gc,marking     ] GC(402) Concurrent Mark From Roots 656.063ms
[2342.641s][info][gc,marking     ] GC(402) Concurrent Preclean
[2342.641s][info][gc,marking     ] GC(402) Concurrent Preclean 0.061ms
[2342.641s][info][gc,start       ] GC(402) Pause Remark
[2342.645s][info][gc             ] GC(402) Pause Remark 1761M->1761M(4096M) 3.698ms
[2342.645s][info][gc,cpu         ] GC(402) User=0.02s Sys=0.00s Real=0.01s
[2342.645s][info][gc,marking     ] GC(402) Concurrent Mark 660.072ms
[2342.645s][info][gc,marking     ] GC(402) Concurrent Rebuild Remembered Sets and Scrub Regions
.[2342.921s][info][gc,marking     ] GC(402) Concurrent Rebuild Remembered Sets and Scrub Regions 275.739ms
[2342.921s][info][gc,start       ] GC(402) Pause Cleanup
[2342.921s][info][gc             ] GC(402) Pause Cleanup 1906M->1906M(4096M) 0.117ms
[2342.921s][info][gc,cpu         ] GC(402) User=0.00s Sys=0.00s Real=0.00s
[2342.921s][info][gc,marking     ] GC(402) Concurrent Clear Claimed Marks
[2342.921s][info][gc,marking     ] GC(402) Concurrent Clear Claimed Marks 0.029ms
[2342.921s][info][gc,marking     ] GC(402) Concurrent Cleanup for Next Mark
[2342.925s][info][gc,marking     ] GC(402) Concurrent Cleanup for Next Mark 3.618ms
[2342.925s][info][gc             ] GC(402) Concurrent Mark Cycle 1084.882ms
....[2347.026s][info][gc,start       ] GC(403) Pause Young (Prepare Mixed) (G1 Evacuation Pause)
[2347.026s][info][gc,task        ] GC(403) Using 6 workers of 6 for evacuation
[2347.144s][info][gc,phases      ] GC(403)   Pre Evacuate Collection Set: 0.38ms
[2347.144s][info][gc,phases      ] GC(403)   Merge Heap Roots: 0.53ms
[2347.144s][info][gc,phases      ] GC(403)   Evacuate Collection Set: 116.50ms
[2347.144s][info][gc,phases      ] GC(403)   Post Evacuate Collection Set: 0.97ms
[2347.144s][info][gc,phases      ] GC(403)   Other: 0.09ms
[2347.144s][info][gc,heap        ] GC(403) Eden regions: 1119->0(1113)
[2347.144s][info][gc,heap        ] GC(403) Survivor regions: 109->109(154)
[2347.144s][info][gc,heap        ] GC(403) Old regions: 502->534
[2347.144s][info][gc,heap        ] GC(403) Humongous regions: 80->80
[2347.144s][info][gc,metaspace   ] GC(403) Metaspace: 28973K(29312K)->28973K(29312K) NonClass: 24089K(24256K)->24089K(24256K) Class: 4883K(5056K)->4883K(5056K)
[2347.144s][info][gc             ] GC(403) Pause Young (Prepare Mixed) (G1 Evacuation Pause) 3617M->1444M(4096M) 118.603ms
[2347.144s][info][gc,cpu         ] GC(403) User=0.70s Sys=0.00s Real=0.12s
.....[2352.210s][info][gc,start       ] GC(404) Pause Young (Mixed) (G1 Evacuation Pause)
[2352.210s][info][gc,task        ] GC(404) Using 6 workers of 6 for evacuation
[2352.341s][info][gc,phases      ] GC(404)   Pre Evacuate Collection Set: 0.40ms
[2352.341s][info][gc,phases      ] GC(404)   Merge Heap Roots: 0.66ms
[2352.341s][info][gc,phases      ] GC(404)   Evacuate Collection Set: 128.87ms
[2352.341s][info][gc,phases      ] GC(404)   Post Evacuate Collection Set: 0.99ms
[2352.341s][info][gc,phases      ] GC(404)   Other: 0.09ms
[2352.341s][info][gc,heap        ] GC(404) Eden regions: 1113->0(1120)
[2352.341s][info][gc,heap        ] GC(404) Survivor regions: 109->108(153)
[2352.341s][info][gc,heap        ] GC(404) Old regions: 534->471
[2352.341s][info][gc,heap        ] GC(404) Humongous regions: 80->80
[2352.341s][info][gc,metaspace   ] GC(404) Metaspace: 28973K(29312K)->28973K(29312K) NonClass: 24089K(24256K)->24089K(24256K) Class: 4883K(5056K)->4883K(5056K)
[2352.341s][info][gc             ] GC(404) Pause Young (Mixed) (G1 Evacuation Pause) 3670M->1315M(4096M) 131.133ms
[2352.341s][info][gc,cpu         ] GC(404) User=0.78s Sys=0.00s Real=0.13s
.....[2357.517s][info][gc,start       ] GC(405) Pause Young (Concurrent Start) (G1 Evacuation Pause)
[2357.518s][info][gc,task        ] GC(405) Using 6 workers of 6 for evacuation
[2357.634s][info][gc,phases      ] GC(405)   Pre Evacuate Collection Set: 0.42ms
[2357.634s][info][gc,phases      ] GC(405)   Merge Heap Roots: 0.50ms
[2357.634s][info][gc,phases      ] GC(405)   Evacuate Collection Set: 114.47ms
[2357.634s][info][gc,phases      ] GC(405)   Post Evacuate Collection Set: 0.92ms
[2357.634s][info][gc,phases      ] GC(405)   Other: 0.15ms
[2357.634s][info][gc,heap        ] GC(405) Eden regions: 1120->0(1120)
[2357.634s][info][gc,heap        ] GC(405) Survivor regions: 108->108(154)
[2357.634s][info][gc,heap        ] GC(405) Old regions: 471->503
[2357.634s][info][gc,heap        ] GC(405) Humongous regions: 80->80
[2357.634s][info][gc,metaspace   ] GC(405) Metaspace: 28973K(29312K)->28973K(29312K) NonClass: 24089K(24256K)->24089K(24256K) Class: 4883K(5056K)->4883K(5056K)
[2357.634s][info][gc             ] GC(405) Pause Young (Concurrent Start) (G1 Evacuation Pause) 3555M->1380M(4096M) 116.600ms
[2357.634s][info][gc             ] GC(406) Concurrent Mark Cycle
[2357.634s][info][gc,marking     ] GC(406) Concurrent Scan Root Regions
[2357.634s][info][gc,cpu         ] GC(405) User=0.69s Sys=0.00s Real=0.12s
. (rIR:aIR:PR = 3598:3594:3594) (tPR = 53384) [OK] 
  2357s: Performance info:
         Transaction,    Success,    Partial,     Failed,   Receipts, AvgBarcode, 
             Overall,     215833,          0,          0,     204799,      59.48, 
         Response times:
             Request,    Success,    Partial,     Failed,   SkipFail,     Probes,    Samples,      min,      p50,      p90,      p95,      p99,      max, 
       TotalPurchase,     205098,          0,          0,          0,     200838,     219173,      300,     3000,     5100,     6900,    39000,   196000,
     InStorePurchase,     107937,          0,          0,          0,     105755,     115107,      300,     3000,     5100,     6900,    39000,   151000,
      OnlinePurchase,      75581,          0,          0,          0,      74025,      80769,      300,     3100,     5200,     7100,    41000,   147000,
        InstPurchase,      21580,          0,          0,          0,      21058,      23297,      300,     2600,     4900,     6500,    33000,   196000,
          AssocOfCat,        216,          0,          0,          0,        162,        235,    19900,    28000,    37000,    49000,    61560,    76000,
      AssocOfProduct,       2165,          0,          0,          0,       1980,       2308,      700,     2400,     4900,     6400,    30910,   136000,
      BusinessReport,        540,          0,          0,          0,        436,        540,    22000,    31000,    42000,    50950,   162000,   209000,
          CustBuyBeh,       2164,          0,          0,          0,       1963,       2281,      300,     3700,     5600,     7290,    49180,   138000,
       ProductReturn,       5714,          0,          0,          0,       5416,       6130,      200,     3400,     5300,     7700,    41000,   144000,

  2357s: (27%)   IR =   3736 [2357.805s][info][gc,marking     ] GC(406) Concurrent Scan Root Regions 170.664ms
[2357.805s][info][gc,marking     ] GC(406) Concurrent Mark
[2357.805s][info][gc,marking     ] GC(406) Concurrent Mark From Roots
[2357.805s][info][gc,task        ] GC(406) Using 2 workers of 2 for marking
[2358.719s][info][gc,marking     ] GC(406) Concurrent Mark From Roots 914.505ms
[2358.719s][info][gc,marking     ] GC(406) Concurrent Preclean
[2358.719s][info][gc,marking     ] GC(406) Concurrent Preclean 0.061ms
[2358.720s][info][gc,start       ] GC(406) Pause Remark
[2358.725s][info][gc             ] GC(406) Pause Remark 1918M->1918M(4096M) 4.943ms
[2358.725s][info][gc,cpu         ] GC(406) User=0.03s Sys=0.00s Real=0.01s
[2358.726s][info][gc,marking     ] GC(406) Concurrent Mark 920.710ms
[2358.726s][info][gc,marking     ] GC(406) Concurrent Rebuild Remembered Sets and Scrub Regions
.[2359.083s][info][gc,marking     ] GC(406) Concurrent Rebuild Remembered Sets and Scrub Regions 357.144ms
[2359.083s][info][gc,start       ] GC(406) Pause Cleanup
[2359.083s][info][gc             ] GC(406) Pause Cleanup 2073M->2073M(4096M) 0.126ms
[2359.083s][info][gc,cpu         ] GC(406) User=0.00s Sys=0.00s Real=0.00s
[2359.083s][info][gc,marking     ] GC(406) Concurrent Clear Claimed Marks
[2359.083s][info][gc,marking     ] GC(406) Concurrent Clear Claimed Marks 0.029ms
[2359.083s][info][gc,marking     ] GC(406) Concurrent Cleanup for Next Mark
[2359.089s][info][gc,marking     ] GC(406) Concurrent Cleanup for Next Mark 5.422ms
[2359.089s][info][gc             ] GC(406) Concurrent Mark Cycle 1454.494ms
...|[2362.597s][info][gc,start       ] GC(407) Pause Young (Prepare Mixed) (G1 Evacuation Pause)
[2362.597s][info][gc,task        ] GC(407) Using 6 workers of 6 for evacuation
[2362.716s][info][gc,phases      ] GC(407)   Pre Evacuate Collection Set: 0.35ms
[2362.716s][info][gc,phases      ] GC(407)   Merge Heap Roots: 0.53ms
[2362.716s][info][gc,phases      ] GC(407)   Evacuate Collection Set: 116.96ms
[2362.716s][info][gc,phases      ] GC(407)   Post Evacuate Collection Set: 0.99ms
[2362.716s][info][gc,phases      ] GC(407)   Other: 0.10ms
[2362.716s][info][gc,heap        ] GC(407) Eden regions: 1120->0(1110)
[2362.716s][info][gc,heap        ] GC(407) Survivor regions: 108->110(154)
[2362.716s][info][gc,heap        ] GC(407) Old regions: 503->535
[2362.716s][info][gc,heap        ] GC(407) Humongous regions: 80->80
[2362.716s][info][gc,metaspace   ] GC(407) Metaspace: 28973K(29312K)->28973K(29312K) NonClass: 24089K(24256K)->24089K(24256K) Class: 4883K(5056K)->4883K(5056K)
[2362.716s][info][gc             ] GC(407) Pause Young (Prepare Mixed) (G1 Evacuation Pause) 3620M->1446M(4096M) 119.118ms
[2362.716s][info][gc,cpu         ] GC(407) User=0.70s Sys=0.00s Real=0.12s
.....[2367.632s][info][gc,start       ] GC(408) Pause Young (Mixed) (G1 Evacuation Pause)
[2367.632s][info][gc,task        ] GC(408) Using 6 workers of 6 for evacuation
[2367.767s][info][gc,phases      ] GC(408)   Pre Evacuate Collection Set: 0.39ms
[2367.767s][info][gc,phases      ] GC(408)   Merge Heap Roots: 0.78ms
[2367.767s][info][gc,phases      ] GC(408)   Evacuate Collection Set: 133.33ms
[2367.767s][info][gc,phases      ] GC(408)   Post Evacuate Collection Set: 1.00ms
[2367.767s][info][gc,phases      ] GC(408)   Other: 0.09ms
[2367.767s][info][gc,heap        ] GC(408) Eden regions: 1110->0(1119)
[2367.767s][info][gc,heap        ] GC(408) Survivor regions: 110->109(153)
[2367.767s][info][gc,heap        ] GC(408) Old regions: 535->471
[2367.767s][info][gc,heap        ] GC(408) Humongous regions: 80->80
[2367.767s][info][gc,metaspace   ] GC(408) Metaspace: 28973K(29312K)->28973K(29312K) NonClass: 24089K(24256K)->24089K(24256K) Class: 4883K(5056K)->4883K(5056K)
[2367.767s][info][gc             ] GC(408) Pause Young (Mixed) (G1 Evacuation Pause) 3666M->1317M(4096M) 135.726ms
[2367.767s][info][gc,cpu         ] GC(408) User=0.81s Sys=0.00s Real=0.14s
.....[2372.645s][info][gc,start       ] GC(409) Pause Young (Concurrent Start) (G1 Evacuation Pause)
[2372.645s][info][gc,task        ] GC(409) Using 6 workers of 6 for evacuation
[2372.764s][info][gc,phases      ] GC(409)   Pre Evacuate Collection Set: 0.42ms
[2372.764s][info][gc,phases      ] GC(409)   Merge Heap Roots: 0.49ms
[2372.764s][info][gc,phases      ] GC(409)   Evacuate Collection Set: 116.62ms
[2372.764s][info][gc,phases      ] GC(409)   Post Evacuate Collection Set: 0.93ms
[2372.764s][info][gc,phases      ] GC(409)   Other: 0.11ms
[2372.764s][info][gc,heap        ] GC(409) Eden regions: 1119->0(1118)
[2372.764s][info][gc,heap        ] GC(409) Survivor regions: 109->110(154)
[2372.764s][info][gc,heap        ] GC(409) Old regions: 471->503
[2372.764s][info][gc,heap        ] GC(409) Humongous regions: 80->80
[2372.764s][info][gc,metaspace   ] GC(409) Metaspace: 28973K(29312K)->28973K(29312K) NonClass: 24089K(24256K)->24089K(24256K) Class: 4883K(5056K)->4883K(5056K)
[2372.764s][info][gc             ] GC(409) Pause Young (Concurrent Start) (G1 Evacuation Pause) 3555M->1383M(4096M) 118.705ms
[2372.764s][info][gc             ] GC(410) Concurrent Mark Cycle
[2372.764s][info][gc,marking     ] GC(410) Concurrent Scan Root Regions
[2372.764s][info][gc,cpu         ] GC(409) User=0.70s Sys=0.01s Real=0.12s
.[2372.905s][info][gc,marking     ] GC(410) Concurrent Scan Root Regions 141.086ms
[2372.905s][info][gc,marking     ] GC(410) Concurrent Mark
[2372.905s][info][gc,marking     ] GC(410) Concurrent Mark From Roots
[2372.905s][info][gc,task        ] GC(410) Using 2 workers of 2 for marking
[2373.504s][info][gc,marking     ] GC(410) Concurrent Mark From Roots 598.583ms
[2373.504s][info][gc,marking     ] GC(410) Concurrent Preclean
[2373.504s][info][gc,marking     ] GC(410) Concurrent Preclean 0.054ms
[2373.504s][info][gc,start       ] GC(410) Pause Remark
[2373.508s][info][gc             ] GC(410) Pause Remark 1737M->1737M(4096M) 3.851ms
[2373.508s][info][gc,cpu         ] GC(410) User=0.02s Sys=0.00s Real=0.00s
[2373.508s][info][gc,marking     ] GC(410) Concurrent Mark 602.764ms
[2373.508s][info][gc,marking     ] GC(410) Concurrent Rebuild Remembered Sets and Scrub Regions
[2373.734s][info][gc,marking     ] GC(410) Concurrent Rebuild Remembered Sets and Scrub Regions 225.831ms
[2373.734s][info][gc,start       ] GC(410) Pause Cleanup
[2373.734s][info][gc             ] GC(410) Pause Cleanup 1845M->1845M(4096M) 0.118ms
[2373.734s][info][gc,cpu         ] GC(410) User=0.00s Sys=0.00s Real=0.00s
[2373.734s][info][gc,marking     ] GC(410) Concurrent Clear Claimed Marks
[2373.734s][info][gc,marking     ] GC(410) Concurrent Clear Claimed Marks 0.031ms
[2373.734s][info][gc,marking     ] GC(410) Concurrent Cleanup for Next Mark
[2373.739s][info][gc,marking     ] GC(410) Concurrent Cleanup for Next Mark 4.894ms
[2373.739s][info][gc             ] GC(410) Concurrent Mark Cycle 975.347ms
....[2377.651s][info][gc,start       ] GC(411) Pause Young (Prepare Mixed) (G1 Evacuation Pause)
[2377.651s][info][gc,task        ] GC(411) Using 6 workers of 6 for evacuation
[2377.766s][info][gc,phases      ] GC(411)   Pre Evacuate Collection Set: 0.39ms
[2377.766s][info][gc,phases      ] GC(411)   Merge Heap Roots: 0.52ms
[2377.766s][info][gc,phases      ] GC(411)   Evacuate Collection Set: 113.04ms
[2377.766s][info][gc,phases      ] GC(411)   Post Evacuate Collection Set: 0.94ms
[2377.766s][info][gc,phases      ] GC(411)   Other: 0.09ms
[2377.766s][info][gc,heap        ] GC(411) Eden regions: 1118->0(1114)
[2377.766s][info][gc,heap        ] GC(411) Survivor regions: 110->108(154)
[2377.766s][info][gc,heap        ] GC(411) Old regions: 503->535
[2377.766s][info][gc,heap        ] GC(411) Humongous regions: 80->80
[2377.766s][info][gc,metaspace   ] GC(411) Metaspace: 28973K(29312K)->28973K(29312K) NonClass: 24089K(24256K)->24089K(24256K) Class: 4883K(5056K)->4883K(5056K)
[2377.766s][info][gc             ] GC(411) Pause Young (Prepare Mixed) (G1 Evacuation Pause) 3619M->1444M(4096M) 115.096ms
[2377.766s][info][gc,cpu         ] GC(411) User=0.68s Sys=0.00s Real=0.12s
......[2382.839s][info][gc,start       ] GC(412) Pause Young (Mixed) (G1 Evacuation Pause)
[2382.839s][info][gc,task        ] GC(412) Using 6 workers of 6 for evacuation
[2382.972s][info][gc,phases      ] GC(412)   Pre Evacuate Collection Set: 0.42ms
[2382.972s][info][gc,phases      ] GC(412)   Merge Heap Roots: 0.65ms
[2382.972s][info][gc,phases      ] GC(412)   Evacuate Collection Set: 130.35ms
[2382.972s][info][gc,phases      ] GC(412)   Post Evacuate Collection Set: 1.01ms
[2382.972s][info][gc,phases      ] GC(412)   Other: 0.09ms
[2382.972s][info][gc,heap        ] GC(412) Eden regions: 1114->0(1118)
[2382.972s][info][gc,heap        ] GC(412) Survivor regions: 108->110(153)
[2382.972s][info][gc,heap        ] GC(412) Old regions: 535->473
[2382.972s][info][gc,heap        ] GC(412) Humongous regions: 80->80
[2382.972s][info][gc,metaspace   ] GC(412) Metaspace: 28973K(29312K)->28973K(29312K) NonClass: 24089K(24256K)->24089K(24256K) Class: 4883K(5056K)->4883K(5056K)
[2382.972s][info][gc             ] GC(412) Pause Young (Mixed) (G1 Evacuation Pause) 3672M->1322M(4096M) 132.651ms
[2382.972s][info][gc,cpu         ] GC(412) User=0.79s Sys=0.00s Real=0.13s
....[2387.795s][info][gc,start       ] GC(413) Pause Young (Concurrent Start) (G1 Evacuation Pause)
[2387.795s][info][gc,task        ] GC(413) Using 6 workers of 6 for evacuation
[2387.912s][info][gc,phases      ] GC(413)   Pre Evacuate Collection Set: 0.42ms
[2387.912s][info][gc,phases      ] GC(413)   Merge Heap Roots: 0.48ms
[2387.912s][info][gc,phases      ] GC(413)   Evacuate Collection Set: 114.40ms
[2387.912s][info][gc,phases      ] GC(413)   Post Evacuate Collection Set: 0.91ms
[2387.912s][info][gc,phases      ] GC(413)   Other: 0.11ms
[2387.912s][info][gc,heap        ] GC(413) Eden regions: 1118->0(1119)
[2387.912s][info][gc,heap        ] GC(413) Survivor regions: 110->109(154)
[2387.912s][info][gc,heap        ] GC(413) Old regions: 473->504
[2387.912s][info][gc,heap        ] GC(413) Humongous regions: 80->80
[2387.912s][info][gc,metaspace   ] GC(413) Metaspace: 28973K(29312K)->28973K(29312K) NonClass: 24089K(24256K)->24089K(24256K) Class: 4883K(5056K)->4883K(5056K)
[2387.912s][info][gc             ] GC(413) Pause Young (Concurrent Start) (G1 Evacuation Pause) 3558M->1383M(4096M) 116.480ms
[2387.912s][info][gc             ] GC(414) Concurrent Mark Cycle
[2387.912s][info][gc,marking     ] GC(414) Concurrent Scan Root Regions
[2387.912s][info][gc,cpu         ] GC(413) User=0.69s Sys=0.00s Real=0.11s
.[2388.092s][info][gc,marking     ] GC(414) Concurrent Scan Root Regions 180.746ms
[2388.092s][info][gc,marking     ] GC(414) Concurrent Mark
[2388.092s][info][gc,marking     ] GC(414) Concurrent Mark From Roots
[2388.092s][info][gc,task        ] GC(414) Using 2 workers of 2 for marking
.[2389.000s][info][gc,marking     ] GC(414) Concurrent Mark From Roots 907.760ms
[2389.000s][info][gc,marking     ] GC(414) Concurrent Preclean
[2389.000s][info][gc,marking     ] GC(414) Concurrent Preclean 0.047ms
[2389.000s][info][gc,start       ] GC(414) Pause Remark
[2389.006s][info][gc             ] GC(414) Pause Remark 1891M->1891M(4096M) 5.130ms
[2389.006s][info][gc,cpu         ] GC(414) User=0.02s Sys=0.00s Real=0.01s
[2389.006s][info][gc,marking     ] GC(414) Concurrent Mark 913.197ms
[2389.006s][info][gc,marking     ] GC(414) Concurrent Rebuild Remembered Sets and Scrub Regions
[2389.400s][info][gc,marking     ] GC(414) Concurrent Rebuild Remembered Sets and Scrub Regions 394.360ms
[2389.400s][info][gc,start       ] GC(414) Pause Cleanup
[2389.400s][info][gc             ] GC(414) Pause Cleanup 2102M->2102M(4096M) 0.127ms
[2389.400s][info][gc,cpu         ] GC(414) User=0.00s Sys=0.00s Real=0.00s
[2389.400s][info][gc,marking     ] GC(414) Concurrent Clear Claimed Marks
[2389.400s][info][gc,marking     ] GC(414) Concurrent Clear Claimed Marks 0.028ms
[2389.400s][info][gc,marking     ] GC(414) Concurrent Cleanup for Next Mark
[2389.405s][info][gc,marking     ] GC(414) Concurrent Cleanup for Next Mark 4.399ms
[2389.405s][info][gc             ] GC(414) Concurrent Mark Cycle 1493.188ms
....[2392.948s][info][gc,start       ] GC(415) Pause Young (Prepare Mixed) (G1 Evacuation Pause)
[2392.948s][info][gc,task        ] GC(415) Using 6 workers of 6 for evacuation
[2393.066s][info][gc,phases      ] GC(415)   Pre Evacuate Collection Set: 0.38ms
[2393.066s][info][gc,phases      ] GC(415)   Merge Heap Roots: 0.55ms
[2393.066s][info][gc,phases      ] GC(415)   Evacuate Collection Set: 116.07ms
[2393.066s][info][gc,phases      ] GC(415)   Post Evacuate Collection Set: 0.94ms
[2393.066s][info][gc,phases      ] GC(415)   Other: 0.09ms
[2393.066s][info][gc,heap        ] GC(415) Eden regions: 1119->0(1111)
[2393.066s][info][gc,heap        ] GC(415) Survivor regions: 109->109(154)
[2393.066s][info][gc,heap        ] GC(415) Old regions: 504->536
[2393.066s][info][gc,heap        ] GC(415) Humongous regions: 80->80
[2393.066s][info][gc,metaspace   ] GC(415) Metaspace: 28973K(29312K)->28973K(29312K) NonClass: 24089K(24256K)->24089K(24256K) Class: 4883K(5056K)->4883K(5056K)
[2393.066s][info][gc             ] GC(415) Pause Young (Prepare Mixed) (G1 Evacuation Pause) 3621M->1447M(4096M) 118.163ms
[2393.066s][info][gc,cpu         ] GC(415) User=0.70s Sys=0.00s Real=0.12s
....[2397.912s][info][gc,start       ] GC(416) Pause Young (Mixed) (G1 Evacuation Pause)
[2397.912s][info][gc,task        ] GC(416) Using 6 workers of 6 for evacuation
[2398.049s][info][gc,phases      ] GC(416)   Pre Evacuate Collection Set: 0.41ms
[2398.049s][info][gc,phases      ] GC(416)   Merge Heap Roots: 0.68ms
[2398.049s][info][gc,phases      ] GC(416)   Evacuate Collection Set: 134.42ms
[2398.049s][info][gc,phases      ] GC(416)   Post Evacuate Collection Set: 0.98ms
[2398.049s][info][gc,phases      ] GC(416)   Other: 0.09ms
[2398.049s][info][gc,heap        ] GC(416) Eden regions: 1111->0(1117)
[2398.049s][info][gc,heap        ] GC(416) Survivor regions: 109->111(153)
[2398.049s][info][gc,heap        ] GC(416) Old regions: 536->470
[2398.049s][info][gc,heap        ] GC(416) Humongous regions: 80->80
[2398.049s][info][gc,metaspace   ] GC(416) Metaspace: 28973K(29312K)->28973K(29312K) NonClass: 24089K(24256K)->24089K(24256K) Class: 4883K(5056K)->4883K(5056K)
[2398.049s][info][gc             ] GC(416) Pause Young (Mixed) (G1 Evacuation Pause) 3669M->1320M(4096M) 136.722ms
[2398.049s][info][gc,cpu         ] GC(416) User=0.81s Sys=0.00s Real=0.14s
.....[2403.004s][info][gc,start       ] GC(417) Pause Young (Concurrent Start) (G1 Evacuation Pause)
[2403.004s][info][gc,task        ] GC(417) Using 6 workers of 6 for evacuation
[2403.121s][info][gc,phases      ] GC(417)   Pre Evacuate Collection Set: 0.43ms
[2403.121s][info][gc,phases      ] GC(417)   Merge Heap Roots: 0.49ms
[2403.121s][info][gc,phases      ] GC(417)   Evacuate Collection Set: 115.56ms
[2403.121s][info][gc,phases      ] GC(417)   Post Evacuate Collection Set: 0.93ms
[2403.121s][info][gc,phases      ] GC(417)   Other: 0.14ms
[2403.121s][info][gc,heap        ] GC(417) Eden regions: 1117->0(1119)
[2403.121s][info][gc,heap        ] GC(417) Survivor regions: 111->109(154)
[2403.121s][info][gc,heap        ] GC(417) Old regions: 470->503
[2403.121s][info][gc,heap        ] GC(417) Humongous regions: 80->80
[2403.121s][info][gc,metaspace   ] GC(417) Metaspace: 28973K(29312K)->28973K(29312K) NonClass: 24089K(24256K)->24089K(24256K) Class: 4883K(5056K)->4883K(5056K)
[2403.121s][info][gc             ] GC(417) Pause Young (Concurrent Start) (G1 Evacuation Pause) 3554M->1381M(4096M) 117.672ms
[2403.121s][info][gc             ] GC(418) Concurrent Mark Cycle
[2403.121s][info][gc,marking     ] GC(418) Concurrent Scan Root Regions
[2403.121s][info][gc,cpu         ] GC(417) User=0.69s Sys=0.00s Real=0.11s
.[2403.308s][info][gc,marking     ] GC(418) Concurrent Scan Root Regions 186.568ms
[2403.308s][info][gc,marking     ] GC(418) Concurrent Mark
[2403.308s][info][gc,marking     ] GC(418) Concurrent Mark From Roots
[2403.308s][info][gc,task        ] GC(418) Using 2 workers of 2 for marking
[2403.941s][info][gc,marking     ] GC(418) Concurrent Mark From Roots 632.529ms
[2403.941s][info][gc,marking     ] GC(418) Concurrent Preclean
[2403.941s][info][gc,marking     ] GC(418) Concurrent Preclean 0.055ms
[2403.941s][info][gc,start       ] GC(418) Pause Remark
[2403.945s][info][gc             ] GC(418) Pause Remark 1791M->1791M(4096M) 3.841ms
[2403.945s][info][gc,cpu         ] GC(418) User=0.02s Sys=0.00s Real=0.01s
[2403.945s][info][gc,marking     ] GC(418) Concurrent Mark 636.703ms
[2403.945s][info][gc,marking     ] GC(418) Concurrent Rebuild Remembered Sets and Scrub Regions
.[2404.235s][info][gc,marking     ] GC(418) Concurrent Rebuild Remembered Sets and Scrub Regions 290.647ms
[2404.236s][info][gc,start       ] GC(418) Pause Cleanup
[2404.236s][info][gc             ] GC(418) Pause Cleanup 1954M->1954M(4096M) 0.123ms
[2404.236s][info][gc,cpu         ] GC(418) User=0.00s Sys=0.00s Real=0.00s
[2404.236s][info][gc,marking     ] GC(418) Concurrent Clear Claimed Marks
[2404.236s][info][gc,marking     ] GC(418) Concurrent Clear Claimed Marks 0.027ms
[2404.236s][info][gc,marking     ] GC(418) Concurrent Cleanup for Next Mark
[2404.239s][info][gc,marking     ] GC(418) Concurrent Cleanup for Next Mark 3.346ms
[2404.239s][info][gc             ] GC(418) Concurrent Mark Cycle 1117.765ms
...[2408.126s][info][gc,start       ] GC(419) Pause Young (Prepare Mixed) (G1 Evacuation Pause)
[2408.126s][info][gc,task        ] GC(419) Using 6 workers of 6 for evacuation
[2408.242s][info][gc,phases      ] GC(419)   Pre Evacuate Collection Set: 0.35ms
[2408.242s][info][gc,phases      ] GC(419)   Merge Heap Roots: 0.52ms
[2408.242s][info][gc,phases      ] GC(419)   Evacuate Collection Set: 114.03ms
[2408.242s][info][gc,phases      ] GC(419)   Post Evacuate Collection Set: 0.95ms
[2408.242s][info][gc,phases      ] GC(419)   Other: 0.08ms
[2408.242s][info][gc,heap        ] GC(419) Eden regions: 1119->0(1115)
[2408.242s][info][gc,heap        ] GC(419) Survivor regions: 109->108(154)
[2408.242s][info][gc,heap        ] GC(419) Old regions: 503->534
[2408.242s][info][gc,heap        ] GC(419) Humongous regions: 80->80
[2408.242s][info][gc,metaspace   ] GC(419) Metaspace: 28973K(29312K)->28973K(29312K) NonClass: 24089K(24256K)->24089K(24256K) Class: 4883K(5056K)->4883K(5056K)
[2408.242s][info][gc             ] GC(419) Pause Young (Prepare Mixed) (G1 Evacuation Pause) 3619M->1441M(4096M) 116.072ms
[2408.242s][info][gc,cpu         ] GC(419) User=0.69s Sys=0.00s Real=0.11s
.....[2413.109s][info][gc,start       ] GC(420) Pause Young (Mixed) (G1 Evacuation Pause)
[2413.109s][info][gc,task        ] GC(420) Using 6 workers of 6 for evacuation
[2413.241s][info][gc,phases      ] GC(420)   Pre Evacuate Collection Set: 0.41ms
[2413.241s][info][gc,phases      ] GC(420)   Merge Heap Roots: 0.66ms
[2413.241s][info][gc,phases      ] GC(420)   Evacuate Collection Set: 129.93ms
[2413.241s][info][gc,phases      ] GC(420)   Post Evacuate Collection Set: 0.98ms
[2413.241s][info][gc,phases      ] GC(420)   Other: 0.09ms
[2413.241s][info][gc,heap        ] GC(420) Eden regions: 1115->0(1119)
[2413.241s][info][gc,heap        ] GC(420) Survivor regions: 108->109(153)
[2413.241s][info][gc,heap        ] GC(420) Old regions: 534->471
[2413.241s][info][gc,heap        ] GC(420) Humongous regions: 80->80
[2413.241s][info][gc,metaspace   ] GC(420) Metaspace: 28973K(29312K)->28973K(29312K) NonClass: 24089K(24256K)->24089K(24256K) Class: 4883K(5056K)->4883K(5056K)
[2413.241s][info][gc             ] GC(420) Pause Young (Mixed) (G1 Evacuation Pause) 3671M->1318M(4096M) 132.213ms
[2413.241s][info][gc,cpu         ] GC(420) User=0.78s Sys=0.00s Real=0.13s
.....[2418.099s][info][gc,start       ] GC(421) Pause Young (Concurrent Start) (G1 Evacuation Pause)
[2418.099s][info][gc,task        ] GC(421) Using 6 workers of 6 for evacuation
[2418.217s][info][gc,phases      ] GC(421)   Pre Evacuate Collection Set: 0.39ms
[2418.217s][info][gc,phases      ] GC(421)   Merge Heap Roots: 0.47ms
[2418.217s][info][gc,phases      ] GC(421)   Evacuate Collection Set: 116.00ms
[2418.217s][info][gc,phases      ] GC(421)   Post Evacuate Collection Set: 0.96ms
[2418.217s][info][gc,phases      ] GC(421)   Other: 0.12ms
[2418.217s][info][gc,heap        ] GC(421) Eden regions: 1119->0(1119)
[2418.217s][info][gc,heap        ] GC(421) Survivor regions: 109->109(154)
[2418.217s][info][gc,heap        ] GC(421) Old regions: 471->503
[2418.217s][info][gc,heap        ] GC(421) Humongous regions: 80->80
[2418.217s][info][gc,metaspace   ] GC(421) Metaspace: 28973K(29312K)->28973K(29312K) NonClass: 24089K(24256K)->24089K(24256K) Class: 4883K(5056K)->4883K(5056K)
[2418.217s][info][gc             ] GC(421) Pause Young (Concurrent Start) (G1 Evacuation Pause) 3556M->1382M(4096M) 118.086ms
[2418.217s][info][gc             ] GC(422) Concurrent Mark Cycle
[2418.217s][info][gc,marking     ] GC(422) Concurrent Scan Root Regions
[2418.217s][info][gc,cpu         ] GC(421) User=0.70s Sys=0.00s Real=0.12s
.[2418.378s][info][gc,marking     ] GC(422) Concurrent Scan Root Regions 160.768ms
[2418.378s][info][gc,marking     ] GC(422) Concurrent Mark
[2418.378s][info][gc,marking     ] GC(422) Concurrent Mark From Roots
[2418.378s][info][gc,task        ] GC(422) Using 2 workers of 2 for marking
[2419.047s][info][gc,marking     ] GC(422) Concurrent Mark From Roots 668.802ms
[2419.047s][info][gc,marking     ] GC(422) Concurrent Preclean
[2419.047s][info][gc,marking     ] GC(422) Concurrent Preclean 0.059ms
[2419.047s][info][gc,start       ] GC(422) Pause Remark
[2419.051s][info][gc             ] GC(422) Pause Remark 1802M->1802M(4096M) 4.067ms
[2419.051s][info][gc,cpu         ] GC(422) User=0.03s Sys=0.00s Real=0.00s
[2419.051s][info][gc,marking     ] GC(422) Concurrent Mark 673.188ms
[2419.051s][info][gc,marking     ] GC(422) Concurrent Rebuild Remembered Sets and Scrub Regions
.[2419.342s][info][gc,marking     ] GC(422) Concurrent Rebuild Remembered Sets and Scrub Regions 291.340ms
[2419.342s][info][gc,start       ] GC(422) Pause Cleanup
[2419.343s][info][gc             ] GC(422) Pause Cleanup 1926M->1926M(4096M) 0.129ms
[2419.343s][info][gc,cpu         ] GC(422) User=0.00s Sys=0.00s Real=0.00s
[2419.343s][info][gc,marking     ] GC(422) Concurrent Clear Claimed Marks
[2419.343s][info][gc,marking     ] GC(422) Concurrent Clear Claimed Marks 0.030ms
[2419.343s][info][gc,marking     ] GC(422) Concurrent Cleanup for Next Mark
[2419.346s][info][gc,marking     ] GC(422) Concurrent Cleanup for Next Mark 3.250ms
[2419.346s][info][gc             ] GC(422) Concurrent Mark Cycle 1129.036ms
... (rIR:aIR:PR = 3736:3735:3735) (tPR = 54866) [OK] 
  2422s: Performance info:
         Transaction,    Success,    Partial,     Failed,   Receipts, AvgBarcode, 
             Overall,     226145,          0,          0,     214817,      59.47, 
         Response times:
             Request,    Success,    Partial,     Failed,   SkipFail,     Probes,    Samples,      min,      p50,      p90,      p95,      p99,      max, 
       TotalPurchase,     214817,          0,          0,          0,     210582,     225518,      300,     3100,     5300,     7200,    33000,   173000,
     InStorePurchase,     113113,          0,          0,          0,     111107,     118650,      300,     3200,     5400,     7400,    34000,   173000,
      OnlinePurchase,      79101,          0,          0,          0,      77585,      83130,      300,     3000,     5300,     7100,    33000,   168000,
        InstPurchase,      22603,          0,          0,          0,      21890,      23738,      400,     2800,     5000,     6500,    28000,   141000,
          AssocOfCat,        225,          0,          0,          0,        163,        234,    21000,    28000,    39000,    54250,   158900,   182000,
      AssocOfProduct,       2267,          0,          0,          0,       2085,       2343,      600,     4200,     6400,    10080,    36000,   168000,
      BusinessReport,        566,          0,          0,          0,        448,        558,    24000,    32000,    48000,    54000,    79410,   210000,
          CustBuyBeh,       2261,          0,          0,          0,       2048,       2312,      400,     2900,     4900,     7835,    32000,   138000,
       ProductReturn,       6009,          0,          0,          0,       5675,       6322,      300,     3100,     5500,     7800,    33000,   138000,

  2422s: (28%)   IR =   3874 [2423.171s][info][gc,start       ] GC(423) Pause Young (Prepare Mixed) (G1 Evacuation Pause)
[2423.171s][info][gc,task        ] GC(423) Using 6 workers of 6 for evacuation
[2423.288s][info][gc,phases      ] GC(423)   Pre Evacuate Collection Set: 0.35ms
[2423.288s][info][gc,phases      ] GC(423)   Merge Heap Roots: 0.52ms
[2423.288s][info][gc,phases      ] GC(423)   Evacuate Collection Set: 114.79ms
[2423.288s][info][gc,phases      ] GC(423)   Post Evacuate Collection Set: 0.96ms
[2423.288s][info][gc,phases      ] GC(423)   Other: 0.09ms
[2423.288s][info][gc,heap        ] GC(423) Eden regions: 1119->0(1114)
[2423.288s][info][gc,heap        ] GC(423) Survivor regions: 109->108(154)
[2423.288s][info][gc,heap        ] GC(423) Old regions: 503->535
[2423.288s][info][gc,heap        ] GC(423) Humongous regions: 80->80
[2423.288s][info][gc,metaspace   ] GC(423) Metaspace: 28974K(29312K)->28974K(29312K) NonClass: 24091K(24256K)->24091K(24256K) Class: 4883K(5056K)->4883K(5056K)
[2423.288s][info][gc             ] GC(423) Pause Young (Prepare Mixed) (G1 Evacuation Pause) 3620M->1443M(4096M) 116.837ms
[2423.288s][info][gc,cpu         ] GC(423) User=0.69s Sys=0.00s Real=0.12s
....|.[2428.091s][info][gc,start       ] GC(424) Pause Young (Mixed) (G1 Evacuation Pause)
[2428.091s][info][gc,task        ] GC(424) Using 6 workers of 6 for evacuation
[2428.224s][info][gc,phases      ] GC(424)   Pre Evacuate Collection Set: 0.41ms
[2428.224s][info][gc,phases      ] GC(424)   Merge Heap Roots: 0.67ms
[2428.224s][info][gc,phases      ] GC(424)   Evacuate Collection Set: 130.71ms
[2428.224s][info][gc,phases      ] GC(424)   Post Evacuate Collection Set: 0.96ms
[2428.224s][info][gc,phases      ] GC(424)   Other: 0.09ms
[2428.224s][info][gc,heap        ] GC(424) Eden regions: 1114->0(1118)
[2428.224s][info][gc,heap        ] GC(424) Survivor regions: 108->110(153)
[2428.224s][info][gc,heap        ] GC(424) Old regions: 535->471
[2428.224s][info][gc,heap        ] GC(424) Humongous regions: 80->80
[2428.224s][info][gc,metaspace   ] GC(424) Metaspace: 28974K(29312K)->28974K(29312K) NonClass: 24091K(24256K)->24091K(24256K) Class: 4883K(5056K)->4883K(5056K)
[2428.224s][info][gc             ] GC(424) Pause Young (Mixed) (G1 Evacuation Pause) 3671M->1320M(4096M) 132.998ms
[2428.224s][info][gc,cpu         ] GC(424) User=0.79s Sys=0.00s Real=0.14s
.....[2432.952s][info][gc,start       ] GC(425) Pause Young (Concurrent Start) (G1 Evacuation Pause)
[2432.952s][info][gc,task        ] GC(425) Using 6 workers of 6 for evacuation
[2433.071s][info][gc,phases      ] GC(425)   Pre Evacuate Collection Set: 0.41ms
[2433.071s][info][gc,phases      ] GC(425)   Merge Heap Roots: 0.48ms
[2433.071s][info][gc,phases      ] GC(425)   Evacuate Collection Set: 116.90ms
[2433.071s][info][gc,phases      ] GC(425)   Post Evacuate Collection Set: 0.90ms
[2433.071s][info][gc,phases      ] GC(425)   Other: 0.11ms
[2433.071s][info][gc,heap        ] GC(425) Eden regions: 1118->0(1117)
[2433.071s][info][gc,heap        ] GC(425) Survivor regions: 110->111(154)
[2433.071s][info][gc,heap        ] GC(425) Old regions: 471->503
[2433.071s][info][gc,heap        ] GC(425) Humongous regions: 80->80
[2433.071s][info][gc,metaspace   ] GC(425) Metaspace: 28974K(29312K)->28974K(29312K) NonClass: 24091K(24256K)->24091K(24256K) Class: 4883K(5056K)->4883K(5056K)
[2433.071s][info][gc             ] GC(425) Pause Young (Concurrent Start) (G1 Evacuation Pause) 3556M->1386M(4096M) 118.945ms
[2433.071s][info][gc             ] GC(426) Concurrent Mark Cycle
[2433.071s][info][gc,marking     ] GC(426) Concurrent Scan Root Regions
[2433.071s][info][gc,cpu         ] GC(425) User=0.70s Sys=0.00s Real=0.12s
[2433.259s][info][gc,marking     ] GC(426) Concurrent Scan Root Regions 188.022ms
[2433.259s][info][gc,marking     ] GC(426) Concurrent Mark
[2433.259s][info][gc,marking     ] GC(426) Concurrent Mark From Roots
[2433.259s][info][gc,task        ] GC(426) Using 2 workers of 2 for marking
.[2434.214s][info][gc,marking     ] GC(426) Concurrent Mark From Roots 955.264ms
[2434.214s][info][gc,marking     ] GC(426) Concurrent Preclean
[2434.214s][info][gc,marking     ] GC(426) Concurrent Preclean 0.056ms
[2434.215s][info][gc,start       ] GC(426) Pause Remark
[2434.220s][info][gc             ] GC(426) Pause Remark 1994M->1994M(4096M) 5.115ms
[2434.220s][info][gc,cpu         ] GC(426) User=0.03s Sys=0.00s Real=0.00s
[2434.220s][info][gc,marking     ] GC(426) Concurrent Mark 960.692ms
[2434.220s][info][gc,marking     ] GC(426) Concurrent Rebuild Remembered Sets and Scrub Regions
.[2434.574s][info][gc,marking     ] GC(426) Concurrent Rebuild Remembered Sets and Scrub Regions 353.762ms
[2434.574s][info][gc,start       ] GC(426) Pause Cleanup
[2434.574s][info][gc             ] GC(426) Pause Cleanup 2136M->2136M(4096M) 0.123ms
[2434.574s][info][gc,cpu         ] GC(426) User=0.00s Sys=0.00s Real=0.00s
[2434.574s][info][gc,marking     ] GC(426) Concurrent Clear Claimed Marks
[2434.574s][info][gc,marking     ] GC(426) Concurrent Clear Claimed Marks 0.030ms
[2434.574s][info][gc,marking     ] GC(426) Concurrent Cleanup for Next Mark
[2434.578s][info][gc,marking     ] GC(426) Concurrent Cleanup for Next Mark 3.810ms
[2434.578s][info][gc             ] GC(426) Concurrent Mark Cycle 1506.750ms
...[2437.742s][info][gc,start       ] GC(427) Pause Young (Prepare Mixed) (G1 Evacuation Pause)
[2437.742s][info][gc,task        ] GC(427) Using 6 workers of 6 for evacuation
[2437.858s][info][gc,phases      ] GC(427)   Pre Evacuate Collection Set: 0.37ms
[2437.858s][info][gc,phases      ] GC(427)   Merge Heap Roots: 0.54ms
[2437.858s][info][gc,phases      ] GC(427)   Evacuate Collection Set: 114.88ms
[2437.858s][info][gc,phases      ] GC(427)   Post Evacuate Collection Set: 0.97ms
[2437.858s][info][gc,phases      ] GC(427)   Other: 0.10ms
[2437.858s][info][gc,heap        ] GC(427) Eden regions: 1117->0(1113)
[2437.859s][info][gc,heap        ] GC(427) Survivor regions: 111->108(154)
[2437.859s][info][gc,heap        ] GC(427) Old regions: 503->536
[2437.859s][info][gc,heap        ] GC(427) Humongous regions: 80->80
[2437.859s][info][gc,metaspace   ] GC(427) Metaspace: 28974K(29312K)->28974K(29312K) NonClass: 24091K(24256K)->24091K(24256K) Class: 4883K(5056K)->4883K(5056K)
[2437.859s][info][gc             ] GC(427) Pause Young (Prepare Mixed) (G1 Evacuation Pause) 3620M->1444M(4096M) 117.003ms
[2437.859s][info][gc,cpu         ] GC(427) User=0.69s Sys=0.00s Real=0.12s
.....[2442.637s][info][gc,start       ] GC(428) Pause Young (Mixed) (G1 Evacuation Pause)
[2442.637s][info][gc,task        ] GC(428) Using 6 workers of 6 for evacuation
[2442.777s][info][gc,phases      ] GC(428)   Pre Evacuate Collection Set: 0.39ms
[2442.777s][info][gc,phases      ] GC(428)   Merge Heap Roots: 0.72ms
[2442.777s][info][gc,phases      ] GC(428)   Evacuate Collection Set: 137.75ms
[2442.777s][info][gc,phases      ] GC(428)   Post Evacuate Collection Set: 0.97ms
[2442.777s][info][gc,phases      ] GC(428)   Other: 0.10ms
[2442.777s][info][gc,heap        ] GC(428) Eden regions: 1113->0(1117)
[2442.777s][info][gc,heap        ] GC(428) Survivor regions: 108->111(153)
[2442.777s][info][gc,heap        ] GC(428) Old regions: 536->473
[2442.777s][info][gc,heap        ] GC(428) Humongous regions: 80->80
[2442.777s][info][gc,metaspace   ] GC(428) Metaspace: 28974K(29312K)->28974K(29312K) NonClass: 24091K(24256K)->24091K(24256K) Class: 4883K(5056K)->4883K(5056K)
[2442.777s][info][gc             ] GC(428) Pause Young (Mixed) (G1 Evacuation Pause) 3670M->1325M(4096M) 140.047ms
[2442.777s][info][gc,cpu         ] GC(428) User=0.83s Sys=0.00s Real=0.14s
.....[2447.400s][info][gc,start       ] GC(429) Pause Young (Concurrent Start) (G1 Evacuation Pause)
[2447.400s][info][gc,task        ] GC(429) Using 6 workers of 6 for evacuation
[2447.517s][info][gc,phases      ] GC(429)   Pre Evacuate Collection Set: 0.40ms
[2447.517s][info][gc,phases      ] GC(429)   Merge Heap Roots: 0.46ms
[2447.517s][info][gc,phases      ] GC(429)   Evacuate Collection Set: 115.27ms
[2447.517s][info][gc,phases      ] GC(429)   Post Evacuate Collection Set: 0.91ms
[2447.517s][info][gc,phases      ] GC(429)   Other: 0.13ms
[2447.517s][info][gc,heap        ] GC(429) Eden regions: 1117->0(1119)
[2447.517s][info][gc,heap        ] GC(429) Survivor regions: 111->109(154)
[2447.517s][info][gc,heap        ] GC(429) Old regions: 473->505
[2447.517s][info][gc,heap        ] GC(429) Humongous regions: 80->80
[2447.517s][info][gc,metaspace   ] GC(429) Metaspace: 28974K(29312K)->28974K(29312K) NonClass: 24091K(24256K)->24091K(24256K) Class: 4883K(5056K)->4883K(5056K)
[2447.517s][info][gc             ] GC(429) Pause Young (Concurrent Start) (G1 Evacuation Pause) 3559M->1385M(4096M) 117.295ms
[2447.517s][info][gc             ] GC(430) Concurrent Mark Cycle
[2447.517s][info][gc,marking     ] GC(430) Concurrent Scan Root Regions
[2447.517s][info][gc,cpu         ] GC(429) User=0.69s Sys=0.00s Real=0.12s
[2447.693s][info][gc,marking     ] GC(430) Concurrent Scan Root Regions 175.890ms
[2447.693s][info][gc,marking     ] GC(430) Concurrent Mark
[2447.693s][info][gc,marking     ] GC(430) Concurrent Mark From Roots
[2447.693s][info][gc,task        ] GC(430) Using 2 workers of 2 for marking
.[2448.608s][info][gc,marking     ] GC(430) Concurrent Mark From Roots 914.782ms
[2448.608s][info][gc,marking     ] GC(430) Concurrent Preclean
[2448.608s][info][gc,marking     ] GC(430) Concurrent Preclean 0.062ms
[2448.608s][info][gc,start       ] GC(430) Pause Remark
[2448.613s][info][gc             ] GC(430) Pause Remark 1894M->1894M(4096M) 5.037ms
[2448.613s][info][gc,cpu         ] GC(430) User=0.03s Sys=0.00s Real=0.01s
[2448.615s][info][gc,marking     ] GC(430) Concurrent Mark 921.626ms
[2448.615s][info][gc,marking     ] GC(430) Concurrent Rebuild Remembered Sets and Scrub Regions
[2448.864s][info][gc,marking     ] GC(430) Concurrent Rebuild Remembered Sets and Scrub Regions 249.392ms
[2448.864s][info][gc,start       ] GC(430) Pause Cleanup
[2448.864s][info][gc             ] GC(430) Pause Cleanup 2010M->2010M(4096M) 0.123ms
[2448.864s][info][gc,cpu         ] GC(430) User=0.00s Sys=0.00s Real=0.00s
[2448.864s][info][gc,marking     ] GC(430) Concurrent Clear Claimed Marks
[2448.864s][info][gc,marking     ] GC(430) Concurrent Clear Claimed Marks 0.040ms
[2448.864s][info][gc,marking     ] GC(430) Concurrent Cleanup for Next Mark
[2448.869s][info][gc,marking     ] GC(430) Concurrent Cleanup for Next Mark 4.567ms
[2448.869s][info][gc             ] GC(430) Concurrent Mark Cycle 1351.993ms
...[2452.346s][info][gc,start       ] GC(431) Pause Young (Prepare Mixed) (G1 Evacuation Pause)
[2452.346s][info][gc,task        ] GC(431) Using 6 workers of 6 for evacuation
[2452.470s][info][gc,phases      ] GC(431)   Pre Evacuate Collection Set: 0.35ms
[2452.470s][info][gc,phases      ] GC(431)   Merge Heap Roots: 0.52ms
[2452.470s][info][gc,phases      ] GC(431)   Evacuate Collection Set: 122.03ms
[2452.470s][info][gc,phases      ] GC(431)   Post Evacuate Collection Set: 1.00ms
[2452.470s][info][gc,phases      ] GC(431)   Other: 0.09ms
[2452.470s][info][gc,heap        ] GC(431) Eden regions: 1119->0(1099)
[2452.470s][info][gc,heap        ] GC(431) Survivor regions: 109->115(154)
[2452.470s][info][gc,heap        ] GC(431) Old regions: 505->536
[2452.470s][info][gc,heap        ] GC(431) Humongous regions: 80->80
[2452.470s][info][gc,metaspace   ] GC(431) Metaspace: 28974K(29312K)->28974K(29312K) NonClass: 24091K(24256K)->24091K(24256K) Class: 4883K(5056K)->4883K(5056K)
[2452.470s][info][gc             ] GC(431) Pause Young (Prepare Mixed) (G1 Evacuation Pause) 3623M->1459M(4096M) 124.112ms
[2452.470s][info][gc,cpu         ] GC(431) User=0.73s Sys=0.00s Real=0.12s
.....[2457.173s][info][gc,start       ] GC(432) Pause Young (Mixed) (G1 Evacuation Pause)
[2457.173s][info][gc,task        ] GC(432) Using 6 workers of 6 for evacuation
[2457.305s][info][gc,phases      ] GC(432)   Pre Evacuate Collection Set: 0.39ms
[2457.305s][info][gc,phases      ] GC(432)   Merge Heap Roots: 0.67ms
[2457.305s][info][gc,phases      ] GC(432)   Evacuate Collection Set: 129.41ms
[2457.305s][info][gc,phases      ] GC(432)   Post Evacuate Collection Set: 1.04ms
[2457.305s][info][gc,phases      ] GC(432)   Other: 0.09ms
[2457.305s][info][gc,heap        ] GC(432) Eden regions: 1099->0(1120)
[2457.305s][info][gc,heap        ] GC(432) Survivor regions: 115->108(152)
[2457.305s][info][gc,heap        ] GC(432) Old regions: 536->471
[2457.305s][info][gc,heap        ] GC(432) Humongous regions: 80->80
[2457.305s][info][gc,metaspace   ] GC(432) Metaspace: 28974K(29312K)->28974K(29312K) NonClass: 24091K(24256K)->24091K(24256K) Class: 4883K(5056K)->4883K(5056K)
[2457.305s][info][gc             ] GC(432) Pause Young (Mixed) (G1 Evacuation Pause) 3657M->1314M(4096M) 131.739ms
[2457.305s][info][gc,cpu         ] GC(432) User=0.78s Sys=0.00s Real=0.13s
.....[2462.073s][info][gc,start       ] GC(433) Pause Young (Concurrent Start) (G1 Evacuation Pause)
[2462.073s][info][gc,task        ] GC(433) Using 6 workers of 6 for evacuation
[2462.193s][info][gc,phases      ] GC(433)   Pre Evacuate Collection Set: 0.39ms
[2462.193s][info][gc,phases      ] GC(433)   Merge Heap Roots: 0.46ms
[2462.193s][info][gc,phases      ] GC(433)   Evacuate Collection Set: 118.90ms
[2462.193s][info][gc,phases      ] GC(433)   Post Evacuate Collection Set: 0.91ms
[2462.193s][info][gc,phases      ] GC(433)   Other: 0.12ms
[2462.193s][info][gc,heap        ] GC(433) Eden regions: 1120->0(1117)
[2462.193s][info][gc,heap        ] GC(433) Survivor regions: 108->111(154)
[2462.193s][info][gc,heap        ] GC(433) Old regions: 471->504
[2462.193s][info][gc,heap        ] GC(433) Humongous regions: 80->80
[2462.193s][info][gc,metaspace   ] GC(433) Metaspace: 28974K(29312K)->28974K(29312K) NonClass: 24091K(24256K)->24091K(24256K) Class: 4883K(5056K)->4883K(5056K)
[2462.194s][info][gc             ] GC(433) Pause Young (Concurrent Start) (G1 Evacuation Pause) 3554M->1388M(4096M) 120.915ms
[2462.194s][info][gc             ] GC(434) Concurrent Mark Cycle
[2462.194s][info][gc,marking     ] GC(434) Concurrent Scan Root Regions
[2462.194s][info][gc,cpu         ] GC(433) User=0.71s Sys=0.00s Real=0.12s
[2462.354s][info][gc,marking     ] GC(434) Concurrent Scan Root Regions 160.702ms
[2462.354s][info][gc,marking     ] GC(434) Concurrent Mark
[2462.354s][info][gc,marking     ] GC(434) Concurrent Mark From Roots
[2462.354s][info][gc,task        ] GC(434) Using 2 workers of 2 for marking
.[2463.014s][info][gc,marking     ] GC(434) Concurrent Mark From Roots 660.122ms
[2463.014s][info][gc,marking     ] GC(434) Concurrent Preclean
[2463.015s][info][gc,marking     ] GC(434) Concurrent Preclean 0.067ms
[2463.015s][info][gc,start       ] GC(434) Pause Remark
[2463.019s][info][gc             ] GC(434) Pause Remark 1819M->1819M(4096M) 4.421ms
[2463.019s][info][gc,cpu         ] GC(434) User=0.02s Sys=0.01s Real=0.00s
[2463.019s][info][gc,marking     ] GC(434) Concurrent Mark 664.868ms
[2463.019s][info][gc,marking     ] GC(434) Concurrent Rebuild Remembered Sets and Scrub Regions
[2463.326s][info][gc,marking     ] GC(434) Concurrent Rebuild Remembered Sets and Scrub Regions 306.326ms
[2463.326s][info][gc,start       ] GC(434) Pause Cleanup
[2463.326s][info][gc             ] GC(434) Pause Cleanup 1981M->1981M(4096M) 0.114ms
[2463.326s][info][gc,cpu         ] GC(434) User=0.00s Sys=0.00s Real=0.00s
[2463.326s][info][gc,marking     ] GC(434) Concurrent Clear Claimed Marks
[2463.326s][info][gc,marking     ] GC(434) Concurrent Clear Claimed Marks 0.031ms
[2463.326s][info][gc,marking     ] GC(434) Concurrent Cleanup for Next Mark
[2463.330s][info][gc,marking     ] GC(434) Concurrent Cleanup for Next Mark 4.348ms
[2463.330s][info][gc             ] GC(434) Concurrent Mark Cycle 1136.750ms
....[2466.925s][info][gc,start       ] GC(435) Pause Young (Prepare Mixed) (G1 Evacuation Pause)
[2466.925s][info][gc,task        ] GC(435) Using 6 workers of 6 for evacuation
[2467.049s][info][gc,phases      ] GC(435)   Pre Evacuate Collection Set: 0.36ms
[2467.049s][info][gc,phases      ] GC(435)   Merge Heap Roots: 0.52ms
[2467.049s][info][gc,phases      ] GC(435)   Evacuate Collection Set: 122.45ms
[2467.049s][info][gc,phases      ] GC(435)   Post Evacuate Collection Set: 0.96ms
[2467.049s][info][gc,phases      ] GC(435)   Other: 0.08ms
[2467.049s][info][gc,heap        ] GC(435) Eden regions: 1117->0(1097)
[2467.049s][info][gc,heap        ] GC(435) Survivor regions: 111->116(154)
[2467.049s][info][gc,heap        ] GC(435) Old regions: 504->536
[2467.049s][info][gc,heap        ] GC(435) Humongous regions: 80->80
[2467.049s][info][gc,metaspace   ] GC(435) Metaspace: 28974K(29312K)->28974K(29312K) NonClass: 24091K(24256K)->24091K(24256K) Class: 4883K(5056K)->4883K(5056K)
[2467.049s][info][gc             ] GC(435) Pause Young (Prepare Mixed) (G1 Evacuation Pause) 3622M->1461M(4096M) 124.504ms
[2467.049s][info][gc,cpu         ] GC(435) User=0.73s Sys=0.00s Real=0.12s
.....[2471.696s][info][gc,start       ] GC(436) Pause Young (Mixed) (G1 Evacuation Pause)
[2471.696s][info][gc,task        ] GC(436) Using 6 workers of 6 for evacuation
[2471.826s][info][gc,phases      ] GC(436)   Pre Evacuate Collection Set: 0.43ms
[2471.826s][info][gc,phases      ] GC(436)   Merge Heap Roots: 0.67ms
[2471.826s][info][gc,phases      ] GC(436)   Evacuate Collection Set: 127.99ms
[2471.826s][info][gc,phases      ] GC(436)   Post Evacuate Collection Set: 0.98ms
[2471.826s][info][gc,phases      ] GC(436)   Other: 0.09ms
[2471.826s][info][gc,heap        ] GC(436) Eden regions: 1097->0(1119)
[2471.826s][info][gc,heap        ] GC(436) Survivor regions: 116->109(152)
[2471.826s][info][gc,heap        ] GC(436) Old regions: 536->473
[2471.826s][info][gc,heap        ] GC(436) Humongous regions: 80->80
[2471.826s][info][gc,metaspace   ] GC(436) Metaspace: 28974K(29312K)->28974K(29312K) NonClass: 24091K(24256K)->24091K(24256K) Class: 4883K(5056K)->4883K(5056K)
[2471.826s][info][gc             ] GC(436) Pause Young (Mixed) (G1 Evacuation Pause) 3655M->1320M(4096M) 130.294ms
[2471.826s][info][gc,cpu         ] GC(436) User=0.77s Sys=0.00s Real=0.13s
.....[2476.608s][info][gc,start       ] GC(437) Pause Young (Concurrent Start) (G1 Evacuation Pause)
[2476.608s][info][gc,task        ] GC(437) Using 6 workers of 6 for evacuation
[2476.724s][info][gc,phases      ] GC(437)   Pre Evacuate Collection Set: 0.44ms
[2476.724s][info][gc,phases      ] GC(437)   Merge Heap Roots: 0.51ms
[2476.724s][info][gc,phases      ] GC(437)   Evacuate Collection Set: 114.11ms
[2476.724s][info][gc,phases      ] GC(437)   Post Evacuate Collection Set: 0.93ms
[2476.724s][info][gc,phases      ] GC(437)   Other: 0.11ms
[2476.724s][info][gc,heap        ] GC(437) Eden regions: 1119->0(1120)
[2476.724s][info][gc,heap        ] GC(437) Survivor regions: 109->108(154)
[2476.724s][info][gc,heap        ] GC(437) Old regions: 473->505
[2476.724s][info][gc,heap        ] GC(437) Humongous regions: 80->80
[2476.724s][info][gc,metaspace   ] GC(437) Metaspace: 28974K(29312K)->28974K(29312K) NonClass: 24091K(24256K)->24091K(24256K) Class: 4883K(5056K)->4883K(5056K)
[2476.724s][info][gc             ] GC(437) Pause Young (Concurrent Start) (G1 Evacuation Pause) 3558M->1383M(4096M) 116.238ms
[2476.724s][info][gc             ] GC(438) Concurrent Mark Cycle
[2476.724s][info][gc,marking     ] GC(438) Concurrent Scan Root Regions
[2476.724s][info][gc,cpu         ] GC(437) User=0.69s Sys=0.00s Real=0.12s
[2476.881s][info][gc,marking     ] GC(438) Concurrent Scan Root Regions 157.112ms
[2476.881s][info][gc,marking     ] GC(438) Concurrent Mark
[2476.881s][info][gc,marking     ] GC(438) Concurrent Mark From Roots
[2476.881s][info][gc,task        ] GC(438) Using 2 workers of 2 for marking
.[2477.575s][info][gc,marking     ] GC(438) Concurrent Mark From Roots 693.929ms
[2477.575s][info][gc,marking     ] GC(438) Concurrent Preclean
[2477.575s][info][gc,marking     ] GC(438) Concurrent Preclean 0.059ms
[2477.575s][info][gc,start       ] GC(438) Pause Remark
[2477.580s][info][gc             ] GC(438) Pause Remark 1842M->1842M(4096M) 4.261ms
[2477.580s][info][gc,cpu         ] GC(438) User=0.03s Sys=0.00s Real=0.00s
[2477.580s][info][gc,marking     ] GC(438) Concurrent Mark 698.533ms
[2477.580s][info][gc,marking     ] GC(438) Concurrent Rebuild Remembered Sets and Scrub Regions
[2477.822s][info][gc,marking     ] GC(438) Concurrent Rebuild Remembered Sets and Scrub Regions 242.270ms
[2477.822s][info][gc,start       ] GC(438) Pause Cleanup
[2477.822s][info][gc             ] GC(438) Pause Cleanup 1937M->1937M(4096M) 0.126ms
[2477.822s][info][gc,cpu         ] GC(438) User=0.00s Sys=0.00s Real=0.00s
[2477.822s][info][gc,marking     ] GC(438) Concurrent Clear Claimed Marks
[2477.822s][info][gc,marking     ] GC(438) Concurrent Clear Claimed Marks 0.026ms
[2477.822s][info][gc,marking     ] GC(438) Concurrent Cleanup for Next Mark
[2477.828s][info][gc,marking     ] GC(438) Concurrent Cleanup for Next Mark 5.548ms
[2477.828s][info][gc             ] GC(438) Concurrent Mark Cycle 1103.951ms
...[2481.437s][info][gc,start       ] GC(439) Pause Young (Prepare Mixed) (G1 Evacuation Pause)
[2481.438s][info][gc,task        ] GC(439) Using 6 workers of 6 for evacuation
[2481.559s][info][gc,phases      ] GC(439)   Pre Evacuate Collection Set: 0.37ms
[2481.559s][info][gc,phases      ] GC(439)   Merge Heap Roots: 0.53ms
[2481.559s][info][gc,phases      ] GC(439)   Evacuate Collection Set: 119.33ms
[2481.559s][info][gc,phases      ] GC(439)   Post Evacuate Collection Set: 0.99ms
[2481.559s][info][gc,phases      ] GC(439)   Other: 0.09ms
[2481.559s][info][gc,heap        ] GC(439) Eden regions: 1120->0(1103)
[2481.559s][info][gc,heap        ] GC(439) Survivor regions: 108->113(154)
[2481.559s][info][gc,heap        ] GC(439) Old regions: 505->536
[2481.559s][info][gc,heap        ] GC(439) Humongous regions: 80->80
[2481.559s][info][gc,metaspace   ] GC(439) Metaspace: 28974K(29312K)->28974K(29312K) NonClass: 24091K(24256K)->24091K(24256K) Class: 4883K(5056K)->4883K(5056K)
[2481.559s][info][gc             ] GC(439) Pause Young (Prepare Mixed) (G1 Evacuation Pause) 3623M->1456M(4096M) 121.450ms
[2481.559s][info][gc,cpu         ] GC(439) User=0.71s Sys=0.00s Real=0.12s
.....[2486.321s][info][gc,start       ] GC(440) Pause Young (Mixed) (G1 Evacuation Pause)
[2486.321s][info][gc,task        ] GC(440) Using 6 workers of 6 for evacuation
[2486.454s][info][gc,phases      ] GC(440)   Pre Evacuate Collection Set: 0.41ms
[2486.454s][info][gc,phases      ] GC(440)   Merge Heap Roots: 0.77ms
[2486.454s][info][gc,phases      ] GC(440)   Evacuate Collection Set: 130.50ms
[2486.454s][info][gc,phases      ] GC(440)   Post Evacuate Collection Set: 1.01ms
[2486.454s][info][gc,phases      ] GC(440)   Other: 0.10ms
[2486.454s][info][gc,heap        ] GC(440) Eden regions: 1103->0(1120)
[2486.454s][info][gc,heap        ] GC(440) Survivor regions: 113->108(152)
[2486.454s][info][gc,heap        ] GC(440) Old regions: 536->471
[2486.454s][info][gc,heap        ] GC(440) Humongous regions: 80->80
[2486.454s][info][gc,metaspace   ] GC(440) Metaspace: 28974K(29312K)->28974K(29312K) NonClass: 24091K(24256K)->24091K(24256K) Class: 4883K(5056K)->4883K(5056K)
[2486.454s][info][gc             ] GC(440) Pause Young (Mixed) (G1 Evacuation Pause) 3662M->1315M(4096M) 132.942ms
[2486.454s][info][gc,cpu         ] GC(440) User=0.78s Sys=0.00s Real=0.14s
. (rIR:aIR:PR = 3874:3871:3871) (tPR = 57294) [OK] 
  2486s: Performance info:
         Transaction,    Success,    Partial,     Failed,   Receipts, AvgBarcode, 
             Overall,     233019,          0,          0,     221370,      59.48, 
         Response times:
             Request,    Success,    Partial,     Failed,   SkipFail,     Probes,    Samples,      min,      p50,      p90,      p95,      p99,      max, 
       TotalPurchase,     221370,          0,          0,          0,     217833,     233229,      300,     3200,     5600,     7900,    45000,   187000,
     InStorePurchase,     116458,          0,          0,          0,     114974,     122817,      300,     3200,     5600,     7900,    45000,   162000,
      OnlinePurchase,      81577,          0,          0,          0,      80254,      85709,      300,     3300,     5700,     8000,    47000,   187000,
        InstPurchase,      23335,          0,          0,          0,      22605,      24703,      400,     3100,     5500,     7800,    41000,   154000,
          AssocOfCat,        234,          0,          0,          0,        173,        263,    23000,    29000,    37000,    45800,    93120,   169000,
      AssocOfProduct,       2318,          0,          0,          0,       2141,       2473,      600,     3400,     5600,     7130,    39000,   140000,
      BusinessReport,        579,          0,          0,          0,        480,        613,    19900,    32000,    50000,    65000,   169580,   208000,
          CustBuyBeh,       2341,          0,          0,          0,       2163,       2525,      300,     2200,     4500,     7100,    34000,   162000,
       ProductReturn,       6177,          0,          0,          0,       5857,       6471,      200,     1900,     4200,     6100,    35000,   147000,

  2486s: (29%)   IR =   4013 ....|[2491.199s][info][gc,start       ] GC(441) Pause Young (Concurrent Start) (G1 Evacuation Pause)
[2491.199s][info][gc,task        ] GC(441) Using 6 workers of 6 for evacuation
[2491.316s][info][gc,phases      ] GC(441)   Pre Evacuate Collection Set: 0.42ms
[2491.316s][info][gc,phases      ] GC(441)   Merge Heap Roots: 0.45ms
[2491.316s][info][gc,phases      ] GC(441)   Evacuate Collection Set: 115.60ms
[2491.316s][info][gc,phases      ] GC(441)   Post Evacuate Collection Set: 0.91ms
[2491.316s][info][gc,phases      ] GC(441)   Other: 0.12ms
[2491.316s][info][gc,heap        ] GC(441) Eden regions: 1120->0(1119)
[2491.316s][info][gc,heap        ] GC(441) Survivor regions: 108->109(154)
[2491.316s][info][gc,heap        ] GC(441) Old regions: 471->503
[2491.316s][info][gc,heap        ] GC(441) Humongous regions: 80->80
[2491.316s][info][gc,metaspace   ] GC(441) Metaspace: 28974K(29312K)->28974K(29312K) NonClass: 24091K(24256K)->24091K(24256K) Class: 4883K(5056K)->4883K(5056K)
[2491.316s][info][gc             ] GC(441) Pause Young (Concurrent Start) (G1 Evacuation Pause) 3555M->1380M(4096M) 117.630ms
[2491.316s][info][gc             ] GC(442) Concurrent Mark Cycle
[2491.316s][info][gc,marking     ] GC(442) Concurrent Scan Root Regions
[2491.316s][info][gc,cpu         ] GC(441) User=0.70s Sys=0.01s Real=0.12s
[2491.489s][info][gc,marking     ] GC(442) Concurrent Scan Root Regions 172.844ms
[2491.489s][info][gc,marking     ] GC(442) Concurrent Mark
[2491.489s][info][gc,marking     ] GC(442) Concurrent Mark From Roots
[2491.489s][info][gc,task        ] GC(442) Using 2 workers of 2 for marking
.[2492.271s][info][gc,marking     ] GC(442) Concurrent Mark From Roots 781.615ms
[2492.271s][info][gc,marking     ] GC(442) Concurrent Preclean
[2492.271s][info][gc,marking     ] GC(442) Concurrent Preclean 0.055ms
[2492.271s][info][gc,start       ] GC(442) Pause Remark
[2492.276s][info][gc             ] GC(442) Pause Remark 1942M->1942M(4096M) 4.600ms
[2492.276s][info][gc,cpu         ] GC(442) User=0.02s Sys=0.00s Real=0.01s
[2492.276s][info][gc,marking     ] GC(442) Concurrent Mark 786.526ms
[2492.276s][info][gc,marking     ] GC(442) Concurrent Rebuild Remembered Sets and Scrub Regions
[2492.519s][info][gc,marking     ] GC(442) Concurrent Rebuild Remembered Sets and Scrub Regions 243.094ms
[2492.519s][info][gc,start       ] GC(442) Pause Cleanup
[2492.519s][info][gc             ] GC(442) Pause Cleanup 2050M->2050M(4096M) 0.129ms
[2492.519s][info][gc,cpu         ] GC(442) User=0.00s Sys=0.00s Real=0.00s
[2492.519s][info][gc,marking     ] GC(442) Concurrent Clear Claimed Marks
[2492.519s][info][gc,marking     ] GC(442) Concurrent Clear Claimed Marks 0.027ms
[2492.519s][info][gc,marking     ] GC(442) Concurrent Cleanup for Next Mark
[2492.523s][info][gc,marking     ] GC(442) Concurrent Cleanup for Next Mark 3.890ms
[2492.523s][info][gc             ] GC(442) Concurrent Mark Cycle 1206.866ms
....[2495.841s][info][gc,start       ] GC(443) Pause Young (Prepare Mixed) (G1 Evacuation Pause)
[2495.841s][info][gc,task        ] GC(443) Using 6 workers of 6 for evacuation
[2495.957s][info][gc,phases      ] GC(443)   Pre Evacuate Collection Set: 0.38ms
[2495.957s][info][gc,phases      ] GC(443)   Merge Heap Roots: 0.53ms
[2495.957s][info][gc,phases      ] GC(443)   Evacuate Collection Set: 114.39ms
[2495.957s][info][gc,phases      ] GC(443)   Post Evacuate Collection Set: 1.00ms
[2495.957s][info][gc,phases      ] GC(443)   Other: 0.10ms
[2495.957s][info][gc,heap        ] GC(443) Eden regions: 1119->0(1112)
[2495.957s][info][gc,heap        ] GC(443) Survivor regions: 109->109(154)
[2495.957s][info][gc,heap        ] GC(443) Old regions: 503->535
[2495.957s][info][gc,heap        ] GC(443) Humongous regions: 80->80
[2495.957s][info][gc,metaspace   ] GC(443) Metaspace: 28974K(29312K)->28974K(29312K) NonClass: 24091K(24256K)->24091K(24256K) Class: 4883K(5056K)->4883K(5056K)
[2495.957s][info][gc             ] GC(443) Pause Young (Prepare Mixed) (G1 Evacuation Pause) 3618M->1446M(4096M) 116.549ms
[2495.957s][info][gc,cpu         ] GC(443) User=0.69s Sys=0.00s Real=0.12s
....[2500.504s][info][gc,start       ] GC(444) Pause Young (Mixed) (G1 Evacuation Pause)
[2500.504s][info][gc,task        ] GC(444) Using 6 workers of 6 for evacuation
[2500.640s][info][gc,phases      ] GC(444)   Pre Evacuate Collection Set: 0.39ms
[2500.640s][info][gc,phases      ] GC(444)   Merge Heap Roots: 0.69ms
[2500.640s][info][gc,phases      ] GC(444)   Evacuate Collection Set: 133.40ms
[2500.640s][info][gc,phases      ] GC(444)   Post Evacuate Collection Set: 0.90ms
[2500.640s][info][gc,phases      ] GC(444)   Other: 0.09ms
[2500.640s][info][gc,heap        ] GC(444) Eden regions: 1112->0(1118)
[2500.640s][info][gc,heap        ] GC(444) Survivor regions: 109->110(153)
[2500.640s][info][gc,heap        ] GC(444) Old regions: 535->473
[2500.640s][info][gc,heap        ] GC(444) Humongous regions: 80->80
[2500.640s][info][gc,metaspace   ] GC(444) Metaspace: 28974K(29312K)->28974K(29312K) NonClass: 24091K(24256K)->24091K(24256K) Class: 4883K(5056K)->4883K(5056K)
[2500.640s][info][gc             ] GC(444) Pause Young (Mixed) (G1 Evacuation Pause) 3670M->1323M(4096M) 135.607ms
[2500.640s][info][gc,cpu         ] GC(444) User=0.80s Sys=0.00s Real=0.13s
.....[2505.220s][info][gc,start       ] GC(445) Pause Young (Concurrent Start) (G1 Evacuation Pause)
[2505.220s][info][gc,task        ] GC(445) Using 6 workers of 6 for evacuation
[2505.336s][info][gc,phases      ] GC(445)   Pre Evacuate Collection Set: 0.43ms
[2505.336s][info][gc,phases      ] GC(445)   Merge Heap Roots: 0.49ms
[2505.336s][info][gc,phases      ] GC(445)   Evacuate Collection Set: 113.48ms
[2505.336s][info][gc,phases      ] GC(445)   Post Evacuate Collection Set: 0.90ms
[2505.336s][info][gc,phases      ] GC(445)   Other: 0.11ms
[2505.336s][info][gc,heap        ] GC(445) Eden regions: 1118->0(1120)
[2505.336s][info][gc,heap        ] GC(445) Survivor regions: 110->108(154)
[2505.336s][info][gc,heap        ] GC(445) Old regions: 473->504
[2505.336s][info][gc,heap        ] GC(445) Humongous regions: 80->80
[2505.336s][info][gc,metaspace   ] GC(445) Metaspace: 28974K(29312K)->28974K(29312K) NonClass: 24091K(24256K)->24091K(24256K) Class: 4883K(5056K)->4883K(5056K)
[2505.336s][info][gc             ] GC(445) Pause Young (Concurrent Start) (G1 Evacuation Pause) 3559M->1381M(4096M) 115.541ms
[2505.336s][info][gc             ] GC(446) Concurrent Mark Cycle
[2505.336s][info][gc,marking     ] GC(446) Concurrent Scan Root Regions
[2505.336s][info][gc,cpu         ] GC(445) User=0.68s Sys=0.00s Real=0.12s
[2505.505s][info][gc,marking     ] GC(446) Concurrent Scan Root Regions 169.071ms
[2505.505s][info][gc,marking     ] GC(446) Concurrent Mark
[2505.505s][info][gc,marking     ] GC(446) Concurrent Mark From Roots
[2505.505s][info][gc,task        ] GC(446) Using 2 workers of 2 for marking
.[2506.105s][info][gc,marking     ] GC(446) Concurrent Mark From Roots 599.533ms
[2506.105s][info][gc,marking     ] GC(446) Concurrent Preclean
[2506.105s][info][gc,marking     ] GC(446) Concurrent Preclean 0.048ms
[2506.105s][info][gc,start       ] GC(446) Pause Remark
[2506.109s][info][gc             ] GC(446) Pause Remark 1801M->1801M(4096M) 4.158ms
[2506.109s][info][gc,cpu         ] GC(446) User=0.02s Sys=0.00s Real=0.00s
[2506.109s][info][gc,marking     ] GC(446) Concurrent Mark 604.002ms
[2506.109s][info][gc,marking     ] GC(446) Concurrent Rebuild Remembered Sets and Scrub Regions
[2506.340s][info][gc,marking     ] GC(446) Concurrent Rebuild Remembered Sets and Scrub Regions 231.120ms
[2506.340s][info][gc,start       ] GC(446) Pause Cleanup
[2506.340s][info][gc             ] GC(446) Pause Cleanup 1905M->1905M(4096M) 0.123ms
[2506.340s][info][gc,cpu         ] GC(446) User=0.00s Sys=0.00s Real=0.00s
[2506.341s][info][gc,marking     ] GC(446) Concurrent Clear Claimed Marks
[2506.341s][info][gc,marking     ] GC(446) Concurrent Clear Claimed Marks 0.024ms
[2506.341s][info][gc,marking     ] GC(446) Concurrent Cleanup for Next Mark
[2506.344s][info][gc,marking     ] GC(446) Concurrent Cleanup for Next Mark 3.569ms
[2506.344s][info][gc             ] GC(446) Concurrent Mark Cycle 1008.275ms
....[2509.921s][info][gc,start       ] GC(447) Pause Young (Prepare Mixed) (G1 Evacuation Pause)
[2509.921s][info][gc,task        ] GC(447) Using 6 workers of 6 for evacuation
[2510.040s][info][gc,phases      ] GC(447)   Pre Evacuate Collection Set: 0.37ms
[2510.040s][info][gc,phases      ] GC(447)   Merge Heap Roots: 0.56ms
[2510.040s][info][gc,phases      ] GC(447)   Evacuate Collection Set: 116.71ms
[2510.040s][info][gc,phases      ] GC(447)   Post Evacuate Collection Set: 0.96ms
[2510.040s][info][gc,phases      ] GC(447)   Other: 0.09ms
[2510.040s][info][gc,heap        ] GC(447) Eden regions: 1120->0(1104)
[2510.040s][info][gc,heap        ] GC(447) Survivor regions: 108->112(154)
[2510.040s][info][gc,heap        ] GC(447) Old regions: 504->537
[2510.040s][info][gc,heap        ] GC(447) Humongous regions: 80->80
[2510.040s][info][gc,metaspace   ] GC(447) Metaspace: 28974K(29312K)->28974K(29312K) NonClass: 24091K(24256K)->24091K(24256K) Class: 4883K(5056K)->4883K(5056K)
[2510.040s][info][gc             ] GC(447) Pause Young (Prepare Mixed) (G1 Evacuation Pause) 3621M->1454M(4096M) 118.842ms
[2510.040s][info][gc,cpu         ] GC(447) User=0.71s Sys=0.00s Real=0.12s
....[2514.543s][info][gc,start       ] GC(448) Pause Young (Mixed) (G1 Evacuation Pause)
[2514.543s][info][gc,task        ] GC(448) Using 6 workers of 6 for evacuation
[2514.676s][info][gc,phases      ] GC(448)   Pre Evacuate Collection Set: 0.39ms
[2514.676s][info][gc,phases      ] GC(448)   Merge Heap Roots: 0.66ms
[2514.676s][info][gc,phases      ] GC(448)   Evacuate Collection Set: 130.67ms
[2514.676s][info][gc,phases      ] GC(448)   Post Evacuate Collection Set: 1.00ms
[2514.676s][info][gc,phases      ] GC(448)   Other: 0.09ms
[2514.676s][info][gc,heap        ] GC(448) Eden regions: 1104->0(1119)
[2514.676s][info][gc,heap        ] GC(448) Survivor regions: 112->109(152)
[2514.676s][info][gc,heap        ] GC(448) Old regions: 537->473
[2514.676s][info][gc,heap        ] GC(448) Humongous regions: 80->80
[2514.676s][info][gc,metaspace   ] GC(448) Metaspace: 28974K(29312K)->28974K(29312K) NonClass: 24091K(24256K)->24091K(24256K) Class: 4883K(5056K)->4883K(5056K)
[2514.676s][info][gc             ] GC(448) Pause Young (Mixed) (G1 Evacuation Pause) 3662M->1321M(4096M) 132.945ms
[2514.676s][info][gc,cpu         ] GC(448) User=0.78s Sys=0.00s Real=0.13s
.....[2519.281s][info][gc,start       ] GC(449) Pause Young (Concurrent Start) (G1 Evacuation Pause)
[2519.281s][info][gc,task        ] GC(449) Using 6 workers of 6 for evacuation
[2519.397s][info][gc,phases      ] GC(449)   Pre Evacuate Collection Set: 0.41ms
[2519.397s][info][gc,phases      ] GC(449)   Merge Heap Roots: 0.54ms
[2519.397s][info][gc,phases      ] GC(449)   Evacuate Collection Set: 113.87ms
[2519.397s][info][gc,phases      ] GC(449)   Post Evacuate Collection Set: 0.89ms
[2519.397s][info][gc,phases      ] GC(449)   Other: 0.11ms
[2519.397s][info][gc,heap        ] GC(449) Eden regions: 1119->0(1121)
[2519.397s][info][gc,heap        ] GC(449) Survivor regions: 109->107(154)
[2519.397s][info][gc,heap        ] GC(449) Old regions: 473->505
[2519.397s][info][gc,heap        ] GC(449) Humongous regions: 80->80
[2519.397s][info][gc,metaspace   ] GC(449) Metaspace: 28974K(29312K)->28974K(29312K) NonClass: 24091K(24256K)->24091K(24256K) Class: 4883K(5056K)->4883K(5056K)
[2519.397s][info][gc             ] GC(449) Pause Young (Concurrent Start) (G1 Evacuation Pause) 3559M->1382M(4096M) 115.955ms
[2519.397s][info][gc             ] GC(450) Concurrent Mark Cycle
[2519.397s][info][gc,marking     ] GC(450) Concurrent Scan Root Regions
[2519.397s][info][gc,cpu         ] GC(449) User=0.69s Sys=0.00s Real=0.12s
[2519.542s][info][gc,marking     ] GC(450) Concurrent Scan Root Regions 144.753ms
[2519.542s][info][gc,marking     ] GC(450) Concurrent Mark
[2519.542s][info][gc,marking     ] GC(450) Concurrent Mark From Roots
[2519.542s][info][gc,task        ] GC(450) Using 2 workers of 2 for marking
.[2520.144s][info][gc,marking     ] GC(450) Concurrent Mark From Roots 601.781ms
[2520.144s][info][gc,marking     ] GC(450) Concurrent Preclean
[2520.144s][info][gc,marking     ] GC(450) Concurrent Preclean 0.044ms
[2520.144s][info][gc,start       ] GC(450) Pause Remark
[2520.148s][info][gc             ] GC(450) Pause Remark 1796M->1796M(4096M) 4.127ms
[2520.148s][info][gc,cpu         ] GC(450) User=0.02s Sys=0.00s Real=0.00s
[2520.148s][info][gc,marking     ] GC(450) Concurrent Mark 606.188ms
[2520.148s][info][gc,marking     ] GC(450) Concurrent Rebuild Remembered Sets and Scrub Regions
[2520.380s][info][gc,marking     ] GC(450) Concurrent Rebuild Remembered Sets and Scrub Regions 231.596ms
[2520.380s][info][gc,start       ] GC(450) Pause Cleanup
[2520.380s][info][gc             ] GC(450) Pause Cleanup 1900M->1900M(4096M) 0.128ms
[2520.380s][info][gc,cpu         ] GC(450) User=0.00s Sys=0.00s Real=0.00s
[2520.380s][info][gc,marking     ] GC(450) Concurrent Clear Claimed Marks
[2520.380s][info][gc,marking     ] GC(450) Concurrent Clear Claimed Marks 0.034ms
[2520.380s][info][gc,marking     ] GC(450) Concurrent Cleanup for Next Mark
[2520.385s][info][gc,marking     ] GC(450) Concurrent Cleanup for Next Mark 4.619ms
[2520.385s][info][gc             ] GC(450) Concurrent Mark Cycle 988.118ms
....[2524.016s][info][gc,start       ] GC(451) Pause Young (Prepare Mixed) (G1 Evacuation Pause)
[2524.016s][info][gc,task        ] GC(451) Using 6 workers of 6 for evacuation
[2524.136s][info][gc,phases      ] GC(451)   Pre Evacuate Collection Set: 0.38ms
[2524.136s][info][gc,phases      ] GC(451)   Merge Heap Roots: 0.52ms
[2524.136s][info][gc,phases      ] GC(451)   Evacuate Collection Set: 118.30ms
[2524.136s][info][gc,phases      ] GC(451)   Post Evacuate Collection Set: 0.97ms
[2524.136s][info][gc,phases      ] GC(451)   Other: 0.09ms
[2524.136s][info][gc,heap        ] GC(451) Eden regions: 1121->0(1102)
[2524.136s][info][gc,heap        ] GC(451) Survivor regions: 107->113(154)
[2524.136s][info][gc,heap        ] GC(451) Old regions: 505->537
[2524.136s][info][gc,heap        ] GC(451) Humongous regions: 80->80
[2524.136s][info][gc,metaspace   ] GC(451) Metaspace: 28974K(29312K)->28974K(29312K) NonClass: 24091K(24256K)->24091K(24256K) Class: 4883K(5056K)->4883K(5056K)
[2524.136s][info][gc             ] GC(451) Pause Young (Prepare Mixed) (G1 Evacuation Pause) 3624M->1456M(4096M) 120.392ms
[2524.136s][info][gc,cpu         ] GC(451) User=0.71s Sys=0.00s Real=0.12s
....[2528.683s][info][gc,start       ] GC(452) Pause Young (Mixed) (G1 Evacuation Pause)
[2528.683s][info][gc,task        ] GC(452) Using 6 workers of 6 for evacuation
[2528.816s][info][gc,phases      ] GC(452)   Pre Evacuate Collection Set: 0.40ms
[2528.816s][info][gc,phases      ] GC(452)   Merge Heap Roots: 0.68ms
[2528.816s][info][gc,phases      ] GC(452)   Evacuate Collection Set: 130.52ms
[2528.816s][info][gc,phases      ] GC(452)   Post Evacuate Collection Set: 0.96ms
[2528.816s][info][gc,phases      ] GC(452)   Other: 0.09ms
[2528.816s][info][gc,heap        ] GC(452) Eden regions: 1102->0(1120)
[2528.816s][info][gc,heap        ] GC(452) Survivor regions: 113->108(152)
[2528.816s][info][gc,heap        ] GC(452) Old regions: 537->474
[2528.816s][info][gc,heap        ] GC(452) Humongous regions: 80->80
[2528.816s][info][gc,metaspace   ] GC(452) Metaspace: 28974K(29312K)->28974K(29312K) NonClass: 24091K(24256K)->24091K(24256K) Class: 4883K(5056K)->4883K(5056K)
[2528.816s][info][gc             ] GC(452) Pause Young (Mixed) (G1 Evacuation Pause) 3660M->1321M(4096M) 132.793ms
[2528.816s][info][gc,cpu         ] GC(452) User=0.78s Sys=0.00s Real=0.13s
.....[2533.398s][info][gc,start       ] GC(453) Pause Young (Concurrent Start) (G1 Evacuation Pause)
[2533.398s][info][gc,task        ] GC(453) Using 6 workers of 6 for evacuation
[2533.514s][info][gc,phases      ] GC(453)   Pre Evacuate Collection Set: 0.42ms
[2533.514s][info][gc,phases      ] GC(453)   Merge Heap Roots: 0.47ms
[2533.514s][info][gc,phases      ] GC(453)   Evacuate Collection Set: 114.23ms
[2533.514s][info][gc,phases      ] GC(453)   Post Evacuate Collection Set: 0.90ms
[2533.514s][info][gc,phases      ] GC(453)   Other: 0.10ms
[2533.514s][info][gc,heap        ] GC(453) Eden regions: 1120->0(1120)
[2533.514s][info][gc,heap        ] GC(453) Survivor regions: 108->108(154)
[2533.514s][info][gc,heap        ] GC(453) Old regions: 474->506
[2533.514s][info][gc,heap        ] GC(453) Humongous regions: 80->80
[2533.514s][info][gc,metaspace   ] GC(453) Metaspace: 28974K(29312K)->28974K(29312K) NonClass: 24091K(24256K)->24091K(24256K) Class: 4883K(5056K)->4883K(5056K)
[2533.514s][info][gc             ] GC(453) Pause Young (Concurrent Start) (G1 Evacuation Pause) 3561M->1385M(4096M) 116.259ms
[2533.514s][info][gc             ] GC(454) Concurrent Mark Cycle
[2533.515s][info][gc,marking     ] GC(454) Concurrent Scan Root Regions
[2533.515s][info][gc,cpu         ] GC(453) User=0.69s Sys=0.00s Real=0.12s
[2533.625s][info][gc,marking     ] GC(454) Concurrent Scan Root Regions 110.450ms
[2533.625s][info][gc,marking     ] GC(454) Concurrent Mark
[2533.625s][info][gc,marking     ] GC(454) Concurrent Mark From Roots
[2533.625s][info][gc,task        ] GC(454) Using 2 workers of 2 for marking
.[2534.208s][info][gc,marking     ] GC(454) Concurrent Mark From Roots 582.788ms
[2534.208s][info][gc,marking     ] GC(454) Concurrent Preclean
[2534.208s][info][gc,marking     ] GC(454) Concurrent Preclean 0.067ms
[2534.208s][info][gc,start       ] GC(454) Pause Remark
[2534.212s][info][gc             ] GC(454) Pause Remark 1737M->1737M(4096M) 4.201ms
[2534.212s][info][gc,cpu         ] GC(454) User=0.03s Sys=0.00s Real=0.01s
[2534.213s][info][gc,marking     ] GC(454) Concurrent Mark 587.750ms
[2534.213s][info][gc,marking     ] GC(454) Concurrent Rebuild Remembered Sets and Scrub Regions
[2534.433s][info][gc,marking     ] GC(454) Concurrent Rebuild Remembered Sets and Scrub Regions 219.876ms
[2534.433s][info][gc,start       ] GC(454) Pause Cleanup
[2534.433s][info][gc             ] GC(454) Pause Cleanup 1822M->1822M(4096M) 0.116ms
[2534.433s][info][gc,cpu         ] GC(454) User=0.00s Sys=0.00s Real=0.00s
[2534.433s][info][gc,marking     ] GC(454) Concurrent Clear Claimed Marks
[2534.433s][info][gc,marking     ] GC(454) Concurrent Clear Claimed Marks 0.026ms
[2534.433s][info][gc,marking     ] GC(454) Concurrent Cleanup for Next Mark
[2534.436s][info][gc,marking     ] GC(454) Concurrent Cleanup for Next Mark 3.417ms
[2534.436s][info][gc             ] GC(454) Concurrent Mark Cycle 921.957ms
....[2538.160s][info][gc,start       ] GC(455) Pause Young (Prepare Mixed) (G1 Evacuation Pause)
[2538.160s][info][gc,task        ] GC(455) Using 6 workers of 6 for evacuation
[2538.279s][info][gc,phases      ] GC(455)   Pre Evacuate Collection Set: 0.37ms
[2538.279s][info][gc,phases      ] GC(455)   Merge Heap Roots: 0.52ms
[2538.279s][info][gc,phases      ] GC(455)   Evacuate Collection Set: 117.40ms
[2538.279s][info][gc,phases      ] GC(455)   Post Evacuate Collection Set: 0.94ms
[2538.279s][info][gc,phases      ] GC(455)   Other: 0.09ms
[2538.279s][info][gc,heap        ] GC(455) Eden regions: 1120->0(1106)
[2538.279s][info][gc,heap        ] GC(455) Survivor regions: 108->111(154)
[2538.279s][info][gc,heap        ] GC(455) Old regions: 506->537
[2538.279s][info][gc,heap        ] GC(455) Humongous regions: 80->80
[2538.279s][info][gc,metaspace   ] GC(455) Metaspace: 28974K(29312K)->28974K(29312K) NonClass: 24091K(24256K)->24091K(24256K) Class: 4883K(5056K)->4883K(5056K)
[2538.279s][info][gc             ] GC(455) Pause Young (Prepare Mixed) (G1 Evacuation Pause) 3625M->1453M(4096M) 119.462ms
[2538.279s][info][gc,cpu         ] GC(455) User=0.70s Sys=0.00s Real=0.12s
....[2542.781s][info][gc,start       ] GC(456) Pause Young (Mixed) (G1 Evacuation Pause)
[2542.781s][info][gc,task        ] GC(456) Using 6 workers of 6 for evacuation
[2542.914s][info][gc,phases      ] GC(456)   Pre Evacuate Collection Set: 0.39ms
[2542.914s][info][gc,phases      ] GC(456)   Merge Heap Roots: 0.66ms
[2542.914s][info][gc,phases      ] GC(456)   Evacuate Collection Set: 130.21ms
[2542.914s][info][gc,phases      ] GC(456)   Post Evacuate Collection Set: 1.00ms
[2542.914s][info][gc,phases      ] GC(456)   Other: 0.09ms
[2542.914s][info][gc,heap        ] GC(456) Eden regions: 1106->0(1119)
[2542.914s][info][gc,heap        ] GC(456) Survivor regions: 111->109(153)
[2542.914s][info][gc,heap        ] GC(456) Old regions: 537->471
[2542.914s][info][gc,heap        ] GC(456) Humongous regions: 80->80
[2542.914s][info][gc,metaspace   ] GC(456) Metaspace: 28974K(29312K)->28974K(29312K) NonClass: 24091K(24256K)->24091K(24256K) Class: 4883K(5056K)->4883K(5056K)
[2542.914s][info][gc             ] GC(456) Pause Young (Mixed) (G1 Evacuation Pause) 3665M->1318M(4096M) 132.493ms
[2542.914s][info][gc,cpu         ] GC(456) User=0.78s Sys=0.00s Real=0.14s
.....[2547.579s][info][gc,start       ] GC(457) Pause Young (Concurrent Start) (G1 Evacuation Pause)
[2547.579s][info][gc,task        ] GC(457) Using 6 workers of 6 for evacuation
[2547.699s][info][gc,phases      ] GC(457)   Pre Evacuate Collection Set: 0.40ms
[2547.699s][info][gc,phases      ] GC(457)   Merge Heap Roots: 0.52ms
[2547.699s][info][gc,phases      ] GC(457)   Evacuate Collection Set: 118.33ms
[2547.699s][info][gc,phases      ] GC(457)   Post Evacuate Collection Set: 0.91ms
[2547.699s][info][gc,phases      ] GC(457)   Other: 0.11ms
[2547.699s][info][gc,heap        ] GC(457) Eden regions: 1119->0(1117)
[2547.699s][info][gc,heap        ] GC(457) Survivor regions: 109->111(154)
[2547.699s][info][gc,heap        ] GC(457) Old regions: 471->504
[2547.699s][info][gc,heap        ] GC(457) Humongous regions: 80->80
[2547.699s][info][gc,metaspace   ] GC(457) Metaspace: 28974K(29312K)->28974K(29312K) NonClass: 24091K(24256K)->24091K(24256K) Class: 4883K(5056K)->4883K(5056K)
[2547.699s][info][gc             ] GC(457) Pause Young (Concurrent Start) (G1 Evacuation Pause) 3556M->1387M(4096M) 120.409ms
[2547.699s][info][gc             ] GC(458) Concurrent Mark Cycle
[2547.700s][info][gc,marking     ] GC(458) Concurrent Scan Root Regions
[2547.700s][info][gc,cpu         ] GC(457) User=0.71s Sys=0.01s Real=0.12s
[2547.886s][info][gc,marking     ] GC(458) Concurrent Scan Root Regions 186.832ms
[2547.886s][info][gc,marking     ] GC(458) Concurrent Mark
[2547.886s][info][gc,marking     ] GC(458) Concurrent Mark From Roots
[2547.886s][info][gc,task        ] GC(458) Using 2 workers of 2 for marking
.[2548.495s][info][gc,marking     ] GC(458) Concurrent Mark From Roots 608.919ms
[2548.495s][info][gc,marking     ] GC(458) Concurrent Preclean
[2548.495s][info][gc,marking     ] GC(458) Concurrent Preclean 0.088ms
[2548.497s][info][gc,start       ] GC(458) Pause Remark
[2548.501s][info][gc             ] GC(458) Pause Remark 1825M->1825M(4096M) 4.303ms
[2548.502s][info][gc,cpu         ] GC(458) User=0.02s Sys=0.00s Real=0.00s
[2548.502s][info][gc,marking     ] GC(458) Concurrent Mark 615.196ms
[2548.502s][info][gc,marking     ] GC(458) Concurrent Rebuild Remembered Sets and Scrub Regions
[2548.737s][info][gc,marking     ] GC(458) Concurrent Rebuild Remembered Sets and Scrub Regions 235.201ms
[2548.737s][info][gc,start       ] GC(458) Pause Cleanup
[2548.737s][info][gc             ] GC(458) Pause Cleanup 1958M->1958M(4096M) 0.117ms
[2548.737s][info][gc,cpu         ] GC(458) User=0.00s Sys=0.00s Real=0.00s
[2548.737s][info][gc,marking     ] GC(458) Concurrent Clear Claimed Marks
[2548.737s][info][gc,marking     ] GC(458) Concurrent Clear Claimed Marks 0.025ms
[2548.737s][info][gc,marking     ] GC(458) Concurrent Cleanup for Next Mark
[2548.742s][info][gc,marking     ] GC(458) Concurrent Cleanup for Next Mark 4.458ms
[2548.742s][info][gc             ] GC(458) Concurrent Mark Cycle 1042.204ms
... (rIR:aIR:PR = 4013:4014:4014) (tPR = 59399) [OK] 
  2550s: Performance info:
         Transaction,    Success,    Partial,     Failed,   Receipts, AvgBarcode, 
             Overall,     242187,          0,          0,     230073,      59.48, 
         Response times:
             Request,    Success,    Partial,     Failed,   SkipFail,     Probes,    Samples,      min,      p50,      p90,      p95,      p99,      max, 
       TotalPurchase,     230081,          0,          0,          0,     224678,     241316,      300,     3300,     5800,     8300,    37000,   181000,
     InStorePurchase,     121105,          0,          0,          0,     118383,     126744,      300,     3300,     5800,     8000,    37000,   168000,
      OnlinePurchase,      84754,          0,          0,          0,      82837,      89166,      300,     3400,     5900,     8800,    38000,   181000,
        InstPurchase,      24222,          0,          0,          0,      23458,      25406,      400,     3100,     5600,     8100,    33000,   163000,
          AssocOfCat,        242,          0,          0,          0,        180,        229,    19800,    29000,    41000,    50500,   165400,   174000,
      AssocOfProduct,       2429,          0,          0,          0,       2264,       2603,      800,     2500,     6000,     9580,    30000,   139000,
      BusinessReport,        605,          0,          0,          0,        514,        629,    24000,    34000,    49000,    64500,   125200,   214000,
          CustBuyBeh,       2424,          0,          0,          0,       2253,       2603,      200,     2500,     4200,     6000,    27000,   140000,
       ProductReturn,       6413,          0,          0,          0,       6053,       6712,      200,     3000,     5400,     7800,    33000,   139000,

  2550s: (30%)   IR =   4151 .[2552.195s][info][gc,start       ] GC(459) Pause Young (Prepare Mixed) (G1 Evacuation Pause)
[2552.195s][info][gc,task        ] GC(459) Using 6 workers of 6 for evacuation
[2552.310s][info][gc,phases      ] GC(459)   Pre Evacuate Collection Set: 0.41ms
[2552.310s][info][gc,phases      ] GC(459)   Merge Heap Roots: 0.50ms
[2552.310s][info][gc,phases      ] GC(459)   Evacuate Collection Set: 113.53ms
[2552.310s][info][gc,phases      ] GC(459)   Post Evacuate Collection Set: 1.01ms
[2552.310s][info][gc,phases      ] GC(459)   Other: 0.09ms
[2552.310s][info][gc,heap        ] GC(459) Eden regions: 1117->0(1114)
[2552.310s][info][gc,heap        ] GC(459) Survivor regions: 111->108(154)
[2552.310s][info][gc,heap        ] GC(459) Old regions: 504->535
[2552.310s][info][gc,heap        ] GC(459) Humongous regions: 80->80
[2552.310s][info][gc,metaspace   ] GC(459) Metaspace: 28974K(29312K)->28974K(29312K) NonClass: 24091K(24256K)->24091K(24256K) Class: 4883K(5056K)->4883K(5056K)
[2552.310s][info][gc             ] GC(459) Pause Young (Prepare Mixed) (G1 Evacuation Pause) 3621M->1444M(4096M) 115.663ms
[2552.311s][info][gc,cpu         ] GC(459) User=0.68s Sys=0.00s Real=0.11s
....[2556.777s][info][gc,start       ] GC(460) Pause Young (Mixed) (G1 Evacuation Pause)
[2556.777s][info][gc,task        ] GC(460) Using 6 workers of 6 for evacuation
[2556.910s][info][gc,phases      ] GC(460)   Pre Evacuate Collection Set: 0.38ms
[2556.910s][info][gc,phases      ] GC(460)   Merge Heap Roots: 0.71ms
[2556.910s][info][gc,phases      ] GC(460)   Evacuate Collection Set: 130.67ms
[2556.910s][info][gc,phases      ] GC(460)   Post Evacuate Collection Set: 0.98ms
[2556.910s][info][gc,phases      ] GC(460)   Other: 0.09ms
[2556.910s][info][gc,heap        ] GC(460) Eden regions: 1114->0(1118)
[2556.910s][info][gc,heap        ] GC(460) Survivor regions: 108->110(153)
[2556.910s][info][gc,heap        ] GC(460) Old regions: 535->473
[2556.910s][info][gc,heap        ] GC(460) Humongous regions: 80->80
[2556.910s][info][gc,metaspace   ] GC(460) Metaspace: 28974K(29312K)->28974K(29312K) NonClass: 24091K(24256K)->24091K(24256K) Class: 4883K(5056K)->4883K(5056K)
[2556.910s][info][gc             ] GC(460) Pause Young (Mixed) (G1 Evacuation Pause) 3672M->1322M(4096M) 132.978ms
[2556.910s][info][gc,cpu         ] GC(460) User=0.78s Sys=0.00s Real=0.13s
....|.[2561.295s][info][gc,start       ] GC(461) Pause Young (Concurrent Start) (G1 Evacuation Pause)
[2561.295s][info][gc,task        ] GC(461) Using 6 workers of 6 for evacuation
[2561.410s][info][gc,phases      ] GC(461)   Pre Evacuate Collection Set: 0.42ms
[2561.410s][info][gc,phases      ] GC(461)   Merge Heap Roots: 0.52ms
[2561.410s][info][gc,phases      ] GC(461)   Evacuate Collection Set: 113.20ms
[2561.410s][info][gc,phases      ] GC(461)   Post Evacuate Collection Set: 0.91ms
[2561.410s][info][gc,phases      ] GC(461)   Other: 0.12ms
[2561.410s][info][gc,heap        ] GC(461) Eden regions: 1118->0(1120)
[2561.410s][info][gc,heap        ] GC(461) Survivor regions: 110->108(154)
[2561.410s][info][gc,heap        ] GC(461) Old regions: 473->505
[2561.410s][info][gc,heap        ] GC(461) Humongous regions: 80->80
[2561.410s][info][gc,metaspace   ] GC(461) Metaspace: 28974K(29312K)->28974K(29312K) NonClass: 24091K(24256K)->24091K(24256K) Class: 4883K(5056K)->4883K(5056K)
[2561.410s][info][gc             ] GC(461) Pause Young (Concurrent Start) (G1 Evacuation Pause) 3558M->1383M(4096M) 115.301ms
[2561.410s][info][gc             ] GC(462) Concurrent Mark Cycle
[2561.410s][info][gc,marking     ] GC(462) Concurrent Scan Root Regions
[2561.410s][info][gc,cpu         ] GC(461) User=0.68s Sys=0.01s Real=0.11s
[2561.569s][info][gc,marking     ] GC(462) Concurrent Scan Root Regions 159.155ms
[2561.569s][info][gc,marking     ] GC(462) Concurrent Mark
[2561.569s][info][gc,marking     ] GC(462) Concurrent Mark From Roots
[2561.569s][info][gc,task        ] GC(462) Using 2 workers of 2 for marking
.[2562.279s][info][gc,marking     ] GC(462) Concurrent Mark From Roots 710.102ms
[2562.279s][info][gc,marking     ] GC(462) Concurrent Preclean
[2562.279s][info][gc,marking     ] GC(462) Concurrent Preclean 0.085ms
[2562.280s][info][gc,start       ] GC(462) Pause Remark
[2562.284s][info][gc             ] GC(462) Pause Remark 1893M->1893M(4096M) 4.456ms
[2562.284s][info][gc,cpu         ] GC(462) User=0.03s Sys=0.00s Real=0.01s
[2562.284s][info][gc,marking     ] GC(462) Concurrent Mark 714.918ms
[2562.284s][info][gc,marking     ] GC(462) Concurrent Rebuild Remembered Sets and Scrub Regions
[2562.517s][info][gc,marking     ] GC(462) Concurrent Rebuild Remembered Sets and Scrub Regions 233.158ms
[2562.517s][info][gc,start       ] GC(462) Pause Cleanup
[2562.518s][info][gc             ] GC(462) Pause Cleanup 1996M->1996M(4096M) 0.125ms
[2562.518s][info][gc,cpu         ] GC(462) User=0.00s Sys=0.00s Real=0.00s
[2562.518s][info][gc,marking     ] GC(462) Concurrent Clear Claimed Marks
[2562.518s][info][gc,marking     ] GC(462) Concurrent Clear Claimed Marks 0.037ms
[2562.518s][info][gc,marking     ] GC(462) Concurrent Cleanup for Next Mark
[2562.523s][info][gc,marking     ] GC(462) Concurrent Cleanup for Next Mark 4.678ms
[2562.523s][info][gc             ] GC(462) Concurrent Mark Cycle 1113.117ms
...[2565.871s][info][gc,start       ] GC(463) Pause Young (Prepare Mixed) (G1 Evacuation Pause)
[2565.871s][info][gc,task        ] GC(463) Using 6 workers of 6 for evacuation
[2565.987s][info][gc,phases      ] GC(463)   Pre Evacuate Collection Set: 0.37ms
[2565.987s][info][gc,phases      ] GC(463)   Merge Heap Roots: 0.53ms
[2565.987s][info][gc,phases      ] GC(463)   Evacuate Collection Set: 114.35ms
[2565.988s][info][gc,phases      ] GC(463)   Post Evacuate Collection Set: 0.94ms
[2565.988s][info][gc,phases      ] GC(463)   Other: 0.10ms
[2565.988s][info][gc,heap        ] GC(463) Eden regions: 1120->0(1108)
[2565.988s][info][gc,heap        ] GC(463) Survivor regions: 108->110(154)
[2565.988s][info][gc,heap        ] GC(463) Old regions: 505->537
[2565.988s][info][gc,heap        ] GC(463) Humongous regions: 80->80
[2565.988s][info][gc,metaspace   ] GC(463) Metaspace: 28974K(29312K)->28974K(29312K) NonClass: 24091K(24256K)->24091K(24256K) Class: 4883K(5056K)->4883K(5056K)
[2565.988s][info][gc             ] GC(463) Pause Young (Prepare Mixed) (G1 Evacuation Pause) 3623M->1450M(4096M) 116.425ms
[2565.988s][info][gc,cpu         ] GC(463) User=0.69s Sys=0.00s Real=0.12s
.....[2570.336s][info][gc,start       ] GC(464) Pause Young (Mixed) (G1 Evacuation Pause)
[2570.336s][info][gc,task        ] GC(464) Using 6 workers of 6 for evacuation
[2570.469s][info][gc,phases      ] GC(464)   Pre Evacuate Collection Set: 0.39ms
[2570.469s][info][gc,phases      ] GC(464)   Merge Heap Roots: 0.67ms
[2570.469s][info][gc,phases      ] GC(464)   Evacuate Collection Set: 130.78ms
[2570.469s][info][gc,phases      ] GC(464)   Post Evacuate Collection Set: 0.97ms
[2570.469s][info][gc,phases      ] GC(464)   Other: 0.09ms
[2570.469s][info][gc,heap        ] GC(464) Eden regions: 1108->0(1118)
[2570.469s][info][gc,heap        ] GC(464) Survivor regions: 110->110(153)
[2570.469s][info][gc,heap        ] GC(464) Old regions: 537->472
[2570.469s][info][gc,heap        ] GC(464) Humongous regions: 80->80
[2570.469s][info][gc,metaspace   ] GC(464) Metaspace: 28974K(29312K)->28974K(29312K) NonClass: 24091K(24256K)->24091K(24256K) Class: 4883K(5056K)->4883K(5056K)
[2570.469s][info][gc             ] GC(464) Pause Young (Mixed) (G1 Evacuation Pause) 3666M->1322M(4096M) 133.042ms
[2570.469s][info][gc,cpu         ] GC(464) User=0.78s Sys=0.01s Real=0.13s
....[2574.846s][info][gc,start       ] GC(465) Pause Young (Concurrent Start) (G1 Evacuation Pause)
[2574.846s][info][gc,task        ] GC(465) Using 6 workers of 6 for evacuation
[2574.965s][info][gc,phases      ] GC(465)   Pre Evacuate Collection Set: 0.39ms
[2574.965s][info][gc,phases      ] GC(465)   Merge Heap Roots: 0.47ms
[2574.965s][info][gc,phases      ] GC(465)   Evacuate Collection Set: 117.42ms
[2574.965s][info][gc,phases      ] GC(465)   Post Evacuate Collection Set: 0.90ms
[2574.965s][info][gc,phases      ] GC(465)   Other: 0.12ms
[2574.965s][info][gc,heap        ] GC(465) Eden regions: 1118->0(1117)
[2574.965s][info][gc,heap        ] GC(465) Survivor regions: 110->111(154)
[2574.965s][info][gc,heap        ] GC(465) Old regions: 472->505
[2574.965s][info][gc,heap        ] GC(465) Humongous regions: 80->80
[2574.965s][info][gc,metaspace   ] GC(465) Metaspace: 28975K(29312K)->28975K(29312K) NonClass: 24091K(24256K)->24091K(24256K) Class: 4883K(5056K)->4883K(5056K)
[2574.965s][info][gc             ] GC(465) Pause Young (Concurrent Start) (G1 Evacuation Pause) 3558M->1390M(4096M) 119.441ms
[2574.965s][info][gc             ] GC(466) Concurrent Mark Cycle
[2574.965s][info][gc,marking     ] GC(466) Concurrent Scan Root Regions
[2574.965s][info][gc,cpu         ] GC(465) User=0.71s Sys=0.00s Real=0.12s
.[2575.128s][info][gc,marking     ] GC(466) Concurrent Scan Root Regions 162.211ms
[2575.128s][info][gc,marking     ] GC(466) Concurrent Mark
[2575.128s][info][gc,marking     ] GC(466) Concurrent Mark From Roots
[2575.128s][info][gc,task        ] GC(466) Using 2 workers of 2 for marking
[2575.826s][info][gc,marking     ] GC(466) Concurrent Mark From Roots 698.159ms
[2575.826s][info][gc,marking     ] GC(466) Concurrent Preclean
[2575.826s][info][gc,marking     ] GC(466) Concurrent Preclean 0.057ms
[2575.826s][info][gc,start       ] GC(466) Pause Remark
[2575.830s][info][gc             ] GC(466) Pause Remark 1870M->1870M(4096M) 4.484ms
[2575.831s][info][gc,cpu         ] GC(466) User=0.02s Sys=0.00s Real=0.00s
[2575.831s][info][gc,marking     ] GC(466) Concurrent Mark 702.977ms
[2575.831s][info][gc,marking     ] GC(466) Concurrent Rebuild Remembered Sets and Scrub Regions
.[2576.052s][info][gc,marking     ] GC(466) Concurrent Rebuild Remembered Sets and Scrub Regions 220.984ms
[2576.052s][info][gc,start       ] GC(466) Pause Cleanup
[2576.052s][info][gc             ] GC(466) Pause Cleanup 1945M->1945M(4096M) 0.116ms
[2576.052s][info][gc,cpu         ] GC(466) User=0.00s Sys=0.00s Real=0.00s
[2576.052s][info][gc,marking     ] GC(466) Concurrent Clear Claimed Marks
[2576.052s][info][gc,marking     ] GC(466) Concurrent Clear Claimed Marks 0.031ms
[2576.052s][info][gc,marking     ] GC(466) Concurrent Cleanup for Next Mark
[2576.056s][info][gc,marking     ] GC(466) Concurrent Cleanup for Next Mark 3.868ms
[2576.056s][info][gc             ] GC(466) Concurrent Mark Cycle 1090.511ms
...[2579.419s][info][gc,start       ] GC(467) Pause Young (Prepare Mixed) (G1 Evacuation Pause)
[2579.419s][info][gc,task        ] GC(467) Using 6 workers of 6 for evacuation
[2579.538s][info][gc,phases      ] GC(467)   Pre Evacuate Collection Set: 0.32ms
[2579.538s][info][gc,phases      ] GC(467)   Merge Heap Roots: 0.53ms
[2579.538s][info][gc,phases      ] GC(467)   Evacuate Collection Set: 117.33ms
[2579.538s][info][gc,phases      ] GC(467)   Post Evacuate Collection Set: 0.96ms
[2579.538s][info][gc,phases      ] GC(467)   Other: 0.09ms
[2579.538s][info][gc,heap        ] GC(467) Eden regions: 1117->0(1109)
[2579.538s][info][gc,heap        ] GC(467) Survivor regions: 111->110(154)
[2579.538s][info][gc,heap        ] GC(467) Old regions: 505->536
[2579.538s][info][gc,heap        ] GC(467) Humongous regions: 80->80
[2579.538s][info][gc,metaspace   ] GC(467) Metaspace: 28975K(29312K)->28975K(29312K) NonClass: 24091K(24256K)->24091K(24256K) Class: 4883K(5056K)->4883K(5056K)
[2579.538s][info][gc             ] GC(467) Pause Young (Prepare Mixed) (G1 Evacuation Pause) 3624M->1448M(4096M) 119.372ms
[2579.538s][info][gc,cpu         ] GC(467) User=0.71s Sys=0.00s Real=0.12s
....[2583.884s][info][gc,start       ] GC(468) Pause Young (Mixed) (G1 Evacuation Pause)
[2583.884s][info][gc,task        ] GC(468) Using 6 workers of 6 for evacuation
[2584.016s][info][gc,phases      ] GC(468)   Pre Evacuate Collection Set: 0.40ms
[2584.016s][info][gc,phases      ] GC(468)   Merge Heap Roots: 0.71ms
[2584.016s][info][gc,phases      ] GC(468)   Evacuate Collection Set: 129.88ms
[2584.016s][info][gc,phases      ] GC(468)   Post Evacuate Collection Set: 0.97ms
[2584.016s][info][gc,phases      ] GC(468)   Other: 0.08ms
[2584.016s][info][gc,heap        ] GC(468) Eden regions: 1109->0(1120)
[2584.016s][info][gc,heap        ] GC(468) Survivor regions: 110->108(153)
[2584.016s][info][gc,heap        ] GC(468) Old regions: 536->473
[2584.016s][info][gc,heap        ] GC(468) Humongous regions: 80->80
[2584.016s][info][gc,metaspace   ] GC(468) Metaspace: 28975K(29312K)->28975K(29312K) NonClass: 24091K(24256K)->24091K(24256K) Class: 4883K(5056K)->4883K(5056K)
[2584.016s][info][gc             ] GC(468) Pause Young (Mixed) (G1 Evacuation Pause) 3666M->1319M(4096M) 132.170ms
[2584.016s][info][gc,cpu         ] GC(468) User=0.78s Sys=0.00s Real=0.13s
.....[2588.427s][info][gc,start       ] GC(469) Pause Young (Concurrent Start) (G1 Evacuation Pause)
[2588.427s][info][gc,task        ] GC(469) Using 6 workers of 6 for evacuation
[2588.543s][info][gc,phases      ] GC(469)   Pre Evacuate Collection Set: 0.40ms
[2588.543s][info][gc,phases      ] GC(469)   Merge Heap Roots: 0.48ms
[2588.543s][info][gc,phases      ] GC(469)   Evacuate Collection Set: 114.59ms
[2588.543s][info][gc,phases      ] GC(469)   Post Evacuate Collection Set: 0.93ms
[2588.543s][info][gc,phases      ] GC(469)   Other: 0.11ms
[2588.543s][info][gc,heap        ] GC(469) Eden regions: 1120->0(1120)
[2588.543s][info][gc,heap        ] GC(469) Survivor regions: 108->108(154)
[2588.543s][info][gc,heap        ] GC(469) Old regions: 473->505
[2588.543s][info][gc,heap        ] GC(469) Humongous regions: 80->80
[2588.543s][info][gc,metaspace   ] GC(469) Metaspace: 28975K(29312K)->28975K(29312K) NonClass: 24091K(24256K)->24091K(24256K) Class: 4883K(5056K)->4883K(5056K)
[2588.543s][info][gc             ] GC(469) Pause Young (Concurrent Start) (G1 Evacuation Pause) 3559M->1383M(4096M) 116.649ms
[2588.543s][info][gc             ] GC(470) Concurrent Mark Cycle
[2588.544s][info][gc,marking     ] GC(470) Concurrent Scan Root Regions
[2588.544s][info][gc,cpu         ] GC(469) User=0.69s Sys=0.00s Real=0.12s
[2588.681s][info][gc,marking     ] GC(470) Concurrent Scan Root Regions 137.432ms
[2588.681s][info][gc,marking     ] GC(470) Concurrent Mark
[2588.681s][info][gc,marking     ] GC(470) Concurrent Mark From Roots
[2588.681s][info][gc,task        ] GC(470) Using 2 workers of 2 for marking
.[2589.291s][info][gc,marking     ] GC(470) Concurrent Mark From Roots 609.571ms
[2589.291s][info][gc,marking     ] GC(470) Concurrent Preclean
[2589.291s][info][gc,marking     ] GC(470) Concurrent Preclean 0.045ms
[2589.291s][info][gc,start       ] GC(470) Pause Remark
[2589.295s][info][gc             ] GC(470) Pause Remark 1787M->1787M(4096M) 4.139ms
[2589.295s][info][gc,cpu         ] GC(470) User=0.02s Sys=0.00s Real=0.01s
[2589.295s][info][gc,marking     ] GC(470) Concurrent Mark 614.139ms
[2589.295s][info][gc,marking     ] GC(470) Concurrent Rebuild Remembered Sets and Scrub Regions
[2589.533s][info][gc,marking     ] GC(470) Concurrent Rebuild Remembered Sets and Scrub Regions 238.004ms
[2589.533s][info][gc,start       ] GC(470) Pause Cleanup
[2589.533s][info][gc             ] GC(470) Pause Cleanup 1921M->1921M(4096M) 0.127ms
[2589.533s][info][gc,cpu         ] GC(470) User=0.00s Sys=0.00s Real=0.00s
[2589.533s][info][gc,marking     ] GC(470) Concurrent Clear Claimed Marks
[2589.533s][info][gc,marking     ] GC(470) Concurrent Clear Claimed Marks 0.027ms
[2589.533s][info][gc,marking     ] GC(470) Concurrent Cleanup for Next Mark
[2589.537s][info][gc,marking     ] GC(470) Concurrent Cleanup for Next Mark 3.251ms
[2589.537s][info][gc             ] GC(470) Concurrent Mark Cycle 993.304ms
....[2593.117s][info][gc,start       ] GC(471) Pause Young (Prepare Mixed) (G1 Evacuation Pause)
[2593.117s][info][gc,task        ] GC(471) Using 6 workers of 6 for evacuation
[2593.236s][info][gc,phases      ] GC(471)   Pre Evacuate Collection Set: 0.37ms
[2593.236s][info][gc,phases      ] GC(471)   Merge Heap Roots: 0.52ms
[2593.236s][info][gc,phases      ] GC(471)   Evacuate Collection Set: 117.06ms
[2593.236s][info][gc,phases      ] GC(471)   Post Evacuate Collection Set: 0.97ms
[2593.236s][info][gc,phases      ] GC(471)   Other: 0.08ms
[2593.236s][info][gc,heap        ] GC(471) Eden regions: 1120->0(1107)
[2593.236s][info][gc,heap        ] GC(471) Survivor regions: 108->111(154)
[2593.236s][info][gc,heap        ] GC(471) Old regions: 505->536
[2593.236s][info][gc,heap        ] GC(471) Humongous regions: 80->80
[2593.236s][info][gc,metaspace   ] GC(471) Metaspace: 28975K(29312K)->28975K(29312K) NonClass: 24091K(24256K)->24091K(24256K) Class: 4883K(5056K)->4883K(5056K)
[2593.236s][info][gc             ] GC(471) Pause Young (Prepare Mixed) (G1 Evacuation Pause) 3623M->1451M(4096M) 119.141ms
[2593.236s][info][gc,cpu         ] GC(471) User=0.71s Sys=0.00s Real=0.12s
....[2597.520s][info][gc,start       ] GC(472) Pause Young (Mixed) (G1 Evacuation Pause)
[2597.520s][info][gc,task        ] GC(472) Using 6 workers of 6 for evacuation
[2597.652s][info][gc,phases      ] GC(472)   Pre Evacuate Collection Set: 0.42ms
[2597.652s][info][gc,phases      ] GC(472)   Merge Heap Roots: 0.65ms
[2597.652s][info][gc,phases      ] GC(472)   Evacuate Collection Set: 129.72ms
[2597.652s][info][gc,phases      ] GC(472)   Post Evacuate Collection Set: 0.98ms
[2597.652s][info][gc,phases      ] GC(472)   Other: 0.10ms
[2597.652s][info][gc,heap        ] GC(472) Eden regions: 1107->0(1120)
[2597.652s][info][gc,heap        ] GC(472) Survivor regions: 111->108(153)
[2597.652s][info][gc,heap        ] GC(472) Old regions: 536->471
[2597.652s][info][gc,heap        ] GC(472) Humongous regions: 80->80
[2597.652s][info][gc,metaspace   ] GC(472) Metaspace: 28975K(29312K)->28975K(29312K) NonClass: 24091K(24256K)->24091K(24256K) Class: 4883K(5056K)->4883K(5056K)
[2597.652s][info][gc             ] GC(472) Pause Young (Mixed) (G1 Evacuation Pause) 3665M->1316M(4096M) 131.995ms
[2597.652s][info][gc,cpu         ] GC(472) User=0.79s Sys=0.00s Real=0.14s
.....[2602.114s][info][gc,start       ] GC(473) Pause Young (Concurrent Start) (G1 Evacuation Pause)
[2602.114s][info][gc,task        ] GC(473) Using 6 workers of 6 for evacuation
[2602.233s][info][gc,phases      ] GC(473)   Pre Evacuate Collection Set: 0.38ms
[2602.233s][info][gc,phases      ] GC(473)   Merge Heap Roots: 0.49ms
[2602.233s][info][gc,phases      ] GC(473)   Evacuate Collection Set: 116.85ms
[2602.233s][info][gc,phases      ] GC(473)   Post Evacuate Collection Set: 0.91ms
[2602.233s][info][gc,phases      ] GC(473)   Other: 0.12ms
[2602.233s][info][gc,heap        ] GC(473) Eden regions: 1120->0(1119)
[2602.233s][info][gc,heap        ] GC(473) Survivor regions: 108->109(154)
[2602.233s][info][gc,heap        ] GC(473) Old regions: 471->504
[2602.233s][info][gc,heap        ] GC(473) Humongous regions: 80->80
[2602.233s][info][gc,metaspace   ] GC(473) Metaspace: 28977K(29312K)->28977K(29312K) NonClass: 24094K(24256K)->24094K(24256K) Class: 4883K(5056K)->4883K(5056K)
[2602.233s][info][gc             ] GC(473) Pause Young (Concurrent Start) (G1 Evacuation Pause) 3556M->1383M(4096M) 118.879ms
[2602.233s][info][gc             ] GC(474) Concurrent Mark Cycle
[2602.233s][info][gc,marking     ] GC(474) Concurrent Scan Root Regions
[2602.233s][info][gc,cpu         ] GC(473) User=0.70s Sys=0.00s Real=0.12s
[2602.399s][info][gc,marking     ] GC(474) Concurrent Scan Root Regions 166.091ms
[2602.399s][info][gc,marking     ] GC(474) Concurrent Mark
[2602.399s][info][gc,marking     ] GC(474) Concurrent Mark From Roots
[2602.399s][info][gc,task        ] GC(474) Using 2 workers of 2 for marking
.[2603.078s][info][gc,marking     ] GC(474) Concurrent Mark From Roots 679.404ms
[2603.078s][info][gc,marking     ] GC(474) Concurrent Preclean
[2603.078s][info][gc,marking     ] GC(474) Concurrent Preclean 0.066ms
[2603.079s][info][gc,start       ] GC(474) Pause Remark
[2603.083s][info][gc             ] GC(474) Pause Remark 1842M->1842M(4096M) 4.133ms
[2603.083s][info][gc,cpu         ] GC(474) User=0.02s Sys=0.00s Real=0.01s
[2603.083s][info][gc,marking     ] GC(474) Concurrent Mark 684.070ms
[2603.083s][info][gc,marking     ] GC(474) Concurrent Rebuild Remembered Sets and Scrub Regions
[2603.375s][info][gc,marking     ] GC(474) Concurrent Rebuild Remembered Sets and Scrub Regions 292.057ms
[2603.375s][info][gc,start       ] GC(474) Pause Cleanup
[2603.375s][info][gc             ] GC(474) Pause Cleanup 2015M->2015M(4096M) 0.118ms
[2603.375s][info][gc,cpu         ] GC(474) User=0.00s Sys=0.00s Real=0.00s
[2603.375s][info][gc,marking     ] GC(474) Concurrent Clear Claimed Marks
[2603.375s][info][gc,marking     ] GC(474) Concurrent Clear Claimed Marks 0.034ms
[2603.375s][info][gc,marking     ] GC(474) Concurrent Cleanup for Next Mark
[2603.380s][info][gc,marking     ] GC(474) Concurrent Cleanup for Next Mark 5.187ms
[2603.381s][info][gc             ] GC(474) Concurrent Mark Cycle 1147.949ms
...[2606.671s][info][gc,start       ] GC(475) Pause Young (Prepare Mixed) (G1 Evacuation Pause)
[2606.671s][info][gc,task        ] GC(475) Using 6 workers of 6 for evacuation
[2606.787s][info][gc,phases      ] GC(475)   Pre Evacuate Collection Set: 0.36ms
[2606.787s][info][gc,phases      ] GC(475)   Merge Heap Roots: 0.51ms
[2606.787s][info][gc,phases      ] GC(475)   Evacuate Collection Set: 114.20ms
[2606.787s][info][gc,phases      ] GC(475)   Post Evacuate Collection Set: 0.95ms
[2606.787s][info][gc,phases      ] GC(475)   Other: 0.10ms
[2606.787s][info][gc,heap        ] GC(475) Eden regions: 1119->0(1112)
[2606.787s][info][gc,heap        ] GC(475) Survivor regions: 109->109(154)
[2606.787s][info][gc,heap        ] GC(475) Old regions: 504->535
[2606.787s][info][gc,heap        ] GC(475) Humongous regions: 80->80
[2606.787s][info][gc,metaspace   ] GC(475) Metaspace: 28977K(29312K)->28977K(29312K) NonClass: 24094K(24256K)->24094K(24256K) Class: 4883K(5056K)->4883K(5056K)
[2606.787s][info][gc             ] GC(475) Pause Young (Prepare Mixed) (G1 Evacuation Pause) 3621M->1445M(4096M) 116.243ms
[2606.787s][info][gc,cpu         ] GC(475) User=0.68s Sys=0.00s Real=0.12s
.....[2611.186s][info][gc,start       ] GC(476) Pause Young (Mixed) (G1 Evacuation Pause)
[2611.186s][info][gc,task        ] GC(476) Using 6 workers of 6 for evacuation
[2611.317s][info][gc,phases      ] GC(476)   Pre Evacuate Collection Set: 0.39ms
[2611.317s][info][gc,phases      ] GC(476)   Merge Heap Roots: 0.68ms
[2611.317s][info][gc,phases      ] GC(476)   Evacuate Collection Set: 129.10ms
[2611.317s][info][gc,phases      ] GC(476)   Post Evacuate Collection Set: 0.98ms
[2611.317s][info][gc,phases      ] GC(476)   Other: 0.10ms
[2611.317s][info][gc,heap        ] GC(476) Eden regions: 1112->0(1121)
[2611.317s][info][gc,heap        ] GC(476) Survivor regions: 109->107(153)
[2611.317s][info][gc,heap        ] GC(476) Old regions: 535->472
[2611.317s][info][gc,heap        ] GC(476) Humongous regions: 80->80
[2611.317s][info][gc,metaspace   ] GC(476) Metaspace: 28981K(29312K)->28981K(29312K) NonClass: 24098K(24256K)->24098K(24256K) Class: 4883K(5056K)->4883K(5056K)
[2611.317s][info][gc             ] GC(476) Pause Young (Mixed) (G1 Evacuation Pause) 3669M->1315M(4096M) 131.380ms
[2611.317s][info][gc,cpu         ] GC(476) User=0.77s Sys=0.00s Real=0.13s
....[2615.763s][info][gc,start       ] GC(477) Pause Young (Concurrent Start) (G1 Evacuation Pause)
[2615.763s][info][gc,task        ] GC(477) Using 6 workers of 6 for evacuation
[2615.880s][info][gc,phases      ] GC(477)   Pre Evacuate Collection Set: 0.39ms
[2615.880s][info][gc,phases      ] GC(477)   Merge Heap Roots: 0.48ms
[2615.880s][info][gc,phases      ] GC(477)   Evacuate Collection Set: 115.19ms
[2615.880s][info][gc,phases      ] GC(477)   Post Evacuate Collection Set: 0.93ms
[2615.880s][info][gc,phases      ] GC(477)   Other: 0.11ms
[2615.880s][info][gc,heap        ] GC(477) Eden regions: 1121->0(1119)
[2615.880s][info][gc,heap        ] GC(477) Survivor regions: 107->109(154)
[2615.880s][info][gc,heap        ] GC(477) Old regions: 472->504
[2615.880s][info][gc,heap        ] GC(477) Humongous regions: 80->80
[2615.880s][info][gc,metaspace   ] GC(477) Metaspace: 28981K(29312K)->28981K(29312K) NonClass: 24098K(24256K)->24098K(24256K) Class: 4883K(5056K)->4883K(5056K)
[2615.880s][info][gc             ] GC(477) Pause Young (Concurrent Start) (G1 Evacuation Pause) 3557M->1384M(4096M) 117.258ms
[2615.880s][info][gc             ] GC(478) Concurrent Mark Cycle
[2615.880s][info][gc,marking     ] GC(478) Concurrent Scan Root Regions
[2615.880s][info][gc,cpu         ] GC(477) User=0.69s Sys=0.00s Real=0.11s
[2616.056s][info][gc,marking     ] GC(478) Concurrent Scan Root Regions 175.617ms
[2616.056s][info][gc,marking     ] GC(478) Concurrent Mark
[2616.056s][info][gc,marking     ] GC(478) Concurrent Mark From Roots
[2616.056s][info][gc,task        ] GC(478) Using 2 workers of 2 for marking
.[2616.781s][info][gc,marking     ] GC(478) Concurrent Mark From Roots 725.477ms
[2616.781s][info][gc,marking     ] GC(478) Concurrent Preclean
[2616.781s][info][gc,marking     ] GC(478) Concurrent Preclean 0.043ms
[2616.781s][info][gc,start       ] GC(478) Pause Remark
[2616.786s][info][gc             ] GC(478) Pause Remark 1883M->1883M(4096M) 4.744ms
[2616.786s][info][gc,cpu         ] GC(478) User=0.03s Sys=0.00s Real=0.01s
[2616.786s][info][gc,marking     ] GC(478) Concurrent Mark 730.526ms
[2616.786s][info][gc,marking     ] GC(478) Concurrent Rebuild Remembered Sets and Scrub Regions
[2617.042s][info][gc,marking     ] GC(478) Concurrent Rebuild Remembered Sets and Scrub Regions 255.590ms
[2617.042s][info][gc,start       ] GC(478) Pause Cleanup
[2617.042s][info][gc             ] GC(478) Pause Cleanup 2010M->2010M(4096M) 0.115ms
[2617.042s][info][gc,cpu         ] GC(478) User=0.00s Sys=0.00s Real=0.00s
[2617.042s][info][gc,marking     ] GC(478) Concurrent Clear Claimed Marks
[2617.042s][info][gc,marking     ] GC(478) Concurrent Clear Claimed Marks 0.026ms
[2617.042s][info][gc,marking     ] GC(478) Concurrent Cleanup for Next Mark
[2617.046s][info][gc,marking     ] GC(478) Concurrent Cleanup for Next Mark 3.495ms
[2617.046s][info][gc             ] GC(478) Concurrent Mark Cycle 1165.654ms
.... (rIR:aIR:PR = 4151:4153:4153) (tPR = 61835) [OK] 
  2619s: Performance info:
         Transaction,    Success,    Partial,     Failed,   Receipts, AvgBarcode, 
             Overall,     249628,          0,          0,     237149,      59.48, 
         Response times:
             Request,    Success,    Partial,     Failed,   SkipFail,     Probes,    Samples,      min,      p50,      p90,      p95,      p99,      max, 
       TotalPurchase,     237141,          0,          0,          0,     232301,     269370,      300,     3400,     5900,     8800,    32000,   189000,
     InStorePurchase,     124790,          0,          0,          0,     122250,     141846,      300,     3400,     6000,     8900,    33000,   189000,
      OnlinePurchase,      87378,          0,          0,          0,      85798,      99290,      300,     3500,     6000,     8800,    31000,   189000,
        InstPurchase,      24973,          0,          0,          0,      24253,      28234,      400,     2800,     5500,     7600,    29000,   167000,
          AssocOfCat,        250,          0,          0,          0,        186,        264,    20000,    31000,    46000,    57750,    74050,   179000,
      AssocOfProduct,       2493,          0,          0,          0,       2304,       2866,     1000,     3000,     5900,     9600,    35330,   189000,
      BusinessReport,        621,          0,          0,          0,        546,        746,    24000,    34000,    53000,    67000,   103480,   200000,
          CustBuyBeh,       2491,          0,          0,          0,       2285,       2755,      300,     3100,     5400,     7800,    31000,   189000,
       ProductReturn,       6624,          0,          0,          0,       6250,       7400,      300,     3800,     6200,     9995,    39000,   182000,

  2619s: (31%)   IR =   4289 [2620.347s][info][gc,start       ] GC(479) Pause Young (Prepare Mixed) (G1 Evacuation Pause)
[2620.347s][info][gc,task        ] GC(479) Using 6 workers of 6 for evacuation
[2620.464s][info][gc,phases      ] GC(479)   Pre Evacuate Collection Set: 0.37ms
[2620.464s][info][gc,phases      ] GC(479)   Merge Heap Roots: 0.53ms
[2620.464s][info][gc,phases      ] GC(479)   Evacuate Collection Set: 114.80ms
[2620.464s][info][gc,phases      ] GC(479)   Post Evacuate Collection Set: 1.05ms
[2620.464s][info][gc,phases      ] GC(479)   Other: 0.08ms
[2620.464s][info][gc,heap        ] GC(479) Eden regions: 1119->0(1113)
[2620.464s][info][gc,heap        ] GC(479) Survivor regions: 109->108(154)
[2620.464s][info][gc,heap        ] GC(479) Old regions: 504->536
[2620.464s][info][gc,heap        ] GC(479) Humongous regions: 80->80
[2620.464s][info][gc,metaspace   ] GC(479) Metaspace: 28981K(29312K)->28981K(29312K) NonClass: 24098K(24256K)->24098K(24256K) Class: 4883K(5056K)->4883K(5056K)
[2620.464s][info][gc             ] GC(479) Pause Young (Prepare Mixed) (G1 Evacuation Pause) 3622M->1446M(4096M) 116.968ms
[2620.464s][info][gc,cpu         ] GC(479) User=0.69s Sys=0.00s Real=0.12s
....[2624.760s][info][gc,start       ] GC(480) Pause Young (Mixed) (G1 Evacuation Pause)
[2624.760s][info][gc,task        ] GC(480) Using 6 workers of 6 for evacuation
[2624.900s][info][gc,phases      ] GC(480)   Pre Evacuate Collection Set: 0.37ms
[2624.900s][info][gc,phases      ] GC(480)   Merge Heap Roots: 0.69ms
[2624.900s][info][gc,phases      ] GC(480)   Evacuate Collection Set: 137.53ms
[2624.900s][info][gc,phases      ] GC(480)   Post Evacuate Collection Set: 0.98ms
[2624.900s][info][gc,phases      ] GC(480)   Other: 0.09ms
[2624.900s][info][gc,heap        ] GC(480) Eden regions: 1113->0(1114)
[2624.900s][info][gc,heap        ] GC(480) Survivor regions: 108->114(153)
[2624.900s][info][gc,heap        ] GC(480) Old regions: 536->472
[2624.900s][info][gc,heap        ] GC(480) Humongous regions: 80->80
[2624.900s][info][gc,metaspace   ] GC(480) Metaspace: 28981K(29312K)->28981K(29312K) NonClass: 24098K(24256K)->24098K(24256K) Class: 4883K(5056K)->4883K(5056K)
[2624.900s][info][gc             ] GC(480) Pause Young (Mixed) (G1 Evacuation Pause) 3672M->1330M(4096M) 139.784ms
[2624.900s][info][gc,cpu         ] GC(480) User=0.82s Sys=0.00s Real=0.14s
.|...[2629.102s][info][gc,start       ] GC(481) Pause Young (Concurrent Start) (G1 Evacuation Pause)
[2629.102s][info][gc,task        ] GC(481) Using 6 workers of 6 for evacuation
[2629.220s][info][gc,phases      ] GC(481)   Pre Evacuate Collection Set: 0.43ms
[2629.220s][info][gc,phases      ] GC(481)   Merge Heap Roots: 0.47ms
[2629.220s][info][gc,phases      ] GC(481)   Evacuate Collection Set: 116.26ms
[2629.220s][info][gc,phases      ] GC(481)   Post Evacuate Collection Set: 0.89ms
[2629.220s][info][gc,phases      ] GC(481)   Other: 0.11ms
[2629.220s][info][gc,heap        ] GC(481) Eden regions: 1114->0(1118)
[2629.220s][info][gc,heap        ] GC(481) Survivor regions: 114->110(154)
[2629.220s][info][gc,heap        ] GC(481) Old regions: 472->504
[2629.220s][info][gc,heap        ] GC(481) Humongous regions: 80->80
[2629.220s][info][gc,metaspace   ] GC(481) Metaspace: 28981K(29312K)->28981K(29312K) NonClass: 24098K(24256K)->24098K(24256K) Class: 4883K(5056K)->4883K(5056K)
[2629.220s][info][gc             ] GC(481) Pause Young (Concurrent Start) (G1 Evacuation Pause) 3558M->1384M(4096M) 118.291ms
[2629.220s][info][gc             ] GC(482) Concurrent Mark Cycle
[2629.220s][info][gc,marking     ] GC(482) Concurrent Scan Root Regions
[2629.220s][info][gc,cpu         ] GC(481) User=0.70s Sys=0.00s Real=0.12s
.[2629.371s][info][gc,marking     ] GC(482) Concurrent Scan Root Regions 150.795ms
[2629.371s][info][gc,marking     ] GC(482) Concurrent Mark
[2629.371s][info][gc,marking     ] GC(482) Concurrent Mark From Roots
[2629.371s][info][gc,task        ] GC(482) Using 2 workers of 2 for marking
.[2630.294s][info][gc,marking     ] GC(482) Concurrent Mark From Roots 922.975ms
[2630.294s][info][gc,marking     ] GC(482) Concurrent Preclean
[2630.294s][info][gc,marking     ] GC(482) Concurrent Preclean 0.072ms
[2630.295s][info][gc,start       ] GC(482) Pause Remark
[2630.300s][info][gc             ] GC(482) Pause Remark 1963M->1963M(4096M) 5.789ms
[2630.300s][info][gc,cpu         ] GC(482) User=0.04s Sys=0.00s Real=0.00s
[2630.300s][info][gc,marking     ] GC(482) Concurrent Mark 929.130ms
[2630.300s][info][gc,marking     ] GC(482) Concurrent Rebuild Remembered Sets and Scrub Regions
[2630.540s][info][gc,marking     ] GC(482) Concurrent Rebuild Remembered Sets and Scrub Regions 239.189ms
[2630.540s][info][gc,start       ] GC(482) Pause Cleanup
[2630.540s][info][gc             ] GC(482) Pause Cleanup 2098M->2098M(4096M) 0.125ms
[2630.540s][info][gc,cpu         ] GC(482) User=0.00s Sys=0.00s Real=0.00s
[2630.540s][info][gc,marking     ] GC(482) Concurrent Clear Claimed Marks
[2630.540s][info][gc,marking     ] GC(482) Concurrent Clear Claimed Marks 0.032ms
[2630.540s][info][gc,marking     ] GC(482) Concurrent Cleanup for Next Mark
[2630.545s][info][gc,marking     ] GC(482) Concurrent Cleanup for Next Mark 5.023ms
[2630.545s][info][gc             ] GC(482) Concurrent Mark Cycle 1324.922ms
...[2633.521s][info][gc,start       ] GC(483) Pause Young (Prepare Mixed) (G1 Evacuation Pause)
[2633.521s][info][gc,task        ] GC(483) Using 6 workers of 6 for evacuation
[2633.638s][info][gc,phases      ] GC(483)   Pre Evacuate Collection Set: 0.36ms
[2633.638s][info][gc,phases      ] GC(483)   Merge Heap Roots: 0.51ms
[2633.638s][info][gc,phases      ] GC(483)   Evacuate Collection Set: 115.55ms
[2633.639s][info][gc,phases      ] GC(483)   Post Evacuate Collection Set: 0.96ms
[2633.639s][info][gc,phases      ] GC(483)   Other: 0.08ms
[2633.639s][info][gc,heap        ] GC(483) Eden regions: 1118->0(1113)
[2633.639s][info][gc,heap        ] GC(483) Survivor regions: 110->108(154)
[2633.639s][info][gc,heap        ] GC(483) Old regions: 504->536
[2633.639s][info][gc,heap        ] GC(483) Humongous regions: 80->80
[2633.639s][info][gc,metaspace   ] GC(483) Metaspace: 28981K(29312K)->28981K(29312K) NonClass: 24098K(24256K)->24098K(24256K) Class: 4883K(5056K)->4883K(5056K)
[2633.639s][info][gc             ] GC(483) Pause Young (Prepare Mixed) (G1 Evacuation Pause) 3620M->1445M(4096M) 117.583ms
[2633.639s][info][gc,cpu         ] GC(483) User=0.70s Sys=0.00s Real=0.12s
....[2637.898s][info][gc,start       ] GC(484) Pause Young (Mixed) (G1 Evacuation Pause)
[2637.898s][info][gc,task        ] GC(484) Using 6 workers of 6 for evacuation
[2638.029s][info][gc,phases      ] GC(484)   Pre Evacuate Collection Set: 0.42ms
[2638.029s][info][gc,phases      ] GC(484)   Merge Heap Roots: 0.72ms
[2638.029s][info][gc,phases      ] GC(484)   Evacuate Collection Set: 128.09ms
[2638.029s][info][gc,phases      ] GC(484)   Post Evacuate Collection Set: 0.97ms
[2638.029s][info][gc,phases      ] GC(484)   Other: 0.10ms
[2638.029s][info][gc,heap        ] GC(484) Eden regions: 1113->0(1119)
[2638.029s][info][gc,heap        ] GC(484) Survivor regions: 108->109(153)
[2638.029s][info][gc,heap        ] GC(484) Old regions: 536->472
[2638.029s][info][gc,heap        ] GC(484) Humongous regions: 80->80
[2638.029s][info][gc,metaspace   ] GC(484) Metaspace: 28984K(29312K)->28984K(29312K) NonClass: 24100K(24256K)->24100K(24256K) Class: 4883K(5056K)->4883K(5056K)
[2638.029s][info][gc             ] GC(484) Pause Young (Mixed) (G1 Evacuation Pause) 3671M->1318M(4096M) 130.448ms
[2638.029s][info][gc,cpu         ] GC(484) User=0.78s Sys=0.00s Real=0.13s
.....[2642.373s][info][gc,start       ] GC(485) Pause Young (Concurrent Start) (G1 Evacuation Pause)
[2642.373s][info][gc,task        ] GC(485) Using 6 workers of 6 for evacuation
[2642.489s][info][gc,phases      ] GC(485)   Pre Evacuate Collection Set: 0.40ms
[2642.489s][info][gc,phases      ] GC(485)   Merge Heap Roots: 0.51ms
[2642.489s][info][gc,phases      ] GC(485)   Evacuate Collection Set: 113.99ms
[2642.489s][info][gc,phases      ] GC(485)   Post Evacuate Collection Set: 0.91ms
[2642.489s][info][gc,phases      ] GC(485)   Other: 0.13ms
[2642.489s][info][gc,heap        ] GC(485) Eden regions: 1119->0(1120)
[2642.489s][info][gc,heap        ] GC(485) Survivor regions: 109->108(154)
[2642.489s][info][gc,heap        ] GC(485) Old regions: 472->504
[2642.489s][info][gc,heap        ] GC(485) Humongous regions: 80->80
[2642.489s][info][gc,metaspace   ] GC(485) Metaspace: 28984K(29312K)->28984K(29312K) NonClass: 24100K(24256K)->24100K(24256K) Class: 4883K(5056K)->4883K(5056K)
[2642.489s][info][gc             ] GC(485) Pause Young (Concurrent Start) (G1 Evacuation Pause) 3556M->1381M(4096M) 116.077ms
[2642.489s][info][gc             ] GC(486) Concurrent Mark Cycle
[2642.490s][info][gc,marking     ] GC(486) Concurrent Scan Root Regions
[2642.490s][info][gc,cpu         ] GC(485) User=0.69s Sys=0.00s Real=0.11s
[2642.674s][info][gc,marking     ] GC(486) Concurrent Scan Root Regions 184.401ms
[2642.674s][info][gc,marking     ] GC(486) Concurrent Mark
[2642.674s][info][gc,marking     ] GC(486) Concurrent Mark From Roots
[2642.674s][info][gc,task        ] GC(486) Using 2 workers of 2 for marking
.[2643.383s][info][gc,marking     ] GC(486) Concurrent Mark From Roots 708.736ms
[2643.383s][info][gc,marking     ] GC(486) Concurrent Preclean
[2643.383s][info][gc,marking     ] GC(486) Concurrent Preclean 0.065ms
[2643.384s][info][gc,start       ] GC(486) Pause Remark
[2643.389s][info][gc             ] GC(486) Pause Remark 1913M->1913M(4096M) 4.946ms
[2643.389s][info][gc,cpu         ] GC(486) User=0.02s Sys=0.00s Real=0.00s
[2643.389s][info][gc,marking     ] GC(486) Concurrent Mark 714.836ms
[2643.389s][info][gc,marking     ] GC(486) Concurrent Rebuild Remembered Sets and Scrub Regions
[2643.623s][info][gc,marking     ] GC(486) Concurrent Rebuild Remembered Sets and Scrub Regions 233.833ms
[2643.623s][info][gc,start       ] GC(486) Pause Cleanup
[2643.623s][info][gc             ] GC(486) Pause Cleanup 2040M->2040M(4096M) 0.139ms
[2643.623s][info][gc,cpu         ] GC(486) User=0.00s Sys=0.00s Real=0.00s
[2643.623s][info][gc,marking     ] GC(486) Concurrent Clear Claimed Marks
[2643.623s][info][gc,marking     ] GC(486) Concurrent Clear Claimed Marks 0.024ms
[2643.623s][info][gc,marking     ] GC(486) Concurrent Cleanup for Next Mark
[2643.627s][info][gc,marking     ] GC(486) Concurrent Cleanup for Next Mark 3.594ms
[2643.627s][info][gc             ] GC(486) Concurrent Mark Cycle 1137.541ms
...[2646.768s][info][gc,start       ] GC(487) Pause Young (Prepare Mixed) (G1 Evacuation Pause)
[2646.768s][info][gc,task        ] GC(487) Using 6 workers of 6 for evacuation
[2646.884s][info][gc,phases      ] GC(487)   Pre Evacuate Collection Set: 0.35ms
[2646.884s][info][gc,phases      ] GC(487)   Merge Heap Roots: 0.59ms
[2646.884s][info][gc,phases      ] GC(487)   Evacuate Collection Set: 114.19ms
[2646.884s][info][gc,phases      ] GC(487)   Post Evacuate Collection Set: 0.94ms
[2646.884s][info][gc,phases      ] GC(487)   Other: 0.12ms
[2646.884s][info][gc,heap        ] GC(487) Eden regions: 1120->0(1111)
[2646.884s][info][gc,heap        ] GC(487) Survivor regions: 108->109(154)
[2646.884s][info][gc,heap        ] GC(487) Old regions: 504->536
[2646.884s][info][gc,heap        ] GC(487) Humongous regions: 80->80
[2646.884s][info][gc,metaspace   ] GC(487) Metaspace: 28984K(29312K)->28984K(29312K) NonClass: 24100K(24256K)->24100K(24256K) Class: 4883K(5056K)->4883K(5056K)
[2646.884s][info][gc             ] GC(487) Pause Young (Prepare Mixed) (G1 Evacuation Pause) 3621M->1447M(4096M) 116.323ms
[2646.884s][info][gc,cpu         ] GC(487) User=0.69s Sys=0.00s Real=0.12s
....[2651.063s][info][gc,start       ] GC(488) Pause Young (Mixed) (G1 Evacuation Pause)
[2651.063s][info][gc,task        ] GC(488) Using 6 workers of 6 for evacuation
[2651.195s][info][gc,phases      ] GC(488)   Pre Evacuate Collection Set: 0.45ms
[2651.195s][info][gc,phases      ] GC(488)   Merge Heap Roots: 0.73ms
[2651.195s][info][gc,phases      ] GC(488)   Evacuate Collection Set: 130.28ms
[2651.195s][info][gc,phases      ] GC(488)   Post Evacuate Collection Set: 1.00ms
[2651.195s][info][gc,phases      ] GC(488)   Other: 0.10ms
[2651.195s][info][gc,heap        ] GC(488) Eden regions: 1111->0(1119)
[2651.195s][info][gc,heap        ] GC(488) Survivor regions: 109->109(153)
[2651.195s][info][gc,heap        ] GC(488) Old regions: 536->471
[2651.195s][info][gc,heap        ] GC(488) Humongous regions: 80->80
[2651.195s][info][gc,metaspace   ] GC(488) Metaspace: 28984K(29312K)->28984K(29312K) NonClass: 24100K(24256K)->24100K(24256K) Class: 4883K(5056K)->4883K(5056K)
[2651.195s][info][gc             ] GC(488) Pause Young (Mixed) (G1 Evacuation Pause) 3669M->1316M(4096M) 132.702ms
[2651.195s][info][gc,cpu         ] GC(488) User=0.79s Sys=0.00s Real=0.13s
.....[2655.545s][info][gc,start       ] GC(489) Pause Young (Concurrent Start) (G1 Evacuation Pause)
[2655.545s][info][gc,task        ] GC(489) Using 6 workers of 6 for evacuation
[2655.661s][info][gc,phases      ] GC(489)   Pre Evacuate Collection Set: 0.42ms
[2655.661s][info][gc,phases      ] GC(489)   Merge Heap Roots: 0.47ms
[2655.661s][info][gc,phases      ] GC(489)   Evacuate Collection Set: 114.14ms
[2655.661s][info][gc,phases      ] GC(489)   Post Evacuate Collection Set: 0.92ms
[2655.661s][info][gc,phases      ] GC(489)   Other: 0.13ms
[2655.661s][info][gc,heap        ] GC(489) Eden regions: 1119->0(1120)
[2655.661s][info][gc,heap        ] GC(489) Survivor regions: 109->108(154)
[2655.661s][info][gc,heap        ] GC(489) Old regions: 471->503
[2655.661s][info][gc,heap        ] GC(489) Humongous regions: 80->80
[2655.661s][info][gc,metaspace   ] GC(489) Metaspace: 28984K(29312K)->28984K(29312K) NonClass: 24100K(24256K)->24100K(24256K) Class: 4883K(5056K)->4883K(5056K)
[2655.661s][info][gc             ] GC(489) Pause Young (Concurrent Start) (G1 Evacuation Pause) 3554M->1378M(4096M) 116.200ms
[2655.661s][info][gc             ] GC(490) Concurrent Mark Cycle
[2655.661s][info][gc,marking     ] GC(490) Concurrent Scan Root Regions
[2655.661s][info][gc,cpu         ] GC(489) User=0.69s Sys=0.00s Real=0.11s
[2655.839s][info][gc,marking     ] GC(490) Concurrent Scan Root Regions 177.886ms
[2655.839s][info][gc,marking     ] GC(490) Concurrent Mark
[2655.839s][info][gc,marking     ] GC(490) Concurrent Mark From Roots
[2655.839s][info][gc,task        ] GC(490) Using 2 workers of 2 for marking
.[2656.757s][info][gc,marking     ] GC(490) Concurrent Mark From Roots 918.276ms
[2656.757s][info][gc,marking     ] GC(490) Concurrent Preclean
[2656.757s][info][gc,marking     ] GC(490) Concurrent Preclean 0.069ms
[2656.758s][info][gc,start       ] GC(490) Pause Remark
[2656.763s][info][gc             ] GC(490) Pause Remark 1995M->1995M(4096M) 5.344ms
[2656.763s][info][gc,cpu         ] GC(490) User=0.03s Sys=0.00s Real=0.01s
[2656.763s][info][gc,marking     ] GC(490) Concurrent Mark 923.974ms
[2656.763s][info][gc,marking     ] GC(490) Concurrent Rebuild Remembered Sets and Scrub Regions
[2657.015s][info][gc,marking     ] GC(490) Concurrent Rebuild Remembered Sets and Scrub Regions 252.187ms
[2657.015s][info][gc,start       ] GC(490) Pause Cleanup
[2657.016s][info][gc             ] GC(490) Pause Cleanup 2113M->2113M(4096M) 0.111ms
[2657.016s][info][gc,cpu         ] GC(490) User=0.00s Sys=0.00s Real=0.00s
[2657.016s][info][gc,marking     ] GC(490) Concurrent Clear Claimed Marks
[2657.016s][info][gc,marking     ] GC(490) Concurrent Clear Claimed Marks 0.027ms
[2657.016s][info][gc,marking     ] GC(490) Concurrent Cleanup for Next Mark
[2657.019s][info][gc,marking     ] GC(490) Concurrent Cleanup for Next Mark 3.308ms
[2657.019s][info][gc             ] GC(490) Concurrent Mark Cycle 1357.796ms
...[2659.941s][info][gc,start       ] GC(491) Pause Young (Prepare Mixed) (G1 Evacuation Pause)
[2659.941s][info][gc,task        ] GC(491) Using 6 workers of 6 for evacuation
[2660.059s][info][gc,phases      ] GC(491)   Pre Evacuate Collection Set: 0.36ms
[2660.059s][info][gc,phases      ] GC(491)   Merge Heap Roots: 0.51ms
[2660.059s][info][gc,phases      ] GC(491)   Evacuate Collection Set: 115.53ms
[2660.059s][info][gc,phases      ] GC(491)   Post Evacuate Collection Set: 0.97ms
[2660.059s][info][gc,phases      ] GC(491)   Other: 0.08ms
[2660.059s][info][gc,heap        ] GC(491) Eden regions: 1120->0(1109)
[2660.059s][info][gc,heap        ] GC(491) Survivor regions: 108->111(154)
[2660.059s][info][gc,heap        ] GC(491) Old regions: 503->534
[2660.059s][info][gc,heap        ] GC(491) Humongous regions: 80->80
[2660.059s][info][gc,metaspace   ] GC(491) Metaspace: 28984K(29312K)->28984K(29312K) NonClass: 24100K(24256K)->24100K(24256K) Class: 4883K(5056K)->4883K(5056K)
[2660.059s][info][gc             ] GC(491) Pause Young (Prepare Mixed) (G1 Evacuation Pause) 3618M->1446M(4096M) 117.622ms
[2660.059s][info][gc,cpu         ] GC(491) User=0.70s Sys=0.00s Real=0.12s
.....[2664.290s][info][gc,start       ] GC(492) Pause Young (Mixed) (G1 Evacuation Pause)
[2664.290s][info][gc,task        ] GC(492) Using 6 workers of 6 for evacuation
[2664.423s][info][gc,phases      ] GC(492)   Pre Evacuate Collection Set: 0.46ms
[2664.423s][info][gc,phases      ] GC(492)   Merge Heap Roots: 0.75ms
[2664.423s][info][gc,phases      ] GC(492)   Evacuate Collection Set: 130.33ms
[2664.423s][info][gc,phases      ] GC(492)   Post Evacuate Collection Set: 1.00ms
[2664.423s][info][gc,phases      ] GC(492)   Other: 0.09ms
[2664.423s][info][gc,heap        ] GC(492) Eden regions: 1109->0(1120)
[2664.423s][info][gc,heap        ] GC(492) Survivor regions: 111->108(153)
[2664.423s][info][gc,heap        ] GC(492) Old regions: 534->472
[2664.423s][info][gc,heap        ] GC(492) Humongous regions: 80->80
[2664.423s][info][gc,metaspace   ] GC(492) Metaspace: 28984K(29312K)->28984K(29312K) NonClass: 24100K(24256K)->24100K(24256K) Class: 4883K(5056K)->4883K(5056K)
[2664.423s][info][gc             ] GC(492) Pause Young (Mixed) (G1 Evacuation Pause) 3664M->1318M(4096M) 132.765ms
[2664.423s][info][gc,cpu         ] GC(492) User=0.78s Sys=0.00s Real=0.14s
....[2668.750s][info][gc,start       ] GC(493) Pause Young (Concurrent Start) (G1 Evacuation Pause)
[2668.751s][info][gc,task        ] GC(493) Using 6 workers of 6 for evacuation
[2668.868s][info][gc,phases      ] GC(493)   Pre Evacuate Collection Set: 0.41ms
[2668.868s][info][gc,phases      ] GC(493)   Merge Heap Roots: 0.49ms
[2668.868s][info][gc,phases      ] GC(493)   Evacuate Collection Set: 115.62ms
[2668.868s][info][gc,phases      ] GC(493)   Post Evacuate Collection Set: 0.92ms
[2668.868s][info][gc,phases      ] GC(493)   Other: 0.11ms
[2668.868s][info][gc,heap        ] GC(493) Eden regions: 1120->0(1119)
[2668.868s][info][gc,heap        ] GC(493) Survivor regions: 108->109(154)
[2668.868s][info][gc,heap        ] GC(493) Old regions: 472->504
[2668.868s][info][gc,heap        ] GC(493) Humongous regions: 80->80
[2668.868s][info][gc,metaspace   ] GC(493) Metaspace: 28984K(29312K)->28984K(29312K) NonClass: 24101K(24256K)->24101K(24256K) Class: 4883K(5056K)->4883K(5056K)
[2668.868s][info][gc             ] GC(493) Pause Young (Concurrent Start) (G1 Evacuation Pause) 3558M->1383M(4096M) 117.696ms
[2668.868s][info][gc             ] GC(494) Concurrent Mark Cycle
[2668.868s][info][gc,marking     ] GC(494) Concurrent Scan Root Regions
[2668.868s][info][gc,cpu         ] GC(493) User=0.69s Sys=0.00s Real=0.12s
[2669.048s][info][gc,marking     ] GC(494) Concurrent Scan Root Regions 180.199ms
[2669.048s][info][gc,marking     ] GC(494) Concurrent Mark
[2669.048s][info][gc,marking     ] GC(494) Concurrent Mark From Roots
[2669.049s][info][gc,task        ] GC(494) Using 2 workers of 2 for marking
.[2669.790s][info][gc,marking     ] GC(494) Concurrent Mark From Roots 741.949ms
[2669.790s][info][gc,marking     ] GC(494) Concurrent Preclean
[2669.791s][info][gc,marking     ] GC(494) Concurrent Preclean 0.054ms
[2669.791s][info][gc,start       ] GC(494) Pause Remark
[2669.796s][info][gc             ] GC(494) Pause Remark 1950M->1950M(4096M) 4.987ms
[2669.796s][info][gc,cpu         ] GC(494) User=0.03s Sys=0.00s Real=0.01s
[2669.796s][info][gc,marking     ] GC(494) Concurrent Mark 747.269ms
[2669.796s][info][gc,marking     ] GC(494) Concurrent Rebuild Remembered Sets and Scrub Regions
[2670.035s][info][gc,marking     ] GC(494) Concurrent Rebuild Remembered Sets and Scrub Regions 239.068ms
[2670.035s][info][gc,start       ] GC(494) Pause Cleanup
[2670.035s][info][gc             ] GC(494) Pause Cleanup 2089M->2089M(4096M) 0.113ms
[2670.035s][info][gc,cpu         ] GC(494) User=0.00s Sys=0.00s Real=0.00s
[2670.035s][info][gc,marking     ] GC(494) Concurrent Clear Claimed Marks
[2670.035s][info][gc,marking     ] GC(494) Concurrent Clear Claimed Marks 0.026ms
[2670.035s][info][gc,marking     ] GC(494) Concurrent Cleanup for Next Mark
[2670.038s][info][gc,marking     ] GC(494) Concurrent Cleanup for Next Mark 3.215ms
[2670.038s][info][gc             ] GC(494) Concurrent Mark Cycle 1170.199ms
...[2673.077s][info][gc,start       ] GC(495) Pause Young (Prepare Mixed) (G1 Evacuation Pause)
[2673.077s][info][gc,task        ] GC(495) Using 6 workers of 6 for evacuation
[2673.194s][info][gc,phases      ] GC(495)   Pre Evacuate Collection Set: 0.37ms
[2673.194s][info][gc,phases      ] GC(495)   Merge Heap Roots: 0.51ms
[2673.194s][info][gc,phases      ] GC(495)   Evacuate Collection Set: 115.09ms
[2673.194s][info][gc,phases      ] GC(495)   Post Evacuate Collection Set: 0.97ms
[2673.194s][info][gc,phases      ] GC(495)   Other: 0.09ms
[2673.194s][info][gc,heap        ] GC(495) Eden regions: 1119->0(1109)
[2673.194s][info][gc,heap        ] GC(495) Survivor regions: 109->110(154)
[2673.194s][info][gc,heap        ] GC(495) Old regions: 504->536
[2673.194s][info][gc,heap        ] GC(495) Humongous regions: 80->80
[2673.194s][info][gc,metaspace   ] GC(495) Metaspace: 28984K(29312K)->28984K(29312K) NonClass: 24101K(24256K)->24101K(24256K) Class: 4883K(5056K)->4883K(5056K)
[2673.194s][info][gc             ] GC(495) Pause Young (Prepare Mixed) (G1 Evacuation Pause) 3621M->1448M(4096M) 117.155ms
[2673.194s][info][gc,cpu         ] GC(495) User=0.69s Sys=0.00s Real=0.12s
.....[2677.457s][info][gc,start       ] GC(496) Pause Young (Mixed) (G1 Evacuation Pause)
[2677.457s][info][gc,task        ] GC(496) Using 6 workers of 6 for evacuation
[2677.591s][info][gc,phases      ] GC(496)   Pre Evacuate Collection Set: 0.41ms
[2677.591s][info][gc,phases      ] GC(496)   Merge Heap Roots: 0.65ms
[2677.591s][info][gc,phases      ] GC(496)   Evacuate Collection Set: 131.85ms
[2677.591s][info][gc,phases      ] GC(496)   Post Evacuate Collection Set: 1.00ms
[2677.591s][info][gc,phases      ] GC(496)   Other: 0.09ms
[2677.591s][info][gc,heap        ] GC(496) Eden regions: 1109->0(1118)
[2677.591s][info][gc,heap        ] GC(496) Survivor regions: 110->110(153)
[2677.591s][info][gc,heap        ] GC(496) Old regions: 536->471
[2677.591s][info][gc,heap        ] GC(496) Humongous regions: 80->80
[2677.591s][info][gc,metaspace   ] GC(496) Metaspace: 28984K(29312K)->28984K(29312K) NonClass: 24101K(24256K)->24101K(24256K) Class: 4883K(5056K)->4883K(5056K)
[2677.591s][info][gc             ] GC(496) Pause Young (Mixed) (G1 Evacuation Pause) 3666M->1320M(4096M) 134.124ms
[2677.591s][info][gc,cpu         ] GC(496) User=0.79s Sys=0.00s Real=0.13s
....[2681.961s][info][gc,start       ] GC(497) Pause Young (Concurrent Start) (G1 Evacuation Pause)
[2681.961s][info][gc,task        ] GC(497) Using 6 workers of 6 for evacuation
[2682.079s][info][gc,phases      ] GC(497)   Pre Evacuate Collection Set: 0.43ms
[2682.079s][info][gc,phases      ] GC(497)   Merge Heap Roots: 0.48ms
[2682.079s][info][gc,phases      ] GC(497)   Evacuate Collection Set: 115.88ms
[2682.079s][info][gc,phases      ] GC(497)   Post Evacuate Collection Set: 0.96ms
[2682.079s][info][gc,phases      ] GC(497)   Other: 0.11ms
[2682.079s][info][gc,heap        ] GC(497) Eden regions: 1118->0(1118)
[2682.079s][info][gc,heap        ] GC(497) Survivor regions: 110->110(154)
[2682.079s][info][gc,heap        ] GC(497) Old regions: 471->503
[2682.079s][info][gc,heap        ] GC(497) Humongous regions: 80->80
[2682.079s][info][gc,metaspace   ] GC(497) Metaspace: 28984K(29312K)->28984K(29312K) NonClass: 24101K(24256K)->24101K(24256K) Class: 4883K(5056K)->4883K(5056K)
[2682.079s][info][gc             ] GC(497) Pause Young (Concurrent Start) (G1 Evacuation Pause) 3556M->1383M(4096M) 118.005ms
[2682.079s][info][gc             ] GC(498) Concurrent Mark Cycle
[2682.079s][info][gc,marking     ] GC(498) Concurrent Scan Root Regions
[2682.079s][info][gc,cpu         ] GC(497) User=0.69s Sys=0.00s Real=0.12s
[2682.222s][info][gc,marking     ] GC(498) Concurrent Scan Root Regions 143.192ms
[2682.222s][info][gc,marking     ] GC(498) Concurrent Mark
[2682.222s][info][gc,marking     ] GC(498) Concurrent Mark From Roots
[2682.222s][info][gc,task        ] GC(498) Using 2 workers of 2 for marking
.[2682.849s][info][gc,marking     ] GC(498) Concurrent Mark From Roots 626.515ms
[2682.849s][info][gc,marking     ] GC(498) Concurrent Preclean
[2682.849s][info][gc,marking     ] GC(498) Concurrent Preclean 0.043ms
[2682.849s][info][gc,start       ] GC(498) Pause Remark
[2682.854s][info][gc             ] GC(498) Pause Remark 1838M->1838M(4096M) 4.598ms
[2682.854s][info][gc,cpu         ] GC(498) User=0.02s Sys=0.00s Real=0.01s
[2682.854s][info][gc,marking     ] GC(498) Concurrent Mark 631.421ms
[2682.854s][info][gc,marking     ] GC(498) Concurrent Rebuild Remembered Sets and Scrub Regions
[2683.083s][info][gc,marking     ] GC(498) Concurrent Rebuild Remembered Sets and Scrub Regions 229.573ms
[2683.084s][info][gc,start       ] GC(498) Pause Cleanup
[2683.084s][info][gc             ] GC(498) Pause Cleanup 1960M->1960M(4096M) 0.127ms
[2683.084s][info][gc,cpu         ] GC(498) User=0.00s Sys=0.00s Real=0.00s
[2683.084s][info][gc,marking     ] GC(498) Concurrent Clear Claimed Marks
[2683.084s][info][gc,marking     ] GC(498) Concurrent Clear Claimed Marks 0.023ms
[2683.084s][info][gc,marking     ] GC(498) Concurrent Cleanup for Next Mark
[2683.087s][info][gc,marking     ] GC(498) Concurrent Cleanup for Next Mark 3.462ms
[2683.087s][info][gc             ] GC(498) Concurrent Mark Cycle 1008.120ms
... (rIR:aIR:PR = 4289:4289:4289) (tPR = 63406) [OK] 
  2685s: Performance info:
         Transaction,    Success,    Partial,     Failed,   Receipts, AvgBarcode, 
             Overall,     258014,          0,          0,     245116,      59.47, 
         Response times:
             Request,    Success,    Partial,     Failed,   SkipFail,     Probes,    Samples,      min,      p50,      p90,      p95,      p99,      max, 
       TotalPurchase,     245094,          0,          0,          0,     240246,     262378,      300,     3600,     6600,    10500,    56000,   227000,
     InStorePurchase,     129000,          0,          0,          0,     126642,     138087,      300,     3600,     6700,    10500,    56000,   226000,
      OnlinePurchase,      90299,          0,          0,          0,      88493,      96667,      300,     3300,     6300,    10060,    53000,   185000,
        InstPurchase,      25795,          0,          0,          0,      25111,      27624,      400,     4200,     7200,    11700,    60000,   227000,
          AssocOfCat,        261,          0,          0,          0,        190,        271,    21000,    31000,    48000,    59000,   129040,   185000,
      AssocOfProduct,       2594,          0,          0,          0,       2351,       2729,      600,     4200,     6900,     9800,    54000,   134000,
      BusinessReport,        646,          0,          0,          0,        553,        693,    24000,    34000,    50600,    59300,    99260,   192000,
          CustBuyBeh,       2577,          0,          0,          0,       2354,       2728,      300,     3800,     7200,    11955,    59710,   136000,
       ProductReturn,       6833,          0,          0,          0,       6472,       7255,      200,     2500,     5600,     8220,    49000,   161000,

  2685s: (32%)   IR =   4428 [2686.310s][info][gc,start       ] GC(499) Pause Young (Prepare Mixed) (G1 Evacuation Pause)
[2686.310s][info][gc,task        ] GC(499) Using 6 workers of 6 for evacuation
[2686.432s][info][gc,phases      ] GC(499)   Pre Evacuate Collection Set: 0.37ms
[2686.432s][info][gc,phases      ] GC(499)   Merge Heap Roots: 0.53ms
[2686.432s][info][gc,phases      ] GC(499)   Evacuate Collection Set: 119.88ms
[2686.432s][info][gc,phases      ] GC(499)   Post Evacuate Collection Set: 0.96ms
[2686.432s][info][gc,phases      ] GC(499)   Other: 0.09ms
[2686.432s][info][gc,heap        ] GC(499) Eden regions: 1118->0(1105)
[2686.432s][info][gc,heap        ] GC(499) Survivor regions: 110->113(154)
[2686.432s][info][gc,heap        ] GC(499) Old regions: 503->534
[2686.432s][info][gc,heap        ] GC(499) Humongous regions: 80->80
[2686.432s][info][gc,metaspace   ] GC(499) Metaspace: 28984K(29312K)->28984K(29312K) NonClass: 24101K(24256K)->24101K(24256K) Class: 4883K(5056K)->4883K(5056K)
[2686.432s][info][gc             ] GC(499) Pause Young (Prepare Mixed) (G1 Evacuation Pause) 3619M->1452M(4096M) 121.969ms
[2686.432s][info][gc,cpu         ] GC(499) User=0.73s Sys=0.00s Real=0.12s
.....[2690.478s][info][gc,start       ] GC(500) Pause Young (Mixed) (G1 Evacuation Pause)
[2690.478s][info][gc,task        ] GC(500) Using 6 workers of 6 for evacuation
[2690.609s][info][gc,phases      ] GC(500)   Pre Evacuate Collection Set: 0.42ms
[2690.609s][info][gc,phases      ] GC(500)   Merge Heap Roots: 0.67ms
[2690.609s][info][gc,phases      ] GC(500)   Evacuate Collection Set: 128.24ms
[2690.609s][info][gc,phases      ] GC(500)   Post Evacuate Collection Set: 1.00ms
[2690.609s][info][gc,phases      ] GC(500)   Other: 0.09ms
[2690.609s][info][gc,heap        ] GC(500) Eden regions: 1105->0(1121)
[2690.609s][info][gc,heap        ] GC(500) Survivor regions: 113->107(153)
[2690.609s][info][gc,heap        ] GC(500) Old regions: 534->472
[2690.609s][info][gc,heap        ] GC(500) Humongous regions: 80->80
[2690.609s][info][gc,metaspace   ] GC(500) Metaspace: 28984K(29312K)->28984K(29312K) NonClass: 24101K(24256K)->24101K(24256K) Class: 4883K(5056K)->4883K(5056K)
[2690.609s][info][gc             ] GC(500) Pause Young (Mixed) (G1 Evacuation Pause) 3662M->1315M(4096M) 130.545ms
[2690.609s][info][gc,cpu         ] GC(500) User=0.77s Sys=0.00s Real=0.13s
....[2694.696s][info][gc,start       ] GC(501) Pause Young (Concurrent Start) (G1 Evacuation Pause)
[2694.696s][info][gc,task        ] GC(501) Using 6 workers of 6 for evacuation
[2694.813s][info][gc,phases      ] GC(501)   Pre Evacuate Collection Set: 0.44ms
[2694.813s][info][gc,phases      ] GC(501)   Merge Heap Roots: 0.47ms
[2694.813s][info][gc,phases      ] GC(501)   Evacuate Collection Set: 114.91ms
[2694.813s][info][gc,phases      ] GC(501)   Post Evacuate Collection Set: 0.90ms
[2694.813s][info][gc,phases      ] GC(501)   Other: 0.13ms
[2694.813s][info][gc,heap        ] GC(501) Eden regions: 1121->0(1120)
[2694.813s][info][gc,heap        ] GC(501) Survivor regions: 107->108(154)
[2694.813s][info][gc,heap        ] GC(501) Old regions: 472->505
[2694.813s][info][gc,heap        ] GC(501) Humongous regions: 80->80
[2694.813s][info][gc,metaspace   ] GC(501) Metaspace: 28984K(29312K)->28984K(29312K) NonClass: 24101K(24256K)->24101K(24256K) Class: 4883K(5056K)->4883K(5056K)
[2694.813s][info][gc             ] GC(501) Pause Young (Concurrent Start) (G1 Evacuation Pause) 3557M->1382M(4096M) 116.980ms
[2694.813s][info][gc             ] GC(502) Concurrent Mark Cycle
[2694.813s][info][gc,marking     ] GC(502) Concurrent Scan Root Regions
[2694.813s][info][gc,cpu         ] GC(501) User=0.69s Sys=0.00s Real=0.12s
[2694.940s][info][gc,marking     ] GC(502) Concurrent Scan Root Regions 127.055ms
[2694.940s][info][gc,marking     ] GC(502) Concurrent Mark
[2694.940s][info][gc,marking     ] GC(502) Concurrent Mark From Roots
[2694.940s][info][gc,task        ] GC(502) Using 2 workers of 2 for marking
.[2695.557s][info][gc,marking     ] GC(502) Concurrent Mark From Roots 617.186ms
[2695.557s][info][gc,marking     ] GC(502) Concurrent Preclean
[2695.557s][info][gc,marking     ] GC(502) Concurrent Preclean 0.058ms
[2695.557s][info][gc,start       ] GC(502) Pause Remark
[2695.562s][info][gc             ] GC(502) Pause Remark 1828M->1828M(4096M) 4.497ms
[2695.562s][info][gc,cpu         ] GC(502) User=0.02s Sys=0.01s Real=0.00s
[2695.562s][info][gc,marking     ] GC(502) Concurrent Mark 621.996ms
[2695.562s][info][gc,marking     ] GC(502) Concurrent Rebuild Remembered Sets and Scrub Regions
[2695.799s][info][gc,marking     ] GC(502) Concurrent Rebuild Remembered Sets and Scrub Regions 237.223ms
[2695.799s][info][gc,start       ] GC(502) Pause Cleanup
[2695.799s][info][gc             ] GC(502) Pause Cleanup 1965M->1965M(4096M) 0.139ms
[2695.799s][info][gc,cpu         ] GC(502) User=0.00s Sys=0.00s Real=0.00s
[2695.799s][info][gc,marking     ] GC(502) Concurrent Clear Claimed Marks
[2695.799s][info][gc,marking     ] GC(502) Concurrent Clear Claimed Marks 0.031ms
[2695.799s][info][gc,marking     ] GC(502) Concurrent Cleanup for Next Mark
[2695.803s][info][gc,marking     ] GC(502) Concurrent Cleanup for Next Mark 3.592ms
[2695.803s][info][gc             ] GC(502) Concurrent Mark Cycle 990.400ms
.|..[2699.008s][info][gc,start       ] GC(503) Pause Young (Prepare Mixed) (G1 Evacuation Pause)
[2699.008s][info][gc,task        ] GC(503) Using 6 workers of 6 for evacuation
[2699.127s][info][gc,phases      ] GC(503)   Pre Evacuate Collection Set: 0.34ms
[2699.127s][info][gc,phases      ] GC(503)   Merge Heap Roots: 0.55ms
[2699.127s][info][gc,phases      ] GC(503)   Evacuate Collection Set: 116.30ms
[2699.127s][info][gc,phases      ] GC(503)   Post Evacuate Collection Set: 0.99ms
[2699.127s][info][gc,phases      ] GC(503)   Other: 0.09ms
[2699.127s][info][gc,heap        ] GC(503) Eden regions: 1120->0(1107)
[2699.127s][info][gc,heap        ] GC(503) Survivor regions: 108->111(154)
[2699.127s][info][gc,heap        ] GC(503) Old regions: 505->536
[2699.127s][info][gc,heap        ] GC(503) Humongous regions: 80->80
[2699.127s][info][gc,metaspace   ] GC(503) Metaspace: 28984K(29312K)->28984K(29312K) NonClass: 24101K(24256K)->24101K(24256K) Class: 4883K(5056K)->4883K(5056K)
[2699.127s][info][gc             ] GC(503) Pause Young (Prepare Mixed) (G1 Evacuation Pause) 3622M->1451M(4096M) 118.423ms
[2699.127s][info][gc,cpu         ] GC(503) User=0.70s Sys=0.00s Real=0.12s
....[2703.252s][info][gc,start       ] GC(504) Pause Young (Mixed) (G1 Evacuation Pause)
[2703.252s][info][gc,task        ] GC(504) Using 6 workers of 6 for evacuation
[2703.384s][info][gc,phases      ] GC(504)   Pre Evacuate Collection Set: 0.41ms
[2703.384s][info][gc,phases      ] GC(504)   Merge Heap Roots: 0.68ms
[2703.384s][info][gc,phases      ] GC(504)   Evacuate Collection Set: 129.68ms
[2703.384s][info][gc,phases      ] GC(504)   Post Evacuate Collection Set: 0.99ms
[2703.384s][info][gc,phases      ] GC(504)   Other: 0.09ms
[2703.384s][info][gc,heap        ] GC(504) Eden regions: 1107->0(1120)
[2703.384s][info][gc,heap        ] GC(504) Survivor regions: 111->108(153)
[2703.384s][info][gc,heap        ] GC(504) Old regions: 536->472
[2703.384s][info][gc,heap        ] GC(504) Humongous regions: 80->80
[2703.384s][info][gc,metaspace   ] GC(504) Metaspace: 28984K(29312K)->28984K(29312K) NonClass: 24101K(24256K)->24101K(24256K) Class: 4883K(5056K)->4883K(5056K)
[2703.384s][info][gc             ] GC(504) Pause Young (Mixed) (G1 Evacuation Pause) 3665M->1317M(4096M) 131.968ms
[2703.384s][info][gc,cpu         ] GC(504) User=0.78s Sys=0.00s Real=0.14s
.....[2707.543s][info][gc,start       ] GC(505) Pause Young (Concurrent Start) (G1 Evacuation Pause)
[2707.543s][info][gc,task        ] GC(505) Using 6 workers of 6 for evacuation
[2707.659s][info][gc,phases      ] GC(505)   Pre Evacuate Collection Set: 0.41ms
[2707.659s][info][gc,phases      ] GC(505)   Merge Heap Roots: 0.50ms
[2707.659s][info][gc,phases      ] GC(505)   Evacuate Collection Set: 114.20ms
[2707.659s][info][gc,phases      ] GC(505)   Post Evacuate Collection Set: 0.91ms
[2707.659s][info][gc,phases      ] GC(505)   Other: 0.11ms
[2707.659s][info][gc,heap        ] GC(505) Eden regions: 1120->0(1119)
[2707.659s][info][gc,heap        ] GC(505) Survivor regions: 108->109(154)
[2707.659s][info][gc,heap        ] GC(505) Old regions: 472->504
[2707.659s][info][gc,heap        ] GC(505) Humongous regions: 80->80
[2707.659s][info][gc,metaspace   ] GC(505) Metaspace: 28984K(29312K)->28984K(29312K) NonClass: 24101K(24256K)->24101K(24256K) Class: 4883K(5056K)->4883K(5056K)
[2707.659s][info][gc             ] GC(505) Pause Young (Concurrent Start) (G1 Evacuation Pause) 3557M->1383M(4096M) 116.262ms
[2707.659s][info][gc             ] GC(506) Concurrent Mark Cycle
[2707.659s][info][gc,marking     ] GC(506) Concurrent Scan Root Regions
[2707.659s][info][gc,cpu         ] GC(505) User=0.69s Sys=0.00s Real=0.11s
[2707.806s][info][gc,marking     ] GC(506) Concurrent Scan Root Regions 146.651ms
[2707.806s][info][gc,marking     ] GC(506) Concurrent Mark
[2707.806s][info][gc,marking     ] GC(506) Concurrent Mark From Roots
[2707.806s][info][gc,task        ] GC(506) Using 2 workers of 2 for marking
[2708.431s][info][gc,marking     ] GC(506) Concurrent Mark From Roots 624.523ms
[2708.431s][info][gc,marking     ] GC(506) Concurrent Preclean
[2708.431s][info][gc,marking     ] GC(506) Concurrent Preclean 0.049ms
[2708.431s][info][gc,start       ] GC(506) Pause Remark
[2708.435s][info][gc             ] GC(506) Pause Remark 1858M->1858M(4096M) 4.105ms
[2708.435s][info][gc,cpu         ] GC(506) User=0.02s Sys=0.00s Real=0.01s
[2708.435s][info][gc,marking     ] GC(506) Concurrent Mark 628.957ms
[2708.435s][info][gc,marking     ] GC(506) Concurrent Rebuild Remembered Sets and Scrub Regions
.[2708.667s][info][gc,marking     ] GC(506) Concurrent Rebuild Remembered Sets and Scrub Regions 232.336ms
[2708.668s][info][gc,start       ] GC(506) Pause Cleanup
[2708.668s][info][gc             ] GC(506) Pause Cleanup 1974M->1974M(4096M) 0.134ms
[2708.668s][info][gc,cpu         ] GC(506) User=0.00s Sys=0.00s Real=0.00s
[2708.668s][info][gc,marking     ] GC(506) Concurrent Clear Claimed Marks
[2708.668s][info][gc,marking     ] GC(506) Concurrent Clear Claimed Marks 0.039ms
[2708.668s][info][gc,marking     ] GC(506) Concurrent Cleanup for Next Mark
[2708.672s][info][gc,marking     ] GC(506) Concurrent Cleanup for Next Mark 3.355ms
[2708.672s][info][gc             ] GC(506) Concurrent Mark Cycle 1012.413ms
...[2711.775s][info][gc,start       ] GC(507) Pause Young (Prepare Mixed) (G1 Evacuation Pause)
[2711.775s][info][gc,task        ] GC(507) Using 6 workers of 6 for evacuation
[2711.895s][info][gc,phases      ] GC(507)   Pre Evacuate Collection Set: 0.35ms
[2711.895s][info][gc,phases      ] GC(507)   Merge Heap Roots: 0.53ms
[2711.895s][info][gc,phases      ] GC(507)   Evacuate Collection Set: 118.31ms
[2711.895s][info][gc,phases      ] GC(507)   Post Evacuate Collection Set: 0.96ms
[2711.895s][info][gc,phases      ] GC(507)   Other: 0.09ms
[2711.895s][info][gc,heap        ] GC(507) Eden regions: 1119->0(1107)
[2711.895s][info][gc,heap        ] GC(507) Survivor regions: 109->111(154)
[2711.895s][info][gc,heap        ] GC(507) Old regions: 504->536
[2711.895s][info][gc,heap        ] GC(507) Humongous regions: 80->80
[2711.895s][info][gc,metaspace   ] GC(507) Metaspace: 28984K(29312K)->28984K(29312K) NonClass: 24101K(24256K)->24101K(24256K) Class: 4883K(5056K)->4883K(5056K)
[2711.895s][info][gc             ] GC(507) Pause Young (Prepare Mixed) (G1 Evacuation Pause) 3621M->1451M(4096M) 120.355ms
[2711.895s][info][gc,cpu         ] GC(507) User=0.71s Sys=0.00s Real=0.12s
....[2716.015s][info][gc,start       ] GC(508) Pause Young (Mixed) (G1 Evacuation Pause)
[2716.015s][info][gc,task        ] GC(508) Using 6 workers of 6 for evacuation
[2716.148s][info][gc,phases      ] GC(508)   Pre Evacuate Collection Set: 0.40ms
[2716.148s][info][gc,phases      ] GC(508)   Merge Heap Roots: 0.70ms
[2716.148s][info][gc,phases      ] GC(508)   Evacuate Collection Set: 131.32ms
[2716.148s][info][gc,phases      ] GC(508)   Post Evacuate Collection Set: 0.99ms
[2716.148s][info][gc,phases      ] GC(508)   Other: 0.09ms
[2716.148s][info][gc,heap        ] GC(508) Eden regions: 1107->0(1119)
[2716.148s][info][gc,heap        ] GC(508) Survivor regions: 111->109(153)
[2716.148s][info][gc,heap        ] GC(508) Old regions: 536->473
[2716.148s][info][gc,heap        ] GC(508) Humongous regions: 80->80
[2716.148s][info][gc,metaspace   ] GC(508) Metaspace: 28984K(29312K)->28984K(29312K) NonClass: 24101K(24256K)->24101K(24256K) Class: 4883K(5056K)->4883K(5056K)
[2716.148s][info][gc             ] GC(508) Pause Young (Mixed) (G1 Evacuation Pause) 3665M->1321M(4096M) 133.640ms
[2716.148s][info][gc,cpu         ] GC(508) User=0.78s Sys=0.01s Real=0.13s
....[2720.351s][info][gc,start       ] GC(509) Pause Young (Concurrent Start) (G1 Evacuation Pause)
[2720.351s][info][gc,task        ] GC(509) Using 6 workers of 6 for evacuation
[2720.468s][info][gc,phases      ] GC(509)   Pre Evacuate Collection Set: 0.41ms
[2720.468s][info][gc,phases      ] GC(509)   Merge Heap Roots: 0.49ms
[2720.468s][info][gc,phases      ] GC(509)   Evacuate Collection Set: 114.61ms
[2720.468s][info][gc,phases      ] GC(509)   Post Evacuate Collection Set: 0.93ms
[2720.468s][info][gc,phases      ] GC(509)   Other: 0.11ms
[2720.468s][info][gc,heap        ] GC(509) Eden regions: 1119->0(1120)
[2720.468s][info][gc,heap        ] GC(509) Survivor regions: 109->108(154)
[2720.468s][info][gc,heap        ] GC(509) Old regions: 473->505
[2720.468s][info][gc,heap        ] GC(509) Humongous regions: 80->80
[2720.468s][info][gc,metaspace   ] GC(509) Metaspace: 28984K(29312K)->28984K(29312K) NonClass: 24101K(24256K)->24101K(24256K) Class: 4883K(5056K)->4883K(5056K)
[2720.468s][info][gc             ] GC(509) Pause Young (Concurrent Start) (G1 Evacuation Pause) 3559M->1383M(4096M) 116.672ms
[2720.468s][info][gc             ] GC(510) Concurrent Mark Cycle
[2720.468s][info][gc,marking     ] GC(510) Concurrent Scan Root Regions
[2720.468s][info][gc,cpu         ] GC(509) User=0.69s Sys=0.00s Real=0.12s
.[2720.626s][info][gc,marking     ] GC(510) Concurrent Scan Root Regions 157.952ms
[2720.626s][info][gc,marking     ] GC(510) Concurrent Mark
[2720.626s][info][gc,marking     ] GC(510) Concurrent Mark From Roots
[2720.626s][info][gc,task        ] GC(510) Using 2 workers of 2 for marking
[2721.255s][info][gc,marking     ] GC(510) Concurrent Mark From Roots 629.403ms
[2721.255s][info][gc,marking     ] GC(510) Concurrent Preclean
[2721.256s][info][gc,marking     ] GC(510) Concurrent Preclean 0.112ms
[2721.256s][info][gc,start       ] GC(510) Pause Remark
[2721.261s][info][gc             ] GC(510) Pause Remark 1872M->1872M(4096M) 5.579ms
[2721.261s][info][gc,cpu         ] GC(510) User=0.03s Sys=0.00s Real=0.00s
[2721.261s][info][gc,marking     ] GC(510) Concurrent Mark 635.419ms
[2721.261s][info][gc,marking     ] GC(510) Concurrent Rebuild Remembered Sets and Scrub Regions
[2721.535s][info][gc,marking     ] GC(510) Concurrent Rebuild Remembered Sets and Scrub Regions 274.014ms
[2721.536s][info][gc,start       ] GC(510) Pause Cleanup
[2721.536s][info][gc             ] GC(510) Pause Cleanup 2034M->2034M(4096M) 0.121ms
[2721.536s][info][gc,cpu         ] GC(510) User=0.00s Sys=0.00s Real=0.00s
[2721.536s][info][gc,marking     ] GC(510) Concurrent Clear Claimed Marks
[2721.536s][info][gc,marking     ] GC(510) Concurrent Clear Claimed Marks 0.027ms
[2721.536s][info][gc,marking     ] GC(510) Concurrent Cleanup for Next Mark
[2721.540s][info][gc,marking     ] GC(510) Concurrent Cleanup for Next Mark 3.824ms
[2721.540s][info][gc             ] GC(510) Concurrent Mark Cycle 1071.702ms
...[2724.538s][info][gc,start       ] GC(511) Pause Young (Prepare Mixed) (G1 Evacuation Pause)
[2724.538s][info][gc,task        ] GC(511) Using 6 workers of 6 for evacuation
[2724.658s][info][gc,phases      ] GC(511)   Pre Evacuate Collection Set: 0.36ms
[2724.658s][info][gc,phases      ] GC(511)   Merge Heap Roots: 0.50ms
[2724.658s][info][gc,phases      ] GC(511)   Evacuate Collection Set: 118.43ms
[2724.658s][info][gc,phases      ] GC(511)   Post Evacuate Collection Set: 0.96ms
[2724.658s][info][gc,phases      ] GC(511)   Other: 0.09ms
[2724.658s][info][gc,heap        ] GC(511) Eden regions: 1120->0(1105)
[2724.658s][info][gc,heap        ] GC(511) Survivor regions: 108->112(154)
[2724.658s][info][gc,heap        ] GC(511) Old regions: 505->536
[2724.658s][info][gc,heap        ] GC(511) Humongous regions: 80->80
[2724.658s][info][gc,metaspace   ] GC(511) Metaspace: 28977K(29312K)->28977K(29312K) NonClass: 24097K(24256K)->24097K(24256K) Class: 4880K(5056K)->4880K(5056K)
[2724.658s][info][gc             ] GC(511) Pause Young (Prepare Mixed) (G1 Evacuation Pause) 3623M->1453M(4096M) 120.469ms
[2724.658s][info][gc,cpu         ] GC(511) User=0.71s Sys=0.00s Real=0.12s
.....[2728.782s][info][gc,start       ] GC(512) Pause Young (Mixed) (G1 Evacuation Pause)
[2728.782s][info][gc,task        ] GC(512) Using 6 workers of 6 for evacuation
[2728.916s][info][gc,phases      ] GC(512)   Pre Evacuate Collection Set: 0.40ms
[2728.916s][info][gc,phases      ] GC(512)   Merge Heap Roots: 0.70ms
[2728.916s][info][gc,phases      ] GC(512)   Evacuate Collection Set: 132.24ms
[2728.916s][info][gc,phases      ] GC(512)   Post Evacuate Collection Set: 1.00ms
[2728.916s][info][gc,phases      ] GC(512)   Other: 0.09ms
[2728.916s][info][gc,heap        ] GC(512) Eden regions: 1105->0(1118)
[2728.916s][info][gc,heap        ] GC(512) Survivor regions: 112->110(153)
[2728.916s][info][gc,heap        ] GC(512) Old regions: 536->472
[2728.916s][info][gc,heap        ] GC(512) Humongous regions: 80->80
[2728.916s][info][gc,metaspace   ] GC(512) Metaspace: 28977K(29312K)->28977K(29312K) NonClass: 24097K(24256K)->24097K(24256K) Class: 4880K(5056K)->4880K(5056K)
[2728.916s][info][gc             ] GC(512) Pause Young (Mixed) (G1 Evacuation Pause) 3663M->1321M(4096M) 134.574ms
[2728.917s][info][gc,cpu         ] GC(512) User=0.80s Sys=0.00s Real=0.14s
....[2733.035s][info][gc,start       ] GC(513) Pause Young (Concurrent Start) (G1 Evacuation Pause)
[2733.035s][info][gc,task        ] GC(513) Using 6 workers of 6 for evacuation
[2733.153s][info][gc,phases      ] GC(513)   Pre Evacuate Collection Set: 0.37ms
[2733.153s][info][gc,phases      ] GC(513)   Merge Heap Roots: 0.48ms
[2733.153s][info][gc,phases      ] GC(513)   Evacuate Collection Set: 116.44ms
[2733.153s][info][gc,phases      ] GC(513)   Post Evacuate Collection Set: 0.91ms
[2733.153s][info][gc,phases      ] GC(513)   Other: 0.12ms
[2733.153s][info][gc,heap        ] GC(513) Eden regions: 1118->0(1117)
[2733.153s][info][gc,heap        ] GC(513) Survivor regions: 110->111(154)
[2733.153s][info][gc,heap        ] GC(513) Old regions: 472->504
[2733.153s][info][gc,heap        ] GC(513) Humongous regions: 80->80
[2733.153s][info][gc,metaspace   ] GC(513) Metaspace: 28977K(29312K)->28977K(29312K) NonClass: 24097K(24256K)->24097K(24256K) Class: 4880K(5056K)->4880K(5056K)
[2733.153s][info][gc             ] GC(513) Pause Young (Concurrent Start) (G1 Evacuation Pause) 3557M->1387M(4096M) 118.482ms
[2733.153s][info][gc             ] GC(514) Concurrent Mark Cycle
[2733.153s][info][gc,marking     ] GC(514) Concurrent Scan Root Regions
[2733.153s][info][gc,cpu         ] GC(513) User=0.70s Sys=0.01s Real=0.12s
[2733.297s][info][gc,marking     ] GC(514) Concurrent Scan Root Regions 143.864ms
[2733.297s][info][gc,marking     ] GC(514) Concurrent Mark
[2733.297s][info][gc,marking     ] GC(514) Concurrent Mark From Roots
[2733.297s][info][gc,task        ] GC(514) Using 2 workers of 2 for marking
.[2733.906s][info][gc,marking     ] GC(514) Concurrent Mark From Roots 609.053ms
[2733.906s][info][gc,marking     ] GC(514) Concurrent Preclean
[2733.907s][info][gc,marking     ] GC(514) Concurrent Preclean 0.129ms
[2733.909s][info][gc,start       ] GC(514) Pause Remark
[2733.913s][info][gc             ] GC(514) Pause Remark 1813M->1813M(4096M) 4.854ms
[2733.914s][info][gc,cpu         ] GC(514) User=0.02s Sys=0.00s Real=0.01s
[2733.914s][info][gc,marking     ] GC(514) Concurrent Mark 616.285ms
[2733.914s][info][gc,marking     ] GC(514) Concurrent Rebuild Remembered Sets and Scrub Regions
[2734.138s][info][gc,marking     ] GC(514) Concurrent Rebuild Remembered Sets and Scrub Regions 224.741ms
[2734.139s][info][gc,start       ] GC(514) Pause Cleanup
[2734.139s][info][gc             ] GC(514) Pause Cleanup 1922M->1922M(4096M) 0.126ms
[2734.139s][info][gc,cpu         ] GC(514) User=0.00s Sys=0.00s Real=0.00s
[2734.139s][info][gc,marking     ] GC(514) Concurrent Clear Claimed Marks
[2734.139s][info][gc,marking     ] GC(514) Concurrent Clear Claimed Marks 0.030ms
[2734.139s][info][gc,marking     ] GC(514) Concurrent Cleanup for Next Mark
[2734.142s][info][gc,marking     ] GC(514) Concurrent Cleanup for Next Mark 3.302ms
[2734.142s][info][gc             ] GC(514) Concurrent Mark Cycle 988.683ms
...[2737.240s][info][gc,start       ] GC(515) Pause Young (Prepare Mixed) (G1 Evacuation Pause)
[2737.240s][info][gc,task        ] GC(515) Using 6 workers of 6 for evacuation
[2737.355s][info][gc,phases      ] GC(515)   Pre Evacuate Collection Set: 0.38ms
[2737.355s][info][gc,phases      ] GC(515)   Merge Heap Roots: 0.56ms
[2737.355s][info][gc,phases      ] GC(515)   Evacuate Collection Set: 113.54ms
[2737.355s][info][gc,phases      ] GC(515)   Post Evacuate Collection Set: 0.96ms
[2737.355s][info][gc,phases      ] GC(515)   Other: 0.10ms
[2737.355s][info][gc,heap        ] GC(515) Eden regions: 1117->0(1113)
[2737.355s][info][gc,heap        ] GC(515) Survivor regions: 111->108(154)
[2737.355s][info][gc,heap        ] GC(515) Old regions: 504->536
[2737.355s][info][gc,heap        ] GC(515) Humongous regions: 80->80
[2737.355s][info][gc,metaspace   ] GC(515) Metaspace: 28977K(29312K)->28977K(29312K) NonClass: 24097K(24256K)->24097K(24256K) Class: 4880K(5056K)->4880K(5056K)
[2737.355s][info][gc             ] GC(515) Pause Young (Prepare Mixed) (G1 Evacuation Pause) 3621M->1444M(4096M) 115.675ms
[2737.356s][info][gc,cpu         ] GC(515) User=0.68s Sys=0.00s Real=0.12s
....[2741.519s][info][gc,start       ] GC(516) Pause Young (Mixed) (G1 Evacuation Pause)
[2741.519s][info][gc,task        ] GC(516) Using 6 workers of 6 for evacuation
[2741.650s][info][gc,phases      ] GC(516)   Pre Evacuate Collection Set: 0.43ms
[2741.650s][info][gc,phases      ] GC(516)   Merge Heap Roots: 0.69ms
[2741.650s][info][gc,phases      ] GC(516)   Evacuate Collection Set: 128.62ms
[2741.650s][info][gc,phases      ] GC(516)   Post Evacuate Collection Set: 1.01ms
[2741.650s][info][gc,phases      ] GC(516)   Other: 0.09ms
[2741.650s][info][gc,heap        ] GC(516) Eden regions: 1113->0(1120)
[2741.650s][info][gc,heap        ] GC(516) Survivor regions: 108->108(153)
[2741.650s][info][gc,heap        ] GC(516) Old regions: 536->474
[2741.650s][info][gc,heap        ] GC(516) Humongous regions: 80->80
[2741.650s][info][gc,metaspace   ] GC(516) Metaspace: 28977K(29312K)->28977K(29312K) NonClass: 24097K(24256K)->24097K(24256K) Class: 4880K(5056K)->4880K(5056K)
[2741.650s][info][gc             ] GC(516) Pause Young (Mixed) (G1 Evacuation Pause) 3670M->1320M(4096M) 130.974ms
[2741.650s][info][gc,cpu         ] GC(516) User=0.77s Sys=0.00s Real=0.13s
.....[2745.815s][info][gc,start       ] GC(517) Pause Young (Concurrent Start) (G1 Evacuation Pause)
[2745.815s][info][gc,task        ] GC(517) Using 6 workers of 6 for evacuation
[2745.933s][info][gc,phases      ] GC(517)   Pre Evacuate Collection Set: 0.40ms
[2745.933s][info][gc,phases      ] GC(517)   Merge Heap Roots: 0.48ms
[2745.933s][info][gc,phases      ] GC(517)   Evacuate Collection Set: 115.58ms
[2745.933s][info][gc,phases      ] GC(517)   Post Evacuate Collection Set: 0.93ms
[2745.933s][info][gc,phases      ] GC(517)   Other: 0.11ms
[2745.933s][info][gc,heap        ] GC(517) Eden regions: 1120->0(1118)
[2745.933s][info][gc,heap        ] GC(517) Survivor regions: 108->110(154)
[2745.933s][info][gc,heap        ] GC(517) Old regions: 474->506
[2745.933s][info][gc,heap        ] GC(517) Humongous regions: 80->80
[2745.933s][info][gc,metaspace   ] GC(517) Metaspace: 28977K(29312K)->28977K(29312K) NonClass: 24097K(24256K)->24097K(24256K) Class: 4880K(5056K)->4880K(5056K)
[2745.933s][info][gc             ] GC(517) Pause Young (Concurrent Start) (G1 Evacuation Pause) 3560M->1388M(4096M) 117.633ms
[2745.933s][info][gc             ] GC(518) Concurrent Mark Cycle
[2745.933s][info][gc,marking     ] GC(518) Concurrent Scan Root Regions
[2745.933s][info][gc,cpu         ] GC(517) User=0.70s Sys=0.00s Real=0.12s
[2746.076s][info][gc,marking     ] GC(518) Concurrent Scan Root Regions 143.150ms
[2746.076s][info][gc,marking     ] GC(518) Concurrent Mark
[2746.076s][info][gc,marking     ] GC(518) Concurrent Mark From Roots
[2746.076s][info][gc,task        ] GC(518) Using 2 workers of 2 for marking
.[2746.726s][info][gc,marking     ] GC(518) Concurrent Mark From Roots 650.250ms
[2746.726s][info][gc,marking     ] GC(518) Concurrent Preclean
[2746.726s][info][gc,marking     ] GC(518) Concurrent Preclean 0.107ms
[2746.728s][info][gc,start       ] GC(518) Pause Remark
[2746.734s][info][gc             ] GC(518) Pause Remark 1910M->1910M(4096M) 5.808ms
[2746.734s][info][gc,cpu         ] GC(518) User=0.03s Sys=0.01s Real=0.01s
[2746.736s][info][gc,marking     ] GC(518) Concurrent Mark 659.835ms
[2746.736s][info][gc,marking     ] GC(518) Concurrent Rebuild Remembered Sets and Scrub Regions
[2746.966s][info][gc,marking     ] GC(518) Concurrent Rebuild Remembered Sets and Scrub Regions 229.953ms
[2746.966s][info][gc,start       ] GC(518) Pause Cleanup
[2746.966s][info][gc             ] GC(518) Pause Cleanup 2023M->2023M(4096M) 0.114ms
[2746.966s][info][gc,cpu         ] GC(518) User=0.00s Sys=0.00s Real=0.00s
[2746.966s][info][gc,marking     ] GC(518) Concurrent Clear Claimed Marks
[2746.966s][info][gc,marking     ] GC(518) Concurrent Clear Claimed Marks 0.027ms
[2746.966s][info][gc,marking     ] GC(518) Concurrent Cleanup for Next Mark
[2746.969s][info][gc,marking     ] GC(518) Concurrent Cleanup for Next Mark 3.219ms
[2746.969s][info][gc             ] GC(518) Concurrent Mark Cycle 1036.672ms
...[2750.009s][info][gc,start       ] GC(519) Pause Young (Prepare Mixed) (G1 Evacuation Pause)
[2750.009s][info][gc,task        ] GC(519) Using 6 workers of 6 for evacuation
[2750.126s][info][gc,phases      ] GC(519)   Pre Evacuate Collection Set: 0.38ms
[2750.126s][info][gc,phases      ] GC(519)   Merge Heap Roots: 0.53ms
[2750.126s][info][gc,phases      ] GC(519)   Evacuate Collection Set: 115.47ms
[2750.126s][info][gc,phases      ] GC(519)   Post Evacuate Collection Set: 0.97ms
[2750.126s][info][gc,phases      ] GC(519)   Other: 0.09ms
[2750.126s][info][gc,heap        ] GC(519) Eden regions: 1118->0(1107)
[2750.126s][info][gc,heap        ] GC(519) Survivor regions: 110->110(154)
[2750.126s][info][gc,heap        ] GC(519) Old regions: 506->538
[2750.126s][info][gc,heap        ] GC(519) Humongous regions: 80->80
[2750.126s][info][gc,metaspace   ] GC(519) Metaspace: 28974K(29312K)->28974K(29312K) NonClass: 24095K(24256K)->24095K(24256K) Class: 4879K(5056K)->4879K(5056K)
[2750.126s][info][gc             ] GC(519) Pause Young (Prepare Mixed) (G1 Evacuation Pause) 3624M->1452M(4096M) 117.580ms
[2750.127s][info][gc,cpu         ] GC(519) User=0.69s Sys=0.00s Real=0.12s
....[2754.270s][info][gc,start       ] GC(520) Pause Young (Mixed) (G1 Evacuation Pause)
[2754.270s][info][gc,task        ] GC(520) Using 6 workers of 6 for evacuation
[2754.403s][info][gc,phases      ] GC(520)   Pre Evacuate Collection Set: 0.39ms
[2754.403s][info][gc,phases      ] GC(520)   Merge Heap Roots: 0.73ms
[2754.403s][info][gc,phases      ] GC(520)   Evacuate Collection Set: 130.69ms
[2754.403s][info][gc,phases      ] GC(520)   Post Evacuate Collection Set: 0.99ms
[2754.403s][info][gc,phases      ] GC(520)   Other: 0.10ms
[2754.403s][info][gc,heap        ] GC(520) Eden regions: 1107->0(1120)
[2754.403s][info][gc,heap        ] GC(520) Survivor regions: 110->108(153)
[2754.403s][info][gc,heap        ] GC(520) Old regions: 538->473
[2754.403s][info][gc,heap        ] GC(520) Humongous regions: 80->80
[2754.403s][info][gc,metaspace   ] GC(520) Metaspace: 28974K(29312K)->28974K(29312K) NonClass: 24095K(24256K)->24095K(24256K) Class: 4879K(5056K)->4879K(5056K)
[2754.403s][info][gc             ] GC(520) Pause Young (Mixed) (G1 Evacuation Pause) 3666M->1319M(4096M) 133.028ms
[2754.403s][info][gc,cpu         ] GC(520) User=0.79s Sys=0.00s Real=0.14s
... (rIR:aIR:PR = 4428:4427:4427) (tPR = 65797) [OK] 
  2756s: Performance info:
         Transaction,    Success,    Partial,     Failed,   Receipts, AvgBarcode, 
             Overall,     266660,          0,          0,     253309,      59.48, 
         Response times:
             Request,    Success,    Partial,     Failed,   SkipFail,     Probes,    Samples,      min,      p50,      p90,      p95,      p99,      max, 
       TotalPurchase,     253309,          0,          0,          0,     248493,     296141,      300,     3600,     6600,    10800,    53000,   259000,
     InStorePurchase,     133377,          0,          0,          0,     130896,     155792,      300,     3600,     6600,    11000,    54000,   199000,
      OnlinePurchase,      93261,          0,          0,          0,      91757,     109453,      300,     3400,     6500,    10500,    53000,   259000,
        InstPurchase,      26671,          0,          0,          0,      25840,      30896,      400,     3900,     6700,    11000,    54000,   150000,
          AssocOfCat,        267,          0,          0,          0,        212,        322,    23000,    31000,    40000,    51700,   133000,   169000,
      AssocOfProduct,       2675,          0,          0,          0,       2450,       3058,      600,     4300,     7100,    14110,    56000,   136000,
      BusinessReport,        667,          0,          0,          0,        585,        816,    22000,    34000,    52000,    72000,   175320,   227000,
          CustBuyBeh,       2676,          0,          0,          0,       2435,       3052,      500,     3850,     7070,    14905,    53000,   140000,
       ProductReturn,       7066,          0,          0,          0,       6741,       8354,      200,     3900,     6600,    11400,    53000,   199000,

  2756s: (33%)   IR =   4566 .[2758.469s][info][gc,start       ] GC(521) Pause Young (Concurrent Start) (G1 Evacuation Pause)
[2758.469s][info][gc,task        ] GC(521) Using 6 workers of 6 for evacuation
[2758.585s][info][gc,phases      ] GC(521)   Pre Evacuate Collection Set: 0.46ms
[2758.585s][info][gc,phases      ] GC(521)   Merge Heap Roots: 0.49ms
[2758.585s][info][gc,phases      ] GC(521)   Evacuate Collection Set: 114.01ms
[2758.585s][info][gc,phases      ] GC(521)   Post Evacuate Collection Set: 0.93ms
[2758.585s][info][gc,phases      ] GC(521)   Other: 0.12ms
[2758.585s][info][gc,heap        ] GC(521) Eden regions: 1120->0(1119)
[2758.585s][info][gc,heap        ] GC(521) Survivor regions: 108->109(154)
[2758.585s][info][gc,heap        ] GC(521) Old regions: 473->505
[2758.585s][info][gc,heap        ] GC(521) Humongous regions: 80->80
[2758.585s][info][gc,metaspace   ] GC(521) Metaspace: 28974K(29312K)->28974K(29312K) NonClass: 24095K(24256K)->24095K(24256K) Class: 4879K(5056K)->4879K(5056K)
[2758.585s][info][gc             ] GC(521) Pause Young (Concurrent Start) (G1 Evacuation Pause) 3559M->1384M(4096M) 116.148ms
[2758.585s][info][gc             ] GC(522) Concurrent Mark Cycle
[2758.585s][info][gc,marking     ] GC(522) Concurrent Scan Root Regions
[2758.585s][info][gc,cpu         ] GC(521) User=0.68s Sys=0.00s Real=0.12s
[2758.724s][info][gc,marking     ] GC(522) Concurrent Scan Root Regions 138.841ms
[2758.724s][info][gc,marking     ] GC(522) Concurrent Mark
[2758.724s][info][gc,marking     ] GC(522) Concurrent Mark From Roots
[2758.724s][info][gc,task        ] GC(522) Using 2 workers of 2 for marking
.[2759.324s][info][gc,marking     ] GC(522) Concurrent Mark From Roots 600.176ms
[2759.324s][info][gc,marking     ] GC(522) Concurrent Preclean
[2759.324s][info][gc,marking     ] GC(522) Concurrent Preclean 0.098ms
[2759.324s][info][gc,start       ] GC(522) Pause Remark
[2759.328s][info][gc             ] GC(522) Pause Remark 1801M->1801M(4096M) 4.374ms
[2759.329s][info][gc,cpu         ] GC(522) User=0.03s Sys=0.00s Real=0.00s
[2759.329s][info][gc,marking     ] GC(522) Concurrent Mark 604.955ms
[2759.329s][info][gc,marking     ] GC(522) Concurrent Rebuild Remembered Sets and Scrub Regions
[2759.679s][info][gc,marking     ] GC(522) Concurrent Rebuild Remembered Sets and Scrub Regions 350.770ms
[2759.680s][info][gc,start       ] GC(522) Pause Cleanup
[2759.680s][info][gc             ] GC(522) Pause Cleanup 1997M->1997M(4096M) 0.127ms
[2759.680s][info][gc,cpu         ] GC(522) User=0.00s Sys=0.00s Real=0.00s
[2759.680s][info][gc,marking     ] GC(522) Concurrent Clear Claimed Marks
[2759.680s][info][gc,marking     ] GC(522) Concurrent Clear Claimed Marks 0.026ms
[2759.680s][info][gc,marking     ] GC(522) Concurrent Cleanup for Next Mark
[2759.684s][info][gc,marking     ] GC(522) Concurrent Cleanup for Next Mark 4.089ms
[2759.684s][info][gc             ] GC(522) Concurrent Mark Cycle 1099.127ms
...[2762.588s][info][gc,start       ] GC(523) Pause Young (Prepare Mixed) (G1 Evacuation Pause)
[2762.588s][info][gc,task        ] GC(523) Using 6 workers of 6 for evacuation
[2762.712s][info][gc,phases      ] GC(523)   Pre Evacuate Collection Set: 0.36ms
[2762.712s][info][gc,phases      ] GC(523)   Merge Heap Roots: 0.51ms
[2762.712s][info][gc,phases      ] GC(523)   Evacuate Collection Set: 121.92ms
[2762.712s][info][gc,phases      ] GC(523)   Post Evacuate Collection Set: 0.97ms
[2762.712s][info][gc,phases      ] GC(523)   Other: 0.08ms
[2762.712s][info][gc,heap        ] GC(523) Eden regions: 1119->0(1099)
[2762.712s][info][gc,heap        ] GC(523) Survivor regions: 109->115(154)
[2762.712s][info][gc,heap        ] GC(523) Old regions: 505->536
[2762.712s][info][gc,heap        ] GC(523) Humongous regions: 80->80
[2762.712s][info][gc,metaspace   ] GC(523) Metaspace: 28974K(29312K)->28974K(29312K) NonClass: 24095K(24256K)->24095K(24256K) Class: 4879K(5056K)->4879K(5056K)
[2762.712s][info][gc             ] GC(523) Pause Young (Prepare Mixed) (G1 Evacuation Pause) 3622M->1459M(4096M) 123.964ms
[2762.712s][info][gc,cpu         ] GC(523) User=0.74s Sys=0.00s Real=0.12s
..|..[2766.725s][info][gc,start       ] GC(524) Pause Young (Mixed) (G1 Evacuation Pause)
[2766.725s][info][gc,task        ] GC(524) Using 6 workers of 6 for evacuation
[2766.855s][info][gc,phases      ] GC(524)   Pre Evacuate Collection Set: 0.40ms
[2766.856s][info][gc,phases      ] GC(524)   Merge Heap Roots: 0.61ms
[2766.856s][info][gc,phases      ] GC(524)   Evacuate Collection Set: 128.07ms
[2766.856s][info][gc,phases      ] GC(524)   Post Evacuate Collection Set: 0.98ms
[2766.856s][info][gc,phases      ] GC(524)   Other: 0.09ms
[2766.856s][info][gc,heap        ] GC(524) Eden regions: 1099->0(1120)
[2766.856s][info][gc,heap        ] GC(524) Survivor regions: 115->108(152)
[2766.856s][info][gc,heap        ] GC(524) Old regions: 536->473
[2766.856s][info][gc,heap        ] GC(524) Humongous regions: 80->80
[2766.856s][info][gc,metaspace   ] GC(524) Metaspace: 28974K(29312K)->28974K(29312K) NonClass: 24095K(24256K)->24095K(24256K) Class: 4879K(5056K)->4879K(5056K)
[2766.856s][info][gc             ] GC(524) Pause Young (Mixed) (G1 Evacuation Pause) 3657M->1319M(4096M) 130.295ms
[2766.856s][info][gc,cpu         ] GC(524) User=0.77s Sys=0.00s Real=0.13s
....[2770.816s][info][gc,start       ] GC(525) Pause Young (Concurrent Start) (G1 Evacuation Pause)
[2770.816s][info][gc,task        ] GC(525) Using 6 workers of 6 for evacuation
[2770.933s][info][gc,phases      ] GC(525)   Pre Evacuate Collection Set: 0.43ms
[2770.933s][info][gc,phases      ] GC(525)   Merge Heap Roots: 0.50ms
[2770.933s][info][gc,phases      ] GC(525)   Evacuate Collection Set: 114.46ms
[2770.933s][info][gc,phases      ] GC(525)   Post Evacuate Collection Set: 0.94ms
[2770.933s][info][gc,phases      ] GC(525)   Other: 0.10ms
[2770.933s][info][gc,heap        ] GC(525) Eden regions: 1120->0(1120)
[2770.933s][info][gc,heap        ] GC(525) Survivor regions: 108->108(154)
[2770.933s][info][gc,heap        ] GC(525) Old regions: 473->504
[2770.933s][info][gc,heap        ] GC(525) Humongous regions: 80->80
[2770.933s][info][gc,metaspace   ] GC(525) Metaspace: 28974K(29312K)->28974K(29312K) NonClass: 24095K(24256K)->24095K(24256K) Class: 4879K(5056K)->4879K(5056K)
[2770.933s][info][gc             ] GC(525) Pause Young (Concurrent Start) (G1 Evacuation Pause) 3559M->1382M(4096M) 116.576ms
[2770.933s][info][gc             ] GC(526) Concurrent Mark Cycle
[2770.933s][info][gc,marking     ] GC(526) Concurrent Scan Root Regions
[2770.933s][info][gc,cpu         ] GC(525) User=0.69s Sys=0.00s Real=0.12s
.[2771.115s][info][gc,marking     ] GC(526) Concurrent Scan Root Regions 182.477ms
[2771.115s][info][gc,marking     ] GC(526) Concurrent Mark
[2771.115s][info][gc,marking     ] GC(526) Concurrent Mark From Roots
[2771.115s][info][gc,task        ] GC(526) Using 2 workers of 2 for marking
.[2772.038s][info][gc,marking     ] GC(526) Concurrent Mark From Roots 922.549ms
[2772.038s][info][gc,marking     ] GC(526) Concurrent Preclean
[2772.038s][info][gc,marking     ] GC(526) Concurrent Preclean 0.081ms
[2772.038s][info][gc,start       ] GC(526) Pause Remark
[2772.043s][info][gc             ] GC(526) Pause Remark 2049M->2049M(4096M) 5.458ms
[2772.044s][info][gc,cpu         ] GC(526) User=0.03s Sys=0.00s Real=0.01s
[2772.044s][info][gc,marking     ] GC(526) Concurrent Mark 928.358ms
[2772.044s][info][gc,marking     ] GC(526) Concurrent Rebuild Remembered Sets and Scrub Regions
[2772.319s][info][gc,marking     ] GC(526) Concurrent Rebuild Remembered Sets and Scrub Regions 275.869ms
[2772.320s][info][gc,start       ] GC(526) Pause Cleanup
[2772.320s][info][gc             ] GC(526) Pause Cleanup 2183M->2183M(4096M) 0.119ms
[2772.320s][info][gc,cpu         ] GC(526) User=0.00s Sys=0.00s Real=0.00s
[2772.320s][info][gc,marking     ] GC(526) Concurrent Clear Claimed Marks
[2772.320s][info][gc,marking     ] GC(526) Concurrent Clear Claimed Marks 0.026ms
[2772.320s][info][gc,marking     ] GC(526) Concurrent Cleanup for Next Mark
[2772.323s][info][gc,marking     ] GC(526) Concurrent Cleanup for Next Mark 3.216ms
[2772.323s][info][gc             ] GC(526) Concurrent Mark Cycle 1390.357ms
...[2774.983s][info][gc,start       ] GC(527) Pause Young (Prepare Mixed) (G1 Evacuation Pause)
[2774.983s][info][gc,task        ] GC(527) Using 6 workers of 6 for evacuation
[2775.101s][info][gc,phases      ] GC(527)   Pre Evacuate Collection Set: 0.32ms
[2775.101s][info][gc,phases      ] GC(527)   Merge Heap Roots: 0.54ms
[2775.101s][info][gc,phases      ] GC(527)   Evacuate Collection Set: 116.09ms
[2775.101s][info][gc,phases      ] GC(527)   Post Evacuate Collection Set: 0.94ms
[2775.101s][info][gc,phases      ] GC(527)   Other: 0.10ms
[2775.101s][info][gc,heap        ] GC(527) Eden regions: 1120->0(1105)
[2775.101s][info][gc,heap        ] GC(527) Survivor regions: 108->112(154)
[2775.101s][info][gc,heap        ] GC(527) Old regions: 504->536
[2775.101s][info][gc,heap        ] GC(527) Humongous regions: 80->80
[2775.101s][info][gc,metaspace   ] GC(527) Metaspace: 28974K(29312K)->28974K(29312K) NonClass: 24095K(24256K)->24095K(24256K) Class: 4879K(5056K)->4879K(5056K)
[2775.101s][info][gc             ] GC(527) Pause Young (Prepare Mixed) (G1 Evacuation Pause) 3622M->1453M(4096M) 118.124ms
[2775.102s][info][gc,cpu         ] GC(527) User=0.70s Sys=0.00s Real=0.11s
....[2779.108s][info][gc,start       ] GC(528) Pause Young (Mixed) (G1 Evacuation Pause)
[2779.108s][info][gc,task        ] GC(528) Using 6 workers of 6 for evacuation
[2779.241s][info][gc,phases      ] GC(528)   Pre Evacuate Collection Set: 0.39ms
[2779.241s][info][gc,phases      ] GC(528)   Merge Heap Roots: 0.65ms
[2779.241s][info][gc,phases      ] GC(528)   Evacuate Collection Set: 131.39ms
[2779.241s][info][gc,phases      ] GC(528)   Post Evacuate Collection Set: 0.96ms
[2779.241s][info][gc,phases      ] GC(528)   Other: 0.09ms
[2779.241s][info][gc,heap        ] GC(528) Eden regions: 1105->0(1117)
[2779.241s][info][gc,heap        ] GC(528) Survivor regions: 112->111(153)
[2779.241s][info][gc,heap        ] GC(528) Old regions: 536->473
[2779.241s][info][gc,heap        ] GC(528) Humongous regions: 80->80
[2779.241s][info][gc,metaspace   ] GC(528) Metaspace: 28974K(29312K)->28974K(29312K) NonClass: 24095K(24256K)->24095K(24256K) Class: 4879K(5056K)->4879K(5056K)
[2779.241s][info][gc             ] GC(528) Pause Young (Mixed) (G1 Evacuation Pause) 3663M->1324M(4096M) 133.623ms
[2779.241s][info][gc,cpu         ] GC(528) User=0.79s Sys=0.00s Real=0.13s
....[2783.226s][info][gc,start       ] GC(529) Pause Young (Concurrent Start) (G1 Evacuation Pause)
[2783.227s][info][gc,task        ] GC(529) Using 6 workers of 6 for evacuation
[2783.345s][info][gc,phases      ] GC(529)   Pre Evacuate Collection Set: 0.41ms
[2783.345s][info][gc,phases      ] GC(529)   Merge Heap Roots: 0.49ms
[2783.345s][info][gc,phases      ] GC(529)   Evacuate Collection Set: 116.47ms
[2783.345s][info][gc,phases      ] GC(529)   Post Evacuate Collection Set: 0.91ms
[2783.345s][info][gc,phases      ] GC(529)   Other: 0.13ms
[2783.345s][info][gc,heap        ] GC(529) Eden regions: 1117->0(1119)
[2783.345s][info][gc,heap        ] GC(529) Survivor regions: 111->109(154)
[2783.345s][info][gc,heap        ] GC(529) Old regions: 473->505
[2783.345s][info][gc,heap        ] GC(529) Humongous regions: 80->80
[2783.345s][info][gc,metaspace   ] GC(529) Metaspace: 28974K(29312K)->28974K(29312K) NonClass: 24095K(24256K)->24095K(24256K) Class: 4879K(5056K)->4879K(5056K)
[2783.345s][info][gc             ] GC(529) Pause Young (Concurrent Start) (G1 Evacuation Pause) 3558M->1385M(4096M) 118.559ms
[2783.345s][info][gc             ] GC(530) Concurrent Mark Cycle
[2783.345s][info][gc,marking     ] GC(530) Concurrent Scan Root Regions
[2783.345s][info][gc,cpu         ] GC(529) User=0.71s Sys=0.00s Real=0.12s
[2783.535s][info][gc,marking     ] GC(530) Concurrent Scan Root Regions 189.785ms
[2783.535s][info][gc,marking     ] GC(530) Concurrent Mark
[2783.535s][info][gc,marking     ] GC(530) Concurrent Mark From Roots
[2783.535s][info][gc,task        ] GC(530) Using 2 workers of 2 for marking
.[2784.214s][info][gc,marking     ] GC(530) Concurrent Mark From Roots 679.302ms
[2784.214s][info][gc,marking     ] GC(530) Concurrent Preclean
[2784.214s][info][gc,marking     ] GC(530) Concurrent Preclean 0.084ms
[2784.215s][info][gc,start       ] GC(530) Pause Remark
[2784.219s][info][gc             ] GC(530) Pause Remark 1937M->1937M(4096M) 4.639ms
[2784.219s][info][gc,cpu         ] GC(530) User=0.02s Sys=0.00s Real=0.00s
[2784.219s][info][gc,marking     ] GC(530) Concurrent Mark 684.312ms
[2784.219s][info][gc,marking     ] GC(530) Concurrent Rebuild Remembered Sets and Scrub Regions
[2784.460s][info][gc,marking     ] GC(530) Concurrent Rebuild Remembered Sets and Scrub Regions 240.855ms
[2784.460s][info][gc,start       ] GC(530) Pause Cleanup
[2784.460s][info][gc             ] GC(530) Pause Cleanup 2059M->2059M(4096M) 0.131ms
[2784.460s][info][gc,cpu         ] GC(530) User=0.00s Sys=0.00s Real=0.00s
[2784.461s][info][gc,marking     ] GC(530) Concurrent Clear Claimed Marks
[2784.461s][info][gc,marking     ] GC(530) Concurrent Clear Claimed Marks 0.032ms
[2784.461s][info][gc,marking     ] GC(530) Concurrent Cleanup for Next Mark
[2784.466s][info][gc,marking     ] GC(530) Concurrent Cleanup for Next Mark 4.951ms
[2784.466s][info][gc             ] GC(530) Concurrent Mark Cycle 1120.507ms
...[2787.345s][info][gc,start       ] GC(531) Pause Young (Prepare Mixed) (G1 Evacuation Pause)
[2787.346s][info][gc,task        ] GC(531) Using 6 workers of 6 for evacuation
[2787.464s][info][gc,phases      ] GC(531)   Pre Evacuate Collection Set: 0.36ms
[2787.464s][info][gc,phases      ] GC(531)   Merge Heap Roots: 0.54ms
[2787.464s][info][gc,phases      ] GC(531)   Evacuate Collection Set: 116.80ms
[2787.464s][info][gc,phases      ] GC(531)   Post Evacuate Collection Set: 0.94ms
[2787.464s][info][gc,phases      ] GC(531)   Other: 0.09ms
[2787.464s][info][gc,heap        ] GC(531) Eden regions: 1119->0(1106)
[2787.464s][info][gc,heap        ] GC(531) Survivor regions: 109->111(154)
[2787.464s][info][gc,heap        ] GC(531) Old regions: 505->537
[2787.464s][info][gc,heap        ] GC(531) Humongous regions: 80->80
[2787.464s][info][gc,metaspace   ] GC(531) Metaspace: 28974K(29312K)->28974K(29312K) NonClass: 24095K(24256K)->24095K(24256K) Class: 4879K(5056K)->4879K(5056K)
[2787.464s][info][gc             ] GC(531) Pause Young (Prepare Mixed) (G1 Evacuation Pause) 3623M->1452M(4096M) 118.869ms
[2787.464s][info][gc,cpu         ] GC(531) User=0.70s Sys=0.00s Real=0.12s
....[2791.474s][info][gc,start       ] GC(532) Pause Young (Mixed) (G1 Evacuation Pause)
[2791.474s][info][gc,task        ] GC(532) Using 6 workers of 6 for evacuation
[2791.602s][info][gc,phases      ] GC(532)   Pre Evacuate Collection Set: 0.39ms
[2791.602s][info][gc,phases      ] GC(532)   Merge Heap Roots: 0.60ms
[2791.602s][info][gc,phases      ] GC(532)   Evacuate Collection Set: 126.50ms
[2791.602s][info][gc,phases      ] GC(532)   Post Evacuate Collection Set: 0.95ms
[2791.602s][info][gc,phases      ] GC(532)   Other: 0.09ms
[2791.602s][info][gc,heap        ] GC(532) Eden regions: 1106->0(1120)
[2791.602s][info][gc,heap        ] GC(532) Survivor regions: 111->108(153)
[2791.602s][info][gc,heap        ] GC(532) Old regions: 537->473
[2791.602s][info][gc,heap        ] GC(532) Humongous regions: 80->80
[2791.602s][info][gc,metaspace   ] GC(532) Metaspace: 28974K(29312K)->28974K(29312K) NonClass: 24095K(24256K)->24095K(24256K) Class: 4879K(5056K)->4879K(5056K)
[2791.602s][info][gc             ] GC(532) Pause Young (Mixed) (G1 Evacuation Pause) 3664M->1319M(4096M) 128.682ms
[2791.602s][info][gc,cpu         ] GC(532) User=0.76s Sys=0.00s Real=0.13s
....[2795.547s][info][gc,start       ] GC(533) Pause Young (Concurrent Start) (G1 Evacuation Pause)
[2795.547s][info][gc,task        ] GC(533) Using 6 workers of 6 for evacuation
[2795.663s][info][gc,phases      ] GC(533)   Pre Evacuate Collection Set: 0.41ms
[2795.663s][info][gc,phases      ] GC(533)   Merge Heap Roots: 0.47ms
[2795.663s][info][gc,phases      ] GC(533)   Evacuate Collection Set: 113.85ms
[2795.663s][info][gc,phases      ] GC(533)   Post Evacuate Collection Set: 0.90ms
[2795.663s][info][gc,phases      ] GC(533)   Other: 0.12ms
[2795.663s][info][gc,heap        ] GC(533) Eden regions: 1120->0(1120)
[2795.663s][info][gc,heap        ] GC(533) Survivor regions: 108->108(154)
[2795.663s][info][gc,heap        ] GC(533) Old regions: 473->505
[2795.663s][info][gc,heap        ] GC(533) Humongous regions: 80->80
[2795.663s][info][gc,metaspace   ] GC(533) Metaspace: 28974K(29312K)->28974K(29312K) NonClass: 24095K(24256K)->24095K(24256K) Class: 4879K(5056K)->4879K(5056K)
[2795.663s][info][gc             ] GC(533) Pause Young (Concurrent Start) (G1 Evacuation Pause) 3559M->1382M(4096M) 115.867ms
[2795.663s][info][gc             ] GC(534) Concurrent Mark Cycle
[2795.663s][info][gc,marking     ] GC(534) Concurrent Scan Root Regions
[2795.663s][info][gc,cpu         ] GC(533) User=0.68s Sys=0.00s Real=0.12s
[2795.842s][info][gc,marking     ] GC(534) Concurrent Scan Root Regions 179.312ms
[2795.842s][info][gc,marking     ] GC(534) Concurrent Mark
[2795.842s][info][gc,marking     ] GC(534) Concurrent Mark From Roots
[2795.842s][info][gc,task        ] GC(534) Using 2 workers of 2 for marking
.[2796.575s][info][gc,marking     ] GC(534) Concurrent Mark From Roots 732.819ms
[2796.575s][info][gc,marking     ] GC(534) Concurrent Preclean
[2796.575s][info][gc,marking     ] GC(534) Concurrent Preclean 0.090ms
[2796.575s][info][gc,start       ] GC(534) Pause Remark
[2796.580s][info][gc             ] GC(534) Pause Remark 1948M->1948M(4096M) 5.048ms
[2796.580s][info][gc,cpu         ] GC(534) User=0.02s Sys=0.00s Real=0.00s
[2796.580s][info][gc,marking     ] GC(534) Concurrent Mark 738.211ms
[2796.580s][info][gc,marking     ] GC(534) Concurrent Rebuild Remembered Sets and Scrub Regions
[2796.832s][info][gc,marking     ] GC(534) Concurrent Rebuild Remembered Sets and Scrub Regions 251.465ms
[2796.833s][info][gc,start       ] GC(534) Pause Cleanup
[2796.833s][info][gc             ] GC(534) Pause Cleanup 2078M->2078M(4096M) 0.148ms
[2796.833s][info][gc,cpu         ] GC(534) User=0.00s Sys=0.00s Real=0.00s
[2796.833s][info][gc,marking     ] GC(534) Concurrent Clear Claimed Marks
[2796.833s][info][gc,marking     ] GC(534) Concurrent Clear Claimed Marks 0.040ms
[2796.833s][info][gc,marking     ] GC(534) Concurrent Cleanup for Next Mark
[2796.837s][info][gc,marking     ] GC(534) Concurrent Cleanup for Next Mark 3.440ms
[2796.837s][info][gc             ] GC(534) Concurrent Mark Cycle 1174.154ms
...[2799.719s][info][gc,start       ] GC(535) Pause Young (Prepare Mixed) (G1 Evacuation Pause)
[2799.719s][info][gc,task        ] GC(535) Using 6 workers of 6 for evacuation
[2799.835s][info][gc,phases      ] GC(535)   Pre Evacuate Collection Set: 0.39ms
[2799.835s][info][gc,phases      ] GC(535)   Merge Heap Roots: 0.51ms
[2799.835s][info][gc,phases      ] GC(535)   Evacuate Collection Set: 113.98ms
[2799.835s][info][gc,phases      ] GC(535)   Post Evacuate Collection Set: 0.94ms
[2799.835s][info][gc,phases      ] GC(535)   Other: 0.09ms
[2799.835s][info][gc,heap        ] GC(535) Eden regions: 1120->0(1112)
[2799.835s][info][gc,heap        ] GC(535) Survivor regions: 108->108(154)
[2799.835s][info][gc,heap        ] GC(535) Old regions: 505->537
[2799.835s][info][gc,heap        ] GC(535) Humongous regions: 80->80
[2799.835s][info][gc,metaspace   ] GC(535) Metaspace: 28974K(29312K)->28974K(29312K) NonClass: 24095K(24256K)->24095K(24256K) Class: 4879K(5056K)->4879K(5056K)
[2799.835s][info][gc             ] GC(535) Pause Young (Prepare Mixed) (G1 Evacuation Pause) 3622M->1447M(4096M) 116.078ms
[2799.835s][info][gc,cpu         ] GC(535) User=0.69s Sys=0.00s Real=0.12s
....[2803.873s][info][gc,start       ] GC(536) Pause Young (Mixed) (G1 Evacuation Pause)
[2803.873s][info][gc,task        ] GC(536) Using 6 workers of 6 for evacuation
[2804.005s][info][gc,phases      ] GC(536)   Pre Evacuate Collection Set: 0.42ms
[2804.005s][info][gc,phases      ] GC(536)   Merge Heap Roots: 0.67ms
[2804.005s][info][gc,phases      ] GC(536)   Evacuate Collection Set: 129.87ms
[2804.005s][info][gc,phases      ] GC(536)   Post Evacuate Collection Set: 0.98ms
[2804.005s][info][gc,phases      ] GC(536)   Other: 0.10ms
[2804.005s][info][gc,heap        ] GC(536) Eden regions: 1112->0(1118)
[2804.005s][info][gc,heap        ] GC(536) Survivor regions: 108->110(153)
[2804.005s][info][gc,heap        ] GC(536) Old regions: 537->472
[2804.005s][info][gc,heap        ] GC(536) Humongous regions: 80->80
[2804.005s][info][gc,metaspace   ] GC(536) Metaspace: 28974K(29312K)->28974K(29312K) NonClass: 24095K(24256K)->24095K(24256K) Class: 4879K(5056K)->4879K(5056K)
[2804.005s][info][gc             ] GC(536) Pause Young (Mixed) (G1 Evacuation Pause) 3671M->1320M(4096M) 132.164ms
[2804.005s][info][gc,cpu         ] GC(536) User=0.78s Sys=0.00s Real=0.13s
....[2807.966s][info][gc,start       ] GC(537) Pause Young (Concurrent Start) (G1 Evacuation Pause)
[2807.966s][info][gc,task        ] GC(537) Using 6 workers of 6 for evacuation
[2808.085s][info][gc,phases      ] GC(537)   Pre Evacuate Collection Set: 0.40ms
[2808.085s][info][gc,phases      ] GC(537)   Merge Heap Roots: 0.48ms
[2808.085s][info][gc,phases      ] GC(537)   Evacuate Collection Set: 117.20ms
[2808.085s][info][gc,phases      ] GC(537)   Post Evacuate Collection Set: 0.95ms
[2808.085s][info][gc,phases      ] GC(537)   Other: 0.11ms
[2808.085s][info][gc,heap        ] GC(537) Eden regions: 1118->0(1118)
[2808.085s][info][gc,heap        ] GC(537) Survivor regions: 110->110(154)
[2808.085s][info][gc,heap        ] GC(537) Old regions: 472->504
[2808.085s][info][gc,heap        ] GC(537) Humongous regions: 80->80
[2808.085s][info][gc,metaspace   ] GC(537) Metaspace: 28974K(29312K)->28974K(29312K) NonClass: 24095K(24256K)->24095K(24256K) Class: 4879K(5056K)->4879K(5056K)
[2808.085s][info][gc             ] GC(537) Pause Young (Concurrent Start) (G1 Evacuation Pause) 3556M->1385M(4096M) 119.297ms
[2808.085s][info][gc             ] GC(538) Concurrent Mark Cycle
[2808.085s][info][gc,marking     ] GC(538) Concurrent Scan Root Regions
[2808.085s][info][gc,cpu         ] GC(537) User=0.70s Sys=0.00s Real=0.12s
.[2808.254s][info][gc,marking     ] GC(538) Concurrent Scan Root Regions 169.332ms
[2808.254s][info][gc,marking     ] GC(538) Concurrent Mark
[2808.254s][info][gc,marking     ] GC(538) Concurrent Mark From Roots
[2808.254s][info][gc,task        ] GC(538) Using 2 workers of 2 for marking
[2808.878s][info][gc,marking     ] GC(538) Concurrent Mark From Roots 623.074ms
[2808.878s][info][gc,marking     ] GC(538) Concurrent Preclean
[2808.878s][info][gc,marking     ] GC(538) Concurrent Preclean 0.080ms
[2808.878s][info][gc,start       ] GC(538) Pause Remark
[2808.883s][info][gc             ] GC(538) Pause Remark 1887M->1887M(4096M) 5.663ms
[2808.884s][info][gc,cpu         ] GC(538) User=0.03s Sys=0.00s Real=0.01s
[2808.884s][info][gc,marking     ] GC(538) Concurrent Mark 629.126ms
[2808.884s][info][gc,marking     ] GC(538) Concurrent Rebuild Remembered Sets and Scrub Regions
.[2809.117s][info][gc,marking     ] GC(538) Concurrent Rebuild Remembered Sets and Scrub Regions 233.664ms
[2809.117s][info][gc,start       ] GC(538) Pause Cleanup
[2809.118s][info][gc             ] GC(538) Pause Cleanup 2008M->2008M(4096M) 0.128ms
[2809.118s][info][gc,cpu         ] GC(538) User=0.00s Sys=0.00s Real=0.00s
[2809.119s][info][gc,marking     ] GC(538) Concurrent Clear Claimed Marks
[2809.119s][info][gc,marking     ] GC(538) Concurrent Clear Claimed Marks 0.050ms
[2809.119s][info][gc,marking     ] GC(538) Concurrent Cleanup for Next Mark
[2809.124s][info][gc,marking     ] GC(538) Concurrent Cleanup for Next Mark 5.144ms
[2809.124s][info][gc             ] GC(538) Concurrent Mark Cycle 1039.175ms
..[2812.099s][info][gc,start       ] GC(539) Pause Young (Prepare Mixed) (G1 Evacuation Pause)
[2812.099s][info][gc,task        ] GC(539) Using 6 workers of 6 for evacuation
[2812.217s][info][gc,phases      ] GC(539)   Pre Evacuate Collection Set: 0.35ms
[2812.217s][info][gc,phases      ] GC(539)   Merge Heap Roots: 0.59ms
[2812.217s][info][gc,phases      ] GC(539)   Evacuate Collection Set: 115.48ms
[2812.217s][info][gc,phases      ] GC(539)   Post Evacuate Collection Set: 0.95ms
[2812.217s][info][gc,phases      ] GC(539)   Other: 0.10ms
[2812.217s][info][gc,heap        ] GC(539) Eden regions: 1118->0(1109)
[2812.217s][info][gc,heap        ] GC(539) Survivor regions: 110->110(154)
[2812.217s][info][gc,heap        ] GC(539) Old regions: 504->536
[2812.217s][info][gc,heap        ] GC(539) Humongous regions: 80->80
[2812.217s][info][gc,metaspace   ] GC(539) Metaspace: 28972K(29312K)->28972K(29312K) NonClass: 24093K(24256K)->24093K(24256K) Class: 4878K(5056K)->4878K(5056K)
[2812.217s][info][gc             ] GC(539) Pause Young (Prepare Mixed) (G1 Evacuation Pause) 3621M->1450M(4096M) 117.629ms
[2812.217s][info][gc,cpu         ] GC(539) User=0.69s Sys=0.00s Real=0.12s
....[2816.198s][info][gc,start       ] GC(540) Pause Young (Mixed) (G1 Evacuation Pause)
[2816.198s][info][gc,task        ] GC(540) Using 6 workers of 6 for evacuation
[2816.329s][info][gc,phases      ] GC(540)   Pre Evacuate Collection Set: 0.40ms
[2816.329s][info][gc,phases      ] GC(540)   Merge Heap Roots: 0.66ms
[2816.329s][info][gc,phases      ] GC(540)   Evacuate Collection Set: 129.02ms
[2816.329s][info][gc,phases      ] GC(540)   Post Evacuate Collection Set: 0.99ms
[2816.329s][info][gc,phases      ] GC(540)   Other: 0.09ms
[2816.329s][info][gc,heap        ] GC(540) Eden regions: 1109->0(1122)
[2816.329s][info][gc,heap        ] GC(540) Survivor regions: 110->106(153)
[2816.329s][info][gc,heap        ] GC(540) Old regions: 536->473
[2816.329s][info][gc,heap        ] GC(540) Humongous regions: 80->80
[2816.329s][info][gc,metaspace   ] GC(540) Metaspace: 28972K(29312K)->28972K(29312K) NonClass: 24093K(24256K)->24093K(24256K) Class: 4878K(5056K)->4878K(5056K)
[2816.329s][info][gc             ] GC(540) Pause Young (Mixed) (G1 Evacuation Pause) 3668M->1315M(4096M) 131.297ms
[2816.329s][info][gc,cpu         ] GC(540) User=0.78s Sys=0.00s Real=0.13s
....[2820.340s][info][gc,start       ] GC(541) Pause Young (Concurrent Start) (G1 Evacuation Pause)
[2820.340s][info][gc,task        ] GC(541) Using 6 workers of 6 for evacuation
[2820.455s][info][gc,phases      ] GC(541)   Pre Evacuate Collection Set: 0.41ms
[2820.455s][info][gc,phases      ] GC(541)   Merge Heap Roots: 0.47ms
[2820.455s][info][gc,phases      ] GC(541)   Evacuate Collection Set: 112.80ms
[2820.455s][info][gc,phases      ] GC(541)   Post Evacuate Collection Set: 0.92ms
[2820.455s][info][gc,phases      ] GC(541)   Other: 0.11ms
[2820.455s][info][gc,heap        ] GC(541) Eden regions: 1122->0(1120)
[2820.455s][info][gc,heap        ] GC(541) Survivor regions: 106->108(154)
[2820.455s][info][gc,heap        ] GC(541) Old regions: 473->505
[2820.455s][info][gc,heap        ] GC(541) Humongous regions: 80->80
[2820.455s][info][gc,metaspace   ] GC(541) Metaspace: 28972K(29312K)->28972K(29312K) NonClass: 24093K(24256K)->24093K(24256K) Class: 4878K(5056K)->4878K(5056K)
[2820.455s][info][gc             ] GC(541) Pause Young (Concurrent Start) (G1 Evacuation Pause) 3559M->1382M(4096M) 114.848ms
[2820.455s][info][gc             ] GC(542) Concurrent Mark Cycle
[2820.455s][info][gc,marking     ] GC(542) Concurrent Scan Root Regions
[2820.455s][info][gc,cpu         ] GC(541) User=0.68s Sys=0.00s Real=0.12s
.[2820.584s][info][gc,marking     ] GC(542) Concurrent Scan Root Regions 128.841ms
[2820.584s][info][gc,marking     ] GC(542) Concurrent Mark
[2820.584s][info][gc,marking     ] GC(542) Concurrent Mark From Roots
[2820.584s][info][gc,task        ] GC(542) Using 2 workers of 2 for marking
.[2821.507s][info][gc,marking     ] GC(542) Concurrent Mark From Roots 923.495ms
[2821.507s][info][gc,marking     ] GC(542) Concurrent Preclean
[2821.507s][info][gc,marking     ] GC(542) Concurrent Preclean 0.093ms
[2821.508s][info][gc,start       ] GC(542) Pause Remark
[2821.514s][info][gc             ] GC(542) Pause Remark 2039M->2039M(4096M) 5.970ms
[2821.514s][info][gc,cpu         ] GC(542) User=0.04s Sys=0.00s Real=0.01s
[2821.514s][info][gc,marking     ] GC(542) Concurrent Mark 929.847ms
[2821.514s][info][gc,marking     ] GC(542) Concurrent Rebuild Remembered Sets and Scrub Regions
[2821.770s][info][gc,marking     ] GC(542) Concurrent Rebuild Remembered Sets and Scrub Regions 256.388ms
[2821.770s][info][gc,start       ] GC(542) Pause Cleanup
[2821.770s][info][gc             ] GC(542) Pause Cleanup 2168M->2168M(4096M) 0.114ms
[2821.770s][info][gc,cpu         ] GC(542) User=0.00s Sys=0.00s Real=0.00s
[2821.770s][info][gc,marking     ] GC(542) Concurrent Clear Claimed Marks
[2821.770s][info][gc,marking     ] GC(542) Concurrent Clear Claimed Marks 0.029ms
[2821.770s][info][gc,marking     ] GC(542) Concurrent Cleanup for Next Mark
[2821.774s][info][gc,marking     ] GC(542) Concurrent Cleanup for Next Mark 3.214ms
[2821.774s][info][gc             ] GC(542) Concurrent Mark Cycle 1318.759ms
..[2824.409s][info][gc,start       ] GC(543) Pause Young (Prepare Mixed) (G1 Evacuation Pause)
[2824.409s][info][gc,task        ] GC(543) Using 6 workers of 6 for evacuation
[2824.525s][info][gc,phases      ] GC(543)   Pre Evacuate Collection Set: 0.35ms
[2824.525s][info][gc,phases      ] GC(543)   Merge Heap Roots: 0.50ms
[2824.525s][info][gc,phases      ] GC(543)   Evacuate Collection Set: 114.43ms
[2824.525s][info][gc,phases      ] GC(543)   Post Evacuate Collection Set: 0.95ms
[2824.525s][info][gc,phases      ] GC(543)   Other: 0.09ms
[2824.525s][info][gc,heap        ] GC(543) Eden regions: 1120->0(1112)
[2824.525s][info][gc,heap        ] GC(543) Survivor regions: 108->108(154)
[2824.525s][info][gc,heap        ] GC(543) Old regions: 505->537
[2824.525s][info][gc,heap        ] GC(543) Humongous regions: 80->80
[2824.525s][info][gc,metaspace   ] GC(543) Metaspace: 28972K(29312K)->28972K(29312K) NonClass: 24093K(24256K)->24093K(24256K) Class: 4878K(5056K)->4878K(5056K)
[2824.525s][info][gc             ] GC(543) Pause Young (Prepare Mixed) (G1 Evacuation Pause) 3622M->1447M(4096M) 116.460ms
[2824.525s][info][gc,cpu         ] GC(543) User=0.68s Sys=0.00s Real=0.12s
. (rIR:aIR:PR = 4566:4558:4558) (tPR = 68002) [OK] 
  2824s: Performance info:
         Transaction,    Success,    Partial,     Failed,   Receipts, AvgBarcode, 
             Overall,     276992,          0,          0,     263147,      59.48, 
         Response times:
             Request,    Success,    Partial,     Failed,   SkipFail,     Probes,    Samples,      min,      p50,      p90,      p95,      p99,      max, 
       TotalPurchase,     263146,          0,          0,          0,     258474,     289161,      300,     3800,     7200,    12600,    48000,   187000,
     InStorePurchase,     138508,          0,          0,          0,     136340,     152184,      300,     3700,     7200,    12575,    48000,   184000,
      OnlinePurchase,      96949,          0,          0,          0,      95128,     106332,      300,     3900,     7200,    12700,    48670,   187000,
        InstPurchase,      27689,          0,          0,          0,      27006,      30645,      400,     3800,     7300,    12400,    48000,   186000,
          AssocOfCat,        279,          0,          0,          0,        220,        301,    24000,    32000,    50800,    70000,   123500,   164000,
      AssocOfProduct,       2765,          0,          0,          0,       2524,       3020,      600,     4050,     7290,    11800,    43790,   137000,
      BusinessReport,        696,          0,          0,          0,        569,        716,    24000,    35000,    56000,    71000,   148110,   206000,
          CustBuyBeh,       2766,          0,          0,          0,       2548,       3060,      300,     5100,     9390,    24000,    63000,   138000,
       ProductReturn,       7338,          0,          0,          0,       6977,       8190,      200,     3000,     6500,    11000,    43000,   185000,

  2824s: (34%)   IR =   4705 ...[2828.547s][info][gc,start       ] GC(544) Pause Young (Mixed) (G1 Evacuation Pause)
[2828.547s][info][gc,task        ] GC(544) Using 6 workers of 6 for evacuation
[2828.681s][info][gc,phases      ] GC(544)   Pre Evacuate Collection Set: 0.40ms
[2828.681s][info][gc,phases      ] GC(544)   Merge Heap Roots: 0.65ms
[2828.681s][info][gc,phases      ] GC(544)   Evacuate Collection Set: 131.36ms
[2828.681s][info][gc,phases      ] GC(544)   Post Evacuate Collection Set: 1.03ms
[2828.681s][info][gc,phases      ] GC(544)   Other: 0.10ms
[2828.681s][info][gc,heap        ] GC(544) Eden regions: 1112->0(1119)
[2828.681s][info][gc,heap        ] GC(544) Survivor regions: 108->109(153)
[2828.681s][info][gc,heap        ] GC(544) Old regions: 537->474
[2828.681s][info][gc,heap        ] GC(544) Humongous regions: 80->80
[2828.681s][info][gc,metaspace   ] GC(544) Metaspace: 28972K(29312K)->28972K(29312K) NonClass: 24093K(24256K)->24093K(24256K) Class: 4878K(5056K)->4878K(5056K)
[2828.681s][info][gc             ] GC(544) Pause Young (Mixed) (G1 Evacuation Pause) 3671M->1323M(4096M) 133.670ms
[2828.681s][info][gc,cpu         ] GC(544) User=0.79s Sys=0.00s Real=0.13s
....|[2832.465s][info][gc,start       ] GC(545) Pause Young (Concurrent Start) (G1 Evacuation Pause)
[2832.465s][info][gc,task        ] GC(545) Using 6 workers of 6 for evacuation
[2832.580s][info][gc,phases      ] GC(545)   Pre Evacuate Collection Set: 0.41ms
[2832.580s][info][gc,phases      ] GC(545)   Merge Heap Roots: 0.47ms
[2832.580s][info][gc,phases      ] GC(545)   Evacuate Collection Set: 113.13ms
[2832.580s][info][gc,phases      ] GC(545)   Post Evacuate Collection Set: 0.95ms
[2832.580s][info][gc,phases      ] GC(545)   Other: 0.11ms
[2832.580s][info][gc,heap        ] GC(545) Eden regions: 1119->0(1120)
[2832.580s][info][gc,heap        ] GC(545) Survivor regions: 109->108(154)
[2832.580s][info][gc,heap        ] GC(545) Old regions: 474->506
[2832.580s][info][gc,heap        ] GC(545) Humongous regions: 80->80
[2832.580s][info][gc,metaspace   ] GC(545) Metaspace: 28972K(29312K)->28972K(29312K) NonClass: 24093K(24256K)->24093K(24256K) Class: 4878K(5056K)->4878K(5056K)
[2832.580s][info][gc             ] GC(545) Pause Young (Concurrent Start) (G1 Evacuation Pause) 3561M->1384M(4096M) 115.218ms
[2832.580s][info][gc             ] GC(546) Concurrent Mark Cycle
[2832.580s][info][gc,marking     ] GC(546) Concurrent Scan Root Regions
[2832.580s][info][gc,cpu         ] GC(545) User=0.68s Sys=0.00s Real=0.11s
.[2832.763s][info][gc,marking     ] GC(546) Concurrent Scan Root Regions 182.837ms
[2832.763s][info][gc,marking     ] GC(546) Concurrent Mark
[2832.763s][info][gc,marking     ] GC(546) Concurrent Mark From Roots
[2832.763s][info][gc,task        ] GC(546) Using 2 workers of 2 for marking
[2833.524s][info][gc,marking     ] GC(546) Concurrent Mark From Roots 760.938ms
[2833.524s][info][gc,marking     ] GC(546) Concurrent Preclean
[2833.524s][info][gc,marking     ] GC(546) Concurrent Preclean 0.110ms
[2833.524s][info][gc,start       ] GC(546) Pause Remark
[2833.530s][info][gc             ] GC(546) Pause Remark 2020M->2020M(4096M) 5.580ms
[2833.530s][info][gc,cpu         ] GC(546) User=0.03s Sys=0.00s Real=0.00s
[2833.530s][info][gc,marking     ] GC(546) Concurrent Mark 766.883ms
[2833.530s][info][gc,marking     ] GC(546) Concurrent Rebuild Remembered Sets and Scrub Regions
.[2833.886s][info][gc,marking     ] GC(546) Concurrent Rebuild Remembered Sets and Scrub Regions 356.003ms
[2833.887s][info][gc,start       ] GC(546) Pause Cleanup
[2833.887s][info][gc             ] GC(546) Pause Cleanup 2204M->2204M(4096M) 0.150ms
[2833.887s][info][gc,cpu         ] GC(546) User=0.00s Sys=0.00s Real=0.00s
[2833.887s][info][gc,marking     ] GC(546) Concurrent Clear Claimed Marks
[2833.887s][info][gc,marking     ] GC(546) Concurrent Clear Claimed Marks 0.029ms
[2833.887s][info][gc,marking     ] GC(546) Concurrent Cleanup for Next Mark
[2833.891s][info][gc,marking     ] GC(546) Concurrent Cleanup for Next Mark 4.420ms
[2833.891s][info][gc             ] GC(546) Concurrent Mark Cycle 1311.442ms
..[2836.513s][info][gc,start       ] GC(547) Pause Young (Prepare Mixed) (G1 Evacuation Pause)
[2836.513s][info][gc,task        ] GC(547) Using 6 workers of 6 for evacuation
[2836.629s][info][gc,phases      ] GC(547)   Pre Evacuate Collection Set: 0.34ms
[2836.629s][info][gc,phases      ] GC(547)   Merge Heap Roots: 0.53ms
[2836.629s][info][gc,phases      ] GC(547)   Evacuate Collection Set: 114.12ms
[2836.629s][info][gc,phases      ] GC(547)   Post Evacuate Collection Set: 0.93ms
[2836.629s][info][gc,phases      ] GC(547)   Other: 0.09ms
[2836.629s][info][gc,heap        ] GC(547) Eden regions: 1120->0(1112)
[2836.629s][info][gc,heap        ] GC(547) Survivor regions: 108->108(154)
[2836.629s][info][gc,heap        ] GC(547) Old regions: 506->537
[2836.629s][info][gc,heap        ] GC(547) Humongous regions: 80->80
[2836.629s][info][gc,metaspace   ] GC(547) Metaspace: 28972K(29312K)->28972K(29312K) NonClass: 24093K(24256K)->24093K(24256K) Class: 4878K(5056K)->4878K(5056K)
[2836.629s][info][gc             ] GC(547) Pause Young (Prepare Mixed) (G1 Evacuation Pause) 3624M->1448M(4096M) 116.154ms
[2836.629s][info][gc,cpu         ] GC(547) User=0.69s Sys=0.00s Real=0.11s
....[2840.490s][info][gc,start       ] GC(548) Pause Young (Mixed) (G1 Evacuation Pause)
[2840.490s][info][gc,task        ] GC(548) Using 6 workers of 6 for evacuation
[2840.622s][info][gc,phases      ] GC(548)   Pre Evacuate Collection Set: 0.45ms
[2840.622s][info][gc,phases      ] GC(548)   Merge Heap Roots: 0.82ms
[2840.622s][info][gc,phases      ] GC(548)   Evacuate Collection Set: 129.47ms
[2840.622s][info][gc,phases      ] GC(548)   Post Evacuate Collection Set: 0.97ms
[2840.622s][info][gc,phases      ] GC(548)   Other: 0.09ms
[2840.622s][info][gc,heap        ] GC(548) Eden regions: 1112->0(1118)
[2840.622s][info][gc,heap        ] GC(548) Survivor regions: 108->110(153)
[2840.622s][info][gc,heap        ] GC(548) Old regions: 537->471
[2840.622s][info][gc,heap        ] GC(548) Humongous regions: 80->80
[2840.622s][info][gc,metaspace   ] GC(548) Metaspace: 28972K(29312K)->28972K(29312K) NonClass: 24093K(24256K)->24093K(24256K) Class: 4878K(5056K)->4878K(5056K)
[2840.622s][info][gc             ] GC(548) Pause Young (Mixed) (G1 Evacuation Pause) 3672M->1320M(4096M) 131.921ms
[2840.622s][info][gc,cpu         ] GC(548) User=0.77s Sys=0.00s Real=0.14s
....[2844.532s][info][gc,start       ] GC(549) Pause Young (Concurrent Start) (G1 Evacuation Pause)
[2844.532s][info][gc,task        ] GC(549) Using 6 workers of 6 for evacuation
[2844.649s][info][gc,phases      ] GC(549)   Pre Evacuate Collection Set: 0.44ms
[2844.649s][info][gc,phases      ] GC(549)   Merge Heap Roots: 0.48ms
[2844.649s][info][gc,phases      ] GC(549)   Evacuate Collection Set: 115.52ms
[2844.649s][info][gc,phases      ] GC(549)   Post Evacuate Collection Set: 0.93ms
[2844.649s][info][gc,phases      ] GC(549)   Other: 0.12ms
[2844.649s][info][gc,heap        ] GC(549) Eden regions: 1118->0(1119)
[2844.649s][info][gc,heap        ] GC(549) Survivor regions: 110->109(154)
[2844.649s][info][gc,heap        ] GC(549) Old regions: 471->504
[2844.649s][info][gc,heap        ] GC(549) Humongous regions: 80->80
[2844.649s][info][gc,metaspace   ] GC(549) Metaspace: 28972K(29312K)->28972K(29312K) NonClass: 24093K(24256K)->24093K(24256K) Class: 4878K(5056K)->4878K(5056K)
[2844.649s][info][gc             ] GC(549) Pause Young (Concurrent Start) (G1 Evacuation Pause) 3556M->1382M(4096M) 117.641ms
[2844.649s][info][gc             ] GC(550) Concurrent Mark Cycle
[2844.649s][info][gc,marking     ] GC(550) Concurrent Scan Root Regions
[2844.649s][info][gc,cpu         ] GC(549) User=0.69s Sys=0.00s Real=0.12s
.[2844.825s][info][gc,marking     ] GC(550) Concurrent Scan Root Regions 175.250ms
[2844.825s][info][gc,marking     ] GC(550) Concurrent Mark
[2844.825s][info][gc,marking     ] GC(550) Concurrent Mark From Roots
[2844.825s][info][gc,task        ] GC(550) Using 2 workers of 2 for marking
[2845.746s][info][gc,marking     ] GC(550) Concurrent Mark From Roots 921.559ms
[2845.746s][info][gc,marking     ] GC(550) Concurrent Preclean
[2845.746s][info][gc,marking     ] GC(550) Concurrent Preclean 0.112ms
[2845.747s][info][gc,start       ] GC(550) Pause Remark
[2845.753s][info][gc             ] GC(550) Pause Remark 2049M->2049M(4096M) 6.043ms
[2845.753s][info][gc,cpu         ] GC(550) User=0.04s Sys=0.00s Real=0.01s
[2845.753s][info][gc,marking     ] GC(550) Concurrent Mark 928.624ms
[2845.753s][info][gc,marking     ] GC(550) Concurrent Rebuild Remembered Sets and Scrub Regions
.[2846.112s][info][gc,marking     ] GC(550) Concurrent Rebuild Remembered Sets and Scrub Regions 358.358ms
[2846.115s][info][gc,start       ] GC(550) Pause Cleanup
[2846.115s][info][gc             ] GC(550) Pause Cleanup 2264M->2264M(4096M) 0.178ms
[2846.115s][info][gc,cpu         ] GC(550) User=0.00s Sys=0.00s Real=0.00s
[2846.115s][info][gc,marking     ] GC(550) Concurrent Clear Claimed Marks
[2846.115s][info][gc,marking     ] GC(550) Concurrent Clear Claimed Marks 0.031ms
[2846.115s][info][gc,marking     ] GC(550) Concurrent Cleanup for Next Mark
[2846.122s][info][gc,marking     ] GC(550) Concurrent Cleanup for Next Mark 6.798ms
[2846.122s][info][gc             ] GC(550) Concurrent Mark Cycle 1473.034ms
..[2848.449s][info][gc,start       ] GC(551) Pause Young (Prepare Mixed) (G1 Evacuation Pause)
[2848.449s][info][gc,task        ] GC(551) Using 6 workers of 6 for evacuation
[2848.572s][info][gc,phases      ] GC(551)   Pre Evacuate Collection Set: 0.37ms
[2848.572s][info][gc,phases      ] GC(551)   Merge Heap Roots: 0.54ms
[2848.572s][info][gc,phases      ] GC(551)   Evacuate Collection Set: 121.10ms
[2848.572s][info][gc,phases      ] GC(551)   Post Evacuate Collection Set: 0.96ms
[2848.572s][info][gc,phases      ] GC(551)   Other: 0.10ms
[2848.572s][info][gc,heap        ] GC(551) Eden regions: 1119->0(1102)
[2848.572s][info][gc,heap        ] GC(551) Survivor regions: 109->114(154)
[2848.572s][info][gc,heap        ] GC(551) Old regions: 504->535
[2848.572s][info][gc,heap        ] GC(551) Humongous regions: 80->80
[2848.572s][info][gc,metaspace   ] GC(551) Metaspace: 28972K(29312K)->28972K(29312K) NonClass: 24093K(24256K)->24093K(24256K) Class: 4878K(5056K)->4878K(5056K)
[2848.572s][info][gc             ] GC(551) Pause Young (Prepare Mixed) (G1 Evacuation Pause) 3620M->1456M(4096M) 123.199ms
[2848.572s][info][gc,cpu         ] GC(551) User=0.73s Sys=0.00s Real=0.12s
....[2852.540s][info][gc,start       ] GC(552) Pause Young (Mixed) (G1 Evacuation Pause)
[2852.540s][info][gc,task        ] GC(552) Using 6 workers of 6 for evacuation
[2852.672s][info][gc,phases      ] GC(552)   Pre Evacuate Collection Set: 0.41ms
[2852.672s][info][gc,phases      ] GC(552)   Merge Heap Roots: 0.72ms
[2852.672s][info][gc,phases      ] GC(552)   Evacuate Collection Set: 129.73ms
[2852.672s][info][gc,phases      ] GC(552)   Post Evacuate Collection Set: 0.97ms
[2852.672s][info][gc,phases      ] GC(552)   Other: 0.09ms
[2852.672s][info][gc,heap        ] GC(552) Eden regions: 1102->0(1118)
[2852.672s][info][gc,heap        ] GC(552) Survivor regions: 114->110(152)
[2852.672s][info][gc,heap        ] GC(552) Old regions: 535->472
[2852.672s][info][gc,heap        ] GC(552) Humongous regions: 80->80
[2852.672s][info][gc,metaspace   ] GC(552) Metaspace: 28972K(29312K)->28972K(29312K) NonClass: 24093K(24256K)->24093K(24256K) Class: 4878K(5056K)->4878K(5056K)
[2852.672s][info][gc             ] GC(552) Pause Young (Mixed) (G1 Evacuation Pause) 3660M->1321M(4096M) 132.088ms
[2852.672s][info][gc,cpu         ] GC(552) User=0.79s Sys=0.00s Real=0.13s
....[2856.464s][info][gc,start       ] GC(553) Pause Young (Concurrent Start) (G1 Evacuation Pause)
[2856.464s][info][gc,task        ] GC(553) Using 6 workers of 6 for evacuation
[2856.583s][info][gc,phases      ] GC(553)   Pre Evacuate Collection Set: 0.41ms
[2856.583s][info][gc,phases      ] GC(553)   Merge Heap Roots: 0.50ms
[2856.583s][info][gc,phases      ] GC(553)   Evacuate Collection Set: 116.79ms
[2856.583s][info][gc,phases      ] GC(553)   Post Evacuate Collection Set: 0.91ms
[2856.583s][info][gc,phases      ] GC(553)   Other: 0.14ms
[2856.583s][info][gc,heap        ] GC(553) Eden regions: 1118->0(1117)
[2856.583s][info][gc,heap        ] GC(553) Survivor regions: 110->111(154)
[2856.583s][info][gc,heap        ] GC(553) Old regions: 472->503
[2856.583s][info][gc,heap        ] GC(553) Humongous regions: 80->80
[2856.583s][info][gc,metaspace   ] GC(553) Metaspace: 28972K(29312K)->28972K(29312K) NonClass: 24093K(24256K)->24093K(24256K) Class: 4878K(5056K)->4878K(5056K)
[2856.583s][info][gc             ] GC(553) Pause Young (Concurrent Start) (G1 Evacuation Pause) 3557M->1385M(4096M) 118.882ms
[2856.583s][info][gc             ] GC(554) Concurrent Mark Cycle
[2856.583s][info][gc,marking     ] GC(554) Concurrent Scan Root Regions
[2856.583s][info][gc,cpu         ] GC(553) User=0.70s Sys=0.00s Real=0.12s
[2856.771s][info][gc,marking     ] GC(554) Concurrent Scan Root Regions 187.676ms
[2856.771s][info][gc,marking     ] GC(554) Concurrent Mark
[2856.771s][info][gc,marking     ] GC(554) Concurrent Mark From Roots
[2856.771s][info][gc,task        ] GC(554) Using 2 workers of 2 for marking
.[2857.692s][info][gc,marking     ] GC(554) Concurrent Mark From Roots 921.271ms
[2857.692s][info][gc,marking     ] GC(554) Concurrent Preclean
[2857.693s][info][gc,marking     ] GC(554) Concurrent Preclean 0.110ms
[2857.693s][info][gc,start       ] GC(554) Pause Remark
[2857.699s][info][gc             ] GC(554) Pause Remark 2075M->2075M(4096M) 5.622ms
[2857.699s][info][gc,cpu         ] GC(554) User=0.03s Sys=0.00s Real=0.00s
[2857.699s][info][gc,marking     ] GC(554) Concurrent Mark 928.042ms
[2857.699s][info][gc,marking     ] GC(554) Concurrent Rebuild Remembered Sets and Scrub Regions
.[2858.053s][info][gc,marking     ] GC(554) Concurrent Rebuild Remembered Sets and Scrub Regions 354.114ms
[2858.053s][info][gc,start       ] GC(554) Pause Cleanup
[2858.053s][info][gc             ] GC(554) Pause Cleanup 2273M->2273M(4096M) 0.123ms
[2858.054s][info][gc,cpu         ] GC(554) User=0.00s Sys=0.00s Real=0.00s
[2858.054s][info][gc,marking     ] GC(554) Concurrent Clear Claimed Marks
[2858.054s][info][gc,marking     ] GC(554) Concurrent Clear Claimed Marks 0.027ms
[2858.054s][info][gc,marking     ] GC(554) Concurrent Cleanup for Next Mark
[2858.059s][info][gc,marking     ] GC(554) Concurrent Cleanup for Next Mark 5.504ms
[2858.059s][info][gc             ] GC(554) Concurrent Mark Cycle 1475.846ms
..[2860.503s][info][gc,start       ] GC(555) Pause Young (Prepare Mixed) (G1 Evacuation Pause)
[2860.503s][info][gc,task        ] GC(555) Using 6 workers of 6 for evacuation
[2860.622s][info][gc,phases      ] GC(555)   Pre Evacuate Collection Set: 0.34ms
[2860.622s][info][gc,phases      ] GC(555)   Merge Heap Roots: 0.53ms
[2860.622s][info][gc,phases      ] GC(555)   Evacuate Collection Set: 116.90ms
[2860.622s][info][gc,phases      ] GC(555)   Post Evacuate Collection Set: 0.95ms
[2860.622s][info][gc,phases      ] GC(555)   Other: 0.08ms
[2860.622s][info][gc,heap        ] GC(555) Eden regions: 1117->0(1110)
[2860.622s][info][gc,heap        ] GC(555) Survivor regions: 111->110(154)
[2860.622s][info][gc,heap        ] GC(555) Old regions: 503->535
[2860.622s][info][gc,heap        ] GC(555) Humongous regions: 80->80
[2860.622s][info][gc,metaspace   ] GC(555) Metaspace: 28972K(29312K)->28972K(29312K) NonClass: 24093K(24256K)->24093K(24256K) Class: 4878K(5056K)->4878K(5056K)
[2860.622s][info][gc             ] GC(555) Pause Young (Prepare Mixed) (G1 Evacuation Pause) 3619M->1447M(4096M) 118.939ms
[2860.622s][info][gc,cpu         ] GC(555) User=0.70s Sys=0.01s Real=0.12s
....[2864.526s][info][gc,start       ] GC(556) Pause Young (Mixed) (G1 Evacuation Pause)
[2864.526s][info][gc,task        ] GC(556) Using 6 workers of 6 for evacuation
[2864.660s][info][gc,phases      ] GC(556)   Pre Evacuate Collection Set: 0.42ms
[2864.660s][info][gc,phases      ] GC(556)   Merge Heap Roots: 0.60ms
[2864.660s][info][gc,phases      ] GC(556)   Evacuate Collection Set: 131.65ms
[2864.660s][info][gc,phases      ] GC(556)   Post Evacuate Collection Set: 0.99ms
[2864.660s][info][gc,phases      ] GC(556)   Other: 0.09ms
[2864.660s][info][gc,heap        ] GC(556) Eden regions: 1110->0(1116)
[2864.660s][info][gc,heap        ] GC(556) Survivor regions: 110->112(153)
[2864.660s][info][gc,heap        ] GC(556) Old regions: 535->472
[2864.660s][info][gc,heap        ] GC(556) Humongous regions: 80->80
[2864.660s][info][gc,metaspace   ] GC(556) Metaspace: 28972K(29312K)->28972K(29312K) NonClass: 24093K(24256K)->24093K(24256K) Class: 4878K(5056K)->4878K(5056K)
[2864.660s][info][gc             ] GC(556) Pause Young (Mixed) (G1 Evacuation Pause) 3667M->1325M(4096M) 133.880ms
[2864.660s][info][gc,cpu         ] GC(556) User=0.79s Sys=0.00s Real=0.13s
....[2868.498s][info][gc,start       ] GC(557) Pause Young (Concurrent Start) (G1 Evacuation Pause)
[2868.498s][info][gc,task        ] GC(557) Using 6 workers of 6 for evacuation
[2868.613s][info][gc,phases      ] GC(557)   Pre Evacuate Collection Set: 0.39ms
[2868.613s][info][gc,phases      ] GC(557)   Merge Heap Roots: 0.47ms
[2868.613s][info][gc,phases      ] GC(557)   Evacuate Collection Set: 113.46ms
[2868.613s][info][gc,phases      ] GC(557)   Post Evacuate Collection Set: 0.92ms
[2868.613s][info][gc,phases      ] GC(557)   Other: 0.12ms
[2868.613s][info][gc,heap        ] GC(557) Eden regions: 1116->0(1120)
[2868.613s][info][gc,heap        ] GC(557) Survivor regions: 112->108(154)
[2868.613s][info][gc,heap        ] GC(557) Old regions: 472->504
[2868.613s][info][gc,heap        ] GC(557) Humongous regions: 80->80
[2868.613s][info][gc,metaspace   ] GC(557) Metaspace: 28972K(29312K)->28972K(29312K) NonClass: 24093K(24256K)->24093K(24256K) Class: 4878K(5056K)->4878K(5056K)
[2868.613s][info][gc             ] GC(557) Pause Young (Concurrent Start) (G1 Evacuation Pause) 3557M->1381M(4096M) 115.488ms
[2868.613s][info][gc             ] GC(558) Concurrent Mark Cycle
[2868.613s][info][gc,marking     ] GC(558) Concurrent Scan Root Regions
[2868.613s][info][gc,cpu         ] GC(557) User=0.68s Sys=0.00s Real=0.12s
[2868.756s][info][gc,marking     ] GC(558) Concurrent Scan Root Regions 143.240ms
[2868.756s][info][gc,marking     ] GC(558) Concurrent Mark
[2868.756s][info][gc,marking     ] GC(558) Concurrent Mark From Roots
[2868.756s][info][gc,task        ] GC(558) Using 2 workers of 2 for marking
.[2869.395s][info][gc,marking     ] GC(558) Concurrent Mark From Roots 638.278ms
[2869.395s][info][gc,marking     ] GC(558) Concurrent Preclean
[2869.395s][info][gc,marking     ] GC(558) Concurrent Preclean 0.109ms
[2869.395s][info][gc,start       ] GC(558) Pause Remark
[2869.399s][info][gc             ] GC(558) Pause Remark 1887M->1887M(4096M) 4.211ms
[2869.399s][info][gc,cpu         ] GC(558) User=0.02s Sys=0.00s Real=0.00s
[2869.399s][info][gc,marking     ] GC(558) Concurrent Mark 642.953ms
[2869.399s][info][gc,marking     ] GC(558) Concurrent Rebuild Remembered Sets and Scrub Regions
[2869.642s][info][gc,marking     ] GC(558) Concurrent Rebuild Remembered Sets and Scrub Regions 242.882ms
[2869.643s][info][gc,start       ] GC(558) Pause Cleanup
[2869.644s][info][gc             ] GC(558) Pause Cleanup 2037M->2037M(4096M) 0.146ms
[2869.644s][info][gc,cpu         ] GC(558) User=0.01s Sys=0.00s Real=0.00s
[2869.644s][info][gc,marking     ] GC(558) Concurrent Clear Claimed Marks
[2869.644s][info][gc,marking     ] GC(558) Concurrent Clear Claimed Marks 0.033ms
[2869.644s][info][gc,marking     ] GC(558) Concurrent Cleanup for Next Mark
[2869.649s][info][gc,marking     ] GC(558) Concurrent Cleanup for Next Mark 5.088ms
[2869.649s][info][gc             ] GC(558) Concurrent Mark Cycle 1036.193ms
...[2872.538s][info][gc,start       ] GC(559) Pause Young (Prepare Mixed) (G1 Evacuation Pause)
[2872.538s][info][gc,task        ] GC(559) Using 6 workers of 6 for evacuation
[2872.655s][info][gc,phases      ] GC(559)   Pre Evacuate Collection Set: 0.35ms
[2872.655s][info][gc,phases      ] GC(559)   Merge Heap Roots: 0.56ms
[2872.655s][info][gc,phases      ] GC(559)   Evacuate Collection Set: 115.15ms
[2872.655s][info][gc,phases      ] GC(559)   Post Evacuate Collection Set: 0.97ms
[2872.655s][info][gc,phases      ] GC(559)   Other: 0.09ms
[2872.655s][info][gc,heap        ] GC(559) Eden regions: 1120->0(1112)
[2872.655s][info][gc,heap        ] GC(559) Survivor regions: 108->109(154)
[2872.655s][info][gc,heap        ] GC(559) Old regions: 504->535
[2872.655s][info][gc,heap        ] GC(559) Humongous regions: 80->80
[2872.655s][info][gc,metaspace   ] GC(559) Metaspace: 28972K(29312K)->28972K(29312K) NonClass: 24093K(24256K)->24093K(24256K) Class: 4878K(5056K)->4878K(5056K)
[2872.655s][info][gc             ] GC(559) Pause Young (Prepare Mixed) (G1 Evacuation Pause) 3621M->1446M(4096M) 117.260ms
[2872.656s][info][gc,cpu         ] GC(559) User=0.70s Sys=0.00s Real=0.12s
....[2876.514s][info][gc,start       ] GC(560) Pause Young (Mixed) (G1 Evacuation Pause)
[2876.514s][info][gc,task        ] GC(560) Using 6 workers of 6 for evacuation
[2876.648s][info][gc,phases      ] GC(560)   Pre Evacuate Collection Set: 0.38ms
[2876.648s][info][gc,phases      ] GC(560)   Merge Heap Roots: 0.70ms
[2876.648s][info][gc,phases      ] GC(560)   Evacuate Collection Set: 132.01ms
[2876.648s][info][gc,phases      ] GC(560)   Post Evacuate Collection Set: 1.04ms
[2876.649s][info][gc,phases      ] GC(560)   Other: 0.09ms
[2876.649s][info][gc,heap        ] GC(560) Eden regions: 1112->0(1119)
[2876.649s][info][gc,heap        ] GC(560) Survivor regions: 109->109(153)
[2876.649s][info][gc,heap        ] GC(560) Old regions: 535->473
[2876.649s][info][gc,heap        ] GC(560) Humongous regions: 80->80
[2876.649s][info][gc,metaspace   ] GC(560) Metaspace: 28972K(29312K)->28972K(29312K) NonClass: 24093K(24256K)->24093K(24256K) Class: 4878K(5056K)->4878K(5056K)
[2876.649s][info][gc             ] GC(560) Pause Young (Mixed) (G1 Evacuation Pause) 3670M->1321M(4096M) 134.344ms
[2876.649s][info][gc,cpu         ] GC(560) User=0.80s Sys=0.00s Real=0.13s
....[2880.507s][info][gc,start       ] GC(561) Pause Young (Concurrent Start) (G1 Evacuation Pause)
[2880.507s][info][gc,task        ] GC(561) Using 6 workers of 6 for evacuation
[2880.623s][info][gc,phases      ] GC(561)   Pre Evacuate Collection Set: 0.43ms
[2880.623s][info][gc,phases      ] GC(561)   Merge Heap Roots: 0.46ms
[2880.623s][info][gc,phases      ] GC(561)   Evacuate Collection Set: 114.06ms
[2880.623s][info][gc,phases      ] GC(561)   Post Evacuate Collection Set: 0.92ms
[2880.623s][info][gc,phases      ] GC(561)   Other: 0.12ms
[2880.623s][info][gc,heap        ] GC(561) Eden regions: 1119->0(1120)
[2880.623s][info][gc,heap        ] GC(561) Survivor regions: 109->108(154)
[2880.623s][info][gc,heap        ] GC(561) Old regions: 473->504
[2880.623s][info][gc,heap        ] GC(561) Humongous regions: 80->80
[2880.623s][info][gc,metaspace   ] GC(561) Metaspace: 28972K(29312K)->28972K(29312K) NonClass: 24093K(24256K)->24093K(24256K) Class: 4878K(5056K)->4878K(5056K)
[2880.623s][info][gc             ] GC(561) Pause Young (Concurrent Start) (G1 Evacuation Pause) 3559M->1381M(4096M) 116.118ms
[2880.623s][info][gc             ] GC(562) Concurrent Mark Cycle
[2880.623s][info][gc,marking     ] GC(562) Concurrent Scan Root Regions
[2880.623s][info][gc,cpu         ] GC(561) User=0.68s Sys=0.00s Real=0.12s
[2880.765s][info][gc,marking     ] GC(562) Concurrent Scan Root Regions 141.918ms
[2880.765s][info][gc,marking     ] GC(562) Concurrent Mark
[2880.765s][info][gc,marking     ] GC(562) Concurrent Mark From Roots
[2880.765s][info][gc,task        ] GC(562) Using 2 workers of 2 for marking
.[2881.513s][info][gc,marking     ] GC(562) Concurrent Mark From Roots 748.418ms
[2881.513s][info][gc,marking     ] GC(562) Concurrent Preclean
[2881.513s][info][gc,marking     ] GC(562) Concurrent Preclean 0.111ms
[2881.515s][info][gc,start       ] GC(562) Pause Remark
[2881.520s][info][gc             ] GC(562) Pause Remark 1937M->1937M(4096M) 5.204ms
[2881.520s][info][gc,cpu         ] GC(562) User=0.03s Sys=0.00s Real=0.00s
[2881.520s][info][gc,marking     ] GC(562) Concurrent Mark 755.489ms
[2881.520s][info][gc,marking     ] GC(562) Concurrent Rebuild Remembered Sets and Scrub Regions
[2881.779s][info][gc,marking     ] GC(562) Concurrent Rebuild Remembered Sets and Scrub Regions 259.015ms
[2881.780s][info][gc,start       ] GC(562) Pause Cleanup
[2881.780s][info][gc             ] GC(562) Pause Cleanup 2090M->2090M(4096M) 0.131ms
[2881.780s][info][gc,cpu         ] GC(562) User=0.00s Sys=0.00s Real=0.00s
[2881.781s][info][gc,marking     ] GC(562) Concurrent Clear Claimed Marks
[2881.781s][info][gc,marking     ] GC(562) Concurrent Clear Claimed Marks 0.045ms
[2881.781s][info][gc,marking     ] GC(562) Concurrent Cleanup for Next Mark
[2881.786s][info][gc,marking     ] GC(562) Concurrent Cleanup for Next Mark 4.662ms
[2881.786s][info][gc             ] GC(562) Concurrent Mark Cycle 1162.753ms
...[2884.485s][info][gc,start       ] GC(563) Pause Young (Prepare Mixed) (G1 Evacuation Pause)
[2884.485s][info][gc,task        ] GC(563) Using 6 workers of 6 for evacuation
[2884.601s][info][gc,phases      ] GC(563)   Pre Evacuate Collection Set: 0.36ms
[2884.601s][info][gc,phases      ] GC(563)   Merge Heap Roots: 0.52ms
[2884.601s][info][gc,phases      ] GC(563)   Evacuate Collection Set: 114.31ms
[2884.601s][info][gc,phases      ] GC(563)   Post Evacuate Collection Set: 0.95ms
[2884.601s][info][gc,phases      ] GC(563)   Other: 0.09ms
[2884.601s][info][gc,heap        ] GC(563) Eden regions: 1120->0(1114)
[2884.601s][info][gc,heap        ] GC(563) Survivor regions: 108->108(154)
[2884.601s][info][gc,heap        ] GC(563) Old regions: 504->535
[2884.601s][info][gc,heap        ] GC(563) Humongous regions: 80->80
[2884.601s][info][gc,metaspace   ] GC(563) Metaspace: 28972K(29312K)->28972K(29312K) NonClass: 24093K(24256K)->24093K(24256K) Class: 4878K(5056K)->4878K(5056K)
[2884.601s][info][gc             ] GC(563) Pause Young (Prepare Mixed) (G1 Evacuation Pause) 3621M->1444M(4096M) 116.373ms
[2884.601s][info][gc,cpu         ] GC(563) User=0.69s Sys=0.01s Real=0.11s
....[2888.466s][info][gc,start       ] GC(564) Pause Young (Mixed) (G1 Evacuation Pause)
[2888.466s][info][gc,task        ] GC(564) Using 6 workers of 6 for evacuation
[2888.599s][info][gc,phases      ] GC(564)   Pre Evacuate Collection Set: 0.40ms
[2888.599s][info][gc,phases      ] GC(564)   Merge Heap Roots: 0.76ms
[2888.599s][info][gc,phases      ] GC(564)   Evacuate Collection Set: 130.44ms
[2888.599s][info][gc,phases      ] GC(564)   Post Evacuate Collection Set: 1.01ms
[2888.599s][info][gc,phases      ] GC(564)   Other: 0.10ms
[2888.599s][info][gc,heap        ] GC(564) Eden regions: 1114->0(1120)
[2888.599s][info][gc,heap        ] GC(564) Survivor regions: 108->108(153)
[2888.599s][info][gc,heap        ] GC(564) Old regions: 535->472
[2888.599s][info][gc,heap        ] GC(564) Humongous regions: 80->80
[2888.599s][info][gc,metaspace   ] GC(564) Metaspace: 28972K(29312K)->28972K(29312K) NonClass: 24093K(24256K)->24093K(24256K) Class: 4878K(5056K)->4878K(5056K)
[2888.599s][info][gc             ] GC(564) Pause Young (Mixed) (G1 Evacuation Pause) 3672M->1317M(4096M) 132.827ms
[2888.599s][info][gc,cpu         ] GC(564) User=0.79s Sys=0.00s Real=0.13s
.... (rIR:aIR:PR = 4705:4704:4704) (tPR = 70022) [OK] 
  2891s: Performance info:
         Transaction,    Success,    Partial,     Failed,   Receipts, AvgBarcode, 
             Overall,     282894,          0,          0,     268726,      59.48, 
         Response times:
             Request,    Success,    Partial,     Failed,   SkipFail,     Probes,    Samples,      min,      p50,      p90,      p95,      p99,      max, 
       TotalPurchase,     268723,          0,          0,          0,     259856,     295781,      300,     3800,     7500,    15200,    52000,   212000,
     InStorePurchase,     141468,          0,          0,          0,     136946,     155551,      400,     3800,     7500,    15500,    52000,   212000,
      OnlinePurchase,      98999,          0,          0,          0,      95566,     109077,      300,     3800,     7500,    14700,    51000,   212000,
        InstPurchase,      28256,          0,          0,          0,      27344,      31153,      400,     3700,     7400,    13700,    49000,   184000,
          AssocOfCat,        280,          0,          0,          0,        221,        298,    22000,    32000,    53100,    71300,   137150,   163000,
      AssocOfProduct,       2828,          0,          0,          0,       2603,       3143,      500,     4600,     8700,    22000,    63000,   212000,
      BusinessReport,        709,          0,          0,          0,        617,        813,    26000,    36000,    59000,    77300,   177000,   202000,
          CustBuyBeh,       2835,          0,          0,          0,       2625,       3093,      200,     2500,     5800,    11390,    38000,   212000,
       ProductReturn,       7510,          0,          0,          0,       7129,       8194,      200,     2700,     6500,    12300,    47050,   184000,

  2891s: (35%)   IR =   4843 [2892.558s][info][gc,start       ] GC(565) Pause Young (Concurrent Start) (G1 Evacuation Pause)
[2892.558s][info][gc,task        ] GC(565) Using 6 workers of 6 for evacuation
[2892.675s][info][gc,phases      ] GC(565)   Pre Evacuate Collection Set: 0.40ms
[2892.675s][info][gc,phases      ] GC(565)   Merge Heap Roots: 0.48ms
[2892.675s][info][gc,phases      ] GC(565)   Evacuate Collection Set: 114.89ms
[2892.675s][info][gc,phases      ] GC(565)   Post Evacuate Collection Set: 0.92ms
[2892.675s][info][gc,phases      ] GC(565)   Other: 0.10ms
[2892.675s][info][gc,heap        ] GC(565) Eden regions: 1120->0(1120)
[2892.675s][info][gc,heap        ] GC(565) Survivor regions: 108->108(154)
[2892.675s][info][gc,heap        ] GC(565) Old regions: 472->503
[2892.675s][info][gc,heap        ] GC(565) Humongous regions: 80->80
[2892.675s][info][gc,metaspace   ] GC(565) Metaspace: 28972K(29312K)->28972K(29312K) NonClass: 24093K(24256K)->24093K(24256K) Class: 4878K(5056K)->4878K(5056K)
[2892.675s][info][gc             ] GC(565) Pause Young (Concurrent Start) (G1 Evacuation Pause) 3557M->1380M(4096M) 116.932ms
[2892.675s][info][gc             ] GC(566) Concurrent Mark Cycle
[2892.675s][info][gc,marking     ] GC(566) Concurrent Scan Root Regions
[2892.675s][info][gc,cpu         ] GC(565) User=0.70s Sys=0.00s Real=0.12s
[2892.857s][info][gc,marking     ] GC(566) Concurrent Scan Root Regions 181.997ms
[2892.857s][info][gc,marking     ] GC(566) Concurrent Mark
[2892.857s][info][gc,marking     ] GC(566) Concurrent Mark From Roots
[2892.857s][info][gc,task        ] GC(566) Using 2 workers of 2 for marking
.[2893.564s][info][gc,marking     ] GC(566) Concurrent Mark From Roots 707.501ms
[2893.564s][info][gc,marking     ] GC(566) Concurrent Preclean
[2893.565s][info][gc,marking     ] GC(566) Concurrent Preclean 0.098ms
[2893.565s][info][gc,start       ] GC(566) Pause Remark
[2893.570s][info][gc             ] GC(566) Pause Remark 1951M->1951M(4096M) 4.885ms
[2893.570s][info][gc,cpu         ] GC(566) User=0.03s Sys=0.00s Real=0.00s
[2893.570s][info][gc,marking     ] GC(566) Concurrent Mark 712.745ms
[2893.570s][info][gc,marking     ] GC(566) Concurrent Rebuild Remembered Sets and Scrub Regions
[2893.850s][info][gc,marking     ] GC(566) Concurrent Rebuild Remembered Sets and Scrub Regions 280.821ms
[2893.851s][info][gc,start       ] GC(566) Pause Cleanup
[2893.851s][info][gc             ] GC(566) Pause Cleanup 2138M->2138M(4096M) 0.126ms
[2893.851s][info][gc,cpu         ] GC(566) User=0.00s Sys=0.00s Real=0.00s
[2893.851s][info][gc,marking     ] GC(566) Concurrent Clear Claimed Marks
[2893.851s][info][gc,marking     ] GC(566) Concurrent Clear Claimed Marks 0.031ms
[2893.851s][info][gc,marking     ] GC(566) Concurrent Cleanup for Next Mark
[2893.856s][info][gc,marking     ] GC(566) Concurrent Cleanup for Next Mark 4.974ms
[2893.856s][info][gc             ] GC(566) Concurrent Mark Cycle 1181.090ms
...|[2896.489s][info][gc,start       ] GC(567) Pause Young (Prepare Mixed) (G1 Evacuation Pause)
[2896.489s][info][gc,task        ] GC(567) Using 6 workers of 6 for evacuation
[2896.606s][info][gc,phases      ] GC(567)   Pre Evacuate Collection Set: 0.34ms
[2896.606s][info][gc,phases      ] GC(567)   Merge Heap Roots: 0.54ms
[2896.606s][info][gc,phases      ] GC(567)   Evacuate Collection Set: 115.36ms
[2896.606s][info][gc,phases      ] GC(567)   Post Evacuate Collection Set: 1.02ms
[2896.606s][info][gc,phases      ] GC(567)   Other: 0.08ms
[2896.606s][info][gc,heap        ] GC(567) Eden regions: 1120->0(1110)
[2896.606s][info][gc,heap        ] GC(567) Survivor regions: 108->110(154)
[2896.606s][info][gc,heap        ] GC(567) Old regions: 503->535
[2896.606s][info][gc,heap        ] GC(567) Humongous regions: 80->80
[2896.606s][info][gc,metaspace   ] GC(567) Metaspace: 28975K(29312K)->28975K(29312K) NonClass: 24096K(24256K)->24096K(24256K) Class: 4878K(5056K)->4878K(5056K)
[2896.606s][info][gc             ] GC(567) Pause Young (Prepare Mixed) (G1 Evacuation Pause) 3620M->1446M(4096M) 117.475ms
[2896.606s][info][gc,cpu         ] GC(567) User=0.69s Sys=0.01s Real=0.12s
....[2900.312s][info][gc,start       ] GC(568) Pause Young (Mixed) (G1 Evacuation Pause)
[2900.312s][info][gc,task        ] GC(568) Using 6 workers of 6 for evacuation
[2900.447s][info][gc,phases      ] GC(568)   Pre Evacuate Collection Set: 0.38ms
[2900.447s][info][gc,phases      ] GC(568)   Merge Heap Roots: 0.66ms
[2900.447s][info][gc,phases      ] GC(568)   Evacuate Collection Set: 132.31ms
[2900.447s][info][gc,phases      ] GC(568)   Post Evacuate Collection Set: 0.97ms
[2900.447s][info][gc,phases      ] GC(568)   Other: 0.10ms
[2900.447s][info][gc,heap        ] GC(568) Eden regions: 1110->0(1116)
[2900.447s][info][gc,heap        ] GC(568) Survivor regions: 110->112(153)
[2900.447s][info][gc,heap        ] GC(568) Old regions: 535->472
[2900.447s][info][gc,heap        ] GC(568) Humongous regions: 80->80
[2900.447s][info][gc,metaspace   ] GC(568) Metaspace: 28975K(29312K)->28975K(29312K) NonClass: 24096K(24256K)->24096K(24256K) Class: 4878K(5056K)->4878K(5056K)
[2900.447s][info][gc             ] GC(568) Pause Young (Mixed) (G1 Evacuation Pause) 3666M->1325M(4096M) 134.561ms
[2900.447s][info][gc,cpu         ] GC(568) User=0.79s Sys=0.00s Real=0.14s
....[2904.162s][info][gc,start       ] GC(569) Pause Young (Concurrent Start) (G1 Evacuation Pause)
[2904.162s][info][gc,task        ] GC(569) Using 6 workers of 6 for evacuation
[2904.279s][info][gc,phases      ] GC(569)   Pre Evacuate Collection Set: 0.41ms
[2904.279s][info][gc,phases      ] GC(569)   Merge Heap Roots: 0.51ms
[2904.279s][info][gc,phases      ] GC(569)   Evacuate Collection Set: 115.21ms
[2904.279s][info][gc,phases      ] GC(569)   Post Evacuate Collection Set: 0.94ms
[2904.279s][info][gc,phases      ] GC(569)   Other: 0.11ms
[2904.279s][info][gc,heap        ] GC(569) Eden regions: 1116->0(1120)
[2904.279s][info][gc,heap        ] GC(569) Survivor regions: 112->108(154)
[2904.279s][info][gc,heap        ] GC(569) Old regions: 472->505
[2904.279s][info][gc,heap        ] GC(569) Humongous regions: 80->80
[2904.279s][info][gc,metaspace   ] GC(569) Metaspace: 28975K(29312K)->28975K(29312K) NonClass: 24096K(24256K)->24096K(24256K) Class: 4878K(5056K)->4878K(5056K)
[2904.279s][info][gc             ] GC(569) Pause Young (Concurrent Start) (G1 Evacuation Pause) 3557M->1382M(4096M) 117.332ms
[2904.279s][info][gc             ] GC(570) Concurrent Mark Cycle
[2904.279s][info][gc,marking     ] GC(570) Concurrent Scan Root Regions
[2904.279s][info][gc,cpu         ] GC(569) User=0.69s Sys=0.00s Real=0.12s
[2904.459s][info][gc,marking     ] GC(570) Concurrent Scan Root Regions 179.207ms
[2904.459s][info][gc,marking     ] GC(570) Concurrent Mark
[2904.459s][info][gc,marking     ] GC(570) Concurrent Mark From Roots
[2904.459s][info][gc,task        ] GC(570) Using 2 workers of 2 for marking
.[2905.421s][info][gc,marking     ] GC(570) Concurrent Mark From Roots 961.840ms
[2905.421s][info][gc,marking     ] GC(570) Concurrent Preclean
[2905.421s][info][gc,marking     ] GC(570) Concurrent Preclean 0.090ms
[2905.421s][info][gc,start       ] GC(570) Pause Remark
[2905.427s][info][gc             ] GC(570) Pause Remark 2075M->2075M(4096M) 6.202ms
[2905.427s][info][gc,cpu         ] GC(570) User=0.03s Sys=0.00s Real=0.01s
[2905.427s][info][gc,marking     ] GC(570) Concurrent Mark 968.397ms
[2905.427s][info][gc,marking     ] GC(570) Concurrent Rebuild Remembered Sets and Scrub Regions
[2905.697s][info][gc,marking     ] GC(570) Concurrent Rebuild Remembered Sets and Scrub Regions 269.761ms
[2905.698s][info][gc,start       ] GC(570) Pause Cleanup
[2905.698s][info][gc             ] GC(570) Pause Cleanup 2226M->2226M(4096M) 0.142ms
[2905.698s][info][gc,cpu         ] GC(570) User=0.00s Sys=0.00s Real=0.00s
[2905.698s][info][gc,marking     ] GC(570) Concurrent Clear Claimed Marks
[2905.698s][info][gc,marking     ] GC(570) Concurrent Clear Claimed Marks 0.033ms
[2905.698s][info][gc,marking     ] GC(570) Concurrent Cleanup for Next Mark
[2905.702s][info][gc,marking     ] GC(570) Concurrent Cleanup for Next Mark 3.932ms
[2905.702s][info][gc             ] GC(570) Concurrent Mark Cycle 1422.657ms
...[2908.120s][info][gc,start       ] GC(571) Pause Young (Prepare Mixed) (G1 Evacuation Pause)
[2908.120s][info][gc,task        ] GC(571) Using 6 workers of 6 for evacuation
[2908.236s][info][gc,phases      ] GC(571)   Pre Evacuate Collection Set: 0.35ms
[2908.236s][info][gc,phases      ] GC(571)   Merge Heap Roots: 0.52ms
[2908.236s][info][gc,phases      ] GC(571)   Evacuate Collection Set: 113.97ms
[2908.236s][info][gc,phases      ] GC(571)   Post Evacuate Collection Set: 0.95ms
[2908.236s][info][gc,phases      ] GC(571)   Other: 0.11ms
[2908.236s][info][gc,heap        ] GC(571) Eden regions: 1120->0(1113)
[2908.236s][info][gc,heap        ] GC(571) Survivor regions: 108->108(154)
[2908.236s][info][gc,heap        ] GC(571) Old regions: 505->536
[2908.236s][info][gc,heap        ] GC(571) Humongous regions: 80->80
[2908.236s][info][gc,metaspace   ] GC(571) Metaspace: 28975K(29312K)->28975K(29312K) NonClass: 24096K(24256K)->24096K(24256K) Class: 4878K(5056K)->4878K(5056K)
[2908.236s][info][gc             ] GC(571) Pause Young (Prepare Mixed) (G1 Evacuation Pause) 3622M->1445M(4096M) 116.024ms
[2908.236s][info][gc,cpu         ] GC(571) User=0.69s Sys=0.00s Real=0.12s
....[2911.965s][info][gc,start       ] GC(572) Pause Young (Mixed) (G1 Evacuation Pause)
[2911.965s][info][gc,task        ] GC(572) Using 6 workers of 6 for evacuation
[2912.103s][info][gc,phases      ] GC(572)   Pre Evacuate Collection Set: 0.39ms
[2912.103s][info][gc,phases      ] GC(572)   Merge Heap Roots: 0.69ms
[2912.103s][info][gc,phases      ] GC(572)   Evacuate Collection Set: 135.02ms
[2912.103s][info][gc,phases      ] GC(572)   Post Evacuate Collection Set: 1.02ms
[2912.103s][info][gc,phases      ] GC(572)   Other: 0.09ms
[2912.103s][info][gc,heap        ] GC(572) Eden regions: 1113->0(1116)
[2912.103s][info][gc,heap        ] GC(572) Survivor regions: 108->112(153)
[2912.103s][info][gc,heap        ] GC(572) Old regions: 536->473
[2912.103s][info][gc,heap        ] GC(572) Humongous regions: 80->80
[2912.103s][info][gc,metaspace   ] GC(572) Metaspace: 28975K(29312K)->28975K(29312K) NonClass: 24096K(24256K)->24096K(24256K) Class: 4878K(5056K)->4878K(5056K)
[2912.103s][info][gc             ] GC(572) Pause Young (Mixed) (G1 Evacuation Pause) 3671M->1328M(4096M) 137.343ms
[2912.103s][info][gc,cpu         ] GC(572) User=0.81s Sys=0.00s Real=0.14s
...[2915.814s][info][gc,start       ] GC(573) Pause Young (Concurrent Start) (G1 Evacuation Pause)
[2915.814s][info][gc,task        ] GC(573) Using 6 workers of 6 for evacuation
[2915.935s][info][gc,phases      ] GC(573)   Pre Evacuate Collection Set: 0.41ms
[2915.935s][info][gc,phases      ] GC(573)   Merge Heap Roots: 0.52ms
[2915.935s][info][gc,phases      ] GC(573)   Evacuate Collection Set: 119.46ms
[2915.935s][info][gc,phases      ] GC(573)   Post Evacuate Collection Set: 0.92ms
[2915.935s][info][gc,phases      ] GC(573)   Other: 0.14ms
[2915.935s][info][gc,heap        ] GC(573) Eden regions: 1116->0(1117)
[2915.935s][info][gc,heap        ] GC(573) Survivor regions: 112->111(154)
[2915.935s][info][gc,heap        ] GC(573) Old regions: 473->506
[2915.935s][info][gc,heap        ] GC(573) Humongous regions: 80->80
[2915.935s][info][gc,metaspace   ] GC(573) Metaspace: 28975K(29312K)->28975K(29312K) NonClass: 24096K(24256K)->24096K(24256K) Class: 4878K(5056K)->4878K(5056K)
[2915.935s][info][gc             ] GC(573) Pause Young (Concurrent Start) (G1 Evacuation Pause) 3560M->1392M(4096M) 121.581ms
[2915.935s][info][gc             ] GC(574) Concurrent Mark Cycle
[2915.935s][info][gc,marking     ] GC(574) Concurrent Scan Root Regions
[2915.935s][info][gc,cpu         ] GC(573) User=0.71s Sys=0.00s Real=0.12s
.[2916.086s][info][gc,marking     ] GC(574) Concurrent Scan Root Regions 150.771ms
[2916.086s][info][gc,marking     ] GC(574) Concurrent Mark
[2916.086s][info][gc,marking     ] GC(574) Concurrent Mark From Roots
[2916.086s][info][gc,task        ] GC(574) Using 2 workers of 2 for marking
[2916.770s][info][gc,marking     ] GC(574) Concurrent Mark From Roots 683.943ms
[2916.770s][info][gc,marking     ] GC(574) Concurrent Preclean
[2916.770s][info][gc,marking     ] GC(574) Concurrent Preclean 0.113ms
[2916.771s][info][gc,start       ] GC(574) Pause Remark
[2916.777s][info][gc             ] GC(574) Pause Remark 1862M->1862M(4096M) 6.155ms
[2916.777s][info][gc,cpu         ] GC(574) User=0.03s Sys=0.00s Real=0.01s
[2916.778s][info][gc,marking     ] GC(574) Concurrent Mark 691.271ms
[2916.778s][info][gc,marking     ] GC(574) Concurrent Rebuild Remembered Sets and Scrub Regions
.[2917.020s][info][gc,marking     ] GC(574) Concurrent Rebuild Remembered Sets and Scrub Regions 242.777ms
[2917.020s][info][gc,start       ] GC(574) Pause Cleanup
[2917.021s][info][gc             ] GC(574) Pause Cleanup 2002M->2002M(4096M) 0.114ms
[2917.021s][info][gc,cpu         ] GC(574) User=0.00s Sys=0.00s Real=0.00s
[2917.021s][info][gc,marking     ] GC(574) Concurrent Clear Claimed Marks
[2917.021s][info][gc,marking     ] GC(574) Concurrent Clear Claimed Marks 0.026ms
[2917.021s][info][gc,marking     ] GC(574) Concurrent Cleanup for Next Mark
[2917.024s][info][gc,marking     ] GC(574) Concurrent Cleanup for Next Mark 3.253ms
[2917.024s][info][gc             ] GC(574) Concurrent Mark Cycle 1088.494ms
..[2919.822s][info][gc,start       ] GC(575) Pause Young (Prepare Mixed) (G1 Evacuation Pause)
[2919.822s][info][gc,task        ] GC(575) Using 6 workers of 6 for evacuation
[2919.941s][info][gc,phases      ] GC(575)   Pre Evacuate Collection Set: 0.37ms
[2919.941s][info][gc,phases      ] GC(575)   Merge Heap Roots: 0.52ms
[2919.941s][info][gc,phases      ] GC(575)   Evacuate Collection Set: 116.96ms
[2919.941s][info][gc,phases      ] GC(575)   Post Evacuate Collection Set: 0.95ms
[2919.941s][info][gc,phases      ] GC(575)   Other: 0.09ms
[2919.941s][info][gc,heap        ] GC(575) Eden regions: 1117->0(1106)
[2919.941s][info][gc,heap        ] GC(575) Survivor regions: 111->111(154)
[2919.941s][info][gc,heap        ] GC(575) Old regions: 506->537
[2919.941s][info][gc,heap        ] GC(575) Humongous regions: 80->80
[2919.941s][info][gc,metaspace   ] GC(575) Metaspace: 28972K(29312K)->28972K(29312K) NonClass: 24094K(24256K)->24094K(24256K) Class: 4877K(5056K)->4877K(5056K)
[2919.941s][info][gc             ] GC(575) Pause Young (Prepare Mixed) (G1 Evacuation Pause) 3626M->1455M(4096M) 119.020ms
[2919.941s][info][gc,cpu         ] GC(575) User=0.70s Sys=0.01s Real=0.11s
....[2923.699s][info][gc,start       ] GC(576) Pause Young (Mixed) (G1 Evacuation Pause)
[2923.699s][info][gc,task        ] GC(576) Using 6 workers of 6 for evacuation
[2923.830s][info][gc,phases      ] GC(576)   Pre Evacuate Collection Set: 0.40ms
[2923.830s][info][gc,phases      ] GC(576)   Merge Heap Roots: 0.65ms
[2923.830s][info][gc,phases      ] GC(576)   Evacuate Collection Set: 128.64ms
[2923.830s][info][gc,phases      ] GC(576)   Post Evacuate Collection Set: 0.99ms
[2923.830s][info][gc,phases      ] GC(576)   Other: 0.10ms
[2923.830s][info][gc,heap        ] GC(576) Eden regions: 1106->0(1118)
[2923.830s][info][gc,heap        ] GC(576) Survivor regions: 111->110(153)
[2923.830s][info][gc,heap        ] GC(576) Old regions: 537->474
[2923.830s][info][gc,heap        ] GC(576) Humongous regions: 80->80
[2923.830s][info][gc,metaspace   ] GC(576) Metaspace: 28972K(29312K)->28972K(29312K) NonClass: 24094K(24256K)->24094K(24256K) Class: 4877K(5056K)->4877K(5056K)
[2923.830s][info][gc             ] GC(576) Pause Young (Mixed) (G1 Evacuation Pause) 3667M->1325M(4096M) 130.911ms
[2923.830s][info][gc,cpu         ] GC(576) User=0.77s Sys=0.00s Real=0.13s
....[2927.509s][info][gc,start       ] GC(577) Pause Young (Concurrent Start) (G1 Evacuation Pause)
[2927.509s][info][gc,task        ] GC(577) Using 6 workers of 6 for evacuation
[2927.626s][info][gc,phases      ] GC(577)   Pre Evacuate Collection Set: 0.41ms
[2927.626s][info][gc,phases      ] GC(577)   Merge Heap Roots: 0.50ms
[2927.626s][info][gc,phases      ] GC(577)   Evacuate Collection Set: 115.18ms
[2927.626s][info][gc,phases      ] GC(577)   Post Evacuate Collection Set: 0.91ms
[2927.626s][info][gc,phases      ] GC(577)   Other: 0.13ms
[2927.626s][info][gc,heap        ] GC(577) Eden regions: 1118->0(1120)
[2927.626s][info][gc,heap        ] GC(577) Survivor regions: 110->108(154)
[2927.626s][info][gc,heap        ] GC(577) Old regions: 474->507
[2927.626s][info][gc,heap        ] GC(577) Humongous regions: 80->80
[2927.626s][info][gc,metaspace   ] GC(577) Metaspace: 28972K(29312K)->28972K(29312K) NonClass: 24094K(24256K)->24094K(24256K) Class: 4877K(5056K)->4877K(5056K)
[2927.626s][info][gc             ] GC(577) Pause Young (Concurrent Start) (G1 Evacuation Pause) 3561M->1388M(4096M) 117.261ms
[2927.626s][info][gc             ] GC(578) Concurrent Mark Cycle
[2927.626s][info][gc,marking     ] GC(578) Concurrent Scan Root Regions
[2927.626s][info][gc,cpu         ] GC(577) User=0.69s Sys=0.00s Real=0.12s
[2927.749s][info][gc,marking     ] GC(578) Concurrent Scan Root Regions 123.620ms
[2927.750s][info][gc,marking     ] GC(578) Concurrent Mark
[2927.750s][info][gc,marking     ] GC(578) Concurrent Mark From Roots
[2927.750s][info][gc,task        ] GC(578) Using 2 workers of 2 for marking
.[2928.294s][info][gc,marking     ] GC(578) Concurrent Mark From Roots 544.648ms
[2928.294s][info][gc,marking     ] GC(578) Concurrent Preclean
[2928.294s][info][gc,marking     ] GC(578) Concurrent Preclean 0.101ms
[2928.295s][info][gc,start       ] GC(578) Pause Remark
[2928.299s][info][gc             ] GC(578) Pause Remark 1822M->1822M(4096M) 4.000ms
[2928.299s][info][gc,cpu         ] GC(578) User=0.02s Sys=0.00s Real=0.00s
[2928.299s][info][gc,marking     ] GC(578) Concurrent Mark 549.844ms
[2928.299s][info][gc,marking     ] GC(578) Concurrent Rebuild Remembered Sets and Scrub Regions
[2928.506s][info][gc,marking     ] GC(578) Concurrent Rebuild Remembered Sets and Scrub Regions 206.664ms
[2928.506s][info][gc,start       ] GC(578) Pause Cleanup
[2928.506s][info][gc             ] GC(578) Pause Cleanup 1978M->1978M(4096M) 0.125ms
[2928.506s][info][gc,cpu         ] GC(578) User=0.00s Sys=0.00s Real=0.00s
[2928.507s][info][gc,marking     ] GC(578) Concurrent Clear Claimed Marks
[2928.507s][info][gc,marking     ] GC(578) Concurrent Clear Claimed Marks 0.032ms
[2928.507s][info][gc,marking     ] GC(578) Concurrent Cleanup for Next Mark
[2928.513s][info][gc,marking     ] GC(578) Concurrent Cleanup for Next Mark 5.868ms
[2928.513s][info][gc             ] GC(578) Concurrent Mark Cycle 886.845ms
...[2931.442s][info][gc,start       ] GC(579) Pause Young (Prepare Mixed) (G1 Evacuation Pause)
[2931.442s][info][gc,task        ] GC(579) Using 6 workers of 6 for evacuation
[2931.558s][info][gc,phases      ] GC(579)   Pre Evacuate Collection Set: 0.36ms
[2931.558s][info][gc,phases      ] GC(579)   Merge Heap Roots: 0.52ms
[2931.558s][info][gc,phases      ] GC(579)   Evacuate Collection Set: 114.23ms
[2931.558s][info][gc,phases      ] GC(579)   Post Evacuate Collection Set: 0.93ms
[2931.558s][info][gc,phases      ] GC(579)   Other: 0.11ms
[2931.558s][info][gc,heap        ] GC(579) Eden regions: 1120->0(1110)
[2931.558s][info][gc,heap        ] GC(579) Survivor regions: 108->108(154)
[2931.558s][info][gc,heap        ] GC(579) Old regions: 507->539
[2931.558s][info][gc,heap        ] GC(579) Humongous regions: 80->80
[2931.558s][info][gc,metaspace   ] GC(579) Metaspace: 28972K(29312K)->28972K(29312K) NonClass: 24094K(24256K)->24094K(24256K) Class: 4877K(5056K)->4877K(5056K)
[2931.558s][info][gc             ] GC(579) Pause Young (Prepare Mixed) (G1 Evacuation Pause) 3628M->1452M(4096M) 116.283ms
[2931.558s][info][gc,cpu         ] GC(579) User=0.69s Sys=0.00s Real=0.12s
....[2935.303s][info][gc,start       ] GC(580) Pause Young (Mixed) (G1 Evacuation Pause)
[2935.303s][info][gc,task        ] GC(580) Using 6 workers of 6 for evacuation
[2935.432s][info][gc,phases      ] GC(580)   Pre Evacuate Collection Set: 0.38ms
[2935.432s][info][gc,phases      ] GC(580)   Merge Heap Roots: 0.66ms
[2935.432s][info][gc,phases      ] GC(580)   Evacuate Collection Set: 127.27ms
[2935.432s][info][gc,phases      ] GC(580)   Post Evacuate Collection Set: 0.99ms
[2935.432s][info][gc,phases      ] GC(580)   Other: 0.08ms
[2935.432s][info][gc,heap        ] GC(580) Eden regions: 1110->0(1120)
[2935.432s][info][gc,heap        ] GC(580) Survivor regions: 108->108(153)
[2935.432s][info][gc,heap        ] GC(580) Old regions: 539->475
[2935.432s][info][gc,heap        ] GC(580) Humongous regions: 80->80
[2935.432s][info][gc,metaspace   ] GC(580) Metaspace: 28972K(29312K)->28972K(29312K) NonClass: 24094K(24256K)->24094K(24256K) Class: 4877K(5056K)->4877K(5056K)
[2935.432s][info][gc             ] GC(580) Pause Young (Mixed) (G1 Evacuation Pause) 3672M->1323M(4096M) 129.515ms
[2935.432s][info][gc,cpu         ] GC(580) User=0.77s Sys=0.00s Real=0.12s
....[2939.272s][info][gc,start       ] GC(581) Pause Young (Concurrent Start) (G1 Evacuation Pause)
[2939.272s][info][gc,task        ] GC(581) Using 6 workers of 6 for evacuation
[2939.389s][info][gc,phases      ] GC(581)   Pre Evacuate Collection Set: 0.43ms
[2939.389s][info][gc,phases      ] GC(581)   Merge Heap Roots: 0.48ms
[2939.389s][info][gc,phases      ] GC(581)   Evacuate Collection Set: 114.91ms
[2939.389s][info][gc,phases      ] GC(581)   Post Evacuate Collection Set: 0.92ms
[2939.389s][info][gc,phases      ] GC(581)   Other: 0.10ms
[2939.389s][info][gc,heap        ] GC(581) Eden regions: 1120->0(1120)
[2939.389s][info][gc,heap        ] GC(581) Survivor regions: 108->108(154)
[2939.389s][info][gc,heap        ] GC(581) Old regions: 475->507
[2939.389s][info][gc,heap        ] GC(581) Humongous regions: 80->80
[2939.389s][info][gc,metaspace   ] GC(581) Metaspace: 28972K(29312K)->28972K(29312K) NonClass: 24094K(24256K)->24094K(24256K) Class: 4877K(5056K)->4877K(5056K)
[2939.389s][info][gc             ] GC(581) Pause Young (Concurrent Start) (G1 Evacuation Pause) 3563M->1389M(4096M) 116.967ms
[2939.389s][info][gc             ] GC(582) Concurrent Mark Cycle
[2939.389s][info][gc,marking     ] GC(582) Concurrent Scan Root Regions
[2939.389s][info][gc,cpu         ] GC(581) User=0.69s Sys=0.00s Real=0.12s
[2939.532s][info][gc,marking     ] GC(582) Concurrent Scan Root Regions 142.983ms
[2939.532s][info][gc,marking     ] GC(582) Concurrent Mark
[2939.532s][info][gc,marking     ] GC(582) Concurrent Mark From Roots
[2939.532s][info][gc,task        ] GC(582) Using 2 workers of 2 for marking
.[2940.313s][info][gc,marking     ] GC(582) Concurrent Mark From Roots 780.297ms
[2940.313s][info][gc,marking     ] GC(582) Concurrent Preclean
[2940.313s][info][gc,marking     ] GC(582) Concurrent Preclean 0.116ms
[2940.313s][info][gc,start       ] GC(582) Pause Remark
[2940.319s][info][gc             ] GC(582) Pause Remark 2011M->2011M(4096M) 5.370ms
[2940.319s][info][gc,cpu         ] GC(582) User=0.03s Sys=0.00s Real=0.00s
[2940.320s][info][gc,marking     ] GC(582) Concurrent Mark 787.682ms
[2940.320s][info][gc,marking     ] GC(582) Concurrent Rebuild Remembered Sets and Scrub Regions
[2940.561s][info][gc,marking     ] GC(582) Concurrent Rebuild Remembered Sets and Scrub Regions 240.871ms
[2940.561s][info][gc,start       ] GC(582) Pause Cleanup
[2940.561s][info][gc             ] GC(582) Pause Cleanup 2144M->2144M(4096M) 0.130ms
[2940.561s][info][gc,cpu         ] GC(582) User=0.00s Sys=0.00s Real=0.00s
[2940.561s][info][gc,marking     ] GC(582) Concurrent Clear Claimed Marks
[2940.561s][info][gc,marking     ] GC(582) Concurrent Clear Claimed Marks 0.023ms
[2940.561s][info][gc,marking     ] GC(582) Concurrent Cleanup for Next Mark
[2940.565s][info][gc,marking     ] GC(582) Concurrent Cleanup for Next Mark 3.521ms
[2940.565s][info][gc             ] GC(582) Concurrent Mark Cycle 1175.544ms
...[2943.164s][info][gc,start       ] GC(583) Pause Young (Prepare Mixed) (G1 Evacuation Pause)
[2943.164s][info][gc,task        ] GC(583) Using 6 workers of 6 for evacuation
[2943.280s][info][gc,phases      ] GC(583)   Pre Evacuate Collection Set: 0.37ms
[2943.280s][info][gc,phases      ] GC(583)   Merge Heap Roots: 0.54ms
[2943.280s][info][gc,phases      ] GC(583)   Evacuate Collection Set: 113.80ms
[2943.280s][info][gc,phases      ] GC(583)   Post Evacuate Collection Set: 0.96ms
[2943.280s][info][gc,phases      ] GC(583)   Other: 0.09ms
[2943.280s][info][gc,heap        ] GC(583) Eden regions: 1120->0(1110)
[2943.280s][info][gc,heap        ] GC(583) Survivor regions: 108->108(154)
[2943.280s][info][gc,heap        ] GC(583) Old regions: 507->539
[2943.280s][info][gc,heap        ] GC(583) Humongous regions: 80->80
[2943.280s][info][gc,metaspace   ] GC(583) Metaspace: 28972K(29312K)->28972K(29312K) NonClass: 24094K(24256K)->24094K(24256K) Class: 4877K(5056K)->4877K(5056K)
[2943.280s][info][gc             ] GC(583) Pause Young (Prepare Mixed) (G1 Evacuation Pause) 3629M->1452M(4096M) 115.887ms
[2943.280s][info][gc,cpu         ] GC(583) User=0.68s Sys=0.00s Real=0.11s
....[2947.046s][info][gc,start       ] GC(584) Pause Young (Mixed) (G1 Evacuation Pause)
[2947.046s][info][gc,task        ] GC(584) Using 6 workers of 6 for evacuation
[2947.179s][info][gc,phases      ] GC(584)   Pre Evacuate Collection Set: 0.39ms
[2947.179s][info][gc,phases      ] GC(584)   Merge Heap Roots: 0.68ms
[2947.179s][info][gc,phases      ] GC(584)   Evacuate Collection Set: 131.20ms
[2947.179s][info][gc,phases      ] GC(584)   Post Evacuate Collection Set: 0.97ms
[2947.179s][info][gc,phases      ] GC(584)   Other: 0.09ms
[2947.179s][info][gc,heap        ] GC(584) Eden regions: 1110->0(1118)
[2947.179s][info][gc,heap        ] GC(584) Survivor regions: 108->110(153)
[2947.179s][info][gc,heap        ] GC(584) Old regions: 539->475
[2947.179s][info][gc,heap        ] GC(584) Humongous regions: 80->80
[2947.179s][info][gc,metaspace   ] GC(584) Metaspace: 28972K(29312K)->28972K(29312K) NonClass: 24094K(24256K)->24094K(24256K) Class: 4877K(5056K)->4877K(5056K)
[2947.179s][info][gc             ] GC(584) Pause Young (Mixed) (G1 Evacuation Pause) 3672M->1327M(4096M) 133.453ms
[2947.179s][info][gc,cpu         ] GC(584) User=0.79s Sys=0.00s Real=0.13s
...[2950.957s][info][gc,start       ] GC(585) Pause Young (Concurrent Start) (G1 Evacuation Pause)
[2950.957s][info][gc,task        ] GC(585) Using 6 workers of 6 for evacuation
[2951.076s][info][gc,phases      ] GC(585)   Pre Evacuate Collection Set: 0.38ms
[2951.076s][info][gc,phases      ] GC(585)   Merge Heap Roots: 0.48ms
[2951.076s][info][gc,phases      ] GC(585)   Evacuate Collection Set: 117.49ms
[2951.076s][info][gc,phases      ] GC(585)   Post Evacuate Collection Set: 0.91ms
[2951.076s][info][gc,phases      ] GC(585)   Other: 0.12ms
[2951.076s][info][gc,heap        ] GC(585) Eden regions: 1118->0(1115)
[2951.076s][info][gc,heap        ] GC(585) Survivor regions: 110->113(154)
[2951.076s][info][gc,heap        ] GC(585) Old regions: 475->506
[2951.076s][info][gc,heap        ] GC(585) Humongous regions: 80->80
[2951.076s][info][gc,metaspace   ] GC(585) Metaspace: 28972K(29312K)->28972K(29312K) NonClass: 24094K(24256K)->24094K(24256K) Class: 4877K(5056K)->4877K(5056K)
[2951.077s][info][gc             ] GC(585) Pause Young (Concurrent Start) (G1 Evacuation Pause) 3563M->1395M(4096M) 119.522ms
[2951.077s][info][gc             ] GC(586) Concurrent Mark Cycle
[2951.077s][info][gc,marking     ] GC(586) Concurrent Scan Root Regions
[2951.077s][info][gc,cpu         ] GC(585) User=0.71s Sys=0.00s Real=0.12s
.[2951.291s][info][gc,marking     ] GC(586) Concurrent Scan Root Regions 214.779ms
[2951.291s][info][gc,marking     ] GC(586) Concurrent Mark
[2951.291s][info][gc,marking     ] GC(586) Concurrent Mark From Roots
[2951.291s][info][gc,task        ] GC(586) Using 2 workers of 2 for marking
[2952.006s][info][gc,marking     ] GC(586) Concurrent Mark From Roots 714.113ms
[2952.006s][info][gc,marking     ] GC(586) Concurrent Preclean
[2952.006s][info][gc,marking     ] GC(586) Concurrent Preclean 0.103ms
[2952.006s][info][gc,start       ] GC(586) Pause Remark
[2952.011s][info][gc             ] GC(586) Pause Remark 1993M->1993M(4096M) 5.081ms
[2952.011s][info][gc,cpu         ] GC(586) User=0.02s Sys=0.00s Real=0.00s
[2952.011s][info][gc,marking     ] GC(586) Concurrent Mark 719.579ms
[2952.011s][info][gc,marking     ] GC(586) Concurrent Rebuild Remembered Sets and Scrub Regions
.[2952.259s][info][gc,marking     ] GC(586) Concurrent Rebuild Remembered Sets and Scrub Regions 248.202ms
[2952.261s][info][gc,start       ] GC(586) Pause Cleanup
[2952.261s][info][gc             ] GC(586) Pause Cleanup 2165M->2165M(4096M) 0.151ms
[2952.261s][info][gc,cpu         ] GC(586) User=0.00s Sys=0.00s Real=0.00s
[2952.261s][info][gc,marking     ] GC(586) Concurrent Clear Claimed Marks
[2952.261s][info][gc,marking     ] GC(586) Concurrent Clear Claimed Marks 0.026ms
[2952.261s][info][gc,marking     ] GC(586) Concurrent Cleanup for Next Mark
[2952.268s][info][gc,marking     ] GC(586) Concurrent Cleanup for Next Mark 7.141ms
[2952.268s][info][gc             ] GC(586) Concurrent Mark Cycle 1191.828ms
..[2954.749s][info][gc,start       ] GC(587) Pause Young (Prepare Mixed) (G1 Evacuation Pause)
[2954.749s][info][gc,task        ] GC(587) Using 6 workers of 6 for evacuation
[2954.865s][info][gc,phases      ] GC(587)   Pre Evacuate Collection Set: 0.40ms
[2954.865s][info][gc,phases      ] GC(587)   Merge Heap Roots: 0.60ms
[2954.865s][info][gc,phases      ] GC(587)   Evacuate Collection Set: 113.94ms
[2954.865s][info][gc,phases      ] GC(587)   Post Evacuate Collection Set: 0.93ms
[2954.865s][info][gc,phases      ] GC(587)   Other: 0.10ms
[2954.865s][info][gc,heap        ] GC(587) Eden regions: 1115->0(1108)
[2954.865s][info][gc,heap        ] GC(587) Survivor regions: 113->110(154)
[2954.865s][info][gc,heap        ] GC(587) Old regions: 506->537
[2954.865s][info][gc,heap        ] GC(587) Humongous regions: 80->80
[2954.865s][info][gc,metaspace   ] GC(587) Metaspace: 28972K(29312K)->28972K(29312K) NonClass: 24094K(24256K)->24094K(24256K) Class: 4877K(5056K)->4877K(5056K)
[2954.865s][info][gc             ] GC(587) Pause Young (Prepare Mixed) (G1 Evacuation Pause) 3625M->1452M(4096M) 116.129ms
[2954.865s][info][gc,cpu         ] GC(587) User=0.69s Sys=0.00s Real=0.12s
.. (rIR:aIR:PR = 4843:4843:4843) (tPR = 71398) [OK] 
  2956s: Performance info:
         Transaction,    Success,    Partial,     Failed,   Receipts, AvgBarcode, 
             Overall,     291865,          0,          0,     277290,      59.47, 
         Response times:
             Request,    Success,    Partial,     Failed,   SkipFail,     Probes,    Samples,      min,      p50,      p90,      p95,      p99,      max, 
       TotalPurchase,     277288,          0,          0,          0,     272330,     291745,      300,     4000,     7700,    15500,    76000,   217000,
     InStorePurchase,     146000,          0,          0,          0,     143688,     153920,      300,     4100,     7800,    15900,    76000,   202000,
      OnlinePurchase,     102117,          0,          0,          0,     100292,     107116,      300,     3900,     7700,    15200,    77000,   217000,
        InstPurchase,      29171,          0,          0,          0,      28350,      30709,      400,     3800,     7600,    14900,    79900,   217000,
          AssocOfCat,        291,          0,          0,          0,        228,        317,    21000,    31000,    47000,    64500,   163200,   173000,
      AssocOfProduct,       2921,          0,          0,          0,       2715,       3098,      500,     2900,     7300,    11600,    61010,   147000,
      BusinessReport,        730,          0,          0,          0,        636,        763,    25000,    36000,    56000,    78400,   178000,   212000,
          CustBuyBeh,       2909,          0,          0,          0,       2684,       3067,      600,     3100,     7000,    12300,    60000,   136000,
       ProductReturn,       7724,          0,          0,          0,       7341,       8041,      200,     3300,     7400,    12000,    64000,   139000,

  2956s: (36%)   IR =   4981 ..[2958.569s][info][gc,start       ] GC(588) Pause Young (Mixed) (G1 Evacuation Pause)
[2958.569s][info][gc,task        ] GC(588) Using 6 workers of 6 for evacuation
[2958.702s][info][gc,phases      ] GC(588)   Pre Evacuate Collection Set: 0.40ms
[2958.702s][info][gc,phases      ] GC(588)   Merge Heap Roots: 0.67ms
[2958.702s][info][gc,phases      ] GC(588)   Evacuate Collection Set: 130.53ms
[2958.702s][info][gc,phases      ] GC(588)   Post Evacuate Collection Set: 1.00ms
[2958.702s][info][gc,phases      ] GC(588)   Other: 0.09ms
[2958.702s][info][gc,heap        ] GC(588) Eden regions: 1108->0(1119)
[2958.702s][info][gc,heap        ] GC(588) Survivor regions: 110->109(153)
[2958.702s][info][gc,heap        ] GC(588) Old regions: 537->473
[2958.702s][info][gc,heap        ] GC(588) Humongous regions: 80->80
[2958.702s][info][gc,metaspace   ] GC(588) Metaspace: 28972K(29312K)->28972K(29312K) NonClass: 24094K(24256K)->24094K(24256K) Class: 4877K(5056K)->4877K(5056K)
[2958.702s][info][gc             ] GC(588) Pause Young (Mixed) (G1 Evacuation Pause) 3668M->1322M(4096M) 132.831ms
[2958.702s][info][gc,cpu         ] GC(588) User=0.78s Sys=0.00s Real=0.13s
....|[2962.414s][info][gc,start       ] GC(589) Pause Young (Concurrent Start) (G1 Evacuation Pause)
[2962.414s][info][gc,task        ] GC(589) Using 6 workers of 6 for evacuation
[2962.531s][info][gc,phases      ] GC(589)   Pre Evacuate Collection Set: 0.42ms
[2962.531s][info][gc,phases      ] GC(589)   Merge Heap Roots: 0.46ms
[2962.531s][info][gc,phases      ] GC(589)   Evacuate Collection Set: 115.56ms
[2962.531s][info][gc,phases      ] GC(589)   Post Evacuate Collection Set: 0.93ms
[2962.531s][info][gc,phases      ] GC(589)   Other: 0.14ms
[2962.531s][info][gc,heap        ] GC(589) Eden regions: 1119->0(1118)
[2962.531s][info][gc,heap        ] GC(589) Survivor regions: 109->110(154)
[2962.531s][info][gc,heap        ] GC(589) Old regions: 473->505
[2962.531s][info][gc,heap        ] GC(589) Humongous regions: 80->80
[2962.531s][info][gc,metaspace   ] GC(589) Metaspace: 28972K(29312K)->28972K(29312K) NonClass: 24094K(24256K)->24094K(24256K) Class: 4877K(5056K)->4877K(5056K)
[2962.531s][info][gc             ] GC(589) Pause Young (Concurrent Start) (G1 Evacuation Pause) 3560M->1387M(4096M) 117.648ms
[2962.531s][info][gc             ] GC(590) Concurrent Mark Cycle
[2962.532s][info][gc,marking     ] GC(590) Concurrent Scan Root Regions
[2962.532s][info][gc,cpu         ] GC(589) User=0.69s Sys=0.00s Real=0.11s
[2962.714s][info][gc,marking     ] GC(590) Concurrent Scan Root Regions 182.082ms
[2962.714s][info][gc,marking     ] GC(590) Concurrent Mark
[2962.714s][info][gc,marking     ] GC(590) Concurrent Mark From Roots
[2962.714s][info][gc,task        ] GC(590) Using 2 workers of 2 for marking
.[2963.644s][info][gc,marking     ] GC(590) Concurrent Mark From Roots 930.634ms
[2963.644s][info][gc,marking     ] GC(590) Concurrent Preclean
[2963.644s][info][gc,marking     ] GC(590) Concurrent Preclean 0.104ms
[2963.645s][info][gc,start       ] GC(590) Pause Remark
[2963.651s][info][gc             ] GC(590) Pause Remark 2147M->2147M(4096M) 6.084ms
[2963.651s][info][gc,cpu         ] GC(590) User=0.04s Sys=0.00s Real=0.00s
[2963.651s][info][gc,marking     ] GC(590) Concurrent Mark 937.126ms
[2963.651s][info][gc,marking     ] GC(590) Concurrent Rebuild Remembered Sets and Scrub Regions
[2963.911s][info][gc,marking     ] GC(590) Concurrent Rebuild Remembered Sets and Scrub Regions 260.484ms
[2963.911s][info][gc,start       ] GC(590) Pause Cleanup
[2963.912s][info][gc             ] GC(590) Pause Cleanup 2286M->2286M(4096M) 0.117ms
[2963.912s][info][gc,cpu         ] GC(590) User=0.00s Sys=0.00s Real=0.00s
[2963.912s][info][gc,marking     ] GC(590) Concurrent Clear Claimed Marks
[2963.912s][info][gc,marking     ] GC(590) Concurrent Clear Claimed Marks 0.025ms
[2963.912s][info][gc,marking     ] GC(590) Concurrent Cleanup for Next Mark
[2963.917s][info][gc,marking     ] GC(590) Concurrent Cleanup for Next Mark 5.266ms
[2963.917s][info][gc             ] GC(590) Concurrent Mark Cycle 1385.462ms
..[2966.166s][info][gc,start       ] GC(591) Pause Young (Prepare Mixed) (G1 Evacuation Pause)
[2966.166s][info][gc,task        ] GC(591) Using 6 workers of 6 for evacuation
[2966.282s][info][gc,phases      ] GC(591)   Pre Evacuate Collection Set: 0.36ms
[2966.282s][info][gc,phases      ] GC(591)   Merge Heap Roots: 0.51ms
[2966.282s][info][gc,phases      ] GC(591)   Evacuate Collection Set: 114.02ms
[2966.282s][info][gc,phases      ] GC(591)   Post Evacuate Collection Set: 0.97ms
[2966.282s][info][gc,phases      ] GC(591)   Other: 0.09ms
[2966.282s][info][gc,heap        ] GC(591) Eden regions: 1118->0(1114)
[2966.282s][info][gc,heap        ] GC(591) Survivor regions: 110->107(154)
[2966.282s][info][gc,heap        ] GC(591) Old regions: 505->537
[2966.282s][info][gc,heap        ] GC(591) Humongous regions: 80->80
[2966.282s][info][gc,metaspace   ] GC(591) Metaspace: 28972K(29312K)->28972K(29312K) NonClass: 24094K(24256K)->24094K(24256K) Class: 4877K(5056K)->4877K(5056K)
[2966.282s][info][gc             ] GC(591) Pause Young (Prepare Mixed) (G1 Evacuation Pause) 3623M->1447M(4096M) 116.084ms
[2966.282s][info][gc,cpu         ] GC(591) User=0.68s Sys=0.00s Real=0.11s
....[2969.958s][info][gc,start       ] GC(592) Pause Young (Mixed) (G1 Evacuation Pause)
[2969.959s][info][gc,task        ] GC(592) Using 6 workers of 6 for evacuation
[2970.089s][info][gc,phases      ] GC(592)   Pre Evacuate Collection Set: 0.45ms
[2970.089s][info][gc,phases      ] GC(592)   Merge Heap Roots: 0.70ms
[2970.089s][info][gc,phases      ] GC(592)   Evacuate Collection Set: 128.65ms
[2970.089s][info][gc,phases      ] GC(592)   Post Evacuate Collection Set: 0.98ms
[2970.089s][info][gc,phases      ] GC(592)   Other: 0.11ms
[2970.089s][info][gc,heap        ] GC(592) Eden regions: 1114->0(1118)
[2970.089s][info][gc,heap        ] GC(592) Survivor regions: 107->110(153)
[2970.089s][info][gc,heap        ] GC(592) Old regions: 537->474
[2970.089s][info][gc,heap        ] GC(592) Humongous regions: 80->80
[2970.089s][info][gc,metaspace   ] GC(592) Metaspace: 28972K(29312K)->28972K(29312K) NonClass: 24094K(24256K)->24094K(24256K) Class: 4877K(5056K)->4877K(5056K)
[2970.089s][info][gc             ] GC(592) Pause Young (Mixed) (G1 Evacuation Pause) 3675M->1327M(4096M) 131.032ms
[2970.090s][info][gc,cpu         ] GC(592) User=0.78s Sys=0.00s Real=0.13s
....[2973.713s][info][gc,start       ] GC(593) Pause Young (Concurrent Start) (G1 Evacuation Pause)
[2973.713s][info][gc,task        ] GC(593) Using 6 workers of 6 for evacuation
[2973.833s][info][gc,phases      ] GC(593)   Pre Evacuate Collection Set: 0.40ms
[2973.833s][info][gc,phases      ] GC(593)   Merge Heap Roots: 0.48ms
[2973.833s][info][gc,phases      ] GC(593)   Evacuate Collection Set: 118.15ms
[2973.833s][info][gc,phases      ] GC(593)   Post Evacuate Collection Set: 0.92ms
[2973.833s][info][gc,phases      ] GC(593)   Other: 0.10ms
[2973.833s][info][gc,heap        ] GC(593) Eden regions: 1118->0(1117)
[2973.833s][info][gc,heap        ] GC(593) Survivor regions: 110->111(154)
[2973.833s][info][gc,heap        ] GC(593) Old regions: 474->506
[2973.833s][info][gc,heap        ] GC(593) Humongous regions: 80->80
[2973.833s][info][gc,metaspace   ] GC(593) Metaspace: 28972K(29312K)->28972K(29312K) NonClass: 24094K(24256K)->24094K(24256K) Class: 4877K(5056K)->4877K(5056K)
[2973.833s][info][gc             ] GC(593) Pause Young (Concurrent Start) (G1 Evacuation Pause) 3563M->1392M(4096M) 120.183ms
[2973.833s][info][gc             ] GC(594) Concurrent Mark Cycle
[2973.833s][info][gc,marking     ] GC(594) Concurrent Scan Root Regions
[2973.833s][info][gc,cpu         ] GC(593) User=0.71s Sys=0.00s Real=0.12s
[2974.020s][info][gc,marking     ] GC(594) Concurrent Scan Root Regions 187.070ms
[2974.020s][info][gc,marking     ] GC(594) Concurrent Mark
[2974.020s][info][gc,marking     ] GC(594) Concurrent Mark From Roots
[2974.020s][info][gc,task        ] GC(594) Using 2 workers of 2 for marking
.[2974.749s][info][gc,marking     ] GC(594) Concurrent Mark From Roots 728.194ms
[2974.749s][info][gc,marking     ] GC(594) Concurrent Preclean
[2974.749s][info][gc,marking     ] GC(594) Concurrent Preclean 0.111ms
[2974.749s][info][gc,start       ] GC(594) Pause Remark
[2974.754s][info][gc             ] GC(594) Pause Remark 1976M->1976M(4096M) 5.025ms
[2974.754s][info][gc,cpu         ] GC(594) User=0.03s Sys=0.00s Real=0.01s
[2974.754s][info][gc,marking     ] GC(594) Concurrent Mark 733.652ms
[2974.754s][info][gc,marking     ] GC(594) Concurrent Rebuild Remembered Sets and Scrub Regions
[2975.019s][info][gc,marking     ] GC(594) Concurrent Rebuild Remembered Sets and Scrub Regions 265.350ms
[2975.020s][info][gc,start       ] GC(594) Pause Cleanup
[2975.020s][info][gc             ] GC(594) Pause Cleanup 2122M->2122M(4096M) 0.117ms
[2975.020s][info][gc,cpu         ] GC(594) User=0.00s Sys=0.00s Real=0.00s
[2975.020s][info][gc,marking     ] GC(594) Concurrent Clear Claimed Marks
[2975.020s][info][gc,marking     ] GC(594) Concurrent Clear Claimed Marks 0.027ms
[2975.020s][info][gc,marking     ] GC(594) Concurrent Cleanup for Next Mark
[2975.023s][info][gc,marking     ] GC(594) Concurrent Cleanup for Next Mark 3.235ms
[2975.023s][info][gc             ] GC(594) Concurrent Mark Cycle 1189.764ms
...[2977.496s][info][gc,start       ] GC(595) Pause Young (Prepare Mixed) (G1 Evacuation Pause)
[2977.496s][info][gc,task        ] GC(595) Using 6 workers of 6 for evacuation
[2977.612s][info][gc,phases      ] GC(595)   Pre Evacuate Collection Set: 0.37ms
[2977.612s][info][gc,phases      ] GC(595)   Merge Heap Roots: 0.51ms
[2977.612s][info][gc,phases      ] GC(595)   Evacuate Collection Set: 114.14ms
[2977.612s][info][gc,phases      ] GC(595)   Post Evacuate Collection Set: 0.95ms
[2977.612s][info][gc,phases      ] GC(595)   Other: 0.09ms
[2977.612s][info][gc,heap        ] GC(595) Eden regions: 1117->0(1111)
[2977.612s][info][gc,heap        ] GC(595) Survivor regions: 111->108(154)
[2977.612s][info][gc,heap        ] GC(595) Old regions: 506->538
[2977.612s][info][gc,heap        ] GC(595) Humongous regions: 80->80
[2977.612s][info][gc,metaspace   ] GC(595) Metaspace: 28972K(29312K)->28972K(29312K) NonClass: 24094K(24256K)->24094K(24256K) Class: 4877K(5056K)->4877K(5056K)
[2977.612s][info][gc             ] GC(595) Pause Young (Prepare Mixed) (G1 Evacuation Pause) 3626M->1451M(4096M) 116.192ms
[2977.612s][info][gc,cpu         ] GC(595) User=0.69s Sys=0.00s Real=0.12s
...[2981.271s][info][gc,start       ] GC(596) Pause Young (Mixed) (G1 Evacuation Pause)
[2981.271s][info][gc,task        ] GC(596) Using 6 workers of 6 for evacuation
[2981.404s][info][gc,phases      ] GC(596)   Pre Evacuate Collection Set: 0.41ms
[2981.404s][info][gc,phases      ] GC(596)   Merge Heap Roots: 0.63ms
[2981.404s][info][gc,phases      ] GC(596)   Evacuate Collection Set: 130.66ms
[2981.404s][info][gc,phases      ] GC(596)   Post Evacuate Collection Set: 0.97ms
[2981.404s][info][gc,phases      ] GC(596)   Other: 0.09ms
[2981.404s][info][gc,heap        ] GC(596) Eden regions: 1111->0(1118)
[2981.404s][info][gc,heap        ] GC(596) Survivor regions: 108->110(153)
[2981.404s][info][gc,heap        ] GC(596) Old regions: 538->473
[2981.404s][info][gc,heap        ] GC(596) Humongous regions: 80->80
[2981.404s][info][gc,metaspace   ] GC(596) Metaspace: 28972K(29312K)->28972K(29312K) NonClass: 24094K(24256K)->24094K(24256K) Class: 4877K(5056K)->4877K(5056K)
[2981.404s][info][gc             ] GC(596) Pause Young (Mixed) (G1 Evacuation Pause) 3673M->1324M(4096M) 132.903ms
[2981.404s][info][gc,cpu         ] GC(596) User=0.79s Sys=0.00s Real=0.14s
....[2985.003s][info][gc,start       ] GC(597) Pause Young (Concurrent Start) (G1 Evacuation Pause)
[2985.003s][info][gc,task        ] GC(597) Using 6 workers of 6 for evacuation
[2985.119s][info][gc,phases      ] GC(597)   Pre Evacuate Collection Set: 0.39ms
[2985.119s][info][gc,phases      ] GC(597)   Merge Heap Roots: 0.50ms
[2985.119s][info][gc,phases      ] GC(597)   Evacuate Collection Set: 114.07ms
[2985.119s][info][gc,phases      ] GC(597)   Post Evacuate Collection Set: 0.90ms
[2985.119s][info][gc,phases      ] GC(597)   Other: 0.13ms
[2985.119s][info][gc,heap        ] GC(597) Eden regions: 1118->0(1118)
[2985.119s][info][gc,heap        ] GC(597) Survivor regions: 110->110(154)
[2985.119s][info][gc,heap        ] GC(597) Old regions: 473->505
[2985.119s][info][gc,heap        ] GC(597) Humongous regions: 80->80
[2985.119s][info][gc,metaspace   ] GC(597) Metaspace: 28972K(29312K)->28972K(29312K) NonClass: 24094K(24256K)->24094K(24256K) Class: 4877K(5056K)->4877K(5056K)
[2985.119s][info][gc             ] GC(597) Pause Young (Concurrent Start) (G1 Evacuation Pause) 3560M->1388M(4096M) 116.121ms
[2985.119s][info][gc             ] GC(598) Concurrent Mark Cycle
[2985.119s][info][gc,marking     ] GC(598) Concurrent Scan Root Regions
[2985.119s][info][gc,cpu         ] GC(597) User=0.69s Sys=0.00s Real=0.11s
[2985.264s][info][gc,marking     ] GC(598) Concurrent Scan Root Regions 144.105ms
[2985.264s][info][gc,marking     ] GC(598) Concurrent Mark
[2985.264s][info][gc,marking     ] GC(598) Concurrent Mark From Roots
[2985.264s][info][gc,task        ] GC(598) Using 2 workers of 2 for marking
.[2985.969s][info][gc,marking     ] GC(598) Concurrent Mark From Roots 705.290ms
[2985.969s][info][gc,marking     ] GC(598) Concurrent Preclean
[2985.969s][info][gc,marking     ] GC(598) Concurrent Preclean 0.114ms
[2985.969s][info][gc,start       ] GC(598) Pause Remark
[2985.974s][info][gc             ] GC(598) Pause Remark 1904M->1904M(4096M) 4.881ms
[2985.974s][info][gc,cpu         ] GC(598) User=0.02s Sys=0.00s Real=0.01s
[2985.974s][info][gc,marking     ] GC(598) Concurrent Mark 710.652ms
[2985.974s][info][gc,marking     ] GC(598) Concurrent Rebuild Remembered Sets and Scrub Regions
[2986.211s][info][gc,marking     ] GC(598) Concurrent Rebuild Remembered Sets and Scrub Regions 236.190ms
[2986.211s][info][gc,start       ] GC(598) Pause Cleanup
[2986.211s][info][gc             ] GC(598) Pause Cleanup 2041M->2041M(4096M) 0.124ms
[2986.211s][info][gc,cpu         ] GC(598) User=0.01s Sys=0.00s Real=0.00s
[2986.211s][info][gc,marking     ] GC(598) Concurrent Clear Claimed Marks
[2986.211s][info][gc,marking     ] GC(598) Concurrent Clear Claimed Marks 0.026ms
[2986.211s][info][gc,marking     ] GC(598) Concurrent Cleanup for Next Mark
[2986.214s][info][gc,marking     ] GC(598) Concurrent Cleanup for Next Mark 3.253ms
[2986.214s][info][gc             ] GC(598) Concurrent Mark Cycle 1094.684ms
...[2988.880s][info][gc,start       ] GC(599) Pause Young (Prepare Mixed) (G1 Evacuation Pause)
[2988.880s][info][gc,task        ] GC(599) Using 6 workers of 6 for evacuation
[2989.002s][info][gc,phases      ] GC(599)   Pre Evacuate Collection Set: 0.33ms
[2989.002s][info][gc,phases      ] GC(599)   Merge Heap Roots: 0.54ms
[2989.002s][info][gc,phases      ] GC(599)   Evacuate Collection Set: 120.26ms
[2989.002s][info][gc,phases      ] GC(599)   Post Evacuate Collection Set: 0.92ms
[2989.002s][info][gc,phases      ] GC(599)   Other: 0.09ms
[2989.002s][info][gc,heap        ] GC(599) Eden regions: 1118->0(1103)
[2989.002s][info][gc,heap        ] GC(599) Survivor regions: 110->113(154)
[2989.002s][info][gc,heap        ] GC(599) Old regions: 505->536
[2989.002s][info][gc,heap        ] GC(599) Humongous regions: 80->80
[2989.002s][info][gc,metaspace   ] GC(599) Metaspace: 28972K(29312K)->28972K(29312K) NonClass: 24094K(24256K)->24094K(24256K) Class: 4877K(5056K)->4877K(5056K)
[2989.002s][info][gc             ] GC(599) Pause Young (Prepare Mixed) (G1 Evacuation Pause) 3624M->1456M(4096M) 122.277ms
[2989.003s][info][gc,cpu         ] GC(599) User=0.72s Sys=0.00s Real=0.13s
....[2992.603s][info][gc,start       ] GC(600) Pause Young (Mixed) (G1 Evacuation Pause)
[2992.603s][info][gc,task        ] GC(600) Using 6 workers of 6 for evacuation
[2992.739s][info][gc,phases      ] GC(600)   Pre Evacuate Collection Set: 0.42ms
[2992.739s][info][gc,phases      ] GC(600)   Merge Heap Roots: 0.66ms
[2992.739s][info][gc,phases      ] GC(600)   Evacuate Collection Set: 134.24ms
[2992.739s][info][gc,phases      ] GC(600)   Post Evacuate Collection Set: 1.01ms
[2992.739s][info][gc,phases      ] GC(600)   Other: 0.09ms
[2992.739s][info][gc,heap        ] GC(600) Eden regions: 1103->0(1116)
[2992.739s][info][gc,heap        ] GC(600) Survivor regions: 113->112(152)
[2992.739s][info][gc,heap        ] GC(600) Old regions: 536->472
[2992.739s][info][gc,heap        ] GC(600) Humongous regions: 80->80
[2992.739s][info][gc,metaspace   ] GC(600) Metaspace: 28972K(29312K)->28972K(29312K) NonClass: 24094K(24256K)->24094K(24256K) Class: 4877K(5056K)->4877K(5056K)
[2992.739s][info][gc             ] GC(600) Pause Young (Mixed) (G1 Evacuation Pause) 3662M->1325M(4096M) 136.556ms
[2992.739s][info][gc,cpu         ] GC(600) User=0.81s Sys=0.00s Real=0.13s
...[2996.384s][info][gc,start       ] GC(601) Pause Young (Concurrent Start) (G1 Evacuation Pause)
[2996.384s][info][gc,task        ] GC(601) Using 6 workers of 6 for evacuation
[2996.500s][info][gc,phases      ] GC(601)   Pre Evacuate Collection Set: 0.40ms
[2996.500s][info][gc,phases      ] GC(601)   Merge Heap Roots: 0.48ms
[2996.500s][info][gc,phases      ] GC(601)   Evacuate Collection Set: 113.76ms
[2996.500s][info][gc,phases      ] GC(601)   Post Evacuate Collection Set: 0.91ms
[2996.500s][info][gc,phases      ] GC(601)   Other: 0.12ms
[2996.500s][info][gc,heap        ] GC(601) Eden regions: 1116->0(1120)
[2996.500s][info][gc,heap        ] GC(601) Survivor regions: 112->108(154)
[2996.500s][info][gc,heap        ] GC(601) Old regions: 472->504
[2996.500s][info][gc,heap        ] GC(601) Humongous regions: 80->80
[2996.500s][info][gc,metaspace   ] GC(601) Metaspace: 28972K(29312K)->28972K(29312K) NonClass: 24094K(24256K)->24094K(24256K) Class: 4877K(5056K)->4877K(5056K)
[2996.500s][info][gc             ] GC(601) Pause Young (Concurrent Start) (G1 Evacuation Pause) 3557M->1383M(4096M) 115.783ms
[2996.500s][info][gc             ] GC(602) Concurrent Mark Cycle
[2996.500s][info][gc,marking     ] GC(602) Concurrent Scan Root Regions
[2996.500s][info][gc,cpu         ] GC(601) User=0.68s Sys=0.00s Real=0.11s
.[2996.646s][info][gc,marking     ] GC(602) Concurrent Scan Root Regions 146.298ms
[2996.646s][info][gc,marking     ] GC(602) Concurrent Mark
[2996.646s][info][gc,marking     ] GC(602) Concurrent Mark From Roots
[2996.646s][info][gc,task        ] GC(602) Using 2 workers of 2 for marking
[2997.193s][info][gc,marking     ] GC(602) Concurrent Mark From Roots 547.188ms
[2997.193s][info][gc,marking     ] GC(602) Concurrent Preclean
[2997.194s][info][gc,marking     ] GC(602) Concurrent Preclean 0.119ms
[2997.194s][info][gc,start       ] GC(602) Pause Remark
[2997.198s][info][gc             ] GC(602) Pause Remark 1865M->1865M(4096M) 3.942ms
[2997.198s][info][gc,cpu         ] GC(602) User=0.02s Sys=0.00s Real=0.00s
[2997.198s][info][gc,marking     ] GC(602) Concurrent Mark 551.532ms
[2997.198s][info][gc,marking     ] GC(602) Concurrent Rebuild Remembered Sets and Scrub Regions
[2997.409s][info][gc,marking     ] GC(602) Concurrent Rebuild Remembered Sets and Scrub Regions 211.039ms
[2997.409s][info][gc,start       ] GC(602) Pause Cleanup
[2997.409s][info][gc             ] GC(602) Pause Cleanup 1981M->1981M(4096M) 0.123ms
[2997.409s][info][gc,cpu         ] GC(602) User=0.00s Sys=0.00s Real=0.00s
[2997.409s][info][gc,marking     ] GC(602) Concurrent Clear Claimed Marks
[2997.409s][info][gc,marking     ] GC(602) Concurrent Clear Claimed Marks 0.022ms
[2997.409s][info][gc,marking     ] GC(602) Concurrent Cleanup for Next Mark
[2997.414s][info][gc,marking     ] GC(602) Concurrent Cleanup for Next Mark 4.309ms
[2997.414s][info][gc             ] GC(602) Concurrent Mark Cycle 913.675ms
...[3000.155s][info][gc,start       ] GC(603) Pause Young (Prepare Mixed) (G1 Evacuation Pause)
[3000.155s][info][gc,task        ] GC(603) Using 6 workers of 6 for evacuation
[3000.273s][info][gc,phases      ] GC(603)   Pre Evacuate Collection Set: 0.35ms
[3000.273s][info][gc,phases      ] GC(603)   Merge Heap Roots: 0.54ms
[3000.273s][info][gc,phases      ] GC(603)   Evacuate Collection Set: 116.16ms
[3000.273s][info][gc,phases      ] GC(603)   Post Evacuate Collection Set: 0.99ms
[3000.273s][info][gc,phases      ] GC(603)   Other: 0.09ms
[3000.273s][info][gc,heap        ] GC(603) Eden regions: 1120->0(1110)
[3000.273s][info][gc,heap        ] GC(603) Survivor regions: 108->110(154)
[3000.273s][info][gc,heap        ] GC(603) Old regions: 504->535
[3000.273s][info][gc,heap        ] GC(603) Humongous regions: 80->80
[3000.273s][info][gc,metaspace   ] GC(603) Metaspace: 28972K(29312K)->28972K(29312K) NonClass: 24094K(24256K)->24094K(24256K) Class: 4877K(5056K)->4877K(5056K)
[3000.273s][info][gc             ] GC(603) Pause Young (Prepare Mixed) (G1 Evacuation Pause) 3623M->1448M(4096M) 118.249ms
[3000.273s][info][gc,cpu         ] GC(603) User=0.70s Sys=0.00s Real=0.12s
....[3003.914s][info][gc,start       ] GC(604) Pause Young (Mixed) (G1 Evacuation Pause)
[3003.914s][info][gc,task        ] GC(604) Using 6 workers of 6 for evacuation
[3004.048s][info][gc,phases      ] GC(604)   Pre Evacuate Collection Set: 0.40ms
[3004.048s][info][gc,phases      ] GC(604)   Merge Heap Roots: 0.74ms
[3004.048s][info][gc,phases      ] GC(604)   Evacuate Collection Set: 131.01ms
[3004.048s][info][gc,phases      ] GC(604)   Post Evacuate Collection Set: 0.97ms
[3004.048s][info][gc,phases      ] GC(604)   Other: 0.11ms
[3004.048s][info][gc,heap        ] GC(604) Eden regions: 1110->0(1119)
[3004.048s][info][gc,heap        ] GC(604) Survivor regions: 110->109(153)
[3004.048s][info][gc,heap        ] GC(604) Old regions: 535->473
[3004.048s][info][gc,heap        ] GC(604) Humongous regions: 80->80
[3004.048s][info][gc,metaspace   ] GC(604) Metaspace: 28972K(29312K)->28972K(29312K) NonClass: 24094K(24256K)->24094K(24256K) Class: 4877K(5056K)->4877K(5056K)
[3004.048s][info][gc             ] GC(604) Pause Young (Mixed) (G1 Evacuation Pause) 3668M->1321M(4096M) 133.359ms
[3004.048s][info][gc,cpu         ] GC(604) User=0.79s Sys=0.00s Real=0.13s
....[3007.691s][info][gc,start       ] GC(605) Pause Young (Concurrent Start) (G1 Evacuation Pause)
[3007.691s][info][gc,task        ] GC(605) Using 6 workers of 6 for evacuation
[3007.807s][info][gc,phases      ] GC(605)   Pre Evacuate Collection Set: 0.40ms
[3007.807s][info][gc,phases      ] GC(605)   Merge Heap Roots: 0.47ms
[3007.807s][info][gc,phases      ] GC(605)   Evacuate Collection Set: 114.55ms
[3007.807s][info][gc,phases      ] GC(605)   Post Evacuate Collection Set: 0.90ms
[3007.807s][info][gc,phases      ] GC(605)   Other: 0.11ms
[3007.807s][info][gc,heap        ] GC(605) Eden regions: 1119->0(1119)
[3007.807s][info][gc,heap        ] GC(605) Survivor regions: 109->109(154)
[3007.807s][info][gc,heap        ] GC(605) Old regions: 473->504
[3007.807s][info][gc,heap        ] GC(605) Humongous regions: 80->80
[3007.807s][info][gc,metaspace   ] GC(605) Metaspace: 28973K(29312K)->28973K(29312K) NonClass: 24095K(24256K)->24095K(24256K) Class: 4877K(5056K)->4877K(5056K)
[3007.807s][info][gc             ] GC(605) Pause Young (Concurrent Start) (G1 Evacuation Pause) 3559M->1383M(4096M) 116.545ms
[3007.807s][info][gc             ] GC(606) Concurrent Mark Cycle
[3007.807s][info][gc,marking     ] GC(606) Concurrent Scan Root Regions
[3007.807s][info][gc,cpu         ] GC(605) User=0.69s Sys=0.00s Real=0.12s
[3007.991s][info][gc,marking     ] GC(606) Concurrent Scan Root Regions 183.966ms
[3007.991s][info][gc,marking     ] GC(606) Concurrent Mark
[3007.991s][info][gc,marking     ] GC(606) Concurrent Mark From Roots
[3007.991s][info][gc,task        ] GC(606) Using 2 workers of 2 for marking
.[3008.782s][info][gc,marking     ] GC(606) Concurrent Mark From Roots 790.463ms
[3008.782s][info][gc,marking     ] GC(606) Concurrent Preclean
[3008.782s][info][gc,marking     ] GC(606) Concurrent Preclean 0.094ms
[3008.782s][info][gc,start       ] GC(606) Pause Remark
[3008.788s][info][gc             ] GC(606) Pause Remark 2055M->2055M(4096M) 5.425ms
[3008.788s][info][gc,cpu         ] GC(606) User=0.03s Sys=0.00s Real=0.01s
[3008.788s][info][gc,marking     ] GC(606) Concurrent Mark 796.254ms
[3008.788s][info][gc,marking     ] GC(606) Concurrent Rebuild Remembered Sets and Scrub Regions
[3009.144s][info][gc,marking     ] GC(606) Concurrent Rebuild Remembered Sets and Scrub Regions 356.185ms
[3009.144s][info][gc,start       ] GC(606) Pause Cleanup
[3009.144s][info][gc             ] GC(606) Pause Cleanup 2245M->2245M(4096M) 0.116ms
[3009.144s][info][gc,cpu         ] GC(606) User=0.00s Sys=0.00s Real=0.00s
[3009.144s][info][gc,marking     ] GC(606) Concurrent Clear Claimed Marks
[3009.144s][info][gc,marking     ] GC(606) Concurrent Clear Claimed Marks 0.023ms
[3009.144s][info][gc,marking     ] GC(606) Concurrent Cleanup for Next Mark
[3009.148s][info][gc,marking     ] GC(606) Concurrent Cleanup for Next Mark 3.406ms
[3009.148s][info][gc             ] GC(606) Concurrent Mark Cycle 1340.295ms
..[3011.488s][info][gc,start       ] GC(607) Pause Young (Prepare Mixed) (G1 Evacuation Pause)
[3011.488s][info][gc,task        ] GC(607) Using 6 workers of 6 for evacuation
[3011.606s][info][gc,phases      ] GC(607)   Pre Evacuate Collection Set: 0.34ms
[3011.607s][info][gc,phases      ] GC(607)   Merge Heap Roots: 0.57ms
[3011.607s][info][gc,phases      ] GC(607)   Evacuate Collection Set: 116.14ms
[3011.607s][info][gc,phases      ] GC(607)   Post Evacuate Collection Set: 0.98ms
[3011.607s][info][gc,phases      ] GC(607)   Other: 0.09ms
[3011.607s][info][gc,heap        ] GC(607) Eden regions: 1119->0(1109)
[3011.607s][info][gc,heap        ] GC(607) Survivor regions: 109->110(154)
[3011.607s][info][gc,heap        ] GC(607) Old regions: 504->536
[3011.607s][info][gc,heap        ] GC(607) Humongous regions: 80->80
[3011.607s][info][gc,metaspace   ] GC(607) Metaspace: 28973K(29312K)->28973K(29312K) NonClass: 24095K(24256K)->24095K(24256K) Class: 4877K(5056K)->4877K(5056K)
[3011.607s][info][gc             ] GC(607) Pause Young (Prepare Mixed) (G1 Evacuation Pause) 3621M->1450M(4096M) 118.247ms
[3011.607s][info][gc,cpu         ] GC(607) User=0.70s Sys=0.00s Real=0.12s
....[3015.307s][info][gc,start       ] GC(608) Pause Young (Mixed) (G1 Evacuation Pause)
[3015.307s][info][gc,task        ] GC(608) Using 6 workers of 6 for evacuation
[3015.441s][info][gc,phases      ] GC(608)   Pre Evacuate Collection Set: 0.37ms
[3015.441s][info][gc,phases      ] GC(608)   Merge Heap Roots: 0.77ms
[3015.441s][info][gc,phases      ] GC(608)   Evacuate Collection Set: 131.09ms
[3015.441s][info][gc,phases      ] GC(608)   Post Evacuate Collection Set: 1.03ms
[3015.441s][info][gc,phases      ] GC(608)   Other: 0.09ms
[3015.441s][info][gc,heap        ] GC(608) Eden regions: 1109->0(1119)
[3015.441s][info][gc,heap        ] GC(608) Survivor regions: 110->109(153)
[3015.441s][info][gc,heap        ] GC(608) Old regions: 536->473
[3015.441s][info][gc,heap        ] GC(608) Humongous regions: 80->80
[3015.441s][info][gc,metaspace   ] GC(608) Metaspace: 28973K(29312K)->28973K(29312K) NonClass: 24095K(24256K)->24095K(24256K) Class: 4877K(5056K)->4877K(5056K)
[3015.441s][info][gc             ] GC(608) Pause Young (Mixed) (G1 Evacuation Pause) 3668M->1322M(4096M) 133.478ms
[3015.441s][info][gc,cpu         ] GC(608) User=0.79s Sys=0.00s Real=0.13s
....[3019.020s][info][gc,start       ] GC(609) Pause Young (Concurrent Start) (G1 Evacuation Pause)
[3019.020s][info][gc,task        ] GC(609) Using 6 workers of 6 for evacuation
[3019.138s][info][gc,phases      ] GC(609)   Pre Evacuate Collection Set: 0.41ms
[3019.138s][info][gc,phases      ] GC(609)   Merge Heap Roots: 0.46ms
[3019.138s][info][gc,phases      ] GC(609)   Evacuate Collection Set: 115.95ms
[3019.138s][info][gc,phases      ] GC(609)   Post Evacuate Collection Set: 0.93ms
[3019.138s][info][gc,phases      ] GC(609)   Other: 0.11ms
[3019.138s][info][gc,heap        ] GC(609) Eden regions: 1119->0(1118)
[3019.138s][info][gc,heap        ] GC(609) Survivor regions: 109->110(154)
[3019.138s][info][gc,heap        ] GC(609) Old regions: 473->505
[3019.138s][info][gc,heap        ] GC(609) Humongous regions: 80->80
[3019.138s][info][gc,metaspace   ] GC(609) Metaspace: 28974K(29312K)->28974K(29312K) NonClass: 24096K(24256K)->24096K(24256K) Class: 4877K(5056K)->4877K(5056K)
[3019.138s][info][gc             ] GC(609) Pause Young (Concurrent Start) (G1 Evacuation Pause) 3560M->1387M(4096M) 117.996ms
[3019.138s][info][gc             ] GC(610) Concurrent Mark Cycle
[3019.138s][info][gc,marking     ] GC(610) Concurrent Scan Root Regions
[3019.138s][info][gc,cpu         ] GC(609) User=0.69s Sys=0.00s Real=0.12s
[3019.282s][info][gc,marking     ] GC(610) Concurrent Scan Root Regions 143.821ms
[3019.282s][info][gc,marking     ] GC(610) Concurrent Mark
[3019.282s][info][gc,marking     ] GC(610) Concurrent Mark From Roots
[3019.282s][info][gc,task        ] GC(610) Using 2 workers of 2 for marking
.[3019.928s][info][gc,marking     ] GC(610) Concurrent Mark From Roots 646.436ms
[3019.928s][info][gc,marking     ] GC(610) Concurrent Preclean
[3019.928s][info][gc,marking     ] GC(610) Concurrent Preclean 0.109ms
[3019.928s][info][gc,start       ] GC(610) Pause Remark
[3019.933s][info][gc             ] GC(610) Pause Remark 1910M->1910M(4096M) 4.726ms
[3019.933s][info][gc,cpu         ] GC(610) User=0.02s Sys=0.00s Real=0.01s
[3019.933s][info][gc,marking     ] GC(610) Concurrent Mark 651.560ms
[3019.933s][info][gc,marking     ] GC(610) Concurrent Rebuild Remembered Sets and Scrub Regions
[3020.228s][info][gc,marking     ] GC(610) Concurrent Rebuild Remembered Sets and Scrub Regions 294.281ms
[3020.228s][info][gc,start       ] GC(610) Pause Cleanup
[3020.228s][info][gc             ] GC(610) Pause Cleanup 2106M->2106M(4096M) 0.125ms
[3020.228s][info][gc,cpu         ] GC(610) User=0.00s Sys=0.00s Real=0.00s
[3020.228s][info][gc,marking     ] GC(610) Concurrent Clear Claimed Marks
[3020.228s][info][gc,marking     ] GC(610) Concurrent Clear Claimed Marks 0.034ms
[3020.228s][info][gc,marking     ] GC(610) Concurrent Cleanup for Next Mark
[3020.232s][info][gc,marking     ] GC(610) Concurrent Cleanup for Next Mark 4.007ms
[3020.232s][info][gc             ] GC(610) Concurrent Mark Cycle 1094.256ms
... (rIR:aIR:PR = 4981:4982:4982) (tPR = 74731) [OK] 
  3022s: Performance info:
         Transaction,    Success,    Partial,     Failed,   Receipts, AvgBarcode, 
             Overall,     300981,          0,          0,     285917,      59.48, 
         Response times:
             Request,    Success,    Partial,     Failed,   SkipFail,     Probes,    Samples,      min,      p50,      p90,      p95,      p99,      max, 
       TotalPurchase,     285936,          0,          0,          0,     280818,     309760,      300,     4100,     8500,    18500,    62000,   216000,
     InStorePurchase,     150483,          0,          0,          0,     147896,     162771,      300,     4300,     8800,    19800,    64000,   216000,
      OnlinePurchase,     105348,          0,          0,          0,     103619,     114142,      300,     3800,     8000,    16500,    60000,   166000,
        InstPurchase,      30105,          0,          0,          0,      29303,      32847,      400,     4200,     8500,    19400,    60000,   166000,
          AssocOfCat,        301,          0,          0,          0,        232,        342,    23000,    33000,    54700,    76400,   171570,   205000,
      AssocOfProduct,       3017,          0,          0,          0,       2823,       3374,      700,     4200,     7950,    17250,    57250,   157000,
      BusinessReport,        751,          0,          0,          0,        661,        856,    25000,    36000,    58000,    77300,   165290,   227000,
          CustBuyBeh,       3012,          0,          0,          0,       2780,       3274,      200,     1800,     5400,    11475,    48250,   138000,
       ProductReturn,       7983,          0,          0,          0,       7544,       8573,      200,     2700,     7400,    13630,    54000,   148000,

  3022s: (37%)   IR =   5120 [3022.851s][info][gc,start       ] GC(611) Pause Young (Prepare Mixed) (G1 Evacuation Pause)
[3022.851s][info][gc,task        ] GC(611) Using 6 workers of 6 for evacuation
[3022.969s][info][gc,phases      ] GC(611)   Pre Evacuate Collection Set: 0.33ms
[3022.969s][info][gc,phases      ] GC(611)   Merge Heap Roots: 0.54ms
[3022.969s][info][gc,phases      ] GC(611)   Evacuate Collection Set: 115.94ms
[3022.969s][info][gc,phases      ] GC(611)   Post Evacuate Collection Set: 1.03ms
[3022.969s][info][gc,phases      ] GC(611)   Other: 0.09ms
[3022.969s][info][gc,heap        ] GC(611) Eden regions: 1118->0(1108)
[3022.969s][info][gc,heap        ] GC(611) Survivor regions: 110->110(154)
[3022.969s][info][gc,heap        ] GC(611) Old regions: 505->537
[3022.969s][info][gc,heap        ] GC(611) Humongous regions: 80->80
[3022.969s][info][gc,metaspace   ] GC(611) Metaspace: 28974K(29312K)->28974K(29312K) NonClass: 24096K(24256K)->24096K(24256K) Class: 4877K(5056K)->4877K(5056K)
[3022.969s][info][gc             ] GC(611) Pause Young (Prepare Mixed) (G1 Evacuation Pause) 3623M->1452M(4096M) 118.096ms
[3022.969s][info][gc,cpu         ] GC(611) User=0.70s Sys=0.00s Real=0.12s
...[3026.462s][info][gc,start       ] GC(612) Pause Young (Mixed) (G1 Evacuation Pause)
[3026.462s][info][gc,task        ] GC(612) Using 6 workers of 6 for evacuation
[3026.599s][info][gc,phases      ] GC(612)   Pre Evacuate Collection Set: 0.40ms
[3026.599s][info][gc,phases      ] GC(612)   Merge Heap Roots: 0.73ms
[3026.599s][info][gc,phases      ] GC(612)   Evacuate Collection Set: 134.76ms
[3026.599s][info][gc,phases      ] GC(612)   Post Evacuate Collection Set: 0.98ms
[3026.599s][info][gc,phases      ] GC(612)   Other: 0.09ms
[3026.599s][info][gc,heap        ] GC(612) Eden regions: 1108->0(1116)
[3026.599s][info][gc,heap        ] GC(612) Survivor regions: 110->112(153)
[3026.599s][info][gc,heap        ] GC(612) Old regions: 537->474
[3026.599s][info][gc,heap        ] GC(612) Humongous regions: 80->80
[3026.599s][info][gc,metaspace   ] GC(612) Metaspace: 28974K(29312K)->28974K(29312K) NonClass: 24096K(24256K)->24096K(24256K) Class: 4877K(5056K)->4877K(5056K)
[3026.599s][info][gc             ] GC(612) Pause Young (Mixed) (G1 Evacuation Pause) 3668M->1329M(4096M) 137.087ms
[3026.599s][info][gc,cpu         ] GC(612) User=0.81s Sys=0.00s Real=0.14s
.|...[3030.106s][info][gc,start       ] GC(613) Pause Young (Concurrent Start) (G1 Evacuation Pause)
[3030.106s][info][gc,task        ] GC(613) Using 6 workers of 6 for evacuation
[3030.230s][info][gc,phases      ] GC(613)   Pre Evacuate Collection Set: 0.40ms
[3030.230s][info][gc,phases      ] GC(613)   Merge Heap Roots: 0.49ms
[3030.230s][info][gc,phases      ] GC(613)   Evacuate Collection Set: 121.52ms
[3030.230s][info][gc,phases      ] GC(613)   Post Evacuate Collection Set: 0.94ms
[3030.230s][info][gc,phases      ] GC(613)   Other: 0.10ms
[3030.230s][info][gc,heap        ] GC(613) Eden regions: 1116->0(1116)
[3030.230s][info][gc,heap        ] GC(613) Survivor regions: 112->112(154)
[3030.230s][info][gc,heap        ] GC(613) Old regions: 474->506
[3030.230s][info][gc,heap        ] GC(613) Humongous regions: 80->80
[3030.230s][info][gc,metaspace   ] GC(613) Metaspace: 28974K(29312K)->28974K(29312K) NonClass: 24096K(24256K)->24096K(24256K) Class: 4877K(5056K)->4877K(5056K)
[3030.230s][info][gc             ] GC(613) Pause Young (Concurrent Start) (G1 Evacuation Pause) 3561M->1395M(4096M) 123.581ms
[3030.230s][info][gc             ] GC(614) Concurrent Mark Cycle
[3030.230s][info][gc,marking     ] GC(614) Concurrent Scan Root Regions
[3030.230s][info][gc,cpu         ] GC(613) User=0.73s Sys=0.01s Real=0.12s
[3030.415s][info][gc,marking     ] GC(614) Concurrent Scan Root Regions 185.536ms
[3030.415s][info][gc,marking     ] GC(614) Concurrent Mark
[3030.415s][info][gc,marking     ] GC(614) Concurrent Mark From Roots
[3030.415s][info][gc,task        ] GC(614) Using 2 workers of 2 for marking
.[3031.382s][info][gc,marking     ] GC(614) Concurrent Mark From Roots 966.364ms
[3031.382s][info][gc,marking     ] GC(614) Concurrent Preclean
[3031.382s][info][gc,marking     ] GC(614) Concurrent Preclean 0.112ms
[3031.382s][info][gc,start       ] GC(614) Pause Remark
[3031.388s][info][gc             ] GC(614) Pause Remark 2143M->2143M(4096M) 6.196ms
[3031.388s][info][gc,cpu         ] GC(614) User=0.04s Sys=0.00s Real=0.01s
[3031.388s][info][gc,marking     ] GC(614) Concurrent Mark 972.956ms
[3031.388s][info][gc,marking     ] GC(614) Concurrent Rebuild Remembered Sets and Scrub Regions
.[3031.748s][info][gc,marking     ] GC(614) Concurrent Rebuild Remembered Sets and Scrub Regions 359.432ms
[3031.748s][info][gc,start       ] GC(614) Pause Cleanup
[3031.748s][info][gc             ] GC(614) Pause Cleanup 2367M->2367M(4096M) 0.113ms
[3031.748s][info][gc,cpu         ] GC(614) User=0.00s Sys=0.00s Real=0.00s
[3031.748s][info][gc,marking     ] GC(614) Concurrent Clear Claimed Marks
[3031.748s][info][gc,marking     ] GC(614) Concurrent Clear Claimed Marks 0.031ms
[3031.748s][info][gc,marking     ] GC(614) Concurrent Cleanup for Next Mark
[3031.753s][info][gc,marking     ] GC(614) Concurrent Cleanup for Next Mark 4.521ms
[3031.753s][info][gc             ] GC(614) Concurrent Mark Cycle 1522.933ms
..[3033.839s][info][gc,start       ] GC(615) Pause Young (Prepare Mixed) (G1 Evacuation Pause)
[3033.839s][info][gc,task        ] GC(615) Using 6 workers of 6 for evacuation
[3033.960s][info][gc,phases      ] GC(615)   Pre Evacuate Collection Set: 0.36ms
[3033.960s][info][gc,phases      ] GC(615)   Merge Heap Roots: 0.52ms
[3033.960s][info][gc,phases      ] GC(615)   Evacuate Collection Set: 118.44ms
[3033.960s][info][gc,phases      ] GC(615)   Post Evacuate Collection Set: 0.99ms
[3033.960s][info][gc,phases      ] GC(615)   Other: 0.09ms
[3033.960s][info][gc,heap        ] GC(615) Eden regions: 1116->0(1104)
[3033.960s][info][gc,heap        ] GC(615) Survivor regions: 112->112(154)
[3033.960s][info][gc,heap        ] GC(615) Old regions: 506->537
[3033.960s][info][gc,heap        ] GC(615) Humongous regions: 80->80
[3033.960s][info][gc,metaspace   ] GC(615) Metaspace: 28974K(29312K)->28974K(29312K) NonClass: 24096K(24256K)->24096K(24256K) Class: 4877K(5056K)->4877K(5056K)
[3033.960s][info][gc             ] GC(615) Pause Young (Prepare Mixed) (G1 Evacuation Pause) 3627M->1456M(4096M) 120.528ms
[3033.960s][info][gc,cpu         ] GC(615) User=0.71s Sys=0.00s Real=0.12s
...[3037.440s][info][gc,start       ] GC(616) Pause Young (Mixed) (G1 Evacuation Pause)
[3037.440s][info][gc,task        ] GC(616) Using 6 workers of 6 for evacuation
[3037.572s][info][gc,phases      ] GC(616)   Pre Evacuate Collection Set: 0.37ms
[3037.572s][info][gc,phases      ] GC(616)   Merge Heap Roots: 0.77ms
[3037.572s][info][gc,phases      ] GC(616)   Evacuate Collection Set: 130.63ms
[3037.572s][info][gc,phases      ] GC(616)   Post Evacuate Collection Set: 0.96ms
[3037.572s][info][gc,phases      ] GC(616)   Other: 0.09ms
[3037.572s][info][gc,heap        ] GC(616) Eden regions: 1104->0(1120)
[3037.572s][info][gc,heap        ] GC(616) Survivor regions: 112->108(152)
[3037.572s][info][gc,heap        ] GC(616) Old regions: 537->474
[3037.572s][info][gc,heap        ] GC(616) Humongous regions: 80->80
[3037.573s][info][gc,metaspace   ] GC(616) Metaspace: 28975K(29312K)->28975K(29312K) NonClass: 24097K(24256K)->24097K(24256K) Class: 4877K(5056K)->4877K(5056K)
[3037.573s][info][gc             ] GC(616) Pause Young (Mixed) (G1 Evacuation Pause) 3664M->1322M(4096M) 132.961ms
[3037.573s][info][gc,cpu         ] GC(616) User=0.78s Sys=0.00s Real=0.14s
....[3041.136s][info][gc,start       ] GC(617) Pause Young (Concurrent Start) (G1 Evacuation Pause)
[3041.136s][info][gc,task        ] GC(617) Using 6 workers of 6 for evacuation
[3041.251s][info][gc,phases      ] GC(617)   Pre Evacuate Collection Set: 0.43ms
[3041.251s][info][gc,phases      ] GC(617)   Merge Heap Roots: 0.46ms
[3041.251s][info][gc,phases      ] GC(617)   Evacuate Collection Set: 113.30ms
[3041.251s][info][gc,phases      ] GC(617)   Post Evacuate Collection Set: 0.94ms
[3041.251s][info][gc,phases      ] GC(617)   Other: 0.12ms
[3041.251s][info][gc,heap        ] GC(617) Eden regions: 1120->0(1121)
[3041.251s][info][gc,heap        ] GC(617) Survivor regions: 108->107(154)
[3041.251s][info][gc,heap        ] GC(617) Old regions: 474->506
[3041.251s][info][gc,heap        ] GC(617) Humongous regions: 80->80
[3041.251s][info][gc,metaspace   ] GC(617) Metaspace: 28975K(29312K)->28975K(29312K) NonClass: 24097K(24256K)->24097K(24256K) Class: 4877K(5056K)->4877K(5056K)
[3041.251s][info][gc             ] GC(617) Pause Young (Concurrent Start) (G1 Evacuation Pause) 3562M->1384M(4096M) 115.372ms
[3041.251s][info][gc             ] GC(618) Concurrent Mark Cycle
[3041.251s][info][gc,marking     ] GC(618) Concurrent Scan Root Regions
[3041.251s][info][gc,cpu         ] GC(617) User=0.68s Sys=0.00s Real=0.11s
[3041.430s][info][gc,marking     ] GC(618) Concurrent Scan Root Regions 178.512ms
[3041.430s][info][gc,marking     ] GC(618) Concurrent Mark
[3041.430s][info][gc,marking     ] GC(618) Concurrent Mark From Roots
[3041.430s][info][gc,task        ] GC(618) Using 2 workers of 2 for marking
.[3042.395s][info][gc,marking     ] GC(618) Concurrent Mark From Roots 965.266ms
[3042.395s][info][gc,marking     ] GC(618) Concurrent Preclean
[3042.395s][info][gc,marking     ] GC(618) Concurrent Preclean 0.075ms
[3042.395s][info][gc,start       ] GC(618) Pause Remark
[3042.401s][info][gc             ] GC(618) Pause Remark 2142M->2142M(4096M) 6.193ms
[3042.402s][info][gc,cpu         ] GC(618) User=0.03s Sys=0.00s Real=0.00s
[3042.402s][info][gc,marking     ] GC(618) Concurrent Mark 971.811ms
[3042.402s][info][gc,marking     ] GC(618) Concurrent Rebuild Remembered Sets and Scrub Regions
[3042.653s][info][gc,marking     ] GC(618) Concurrent Rebuild Remembered Sets and Scrub Regions 251.515ms
[3042.653s][info][gc,start       ] GC(618) Pause Cleanup
[3042.653s][info][gc             ] GC(618) Pause Cleanup 2311M->2311M(4096M) 0.116ms
[3042.653s][info][gc,cpu         ] GC(618) User=0.00s Sys=0.00s Real=0.00s
[3042.653s][info][gc,marking     ] GC(618) Concurrent Clear Claimed Marks
[3042.653s][info][gc,marking     ] GC(618) Concurrent Clear Claimed Marks 0.024ms
[3042.653s][info][gc,marking     ] GC(618) Concurrent Cleanup for Next Mark
[3042.657s][info][gc,marking     ] GC(618) Concurrent Cleanup for Next Mark 3.232ms
[3042.657s][info][gc             ] GC(618) Concurrent Mark Cycle 1405.519ms
...[3044.835s][info][gc,start       ] GC(619) Pause Young (Prepare Mixed) (G1 Evacuation Pause)
[3044.835s][info][gc,task        ] GC(619) Using 6 workers of 6 for evacuation
[3044.955s][info][gc,phases      ] GC(619)   Pre Evacuate Collection Set: 0.37ms
[3044.955s][info][gc,phases      ] GC(619)   Merge Heap Roots: 0.51ms
[3044.955s][info][gc,phases      ] GC(619)   Evacuate Collection Set: 118.13ms
[3044.955s][info][gc,phases      ] GC(619)   Post Evacuate Collection Set: 0.96ms
[3044.955s][info][gc,phases      ] GC(619)   Other: 0.09ms
[3044.955s][info][gc,heap        ] GC(619) Eden regions: 1121->0(1103)
[3044.955s][info][gc,heap        ] GC(619) Survivor regions: 107->112(154)
[3044.955s][info][gc,heap        ] GC(619) Old regions: 506->538
[3044.955s][info][gc,heap        ] GC(619) Humongous regions: 80->80
[3044.955s][info][gc,metaspace   ] GC(619) Metaspace: 28975K(29312K)->28975K(29312K) NonClass: 24097K(24256K)->24097K(24256K) Class: 4877K(5056K)->4877K(5056K)
[3044.955s][info][gc             ] GC(619) Pause Young (Prepare Mixed) (G1 Evacuation Pause) 3626M->1458M(4096M) 120.194ms
[3044.955s][info][gc,cpu         ] GC(619) User=0.71s Sys=0.00s Real=0.12s
...[3048.556s][info][gc,start       ] GC(620) Pause Young (Mixed) (G1 Evacuation Pause)
[3048.556s][info][gc,task        ] GC(620) Using 6 workers of 6 for evacuation
[3048.687s][info][gc,phases      ] GC(620)   Pre Evacuate Collection Set: 0.41ms
[3048.687s][info][gc,phases      ] GC(620)   Merge Heap Roots: 0.70ms
[3048.687s][info][gc,phases      ] GC(620)   Evacuate Collection Set: 129.26ms
[3048.687s][info][gc,phases      ] GC(620)   Post Evacuate Collection Set: 0.99ms
[3048.687s][info][gc,phases      ] GC(620)   Other: 0.09ms
[3048.687s][info][gc,heap        ] GC(620) Eden regions: 1103->0(1118)
[3048.687s][info][gc,heap        ] GC(620) Survivor regions: 112->110(152)
[3048.687s][info][gc,heap        ] GC(620) Old regions: 538->474
[3048.687s][info][gc,heap        ] GC(620) Humongous regions: 80->80
[3048.687s][info][gc,metaspace   ] GC(620) Metaspace: 28975K(29312K)->28975K(29312K) NonClass: 24097K(24256K)->24097K(24256K) Class: 4877K(5056K)->4877K(5056K)
[3048.687s][info][gc             ] GC(620) Pause Young (Mixed) (G1 Evacuation Pause) 3664M->1326M(4096M) 131.584ms
[3048.687s][info][gc,cpu         ] GC(620) User=0.78s Sys=0.00s Real=0.13s
....[3052.121s][info][gc,start       ] GC(621) Pause Young (Concurrent Start) (G1 Evacuation Pause)
[3052.121s][info][gc,task        ] GC(621) Using 6 workers of 6 for evacuation
[3052.237s][info][gc,phases      ] GC(621)   Pre Evacuate Collection Set: 0.44ms
[3052.237s][info][gc,phases      ] GC(621)   Merge Heap Roots: 0.45ms
[3052.237s][info][gc,phases      ] GC(621)   Evacuate Collection Set: 113.47ms
[3052.237s][info][gc,phases      ] GC(621)   Post Evacuate Collection Set: 0.94ms
[3052.237s][info][gc,phases      ] GC(621)   Other: 0.10ms
[3052.237s][info][gc,heap        ] GC(621) Eden regions: 1118->0(1121)
[3052.237s][info][gc,heap        ] GC(621) Survivor regions: 110->107(154)
[3052.237s][info][gc,heap        ] GC(621) Old regions: 474->506
[3052.237s][info][gc,heap        ] GC(621) Humongous regions: 80->80
[3052.237s][info][gc,metaspace   ] GC(621) Metaspace: 28975K(29312K)->28975K(29312K) NonClass: 24097K(24256K)->24097K(24256K) Class: 4877K(5056K)->4877K(5056K)
[3052.237s][info][gc             ] GC(621) Pause Young (Concurrent Start) (G1 Evacuation Pause) 3562M->1384M(4096M) 115.549ms
[3052.237s][info][gc             ] GC(622) Concurrent Mark Cycle
[3052.237s][info][gc,marking     ] GC(622) Concurrent Scan Root Regions
[3052.237s][info][gc,cpu         ] GC(621) User=0.68s Sys=0.00s Real=0.12s
[3052.411s][info][gc,marking     ] GC(622) Concurrent Scan Root Regions 174.310ms
[3052.411s][info][gc,marking     ] GC(622) Concurrent Mark
[3052.411s][info][gc,marking     ] GC(622) Concurrent Mark From Roots
[3052.411s][info][gc,task        ] GC(622) Using 2 workers of 2 for marking
.[3053.066s][info][gc,marking     ] GC(622) Concurrent Mark From Roots 654.381ms
[3053.066s][info][gc,marking     ] GC(622) Concurrent Preclean
[3053.066s][info][gc,marking     ] GC(622) Concurrent Preclean 0.123ms
[3053.067s][info][gc,start       ] GC(622) Pause Remark
[3053.072s][info][gc             ] GC(622) Pause Remark 1942M->1942M(4096M) 4.868ms
[3053.072s][info][gc,cpu         ] GC(622) User=0.03s Sys=0.00s Real=0.00s
[3053.072s][info][gc,marking     ] GC(622) Concurrent Mark 660.560ms
[3053.072s][info][gc,marking     ] GC(622) Concurrent Rebuild Remembered Sets and Scrub Regions
[3053.433s][info][gc,marking     ] GC(622) Concurrent Rebuild Remembered Sets and Scrub Regions 360.886ms
[3053.433s][info][gc,start       ] GC(622) Pause Cleanup
[3053.433s][info][gc             ] GC(622) Pause Cleanup 2165M->2165M(4096M) 0.115ms
[3053.433s][info][gc,cpu         ] GC(622) User=0.00s Sys=0.00s Real=0.00s
[3053.433s][info][gc,marking     ] GC(622) Concurrent Clear Claimed Marks
[3053.433s][info][gc,marking     ] GC(622) Concurrent Clear Claimed Marks 0.025ms
[3053.433s][info][gc,marking     ] GC(622) Concurrent Cleanup for Next Mark
[3053.436s][info][gc,marking     ] GC(622) Concurrent Cleanup for Next Mark 3.471ms
[3053.436s][info][gc             ] GC(622) Concurrent Mark Cycle 1199.737ms
...[3055.833s][info][gc,start       ] GC(623) Pause Young (Prepare Mixed) (G1 Evacuation Pause)
[3055.833s][info][gc,task        ] GC(623) Using 6 workers of 6 for evacuation
[3055.950s][info][gc,phases      ] GC(623)   Pre Evacuate Collection Set: 0.37ms
[3055.950s][info][gc,phases      ] GC(623)   Merge Heap Roots: 0.52ms
[3055.950s][info][gc,phases      ] GC(623)   Evacuate Collection Set: 115.45ms
[3055.950s][info][gc,phases      ] GC(623)   Post Evacuate Collection Set: 0.98ms
[3055.950s][info][gc,phases      ] GC(623)   Other: 0.08ms
[3055.950s][info][gc,heap        ] GC(623) Eden regions: 1121->0(1109)
[3055.950s][info][gc,heap        ] GC(623) Survivor regions: 107->109(154)
[3055.950s][info][gc,heap        ] GC(623) Old regions: 506->538
[3055.950s][info][gc,heap        ] GC(623) Humongous regions: 80->80
[3055.950s][info][gc,metaspace   ] GC(623) Metaspace: 28975K(29312K)->28975K(29312K) NonClass: 24097K(24256K)->24097K(24256K) Class: 4877K(5056K)->4877K(5056K)
[3055.950s][info][gc             ] GC(623) Pause Young (Prepare Mixed) (G1 Evacuation Pause) 3626M->1452M(4096M) 117.540ms
[3055.950s][info][gc,cpu         ] GC(623) User=0.69s Sys=0.00s Real=0.11s
...[3059.489s][info][gc,start       ] GC(624) Pause Young (Mixed) (G1 Evacuation Pause)
[3059.489s][info][gc,task        ] GC(624) Using 6 workers of 6 for evacuation
[3059.619s][info][gc,phases      ] GC(624)   Pre Evacuate Collection Set: 0.43ms
[3059.619s][info][gc,phases      ] GC(624)   Merge Heap Roots: 0.68ms
[3059.619s][info][gc,phases      ] GC(624)   Evacuate Collection Set: 127.93ms
[3059.619s][info][gc,phases      ] GC(624)   Post Evacuate Collection Set: 1.02ms
[3059.619s][info][gc,phases      ] GC(624)   Other: 0.09ms
[3059.619s][info][gc,heap        ] GC(624) Eden regions: 1109->0(1119)
[3059.619s][info][gc,heap        ] GC(624) Survivor regions: 109->109(153)
[3059.619s][info][gc,heap        ] GC(624) Old regions: 538->473
[3059.619s][info][gc,heap        ] GC(624) Humongous regions: 80->80
[3059.619s][info][gc,metaspace   ] GC(624) Metaspace: 28975K(29312K)->28975K(29312K) NonClass: 24097K(24256K)->24097K(24256K) Class: 4877K(5056K)->4877K(5056K)
[3059.619s][info][gc             ] GC(624) Pause Young (Mixed) (G1 Evacuation Pause) 3670M->1322M(4096M) 130.285ms
[3059.619s][info][gc,cpu         ] GC(624) User=0.77s Sys=0.00s Real=0.13s
....[3063.149s][info][gc,start       ] GC(625) Pause Young (Concurrent Start) (G1 Evacuation Pause)
[3063.149s][info][gc,task        ] GC(625) Using 6 workers of 6 for evacuation
[3063.263s][info][gc,phases      ] GC(625)   Pre Evacuate Collection Set: 0.40ms
[3063.263s][info][gc,phases      ] GC(625)   Merge Heap Roots: 0.49ms
[3063.263s][info][gc,phases      ] GC(625)   Evacuate Collection Set: 112.55ms
[3063.263s][info][gc,phases      ] GC(625)   Post Evacuate Collection Set: 0.92ms
[3063.263s][info][gc,phases      ] GC(625)   Other: 0.12ms
[3063.263s][info][gc,heap        ] GC(625) Eden regions: 1119->0(1121)
[3063.263s][info][gc,heap        ] GC(625) Survivor regions: 109->107(154)
[3063.263s][info][gc,heap        ] GC(625) Old regions: 473->505
[3063.263s][info][gc,heap        ] GC(625) Humongous regions: 80->80
[3063.263s][info][gc,metaspace   ] GC(625) Metaspace: 28975K(29312K)->28975K(29312K) NonClass: 24097K(24256K)->24097K(24256K) Class: 4877K(5056K)->4877K(5056K)
[3063.263s][info][gc             ] GC(625) Pause Young (Concurrent Start) (G1 Evacuation Pause) 3560M->1383M(4096M) 114.613ms
[3063.263s][info][gc             ] GC(626) Concurrent Mark Cycle
[3063.263s][info][gc,marking     ] GC(626) Concurrent Scan Root Regions
[3063.263s][info][gc,cpu         ] GC(625) User=0.68s Sys=0.00s Real=0.12s
[3063.447s][info][gc,marking     ] GC(626) Concurrent Scan Root Regions 183.907ms
[3063.447s][info][gc,marking     ] GC(626) Concurrent Mark
[3063.447s][info][gc,marking     ] GC(626) Concurrent Mark From Roots
[3063.447s][info][gc,task        ] GC(626) Using 2 workers of 2 for marking
.[3064.412s][info][gc,marking     ] GC(626) Concurrent Mark From Roots 964.599ms
[3064.412s][info][gc,marking     ] GC(626) Concurrent Preclean
[3064.412s][info][gc,marking     ] GC(626) Concurrent Preclean 0.111ms
[3064.413s][info][gc,start       ] GC(626) Pause Remark
[3064.420s][info][gc             ] GC(626) Pause Remark 2129M->2129M(4096M) 6.488ms
[3064.420s][info][gc,cpu         ] GC(626) User=0.04s Sys=0.00s Real=0.00s
[3064.420s][info][gc,marking     ] GC(626) Concurrent Mark 972.945ms
[3064.420s][info][gc,marking     ] GC(626) Concurrent Rebuild Remembered Sets and Scrub Regions
[3064.686s][info][gc,marking     ] GC(626) Concurrent Rebuild Remembered Sets and Scrub Regions 265.969ms
[3064.686s][info][gc,start       ] GC(626) Pause Cleanup
[3064.686s][info][gc             ] GC(626) Pause Cleanup 2283M->2283M(4096M) 0.121ms
[3064.686s][info][gc,cpu         ] GC(626) User=0.00s Sys=0.00s Real=0.00s
[3064.686s][info][gc,marking     ] GC(626) Concurrent Clear Claimed Marks
[3064.686s][info][gc,marking     ] GC(626) Concurrent Clear Claimed Marks 0.023ms
[3064.686s][info][gc,marking     ] GC(626) Concurrent Cleanup for Next Mark
[3064.690s][info][gc,marking     ] GC(626) Concurrent Cleanup for Next Mark 3.245ms
[3064.690s][info][gc             ] GC(626) Concurrent Mark Cycle 1426.505ms
..[3066.808s][info][gc,start       ] GC(627) Pause Young (Prepare Mixed) (G1 Evacuation Pause)
[3066.809s][info][gc,task        ] GC(627) Using 6 workers of 6 for evacuation
[3066.928s][info][gc,phases      ] GC(627)   Pre Evacuate Collection Set: 0.36ms
[3066.928s][info][gc,phases      ] GC(627)   Merge Heap Roots: 0.55ms
[3066.928s][info][gc,phases      ] GC(627)   Evacuate Collection Set: 117.21ms
[3066.928s][info][gc,phases      ] GC(627)   Post Evacuate Collection Set: 0.98ms
[3066.928s][info][gc,phases      ] GC(627)   Other: 0.08ms
[3066.928s][info][gc,heap        ] GC(627) Eden regions: 1121->0(1107)
[3066.928s][info][gc,heap        ] GC(627) Survivor regions: 107->111(154)
[3066.928s][info][gc,heap        ] GC(627) Old regions: 505->536
[3066.928s][info][gc,heap        ] GC(627) Humongous regions: 80->80
[3066.928s][info][gc,metaspace   ] GC(627) Metaspace: 28975K(29312K)->28975K(29312K) NonClass: 24097K(24256K)->24097K(24256K) Class: 4877K(5056K)->4877K(5056K)
[3066.928s][info][gc             ] GC(627) Pause Young (Prepare Mixed) (G1 Evacuation Pause) 3625M->1453M(4096M) 119.325ms
[3066.928s][info][gc,cpu         ] GC(627) User=0.70s Sys=0.00s Real=0.12s
....[3070.588s][info][gc,start       ] GC(628) Pause Young (Mixed) (G1 Evacuation Pause)
[3070.589s][info][gc,task        ] GC(628) Using 6 workers of 6 for evacuation
[3070.721s][info][gc,phases      ] GC(628)   Pre Evacuate Collection Set: 0.43ms
[3070.721s][info][gc,phases      ] GC(628)   Merge Heap Roots: 0.70ms
[3070.721s][info][gc,phases      ] GC(628)   Evacuate Collection Set: 129.89ms
[3070.721s][info][gc,phases      ] GC(628)   Post Evacuate Collection Set: 0.99ms
[3070.721s][info][gc,phases      ] GC(628)   Other: 0.09ms
[3070.721s][info][gc,heap        ] GC(628) Eden regions: 1107->0(1118)
[3070.721s][info][gc,heap        ] GC(628) Survivor regions: 111->110(153)
[3070.721s][info][gc,heap        ] GC(628) Old regions: 536->472
[3070.721s][info][gc,heap        ] GC(628) Humongous regions: 80->80
[3070.721s][info][gc,metaspace   ] GC(628) Metaspace: 28975K(29312K)->28975K(29312K) NonClass: 24097K(24256K)->24097K(24256K) Class: 4877K(5056K)->4877K(5056K)
[3070.721s][info][gc             ] GC(628) Pause Young (Mixed) (G1 Evacuation Pause) 3667M->1322M(4096M) 132.227ms
[3070.721s][info][gc,cpu         ] GC(628) User=0.78s Sys=0.00s Real=0.13s
....[3074.211s][info][gc,start       ] GC(629) Pause Young (Concurrent Start) (G1 Evacuation Pause)
[3074.211s][info][gc,task        ] GC(629) Using 6 workers of 6 for evacuation
[3074.327s][info][gc,phases      ] GC(629)   Pre Evacuate Collection Set: 0.43ms
[3074.327s][info][gc,phases      ] GC(629)   Merge Heap Roots: 0.47ms
[3074.327s][info][gc,phases      ] GC(629)   Evacuate Collection Set: 113.99ms
[3074.327s][info][gc,phases      ] GC(629)   Post Evacuate Collection Set: 0.91ms
[3074.327s][info][gc,phases      ] GC(629)   Other: 0.11ms
[3074.327s][info][gc,heap        ] GC(629) Eden regions: 1118->0(1120)
[3074.327s][info][gc,heap        ] GC(629) Survivor regions: 110->108(154)
[3074.327s][info][gc,heap        ] GC(629) Old regions: 472->504
[3074.327s][info][gc,heap        ] GC(629) Humongous regions: 80->80
[3074.327s][info][gc,metaspace   ] GC(629) Metaspace: 28975K(29312K)->28975K(29312K) NonClass: 24097K(24256K)->24097K(24256K) Class: 4877K(5056K)->4877K(5056K)
[3074.327s][info][gc             ] GC(629) Pause Young (Concurrent Start) (G1 Evacuation Pause) 3558M->1382M(4096M) 116.049ms
[3074.327s][info][gc             ] GC(630) Concurrent Mark Cycle
[3074.327s][info][gc,marking     ] GC(630) Concurrent Scan Root Regions
[3074.327s][info][gc,cpu         ] GC(629) User=0.69s Sys=0.00s Real=0.12s
[3074.507s][info][gc,marking     ] GC(630) Concurrent Scan Root Regions 179.716ms
[3074.507s][info][gc,marking     ] GC(630) Concurrent Mark
[3074.507s][info][gc,marking     ] GC(630) Concurrent Mark From Roots
[3074.507s][info][gc,task        ] GC(630) Using 2 workers of 2 for marking
.[3075.309s][info][gc,marking     ] GC(630) Concurrent Mark From Roots 802.205ms
[3075.309s][info][gc,marking     ] GC(630) Concurrent Preclean
[3075.309s][info][gc,marking     ] GC(630) Concurrent Preclean 0.112ms
[3075.310s][info][gc,start       ] GC(630) Pause Remark
[3075.314s][info][gc             ] GC(630) Pause Remark 2031M->2031M(4096M) 4.408ms
[3075.314s][info][gc,cpu         ] GC(630) User=0.02s Sys=0.00s Real=0.01s
[3075.315s][info][gc,marking     ] GC(630) Concurrent Mark 808.751ms
[3075.315s][info][gc,marking     ] GC(630) Concurrent Rebuild Remembered Sets and Scrub Regions
[3075.609s][info][gc,marking     ] GC(630) Concurrent Rebuild Remembered Sets and Scrub Regions 294.053ms
[3075.610s][info][gc,start       ] GC(630) Pause Cleanup
[3075.610s][info][gc             ] GC(630) Pause Cleanup 2234M->2234M(4096M) 0.128ms
[3075.610s][info][gc,cpu         ] GC(630) User=0.00s Sys=0.00s Real=0.00s
[3075.610s][info][gc,marking     ] GC(630) Concurrent Clear Claimed Marks
[3075.610s][info][gc,marking     ] GC(630) Concurrent Clear Claimed Marks 0.033ms
[3075.610s][info][gc,marking     ] GC(630) Concurrent Cleanup for Next Mark
[3075.614s][info][gc,marking     ] GC(630) Concurrent Cleanup for Next Mark 4.249ms
[3075.614s][info][gc             ] GC(630) Concurrent Mark Cycle 1287.319ms
..[3077.858s][info][gc,start       ] GC(631) Pause Young (Prepare Mixed) (G1 Evacuation Pause)
[3077.858s][info][gc,task        ] GC(631) Using 6 workers of 6 for evacuation
[3077.977s][info][gc,phases      ] GC(631)   Pre Evacuate Collection Set: 0.36ms
[3077.977s][info][gc,phases      ] GC(631)   Merge Heap Roots: 0.59ms
[3077.977s][info][gc,phases      ] GC(631)   Evacuate Collection Set: 117.50ms
[3077.977s][info][gc,phases      ] GC(631)   Post Evacuate Collection Set: 0.97ms
[3077.977s][info][gc,phases      ] GC(631)   Other: 0.09ms
[3077.977s][info][gc,heap        ] GC(631) Eden regions: 1120->0(1106)
[3077.977s][info][gc,heap        ] GC(631) Survivor regions: 108->111(154)
[3077.977s][info][gc,heap        ] GC(631) Old regions: 504->537
[3077.977s][info][gc,heap        ] GC(631) Humongous regions: 80->80
[3077.977s][info][gc,metaspace   ] GC(631) Metaspace: 28975K(29312K)->28975K(29312K) NonClass: 24097K(24256K)->24097K(24256K) Class: 4877K(5056K)->4877K(5056K)
[3077.977s][info][gc             ] GC(631) Pause Young (Prepare Mixed) (G1 Evacuation Pause) 3622M->1454M(4096M) 119.665ms
[3077.977s][info][gc,cpu         ] GC(631) User=0.70s Sys=0.00s Real=0.12s
....[3081.574s][info][gc,start       ] GC(632) Pause Young (Mixed) (G1 Evacuation Pause)
[3081.574s][info][gc,task        ] GC(632) Using 6 workers of 6 for evacuation
[3081.704s][info][gc,phases      ] GC(632)   Pre Evacuate Collection Set: 0.42ms
[3081.704s][info][gc,phases      ] GC(632)   Merge Heap Roots: 0.65ms
[3081.704s][info][gc,phases      ] GC(632)   Evacuate Collection Set: 127.92ms
[3081.704s][info][gc,phases      ] GC(632)   Post Evacuate Collection Set: 0.97ms
[3081.704s][info][gc,phases      ] GC(632)   Other: 0.10ms
[3081.704s][info][gc,heap        ] GC(632) Eden regions: 1106->0(1120)
[3081.704s][info][gc,heap        ] GC(632) Survivor regions: 111->108(153)
[3081.704s][info][gc,heap        ] GC(632) Old regions: 537->474
[3081.704s][info][gc,heap        ] GC(632) Humongous regions: 80->80
[3081.704s][info][gc,metaspace   ] GC(632) Metaspace: 28975K(29312K)->28975K(29312K) NonClass: 24097K(24256K)->24097K(24256K) Class: 4877K(5056K)->4877K(5056K)
[3081.704s][info][gc             ] GC(632) Pause Young (Mixed) (G1 Evacuation Pause) 3666M->1323M(4096M) 130.213ms
[3081.704s][info][gc,cpu         ] GC(632) User=0.77s Sys=0.00s Real=0.13s
....[3085.303s][info][gc,start       ] GC(633) Pause Young (Concurrent Start) (G1 Evacuation Pause)
[3085.303s][info][gc,task        ] GC(633) Using 6 workers of 6 for evacuation
[3085.418s][info][gc,phases      ] GC(633)   Pre Evacuate Collection Set: 0.40ms
[3085.418s][info][gc,phases      ] GC(633)   Merge Heap Roots: 0.47ms
[3085.418s][info][gc,phases      ] GC(633)   Evacuate Collection Set: 113.38ms
[3085.418s][info][gc,phases      ] GC(633)   Post Evacuate Collection Set: 0.93ms
[3085.418s][info][gc,phases      ] GC(633)   Other: 0.11ms
[3085.418s][info][gc,heap        ] GC(633) Eden regions: 1120->0(1120)
[3085.418s][info][gc,heap        ] GC(633) Survivor regions: 108->108(154)
[3085.418s][info][gc,heap        ] GC(633) Old regions: 474->506
[3085.418s][info][gc,heap        ] GC(633) Humongous regions: 80->80
[3085.418s][info][gc,metaspace   ] GC(633) Metaspace: 28975K(29312K)->28975K(29312K) NonClass: 24097K(24256K)->24097K(24256K) Class: 4877K(5056K)->4877K(5056K)
[3085.418s][info][gc             ] GC(633) Pause Young (Concurrent Start) (G1 Evacuation Pause) 3563M->1386M(4096M) 115.449ms
[3085.418s][info][gc             ] GC(634) Concurrent Mark Cycle
[3085.418s][info][gc,marking     ] GC(634) Concurrent Scan Root Regions
[3085.418s][info][gc,cpu         ] GC(633) User=0.68s Sys=0.00s Real=0.11s
[3085.562s][info][gc,marking     ] GC(634) Concurrent Scan Root Regions 143.960ms
[3085.562s][info][gc,marking     ] GC(634) Concurrent Mark
[3085.562s][info][gc,marking     ] GC(634) Concurrent Mark From Roots
[3085.562s][info][gc,task        ] GC(634) Using 2 workers of 2 for marking
.[3086.273s][info][gc,marking     ] GC(634) Concurrent Mark From Roots 710.040ms
[3086.273s][info][gc,marking     ] GC(634) Concurrent Preclean
[3086.273s][info][gc,marking     ] GC(634) Concurrent Preclean 0.104ms
[3086.273s][info][gc,start       ] GC(634) Pause Remark
[3086.278s][info][gc             ] GC(634) Pause Remark 2031M->2031M(4096M) 5.463ms
[3086.278s][info][gc,cpu         ] GC(634) User=0.03s Sys=0.00s Real=0.00s
[3086.278s][info][gc,marking     ] GC(634) Concurrent Mark 715.878ms
[3086.278s][info][gc,marking     ] GC(634) Concurrent Rebuild Remembered Sets and Scrub Regions
[3086.549s][info][gc,marking     ] GC(634) Concurrent Rebuild Remembered Sets and Scrub Regions 270.556ms
[3086.549s][info][gc,start       ] GC(634) Pause Cleanup
[3086.549s][info][gc             ] GC(634) Pause Cleanup 2197M->2197M(4096M) 0.125ms
[3086.549s][info][gc,cpu         ] GC(634) User=0.00s Sys=0.00s Real=0.00s
[3086.549s][info][gc,marking     ] GC(634) Concurrent Clear Claimed Marks
[3086.549s][info][gc,marking     ] GC(634) Concurrent Clear Claimed Marks 0.030ms
[3086.549s][info][gc,marking     ] GC(634) Concurrent Cleanup for Next Mark
[3086.554s][info][gc,marking     ] GC(634) Concurrent Cleanup for Next Mark 4.606ms
[3086.554s][info][gc             ] GC(634) Concurrent Mark Cycle 1135.536ms
. (rIR:aIR:PR = 5120:5120:5120) (tPR = 75999) [OK] 
  3086s: Performance info:
         Transaction,    Success,    Partial,     Failed,   Receipts, AvgBarcode, 
             Overall,     309036,          0,          0,     293581,      59.48, 
         Response times:
             Request,    Success,    Partial,     Failed,   SkipFail,     Probes,    Samples,      min,      p50,      p90,      p95,      p99,      max, 
       TotalPurchase,     293577,          0,          0,          0,     287876,     308411,      300,     4200,     8900,    21000,    66000,   196000,
     InStorePurchase,     154528,          0,          0,          0,     151401,     161958,      300,     4200,     9000,    22000,    67000,   196000,
      OnlinePurchase,     108121,          0,          0,          0,     106449,     114081,      300,     4100,     8700,    19300,    65000,   196000,
        InstPurchase,      30928,          0,          0,          0,      30026,      32372,      400,     4100,     8700,    22000,    66000,   190000,
          AssocOfCat,        310,          0,          0,          0,        246,        324,    23000,    33000,    59000,    73000,   157250,   176000,
      AssocOfProduct,       3098,          0,          0,          0,       2831,       3178,      200,     5100,    10610,    26050,    80000,   147000,
      BusinessReport,        773,          0,          0,          0,        666,        803,    27000,    37000,    64000,    95400,   167840,   215000,
          CustBuyBeh,       3092,          0,          0,          0,       2892,       3253,      200,     3400,     7600,    16600,    63000,   138000,
       ProductReturn,       8185,          0,          0,          0,       7873,       8672,      200,     4800,     9800,    26000,    80000,   196000,

  3086s: (38%)   IR =   5258 .[3088.895s][info][gc,start       ] GC(635) Pause Young (Prepare Mixed) (G1 Evacuation Pause)
[3088.895s][info][gc,task        ] GC(635) Using 6 workers of 6 for evacuation
[3089.012s][info][gc,phases      ] GC(635)   Pre Evacuate Collection Set: 0.36ms
[3089.012s][info][gc,phases      ] GC(635)   Merge Heap Roots: 0.54ms
[3089.012s][info][gc,phases      ] GC(635)   Evacuate Collection Set: 115.21ms
[3089.012s][info][gc,phases      ] GC(635)   Post Evacuate Collection Set: 0.96ms
[3089.012s][info][gc,phases      ] GC(635)   Other: 0.09ms
[3089.012s][info][gc,heap        ] GC(635) Eden regions: 1120->0(1108)
[3089.012s][info][gc,heap        ] GC(635) Survivor regions: 108->110(154)
[3089.013s][info][gc,heap        ] GC(635) Old regions: 506->537
[3089.013s][info][gc,heap        ] GC(635) Humongous regions: 80->80
[3089.013s][info][gc,metaspace   ] GC(635) Metaspace: 28976K(29312K)->28976K(29312K) NonClass: 24098K(24256K)->24098K(24256K) Class: 4877K(5056K)->4877K(5056K)
[3089.013s][info][gc             ] GC(635) Pause Young (Prepare Mixed) (G1 Evacuation Pause) 3626M->1452M(4096M) 117.293ms
[3089.013s][info][gc,cpu         ] GC(635) User=0.69s Sys=0.00s Real=0.12s
....|[3092.511s][info][gc,start       ] GC(636) Pause Young (Mixed) (G1 Evacuation Pause)
[3092.511s][info][gc,task        ] GC(636) Using 6 workers of 6 for evacuation
[3092.643s][info][gc,phases      ] GC(636)   Pre Evacuate Collection Set: 0.43ms
[3092.643s][info][gc,phases      ] GC(636)   Merge Heap Roots: 0.65ms
[3092.643s][info][gc,phases      ] GC(636)   Evacuate Collection Set: 130.48ms
[3092.643s][info][gc,phases      ] GC(636)   Post Evacuate Collection Set: 0.98ms
[3092.643s][info][gc,phases      ] GC(636)   Other: 0.10ms
[3092.643s][info][gc,heap        ] GC(636) Eden regions: 1108->0(1118)
[3092.643s][info][gc,heap        ] GC(636) Survivor regions: 110->110(153)
[3092.643s][info][gc,heap        ] GC(636) Old regions: 537->474
[3092.643s][info][gc,heap        ] GC(636) Humongous regions: 80->80
[3092.643s][info][gc,metaspace   ] GC(636) Metaspace: 28976K(29312K)->28976K(29312K) NonClass: 24098K(24256K)->24098K(24256K) Class: 4877K(5056K)->4877K(5056K)
[3092.643s][info][gc             ] GC(636) Pause Young (Mixed) (G1 Evacuation Pause) 3668M->1326M(4096M) 132.765ms
[3092.643s][info][gc,cpu         ] GC(636) User=0.78s Sys=0.00s Real=0.14s
....[3096.101s][info][gc,start       ] GC(637) Pause Young (Concurrent Start) (G1 Evacuation Pause)
[3096.101s][info][gc,task        ] GC(637) Using 6 workers of 6 for evacuation
[3096.219s][info][gc,phases      ] GC(637)   Pre Evacuate Collection Set: 0.39ms
[3096.219s][info][gc,phases      ] GC(637)   Merge Heap Roots: 0.50ms
[3096.219s][info][gc,phases      ] GC(637)   Evacuate Collection Set: 115.61ms
[3096.219s][info][gc,phases      ] GC(637)   Post Evacuate Collection Set: 0.95ms
[3096.219s][info][gc,phases      ] GC(637)   Other: 0.11ms
[3096.219s][info][gc,heap        ] GC(637) Eden regions: 1118->0(1118)
[3096.219s][info][gc,heap        ] GC(637) Survivor regions: 110->110(154)
[3096.219s][info][gc,heap        ] GC(637) Old regions: 474->505
[3096.219s][info][gc,heap        ] GC(637) Humongous regions: 80->80
[3096.219s][info][gc,metaspace   ] GC(637) Metaspace: 28976K(29312K)->28976K(29312K) NonClass: 24098K(24256K)->24098K(24256K) Class: 4877K(5056K)->4877K(5056K)
[3096.219s][info][gc             ] GC(637) Pause Young (Concurrent Start) (G1 Evacuation Pause) 3562M->1389M(4096M) 117.693ms
[3096.219s][info][gc             ] GC(638) Concurrent Mark Cycle
[3096.219s][info][gc,marking     ] GC(638) Concurrent Scan Root Regions
[3096.219s][info][gc,cpu         ] GC(637) User=0.69s Sys=0.00s Real=0.12s
[3096.373s][info][gc,marking     ] GC(638) Concurrent Scan Root Regions 153.526ms
[3096.373s][info][gc,marking     ] GC(638) Concurrent Mark
[3096.373s][info][gc,marking     ] GC(638) Concurrent Mark From Roots
[3096.373s][info][gc,task        ] GC(638) Using 2 workers of 2 for marking
[3097.024s][info][gc,marking     ] GC(638) Concurrent Mark From Roots 651.359ms
[3097.024s][info][gc,marking     ] GC(638) Concurrent Preclean
[3097.024s][info][gc,marking     ] GC(638) Concurrent Preclean 0.170ms
[3097.024s][info][gc,start       ] GC(638) Pause Remark
[3097.030s][info][gc             ] GC(638) Pause Remark 1976M->1976M(4096M) 5.356ms
[3097.030s][info][gc,cpu         ] GC(638) User=0.03s Sys=0.00s Real=0.00s
[3097.030s][info][gc,marking     ] GC(638) Concurrent Mark 657.187ms
[3097.030s][info][gc,marking     ] GC(638) Concurrent Rebuild Remembered Sets and Scrub Regions
.[3097.388s][info][gc,marking     ] GC(638) Concurrent Rebuild Remembered Sets and Scrub Regions 358.474ms
[3097.389s][info][gc,start       ] GC(638) Pause Cleanup
[3097.389s][info][gc             ] GC(638) Pause Cleanup 2207M->2207M(4096M) 0.131ms
[3097.389s][info][gc,cpu         ] GC(638) User=0.00s Sys=0.00s Real=0.00s
[3097.389s][info][gc,marking     ] GC(638) Concurrent Clear Claimed Marks
[3097.389s][info][gc,marking     ] GC(638) Concurrent Clear Claimed Marks 0.034ms
[3097.389s][info][gc,marking     ] GC(638) Concurrent Cleanup for Next Mark
[3097.394s][info][gc,marking     ] GC(638) Concurrent Cleanup for Next Mark 4.538ms
[3097.394s][info][gc             ] GC(638) Concurrent Mark Cycle 1174.600ms
..[3099.710s][info][gc,start       ] GC(639) Pause Young (Prepare Mixed) (G1 Evacuation Pause)
[3099.710s][info][gc,task        ] GC(639) Using 6 workers of 6 for evacuation
[3099.827s][info][gc,phases      ] GC(639)   Pre Evacuate Collection Set: 0.38ms
[3099.827s][info][gc,phases      ] GC(639)   Merge Heap Roots: 0.53ms
[3099.827s][info][gc,phases      ] GC(639)   Evacuate Collection Set: 115.45ms
[3099.827s][info][gc,phases      ] GC(639)   Post Evacuate Collection Set: 0.96ms
[3099.827s][info][gc,phases      ] GC(639)   Other: 0.09ms
[3099.827s][info][gc,heap        ] GC(639) Eden regions: 1118->0(1108)
[3099.827s][info][gc,heap        ] GC(639) Survivor regions: 110->110(154)
[3099.827s][info][gc,heap        ] GC(639) Old regions: 505->537
[3099.827s][info][gc,heap        ] GC(639) Humongous regions: 80->80
[3099.827s][info][gc,metaspace   ] GC(639) Metaspace: 28976K(29312K)->28976K(29312K) NonClass: 24098K(24256K)->24098K(24256K) Class: 4877K(5056K)->4877K(5056K)
[3099.827s][info][gc             ] GC(639) Pause Young (Prepare Mixed) (G1 Evacuation Pause) 3625M->1451M(4096M) 117.549ms
[3099.827s][info][gc,cpu         ] GC(639) User=0.69s Sys=0.00s Real=0.12s
....[3103.215s][info][gc,start       ] GC(640) Pause Young (Mixed) (G1 Evacuation Pause)
[3103.215s][info][gc,task        ] GC(640) Using 6 workers of 6 for evacuation
[3103.347s][info][gc,phases      ] GC(640)   Pre Evacuate Collection Set: 0.41ms
[3103.347s][info][gc,phases      ] GC(640)   Merge Heap Roots: 0.65ms
[3103.347s][info][gc,phases      ] GC(640)   Evacuate Collection Set: 129.45ms
[3103.347s][info][gc,phases      ] GC(640)   Post Evacuate Collection Set: 1.01ms
[3103.347s][info][gc,phases      ] GC(640)   Other: 0.09ms
[3103.347s][info][gc,heap        ] GC(640) Eden regions: 1108->0(1121)
[3103.347s][info][gc,heap        ] GC(640) Survivor regions: 110->107(153)
[3103.347s][info][gc,heap        ] GC(640) Old regions: 537->474
[3103.347s][info][gc,heap        ] GC(640) Humongous regions: 80->80
[3103.347s][info][gc,metaspace   ] GC(640) Metaspace: 28976K(29312K)->28976K(29312K) NonClass: 24098K(24256K)->24098K(24256K) Class: 4877K(5056K)->4877K(5056K)
[3103.347s][info][gc             ] GC(640) Pause Young (Mixed) (G1 Evacuation Pause) 3667M->1320M(4096M) 131.749ms
[3103.347s][info][gc,cpu         ] GC(640) User=0.78s Sys=0.00s Real=0.13s
...[3106.810s][info][gc,start       ] GC(641) Pause Young (Concurrent Start) (G1 Evacuation Pause)
[3106.810s][info][gc,task        ] GC(641) Using 6 workers of 6 for evacuation
[3106.928s][info][gc,phases      ] GC(641)   Pre Evacuate Collection Set: 0.40ms
[3106.928s][info][gc,phases      ] GC(641)   Merge Heap Roots: 0.45ms
[3106.928s][info][gc,phases      ] GC(641)   Evacuate Collection Set: 116.21ms
[3106.928s][info][gc,phases      ] GC(641)   Post Evacuate Collection Set: 0.91ms
[3106.928s][info][gc,phases      ] GC(641)   Other: 0.11ms
[3106.928s][info][gc,heap        ] GC(641) Eden regions: 1121->0(1118)
[3106.928s][info][gc,heap        ] GC(641) Survivor regions: 107->110(154)
[3106.928s][info][gc,heap        ] GC(641) Old regions: 474->506
[3106.928s][info][gc,heap        ] GC(641) Humongous regions: 80->80
[3106.928s][info][gc,metaspace   ] GC(641) Metaspace: 28976K(29312K)->28976K(29312K) NonClass: 24098K(24256K)->24098K(24256K) Class: 4877K(5056K)->4877K(5056K)
[3106.928s][info][gc             ] GC(641) Pause Young (Concurrent Start) (G1 Evacuation Pause) 3562M->1389M(4096M) 118.205ms
[3106.928s][info][gc             ] GC(642) Concurrent Mark Cycle
[3106.928s][info][gc,marking     ] GC(642) Concurrent Scan Root Regions
[3106.928s][info][gc,cpu         ] GC(641) User=0.70s Sys=0.00s Real=0.12s
[3107.090s][info][gc,marking     ] GC(642) Concurrent Scan Root Regions 161.607ms
[3107.090s][info][gc,marking     ] GC(642) Concurrent Mark
[3107.090s][info][gc,marking     ] GC(642) Concurrent Mark From Roots
[3107.090s][info][gc,task        ] GC(642) Using 2 workers of 2 for marking
.[3107.730s][info][gc,marking     ] GC(642) Concurrent Mark From Roots 640.457ms
[3107.730s][info][gc,marking     ] GC(642) Concurrent Preclean
[3107.730s][info][gc,marking     ] GC(642) Concurrent Preclean 0.111ms
[3107.733s][info][gc,start       ] GC(642) Pause Remark
[3107.738s][info][gc             ] GC(642) Pause Remark 1933M->1933M(4096M) 4.787ms
[3107.738s][info][gc,cpu         ] GC(642) User=0.03s Sys=0.00s Real=0.00s
[3107.738s][info][gc,marking     ] GC(642) Concurrent Mark 648.649ms
[3107.738s][info][gc,marking     ] GC(642) Concurrent Rebuild Remembered Sets and Scrub Regions
[3108.004s][info][gc,marking     ] GC(642) Concurrent Rebuild Remembered Sets and Scrub Regions 265.175ms
[3108.004s][info][gc,start       ] GC(642) Pause Cleanup
[3108.004s][info][gc             ] GC(642) Pause Cleanup 2114M->2114M(4096M) 0.116ms
[3108.004s][info][gc,cpu         ] GC(642) User=0.00s Sys=0.00s Real=0.00s
[3108.004s][info][gc,marking     ] GC(642) Concurrent Clear Claimed Marks
[3108.004s][info][gc,marking     ] GC(642) Concurrent Clear Claimed Marks 0.035ms
[3108.004s][info][gc,marking     ] GC(642) Concurrent Cleanup for Next Mark
[3108.008s][info][gc,marking     ] GC(642) Concurrent Cleanup for Next Mark 4.323ms
[3108.008s][info][gc             ] GC(642) Concurrent Mark Cycle 1080.266ms
...[3110.395s][info][gc,start       ] GC(643) Pause Young (Prepare Mixed) (G1 Evacuation Pause)
[3110.395s][info][gc,task        ] GC(643) Using 6 workers of 6 for evacuation
[3110.511s][info][gc,phases      ] GC(643)   Pre Evacuate Collection Set: 0.38ms
[3110.511s][info][gc,phases      ] GC(643)   Merge Heap Roots: 0.59ms
[3110.511s][info][gc,phases      ] GC(643)   Evacuate Collection Set: 113.95ms
[3110.511s][info][gc,phases      ] GC(643)   Post Evacuate Collection Set: 0.95ms
[3110.511s][info][gc,phases      ] GC(643)   Other: 0.10ms
[3110.511s][info][gc,heap        ] GC(643) Eden regions: 1118->0(1110)
[3110.511s][info][gc,heap        ] GC(643) Survivor regions: 110->109(154)
[3110.511s][info][gc,heap        ] GC(643) Old regions: 506->537
[3110.511s][info][gc,heap        ] GC(643) Humongous regions: 80->80
[3110.511s][info][gc,metaspace   ] GC(643) Metaspace: 28978K(29312K)->28978K(29312K) NonClass: 24100K(24256K)->24100K(24256K) Class: 4877K(5056K)->4877K(5056K)
[3110.511s][info][gc             ] GC(643) Pause Young (Prepare Mixed) (G1 Evacuation Pause) 3625M->1449M(4096M) 116.106ms
[3110.511s][info][gc,cpu         ] GC(643) User=0.69s Sys=0.00s Real=0.11s
...[3113.977s][info][gc,start       ] GC(644) Pause Young (Mixed) (G1 Evacuation Pause)
[3113.977s][info][gc,task        ] GC(644) Using 6 workers of 6 for evacuation
[3114.114s][info][gc,phases      ] GC(644)   Pre Evacuate Collection Set: 0.41ms
[3114.114s][info][gc,phases      ] GC(644)   Merge Heap Roots: 0.67ms
[3114.114s][info][gc,phases      ] GC(644)   Evacuate Collection Set: 135.68ms
[3114.114s][info][gc,phases      ] GC(644)   Post Evacuate Collection Set: 0.89ms
[3114.114s][info][gc,phases      ] GC(644)   Other: 0.10ms
[3114.114s][info][gc,heap        ] GC(644) Eden regions: 1110->0(1115)
[3114.114s][info][gc,heap        ] GC(644) Survivor regions: 109->113(153)
[3114.114s][info][gc,heap        ] GC(644) Old regions: 537->473
[3114.114s][info][gc,heap        ] GC(644) Humongous regions: 80->80
[3114.114s][info][gc,metaspace   ] GC(644) Metaspace: 28978K(29312K)->28978K(29312K) NonClass: 24100K(24256K)->24100K(24256K) Class: 4877K(5056K)->4877K(5056K)
[3114.114s][info][gc             ] GC(644) Pause Young (Mixed) (G1 Evacuation Pause) 3669M->1330M(4096M) 137.887ms
[3114.115s][info][gc,cpu         ] GC(644) User=0.82s Sys=0.00s Real=0.14s
....[3117.547s][info][gc,start       ] GC(645) Pause Young (Concurrent Start) (G1 Evacuation Pause)
[3117.547s][info][gc,task        ] GC(645) Using 6 workers of 6 for evacuation
[3117.663s][info][gc,phases      ] GC(645)   Pre Evacuate Collection Set: 0.40ms
[3117.663s][info][gc,phases      ] GC(645)   Merge Heap Roots: 0.46ms
[3117.663s][info][gc,phases      ] GC(645)   Evacuate Collection Set: 114.32ms
[3117.663s][info][gc,phases      ] GC(645)   Post Evacuate Collection Set: 0.91ms
[3117.663s][info][gc,phases      ] GC(645)   Other: 0.11ms
[3117.663s][info][gc,heap        ] GC(645) Eden regions: 1115->0(1119)
[3117.663s][info][gc,heap        ] GC(645) Survivor regions: 113->109(154)
[3117.663s][info][gc,heap        ] GC(645) Old regions: 473->505
[3117.663s][info][gc,heap        ] GC(645) Humongous regions: 80->80
[3117.663s][info][gc,metaspace   ] GC(645) Metaspace: 28978K(29312K)->28978K(29312K) NonClass: 24100K(24256K)->24100K(24256K) Class: 4877K(5056K)->4877K(5056K)
[3117.663s][info][gc             ] GC(645) Pause Young (Concurrent Start) (G1 Evacuation Pause) 3560M->1385M(4096M) 116.340ms
[3117.663s][info][gc             ] GC(646) Concurrent Mark Cycle
[3117.663s][info][gc,marking     ] GC(646) Concurrent Scan Root Regions
[3117.663s][info][gc,cpu         ] GC(645) User=0.69s Sys=0.00s Real=0.12s
[3117.848s][info][gc,marking     ] GC(646) Concurrent Scan Root Regions 184.546ms
[3117.848s][info][gc,marking     ] GC(646) Concurrent Mark
[3117.848s][info][gc,marking     ] GC(646) Concurrent Mark From Roots
[3117.848s][info][gc,task        ] GC(646) Using 2 workers of 2 for marking
.[3118.635s][info][gc,marking     ] GC(646) Concurrent Mark From Roots 787.371ms
[3118.635s][info][gc,marking     ] GC(646) Concurrent Preclean
[3118.635s][info][gc,marking     ] GC(646) Concurrent Preclean 0.126ms
[3118.636s][info][gc,start       ] GC(646) Pause Remark
[3118.642s][info][gc             ] GC(646) Pause Remark 2082M->2082M(4096M) 6.911ms
[3118.643s][info][gc,cpu         ] GC(646) User=0.04s Sys=0.00s Real=0.01s
[3118.643s][info][gc,marking     ] GC(646) Concurrent Mark 795.407ms
[3118.643s][info][gc,marking     ] GC(646) Concurrent Rebuild Remembered Sets and Scrub Regions
[3118.889s][info][gc,marking     ] GC(646) Concurrent Rebuild Remembered Sets and Scrub Regions 245.976ms
[3118.890s][info][gc,start       ] GC(646) Pause Cleanup
[3118.890s][info][gc             ] GC(646) Pause Cleanup 2239M->2239M(4096M) 0.127ms
[3118.890s][info][gc,cpu         ] GC(646) User=0.00s Sys=0.00s Real=0.00s
[3118.890s][info][gc,marking     ] GC(646) Concurrent Clear Claimed Marks
[3118.890s][info][gc,marking     ] GC(646) Concurrent Clear Claimed Marks 0.031ms
[3118.890s][info][gc,marking     ] GC(646) Concurrent Cleanup for Next Mark
[3118.895s][info][gc,marking     ] GC(646) Concurrent Cleanup for Next Mark 5.567ms
[3118.895s][info][gc             ] GC(646) Concurrent Mark Cycle 1232.200ms
..[3121.132s][info][gc,start       ] GC(647) Pause Young (Prepare Mixed) (G1 Evacuation Pause)
[3121.132s][info][gc,task        ] GC(647) Using 6 workers of 6 for evacuation
[3121.249s][info][gc,phases      ] GC(647)   Pre Evacuate Collection Set: 0.37ms
[3121.249s][info][gc,phases      ] GC(647)   Merge Heap Roots: 0.59ms
[3121.249s][info][gc,phases      ] GC(647)   Evacuate Collection Set: 115.76ms
[3121.249s][info][gc,phases      ] GC(647)   Post Evacuate Collection Set: 0.95ms
[3121.249s][info][gc,phases      ] GC(647)   Other: 0.10ms
[3121.249s][info][gc,heap        ] GC(647) Eden regions: 1119->0(1108)
[3121.249s][info][gc,heap        ] GC(647) Survivor regions: 109->110(154)
[3121.249s][info][gc,heap        ] GC(647) Old regions: 505->537
[3121.249s][info][gc,heap        ] GC(647) Humongous regions: 80->80
[3121.249s][info][gc,metaspace   ] GC(647) Metaspace: 28920K(29312K)->28920K(29312K) NonClass: 24052K(24256K)->24052K(24256K) Class: 4868K(5056K)->4868K(5056K)
[3121.249s][info][gc             ] GC(647) Pause Young (Prepare Mixed) (G1 Evacuation Pause) 3623M->1452M(4096M) 117.926ms
[3121.250s][info][gc,cpu         ] GC(647) User=0.70s Sys=0.00s Real=0.12s
....[3124.693s][info][gc,start       ] GC(648) Pause Young (Mixed) (G1 Evacuation Pause)
[3124.693s][info][gc,task        ] GC(648) Using 6 workers of 6 for evacuation
[3124.825s][info][gc,phases      ] GC(648)   Pre Evacuate Collection Set: 0.39ms
[3124.825s][info][gc,phases      ] GC(648)   Merge Heap Roots: 0.67ms
[3124.825s][info][gc,phases      ] GC(648)   Evacuate Collection Set: 130.19ms
[3124.825s][info][gc,phases      ] GC(648)   Post Evacuate Collection Set: 1.00ms
[3124.825s][info][gc,phases      ] GC(648)   Other: 0.08ms
[3124.825s][info][gc,heap        ] GC(648) Eden regions: 1108->0(1119)
[3124.825s][info][gc,heap        ] GC(648) Survivor regions: 110->109(153)
[3124.825s][info][gc,heap        ] GC(648) Old regions: 537->473
[3124.825s][info][gc,heap        ] GC(648) Humongous regions: 80->80
[3124.825s][info][gc,metaspace   ] GC(648) Metaspace: 28920K(29312K)->28920K(29312K) NonClass: 24052K(24256K)->24052K(24256K) Class: 4868K(5056K)->4868K(5056K)
[3124.825s][info][gc             ] GC(648) Pause Young (Mixed) (G1 Evacuation Pause) 3668M->1322M(4096M) 132.469ms
[3124.825s][info][gc,cpu         ] GC(648) User=0.79s Sys=0.00s Real=0.13s
...[3128.231s][info][gc,start       ] GC(649) Pause Young (Concurrent Start) (G1 Evacuation Pause)
[3128.231s][info][gc,task        ] GC(649) Using 6 workers of 6 for evacuation
[3128.347s][info][gc,phases      ] GC(649)   Pre Evacuate Collection Set: 0.38ms
[3128.347s][info][gc,phases      ] GC(649)   Merge Heap Roots: 0.48ms
[3128.347s][info][gc,phases      ] GC(649)   Evacuate Collection Set: 113.77ms
[3128.347s][info][gc,phases      ] GC(649)   Post Evacuate Collection Set: 0.93ms
[3128.347s][info][gc,phases      ] GC(649)   Other: 0.11ms
[3128.347s][info][gc,heap        ] GC(649) Eden regions: 1119->0(1121)
[3128.347s][info][gc,heap        ] GC(649) Survivor regions: 109->107(154)
[3128.347s][info][gc,heap        ] GC(649) Old regions: 473->505
[3128.347s][info][gc,heap        ] GC(649) Humongous regions: 80->80
[3128.347s][info][gc,metaspace   ] GC(649) Metaspace: 28920K(29312K)->28920K(29312K) NonClass: 24052K(24256K)->24052K(24256K) Class: 4868K(5056K)->4868K(5056K)
[3128.347s][info][gc             ] GC(649) Pause Young (Concurrent Start) (G1 Evacuation Pause) 3560M->1382M(4096M) 115.818ms
[3128.347s][info][gc             ] GC(650) Concurrent Mark Cycle
[3128.347s][info][gc,marking     ] GC(650) Concurrent Scan Root Regions
[3128.347s][info][gc,cpu         ] GC(649) User=0.69s Sys=0.00s Real=0.12s
.[3128.529s][info][gc,marking     ] GC(650) Concurrent Scan Root Regions 181.725ms
[3128.529s][info][gc,marking     ] GC(650) Concurrent Mark
[3128.529s][info][gc,marking     ] GC(650) Concurrent Mark From Roots
[3128.529s][info][gc,task        ] GC(650) Using 2 workers of 2 for marking
[3129.328s][info][gc,marking     ] GC(650) Concurrent Mark From Roots 799.099ms
[3129.328s][info][gc,marking     ] GC(650) Concurrent Preclean
[3129.329s][info][gc,marking     ] GC(650) Concurrent Preclean 0.458ms
[3129.329s][info][gc,start       ] GC(650) Pause Remark
[3129.335s][info][gc             ] GC(650) Pause Remark 2036M->2036M(4096M) 6.165ms
[3129.335s][info][gc,cpu         ] GC(650) User=0.04s Sys=0.00s Real=0.01s
[3129.335s][info][gc,marking     ] GC(650) Concurrent Mark 805.994ms
[3129.335s][info][gc,marking     ] GC(650) Concurrent Rebuild Remembered Sets and Scrub Regions
.[3129.598s][info][gc,marking     ] GC(650) Concurrent Rebuild Remembered Sets and Scrub Regions 263.381ms
[3129.598s][info][gc,start       ] GC(650) Pause Cleanup
[3129.599s][info][gc             ] GC(650) Pause Cleanup 2183M->2183M(4096M) 0.116ms
[3129.599s][info][gc,cpu         ] GC(650) User=0.00s Sys=0.00s Real=0.00s
[3129.599s][info][gc,marking     ] GC(650) Concurrent Clear Claimed Marks
[3129.599s][info][gc,marking     ] GC(650) Concurrent Clear Claimed Marks 0.022ms
[3129.599s][info][gc,marking     ] GC(650) Concurrent Cleanup for Next Mark
[3129.602s][info][gc,marking     ] GC(650) Concurrent Cleanup for Next Mark 3.251ms
[3129.602s][info][gc             ] GC(650) Concurrent Mark Cycle 1254.789ms
..[3131.861s][info][gc,start       ] GC(651) Pause Young (Prepare Mixed) (G1 Evacuation Pause)
[3131.861s][info][gc,task        ] GC(651) Using 6 workers of 6 for evacuation
[3131.978s][info][gc,phases      ] GC(651)   Pre Evacuate Collection Set: 0.37ms
[3131.978s][info][gc,phases      ] GC(651)   Merge Heap Roots: 0.51ms
[3131.978s][info][gc,phases      ] GC(651)   Evacuate Collection Set: 115.30ms
[3131.978s][info][gc,phases      ] GC(651)   Post Evacuate Collection Set: 0.96ms
[3131.978s][info][gc,phases      ] GC(651)   Other: 0.09ms
[3131.978s][info][gc,heap        ] GC(651) Eden regions: 1121->0(1109)
[3131.978s][info][gc,heap        ] GC(651) Survivor regions: 107->110(154)
[3131.978s][info][gc,heap        ] GC(651) Old regions: 505->536
[3131.978s][info][gc,heap        ] GC(651) Humongous regions: 80->80
[3131.978s][info][gc,metaspace   ] GC(651) Metaspace: 28920K(29312K)->28920K(29312K) NonClass: 24052K(24256K)->24052K(24256K) Class: 4868K(5056K)->4868K(5056K)
[3131.978s][info][gc             ] GC(651) Pause Young (Prepare Mixed) (G1 Evacuation Pause) 3624M->1450M(4096M) 117.365ms
[3131.978s][info][gc,cpu         ] GC(651) User=0.69s Sys=0.00s Real=0.12s
....[3135.397s][info][gc,start       ] GC(652) Pause Young (Mixed) (G1 Evacuation Pause)
[3135.397s][info][gc,task        ] GC(652) Using 6 workers of 6 for evacuation
[3135.537s][info][gc,phases      ] GC(652)   Pre Evacuate Collection Set: 0.40ms
[3135.537s][info][gc,phases      ] GC(652)   Merge Heap Roots: 0.72ms
[3135.537s][info][gc,phases      ] GC(652)   Evacuate Collection Set: 137.55ms
[3135.537s][info][gc,phases      ] GC(652)   Post Evacuate Collection Set: 1.00ms
[3135.537s][info][gc,phases      ] GC(652)   Other: 0.09ms
[3135.537s][info][gc,heap        ] GC(652) Eden regions: 1109->0(1115)
[3135.537s][info][gc,heap        ] GC(652) Survivor regions: 110->113(153)
[3135.537s][info][gc,heap        ] GC(652) Old regions: 536->473
[3135.537s][info][gc,heap        ] GC(652) Humongous regions: 80->80
[3135.537s][info][gc,metaspace   ] GC(652) Metaspace: 28920K(29312K)->28920K(29312K) NonClass: 24052K(24256K)->24052K(24256K) Class: 4868K(5056K)->4868K(5056K)
[3135.537s][info][gc             ] GC(652) Pause Young (Mixed) (G1 Evacuation Pause) 3668M->1331M(4096M) 139.885ms
[3135.537s][info][gc,cpu         ] GC(652) User=0.82s Sys=0.00s Real=0.14s
...[3138.997s][info][gc,start       ] GC(653) Pause Young (Concurrent Start) (G1 Evacuation Pause)
[3138.997s][info][gc,task        ] GC(653) Using 6 workers of 6 for evacuation
[3139.114s][info][gc,phases      ] GC(653)   Pre Evacuate Collection Set: 0.43ms
[3139.114s][info][gc,phases      ] GC(653)   Merge Heap Roots: 0.50ms
[3139.114s][info][gc,phases      ] GC(653)   Evacuate Collection Set: 115.40ms
[3139.114s][info][gc,phases      ] GC(653)   Post Evacuate Collection Set: 0.93ms
[3139.114s][info][gc,phases      ] GC(653)   Other: 0.13ms
[3139.114s][info][gc,heap        ] GC(653) Eden regions: 1115->0(1118)
[3139.114s][info][gc,heap        ] GC(653) Survivor regions: 113->110(154)
[3139.114s][info][gc,heap        ] GC(653) Old regions: 473->506
[3139.114s][info][gc,heap        ] GC(653) Humongous regions: 80->80
[3139.114s][info][gc,metaspace   ] GC(653) Metaspace: 28920K(29312K)->28920K(29312K) NonClass: 24052K(24256K)->24052K(24256K) Class: 4868K(5056K)->4868K(5056K)
[3139.114s][info][gc             ] GC(653) Pause Young (Concurrent Start) (G1 Evacuation Pause) 3561M->1390M(4096M) 117.537ms
[3139.114s][info][gc             ] GC(654) Concurrent Mark Cycle
[3139.114s][info][gc,marking     ] GC(654) Concurrent Scan Root Regions
[3139.114s][info][gc,cpu         ] GC(653) User=0.69s Sys=0.00s Real=0.12s
[3139.289s][info][gc,marking     ] GC(654) Concurrent Scan Root Regions 174.555ms
[3139.289s][info][gc,marking     ] GC(654) Concurrent Mark
[3139.289s][info][gc,marking     ] GC(654) Concurrent Mark From Roots
[3139.289s][info][gc,task        ] GC(654) Using 2 workers of 2 for marking
.[3140.239s][info][gc,marking     ] GC(654) Concurrent Mark From Roots 950.165ms
[3140.239s][info][gc,marking     ] GC(654) Concurrent Preclean
[3140.241s][info][gc,marking     ] GC(654) Concurrent Preclean 1.673ms
[3140.241s][info][gc,start       ] GC(654) Pause Remark
[3140.248s][info][gc             ] GC(654) Pause Remark 2133M->2133M(4096M) 7.013ms
[3140.248s][info][gc,cpu         ] GC(654) User=0.04s Sys=0.00s Real=0.01s
[3140.248s][info][gc,marking     ] GC(654) Concurrent Mark 959.160ms
[3140.248s][info][gc,marking     ] GC(654) Concurrent Rebuild Remembered Sets and Scrub Regions
.[3140.490s][info][gc,marking     ] GC(654) Concurrent Rebuild Remembered Sets and Scrub Regions 241.408ms
[3140.491s][info][gc,start       ] GC(654) Pause Cleanup
[3140.491s][info][gc             ] GC(654) Pause Cleanup 2290M->2290M(4096M) 0.163ms
[3140.491s][info][gc,cpu         ] GC(654) User=0.00s Sys=0.00s Real=0.00s
[3140.492s][info][gc,marking     ] GC(654) Concurrent Clear Claimed Marks
[3140.492s][info][gc,marking     ] GC(654) Concurrent Clear Claimed Marks 0.025ms
[3140.492s][info][gc,marking     ] GC(654) Concurrent Cleanup for Next Mark
[3140.513s][info][gc,marking     ] GC(654) Concurrent Cleanup for Next Mark 21.326ms
[3140.513s][info][gc             ] GC(654) Concurrent Mark Cycle 1398.582ms
..[3142.584s][info][gc,start       ] GC(655) Pause Young (Prepare Mixed) (G1 Evacuation Pause)
[3142.584s][info][gc,task        ] GC(655) Using 6 workers of 6 for evacuation
[3142.700s][info][gc,phases      ] GC(655)   Pre Evacuate Collection Set: 0.37ms
[3142.701s][info][gc,phases      ] GC(655)   Merge Heap Roots: 0.52ms
[3142.701s][info][gc,phases      ] GC(655)   Evacuate Collection Set: 114.46ms
[3142.701s][info][gc,phases      ] GC(655)   Post Evacuate Collection Set: 0.99ms
[3142.701s][info][gc,phases      ] GC(655)   Other: 0.09ms
[3142.701s][info][gc,heap        ] GC(655) Eden regions: 1118->0(1109)
[3142.701s][info][gc,heap        ] GC(655) Survivor regions: 110->109(154)
[3142.701s][info][gc,heap        ] GC(655) Old regions: 506->538
[3142.701s][info][gc,heap        ] GC(655) Humongous regions: 80->80
[3142.701s][info][gc,metaspace   ] GC(655) Metaspace: 28920K(29312K)->28920K(29312K) NonClass: 24052K(24256K)->24052K(24256K) Class: 4868K(5056K)->4868K(5056K)
[3142.701s][info][gc             ] GC(655) Pause Young (Prepare Mixed) (G1 Evacuation Pause) 3626M->1452M(4096M) 116.591ms
[3142.701s][info][gc,cpu         ] GC(655) User=0.69s Sys=0.00s Real=0.11s
...[3146.108s][info][gc,start       ] GC(656) Pause Young (Mixed) (G1 Evacuation Pause)
[3146.108s][info][gc,task        ] GC(656) Using 6 workers of 6 for evacuation
[3146.243s][info][gc,phases      ] GC(656)   Pre Evacuate Collection Set: 0.40ms
[3146.243s][info][gc,phases      ] GC(656)   Merge Heap Roots: 0.66ms
[3146.243s][info][gc,phases      ] GC(656)   Evacuate Collection Set: 132.79ms
[3146.243s][info][gc,phases      ] GC(656)   Post Evacuate Collection Set: 0.98ms
[3146.243s][info][gc,phases      ] GC(656)   Other: 0.09ms
[3146.243s][info][gc,heap        ] GC(656) Eden regions: 1109->0(1117)
[3146.243s][info][gc,heap        ] GC(656) Survivor regions: 109->111(153)
[3146.243s][info][gc,heap        ] GC(656) Old regions: 538->474
[3146.243s][info][gc,heap        ] GC(656) Humongous regions: 80->80
[3146.243s][info][gc,metaspace   ] GC(656) Metaspace: 28920K(29312K)->28920K(29312K) NonClass: 24052K(24256K)->24052K(24256K) Class: 4868K(5056K)->4868K(5056K)
[3146.243s][info][gc             ] GC(656) Pause Young (Mixed) (G1 Evacuation Pause) 3670M->1328M(4096M) 135.049ms
[3146.243s][info][gc,cpu         ] GC(656) User=0.80s Sys=0.00s Real=0.14s
....[3149.726s][info][gc,start       ] GC(657) Pause Young (Concurrent Start) (G1 Evacuation Pause)
[3149.726s][info][gc,task        ] GC(657) Using 6 workers of 6 for evacuation
[3149.847s][info][gc,phases      ] GC(657)   Pre Evacuate Collection Set: 0.41ms
[3149.847s][info][gc,phases      ] GC(657)   Merge Heap Roots: 0.49ms
[3149.847s][info][gc,phases      ] GC(657)   Evacuate Collection Set: 118.48ms
[3149.847s][info][gc,phases      ] GC(657)   Post Evacuate Collection Set: 0.92ms
[3149.847s][info][gc,phases      ] GC(657)   Other: 0.11ms
[3149.847s][info][gc,heap        ] GC(657) Eden regions: 1117->0(1117)
[3149.847s][info][gc,heap        ] GC(657) Survivor regions: 111->111(154)
[3149.847s][info][gc,heap        ] GC(657) Old regions: 474->506
[3149.847s][info][gc,heap        ] GC(657) Humongous regions: 80->80
[3149.847s][info][gc,metaspace   ] GC(657) Metaspace: 28920K(29312K)->28920K(29312K) NonClass: 24052K(24256K)->24052K(24256K) Class: 4868K(5056K)->4868K(5056K)
[3149.847s][info][gc             ] GC(657) Pause Young (Concurrent Start) (G1 Evacuation Pause) 3562M->1393M(4096M) 120.550ms
[3149.847s][info][gc             ] GC(658) Concurrent Mark Cycle
[3149.847s][info][gc,marking     ] GC(658) Concurrent Scan Root Regions
[3149.847s][info][gc,cpu         ] GC(657) User=0.71s Sys=0.00s Real=0.12s
[3149.994s][info][gc,marking     ] GC(658) Concurrent Scan Root Regions 147.049ms
[3149.994s][info][gc,marking     ] GC(658) Concurrent Mark
[3149.994s][info][gc,marking     ] GC(658) Concurrent Mark From Roots
[3149.994s][info][gc,task        ] GC(658) Using 2 workers of 2 for marking
.[3150.649s][info][gc,marking     ] GC(658) Concurrent Mark From Roots 654.865ms
[3150.649s][info][gc,marking     ] GC(658) Concurrent Preclean
[3150.649s][info][gc,marking     ] GC(658) Concurrent Preclean 0.717ms
[3150.650s][info][gc,start       ] GC(658) Pause Remark
[3150.655s][info][gc             ] GC(658) Pause Remark 1977M->1977M(4096M) 5.526ms
[3150.655s][info][gc,cpu         ] GC(658) User=0.03s Sys=0.00s Real=0.01s
[3150.656s][info][gc,marking     ] GC(658) Concurrent Mark 662.472ms
[3150.656s][info][gc,marking     ] GC(658) Concurrent Rebuild Remembered Sets and Scrub Regions
[3150.895s][info][gc,marking     ] GC(658) Concurrent Rebuild Remembered Sets and Scrub Regions 239.076ms
[3150.896s][info][gc,start       ] GC(658) Pause Cleanup
[3150.896s][info][gc             ] GC(658) Pause Cleanup 2128M->2128M(4096M) 0.140ms
[3150.896s][info][gc,cpu         ] GC(658) User=0.00s Sys=0.00s Real=0.00s
[3150.896s][info][gc,marking     ] GC(658) Concurrent Clear Claimed Marks
[3150.896s][info][gc,marking     ] GC(658) Concurrent Clear Claimed Marks 0.049ms
[3150.896s][info][gc,marking     ] GC(658) Concurrent Cleanup for Next Mark
[3150.900s][info][gc,marking     ] GC(658) Concurrent Cleanup for Next Mark 3.996ms
[3150.900s][info][gc             ] GC(658) Concurrent Mark Cycle 1053.177ms
.. (rIR:aIR:PR = 5258:5257:5257) (tPR = 77997) [OK] 
  3152s: Performance info:
         Transaction,    Success,    Partial,     Failed,   Receipts, AvgBarcode, 
             Overall,     317111,          0,          0,     301262,      59.47, 
         Response times:
             Request,    Success,    Partial,     Failed,   SkipFail,     Probes,    Samples,      min,      p50,      p90,      p95,      p99,      max, 
       TotalPurchase,     301262,          0,          0,          0,     295813,     320437,      300,     4300,     9200,    21000,    67000,   196000,
     InStorePurchase,     158561,          0,          0,          0,     156091,     168899,      300,     4300,     9100,    20000,    68000,   189000,
      OnlinePurchase,     110980,          0,          0,          0,     108959,     117866,      300,     4300,     9300,    22000,    66330,   196000,
        InstPurchase,      31721,          0,          0,          0,      30763,      33672,      400,     4600,     9300,    22000,    67000,   196000,
          AssocOfCat,        316,          0,          0,          0,        238,        319,    21000,    34000,    61000,    86000,   142400,   174000,
      AssocOfProduct,       3155,          0,          0,          0,       2912,       3353,      500,     4100,     8700,    19030,    59460,   147000,
      BusinessReport,        797,          0,          0,          0,        678,        830,    28000,    37000,    62000,    79000,   181760,   202000,
          CustBuyBeh,       3173,          0,          0,          0,       2961,       3415,      200,     2800,     6140,    12540,    51000,   146000,
       ProductReturn,       8408,          0,          0,          0,       7958,       8931,      200,     3500,     7900,    19300,    57000,   147000,

  3152s: (39%)   IR =   5396 [3153.236s][info][gc,start       ] GC(659) Pause Young (Prepare Mixed) (G1 Evacuation Pause)
[3153.236s][info][gc,task        ] GC(659) Using 6 workers of 6 for evacuation
[3153.352s][info][gc,phases      ] GC(659)   Pre Evacuate Collection Set: 0.37ms
[3153.352s][info][gc,phases      ] GC(659)   Merge Heap Roots: 0.52ms
[3153.352s][info][gc,phases      ] GC(659)   Evacuate Collection Set: 114.52ms
[3153.352s][info][gc,phases      ] GC(659)   Post Evacuate Collection Set: 0.97ms
[3153.352s][info][gc,phases      ] GC(659)   Other: 0.09ms
[3153.352s][info][gc,heap        ] GC(659) Eden regions: 1117->0(1111)
[3153.352s][info][gc,heap        ] GC(659) Survivor regions: 111->108(154)
[3153.352s][info][gc,heap        ] GC(659) Old regions: 506->538
[3153.352s][info][gc,heap        ] GC(659) Humongous regions: 80->80
[3153.352s][info][gc,metaspace   ] GC(659) Metaspace: 28920K(29312K)->28920K(29312K) NonClass: 24052K(24256K)->24052K(24256K) Class: 4868K(5056K)->4868K(5056K)
[3153.352s][info][gc             ] GC(659) Pause Young (Prepare Mixed) (G1 Evacuation Pause) 3627M->1450M(4096M) 116.604ms
[3153.352s][info][gc,cpu         ] GC(659) User=0.69s Sys=0.00s Real=0.12s
....[3156.792s][info][gc,start       ] GC(660) Pause Young (Mixed) (G1 Evacuation Pause)
[3156.792s][info][gc,task        ] GC(660) Using 6 workers of 6 for evacuation
[3156.927s][info][gc,phases      ] GC(660)   Pre Evacuate Collection Set: 0.45ms
[3156.927s][info][gc,phases      ] GC(660)   Merge Heap Roots: 0.70ms
[3156.927s][info][gc,phases      ] GC(660)   Evacuate Collection Set: 132.30ms
[3156.927s][info][gc,phases      ] GC(660)   Post Evacuate Collection Set: 1.02ms
[3156.927s][info][gc,phases      ] GC(660)   Other: 0.09ms
[3156.927s][info][gc,heap        ] GC(660) Eden regions: 1111->0(1118)
[3156.927s][info][gc,heap        ] GC(660) Survivor regions: 108->110(153)
[3156.927s][info][gc,heap        ] GC(660) Old regions: 538->473
[3156.927s][info][gc,heap        ] GC(660) Humongous regions: 80->80
[3156.927s][info][gc,metaspace   ] GC(660) Metaspace: 28920K(29312K)->28920K(29312K) NonClass: 24052K(24256K)->24052K(24256K) Class: 4868K(5056K)->4868K(5056K)
[3156.927s][info][gc             ] GC(660) Pause Young (Mixed) (G1 Evacuation Pause) 3672M->1325M(4096M) 134.703ms
[3156.927s][info][gc,cpu         ] GC(660) User=0.80s Sys=0.00s Real=0.14s
.|..[3160.243s][info][gc,start       ] GC(661) Pause Young (Concurrent Start) (G1 Evacuation Pause)
[3160.243s][info][gc,task        ] GC(661) Using 6 workers of 6 for evacuation
[3160.360s][info][gc,phases      ] GC(661)   Pre Evacuate Collection Set: 0.38ms
[3160.360s][info][gc,phases      ] GC(661)   Merge Heap Roots: 0.46ms
[3160.360s][info][gc,phases      ] GC(661)   Evacuate Collection Set: 114.60ms
[3160.360s][info][gc,phases      ] GC(661)   Post Evacuate Collection Set: 0.91ms
[3160.360s][info][gc,phases      ] GC(661)   Other: 0.11ms
[3160.360s][info][gc,heap        ] GC(661) Eden regions: 1118->0(1119)
[3160.360s][info][gc,heap        ] GC(661) Survivor regions: 110->109(154)
[3160.360s][info][gc,heap        ] GC(661) Old regions: 473->504
[3160.360s][info][gc,heap        ] GC(661) Humongous regions: 80->80
[3160.360s][info][gc,metaspace   ] GC(661) Metaspace: 28920K(29312K)->28920K(29312K) NonClass: 24052K(24256K)->24052K(24256K) Class: 4868K(5056K)->4868K(5056K)
[3160.360s][info][gc             ] GC(661) Pause Young (Concurrent Start) (G1 Evacuation Pause) 3561M->1384M(4096M) 116.592ms
[3160.360s][info][gc             ] GC(662) Concurrent Mark Cycle
[3160.360s][info][gc,marking     ] GC(662) Concurrent Scan Root Regions
[3160.360s][info][gc,cpu         ] GC(661) User=0.69s Sys=0.00s Real=0.11s
.[3160.542s][info][gc,marking     ] GC(662) Concurrent Scan Root Regions 182.380ms
[3160.542s][info][gc,marking     ] GC(662) Concurrent Mark
[3160.542s][info][gc,marking     ] GC(662) Concurrent Mark From Roots
[3160.542s][info][gc,task        ] GC(662) Using 2 workers of 2 for marking
[3161.322s][info][gc,marking     ] GC(662) Concurrent Mark From Roots 779.518ms
[3161.322s][info][gc,marking     ] GC(662) Concurrent Preclean
[3161.322s][info][gc,marking     ] GC(662) Concurrent Preclean 0.142ms
[3161.322s][info][gc,start       ] GC(662) Pause Remark
[3161.327s][info][gc             ] GC(662) Pause Remark 2042M->2042M(4096M) 5.491ms
[3161.327s][info][gc,cpu         ] GC(662) User=0.03s Sys=0.00s Real=0.01s
[3161.328s][info][gc,marking     ] GC(662) Concurrent Mark 785.436ms
[3161.328s][info][gc,marking     ] GC(662) Concurrent Rebuild Remembered Sets and Scrub Regions
.[3161.571s][info][gc,marking     ] GC(662) Concurrent Rebuild Remembered Sets and Scrub Regions 243.227ms
[3161.571s][info][gc,start       ] GC(662) Pause Cleanup
[3161.571s][info][gc             ] GC(662) Pause Cleanup 2201M->2201M(4096M) 0.115ms
[3161.571s][info][gc,cpu         ] GC(662) User=0.00s Sys=0.00s Real=0.00s
[3161.571s][info][gc,marking     ] GC(662) Concurrent Clear Claimed Marks
[3161.571s][info][gc,marking     ] GC(662) Concurrent Clear Claimed Marks 0.025ms
[3161.571s][info][gc,marking     ] GC(662) Concurrent Cleanup for Next Mark
[3161.575s][info][gc,marking     ] GC(662) Concurrent Cleanup for Next Mark 3.417ms
[3161.575s][info][gc             ] GC(662) Concurrent Mark Cycle 1214.916ms
..[3163.807s][info][gc,start       ] GC(663) Pause Young (Prepare Mixed) (G1 Evacuation Pause)
[3163.807s][info][gc,task        ] GC(663) Using 6 workers of 6 for evacuation
[3163.925s][info][gc,phases      ] GC(663)   Pre Evacuate Collection Set: 0.33ms
[3163.925s][info][gc,phases      ] GC(663)   Merge Heap Roots: 0.50ms
[3163.925s][info][gc,phases      ] GC(663)   Evacuate Collection Set: 116.18ms
[3163.925s][info][gc,phases      ] GC(663)   Post Evacuate Collection Set: 0.97ms
[3163.925s][info][gc,phases      ] GC(663)   Other: 0.11ms
[3163.925s][info][gc,heap        ] GC(663) Eden regions: 1119->0(1109)
[3163.925s][info][gc,heap        ] GC(663) Survivor regions: 109->110(154)
[3163.925s][info][gc,heap        ] GC(663) Old regions: 504->536
[3163.925s][info][gc,heap        ] GC(663) Humongous regions: 80->80
[3163.925s][info][gc,metaspace   ] GC(663) Metaspace: 28920K(29312K)->28920K(29312K) NonClass: 24052K(24256K)->24052K(24256K) Class: 4868K(5056K)->4868K(5056K)
[3163.925s][info][gc             ] GC(663) Pause Young (Prepare Mixed) (G1 Evacuation Pause) 3622M->1450M(4096M) 118.225ms
[3163.925s][info][gc,cpu         ] GC(663) User=0.70s Sys=0.01s Real=0.12s
...[3167.229s][info][gc,start       ] GC(664) Pause Young (Mixed) (G1 Evacuation Pause)
[3167.229s][info][gc,task        ] GC(664) Using 6 workers of 6 for evacuation
[3167.366s][info][gc,phases      ] GC(664)   Pre Evacuate Collection Set: 0.38ms
[3167.367s][info][gc,phases      ] GC(664)   Merge Heap Roots: 0.69ms
[3167.367s][info][gc,phases      ] GC(664)   Evacuate Collection Set: 134.88ms
[3167.367s][info][gc,phases      ] GC(664)   Post Evacuate Collection Set: 0.99ms
[3167.367s][info][gc,phases      ] GC(664)   Other: 0.09ms
[3167.367s][info][gc,heap        ] GC(664) Eden regions: 1109->0(1116)
[3167.367s][info][gc,heap        ] GC(664) Survivor regions: 110->112(153)
[3167.367s][info][gc,heap        ] GC(664) Old regions: 536->471
[3167.367s][info][gc,heap        ] GC(664) Humongous regions: 80->80
[3167.367s][info][gc,metaspace   ] GC(664) Metaspace: 28920K(29312K)->28920K(29312K) NonClass: 24052K(24256K)->24052K(24256K) Class: 4868K(5056K)->4868K(5056K)
[3167.367s][info][gc             ] GC(664) Pause Young (Mixed) (G1 Evacuation Pause) 3668M->1323M(4096M) 137.153ms
[3167.367s][info][gc,cpu         ] GC(664) User=0.81s Sys=0.00s Real=0.14s
....[3170.737s][info][gc,start       ] GC(665) Pause Young (Concurrent Start) (G1 Evacuation Pause)
[3170.737s][info][gc,task        ] GC(665) Using 6 workers of 6 for evacuation
[3170.853s][info][gc,phases      ] GC(665)   Pre Evacuate Collection Set: 0.38ms
[3170.853s][info][gc,phases      ] GC(665)   Merge Heap Roots: 0.46ms
[3170.853s][info][gc,phases      ] GC(665)   Evacuate Collection Set: 114.32ms
[3170.853s][info][gc,phases      ] GC(665)   Post Evacuate Collection Set: 0.92ms
[3170.853s][info][gc,phases      ] GC(665)   Other: 0.11ms
[3170.853s][info][gc,heap        ] GC(665) Eden regions: 1116->0(1120)
[3170.853s][info][gc,heap        ] GC(665) Survivor regions: 112->108(154)
[3170.853s][info][gc,heap        ] GC(665) Old regions: 471->503
[3170.853s][info][gc,heap        ] GC(665) Humongous regions: 80->80
[3170.853s][info][gc,metaspace   ] GC(665) Metaspace: 28920K(29312K)->28920K(29312K) NonClass: 24052K(24256K)->24052K(24256K) Class: 4868K(5056K)->4868K(5056K)
[3170.853s][info][gc             ] GC(665) Pause Young (Concurrent Start) (G1 Evacuation Pause) 3555M->1381M(4096M) 116.328ms
[3170.853s][info][gc             ] GC(666) Concurrent Mark Cycle
[3170.853s][info][gc,marking     ] GC(666) Concurrent Scan Root Regions
[3170.853s][info][gc,cpu         ] GC(665) User=0.68s Sys=0.00s Real=0.12s
[3171.038s][info][gc,marking     ] GC(666) Concurrent Scan Root Regions 184.805ms
[3171.038s][info][gc,marking     ] GC(666) Concurrent Mark
[3171.038s][info][gc,marking     ] GC(666) Concurrent Mark From Roots
[3171.038s][info][gc,task        ] GC(666) Using 2 workers of 2 for marking
.[3171.684s][info][gc,marking     ] GC(666) Concurrent Mark From Roots 645.985ms
[3171.684s][info][gc,marking     ] GC(666) Concurrent Preclean
[3171.685s][info][gc,marking     ] GC(666) Concurrent Preclean 0.436ms
[3171.686s][info][gc,start       ] GC(666) Pause Remark
[3171.691s][info][gc             ] GC(666) Pause Remark 1979M->1979M(4096M) 4.713ms
[3171.691s][info][gc,cpu         ] GC(666) User=0.02s Sys=0.00s Real=0.00s
[3171.691s][info][gc,marking     ] GC(666) Concurrent Mark 652.919ms
[3171.691s][info][gc,marking     ] GC(666) Concurrent Rebuild Remembered Sets and Scrub Regions
[3171.946s][info][gc,marking     ] GC(666) Concurrent Rebuild Remembered Sets and Scrub Regions 254.548ms
[3171.946s][info][gc,start       ] GC(666) Pause Cleanup
[3171.946s][info][gc             ] GC(666) Pause Cleanup 2164M->2164M(4096M) 0.118ms
[3171.946s][info][gc,cpu         ] GC(666) User=0.00s Sys=0.00s Real=0.00s
[3171.946s][info][gc,marking     ] GC(666) Concurrent Clear Claimed Marks
[3171.946s][info][gc,marking     ] GC(666) Concurrent Clear Claimed Marks 0.025ms
[3171.946s][info][gc,marking     ] GC(666) Concurrent Cleanup for Next Mark
[3171.950s][info][gc,marking     ] GC(666) Concurrent Cleanup for Next Mark 3.821ms
[3171.950s][info][gc             ] GC(666) Concurrent Mark Cycle 1096.590ms
..[3174.184s][info][gc,start       ] GC(667) Pause Young (Prepare Mixed) (G1 Evacuation Pause)
[3174.184s][info][gc,task        ] GC(667) Using 6 workers of 6 for evacuation
[3174.299s][info][gc,phases      ] GC(667)   Pre Evacuate Collection Set: 0.35ms
[3174.300s][info][gc,phases      ] GC(667)   Merge Heap Roots: 0.54ms
[3174.300s][info][gc,phases      ] GC(667)   Evacuate Collection Set: 113.37ms
[3174.300s][info][gc,phases      ] GC(667)   Post Evacuate Collection Set: 0.97ms
[3174.300s][info][gc,phases      ] GC(667)   Other: 0.09ms
[3174.300s][info][gc,heap        ] GC(667) Eden regions: 1120->0(1117)
[3174.300s][info][gc,heap        ] GC(667) Survivor regions: 108->107(154)
[3174.300s][info][gc,heap        ] GC(667) Old regions: 503->534
[3174.300s][info][gc,heap        ] GC(667) Humongous regions: 80->80
[3174.300s][info][gc,metaspace   ] GC(667) Metaspace: 28920K(29312K)->28920K(29312K) NonClass: 24052K(24256K)->24052K(24256K) Class: 4868K(5056K)->4868K(5056K)
[3174.300s][info][gc             ] GC(667) Pause Young (Prepare Mixed) (G1 Evacuation Pause) 3621M->1441M(4096M) 115.454ms
[3174.300s][info][gc,cpu         ] GC(667) User=0.68s Sys=0.00s Real=0.11s
....[3177.734s][info][gc,start       ] GC(668) Pause Young (Mixed) (G1 Evacuation Pause)
[3177.734s][info][gc,task        ] GC(668) Using 6 workers of 6 for evacuation
[3177.869s][info][gc,phases      ] GC(668)   Pre Evacuate Collection Set: 0.39ms
[3177.869s][info][gc,phases      ] GC(668)   Merge Heap Roots: 0.73ms
[3177.869s][info][gc,phases      ] GC(668)   Evacuate Collection Set: 132.33ms
[3177.869s][info][gc,phases      ] GC(668)   Post Evacuate Collection Set: 0.97ms
[3177.869s][info][gc,phases      ] GC(668)   Other: 0.09ms
[3177.869s][info][gc,heap        ] GC(668) Eden regions: 1117->0(1119)
[3177.869s][info][gc,heap        ] GC(668) Survivor regions: 107->109(153)
[3177.869s][info][gc,heap        ] GC(668) Old regions: 534->472
[3177.869s][info][gc,heap        ] GC(668) Humongous regions: 80->80
[3177.869s][info][gc,metaspace   ] GC(668) Metaspace: 28920K(29312K)->28920K(29312K) NonClass: 24052K(24256K)->24052K(24256K) Class: 4868K(5056K)->4868K(5056K)
[3177.869s][info][gc             ] GC(668) Pause Young (Mixed) (G1 Evacuation Pause) 3675M->1320M(4096M) 134.638ms
[3177.869s][info][gc,cpu         ] GC(668) User=0.80s Sys=0.00s Real=0.13s
...[3181.210s][info][gc,start       ] GC(669) Pause Young (Concurrent Start) (G1 Evacuation Pause)
[3181.210s][info][gc,task        ] GC(669) Using 6 workers of 6 for evacuation
[3181.325s][info][gc,phases      ] GC(669)   Pre Evacuate Collection Set: 0.40ms
[3181.325s][info][gc,phases      ] GC(669)   Merge Heap Roots: 0.48ms
[3181.325s][info][gc,phases      ] GC(669)   Evacuate Collection Set: 113.84ms
[3181.325s][info][gc,phases      ] GC(669)   Post Evacuate Collection Set: 0.90ms
[3181.325s][info][gc,phases      ] GC(669)   Other: 0.12ms
[3181.325s][info][gc,heap        ] GC(669) Eden regions: 1119->0(1120)
[3181.325s][info][gc,heap        ] GC(669) Survivor regions: 109->108(154)
[3181.325s][info][gc,heap        ] GC(669) Old regions: 472->504
[3181.325s][info][gc,heap        ] GC(669) Humongous regions: 80->80
[3181.325s][info][gc,metaspace   ] GC(669) Metaspace: 28920K(29312K)->28920K(29312K) NonClass: 24052K(24256K)->24052K(24256K) Class: 4868K(5056K)->4868K(5056K)
[3181.325s][info][gc             ] GC(669) Pause Young (Concurrent Start) (G1 Evacuation Pause) 3558M->1381M(4096M) 115.868ms
[3181.325s][info][gc             ] GC(670) Concurrent Mark Cycle
[3181.325s][info][gc,marking     ] GC(670) Concurrent Scan Root Regions
[3181.325s][info][gc,cpu         ] GC(669) User=0.68s Sys=0.00s Real=0.12s
[3181.468s][info][gc,marking     ] GC(670) Concurrent Scan Root Regions 142.076ms
[3181.468s][info][gc,marking     ] GC(670) Concurrent Mark
[3181.468s][info][gc,marking     ] GC(670) Concurrent Mark From Roots
[3181.468s][info][gc,task        ] GC(670) Using 2 workers of 2 for marking
.[3182.113s][info][gc,marking     ] GC(670) Concurrent Mark From Roots 645.756ms
[3182.113s][info][gc,marking     ] GC(670) Concurrent Preclean
[3182.114s][info][gc,marking     ] GC(670) Concurrent Preclean 0.480ms
[3182.116s][info][gc,start       ] GC(670) Pause Remark
[3182.121s][info][gc             ] GC(670) Pause Remark 1949M->1949M(4096M) 5.171ms
[3182.121s][info][gc,cpu         ] GC(670) User=0.03s Sys=0.00s Real=0.00s
[3182.121s][info][gc,marking     ] GC(670) Concurrent Mark 653.381ms
[3182.121s][info][gc,marking     ] GC(670) Concurrent Rebuild Remembered Sets and Scrub Regions
[3182.402s][info][gc,marking     ] GC(670) Concurrent Rebuild Remembered Sets and Scrub Regions 280.997ms
[3182.402s][info][gc,start       ] GC(670) Pause Cleanup
[3182.402s][info][gc             ] GC(670) Pause Cleanup 2138M->2138M(4096M) 0.124ms
[3182.402s][info][gc,cpu         ] GC(670) User=0.00s Sys=0.00s Real=0.00s
[3182.402s][info][gc,marking     ] GC(670) Concurrent Clear Claimed Marks
[3182.402s][info][gc,marking     ] GC(670) Concurrent Clear Claimed Marks 0.028ms
[3182.402s][info][gc,marking     ] GC(670) Concurrent Cleanup for Next Mark
[3182.406s][info][gc,marking     ] GC(670) Concurrent Cleanup for Next Mark 3.650ms
[3182.406s][info][gc             ] GC(670) Concurrent Mark Cycle 1080.628ms
...[3184.704s][info][gc,start       ] GC(671) Pause Young (Prepare Mixed) (G1 Evacuation Pause)
[3184.704s][info][gc,task        ] GC(671) Using 6 workers of 6 for evacuation
[3184.824s][info][gc,phases      ] GC(671)   Pre Evacuate Collection Set: 0.38ms
[3184.824s][info][gc,phases      ] GC(671)   Merge Heap Roots: 0.52ms
[3184.824s][info][gc,phases      ] GC(671)   Evacuate Collection Set: 117.80ms
[3184.824s][info][gc,phases      ] GC(671)   Post Evacuate Collection Set: 0.96ms
[3184.824s][info][gc,phases      ] GC(671)   Other: 0.09ms
[3184.824s][info][gc,heap        ] GC(671) Eden regions: 1120->0(1107)
[3184.824s][info][gc,heap        ] GC(671) Survivor regions: 108->111(154)
[3184.824s][info][gc,heap        ] GC(671) Old regions: 504->536
[3184.824s][info][gc,heap        ] GC(671) Humongous regions: 80->80
[3184.824s][info][gc,metaspace   ] GC(671) Metaspace: 28920K(29312K)->28920K(29312K) NonClass: 24052K(24256K)->24052K(24256K) Class: 4868K(5056K)->4868K(5056K)
[3184.824s][info][gc             ] GC(671) Pause Young (Prepare Mixed) (G1 Evacuation Pause) 3621M->1453M(4096M) 119.883ms
[3184.824s][info][gc,cpu         ] GC(671) User=0.71s Sys=0.00s Real=0.12s
...[3188.164s][info][gc,start       ] GC(672) Pause Young (Mixed) (G1 Evacuation Pause)
[3188.164s][info][gc,task        ] GC(672) Using 6 workers of 6 for evacuation
[3188.297s][info][gc,phases      ] GC(672)   Pre Evacuate Collection Set: 0.41ms
[3188.297s][info][gc,phases      ] GC(672)   Merge Heap Roots: 0.62ms
[3188.297s][info][gc,phases      ] GC(672)   Evacuate Collection Set: 130.66ms
[3188.297s][info][gc,phases      ] GC(672)   Post Evacuate Collection Set: 0.98ms
[3188.297s][info][gc,phases      ] GC(672)   Other: 0.09ms
[3188.297s][info][gc,heap        ] GC(672) Eden regions: 1107->0(1116)
[3188.297s][info][gc,heap        ] GC(672) Survivor regions: 111->112(153)
[3188.297s][info][gc,heap        ] GC(672) Old regions: 536->472
[3188.297s][info][gc,heap        ] GC(672) Humongous regions: 80->80
[3188.297s][info][gc,metaspace   ] GC(672) Metaspace: 28920K(29312K)->28920K(29312K) NonClass: 24052K(24256K)->24052K(24256K) Class: 4868K(5056K)->4868K(5056K)
[3188.297s][info][gc             ] GC(672) Pause Young (Mixed) (G1 Evacuation Pause) 3667M->1325M(4096M) 132.895ms
[3188.297s][info][gc,cpu         ] GC(672) User=0.78s Sys=0.00s Real=0.13s
....[3191.621s][info][gc,start       ] GC(673) Pause Young (Concurrent Start) (G1 Evacuation Pause)
[3191.621s][info][gc,task        ] GC(673) Using 6 workers of 6 for evacuation
[3191.739s][info][gc,phases      ] GC(673)   Pre Evacuate Collection Set: 0.42ms
[3191.739s][info][gc,phases      ] GC(673)   Merge Heap Roots: 0.47ms
[3191.739s][info][gc,phases      ] GC(673)   Evacuate Collection Set: 115.90ms
[3191.739s][info][gc,phases      ] GC(673)   Post Evacuate Collection Set: 0.91ms
[3191.739s][info][gc,phases      ] GC(673)   Other: 0.13ms
[3191.739s][info][gc,heap        ] GC(673) Eden regions: 1116->0(1119)
[3191.739s][info][gc,heap        ] GC(673) Survivor regions: 112->109(154)
[3191.739s][info][gc,heap        ] GC(673) Old regions: 472->505
[3191.739s][info][gc,heap        ] GC(673) Humongous regions: 80->80
[3191.739s][info][gc,metaspace   ] GC(673) Metaspace: 28920K(29312K)->28920K(29312K) NonClass: 24052K(24256K)->24052K(24256K) Class: 4868K(5056K)->4868K(5056K)
[3191.739s][info][gc             ] GC(673) Pause Young (Concurrent Start) (G1 Evacuation Pause) 3557M->1385M(4096M) 117.960ms
[3191.739s][info][gc             ] GC(674) Concurrent Mark Cycle
[3191.739s][info][gc,marking     ] GC(674) Concurrent Scan Root Regions
[3191.739s][info][gc,cpu         ] GC(673) User=0.70s Sys=0.00s Real=0.12s
[3191.878s][info][gc,marking     ] GC(674) Concurrent Scan Root Regions 138.423ms
[3191.878s][info][gc,marking     ] GC(674) Concurrent Mark
[3191.878s][info][gc,marking     ] GC(674) Concurrent Mark From Roots
[3191.878s][info][gc,task        ] GC(674) Using 2 workers of 2 for marking
.[3192.521s][info][gc,marking     ] GC(674) Concurrent Mark From Roots 643.231ms
[3192.521s][info][gc,marking     ] GC(674) Concurrent Preclean
[3192.522s][info][gc,marking     ] GC(674) Concurrent Preclean 0.314ms
[3192.523s][info][gc,start       ] GC(674) Pause Remark
[3192.528s][info][gc             ] GC(674) Pause Remark 1951M->1951M(4096M) 5.339ms
[3192.528s][info][gc,cpu         ] GC(674) User=0.03s Sys=0.00s Real=0.00s
[3192.529s][info][gc,marking     ] GC(674) Concurrent Mark 651.066ms
[3192.529s][info][gc,marking     ] GC(674) Concurrent Rebuild Remembered Sets and Scrub Regions
[3192.772s][info][gc,marking     ] GC(674) Concurrent Rebuild Remembered Sets and Scrub Regions 243.230ms
[3192.772s][info][gc,start       ] GC(674) Pause Cleanup
[3192.773s][info][gc             ] GC(674) Pause Cleanup 2107M->2107M(4096M) 0.128ms
[3192.773s][info][gc,cpu         ] GC(674) User=0.00s Sys=0.00s Real=0.00s
[3192.773s][info][gc,marking     ] GC(674) Concurrent Clear Claimed Marks
[3192.773s][info][gc,marking     ] GC(674) Concurrent Clear Claimed Marks 0.033ms
[3192.773s][info][gc,marking     ] GC(674) Concurrent Cleanup for Next Mark
[3192.776s][info][gc,marking     ] GC(674) Concurrent Cleanup for Next Mark 3.518ms
[3192.776s][info][gc             ] GC(674) Concurrent Mark Cycle 1036.727ms
..[3195.182s][info][gc,start       ] GC(675) Pause Young (Prepare Mixed) (G1 Evacuation Pause)
[3195.182s][info][gc,task        ] GC(675) Using 6 workers of 6 for evacuation
[3195.302s][info][gc,phases      ] GC(675)   Pre Evacuate Collection Set: 0.34ms
[3195.302s][info][gc,phases      ] GC(675)   Merge Heap Roots: 0.53ms
[3195.302s][info][gc,phases      ] GC(675)   Evacuate Collection Set: 118.32ms
[3195.302s][info][gc,phases      ] GC(675)   Post Evacuate Collection Set: 0.96ms
[3195.302s][info][gc,phases      ] GC(675)   Other: 0.09ms
[3195.302s][info][gc,heap        ] GC(675) Eden regions: 1119->0(1108)
[3195.302s][info][gc,heap        ] GC(675) Survivor regions: 109->110(154)
[3195.302s][info][gc,heap        ] GC(675) Old regions: 505->537
[3195.302s][info][gc,heap        ] GC(675) Humongous regions: 80->80
[3195.302s][info][gc,metaspace   ] GC(675) Metaspace: 28920K(29312K)->28920K(29312K) NonClass: 24052K(24256K)->24052K(24256K) Class: 4868K(5056K)->4868K(5056K)
[3195.302s][info][gc             ] GC(675) Pause Young (Prepare Mixed) (G1 Evacuation Pause) 3623M->1452M(4096M) 120.359ms
[3195.302s][info][gc,cpu         ] GC(675) User=0.71s Sys=0.00s Real=0.12s
....[3198.650s][info][gc,start       ] GC(676) Pause Young (Mixed) (G1 Evacuation Pause)
[3198.650s][info][gc,task        ] GC(676) Using 6 workers of 6 for evacuation
[3198.783s][info][gc,phases      ] GC(676)   Pre Evacuate Collection Set: 0.38ms
[3198.783s][info][gc,phases      ] GC(676)   Merge Heap Roots: 0.66ms
[3198.783s][info][gc,phases      ] GC(676)   Evacuate Collection Set: 130.38ms
[3198.783s][info][gc,phases      ] GC(676)   Post Evacuate Collection Set: 1.01ms
[3198.783s][info][gc,phases      ] GC(676)   Other: 0.10ms
[3198.783s][info][gc,heap        ] GC(676) Eden regions: 1108->0(1119)
[3198.783s][info][gc,heap        ] GC(676) Survivor regions: 110->109(153)
[3198.783s][info][gc,heap        ] GC(676) Old regions: 537->473
[3198.783s][info][gc,heap        ] GC(676) Humongous regions: 80->80
[3198.783s][info][gc,metaspace   ] GC(676) Metaspace: 28920K(29312K)->28920K(29312K) NonClass: 24052K(24256K)->24052K(24256K) Class: 4868K(5056K)->4868K(5056K)
[3198.783s][info][gc             ] GC(676) Pause Young (Mixed) (G1 Evacuation Pause) 3668M->1322M(4096M) 132.648ms
[3198.783s][info][gc,cpu         ] GC(676) User=0.79s Sys=0.00s Real=0.14s
...[3202.134s][info][gc,start       ] GC(677) Pause Young (Concurrent Start) (G1 Evacuation Pause)
[3202.134s][info][gc,task        ] GC(677) Using 6 workers of 6 for evacuation
[3202.253s][info][gc,phases      ] GC(677)   Pre Evacuate Collection Set: 0.39ms
[3202.253s][info][gc,phases      ] GC(677)   Merge Heap Roots: 0.49ms
[3202.253s][info][gc,phases      ] GC(677)   Evacuate Collection Set: 116.40ms
[3202.253s][info][gc,phases      ] GC(677)   Post Evacuate Collection Set: 0.92ms
[3202.253s][info][gc,phases      ] GC(677)   Other: 0.12ms
[3202.253s][info][gc,heap        ] GC(677) Eden regions: 1119->0(1118)
[3202.253s][info][gc,heap        ] GC(677) Survivor regions: 109->110(154)
[3202.253s][info][gc,heap        ] GC(677) Old regions: 473->504
[3202.253s][info][gc,heap        ] GC(677) Humongous regions: 80->80
[3202.253s][info][gc,metaspace   ] GC(677) Metaspace: 28920K(29312K)->28920K(29312K) NonClass: 24052K(24256K)->24052K(24256K) Class: 4868K(5056K)->4868K(5056K)
[3202.253s][info][gc             ] GC(677) Pause Young (Concurrent Start) (G1 Evacuation Pause) 3560M->1386M(4096M) 118.444ms
[3202.253s][info][gc             ] GC(678) Concurrent Mark Cycle
[3202.253s][info][gc,marking     ] GC(678) Concurrent Scan Root Regions
[3202.253s][info][gc,cpu         ] GC(677) User=0.70s Sys=0.00s Real=0.12s
[3202.406s][info][gc,marking     ] GC(678) Concurrent Scan Root Regions 153.587ms
[3202.407s][info][gc,marking     ] GC(678) Concurrent Mark
[3202.407s][info][gc,marking     ] GC(678) Concurrent Mark From Roots
[3202.407s][info][gc,task        ] GC(678) Using 2 workers of 2 for marking
.[3203.043s][info][gc,marking     ] GC(678) Concurrent Mark From Roots 636.658ms
[3203.043s][info][gc,marking     ] GC(678) Concurrent Preclean
[3203.044s][info][gc,marking     ] GC(678) Concurrent Preclean 0.294ms
[3203.044s][info][gc,start       ] GC(678) Pause Remark
[3203.049s][info][gc             ] GC(678) Pause Remark 1945M->1945M(4096M) 5.002ms
[3203.049s][info][gc,cpu         ] GC(678) User=0.03s Sys=0.00s Real=0.00s
[3203.049s][info][gc,marking     ] GC(678) Concurrent Mark 642.246ms
[3203.049s][info][gc,marking     ] GC(678) Concurrent Rebuild Remembered Sets and Scrub Regions
[3203.337s][info][gc,marking     ] GC(678) Concurrent Rebuild Remembered Sets and Scrub Regions 287.906ms
[3203.337s][info][gc,start       ] GC(678) Pause Cleanup
[3203.337s][info][gc             ] GC(678) Pause Cleanup 2150M->2150M(4096M) 0.140ms
[3203.337s][info][gc,cpu         ] GC(678) User=0.00s Sys=0.00s Real=0.00s
[3203.337s][info][gc,marking     ] GC(678) Concurrent Clear Claimed Marks
[3203.337s][info][gc,marking     ] GC(678) Concurrent Clear Claimed Marks 0.032ms
[3203.337s][info][gc,marking     ] GC(678) Concurrent Cleanup for Next Mark
[3203.342s][info][gc,marking     ] GC(678) Concurrent Cleanup for Next Mark 5.238ms
[3203.343s][info][gc             ] GC(678) Concurrent Mark Cycle 1089.665ms
...[3205.700s][info][gc,start       ] GC(679) Pause Young (Prepare Mixed) (G1 Evacuation Pause)
[3205.700s][info][gc,task        ] GC(679) Using 6 workers of 6 for evacuation
[3205.817s][info][gc,phases      ] GC(679)   Pre Evacuate Collection Set: 0.37ms
[3205.817s][info][gc,phases      ] GC(679)   Merge Heap Roots: 0.55ms
[3205.817s][info][gc,phases      ] GC(679)   Evacuate Collection Set: 114.87ms
[3205.817s][info][gc,phases      ] GC(679)   Post Evacuate Collection Set: 0.96ms
[3205.817s][info][gc,phases      ] GC(679)   Other: 0.10ms
[3205.817s][info][gc,heap        ] GC(679) Eden regions: 1118->0(1109)
[3205.817s][info][gc,heap        ] GC(679) Survivor regions: 110->110(154)
[3205.817s][info][gc,heap        ] GC(679) Old regions: 504->536
[3205.817s][info][gc,heap        ] GC(679) Humongous regions: 80->80
[3205.817s][info][gc,metaspace   ] GC(679) Metaspace: 28920K(29312K)->28920K(29312K) NonClass: 24052K(24256K)->24052K(24256K) Class: 4868K(5056K)->4868K(5056K)
[3205.817s][info][gc             ] GC(679) Pause Young (Prepare Mixed) (G1 Evacuation Pause) 3622M->1450M(4096M) 116.977ms
[3205.817s][info][gc,cpu         ] GC(679) User=0.69s Sys=0.00s Real=0.12s
...[3209.115s][info][gc,start       ] GC(680) Pause Young (Mixed) (G1 Evacuation Pause)
[3209.115s][info][gc,task        ] GC(680) Using 6 workers of 6 for evacuation
[3209.246s][info][gc,phases      ] GC(680)   Pre Evacuate Collection Set: 0.39ms
[3209.246s][info][gc,phases      ] GC(680)   Merge Heap Roots: 0.67ms
[3209.246s][info][gc,phases      ] GC(680)   Evacuate Collection Set: 128.58ms
[3209.246s][info][gc,phases      ] GC(680)   Post Evacuate Collection Set: 0.97ms
[3209.246s][info][gc,phases      ] GC(680)   Other: 0.09ms
[3209.246s][info][gc,heap        ] GC(680) Eden regions: 1109->0(1120)
[3209.246s][info][gc,heap        ] GC(680) Survivor regions: 110->108(153)
[3209.246s][info][gc,heap        ] GC(680) Old regions: 536->472
[3209.246s][info][gc,heap        ] GC(680) Humongous regions: 80->80
[3209.246s][info][gc,metaspace   ] GC(680) Metaspace: 28920K(29312K)->28920K(29312K) NonClass: 24052K(24256K)->24052K(24256K) Class: 4868K(5056K)->4868K(5056K)
[3209.246s][info][gc             ] GC(680) Pause Young (Mixed) (G1 Evacuation Pause) 3668M->1317M(4096M) 130.820ms
[3209.246s][info][gc,cpu         ] GC(680) User=0.78s Sys=0.00s Real=0.13s
....[3212.624s][info][gc,start       ] GC(681) Pause Young (Concurrent Start) (G1 Evacuation Pause)
[3212.624s][info][gc,task        ] GC(681) Using 6 workers of 6 for evacuation
[3212.742s][info][gc,phases      ] GC(681)   Pre Evacuate Collection Set: 0.41ms
[3212.742s][info][gc,phases      ] GC(681)   Merge Heap Roots: 0.49ms
[3212.742s][info][gc,phases      ] GC(681)   Evacuate Collection Set: 115.39ms
[3212.742s][info][gc,phases      ] GC(681)   Post Evacuate Collection Set: 0.90ms
[3212.742s][info][gc,phases      ] GC(681)   Other: 0.12ms
[3212.742s][info][gc,heap        ] GC(681) Eden regions: 1120->0(1119)
[3212.742s][info][gc,heap        ] GC(681) Survivor regions: 108->109(154)
[3212.742s][info][gc,heap        ] GC(681) Old regions: 472->504
[3212.742s][info][gc,heap        ] GC(681) Humongous regions: 80->80
[3212.742s][info][gc,metaspace   ] GC(681) Metaspace: 28920K(29312K)->28920K(29312K) NonClass: 24052K(24256K)->24052K(24256K) Class: 4868K(5056K)->4868K(5056K)
[3212.742s][info][gc             ] GC(681) Pause Young (Concurrent Start) (G1 Evacuation Pause) 3557M->1384M(4096M) 117.451ms
[3212.742s][info][gc             ] GC(682) Concurrent Mark Cycle
[3212.742s][info][gc,marking     ] GC(682) Concurrent Scan Root Regions
[3212.742s][info][gc,cpu         ] GC(681) User=0.70s Sys=0.00s Real=0.11s
[3212.890s][info][gc,marking     ] GC(682) Concurrent Scan Root Regions 148.413ms
[3212.890s][info][gc,marking     ] GC(682) Concurrent Mark
[3212.890s][info][gc,marking     ] GC(682) Concurrent Mark From Roots
[3212.890s][info][gc,task        ] GC(682) Using 2 workers of 2 for marking
[3213.532s][info][gc,marking     ] GC(682) Concurrent Mark From Roots 641.278ms
[3213.532s][info][gc,marking     ] GC(682) Concurrent Preclean
.[3213.532s][info][gc,marking     ] GC(682) Concurrent Preclean 0.307ms
[3213.532s][info][gc,start       ] GC(682) Pause Remark
[3213.536s][info][gc             ] GC(682) Pause Remark 1961M->1961M(4096M) 4.111ms
[3213.536s][info][gc,cpu         ] GC(682) User=0.02s Sys=0.00s Real=0.01s
[3213.537s][info][gc,marking     ] GC(682) Concurrent Mark 646.169ms
[3213.537s][info][gc,marking     ] GC(682) Concurrent Rebuild Remembered Sets and Scrub Regions
[3213.783s][info][gc,marking     ] GC(682) Concurrent Rebuild Remembered Sets and Scrub Regions 246.300ms
[3213.783s][info][gc,start       ] GC(682) Pause Cleanup
[3213.783s][info][gc             ] GC(682) Pause Cleanup 2133M->2133M(4096M) 0.123ms
[3213.783s][info][gc,cpu         ] GC(682) User=0.00s Sys=0.00s Real=0.00s
[3213.783s][info][gc,marking     ] GC(682) Concurrent Clear Claimed Marks
[3213.783s][info][gc,marking     ] GC(682) Concurrent Clear Claimed Marks 0.030ms
[3213.783s][info][gc,marking     ] GC(682) Concurrent Cleanup for Next Mark
[3213.788s][info][gc,marking     ] GC(682) Concurrent Cleanup for Next Mark 5.077ms
[3213.788s][info][gc             ] GC(682) Concurrent Mark Cycle 1046.487ms
..[3216.123s][info][gc,start       ] GC(683) Pause Young (Prepare Mixed) (G1 Evacuation Pause)
[3216.123s][info][gc,task        ] GC(683) Using 6 workers of 6 for evacuation
[3216.241s][info][gc,phases      ] GC(683)   Pre Evacuate Collection Set: 0.46ms
[3216.241s][info][gc,phases      ] GC(683)   Merge Heap Roots: 1.10ms
[3216.241s][info][gc,phases      ] GC(683)   Evacuate Collection Set: 115.26ms
[3216.241s][info][gc,phases      ] GC(683)   Post Evacuate Collection Set: 0.95ms
[3216.241s][info][gc,phases      ] GC(683)   Other: 0.11ms
[3216.241s][info][gc,heap        ] GC(683) Eden regions: 1119->0(1111)
[3216.241s][info][gc,heap        ] GC(683) Survivor regions: 109->109(154)
[3216.241s][info][gc,heap        ] GC(683) Old regions: 504->536
[3216.241s][info][gc,heap        ] GC(683) Humongous regions: 80->80
[3216.241s][info][gc,metaspace   ] GC(683) Metaspace: 28920K(29312K)->28920K(29312K) NonClass: 24052K(24256K)->24052K(24256K) Class: 4868K(5056K)->4868K(5056K)
[3216.241s][info][gc             ] GC(683) Pause Young (Prepare Mixed) (G1 Evacuation Pause) 3622M->1448M(4096M) 118.015ms
[3216.241s][info][gc,cpu         ] GC(683) User=0.70s Sys=0.00s Real=0.11s
.. (rIR:aIR:PR = 5396:5395:5395) (tPR = 79859) [OK] 
  3217s: Performance info:
         Transaction,    Success,    Partial,     Failed,   Receipts, AvgBarcode, 
             Overall,     324200,          0,          0,     307989,      59.48, 
         Response times:
             Request,    Success,    Partial,     Failed,   SkipFail,     Probes,    Samples,      min,      p50,      p90,      p95,      p99,      max, 
       TotalPurchase,     307989,          0,          0,          0,     303107,     328506,      300,     4400,    10000,    25000,    64000,   200000,
     InStorePurchase,     162124,          0,          0,          0,     159778,     173089,      300,     4500,    10100,    25000,    64000,   193000,
      OnlinePurchase,     113474,          0,          0,          0,     111770,     120953,      300,     4400,    10000,    26000,    65000,   200000,
        InstPurchase,      32391,          0,          0,          0,      31559,      34464,      400,     4100,     9500,    24000,    62000,   169000,
          AssocOfCat,        326,          0,          0,          0,        260,        348,    24000,    36000,    65200,    85550,   157000,   184000,
      AssocOfProduct,       3240,          0,          0,          0,       3055,       3524,      600,     5100,    11300,    34000,    63000,   138000,
      BusinessReport,        814,          0,          0,          0,        681,        832,    25000,    37000,    60000,    78000,   148020,   206000,
          CustBuyBeh,       3243,          0,          0,          0,       3046,       3497,      800,     4900,    12500,    33000,    71040,   142000,
       ProductReturn,       8588,          0,          0,          0,       8194,       9262,      200,     4600,    10000,    25000,    62370,   142000,

  3217s: (40%)   IR =   5535 .[3219.486s][info][gc,start       ] GC(684) Pause Young (Mixed) (G1 Evacuation Pause)
[3219.486s][info][gc,task        ] GC(684) Using 6 workers of 6 for evacuation
[3219.619s][info][gc,phases      ] GC(684)   Pre Evacuate Collection Set: 0.40ms
[3219.619s][info][gc,phases      ] GC(684)   Merge Heap Roots: 0.66ms
[3219.619s][info][gc,phases      ] GC(684)   Evacuate Collection Set: 130.76ms
[3219.619s][info][gc,phases      ] GC(684)   Post Evacuate Collection Set: 0.97ms
[3219.619s][info][gc,phases      ] GC(684)   Other: 0.10ms
[3219.619s][info][gc,heap        ] GC(684) Eden regions: 1111->0(1120)
[3219.619s][info][gc,heap        ] GC(684) Survivor regions: 109->108(153)
[3219.619s][info][gc,heap        ] GC(684) Old regions: 536->473
[3219.619s][info][gc,heap        ] GC(684) Humongous regions: 80->80
[3219.619s][info][gc,metaspace   ] GC(684) Metaspace: 28920K(29312K)->28920K(29312K) NonClass: 24052K(24256K)->24052K(24256K) Class: 4868K(5056K)->4868K(5056K)
[3219.619s][info][gc             ] GC(684) Pause Young (Mixed) (G1 Evacuation Pause) 3670M->1319M(4096M) 133.022ms
[3219.619s][info][gc,cpu         ] GC(684) User=0.79s Sys=0.00s Real=0.13s
....|[3222.963s][info][gc,start       ] GC(685) Pause Young (Concurrent Start) (G1 Evacuation Pause)
[3222.963s][info][gc,task        ] GC(685) Using 6 workers of 6 for evacuation
[3223.080s][info][gc,phases      ] GC(685)   Pre Evacuate Collection Set: 0.43ms
[3223.080s][info][gc,phases      ] GC(685)   Merge Heap Roots: 0.46ms
[3223.080s][info][gc,phases      ] GC(685)   Evacuate Collection Set: 114.79ms
[3223.080s][info][gc,phases      ] GC(685)   Post Evacuate Collection Set: 0.92ms
[3223.080s][info][gc,phases      ] GC(685)   Other: 0.14ms
[3223.080s][info][gc,heap        ] GC(685) Eden regions: 1120->0(1119)
[3223.080s][info][gc,heap        ] GC(685) Survivor regions: 108->109(154)
[3223.080s][info][gc,heap        ] GC(685) Old regions: 473->505
[3223.080s][info][gc,heap        ] GC(685) Humongous regions: 80->80
[3223.080s][info][gc,metaspace   ] GC(685) Metaspace: 28920K(29312K)->28920K(29312K) NonClass: 24052K(24256K)->24052K(24256K) Class: 4868K(5056K)->4868K(5056K)
[3223.080s][info][gc             ] GC(685) Pause Young (Concurrent Start) (G1 Evacuation Pause) 3559M->1387M(4096M) 116.867ms
[3223.080s][info][gc             ] GC(686) Concurrent Mark Cycle
[3223.080s][info][gc,marking     ] GC(686) Concurrent Scan Root Regions
[3223.080s][info][gc,cpu         ] GC(685) User=0.69s Sys=0.00s Real=0.11s
[3223.227s][info][gc,marking     ] GC(686) Concurrent Scan Root Regions 147.210ms
[3223.227s][info][gc,marking     ] GC(686) Concurrent Mark
[3223.227s][info][gc,marking     ] GC(686) Concurrent Mark From Roots
[3223.227s][info][gc,task        ] GC(686) Using 2 workers of 2 for marking
.[3223.929s][info][gc,marking     ] GC(686) Concurrent Mark From Roots 702.344ms
[3223.929s][info][gc,marking     ] GC(686) Concurrent Preclean
[3223.930s][info][gc,marking     ] GC(686) Concurrent Preclean 0.331ms
[3223.930s][info][gc,start       ] GC(686) Pause Remark
[3223.937s][info][gc             ] GC(686) Pause Remark 2047M->2047M(4096M) 6.370ms
[3223.937s][info][gc,cpu         ] GC(686) User=0.03s Sys=0.00s Real=0.01s
[3223.938s][info][gc,marking     ] GC(686) Concurrent Mark 711.212ms
[3223.938s][info][gc,marking     ] GC(686) Concurrent Rebuild Remembered Sets and Scrub Regions
[3224.217s][info][gc,marking     ] GC(686) Concurrent Rebuild Remembered Sets and Scrub Regions 278.383ms
[3224.217s][info][gc,start       ] GC(686) Pause Cleanup
[3224.217s][info][gc             ] GC(686) Pause Cleanup 2255M->2255M(4096M) 0.146ms
[3224.217s][info][gc,cpu         ] GC(686) User=0.00s Sys=0.00s Real=0.00s
[3224.217s][info][gc,marking     ] GC(686) Concurrent Clear Claimed Marks
[3224.217s][info][gc,marking     ] GC(686) Concurrent Clear Claimed Marks 0.031ms
[3224.217s][info][gc,marking     ] GC(686) Concurrent Cleanup for Next Mark
[3224.221s][info][gc,marking     ] GC(686) Concurrent Cleanup for Next Mark 4.110ms
[3224.221s][info][gc             ] GC(686) Concurrent Mark Cycle 1141.799ms
..[3226.334s][info][gc,start       ] GC(687) Pause Young (Prepare Mixed) (G1 Evacuation Pause)
[3226.334s][info][gc,task        ] GC(687) Using 6 workers of 6 for evacuation
[3226.448s][info][gc,phases      ] GC(687)   Pre Evacuate Collection Set: 0.36ms
[3226.448s][info][gc,phases      ] GC(687)   Merge Heap Roots: 0.50ms
[3226.448s][info][gc,phases      ] GC(687)   Evacuate Collection Set: 111.75ms
[3226.448s][info][gc,phases      ] GC(687)   Post Evacuate Collection Set: 1.26ms
[3226.448s][info][gc,phases      ] GC(687)   Other: 0.11ms
[3226.448s][info][gc,heap        ] GC(687) Eden regions: 1119->0(1111)
[3226.448s][info][gc,heap        ] GC(687) Survivor regions: 109->109(154)
[3226.448s][info][gc,heap        ] GC(687) Old regions: 505->536
[3226.448s][info][gc,heap        ] GC(687) Humongous regions: 80->80
[3226.448s][info][gc,metaspace   ] GC(687) Metaspace: 28920K(29312K)->28920K(29312K) NonClass: 24052K(24256K)->24052K(24256K) Class: 4868K(5056K)->4868K(5056K)
[3226.448s][info][gc             ] GC(687) Pause Young (Prepare Mixed) (G1 Evacuation Pause) 3625M->1448M(4096M) 114.140ms
[3226.448s][info][gc,cpu         ] GC(687) User=0.68s Sys=0.00s Real=0.11s
....[3229.774s][info][gc,start       ] GC(688) Pause Young (Mixed) (G1 Evacuation Pause)
[3229.774s][info][gc,task        ] GC(688) Using 6 workers of 6 for evacuation
[3229.909s][info][gc,phases      ] GC(688)   Pre Evacuate Collection Set: 0.42ms
[3229.909s][info][gc,phases      ] GC(688)   Merge Heap Roots: 0.63ms
[3229.909s][info][gc,phases      ] GC(688)   Evacuate Collection Set: 132.08ms
[3229.909s][info][gc,phases      ] GC(688)   Post Evacuate Collection Set: 0.99ms
[3229.909s][info][gc,phases      ] GC(688)   Other: 0.09ms
[3229.909s][info][gc,heap        ] GC(688) Eden regions: 1111->0(1118)
[3229.909s][info][gc,heap        ] GC(688) Survivor regions: 109->110(153)
[3229.909s][info][gc,heap        ] GC(688) Old regions: 536->471
[3229.909s][info][gc,heap        ] GC(688) Humongous regions: 80->80
[3229.909s][info][gc,metaspace   ] GC(688) Metaspace: 28931K(29312K)->28931K(29312K) NonClass: 24063K(24256K)->24063K(24256K) Class: 4868K(5056K)->4868K(5056K)
[3229.909s][info][gc             ] GC(688) Pause Young (Mixed) (G1 Evacuation Pause) 3670M->1321M(4096M) 134.330ms
[3229.909s][info][gc,cpu         ] GC(688) User=0.79s Sys=0.00s Real=0.13s
...[3233.126s][info][gc,start       ] GC(689) Pause Young (Concurrent Start) (G1 Evacuation Pause)
[3233.126s][info][gc,task        ] GC(689) Using 6 workers of 6 for evacuation
[3233.240s][info][gc,phases      ] GC(689)   Pre Evacuate Collection Set: 0.39ms
[3233.241s][info][gc,phases      ] GC(689)   Merge Heap Roots: 0.48ms
[3233.241s][info][gc,phases      ] GC(689)   Evacuate Collection Set: 112.85ms
[3233.241s][info][gc,phases      ] GC(689)   Post Evacuate Collection Set: 0.94ms
[3233.241s][info][gc,phases      ] GC(689)   Other: 0.13ms
[3233.241s][info][gc,heap        ] GC(689) Eden regions: 1118->0(1121)
[3233.241s][info][gc,heap        ] GC(689) Survivor regions: 110->107(154)
[3233.241s][info][gc,heap        ] GC(689) Old regions: 471->503
[3233.241s][info][gc,heap        ] GC(689) Humongous regions: 80->80
[3233.241s][info][gc,metaspace   ] GC(689) Metaspace: 28931K(29312K)->28931K(29312K) NonClass: 24063K(24256K)->24063K(24256K) Class: 4868K(5056K)->4868K(5056K)
[3233.241s][info][gc             ] GC(689) Pause Young (Concurrent Start) (G1 Evacuation Pause) 3557M->1379M(4096M) 114.936ms
[3233.241s][info][gc             ] GC(690) Concurrent Mark Cycle
[3233.241s][info][gc,marking     ] GC(690) Concurrent Scan Root Regions
[3233.241s][info][gc,cpu         ] GC(689) User=0.68s Sys=0.00s Real=0.11s
[3233.388s][info][gc,marking     ] GC(690) Concurrent Scan Root Regions 146.960ms
[3233.388s][info][gc,marking     ] GC(690) Concurrent Mark
[3233.388s][info][gc,marking     ] GC(690) Concurrent Mark From Roots
[3233.388s][info][gc,task        ] GC(690) Using 2 workers of 2 for marking
.[3234.046s][info][gc,marking     ] GC(690) Concurrent Mark From Roots 658.116ms
[3234.046s][info][gc,marking     ] GC(690) Concurrent Preclean
[3234.046s][info][gc,marking     ] GC(690) Concurrent Preclean 0.098ms
[3234.046s][info][gc,start       ] GC(690) Pause Remark
[3234.051s][info][gc             ] GC(690) Pause Remark 1965M->1965M(4096M) 5.377ms
[3234.051s][info][gc,cpu         ] GC(690) User=0.03s Sys=0.00s Real=0.00s
[3234.051s][info][gc,marking     ] GC(690) Concurrent Mark 663.838ms
[3234.051s][info][gc,marking     ] GC(690) Concurrent Rebuild Remembered Sets and Scrub Regions
[3234.333s][info][gc,marking     ] GC(690) Concurrent Rebuild Remembered Sets and Scrub Regions 281.094ms
[3234.333s][info][gc,start       ] GC(690) Pause Cleanup
[3234.333s][info][gc             ] GC(690) Pause Cleanup 2129M->2129M(4096M) 0.113ms
[3234.333s][info][gc,cpu         ] GC(690) User=0.00s Sys=0.00s Real=0.00s
[3234.333s][info][gc,marking     ] GC(690) Concurrent Clear Claimed Marks
[3234.333s][info][gc,marking     ] GC(690) Concurrent Clear Claimed Marks 0.024ms
[3234.333s][info][gc,marking     ] GC(690) Concurrent Cleanup for Next Mark
[3234.337s][info][gc,marking     ] GC(690) Concurrent Cleanup for Next Mark 4.387ms
[3234.337s][info][gc             ] GC(690) Concurrent Mark Cycle 1096.771ms
..[3236.529s][info][gc,start       ] GC(691) Pause Young (Prepare Mixed) (G1 Evacuation Pause)
[3236.529s][info][gc,task        ] GC(691) Using 6 workers of 6 for evacuation
[3236.645s][info][gc,phases      ] GC(691)   Pre Evacuate Collection Set: 0.35ms
[3236.645s][info][gc,phases      ] GC(691)   Merge Heap Roots: 0.52ms
[3236.645s][info][gc,phases      ] GC(691)   Evacuate Collection Set: 114.14ms
[3236.645s][info][gc,phases      ] GC(691)   Post Evacuate Collection Set: 1.13ms
[3236.645s][info][gc,phases      ] GC(691)   Other: 0.09ms
[3236.645s][info][gc,heap        ] GC(691) Eden regions: 1121->0(1111)
[3236.645s][info][gc,heap        ] GC(691) Survivor regions: 107->109(154)
[3236.645s][info][gc,heap        ] GC(691) Old regions: 503->536
[3236.645s][info][gc,heap        ] GC(691) Humongous regions: 80->80
[3236.645s][info][gc,metaspace   ] GC(691) Metaspace: 28931K(29312K)->28931K(29312K) NonClass: 24063K(24256K)->24063K(24256K) Class: 4868K(5056K)->4868K(5056K)
[3236.645s][info][gc             ] GC(691) Pause Young (Prepare Mixed) (G1 Evacuation Pause) 3621M->1447M(4096M) 116.387ms
[3236.645s][info][gc,cpu         ] GC(691) User=0.69s Sys=0.00s Real=0.12s
....[3239.967s][info][gc,start       ] GC(692) Pause Young (Mixed) (G1 Evacuation Pause)
[3239.967s][info][gc,task        ] GC(692) Using 6 workers of 6 for evacuation
[3240.099s][info][gc,phases      ] GC(692)   Pre Evacuate Collection Set: 0.41ms
[3240.099s][info][gc,phases      ] GC(692)   Merge Heap Roots: 0.64ms
[3240.099s][info][gc,phases      ] GC(692)   Evacuate Collection Set: 130.28ms
[3240.099s][info][gc,phases      ] GC(692)   Post Evacuate Collection Set: 0.96ms
[3240.099s][info][gc,phases      ] GC(692)   Other: 0.09ms
[3240.099s][info][gc,heap        ] GC(692) Eden regions: 1111->0(1117)
[3240.099s][info][gc,heap        ] GC(692) Survivor regions: 109->111(153)
[3240.099s][info][gc,heap        ] GC(692) Old regions: 536->472
[3240.099s][info][gc,heap        ] GC(692) Humongous regions: 80->80
[3240.099s][info][gc,metaspace   ] GC(692) Metaspace: 28931K(29312K)->28931K(29312K) NonClass: 24063K(24256K)->24063K(24256K) Class: 4868K(5056K)->4868K(5056K)
[3240.099s][info][gc             ] GC(692) Pause Young (Mixed) (G1 Evacuation Pause) 3669M->1324M(4096M) 132.501ms
[3240.100s][info][gc,cpu         ] GC(692) User=0.78s Sys=0.00s Real=0.13s
...[3243.339s][info][gc,start       ] GC(693) Pause Young (Concurrent Start) (G1 Evacuation Pause)
[3243.339s][info][gc,task        ] GC(693) Using 6 workers of 6 for evacuation
[3243.462s][info][gc,phases      ] GC(693)   Pre Evacuate Collection Set: 0.39ms
[3243.462s][info][gc,phases      ] GC(693)   Merge Heap Roots: 0.48ms
[3243.462s][info][gc,phases      ] GC(693)   Evacuate Collection Set: 120.42ms
[3243.462s][info][gc,phases      ] GC(693)   Post Evacuate Collection Set: 0.93ms
[3243.462s][info][gc,phases      ] GC(693)   Other: 0.10ms
[3243.462s][info][gc,heap        ] GC(693) Eden regions: 1117->0(1114)
[3243.462s][info][gc,heap        ] GC(693) Survivor regions: 111->114(154)
[3243.462s][info][gc,heap        ] GC(693) Old regions: 472->504
[3243.462s][info][gc,heap        ] GC(693) Humongous regions: 80->80
[3243.462s][info][gc,metaspace   ] GC(693) Metaspace: 28931K(29312K)->28931K(29312K) NonClass: 24063K(24256K)->24063K(24256K) Class: 4868K(5056K)->4868K(5056K)
[3243.462s][info][gc             ] GC(693) Pause Young (Concurrent Start) (G1 Evacuation Pause) 3558M->1394M(4096M) 122.475ms
[3243.462s][info][gc             ] GC(694) Concurrent Mark Cycle
[3243.462s][info][gc,marking     ] GC(694) Concurrent Scan Root Regions
[3243.462s][info][gc,cpu         ] GC(693) User=0.72s Sys=0.00s Real=0.12s
[3243.651s][info][gc,marking     ] GC(694) Concurrent Scan Root Regions 189.426ms
[3243.651s][info][gc,marking     ] GC(694) Concurrent Mark
[3243.651s][info][gc,marking     ] GC(694) Concurrent Mark From Roots
[3243.651s][info][gc,task        ] GC(694) Using 2 workers of 2 for marking
.[3244.572s][info][gc,marking     ] GC(694) Concurrent Mark From Roots 920.723ms
[3244.572s][info][gc,marking     ] GC(694) Concurrent Preclean
[3244.572s][info][gc,marking     ] GC(694) Concurrent Preclean 0.284ms
[3244.573s][info][gc,start       ] GC(694) Pause Remark
[3244.579s][info][gc             ] GC(694) Pause Remark 2158M->2158M(4096M) 6.181ms
[3244.579s][info][gc,cpu         ] GC(694) User=0.03s Sys=0.01s Real=0.00s
[3244.579s][info][gc,marking     ] GC(694) Concurrent Mark 927.438ms
[3244.579s][info][gc,marking     ] GC(694) Concurrent Rebuild Remembered Sets and Scrub Regions
.[3244.860s][info][gc,marking     ] GC(694) Concurrent Rebuild Remembered Sets and Scrub Regions 281.164ms
[3244.860s][info][gc,start       ] GC(694) Pause Cleanup
[3244.860s][info][gc             ] GC(694) Pause Cleanup 2345M->2345M(4096M) 0.112ms
[3244.860s][info][gc,cpu         ] GC(694) User=0.00s Sys=0.00s Real=0.00s
[3244.860s][info][gc,marking     ] GC(694) Concurrent Clear Claimed Marks
[3244.860s][info][gc,marking     ] GC(694) Concurrent Clear Claimed Marks 0.024ms
[3244.860s][info][gc,marking     ] GC(694) Concurrent Cleanup for Next Mark
[3244.864s][info][gc,marking     ] GC(694) Concurrent Cleanup for Next Mark 3.603ms
[3244.864s][info][gc             ] GC(694) Concurrent Mark Cycle 1402.130ms
..[3246.776s][info][gc,start       ] GC(695) Pause Young (Prepare Mixed) (G1 Evacuation Pause)
[3246.776s][info][gc,task        ] GC(695) Using 6 workers of 6 for evacuation
[3246.897s][info][gc,phases      ] GC(695)   Pre Evacuate Collection Set: 0.34ms
[3246.897s][info][gc,phases      ] GC(695)   Merge Heap Roots: 0.55ms
[3246.897s][info][gc,phases      ] GC(695)   Evacuate Collection Set: 118.40ms
[3246.897s][info][gc,phases      ] GC(695)   Post Evacuate Collection Set: 1.14ms
[3246.897s][info][gc,phases      ] GC(695)   Other: 0.10ms
[3246.897s][info][gc,heap        ] GC(695) Eden regions: 1114->0(1105)
[3246.897s][info][gc,heap        ] GC(695) Survivor regions: 114->112(154)
[3246.897s][info][gc,heap        ] GC(695) Old regions: 504->536
[3246.897s][info][gc,heap        ] GC(695) Humongous regions: 80->80
[3246.897s][info][gc,metaspace   ] GC(695) Metaspace: 28931K(29312K)->28931K(29312K) NonClass: 24063K(24256K)->24063K(24256K) Class: 4868K(5056K)->4868K(5056K)
[3246.897s][info][gc             ] GC(695) Pause Young (Prepare Mixed) (G1 Evacuation Pause) 3622M->1454M(4096M) 120.671ms
[3246.897s][info][gc,cpu         ] GC(695) User=0.72s Sys=0.00s Real=0.12s
...[3250.123s][info][gc,start       ] GC(696) Pause Young (Mixed) (G1 Evacuation Pause)
[3250.123s][info][gc,task        ] GC(696) Using 6 workers of 6 for evacuation
[3250.258s][info][gc,phases      ] GC(696)   Pre Evacuate Collection Set: 0.41ms
[3250.258s][info][gc,phases      ] GC(696)   Merge Heap Roots: 0.64ms
[3250.258s][info][gc,phases      ] GC(696)   Evacuate Collection Set: 133.03ms
[3250.258s][info][gc,phases      ] GC(696)   Post Evacuate Collection Set: 0.98ms
[3250.258s][info][gc,phases      ] GC(696)   Other: 0.09ms
[3250.258s][info][gc,heap        ] GC(696) Eden regions: 1105->0(1116)
[3250.258s][info][gc,heap        ] GC(696) Survivor regions: 112->112(153)
[3250.258s][info][gc,heap        ] GC(696) Old regions: 536->471
[3250.258s][info][gc,heap        ] GC(696) Humongous regions: 80->80
[3250.258s][info][gc,metaspace   ] GC(696) Metaspace: 28931K(29312K)->28931K(29312K) NonClass: 24063K(24256K)->24063K(24256K) Class: 4868K(5056K)->4868K(5056K)
[3250.258s][info][gc             ] GC(696) Pause Young (Mixed) (G1 Evacuation Pause) 3664M->1324M(4096M) 135.305ms
[3250.258s][info][gc,cpu         ] GC(696) User=0.80s Sys=0.00s Real=0.13s
...[3253.548s][info][gc,start       ] GC(697) Pause Young (Concurrent Start) (G1 Evacuation Pause)
[3253.548s][info][gc,task        ] GC(697) Using 6 workers of 6 for evacuation
[3253.663s][info][gc,phases      ] GC(697)   Pre Evacuate Collection Set: 0.39ms
[3253.663s][info][gc,phases      ] GC(697)   Merge Heap Roots: 0.46ms
[3253.663s][info][gc,phases      ] GC(697)   Evacuate Collection Set: 113.16ms
[3253.663s][info][gc,phases      ] GC(697)   Post Evacuate Collection Set: 0.92ms
[3253.663s][info][gc,phases      ] GC(697)   Other: 0.10ms
[3253.663s][info][gc,heap        ] GC(697) Eden regions: 1116->0(1120)
[3253.663s][info][gc,heap        ] GC(697) Survivor regions: 112->108(154)
[3253.663s][info][gc,heap        ] GC(697) Old regions: 471->503
[3253.663s][info][gc,heap        ] GC(697) Humongous regions: 80->80
[3253.663s][info][gc,metaspace   ] GC(697) Metaspace: 28931K(29312K)->28931K(29312K) NonClass: 24063K(24256K)->24063K(24256K) Class: 4868K(5056K)->4868K(5056K)
[3253.663s][info][gc             ] GC(697) Pause Young (Concurrent Start) (G1 Evacuation Pause) 3556M->1381M(4096M) 115.155ms
[3253.663s][info][gc             ] GC(698) Concurrent Mark Cycle
[3253.663s][info][gc,marking     ] GC(698) Concurrent Scan Root Regions
[3253.663s][info][gc,cpu         ] GC(697) User=0.68s Sys=0.00s Real=0.12s
.[3253.844s][info][gc,marking     ] GC(698) Concurrent Scan Root Regions 180.252ms
[3253.844s][info][gc,marking     ] GC(698) Concurrent Mark
[3253.844s][info][gc,marking     ] GC(698) Concurrent Mark From Roots
[3253.844s][info][gc,task        ] GC(698) Using 2 workers of 2 for marking
[3254.608s][info][gc,marking     ] GC(698) Concurrent Mark From Roots 764.587ms
[3254.608s][info][gc,marking     ] GC(698) Concurrent Preclean
[3254.608s][info][gc,marking     ] GC(698) Concurrent Preclean 0.114ms
[3254.608s][info][gc,start       ] GC(698) Pause Remark
[3254.614s][info][gc             ] GC(698) Pause Remark 2074M->2074M(4096M) 5.340ms
[3254.614s][info][gc,cpu         ] GC(698) User=0.03s Sys=0.00s Real=0.01s
[3254.614s][info][gc,marking     ] GC(698) Concurrent Mark 770.307ms
[3254.614s][info][gc,marking     ] GC(698) Concurrent Rebuild Remembered Sets and Scrub Regions
.[3254.925s][info][gc,marking     ] GC(698) Concurrent Rebuild Remembered Sets and Scrub Regions 311.347ms
[3254.925s][info][gc,start       ] GC(698) Pause Cleanup
[3254.925s][info][gc             ] GC(698) Pause Cleanup 2300M->2300M(4096M) 0.127ms
[3254.925s][info][gc,cpu         ] GC(698) User=0.00s Sys=0.00s Real=0.00s
[3254.926s][info][gc,marking     ] GC(698) Concurrent Clear Claimed Marks
[3254.926s][info][gc,marking     ] GC(698) Concurrent Clear Claimed Marks 0.023ms
[3254.926s][info][gc,marking     ] GC(698) Concurrent Cleanup for Next Mark
[3254.931s][info][gc,marking     ] GC(698) Concurrent Cleanup for Next Mark 5.087ms
[3254.931s][info][gc             ] GC(698) Concurrent Mark Cycle 1267.484ms
..[3256.985s][info][gc,start       ] GC(699) Pause Young (Prepare Mixed) (G1 Evacuation Pause)
[3256.985s][info][gc,task        ] GC(699) Using 6 workers of 6 for evacuation
[3257.102s][info][gc,phases      ] GC(699)   Pre Evacuate Collection Set: 0.36ms
[3257.102s][info][gc,phases      ] GC(699)   Merge Heap Roots: 0.51ms
[3257.102s][info][gc,phases      ] GC(699)   Evacuate Collection Set: 115.43ms
[3257.102s][info][gc,phases      ] GC(699)   Post Evacuate Collection Set: 0.94ms
[3257.102s][info][gc,phases      ] GC(699)   Other: 0.08ms
[3257.102s][info][gc,heap        ] GC(699) Eden regions: 1120->0(1108)
[3257.102s][info][gc,heap        ] GC(699) Survivor regions: 108->111(154)
[3257.102s][info][gc,heap        ] GC(699) Old regions: 503->535
[3257.102s][info][gc,heap        ] GC(699) Humongous regions: 80->80
[3257.102s][info][gc,metaspace   ] GC(699) Metaspace: 28931K(29312K)->28931K(29312K) NonClass: 24063K(24256K)->24063K(24256K) Class: 4868K(5056K)->4868K(5056K)
[3257.102s][info][gc             ] GC(699) Pause Young (Prepare Mixed) (G1 Evacuation Pause) 3621M->1449M(4096M) 117.457ms
[3257.102s][info][gc,cpu         ] GC(699) User=0.70s Sys=0.00s Real=0.11s
...[3260.331s][info][gc,start       ] GC(700) Pause Young (Mixed) (G1 Evacuation Pause)
[3260.331s][info][gc,task        ] GC(700) Using 6 workers of 6 for evacuation
[3260.461s][info][gc,phases      ] GC(700)   Pre Evacuate Collection Set: 0.38ms
[3260.461s][info][gc,phases      ] GC(700)   Merge Heap Roots: 0.62ms
[3260.461s][info][gc,phases      ] GC(700)   Evacuate Collection Set: 127.29ms
[3260.461s][info][gc,phases      ] GC(700)   Post Evacuate Collection Set: 0.98ms
[3260.461s][info][gc,phases      ] GC(700)   Other: 0.08ms
[3260.461s][info][gc,heap        ] GC(700) Eden regions: 1108->0(1120)
[3260.461s][info][gc,heap        ] GC(700) Survivor regions: 111->108(153)
[3260.461s][info][gc,heap        ] GC(700) Old regions: 535->471
[3260.461s][info][gc,heap        ] GC(700) Humongous regions: 80->80
[3260.461s][info][gc,metaspace   ] GC(700) Metaspace: 28931K(29312K)->28931K(29312K) NonClass: 24063K(24256K)->24063K(24256K) Class: 4868K(5056K)->4868K(5056K)
[3260.461s][info][gc             ] GC(700) Pause Young (Mixed) (G1 Evacuation Pause) 3665M->1316M(4096M) 129.483ms
[3260.461s][info][gc,cpu         ] GC(700) User=0.77s Sys=0.00s Real=0.13s
...[3263.686s][info][gc,start       ] GC(701) Pause Young (Concurrent Start) (G1 Evacuation Pause)
[3263.686s][info][gc,task        ] GC(701) Using 6 workers of 6 for evacuation
[3263.801s][info][gc,phases      ] GC(701)   Pre Evacuate Collection Set: 0.43ms
[3263.801s][info][gc,phases      ] GC(701)   Merge Heap Roots: 0.50ms
[3263.801s][info][gc,phases      ] GC(701)   Evacuate Collection Set: 113.34ms
[3263.801s][info][gc,phases      ] GC(701)   Post Evacuate Collection Set: 0.89ms
[3263.801s][info][gc,phases      ] GC(701)   Other: 0.12ms
[3263.801s][info][gc,heap        ] GC(701) Eden regions: 1120->0(1121)
[3263.801s][info][gc,heap        ] GC(701) Survivor regions: 108->107(154)
[3263.801s][info][gc,heap        ] GC(701) Old regions: 471->504
[3263.801s][info][gc,heap        ] GC(701) Humongous regions: 80->80
[3263.801s][info][gc,metaspace   ] GC(701) Metaspace: 28931K(29312K)->28931K(29312K) NonClass: 24063K(24256K)->24063K(24256K) Class: 4868K(5056K)->4868K(5056K)
[3263.801s][info][gc             ] GC(701) Pause Young (Concurrent Start) (G1 Evacuation Pause) 3556M->1380M(4096M) 115.412ms
[3263.801s][info][gc             ] GC(702) Concurrent Mark Cycle
[3263.801s][info][gc,marking     ] GC(702) Concurrent Scan Root Regions
[3263.801s][info][gc,cpu         ] GC(701) User=0.68s Sys=0.00s Real=0.11s
.[3263.980s][info][gc,marking     ] GC(702) Concurrent Scan Root Regions 178.695ms
[3263.980s][info][gc,marking     ] GC(702) Concurrent Mark
[3263.980s][info][gc,marking     ] GC(702) Concurrent Mark From Roots
[3263.980s][info][gc,task        ] GC(702) Using 2 workers of 2 for marking
[3264.732s][info][gc,marking     ] GC(702) Concurrent Mark From Roots 752.404ms
[3264.732s][info][gc,marking     ] GC(702) Concurrent Preclean
[3264.733s][info][gc,marking     ] GC(702) Concurrent Preclean 0.123ms
[3264.733s][info][gc,start       ] GC(702) Pause Remark
[3264.738s][info][gc             ] GC(702) Pause Remark 2035M->2035M(4096M) 5.725ms
[3264.738s][info][gc,cpu         ] GC(702) User=0.03s Sys=0.00s Real=0.00s
[3264.739s][info][gc,marking     ] GC(702) Concurrent Mark 758.572ms
[3264.739s][info][gc,marking     ] GC(702) Concurrent Rebuild Remembered Sets and Scrub Regions
.[3265.029s][info][gc,marking     ] GC(702) Concurrent Rebuild Remembered Sets and Scrub Regions 290.392ms
[3265.029s][info][gc,start       ] GC(702) Pause Cleanup
[3265.029s][info][gc             ] GC(702) Pause Cleanup 2228M->2228M(4096M) 0.120ms
[3265.030s][info][gc,cpu         ] GC(702) User=0.00s Sys=0.00s Real=0.00s
[3265.030s][info][gc,marking     ] GC(702) Concurrent Clear Claimed Marks
[3265.030s][info][gc,marking     ] GC(702) Concurrent Clear Claimed Marks 0.022ms
[3265.030s][info][gc,marking     ] GC(702) Concurrent Cleanup for Next Mark
[3265.036s][info][gc,marking     ] GC(702) Concurrent Cleanup for Next Mark 6.455ms
[3265.036s][info][gc             ] GC(702) Concurrent Mark Cycle 1234.887ms
..[3267.161s][info][gc,start       ] GC(703) Pause Young (Prepare Mixed) (G1 Evacuation Pause)
[3267.161s][info][gc,task        ] GC(703) Using 6 workers of 6 for evacuation
[3267.276s][info][gc,phases      ] GC(703)   Pre Evacuate Collection Set: 0.38ms
[3267.276s][info][gc,phases      ] GC(703)   Merge Heap Roots: 0.50ms
[3267.276s][info][gc,phases      ] GC(703)   Evacuate Collection Set: 112.87ms
[3267.276s][info][gc,phases      ] GC(703)   Post Evacuate Collection Set: 0.97ms
[3267.276s][info][gc,phases      ] GC(703)   Other: 0.09ms
[3267.276s][info][gc,heap        ] GC(703) Eden regions: 1121->0(1115)
[3267.276s][info][gc,heap        ] GC(703) Survivor regions: 107->107(154)
[3267.276s][info][gc,heap        ] GC(703) Old regions: 504->536
[3267.276s][info][gc,heap        ] GC(703) Humongous regions: 80->80
[3267.276s][info][gc,metaspace   ] GC(703) Metaspace: 28931K(29312K)->28931K(29312K) NonClass: 24063K(24256K)->24063K(24256K) Class: 4868K(5056K)->4868K(5056K)
[3267.276s][info][gc             ] GC(703) Pause Young (Prepare Mixed) (G1 Evacuation Pause) 3622M->1444M(4096M) 114.968ms
[3267.276s][info][gc,cpu         ] GC(703) User=0.68s Sys=0.00s Real=0.12s
...[3270.530s][info][gc,start       ] GC(704) Pause Young (Mixed) (G1 Evacuation Pause)
[3270.530s][info][gc,task        ] GC(704) Using 6 workers of 6 for evacuation
[3270.667s][info][gc,phases      ] GC(704)   Pre Evacuate Collection Set: 0.39ms
[3270.667s][info][gc,phases      ] GC(704)   Merge Heap Roots: 0.70ms
[3270.667s][info][gc,phases      ] GC(704)   Evacuate Collection Set: 135.28ms
[3270.667s][info][gc,phases      ] GC(704)   Post Evacuate Collection Set: 0.96ms
[3270.667s][info][gc,phases      ] GC(704)   Other: 0.09ms
[3270.667s][info][gc,heap        ] GC(704) Eden regions: 1115->0(1115)
[3270.667s][info][gc,heap        ] GC(704) Survivor regions: 107->113(153)
[3270.667s][info][gc,heap        ] GC(704) Old regions: 536->472
[3270.667s][info][gc,heap        ] GC(704) Humongous regions: 80->80
[3270.667s][info][gc,metaspace   ] GC(704) Metaspace: 28931K(29312K)->28931K(29312K) NonClass: 24063K(24256K)->24063K(24256K) Class: 4868K(5056K)->4868K(5056K)
[3270.667s][info][gc             ] GC(704) Pause Young (Mixed) (G1 Evacuation Pause) 3674M->1328M(4096M) 137.574ms
[3270.667s][info][gc,cpu         ] GC(704) User=0.81s Sys=0.00s Real=0.14s
....[3273.945s][info][gc,start       ] GC(705) Pause Young (Concurrent Start) (G1 Evacuation Pause)
[3273.945s][info][gc,task        ] GC(705) Using 6 workers of 6 for evacuation
[3274.063s][info][gc,phases      ] GC(705)   Pre Evacuate Collection Set: 0.40ms
[3274.063s][info][gc,phases      ] GC(705)   Merge Heap Roots: 0.45ms
[3274.063s][info][gc,phases      ] GC(705)   Evacuate Collection Set: 115.99ms
[3274.063s][info][gc,phases      ] GC(705)   Post Evacuate Collection Set: 0.91ms
[3274.063s][info][gc,phases      ] GC(705)   Other: 0.11ms
[3274.063s][info][gc,heap        ] GC(705) Eden regions: 1115->0(1118)
[3274.063s][info][gc,heap        ] GC(705) Survivor regions: 113->110(154)
[3274.063s][info][gc,heap        ] GC(705) Old regions: 472->505
[3274.063s][info][gc,heap        ] GC(705) Humongous regions: 80->80
[3274.063s][info][gc,metaspace   ] GC(705) Metaspace: 28931K(29312K)->28931K(29312K) NonClass: 24063K(24256K)->24063K(24256K) Class: 4868K(5056K)->4868K(5056K)
[3274.063s][info][gc             ] GC(705) Pause Young (Concurrent Start) (G1 Evacuation Pause) 3558M->1388M(4096M) 117.994ms
[3274.063s][info][gc             ] GC(706) Concurrent Mark Cycle
[3274.063s][info][gc,marking     ] GC(706) Concurrent Scan Root Regions
[3274.063s][info][gc,cpu         ] GC(705) User=0.70s Sys=0.00s Real=0.12s
[3274.252s][info][gc,marking     ] GC(706) Concurrent Scan Root Regions 188.648ms
[3274.252s][info][gc,marking     ] GC(706) Concurrent Mark
[3274.252s][info][gc,marking     ] GC(706) Concurrent Mark From Roots
[3274.252s][info][gc,task        ] GC(706) Using 2 workers of 2 for marking
[3274.910s][info][gc,marking     ] GC(706) Concurrent Mark From Roots 657.932ms
[3274.910s][info][gc,marking     ] GC(706) Concurrent Preclean
[3274.910s][info][gc,marking     ] GC(706) Concurrent Preclean 0.210ms
[3274.910s][info][gc,start       ] GC(706) Pause Remark
[3274.915s][info][gc             ] GC(706) Pause Remark 2040M->2040M(4096M) 5.426ms
[3274.915s][info][gc,cpu         ] GC(706) User=0.03s Sys=0.00s Real=0.01s
[3274.916s][info][gc,marking     ] GC(706) Concurrent Mark 663.829ms
[3274.916s][info][gc,marking     ] GC(706) Concurrent Rebuild Remembered Sets and Scrub Regions
.[3275.156s][info][gc,marking     ] GC(706) Concurrent Rebuild Remembered Sets and Scrub Regions 240.007ms
[3275.156s][info][gc,start       ] GC(706) Pause Cleanup
[3275.156s][info][gc             ] GC(706) Pause Cleanup 2192M->2192M(4096M) 0.135ms
[3275.156s][info][gc,cpu         ] GC(706) User=0.00s Sys=0.00s Real=0.00s
[3275.157s][info][gc,marking     ] GC(706) Concurrent Clear Claimed Marks
[3275.157s][info][gc,marking     ] GC(706) Concurrent Clear Claimed Marks 0.031ms
[3275.157s][info][gc,marking     ] GC(706) Concurrent Cleanup for Next Mark
[3275.161s][info][gc,marking     ] GC(706) Concurrent Cleanup for Next Mark 4.405ms
[3275.162s][info][gc             ] GC(706) Concurrent Mark Cycle 1098.622ms
..[3277.400s][info][gc,start       ] GC(707) Pause Young (Prepare Mixed) (G1 Evacuation Pause)
[3277.400s][info][gc,task        ] GC(707) Using 6 workers of 6 for evacuation
[3277.516s][info][gc,phases      ] GC(707)   Pre Evacuate Collection Set: 0.33ms
[3277.516s][info][gc,phases      ] GC(707)   Merge Heap Roots: 0.52ms
[3277.516s][info][gc,phases      ] GC(707)   Evacuate Collection Set: 114.40ms
[3277.516s][info][gc,phases      ] GC(707)   Post Evacuate Collection Set: 0.95ms
[3277.516s][info][gc,phases      ] GC(707)   Other: 0.09ms
[3277.516s][info][gc,heap        ] GC(707) Eden regions: 1118->0(1111)
[3277.516s][info][gc,heap        ] GC(707) Survivor regions: 110->109(154)
[3277.516s][info][gc,heap        ] GC(707) Old regions: 505->536
[3277.516s][info][gc,heap        ] GC(707) Humongous regions: 80->80
[3277.516s][info][gc,metaspace   ] GC(707) Metaspace: 28931K(29312K)->28931K(29312K) NonClass: 24063K(24256K)->24063K(24256K) Class: 4868K(5056K)->4868K(5056K)
[3277.516s][info][gc             ] GC(707) Pause Young (Prepare Mixed) (G1 Evacuation Pause) 3624M->1449M(4096M) 116.435ms
[3277.516s][info][gc,cpu         ] GC(707) User=0.68s Sys=0.00s Real=0.12s
...[3280.697s][info][gc,start       ] GC(708) Pause Young (Mixed) (G1 Evacuation Pause)
[3280.697s][info][gc,task        ] GC(708) Using 6 workers of 6 for evacuation
[3280.832s][info][gc,phases      ] GC(708)   Pre Evacuate Collection Set: 0.37ms
[3280.832s][info][gc,phases      ] GC(708)   Merge Heap Roots: 0.70ms
[3280.832s][info][gc,phases      ] GC(708)   Evacuate Collection Set: 132.72ms
[3280.832s][info][gc,phases      ] GC(708)   Post Evacuate Collection Set: 0.97ms
[3280.832s][info][gc,phases      ] GC(708)   Other: 0.10ms
[3280.832s][info][gc,heap        ] GC(708) Eden regions: 1111->0(1117)
[3280.832s][info][gc,heap        ] GC(708) Survivor regions: 109->111(153)
[3280.832s][info][gc,heap        ] GC(708) Old regions: 536->472
[3280.832s][info][gc,heap        ] GC(708) Humongous regions: 80->80
[3280.832s][info][gc,metaspace   ] GC(708) Metaspace: 28931K(29312K)->28931K(29312K) NonClass: 24063K(24256K)->24063K(24256K) Class: 4868K(5056K)->4868K(5056K)
[3280.832s][info][gc             ] GC(708) Pause Young (Mixed) (G1 Evacuation Pause) 3671M->1324M(4096M) 135.010ms
[3280.832s][info][gc,cpu         ] GC(708) User=0.80s Sys=0.00s Real=0.14s
... (rIR:aIR:PR = 5535:5537:5537) (tPR = 82088) [OK] 
  3282s: Performance info:
         Transaction,    Success,    Partial,     Failed,   Receipts, AvgBarcode, 
             Overall,     333952,          0,          0,     317263,      59.47, 
         Response times:
             Request,    Success,    Partial,     Failed,   SkipFail,     Probes,    Samples,      min,      p50,      p90,      p95,      p99,      max, 
       TotalPurchase,     317263,          0,          0,          0,     311242,     338169,      300,     4600,    11300,    35000,   115000,   286000,
     InStorePurchase,     166980,          0,          0,          0,     164063,     177676,      300,     4500,    11200,    35000,   115000,   237000,
      OnlinePurchase,     116887,          0,          0,          0,     114774,     125216,      300,     4500,    11300,    36000,   114000,   286000,
        InstPurchase,      33396,          0,          0,          0,      32405,      35277,      400,     4900,    11700,    35000,   119000,   233000,
          AssocOfCat,        337,          0,          0,          0,        280,        402,    22000,    34000,    60400,    94400,   164000,   201000,
      AssocOfProduct,       3336,          0,          0,          0,       3102,       3561,      400,     5700,    12700,    36000,   121900,   237000,
      BusinessReport,        835,          0,          0,          0,        693,        842,    26000,    38000,    69000,    98400,   192570,   259000,
          CustBuyBeh,       3332,          0,          0,          0,       3099,       3583,      200,     4700,    11400,    36000,   119160,   187000,
       ProductReturn,       8849,          0,          0,          0,       8415,       9419,      200,     3800,    10700,    31000,   119000,   233000,

  3282s: (41%)   IR =   5673 .[3284.197s][info][gc,start       ] GC(709) Pause Young (Concurrent Start) (G1 Evacuation Pause)
[3284.198s][info][gc,task        ] GC(709) Using 6 workers of 6 for evacuation
[3284.320s][info][gc,phases      ] GC(709)   Pre Evacuate Collection Set: 0.37ms
[3284.320s][info][gc,phases      ] GC(709)   Merge Heap Roots: 0.48ms
[3284.320s][info][gc,phases      ] GC(709)   Evacuate Collection Set: 120.52ms
[3284.320s][info][gc,phases      ] GC(709)   Post Evacuate Collection Set: 0.96ms
[3284.320s][info][gc,phases      ] GC(709)   Other: 0.12ms
[3284.320s][info][gc,heap        ] GC(709) Eden regions: 1117->0(1115)
[3284.320s][info][gc,heap        ] GC(709) Survivor regions: 111->113(154)
[3284.320s][info][gc,heap        ] GC(709) Old regions: 472->505
[3284.320s][info][gc,heap        ] GC(709) Humongous regions: 80->80
[3284.320s][info][gc,metaspace   ] GC(709) Metaspace: 28931K(29312K)->28931K(29312K) NonClass: 24063K(24256K)->24063K(24256K) Class: 4868K(5056K)->4868K(5056K)
[3284.320s][info][gc             ] GC(709) Pause Young (Concurrent Start) (G1 Evacuation Pause) 3558M->1395M(4096M) 122.610ms
[3284.320s][info][gc             ] GC(710) Concurrent Mark Cycle
[3284.320s][info][gc,marking     ] GC(710) Concurrent Scan Root Regions
[3284.320s][info][gc,cpu         ] GC(709) User=0.72s Sys=0.00s Real=0.12s
[3284.465s][info][gc,marking     ] GC(710) Concurrent Scan Root Regions 144.525ms
[3284.465s][info][gc,marking     ] GC(710) Concurrent Mark
[3284.465s][info][gc,marking     ] GC(710) Concurrent Mark From Roots
[3284.465s][info][gc,task        ] GC(710) Using 2 workers of 2 for marking
.[3285.424s][info][gc,marking     ] GC(710) Concurrent Mark From Roots 958.983ms
[3285.424s][info][gc,marking     ] GC(710) Concurrent Preclean
[3285.424s][info][gc,marking     ] GC(710) Concurrent Preclean 0.163ms
[3285.424s][info][gc,start       ] GC(710) Pause Remark
[3285.431s][info][gc             ] GC(710) Pause Remark 2214M->2214M(4096M) 7.285ms
[3285.431s][info][gc,cpu         ] GC(710) User=0.04s Sys=0.00s Real=0.00s
[3285.431s][info][gc,marking     ] GC(710) Concurrent Mark 966.696ms
[3285.431s][info][gc,marking     ] GC(710) Concurrent Rebuild Remembered Sets and Scrub Regions
[3285.789s][info][gc,marking     ] GC(710) Concurrent Rebuild Remembered Sets and Scrub Regions 357.780ms
[3285.789s][info][gc,start       ] GC(710) Pause Cleanup
[3285.789s][info][gc             ] GC(710) Pause Cleanup 2438M->2438M(4096M) 0.119ms
[3285.789s][info][gc,cpu         ] GC(710) User=0.00s Sys=0.00s Real=0.00s
[3285.790s][info][gc,marking     ] GC(710) Concurrent Clear Claimed Marks
[3285.790s][info][gc,marking     ] GC(710) Concurrent Clear Claimed Marks 0.022ms
[3285.790s][info][gc,marking     ] GC(710) Concurrent Cleanup for Next Mark
[3285.793s][info][gc,marking     ] GC(710) Concurrent Cleanup for Next Mark 3.629ms
[3285.793s][info][gc             ] GC(710) Concurrent Mark Cycle 1473.097ms
..|[3287.489s][info][gc,start       ] GC(711) Pause Young (Prepare Mixed) (G1 Evacuation Pause)
[3287.489s][info][gc,task        ] GC(711) Using 6 workers of 6 for evacuation
[3287.605s][info][gc,phases      ] GC(711)   Pre Evacuate Collection Set: 0.38ms
[3287.605s][info][gc,phases      ] GC(711)   Merge Heap Roots: 0.51ms
[3287.605s][info][gc,phases      ] GC(711)   Evacuate Collection Set: 113.45ms
[3287.605s][info][gc,phases      ] GC(711)   Post Evacuate Collection Set: 0.99ms
[3287.605s][info][gc,phases      ] GC(711)   Other: 0.08ms
[3287.605s][info][gc,heap        ] GC(711) Eden regions: 1115->0(1109)
[3287.605s][info][gc,heap        ] GC(711) Survivor regions: 113->110(154)
[3287.605s][info][gc,heap        ] GC(711) Old regions: 505->536
[3287.605s][info][gc,heap        ] GC(711) Humongous regions: 80->80
[3287.605s][info][gc,metaspace   ] GC(711) Metaspace: 28931K(29312K)->28931K(29312K) NonClass: 24063K(24256K)->24063K(24256K) Class: 4868K(5056K)->4868K(5056K)
[3287.605s][info][gc             ] GC(711) Pause Young (Prepare Mixed) (G1 Evacuation Pause) 3625M->1449M(4096M) 115.534ms
[3287.605s][info][gc,cpu         ] GC(711) User=0.69s Sys=0.00s Real=0.12s
...[3290.732s][info][gc,start       ] GC(712) Pause Young (Mixed) (G1 Evacuation Pause)
[3290.732s][info][gc,task        ] GC(712) Using 6 workers of 6 for evacuation
[3290.868s][info][gc,phases      ] GC(712)   Pre Evacuate Collection Set: 0.37ms
[3290.868s][info][gc,phases      ] GC(712)   Merge Heap Roots: 0.61ms
[3290.868s][info][gc,phases      ] GC(712)   Evacuate Collection Set: 134.13ms
[3290.868s][info][gc,phases      ] GC(712)   Post Evacuate Collection Set: 0.98ms
[3290.868s][info][gc,phases      ] GC(712)   Other: 0.09ms
[3290.868s][info][gc,heap        ] GC(712) Eden regions: 1109->0(1116)
[3290.868s][info][gc,heap        ] GC(712) Survivor regions: 110->112(153)
[3290.868s][info][gc,heap        ] GC(712) Old regions: 536->472
[3290.868s][info][gc,heap        ] GC(712) Humongous regions: 80->80
[3290.868s][info][gc,metaspace   ] GC(712) Metaspace: 28931K(29312K)->28931K(29312K) NonClass: 24063K(24256K)->24063K(24256K) Class: 4868K(5056K)->4868K(5056K)
[3290.868s][info][gc             ] GC(712) Pause Young (Mixed) (G1 Evacuation Pause) 3667M->1326M(4096M) 136.309ms
[3290.868s][info][gc,cpu         ] GC(712) User=0.80s Sys=0.00s Real=0.14s
....[3294.076s][info][gc,start       ] GC(713) Pause Young (Concurrent Start) (G1 Evacuation Pause)
[3294.076s][info][gc,task        ] GC(713) Using 6 workers of 6 for evacuation
[3294.194s][info][gc,phases      ] GC(713)   Pre Evacuate Collection Set: 0.40ms
[3294.194s][info][gc,phases      ] GC(713)   Merge Heap Roots: 0.46ms
[3294.194s][info][gc,phases      ] GC(713)   Evacuate Collection Set: 115.89ms
[3294.194s][info][gc,phases      ] GC(713)   Post Evacuate Collection Set: 0.94ms
[3294.194s][info][gc,phases      ] GC(713)   Other: 0.11ms
[3294.194s][info][gc,heap        ] GC(713) Eden regions: 1116->0(1118)
[3294.194s][info][gc,heap        ] GC(713) Survivor regions: 112->110(154)
[3294.194s][info][gc,heap        ] GC(713) Old regions: 472->504
[3294.194s][info][gc,heap        ] GC(713) Humongous regions: 80->80
[3294.194s][info][gc,metaspace   ] GC(713) Metaspace: 28931K(29312K)->28931K(29312K) NonClass: 24063K(24256K)->24063K(24256K) Class: 4868K(5056K)->4868K(5056K)
[3294.194s][info][gc             ] GC(713) Pause Young (Concurrent Start) (G1 Evacuation Pause) 3558M->1386M(4096M) 117.943ms
[3294.194s][info][gc             ] GC(714) Concurrent Mark Cycle
[3294.194s][info][gc,marking     ] GC(714) Concurrent Scan Root Regions
[3294.194s][info][gc,cpu         ] GC(713) User=0.70s Sys=0.00s Real=0.12s
[3294.381s][info][gc,marking     ] GC(714) Concurrent Scan Root Regions 186.681ms
[3294.381s][info][gc,marking     ] GC(714) Concurrent Mark
[3294.381s][info][gc,marking     ] GC(714) Concurrent Mark From Roots
[3294.381s][info][gc,task        ] GC(714) Using 2 workers of 2 for marking
.[3295.349s][info][gc,marking     ] GC(714) Concurrent Mark From Roots 968.648ms
[3295.349s][info][gc,marking     ] GC(714) Concurrent Preclean
[3295.350s][info][gc,marking     ] GC(714) Concurrent Preclean 0.109ms
[3295.350s][info][gc,start       ] GC(714) Pause Remark
[3295.356s][info][gc             ] GC(714) Pause Remark 2240M->2240M(4096M) 6.663ms
[3295.356s][info][gc,cpu         ] GC(714) User=0.04s Sys=0.00s Real=0.01s
[3295.356s][info][gc,marking     ] GC(714) Concurrent Mark 975.734ms
[3295.356s][info][gc,marking     ] GC(714) Concurrent Rebuild Remembered Sets and Scrub Regions
[3295.605s][info][gc,marking     ] GC(714) Concurrent Rebuild Remembered Sets and Scrub Regions 248.726ms
[3295.605s][info][gc,start       ] GC(714) Pause Cleanup
[3295.605s][info][gc             ] GC(714) Pause Cleanup 2424M->2424M(4096M) 0.123ms
[3295.605s][info][gc,cpu         ] GC(714) User=0.00s Sys=0.00s Real=0.00s
[3295.606s][info][gc,marking     ] GC(714) Concurrent Clear Claimed Marks
[3295.606s][info][gc,marking     ] GC(714) Concurrent Clear Claimed Marks 0.038ms
[3295.606s][info][gc,marking     ] GC(714) Concurrent Cleanup for Next Mark
[3295.612s][info][gc,marking     ] GC(714) Concurrent Cleanup for Next Mark 5.364ms
[3295.612s][info][gc             ] GC(714) Concurrent Mark Cycle 1417.869ms
..[3297.429s][info][gc,start       ] GC(715) Pause Young (Prepare Mixed) (G1 Evacuation Pause)
[3297.429s][info][gc,task        ] GC(715) Using 6 workers of 6 for evacuation
[3297.545s][info][gc,phases      ] GC(715)   Pre Evacuate Collection Set: 0.35ms
[3297.545s][info][gc,phases      ] GC(715)   Merge Heap Roots: 0.52ms
[3297.545s][info][gc,phases      ] GC(715)   Evacuate Collection Set: 113.71ms
[3297.545s][info][gc,phases      ] GC(715)   Post Evacuate Collection Set: 0.94ms
[3297.545s][info][gc,phases      ] GC(715)   Other: 0.09ms
[3297.545s][info][gc,heap        ] GC(715) Eden regions: 1118->0(1112)
[3297.545s][info][gc,heap        ] GC(715) Survivor regions: 110->109(154)
[3297.545s][info][gc,heap        ] GC(715) Old regions: 504->535
[3297.545s][info][gc,heap        ] GC(715) Humongous regions: 80->80
[3297.545s][info][gc,metaspace   ] GC(715) Metaspace: 28931K(29312K)->28931K(29312K) NonClass: 24063K(24256K)->24063K(24256K) Class: 4868K(5056K)->4868K(5056K)
[3297.545s][info][gc             ] GC(715) Pause Young (Prepare Mixed) (G1 Evacuation Pause) 3622M->1446M(4096M) 115.741ms
[3297.545s][info][gc,cpu         ] GC(715) User=0.68s Sys=0.00s Real=0.12s
...[3300.764s][info][gc,start       ] GC(716) Pause Young (Mixed) (G1 Evacuation Pause)
[3300.764s][info][gc,task        ] GC(716) Using 6 workers of 6 for evacuation
[3300.905s][info][gc,phases      ] GC(716)   Pre Evacuate Collection Set: 0.39ms
[3300.905s][info][gc,phases      ] GC(716)   Merge Heap Roots: 0.61ms
[3300.905s][info][gc,phases      ] GC(716)   Evacuate Collection Set: 138.67ms
[3300.905s][info][gc,phases      ] GC(716)   Post Evacuate Collection Set: 0.98ms
[3300.905s][info][gc,phases      ] GC(716)   Other: 0.09ms
[3300.905s][info][gc,heap        ] GC(716) Eden regions: 1112->0(1112)
[3300.905s][info][gc,heap        ] GC(716) Survivor regions: 109->116(153)
[3300.905s][info][gc,heap        ] GC(716) Old regions: 535->471
[3300.905s][info][gc,heap        ] GC(716) Humongous regions: 80->80
[3300.905s][info][gc,metaspace   ] GC(716) Metaspace: 28931K(29312K)->28931K(29312K) NonClass: 24063K(24256K)->24063K(24256K) Class: 4868K(5056K)->4868K(5056K)
[3300.905s][info][gc             ] GC(716) Pause Young (Mixed) (G1 Evacuation Pause) 3670M->1332M(4096M) 140.879ms
[3300.905s][info][gc,cpu         ] GC(716) User=0.83s Sys=0.00s Real=0.14s
...[3304.011s][info][gc,start       ] GC(717) Pause Young (Concurrent Start) (G1 Evacuation Pause)
[3304.011s][info][gc,task        ] GC(717) Using 6 workers of 6 for evacuation
[3304.128s][info][gc,phases      ] GC(717)   Pre Evacuate Collection Set: 0.40ms
[3304.128s][info][gc,phases      ] GC(717)   Merge Heap Roots: 0.48ms
[3304.128s][info][gc,phases      ] GC(717)   Evacuate Collection Set: 114.87ms
[3304.128s][info][gc,phases      ] GC(717)   Post Evacuate Collection Set: 0.94ms
[3304.128s][info][gc,phases      ] GC(717)   Other: 0.11ms
[3304.128s][info][gc,heap        ] GC(717) Eden regions: 1112->0(1119)
[3304.128s][info][gc,heap        ] GC(717) Survivor regions: 116->109(154)
[3304.128s][info][gc,heap        ] GC(717) Old regions: 471->503
[3304.128s][info][gc,heap        ] GC(717) Humongous regions: 80->80
[3304.128s][info][gc,metaspace   ] GC(717) Metaspace: 28931K(29312K)->28931K(29312K) NonClass: 24063K(24256K)->24063K(24256K) Class: 4868K(5056K)->4868K(5056K)
[3304.128s][info][gc             ] GC(717) Pause Young (Concurrent Start) (G1 Evacuation Pause) 3556M->1383M(4096M) 116.933ms
[3304.128s][info][gc             ] GC(718) Concurrent Mark Cycle
[3304.128s][info][gc,marking     ] GC(718) Concurrent Scan Root Regions
[3304.128s][info][gc,cpu         ] GC(717) User=0.69s Sys=0.01s Real=0.12s
.[3304.272s][info][gc,marking     ] GC(718) Concurrent Scan Root Regions 144.082ms
[3304.272s][info][gc,marking     ] GC(718) Concurrent Mark
[3304.272s][info][gc,marking     ] GC(718) Concurrent Mark From Roots
[3304.272s][info][gc,task        ] GC(718) Using 2 workers of 2 for marking
[3304.912s][info][gc,marking     ] GC(718) Concurrent Mark From Roots 640.047ms
[3304.913s][info][gc,marking     ] GC(718) Concurrent Preclean
[3304.913s][info][gc,marking     ] GC(718) Concurrent Preclean 0.097ms
[3304.913s][info][gc,start       ] GC(718) Pause Remark
[3304.918s][info][gc             ] GC(718) Pause Remark 1949M->1949M(4096M) 5.167ms
[3304.918s][info][gc,cpu         ] GC(718) User=0.03s Sys=0.00s Real=0.00s
[3304.918s][info][gc,marking     ] GC(718) Concurrent Mark 645.610ms
[3304.918s][info][gc,marking     ] GC(718) Concurrent Rebuild Remembered Sets and Scrub Regions
.[3305.156s][info][gc,marking     ] GC(718) Concurrent Rebuild Remembered Sets and Scrub Regions 237.659ms
[3305.156s][info][gc,start       ] GC(718) Pause Cleanup
[3305.156s][info][gc             ] GC(718) Pause Cleanup 2104M->2104M(4096M) 0.126ms
[3305.156s][info][gc,cpu         ] GC(718) User=0.00s Sys=0.00s Real=0.00s
[3305.156s][info][gc,marking     ] GC(718) Concurrent Clear Claimed Marks
[3305.156s][info][gc,marking     ] GC(718) Concurrent Clear Claimed Marks 0.021ms
[3305.156s][info][gc,marking     ] GC(718) Concurrent Cleanup for Next Mark
[3305.160s][info][gc,marking     ] GC(718) Concurrent Cleanup for Next Mark 3.778ms
[3305.160s][info][gc             ] GC(718) Concurrent Mark Cycle 1031.620ms
..[3307.352s][info][gc,start       ] GC(719) Pause Young (Prepare Mixed) (G1 Evacuation Pause)
[3307.352s][info][gc,task        ] GC(719) Using 6 workers of 6 for evacuation
[3307.468s][info][gc,phases      ] GC(719)   Pre Evacuate Collection Set: 0.36ms
[3307.468s][info][gc,phases      ] GC(719)   Merge Heap Roots: 0.50ms
[3307.468s][info][gc,phases      ] GC(719)   Evacuate Collection Set: 113.70ms
[3307.468s][info][gc,phases      ] GC(719)   Post Evacuate Collection Set: 0.95ms
[3307.468s][info][gc,phases      ] GC(719)   Other: 0.09ms
[3307.468s][info][gc,heap        ] GC(719) Eden regions: 1119->0(1114)
[3307.468s][info][gc,heap        ] GC(719) Survivor regions: 109->108(154)
[3307.468s][info][gc,heap        ] GC(719) Old regions: 503->535
[3307.468s][info][gc,heap        ] GC(719) Humongous regions: 80->80
[3307.468s][info][gc,metaspace   ] GC(719) Metaspace: 28931K(29312K)->28931K(29312K) NonClass: 24063K(24256K)->24063K(24256K) Class: 4868K(5056K)->4868K(5056K)
[3307.468s][info][gc             ] GC(719) Pause Young (Prepare Mixed) (G1 Evacuation Pause) 3621M->1444M(4096M) 115.733ms
[3307.468s][info][gc,cpu         ] GC(719) User=0.68s Sys=0.00s Real=0.12s
...[3310.642s][info][gc,start       ] GC(720) Pause Young (Mixed) (G1 Evacuation Pause)
[3310.642s][info][gc,task        ] GC(720) Using 6 workers of 6 for evacuation
[3310.772s][info][gc,phases      ] GC(720)   Pre Evacuate Collection Set: 0.39ms
[3310.772s][info][gc,phases      ] GC(720)   Merge Heap Roots: 0.61ms
[3310.772s][info][gc,phases      ] GC(720)   Evacuate Collection Set: 127.85ms
[3310.772s][info][gc,phases      ] GC(720)   Post Evacuate Collection Set: 0.96ms
[3310.772s][info][gc,phases      ] GC(720)   Other: 0.09ms
[3310.772s][info][gc,heap        ] GC(720) Eden regions: 1114->0(1119)
[3310.772s][info][gc,heap        ] GC(720) Survivor regions: 108->109(153)
[3310.772s][info][gc,heap        ] GC(720) Old regions: 535->471
[3310.772s][info][gc,heap        ] GC(720) Humongous regions: 80->80
[3310.772s][info][gc,metaspace   ] GC(720) Metaspace: 28931K(29312K)->28931K(29312K) NonClass: 24063K(24256K)->24063K(24256K) Class: 4868K(5056K)->4868K(5056K)
[3310.772s][info][gc             ] GC(720) Pause Young (Mixed) (G1 Evacuation Pause) 3672M->1318M(4096M) 130.045ms
[3310.772s][info][gc,cpu         ] GC(720) User=0.77s Sys=0.00s Real=0.13s
...[3313.938s][info][gc,start       ] GC(721) Pause Young (Concurrent Start) (G1 Evacuation Pause)
[3313.939s][info][gc,task        ] GC(721) Using 6 workers of 6 for evacuation
[3314.060s][info][gc,phases      ] GC(721)   Pre Evacuate Collection Set: 0.39ms
[3314.060s][info][gc,phases      ] GC(721)   Merge Heap Roots: 0.49ms
[3314.060s][info][gc,phases      ] GC(721)   Evacuate Collection Set: 119.10ms
[3314.060s][info][gc,phases      ] GC(721)   Post Evacuate Collection Set: 0.90ms
[3314.060s][info][gc,phases      ] GC(721)   Other: 0.14ms
[3314.060s][info][gc,heap        ] GC(721) Eden regions: 1119->0(1116)
[3314.060s][info][gc,heap        ] GC(721) Survivor regions: 109->112(154)
[3314.060s][info][gc,heap        ] GC(721) Old regions: 471->503
[3314.060s][info][gc,heap        ] GC(721) Humongous regions: 80->80
[3314.060s][info][gc,metaspace   ] GC(721) Metaspace: 28931K(29312K)->28931K(29312K) NonClass: 24063K(24256K)->24063K(24256K) Class: 4868K(5056K)->4868K(5056K)
[3314.060s][info][gc             ] GC(721) Pause Young (Concurrent Start) (G1 Evacuation Pause) 3556M->1389M(4096M) 121.182ms
[3314.060s][info][gc             ] GC(722) Concurrent Mark Cycle
[3314.060s][info][gc,marking     ] GC(722) Concurrent Scan Root Regions
[3314.060s][info][gc,cpu         ] GC(721) User=0.71s Sys=0.00s Real=0.12s
.[3314.242s][info][gc,marking     ] GC(722) Concurrent Scan Root Regions 182.097ms
[3314.242s][info][gc,marking     ] GC(722) Concurrent Mark
[3314.242s][info][gc,marking     ] GC(722) Concurrent Mark From Roots
[3314.242s][info][gc,task        ] GC(722) Using 2 workers of 2 for marking
[3315.006s][info][gc,marking     ] GC(722) Concurrent Mark From Roots 763.814ms
[3315.006s][info][gc,marking     ] GC(722) Concurrent Preclean
[3315.006s][info][gc,marking     ] GC(722) Concurrent Preclean 0.085ms
[3315.006s][info][gc,start       ] GC(722) Pause Remark
[3315.011s][info][gc             ] GC(722) Pause Remark 2045M->2045M(4096M) 5.483ms
[3315.011s][info][gc,cpu         ] GC(722) User=0.03s Sys=0.00s Real=0.00s
[3315.012s][info][gc,marking     ] GC(722) Concurrent Mark 769.661ms
[3315.012s][info][gc,marking     ] GC(722) Concurrent Rebuild Remembered Sets and Scrub Regions
.[3315.273s][info][gc,marking     ] GC(722) Concurrent Rebuild Remembered Sets and Scrub Regions 261.463ms
[3315.273s][info][gc,start       ] GC(722) Pause Cleanup
[3315.273s][info][gc             ] GC(722) Pause Cleanup 2237M->2237M(4096M) 0.116ms
[3315.273s][info][gc,cpu         ] GC(722) User=0.00s Sys=0.00s Real=0.00s
[3315.273s][info][gc,marking     ] GC(722) Concurrent Clear Claimed Marks
[3315.273s][info][gc,marking     ] GC(722) Concurrent Clear Claimed Marks 0.022ms
[3315.273s][info][gc,marking     ] GC(722) Concurrent Cleanup for Next Mark
[3315.277s][info][gc,marking     ] GC(722) Concurrent Cleanup for Next Mark 3.256ms
[3315.277s][info][gc             ] GC(722) Concurrent Mark Cycle 1216.939ms
..[3317.304s][info][gc,start       ] GC(723) Pause Young (Prepare Mixed) (G1 Evacuation Pause)
[3317.304s][info][gc,task        ] GC(723) Using 6 workers of 6 for evacuation
[3317.421s][info][gc,phases      ] GC(723)   Pre Evacuate Collection Set: 0.35ms
[3317.421s][info][gc,phases      ] GC(723)   Merge Heap Roots: 0.55ms
[3317.421s][info][gc,phases      ] GC(723)   Evacuate Collection Set: 115.64ms
[3317.421s][info][gc,phases      ] GC(723)   Post Evacuate Collection Set: 0.95ms
[3317.421s][info][gc,phases      ] GC(723)   Other: 0.09ms
[3317.421s][info][gc,heap        ] GC(723) Eden regions: 1116->0(1110)
[3317.421s][info][gc,heap        ] GC(723) Survivor regions: 112->110(154)
[3317.421s][info][gc,heap        ] GC(723) Old regions: 503->535
[3317.421s][info][gc,heap        ] GC(723) Humongous regions: 80->80
[3317.421s][info][gc,metaspace   ] GC(723) Metaspace: 28931K(29312K)->28931K(29312K) NonClass: 24063K(24256K)->24063K(24256K) Class: 4868K(5056K)->4868K(5056K)
[3317.421s][info][gc             ] GC(723) Pause Young (Prepare Mixed) (G1 Evacuation Pause) 3621M->1448M(4096M) 117.727ms
[3317.421s][info][gc,cpu         ] GC(723) User=0.69s Sys=0.00s Real=0.11s
...[3320.598s][info][gc,start       ] GC(724) Pause Young (Mixed) (G1 Evacuation Pause)
[3320.598s][info][gc,task        ] GC(724) Using 6 workers of 6 for evacuation
[3320.736s][info][gc,phases      ] GC(724)   Pre Evacuate Collection Set: 0.39ms
[3320.736s][info][gc,phases      ] GC(724)   Merge Heap Roots: 0.70ms
[3320.736s][info][gc,phases      ] GC(724)   Evacuate Collection Set: 135.08ms
[3320.736s][info][gc,phases      ] GC(724)   Post Evacuate Collection Set: 1.02ms
[3320.736s][info][gc,phases      ] GC(724)   Other: 0.10ms
[3320.736s][info][gc,heap        ] GC(724) Eden regions: 1110->0(1117)
[3320.736s][info][gc,heap        ] GC(724) Survivor regions: 110->111(153)
[3320.736s][info][gc,heap        ] GC(724) Old regions: 535->471
[3320.736s][info][gc,heap        ] GC(724) Humongous regions: 80->80
[3320.736s][info][gc,metaspace   ] GC(724) Metaspace: 28931K(29312K)->28931K(29312K) NonClass: 24063K(24256K)->24063K(24256K) Class: 4868K(5056K)->4868K(5056K)
[3320.736s][info][gc             ] GC(724) Pause Young (Mixed) (G1 Evacuation Pause) 3668M->1323M(4096M) 137.410ms
[3320.736s][info][gc,cpu         ] GC(724) User=0.81s Sys=0.00s Real=0.14s
...[3323.939s][info][gc,start       ] GC(725) Pause Young (Concurrent Start) (G1 Evacuation Pause)
[3323.939s][info][gc,task        ] GC(725) Using 6 workers of 6 for evacuation
[3324.057s][info][gc,phases      ] GC(725)   Pre Evacuate Collection Set: 0.39ms
[3324.057s][info][gc,phases      ] GC(725)   Merge Heap Roots: 0.50ms
[3324.057s][info][gc,phases      ] GC(725)   Evacuate Collection Set: 116.77ms
[3324.057s][info][gc,phases      ] GC(725)   Post Evacuate Collection Set: 0.89ms
[3324.057s][info][gc,phases      ] GC(725)   Other: 0.12ms
[3324.057s][info][gc,heap        ] GC(725) Eden regions: 1117->0(1119)
[3324.057s][info][gc,heap        ] GC(725) Survivor regions: 111->109(154)
[3324.057s][info][gc,heap        ] GC(725) Old regions: 471->503
[3324.057s][info][gc,heap        ] GC(725) Humongous regions: 80->80
[3324.057s][info][gc,metaspace   ] GC(725) Metaspace: 28931K(29312K)->28931K(29312K) NonClass: 24063K(24256K)->24063K(24256K) Class: 4868K(5056K)->4868K(5056K)
[3324.057s][info][gc             ] GC(725) Pause Young (Concurrent Start) (G1 Evacuation Pause) 3557M->1382M(4096M) 118.806ms
[3324.057s][info][gc             ] GC(726) Concurrent Mark Cycle
[3324.057s][info][gc,marking     ] GC(726) Concurrent Scan Root Regions
[3324.057s][info][gc,cpu         ] GC(725) User=0.70s Sys=0.00s Real=0.12s
.[3324.207s][info][gc,marking     ] GC(726) Concurrent Scan Root Regions 149.825ms
[3324.207s][info][gc,marking     ] GC(726) Concurrent Mark
[3324.207s][info][gc,marking     ] GC(726) Concurrent Mark From Roots
[3324.207s][info][gc,task        ] GC(726) Using 2 workers of 2 for marking
[3325.017s][info][gc,marking     ] GC(726) Concurrent Mark From Roots 809.644ms
[3325.017s][info][gc,marking     ] GC(726) Concurrent Preclean
[3325.017s][info][gc,marking     ] GC(726) Concurrent Preclean 0.117ms
[3325.018s][info][gc,start       ] GC(726) Pause Remark
[3325.024s][info][gc             ] GC(726) Pause Remark 2084M->2084M(4096M) 6.127ms
[3325.024s][info][gc,cpu         ] GC(726) User=0.04s Sys=0.00s Real=0.01s
[3325.024s][info][gc,marking     ] GC(726) Concurrent Mark 817.076ms
[3325.024s][info][gc,marking     ] GC(726) Concurrent Rebuild Remembered Sets and Scrub Regions
.[3325.280s][info][gc,marking     ] GC(726) Concurrent Rebuild Remembered Sets and Scrub Regions 255.555ms
[3325.280s][info][gc,start       ] GC(726) Pause Cleanup
[3325.280s][info][gc             ] GC(726) Pause Cleanup 2275M->2275M(4096M) 0.105ms
[3325.280s][info][gc,cpu         ] GC(726) User=0.00s Sys=0.00s Real=0.00s
[3325.280s][info][gc,marking     ] GC(726) Concurrent Clear Claimed Marks
[3325.280s][info][gc,marking     ] GC(726) Concurrent Clear Claimed Marks 0.028ms
[3325.280s][info][gc,marking     ] GC(726) Concurrent Cleanup for Next Mark
[3325.284s][info][gc,marking     ] GC(726) Concurrent Cleanup for Next Mark 3.959ms
[3325.284s][info][gc             ] GC(726) Concurrent Mark Cycle 1226.981ms
..[3327.220s][info][gc,start       ] GC(727) Pause Young (Prepare Mixed) (G1 Evacuation Pause)
[3327.220s][info][gc,task        ] GC(727) Using 6 workers of 6 for evacuation
[3327.335s][info][gc,phases      ] GC(727)   Pre Evacuate Collection Set: 0.34ms
[3327.335s][info][gc,phases      ] GC(727)   Merge Heap Roots: 0.47ms
[3327.335s][info][gc,phases      ] GC(727)   Evacuate Collection Set: 113.16ms
[3327.335s][info][gc,phases      ] GC(727)   Post Evacuate Collection Set: 0.92ms
[3327.335s][info][gc,phases      ] GC(727)   Other: 0.09ms
[3327.335s][info][gc,heap        ] GC(727) Eden regions: 1119->0(1114)
[3327.335s][info][gc,heap        ] GC(727) Survivor regions: 109->108(154)
[3327.335s][info][gc,heap        ] GC(727) Old regions: 503->535
[3327.335s][info][gc,heap        ] GC(727) Humongous regions: 80->80
[3327.335s][info][gc,metaspace   ] GC(727) Metaspace: 28931K(29312K)->28931K(29312K) NonClass: 24063K(24256K)->24063K(24256K) Class: 4868K(5056K)->4868K(5056K)
[3327.335s][info][gc             ] GC(727) Pause Young (Prepare Mixed) (G1 Evacuation Pause) 3620M->1443M(4096M) 115.113ms
[3327.335s][info][gc,cpu         ] GC(727) User=0.69s Sys=0.00s Real=0.12s
...[3330.614s][info][gc,start       ] GC(728) Pause Young (Mixed) (G1 Evacuation Pause)
[3330.614s][info][gc,task        ] GC(728) Using 6 workers of 6 for evacuation
[3330.746s][info][gc,phases      ] GC(728)   Pre Evacuate Collection Set: 0.37ms
[3330.746s][info][gc,phases      ] GC(728)   Merge Heap Roots: 0.57ms
[3330.746s][info][gc,phases      ] GC(728)   Evacuate Collection Set: 129.48ms
[3330.746s][info][gc,phases      ] GC(728)   Post Evacuate Collection Set: 0.97ms
[3330.746s][info][gc,phases      ] GC(728)   Other: 0.09ms
[3330.746s][info][gc,heap        ] GC(728) Eden regions: 1114->0(1118)
[3330.746s][info][gc,heap        ] GC(728) Survivor regions: 108->110(153)
[3330.746s][info][gc,heap        ] GC(728) Old regions: 535->473
[3330.746s][info][gc,heap        ] GC(728) Humongous regions: 80->80
[3330.746s][info][gc,metaspace   ] GC(728) Metaspace: 28931K(29312K)->28931K(29312K) NonClass: 24063K(24256K)->24063K(24256K) Class: 4868K(5056K)->4868K(5056K)
[3330.746s][info][gc             ] GC(728) Pause Young (Mixed) (G1 Evacuation Pause) 3671M->1323M(4096M) 131.633ms
[3330.746s][info][gc,cpu         ] GC(728) User=0.78s Sys=0.00s Real=0.13s
...[3333.893s][info][gc,start       ] GC(729) Pause Young (Concurrent Start) (G1 Evacuation Pause)
[3333.893s][info][gc,task        ] GC(729) Using 6 workers of 6 for evacuation
[3334.014s][info][gc,phases      ] GC(729)   Pre Evacuate Collection Set: 0.37ms
[3334.014s][info][gc,phases      ] GC(729)   Merge Heap Roots: 0.44ms
[3334.014s][info][gc,phases      ] GC(729)   Evacuate Collection Set: 118.33ms
[3334.014s][info][gc,phases      ] GC(729)   Post Evacuate Collection Set: 0.89ms
[3334.014s][info][gc,phases      ] GC(729)   Other: 0.08ms
[3334.014s][info][gc,heap        ] GC(729) Eden regions: 1118->0(1116)
[3334.014s][info][gc,heap        ] GC(729) Survivor regions: 110->112(154)
[3334.014s][info][gc,heap        ] GC(729) Old regions: 473->505
[3334.014s][info][gc,heap        ] GC(729) Humongous regions: 80->80
[3334.014s][info][gc,metaspace   ] GC(729) Metaspace: 28931K(29312K)->28931K(29312K) NonClass: 24063K(24256K)->24063K(24256K) Class: 4868K(5056K)->4868K(5056K)
[3334.014s][info][gc             ] GC(729) Pause Young (Concurrent Start) (G1 Evacuation Pause) 3559M->1392M(4096M) 120.257ms
[3334.014s][info][gc             ] GC(730) Concurrent Mark Cycle
[3334.014s][info][gc,marking     ] GC(730) Concurrent Scan Root Regions
[3334.014s][info][gc,cpu         ] GC(729) User=0.71s Sys=0.00s Real=0.12s
[3334.190s][info][gc,marking     ] GC(730) Concurrent Scan Root Regions 175.906ms
[3334.190s][info][gc,marking     ] GC(730) Concurrent Mark
[3334.190s][info][gc,marking     ] GC(730) Concurrent Mark From Roots
[3334.190s][info][gc,task        ] GC(730) Using 2 workers of 2 for marking
.[3334.959s][info][gc,marking     ] GC(730) Concurrent Mark From Roots 768.990ms
[3334.959s][info][gc,marking     ] GC(730) Concurrent Preclean
[3334.959s][info][gc,marking     ] GC(730) Concurrent Preclean 0.114ms
[3334.959s][info][gc,start       ] GC(730) Pause Remark
[3334.964s][info][gc             ] GC(730) Pause Remark 2054M->2054M(4096M) 4.506ms
[3334.964s][info][gc,cpu         ] GC(730) User=0.02s Sys=0.00s Real=0.01s
[3334.964s][info][gc,marking     ] GC(730) Concurrent Mark 774.389ms
[3334.964s][info][gc,marking     ] GC(730) Concurrent Rebuild Remembered Sets and Scrub Regions
.[3335.237s][info][gc,marking     ] GC(730) Concurrent Rebuild Remembered Sets and Scrub Regions 272.734ms
[3335.237s][info][gc,start       ] GC(730) Pause Cleanup
[3335.237s][info][gc             ] GC(730) Pause Cleanup 2266M->2266M(4096M) 0.114ms
[3335.237s][info][gc,cpu         ] GC(730) User=0.00s Sys=0.00s Real=0.00s
[3335.238s][info][gc,marking     ] GC(730) Concurrent Clear Claimed Marks
[3335.238s][info][gc,marking     ] GC(730) Concurrent Clear Claimed Marks 0.032ms
[3335.238s][info][gc,marking     ] GC(730) Concurrent Cleanup for Next Mark
[3335.242s][info][gc,marking     ] GC(730) Concurrent Cleanup for Next Mark 4.805ms
[3335.242s][info][gc             ] GC(730) Concurrent Mark Cycle 1228.786ms
.[3337.220s][info][gc,start       ] GC(731) Pause Young (Prepare Mixed) (G1 Evacuation Pause)
[3337.220s][info][gc,task        ] GC(731) Using 6 workers of 6 for evacuation
[3337.338s][info][gc,phases      ] GC(731)   Pre Evacuate Collection Set: 0.35ms
[3337.338s][info][gc,phases      ] GC(731)   Merge Heap Roots: 0.51ms
[3337.338s][info][gc,phases      ] GC(731)   Evacuate Collection Set: 116.45ms
[3337.338s][info][gc,phases      ] GC(731)   Post Evacuate Collection Set: 0.93ms
[3337.338s][info][gc,phases      ] GC(731)   Other: 0.10ms
[3337.338s][info][gc,heap        ] GC(731) Eden regions: 1116->0(1109)
[3337.338s][info][gc,heap        ] GC(731) Survivor regions: 112->109(154)
[3337.338s][info][gc,heap        ] GC(731) Old regions: 505->538
[3337.338s][info][gc,heap        ] GC(731) Humongous regions: 80->80
[3337.338s][info][gc,metaspace   ] GC(731) Metaspace: 28931K(29312K)->28931K(29312K) NonClass: 24063K(24256K)->24063K(24256K) Class: 4868K(5056K)->4868K(5056K)
[3337.338s][info][gc             ] GC(731) Pause Young (Prepare Mixed) (G1 Evacuation Pause) 3624M->1451M(4096M) 118.466ms
[3337.338s][info][gc,cpu         ] GC(731) User=0.70s Sys=0.00s Real=0.12s
....[3340.561s][info][gc,start       ] GC(732) Pause Young (Mixed) (G1 Evacuation Pause)
[3340.561s][info][gc,task        ] GC(732) Using 6 workers of 6 for evacuation
[3340.696s][info][gc,phases      ] GC(732)   Pre Evacuate Collection Set: 0.36ms
[3340.696s][info][gc,phases      ] GC(732)   Merge Heap Roots: 0.73ms
[3340.696s][info][gc,phases      ] GC(732)   Evacuate Collection Set: 132.80ms
[3340.696s][info][gc,phases      ] GC(732)   Post Evacuate Collection Set: 0.95ms
[3340.696s][info][gc,phases      ] GC(732)   Other: 0.09ms
[3340.696s][info][gc,heap        ] GC(732) Eden regions: 1109->0(1118)
[3340.696s][info][gc,heap        ] GC(732) Survivor regions: 109->110(153)
[3340.696s][info][gc,heap        ] GC(732) Old regions: 538->472
[3340.696s][info][gc,heap        ] GC(732) Humongous regions: 80->80
[3340.696s][info][gc,metaspace   ] GC(732) Metaspace: 28931K(29312K)->28931K(29312K) NonClass: 24063K(24256K)->24063K(24256K) Class: 4868K(5056K)->4868K(5056K)
[3340.696s][info][gc             ] GC(732) Pause Young (Mixed) (G1 Evacuation Pause) 3669M->1323M(4096M) 135.089ms
[3340.696s][info][gc,cpu         ] GC(732) User=0.80s Sys=0.00s Real=0.14s
...[3343.836s][info][gc,start       ] GC(733) Pause Young (Concurrent Start) (G1 Evacuation Pause)
[3343.836s][info][gc,task        ] GC(733) Using 6 workers of 6 for evacuation
[3343.953s][info][gc,phases      ] GC(733)   Pre Evacuate Collection Set: 0.40ms
[3343.953s][info][gc,phases      ] GC(733)   Merge Heap Roots: 0.45ms
[3343.953s][info][gc,phases      ] GC(733)   Evacuate Collection Set: 114.91ms
[3343.953s][info][gc,phases      ] GC(733)   Post Evacuate Collection Set: 0.91ms
[3343.953s][info][gc,phases      ] GC(733)   Other: 0.11ms
[3343.953s][info][gc,heap        ] GC(733) Eden regions: 1118->0(1118)
[3343.953s][info][gc,heap        ] GC(733) Survivor regions: 110->110(154)
[3343.953s][info][gc,heap        ] GC(733) Old regions: 472->504
[3343.953s][info][gc,heap        ] GC(733) Humongous regions: 80->80
[3343.953s][info][gc,metaspace   ] GC(733) Metaspace: 28931K(29312K)->28931K(29312K) NonClass: 24063K(24256K)->24063K(24256K) Class: 4868K(5056K)->4868K(5056K)
[3343.953s][info][gc             ] GC(733) Pause Young (Concurrent Start) (G1 Evacuation Pause) 3559M->1386M(4096M) 116.908ms
[3343.953s][info][gc             ] GC(734) Concurrent Mark Cycle
[3343.953s][info][gc,marking     ] GC(734) Concurrent Scan Root Regions
[3343.953s][info][gc,cpu         ] GC(733) User=0.70s Sys=0.00s Real=0.12s
[3344.096s][info][gc,marking     ] GC(734) Concurrent Scan Root Regions 143.721ms
[3344.097s][info][gc,marking     ] GC(734) Concurrent Mark
[3344.097s][info][gc,marking     ] GC(734) Concurrent Mark From Roots
[3344.097s][info][gc,task        ] GC(734) Using 2 workers of 2 for marking
.[3344.759s][info][gc,marking     ] GC(734) Concurrent Mark From Roots 662.232ms
[3344.759s][info][gc,marking     ] GC(734) Concurrent Preclean
[3344.759s][info][gc,marking     ] GC(734) Concurrent Preclean 0.077ms
[3344.759s][info][gc,start       ] GC(734) Pause Remark
[3344.764s][info][gc             ] GC(734) Pause Remark 2022M->2022M(4096M) 5.135ms
[3344.764s][info][gc,cpu         ] GC(734) User=0.03s Sys=0.00s Real=0.01s
[3344.764s][info][gc,marking     ] GC(734) Concurrent Mark 667.682ms
[3344.764s][info][gc,marking     ] GC(734) Concurrent Rebuild Remembered Sets and Scrub Regions
[3344.969s][info][gc,marking     ] GC(734) Concurrent Rebuild Remembered Sets and Scrub Regions 204.742ms
[3344.969s][info][gc,start       ] GC(734) Pause Cleanup
[3344.969s][info][gc             ] GC(734) Pause Cleanup 2151M->2151M(4096M) 0.111ms
[3344.969s][info][gc,cpu         ] GC(734) User=0.00s Sys=0.00s Real=0.00s
[3344.970s][info][gc,marking     ] GC(734) Concurrent Clear Claimed Marks
[3344.970s][info][gc,marking     ] GC(734) Concurrent Clear Claimed Marks 0.036ms
[3344.970s][info][gc,marking     ] GC(734) Concurrent Cleanup for Next Mark
[3344.978s][info][gc,marking     ] GC(734) Concurrent Cleanup for Next Mark 7.311ms
[3344.978s][info][gc             ] GC(734) Concurrent Mark Cycle 1024.922ms
..[3347.158s][info][gc,start       ] GC(735) Pause Young (Prepare Mixed) (G1 Evacuation Pause)
[3347.158s][info][gc,task        ] GC(735) Using 6 workers of 6 for evacuation
[3347.274s][info][gc,phases      ] GC(735)   Pre Evacuate Collection Set: 0.34ms
[3347.274s][info][gc,phases      ] GC(735)   Merge Heap Roots: 0.53ms
[3347.274s][info][gc,phases      ] GC(735)   Evacuate Collection Set: 114.08ms
[3347.274s][info][gc,phases      ] GC(735)   Post Evacuate Collection Set: 0.93ms
[3347.274s][info][gc,phases      ] GC(735)   Other: 0.08ms
[3347.274s][info][gc,heap        ] GC(735) Eden regions: 1118->0(1115)
[3347.274s][info][gc,heap        ] GC(735) Survivor regions: 110->107(154)
[3347.274s][info][gc,heap        ] GC(735) Old regions: 504->536
[3347.274s][info][gc,heap        ] GC(735) Humongous regions: 80->80
[3347.274s][info][gc,metaspace   ] GC(735) Metaspace: 28931K(29312K)->28931K(29312K) NonClass: 24063K(24256K)->24063K(24256K) Class: 4868K(5056K)->4868K(5056K)
[3347.274s][info][gc             ] GC(735) Pause Young (Prepare Mixed) (G1 Evacuation Pause) 3622M->1445M(4096M) 116.120ms
[3347.274s][info][gc,cpu         ] GC(735) User=0.69s Sys=0.00s Real=0.12s
. (rIR:aIR:PR = 5673:5673:5673) (tPR = 84147) [OK] 
  3347s: Performance info:
         Transaction,    Success,    Partial,     Failed,   Receipts, AvgBarcode, 
             Overall,     343375,          0,          0,     326230,      59.48, 
         Response times:
             Request,    Success,    Partial,     Failed,   SkipFail,     Probes,    Samples,      min,      p50,      p90,      p95,      p99,      max, 
       TotalPurchase,     326230,          0,          0,          0,     319957,     342570,      300,     4800,    12300,    27000,    68000,   210000,
     InStorePurchase,     171677,          0,          0,          0,     168730,     180513,      300,     4500,    12000,    26000,    67000,   210000,
      OnlinePurchase,     120187,          0,          0,          0,     117963,     126200,      300,     4900,    12500,    28000,    70000,   209000,
        InstPurchase,      34366,          0,          0,          0,      33264,      35857,      400,     5300,    13300,    27100,    70000,   192000,
          AssocOfCat,        343,          0,          0,          0,        249,        332,    21000,    33000,    55700,    67000,   124730,   183000,
      AssocOfProduct,       3428,          0,          0,          0,       3207,       3615,      800,     4400,    11200,    24200,    71840,   175000,
      BusinessReport,        856,          0,          0,          0,        742,        902,    26000,    38000,    62000,    86000,   184970,   258000,
          CustBuyBeh,       3431,          0,          0,          0,       3140,       3508,      200,     2300,     7510,    17310,    63000,   145000,
       ProductReturn,       9088,          0,          0,          0,       8778,       9692,      300,     5100,    12800,    28000,    75000,   150000,

  3347s: (42%)   IR =   5812 ..[3350.421s][info][gc,start       ] GC(736) Pause Young (Mixed) (G1 Evacuation Pause)
[3350.421s][info][gc,task        ] GC(736) Using 6 workers of 6 for evacuation
[3350.552s][info][gc,phases      ] GC(736)   Pre Evacuate Collection Set: 0.37ms
[3350.552s][info][gc,phases      ] GC(736)   Merge Heap Roots: 0.60ms
[3350.552s][info][gc,phases      ] GC(736)   Evacuate Collection Set: 128.85ms
[3350.552s][info][gc,phases      ] GC(736)   Post Evacuate Collection Set: 0.94ms
[3350.552s][info][gc,phases      ] GC(736)   Other: 0.09ms
[3350.552s][info][gc,heap        ] GC(736) Eden regions: 1115->0(1119)
[3350.552s][info][gc,heap        ] GC(736) Survivor regions: 107->109(153)
[3350.552s][info][gc,heap        ] GC(736) Old regions: 536->472
[3350.552s][info][gc,heap        ] GC(736) Humongous regions: 80->80
[3350.552s][info][gc,metaspace   ] GC(736) Metaspace: 28931K(29312K)->28931K(29312K) NonClass: 24063K(24256K)->24063K(24256K) Class: 4868K(5056K)->4868K(5056K)
[3350.552s][info][gc             ] GC(736) Pause Young (Mixed) (G1 Evacuation Pause) 3675M->1320M(4096M) 130.974ms
[3350.552s][info][gc,cpu         ] GC(736) User=0.78s Sys=0.00s Real=0.13s
....|[3353.692s][info][gc,start       ] GC(737) Pause Young (Concurrent Start) (G1 Evacuation Pause)
[3353.692s][info][gc,task        ] GC(737) Using 6 workers of 6 for evacuation
[3353.810s][info][gc,phases      ] GC(737)   Pre Evacuate Collection Set: 0.36ms
[3353.810s][info][gc,phases      ] GC(737)   Merge Heap Roots: 0.47ms
[3353.810s][info][gc,phases      ] GC(737)   Evacuate Collection Set: 115.59ms
[3353.810s][info][gc,phases      ] GC(737)   Post Evacuate Collection Set: 0.88ms
[3353.810s][info][gc,phases      ] GC(737)   Other: 0.11ms
[3353.810s][info][gc,heap        ] GC(737) Eden regions: 1119->0(1118)
[3353.810s][info][gc,heap        ] GC(737) Survivor regions: 109->110(154)
[3353.810s][info][gc,heap        ] GC(737) Old regions: 472->504
[3353.810s][info][gc,heap        ] GC(737) Humongous regions: 80->80
[3353.810s][info][gc,metaspace   ] GC(737) Metaspace: 28931K(29312K)->28931K(29312K) NonClass: 24063K(24256K)->24063K(24256K) Class: 4868K(5056K)->4868K(5056K)
[3353.810s][info][gc             ] GC(737) Pause Young (Concurrent Start) (G1 Evacuation Pause) 3558M->1385M(4096M) 117.586ms
[3353.810s][info][gc             ] GC(738) Concurrent Mark Cycle
[3353.810s][info][gc,marking     ] GC(738) Concurrent Scan Root Regions
[3353.810s][info][gc,cpu         ] GC(737) User=0.69s Sys=0.00s Real=0.12s
[3353.977s][info][gc,marking     ] GC(738) Concurrent Scan Root Regions 167.405ms
[3353.977s][info][gc,marking     ] GC(738) Concurrent Mark
[3353.977s][info][gc,marking     ] GC(738) Concurrent Mark From Roots
[3353.977s][info][gc,task        ] GC(738) Using 2 workers of 2 for marking
.[3354.655s][info][gc,marking     ] GC(738) Concurrent Mark From Roots 678.297ms
[3354.655s][info][gc,marking     ] GC(738) Concurrent Preclean
[3354.656s][info][gc,marking     ] GC(738) Concurrent Preclean 0.171ms
[3354.656s][info][gc,start       ] GC(738) Pause Remark
[3354.662s][info][gc             ] GC(738) Pause Remark 2059M->2059M(4096M) 5.474ms
[3354.662s][info][gc,cpu         ] GC(738) User=0.03s Sys=0.00s Real=0.00s
[3354.662s][info][gc,marking     ] GC(738) Concurrent Mark 684.633ms
[3354.662s][info][gc,marking     ] GC(738) Concurrent Rebuild Remembered Sets and Scrub Regions
[3354.910s][info][gc,marking     ] GC(738) Concurrent Rebuild Remembered Sets and Scrub Regions 248.448ms
[3354.910s][info][gc,start       ] GC(738) Pause Cleanup
[3354.911s][info][gc             ] GC(738) Pause Cleanup 2239M->2239M(4096M) 0.097ms
[3354.911s][info][gc,cpu         ] GC(738) User=0.00s Sys=0.00s Real=0.00s
[3354.911s][info][gc,marking     ] GC(738) Concurrent Clear Claimed Marks
[3354.911s][info][gc,marking     ] GC(738) Concurrent Clear Claimed Marks 0.021ms
[3354.911s][info][gc,marking     ] GC(738) Concurrent Cleanup for Next Mark
[3354.915s][info][gc,marking     ] GC(738) Concurrent Cleanup for Next Mark 4.358ms
[3354.915s][info][gc             ] GC(738) Concurrent Mark Cycle 1105.291ms
..[3356.885s][info][gc,start       ] GC(739) Pause Young (Prepare Mixed) (G1 Evacuation Pause)
[3356.885s][info][gc,task        ] GC(739) Using 6 workers of 6 for evacuation
[3357.004s][info][gc,phases      ] GC(739)   Pre Evacuate Collection Set: 0.33ms
[3357.004s][info][gc,phases      ] GC(739)   Merge Heap Roots: 0.52ms
[3357.004s][info][gc,phases      ] GC(739)   Evacuate Collection Set: 116.29ms
[3357.004s][info][gc,phases      ] GC(739)   Post Evacuate Collection Set: 0.92ms
[3357.004s][info][gc,phases      ] GC(739)   Other: 0.09ms
[3357.004s][info][gc,heap        ] GC(739) Eden regions: 1118->0(1109)
[3357.004s][info][gc,heap        ] GC(739) Survivor regions: 110->110(154)
[3357.004s][info][gc,heap        ] GC(739) Old regions: 504->536
[3357.004s][info][gc,heap        ] GC(739) Humongous regions: 80->80
[3357.004s][info][gc,metaspace   ] GC(739) Metaspace: 28931K(29312K)->28931K(29312K) NonClass: 24063K(24256K)->24063K(24256K) Class: 4868K(5056K)->4868K(5056K)
[3357.004s][info][gc             ] GC(739) Pause Young (Prepare Mixed) (G1 Evacuation Pause) 3621M->1450M(4096M) 118.271ms
[3357.004s][info][gc,cpu         ] GC(739) User=0.70s Sys=0.00s Real=0.12s
...[3360.115s][info][gc,start       ] GC(740) Pause Young (Mixed) (G1 Evacuation Pause)
[3360.115s][info][gc,task        ] GC(740) Using 6 workers of 6 for evacuation
[3360.255s][info][gc,phases      ] GC(740)   Pre Evacuate Collection Set: 0.41ms
[3360.255s][info][gc,phases      ] GC(740)   Merge Heap Roots: 0.64ms
[3360.255s][info][gc,phases      ] GC(740)   Evacuate Collection Set: 138.49ms
[3360.255s][info][gc,phases      ] GC(740)   Post Evacuate Collection Set: 0.96ms
[3360.255s][info][gc,phases      ] GC(740)   Other: 0.09ms
[3360.255s][info][gc,heap        ] GC(740) Eden regions: 1109->0(1116)
[3360.255s][info][gc,heap        ] GC(740) Survivor regions: 110->112(153)
[3360.255s][info][gc,heap        ] GC(740) Old regions: 536->473
[3360.255s][info][gc,heap        ] GC(740) Humongous regions: 80->80
[3360.255s][info][gc,metaspace   ] GC(740) Metaspace: 28931K(29312K)->28931K(29312K) NonClass: 24063K(24256K)->24063K(24256K) Class: 4868K(5056K)->4868K(5056K)
[3360.255s][info][gc             ] GC(740) Pause Young (Mixed) (G1 Evacuation Pause) 3668M->1328M(4096M) 140.732ms
[3360.255s][info][gc,cpu         ] GC(740) User=0.84s Sys=0.00s Real=0.14s
...[3363.299s][info][gc,start       ] GC(741) Pause Young (Concurrent Start) (G1 Evacuation Pause)
[3363.299s][info][gc,task        ] GC(741) Using 6 workers of 6 for evacuation
[3363.418s][info][gc,phases      ] GC(741)   Pre Evacuate Collection Set: 0.35ms
[3363.418s][info][gc,phases      ] GC(741)   Merge Heap Roots: 0.44ms
[3363.418s][info][gc,phases      ] GC(741)   Evacuate Collection Set: 117.77ms
[3363.418s][info][gc,phases      ] GC(741)   Post Evacuate Collection Set: 0.89ms
[3363.418s][info][gc,phases      ] GC(741)   Other: 0.10ms
[3363.418s][info][gc,heap        ] GC(741) Eden regions: 1116->0(1118)
[3363.418s][info][gc,heap        ] GC(741) Survivor regions: 112->110(154)
[3363.418s][info][gc,heap        ] GC(741) Old regions: 473->504
[3363.418s][info][gc,heap        ] GC(741) Humongous regions: 80->80
[3363.418s][info][gc,metaspace   ] GC(741) Metaspace: 28931K(29312K)->28931K(29312K) NonClass: 24063K(24256K)->24063K(24256K) Class: 4868K(5056K)->4868K(5056K)
[3363.418s][info][gc             ] GC(741) Pause Young (Concurrent Start) (G1 Evacuation Pause) 3560M->1386M(4096M) 119.689ms
[3363.418s][info][gc             ] GC(742) Concurrent Mark Cycle
[3363.418s][info][gc,marking     ] GC(742) Concurrent Scan Root Regions
[3363.418s][info][gc,cpu         ] GC(741) User=0.71s Sys=0.00s Real=0.12s
[3363.571s][info][gc,marking     ] GC(742) Concurrent Scan Root Regions 152.620ms
[3363.571s][info][gc,marking     ] GC(742) Concurrent Mark
[3363.571s][info][gc,marking     ] GC(742) Concurrent Mark From Roots
[3363.571s][info][gc,task        ] GC(742) Using 2 workers of 2 for marking
.[3364.242s][info][gc,marking     ] GC(742) Concurrent Mark From Roots 671.525ms
[3364.243s][info][gc,marking     ] GC(742) Concurrent Preclean
[3364.243s][info][gc,marking     ] GC(742) Concurrent Preclean 0.094ms
[3364.244s][info][gc,start       ] GC(742) Pause Remark
[3364.248s][info][gc             ] GC(742) Pause Remark 2004M->2004M(4096M) 4.255ms
[3364.248s][info][gc,cpu         ] GC(742) User=0.03s Sys=0.00s Real=0.00s
[3364.248s][info][gc,marking     ] GC(742) Concurrent Mark 677.133ms
[3364.248s][info][gc,marking     ] GC(742) Concurrent Rebuild Remembered Sets and Scrub Regions
[3364.520s][info][gc,marking     ] GC(742) Concurrent Rebuild Remembered Sets and Scrub Regions 271.464ms
[3364.520s][info][gc,start       ] GC(742) Pause Cleanup
[3364.520s][info][gc             ] GC(742) Pause Cleanup 2225M->2225M(4096M) 0.113ms
[3364.520s][info][gc,cpu         ] GC(742) User=0.00s Sys=0.00s Real=0.00s
[3364.520s][info][gc,marking     ] GC(742) Concurrent Clear Claimed Marks
[3364.520s][info][gc,marking     ] GC(742) Concurrent Clear Claimed Marks 0.025ms
[3364.520s][info][gc,marking     ] GC(742) Concurrent Cleanup for Next Mark
[3364.525s][info][gc,marking     ] GC(742) Concurrent Cleanup for Next Mark 4.685ms
[3364.525s][info][gc             ] GC(742) Concurrent Mark Cycle 1106.588ms
..[3366.557s][info][gc,start       ] GC(743) Pause Young (Prepare Mixed) (G1 Evacuation Pause)
[3366.557s][info][gc,task        ] GC(743) Using 6 workers of 6 for evacuation
[3366.676s][info][gc,phases      ] GC(743)   Pre Evacuate Collection Set: 0.34ms
[3366.676s][info][gc,phases      ] GC(743)   Merge Heap Roots: 0.49ms
[3366.676s][info][gc,phases      ] GC(743)   Evacuate Collection Set: 117.56ms
[3366.676s][info][gc,phases      ] GC(743)   Post Evacuate Collection Set: 0.85ms
[3366.676s][info][gc,phases      ] GC(743)   Other: 0.09ms
[3366.676s][info][gc,heap        ] GC(743) Eden regions: 1118->0(1109)
[3366.676s][info][gc,heap        ] GC(743) Survivor regions: 110->110(154)
[3366.676s][info][gc,heap        ] GC(743) Old regions: 504->536
[3366.676s][info][gc,heap        ] GC(743) Humongous regions: 80->80
[3366.676s][info][gc,metaspace   ] GC(743) Metaspace: 28931K(29312K)->28931K(29312K) NonClass: 24063K(24256K)->24063K(24256K) Class: 4868K(5056K)->4868K(5056K)
[3366.676s][info][gc             ] GC(743) Pause Young (Prepare Mixed) (G1 Evacuation Pause) 3622M->1451M(4096M) 119.484ms
[3366.676s][info][gc,cpu         ] GC(743) User=0.71s Sys=0.00s Real=0.12s
....[3369.787s][info][gc,start       ] GC(744) Pause Young (Mixed) (G1 Evacuation Pause)
[3369.787s][info][gc,task        ] GC(744) Using 6 workers of 6 for evacuation
[3369.922s][info][gc,phases      ] GC(744)   Pre Evacuate Collection Set: 0.38ms
[3369.922s][info][gc,phases      ] GC(744)   Merge Heap Roots: 0.62ms
[3369.922s][info][gc,phases      ] GC(744)   Evacuate Collection Set: 132.69ms
[3369.922s][info][gc,phases      ] GC(744)   Post Evacuate Collection Set: 1.00ms
[3369.922s][info][gc,phases      ] GC(744)   Other: 0.09ms
[3369.922s][info][gc,heap        ] GC(744) Eden regions: 1109->0(1116)
[3369.922s][info][gc,heap        ] GC(744) Survivor regions: 110->112(153)
[3369.922s][info][gc,heap        ] GC(744) Old regions: 536->473
[3369.922s][info][gc,heap        ] GC(744) Humongous regions: 80->80
[3369.922s][info][gc,metaspace   ] GC(744) Metaspace: 28931K(29312K)->28931K(29312K) NonClass: 24063K(24256K)->24063K(24256K) Class: 4868K(5056K)->4868K(5056K)
[3369.922s][info][gc             ] GC(744) Pause Young (Mixed) (G1 Evacuation Pause) 3669M->1327M(4096M) 134.912ms
[3369.922s][info][gc,cpu         ] GC(744) User=0.80s Sys=0.00s Real=0.13s
...[3373.068s][info][gc,start       ] GC(745) Pause Young (Concurrent Start) (G1 Evacuation Pause)
[3373.068s][info][gc,task        ] GC(745) Using 6 workers of 6 for evacuation
[3373.190s][info][gc,phases      ] GC(745)   Pre Evacuate Collection Set: 0.38ms
[3373.190s][info][gc,phases      ] GC(745)   Merge Heap Roots: 0.45ms
[3373.190s][info][gc,phases      ] GC(745)   Evacuate Collection Set: 120.26ms
[3373.190s][info][gc,phases      ] GC(745)   Post Evacuate Collection Set: 0.88ms
[3373.190s][info][gc,phases      ] GC(745)   Other: 0.12ms
[3373.190s][info][gc,heap        ] GC(745) Eden regions: 1116->0(1113)
[3373.190s][info][gc,heap        ] GC(745) Survivor regions: 112->115(154)
[3373.190s][info][gc,heap        ] GC(745) Old regions: 473->505
[3373.190s][info][gc,heap        ] GC(745) Humongous regions: 80->80
[3373.190s][info][gc,metaspace   ] GC(745) Metaspace: 28931K(29312K)->28931K(29312K) NonClass: 24063K(24256K)->24063K(24256K) Class: 4868K(5056K)->4868K(5056K)
[3373.190s][info][gc             ] GC(745) Pause Young (Concurrent Start) (G1 Evacuation Pause) 3559M->1398M(4096M) 122.218ms
[3373.190s][info][gc             ] GC(746) Concurrent Mark Cycle
[3373.190s][info][gc,marking     ] GC(746) Concurrent Scan Root Regions
[3373.190s][info][gc,cpu         ] GC(745) User=0.72s Sys=0.00s Real=0.12s
[3373.337s][info][gc,marking     ] GC(746) Concurrent Scan Root Regions 147.143ms
[3373.337s][info][gc,marking     ] GC(746) Concurrent Mark
[3373.337s][info][gc,marking     ] GC(746) Concurrent Mark From Roots
[3373.337s][info][gc,task        ] GC(746) Using 2 workers of 2 for marking
.[3374.007s][info][gc,marking     ] GC(746) Concurrent Mark From Roots 670.153ms
[3374.008s][info][gc,marking     ] GC(746) Concurrent Preclean
[3374.008s][info][gc,marking     ] GC(746) Concurrent Preclean 0.104ms
[3374.008s][info][gc,start       ] GC(746) Pause Remark
[3374.013s][info][gc             ] GC(746) Pause Remark 2014M->2014M(4096M) 5.064ms
[3374.013s][info][gc,cpu         ] GC(746) User=0.03s Sys=0.00s Real=0.01s
[3374.013s][info][gc,marking     ] GC(746) Concurrent Mark 675.630ms
[3374.013s][info][gc,marking     ] GC(746) Concurrent Rebuild Remembered Sets and Scrub Regions
[3374.260s][info][gc,marking     ] GC(746) Concurrent Rebuild Remembered Sets and Scrub Regions 247.131ms
[3374.261s][info][gc,start       ] GC(746) Pause Cleanup
[3374.261s][info][gc             ] GC(746) Pause Cleanup 2194M->2194M(4096M) 0.117ms
[3374.261s][info][gc,cpu         ] GC(746) User=0.00s Sys=0.00s Real=0.00s
[3374.261s][info][gc,marking     ] GC(746) Concurrent Clear Claimed Marks
[3374.261s][info][gc,marking     ] GC(746) Concurrent Clear Claimed Marks 0.026ms
[3374.261s][info][gc,marking     ] GC(746) Concurrent Cleanup for Next Mark
[3374.266s][info][gc,marking     ] GC(746) Concurrent Cleanup for Next Mark 5.362ms
[3374.266s][info][gc             ] GC(746) Concurrent Mark Cycle 1076.363ms
..[3376.271s][info][gc,start       ] GC(747) Pause Young (Prepare Mixed) (G1 Evacuation Pause)
[3376.271s][info][gc,task        ] GC(747) Using 6 workers of 6 for evacuation
[3376.388s][info][gc,phases      ] GC(747)   Pre Evacuate Collection Set: 0.35ms
[3376.388s][info][gc,phases      ] GC(747)   Merge Heap Roots: 0.50ms
[3376.388s][info][gc,phases      ] GC(747)   Evacuate Collection Set: 114.33ms
[3376.388s][info][gc,phases      ] GC(747)   Post Evacuate Collection Set: 0.94ms
[3376.388s][info][gc,phases      ] GC(747)   Other: 0.09ms
[3376.388s][info][gc,heap        ] GC(747) Eden regions: 1113->0(1111)
[3376.388s][info][gc,heap        ] GC(747) Survivor regions: 115->109(154)
[3376.388s][info][gc,heap        ] GC(747) Old regions: 505->536
[3376.388s][info][gc,heap        ] GC(747) Humongous regions: 80->80
[3376.388s][info][gc,metaspace   ] GC(747) Metaspace: 28931K(29312K)->28931K(29312K) NonClass: 24063K(24256K)->24063K(24256K) Class: 4868K(5056K)->4868K(5056K)
[3376.388s][info][gc             ] GC(747) Pause Young (Prepare Mixed) (G1 Evacuation Pause) 3624M->1448M(4096M) 116.340ms
[3376.388s][info][gc,cpu         ] GC(747) User=0.69s Sys=0.00s Real=0.12s
...[3379.491s][info][gc,start       ] GC(748) Pause Young (Mixed) (G1 Evacuation Pause)
[3379.491s][info][gc,task        ] GC(748) Using 6 workers of 6 for evacuation
[3379.624s][info][gc,phases      ] GC(748)   Pre Evacuate Collection Set: 0.37ms
[3379.624s][info][gc,phases      ] GC(748)   Merge Heap Roots: 0.65ms
[3379.624s][info][gc,phases      ] GC(748)   Evacuate Collection Set: 131.43ms
[3379.624s][info][gc,phases      ] GC(748)   Post Evacuate Collection Set: 0.93ms
[3379.624s][info][gc,phases      ] GC(748)   Other: 0.09ms
[3379.624s][info][gc,heap        ] GC(748) Eden regions: 1111->0(1120)
[3379.624s][info][gc,heap        ] GC(748) Survivor regions: 109->108(153)
[3379.624s][info][gc,heap        ] GC(748) Old regions: 536->471
[3379.624s][info][gc,heap        ] GC(748) Humongous regions: 80->80
[3379.624s][info][gc,metaspace   ] GC(748) Metaspace: 28931K(29312K)->28931K(29312K) NonClass: 24063K(24256K)->24063K(24256K) Class: 4868K(5056K)->4868K(5056K)
[3379.624s][info][gc             ] GC(748) Pause Young (Mixed) (G1 Evacuation Pause) 3670M->1316M(4096M) 133.599ms
[3379.624s][info][gc,cpu         ] GC(748) User=0.79s Sys=0.00s Real=0.14s
....[3382.733s][info][gc,start       ] GC(749) Pause Young (Concurrent Start) (G1 Evacuation Pause)
[3382.733s][info][gc,task        ] GC(749) Using 6 workers of 6 for evacuation
[3382.850s][info][gc,phases      ] GC(749)   Pre Evacuate Collection Set: 0.37ms
[3382.850s][info][gc,phases      ] GC(749)   Merge Heap Roots: 0.46ms
[3382.850s][info][gc,phases      ] GC(749)   Evacuate Collection Set: 114.80ms
[3382.850s][info][gc,phases      ] GC(749)   Post Evacuate Collection Set: 0.89ms
[3382.850s][info][gc,phases      ] GC(749)   Other: 0.11ms
[3382.850s][info][gc,heap        ] GC(749) Eden regions: 1120->0(1119)
[3382.850s][info][gc,heap        ] GC(749) Survivor regions: 108->109(154)
[3382.850s][info][gc,heap        ] GC(749) Old regions: 471->503
[3382.850s][info][gc,heap        ] GC(749) Humongous regions: 80->80
[3382.850s][info][gc,metaspace   ] GC(749) Metaspace: 28931K(29312K)->28931K(29312K) NonClass: 24063K(24256K)->24063K(24256K) Class: 4868K(5056K)->4868K(5056K)
[3382.850s][info][gc             ] GC(749) Pause Young (Concurrent Start) (G1 Evacuation Pause) 3556M->1382M(4096M) 116.785ms
[3382.850s][info][gc             ] GC(750) Concurrent Mark Cycle
[3382.850s][info][gc,marking     ] GC(750) Concurrent Scan Root Regions
[3382.850s][info][gc,cpu         ] GC(749) User=0.69s Sys=0.00s Real=0.11s
[3383.038s][info][gc,marking     ] GC(750) Concurrent Scan Root Regions 187.806ms
[3383.038s][info][gc,marking     ] GC(750) Concurrent Mark
[3383.038s][info][gc,marking     ] GC(750) Concurrent Mark From Roots
[3383.038s][info][gc,task        ] GC(750) Using 2 workers of 2 for marking
.[3383.849s][info][gc,marking     ] GC(750) Concurrent Mark From Roots 811.259ms
[3383.849s][info][gc,marking     ] GC(750) Concurrent Preclean
[3383.849s][info][gc,marking     ] GC(750) Concurrent Preclean 0.118ms
[3383.849s][info][gc,start       ] GC(750) Pause Remark
[3383.855s][info][gc             ] GC(750) Pause Remark 2156M->2156M(4096M) 6.182ms
[3383.855s][info][gc,cpu         ] GC(750) User=0.03s Sys=0.00s Real=0.01s
[3383.856s][info][gc,marking     ] GC(750) Concurrent Mark 818.794ms
[3383.856s][info][gc,marking     ] GC(750) Concurrent Rebuild Remembered Sets and Scrub Regions
[3384.160s][info][gc,marking     ] GC(750) Concurrent Rebuild Remembered Sets and Scrub Regions 303.347ms
[3384.161s][info][gc,start       ] GC(750) Pause Cleanup
[3384.162s][info][gc             ] GC(750) Pause Cleanup 2382M->2382M(4096M) 0.125ms
[3384.162s][info][gc,cpu         ] GC(750) User=0.00s Sys=0.00s Real=0.00s
[3384.162s][info][gc,marking     ] GC(750) Concurrent Clear Claimed Marks
[3384.162s][info][gc,marking     ] GC(750) Concurrent Clear Claimed Marks 0.032ms
[3384.162s][info][gc,marking     ] GC(750) Concurrent Cleanup for Next Mark
[3384.213s][info][gc,marking     ] GC(750) Concurrent Cleanup for Next Mark 50.899ms
[3384.213s][info][gc             ] GC(750) Concurrent Mark Cycle 1362.911ms
..[3386.041s][info][gc,start       ] GC(751) Pause Young (Prepare Mixed) (G1 Evacuation Pause)
[3386.041s][info][gc,task        ] GC(751) Using 6 workers of 6 for evacuation
[3386.163s][info][gc,phases      ] GC(751)   Pre Evacuate Collection Set: 0.32ms
[3386.163s][info][gc,phases      ] GC(751)   Merge Heap Roots: 0.51ms
[3386.163s][info][gc,phases      ] GC(751)   Evacuate Collection Set: 119.52ms
[3386.163s][info][gc,phases      ] GC(751)   Post Evacuate Collection Set: 0.90ms
[3386.163s][info][gc,phases      ] GC(751)   Other: 0.08ms
[3386.163s][info][gc,heap        ] GC(751) Eden regions: 1119->0(1106)
[3386.163s][info][gc,heap        ] GC(751) Survivor regions: 109->112(154)
[3386.163s][info][gc,heap        ] GC(751) Old regions: 503->535
[3386.163s][info][gc,heap        ] GC(751) Humongous regions: 80->80
[3386.163s][info][gc,metaspace   ] GC(751) Metaspace: 28931K(29312K)->28931K(29312K) NonClass: 24063K(24256K)->24063K(24256K) Class: 4868K(5056K)->4868K(5056K)
[3386.163s][info][gc             ] GC(751) Pause Young (Prepare Mixed) (G1 Evacuation Pause) 3620M->1452M(4096M) 121.456ms
[3386.163s][info][gc,cpu         ] GC(751) User=0.72s Sys=0.00s Real=0.13s
...[3389.174s][info][gc,start       ] GC(752) Pause Young (Mixed) (G1 Evacuation Pause)
[3389.174s][info][gc,task        ] GC(752) Using 6 workers of 6 for evacuation
[3389.306s][info][gc,phases      ] GC(752)   Pre Evacuate Collection Set: 0.40ms
[3389.306s][info][gc,phases      ] GC(752)   Merge Heap Roots: 0.62ms
[3389.306s][info][gc,phases      ] GC(752)   Evacuate Collection Set: 130.34ms
[3389.306s][info][gc,phases      ] GC(752)   Post Evacuate Collection Set: 0.93ms
[3389.306s][info][gc,phases      ] GC(752)   Other: 0.08ms
[3389.306s][info][gc,heap        ] GC(752) Eden regions: 1106->0(1119)
[3389.306s][info][gc,heap        ] GC(752) Survivor regions: 112->109(153)
[3389.306s][info][gc,heap        ] GC(752) Old regions: 535->472
[3389.306s][info][gc,heap        ] GC(752) Humongous regions: 80->80
[3389.306s][info][gc,metaspace   ] GC(752) Metaspace: 28931K(29312K)->28931K(29312K) NonClass: 24063K(24256K)->24063K(24256K) Class: 4868K(5056K)->4868K(5056K)
[3389.306s][info][gc             ] GC(752) Pause Young (Mixed) (G1 Evacuation Pause) 3664M->1320M(4096M) 132.514ms
[3389.306s][info][gc,cpu         ] GC(752) User=0.79s Sys=0.00s Real=0.13s
...[3392.425s][info][gc,start       ] GC(753) Pause Young (Concurrent Start) (G1 Evacuation Pause)
[3392.425s][info][gc,task        ] GC(753) Using 6 workers of 6 for evacuation
[3392.544s][info][gc,phases      ] GC(753)   Pre Evacuate Collection Set: 0.36ms
[3392.544s][info][gc,phases      ] GC(753)   Merge Heap Roots: 0.46ms
[3392.544s][info][gc,phases      ] GC(753)   Evacuate Collection Set: 117.69ms
[3392.544s][info][gc,phases      ] GC(753)   Post Evacuate Collection Set: 0.90ms
[3392.544s][info][gc,phases      ] GC(753)   Other: 0.11ms
[3392.545s][info][gc,heap        ] GC(753) Eden regions: 1119->0(1118)
[3392.545s][info][gc,heap        ] GC(753) Survivor regions: 109->110(154)
[3392.545s][info][gc,heap        ] GC(753) Old regions: 472->504
[3392.545s][info][gc,heap        ] GC(753) Humongous regions: 80->80
[3392.545s][info][gc,metaspace   ] GC(753) Metaspace: 28931K(29312K)->28931K(29312K) NonClass: 24063K(24256K)->24063K(24256K) Class: 4868K(5056K)->4868K(5056K)
[3392.545s][info][gc             ] GC(753) Pause Young (Concurrent Start) (G1 Evacuation Pause) 3558M->1387M(4096M) 119.651ms
[3392.545s][info][gc             ] GC(754) Concurrent Mark Cycle
[3392.545s][info][gc,marking     ] GC(754) Concurrent Scan Root Regions
[3392.545s][info][gc,cpu         ] GC(753) User=0.71s Sys=0.00s Real=0.12s
.[3392.766s][info][gc,marking     ] GC(754) Concurrent Scan Root Regions 221.716ms
[3392.766s][info][gc,marking     ] GC(754) Concurrent Mark
[3392.766s][info][gc,marking     ] GC(754) Concurrent Mark From Roots
[3392.766s][info][gc,task        ] GC(754) Using 2 workers of 2 for marking
[3393.443s][info][gc,marking     ] GC(754) Concurrent Mark From Roots 676.898ms
[3393.443s][info][gc,marking     ] GC(754) Concurrent Preclean
[3393.443s][info][gc,marking     ] GC(754) Concurrent Preclean 0.124ms
[3393.444s][info][gc,start       ] GC(754) Pause Remark
[3393.449s][info][gc             ] GC(754) Pause Remark 2080M->2080M(4096M) 5.096ms
[3393.449s][info][gc,cpu         ] GC(754) User=0.03s Sys=0.00s Real=0.00s
[3393.449s][info][gc,marking     ] GC(754) Concurrent Mark 682.377ms
[3393.449s][info][gc,marking     ] GC(754) Concurrent Rebuild Remembered Sets and Scrub Regions
[3393.688s][info][gc,marking     ] GC(754) Concurrent Rebuild Remembered Sets and Scrub Regions 238.919ms
[3393.688s][info][gc,start       ] GC(754) Pause Cleanup
[3393.688s][info][gc             ] GC(754) Pause Cleanup 2229M->2229M(4096M) 0.101ms
[3393.688s][info][gc,cpu         ] GC(754) User=0.00s Sys=0.00s Real=0.00s
[3393.688s][info][gc,marking     ] GC(754) Concurrent Clear Claimed Marks
[3393.688s][info][gc,marking     ] GC(754) Concurrent Clear Claimed Marks 0.020ms
[3393.688s][info][gc,marking     ] GC(754) Concurrent Cleanup for Next Mark
[3393.692s][info][gc,marking     ] GC(754) Concurrent Cleanup for Next Mark 3.912ms
[3393.692s][info][gc             ] GC(754) Concurrent Mark Cycle 1147.385ms
..[3395.675s][info][gc,start       ] GC(755) Pause Young (Prepare Mixed) (G1 Evacuation Pause)
[3395.675s][info][gc,task        ] GC(755) Using 6 workers of 6 for evacuation
[3395.795s][info][gc,phases      ] GC(755)   Pre Evacuate Collection Set: 0.33ms
[3395.795s][info][gc,phases      ] GC(755)   Merge Heap Roots: 0.53ms
[3395.795s][info][gc,phases      ] GC(755)   Evacuate Collection Set: 118.09ms
[3395.795s][info][gc,phases      ] GC(755)   Post Evacuate Collection Set: 0.93ms
[3395.795s][info][gc,phases      ] GC(755)   Other: 0.09ms
[3395.795s][info][gc,heap        ] GC(755) Eden regions: 1118->0(1108)
[3395.795s][info][gc,heap        ] GC(755) Survivor regions: 110->111(154)
[3395.795s][info][gc,heap        ] GC(755) Old regions: 504->535
[3395.795s][info][gc,heap        ] GC(755) Humongous regions: 80->80
[3395.795s][info][gc,metaspace   ] GC(755) Metaspace: 28931K(29312K)->28931K(29312K) NonClass: 24063K(24256K)->24063K(24256K) Class: 4868K(5056K)->4868K(5056K)
[3395.795s][info][gc             ] GC(755) Pause Young (Prepare Mixed) (G1 Evacuation Pause) 3623M->1450M(4096M) 120.145ms
[3395.795s][info][gc,cpu         ] GC(755) User=0.71s Sys=0.00s Real=0.12s
....[3398.906s][info][gc,start       ] GC(756) Pause Young (Mixed) (G1 Evacuation Pause)
[3398.906s][info][gc,task        ] GC(756) Using 6 workers of 6 for evacuation
[3399.040s][info][gc,phases      ] GC(756)   Pre Evacuate Collection Set: 0.37ms
[3399.040s][info][gc,phases      ] GC(756)   Merge Heap Roots: 0.64ms
[3399.040s][info][gc,phases      ] GC(756)   Evacuate Collection Set: 132.09ms
[3399.040s][info][gc,phases      ] GC(756)   Post Evacuate Collection Set: 0.93ms
[3399.040s][info][gc,phases      ] GC(756)   Other: 0.09ms
[3399.040s][info][gc,heap        ] GC(756) Eden regions: 1108->0(1118)
[3399.040s][info][gc,heap        ] GC(756) Survivor regions: 111->110(153)
[3399.040s][info][gc,heap        ] GC(756) Old regions: 535->473
[3399.040s][info][gc,heap        ] GC(756) Humongous regions: 80->80
[3399.040s][info][gc,metaspace   ] GC(756) Metaspace: 28931K(29312K)->28931K(29312K) NonClass: 24063K(24256K)->24063K(24256K) Class: 4868K(5056K)->4868K(5056K)
[3399.040s][info][gc             ] GC(756) Pause Young (Mixed) (G1 Evacuation Pause) 3666M->1324M(4096M) 134.243ms
[3399.040s][info][gc,cpu         ] GC(756) User=0.79s Sys=0.00s Real=0.13s
...[3402.159s][info][gc,start       ] GC(757) Pause Young (Concurrent Start) (G1 Evacuation Pause)
[3402.159s][info][gc,task        ] GC(757) Using 6 workers of 6 for evacuation
[3402.278s][info][gc,phases      ] GC(757)   Pre Evacuate Collection Set: 0.38ms
[3402.278s][info][gc,phases      ] GC(757)   Merge Heap Roots: 0.45ms
[3402.278s][info][gc,phases      ] GC(757)   Evacuate Collection Set: 116.63ms
[3402.278s][info][gc,phases      ] GC(757)   Post Evacuate Collection Set: 0.89ms
[3402.278s][info][gc,phases      ] GC(757)   Other: 0.10ms
[3402.278s][info][gc,heap        ] GC(757) Eden regions: 1118->0(1119)
[3402.278s][info][gc,heap        ] GC(757) Survivor regions: 110->109(154)
[3402.278s][info][gc,heap        ] GC(757) Old regions: 473->505
[3402.278s][info][gc,heap        ] GC(757) Humongous regions: 80->80
[3402.278s][info][gc,metaspace   ] GC(757) Metaspace: 28931K(29312K)->28931K(29312K) NonClass: 24063K(24256K)->24063K(24256K) Class: 4868K(5056K)->4868K(5056K)
[3402.278s][info][gc             ] GC(757) Pause Young (Concurrent Start) (G1 Evacuation Pause) 3560M->1387M(4096M) 118.569ms
[3402.278s][info][gc             ] GC(758) Concurrent Mark Cycle
[3402.278s][info][gc,marking     ] GC(758) Concurrent Scan Root Regions
[3402.278s][info][gc,cpu         ] GC(757) User=0.70s Sys=0.00s Real=0.12s
[3402.418s][info][gc,marking     ] GC(758) Concurrent Scan Root Regions 140.180ms
[3402.418s][info][gc,marking     ] GC(758) Concurrent Mark
[3402.418s][info][gc,marking     ] GC(758) Concurrent Mark From Roots
[3402.418s][info][gc,task        ] GC(758) Using 2 workers of 2 for marking
.[3403.092s][info][gc,marking     ] GC(758) Concurrent Mark From Roots 673.805ms
[3403.092s][info][gc,marking     ] GC(758) Concurrent Preclean
[3403.092s][info][gc,marking     ] GC(758) Concurrent Preclean 0.111ms
[3403.092s][info][gc,start       ] GC(758) Pause Remark
[3403.098s][info][gc             ] GC(758) Pause Remark 1992M->1992M(4096M) 5.658ms
[3403.098s][info][gc,cpu         ] GC(758) User=0.03s Sys=0.00s Real=0.01s
[3403.098s][info][gc,marking     ] GC(758) Concurrent Mark 679.972ms
[3403.098s][info][gc,marking     ] GC(758) Concurrent Rebuild Remembered Sets and Scrub Regions
[3403.463s][info][gc,marking     ] GC(758) Concurrent Rebuild Remembered Sets and Scrub Regions 364.520ms
[3403.463s][info][gc,start       ] GC(758) Pause Cleanup
[3403.463s][info][gc             ] GC(758) Pause Cleanup 2261M->2261M(4096M) 0.106ms
[3403.463s][info][gc,cpu         ] GC(758) User=0.00s Sys=0.00s Real=0.00s
[3403.463s][info][gc,marking     ] GC(758) Concurrent Clear Claimed Marks
[3403.463s][info][gc,marking     ] GC(758) Concurrent Clear Claimed Marks 0.046ms
[3403.463s][info][gc,marking     ] GC(758) Concurrent Cleanup for Next Mark
[3403.468s][info][gc,marking     ] GC(758) Concurrent Cleanup for Next Mark 4.810ms
[3403.468s][info][gc             ] GC(758) Concurrent Mark Cycle 1190.560ms
..[3405.402s][info][gc,start       ] GC(759) Pause Young (Prepare Mixed) (G1 Evacuation Pause)
[3405.402s][info][gc,task        ] GC(759) Using 6 workers of 6 for evacuation
[3405.519s][info][gc,phases      ] GC(759)   Pre Evacuate Collection Set: 0.35ms
[3405.519s][info][gc,phases      ] GC(759)   Merge Heap Roots: 0.49ms
[3405.519s][info][gc,phases      ] GC(759)   Evacuate Collection Set: 115.77ms
[3405.519s][info][gc,phases      ] GC(759)   Post Evacuate Collection Set: 0.96ms
[3405.519s][info][gc,phases      ] GC(759)   Other: 0.09ms
[3405.520s][info][gc,heap        ] GC(759) Eden regions: 1119->0(1110)
[3405.520s][info][gc,heap        ] GC(759) Survivor regions: 109->109(154)
[3405.520s][info][gc,heap        ] GC(759) Old regions: 505->537
[3405.520s][info][gc,heap        ] GC(759) Humongous regions: 80->80
[3405.520s][info][gc,metaspace   ] GC(759) Metaspace: 28931K(29312K)->28931K(29312K) NonClass: 24063K(24256K)->24063K(24256K) Class: 4868K(5056K)->4868K(5056K)
[3405.520s][info][gc             ] GC(759) Pause Young (Prepare Mixed) (G1 Evacuation Pause) 3625M->1451M(4096M) 117.803ms
[3405.520s][info][gc,cpu         ] GC(759) User=0.69s Sys=0.00s Real=0.12s
...[3408.596s][info][gc,start       ] GC(760) Pause Young (Mixed) (G1 Evacuation Pause)
[3408.596s][info][gc,task        ] GC(760) Using 6 workers of 6 for evacuation
[3408.734s][info][gc,phases      ] GC(760)   Pre Evacuate Collection Set: 0.35ms
[3408.734s][info][gc,phases      ] GC(760)   Merge Heap Roots: 0.68ms
[3408.734s][info][gc,phases      ] GC(760)   Evacuate Collection Set: 136.27ms
[3408.734s][info][gc,phases      ] GC(760)   Post Evacuate Collection Set: 0.95ms
[3408.734s][info][gc,phases      ] GC(760)   Other: 0.09ms
[3408.734s][info][gc,heap        ] GC(760) Eden regions: 1110->0(1116)
[3408.734s][info][gc,heap        ] GC(760) Survivor regions: 109->112(153)
[3408.734s][info][gc,heap        ] GC(760) Old regions: 537->473
[3408.734s][info][gc,heap        ] GC(760) Humongous regions: 80->80
[3408.734s][info][gc,metaspace   ] GC(760) Metaspace: 28931K(29312K)->28931K(29312K) NonClass: 24063K(24256K)->24063K(24256K) Class: 4868K(5056K)->4868K(5056K)
[3408.734s][info][gc             ] GC(760) Pause Young (Mixed) (G1 Evacuation Pause) 3671M->1329M(4096M) 138.471ms
[3408.734s][info][gc,cpu         ] GC(760) User=0.82s Sys=0.01s Real=0.14s
....[3411.842s][info][gc,start       ] GC(761) Pause Young (Concurrent Start) (G1 Evacuation Pause)
[3411.842s][info][gc,task        ] GC(761) Using 6 workers of 6 for evacuation
[3411.961s][info][gc,phases      ] GC(761)   Pre Evacuate Collection Set: 0.39ms
[3411.961s][info][gc,phases      ] GC(761)   Merge Heap Roots: 0.57ms
[3411.961s][info][gc,phases      ] GC(761)   Evacuate Collection Set: 117.21ms
[3411.961s][info][gc,phases      ] GC(761)   Post Evacuate Collection Set: 0.88ms
[3411.961s][info][gc,phases      ] GC(761)   Other: 0.11ms
[3411.961s][info][gc,heap        ] GC(761) Eden regions: 1116->0(1118)
[3411.961s][info][gc,heap        ] GC(761) Survivor regions: 112->110(154)
[3411.961s][info][gc,heap        ] GC(761) Old regions: 473->505
[3411.961s][info][gc,heap        ] GC(761) Humongous regions: 80->80
[3411.961s][info][gc,metaspace   ] GC(761) Metaspace: 28931K(29312K)->28931K(29312K) NonClass: 24063K(24256K)->24063K(24256K) Class: 4868K(5056K)->4868K(5056K)
[3411.961s][info][gc             ] GC(761) Pause Young (Concurrent Start) (G1 Evacuation Pause) 3561M->1389M(4096M) 119.281ms
[3411.961s][info][gc             ] GC(762) Concurrent Mark Cycle
[3411.962s][info][gc,marking     ] GC(762) Concurrent Scan Root Regions
[3411.962s][info][gc,cpu         ] GC(761) User=0.71s Sys=0.00s Real=0.12s
[3412.147s][info][gc,marking     ] GC(762) Concurrent Scan Root Regions 185.059ms
[3412.147s][info][gc,marking     ] GC(762) Concurrent Mark
[3412.147s][info][gc,marking     ] GC(762) Concurrent Mark From Roots
[3412.147s][info][gc,task        ] GC(762) Using 2 workers of 2 for marking
.[3413.078s][info][gc,marking     ] GC(762) Concurrent Mark From Roots 931.359ms
[3413.078s][info][gc,marking     ] GC(762) Concurrent Preclean
[3413.078s][info][gc,marking     ] GC(762) Concurrent Preclean 0.114ms
[3413.079s][info][gc,start       ] GC(762) Pause Remark
[3413.085s][info][gc             ] GC(762) Pause Remark 2219M->2219M(4096M) 5.845ms
[3413.085s][info][gc,cpu         ] GC(762) User=0.03s Sys=0.00s Real=0.01s
[3413.086s][info][gc,marking     ] GC(762) Concurrent Mark 938.959ms
[3413.086s][info][gc,marking     ] GC(762) Concurrent Rebuild Remembered Sets and Scrub Regions
[3413.485s][info][gc,marking     ] GC(762) Concurrent Rebuild Remembered Sets and Scrub Regions 399.293ms
[3413.485s][info][gc,start       ] GC(762) Pause Cleanup
[3413.485s][info][gc             ] GC(762) Pause Cleanup 2527M->2527M(4096M) 0.111ms
[3413.485s][info][gc,cpu         ] GC(762) User=0.00s Sys=0.00s Real=0.00s
[3413.485s][info][gc,marking     ] GC(762) Concurrent Clear Claimed Marks
[3413.485s][info][gc,marking     ] GC(762) Concurrent Clear Claimed Marks 0.030ms
[3413.485s][info][gc,marking     ] GC(762) Concurrent Cleanup for Next Mark
[3413.489s][info][gc,marking     ] GC(762) Concurrent Cleanup for Next Mark 3.795ms
[3413.489s][info][gc             ] GC(762) Concurrent Mark Cycle 1527.665ms
. (rIR:aIR:PR = 5812:5812:5812) (tPR = 86594) [OK] 
  3413s: Performance info:
         Transaction,    Success,    Partial,     Failed,   Receipts, AvgBarcode, 
             Overall,     350006,          0,          0,     332467,      59.48, 
         Response times:
             Request,    Success,    Partial,     Failed,   SkipFail,     Probes,    Samples,      min,      p50,      p90,      p95,      p99,      max, 
       TotalPurchase,     332471,          0,          0,          0,     324918,     360935,      300,     5000,    18200,    48000,   125000,   261000,
     InStorePurchase,     175040,          0,          0,          0,     171565,     190484,      300,     5200,    18800,    50000,   127000,   261000,
      OnlinePurchase,     122482,          0,          0,          0,     119562,     132618,      300,     4700,    17400,    47000,   122000,   261000,
        InstPurchase,      34949,          0,          0,          0,      33791,      37833,      400,     4300,    16500,    46300,   123000,   261000,
          AssocOfCat,        350,          0,          0,          0,        278,        385,    24000,    36000,    85400,   120600,   175140,   181000,
      AssocOfProduct,       3493,          0,          0,          0,       3237,       3793,      500,     3900,    14980,    47000,   108000,   219000,
      BusinessReport,        875,          0,          0,          0,        790,        979,    26000,    37000,    70000,    86000,   184600,   356000,
          CustBuyBeh,       3502,          0,          0,          0,       3215,       3692,      200,     5400,    22000,    52350,   114000,   164000,
       ProductReturn,       9319,          0,          0,          0,       8868,      10071,      200,     4700,    16680,    49000,   126000,   198000,

  3413s: (43%)   IR =   5950 .[3415.096s][info][gc,start       ] GC(763) Pause Young (Prepare Mixed) (G1 Evacuation Pause)
[3415.096s][info][gc,task        ] GC(763) Using 6 workers of 6 for evacuation
[3415.218s][info][gc,phases      ] GC(763)   Pre Evacuate Collection Set: 0.31ms
[3415.218s][info][gc,phases      ] GC(763)   Merge Heap Roots: 0.56ms
[3415.218s][info][gc,phases      ] GC(763)   Evacuate Collection Set: 120.10ms
[3415.218s][info][gc,phases      ] GC(763)   Post Evacuate Collection Set: 0.96ms
[3415.218s][info][gc,phases      ] GC(763)   Other: 0.09ms
[3415.218s][info][gc,heap        ] GC(763) Eden regions: 1118->0(1101)
[3415.218s][info][gc,heap        ] GC(763) Survivor regions: 110->114(154)
[3415.218s][info][gc,heap        ] GC(763) Old regions: 505->536
[3415.218s][info][gc,heap        ] GC(763) Humongous regions: 80->80
[3415.218s][info][gc,metaspace   ] GC(763) Metaspace: 28931K(29312K)->28931K(29312K) NonClass: 24063K(24256K)->24063K(24256K) Class: 4868K(5056K)->4868K(5056K)
[3415.218s][info][gc             ] GC(763) Pause Young (Prepare Mixed) (G1 Evacuation Pause) 3625M->1457M(4096M) 122.183ms
[3415.218s][info][gc,cpu         ] GC(763) User=0.72s Sys=0.00s Real=0.12s
...[3418.179s][info][gc,start       ] GC(764) Pause Young (Mixed) (G1 Evacuation Pause)
[3418.179s][info][gc,task        ] GC(764) Using 6 workers of 6 for evacuation
[3418.310s][info][gc,phases      ] GC(764)   Pre Evacuate Collection Set: 0.39ms
[3418.310s][info][gc,phases      ] GC(764)   Merge Heap Roots: 0.61ms
[3418.310s][info][gc,phases      ] GC(764)   Evacuate Collection Set: 129.21ms
[3418.310s][info][gc,phases      ] GC(764)   Post Evacuate Collection Set: 0.98ms
[3418.310s][info][gc,phases      ] GC(764)   Other: 0.09ms
[3418.310s][info][gc,heap        ] GC(764) Eden regions: 1101->0(1121)
[3418.310s][info][gc,heap        ] GC(764) Survivor regions: 114->107(152)
[3418.310s][info][gc,heap        ] GC(764) Old regions: 536->472
[3418.310s][info][gc,heap        ] GC(764) Humongous regions: 80->80
[3418.310s][info][gc,metaspace   ] GC(764) Metaspace: 28931K(29312K)->28931K(29312K) NonClass: 24063K(24256K)->24063K(24256K) Class: 4868K(5056K)->4868K(5056K)
[3418.310s][info][gc             ] GC(764) Pause Young (Mixed) (G1 Evacuation Pause) 3659M->1316M(4096M) 131.411ms
[3418.310s][info][gc,cpu         ] GC(764) User=0.78s Sys=0.00s Real=0.13s
.|..[3421.335s][info][gc,start       ] GC(765) Pause Young (Concurrent Start) (G1 Evacuation Pause)
[3421.335s][info][gc,task        ] GC(765) Using 6 workers of 6 for evacuation
[3421.450s][info][gc,phases      ] GC(765)   Pre Evacuate Collection Set: 0.35ms
[3421.450s][info][gc,phases      ] GC(765)   Merge Heap Roots: 0.42ms
[3421.450s][info][gc,phases      ] GC(765)   Evacuate Collection Set: 113.52ms
[3421.450s][info][gc,phases      ] GC(765)   Post Evacuate Collection Set: 0.88ms
[3421.450s][info][gc,phases      ] GC(765)   Other: 0.10ms
[3421.450s][info][gc,heap        ] GC(765) Eden regions: 1121->0(1120)
[3421.450s][info][gc,heap        ] GC(765) Survivor regions: 107->108(154)
[3421.450s][info][gc,heap        ] GC(765) Old regions: 472->504
[3421.450s][info][gc,heap        ] GC(765) Humongous regions: 80->80
[3421.450s][info][gc,metaspace   ] GC(765) Metaspace: 28931K(29312K)->28931K(29312K) NonClass: 24063K(24256K)->24063K(24256K) Class: 4868K(5056K)->4868K(5056K)
[3421.450s][info][gc             ] GC(765) Pause Young (Concurrent Start) (G1 Evacuation Pause) 3558M->1382M(4096M) 115.409ms
[3421.450s][info][gc             ] GC(766) Concurrent Mark Cycle
[3421.450s][info][gc,marking     ] GC(766) Concurrent Scan Root Regions
[3421.450s][info][gc,cpu         ] GC(765) User=0.68s Sys=0.00s Real=0.11s
[3421.572s][info][gc,marking     ] GC(766) Concurrent Scan Root Regions 121.394ms
[3421.572s][info][gc,marking     ] GC(766) Concurrent Mark
[3421.572s][info][gc,marking     ] GC(766) Concurrent Mark From Roots
[3421.572s][info][gc,task        ] GC(766) Using 2 workers of 2 for marking
.[3422.242s][info][gc,marking     ] GC(766) Concurrent Mark From Roots 670.204ms
[3422.242s][info][gc,marking     ] GC(766) Concurrent Preclean
[3422.242s][info][gc,marking     ] GC(766) Concurrent Preclean 0.127ms
[3422.242s][info][gc,start       ] GC(766) Pause Remark
[3422.248s][info][gc             ] GC(766) Pause Remark 1996M->1996M(4096M) 5.669ms
[3422.248s][info][gc,cpu         ] GC(766) User=0.03s Sys=0.00s Real=0.00s
[3422.248s][info][gc,marking     ] GC(766) Concurrent Mark 676.288ms
[3422.248s][info][gc,marking     ] GC(766) Concurrent Rebuild Remembered Sets and Scrub Regions
[3422.485s][info][gc,marking     ] GC(766) Concurrent Rebuild Remembered Sets and Scrub Regions 236.690ms
[3422.485s][info][gc,start       ] GC(766) Pause Cleanup
[3422.485s][info][gc             ] GC(766) Pause Cleanup 2146M->2146M(4096M) 0.107ms
[3422.485s][info][gc,cpu         ] GC(766) User=0.00s Sys=0.00s Real=0.00s
[3422.485s][info][gc,marking     ] GC(766) Concurrent Clear Claimed Marks
[3422.485s][info][gc,marking     ] GC(766) Concurrent Clear Claimed Marks 0.026ms
[3422.485s][info][gc,marking     ] GC(766) Concurrent Cleanup for Next Mark
[3422.489s][info][gc,marking     ] GC(766) Concurrent Cleanup for Next Mark 4.054ms
[3422.489s][info][gc             ] GC(766) Concurrent Mark Cycle 1038.937ms
..[3424.567s][info][gc,start       ] GC(767) Pause Young (Prepare Mixed) (G1 Evacuation Pause)
[3424.567s][info][gc,task        ] GC(767) Using 6 workers of 6 for evacuation
[3424.684s][info][gc,phases      ] GC(767)   Pre Evacuate Collection Set: 0.34ms
[3424.684s][info][gc,phases      ] GC(767)   Merge Heap Roots: 0.50ms
[3424.684s][info][gc,phases      ] GC(767)   Evacuate Collection Set: 114.85ms
[3424.684s][info][gc,phases      ] GC(767)   Post Evacuate Collection Set: 0.95ms
[3424.684s][info][gc,phases      ] GC(767)   Other: 0.09ms
[3424.684s][info][gc,heap        ] GC(767) Eden regions: 1120->0(1111)
[3424.684s][info][gc,heap        ] GC(767) Survivor regions: 108->109(154)
[3424.684s][info][gc,heap        ] GC(767) Old regions: 504->536
[3424.684s][info][gc,heap        ] GC(767) Humongous regions: 80->80
[3424.684s][info][gc,metaspace   ] GC(767) Metaspace: 28931K(29312K)->28931K(29312K) NonClass: 24063K(24256K)->24063K(24256K) Class: 4868K(5056K)->4868K(5056K)
[3424.684s][info][gc             ] GC(767) Pause Young (Prepare Mixed) (G1 Evacuation Pause) 3622M->1448M(4096M) 116.858ms
[3424.684s][info][gc,cpu         ] GC(767) User=0.69s Sys=0.00s Real=0.12s
...[3427.662s][info][gc,start       ] GC(768) Pause Young (Mixed) (G1 Evacuation Pause)
[3427.662s][info][gc,task        ] GC(768) Using 6 workers of 6 for evacuation
[3427.797s][info][gc,phases      ] GC(768)   Pre Evacuate Collection Set: 0.36ms
[3427.797s][info][gc,phases      ] GC(768)   Merge Heap Roots: 0.65ms
[3427.797s][info][gc,phases      ] GC(768)   Evacuate Collection Set: 133.54ms
[3427.797s][info][gc,phases      ] GC(768)   Post Evacuate Collection Set: 0.99ms
[3427.797s][info][gc,phases      ] GC(768)   Other: 0.09ms
[3427.797s][info][gc,heap        ] GC(768) Eden regions: 1111->0(1117)
[3427.797s][info][gc,heap        ] GC(768) Survivor regions: 109->111(153)
[3427.797s][info][gc,heap        ] GC(768) Old regions: 536->473
[3427.797s][info][gc,heap        ] GC(768) Humongous regions: 80->80
[3427.797s][info][gc,metaspace   ] GC(768) Metaspace: 28931K(29312K)->28931K(29312K) NonClass: 24063K(24256K)->24063K(24256K) Class: 4868K(5056K)->4868K(5056K)
[3427.798s][info][gc             ] GC(768) Pause Young (Mixed) (G1 Evacuation Pause) 3670M->1326M(4096M) 135.761ms
[3427.798s][info][gc,cpu         ] GC(768) User=0.80s Sys=0.00s Real=0.14s
...[3430.871s][info][gc,start       ] GC(769) Pause Young (Concurrent Start) (G1 Evacuation Pause)
[3430.871s][info][gc,task        ] GC(769) Using 6 workers of 6 for evacuation
[3430.988s][info][gc,phases      ] GC(769)   Pre Evacuate Collection Set: 0.37ms
[3430.988s][info][gc,phases      ] GC(769)   Merge Heap Roots: 0.45ms
[3430.988s][info][gc,phases      ] GC(769)   Evacuate Collection Set: 114.83ms
[3430.988s][info][gc,phases      ] GC(769)   Post Evacuate Collection Set: 0.88ms
[3430.988s][info][gc,phases      ] GC(769)   Other: 0.11ms
[3430.988s][info][gc,heap        ] GC(769) Eden regions: 1117->0(1119)
[3430.988s][info][gc,heap        ] GC(769) Survivor regions: 111->109(154)
[3430.988s][info][gc,heap        ] GC(769) Old regions: 473->506
[3430.988s][info][gc,heap        ] GC(769) Humongous regions: 80->80
[3430.988s][info][gc,metaspace   ] GC(769) Metaspace: 28931K(29312K)->28931K(29312K) NonClass: 24063K(24256K)->24063K(24256K) Class: 4868K(5056K)->4868K(5056K)
[3430.988s][info][gc             ] GC(769) Pause Young (Concurrent Start) (G1 Evacuation Pause) 3560M->1388M(4096M) 116.771ms
[3430.988s][info][gc             ] GC(770) Concurrent Mark Cycle
[3430.988s][info][gc,marking     ] GC(770) Concurrent Scan Root Regions
[3430.988s][info][gc,cpu         ] GC(769) User=0.69s Sys=0.00s Real=0.12s
.[3431.168s][info][gc,marking     ] GC(770) Concurrent Scan Root Regions 179.611ms
[3431.168s][info][gc,marking     ] GC(770) Concurrent Mark
[3431.168s][info][gc,marking     ] GC(770) Concurrent Mark From Roots
[3431.168s][info][gc,task        ] GC(770) Using 2 workers of 2 for marking
.[3432.092s][info][gc,marking     ] GC(770) Concurrent Mark From Roots 924.010ms
[3432.092s][info][gc,marking     ] GC(770) Concurrent Preclean
[3432.092s][info][gc,marking     ] GC(770) Concurrent Preclean 0.083ms
[3432.092s][info][gc,start       ] GC(770) Pause Remark
[3432.099s][info][gc             ] GC(770) Pause Remark 2223M->2223M(4096M) 6.779ms
[3432.099s][info][gc,cpu         ] GC(770) User=0.04s Sys=0.00s Real=0.01s
[3432.099s][info][gc,marking     ] GC(770) Concurrent Mark 931.130ms
[3432.099s][info][gc,marking     ] GC(770) Concurrent Rebuild Remembered Sets and Scrub Regions
[3432.498s][info][gc,marking     ] GC(770) Concurrent Rebuild Remembered Sets and Scrub Regions 398.732ms
[3432.498s][info][gc,start       ] GC(770) Pause Cleanup
[3432.498s][info][gc             ] GC(770) Pause Cleanup 2546M->2546M(4096M) 0.109ms
[3432.498s][info][gc,cpu         ] GC(770) User=0.00s Sys=0.00s Real=0.00s
[3432.498s][info][gc,marking     ] GC(770) Concurrent Clear Claimed Marks
[3432.498s][info][gc,marking     ] GC(770) Concurrent Clear Claimed Marks 0.025ms
[3432.498s][info][gc,marking     ] GC(770) Concurrent Cleanup for Next Mark
[3432.502s][info][gc,marking     ] GC(770) Concurrent Cleanup for Next Mark 4.364ms
[3432.502s][info][gc             ] GC(770) Concurrent Mark Cycle 1514.363ms
..[3434.008s][info][gc,start       ] GC(771) Pause Young (Prepare Mixed) (G1 Evacuation Pause)
[3434.008s][info][gc,task        ] GC(771) Using 6 workers of 6 for evacuation
[3434.126s][info][gc,phases      ] GC(771)   Pre Evacuate Collection Set: 0.36ms
[3434.126s][info][gc,phases      ] GC(771)   Merge Heap Roots: 0.48ms
[3434.126s][info][gc,phases      ] GC(771)   Evacuate Collection Set: 115.89ms
[3434.126s][info][gc,phases      ] GC(771)   Post Evacuate Collection Set: 0.95ms
[3434.126s][info][gc,phases      ] GC(771)   Other: 0.10ms
[3434.126s][info][gc,heap        ] GC(771) Eden regions: 1119->0(1108)
[3434.126s][info][gc,heap        ] GC(771) Survivor regions: 109->110(154)
[3434.126s][info][gc,heap        ] GC(771) Old regions: 506->537
[3434.126s][info][gc,heap        ] GC(771) Humongous regions: 80->80
[3434.126s][info][gc,metaspace   ] GC(771) Metaspace: 28931K(29312K)->28931K(29312K) NonClass: 24063K(24256K)->24063K(24256K) Class: 4868K(5056K)->4868K(5056K)
[3434.126s][info][gc             ] GC(771) Pause Young (Prepare Mixed) (G1 Evacuation Pause) 3626M->1452M(4096M) 117.914ms
[3434.126s][info][gc,cpu         ] GC(771) User=0.70s Sys=0.00s Real=0.12s
...[3437.122s][info][gc,start       ] GC(772) Pause Young (Mixed) (G1 Evacuation Pause)
[3437.122s][info][gc,task        ] GC(772) Using 6 workers of 6 for evacuation
[3437.252s][info][gc,phases      ] GC(772)   Pre Evacuate Collection Set: 0.39ms
[3437.252s][info][gc,phases      ] GC(772)   Merge Heap Roots: 0.63ms
[3437.252s][info][gc,phases      ] GC(772)   Evacuate Collection Set: 127.83ms
[3437.252s][info][gc,phases      ] GC(772)   Post Evacuate Collection Set: 0.95ms
[3437.252s][info][gc,phases      ] GC(772)   Other: 0.08ms
[3437.252s][info][gc,heap        ] GC(772) Eden regions: 1108->0(1121)
[3437.252s][info][gc,heap        ] GC(772) Survivor regions: 110->107(153)
[3437.252s][info][gc,heap        ] GC(772) Old regions: 537->474
[3437.252s][info][gc,heap        ] GC(772) Humongous regions: 80->80
[3437.252s][info][gc,metaspace   ] GC(772) Metaspace: 28931K(29312K)->28931K(29312K) NonClass: 24063K(24256K)->24063K(24256K) Class: 4868K(5056K)->4868K(5056K)
[3437.252s][info][gc             ] GC(772) Pause Young (Mixed) (G1 Evacuation Pause) 3668M->1320M(4096M) 130.032ms
[3437.252s][info][gc,cpu         ] GC(772) User=0.77s Sys=0.00s Real=0.13s
...[3440.383s][info][gc,start       ] GC(773) Pause Young (Concurrent Start) (G1 Evacuation Pause)
[3440.383s][info][gc,task        ] GC(773) Using 6 workers of 6 for evacuation
[3440.503s][info][gc,phases      ] GC(773)   Pre Evacuate Collection Set: 0.38ms
[3440.503s][info][gc,phases      ] GC(773)   Merge Heap Roots: 0.47ms
[3440.503s][info][gc,phases      ] GC(773)   Evacuate Collection Set: 118.25ms
[3440.503s][info][gc,phases      ] GC(773)   Post Evacuate Collection Set: 0.89ms
[3440.503s][info][gc,phases      ] GC(773)   Other: 0.12ms
[3440.503s][info][gc,heap        ] GC(773) Eden regions: 1121->0(1117)
[3440.503s][info][gc,heap        ] GC(773) Survivor regions: 107->111(154)
[3440.503s][info][gc,heap        ] GC(773) Old regions: 474->505
[3440.503s][info][gc,heap        ] GC(773) Humongous regions: 80->80
[3440.503s][info][gc,metaspace   ] GC(773) Metaspace: 28931K(29312K)->28931K(29312K) NonClass: 24063K(24256K)->24063K(24256K) Class: 4868K(5056K)->4868K(5056K)
[3440.503s][info][gc             ] GC(773) Pause Young (Concurrent Start) (G1 Evacuation Pause) 3562M->1390M(4096M) 120.227ms
[3440.503s][info][gc             ] GC(774) Concurrent Mark Cycle
[3440.503s][info][gc,marking     ] GC(774) Concurrent Scan Root Regions
[3440.503s][info][gc,cpu         ] GC(773) User=0.71s Sys=0.00s Real=0.12s
[3440.688s][info][gc,marking     ] GC(774) Concurrent Scan Root Regions 184.468ms
[3440.688s][info][gc,marking     ] GC(774) Concurrent Mark
[3440.688s][info][gc,marking     ] GC(774) Concurrent Mark From Roots
[3440.688s][info][gc,task        ] GC(774) Using 2 workers of 2 for marking
.[3441.618s][info][gc,marking     ] GC(774) Concurrent Mark From Roots 930.021ms
[3441.618s][info][gc,marking     ] GC(774) Concurrent Preclean
[3441.618s][info][gc,marking     ] GC(774) Concurrent Preclean 0.140ms
[3441.618s][info][gc,start       ] GC(774) Pause Remark
[3441.625s][info][gc             ] GC(774) Pause Remark 2293M->2293M(4096M) 6.775ms
[3441.625s][info][gc,cpu         ] GC(774) User=0.04s Sys=0.00s Real=0.01s
[3441.625s][info][gc,marking     ] GC(774) Concurrent Mark 937.264ms
[3441.625s][info][gc,marking     ] GC(774) Concurrent Rebuild Remembered Sets and Scrub Regions
[3441.864s][info][gc,marking     ] GC(774) Concurrent Rebuild Remembered Sets and Scrub Regions 238.688ms
[3441.864s][info][gc,start       ] GC(774) Pause Cleanup
[3441.864s][info][gc             ] GC(774) Pause Cleanup 2459M->2459M(4096M) 0.106ms
[3441.864s][info][gc,cpu         ] GC(774) User=0.00s Sys=0.00s Real=0.00s
[3441.864s][info][gc,marking     ] GC(774) Concurrent Clear Claimed Marks
[3441.864s][info][gc,marking     ] GC(774) Concurrent Clear Claimed Marks 0.024ms
[3441.864s][info][gc,marking     ] GC(774) Concurrent Cleanup for Next Mark
[3441.868s][info][gc,marking     ] GC(774) Concurrent Cleanup for Next Mark 3.647ms
[3441.868s][info][gc             ] GC(774) Concurrent Mark Cycle 1364.549ms
..[3443.494s][info][gc,start       ] GC(775) Pause Young (Prepare Mixed) (G1 Evacuation Pause)
[3443.494s][info][gc,task        ] GC(775) Using 6 workers of 6 for evacuation
[3443.610s][info][gc,phases      ] GC(775)   Pre Evacuate Collection Set: 0.33ms
[3443.610s][info][gc,phases      ] GC(775)   Merge Heap Roots: 0.50ms
[3443.610s][info][gc,phases      ] GC(775)   Evacuate Collection Set: 113.64ms
[3443.610s][info][gc,phases      ] GC(775)   Post Evacuate Collection Set: 0.93ms
[3443.610s][info][gc,phases      ] GC(775)   Other: 0.09ms
[3443.610s][info][gc,heap        ] GC(775) Eden regions: 1117->0(1109)
[3443.610s][info][gc,heap        ] GC(775) Survivor regions: 111->109(154)
[3443.610s][info][gc,heap        ] GC(775) Old regions: 505->538
[3443.610s][info][gc,heap        ] GC(775) Humongous regions: 80->80
[3443.610s][info][gc,metaspace   ] GC(775) Metaspace: 28931K(29312K)->28931K(29312K) NonClass: 24063K(24256K)->24063K(24256K) Class: 4868K(5056K)->4868K(5056K)
[3443.610s][info][gc             ] GC(775) Pause Young (Prepare Mixed) (G1 Evacuation Pause) 3624M->1451M(4096M) 115.619ms
[3443.610s][info][gc,cpu         ] GC(775) User=0.68s Sys=0.00s Real=0.11s
...[3446.637s][info][gc,start       ] GC(776) Pause Young (Mixed) (G1 Evacuation Pause)
[3446.637s][info][gc,task        ] GC(776) Using 6 workers of 6 for evacuation
[3446.771s][info][gc,phases      ] GC(776)   Pre Evacuate Collection Set: 0.40ms
[3446.771s][info][gc,phases      ] GC(776)   Merge Heap Roots: 0.63ms
[3446.771s][info][gc,phases      ] GC(776)   Evacuate Collection Set: 131.66ms
[3446.771s][info][gc,phases      ] GC(776)   Post Evacuate Collection Set: 0.95ms
[3446.771s][info][gc,phases      ] GC(776)   Other: 0.10ms
[3446.771s][info][gc,heap        ] GC(776) Eden regions: 1109->0(1119)
[3446.771s][info][gc,heap        ] GC(776) Survivor regions: 109->109(153)
[3446.771s][info][gc,heap        ] GC(776) Old regions: 538->473
[3446.771s][info][gc,heap        ] GC(776) Humongous regions: 80->80
[3446.771s][info][gc,metaspace   ] GC(776) Metaspace: 28931K(29312K)->28931K(29312K) NonClass: 24063K(24256K)->24063K(24256K) Class: 4868K(5056K)->4868K(5056K)
[3446.771s][info][gc             ] GC(776) Pause Young (Mixed) (G1 Evacuation Pause) 3669M->1321M(4096M) 133.864ms
[3446.771s][info][gc,cpu         ] GC(776) User=0.79s Sys=0.00s Real=0.13s
...[3449.818s][info][gc,start       ] GC(777) Pause Young (Concurrent Start) (G1 Evacuation Pause)
[3449.818s][info][gc,task        ] GC(777) Using 6 workers of 6 for evacuation
[3449.936s][info][gc,phases      ] GC(777)   Pre Evacuate Collection Set: 0.40ms
[3449.936s][info][gc,phases      ] GC(777)   Merge Heap Roots: 0.45ms
[3449.936s][info][gc,phases      ] GC(777)   Evacuate Collection Set: 116.16ms
[3449.936s][info][gc,phases      ] GC(777)   Post Evacuate Collection Set: 0.88ms
[3449.936s][info][gc,phases      ] GC(777)   Other: 0.10ms
[3449.936s][info][gc,heap        ] GC(777) Eden regions: 1119->0(1118)
[3449.936s][info][gc,heap        ] GC(777) Survivor regions: 109->110(154)
[3449.936s][info][gc,heap        ] GC(777) Old regions: 473->504
[3449.936s][info][gc,heap        ] GC(777) Humongous regions: 80->80
[3449.936s][info][gc,metaspace   ] GC(777) Metaspace: 28931K(29312K)->28931K(29312K) NonClass: 24063K(24256K)->24063K(24256K) Class: 4868K(5056K)->4868K(5056K)
[3449.936s][info][gc             ] GC(777) Pause Young (Concurrent Start) (G1 Evacuation Pause) 3559M->1387M(4096M) 118.118ms
[3449.936s][info][gc             ] GC(778) Concurrent Mark Cycle
[3449.936s][info][gc,marking     ] GC(778) Concurrent Scan Root Regions
[3449.936s][info][gc,cpu         ] GC(777) User=0.70s Sys=0.00s Real=0.12s
.[3450.080s][info][gc,marking     ] GC(778) Concurrent Scan Root Regions 144.087ms
[3450.080s][info][gc,marking     ] GC(778) Concurrent Mark
[3450.080s][info][gc,marking     ] GC(778) Concurrent Mark From Roots
[3450.080s][info][gc,task        ] GC(778) Using 2 workers of 2 for marking
[3450.760s][info][gc,marking     ] GC(778) Concurrent Mark From Roots 679.804ms
[3450.760s][info][gc,marking     ] GC(778) Concurrent Preclean
[3450.760s][info][gc,marking     ] GC(778) Concurrent Preclean 0.106ms
[3450.761s][info][gc,start       ] GC(778) Pause Remark
[3450.766s][info][gc             ] GC(778) Pause Remark 2071M->2071M(4096M) 5.291ms
[3450.766s][info][gc,cpu         ] GC(778) User=0.03s Sys=0.00s Real=0.01s
[3450.766s][info][gc,marking     ] GC(778) Concurrent Mark 685.475ms
[3450.766s][info][gc,marking     ] GC(778) Concurrent Rebuild Remembered Sets and Scrub Regions
[3450.994s][info][gc,marking     ] GC(778) Concurrent Rebuild Remembered Sets and Scrub Regions 228.080ms
[3450.994s][info][gc,start       ] GC(778) Pause Cleanup
[3450.994s][info][gc             ] GC(778) Pause Cleanup 2189M->2189M(4096M) 0.120ms
[3450.994s][info][gc,cpu         ] GC(778) User=0.00s Sys=0.00s Real=0.00s
[3450.995s][info][gc,marking     ] GC(778) Concurrent Clear Claimed Marks
[3450.995s][info][gc,marking     ] GC(778) Concurrent Clear Claimed Marks 0.042ms
[3450.995s][info][gc,marking     ] GC(778) Concurrent Cleanup for Next Mark
[3451.000s][info][gc,marking     ] GC(778) Concurrent Cleanup for Next Mark 4.907ms
[3451.000s][info][gc             ] GC(778) Concurrent Mark Cycle 1064.034ms
..[3453.020s][info][gc,start       ] GC(779) Pause Young (Prepare Mixed) (G1 Evacuation Pause)
[3453.020s][info][gc,task        ] GC(779) Using 6 workers of 6 for evacuation
[3453.138s][info][gc,phases      ] GC(779)   Pre Evacuate Collection Set: 0.33ms
[3453.138s][info][gc,phases      ] GC(779)   Merge Heap Roots: 0.50ms
[3453.138s][info][gc,phases      ] GC(779)   Evacuate Collection Set: 117.01ms
[3453.138s][info][gc,phases      ] GC(779)   Post Evacuate Collection Set: 0.93ms
[3453.138s][info][gc,phases      ] GC(779)   Other: 0.11ms
[3453.138s][info][gc,heap        ] GC(779) Eden regions: 1118->0(1108)
[3453.138s][info][gc,heap        ] GC(779) Survivor regions: 110->110(154)
[3453.138s][info][gc,heap        ] GC(779) Old regions: 504->537
[3453.138s][info][gc,heap        ] GC(779) Humongous regions: 80->80
[3453.139s][info][gc,metaspace   ] GC(779) Metaspace: 28931K(29312K)->28931K(29312K) NonClass: 24063K(24256K)->24063K(24256K) Class: 4868K(5056K)->4868K(5056K)
[3453.139s][info][gc             ] GC(779) Pause Young (Prepare Mixed) (G1 Evacuation Pause) 3623M->1451M(4096M) 119.002ms
[3453.139s][info][gc,cpu         ] GC(779) User=0.71s Sys=0.00s Real=0.12s
...[3456.103s][info][gc,start       ] GC(780) Pause Young (Mixed) (G1 Evacuation Pause)
[3456.103s][info][gc,task        ] GC(780) Using 6 workers of 6 for evacuation
[3456.240s][info][gc,phases      ] GC(780)   Pre Evacuate Collection Set: 0.38ms
[3456.240s][info][gc,phases      ] GC(780)   Merge Heap Roots: 0.69ms
[3456.240s][info][gc,phases      ] GC(780)   Evacuate Collection Set: 134.59ms
[3456.240s][info][gc,phases      ] GC(780)   Post Evacuate Collection Set: 1.01ms
[3456.240s][info][gc,phases      ] GC(780)   Other: 0.09ms
[3456.240s][info][gc,heap        ] GC(780) Eden regions: 1108->0(1116)
[3456.240s][info][gc,heap        ] GC(780) Survivor regions: 110->112(153)
[3456.240s][info][gc,heap        ] GC(780) Old regions: 537->473
[3456.240s][info][gc,heap        ] GC(780) Humongous regions: 80->80
[3456.240s][info][gc,metaspace   ] GC(780) Metaspace: 28931K(29312K)->28931K(29312K) NonClass: 24063K(24256K)->24063K(24256K) Class: 4868K(5056K)->4868K(5056K)
[3456.240s][info][gc             ] GC(780) Pause Young (Mixed) (G1 Evacuation Pause) 3667M->1328M(4096M) 136.887ms
[3456.240s][info][gc,cpu         ] GC(780) User=0.81s Sys=0.00s Real=0.13s
....[3459.263s][info][gc,start       ] GC(781) Pause Young (Concurrent Start) (G1 Evacuation Pause)
[3459.263s][info][gc,task        ] GC(781) Using 6 workers of 6 for evacuation
[3459.377s][info][gc,phases      ] GC(781)   Pre Evacuate Collection Set: 0.40ms
[3459.377s][info][gc,phases      ] GC(781)   Merge Heap Roots: 0.44ms
[3459.377s][info][gc,phases      ] GC(781)   Evacuate Collection Set: 112.48ms
[3459.377s][info][gc,phases      ] GC(781)   Post Evacuate Collection Set: 0.88ms
[3459.377s][info][gc,phases      ] GC(781)   Other: 0.12ms
[3459.377s][info][gc,heap        ] GC(781) Eden regions: 1116->0(1121)
[3459.377s][info][gc,heap        ] GC(781) Survivor regions: 112->107(154)
[3459.377s][info][gc,heap        ] GC(781) Old regions: 473->505
[3459.377s][info][gc,heap        ] GC(781) Humongous regions: 80->80
[3459.377s][info][gc,metaspace   ] GC(781) Metaspace: 28931K(29312K)->28931K(29312K) NonClass: 24063K(24256K)->24063K(24256K) Class: 4868K(5056K)->4868K(5056K)
[3459.377s][info][gc             ] GC(781) Pause Young (Concurrent Start) (G1 Evacuation Pause) 3560M->1383M(4096M) 114.448ms
[3459.377s][info][gc             ] GC(782) Concurrent Mark Cycle
[3459.377s][info][gc,marking     ] GC(782) Concurrent Scan Root Regions
[3459.377s][info][gc,cpu         ] GC(781) User=0.67s Sys=0.00s Real=0.11s
[3459.557s][info][gc,marking     ] GC(782) Concurrent Scan Root Regions 179.574ms
[3459.557s][info][gc,marking     ] GC(782) Concurrent Mark
[3459.557s][info][gc,marking     ] GC(782) Concurrent Mark From Roots
[3459.557s][info][gc,task        ] GC(782) Using 2 workers of 2 for marking
.[3460.499s][info][gc,marking     ] GC(782) Concurrent Mark From Roots 942.024ms
[3460.499s][info][gc,marking     ] GC(782) Concurrent Preclean
[3460.499s][info][gc,marking     ] GC(782) Concurrent Preclean 0.111ms
[3460.499s][info][gc,start       ] GC(782) Pause Remark
[3460.506s][info][gc             ] GC(782) Pause Remark 2213M->2213M(4096M) 6.771ms
[3460.506s][info][gc,cpu         ] GC(782) User=0.04s Sys=0.00s Real=0.01s
[3460.507s][info][gc,marking     ] GC(782) Concurrent Mark 949.700ms
[3460.507s][info][gc,marking     ] GC(782) Concurrent Rebuild Remembered Sets and Scrub Regions
[3460.810s][info][gc,marking     ] GC(782) Concurrent Rebuild Remembered Sets and Scrub Regions 302.874ms
[3460.810s][info][gc,start       ] GC(782) Pause Cleanup
[3460.810s][info][gc             ] GC(782) Pause Cleanup 2445M->2445M(4096M) 0.107ms
[3460.810s][info][gc,cpu         ] GC(782) User=0.00s Sys=0.00s Real=0.00s
[3460.810s][info][gc,marking     ] GC(782) Concurrent Clear Claimed Marks
[3460.810s][info][gc,marking     ] GC(782) Concurrent Clear Claimed Marks 0.021ms
[3460.810s][info][gc,marking     ] GC(782) Concurrent Cleanup for Next Mark
[3460.813s][info][gc,marking     ] GC(782) Concurrent Cleanup for Next Mark 3.227ms
[3460.813s][info][gc             ] GC(782) Concurrent Mark Cycle 1435.815ms
..[3462.469s][info][gc,start       ] GC(783) Pause Young (Prepare Mixed) (G1 Evacuation Pause)
[3462.469s][info][gc,task        ] GC(783) Using 6 workers of 6 for evacuation
[3462.589s][info][gc,phases      ] GC(783)   Pre Evacuate Collection Set: 0.32ms
[3462.589s][info][gc,phases      ] GC(783)   Merge Heap Roots: 0.49ms
[3462.589s][info][gc,phases      ] GC(783)   Evacuate Collection Set: 117.84ms
[3462.589s][info][gc,phases      ] GC(783)   Post Evacuate Collection Set: 0.92ms
[3462.589s][info][gc,phases      ] GC(783)   Other: 0.09ms
[3462.589s][info][gc,heap        ] GC(783) Eden regions: 1121->0(1107)
[3462.589s][info][gc,heap        ] GC(783) Survivor regions: 107->111(154)
[3462.589s][info][gc,heap        ] GC(783) Old regions: 505->536
[3462.589s][info][gc,heap        ] GC(783) Humongous regions: 80->80
[3462.589s][info][gc,metaspace   ] GC(783) Metaspace: 28931K(29312K)->28931K(29312K) NonClass: 24063K(24256K)->24063K(24256K) Class: 4868K(5056K)->4868K(5056K)
[3462.589s][info][gc             ] GC(783) Pause Young (Prepare Mixed) (G1 Evacuation Pause) 3625M->1452M(4096M) 119.787ms
[3462.589s][info][gc,cpu         ] GC(783) User=0.71s Sys=0.00s Real=0.12s
...[3465.596s][info][gc,start       ] GC(784) Pause Young (Mixed) (G1 Evacuation Pause)
[3465.596s][info][gc,task        ] GC(784) Using 6 workers of 6 for evacuation
[3465.732s][info][gc,phases      ] GC(784)   Pre Evacuate Collection Set: 0.35ms
[3465.732s][info][gc,phases      ] GC(784)   Merge Heap Roots: 0.63ms
[3465.732s][info][gc,phases      ] GC(784)   Evacuate Collection Set: 133.58ms
[3465.732s][info][gc,phases      ] GC(784)   Post Evacuate Collection Set: 0.95ms
[3465.732s][info][gc,phases      ] GC(784)   Other: 0.09ms
[3465.732s][info][gc,heap        ] GC(784) Eden regions: 1107->0(1117)
[3465.732s][info][gc,heap        ] GC(784) Survivor regions: 111->111(153)
[3465.732s][info][gc,heap        ] GC(784) Old regions: 536->472
[3465.732s][info][gc,heap        ] GC(784) Humongous regions: 80->80
[3465.732s][info][gc,metaspace   ] GC(784) Metaspace: 28931K(29312K)->28931K(29312K) NonClass: 24063K(24256K)->24063K(24256K) Class: 4868K(5056K)->4868K(5056K)
[3465.732s][info][gc             ] GC(784) Pause Young (Mixed) (G1 Evacuation Pause) 3666M->1323M(4096M) 135.738ms
[3465.732s][info][gc,cpu         ] GC(784) User=0.81s Sys=0.00s Real=0.13s
...[3468.785s][info][gc,start       ] GC(785) Pause Young (Concurrent Start) (G1 Evacuation Pause)
[3468.785s][info][gc,task        ] GC(785) Using 6 workers of 6 for evacuation
[3468.906s][info][gc,phases      ] GC(785)   Pre Evacuate Collection Set: 0.39ms
[3468.906s][info][gc,phases      ] GC(785)   Merge Heap Roots: 0.46ms
[3468.906s][info][gc,phases      ] GC(785)   Evacuate Collection Set: 118.80ms
[3468.906s][info][gc,phases      ] GC(785)   Post Evacuate Collection Set: 0.93ms
[3468.906s][info][gc,phases      ] GC(785)   Other: 0.12ms
[3468.906s][info][gc,heap        ] GC(785) Eden regions: 1117->0(1116)
[3468.906s][info][gc,heap        ] GC(785) Survivor regions: 111->112(154)
[3468.906s][info][gc,heap        ] GC(785) Old regions: 472->504
[3468.906s][info][gc,heap        ] GC(785) Humongous regions: 80->80
[3468.906s][info][gc,metaspace   ] GC(785) Metaspace: 28931K(29312K)->28931K(29312K) NonClass: 24063K(24256K)->24063K(24256K) Class: 4868K(5056K)->4868K(5056K)
[3468.906s][info][gc             ] GC(785) Pause Young (Concurrent Start) (G1 Evacuation Pause) 3557M->1389M(4096M) 120.848ms
[3468.906s][info][gc             ] GC(786) Concurrent Mark Cycle
[3468.906s][info][gc,marking     ] GC(786) Concurrent Scan Root Regions
[3468.906s][info][gc,cpu         ] GC(785) User=0.71s Sys=0.00s Real=0.12s
[3469.091s][info][gc,marking     ] GC(786) Concurrent Scan Root Regions 184.993ms
[3469.091s][info][gc,marking     ] GC(786) Concurrent Mark
[3469.091s][info][gc,marking     ] GC(786) Concurrent Mark From Roots
[3469.091s][info][gc,task        ] GC(786) Using 2 workers of 2 for marking
.[3469.944s][info][gc,marking     ] GC(786) Concurrent Mark From Roots 853.230ms
[3469.944s][info][gc,marking     ] GC(786) Concurrent Preclean
[3469.944s][info][gc,marking     ] GC(786) Concurrent Preclean 0.084ms
[3469.944s][info][gc,start       ] GC(786) Pause Remark
[3469.950s][info][gc             ] GC(786) Pause Remark 2217M->2217M(4096M) 5.954ms
[3469.950s][info][gc,cpu         ] GC(786) User=0.03s Sys=0.00s Real=0.00s
[3469.950s][info][gc,marking     ] GC(786) Concurrent Mark 859.523ms
[3469.950s][info][gc,marking     ] GC(786) Concurrent Rebuild Remembered Sets and Scrub Regions
[3470.214s][info][gc,marking     ] GC(786) Concurrent Rebuild Remembered Sets and Scrub Regions 263.590ms
[3470.214s][info][gc,start       ] GC(786) Pause Cleanup
[3470.214s][info][gc             ] GC(786) Pause Cleanup 2407M->2407M(4096M) 0.110ms
[3470.214s][info][gc,cpu         ] GC(786) User=0.00s Sys=0.00s Real=0.00s
[3470.214s][info][gc,marking     ] GC(786) Concurrent Clear Claimed Marks
[3470.214s][info][gc,marking     ] GC(786) Concurrent Clear Claimed Marks 0.023ms
[3470.214s][info][gc,marking     ] GC(786) Concurrent Cleanup for Next Mark
[3470.218s][info][gc,marking     ] GC(786) Concurrent Cleanup for Next Mark 3.187ms
[3470.218s][info][gc             ] GC(786) Concurrent Mark Cycle 1311.785ms
..[3471.970s][info][gc,start       ] GC(787) Pause Young (Prepare Mixed) (G1 Evacuation Pause)
[3471.971s][info][gc,task        ] GC(787) Using 6 workers of 6 for evacuation
[3472.089s][info][gc,phases      ] GC(787)   Pre Evacuate Collection Set: 0.35ms
[3472.089s][info][gc,phases      ] GC(787)   Merge Heap Roots: 0.50ms
[3472.089s][info][gc,phases      ] GC(787)   Evacuate Collection Set: 116.75ms
[3472.089s][info][gc,phases      ] GC(787)   Post Evacuate Collection Set: 0.93ms
[3472.089s][info][gc,phases      ] GC(787)   Other: 0.09ms
[3472.089s][info][gc,heap        ] GC(787) Eden regions: 1116->0(1106)
[3472.089s][info][gc,heap        ] GC(787) Survivor regions: 112->112(154)
[3472.089s][info][gc,heap        ] GC(787) Old regions: 504->535
[3472.089s][info][gc,heap        ] GC(787) Humongous regions: 80->80
[3472.089s][info][gc,metaspace   ] GC(787) Metaspace: 28931K(29312K)->28931K(29312K) NonClass: 24063K(24256K)->24063K(24256K) Class: 4868K(5056K)->4868K(5056K)
[3472.089s][info][gc             ] GC(787) Pause Young (Prepare Mixed) (G1 Evacuation Pause) 3621M->1452M(4096M) 118.755ms
[3472.089s][info][gc,cpu         ] GC(787) User=0.70s Sys=0.00s Real=0.12s
...[3475.093s][info][gc,start       ] GC(788) Pause Young (Mixed) (G1 Evacuation Pause)
[3475.093s][info][gc,task        ] GC(788) Using 6 workers of 6 for evacuation
[3475.227s][info][gc,phases      ] GC(788)   Pre Evacuate Collection Set: 0.38ms
[3475.227s][info][gc,phases      ] GC(788)   Merge Heap Roots: 0.63ms
[3475.227s][info][gc,phases      ] GC(788)   Evacuate Collection Set: 131.85ms
[3475.227s][info][gc,phases      ] GC(788)   Post Evacuate Collection Set: 0.94ms
[3475.227s][info][gc,phases      ] GC(788)   Other: 0.09ms
[3475.227s][info][gc,heap        ] GC(788) Eden regions: 1106->0(1117)
[3475.227s][info][gc,heap        ] GC(788) Survivor regions: 112->111(153)
[3475.227s][info][gc,heap        ] GC(788) Old regions: 535->472
[3475.227s][info][gc,heap        ] GC(788) Humongous regions: 80->80
[3475.227s][info][gc,metaspace   ] GC(788) Metaspace: 28931K(29312K)->28931K(29312K) NonClass: 24063K(24256K)->24063K(24256K) Class: 4868K(5056K)->4868K(5056K)
[3475.227s][info][gc             ] GC(788) Pause Young (Mixed) (G1 Evacuation Pause) 3664M->1324M(4096M) 134.071ms
[3475.227s][info][gc,cpu         ] GC(788) User=0.79s Sys=0.00s Real=0.13s
...[3478.269s][info][gc,start       ] GC(789) Pause Young (Concurrent Start) (G1 Evacuation Pause)
[3478.269s][info][gc,task        ] GC(789) Using 6 workers of 6 for evacuation
[3478.390s][info][gc,phases      ] GC(789)   Pre Evacuate Collection Set: 0.37ms
[3478.390s][info][gc,phases      ] GC(789)   Merge Heap Roots: 0.46ms
[3478.390s][info][gc,phases      ] GC(789)   Evacuate Collection Set: 119.31ms
[3478.390s][info][gc,phases      ] GC(789)   Post Evacuate Collection Set: 0.89ms
[3478.390s][info][gc,phases      ] GC(789)   Other: 0.10ms
[3478.390s][info][gc,heap        ] GC(789) Eden regions: 1117->0(1115)
[3478.390s][info][gc,heap        ] GC(789) Survivor regions: 111->113(154)
[3478.390s][info][gc,heap        ] GC(789) Old regions: 472->504
[3478.390s][info][gc,heap        ] GC(789) Humongous regions: 80->80
[3478.390s][info][gc,metaspace   ] GC(789) Metaspace: 28931K(29312K)->28931K(29312K) NonClass: 24063K(24256K)->24063K(24256K) Class: 4868K(5056K)->4868K(5056K)
[3478.390s][info][gc             ] GC(789) Pause Young (Concurrent Start) (G1 Evacuation Pause) 3558M->1391M(4096M) 121.255ms
[3478.390s][info][gc             ] GC(790) Concurrent Mark Cycle
[3478.390s][info][gc,marking     ] GC(790) Concurrent Scan Root Regions
[3478.390s][info][gc,cpu         ] GC(789) User=0.72s Sys=0.00s Real=0.12s
.[3478.538s][info][gc,marking     ] GC(790) Concurrent Scan Root Regions 147.485ms
[3478.538s][info][gc,marking     ] GC(790) Concurrent Mark
[3478.538s][info][gc,marking     ] GC(790) Concurrent Mark From Roots
[3478.538s][info][gc,task        ] GC(790) Using 2 workers of 2 for marking
[3479.292s][info][gc,marking     ] GC(790) Concurrent Mark From Roots 754.224ms
[3479.292s][info][gc,marking     ] GC(790) Concurrent Preclean
[3479.292s][info][gc,marking     ] GC(790) Concurrent Preclean 0.114ms
[3479.293s][info][gc,start       ] GC(790) Pause Remark
[3479.299s][info][gc             ] GC(790) Pause Remark 2124M->2124M(4096M) 5.755ms
[3479.299s][info][gc,cpu         ] GC(790) User=0.03s Sys=0.00s Real=0.00s
[3479.299s][info][gc,marking     ] GC(790) Concurrent Mark 761.115ms
[3479.299s][info][gc,marking     ] GC(790) Concurrent Rebuild Remembered Sets and Scrub Regions
. (rIR:aIR:PR = 5950:5948:5948) (tPR = 88332) [OK] 
  3479s: Performance info:
         Transaction,    Success,    Partial,     Failed,   Receipts, AvgBarcode, 
             Overall,     359907,          0,          0,     341893,      59.47, 
         Response times:
             Request,    Success,    Partial,     Failed,   SkipFail,     Probes,    Samples,      min,      p50,      p90,      p95,      p99,      max, 
       TotalPurchase,     341893,          0,          0,          0,     335080,     363391,      300,     4900,    17000,    41000,    98000,   223000,
     InStorePurchase,     179874,          0,          0,          0,     176403,     190889,      300,     4800,    16800,    41000,    99000,   223000,
      OnlinePurchase,     126004,          0,          0,          0,     123560,     134231,      300,     4900,    16800,    41000,    97000,   215000,
        InstPurchase,      36015,          0,          0,          0,      35117,      38271,      400,     5300,    17900,    44000,    98000,   207000,
          AssocOfCat,        361,          0,          0,          0,        273,        366,    27000,    36000,    74900,   104500,   179660,   189000,
      AssocOfProduct,       3605,          0,          0,          0,       3286,       3798,      400,     5900,    15510,    44000,   103020,   144000,
      BusinessReport,        897,          0,          0,          0,        769,        942,    26000,    39000,    72000,    95850,   170570,   256000,
          CustBuyBeh,       3606,          0,          0,          0,       3379,       3902,      400,     4600,    16570,    41000,    93970,   175000,
       ProductReturn,       9545,          0,          0,          0,       8999,      10015,      200,     4000,    14400,    35000,    85000,   182000,

  3479s: (44%)   IR =   6088 [3479.543s][info][gc,marking     ] GC(790) Concurrent Rebuild Remembered Sets and Scrub Regions 244.182ms
[3479.543s][info][gc,start       ] GC(790) Pause Cleanup
[3479.544s][info][gc             ] GC(790) Pause Cleanup 2296M->2296M(4096M) 0.102ms
[3479.544s][info][gc,cpu         ] GC(790) User=0.00s Sys=0.00s Real=0.00s
[3479.544s][info][gc,marking     ] GC(790) Concurrent Clear Claimed Marks
[3479.544s][info][gc,marking     ] GC(790) Concurrent Clear Claimed Marks 0.025ms
[3479.544s][info][gc,marking     ] GC(790) Concurrent Cleanup for Next Mark
[3479.556s][info][gc,marking     ] GC(790) Concurrent Cleanup for Next Mark 12.120ms
[3479.556s][info][gc             ] GC(790) Concurrent Mark Cycle 1165.414ms
.[3481.357s][info][gc,start       ] GC(791) Pause Young (Prepare Mixed) (G1 Evacuation Pause)
[3481.357s][info][gc,task        ] GC(791) Using 6 workers of 6 for evacuation
[3481.473s][info][gc,phases      ] GC(791)   Pre Evacuate Collection Set: 0.35ms
[3481.473s][info][gc,phases      ] GC(791)   Merge Heap Roots: 0.52ms
[3481.473s][info][gc,phases      ] GC(791)   Evacuate Collection Set: 114.27ms
[3481.473s][info][gc,phases      ] GC(791)   Post Evacuate Collection Set: 1.02ms
[3481.473s][info][gc,phases      ] GC(791)   Other: 0.09ms
[3481.473s][info][gc,heap        ] GC(791) Eden regions: 1115->0(1114)
[3481.473s][info][gc,heap        ] GC(791) Survivor regions: 113->108(154)
[3481.473s][info][gc,heap        ] GC(791) Old regions: 504->535
[3481.473s][info][gc,heap        ] GC(791) Humongous regions: 80->80
[3481.473s][info][gc,metaspace   ] GC(791) Metaspace: 28931K(29312K)->28931K(29312K) NonClass: 24063K(24256K)->24063K(24256K) Class: 4868K(5056K)->4868K(5056K)
[3481.473s][info][gc             ] GC(791) Pause Young (Prepare Mixed) (G1 Evacuation Pause) 3621M->1444M(4096M) 116.412ms
[3481.473s][info][gc,cpu         ] GC(791) User=0.69s Sys=0.00s Real=0.12s
...[3484.454s][info][gc,start       ] GC(792) Pause Young (Mixed) (G1 Evacuation Pause)
[3484.454s][info][gc,task        ] GC(792) Using 6 workers of 6 for evacuation
[3484.584s][info][gc,phases      ] GC(792)   Pre Evacuate Collection Set: 0.43ms
[3484.584s][info][gc,phases      ] GC(792)   Merge Heap Roots: 0.61ms
[3484.584s][info][gc,phases      ] GC(792)   Evacuate Collection Set: 128.60ms
[3484.584s][info][gc,phases      ] GC(792)   Post Evacuate Collection Set: 0.95ms
[3484.584s][info][gc,phases      ] GC(792)   Other: 0.10ms
[3484.584s][info][gc,heap        ] GC(792) Eden regions: 1114->0(1120)
[3484.584s][info][gc,heap        ] GC(792) Survivor regions: 108->108(153)
[3484.584s][info][gc,heap        ] GC(792) Old regions: 535->471
[3484.584s][info][gc,heap        ] GC(792) Humongous regions: 80->80
[3484.584s][info][gc,metaspace   ] GC(792) Metaspace: 28931K(29312K)->28931K(29312K) NonClass: 24063K(24256K)->24063K(24256K) Class: 4868K(5056K)->4868K(5056K)
[3484.584s][info][gc             ] GC(792) Pause Young (Mixed) (G1 Evacuation Pause) 3672M->1316M(4096M) 130.829ms
[3484.584s][info][gc,cpu         ] GC(792) User=0.78s Sys=0.00s Real=0.13s
...[3487.569s][info][gc,start       ] GC(793) Pause Young (Concurrent Start) (G1 Evacuation Pause)
[3487.569s][info][gc,task        ] GC(793) Using 6 workers of 6 for evacuation
[3487.689s][info][gc,phases      ] GC(793)   Pre Evacuate Collection Set: 0.36ms
[3487.689s][info][gc,phases      ] GC(793)   Merge Heap Roots: 0.46ms
[3487.689s][info][gc,phases      ] GC(793)   Evacuate Collection Set: 118.62ms
[3487.689s][info][gc,phases      ] GC(793)   Post Evacuate Collection Set: 0.88ms
[3487.689s][info][gc,phases      ] GC(793)   Other: 0.12ms
[3487.689s][info][gc,heap        ] GC(793) Eden regions: 1120->0(1117)
[3487.689s][info][gc,heap        ] GC(793) Survivor regions: 108->111(154)
[3487.689s][info][gc,heap        ] GC(793) Old regions: 471->503
[3487.689s][info][gc,heap        ] GC(793) Humongous regions: 80->80
[3487.689s][info][gc,metaspace   ] GC(793) Metaspace: 28931K(29312K)->28931K(29312K) NonClass: 24063K(24256K)->24063K(24256K) Class: 4868K(5056K)->4868K(5056K)
[3487.689s][info][gc             ] GC(793) Pause Young (Concurrent Start) (G1 Evacuation Pause) 3556M->1387M(4096M) 120.586ms
[3487.689s][info][gc             ] GC(794) Concurrent Mark Cycle
[3487.689s][info][gc,marking     ] GC(794) Concurrent Scan Root Regions
[3487.689s][info][gc,cpu         ] GC(793) User=0.71s Sys=0.00s Real=0.12s
.[3487.833s][info][gc,marking     ] GC(794) Concurrent Scan Root Regions 144.075ms
[3487.833s][info][gc,marking     ] GC(794) Concurrent Mark
[3487.833s][info][gc,marking     ] GC(794) Concurrent Mark From Roots
[3487.833s][info][gc,task        ] GC(794) Using 2 workers of 2 for marking
[3488.542s][info][gc,marking     ] GC(794) Concurrent Mark From Roots 708.808ms
[3488.542s][info][gc,marking     ] GC(794) Concurrent Preclean
[3488.542s][info][gc,marking     ] GC(794) Concurrent Preclean 0.111ms
[3488.543s][info][gc,start       ] GC(794) Pause Remark
[3488.548s][info][gc             ] GC(794) Pause Remark 2106M->2106M(4096M) 5.101ms
[3488.548s][info][gc,cpu         ] GC(794) User=0.03s Sys=0.00s Real=0.00s
[3488.549s][info][gc,marking     ] GC(794) Concurrent Mark 716.133ms
[3488.550s][info][gc,marking     ] GC(794) Concurrent Rebuild Remembered Sets and Scrub Regions
.[3488.911s][info][gc,marking     ] GC(794) Concurrent Rebuild Remembered Sets and Scrub Regions 361.091ms
[3488.911s][info][gc,start       ] GC(794) Pause Cleanup
[3488.911s][info][gc             ] GC(794) Pause Cleanup 2381M->2381M(4096M) 0.128ms
[3488.911s][info][gc,cpu         ] GC(794) User=0.00s Sys=0.00s Real=0.00s
[3488.912s][info][gc,marking     ] GC(794) Concurrent Clear Claimed Marks
[3488.912s][info][gc,marking     ] GC(794) Concurrent Clear Claimed Marks 0.044ms
[3488.912s][info][gc,marking     ] GC(794) Concurrent Cleanup for Next Mark
[3488.915s][info][gc,marking     ] GC(794) Concurrent Cleanup for Next Mark 3.693ms
[3488.915s][info][gc             ] GC(794) Concurrent Mark Cycle 1226.165ms
.[3490.615s][info][gc,start       ] GC(795) Pause Young (Prepare Mixed) (G1 Evacuation Pause)
[3490.615s][info][gc,task        ] GC(795) Using 6 workers of 6 for evacuation
[3490.732s][info][gc,phases      ] GC(795)   Pre Evacuate Collection Set: 0.35ms
[3490.733s][info][gc,phases      ] GC(795)   Merge Heap Roots: 0.49ms
[3490.733s][info][gc,phases      ] GC(795)   Evacuate Collection Set: 115.73ms
[3490.733s][info][gc,phases      ] GC(795)   Post Evacuate Collection Set: 0.94ms
[3490.733s][info][gc,phases      ] GC(795)   Other: 0.09ms
[3490.733s][info][gc,heap        ] GC(795) Eden regions: 1117->0(1112)
[3490.733s][info][gc,heap        ] GC(795) Survivor regions: 111->109(154)
[3490.733s][info][gc,heap        ] GC(795) Old regions: 503->535
[3490.733s][info][gc,heap        ] GC(795) Humongous regions: 80->80
[3490.733s][info][gc,metaspace   ] GC(795) Metaspace: 28931K(29312K)->28931K(29312K) NonClass: 24063K(24256K)->24063K(24256K) Class: 4868K(5056K)->4868K(5056K)
[3490.733s][info][gc             ] GC(795) Pause Young (Prepare Mixed) (G1 Evacuation Pause) 3621M->1447M(4096M) 117.724ms
[3490.733s][info][gc,cpu         ] GC(795) User=0.69s Sys=0.00s Real=0.12s
.|...[3493.751s][info][gc,start       ] GC(796) Pause Young (Mixed) (G1 Evacuation Pause)
[3493.751s][info][gc,task        ] GC(796) Using 6 workers of 6 for evacuation
[3493.884s][info][gc,phases      ] GC(796)   Pre Evacuate Collection Set: 0.42ms
[3493.884s][info][gc,phases      ] GC(796)   Merge Heap Roots: 0.73ms
[3493.884s][info][gc,phases      ] GC(796)   Evacuate Collection Set: 131.54ms
[3493.884s][info][gc,phases      ] GC(796)   Post Evacuate Collection Set: 0.95ms
[3493.884s][info][gc,phases      ] GC(796)   Other: 0.09ms
[3493.884s][info][gc,heap        ] GC(796) Eden regions: 1112->0(1119)
[3493.884s][info][gc,heap        ] GC(796) Survivor regions: 109->109(153)
[3493.884s][info][gc,heap        ] GC(796) Old regions: 535->473
[3493.884s][info][gc,heap        ] GC(796) Humongous regions: 80->80
[3493.884s][info][gc,metaspace   ] GC(796) Metaspace: 28931K(29312K)->28931K(29312K) NonClass: 24063K(24256K)->24063K(24256K) Class: 4868K(5056K)->4868K(5056K)
[3493.884s][info][gc             ] GC(796) Pause Young (Mixed) (G1 Evacuation Pause) 3671M->1322M(4096M) 133.867ms
[3493.885s][info][gc,cpu         ] GC(796) User=0.79s Sys=0.00s Real=0.14s
...[3496.819s][info][gc,start       ] GC(797) Pause Young (Concurrent Start) (G1 Evacuation Pause)
[3496.819s][info][gc,task        ] GC(797) Using 6 workers of 6 for evacuation
[3496.938s][info][gc,phases      ] GC(797)   Pre Evacuate Collection Set: 0.43ms
[3496.938s][info][gc,phases      ] GC(797)   Merge Heap Roots: 0.46ms
[3496.938s][info][gc,phases      ] GC(797)   Evacuate Collection Set: 116.57ms
[3496.938s][info][gc,phases      ] GC(797)   Post Evacuate Collection Set: 0.87ms
[3496.938s][info][gc,phases      ] GC(797)   Other: 0.12ms
[3496.938s][info][gc,heap        ] GC(797) Eden regions: 1119->0(1118)
[3496.938s][info][gc,heap        ] GC(797) Survivor regions: 109->110(154)
[3496.938s][info][gc,heap        ] GC(797) Old regions: 473->505
[3496.938s][info][gc,heap        ] GC(797) Humongous regions: 80->80
[3496.938s][info][gc,metaspace   ] GC(797) Metaspace: 28931K(29312K)->28931K(29312K) NonClass: 24063K(24256K)->24063K(24256K) Class: 4868K(5056K)->4868K(5056K)
[3496.938s][info][gc             ] GC(797) Pause Young (Concurrent Start) (G1 Evacuation Pause) 3560M->1387M(4096M) 118.589ms
[3496.938s][info][gc             ] GC(798) Concurrent Mark Cycle
[3496.938s][info][gc,marking     ] GC(798) Concurrent Scan Root Regions
[3496.938s][info][gc,cpu         ] GC(797) User=0.70s Sys=0.00s Real=0.12s
[3497.125s][info][gc,marking     ] GC(798) Concurrent Scan Root Regions 187.071ms
[3497.125s][info][gc,marking     ] GC(798) Concurrent Mark
[3497.125s][info][gc,marking     ] GC(798) Concurrent Mark From Roots
[3497.125s][info][gc,task        ] GC(798) Using 2 workers of 2 for marking
.[3497.975s][info][gc,marking     ] GC(798) Concurrent Mark From Roots 850.146ms
[3497.975s][info][gc,marking     ] GC(798) Concurrent Preclean
[3497.975s][info][gc,marking     ] GC(798) Concurrent Preclean 0.138ms
[3497.977s][info][gc,start       ] GC(798) Pause Remark
[3497.983s][info][gc             ] GC(798) Pause Remark 2233M->2233M(4096M) 5.900ms
[3497.983s][info][gc,cpu         ] GC(798) User=0.04s Sys=0.00s Real=0.01s
[3497.984s][info][gc,marking     ] GC(798) Concurrent Mark 859.301ms
[3497.984s][info][gc,marking     ] GC(798) Concurrent Rebuild Remembered Sets and Scrub Regions
[3498.335s][info][gc,marking     ] GC(798) Concurrent Rebuild Remembered Sets and Scrub Regions 350.648ms
[3498.335s][info][gc,start       ] GC(798) Pause Cleanup
[3498.335s][info][gc             ] GC(798) Pause Cleanup 2508M->2508M(4096M) 0.096ms
[3498.335s][info][gc,cpu         ] GC(798) User=0.00s Sys=0.00s Real=0.00s
[3498.335s][info][gc,marking     ] GC(798) Concurrent Clear Claimed Marks
[3498.335s][info][gc,marking     ] GC(798) Concurrent Clear Claimed Marks 0.021ms
[3498.335s][info][gc,marking     ] GC(798) Concurrent Cleanup for Next Mark
[3498.339s][info][gc,marking     ] GC(798) Concurrent Cleanup for Next Mark 4.308ms
[3498.340s][info][gc             ] GC(798) Concurrent Mark Cycle 1401.806ms
..[3499.887s][info][gc,start       ] GC(799) Pause Young (Prepare Mixed) (G1 Evacuation Pause)
[3499.887s][info][gc,task        ] GC(799) Using 6 workers of 6 for evacuation
[3500.008s][info][gc,phases      ] GC(799)   Pre Evacuate Collection Set: 0.32ms
[3500.008s][info][gc,phases      ] GC(799)   Merge Heap Roots: 0.51ms
[3500.008s][info][gc,phases      ] GC(799)   Evacuate Collection Set: 118.83ms
[3500.008s][info][gc,phases      ] GC(799)   Post Evacuate Collection Set: 0.83ms
[3500.008s][info][gc,phases      ] GC(799)   Other: 0.08ms
[3500.008s][info][gc,heap        ] GC(799) Eden regions: 1118->0(1104)
[3500.008s][info][gc,heap        ] GC(799) Survivor regions: 110->112(154)
[3500.008s][info][gc,heap        ] GC(799) Old regions: 505->537
[3500.008s][info][gc,heap        ] GC(799) Humongous regions: 80->80
[3500.008s][info][gc,metaspace   ] GC(799) Metaspace: 28931K(29312K)->28931K(29312K) NonClass: 24063K(24256K)->24063K(24256K) Class: 4868K(5056K)->4868K(5056K)
[3500.008s][info][gc             ] GC(799) Pause Young (Prepare Mixed) (G1 Evacuation Pause) 3623M->1456M(4096M) 120.715ms
[3500.008s][info][gc,cpu         ] GC(799) User=0.71s Sys=0.00s Real=0.12s
...[3502.997s][info][gc,start       ] GC(800) Pause Young (Mixed) (G1 Evacuation Pause)
[3502.997s][info][gc,task        ] GC(800) Using 6 workers of 6 for evacuation
[3503.134s][info][gc,phases      ] GC(800)   Pre Evacuate Collection Set: 0.37ms
[3503.134s][info][gc,phases      ] GC(800)   Merge Heap Roots: 0.66ms
[3503.134s][info][gc,phases      ] GC(800)   Evacuate Collection Set: 134.21ms
[3503.134s][info][gc,phases      ] GC(800)   Post Evacuate Collection Set: 0.93ms
[3503.134s][info][gc,phases      ] GC(800)   Other: 0.09ms
[3503.134s][info][gc,heap        ] GC(800) Eden regions: 1104->0(1115)
[3503.134s][info][gc,heap        ] GC(800) Survivor regions: 112->113(152)
[3503.134s][info][gc,heap        ] GC(800) Old regions: 537->472
[3503.134s][info][gc,heap        ] GC(800) Humongous regions: 80->80
[3503.134s][info][gc,metaspace   ] GC(800) Metaspace: 28931K(29312K)->28931K(29312K) NonClass: 24063K(24256K)->24063K(24256K) Class: 4868K(5056K)->4868K(5056K)
[3503.134s][info][gc             ] GC(800) Pause Young (Mixed) (G1 Evacuation Pause) 3664M->1328M(4096M) 136.383ms
[3503.134s][info][gc,cpu         ] GC(800) User=0.81s Sys=0.00s Real=0.14s
...[3506.080s][info][gc,start       ] GC(801) Pause Young (Concurrent Start) (G1 Evacuation Pause)
[3506.080s][info][gc,task        ] GC(801) Using 6 workers of 6 for evacuation
[3506.199s][info][gc,phases      ] GC(801)   Pre Evacuate Collection Set: 0.37ms
[3506.199s][info][gc,phases      ] GC(801)   Merge Heap Roots: 0.45ms
[3506.199s][info][gc,phases      ] GC(801)   Evacuate Collection Set: 116.61ms
[3506.199s][info][gc,phases      ] GC(801)   Post Evacuate Collection Set: 0.87ms
[3506.199s][info][gc,phases      ] GC(801)   Other: 0.09ms
[3506.199s][info][gc,heap        ] GC(801) Eden regions: 1115->0(1117)
[3506.199s][info][gc,heap        ] GC(801) Survivor regions: 113->111(154)
[3506.199s][info][gc,heap        ] GC(801) Old regions: 472->504
[3506.199s][info][gc,heap        ] GC(801) Humongous regions: 80->80
[3506.199s][info][gc,metaspace   ] GC(801) Metaspace: 28931K(29312K)->28931K(29312K) NonClass: 24063K(24256K)->24063K(24256K) Class: 4868K(5056K)->4868K(5056K)
[3506.199s][info][gc             ] GC(801) Pause Young (Concurrent Start) (G1 Evacuation Pause) 3558M->1388M(4096M) 118.520ms
[3506.199s][info][gc             ] GC(802) Concurrent Mark Cycle
[3506.199s][info][gc,marking     ] GC(802) Concurrent Scan Root Regions
[3506.199s][info][gc,cpu         ] GC(801) User=0.70s Sys=0.00s Real=0.12s
[3506.386s][info][gc,marking     ] GC(802) Concurrent Scan Root Regions 187.195ms
[3506.386s][info][gc,marking     ] GC(802) Concurrent Mark
[3506.386s][info][gc,marking     ] GC(802) Concurrent Mark From Roots
[3506.386s][info][gc,task        ] GC(802) Using 2 workers of 2 for marking
.[3507.054s][info][gc,marking     ] GC(802) Concurrent Mark From Roots 667.949ms
[3507.054s][info][gc,marking     ] GC(802) Concurrent Preclean
[3507.054s][info][gc,marking     ] GC(802) Concurrent Preclean 0.112ms
[3507.054s][info][gc,start       ] GC(802) Pause Remark
[3507.058s][info][gc             ] GC(802) Pause Remark 2040M->2040M(4096M) 4.065ms
[3507.059s][info][gc,cpu         ] GC(802) User=0.02s Sys=0.00s Real=0.00s
[3507.059s][info][gc,marking     ] GC(802) Concurrent Mark 672.594ms
[3507.059s][info][gc,marking     ] GC(802) Concurrent Rebuild Remembered Sets and Scrub Regions
[3507.351s][info][gc,marking     ] GC(802) Concurrent Rebuild Remembered Sets and Scrub Regions 292.165ms
[3507.351s][info][gc,start       ] GC(802) Pause Cleanup
[3507.351s][info][gc             ] GC(802) Pause Cleanup 2285M->2285M(4096M) 0.122ms
[3507.351s][info][gc,cpu         ] GC(802) User=0.00s Sys=0.00s Real=0.00s
[3507.352s][info][gc,marking     ] GC(802) Concurrent Clear Claimed Marks
[3507.352s][info][gc,marking     ] GC(802) Concurrent Clear Claimed Marks 0.041ms
[3507.352s][info][gc,marking     ] GC(802) Concurrent Cleanup for Next Mark
[3507.359s][info][gc,marking     ] GC(802) Concurrent Cleanup for Next Mark 6.549ms
[3507.359s][info][gc             ] GC(802) Concurrent Mark Cycle 1160.219ms
..[3509.118s][info][gc,start       ] GC(803) Pause Young (Prepare Mixed) (G1 Evacuation Pause)
[3509.118s][info][gc,task        ] GC(803) Using 6 workers of 6 for evacuation
[3509.235s][info][gc,phases      ] GC(803)   Pre Evacuate Collection Set: 0.32ms
[3509.235s][info][gc,phases      ] GC(803)   Merge Heap Roots: 0.49ms
[3509.235s][info][gc,phases      ] GC(803)   Evacuate Collection Set: 114.37ms
[3509.235s][info][gc,phases      ] GC(803)   Post Evacuate Collection Set: 0.94ms
[3509.235s][info][gc,phases      ] GC(803)   Other: 0.08ms
[3509.235s][info][gc,heap        ] GC(803) Eden regions: 1117->0(1115)
[3509.235s][info][gc,heap        ] GC(803) Survivor regions: 111->107(154)
[3509.235s][info][gc,heap        ] GC(803) Old regions: 504->536
[3509.235s][info][gc,heap        ] GC(803) Humongous regions: 80->80
[3509.235s][info][gc,metaspace   ] GC(803) Metaspace: 28931K(29312K)->28931K(29312K) NonClass: 24063K(24256K)->24063K(24256K) Class: 4868K(5056K)->4868K(5056K)
[3509.235s][info][gc             ] GC(803) Pause Young (Prepare Mixed) (G1 Evacuation Pause) 3622M->1445M(4096M) 116.332ms
[3509.235s][info][gc,cpu         ] GC(803) User=0.69s Sys=0.00s Real=0.12s
...[3512.227s][info][gc,start       ] GC(804) Pause Young (Mixed) (G1 Evacuation Pause)
[3512.227s][info][gc,task        ] GC(804) Using 6 workers of 6 for evacuation
[3512.361s][info][gc,phases      ] GC(804)   Pre Evacuate Collection Set: 0.38ms
[3512.361s][info][gc,phases      ] GC(804)   Merge Heap Roots: 0.67ms
[3512.361s][info][gc,phases      ] GC(804)   Evacuate Collection Set: 131.30ms
[3512.361s][info][gc,phases      ] GC(804)   Post Evacuate Collection Set: 0.96ms
[3512.361s][info][gc,phases      ] GC(804)   Other: 0.09ms
[3512.361s][info][gc,heap        ] GC(804) Eden regions: 1115->0(1119)
[3512.361s][info][gc,heap        ] GC(804) Survivor regions: 107->109(153)
[3512.361s][info][gc,heap        ] GC(804) Old regions: 536->474
[3512.361s][info][gc,heap        ] GC(804) Humongous regions: 80->80
[3512.361s][info][gc,metaspace   ] GC(804) Metaspace: 28931K(29312K)->28931K(29312K) NonClass: 24063K(24256K)->24063K(24256K) Class: 4868K(5056K)->4868K(5056K)
[3512.361s][info][gc             ] GC(804) Pause Young (Mixed) (G1 Evacuation Pause) 3675M->1325M(4096M) 133.533ms
[3512.361s][info][gc,cpu         ] GC(804) User=0.79s Sys=0.00s Real=0.13s
...[3515.329s][info][gc,start       ] GC(805) Pause Young (Concurrent Start) (G1 Evacuation Pause)
[3515.329s][info][gc,task        ] GC(805) Using 6 workers of 6 for evacuation
[3515.445s][info][gc,phases      ] GC(805)   Pre Evacuate Collection Set: 0.35ms
[3515.445s][info][gc,phases      ] GC(805)   Merge Heap Roots: 0.44ms
[3515.445s][info][gc,phases      ] GC(805)   Evacuate Collection Set: 114.36ms
[3515.445s][info][gc,phases      ] GC(805)   Post Evacuate Collection Set: 0.90ms
[3515.445s][info][gc,phases      ] GC(805)   Other: 0.11ms
[3515.445s][info][gc,heap        ] GC(805) Eden regions: 1119->0(1119)
[3515.445s][info][gc,heap        ] GC(805) Survivor regions: 109->109(154)
[3515.445s][info][gc,heap        ] GC(805) Old regions: 474->506
[3515.445s][info][gc,heap        ] GC(805) Humongous regions: 80->80
[3515.445s][info][gc,metaspace   ] GC(805) Metaspace: 28931K(29312K)->28931K(29312K) NonClass: 24063K(24256K)->24063K(24256K) Class: 4868K(5056K)->4868K(5056K)
[3515.445s][info][gc             ] GC(805) Pause Young (Concurrent Start) (G1 Evacuation Pause) 3563M->1388M(4096M) 116.282ms
[3515.445s][info][gc             ] GC(806) Concurrent Mark Cycle
[3515.445s][info][gc,cpu         ] GC(805) User=0.68s Sys=0.00s Real=0.12s
[3515.445s][info][gc,marking     ] GC(806) Concurrent Scan Root Regions
[3515.589s][info][gc,marking     ] GC(806) Concurrent Scan Root Regions 144.062ms
[3515.589s][info][gc,marking     ] GC(806) Concurrent Mark
[3515.589s][info][gc,marking     ] GC(806) Concurrent Mark From Roots
[3515.589s][info][gc,task        ] GC(806) Using 2 workers of 2 for marking
.[3516.245s][info][gc,marking     ] GC(806) Concurrent Mark From Roots 656.339ms
[3516.245s][info][gc,marking     ] GC(806) Concurrent Preclean
[3516.246s][info][gc,marking     ] GC(806) Concurrent Preclean 0.130ms
[3516.247s][info][gc,start       ] GC(806) Pause Remark
[3516.253s][info][gc             ] GC(806) Pause Remark 2004M->2004M(4096M) 5.461ms
[3516.253s][info][gc,cpu         ] GC(806) User=0.03s Sys=0.00s Real=0.01s
[3516.253s][info][gc,marking     ] GC(806) Concurrent Mark 663.623ms
[3516.253s][info][gc,marking     ] GC(806) Concurrent Rebuild Remembered Sets and Scrub Regions
[3516.517s][info][gc,marking     ] GC(806) Concurrent Rebuild Remembered Sets and Scrub Regions 263.827ms
[3516.517s][info][gc,start       ] GC(806) Pause Cleanup
[3516.518s][info][gc             ] GC(806) Pause Cleanup 2220M->2220M(4096M) 0.114ms
[3516.518s][info][gc,cpu         ] GC(806) User=0.00s Sys=0.00s Real=0.00s
[3516.518s][info][gc,marking     ] GC(806) Concurrent Clear Claimed Marks
[3516.518s][info][gc,marking     ] GC(806) Concurrent Clear Claimed Marks 0.031ms
[3516.518s][info][gc,marking     ] GC(806) Concurrent Cleanup for Next Mark
[3516.530s][info][gc,marking     ] GC(806) Concurrent Cleanup for Next Mark 12.226ms
[3516.530s][info][gc             ] GC(806) Concurrent Mark Cycle 1085.263ms
..[3518.463s][info][gc,start       ] GC(807) Pause Young (Prepare Mixed) (G1 Evacuation Pause)
[3518.464s][info][gc,task        ] GC(807) Using 6 workers of 6 for evacuation
[3518.590s][info][gc,phases      ] GC(807)   Pre Evacuate Collection Set: 0.37ms
[3518.590s][info][gc,phases      ] GC(807)   Merge Heap Roots: 0.54ms
[3518.590s][info][gc,phases      ] GC(807)   Evacuate Collection Set: 124.47ms
[3518.590s][info][gc,phases      ] GC(807)   Post Evacuate Collection Set: 0.95ms
[3518.590s][info][gc,phases      ] GC(807)   Other: 0.08ms
[3518.590s][info][gc,heap        ] GC(807) Eden regions: 1119->0(1095)
[3518.590s][info][gc,heap        ] GC(807) Survivor regions: 109->116(154)
[3518.590s][info][gc,heap        ] GC(807) Old regions: 506->538
[3518.590s][info][gc,heap        ] GC(807) Humongous regions: 80->80
[3518.590s][info][gc,metaspace   ] GC(807) Metaspace: 28931K(29312K)->28931K(29312K) NonClass: 24063K(24256K)->24063K(24256K) Class: 4868K(5056K)->4868K(5056K)
[3518.590s][info][gc             ] GC(807) Pause Young (Prepare Mixed) (G1 Evacuation Pause) 3626M->1466M(4096M) 126.545ms
[3518.590s][info][gc,cpu         ] GC(807) User=0.75s Sys=0.00s Real=0.12s
...[3521.474s][info][gc,start       ] GC(808) Pause Young (Mixed) (G1 Evacuation Pause)
[3521.474s][info][gc,task        ] GC(808) Using 6 workers of 6 for evacuation
[3521.604s][info][gc,phases      ] GC(808)   Pre Evacuate Collection Set: 0.39ms
[3521.604s][info][gc,phases      ] GC(808)   Merge Heap Roots: 0.62ms
[3521.604s][info][gc,phases      ] GC(808)   Evacuate Collection Set: 128.53ms
[3521.604s][info][gc,phases      ] GC(808)   Post Evacuate Collection Set: 0.93ms
[3521.604s][info][gc,phases      ] GC(808)   Other: 0.09ms
[3521.604s][info][gc,heap        ] GC(808) Eden regions: 1095->0(1120)
[3521.604s][info][gc,heap        ] GC(808) Survivor regions: 116->108(152)
[3521.604s][info][gc,heap        ] GC(808) Old regions: 538->473
[3521.604s][info][gc,heap        ] GC(808) Humongous regions: 80->80
[3521.604s][info][gc,metaspace   ] GC(808) Metaspace: 28931K(29312K)->28931K(29312K) NonClass: 24063K(24256K)->24063K(24256K) Class: 4868K(5056K)->4868K(5056K)
[3521.604s][info][gc             ] GC(808) Pause Young (Mixed) (G1 Evacuation Pause) 3656M->1319M(4096M) 130.703ms
[3521.605s][info][gc,cpu         ] GC(808) User=0.78s Sys=0.00s Real=0.13s
...[3524.524s][info][gc,start       ] GC(809) Pause Young (Concurrent Start) (G1 Evacuation Pause)
[3524.524s][info][gc,task        ] GC(809) Using 6 workers of 6 for evacuation
[3524.640s][info][gc,phases      ] GC(809)   Pre Evacuate Collection Set: 0.38ms
[3524.640s][info][gc,phases      ] GC(809)   Merge Heap Roots: 0.45ms
[3524.640s][info][gc,phases      ] GC(809)   Evacuate Collection Set: 114.14ms
[3524.640s][info][gc,phases      ] GC(809)   Post Evacuate Collection Set: 0.87ms
[3524.640s][info][gc,phases      ] GC(809)   Other: 0.11ms
[3524.640s][info][gc,heap        ] GC(809) Eden regions: 1120->0(1120)
[3524.640s][info][gc,heap        ] GC(809) Survivor regions: 108->108(154)
[3524.640s][info][gc,heap        ] GC(809) Old regions: 473->505
[3524.640s][info][gc,heap        ] GC(809) Humongous regions: 80->80
[3524.640s][info][gc,metaspace   ] GC(809) Metaspace: 28931K(29312K)->28931K(29312K) NonClass: 24063K(24256K)->24063K(24256K) Class: 4868K(5056K)->4868K(5056K)
[3524.640s][info][gc             ] GC(809) Pause Young (Concurrent Start) (G1 Evacuation Pause) 3559M->1383M(4096M) 116.097ms
[3524.640s][info][gc             ] GC(810) Concurrent Mark Cycle
[3524.640s][info][gc,marking     ] GC(810) Concurrent Scan Root Regions
[3524.640s][info][gc,cpu         ] GC(809) User=0.69s Sys=0.01s Real=0.11s
[3524.791s][info][gc,marking     ] GC(810) Concurrent Scan Root Regions 151.080ms
[3524.791s][info][gc,marking     ] GC(810) Concurrent Mark
[3524.791s][info][gc,marking     ] GC(810) Concurrent Mark From Roots
[3524.791s][info][gc,task        ] GC(810) Using 2 workers of 2 for marking
.[3525.438s][info][gc,marking     ] GC(810) Concurrent Mark From Roots 646.538ms
[3525.438s][info][gc,marking     ] GC(810) Concurrent Preclean
[3525.438s][info][gc,marking     ] GC(810) Concurrent Preclean 0.108ms
[3525.438s][info][gc,start       ] GC(810) Pause Remark
[3525.444s][info][gc             ] GC(810) Pause Remark 1986M->1986M(4096M) 5.442ms
[3525.444s][info][gc,cpu         ] GC(810) User=0.03s Sys=0.00s Real=0.01s
[3525.444s][info][gc,marking     ] GC(810) Concurrent Mark 652.358ms
[3525.444s][info][gc,marking     ] GC(810) Concurrent Rebuild Remembered Sets and Scrub Regions
[3525.738s][info][gc,marking     ] GC(810) Concurrent Rebuild Remembered Sets and Scrub Regions 294.434ms
[3525.738s][info][gc,start       ] GC(810) Pause Cleanup
[3525.738s][info][gc             ] GC(810) Pause Cleanup 2204M->2204M(4096M) 0.111ms
[3525.738s][info][gc,cpu         ] GC(810) User=0.00s Sys=0.00s Real=0.00s
[3525.738s][info][gc,marking     ] GC(810) Concurrent Clear Claimed Marks
[3525.739s][info][gc,marking     ] GC(810) Concurrent Clear Claimed Marks 0.027ms
[3525.739s][info][gc,marking     ] GC(810) Concurrent Cleanup for Next Mark
[3525.742s][info][gc,marking     ] GC(810) Concurrent Cleanup for Next Mark 3.266ms
[3525.742s][info][gc             ] GC(810) Concurrent Mark Cycle 1101.590ms
..[3527.619s][info][gc,start       ] GC(811) Pause Young (Prepare Mixed) (G1 Evacuation Pause)
[3527.619s][info][gc,task        ] GC(811) Using 6 workers of 6 for evacuation
[3527.735s][info][gc,phases      ] GC(811)   Pre Evacuate Collection Set: 0.36ms
[3527.735s][info][gc,phases      ] GC(811)   Merge Heap Roots: 0.52ms
[3527.735s][info][gc,phases      ] GC(811)   Evacuate Collection Set: 113.91ms
[3527.735s][info][gc,phases      ] GC(811)   Post Evacuate Collection Set: 0.98ms
[3527.735s][info][gc,phases      ] GC(811)   Other: 0.09ms
[3527.735s][info][gc,heap        ] GC(811) Eden regions: 1120->0(1113)
[3527.735s][info][gc,heap        ] GC(811) Survivor regions: 108->108(154)
[3527.735s][info][gc,heap        ] GC(811) Old regions: 505->536
[3527.735s][info][gc,heap        ] GC(811) Humongous regions: 80->80
[3527.735s][info][gc,metaspace   ] GC(811) Metaspace: 28931K(29312K)->28931K(29312K) NonClass: 24063K(24256K)->24063K(24256K) Class: 4868K(5056K)->4868K(5056K)
[3527.735s][info][gc             ] GC(811) Pause Young (Prepare Mixed) (G1 Evacuation Pause) 3623M->1446M(4096M) 115.993ms
[3527.735s][info][gc,cpu         ] GC(811) User=0.69s Sys=0.00s Real=0.12s
...[3530.644s][info][gc,start       ] GC(812) Pause Young (Mixed) (G1 Evacuation Pause)
[3530.645s][info][gc,task        ] GC(812) Using 6 workers of 6 for evacuation
[3530.776s][info][gc,phases      ] GC(812)   Pre Evacuate Collection Set: 0.39ms
[3530.776s][info][gc,phases      ] GC(812)   Merge Heap Roots: 0.65ms
[3530.776s][info][gc,phases      ] GC(812)   Evacuate Collection Set: 129.63ms
[3530.776s][info][gc,phases      ] GC(812)   Post Evacuate Collection Set: 0.95ms
[3530.776s][info][gc,phases      ] GC(812)   Other: 0.09ms
[3530.776s][info][gc,heap        ] GC(812) Eden regions: 1113->0(1120)
[3530.776s][info][gc,heap        ] GC(812) Survivor regions: 108->108(153)
[3530.776s][info][gc,heap        ] GC(812) Old regions: 536->473
[3530.776s][info][gc,heap        ] GC(812) Humongous regions: 80->80
[3530.776s][info][gc,metaspace   ] GC(812) Metaspace: 28932K(29312K)->28932K(29312K) NonClass: 24063K(24256K)->24063K(24256K) Class: 4868K(5056K)->4868K(5056K)
[3530.776s][info][gc             ] GC(812) Pause Young (Mixed) (G1 Evacuation Pause) 3672M->1319M(4096M) 131.862ms
[3530.776s][info][gc,cpu         ] GC(812) User=0.78s Sys=0.00s Real=0.13s
...[3533.815s][info][gc,start       ] GC(813) Pause Young (Concurrent Start) (G1 Evacuation Pause)
[3533.815s][info][gc,task        ] GC(813) Using 6 workers of 6 for evacuation
[3533.934s][info][gc,phases      ] GC(813)   Pre Evacuate Collection Set: 0.38ms
[3533.934s][info][gc,phases      ] GC(813)   Merge Heap Roots: 0.49ms
[3533.934s][info][gc,phases      ] GC(813)   Evacuate Collection Set: 116.62ms
[3533.934s][info][gc,phases      ] GC(813)   Post Evacuate Collection Set: 0.89ms
[3533.934s][info][gc,phases      ] GC(813)   Other: 0.12ms
[3533.934s][info][gc,heap        ] GC(813) Eden regions: 1120->0(1118)
[3533.934s][info][gc,heap        ] GC(813) Survivor regions: 108->110(154)
[3533.934s][info][gc,heap        ] GC(813) Old regions: 473->504
[3533.934s][info][gc,heap        ] GC(813) Humongous regions: 80->80
[3533.934s][info][gc,metaspace   ] GC(813) Metaspace: 28932K(29312K)->28932K(29312K) NonClass: 24063K(24256K)->24063K(24256K) Class: 4868K(5056K)->4868K(5056K)
[3533.934s][info][gc             ] GC(813) Pause Young (Concurrent Start) (G1 Evacuation Pause) 3559M->1387M(4096M) 118.623ms
[3533.934s][info][gc             ] GC(814) Concurrent Mark Cycle
[3533.934s][info][gc,marking     ] GC(814) Concurrent Scan Root Regions
[3533.934s][info][gc,cpu         ] GC(813) User=0.70s Sys=0.00s Real=0.12s
.[3534.082s][info][gc,marking     ] GC(814) Concurrent Scan Root Regions 148.478ms
[3534.082s][info][gc,marking     ] GC(814) Concurrent Mark
[3534.082s][info][gc,marking     ] GC(814) Concurrent Mark From Roots
[3534.082s][info][gc,task        ] GC(814) Using 2 workers of 2 for marking
[3534.756s][info][gc,marking     ] GC(814) Concurrent Mark From Roots 673.641ms
[3534.756s][info][gc,marking     ] GC(814) Concurrent Preclean
[3534.756s][info][gc,marking     ] GC(814) Concurrent Preclean 0.133ms
[3534.758s][info][gc,start       ] GC(814) Pause Remark
[3534.763s][info][gc             ] GC(814) Pause Remark 2061M->2061M(4096M) 5.465ms
[3534.763s][info][gc,cpu         ] GC(814) User=0.03s Sys=0.00s Real=0.01s
[3534.764s][info][gc,marking     ] GC(814) Concurrent Mark 681.273ms
[3534.764s][info][gc,marking     ] GC(814) Concurrent Rebuild Remembered Sets and Scrub Regions
.[3535.018s][info][gc,marking     ] GC(814) Concurrent Rebuild Remembered Sets and Scrub Regions 254.919ms
[3535.019s][info][gc,start       ] GC(814) Pause Cleanup
[3535.019s][info][gc             ] GC(814) Pause Cleanup 2275M->2275M(4096M) 0.095ms
[3535.019s][info][gc,cpu         ] GC(814) User=0.00s Sys=0.00s Real=0.00s
[3535.019s][info][gc,marking     ] GC(814) Concurrent Clear Claimed Marks
[3535.019s][info][gc,marking     ] GC(814) Concurrent Clear Claimed Marks 0.027ms
[3535.019s][info][gc,marking     ] GC(814) Concurrent Cleanup for Next Mark
[3535.023s][info][gc,marking     ] GC(814) Concurrent Cleanup for Next Mark 3.801ms
[3535.023s][info][gc             ] GC(814) Concurrent Mark Cycle 1088.919ms
.[3536.933s][info][gc,start       ] GC(815) Pause Young (Prepare Mixed) (G1 Evacuation Pause)
[3536.933s][info][gc,task        ] GC(815) Using 6 workers of 6 for evacuation
[3537.051s][info][gc,phases      ] GC(815)   Pre Evacuate Collection Set: 0.36ms
[3537.051s][info][gc,phases      ] GC(815)   Merge Heap Roots: 0.47ms
[3537.051s][info][gc,phases      ] GC(815)   Evacuate Collection Set: 116.46ms
[3537.051s][info][gc,phases      ] GC(815)   Post Evacuate Collection Set: 0.93ms
[3537.051s][info][gc,phases      ] GC(815)   Other: 0.08ms
[3537.051s][info][gc,heap        ] GC(815) Eden regions: 1118->0(1108)
[3537.051s][info][gc,heap        ] GC(815) Survivor regions: 110->111(154)
[3537.051s][info][gc,heap        ] GC(815) Old regions: 504->535
[3537.051s][info][gc,heap        ] GC(815) Humongous regions: 80->80
[3537.051s][info][gc,metaspace   ] GC(815) Metaspace: 28932K(29312K)->28932K(29312K) NonClass: 24063K(24256K)->24063K(24256K) Class: 4868K(5056K)->4868K(5056K)
[3537.051s][info][gc             ] GC(815) Pause Young (Prepare Mixed) (G1 Evacuation Pause) 3623M->1451M(4096M) 118.422ms
[3537.051s][info][gc,cpu         ] GC(815) User=0.69s Sys=0.01s Real=0.11s
...[3539.977s][info][gc,start       ] GC(816) Pause Young (Mixed) (G1 Evacuation Pause)
[3539.977s][info][gc,task        ] GC(816) Using 6 workers of 6 for evacuation
[3540.110s][info][gc,phases      ] GC(816)   Pre Evacuate Collection Set: 0.37ms
[3540.110s][info][gc,phases      ] GC(816)   Merge Heap Roots: 0.61ms
[3540.110s][info][gc,phases      ] GC(816)   Evacuate Collection Set: 131.11ms
[3540.110s][info][gc,phases      ] GC(816)   Post Evacuate Collection Set: 0.98ms
[3540.110s][info][gc,phases      ] GC(816)   Other: 0.09ms
[3540.110s][info][gc,heap        ] GC(816) Eden regions: 1108->0(1117)
[3540.110s][info][gc,heap        ] GC(816) Survivor regions: 111->111(153)
[3540.110s][info][gc,heap        ] GC(816) Old regions: 535->471
[3540.110s][info][gc,heap        ] GC(816) Humongous regions: 80->80
[3540.110s][info][gc,metaspace   ] GC(816) Metaspace: 28932K(29312K)->28932K(29312K) NonClass: 24063K(24256K)->24063K(24256K) Class: 4868K(5056K)->4868K(5056K)
[3540.110s][info][gc             ] GC(816) Pause Young (Mixed) (G1 Evacuation Pause) 3667M->1322M(4096M) 133.286ms
[3540.110s][info][gc,cpu         ] GC(816) User=0.79s Sys=0.00s Real=0.13s
...[3543.028s][info][gc,start       ] GC(817) Pause Young (Concurrent Start) (G1 Evacuation Pause)
[3543.028s][info][gc,task        ] GC(817) Using 6 workers of 6 for evacuation
[3543.147s][info][gc,phases      ] GC(817)   Pre Evacuate Collection Set: 0.37ms
[3543.147s][info][gc,phases      ] GC(817)   Merge Heap Roots: 0.46ms
[3543.147s][info][gc,phases      ] GC(817)   Evacuate Collection Set: 117.76ms
[3543.147s][info][gc,phases      ] GC(817)   Post Evacuate Collection Set: 0.90ms
[3543.147s][info][gc,phases      ] GC(817)   Other: 0.12ms
[3543.147s][info][gc,heap        ] GC(817) Eden regions: 1117->0(1116)
[3543.147s][info][gc,heap        ] GC(817) Survivor regions: 111->112(154)
[3543.147s][info][gc,heap        ] GC(817) Old regions: 471->503
[3543.147s][info][gc,heap        ] GC(817) Humongous regions: 80->80
[3543.147s][info][gc,metaspace   ] GC(817) Metaspace: 28932K(29312K)->28932K(29312K) NonClass: 24063K(24256K)->24063K(24256K) Class: 4868K(5056K)->4868K(5056K)
[3543.147s][info][gc             ] GC(817) Pause Young (Concurrent Start) (G1 Evacuation Pause) 3556M->1389M(4096M) 119.747ms
[3543.147s][info][gc             ] GC(818) Concurrent Mark Cycle
[3543.147s][info][gc,marking     ] GC(818) Concurrent Scan Root Regions
[3543.147s][info][gc,cpu         ] GC(817) User=0.71s Sys=0.00s Real=0.12s
.[3543.351s][info][gc,marking     ] GC(818) Concurrent Scan Root Regions 203.987ms
[3543.351s][info][gc,marking     ] GC(818) Concurrent Mark
[3543.351s][info][gc,marking     ] GC(818) Concurrent Mark From Roots
[3543.352s][info][gc,task        ] GC(818) Using 2 workers of 2 for marking
[3544.145s][info][gc,marking     ] GC(818) Concurrent Mark From Roots 793.971ms
[3544.146s][info][gc,marking     ] GC(818) Concurrent Preclean
[3544.146s][info][gc,marking     ] GC(818) Concurrent Preclean 0.115ms
[3544.149s][info][gc,start       ] GC(818) Pause Remark
[3544.155s][info][gc             ] GC(818) Pause Remark 2151M->2151M(4096M) 5.994ms
[3544.155s][info][gc,cpu         ] GC(818) User=0.03s Sys=0.00s Real=0.01s
[3544.155s][info][gc,marking     ] GC(818) Concurrent Mark 803.687ms
[3544.155s][info][gc,marking     ] GC(818) Concurrent Rebuild Remembered Sets and Scrub Regions
.[3544.430s][info][gc,marking     ] GC(818) Concurrent Rebuild Remembered Sets and Scrub Regions 274.375ms
[3544.430s][info][gc,start       ] GC(818) Pause Cleanup
[3544.430s][info][gc             ] GC(818) Pause Cleanup 2372M->2372M(4096M) 0.098ms
[3544.430s][info][gc,cpu         ] GC(818) User=0.00s Sys=0.00s Real=0.00s
[3544.430s][info][gc,marking     ] GC(818) Concurrent Clear Claimed Marks
[3544.430s][info][gc,marking     ] GC(818) Concurrent Clear Claimed Marks 0.030ms
[3544.430s][info][gc,marking     ] GC(818) Concurrent Cleanup for Next Mark
[3544.434s][info][gc,marking     ] GC(818) Concurrent Cleanup for Next Mark 4.384ms
[3544.434s][info][gc             ] GC(818) Concurrent Mark Cycle 1286.897ms
.[3546.160s][info][gc,start       ] GC(819) Pause Young (Prepare Mixed) (G1 Evacuation Pause)
[3546.160s][info][gc,task        ] GC(819) Using 6 workers of 6 for evacuation
[3546.277s][info][gc,phases      ] GC(819)   Pre Evacuate Collection Set: 0.33ms
[3546.277s][info][gc,phases      ] GC(819)   Merge Heap Roots: 0.52ms
[3546.277s][info][gc,phases      ] GC(819)   Evacuate Collection Set: 115.11ms
[3546.277s][info][gc,phases      ] GC(819)   Post Evacuate Collection Set: 0.92ms
[3546.277s][info][gc,phases      ] GC(819)   Other: 0.10ms
[3546.277s][info][gc,heap        ] GC(819) Eden regions: 1116->0(1116)
[3546.277s][info][gc,heap        ] GC(819) Survivor regions: 112->107(154)
[3546.277s][info][gc,heap        ] GC(819) Old regions: 503->535
[3546.277s][info][gc,heap        ] GC(819) Humongous regions: 80->80
[3546.277s][info][gc,metaspace   ] GC(819) Metaspace: 28932K(29312K)->28932K(29312K) NonClass: 24063K(24256K)->24063K(24256K) Class: 4868K(5056K)->4868K(5056K)
[3546.277s][info][gc             ] GC(819) Pause Young (Prepare Mixed) (G1 Evacuation Pause) 3621M->1442M(4096M) 117.113ms
[3546.277s][info][gc,cpu         ] GC(819) User=0.69s Sys=0.00s Real=0.12s
...[3549.251s][info][gc,start       ] GC(820) Pause Young (Mixed) (G1 Evacuation Pause)
[3549.251s][info][gc,task        ] GC(820) Using 6 workers of 6 for evacuation
[3549.384s][info][gc,phases      ] GC(820)   Pre Evacuate Collection Set: 0.35ms
[3549.384s][info][gc,phases      ] GC(820)   Merge Heap Roots: 0.71ms
[3549.384s][info][gc,phases      ] GC(820)   Evacuate Collection Set: 131.12ms
[3549.384s][info][gc,phases      ] GC(820)   Post Evacuate Collection Set: 0.96ms
[3549.384s][info][gc,phases      ] GC(820)   Other: 0.09ms
[3549.384s][info][gc,heap        ] GC(820) Eden regions: 1116->0(1119)
[3549.384s][info][gc,heap        ] GC(820) Survivor regions: 107->109(153)
[3549.384s][info][gc,heap        ] GC(820) Old regions: 535->472
[3549.384s][info][gc,heap        ] GC(820) Humongous regions: 80->80
[3549.384s][info][gc,metaspace   ] GC(820) Metaspace: 28932K(29312K)->28932K(29312K) NonClass: 24063K(24256K)->24063K(24256K) Class: 4868K(5056K)->4868K(5056K)
[3549.384s][info][gc             ] GC(820) Pause Young (Mixed) (G1 Evacuation Pause) 3674M->1320M(4096M) 133.368ms
[3549.384s][info][gc,cpu         ] GC(820) User=0.79s Sys=0.00s Real=0.14s
... (rIR:aIR:PR = 6088:6100:6100) (tPR = 90872) [OK] 
  3551s: Performance info:
         Transaction,    Success,    Partial,     Failed,   Receipts, AvgBarcode, 
             Overall,     369972,          0,          0,     351475,      59.48, 
         Response times:
             Request,    Success,    Partial,     Failed,   SkipFail,     Probes,    Samples,      min,      p50,      p90,      p95,      p99,      max, 
       TotalPurchase,     351475,          0,          0,          0,     344374,     410250,      300,     5200,    21000,    49000,   102000,   222000,
     InStorePurchase,     184906,          0,          0,          0,     181487,     216018,      300,     5300,    21000,    49000,   102000,   212000,
      OnlinePurchase,     129572,          0,          0,          0,     126895,     151064,      300,     5000,    19900,    50000,   101000,   222000,
        InstPurchase,      36997,          0,          0,          0,      35992,      43168,      400,     5000,    21000,    50000,   102000,   212000,
          AssocOfCat,        368,          0,          0,          0,        303,        409,    22000,    34000,    61000,    79500,   158600,   188000,
      AssocOfProduct,       3694,          0,          0,          0,       3456,       4348,      400,     5800,    19710,    49000,   104000,   199000,
      BusinessReport,        921,          0,          0,          0,        790,       1086,    25000,    39000,    73000,    98000,   171780,   273000,
          CustBuyBeh,       3711,          0,          0,          0,       3506,       4398,      200,     3200,    14700,    36000,    89000,   173000,
       ProductReturn,       9803,          0,          0,          0,       9358,      11509,      200,     5500,    21000,    52000,   102000,   209000,

  3551s: (45%)   IR =   6227 [3552.375s][info][gc,start       ] GC(821) Pause Young (Concurrent Start) (G1 Evacuation Pause)
[3552.376s][info][gc,task        ] GC(821) Using 6 workers of 6 for evacuation
[3552.496s][info][gc,phases      ] GC(821)   Pre Evacuate Collection Set: 0.40ms
[3552.496s][info][gc,phases      ] GC(821)   Merge Heap Roots: 0.46ms
[3552.496s][info][gc,phases      ] GC(821)   Evacuate Collection Set: 118.96ms
[3552.496s][info][gc,phases      ] GC(821)   Post Evacuate Collection Set: 0.90ms
[3552.496s][info][gc,phases      ] GC(821)   Other: 0.12ms
[3552.496s][info][gc,heap        ] GC(821) Eden regions: 1119->0(1117)
[3552.496s][info][gc,heap        ] GC(821) Survivor regions: 109->111(154)
[3552.496s][info][gc,heap        ] GC(821) Old regions: 472->504
[3552.496s][info][gc,heap        ] GC(821) Humongous regions: 80->80
[3552.496s][info][gc,metaspace   ] GC(821) Metaspace: 28932K(29312K)->28932K(29312K) NonClass: 24063K(24256K)->24063K(24256K) Class: 4868K(5056K)->4868K(5056K)
[3552.497s][info][gc             ] GC(821) Pause Young (Concurrent Start) (G1 Evacuation Pause) 3558M->1387M(4096M) 121.007ms
[3552.497s][info][gc             ] GC(822) Concurrent Mark Cycle
[3552.497s][info][gc,marking     ] GC(822) Concurrent Scan Root Regions
[3552.497s][info][gc,cpu         ] GC(821) User=0.71s Sys=0.00s Real=0.12s
.[3552.638s][info][gc,marking     ] GC(822) Concurrent Scan Root Regions 141.658ms
[3552.638s][info][gc,marking     ] GC(822) Concurrent Mark
[3552.638s][info][gc,marking     ] GC(822) Concurrent Mark From Roots
[3552.638s][info][gc,task        ] GC(822) Using 2 workers of 2 for marking
[3553.339s][info][gc,marking     ] GC(822) Concurrent Mark From Roots 700.992ms
[3553.339s][info][gc,marking     ] GC(822) Concurrent Preclean
[3553.339s][info][gc,marking     ] GC(822) Concurrent Preclean 0.118ms
[3553.341s][info][gc,start       ] GC(822) Pause Remark
[3553.344s][info][gc             ] GC(822) Pause Remark 2079M->2079M(4096M) 2.903ms
[3553.344s][info][gc,cpu         ] GC(822) User=0.01s Sys=0.00s Real=0.01s
[3553.344s][info][gc,marking     ] GC(822) Concurrent Mark 705.936ms
[3553.344s][info][gc,marking     ] GC(822) Concurrent Rebuild Remembered Sets and Scrub Regions
.[3553.698s][info][gc,marking     ] GC(822) Concurrent Rebuild Remembered Sets and Scrub Regions 354.219ms
[3553.699s][info][gc,start       ] GC(822) Pause Cleanup
[3553.699s][info][gc             ] GC(822) Pause Cleanup 2370M->2370M(4096M) 0.108ms
[3553.699s][info][gc,cpu         ] GC(822) User=0.00s Sys=0.00s Real=0.00s
[3553.699s][info][gc,marking     ] GC(822) Concurrent Clear Claimed Marks
[3553.699s][info][gc,marking     ] GC(822) Concurrent Clear Claimed Marks 0.031ms
[3553.699s][info][gc,marking     ] GC(822) Concurrent Cleanup for Next Mark
[3553.704s][info][gc,marking     ] GC(822) Concurrent Cleanup for Next Mark 4.961ms
[3553.704s][info][gc             ] GC(822) Concurrent Mark Cycle 1207.376ms
.[3555.386s][info][gc,start       ] GC(823) Pause Young (Prepare Mixed) (G1 Evacuation Pause)
[3555.387s][info][gc,task        ] GC(823) Using 6 workers of 6 for evacuation
[3555.506s][info][gc,phases      ] GC(823)   Pre Evacuate Collection Set: 0.35ms
[3555.506s][info][gc,phases      ] GC(823)   Merge Heap Roots: 0.47ms
[3555.506s][info][gc,phases      ] GC(823)   Evacuate Collection Set: 117.25ms
[3555.506s][info][gc,phases      ] GC(823)   Post Evacuate Collection Set: 0.97ms
[3555.506s][info][gc,phases      ] GC(823)   Other: 0.09ms
[3555.506s][info][gc,heap        ] GC(823) Eden regions: 1117->0(1106)
[3555.506s][info][gc,heap        ] GC(823) Survivor regions: 111->112(154)
[3555.506s][info][gc,heap        ] GC(823) Old regions: 504->535
[3555.506s][info][gc,heap        ] GC(823) Humongous regions: 80->80
[3555.506s][info][gc,metaspace   ] GC(823) Metaspace: 28932K(29312K)->28932K(29312K) NonClass: 24063K(24256K)->24063K(24256K) Class: 4868K(5056K)->4868K(5056K)
[3555.506s][info][gc             ] GC(823) Pause Young (Prepare Mixed) (G1 Evacuation Pause) 3621M->1452M(4096M) 119.271ms
[3555.506s][info][gc,cpu         ] GC(823) User=0.70s Sys=0.00s Real=0.12s
...[3558.295s][info][gc,start       ] GC(824) Pause Young (Mixed) (G1 Evacuation Pause)
[3558.295s][info][gc,task        ] GC(824) Using 6 workers of 6 for evacuation
[3558.427s][info][gc,phases      ] GC(824)   Pre Evacuate Collection Set: 0.36ms
[3558.427s][info][gc,phases      ] GC(824)   Merge Heap Roots: 0.61ms
[3558.427s][info][gc,phases      ] GC(824)   Evacuate Collection Set: 129.43ms
[3558.427s][info][gc,phases      ] GC(824)   Post Evacuate Collection Set: 0.97ms
[3558.427s][info][gc,phases      ] GC(824)   Other: 0.09ms
[3558.427s][info][gc,heap        ] GC(824) Eden regions: 1106->0(1119)
[3558.427s][info][gc,heap        ] GC(824) Survivor regions: 112->109(153)
[3558.427s][info][gc,heap        ] GC(824) Old regions: 535->471
[3558.427s][info][gc,heap        ] GC(824) Humongous regions: 80->80
[3558.427s][info][gc,metaspace   ] GC(824) Metaspace: 28932K(29312K)->28932K(29312K) NonClass: 24063K(24256K)->24063K(24256K) Class: 4868K(5056K)->4868K(5056K)
[3558.427s][info][gc             ] GC(824) Pause Young (Mixed) (G1 Evacuation Pause) 3664M->1318M(4096M) 131.602ms
[3558.427s][info][gc,cpu         ] GC(824) User=0.77s Sys=0.00s Real=0.13s
...[3561.373s][info][gc,start       ] GC(825) Pause Young (Concurrent Start) (G1 Evacuation Pause)
[3561.373s][info][gc,task        ] GC(825) Using 6 workers of 6 for evacuation
[3561.490s][info][gc,phases      ] GC(825)   Pre Evacuate Collection Set: 0.38ms
[3561.490s][info][gc,phases      ] GC(825)   Merge Heap Roots: 0.46ms
[3561.490s][info][gc,phases      ] GC(825)   Evacuate Collection Set: 115.71ms
[3561.490s][info][gc,phases      ] GC(825)   Post Evacuate Collection Set: 0.89ms
[3561.490s][info][gc,phases      ] GC(825)   Other: 0.11ms
[3561.490s][info][gc,heap        ] GC(825) Eden regions: 1119->0(1119)
[3561.490s][info][gc,heap        ] GC(825) Survivor regions: 109->109(154)
[3561.490s][info][gc,heap        ] GC(825) Old regions: 471->503
[3561.490s][info][gc,heap        ] GC(825) Humongous regions: 80->80
[3561.490s][info][gc,metaspace   ] GC(825) Metaspace: 28932K(29312K)->28932K(29312K) NonClass: 24063K(24256K)->24063K(24256K) Class: 4868K(5056K)->4868K(5056K)
[3561.490s][info][gc             ] GC(825) Pause Young (Concurrent Start) (G1 Evacuation Pause) 3556M->1382M(4096M) 117.693ms
[3561.490s][info][gc             ] GC(826) Concurrent Mark Cycle
[3561.490s][info][gc,marking     ] GC(826) Concurrent Scan Root Regions
[3561.490s][info][gc,cpu         ] GC(825) User=0.69s Sys=0.00s Real=0.11s
.[3561.655s][info][gc,marking     ] GC(826) Concurrent Scan Root Regions 164.767ms
[3561.655s][info][gc,marking     ] GC(826) Concurrent Mark
[3561.655s][info][gc,marking     ] GC(826) Concurrent Mark From Roots
[3561.655s][info][gc,task        ] GC(826) Using 2 workers of 2 for marking
[3562.519s][info][gc,marking     ] GC(826) Concurrent Mark From Roots 863.554ms
[3562.519s][info][gc,marking     ] GC(826) Concurrent Preclean
[3562.519s][info][gc,marking     ] GC(826) Concurrent Preclean 0.150ms
[3562.521s][info][gc,start       ] GC(826) Pause Remark
[3562.527s][info][gc             ] GC(826) Pause Remark 2210M->2210M(4096M) 6.497ms
[3562.527s][info][gc,cpu         ] GC(826) User=0.04s Sys=0.00s Real=0.01s
[3562.527s][info][gc,marking     ] GC(826) Concurrent Mark 872.248ms
[3562.527s][info][gc,marking     ] GC(826) Concurrent Rebuild Remembered Sets and Scrub Regions
.[3562.840s][info][gc,marking     ] GC(826) Concurrent Rebuild Remembered Sets and Scrub Regions 312.914ms
[3562.841s][info][gc,start       ] GC(826) Pause Cleanup
[3562.841s][info][gc             ] GC(826) Pause Cleanup 2468M->2468M(4096M) 0.109ms
[3562.841s][info][gc,cpu         ] GC(826) User=0.00s Sys=0.00s Real=0.00s
[3562.842s][info][gc,marking     ] GC(826) Concurrent Clear Claimed Marks
[3562.842s][info][gc,marking     ] GC(826) Concurrent Clear Claimed Marks 0.047ms
[3562.842s][info][gc,marking     ] GC(826) Concurrent Cleanup for Next Mark
[3562.854s][info][gc,marking     ] GC(826) Concurrent Cleanup for Next Mark 11.909ms
[3562.854s][info][gc             ] GC(826) Concurrent Mark Cycle 1363.470ms
.[3564.411s][info][gc,start       ] GC(827) Pause Young (Prepare Mixed) (G1 Evacuation Pause)
[3564.411s][info][gc,task        ] GC(827) Using 6 workers of 6 for evacuation
[3564.533s][info][gc,phases      ] GC(827)   Pre Evacuate Collection Set: 0.32ms
[3564.533s][info][gc,phases      ] GC(827)   Merge Heap Roots: 0.49ms
[3564.533s][info][gc,phases      ] GC(827)   Evacuate Collection Set: 119.61ms
[3564.533s][info][gc,phases      ] GC(827)   Post Evacuate Collection Set: 0.91ms
[3564.533s][info][gc,phases      ] GC(827)   Other: 0.09ms
[3564.533s][info][gc,heap        ] GC(827) Eden regions: 1119->0(1107)
[3564.533s][info][gc,heap        ] GC(827) Survivor regions: 109->112(154)
[3564.533s][info][gc,heap        ] GC(827) Old regions: 503->534
[3564.533s][info][gc,heap        ] GC(827) Humongous regions: 80->80
[3564.533s][info][gc,metaspace   ] GC(827) Metaspace: 28932K(29312K)->28932K(29312K) NonClass: 24063K(24256K)->24063K(24256K) Class: 4868K(5056K)->4868K(5056K)
[3564.533s][info][gc             ] GC(827) Pause Young (Prepare Mixed) (G1 Evacuation Pause) 3620M->1450M(4096M) 121.546ms
[3564.533s][info][gc,cpu         ] GC(827) User=0.72s Sys=0.00s Real=0.13s
...[3567.470s][info][gc,start       ] GC(828) Pause Young (Mixed) (G1 Evacuation Pause)
[3567.471s][info][gc,task        ] GC(828) Using 6 workers of 6 for evacuation
[3567.602s][info][gc,phases      ] GC(828)   Pre Evacuate Collection Set: 0.39ms
[3567.602s][info][gc,phases      ] GC(828)   Merge Heap Roots: 0.65ms
[3567.602s][info][gc,phases      ] GC(828)   Evacuate Collection Set: 129.45ms
[3567.602s][info][gc,phases      ] GC(828)   Post Evacuate Collection Set: 0.96ms
[3567.602s][info][gc,phases      ] GC(828)   Other: 0.08ms
[3567.602s][info][gc,heap        ] GC(828) Eden regions: 1107->0(1119)
[3567.602s][info][gc,heap        ] GC(828) Survivor regions: 112->109(153)
[3567.602s][info][gc,heap        ] GC(828) Old regions: 534->473
[3567.602s][info][gc,heap        ] GC(828) Humongous regions: 80->80
[3567.602s][info][gc,metaspace   ] GC(828) Metaspace: 28932K(29312K)->28932K(29312K) NonClass: 24063K(24256K)->24063K(24256K) Class: 4868K(5056K)->4868K(5056K)
[3567.602s][info][gc             ] GC(828) Pause Young (Mixed) (G1 Evacuation Pause) 3664M->1321M(4096M) 131.678ms
[3567.602s][info][gc,cpu         ] GC(828) User=0.78s Sys=0.00s Real=0.13s
..|.[3570.462s][info][gc,start       ] GC(829) Pause Young (Concurrent Start) (G1 Evacuation Pause)
[3570.462s][info][gc,task        ] GC(829) Using 6 workers of 6 for evacuation
[3570.581s][info][gc,phases      ] GC(829)   Pre Evacuate Collection Set: 0.43ms
[3570.581s][info][gc,phases      ] GC(829)   Merge Heap Roots: 0.48ms
[3570.581s][info][gc,phases      ] GC(829)   Evacuate Collection Set: 117.86ms
[3570.582s][info][gc,phases      ] GC(829)   Post Evacuate Collection Set: 0.88ms
[3570.582s][info][gc,phases      ] GC(829)   Other: 0.12ms
[3570.582s][info][gc,heap        ] GC(829) Eden regions: 1119->0(1117)
[3570.582s][info][gc,heap        ] GC(829) Survivor regions: 109->111(154)
[3570.582s][info][gc,heap        ] GC(829) Old regions: 473->505
[3570.582s][info][gc,heap        ] GC(829) Humongous regions: 80->80
[3570.582s][info][gc,metaspace   ] GC(829) Metaspace: 28932K(29312K)->28932K(29312K) NonClass: 24063K(24256K)->24063K(24256K) Class: 4868K(5056K)->4868K(5056K)
[3570.582s][info][gc             ] GC(829) Pause Young (Concurrent Start) (G1 Evacuation Pause) 3559M->1390M(4096M) 119.921ms
[3570.582s][info][gc             ] GC(830) Concurrent Mark Cycle
[3570.582s][info][gc,marking     ] GC(830) Concurrent Scan Root Regions
[3570.582s][info][gc,cpu         ] GC(829) User=0.71s Sys=0.00s Real=0.12s
.[3570.802s][info][gc,marking     ] GC(830) Concurrent Scan Root Regions 220.787ms
[3570.802s][info][gc,marking     ] GC(830) Concurrent Mark
[3570.802s][info][gc,marking     ] GC(830) Concurrent Mark From Roots
[3570.802s][info][gc,task        ] GC(830) Using 2 workers of 2 for marking
.[3571.671s][info][gc,marking     ] GC(830) Concurrent Mark From Roots 868.997ms
[3571.672s][info][gc,marking     ] GC(830) Concurrent Preclean
[3571.672s][info][gc,marking     ] GC(830) Concurrent Preclean 0.181ms
[3571.672s][info][gc,start       ] GC(830) Pause Remark
[3571.679s][info][gc             ] GC(830) Pause Remark 2298M->2298M(4096M) 6.714ms
[3571.679s][info][gc,cpu         ] GC(830) User=0.03s Sys=0.00s Real=0.01s
[3571.680s][info][gc,marking     ] GC(830) Concurrent Mark 877.655ms
[3571.680s][info][gc,marking     ] GC(830) Concurrent Rebuild Remembered Sets and Scrub Regions
[3571.933s][info][gc,marking     ] GC(830) Concurrent Rebuild Remembered Sets and Scrub Regions 253.112ms
[3571.934s][info][gc,start       ] GC(830) Pause Cleanup
[3571.934s][info][gc             ] GC(830) Pause Cleanup 2493M->2493M(4096M) 0.115ms
[3571.934s][info][gc,cpu         ] GC(830) User=0.00s Sys=0.00s Real=0.00s
[3571.934s][info][gc,marking     ] GC(830) Concurrent Clear Claimed Marks
[3571.934s][info][gc,marking     ] GC(830) Concurrent Clear Claimed Marks 0.033ms
[3571.934s][info][gc,marking     ] GC(830) Concurrent Cleanup for Next Mark
[3571.940s][info][gc,marking     ] GC(830) Concurrent Cleanup for Next Mark 6.010ms
[3571.940s][info][gc             ] GC(830) Concurrent Mark Cycle 1358.483ms
.[3573.497s][info][gc,start       ] GC(831) Pause Young (Prepare Mixed) (G1 Evacuation Pause)
[3573.497s][info][gc,task        ] GC(831) Using 6 workers of 6 for evacuation
[3573.614s][info][gc,phases      ] GC(831)   Pre Evacuate Collection Set: 0.33ms
[3573.614s][info][gc,phases      ] GC(831)   Merge Heap Roots: 0.50ms
[3573.614s][info][gc,phases      ] GC(831)   Evacuate Collection Set: 114.44ms
[3573.614s][info][gc,phases      ] GC(831)   Post Evacuate Collection Set: 0.93ms
[3573.614s][info][gc,phases      ] GC(831)   Other: 0.09ms
[3573.614s][info][gc,heap        ] GC(831) Eden regions: 1117->0(1110)
[3573.614s][info][gc,heap        ] GC(831) Survivor regions: 111->109(154)
[3573.614s][info][gc,heap        ] GC(831) Old regions: 505->537
[3573.614s][info][gc,heap        ] GC(831) Humongous regions: 80->80
[3573.614s][info][gc,metaspace   ] GC(831) Metaspace: 28932K(29312K)->28932K(29312K) NonClass: 24063K(24256K)->24063K(24256K) Class: 4868K(5056K)->4868K(5056K)
[3573.614s][info][gc             ] GC(831) Pause Young (Prepare Mixed) (G1 Evacuation Pause) 3624M->1449M(4096M) 116.421ms
[3573.614s][info][gc,cpu         ] GC(831) User=0.69s Sys=0.00s Real=0.12s
...[3576.424s][info][gc,start       ] GC(832) Pause Young (Mixed) (G1 Evacuation Pause)
[3576.424s][info][gc,task        ] GC(832) Using 6 workers of 6 for evacuation
[3576.558s][info][gc,phases      ] GC(832)   Pre Evacuate Collection Set: 0.37ms
[3576.558s][info][gc,phases      ] GC(832)   Merge Heap Roots: 0.61ms
[3576.558s][info][gc,phases      ] GC(832)   Evacuate Collection Set: 131.63ms
[3576.558s][info][gc,phases      ] GC(832)   Post Evacuate Collection Set: 0.97ms
[3576.558s][info][gc,phases      ] GC(832)   Other: 0.09ms
[3576.558s][info][gc,heap        ] GC(832) Eden regions: 1110->0(1118)
[3576.558s][info][gc,heap        ] GC(832) Survivor regions: 109->110(153)
[3576.558s][info][gc,heap        ] GC(832) Old regions: 537->472
[3576.558s][info][gc,heap        ] GC(832) Humongous regions: 80->80
[3576.558s][info][gc,metaspace   ] GC(832) Metaspace: 28932K(29312K)->28932K(29312K) NonClass: 24063K(24256K)->24063K(24256K) Class: 4868K(5056K)->4868K(5056K)
[3576.558s][info][gc             ] GC(832) Pause Young (Mixed) (G1 Evacuation Pause) 3669M->1323M(4096M) 133.813ms
[3576.558s][info][gc,cpu         ] GC(832) User=0.80s Sys=0.00s Real=0.13s
...[3579.477s][info][gc,start       ] GC(833) Pause Young (Concurrent Start) (G1 Evacuation Pause)
[3579.477s][info][gc,task        ] GC(833) Using 6 workers of 6 for evacuation
[3579.597s][info][gc,phases      ] GC(833)   Pre Evacuate Collection Set: 0.42ms
[3579.597s][info][gc,phases      ] GC(833)   Merge Heap Roots: 0.51ms
[3579.597s][info][gc,phases      ] GC(833)   Evacuate Collection Set: 117.67ms
[3579.597s][info][gc,phases      ] GC(833)   Post Evacuate Collection Set: 0.88ms
[3579.597s][info][gc,phases      ] GC(833)   Other: 0.12ms
[3579.597s][info][gc,heap        ] GC(833) Eden regions: 1118->0(1118)
[3579.597s][info][gc,heap        ] GC(833) Survivor regions: 110->110(154)
[3579.597s][info][gc,heap        ] GC(833) Old regions: 472->504
[3579.597s][info][gc,heap        ] GC(833) Humongous regions: 80->80
[3579.597s][info][gc,metaspace   ] GC(833) Metaspace: 28932K(29312K)->28932K(29312K) NonClass: 24063K(24256K)->24063K(24256K) Class: 4868K(5056K)->4868K(5056K)
[3579.597s][info][gc             ] GC(833) Pause Young (Concurrent Start) (G1 Evacuation Pause) 3559M->1386M(4096M) 119.754ms
[3579.597s][info][gc             ] GC(834) Concurrent Mark Cycle
[3579.597s][info][gc,marking     ] GC(834) Concurrent Scan Root Regions
[3579.597s][info][gc,cpu         ] GC(833) User=0.70s Sys=0.00s Real=0.12s
[3579.749s][info][gc,marking     ] GC(834) Concurrent Scan Root Regions 151.630ms
[3579.749s][info][gc,marking     ] GC(834) Concurrent Mark
[3579.749s][info][gc,marking     ] GC(834) Concurrent Mark From Roots
[3579.749s][info][gc,task        ] GC(834) Using 2 workers of 2 for marking
.[3580.457s][info][gc,marking     ] GC(834) Concurrent Mark From Roots 708.121ms
[3580.457s][info][gc,marking     ] GC(834) Concurrent Preclean
[3580.457s][info][gc,marking     ] GC(834) Concurrent Preclean 0.142ms
[3580.458s][info][gc,start       ] GC(834) Pause Remark
[3580.464s][info][gc             ] GC(834) Pause Remark 2094M->2094M(4096M) 6.038ms
[3580.464s][info][gc,cpu         ] GC(834) User=0.03s Sys=0.00s Real=0.01s
[3580.464s][info][gc,marking     ] GC(834) Concurrent Mark 715.413ms
[3580.464s][info][gc,marking     ] GC(834) Concurrent Rebuild Remembered Sets and Scrub Regions
[3580.676s][info][gc,marking     ] GC(834) Concurrent Rebuild Remembered Sets and Scrub Regions 212.194ms
[3580.677s][info][gc,start       ] GC(834) Pause Cleanup
[3580.677s][info][gc             ] GC(834) Pause Cleanup 2263M->2263M(4096M) 0.101ms
[3580.677s][info][gc,cpu         ] GC(834) User=0.00s Sys=0.00s Real=0.00s
[3580.677s][info][gc,marking     ] GC(834) Concurrent Clear Claimed Marks
[3580.677s][info][gc,marking     ] GC(834) Concurrent Clear Claimed Marks 0.019ms
[3580.677s][info][gc,marking     ] GC(834) Concurrent Cleanup for Next Mark
[3580.681s][info][gc,marking     ] GC(834) Concurrent Cleanup for Next Mark 4.343ms
[3580.681s][info][gc             ] GC(834) Concurrent Mark Cycle 1084.044ms
..[3582.510s][info][gc,start       ] GC(835) Pause Young (Prepare Mixed) (G1 Evacuation Pause)
[3582.510s][info][gc,task        ] GC(835) Using 6 workers of 6 for evacuation
[3582.631s][info][gc,phases      ] GC(835)   Pre Evacuate Collection Set: 0.35ms
[3582.631s][info][gc,phases      ] GC(835)   Merge Heap Roots: 0.51ms
[3582.631s][info][gc,phases      ] GC(835)   Evacuate Collection Set: 119.17ms
[3582.631s][info][gc,phases      ] GC(835)   Post Evacuate Collection Set: 0.92ms
[3582.631s][info][gc,phases      ] GC(835)   Other: 0.08ms
[3582.631s][info][gc,heap        ] GC(835) Eden regions: 1118->0(1106)
[3582.631s][info][gc,heap        ] GC(835) Survivor regions: 110->112(154)
[3582.631s][info][gc,heap        ] GC(835) Old regions: 504->535
[3582.631s][info][gc,heap        ] GC(835) Humongous regions: 80->80
[3582.631s][info][gc,metaspace   ] GC(835) Metaspace: 28932K(29312K)->28932K(29312K) NonClass: 24063K(24256K)->24063K(24256K) Class: 4868K(5056K)->4868K(5056K)
[3582.631s][info][gc             ] GC(835) Pause Young (Prepare Mixed) (G1 Evacuation Pause) 3622M->1453M(4096M) 121.175ms
[3582.631s][info][gc,cpu         ] GC(835) User=0.71s Sys=0.00s Real=0.12s
...[3585.475s][info][gc,start       ] GC(836) Pause Young (Mixed) (G1 Evacuation Pause)
[3585.475s][info][gc,task        ] GC(836) Using 6 workers of 6 for evacuation
[3585.609s][info][gc,phases      ] GC(836)   Pre Evacuate Collection Set: 0.37ms
[3585.609s][info][gc,phases      ] GC(836)   Merge Heap Roots: 0.69ms
[3585.609s][info][gc,phases      ] GC(836)   Evacuate Collection Set: 131.89ms
[3585.609s][info][gc,phases      ] GC(836)   Post Evacuate Collection Set: 0.92ms
[3585.609s][info][gc,phases      ] GC(836)   Other: 0.09ms
[3585.609s][info][gc,heap        ] GC(836) Eden regions: 1106->0(1120)
[3585.609s][info][gc,heap        ] GC(836) Survivor regions: 112->108(153)
[3585.609s][info][gc,heap        ] GC(836) Old regions: 535->473
[3585.609s][info][gc,heap        ] GC(836) Humongous regions: 80->80
[3585.609s][info][gc,metaspace   ] GC(836) Metaspace: 28932K(29312K)->28932K(29312K) NonClass: 24063K(24256K)->24063K(24256K) Class: 4868K(5056K)->4868K(5056K)
[3585.609s][info][gc             ] GC(836) Pause Young (Mixed) (G1 Evacuation Pause) 3665M->1319M(4096M) 134.095ms
[3585.609s][info][gc,cpu         ] GC(836) User=0.79s Sys=0.00s Real=0.13s
...[3588.504s][info][gc,start       ] GC(837) Pause Young (Concurrent Start) (G1 Evacuation Pause)
[3588.504s][info][gc,task        ] GC(837) Using 6 workers of 6 for evacuation
[3588.623s][info][gc,phases      ] GC(837)   Pre Evacuate Collection Set: 0.33ms
[3588.623s][info][gc,phases      ] GC(837)   Merge Heap Roots: 0.51ms
[3588.623s][info][gc,phases      ] GC(837)   Evacuate Collection Set: 117.02ms
[3588.623s][info][gc,phases      ] GC(837)   Post Evacuate Collection Set: 0.89ms
[3588.623s][info][gc,phases      ] GC(837)   Other: 0.11ms
[3588.623s][info][gc,heap        ] GC(837) Eden regions: 1120->0(1118)
[3588.623s][info][gc,heap        ] GC(837) Survivor regions: 108->110(154)
[3588.623s][info][gc,heap        ] GC(837) Old regions: 473->505
[3588.623s][info][gc,heap        ] GC(837) Humongous regions: 80->80
[3588.623s][info][gc,metaspace   ] GC(837) Metaspace: 28932K(29312K)->28932K(29312K) NonClass: 24063K(24256K)->24063K(24256K) Class: 4868K(5056K)->4868K(5056K)
[3588.623s][info][gc             ] GC(837) Pause Young (Concurrent Start) (G1 Evacuation Pause) 3559M->1387M(4096M) 119.000ms
[3588.623s][info][gc             ] GC(838) Concurrent Mark Cycle
[3588.623s][info][gc,marking     ] GC(838) Concurrent Scan Root Regions
[3588.623s][info][gc,cpu         ] GC(837) User=0.70s Sys=0.00s Real=0.12s
[3588.773s][info][gc,marking     ] GC(838) Concurrent Scan Root Regions 149.870ms
[3588.775s][info][gc,marking     ] GC(838) Concurrent Mark
[3588.776s][info][gc,marking     ] GC(838) Concurrent Mark From Roots
[3588.776s][info][gc,task        ] GC(838) Using 2 workers of 2 for marking
.[3589.378s][info][gc,marking     ] GC(838) Concurrent Mark From Roots 602.208ms
[3589.378s][info][gc,marking     ] GC(838) Concurrent Preclean
[3589.378s][info][gc,marking     ] GC(838) Concurrent Preclean 0.113ms
[3589.379s][info][gc,start       ] GC(838) Pause Remark
[3589.384s][info][gc             ] GC(838) Pause Remark 2009M->2009M(4096M) 5.390ms
[3589.384s][info][gc,cpu         ] GC(838) User=0.03s Sys=0.00s Real=0.01s
[3589.386s][info][gc,marking     ] GC(838) Concurrent Mark 610.216ms
[3589.386s][info][gc,marking     ] GC(838) Concurrent Rebuild Remembered Sets and Scrub Regions
[3589.710s][info][gc,marking     ] GC(838) Concurrent Rebuild Remembered Sets and Scrub Regions 324.113ms
[3589.710s][info][gc,start       ] GC(838) Pause Cleanup
[3589.710s][info][gc             ] GC(838) Pause Cleanup 2282M->2282M(4096M) 0.113ms
[3589.710s][info][gc,cpu         ] GC(838) User=0.00s Sys=0.00s Real=0.00s
[3589.710s][info][gc,marking     ] GC(838) Concurrent Clear Claimed Marks
[3589.710s][info][gc,marking     ] GC(838) Concurrent Clear Claimed Marks 0.022ms
[3589.710s][info][gc,marking     ] GC(838) Concurrent Cleanup for Next Mark
[3589.713s][info][gc,marking     ] GC(838) Concurrent Cleanup for Next Mark 3.294ms
[3589.713s][info][gc             ] GC(838) Concurrent Mark Cycle 1090.256ms
..[3591.560s][info][gc,start       ] GC(839) Pause Young (Prepare Mixed) (G1 Evacuation Pause)
[3591.560s][info][gc,task        ] GC(839) Using 6 workers of 6 for evacuation
[3591.679s][info][gc,phases      ] GC(839)   Pre Evacuate Collection Set: 0.34ms
[3591.679s][info][gc,phases      ] GC(839)   Merge Heap Roots: 0.54ms
[3591.679s][info][gc,phases      ] GC(839)   Evacuate Collection Set: 116.85ms
[3591.679s][info][gc,phases      ] GC(839)   Post Evacuate Collection Set: 0.93ms
[3591.679s][info][gc,phases      ] GC(839)   Other: 0.09ms
[3591.679s][info][gc,heap        ] GC(839) Eden regions: 1118->0(1107)
[3591.679s][info][gc,heap        ] GC(839) Survivor regions: 110->111(154)
[3591.679s][info][gc,heap        ] GC(839) Old regions: 505->536
[3591.679s][info][gc,heap        ] GC(839) Humongous regions: 80->80
[3591.679s][info][gc,metaspace   ] GC(839) Metaspace: 28932K(29312K)->28932K(29312K) NonClass: 24063K(24256K)->24063K(24256K) Class: 4868K(5056K)->4868K(5056K)
[3591.679s][info][gc             ] GC(839) Pause Young (Prepare Mixed) (G1 Evacuation Pause) 3623M->1452M(4096M) 118.893ms
[3591.679s][info][gc,cpu         ] GC(839) User=0.70s Sys=0.00s Real=0.12s
...[3594.588s][info][gc,start       ] GC(840) Pause Young (Mixed) (G1 Evacuation Pause)
[3594.588s][info][gc,task        ] GC(840) Using 6 workers of 6 for evacuation
[3594.721s][info][gc,phases      ] GC(840)   Pre Evacuate Collection Set: 0.37ms
[3594.721s][info][gc,phases      ] GC(840)   Merge Heap Roots: 0.65ms
[3594.721s][info][gc,phases      ] GC(840)   Evacuate Collection Set: 131.22ms
[3594.721s][info][gc,phases      ] GC(840)   Post Evacuate Collection Set: 0.96ms
[3594.721s][info][gc,phases      ] GC(840)   Other: 0.09ms
[3594.721s][info][gc,heap        ] GC(840) Eden regions: 1107->0(1119)
[3594.721s][info][gc,heap        ] GC(840) Survivor regions: 111->109(153)
[3594.721s][info][gc,heap        ] GC(840) Old regions: 536->472
[3594.721s][info][gc,heap        ] GC(840) Humongous regions: 80->80
[3594.721s][info][gc,metaspace   ] GC(840) Metaspace: 28932K(29312K)->28932K(29312K) NonClass: 24063K(24256K)->24063K(24256K) Class: 4868K(5056K)->4868K(5056K)
[3594.721s][info][gc             ] GC(840) Pause Young (Mixed) (G1 Evacuation Pause) 3666M->1321M(4096M) 133.421ms
[3594.721s][info][gc,cpu         ] GC(840) User=0.79s Sys=0.00s Real=0.13s
...[3597.628s][info][gc,start       ] GC(841) Pause Young (Concurrent Start) (G1 Evacuation Pause)
[3597.628s][info][gc,task        ] GC(841) Using 6 workers of 6 for evacuation
[3597.746s][info][gc,phases      ] GC(841)   Pre Evacuate Collection Set: 0.40ms
[3597.746s][info][gc,phases      ] GC(841)   Merge Heap Roots: 0.46ms
[3597.746s][info][gc,phases      ] GC(841)   Evacuate Collection Set: 116.12ms
[3597.746s][info][gc,phases      ] GC(841)   Post Evacuate Collection Set: 0.89ms
[3597.746s][info][gc,phases      ] GC(841)   Other: 0.10ms
[3597.746s][info][gc,heap        ] GC(841) Eden regions: 1119->0(1119)
[3597.746s][info][gc,heap        ] GC(841) Survivor regions: 109->109(154)
[3597.746s][info][gc,heap        ] GC(841) Old regions: 472->504
[3597.746s][info][gc,heap        ] GC(841) Humongous regions: 80->80
[3597.746s][info][gc,metaspace   ] GC(841) Metaspace: 28932K(29312K)->28932K(29312K) NonClass: 24063K(24256K)->24063K(24256K) Class: 4868K(5056K)->4868K(5056K)
[3597.746s][info][gc             ] GC(841) Pause Young (Concurrent Start) (G1 Evacuation Pause) 3559M->1384M(4096M) 118.116ms
[3597.746s][info][gc             ] GC(842) Concurrent Mark Cycle
[3597.746s][info][gc,marking     ] GC(842) Concurrent Scan Root Regions
[3597.746s][info][gc,cpu         ] GC(841) User=0.70s Sys=0.00s Real=0.12s
.[3597.953s][info][gc,marking     ] GC(842) Concurrent Scan Root Regions 206.900ms
[3597.953s][info][gc,marking     ] GC(842) Concurrent Mark
[3597.953s][info][gc,marking     ] GC(842) Concurrent Mark From Roots
[3597.953s][info][gc,task        ] GC(842) Using 2 workers of 2 for marking
[3598.771s][info][gc,marking     ] GC(842) Concurrent Mark From Roots 817.391ms
[3598.771s][info][gc,marking     ] GC(842) Concurrent Preclean
[3598.771s][info][gc,marking     ] GC(842) Concurrent Preclean 0.078ms
[3598.771s][info][gc,start       ] GC(842) Pause Remark
[3598.778s][info][gc             ] GC(842) Pause Remark 2201M->2201M(4096M) 6.792ms
[3598.778s][info][gc,cpu         ] GC(842) User=0.03s Sys=0.00s Real=0.01s
[3598.778s][info][gc,marking     ] GC(842) Concurrent Mark 824.536ms
[3598.778s][info][gc,marking     ] GC(842) Concurrent Rebuild Remembered Sets and Scrub Regions
.[3599.050s][info][gc,marking     ] GC(842) Concurrent Rebuild Remembered Sets and Scrub Regions 271.779ms
[3599.051s][info][gc,start       ] GC(842) Pause Cleanup
[3599.051s][info][gc             ] GC(842) Pause Cleanup 2422M->2422M(4096M) 0.131ms
[3599.051s][info][gc,cpu         ] GC(842) User=0.00s Sys=0.00s Real=0.00s
[3599.052s][info][gc,marking     ] GC(842) Concurrent Clear Claimed Marks
[3599.052s][info][gc,marking     ] GC(842) Concurrent Clear Claimed Marks 0.028ms
[3599.052s][info][gc,marking     ] GC(842) Concurrent Cleanup for Next Mark
[3599.059s][info][gc,marking     ] GC(842) Concurrent Cleanup for Next Mark 6.639ms
[3599.059s][info][gc             ] GC(842) Concurrent Mark Cycle 1312.373ms
.[3600.641s][info][gc,start       ] GC(843) Pause Young (Prepare Mixed) (G1 Evacuation Pause)
[3600.642s][info][gc,task        ] GC(843) Using 6 workers of 6 for evacuation
[3600.758s][info][gc,phases      ] GC(843)   Pre Evacuate Collection Set: 0.37ms
[3600.758s][info][gc,phases      ] GC(843)   Merge Heap Roots: 0.53ms
[3600.758s][info][gc,phases      ] GC(843)   Evacuate Collection Set: 114.91ms
[3600.758s][info][gc,phases      ] GC(843)   Post Evacuate Collection Set: 0.93ms
[3600.758s][info][gc,phases      ] GC(843)   Other: 0.09ms
[3600.758s][info][gc,heap        ] GC(843) Eden regions: 1119->0(1111)
[3600.758s][info][gc,heap        ] GC(843) Survivor regions: 109->109(154)
[3600.758s][info][gc,heap        ] GC(843) Old regions: 504->536
[3600.758s][info][gc,heap        ] GC(843) Humongous regions: 80->80
[3600.758s][info][gc,metaspace   ] GC(843) Metaspace: 28932K(29312K)->28932K(29312K) NonClass: 24063K(24256K)->24063K(24256K) Class: 4868K(5056K)->4868K(5056K)
[3600.758s][info][gc             ] GC(843) Pause Young (Prepare Mixed) (G1 Evacuation Pause) 3622M->1448M(4096M) 116.964ms
[3600.758s][info][gc,cpu         ] GC(843) User=0.69s Sys=0.00s Real=0.12s
...[3603.604s][info][gc,start       ] GC(844) Pause Young (Mixed) (G1 Evacuation Pause)
[3603.604s][info][gc,task        ] GC(844) Using 6 workers of 6 for evacuation
[3603.738s][info][gc,phases      ] GC(844)   Pre Evacuate Collection Set: 0.39ms
[3603.738s][info][gc,phases      ] GC(844)   Merge Heap Roots: 0.65ms
[3603.738s][info][gc,phases      ] GC(844)   Evacuate Collection Set: 131.94ms
[3603.738s][info][gc,phases      ] GC(844)   Post Evacuate Collection Set: 0.94ms
[3603.738s][info][gc,phases      ] GC(844)   Other: 0.09ms
[3603.738s][info][gc,heap        ] GC(844) Eden regions: 1111->0(1117)
[3603.738s][info][gc,heap        ] GC(844) Survivor regions: 109->111(153)
[3603.738s][info][gc,heap        ] GC(844) Old regions: 536->472
[3603.738s][info][gc,heap        ] GC(844) Humongous regions: 80->80
[3603.738s][info][gc,metaspace   ] GC(844) Metaspace: 28932K(29312K)->28932K(29312K) NonClass: 24063K(24256K)->24063K(24256K) Class: 4868K(5056K)->4868K(5056K)
[3603.738s][info][gc             ] GC(844) Pause Young (Mixed) (G1 Evacuation Pause) 3670M->1324M(4096M) 134.149ms
[3603.738s][info][gc,cpu         ] GC(844) User=0.79s Sys=0.00s Real=0.13s
...[3606.658s][info][gc,start       ] GC(845) Pause Young (Concurrent Start) (G1 Evacuation Pause)
[3606.658s][info][gc,task        ] GC(845) Using 6 workers of 6 for evacuation
[3606.775s][info][gc,phases      ] GC(845)   Pre Evacuate Collection Set: 0.38ms
[3606.775s][info][gc,phases      ] GC(845)   Merge Heap Roots: 0.45ms
[3606.775s][info][gc,phases      ] GC(845)   Evacuate Collection Set: 115.53ms
[3606.775s][info][gc,phases      ] GC(845)   Post Evacuate Collection Set: 0.91ms
[3606.775s][info][gc,phases      ] GC(845)   Other: 0.12ms
[3606.775s][info][gc,heap        ] GC(845) Eden regions: 1117->0(1120)
[3606.775s][info][gc,heap        ] GC(845) Survivor regions: 111->108(154)
[3606.775s][info][gc,heap        ] GC(845) Old regions: 472->504
[3606.775s][info][gc,heap        ] GC(845) Humongous regions: 80->80
[3606.775s][info][gc,metaspace   ] GC(845) Metaspace: 28932K(29312K)->28932K(29312K) NonClass: 24063K(24256K)->24063K(24256K) Class: 4868K(5056K)->4868K(5056K)
[3606.775s][info][gc             ] GC(845) Pause Young (Concurrent Start) (G1 Evacuation Pause) 3558M->1383M(4096M) 117.519ms
[3606.776s][info][gc             ] GC(846) Concurrent Mark Cycle
[3606.776s][info][gc,marking     ] GC(846) Concurrent Scan Root Regions
[3606.776s][info][gc,cpu         ] GC(845) User=0.69s Sys=0.00s Real=0.12s
.[3606.960s][info][gc,marking     ] GC(846) Concurrent Scan Root Regions 184.899ms
[3606.960s][info][gc,marking     ] GC(846) Concurrent Mark
[3606.960s][info][gc,marking     ] GC(846) Concurrent Mark From Roots
[3606.960s][info][gc,task        ] GC(846) Using 2 workers of 2 for marking
[3607.821s][info][gc,marking     ] GC(846) Concurrent Mark From Roots 860.149ms
[3607.821s][info][gc,marking     ] GC(846) Concurrent Preclean
[3607.821s][info][gc,marking     ] GC(846) Concurrent Preclean 0.103ms
[3607.821s][info][gc,start       ] GC(846) Pause Remark
[3607.827s][info][gc             ] GC(846) Pause Remark 2248M->2248M(4096M) 5.981ms
[3607.827s][info][gc,cpu         ] GC(846) User=0.03s Sys=0.00s Real=0.01s
[3607.827s][info][gc,marking     ] GC(846) Concurrent Mark 866.472ms
[3607.827s][info][gc,marking     ] GC(846) Concurrent Rebuild Remembered Sets and Scrub Regions
.[3608.213s][info][gc,marking     ] GC(846) Concurrent Rebuild Remembered Sets and Scrub Regions 385.576ms
[3608.213s][info][gc,start       ] GC(846) Pause Cleanup
[3608.213s][info][gc             ] GC(846) Pause Cleanup 2521M->2521M(4096M) 0.109ms
[3608.213s][info][gc,cpu         ] GC(846) User=0.00s Sys=0.00s Real=0.00s
[3608.213s][info][gc,marking     ] GC(846) Concurrent Clear Claimed Marks
[3608.213s][info][gc,marking     ] GC(846) Concurrent Clear Claimed Marks 0.024ms
[3608.213s][info][gc,marking     ] GC(846) Concurrent Cleanup for Next Mark
[3608.218s][info][gc,marking     ] GC(846) Concurrent Cleanup for Next Mark 4.670ms
[3608.218s][info][gc             ] GC(846) Concurrent Mark Cycle 1442.122ms
.[3609.637s][info][gc,start       ] GC(847) Pause Young (Prepare Mixed) (G1 Evacuation Pause)
[3609.637s][info][gc,task        ] GC(847) Using 6 workers of 6 for evacuation
[3609.756s][info][gc,phases      ] GC(847)   Pre Evacuate Collection Set: 0.30ms
[3609.756s][info][gc,phases      ] GC(847)   Merge Heap Roots: 0.53ms
[3609.756s][info][gc,phases      ] GC(847)   Evacuate Collection Set: 116.98ms
[3609.756s][info][gc,phases      ] GC(847)   Post Evacuate Collection Set: 0.90ms
[3609.756s][info][gc,phases      ] GC(847)   Other: 0.09ms
[3609.756s][info][gc,heap        ] GC(847) Eden regions: 1120->0(1109)
[3609.756s][info][gc,heap        ] GC(847) Survivor regions: 108->110(154)
[3609.756s][info][gc,heap        ] GC(847) Old regions: 504->536
[3609.756s][info][gc,heap        ] GC(847) Humongous regions: 80->80
[3609.756s][info][gc,metaspace   ] GC(847) Metaspace: 28932K(29312K)->28932K(29312K) NonClass: 24063K(24256K)->24063K(24256K) Class: 4868K(5056K)->4868K(5056K)
[3609.756s][info][gc             ] GC(847) Pause Young (Prepare Mixed) (G1 Evacuation Pause) 3623M->1449M(4096M) 118.943ms
[3609.756s][info][gc,cpu         ] GC(847) User=0.70s Sys=0.00s Real=0.12s
...[3612.671s][info][gc,start       ] GC(848) Pause Young (Mixed) (G1 Evacuation Pause)
[3612.671s][info][gc,task        ] GC(848) Using 6 workers of 6 for evacuation
[3612.805s][info][gc,phases      ] GC(848)   Pre Evacuate Collection Set: 0.38ms
[3612.806s][info][gc,phases      ] GC(848)   Merge Heap Roots: 0.77ms
[3612.806s][info][gc,phases      ] GC(848)   Evacuate Collection Set: 131.93ms
[3612.806s][info][gc,phases      ] GC(848)   Post Evacuate Collection Set: 0.98ms
[3612.806s][info][gc,phases      ] GC(848)   Other: 0.10ms
[3612.806s][info][gc,heap        ] GC(848) Eden regions: 1109->0(1119)
[3612.806s][info][gc,heap        ] GC(848) Survivor regions: 110->109(153)
[3612.806s][info][gc,heap        ] GC(848) Old regions: 536->473
[3612.806s][info][gc,heap        ] GC(848) Humongous regions: 80->80
[3612.806s][info][gc,metaspace   ] GC(848) Metaspace: 28932K(29312K)->28932K(29312K) NonClass: 24063K(24256K)->24063K(24256K) Class: 4868K(5056K)->4868K(5056K)
[3612.806s][info][gc             ] GC(848) Pause Young (Mixed) (G1 Evacuation Pause) 3667M->1322M(4096M) 134.301ms
[3612.806s][info][gc,cpu         ] GC(848) User=0.80s Sys=0.00s Real=0.14s
...[3615.610s][info][gc,start       ] GC(849) Pause Young (Concurrent Start) (G1 Evacuation Pause)
[3615.610s][info][gc,task        ] GC(849) Using 6 workers of 6 for evacuation
[3615.730s][info][gc,phases      ] GC(849)   Pre Evacuate Collection Set: 0.33ms
[3615.730s][info][gc,phases      ] GC(849)   Merge Heap Roots: 0.45ms
[3615.730s][info][gc,phases      ] GC(849)   Evacuate Collection Set: 118.07ms
[3615.730s][info][gc,phases      ] GC(849)   Post Evacuate Collection Set: 0.85ms
[3615.730s][info][gc,phases      ] GC(849)   Other: 0.11ms
[3615.730s][info][gc,heap        ] GC(849) Eden regions: 1119->0(1116)
[3615.730s][info][gc,heap        ] GC(849) Survivor regions: 109->112(154)
[3615.730s][info][gc,heap        ] GC(849) Old regions: 473->505
[3615.730s][info][gc,heap        ] GC(849) Humongous regions: 80->80
[3615.730s][info][gc,metaspace   ] GC(849) Metaspace: 28932K(29312K)->28932K(29312K) NonClass: 24063K(24256K)->24063K(24256K) Class: 4868K(5056K)->4868K(5056K)
[3615.730s][info][gc             ] GC(849) Pause Young (Concurrent Start) (G1 Evacuation Pause) 3560M->1391M(4096M) 119.947ms
[3615.730s][info][gc             ] GC(850) Concurrent Mark Cycle
[3615.730s][info][gc,marking     ] GC(850) Concurrent Scan Root Regions
[3615.730s][info][gc,cpu         ] GC(849) User=0.71s Sys=0.00s Real=0.12s
[3615.878s][info][gc,marking     ] GC(850) Concurrent Scan Root Regions 147.970ms
[3615.878s][info][gc,marking     ] GC(850) Concurrent Mark
[3615.878s][info][gc,marking     ] GC(850) Concurrent Mark From Roots
[3615.878s][info][gc,task        ] GC(850) Using 2 workers of 2 for marking
.[3616.552s][info][gc,marking     ] GC(850) Concurrent Mark From Roots 674.663ms
[3616.552s][info][gc,marking     ] GC(850) Concurrent Preclean
[3616.553s][info][gc,marking     ] GC(850) Concurrent Preclean 0.131ms
[3616.553s][info][gc,start       ] GC(850) Pause Remark
[3616.559s][info][gc             ] GC(850) Pause Remark 2027M->2027M(4096M) 5.861ms
[3616.559s][info][gc,cpu         ] GC(850) User=0.04s Sys=0.00s Real=0.00s
[3616.559s][info][gc,marking     ] GC(850) Concurrent Mark 680.922ms
[3616.559s][info][gc,marking     ] GC(850) Concurrent Rebuild Remembered Sets and Scrub Regions
[3616.803s][info][gc,marking     ] GC(850) Concurrent Rebuild Remembered Sets and Scrub Regions 243.820ms
[3616.803s][info][gc,start       ] GC(850) Pause Cleanup
[3616.803s][info][gc             ] GC(850) Pause Cleanup 2207M->2207M(4096M) 0.099ms
[3616.803s][info][gc,cpu         ] GC(850) User=0.00s Sys=0.00s Real=0.00s
[3616.803s][info][gc,marking     ] GC(850) Concurrent Clear Claimed Marks
[3616.803s][info][gc,marking     ] GC(850) Concurrent Clear Claimed Marks 0.020ms
[3616.803s][info][gc,marking     ] GC(850) Concurrent Cleanup for Next Mark
[3616.808s][info][gc,marking     ] GC(850) Concurrent Cleanup for Next Mark 4.779ms
[3616.808s][info][gc             ] GC(850) Concurrent Mark Cycle 1077.973ms
..[3618.733s][info][gc,start       ] GC(851) Pause Young (Prepare Mixed) (G1 Evacuation Pause)
[3618.733s][info][gc,task        ] GC(851) Using 6 workers of 6 for evacuation
[3618.850s][info][gc,phases      ] GC(851)   Pre Evacuate Collection Set: 0.34ms
[3618.850s][info][gc,phases      ] GC(851)   Merge Heap Roots: 0.49ms
[3618.850s][info][gc,phases      ] GC(851)   Evacuate Collection Set: 115.51ms
[3618.850s][info][gc,phases      ] GC(851)   Post Evacuate Collection Set: 0.93ms
[3618.850s][info][gc,phases      ] GC(851)   Other: 0.09ms
[3618.850s][info][gc,heap        ] GC(851) Eden regions: 1116->0(1109)
[3618.850s][info][gc,heap        ] GC(851) Survivor regions: 112->110(154)
[3618.850s][info][gc,heap        ] GC(851) Old regions: 505->536
[3618.850s][info][gc,heap        ] GC(851) Humongous regions: 80->80
[3618.850s][info][gc,metaspace   ] GC(851) Metaspace: 28932K(29312K)->28932K(29312K) NonClass: 24063K(24256K)->24063K(24256K) Class: 4868K(5056K)->4868K(5056K)
[3618.850s][info][gc             ] GC(851) Pause Young (Prepare Mixed) (G1 Evacuation Pause) 3623M->1450M(4096M) 117.504ms
[3618.850s][info][gc,cpu         ] GC(851) User=0.69s Sys=0.00s Real=0.11s
...[3621.675s][info][gc,start       ] GC(852) Pause Young (Mixed) (G1 Evacuation Pause)
[3621.675s][info][gc,task        ] GC(852) Using 6 workers of 6 for evacuation
[3621.808s][info][gc,phases      ] GC(852)   Pre Evacuate Collection Set: 0.38ms
[3621.808s][info][gc,phases      ] GC(852)   Merge Heap Roots: 0.62ms
[3621.808s][info][gc,phases      ] GC(852)   Evacuate Collection Set: 131.00ms
[3621.808s][info][gc,phases      ] GC(852)   Post Evacuate Collection Set: 0.96ms
[3621.808s][info][gc,phases      ] GC(852)   Other: 0.09ms
[3621.808s][info][gc,heap        ] GC(852) Eden regions: 1109->0(1117)
[3621.808s][info][gc,heap        ] GC(852) Survivor regions: 110->111(153)
[3621.808s][info][gc,heap        ] GC(852) Old regions: 536->472
[3621.808s][info][gc,heap        ] GC(852) Humongous regions: 80->80
[3621.808s][info][gc,metaspace   ] GC(852) Metaspace: 28932K(29312K)->28932K(29312K) NonClass: 24063K(24256K)->24063K(24256K) Class: 4868K(5056K)->4868K(5056K)
[3621.808s][info][gc             ] GC(852) Pause Young (Mixed) (G1 Evacuation Pause) 3668M->1323M(4096M) 133.165ms
[3621.808s][info][gc,cpu         ] GC(852) User=0.79s Sys=0.00s Real=0.13s
...[3624.756s][info][gc,start       ] GC(853) Pause Young (Concurrent Start) (G1 Evacuation Pause)
[3624.756s][info][gc,task        ] GC(853) Using 6 workers of 6 for evacuation
[3624.874s][info][gc,phases      ] GC(853)   Pre Evacuate Collection Set: 0.37ms
[3624.874s][info][gc,phases      ] GC(853)   Merge Heap Roots: 0.43ms
[3624.874s][info][gc,phases      ] GC(853)   Evacuate Collection Set: 115.87ms
[3624.874s][info][gc,phases      ] GC(853)   Post Evacuate Collection Set: 0.86ms
[3624.874s][info][gc,phases      ] GC(853)   Other: 0.12ms
[3624.874s][info][gc,heap        ] GC(853) Eden regions: 1117->0(1118)
[3624.874s][info][gc,heap        ] GC(853) Survivor regions: 111->110(154)
[3624.874s][info][gc,heap        ] GC(853) Old regions: 472->504
[3624.874s][info][gc,heap        ] GC(853) Humongous regions: 80->80
[3624.874s][info][gc,metaspace   ] GC(853) Metaspace: 28932K(29312K)->28932K(29312K) NonClass: 24063K(24256K)->24063K(24256K) Class: 4868K(5056K)->4868K(5056K)
[3624.874s][info][gc             ] GC(853) Pause Young (Concurrent Start) (G1 Evacuation Pause) 3557M->1386M(4096M) 117.781ms
[3624.874s][info][gc             ] GC(854) Concurrent Mark Cycle
[3624.874s][info][gc,marking     ] GC(854) Concurrent Scan Root Regions
[3624.874s][info][gc,cpu         ] GC(853) User=0.69s Sys=0.00s Real=0.12s
.[3625.091s][info][gc,marking     ] GC(854) Concurrent Scan Root Regions 217.652ms
[3625.091s][info][gc,marking     ] GC(854) Concurrent Mark
[3625.091s][info][gc,marking     ] GC(854) Concurrent Mark From Roots
[3625.091s][info][gc,task        ] GC(854) Using 2 workers of 2 for marking
[3626.022s][info][gc,marking     ] GC(854) Concurrent Mark From Roots 930.955ms
[3626.022s][info][gc,marking     ] GC(854) Concurrent Preclean
[3626.023s][info][gc,marking     ] GC(854) Concurrent Preclean 0.157ms
[3626.023s][info][gc,start       ] GC(854) Pause Remark
[3626.029s][info][gc             ] GC(854) Pause Remark 2305M->2305M(4096M) 6.151ms
[3626.029s][info][gc,cpu         ] GC(854) User=0.03s Sys=0.00s Real=0.00s
[3626.030s][info][gc,marking     ] GC(854) Concurrent Mark 938.679ms
[3626.030s][info][gc,marking     ] GC(854) Concurrent Rebuild Remembered Sets and Scrub Regions
.[3626.440s][info][gc,marking     ] GC(854) Concurrent Rebuild Remembered Sets and Scrub Regions 409.352ms
[3626.440s][info][gc,start       ] GC(854) Pause Cleanup
[3626.440s][info][gc             ] GC(854) Pause Cleanup 2628M->2628M(4096M) 0.094ms
[3626.440s][info][gc,cpu         ] GC(854) User=0.00s Sys=0.00s Real=0.00s
[3626.440s][info][gc,marking     ] GC(854) Concurrent Clear Claimed Marks
[3626.440s][info][gc,marking     ] GC(854) Concurrent Clear Claimed Marks 0.021ms
[3626.440s][info][gc,marking     ] GC(854) Concurrent Cleanup for Next Mark
[3626.444s][info][gc,marking     ] GC(854) Concurrent Cleanup for Next Mark 4.423ms
[3626.444s][info][gc             ] GC(854) Concurrent Mark Cycle 1570.566ms
.[3627.778s][info][gc,start       ] GC(855) Pause Young (Prepare Mixed) (G1 Evacuation Pause)
[3627.778s][info][gc,task        ] GC(855) Using 6 workers of 6 for evacuation
[3627.898s][info][gc,phases      ] GC(855)   Pre Evacuate Collection Set: 0.32ms
[3627.898s][info][gc,phases      ] GC(855)   Merge Heap Roots: 0.50ms
[3627.898s][info][gc,phases      ] GC(855)   Evacuate Collection Set: 117.78ms
[3627.898s][info][gc,phases      ] GC(855)   Post Evacuate Collection Set: 0.95ms
[3627.898s][info][gc,phases      ] GC(855)   Other: 0.09ms
[3627.898s][info][gc,heap        ] GC(855) Eden regions: 1118->0(1106)
[3627.898s][info][gc,heap        ] GC(855) Survivor regions: 110->112(154)
[3627.898s][info][gc,heap        ] GC(855) Old regions: 504->535
[3627.898s][info][gc,heap        ] GC(855) Humongous regions: 80->80
[3627.898s][info][gc,metaspace   ] GC(855) Metaspace: 28932K(29312K)->28932K(29312K) NonClass: 24063K(24256K)->24063K(24256K) Class: 4868K(5056K)->4868K(5056K)
[3627.898s][info][gc             ] GC(855) Pause Young (Prepare Mixed) (G1 Evacuation Pause) 3622M->1452M(4096M) 119.764ms
[3627.898s][info][gc,cpu         ] GC(855) User=0.71s Sys=0.00s Real=0.12s
.. (rIR:aIR:PR = 6227:6227:6227) (tPR = 92756) [OK] 
  3628s: Performance info:
         Transaction,    Success,    Partial,     Failed,   Receipts, AvgBarcode, 
             Overall,     376408,          0,          0,     357559,      59.48, 
         Response times:
             Request,    Success,    Partial,     Failed,   SkipFail,     Probes,    Samples,      min,      p50,      p90,      p95,      p99,      max, 
       TotalPurchase,     357558,          0,          0,          0,     352183,     453337,      300,     5200,    26000,    51000,   100000,   227000,
     InStorePurchase,     188159,          0,          0,          0,     185740,     238391,      300,     5000,    25000,    50000,    99000,   227000,
      OnlinePurchase,     131818,          0,          0,          0,     129862,     167027,      300,     5400,    27000,    52000,   102000,   227000,
        InstPurchase,      37581,          0,          0,          0,      36581,      47919,      400,     5500,    26000,    52000,    99000,   226000,
          AssocOfCat,        377,          0,          0,          0,        288,        451,    24000,    37000,    82800,   101200,   173200,   207000,
      AssocOfProduct,       3777,          0,          0,          0,       3531,       4722,      400,     7000,    34000,    63000,   111770,   159000,
      BusinessReport,        941,          0,          0,          0,        836,       1225,    25000,    40000,    86000,   117700,   185480,   221000,
          CustBuyBeh,       3768,          0,          0,          0,       3546,       4775,      200,     6700,    35000,    61000,   113240,   164000,
       ProductReturn,       9986,          0,          0,          0,       9337,      12513,      200,     4700,    24600,    46000,    96000,   180000,

  3628s: (46%)   IR =   6365 .[3630.744s][info][gc,start       ] GC(856) Pause Young (Mixed) (G1 Evacuation Pause)
[3630.744s][info][gc,task        ] GC(856) Using 6 workers of 6 for evacuation
[3630.879s][info][gc,phases      ] GC(856)   Pre Evacuate Collection Set: 0.41ms
[3630.879s][info][gc,phases      ] GC(856)   Merge Heap Roots: 0.72ms
[3630.879s][info][gc,phases      ] GC(856)   Evacuate Collection Set: 132.98ms
[3630.879s][info][gc,phases      ] GC(856)   Post Evacuate Collection Set: 0.96ms
[3630.879s][info][gc,phases      ] GC(856)   Other: 0.09ms
[3630.879s][info][gc,heap        ] GC(856) Eden regions: 1106->0(1119)
[3630.879s][info][gc,heap        ] GC(856) Survivor regions: 112->109(153)
[3630.879s][info][gc,heap        ] GC(856) Old regions: 535->472
[3630.879s][info][gc,heap        ] GC(856) Humongous regions: 80->80
[3630.879s][info][gc,metaspace   ] GC(856) Metaspace: 28933K(29312K)->28933K(29312K) NonClass: 24065K(24256K)->24065K(24256K) Class: 4868K(5056K)->4868K(5056K)
[3630.879s][info][gc             ] GC(856) Pause Young (Mixed) (G1 Evacuation Pause) 3664M->1321M(4096M) 135.293ms
[3630.879s][info][gc,cpu         ] GC(856) User=0.80s Sys=0.00s Real=0.13s
...[3633.702s][info][gc,start       ] GC(857) Pause Young (Concurrent Start) (G1 Evacuation Pause)
[3633.702s][info][gc,task        ] GC(857) Using 6 workers of 6 for evacuation
[3633.824s][info][gc,phases      ] GC(857)   Pre Evacuate Collection Set: 0.37ms
[3633.824s][info][gc,phases      ] GC(857)   Merge Heap Roots: 0.53ms
[3633.824s][info][gc,phases      ] GC(857)   Evacuate Collection Set: 119.83ms
[3633.824s][info][gc,phases      ] GC(857)   Post Evacuate Collection Set: 0.90ms
[3633.824s][info][gc,phases      ] GC(857)   Other: 0.10ms
[3633.824s][info][gc,heap        ] GC(857) Eden regions: 1119->0(1116)
[3633.824s][info][gc,heap        ] GC(857) Survivor regions: 109->112(154)
[3633.824s][info][gc,heap        ] GC(857) Old regions: 472->504
[3633.824s][info][gc,heap        ] GC(857) Humongous regions: 80->80
[3633.824s][info][gc,metaspace   ] GC(857) Metaspace: 28933K(29312K)->28933K(29312K) NonClass: 24065K(24256K)->24065K(24256K) Class: 4868K(5056K)->4868K(5056K)
[3633.824s][info][gc             ] GC(857) Pause Young (Concurrent Start) (G1 Evacuation Pause) 3559M->1390M(4096M) 121.866ms
[3633.824s][info][gc             ] GC(858) Concurrent Mark Cycle
[3633.824s][info][gc,marking     ] GC(858) Concurrent Scan Root Regions
[3633.824s][info][gc,cpu         ] GC(857) User=0.72s Sys=0.00s Real=0.13s
[3634.016s][info][gc,marking     ] GC(858) Concurrent Scan Root Regions 192.021ms
[3634.016s][info][gc,marking     ] GC(858) Concurrent Mark
[3634.016s][info][gc,marking     ] GC(858) Concurrent Mark From Roots
[3634.016s][info][gc,task        ] GC(858) Using 2 workers of 2 for marking
.|[3634.949s][info][gc,marking     ] GC(858) Concurrent Mark From Roots 933.111ms
[3634.949s][info][gc,marking     ] GC(858) Concurrent Preclean
[3634.950s][info][gc,marking     ] GC(858) Concurrent Preclean 0.167ms
[3634.950s][info][gc,start       ] GC(858) Pause Remark
[3634.956s][info][gc             ] GC(858) Pause Remark 2295M->2295M(4096M) 6.304ms
[3634.956s][info][gc,cpu         ] GC(858) User=0.03s Sys=0.00s Real=0.01s
[3634.956s][info][gc,marking     ] GC(858) Concurrent Mark 939.965ms
[3634.956s][info][gc,marking     ] GC(858) Concurrent Rebuild Remembered Sets and Scrub Regions
.[3635.353s][info][gc,marking     ] GC(858) Concurrent Rebuild Remembered Sets and Scrub Regions 396.984ms
[3635.353s][info][gc,start       ] GC(858) Pause Cleanup
[3635.353s][info][gc             ] GC(858) Pause Cleanup 2611M->2611M(4096M) 0.105ms
[3635.353s][info][gc,cpu         ] GC(858) User=0.00s Sys=0.00s Real=0.00s
[3635.353s][info][gc,marking     ] GC(858) Concurrent Clear Claimed Marks
[3635.353s][info][gc,marking     ] GC(858) Concurrent Clear Claimed Marks 0.032ms
[3635.353s][info][gc,marking     ] GC(858) Concurrent Cleanup for Next Mark
[3635.359s][info][gc,marking     ] GC(858) Concurrent Cleanup for Next Mark 5.255ms
[3635.359s][info][gc             ] GC(858) Concurrent Mark Cycle 1534.716ms
.[3636.701s][info][gc,start       ] GC(859) Pause Young (Prepare Mixed) (G1 Evacuation Pause)
[3636.701s][info][gc,task        ] GC(859) Using 6 workers of 6 for evacuation
[3636.822s][info][gc,phases      ] GC(859)   Pre Evacuate Collection Set: 0.34ms
[3636.822s][info][gc,phases      ] GC(859)   Merge Heap Roots: 0.50ms
[3636.822s][info][gc,phases      ] GC(859)   Evacuate Collection Set: 118.96ms
[3636.822s][info][gc,phases      ] GC(859)   Post Evacuate Collection Set: 0.94ms
[3636.822s][info][gc,phases      ] GC(859)   Other: 0.09ms
[3636.822s][info][gc,heap        ] GC(859) Eden regions: 1116->0(1106)
[3636.822s][info][gc,heap        ] GC(859) Survivor regions: 112->112(154)
[3636.822s][info][gc,heap        ] GC(859) Old regions: 504->535
[3636.822s][info][gc,heap        ] GC(859) Humongous regions: 80->80
[3636.822s][info][gc,metaspace   ] GC(859) Metaspace: 28933K(29312K)->28933K(29312K) NonClass: 24065K(24256K)->24065K(24256K) Class: 4868K(5056K)->4868K(5056K)
[3636.822s][info][gc             ] GC(859) Pause Young (Prepare Mixed) (G1 Evacuation Pause) 3622M->1452M(4096M) 120.960ms
[3636.822s][info][gc,cpu         ] GC(859) User=0.72s Sys=0.00s Real=0.12s
...[3639.620s][info][gc,start       ] GC(860) Pause Young (Mixed) (G1 Evacuation Pause)
[3639.620s][info][gc,task        ] GC(860) Using 6 workers of 6 for evacuation
[3639.751s][info][gc,phases      ] GC(860)   Pre Evacuate Collection Set: 0.37ms
[3639.751s][info][gc,phases      ] GC(860)   Merge Heap Roots: 0.62ms
[3639.751s][info][gc,phases      ] GC(860)   Evacuate Collection Set: 129.36ms
[3639.751s][info][gc,phases      ] GC(860)   Post Evacuate Collection Set: 0.94ms
[3639.751s][info][gc,phases      ] GC(860)   Other: 0.08ms
[3639.751s][info][gc,heap        ] GC(860) Eden regions: 1106->0(1119)
[3639.751s][info][gc,heap        ] GC(860) Survivor regions: 112->109(153)
[3639.751s][info][gc,heap        ] GC(860) Old regions: 535->473
[3639.751s][info][gc,heap        ] GC(860) Humongous regions: 80->80
[3639.751s][info][gc,metaspace   ] GC(860) Metaspace: 28933K(29312K)->28933K(29312K) NonClass: 24065K(24256K)->24065K(24256K) Class: 4868K(5056K)->4868K(5056K)
[3639.751s][info][gc             ] GC(860) Pause Young (Mixed) (G1 Evacuation Pause) 3664M->1322M(4096M) 131.511ms
[3639.751s][info][gc,cpu         ] GC(860) User=0.78s Sys=0.00s Real=0.13s
...[3642.582s][info][gc,start       ] GC(861) Pause Young (Concurrent Start) (G1 Evacuation Pause)
[3642.582s][info][gc,task        ] GC(861) Using 6 workers of 6 for evacuation
[3642.705s][info][gc,phases      ] GC(861)   Pre Evacuate Collection Set: 0.36ms
[3642.705s][info][gc,phases      ] GC(861)   Merge Heap Roots: 0.44ms
[3642.705s][info][gc,phases      ] GC(861)   Evacuate Collection Set: 121.28ms
[3642.705s][info][gc,phases      ] GC(861)   Post Evacuate Collection Set: 0.91ms
[3642.705s][info][gc,phases      ] GC(861)   Other: 0.12ms
[3642.705s][info][gc,heap        ] GC(861) Eden regions: 1119->0(1115)
[3642.705s][info][gc,heap        ] GC(861) Survivor regions: 109->113(154)
[3642.705s][info][gc,heap        ] GC(861) Old regions: 473->505
[3642.705s][info][gc,heap        ] GC(861) Humongous regions: 80->80
[3642.705s][info][gc,metaspace   ] GC(861) Metaspace: 28933K(29312K)->28933K(29312K) NonClass: 24065K(24256K)->24065K(24256K) Class: 4868K(5056K)->4868K(5056K)
[3642.705s][info][gc             ] GC(861) Pause Young (Concurrent Start) (G1 Evacuation Pause) 3560M->1394M(4096M) 123.237ms
[3642.705s][info][gc             ] GC(862) Concurrent Mark Cycle
[3642.705s][info][gc,marking     ] GC(862) Concurrent Scan Root Regions
[3642.705s][info][gc,cpu         ] GC(861) User=0.73s Sys=0.00s Real=0.13s
[3642.895s][info][gc,marking     ] GC(862) Concurrent Scan Root Regions 190.080ms
[3642.895s][info][gc,marking     ] GC(862) Concurrent Mark
[3642.895s][info][gc,marking     ] GC(862) Concurrent Mark From Roots
[3642.895s][info][gc,task        ] GC(862) Using 2 workers of 2 for marking
.[3643.844s][info][gc,marking     ] GC(862) Concurrent Mark From Roots 949.113ms
[3643.844s][info][gc,marking     ] GC(862) Concurrent Preclean
[3643.845s][info][gc,marking     ] GC(862) Concurrent Preclean 0.122ms
[3643.846s][info][gc,start       ] GC(862) Pause Remark
[3643.853s][info][gc             ] GC(862) Pause Remark 2390M->2390M(4096M) 7.676ms
[3643.853s][info][gc,cpu         ] GC(862) User=0.04s Sys=0.00s Real=0.01s
[3643.854s][info][gc,marking     ] GC(862) Concurrent Mark 959.233ms
[3643.855s][info][gc,marking     ] GC(862) Concurrent Rebuild Remembered Sets and Scrub Regions
.[3644.261s][info][gc,marking     ] GC(862) Concurrent Rebuild Remembered Sets and Scrub Regions 406.213ms
[3644.261s][info][gc,start       ] GC(862) Pause Cleanup
[3644.261s][info][gc             ] GC(862) Pause Cleanup 2684M->2684M(4096M) 0.100ms
[3644.261s][info][gc,cpu         ] GC(862) User=0.01s Sys=0.00s Real=0.00s
[3644.261s][info][gc,marking     ] GC(862) Concurrent Clear Claimed Marks
[3644.261s][info][gc,marking     ] GC(862) Concurrent Clear Claimed Marks 0.021ms
[3644.261s][info][gc,marking     ] GC(862) Concurrent Cleanup for Next Mark
[3644.265s][info][gc,marking     ] GC(862) Concurrent Cleanup for Next Mark 3.928ms
[3644.265s][info][gc             ] GC(862) Concurrent Mark Cycle 1559.909ms
.[3645.501s][info][gc,start       ] GC(863) Pause Young (Prepare Mixed) (G1 Evacuation Pause)
[3645.501s][info][gc,task        ] GC(863) Using 6 workers of 6 for evacuation
[3645.619s][info][gc,phases      ] GC(863)   Pre Evacuate Collection Set: 0.33ms
[3645.619s][info][gc,phases      ] GC(863)   Merge Heap Roots: 0.50ms
[3645.619s][info][gc,phases      ] GC(863)   Evacuate Collection Set: 116.29ms
[3645.619s][info][gc,phases      ] GC(863)   Post Evacuate Collection Set: 0.93ms
[3645.619s][info][gc,phases      ] GC(863)   Other: 0.09ms
[3645.619s][info][gc,heap        ] GC(863) Eden regions: 1115->0(1113)
[3645.619s][info][gc,heap        ] GC(863) Survivor regions: 113->108(154)
[3645.619s][info][gc,heap        ] GC(863) Old regions: 505->536
[3645.619s][info][gc,heap        ] GC(863) Humongous regions: 80->80
[3645.619s][info][gc,metaspace   ] GC(863) Metaspace: 28933K(29312K)->28933K(29312K) NonClass: 24065K(24256K)->24065K(24256K) Class: 4868K(5056K)->4868K(5056K)
[3645.619s][info][gc             ] GC(863) Pause Young (Prepare Mixed) (G1 Evacuation Pause) 3624M->1447M(4096M) 118.253ms
[3645.619s][info][gc,cpu         ] GC(863) User=0.70s Sys=0.00s Real=0.12s
...[3648.464s][info][gc,start       ] GC(864) Pause Young (Mixed) (G1 Evacuation Pause)
[3648.464s][info][gc,task        ] GC(864) Using 6 workers of 6 for evacuation
[3648.596s][info][gc,phases      ] GC(864)   Pre Evacuate Collection Set: 0.37ms
[3648.596s][info][gc,phases      ] GC(864)   Merge Heap Roots: 0.65ms
[3648.596s][info][gc,phases      ] GC(864)   Evacuate Collection Set: 129.65ms
[3648.596s][info][gc,phases      ] GC(864)   Post Evacuate Collection Set: 0.97ms
[3648.596s][info][gc,phases      ] GC(864)   Other: 0.08ms
[3648.596s][info][gc,heap        ] GC(864) Eden regions: 1113->0(1120)
[3648.596s][info][gc,heap        ] GC(864) Survivor regions: 108->108(153)
[3648.596s][info][gc,heap        ] GC(864) Old regions: 536->473
[3648.596s][info][gc,heap        ] GC(864) Humongous regions: 80->80
[3648.596s][info][gc,metaspace   ] GC(864) Metaspace: 28933K(29312K)->28933K(29312K) NonClass: 24065K(24256K)->24065K(24256K) Class: 4868K(5056K)->4868K(5056K)
[3648.596s][info][gc             ] GC(864) Pause Young (Mixed) (G1 Evacuation Pause) 3673M->1320M(4096M) 131.867ms
[3648.596s][info][gc,cpu         ] GC(864) User=0.78s Sys=0.00s Real=0.13s
...[3651.404s][info][gc,start       ] GC(865) Pause Young (Concurrent Start) (G1 Evacuation Pause)
[3651.404s][info][gc,task        ] GC(865) Using 6 workers of 6 for evacuation
[3651.526s][info][gc,phases      ] GC(865)   Pre Evacuate Collection Set: 0.34ms
[3651.526s][info][gc,phases      ] GC(865)   Merge Heap Roots: 0.44ms
[3651.526s][info][gc,phases      ] GC(865)   Evacuate Collection Set: 120.93ms
[3651.526s][info][gc,phases      ] GC(865)   Post Evacuate Collection Set: 0.92ms
[3651.526s][info][gc,phases      ] GC(865)   Other: 0.11ms
[3651.526s][info][gc,heap        ] GC(865) Eden regions: 1120->0(1114)
[3651.526s][info][gc,heap        ] GC(865) Survivor regions: 108->114(154)
[3651.526s][info][gc,heap        ] GC(865) Old regions: 473->504
[3651.526s][info][gc,heap        ] GC(865) Humongous regions: 80->80
[3651.526s][info][gc,metaspace   ] GC(865) Metaspace: 28933K(29312K)->28933K(29312K) NonClass: 24065K(24256K)->24065K(24256K) Class: 4868K(5056K)->4868K(5056K)
[3651.527s][info][gc             ] GC(865) Pause Young (Concurrent Start) (G1 Evacuation Pause) 3560M->1394M(4096M) 122.875ms
[3651.527s][info][gc             ] GC(866) Concurrent Mark Cycle
[3651.527s][info][gc,marking     ] GC(866) Concurrent Scan Root Regions
[3651.527s][info][gc,cpu         ] GC(865) User=0.73s Sys=0.00s Real=0.12s
[3651.715s][info][gc,marking     ] GC(866) Concurrent Scan Root Regions 188.230ms
[3651.715s][info][gc,marking     ] GC(866) Concurrent Mark
[3651.715s][info][gc,marking     ] GC(866) Concurrent Mark From Roots
[3651.715s][info][gc,task        ] GC(866) Using 2 workers of 2 for marking
.[3652.644s][info][gc,marking     ] GC(866) Concurrent Mark From Roots 929.392ms
[3652.644s][info][gc,marking     ] GC(866) Concurrent Preclean
[3652.644s][info][gc,marking     ] GC(866) Concurrent Preclean 0.122ms
[3652.645s][info][gc,start       ] GC(866) Pause Remark
[3652.651s][info][gc             ] GC(866) Pause Remark 2300M->2300M(4096M) 6.685ms
[3652.651s][info][gc,cpu         ] GC(866) User=0.04s Sys=0.00s Real=0.00s
[3652.651s][info][gc,marking     ] GC(866) Concurrent Mark 936.479ms
[3652.651s][info][gc,marking     ] GC(866) Concurrent Rebuild Remembered Sets and Scrub Regions
[3652.949s][info][gc,marking     ] GC(866) Concurrent Rebuild Remembered Sets and Scrub Regions 297.597ms
[3652.949s][info][gc,start       ] GC(866) Pause Cleanup
[3652.949s][info][gc             ] GC(866) Pause Cleanup 2521M->2521M(4096M) 0.103ms
[3652.949s][info][gc,cpu         ] GC(866) User=0.00s Sys=0.00s Real=0.00s
[3652.949s][info][gc,marking     ] GC(866) Concurrent Clear Claimed Marks
[3652.949s][info][gc,marking     ] GC(866) Concurrent Clear Claimed Marks 0.022ms
[3652.949s][info][gc,marking     ] GC(866) Concurrent Cleanup for Next Mark
[3652.953s][info][gc,marking     ] GC(866) Concurrent Cleanup for Next Mark 4.168ms
[3652.953s][info][gc             ] GC(866) Concurrent Mark Cycle 1426.916ms
..[3654.368s][info][gc,start       ] GC(867) Pause Young (Prepare Mixed) (G1 Evacuation Pause)
[3654.368s][info][gc,task        ] GC(867) Using 6 workers of 6 for evacuation
[3654.485s][info][gc,phases      ] GC(867)   Pre Evacuate Collection Set: 0.31ms
[3654.485s][info][gc,phases      ] GC(867)   Merge Heap Roots: 0.50ms
[3654.485s][info][gc,phases      ] GC(867)   Evacuate Collection Set: 115.51ms
[3654.485s][info][gc,phases      ] GC(867)   Post Evacuate Collection Set: 0.91ms
[3654.485s][info][gc,phases      ] GC(867)   Other: 0.08ms
[3654.485s][info][gc,heap        ] GC(867) Eden regions: 1114->0(1109)
[3654.485s][info][gc,heap        ] GC(867) Survivor regions: 114->110(154)
[3654.485s][info][gc,heap        ] GC(867) Old regions: 504->536
[3654.485s][info][gc,heap        ] GC(867) Humongous regions: 80->80
[3654.485s][info][gc,metaspace   ] GC(867) Metaspace: 28933K(29312K)->28933K(29312K) NonClass: 24065K(24256K)->24065K(24256K) Class: 4868K(5056K)->4868K(5056K)
[3654.485s][info][gc             ] GC(867) Pause Young (Prepare Mixed) (G1 Evacuation Pause) 3622M->1450M(4096M) 117.467ms
[3654.485s][info][gc,cpu         ] GC(867) User=0.70s Sys=0.00s Real=0.12s
...[3657.304s][info][gc,start       ] GC(868) Pause Young (Mixed) (G1 Evacuation Pause)
[3657.304s][info][gc,task        ] GC(868) Using 6 workers of 6 for evacuation
[3657.436s][info][gc,phases      ] GC(868)   Pre Evacuate Collection Set: 0.41ms
[3657.436s][info][gc,phases      ] GC(868)   Merge Heap Roots: 0.62ms
[3657.436s][info][gc,phases      ] GC(868)   Evacuate Collection Set: 129.82ms
[3657.436s][info][gc,phases      ] GC(868)   Post Evacuate Collection Set: 0.97ms
[3657.436s][info][gc,phases      ] GC(868)   Other: 0.10ms
[3657.436s][info][gc,heap        ] GC(868) Eden regions: 1109->0(1120)
[3657.436s][info][gc,heap        ] GC(868) Survivor regions: 110->108(153)
[3657.436s][info][gc,heap        ] GC(868) Old regions: 536->472
[3657.436s][info][gc,heap        ] GC(868) Humongous regions: 80->80
[3657.436s][info][gc,metaspace   ] GC(868) Metaspace: 28933K(29312K)->28933K(29312K) NonClass: 24065K(24256K)->24065K(24256K) Class: 4868K(5056K)->4868K(5056K)
[3657.436s][info][gc             ] GC(868) Pause Young (Mixed) (G1 Evacuation Pause) 3668M->1317M(4096M) 132.057ms
[3657.436s][info][gc,cpu         ] GC(868) User=0.78s Sys=0.00s Real=0.13s
...[3660.237s][info][gc,start       ] GC(869) Pause Young (Concurrent Start) (G1 Evacuation Pause)
[3660.237s][info][gc,task        ] GC(869) Using 6 workers of 6 for evacuation
[3660.353s][info][gc,phases      ] GC(869)   Pre Evacuate Collection Set: 0.36ms
[3660.353s][info][gc,phases      ] GC(869)   Merge Heap Roots: 0.48ms
[3660.353s][info][gc,phases      ] GC(869)   Evacuate Collection Set: 114.74ms
[3660.353s][info][gc,phases      ] GC(869)   Post Evacuate Collection Set: 0.92ms
[3660.353s][info][gc,phases      ] GC(869)   Other: 0.10ms
[3660.353s][info][gc,heap        ] GC(869) Eden regions: 1120->0(1121)
[3660.353s][info][gc,heap        ] GC(869) Survivor regions: 108->107(154)
[3660.353s][info][gc,heap        ] GC(869) Old regions: 472->504
[3660.353s][info][gc,heap        ] GC(869) Humongous regions: 80->80
[3660.353s][info][gc,metaspace   ] GC(869) Metaspace: 28933K(29312K)->28933K(29312K) NonClass: 24065K(24256K)->24065K(24256K) Class: 4868K(5056K)->4868K(5056K)
[3660.353s][info][gc             ] GC(869) Pause Young (Concurrent Start) (G1 Evacuation Pause) 3557M->1380M(4096M) 116.735ms
[3660.353s][info][gc             ] GC(870) Concurrent Mark Cycle
[3660.354s][info][gc,marking     ] GC(870) Concurrent Scan Root Regions
[3660.354s][info][gc,cpu         ] GC(869) User=0.69s Sys=0.00s Real=0.12s
[3660.532s][info][gc,marking     ] GC(870) Concurrent Scan Root Regions 178.593ms
[3660.532s][info][gc,marking     ] GC(870) Concurrent Mark
[3660.532s][info][gc,marking     ] GC(870) Concurrent Mark From Roots
[3660.532s][info][gc,task        ] GC(870) Using 2 workers of 2 for marking
.[3661.495s][info][gc,marking     ] GC(870) Concurrent Mark From Roots 962.822ms
[3661.495s][info][gc,marking     ] GC(870) Concurrent Preclean
[3661.495s][info][gc,marking     ] GC(870) Concurrent Preclean 0.116ms
[3661.497s][info][gc,start       ] GC(870) Pause Remark
[3661.504s][info][gc             ] GC(870) Pause Remark 2288M->2288M(4096M) 7.027ms
[3661.504s][info][gc,cpu         ] GC(870) User=0.04s Sys=0.00s Real=0.01s
[3661.504s][info][gc,marking     ] GC(870) Concurrent Mark 971.976ms
[3661.504s][info][gc,marking     ] GC(870) Concurrent Rebuild Remembered Sets and Scrub Regions
[3661.823s][info][gc,marking     ] GC(870) Concurrent Rebuild Remembered Sets and Scrub Regions 319.134ms
[3661.823s][info][gc,start       ] GC(870) Pause Cleanup
[3661.824s][info][gc             ] GC(870) Pause Cleanup 2570M->2570M(4096M) 0.099ms
[3661.824s][info][gc,cpu         ] GC(870) User=0.00s Sys=0.00s Real=0.00s
[3661.824s][info][gc,marking     ] GC(870) Concurrent Clear Claimed Marks
[3661.824s][info][gc,marking     ] GC(870) Concurrent Clear Claimed Marks 0.021ms
[3661.824s][info][gc,marking     ] GC(870) Concurrent Cleanup for Next Mark
[3661.827s][info][gc,marking     ] GC(870) Concurrent Cleanup for Next Mark 3.193ms
[3661.827s][info][gc             ] GC(870) Concurrent Mark Cycle 1473.311ms
..[3663.221s][info][gc,start       ] GC(871) Pause Young (Prepare Mixed) (G1 Evacuation Pause)
[3663.222s][info][gc,task        ] GC(871) Using 6 workers of 6 for evacuation
[3663.344s][info][gc,phases      ] GC(871)   Pre Evacuate Collection Set: 0.35ms
[3663.344s][info][gc,phases      ] GC(871)   Merge Heap Roots: 0.53ms
[3663.344s][info][gc,phases      ] GC(871)   Evacuate Collection Set: 121.00ms
[3663.344s][info][gc,phases      ] GC(871)   Post Evacuate Collection Set: 0.93ms
[3663.344s][info][gc,phases      ] GC(871)   Other: 0.09ms
[3663.344s][info][gc,heap        ] GC(871) Eden regions: 1121->0(1107)
[3663.344s][info][gc,heap        ] GC(871) Survivor regions: 107->111(154)
[3663.344s][info][gc,heap        ] GC(871) Old regions: 504->536
[3663.344s][info][gc,heap        ] GC(871) Humongous regions: 80->80
[3663.344s][info][gc,metaspace   ] GC(871) Metaspace: 28933K(29312K)->28933K(29312K) NonClass: 24065K(24256K)->24065K(24256K) Class: 4868K(5056K)->4868K(5056K)
[3663.345s][info][gc             ] GC(871) Pause Young (Prepare Mixed) (G1 Evacuation Pause) 3622M->1451M(4096M) 123.042ms
[3663.345s][info][gc,cpu         ] GC(871) User=0.73s Sys=0.00s Real=0.13s
..[3666.162s][info][gc,start       ] GC(872) Pause Young (Mixed) (G1 Evacuation Pause)
[3666.162s][info][gc,task        ] GC(872) Using 6 workers of 6 for evacuation
[3666.294s][info][gc,phases      ] GC(872)   Pre Evacuate Collection Set: 0.38ms
[3666.294s][info][gc,phases      ] GC(872)   Merge Heap Roots: 0.65ms
[3666.294s][info][gc,phases      ] GC(872)   Evacuate Collection Set: 129.92ms
[3666.294s][info][gc,phases      ] GC(872)   Post Evacuate Collection Set: 0.93ms
[3666.294s][info][gc,phases      ] GC(872)   Other: 0.09ms
[3666.294s][info][gc,heap        ] GC(872) Eden regions: 1107->0(1121)
[3666.294s][info][gc,heap        ] GC(872) Survivor regions: 111->107(153)
[3666.294s][info][gc,heap        ] GC(872) Old regions: 536->472
[3666.294s][info][gc,heap        ] GC(872) Humongous regions: 80->80
[3666.294s][info][gc,metaspace   ] GC(872) Metaspace: 28933K(29312K)->28933K(29312K) NonClass: 24065K(24256K)->24065K(24256K) Class: 4868K(5056K)->4868K(5056K)
[3666.294s][info][gc             ] GC(872) Pause Young (Mixed) (G1 Evacuation Pause) 3665M->1317M(4096M) 132.106ms
[3666.294s][info][gc,cpu         ] GC(872) User=0.78s Sys=0.00s Real=0.14s
...[3669.085s][info][gc,start       ] GC(873) Pause Young (Concurrent Start) (G1 Evacuation Pause)
[3669.085s][info][gc,task        ] GC(873) Using 6 workers of 6 for evacuation
[3669.203s][info][gc,phases      ] GC(873)   Pre Evacuate Collection Set: 0.40ms
[3669.203s][info][gc,phases      ] GC(873)   Merge Heap Roots: 0.45ms
[3669.203s][info][gc,phases      ] GC(873)   Evacuate Collection Set: 116.19ms
[3669.203s][info][gc,phases      ] GC(873)   Post Evacuate Collection Set: 0.90ms
[3669.203s][info][gc,phases      ] GC(873)   Other: 0.11ms
[3669.203s][info][gc,heap        ] GC(873) Eden regions: 1121->0(1118)
[3669.203s][info][gc,heap        ] GC(873) Survivor regions: 107->110(154)
[3669.203s][info][gc,heap        ] GC(873) Old regions: 472->504
[3669.203s][info][gc,heap        ] GC(873) Humongous regions: 80->80
[3669.203s][info][gc,metaspace   ] GC(873) Metaspace: 28933K(29312K)->28933K(29312K) NonClass: 24065K(24256K)->24065K(24256K) Class: 4868K(5056K)->4868K(5056K)
[3669.203s][info][gc             ] GC(873) Pause Young (Concurrent Start) (G1 Evacuation Pause) 3559M->1387M(4096M) 118.174ms
[3669.203s][info][gc             ] GC(874) Concurrent Mark Cycle
[3669.203s][info][gc,marking     ] GC(874) Concurrent Scan Root Regions
[3669.203s][info][gc,cpu         ] GC(873) User=0.70s Sys=0.00s Real=0.12s
.[3669.373s][info][gc,marking     ] GC(874) Concurrent Scan Root Regions 169.722ms
[3669.373s][info][gc,marking     ] GC(874) Concurrent Mark
[3669.373s][info][gc,marking     ] GC(874) Concurrent Mark From Roots
[3669.373s][info][gc,task        ] GC(874) Using 2 workers of 2 for marking
[3670.212s][info][gc,marking     ] GC(874) Concurrent Mark From Roots 839.250ms
[3670.212s][info][gc,marking     ] GC(874) Concurrent Preclean
[3670.212s][info][gc,marking     ] GC(874) Concurrent Preclean 0.111ms
[3670.212s][info][gc,start       ] GC(874) Pause Remark
[3670.219s][info][gc             ] GC(874) Pause Remark 2165M->2165M(4096M) 6.421ms
[3670.219s][info][gc,cpu         ] GC(874) User=0.04s Sys=0.00s Real=0.00s
[3670.220s][info][gc,marking     ] GC(874) Concurrent Mark 847.629ms
[3670.220s][info][gc,marking     ] GC(874) Concurrent Rebuild Remembered Sets and Scrub Regions
.[3670.538s][info][gc,marking     ] GC(874) Concurrent Rebuild Remembered Sets and Scrub Regions 317.753ms
[3670.539s][info][gc,start       ] GC(874) Pause Cleanup
[3670.539s][info][gc             ] GC(874) Pause Cleanup 2447M->2447M(4096M) 0.121ms
[3670.539s][info][gc,cpu         ] GC(874) User=0.00s Sys=0.00s Real=0.00s
[3670.540s][info][gc,marking     ] GC(874) Concurrent Clear Claimed Marks
[3670.540s][info][gc,marking     ] GC(874) Concurrent Clear Claimed Marks 0.032ms
[3670.540s][info][gc,marking     ] GC(874) Concurrent Cleanup for Next Mark
[3670.545s][info][gc,marking     ] GC(874) Concurrent Cleanup for Next Mark 5.014ms
[3670.545s][info][gc             ] GC(874) Concurrent Mark Cycle 1342.148ms
.[3672.093s][info][gc,start       ] GC(875) Pause Young (Prepare Mixed) (G1 Evacuation Pause)
[3672.093s][info][gc,task        ] GC(875) Using 6 workers of 6 for evacuation
[3672.215s][info][gc,phases      ] GC(875)   Pre Evacuate Collection Set: 0.34ms
[3672.215s][info][gc,phases      ] GC(875)   Merge Heap Roots: 0.48ms
[3672.215s][info][gc,phases      ] GC(875)   Evacuate Collection Set: 120.65ms
[3672.215s][info][gc,phases      ] GC(875)   Post Evacuate Collection Set: 0.92ms
[3672.215s][info][gc,phases      ] GC(875)   Other: 0.10ms
[3672.215s][info][gc,heap        ] GC(875) Eden regions: 1118->0(1103)
[3672.215s][info][gc,heap        ] GC(875) Survivor regions: 110->113(154)
[3672.215s][info][gc,heap        ] GC(875) Old regions: 504->536
[3672.215s][info][gc,heap        ] GC(875) Humongous regions: 80->80
[3672.215s][info][gc,metaspace   ] GC(875) Metaspace: 28933K(29312K)->28933K(29312K) NonClass: 24065K(24256K)->24065K(24256K) Class: 4868K(5056K)->4868K(5056K)
[3672.215s][info][gc             ] GC(875) Pause Young (Prepare Mixed) (G1 Evacuation Pause) 3623M->1456M(4096M) 122.630ms
[3672.215s][info][gc,cpu         ] GC(875) User=0.72s Sys=0.00s Real=0.12s
...[3674.988s][info][gc,start       ] GC(876) Pause Young (Mixed) (G1 Evacuation Pause)
[3674.988s][info][gc,task        ] GC(876) Using 6 workers of 6 for evacuation
[3675.124s][info][gc,phases      ] GC(876)   Pre Evacuate Collection Set: 0.34ms
[3675.124s][info][gc,phases      ] GC(876)   Merge Heap Roots: 0.58ms
[3675.124s][info][gc,phases      ] GC(876)   Evacuate Collection Set: 134.09ms
[3675.124s][info][gc,phases      ] GC(876)   Post Evacuate Collection Set: 0.95ms
[3675.124s][info][gc,phases      ] GC(876)   Other: 0.09ms
[3675.124s][info][gc,heap        ] GC(876) Eden regions: 1103->0(1113)
[3675.124s][info][gc,heap        ] GC(876) Survivor regions: 113->115(152)
[3675.124s][info][gc,heap        ] GC(876) Old regions: 536->473
[3675.124s][info][gc,heap        ] GC(876) Humongous regions: 80->80
[3675.124s][info][gc,metaspace   ] GC(876) Metaspace: 28933K(29312K)->28933K(29312K) NonClass: 24065K(24256K)->24065K(24256K) Class: 4868K(5056K)->4868K(5056K)
[3675.124s][info][gc             ] GC(876) Pause Young (Mixed) (G1 Evacuation Pause) 3662M->1333M(4096M) 136.180ms
[3675.124s][info][gc,cpu         ] GC(876) User=0.81s Sys=0.00s Real=0.14s
...[3677.948s][info][gc,start       ] GC(877) Pause Young (Concurrent Start) (G1 Evacuation Pause)
[3677.948s][info][gc,task        ] GC(877) Using 6 workers of 6 for evacuation
[3678.069s][info][gc,phases      ] GC(877)   Pre Evacuate Collection Set: 0.40ms
[3678.069s][info][gc,phases      ] GC(877)   Merge Heap Roots: 0.44ms
[3678.069s][info][gc,phases      ] GC(877)   Evacuate Collection Set: 118.91ms
[3678.069s][info][gc,phases      ] GC(877)   Post Evacuate Collection Set: 0.94ms
[3678.069s][info][gc,phases      ] GC(877)   Other: 0.12ms
[3678.069s][info][gc,heap        ] GC(877) Eden regions: 1113->0(1117)
[3678.069s][info][gc,heap        ] GC(877) Survivor regions: 115->111(154)
[3678.069s][info][gc,heap        ] GC(877) Old regions: 473->505
[3678.069s][info][gc,heap        ] GC(877) Humongous regions: 80->80
[3678.069s][info][gc,metaspace   ] GC(877) Metaspace: 28933K(29312K)->28933K(29312K) NonClass: 24065K(24256K)->24065K(24256K) Class: 4868K(5056K)->4868K(5056K)
[3678.069s][info][gc             ] GC(877) Pause Young (Concurrent Start) (G1 Evacuation Pause) 3559M->1391M(4096M) 120.958ms
[3678.069s][info][gc             ] GC(878) Concurrent Mark Cycle
[3678.069s][info][gc,marking     ] GC(878) Concurrent Scan Root Regions
[3678.069s][info][gc,cpu         ] GC(877) User=0.72s Sys=0.00s Real=0.12s
[3678.213s][info][gc,marking     ] GC(878) Concurrent Scan Root Regions 144.164ms
[3678.213s][info][gc,marking     ] GC(878) Concurrent Mark
[3678.213s][info][gc,marking     ] GC(878) Concurrent Mark From Roots
[3678.213s][info][gc,task        ] GC(878) Using 2 workers of 2 for marking
.[3679.012s][info][gc,marking     ] GC(878) Concurrent Mark From Roots 799.546ms
[3679.013s][info][gc,marking     ] GC(878) Concurrent Preclean
[3679.013s][info][gc,marking     ] GC(878) Concurrent Preclean 0.117ms
[3679.015s][info][gc,start       ] GC(878) Pause Remark
[3679.021s][info][gc             ] GC(878) Pause Remark 2151M->2151M(4096M) 5.969ms
[3679.021s][info][gc,cpu         ] GC(878) User=0.03s Sys=0.01s Real=0.00s
[3679.021s][info][gc,marking     ] GC(878) Concurrent Mark 808.215ms
[3679.021s][info][gc,marking     ] GC(878) Concurrent Rebuild Remembered Sets and Scrub Regions
[3679.365s][info][gc,marking     ] GC(878) Concurrent Rebuild Remembered Sets and Scrub Regions 343.909ms
[3679.365s][info][gc,start       ] GC(878) Pause Cleanup
[3679.366s][info][gc             ] GC(878) Pause Cleanup 2413M->2413M(4096M) 0.765ms
[3679.366s][info][gc,cpu         ] GC(878) User=0.00s Sys=0.00s Real=0.00s
[3679.366s][info][gc,marking     ] GC(878) Concurrent Clear Claimed Marks
[3679.366s][info][gc,marking     ] GC(878) Concurrent Clear Claimed Marks 0.026ms
[3679.366s][info][gc,marking     ] GC(878) Concurrent Cleanup for Next Mark
[3679.369s][info][gc,marking     ] GC(878) Concurrent Cleanup for Next Mark 3.243ms
[3679.369s][info][gc             ] GC(878) Concurrent Mark Cycle 1300.642ms
..[3680.967s][info][gc,start       ] GC(879) Pause Young (Prepare Mixed) (G1 Evacuation Pause)
[3680.967s][info][gc,task        ] GC(879) Using 6 workers of 6 for evacuation
[3681.087s][info][gc,phases      ] GC(879)   Pre Evacuate Collection Set: 0.33ms
[3681.087s][info][gc,phases      ] GC(879)   Merge Heap Roots: 0.49ms
[3681.087s][info][gc,phases      ] GC(879)   Evacuate Collection Set: 117.51ms
[3681.087s][info][gc,phases      ] GC(879)   Post Evacuate Collection Set: 0.94ms
[3681.087s][info][gc,phases      ] GC(879)   Other: 0.08ms
[3681.087s][info][gc,heap        ] GC(879) Eden regions: 1117->0(1107)
[3681.087s][info][gc,heap        ] GC(879) Survivor regions: 111->111(154)
[3681.087s][info][gc,heap        ] GC(879) Old regions: 505->536
[3681.087s][info][gc,heap        ] GC(879) Humongous regions: 80->80
[3681.087s][info][gc,metaspace   ] GC(879) Metaspace: 28933K(29312K)->28933K(29312K) NonClass: 24065K(24256K)->24065K(24256K) Class: 4868K(5056K)->4868K(5056K)
[3681.087s][info][gc             ] GC(879) Pause Young (Prepare Mixed) (G1 Evacuation Pause) 3625M->1453M(4096M) 119.496ms
[3681.087s][info][gc,cpu         ] GC(879) User=0.71s Sys=0.00s Real=0.12s
...[3683.863s][info][gc,start       ] GC(880) Pause Young (Mixed) (G1 Evacuation Pause)
[3683.863s][info][gc,task        ] GC(880) Using 6 workers of 6 for evacuation
[3683.998s][info][gc,phases      ] GC(880)   Pre Evacuate Collection Set: 0.37ms
[3683.998s][info][gc,phases      ] GC(880)   Merge Heap Roots: 0.87ms
[3683.998s][info][gc,phases      ] GC(880)   Evacuate Collection Set: 132.51ms
[3683.998s][info][gc,phases      ] GC(880)   Post Evacuate Collection Set: 0.93ms
[3683.998s][info][gc,phases      ] GC(880)   Other: 0.09ms
[3683.998s][info][gc,heap        ] GC(880) Eden regions: 1107->0(1117)
[3683.998s][info][gc,heap        ] GC(880) Survivor regions: 111->111(153)
[3683.998s][info][gc,heap        ] GC(880) Old regions: 536->473
[3683.998s][info][gc,heap        ] GC(880) Humongous regions: 80->80
[3683.998s][info][gc,metaspace   ] GC(880) Metaspace: 28933K(29312K)->28933K(29312K) NonClass: 24065K(24256K)->24065K(24256K) Class: 4868K(5056K)->4868K(5056K)
[3683.998s][info][gc             ] GC(880) Pause Young (Mixed) (G1 Evacuation Pause) 3667M->1325M(4096M) 134.921ms
[3683.998s][info][gc,cpu         ] GC(880) User=0.80s Sys=0.00s Real=0.13s
...[3686.822s][info][gc,start       ] GC(881) Pause Young (Concurrent Start) (G1 Evacuation Pause)
[3686.822s][info][gc,task        ] GC(881) Using 6 workers of 6 for evacuation
[3686.939s][info][gc,phases      ] GC(881)   Pre Evacuate Collection Set: 0.42ms
[3686.939s][info][gc,phases      ] GC(881)   Merge Heap Roots: 0.45ms
[3686.939s][info][gc,phases      ] GC(881)   Evacuate Collection Set: 114.34ms
[3686.939s][info][gc,phases      ] GC(881)   Post Evacuate Collection Set: 0.88ms
[3686.939s][info][gc,phases      ] GC(881)   Other: 0.10ms
[3686.939s][info][gc,heap        ] GC(881) Eden regions: 1117->0(1118)
[3686.939s][info][gc,heap        ] GC(881) Survivor regions: 111->110(154)
[3686.939s][info][gc,heap        ] GC(881) Old regions: 473->505
[3686.939s][info][gc,heap        ] GC(881) Humongous regions: 80->80
[3686.939s][info][gc,metaspace   ] GC(881) Metaspace: 28933K(29312K)->28933K(29312K) NonClass: 24065K(24256K)->24065K(24256K) Class: 4868K(5056K)->4868K(5056K)
[3686.939s][info][gc             ] GC(881) Pause Young (Concurrent Start) (G1 Evacuation Pause) 3559M->1388M(4096M) 116.326ms
[3686.939s][info][gc             ] GC(882) Concurrent Mark Cycle
[3686.939s][info][gc,marking     ] GC(882) Concurrent Scan Root Regions
[3686.939s][info][gc,cpu         ] GC(881) User=0.68s Sys=0.00s Real=0.11s
[3687.127s][info][gc,marking     ] GC(882) Concurrent Scan Root Regions 188.497ms
[3687.127s][info][gc,marking     ] GC(882) Concurrent Mark
[3687.127s][info][gc,marking     ] GC(882) Concurrent Mark From Roots
[3687.127s][info][gc,task        ] GC(882) Using 2 workers of 2 for marking
.[3688.058s][info][gc,marking     ] GC(882) Concurrent Mark From Roots 930.304ms
[3688.058s][info][gc,marking     ] GC(882) Concurrent Preclean
[3688.058s][info][gc,marking     ] GC(882) Concurrent Preclean 0.083ms
[3688.058s][info][gc,start       ] GC(882) Pause Remark
[3688.063s][info][gc             ] GC(882) Pause Remark 2356M->2356M(4096M) 5.524ms
[3688.063s][info][gc,cpu         ] GC(882) User=0.03s Sys=0.00s Real=0.01s
[3688.063s][info][gc,marking     ] GC(882) Concurrent Mark 936.153ms
[3688.063s][info][gc,marking     ] GC(882) Concurrent Rebuild Remembered Sets and Scrub Regions
.[3688.429s][info][gc,marking     ] GC(882) Concurrent Rebuild Remembered Sets and Scrub Regions 365.879ms
[3688.429s][info][gc,start       ] GC(882) Pause Cleanup
[3688.430s][info][gc             ] GC(882) Pause Cleanup 2607M->2607M(4096M) 0.103ms
[3688.430s][info][gc,cpu         ] GC(882) User=0.00s Sys=0.00s Real=0.00s
[3688.430s][info][gc,marking     ] GC(882) Concurrent Clear Claimed Marks
[3688.430s][info][gc,marking     ] GC(882) Concurrent Clear Claimed Marks 0.023ms
[3688.430s][info][gc,marking     ] GC(882) Concurrent Cleanup for Next Mark
[3688.434s][info][gc,marking     ] GC(882) Concurrent Cleanup for Next Mark 4.839ms
[3688.435s][info][gc             ] GC(882) Concurrent Mark Cycle 1495.830ms
.[3689.785s][info][gc,start       ] GC(883) Pause Young (Prepare Mixed) (G1 Evacuation Pause)
[3689.785s][info][gc,task        ] GC(883) Using 6 workers of 6 for evacuation
[3689.903s][info][gc,phases      ] GC(883)   Pre Evacuate Collection Set: 0.34ms
[3689.903s][info][gc,phases      ] GC(883)   Merge Heap Roots: 0.53ms
[3689.903s][info][gc,phases      ] GC(883)   Evacuate Collection Set: 115.93ms
[3689.903s][info][gc,phases      ] GC(883)   Post Evacuate Collection Set: 0.94ms
[3689.903s][info][gc,phases      ] GC(883)   Other: 0.09ms
[3689.903s][info][gc,heap        ] GC(883) Eden regions: 1118->0(1108)
[3689.903s][info][gc,heap        ] GC(883) Survivor regions: 110->110(154)
[3689.903s][info][gc,heap        ] GC(883) Old regions: 505->537
[3689.903s][info][gc,heap        ] GC(883) Humongous regions: 80->80
[3689.903s][info][gc,metaspace   ] GC(883) Metaspace: 28933K(29312K)->28933K(29312K) NonClass: 24065K(24256K)->24065K(24256K) Class: 4868K(5056K)->4868K(5056K)
[3689.903s][info][gc             ] GC(883) Pause Young (Prepare Mixed) (G1 Evacuation Pause) 3624M->1451M(4096M) 117.994ms
[3689.903s][info][gc,cpu         ] GC(883) User=0.69s Sys=0.01s Real=0.12s
...[3692.710s][info][gc,start       ] GC(884) Pause Young (Mixed) (G1 Evacuation Pause)
[3692.710s][info][gc,task        ] GC(884) Using 6 workers of 6 for evacuation
[3692.845s][info][gc,phases      ] GC(884)   Pre Evacuate Collection Set: 0.40ms
[3692.845s][info][gc,phases      ] GC(884)   Merge Heap Roots: 0.73ms
[3692.845s][info][gc,phases      ] GC(884)   Evacuate Collection Set: 133.34ms
[3692.845s][info][gc,phases      ] GC(884)   Post Evacuate Collection Set: 0.91ms
[3692.845s][info][gc,phases      ] GC(884)   Other: 0.09ms
[3692.845s][info][gc,heap        ] GC(884) Eden regions: 1108->0(1118)
[3692.845s][info][gc,heap        ] GC(884) Survivor regions: 110->110(153)
[3692.845s][info][gc,heap        ] GC(884) Old regions: 537->473
[3692.845s][info][gc,heap        ] GC(884) Humongous regions: 80->80
[3692.845s][info][gc,metaspace   ] GC(884) Metaspace: 28933K(29312K)->28933K(29312K) NonClass: 24065K(24256K)->24065K(24256K) Class: 4868K(5056K)->4868K(5056K)
[3692.845s][info][gc             ] GC(884) Pause Young (Mixed) (G1 Evacuation Pause) 3667M->1324M(4096M) 135.606ms
[3692.846s][info][gc,cpu         ] GC(884) User=0.80s Sys=0.00s Real=0.14s
.. (rIR:aIR:PR = 6365:6369:6368) (tPR = 94758) [OK] 
  3694s: Performance info:
         Transaction,    Success,    Partial,     Failed,   Receipts, AvgBarcode, 
             Overall,     384012,          0,          0,     364823,      59.47, 
         Response times:
             Request,    Success,    Partial,     Failed,   SkipFail,     Probes,    Samples,      min,      p50,      p90,      p95,      p99,      max, 
       TotalPurchase,     364841,          0,          0,          0,     357403,     389132,      300,     5300,    22000,    44000,    92000,   273000,
     InStorePurchase,     192068,          0,          0,          0,     188760,     205122,      300,     5000,    21000,    43000,    90000,   273000,
      OnlinePurchase,     134396,          0,          0,          0,     131198,     142788,      300,     5600,    23000,    45000,    94000,   253000,
        InstPurchase,      38377,          0,          0,          0,      37445,      41222,      500,     5600,    24000,    45000,    96000,   230000,
          AssocOfCat,        379,          0,          0,          0,        310,        409,    24000,    36000,    68000,    85500,   161400,   183000,
      AssocOfProduct,       3840,          0,          0,          0,       3543,       4016,      500,     5400,    23000,    44000,    90830,   170000,
      BusinessReport,        960,          0,          0,          0,        852,       1055,    26000,    44000,    99400,   129200,   196880,   243000,
          CustBuyBeh,       3834,          0,          0,          0,       3554,       4066,      400,     4000,    17800,    36000,    85330,   139000,
       ProductReturn,      10180,          0,          0,          0,       9726,      10793,      200,     5500,    25000,    47000,    95000,   169000,

  3694s: (47%)   IR =   6503 .[3695.643s][info][gc,start       ] GC(885) Pause Young (Concurrent Start) (G1 Evacuation Pause)
[3695.643s][info][gc,task        ] GC(885) Using 6 workers of 6 for evacuation
[3695.759s][info][gc,phases      ] GC(885)   Pre Evacuate Collection Set: 0.37ms
[3695.759s][info][gc,phases      ] GC(885)   Merge Heap Roots: 0.46ms
[3695.759s][info][gc,phases      ] GC(885)   Evacuate Collection Set: 114.64ms
[3695.759s][info][gc,phases      ] GC(885)   Post Evacuate Collection Set: 0.93ms
[3695.759s][info][gc,phases      ] GC(885)   Other: 0.12ms
[3695.759s][info][gc,heap        ] GC(885) Eden regions: 1118->0(1120)
[3695.759s][info][gc,heap        ] GC(885) Survivor regions: 110->108(154)
[3695.759s][info][gc,heap        ] GC(885) Old regions: 473->505
[3695.759s][info][gc,heap        ] GC(885) Humongous regions: 80->80
[3695.759s][info][gc,metaspace   ] GC(885) Metaspace: 28934K(29312K)->28934K(29312K) NonClass: 24066K(24256K)->24066K(24256K) Class: 4868K(5056K)->4868K(5056K)
[3695.759s][info][gc             ] GC(885) Pause Young (Concurrent Start) (G1 Evacuation Pause) 3560M->1384M(4096M) 116.661ms
[3695.760s][info][gc             ] GC(886) Concurrent Mark Cycle
[3695.760s][info][gc,marking     ] GC(886) Concurrent Scan Root Regions
[3695.760s][info][gc,cpu         ] GC(885) User=0.68s Sys=0.00s Real=0.11s
[3695.945s][info][gc,marking     ] GC(886) Concurrent Scan Root Regions 185.937ms
[3695.946s][info][gc,marking     ] GC(886) Concurrent Mark
[3695.946s][info][gc,marking     ] GC(886) Concurrent Mark From Roots
[3695.946s][info][gc,task        ] GC(886) Using 2 workers of 2 for marking
.[3696.894s][info][gc,marking     ] GC(886) Concurrent Mark From Roots 948.521ms
[3696.894s][info][gc,marking     ] GC(886) Concurrent Preclean
[3696.894s][info][gc,marking     ] GC(886) Concurrent Preclean 0.147ms
[3696.895s][info][gc,start       ] GC(886) Pause Remark
[3696.899s][info][gc             ] GC(886) Pause Remark 2359M->2359M(4096M) 4.376ms
[3696.899s][info][gc,cpu         ] GC(886) User=0.02s Sys=0.00s Real=0.00s
[3696.899s][info][gc,marking     ] GC(886) Concurrent Mark 953.871ms
[3696.899s][info][gc,marking     ] GC(886) Concurrent Rebuild Remembered Sets and Scrub Regions
[3697.217s][info][gc,marking     ] GC(886) Concurrent Rebuild Remembered Sets and Scrub Regions 317.947ms
[3697.217s][info][gc,start       ] GC(886) Pause Cleanup
[3697.218s][info][gc             ] GC(886) Pause Cleanup 2603M->2603M(4096M) 0.102ms
[3697.218s][info][gc,cpu         ] GC(886) User=0.00s Sys=0.00s Real=0.00s
[3697.218s][info][gc,marking     ] GC(886) Concurrent Clear Claimed Marks
[3697.218s][info][gc,marking     ] GC(886) Concurrent Clear Claimed Marks 0.022ms
[3697.218s][info][gc,marking     ] GC(886) Concurrent Cleanup for Next Mark
[3697.221s][info][gc,marking     ] GC(886) Concurrent Cleanup for Next Mark 3.243ms
[3697.221s][info][gc             ] GC(886) Concurrent Mark Cycle 1461.458ms
..[3698.529s][info][gc,start       ] GC(887) Pause Young (Prepare Mixed) (G1 Evacuation Pause)
[3698.529s][info][gc,task        ] GC(887) Using 6 workers of 6 for evacuation
[3698.649s][info][gc,phases      ] GC(887)   Pre Evacuate Collection Set: 0.37ms
[3698.649s][info][gc,phases      ] GC(887)   Merge Heap Roots: 0.52ms
[3698.649s][info][gc,phases      ] GC(887)   Evacuate Collection Set: 118.26ms
[3698.649s][info][gc,phases      ] GC(887)   Post Evacuate Collection Set: 0.97ms
[3698.649s][info][gc,phases      ] GC(887)   Other: 0.09ms
[3698.649s][info][gc,heap        ] GC(887) Eden regions: 1120->0(1106)
[3698.649s][info][gc,heap        ] GC(887) Survivor regions: 108->111(154)
[3698.649s][info][gc,heap        ] GC(887) Old regions: 505->537
[3698.649s][info][gc,heap        ] GC(887) Humongous regions: 80->80
[3698.649s][info][gc,metaspace   ] GC(887) Metaspace: 28934K(29312K)->28934K(29312K) NonClass: 24066K(24256K)->24066K(24256K) Class: 4868K(5056K)->4868K(5056K)
[3698.649s][info][gc             ] GC(887) Pause Young (Prepare Mixed) (G1 Evacuation Pause) 3624M->1453M(4096M) 120.333ms
[3698.649s][info][gc,cpu         ] GC(887) User=0.71s Sys=0.00s Real=0.12s
.|.[3701.392s][info][gc,start       ] GC(888) Pause Young (Mixed) (G1 Evacuation Pause)
[3701.392s][info][gc,task        ] GC(888) Using 6 workers of 6 for evacuation
[3701.526s][info][gc,phases      ] GC(888)   Pre Evacuate Collection Set: 0.39ms
[3701.526s][info][gc,phases      ] GC(888)   Merge Heap Roots: 0.64ms
[3701.526s][info][gc,phases      ] GC(888)   Evacuate Collection Set: 131.53ms
[3701.526s][info][gc,phases      ] GC(888)   Post Evacuate Collection Set: 0.92ms
[3701.526s][info][gc,phases      ] GC(888)   Other: 0.08ms
[3701.526s][info][gc,heap        ] GC(888) Eden regions: 1106->0(1118)
[3701.526s][info][gc,heap        ] GC(888) Survivor regions: 111->110(153)
[3701.526s][info][gc,heap        ] GC(888) Old regions: 537->474
[3701.526s][info][gc,heap        ] GC(888) Humongous regions: 80->80
[3701.526s][info][gc,metaspace   ] GC(888) Metaspace: 28934K(29312K)->28934K(29312K) NonClass: 24066K(24256K)->24066K(24256K) Class: 4868K(5056K)->4868K(5056K)
[3701.526s][info][gc             ] GC(888) Pause Young (Mixed) (G1 Evacuation Pause) 3665M->1326M(4096M) 133.721ms
[3701.526s][info][gc,cpu         ] GC(888) User=0.79s Sys=0.00s Real=0.14s
...[3704.351s][info][gc,start       ] GC(889) Pause Young (Concurrent Start) (G1 Evacuation Pause)
[3704.352s][info][gc,task        ] GC(889) Using 6 workers of 6 for evacuation
[3704.469s][info][gc,phases      ] GC(889)   Pre Evacuate Collection Set: 0.41ms
[3704.469s][info][gc,phases      ] GC(889)   Merge Heap Roots: 0.48ms
[3704.469s][info][gc,phases      ] GC(889)   Evacuate Collection Set: 115.70ms
[3704.469s][info][gc,phases      ] GC(889)   Post Evacuate Collection Set: 0.88ms
[3704.469s][info][gc,phases      ] GC(889)   Other: 0.12ms
[3704.469s][info][gc,heap        ] GC(889) Eden regions: 1118->0(1119)
[3704.469s][info][gc,heap        ] GC(889) Survivor regions: 110->109(154)
[3704.469s][info][gc,heap        ] GC(889) Old regions: 474->506
[3704.469s][info][gc,heap        ] GC(889) Humongous regions: 80->80
[3704.469s][info][gc,metaspace   ] GC(889) Metaspace: 28934K(29312K)->28934K(29312K) NonClass: 24066K(24256K)->24066K(24256K) Class: 4868K(5056K)->4868K(5056K)
[3704.469s][info][gc             ] GC(889) Pause Young (Concurrent Start) (G1 Evacuation Pause) 3562M->1387M(4096M) 117.718ms
[3704.469s][info][gc             ] GC(890) Concurrent Mark Cycle
[3704.469s][info][gc,marking     ] GC(890) Concurrent Scan Root Regions
[3704.469s][info][gc,cpu         ] GC(889) User=0.70s Sys=0.00s Real=0.12s
[3704.652s][info][gc,marking     ] GC(890) Concurrent Scan Root Regions 182.876ms
[3704.652s][info][gc,marking     ] GC(890) Concurrent Mark
[3704.652s][info][gc,marking     ] GC(890) Concurrent Mark From Roots
[3704.652s][info][gc,task        ] GC(890) Using 2 workers of 2 for marking
.[3705.562s][info][gc,marking     ] GC(890) Concurrent Mark From Roots 909.578ms
[3705.562s][info][gc,marking     ] GC(890) Concurrent Preclean
[3705.562s][info][gc,marking     ] GC(890) Concurrent Preclean 0.071ms
[3705.562s][info][gc,start       ] GC(890) Pause Remark
[3705.567s][info][gc             ] GC(890) Pause Remark 2328M->2328M(4096M) 5.475ms
[3705.568s][info][gc,cpu         ] GC(890) User=0.03s Sys=0.00s Real=0.01s
[3705.568s][info][gc,marking     ] GC(890) Concurrent Mark 915.361ms
[3705.568s][info][gc,marking     ] GC(890) Concurrent Rebuild Remembered Sets and Scrub Regions
.[3705.886s][info][gc,marking     ] GC(890) Concurrent Rebuild Remembered Sets and Scrub Regions 318.883ms
[3705.887s][info][gc,start       ] GC(890) Pause Cleanup
[3705.887s][info][gc             ] GC(890) Pause Cleanup 2597M->2597M(4096M) 0.109ms
[3705.887s][info][gc,cpu         ] GC(890) User=0.00s Sys=0.00s Real=0.00s
[3705.887s][info][gc,marking     ] GC(890) Concurrent Clear Claimed Marks
[3705.887s][info][gc,marking     ] GC(890) Concurrent Clear Claimed Marks 0.023ms
[3705.887s][info][gc,marking     ] GC(890) Concurrent Cleanup for Next Mark
[3705.891s][info][gc,marking     ] GC(890) Concurrent Cleanup for Next Mark 4.157ms
[3705.891s][info][gc             ] GC(890) Concurrent Mark Cycle 1421.777ms
.[3707.216s][info][gc,start       ] GC(891) Pause Young (Prepare Mixed) (G1 Evacuation Pause)
[3707.216s][info][gc,task        ] GC(891) Using 6 workers of 6 for evacuation
[3707.332s][info][gc,phases      ] GC(891)   Pre Evacuate Collection Set: 0.32ms
[3707.332s][info][gc,phases      ] GC(891)   Merge Heap Roots: 0.48ms
[3707.332s][info][gc,phases      ] GC(891)   Evacuate Collection Set: 113.58ms
[3707.332s][info][gc,phases      ] GC(891)   Post Evacuate Collection Set: 0.94ms
[3707.332s][info][gc,phases      ] GC(891)   Other: 0.09ms
[3707.332s][info][gc,heap        ] GC(891) Eden regions: 1119->0(1113)
[3707.332s][info][gc,heap        ] GC(891) Survivor regions: 109->107(154)
[3707.332s][info][gc,heap        ] GC(891) Old regions: 506->538
[3707.332s][info][gc,heap        ] GC(891) Humongous regions: 80->80
[3707.332s][info][gc,metaspace   ] GC(891) Metaspace: 28934K(29312K)->28934K(29312K) NonClass: 24066K(24256K)->24066K(24256K) Class: 4868K(5056K)->4868K(5056K)
[3707.332s][info][gc             ] GC(891) Pause Young (Prepare Mixed) (G1 Evacuation Pause) 3625M->1449M(4096M) 115.559ms
[3707.332s][info][gc,cpu         ] GC(891) User=0.68s Sys=0.00s Real=0.11s
...[3710.095s][info][gc,start       ] GC(892) Pause Young (Mixed) (G1 Evacuation Pause)
[3710.095s][info][gc,task        ] GC(892) Using 6 workers of 6 for evacuation
[3710.230s][info][gc,phases      ] GC(892)   Pre Evacuate Collection Set: 0.34ms
[3710.230s][info][gc,phases      ] GC(892)   Merge Heap Roots: 0.63ms
[3710.230s][info][gc,phases      ] GC(892)   Evacuate Collection Set: 132.52ms
[3710.230s][info][gc,phases      ] GC(892)   Post Evacuate Collection Set: 0.94ms
[3710.230s][info][gc,phases      ] GC(892)   Other: 0.09ms
[3710.230s][info][gc,heap        ] GC(892) Eden regions: 1113->0(1117)
[3710.230s][info][gc,heap        ] GC(892) Survivor regions: 107->111(153)
[3710.230s][info][gc,heap        ] GC(892) Old regions: 538->473
[3710.230s][info][gc,heap        ] GC(892) Humongous regions: 80->80
[3710.230s][info][gc,metaspace   ] GC(892) Metaspace: 28934K(29312K)->28934K(29312K) NonClass: 24066K(24256K)->24066K(24256K) Class: 4868K(5056K)->4868K(5056K)
[3710.230s][info][gc             ] GC(892) Pause Young (Mixed) (G1 Evacuation Pause) 3675M->1326M(4096M) 134.670ms
[3710.230s][info][gc,cpu         ] GC(892) User=0.80s Sys=0.01s Real=0.13s
...[3712.974s][info][gc,start       ] GC(893) Pause Young (Concurrent Start) (G1 Evacuation Pause)
[3712.974s][info][gc,task        ] GC(893) Using 6 workers of 6 for evacuation
[3713.092s][info][gc,phases      ] GC(893)   Pre Evacuate Collection Set: 0.36ms
[3713.092s][info][gc,phases      ] GC(893)   Merge Heap Roots: 0.43ms
[3713.092s][info][gc,phases      ] GC(893)   Evacuate Collection Set: 116.60ms
[3713.092s][info][gc,phases      ] GC(893)   Post Evacuate Collection Set: 0.90ms
[3713.092s][info][gc,phases      ] GC(893)   Other: 0.11ms
[3713.092s][info][gc,heap        ] GC(893) Eden regions: 1117->0(1118)
[3713.092s][info][gc,heap        ] GC(893) Survivor regions: 111->110(154)
[3713.092s][info][gc,heap        ] GC(893) Old regions: 473->504
[3713.092s][info][gc,heap        ] GC(893) Humongous regions: 80->80
[3713.092s][info][gc,metaspace   ] GC(893) Metaspace: 28934K(29312K)->28934K(29312K) NonClass: 24066K(24256K)->24066K(24256K) Class: 4868K(5056K)->4868K(5056K)
[3713.092s][info][gc             ] GC(893) Pause Young (Concurrent Start) (G1 Evacuation Pause) 3560M->1385M(4096M) 118.538ms
[3713.092s][info][gc             ] GC(894) Concurrent Mark Cycle
[3713.092s][info][gc,marking     ] GC(894) Concurrent Scan Root Regions
[3713.092s][info][gc,cpu         ] GC(893) User=0.70s Sys=0.00s Real=0.12s
[3713.273s][info][gc,marking     ] GC(894) Concurrent Scan Root Regions 180.482ms
[3713.273s][info][gc,marking     ] GC(894) Concurrent Mark
[3713.273s][info][gc,marking     ] GC(894) Concurrent Mark From Roots
[3713.273s][info][gc,task        ] GC(894) Using 2 workers of 2 for marking
.[3714.231s][info][gc,marking     ] GC(894) Concurrent Mark From Roots 958.020ms
[3714.231s][info][gc,marking     ] GC(894) Concurrent Preclean
[3714.231s][info][gc,marking     ] GC(894) Concurrent Preclean 0.080ms
[3714.231s][info][gc,start       ] GC(894) Pause Remark
[3714.238s][info][gc             ] GC(894) Pause Remark 2380M->2380M(4096M) 7.156ms
[3714.239s][info][gc,cpu         ] GC(894) User=0.04s Sys=0.00s Real=0.01s
[3714.239s][info][gc,marking     ] GC(894) Concurrent Mark 965.514ms
[3714.239s][info][gc,marking     ] GC(894) Concurrent Rebuild Remembered Sets and Scrub Regions
[3714.488s][info][gc,marking     ] GC(894) Concurrent Rebuild Remembered Sets and Scrub Regions 249.728ms
[3714.489s][info][gc,start       ] GC(894) Pause Cleanup
[3714.489s][info][gc             ] GC(894) Pause Cleanup 2557M->2557M(4096M) 0.123ms
[3714.489s][info][gc,cpu         ] GC(894) User=0.00s Sys=0.00s Real=0.00s
[3714.489s][info][gc,marking     ] GC(894) Concurrent Clear Claimed Marks
[3714.489s][info][gc,marking     ] GC(894) Concurrent Clear Claimed Marks 0.028ms
[3714.489s][info][gc,marking     ] GC(894) Concurrent Cleanup for Next Mark
[3714.494s][info][gc,marking     ] GC(894) Concurrent Cleanup for Next Mark 4.963ms
[3714.494s][info][gc             ] GC(894) Concurrent Mark Cycle 1401.475ms
..[3715.833s][info][gc,start       ] GC(895) Pause Young (Prepare Mixed) (G1 Evacuation Pause)
[3715.833s][info][gc,task        ] GC(895) Using 6 workers of 6 for evacuation
[3715.951s][info][gc,phases      ] GC(895)   Pre Evacuate Collection Set: 0.33ms
[3715.951s][info][gc,phases      ] GC(895)   Merge Heap Roots: 0.50ms
[3715.951s][info][gc,phases      ] GC(895)   Evacuate Collection Set: 115.58ms
[3715.951s][info][gc,phases      ] GC(895)   Post Evacuate Collection Set: 0.94ms
[3715.951s][info][gc,phases      ] GC(895)   Other: 0.08ms
[3715.951s][info][gc,heap        ] GC(895) Eden regions: 1118->0(1109)
[3715.951s][info][gc,heap        ] GC(895) Survivor regions: 110->110(154)
[3715.951s][info][gc,heap        ] GC(895) Old regions: 504->536
[3715.951s][info][gc,heap        ] GC(895) Humongous regions: 80->80
[3715.951s][info][gc,metaspace   ] GC(895) Metaspace: 28934K(29312K)->28934K(29312K) NonClass: 24066K(24256K)->24066K(24256K) Class: 4868K(5056K)->4868K(5056K)
[3715.951s][info][gc             ] GC(895) Pause Young (Prepare Mixed) (G1 Evacuation Pause) 3621M->1449M(4096M) 117.557ms
[3715.951s][info][gc,cpu         ] GC(895) User=0.69s Sys=0.00s Real=0.11s
...[3718.768s][info][gc,start       ] GC(896) Pause Young (Mixed) (G1 Evacuation Pause)
[3718.768s][info][gc,task        ] GC(896) Using 6 workers of 6 for evacuation
[3718.908s][info][gc,phases      ] GC(896)   Pre Evacuate Collection Set: 0.38ms
[3718.908s][info][gc,phases      ] GC(896)   Merge Heap Roots: 0.66ms
[3718.908s][info][gc,phases      ] GC(896)   Evacuate Collection Set: 138.42ms
[3718.908s][info][gc,phases      ] GC(896)   Post Evacuate Collection Set: 0.97ms
[3718.908s][info][gc,phases      ] GC(896)   Other: 0.09ms
[3718.908s][info][gc,heap        ] GC(896) Eden regions: 1109->0(1114)
[3718.908s][info][gc,heap        ] GC(896) Survivor regions: 110->114(153)
[3718.908s][info][gc,heap        ] GC(896) Old regions: 536->472
[3718.908s][info][gc,heap        ] GC(896) Humongous regions: 80->80
[3718.908s][info][gc,metaspace   ] GC(896) Metaspace: 28934K(29312K)->28934K(29312K) NonClass: 24066K(24256K)->24066K(24256K) Class: 4868K(5056K)->4868K(5056K)
[3718.908s][info][gc             ] GC(896) Pause Young (Mixed) (G1 Evacuation Pause) 3667M->1330M(4096M) 140.634ms
[3718.908s][info][gc,cpu         ] GC(896) User=0.84s Sys=0.00s Real=0.14s
..[3721.626s][info][gc,start       ] GC(897) Pause Young (Concurrent Start) (G1 Evacuation Pause)
[3721.626s][info][gc,task        ] GC(897) Using 6 workers of 6 for evacuation
[3721.743s][info][gc,phases      ] GC(897)   Pre Evacuate Collection Set: 0.35ms
[3721.743s][info][gc,phases      ] GC(897)   Merge Heap Roots: 0.46ms
[3721.743s][info][gc,phases      ] GC(897)   Evacuate Collection Set: 115.09ms
[3721.743s][info][gc,phases      ] GC(897)   Post Evacuate Collection Set: 0.91ms
[3721.743s][info][gc,phases      ] GC(897)   Other: 0.10ms
[3721.743s][info][gc,heap        ] GC(897) Eden regions: 1114->0(1119)
[3721.743s][info][gc,heap        ] GC(897) Survivor regions: 114->109(154)
[3721.743s][info][gc,heap        ] GC(897) Old regions: 472->504
[3721.743s][info][gc,heap        ] GC(897) Humongous regions: 80->80
[3721.743s][info][gc,metaspace   ] GC(897) Metaspace: 28934K(29312K)->28934K(29312K) NonClass: 24066K(24256K)->24066K(24256K) Class: 4868K(5056K)->4868K(5056K)
[3721.743s][info][gc             ] GC(897) Pause Young (Concurrent Start) (G1 Evacuation Pause) 3558M->1384M(4096M) 117.058ms
[3721.743s][info][gc             ] GC(898) Concurrent Mark Cycle
[3721.743s][info][gc,marking     ] GC(898) Concurrent Scan Root Regions
[3721.743s][info][gc,cpu         ] GC(897) User=0.69s Sys=0.01s Real=0.12s
.[3721.882s][info][gc,marking     ] GC(898) Concurrent Scan Root Regions 139.059ms
[3721.882s][info][gc,marking     ] GC(898) Concurrent Mark
[3721.882s][info][gc,marking     ] GC(898) Concurrent Mark From Roots
[3721.882s][info][gc,task        ] GC(898) Using 2 workers of 2 for marking
[3722.582s][info][gc,marking     ] GC(898) Concurrent Mark From Roots 699.615ms
[3722.582s][info][gc,marking     ] GC(898) Concurrent Preclean
[3722.582s][info][gc,marking     ] GC(898) Concurrent Preclean 0.089ms
[3722.582s][info][gc,start       ] GC(898) Pause Remark
[3722.588s][info][gc             ] GC(898) Pause Remark 2094M->2094M(4096M) 5.572ms
[3722.588s][info][gc,cpu         ] GC(898) User=0.03s Sys=0.00s Real=0.01s
[3722.588s][info][gc,marking     ] GC(898) Concurrent Mark 705.529ms
[3722.588s][info][gc,marking     ] GC(898) Concurrent Rebuild Remembered Sets and Scrub Regions
.[3722.841s][info][gc,marking     ] GC(898) Concurrent Rebuild Remembered Sets and Scrub Regions 252.784ms
[3722.843s][info][gc,start       ] GC(898) Pause Cleanup
[3722.843s][info][gc             ] GC(898) Pause Cleanup 2302M->2302M(4096M) 0.133ms
[3722.843s][info][gc,cpu         ] GC(898) User=0.00s Sys=0.00s Real=0.00s
[3722.843s][info][gc,marking     ] GC(898) Concurrent Clear Claimed Marks
[3722.844s][info][gc,marking     ] GC(898) Concurrent Clear Claimed Marks 0.035ms
[3722.844s][info][gc,marking     ] GC(898) Concurrent Cleanup for Next Mark
[3722.850s][info][gc,marking     ] GC(898) Concurrent Cleanup for Next Mark 6.382ms
[3722.850s][info][gc             ] GC(898) Concurrent Mark Cycle 1106.896ms
.[3724.561s][info][gc,start       ] GC(899) Pause Young (Prepare Mixed) (G1 Evacuation Pause)
[3724.561s][info][gc,task        ] GC(899) Using 6 workers of 6 for evacuation
[3724.687s][info][gc,phases      ] GC(899)   Pre Evacuate Collection Set: 0.34ms
[3724.687s][info][gc,phases      ] GC(899)   Merge Heap Roots: 0.54ms
[3724.687s][info][gc,phases      ] GC(899)   Evacuate Collection Set: 124.24ms
[3724.687s][info][gc,phases      ] GC(899)   Post Evacuate Collection Set: 0.91ms
[3724.687s][info][gc,phases      ] GC(899)   Other: 0.09ms
[3724.687s][info][gc,heap        ] GC(899) Eden regions: 1119->0(1101)
[3724.687s][info][gc,heap        ] GC(899) Survivor regions: 109->114(154)
[3724.687s][info][gc,heap        ] GC(899) Old regions: 504->536
[3724.687s][info][gc,heap        ] GC(899) Humongous regions: 80->80
[3724.687s][info][gc,metaspace   ] GC(899) Metaspace: 28934K(29312K)->28934K(29312K) NonClass: 24066K(24256K)->24066K(24256K) Class: 4868K(5056K)->4868K(5056K)
[3724.687s][info][gc             ] GC(899) Pause Young (Prepare Mixed) (G1 Evacuation Pause) 3622M->1457M(4096M) 126.254ms
[3724.687s][info][gc,cpu         ] GC(899) User=0.75s Sys=0.00s Real=0.13s
...[3727.388s][info][gc,start       ] GC(900) Pause Young (Mixed) (G1 Evacuation Pause)
[3727.388s][info][gc,task        ] GC(900) Using 6 workers of 6 for evacuation
[3727.525s][info][gc,phases      ] GC(900)   Pre Evacuate Collection Set: 0.39ms
[3727.525s][info][gc,phases      ] GC(900)   Merge Heap Roots: 0.64ms
[3727.525s][info][gc,phases      ] GC(900)   Evacuate Collection Set: 134.95ms
[3727.525s][info][gc,phases      ] GC(900)   Post Evacuate Collection Set: 0.97ms
[3727.525s][info][gc,phases      ] GC(900)   Other: 0.09ms
[3727.525s][info][gc,heap        ] GC(900) Eden regions: 1101->0(1116)
[3727.525s][info][gc,heap        ] GC(900) Survivor regions: 114->112(152)
[3727.525s][info][gc,heap        ] GC(900) Old regions: 536->473
[3727.525s][info][gc,heap        ] GC(900) Humongous regions: 80->80
[3727.525s][info][gc,metaspace   ] GC(900) Metaspace: 28934K(29312K)->28934K(29312K) NonClass: 24066K(24256K)->24066K(24256K) Class: 4868K(5056K)->4868K(5056K)
[3727.525s][info][gc             ] GC(900) Pause Young (Mixed) (G1 Evacuation Pause) 3659M->1327M(4096M) 137.170ms
[3727.525s][info][gc,cpu         ] GC(900) User=0.81s Sys=0.00s Real=0.14s
...[3730.265s][info][gc,start       ] GC(901) Pause Young (Concurrent Start) (G1 Evacuation Pause)
[3730.265s][info][gc,task        ] GC(901) Using 6 workers of 6 for evacuation
[3730.383s][info][gc,phases      ] GC(901)   Pre Evacuate Collection Set: 0.36ms
[3730.383s][info][gc,phases      ] GC(901)   Merge Heap Roots: 0.46ms
[3730.383s][info][gc,phases      ] GC(901)   Evacuate Collection Set: 116.25ms
[3730.383s][info][gc,phases      ] GC(901)   Post Evacuate Collection Set: 0.92ms
[3730.383s][info][gc,phases      ] GC(901)   Other: 0.11ms
[3730.383s][info][gc,heap        ] GC(901) Eden regions: 1116->0(1119)
[3730.383s][info][gc,heap        ] GC(901) Survivor regions: 112->109(154)
[3730.383s][info][gc,heap        ] GC(901) Old regions: 473->506
[3730.383s][info][gc,heap        ] GC(901) Humongous regions: 80->80
[3730.383s][info][gc,metaspace   ] GC(901) Metaspace: 28934K(29312K)->28934K(29312K) NonClass: 24066K(24256K)->24066K(24256K) Class: 4868K(5056K)->4868K(5056K)
[3730.383s][info][gc             ] GC(901) Pause Young (Concurrent Start) (G1 Evacuation Pause) 3559M->1387M(4096M) 118.284ms
[3730.383s][info][gc             ] GC(902) Concurrent Mark Cycle
[3730.383s][info][gc,marking     ] GC(902) Concurrent Scan Root Regions
[3730.383s][info][gc,cpu         ] GC(901) User=0.70s Sys=0.00s Real=0.12s
[3730.525s][info][gc,marking     ] GC(902) Concurrent Scan Root Regions 141.665ms
[3730.525s][info][gc,marking     ] GC(902) Concurrent Mark
[3730.525s][info][gc,marking     ] GC(902) Concurrent Mark From Roots
[3730.525s][info][gc,task        ] GC(902) Using 2 workers of 2 for marking
.[3731.266s][info][gc,marking     ] GC(902) Concurrent Mark From Roots 741.583ms
[3731.266s][info][gc,marking     ] GC(902) Concurrent Preclean
[3731.266s][info][gc,marking     ] GC(902) Concurrent Preclean 0.122ms
[3731.267s][info][gc,start       ] GC(902) Pause Remark
[3731.273s][info][gc             ] GC(902) Pause Remark 2116M->2116M(4096M) 6.565ms
[3731.273s][info][gc,cpu         ] GC(902) User=0.04s Sys=0.00s Real=0.01s
[3731.273s][info][gc,marking     ] GC(902) Concurrent Mark 748.550ms
[3731.273s][info][gc,marking     ] GC(902) Concurrent Rebuild Remembered Sets and Scrub Regions
[3731.531s][info][gc,marking     ] GC(902) Concurrent Rebuild Remembered Sets and Scrub Regions 257.333ms
[3731.531s][info][gc,start       ] GC(902) Pause Cleanup
[3731.531s][info][gc             ] GC(902) Pause Cleanup 2333M->2333M(4096M) 0.101ms
[3731.531s][info][gc,cpu         ] GC(902) User=0.00s Sys=0.00s Real=0.00s
[3731.531s][info][gc,marking     ] GC(902) Concurrent Clear Claimed Marks
[3731.531s][info][gc,marking     ] GC(902) Concurrent Clear Claimed Marks 0.033ms
[3731.531s][info][gc,marking     ] GC(902) Concurrent Cleanup for Next Mark
[3731.536s][info][gc,marking     ] GC(902) Concurrent Cleanup for Next Mark 5.341ms
[3731.536s][info][gc             ] GC(902) Concurrent Mark Cycle 1153.517ms
..[3733.167s][info][gc,start       ] GC(903) Pause Young (Prepare Mixed) (G1 Evacuation Pause)
[3733.167s][info][gc,task        ] GC(903) Using 6 workers of 6 for evacuation
[3733.283s][info][gc,phases      ] GC(903)   Pre Evacuate Collection Set: 0.39ms
[3733.284s][info][gc,phases      ] GC(903)   Merge Heap Roots: 0.69ms
[3733.284s][info][gc,phases      ] GC(903)   Evacuate Collection Set: 114.68ms
[3733.284s][info][gc,phases      ] GC(903)   Post Evacuate Collection Set: 0.94ms
[3733.284s][info][gc,phases      ] GC(903)   Other: 0.09ms
[3733.284s][info][gc,heap        ] GC(903) Eden regions: 1119->0(1114)
[3733.284s][info][gc,heap        ] GC(903) Survivor regions: 109->107(154)
[3733.284s][info][gc,heap        ] GC(903) Old regions: 506->537
[3733.284s][info][gc,heap        ] GC(903) Humongous regions: 80->80
[3733.284s][info][gc,metaspace   ] GC(903) Metaspace: 28934K(29312K)->28934K(29312K) NonClass: 24066K(24256K)->24066K(24256K) Class: 4868K(5056K)->4868K(5056K)
[3733.284s][info][gc             ] GC(903) Pause Young (Prepare Mixed) (G1 Evacuation Pause) 3625M->1446M(4096M) 116.915ms
[3733.284s][info][gc,cpu         ] GC(903) User=0.69s Sys=0.00s Real=0.12s
...[3736.084s][info][gc,start       ] GC(904) Pause Young (Mixed) (G1 Evacuation Pause)
[3736.085s][info][gc,task        ] GC(904) Using 6 workers of 6 for evacuation
[3736.219s][info][gc,phases      ] GC(904)   Pre Evacuate Collection Set: 0.38ms
[3736.219s][info][gc,phases      ] GC(904)   Merge Heap Roots: 0.62ms
[3736.219s][info][gc,phases      ] GC(904)   Evacuate Collection Set: 132.27ms
[3736.219s][info][gc,phases      ] GC(904)   Post Evacuate Collection Set: 0.97ms
[3736.219s][info][gc,phases      ] GC(904)   Other: 0.10ms
[3736.219s][info][gc,heap        ] GC(904) Eden regions: 1114->0(1117)
[3736.219s][info][gc,heap        ] GC(904) Survivor regions: 107->111(153)
[3736.219s][info][gc,heap        ] GC(904) Old regions: 537->474
[3736.219s][info][gc,heap        ] GC(904) Humongous regions: 80->80
[3736.219s][info][gc,metaspace   ] GC(904) Metaspace: 28934K(29312K)->28934K(29312K) NonClass: 24066K(24256K)->24066K(24256K) Class: 4868K(5056K)->4868K(5056K)
[3736.219s][info][gc             ] GC(904) Pause Young (Mixed) (G1 Evacuation Pause) 3674M->1329M(4096M) 134.492ms
[3736.219s][info][gc,cpu         ] GC(904) User=0.80s Sys=0.00s Real=0.13s
...[3739.002s][info][gc,start       ] GC(905) Pause Young (Concurrent Start) (G1 Evacuation Pause)
[3739.002s][info][gc,task        ] GC(905) Using 6 workers of 6 for evacuation
[3739.124s][info][gc,phases      ] GC(905)   Pre Evacuate Collection Set: 0.36ms
[3739.124s][info][gc,phases      ] GC(905)   Merge Heap Roots: 0.45ms
[3739.124s][info][gc,phases      ] GC(905)   Evacuate Collection Set: 120.35ms
[3739.124s][info][gc,phases      ] GC(905)   Post Evacuate Collection Set: 0.91ms
[3739.124s][info][gc,phases      ] GC(905)   Other: 0.11ms
[3739.124s][info][gc,heap        ] GC(905) Eden regions: 1117->0(1114)
[3739.124s][info][gc,heap        ] GC(905) Survivor regions: 111->114(154)
[3739.124s][info][gc,heap        ] GC(905) Old regions: 474->506
[3739.124s][info][gc,heap        ] GC(905) Humongous regions: 80->80
[3739.124s][info][gc,metaspace   ] GC(905) Metaspace: 28934K(29312K)->28934K(29312K) NonClass: 24066K(24256K)->24066K(24256K) Class: 4868K(5056K)->4868K(5056K)
[3739.124s][info][gc             ] GC(905) Pause Young (Concurrent Start) (G1 Evacuation Pause) 3563M->1399M(4096M) 122.300ms
[3739.124s][info][gc             ] GC(906) Concurrent Mark Cycle
[3739.124s][info][gc,marking     ] GC(906) Concurrent Scan Root Regions
[3739.124s][info][gc,cpu         ] GC(905) User=0.73s Sys=0.00s Real=0.13s
[3739.268s][info][gc,marking     ] GC(906) Concurrent Scan Root Regions 144.064ms
[3739.268s][info][gc,marking     ] GC(906) Concurrent Mark
[3739.268s][info][gc,marking     ] GC(906) Concurrent Mark From Roots
[3739.268s][info][gc,task        ] GC(906) Using 2 workers of 2 for marking
.[3739.964s][info][gc,marking     ] GC(906) Concurrent Mark From Roots 695.400ms
[3739.964s][info][gc,marking     ] GC(906) Concurrent Preclean
[3739.964s][info][gc,marking     ] GC(906) Concurrent Preclean 0.145ms
[3739.964s][info][gc,start       ] GC(906) Pause Remark
[3739.970s][info][gc             ] GC(906) Pause Remark 2085M->2085M(4096M) 5.815ms
[3739.970s][info][gc,cpu         ] GC(906) User=0.03s Sys=0.00s Real=0.00s
[3739.970s][info][gc,marking     ] GC(906) Concurrent Mark 701.951ms
[3739.970s][info][gc,marking     ] GC(906) Concurrent Rebuild Remembered Sets and Scrub Regions
[3740.282s][info][gc,marking     ] GC(906) Concurrent Rebuild Remembered Sets and Scrub Regions 311.345ms
[3740.283s][info][gc,start       ] GC(906) Pause Cleanup
[3740.283s][info][gc             ] GC(906) Pause Cleanup 2375M->2375M(4096M) 0.130ms
[3740.283s][info][gc,cpu         ] GC(906) User=0.00s Sys=0.00s Real=0.00s
[3740.283s][info][gc,marking     ] GC(906) Concurrent Clear Claimed Marks
[3740.283s][info][gc,marking     ] GC(906) Concurrent Clear Claimed Marks 0.031ms
[3740.283s][info][gc,marking     ] GC(906) Concurrent Cleanup for Next Mark
[3740.292s][info][gc,marking     ] GC(906) Concurrent Cleanup for Next Mark 8.463ms
[3740.292s][info][gc             ] GC(906) Concurrent Mark Cycle 1167.399ms
.[3741.871s][info][gc,start       ] GC(907) Pause Young (Prepare Mixed) (G1 Evacuation Pause)
[3741.871s][info][gc,task        ] GC(907) Using 6 workers of 6 for evacuation
[3741.988s][info][gc,phases      ] GC(907)   Pre Evacuate Collection Set: 0.35ms
[3741.988s][info][gc,phases      ] GC(907)   Merge Heap Roots: 0.50ms
[3741.988s][info][gc,phases      ] GC(907)   Evacuate Collection Set: 114.96ms
[3741.988s][info][gc,phases      ] GC(907)   Post Evacuate Collection Set: 0.92ms
[3741.988s][info][gc,phases      ] GC(907)   Other: 0.09ms
[3741.988s][info][gc,heap        ] GC(907) Eden regions: 1114->0(1107)
[3741.988s][info][gc,heap        ] GC(907) Survivor regions: 114->110(154)
[3741.988s][info][gc,heap        ] GC(907) Old regions: 506->538
[3741.988s][info][gc,heap        ] GC(907) Humongous regions: 80->80
[3741.988s][info][gc,metaspace   ] GC(907) Metaspace: 28934K(29312K)->28934K(29312K) NonClass: 24066K(24256K)->24066K(24256K) Class: 4868K(5056K)->4868K(5056K)
[3741.988s][info][gc             ] GC(907) Pause Young (Prepare Mixed) (G1 Evacuation Pause) 3627M->1455M(4096M) 116.970ms
[3741.988s][info][gc,cpu         ] GC(907) User=0.69s Sys=0.00s Real=0.12s
...[3744.698s][info][gc,start       ] GC(908) Pause Young (Mixed) (G1 Evacuation Pause)
[3744.698s][info][gc,task        ] GC(908) Using 6 workers of 6 for evacuation
[3744.833s][info][gc,phases      ] GC(908)   Pre Evacuate Collection Set: 0.36ms
[3744.833s][info][gc,phases      ] GC(908)   Merge Heap Roots: 0.71ms
[3744.833s][info][gc,phases      ] GC(908)   Evacuate Collection Set: 133.10ms
[3744.833s][info][gc,phases      ] GC(908)   Post Evacuate Collection Set: 0.95ms
[3744.833s][info][gc,phases      ] GC(908)   Other: 0.09ms
[3744.833s][info][gc,heap        ] GC(908) Eden regions: 1107->0(1117)
[3744.833s][info][gc,heap        ] GC(908) Survivor regions: 110->111(153)
[3744.833s][info][gc,heap        ] GC(908) Old regions: 538->474
[3744.833s][info][gc,heap        ] GC(908) Humongous regions: 80->80
[3744.833s][info][gc,metaspace   ] GC(908) Metaspace: 28934K(29312K)->28934K(29312K) NonClass: 24066K(24256K)->24066K(24256K) Class: 4868K(5056K)->4868K(5056K)
[3744.834s][info][gc             ] GC(908) Pause Young (Mixed) (G1 Evacuation Pause) 3669M->1327M(4096M) 135.343ms
[3744.834s][info][gc,cpu         ] GC(908) User=0.80s Sys=0.00s Real=0.14s
...[3747.631s][info][gc,start       ] GC(909) Pause Young (Concurrent Start) (G1 Evacuation Pause)
[3747.631s][info][gc,task        ] GC(909) Using 6 workers of 6 for evacuation
[3747.750s][info][gc,phases      ] GC(909)   Pre Evacuate Collection Set: 0.36ms
[3747.750s][info][gc,phases      ] GC(909)   Merge Heap Roots: 0.50ms
[3747.750s][info][gc,phases      ] GC(909)   Evacuate Collection Set: 117.75ms
[3747.750s][info][gc,phases      ] GC(909)   Post Evacuate Collection Set: 0.91ms
[3747.750s][info][gc,phases      ] GC(909)   Other: 0.13ms
[3747.750s][info][gc,heap        ] GC(909) Eden regions: 1117->0(1117)
[3747.750s][info][gc,heap        ] GC(909) Survivor regions: 111->111(154)
[3747.750s][info][gc,heap        ] GC(909) Old regions: 474->506
[3747.750s][info][gc,heap        ] GC(909) Humongous regions: 80->80
[3747.750s][info][gc,metaspace   ] GC(909) Metaspace: 28934K(29312K)->28934K(29312K) NonClass: 24066K(24256K)->24066K(24256K) Class: 4868K(5056K)->4868K(5056K)
[3747.750s][info][gc             ] GC(909) Pause Young (Concurrent Start) (G1 Evacuation Pause) 3561M->1391M(4096M) 119.773ms
[3747.750s][info][gc             ] GC(910) Concurrent Mark Cycle
[3747.751s][info][gc,marking     ] GC(910) Concurrent Scan Root Regions
[3747.751s][info][gc,cpu         ] GC(909) User=0.71s Sys=0.00s Real=0.12s
[3747.926s][info][gc,marking     ] GC(910) Concurrent Scan Root Regions 175.753ms
[3747.926s][info][gc,marking     ] GC(910) Concurrent Mark
[3747.926s][info][gc,marking     ] GC(910) Concurrent Mark From Roots
[3747.926s][info][gc,task        ] GC(910) Using 2 workers of 2 for marking
.[3748.647s][info][gc,marking     ] GC(910) Concurrent Mark From Roots 720.734ms
[3748.647s][info][gc,marking     ] GC(910) Concurrent Preclean
[3748.647s][info][gc,marking     ] GC(910) Concurrent Preclean 0.083ms
[3748.647s][info][gc,start       ] GC(910) Pause Remark
[3748.653s][info][gc             ] GC(910) Pause Remark 2165M->2165M(4096M) 5.848ms
[3748.653s][info][gc,cpu         ] GC(910) User=0.03s Sys=0.00s Real=0.01s
[3748.653s][info][gc,marking     ] GC(910) Concurrent Mark 726.950ms
[3748.653s][info][gc,marking     ] GC(910) Concurrent Rebuild Remembered Sets and Scrub Regions
[3748.965s][info][gc,marking     ] GC(910) Concurrent Rebuild Remembered Sets and Scrub Regions 311.605ms
[3748.965s][info][gc,start       ] GC(910) Pause Cleanup
[3748.965s][info][gc             ] GC(910) Pause Cleanup 2410M->2410M(4096M) 0.102ms
[3748.965s][info][gc,cpu         ] GC(910) User=0.00s Sys=0.00s Real=0.00s
[3748.965s][info][gc,marking     ] GC(910) Concurrent Clear Claimed Marks
[3748.965s][info][gc,marking     ] GC(910) Concurrent Clear Claimed Marks 0.020ms
[3748.965s][info][gc,marking     ] GC(910) Concurrent Cleanup for Next Mark
[3748.970s][info][gc,marking     ] GC(910) Concurrent Cleanup for Next Mark 4.429ms
[3748.970s][info][gc             ] GC(910) Concurrent Mark Cycle 1219.236ms
..[3750.479s][info][gc,start       ] GC(911) Pause Young (Prepare Mixed) (G1 Evacuation Pause)
[3750.479s][info][gc,task        ] GC(911) Using 6 workers of 6 for evacuation
[3750.594s][info][gc,phases      ] GC(911)   Pre Evacuate Collection Set: 0.37ms
[3750.594s][info][gc,phases      ] GC(911)   Merge Heap Roots: 0.48ms
[3750.594s][info][gc,phases      ] GC(911)   Evacuate Collection Set: 113.53ms
[3750.594s][info][gc,phases      ] GC(911)   Post Evacuate Collection Set: 0.94ms
[3750.594s][info][gc,phases      ] GC(911)   Other: 0.10ms
[3750.594s][info][gc,heap        ] GC(911) Eden regions: 1117->0(1110)
[3750.594s][info][gc,heap        ] GC(911) Survivor regions: 111->109(154)
[3750.594s][info][gc,heap        ] GC(911) Old regions: 506->537
[3750.594s][info][gc,heap        ] GC(911) Humongous regions: 80->80
[3750.594s][info][gc,metaspace   ] GC(911) Metaspace: 28934K(29312K)->28934K(29312K) NonClass: 24066K(24256K)->24066K(24256K) Class: 4868K(5056K)->4868K(5056K)
[3750.594s][info][gc             ] GC(911) Pause Young (Prepare Mixed) (G1 Evacuation Pause) 3625M->1451M(4096M) 115.544ms
[3750.594s][info][gc,cpu         ] GC(911) User=0.68s Sys=0.00s Real=0.12s
...[3753.360s][info][gc,start       ] GC(912) Pause Young (Mixed) (G1 Evacuation Pause)
[3753.360s][info][gc,task        ] GC(912) Using 6 workers of 6 for evacuation
[3753.493s][info][gc,phases      ] GC(912)   Pre Evacuate Collection Set: 0.37ms
[3753.493s][info][gc,phases      ] GC(912)   Merge Heap Roots: 0.63ms
[3753.493s][info][gc,phases      ] GC(912)   Evacuate Collection Set: 131.47ms
[3753.493s][info][gc,phases      ] GC(912)   Post Evacuate Collection Set: 0.95ms
[3753.493s][info][gc,phases      ] GC(912)   Other: 0.08ms
[3753.493s][info][gc,heap        ] GC(912) Eden regions: 1110->0(1118)
[3753.493s][info][gc,heap        ] GC(912) Survivor regions: 109->110(153)
[3753.493s][info][gc,heap        ] GC(912) Old regions: 537->474
[3753.493s][info][gc,heap        ] GC(912) Humongous regions: 80->80
[3753.493s][info][gc,metaspace   ] GC(912) Metaspace: 28934K(29312K)->28934K(29312K) NonClass: 24066K(24256K)->24066K(24256K) Class: 4868K(5056K)->4868K(5056K)
[3753.493s][info][gc             ] GC(912) Pause Young (Mixed) (G1 Evacuation Pause) 3671M->1325M(4096M) 133.649ms
[3753.493s][info][gc,cpu         ] GC(912) User=0.79s Sys=0.00s Real=0.14s
...[3756.335s][info][gc,start       ] GC(913) Pause Young (Concurrent Start) (G1 Evacuation Pause)
[3756.335s][info][gc,task        ] GC(913) Using 6 workers of 6 for evacuation
[3756.455s][info][gc,phases      ] GC(913)   Pre Evacuate Collection Set: 0.42ms
[3756.455s][info][gc,phases      ] GC(913)   Merge Heap Roots: 0.47ms
[3756.455s][info][gc,phases      ] GC(913)   Evacuate Collection Set: 117.39ms
[3756.455s][info][gc,phases      ] GC(913)   Post Evacuate Collection Set: 0.94ms
[3756.455s][info][gc,phases      ] GC(913)   Other: 0.11ms
[3756.455s][info][gc,heap        ] GC(913) Eden regions: 1118->0(1118)
[3756.455s][info][gc,heap        ] GC(913) Survivor regions: 110->110(154)
[3756.455s][info][gc,heap        ] GC(913) Old regions: 474->506
[3756.455s][info][gc,heap        ] GC(913) Humongous regions: 80->80
[3756.455s][info][gc,metaspace   ] GC(913) Metaspace: 28934K(29312K)->28934K(29312K) NonClass: 24066K(24256K)->24066K(24256K) Class: 4868K(5056K)->4868K(5056K)
[3756.455s][info][gc             ] GC(913) Pause Young (Concurrent Start) (G1 Evacuation Pause) 3561M->1389M(4096M) 119.469ms
[3756.455s][info][gc             ] GC(914) Concurrent Mark Cycle
[3756.455s][info][gc,marking     ] GC(914) Concurrent Scan Root Regions
[3756.455s][info][gc,cpu         ] GC(913) User=0.71s Sys=0.00s Real=0.12s
[3756.646s][info][gc,marking     ] GC(914) Concurrent Scan Root Regions 191.161ms
[3756.646s][info][gc,marking     ] GC(914) Concurrent Mark
[3756.646s][info][gc,marking     ] GC(914) Concurrent Mark From Roots
[3756.646s][info][gc,task        ] GC(914) Using 2 workers of 2 for marking
.[3757.536s][info][gc,marking     ] GC(914) Concurrent Mark From Roots 889.788ms
[3757.536s][info][gc,marking     ] GC(914) Concurrent Preclean
[3757.536s][info][gc,marking     ] GC(914) Concurrent Preclean 0.140ms
[3757.539s][info][gc,start       ] GC(914) Pause Remark
[3757.546s][info][gc             ] GC(914) Pause Remark 2321M->2321M(4096M) 7.312ms
[3757.546s][info][gc,cpu         ] GC(914) User=0.04s Sys=0.00s Real=0.01s
[3757.546s][info][gc,marking     ] GC(914) Concurrent Mark 900.396ms
[3757.546s][info][gc,marking     ] GC(914) Concurrent Rebuild Remembered Sets and Scrub Regions
[3757.861s][info][gc,marking     ] GC(914) Concurrent Rebuild Remembered Sets and Scrub Regions 315.061ms
[3757.862s][info][gc,start       ] GC(914) Pause Cleanup
[3757.862s][info][gc             ] GC(914) Pause Cleanup 2588M->2588M(4096M) 0.111ms
[3757.862s][info][gc,cpu         ] GC(914) User=0.00s Sys=0.00s Real=0.00s
[3757.862s][info][gc,marking     ] GC(914) Concurrent Clear Claimed Marks
[3757.862s][info][gc,marking     ] GC(914) Concurrent Clear Claimed Marks 0.022ms
[3757.862s][info][gc,marking     ] GC(914) Concurrent Cleanup for Next Mark
[3757.865s][info][gc,marking     ] GC(914) Concurrent Cleanup for Next Mark 3.617ms
[3757.865s][info][gc             ] GC(914) Concurrent Mark Cycle 1410.740ms
.[3759.194s][info][gc,start       ] GC(915) Pause Young (Prepare Mixed) (G1 Evacuation Pause)
[3759.194s][info][gc,task        ] GC(915) Using 6 workers of 6 for evacuation
[3759.315s][info][gc,phases      ] GC(915)   Pre Evacuate Collection Set: 0.36ms
[3759.315s][info][gc,phases      ] GC(915)   Merge Heap Roots: 0.50ms
[3759.315s][info][gc,phases      ] GC(915)   Evacuate Collection Set: 119.44ms
[3759.315s][info][gc,phases      ] GC(915)   Post Evacuate Collection Set: 0.92ms
[3759.315s][info][gc,phases      ] GC(915)   Other: 0.09ms
[3759.315s][info][gc,heap        ] GC(915) Eden regions: 1118->0(1103)
[3759.315s][info][gc,heap        ] GC(915) Survivor regions: 110->112(154)
[3759.315s][info][gc,heap        ] GC(915) Old regions: 506->538
[3759.315s][info][gc,heap        ] GC(915) Humongous regions: 80->80
[3759.315s][info][gc,metaspace   ] GC(915) Metaspace: 28934K(29312K)->28934K(29312K) NonClass: 24066K(24256K)->24066K(24256K) Class: 4868K(5056K)->4868K(5056K)
[3759.315s][info][gc             ] GC(915) Pause Young (Prepare Mixed) (G1 Evacuation Pause) 3625M->1458M(4096M) 121.436ms
[3759.315s][info][gc,cpu         ] GC(915) User=0.71s Sys=0.00s Real=0.12s
.. (rIR:aIR:PR = 6503:6504:6504) (tPR = 96843) [OK] 
  3760s: Performance info:
         Transaction,    Success,    Partial,     Failed,   Receipts, AvgBarcode, 
             Overall,     395669,          0,          0,     375898,      59.47, 
         Response times:
             Request,    Success,    Partial,     Failed,   SkipFail,     Probes,    Samples,      min,      p50,      p90,      p95,      p99,      max, 
       TotalPurchase,     375898,          0,          0,          0,     363005,     396782,      300,     5600,    43000,    78000,   166000,   350000,
     InStorePurchase,     197901,          0,          0,          0,     190456,     208495,      300,     5600,    43000,    78000,   167000,   280000,
      OnlinePurchase,     138398,          0,          0,          0,     134153,     146425,      300,     5700,    43000,    78000,   165000,   350000,
        InstPurchase,      39599,          0,          0,          0,      38396,      41862,      400,     5500,    43000,    78000,   168000,   335000,
          AssocOfCat,        395,          0,          0,          0,        318,        424,    25000,    37000,   112500,   159000,   218500,   332000,
      AssocOfProduct,       3963,          0,          0,          0,       3696,       4273,     1000,     6800,    50600,    80300,   155000,   276000,
      BusinessReport,        980,          0,          0,          0,        829,       1028,    27000,    41500,   105100,   154550,   264130,   415000,
          CustBuyBeh,       3955,          0,          0,          0,       3669,       4244,      200,     6500,    46000,    82000,   163000,   278000,
       ProductReturn,      10478,          0,          0,          0,      10067,      11275,      300,     5700,    45000,    77000,   166480,   278000,

  3760s: (48%)   IR =   6642 .[3761.980s][info][gc,start       ] GC(916) Pause Young (Mixed) (G1 Evacuation Pause)
[3761.980s][info][gc,task        ] GC(916) Using 6 workers of 6 for evacuation
[3762.116s][info][gc,phases      ] GC(916)   Pre Evacuate Collection Set: 0.39ms
[3762.116s][info][gc,phases      ] GC(916)   Merge Heap Roots: 0.64ms
[3762.116s][info][gc,phases      ] GC(916)   Evacuate Collection Set: 133.73ms
[3762.116s][info][gc,phases      ] GC(916)   Post Evacuate Collection Set: 1.02ms
[3762.116s][info][gc,phases      ] GC(916)   Other: 0.09ms
[3762.116s][info][gc,heap        ] GC(916) Eden regions: 1103->0(1116)
[3762.116s][info][gc,heap        ] GC(916) Survivor regions: 112->112(152)
[3762.116s][info][gc,heap        ] GC(916) Old regions: 538->473
[3762.116s][info][gc,heap        ] GC(916) Humongous regions: 80->80
[3762.116s][info][gc,metaspace   ] GC(916) Metaspace: 28934K(29312K)->28934K(29312K) NonClass: 24066K(24256K)->24066K(24256K) Class: 4868K(5056K)->4868K(5056K)
[3762.116s][info][gc             ] GC(916) Pause Young (Mixed) (G1 Evacuation Pause) 3664M->1328M(4096M) 136.003ms
[3762.116s][info][gc,cpu         ] GC(916) User=0.80s Sys=0.00s Real=0.14s
...[3764.879s][info][gc,start       ] GC(917) Pause Young (Concurrent Start) (G1 Evacuation Pause)
[3764.879s][info][gc,task        ] GC(917) Using 6 workers of 6 for evacuation
[3764.996s][info][gc,phases      ] GC(917)   Pre Evacuate Collection Set: 0.36ms
[3764.996s][info][gc,phases      ] GC(917)   Merge Heap Roots: 0.45ms
[3764.996s][info][gc,phases      ] GC(917)   Evacuate Collection Set: 115.43ms
[3764.996s][info][gc,phases      ] GC(917)   Post Evacuate Collection Set: 0.89ms
[3764.996s][info][gc,phases      ] GC(917)   Other: 0.12ms
[3764.996s][info][gc,heap        ] GC(917) Eden regions: 1116->0(1118)
[3764.996s][info][gc,heap        ] GC(917) Survivor regions: 112->110(154)
[3764.996s][info][gc,heap        ] GC(917) Old regions: 473->504
[3764.996s][info][gc,heap        ] GC(917) Humongous regions: 80->80
[3764.996s][info][gc,metaspace   ] GC(917) Metaspace: 28934K(29312K)->28934K(29312K) NonClass: 24066K(24256K)->24066K(24256K) Class: 4868K(5056K)->4868K(5056K)
[3764.996s][info][gc             ] GC(917) Pause Young (Concurrent Start) (G1 Evacuation Pause) 3560M->1386M(4096M) 117.378ms
[3764.996s][info][gc             ] GC(918) Concurrent Mark Cycle
[3764.996s][info][gc,marking     ] GC(918) Concurrent Scan Root Regions
[3764.996s][info][gc,cpu         ] GC(917) User=0.69s Sys=0.00s Real=0.12s
[3765.187s][info][gc,marking     ] GC(918) Concurrent Scan Root Regions 190.393ms
[3765.187s][info][gc,marking     ] GC(918) Concurrent Mark
[3765.187s][info][gc,marking     ] GC(918) Concurrent Mark From Roots
[3765.187s][info][gc,task        ] GC(918) Using 2 workers of 2 for marking
.[3766.101s][info][gc,marking     ] GC(918) Concurrent Mark From Roots 914.340ms
[3766.101s][info][gc,marking     ] GC(918) Concurrent Preclean
[3766.101s][info][gc,marking     ] GC(918) Concurrent Preclean 0.107ms
[3766.101s][info][gc,start       ] GC(918) Pause Remark
[3766.107s][info][gc             ] GC(918) Pause Remark 2353M->2353M(4096M) 5.331ms
[3766.107s][info][gc,cpu         ] GC(918) User=0.03s Sys=0.00s Real=0.01s
[3766.107s][info][gc,marking     ] GC(918) Concurrent Mark 920.060ms
[3766.107s][info][gc,marking     ] GC(918) Concurrent Rebuild Remembered Sets and Scrub Regions
[3766.464s][info][gc,marking     ] GC(918) Concurrent Rebuild Remembered Sets and Scrub Regions 356.822ms
[3766.464s][info][gc,start       ] GC(918) Pause Cleanup
[3766.464s][info][gc             ] GC(918) Pause Cleanup 2653M->2653M(4096M) 0.102ms
[3766.464s][info][gc,cpu         ] GC(918) User=0.00s Sys=0.00s Real=0.00s
[3766.464s][info][gc,marking     ] GC(918) Concurrent Clear Claimed Marks
[3766.464s][info][gc,marking     ] GC(918) Concurrent Clear Claimed Marks 0.024ms
[3766.464s][info][gc,marking     ] GC(918) Concurrent Cleanup for Next Mark
[3766.467s][info][gc,marking     ] GC(918) Concurrent Cleanup for Next Mark 3.607ms
[3766.468s][info][gc             ] GC(918) Concurrent Mark Cycle 1471.399ms
..[3767.673s][info][gc,start       ] GC(919) Pause Young (Prepare Mixed) (G1 Evacuation Pause)
[3767.674s][info][gc,task        ] GC(919) Using 6 workers of 6 for evacuation
[3767.791s][info][gc,phases      ] GC(919)   Pre Evacuate Collection Set: 0.35ms
[3767.791s][info][gc,phases      ] GC(919)   Merge Heap Roots: 0.50ms
[3767.791s][info][gc,phases      ] GC(919)   Evacuate Collection Set: 115.43ms
[3767.791s][info][gc,phases      ] GC(919)   Post Evacuate Collection Set: 0.91ms
[3767.791s][info][gc,phases      ] GC(919)   Other: 0.09ms
[3767.791s][info][gc,heap        ] GC(919) Eden regions: 1118->0(1109)
[3767.791s][info][gc,heap        ] GC(919) Survivor regions: 110->110(154)
[3767.791s][info][gc,heap        ] GC(919) Old regions: 504->536
[3767.791s][info][gc,heap        ] GC(919) Humongous regions: 80->80
[3767.791s][info][gc,metaspace   ] GC(919) Metaspace: 28934K(29312K)->28934K(29312K) NonClass: 24066K(24256K)->24066K(24256K) Class: 4868K(5056K)->4868K(5056K)
[3767.791s][info][gc             ] GC(919) Pause Young (Prepare Mixed) (G1 Evacuation Pause) 3622M->1450M(4096M) 117.416ms
[3767.791s][info][gc,cpu         ] GC(919) User=0.69s Sys=0.00s Real=0.11s
.|..[3770.505s][info][gc,start       ] GC(920) Pause Young (Mixed) (G1 Evacuation Pause)
[3770.506s][info][gc,task        ] GC(920) Using 6 workers of 6 for evacuation
[3770.636s][info][gc,phases      ] GC(920)   Pre Evacuate Collection Set: 0.39ms
[3770.636s][info][gc,phases      ] GC(920)   Merge Heap Roots: 0.59ms
[3770.636s][info][gc,phases      ] GC(920)   Evacuate Collection Set: 128.26ms
[3770.636s][info][gc,phases      ] GC(920)   Post Evacuate Collection Set: 0.95ms
[3770.636s][info][gc,phases      ] GC(920)   Other: 0.09ms
[3770.636s][info][gc,heap        ] GC(920) Eden regions: 1109->0(1119)
[3770.636s][info][gc,heap        ] GC(920) Survivor regions: 110->109(153)
[3770.636s][info][gc,heap        ] GC(920) Old regions: 536->472
[3770.636s][info][gc,heap        ] GC(920) Humongous regions: 80->80
[3770.636s][info][gc,metaspace   ] GC(920) Metaspace: 28934K(29312K)->28934K(29312K) NonClass: 24066K(24256K)->24066K(24256K) Class: 4868K(5056K)->4868K(5056K)
[3770.636s][info][gc             ] GC(920) Pause Young (Mixed) (G1 Evacuation Pause) 3668M->1319M(4096M) 130.409ms
[3770.636s][info][gc,cpu         ] GC(920) User=0.77s Sys=0.00s Real=0.13s
..[3773.322s][info][gc,start       ] GC(921) Pause Young (Concurrent Start) (G1 Evacuation Pause)
[3773.322s][info][gc,task        ] GC(921) Using 6 workers of 6 for evacuation
[3773.443s][info][gc,phases      ] GC(921)   Pre Evacuate Collection Set: 0.36ms
[3773.444s][info][gc,phases      ] GC(921)   Merge Heap Roots: 0.44ms
[3773.444s][info][gc,phases      ] GC(921)   Evacuate Collection Set: 119.88ms
[3773.444s][info][gc,phases      ] GC(921)   Post Evacuate Collection Set: 0.92ms
[3773.444s][info][gc,phases      ] GC(921)   Other: 0.11ms
[3773.444s][info][gc,heap        ] GC(921) Eden regions: 1119->0(1115)
[3773.444s][info][gc,heap        ] GC(921) Survivor regions: 109->113(154)
[3773.444s][info][gc,heap        ] GC(921) Old regions: 472->503
[3773.444s][info][gc,heap        ] GC(921) Humongous regions: 80->80
[3773.444s][info][gc,metaspace   ] GC(921) Metaspace: 28934K(29312K)->28934K(29312K) NonClass: 24066K(24256K)->24066K(24256K) Class: 4868K(5056K)->4868K(5056K)
[3773.444s][info][gc             ] GC(921) Pause Young (Concurrent Start) (G1 Evacuation Pause) 3557M->1389M(4096M) 121.847ms
[3773.444s][info][gc             ] GC(922) Concurrent Mark Cycle
[3773.444s][info][gc,marking     ] GC(922) Concurrent Scan Root Regions
[3773.444s][info][gc,cpu         ] GC(921) User=0.72s Sys=0.00s Real=0.13s
.[3773.625s][info][gc,marking     ] GC(922) Concurrent Scan Root Regions 180.909ms
[3773.625s][info][gc,marking     ] GC(922) Concurrent Mark
[3773.625s][info][gc,marking     ] GC(922) Concurrent Mark From Roots
[3773.625s][info][gc,task        ] GC(922) Using 2 workers of 2 for marking
[3774.525s][info][gc,marking     ] GC(922) Concurrent Mark From Roots 900.430ms
[3774.525s][info][gc,marking     ] GC(922) Concurrent Preclean
[3774.525s][info][gc,marking     ] GC(922) Concurrent Preclean 0.076ms
[3774.525s][info][gc,start       ] GC(922) Pause Remark
[3774.533s][info][gc             ] GC(922) Pause Remark 2329M->2329M(4096M) 7.516ms
[3774.533s][info][gc,cpu         ] GC(922) User=0.04s Sys=0.01s Real=0.01s
[3774.533s][info][gc,marking     ] GC(922) Concurrent Mark 908.276ms
[3774.533s][info][gc,marking     ] GC(922) Concurrent Rebuild Remembered Sets and Scrub Regions
.[3774.830s][info][gc,marking     ] GC(922) Concurrent Rebuild Remembered Sets and Scrub Regions 297.376ms
[3774.830s][info][gc,start       ] GC(922) Pause Cleanup
[3774.831s][info][gc             ] GC(922) Pause Cleanup 2561M->2561M(4096M) 0.115ms
[3774.831s][info][gc,cpu         ] GC(922) User=0.00s Sys=0.00s Real=0.00s
[3774.831s][info][gc,marking     ] GC(922) Concurrent Clear Claimed Marks
[3774.831s][info][gc,marking     ] GC(922) Concurrent Clear Claimed Marks 0.021ms
[3774.831s][info][gc,marking     ] GC(922) Concurrent Cleanup for Next Mark
[3774.834s][info][gc,marking     ] GC(922) Concurrent Cleanup for Next Mark 3.639ms
[3774.834s][info][gc             ] GC(922) Concurrent Mark Cycle 1390.661ms
.[3776.172s][info][gc,start       ] GC(923) Pause Young (Prepare Mixed) (G1 Evacuation Pause)
[3776.172s][info][gc,task        ] GC(923) Using 6 workers of 6 for evacuation
[3776.287s][info][gc,phases      ] GC(923)   Pre Evacuate Collection Set: 0.32ms
[3776.287s][info][gc,phases      ] GC(923)   Merge Heap Roots: 0.50ms
[3776.287s][info][gc,phases      ] GC(923)   Evacuate Collection Set: 112.59ms
[3776.287s][info][gc,phases      ] GC(923)   Post Evacuate Collection Set: 0.91ms
[3776.287s][info][gc,phases      ] GC(923)   Other: 0.10ms
[3776.287s][info][gc,heap        ] GC(923) Eden regions: 1115->0(1116)
[3776.287s][info][gc,heap        ] GC(923) Survivor regions: 113->107(154)
[3776.287s][info][gc,heap        ] GC(923) Old regions: 503->535
[3776.287s][info][gc,heap        ] GC(923) Humongous regions: 80->80
[3776.287s][info][gc,metaspace   ] GC(923) Metaspace: 28934K(29312K)->28934K(29312K) NonClass: 24066K(24256K)->24066K(24256K) Class: 4868K(5056K)->4868K(5056K)
[3776.287s][info][gc             ] GC(923) Pause Young (Prepare Mixed) (G1 Evacuation Pause) 3619M->1442M(4096M) 114.542ms
[3776.287s][info][gc,cpu         ] GC(923) User=0.67s Sys=0.01s Real=0.11s
...[3779.006s][info][gc,start       ] GC(924) Pause Young (Mixed) (G1 Evacuation Pause)
[3779.006s][info][gc,task        ] GC(924) Using 6 workers of 6 for evacuation
[3779.141s][info][gc,phases      ] GC(924)   Pre Evacuate Collection Set: 0.37ms
[3779.141s][info][gc,phases      ] GC(924)   Merge Heap Roots: 0.65ms
[3779.141s][info][gc,phases      ] GC(924)   Evacuate Collection Set: 132.71ms
[3779.141s][info][gc,phases      ] GC(924)   Post Evacuate Collection Set: 0.97ms
[3779.141s][info][gc,phases      ] GC(924)   Other: 0.09ms
[3779.141s][info][gc,heap        ] GC(924) Eden regions: 1116->0(1118)
[3779.141s][info][gc,heap        ] GC(924) Survivor regions: 107->110(153)
[3779.141s][info][gc,heap        ] GC(924) Old regions: 535->472
[3779.141s][info][gc,heap        ] GC(924) Humongous regions: 80->80
[3779.141s][info][gc,metaspace   ] GC(924) Metaspace: 28934K(29312K)->28934K(29312K) NonClass: 24066K(24256K)->24066K(24256K) Class: 4868K(5056K)->4868K(5056K)
[3779.141s][info][gc             ] GC(924) Pause Young (Mixed) (G1 Evacuation Pause) 3674M->1323M(4096M) 134.921ms
[3779.141s][info][gc,cpu         ] GC(924) User=0.80s Sys=0.00s Real=0.13s
...[3781.848s][info][gc,start       ] GC(925) Pause Young (Concurrent Start) (G1 Evacuation Pause)
[3781.848s][info][gc,task        ] GC(925) Using 6 workers of 6 for evacuation
[3781.966s][info][gc,phases      ] GC(925)   Pre Evacuate Collection Set: 0.38ms
[3781.966s][info][gc,phases      ] GC(925)   Merge Heap Roots: 0.44ms
[3781.966s][info][gc,phases      ] GC(925)   Evacuate Collection Set: 116.16ms
[3781.966s][info][gc,phases      ] GC(925)   Post Evacuate Collection Set: 0.90ms
[3781.966s][info][gc,phases      ] GC(925)   Other: 0.11ms
[3781.966s][info][gc,heap        ] GC(925) Eden regions: 1118->0(1117)
[3781.966s][info][gc,heap        ] GC(925) Survivor regions: 110->111(154)
[3781.966s][info][gc,heap        ] GC(925) Old regions: 472->504
[3781.966s][info][gc,heap        ] GC(925) Humongous regions: 80->80
[3781.966s][info][gc,metaspace   ] GC(925) Metaspace: 28934K(29312K)->28934K(29312K) NonClass: 24066K(24256K)->24066K(24256K) Class: 4868K(5056K)->4868K(5056K)
[3781.966s][info][gc             ] GC(925) Pause Young (Concurrent Start) (G1 Evacuation Pause) 3559M->1387M(4096M) 118.131ms
[3781.966s][info][gc             ] GC(926) Concurrent Mark Cycle
[3781.966s][info][gc,marking     ] GC(926) Concurrent Scan Root Regions
[3781.966s][info][gc,cpu         ] GC(925) User=0.69s Sys=0.00s Real=0.12s
[3782.160s][info][gc,marking     ] GC(926) Concurrent Scan Root Regions 193.848ms
[3782.160s][info][gc,marking     ] GC(926) Concurrent Mark
[3782.160s][info][gc,marking     ] GC(926) Concurrent Mark From Roots
[3782.160s][info][gc,task        ] GC(926) Using 2 workers of 2 for marking
.[3783.129s][info][gc,marking     ] GC(926) Concurrent Mark From Roots 968.927ms
[3783.129s][info][gc,marking     ] GC(926) Concurrent Preclean
[3783.129s][info][gc,marking     ] GC(926) Concurrent Preclean 0.113ms
[3783.130s][info][gc,start       ] GC(926) Pause Remark
[3783.137s][info][gc             ] GC(926) Pause Remark 2412M->2412M(4096M) 7.874ms
[3783.137s][info][gc,cpu         ] GC(926) User=0.05s Sys=0.00s Real=0.01s
[3783.138s][info][gc,marking     ] GC(926) Concurrent Mark 977.201ms
[3783.138s][info][gc,marking     ] GC(926) Concurrent Rebuild Remembered Sets and Scrub Regions
[3783.540s][info][gc,marking     ] GC(926) Concurrent Rebuild Remembered Sets and Scrub Regions 402.442ms
[3783.542s][info][gc,start       ] GC(926) Pause Cleanup
[3783.542s][info][gc             ] GC(926) Pause Cleanup 2719M->2719M(4096M) 0.138ms
[3783.542s][info][gc,cpu         ] GC(926) User=0.00s Sys=0.00s Real=0.00s
[3783.542s][info][gc,marking     ] GC(926) Concurrent Clear Claimed Marks
[3783.542s][info][gc,marking     ] GC(926) Concurrent Clear Claimed Marks 0.028ms
[3783.542s][info][gc,marking     ] GC(926) Concurrent Cleanup for Next Mark
[3783.547s][info][gc,marking     ] GC(926) Concurrent Cleanup for Next Mark 5.060ms
[3783.547s][info][gc             ] GC(926) Concurrent Mark Cycle 1580.603ms
.[3784.694s][info][gc,start       ] GC(927) Pause Young (Prepare Mixed) (G1 Evacuation Pause)
[3784.694s][info][gc,task        ] GC(927) Using 6 workers of 6 for evacuation
[3784.816s][info][gc,phases      ] GC(927)   Pre Evacuate Collection Set: 0.32ms
[3784.816s][info][gc,phases      ] GC(927)   Merge Heap Roots: 0.51ms
[3784.816s][info][gc,phases      ] GC(927)   Evacuate Collection Set: 119.89ms
[3784.816s][info][gc,phases      ] GC(927)   Post Evacuate Collection Set: 0.91ms
[3784.816s][info][gc,phases      ] GC(927)   Other: 0.09ms
[3784.816s][info][gc,heap        ] GC(927) Eden regions: 1117->0(1101)
[3784.816s][info][gc,heap        ] GC(927) Survivor regions: 111->114(154)
[3784.816s][info][gc,heap        ] GC(927) Old regions: 504->536
[3784.816s][info][gc,heap        ] GC(927) Humongous regions: 80->80
[3784.816s][info][gc,metaspace   ] GC(927) Metaspace: 28934K(29312K)->28934K(29312K) NonClass: 24066K(24256K)->24066K(24256K) Class: 4868K(5056K)->4868K(5056K)
[3784.816s][info][gc             ] GC(927) Pause Young (Prepare Mixed) (G1 Evacuation Pause) 3621M->1458M(4096M) 121.853ms
[3784.816s][info][gc,cpu         ] GC(927) User=0.72s Sys=0.00s Real=0.12s
...[3787.471s][info][gc,start       ] GC(928) Pause Young (Mixed) (G1 Evacuation Pause)
[3787.471s][info][gc,task        ] GC(928) Using 6 workers of 6 for evacuation
[3787.604s][info][gc,phases      ] GC(928)   Pre Evacuate Collection Set: 0.41ms
[3787.604s][info][gc,phases      ] GC(928)   Merge Heap Roots: 0.74ms
[3787.604s][info][gc,phases      ] GC(928)   Evacuate Collection Set: 131.52ms
[3787.604s][info][gc,phases      ] GC(928)   Post Evacuate Collection Set: 0.93ms
[3787.604s][info][gc,phases      ] GC(928)   Other: 0.09ms
[3787.604s][info][gc,heap        ] GC(928) Eden regions: 1101->0(1119)
[3787.604s][info][gc,heap        ] GC(928) Survivor regions: 114->109(152)
[3787.604s][info][gc,heap        ] GC(928) Old regions: 536->474
[3787.604s][info][gc,heap        ] GC(928) Humongous regions: 80->80
[3787.604s][info][gc,metaspace   ] GC(928) Metaspace: 28934K(29312K)->28934K(29312K) NonClass: 24066K(24256K)->24066K(24256K) Class: 4868K(5056K)->4868K(5056K)
[3787.604s][info][gc             ] GC(928) Pause Young (Mixed) (G1 Evacuation Pause) 3660M->1324M(4096M) 133.830ms
[3787.604s][info][gc,cpu         ] GC(928) User=0.79s Sys=0.00s Real=0.14s
...[3790.342s][info][gc,start       ] GC(929) Pause Young (Concurrent Start) (G1 Evacuation Pause)
[3790.342s][info][gc,task        ] GC(929) Using 6 workers of 6 for evacuation
[3790.461s][info][gc,phases      ] GC(929)   Pre Evacuate Collection Set: 0.34ms
[3790.461s][info][gc,phases      ] GC(929)   Merge Heap Roots: 0.46ms
[3790.461s][info][gc,phases      ] GC(929)   Evacuate Collection Set: 117.24ms
[3790.461s][info][gc,phases      ] GC(929)   Post Evacuate Collection Set: 0.93ms
[3790.461s][info][gc,phases      ] GC(929)   Other: 0.10ms
[3790.461s][info][gc,heap        ] GC(929) Eden regions: 1119->0(1118)
[3790.461s][info][gc,heap        ] GC(929) Survivor regions: 109->110(154)
[3790.461s][info][gc,heap        ] GC(929) Old regions: 474->506
[3790.461s][info][gc,heap        ] GC(929) Humongous regions: 80->80
[3790.461s][info][gc,metaspace   ] GC(929) Metaspace: 28934K(29312K)->28934K(29312K) NonClass: 24066K(24256K)->24066K(24256K) Class: 4868K(5056K)->4868K(5056K)
[3790.461s][info][gc             ] GC(929) Pause Young (Concurrent Start) (G1 Evacuation Pause) 3562M->1389M(4096M) 119.210ms
[3790.461s][info][gc             ] GC(930) Concurrent Mark Cycle
[3790.461s][info][gc,marking     ] GC(930) Concurrent Scan Root Regions
[3790.461s][info][gc,cpu         ] GC(929) User=0.70s Sys=0.01s Real=0.12s
[3790.640s][info][gc,marking     ] GC(930) Concurrent Scan Root Regions 179.139ms
[3790.640s][info][gc,marking     ] GC(930) Concurrent Mark
[3790.641s][info][gc,marking     ] GC(930) Concurrent Mark From Roots
[3790.641s][info][gc,task        ] GC(930) Using 2 workers of 2 for marking
.[3791.337s][info][gc,marking     ] GC(930) Concurrent Mark From Roots 696.617ms
[3791.337s][info][gc,marking     ] GC(930) Concurrent Preclean
[3791.337s][info][gc,marking     ] GC(930) Concurrent Preclean 0.141ms
[3791.338s][info][gc,start       ] GC(930) Pause Remark
[3791.344s][info][gc             ] GC(930) Pause Remark 2122M->2122M(4096M) 6.078ms
[3791.344s][info][gc,cpu         ] GC(930) User=0.03s Sys=0.00s Real=0.01s
[3791.344s][info][gc,marking     ] GC(930) Concurrent Mark 703.438ms
[3791.344s][info][gc,marking     ] GC(930) Concurrent Rebuild Remembered Sets and Scrub Regions
[3791.597s][info][gc,marking     ] GC(930) Concurrent Rebuild Remembered Sets and Scrub Regions 253.064ms
[3791.597s][info][gc,start       ] GC(930) Pause Cleanup
[3791.597s][info][gc             ] GC(930) Pause Cleanup 2321M->2321M(4096M) 0.110ms
[3791.597s][info][gc,cpu         ] GC(930) User=0.00s Sys=0.00s Real=0.00s
[3791.597s][info][gc,marking     ] GC(930) Concurrent Clear Claimed Marks
[3791.597s][info][gc,marking     ] GC(930) Concurrent Clear Claimed Marks 0.019ms
[3791.597s][info][gc,marking     ] GC(930) Concurrent Cleanup for Next Mark
[3791.603s][info][gc,marking     ] GC(930) Concurrent Cleanup for Next Mark 5.402ms
[3791.603s][info][gc             ] GC(930) Concurrent Mark Cycle 1141.537ms
..[3793.167s][info][gc,start       ] GC(931) Pause Young (Prepare Mixed) (G1 Evacuation Pause)
[3793.167s][info][gc,task        ] GC(931) Using 6 workers of 6 for evacuation
[3793.284s][info][gc,phases      ] GC(931)   Pre Evacuate Collection Set: 0.36ms
[3793.284s][info][gc,phases      ] GC(931)   Merge Heap Roots: 0.55ms
[3793.284s][info][gc,phases      ] GC(931)   Evacuate Collection Set: 115.00ms
[3793.284s][info][gc,phases      ] GC(931)   Post Evacuate Collection Set: 0.93ms
[3793.284s][info][gc,phases      ] GC(931)   Other: 0.09ms
[3793.284s][info][gc,heap        ] GC(931) Eden regions: 1118->0(1110)
[3793.284s][info][gc,heap        ] GC(931) Survivor regions: 110->109(154)
[3793.284s][info][gc,heap        ] GC(931) Old regions: 506->537
[3793.284s][info][gc,heap        ] GC(931) Humongous regions: 80->80
[3793.284s][info][gc,metaspace   ] GC(931) Metaspace: 28934K(29312K)->28934K(29312K) NonClass: 24066K(24256K)->24066K(24256K) Class: 4868K(5056K)->4868K(5056K)
[3793.284s][info][gc             ] GC(931) Pause Young (Prepare Mixed) (G1 Evacuation Pause) 3625M->1450M(4096M) 117.063ms
[3793.284s][info][gc,cpu         ] GC(931) User=0.69s Sys=0.00s Real=0.12s
...[3796.021s][info][gc,start       ] GC(932) Pause Young (Mixed) (G1 Evacuation Pause)
[3796.021s][info][gc,task        ] GC(932) Using 6 workers of 6 for evacuation
[3796.155s][info][gc,phases      ] GC(932)   Pre Evacuate Collection Set: 0.37ms
[3796.155s][info][gc,phases      ] GC(932)   Merge Heap Roots: 0.67ms
[3796.155s][info][gc,phases      ] GC(932)   Evacuate Collection Set: 131.76ms
[3796.155s][info][gc,phases      ] GC(932)   Post Evacuate Collection Set: 0.95ms
[3796.155s][info][gc,phases      ] GC(932)   Other: 0.09ms
[3796.155s][info][gc,heap        ] GC(932) Eden regions: 1110->0(1117)
[3796.155s][info][gc,heap        ] GC(932) Survivor regions: 109->111(153)
[3796.155s][info][gc,heap        ] GC(932) Old regions: 537->473
[3796.155s][info][gc,heap        ] GC(932) Humongous regions: 80->80
[3796.155s][info][gc,metaspace   ] GC(932) Metaspace: 28934K(29312K)->28934K(29312K) NonClass: 24066K(24256K)->24066K(24256K) Class: 4868K(5056K)->4868K(5056K)
[3796.155s][info][gc             ] GC(932) Pause Young (Mixed) (G1 Evacuation Pause) 3670M->1325M(4096M) 133.992ms
[3796.155s][info][gc,cpu         ] GC(932) User=0.80s Sys=0.00s Real=0.14s
..[3798.828s][info][gc,start       ] GC(933) Pause Young (Concurrent Start) (G1 Evacuation Pause)
[3798.828s][info][gc,task        ] GC(933) Using 6 workers of 6 for evacuation
[3798.950s][info][gc,phases      ] GC(933)   Pre Evacuate Collection Set: 0.35ms
[3798.950s][info][gc,phases      ] GC(933)   Merge Heap Roots: 0.43ms
[3798.950s][info][gc,phases      ] GC(933)   Evacuate Collection Set: 120.31ms
[3798.950s][info][gc,phases      ] GC(933)   Post Evacuate Collection Set: 0.88ms
[3798.950s][info][gc,phases      ] GC(933)   Other: 0.11ms
[3798.950s][info][gc,heap        ] GC(933) Eden regions: 1117->0(1113)
[3798.950s][info][gc,heap        ] GC(933) Survivor regions: 111->115(154)
[3798.950s][info][gc,heap        ] GC(933) Old regions: 473->505
[3798.950s][info][gc,heap        ] GC(933) Humongous regions: 80->80
[3798.950s][info][gc,metaspace   ] GC(933) Metaspace: 28934K(29312K)->28934K(29312K) NonClass: 24066K(24256K)->24066K(24256K) Class: 4868K(5056K)->4868K(5056K)
[3798.950s][info][gc             ] GC(933) Pause Young (Concurrent Start) (G1 Evacuation Pause) 3559M->1398M(4096M) 122.219ms
[3798.950s][info][gc             ] GC(934) Concurrent Mark Cycle
[3798.950s][info][gc,marking     ] GC(934) Concurrent Scan Root Regions
[3798.950s][info][gc,cpu         ] GC(933) User=0.73s Sys=0.00s Real=0.12s
.[3799.145s][info][gc,marking     ] GC(934) Concurrent Scan Root Regions 195.339ms
[3799.145s][info][gc,marking     ] GC(934) Concurrent Mark
[3799.145s][info][gc,marking     ] GC(934) Concurrent Mark From Roots
[3799.145s][info][gc,task        ] GC(934) Using 2 workers of 2 for marking
.[3800.048s][info][gc,marking     ] GC(934) Concurrent Mark From Roots 902.504ms
[3800.048s][info][gc,marking     ] GC(934) Concurrent Preclean
[3800.048s][info][gc,marking     ] GC(934) Concurrent Preclean 0.113ms
[3800.052s][info][gc,start       ] GC(934) Pause Remark
[3800.058s][info][gc             ] GC(934) Pause Remark 2342M->2342M(4096M) 5.790ms
[3800.058s][info][gc,cpu         ] GC(934) User=0.03s Sys=0.00s Real=0.01s
[3800.058s][info][gc,marking     ] GC(934) Concurrent Mark 912.312ms
[3800.058s][info][gc,marking     ] GC(934) Concurrent Rebuild Remembered Sets and Scrub Regions
[3800.424s][info][gc,marking     ] GC(934) Concurrent Rebuild Remembered Sets and Scrub Regions 366.605ms
[3800.425s][info][gc,start       ] GC(934) Pause Cleanup
[3800.425s][info][gc             ] GC(934) Pause Cleanup 2646M->2646M(4096M) 0.108ms
[3800.425s][info][gc,cpu         ] GC(934) User=0.00s Sys=0.00s Real=0.00s
[3800.425s][info][gc,marking     ] GC(934) Concurrent Clear Claimed Marks
[3800.425s][info][gc,marking     ] GC(934) Concurrent Clear Claimed Marks 0.030ms
[3800.425s][info][gc,marking     ] GC(934) Concurrent Cleanup for Next Mark
[3800.430s][info][gc,marking     ] GC(934) Concurrent Cleanup for Next Mark 4.985ms
[3800.430s][info][gc             ] GC(934) Concurrent Mark Cycle 1480.434ms
.[3801.654s][info][gc,start       ] GC(935) Pause Young (Prepare Mixed) (G1 Evacuation Pause)
[3801.654s][info][gc,task        ] GC(935) Using 6 workers of 6 for evacuation
[3801.772s][info][gc,phases      ] GC(935)   Pre Evacuate Collection Set: 0.34ms
[3801.772s][info][gc,phases      ] GC(935)   Merge Heap Roots: 0.51ms
[3801.772s][info][gc,phases      ] GC(935)   Evacuate Collection Set: 116.17ms
[3801.772s][info][gc,phases      ] GC(935)   Post Evacuate Collection Set: 0.96ms
[3801.772s][info][gc,phases      ] GC(935)   Other: 0.09ms
[3801.772s][info][gc,heap        ] GC(935) Eden regions: 1113->0(1109)
[3801.772s][info][gc,heap        ] GC(935) Survivor regions: 115->109(154)
[3801.772s][info][gc,heap        ] GC(935) Old regions: 505->538
[3801.772s][info][gc,heap        ] GC(935) Humongous regions: 80->80
[3801.772s][info][gc,metaspace   ] GC(935) Metaspace: 28934K(29312K)->28934K(29312K) NonClass: 24066K(24256K)->24066K(24256K) Class: 4868K(5056K)->4868K(5056K)
[3801.772s][info][gc             ] GC(935) Pause Young (Prepare Mixed) (G1 Evacuation Pause) 3624M->1452M(4096M) 118.197ms
[3801.772s][info][gc,cpu         ] GC(935) User=0.70s Sys=0.00s Real=0.12s
...[3804.457s][info][gc,start       ] GC(936) Pause Young (Mixed) (G1 Evacuation Pause)
[3804.457s][info][gc,task        ] GC(936) Using 6 workers of 6 for evacuation
[3804.594s][info][gc,phases      ] GC(936)   Pre Evacuate Collection Set: 0.34ms
[3804.594s][info][gc,phases      ] GC(936)   Merge Heap Roots: 0.69ms
[3804.594s][info][gc,phases      ] GC(936)   Evacuate Collection Set: 134.58ms
[3804.594s][info][gc,phases      ] GC(936)   Post Evacuate Collection Set: 0.95ms
[3804.594s][info][gc,phases      ] GC(936)   Other: 0.09ms
[3804.594s][info][gc,heap        ] GC(936) Eden regions: 1109->0(1115)
[3804.594s][info][gc,heap        ] GC(936) Survivor regions: 109->113(153)
[3804.594s][info][gc,heap        ] GC(936) Old regions: 538->473
[3804.594s][info][gc,heap        ] GC(936) Humongous regions: 80->80
[3804.594s][info][gc,metaspace   ] GC(936) Metaspace: 28934K(29312K)->28934K(29312K) NonClass: 24066K(24256K)->24066K(24256K) Class: 4868K(5056K)->4868K(5056K)
[3804.594s][info][gc             ] GC(936) Pause Young (Mixed) (G1 Evacuation Pause) 3670M->1330M(4096M) 136.767ms
[3804.594s][info][gc,cpu         ] GC(936) User=0.81s Sys=0.00s Real=0.14s
...[3807.268s][info][gc,start       ] GC(937) Pause Young (Concurrent Start) (G1 Evacuation Pause)
[3807.268s][info][gc,task        ] GC(937) Using 6 workers of 6 for evacuation
[3807.383s][info][gc,phases      ] GC(937)   Pre Evacuate Collection Set: 0.40ms
[3807.383s][info][gc,phases      ] GC(937)   Merge Heap Roots: 0.43ms
[3807.384s][info][gc,phases      ] GC(937)   Evacuate Collection Set: 113.46ms
[3807.384s][info][gc,phases      ] GC(937)   Post Evacuate Collection Set: 0.89ms
[3807.384s][info][gc,phases      ] GC(937)   Other: 0.10ms
[3807.384s][info][gc,heap        ] GC(937) Eden regions: 1115->0(1121)
[3807.384s][info][gc,heap        ] GC(937) Survivor regions: 113->107(154)
[3807.384s][info][gc,heap        ] GC(937) Old regions: 473->506
[3807.384s][info][gc,heap        ] GC(937) Humongous regions: 80->80
[3807.384s][info][gc,metaspace   ] GC(937) Metaspace: 28934K(29312K)->28934K(29312K) NonClass: 24066K(24256K)->24066K(24256K) Class: 4868K(5056K)->4868K(5056K)
[3807.384s][info][gc             ] GC(937) Pause Young (Concurrent Start) (G1 Evacuation Pause) 3560M->1384M(4096M) 115.406ms
[3807.384s][info][gc             ] GC(938) Concurrent Mark Cycle
[3807.384s][info][gc,marking     ] GC(938) Concurrent Scan Root Regions
[3807.384s][info][gc,cpu         ] GC(937) User=0.69s Sys=0.00s Real=0.12s
[3807.564s][info][gc,marking     ] GC(938) Concurrent Scan Root Regions 180.888ms
[3807.565s][info][gc,marking     ] GC(938) Concurrent Mark
[3807.565s][info][gc,marking     ] GC(938) Concurrent Mark From Roots
[3807.565s][info][gc,task        ] GC(938) Using 2 workers of 2 for marking
.[3808.513s][info][gc,marking     ] GC(938) Concurrent Mark From Roots 948.845ms
[3808.513s][info][gc,marking     ] GC(938) Concurrent Preclean
[3808.514s][info][gc,marking     ] GC(938) Concurrent Preclean 0.120ms
[3808.515s][info][gc,start       ] GC(938) Pause Remark
[3808.520s][info][gc             ] GC(938) Pause Remark 2312M->2312M(4096M) 5.404ms
[3808.520s][info][gc,cpu         ] GC(938) User=0.03s Sys=0.00s Real=0.00s
[3808.520s][info][gc,marking     ] GC(938) Concurrent Mark 955.480ms
[3808.520s][info][gc,marking     ] GC(938) Concurrent Rebuild Remembered Sets and Scrub Regions
[3808.879s][info][gc,marking     ] GC(938) Concurrent Rebuild Remembered Sets and Scrub Regions 359.395ms
[3808.880s][info][gc,start       ] GC(938) Pause Cleanup
[3808.880s][info][gc             ] GC(938) Pause Cleanup 2596M->2596M(4096M) 0.111ms
[3808.880s][info][gc,cpu         ] GC(938) User=0.00s Sys=0.00s Real=0.00s
[3808.881s][info][gc,marking     ] GC(938) Concurrent Clear Claimed Marks
[3808.881s][info][gc,marking     ] GC(938) Concurrent Clear Claimed Marks 0.034ms
[3808.881s][info][gc,marking     ] GC(938) Concurrent Cleanup for Next Mark
[3808.898s][info][gc,marking     ] GC(938) Concurrent Cleanup for Next Mark 16.534ms
[3808.898s][info][gc             ] GC(938) Concurrent Mark Cycle 1514.041ms
..[3810.131s][info][gc,start       ] GC(939) Pause Young (Prepare Mixed) (G1 Evacuation Pause)
[3810.132s][info][gc,task        ] GC(939) Using 6 workers of 6 for evacuation
[3810.248s][info][gc,phases      ] GC(939)   Pre Evacuate Collection Set: 0.35ms
[3810.248s][info][gc,phases      ] GC(939)   Merge Heap Roots: 0.51ms
[3810.248s][info][gc,phases      ] GC(939)   Evacuate Collection Set: 114.93ms
[3810.248s][info][gc,phases      ] GC(939)   Post Evacuate Collection Set: 0.92ms
[3810.248s][info][gc,phases      ] GC(939)   Other: 0.09ms
[3810.248s][info][gc,heap        ] GC(939) Eden regions: 1121->0(1110)
[3810.248s][info][gc,heap        ] GC(939) Survivor regions: 107->109(154)
[3810.248s][info][gc,heap        ] GC(939) Old regions: 506->537
[3810.248s][info][gc,heap        ] GC(939) Humongous regions: 80->80
[3810.248s][info][gc,metaspace   ] GC(939) Metaspace: 28934K(29312K)->28934K(29312K) NonClass: 24066K(24256K)->24066K(24256K) Class: 4868K(5056K)->4868K(5056K)
[3810.248s][info][gc             ] GC(939) Pause Young (Prepare Mixed) (G1 Evacuation Pause) 3626M->1450M(4096M) 116.921ms
[3810.248s][info][gc,cpu         ] GC(939) User=0.69s Sys=0.01s Real=0.12s
..[3812.964s][info][gc,start       ] GC(940) Pause Young (Mixed) (G1 Evacuation Pause)
[3812.964s][info][gc,task        ] GC(940) Using 6 workers of 6 for evacuation
[3813.097s][info][gc,phases      ] GC(940)   Pre Evacuate Collection Set: 0.39ms
[3813.097s][info][gc,phases      ] GC(940)   Merge Heap Roots: 0.64ms
[3813.097s][info][gc,phases      ] GC(940)   Evacuate Collection Set: 130.34ms
[3813.097s][info][gc,phases      ] GC(940)   Post Evacuate Collection Set: 0.97ms
[3813.097s][info][gc,phases      ] GC(940)   Other: 0.09ms
[3813.097s][info][gc,heap        ] GC(940) Eden regions: 1110->0(1117)
[3813.097s][info][gc,heap        ] GC(940) Survivor regions: 109->111(153)
[3813.097s][info][gc,heap        ] GC(940) Old regions: 537->473
[3813.097s][info][gc,heap        ] GC(940) Humongous regions: 80->80
[3813.097s][info][gc,metaspace   ] GC(940) Metaspace: 28934K(29312K)->28934K(29312K) NonClass: 24066K(24256K)->24066K(24256K) Class: 4868K(5056K)->4868K(5056K)
[3813.097s][info][gc             ] GC(940) Pause Young (Mixed) (G1 Evacuation Pause) 3670M->1325M(4096M) 132.554ms
[3813.097s][info][gc,cpu         ] GC(940) User=0.79s Sys=0.01s Real=0.13s
...[3815.870s][info][gc,start       ] GC(941) Pause Young (Concurrent Start) (G1 Evacuation Pause)
[3815.870s][info][gc,task        ] GC(941) Using 6 workers of 6 for evacuation
[3815.994s][info][gc,phases      ] GC(941)   Pre Evacuate Collection Set: 0.42ms
[3815.994s][info][gc,phases      ] GC(941)   Merge Heap Roots: 0.47ms
[3815.994s][info][gc,phases      ] GC(941)   Evacuate Collection Set: 121.57ms
[3815.994s][info][gc,phases      ] GC(941)   Post Evacuate Collection Set: 0.88ms
[3815.994s][info][gc,phases      ] GC(941)   Other: 0.12ms
[3815.994s][info][gc,heap        ] GC(941) Eden regions: 1117->0(1114)
[3815.994s][info][gc,heap        ] GC(941) Survivor regions: 111->114(154)
[3815.994s][info][gc,heap        ] GC(941) Old regions: 473->505
[3815.994s][info][gc,heap        ] GC(941) Humongous regions: 80->80
[3815.994s][info][gc,metaspace   ] GC(941) Metaspace: 28934K(29312K)->28934K(29312K) NonClass: 24066K(24256K)->24066K(24256K) Class: 4868K(5056K)->4868K(5056K)
[3815.994s][info][gc             ] GC(941) Pause Young (Concurrent Start) (G1 Evacuation Pause) 3559M->1395M(4096M) 123.603ms
[3815.994s][info][gc             ] GC(942) Concurrent Mark Cycle
[3815.994s][info][gc,marking     ] GC(942) Concurrent Scan Root Regions
[3815.994s][info][gc,cpu         ] GC(941) User=0.73s Sys=0.00s Real=0.13s
[3816.182s][info][gc,marking     ] GC(942) Concurrent Scan Root Regions 187.770ms
[3816.182s][info][gc,marking     ] GC(942) Concurrent Mark
[3816.182s][info][gc,marking     ] GC(942) Concurrent Mark From Roots
[3816.182s][info][gc,task        ] GC(942) Using 2 workers of 2 for marking
.[3817.111s][info][gc,marking     ] GC(942) Concurrent Mark From Roots 929.023ms
[3817.111s][info][gc,marking     ] GC(942) Concurrent Preclean
[3817.111s][info][gc,marking     ] GC(942) Concurrent Preclean 0.096ms
[3817.111s][info][gc,start       ] GC(942) Pause Remark
[3817.119s][info][gc             ] GC(942) Pause Remark 2400M->2400M(4096M) 8.478ms
[3817.119s][info][gc,cpu         ] GC(942) User=0.05s Sys=0.00s Real=0.01s
[3817.119s][info][gc,marking     ] GC(942) Concurrent Mark 937.871ms
[3817.119s][info][gc,marking     ] GC(942) Concurrent Rebuild Remembered Sets and Scrub Regions
.[3817.499s][info][gc,marking     ] GC(942) Concurrent Rebuild Remembered Sets and Scrub Regions 379.046ms
[3817.500s][info][gc,start       ] GC(942) Pause Cleanup
[3817.500s][info][gc             ] GC(942) Pause Cleanup 2685M->2685M(4096M) 0.126ms
[3817.500s][info][gc,cpu         ] GC(942) User=0.00s Sys=0.00s Real=0.00s
[3817.500s][info][gc,marking     ] GC(942) Concurrent Clear Claimed Marks
[3817.500s][info][gc,marking     ] GC(942) Concurrent Clear Claimed Marks 0.030ms
[3817.500s][info][gc,marking     ] GC(942) Concurrent Cleanup for Next Mark
[3817.505s][info][gc,marking     ] GC(942) Concurrent Cleanup for Next Mark 4.678ms
[3817.505s][info][gc             ] GC(942) Concurrent Mark Cycle 1511.231ms
.[3818.658s][info][gc,start       ] GC(943) Pause Young (Prepare Mixed) (G1 Evacuation Pause)
[3818.658s][info][gc,task        ] GC(943) Using 6 workers of 6 for evacuation
[3818.777s][info][gc,phases      ] GC(943)   Pre Evacuate Collection Set: 0.35ms
[3818.777s][info][gc,phases      ] GC(943)   Merge Heap Roots: 0.49ms
[3818.777s][info][gc,phases      ] GC(943)   Evacuate Collection Set: 117.26ms
[3818.777s][info][gc,phases      ] GC(943)   Post Evacuate Collection Set: 0.94ms
[3818.777s][info][gc,phases      ] GC(943)   Other: 0.09ms
[3818.777s][info][gc,heap        ] GC(943) Eden regions: 1114->0(1107)
[3818.777s][info][gc,heap        ] GC(943) Survivor regions: 114->111(154)
[3818.777s][info][gc,heap        ] GC(943) Old regions: 505->536
[3818.777s][info][gc,heap        ] GC(943) Humongous regions: 80->80
[3818.777s][info][gc,metaspace   ] GC(943) Metaspace: 28934K(29312K)->28934K(29312K) NonClass: 24066K(24256K)->24066K(24256K) Class: 4868K(5056K)->4868K(5056K)
[3818.777s][info][gc             ] GC(943) Pause Young (Prepare Mixed) (G1 Evacuation Pause) 3623M->1452M(4096M) 119.260ms
[3818.777s][info][gc,cpu         ] GC(943) User=0.71s Sys=0.00s Real=0.12s
...[3821.476s][info][gc,start       ] GC(944) Pause Young (Mixed) (G1 Evacuation Pause)
[3821.476s][info][gc,task        ] GC(944) Using 6 workers of 6 for evacuation
[3821.612s][info][gc,phases      ] GC(944)   Pre Evacuate Collection Set: 0.37ms
[3821.612s][info][gc,phases      ] GC(944)   Merge Heap Roots: 0.69ms
[3821.612s][info][gc,phases      ] GC(944)   Evacuate Collection Set: 134.30ms
[3821.612s][info][gc,phases      ] GC(944)   Post Evacuate Collection Set: 0.91ms
[3821.612s][info][gc,phases      ] GC(944)   Other: 0.09ms
[3821.612s][info][gc,heap        ] GC(944) Eden regions: 1107->0(1117)
[3821.612s][info][gc,heap        ] GC(944) Survivor regions: 111->111(153)
[3821.612s][info][gc,heap        ] GC(944) Old regions: 536->474
[3821.612s][info][gc,heap        ] GC(944) Humongous regions: 80->80
[3821.612s][info][gc,metaspace   ] GC(944) Metaspace: 28934K(29312K)->28934K(29312K) NonClass: 24066K(24256K)->24066K(24256K) Class: 4868K(5056K)->4868K(5056K)
[3821.612s][info][gc             ] GC(944) Pause Young (Mixed) (G1 Evacuation Pause) 3666M->1327M(4096M) 136.478ms
[3821.612s][info][gc,cpu         ] GC(944) User=0.81s Sys=0.00s Real=0.14s
..[3824.282s][info][gc,start       ] GC(945) Pause Young (Concurrent Start) (G1 Evacuation Pause)
[3824.282s][info][gc,task        ] GC(945) Using 6 workers of 6 for evacuation
[3824.399s][info][gc,phases      ] GC(945)   Pre Evacuate Collection Set: 0.38ms
[3824.399s][info][gc,phases      ] GC(945)   Merge Heap Roots: 0.47ms
[3824.399s][info][gc,phases      ] GC(945)   Evacuate Collection Set: 115.52ms
[3824.399s][info][gc,phases      ] GC(945)   Post Evacuate Collection Set: 0.85ms
[3824.399s][info][gc,phases      ] GC(945)   Other: 0.12ms
[3824.399s][info][gc,heap        ] GC(945) Eden regions: 1117->0(1119)
[3824.399s][info][gc,heap        ] GC(945) Survivor regions: 111->109(154)
[3824.399s][info][gc,heap        ] GC(945) Old regions: 474->505
[3824.399s][info][gc,heap        ] GC(945) Humongous regions: 80->80
[3824.399s][info][gc,metaspace   ] GC(945) Metaspace: 28934K(29312K)->28934K(29312K) NonClass: 24066K(24256K)->24066K(24256K) Class: 4868K(5056K)->4868K(5056K)
[3824.399s][info][gc             ] GC(945) Pause Young (Concurrent Start) (G1 Evacuation Pause) 3561M->1386M(4096M) 117.467ms
[3824.399s][info][gc             ] GC(946) Concurrent Mark Cycle
[3824.399s][info][gc,marking     ] GC(946) Concurrent Scan Root Regions
[3824.399s][info][gc,cpu         ] GC(945) User=0.69s Sys=0.00s Real=0.12s
.[3824.552s][info][gc,marking     ] GC(946) Concurrent Scan Root Regions 152.929ms
[3824.552s][info][gc,marking     ] GC(946) Concurrent Mark
[3824.552s][info][gc,marking     ] GC(946) Concurrent Mark From Roots
[3824.552s][info][gc,task        ] GC(946) Using 2 workers of 2 for marking
[3825.239s][info][gc,marking     ] GC(946) Concurrent Mark From Roots 687.051ms
[3825.239s][info][gc,marking     ] GC(946) Concurrent Preclean
[3825.239s][info][gc,marking     ] GC(946) Concurrent Preclean 0.078ms
[3825.240s][info][gc,start       ] GC(946) Pause Remark
[3825.246s][info][gc             ] GC(946) Pause Remark 2112M->2112M(4096M) 6.019ms
[3825.246s][info][gc,cpu         ] GC(946) User=0.03s Sys=0.01s Real=0.01s
[3825.246s][info][gc,marking     ] GC(946) Concurrent Mark 693.419ms
[3825.246s][info][gc,marking     ] GC(946) Concurrent Rebuild Remembered Sets and Scrub Regions
.[3825.498s][info][gc,marking     ] GC(946) Concurrent Rebuild Remembered Sets and Scrub Regions 252.702ms
[3825.499s][info][gc,start       ] GC(946) Pause Cleanup
[3825.499s][info][gc             ] GC(946) Pause Cleanup 2312M->2312M(4096M) 0.113ms
[3825.499s][info][gc,cpu         ] GC(946) User=0.00s Sys=0.00s Real=0.00s
[3825.500s][info][gc,marking     ] GC(946) Concurrent Clear Claimed Marks
[3825.500s][info][gc,marking     ] GC(946) Concurrent Clear Claimed Marks 0.029ms
[3825.500s][info][gc,marking     ] GC(946) Concurrent Cleanup for Next Mark
[3825.504s][info][gc,marking     ] GC(946) Concurrent Cleanup for Next Mark 4.393ms
[3825.504s][info][gc             ] GC(946) Concurrent Mark Cycle 1104.773ms
.[3827.102s][info][gc,start       ] GC(947) Pause Young (Prepare Mixed) (G1 Evacuation Pause)
[3827.102s][info][gc,task        ] GC(947) Using 6 workers of 6 for evacuation
[3827.224s][info][gc,phases      ] GC(947)   Pre Evacuate Collection Set: 0.36ms
[3827.224s][info][gc,phases      ] GC(947)   Merge Heap Roots: 0.53ms
[3827.224s][info][gc,phases      ] GC(947)   Evacuate Collection Set: 120.45ms
[3827.224s][info][gc,phases      ] GC(947)   Post Evacuate Collection Set: 0.94ms
[3827.224s][info][gc,phases      ] GC(947)   Other: 0.09ms
[3827.224s][info][gc,heap        ] GC(947) Eden regions: 1119->0(1100)
[3827.224s][info][gc,heap        ] GC(947) Survivor regions: 109->114(154)
[3827.224s][info][gc,heap        ] GC(947) Old regions: 505->537
[3827.224s][info][gc,heap        ] GC(947) Humongous regions: 80->80
[3827.224s][info][gc,metaspace   ] GC(947) Metaspace: 28934K(29312K)->28934K(29312K) NonClass: 24066K(24256K)->24066K(24256K) Class: 4868K(5056K)->4868K(5056K)
[3827.224s][info][gc             ] GC(947) Pause Young (Prepare Mixed) (G1 Evacuation Pause) 3624M->1460M(4096M) 122.500ms
[3827.224s][info][gc,cpu         ] GC(947) User=0.72s Sys=0.00s Real=0.13s
... (rIR:aIR:PR = 6642:6647:6647) (tPR = 98336) [OK] 
  3829s: Performance info:
         Transaction,    Success,    Partial,     Failed,   Receipts, AvgBarcode, 
             Overall,     404854,          0,          0,     384633,      59.48, 
         Response times:
             Request,    Success,    Partial,     Failed,   SkipFail,     Probes,    Samples,      min,      p50,      p90,      p95,      p99,      max, 
       TotalPurchase,     384633,          0,          0,          0,     362885,     414604,      300,     5800,    34000,    63000,   137000,   355000,
     InStorePurchase,     202450,          0,          0,          0,     190974,     217891,      300,     5900,    35000,    64000,   138000,   355000,
      OnlinePurchase,     141774,          0,          0,          0,     133979,     153142,      300,     5600,    33000,    61000,   135000,   355000,
        InstPurchase,      40409,          0,          0,          0,      37932,      43571,      400,     5600,    34000,    61000,   136280,   273000,
          AssocOfCat,        408,          0,          0,          0,        329,        442,    23000,    37000,    71000,   110950,   201270,   249000,
      AssocOfProduct,       4034,          0,          0,          0,       3738,       4435,      400,     6700,    32000,    63000,   143640,   268000,
      BusinessReport,       1009,          0,          0,          0,        882,       1124,    27000,    43000,    87000,   131750,   203000,   296000,
          CustBuyBeh,       4048,          0,          0,          0,       3769,       4553,      200,     5900,    33000,    60000,   129840,   276000,
       ProductReturn,      10722,          0,          0,          0,      10218,      12036,      200,     6200,    35000,    65000,   130630,   217000,

  3829s: (49%)   IR =   6780 [3829.917s][info][gc,start       ] GC(948) Pause Young (Mixed) (G1 Evacuation Pause)
[3829.917s][info][gc,task        ] GC(948) Using 6 workers of 6 for evacuation
[3830.053s][info][gc,phases      ] GC(948)   Pre Evacuate Collection Set: 0.35ms
[3830.053s][info][gc,phases      ] GC(948)   Merge Heap Roots: 0.63ms
[3830.053s][info][gc,phases      ] GC(948)   Evacuate Collection Set: 133.79ms
[3830.053s][info][gc,phases      ] GC(948)   Post Evacuate Collection Set: 0.95ms
[3830.053s][info][gc,phases      ] GC(948)   Other: 0.09ms
[3830.053s][info][gc,heap        ] GC(948) Eden regions: 1100->0(1116)
[3830.053s][info][gc,heap        ] GC(948) Survivor regions: 114->112(152)
[3830.053s][info][gc,heap        ] GC(948) Old regions: 537->474
[3830.053s][info][gc,heap        ] GC(948) Humongous regions: 80->80
[3830.053s][info][gc,metaspace   ] GC(948) Metaspace: 28934K(29312K)->28934K(29312K) NonClass: 24066K(24256K)->24066K(24256K) Class: 4868K(5056K)->4868K(5056K)
[3830.053s][info][gc             ] GC(948) Pause Young (Mixed) (G1 Evacuation Pause) 3660M->1331M(4096M) 135.941ms
[3830.053s][info][gc,cpu         ] GC(948) User=0.81s Sys=0.00s Real=0.14s
...[3832.689s][info][gc,start       ] GC(949) Pause Young (Concurrent Start) (G1 Evacuation Pause)
[3832.690s][info][gc,task        ] GC(949) Using 6 workers of 6 for evacuation
[3832.808s][info][gc,phases      ] GC(949)   Pre Evacuate Collection Set: 0.36ms
[3832.808s][info][gc,phases      ] GC(949)   Merge Heap Roots: 0.46ms
[3832.808s][info][gc,phases      ] GC(949)   Evacuate Collection Set: 116.27ms
[3832.808s][info][gc,phases      ] GC(949)   Post Evacuate Collection Set: 0.93ms
[3832.808s][info][gc,phases      ] GC(949)   Other: 0.10ms
[3832.808s][info][gc,heap        ] GC(949) Eden regions: 1116->0(1118)
[3832.808s][info][gc,heap        ] GC(949) Survivor regions: 112->110(154)
[3832.808s][info][gc,heap        ] GC(949) Old regions: 474->506
[3832.808s][info][gc,heap        ] GC(949) Humongous regions: 80->80
[3832.808s][info][gc,metaspace   ] GC(949) Metaspace: 28934K(29312K)->28934K(29312K) NonClass: 24066K(24256K)->24066K(24256K) Class: 4868K(5056K)->4868K(5056K)
[3832.808s][info][gc             ] GC(949) Pause Young (Concurrent Start) (G1 Evacuation Pause) 3563M->1390M(4096M) 118.264ms
[3832.808s][info][gc             ] GC(950) Concurrent Mark Cycle
[3832.808s][info][gc,marking     ] GC(950) Concurrent Scan Root Regions
[3832.808s][info][gc,cpu         ] GC(949) User=0.69s Sys=0.00s Real=0.12s
[3833.007s][info][gc,marking     ] GC(950) Concurrent Scan Root Regions 199.111ms
[3833.007s][info][gc,marking     ] GC(950) Concurrent Mark
[3833.007s][info][gc,marking     ] GC(950) Concurrent Mark From Roots
[3833.007s][info][gc,task        ] GC(950) Using 2 workers of 2 for marking
[3833.724s][info][gc,marking     ] GC(950) Concurrent Mark From Roots 716.969ms
[3833.724s][info][gc,marking     ] GC(950) Concurrent Preclean
[3833.724s][info][gc,marking     ] GC(950) Concurrent Preclean 0.146ms
.[3833.727s][info][gc,start       ] GC(950) Pause Remark
[3833.734s][info][gc             ] GC(950) Pause Remark 2192M->2192M(4096M) 6.380ms
[3833.734s][info][gc,cpu         ] GC(950) User=0.03s Sys=0.00s Real=0.01s
[3833.734s][info][gc,marking     ] GC(950) Concurrent Mark 726.782ms
[3833.734s][info][gc,marking     ] GC(950) Concurrent Rebuild Remembered Sets and Scrub Regions
[3834.001s][info][gc,marking     ] GC(950) Concurrent Rebuild Remembered Sets and Scrub Regions 267.710ms
[3834.002s][info][gc,start       ] GC(950) Pause Cleanup
[3834.002s][info][gc             ] GC(950) Pause Cleanup 2465M->2465M(4096M) 0.109ms
[3834.002s][info][gc,cpu         ] GC(950) User=0.00s Sys=0.00s Real=0.00s
[3834.002s][info][gc,marking     ] GC(950) Concurrent Clear Claimed Marks
[3834.002s][info][gc,marking     ] GC(950) Concurrent Clear Claimed Marks 0.021ms
[3834.002s][info][gc,marking     ] GC(950) Concurrent Cleanup for Next Mark
[3834.007s][info][gc,marking     ] GC(950) Concurrent Cleanup for Next Mark 5.353ms
[3834.007s][info][gc             ] GC(950) Concurrent Mark Cycle 1199.598ms
.[3835.403s][info][gc,start       ] GC(951) Pause Young (Prepare Mixed) (G1 Evacuation Pause)
[3835.403s][info][gc,task        ] GC(951) Using 6 workers of 6 for evacuation
[3835.523s][info][gc,phases      ] GC(951)   Pre Evacuate Collection Set: 0.35ms
[3835.523s][info][gc,phases      ] GC(951)   Merge Heap Roots: 0.54ms
[3835.523s][info][gc,phases      ] GC(951)   Evacuate Collection Set: 118.04ms
[3835.523s][info][gc,phases      ] GC(951)   Post Evacuate Collection Set: 0.92ms
[3835.523s][info][gc,phases      ] GC(951)   Other: 0.09ms
[3835.523s][info][gc,heap        ] GC(951) Eden regions: 1118->0(1105)
[3835.523s][info][gc,heap        ] GC(951) Survivor regions: 110->111(154)
[3835.523s][info][gc,heap        ] GC(951) Old regions: 506->538
[3835.523s][info][gc,heap        ] GC(951) Humongous regions: 80->80
[3835.523s][info][gc,metaspace   ] GC(951) Metaspace: 28934K(29312K)->28934K(29312K) NonClass: 24066K(24256K)->24066K(24256K) Class: 4868K(5056K)->4868K(5056K)
[3835.523s][info][gc             ] GC(951) Pause Young (Prepare Mixed) (G1 Evacuation Pause) 3626M->1456M(4096M) 120.057ms
[3835.523s][info][gc,cpu         ] GC(951) User=0.71s Sys=0.00s Real=0.12s
...[3838.168s][info][gc,start       ] GC(952) Pause Young (Mixed) (G1 Evacuation Pause)
[3838.168s][info][gc,task        ] GC(952) Using 6 workers of 6 for evacuation
[3838.307s][info][gc,phases      ] GC(952)   Pre Evacuate Collection Set: 0.35ms
[3838.307s][info][gc,phases      ] GC(952)   Merge Heap Roots: 0.59ms
[3838.307s][info][gc,phases      ] GC(952)   Evacuate Collection Set: 136.90ms
[3838.307s][info][gc,phases      ] GC(952)   Post Evacuate Collection Set: 0.93ms
[3838.307s][info][gc,phases      ] GC(952)   Other: 0.09ms
[3838.307s][info][gc,heap        ] GC(952) Eden regions: 1105->0(1114)
[3838.307s][info][gc,heap        ] GC(952) Survivor regions: 111->114(152)
[3838.307s][info][gc,heap        ] GC(952) Old regions: 538->473
[3838.307s][info][gc,heap        ] GC(952) Humongous regions: 80->80
[3838.307s][info][gc,metaspace   ] GC(952) Metaspace: 28934K(29312K)->28934K(29312K) NonClass: 24066K(24256K)->24066K(24256K) Class: 4868K(5056K)->4868K(5056K)
[3838.307s][info][gc             ] GC(952) Pause Young (Mixed) (G1 Evacuation Pause) 3666M->1331M(4096M) 139.003ms
[3838.307s][info][gc,cpu         ] GC(952) User=0.83s Sys=0.00s Real=0.14s
.|..[3840.949s][info][gc,start       ] GC(953) Pause Young (Concurrent Start) (G1 Evacuation Pause)
[3840.949s][info][gc,task        ] GC(953) Using 6 workers of 6 for evacuation
[3841.070s][info][gc,phases      ] GC(953)   Pre Evacuate Collection Set: 0.37ms
[3841.070s][info][gc,phases      ] GC(953)   Merge Heap Roots: 0.44ms
[3841.070s][info][gc,phases      ] GC(953)   Evacuate Collection Set: 119.36ms
[3841.070s][info][gc,phases      ] GC(953)   Post Evacuate Collection Set: 0.87ms
[3841.070s][info][gc,phases      ] GC(953)   Other: 0.12ms
[3841.070s][info][gc,heap        ] GC(953) Eden regions: 1114->0(1115)
[3841.070s][info][gc,heap        ] GC(953) Survivor regions: 114->113(154)
[3841.070s][info][gc,heap        ] GC(953) Old regions: 473->504
[3841.070s][info][gc,heap        ] GC(953) Humongous regions: 80->80
[3841.070s][info][gc,metaspace   ] GC(953) Metaspace: 28934K(29312K)->28934K(29312K) NonClass: 24066K(24256K)->24066K(24256K) Class: 4868K(5056K)->4868K(5056K)
[3841.070s][info][gc             ] GC(953) Pause Young (Concurrent Start) (G1 Evacuation Pause) 3559M->1391M(4096M) 121.281ms
[3841.070s][info][gc             ] GC(954) Concurrent Mark Cycle
[3841.070s][info][gc,marking     ] GC(954) Concurrent Scan Root Regions
[3841.070s][info][gc,cpu         ] GC(953) User=0.72s Sys=0.00s Real=0.12s
[3841.227s][info][gc,marking     ] GC(954) Concurrent Scan Root Regions 156.485ms
[3841.227s][info][gc,marking     ] GC(954) Concurrent Mark
[3841.227s][info][gc,marking     ] GC(954) Concurrent Mark From Roots
[3841.227s][info][gc,task        ] GC(954) Using 2 workers of 2 for marking
.[3841.942s][info][gc,marking     ] GC(954) Concurrent Mark From Roots 715.311ms
[3841.942s][info][gc,marking     ] GC(954) Concurrent Preclean
[3841.942s][info][gc,marking     ] GC(954) Concurrent Preclean 0.092ms
[3841.943s][info][gc,start       ] GC(954) Pause Remark
[3841.949s][info][gc             ] GC(954) Pause Remark 2129M->2129M(4096M) 6.221ms
[3841.949s][info][gc,cpu         ] GC(954) User=0.04s Sys=0.00s Real=0.00s
[3841.950s][info][gc,marking     ] GC(954) Concurrent Mark 722.883ms
[3841.950s][info][gc,marking     ] GC(954) Concurrent Rebuild Remembered Sets and Scrub Regions
[3842.260s][info][gc,marking     ] GC(954) Concurrent Rebuild Remembered Sets and Scrub Regions 310.154ms
[3842.260s][info][gc,start       ] GC(954) Pause Cleanup
[3842.260s][info][gc             ] GC(954) Pause Cleanup 2399M->2399M(4096M) 0.105ms
[3842.260s][info][gc,cpu         ] GC(954) User=0.00s Sys=0.00s Real=0.00s
[3842.260s][info][gc,marking     ] GC(954) Concurrent Clear Claimed Marks
[3842.260s][info][gc,marking     ] GC(954) Concurrent Clear Claimed Marks 0.041ms
[3842.260s][info][gc,marking     ] GC(954) Concurrent Cleanup for Next Mark
[3842.266s][info][gc,marking     ] GC(954) Concurrent Cleanup for Next Mark 5.714ms
[3842.266s][info][gc             ] GC(954) Concurrent Mark Cycle 1195.796ms
.[3843.757s][info][gc,start       ] GC(955) Pause Young (Prepare Mixed) (G1 Evacuation Pause)
[3843.757s][info][gc,task        ] GC(955) Using 6 workers of 6 for evacuation
[3843.876s][info][gc,phases      ] GC(955)   Pre Evacuate Collection Set: 0.34ms
[3843.876s][info][gc,phases      ] GC(955)   Merge Heap Roots: 0.50ms
[3843.876s][info][gc,phases      ] GC(955)   Evacuate Collection Set: 116.65ms
[3843.876s][info][gc,phases      ] GC(955)   Post Evacuate Collection Set: 0.92ms
[3843.876s][info][gc,phases      ] GC(955)   Other: 0.09ms
[3843.876s][info][gc,heap        ] GC(955) Eden regions: 1115->0(1107)
[3843.876s][info][gc,heap        ] GC(955) Survivor regions: 113->111(154)
[3843.876s][info][gc,heap        ] GC(955) Old regions: 504->536
[3843.876s][info][gc,heap        ] GC(955) Humongous regions: 80->80
[3843.876s][info][gc,metaspace   ] GC(955) Metaspace: 28934K(29312K)->28934K(29312K) NonClass: 24066K(24256K)->24066K(24256K) Class: 4868K(5056K)->4868K(5056K)
[3843.876s][info][gc             ] GC(955) Pause Young (Prepare Mixed) (G1 Evacuation Pause) 3621M->1452M(4096M) 118.634ms
[3843.876s][info][gc,cpu         ] GC(955) User=0.70s Sys=0.00s Real=0.12s
...[3846.464s][info][gc,start       ] GC(956) Pause Young (Mixed) (G1 Evacuation Pause)
[3846.464s][info][gc,task        ] GC(956) Using 6 workers of 6 for evacuation
[3846.596s][info][gc,phases      ] GC(956)   Pre Evacuate Collection Set: 0.37ms
[3846.596s][info][gc,phases      ] GC(956)   Merge Heap Roots: 0.67ms
[3846.596s][info][gc,phases      ] GC(956)   Evacuate Collection Set: 129.71ms
[3846.596s][info][gc,phases      ] GC(956)   Post Evacuate Collection Set: 0.93ms
[3846.596s][info][gc,phases      ] GC(956)   Other: 0.09ms
[3846.596s][info][gc,heap        ] GC(956) Eden regions: 1107->0(1119)
[3846.596s][info][gc,heap        ] GC(956) Survivor regions: 111->109(153)
[3846.596s][info][gc,heap        ] GC(956) Old regions: 536->472
[3846.596s][info][gc,heap        ] GC(956) Humongous regions: 80->80
[3846.596s][info][gc,metaspace   ] GC(956) Metaspace: 28934K(29312K)->28934K(29312K) NonClass: 24066K(24256K)->24066K(24256K) Class: 4868K(5056K)->4868K(5056K)
[3846.596s][info][gc             ] GC(956) Pause Young (Mixed) (G1 Evacuation Pause) 3666M->1320M(4096M) 131.885ms
[3846.596s][info][gc,cpu         ] GC(956) User=0.78s Sys=0.00s Real=0.13s
...[3849.233s][info][gc,start       ] GC(957) Pause Young (Concurrent Start) (G1 Evacuation Pause)
[3849.233s][info][gc,task        ] GC(957) Using 6 workers of 6 for evacuation
[3849.348s][info][gc,phases      ] GC(957)   Pre Evacuate Collection Set: 0.37ms
[3849.348s][info][gc,phases      ] GC(957)   Merge Heap Roots: 0.49ms
[3849.348s][info][gc,phases      ] GC(957)   Evacuate Collection Set: 113.41ms
[3849.348s][info][gc,phases      ] GC(957)   Post Evacuate Collection Set: 0.88ms
[3849.348s][info][gc,phases      ] GC(957)   Other: 0.11ms
[3849.348s][info][gc,heap        ] GC(957) Eden regions: 1119->0(1121)
[3849.348s][info][gc,heap        ] GC(957) Survivor regions: 109->107(154)
[3849.348s][info][gc,heap        ] GC(957) Old regions: 472->504
[3849.348s][info][gc,heap        ] GC(957) Humongous regions: 80->80
[3849.348s][info][gc,metaspace   ] GC(957) Metaspace: 28934K(29312K)->28934K(29312K) NonClass: 24066K(24256K)->24066K(24256K) Class: 4868K(5056K)->4868K(5056K)
[3849.348s][info][gc             ] GC(957) Pause Young (Concurrent Start) (G1 Evacuation Pause) 3558M->1380M(4096M) 115.393ms
[3849.348s][info][gc             ] GC(958) Concurrent Mark Cycle
[3849.348s][info][gc,marking     ] GC(958) Concurrent Scan Root Regions
[3849.349s][info][gc,cpu         ] GC(957) User=0.68s Sys=0.00s Real=0.11s
[3849.527s][info][gc,marking     ] GC(958) Concurrent Scan Root Regions 178.544ms
[3849.527s][info][gc,marking     ] GC(958) Concurrent Mark
[3849.527s][info][gc,marking     ] GC(958) Concurrent Mark From Roots
[3849.527s][info][gc,task        ] GC(958) Using 2 workers of 2 for marking
.[3850.491s][info][gc,marking     ] GC(958) Concurrent Mark From Roots 964.278ms
[3850.491s][info][gc,marking     ] GC(958) Concurrent Preclean
[3850.492s][info][gc,marking     ] GC(958) Concurrent Preclean 0.117ms
[3850.494s][info][gc,start       ] GC(958) Pause Remark
[3850.502s][info][gc             ] GC(958) Pause Remark 2380M->2380M(4096M) 7.195ms
[3850.502s][info][gc,cpu         ] GC(958) User=0.04s Sys=0.00s Real=0.00s
[3850.502s][info][gc,marking     ] GC(958) Concurrent Mark 975.211ms
[3850.502s][info][gc,marking     ] GC(958) Concurrent Rebuild Remembered Sets and Scrub Regions
[3850.797s][info][gc,marking     ] GC(958) Concurrent Rebuild Remembered Sets and Scrub Regions 294.435ms
[3850.797s][info][gc,start       ] GC(958) Pause Cleanup
[3850.797s][info][gc             ] GC(958) Pause Cleanup 2620M->2620M(4096M) 0.114ms
[3850.797s][info][gc,cpu         ] GC(958) User=0.00s Sys=0.00s Real=0.00s
[3850.797s][info][gc,marking     ] GC(958) Concurrent Clear Claimed Marks
[3850.797s][info][gc,marking     ] GC(958) Concurrent Clear Claimed Marks 0.029ms
[3850.797s][info][gc,marking     ] GC(958) Concurrent Cleanup for Next Mark
[3850.801s][info][gc,marking     ] GC(958) Concurrent Cleanup for Next Mark 3.664ms
[3850.801s][info][gc             ] GC(958) Concurrent Mark Cycle 1452.455ms
..[3852.060s][info][gc,start       ] GC(959) Pause Young (Prepare Mixed) (G1 Evacuation Pause)
[3852.060s][info][gc,task        ] GC(959) Using 6 workers of 6 for evacuation
[3852.188s][info][gc,phases      ] GC(959)   Pre Evacuate Collection Set: 0.31ms
[3852.188s][info][gc,phases      ] GC(959)   Merge Heap Roots: 0.50ms
[3852.188s][info][gc,phases      ] GC(959)   Evacuate Collection Set: 125.85ms
[3852.188s][info][gc,phases      ] GC(959)   Post Evacuate Collection Set: 0.95ms
[3852.188s][info][gc,phases      ] GC(959)   Other: 0.09ms
[3852.188s][info][gc,heap        ] GC(959) Eden regions: 1121->0(1094)
[3852.188s][info][gc,heap        ] GC(959) Survivor regions: 107->118(154)
[3852.188s][info][gc,heap        ] GC(959) Old regions: 504->535
[3852.188s][info][gc,heap        ] GC(959) Humongous regions: 80->80
[3852.188s][info][gc,metaspace   ] GC(959) Metaspace: 28934K(29312K)->28934K(29312K) NonClass: 24066K(24256K)->24066K(24256K) Class: 4868K(5056K)->4868K(5056K)
[3852.188s][info][gc             ] GC(959) Pause Young (Prepare Mixed) (G1 Evacuation Pause) 3622M->1464M(4096M) 127.846ms
[3852.188s][info][gc,cpu         ] GC(959) User=0.76s Sys=0.00s Real=0.13s
..[3854.756s][info][gc,start       ] GC(960) Pause Young (Mixed) (G1 Evacuation Pause)
[3854.756s][info][gc,task        ] GC(960) Using 6 workers of 6 for evacuation
[3854.894s][info][gc,phases      ] GC(960)   Pre Evacuate Collection Set: 0.41ms
[3854.894s][info][gc,phases      ] GC(960)   Merge Heap Roots: 0.69ms
[3854.894s][info][gc,phases      ] GC(960)   Evacuate Collection Set: 135.96ms
[3854.894s][info][gc,phases      ] GC(960)   Post Evacuate Collection Set: 0.95ms
[3854.894s][info][gc,phases      ] GC(960)   Other: 0.08ms
[3854.894s][info][gc,heap        ] GC(960) Eden regions: 1094->0(1117)
[3854.894s][info][gc,heap        ] GC(960) Survivor regions: 118->111(152)
[3854.894s][info][gc,heap        ] GC(960) Old regions: 535->473
[3854.894s][info][gc,heap        ] GC(960) Humongous regions: 80->80
[3854.894s][info][gc,metaspace   ] GC(960) Metaspace: 28934K(29312K)->28934K(29312K) NonClass: 24066K(24256K)->24066K(24256K) Class: 4868K(5056K)->4868K(5056K)
[3854.894s][info][gc             ] GC(960) Pause Young (Mixed) (G1 Evacuation Pause) 3652M->1325M(4096M) 138.241ms
[3854.894s][info][gc,cpu         ] GC(960) User=0.82s Sys=0.00s Real=0.14s
...[3857.553s][info][gc,start       ] GC(961) Pause Young (Concurrent Start) (G1 Evacuation Pause)
[3857.553s][info][gc,task        ] GC(961) Using 6 workers of 6 for evacuation
[3857.669s][info][gc,phases      ] GC(961)   Pre Evacuate Collection Set: 0.40ms
[3857.669s][info][gc,phases      ] GC(961)   Merge Heap Roots: 0.44ms
[3857.669s][info][gc,phases      ] GC(961)   Evacuate Collection Set: 114.35ms
[3857.669s][info][gc,phases      ] GC(961)   Post Evacuate Collection Set: 0.88ms
[3857.669s][info][gc,phases      ] GC(961)   Other: 0.11ms
[3857.669s][info][gc,heap        ] GC(961) Eden regions: 1117->0(1119)
[3857.669s][info][gc,heap        ] GC(961) Survivor regions: 111->109(154)
[3857.669s][info][gc,heap        ] GC(961) Old regions: 473->505
[3857.669s][info][gc,heap        ] GC(961) Humongous regions: 80->80
[3857.669s][info][gc,metaspace   ] GC(961) Metaspace: 28934K(29312K)->28934K(29312K) NonClass: 24066K(24256K)->24066K(24256K) Class: 4868K(5056K)->4868K(5056K)
[3857.669s][info][gc             ] GC(961) Pause Young (Concurrent Start) (G1 Evacuation Pause) 3559M->1386M(4096M) 116.312ms
[3857.669s][info][gc             ] GC(962) Concurrent Mark Cycle
[3857.669s][info][gc,marking     ] GC(962) Concurrent Scan Root Regions
[3857.669s][info][gc,cpu         ] GC(961) User=0.69s Sys=0.00s Real=0.11s
[3857.846s][info][gc,marking     ] GC(962) Concurrent Scan Root Regions 177.006ms
[3857.846s][info][gc,marking     ] GC(962) Concurrent Mark
[3857.846s][info][gc,marking     ] GC(962) Concurrent Mark From Roots
[3857.846s][info][gc,task        ] GC(962) Using 2 workers of 2 for marking
.[3858.731s][info][gc,marking     ] GC(962) Concurrent Mark From Roots 885.060ms
[3858.731s][info][gc,marking     ] GC(962) Concurrent Preclean
[3858.732s][info][gc,marking     ] GC(962) Concurrent Preclean 0.120ms
[3858.732s][info][gc,start       ] GC(962) Pause Remark
[3858.738s][info][gc             ] GC(962) Pause Remark 2322M->2322M(4096M) 6.671ms
[3858.739s][info][gc,cpu         ] GC(962) User=0.03s Sys=0.00s Real=0.01s
[3858.739s][info][gc,marking     ] GC(962) Concurrent Mark 892.668ms
[3858.739s][info][gc,marking     ] GC(962) Concurrent Rebuild Remembered Sets and Scrub Regions
.[3859.043s][info][gc,marking     ] GC(962) Concurrent Rebuild Remembered Sets and Scrub Regions 304.309ms
[3859.044s][info][gc,start       ] GC(962) Pause Cleanup
[3859.044s][info][gc             ] GC(962) Pause Cleanup 2567M->2567M(4096M) 0.108ms
[3859.044s][info][gc,cpu         ] GC(962) User=0.00s Sys=0.00s Real=0.00s
[3859.044s][info][gc,marking     ] GC(962) Concurrent Clear Claimed Marks
[3859.044s][info][gc,marking     ] GC(962) Concurrent Clear Claimed Marks 0.024ms
[3859.044s][info][gc,marking     ] GC(962) Concurrent Cleanup for Next Mark
[3859.049s][info][gc,marking     ] GC(962) Concurrent Cleanup for Next Mark 4.702ms
[3859.049s][info][gc             ] GC(962) Concurrent Mark Cycle 1379.314ms
.[3860.302s][info][gc,start       ] GC(963) Pause Young (Prepare Mixed) (G1 Evacuation Pause)
[3860.302s][info][gc,task        ] GC(963) Using 6 workers of 6 for evacuation
[3860.421s][info][gc,phases      ] GC(963)   Pre Evacuate Collection Set: 0.32ms
[3860.421s][info][gc,phases      ] GC(963)   Merge Heap Roots: 0.46ms
[3860.421s][info][gc,phases      ] GC(963)   Evacuate Collection Set: 117.20ms
[3860.421s][info][gc,phases      ] GC(963)   Post Evacuate Collection Set: 0.92ms
[3860.421s][info][gc,phases      ] GC(963)   Other: 0.09ms
[3860.421s][info][gc,heap        ] GC(963) Eden regions: 1119->0(1107)
[3860.421s][info][gc,heap        ] GC(963) Survivor regions: 109->111(154)
[3860.421s][info][gc,heap        ] GC(963) Old regions: 505->536
[3860.421s][info][gc,heap        ] GC(963) Humongous regions: 80->80
[3860.421s][info][gc,metaspace   ] GC(963) Metaspace: 28934K(29312K)->28934K(29312K) NonClass: 24066K(24256K)->24066K(24256K) Class: 4868K(5056K)->4868K(5056K)
[3860.421s][info][gc             ] GC(963) Pause Young (Prepare Mixed) (G1 Evacuation Pause) 3624M->1452M(4096M) 119.127ms
[3860.421s][info][gc,cpu         ] GC(963) User=0.70s Sys=0.00s Real=0.12s
...[3863.092s][info][gc,start       ] GC(964) Pause Young (Mixed) (G1 Evacuation Pause)
[3863.092s][info][gc,task        ] GC(964) Using 6 workers of 6 for evacuation
[3863.226s][info][gc,phases      ] GC(964)   Pre Evacuate Collection Set: 0.36ms
[3863.226s][info][gc,phases      ] GC(964)   Merge Heap Roots: 0.61ms
[3863.226s][info][gc,phases      ] GC(964)   Evacuate Collection Set: 132.11ms
[3863.226s][info][gc,phases      ] GC(964)   Post Evacuate Collection Set: 0.95ms
[3863.226s][info][gc,phases      ] GC(964)   Other: 0.09ms
[3863.226s][info][gc,heap        ] GC(964) Eden regions: 1107->0(1117)
[3863.226s][info][gc,heap        ] GC(964) Survivor regions: 111->111(153)
[3863.226s][info][gc,heap        ] GC(964) Old regions: 536->472
[3863.226s][info][gc,heap        ] GC(964) Humongous regions: 80->80
[3863.226s][info][gc,metaspace   ] GC(964) Metaspace: 28934K(29312K)->28934K(29312K) NonClass: 24066K(24256K)->24066K(24256K) Class: 4868K(5056K)->4868K(5056K)
[3863.227s][info][gc             ] GC(964) Pause Young (Mixed) (G1 Evacuation Pause) 3666M->1324M(4096M) 134.256ms
[3863.227s][info][gc,cpu         ] GC(964) User=0.79s Sys=0.00s Real=0.14s
..[3865.847s][info][gc,start       ] GC(965) Pause Young (Concurrent Start) (G1 Evacuation Pause)
[3865.847s][info][gc,task        ] GC(965) Using 6 workers of 6 for evacuation
[3865.969s][info][gc,phases      ] GC(965)   Pre Evacuate Collection Set: 0.40ms
[3865.969s][info][gc,phases      ] GC(965)   Merge Heap Roots: 0.43ms
[3865.969s][info][gc,phases      ] GC(965)   Evacuate Collection Set: 120.01ms
[3865.969s][info][gc,phases      ] GC(965)   Post Evacuate Collection Set: 0.89ms
[3865.969s][info][gc,phases      ] GC(965)   Other: 0.11ms
[3865.969s][info][gc,heap        ] GC(965) Eden regions: 1117->0(1116)
[3865.969s][info][gc,heap        ] GC(965) Survivor regions: 111->112(154)
[3865.969s][info][gc,heap        ] GC(965) Old regions: 472->504
[3865.969s][info][gc,heap        ] GC(965) Humongous regions: 80->80
[3865.969s][info][gc,metaspace   ] GC(965) Metaspace: 28934K(29312K)->28934K(29312K) NonClass: 24066K(24256K)->24066K(24256K) Class: 4868K(5056K)->4868K(5056K)
[3865.969s][info][gc             ] GC(965) Pause Young (Concurrent Start) (G1 Evacuation Pause) 3558M->1390M(4096M) 121.971ms
[3865.969s][info][gc             ] GC(966) Concurrent Mark Cycle
[3865.969s][info][gc,marking     ] GC(966) Concurrent Scan Root Regions
[3865.969s][info][gc,cpu         ] GC(965) User=0.72s Sys=0.00s Real=0.12s
.[3866.160s][info][gc,marking     ] GC(966) Concurrent Scan Root Regions 191.341ms
[3866.160s][info][gc,marking     ] GC(966) Concurrent Mark
[3866.160s][info][gc,marking     ] GC(966) Concurrent Mark From Roots
[3866.160s][info][gc,task        ] GC(966) Using 2 workers of 2 for marking
[3867.127s][info][gc,marking     ] GC(966) Concurrent Mark From Roots 966.322ms
[3867.128s][info][gc,marking     ] GC(966) Concurrent Preclean
[3867.128s][info][gc,marking     ] GC(966) Concurrent Preclean 0.135ms
[3867.131s][info][gc,start       ] GC(966) Pause Remark
[3867.139s][info][gc             ] GC(966) Pause Remark 2416M->2416M(4096M) 8.158ms
[3867.139s][info][gc,cpu         ] GC(966) User=0.05s Sys=0.00s Real=0.01s
[3867.139s][info][gc,marking     ] GC(966) Concurrent Mark 979.176ms
[3867.139s][info][gc,marking     ] GC(966) Concurrent Rebuild Remembered Sets and Scrub Regions
.[3867.424s][info][gc,marking     ] GC(966) Concurrent Rebuild Remembered Sets and Scrub Regions 284.687ms
[3867.425s][info][gc,start       ] GC(966) Pause Cleanup
[3867.425s][info][gc             ] GC(966) Pause Cleanup 2652M->2652M(4096M) 0.122ms
[3867.425s][info][gc,cpu         ] GC(966) User=0.00s Sys=0.00s Real=0.00s
[3867.425s][info][gc,marking     ] GC(966) Concurrent Clear Claimed Marks
[3867.425s][info][gc,marking     ] GC(966) Concurrent Clear Claimed Marks 0.030ms
[3867.425s][info][gc,marking     ] GC(966) Concurrent Cleanup for Next Mark
[3867.431s][info][gc,marking     ] GC(966) Concurrent Cleanup for Next Mark 6.473ms
[3867.431s][info][gc             ] GC(966) Concurrent Mark Cycle 1462.579ms
.[3868.632s][info][gc,start       ] GC(967) Pause Young (Prepare Mixed) (G1 Evacuation Pause)
[3868.632s][info][gc,task        ] GC(967) Using 6 workers of 6 for evacuation
[3868.749s][info][gc,phases      ] GC(967)   Pre Evacuate Collection Set: 0.34ms
[3868.749s][info][gc,phases      ] GC(967)   Merge Heap Roots: 0.48ms
[3868.749s][info][gc,phases      ] GC(967)   Evacuate Collection Set: 115.33ms
[3868.749s][info][gc,phases      ] GC(967)   Post Evacuate Collection Set: 0.92ms
[3868.749s][info][gc,phases      ] GC(967)   Other: 0.09ms
[3868.749s][info][gc,heap        ] GC(967) Eden regions: 1116->0(1111)
[3868.749s][info][gc,heap        ] GC(967) Survivor regions: 112->109(154)
[3868.749s][info][gc,heap        ] GC(967) Old regions: 504->536
[3868.749s][info][gc,heap        ] GC(967) Humongous regions: 80->80
[3868.749s][info][gc,metaspace   ] GC(967) Metaspace: 28934K(29312K)->28934K(29312K) NonClass: 24066K(24256K)->24066K(24256K) Class: 4868K(5056K)->4868K(5056K)
[3868.749s][info][gc             ] GC(967) Pause Young (Prepare Mixed) (G1 Evacuation Pause) 3622M->1447M(4096M) 117.286ms
[3868.749s][info][gc,cpu         ] GC(967) User=0.70s Sys=0.00s Real=0.12s
...[3871.394s][info][gc,start       ] GC(968) Pause Young (Mixed) (G1 Evacuation Pause)
[3871.394s][info][gc,task        ] GC(968) Using 6 workers of 6 for evacuation
[3871.528s][info][gc,phases      ] GC(968)   Pre Evacuate Collection Set: 0.40ms
[3871.528s][info][gc,phases      ] GC(968)   Merge Heap Roots: 0.63ms
[3871.528s][info][gc,phases      ] GC(968)   Evacuate Collection Set: 131.56ms
[3871.528s][info][gc,phases      ] GC(968)   Post Evacuate Collection Set: 0.98ms
[3871.528s][info][gc,phases      ] GC(968)   Other: 0.09ms
[3871.528s][info][gc,heap        ] GC(968) Eden regions: 1111->0(1119)
[3871.528s][info][gc,heap        ] GC(968) Survivor regions: 109->109(153)
[3871.528s][info][gc,heap        ] GC(968) Old regions: 536->474
[3871.528s][info][gc,heap        ] GC(968) Humongous regions: 80->80
[3871.528s][info][gc,metaspace   ] GC(968) Metaspace: 28934K(29312K)->28934K(29312K) NonClass: 24066K(24256K)->24066K(24256K) Class: 4868K(5056K)->4868K(5056K)
[3871.528s][info][gc             ] GC(968) Pause Young (Mixed) (G1 Evacuation Pause) 3669M->1324M(4096M) 133.794ms
[3871.528s][info][gc,cpu         ] GC(968) User=0.79s Sys=0.00s Real=0.13s
..[3874.187s][info][gc,start       ] GC(969) Pause Young (Concurrent Start) (G1 Evacuation Pause)
[3874.187s][info][gc,task        ] GC(969) Using 6 workers of 6 for evacuation
[3874.304s][info][gc,phases      ] GC(969)   Pre Evacuate Collection Set: 0.37ms
[3874.304s][info][gc,phases      ] GC(969)   Merge Heap Roots: 0.46ms
[3874.304s][info][gc,phases      ] GC(969)   Evacuate Collection Set: 115.95ms
[3874.304s][info][gc,phases      ] GC(969)   Post Evacuate Collection Set: 0.89ms
[3874.304s][info][gc,phases      ] GC(969)   Other: 0.11ms
[3874.304s][info][gc,heap        ] GC(969) Eden regions: 1119->0(1118)
[3874.304s][info][gc,heap        ] GC(969) Survivor regions: 109->110(154)
[3874.304s][info][gc,heap        ] GC(969) Old regions: 474->506
[3874.304s][info][gc,heap        ] GC(969) Humongous regions: 80->80
[3874.304s][info][gc,metaspace   ] GC(969) Metaspace: 28934K(29312K)->28934K(29312K) NonClass: 24066K(24256K)->24066K(24256K) Class: 4868K(5056K)->4868K(5056K)
[3874.304s][info][gc             ] GC(969) Pause Young (Concurrent Start) (G1 Evacuation Pause) 3562M->1389M(4096M) 117.915ms
[3874.304s][info][gc             ] GC(970) Concurrent Mark Cycle
[3874.304s][info][gc,marking     ] GC(970) Concurrent Scan Root Regions
[3874.304s][info][gc,cpu         ] GC(969) User=0.70s Sys=0.00s Real=0.12s
.[3874.488s][info][gc,marking     ] GC(970) Concurrent Scan Root Regions 183.354ms
[3874.488s][info][gc,marking     ] GC(970) Concurrent Mark
[3874.488s][info][gc,marking     ] GC(970) Concurrent Mark From Roots
[3874.488s][info][gc,task        ] GC(970) Using 2 workers of 2 for marking
.[3875.476s][info][gc,marking     ] GC(970) Concurrent Mark From Roots 988.099ms
[3875.476s][info][gc,marking     ] GC(970) Concurrent Preclean
[3875.476s][info][gc,marking     ] GC(970) Concurrent Preclean 0.115ms
[3875.477s][info][gc,start       ] GC(970) Pause Remark
[3875.485s][info][gc             ] GC(970) Pause Remark 2401M->2401M(4096M) 8.187ms
[3875.486s][info][gc,cpu         ] GC(970) User=0.04s Sys=0.00s Real=0.01s
[3875.487s][info][gc,marking     ] GC(970) Concurrent Mark 999.310ms
[3875.487s][info][gc,marking     ] GC(970) Concurrent Rebuild Remembered Sets and Scrub Regions
[3875.846s][info][gc,marking     ] GC(970) Concurrent Rebuild Remembered Sets and Scrub Regions 359.098ms
[3875.846s][info][gc,start       ] GC(970) Pause Cleanup
[3875.847s][info][gc             ] GC(970) Pause Cleanup 2694M->2694M(4096M) 0.118ms
[3875.847s][info][gc,cpu         ] GC(970) User=0.00s Sys=0.00s Real=0.00s
[3875.847s][info][gc,marking     ] GC(970) Concurrent Clear Claimed Marks
[3875.847s][info][gc,marking     ] GC(970) Concurrent Clear Claimed Marks 0.025ms
[3875.847s][info][gc,marking     ] GC(970) Concurrent Cleanup for Next Mark
[3875.851s][info][gc,marking     ] GC(970) Concurrent Cleanup for Next Mark 4.370ms
[3875.851s][info][gc             ] GC(970) Concurrent Mark Cycle 1546.684ms
.[3876.977s][info][gc,start       ] GC(971) Pause Young (Prepare Mixed) (G1 Evacuation Pause)
[3876.977s][info][gc,task        ] GC(971) Using 6 workers of 6 for evacuation
[3877.099s][info][gc,phases      ] GC(971)   Pre Evacuate Collection Set: 0.35ms
[3877.099s][info][gc,phases      ] GC(971)   Merge Heap Roots: 0.50ms
[3877.099s][info][gc,phases      ] GC(971)   Evacuate Collection Set: 120.21ms
[3877.099s][info][gc,phases      ] GC(971)   Post Evacuate Collection Set: 0.97ms
[3877.099s][info][gc,phases      ] GC(971)   Other: 0.09ms
[3877.099s][info][gc,heap        ] GC(971) Eden regions: 1118->0(1099)
[3877.099s][info][gc,heap        ] GC(971) Survivor regions: 110->114(154)
[3877.099s][info][gc,heap        ] GC(971) Old regions: 506->538
[3877.099s][info][gc,heap        ] GC(971) Humongous regions: 80->80
[3877.099s][info][gc,metaspace   ] GC(971) Metaspace: 28934K(29312K)->28934K(29312K) NonClass: 24066K(24256K)->24066K(24256K) Class: 4868K(5056K)->4868K(5056K)
[3877.099s][info][gc             ] GC(971) Pause Young (Prepare Mixed) (G1 Evacuation Pause) 3625M->1461M(4096M) 122.239ms
[3877.099s][info][gc,cpu         ] GC(971) User=0.72s Sys=0.00s Real=0.12s
...[3879.714s][info][gc,start       ] GC(972) Pause Young (Mixed) (G1 Evacuation Pause)
[3879.714s][info][gc,task        ] GC(972) Using 6 workers of 6 for evacuation
[3879.848s][info][gc,phases      ] GC(972)   Pre Evacuate Collection Set: 0.37ms
[3879.848s][info][gc,phases      ] GC(972)   Merge Heap Roots: 0.66ms
[3879.848s][info][gc,phases      ] GC(972)   Evacuate Collection Set: 132.40ms
[3879.848s][info][gc,phases      ] GC(972)   Post Evacuate Collection Set: 0.92ms
[3879.848s][info][gc,phases      ] GC(972)   Other: 0.09ms
[3879.848s][info][gc,heap        ] GC(972) Eden regions: 1099->0(1119)
[3879.848s][info][gc,heap        ] GC(972) Survivor regions: 114->109(152)
[3879.848s][info][gc,heap        ] GC(972) Old regions: 538->474
[3879.848s][info][gc,heap        ] GC(972) Humongous regions: 80->80
[3879.848s][info][gc,metaspace   ] GC(972) Metaspace: 28934K(29312K)->28934K(29312K) NonClass: 24066K(24256K)->24066K(24256K) Class: 4868K(5056K)->4868K(5056K)
[3879.848s][info][gc             ] GC(972) Pause Young (Mixed) (G1 Evacuation Pause) 3659M->1324M(4096M) 134.586ms
[3879.848s][info][gc,cpu         ] GC(972) User=0.80s Sys=0.00s Real=0.13s
...[3882.523s][info][gc,start       ] GC(973) Pause Young (Concurrent Start) (G1 Evacuation Pause)
[3882.523s][info][gc,task        ] GC(973) Using 6 workers of 6 for evacuation
[3882.641s][info][gc,phases      ] GC(973)   Pre Evacuate Collection Set: 0.39ms
[3882.641s][info][gc,phases      ] GC(973)   Merge Heap Roots: 0.49ms
[3882.641s][info][gc,phases      ] GC(973)   Evacuate Collection Set: 115.84ms
[3882.641s][info][gc,phases      ] GC(973)   Post Evacuate Collection Set: 0.87ms
[3882.641s][info][gc,phases      ] GC(973)   Other: 0.10ms
[3882.641s][info][gc,heap        ] GC(973) Eden regions: 1119->0(1119)
[3882.641s][info][gc,heap        ] GC(973) Survivor regions: 109->109(154)
[3882.641s][info][gc,heap        ] GC(973) Old regions: 474->507
[3882.641s][info][gc,heap        ] GC(973) Humongous regions: 80->80
[3882.641s][info][gc,metaspace   ] GC(973) Metaspace: 28934K(29312K)->28934K(29312K) NonClass: 24066K(24256K)->24066K(24256K) Class: 4868K(5056K)->4868K(5056K)
[3882.641s][info][gc             ] GC(973) Pause Young (Concurrent Start) (G1 Evacuation Pause) 3562M->1389M(4096M) 117.837ms
[3882.641s][info][gc             ] GC(974) Concurrent Mark Cycle
[3882.641s][info][gc,marking     ] GC(974) Concurrent Scan Root Regions
[3882.641s][info][gc,cpu         ] GC(973) User=0.70s Sys=0.01s Real=0.11s
[3882.831s][info][gc,marking     ] GC(974) Concurrent Scan Root Regions 190.345ms
[3882.831s][info][gc,marking     ] GC(974) Concurrent Mark
[3882.831s][info][gc,marking     ] GC(974) Concurrent Mark From Roots
[3882.831s][info][gc,task        ] GC(974) Using 2 workers of 2 for marking
.[3883.800s][info][gc,marking     ] GC(974) Concurrent Mark From Roots 968.637ms
[3883.800s][info][gc,marking     ] GC(974) Concurrent Preclean
[3883.800s][info][gc,marking     ] GC(974) Concurrent Preclean 0.132ms
[3883.803s][info][gc,start       ] GC(974) Pause Remark
[3883.810s][info][gc             ] GC(974) Pause Remark 2387M->2387M(4096M) 7.368ms
[3883.810s][info][gc,cpu         ] GC(974) User=0.04s Sys=0.00s Real=0.00s
[3883.810s][info][gc,marking     ] GC(974) Concurrent Mark 978.667ms
[3883.810s][info][gc,marking     ] GC(974) Concurrent Rebuild Remembered Sets and Scrub Regions
[3884.211s][info][gc,marking     ] GC(974) Concurrent Rebuild Remembered Sets and Scrub Regions 401.223ms
[3884.213s][info][gc,start       ] GC(974) Pause Cleanup
[3884.213s][info][gc             ] GC(974) Pause Cleanup 2729M->2729M(4096M) 0.143ms
[3884.213s][info][gc,cpu         ] GC(974) User=0.00s Sys=0.00s Real=0.00s
[3884.213s][info][gc,marking     ] GC(974) Concurrent Clear Claimed Marks
[3884.213s][info][gc,marking     ] GC(974) Concurrent Clear Claimed Marks 0.023ms
[3884.213s][info][gc,marking     ] GC(974) Concurrent Cleanup for Next Mark
[3884.218s][info][gc,marking     ] GC(974) Concurrent Cleanup for Next Mark 4.862ms
[3884.218s][info][gc             ] GC(974) Concurrent Mark Cycle 1576.768ms
.[3885.330s][info][gc,start       ] GC(975) Pause Young (Prepare Mixed) (G1 Evacuation Pause)
[3885.330s][info][gc,task        ] GC(975) Using 6 workers of 6 for evacuation
[3885.446s][info][gc,phases      ] GC(975)   Pre Evacuate Collection Set: 0.35ms
[3885.446s][info][gc,phases      ] GC(975)   Merge Heap Roots: 0.50ms
[3885.446s][info][gc,phases      ] GC(975)   Evacuate Collection Set: 114.56ms
[3885.446s][info][gc,phases      ] GC(975)   Post Evacuate Collection Set: 0.92ms
[3885.446s][info][gc,phases      ] GC(975)   Other: 0.09ms
[3885.446s][info][gc,heap        ] GC(975) Eden regions: 1119->0(1109)
[3885.446s][info][gc,heap        ] GC(975) Survivor regions: 109->109(154)
[3885.446s][info][gc,heap        ] GC(975) Old regions: 507->538
[3885.446s][info][gc,heap        ] GC(975) Humongous regions: 80->80
[3885.446s][info][gc,metaspace   ] GC(975) Metaspace: 28934K(29312K)->28934K(29312K) NonClass: 24066K(24256K)->24066K(24256K) Class: 4868K(5056K)->4868K(5056K)
[3885.446s][info][gc             ] GC(975) Pause Young (Prepare Mixed) (G1 Evacuation Pause) 3627M->1452M(4096M) 116.561ms
[3885.446s][info][gc,cpu         ] GC(975) User=0.69s Sys=0.01s Real=0.12s
...[3888.055s][info][gc,start       ] GC(976) Pause Young (Mixed) (G1 Evacuation Pause)
[3888.055s][info][gc,task        ] GC(976) Using 6 workers of 6 for evacuation
[3888.188s][info][gc,phases      ] GC(976)   Pre Evacuate Collection Set: 0.38ms
[3888.188s][info][gc,phases      ] GC(976)   Merge Heap Roots: 0.64ms
[3888.188s][info][gc,phases      ] GC(976)   Evacuate Collection Set: 130.61ms
[3888.188s][info][gc,phases      ] GC(976)   Post Evacuate Collection Set: 0.97ms
[3888.188s][info][gc,phases      ] GC(976)   Other: 0.08ms
[3888.188s][info][gc,heap        ] GC(976) Eden regions: 1109->0(1117)
[3888.188s][info][gc,heap        ] GC(976) Survivor regions: 109->111(153)
[3888.188s][info][gc,heap        ] GC(976) Old regions: 538->474
[3888.188s][info][gc,heap        ] GC(976) Humongous regions: 80->80
[3888.188s][info][gc,metaspace   ] GC(976) Metaspace: 28934K(29312K)->28934K(29312K) NonClass: 24066K(24256K)->24066K(24256K) Class: 4868K(5056K)->4868K(5056K)
[3888.188s][info][gc             ] GC(976) Pause Young (Mixed) (G1 Evacuation Pause) 3670M->1328M(4096M) 132.813ms
[3888.188s][info][gc,cpu         ] GC(976) User=0.79s Sys=0.00s Real=0.13s
...[3890.873s][info][gc,start       ] GC(977) Pause Young (Concurrent Start) (G1 Evacuation Pause)
[3890.873s][info][gc,task        ] GC(977) Using 6 workers of 6 for evacuation
[3890.992s][info][gc,phases      ] GC(977)   Pre Evacuate Collection Set: 0.39ms
[3890.992s][info][gc,phases      ] GC(977)   Merge Heap Roots: 0.49ms
[3890.992s][info][gc,phases      ] GC(977)   Evacuate Collection Set: 117.00ms
[3890.992s][info][gc,phases      ] GC(977)   Post Evacuate Collection Set: 0.90ms
[3890.992s][info][gc,phases      ] GC(977)   Other: 0.11ms
[3890.992s][info][gc,heap        ] GC(977) Eden regions: 1117->0(1118)
[3890.992s][info][gc,heap        ] GC(977) Survivor regions: 111->110(154)
[3890.992s][info][gc,heap        ] GC(977) Old regions: 474->507
[3890.992s][info][gc,heap        ] GC(977) Humongous regions: 80->80
[3890.992s][info][gc,metaspace   ] GC(977) Metaspace: 28934K(29312K)->28934K(29312K) NonClass: 24066K(24256K)->24066K(24256K) Class: 4868K(5056K)->4868K(5056K)
[3890.992s][info][gc             ] GC(977) Pause Young (Concurrent Start) (G1 Evacuation Pause) 3562M->1392M(4096M) 119.047ms
[3890.992s][info][gc             ] GC(978) Concurrent Mark Cycle
[3890.992s][info][gc,marking     ] GC(978) Concurrent Scan Root Regions
[3890.992s][info][gc,cpu         ] GC(977) User=0.70s Sys=0.00s Real=0.12s
[3891.201s][info][gc,marking     ] GC(978) Concurrent Scan Root Regions 208.295ms
[3891.201s][info][gc,marking     ] GC(978) Concurrent Mark
[3891.201s][info][gc,marking     ] GC(978) Concurrent Mark From Roots
[3891.201s][info][gc,task        ] GC(978) Using 2 workers of 2 for marking
.[3892.226s][info][gc,marking     ] GC(978) Concurrent Mark From Roots 1025.481ms
[3892.226s][info][gc,marking     ] GC(978) Concurrent Preclean
[3892.226s][info][gc,marking     ] GC(978) Concurrent Preclean 0.142ms
[3892.227s][info][gc,start       ] GC(978) Pause Remark
[3892.235s][info][gc             ] GC(978) Pause Remark 2448M->2448M(4096M) 7.744ms
[3892.235s][info][gc,cpu         ] GC(978) User=0.04s Sys=0.00s Real=0.01s
[3892.236s][info][gc,marking     ] GC(978) Concurrent Mark 1035.537ms
[3892.236s][info][gc,marking     ] GC(978) Concurrent Rebuild Remembered Sets and Scrub Regions
[3892.587s][info][gc,marking     ] GC(978) Concurrent Rebuild Remembered Sets and Scrub Regions 351.013ms
[3892.588s][info][gc,start       ] GC(978) Pause Cleanup
[3892.588s][info][gc             ] GC(978) Pause Cleanup 2766M->2766M(4096M) 0.760ms
[3892.588s][info][gc,cpu         ] GC(978) User=0.00s Sys=0.00s Real=0.00s
[3892.588s][info][gc,marking     ] GC(978) Concurrent Clear Claimed Marks
[3892.588s][info][gc,marking     ] GC(978) Concurrent Clear Claimed Marks 0.025ms
[3892.588s][info][gc,marking     ] GC(978) Concurrent Cleanup for Next Mark
[3892.594s][info][gc,marking     ] GC(978) Concurrent Cleanup for Next Mark 5.718ms
[3892.594s][info][gc             ] GC(978) Concurrent Mark Cycle 1601.778ms
..[3893.602s][info][gc,start       ] GC(979) Pause Young (Prepare Mixed) (G1 Evacuation Pause)
[3893.602s][info][gc,task        ] GC(979) Using 6 workers of 6 for evacuation
[3893.718s][info][gc,phases      ] GC(979)   Pre Evacuate Collection Set: 0.38ms
[3893.718s][info][gc,phases      ] GC(979)   Merge Heap Roots: 0.52ms
[3893.718s][info][gc,phases      ] GC(979)   Evacuate Collection Set: 113.56ms
[3893.718s][info][gc,phases      ] GC(979)   Post Evacuate Collection Set: 0.97ms
[3893.718s][info][gc,phases      ] GC(979)   Other: 0.09ms
[3893.718s][info][gc,heap        ] GC(979) Eden regions: 1118->0(1108)
[3893.718s][info][gc,heap        ] GC(979) Survivor regions: 110->109(154)
[3893.718s][info][gc,heap        ] GC(979) Old regions: 507->539
[3893.718s][info][gc,heap        ] GC(979) Humongous regions: 80->80
[3893.718s][info][gc,metaspace   ] GC(979) Metaspace: 28934K(29312K)->28934K(29312K) NonClass: 24066K(24256K)->24066K(24256K) Class: 4868K(5056K)->4868K(5056K)
[3893.718s][info][gc             ] GC(979) Pause Young (Prepare Mixed) (G1 Evacuation Pause) 3628M->1454M(4096M) 115.648ms
[3893.718s][info][gc,cpu         ] GC(979) User=0.69s Sys=0.00s Real=0.12s
..[3896.415s][info][gc,start       ] GC(980) Pause Young (Mixed) (G1 Evacuation Pause)
[3896.415s][info][gc,task        ] GC(980) Using 6 workers of 6 for evacuation
[3896.552s][info][gc,phases      ] GC(980)   Pre Evacuate Collection Set: 0.37ms
[3896.552s][info][gc,phases      ] GC(980)   Merge Heap Roots: 0.67ms
[3896.552s][info][gc,phases      ] GC(980)   Evacuate Collection Set: 134.20ms
[3896.552s][info][gc,phases      ] GC(980)   Post Evacuate Collection Set: 0.96ms
[3896.552s][info][gc,phases      ] GC(980)   Other: 0.09ms
[3896.552s][info][gc,heap        ] GC(980) Eden regions: 1108->0(1117)
[3896.552s][info][gc,heap        ] GC(980) Survivor regions: 109->111(153)
[3896.552s][info][gc,heap        ] GC(980) Old regions: 539->474
[3896.552s][info][gc,heap        ] GC(980) Humongous regions: 80->80
[3896.552s][info][gc,metaspace   ] GC(980) Metaspace: 28934K(29312K)->28934K(29312K) NonClass: 24066K(24256K)->24066K(24256K) Class: 4868K(5056K)->4868K(5056K)
[3896.552s][info][gc             ] GC(980) Pause Young (Mixed) (G1 Evacuation Pause) 3670M->1328M(4096M) 136.425ms
[3896.552s][info][gc,cpu         ] GC(980) User=0.80s Sys=0.00s Real=0.13s
...[3899.129s][info][gc,start       ] GC(981) Pause Young (Concurrent Start) (G1 Evacuation Pause)
[3899.129s][info][gc,task        ] GC(981) Using 6 workers of 6 for evacuation
[3899.245s][info][gc,phases      ] GC(981)   Pre Evacuate Collection Set: 0.42ms
[3899.245s][info][gc,phases      ] GC(981)   Merge Heap Roots: 0.51ms
[3899.245s][info][gc,phases      ] GC(981)   Evacuate Collection Set: 114.08ms
[3899.245s][info][gc,phases      ] GC(981)   Post Evacuate Collection Set: 0.90ms
[3899.245s][info][gc,phases      ] GC(981)   Other: 0.12ms
[3899.245s][info][gc,heap        ] GC(981) Eden regions: 1117->0(1120)
[3899.245s][info][gc,heap        ] GC(981) Survivor regions: 111->108(154)
[3899.245s][info][gc,heap        ] GC(981) Old regions: 474->505
[3899.245s][info][gc,heap        ] GC(981) Humongous regions: 80->80
[3899.245s][info][gc,metaspace   ] GC(981) Metaspace: 28934K(29312K)->28934K(29312K) NonClass: 24066K(24256K)->24066K(24256K) Class: 4868K(5056K)->4868K(5056K)
[3899.245s][info][gc             ] GC(981) Pause Young (Concurrent Start) (G1 Evacuation Pause) 3562M->1383M(4096M) 116.168ms
[3899.245s][info][gc             ] GC(982) Concurrent Mark Cycle
[3899.245s][info][gc,marking     ] GC(982) Concurrent Scan Root Regions
[3899.245s][info][gc,cpu         ] GC(981) User=0.69s Sys=0.00s Real=0.12s
[3899.420s][info][gc,marking     ] GC(982) Concurrent Scan Root Regions 175.386ms
[3899.420s][info][gc,marking     ] GC(982) Concurrent Mark
[3899.420s][info][gc,marking     ] GC(982) Concurrent Mark From Roots
[3899.420s][info][gc,task        ] GC(982) Using 2 workers of 2 for marking
. (rIR:aIR:PR = 6780:6772:6769) (tPR = 99865) [OK] 
  3899s: Performance info:
         Transaction,    Success,    Partial,     Failed,   Receipts, AvgBarcode, 
             Overall,     412184,          0,          0,     391561,      59.48, 
         Response times:
             Request,    Success,    Partial,     Failed,   SkipFail,     Probes,    Samples,      min,      p50,      p90,      p95,      p99,      max, 
       TotalPurchase,     392254,          0,          0,          0,     362601,     424307,      300,     5900,    45000,    79000,   140000,   269000,
     InStorePurchase,     206529,          0,          0,          0,     190230,     222819,      300,     5900,    45000,    79000,   141000,   269000,
      OnlinePurchase,     144458,          0,          0,          0,     133606,     155872,      300,     5800,    43000,    79000,   140000,   269000,
        InstPurchase,      41267,          0,          0,          0,      38765,      45616,      400,     6000,    45000,    79000,   141000,   228000,
          AssocOfCat,        414,          0,          0,          0,        326,        457,    26000,    39000,   108200,   139000,   209840,   258000,
      AssocOfProduct,       4116,          0,          0,          0,       3853,       4692,      800,     6900,    45000,    80000,   142000,   213000,
      BusinessReport,       1033,          0,          0,          0,        904,       1191,    27000,    44000,    99000,   148400,   202320,   285000,
          CustBuyBeh,       4128,          0,          0,          0,       3851,       4657,      300,     6200,    44000,    78000,   139000,   213000,
       ProductReturn,      10950,          0,          0,          0,      10462,      12404,      200,     6400,    47000,    83000,   145000,   268000,

  3899s: (50%)   IR =   6918 [3900.344s][info][gc,marking     ] GC(982) Concurrent Mark From Roots 923.769ms
[3900.344s][info][gc,marking     ] GC(982) Concurrent Preclean
[3900.344s][info][gc,marking     ] GC(982) Concurrent Preclean 0.102ms
[3900.344s][info][gc,start       ] GC(982) Pause Remark
[3900.351s][info][gc             ] GC(982) Pause Remark 2294M->2294M(4096M) 6.986ms
[3900.352s][info][gc,cpu         ] GC(982) User=0.04s Sys=0.00s Real=0.00s
[3900.352s][info][gc,marking     ] GC(982) Concurrent Mark 931.094ms
[3900.352s][info][gc,marking     ] GC(982) Concurrent Rebuild Remembered Sets and Scrub Regions
[3900.613s][info][gc,marking     ] GC(982) Concurrent Rebuild Remembered Sets and Scrub Regions 261.855ms
[3900.615s][info][gc,start       ] GC(982) Pause Cleanup
[3900.615s][info][gc             ] GC(982) Pause Cleanup 2519M->2519M(4096M) 0.136ms
[3900.615s][info][gc,cpu         ] GC(982) User=0.00s Sys=0.00s Real=0.00s
[3900.615s][info][gc,marking     ] GC(982) Concurrent Clear Claimed Marks
[3900.615s][info][gc,marking     ] GC(982) Concurrent Clear Claimed Marks 0.024ms
[3900.615s][info][gc,marking     ] GC(982) Concurrent Cleanup for Next Mark
[3900.625s][info][gc,marking     ] GC(982) Concurrent Cleanup for Next Mark 9.482ms
[3900.625s][info][gc             ] GC(982) Concurrent Mark Cycle 1380.023ms
..[3901.975s][info][gc,start       ] GC(983) Pause Young (Prepare Mixed) (G1 Evacuation Pause)
[3901.975s][info][gc,task        ] GC(983) Using 6 workers of 6 for evacuation
[3902.101s][info][gc,phases      ] GC(983)   Pre Evacuate Collection Set: 0.35ms
[3902.101s][info][gc,phases      ] GC(983)   Merge Heap Roots: 0.54ms
[3902.101s][info][gc,phases      ] GC(983)   Evacuate Collection Set: 123.50ms
[3902.101s][info][gc,phases      ] GC(983)   Post Evacuate Collection Set: 0.98ms
[3902.101s][info][gc,phases      ] GC(983)   Other: 0.09ms
[3902.101s][info][gc,heap        ] GC(983) Eden regions: 1120->0(1096)
[3902.101s][info][gc,heap        ] GC(983) Survivor regions: 108->116(154)
[3902.101s][info][gc,heap        ] GC(983) Old regions: 505->537
[3902.101s][info][gc,heap        ] GC(983) Humongous regions: 80->80
[3902.101s][info][gc,metaspace   ] GC(983) Metaspace: 28934K(29312K)->28934K(29312K) NonClass: 24066K(24256K)->24066K(24256K) Class: 4868K(5056K)->4868K(5056K)
[3902.101s][info][gc             ] GC(983) Pause Young (Prepare Mixed) (G1 Evacuation Pause) 3623M->1464M(4096M) 125.585ms
[3902.101s][info][gc,cpu         ] GC(983) User=0.74s Sys=0.00s Real=0.12s
..|[3904.621s][info][gc,start       ] GC(984) Pause Young (Mixed) (G1 Evacuation Pause)
[3904.621s][info][gc,task        ] GC(984) Using 6 workers of 6 for evacuation
[3904.758s][info][gc,phases      ] GC(984)   Pre Evacuate Collection Set: 0.38ms
[3904.758s][info][gc,phases      ] GC(984)   Merge Heap Roots: 0.68ms
[3904.758s][info][gc,phases      ] GC(984)   Evacuate Collection Set: 135.39ms
[3904.758s][info][gc,phases      ] GC(984)   Post Evacuate Collection Set: 0.93ms
[3904.758s][info][gc,phases      ] GC(984)   Other: 0.08ms
[3904.758s][info][gc,heap        ] GC(984) Eden regions: 1096->0(1114)
[3904.758s][info][gc,heap        ] GC(984) Survivor regions: 116->114(152)
[3904.758s][info][gc,heap        ] GC(984) Old regions: 537->473
[3904.758s][info][gc,heap        ] GC(984) Humongous regions: 80->80
[3904.758s][info][gc,metaspace   ] GC(984) Metaspace: 28934K(29312K)->28934K(29312K) NonClass: 24066K(24256K)->24066K(24256K) Class: 4868K(5056K)->4868K(5056K)
[3904.758s][info][gc             ] GC(984) Pause Young (Mixed) (G1 Evacuation Pause) 3656M->1331M(4096M) 137.605ms
[3904.758s][info][gc,cpu         ] GC(984) User=0.81s Sys=0.00s Real=0.14s
...[3907.306s][info][gc,start       ] GC(985) Pause Young (Concurrent Start) (G1 Evacuation Pause)
[3907.306s][info][gc,task        ] GC(985) Using 6 workers of 6 for evacuation
[3907.421s][info][gc,phases      ] GC(985)   Pre Evacuate Collection Set: 0.37ms
[3907.421s][info][gc,phases      ] GC(985)   Merge Heap Roots: 0.47ms
[3907.421s][info][gc,phases      ] GC(985)   Evacuate Collection Set: 112.47ms
[3907.421s][info][gc,phases      ] GC(985)   Post Evacuate Collection Set: 0.89ms
[3907.421s][info][gc,phases      ] GC(985)   Other: 0.13ms
[3907.421s][info][gc,heap        ] GC(985) Eden regions: 1114->0(1121)
[3907.421s][info][gc,heap        ] GC(985) Survivor regions: 114->107(154)
[3907.421s][info][gc,heap        ] GC(985) Old regions: 473->505
[3907.421s][info][gc,heap        ] GC(985) Humongous regions: 80->80
[3907.421s][info][gc,metaspace   ] GC(985) Metaspace: 28934K(29312K)->28934K(29312K) NonClass: 24066K(24256K)->24066K(24256K) Class: 4868K(5056K)->4868K(5056K)
[3907.421s][info][gc             ] GC(985) Pause Young (Concurrent Start) (G1 Evacuation Pause) 3559M->1383M(4096M) 114.461ms
[3907.421s][info][gc             ] GC(986) Concurrent Mark Cycle
[3907.421s][info][gc,marking     ] GC(986) Concurrent Scan Root Regions
[3907.421s][info][gc,cpu         ] GC(985) User=0.67s Sys=0.00s Real=0.11s
[3907.606s][info][gc,marking     ] GC(986) Concurrent Scan Root Regions 184.800ms
[3907.606s][info][gc,marking     ] GC(986) Concurrent Mark
[3907.606s][info][gc,marking     ] GC(986) Concurrent Mark From Roots
[3907.606s][info][gc,task        ] GC(986) Using 2 workers of 2 for marking
.[3908.548s][info][gc,marking     ] GC(986) Concurrent Mark From Roots 941.822ms
[3908.548s][info][gc,marking     ] GC(986) Concurrent Preclean
[3908.548s][info][gc,marking     ] GC(986) Concurrent Preclean 0.117ms
[3908.548s][info][gc,start       ] GC(986) Pause Remark
[3908.556s][info][gc             ] GC(986) Pause Remark 2377M->2377M(4096M) 7.849ms
[3908.556s][info][gc,cpu         ] GC(986) User=0.04s Sys=0.00s Real=0.01s
[3908.556s][info][gc,marking     ] GC(986) Concurrent Mark 950.281ms
[3908.556s][info][gc,marking     ] GC(986) Concurrent Rebuild Remembered Sets and Scrub Regions
.[3908.856s][info][gc,marking     ] GC(986) Concurrent Rebuild Remembered Sets and Scrub Regions 299.466ms
[3908.856s][info][gc,start       ] GC(986) Pause Cleanup
[3908.856s][info][gc             ] GC(986) Pause Cleanup 2612M->2612M(4096M) 0.106ms
[3908.856s][info][gc,cpu         ] GC(986) User=0.00s Sys=0.00s Real=0.00s
[3908.856s][info][gc,marking     ] GC(986) Concurrent Clear Claimed Marks
[3908.856s][info][gc,marking     ] GC(986) Concurrent Clear Claimed Marks 0.041ms
[3908.856s][info][gc,marking     ] GC(986) Concurrent Cleanup for Next Mark
[3908.868s][info][gc,marking     ] GC(986) Concurrent Cleanup for Next Mark 12.129ms
[3908.869s][info][gc             ] GC(986) Concurrent Mark Cycle 1447.638ms
.[3910.063s][info][gc,start       ] GC(987) Pause Young (Prepare Mixed) (G1 Evacuation Pause)
[3910.063s][info][gc,task        ] GC(987) Using 6 workers of 6 for evacuation
[3910.181s][info][gc,phases      ] GC(987)   Pre Evacuate Collection Set: 0.35ms
[3910.181s][info][gc,phases      ] GC(987)   Merge Heap Roots: 0.50ms
[3910.181s][info][gc,phases      ] GC(987)   Evacuate Collection Set: 116.04ms
[3910.181s][info][gc,phases      ] GC(987)   Post Evacuate Collection Set: 0.93ms
[3910.181s][info][gc,phases      ] GC(987)   Other: 0.10ms
[3910.181s][info][gc,heap        ] GC(987) Eden regions: 1121->0(1104)
[3910.181s][info][gc,heap        ] GC(987) Survivor regions: 107->112(154)
[3910.181s][info][gc,heap        ] GC(987) Old regions: 505->537
[3910.181s][info][gc,heap        ] GC(987) Humongous regions: 80->80
[3910.181s][info][gc,metaspace   ] GC(987) Metaspace: 28934K(29312K)->28934K(29312K) NonClass: 24066K(24256K)->24066K(24256K) Class: 4868K(5056K)->4868K(5056K)
[3910.181s][info][gc             ] GC(987) Pause Young (Prepare Mixed) (G1 Evacuation Pause) 3625M->1456M(4096M) 118.051ms
[3910.181s][info][gc,cpu         ] GC(987) User=0.70s Sys=0.00s Real=0.11s
..[3912.745s][info][gc,start       ] GC(988) Pause Young (Mixed) (G1 Evacuation Pause)
[3912.745s][info][gc,task        ] GC(988) Using 6 workers of 6 for evacuation
[3912.879s][info][gc,phases      ] GC(988)   Pre Evacuate Collection Set: 0.36ms
[3912.879s][info][gc,phases      ] GC(988)   Merge Heap Roots: 0.64ms
[3912.879s][info][gc,phases      ] GC(988)   Evacuate Collection Set: 131.92ms
[3912.879s][info][gc,phases      ] GC(988)   Post Evacuate Collection Set: 1.00ms
[3912.879s][info][gc,phases      ] GC(988)   Other: 0.09ms
[3912.879s][info][gc,heap        ] GC(988) Eden regions: 1104->0(1116)
[3912.879s][info][gc,heap        ] GC(988) Survivor regions: 112->112(152)
[3912.879s][info][gc,heap        ] GC(988) Old regions: 537->475
[3912.879s][info][gc,heap        ] GC(988) Humongous regions: 80->80
[3912.879s][info][gc,metaspace   ] GC(988) Metaspace: 28934K(29312K)->28934K(29312K) NonClass: 24066K(24256K)->24066K(24256K) Class: 4868K(5056K)->4868K(5056K)
[3912.879s][info][gc             ] GC(988) Pause Young (Mixed) (G1 Evacuation Pause) 3664M->1331M(4096M) 134.151ms
[3912.879s][info][gc,cpu         ] GC(988) User=0.79s Sys=0.00s Real=0.13s
...[3915.470s][info][gc,start       ] GC(989) Pause Young (Concurrent Start) (G1 Evacuation Pause)
[3915.470s][info][gc,task        ] GC(989) Using 6 workers of 6 for evacuation
[3915.592s][info][gc,phases      ] GC(989)   Pre Evacuate Collection Set: 0.39ms
[3915.592s][info][gc,phases      ] GC(989)   Merge Heap Roots: 0.45ms
[3915.592s][info][gc,phases      ] GC(989)   Evacuate Collection Set: 120.09ms
[3915.592s][info][gc,phases      ] GC(989)   Post Evacuate Collection Set: 0.89ms
[3915.592s][info][gc,phases      ] GC(989)   Other: 0.10ms
[3915.592s][info][gc,heap        ] GC(989) Eden regions: 1116->0(1115)
[3915.592s][info][gc,heap        ] GC(989) Survivor regions: 112->113(154)
[3915.592s][info][gc,heap        ] GC(989) Old regions: 475->507
[3915.592s][info][gc,heap        ] GC(989) Humongous regions: 80->80
[3915.592s][info][gc,metaspace   ] GC(989) Metaspace: 28934K(29312K)->28934K(29312K) NonClass: 24066K(24256K)->24066K(24256K) Class: 4868K(5056K)->4868K(5056K)
[3915.592s][info][gc             ] GC(989) Pause Young (Concurrent Start) (G1 Evacuation Pause) 3563M->1399M(4096M) 122.061ms
[3915.592s][info][gc             ] GC(990) Concurrent Mark Cycle
[3915.592s][info][gc,marking     ] GC(990) Concurrent Scan Root Regions
[3915.592s][info][gc,cpu         ] GC(989) User=0.72s Sys=0.00s Real=0.13s
[3915.782s][info][gc,marking     ] GC(990) Concurrent Scan Root Regions 189.392ms
[3915.782s][info][gc,marking     ] GC(990) Concurrent Mark
[3915.782s][info][gc,marking     ] GC(990) Concurrent Mark From Roots
[3915.782s][info][gc,task        ] GC(990) Using 2 workers of 2 for marking
.[3916.575s][info][gc,marking     ] GC(990) Concurrent Mark From Roots 793.624ms
[3916.575s][info][gc,marking     ] GC(990) Concurrent Preclean
[3916.576s][info][gc,marking     ] GC(990) Concurrent Preclean 0.100ms
[3916.576s][info][gc,start       ] GC(990) Pause Remark
[3916.582s][info][gc             ] GC(990) Pause Remark 2281M->2281M(4096M) 5.578ms
[3916.582s][info][gc,cpu         ] GC(990) User=0.03s Sys=0.00s Real=0.00s
[3916.583s][info][gc,marking     ] GC(990) Concurrent Mark 801.293ms
[3916.583s][info][gc,marking     ] GC(990) Concurrent Rebuild Remembered Sets and Scrub Regions
[3916.847s][info][gc,marking     ] GC(990) Concurrent Rebuild Remembered Sets and Scrub Regions 264.261ms
[3916.848s][info][gc,start       ] GC(990) Pause Cleanup
[3916.848s][info][gc             ] GC(990) Pause Cleanup 2511M->2511M(4096M) 0.141ms
[3916.848s][info][gc,cpu         ] GC(990) User=0.00s Sys=0.00s Real=0.00s
[3916.848s][info][gc,marking     ] GC(990) Concurrent Clear Claimed Marks
[3916.848s][info][gc,marking     ] GC(990) Concurrent Clear Claimed Marks 0.023ms
[3916.848s][info][gc,marking     ] GC(990) Concurrent Cleanup for Next Mark
[3916.853s][info][gc,marking     ] GC(990) Concurrent Cleanup for Next Mark 4.868ms
[3916.853s][info][gc             ] GC(990) Concurrent Mark Cycle 1260.438ms
..[3918.179s][info][gc,start       ] GC(991) Pause Young (Prepare Mixed) (G1 Evacuation Pause)
[3918.179s][info][gc,task        ] GC(991) Using 6 workers of 6 for evacuation
[3918.298s][info][gc,phases      ] GC(991)   Pre Evacuate Collection Set: 0.33ms
[3918.298s][info][gc,phases      ] GC(991)   Merge Heap Roots: 0.49ms
[3918.298s][info][gc,phases      ] GC(991)   Evacuate Collection Set: 117.34ms
[3918.298s][info][gc,phases      ] GC(991)   Post Evacuate Collection Set: 0.94ms
[3918.298s][info][gc,phases      ] GC(991)   Other: 0.09ms
[3918.298s][info][gc,heap        ] GC(991) Eden regions: 1115->0(1106)
[3918.298s][info][gc,heap        ] GC(991) Survivor regions: 113->110(154)
[3918.298s][info][gc,heap        ] GC(991) Old regions: 507->539
[3918.298s][info][gc,heap        ] GC(991) Humongous regions: 80->80
[3918.298s][info][gc,metaspace   ] GC(991) Metaspace: 28934K(29312K)->28934K(29312K) NonClass: 24066K(24256K)->24066K(24256K) Class: 4868K(5056K)->4868K(5056K)
[3918.298s][info][gc             ] GC(991) Pause Young (Prepare Mixed) (G1 Evacuation Pause) 3629M->1456M(4096M) 119.334ms
[3918.298s][info][gc,cpu         ] GC(991) User=0.71s Sys=0.00s Real=0.12s
..[3920.892s][info][gc,start       ] GC(992) Pause Young (Mixed) (G1 Evacuation Pause)
[3920.892s][info][gc,task        ] GC(992) Using 6 workers of 6 for evacuation
[3921.032s][info][gc,phases      ] GC(992)   Pre Evacuate Collection Set: 0.36ms
[3921.032s][info][gc,phases      ] GC(992)   Merge Heap Roots: 0.69ms
[3921.032s][info][gc,phases      ] GC(992)   Evacuate Collection Set: 137.75ms
[3921.032s][info][gc,phases      ] GC(992)   Post Evacuate Collection Set: 0.94ms
[3921.032s][info][gc,phases      ] GC(992)   Other: 0.11ms
[3921.032s][info][gc,heap        ] GC(992) Eden regions: 1106->0(1115)
[3921.032s][info][gc,heap        ] GC(992) Survivor regions: 110->113(152)
[3921.032s][info][gc,heap        ] GC(992) Old regions: 539->474
[3921.032s][info][gc,heap        ] GC(992) Humongous regions: 80->80
[3921.032s][info][gc,metaspace   ] GC(992) Metaspace: 28934K(29312K)->28934K(29312K) NonClass: 24066K(24256K)->24066K(24256K) Class: 4868K(5056K)->4868K(5056K)
[3921.032s][info][gc             ] GC(992) Pause Young (Mixed) (G1 Evacuation Pause) 3668M->1332M(4096M) 140.004ms
[3921.032s][info][gc,cpu         ] GC(992) User=0.82s Sys=0.00s Real=0.14s
...[3923.611s][info][gc,start       ] GC(993) Pause Young (Concurrent Start) (G1 Evacuation Pause)
[3923.611s][info][gc,task        ] GC(993) Using 6 workers of 6 for evacuation
[3923.734s][info][gc,phases      ] GC(993)   Pre Evacuate Collection Set: 0.38ms
[3923.734s][info][gc,phases      ] GC(993)   Merge Heap Roots: 0.46ms
[3923.734s][info][gc,phases      ] GC(993)   Evacuate Collection Set: 121.01ms
[3923.734s][info][gc,phases      ] GC(993)   Post Evacuate Collection Set: 0.87ms
[3923.734s][info][gc,phases      ] GC(993)   Other: 0.11ms
[3923.734s][info][gc,heap        ] GC(993) Eden regions: 1115->0(1114)
[3923.734s][info][gc,heap        ] GC(993) Survivor regions: 113->114(154)
[3923.734s][info][gc,heap        ] GC(993) Old regions: 474->505
[3923.734s][info][gc,heap        ] GC(993) Humongous regions: 80->80
[3923.734s][info][gc,metaspace   ] GC(993) Metaspace: 28934K(29312K)->28934K(29312K) NonClass: 24066K(24256K)->24066K(24256K) Class: 4868K(5056K)->4868K(5056K)
[3923.734s][info][gc             ] GC(993) Pause Young (Concurrent Start) (G1 Evacuation Pause) 3562M->1397M(4096M) 122.975ms
[3923.734s][info][gc             ] GC(994) Concurrent Mark Cycle
[3923.734s][info][gc,marking     ] GC(994) Concurrent Scan Root Regions
[3923.734s][info][gc,cpu         ] GC(993) User=0.72s Sys=0.00s Real=0.13s
[3923.924s][info][gc,marking     ] GC(994) Concurrent Scan Root Regions 190.090ms
[3923.924s][info][gc,marking     ] GC(994) Concurrent Mark
[3923.924s][info][gc,marking     ] GC(994) Concurrent Mark From Roots
[3923.924s][info][gc,task        ] GC(994) Using 2 workers of 2 for marking
.[3924.667s][info][gc,marking     ] GC(994) Concurrent Mark From Roots 742.878ms
[3924.667s][info][gc,marking     ] GC(994) Concurrent Preclean
[3924.667s][info][gc,marking     ] GC(994) Concurrent Preclean 0.108ms
[3924.670s][info][gc,start       ] GC(994) Pause Remark
[3924.676s][info][gc             ] GC(994) Pause Remark 2179M->2179M(4096M) 5.614ms
[3924.676s][info][gc,cpu         ] GC(994) User=0.03s Sys=0.00s Real=0.01s
[3924.678s][info][gc,marking     ] GC(994) Concurrent Mark 753.261ms
[3924.678s][info][gc,marking     ] GC(994) Concurrent Rebuild Remembered Sets and Scrub Regions
[3924.944s][info][gc,marking     ] GC(994) Concurrent Rebuild Remembered Sets and Scrub Regions 266.881ms
[3924.945s][info][gc,start       ] GC(994) Pause Cleanup
[3924.945s][info][gc             ] GC(994) Pause Cleanup 2460M->2460M(4096M) 0.103ms
[3924.945s][info][gc,cpu         ] GC(994) User=0.00s Sys=0.00s Real=0.00s
[3924.945s][info][gc,marking     ] GC(994) Concurrent Clear Claimed Marks
[3924.945s][info][gc,marking     ] GC(994) Concurrent Clear Claimed Marks 0.020ms
[3924.945s][info][gc,marking     ] GC(994) Concurrent Cleanup for Next Mark
[3924.950s][info][gc,marking     ] GC(994) Concurrent Cleanup for Next Mark 5.000ms
[3924.950s][info][gc             ] GC(994) Concurrent Mark Cycle 1215.728ms
..[3926.305s][info][gc,start       ] GC(995) Pause Young (Prepare Mixed) (G1 Evacuation Pause)
[3926.305s][info][gc,task        ] GC(995) Using 6 workers of 6 for evacuation
[3926.422s][info][gc,phases      ] GC(995)   Pre Evacuate Collection Set: 0.34ms
[3926.422s][info][gc,phases      ] GC(995)   Merge Heap Roots: 0.51ms
[3926.422s][info][gc,phases      ] GC(995)   Evacuate Collection Set: 115.31ms
[3926.422s][info][gc,phases      ] GC(995)   Post Evacuate Collection Set: 0.90ms
[3926.422s][info][gc,phases      ] GC(995)   Other: 0.09ms
[3926.422s][info][gc,heap        ] GC(995) Eden regions: 1114->0(1108)
[3926.422s][info][gc,heap        ] GC(995) Survivor regions: 114->110(154)
[3926.422s][info][gc,heap        ] GC(995) Old regions: 505->537
[3926.422s][info][gc,heap        ] GC(995) Humongous regions: 80->80
[3926.422s][info][gc,metaspace   ] GC(995) Metaspace: 28934K(29312K)->28934K(29312K) NonClass: 24066K(24256K)->24066K(24256K) Class: 4868K(5056K)->4868K(5056K)
[3926.422s][info][gc             ] GC(995) Pause Young (Prepare Mixed) (G1 Evacuation Pause) 3625M->1453M(4096M) 117.267ms
[3926.422s][info][gc,cpu         ] GC(995) User=0.69s Sys=0.00s Real=0.11s
..[3929.010s][info][gc,start       ] GC(996) Pause Young (Mixed) (G1 Evacuation Pause)
[3929.010s][info][gc,task        ] GC(996) Using 6 workers of 6 for evacuation
[3929.153s][info][gc,phases      ] GC(996)   Pre Evacuate Collection Set: 0.37ms
[3929.153s][info][gc,phases      ] GC(996)   Merge Heap Roots: 0.68ms
[3929.153s][info][gc,phases      ] GC(996)   Evacuate Collection Set: 140.20ms
[3929.153s][info][gc,phases      ] GC(996)   Post Evacuate Collection Set: 0.96ms
[3929.153s][info][gc,phases      ] GC(996)   Other: 0.09ms
[3929.153s][info][gc,heap        ] GC(996) Eden regions: 1108->0(1113)
[3929.153s][info][gc,heap        ] GC(996) Survivor regions: 110->115(153)
[3929.153s][info][gc,heap        ] GC(996) Old regions: 537->473
[3929.153s][info][gc,heap        ] GC(996) Humongous regions: 80->80
[3929.153s][info][gc,metaspace   ] GC(996) Metaspace: 28934K(29312K)->28934K(29312K) NonClass: 24066K(24256K)->24066K(24256K) Class: 4868K(5056K)->4868K(5056K)
[3929.153s][info][gc             ] GC(996) Pause Young (Mixed) (G1 Evacuation Pause) 3669M->1334M(4096M) 142.461ms
[3929.153s][info][gc,cpu         ] GC(996) User=0.84s Sys=0.00s Real=0.15s
...[3931.720s][info][gc,start       ] GC(997) Pause Young (Concurrent Start) (G1 Evacuation Pause)
[3931.720s][info][gc,task        ] GC(997) Using 6 workers of 6 for evacuation
[3931.839s][info][gc,phases      ] GC(997)   Pre Evacuate Collection Set: 0.37ms
[3931.839s][info][gc,phases      ] GC(997)   Merge Heap Roots: 0.44ms
[3931.839s][info][gc,phases      ] GC(997)   Evacuate Collection Set: 117.38ms
[3931.839s][info][gc,phases      ] GC(997)   Post Evacuate Collection Set: 0.91ms
[3931.839s][info][gc,phases      ] GC(997)   Other: 0.12ms
[3931.839s][info][gc,heap        ] GC(997) Eden regions: 1113->0(1117)
[3931.839s][info][gc,heap        ] GC(997) Survivor regions: 115->111(154)
[3931.839s][info][gc,heap        ] GC(997) Old regions: 473->504
[3931.839s][info][gc,heap        ] GC(997) Humongous regions: 80->80
[3931.839s][info][gc,metaspace   ] GC(997) Metaspace: 28934K(29312K)->28934K(29312K) NonClass: 24066K(24256K)->24066K(24256K) Class: 4868K(5056K)->4868K(5056K)
[3931.839s][info][gc             ] GC(997) Pause Young (Concurrent Start) (G1 Evacuation Pause) 3560M->1388M(4096M) 119.345ms
[3931.839s][info][gc             ] GC(998) Concurrent Mark Cycle
[3931.839s][info][gc,marking     ] GC(998) Concurrent Scan Root Regions
[3931.839s][info][gc,cpu         ] GC(997) User=0.70s Sys=0.00s Real=0.12s
[3931.994s][info][gc,marking     ] GC(998) Concurrent Scan Root Regions 154.834ms
[3931.994s][info][gc,marking     ] GC(998) Concurrent Mark
[3931.994s][info][gc,marking     ] GC(998) Concurrent Mark From Roots
[3931.994s][info][gc,task        ] GC(998) Using 2 workers of 2 for marking
.[3932.929s][info][gc,marking     ] GC(998) Concurrent Mark From Roots 934.939ms
[3932.929s][info][gc,marking     ] GC(998) Concurrent Preclean
[3932.929s][info][gc,marking     ] GC(998) Concurrent Preclean 0.115ms
[3932.930s][info][gc,start       ] GC(998) Pause Remark
[3932.938s][info][gc             ] GC(998) Pause Remark 2294M->2294M(4096M) 8.129ms
[3932.939s][info][gc,cpu         ] GC(998) User=0.05s Sys=0.00s Real=0.01s
[3932.939s][info][gc,marking     ] GC(998) Concurrent Mark 944.542ms
[3932.939s][info][gc,marking     ] GC(998) Concurrent Rebuild Remembered Sets and Scrub Regions
.[3933.344s][info][gc,marking     ] GC(998) Concurrent Rebuild Remembered Sets and Scrub Regions 405.156ms
[3933.344s][info][gc,start       ] GC(998) Pause Cleanup
[3933.344s][info][gc             ] GC(998) Pause Cleanup 2653M->2653M(4096M) 0.105ms
[3933.344s][info][gc,cpu         ] GC(998) User=0.00s Sys=0.00s Real=0.00s
[3933.344s][info][gc,marking     ] GC(998) Concurrent Clear Claimed Marks
[3933.344s][info][gc,marking     ] GC(998) Concurrent Clear Claimed Marks 0.022ms
[3933.344s][info][gc,marking     ] GC(998) Concurrent Cleanup for Next Mark
[3933.347s][info][gc,marking     ] GC(998) Concurrent Cleanup for Next Mark 3.323ms
[3933.347s][info][gc             ] GC(998) Concurrent Mark Cycle 1508.290ms
.[3934.475s][info][gc,start       ] GC(999) Pause Young (Prepare Mixed) (G1 Evacuation Pause)
[3934.475s][info][gc,task        ] GC(999) Using 6 workers of 6 for evacuation
[3934.599s][info][gc,phases      ] GC(999)   Pre Evacuate Collection Set: 0.34ms
[3934.599s][info][gc,phases      ] GC(999)   Merge Heap Roots: 0.56ms
[3934.599s][info][gc,phases      ] GC(999)   Evacuate Collection Set: 121.80ms
[3934.599s][info][gc,phases      ] GC(999)   Post Evacuate Collection Set: 0.94ms
[3934.599s][info][gc,phases      ] GC(999)   Other: 0.08ms
[3934.599s][info][gc,heap        ] GC(999) Eden regions: 1117->0(1105)
[3934.599s][info][gc,heap        ] GC(999) Survivor regions: 111->112(154)
[3934.599s][info][gc,heap        ] GC(999) Old regions: 504->536
[3934.599s][info][gc,heap        ] GC(999) Humongous regions: 80->80
[3934.599s][info][gc,metaspace   ] GC(999) Metaspace: 28934K(29312K)->28934K(29312K) NonClass: 24066K(24256K)->24066K(24256K) Class: 4868K(5056K)->4868K(5056K)
[3934.599s][info][gc             ] GC(999) Pause Young (Prepare Mixed) (G1 Evacuation Pause) 3622M->1455M(4096M) 123.870ms
[3934.599s][info][gc,cpu         ] GC(999) User=0.73s Sys=0.01s Real=0.12s
..[3937.182s][info][gc,start       ] GC(1000) Pause Young (Mixed) (G1 Evacuation Pause)
[3937.182s][info][gc,task        ] GC(1000) Using 6 workers of 6 for evacuation
[3937.313s][info][gc,phases      ] GC(1000)   Pre Evacuate Collection Set: 0.42ms
[3937.313s][info][gc,phases      ] GC(1000)   Merge Heap Roots: 0.71ms
[3937.313s][info][gc,phases      ] GC(1000)   Evacuate Collection Set: 128.40ms
[3937.313s][info][gc,phases      ] GC(1000)   Post Evacuate Collection Set: 0.97ms
[3937.313s][info][gc,phases      ] GC(1000)   Other: 0.09ms
[3937.313s][info][gc,heap        ] GC(1000) Eden regions: 1105->0(1120)
[3937.313s][info][gc,heap        ] GC(1000) Survivor regions: 112->108(153)
[3937.313s][info][gc,heap        ] GC(1000) Old regions: 536->473
[3937.313s][info][gc,heap        ] GC(1000) Humongous regions: 80->80
[3937.313s][info][gc,metaspace   ] GC(1000) Metaspace: 28934K(29312K)->28934K(29312K) NonClass: 24066K(24256K)->24066K(24256K) Class: 4868K(5056K)->4868K(5056K)
[3937.313s][info][gc             ] GC(1000) Pause Young (Mixed) (G1 Evacuation Pause) 3665M->1320M(4096M) 130.707ms
[3937.313s][info][gc,cpu         ] GC(1000) User=0.78s Sys=0.00s Real=0.13s
...[3939.920s][info][gc,start       ] GC(1001) Pause Young (Concurrent Start) (G1 Evacuation Pause)
[3939.920s][info][gc,task        ] GC(1001) Using 6 workers of 6 for evacuation
[3940.037s][info][gc,phases      ] GC(1001)   Pre Evacuate Collection Set: 0.42ms
[3940.037s][info][gc,phases      ] GC(1001)   Merge Heap Roots: 0.51ms
[3940.037s][info][gc,phases      ] GC(1001)   Evacuate Collection Set: 114.95ms
[3940.037s][info][gc,phases      ] GC(1001)   Post Evacuate Collection Set: 0.86ms
[3940.037s][info][gc,phases      ] GC(1001)   Other: 0.13ms
[3940.037s][info][gc,heap        ] GC(1001) Eden regions: 1120->0(1118)
[3940.037s][info][gc,heap        ] GC(1001) Survivor regions: 108->110(154)
[3940.037s][info][gc,heap        ] GC(1001) Old regions: 473->506
[3940.037s][info][gc,heap        ] GC(1001) Humongous regions: 80->80
[3940.037s][info][gc,metaspace   ] GC(1001) Metaspace: 28934K(29312K)->28934K(29312K) NonClass: 24066K(24256K)->24066K(24256K) Class: 4868K(5056K)->4868K(5056K)
[3940.037s][info][gc             ] GC(1001) Pause Young (Concurrent Start) (G1 Evacuation Pause) 3560M->1389M(4096M) 117.000ms
[3940.037s][info][gc             ] GC(1002) Concurrent Mark Cycle
[3940.037s][info][gc,marking     ] GC(1002) Concurrent Scan Root Regions
[3940.037s][info][gc,cpu         ] GC(1001) User=0.70s Sys=0.00s Real=0.12s
[3940.219s][info][gc,marking     ] GC(1002) Concurrent Scan Root Regions 182.648ms
[3940.219s][info][gc,marking     ] GC(1002) Concurrent Mark
[3940.219s][info][gc,marking     ] GC(1002) Concurrent Mark From Roots
[3940.219s][info][gc,task        ] GC(1002) Using 2 workers of 2 for marking
.[3941.160s][info][gc,marking     ] GC(1002) Concurrent Mark From Roots 940.411ms
[3941.160s][info][gc,marking     ] GC(1002) Concurrent Preclean
[3941.160s][info][gc,marking     ] GC(1002) Concurrent Preclean 0.111ms
[3941.160s][info][gc,start       ] GC(1002) Pause Remark
[3941.168s][info][gc             ] GC(1002) Pause Remark 2378M->2378M(4096M) 8.068ms
[3941.168s][info][gc,cpu         ] GC(1002) User=0.05s Sys=0.01s Real=0.01s
[3941.211s][info][gc,marking     ] GC(1002) Concurrent Mark 991.768ms
[3941.211s][info][gc,marking     ] GC(1002) Concurrent Rebuild Remembered Sets and Scrub Regions
.[3941.544s][info][gc,marking     ] GC(1002) Concurrent Rebuild Remembered Sets and Scrub Regions 332.614ms
[3941.544s][info][gc,start       ] GC(1002) Pause Cleanup
[3941.544s][info][gc             ] GC(1002) Pause Cleanup 2693M->2693M(4096M) 0.113ms
[3941.544s][info][gc,cpu         ] GC(1002) User=0.00s Sys=0.00s Real=0.00s
[3941.545s][info][gc,marking     ] GC(1002) Concurrent Clear Claimed Marks
[3941.545s][info][gc,marking     ] GC(1002) Concurrent Clear Claimed Marks 0.032ms
[3941.545s][info][gc,marking     ] GC(1002) Concurrent Cleanup for Next Mark
[3941.550s][info][gc,marking     ] GC(1002) Concurrent Cleanup for Next Mark 5.588ms
[3941.550s][info][gc             ] GC(1002) Concurrent Mark Cycle 1513.629ms
.[3942.643s][info][gc,start       ] GC(1003) Pause Young (Prepare Mixed) (G1 Evacuation Pause)
[3942.643s][info][gc,task        ] GC(1003) Using 6 workers of 6 for evacuation
[3942.759s][info][gc,phases      ] GC(1003)   Pre Evacuate Collection Set: 0.41ms
[3942.759s][info][gc,phases      ] GC(1003)   Merge Heap Roots: 0.49ms
[3942.759s][info][gc,phases      ] GC(1003)   Evacuate Collection Set: 114.00ms
[3942.759s][info][gc,phases      ] GC(1003)   Post Evacuate Collection Set: 0.91ms
[3942.759s][info][gc,phases      ] GC(1003)   Other: 0.08ms
[3942.759s][info][gc,heap        ] GC(1003) Eden regions: 1118->0(1108)
[3942.759s][info][gc,heap        ] GC(1003) Survivor regions: 110->110(154)
[3942.759s][info][gc,heap        ] GC(1003) Old regions: 506->537
[3942.759s][info][gc,heap        ] GC(1003) Humongous regions: 80->80
[3942.759s][info][gc,metaspace   ] GC(1003) Metaspace: 28934K(29312K)->28934K(29312K) NonClass: 24066K(24256K)->24066K(24256K) Class: 4868K(5056K)->4868K(5056K)
[3942.759s][info][gc             ] GC(1003) Pause Young (Prepare Mixed) (G1 Evacuation Pause) 3625M->1452M(4096M) 116.027ms
[3942.759s][info][gc,cpu         ] GC(1003) User=0.68s Sys=0.01s Real=0.11s
..[3945.326s][info][gc,start       ] GC(1004) Pause Young (Mixed) (G1 Evacuation Pause)
[3945.326s][info][gc,task        ] GC(1004) Using 6 workers of 6 for evacuation
[3945.459s][info][gc,phases      ] GC(1004)   Pre Evacuate Collection Set: 0.38ms
[3945.459s][info][gc,phases      ] GC(1004)   Merge Heap Roots: 0.57ms
[3945.459s][info][gc,phases      ] GC(1004)   Evacuate Collection Set: 130.81ms
[3945.459s][info][gc,phases      ] GC(1004)   Post Evacuate Collection Set: 0.97ms
[3945.459s][info][gc,phases      ] GC(1004)   Other: 0.09ms
[3945.459s][info][gc,heap        ] GC(1004) Eden regions: 1108->0(1119)
[3945.459s][info][gc,heap        ] GC(1004) Survivor regions: 110->109(153)
[3945.459s][info][gc,heap        ] GC(1004) Old regions: 537->475
[3945.459s][info][gc,heap        ] GC(1004) Humongous regions: 80->80
[3945.459s][info][gc,metaspace   ] GC(1004) Metaspace: 28934K(29312K)->28934K(29312K) NonClass: 24066K(24256K)->24066K(24256K) Class: 4868K(5056K)->4868K(5056K)
[3945.459s][info][gc             ] GC(1004) Pause Young (Mixed) (G1 Evacuation Pause) 3668M->1325M(4096M) 132.956ms
[3945.459s][info][gc,cpu         ] GC(1004) User=0.78s Sys=0.00s Real=0.13s
...[3948.124s][info][gc,start       ] GC(1005) Pause Young (Concurrent Start) (G1 Evacuation Pause)
[3948.124s][info][gc,task        ] GC(1005) Using 6 workers of 6 for evacuation
[3948.240s][info][gc,phases      ] GC(1005)   Pre Evacuate Collection Set: 0.40ms
[3948.240s][info][gc,phases      ] GC(1005)   Merge Heap Roots: 0.47ms
[3948.240s][info][gc,phases      ] GC(1005)   Evacuate Collection Set: 114.61ms
[3948.240s][info][gc,phases      ] GC(1005)   Post Evacuate Collection Set: 0.90ms
[3948.240s][info][gc,phases      ] GC(1005)   Other: 0.11ms
[3948.240s][info][gc,heap        ] GC(1005) Eden regions: 1119->0(1120)
[3948.240s][info][gc,heap        ] GC(1005) Survivor regions: 109->108(154)
[3948.240s][info][gc,heap        ] GC(1005) Old regions: 475->506
[3948.240s][info][gc,heap        ] GC(1005) Humongous regions: 80->80
[3948.240s][info][gc,metaspace   ] GC(1005) Metaspace: 28934K(29312K)->28934K(29312K) NonClass: 24066K(24256K)->24066K(24256K) Class: 4868K(5056K)->4868K(5056K)
[3948.240s][info][gc             ] GC(1005) Pause Young (Concurrent Start) (G1 Evacuation Pause) 3563M->1386M(4096M) 116.631ms
[3948.240s][info][gc             ] GC(1006) Concurrent Mark Cycle
[3948.240s][info][gc,marking     ] GC(1006) Concurrent Scan Root Regions
[3948.240s][info][gc,cpu         ] GC(1005) User=0.69s Sys=0.00s Real=0.11s
[3948.384s][info][gc,marking     ] GC(1006) Concurrent Scan Root Regions 143.810ms
[3948.384s][info][gc,marking     ] GC(1006) Concurrent Mark
[3948.384s][info][gc,marking     ] GC(1006) Concurrent Mark From Roots
[3948.384s][info][gc,task        ] GC(1006) Using 2 workers of 2 for marking
.[3949.134s][info][gc,marking     ] GC(1006) Concurrent Mark From Roots 750.139ms
[3949.134s][info][gc,marking     ] GC(1006) Concurrent Preclean
[3949.135s][info][gc,marking     ] GC(1006) Concurrent Preclean 0.147ms
[3949.138s][info][gc,start       ] GC(1006) Pause Remark
[3949.144s][info][gc             ] GC(1006) Pause Remark 2168M->2168M(4096M) 5.716ms
[3949.144s][info][gc,cpu         ] GC(1006) User=0.03s Sys=0.00s Real=0.01s
[3949.144s][info][gc,marking     ] GC(1006) Concurrent Mark 760.093ms
[3949.144s][info][gc,marking     ] GC(1006) Concurrent Rebuild Remembered Sets and Scrub Regions
[3949.564s][info][gc,marking     ] GC(1006) Concurrent Rebuild Remembered Sets and Scrub Regions 419.253ms
[3949.564s][info][gc,start       ] GC(1006) Pause Cleanup
[3949.564s][info][gc             ] GC(1006) Pause Cleanup 2560M->2560M(4096M) 0.113ms
[3949.564s][info][gc,cpu         ] GC(1006) User=0.01s Sys=0.00s Real=0.00s
[3949.564s][info][gc,marking     ] GC(1006) Concurrent Clear Claimed Marks
[3949.564s][info][gc,marking     ] GC(1006) Concurrent Clear Claimed Marks 0.025ms
[3949.564s][info][gc,marking     ] GC(1006) Concurrent Cleanup for Next Mark
[3949.568s][info][gc,marking     ] GC(1006) Concurrent Cleanup for Next Mark 4.237ms
[3949.568s][info][gc             ] GC(1006) Concurrent Mark Cycle 1327.921ms
..[3950.825s][info][gc,start       ] GC(1007) Pause Young (Prepare Mixed) (G1 Evacuation Pause)
[3950.825s][info][gc,task        ] GC(1007) Using 6 workers of 6 for evacuation
[3950.942s][info][gc,phases      ] GC(1007)   Pre Evacuate Collection Set: 0.37ms
[3950.942s][info][gc,phases      ] GC(1007)   Merge Heap Roots: 0.50ms
[3950.942s][info][gc,phases      ] GC(1007)   Evacuate Collection Set: 115.25ms
[3950.942s][info][gc,phases      ] GC(1007)   Post Evacuate Collection Set: 0.92ms
[3950.942s][info][gc,phases      ] GC(1007)   Other: 0.09ms
[3950.942s][info][gc,heap        ] GC(1007) Eden regions: 1120->0(1105)
[3950.942s][info][gc,heap        ] GC(1007) Survivor regions: 108->111(154)
[3950.942s][info][gc,heap        ] GC(1007) Old regions: 506->538
[3950.942s][info][gc,heap        ] GC(1007) Humongous regions: 80->80
[3950.942s][info][gc,metaspace   ] GC(1007) Metaspace: 28934K(29312K)->28934K(29312K) NonClass: 24066K(24256K)->24066K(24256K) Class: 4868K(5056K)->4868K(5056K)
[3950.942s][info][gc             ] GC(1007) Pause Young (Prepare Mixed) (G1 Evacuation Pause) 3626M->1455M(4096M) 117.258ms
[3950.942s][info][gc,cpu         ] GC(1007) User=0.70s Sys=0.00s Real=0.11s
..[3953.464s][info][gc,start       ] GC(1008) Pause Young (Mixed) (G1 Evacuation Pause)
[3953.464s][info][gc,task        ] GC(1008) Using 6 workers of 6 for evacuation
[3953.598s][info][gc,phases      ] GC(1008)   Pre Evacuate Collection Set: 0.40ms
[3953.598s][info][gc,phases      ] GC(1008)   Merge Heap Roots: 0.65ms
[3953.598s][info][gc,phases      ] GC(1008)   Evacuate Collection Set: 131.83ms
[3953.598s][info][gc,phases      ] GC(1008)   Post Evacuate Collection Set: 0.92ms
[3953.598s][info][gc,phases      ] GC(1008)   Other: 0.09ms
[3953.598s][info][gc,heap        ] GC(1008) Eden regions: 1105->0(1118)
[3953.598s][info][gc,heap        ] GC(1008) Survivor regions: 111->110(152)
[3953.598s][info][gc,heap        ] GC(1008) Old regions: 538->473
[3953.598s][info][gc,heap        ] GC(1008) Humongous regions: 80->80
[3953.598s][info][gc,metaspace   ] GC(1008) Metaspace: 28934K(29312K)->28934K(29312K) NonClass: 24066K(24256K)->24066K(24256K) Class: 4868K(5056K)->4868K(5056K)
[3953.598s][info][gc             ] GC(1008) Pause Young (Mixed) (G1 Evacuation Pause) 3665M->1324M(4096M) 134.032ms
[3953.598s][info][gc,cpu         ] GC(1008) User=0.79s Sys=0.00s Real=0.13s
...[3956.197s][info][gc,start       ] GC(1009) Pause Young (Concurrent Start) (G1 Evacuation Pause)
[3956.197s][info][gc,task        ] GC(1009) Using 6 workers of 6 for evacuation
[3956.313s][info][gc,phases      ] GC(1009)   Pre Evacuate Collection Set: 0.37ms
[3956.313s][info][gc,phases      ] GC(1009)   Merge Heap Roots: 0.45ms
[3956.313s][info][gc,phases      ] GC(1009)   Evacuate Collection Set: 113.48ms
[3956.313s][info][gc,phases      ] GC(1009)   Post Evacuate Collection Set: 0.88ms
[3956.313s][info][gc,phases      ] GC(1009)   Other: 0.10ms
[3956.313s][info][gc,heap        ] GC(1009) Eden regions: 1118->0(1120)
[3956.313s][info][gc,heap        ] GC(1009) Survivor regions: 110->108(154)
[3956.313s][info][gc,heap        ] GC(1009) Old regions: 473->506
[3956.313s][info][gc,heap        ] GC(1009) Humongous regions: 80->80
[3956.313s][info][gc,metaspace   ] GC(1009) Metaspace: 28934K(29312K)->28934K(29312K) NonClass: 24066K(24256K)->24066K(24256K) Class: 4868K(5056K)->4868K(5056K)
[3956.313s][info][gc             ] GC(1009) Pause Young (Concurrent Start) (G1 Evacuation Pause) 3560M->1385M(4096M) 115.410ms
[3956.313s][info][gc             ] GC(1010) Concurrent Mark Cycle
[3956.313s][info][gc,marking     ] GC(1010) Concurrent Scan Root Regions
[3956.313s][info][gc,cpu         ] GC(1009) User=0.68s Sys=0.00s Real=0.12s
[3956.499s][info][gc,marking     ] GC(1010) Concurrent Scan Root Regions 186.267ms
[3956.499s][info][gc,marking     ] GC(1010) Concurrent Mark
[3956.499s][info][gc,marking     ] GC(1010) Concurrent Mark From Roots
[3956.499s][info][gc,task        ] GC(1010) Using 2 workers of 2 for marking
.[3957.482s][info][gc,marking     ] GC(1010) Concurrent Mark From Roots 982.671ms
[3957.482s][info][gc,marking     ] GC(1010) Concurrent Preclean
[3957.482s][info][gc,marking     ] GC(1010) Concurrent Preclean 0.139ms
[3957.482s][info][gc,start       ] GC(1010) Pause Remark
[3957.489s][info][gc             ] GC(1010) Pause Remark 2394M->2394M(4096M) 6.165ms
[3957.489s][info][gc,cpu         ] GC(1010) User=0.03s Sys=0.00s Real=0.00s
[3957.490s][info][gc,marking     ] GC(1010) Concurrent Mark 990.842ms
[3957.490s][info][gc,marking     ] GC(1010) Concurrent Rebuild Remembered Sets and Scrub Regions
.[3957.848s][info][gc,marking     ] GC(1010) Concurrent Rebuild Remembered Sets and Scrub Regions 358.350ms
[3957.849s][info][gc,start       ] GC(1010) Pause Cleanup
[3957.849s][info][gc             ] GC(1010) Pause Cleanup 2686M->2686M(4096M) 0.115ms
[3957.849s][info][gc,cpu         ] GC(1010) User=0.00s Sys=0.00s Real=0.00s
[3957.849s][info][gc,marking     ] GC(1010) Concurrent Clear Claimed Marks
[3957.849s][info][gc,marking     ] GC(1010) Concurrent Clear Claimed Marks 0.018ms
[3957.849s][info][gc,marking     ] GC(1010) Concurrent Cleanup for Next Mark
[3957.857s][info][gc,marking     ] GC(1010) Concurrent Cleanup for Next Mark 8.298ms
[3957.857s][info][gc             ] GC(1010) Concurrent Mark Cycle 1544.386ms
.[3958.929s][info][gc,start       ] GC(1011) Pause Young (Prepare Mixed) (G1 Evacuation Pause)
[3958.929s][info][gc,task        ] GC(1011) Using 6 workers of 6 for evacuation
[3959.050s][info][gc,phases      ] GC(1011)   Pre Evacuate Collection Set: 0.32ms
[3959.050s][info][gc,phases      ] GC(1011)   Merge Heap Roots: 0.49ms
[3959.050s][info][gc,phases      ] GC(1011)   Evacuate Collection Set: 119.20ms
[3959.050s][info][gc,phases      ] GC(1011)   Post Evacuate Collection Set: 0.94ms
[3959.050s][info][gc,phases      ] GC(1011)   Other: 0.09ms
[3959.050s][info][gc,heap        ] GC(1011) Eden regions: 1120->0(1102)
[3959.050s][info][gc,heap        ] GC(1011) Survivor regions: 108->113(154)
[3959.050s][info][gc,heap        ] GC(1011) Old regions: 506->537
[3959.050s][info][gc,heap        ] GC(1011) Humongous regions: 80->80
[3959.050s][info][gc,metaspace   ] GC(1011) Metaspace: 28934K(29312K)->28934K(29312K) NonClass: 24066K(24256K)->24066K(24256K) Class: 4868K(5056K)->4868K(5056K)
[3959.050s][info][gc             ] GC(1011) Pause Young (Prepare Mixed) (G1 Evacuation Pause) 3625M->1458M(4096M) 121.186ms
[3959.050s][info][gc,cpu         ] GC(1011) User=0.71s Sys=0.00s Real=0.12s
..[3961.600s][info][gc,start       ] GC(1012) Pause Young (Mixed) (G1 Evacuation Pause)
[3961.600s][info][gc,task        ] GC(1012) Using 6 workers of 6 for evacuation
[3961.735s][info][gc,phases      ] GC(1012)   Pre Evacuate Collection Set: 0.40ms
[3961.735s][info][gc,phases      ] GC(1012)   Merge Heap Roots: 0.62ms
[3961.735s][info][gc,phases      ] GC(1012)   Evacuate Collection Set: 132.29ms
[3961.735s][info][gc,phases      ] GC(1012)   Post Evacuate Collection Set: 0.99ms
[3961.735s][info][gc,phases      ] GC(1012)   Other: 0.10ms
[3961.735s][info][gc,heap        ] GC(1012) Eden regions: 1102->0(1119)
[3961.735s][info][gc,heap        ] GC(1012) Survivor regions: 113->109(152)
[3961.735s][info][gc,heap        ] GC(1012) Old regions: 537->474
[3961.735s][info][gc,heap        ] GC(1012) Humongous regions: 80->80
[3961.735s][info][gc,metaspace   ] GC(1012) Metaspace: 28934K(29312K)->28934K(29312K) NonClass: 24066K(24256K)->24066K(24256K) Class: 4868K(5056K)->4868K(5056K)
[3961.735s][info][gc             ] GC(1012) Pause Young (Mixed) (G1 Evacuation Pause) 3662M->1324M(4096M) 134.516ms
[3961.735s][info][gc,cpu         ] GC(1012) User=0.79s Sys=0.00s Real=0.14s
...[3964.359s][info][gc,start       ] GC(1013) Pause Young (Concurrent Start) (G1 Evacuation Pause)
[3964.359s][info][gc,task        ] GC(1013) Using 6 workers of 6 for evacuation
[3964.475s][info][gc,phases      ] GC(1013)   Pre Evacuate Collection Set: 0.44ms
[3964.475s][info][gc,phases      ] GC(1013)   Merge Heap Roots: 0.52ms
[3964.475s][info][gc,phases      ] GC(1013)   Evacuate Collection Set: 114.29ms
[3964.475s][info][gc,phases      ] GC(1013)   Post Evacuate Collection Set: 0.87ms
[3964.475s][info][gc,phases      ] GC(1013)   Other: 0.12ms
[3964.475s][info][gc,heap        ] GC(1013) Eden regions: 1119->0(1120)
[3964.475s][info][gc,heap        ] GC(1013) Survivor regions: 109->108(154)
[3964.475s][info][gc,heap        ] GC(1013) Old regions: 474->506
[3964.475s][info][gc,heap        ] GC(1013) Humongous regions: 80->80
[3964.475s][info][gc,metaspace   ] GC(1013) Metaspace: 28934K(29312K)->28934K(29312K) NonClass: 24066K(24256K)->24066K(24256K) Class: 4868K(5056K)->4868K(5056K)
[3964.475s][info][gc             ] GC(1013) Pause Young (Concurrent Start) (G1 Evacuation Pause) 3562M->1386M(4096M) 116.350ms
[3964.475s][info][gc             ] GC(1014) Concurrent Mark Cycle
[3964.476s][info][gc,marking     ] GC(1014) Concurrent Scan Root Regions
[3964.476s][info][gc,cpu         ] GC(1013) User=0.69s Sys=0.00s Real=0.12s
[3964.625s][info][gc,marking     ] GC(1014) Concurrent Scan Root Regions 149.096ms
[3964.625s][info][gc,marking     ] GC(1014) Concurrent Mark
[3964.625s][info][gc,marking     ] GC(1014) Concurrent Mark From Roots
[3964.625s][info][gc,task        ] GC(1014) Using 2 workers of 2 for marking
. (rIR:aIR:PR = 6918:6899:6899) (tPR = 102022) [OK] 
  3964s: Performance info:
         Transaction,    Success,    Partial,     Failed,   Receipts, AvgBarcode, 
             Overall,     420918,          0,          0,     399850,      59.48, 
         Response times:
             Request,    Success,    Partial,     Failed,   SkipFail,     Probes,    Samples,      min,      p50,      p90,      p95,      p99,      max, 
       TotalPurchase,     399870,          0,          0,          0,     363255,     390909,      300,     5900,    52000,    86000,   147000,   289000,
     InStorePurchase,     210463,          0,          0,          0,     191524,     205788,      300,     5900,    52000,    86000,   146000,   289000,
      OnlinePurchase,     147257,          0,          0,          0,     133236,     143402,      300,     6000,    53000,    86000,   148000,   289000,
        InstPurchase,      42150,          0,          0,          0,      38495,      41719,      400,     5700,    50000,    82000,   146000,   289000,
          AssocOfCat,        420,          0,          0,          0,        329,        408,    25000,    37000,    93100,   133750,   188640,   244000,
      AssocOfProduct,       4210,          0,          0,          0,       3834,       4367,      800,     7200,    57000,    83600,   148000,   318000,
      BusinessReport,       1054,          0,          0,          0,        931,       1138,    29000,    45000,   118000,   166100,   228440,   276000,
          CustBuyBeh,       4221,          0,          0,          0,       3918,       4375,      200,     3400,    42000,    68000,   130000,   318000,
       ProductReturn,      11158,          0,          0,          0,       9507,      10644,      400,     6200,    52000,    82000,   151000,   318000,

  3964s: (51%)   IR =   7057 [3965.364s][info][gc,marking     ] GC(1014) Concurrent Mark From Roots 738.861ms
[3965.364s][info][gc,marking     ] GC(1014) Concurrent Preclean
[3965.364s][info][gc,marking     ] GC(1014) Concurrent Preclean 0.112ms
[3965.365s][info][gc,start       ] GC(1014) Pause Remark
[3965.369s][info][gc             ] GC(1014) Pause Remark 2118M->2118M(4096M) 4.129ms
[3965.369s][info][gc,cpu         ] GC(1014) User=0.03s Sys=0.00s Real=0.00s
[3965.369s][info][gc,marking     ] GC(1014) Concurrent Mark 744.404ms
[3965.369s][info][gc,marking     ] GC(1014) Concurrent Rebuild Remembered Sets and Scrub Regions
[3965.628s][info][gc,marking     ] GC(1014) Concurrent Rebuild Remembered Sets and Scrub Regions 258.963ms
[3965.628s][info][gc,start       ] GC(1014) Pause Cleanup
[3965.628s][info][gc             ] GC(1014) Pause Cleanup 2336M->2336M(4096M) 0.106ms
[3965.628s][info][gc,cpu         ] GC(1014) User=0.00s Sys=0.00s Real=0.00s
[3965.628s][info][gc,marking     ] GC(1014) Concurrent Clear Claimed Marks
[3965.628s][info][gc,marking     ] GC(1014) Concurrent Clear Claimed Marks 0.019ms
[3965.628s][info][gc,marking     ] GC(1014) Concurrent Cleanup for Next Mark
[3965.633s][info][gc,marking     ] GC(1014) Concurrent Cleanup for Next Mark 4.768ms
[3965.633s][info][gc             ] GC(1014) Concurrent Mark Cycle 1157.704ms
..[3967.190s][info][gc,start       ] GC(1015) Pause Young (Prepare Mixed) (G1 Evacuation Pause)
[3967.190s][info][gc,task        ] GC(1015) Using 6 workers of 6 for evacuation
[3967.309s][info][gc,phases      ] GC(1015)   Pre Evacuate Collection Set: 0.35ms
[3967.309s][info][gc,phases      ] GC(1015)   Merge Heap Roots: 0.50ms
[3967.309s][info][gc,phases      ] GC(1015)   Evacuate Collection Set: 117.29ms
[3967.309s][info][gc,phases      ] GC(1015)   Post Evacuate Collection Set: 0.96ms
[3967.309s][info][gc,phases      ] GC(1015)   Other: 0.09ms
[3967.309s][info][gc,heap        ] GC(1015) Eden regions: 1120->0(1106)
[3967.309s][info][gc,heap        ] GC(1015) Survivor regions: 108->111(154)
[3967.309s][info][gc,heap        ] GC(1015) Old regions: 506->537
[3967.309s][info][gc,heap        ] GC(1015) Humongous regions: 80->80
[3967.309s][info][gc,metaspace   ] GC(1015) Metaspace: 28934K(29312K)->28934K(29312K) NonClass: 24066K(24256K)->24066K(24256K) Class: 4868K(5056K)->4868K(5056K)
[3967.309s][info][gc             ] GC(1015) Pause Young (Prepare Mixed) (G1 Evacuation Pause) 3626M->1454M(4096M) 119.319ms
[3967.309s][info][gc,cpu         ] GC(1015) User=0.71s Sys=0.00s Real=0.12s
..[3969.799s][info][gc,start       ] GC(1016) Pause Young (Mixed) (G1 Evacuation Pause)
[3969.799s][info][gc,task        ] GC(1016) Using 6 workers of 6 for evacuation
[3969.937s][info][gc,phases      ] GC(1016)   Pre Evacuate Collection Set: 0.38ms
[3969.937s][info][gc,phases      ] GC(1016)   Merge Heap Roots: 0.71ms
[3969.937s][info][gc,phases      ] GC(1016)   Evacuate Collection Set: 135.87ms
[3969.937s][info][gc,phases      ] GC(1016)   Post Evacuate Collection Set: 0.96ms
[3969.937s][info][gc,phases      ] GC(1016)   Other: 0.09ms
[3969.937s][info][gc,heap        ] GC(1016) Eden regions: 1106->0(1116)
[3969.937s][info][gc,heap        ] GC(1016) Survivor regions: 111->112(153)
[3969.937s][info][gc,heap        ] GC(1016) Old regions: 537->474
[3969.937s][info][gc,heap        ] GC(1016) Humongous regions: 80->80
[3969.937s][info][gc,metaspace   ] GC(1016) Metaspace: 28934K(29312K)->28934K(29312K) NonClass: 24066K(24256K)->24066K(24256K) Class: 4868K(5056K)->4868K(5056K)
[3969.937s][info][gc             ] GC(1016) Pause Young (Mixed) (G1 Evacuation Pause) 3666M->1331M(4096M) 138.152ms
[3969.937s][info][gc,cpu         ] GC(1016) User=0.82s Sys=0.00s Real=0.14s
.|..[3972.493s][info][gc,start       ] GC(1017) Pause Young (Concurrent Start) (G1 Evacuation Pause)
[3972.493s][info][gc,task        ] GC(1017) Using 6 workers of 6 for evacuation
[3972.613s][info][gc,phases      ] GC(1017)   Pre Evacuate Collection Set: 0.37ms
[3972.613s][info][gc,phases      ] GC(1017)   Merge Heap Roots: 0.46ms
[3972.613s][info][gc,phases      ] GC(1017)   Evacuate Collection Set: 118.08ms
[3972.613s][info][gc,phases      ] GC(1017)   Post Evacuate Collection Set: 0.91ms
[3972.613s][info][gc,phases      ] GC(1017)   Other: 0.12ms
[3972.613s][info][gc,heap        ] GC(1017) Eden regions: 1116->0(1118)
[3972.613s][info][gc,heap        ] GC(1017) Survivor regions: 112->110(154)
[3972.613s][info][gc,heap        ] GC(1017) Old regions: 474->506
[3972.613s][info][gc,heap        ] GC(1017) Humongous regions: 80->80
[3972.613s][info][gc,metaspace   ] GC(1017) Metaspace: 28934K(29312K)->28934K(29312K) NonClass: 24066K(24256K)->24066K(24256K) Class: 4868K(5056K)->4868K(5056K)
[3972.613s][info][gc             ] GC(1017) Pause Young (Concurrent Start) (G1 Evacuation Pause) 3563M->1390M(4096M) 120.086ms
[3972.613s][info][gc             ] GC(1018) Concurrent Mark Cycle
[3972.613s][info][gc,marking     ] GC(1018) Concurrent Scan Root Regions
[3972.613s][info][gc,cpu         ] GC(1017) User=0.71s Sys=0.00s Real=0.12s
[3972.814s][info][gc,marking     ] GC(1018) Concurrent Scan Root Regions 200.489ms
[3972.814s][info][gc,marking     ] GC(1018) Concurrent Mark
[3972.814s][info][gc,marking     ] GC(1018) Concurrent Mark From Roots
[3972.814s][info][gc,task        ] GC(1018) Using 2 workers of 2 for marking
.[3973.756s][info][gc,marking     ] GC(1018) Concurrent Mark From Roots 942.420ms
[3973.756s][info][gc,marking     ] GC(1018) Concurrent Preclean
[3973.756s][info][gc,marking     ] GC(1018) Concurrent Preclean 0.142ms
[3973.757s][info][gc,start       ] GC(1018) Pause Remark
[3973.764s][info][gc             ] GC(1018) Pause Remark 2446M->2446M(4096M) 7.424ms
[3973.764s][info][gc,cpu         ] GC(1018) User=0.04s Sys=0.00s Real=0.01s
[3973.764s][info][gc,marking     ] GC(1018) Concurrent Mark 950.288ms
[3973.764s][info][gc,marking     ] GC(1018) Concurrent Rebuild Remembered Sets and Scrub Regions
[3974.064s][info][gc,marking     ] GC(1018) Concurrent Rebuild Remembered Sets and Scrub Regions 299.806ms
[3974.064s][info][gc,start       ] GC(1018) Pause Cleanup
[3974.065s][info][gc             ] GC(1018) Pause Cleanup 2671M->2671M(4096M) 0.817ms
[3974.065s][info][gc,cpu         ] GC(1018) User=0.00s Sys=0.00s Real=0.00s
[3974.065s][info][gc,marking     ] GC(1018) Concurrent Clear Claimed Marks
[3974.065s][info][gc,marking     ] GC(1018) Concurrent Clear Claimed Marks 0.024ms
[3974.065s][info][gc,marking     ] GC(1018) Concurrent Cleanup for Next Mark
[3974.069s][info][gc,marking     ] GC(1018) Concurrent Cleanup for Next Mark 4.214ms
[3974.069s][info][gc             ] GC(1018) Concurrent Mark Cycle 1456.014ms
..[3975.111s][info][gc,start       ] GC(1019) Pause Young (Prepare Mixed) (G1 Evacuation Pause)
[3975.111s][info][gc,task        ] GC(1019) Using 6 workers of 6 for evacuation
[3975.227s][info][gc,phases      ] GC(1019)   Pre Evacuate Collection Set: 0.32ms
[3975.227s][info][gc,phases      ] GC(1019)   Merge Heap Roots: 0.51ms
[3975.227s][info][gc,phases      ] GC(1019)   Evacuate Collection Set: 114.11ms
[3975.227s][info][gc,phases      ] GC(1019)   Post Evacuate Collection Set: 0.94ms
[3975.227s][info][gc,phases      ] GC(1019)   Other: 0.09ms
[3975.227s][info][gc,heap        ] GC(1019) Eden regions: 1118->0(1114)
[3975.227s][info][gc,heap        ] GC(1019) Survivor regions: 110->107(154)
[3975.227s][info][gc,heap        ] GC(1019) Old regions: 506->537
[3975.227s][info][gc,heap        ] GC(1019) Humongous regions: 80->80
[3975.227s][info][gc,metaspace   ] GC(1019) Metaspace: 28934K(29312K)->28934K(29312K) NonClass: 24066K(24256K)->24066K(24256K) Class: 4868K(5056K)->4868K(5056K)
[3975.227s][info][gc             ] GC(1019) Pause Young (Prepare Mixed) (G1 Evacuation Pause) 3626M->1447M(4096M) 116.122ms
[3975.227s][info][gc,cpu         ] GC(1019) User=0.69s Sys=0.00s Real=0.12s
..[3977.788s][info][gc,start       ] GC(1020) Pause Young (Mixed) (G1 Evacuation Pause)
[3977.788s][info][gc,task        ] GC(1020) Using 6 workers of 6 for evacuation
[3977.923s][info][gc,phases      ] GC(1020)   Pre Evacuate Collection Set: 0.36ms
[3977.923s][info][gc,phases      ] GC(1020)   Merge Heap Roots: 0.57ms
[3977.923s][info][gc,phases      ] GC(1020)   Evacuate Collection Set: 133.58ms
[3977.923s][info][gc,phases      ] GC(1020)   Post Evacuate Collection Set: 0.97ms
[3977.923s][info][gc,phases      ] GC(1020)   Other: 0.09ms
[3977.923s][info][gc,heap        ] GC(1020) Eden regions: 1114->0(1115)
[3977.923s][info][gc,heap        ] GC(1020) Survivor regions: 107->113(153)
[3977.923s][info][gc,heap        ] GC(1020) Old regions: 537->473
[3977.923s][info][gc,heap        ] GC(1020) Humongous regions: 80->80
[3977.923s][info][gc,metaspace   ] GC(1020) Metaspace: 28934K(29312K)->28934K(29312K) NonClass: 24066K(24256K)->24066K(24256K) Class: 4868K(5056K)->4868K(5056K)
[3977.923s][info][gc             ] GC(1020) Pause Young (Mixed) (G1 Evacuation Pause) 3675M->1330M(4096M) 135.712ms
[3977.924s][info][gc,cpu         ] GC(1020) User=0.80s Sys=0.00s Real=0.14s
...[3980.487s][info][gc,start       ] GC(1021) Pause Young (Concurrent Start) (G1 Evacuation Pause)
[3980.487s][info][gc,task        ] GC(1021) Using 6 workers of 6 for evacuation
[3980.607s][info][gc,phases      ] GC(1021)   Pre Evacuate Collection Set: 0.36ms
[3980.607s][info][gc,phases      ] GC(1021)   Merge Heap Roots: 0.45ms
[3980.607s][info][gc,phases      ] GC(1021)   Evacuate Collection Set: 117.58ms
[3980.607s][info][gc,phases      ] GC(1021)   Post Evacuate Collection Set: 0.91ms
[3980.607s][info][gc,phases      ] GC(1021)   Other: 0.10ms
[3980.607s][info][gc,heap        ] GC(1021) Eden regions: 1115->0(1118)
[3980.607s][info][gc,heap        ] GC(1021) Survivor regions: 113->110(154)
[3980.607s][info][gc,heap        ] GC(1021) Old regions: 473->504
[3980.607s][info][gc,heap        ] GC(1021) Humongous regions: 80->80
[3980.607s][info][gc,metaspace   ] GC(1021) Metaspace: 28934K(29312K)->28934K(29312K) NonClass: 24066K(24256K)->24066K(24256K) Class: 4868K(5056K)->4868K(5056K)
[3980.607s][info][gc             ] GC(1021) Pause Young (Concurrent Start) (G1 Evacuation Pause) 3560M->1386M(4096M) 119.539ms
[3980.607s][info][gc             ] GC(1022) Concurrent Mark Cycle
[3980.607s][info][gc,marking     ] GC(1022) Concurrent Scan Root Regions
[3980.607s][info][gc,cpu         ] GC(1021) User=0.71s Sys=0.00s Real=0.12s
[3980.791s][info][gc,marking     ] GC(1022) Concurrent Scan Root Regions 183.724ms
[3980.791s][info][gc,marking     ] GC(1022) Concurrent Mark
[3980.791s][info][gc,marking     ] GC(1022) Concurrent Mark From Roots
[3980.791s][info][gc,task        ] GC(1022) Using 2 workers of 2 for marking
.[3981.756s][info][gc,marking     ] GC(1022) Concurrent Mark From Roots 965.267ms
[3981.756s][info][gc,marking     ] GC(1022) Concurrent Preclean
[3981.756s][info][gc,marking     ] GC(1022) Concurrent Preclean 0.105ms
[3981.756s][info][gc,start       ] GC(1022) Pause Remark
[3981.764s][info][gc             ] GC(1022) Pause Remark 2423M->2423M(4096M) 7.720ms
[3981.764s][info][gc,cpu         ] GC(1022) User=0.04s Sys=0.00s Real=0.01s
[3981.764s][info][gc,marking     ] GC(1022) Concurrent Mark 973.710ms
[3981.764s][info][gc,marking     ] GC(1022) Concurrent Rebuild Remembered Sets and Scrub Regions
[3982.089s][info][gc,marking     ] GC(1022) Concurrent Rebuild Remembered Sets and Scrub Regions 324.573ms
[3982.090s][info][gc,start       ] GC(1022) Pause Cleanup
[3982.091s][info][gc             ] GC(1022) Pause Cleanup 2708M->2708M(4096M) 0.130ms
[3982.091s][info][gc,cpu         ] GC(1022) User=0.00s Sys=0.00s Real=0.00s
[3982.091s][info][gc,marking     ] GC(1022) Concurrent Clear Claimed Marks
[3982.091s][info][gc,marking     ] GC(1022) Concurrent Clear Claimed Marks 0.033ms
[3982.091s][info][gc,marking     ] GC(1022) Concurrent Cleanup for Next Mark
[3982.096s][info][gc,marking     ] GC(1022) Concurrent Cleanup for Next Mark 5.148ms
[3982.096s][info][gc             ] GC(1022) Concurrent Mark Cycle 1489.392ms
..[3983.135s][info][gc,start       ] GC(1023) Pause Young (Prepare Mixed) (G1 Evacuation Pause)
[3983.136s][info][gc,task        ] GC(1023) Using 6 workers of 6 for evacuation
[3983.251s][info][gc,phases      ] GC(1023)   Pre Evacuate Collection Set: 0.35ms
[3983.251s][info][gc,phases      ] GC(1023)   Merge Heap Roots: 0.53ms
[3983.251s][info][gc,phases      ] GC(1023)   Evacuate Collection Set: 113.51ms
[3983.251s][info][gc,phases      ] GC(1023)   Post Evacuate Collection Set: 0.93ms
[3983.251s][info][gc,phases      ] GC(1023)   Other: 0.08ms
[3983.251s][info][gc,heap        ] GC(1023) Eden regions: 1118->0(1113)
[3983.251s][info][gc,heap        ] GC(1023) Survivor regions: 110->108(154)
[3983.251s][info][gc,heap        ] GC(1023) Old regions: 504->536
[3983.251s][info][gc,heap        ] GC(1023) Humongous regions: 80->80
[3983.251s][info][gc,metaspace   ] GC(1023) Metaspace: 28934K(29312K)->28934K(29312K) NonClass: 24066K(24256K)->24066K(24256K) Class: 4868K(5056K)->4868K(5056K)
[3983.251s][info][gc             ] GC(1023) Pause Young (Prepare Mixed) (G1 Evacuation Pause) 3622M->1446M(4096M) 115.541ms
[3983.251s][info][gc,cpu         ] GC(1023) User=0.68s Sys=0.00s Real=0.11s
..[3985.788s][info][gc,start       ] GC(1024) Pause Young (Mixed) (G1 Evacuation Pause)
[3985.788s][info][gc,task        ] GC(1024) Using 6 workers of 6 for evacuation
[3985.923s][info][gc,phases      ] GC(1024)   Pre Evacuate Collection Set: 0.39ms
[3985.923s][info][gc,phases      ] GC(1024)   Merge Heap Roots: 0.64ms
[3985.923s][info][gc,phases      ] GC(1024)   Evacuate Collection Set: 132.27ms
[3985.923s][info][gc,phases      ] GC(1024)   Post Evacuate Collection Set: 0.95ms
[3985.923s][info][gc,phases      ] GC(1024)   Other: 0.08ms
[3985.923s][info][gc,heap        ] GC(1024) Eden regions: 1113->0(1118)
[3985.923s][info][gc,heap        ] GC(1024) Survivor regions: 108->110(153)
[3985.923s][info][gc,heap        ] GC(1024) Old regions: 536->472
[3985.923s][info][gc,heap        ] GC(1024) Humongous regions: 80->80
[3985.923s][info][gc,metaspace   ] GC(1024) Metaspace: 28934K(29312K)->28934K(29312K) NonClass: 24066K(24256K)->24066K(24256K) Class: 4868K(5056K)->4868K(5056K)
[3985.923s][info][gc             ] GC(1024) Pause Young (Mixed) (G1 Evacuation Pause) 3672M->1322M(4096M) 134.469ms
[3985.923s][info][gc,cpu         ] GC(1024) User=0.79s Sys=0.00s Real=0.14s
...[3988.448s][info][gc,start       ] GC(1025) Pause Young (Concurrent Start) (G1 Evacuation Pause)
[3988.448s][info][gc,task        ] GC(1025) Using 6 workers of 6 for evacuation
[3988.563s][info][gc,phases      ] GC(1025)   Pre Evacuate Collection Set: 0.38ms
[3988.563s][info][gc,phases      ] GC(1025)   Merge Heap Roots: 0.43ms
[3988.563s][info][gc,phases      ] GC(1025)   Evacuate Collection Set: 112.88ms
[3988.563s][info][gc,phases      ] GC(1025)   Post Evacuate Collection Set: 0.88ms
[3988.563s][info][gc,phases      ] GC(1025)   Other: 0.10ms
[3988.563s][info][gc,heap        ] GC(1025) Eden regions: 1118->0(1121)
[3988.563s][info][gc,heap        ] GC(1025) Survivor regions: 110->107(154)
[3988.563s][info][gc,heap        ] GC(1025) Old regions: 472->504
[3988.563s][info][gc,heap        ] GC(1025) Humongous regions: 80->80
[3988.563s][info][gc,metaspace   ] GC(1025) Metaspace: 28934K(29312K)->28934K(29312K) NonClass: 24066K(24256K)->24066K(24256K) Class: 4868K(5056K)->4868K(5056K)
[3988.563s][info][gc             ] GC(1025) Pause Young (Concurrent Start) (G1 Evacuation Pause) 3558M->1380M(4096M) 114.812ms
[3988.563s][info][gc             ] GC(1026) Concurrent Mark Cycle
[3988.563s][info][gc,marking     ] GC(1026) Concurrent Scan Root Regions
[3988.563s][info][gc,cpu         ] GC(1025) User=0.68s Sys=0.00s Real=0.12s
[3988.763s][info][gc,marking     ] GC(1026) Concurrent Scan Root Regions 199.973ms
[3988.763s][info][gc,marking     ] GC(1026) Concurrent Mark
[3988.763s][info][gc,marking     ] GC(1026) Concurrent Mark From Roots
[3988.763s][info][gc,task        ] GC(1026) Using 2 workers of 2 for marking
.[3989.666s][info][gc,marking     ] GC(1026) Concurrent Mark From Roots 902.752ms
[3989.666s][info][gc,marking     ] GC(1026) Concurrent Preclean
[3989.666s][info][gc,marking     ] GC(1026) Concurrent Preclean 0.118ms
[3989.669s][info][gc,start       ] GC(1026) Pause Remark
[3989.677s][info][gc             ] GC(1026) Pause Remark 2362M->2362M(4096M) 7.817ms
[3989.677s][info][gc,cpu         ] GC(1026) User=0.05s Sys=0.00s Real=0.01s
[3989.677s][info][gc,marking     ] GC(1026) Concurrent Mark 914.182ms
[3989.677s][info][gc,marking     ] GC(1026) Concurrent Rebuild Remembered Sets and Scrub Regions
[3989.941s][info][gc,marking     ] GC(1026) Concurrent Rebuild Remembered Sets and Scrub Regions 264.062ms
[3989.944s][info][gc,start       ] GC(1026) Pause Cleanup
[3989.944s][info][gc             ] GC(1026) Pause Cleanup 2590M->2590M(4096M) 0.141ms
[3989.944s][info][gc,cpu         ] GC(1026) User=0.00s Sys=0.00s Real=0.00s
[3989.944s][info][gc,marking     ] GC(1026) Concurrent Clear Claimed Marks
[3989.944s][info][gc,marking     ] GC(1026) Concurrent Clear Claimed Marks 0.039ms
[3989.944s][info][gc,marking     ] GC(1026) Concurrent Cleanup for Next Mark
[3989.951s][info][gc,marking     ] GC(1026) Concurrent Cleanup for Next Mark 7.373ms
[3989.951s][info][gc             ] GC(1026) Concurrent Mark Cycle 1388.282ms
..[3991.159s][info][gc,start       ] GC(1027) Pause Young (Prepare Mixed) (G1 Evacuation Pause)
[3991.159s][info][gc,task        ] GC(1027) Using 6 workers of 6 for evacuation
[3991.280s][info][gc,phases      ] GC(1027)   Pre Evacuate Collection Set: 0.33ms
[3991.280s][info][gc,phases      ] GC(1027)   Merge Heap Roots: 0.48ms
[3991.280s][info][gc,phases      ] GC(1027)   Evacuate Collection Set: 118.87ms
[3991.280s][info][gc,phases      ] GC(1027)   Post Evacuate Collection Set: 0.94ms
[3991.280s][info][gc,phases      ] GC(1027)   Other: 0.09ms
[3991.280s][info][gc,heap        ] GC(1027) Eden regions: 1121->0(1108)
[3991.280s][info][gc,heap        ] GC(1027) Survivor regions: 107->111(154)
[3991.280s][info][gc,heap        ] GC(1027) Old regions: 504->535
[3991.280s][info][gc,heap        ] GC(1027) Humongous regions: 80->80
[3991.280s][info][gc,metaspace   ] GC(1027) Metaspace: 28934K(29312K)->28934K(29312K) NonClass: 24066K(24256K)->24066K(24256K) Class: 4868K(5056K)->4868K(5056K)
[3991.280s][info][gc             ] GC(1027) Pause Young (Prepare Mixed) (G1 Evacuation Pause) 3622M->1450M(4096M) 120.846ms
[3991.280s][info][gc,cpu         ] GC(1027) User=0.72s Sys=0.00s Real=0.12s
..[3993.797s][info][gc,start       ] GC(1028) Pause Young (Mixed) (G1 Evacuation Pause)
[3993.797s][info][gc,task        ] GC(1028) Using 6 workers of 6 for evacuation
[3993.936s][info][gc,phases      ] GC(1028)   Pre Evacuate Collection Set: 0.37ms
[3993.936s][info][gc,phases      ] GC(1028)   Merge Heap Roots: 0.61ms
[3993.936s][info][gc,phases      ] GC(1028)   Evacuate Collection Set: 136.99ms
[3993.936s][info][gc,phases      ] GC(1028)   Post Evacuate Collection Set: 0.98ms
[3993.936s][info][gc,phases      ] GC(1028)   Other: 0.09ms
[3993.936s][info][gc,heap        ] GC(1028) Eden regions: 1108->0(1114)
[3993.936s][info][gc,heap        ] GC(1028) Survivor regions: 111->114(153)
[3993.936s][info][gc,heap        ] GC(1028) Old regions: 535->473
[3993.936s][info][gc,heap        ] GC(1028) Humongous regions: 80->80
[3993.936s][info][gc,metaspace   ] GC(1028) Metaspace: 28934K(29312K)->28934K(29312K) NonClass: 24066K(24256K)->24066K(24256K) Class: 4868K(5056K)->4868K(5056K)
[3993.936s][info][gc             ] GC(1028) Pause Young (Mixed) (G1 Evacuation Pause) 3666M->1332M(4096M) 139.181ms
[3993.936s][info][gc,cpu         ] GC(1028) User=0.83s Sys=0.00s Real=0.14s
...[3996.466s][info][gc,start       ] GC(1029) Pause Young (Concurrent Start) (G1 Evacuation Pause)
[3996.466s][info][gc,task        ] GC(1029) Using 6 workers of 6 for evacuation
[3996.584s][info][gc,phases      ] GC(1029)   Pre Evacuate Collection Set: 0.38ms
[3996.584s][info][gc,phases      ] GC(1029)   Merge Heap Roots: 0.46ms
[3996.584s][info][gc,phases      ] GC(1029)   Evacuate Collection Set: 116.21ms
[3996.584s][info][gc,phases      ] GC(1029)   Post Evacuate Collection Set: 0.91ms
[3996.584s][info][gc,phases      ] GC(1029)   Other: 0.10ms
[3996.584s][info][gc,heap        ] GC(1029) Eden regions: 1114->0(1119)
[3996.584s][info][gc,heap        ] GC(1029) Survivor regions: 114->109(154)
[3996.584s][info][gc,heap        ] GC(1029) Old regions: 473->505
[3996.584s][info][gc,heap        ] GC(1029) Humongous regions: 80->80
[3996.584s][info][gc,metaspace   ] GC(1029) Metaspace: 28934K(29312K)->28934K(29312K) NonClass: 24066K(24256K)->24066K(24256K) Class: 4868K(5056K)->4868K(5056K)
[3996.584s][info][gc             ] GC(1029) Pause Young (Concurrent Start) (G1 Evacuation Pause) 3560M->1385M(4096M) 118.195ms
[3996.584s][info][gc             ] GC(1030) Concurrent Mark Cycle
[3996.584s][info][gc,marking     ] GC(1030) Concurrent Scan Root Regions
[3996.584s][info][gc,cpu         ] GC(1029) User=0.70s Sys=0.00s Real=0.12s
[3996.802s][info][gc,marking     ] GC(1030) Concurrent Scan Root Regions 218.218ms
[3996.802s][info][gc,marking     ] GC(1030) Concurrent Mark
[3996.802s][info][gc,marking     ] GC(1030) Concurrent Mark From Roots
[3996.802s][info][gc,task        ] GC(1030) Using 2 workers of 2 for marking
.[3997.700s][info][gc,marking     ] GC(1030) Concurrent Mark From Roots 897.742ms
[3997.700s][info][gc,marking     ] GC(1030) Concurrent Preclean
[3997.700s][info][gc,marking     ] GC(1030) Concurrent Preclean 0.088ms
[3997.700s][info][gc,start       ] GC(1030) Pause Remark
[3997.708s][info][gc             ] GC(1030) Pause Remark 2380M->2380M(4096M) 7.618ms
[3997.708s][info][gc,cpu         ] GC(1030) User=0.05s Sys=0.00s Real=0.01s
[3997.708s][info][gc,marking     ] GC(1030) Concurrent Mark 905.744ms
[3997.708s][info][gc,marking     ] GC(1030) Concurrent Rebuild Remembered Sets and Scrub Regions
[3998.074s][info][gc,marking     ] GC(1030) Concurrent Rebuild Remembered Sets and Scrub Regions 366.122ms
[3998.075s][info][gc,start       ] GC(1030) Pause Cleanup
[3998.076s][info][gc             ] GC(1030) Pause Cleanup 2733M->2733M(4096M) 0.112ms
[3998.076s][info][gc,cpu         ] GC(1030) User=0.00s Sys=0.00s Real=0.00s
[3998.076s][info][gc,marking     ] GC(1030) Concurrent Clear Claimed Marks
[3998.076s][info][gc,marking     ] GC(1030) Concurrent Clear Claimed Marks 0.029ms
[3998.076s][info][gc,marking     ] GC(1030) Concurrent Cleanup for Next Mark
[3998.080s][info][gc,marking     ] GC(1030) Concurrent Cleanup for Next Mark 4.374ms
[3998.080s][info][gc             ] GC(1030) Concurrent Mark Cycle 1495.965ms
.[3999.097s][info][gc,start       ] GC(1031) Pause Young (Prepare Mixed) (G1 Evacuation Pause)
[3999.097s][info][gc,task        ] GC(1031) Using 6 workers of 6 for evacuation
[3999.218s][info][gc,phases      ] GC(1031)   Pre Evacuate Collection Set: 0.35ms
[3999.218s][info][gc,phases      ] GC(1031)   Merge Heap Roots: 0.49ms
[3999.218s][info][gc,phases      ] GC(1031)   Evacuate Collection Set: 118.70ms
[3999.218s][info][gc,phases      ] GC(1031)   Post Evacuate Collection Set: 0.95ms
[3999.218s][info][gc,phases      ] GC(1031)   Other: 0.09ms
[3999.218s][info][gc,heap        ] GC(1031) Eden regions: 1119->0(1102)
[3999.218s][info][gc,heap        ] GC(1031) Survivor regions: 109->113(154)
[3999.218s][info][gc,heap        ] GC(1031) Old regions: 505->537
[3999.218s][info][gc,heap        ] GC(1031) Humongous regions: 80->80
[3999.218s][info][gc,metaspace   ] GC(1031) Metaspace: 28934K(29312K)->28934K(29312K) NonClass: 24066K(24256K)->24066K(24256K) Class: 4868K(5056K)->4868K(5056K)
[3999.218s][info][gc             ] GC(1031) Pause Young (Prepare Mixed) (G1 Evacuation Pause) 3623M->1458M(4096M) 120.736ms
[3999.218s][info][gc,cpu         ] GC(1031) User=0.71s Sys=0.00s Real=0.12s
...[4001.743s][info][gc,start       ] GC(1032) Pause Young (Mixed) (G1 Evacuation Pause)
[4001.743s][info][gc,task        ] GC(1032) Using 6 workers of 6 for evacuation
[4001.876s][info][gc,phases      ] GC(1032)   Pre Evacuate Collection Set: 0.38ms
[4001.876s][info][gc,phases      ] GC(1032)   Merge Heap Roots: 0.69ms
[4001.876s][info][gc,phases      ] GC(1032)   Evacuate Collection Set: 131.36ms
[4001.876s][info][gc,phases      ] GC(1032)   Post Evacuate Collection Set: 0.95ms
[4001.876s][info][gc,phases      ] GC(1032)   Other: 0.09ms
[4001.876s][info][gc,heap        ] GC(1032) Eden regions: 1102->0(1119)
[4001.876s][info][gc,heap        ] GC(1032) Survivor regions: 113->109(152)
[4001.876s][info][gc,heap        ] GC(1032) Old regions: 537->475
[4001.876s][info][gc,heap        ] GC(1032) Humongous regions: 80->80
[4001.876s][info][gc,metaspace   ] GC(1032) Metaspace: 28934K(29312K)->28934K(29312K) NonClass: 24066K(24256K)->24066K(24256K) Class: 4868K(5056K)->4868K(5056K)
[4001.876s][info][gc             ] GC(1032) Pause Young (Mixed) (G1 Evacuation Pause) 3662M->1325M(4096M) 133.597ms
[4001.876s][info][gc,cpu         ] GC(1032) User=0.79s Sys=0.00s Real=0.13s
...[4004.426s][info][gc,start       ] GC(1033) Pause Young (Concurrent Start) (G1 Evacuation Pause)
[4004.426s][info][gc,task        ] GC(1033) Using 6 workers of 6 for evacuation
[4004.545s][info][gc,phases      ] GC(1033)   Pre Evacuate Collection Set: 0.39ms
[4004.545s][info][gc,phases      ] GC(1033)   Merge Heap Roots: 0.44ms
[4004.545s][info][gc,phases      ] GC(1033)   Evacuate Collection Set: 116.82ms
[4004.545s][info][gc,phases      ] GC(1033)   Post Evacuate Collection Set: 0.90ms
[4004.545s][info][gc,phases      ] GC(1033)   Other: 0.09ms
[4004.545s][info][gc,heap        ] GC(1033) Eden regions: 1119->0(1118)
[4004.545s][info][gc,heap        ] GC(1033) Survivor regions: 109->110(154)
[4004.545s][info][gc,heap        ] GC(1033) Old regions: 475->506
[4004.545s][info][gc,heap        ] GC(1033) Humongous regions: 80->80
[4004.545s][info][gc,metaspace   ] GC(1033) Metaspace: 28934K(29312K)->28934K(29312K) NonClass: 24066K(24256K)->24066K(24256K) Class: 4868K(5056K)->4868K(5056K)
[4004.545s][info][gc             ] GC(1033) Pause Young (Concurrent Start) (G1 Evacuation Pause) 3563M->1391M(4096M) 118.769ms
[4004.545s][info][gc             ] GC(1034) Concurrent Mark Cycle
[4004.545s][info][gc,marking     ] GC(1034) Concurrent Scan Root Regions
[4004.545s][info][gc,cpu         ] GC(1033) User=0.71s Sys=0.00s Real=0.12s
[4004.716s][info][gc,marking     ] GC(1034) Concurrent Scan Root Regions 170.663ms
[4004.716s][info][gc,marking     ] GC(1034) Concurrent Mark
[4004.716s][info][gc,marking     ] GC(1034) Concurrent Mark From Roots
[4004.716s][info][gc,task        ] GC(1034) Using 2 workers of 2 for marking
.[4005.676s][info][gc,marking     ] GC(1034) Concurrent Mark From Roots 960.590ms
[4005.676s][info][gc,marking     ] GC(1034) Concurrent Preclean
[4005.677s][info][gc,marking     ] GC(1034) Concurrent Preclean 0.114ms
[4005.679s][info][gc,start       ] GC(1034) Pause Remark
[4005.685s][info][gc             ] GC(1034) Pause Remark 2407M->2407M(4096M) 6.202ms
[4005.685s][info][gc,cpu         ] GC(1034) User=0.04s Sys=0.00s Real=0.01s
[4005.686s][info][gc,marking     ] GC(1034) Concurrent Mark 970.353ms
[4005.686s][info][gc,marking     ] GC(1034) Concurrent Rebuild Remembered Sets and Scrub Regions
[4005.997s][info][gc,marking     ] GC(1034) Concurrent Rebuild Remembered Sets and Scrub Regions 310.619ms
[4005.997s][info][gc,start       ] GC(1034) Pause Cleanup
[4005.997s][info][gc             ] GC(1034) Pause Cleanup 2676M->2676M(4096M) 0.111ms
[4005.997s][info][gc,cpu         ] GC(1034) User=0.00s Sys=0.00s Real=0.00s
[4005.997s][info][gc,marking     ] GC(1034) Concurrent Clear Claimed Marks
[4005.997s][info][gc,marking     ] GC(1034) Concurrent Clear Claimed Marks 0.026ms
[4005.997s][info][gc,marking     ] GC(1034) Concurrent Cleanup for Next Mark
[4006.001s][info][gc,marking     ] GC(1034) Concurrent Cleanup for Next Mark 4.151ms
[4006.001s][info][gc             ] GC(1034) Concurrent Mark Cycle 1456.290ms
.[4007.118s][info][gc,start       ] GC(1035) Pause Young (Prepare Mixed) (G1 Evacuation Pause)
[4007.118s][info][gc,task        ] GC(1035) Using 6 workers of 6 for evacuation
[4007.243s][info][gc,phases      ] GC(1035)   Pre Evacuate Collection Set: 0.31ms
[4007.243s][info][gc,phases      ] GC(1035)   Merge Heap Roots: 0.51ms
[4007.243s][info][gc,phases      ] GC(1035)   Evacuate Collection Set: 122.77ms
[4007.243s][info][gc,phases      ] GC(1035)   Post Evacuate Collection Set: 0.93ms
[4007.243s][info][gc,phases      ] GC(1035)   Other: 0.08ms
[4007.243s][info][gc,heap        ] GC(1035) Eden regions: 1118->0(1098)
[4007.243s][info][gc,heap        ] GC(1035) Survivor regions: 110->115(154)
[4007.243s][info][gc,heap        ] GC(1035) Old regions: 506->537
[4007.243s][info][gc,heap        ] GC(1035) Humongous regions: 80->80
[4007.243s][info][gc,metaspace   ] GC(1035) Metaspace: 28934K(29312K)->28934K(29312K) NonClass: 24066K(24256K)->24066K(24256K) Class: 4868K(5056K)->4868K(5056K)
[4007.243s][info][gc             ] GC(1035) Pause Young (Prepare Mixed) (G1 Evacuation Pause) 3627M->1462M(4096M) 124.728ms
[4007.243s][info][gc,cpu         ] GC(1035) User=0.74s Sys=0.00s Real=0.13s
...[4009.700s][info][gc,start       ] GC(1036) Pause Young (Mixed) (G1 Evacuation Pause)
[4009.700s][info][gc,task        ] GC(1036) Using 6 workers of 6 for evacuation
[4009.832s][info][gc,phases      ] GC(1036)   Pre Evacuate Collection Set: 0.40ms
[4009.832s][info][gc,phases      ] GC(1036)   Merge Heap Roots: 0.60ms
[4009.832s][info][gc,phases      ] GC(1036)   Evacuate Collection Set: 130.33ms
[4009.832s][info][gc,phases      ] GC(1036)   Post Evacuate Collection Set: 0.93ms
[4009.832s][info][gc,phases      ] GC(1036)   Other: 0.09ms
[4009.832s][info][gc,heap        ] GC(1036) Eden regions: 1098->0(1120)
[4009.832s][info][gc,heap        ] GC(1036) Survivor regions: 115->108(152)
[4009.832s][info][gc,heap        ] GC(1036) Old regions: 537->473
[4009.832s][info][gc,heap        ] GC(1036) Humongous regions: 80->80
[4009.832s][info][gc,metaspace   ] GC(1036) Metaspace: 28934K(29312K)->28934K(29312K) NonClass: 24066K(24256K)->24066K(24256K) Class: 4868K(5056K)->4868K(5056K)
[4009.832s][info][gc             ] GC(1036) Pause Young (Mixed) (G1 Evacuation Pause) 3658M->1320M(4096M) 132.482ms
[4009.832s][info][gc,cpu         ] GC(1036) User=0.79s Sys=0.00s Real=0.14s
..[4012.393s][info][gc,start       ] GC(1037) Pause Young (Concurrent Start) (G1 Evacuation Pause)
[4012.393s][info][gc,task        ] GC(1037) Using 6 workers of 6 for evacuation
[4012.509s][info][gc,phases      ] GC(1037)   Pre Evacuate Collection Set: 0.43ms
[4012.509s][info][gc,phases      ] GC(1037)   Merge Heap Roots: 0.48ms
[4012.509s][info][gc,phases      ] GC(1037)   Evacuate Collection Set: 113.85ms
[4012.509s][info][gc,phases      ] GC(1037)   Post Evacuate Collection Set: 0.89ms
[4012.509s][info][gc,phases      ] GC(1037)   Other: 0.12ms
[4012.509s][info][gc,heap        ] GC(1037) Eden regions: 1120->0(1120)
[4012.509s][info][gc,heap        ] GC(1037) Survivor regions: 108->108(154)
[4012.509s][info][gc,heap        ] GC(1037) Old regions: 473->505
[4012.509s][info][gc,heap        ] GC(1037) Humongous regions: 80->80
[4012.509s][info][gc,metaspace   ] GC(1037) Metaspace: 28934K(29312K)->28934K(29312K) NonClass: 24066K(24256K)->24066K(24256K) Class: 4868K(5056K)->4868K(5056K)
[4012.509s][info][gc             ] GC(1037) Pause Young (Concurrent Start) (G1 Evacuation Pause) 3560M->1384M(4096M) 115.896ms
[4012.509s][info][gc             ] GC(1038) Concurrent Mark Cycle
[4012.509s][info][gc,marking     ] GC(1038) Concurrent Scan Root Regions
[4012.509s][info][gc,cpu         ] GC(1037) User=0.68s Sys=0.00s Real=0.11s
.[4012.695s][info][gc,marking     ] GC(1038) Concurrent Scan Root Regions 186.288ms
[4012.695s][info][gc,marking     ] GC(1038) Concurrent Mark
[4012.695s][info][gc,marking     ] GC(1038) Concurrent Mark From Roots
[4012.695s][info][gc,task        ] GC(1038) Using 2 workers of 2 for marking
.[4013.639s][info][gc,marking     ] GC(1038) Concurrent Mark From Roots 943.421ms
[4013.639s][info][gc,marking     ] GC(1038) Concurrent Preclean
[4013.639s][info][gc,marking     ] GC(1038) Concurrent Preclean 0.119ms
[4013.642s][info][gc,start       ] GC(1038) Pause Remark
[4013.650s][info][gc             ] GC(1038) Pause Remark 2390M->2390M(4096M) 8.134ms
[4013.650s][info][gc,cpu         ] GC(1038) User=0.05s Sys=0.00s Real=0.01s
[4013.650s][info][gc,marking     ] GC(1038) Concurrent Mark 954.512ms
[4013.650s][info][gc,marking     ] GC(1038) Concurrent Rebuild Remembered Sets and Scrub Regions
[4013.920s][info][gc,marking     ] GC(1038) Concurrent Rebuild Remembered Sets and Scrub Regions 270.070ms
[4013.920s][info][gc,start       ] GC(1038) Pause Cleanup
[4013.921s][info][gc             ] GC(1038) Pause Cleanup 2652M->2652M(4096M) 0.128ms
[4013.921s][info][gc,cpu         ] GC(1038) User=0.00s Sys=0.00s Real=0.00s
[4013.921s][info][gc,marking     ] GC(1038) Concurrent Clear Claimed Marks
[4013.921s][info][gc,marking     ] GC(1038) Concurrent Clear Claimed Marks 0.024ms
[4013.921s][info][gc,marking     ] GC(1038) Concurrent Cleanup for Next Mark
[4013.927s][info][gc,marking     ] GC(1038) Concurrent Cleanup for Next Mark 6.720ms
[4013.927s][info][gc             ] GC(1038) Concurrent Mark Cycle 1418.299ms
.[4015.043s][info][gc,start       ] GC(1039) Pause Young (Prepare Mixed) (G1 Evacuation Pause)
[4015.043s][info][gc,task        ] GC(1039) Using 6 workers of 6 for evacuation
[4015.163s][info][gc,phases      ] GC(1039)   Pre Evacuate Collection Set: 0.33ms
[4015.163s][info][gc,phases      ] GC(1039)   Merge Heap Roots: 0.47ms
[4015.163s][info][gc,phases      ] GC(1039)   Evacuate Collection Set: 118.07ms
[4015.163s][info][gc,phases      ] GC(1039)   Post Evacuate Collection Set: 0.93ms
[4015.163s][info][gc,phases      ] GC(1039)   Other: 0.09ms
[4015.163s][info][gc,heap        ] GC(1039) Eden regions: 1120->0(1105)
[4015.163s][info][gc,heap        ] GC(1039) Survivor regions: 108->112(154)
[4015.163s][info][gc,heap        ] GC(1039) Old regions: 505->536
[4015.163s][info][gc,heap        ] GC(1039) Humongous regions: 80->80
[4015.163s][info][gc,metaspace   ] GC(1039) Metaspace: 28934K(29312K)->28934K(29312K) NonClass: 24066K(24256K)->24066K(24256K) Class: 4868K(5056K)->4868K(5056K)
[4015.163s][info][gc             ] GC(1039) Pause Young (Prepare Mixed) (G1 Evacuation Pause) 3624M->1454M(4096M) 120.039ms
[4015.163s][info][gc,cpu         ] GC(1039) User=0.70s Sys=0.00s Real=0.12s
...[4017.643s][info][gc,start       ] GC(1040) Pause Young (Mixed) (G1 Evacuation Pause)
[4017.643s][info][gc,task        ] GC(1040) Using 6 workers of 6 for evacuation
[4017.775s][info][gc,phases      ] GC(1040)   Pre Evacuate Collection Set: 0.40ms
[4017.775s][info][gc,phases      ] GC(1040)   Merge Heap Roots: 0.63ms
[4017.775s][info][gc,phases      ] GC(1040)   Evacuate Collection Set: 130.26ms
[4017.775s][info][gc,phases      ] GC(1040)   Post Evacuate Collection Set: 0.94ms
[4017.775s][info][gc,phases      ] GC(1040)   Other: 0.09ms
[4017.775s][info][gc,heap        ] GC(1040) Eden regions: 1105->0(1120)
[4017.775s][info][gc,heap        ] GC(1040) Survivor regions: 112->108(153)
[4017.775s][info][gc,heap        ] GC(1040) Old regions: 536->475
[4017.775s][info][gc,heap        ] GC(1040) Humongous regions: 80->80
[4017.775s][info][gc,metaspace   ] GC(1040) Metaspace: 28934K(29312K)->28934K(29312K) NonClass: 24066K(24256K)->24066K(24256K) Class: 4868K(5056K)->4868K(5056K)
[4017.775s][info][gc             ] GC(1040) Pause Young (Mixed) (G1 Evacuation Pause) 3664M->1323M(4096M) 132.446ms
[4017.775s][info][gc,cpu         ] GC(1040) User=0.79s Sys=0.00s Real=0.13s
..[4020.367s][info][gc,start       ] GC(1041) Pause Young (Concurrent Start) (G1 Evacuation Pause)
[4020.367s][info][gc,task        ] GC(1041) Using 6 workers of 6 for evacuation
[4020.482s][info][gc,phases      ] GC(1041)   Pre Evacuate Collection Set: 0.41ms
[4020.482s][info][gc,phases      ] GC(1041)   Merge Heap Roots: 0.48ms
[4020.482s][info][gc,phases      ] GC(1041)   Evacuate Collection Set: 113.64ms
[4020.482s][info][gc,phases      ] GC(1041)   Post Evacuate Collection Set: 0.87ms
[4020.482s][info][gc,phases      ] GC(1041)   Other: 0.13ms
[4020.482s][info][gc,heap        ] GC(1041) Eden regions: 1120->0(1121)
[4020.482s][info][gc,heap        ] GC(1041) Survivor regions: 108->107(154)
[4020.482s][info][gc,heap        ] GC(1041) Old regions: 475->507
[4020.482s][info][gc,heap        ] GC(1041) Humongous regions: 80->80
[4020.482s][info][gc,metaspace   ] GC(1041) Metaspace: 28934K(29312K)->28934K(29312K) NonClass: 24066K(24256K)->24066K(24256K) Class: 4868K(5056K)->4868K(5056K)
[4020.482s][info][gc             ] GC(1041) Pause Young (Concurrent Start) (G1 Evacuation Pause) 3563M->1386M(4096M) 115.662ms
[4020.482s][info][gc             ] GC(1042) Concurrent Mark Cycle
[4020.482s][info][gc,marking     ] GC(1042) Concurrent Scan Root Regions
[4020.482s][info][gc,cpu         ] GC(1041) User=0.68s Sys=0.00s Real=0.12s
.[4020.656s][info][gc,marking     ] GC(1042) Concurrent Scan Root Regions 173.454ms
[4020.656s][info][gc,marking     ] GC(1042) Concurrent Mark
[4020.656s][info][gc,marking     ] GC(1042) Concurrent Mark From Roots
[4020.656s][info][gc,task        ] GC(1042) Using 2 workers of 2 for marking
[4021.593s][info][gc,marking     ] GC(1042) Concurrent Mark From Roots 937.662ms
[4021.593s][info][gc,marking     ] GC(1042) Concurrent Preclean
[4021.594s][info][gc,marking     ] GC(1042) Concurrent Preclean 0.118ms
[4021.594s][info][gc,start       ] GC(1042) Pause Remark
[4021.602s][info][gc             ] GC(1042) Pause Remark 2375M->2375M(4096M) 7.627ms
[4021.602s][info][gc,cpu         ] GC(1042) User=0.05s Sys=0.00s Real=0.00s
[4021.603s][info][gc,marking     ] GC(1042) Concurrent Mark 947.316ms
[4021.603s][info][gc,marking     ] GC(1042) Concurrent Rebuild Remembered Sets and Scrub Regions
.[4021.938s][info][gc,marking     ] GC(1042) Concurrent Rebuild Remembered Sets and Scrub Regions 335.183ms
[4021.939s][info][gc,start       ] GC(1042) Pause Cleanup
[4021.939s][info][gc             ] GC(1042) Pause Cleanup 2671M->2671M(4096M) 0.118ms
[4021.939s][info][gc,cpu         ] GC(1042) User=0.00s Sys=0.00s Real=0.00s
[4021.940s][info][gc,marking     ] GC(1042) Concurrent Clear Claimed Marks
[4021.940s][info][gc,marking     ] GC(1042) Concurrent Clear Claimed Marks 0.041ms
[4021.940s][info][gc,marking     ] GC(1042) Concurrent Cleanup for Next Mark
[4021.945s][info][gc,marking     ] GC(1042) Concurrent Cleanup for Next Mark 5.550ms
[4021.946s][info][gc             ] GC(1042) Concurrent Mark Cycle 1463.240ms
.[4023.074s][info][gc,start       ] GC(1043) Pause Young (Prepare Mixed) (G1 Evacuation Pause)
[4023.074s][info][gc,task        ] GC(1043) Using 6 workers of 6 for evacuation
[4023.197s][info][gc,phases      ] GC(1043)   Pre Evacuate Collection Set: 0.31ms
[4023.197s][info][gc,phases      ] GC(1043)   Merge Heap Roots: 0.51ms
[4023.197s][info][gc,phases      ] GC(1043)   Evacuate Collection Set: 120.65ms
[4023.197s][info][gc,phases      ] GC(1043)   Post Evacuate Collection Set: 0.96ms
[4023.197s][info][gc,phases      ] GC(1043)   Other: 0.08ms
[4023.197s][info][gc,heap        ] GC(1043) Eden regions: 1121->0(1099)
[4023.197s][info][gc,heap        ] GC(1043) Survivor regions: 107->114(154)
[4023.197s][info][gc,heap        ] GC(1043) Old regions: 507->538
[4023.197s][info][gc,heap        ] GC(1043) Humongous regions: 80->80
[4023.197s][info][gc,metaspace   ] GC(1043) Metaspace: 28934K(29312K)->28934K(29312K) NonClass: 24066K(24256K)->24066K(24256K) Class: 4868K(5056K)->4868K(5056K)
[4023.197s][info][gc             ] GC(1043) Pause Young (Prepare Mixed) (G1 Evacuation Pause) 3628M->1462M(4096M) 122.654ms
[4023.197s][info][gc,cpu         ] GC(1043) User=0.72s Sys=0.00s Real=0.12s
..[4025.661s][info][gc,start       ] GC(1044) Pause Young (Mixed) (G1 Evacuation Pause)
[4025.661s][info][gc,task        ] GC(1044) Using 6 workers of 6 for evacuation
[4025.795s][info][gc,phases      ] GC(1044)   Pre Evacuate Collection Set: 0.40ms
[4025.795s][info][gc,phases      ] GC(1044)   Merge Heap Roots: 0.67ms
[4025.795s][info][gc,phases      ] GC(1044)   Evacuate Collection Set: 132.25ms
[4025.795s][info][gc,phases      ] GC(1044)   Post Evacuate Collection Set: 0.96ms
[4025.795s][info][gc,phases      ] GC(1044)   Other: 0.10ms
[4025.795s][info][gc,heap        ] GC(1044) Eden regions: 1099->0(1120)
[4025.795s][info][gc,heap        ] GC(1044) Survivor regions: 114->108(152)
[4025.795s][info][gc,heap        ] GC(1044) Old regions: 538->474
[4025.795s][info][gc,heap        ] GC(1044) Humongous regions: 80->80
[4025.795s][info][gc,metaspace   ] GC(1044) Metaspace: 28934K(29312K)->28934K(29312K) NonClass: 24066K(24256K)->24066K(24256K) Class: 4868K(5056K)->4868K(5056K)
[4025.795s][info][gc             ] GC(1044) Pause Young (Mixed) (G1 Evacuation Pause) 3660M->1322M(4096M) 134.485ms
[4025.795s][info][gc,cpu         ] GC(1044) User=0.79s Sys=0.00s Real=0.14s
...[4028.364s][info][gc,start       ] GC(1045) Pause Young (Concurrent Start) (G1 Evacuation Pause)
[4028.364s][info][gc,task        ] GC(1045) Using 6 workers of 6 for evacuation
[4028.485s][info][gc,phases      ] GC(1045)   Pre Evacuate Collection Set: 0.39ms
[4028.485s][info][gc,phases      ] GC(1045)   Merge Heap Roots: 0.47ms
[4028.485s][info][gc,phases      ] GC(1045)   Evacuate Collection Set: 118.90ms
[4028.485s][info][gc,phases      ] GC(1045)   Post Evacuate Collection Set: 0.93ms
[4028.485s][info][gc,phases      ] GC(1045)   Other: 0.11ms
[4028.485s][info][gc,heap        ] GC(1045) Eden regions: 1120->0(1116)
[4028.485s][info][gc,heap        ] GC(1045) Survivor regions: 108->112(154)
[4028.485s][info][gc,heap        ] GC(1045) Old regions: 474->506
[4028.485s][info][gc,heap        ] GC(1045) Humongous regions: 80->80
[4028.485s][info][gc,metaspace   ] GC(1045) Metaspace: 28934K(29312K)->28934K(29312K) NonClass: 24066K(24256K)->24066K(24256K) Class: 4868K(5056K)->4868K(5056K)
[4028.485s][info][gc             ] GC(1045) Pause Young (Concurrent Start) (G1 Evacuation Pause) 3562M->1394M(4096M) 120.936ms
[4028.485s][info][gc             ] GC(1046) Concurrent Mark Cycle
[4028.485s][info][gc,marking     ] GC(1046) Concurrent Scan Root Regions
[4028.485s][info][gc,cpu         ] GC(1045) User=0.71s Sys=0.00s Real=0.12s
[4028.674s][info][gc,marking     ] GC(1046) Concurrent Scan Root Regions 188.560ms
[4028.674s][info][gc,marking     ] GC(1046) Concurrent Mark
[4028.674s][info][gc,marking     ] GC(1046) Concurrent Mark From Roots
[4028.674s][info][gc,task        ] GC(1046) Using 2 workers of 2 for marking
.[4029.647s][info][gc,marking     ] GC(1046) Concurrent Mark From Roots 973.323ms
[4029.647s][info][gc,marking     ] GC(1046) Concurrent Preclean
[4029.647s][info][gc,marking     ] GC(1046) Concurrent Preclean 0.111ms
[4029.648s][info][gc,start       ] GC(1046) Pause Remark
[4029.654s][info][gc             ] GC(1046) Pause Remark 2464M->2464M(4096M) 5.489ms
[4029.654s][info][gc,cpu         ] GC(1046) User=0.03s Sys=0.00s Real=0.01s
[4029.654s][info][gc,marking     ] GC(1046) Concurrent Mark 980.455ms
[4029.654s][info][gc,marking     ] GC(1046) Concurrent Rebuild Remembered Sets and Scrub Regions
.[4030.017s][info][gc,marking     ] GC(1046) Concurrent Rebuild Remembered Sets and Scrub Regions 362.483ms
[4030.017s][info][gc,start       ] GC(1046) Pause Cleanup
[4030.017s][info][gc             ] GC(1046) Pause Cleanup 2804M->2804M(4096M) 0.110ms
[4030.017s][info][gc,cpu         ] GC(1046) User=0.00s Sys=0.00s Real=0.00s
[4030.017s][info][gc,marking     ] GC(1046) Concurrent Clear Claimed Marks
[4030.017s][info][gc,marking     ] GC(1046) Concurrent Clear Claimed Marks 0.027ms
[4030.017s][info][gc,marking     ] GC(1046) Concurrent Cleanup for Next Mark
[4030.020s][info][gc,marking     ] GC(1046) Concurrent Cleanup for Next Mark 3.443ms
[4030.021s][info][gc             ] GC(1046) Concurrent Mark Cycle 1535.638ms
[4030.953s][info][gc,start       ] GC(1047) Pause Young (Prepare Mixed) (G1 Evacuation Pause)
[4030.953s][info][gc,task        ] GC(1047) Using 6 workers of 6 for evacuation
[4031.071s][info][gc,phases      ] GC(1047)   Pre Evacuate Collection Set: 0.33ms
[4031.071s][info][gc,phases      ] GC(1047)   Merge Heap Roots: 0.48ms
[4031.071s][info][gc,phases      ] GC(1047)   Evacuate Collection Set: 116.05ms
[4031.071s][info][gc,phases      ] GC(1047)   Post Evacuate Collection Set: 0.94ms
[4031.071s][info][gc,phases      ] GC(1047)   Other: 0.09ms
[4031.071s][info][gc,heap        ] GC(1047) Eden regions: 1116->0(1104)
[4031.071s][info][gc,heap        ] GC(1047) Survivor regions: 112->112(154)
[4031.071s][info][gc,heap        ] GC(1047) Old regions: 506->537
[4031.071s][info][gc,heap        ] GC(1047) Humongous regions: 80->80
[4031.071s][info][gc,metaspace   ] GC(1047) Metaspace: 28934K(29312K)->28934K(29312K) NonClass: 24066K(24256K)->24066K(24256K) Class: 4868K(5056K)->4868K(5056K)
[4031.071s][info][gc             ] GC(1047) Pause Young (Prepare Mixed) (G1 Evacuation Pause) 3626M->1457M(4096M) 118.020ms
[4031.071s][info][gc,cpu         ] GC(1047) User=0.69s Sys=0.00s Real=0.11s
. (rIR:aIR:PR = 7057:7061:7059) (tPR = 104306) [OK] 
  4030s: Performance info:
         Transaction,    Success,    Partial,     Failed,   Receipts, AvgBarcode, 
             Overall,     431216,          0,          0,     409631,      59.47, 
         Response times:
             Request,    Success,    Partial,     Failed,   SkipFail,     Probes,    Samples,      min,      p50,      p90,      p95,      p99,      max, 
       TotalPurchase,     409646,          0,          0,          0,     362812,     397260,      300,     6200,    51000,    87000,   155000,   302000,
     InStorePurchase,     216141,          0,          0,          0,     191422,     209119,      300,     6100,    50000,    87000,   155000,   302000,
      OnlinePurchase,     150463,          0,          0,          0,     133282,     146038,      300,     6400,    53000,    89000,   156000,   284000,
        InstPurchase,      43042,          0,          0,          0,      38108,      42103,      300,     6300,    50000,    85000,   155000,   287000,
          AssocOfCat,        433,          0,          0,          0,        358,        456,    22000,    39000,   108600,   142000,   174430,   263000,
      AssocOfProduct,       4318,          0,          0,          0,       4071,       4712,      400,     5600,    48700,    83000,   147000,   229000,
      BusinessReport,       1082,          0,          0,          0,        931,       1125,    29000,    45000,   105400,   140100,   217000,   338000,
          CustBuyBeh,       4322,          0,          0,          0,       4040,       4544,      300,     6000,    53000,    87000,   160550,   229000,
       ProductReturn,      11433,          0,          0,          0,       9750,      11066,      200,     5900,    49000,    86000,   154000,   302000,

  4030s: (52%)   IR =   7195 ..[4033.644s][info][gc,start       ] GC(1048) Pause Young (Mixed) (G1 Evacuation Pause)
[4033.644s][info][gc,task        ] GC(1048) Using 6 workers of 6 for evacuation
[4033.779s][info][gc,phases      ] GC(1048)   Pre Evacuate Collection Set: 0.39ms
[4033.779s][info][gc,phases      ] GC(1048)   Merge Heap Roots: 0.65ms
[4033.779s][info][gc,phases      ] GC(1048)   Evacuate Collection Set: 132.23ms
[4033.779s][info][gc,phases      ] GC(1048)   Post Evacuate Collection Set: 0.99ms
[4033.779s][info][gc,phases      ] GC(1048)   Other: 0.09ms
[4033.779s][info][gc,heap        ] GC(1048) Eden regions: 1104->0(1117)
[4033.779s][info][gc,heap        ] GC(1048) Survivor regions: 112->111(152)
[4033.779s][info][gc,heap        ] GC(1048) Old regions: 537->474
[4033.779s][info][gc,heap        ] GC(1048) Humongous regions: 80->80
[4033.779s][info][gc,metaspace   ] GC(1048) Metaspace: 28935K(29312K)->28935K(29312K) NonClass: 24067K(24256K)->24067K(24256K) Class: 4868K(5056K)->4868K(5056K)
[4033.779s][info][gc             ] GC(1048) Pause Young (Mixed) (G1 Evacuation Pause) 3665M->1328M(4096M) 134.491ms
[4033.779s][info][gc,cpu         ] GC(1048) User=0.79s Sys=0.00s Real=0.13s
...[4036.239s][info][gc,start       ] GC(1049) Pause Young (Concurrent Start) (G1 Evacuation Pause)
[4036.239s][info][gc,task        ] GC(1049) Using 6 workers of 6 for evacuation
[4036.358s][info][gc,phases      ] GC(1049)   Pre Evacuate Collection Set: 0.38ms
[4036.358s][info][gc,phases      ] GC(1049)   Merge Heap Roots: 0.48ms
[4036.358s][info][gc,phases      ] GC(1049)   Evacuate Collection Set: 117.07ms
[4036.358s][info][gc,phases      ] GC(1049)   Post Evacuate Collection Set: 0.96ms
[4036.358s][info][gc,phases      ] GC(1049)   Other: 0.10ms
[4036.358s][info][gc,heap        ] GC(1049) Eden regions: 1117->0(1117)
[4036.358s][info][gc,heap        ] GC(1049) Survivor regions: 111->111(154)
[4036.358s][info][gc,heap        ] GC(1049) Old regions: 474->506
[4036.358s][info][gc,heap        ] GC(1049) Humongous regions: 80->80
[4036.358s][info][gc,metaspace   ] GC(1049) Metaspace: 28935K(29312K)->28935K(29312K) NonClass: 24067K(24256K)->24067K(24256K) Class: 4868K(5056K)->4868K(5056K)
[4036.358s][info][gc             ] GC(1049) Pause Young (Concurrent Start) (G1 Evacuation Pause) 3562M->1392M(4096M) 119.132ms
[4036.359s][info][gc             ] GC(1050) Concurrent Mark Cycle
[4036.359s][info][gc,marking     ] GC(1050) Concurrent Scan Root Regions
[4036.359s][info][gc,cpu         ] GC(1049) User=0.70s Sys=0.00s Real=0.12s
[4036.545s][info][gc,marking     ] GC(1050) Concurrent Scan Root Regions 186.342ms
[4036.545s][info][gc,marking     ] GC(1050) Concurrent Mark
[4036.545s][info][gc,marking     ] GC(1050) Concurrent Mark From Roots
[4036.545s][info][gc,task        ] GC(1050) Using 2 workers of 2 for marking
.[4037.529s][info][gc,marking     ] GC(1050) Concurrent Mark From Roots 983.805ms
[4037.529s][info][gc,marking     ] GC(1050) Concurrent Preclean
[4037.529s][info][gc,marking     ] GC(1050) Concurrent Preclean 0.139ms
[4037.530s][info][gc,start       ] GC(1050) Pause Remark
[4037.538s][info][gc             ] GC(1050) Pause Remark 2450M->2450M(4096M) 7.790ms
[4037.538s][info][gc,cpu         ] GC(1050) User=0.04s Sys=0.01s Real=0.01s
[4037.538s][info][gc,marking     ] GC(1050) Concurrent Mark 993.285ms
[4037.538s][info][gc,marking     ] GC(1050) Concurrent Rebuild Remembered Sets and Scrub Regions
[4037.804s][info][gc,marking     ] GC(1050) Concurrent Rebuild Remembered Sets and Scrub Regions 265.380ms
[4037.804s][info][gc,start       ] GC(1050) Pause Cleanup
[4037.804s][info][gc             ] GC(1050) Pause Cleanup 2696M->2696M(4096M) 0.110ms
[4037.804s][info][gc,cpu         ] GC(1050) User=0.00s Sys=0.00s Real=0.00s
[4037.804s][info][gc,marking     ] GC(1050) Concurrent Clear Claimed Marks
[4037.804s][info][gc,marking     ] GC(1050) Concurrent Clear Claimed Marks 0.020ms
[4037.804s][info][gc,marking     ] GC(1050) Concurrent Cleanup for Next Mark
[4037.809s][info][gc,marking     ] GC(1050) Concurrent Cleanup for Next Mark 4.916ms
[4037.809s][info][gc             ] GC(1050) Concurrent Mark Cycle 1450.408ms
.[4038.852s][info][gc,start       ] GC(1051) Pause Young (Prepare Mixed) (G1 Evacuation Pause)
[4038.852s][info][gc,task        ] GC(1051) Using 6 workers of 6 for evacuation
[4038.970s][info][gc,phases      ] GC(1051)   Pre Evacuate Collection Set: 0.36ms
[4038.970s][info][gc,phases      ] GC(1051)   Merge Heap Roots: 0.51ms
[4038.970s][info][gc,phases      ] GC(1051)   Evacuate Collection Set: 116.28ms
[4038.970s][info][gc,phases      ] GC(1051)   Post Evacuate Collection Set: 0.93ms
[4038.970s][info][gc,phases      ] GC(1051)   Other: 0.09ms
[4038.970s][info][gc,heap        ] GC(1051) Eden regions: 1117->0(1107)
[4038.970s][info][gc,heap        ] GC(1051) Survivor regions: 111->110(154)
[4038.970s][info][gc,heap        ] GC(1051) Old regions: 506->538
[4038.970s][info][gc,heap        ] GC(1051) Humongous regions: 80->80
[4038.970s][info][gc,metaspace   ] GC(1051) Metaspace: 28935K(29312K)->28935K(29312K) NonClass: 24067K(24256K)->24067K(24256K) Class: 4868K(5056K)->4868K(5056K)
[4038.970s][info][gc             ] GC(1051) Pause Young (Prepare Mixed) (G1 Evacuation Pause) 3626M->1455M(4096M) 118.319ms
[4038.970s][info][gc,cpu         ] GC(1051) User=0.70s Sys=0.00s Real=0.12s
.|..[4041.412s][info][gc,start       ] GC(1052) Pause Young (Mixed) (G1 Evacuation Pause)
[4041.412s][info][gc,task        ] GC(1052) Using 6 workers of 6 for evacuation
[4041.548s][info][gc,phases      ] GC(1052)   Pre Evacuate Collection Set: 0.35ms
[4041.548s][info][gc,phases      ] GC(1052)   Merge Heap Roots: 0.62ms
[4041.548s][info][gc,phases      ] GC(1052)   Evacuate Collection Set: 134.21ms
[4041.548s][info][gc,phases      ] GC(1052)   Post Evacuate Collection Set: 0.95ms
[4041.548s][info][gc,phases      ] GC(1052)   Other: 0.09ms
[4041.548s][info][gc,heap        ] GC(1052) Eden regions: 1107->0(1118)
[4041.548s][info][gc,heap        ] GC(1052) Survivor regions: 110->110(153)
[4041.548s][info][gc,heap        ] GC(1052) Old regions: 538->476
[4041.548s][info][gc,heap        ] GC(1052) Humongous regions: 80->80
[4041.548s][info][gc,metaspace   ] GC(1052) Metaspace: 28935K(29312K)->28935K(29312K) NonClass: 24067K(24256K)->24067K(24256K) Class: 4868K(5056K)->4868K(5056K)
[4041.548s][info][gc             ] GC(1052) Pause Young (Mixed) (G1 Evacuation Pause) 3669M->1330M(4096M) 136.352ms
[4041.548s][info][gc,cpu         ] GC(1052) User=0.81s Sys=0.00s Real=0.14s
..[4044.038s][info][gc,start       ] GC(1053) Pause Young (Concurrent Start) (G1 Evacuation Pause)
[4044.038s][info][gc,task        ] GC(1053) Using 6 workers of 6 for evacuation
[4044.157s][info][gc,phases      ] GC(1053)   Pre Evacuate Collection Set: 0.40ms
[4044.157s][info][gc,phases      ] GC(1053)   Merge Heap Roots: 0.45ms
[4044.157s][info][gc,phases      ] GC(1053)   Evacuate Collection Set: 117.78ms
[4044.157s][info][gc,phases      ] GC(1053)   Post Evacuate Collection Set: 0.89ms
[4044.157s][info][gc,phases      ] GC(1053)   Other: 0.12ms
[4044.157s][info][gc,heap        ] GC(1053) Eden regions: 1118->0(1117)
[4044.157s][info][gc,heap        ] GC(1053) Survivor regions: 110->111(154)
[4044.157s][info][gc,heap        ] GC(1053) Old regions: 476->507
[4044.157s][info][gc,heap        ] GC(1053) Humongous regions: 80->80
[4044.157s][info][gc,metaspace   ] GC(1053) Metaspace: 28935K(29312K)->28935K(29312K) NonClass: 24067K(24256K)->24067K(24256K) Class: 4868K(5056K)->4868K(5056K)
[4044.157s][info][gc             ] GC(1053) Pause Young (Concurrent Start) (G1 Evacuation Pause) 3566M->1395M(4096M) 119.793ms
[4044.158s][info][gc             ] GC(1054) Concurrent Mark Cycle
[4044.158s][info][gc,marking     ] GC(1054) Concurrent Scan Root Regions
[4044.158s][info][gc,cpu         ] GC(1053) User=0.71s Sys=0.00s Real=0.12s
.[4044.341s][info][gc,marking     ] GC(1054) Concurrent Scan Root Regions 183.747ms
[4044.341s][info][gc,marking     ] GC(1054) Concurrent Mark
[4044.341s][info][gc,marking     ] GC(1054) Concurrent Mark From Roots
[4044.341s][info][gc,task        ] GC(1054) Using 2 workers of 2 for marking
[4045.043s][info][gc,marking     ] GC(1054) Concurrent Mark From Roots 701.746ms
[4045.043s][info][gc,marking     ] GC(1054) Concurrent Preclean
[4045.043s][info][gc,marking     ] GC(1054) Concurrent Preclean 0.087ms
[4045.046s][info][gc,start       ] GC(1054) Pause Remark
[4045.053s][info][gc             ] GC(1054) Pause Remark 2173M->2173M(4096M) 6.265ms
[4045.053s][info][gc,cpu         ] GC(1054) User=0.03s Sys=0.00s Real=0.01s
[4045.053s][info][gc,marking     ] GC(1054) Concurrent Mark 711.333ms
[4045.053s][info][gc,marking     ] GC(1054) Concurrent Rebuild Remembered Sets and Scrub Regions
.[4045.348s][info][gc,marking     ] GC(1054) Concurrent Rebuild Remembered Sets and Scrub Regions 295.418ms
[4045.362s][info][gc,start       ] GC(1054) Pause Cleanup
[4045.362s][info][gc             ] GC(1054) Pause Cleanup 2423M->2423M(4096M) 0.130ms
[4045.362s][info][gc,cpu         ] GC(1054) User=0.00s Sys=0.00s Real=0.00s
[4045.362s][info][gc,marking     ] GC(1054) Concurrent Clear Claimed Marks
[4045.362s][info][gc,marking     ] GC(1054) Concurrent Clear Claimed Marks 0.047ms
[4045.362s][info][gc,marking     ] GC(1054) Concurrent Cleanup for Next Mark
[4045.368s][info][gc,marking     ] GC(1054) Concurrent Cleanup for Next Mark 6.115ms
[4045.368s][info][gc             ] GC(1054) Concurrent Mark Cycle 1210.761ms
.[4046.722s][info][gc,start       ] GC(1055) Pause Young (Prepare Mixed) (G1 Evacuation Pause)
[4046.722s][info][gc,task        ] GC(1055) Using 6 workers of 6 for evacuation
[4046.840s][info][gc,phases      ] GC(1055)   Pre Evacuate Collection Set: 0.36ms
[4046.840s][info][gc,phases      ] GC(1055)   Merge Heap Roots: 0.52ms
[4046.840s][info][gc,phases      ] GC(1055)   Evacuate Collection Set: 115.82ms
[4046.840s][info][gc,phases      ] GC(1055)   Post Evacuate Collection Set: 0.92ms
[4046.840s][info][gc,phases      ] GC(1055)   Other: 0.10ms
[4046.840s][info][gc,heap        ] GC(1055) Eden regions: 1117->0(1104)
[4046.840s][info][gc,heap        ] GC(1055) Survivor regions: 111->111(154)
[4046.840s][info][gc,heap        ] GC(1055) Old regions: 507->539
[4046.840s][info][gc,heap        ] GC(1055) Humongous regions: 80->80
[4046.840s][info][gc,metaspace   ] GC(1055) Metaspace: 28935K(29312K)->28935K(29312K) NonClass: 24067K(24256K)->24067K(24256K) Class: 4868K(5056K)->4868K(5056K)
[4046.840s][info][gc             ] GC(1055) Pause Young (Prepare Mixed) (G1 Evacuation Pause) 3629M->1457M(4096M) 117.860ms
[4046.840s][info][gc,cpu         ] GC(1055) User=0.70s Sys=0.00s Real=0.12s
..[4049.232s][info][gc,start       ] GC(1056) Pause Young (Mixed) (G1 Evacuation Pause)
[4049.232s][info][gc,task        ] GC(1056) Using 6 workers of 6 for evacuation
[4049.368s][info][gc,phases      ] GC(1056)   Pre Evacuate Collection Set: 0.36ms
[4049.368s][info][gc,phases      ] GC(1056)   Merge Heap Roots: 0.67ms
[4049.368s][info][gc,phases      ] GC(1056)   Evacuate Collection Set: 133.47ms
[4049.368s][info][gc,phases      ] GC(1056)   Post Evacuate Collection Set: 0.98ms
[4049.368s][info][gc,phases      ] GC(1056)   Other: 0.09ms
[4049.368s][info][gc,heap        ] GC(1056) Eden regions: 1104->0(1118)
[4049.368s][info][gc,heap        ] GC(1056) Survivor regions: 111->110(152)
[4049.368s][info][gc,heap        ] GC(1056) Old regions: 539->473
[4049.368s][info][gc,heap        ] GC(1056) Humongous regions: 80->80
[4049.368s][info][gc,metaspace   ] GC(1056) Metaspace: 28935K(29312K)->28935K(29312K) NonClass: 24067K(24256K)->24067K(24256K) Class: 4868K(5056K)->4868K(5056K)
[4049.368s][info][gc             ] GC(1056) Pause Young (Mixed) (G1 Evacuation Pause) 3665M->1324M(4096M) 135.705ms
[4049.368s][info][gc,cpu         ] GC(1056) User=0.80s Sys=0.00s Real=0.13s
...[4051.888s][info][gc,start       ] GC(1057) Pause Young (Concurrent Start) (G1 Evacuation Pause)
[4051.888s][info][gc,task        ] GC(1057) Using 6 workers of 6 for evacuation
[4052.007s][info][gc,phases      ] GC(1057)   Pre Evacuate Collection Set: 0.40ms
[4052.007s][info][gc,phases      ] GC(1057)   Merge Heap Roots: 0.45ms
[4052.007s][info][gc,phases      ] GC(1057)   Evacuate Collection Set: 117.55ms
[4052.007s][info][gc,phases      ] GC(1057)   Post Evacuate Collection Set: 0.91ms
[4052.007s][info][gc,phases      ] GC(1057)   Other: 0.11ms
[4052.007s][info][gc,heap        ] GC(1057) Eden regions: 1118->0(1117)
[4052.007s][info][gc,heap        ] GC(1057) Survivor regions: 110->111(154)
[4052.007s][info][gc,heap        ] GC(1057) Old regions: 473->505
[4052.007s][info][gc,heap        ] GC(1057) Humongous regions: 80->80
[4052.008s][info][gc,metaspace   ] GC(1057) Metaspace: 28935K(29312K)->28935K(29312K) NonClass: 24067K(24256K)->24067K(24256K) Class: 4868K(5056K)->4868K(5056K)
[4052.008s][info][gc             ] GC(1057) Pause Young (Concurrent Start) (G1 Evacuation Pause) 3560M->1390M(4096M) 119.556ms
[4052.008s][info][gc             ] GC(1058) Concurrent Mark Cycle
[4052.008s][info][gc,marking     ] GC(1058) Concurrent Scan Root Regions
[4052.008s][info][gc,cpu         ] GC(1057) User=0.71s Sys=0.00s Real=0.12s
[4052.174s][info][gc,marking     ] GC(1058) Concurrent Scan Root Regions 165.992ms
[4052.174s][info][gc,marking     ] GC(1058) Concurrent Mark
[4052.174s][info][gc,marking     ] GC(1058) Concurrent Mark From Roots
[4052.174s][info][gc,task        ] GC(1058) Using 2 workers of 2 for marking
.[4052.984s][info][gc,marking     ] GC(1058) Concurrent Mark From Roots 809.982ms
[4052.984s][info][gc,marking     ] GC(1058) Concurrent Preclean
[4052.984s][info][gc,marking     ] GC(1058) Concurrent Preclean 0.113ms
[4052.984s][info][gc,start       ] GC(1058) Pause Remark
[4052.990s][info][gc             ] GC(1058) Pause Remark 2231M->2231M(4096M) 6.240ms
[4052.990s][info][gc,cpu         ] GC(1058) User=0.04s Sys=0.00s Real=0.00s
[4052.991s][info][gc,marking     ] GC(1058) Concurrent Mark 817.362ms
[4052.991s][info][gc,marking     ] GC(1058) Concurrent Rebuild Remembered Sets and Scrub Regions
[4053.401s][info][gc,marking     ] GC(1058) Concurrent Rebuild Remembered Sets and Scrub Regions 410.089ms
[4053.401s][info][gc,start       ] GC(1058) Pause Cleanup
[4053.401s][info][gc             ] GC(1058) Pause Cleanup 2624M->2624M(4096M) 0.134ms
[4053.401s][info][gc,cpu         ] GC(1058) User=0.00s Sys=0.00s Real=0.00s
[4053.401s][info][gc,marking     ] GC(1058) Concurrent Clear Claimed Marks
[4053.401s][info][gc,marking     ] GC(1058) Concurrent Clear Claimed Marks 0.030ms
[4053.401s][info][gc,marking     ] GC(1058) Concurrent Cleanup for Next Mark
[4053.406s][info][gc,marking     ] GC(1058) Concurrent Cleanup for Next Mark 4.047ms
[4053.406s][info][gc             ] GC(1058) Concurrent Mark Cycle 1398.030ms
.[4054.520s][info][gc,start       ] GC(1059) Pause Young (Prepare Mixed) (G1 Evacuation Pause)
[4054.520s][info][gc,task        ] GC(1059) Using 6 workers of 6 for evacuation
[4054.640s][info][gc,phases      ] GC(1059)   Pre Evacuate Collection Set: 0.33ms
[4054.640s][info][gc,phases      ] GC(1059)   Merge Heap Roots: 0.50ms
[4054.640s][info][gc,phases      ] GC(1059)   Evacuate Collection Set: 117.94ms
[4054.640s][info][gc,phases      ] GC(1059)   Post Evacuate Collection Set: 0.92ms
[4054.640s][info][gc,phases      ] GC(1059)   Other: 0.09ms
[4054.640s][info][gc,heap        ] GC(1059) Eden regions: 1117->0(1105)
[4054.640s][info][gc,heap        ] GC(1059) Survivor regions: 111->112(154)
[4054.640s][info][gc,heap        ] GC(1059) Old regions: 505->536
[4054.640s][info][gc,heap        ] GC(1059) Humongous regions: 80->80
[4054.640s][info][gc,metaspace   ] GC(1059) Metaspace: 28935K(29312K)->28935K(29312K) NonClass: 24067K(24256K)->24067K(24256K) Class: 4868K(5056K)->4868K(5056K)
[4054.640s][info][gc             ] GC(1059) Pause Young (Prepare Mixed) (G1 Evacuation Pause) 3624M->1454M(4096M) 119.905ms
[4054.640s][info][gc,cpu         ] GC(1059) User=0.70s Sys=0.00s Real=0.12s
...[4057.074s][info][gc,start       ] GC(1060) Pause Young (Mixed) (G1 Evacuation Pause)
[4057.074s][info][gc,task        ] GC(1060) Using 6 workers of 6 for evacuation
[4057.206s][info][gc,phases      ] GC(1060)   Pre Evacuate Collection Set: 0.40ms
[4057.206s][info][gc,phases      ] GC(1060)   Merge Heap Roots: 0.61ms
[4057.206s][info][gc,phases      ] GC(1060)   Evacuate Collection Set: 130.57ms
[4057.206s][info][gc,phases      ] GC(1060)   Post Evacuate Collection Set: 0.94ms
[4057.206s][info][gc,phases      ] GC(1060)   Other: 0.09ms
[4057.206s][info][gc,heap        ] GC(1060) Eden regions: 1105->0(1118)
[4057.206s][info][gc,heap        ] GC(1060) Survivor regions: 112->110(153)
[4057.206s][info][gc,heap        ] GC(1060) Old regions: 536->472
[4057.206s][info][gc,heap        ] GC(1060) Humongous regions: 80->80
[4057.206s][info][gc,metaspace   ] GC(1060) Metaspace: 28935K(29312K)->28935K(29312K) NonClass: 24067K(24256K)->24067K(24256K) Class: 4868K(5056K)->4868K(5056K)
[4057.206s][info][gc             ] GC(1060) Pause Young (Mixed) (G1 Evacuation Pause) 3664M->1323M(4096M) 132.716ms
[4057.206s][info][gc,cpu         ] GC(1060) User=0.78s Sys=0.00s Real=0.13s
...[4059.676s][info][gc,start       ] GC(1061) Pause Young (Concurrent Start) (G1 Evacuation Pause)
[4059.676s][info][gc,task        ] GC(1061) Using 6 workers of 6 for evacuation
[4059.792s][info][gc,phases      ] GC(1061)   Pre Evacuate Collection Set: 0.36ms
[4059.792s][info][gc,phases      ] GC(1061)   Merge Heap Roots: 0.44ms
[4059.792s][info][gc,phases      ] GC(1061)   Evacuate Collection Set: 113.90ms
[4059.792s][info][gc,phases      ] GC(1061)   Post Evacuate Collection Set: 0.89ms
[4059.792s][info][gc,phases      ] GC(1061)   Other: 0.11ms
[4059.792s][info][gc,heap        ] GC(1061) Eden regions: 1118->0(1120)
[4059.792s][info][gc,heap        ] GC(1061) Survivor regions: 110->108(154)
[4059.792s][info][gc,heap        ] GC(1061) Old regions: 472->505
[4059.792s][info][gc,heap        ] GC(1061) Humongous regions: 80->80
[4059.792s][info][gc,metaspace   ] GC(1061) Metaspace: 28935K(29312K)->28935K(29312K) NonClass: 24067K(24256K)->24067K(24256K) Class: 4868K(5056K)->4868K(5056K)
[4059.792s][info][gc             ] GC(1061) Pause Young (Concurrent Start) (G1 Evacuation Pause) 3559M->1383M(4096M) 115.850ms
[4059.792s][info][gc             ] GC(1062) Concurrent Mark Cycle
[4059.792s][info][gc,marking     ] GC(1062) Concurrent Scan Root Regions
[4059.792s][info][gc,cpu         ] GC(1061) User=0.68s Sys=0.00s Real=0.11s
[4059.940s][info][gc,marking     ] GC(1062) Concurrent Scan Root Regions 148.596ms
[4059.940s][info][gc,marking     ] GC(1062) Concurrent Mark
[4059.940s][info][gc,marking     ] GC(1062) Concurrent Mark From Roots
[4059.940s][info][gc,task        ] GC(1062) Using 2 workers of 2 for marking
[4060.632s][info][gc,marking     ] GC(1062) Concurrent Mark From Roots 691.520ms
[4060.632s][info][gc,marking     ] GC(1062) Concurrent Preclean
[4060.632s][info][gc,marking     ] GC(1062) Concurrent Preclean 0.085ms
[4060.632s][info][gc,start       ] GC(1062) Pause Remark
[4060.637s][info][gc             ] GC(1062) Pause Remark 2123M->2123M(4096M) 4.352ms
[4060.637s][info][gc,cpu         ] GC(1062) User=0.02s Sys=0.01s Real=0.00s
[4060.637s][info][gc,marking     ] GC(1062) Concurrent Mark 696.336ms
[4060.637s][info][gc,marking     ] GC(1062) Concurrent Rebuild Remembered Sets and Scrub Regions
.[4060.902s][info][gc,marking     ] GC(1062) Concurrent Rebuild Remembered Sets and Scrub Regions 265.600ms
[4060.904s][info][gc,start       ] GC(1062) Pause Cleanup
[4060.904s][info][gc             ] GC(1062) Pause Cleanup 2381M->2381M(4096M) 0.132ms
[4060.904s][info][gc,cpu         ] GC(1062) User=0.00s Sys=0.00s Real=0.00s
[4060.905s][info][gc,marking     ] GC(1062) Concurrent Clear Claimed Marks
[4060.905s][info][gc,marking     ] GC(1062) Concurrent Clear Claimed Marks 0.043ms
[4060.905s][info][gc,marking     ] GC(1062) Concurrent Cleanup for Next Mark
[4060.909s][info][gc,marking     ] GC(1062) Concurrent Cleanup for Next Mark 3.934ms
[4060.909s][info][gc             ] GC(1062) Concurrent Mark Cycle 1116.812ms
.[4062.350s][info][gc,start       ] GC(1063) Pause Young (Prepare Mixed) (G1 Evacuation Pause)
[4062.350s][info][gc,task        ] GC(1063) Using 6 workers of 6 for evacuation
[4062.465s][info][gc,phases      ] GC(1063)   Pre Evacuate Collection Set: 0.33ms
[4062.466s][info][gc,phases      ] GC(1063)   Merge Heap Roots: 0.49ms
[4062.466s][info][gc,phases      ] GC(1063)   Evacuate Collection Set: 113.91ms
[4062.466s][info][gc,phases      ] GC(1063)   Post Evacuate Collection Set: 0.94ms
[4062.466s][info][gc,phases      ] GC(1063)   Other: 0.09ms
[4062.466s][info][gc,heap        ] GC(1063) Eden regions: 1120->0(1112)
[4062.466s][info][gc,heap        ] GC(1063) Survivor regions: 108->109(154)
[4062.466s][info][gc,heap        ] GC(1063) Old regions: 505->535
[4062.466s][info][gc,heap        ] GC(1063) Humongous regions: 80->80
[4062.466s][info][gc,metaspace   ] GC(1063) Metaspace: 28935K(29312K)->28935K(29312K) NonClass: 24067K(24256K)->24067K(24256K) Class: 4868K(5056K)->4868K(5056K)
[4062.466s][info][gc             ] GC(1063) Pause Young (Prepare Mixed) (G1 Evacuation Pause) 3623M->1446M(4096M) 115.871ms
[4062.466s][info][gc,cpu         ] GC(1063) User=0.69s Sys=0.00s Real=0.12s
...[4064.924s][info][gc,start       ] GC(1064) Pause Young (Mixed) (G1 Evacuation Pause)
[4064.924s][info][gc,task        ] GC(1064) Using 6 workers of 6 for evacuation
[4065.063s][info][gc,phases      ] GC(1064)   Pre Evacuate Collection Set: 0.36ms
[4065.063s][info][gc,phases      ] GC(1064)   Merge Heap Roots: 0.68ms
[4065.063s][info][gc,phases      ] GC(1064)   Evacuate Collection Set: 136.82ms
[4065.063s][info][gc,phases      ] GC(1064)   Post Evacuate Collection Set: 0.92ms
[4065.063s][info][gc,phases      ] GC(1064)   Other: 0.10ms
[4065.063s][info][gc,heap        ] GC(1064) Eden regions: 1112->0(1115)
[4065.063s][info][gc,heap        ] GC(1064) Survivor regions: 109->113(153)
[4065.063s][info][gc,heap        ] GC(1064) Old regions: 535->473
[4065.063s][info][gc,heap        ] GC(1064) Humongous regions: 80->80
[4065.063s][info][gc,metaspace   ] GC(1064) Metaspace: 28935K(29312K)->28935K(29312K) NonClass: 24067K(24256K)->24067K(24256K) Class: 4868K(5056K)->4868K(5056K)
[4065.063s][info][gc             ] GC(1064) Pause Young (Mixed) (G1 Evacuation Pause) 3670M->1331M(4096M) 139.031ms
[4065.063s][info][gc,cpu         ] GC(1064) User=0.82s Sys=0.00s Real=0.14s
..[4067.501s][info][gc,start       ] GC(1065) Pause Young (Concurrent Start) (G1 Evacuation Pause)
[4067.501s][info][gc,task        ] GC(1065) Using 6 workers of 6 for evacuation
[4067.625s][info][gc,phases      ] GC(1065)   Pre Evacuate Collection Set: 0.33ms
[4067.625s][info][gc,phases      ] GC(1065)   Merge Heap Roots: 0.47ms
[4067.625s][info][gc,phases      ] GC(1065)   Evacuate Collection Set: 121.37ms
[4067.625s][info][gc,phases      ] GC(1065)   Post Evacuate Collection Set: 0.92ms
[4067.625s][info][gc,phases      ] GC(1065)   Other: 0.11ms
[4067.625s][info][gc,heap        ] GC(1065) Eden regions: 1115->0(1114)
[4067.625s][info][gc,heap        ] GC(1065) Survivor regions: 113->114(154)
[4067.625s][info][gc,heap        ] GC(1065) Old regions: 473->507
[4067.625s][info][gc,heap        ] GC(1065) Humongous regions: 80->80
[4067.625s][info][gc,metaspace   ] GC(1065) Metaspace: 28935K(29312K)->28935K(29312K) NonClass: 24067K(24256K)->24067K(24256K) Class: 4868K(5056K)->4868K(5056K)
[4067.625s][info][gc             ] GC(1065) Pause Young (Concurrent Start) (G1 Evacuation Pause) 3561M->1400M(4096M) 123.327ms
[4067.625s][info][gc             ] GC(1066) Concurrent Mark Cycle
[4067.625s][info][gc,marking     ] GC(1066) Concurrent Scan Root Regions
[4067.625s][info][gc,cpu         ] GC(1065) User=0.73s Sys=0.00s Real=0.13s
.[4067.774s][info][gc,marking     ] GC(1066) Concurrent Scan Root Regions 149.038ms
[4067.774s][info][gc,marking     ] GC(1066) Concurrent Mark
[4067.774s][info][gc,marking     ] GC(1066) Concurrent Mark From Roots
[4067.774s][info][gc,task        ] GC(1066) Using 2 workers of 2 for marking
[4068.486s][info][gc,marking     ] GC(1066) Concurrent Mark From Roots 712.427ms
[4068.486s][info][gc,marking     ] GC(1066) Concurrent Preclean
[4068.486s][info][gc,marking     ] GC(1066) Concurrent Preclean 0.099ms
[4068.487s][info][gc,start       ] GC(1066) Pause Remark
[4068.493s][info][gc             ] GC(1066) Pause Remark 2160M->2160M(4096M) 6.725ms
[4068.494s][info][gc,cpu         ] GC(1066) User=0.03s Sys=0.00s Real=0.01s
[4068.496s][info][gc,marking     ] GC(1066) Concurrent Mark 722.623ms
[4068.497s][info][gc,marking     ] GC(1066) Concurrent Rebuild Remembered Sets and Scrub Regions
.[4068.829s][info][gc,marking     ] GC(1066) Concurrent Rebuild Remembered Sets and Scrub Regions 332.850ms
[4068.830s][info][gc,start       ] GC(1066) Pause Cleanup
[4068.830s][info][gc             ] GC(1066) Pause Cleanup 2482M->2482M(4096M) 0.112ms
[4068.830s][info][gc,cpu         ] GC(1066) User=0.00s Sys=0.00s Real=0.00s
[4068.832s][info][gc,marking     ] GC(1066) Concurrent Clear Claimed Marks
[4068.832s][info][gc,marking     ] GC(1066) Concurrent Clear Claimed Marks 0.067ms
[4068.832s][info][gc,marking     ] GC(1066) Concurrent Cleanup for Next Mark
[4068.837s][info][gc,marking     ] GC(1066) Concurrent Cleanup for Next Mark 4.873ms
[4068.837s][info][gc             ] GC(1066) Concurrent Mark Cycle 1212.576ms
.[4070.182s][info][gc,start       ] GC(1067) Pause Young (Prepare Mixed) (G1 Evacuation Pause)
[4070.182s][info][gc,task        ] GC(1067) Using 6 workers of 6 for evacuation
[4070.302s][info][gc,phases      ] GC(1067)   Pre Evacuate Collection Set: 0.34ms
[4070.302s][info][gc,phases      ] GC(1067)   Merge Heap Roots: 0.51ms
[4070.302s][info][gc,phases      ] GC(1067)   Evacuate Collection Set: 117.75ms
[4070.302s][info][gc,phases      ] GC(1067)   Post Evacuate Collection Set: 0.93ms
[4070.302s][info][gc,phases      ] GC(1067)   Other: 0.09ms
[4070.302s][info][gc,heap        ] GC(1067) Eden regions: 1114->0(1107)
[4070.302s][info][gc,heap        ] GC(1067) Survivor regions: 114->110(154)
[4070.302s][info][gc,heap        ] GC(1067) Old regions: 507->538
[4070.302s][info][gc,heap        ] GC(1067) Humongous regions: 80->80
[4070.302s][info][gc,metaspace   ] GC(1067) Metaspace: 28935K(29312K)->28935K(29312K) NonClass: 24067K(24256K)->24067K(24256K) Class: 4868K(5056K)->4868K(5056K)
[4070.302s][info][gc             ] GC(1067) Pause Young (Prepare Mixed) (G1 Evacuation Pause) 3628M->1454M(4096M) 119.746ms
[4070.302s][info][gc,cpu         ] GC(1067) User=0.71s Sys=0.00s Real=0.12s
..[4072.705s][info][gc,start       ] GC(1068) Pause Young (Mixed) (G1 Evacuation Pause)
[4072.705s][info][gc,task        ] GC(1068) Using 6 workers of 6 for evacuation
[4072.841s][info][gc,phases      ] GC(1068)   Pre Evacuate Collection Set: 0.39ms
[4072.842s][info][gc,phases      ] GC(1068)   Merge Heap Roots: 0.69ms
[4072.842s][info][gc,phases      ] GC(1068)   Evacuate Collection Set: 133.89ms
[4072.842s][info][gc,phases      ] GC(1068)   Post Evacuate Collection Set: 0.96ms
[4072.842s][info][gc,phases      ] GC(1068)   Other: 0.10ms
[4072.842s][info][gc,heap        ] GC(1068) Eden regions: 1107->0(1115)
[4072.842s][info][gc,heap        ] GC(1068) Survivor regions: 110->113(153)
[4072.842s][info][gc,heap        ] GC(1068) Old regions: 538->474
[4072.842s][info][gc,heap        ] GC(1068) Humongous regions: 80->80
[4072.842s][info][gc,metaspace   ] GC(1068) Metaspace: 28935K(29312K)->28935K(29312K) NonClass: 24067K(24256K)->24067K(24256K) Class: 4868K(5056K)->4868K(5056K)
[4072.842s][info][gc             ] GC(1068) Pause Young (Mixed) (G1 Evacuation Pause) 3668M->1333M(4096M) 136.152ms
[4072.842s][info][gc,cpu         ] GC(1068) User=0.80s Sys=0.00s Real=0.13s
...[4075.333s][info][gc,start       ] GC(1069) Pause Young (Concurrent Start) (G1 Evacuation Pause)
[4075.333s][info][gc,task        ] GC(1069) Using 6 workers of 6 for evacuation
[4075.456s][info][gc,phases      ] GC(1069)   Pre Evacuate Collection Set: 0.38ms
[4075.456s][info][gc,phases      ] GC(1069)   Merge Heap Roots: 0.45ms
[4075.456s][info][gc,phases      ] GC(1069)   Evacuate Collection Set: 120.46ms
[4075.456s][info][gc,phases      ] GC(1069)   Post Evacuate Collection Set: 0.92ms
[4075.456s][info][gc,phases      ] GC(1069)   Other: 0.12ms
[4075.456s][info][gc,heap        ] GC(1069) Eden regions: 1115->0(1115)
[4075.456s][info][gc,heap        ] GC(1069) Survivor regions: 113->113(154)
[4075.456s][info][gc,heap        ] GC(1069) Old regions: 474->507
[4075.456s][info][gc,heap        ] GC(1069) Humongous regions: 80->80
[4075.456s][info][gc,metaspace   ] GC(1069) Metaspace: 28935K(29312K)->28935K(29312K) NonClass: 24067K(24256K)->24067K(24256K) Class: 4868K(5056K)->4868K(5056K)
[4075.456s][info][gc             ] GC(1069) Pause Young (Concurrent Start) (G1 Evacuation Pause) 3563M->1397M(4096M) 122.463ms
[4075.456s][info][gc             ] GC(1070) Concurrent Mark Cycle
[4075.456s][info][gc,marking     ] GC(1070) Concurrent Scan Root Regions
[4075.456s][info][gc,cpu         ] GC(1069) User=0.73s Sys=0.00s Real=0.12s
[4075.655s][info][gc,marking     ] GC(1070) Concurrent Scan Root Regions 198.932ms
[4075.655s][info][gc,marking     ] GC(1070) Concurrent Mark
[4075.655s][info][gc,marking     ] GC(1070) Concurrent Mark From Roots
[4075.655s][info][gc,task        ] GC(1070) Using 2 workers of 2 for marking
.[4076.556s][info][gc,marking     ] GC(1070) Concurrent Mark From Roots 901.546ms
[4076.556s][info][gc,marking     ] GC(1070) Concurrent Preclean
[4076.557s][info][gc,marking     ] GC(1070) Concurrent Preclean 0.079ms
[4076.557s][info][gc,start       ] GC(1070) Pause Remark
[4076.564s][info][gc             ] GC(1070) Pause Remark 2357M->2357M(4096M) 6.973ms
[4076.564s][info][gc,cpu         ] GC(1070) User=0.04s Sys=0.00s Real=0.01s
[4076.564s][info][gc,marking     ] GC(1070) Concurrent Mark 908.881ms
[4076.564s][info][gc,marking     ] GC(1070) Concurrent Rebuild Remembered Sets and Scrub Regions
[4076.882s][info][gc,marking     ] GC(1070) Concurrent Rebuild Remembered Sets and Scrub Regions 317.964ms
[4076.883s][info][gc,start       ] GC(1070) Pause Cleanup
[4076.883s][info][gc             ] GC(1070) Pause Cleanup 2627M->2627M(4096M) 0.117ms
[4076.883s][info][gc,cpu         ] GC(1070) User=0.00s Sys=0.00s Real=0.00s
[4076.883s][info][gc,marking     ] GC(1070) Concurrent Clear Claimed Marks
[4076.883s][info][gc,marking     ] GC(1070) Concurrent Clear Claimed Marks 0.030ms
[4076.883s][info][gc,marking     ] GC(1070) Concurrent Cleanup for Next Mark
[4076.892s][info][gc,marking     ] GC(1070) Concurrent Cleanup for Next Mark 8.669ms
[4076.892s][info][gc             ] GC(1070) Concurrent Mark Cycle 1435.992ms
..[4078.064s][info][gc,start       ] GC(1071) Pause Young (Prepare Mixed) (G1 Evacuation Pause)
[4078.064s][info][gc,task        ] GC(1071) Using 6 workers of 6 for evacuation
[4078.185s][info][gc,phases      ] GC(1071)   Pre Evacuate Collection Set: 0.33ms
[4078.185s][info][gc,phases      ] GC(1071)   Merge Heap Roots: 0.52ms
[4078.185s][info][gc,phases      ] GC(1071)   Evacuate Collection Set: 118.50ms
[4078.185s][info][gc,phases      ] GC(1071)   Post Evacuate Collection Set: 0.96ms
[4078.185s][info][gc,phases      ] GC(1071)   Other: 0.08ms
[4078.185s][info][gc,heap        ] GC(1071) Eden regions: 1115->0(1102)
[4078.185s][info][gc,heap        ] GC(1071) Survivor regions: 113->113(154)
[4078.185s][info][gc,heap        ] GC(1071) Old regions: 507->537
[4078.185s][info][gc,heap        ] GC(1071) Humongous regions: 80->80
[4078.185s][info][gc,metaspace   ] GC(1071) Metaspace: 28935K(29312K)->28935K(29312K) NonClass: 24067K(24256K)->24067K(24256K) Class: 4868K(5056K)->4868K(5056K)
[4078.185s][info][gc             ] GC(1071) Pause Young (Prepare Mixed) (G1 Evacuation Pause) 3627M->1459M(4096M) 120.529ms
[4078.185s][info][gc,cpu         ] GC(1071) User=0.71s Sys=0.00s Real=0.12s
..[4080.579s][info][gc,start       ] GC(1072) Pause Young (Mixed) (G1 Evacuation Pause)
[4080.579s][info][gc,task        ] GC(1072) Using 6 workers of 6 for evacuation
[4080.715s][info][gc,phases      ] GC(1072)   Pre Evacuate Collection Set: 0.38ms
[4080.715s][info][gc,phases      ] GC(1072)   Merge Heap Roots: 0.71ms
[4080.715s][info][gc,phases      ] GC(1072)   Evacuate Collection Set: 133.95ms
[4080.715s][info][gc,phases      ] GC(1072)   Post Evacuate Collection Set: 0.94ms
[4080.715s][info][gc,phases      ] GC(1072)   Other: 0.09ms
[4080.715s][info][gc,heap        ] GC(1072) Eden regions: 1102->0(1116)
[4080.715s][info][gc,heap        ] GC(1072) Survivor regions: 113->112(152)
[4080.715s][info][gc,heap        ] GC(1072) Old regions: 537->472
[4080.715s][info][gc,heap        ] GC(1072) Humongous regions: 80->80
[4080.715s][info][gc,metaspace   ] GC(1072) Metaspace: 28935K(29312K)->28935K(29312K) NonClass: 24067K(24256K)->24067K(24256K) Class: 4868K(5056K)->4868K(5056K)
[4080.715s][info][gc             ] GC(1072) Pause Young (Mixed) (G1 Evacuation Pause) 3663M->1325M(4096M) 136.228ms
[4080.715s][info][gc,cpu         ] GC(1072) User=0.80s Sys=0.00s Real=0.14s
...[4083.165s][info][gc,start       ] GC(1073) Pause Young (Concurrent Start) (G1 Evacuation Pause)
[4083.165s][info][gc,task        ] GC(1073) Using 6 workers of 6 for evacuation
[4083.281s][info][gc,phases      ] GC(1073)   Pre Evacuate Collection Set: 0.45ms
[4083.281s][info][gc,phases      ] GC(1073)   Merge Heap Roots: 0.46ms
[4083.281s][info][gc,phases      ] GC(1073)   Evacuate Collection Set: 113.53ms
[4083.281s][info][gc,phases      ] GC(1073)   Post Evacuate Collection Set: 0.91ms
[4083.281s][info][gc,phases      ] GC(1073)   Other: 0.10ms
[4083.281s][info][gc,heap        ] GC(1073) Eden regions: 1116->0(1123)
[4083.281s][info][gc,heap        ] GC(1073) Survivor regions: 112->105(154)
[4083.281s][info][gc,heap        ] GC(1073) Old regions: 472->506
[4083.281s][info][gc,heap        ] GC(1073) Humongous regions: 80->80
[4083.281s][info][gc,metaspace   ] GC(1073) Metaspace: 28935K(29312K)->28935K(29312K) NonClass: 24067K(24256K)->24067K(24256K) Class: 4868K(5056K)->4868K(5056K)
[4083.281s][info][gc             ] GC(1073) Pause Young (Concurrent Start) (G1 Evacuation Pause) 3557M->1379M(4096M) 115.607ms
[4083.281s][info][gc             ] GC(1074) Concurrent Mark Cycle
[4083.281s][info][gc,marking     ] GC(1074) Concurrent Scan Root Regions
[4083.281s][info][gc,cpu         ] GC(1073) User=0.68s Sys=0.00s Real=0.11s
[4083.497s][info][gc,marking     ] GC(1074) Concurrent Scan Root Regions 216.500ms
[4083.497s][info][gc,marking     ] GC(1074) Concurrent Mark
[4083.497s][info][gc,marking     ] GC(1074) Concurrent Mark From Roots
[4083.497s][info][gc,task        ] GC(1074) Using 2 workers of 2 for marking
.[4084.519s][info][gc,marking     ] GC(1074) Concurrent Mark From Roots 1021.645ms
[4084.519s][info][gc,marking     ] GC(1074) Concurrent Preclean
[4084.519s][info][gc,marking     ] GC(1074) Concurrent Preclean 0.111ms
[4084.520s][info][gc,start       ] GC(1074) Pause Remark
[4084.528s][info][gc             ] GC(1074) Pause Remark 2513M->2513M(4096M) 7.178ms
[4084.528s][info][gc,cpu         ] GC(1074) User=0.04s Sys=0.00s Real=0.01s
[4084.529s][info][gc,marking     ] GC(1074) Concurrent Mark 1031.272ms
[4084.529s][info][gc,marking     ] GC(1074) Concurrent Rebuild Remembered Sets and Scrub Regions
[4084.883s][info][gc,marking     ] GC(1074) Concurrent Rebuild Remembered Sets and Scrub Regions 354.407ms
[4084.884s][info][gc,start       ] GC(1074) Pause Cleanup
[4084.884s][info][gc             ] GC(1074) Pause Cleanup 2843M->2843M(4096M) 0.112ms
[4084.884s][info][gc,cpu         ] GC(1074) User=0.00s Sys=0.00s Real=0.00s
[4084.885s][info][gc,marking     ] GC(1074) Concurrent Clear Claimed Marks
[4084.885s][info][gc,marking     ] GC(1074) Concurrent Clear Claimed Marks 0.047ms
[4084.885s][info][gc,marking     ] GC(1074) Concurrent Cleanup for Next Mark
[4084.890s][info][gc,marking     ] GC(1074) Concurrent Cleanup for Next Mark 5.059ms
[4084.890s][info][gc             ] GC(1074) Concurrent Mark Cycle 1609.592ms
.[4085.788s][info][gc,start       ] GC(1075) Pause Young (Prepare Mixed) (G1 Evacuation Pause)
[4085.789s][info][gc,task        ] GC(1075) Using 6 workers of 6 for evacuation
[4085.907s][info][gc,phases      ] GC(1075)   Pre Evacuate Collection Set: 0.34ms
[4085.907s][info][gc,phases      ] GC(1075)   Merge Heap Roots: 0.51ms
[4085.907s][info][gc,phases      ] GC(1075)   Evacuate Collection Set: 116.16ms
[4085.907s][info][gc,phases      ] GC(1075)   Post Evacuate Collection Set: 0.93ms
[4085.907s][info][gc,phases      ] GC(1075)   Other: 0.09ms
[4085.907s][info][gc,heap        ] GC(1075) Eden regions: 1123->0(1105)
[4085.907s][info][gc,heap        ] GC(1075) Survivor regions: 105->112(154)
[4085.907s][info][gc,heap        ] GC(1075) Old regions: 506->536
[4085.907s][info][gc,heap        ] GC(1075) Humongous regions: 80->80
[4085.907s][info][gc,metaspace   ] GC(1075) Metaspace: 28935K(29312K)->28935K(29312K) NonClass: 24067K(24256K)->24067K(24256K) Class: 4868K(5056K)->4868K(5056K)
[4085.907s][info][gc             ] GC(1075) Pause Young (Prepare Mixed) (G1 Evacuation Pause) 3625M->1454M(4096M) 118.158ms
[4085.907s][info][gc,cpu         ] GC(1075) User=0.69s Sys=0.00s Real=0.12s
...[4088.363s][info][gc,start       ] GC(1076) Pause Young (Mixed) (G1 Evacuation Pause)
[4088.363s][info][gc,task        ] GC(1076) Using 6 workers of 6 for evacuation
[4088.498s][info][gc,phases      ] GC(1076)   Pre Evacuate Collection Set: 0.38ms
[4088.498s][info][gc,phases      ] GC(1076)   Merge Heap Roots: 0.75ms
[4088.498s][info][gc,phases      ] GC(1076)   Evacuate Collection Set: 132.80ms
[4088.498s][info][gc,phases      ] GC(1076)   Post Evacuate Collection Set: 1.02ms
[4088.498s][info][gc,phases      ] GC(1076)   Other: 0.10ms
[4088.498s][info][gc,heap        ] GC(1076) Eden regions: 1105->0(1118)
[4088.498s][info][gc,heap        ] GC(1076) Survivor regions: 112->110(153)
[4088.498s][info][gc,heap        ] GC(1076) Old regions: 536->475
[4088.498s][info][gc,heap        ] GC(1076) Humongous regions: 80->80
[4088.498s][info][gc,metaspace   ] GC(1076) Metaspace: 28935K(29312K)->28935K(29312K) NonClass: 24067K(24256K)->24067K(24256K) Class: 4868K(5056K)->4868K(5056K)
[4088.498s][info][gc             ] GC(1076) Pause Young (Mixed) (G1 Evacuation Pause) 3664M->1328M(4096M) 135.222ms
[4088.498s][info][gc,cpu         ] GC(1076) User=0.80s Sys=0.00s Real=0.13s
...[4090.993s][info][gc,start       ] GC(1077) Pause Young (Concurrent Start) (G1 Evacuation Pause)
[4090.993s][info][gc,task        ] GC(1077) Using 6 workers of 6 for evacuation
[4091.114s][info][gc,phases      ] GC(1077)   Pre Evacuate Collection Set: 0.37ms
[4091.114s][info][gc,phases      ] GC(1077)   Merge Heap Roots: 0.48ms
[4091.114s][info][gc,phases      ] GC(1077)   Evacuate Collection Set: 119.16ms
[4091.114s][info][gc,phases      ] GC(1077)   Post Evacuate Collection Set: 0.89ms
[4091.114s][info][gc,phases      ] GC(1077)   Other: 0.12ms
[4091.114s][info][gc,heap        ] GC(1077) Eden regions: 1118->0(1113)
[4091.114s][info][gc,heap        ] GC(1077) Survivor regions: 110->115(154)
[4091.114s][info][gc,heap        ] GC(1077) Old regions: 475->507
[4091.114s][info][gc,heap        ] GC(1077) Humongous regions: 80->80
[4091.114s][info][gc,metaspace   ] GC(1077) Metaspace: 28935K(29312K)->28935K(29312K) NonClass: 24067K(24256K)->24067K(24256K) Class: 4868K(5056K)->4868K(5056K)
[4091.114s][info][gc             ] GC(1077) Pause Young (Concurrent Start) (G1 Evacuation Pause) 3564M->1401M(4096M) 121.151ms
[4091.114s][info][gc             ] GC(1078) Concurrent Mark Cycle
[4091.114s][info][gc,marking     ] GC(1078) Concurrent Scan Root Regions
[4091.114s][info][gc,cpu         ] GC(1077) User=0.71s Sys=0.00s Real=0.12s
[4091.314s][info][gc,marking     ] GC(1078) Concurrent Scan Root Regions 199.994ms
[4091.314s][info][gc,marking     ] GC(1078) Concurrent Mark
[4091.314s][info][gc,marking     ] GC(1078) Concurrent Mark From Roots
[4091.314s][info][gc,task        ] GC(1078) Using 2 workers of 2 for marking
[4092.014s][info][gc,marking     ] GC(1078) Concurrent Mark From Roots 699.704ms
[4092.014s][info][gc,marking     ] GC(1078) Concurrent Preclean
[4092.014s][info][gc,marking     ] GC(1078) Concurrent Preclean 0.097ms
.[4092.014s][info][gc,start       ] GC(1078) Pause Remark
[4092.019s][info][gc             ] GC(1078) Pause Remark 2141M->2141M(4096M) 5.561ms
[4092.020s][info][gc,cpu         ] GC(1078) User=0.03s Sys=0.00s Real=0.00s
[4092.021s][info][gc,marking     ] GC(1078) Concurrent Mark 707.063ms
[4092.021s][info][gc,marking     ] GC(1078) Concurrent Rebuild Remembered Sets and Scrub Regions
[4092.414s][info][gc,marking     ] GC(1078) Concurrent Rebuild Remembered Sets and Scrub Regions 392.668ms
[4092.416s][info][gc,start       ] GC(1078) Pause Cleanup
[4092.416s][info][gc             ] GC(1078) Pause Cleanup 2547M->2547M(4096M) 0.132ms
[4092.416s][info][gc,cpu         ] GC(1078) User=0.00s Sys=0.00s Real=0.00s
[4092.416s][info][gc,marking     ] GC(1078) Concurrent Clear Claimed Marks
[4092.416s][info][gc,marking     ] GC(1078) Concurrent Clear Claimed Marks 0.031ms
[4092.416s][info][gc,marking     ] GC(1078) Concurrent Cleanup for Next Mark
[4092.422s][info][gc,marking     ] GC(1078) Concurrent Cleanup for Next Mark 5.702ms
[4092.422s][info][gc             ] GC(1078) Concurrent Mark Cycle 1308.420ms
.[4093.648s][info][gc,start       ] GC(1079) Pause Young (Prepare Mixed) (G1 Evacuation Pause)
[4093.648s][info][gc,task        ] GC(1079) Using 6 workers of 6 for evacuation
[4093.764s][info][gc,phases      ] GC(1079)   Pre Evacuate Collection Set: 0.35ms
[4093.764s][info][gc,phases      ] GC(1079)   Merge Heap Roots: 0.48ms
[4093.764s][info][gc,phases      ] GC(1079)   Evacuate Collection Set: 114.06ms
[4093.764s][info][gc,phases      ] GC(1079)   Post Evacuate Collection Set: 0.93ms
[4093.764s][info][gc,phases      ] GC(1079)   Other: 0.09ms
[4093.764s][info][gc,heap        ] GC(1079) Eden regions: 1113->0(1108)
[4093.764s][info][gc,heap        ] GC(1079) Survivor regions: 115->109(154)
[4093.764s][info][gc,heap        ] GC(1079) Old regions: 507->539
[4093.764s][info][gc,heap        ] GC(1079) Humongous regions: 80->80
[4093.764s][info][gc,metaspace   ] GC(1079) Metaspace: 28935K(29312K)->28935K(29312K) NonClass: 24067K(24256K)->24067K(24256K) Class: 4868K(5056K)->4868K(5056K)
[4093.764s][info][gc             ] GC(1079) Pause Young (Prepare Mixed) (G1 Evacuation Pause) 3627M->1454M(4096M) 116.064ms
[4093.764s][info][gc,cpu         ] GC(1079) User=0.69s Sys=0.00s Real=0.12s
...[4096.237s][info][gc,start       ] GC(1080) Pause Young (Mixed) (G1 Evacuation Pause)
[4096.237s][info][gc,task        ] GC(1080) Using 6 workers of 6 for evacuation
[4096.367s][info][gc,phases      ] GC(1080)   Pre Evacuate Collection Set: 0.40ms
[4096.367s][info][gc,phases      ] GC(1080)   Merge Heap Roots: 0.68ms
[4096.367s][info][gc,phases      ] GC(1080)   Evacuate Collection Set: 127.81ms
[4096.367s][info][gc,phases      ] GC(1080)   Post Evacuate Collection Set: 0.97ms
[4096.367s][info][gc,phases      ] GC(1080)   Other: 0.10ms
[4096.367s][info][gc,heap        ] GC(1080) Eden regions: 1108->0(1121)
[4096.367s][info][gc,heap        ] GC(1080) Survivor regions: 109->107(153)
[4096.367s][info][gc,heap        ] GC(1080) Old regions: 539->475
[4096.367s][info][gc,heap        ] GC(1080) Humongous regions: 80->80
[4096.367s][info][gc,metaspace   ] GC(1080) Metaspace: 28935K(29312K)->28935K(29312K) NonClass: 24067K(24256K)->24067K(24256K) Class: 4868K(5056K)->4868K(5056K)
[4096.367s][info][gc             ] GC(1080) Pause Young (Mixed) (G1 Evacuation Pause) 3670M->1323M(4096M) 130.103ms
[4096.367s][info][gc,cpu         ] GC(1080) User=0.77s Sys=0.00s Real=0.13s
..[4098.903s][info][gc,start       ] GC(1081) Pause Young (Concurrent Start) (G1 Evacuation Pause)
[4098.903s][info][gc,task        ] GC(1081) Using 6 workers of 6 for evacuation
[4099.025s][info][gc,phases      ] GC(1081)   Pre Evacuate Collection Set: 0.35ms
[4099.025s][info][gc,phases      ] GC(1081)   Merge Heap Roots: 0.46ms
[4099.025s][info][gc,phases      ] GC(1081)   Evacuate Collection Set: 120.34ms
[4099.025s][info][gc,phases      ] GC(1081)   Post Evacuate Collection Set: 0.91ms
[4099.025s][info][gc,phases      ] GC(1081)   Other: 0.11ms
[4099.025s][info][gc,heap        ] GC(1081) Eden regions: 1121->0(1115)
[4099.025s][info][gc,heap        ] GC(1081) Survivor regions: 107->113(154)
[4099.025s][info][gc,heap        ] GC(1081) Old regions: 475->507
[4099.025s][info][gc,heap        ] GC(1081) Humongous regions: 80->80
[4099.025s][info][gc,metaspace   ] GC(1081) Metaspace: 28935K(29312K)->28935K(29312K) NonClass: 24067K(24256K)->24067K(24256K) Class: 4868K(5056K)->4868K(5056K)
[4099.025s][info][gc             ] GC(1081) Pause Young (Concurrent Start) (G1 Evacuation Pause) 3565M->1397M(4096M) 122.290ms
[4099.025s][info][gc             ] GC(1082) Concurrent Mark Cycle
[4099.025s][info][gc,marking     ] GC(1082) Concurrent Scan Root Regions
[4099.025s][info][gc,cpu         ] GC(1081) User=0.73s Sys=0.00s Real=0.12s
.[4099.224s][info][gc,marking     ] GC(1082) Concurrent Scan Root Regions 199.465ms
[4099.224s][info][gc,marking     ] GC(1082) Concurrent Mark
[4099.224s][info][gc,marking     ] GC(1082) Concurrent Mark From Roots
[4099.224s][info][gc,task        ] GC(1082) Using 2 workers of 2 for marking
[4099.972s][info][gc,marking     ] GC(1082) Concurrent Mark From Roots 747.156ms
[4099.972s][info][gc,marking     ] GC(1082) Concurrent Preclean
[4099.972s][info][gc,marking     ] GC(1082) Concurrent Preclean 0.097ms
[4099.973s][info][gc,start       ] GC(1082) Pause Remark
[4099.979s][info][gc             ] GC(1082) Pause Remark 2261M->2261M(4096M) 5.822ms
[4099.979s][info][gc,cpu         ] GC(1082) User=0.03s Sys=0.00s Real=0.00s
[4099.980s][info][gc,marking     ] GC(1082) Concurrent Mark 755.434ms
[4099.980s][info][gc,marking     ] GC(1082) Concurrent Rebuild Remembered Sets and Scrub Regions
. (rIR:aIR:PR = 7195:7183:7183) (tPR = 106857) [OK] 
  4099s: Performance info:
         Transaction,    Success,    Partial,     Failed,   Receipts, AvgBarcode, 
             Overall,     436824,          0,          0,     414931,      59.47, 
         Response times:
             Request,    Success,    Partial,     Failed,   SkipFail,     Probes,    Samples,      min,      p50,      p90,      p95,      p99,      max, 
       TotalPurchase,     414934,          0,          0,          0,     361961,     416082,      300,     6200,    61000,    91000,   133000,   355000,
     InStorePurchase,     218354,          0,          0,          0,     189522,     218195,      300,     6100,    60000,    90000,   132000,   355000,
      OnlinePurchase,     152941,          0,          0,          0,     133729,     153294,      300,     6400,    62000,    92000,   135000,   354000,
        InstPurchase,      43639,          0,          0,          0,      38710,      44593,      400,     6500,    62000,    94000,   136060,   253000,
          AssocOfCat,        439,          0,          0,          0,        353,        477,    24000,    39000,   128200,   152300,   184000,   292000,
      AssocOfProduct,       4360,          0,          0,          0,       4066,       4909,     1500,     6400,    63000,    90500,   137900,   215000,
      BusinessReport,       1095,          0,          0,          0,        935,       1152,    27000,    50000,   138000,   169700,   209470,   342000,
          CustBuyBeh,       4373,          0,          0,          0,       4017,       4795,      900,     6700,    64000,    90000,   131000,   167000,
       ProductReturn,      11623,          0,          0,          0,       9902,      11654,      200,     3900,    55000,    81250,   132000,   330000,

  4099s: (53%)   IR =   7334 [4100.371s][info][gc,marking     ] GC(1082) Concurrent Rebuild Remembered Sets and Scrub Regions 391.276ms
[4100.373s][info][gc,start       ] GC(1082) Pause Cleanup
[4100.373s][info][gc             ] GC(1082) Pause Cleanup 2581M->2581M(4096M) 0.140ms
[4100.373s][info][gc,cpu         ] GC(1082) User=0.00s Sys=0.00s Real=0.00s
[4100.373s][info][gc,marking     ] GC(1082) Concurrent Clear Claimed Marks
[4100.373s][info][gc,marking     ] GC(1082) Concurrent Clear Claimed Marks 0.027ms
[4100.373s][info][gc,marking     ] GC(1082) Concurrent Cleanup for Next Mark
[4100.377s][info][gc,marking     ] GC(1082) Concurrent Cleanup for Next Mark 4.438ms
[4100.377s][info][gc             ] GC(1082) Concurrent Mark Cycle 1352.457ms
.[4101.546s][info][gc,start       ] GC(1083) Pause Young (Prepare Mixed) (G1 Evacuation Pause)
[4101.546s][info][gc,task        ] GC(1083) Using 6 workers of 6 for evacuation
[4101.664s][info][gc,phases      ] GC(1083)   Pre Evacuate Collection Set: 0.31ms
[4101.664s][info][gc,phases      ] GC(1083)   Merge Heap Roots: 0.52ms
[4101.664s][info][gc,phases      ] GC(1083)   Evacuate Collection Set: 115.73ms
[4101.664s][info][gc,phases      ] GC(1083)   Post Evacuate Collection Set: 0.97ms
[4101.664s][info][gc,phases      ] GC(1083)   Other: 0.09ms
[4101.664s][info][gc,heap        ] GC(1083) Eden regions: 1115->0(1109)
[4101.664s][info][gc,heap        ] GC(1083) Survivor regions: 113->109(154)
[4101.664s][info][gc,heap        ] GC(1083) Old regions: 507->538
[4101.664s][info][gc,heap        ] GC(1083) Humongous regions: 80->80
[4101.664s][info][gc,metaspace   ] GC(1083) Metaspace: 28935K(29312K)->28935K(29312K) NonClass: 24067K(24256K)->24067K(24256K) Class: 4868K(5056K)->4868K(5056K)
[4101.664s][info][gc             ] GC(1083) Pause Young (Prepare Mixed) (G1 Evacuation Pause) 3627M->1453M(4096M) 117.760ms
[4101.664s][info][gc,cpu         ] GC(1083) User=0.70s Sys=0.00s Real=0.12s
...[4104.145s][info][gc,start       ] GC(1084) Pause Young (Mixed) (G1 Evacuation Pause)
[4104.145s][info][gc,task        ] GC(1084) Using 6 workers of 6 for evacuation
[4104.279s][info][gc,phases      ] GC(1084)   Pre Evacuate Collection Set: 0.41ms
[4104.279s][info][gc,phases      ] GC(1084)   Merge Heap Roots: 0.66ms
[4104.279s][info][gc,phases      ] GC(1084)   Evacuate Collection Set: 131.40ms
[4104.279s][info][gc,phases      ] GC(1084)   Post Evacuate Collection Set: 0.98ms
[4104.279s][info][gc,phases      ] GC(1084)   Other: 0.10ms
[4104.279s][info][gc,heap        ] GC(1084) Eden regions: 1109->0(1120)
[4104.279s][info][gc,heap        ] GC(1084) Survivor regions: 109->108(153)
[4104.279s][info][gc,heap        ] GC(1084) Old regions: 538->473
[4104.279s][info][gc,heap        ] GC(1084) Humongous regions: 80->80
[4104.279s][info][gc,metaspace   ] GC(1084) Metaspace: 28935K(29312K)->28935K(29312K) NonClass: 24067K(24256K)->24067K(24256K) Class: 4868K(5056K)->4868K(5056K)
[4104.279s][info][gc             ] GC(1084) Pause Young (Mixed) (G1 Evacuation Pause) 3671M->1320M(4096M) 133.671ms
[4104.279s][info][gc,cpu         ] GC(1084) User=0.79s Sys=0.00s Real=0.13s
.|.[4106.647s][info][gc,start       ] GC(1085) Pause Young (Concurrent Start) (G1 Evacuation Pause)
[4106.647s][info][gc,task        ] GC(1085) Using 6 workers of 6 for evacuation
[4106.765s][info][gc,phases      ] GC(1085)   Pre Evacuate Collection Set: 0.43ms
[4106.765s][info][gc,phases      ] GC(1085)   Merge Heap Roots: 0.45ms
[4106.765s][info][gc,phases      ] GC(1085)   Evacuate Collection Set: 116.63ms
[4106.765s][info][gc,phases      ] GC(1085)   Post Evacuate Collection Set: 0.90ms
[4106.765s][info][gc,phases      ] GC(1085)   Other: 0.11ms
[4106.765s][info][gc,heap        ] GC(1085) Eden regions: 1120->0(1118)
[4106.765s][info][gc,heap        ] GC(1085) Survivor regions: 108->110(154)
[4106.765s][info][gc,heap        ] GC(1085) Old regions: 473->505
[4106.765s][info][gc,heap        ] GC(1085) Humongous regions: 80->80
[4106.765s][info][gc,metaspace   ] GC(1085) Metaspace: 28935K(29312K)->28935K(29312K) NonClass: 24067K(24256K)->24067K(24256K) Class: 4868K(5056K)->4868K(5056K)
[4106.765s][info][gc             ] GC(1085) Pause Young (Concurrent Start) (G1 Evacuation Pause) 3560M->1389M(4096M) 118.647ms
[4106.765s][info][gc             ] GC(1086) Concurrent Mark Cycle
[4106.765s][info][gc,marking     ] GC(1086) Concurrent Scan Root Regions
[4106.765s][info][gc,cpu         ] GC(1085) User=0.70s Sys=0.00s Real=0.12s
[4106.949s][info][gc,marking     ] GC(1086) Concurrent Scan Root Regions 183.886ms
[4106.949s][info][gc,marking     ] GC(1086) Concurrent Mark
[4106.949s][info][gc,marking     ] GC(1086) Concurrent Mark From Roots
[4106.949s][info][gc,task        ] GC(1086) Using 2 workers of 2 for marking
.[4107.879s][info][gc,marking     ] GC(1086) Concurrent Mark From Roots 930.030ms
[4107.880s][info][gc,marking     ] GC(1086) Concurrent Preclean
[4107.880s][info][gc,marking     ] GC(1086) Concurrent Preclean 0.163ms
[4107.880s][info][gc,start       ] GC(1086) Pause Remark
[4107.887s][info][gc             ] GC(1086) Pause Remark 2404M->2404M(4096M) 6.513ms
[4107.887s][info][gc,cpu         ] GC(1086) User=0.04s Sys=0.00s Real=0.01s
[4107.887s][info][gc,marking     ] GC(1086) Concurrent Mark 937.559ms
[4107.887s][info][gc,marking     ] GC(1086) Concurrent Rebuild Remembered Sets and Scrub Regions
.[4108.275s][info][gc,marking     ] GC(1086) Concurrent Rebuild Remembered Sets and Scrub Regions 388.346ms
[4108.276s][info][gc,start       ] GC(1086) Pause Cleanup
[4108.276s][info][gc             ] GC(1086) Pause Cleanup 2776M->2776M(4096M) 0.120ms
[4108.276s][info][gc,cpu         ] GC(1086) User=0.00s Sys=0.00s Real=0.00s
[4108.276s][info][gc,marking     ] GC(1086) Concurrent Clear Claimed Marks
[4108.276s][info][gc,marking     ] GC(1086) Concurrent Clear Claimed Marks 0.029ms
[4108.276s][info][gc,marking     ] GC(1086) Concurrent Cleanup for Next Mark
[4108.285s][info][gc,marking     ] GC(1086) Concurrent Cleanup for Next Mark 8.526ms
[4108.285s][info][gc             ] GC(1086) Concurrent Mark Cycle 1519.256ms
.[4109.275s][info][gc,start       ] GC(1087) Pause Young (Prepare Mixed) (G1 Evacuation Pause)
[4109.275s][info][gc,task        ] GC(1087) Using 6 workers of 6 for evacuation
[4109.392s][info][gc,phases      ] GC(1087)   Pre Evacuate Collection Set: 0.33ms
[4109.392s][info][gc,phases      ] GC(1087)   Merge Heap Roots: 0.48ms
[4109.392s][info][gc,phases      ] GC(1087)   Evacuate Collection Set: 114.65ms
[4109.392s][info][gc,phases      ] GC(1087)   Post Evacuate Collection Set: 0.99ms
[4109.392s][info][gc,phases      ] GC(1087)   Other: 0.09ms
[4109.392s][info][gc,heap        ] GC(1087) Eden regions: 1118->0(1110)
[4109.392s][info][gc,heap        ] GC(1087) Survivor regions: 110->109(154)
[4109.392s][info][gc,heap        ] GC(1087) Old regions: 505->537
[4109.392s][info][gc,heap        ] GC(1087) Humongous regions: 80->80
[4109.392s][info][gc,metaspace   ] GC(1087) Metaspace: 28935K(29312K)->28935K(29312K) NonClass: 24067K(24256K)->24067K(24256K) Class: 4868K(5056K)->4868K(5056K)
[4109.392s][info][gc             ] GC(1087) Pause Young (Prepare Mixed) (G1 Evacuation Pause) 3625M->1450M(4096M) 116.679ms
[4109.392s][info][gc,cpu         ] GC(1087) User=0.69s Sys=0.00s Real=0.11s
..[4111.779s][info][gc,start       ] GC(1088) Pause Young (Mixed) (G1 Evacuation Pause)
[4111.779s][info][gc,task        ] GC(1088) Using 6 workers of 6 for evacuation
[4111.912s][info][gc,phases      ] GC(1088)   Pre Evacuate Collection Set: 0.39ms
[4111.912s][info][gc,phases      ] GC(1088)   Merge Heap Roots: 0.61ms
[4111.912s][info][gc,phases      ] GC(1088)   Evacuate Collection Set: 130.73ms
[4111.912s][info][gc,phases      ] GC(1088)   Post Evacuate Collection Set: 0.97ms
[4111.912s][info][gc,phases      ] GC(1088)   Other: 0.09ms
[4111.912s][info][gc,heap        ] GC(1088) Eden regions: 1110->0(1118)
[4111.912s][info][gc,heap        ] GC(1088) Survivor regions: 109->110(153)
[4111.912s][info][gc,heap        ] GC(1088) Old regions: 537->473
[4111.912s][info][gc,heap        ] GC(1088) Humongous regions: 80->80
[4111.912s][info][gc,metaspace   ] GC(1088) Metaspace: 28935K(29312K)->28935K(29312K) NonClass: 24067K(24256K)->24067K(24256K) Class: 4868K(5056K)->4868K(5056K)
[4111.912s][info][gc             ] GC(1088) Pause Young (Mixed) (G1 Evacuation Pause) 3670M->1323M(4096M) 132.928ms
[4111.912s][info][gc,cpu         ] GC(1088) User=0.79s Sys=0.00s Real=0.13s
...[4114.369s][info][gc,start       ] GC(1089) Pause Young (Concurrent Start) (G1 Evacuation Pause)
[4114.369s][info][gc,task        ] GC(1089) Using 6 workers of 6 for evacuation
[4114.484s][info][gc,phases      ] GC(1089)   Pre Evacuate Collection Set: 0.40ms
[4114.484s][info][gc,phases      ] GC(1089)   Merge Heap Roots: 0.44ms
[4114.484s][info][gc,phases      ] GC(1089)   Evacuate Collection Set: 113.18ms
[4114.484s][info][gc,phases      ] GC(1089)   Post Evacuate Collection Set: 0.88ms
[4114.484s][info][gc,phases      ] GC(1089)   Other: 0.10ms
[4114.484s][info][gc,heap        ] GC(1089) Eden regions: 1118->0(1120)
[4114.484s][info][gc,heap        ] GC(1089) Survivor regions: 110->108(154)
[4114.484s][info][gc,heap        ] GC(1089) Old regions: 473->505
[4114.484s][info][gc,heap        ] GC(1089) Humongous regions: 80->80
[4114.484s][info][gc,metaspace   ] GC(1089) Metaspace: 28935K(29312K)->28935K(29312K) NonClass: 24067K(24256K)->24067K(24256K) Class: 4868K(5056K)->4868K(5056K)
[4114.484s][info][gc             ] GC(1089) Pause Young (Concurrent Start) (G1 Evacuation Pause) 3559M->1384M(4096M) 115.131ms
[4114.484s][info][gc             ] GC(1090) Concurrent Mark Cycle
[4114.484s][info][gc,marking     ] GC(1090) Concurrent Scan Root Regions
[4114.484s][info][gc,cpu         ] GC(1089) User=0.68s Sys=0.00s Real=0.12s
[4114.692s][info][gc,marking     ] GC(1090) Concurrent Scan Root Regions 207.215ms
[4114.692s][info][gc,marking     ] GC(1090) Concurrent Mark
[4114.692s][info][gc,marking     ] GC(1090) Concurrent Mark From Roots
[4114.692s][info][gc,task        ] GC(1090) Using 2 workers of 2 for marking
.[4115.669s][info][gc,marking     ] GC(1090) Concurrent Mark From Roots 977.721ms
[4115.669s][info][gc,marking     ] GC(1090) Concurrent Preclean
[4115.670s][info][gc,marking     ] GC(1090) Concurrent Preclean 0.121ms
[4115.672s][info][gc,start       ] GC(1090) Pause Remark
[4115.679s][info][gc             ] GC(1090) Pause Remark 2448M->2448M(4096M) 7.437ms
[4115.679s][info][gc,cpu         ] GC(1090) User=0.04s Sys=0.00s Real=0.01s
[4115.680s][info][gc,marking     ] GC(1090) Concurrent Mark 987.993ms
[4115.680s][info][gc,marking     ] GC(1090) Concurrent Rebuild Remembered Sets and Scrub Regions
[4115.895s][info][gc,marking     ] GC(1090) Concurrent Rebuild Remembered Sets and Scrub Regions 214.955ms
[4115.897s][info][gc,start       ] GC(1090) Pause Cleanup
[4115.897s][info][gc             ] GC(1090) Pause Cleanup 2632M->2632M(4096M) 0.134ms
[4115.897s][info][gc,cpu         ] GC(1090) User=0.00s Sys=0.00s Real=0.00s
[4115.897s][info][gc,marking     ] GC(1090) Concurrent Clear Claimed Marks
[4115.897s][info][gc,marking     ] GC(1090) Concurrent Clear Claimed Marks 0.032ms
[4115.897s][info][gc,marking     ] GC(1090) Concurrent Cleanup for Next Mark
[4115.904s][info][gc,marking     ] GC(1090) Concurrent Cleanup for Next Mark 6.706ms
[4115.904s][info][gc             ] GC(1090) Concurrent Mark Cycle 1419.652ms
.[4116.940s][info][gc,start       ] GC(1091) Pause Young (Prepare Mixed) (G1 Evacuation Pause)
[4116.940s][info][gc,task        ] GC(1091) Using 6 workers of 6 for evacuation
[4117.058s][info][gc,phases      ] GC(1091)   Pre Evacuate Collection Set: 0.33ms
[4117.058s][info][gc,phases      ] GC(1091)   Merge Heap Roots: 0.49ms
[4117.058s][info][gc,phases      ] GC(1091)   Evacuate Collection Set: 116.00ms
[4117.058s][info][gc,phases      ] GC(1091)   Post Evacuate Collection Set: 0.92ms
[4117.058s][info][gc,phases      ] GC(1091)   Other: 0.10ms
[4117.058s][info][gc,heap        ] GC(1091) Eden regions: 1120->0(1107)
[4117.058s][info][gc,heap        ] GC(1091) Survivor regions: 108->111(154)
[4117.058s][info][gc,heap        ] GC(1091) Old regions: 505->536
[4117.058s][info][gc,heap        ] GC(1091) Humongous regions: 80->80
[4117.058s][info][gc,metaspace   ] GC(1091) Metaspace: 28935K(29312K)->28935K(29312K) NonClass: 24067K(24256K)->24067K(24256K) Class: 4868K(5056K)->4868K(5056K)
[4117.058s][info][gc             ] GC(1091) Pause Young (Prepare Mixed) (G1 Evacuation Pause) 3624M->1452M(4096M) 117.968ms
[4117.058s][info][gc,cpu         ] GC(1091) User=0.70s Sys=0.00s Real=0.12s
...[4119.490s][info][gc,start       ] GC(1092) Pause Young (Mixed) (G1 Evacuation Pause)
[4119.490s][info][gc,task        ] GC(1092) Using 6 workers of 6 for evacuation
[4119.624s][info][gc,phases      ] GC(1092)   Pre Evacuate Collection Set: 0.36ms
[4119.624s][info][gc,phases      ] GC(1092)   Merge Heap Roots: 0.65ms
[4119.624s][info][gc,phases      ] GC(1092)   Evacuate Collection Set: 132.05ms
[4119.624s][info][gc,phases      ] GC(1092)   Post Evacuate Collection Set: 0.94ms
[4119.624s][info][gc,phases      ] GC(1092)   Other: 0.09ms
[4119.624s][info][gc,heap        ] GC(1092) Eden regions: 1107->0(1119)
[4119.624s][info][gc,heap        ] GC(1092) Survivor regions: 111->109(153)
[4119.624s][info][gc,heap        ] GC(1092) Old regions: 536->472
[4119.624s][info][gc,heap        ] GC(1092) Humongous regions: 80->80
[4119.624s][info][gc,metaspace   ] GC(1092) Metaspace: 28935K(29312K)->28935K(29312K) NonClass: 24067K(24256K)->24067K(24256K) Class: 4868K(5056K)->4868K(5056K)
[4119.624s][info][gc             ] GC(1092) Pause Young (Mixed) (G1 Evacuation Pause) 3666M->1320M(4096M) 134.210ms
[4119.624s][info][gc,cpu         ] GC(1092) User=0.80s Sys=0.00s Real=0.14s
..[4122.049s][info][gc,start       ] GC(1093) Pause Young (Concurrent Start) (G1 Evacuation Pause)
[4122.049s][info][gc,task        ] GC(1093) Using 6 workers of 6 for evacuation
[4122.174s][info][gc,phases      ] GC(1093)   Pre Evacuate Collection Set: 0.39ms
[4122.174s][info][gc,phases      ] GC(1093)   Merge Heap Roots: 0.48ms
[4122.174s][info][gc,phases      ] GC(1093)   Evacuate Collection Set: 123.11ms
[4122.174s][info][gc,phases      ] GC(1093)   Post Evacuate Collection Set: 0.88ms
[4122.174s][info][gc,phases      ] GC(1093)   Other: 0.12ms
[4122.174s][info][gc,heap        ] GC(1093) Eden regions: 1119->0(1112)
[4122.174s][info][gc,heap        ] GC(1093) Survivor regions: 109->116(154)
[4122.174s][info][gc,heap        ] GC(1093) Old regions: 472->504
[4122.174s][info][gc,heap        ] GC(1093) Humongous regions: 80->80
[4122.174s][info][gc,metaspace   ] GC(1093) Metaspace: 28935K(29312K)->28935K(29312K) NonClass: 24067K(24256K)->24067K(24256K) Class: 4868K(5056K)->4868K(5056K)
[4122.174s][info][gc             ] GC(1093) Pause Young (Concurrent Start) (G1 Evacuation Pause) 3558M->1397M(4096M) 125.124ms
[4122.174s][info][gc             ] GC(1094) Concurrent Mark Cycle
[4122.174s][info][gc,marking     ] GC(1094) Concurrent Scan Root Regions
[4122.174s][info][gc,cpu         ] GC(1093) User=0.74s Sys=0.00s Real=0.13s
.[4122.378s][info][gc,marking     ] GC(1094) Concurrent Scan Root Regions 204.544ms
[4122.378s][info][gc,marking     ] GC(1094) Concurrent Mark
[4122.378s][info][gc,marking     ] GC(1094) Concurrent Mark From Roots
[4122.378s][info][gc,task        ] GC(1094) Using 2 workers of 2 for marking
.[4123.362s][info][gc,marking     ] GC(1094) Concurrent Mark From Roots 983.271ms
[4123.362s][info][gc,marking     ] GC(1094) Concurrent Preclean
[4123.362s][info][gc,marking     ] GC(1094) Concurrent Preclean 0.130ms
[4123.362s][info][gc,start       ] GC(1094) Pause Remark
[4123.371s][info][gc             ] GC(1094) Pause Remark 2492M->2492M(4096M) 8.621ms
[4123.371s][info][gc,cpu         ] GC(1094) User=0.04s Sys=0.00s Real=0.01s
[4123.371s][info][gc,marking     ] GC(1094) Concurrent Mark 992.467ms
[4123.371s][info][gc,marking     ] GC(1094) Concurrent Rebuild Remembered Sets and Scrub Regions
[4123.743s][info][gc,marking     ] GC(1094) Concurrent Rebuild Remembered Sets and Scrub Regions 372.126ms
[4123.746s][info][gc,start       ] GC(1094) Pause Cleanup
[4123.746s][info][gc             ] GC(1094) Pause Cleanup 2877M->2877M(4096M) 0.143ms
[4123.746s][info][gc,cpu         ] GC(1094) User=0.00s Sys=0.00s Real=0.00s
[4123.746s][info][gc,marking     ] GC(1094) Concurrent Clear Claimed Marks
[4123.746s][info][gc,marking     ] GC(1094) Concurrent Clear Claimed Marks 0.028ms
[4123.746s][info][gc,marking     ] GC(1094) Concurrent Cleanup for Next Mark
[4123.753s][info][gc,marking     ] GC(1094) Concurrent Cleanup for Next Mark 6.391ms
[4123.753s][info][gc             ] GC(1094) Concurrent Mark Cycle 1578.873ms
.[4124.560s][info][gc,start       ] GC(1095) Pause Young (Prepare Mixed) (G1 Evacuation Pause)
[4124.560s][info][gc,task        ] GC(1095) Using 6 workers of 6 for evacuation
[4124.674s][info][gc,phases      ] GC(1095)   Pre Evacuate Collection Set: 0.40ms
[4124.674s][info][gc,phases      ] GC(1095)   Merge Heap Roots: 0.48ms
[4124.674s][info][gc,phases      ] GC(1095)   Evacuate Collection Set: 112.43ms
[4124.674s][info][gc,phases      ] GC(1095)   Post Evacuate Collection Set: 0.95ms
[4124.674s][info][gc,phases      ] GC(1095)   Other: 0.09ms
[4124.674s][info][gc,heap        ] GC(1095) Eden regions: 1112->0(1113)
[4124.674s][info][gc,heap        ] GC(1095) Survivor regions: 116->108(154)
[4124.674s][info][gc,heap        ] GC(1095) Old regions: 504->536
[4124.674s][info][gc,heap        ] GC(1095) Humongous regions: 80->80
[4124.674s][info][gc,metaspace   ] GC(1095) Metaspace: 28935K(29312K)->28935K(29312K) NonClass: 24067K(24256K)->24067K(24256K) Class: 4868K(5056K)->4868K(5056K)
[4124.674s][info][gc             ] GC(1095) Pause Young (Prepare Mixed) (G1 Evacuation Pause) 3621M->1446M(4096M) 114.488ms
[4124.674s][info][gc,cpu         ] GC(1095) User=0.67s Sys=0.00s Real=0.12s
..[4127.132s][info][gc,start       ] GC(1096) Pause Young (Mixed) (G1 Evacuation Pause)
[4127.132s][info][gc,task        ] GC(1096) Using 6 workers of 6 for evacuation
[4127.266s][info][gc,phases      ] GC(1096)   Pre Evacuate Collection Set: 0.40ms
[4127.266s][info][gc,phases      ] GC(1096)   Merge Heap Roots: 0.69ms
[4127.266s][info][gc,phases      ] GC(1096)   Evacuate Collection Set: 131.82ms
[4127.266s][info][gc,phases      ] GC(1096)   Post Evacuate Collection Set: 0.98ms
[4127.266s][info][gc,phases      ] GC(1096)   Other: 0.09ms
[4127.266s][info][gc,heap        ] GC(1096) Eden regions: 1113->0(1120)
[4127.266s][info][gc,heap        ] GC(1096) Survivor regions: 108->108(153)
[4127.266s][info][gc,heap        ] GC(1096) Old regions: 536->475
[4127.266s][info][gc,heap        ] GC(1096) Humongous regions: 80->80
[4127.266s][info][gc,metaspace   ] GC(1096) Metaspace: 28935K(29312K)->28935K(29312K) NonClass: 24067K(24256K)->24067K(24256K) Class: 4868K(5056K)->4868K(5056K)
[4127.266s][info][gc             ] GC(1096) Pause Young (Mixed) (G1 Evacuation Pause) 3672M->1325M(4096M) 134.118ms
[4127.266s][info][gc,cpu         ] GC(1096) User=0.80s Sys=0.00s Real=0.14s
...[4129.734s][info][gc,start       ] GC(1097) Pause Young (Concurrent Start) (G1 Evacuation Pause)
[4129.734s][info][gc,task        ] GC(1097) Using 6 workers of 6 for evacuation
[4129.857s][info][gc,phases      ] GC(1097)   Pre Evacuate Collection Set: 0.36ms
[4129.857s][info][gc,phases      ] GC(1097)   Merge Heap Roots: 0.43ms
[4129.857s][info][gc,phases      ] GC(1097)   Evacuate Collection Set: 120.98ms
[4129.857s][info][gc,phases      ] GC(1097)   Post Evacuate Collection Set: 0.88ms
[4129.857s][info][gc,phases      ] GC(1097)   Other: 0.10ms
[4129.857s][info][gc,heap        ] GC(1097) Eden regions: 1120->0(1113)
[4129.857s][info][gc,heap        ] GC(1097) Survivor regions: 108->115(154)
[4129.857s][info][gc,heap        ] GC(1097) Old regions: 475->506
[4129.857s][info][gc,heap        ] GC(1097) Humongous regions: 80->80
[4129.857s][info][gc,metaspace   ] GC(1097) Metaspace: 28935K(29312K)->28935K(29312K) NonClass: 24067K(24256K)->24067K(24256K) Class: 4868K(5056K)->4868K(5056K)
[4129.857s][info][gc             ] GC(1097) Pause Young (Concurrent Start) (G1 Evacuation Pause) 3565M->1401M(4096M) 122.876ms
[4129.857s][info][gc             ] GC(1098) Concurrent Mark Cycle
[4129.857s][info][gc,marking     ] GC(1098) Concurrent Scan Root Regions
[4129.857s][info][gc,cpu         ] GC(1097) User=0.73s Sys=0.00s Real=0.12s
[4130.101s][info][gc,marking     ] GC(1098) Concurrent Scan Root Regions 244.137ms
[4130.101s][info][gc,marking     ] GC(1098) Concurrent Mark
[4130.101s][info][gc,marking     ] GC(1098) Concurrent Mark From Roots
[4130.101s][info][gc,task        ] GC(1098) Using 2 workers of 2 for marking
.[4131.092s][info][gc,marking     ] GC(1098) Concurrent Mark From Roots 991.050ms
[4131.092s][info][gc,marking     ] GC(1098) Concurrent Preclean
[4131.092s][info][gc,marking     ] GC(1098) Concurrent Preclean 0.123ms
[4131.094s][info][gc,start       ] GC(1098) Pause Remark
[4131.101s][info][gc             ] GC(1098) Pause Remark 2519M->2519M(4096M) 7.421ms
[4131.101s][info][gc,cpu         ] GC(1098) User=0.04s Sys=0.00s Real=0.00s
[4131.101s][info][gc,marking     ] GC(1098) Concurrent Mark 999.963ms
[4131.101s][info][gc,marking     ] GC(1098) Concurrent Rebuild Remembered Sets and Scrub Regions
.[4131.493s][info][gc,marking     ] GC(1098) Concurrent Rebuild Remembered Sets and Scrub Regions 391.556ms
[4131.493s][info][gc,start       ] GC(1098) Pause Cleanup
[4131.493s][info][gc             ] GC(1098) Pause Cleanup 2916M->2916M(4096M) 0.115ms
[4131.493s][info][gc,cpu         ] GC(1098) User=0.00s Sys=0.00s Real=0.00s
[4131.493s][info][gc,marking     ] GC(1098) Concurrent Clear Claimed Marks
[4131.493s][info][gc,marking     ] GC(1098) Concurrent Clear Claimed Marks 0.029ms
[4131.493s][info][gc,marking     ] GC(1098) Concurrent Cleanup for Next Mark
[4131.496s][info][gc,marking     ] GC(1098) Concurrent Cleanup for Next Mark 3.324ms
[4131.496s][info][gc             ] GC(1098) Concurrent Mark Cycle 1639.472ms
[4132.262s][info][gc,start       ] GC(1099) Pause Young (Prepare Mixed) (G1 Evacuation Pause)
[4132.262s][info][gc,task        ] GC(1099) Using 6 workers of 6 for evacuation
[4132.380s][info][gc,phases      ] GC(1099)   Pre Evacuate Collection Set: 0.34ms
[4132.380s][info][gc,phases      ] GC(1099)   Merge Heap Roots: 0.48ms
[4132.380s][info][gc,phases      ] GC(1099)   Evacuate Collection Set: 116.08ms
[4132.380s][info][gc,phases      ] GC(1099)   Post Evacuate Collection Set: 0.91ms
[4132.380s][info][gc,phases      ] GC(1099)   Other: 0.09ms
[4132.380s][info][gc,heap        ] GC(1099) Eden regions: 1113->0(1109)
[4132.380s][info][gc,heap        ] GC(1099) Survivor regions: 115->109(154)
[4132.380s][info][gc,heap        ] GC(1099) Old regions: 506->538
[4132.380s][info][gc,heap        ] GC(1099) Humongous regions: 80->80
[4132.380s][info][gc,metaspace   ] GC(1099) Metaspace: 28935K(29312K)->28935K(29312K) NonClass: 24067K(24256K)->24067K(24256K) Class: 4868K(5056K)->4868K(5056K)
[4132.380s][info][gc             ] GC(1099) Pause Young (Prepare Mixed) (G1 Evacuation Pause) 3627M->1452M(4096M) 118.033ms
[4132.380s][info][gc,cpu         ] GC(1099) User=0.70s Sys=0.00s Real=0.12s
...[4134.865s][info][gc,start       ] GC(1100) Pause Young (Mixed) (G1 Evacuation Pause)
[4134.865s][info][gc,task        ] GC(1100) Using 6 workers of 6 for evacuation
[4135.001s][info][gc,phases      ] GC(1100)   Pre Evacuate Collection Set: 0.37ms
[4135.001s][info][gc,phases      ] GC(1100)   Merge Heap Roots: 0.63ms
[4135.001s][info][gc,phases      ] GC(1100)   Evacuate Collection Set: 133.87ms
[4135.001s][info][gc,phases      ] GC(1100)   Post Evacuate Collection Set: 0.93ms
[4135.001s][info][gc,phases      ] GC(1100)   Other: 0.09ms
[4135.001s][info][gc,heap        ] GC(1100) Eden regions: 1109->0(1117)
[4135.001s][info][gc,heap        ] GC(1100) Survivor regions: 109->111(153)
[4135.001s][info][gc,heap        ] GC(1100) Old regions: 538->472
[4135.001s][info][gc,heap        ] GC(1100) Humongous regions: 80->80
[4135.001s][info][gc,metaspace   ] GC(1100) Metaspace: 28935K(29312K)->28935K(29312K) NonClass: 24067K(24256K)->24067K(24256K) Class: 4868K(5056K)->4868K(5056K)
[4135.001s][info][gc             ] GC(1100) Pause Young (Mixed) (G1 Evacuation Pause) 3670M->1325M(4096M) 136.018ms
[4135.001s][info][gc,cpu         ] GC(1100) User=0.81s Sys=0.00s Real=0.13s
..[4137.387s][info][gc,start       ] GC(1101) Pause Young (Concurrent Start) (G1 Evacuation Pause)
[4137.387s][info][gc,task        ] GC(1101) Using 6 workers of 6 for evacuation
[4137.502s][info][gc,phases      ] GC(1101)   Pre Evacuate Collection Set: 0.37ms
[4137.502s][info][gc,phases      ] GC(1101)   Merge Heap Roots: 0.43ms
[4137.502s][info][gc,phases      ] GC(1101)   Evacuate Collection Set: 113.76ms
[4137.502s][info][gc,phases      ] GC(1101)   Post Evacuate Collection Set: 0.87ms
[4137.502s][info][gc,phases      ] GC(1101)   Other: 0.11ms
[4137.502s][info][gc,heap        ] GC(1101) Eden regions: 1117->0(1119)
[4137.502s][info][gc,heap        ] GC(1101) Survivor regions: 111->109(154)
[4137.502s][info][gc,heap        ] GC(1101) Old regions: 472->504
[4137.502s][info][gc,heap        ] GC(1101) Humongous regions: 80->80
[4137.502s][info][gc,metaspace   ] GC(1101) Metaspace: 28935K(29312K)->28935K(29312K) NonClass: 24067K(24256K)->24067K(24256K) Class: 4868K(5056K)->4868K(5056K)
[4137.503s][info][gc             ] GC(1101) Pause Young (Concurrent Start) (G1 Evacuation Pause) 3559M->1383M(4096M) 115.668ms
[4137.503s][info][gc             ] GC(1102) Concurrent Mark Cycle
[4137.503s][info][gc,marking     ] GC(1102) Concurrent Scan Root Regions
[4137.503s][info][gc,cpu         ] GC(1101) User=0.69s Sys=0.00s Real=0.12s
.[4137.701s][info][gc,marking     ] GC(1102) Concurrent Scan Root Regions 198.240ms
[4137.701s][info][gc,marking     ] GC(1102) Concurrent Mark
[4137.701s][info][gc,marking     ] GC(1102) Concurrent Mark From Roots
[4137.701s][info][gc,task        ] GC(1102) Using 2 workers of 2 for marking
.[4138.633s][info][gc,marking     ] GC(1102) Concurrent Mark From Roots 931.764ms
[4138.633s][info][gc,marking     ] GC(1102) Concurrent Preclean
[4138.633s][info][gc,marking     ] GC(1102) Concurrent Preclean 0.090ms
[4138.634s][info][gc,start       ] GC(1102) Pause Remark
[4138.640s][info][gc             ] GC(1102) Pause Remark 2385M->2385M(4096M) 6.455ms
[4138.640s][info][gc,cpu         ] GC(1102) User=0.03s Sys=0.00s Real=0.00s
[4138.641s][info][gc,marking     ] GC(1102) Concurrent Mark 940.376ms
[4138.641s][info][gc,marking     ] GC(1102) Concurrent Rebuild Remembered Sets and Scrub Regions
[4138.973s][info][gc,marking     ] GC(1102) Concurrent Rebuild Remembered Sets and Scrub Regions 331.626ms
[4138.975s][info][gc,start       ] GC(1102) Pause Cleanup
[4138.975s][info][gc             ] GC(1102) Pause Cleanup 2641M->2641M(4096M) 0.135ms
[4138.975s][info][gc,cpu         ] GC(1102) User=0.00s Sys=0.00s Real=0.00s
[4138.975s][info][gc,marking     ] GC(1102) Concurrent Clear Claimed Marks
[4138.975s][info][gc,marking     ] GC(1102) Concurrent Clear Claimed Marks 0.027ms
[4138.975s][info][gc,marking     ] GC(1102) Concurrent Cleanup for Next Mark
[4138.981s][info][gc,marking     ] GC(1102) Concurrent Cleanup for Next Mark 5.482ms
[4138.981s][info][gc             ] GC(1102) Concurrent Mark Cycle 1478.509ms
.[4139.936s][info][gc,start       ] GC(1103) Pause Young (Prepare Mixed) (G1 Evacuation Pause)
[4139.936s][info][gc,task        ] GC(1103) Using 6 workers of 6 for evacuation
[4140.055s][info][gc,phases      ] GC(1103)   Pre Evacuate Collection Set: 0.35ms
[4140.055s][info][gc,phases      ] GC(1103)   Merge Heap Roots: 0.48ms
[4140.055s][info][gc,phases      ] GC(1103)   Evacuate Collection Set: 116.80ms
[4140.055s][info][gc,phases      ] GC(1103)   Post Evacuate Collection Set: 0.95ms
[4140.055s][info][gc,phases      ] GC(1103)   Other: 0.09ms
[4140.055s][info][gc,heap        ] GC(1103) Eden regions: 1119->0(1106)
[4140.055s][info][gc,heap        ] GC(1103) Survivor regions: 109->111(154)
[4140.055s][info][gc,heap        ] GC(1103) Old regions: 504->537
[4140.055s][info][gc,heap        ] GC(1103) Humongous regions: 80->80
[4140.055s][info][gc,metaspace   ] GC(1103) Metaspace: 28935K(29312K)->28935K(29312K) NonClass: 24067K(24256K)->24067K(24256K) Class: 4868K(5056K)->4868K(5056K)
[4140.055s][info][gc             ] GC(1103) Pause Young (Prepare Mixed) (G1 Evacuation Pause) 3621M->1453M(4096M) 118.795ms
[4140.055s][info][gc,cpu         ] GC(1103) User=0.70s Sys=0.00s Real=0.12s
..[4142.507s][info][gc,start       ] GC(1104) Pause Young (Mixed) (G1 Evacuation Pause)
[4142.507s][info][gc,task        ] GC(1104) Using 6 workers of 6 for evacuation
[4142.639s][info][gc,phases      ] GC(1104)   Pre Evacuate Collection Set: 0.38ms
[4142.639s][info][gc,phases      ] GC(1104)   Merge Heap Roots: 0.67ms
[4142.639s][info][gc,phases      ] GC(1104)   Evacuate Collection Set: 129.27ms
[4142.639s][info][gc,phases      ] GC(1104)   Post Evacuate Collection Set: 0.96ms
[4142.639s][info][gc,phases      ] GC(1104)   Other: 0.09ms
[4142.639s][info][gc,heap        ] GC(1104) Eden regions: 1106->0(1119)
[4142.639s][info][gc,heap        ] GC(1104) Survivor regions: 111->109(153)
[4142.639s][info][gc,heap        ] GC(1104) Old regions: 537->473
[4142.639s][info][gc,heap        ] GC(1104) Humongous regions: 80->80
[4142.639s][info][gc,metaspace   ] GC(1104) Metaspace: 28935K(29312K)->28935K(29312K) NonClass: 24067K(24256K)->24067K(24256K) Class: 4868K(5056K)->4868K(5056K)
[4142.639s][info][gc             ] GC(1104) Pause Young (Mixed) (G1 Evacuation Pause) 3665M->1323M(4096M) 131.517ms
[4142.639s][info][gc,cpu         ] GC(1104) User=0.78s Sys=0.00s Real=0.13s
...[4145.111s][info][gc,start       ] GC(1105) Pause Young (Concurrent Start) (G1 Evacuation Pause)
[4145.111s][info][gc,task        ] GC(1105) Using 6 workers of 6 for evacuation
[4145.232s][info][gc,phases      ] GC(1105)   Pre Evacuate Collection Set: 0.38ms
[4145.232s][info][gc,phases      ] GC(1105)   Merge Heap Roots: 0.48ms
[4145.232s][info][gc,phases      ] GC(1105)   Evacuate Collection Set: 118.63ms
[4145.232s][info][gc,phases      ] GC(1105)   Post Evacuate Collection Set: 0.92ms
[4145.232s][info][gc,phases      ] GC(1105)   Other: 0.10ms
[4145.232s][info][gc,heap        ] GC(1105) Eden regions: 1119->0(1117)
[4145.232s][info][gc,heap        ] GC(1105) Survivor regions: 109->111(154)
[4145.232s][info][gc,heap        ] GC(1105) Old regions: 473->505
[4145.232s][info][gc,heap        ] GC(1105) Humongous regions: 80->80
[4145.232s][info][gc,metaspace   ] GC(1105) Metaspace: 28935K(29312K)->28935K(29312K) NonClass: 24067K(24256K)->24067K(24256K) Class: 4868K(5056K)->4868K(5056K)
[4145.232s][info][gc             ] GC(1105) Pause Young (Concurrent Start) (G1 Evacuation Pause) 3561M->1389M(4096M) 120.642ms
[4145.232s][info][gc             ] GC(1106) Concurrent Mark Cycle
[4145.232s][info][gc,marking     ] GC(1106) Concurrent Scan Root Regions
[4145.232s][info][gc,cpu         ] GC(1105) User=0.71s Sys=0.00s Real=0.12s
[4145.430s][info][gc,marking     ] GC(1106) Concurrent Scan Root Regions 198.380ms
[4145.430s][info][gc,marking     ] GC(1106) Concurrent Mark
[4145.430s][info][gc,marking     ] GC(1106) Concurrent Mark From Roots
[4145.430s][info][gc,task        ] GC(1106) Using 2 workers of 2 for marking
.[4146.372s][info][gc,marking     ] GC(1106) Concurrent Mark From Roots 942.075ms
[4146.372s][info][gc,marking     ] GC(1106) Concurrent Preclean
[4146.373s][info][gc,marking     ] GC(1106) Concurrent Preclean 0.108ms
[4146.373s][info][gc,start       ] GC(1106) Pause Remark
[4146.381s][info][gc             ] GC(1106) Pause Remark 2405M->2405M(4096M) 8.063ms
[4146.381s][info][gc,cpu         ] GC(1106) User=0.04s Sys=0.00s Real=0.00s
[4146.382s][info][gc,marking     ] GC(1106) Concurrent Mark 951.191ms
[4146.382s][info][gc,marking     ] GC(1106) Concurrent Rebuild Remembered Sets and Scrub Regions
[4146.650s][info][gc,marking     ] GC(1106) Concurrent Rebuild Remembered Sets and Scrub Regions 268.916ms
[4146.651s][info][gc,start       ] GC(1106) Pause Cleanup
[4146.651s][info][gc             ] GC(1106) Pause Cleanup 2665M->2665M(4096M) 0.659ms
[4146.651s][info][gc,cpu         ] GC(1106) User=0.00s Sys=0.00s Real=0.00s
[4146.651s][info][gc,marking     ] GC(1106) Concurrent Clear Claimed Marks
[4146.651s][info][gc,marking     ] GC(1106) Concurrent Clear Claimed Marks 0.020ms
[4146.651s][info][gc,marking     ] GC(1106) Concurrent Cleanup for Next Mark
[4146.659s][info][gc,marking     ] GC(1106) Concurrent Cleanup for Next Mark 7.263ms
[4146.659s][info][gc             ] GC(1106) Concurrent Mark Cycle 1426.928ms
.[4147.633s][info][gc,start       ] GC(1107) Pause Young (Prepare Mixed) (G1 Evacuation Pause)
[4147.633s][info][gc,task        ] GC(1107) Using 6 workers of 6 for evacuation
[4147.756s][info][gc,phases      ] GC(1107)   Pre Evacuate Collection Set: 0.33ms
[4147.756s][info][gc,phases      ] GC(1107)   Merge Heap Roots: 0.49ms
[4147.756s][info][gc,phases      ] GC(1107)   Evacuate Collection Set: 121.28ms
[4147.756s][info][gc,phases      ] GC(1107)   Post Evacuate Collection Set: 0.93ms
[4147.756s][info][gc,phases      ] GC(1107)   Other: 0.10ms
[4147.756s][info][gc,heap        ] GC(1107) Eden regions: 1117->0(1101)
[4147.756s][info][gc,heap        ] GC(1107) Survivor regions: 111->114(154)
[4147.756s][info][gc,heap        ] GC(1107) Old regions: 505->536
[4147.756s][info][gc,heap        ] GC(1107) Humongous regions: 80->80
[4147.756s][info][gc,metaspace   ] GC(1107) Metaspace: 28935K(29312K)->28935K(29312K) NonClass: 24067K(24256K)->24067K(24256K) Class: 4868K(5056K)->4868K(5056K)
[4147.756s][info][gc             ] GC(1107) Pause Young (Prepare Mixed) (G1 Evacuation Pause) 3623M->1458M(4096M) 123.260ms
[4147.756s][info][gc,cpu         ] GC(1107) User=0.73s Sys=0.00s Real=0.12s
...[4150.188s][info][gc,start       ] GC(1108) Pause Young (Mixed) (G1 Evacuation Pause)
[4150.188s][info][gc,task        ] GC(1108) Using 6 workers of 6 for evacuation
[4150.319s][info][gc,phases      ] GC(1108)   Pre Evacuate Collection Set: 0.43ms
[4150.320s][info][gc,phases      ] GC(1108)   Merge Heap Roots: 0.67ms
[4150.320s][info][gc,phases      ] GC(1108)   Evacuate Collection Set: 129.36ms
[4150.320s][info][gc,phases      ] GC(1108)   Post Evacuate Collection Set: 0.95ms
[4150.320s][info][gc,phases      ] GC(1108)   Other: 0.09ms
[4150.320s][info][gc,heap        ] GC(1108) Eden regions: 1101->0(1121)
[4150.320s][info][gc,heap        ] GC(1108) Survivor regions: 114->107(152)
[4150.320s][info][gc,heap        ] GC(1108) Old regions: 536->473
[4150.320s][info][gc,heap        ] GC(1108) Humongous regions: 80->80
[4150.320s][info][gc,metaspace   ] GC(1108) Metaspace: 28935K(29312K)->28935K(29312K) NonClass: 24067K(24256K)->24067K(24256K) Class: 4868K(5056K)->4868K(5056K)
[4150.320s][info][gc             ] GC(1108) Pause Young (Mixed) (G1 Evacuation Pause) 3660M->1318M(4096M) 131.673ms
[4150.320s][info][gc,cpu         ] GC(1108) User=0.78s Sys=0.00s Real=0.13s
...[4152.812s][info][gc,start       ] GC(1109) Pause Young (Concurrent Start) (G1 Evacuation Pause)
[4152.812s][info][gc,task        ] GC(1109) Using 6 workers of 6 for evacuation
[4152.931s][info][gc,phases      ] GC(1109)   Pre Evacuate Collection Set: 0.38ms
[4152.931s][info][gc,phases      ] GC(1109)   Merge Heap Roots: 0.46ms
[4152.931s][info][gc,phases      ] GC(1109)   Evacuate Collection Set: 117.20ms
[4152.931s][info][gc,phases      ] GC(1109)   Post Evacuate Collection Set: 0.88ms
[4152.931s][info][gc,phases      ] GC(1109)   Other: 0.12ms
[4152.931s][info][gc,heap        ] GC(1109) Eden regions: 1121->0(1117)
[4152.931s][info][gc,heap        ] GC(1109) Survivor regions: 107->111(154)
[4152.931s][info][gc,heap        ] GC(1109) Old regions: 473->505
[4152.931s][info][gc,heap        ] GC(1109) Humongous regions: 80->80
[4152.931s][info][gc,metaspace   ] GC(1109) Metaspace: 28935K(29312K)->28935K(29312K) NonClass: 24067K(24256K)->24067K(24256K) Class: 4868K(5056K)->4868K(5056K)
[4152.931s][info][gc             ] GC(1109) Pause Young (Concurrent Start) (G1 Evacuation Pause) 3560M->1390M(4096M) 119.162ms
[4152.931s][info][gc             ] GC(1110) Concurrent Mark Cycle
[4152.931s][info][gc,marking     ] GC(1110) Concurrent Scan Root Regions
[4152.931s][info][gc,cpu         ] GC(1109) User=0.71s Sys=0.00s Real=0.12s
[4153.084s][info][gc,marking     ] GC(1110) Concurrent Scan Root Regions 152.882ms
[4153.084s][info][gc,marking     ] GC(1110) Concurrent Mark
[4153.084s][info][gc,marking     ] GC(1110) Concurrent Mark From Roots
[4153.084s][info][gc,task        ] GC(1110) Using 2 workers of 2 for marking
[4153.798s][info][gc,marking     ] GC(1110) Concurrent Mark From Roots 713.918ms
[4153.798s][info][gc,marking     ] GC(1110) Concurrent Preclean
[4153.798s][info][gc,marking     ] GC(1110) Concurrent Preclean 0.115ms
[4153.800s][info][gc,start       ] GC(1110) Pause Remark
[4153.807s][info][gc             ] GC(1110) Pause Remark 2150M->2150M(4096M) 6.495ms
[4153.807s][info][gc,cpu         ] GC(1110) User=0.03s Sys=0.00s Real=0.01s
[4153.808s][info][gc,marking     ] GC(1110) Concurrent Mark 724.423ms
[4153.808s][info][gc,marking     ] GC(1110) Concurrent Rebuild Remembered Sets and Scrub Regions
.[4154.212s][info][gc,marking     ] GC(1110) Concurrent Rebuild Remembered Sets and Scrub Regions 403.941ms
[4154.216s][info][gc,start       ] GC(1110) Pause Cleanup
[4154.216s][info][gc             ] GC(1110) Pause Cleanup 2510M->2510M(4096M) 0.148ms
[4154.216s][info][gc,cpu         ] GC(1110) User=0.00s Sys=0.00s Real=0.00s
[4154.216s][info][gc,marking     ] GC(1110) Concurrent Clear Claimed Marks
[4154.216s][info][gc,marking     ] GC(1110) Concurrent Clear Claimed Marks 0.031ms
[4154.216s][info][gc,marking     ] GC(1110) Concurrent Cleanup for Next Mark
[4154.316s][info][gc,marking     ] GC(1110) Concurrent Cleanup for Next Mark 99.400ms
[4154.316s][info][gc             ] GC(1110) Concurrent Mark Cycle 1384.952ms
.[4155.340s][info][gc,start       ] GC(1111) Pause Young (Prepare Mixed) (G1 Evacuation Pause)
[4155.340s][info][gc,task        ] GC(1111) Using 6 workers of 6 for evacuation
[4155.460s][info][gc,phases      ] GC(1111)   Pre Evacuate Collection Set: 0.33ms
[4155.460s][info][gc,phases      ] GC(1111)   Merge Heap Roots: 0.52ms
[4155.460s][info][gc,phases      ] GC(1111)   Evacuate Collection Set: 117.73ms
[4155.460s][info][gc,phases      ] GC(1111)   Post Evacuate Collection Set: 0.93ms
[4155.460s][info][gc,phases      ] GC(1111)   Other: 0.09ms
[4155.460s][info][gc,heap        ] GC(1111) Eden regions: 1117->0(1106)
[4155.460s][info][gc,heap        ] GC(1111) Survivor regions: 111->111(154)
[4155.460s][info][gc,heap        ] GC(1111) Old regions: 505->537
[4155.460s][info][gc,heap        ] GC(1111) Humongous regions: 80->80
[4155.460s][info][gc,metaspace   ] GC(1111) Metaspace: 28935K(29312K)->28935K(29312K) NonClass: 24067K(24256K)->24067K(24256K) Class: 4868K(5056K)->4868K(5056K)
[4155.460s][info][gc             ] GC(1111) Pause Young (Prepare Mixed) (G1 Evacuation Pause) 3624M->1455M(4096M) 119.730ms
[4155.460s][info][gc,cpu         ] GC(1111) User=0.71s Sys=0.00s Real=0.12s
...[4157.848s][info][gc,start       ] GC(1112) Pause Young (Mixed) (G1 Evacuation Pause)
[4157.848s][info][gc,task        ] GC(1112) Using 6 workers of 6 for evacuation
[4157.981s][info][gc,phases      ] GC(1112)   Pre Evacuate Collection Set: 0.39ms
[4157.981s][info][gc,phases      ] GC(1112)   Merge Heap Roots: 0.67ms
[4157.981s][info][gc,phases      ] GC(1112)   Evacuate Collection Set: 130.64ms
[4157.981s][info][gc,phases      ] GC(1112)   Post Evacuate Collection Set: 0.99ms
[4157.981s][info][gc,phases      ] GC(1112)   Other: 0.09ms
[4157.981s][info][gc,heap        ] GC(1112) Eden regions: 1106->0(1119)
[4157.981s][info][gc,heap        ] GC(1112) Survivor regions: 111->109(153)
[4157.981s][info][gc,heap        ] GC(1112) Old regions: 537->474
[4157.981s][info][gc,heap        ] GC(1112) Humongous regions: 80->80
[4157.981s][info][gc,metaspace   ] GC(1112) Metaspace: 28935K(29312K)->28935K(29312K) NonClass: 24067K(24256K)->24067K(24256K) Class: 4868K(5056K)->4868K(5056K)
[4157.981s][info][gc             ] GC(1112) Pause Young (Mixed) (G1 Evacuation Pause) 3667M->1323M(4096M) 132.914ms
[4157.981s][info][gc,cpu         ] GC(1112) User=0.79s Sys=0.00s Real=0.13s
..[4160.437s][info][gc,start       ] GC(1113) Pause Young (Concurrent Start) (G1 Evacuation Pause)
[4160.437s][info][gc,task        ] GC(1113) Using 6 workers of 6 for evacuation
[4160.558s][info][gc,phases      ] GC(1113)   Pre Evacuate Collection Set: 0.36ms
[4160.558s][info][gc,phases      ] GC(1113)   Merge Heap Roots: 0.47ms
[4160.558s][info][gc,phases      ] GC(1113)   Evacuate Collection Set: 119.36ms
[4160.558s][info][gc,phases      ] GC(1113)   Post Evacuate Collection Set: 0.89ms
[4160.558s][info][gc,phases      ] GC(1113)   Other: 0.11ms
[4160.558s][info][gc,heap        ] GC(1113) Eden regions: 1119->0(1117)
[4160.558s][info][gc,heap        ] GC(1113) Survivor regions: 109->111(154)
[4160.558s][info][gc,heap        ] GC(1113) Old regions: 474->506
[4160.558s][info][gc,heap        ] GC(1113) Humongous regions: 80->80
[4160.558s][info][gc,metaspace   ] GC(1113) Metaspace: 28935K(29312K)->28935K(29312K) NonClass: 24067K(24256K)->24067K(24256K) Class: 4868K(5056K)->4868K(5056K)
[4160.558s][info][gc             ] GC(1113) Pause Young (Concurrent Start) (G1 Evacuation Pause) 3561M->1392M(4096M) 121.324ms
[4160.558s][info][gc             ] GC(1114) Concurrent Mark Cycle
[4160.558s][info][gc,marking     ] GC(1114) Concurrent Scan Root Regions
[4160.558s][info][gc,cpu         ] GC(1113) User=0.72s Sys=0.00s Real=0.12s
[4160.712s][info][gc,marking     ] GC(1114) Concurrent Scan Root Regions 153.511ms
[4160.712s][info][gc,marking     ] GC(1114) Concurrent Mark
[4160.712s][info][gc,marking     ] GC(1114) Concurrent Mark From Roots
[4160.712s][info][gc,task        ] GC(1114) Using 2 workers of 2 for marking
.[4161.486s][info][gc,marking     ] GC(1114) Concurrent Mark From Roots 774.528ms
[4161.486s][info][gc,marking     ] GC(1114) Concurrent Preclean
[4161.486s][info][gc,marking     ] GC(1114) Concurrent Preclean 0.086ms
[4161.487s][info][gc,start       ] GC(1114) Pause Remark
[4161.491s][info][gc             ] GC(1114) Pause Remark 2203M->2203M(4096M) 4.367ms
[4161.491s][info][gc,cpu         ] GC(1114) User=0.02s Sys=0.00s Real=0.00s
[4161.491s][info][gc,marking     ] GC(1114) Concurrent Mark 779.282ms
[4161.491s][info][gc,marking     ] GC(1114) Concurrent Rebuild Remembered Sets and Scrub Regions
[4161.760s][info][gc,marking     ] GC(1114) Concurrent Rebuild Remembered Sets and Scrub Regions 269.048ms
[4161.760s][info][gc,start       ] GC(1114) Pause Cleanup
[4161.760s][info][gc             ] GC(1114) Pause Cleanup 2472M->2472M(4096M) 0.102ms
[4161.760s][info][gc,cpu         ] GC(1114) User=0.00s Sys=0.00s Real=0.00s
[4161.761s][info][gc,marking     ] GC(1114) Concurrent Clear Claimed Marks
[4161.761s][info][gc,marking     ] GC(1114) Concurrent Clear Claimed Marks 0.049ms
[4161.761s][info][gc,marking     ] GC(1114) Concurrent Cleanup for Next Mark
[4161.766s][info][gc,marking     ] GC(1114) Concurrent Cleanup for Next Mark 4.842ms
[4161.766s][info][gc             ] GC(1114) Concurrent Mark Cycle 1207.613ms
..[4162.994s][info][gc,start       ] GC(1115) Pause Young (Prepare Mixed) (G1 Evacuation Pause)
[4162.994s][info][gc,task        ] GC(1115) Using 6 workers of 6 for evacuation
[4163.115s][info][gc,phases      ] GC(1115)   Pre Evacuate Collection Set: 0.33ms
[4163.115s][info][gc,phases      ] GC(1115)   Merge Heap Roots: 0.49ms
[4163.115s][info][gc,phases      ] GC(1115)   Evacuate Collection Set: 118.39ms
[4163.115s][info][gc,phases      ] GC(1115)   Post Evacuate Collection Set: 0.94ms
[4163.115s][info][gc,phases      ] GC(1115)   Other: 0.09ms
[4163.115s][info][gc,heap        ] GC(1115) Eden regions: 1117->0(1102)
[4163.115s][info][gc,heap        ] GC(1115) Survivor regions: 111->113(154)
[4163.115s][info][gc,heap        ] GC(1115) Old regions: 506->537
[4163.115s][info][gc,heap        ] GC(1115) Humongous regions: 80->80
[4163.115s][info][gc,metaspace   ] GC(1115) Metaspace: 28935K(29312K)->28935K(29312K) NonClass: 24067K(24256K)->24067K(24256K) Class: 4868K(5056K)->4868K(5056K)
[4163.115s][info][gc             ] GC(1115) Pause Young (Prepare Mixed) (G1 Evacuation Pause) 3626M->1458M(4096M) 120.391ms
[4163.115s][info][gc,cpu         ] GC(1115) User=0.71s Sys=0.00s Real=0.12s
..[4165.551s][info][gc,start       ] GC(1116) Pause Young (Mixed) (G1 Evacuation Pause)
[4165.551s][info][gc,task        ] GC(1116) Using 6 workers of 6 for evacuation
[4165.684s][info][gc,phases      ] GC(1116)   Pre Evacuate Collection Set: 0.42ms
[4165.684s][info][gc,phases      ] GC(1116)   Merge Heap Roots: 0.69ms
[4165.684s][info][gc,phases      ] GC(1116)   Evacuate Collection Set: 131.06ms
[4165.684s][info][gc,phases      ] GC(1116)   Post Evacuate Collection Set: 0.95ms
[4165.684s][info][gc,phases      ] GC(1116)   Other: 0.09ms
[4165.684s][info][gc,heap        ] GC(1116) Eden regions: 1102->0(1118)
[4165.684s][info][gc,heap        ] GC(1116) Survivor regions: 113->110(152)
[4165.684s][info][gc,heap        ] GC(1116) Old regions: 537->473
[4165.684s][info][gc,heap        ] GC(1116) Humongous regions: 80->80
[4165.684s][info][gc,metaspace   ] GC(1116) Metaspace: 28935K(29312K)->28935K(29312K) NonClass: 24067K(24256K)->24067K(24256K) Class: 4868K(5056K)->4868K(5056K)
[4165.684s][info][gc             ] GC(1116) Pause Young (Mixed) (G1 Evacuation Pause) 3662M->1325M(4096M) 133.344ms
[4165.684s][info][gc,cpu         ] GC(1116) User=0.78s Sys=0.00s Real=0.14s
. (rIR:aIR:PR = 7334:7336:7336) (tPR = 109263) [OK] 
  4165s: Performance info:
         Transaction,    Success,    Partial,     Failed,   Receipts, AvgBarcode, 
             Overall,     445761,          0,          0,     423430,      59.48, 
         Response times:
             Request,    Success,    Partial,     Failed,   SkipFail,     Probes,    Samples,      min,      p50,      p90,      p95,      p99,      max, 
       TotalPurchase,     423395,          0,          0,          0,     359422,     395432,      300,     6400,    64000,    94000,   148000,   313000,
     InStorePurchase,     222623,          0,          0,          0,     188724,     207760,      300,     6400,    64000,    94000,   148000,   284000,
      OnlinePurchase,     156274,          0,          0,          0,     132441,     145330,      300,     6300,    63000,    93450,   149000,   313000,
        InstPurchase,      44498,          0,          0,          0,      38257,      42342,      300,     6200,    63000,    94000,   148000,   307000,
          AssocOfCat,        441,          0,          0,          0,        371,        517,    26000,    41000,   123000,   162000,   207820,   248000,
      AssocOfProduct,       4467,          0,          0,          0,       4094,       4692,     1000,     5600,    57000,    93000,   144000,   218000,
      BusinessReport,       1114,          0,          0,          0,       1004,       1235,    29000,    49000,   128000,   170000,   220280,   270000,
          CustBuyBeh,       4467,          0,          0,          0,       4143,       4755,      300,     7200,    68400,   104000,   150000,   211000,
       ProductReturn,      11875,          0,          0,          0,      10039,      11241,      200,     6100,    61000,    97000,   147580,   228000,

  4165s: (54%)   IR =   7472 ..[4168.135s][info][gc,start       ] GC(1117) Pause Young (Concurrent Start) (G1 Evacuation Pause)
[4168.135s][info][gc,task        ] GC(1117) Using 6 workers of 6 for evacuation
[4168.253s][info][gc,phases      ] GC(1117)   Pre Evacuate Collection Set: 0.37ms
[4168.253s][info][gc,phases      ] GC(1117)   Merge Heap Roots: 0.47ms
[4168.253s][info][gc,phases      ] GC(1117)   Evacuate Collection Set: 115.89ms
[4168.253s][info][gc,phases      ] GC(1117)   Post Evacuate Collection Set: 0.93ms
[4168.253s][info][gc,phases      ] GC(1117)   Other: 0.11ms
[4168.253s][info][gc,heap        ] GC(1117) Eden regions: 1118->0(1118)
[4168.253s][info][gc,heap        ] GC(1117) Survivor regions: 110->110(154)
[4168.253s][info][gc,heap        ] GC(1117) Old regions: 473->504
[4168.253s][info][gc,heap        ] GC(1117) Humongous regions: 80->80
[4168.253s][info][gc,metaspace   ] GC(1117) Metaspace: 28935K(29312K)->28935K(29312K) NonClass: 24067K(24256K)->24067K(24256K) Class: 4868K(5056K)->4868K(5056K)
[4168.253s][info][gc             ] GC(1117) Pause Young (Concurrent Start) (G1 Evacuation Pause) 3561M->1387M(4096M) 117.917ms
[4168.253s][info][gc             ] GC(1118) Concurrent Mark Cycle
[4168.253s][info][gc,marking     ] GC(1118) Concurrent Scan Root Regions
[4168.253s][info][gc,cpu         ] GC(1117) User=0.70s Sys=0.00s Real=0.12s
[4168.422s][info][gc,marking     ] GC(1118) Concurrent Scan Root Regions 169.493ms
[4168.422s][info][gc,marking     ] GC(1118) Concurrent Mark
[4168.422s][info][gc,marking     ] GC(1118) Concurrent Mark From Roots
[4168.422s][info][gc,task        ] GC(1118) Using 2 workers of 2 for marking
.[4169.424s][info][gc,marking     ] GC(1118) Concurrent Mark From Roots 1001.678ms
[4169.424s][info][gc,marking     ] GC(1118) Concurrent Preclean
[4169.424s][info][gc,marking     ] GC(1118) Concurrent Preclean 0.154ms
[4169.427s][info][gc,start       ] GC(1118) Pause Remark
[4169.435s][info][gc             ] GC(1118) Pause Remark 2439M->2439M(4096M) 7.515ms
[4169.435s][info][gc,cpu         ] GC(1118) User=0.04s Sys=0.01s Real=0.01s
[4169.435s][info][gc,marking     ] GC(1118) Concurrent Mark 1012.370ms
[4169.435s][info][gc,marking     ] GC(1118) Concurrent Rebuild Remembered Sets and Scrub Regions
[4169.811s][info][gc,marking     ] GC(1118) Concurrent Rebuild Remembered Sets and Scrub Regions 376.138ms
[4169.814s][info][gc,start       ] GC(1118) Pause Cleanup
[4169.814s][info][gc             ] GC(1118) Pause Cleanup 2823M->2823M(4096M) 0.151ms
[4169.814s][info][gc,cpu         ] GC(1118) User=0.00s Sys=0.00s Real=0.00s
[4169.814s][info][gc,marking     ] GC(1118) Concurrent Clear Claimed Marks
[4169.814s][info][gc,marking     ] GC(1118) Concurrent Clear Claimed Marks 0.022ms
[4169.814s][info][gc,marking     ] GC(1118) Concurrent Cleanup for Next Mark
[4169.829s][info][gc,marking     ] GC(1118) Concurrent Cleanup for Next Mark 14.807ms
[4169.829s][info][gc             ] GC(1118) Concurrent Mark Cycle 1576.191ms
.[4170.636s][info][gc,start       ] GC(1119) Pause Young (Prepare Mixed) (G1 Evacuation Pause)
[4170.636s][info][gc,task        ] GC(1119) Using 6 workers of 6 for evacuation
[4170.754s][info][gc,phases      ] GC(1119)   Pre Evacuate Collection Set: 0.36ms
[4170.754s][info][gc,phases      ] GC(1119)   Merge Heap Roots: 0.48ms
[4170.754s][info][gc,phases      ] GC(1119)   Evacuate Collection Set: 116.34ms
[4170.754s][info][gc,phases      ] GC(1119)   Post Evacuate Collection Set: 0.92ms
[4170.754s][info][gc,phases      ] GC(1119)   Other: 0.09ms
[4170.754s][info][gc,heap        ] GC(1119) Eden regions: 1118->0(1108)
[4170.754s][info][gc,heap        ] GC(1119) Survivor regions: 110->110(154)
[4170.754s][info][gc,heap        ] GC(1119) Old regions: 504->537
[4170.754s][info][gc,heap        ] GC(1119) Humongous regions: 80->80
[4170.754s][info][gc,metaspace   ] GC(1119) Metaspace: 28935K(29312K)->28935K(29312K) NonClass: 24067K(24256K)->24067K(24256K) Class: 4868K(5056K)->4868K(5056K)
[4170.754s][info][gc             ] GC(1119) Pause Young (Prepare Mixed) (G1 Evacuation Pause) 3623M->1451M(4096M) 118.338ms
[4170.754s][info][gc,cpu         ] GC(1119) User=0.69s Sys=0.00s Real=0.12s
..|[4173.134s][info][gc,start       ] GC(1120) Pause Young (Mixed) (G1 Evacuation Pause)
[4173.134s][info][gc,task        ] GC(1120) Using 6 workers of 6 for evacuation
[4173.267s][info][gc,phases      ] GC(1120)   Pre Evacuate Collection Set: 0.37ms
[4173.267s][info][gc,phases      ] GC(1120)   Merge Heap Roots: 0.67ms
[4173.267s][info][gc,phases      ] GC(1120)   Evacuate Collection Set: 131.04ms
[4173.267s][info][gc,phases      ] GC(1120)   Post Evacuate Collection Set: 0.96ms
[4173.267s][info][gc,phases      ] GC(1120)   Other: 0.09ms
[4173.267s][info][gc,heap        ] GC(1120) Eden regions: 1108->0(1120)
[4173.267s][info][gc,heap        ] GC(1120) Survivor regions: 110->108(153)
[4173.267s][info][gc,heap        ] GC(1120) Old regions: 537->473
[4173.267s][info][gc,heap        ] GC(1120) Humongous regions: 80->80
[4173.267s][info][gc,metaspace   ] GC(1120) Metaspace: 28935K(29312K)->28935K(29312K) NonClass: 24067K(24256K)->24067K(24256K) Class: 4868K(5056K)->4868K(5056K)
[4173.267s][info][gc             ] GC(1120) Pause Young (Mixed) (G1 Evacuation Pause) 3667M->1320M(4096M) 133.253ms
[4173.267s][info][gc,cpu         ] GC(1120) User=0.79s Sys=0.00s Real=0.13s
...[4175.705s][info][gc,start       ] GC(1121) Pause Young (Concurrent Start) (G1 Evacuation Pause)
[4175.705s][info][gc,task        ] GC(1121) Using 6 workers of 6 for evacuation
[4175.830s][info][gc,phases      ] GC(1121)   Pre Evacuate Collection Set: 0.35ms
[4175.830s][info][gc,phases      ] GC(1121)   Merge Heap Roots: 0.45ms
[4175.830s][info][gc,phases      ] GC(1121)   Evacuate Collection Set: 123.21ms
[4175.830s][info][gc,phases      ] GC(1121)   Post Evacuate Collection Set: 0.90ms
[4175.830s][info][gc,phases      ] GC(1121)   Other: 0.11ms
[4175.830s][info][gc,heap        ] GC(1121) Eden regions: 1120->0(1113)
[4175.830s][info][gc,heap        ] GC(1121) Survivor regions: 108->115(154)
[4175.830s][info][gc,heap        ] GC(1121) Old regions: 473->506
[4175.830s][info][gc,heap        ] GC(1121) Humongous regions: 80->80
[4175.830s][info][gc,metaspace   ] GC(1121) Metaspace: 28935K(29312K)->28935K(29312K) NonClass: 24067K(24256K)->24067K(24256K) Class: 4868K(5056K)->4868K(5056K)
[4175.830s][info][gc             ] GC(1121) Pause Young (Concurrent Start) (G1 Evacuation Pause) 3560M->1399M(4096M) 125.151ms
[4175.830s][info][gc             ] GC(1122) Concurrent Mark Cycle
[4175.830s][info][gc,marking     ] GC(1122) Concurrent Scan Root Regions
[4175.830s][info][gc,cpu         ] GC(1121) User=0.75s Sys=0.00s Real=0.12s
[4176.079s][info][gc,marking     ] GC(1122) Concurrent Scan Root Regions 249.400ms
[4176.079s][info][gc,marking     ] GC(1122) Concurrent Mark
[4176.079s][info][gc,marking     ] GC(1122) Concurrent Mark From Roots
[4176.079s][info][gc,task        ] GC(1122) Using 2 workers of 2 for marking
.[4177.031s][info][gc,marking     ] GC(1122) Concurrent Mark From Roots 951.599ms
[4177.031s][info][gc,marking     ] GC(1122) Concurrent Preclean
[4177.031s][info][gc,marking     ] GC(1122) Concurrent Preclean 0.093ms
[4177.033s][info][gc,start       ] GC(1122) Pause Remark
[4177.040s][info][gc             ] GC(1122) Pause Remark 2545M->2545M(4096M) 7.209ms
[4177.040s][info][gc,cpu         ] GC(1122) User=0.04s Sys=0.00s Real=0.00s
[4177.041s][info][gc,marking     ] GC(1122) Concurrent Mark 961.436ms
[4177.041s][info][gc,marking     ] GC(1122) Concurrent Rebuild Remembered Sets and Scrub Regions
.[4177.424s][info][gc,marking     ] GC(1122) Concurrent Rebuild Remembered Sets and Scrub Regions 383.147ms
[4177.425s][info][gc,start       ] GC(1122) Pause Cleanup
[4177.425s][info][gc             ] GC(1122) Pause Cleanup 2913M->2913M(4096M) 0.115ms
[4177.425s][info][gc,cpu         ] GC(1122) User=0.00s Sys=0.00s Real=0.00s
[4177.425s][info][gc,marking     ] GC(1122) Concurrent Clear Claimed Marks
[4177.425s][info][gc,marking     ] GC(1122) Concurrent Clear Claimed Marks 0.031ms
[4177.425s][info][gc,marking     ] GC(1122) Concurrent Cleanup for Next Mark
[4177.430s][info][gc,marking     ] GC(1122) Concurrent Cleanup for Next Mark 4.510ms
[4177.430s][info][gc             ] GC(1122) Concurrent Mark Cycle 1600.111ms
[4178.209s][info][gc,start       ] GC(1123) Pause Young (Prepare Mixed) (G1 Evacuation Pause)
[4178.210s][info][gc,task        ] GC(1123) Using 6 workers of 6 for evacuation
[4178.324s][info][gc,phases      ] GC(1123)   Pre Evacuate Collection Set: 0.35ms
[4178.324s][info][gc,phases      ] GC(1123)   Merge Heap Roots: 0.50ms
[4178.324s][info][gc,phases      ] GC(1123)   Evacuate Collection Set: 112.50ms
[4178.324s][info][gc,phases      ] GC(1123)   Post Evacuate Collection Set: 0.92ms
[4178.324s][info][gc,phases      ] GC(1123)   Other: 0.09ms
[4178.324s][info][gc,heap        ] GC(1123) Eden regions: 1113->0(1112)
[4178.324s][info][gc,heap        ] GC(1123) Survivor regions: 115->108(154)
[4178.324s][info][gc,heap        ] GC(1123) Old regions: 506->537
[4178.324s][info][gc,heap        ] GC(1123) Humongous regions: 80->80
[4178.324s][info][gc,metaspace   ] GC(1123) Metaspace: 28935K(29312K)->28935K(29312K) NonClass: 24067K(24256K)->24067K(24256K) Class: 4868K(5056K)->4868K(5056K)
[4178.324s][info][gc             ] GC(1123) Pause Young (Prepare Mixed) (G1 Evacuation Pause) 3625M->1448M(4096M) 114.479ms
[4178.324s][info][gc,cpu         ] GC(1123) User=0.68s Sys=0.00s Real=0.12s
...[4180.707s][info][gc,start       ] GC(1124) Pause Young (Mixed) (G1 Evacuation Pause)
[4180.707s][info][gc,task        ] GC(1124) Using 6 workers of 6 for evacuation
[4180.847s][info][gc,phases      ] GC(1124)   Pre Evacuate Collection Set: 0.39ms
[4180.847s][info][gc,phases      ] GC(1124)   Merge Heap Roots: 0.74ms
[4180.847s][info][gc,phases      ] GC(1124)   Evacuate Collection Set: 137.65ms
[4180.847s][info][gc,phases      ] GC(1124)   Post Evacuate Collection Set: 0.97ms
[4180.847s][info][gc,phases      ] GC(1124)   Other: 0.09ms
[4180.847s][info][gc,heap        ] GC(1124) Eden regions: 1112->0(1117)
[4180.847s][info][gc,heap        ] GC(1124) Survivor regions: 108->111(153)
[4180.847s][info][gc,heap        ] GC(1124) Old regions: 537->475
[4180.847s][info][gc,heap        ] GC(1124) Humongous regions: 80->80
[4180.847s][info][gc,metaspace   ] GC(1124) Metaspace: 28935K(29312K)->28935K(29312K) NonClass: 24067K(24256K)->24067K(24256K) Class: 4868K(5056K)->4868K(5056K)
[4180.847s][info][gc             ] GC(1124) Pause Young (Mixed) (G1 Evacuation Pause) 3672M->1330M(4096M) 139.975ms
[4180.847s][info][gc,cpu         ] GC(1124) User=0.83s Sys=0.00s Real=0.14s
..[4183.263s][info][gc,start       ] GC(1125) Pause Young (Concurrent Start) (G1 Evacuation Pause)
[4183.263s][info][gc,task        ] GC(1125) Using 6 workers of 6 for evacuation
[4183.383s][info][gc,phases      ] GC(1125)   Pre Evacuate Collection Set: 0.39ms
[4183.383s][info][gc,phases      ] GC(1125)   Merge Heap Roots: 0.45ms
[4183.383s][info][gc,phases      ] GC(1125)   Evacuate Collection Set: 117.54ms
[4183.383s][info][gc,phases      ] GC(1125)   Post Evacuate Collection Set: 0.91ms
[4183.383s][info][gc,phases      ] GC(1125)   Other: 0.09ms
[4183.383s][info][gc,heap        ] GC(1125) Eden regions: 1117->0(1118)
[4183.383s][info][gc,heap        ] GC(1125) Survivor regions: 111->110(154)
[4183.383s][info][gc,heap        ] GC(1125) Old regions: 475->507
[4183.383s][info][gc,heap        ] GC(1125) Humongous regions: 80->80
[4183.383s][info][gc,metaspace   ] GC(1125) Metaspace: 28935K(29312K)->28935K(29312K) NonClass: 24067K(24256K)->24067K(24256K) Class: 4868K(5056K)->4868K(5056K)
[4183.383s][info][gc             ] GC(1125) Pause Young (Concurrent Start) (G1 Evacuation Pause) 3564M->1393M(4096M) 119.520ms
[4183.383s][info][gc             ] GC(1126) Concurrent Mark Cycle
[4183.383s][info][gc,marking     ] GC(1126) Concurrent Scan Root Regions
[4183.383s][info][gc,cpu         ] GC(1125) User=0.71s Sys=0.00s Real=0.12s
.[4183.538s][info][gc,marking     ] GC(1126) Concurrent Scan Root Regions 155.155ms
[4183.538s][info][gc,marking     ] GC(1126) Concurrent Mark
[4183.538s][info][gc,marking     ] GC(1126) Concurrent Mark From Roots
[4183.538s][info][gc,task        ] GC(1126) Using 2 workers of 2 for marking
[4184.290s][info][gc,marking     ] GC(1126) Concurrent Mark From Roots 752.380ms
[4184.290s][info][gc,marking     ] GC(1126) Concurrent Preclean
[4184.290s][info][gc,marking     ] GC(1126) Concurrent Preclean 0.097ms
[4184.294s][info][gc,start       ] GC(1126) Pause Remark
[4184.299s][info][gc             ] GC(1126) Pause Remark 2191M->2191M(4096M) 4.617ms
[4184.299s][info][gc,cpu         ] GC(1126) User=0.02s Sys=0.00s Real=0.00s
[4184.299s][info][gc,marking     ] GC(1126) Concurrent Mark 761.009ms
[4184.299s][info][gc,marking     ] GC(1126) Concurrent Rebuild Remembered Sets and Scrub Regions
.[4184.564s][info][gc,marking     ] GC(1126) Concurrent Rebuild Remembered Sets and Scrub Regions 264.606ms
[4184.565s][info][gc,start       ] GC(1126) Pause Cleanup
[4184.565s][info][gc             ] GC(1126) Pause Cleanup 2447M->2447M(4096M) 0.127ms
[4184.565s][info][gc,cpu         ] GC(1126) User=0.00s Sys=0.00s Real=0.00s
[4184.565s][info][gc,marking     ] GC(1126) Concurrent Clear Claimed Marks
[4184.565s][info][gc,marking     ] GC(1126) Concurrent Clear Claimed Marks 0.020ms
[4184.565s][info][gc,marking     ] GC(1126) Concurrent Cleanup for Next Mark
[4184.569s][info][gc,marking     ] GC(1126) Concurrent Cleanup for Next Mark 4.564ms
[4184.569s][info][gc             ] GC(1126) Concurrent Mark Cycle 1186.795ms
.[4185.778s][info][gc,start       ] GC(1127) Pause Young (Prepare Mixed) (G1 Evacuation Pause)
[4185.778s][info][gc,task        ] GC(1127) Using 6 workers of 6 for evacuation
[4185.898s][info][gc,phases      ] GC(1127)   Pre Evacuate Collection Set: 0.39ms
[4185.898s][info][gc,phases      ] GC(1127)   Merge Heap Roots: 0.52ms
[4185.898s][info][gc,phases      ] GC(1127)   Evacuate Collection Set: 117.38ms
[4185.898s][info][gc,phases      ] GC(1127)   Post Evacuate Collection Set: 0.93ms
[4185.898s][info][gc,phases      ] GC(1127)   Other: 0.08ms
[4185.898s][info][gc,heap        ] GC(1127) Eden regions: 1118->0(1102)
[4185.898s][info][gc,heap        ] GC(1127) Survivor regions: 110->112(154)
[4185.898s][info][gc,heap        ] GC(1127) Old regions: 507->539
[4185.898s][info][gc,heap        ] GC(1127) Humongous regions: 80->80
[4185.898s][info][gc,metaspace   ] GC(1127) Metaspace: 28935K(29312K)->28935K(29312K) NonClass: 24067K(24256K)->24067K(24256K) Class: 4868K(5056K)->4868K(5056K)
[4185.898s][info][gc             ] GC(1127) Pause Young (Prepare Mixed) (G1 Evacuation Pause) 3629M->1461M(4096M) 119.429ms
[4185.898s][info][gc,cpu         ] GC(1127) User=0.70s Sys=0.00s Real=0.12s
..[4188.259s][info][gc,start       ] GC(1128) Pause Young (Mixed) (G1 Evacuation Pause)
[4188.259s][info][gc,task        ] GC(1128) Using 6 workers of 6 for evacuation
[4188.392s][info][gc,phases      ] GC(1128)   Pre Evacuate Collection Set: 0.43ms
[4188.392s][info][gc,phases      ] GC(1128)   Merge Heap Roots: 0.70ms
[4188.392s][info][gc,phases      ] GC(1128)   Evacuate Collection Set: 130.80ms
[4188.392s][info][gc,phases      ] GC(1128)   Post Evacuate Collection Set: 1.00ms
[4188.392s][info][gc,phases      ] GC(1128)   Other: 0.09ms
[4188.392s][info][gc,heap        ] GC(1128) Eden regions: 1102->0(1118)
[4188.392s][info][gc,heap        ] GC(1128) Survivor regions: 112->110(152)
[4188.392s][info][gc,heap        ] GC(1128) Old regions: 539->474
[4188.392s][info][gc,heap        ] GC(1128) Humongous regions: 80->80
[4188.392s][info][gc,metaspace   ] GC(1128) Metaspace: 28935K(29312K)->28935K(29312K) NonClass: 24067K(24256K)->24067K(24256K) Class: 4868K(5056K)->4868K(5056K)
[4188.392s][info][gc             ] GC(1128) Pause Young (Mixed) (G1 Evacuation Pause) 3665M->1326M(4096M) 133.170ms
[4188.392s][info][gc,cpu         ] GC(1128) User=0.79s Sys=0.00s Real=0.13s
...[4190.799s][info][gc,start       ] GC(1129) Pause Young (Concurrent Start) (G1 Evacuation Pause)
[4190.799s][info][gc,task        ] GC(1129) Using 6 workers of 6 for evacuation
[4190.920s][info][gc,phases      ] GC(1129)   Pre Evacuate Collection Set: 0.40ms
[4190.920s][info][gc,phases      ] GC(1129)   Merge Heap Roots: 0.47ms
[4190.920s][info][gc,phases      ] GC(1129)   Evacuate Collection Set: 119.70ms
[4190.920s][info][gc,phases      ] GC(1129)   Post Evacuate Collection Set: 0.87ms
[4190.920s][info][gc,phases      ] GC(1129)   Other: 0.13ms
[4190.920s][info][gc,heap        ] GC(1129) Eden regions: 1118->0(1114)
[4190.920s][info][gc,heap        ] GC(1129) Survivor regions: 110->114(154)
[4190.920s][info][gc,heap        ] GC(1129) Old regions: 474->506
[4190.920s][info][gc,heap        ] GC(1129) Humongous regions: 80->80
[4190.920s][info][gc,metaspace   ] GC(1129) Metaspace: 28935K(29312K)->28935K(29312K) NonClass: 24067K(24256K)->24067K(24256K) Class: 4868K(5056K)->4868K(5056K)
[4190.920s][info][gc             ] GC(1129) Pause Young (Concurrent Start) (G1 Evacuation Pause) 3562M->1398M(4096M) 121.698ms
[4190.920s][info][gc             ] GC(1130) Concurrent Mark Cycle
[4190.920s][info][gc,marking     ] GC(1130) Concurrent Scan Root Regions
[4190.920s][info][gc,cpu         ] GC(1129) User=0.72s Sys=0.00s Real=0.12s
[4191.124s][info][gc,marking     ] GC(1130) Concurrent Scan Root Regions 203.800ms
[4191.124s][info][gc,marking     ] GC(1130) Concurrent Mark
[4191.124s][info][gc,marking     ] GC(1130) Concurrent Mark From Roots
[4191.124s][info][gc,task        ] GC(1130) Using 2 workers of 2 for marking
.[4192.067s][info][gc,marking     ] GC(1130) Concurrent Mark From Roots 942.670ms
[4192.067s][info][gc,marking     ] GC(1130) Concurrent Preclean
[4192.067s][info][gc,marking     ] GC(1130) Concurrent Preclean 0.128ms
[4192.069s][info][gc,start       ] GC(1130) Pause Remark
[4192.076s][info][gc             ] GC(1130) Pause Remark 2492M->2492M(4096M) 7.450ms
[4192.077s][info][gc,cpu         ] GC(1130) User=0.04s Sys=0.01s Real=0.01s
[4192.077s][info][gc,marking     ] GC(1130) Concurrent Mark 953.060ms
[4192.077s][info][gc,marking     ] GC(1130) Concurrent Rebuild Remembered Sets and Scrub Regions
[4192.393s][info][gc,marking     ] GC(1130) Concurrent Rebuild Remembered Sets and Scrub Regions 316.260ms
[4192.394s][info][gc,start       ] GC(1130) Pause Cleanup
[4192.394s][info][gc             ] GC(1130) Pause Cleanup 2777M->2777M(4096M) 0.110ms
[4192.394s][info][gc,cpu         ] GC(1130) User=0.00s Sys=0.00s Real=0.00s
[4192.394s][info][gc,marking     ] GC(1130) Concurrent Clear Claimed Marks
[4192.394s][info][gc,marking     ] GC(1130) Concurrent Clear Claimed Marks 0.032ms
[4192.394s][info][gc,marking     ] GC(1130) Concurrent Cleanup for Next Mark
[4192.399s][info][gc,marking     ] GC(1130) Concurrent Cleanup for Next Mark 5.179ms
[4192.399s][info][gc             ] GC(1130) Concurrent Mark Cycle 1478.945ms
.[4193.215s][info][gc,start       ] GC(1131) Pause Young (Prepare Mixed) (G1 Evacuation Pause)
[4193.215s][info][gc,task        ] GC(1131) Using 6 workers of 6 for evacuation
[4193.334s][info][gc,phases      ] GC(1131)   Pre Evacuate Collection Set: 0.32ms
[4193.334s][info][gc,phases      ] GC(1131)   Merge Heap Roots: 0.47ms
[4193.334s][info][gc,phases      ] GC(1131)   Evacuate Collection Set: 116.91ms
[4193.334s][info][gc,phases      ] GC(1131)   Post Evacuate Collection Set: 0.95ms
[4193.334s][info][gc,phases      ] GC(1131)   Other: 0.08ms
[4193.334s][info][gc,heap        ] GC(1131) Eden regions: 1114->0(1108)
[4193.334s][info][gc,heap        ] GC(1131) Survivor regions: 114->109(154)
[4193.334s][info][gc,heap        ] GC(1131) Old regions: 506->539
[4193.334s][info][gc,heap        ] GC(1131) Humongous regions: 80->80
[4193.334s][info][gc,metaspace   ] GC(1131) Metaspace: 28935K(29312K)->28935K(29312K) NonClass: 24067K(24256K)->24067K(24256K) Class: 4868K(5056K)->4868K(5056K)
[4193.334s][info][gc             ] GC(1131) Pause Young (Prepare Mixed) (G1 Evacuation Pause) 3626M->1454M(4096M) 118.892ms
[4193.334s][info][gc,cpu         ] GC(1131) User=0.70s Sys=0.00s Real=0.12s
...[4195.782s][info][gc,start       ] GC(1132) Pause Young (Mixed) (G1 Evacuation Pause)
[4195.782s][info][gc,task        ] GC(1132) Using 6 workers of 6 for evacuation
[4195.917s][info][gc,phases      ] GC(1132)   Pre Evacuate Collection Set: 0.38ms
[4195.917s][info][gc,phases      ] GC(1132)   Merge Heap Roots: 0.58ms
[4195.917s][info][gc,phases      ] GC(1132)   Evacuate Collection Set: 133.01ms
[4195.917s][info][gc,phases      ] GC(1132)   Post Evacuate Collection Set: 0.99ms
[4195.917s][info][gc,phases      ] GC(1132)   Other: 0.09ms
[4195.917s][info][gc,heap        ] GC(1132) Eden regions: 1108->0(1117)
[4195.917s][info][gc,heap        ] GC(1132) Survivor regions: 109->111(153)
[4195.917s][info][gc,heap        ] GC(1132) Old regions: 539->474
[4195.917s][info][gc,heap        ] GC(1132) Humongous regions: 80->80
[4195.917s][info][gc,metaspace   ] GC(1132) Metaspace: 28935K(29312K)->28935K(29312K) NonClass: 24067K(24256K)->24067K(24256K) Class: 4868K(5056K)->4868K(5056K)
[4195.917s][info][gc             ] GC(1132) Pause Young (Mixed) (G1 Evacuation Pause) 3670M->1328M(4096M) 135.203ms
[4195.917s][info][gc,cpu         ] GC(1132) User=0.80s Sys=0.00s Real=0.14s
..[4198.329s][info][gc,start       ] GC(1133) Pause Young (Concurrent Start) (G1 Evacuation Pause)
[4198.329s][info][gc,task        ] GC(1133) Using 6 workers of 6 for evacuation
[4198.451s][info][gc,phases      ] GC(1133)   Pre Evacuate Collection Set: 0.33ms
[4198.451s][info][gc,phases      ] GC(1133)   Merge Heap Roots: 0.44ms
[4198.451s][info][gc,phases      ] GC(1133)   Evacuate Collection Set: 120.00ms
[4198.451s][info][gc,phases      ] GC(1133)   Post Evacuate Collection Set: 0.88ms
[4198.451s][info][gc,phases      ] GC(1133)   Other: 0.14ms
[4198.451s][info][gc,heap        ] GC(1133) Eden regions: 1117->0(1116)
[4198.451s][info][gc,heap        ] GC(1133) Survivor regions: 111->112(154)
[4198.451s][info][gc,heap        ] GC(1133) Old regions: 474->504
[4198.451s][info][gc,heap        ] GC(1133) Humongous regions: 80->80
[4198.451s][info][gc,metaspace   ] GC(1133) Metaspace: 28935K(29312K)->28935K(29312K) NonClass: 24067K(24256K)->24067K(24256K) Class: 4868K(5056K)->4868K(5056K)
[4198.451s][info][gc             ] GC(1133) Pause Young (Concurrent Start) (G1 Evacuation Pause) 3562M->1391M(4096M) 121.915ms
[4198.451s][info][gc             ] GC(1134) Concurrent Mark Cycle
[4198.451s][info][gc,marking     ] GC(1134) Concurrent Scan Root Regions
[4198.451s][info][gc,cpu         ] GC(1133) User=0.73s Sys=0.00s Real=0.12s
.[4198.636s][info][gc,marking     ] GC(1134) Concurrent Scan Root Regions 185.592ms
[4198.636s][info][gc,marking     ] GC(1134) Concurrent Mark
[4198.636s][info][gc,marking     ] GC(1134) Concurrent Mark From Roots
[4198.636s][info][gc,task        ] GC(1134) Using 2 workers of 2 for marking
[4199.599s][info][gc,marking     ] GC(1134) Concurrent Mark From Roots 962.550ms
[4199.599s][info][gc,marking     ] GC(1134) Concurrent Preclean
[4199.599s][info][gc,marking     ] GC(1134) Concurrent Preclean 0.087ms
[4199.601s][info][gc,start       ] GC(1134) Pause Remark
[4199.609s][info][gc             ] GC(1134) Pause Remark 2475M->2475M(4096M) 7.783ms
[4199.609s][info][gc,cpu         ] GC(1134) User=0.05s Sys=0.00s Real=0.01s
[4199.609s][info][gc,marking     ] GC(1134) Concurrent Mark 972.828ms
[4199.609s][info][gc,marking     ] GC(1134) Concurrent Rebuild Remembered Sets and Scrub Regions
.[4200.026s][info][gc,marking     ] GC(1134) Concurrent Rebuild Remembered Sets and Scrub Regions 416.599ms
[4200.026s][info][gc,start       ] GC(1134) Pause Cleanup
[4200.026s][info][gc             ] GC(1134) Pause Cleanup 2930M->2930M(4096M) 0.107ms
[4200.026s][info][gc,cpu         ] GC(1134) User=0.00s Sys=0.00s Real=0.00s
[4200.026s][info][gc,marking     ] GC(1134) Concurrent Clear Claimed Marks
[4200.026s][info][gc,marking     ] GC(1134) Concurrent Clear Claimed Marks 0.025ms
[4200.026s][info][gc,marking     ] GC(1134) Concurrent Cleanup for Next Mark
[4200.031s][info][gc,marking     ] GC(1134) Concurrent Cleanup for Next Mark 4.929ms
[4200.031s][info][gc             ] GC(1134) Concurrent Mark Cycle 1580.500ms
.[4200.803s][info][gc,start       ] GC(1135) Pause Young (Prepare Mixed) (G1 Evacuation Pause)
[4200.803s][info][gc,task        ] GC(1135) Using 6 workers of 6 for evacuation
[4200.927s][info][gc,phases      ] GC(1135)   Pre Evacuate Collection Set: 0.33ms
[4200.927s][info][gc,phases      ] GC(1135)   Merge Heap Roots: 0.51ms
[4200.927s][info][gc,phases      ] GC(1135)   Evacuate Collection Set: 121.71ms
[4200.927s][info][gc,phases      ] GC(1135)   Post Evacuate Collection Set: 0.97ms
[4200.927s][info][gc,phases      ] GC(1135)   Other: 0.09ms
[4200.927s][info][gc,heap        ] GC(1135) Eden regions: 1116->0(1101)
[4200.927s][info][gc,heap        ] GC(1135) Survivor regions: 112->114(154)
[4200.927s][info][gc,heap        ] GC(1135) Old regions: 504->536
[4200.927s][info][gc,heap        ] GC(1135) Humongous regions: 80->80
[4200.927s][info][gc,metaspace   ] GC(1135) Metaspace: 28935K(29312K)->28935K(29312K) NonClass: 24067K(24256K)->24067K(24256K) Class: 4868K(5056K)->4868K(5056K)
[4200.927s][info][gc             ] GC(1135) Pause Young (Prepare Mixed) (G1 Evacuation Pause) 3623M->1459M(4096M) 123.748ms
[4200.927s][info][gc,cpu         ] GC(1135) User=0.73s Sys=0.00s Real=0.12s
..[4203.193s][info][gc,start       ] GC(1136) Pause Young (Mixed) (G1 Evacuation Pause)
[4203.193s][info][gc,task        ] GC(1136) Using 6 workers of 6 for evacuation
[4203.330s][info][gc,phases      ] GC(1136)   Pre Evacuate Collection Set: 0.37ms
[4203.330s][info][gc,phases      ] GC(1136)   Merge Heap Roots: 0.75ms
[4203.330s][info][gc,phases      ] GC(1136)   Evacuate Collection Set: 134.23ms
[4203.330s][info][gc,phases      ] GC(1136)   Post Evacuate Collection Set: 0.97ms
[4203.330s][info][gc,phases      ] GC(1136)   Other: 0.09ms
[4203.330s][info][gc,heap        ] GC(1136) Eden regions: 1101->0(1119)
[4203.330s][info][gc,heap        ] GC(1136) Survivor regions: 114->109(152)
[4203.330s][info][gc,heap        ] GC(1136) Old regions: 536->474
[4203.330s][info][gc,heap        ] GC(1136) Humongous regions: 80->80
[4203.330s][info][gc,metaspace   ] GC(1136) Metaspace: 28935K(29312K)->28935K(29312K) NonClass: 24067K(24256K)->24067K(24256K) Class: 4868K(5056K)->4868K(5056K)
[4203.330s][info][gc             ] GC(1136) Pause Young (Mixed) (G1 Evacuation Pause) 3661M->1323M(4096M) 136.540ms
[4203.330s][info][gc,cpu         ] GC(1136) User=0.81s Sys=0.00s Real=0.13s
...[4205.797s][info][gc,start       ] GC(1137) Pause Young (Concurrent Start) (G1 Evacuation Pause)
[4205.797s][info][gc,task        ] GC(1137) Using 6 workers of 6 for evacuation
[4205.916s][info][gc,phases      ] GC(1137)   Pre Evacuate Collection Set: 0.34ms
[4205.916s][info][gc,phases      ] GC(1137)   Merge Heap Roots: 0.46ms
[4205.916s][info][gc,phases      ] GC(1137)   Evacuate Collection Set: 117.17ms
[4205.916s][info][gc,phases      ] GC(1137)   Post Evacuate Collection Set: 0.87ms
[4205.916s][info][gc,phases      ] GC(1137)   Other: 0.11ms
[4205.916s][info][gc,heap        ] GC(1137) Eden regions: 1119->0(1116)
[4205.916s][info][gc,heap        ] GC(1137) Survivor regions: 109->112(154)
[4205.916s][info][gc,heap        ] GC(1137) Old regions: 474->505
[4205.916s][info][gc,heap        ] GC(1137) Humongous regions: 80->80
[4205.916s][info][gc,metaspace   ] GC(1137) Metaspace: 28935K(29312K)->28935K(29312K) NonClass: 24067K(24256K)->24067K(24256K) Class: 4868K(5056K)->4868K(5056K)
[4205.916s][info][gc             ] GC(1137) Pause Young (Concurrent Start) (G1 Evacuation Pause) 3561M->1392M(4096M) 119.078ms
[4205.916s][info][gc             ] GC(1138) Concurrent Mark Cycle
[4205.916s][info][gc,marking     ] GC(1138) Concurrent Scan Root Regions
[4205.916s][info][gc,cpu         ] GC(1137) User=0.70s Sys=0.00s Real=0.12s
[4206.102s][info][gc,marking     ] GC(1138) Concurrent Scan Root Regions 186.277ms
[4206.102s][info][gc,marking     ] GC(1138) Concurrent Mark
[4206.102s][info][gc,marking     ] GC(1138) Concurrent Mark From Roots
[4206.102s][info][gc,task        ] GC(1138) Using 2 workers of 2 for marking
.[4207.110s][info][gc,marking     ] GC(1138) Concurrent Mark From Roots 1007.972ms
[4207.110s][info][gc,marking     ] GC(1138) Concurrent Preclean
[4207.110s][info][gc,marking     ] GC(1138) Concurrent Preclean 0.115ms
[4207.111s][info][gc,start       ] GC(1138) Pause Remark
[4207.119s][info][gc             ] GC(1138) Pause Remark 2499M->2499M(4096M) 8.609ms
[4207.119s][info][gc,cpu         ] GC(1138) User=0.05s Sys=0.00s Real=0.01s
[4207.121s][info][gc,marking     ] GC(1138) Concurrent Mark 1018.792ms
[4207.121s][info][gc,marking     ] GC(1138) Concurrent Rebuild Remembered Sets and Scrub Regions
[4207.568s][info][gc,marking     ] GC(1138) Concurrent Rebuild Remembered Sets and Scrub Regions 446.875ms
[4207.571s][info][gc,start       ] GC(1138) Pause Cleanup
[4207.572s][info][gc             ] GC(1138) Pause Cleanup 2946M->2946M(4096M) 0.141ms
[4207.572s][info][gc,cpu         ] GC(1138) User=0.00s Sys=0.00s Real=0.00s
[4207.572s][info][gc,marking     ] GC(1138) Concurrent Clear Claimed Marks
[4207.572s][info][gc,marking     ] GC(1138) Concurrent Clear Claimed Marks 0.023ms
[4207.572s][info][gc,marking     ] GC(1138) Concurrent Cleanup for Next Mark
[4207.578s][info][gc,marking     ] GC(1138) Concurrent Cleanup for Next Mark 6.773ms
[4207.579s][info][gc             ] GC(1138) Concurrent Mark Cycle 1662.639ms
.[4208.230s][info][gc,start       ] GC(1139) Pause Young (Prepare Mixed) (G1 Evacuation Pause)
[4208.230s][info][gc,task        ] GC(1139) Using 6 workers of 6 for evacuation
[4208.350s][info][gc,phases      ] GC(1139)   Pre Evacuate Collection Set: 0.32ms
[4208.350s][info][gc,phases      ] GC(1139)   Merge Heap Roots: 0.50ms
[4208.350s][info][gc,phases      ] GC(1139)   Evacuate Collection Set: 117.82ms
[4208.350s][info][gc,phases      ] GC(1139)   Post Evacuate Collection Set: 0.93ms
[4208.350s][info][gc,phases      ] GC(1139)   Other: 0.09ms
[4208.350s][info][gc,heap        ] GC(1139) Eden regions: 1116->0(1107)
[4208.350s][info][gc,heap        ] GC(1139) Survivor regions: 112->111(154)
[4208.350s][info][gc,heap        ] GC(1139) Old regions: 505->536
[4208.350s][info][gc,heap        ] GC(1139) Humongous regions: 80->80
[4208.350s][info][gc,metaspace   ] GC(1139) Metaspace: 28935K(29312K)->28935K(29312K) NonClass: 24067K(24256K)->24067K(24256K) Class: 4868K(5056K)->4868K(5056K)
[4208.350s][info][gc             ] GC(1139) Pause Young (Prepare Mixed) (G1 Evacuation Pause) 3624M->1452M(4096M) 119.802ms
[4208.350s][info][gc,cpu         ] GC(1139) User=0.71s Sys=0.00s Real=0.12s
..[4210.679s][info][gc,start       ] GC(1140) Pause Young (Mixed) (G1 Evacuation Pause)
[4210.679s][info][gc,task        ] GC(1140) Using 6 workers of 6 for evacuation
[4210.811s][info][gc,phases      ] GC(1140)   Pre Evacuate Collection Set: 0.40ms
[4210.811s][info][gc,phases      ] GC(1140)   Merge Heap Roots: 0.61ms
[4210.811s][info][gc,phases      ] GC(1140)   Evacuate Collection Set: 129.79ms
[4210.811s][info][gc,phases      ] GC(1140)   Post Evacuate Collection Set: 0.97ms
[4210.811s][info][gc,phases      ] GC(1140)   Other: 0.09ms
[4210.811s][info][gc,heap        ] GC(1140) Eden regions: 1107->0(1120)
[4210.811s][info][gc,heap        ] GC(1140) Survivor regions: 111->108(153)
[4210.811s][info][gc,heap        ] GC(1140) Old regions: 536->475
[4210.811s][info][gc,heap        ] GC(1140) Humongous regions: 80->80
[4210.811s][info][gc,metaspace   ] GC(1140) Metaspace: 28935K(29312K)->28935K(29312K) NonClass: 24067K(24256K)->24067K(24256K) Class: 4868K(5056K)->4868K(5056K)
[4210.811s][info][gc             ] GC(1140) Pause Young (Mixed) (G1 Evacuation Pause) 3666M->1324M(4096M) 131.990ms
[4210.811s][info][gc,cpu         ] GC(1140) User=0.78s Sys=0.00s Real=0.13s
...[4213.314s][info][gc,start       ] GC(1141) Pause Young (Concurrent Start) (G1 Evacuation Pause)
[4213.314s][info][gc,task        ] GC(1141) Using 6 workers of 6 for evacuation
[4213.434s][info][gc,phases      ] GC(1141)   Pre Evacuate Collection Set: 0.39ms
[4213.434s][info][gc,phases      ] GC(1141)   Merge Heap Roots: 0.44ms
[4213.434s][info][gc,phases      ] GC(1141)   Evacuate Collection Set: 117.82ms
[4213.434s][info][gc,phases      ] GC(1141)   Post Evacuate Collection Set: 0.90ms
[4213.434s][info][gc,phases      ] GC(1141)   Other: 0.09ms
[4213.434s][info][gc,heap        ] GC(1141) Eden regions: 1120->0(1117)
[4213.434s][info][gc,heap        ] GC(1141) Survivor regions: 108->111(154)
[4213.434s][info][gc,heap        ] GC(1141) Old regions: 475->506
[4213.434s][info][gc,heap        ] GC(1141) Humongous regions: 80->80
[4213.434s][info][gc,metaspace   ] GC(1141) Metaspace: 28935K(29312K)->28935K(29312K) NonClass: 24067K(24256K)->24067K(24256K) Class: 4868K(5056K)->4868K(5056K)
[4213.434s][info][gc             ] GC(1141) Pause Young (Concurrent Start) (G1 Evacuation Pause) 3564M->1393M(4096M) 119.773ms
[4213.434s][info][gc             ] GC(1142) Concurrent Mark Cycle
[4213.434s][info][gc,marking     ] GC(1142) Concurrent Scan Root Regions
[4213.434s][info][gc,cpu         ] GC(1141) User=0.71s Sys=0.00s Real=0.12s
[4213.620s][info][gc,marking     ] GC(1142) Concurrent Scan Root Regions 185.831ms
[4213.620s][info][gc,marking     ] GC(1142) Concurrent Mark
[4213.620s][info][gc,marking     ] GC(1142) Concurrent Mark From Roots
[4213.620s][info][gc,task        ] GC(1142) Using 2 workers of 2 for marking
.[4214.569s][info][gc,marking     ] GC(1142) Concurrent Mark From Roots 949.412ms
[4214.569s][info][gc,marking     ] GC(1142) Concurrent Preclean
[4214.569s][info][gc,marking     ] GC(1142) Concurrent Preclean 0.112ms
[4214.570s][info][gc,start       ] GC(1142) Pause Remark
[4214.578s][info][gc             ] GC(1142) Pause Remark 2487M->2487M(4096M) 8.353ms
[4214.578s][info][gc,cpu         ] GC(1142) User=0.04s Sys=0.00s Real=0.01s
[4214.578s][info][gc,marking     ] GC(1142) Concurrent Mark 958.240ms
[4214.578s][info][gc,marking     ] GC(1142) Concurrent Rebuild Remembered Sets and Scrub Regions
[4214.941s][info][gc,marking     ] GC(1142) Concurrent Rebuild Remembered Sets and Scrub Regions 362.971ms
[4214.941s][info][gc,start       ] GC(1142) Pause Cleanup
[4214.941s][info][gc             ] GC(1142) Pause Cleanup 2857M->2857M(4096M) 0.118ms
[4214.941s][info][gc,cpu         ] GC(1142) User=0.00s Sys=0.00s Real=0.00s
[4214.942s][info][gc,marking     ] GC(1142) Concurrent Clear Claimed Marks
[4214.942s][info][gc,marking     ] GC(1142) Concurrent Clear Claimed Marks 0.029ms
[4214.942s][info][gc,marking     ] GC(1142) Concurrent Cleanup for Next Mark
[4214.947s][info][gc,marking     ] GC(1142) Concurrent Cleanup for Next Mark 5.105ms
[4214.947s][info][gc             ] GC(1142) Concurrent Mark Cycle 1513.043ms
.[4215.776s][info][gc,start       ] GC(1143) Pause Young (Prepare Mixed) (G1 Evacuation Pause)
[4215.776s][info][gc,task        ] GC(1143) Using 6 workers of 6 for evacuation
[4215.892s][info][gc,phases      ] GC(1143)   Pre Evacuate Collection Set: 0.34ms
[4215.892s][info][gc,phases      ] GC(1143)   Merge Heap Roots: 0.46ms
[4215.892s][info][gc,phases      ] GC(1143)   Evacuate Collection Set: 114.58ms
[4215.892s][info][gc,phases      ] GC(1143)   Post Evacuate Collection Set: 0.90ms
[4215.892s][info][gc,phases      ] GC(1143)   Other: 0.10ms
[4215.892s][info][gc,heap        ] GC(1143) Eden regions: 1117->0(1105)
[4215.892s][info][gc,heap        ] GC(1143) Survivor regions: 111->111(154)
[4215.892s][info][gc,heap        ] GC(1143) Old regions: 506->538
[4215.892s][info][gc,heap        ] GC(1143) Humongous regions: 80->80
[4215.892s][info][gc,metaspace   ] GC(1143) Metaspace: 28935K(29312K)->28935K(29312K) NonClass: 24067K(24256K)->24067K(24256K) Class: 4868K(5056K)->4868K(5056K)
[4215.892s][info][gc             ] GC(1143) Pause Young (Prepare Mixed) (G1 Evacuation Pause) 3627M->1455M(4096M) 116.531ms
[4215.892s][info][gc,cpu         ] GC(1143) User=0.69s Sys=0.01s Real=0.12s
...[4218.263s][info][gc,start       ] GC(1144) Pause Young (Mixed) (G1 Evacuation Pause)
[4218.263s][info][gc,task        ] GC(1144) Using 6 workers of 6 for evacuation
[4218.395s][info][gc,phases      ] GC(1144)   Pre Evacuate Collection Set: 0.37ms
[4218.395s][info][gc,phases      ] GC(1144)   Merge Heap Roots: 0.64ms
[4218.395s][info][gc,phases      ] GC(1144)   Evacuate Collection Set: 129.81ms
[4218.395s][info][gc,phases      ] GC(1144)   Post Evacuate Collection Set: 0.96ms
[4218.395s][info][gc,phases      ] GC(1144)   Other: 0.10ms
[4218.395s][info][gc,heap        ] GC(1144) Eden regions: 1105->0(1121)
[4218.395s][info][gc,heap        ] GC(1144) Survivor regions: 111->107(152)
[4218.395s][info][gc,heap        ] GC(1144) Old regions: 538->475
[4218.395s][info][gc,heap        ] GC(1144) Humongous regions: 80->80
[4218.395s][info][gc,metaspace   ] GC(1144) Metaspace: 28935K(29312K)->28935K(29312K) NonClass: 24067K(24256K)->24067K(24256K) Class: 4868K(5056K)->4868K(5056K)
[4218.395s][info][gc             ] GC(1144) Pause Young (Mixed) (G1 Evacuation Pause) 3665M->1321M(4096M) 132.011ms
[4218.395s][info][gc,cpu         ] GC(1144) User=0.78s Sys=0.00s Real=0.13s
..[4220.761s][info][gc,start       ] GC(1145) Pause Young (Concurrent Start) (G1 Evacuation Pause)
[4220.761s][info][gc,task        ] GC(1145) Using 6 workers of 6 for evacuation
[4220.880s][info][gc,phases      ] GC(1145)   Pre Evacuate Collection Set: 0.38ms
[4220.880s][info][gc,phases      ] GC(1145)   Merge Heap Roots: 0.49ms
[4220.880s][info][gc,phases      ] GC(1145)   Evacuate Collection Set: 116.79ms
[4220.880s][info][gc,phases      ] GC(1145)   Post Evacuate Collection Set: 0.91ms
[4220.880s][info][gc,phases      ] GC(1145)   Other: 0.12ms
[4220.880s][info][gc,heap        ] GC(1145) Eden regions: 1121->0(1117)
[4220.880s][info][gc,heap        ] GC(1145) Survivor regions: 107->111(154)
[4220.880s][info][gc,heap        ] GC(1145) Old regions: 475->506
[4220.880s][info][gc,heap        ] GC(1145) Humongous regions: 80->80
[4220.880s][info][gc,metaspace   ] GC(1145) Metaspace: 28935K(29312K)->28935K(29312K) NonClass: 24067K(24256K)->24067K(24256K) Class: 4868K(5056K)->4868K(5056K)
[4220.880s][info][gc             ] GC(1145) Pause Young (Concurrent Start) (G1 Evacuation Pause) 3563M->1392M(4096M) 118.831ms
[4220.880s][info][gc             ] GC(1146) Concurrent Mark Cycle
[4220.880s][info][gc,marking     ] GC(1146) Concurrent Scan Root Regions
[4220.880s][info][gc,cpu         ] GC(1145) User=0.70s Sys=0.00s Real=0.12s
[4221.079s][info][gc,marking     ] GC(1146) Concurrent Scan Root Regions 199.155ms
[4221.079s][info][gc,marking     ] GC(1146) Concurrent Mark
[4221.079s][info][gc,marking     ] GC(1146) Concurrent Mark From Roots
[4221.079s][info][gc,task        ] GC(1146) Using 2 workers of 2 for marking
.[4222.048s][info][gc,marking     ] GC(1146) Concurrent Mark From Roots 968.909ms
[4222.048s][info][gc,marking     ] GC(1146) Concurrent Preclean
[4222.048s][info][gc,marking     ] GC(1146) Concurrent Preclean 0.138ms
[4222.049s][info][gc,start       ] GC(1146) Pause Remark
[4222.055s][info][gc             ] GC(1146) Pause Remark 2486M->2486M(4096M) 5.933ms
[4222.055s][info][gc,cpu         ] GC(1146) User=0.03s Sys=0.00s Real=0.01s
[4222.056s][info][gc,marking     ] GC(1146) Concurrent Mark 976.797ms
[4222.056s][info][gc,marking     ] GC(1146) Concurrent Rebuild Remembered Sets and Scrub Regions
.[4222.456s][info][gc,marking     ] GC(1146) Concurrent Rebuild Remembered Sets and Scrub Regions 399.922ms
[4222.456s][info][gc,start       ] GC(1146) Pause Cleanup
[4222.456s][info][gc             ] GC(1146) Pause Cleanup 2849M->2849M(4096M) 0.117ms
[4222.456s][info][gc,cpu         ] GC(1146) User=0.00s Sys=0.00s Real=0.00s
[4222.456s][info][gc,marking     ] GC(1146) Concurrent Clear Claimed Marks
[4222.456s][info][gc,marking     ] GC(1146) Concurrent Clear Claimed Marks 0.030ms
[4222.456s][info][gc,marking     ] GC(1146) Concurrent Cleanup for Next Mark
[4222.460s][info][gc,marking     ] GC(1146) Concurrent Cleanup for Next Mark 3.714ms
[4222.460s][info][gc             ] GC(1146) Concurrent Mark Cycle 1580.139ms
.[4223.276s][info][gc,start       ] GC(1147) Pause Young (Prepare Mixed) (G1 Evacuation Pause)
[4223.276s][info][gc,task        ] GC(1147) Using 6 workers of 6 for evacuation
[4223.393s][info][gc,phases      ] GC(1147)   Pre Evacuate Collection Set: 0.31ms
[4223.393s][info][gc,phases      ] GC(1147)   Merge Heap Roots: 0.49ms
[4223.393s][info][gc,phases      ] GC(1147)   Evacuate Collection Set: 114.54ms
[4223.393s][info][gc,phases      ] GC(1147)   Post Evacuate Collection Set: 0.93ms
[4223.393s][info][gc,phases      ] GC(1147)   Other: 0.10ms
[4223.393s][info][gc,heap        ] GC(1147) Eden regions: 1117->0(1110)
[4223.393s][info][gc,heap        ] GC(1147) Survivor regions: 111->108(154)
[4223.393s][info][gc,heap        ] GC(1147) Old regions: 506->539
[4223.393s][info][gc,heap        ] GC(1147) Humongous regions: 80->80
[4223.393s][info][gc,metaspace   ] GC(1147) Metaspace: 28935K(29312K)->28935K(29312K) NonClass: 24067K(24256K)->24067K(24256K) Class: 4868K(5056K)->4868K(5056K)
[4223.393s][info][gc             ] GC(1147) Pause Young (Prepare Mixed) (G1 Evacuation Pause) 3626M->1451M(4096M) 116.519ms
[4223.393s][info][gc,cpu         ] GC(1147) User=0.69s Sys=0.00s Real=0.12s
..[4225.763s][info][gc,start       ] GC(1148) Pause Young (Mixed) (G1 Evacuation Pause)
[4225.763s][info][gc,task        ] GC(1148) Using 6 workers of 6 for evacuation
[4225.896s][info][gc,phases      ] GC(1148)   Pre Evacuate Collection Set: 0.37ms
[4225.896s][info][gc,phases      ] GC(1148)   Merge Heap Roots: 0.60ms
[4225.896s][info][gc,phases      ] GC(1148)   Evacuate Collection Set: 131.44ms
[4225.896s][info][gc,phases      ] GC(1148)   Post Evacuate Collection Set: 0.92ms
[4225.896s][info][gc,phases      ] GC(1148)   Other: 0.09ms
[4225.896s][info][gc,heap        ] GC(1148) Eden regions: 1110->0(1119)
[4225.896s][info][gc,heap        ] GC(1148) Survivor regions: 108->109(153)
[4225.896s][info][gc,heap        ] GC(1148) Old regions: 539->475
[4225.896s][info][gc,heap        ] GC(1148) Humongous regions: 80->80
[4225.896s][info][gc,metaspace   ] GC(1148) Metaspace: 28935K(29312K)->28935K(29312K) NonClass: 24067K(24256K)->24067K(24256K) Class: 4868K(5056K)->4868K(5056K)
[4225.896s][info][gc             ] GC(1148) Pause Young (Mixed) (G1 Evacuation Pause) 3671M->1326M(4096M) 133.559ms
[4225.896s][info][gc,cpu         ] GC(1148) User=0.79s Sys=0.00s Real=0.13s
...[4228.331s][info][gc,start       ] GC(1149) Pause Young (Concurrent Start) (G1 Evacuation Pause)
[4228.331s][info][gc,task        ] GC(1149) Using 6 workers of 6 for evacuation
[4228.452s][info][gc,phases      ] GC(1149)   Pre Evacuate Collection Set: 0.37ms
[4228.452s][info][gc,phases      ] GC(1149)   Merge Heap Roots: 0.45ms
[4228.452s][info][gc,phases      ] GC(1149)   Evacuate Collection Set: 118.74ms
[4228.452s][info][gc,phases      ] GC(1149)   Post Evacuate Collection Set: 0.89ms
[4228.452s][info][gc,phases      ] GC(1149)   Other: 0.10ms
[4228.452s][info][gc,heap        ] GC(1149) Eden regions: 1119->0(1117)
[4228.452s][info][gc,heap        ] GC(1149) Survivor regions: 109->111(154)
[4228.452s][info][gc,heap        ] GC(1149) Old regions: 475->507
[4228.452s][info][gc,heap        ] GC(1149) Humongous regions: 80->80
[4228.452s][info][gc,metaspace   ] GC(1149) Metaspace: 28935K(29312K)->28935K(29312K) NonClass: 24067K(24256K)->24067K(24256K) Class: 4868K(5056K)->4868K(5056K)
[4228.452s][info][gc             ] GC(1149) Pause Young (Concurrent Start) (G1 Evacuation Pause) 3564M->1394M(4096M) 120.684ms
[4228.452s][info][gc             ] GC(1150) Concurrent Mark Cycle
[4228.452s][info][gc,marking     ] GC(1150) Concurrent Scan Root Regions
[4228.452s][info][gc,cpu         ] GC(1149) User=0.71s Sys=0.00s Real=0.12s
[4228.669s][info][gc,marking     ] GC(1150) Concurrent Scan Root Regions 216.730ms
[4228.669s][info][gc,marking     ] GC(1150) Concurrent Mark
[4228.669s][info][gc,marking     ] GC(1150) Concurrent Mark From Roots
[4228.669s][info][gc,task        ] GC(1150) Using 2 workers of 2 for marking
.[4229.719s][info][gc,marking     ] GC(1150) Concurrent Mark From Roots 1050.201ms
[4229.719s][info][gc,marking     ] GC(1150) Concurrent Preclean
[4229.719s][info][gc,marking     ] GC(1150) Concurrent Preclean 0.143ms
[4229.723s][info][gc,start       ] GC(1150) Pause Remark
[4229.730s][info][gc             ] GC(1150) Pause Remark 2590M->2590M(4096M) 6.869ms
[4229.730s][info][gc,cpu         ] GC(1150) User=0.04s Sys=0.00s Real=0.00s
[4229.730s][info][gc,marking     ] GC(1150) Concurrent Mark 1061.720ms
[4229.730s][info][gc,marking     ] GC(1150) Concurrent Rebuild Remembered Sets and Scrub Regions
.[4230.110s][info][gc,marking     ] GC(1150) Concurrent Rebuild Remembered Sets and Scrub Regions 379.936ms
[4230.111s][info][gc,start       ] GC(1150) Pause Cleanup
[4230.111s][info][gc             ] GC(1150) Pause Cleanup 2981M->2981M(4096M) 0.107ms
[4230.111s][info][gc,cpu         ] GC(1150) User=0.00s Sys=0.00s Real=0.00s
[4230.111s][info][gc,marking     ] GC(1150) Concurrent Clear Claimed Marks
[4230.111s][info][gc,marking     ] GC(1150) Concurrent Clear Claimed Marks 0.021ms
[4230.111s][info][gc,marking     ] GC(1150) Concurrent Cleanup for Next Mark
[4230.114s][info][gc,marking     ] GC(1150) Concurrent Cleanup for Next Mark 3.497ms
[4230.114s][info][gc             ] GC(1150) Concurrent Mark Cycle 1662.330ms
[4230.839s][info][gc,start       ] GC(1151) Pause Young (Prepare Mixed) (G1 Evacuation Pause)
[4230.840s][info][gc,task        ] GC(1151) Using 6 workers of 6 for evacuation
[4230.960s][info][gc,phases      ] GC(1151)   Pre Evacuate Collection Set: 0.33ms
[4230.960s][info][gc,phases      ] GC(1151)   Merge Heap Roots: 0.51ms
[4230.960s][info][gc,phases      ] GC(1151)   Evacuate Collection Set: 118.76ms
[4230.960s][info][gc,phases      ] GC(1151)   Post Evacuate Collection Set: 0.90ms
[4230.960s][info][gc,phases      ] GC(1151)   Other: 0.09ms
[4230.960s][info][gc,heap        ] GC(1151) Eden regions: 1117->0(1102)
[4230.960s][info][gc,heap        ] GC(1151) Survivor regions: 111->112(154)
[4230.960s][info][gc,heap        ] GC(1151) Old regions: 507->539
[4230.960s][info][gc,heap        ] GC(1151) Humongous regions: 80->80
[4230.960s][info][gc,metaspace   ] GC(1151) Metaspace: 28935K(29312K)->28935K(29312K) NonClass: 24067K(24256K)->24067K(24256K) Class: 4868K(5056K)->4868K(5056K)
[4230.960s][info][gc             ] GC(1151) Pause Young (Prepare Mixed) (G1 Evacuation Pause) 3628M->1460M(4096M) 120.725ms
[4230.960s][info][gc,cpu         ] GC(1151) User=0.72s Sys=0.00s Real=0.12s
... (rIR:aIR:PR = 7472:7491:7490) (tPR = 111403) [OK] 
  4232s: Performance info:
         Transaction,    Success,    Partial,     Failed,   Receipts, AvgBarcode, 
             Overall,     455946,          0,          0,     433224,      59.47, 
         Response times:
             Request,    Success,    Partial,     Failed,   SkipFail,     Probes,    Samples,      min,      p50,      p90,      p95,      p99,      max, 
       TotalPurchase,     433227,          0,          0,          0,     358995,     406020,      300,     6700,    93000,   141000,   217000,   410000,
     InStorePurchase,     228063,          0,          0,          0,     188593,     213429,      300,     6800,    92000,   141000,   216000,   410000,
      OnlinePurchase,     159448,          0,          0,          0,     132538,     149723,      300,     6600,    94000,   142000,   220000,   387000,
        InstPurchase,      45716,          0,          0,          0,      37864,      42868,      400,     6500,    91000,   141000,   219000,   402000,
          AssocOfCat,        456,          0,          0,          0,        375,        492,    26000,    40000,   139700,   181350,   281350,   377000,
      AssocOfProduct,       4549,          0,          0,          0,       4176,       4870,      900,     5200,    86000,   134000,   218000,   329000,
      BusinessReport,       1130,          0,          0,          0,        979,       1205,    29000,    49000,   175000,   228400,   289760,   370000,
          CustBuyBeh,       4545,          0,          0,          0,       4178,       4856,      300,     6000,    94000,   154000,   220430,   338000,
       ProductReturn,      12045,          0,          0,          0,      10174,      11758,      300,     7000,    98000,   145050,   217000,   347000,

  4232s: (55%)   IR =   7610 [4233.361s][info][gc,start       ] GC(1152) Pause Young (Mixed) (G1 Evacuation Pause)
[4233.361s][info][gc,task        ] GC(1152) Using 6 workers of 6 for evacuation
[4233.492s][info][gc,phases      ] GC(1152)   Pre Evacuate Collection Set: 0.39ms
[4233.492s][info][gc,phases      ] GC(1152)   Merge Heap Roots: 0.64ms
[4233.492s][info][gc,phases      ] GC(1152)   Evacuate Collection Set: 129.40ms
[4233.492s][info][gc,phases      ] GC(1152)   Post Evacuate Collection Set: 0.95ms
[4233.492s][info][gc,phases      ] GC(1152)   Other: 0.09ms
[4233.493s][info][gc,heap        ] GC(1152) Eden regions: 1102->0(1120)
[4233.493s][info][gc,heap        ] GC(1152) Survivor regions: 112->108(152)
[4233.493s][info][gc,heap        ] GC(1152) Old regions: 539->475
[4233.493s][info][gc,heap        ] GC(1152) Humongous regions: 80->80
[4233.493s][info][gc,metaspace   ] GC(1152) Metaspace: 28935K(29312K)->28935K(29312K) NonClass: 24067K(24256K)->24067K(24256K) Class: 4868K(5056K)->4868K(5056K)
[4233.493s][info][gc             ] GC(1152) Pause Young (Mixed) (G1 Evacuation Pause) 3664M->1324M(4096M) 131.597ms
[4233.493s][info][gc,cpu         ] GC(1152) User=0.78s Sys=0.00s Real=0.14s
..[4235.805s][info][gc,start       ] GC(1153) Pause Young (Concurrent Start) (G1 Evacuation Pause)
[4235.805s][info][gc,task        ] GC(1153) Using 6 workers of 6 for evacuation
[4235.926s][info][gc,phases      ] GC(1153)   Pre Evacuate Collection Set: 0.39ms
[4235.926s][info][gc,phases      ] GC(1153)   Merge Heap Roots: 0.44ms
[4235.926s][info][gc,phases      ] GC(1153)   Evacuate Collection Set: 119.02ms
[4235.926s][info][gc,phases      ] GC(1153)   Post Evacuate Collection Set: 0.89ms
[4235.926s][info][gc,phases      ] GC(1153)   Other: 0.13ms
[4235.926s][info][gc,heap        ] GC(1153) Eden regions: 1120->0(1116)
[4235.926s][info][gc,heap        ] GC(1153) Survivor regions: 108->112(154)
[4235.926s][info][gc,heap        ] GC(1153) Old regions: 475->507
[4235.926s][info][gc,heap        ] GC(1153) Humongous regions: 80->80
[4235.926s][info][gc,metaspace   ] GC(1153) Metaspace: 28935K(29312K)->28935K(29312K) NonClass: 24067K(24256K)->24067K(24256K) Class: 4868K(5056K)->4868K(5056K)
[4235.926s][info][gc             ] GC(1153) Pause Young (Concurrent Start) (G1 Evacuation Pause) 3564M->1397M(4096M) 120.996ms
[4235.926s][info][gc             ] GC(1154) Concurrent Mark Cycle
[4235.926s][info][gc,marking     ] GC(1154) Concurrent Scan Root Regions
[4235.926s][info][gc,cpu         ] GC(1153) User=0.71s Sys=0.00s Real=0.12s
[4236.109s][info][gc,marking     ] GC(1154) Concurrent Scan Root Regions 183.210ms
[4236.109s][info][gc,marking     ] GC(1154) Concurrent Mark
[4236.109s][info][gc,marking     ] GC(1154) Concurrent Mark From Roots
[4236.109s][info][gc,task        ] GC(1154) Using 2 workers of 2 for marking
.[4237.069s][info][gc,marking     ] GC(1154) Concurrent Mark From Roots 959.330ms
[4237.069s][info][gc,marking     ] GC(1154) Concurrent Preclean
[4237.069s][info][gc,marking     ] GC(1154) Concurrent Preclean 0.161ms
[4237.069s][info][gc,start       ] GC(1154) Pause Remark
[4237.076s][info][gc             ] GC(1154) Pause Remark 2487M->2487M(4096M) 6.733ms
[4237.076s][info][gc,cpu         ] GC(1154) User=0.03s Sys=0.00s Real=0.01s
[4237.076s][info][gc,marking     ] GC(1154) Concurrent Mark 967.151ms
[4237.076s][info][gc,marking     ] GC(1154) Concurrent Rebuild Remembered Sets and Scrub Regions
.[4237.440s][info][gc,marking     ] GC(1154) Concurrent Rebuild Remembered Sets and Scrub Regions 364.008ms
[4237.441s][info][gc,start       ] GC(1154) Pause Cleanup
[4237.441s][info][gc             ] GC(1154) Pause Cleanup 2803M->2803M(4096M) 0.117ms
[4237.441s][info][gc,cpu         ] GC(1154) User=0.00s Sys=0.00s Real=0.00s
[4237.443s][info][gc,marking     ] GC(1154) Concurrent Clear Claimed Marks
[4237.443s][info][gc,marking     ] GC(1154) Concurrent Clear Claimed Marks 0.069ms
[4237.443s][info][gc,marking     ] GC(1154) Concurrent Cleanup for Next Mark
[4237.455s][info][gc,marking     ] GC(1154) Concurrent Cleanup for Next Mark 11.504ms
[4237.455s][info][gc             ] GC(1154) Concurrent Mark Cycle 1529.074ms
.[4238.251s][info][gc,start       ] GC(1155) Pause Young (Prepare Mixed) (G1 Evacuation Pause)
[4238.251s][info][gc,task        ] GC(1155) Using 6 workers of 6 for evacuation
[4238.369s][info][gc,phases      ] GC(1155)   Pre Evacuate Collection Set: 0.36ms
[4238.369s][info][gc,phases      ] GC(1155)   Merge Heap Roots: 0.50ms
[4238.369s][info][gc,phases      ] GC(1155)   Evacuate Collection Set: 116.38ms
[4238.369s][info][gc,phases      ] GC(1155)   Post Evacuate Collection Set: 0.95ms
[4238.369s][info][gc,phases      ] GC(1155)   Other: 0.09ms
[4238.369s][info][gc,heap        ] GC(1155) Eden regions: 1116->0(1108)
[4238.369s][info][gc,heap        ] GC(1155) Survivor regions: 112->109(154)
[4238.369s][info][gc,heap        ] GC(1155) Old regions: 507->539
[4238.369s][info][gc,heap        ] GC(1155) Humongous regions: 80->80
[4238.369s][info][gc,metaspace   ] GC(1155) Metaspace: 28935K(29312K)->28935K(29312K) NonClass: 24067K(24256K)->24067K(24256K) Class: 4868K(5056K)->4868K(5056K)
[4238.369s][info][gc             ] GC(1155) Pause Young (Prepare Mixed) (G1 Evacuation Pause) 3629M->1453M(4096M) 118.417ms
[4238.369s][info][gc,cpu         ] GC(1155) User=0.70s Sys=0.00s Real=0.12s
..[4240.784s][info][gc,start       ] GC(1156) Pause Young (Mixed) (G1 Evacuation Pause)
[4240.784s][info][gc,task        ] GC(1156) Using 6 workers of 6 for evacuation
[4240.922s][info][gc,phases      ] GC(1156)   Pre Evacuate Collection Set: 0.37ms
[4240.922s][info][gc,phases      ] GC(1156)   Merge Heap Roots: 0.69ms
[4240.922s][info][gc,phases      ] GC(1156)   Evacuate Collection Set: 135.98ms
[4240.922s][info][gc,phases      ] GC(1156)   Post Evacuate Collection Set: 0.97ms
[4240.922s][info][gc,phases      ] GC(1156)   Other: 0.09ms
[4240.922s][info][gc,heap        ] GC(1156) Eden regions: 1108->0(1115)
[4240.922s][info][gc,heap        ] GC(1156) Survivor regions: 109->113(153)
[4240.922s][info][gc,heap        ] GC(1156) Old regions: 539->474
[4240.922s][info][gc,heap        ] GC(1156) Humongous regions: 80->80
[4240.922s][info][gc,metaspace   ] GC(1156) Metaspace: 28935K(29312K)->28935K(29312K) NonClass: 24067K(24256K)->24067K(24256K) Class: 4868K(5056K)->4868K(5056K)
[4240.922s][info][gc             ] GC(1156) Pause Young (Mixed) (G1 Evacuation Pause) 3669M->1332M(4096M) 138.244ms
[4240.922s][info][gc,cpu         ] GC(1156) User=0.82s Sys=0.00s Real=0.14s
.|..[4243.252s][info][gc,start       ] GC(1157) Pause Young (Concurrent Start) (G1 Evacuation Pause)
[4243.252s][info][gc,task        ] GC(1157) Using 6 workers of 6 for evacuation
[4243.367s][info][gc,phases      ] GC(1157)   Pre Evacuate Collection Set: 0.37ms
[4243.367s][info][gc,phases      ] GC(1157)   Merge Heap Roots: 0.43ms
[4243.367s][info][gc,phases      ] GC(1157)   Evacuate Collection Set: 112.98ms
[4243.367s][info][gc,phases      ] GC(1157)   Post Evacuate Collection Set: 0.88ms
[4243.367s][info][gc,phases      ] GC(1157)   Other: 0.10ms
[4243.367s][info][gc,heap        ] GC(1157) Eden regions: 1115->0(1120)
[4243.367s][info][gc,heap        ] GC(1157) Survivor regions: 113->108(154)
[4243.367s][info][gc,heap        ] GC(1157) Old regions: 474->506
[4243.367s][info][gc,heap        ] GC(1157) Humongous regions: 80->80
[4243.367s][info][gc,metaspace   ] GC(1157) Metaspace: 28935K(29312K)->28935K(29312K) NonClass: 24067K(24256K)->24067K(24256K) Class: 4868K(5056K)->4868K(5056K)
[4243.367s][info][gc             ] GC(1157) Pause Young (Concurrent Start) (G1 Evacuation Pause) 3562M->1386M(4096M) 114.890ms
[4243.367s][info][gc             ] GC(1158) Concurrent Mark Cycle
[4243.367s][info][gc,marking     ] GC(1158) Concurrent Scan Root Regions
[4243.367s][info][gc,cpu         ] GC(1157) User=0.68s Sys=0.00s Real=0.11s
[4243.549s][info][gc,marking     ] GC(1158) Concurrent Scan Root Regions 181.454ms
[4243.549s][info][gc,marking     ] GC(1158) Concurrent Mark
[4243.549s][info][gc,marking     ] GC(1158) Concurrent Mark From Roots
[4243.549s][info][gc,task        ] GC(1158) Using 2 workers of 2 for marking
.[4244.518s][info][gc,marking     ] GC(1158) Concurrent Mark From Roots 968.912ms
[4244.518s][info][gc,marking     ] GC(1158) Concurrent Preclean
[4244.518s][info][gc,marking     ] GC(1158) Concurrent Preclean 0.107ms
[4244.520s][info][gc,start       ] GC(1158) Pause Remark
[4244.526s][info][gc             ] GC(1158) Pause Remark 2438M->2438M(4096M) 6.107ms
[4244.526s][info][gc,cpu         ] GC(1158) User=0.03s Sys=0.00s Real=0.01s
[4244.527s][info][gc,marking     ] GC(1158) Concurrent Mark 977.834ms
[4244.527s][info][gc,marking     ] GC(1158) Concurrent Rebuild Remembered Sets and Scrub Regions
[4244.890s][info][gc,marking     ] GC(1158) Concurrent Rebuild Remembered Sets and Scrub Regions 363.065ms
[4244.890s][info][gc,start       ] GC(1158) Pause Cleanup
[4244.890s][info][gc             ] GC(1158) Pause Cleanup 2798M->2798M(4096M) 0.107ms
[4244.890s][info][gc,cpu         ] GC(1158) User=0.00s Sys=0.00s Real=0.00s
[4244.890s][info][gc,marking     ] GC(1158) Concurrent Clear Claimed Marks
[4244.890s][info][gc,marking     ] GC(1158) Concurrent Clear Claimed Marks 0.025ms
[4244.890s][info][gc,marking     ] GC(1158) Concurrent Cleanup for Next Mark
[4244.896s][info][gc,marking     ] GC(1158) Concurrent Cleanup for Next Mark 6.402ms
[4244.896s][info][gc             ] GC(1158) Concurrent Mark Cycle 1529.268ms
.[4245.781s][info][gc,start       ] GC(1159) Pause Young (Prepare Mixed) (G1 Evacuation Pause)
[4245.781s][info][gc,task        ] GC(1159) Using 6 workers of 6 for evacuation
[4245.902s][info][gc,phases      ] GC(1159)   Pre Evacuate Collection Set: 0.32ms
[4245.902s][info][gc,phases      ] GC(1159)   Merge Heap Roots: 0.51ms
[4245.902s][info][gc,phases      ] GC(1159)   Evacuate Collection Set: 119.16ms
[4245.902s][info][gc,phases      ] GC(1159)   Post Evacuate Collection Set: 0.93ms
[4245.902s][info][gc,phases      ] GC(1159)   Other: 0.09ms
[4245.902s][info][gc,heap        ] GC(1159) Eden regions: 1120->0(1100)
[4245.902s][info][gc,heap        ] GC(1159) Survivor regions: 108->114(154)
[4245.902s][info][gc,heap        ] GC(1159) Old regions: 506->537
[4245.902s][info][gc,heap        ] GC(1159) Humongous regions: 80->80
[4245.902s][info][gc,metaspace   ] GC(1159) Metaspace: 28935K(29312K)->28935K(29312K) NonClass: 24067K(24256K)->24067K(24256K) Class: 4868K(5056K)->4868K(5056K)
[4245.902s][info][gc             ] GC(1159) Pause Young (Prepare Mixed) (G1 Evacuation Pause) 3626M->1460M(4096M) 121.161ms
[4245.902s][info][gc,cpu         ] GC(1159) User=0.72s Sys=0.00s Real=0.12s
..[4248.137s][info][gc,start       ] GC(1160) Pause Young (Mixed) (G1 Evacuation Pause)
[4248.137s][info][gc,task        ] GC(1160) Using 6 workers of 6 for evacuation
[4248.270s][info][gc,phases      ] GC(1160)   Pre Evacuate Collection Set: 0.37ms
[4248.270s][info][gc,phases      ] GC(1160)   Merge Heap Roots: 0.58ms
[4248.270s][info][gc,phases      ] GC(1160)   Evacuate Collection Set: 130.70ms
[4248.270s][info][gc,phases      ] GC(1160)   Post Evacuate Collection Set: 0.96ms
[4248.270s][info][gc,phases      ] GC(1160)   Other: 0.09ms
[4248.270s][info][gc,heap        ] GC(1160) Eden regions: 1100->0(1119)
[4248.270s][info][gc,heap        ] GC(1160) Survivor regions: 114->109(152)
[4248.270s][info][gc,heap        ] GC(1160) Old regions: 537->472
[4248.270s][info][gc,heap        ] GC(1160) Humongous regions: 80->80
[4248.270s][info][gc,metaspace   ] GC(1160) Metaspace: 28935K(29312K)->28935K(29312K) NonClass: 24067K(24256K)->24067K(24256K) Class: 4868K(5056K)->4868K(5056K)
[4248.270s][info][gc             ] GC(1160) Pause Young (Mixed) (G1 Evacuation Pause) 3660M->1320M(4096M) 132.857ms
[4248.270s][info][gc,cpu         ] GC(1160) User=0.79s Sys=0.00s Real=0.13s
...[4250.641s][info][gc,start       ] GC(1161) Pause Young (Concurrent Start) (G1 Evacuation Pause)
[4250.641s][info][gc,task        ] GC(1161) Using 6 workers of 6 for evacuation
[4250.761s][info][gc,phases      ] GC(1161)   Pre Evacuate Collection Set: 0.36ms
[4250.761s][info][gc,phases      ] GC(1161)   Merge Heap Roots: 0.41ms
[4250.761s][info][gc,phases      ] GC(1161)   Evacuate Collection Set: 118.73ms
[4250.761s][info][gc,phases      ] GC(1161)   Post Evacuate Collection Set: 0.90ms
[4250.761s][info][gc,phases      ] GC(1161)   Other: 0.11ms
[4250.761s][info][gc,heap        ] GC(1161) Eden regions: 1119->0(1116)
[4250.761s][info][gc,heap        ] GC(1161) Survivor regions: 109->112(154)
[4250.761s][info][gc,heap        ] GC(1161) Old regions: 472->505
[4250.761s][info][gc,heap        ] GC(1161) Humongous regions: 80->80
[4250.761s][info][gc,metaspace   ] GC(1161) Metaspace: 28935K(29312K)->28935K(29312K) NonClass: 24067K(24256K)->24067K(24256K) Class: 4868K(5056K)->4868K(5056K)
[4250.762s][info][gc             ] GC(1161) Pause Young (Concurrent Start) (G1 Evacuation Pause) 3558M->1392M(4096M) 120.652ms
[4250.762s][info][gc             ] GC(1162) Concurrent Mark Cycle
[4250.762s][info][gc,marking     ] GC(1162) Concurrent Scan Root Regions
[4250.762s][info][gc,cpu         ] GC(1161) User=0.71s Sys=0.00s Real=0.12s
[4250.913s][info][gc,marking     ] GC(1162) Concurrent Scan Root Regions 151.624ms
[4250.913s][info][gc,marking     ] GC(1162) Concurrent Mark
[4250.913s][info][gc,marking     ] GC(1162) Concurrent Mark From Roots
[4250.913s][info][gc,task        ] GC(1162) Using 2 workers of 2 for marking
.[4251.617s][info][gc,marking     ] GC(1162) Concurrent Mark From Roots 703.646ms
[4251.617s][info][gc,marking     ] GC(1162) Concurrent Preclean
[4251.617s][info][gc,marking     ] GC(1162) Concurrent Preclean 0.090ms
[4251.618s][info][gc,start       ] GC(1162) Pause Remark
[4251.623s][info][gc             ] GC(1162) Pause Remark 2138M->2138M(4096M) 4.980ms
[4251.624s][info][gc,cpu         ] GC(1162) User=0.02s Sys=0.01s Real=0.01s
[4251.624s][info][gc,marking     ] GC(1162) Concurrent Mark 710.395ms
[4251.624s][info][gc,marking     ] GC(1162) Concurrent Rebuild Remembered Sets and Scrub Regions
[4251.892s][info][gc,marking     ] GC(1162) Concurrent Rebuild Remembered Sets and Scrub Regions 268.769ms
[4251.893s][info][gc,start       ] GC(1162) Pause Cleanup
[4251.893s][info][gc             ] GC(1162) Pause Cleanup 2413M->2413M(4096M) 0.105ms
[4251.893s][info][gc,cpu         ] GC(1162) User=0.00s Sys=0.00s Real=0.00s
[4251.893s][info][gc,marking     ] GC(1162) Concurrent Clear Claimed Marks
[4251.893s][info][gc,marking     ] GC(1162) Concurrent Clear Claimed Marks 0.020ms
[4251.893s][info][gc,marking     ] GC(1162) Concurrent Cleanup for Next Mark
[4251.898s][info][gc,marking     ] GC(1162) Concurrent Cleanup for Next Mark 5.125ms
[4251.898s][info][gc             ] GC(1162) Concurrent Mark Cycle 1136.348ms
.[4253.185s][info][gc,start       ] GC(1163) Pause Young (Prepare Mixed) (G1 Evacuation Pause)
[4253.185s][info][gc,task        ] GC(1163) Using 6 workers of 6 for evacuation
[4253.302s][info][gc,phases      ] GC(1163)   Pre Evacuate Collection Set: 0.34ms
[4253.302s][info][gc,phases      ] GC(1163)   Merge Heap Roots: 0.49ms
[4253.302s][info][gc,phases      ] GC(1163)   Evacuate Collection Set: 114.62ms
[4253.302s][info][gc,phases      ] GC(1163)   Post Evacuate Collection Set: 0.94ms
[4253.302s][info][gc,phases      ] GC(1163)   Other: 0.08ms
[4253.302s][info][gc,heap        ] GC(1163) Eden regions: 1116->0(1113)
[4253.302s][info][gc,heap        ] GC(1163) Survivor regions: 112->108(154)
[4253.302s][info][gc,heap        ] GC(1163) Old regions: 505->536
[4253.302s][info][gc,heap        ] GC(1163) Humongous regions: 80->80
[4253.302s][info][gc,metaspace   ] GC(1163) Metaspace: 28935K(29312K)->28935K(29312K) NonClass: 24067K(24256K)->24067K(24256K) Class: 4868K(5056K)->4868K(5056K)
[4253.302s][info][gc             ] GC(1163) Pause Young (Prepare Mixed) (G1 Evacuation Pause) 3624M->1445M(4096M) 116.607ms
[4253.302s][info][gc,cpu         ] GC(1163) User=0.69s Sys=0.00s Real=0.11s
...[4255.607s][info][gc,start       ] GC(1164) Pause Young (Mixed) (G1 Evacuation Pause)
[4255.608s][info][gc,task        ] GC(1164) Using 6 workers of 6 for evacuation
[4255.742s][info][gc,phases      ] GC(1164)   Pre Evacuate Collection Set: 0.39ms
[4255.742s][info][gc,phases      ] GC(1164)   Merge Heap Roots: 0.69ms
[4255.742s][info][gc,phases      ] GC(1164)   Evacuate Collection Set: 132.07ms
[4255.742s][info][gc,phases      ] GC(1164)   Post Evacuate Collection Set: 0.95ms
[4255.742s][info][gc,phases      ] GC(1164)   Other: 0.09ms
[4255.742s][info][gc,heap        ] GC(1164) Eden regions: 1113->0(1117)
[4255.742s][info][gc,heap        ] GC(1164) Survivor regions: 108->111(153)
[4255.742s][info][gc,heap        ] GC(1164) Old regions: 536->473
[4255.742s][info][gc,heap        ] GC(1164) Humongous regions: 80->80
[4255.742s][info][gc,metaspace   ] GC(1164) Metaspace: 28935K(29312K)->28935K(29312K) NonClass: 24067K(24256K)->24067K(24256K) Class: 4868K(5056K)->4868K(5056K)
[4255.742s][info][gc             ] GC(1164) Pause Young (Mixed) (G1 Evacuation Pause) 3671M->1326M(4096M) 134.368ms
[4255.742s][info][gc,cpu         ] GC(1164) User=0.80s Sys=0.00s Real=0.13s
..[4258.056s][info][gc,start       ] GC(1165) Pause Young (Concurrent Start) (G1 Evacuation Pause)
[4258.056s][info][gc,task        ] GC(1165) Using 6 workers of 6 for evacuation
[4258.174s][info][gc,phases      ] GC(1165)   Pre Evacuate Collection Set: 0.39ms
[4258.174s][info][gc,phases      ] GC(1165)   Merge Heap Roots: 0.46ms
[4258.174s][info][gc,phases      ] GC(1165)   Evacuate Collection Set: 116.45ms
[4258.174s][info][gc,phases      ] GC(1165)   Post Evacuate Collection Set: 0.89ms
[4258.174s][info][gc,phases      ] GC(1165)   Other: 0.09ms
[4258.174s][info][gc,heap        ] GC(1165) Eden regions: 1117->0(1117)
[4258.174s][info][gc,heap        ] GC(1165) Survivor regions: 111->111(154)
[4258.174s][info][gc,heap        ] GC(1165) Old regions: 473->506
[4258.174s][info][gc,heap        ] GC(1165) Humongous regions: 80->80
[4258.174s][info][gc,metaspace   ] GC(1165) Metaspace: 28935K(29312K)->28935K(29312K) NonClass: 24067K(24256K)->24067K(24256K) Class: 4868K(5056K)->4868K(5056K)
[4258.174s][info][gc             ] GC(1165) Pause Young (Concurrent Start) (G1 Evacuation Pause) 3560M->1393M(4096M) 118.406ms
[4258.174s][info][gc             ] GC(1166) Concurrent Mark Cycle
[4258.174s][info][gc,marking     ] GC(1166) Concurrent Scan Root Regions
[4258.175s][info][gc,cpu         ] GC(1165) User=0.70s Sys=0.00s Real=0.12s
[4258.359s][info][gc,marking     ] GC(1166) Concurrent Scan Root Regions 184.047ms
[4258.359s][info][gc,marking     ] GC(1166) Concurrent Mark
[4258.359s][info][gc,marking     ] GC(1166) Concurrent Mark From Roots
[4258.359s][info][gc,task        ] GC(1166) Using 2 workers of 2 for marking
.[4259.367s][info][gc,marking     ] GC(1166) Concurrent Mark From Roots 1008.016ms
[4259.367s][info][gc,marking     ] GC(1166) Concurrent Preclean
[4259.367s][info][gc,marking     ] GC(1166) Concurrent Preclean 0.119ms
[4259.367s][info][gc,start       ] GC(1166) Pause Remark
[4259.373s][info][gc             ] GC(1166) Pause Remark 2482M->2482M(4096M) 5.881ms
[4259.373s][info][gc,cpu         ] GC(1166) User=0.04s Sys=0.00s Real=0.01s
[4259.374s][info][gc,marking     ] GC(1166) Concurrent Mark 1015.748ms
[4259.374s][info][gc,marking     ] GC(1166) Concurrent Rebuild Remembered Sets and Scrub Regions
.[4259.750s][info][gc,marking     ] GC(1166) Concurrent Rebuild Remembered Sets and Scrub Regions 375.257ms
[4259.751s][info][gc,start       ] GC(1166) Pause Cleanup
[4259.751s][info][gc             ] GC(1166) Pause Cleanup 2915M->2915M(4096M) 0.119ms
[4259.751s][info][gc,cpu         ] GC(1166) User=0.00s Sys=0.00s Real=0.00s
[4259.752s][info][gc,marking     ] GC(1166) Concurrent Clear Claimed Marks
[4259.752s][info][gc,marking     ] GC(1166) Concurrent Clear Claimed Marks 0.034ms
[4259.752s][info][gc,marking     ] GC(1166) Concurrent Cleanup for Next Mark
[4259.762s][info][gc,marking     ] GC(1166) Concurrent Cleanup for Next Mark 9.632ms
[4259.762s][info][gc             ] GC(1166) Concurrent Mark Cycle 1587.110ms
.[4260.563s][info][gc,start       ] GC(1167) Pause Young (Prepare Mixed) (G1 Evacuation Pause)
[4260.563s][info][gc,task        ] GC(1167) Using 6 workers of 6 for evacuation
[4260.689s][info][gc,phases      ] GC(1167)   Pre Evacuate Collection Set: 0.30ms
[4260.690s][info][gc,phases      ] GC(1167)   Merge Heap Roots: 0.51ms
[4260.690s][info][gc,phases      ] GC(1167)   Evacuate Collection Set: 125.01ms
[4260.690s][info][gc,phases      ] GC(1167)   Post Evacuate Collection Set: 0.95ms
[4260.690s][info][gc,phases      ] GC(1167)   Other: 0.09ms
[4260.690s][info][gc,heap        ] GC(1167) Eden regions: 1117->0(1093)
[4260.690s][info][gc,heap        ] GC(1167) Survivor regions: 111->117(154)
[4260.690s][info][gc,heap        ] GC(1167) Old regions: 506->538
[4260.690s][info][gc,heap        ] GC(1167) Humongous regions: 80->80
[4260.690s][info][gc,metaspace   ] GC(1167) Metaspace: 28935K(29312K)->28935K(29312K) NonClass: 24067K(24256K)->24067K(24256K) Class: 4868K(5056K)->4868K(5056K)
[4260.690s][info][gc             ] GC(1167) Pause Young (Prepare Mixed) (G1 Evacuation Pause) 3627M->1468M(4096M) 127.015ms
[4260.690s][info][gc,cpu         ] GC(1167) User=0.75s Sys=0.00s Real=0.12s
..[4262.927s][info][gc,start       ] GC(1168) Pause Young (Mixed) (G1 Evacuation Pause)
[4262.927s][info][gc,task        ] GC(1168) Using 6 workers of 6 for evacuation
[4263.061s][info][gc,phases      ] GC(1168)   Pre Evacuate Collection Set: 0.41ms
[4263.061s][info][gc,phases      ] GC(1168)   Merge Heap Roots: 0.67ms
[4263.061s][info][gc,phases      ] GC(1168)   Evacuate Collection Set: 131.78ms
[4263.061s][info][gc,phases      ] GC(1168)   Post Evacuate Collection Set: 0.95ms
[4263.061s][info][gc,phases      ] GC(1168)   Other: 0.08ms
[4263.061s][info][gc,heap        ] GC(1168) Eden regions: 1093->0(1118)
[4263.061s][info][gc,heap        ] GC(1168) Survivor regions: 117->110(152)
[4263.061s][info][gc,heap        ] GC(1168) Old regions: 538->475
[4263.061s][info][gc,heap        ] GC(1168) Humongous regions: 80->80
[4263.061s][info][gc,metaspace   ] GC(1168) Metaspace: 28935K(29312K)->28935K(29312K) NonClass: 24067K(24256K)->24067K(24256K) Class: 4868K(5056K)->4868K(5056K)
[4263.061s][info][gc             ] GC(1168) Pause Young (Mixed) (G1 Evacuation Pause) 3654M->1328M(4096M) 134.056ms
[4263.061s][info][gc,cpu         ] GC(1168) User=0.79s Sys=0.00s Real=0.13s
...[4265.437s][info][gc,start       ] GC(1169) Pause Young (Concurrent Start) (G1 Evacuation Pause)
[4265.437s][info][gc,task        ] GC(1169) Using 6 workers of 6 for evacuation
[4265.553s][info][gc,phases      ] GC(1169)   Pre Evacuate Collection Set: 0.40ms
[4265.553s][info][gc,phases      ] GC(1169)   Merge Heap Roots: 0.46ms
[4265.553s][info][gc,phases      ] GC(1169)   Evacuate Collection Set: 114.03ms
[4265.553s][info][gc,phases      ] GC(1169)   Post Evacuate Collection Set: 0.87ms
[4265.553s][info][gc,phases      ] GC(1169)   Other: 0.09ms
[4265.553s][info][gc,heap        ] GC(1169) Eden regions: 1118->0(1121)
[4265.553s][info][gc,heap        ] GC(1169) Survivor regions: 110->107(154)
[4265.553s][info][gc,heap        ] GC(1169) Old regions: 475->508
[4265.553s][info][gc,heap        ] GC(1169) Humongous regions: 80->80
[4265.553s][info][gc,metaspace   ] GC(1169) Metaspace: 28935K(29312K)->28935K(29312K) NonClass: 24067K(24256K)->24067K(24256K) Class: 4868K(5056K)->4868K(5056K)
[4265.553s][info][gc             ] GC(1169) Pause Young (Concurrent Start) (G1 Evacuation Pause) 3564M->1388M(4096M) 115.978ms
[4265.553s][info][gc             ] GC(1170) Concurrent Mark Cycle
[4265.553s][info][gc,marking     ] GC(1170) Concurrent Scan Root Regions
[4265.553s][info][gc,cpu         ] GC(1169) User=0.68s Sys=0.00s Real=0.12s
[4265.742s][info][gc,marking     ] GC(1170) Concurrent Scan Root Regions 188.458ms
[4265.742s][info][gc,marking     ] GC(1170) Concurrent Mark
[4265.742s][info][gc,marking     ] GC(1170) Concurrent Mark From Roots
[4265.742s][info][gc,task        ] GC(1170) Using 2 workers of 2 for marking
.[4266.697s][info][gc,marking     ] GC(1170) Concurrent Mark From Roots 955.318ms
[4266.697s][info][gc,marking     ] GC(1170) Concurrent Preclean
[4266.697s][info][gc,marking     ] GC(1170) Concurrent Preclean 0.115ms
[4266.697s][info][gc,start       ] GC(1170) Pause Remark
[4266.704s][info][gc             ] GC(1170) Pause Remark 2476M->2476M(4096M) 6.256ms
[4266.704s][info][gc,cpu         ] GC(1170) User=0.03s Sys=0.00s Real=0.01s
[4266.704s][info][gc,marking     ] GC(1170) Concurrent Mark 962.130ms
[4266.704s][info][gc,marking     ] GC(1170) Concurrent Rebuild Remembered Sets and Scrub Regions
[4267.070s][info][gc,marking     ] GC(1170) Concurrent Rebuild Remembered Sets and Scrub Regions 366.192ms
[4267.070s][info][gc,start       ] GC(1170) Pause Cleanup
[4267.070s][info][gc             ] GC(1170) Pause Cleanup 2878M->2878M(4096M) 0.114ms
[4267.070s][info][gc,cpu         ] GC(1170) User=0.00s Sys=0.00s Real=0.00s
[4267.070s][info][gc,marking     ] GC(1170) Concurrent Clear Claimed Marks
[4267.070s][info][gc,marking     ] GC(1170) Concurrent Clear Claimed Marks 0.021ms
[4267.070s][info][gc,marking     ] GC(1170) Concurrent Cleanup for Next Mark
[4267.076s][info][gc,marking     ] GC(1170) Concurrent Cleanup for Next Mark 5.162ms
[4267.076s][info][gc             ] GC(1170) Concurrent Mark Cycle 1522.485ms
.[4267.910s][info][gc,start       ] GC(1171) Pause Young (Prepare Mixed) (G1 Evacuation Pause)
[4267.910s][info][gc,task        ] GC(1171) Using 6 workers of 6 for evacuation
[4268.035s][info][gc,phases      ] GC(1171)   Pre Evacuate Collection Set: 0.33ms
[4268.035s][info][gc,phases      ] GC(1171)   Merge Heap Roots: 0.50ms
[4268.035s][info][gc,phases      ] GC(1171)   Evacuate Collection Set: 122.90ms
[4268.035s][info][gc,phases      ] GC(1171)   Post Evacuate Collection Set: 0.90ms
[4268.035s][info][gc,phases      ] GC(1171)   Other: 0.10ms
[4268.035s][info][gc,heap        ] GC(1171) Eden regions: 1121->0(1093)
[4268.035s][info][gc,heap        ] GC(1171) Survivor regions: 107->117(154)
[4268.035s][info][gc,heap        ] GC(1171) Old regions: 508->538
[4268.035s][info][gc,heap        ] GC(1171) Humongous regions: 80->80
[4268.035s][info][gc,metaspace   ] GC(1171) Metaspace: 28935K(29312K)->28935K(29312K) NonClass: 24067K(24256K)->24067K(24256K) Class: 4868K(5056K)->4868K(5056K)
[4268.035s][info][gc             ] GC(1171) Pause Young (Prepare Mixed) (G1 Evacuation Pause) 3630M->1467M(4096M) 124.867ms
[4268.035s][info][gc,cpu         ] GC(1171) User=0.73s Sys=0.00s Real=0.13s
..[4270.274s][info][gc,start       ] GC(1172) Pause Young (Mixed) (G1 Evacuation Pause)
[4270.274s][info][gc,task        ] GC(1172) Using 6 workers of 6 for evacuation
[4270.409s][info][gc,phases      ] GC(1172)   Pre Evacuate Collection Set: 0.39ms
[4270.409s][info][gc,phases      ] GC(1172)   Merge Heap Roots: 0.64ms
[4270.409s][info][gc,phases      ] GC(1172)   Evacuate Collection Set: 132.90ms
[4270.409s][info][gc,phases      ] GC(1172)   Post Evacuate Collection Set: 0.87ms
[4270.409s][info][gc,phases      ] GC(1172)   Other: 0.09ms
[4270.409s][info][gc,heap        ] GC(1172) Eden regions: 1093->0(1118)
[4270.409s][info][gc,heap        ] GC(1172) Survivor regions: 117->110(152)
[4270.409s][info][gc,heap        ] GC(1172) Old regions: 538->474
[4270.409s][info][gc,heap        ] GC(1172) Humongous regions: 80->80
[4270.409s][info][gc,metaspace   ] GC(1172) Metaspace: 28935K(29312K)->28935K(29312K) NonClass: 24067K(24256K)->24067K(24256K) Class: 4868K(5056K)->4868K(5056K)
[4270.409s][info][gc             ] GC(1172) Pause Young (Mixed) (G1 Evacuation Pause) 3653M->1326M(4096M) 135.006ms
[4270.409s][info][gc,cpu         ] GC(1172) User=0.80s Sys=0.00s Real=0.13s
...[4272.717s][info][gc,start       ] GC(1173) Pause Young (Concurrent Start) (G1 Evacuation Pause)
[4272.717s][info][gc,task        ] GC(1173) Using 6 workers of 6 for evacuation
[4272.835s][info][gc,phases      ] GC(1173)   Pre Evacuate Collection Set: 0.41ms
[4272.835s][info][gc,phases      ] GC(1173)   Merge Heap Roots: 0.45ms
[4272.835s][info][gc,phases      ] GC(1173)   Evacuate Collection Set: 115.84ms
[4272.835s][info][gc,phases      ] GC(1173)   Post Evacuate Collection Set: 0.90ms
[4272.835s][info][gc,phases      ] GC(1173)   Other: 0.10ms
[4272.835s][info][gc,heap        ] GC(1173) Eden regions: 1118->0(1119)
[4272.835s][info][gc,heap        ] GC(1173) Survivor regions: 110->109(154)
[4272.835s][info][gc,heap        ] GC(1173) Old regions: 474->507
[4272.835s][info][gc,heap        ] GC(1173) Humongous regions: 80->80
[4272.835s][info][gc,metaspace   ] GC(1173) Metaspace: 28935K(29312K)->28935K(29312K) NonClass: 24067K(24256K)->24067K(24256K) Class: 4868K(5056K)->4868K(5056K)
[4272.835s][info][gc             ] GC(1173) Pause Young (Concurrent Start) (G1 Evacuation Pause) 3562M->1389M(4096M) 117.847ms
[4272.835s][info][gc             ] GC(1174) Concurrent Mark Cycle
[4272.835s][info][gc,marking     ] GC(1174) Concurrent Scan Root Regions
[4272.835s][info][gc,cpu         ] GC(1173) User=0.70s Sys=0.01s Real=0.12s
[4273.018s][info][gc,marking     ] GC(1174) Concurrent Scan Root Regions 182.596ms
[4273.018s][info][gc,marking     ] GC(1174) Concurrent Mark
[4273.018s][info][gc,marking     ] GC(1174) Concurrent Mark From Roots
[4273.018s][info][gc,task        ] GC(1174) Using 2 workers of 2 for marking
.[4273.976s][info][gc,marking     ] GC(1174) Concurrent Mark From Roots 957.850ms
[4273.976s][info][gc,marking     ] GC(1174) Concurrent Preclean
[4273.976s][info][gc,marking     ] GC(1174) Concurrent Preclean 0.114ms
[4273.977s][info][gc,start       ] GC(1174) Pause Remark
[4273.983s][info][gc             ] GC(1174) Pause Remark 2485M->2485M(4096M) 6.475ms
[4273.983s][info][gc,cpu         ] GC(1174) User=0.04s Sys=0.00s Real=0.01s
[4273.984s][info][gc,marking     ] GC(1174) Concurrent Mark 966.562ms
[4273.984s][info][gc,marking     ] GC(1174) Concurrent Rebuild Remembered Sets and Scrub Regions
[4274.387s][info][gc,marking     ] GC(1174) Concurrent Rebuild Remembered Sets and Scrub Regions 402.397ms
[4274.387s][info][gc,start       ] GC(1174) Pause Cleanup
[4274.387s][info][gc             ] GC(1174) Pause Cleanup 2859M->2859M(4096M) 0.103ms
[4274.387s][info][gc,cpu         ] GC(1174) User=0.00s Sys=0.00s Real=0.00s
[4274.387s][info][gc,marking     ] GC(1174) Concurrent Clear Claimed Marks
[4274.387s][info][gc,marking     ] GC(1174) Concurrent Clear Claimed Marks 0.021ms
[4274.387s][info][gc,marking     ] GC(1174) Concurrent Cleanup for Next Mark
[4274.392s][info][gc,marking     ] GC(1174) Concurrent Cleanup for Next Mark 5.266ms
[4274.392s][info][gc             ] GC(1174) Concurrent Mark Cycle 1557.345ms
.[4275.215s][info][gc,start       ] GC(1175) Pause Young (Prepare Mixed) (G1 Evacuation Pause)
[4275.215s][info][gc,task        ] GC(1175) Using 6 workers of 6 for evacuation
[4275.331s][info][gc,phases      ] GC(1175)   Pre Evacuate Collection Set: 0.37ms
[4275.331s][info][gc,phases      ] GC(1175)   Merge Heap Roots: 0.53ms
[4275.331s][info][gc,phases      ] GC(1175)   Evacuate Collection Set: 114.26ms
[4275.331s][info][gc,phases      ] GC(1175)   Post Evacuate Collection Set: 0.92ms
[4275.331s][info][gc,phases      ] GC(1175)   Other: 0.09ms
[4275.331s][info][gc,heap        ] GC(1175) Eden regions: 1119->0(1112)
[4275.331s][info][gc,heap        ] GC(1175) Survivor regions: 109->107(154)
[4275.331s][info][gc,heap        ] GC(1175) Old regions: 507->539
[4275.331s][info][gc,heap        ] GC(1175) Humongous regions: 80->80
[4275.331s][info][gc,metaspace   ] GC(1175) Metaspace: 28935K(29312K)->28935K(29312K) NonClass: 24067K(24256K)->24067K(24256K) Class: 4868K(5056K)->4868K(5056K)
[4275.331s][info][gc             ] GC(1175) Pause Young (Prepare Mixed) (G1 Evacuation Pause) 3627M->1450M(4096M) 116.306ms
[4275.331s][info][gc,cpu         ] GC(1175) User=0.69s Sys=0.00s Real=0.11s
...[4277.650s][info][gc,start       ] GC(1176) Pause Young (Mixed) (G1 Evacuation Pause)
[4277.650s][info][gc,task        ] GC(1176) Using 6 workers of 6 for evacuation
[4277.785s][info][gc,phases      ] GC(1176)   Pre Evacuate Collection Set: 0.38ms
[4277.785s][info][gc,phases      ] GC(1176)   Merge Heap Roots: 0.66ms
[4277.785s][info][gc,phases      ] GC(1176)   Evacuate Collection Set: 132.38ms
[4277.785s][info][gc,phases      ] GC(1176)   Post Evacuate Collection Set: 0.98ms
[4277.785s][info][gc,phases      ] GC(1176)   Other: 0.09ms
[4277.785s][info][gc,heap        ] GC(1176) Eden regions: 1112->0(1118)
[4277.785s][info][gc,heap        ] GC(1176) Survivor regions: 107->110(153)
[4277.785s][info][gc,heap        ] GC(1176) Old regions: 539->474
[4277.785s][info][gc,heap        ] GC(1176) Humongous regions: 80->80
[4277.785s][info][gc,metaspace   ] GC(1176) Metaspace: 28935K(29312K)->28935K(29312K) NonClass: 24067K(24256K)->24067K(24256K) Class: 4868K(5056K)->4868K(5056K)
[4277.785s][info][gc             ] GC(1176) Pause Young (Mixed) (G1 Evacuation Pause) 3674M->1327M(4096M) 134.642ms
[4277.785s][info][gc,cpu         ] GC(1176) User=0.80s Sys=0.00s Real=0.14s
..[4280.156s][info][gc,start       ] GC(1177) Pause Young (Concurrent Start) (G1 Evacuation Pause)
[4280.156s][info][gc,task        ] GC(1177) Using 6 workers of 6 for evacuation
[4280.270s][info][gc,phases      ] GC(1177)   Pre Evacuate Collection Set: 0.40ms
[4280.270s][info][gc,phases      ] GC(1177)   Merge Heap Roots: 0.44ms
[4280.270s][info][gc,phases      ] GC(1177)   Evacuate Collection Set: 112.30ms
[4280.270s][info][gc,phases      ] GC(1177)   Post Evacuate Collection Set: 0.88ms
[4280.270s][info][gc,phases      ] GC(1177)   Other: 0.13ms
[4280.270s][info][gc,heap        ] GC(1177) Eden regions: 1118->0(1120)
[4280.270s][info][gc,heap        ] GC(1177) Survivor regions: 110->108(154)
[4280.270s][info][gc,heap        ] GC(1177) Old regions: 474->506
[4280.270s][info][gc,heap        ] GC(1177) Humongous regions: 80->80
[4280.270s][info][gc,metaspace   ] GC(1177) Metaspace: 28935K(29312K)->28935K(29312K) NonClass: 24067K(24256K)->24067K(24256K) Class: 4868K(5056K)->4868K(5056K)
[4280.270s][info][gc             ] GC(1177) Pause Young (Concurrent Start) (G1 Evacuation Pause) 3563M->1385M(4096M) 114.280ms
[4280.270s][info][gc             ] GC(1178) Concurrent Mark Cycle
[4280.270s][info][gc,marking     ] GC(1178) Concurrent Scan Root Regions
[4280.270s][info][gc,cpu         ] GC(1177) User=0.68s Sys=0.00s Real=0.11s
[4280.455s][info][gc,marking     ] GC(1178) Concurrent Scan Root Regions 184.652ms
[4280.455s][info][gc,marking     ] GC(1178) Concurrent Mark
[4280.455s][info][gc,marking     ] GC(1178) Concurrent Mark From Roots
[4280.455s][info][gc,task        ] GC(1178) Using 2 workers of 2 for marking
.[4281.448s][info][gc,marking     ] GC(1178) Concurrent Mark From Roots 993.597ms
[4281.448s][info][gc,marking     ] GC(1178) Concurrent Preclean
[4281.449s][info][gc,marking     ] GC(1178) Concurrent Preclean 0.117ms
[4281.450s][info][gc,start       ] GC(1178) Pause Remark
[4281.455s][info][gc             ] GC(1178) Pause Remark 2471M->2471M(4096M) 5.824ms
[4281.455s][info][gc,cpu         ] GC(1178) User=0.03s Sys=0.00s Real=0.01s
[4281.456s][info][gc,marking     ] GC(1178) Concurrent Mark 1000.671ms
[4281.456s][info][gc,marking     ] GC(1178) Concurrent Rebuild Remembered Sets and Scrub Regions
.[4281.746s][info][gc,marking     ] GC(1178) Concurrent Rebuild Remembered Sets and Scrub Regions 290.933ms
[4281.749s][info][gc,start       ] GC(1178) Pause Cleanup
[4281.749s][info][gc             ] GC(1178) Pause Cleanup 2781M->2781M(4096M) 0.137ms
[4281.749s][info][gc,cpu         ] GC(1178) User=0.00s Sys=0.00s Real=0.00s
[4281.749s][info][gc,marking     ] GC(1178) Concurrent Clear Claimed Marks
[4281.749s][info][gc,marking     ] GC(1178) Concurrent Clear Claimed Marks 0.034ms
[4281.749s][info][gc,marking     ] GC(1178) Concurrent Cleanup for Next Mark
[4281.755s][info][gc,marking     ] GC(1178) Concurrent Cleanup for Next Mark 5.845ms
[4281.755s][info][gc             ] GC(1178) Concurrent Mark Cycle 1484.903ms
[4282.676s][info][gc,start       ] GC(1179) Pause Young (Prepare Mixed) (G1 Evacuation Pause)
[4282.676s][info][gc,task        ] GC(1179) Using 6 workers of 6 for evacuation
[4282.794s][info][gc,phases      ] GC(1179)   Pre Evacuate Collection Set: 0.34ms
[4282.794s][info][gc,phases      ] GC(1179)   Merge Heap Roots: 0.51ms
[4282.794s][info][gc,phases      ] GC(1179)   Evacuate Collection Set: 116.07ms
[4282.794s][info][gc,phases      ] GC(1179)   Post Evacuate Collection Set: 0.93ms
[4282.794s][info][gc,phases      ] GC(1179)   Other: 0.09ms
[4282.794s][info][gc,heap        ] GC(1179) Eden regions: 1120->0(1107)
[4282.794s][info][gc,heap        ] GC(1179) Survivor regions: 108->111(154)
[4282.794s][info][gc,heap        ] GC(1179) Old regions: 506->536
[4282.794s][info][gc,heap        ] GC(1179) Humongous regions: 80->80
[4282.794s][info][gc,metaspace   ] GC(1179) Metaspace: 28935K(29312K)->28935K(29312K) NonClass: 24067K(24256K)->24067K(24256K) Class: 4868K(5056K)->4868K(5056K)
[4282.795s][info][gc             ] GC(1179) Pause Young (Prepare Mixed) (G1 Evacuation Pause) 3625M->1452M(4096M) 118.076ms
[4282.795s][info][gc,cpu         ] GC(1179) User=0.70s Sys=0.00s Real=0.12s
...[4285.138s][info][gc,start       ] GC(1180) Pause Young (Mixed) (G1 Evacuation Pause)
[4285.138s][info][gc,task        ] GC(1180) Using 6 workers of 6 for evacuation
[4285.270s][info][gc,phases      ] GC(1180)   Pre Evacuate Collection Set: 0.36ms
[4285.270s][info][gc,phases      ] GC(1180)   Merge Heap Roots: 0.68ms
[4285.270s][info][gc,phases      ] GC(1180)   Evacuate Collection Set: 129.65ms
[4285.270s][info][gc,phases      ] GC(1180)   Post Evacuate Collection Set: 0.94ms
[4285.270s][info][gc,phases      ] GC(1180)   Other: 0.09ms
[4285.270s][info][gc,heap        ] GC(1180) Eden regions: 1107->0(1121)
[4285.270s][info][gc,heap        ] GC(1180) Survivor regions: 111->107(153)
[4285.270s][info][gc,heap        ] GC(1180) Old regions: 536->472
[4285.270s][info][gc,heap        ] GC(1180) Humongous regions: 80->80
[4285.270s][info][gc,metaspace   ] GC(1180) Metaspace: 28935K(29312K)->28935K(29312K) NonClass: 24067K(24256K)->24067K(24256K) Class: 4868K(5056K)->4868K(5056K)
[4285.270s][info][gc             ] GC(1180) Pause Young (Mixed) (G1 Evacuation Pause) 3666M->1316M(4096M) 131.873ms
[4285.270s][info][gc,cpu         ] GC(1180) User=0.78s Sys=0.00s Real=0.13s
..[4287.591s][info][gc,start       ] GC(1181) Pause Young (Concurrent Start) (G1 Evacuation Pause)
[4287.591s][info][gc,task        ] GC(1181) Using 6 workers of 6 for evacuation
[4287.707s][info][gc,phases      ] GC(1181)   Pre Evacuate Collection Set: 0.43ms
[4287.707s][info][gc,phases      ] GC(1181)   Merge Heap Roots: 0.48ms
[4287.707s][info][gc,phases      ] GC(1181)   Evacuate Collection Set: 113.96ms
[4287.707s][info][gc,phases      ] GC(1181)   Post Evacuate Collection Set: 0.88ms
[4287.707s][info][gc,phases      ] GC(1181)   Other: 0.13ms
[4287.707s][info][gc,heap        ] GC(1181) Eden regions: 1121->0(1120)
[4287.707s][info][gc,heap        ] GC(1181) Survivor regions: 107->108(154)
[4287.707s][info][gc,heap        ] GC(1181) Old regions: 472->505
[4287.707s][info][gc,heap        ] GC(1181) Humongous regions: 80->80
[4287.707s][info][gc,metaspace   ] GC(1181) Metaspace: 28935K(29312K)->28935K(29312K) NonClass: 24067K(24256K)->24067K(24256K) Class: 4868K(5056K)->4868K(5056K)
[4287.707s][info][gc             ] GC(1181) Pause Young (Concurrent Start) (G1 Evacuation Pause) 3558M->1384M(4096M) 116.010ms
[4287.707s][info][gc             ] GC(1182) Concurrent Mark Cycle
[4287.707s][info][gc,marking     ] GC(1182) Concurrent Scan Root Regions
[4287.707s][info][gc,cpu         ] GC(1181) User=0.69s Sys=0.00s Real=0.12s
[4287.858s][info][gc,marking     ] GC(1182) Concurrent Scan Root Regions 151.268ms
[4287.858s][info][gc,marking     ] GC(1182) Concurrent Mark
[4287.858s][info][gc,marking     ] GC(1182) Concurrent Mark From Roots
[4287.858s][info][gc,task        ] GC(1182) Using 2 workers of 2 for marking
.[4288.579s][info][gc,marking     ] GC(1182) Concurrent Mark From Roots 721.208ms
[4288.579s][info][gc,marking     ] GC(1182) Concurrent Preclean
[4288.580s][info][gc,marking     ] GC(1182) Concurrent Preclean 0.112ms
[4288.580s][info][gc,start       ] GC(1182) Pause Remark
[4288.586s][info][gc             ] GC(1182) Pause Remark 2142M->2142M(4096M) 5.920ms
[4288.586s][info][gc,cpu         ] GC(1182) User=0.03s Sys=0.00s Real=0.01s
[4288.587s][info][gc,marking     ] GC(1182) Concurrent Mark 729.061ms
[4288.587s][info][gc,marking     ] GC(1182) Concurrent Rebuild Remembered Sets and Scrub Regions
[4288.850s][info][gc,marking     ] GC(1182) Concurrent Rebuild Remembered Sets and Scrub Regions 262.734ms
[4288.851s][info][gc,start       ] GC(1182) Pause Cleanup
[4288.851s][info][gc             ] GC(1182) Pause Cleanup 2404M->2404M(4096M) 0.118ms
[4288.851s][info][gc,cpu         ] GC(1182) User=0.00s Sys=0.00s Real=0.00s
[4288.851s][info][gc,marking     ] GC(1182) Concurrent Clear Claimed Marks
[4288.851s][info][gc,marking     ] GC(1182) Concurrent Clear Claimed Marks 0.029ms
[4288.851s][info][gc,marking     ] GC(1182) Concurrent Cleanup for Next Mark
[4288.856s][info][gc,marking     ] GC(1182) Concurrent Cleanup for Next Mark 4.734ms
[4288.856s][info][gc             ] GC(1182) Concurrent Mark Cycle 1149.465ms
..[4290.056s][info][gc,start       ] GC(1183) Pause Young (Prepare Mixed) (G1 Evacuation Pause)
[4290.056s][info][gc,task        ] GC(1183) Using 6 workers of 6 for evacuation
[4290.178s][info][gc,phases      ] GC(1183)   Pre Evacuate Collection Set: 0.34ms
[4290.178s][info][gc,phases      ] GC(1183)   Merge Heap Roots: 0.47ms
[4290.178s][info][gc,phases      ] GC(1183)   Evacuate Collection Set: 119.71ms
[4290.178s][info][gc,phases      ] GC(1183)   Post Evacuate Collection Set: 0.93ms
[4290.178s][info][gc,phases      ] GC(1183)   Other: 0.10ms
[4290.178s][info][gc,heap        ] GC(1183) Eden regions: 1120->0(1103)
[4290.178s][info][gc,heap        ] GC(1183) Survivor regions: 108->113(154)
[4290.178s][info][gc,heap        ] GC(1183) Old regions: 505->536
[4290.178s][info][gc,heap        ] GC(1183) Humongous regions: 80->80
[4290.178s][info][gc,metaspace   ] GC(1183) Metaspace: 28935K(29312K)->28935K(29312K) NonClass: 24067K(24256K)->24067K(24256K) Class: 4868K(5056K)->4868K(5056K)
[4290.178s][info][gc             ] GC(1183) Pause Young (Prepare Mixed) (G1 Evacuation Pause) 3624M->1455M(4096M) 121.675ms
[4290.178s][info][gc,cpu         ] GC(1183) User=0.73s Sys=0.00s Real=0.12s
..[4292.574s][info][gc,start       ] GC(1184) Pause Young (Mixed) (G1 Evacuation Pause)
[4292.574s][info][gc,task        ] GC(1184) Using 6 workers of 6 for evacuation
[4292.708s][info][gc,phases      ] GC(1184)   Pre Evacuate Collection Set: 0.36ms
[4292.708s][info][gc,phases      ] GC(1184)   Merge Heap Roots: 0.66ms
[4292.708s][info][gc,phases      ] GC(1184)   Evacuate Collection Set: 131.95ms
[4292.708s][info][gc,phases      ] GC(1184)   Post Evacuate Collection Set: 0.94ms
[4292.708s][info][gc,phases      ] GC(1184)   Other: 0.09ms
[4292.708s][info][gc,heap        ] GC(1184) Eden regions: 1103->0(1117)
[4292.708s][info][gc,heap        ] GC(1184) Survivor regions: 113->111(152)
[4292.708s][info][gc,heap        ] GC(1184) Old regions: 536->474
[4292.708s][info][gc,heap        ] GC(1184) Humongous regions: 80->80
[4292.708s][info][gc,metaspace   ] GC(1184) Metaspace: 28935K(29312K)->28935K(29312K) NonClass: 24067K(24256K)->24067K(24256K) Class: 4868K(5056K)->4868K(5056K)
[4292.708s][info][gc             ] GC(1184) Pause Young (Mixed) (G1 Evacuation Pause) 3661M->1329M(4096M) 134.133ms
[4292.708s][info][gc,cpu         ] GC(1184) User=0.79s Sys=0.00s Real=0.13s
..[4294.955s][info][gc,start       ] GC(1185) Pause Young (Concurrent Start) (G1 Evacuation Pause)
[4294.955s][info][gc,task        ] GC(1185) Using 6 workers of 6 for evacuation
[4295.075s][info][gc,phases      ] GC(1185)   Pre Evacuate Collection Set: 0.36ms
[4295.075s][info][gc,phases      ] GC(1185)   Merge Heap Roots: 0.43ms
[4295.075s][info][gc,phases      ] GC(1185)   Evacuate Collection Set: 118.05ms
[4295.075s][info][gc,phases      ] GC(1185)   Post Evacuate Collection Set: 0.90ms
[4295.075s][info][gc,phases      ] GC(1185)   Other: 0.11ms
[4295.075s][info][gc,heap        ] GC(1185) Eden regions: 1117->0(1117)
[4295.075s][info][gc,heap        ] GC(1185) Survivor regions: 111->111(154)
[4295.075s][info][gc,heap        ] GC(1185) Old regions: 474->507
[4295.075s][info][gc,heap        ] GC(1185) Humongous regions: 80->80
[4295.075s][info][gc,metaspace   ] GC(1185) Metaspace: 28935K(29312K)->28935K(29312K) NonClass: 24067K(24256K)->24067K(24256K) Class: 4868K(5056K)->4868K(5056K)
[4295.075s][info][gc             ] GC(1185) Pause Young (Concurrent Start) (G1 Evacuation Pause) 3563M->1394M(4096M) 119.984ms
[4295.075s][info][gc             ] GC(1186) Concurrent Mark Cycle
[4295.075s][info][gc,marking     ] GC(1186) Concurrent Scan Root Regions
[4295.075s][info][gc,cpu         ] GC(1185) User=0.71s Sys=0.00s Real=0.12s
.[4295.220s][info][gc,marking     ] GC(1186) Concurrent Scan Root Regions 144.632ms
[4295.220s][info][gc,marking     ] GC(1186) Concurrent Mark
[4295.220s][info][gc,marking     ] GC(1186) Concurrent Mark From Roots
[4295.220s][info][gc,task        ] GC(1186) Using 2 workers of 2 for marking
[4295.940s][info][gc,marking     ] GC(1186) Concurrent Mark From Roots 720.655ms
[4295.940s][info][gc,marking     ] GC(1186) Concurrent Preclean
[4295.940s][info][gc,marking     ] GC(1186) Concurrent Preclean 0.085ms
[4295.942s][info][gc,start       ] GC(1186) Pause Remark
[4295.948s][info][gc             ] GC(1186) Pause Remark 2126M->2126M(4096M) 5.741ms
[4295.948s][info][gc,cpu         ] GC(1186) User=0.04s Sys=0.00s Real=0.00s
[4295.949s][info][gc,marking     ] GC(1186) Concurrent Mark 729.311ms
[4295.949s][info][gc,marking     ] GC(1186) Concurrent Rebuild Remembered Sets and Scrub Regions
.[4296.394s][info][gc,marking     ] GC(1186) Concurrent Rebuild Remembered Sets and Scrub Regions 444.694ms
[4296.397s][info][gc,start       ] GC(1186) Pause Cleanup
[4296.397s][info][gc             ] GC(1186) Pause Cleanup 2626M->2626M(4096M) 0.141ms
[4296.397s][info][gc,cpu         ] GC(1186) User=0.00s Sys=0.00s Real=0.00s
[4296.397s][info][gc,marking     ] GC(1186) Concurrent Clear Claimed Marks
[4296.397s][info][gc,marking     ] GC(1186) Concurrent Clear Claimed Marks 0.036ms
[4296.397s][info][gc,marking     ] GC(1186) Concurrent Cleanup for Next Mark
[4296.411s][info][gc,marking     ] GC(1186) Concurrent Cleanup for Next Mark 14.451ms
[4296.411s][info][gc             ] GC(1186) Concurrent Mark Cycle 1336.498ms
.[4297.469s][info][gc,start       ] GC(1187) Pause Young (Prepare Mixed) (G1 Evacuation Pause)
[4297.469s][info][gc,task        ] GC(1187) Using 6 workers of 6 for evacuation
[4297.589s][info][gc,phases      ] GC(1187)   Pre Evacuate Collection Set: 0.35ms
[4297.589s][info][gc,phases      ] GC(1187)   Merge Heap Roots: 0.50ms
[4297.589s][info][gc,phases      ] GC(1187)   Evacuate Collection Set: 118.32ms
[4297.589s][info][gc,phases      ] GC(1187)   Post Evacuate Collection Set: 0.91ms
[4297.589s][info][gc,phases      ] GC(1187)   Other: 0.09ms
[4297.589s][info][gc,heap        ] GC(1187) Eden regions: 1117->0(1102)
[4297.589s][info][gc,heap        ] GC(1187) Survivor regions: 111->112(154)
[4297.589s][info][gc,heap        ] GC(1187) Old regions: 507->539
[4297.589s][info][gc,heap        ] GC(1187) Humongous regions: 80->80
[4297.589s][info][gc,metaspace   ] GC(1187) Metaspace: 28935K(29312K)->28935K(29312K) NonClass: 24067K(24256K)->24067K(24256K) Class: 4868K(5056K)->4868K(5056K)
[4297.589s][info][gc             ] GC(1187) Pause Young (Prepare Mixed) (G1 Evacuation Pause) 3628M->1460M(4096M) 120.295ms
[4297.589s][info][gc,cpu         ] GC(1187) User=0.72s Sys=0.00s Real=0.12s
..[4299.833s][info][gc,start       ] GC(1188) Pause Young (Mixed) (G1 Evacuation Pause)
[4299.833s][info][gc,task        ] GC(1188) Using 6 workers of 6 for evacuation
[4299.972s][info][gc,phases      ] GC(1188)   Pre Evacuate Collection Set: 0.36ms
[4299.972s][info][gc,phases      ] GC(1188)   Merge Heap Roots: 0.63ms
[4299.972s][info][gc,phases      ] GC(1188)   Evacuate Collection Set: 136.88ms
[4299.972s][info][gc,phases      ] GC(1188)   Post Evacuate Collection Set: 0.85ms
[4299.972s][info][gc,phases      ] GC(1188)   Other: 0.08ms
[4299.972s][info][gc,heap        ] GC(1188) Eden regions: 1102->0(1113)
[4299.972s][info][gc,heap        ] GC(1188) Survivor regions: 112->115(152)
[4299.972s][info][gc,heap        ] GC(1188) Old regions: 539->474
[4299.972s][info][gc,heap        ] GC(1188) Humongous regions: 80->80
[4299.972s][info][gc,metaspace   ] GC(1188) Metaspace: 28935K(29312K)->28935K(29312K) NonClass: 24067K(24256K)->24067K(24256K) Class: 4868K(5056K)->4868K(5056K)
[4299.972s][info][gc             ] GC(1188) Pause Young (Mixed) (G1 Evacuation Pause) 3664M->1335M(4096M) 138.944ms
[4299.972s][info][gc,cpu         ] GC(1188) User=0.82s Sys=0.00s Real=0.14s
.. (rIR:aIR:PR = 7610:7627:7627) (tPR = 112588) [OK] 
  4301s: Performance info:
         Transaction,    Success,    Partial,     Failed,   Receipts, AvgBarcode, 
             Overall,     457664,          0,          0,     434747,      59.47, 
         Response times:
             Request,    Success,    Partial,     Failed,   SkipFail,     Probes,    Samples,      min,      p50,      p90,      p95,      p99,      max, 
       TotalPurchase,     434743,          0,          0,          0,     352518,     408199,      200,     7000,    82000,   116000,   179000,   409000,
     InStorePurchase,     228979,          0,          0,          0,     185786,     214914,      200,     7000,    82000,   115000,   180000,   365000,
      OnlinePurchase,     159660,          0,          0,          0,     129632,     150075,      300,     7000,    82000,   117000,   179000,   409000,
        InstPurchase,      46104,          0,          0,          0,      37100,      43210,      400,     6500,    77000,   112000,   174000,   313000,
          AssocOfCat,        459,          0,          0,          0,        384,        531,    24000,    41000,   118200,   147000,   218760,   331000,
      AssocOfProduct,       4571,          0,          0,          0,       4268,       5174,      500,     7500,    80000,   113000,   171000,   304000,
      BusinessReport,       1142,          0,          0,          0,        984,       1298,    29000,    49000,   130000,   171150,   231020,   314000,
          CustBuyBeh,       4562,          0,          0,          0,       4186,       5083,      300,     6900,    76000,   111000,   170000,   248000,
       ProductReturn,      12187,          0,          0,          0,       9233,      10784,      300,     6500,    76000,   111000,   173000,   304000,

  4301s: (56%)   IR =   7749 .[4302.290s][info][gc,start       ] GC(1189) Pause Young (Concurrent Start) (G1 Evacuation Pause)
[4302.290s][info][gc,task        ] GC(1189) Using 6 workers of 6 for evacuation
[4302.407s][info][gc,phases      ] GC(1189)   Pre Evacuate Collection Set: 0.38ms
[4302.407s][info][gc,phases      ] GC(1189)   Merge Heap Roots: 0.45ms
[4302.407s][info][gc,phases      ] GC(1189)   Evacuate Collection Set: 114.41ms
[4302.407s][info][gc,phases      ] GC(1189)   Post Evacuate Collection Set: 0.94ms
[4302.407s][info][gc,phases      ] GC(1189)   Other: 0.10ms
[4302.407s][info][gc,heap        ] GC(1189) Eden regions: 1113->0(1121)
[4302.407s][info][gc,heap        ] GC(1189) Survivor regions: 115->107(154)
[4302.407s][info][gc,heap        ] GC(1189) Old regions: 474->506
[4302.407s][info][gc,heap        ] GC(1189) Humongous regions: 80->80
[4302.407s][info][gc,metaspace   ] GC(1189) Metaspace: 28935K(29312K)->28935K(29312K) NonClass: 24067K(24256K)->24067K(24256K) Class: 4868K(5056K)->4868K(5056K)
[4302.407s][info][gc             ] GC(1189) Pause Young (Concurrent Start) (G1 Evacuation Pause) 3561M->1385M(4096M) 116.407ms
[4302.407s][info][gc             ] GC(1190) Concurrent Mark Cycle
[4302.407s][info][gc,marking     ] GC(1190) Concurrent Scan Root Regions
[4302.407s][info][gc,cpu         ] GC(1189) User=0.69s Sys=0.00s Real=0.12s
[4302.588s][info][gc,marking     ] GC(1190) Concurrent Scan Root Regions 181.319ms
[4302.588s][info][gc,marking     ] GC(1190) Concurrent Mark
[4302.588s][info][gc,marking     ] GC(1190) Concurrent Mark From Roots
[4302.588s][info][gc,task        ] GC(1190) Using 2 workers of 2 for marking
.[4303.567s][info][gc,marking     ] GC(1190) Concurrent Mark From Roots 978.572ms
[4303.567s][info][gc,marking     ] GC(1190) Concurrent Preclean
[4303.567s][info][gc,marking     ] GC(1190) Concurrent Preclean 0.157ms
[4303.567s][info][gc,start       ] GC(1190) Pause Remark
[4303.573s][info][gc             ] GC(1190) Pause Remark 2491M->2491M(4096M) 6.129ms
[4303.573s][info][gc,cpu         ] GC(1190) User=0.04s Sys=0.00s Real=0.01s
[4303.573s][info][gc,marking     ] GC(1190) Concurrent Mark 985.203ms
[4303.573s][info][gc,marking     ] GC(1190) Concurrent Rebuild Remembered Sets and Scrub Regions
[4303.844s][info][gc,marking     ] GC(1190) Concurrent Rebuild Remembered Sets and Scrub Regions 270.843ms
[4303.845s][info][gc,start       ] GC(1190) Pause Cleanup
[4303.845s][info][gc             ] GC(1190) Pause Cleanup 2733M->2733M(4096M) 0.117ms
[4303.845s][info][gc,cpu         ] GC(1190) User=0.00s Sys=0.00s Real=0.00s
[4303.845s][info][gc,marking     ] GC(1190) Concurrent Clear Claimed Marks
[4303.845s][info][gc,marking     ] GC(1190) Concurrent Clear Claimed Marks 0.028ms
[4303.845s][info][gc,marking     ] GC(1190) Concurrent Cleanup for Next Mark
[4303.851s][info][gc,marking     ] GC(1190) Concurrent Cleanup for Next Mark 6.011ms
[4303.851s][info][gc             ] GC(1190) Concurrent Mark Cycle 1444.715ms
.[4304.688s][info][gc,start       ] GC(1191) Pause Young (Prepare Mixed) (G1 Evacuation Pause)
[4304.688s][info][gc,task        ] GC(1191) Using 6 workers of 6 for evacuation
[4304.806s][info][gc,phases      ] GC(1191)   Pre Evacuate Collection Set: 0.33ms
[4304.806s][info][gc,phases      ] GC(1191)   Merge Heap Roots: 0.48ms
[4304.806s][info][gc,phases      ] GC(1191)   Evacuate Collection Set: 115.75ms
[4304.806s][info][gc,phases      ] GC(1191)   Post Evacuate Collection Set: 0.93ms
[4304.806s][info][gc,phases      ] GC(1191)   Other: 0.09ms
[4304.806s][info][gc,heap        ] GC(1191) Eden regions: 1121->0(1108)
[4304.806s][info][gc,heap        ] GC(1191) Survivor regions: 107->110(154)
[4304.806s][info][gc,heap        ] GC(1191) Old regions: 506->537
[4304.806s][info][gc,heap        ] GC(1191) Humongous regions: 80->80
[4304.806s][info][gc,metaspace   ] GC(1191) Metaspace: 28935K(29312K)->28935K(29312K) NonClass: 24067K(24256K)->24067K(24256K) Class: 4868K(5056K)->4868K(5056K)
[4304.806s][info][gc             ] GC(1191) Pause Young (Prepare Mixed) (G1 Evacuation Pause) 3627M->1452M(4096M) 117.704ms
[4304.806s][info][gc,cpu         ] GC(1191) User=0.70s Sys=0.00s Real=0.12s
..[4307.170s][info][gc,start       ] GC(1192) Pause Young (Mixed) (G1 Evacuation Pause)
[4307.170s][info][gc,task        ] GC(1192) Using 6 workers of 6 for evacuation
[4307.302s][info][gc,phases      ] GC(1192)   Pre Evacuate Collection Set: 0.39ms
[4307.302s][info][gc,phases      ] GC(1192)   Merge Heap Roots: 0.78ms
[4307.302s][info][gc,phases      ] GC(1192)   Evacuate Collection Set: 130.09ms
[4307.302s][info][gc,phases      ] GC(1192)   Post Evacuate Collection Set: 0.94ms
[4307.302s][info][gc,phases      ] GC(1192)   Other: 0.10ms
[4307.302s][info][gc,heap        ] GC(1192) Eden regions: 1108->0(1120)
[4307.302s][info][gc,heap        ] GC(1192) Survivor regions: 110->108(153)
[4307.302s][info][gc,heap        ] GC(1192) Old regions: 537->473
[4307.302s][info][gc,heap        ] GC(1192) Humongous regions: 80->80
[4307.302s][info][gc,metaspace   ] GC(1192) Metaspace: 28935K(29312K)->28935K(29312K) NonClass: 24067K(24256K)->24067K(24256K) Class: 4868K(5056K)->4868K(5056K)
[4307.302s][info][gc             ] GC(1192) Pause Young (Mixed) (G1 Evacuation Pause) 3668M->1320M(4096M) 132.423ms
[4307.302s][info][gc,cpu         ] GC(1192) User=0.79s Sys=0.00s Real=0.13s
...[4309.514s][info][gc,start       ] GC(1193) Pause Young (Concurrent Start) (G1 Evacuation Pause)
[4309.514s][info][gc,task        ] GC(1193) Using 6 workers of 6 for evacuation
[4309.633s][info][gc,phases      ] GC(1193)   Pre Evacuate Collection Set: 0.37ms
[4309.633s][info][gc,phases      ] GC(1193)   Merge Heap Roots: 0.55ms
[4309.633s][info][gc,phases      ] GC(1193)   Evacuate Collection Set: 117.01ms
[4309.633s][info][gc,phases      ] GC(1193)   Post Evacuate Collection Set: 0.89ms
[4309.633s][info][gc,phases      ] GC(1193)   Other: 0.10ms
[4309.633s][info][gc,heap        ] GC(1193) Eden regions: 1120->0(1115)
[4309.633s][info][gc,heap        ] GC(1193) Survivor regions: 108->113(154)
[4309.633s][info][gc,heap        ] GC(1193) Old regions: 473->504
[4309.633s][info][gc,heap        ] GC(1193) Humongous regions: 80->80
[4309.633s][info][gc,metaspace   ] GC(1193) Metaspace: 28935K(29312K)->28935K(29312K) NonClass: 24067K(24256K)->24067K(24256K) Class: 4868K(5056K)->4868K(5056K)
[4309.633s][info][gc             ] GC(1193) Pause Young (Concurrent Start) (G1 Evacuation Pause) 3560M->1392M(4096M) 119.071ms
[4309.633s][info][gc             ] GC(1194) Concurrent Mark Cycle
[4309.633s][info][gc,marking     ] GC(1194) Concurrent Scan Root Regions
[4309.633s][info][gc,cpu         ] GC(1193) User=0.70s Sys=0.01s Real=0.12s
[4309.877s][info][gc,marking     ] GC(1194) Concurrent Scan Root Regions 243.460ms
[4309.877s][info][gc,marking     ] GC(1194) Concurrent Mark
[4309.877s][info][gc,marking     ] GC(1194) Concurrent Mark From Roots
[4309.877s][info][gc,task        ] GC(1194) Using 2 workers of 2 for marking
.[4310.885s][info][gc,marking     ] GC(1194) Concurrent Mark From Roots 1008.139ms
[4310.885s][info][gc,marking     ] GC(1194) Concurrent Preclean
[4310.885s][info][gc,marking     ] GC(1194) Concurrent Preclean 0.119ms
[4310.888s][info][gc,start       ] GC(1194) Pause Remark
[4310.894s][info][gc             ] GC(1194) Pause Remark 2584M->2584M(4096M) 6.038ms
[4310.894s][info][gc,cpu         ] GC(1194) User=0.04s Sys=0.00s Real=0.01s
[4310.894s][info][gc,marking     ] GC(1194) Concurrent Mark 1017.043ms
[4310.894s][info][gc,marking     ] GC(1194) Concurrent Rebuild Remembered Sets and Scrub Regions
[4311.164s][info][gc,marking     ] GC(1194) Concurrent Rebuild Remembered Sets and Scrub Regions 270.167ms
[4311.164s][info][gc,start       ] GC(1194) Pause Cleanup
[4311.165s][info][gc             ] GC(1194) Pause Cleanup 2847M->2847M(4096M) 0.109ms
[4311.165s][info][gc,cpu         ] GC(1194) User=0.00s Sys=0.00s Real=0.00s
[4311.165s][info][gc,marking     ] GC(1194) Concurrent Clear Claimed Marks
[4311.165s][info][gc,marking     ] GC(1194) Concurrent Clear Claimed Marks 0.020ms
[4311.165s][info][gc,marking     ] GC(1194) Concurrent Cleanup for Next Mark
[4311.212s][info][gc,marking     ] GC(1194) Concurrent Cleanup for Next Mark 47.091ms
[4311.212s][info][gc             ] GC(1194) Concurrent Mark Cycle 1578.424ms
.[4311.930s][info][gc,start       ] GC(1195) Pause Young (Prepare Mixed) (G1 Evacuation Pause)
[4311.930s][info][gc,task        ] GC(1195) Using 6 workers of 6 for evacuation
[4312.054s][info][gc,phases      ] GC(1195)   Pre Evacuate Collection Set: 0.31ms
[4312.054s][info][gc,phases      ] GC(1195)   Merge Heap Roots: 0.51ms
[4312.054s][info][gc,phases      ] GC(1195)   Evacuate Collection Set: 121.93ms
[4312.054s][info][gc,phases      ] GC(1195)   Post Evacuate Collection Set: 0.94ms
[4312.054s][info][gc,phases      ] GC(1195)   Other: 0.09ms
[4312.054s][info][gc,heap        ] GC(1195) Eden regions: 1115->0(1100)
[4312.054s][info][gc,heap        ] GC(1195) Survivor regions: 113->114(154)
[4312.054s][info][gc,heap        ] GC(1195) Old regions: 504->537
[4312.054s][info][gc,heap        ] GC(1195) Humongous regions: 80->80
[4312.054s][info][gc,metaspace   ] GC(1195) Metaspace: 28935K(29312K)->28935K(29312K) NonClass: 24067K(24256K)->24067K(24256K) Class: 4868K(5056K)->4868K(5056K)
[4312.054s][info][gc             ] GC(1195) Pause Young (Prepare Mixed) (G1 Evacuation Pause) 3622M->1460M(4096M) 123.909ms
[4312.054s][info][gc,cpu         ] GC(1195) User=0.74s Sys=0.00s Real=0.13s
.|.[4314.293s][info][gc,start       ] GC(1196) Pause Young (Mixed) (G1 Evacuation Pause)
[4314.294s][info][gc,task        ] GC(1196) Using 6 workers of 6 for evacuation
[4314.427s][info][gc,phases      ] GC(1196)   Pre Evacuate Collection Set: 0.38ms
[4314.427s][info][gc,phases      ] GC(1196)   Merge Heap Roots: 0.65ms
[4314.427s][info][gc,phases      ] GC(1196)   Evacuate Collection Set: 131.48ms
[4314.427s][info][gc,phases      ] GC(1196)   Post Evacuate Collection Set: 0.98ms
[4314.427s][info][gc,phases      ] GC(1196)   Other: 0.09ms
[4314.427s][info][gc,heap        ] GC(1196) Eden regions: 1100->0(1119)
[4314.427s][info][gc,heap        ] GC(1196) Survivor regions: 114->109(152)
[4314.427s][info][gc,heap        ] GC(1196) Old regions: 537->474
[4314.427s][info][gc,heap        ] GC(1196) Humongous regions: 80->80
[4314.427s][info][gc,metaspace   ] GC(1196) Metaspace: 28935K(29312K)->28935K(29312K) NonClass: 24067K(24256K)->24067K(24256K) Class: 4868K(5056K)->4868K(5056K)
[4314.427s][info][gc             ] GC(1196) Pause Young (Mixed) (G1 Evacuation Pause) 3660M->1324M(4096M) 133.726ms
[4314.427s][info][gc,cpu         ] GC(1196) User=0.79s Sys=0.00s Real=0.13s
...[4316.780s][info][gc,start       ] GC(1197) Pause Young (Concurrent Start) (G1 Evacuation Pause)
[4316.780s][info][gc,task        ] GC(1197) Using 6 workers of 6 for evacuation
[4316.904s][info][gc,phases      ] GC(1197)   Pre Evacuate Collection Set: 0.37ms
[4316.904s][info][gc,phases      ] GC(1197)   Merge Heap Roots: 0.48ms
[4316.904s][info][gc,phases      ] GC(1197)   Evacuate Collection Set: 121.65ms
[4316.904s][info][gc,phases      ] GC(1197)   Post Evacuate Collection Set: 0.87ms
[4316.904s][info][gc,phases      ] GC(1197)   Other: 0.11ms
[4316.904s][info][gc,heap        ] GC(1197) Eden regions: 1119->0(1115)
[4316.904s][info][gc,heap        ] GC(1197) Survivor regions: 109->113(154)
[4316.904s][info][gc,heap        ] GC(1197) Old regions: 474->505
[4316.904s][info][gc,heap        ] GC(1197) Humongous regions: 80->80
[4316.904s][info][gc,metaspace   ] GC(1197) Metaspace: 28935K(29312K)->28935K(29312K) NonClass: 24067K(24256K)->24067K(24256K) Class: 4868K(5056K)->4868K(5056K)
[4316.904s][info][gc             ] GC(1197) Pause Young (Concurrent Start) (G1 Evacuation Pause) 3562M->1394M(4096M) 123.612ms
[4316.904s][info][gc             ] GC(1198) Concurrent Mark Cycle
[4316.904s][info][gc,marking     ] GC(1198) Concurrent Scan Root Regions
[4316.904s][info][gc,cpu         ] GC(1197) User=0.73s Sys=0.01s Real=0.13s
[4317.096s][info][gc,marking     ] GC(1198) Concurrent Scan Root Regions 192.369ms
[4317.096s][info][gc,marking     ] GC(1198) Concurrent Mark
[4317.096s][info][gc,marking     ] GC(1198) Concurrent Mark From Roots
[4317.096s][info][gc,task        ] GC(1198) Using 2 workers of 2 for marking
.[4318.041s][info][gc,marking     ] GC(1198) Concurrent Mark From Roots 944.680ms
[4318.041s][info][gc,marking     ] GC(1198) Concurrent Preclean
[4318.041s][info][gc,marking     ] GC(1198) Concurrent Preclean 0.092ms
[4318.042s][info][gc,start       ] GC(1198) Pause Remark
[4318.051s][info][gc             ] GC(1198) Pause Remark 2452M->2452M(4096M) 8.519ms
[4318.051s][info][gc,cpu         ] GC(1198) User=0.05s Sys=0.00s Real=0.01s
[4318.052s][info][gc,marking     ] GC(1198) Concurrent Mark 955.453ms
[4318.052s][info][gc,marking     ] GC(1198) Concurrent Rebuild Remembered Sets and Scrub Regions
[4318.477s][info][gc,marking     ] GC(1198) Concurrent Rebuild Remembered Sets and Scrub Regions 425.744ms
[4318.480s][info][gc,start       ] GC(1198) Pause Cleanup
[4318.480s][info][gc             ] GC(1198) Pause Cleanup 2858M->2858M(4096M) 0.129ms
[4318.480s][info][gc,cpu         ] GC(1198) User=0.00s Sys=0.00s Real=0.00s
[4318.480s][info][gc,marking     ] GC(1198) Concurrent Clear Claimed Marks
[4318.480s][info][gc,marking     ] GC(1198) Concurrent Clear Claimed Marks 0.028ms
[4318.480s][info][gc,marking     ] GC(1198) Concurrent Cleanup for Next Mark
[4318.489s][info][gc,marking     ] GC(1198) Concurrent Cleanup for Next Mark 8.817ms
[4318.489s][info][gc             ] GC(1198) Concurrent Mark Cycle 1585.053ms
.[4319.274s][info][gc,start       ] GC(1199) Pause Young (Prepare Mixed) (G1 Evacuation Pause)
[4319.274s][info][gc,task        ] GC(1199) Using 6 workers of 6 for evacuation
[4319.391s][info][gc,phases      ] GC(1199)   Pre Evacuate Collection Set: 0.37ms
[4319.391s][info][gc,phases      ] GC(1199)   Merge Heap Roots: 0.50ms
[4319.391s][info][gc,phases      ] GC(1199)   Evacuate Collection Set: 114.83ms
[4319.391s][info][gc,phases      ] GC(1199)   Post Evacuate Collection Set: 0.94ms
[4319.391s][info][gc,phases      ] GC(1199)   Other: 0.09ms
[4319.391s][info][gc,heap        ] GC(1199) Eden regions: 1115->0(1110)
[4319.391s][info][gc,heap        ] GC(1199) Survivor regions: 113->109(154)
[4319.391s][info][gc,heap        ] GC(1199) Old regions: 505->537
[4319.391s][info][gc,heap        ] GC(1199) Humongous regions: 80->80
[4319.391s][info][gc,metaspace   ] GC(1199) Metaspace: 28935K(29312K)->28935K(29312K) NonClass: 24067K(24256K)->24067K(24256K) Class: 4868K(5056K)->4868K(5056K)
[4319.391s][info][gc             ] GC(1199) Pause Young (Prepare Mixed) (G1 Evacuation Pause) 3624M->1449M(4096M) 116.870ms
[4319.391s][info][gc,cpu         ] GC(1199) User=0.70s Sys=0.00s Real=0.11s
...[4321.611s][info][gc,start       ] GC(1200) Pause Young (Mixed) (G1 Evacuation Pause)
[4321.611s][info][gc,task        ] GC(1200) Using 6 workers of 6 for evacuation
[4321.747s][info][gc,phases      ] GC(1200)   Pre Evacuate Collection Set: 0.39ms
[4321.747s][info][gc,phases      ] GC(1200)   Merge Heap Roots: 0.66ms
[4321.747s][info][gc,phases      ] GC(1200)   Evacuate Collection Set: 134.11ms
[4321.747s][info][gc,phases      ] GC(1200)   Post Evacuate Collection Set: 0.89ms
[4321.747s][info][gc,phases      ] GC(1200)   Other: 0.09ms
[4321.747s][info][gc,heap        ] GC(1200) Eden regions: 1110->0(1116)
[4321.747s][info][gc,heap        ] GC(1200) Survivor regions: 109->112(153)
[4321.747s][info][gc,heap        ] GC(1200) Old regions: 537->474
[4321.747s][info][gc,heap        ] GC(1200) Humongous regions: 80->80
[4321.747s][info][gc,metaspace   ] GC(1200) Metaspace: 28935K(29312K)->28935K(29312K) NonClass: 24067K(24256K)->24067K(24256K) Class: 4868K(5056K)->4868K(5056K)
[4321.747s][info][gc             ] GC(1200) Pause Young (Mixed) (G1 Evacuation Pause) 3669M->1330M(4096M) 136.264ms
[4321.747s][info][gc,cpu         ] GC(1200) User=0.80s Sys=0.00s Real=0.14s
..[4324.087s][info][gc,start       ] GC(1201) Pause Young (Concurrent Start) (G1 Evacuation Pause)
[4324.087s][info][gc,task        ] GC(1201) Using 6 workers of 6 for evacuation
[4324.213s][info][gc,phases      ] GC(1201)   Pre Evacuate Collection Set: 0.38ms
[4324.214s][info][gc,phases      ] GC(1201)   Merge Heap Roots: 0.46ms
[4324.214s][info][gc,phases      ] GC(1201)   Evacuate Collection Set: 124.68ms
[4324.214s][info][gc,phases      ] GC(1201)   Post Evacuate Collection Set: 0.90ms
[4324.214s][info][gc,phases      ] GC(1201)   Other: 0.12ms
[4324.214s][info][gc,heap        ] GC(1201) Eden regions: 1116->0(1110)
[4324.214s][info][gc,heap        ] GC(1201) Survivor regions: 112->118(154)
[4324.214s][info][gc,heap        ] GC(1201) Old regions: 474->505
[4324.214s][info][gc,heap        ] GC(1201) Humongous regions: 80->80
[4324.214s][info][gc,metaspace   ] GC(1201) Metaspace: 28935K(29312K)->28935K(29312K) NonClass: 24067K(24256K)->24067K(24256K) Class: 4868K(5056K)->4868K(5056K)
[4324.214s][info][gc             ] GC(1201) Pause Young (Concurrent Start) (G1 Evacuation Pause) 3562M->1404M(4096M) 126.670ms
[4324.214s][info][gc             ] GC(1202) Concurrent Mark Cycle
[4324.214s][info][gc,marking     ] GC(1202) Concurrent Scan Root Regions
[4324.214s][info][gc,cpu         ] GC(1201) User=0.75s Sys=0.00s Real=0.13s
[4324.403s][info][gc,marking     ] GC(1202) Concurrent Scan Root Regions 189.200ms
[4324.403s][info][gc,marking     ] GC(1202) Concurrent Mark
[4324.403s][info][gc,marking     ] GC(1202) Concurrent Mark From Roots
[4324.403s][info][gc,task        ] GC(1202) Using 2 workers of 2 for marking
.[4325.446s][info][gc,marking     ] GC(1202) Concurrent Mark From Roots 1043.036ms
[4325.446s][info][gc,marking     ] GC(1202) Concurrent Preclean
[4325.446s][info][gc,marking     ] GC(1202) Concurrent Preclean 0.114ms
[4325.451s][info][gc,start       ] GC(1202) Pause Remark
[4325.459s][info][gc             ] GC(1202) Pause Remark 2476M->2476M(4096M) 7.335ms
[4325.459s][info][gc,cpu         ] GC(1202) User=0.04s Sys=0.00s Real=0.01s
[4325.459s][info][gc,marking     ] GC(1202) Concurrent Mark 1055.818ms
[4325.459s][info][gc,marking     ] GC(1202) Concurrent Rebuild Remembered Sets and Scrub Regions
.[4325.846s][info][gc,marking     ] GC(1202) Concurrent Rebuild Remembered Sets and Scrub Regions 387.056ms
[4325.847s][info][gc,start       ] GC(1202) Pause Cleanup
[4325.847s][info][gc             ] GC(1202) Pause Cleanup 2980M->2980M(4096M) 0.121ms
[4325.847s][info][gc,cpu         ] GC(1202) User=0.00s Sys=0.00s Real=0.00s
[4325.847s][info][gc,marking     ] GC(1202) Concurrent Clear Claimed Marks
[4325.847s][info][gc,marking     ] GC(1202) Concurrent Clear Claimed Marks 0.023ms
[4325.847s][info][gc,marking     ] GC(1202) Concurrent Cleanup for Next Mark
[4325.854s][info][gc,marking     ] GC(1202) Concurrent Cleanup for Next Mark 7.060ms
[4325.854s][info][gc             ] GC(1202) Concurrent Mark Cycle 1640.484ms
[4326.493s][info][gc,start       ] GC(1203) Pause Young (Prepare Mixed) (G1 Evacuation Pause)
[4326.493s][info][gc,task        ] GC(1203) Using 6 workers of 6 for evacuation
[4326.612s][info][gc,phases      ] GC(1203)   Pre Evacuate Collection Set: 0.33ms
[4326.612s][info][gc,phases      ] GC(1203)   Merge Heap Roots: 0.48ms
[4326.612s][info][gc,phases      ] GC(1203)   Evacuate Collection Set: 117.23ms
[4326.612s][info][gc,phases      ] GC(1203)   Post Evacuate Collection Set: 0.96ms
[4326.612s][info][gc,phases      ] GC(1203)   Other: 0.09ms
[4326.612s][info][gc,heap        ] GC(1203) Eden regions: 1110->0(1105)
[4326.612s][info][gc,heap        ] GC(1203) Survivor regions: 118->112(154)
[4326.612s][info][gc,heap        ] GC(1203) Old regions: 505->536
[4326.612s][info][gc,heap        ] GC(1203) Humongous regions: 80->80
[4326.612s][info][gc,metaspace   ] GC(1203) Metaspace: 28935K(29312K)->28935K(29312K) NonClass: 24067K(24256K)->24067K(24256K) Class: 4868K(5056K)->4868K(5056K)
[4326.612s][info][gc             ] GC(1203) Pause Young (Prepare Mixed) (G1 Evacuation Pause) 3624M->1455M(4096M) 119.224ms
[4326.613s][info][gc,cpu         ] GC(1203) User=0.70s Sys=0.00s Real=0.12s
...[4328.854s][info][gc,start       ] GC(1204) Pause Young (Mixed) (G1 Evacuation Pause)
[4328.854s][info][gc,task        ] GC(1204) Using 6 workers of 6 for evacuation
[4328.989s][info][gc,phases      ] GC(1204)   Pre Evacuate Collection Set: 0.37ms
[4328.989s][info][gc,phases      ] GC(1204)   Merge Heap Roots: 0.64ms
[4328.989s][info][gc,phases      ] GC(1204)   Evacuate Collection Set: 132.75ms
[4328.989s][info][gc,phases      ] GC(1204)   Post Evacuate Collection Set: 0.96ms
[4328.989s][info][gc,phases      ] GC(1204)   Other: 0.08ms
[4328.989s][info][gc,heap        ] GC(1204) Eden regions: 1105->0(1116)
[4328.989s][info][gc,heap        ] GC(1204) Survivor regions: 112->112(153)
[4328.989s][info][gc,heap        ] GC(1204) Old regions: 536->472
[4328.989s][info][gc,heap        ] GC(1204) Humongous regions: 80->80
[4328.989s][info][gc,metaspace   ] GC(1204) Metaspace: 28935K(29312K)->28935K(29312K) NonClass: 24067K(24256K)->24067K(24256K) Class: 4868K(5056K)->4868K(5056K)
[4328.989s][info][gc             ] GC(1204) Pause Young (Mixed) (G1 Evacuation Pause) 3665M->1326M(4096M) 134.927ms
[4328.989s][info][gc,cpu         ] GC(1204) User=0.79s Sys=0.00s Real=0.13s
..[4331.264s][info][gc,start       ] GC(1205) Pause Young (Concurrent Start) (G1 Evacuation Pause)
[4331.264s][info][gc,task        ] GC(1205) Using 6 workers of 6 for evacuation
[4331.382s][info][gc,phases      ] GC(1205)   Pre Evacuate Collection Set: 0.41ms
[4331.382s][info][gc,phases      ] GC(1205)   Merge Heap Roots: 0.46ms
[4331.382s][info][gc,phases      ] GC(1205)   Evacuate Collection Set: 116.63ms
[4331.382s][info][gc,phases      ] GC(1205)   Post Evacuate Collection Set: 0.86ms
[4331.382s][info][gc,phases      ] GC(1205)   Other: 0.11ms
[4331.382s][info][gc,heap        ] GC(1205) Eden regions: 1116->0(1118)
[4331.382s][info][gc,heap        ] GC(1205) Survivor regions: 112->110(154)
[4331.382s][info][gc,heap        ] GC(1205) Old regions: 472->504
[4331.382s][info][gc,heap        ] GC(1205) Humongous regions: 80->80
[4331.382s][info][gc,metaspace   ] GC(1205) Metaspace: 28935K(29312K)->28935K(29312K) NonClass: 24067K(24256K)->24067K(24256K) Class: 4868K(5056K)->4868K(5056K)
[4331.382s][info][gc             ] GC(1205) Pause Young (Concurrent Start) (G1 Evacuation Pause) 3558M->1386M(4096M) 118.602ms
[4331.382s][info][gc             ] GC(1206) Concurrent Mark Cycle
[4331.382s][info][gc,marking     ] GC(1206) Concurrent Scan Root Regions
[4331.382s][info][gc,cpu         ] GC(1205) User=0.69s Sys=0.01s Real=0.12s
[4331.565s][info][gc,marking     ] GC(1206) Concurrent Scan Root Regions 182.753ms
[4331.565s][info][gc,marking     ] GC(1206) Concurrent Mark
[4331.565s][info][gc,marking     ] GC(1206) Concurrent Mark From Roots
[4331.565s][info][gc,task        ] GC(1206) Using 2 workers of 2 for marking
.[4332.491s][info][gc,marking     ] GC(1206) Concurrent Mark From Roots 925.936ms
[4332.491s][info][gc,marking     ] GC(1206) Concurrent Preclean
[4332.491s][info][gc,marking     ] GC(1206) Concurrent Preclean 0.123ms
[4332.492s][info][gc,start       ] GC(1206) Pause Remark
[4332.500s][info][gc             ] GC(1206) Pause Remark 2378M->2378M(4096M) 7.668ms
[4332.500s][info][gc,cpu         ] GC(1206) User=0.04s Sys=0.00s Real=0.01s
[4332.502s][info][gc,marking     ] GC(1206) Concurrent Mark 936.650ms
[4332.502s][info][gc,marking     ] GC(1206) Concurrent Rebuild Remembered Sets and Scrub Regions
.[4332.859s][info][gc,marking     ] GC(1206) Concurrent Rebuild Remembered Sets and Scrub Regions 356.879ms
[4332.859s][info][gc,start       ] GC(1206) Pause Cleanup
[4332.859s][info][gc             ] GC(1206) Pause Cleanup 2800M->2800M(4096M) 0.107ms
[4332.859s][info][gc,cpu         ] GC(1206) User=0.00s Sys=0.00s Real=0.00s
[4332.859s][info][gc,marking     ] GC(1206) Concurrent Clear Claimed Marks
[4332.859s][info][gc,marking     ] GC(1206) Concurrent Clear Claimed Marks 0.024ms
[4332.859s][info][gc,marking     ] GC(1206) Concurrent Cleanup for Next Mark
[4332.864s][info][gc,marking     ] GC(1206) Concurrent Cleanup for Next Mark 4.844ms
[4332.864s][info][gc             ] GC(1206) Concurrent Mark Cycle 1481.673ms
.[4333.724s][info][gc,start       ] GC(1207) Pause Young (Prepare Mixed) (G1 Evacuation Pause)
[4333.724s][info][gc,task        ] GC(1207) Using 6 workers of 6 for evacuation
[4333.845s][info][gc,phases      ] GC(1207)   Pre Evacuate Collection Set: 0.35ms
[4333.845s][info][gc,phases      ] GC(1207)   Merge Heap Roots: 0.51ms
[4333.845s][info][gc,phases      ] GC(1207)   Evacuate Collection Set: 118.74ms
[4333.845s][info][gc,phases      ] GC(1207)   Post Evacuate Collection Set: 0.98ms
[4333.845s][info][gc,phases      ] GC(1207)   Other: 0.09ms
[4333.845s][info][gc,heap        ] GC(1207) Eden regions: 1118->0(1106)
[4333.845s][info][gc,heap        ] GC(1207) Survivor regions: 110->111(154)
[4333.845s][info][gc,heap        ] GC(1207) Old regions: 504->537
[4333.845s][info][gc,heap        ] GC(1207) Humongous regions: 80->80
[4333.845s][info][gc,metaspace   ] GC(1207) Metaspace: 28935K(29312K)->28935K(29312K) NonClass: 24067K(24256K)->24067K(24256K) Class: 4868K(5056K)->4868K(5056K)
[4333.845s][info][gc             ] GC(1207) Pause Young (Prepare Mixed) (G1 Evacuation Pause) 3622M->1454M(4096M) 120.807ms
[4333.845s][info][gc,cpu         ] GC(1207) User=0.72s Sys=0.00s Real=0.12s
..[4336.111s][info][gc,start       ] GC(1208) Pause Young (Mixed) (G1 Evacuation Pause)
[4336.111s][info][gc,task        ] GC(1208) Using 6 workers of 6 for evacuation
[4336.246s][info][gc,phases      ] GC(1208)   Pre Evacuate Collection Set: 0.41ms
[4336.246s][info][gc,phases      ] GC(1208)   Merge Heap Roots: 0.62ms
[4336.246s][info][gc,phases      ] GC(1208)   Evacuate Collection Set: 133.15ms
[4336.246s][info][gc,phases      ] GC(1208)   Post Evacuate Collection Set: 0.96ms
[4336.246s][info][gc,phases      ] GC(1208)   Other: 0.08ms
[4336.246s][info][gc,heap        ] GC(1208) Eden regions: 1106->0(1115)
[4336.246s][info][gc,heap        ] GC(1208) Survivor regions: 111->113(153)
[4336.246s][info][gc,heap        ] GC(1208) Old regions: 537->476
[4336.246s][info][gc,heap        ] GC(1208) Humongous regions: 80->80
[4336.246s][info][gc,metaspace   ] GC(1208) Metaspace: 28935K(29312K)->28935K(29312K) NonClass: 24067K(24256K)->24067K(24256K) Class: 4868K(5056K)->4868K(5056K)
[4336.246s][info][gc             ] GC(1208) Pause Young (Mixed) (G1 Evacuation Pause) 3666M->1335M(4096M) 135.365ms
[4336.246s][info][gc,cpu         ] GC(1208) User=0.80s Sys=0.00s Real=0.14s
..[4338.566s][info][gc,start       ] GC(1209) Pause Young (Concurrent Start) (G1 Evacuation Pause)
[4338.566s][info][gc,task        ] GC(1209) Using 6 workers of 6 for evacuation
[4338.683s][info][gc,phases      ] GC(1209)   Pre Evacuate Collection Set: 0.41ms
[4338.683s][info][gc,phases      ] GC(1209)   Merge Heap Roots: 0.45ms
[4338.683s][info][gc,phases      ] GC(1209)   Evacuate Collection Set: 114.71ms
[4338.683s][info][gc,phases      ] GC(1209)   Post Evacuate Collection Set: 0.90ms
[4338.683s][info][gc,phases      ] GC(1209)   Other: 0.10ms
[4338.683s][info][gc,heap        ] GC(1209) Eden regions: 1115->0(1117)
[4338.683s][info][gc,heap        ] GC(1209) Survivor regions: 113->111(154)
[4338.683s][info][gc,heap        ] GC(1209) Old regions: 476->507
[4338.683s][info][gc,heap        ] GC(1209) Humongous regions: 80->80
[4338.683s][info][gc,metaspace   ] GC(1209) Metaspace: 28935K(29312K)->28935K(29312K) NonClass: 24067K(24256K)->24067K(24256K) Class: 4868K(5056K)->4868K(5056K)
[4338.683s][info][gc             ] GC(1209) Pause Young (Concurrent Start) (G1 Evacuation Pause) 3565M->1394M(4096M) 116.694ms
[4338.683s][info][gc             ] GC(1210) Concurrent Mark Cycle
[4338.683s][info][gc,marking     ] GC(1210) Concurrent Scan Root Regions
[4338.683s][info][gc,cpu         ] GC(1209) User=0.69s Sys=0.00s Real=0.12s
.[4338.929s][info][gc,marking     ] GC(1210) Concurrent Scan Root Regions 246.225ms
[4338.929s][info][gc,marking     ] GC(1210) Concurrent Mark
[4338.929s][info][gc,marking     ] GC(1210) Concurrent Mark From Roots
[4338.929s][info][gc,task        ] GC(1210) Using 2 workers of 2 for marking
.[4339.937s][info][gc,marking     ] GC(1210) Concurrent Mark From Roots 1007.809ms
[4339.937s][info][gc,marking     ] GC(1210) Concurrent Preclean
[4339.937s][info][gc,marking     ] GC(1210) Concurrent Preclean 0.131ms
[4339.941s][info][gc,start       ] GC(1210) Pause Remark
[4339.948s][info][gc             ] GC(1210) Pause Remark 2574M->2574M(4096M) 6.990ms
[4339.948s][info][gc,cpu         ] GC(1210) User=0.03s Sys=0.01s Real=0.01s
[4339.948s][info][gc,marking     ] GC(1210) Concurrent Mark 1019.258ms
[4339.948s][info][gc,marking     ] GC(1210) Concurrent Rebuild Remembered Sets and Scrub Regions
[4340.379s][info][gc,marking     ] GC(1210) Concurrent Rebuild Remembered Sets and Scrub Regions 431.023ms
[4340.380s][info][gc,start       ] GC(1210) Pause Cleanup
[4340.380s][info][gc             ] GC(1210) Pause Cleanup 3012M->3012M(4096M) 0.129ms
[4340.380s][info][gc,cpu         ] GC(1210) User=0.00s Sys=0.00s Real=0.00s
[4340.380s][info][gc,marking     ] GC(1210) Concurrent Clear Claimed Marks
[4340.380s][info][gc,marking     ] GC(1210) Concurrent Clear Claimed Marks 0.025ms
[4340.380s][info][gc,marking     ] GC(1210) Concurrent Cleanup for Next Mark
[4340.390s][info][gc,marking     ] GC(1210) Concurrent Cleanup for Next Mark 9.769ms
[4340.390s][info][gc             ] GC(1210) Concurrent Mark Cycle 1707.457ms
.[4340.960s][info][gc,start       ] GC(1211) Pause Young (Prepare Mixed) (G1 Evacuation Pause)
[4340.960s][info][gc,task        ] GC(1211) Using 6 workers of 6 for evacuation
[4341.079s][info][gc,phases      ] GC(1211)   Pre Evacuate Collection Set: 0.34ms
[4341.079s][info][gc,phases      ] GC(1211)   Merge Heap Roots: 0.52ms
[4341.079s][info][gc,phases      ] GC(1211)   Evacuate Collection Set: 117.55ms
[4341.079s][info][gc,phases      ] GC(1211)   Post Evacuate Collection Set: 0.92ms
[4341.079s][info][gc,phases      ] GC(1211)   Other: 0.09ms
[4341.079s][info][gc,heap        ] GC(1211) Eden regions: 1117->0(1104)
[4341.079s][info][gc,heap        ] GC(1211) Survivor regions: 111->111(154)
[4341.079s][info][gc,heap        ] GC(1211) Old regions: 507->539
[4341.079s][info][gc,heap        ] GC(1211) Humongous regions: 80->80
[4341.079s][info][gc,metaspace   ] GC(1211) Metaspace: 28935K(29312K)->28935K(29312K) NonClass: 24067K(24256K)->24067K(24256K) Class: 4868K(5056K)->4868K(5056K)
[4341.079s][info][gc             ] GC(1211) Pause Young (Prepare Mixed) (G1 Evacuation Pause) 3628M->1458M(4096M) 119.561ms
[4341.080s][info][gc,cpu         ] GC(1211) User=0.71s Sys=0.00s Real=0.12s
..[4343.354s][info][gc,start       ] GC(1212) Pause Young (Mixed) (G1 Evacuation Pause)
[4343.354s][info][gc,task        ] GC(1212) Using 6 workers of 6 for evacuation
[4343.490s][info][gc,phases      ] GC(1212)   Pre Evacuate Collection Set: 0.37ms
[4343.490s][info][gc,phases      ] GC(1212)   Merge Heap Roots: 0.66ms
[4343.490s][info][gc,phases      ] GC(1212)   Evacuate Collection Set: 134.14ms
[4343.491s][info][gc,phases      ] GC(1212)   Post Evacuate Collection Set: 0.96ms
[4343.491s][info][gc,phases      ] GC(1212)   Other: 0.09ms
[4343.491s][info][gc,heap        ] GC(1212) Eden regions: 1104->0(1118)
[4343.491s][info][gc,heap        ] GC(1212) Survivor regions: 111->110(152)
[4343.491s][info][gc,heap        ] GC(1212) Old regions: 539->474
[4343.491s][info][gc,heap        ] GC(1212) Humongous regions: 80->80
[4343.491s][info][gc,metaspace   ] GC(1212) Metaspace: 28935K(29312K)->28935K(29312K) NonClass: 24067K(24256K)->24067K(24256K) Class: 4868K(5056K)->4868K(5056K)
[4343.491s][info][gc             ] GC(1212) Pause Young (Mixed) (G1 Evacuation Pause) 3666M->1327M(4096M) 136.345ms
[4343.491s][info][gc,cpu         ] GC(1212) User=0.80s Sys=0.00s Real=0.13s
..[4345.764s][info][gc,start       ] GC(1213) Pause Young (Concurrent Start) (G1 Evacuation Pause)
[4345.764s][info][gc,task        ] GC(1213) Using 6 workers of 6 for evacuation
[4345.886s][info][gc,phases      ] GC(1213)   Pre Evacuate Collection Set: 0.36ms
[4345.887s][info][gc,phases      ] GC(1213)   Merge Heap Roots: 0.47ms
[4345.887s][info][gc,phases      ] GC(1213)   Evacuate Collection Set: 120.87ms
[4345.887s][info][gc,phases      ] GC(1213)   Post Evacuate Collection Set: 0.87ms
[4345.887s][info][gc,phases      ] GC(1213)   Other: 0.09ms
[4345.887s][info][gc,heap        ] GC(1213) Eden regions: 1118->0(1114)
[4345.887s][info][gc,heap        ] GC(1213) Survivor regions: 110->114(154)
[4345.887s][info][gc,heap        ] GC(1213) Old regions: 474->505
[4345.887s][info][gc,heap        ] GC(1213) Humongous regions: 80->80
[4345.887s][info][gc,metaspace   ] GC(1213) Metaspace: 28935K(29312K)->28935K(29312K) NonClass: 24067K(24256K)->24067K(24256K) Class: 4868K(5056K)->4868K(5056K)
[4345.887s][info][gc             ] GC(1213) Pause Young (Concurrent Start) (G1 Evacuation Pause) 3563M->1397M(4096M) 122.787ms
[4345.887s][info][gc             ] GC(1214) Concurrent Mark Cycle
[4345.887s][info][gc,marking     ] GC(1214) Concurrent Scan Root Regions
[4345.887s][info][gc,cpu         ] GC(1213) User=0.73s Sys=0.00s Real=0.12s
.[4346.084s][info][gc,marking     ] GC(1214) Concurrent Scan Root Regions 197.759ms
[4346.084s][info][gc,marking     ] GC(1214) Concurrent Mark
[4346.084s][info][gc,marking     ] GC(1214) Concurrent Mark From Roots
[4346.084s][info][gc,task        ] GC(1214) Using 2 workers of 2 for marking
.[4347.060s][info][gc,marking     ] GC(1214) Concurrent Mark From Roots 975.843ms
[4347.060s][info][gc,marking     ] GC(1214) Concurrent Preclean
[4347.061s][info][gc,marking     ] GC(1214) Concurrent Preclean 0.153ms
[4347.064s][info][gc,start       ] GC(1214) Pause Remark
[4347.069s][info][gc             ] GC(1214) Pause Remark 2531M->2531M(4096M) 5.188ms
[4347.069s][info][gc,cpu         ] GC(1214) User=0.03s Sys=0.00s Real=0.00s
[4347.069s][info][gc,marking     ] GC(1214) Concurrent Mark 984.550ms
[4347.069s][info][gc,marking     ] GC(1214) Concurrent Rebuild Remembered Sets and Scrub Regions
[4347.513s][info][gc,marking     ] GC(1214) Concurrent Rebuild Remembered Sets and Scrub Regions 444.283ms
[4347.516s][info][gc,start       ] GC(1214) Pause Cleanup
[4347.516s][info][gc             ] GC(1214) Pause Cleanup 2963M->2963M(4096M) 0.133ms
[4347.516s][info][gc,cpu         ] GC(1214) User=0.00s Sys=0.00s Real=0.00s
[4347.516s][info][gc,marking     ] GC(1214) Concurrent Clear Claimed Marks
[4347.516s][info][gc,marking     ] GC(1214) Concurrent Clear Claimed Marks 0.031ms
[4347.516s][info][gc,marking     ] GC(1214) Concurrent Cleanup for Next Mark
[4347.523s][info][gc,marking     ] GC(1214) Concurrent Cleanup for Next Mark 6.327ms
[4347.523s][info][gc             ] GC(1214) Concurrent Mark Cycle 1636.023ms
.[4348.211s][info][gc,start       ] GC(1215) Pause Young (Prepare Mixed) (G1 Evacuation Pause)
[4348.211s][info][gc,task        ] GC(1215) Using 6 workers of 6 for evacuation
[4348.330s][info][gc,phases      ] GC(1215)   Pre Evacuate Collection Set: 0.35ms
[4348.330s][info][gc,phases      ] GC(1215)   Merge Heap Roots: 0.48ms
[4348.330s][info][gc,phases      ] GC(1215)   Evacuate Collection Set: 116.72ms
[4348.330s][info][gc,phases      ] GC(1215)   Post Evacuate Collection Set: 0.94ms
[4348.330s][info][gc,phases      ] GC(1215)   Other: 0.09ms
[4348.330s][info][gc,heap        ] GC(1215) Eden regions: 1114->0(1108)
[4348.330s][info][gc,heap        ] GC(1215) Survivor regions: 114->110(154)
[4348.330s][info][gc,heap        ] GC(1215) Old regions: 505->537
[4348.330s][info][gc,heap        ] GC(1215) Humongous regions: 80->80
[4348.330s][info][gc,metaspace   ] GC(1215) Metaspace: 28935K(29312K)->28935K(29312K) NonClass: 24067K(24256K)->24067K(24256K) Class: 4868K(5056K)->4868K(5056K)
[4348.330s][info][gc             ] GC(1215) Pause Young (Prepare Mixed) (G1 Evacuation Pause) 3625M->1452M(4096M) 118.712ms
[4348.330s][info][gc,cpu         ] GC(1215) User=0.70s Sys=0.00s Real=0.12s
..[4350.556s][info][gc,start       ] GC(1216) Pause Young (Mixed) (G1 Evacuation Pause)
[4350.556s][info][gc,task        ] GC(1216) Using 6 workers of 6 for evacuation
[4350.693s][info][gc,phases      ] GC(1216)   Pre Evacuate Collection Set: 0.36ms
[4350.693s][info][gc,phases      ] GC(1216)   Merge Heap Roots: 0.64ms
[4350.693s][info][gc,phases      ] GC(1216)   Evacuate Collection Set: 135.41ms
[4350.693s][info][gc,phases      ] GC(1216)   Post Evacuate Collection Set: 0.99ms
[4350.693s][info][gc,phases      ] GC(1216)   Other: 0.09ms
[4350.693s][info][gc,heap        ] GC(1216) Eden regions: 1108->0(1118)
[4350.693s][info][gc,heap        ] GC(1216) Survivor regions: 110->110(153)
[4350.693s][info][gc,heap        ] GC(1216) Old regions: 537->473
[4350.693s][info][gc,heap        ] GC(1216) Humongous regions: 80->80
[4350.693s][info][gc,metaspace   ] GC(1216) Metaspace: 28935K(29312K)->28935K(29312K) NonClass: 24067K(24256K)->24067K(24256K) Class: 4868K(5056K)->4868K(5056K)
[4350.693s][info][gc             ] GC(1216) Pause Young (Mixed) (G1 Evacuation Pause) 3668M->1325M(4096M) 137.627ms
[4350.693s][info][gc,cpu         ] GC(1216) User=0.81s Sys=0.00s Real=0.14s
...[4353.031s][info][gc,start       ] GC(1217) Pause Young (Concurrent Start) (G1 Evacuation Pause)
[4353.031s][info][gc,task        ] GC(1217) Using 6 workers of 6 for evacuation
[4353.151s][info][gc,phases      ] GC(1217)   Pre Evacuate Collection Set: 0.37ms
[4353.151s][info][gc,phases      ] GC(1217)   Merge Heap Roots: 0.46ms
[4353.151s][info][gc,phases      ] GC(1217)   Evacuate Collection Set: 118.24ms
[4353.151s][info][gc,phases      ] GC(1217)   Post Evacuate Collection Set: 0.91ms
[4353.151s][info][gc,phases      ] GC(1217)   Other: 0.10ms
[4353.151s][info][gc,heap        ] GC(1217) Eden regions: 1118->0(1116)
[4353.151s][info][gc,heap        ] GC(1217) Survivor regions: 110->112(154)
[4353.151s][info][gc,heap        ] GC(1217) Old regions: 473->505
[4353.151s][info][gc,heap        ] GC(1217) Humongous regions: 80->80
[4353.151s][info][gc,metaspace   ] GC(1217) Metaspace: 28935K(29312K)->28935K(29312K) NonClass: 24067K(24256K)->24067K(24256K) Class: 4868K(5056K)->4868K(5056K)
[4353.151s][info][gc             ] GC(1217) Pause Young (Concurrent Start) (G1 Evacuation Pause) 3561M->1392M(4096M) 120.217ms
[4353.151s][info][gc             ] GC(1218) Concurrent Mark Cycle
[4353.152s][info][gc,marking     ] GC(1218) Concurrent Scan Root Regions
[4353.152s][info][gc,cpu         ] GC(1217) User=0.71s Sys=0.00s Real=0.12s
[4353.340s][info][gc,marking     ] GC(1218) Concurrent Scan Root Regions 188.599ms
[4353.340s][info][gc,marking     ] GC(1218) Concurrent Mark
[4353.340s][info][gc,marking     ] GC(1218) Concurrent Mark From Roots
[4353.340s][info][gc,task        ] GC(1218) Using 2 workers of 2 for marking
.[4354.315s][info][gc,marking     ] GC(1218) Concurrent Mark From Roots 974.893ms
[4354.315s][info][gc,marking     ] GC(1218) Concurrent Preclean
[4354.315s][info][gc,marking     ] GC(1218) Concurrent Preclean 0.153ms
[4354.317s][info][gc,start       ] GC(1218) Pause Remark
[4354.322s][info][gc             ] GC(1218) Pause Remark 2420M->2420M(4096M) 4.908ms
[4354.322s][info][gc,cpu         ] GC(1218) User=0.03s Sys=0.00s Real=0.01s
[4354.322s][info][gc,marking     ] GC(1218) Concurrent Mark 982.328ms
[4354.322s][info][gc,marking     ] GC(1218) Concurrent Rebuild Remembered Sets and Scrub Regions
[4354.607s][info][gc,marking     ] GC(1218) Concurrent Rebuild Remembered Sets and Scrub Regions 284.210ms
[4354.609s][info][gc,start       ] GC(1218) Pause Cleanup
[4354.609s][info][gc             ] GC(1218) Pause Cleanup 2738M->2738M(4096M) 0.131ms
[4354.609s][info][gc,cpu         ] GC(1218) User=0.00s Sys=0.00s Real=0.00s
[4354.609s][info][gc,marking     ] GC(1218) Concurrent Clear Claimed Marks
[4354.609s][info][gc,marking     ] GC(1218) Concurrent Clear Claimed Marks 0.039ms
[4354.609s][info][gc,marking     ] GC(1218) Concurrent Cleanup for Next Mark
[4354.616s][info][gc,marking     ] GC(1218) Concurrent Cleanup for Next Mark 7.208ms
[4354.616s][info][gc             ] GC(1218) Concurrent Mark Cycle 1464.881ms
.[4355.413s][info][gc,start       ] GC(1219) Pause Young (Prepare Mixed) (G1 Evacuation Pause)
[4355.413s][info][gc,task        ] GC(1219) Using 6 workers of 6 for evacuation
[4355.535s][info][gc,phases      ] GC(1219)   Pre Evacuate Collection Set: 0.37ms
[4355.535s][info][gc,phases      ] GC(1219)   Merge Heap Roots: 0.49ms
[4355.535s][info][gc,phases      ] GC(1219)   Evacuate Collection Set: 120.17ms
[4355.535s][info][gc,phases      ] GC(1219)   Post Evacuate Collection Set: 0.92ms
[4355.535s][info][gc,phases      ] GC(1219)   Other: 0.09ms
[4355.535s][info][gc,heap        ] GC(1219) Eden regions: 1116->0(1102)
[4355.535s][info][gc,heap        ] GC(1219) Survivor regions: 112->114(154)
[4355.535s][info][gc,heap        ] GC(1219) Old regions: 505->535
[4355.535s][info][gc,heap        ] GC(1219) Humongous regions: 80->80
[4355.535s][info][gc,metaspace   ] GC(1219) Metaspace: 28935K(29312K)->28935K(29312K) NonClass: 24067K(24256K)->24067K(24256K) Class: 4868K(5056K)->4868K(5056K)
[4355.535s][info][gc             ] GC(1219) Pause Young (Prepare Mixed) (G1 Evacuation Pause) 3624M->1456M(4096M) 122.171ms
[4355.535s][info][gc,cpu         ] GC(1219) User=0.72s Sys=0.00s Real=0.12s
..[4357.849s][info][gc,start       ] GC(1220) Pause Young (Mixed) (G1 Evacuation Pause)
[4357.849s][info][gc,task        ] GC(1220) Using 6 workers of 6 for evacuation
[4357.984s][info][gc,phases      ] GC(1220)   Pre Evacuate Collection Set: 0.38ms
[4357.984s][info][gc,phases      ] GC(1220)   Merge Heap Roots: 0.66ms
[4357.984s][info][gc,phases      ] GC(1220)   Evacuate Collection Set: 132.87ms
[4357.984s][info][gc,phases      ] GC(1220)   Post Evacuate Collection Set: 0.97ms
[4357.984s][info][gc,phases      ] GC(1220)   Other: 0.09ms
[4357.984s][info][gc,heap        ] GC(1220) Eden regions: 1102->0(1118)
[4357.984s][info][gc,heap        ] GC(1220) Survivor regions: 114->110(152)
[4357.984s][info][gc,heap        ] GC(1220) Old regions: 535->474
[4357.984s][info][gc,heap        ] GC(1220) Humongous regions: 80->80
[4357.984s][info][gc,metaspace   ] GC(1220) Metaspace: 28935K(29312K)->28935K(29312K) NonClass: 24067K(24256K)->24067K(24256K) Class: 4868K(5056K)->4868K(5056K)
[4357.984s][info][gc             ] GC(1220) Pause Young (Mixed) (G1 Evacuation Pause) 3660M->1325M(4096M) 135.096ms
[4357.984s][info][gc,cpu         ] GC(1220) User=0.80s Sys=0.00s Real=0.14s
...[4360.289s][info][gc,start       ] GC(1221) Pause Young (Concurrent Start) (G1 Evacuation Pause)
[4360.289s][info][gc,task        ] GC(1221) Using 6 workers of 6 for evacuation
[4360.410s][info][gc,phases      ] GC(1221)   Pre Evacuate Collection Set: 0.36ms
[4360.410s][info][gc,phases      ] GC(1221)   Merge Heap Roots: 0.46ms
[4360.410s][info][gc,phases      ] GC(1221)   Evacuate Collection Set: 118.66ms
[4360.410s][info][gc,phases      ] GC(1221)   Post Evacuate Collection Set: 0.88ms
[4360.410s][info][gc,phases      ] GC(1221)   Other: 0.12ms
[4360.410s][info][gc,heap        ] GC(1221) Eden regions: 1118->0(1115)
[4360.410s][info][gc,heap        ] GC(1221) Survivor regions: 110->113(154)
[4360.410s][info][gc,heap        ] GC(1221) Old regions: 474->506
[4360.410s][info][gc,heap        ] GC(1221) Humongous regions: 80->80
[4360.410s][info][gc,metaspace   ] GC(1221) Metaspace: 28935K(29312K)->28935K(29312K) NonClass: 24067K(24256K)->24067K(24256K) Class: 4868K(5056K)->4868K(5056K)
[4360.410s][info][gc             ] GC(1221) Pause Young (Concurrent Start) (G1 Evacuation Pause) 3561M->1395M(4096M) 120.617ms
[4360.410s][info][gc             ] GC(1222) Concurrent Mark Cycle
[4360.410s][info][gc,marking     ] GC(1222) Concurrent Scan Root Regions
[4360.410s][info][gc,cpu         ] GC(1221) User=0.71s Sys=0.00s Real=0.12s
[4360.599s][info][gc,marking     ] GC(1222) Concurrent Scan Root Regions 188.645ms
[4360.599s][info][gc,marking     ] GC(1222) Concurrent Mark
[4360.599s][info][gc,marking     ] GC(1222) Concurrent Mark From Roots
[4360.599s][info][gc,task        ] GC(1222) Using 2 workers of 2 for marking
.[4361.675s][info][gc,marking     ] GC(1222) Concurrent Mark From Roots 1076.472ms
[4361.675s][info][gc,marking     ] GC(1222) Concurrent Preclean
[4361.675s][info][gc,marking     ] GC(1222) Concurrent Preclean 0.143ms
[4361.679s][info][gc,start       ] GC(1222) Pause Remark
[4361.687s][info][gc             ] GC(1222) Pause Remark 2521M->2521M(4096M) 8.189ms
[4361.687s][info][gc,cpu         ] GC(1222) User=0.05s Sys=0.00s Real=0.01s
[4361.687s][info][gc,marking     ] GC(1222) Concurrent Mark 1088.065ms
[4361.687s][info][gc,marking     ] GC(1222) Concurrent Rebuild Remembered Sets and Scrub Regions
[4362.055s][info][gc,marking     ] GC(1222) Concurrent Rebuild Remembered Sets and Scrub Regions 368.267ms
[4362.058s][info][gc,start       ] GC(1222) Pause Cleanup
[4362.059s][info][gc             ] GC(1222) Pause Cleanup 2951M->2951M(4096M) 0.137ms
[4362.059s][info][gc,cpu         ] GC(1222) User=0.00s Sys=0.00s Real=0.00s
[4362.059s][info][gc,marking     ] GC(1222) Concurrent Clear Claimed Marks
[4362.059s][info][gc,marking     ] GC(1222) Concurrent Clear Claimed Marks 0.028ms
[4362.059s][info][gc,marking     ] GC(1222) Concurrent Cleanup for Next Mark
[4362.064s][info][gc,marking     ] GC(1222) Concurrent Cleanup for Next Mark 5.123ms
[4362.064s][info][gc             ] GC(1222) Concurrent Mark Cycle 1653.844ms
.[4362.701s][info][gc,start       ] GC(1223) Pause Young (Prepare Mixed) (G1 Evacuation Pause)
[4362.701s][info][gc,task        ] GC(1223) Using 6 workers of 6 for evacuation
[4362.818s][info][gc,phases      ] GC(1223)   Pre Evacuate Collection Set: 0.34ms
[4362.818s][info][gc,phases      ] GC(1223)   Merge Heap Roots: 0.50ms
[4362.819s][info][gc,phases      ] GC(1223)   Evacuate Collection Set: 116.01ms
[4362.819s][info][gc,phases      ] GC(1223)   Post Evacuate Collection Set: 0.92ms
[4362.819s][info][gc,phases      ] GC(1223)   Other: 0.09ms
[4362.819s][info][gc,heap        ] GC(1223) Eden regions: 1115->0(1109)
[4362.819s][info][gc,heap        ] GC(1223) Survivor regions: 113->109(154)
[4362.819s][info][gc,heap        ] GC(1223) Old regions: 506->538
[4362.819s][info][gc,heap        ] GC(1223) Humongous regions: 80->80
[4362.819s][info][gc,metaspace   ] GC(1223) Metaspace: 28935K(29312K)->28935K(29312K) NonClass: 24067K(24256K)->24067K(24256K) Class: 4868K(5056K)->4868K(5056K)
[4362.819s][info][gc             ] GC(1223) Pause Young (Prepare Mixed) (G1 Evacuation Pause) 3625M->1452M(4096M) 118.019ms
[4362.819s][info][gc,cpu         ] GC(1223) User=0.69s Sys=0.00s Real=0.12s
..[4365.084s][info][gc,start       ] GC(1224) Pause Young (Mixed) (G1 Evacuation Pause)
[4365.085s][info][gc,task        ] GC(1224) Using 6 workers of 6 for evacuation
[4365.221s][info][gc,phases      ] GC(1224)   Pre Evacuate Collection Set: 0.36ms
[4365.221s][info][gc,phases      ] GC(1224)   Merge Heap Roots: 0.67ms
[4365.221s][info][gc,phases      ] GC(1224)   Evacuate Collection Set: 134.60ms
[4365.221s][info][gc,phases      ] GC(1224)   Post Evacuate Collection Set: 0.95ms
[4365.221s][info][gc,phases      ] GC(1224)   Other: 0.08ms
[4365.221s][info][gc,heap        ] GC(1224) Eden regions: 1109->0(1118)
[4365.221s][info][gc,heap        ] GC(1224) Survivor regions: 109->110(153)
[4365.221s][info][gc,heap        ] GC(1224) Old regions: 538->476
[4365.221s][info][gc,heap        ] GC(1224) Humongous regions: 80->80
[4365.221s][info][gc,metaspace   ] GC(1224) Metaspace: 28935K(29312K)->28935K(29312K) NonClass: 24067K(24256K)->24067K(24256K) Class: 4868K(5056K)->4868K(5056K)
[4365.221s][info][gc             ] GC(1224) Pause Young (Mixed) (G1 Evacuation Pause) 3670M->1330M(4096M) 136.818ms
[4365.221s][info][gc,cpu         ] GC(1224) User=0.81s Sys=0.00s Real=0.13s
...[4367.518s][info][gc,start       ] GC(1225) Pause Young (Concurrent Start) (G1 Evacuation Pause)
[4367.518s][info][gc,task        ] GC(1225) Using 6 workers of 6 for evacuation
[4367.638s][info][gc,phases      ] GC(1225)   Pre Evacuate Collection Set: 0.36ms
[4367.638s][info][gc,phases      ] GC(1225)   Merge Heap Roots: 0.46ms
[4367.638s][info][gc,phases      ] GC(1225)   Evacuate Collection Set: 118.84ms
[4367.638s][info][gc,phases      ] GC(1225)   Post Evacuate Collection Set: 0.84ms
[4367.638s][info][gc,phases      ] GC(1225)   Other: 0.11ms
[4367.638s][info][gc,heap        ] GC(1225) Eden regions: 1118->0(1116)
[4367.638s][info][gc,heap        ] GC(1225) Survivor regions: 110->112(154)
[4367.638s][info][gc,heap        ] GC(1225) Old regions: 476->507
[4367.638s][info][gc,heap        ] GC(1225) Humongous regions: 80->80
[4367.638s][info][gc,metaspace   ] GC(1225) Metaspace: 28935K(29312K)->28935K(29312K) NonClass: 24067K(24256K)->24067K(24256K) Class: 4868K(5056K)->4868K(5056K)
[4367.639s][info][gc             ] GC(1225) Pause Young (Concurrent Start) (G1 Evacuation Pause) 3566M->1396M(4096M) 120.729ms
[4367.639s][info][gc             ] GC(1226) Concurrent Mark Cycle
[4367.639s][info][gc,marking     ] GC(1226) Concurrent Scan Root Regions
[4367.639s][info][gc,cpu         ] GC(1225) User=0.71s Sys=0.00s Real=0.12s
[4367.847s][info][gc,marking     ] GC(1226) Concurrent Scan Root Regions 208.557ms
[4367.847s][info][gc,marking     ] GC(1226) Concurrent Mark
[4367.847s][info][gc,marking     ] GC(1226) Concurrent Mark From Roots
[4367.847s][info][gc,task        ] GC(1226) Using 2 workers of 2 for marking
.[4368.857s][info][gc,marking     ] GC(1226) Concurrent Mark From Roots 1010.264ms
[4368.858s][info][gc,marking     ] GC(1226) Concurrent Preclean
[4368.858s][info][gc,marking     ] GC(1226) Concurrent Preclean 0.166ms
[4368.860s][info][gc,start       ] GC(1226) Pause Remark
[4368.867s][info][gc             ] GC(1226) Pause Remark 2580M->2580M(4096M) 6.212ms
[4368.867s][info][gc,cpu         ] GC(1226) User=0.04s Sys=0.00s Real=0.01s
[4368.867s][info][gc,marking     ] GC(1226) Concurrent Mark 1019.640ms
[4368.867s][info][gc,marking     ] GC(1226) Concurrent Rebuild Remembered Sets and Scrub Regions
[4369.264s][info][gc,marking     ] GC(1226) Concurrent Rebuild Remembered Sets and Scrub Regions 397.546ms
[4369.265s][info][gc,start       ] GC(1226) Pause Cleanup
[4369.265s][info][gc             ] GC(1226) Pause Cleanup 2962M->2962M(4096M) 0.112ms
[4369.265s][info][gc,cpu         ] GC(1226) User=0.00s Sys=0.00s Real=0.00s
[4369.265s][info][gc,marking     ] GC(1226) Concurrent Clear Claimed Marks
[4369.265s][info][gc,marking     ] GC(1226) Concurrent Clear Claimed Marks 0.025ms
[4369.265s][info][gc,marking     ] GC(1226) Concurrent Cleanup for Next Mark
[4369.270s][info][gc,marking     ] GC(1226) Concurrent Cleanup for Next Mark 5.031ms
[4369.270s][info][gc             ] GC(1226) Concurrent Mark Cycle 1631.707ms
.[4369.954s][info][gc,start       ] GC(1227) Pause Young (Prepare Mixed) (G1 Evacuation Pause)
[4369.954s][info][gc,task        ] GC(1227) Using 6 workers of 6 for evacuation
[4370.074s][info][gc,phases      ] GC(1227)   Pre Evacuate Collection Set: 0.33ms
[4370.074s][info][gc,phases      ] GC(1227)   Merge Heap Roots: 0.47ms
[4370.074s][info][gc,phases      ] GC(1227)   Evacuate Collection Set: 117.62ms
[4370.074s][info][gc,phases      ] GC(1227)   Post Evacuate Collection Set: 0.92ms
[4370.074s][info][gc,phases      ] GC(1227)   Other: 0.10ms
[4370.074s][info][gc,heap        ] GC(1227) Eden regions: 1116->0(1103)
[4370.074s][info][gc,heap        ] GC(1227) Survivor regions: 112->112(154)
[4370.074s][info][gc,heap        ] GC(1227) Old regions: 507->538
[4370.074s][info][gc,heap        ] GC(1227) Humongous regions: 80->80
[4370.074s][info][gc,metaspace   ] GC(1227) Metaspace: 28935K(29312K)->28935K(29312K) NonClass: 24067K(24256K)->24067K(24256K) Class: 4868K(5056K)->4868K(5056K)
[4370.074s][info][gc             ] GC(1227) Pause Young (Prepare Mixed) (G1 Evacuation Pause) 3628M->1458M(4096M) 119.586ms
[4370.074s][info][gc,cpu         ] GC(1227) User=0.71s Sys=0.00s Real=0.12s
..[4372.324s][info][gc,start       ] GC(1228) Pause Young (Mixed) (G1 Evacuation Pause)
[4372.324s][info][gc,task        ] GC(1228) Using 6 workers of 6 for evacuation
[4372.458s][info][gc,phases      ] GC(1228)   Pre Evacuate Collection Set: 0.40ms
[4372.458s][info][gc,phases      ] GC(1228)   Merge Heap Roots: 0.63ms
[4372.458s][info][gc,phases      ] GC(1228)   Evacuate Collection Set: 131.83ms
[4372.458s][info][gc,phases      ] GC(1228)   Post Evacuate Collection Set: 0.94ms
[4372.458s][info][gc,phases      ] GC(1228)   Other: 0.09ms
[4372.458s][info][gc,heap        ] GC(1228) Eden regions: 1103->0(1119)
[4372.458s][info][gc,heap        ] GC(1228) Survivor regions: 112->109(152)
[4372.458s][info][gc,heap        ] GC(1228) Old regions: 538->473
[4372.458s][info][gc,heap        ] GC(1228) Humongous regions: 80->80
[4372.458s][info][gc,metaspace   ] GC(1228) Metaspace: 28935K(29312K)->28935K(29312K) NonClass: 24067K(24256K)->24067K(24256K) Class: 4868K(5056K)->4868K(5056K)
[4372.458s][info][gc             ] GC(1228) Pause Young (Mixed) (G1 Evacuation Pause) 3664M->1322M(4096M) 134.030ms
[4372.458s][info][gc,cpu         ] GC(1228) User=0.79s Sys=0.00s Real=0.13s
. (rIR:aIR:PR = 7749:7767:7767) (tPR = 115297) [OK] 
  4372s: Performance info:
         Transaction,    Success,    Partial,     Failed,   Receipts, AvgBarcode, 
             Overall,     467780,          0,          0,     444465,      59.48, 
         Response times:
             Request,    Success,    Partial,     Failed,   SkipFail,     Probes,    Samples,      min,      p50,      p90,      p95,      p99,      max, 
       TotalPurchase,     444465,          0,          0,          0,     351947,     431756,      300,     7200,   104000,   145000,   213000,   562000,
     InStorePurchase,     233689,          0,          0,          0,     184374,     226933,      300,     7200,   105000,   146000,   209000,   542000,
      OnlinePurchase,     163997,          0,          0,          0,     129783,     158668,      300,     7200,   104000,   144550,   215000,   562000,
        InstPurchase,      46779,          0,          0,          0,      37790,      46155,      400,     7400,   102000,   145000,   216000,   382000,
          AssocOfCat,        466,          0,          0,          0,        360,        525,    25000,    44000,   158400,   203000,   282360,   329000,
      AssocOfProduct,       4663,          0,          0,          0,       4300,       5441,      700,     6600,    98000,   139000,   209740,   284000,
      BusinessReport,       1165,          0,          0,          0,       1010,       1359,    28000,    52000,   160000,   191000,   286000,   431000,
          CustBuyBeh,       4664,          0,          0,          0,       4307,       5475,      700,     7800,   104000,   143000,   216000,   483000,
       ProductReturn,      12356,          0,          0,          0,       9362,      11661,      300,     8000,   105000,   143000,   213000,   381000,

  4372s: (57%)   IR =   7887 ..[4374.767s][info][gc,start       ] GC(1229) Pause Young (Concurrent Start) (G1 Evacuation Pause)
[4374.767s][info][gc,task        ] GC(1229) Using 6 workers of 6 for evacuation
[4374.885s][info][gc,phases      ] GC(1229)   Pre Evacuate Collection Set: 0.40ms
[4374.885s][info][gc,phases      ] GC(1229)   Merge Heap Roots: 0.48ms
[4374.885s][info][gc,phases      ] GC(1229)   Evacuate Collection Set: 115.65ms
[4374.885s][info][gc,phases      ] GC(1229)   Post Evacuate Collection Set: 0.91ms
[4374.885s][info][gc,phases      ] GC(1229)   Other: 0.13ms
[4374.885s][info][gc,heap        ] GC(1229) Eden regions: 1119->0(1119)
[4374.885s][info][gc,heap        ] GC(1229) Survivor regions: 109->109(154)
[4374.885s][info][gc,heap        ] GC(1229) Old regions: 473->506
[4374.885s][info][gc,heap        ] GC(1229) Humongous regions: 80->80
[4374.885s][info][gc,metaspace   ] GC(1229) Metaspace: 28935K(29312K)->28935K(29312K) NonClass: 24067K(24256K)->24067K(24256K) Class: 4868K(5056K)->4868K(5056K)
[4374.885s][info][gc             ] GC(1229) Pause Young (Concurrent Start) (G1 Evacuation Pause) 3560M->1388M(4096M) 117.693ms
[4374.885s][info][gc             ] GC(1230) Concurrent Mark Cycle
[4374.885s][info][gc,marking     ] GC(1230) Concurrent Scan Root Regions
[4374.885s][info][gc,cpu         ] GC(1229) User=0.70s Sys=0.00s Real=0.12s
[4375.080s][info][gc,marking     ] GC(1230) Concurrent Scan Root Regions 195.721ms
[4375.080s][info][gc,marking     ] GC(1230) Concurrent Mark
[4375.080s][info][gc,marking     ] GC(1230) Concurrent Mark From Roots
[4375.080s][info][gc,task        ] GC(1230) Using 2 workers of 2 for marking
.[4376.081s][info][gc,marking     ] GC(1230) Concurrent Mark From Roots 1000.479ms
[4376.081s][info][gc,marking     ] GC(1230) Concurrent Preclean
[4376.081s][info][gc,marking     ] GC(1230) Concurrent Preclean 0.149ms
[4376.083s][info][gc,start       ] GC(1230) Pause Remark
[4376.089s][info][gc             ] GC(1230) Pause Remark 2576M->2576M(4096M) 5.335ms
[4376.089s][info][gc,cpu         ] GC(1230) User=0.03s Sys=0.01s Real=0.00s
[4376.090s][info][gc,marking     ] GC(1230) Concurrent Mark 1009.492ms
[4376.090s][info][gc,marking     ] GC(1230) Concurrent Rebuild Remembered Sets and Scrub Regions
[4376.409s][info][gc,marking     ] GC(1230) Concurrent Rebuild Remembered Sets and Scrub Regions 319.362ms
[4376.410s][info][gc,start       ] GC(1230) Pause Cleanup
[4376.410s][info][gc             ] GC(1230) Pause Cleanup 2900M->2900M(4096M) 0.136ms
[4376.410s][info][gc,cpu         ] GC(1230) User=0.00s Sys=0.00s Real=0.00s
[4376.411s][info][gc,marking     ] GC(1230) Concurrent Clear Claimed Marks
[4376.411s][info][gc,marking     ] GC(1230) Concurrent Clear Claimed Marks 0.022ms
[4376.411s][info][gc,marking     ] GC(1230) Concurrent Cleanup for Next Mark
[4376.417s][info][gc,marking     ] GC(1230) Concurrent Cleanup for Next Mark 6.806ms
[4376.417s][info][gc             ] GC(1230) Concurrent Mark Cycle 1532.727ms
.[4377.109s][info][gc,start       ] GC(1231) Pause Young (Prepare Mixed) (G1 Evacuation Pause)
[4377.109s][info][gc,task        ] GC(1231) Using 6 workers of 6 for evacuation
[4377.236s][info][gc,phases      ] GC(1231)   Pre Evacuate Collection Set: 0.32ms
[4377.236s][info][gc,phases      ] GC(1231)   Merge Heap Roots: 0.52ms
[4377.236s][info][gc,phases      ] GC(1231)   Evacuate Collection Set: 125.63ms
[4377.236s][info][gc,phases      ] GC(1231)   Post Evacuate Collection Set: 0.96ms
[4377.236s][info][gc,phases      ] GC(1231)   Other: 0.08ms
[4377.236s][info][gc,heap        ] GC(1231) Eden regions: 1119->0(1090)
[4377.236s][info][gc,heap        ] GC(1231) Survivor regions: 109->119(154)
[4377.236s][info][gc,heap        ] GC(1231) Old regions: 506->537
[4377.236s][info][gc,heap        ] GC(1231) Humongous regions: 80->80
[4377.236s][info][gc,metaspace   ] GC(1231) Metaspace: 28935K(29312K)->28935K(29312K) NonClass: 24067K(24256K)->24067K(24256K) Class: 4868K(5056K)->4868K(5056K)
[4377.236s][info][gc             ] GC(1231) Pause Young (Prepare Mixed) (G1 Evacuation Pause) 3626M->1469M(4096M) 127.636ms
[4377.236s][info][gc,cpu         ] GC(1231) User=0.76s Sys=0.00s Real=0.13s
..[4379.489s][info][gc,start       ] GC(1232) Pause Young (Mixed) (G1 Evacuation Pause)
[4379.489s][info][gc,task        ] GC(1232) Using 6 workers of 6 for evacuation
[4379.622s][info][gc,phases      ] GC(1232)   Pre Evacuate Collection Set: 0.41ms
[4379.622s][info][gc,phases      ] GC(1232)   Merge Heap Roots: 0.68ms
[4379.622s][info][gc,phases      ] GC(1232)   Evacuate Collection Set: 130.75ms
[4379.622s][info][gc,phases      ] GC(1232)   Post Evacuate Collection Set: 0.98ms
[4379.622s][info][gc,phases      ] GC(1232)   Other: 0.09ms
[4379.622s][info][gc,heap        ] GC(1232) Eden regions: 1090->0(1120)
[4379.622s][info][gc,heap        ] GC(1232) Survivor regions: 119->108(152)
[4379.622s][info][gc,heap        ] GC(1232) Old regions: 537->476
[4379.622s][info][gc,heap        ] GC(1232) Humongous regions: 80->80
[4379.622s][info][gc,metaspace   ] GC(1232) Metaspace: 28935K(29312K)->28935K(29312K) NonClass: 24067K(24256K)->24067K(24256K) Class: 4868K(5056K)->4868K(5056K)
[4379.622s][info][gc             ] GC(1232) Pause Young (Mixed) (G1 Evacuation Pause) 3649M->1326M(4096M) 133.065ms
[4379.622s][info][gc,cpu         ] GC(1232) User=0.79s Sys=0.00s Real=0.14s
.|..[4381.890s][info][gc,start       ] GC(1233) Pause Young (Concurrent Start) (G1 Evacuation Pause)
[4381.890s][info][gc,task        ] GC(1233) Using 6 workers of 6 for evacuation
[4382.009s][info][gc,phases      ] GC(1233)   Pre Evacuate Collection Set: 0.39ms
[4382.009s][info][gc,phases      ] GC(1233)   Merge Heap Roots: 0.45ms
[4382.009s][info][gc,phases      ] GC(1233)   Evacuate Collection Set: 117.49ms
[4382.009s][info][gc,phases      ] GC(1233)   Post Evacuate Collection Set: 0.90ms
[4382.009s][info][gc,phases      ] GC(1233)   Other: 0.12ms
[4382.009s][info][gc,heap        ] GC(1233) Eden regions: 1120->0(1118)
[4382.009s][info][gc,heap        ] GC(1233) Survivor regions: 108->110(154)
[4382.009s][info][gc,heap        ] GC(1233) Old regions: 476->508
[4382.009s][info][gc,heap        ] GC(1233) Humongous regions: 80->80
[4382.009s][info][gc,metaspace   ] GC(1233) Metaspace: 28935K(29312K)->28935K(29312K) NonClass: 24067K(24256K)->24067K(24256K) Class: 4868K(5056K)->4868K(5056K)
[4382.009s][info][gc             ] GC(1233) Pause Young (Concurrent Start) (G1 Evacuation Pause) 3566M->1394M(4096M) 119.487ms
[4382.009s][info][gc             ] GC(1234) Concurrent Mark Cycle
[4382.009s][info][gc,marking     ] GC(1234) Concurrent Scan Root Regions
[4382.009s][info][gc,cpu         ] GC(1233) User=0.70s Sys=0.01s Real=0.12s
[4382.169s][info][gc,marking     ] GC(1234) Concurrent Scan Root Regions 159.580ms
[4382.169s][info][gc,marking     ] GC(1234) Concurrent Mark
[4382.169s][info][gc,marking     ] GC(1234) Concurrent Mark From Roots
[4382.169s][info][gc,task        ] GC(1234) Using 2 workers of 2 for marking
.[4382.924s][info][gc,marking     ] GC(1234) Concurrent Mark From Roots 754.948ms
[4382.924s][info][gc,marking     ] GC(1234) Concurrent Preclean
[4382.924s][info][gc,marking     ] GC(1234) Concurrent Preclean 0.116ms
[4382.926s][info][gc,start       ] GC(1234) Pause Remark
[4382.931s][info][gc             ] GC(1234) Pause Remark 2264M->2264M(4096M) 4.936ms
[4382.931s][info][gc,cpu         ] GC(1234) User=0.03s Sys=0.00s Real=0.00s
[4382.931s][info][gc,marking     ] GC(1234) Concurrent Mark 762.216ms
[4382.931s][info][gc,marking     ] GC(1234) Concurrent Rebuild Remembered Sets and Scrub Regions
[4383.377s][info][gc,marking     ] GC(1234) Concurrent Rebuild Remembered Sets and Scrub Regions 445.184ms
[4383.377s][info][gc,start       ] GC(1234) Pause Cleanup
[4383.377s][info][gc             ] GC(1234) Pause Cleanup 2670M->2670M(4096M) 0.130ms
[4383.377s][info][gc,cpu         ] GC(1234) User=0.00s Sys=0.00s Real=0.00s
[4383.378s][info][gc,marking     ] GC(1234) Concurrent Clear Claimed Marks
[4383.378s][info][gc,marking     ] GC(1234) Concurrent Clear Claimed Marks 0.043ms
[4383.378s][info][gc,marking     ] GC(1234) Concurrent Cleanup for Next Mark
[4383.384s][info][gc,marking     ] GC(1234) Concurrent Cleanup for Next Mark 5.368ms
[4383.384s][info][gc             ] GC(1234) Concurrent Mark Cycle 1374.331ms
.[4384.216s][info][gc,start       ] GC(1235) Pause Young (Prepare Mixed) (G1 Evacuation Pause)
[4384.217s][info][gc,task        ] GC(1235) Using 6 workers of 6 for evacuation
[4384.334s][info][gc,phases      ] GC(1235)   Pre Evacuate Collection Set: 0.37ms
[4384.334s][info][gc,phases      ] GC(1235)   Merge Heap Roots: 0.51ms
[4384.335s][info][gc,phases      ] GC(1235)   Evacuate Collection Set: 116.06ms
[4384.335s][info][gc,phases      ] GC(1235)   Post Evacuate Collection Set: 0.93ms
[4384.335s][info][gc,phases      ] GC(1235)   Other: 0.09ms
[4384.335s][info][gc,heap        ] GC(1235) Eden regions: 1118->0(1108)
[4384.335s][info][gc,heap        ] GC(1235) Survivor regions: 110->109(154)
[4384.335s][info][gc,heap        ] GC(1235) Old regions: 508->539
[4384.335s][info][gc,heap        ] GC(1235) Humongous regions: 80->80
[4384.335s][info][gc,metaspace   ] GC(1235) Metaspace: 28935K(29312K)->28935K(29312K) NonClass: 24067K(24256K)->24067K(24256K) Class: 4868K(5056K)->4868K(5056K)
[4384.335s][info][gc             ] GC(1235) Pause Young (Prepare Mixed) (G1 Evacuation Pause) 3630M->1455M(4096M) 118.099ms
[4384.335s][info][gc,cpu         ] GC(1235) User=0.70s Sys=0.00s Real=0.12s
..[4386.620s][info][gc,start       ] GC(1236) Pause Young (Mixed) (G1 Evacuation Pause)
[4386.620s][info][gc,task        ] GC(1236) Using 6 workers of 6 for evacuation
[4386.755s][info][gc,phases      ] GC(1236)   Pre Evacuate Collection Set: 0.34ms
[4386.755s][info][gc,phases      ] GC(1236)   Merge Heap Roots: 0.67ms
[4386.755s][info][gc,phases      ] GC(1236)   Evacuate Collection Set: 132.95ms
[4386.755s][info][gc,phases      ] GC(1236)   Post Evacuate Collection Set: 0.96ms
[4386.755s][info][gc,phases      ] GC(1236)   Other: 0.09ms
[4386.755s][info][gc,heap        ] GC(1236) Eden regions: 1108->0(1119)
[4386.755s][info][gc,heap        ] GC(1236) Survivor regions: 109->109(153)
[4386.755s][info][gc,heap        ] GC(1236) Old regions: 539->475
[4386.755s][info][gc,heap        ] GC(1236) Humongous regions: 80->80
[4386.755s][info][gc,metaspace   ] GC(1236) Metaspace: 28935K(29312K)->28935K(29312K) NonClass: 24067K(24256K)->24067K(24256K) Class: 4868K(5056K)->4868K(5056K)
[4386.756s][info][gc             ] GC(1236) Pause Young (Mixed) (G1 Evacuation Pause) 3671M->1326M(4096M) 135.154ms
[4386.756s][info][gc,cpu         ] GC(1236) User=0.80s Sys=0.00s Real=0.14s
...[4388.996s][info][gc,start       ] GC(1237) Pause Young (Concurrent Start) (G1 Evacuation Pause)
[4388.996s][info][gc,task        ] GC(1237) Using 6 workers of 6 for evacuation
[4389.116s][info][gc,phases      ] GC(1237)   Pre Evacuate Collection Set: 0.39ms
[4389.116s][info][gc,phases      ] GC(1237)   Merge Heap Roots: 0.53ms
[4389.116s][info][gc,phases      ] GC(1237)   Evacuate Collection Set: 117.93ms
[4389.116s][info][gc,phases      ] GC(1237)   Post Evacuate Collection Set: 0.88ms
[4389.116s][info][gc,phases      ] GC(1237)   Other: 0.12ms
[4389.116s][info][gc,heap        ] GC(1237) Eden regions: 1119->0(1117)
[4389.116s][info][gc,heap        ] GC(1237) Survivor regions: 109->111(154)
[4389.116s][info][gc,heap        ] GC(1237) Old regions: 475->506
[4389.116s][info][gc,heap        ] GC(1237) Humongous regions: 80->80
[4389.116s][info][gc,metaspace   ] GC(1237) Metaspace: 28935K(29312K)->28935K(29312K) NonClass: 24067K(24256K)->24067K(24256K) Class: 4868K(5056K)->4868K(5056K)
[4389.116s][info][gc             ] GC(1237) Pause Young (Concurrent Start) (G1 Evacuation Pause) 3564M->1392M(4096M) 119.987ms
[4389.116s][info][gc             ] GC(1238) Concurrent Mark Cycle
[4389.116s][info][gc,marking     ] GC(1238) Concurrent Scan Root Regions
[4389.116s][info][gc,cpu         ] GC(1237) User=0.71s Sys=0.00s Real=0.12s
[4389.270s][info][gc,marking     ] GC(1238) Concurrent Scan Root Regions 153.940ms
[4389.270s][info][gc,marking     ] GC(1238) Concurrent Mark
[4389.270s][info][gc,marking     ] GC(1238) Concurrent Mark From Roots
[4389.270s][info][gc,task        ] GC(1238) Using 2 workers of 2 for marking
.[4390.043s][info][gc,marking     ] GC(1238) Concurrent Mark From Roots 773.166ms
[4390.043s][info][gc,marking     ] GC(1238) Concurrent Preclean
[4390.043s][info][gc,marking     ] GC(1238) Concurrent Preclean 0.127ms
[4390.045s][info][gc,start       ] GC(1238) Pause Remark
[4390.052s][info][gc             ] GC(1238) Pause Remark 2248M->2248M(4096M) 6.500ms
[4390.052s][info][gc,cpu         ] GC(1238) User=0.04s Sys=0.00s Real=0.00s
[4390.052s][info][gc,marking     ] GC(1238) Concurrent Mark 781.699ms
[4390.052s][info][gc,marking     ] GC(1238) Concurrent Rebuild Remembered Sets and Scrub Regions
[4390.307s][info][gc,marking     ] GC(1238) Concurrent Rebuild Remembered Sets and Scrub Regions 255.314ms
[4390.307s][info][gc,start       ] GC(1238) Pause Cleanup
[4390.307s][info][gc             ] GC(1238) Pause Cleanup 2417M->2417M(4096M) 0.108ms
[4390.307s][info][gc,cpu         ] GC(1238) User=0.00s Sys=0.00s Real=0.00s
[4390.307s][info][gc,marking     ] GC(1238) Concurrent Clear Claimed Marks
[4390.307s][info][gc,marking     ] GC(1238) Concurrent Clear Claimed Marks 0.020ms
[4390.307s][info][gc,marking     ] GC(1238) Concurrent Cleanup for Next Mark
[4390.313s][info][gc,marking     ] GC(1238) Concurrent Cleanup for Next Mark 5.220ms
[4390.313s][info][gc             ] GC(1238) Concurrent Mark Cycle 1196.667ms
.[4391.357s][info][gc,start       ] GC(1239) Pause Young (Prepare Mixed) (G1 Evacuation Pause)
[4391.357s][info][gc,task        ] GC(1239) Using 6 workers of 6 for evacuation
[4391.480s][info][gc,phases      ] GC(1239)   Pre Evacuate Collection Set: 0.34ms
[4391.480s][info][gc,phases      ] GC(1239)   Merge Heap Roots: 0.50ms
[4391.480s][info][gc,phases      ] GC(1239)   Evacuate Collection Set: 120.89ms
[4391.480s][info][gc,phases      ] GC(1239)   Post Evacuate Collection Set: 0.92ms
[4391.480s][info][gc,phases      ] GC(1239)   Other: 0.09ms
[4391.480s][info][gc,heap        ] GC(1239) Eden regions: 1117->0(1098)
[4391.480s][info][gc,heap        ] GC(1239) Survivor regions: 111->115(154)
[4391.480s][info][gc,heap        ] GC(1239) Old regions: 506->537
[4391.480s][info][gc,heap        ] GC(1239) Humongous regions: 80->80
[4391.480s][info][gc,metaspace   ] GC(1239) Metaspace: 28935K(29312K)->28935K(29312K) NonClass: 24067K(24256K)->24067K(24256K) Class: 4868K(5056K)->4868K(5056K)
[4391.480s][info][gc             ] GC(1239) Pause Young (Prepare Mixed) (G1 Evacuation Pause) 3626M->1463M(4096M) 122.872ms
[4391.480s][info][gc,cpu         ] GC(1239) User=0.73s Sys=0.00s Real=0.12s
..[4393.690s][info][gc,start       ] GC(1240) Pause Young (Mixed) (G1 Evacuation Pause)
[4393.690s][info][gc,task        ] GC(1240) Using 6 workers of 6 for evacuation
[4393.829s][info][gc,phases      ] GC(1240)   Pre Evacuate Collection Set: 0.36ms
[4393.829s][info][gc,phases      ] GC(1240)   Merge Heap Roots: 0.64ms
[4393.829s][info][gc,phases      ] GC(1240)   Evacuate Collection Set: 136.66ms
[4393.829s][info][gc,phases      ] GC(1240)   Post Evacuate Collection Set: 0.93ms
[4393.829s][info][gc,phases      ] GC(1240)   Other: 0.09ms
[4393.829s][info][gc,heap        ] GC(1240) Eden regions: 1098->0(1114)
[4393.829s][info][gc,heap        ] GC(1240) Survivor regions: 115->114(152)
[4393.829s][info][gc,heap        ] GC(1240) Old regions: 537->474
[4393.829s][info][gc,heap        ] GC(1240) Humongous regions: 80->80
[4393.829s][info][gc,metaspace   ] GC(1240) Metaspace: 28935K(29312K)->28935K(29312K) NonClass: 24067K(24256K)->24067K(24256K) Class: 4868K(5056K)->4868K(5056K)
[4393.829s][info][gc             ] GC(1240) Pause Young (Mixed) (G1 Evacuation Pause) 3659M->1333M(4096M) 138.809ms
[4393.829s][info][gc,cpu         ] GC(1240) User=0.82s Sys=0.00s Real=0.14s
...[4396.115s][info][gc,start       ] GC(1241) Pause Young (Concurrent Start) (G1 Evacuation Pause)
[4396.115s][info][gc,task        ] GC(1241) Using 6 workers of 6 for evacuation
[4396.237s][info][gc,phases      ] GC(1241)   Pre Evacuate Collection Set: 0.34ms
[4396.237s][info][gc,phases      ] GC(1241)   Merge Heap Roots: 0.46ms
[4396.237s][info][gc,phases      ] GC(1241)   Evacuate Collection Set: 120.21ms
[4396.237s][info][gc,phases      ] GC(1241)   Post Evacuate Collection Set: 0.85ms
[4396.237s][info][gc,phases      ] GC(1241)   Other: 0.13ms
[4396.237s][info][gc,heap        ] GC(1241) Eden regions: 1114->0(1117)
[4396.237s][info][gc,heap        ] GC(1241) Survivor regions: 114->111(154)
[4396.237s][info][gc,heap        ] GC(1241) Old regions: 474->506
[4396.237s][info][gc,heap        ] GC(1241) Humongous regions: 80->80
[4396.237s][info][gc,metaspace   ] GC(1241) Metaspace: 28935K(29312K)->28935K(29312K) NonClass: 24067K(24256K)->24067K(24256K) Class: 4868K(5056K)->4868K(5056K)
[4396.237s][info][gc             ] GC(1241) Pause Young (Concurrent Start) (G1 Evacuation Pause) 3561M->1392M(4096M) 122.148ms
[4396.237s][info][gc             ] GC(1242) Concurrent Mark Cycle
[4396.237s][info][gc,marking     ] GC(1242) Concurrent Scan Root Regions
[4396.237s][info][gc,cpu         ] GC(1241) User=0.72s Sys=0.00s Real=0.12s
[4396.403s][info][gc,marking     ] GC(1242) Concurrent Scan Root Regions 166.385ms
[4396.403s][info][gc,marking     ] GC(1242) Concurrent Mark
[4396.403s][info][gc,marking     ] GC(1242) Concurrent Mark From Roots
[4396.403s][info][gc,task        ] GC(1242) Using 2 workers of 2 for marking
.[4397.415s][info][gc,marking     ] GC(1242) Concurrent Mark From Roots 1011.938ms
[4397.415s][info][gc,marking     ] GC(1242) Concurrent Preclean
[4397.415s][info][gc,marking     ] GC(1242) Concurrent Preclean 0.110ms
[4397.416s][info][gc,start       ] GC(1242) Pause Remark
[4397.421s][info][gc             ] GC(1242) Pause Remark 2460M->2460M(4096M) 4.458ms
[4397.421s][info][gc,cpu         ] GC(1242) User=0.02s Sys=0.00s Real=0.00s
[4397.421s][info][gc,marking     ] GC(1242) Concurrent Mark 1017.944ms
[4397.421s][info][gc,marking     ] GC(1242) Concurrent Rebuild Remembered Sets and Scrub Regions
[4397.791s][info][gc,marking     ] GC(1242) Concurrent Rebuild Remembered Sets and Scrub Regions 369.893ms
[4397.792s][info][gc,start       ] GC(1242) Pause Cleanup
[4397.792s][info][gc             ] GC(1242) Pause Cleanup 2862M->2862M(4096M) 0.127ms
[4397.792s][info][gc,cpu         ] GC(1242) User=0.00s Sys=0.00s Real=0.00s
[4397.793s][info][gc,marking     ] GC(1242) Concurrent Clear Claimed Marks
[4397.793s][info][gc,marking     ] GC(1242) Concurrent Clear Claimed Marks 0.043ms
[4397.793s][info][gc,marking     ] GC(1242) Concurrent Cleanup for Next Mark
[4397.799s][info][gc,marking     ] GC(1242) Concurrent Cleanup for Next Mark 5.952ms
[4397.799s][info][gc             ] GC(1242) Concurrent Mark Cycle 1561.910ms
.[4398.469s][info][gc,start       ] GC(1243) Pause Young (Prepare Mixed) (G1 Evacuation Pause)
[4398.469s][info][gc,task        ] GC(1243) Using 6 workers of 6 for evacuation
[4398.588s][info][gc,phases      ] GC(1243)   Pre Evacuate Collection Set: 0.33ms
[4398.588s][info][gc,phases      ] GC(1243)   Merge Heap Roots: 0.49ms
[4398.588s][info][gc,phases      ] GC(1243)   Evacuate Collection Set: 117.89ms
[4398.588s][info][gc,phases      ] GC(1243)   Post Evacuate Collection Set: 0.91ms
[4398.588s][info][gc,phases      ] GC(1243)   Other: 0.08ms
[4398.588s][info][gc,heap        ] GC(1243) Eden regions: 1117->0(1104)
[4398.588s][info][gc,heap        ] GC(1243) Survivor regions: 111->112(154)
[4398.588s][info][gc,heap        ] GC(1243) Old regions: 506->537
[4398.588s][info][gc,heap        ] GC(1243) Humongous regions: 80->80
[4398.588s][info][gc,metaspace   ] GC(1243) Metaspace: 28935K(29312K)->28935K(29312K) NonClass: 24067K(24256K)->24067K(24256K) Class: 4868K(5056K)->4868K(5056K)
[4398.589s][info][gc             ] GC(1243) Pause Young (Prepare Mixed) (G1 Evacuation Pause) 3626M->1456M(4096M) 119.849ms
[4398.589s][info][gc,cpu         ] GC(1243) User=0.71s Sys=0.00s Real=0.12s
..[4400.784s][info][gc,start       ] GC(1244) Pause Young (Mixed) (G1 Evacuation Pause)
[4400.784s][info][gc,task        ] GC(1244) Using 6 workers of 6 for evacuation
[4400.921s][info][gc,phases      ] GC(1244)   Pre Evacuate Collection Set: 0.42ms
[4400.921s][info][gc,phases      ] GC(1244)   Merge Heap Roots: 0.72ms
[4400.921s][info][gc,phases      ] GC(1244)   Evacuate Collection Set: 135.04ms
[4400.921s][info][gc,phases      ] GC(1244)   Post Evacuate Collection Set: 0.97ms
[4400.921s][info][gc,phases      ] GC(1244)   Other: 0.09ms
[4400.921s][info][gc,heap        ] GC(1244) Eden regions: 1104->0(1118)
[4400.921s][info][gc,heap        ] GC(1244) Survivor regions: 112->110(152)
[4400.921s][info][gc,heap        ] GC(1244) Old regions: 537->475
[4400.921s][info][gc,heap        ] GC(1244) Humongous regions: 80->80
[4400.921s][info][gc,metaspace   ] GC(1244) Metaspace: 28935K(29312K)->28935K(29312K) NonClass: 24067K(24256K)->24067K(24256K) Class: 4868K(5056K)->4868K(5056K)
[4400.921s][info][gc             ] GC(1244) Pause Young (Mixed) (G1 Evacuation Pause) 3664M->1329M(4096M) 137.389ms
[4400.921s][info][gc,cpu         ] GC(1244) User=0.81s Sys=0.00s Real=0.13s
...[4403.170s][info][gc,start       ] GC(1245) Pause Young (Concurrent Start) (G1 Evacuation Pause)
[4403.170s][info][gc,task        ] GC(1245) Using 6 workers of 6 for evacuation
[4403.289s][info][gc,phases      ] GC(1245)   Pre Evacuate Collection Set: 0.41ms
[4403.289s][info][gc,phases      ] GC(1245)   Merge Heap Roots: 0.48ms
[4403.289s][info][gc,phases      ] GC(1245)   Evacuate Collection Set: 116.25ms
[4403.289s][info][gc,phases      ] GC(1245)   Post Evacuate Collection Set: 0.88ms
[4403.289s][info][gc,phases      ] GC(1245)   Other: 0.12ms
[4403.289s][info][gc,heap        ] GC(1245) Eden regions: 1118->0(1119)
[4403.289s][info][gc,heap        ] GC(1245) Survivor regions: 110->109(154)
[4403.289s][info][gc,heap        ] GC(1245) Old regions: 475->506
[4403.289s][info][gc,heap        ] GC(1245) Humongous regions: 80->80
[4403.289s][info][gc,metaspace   ] GC(1245) Metaspace: 28935K(29312K)->28935K(29312K) NonClass: 24067K(24256K)->24067K(24256K) Class: 4868K(5056K)->4868K(5056K)
[4403.289s][info][gc             ] GC(1245) Pause Young (Concurrent Start) (G1 Evacuation Pause) 3565M->1388M(4096M) 118.275ms
[4403.289s][info][gc             ] GC(1246) Concurrent Mark Cycle
[4403.289s][info][gc,marking     ] GC(1246) Concurrent Scan Root Regions
[4403.289s][info][gc,cpu         ] GC(1245) User=0.70s Sys=0.00s Real=0.12s
[4403.471s][info][gc,marking     ] GC(1246) Concurrent Scan Root Regions 182.364ms
[4403.471s][info][gc,marking     ] GC(1246) Concurrent Mark
[4403.471s][info][gc,marking     ] GC(1246) Concurrent Mark From Roots
[4403.471s][info][gc,task        ] GC(1246) Using 2 workers of 2 for marking
.[4404.469s][info][gc,marking     ] GC(1246) Concurrent Mark From Roots 998.035ms
[4404.469s][info][gc,marking     ] GC(1246) Concurrent Preclean
[4404.469s][info][gc,marking     ] GC(1246) Concurrent Preclean 0.111ms
[4404.471s][info][gc,start       ] GC(1246) Pause Remark
[4404.478s][info][gc             ] GC(1246) Pause Remark 2460M->2460M(4096M) 7.740ms
[4404.478s][info][gc,cpu         ] GC(1246) User=0.05s Sys=0.00s Real=0.01s
[4404.479s][info][gc,marking     ] GC(1246) Concurrent Mark 1008.420ms
[4404.479s][info][gc,marking     ] GC(1246) Concurrent Rebuild Remembered Sets and Scrub Regions
[4404.848s][info][gc,marking     ] GC(1246) Concurrent Rebuild Remembered Sets and Scrub Regions 368.331ms
[4404.848s][info][gc,start       ] GC(1246) Pause Cleanup
[4404.849s][info][gc             ] GC(1246) Pause Cleanup 2878M->2878M(4096M) 0.168ms
[4404.849s][info][gc,cpu         ] GC(1246) User=0.00s Sys=0.00s Real=0.00s
[4404.849s][info][gc,marking     ] GC(1246) Concurrent Clear Claimed Marks
[4404.849s][info][gc,marking     ] GC(1246) Concurrent Clear Claimed Marks 0.029ms
[4404.849s][info][gc,marking     ] GC(1246) Concurrent Cleanup for Next Mark
[4404.854s][info][gc,marking     ] GC(1246) Concurrent Cleanup for Next Mark 4.861ms
[4404.854s][info][gc             ] GC(1246) Concurrent Mark Cycle 1565.428ms
.[4405.599s][info][gc,start       ] GC(1247) Pause Young (Prepare Mixed) (G1 Evacuation Pause)
[4405.599s][info][gc,task        ] GC(1247) Using 6 workers of 6 for evacuation
[4405.718s][info][gc,phases      ] GC(1247)   Pre Evacuate Collection Set: 0.37ms
[4405.718s][info][gc,phases      ] GC(1247)   Merge Heap Roots: 0.56ms
[4405.718s][info][gc,phases      ] GC(1247)   Evacuate Collection Set: 116.69ms
[4405.718s][info][gc,phases      ] GC(1247)   Post Evacuate Collection Set: 0.93ms
[4405.718s][info][gc,phases      ] GC(1247)   Other: 0.08ms
[4405.718s][info][gc,heap        ] GC(1247) Eden regions: 1119->0(1104)
[4405.718s][info][gc,heap        ] GC(1247) Survivor regions: 109->112(154)
[4405.718s][info][gc,heap        ] GC(1247) Old regions: 506->537
[4405.718s][info][gc,heap        ] GC(1247) Humongous regions: 80->80
[4405.718s][info][gc,metaspace   ] GC(1247) Metaspace: 28935K(29312K)->28935K(29312K) NonClass: 24067K(24256K)->24067K(24256K) Class: 4868K(5056K)->4868K(5056K)
[4405.718s][info][gc             ] GC(1247) Pause Young (Prepare Mixed) (G1 Evacuation Pause) 3626M->1457M(4096M) 118.778ms
[4405.718s][info][gc,cpu         ] GC(1247) User=0.71s Sys=0.00s Real=0.12s
..[4407.854s][info][gc,start       ] GC(1248) Pause Young (Mixed) (G1 Evacuation Pause)
[4407.854s][info][gc,task        ] GC(1248) Using 6 workers of 6 for evacuation
[4407.989s][info][gc,phases      ] GC(1248)   Pre Evacuate Collection Set: 0.37ms
[4407.989s][info][gc,phases      ] GC(1248)   Merge Heap Roots: 0.64ms
[4407.989s][info][gc,phases      ] GC(1248)   Evacuate Collection Set: 132.39ms
[4407.989s][info][gc,phases      ] GC(1248)   Post Evacuate Collection Set: 0.95ms
[4407.989s][info][gc,phases      ] GC(1248)   Other: 0.09ms
[4407.989s][info][gc,heap        ] GC(1248) Eden regions: 1104->0(1118)
[4407.989s][info][gc,heap        ] GC(1248) Survivor regions: 112->110(152)
[4407.989s][info][gc,heap        ] GC(1248) Old regions: 537->474
[4407.989s][info][gc,heap        ] GC(1248) Humongous regions: 80->80
[4407.989s][info][gc,metaspace   ] GC(1248) Metaspace: 28935K(29312K)->28935K(29312K) NonClass: 24067K(24256K)->24067K(24256K) Class: 4868K(5056K)->4868K(5056K)
[4407.989s][info][gc             ] GC(1248) Pause Young (Mixed) (G1 Evacuation Pause) 3665M->1326M(4096M) 134.576ms
[4407.989s][info][gc,cpu         ] GC(1248) User=0.79s Sys=0.00s Real=0.13s
...[4410.254s][info][gc,start       ] GC(1249) Pause Young (Concurrent Start) (G1 Evacuation Pause)
[4410.255s][info][gc,task        ] GC(1249) Using 6 workers of 6 for evacuation
[4410.374s][info][gc,phases      ] GC(1249)   Pre Evacuate Collection Set: 0.35ms
[4410.374s][info][gc,phases      ] GC(1249)   Merge Heap Roots: 0.46ms
[4410.374s][info][gc,phases      ] GC(1249)   Evacuate Collection Set: 117.28ms
[4410.374s][info][gc,phases      ] GC(1249)   Post Evacuate Collection Set: 0.90ms
[4410.374s][info][gc,phases      ] GC(1249)   Other: 0.11ms
[4410.374s][info][gc,heap        ] GC(1249) Eden regions: 1118->0(1119)
[4410.374s][info][gc,heap        ] GC(1249) Survivor regions: 110->109(154)
[4410.374s][info][gc,heap        ] GC(1249) Old regions: 474->507
[4410.374s][info][gc,heap        ] GC(1249) Humongous regions: 80->80
[4410.374s][info][gc,metaspace   ] GC(1249) Metaspace: 28935K(29312K)->28935K(29312K) NonClass: 24067K(24256K)->24067K(24256K) Class: 4868K(5056K)->4868K(5056K)
[4410.374s][info][gc             ] GC(1249) Pause Young (Concurrent Start) (G1 Evacuation Pause) 3562M->1389M(4096M) 119.222ms
[4410.374s][info][gc             ] GC(1250) Concurrent Mark Cycle
[4410.374s][info][gc,marking     ] GC(1250) Concurrent Scan Root Regions
[4410.374s][info][gc,cpu         ] GC(1249) User=0.70s Sys=0.00s Real=0.12s
[4410.625s][info][gc,marking     ] GC(1250) Concurrent Scan Root Regions 251.438ms
[4410.625s][info][gc,marking     ] GC(1250) Concurrent Mark
[4410.625s][info][gc,marking     ] GC(1250) Concurrent Mark From Roots
[4410.625s][info][gc,task        ] GC(1250) Using 2 workers of 2 for marking
.[4411.681s][info][gc,marking     ] GC(1250) Concurrent Mark From Roots 1055.577ms
[4411.681s][info][gc,marking     ] GC(1250) Concurrent Preclean
[4411.681s][info][gc,marking     ] GC(1250) Concurrent Preclean 0.091ms
[4411.685s][info][gc,start       ] GC(1250) Pause Remark
[4411.689s][info][gc             ] GC(1250) Pause Remark 2603M->2603M(4096M) 3.916ms
[4411.689s][info][gc,cpu         ] GC(1250) User=0.02s Sys=0.00s Real=0.00s
[4411.689s][info][gc,marking     ] GC(1250) Concurrent Mark 1063.390ms
[4411.689s][info][gc,marking     ] GC(1250) Concurrent Rebuild Remembered Sets and Scrub Regions
[4411.964s][info][gc,marking     ] GC(1250) Concurrent Rebuild Remembered Sets and Scrub Regions 275.400ms
[4411.967s][info][gc,start       ] GC(1250) Pause Cleanup
[4411.967s][info][gc             ] GC(1250) Pause Cleanup 2885M->2885M(4096M) 0.135ms
[4411.967s][info][gc,cpu         ] GC(1250) User=0.00s Sys=0.00s Real=0.00s
[4411.967s][info][gc,marking     ] GC(1250) Concurrent Clear Claimed Marks
[4411.967s][info][gc,marking     ] GC(1250) Concurrent Clear Claimed Marks 0.034ms
[4411.967s][info][gc,marking     ] GC(1250) Concurrent Cleanup for Next Mark
[4411.972s][info][gc,marking     ] GC(1250) Concurrent Cleanup for Next Mark 4.777ms
[4411.972s][info][gc             ] GC(1250) Concurrent Mark Cycle 1598.590ms
.[4412.647s][info][gc,start       ] GC(1251) Pause Young (Prepare Mixed) (G1 Evacuation Pause)
[4412.647s][info][gc,task        ] GC(1251) Using 6 workers of 6 for evacuation
[4412.766s][info][gc,phases      ] GC(1251)   Pre Evacuate Collection Set: 0.36ms
[4412.766s][info][gc,phases      ] GC(1251)   Merge Heap Roots: 0.49ms
[4412.766s][info][gc,phases      ] GC(1251)   Evacuate Collection Set: 117.00ms
[4412.766s][info][gc,phases      ] GC(1251)   Post Evacuate Collection Set: 0.94ms
[4412.766s][info][gc,phases      ] GC(1251)   Other: 0.09ms
[4412.766s][info][gc,heap        ] GC(1251) Eden regions: 1119->0(1103)
[4412.766s][info][gc,heap        ] GC(1251) Survivor regions: 109->112(154)
[4412.766s][info][gc,heap        ] GC(1251) Old regions: 507->538
[4412.766s][info][gc,heap        ] GC(1251) Humongous regions: 80->80
[4412.766s][info][gc,metaspace   ] GC(1251) Metaspace: 28935K(29312K)->28935K(29312K) NonClass: 24067K(24256K)->24067K(24256K) Class: 4868K(5056K)->4868K(5056K)
[4412.766s][info][gc             ] GC(1251) Pause Young (Prepare Mixed) (G1 Evacuation Pause) 3627M->1458M(4096M) 118.999ms
[4412.766s][info][gc,cpu         ] GC(1251) User=0.71s Sys=0.00s Real=0.12s
..[4414.925s][info][gc,start       ] GC(1252) Pause Young (Mixed) (G1 Evacuation Pause)
[4414.925s][info][gc,task        ] GC(1252) Using 6 workers of 6 for evacuation
[4415.059s][info][gc,phases      ] GC(1252)   Pre Evacuate Collection Set: 0.40ms
[4415.059s][info][gc,phases      ] GC(1252)   Merge Heap Roots: 0.64ms
[4415.059s][info][gc,phases      ] GC(1252)   Evacuate Collection Set: 132.22ms
[4415.059s][info][gc,phases      ] GC(1252)   Post Evacuate Collection Set: 0.97ms
[4415.059s][info][gc,phases      ] GC(1252)   Other: 0.09ms
[4415.059s][info][gc,heap        ] GC(1252) Eden regions: 1103->0(1119)
[4415.059s][info][gc,heap        ] GC(1252) Survivor regions: 112->109(152)
[4415.059s][info][gc,heap        ] GC(1252) Old regions: 538->476
[4415.059s][info][gc,heap        ] GC(1252) Humongous regions: 80->80
[4415.059s][info][gc,metaspace   ] GC(1252) Metaspace: 28935K(29312K)->28935K(29312K) NonClass: 24067K(24256K)->24067K(24256K) Class: 4868K(5056K)->4868K(5056K)
[4415.059s][info][gc             ] GC(1252) Pause Young (Mixed) (G1 Evacuation Pause) 3664M->1328M(4096M) 134.457ms
[4415.059s][info][gc,cpu         ] GC(1252) User=0.80s Sys=0.00s Real=0.13s
..[4417.346s][info][gc,start       ] GC(1253) Pause Young (Concurrent Start) (G1 Evacuation Pause)
[4417.346s][info][gc,task        ] GC(1253) Using 6 workers of 6 for evacuation
[4417.463s][info][gc,phases      ] GC(1253)   Pre Evacuate Collection Set: 0.39ms
[4417.463s][info][gc,phases      ] GC(1253)   Merge Heap Roots: 0.45ms
[4417.463s][info][gc,phases      ] GC(1253)   Evacuate Collection Set: 114.90ms
[4417.463s][info][gc,phases      ] GC(1253)   Post Evacuate Collection Set: 0.87ms
[4417.463s][info][gc,phases      ] GC(1253)   Other: 0.10ms
[4417.463s][info][gc,heap        ] GC(1253) Eden regions: 1119->0(1120)
[4417.463s][info][gc,heap        ] GC(1253) Survivor regions: 109->108(154)
[4417.463s][info][gc,heap        ] GC(1253) Old regions: 476->508
[4417.463s][info][gc,heap        ] GC(1253) Humongous regions: 80->80
[4417.463s][info][gc,metaspace   ] GC(1253) Metaspace: 28935K(29312K)->28935K(29312K) NonClass: 24067K(24256K)->24067K(24256K) Class: 4868K(5056K)->4868K(5056K)
[4417.463s][info][gc             ] GC(1253) Pause Young (Concurrent Start) (G1 Evacuation Pause) 3566M->1390M(4096M) 116.855ms
[4417.463s][info][gc             ] GC(1254) Concurrent Mark Cycle
[4417.463s][info][gc,marking     ] GC(1254) Concurrent Scan Root Regions
[4417.463s][info][gc,cpu         ] GC(1253) User=0.69s Sys=0.00s Real=0.12s
.[4417.681s][info][gc,marking     ] GC(1254) Concurrent Scan Root Regions 217.518ms
[4417.681s][info][gc,marking     ] GC(1254) Concurrent Mark
[4417.681s][info][gc,marking     ] GC(1254) Concurrent Mark From Roots
[4417.681s][info][gc,task        ] GC(1254) Using 2 workers of 2 for marking
.[4418.705s][info][gc,marking     ] GC(1254) Concurrent Mark From Roots 1024.107ms
[4418.705s][info][gc,marking     ] GC(1254) Concurrent Preclean
[4418.705s][info][gc,marking     ] GC(1254) Concurrent Preclean 0.115ms
[4418.705s][info][gc,start       ] GC(1254) Pause Remark
[4418.712s][info][gc             ] GC(1254) Pause Remark 2606M->2606M(4096M) 6.894ms
[4418.712s][info][gc,cpu         ] GC(1254) User=0.04s Sys=0.00s Real=0.00s
[4418.712s][info][gc,marking     ] GC(1254) Concurrent Mark 1031.582ms
[4418.712s][info][gc,marking     ] GC(1254) Concurrent Rebuild Remembered Sets and Scrub Regions
[4419.123s][info][gc,marking     ] GC(1254) Concurrent Rebuild Remembered Sets and Scrub Regions 410.598ms
[4419.123s][info][gc,start       ] GC(1254) Pause Cleanup
[4419.123s][info][gc             ] GC(1254) Pause Cleanup 3046M->3046M(4096M) 0.131ms
[4419.123s][info][gc,cpu         ] GC(1254) User=0.00s Sys=0.00s Real=0.00s
[4419.123s][info][gc,marking     ] GC(1254) Concurrent Clear Claimed Marks
[4419.123s][info][gc,marking     ] GC(1254) Concurrent Clear Claimed Marks 0.022ms
[4419.123s][info][gc,marking     ] GC(1254) Concurrent Cleanup for Next Mark
[4419.130s][info][gc,marking     ] GC(1254) Concurrent Cleanup for Next Mark 6.715ms
[4419.130s][info][gc             ] GC(1254) Concurrent Mark Cycle 1666.973ms
.[4419.641s][info][gc,start       ] GC(1255) Pause Young (Prepare Mixed) (G1 Evacuation Pause)
[4419.641s][info][gc,task        ] GC(1255) Using 6 workers of 6 for evacuation
[4419.763s][info][gc,phases      ] GC(1255)   Pre Evacuate Collection Set: 0.32ms
[4419.763s][info][gc,phases      ] GC(1255)   Merge Heap Roots: 0.48ms
[4419.763s][info][gc,phases      ] GC(1255)   Evacuate Collection Set: 119.66ms
[4419.763s][info][gc,phases      ] GC(1255)   Post Evacuate Collection Set: 0.95ms
[4419.763s][info][gc,phases      ] GC(1255)   Other: 0.10ms
[4419.763s][info][gc,heap        ] GC(1255) Eden regions: 1120->0(1100)
[4419.763s][info][gc,heap        ] GC(1255) Survivor regions: 108->113(154)
[4419.763s][info][gc,heap        ] GC(1255) Old regions: 508->539
[4419.763s][info][gc,heap        ] GC(1255) Humongous regions: 80->80
[4419.763s][info][gc,metaspace   ] GC(1255) Metaspace: 28935K(29312K)->28935K(29312K) NonClass: 24067K(24256K)->24067K(24256K) Class: 4868K(5056K)->4868K(5056K)
[4419.763s][info][gc             ] GC(1255) Pause Young (Prepare Mixed) (G1 Evacuation Pause) 3630M->1461M(4096M) 121.644ms
[4419.763s][info][gc,cpu         ] GC(1255) User=0.72s Sys=0.00s Real=0.13s
..[4422.084s][info][gc,start       ] GC(1256) Pause Young (Mixed) (G1 Evacuation Pause)
[4422.084s][info][gc,task        ] GC(1256) Using 6 workers of 6 for evacuation
[4422.217s][info][gc,phases      ] GC(1256)   Pre Evacuate Collection Set: 0.38ms
[4422.217s][info][gc,phases      ] GC(1256)   Merge Heap Roots: 0.61ms
[4422.217s][info][gc,phases      ] GC(1256)   Evacuate Collection Set: 131.85ms
[4422.217s][info][gc,phases      ] GC(1256)   Post Evacuate Collection Set: 0.96ms
[4422.218s][info][gc,phases      ] GC(1256)   Other: 0.09ms
[4422.218s][info][gc,heap        ] GC(1256) Eden regions: 1100->0(1117)
[4422.218s][info][gc,heap        ] GC(1256) Survivor regions: 113->111(152)
[4422.218s][info][gc,heap        ] GC(1256) Old regions: 539->474
[4422.218s][info][gc,heap        ] GC(1256) Humongous regions: 80->80
[4422.218s][info][gc,metaspace   ] GC(1256) Metaspace: 28935K(29312K)->28935K(29312K) NonClass: 24067K(24256K)->24067K(24256K) Class: 4868K(5056K)->4868K(5056K)
[4422.218s][info][gc             ] GC(1256) Pause Young (Mixed) (G1 Evacuation Pause) 3661M->1328M(4096M) 134.045ms
[4422.218s][info][gc,cpu         ] GC(1256) User=0.79s Sys=0.00s Real=0.13s
..[4424.518s][info][gc,start       ] GC(1257) Pause Young (Concurrent Start) (G1 Evacuation Pause)
[4424.518s][info][gc,task        ] GC(1257) Using 6 workers of 6 for evacuation
[4424.635s][info][gc,phases      ] GC(1257)   Pre Evacuate Collection Set: 0.41ms
[4424.635s][info][gc,phases      ] GC(1257)   Merge Heap Roots: 0.46ms
[4424.635s][info][gc,phases      ] GC(1257)   Evacuate Collection Set: 115.56ms
[4424.635s][info][gc,phases      ] GC(1257)   Post Evacuate Collection Set: 0.88ms
[4424.635s][info][gc,phases      ] GC(1257)   Other: 0.13ms
[4424.635s][info][gc,heap        ] GC(1257) Eden regions: 1117->0(1119)
[4424.635s][info][gc,heap        ] GC(1257) Survivor regions: 111->109(154)
[4424.635s][info][gc,heap        ] GC(1257) Old regions: 474->505
[4424.635s][info][gc,heap        ] GC(1257) Humongous regions: 80->80
[4424.635s][info][gc,metaspace   ] GC(1257) Metaspace: 28935K(29312K)->28935K(29312K) NonClass: 24067K(24256K)->24067K(24256K) Class: 4868K(5056K)->4868K(5056K)
[4424.635s][info][gc             ] GC(1257) Pause Young (Concurrent Start) (G1 Evacuation Pause) 3562M->1387M(4096M) 117.560ms
[4424.635s][info][gc             ] GC(1258) Concurrent Mark Cycle
[4424.635s][info][gc,marking     ] GC(1258) Concurrent Scan Root Regions
[4424.635s][info][gc,cpu         ] GC(1257) User=0.70s Sys=0.00s Real=0.12s
.[4424.856s][info][gc,marking     ] GC(1258) Concurrent Scan Root Regions 220.903ms
[4424.856s][info][gc,marking     ] GC(1258) Concurrent Mark
[4424.856s][info][gc,marking     ] GC(1258) Concurrent Mark From Roots
[4424.856s][info][gc,task        ] GC(1258) Using 2 workers of 2 for marking
.[4425.902s][info][gc,marking     ] GC(1258) Concurrent Mark From Roots 1045.442ms
[4425.902s][info][gc,marking     ] GC(1258) Concurrent Preclean
[4425.902s][info][gc,marking     ] GC(1258) Concurrent Preclean 0.114ms
[4425.903s][info][gc,start       ] GC(1258) Pause Remark
[4425.910s][info][gc             ] GC(1258) Pause Remark 2609M->2609M(4096M) 6.446ms
[4425.910s][info][gc,cpu         ] GC(1258) User=0.04s Sys=0.00s Real=0.00s
[4425.911s][info][gc,marking     ] GC(1258) Concurrent Mark 1055.196ms
[4425.911s][info][gc,marking     ] GC(1258) Concurrent Rebuild Remembered Sets and Scrub Regions
[4426.222s][info][gc,marking     ] GC(1258) Concurrent Rebuild Remembered Sets and Scrub Regions 310.977ms
[4426.223s][info][gc,start       ] GC(1258) Pause Cleanup
[4426.223s][info][gc             ] GC(1258) Pause Cleanup 2857M->2857M(4096M) 0.122ms
[4426.223s][info][gc,cpu         ] GC(1258) User=0.00s Sys=0.00s Real=0.00s
[4426.223s][info][gc,marking     ] GC(1258) Concurrent Clear Claimed Marks
[4426.223s][info][gc,marking     ] GC(1258) Concurrent Clear Claimed Marks 0.033ms
[4426.223s][info][gc,marking     ] GC(1258) Concurrent Cleanup for Next Mark
[4426.234s][info][gc,marking     ] GC(1258) Concurrent Cleanup for Next Mark 10.992ms
[4426.234s][info][gc             ] GC(1258) Concurrent Mark Cycle 1599.155ms
.[4426.954s][info][gc,start       ] GC(1259) Pause Young (Prepare Mixed) (G1 Evacuation Pause)
[4426.954s][info][gc,task        ] GC(1259) Using 6 workers of 6 for evacuation
[4427.075s][info][gc,phases      ] GC(1259)   Pre Evacuate Collection Set: 0.31ms
[4427.075s][info][gc,phases      ] GC(1259)   Merge Heap Roots: 0.49ms
[4427.075s][info][gc,phases      ] GC(1259)   Evacuate Collection Set: 118.77ms
[4427.075s][info][gc,phases      ] GC(1259)   Post Evacuate Collection Set: 0.93ms
[4427.075s][info][gc,phases      ] GC(1259)   Other: 0.10ms
[4427.075s][info][gc,heap        ] GC(1259) Eden regions: 1119->0(1103)
[4427.075s][info][gc,heap        ] GC(1259) Survivor regions: 109->112(154)
[4427.075s][info][gc,heap        ] GC(1259) Old regions: 505->538
[4427.075s][info][gc,heap        ] GC(1259) Humongous regions: 80->80
[4427.075s][info][gc,metaspace   ] GC(1259) Metaspace: 28935K(29312K)->28935K(29312K) NonClass: 24067K(24256K)->24067K(24256K) Class: 4868K(5056K)->4868K(5056K)
[4427.075s][info][gc             ] GC(1259) Pause Young (Prepare Mixed) (G1 Evacuation Pause) 3625M->1457M(4096M) 120.751ms
[4427.075s][info][gc,cpu         ] GC(1259) User=0.72s Sys=0.00s Real=0.12s
..[4429.296s][info][gc,start       ] GC(1260) Pause Young (Mixed) (G1 Evacuation Pause)
[4429.296s][info][gc,task        ] GC(1260) Using 6 workers of 6 for evacuation
[4429.430s][info][gc,phases      ] GC(1260)   Pre Evacuate Collection Set: 0.39ms
[4429.430s][info][gc,phases      ] GC(1260)   Merge Heap Roots: 0.66ms
[4429.430s][info][gc,phases      ] GC(1260)   Evacuate Collection Set: 130.93ms
[4429.430s][info][gc,phases      ] GC(1260)   Post Evacuate Collection Set: 0.97ms
[4429.430s][info][gc,phases      ] GC(1260)   Other: 0.09ms
[4429.430s][info][gc,heap        ] GC(1260) Eden regions: 1103->0(1121)
[4429.430s][info][gc,heap        ] GC(1260) Survivor regions: 112->107(152)
[4429.430s][info][gc,heap        ] GC(1260) Old regions: 538->475
[4429.430s][info][gc,heap        ] GC(1260) Humongous regions: 80->80
[4429.430s][info][gc,metaspace   ] GC(1260) Metaspace: 28935K(29312K)->28935K(29312K) NonClass: 24067K(24256K)->24067K(24256K) Class: 4868K(5056K)->4868K(5056K)
[4429.430s][info][gc             ] GC(1260) Pause Young (Mixed) (G1 Evacuation Pause) 3663M->1322M(4096M) 133.171ms
[4429.430s][info][gc,cpu         ] GC(1260) User=0.79s Sys=0.00s Real=0.13s
...[4431.709s][info][gc,start       ] GC(1261) Pause Young (Concurrent Start) (G1 Evacuation Pause)
[4431.709s][info][gc,task        ] GC(1261) Using 6 workers of 6 for evacuation
[4431.832s][info][gc,phases      ] GC(1261)   Pre Evacuate Collection Set: 0.36ms
[4431.832s][info][gc,phases      ] GC(1261)   Merge Heap Roots: 0.49ms
[4431.832s][info][gc,phases      ] GC(1261)   Evacuate Collection Set: 121.78ms
[4431.832s][info][gc,phases      ] GC(1261)   Post Evacuate Collection Set: 0.90ms
[4431.832s][info][gc,phases      ] GC(1261)   Other: 0.13ms
[4431.832s][info][gc,heap        ] GC(1261) Eden regions: 1121->0(1114)
[4431.832s][info][gc,heap        ] GC(1261) Survivor regions: 107->114(154)
[4431.832s][info][gc,heap        ] GC(1261) Old regions: 475->507
[4431.832s][info][gc,heap        ] GC(1261) Humongous regions: 80->80
[4431.832s][info][gc,metaspace   ] GC(1261) Metaspace: 28935K(29312K)->28935K(29312K) NonClass: 24067K(24256K)->24067K(24256K) Class: 4868K(5056K)->4868K(5056K)
[4431.832s][info][gc             ] GC(1261) Pause Young (Concurrent Start) (G1 Evacuation Pause) 3564M->1400M(4096M) 123.803ms
[4431.832s][info][gc             ] GC(1262) Concurrent Mark Cycle
[4431.832s][info][gc,marking     ] GC(1262) Concurrent Scan Root Regions
[4431.832s][info][gc,cpu         ] GC(1261) User=0.73s Sys=0.01s Real=0.13s
[4432.036s][info][gc,marking     ] GC(1262) Concurrent Scan Root Regions 203.528ms
[4432.036s][info][gc,marking     ] GC(1262) Concurrent Mark
[4432.036s][info][gc,marking     ] GC(1262) Concurrent Mark From Roots
[4432.036s][info][gc,task        ] GC(1262) Using 2 workers of 2 for marking
.[4433.012s][info][gc,marking     ] GC(1262) Concurrent Mark From Roots 975.978ms
[4433.012s][info][gc,marking     ] GC(1262) Concurrent Preclean
[4433.012s][info][gc,marking     ] GC(1262) Concurrent Preclean 0.119ms
[4433.014s][info][gc,start       ] GC(1262) Pause Remark
[4433.020s][info][gc             ] GC(1262) Pause Remark 2524M->2524M(4096M) 6.317ms
[4433.020s][info][gc,cpu         ] GC(1262) User=0.03s Sys=0.00s Real=0.00s
[4433.020s][info][gc,marking     ] GC(1262) Concurrent Mark 984.500ms
[4433.021s][info][gc,marking     ] GC(1262) Concurrent Rebuild Remembered Sets and Scrub Regions
[4433.433s][info][gc,marking     ] GC(1262) Concurrent Rebuild Remembered Sets and Scrub Regions 412.963ms
[4433.434s][info][gc,start       ] GC(1262) Pause Cleanup
[4433.434s][info][gc             ] GC(1262) Pause Cleanup 2891M->2891M(4096M) 0.120ms
[4433.434s][info][gc,cpu         ] GC(1262) User=0.00s Sys=0.00s Real=0.00s
[4433.434s][info][gc,marking     ] GC(1262) Concurrent Clear Claimed Marks
[4433.434s][info][gc,marking     ] GC(1262) Concurrent Clear Claimed Marks 0.031ms
[4433.434s][info][gc,marking     ] GC(1262) Concurrent Cleanup for Next Mark
[4433.480s][info][gc,marking     ] GC(1262) Concurrent Cleanup for Next Mark 46.180ms
[4433.480s][info][gc             ] GC(1262) Concurrent Mark Cycle 1647.891ms
.[4434.057s][info][gc,start       ] GC(1263) Pause Young (Prepare Mixed) (G1 Evacuation Pause)
[4434.057s][info][gc,task        ] GC(1263) Using 6 workers of 6 for evacuation
[4434.178s][info][gc,phases      ] GC(1263)   Pre Evacuate Collection Set: 0.33ms
[4434.178s][info][gc,phases      ] GC(1263)   Merge Heap Roots: 0.47ms
[4434.178s][info][gc,phases      ] GC(1263)   Evacuate Collection Set: 119.20ms
[4434.178s][info][gc,phases      ] GC(1263)   Post Evacuate Collection Set: 0.93ms
[4434.178s][info][gc,phases      ] GC(1263)   Other: 0.09ms
[4434.178s][info][gc,heap        ] GC(1263) Eden regions: 1114->0(1099)
[4434.178s][info][gc,heap        ] GC(1263) Survivor regions: 114->113(154)
[4434.178s][info][gc,heap        ] GC(1263) Old regions: 507->540
[4434.178s][info][gc,heap        ] GC(1263) Humongous regions: 80->80
[4434.178s][info][gc,metaspace   ] GC(1263) Metaspace: 28935K(29312K)->28935K(29312K) NonClass: 24067K(24256K)->24067K(24256K) Class: 4868K(5056K)->4868K(5056K)
[4434.178s][info][gc             ] GC(1263) Pause Young (Prepare Mixed) (G1 Evacuation Pause) 3628M->1463M(4096M) 121.159ms
[4434.178s][info][gc,cpu         ] GC(1263) User=0.72s Sys=0.00s Real=0.12s
..[4436.463s][info][gc,start       ] GC(1264) Pause Young (Mixed) (G1 Evacuation Pause)
[4436.463s][info][gc,task        ] GC(1264) Using 6 workers of 6 for evacuation
[4436.603s][info][gc,phases      ] GC(1264)   Pre Evacuate Collection Set: 0.36ms
[4436.603s][info][gc,phases      ] GC(1264)   Merge Heap Roots: 0.76ms
[4436.603s][info][gc,phases      ] GC(1264)   Evacuate Collection Set: 137.66ms
[4436.603s][info][gc,phases      ] GC(1264)   Post Evacuate Collection Set: 0.93ms
[4436.603s][info][gc,phases      ] GC(1264)   Other: 0.09ms
[4436.603s][info][gc,heap        ] GC(1264) Eden regions: 1099->0(1117)
[4436.603s][info][gc,heap        ] GC(1264) Survivor regions: 113->111(152)
[4436.603s][info][gc,heap        ] GC(1264) Old regions: 540->475
[4436.603s][info][gc,heap        ] GC(1264) Humongous regions: 80->80
[4436.603s][info][gc,metaspace   ] GC(1264) Metaspace: 28935K(29312K)->28935K(29312K) NonClass: 24067K(24256K)->24067K(24256K) Class: 4868K(5056K)->4868K(5056K)
[4436.603s][info][gc             ] GC(1264) Pause Young (Mixed) (G1 Evacuation Pause) 3661M->1330M(4096M) 139.951ms
[4436.603s][info][gc,cpu         ] GC(1264) User=0.83s Sys=0.00s Real=0.14s
...[4438.805s][info][gc,start       ] GC(1265) Pause Young (Concurrent Start) (G1 Evacuation Pause)
[4438.805s][info][gc,task        ] GC(1265) Using 6 workers of 6 for evacuation
[4438.925s][info][gc,phases      ] GC(1265)   Pre Evacuate Collection Set: 0.40ms
[4438.925s][info][gc,phases      ] GC(1265)   Merge Heap Roots: 0.44ms
[4438.925s][info][gc,phases      ] GC(1265)   Evacuate Collection Set: 117.85ms
[4438.925s][info][gc,phases      ] GC(1265)   Post Evacuate Collection Set: 0.88ms
[4438.925s][info][gc,phases      ] GC(1265)   Other: 0.11ms
[4438.925s][info][gc,heap        ] GC(1265) Eden regions: 1117->0(1116)
[4438.925s][info][gc,heap        ] GC(1265) Survivor regions: 111->112(154)
[4438.925s][info][gc,heap        ] GC(1265) Old regions: 475->507
[4438.925s][info][gc,heap        ] GC(1265) Humongous regions: 80->80
[4438.925s][info][gc,metaspace   ] GC(1265) Metaspace: 28935K(29312K)->28935K(29312K) NonClass: 24067K(24256K)->24067K(24256K) Class: 4868K(5056K)->4868K(5056K)
[4438.925s][info][gc             ] GC(1265) Pause Young (Concurrent Start) (G1 Evacuation Pause) 3564M->1396M(4096M) 119.826ms
[4438.925s][info][gc             ] GC(1266) Concurrent Mark Cycle
[4438.925s][info][gc,marking     ] GC(1266) Concurrent Scan Root Regions
[4438.925s][info][gc,cpu         ] GC(1265) User=0.71s Sys=0.00s Real=0.12s
[4439.124s][info][gc,marking     ] GC(1266) Concurrent Scan Root Regions 199.571ms
[4439.124s][info][gc,marking     ] GC(1266) Concurrent Mark
[4439.124s][info][gc,marking     ] GC(1266) Concurrent Mark From Roots
[4439.124s][info][gc,task        ] GC(1266) Using 2 workers of 2 for marking
. (rIR:aIR:PR = 7887:7908:7908) (tPR = 117715) [OK] 
  4439s: Performance info:
         Transaction,    Success,    Partial,     Failed,   Receipts, AvgBarcode, 
             Overall,     474971,          0,          0,     451349,      59.47, 
         Response times:
             Request,    Success,    Partial,     Failed,   SkipFail,     Probes,    Samples,      min,      p50,      p90,      p95,      p99,      max, 
       TotalPurchase,     451348,          0,          0,          0,     349147,     402858,      300,     7100,   109000,   147000,   252000,   503000,
     InStorePurchase,     238096,          0,          0,          0,     184025,     212233,      300,     7000,   108000,   147000,   251000,   449000,
      OnlinePurchase,     165603,          0,          0,          0,     127938,     147714,      300,     7200,   110000,   147000,   253000,   503000,
        InstPurchase,      47649,          0,          0,          0,      37184,      42911,      300,     7300,   111000,   150000,   256000,   414000,
          AssocOfCat,        470,          0,          0,          0,        385,        537,    26000,    51000,   174000,   212200,   304720,   403000,
      AssocOfProduct,       4726,          0,          0,          0,       4404,       5265,      600,     7800,   117000,   156000,   270000,   422000,
      BusinessReport,       1185,          0,          0,          0,       1005,       1268,    27000,    55000,   197100,   239550,   359000,   441000,
          CustBuyBeh,       4736,          0,          0,          0,       4366,       5189,      200,     7700,   116000,   157000,   263300,   358000,
       ProductReturn,      12523,          0,          0,          0,       9551,      11236,      200,     7300,   114000,   151000,   257630,   366000,

  4439s: (58%)   IR =   8025 [4440.223s][info][gc,marking     ] GC(1266) Concurrent Mark From Roots 1098.953ms
[4440.223s][info][gc,marking     ] GC(1266) Concurrent Preclean
[4440.223s][info][gc,marking     ] GC(1266) Concurrent Preclean 0.118ms
[4440.226s][info][gc,start       ] GC(1266) Pause Remark
[4440.233s][info][gc             ] GC(1266) Pause Remark 2590M->2590M(4096M) 7.426ms
[4440.233s][info][gc,cpu         ] GC(1266) User=0.04s Sys=0.00s Real=0.01s
[4440.237s][info][gc,marking     ] GC(1266) Concurrent Mark 1112.208ms
[4440.237s][info][gc,marking     ] GC(1266) Concurrent Rebuild Remembered Sets and Scrub Regions
[4440.605s][info][gc,marking     ] GC(1266) Concurrent Rebuild Remembered Sets and Scrub Regions 368.744ms
[4440.605s][info][gc,start       ] GC(1266) Pause Cleanup
[4440.606s][info][gc             ] GC(1266) Pause Cleanup 2894M->2894M(4096M) 0.119ms
[4440.606s][info][gc,cpu         ] GC(1266) User=0.00s Sys=0.00s Real=0.00s
[4440.606s][info][gc,marking     ] GC(1266) Concurrent Clear Claimed Marks
[4440.606s][info][gc,marking     ] GC(1266) Concurrent Clear Claimed Marks 0.019ms
[4440.606s][info][gc,marking     ] GC(1266) Concurrent Cleanup for Next Mark
[4440.611s][info][gc,marking     ] GC(1266) Concurrent Cleanup for Next Mark 5.555ms
[4440.611s][info][gc             ] GC(1266) Concurrent Mark Cycle 1686.616ms
.[4441.162s][info][gc,start       ] GC(1267) Pause Young (Prepare Mixed) (G1 Evacuation Pause)
[4441.162s][info][gc,task        ] GC(1267) Using 6 workers of 6 for evacuation
[4441.279s][info][gc,phases      ] GC(1267)   Pre Evacuate Collection Set: 0.36ms
[4441.279s][info][gc,phases      ] GC(1267)   Merge Heap Roots: 0.48ms
[4441.279s][info][gc,phases      ] GC(1267)   Evacuate Collection Set: 115.27ms
[4441.279s][info][gc,phases      ] GC(1267)   Post Evacuate Collection Set: 1.00ms
[4441.279s][info][gc,phases      ] GC(1267)   Other: 0.09ms
[4441.279s][info][gc,heap        ] GC(1267) Eden regions: 1116->0(1110)
[4441.279s][info][gc,heap        ] GC(1267) Survivor regions: 112->108(154)
[4441.279s][info][gc,heap        ] GC(1267) Old regions: 507->539
[4441.279s][info][gc,heap        ] GC(1267) Humongous regions: 80->80
[4441.279s][info][gc,metaspace   ] GC(1267) Metaspace: 28935K(29312K)->28935K(29312K) NonClass: 24067K(24256K)->24067K(24256K) Class: 4868K(5056K)->4868K(5056K)
[4441.279s][info][gc             ] GC(1267) Pause Young (Prepare Mixed) (G1 Evacuation Pause) 3628M->1451M(4096M) 117.351ms
[4441.279s][info][gc,cpu         ] GC(1267) User=0.70s Sys=0.00s Real=0.12s
..[4443.446s][info][gc,start       ] GC(1268) Pause Young (Mixed) (G1 Evacuation Pause)
[4443.446s][info][gc,task        ] GC(1268) Using 6 workers of 6 for evacuation
[4443.578s][info][gc,phases      ] GC(1268)   Pre Evacuate Collection Set: 0.37ms
[4443.578s][info][gc,phases      ] GC(1268)   Merge Heap Roots: 0.62ms
[4443.578s][info][gc,phases      ] GC(1268)   Evacuate Collection Set: 130.08ms
[4443.578s][info][gc,phases      ] GC(1268)   Post Evacuate Collection Set: 0.98ms
[4443.578s][info][gc,phases      ] GC(1268)   Other: 0.09ms
[4443.578s][info][gc,heap        ] GC(1268) Eden regions: 1110->0(1118)
[4443.578s][info][gc,heap        ] GC(1268) Survivor regions: 108->110(153)
[4443.578s][info][gc,heap        ] GC(1268) Old regions: 539->474
[4443.578s][info][gc,heap        ] GC(1268) Humongous regions: 80->80
[4443.578s][info][gc,metaspace   ] GC(1268) Metaspace: 28935K(29312K)->28935K(29312K) NonClass: 24067K(24256K)->24067K(24256K) Class: 4868K(5056K)->4868K(5056K)
[4443.578s][info][gc             ] GC(1268) Pause Young (Mixed) (G1 Evacuation Pause) 3671M->1326M(4096M) 132.272ms
[4443.578s][info][gc,cpu         ] GC(1268) User=0.79s Sys=0.00s Real=0.13s
..[4445.826s][info][gc,start       ] GC(1269) Pause Young (Concurrent Start) (G1 Evacuation Pause)
[4445.826s][info][gc,task        ] GC(1269) Using 6 workers of 6 for evacuation
[4445.944s][info][gc,phases      ] GC(1269)   Pre Evacuate Collection Set: 0.43ms
[4445.944s][info][gc,phases      ] GC(1269)   Merge Heap Roots: 0.46ms
[4445.944s][info][gc,phases      ] GC(1269)   Evacuate Collection Set: 115.49ms
[4445.944s][info][gc,phases      ] GC(1269)   Post Evacuate Collection Set: 0.89ms
[4445.944s][info][gc,phases      ] GC(1269)   Other: 0.13ms
[4445.944s][info][gc,heap        ] GC(1269) Eden regions: 1118->0(1118)
[4445.944s][info][gc,heap        ] GC(1269) Survivor regions: 110->110(154)
[4445.944s][info][gc,heap        ] GC(1269) Old regions: 474->506
[4445.944s][info][gc,heap        ] GC(1269) Humongous regions: 80->80
[4445.944s][info][gc,metaspace   ] GC(1269) Metaspace: 28935K(29312K)->28935K(29312K) NonClass: 24067K(24256K)->24067K(24256K) Class: 4868K(5056K)->4868K(5056K)
[4445.944s][info][gc             ] GC(1269) Pause Young (Concurrent Start) (G1 Evacuation Pause) 3562M->1389M(4096M) 117.523ms
[4445.944s][info][gc             ] GC(1270) Concurrent Mark Cycle
[4445.944s][info][gc,marking     ] GC(1270) Concurrent Scan Root Regions
[4445.944s][info][gc,cpu         ] GC(1269) User=0.70s Sys=0.00s Real=0.12s
.[4446.134s][info][gc,marking     ] GC(1270) Concurrent Scan Root Regions 189.946ms
[4446.134s][info][gc,marking     ] GC(1270) Concurrent Mark
[4446.134s][info][gc,marking     ] GC(1270) Concurrent Mark From Roots
[4446.134s][info][gc,task        ] GC(1270) Using 2 workers of 2 for marking
.[4447.108s][info][gc,marking     ] GC(1270) Concurrent Mark From Roots 974.152ms
[4447.108s][info][gc,marking     ] GC(1270) Concurrent Preclean
[4447.108s][info][gc,marking     ] GC(1270) Concurrent Preclean 0.158ms
[4447.110s][info][gc,start       ] GC(1270) Pause Remark
[4447.117s][info][gc             ] GC(1270) Pause Remark 2505M->2505M(4096M) 6.447ms
[4447.117s][info][gc,cpu         ] GC(1270) User=0.04s Sys=0.00s Real=0.01s
[4447.118s][info][gc,marking     ] GC(1270) Concurrent Mark 983.664ms
[4447.118s][info][gc,marking     ] GC(1270) Concurrent Rebuild Remembered Sets and Scrub Regions
[4447.437s][info][gc,marking     ] GC(1270) Concurrent Rebuild Remembered Sets and Scrub Regions 318.841ms
[4447.437s][info][gc,start       ] GC(1270) Pause Cleanup
[4447.437s][info][gc             ] GC(1270) Pause Cleanup 2785M->2785M(4096M) 0.118ms
[4447.437s][info][gc,cpu         ] GC(1270) User=0.00s Sys=0.00s Real=0.00s
[4447.439s][info][gc,marking     ] GC(1270) Concurrent Clear Claimed Marks
[4447.439s][info][gc,marking     ] GC(1270) Concurrent Clear Claimed Marks 0.051ms
[4447.439s][info][gc,marking     ] GC(1270) Concurrent Cleanup for Next Mark
[4447.472s][info][gc,marking     ] GC(1270) Concurrent Cleanup for Next Mark 33.065ms
[4447.472s][info][gc             ] GC(1270) Concurrent Mark Cycle 1527.770ms
.[4448.171s][info][gc,start       ] GC(1271) Pause Young (Prepare Mixed) (G1 Evacuation Pause)
[4448.171s][info][gc,task        ] GC(1271) Using 6 workers of 6 for evacuation
[4448.290s][info][gc,phases      ] GC(1271)   Pre Evacuate Collection Set: 0.34ms
[4448.290s][info][gc,phases      ] GC(1271)   Merge Heap Roots: 0.51ms
[4448.290s][info][gc,phases      ] GC(1271)   Evacuate Collection Set: 117.71ms
[4448.290s][info][gc,phases      ] GC(1271)   Post Evacuate Collection Set: 0.90ms
[4448.290s][info][gc,phases      ] GC(1271)   Other: 0.09ms
[4448.290s][info][gc,heap        ] GC(1271) Eden regions: 1118->0(1106)
[4448.290s][info][gc,heap        ] GC(1271) Survivor regions: 110->111(154)
[4448.290s][info][gc,heap        ] GC(1271) Old regions: 506->537
[4448.290s][info][gc,heap        ] GC(1271) Humongous regions: 80->80
[4448.290s][info][gc,metaspace   ] GC(1271) Metaspace: 28935K(29312K)->28935K(29312K) NonClass: 24067K(24256K)->24067K(24256K) Class: 4868K(5056K)->4868K(5056K)
[4448.290s][info][gc             ] GC(1271) Pause Young (Prepare Mixed) (G1 Evacuation Pause) 3625M->1454M(4096M) 119.678ms
[4448.290s][info][gc,cpu         ] GC(1271) User=0.71s Sys=0.00s Real=0.12s
..|[4450.542s][info][gc,start       ] GC(1272) Pause Young (Mixed) (G1 Evacuation Pause)
[4450.543s][info][gc,task        ] GC(1272) Using 6 workers of 6 for evacuation
[4450.677s][info][gc,phases      ] GC(1272)   Pre Evacuate Collection Set: 0.37ms
[4450.677s][info][gc,phases      ] GC(1272)   Merge Heap Roots: 0.69ms
[4450.677s][info][gc,phases      ] GC(1272)   Evacuate Collection Set: 132.70ms
[4450.677s][info][gc,phases      ] GC(1272)   Post Evacuate Collection Set: 0.97ms
[4450.677s][info][gc,phases      ] GC(1272)   Other: 0.09ms
[4450.677s][info][gc,heap        ] GC(1272) Eden regions: 1106->0(1117)
[4450.677s][info][gc,heap        ] GC(1272) Survivor regions: 111->111(153)
[4450.677s][info][gc,heap        ] GC(1272) Old regions: 537->472
[4450.677s][info][gc,heap        ] GC(1272) Humongous regions: 80->80
[4450.677s][info][gc,metaspace   ] GC(1272) Metaspace: 28935K(29312K)->28935K(29312K) NonClass: 24067K(24256K)->24067K(24256K) Class: 4868K(5056K)->4868K(5056K)
[4450.677s][info][gc             ] GC(1272) Pause Young (Mixed) (G1 Evacuation Pause) 3666M->1324M(4096M) 134.947ms
[4450.677s][info][gc,cpu         ] GC(1272) User=0.79s Sys=0.00s Real=0.13s
..[4452.840s][info][gc,start       ] GC(1273) Pause Young (Concurrent Start) (G1 Evacuation Pause)
[4452.840s][info][gc,task        ] GC(1273) Using 6 workers of 6 for evacuation
[4452.958s][info][gc,phases      ] GC(1273)   Pre Evacuate Collection Set: 0.40ms
[4452.958s][info][gc,phases      ] GC(1273)   Merge Heap Roots: 0.51ms
[4452.958s][info][gc,phases      ] GC(1273)   Evacuate Collection Set: 116.28ms
[4452.958s][info][gc,phases      ] GC(1273)   Post Evacuate Collection Set: 0.88ms
[4452.958s][info][gc,phases      ] GC(1273)   Other: 0.11ms
[4452.958s][info][gc,heap        ] GC(1273) Eden regions: 1117->0(1118)
[4452.958s][info][gc,heap        ] GC(1273) Survivor regions: 111->110(154)
[4452.958s][info][gc,heap        ] GC(1273) Old regions: 472->505
[4452.958s][info][gc,heap        ] GC(1273) Humongous regions: 80->80
[4452.958s][info][gc,metaspace   ] GC(1273) Metaspace: 28935K(29312K)->28935K(29312K) NonClass: 24067K(24256K)->24067K(24256K) Class: 4868K(5056K)->4868K(5056K)
[4452.958s][info][gc             ] GC(1273) Pause Young (Concurrent Start) (G1 Evacuation Pause) 3558M->1387M(4096M) 118.323ms
[4452.958s][info][gc             ] GC(1274) Concurrent Mark Cycle
[4452.958s][info][gc,marking     ] GC(1274) Concurrent Scan Root Regions
[4452.958s][info][gc,cpu         ] GC(1273) User=0.70s Sys=0.01s Real=0.12s
.[4453.183s][info][gc,marking     ] GC(1274) Concurrent Scan Root Regions 224.707ms
[4453.183s][info][gc,marking     ] GC(1274) Concurrent Mark
[4453.183s][info][gc,marking     ] GC(1274) Concurrent Mark From Roots
[4453.183s][info][gc,task        ] GC(1274) Using 2 workers of 2 for marking
[4454.158s][info][gc,marking     ] GC(1274) Concurrent Mark From Roots 974.384ms
[4454.158s][info][gc,marking     ] GC(1274) Concurrent Preclean
[4454.158s][info][gc,marking     ] GC(1274) Concurrent Preclean 0.113ms
[4454.160s][info][gc,start       ] GC(1274) Pause Remark
[4454.165s][info][gc             ] GC(1274) Pause Remark 2511M->2511M(4096M) 5.181ms
[4454.165s][info][gc,cpu         ] GC(1274) User=0.03s Sys=0.00s Real=0.01s
[4454.165s][info][gc,marking     ] GC(1274) Concurrent Mark 982.015ms
[4454.165s][info][gc,marking     ] GC(1274) Concurrent Rebuild Remembered Sets and Scrub Regions
.[4454.478s][info][gc,marking     ] GC(1274) Concurrent Rebuild Remembered Sets and Scrub Regions 312.464ms
[4454.478s][info][gc,start       ] GC(1274) Pause Cleanup
[4454.478s][info][gc             ] GC(1274) Pause Cleanup 2825M->2825M(4096M) 0.109ms
[4454.478s][info][gc,cpu         ] GC(1274) User=0.00s Sys=0.00s Real=0.00s
[4454.478s][info][gc,marking     ] GC(1274) Concurrent Clear Claimed Marks
[4454.478s][info][gc,marking     ] GC(1274) Concurrent Clear Claimed Marks 0.022ms
[4454.478s][info][gc,marking     ] GC(1274) Concurrent Cleanup for Next Mark
[4454.492s][info][gc,marking     ] GC(1274) Concurrent Cleanup for Next Mark 13.768ms
[4454.492s][info][gc             ] GC(1274) Concurrent Mark Cycle 1533.641ms
[4455.153s][info][gc,start       ] GC(1275) Pause Young (Prepare Mixed) (G1 Evacuation Pause)
[4455.153s][info][gc,task        ] GC(1275) Using 6 workers of 6 for evacuation
[4455.274s][info][gc,phases      ] GC(1275)   Pre Evacuate Collection Set: 0.32ms
[4455.274s][info][gc,phases      ] GC(1275)   Merge Heap Roots: 0.50ms
[4455.274s][info][gc,phases      ] GC(1275)   Evacuate Collection Set: 119.39ms
[4455.274s][info][gc,phases      ] GC(1275)   Post Evacuate Collection Set: 0.91ms
[4455.274s][info][gc,phases      ] GC(1275)   Other: 0.08ms
[4455.274s][info][gc,heap        ] GC(1275) Eden regions: 1118->0(1106)
[4455.274s][info][gc,heap        ] GC(1275) Survivor regions: 110->111(154)
[4455.274s][info][gc,heap        ] GC(1275) Old regions: 505->537
[4455.274s][info][gc,heap        ] GC(1275) Humongous regions: 80->80
[4455.274s][info][gc,metaspace   ] GC(1275) Metaspace: 28935K(29312K)->28935K(29312K) NonClass: 24067K(24256K)->24067K(24256K) Class: 4868K(5056K)->4868K(5056K)
[4455.274s][info][gc             ] GC(1275) Pause Young (Prepare Mixed) (G1 Evacuation Pause) 3623M->1454M(4096M) 121.332ms
[4455.274s][info][gc,cpu         ] GC(1275) User=0.72s Sys=0.00s Real=0.12s
...[4457.509s][info][gc,start       ] GC(1276) Pause Young (Mixed) (G1 Evacuation Pause)
[4457.509s][info][gc,task        ] GC(1276) Using 6 workers of 6 for evacuation
[4457.643s][info][gc,phases      ] GC(1276)   Pre Evacuate Collection Set: 0.39ms
[4457.643s][info][gc,phases      ] GC(1276)   Merge Heap Roots: 0.66ms
[4457.643s][info][gc,phases      ] GC(1276)   Evacuate Collection Set: 131.85ms
[4457.643s][info][gc,phases      ] GC(1276)   Post Evacuate Collection Set: 0.94ms
[4457.643s][info][gc,phases      ] GC(1276)   Other: 0.09ms
[4457.643s][info][gc,heap        ] GC(1276) Eden regions: 1106->0(1118)
[4457.643s][info][gc,heap        ] GC(1276) Survivor regions: 111->110(153)
[4457.643s][info][gc,heap        ] GC(1276) Old regions: 537->474
[4457.643s][info][gc,heap        ] GC(1276) Humongous regions: 80->80
[4457.643s][info][gc,metaspace   ] GC(1276) Metaspace: 28935K(29312K)->28935K(29312K) NonClass: 24067K(24256K)->24067K(24256K) Class: 4868K(5056K)->4868K(5056K)
[4457.643s][info][gc             ] GC(1276) Pause Young (Mixed) (G1 Evacuation Pause) 3666M->1326M(4096M) 134.070ms
[4457.643s][info][gc,cpu         ] GC(1276) User=0.79s Sys=0.00s Real=0.14s
..[4459.789s][info][gc,start       ] GC(1277) Pause Young (Concurrent Start) (G1 Evacuation Pause)
[4459.789s][info][gc,task        ] GC(1277) Using 6 workers of 6 for evacuation
[4459.910s][info][gc,phases      ] GC(1277)   Pre Evacuate Collection Set: 0.32ms
[4459.910s][info][gc,phases      ] GC(1277)   Merge Heap Roots: 0.45ms
[4459.910s][info][gc,phases      ] GC(1277)   Evacuate Collection Set: 119.66ms
[4459.910s][info][gc,phases      ] GC(1277)   Post Evacuate Collection Set: 0.90ms
[4459.910s][info][gc,phases      ] GC(1277)   Other: 0.11ms
[4459.910s][info][gc,heap        ] GC(1277) Eden regions: 1118->0(1115)
[4459.910s][info][gc,heap        ] GC(1277) Survivor regions: 110->113(154)
[4459.910s][info][gc,heap        ] GC(1277) Old regions: 474->507
[4459.910s][info][gc,heap        ] GC(1277) Humongous regions: 80->80
[4459.910s][info][gc,metaspace   ] GC(1277) Metaspace: 28935K(29312K)->28935K(29312K) NonClass: 24067K(24256K)->24067K(24256K) Class: 4868K(5056K)->4868K(5056K)
[4459.910s][info][gc             ] GC(1277) Pause Young (Concurrent Start) (G1 Evacuation Pause) 3562M->1397M(4096M) 121.569ms
[4459.910s][info][gc             ] GC(1278) Concurrent Mark Cycle
[4459.910s][info][gc,marking     ] GC(1278) Concurrent Scan Root Regions
[4459.910s][info][gc,cpu         ] GC(1277) User=0.72s Sys=0.00s Real=0.12s
[4460.075s][info][gc,marking     ] GC(1278) Concurrent Scan Root Regions 165.010ms
[4460.075s][info][gc,marking     ] GC(1278) Concurrent Mark
[4460.075s][info][gc,marking     ] GC(1278) Concurrent Mark From Roots
[4460.075s][info][gc,task        ] GC(1278) Using 2 workers of 2 for marking
.[4460.791s][info][gc,marking     ] GC(1278) Concurrent Mark From Roots 716.184ms
[4460.791s][info][gc,marking     ] GC(1278) Concurrent Preclean
[4460.792s][info][gc,marking     ] GC(1278) Concurrent Preclean 0.100ms
[4460.792s][info][gc,start       ] GC(1278) Pause Remark
[4460.796s][info][gc             ] GC(1278) Pause Remark 2193M->2193M(4096M) 3.141ms
[4460.796s][info][gc,cpu         ] GC(1278) User=0.02s Sys=0.00s Real=0.00s
[4460.796s][info][gc,marking     ] GC(1278) Concurrent Mark 720.560ms
[4460.796s][info][gc,marking     ] GC(1278) Concurrent Rebuild Remembered Sets and Scrub Regions
[4461.031s][info][gc,marking     ] GC(1278) Concurrent Rebuild Remembered Sets and Scrub Regions 235.703ms
[4461.032s][info][gc,start       ] GC(1278) Pause Cleanup
[4461.032s][info][gc             ] GC(1278) Pause Cleanup 2415M->2415M(4096M) 0.109ms
[4461.032s][info][gc,cpu         ] GC(1278) User=0.00s Sys=0.00s Real=0.00s
[4461.032s][info][gc,marking     ] GC(1278) Concurrent Clear Claimed Marks
[4461.032s][info][gc,marking     ] GC(1278) Concurrent Clear Claimed Marks 0.028ms
[4461.032s][info][gc,marking     ] GC(1278) Concurrent Cleanup for Next Mark
[4461.036s][info][gc,marking     ] GC(1278) Concurrent Cleanup for Next Mark 4.339ms
[4461.036s][info][gc             ] GC(1278) Concurrent Mark Cycle 1126.109ms
.[4462.166s][info][gc,start       ] GC(1279) Pause Young (Prepare Mixed) (G1 Evacuation Pause)
[4462.166s][info][gc,task        ] GC(1279) Using 6 workers of 6 for evacuation
[4462.283s][info][gc,phases      ] GC(1279)   Pre Evacuate Collection Set: 0.33ms
[4462.283s][info][gc,phases      ] GC(1279)   Merge Heap Roots: 0.50ms
[4462.283s][info][gc,phases      ] GC(1279)   Evacuate Collection Set: 115.17ms
[4462.283s][info][gc,phases      ] GC(1279)   Post Evacuate Collection Set: 0.97ms
[4462.283s][info][gc,phases      ] GC(1279)   Other: 0.09ms
[4462.283s][info][gc,heap        ] GC(1279) Eden regions: 1115->0(1111)
[4462.283s][info][gc,heap        ] GC(1279) Survivor regions: 113->107(154)
[4462.283s][info][gc,heap        ] GC(1279) Old regions: 507->540
[4462.283s][info][gc,heap        ] GC(1279) Humongous regions: 80->80
[4462.283s][info][gc,metaspace   ] GC(1279) Metaspace: 28935K(29312K)->28935K(29312K) NonClass: 24067K(24256K)->24067K(24256K) Class: 4868K(5056K)->4868K(5056K)
[4462.283s][info][gc             ] GC(1279) Pause Young (Prepare Mixed) (G1 Evacuation Pause) 3627M->1451M(4096M) 117.200ms
[4462.283s][info][gc,cpu         ] GC(1279) User=0.69s Sys=0.00s Real=0.12s
...[4464.429s][info][gc,start       ] GC(1280) Pause Young (Mixed) (G1 Evacuation Pause)
[4464.429s][info][gc,task        ] GC(1280) Using 6 workers of 6 for evacuation
[4464.564s][info][gc,phases      ] GC(1280)   Pre Evacuate Collection Set: 0.38ms
[4464.564s][info][gc,phases      ] GC(1280)   Merge Heap Roots: 0.67ms
[4464.564s][info][gc,phases      ] GC(1280)   Evacuate Collection Set: 133.06ms
[4464.564s][info][gc,phases      ] GC(1280)   Post Evacuate Collection Set: 0.96ms
[4464.564s][info][gc,phases      ] GC(1280)   Other: 0.09ms
[4464.564s][info][gc,heap        ] GC(1280) Eden regions: 1111->0(1117)
[4464.564s][info][gc,heap        ] GC(1280) Survivor regions: 107->111(153)
[4464.564s][info][gc,heap        ] GC(1280) Old regions: 540->475
[4464.564s][info][gc,heap        ] GC(1280) Humongous regions: 80->80
[4464.564s][info][gc,metaspace   ] GC(1280) Metaspace: 28935K(29312K)->28935K(29312K) NonClass: 24067K(24256K)->24067K(24256K) Class: 4868K(5056K)->4868K(5056K)
[4464.564s][info][gc             ] GC(1280) Pause Young (Mixed) (G1 Evacuation Pause) 3673M->1330M(4096M) 135.300ms
[4464.564s][info][gc,cpu         ] GC(1280) User=0.80s Sys=0.00s Real=0.14s
..[4466.820s][info][gc,start       ] GC(1281) Pause Young (Concurrent Start) (G1 Evacuation Pause)
[4466.820s][info][gc,task        ] GC(1281) Using 6 workers of 6 for evacuation
[4466.943s][info][gc,phases      ] GC(1281)   Pre Evacuate Collection Set: 0.38ms
[4466.943s][info][gc,phases      ] GC(1281)   Merge Heap Roots: 0.51ms
[4466.943s][info][gc,phases      ] GC(1281)   Evacuate Collection Set: 120.86ms
[4466.943s][info][gc,phases      ] GC(1281)   Post Evacuate Collection Set: 0.89ms
[4466.943s][info][gc,phases      ] GC(1281)   Other: 0.13ms
[4466.943s][info][gc,heap        ] GC(1281) Eden regions: 1117->0(1114)
[4466.943s][info][gc,heap        ] GC(1281) Survivor regions: 111->114(154)
[4466.943s][info][gc,heap        ] GC(1281) Old regions: 475->507
[4466.943s][info][gc,heap        ] GC(1281) Humongous regions: 80->80
[4466.943s][info][gc,metaspace   ] GC(1281) Metaspace: 28935K(29312K)->28935K(29312K) NonClass: 24067K(24256K)->24067K(24256K) Class: 4868K(5056K)->4868K(5056K)
[4466.943s][info][gc             ] GC(1281) Pause Young (Concurrent Start) (G1 Evacuation Pause) 3564M->1400M(4096M) 122.894ms
[4466.943s][info][gc             ] GC(1282) Concurrent Mark Cycle
[4466.943s][info][gc,marking     ] GC(1282) Concurrent Scan Root Regions
[4466.943s][info][gc,cpu         ] GC(1281) User=0.72s Sys=0.00s Real=0.13s
[4467.116s][info][gc,marking     ] GC(1282) Concurrent Scan Root Regions 173.639ms
[4467.116s][info][gc,marking     ] GC(1282) Concurrent Mark
[4467.116s][info][gc,marking     ] GC(1282) Concurrent Mark From Roots
[4467.116s][info][gc,task        ] GC(1282) Using 2 workers of 2 for marking
.[4467.921s][info][gc,marking     ] GC(1282) Concurrent Mark From Roots 804.940ms
[4467.921s][info][gc,marking     ] GC(1282) Concurrent Preclean
[4467.921s][info][gc,marking     ] GC(1282) Concurrent Preclean 0.087ms
[4467.930s][info][gc,start       ] GC(1282) Pause Remark
[4467.935s][info][gc             ] GC(1282) Pause Remark 2260M->2260M(4096M) 4.786ms
[4467.935s][info][gc,cpu         ] GC(1282) User=0.03s Sys=0.00s Real=0.01s
[4467.935s][info][gc,marking     ] GC(1282) Concurrent Mark 818.663ms
[4467.935s][info][gc,marking     ] GC(1282) Concurrent Rebuild Remembered Sets and Scrub Regions
[4468.364s][info][gc,marking     ] GC(1282) Concurrent Rebuild Remembered Sets and Scrub Regions 429.363ms
[4468.366s][info][gc,start       ] GC(1282) Pause Cleanup
[4468.366s][info][gc             ] GC(1282) Pause Cleanup 2684M->2684M(4096M) 0.125ms
[4468.366s][info][gc,cpu         ] GC(1282) User=0.00s Sys=0.00s Real=0.00s
[4468.366s][info][gc,marking     ] GC(1282) Concurrent Clear Claimed Marks
[4468.366s][info][gc,marking     ] GC(1282) Concurrent Clear Claimed Marks 0.053ms
[4468.366s][info][gc,marking     ] GC(1282) Concurrent Cleanup for Next Mark
[4468.372s][info][gc,marking     ] GC(1282) Concurrent Cleanup for Next Mark 6.225ms
[4468.373s][info][gc             ] GC(1282) Concurrent Mark Cycle 1429.871ms
.[4469.136s][info][gc,start       ] GC(1283) Pause Young (Prepare Mixed) (G1 Evacuation Pause)
[4469.136s][info][gc,task        ] GC(1283) Using 6 workers of 6 for evacuation
[4469.251s][info][gc,phases      ] GC(1283)   Pre Evacuate Collection Set: 0.33ms
[4469.251s][info][gc,phases      ] GC(1283)   Merge Heap Roots: 0.50ms
[4469.251s][info][gc,phases      ] GC(1283)   Evacuate Collection Set: 112.87ms
[4469.251s][info][gc,phases      ] GC(1283)   Post Evacuate Collection Set: 0.93ms
[4469.251s][info][gc,phases      ] GC(1283)   Other: 0.09ms
[4469.251s][info][gc,heap        ] GC(1283) Eden regions: 1114->0(1110)
[4469.251s][info][gc,heap        ] GC(1283) Survivor regions: 114->108(154)
[4469.251s][info][gc,heap        ] GC(1283) Old regions: 507->539
[4469.251s][info][gc,heap        ] GC(1283) Humongous regions: 80->80
[4469.251s][info][gc,metaspace   ] GC(1283) Metaspace: 28935K(29312K)->28935K(29312K) NonClass: 24067K(24256K)->24067K(24256K) Class: 4868K(5056K)->4868K(5056K)
[4469.251s][info][gc             ] GC(1283) Pause Young (Prepare Mixed) (G1 Evacuation Pause) 3628M->1451M(4096M) 114.846ms
[4469.251s][info][gc,cpu         ] GC(1283) User=0.68s Sys=0.00s Real=0.11s
..[4471.500s][info][gc,start       ] GC(1284) Pause Young (Mixed) (G1 Evacuation Pause)
[4471.500s][info][gc,task        ] GC(1284) Using 6 workers of 6 for evacuation
[4471.636s][info][gc,phases      ] GC(1284)   Pre Evacuate Collection Set: 0.37ms
[4471.636s][info][gc,phases      ] GC(1284)   Merge Heap Roots: 0.62ms
[4471.636s][info][gc,phases      ] GC(1284)   Evacuate Collection Set: 133.93ms
[4471.636s][info][gc,phases      ] GC(1284)   Post Evacuate Collection Set: 0.93ms
[4471.636s][info][gc,phases      ] GC(1284)   Other: 0.09ms
[4471.636s][info][gc,heap        ] GC(1284) Eden regions: 1110->0(1117)
[4471.636s][info][gc,heap        ] GC(1284) Survivor regions: 108->111(153)
[4471.636s][info][gc,heap        ] GC(1284) Old regions: 539->473
[4471.636s][info][gc,heap        ] GC(1284) Humongous regions: 80->80
[4471.636s][info][gc,metaspace   ] GC(1284) Metaspace: 28935K(29312K)->28935K(29312K) NonClass: 24067K(24256K)->24067K(24256K) Class: 4868K(5056K)->4868K(5056K)
[4471.636s][info][gc             ] GC(1284) Pause Young (Mixed) (G1 Evacuation Pause) 3671M->1327M(4096M) 136.078ms
[4471.636s][info][gc,cpu         ] GC(1284) User=0.80s Sys=0.00s Real=0.14s
...[4473.834s][info][gc,start       ] GC(1285) Pause Young (Concurrent Start) (G1 Evacuation Pause)
[4473.834s][info][gc,task        ] GC(1285) Using 6 workers of 6 for evacuation
[4473.955s][info][gc,phases      ] GC(1285)   Pre Evacuate Collection Set: 0.36ms
[4473.955s][info][gc,phases      ] GC(1285)   Merge Heap Roots: 0.43ms
[4473.955s][info][gc,phases      ] GC(1285)   Evacuate Collection Set: 119.71ms
[4473.955s][info][gc,phases      ] GC(1285)   Post Evacuate Collection Set: 0.90ms
[4473.955s][info][gc,phases      ] GC(1285)   Other: 0.11ms
[4473.955s][info][gc,heap        ] GC(1285) Eden regions: 1117->0(1116)
[4473.955s][info][gc,heap        ] GC(1285) Survivor regions: 111->112(154)
[4473.955s][info][gc,heap        ] GC(1285) Old regions: 473->505
[4473.955s][info][gc,heap        ] GC(1285) Humongous regions: 80->80
[4473.955s][info][gc,metaspace   ] GC(1285) Metaspace: 28935K(29312K)->28935K(29312K) NonClass: 24067K(24256K)->24067K(24256K) Class: 4868K(5056K)->4868K(5056K)
[4473.955s][info][gc             ] GC(1285) Pause Young (Concurrent Start) (G1 Evacuation Pause) 3561M->1392M(4096M) 121.654ms
[4473.956s][info][gc             ] GC(1286) Concurrent Mark Cycle
[4473.956s][info][gc,marking     ] GC(1286) Concurrent Scan Root Regions
[4473.956s][info][gc,cpu         ] GC(1285) User=0.72s Sys=0.00s Real=0.12s
[4474.107s][info][gc,marking     ] GC(1286) Concurrent Scan Root Regions 151.871ms
[4474.108s][info][gc,marking     ] GC(1286) Concurrent Mark
[4474.108s][info][gc,marking     ] GC(1286) Concurrent Mark From Roots
[4474.108s][info][gc,task        ] GC(1286) Using 2 workers of 2 for marking
[4474.703s][info][gc,marking     ] GC(1286) Concurrent Mark From Roots 595.196ms
[4474.703s][info][gc,marking     ] GC(1286) Concurrent Preclean
[4474.703s][info][gc,marking     ] GC(1286) Concurrent Preclean 0.113ms
[4474.703s][info][gc,start       ] GC(1286) Pause Remark
[4474.709s][info][gc             ] GC(1286) Pause Remark 2039M->2039M(4096M) 5.696ms
[4474.709s][info][gc,cpu         ] GC(1286) User=0.03s Sys=0.00s Real=0.00s
[4474.712s][info][gc,marking     ] GC(1286) Concurrent Mark 604.022ms
[4474.712s][info][gc,marking     ] GC(1286) Concurrent Rebuild Remembered Sets and Scrub Regions
[4474.926s][info][gc,marking     ] GC(1286) Concurrent Rebuild Remembered Sets and Scrub Regions 213.959ms
[4474.926s][info][gc,start       ] GC(1286) Pause Cleanup
[4474.926s][info][gc             ] GC(1286) Pause Cleanup 2243M->2243M(4096M) 0.112ms
[4474.926s][info][gc,cpu         ] GC(1286) User=0.00s Sys=0.00s Real=0.00s
.[4474.928s][info][gc,marking     ] GC(1286) Concurrent Clear Claimed Marks
[4474.928s][info][gc,marking     ] GC(1286) Concurrent Clear Claimed Marks 0.056ms
[4474.928s][info][gc,marking     ] GC(1286) Concurrent Cleanup for Next Mark
[4474.937s][info][gc,marking     ] GC(1286) Concurrent Cleanup for Next Mark 9.155ms
[4474.937s][info][gc             ] GC(1286) Concurrent Mark Cycle 981.647ms
.[4476.191s][info][gc,start       ] GC(1287) Pause Young (Prepare Mixed) (G1 Evacuation Pause)
[4476.191s][info][gc,task        ] GC(1287) Using 6 workers of 6 for evacuation
[4476.309s][info][gc,phases      ] GC(1287)   Pre Evacuate Collection Set: 0.30ms
[4476.310s][info][gc,phases      ] GC(1287)   Merge Heap Roots: 0.49ms
[4476.310s][info][gc,phases      ] GC(1287)   Evacuate Collection Set: 116.36ms
[4476.310s][info][gc,phases      ] GC(1287)   Post Evacuate Collection Set: 0.92ms
[4476.310s][info][gc,phases      ] GC(1287)   Other: 0.09ms
[4476.310s][info][gc,heap        ] GC(1287) Eden regions: 1116->0(1108)
[4476.310s][info][gc,heap        ] GC(1287) Survivor regions: 112->110(154)
[4476.310s][info][gc,heap        ] GC(1287) Old regions: 505->537
[4476.310s][info][gc,heap        ] GC(1287) Humongous regions: 80->80
[4476.310s][info][gc,metaspace   ] GC(1287) Metaspace: 28935K(29312K)->28935K(29312K) NonClass: 24067K(24256K)->24067K(24256K) Class: 4868K(5056K)->4868K(5056K)
[4476.310s][info][gc             ] GC(1287) Pause Young (Prepare Mixed) (G1 Evacuation Pause) 3624M->1453M(4096M) 118.297ms
[4476.310s][info][gc,cpu         ] GC(1287) User=0.70s Sys=0.00s Real=0.12s
..[4478.523s][info][gc,start       ] GC(1288) Pause Young (Mixed) (G1 Evacuation Pause)
[4478.523s][info][gc,task        ] GC(1288) Using 6 workers of 6 for evacuation
[4478.656s][info][gc,phases      ] GC(1288)   Pre Evacuate Collection Set: 0.40ms
[4478.657s][info][gc,phases      ] GC(1288)   Merge Heap Roots: 0.68ms
[4478.657s][info][gc,phases      ] GC(1288)   Evacuate Collection Set: 131.46ms
[4478.657s][info][gc,phases      ] GC(1288)   Post Evacuate Collection Set: 0.94ms
[4478.657s][info][gc,phases      ] GC(1288)   Other: 0.10ms
[4478.657s][info][gc,heap        ] GC(1288) Eden regions: 1108->0(1118)
[4478.657s][info][gc,heap        ] GC(1288) Survivor regions: 110->110(153)
[4478.657s][info][gc,heap        ] GC(1288) Old regions: 537->474
[4478.657s][info][gc,heap        ] GC(1288) Humongous regions: 80->80
[4478.657s][info][gc,metaspace   ] GC(1288) Metaspace: 28935K(29312K)->28935K(29312K) NonClass: 24067K(24256K)->24067K(24256K) Class: 4868K(5056K)->4868K(5056K)
[4478.657s][info][gc             ] GC(1288) Pause Young (Mixed) (G1 Evacuation Pause) 3669M->1326M(4096M) 133.735ms
[4478.657s][info][gc,cpu         ] GC(1288) User=0.79s Sys=0.00s Real=0.13s
..[4480.859s][info][gc,start       ] GC(1289) Pause Young (Concurrent Start) (G1 Evacuation Pause)
[4480.859s][info][gc,task        ] GC(1289) Using 6 workers of 6 for evacuation
[4480.983s][info][gc,phases      ] GC(1289)   Pre Evacuate Collection Set: 0.38ms
[4480.983s][info][gc,phases      ] GC(1289)   Merge Heap Roots: 0.48ms
[4480.983s][info][gc,phases      ] GC(1289)   Evacuate Collection Set: 122.07ms
[4480.983s][info][gc,phases      ] GC(1289)   Post Evacuate Collection Set: 0.94ms
[4480.983s][info][gc,phases      ] GC(1289)   Other: 0.11ms
[4480.983s][info][gc,heap        ] GC(1289) Eden regions: 1118->0(1113)
[4480.983s][info][gc,heap        ] GC(1289) Survivor regions: 110->115(154)
[4480.983s][info][gc,heap        ] GC(1289) Old regions: 474->507
[4480.983s][info][gc,heap        ] GC(1289) Humongous regions: 80->80
[4480.983s][info][gc,metaspace   ] GC(1289) Metaspace: 28935K(29312K)->28935K(29312K) NonClass: 24067K(24256K)->24067K(24256K) Class: 4868K(5056K)->4868K(5056K)
[4480.983s][info][gc             ] GC(1289) Pause Young (Concurrent Start) (G1 Evacuation Pause) 3562M->1401M(4096M) 124.117ms
[4480.983s][info][gc             ] GC(1290) Concurrent Mark Cycle
[4480.983s][info][gc,marking     ] GC(1290) Concurrent Scan Root Regions
[4480.983s][info][gc,cpu         ] GC(1289) User=0.74s Sys=0.00s Real=0.13s
.[4481.130s][info][gc,marking     ] GC(1290) Concurrent Scan Root Regions 146.938ms
[4481.130s][info][gc,marking     ] GC(1290) Concurrent Mark
[4481.130s][info][gc,marking     ] GC(1290) Concurrent Mark From Roots
[4481.130s][info][gc,task        ] GC(1290) Using 2 workers of 2 for marking
[4481.702s][info][gc,marking     ] GC(1290) Concurrent Mark From Roots 571.901ms
[4481.702s][info][gc,marking     ] GC(1290) Concurrent Preclean
[4481.702s][info][gc,marking     ] GC(1290) Concurrent Preclean 0.123ms
[4481.704s][info][gc,start       ] GC(1290) Pause Remark
[4481.710s][info][gc             ] GC(1290) Pause Remark 2021M->2021M(4096M) 5.699ms
[4481.710s][info][gc,cpu         ] GC(1290) User=0.03s Sys=0.00s Real=0.00s
[4481.710s][info][gc,marking     ] GC(1290) Concurrent Mark 579.468ms
[4481.710s][info][gc,marking     ] GC(1290) Concurrent Rebuild Remembered Sets and Scrub Regions
.[4482.013s][info][gc,marking     ] GC(1290) Concurrent Rebuild Remembered Sets and Scrub Regions 303.250ms
[4482.015s][info][gc,start       ] GC(1290) Pause Cleanup
[4482.015s][info][gc             ] GC(1290) Pause Cleanup 2317M->2317M(4096M) 0.139ms
[4482.015s][info][gc,cpu         ] GC(1290) User=0.00s Sys=0.00s Real=0.00s
[4482.016s][info][gc,marking     ] GC(1290) Concurrent Clear Claimed Marks
[4482.016s][info][gc,marking     ] GC(1290) Concurrent Clear Claimed Marks 0.032ms
[4482.016s][info][gc,marking     ] GC(1290) Concurrent Cleanup for Next Mark
[4482.023s][info][gc,marking     ] GC(1290) Concurrent Cleanup for Next Mark 7.217ms
[4482.023s][info][gc             ] GC(1290) Concurrent Mark Cycle 1039.613ms
.[4483.234s][info][gc,start       ] GC(1291) Pause Young (Prepare Mixed) (G1 Evacuation Pause)
[4483.234s][info][gc,task        ] GC(1291) Using 6 workers of 6 for evacuation
[4483.354s][info][gc,phases      ] GC(1291)   Pre Evacuate Collection Set: 0.33ms
[4483.354s][info][gc,phases      ] GC(1291)   Merge Heap Roots: 0.53ms
[4483.354s][info][gc,phases      ] GC(1291)   Evacuate Collection Set: 117.95ms
[4483.354s][info][gc,phases      ] GC(1291)   Post Evacuate Collection Set: 0.95ms
[4483.354s][info][gc,phases      ] GC(1291)   Other: 0.09ms
[4483.354s][info][gc,heap        ] GC(1291) Eden regions: 1113->0(1108)
[4483.354s][info][gc,heap        ] GC(1291) Survivor regions: 115->109(154)
[4483.354s][info][gc,heap        ] GC(1291) Old regions: 507->539
[4483.354s][info][gc,heap        ] GC(1291) Humongous regions: 80->80
[4483.354s][info][gc,metaspace   ] GC(1291) Metaspace: 28935K(29312K)->28935K(29312K) NonClass: 24067K(24256K)->24067K(24256K) Class: 4868K(5056K)->4868K(5056K)
[4483.354s][info][gc             ] GC(1291) Pause Young (Prepare Mixed) (G1 Evacuation Pause) 3627M->1455M(4096M) 119.971ms
[4483.354s][info][gc,cpu         ] GC(1291) User=0.71s Sys=0.00s Real=0.12s
..[4485.538s][info][gc,start       ] GC(1292) Pause Young (Mixed) (G1 Evacuation Pause)
[4485.538s][info][gc,task        ] GC(1292) Using 6 workers of 6 for evacuation
[4485.677s][info][gc,phases      ] GC(1292)   Pre Evacuate Collection Set: 0.34ms
[4485.677s][info][gc,phases      ] GC(1292)   Merge Heap Roots: 0.74ms
[4485.677s][info][gc,phases      ] GC(1292)   Evacuate Collection Set: 137.17ms
[4485.677s][info][gc,phases      ] GC(1292)   Post Evacuate Collection Set: 0.94ms
[4485.677s][info][gc,phases      ] GC(1292)   Other: 0.10ms
[4485.677s][info][gc,heap        ] GC(1292) Eden regions: 1108->0(1115)
[4485.677s][info][gc,heap        ] GC(1292) Survivor regions: 109->113(153)
[4485.677s][info][gc,heap        ] GC(1292) Old regions: 539->476
[4485.677s][info][gc,heap        ] GC(1292) Humongous regions: 80->80
[4485.677s][info][gc,metaspace   ] GC(1292) Metaspace: 28935K(29312K)->28935K(29312K) NonClass: 24067K(24256K)->24067K(24256K) Class: 4868K(5056K)->4868K(5056K)
[4485.677s][info][gc             ] GC(1292) Pause Young (Mixed) (G1 Evacuation Pause) 3671M->1335M(4096M) 139.420ms
[4485.678s][info][gc,cpu         ] GC(1292) User=0.82s Sys=0.00s Real=0.14s
..[4487.900s][info][gc,start       ] GC(1293) Pause Young (Concurrent Start) (G1 Evacuation Pause)
[4487.900s][info][gc,task        ] GC(1293) Using 6 workers of 6 for evacuation
[4488.019s][info][gc,phases      ] GC(1293)   Pre Evacuate Collection Set: 0.35ms
[4488.019s][info][gc,phases      ] GC(1293)   Merge Heap Roots: 0.50ms
[4488.019s][info][gc,phases      ] GC(1293)   Evacuate Collection Set: 116.93ms
[4488.019s][info][gc,phases      ] GC(1293)   Post Evacuate Collection Set: 0.86ms
[4488.019s][info][gc,phases      ] GC(1293)   Other: 0.14ms
[4488.019s][info][gc,heap        ] GC(1293) Eden regions: 1115->0(1117)
[4488.019s][info][gc,heap        ] GC(1293) Survivor regions: 113->111(154)
[4488.019s][info][gc,heap        ] GC(1293) Old regions: 476->508
[4488.019s][info][gc,heap        ] GC(1293) Humongous regions: 80->80
[4488.019s][info][gc,metaspace   ] GC(1293) Metaspace: 28935K(29312K)->28935K(29312K) NonClass: 24067K(24256K)->24067K(24256K) Class: 4868K(5056K)->4868K(5056K)
[4488.019s][info][gc             ] GC(1293) Pause Young (Concurrent Start) (G1 Evacuation Pause) 3565M->1396M(4096M) 118.937ms
[4488.019s][info][gc             ] GC(1294) Concurrent Mark Cycle
[4488.019s][info][gc,marking     ] GC(1294) Concurrent Scan Root Regions
[4488.019s][info][gc,cpu         ] GC(1293) User=0.70s Sys=0.00s Real=0.12s
.[4488.205s][info][gc,marking     ] GC(1294) Concurrent Scan Root Regions 185.703ms
[4488.205s][info][gc,marking     ] GC(1294) Concurrent Mark
[4488.205s][info][gc,marking     ] GC(1294) Concurrent Mark From Roots
[4488.205s][info][gc,task        ] GC(1294) Using 2 workers of 2 for marking
[4488.904s][info][gc,marking     ] GC(1294) Concurrent Mark From Roots 698.832ms
[4488.904s][info][gc,marking     ] GC(1294) Concurrent Preclean
[4488.904s][info][gc,marking     ] GC(1294) Concurrent Preclean 0.112ms
[4488.906s][info][gc,start       ] GC(1294) Pause Remark
[4488.912s][info][gc             ] GC(1294) Pause Remark 2212M->2212M(4096M) 6.076ms
[4488.913s][info][gc,cpu         ] GC(1294) User=0.03s Sys=0.00s Real=0.01s
[4488.913s][info][gc,marking     ] GC(1294) Concurrent Mark 708.027ms
[4488.913s][info][gc,marking     ] GC(1294) Concurrent Rebuild Remembered Sets and Scrub Regions
.[4489.285s][info][gc,marking     ] GC(1294) Concurrent Rebuild Remembered Sets and Scrub Regions 372.460ms
[4489.289s][info][gc,start       ] GC(1294) Pause Cleanup
[4489.289s][info][gc             ] GC(1294) Pause Cleanup 2578M->2578M(4096M) 0.134ms
[4489.289s][info][gc,cpu         ] GC(1294) User=0.00s Sys=0.00s Real=0.00s
[4489.289s][info][gc,marking     ] GC(1294) Concurrent Clear Claimed Marks
[4489.289s][info][gc,marking     ] GC(1294) Concurrent Clear Claimed Marks 0.034ms
[4489.289s][info][gc,marking     ] GC(1294) Concurrent Cleanup for Next Mark
[4489.294s][info][gc,marking     ] GC(1294) Concurrent Cleanup for Next Mark 5.342ms
[4489.294s][info][gc             ] GC(1294) Concurrent Mark Cycle 1275.482ms
[4490.247s][info][gc,start       ] GC(1295) Pause Young (Prepare Mixed) (G1 Evacuation Pause)
[4490.247s][info][gc,task        ] GC(1295) Using 6 workers of 6 for evacuation
[4490.365s][info][gc,phases      ] GC(1295)   Pre Evacuate Collection Set: 0.37ms
[4490.365s][info][gc,phases      ] GC(1295)   Merge Heap Roots: 0.56ms
[4490.365s][info][gc,phases      ] GC(1295)   Evacuate Collection Set: 115.89ms
[4490.365s][info][gc,phases      ] GC(1295)   Post Evacuate Collection Set: 0.90ms
[4490.365s][info][gc,phases      ] GC(1295)   Other: 0.09ms
[4490.365s][info][gc,heap        ] GC(1295) Eden regions: 1117->0(1105)
[4490.365s][info][gc,heap        ] GC(1295) Survivor regions: 111->111(154)
[4490.365s][info][gc,heap        ] GC(1295) Old regions: 508->538
[4490.365s][info][gc,heap        ] GC(1295) Humongous regions: 80->80
[4490.365s][info][gc,metaspace   ] GC(1295) Metaspace: 28935K(29312K)->28935K(29312K) NonClass: 24067K(24256K)->24067K(24256K) Class: 4868K(5056K)->4868K(5056K)
[4490.365s][info][gc             ] GC(1295) Pause Young (Prepare Mixed) (G1 Evacuation Pause) 3630M->1456M(4096M) 117.991ms
[4490.365s][info][gc,cpu         ] GC(1295) User=0.69s Sys=0.00s Real=0.12s
...[4492.533s][info][gc,start       ] GC(1296) Pause Young (Mixed) (G1 Evacuation Pause)
[4492.533s][info][gc,task        ] GC(1296) Using 6 workers of 6 for evacuation
[4492.669s][info][gc,phases      ] GC(1296)   Pre Evacuate Collection Set: 0.39ms
[4492.669s][info][gc,phases      ] GC(1296)   Merge Heap Roots: 0.67ms
[4492.669s][info][gc,phases      ] GC(1296)   Evacuate Collection Set: 133.69ms
[4492.669s][info][gc,phases      ] GC(1296)   Post Evacuate Collection Set: 0.96ms
[4492.669s][info][gc,phases      ] GC(1296)   Other: 0.09ms
[4492.669s][info][gc,heap        ] GC(1296) Eden regions: 1105->0(1117)
[4492.669s][info][gc,heap        ] GC(1296) Survivor regions: 111->111(152)
[4492.669s][info][gc,heap        ] GC(1296) Old regions: 538->475
[4492.669s][info][gc,heap        ] GC(1296) Humongous regions: 80->80
[4492.669s][info][gc,metaspace   ] GC(1296) Metaspace: 28935K(29312K)->28935K(29312K) NonClass: 24067K(24256K)->24067K(24256K) Class: 4868K(5056K)->4868K(5056K)
[4492.669s][info][gc             ] GC(1296) Pause Young (Mixed) (G1 Evacuation Pause) 3666M->1330M(4096M) 135.925ms
[4492.669s][info][gc,cpu         ] GC(1296) User=0.80s Sys=0.00s Real=0.13s
..[4494.887s][info][gc,start       ] GC(1297) Pause Young (Concurrent Start) (G1 Evacuation Pause)
[4494.887s][info][gc,task        ] GC(1297) Using 6 workers of 6 for evacuation
[4495.006s][info][gc,phases      ] GC(1297)   Pre Evacuate Collection Set: 0.37ms
[4495.006s][info][gc,phases      ] GC(1297)   Merge Heap Roots: 0.47ms
[4495.006s][info][gc,phases      ] GC(1297)   Evacuate Collection Set: 117.52ms
[4495.006s][info][gc,phases      ] GC(1297)   Post Evacuate Collection Set: 0.88ms
[4495.006s][info][gc,phases      ] GC(1297)   Other: 0.12ms
[4495.006s][info][gc,heap        ] GC(1297) Eden regions: 1117->0(1117)
[4495.006s][info][gc,heap        ] GC(1297) Survivor regions: 111->111(154)
[4495.006s][info][gc,heap        ] GC(1297) Old regions: 475->507
[4495.006s][info][gc,heap        ] GC(1297) Humongous regions: 80->80
[4495.006s][info][gc,metaspace   ] GC(1297) Metaspace: 28935K(29312K)->28935K(29312K) NonClass: 24067K(24256K)->24067K(24256K) Class: 4868K(5056K)->4868K(5056K)
[4495.006s][info][gc             ] GC(1297) Pause Young (Concurrent Start) (G1 Evacuation Pause) 3564M->1395M(4096M) 119.519ms
[4495.006s][info][gc             ] GC(1298) Concurrent Mark Cycle
[4495.006s][info][gc,marking     ] GC(1298) Concurrent Scan Root Regions
[4495.006s][info][gc,cpu         ] GC(1297) User=0.71s Sys=0.00s Real=0.12s
[4495.200s][info][gc,marking     ] GC(1298) Concurrent Scan Root Regions 193.781ms
[4495.200s][info][gc,marking     ] GC(1298) Concurrent Mark
[4495.200s][info][gc,marking     ] GC(1298) Concurrent Mark From Roots
[4495.200s][info][gc,task        ] GC(1298) Using 2 workers of 2 for marking
.[4496.296s][info][gc,marking     ] GC(1298) Concurrent Mark From Roots 1095.543ms
[4496.296s][info][gc,marking     ] GC(1298) Concurrent Preclean
[4496.296s][info][gc,marking     ] GC(1298) Concurrent Preclean 0.132ms
[4496.297s][info][gc,start       ] GC(1298) Pause Remark
[4496.302s][info][gc             ] GC(1298) Pause Remark 2621M->2621M(4096M) 4.520ms
[4496.302s][info][gc,cpu         ] GC(1298) User=0.02s Sys=0.00s Real=0.00s
[4496.302s][info][gc,marking     ] GC(1298) Concurrent Mark 1102.505ms
[4496.302s][info][gc,marking     ] GC(1298) Concurrent Rebuild Remembered Sets and Scrub Regions
.[4496.607s][info][gc,marking     ] GC(1298) Concurrent Rebuild Remembered Sets and Scrub Regions 304.526ms
[4496.607s][info][gc,start       ] GC(1298) Pause Cleanup
[4496.607s][info][gc             ] GC(1298) Pause Cleanup 2936M->2936M(4096M) 0.132ms
[4496.607s][info][gc,cpu         ] GC(1298) User=0.00s Sys=0.01s Real=0.00s
[4496.607s][info][gc,marking     ] GC(1298) Concurrent Clear Claimed Marks
[4496.607s][info][gc,marking     ] GC(1298) Concurrent Clear Claimed Marks 0.019ms
[4496.607s][info][gc,marking     ] GC(1298) Concurrent Cleanup for Next Mark
[4496.613s][info][gc,marking     ] GC(1298) Concurrent Cleanup for Next Mark 5.052ms
[4496.613s][info][gc             ] GC(1298) Concurrent Mark Cycle 1606.483ms
[4497.231s][info][gc,start       ] GC(1299) Pause Young (Prepare Mixed) (G1 Evacuation Pause)
[4497.231s][info][gc,task        ] GC(1299) Using 6 workers of 6 for evacuation
[4497.352s][info][gc,phases      ] GC(1299)   Pre Evacuate Collection Set: 0.33ms
[4497.352s][info][gc,phases      ] GC(1299)   Merge Heap Roots: 0.52ms
[4497.352s][info][gc,phases      ] GC(1299)   Evacuate Collection Set: 119.11ms
[4497.352s][info][gc,phases      ] GC(1299)   Post Evacuate Collection Set: 0.93ms
[4497.352s][info][gc,phases      ] GC(1299)   Other: 0.08ms
[4497.352s][info][gc,heap        ] GC(1299) Eden regions: 1117->0(1101)
[4497.352s][info][gc,heap        ] GC(1299) Survivor regions: 111->113(154)
[4497.352s][info][gc,heap        ] GC(1299) Old regions: 507->538
[4497.352s][info][gc,heap        ] GC(1299) Humongous regions: 80->80
[4497.352s][info][gc,metaspace   ] GC(1299) Metaspace: 28935K(29312K)->28935K(29312K) NonClass: 24067K(24256K)->24067K(24256K) Class: 4868K(5056K)->4868K(5056K)
[4497.352s][info][gc             ] GC(1299) Pause Young (Prepare Mixed) (G1 Evacuation Pause) 3629M->1461M(4096M) 121.107ms
[4497.352s][info][gc,cpu         ] GC(1299) User=0.71s Sys=0.00s Real=0.12s
..[4499.511s][info][gc,start       ] GC(1300) Pause Young (Mixed) (G1 Evacuation Pause)
[4499.511s][info][gc,task        ] GC(1300) Using 6 workers of 6 for evacuation
[4499.646s][info][gc,phases      ] GC(1300)   Pre Evacuate Collection Set: 0.37ms
[4499.646s][info][gc,phases      ] GC(1300)   Merge Heap Roots: 0.67ms
[4499.646s][info][gc,phases      ] GC(1300)   Evacuate Collection Set: 133.41ms
[4499.646s][info][gc,phases      ] GC(1300)   Post Evacuate Collection Set: 0.94ms
[4499.646s][info][gc,phases      ] GC(1300)   Other: 0.08ms
[4499.646s][info][gc,heap        ] GC(1300) Eden regions: 1101->0(1118)
[4499.646s][info][gc,heap        ] GC(1300) Survivor regions: 113->110(152)
[4499.646s][info][gc,heap        ] GC(1300) Old regions: 538->474
[4499.646s][info][gc,heap        ] GC(1300) Humongous regions: 80->80
[4499.646s][info][gc,metaspace   ] GC(1300) Metaspace: 28935K(29312K)->28935K(29312K) NonClass: 24067K(24256K)->24067K(24256K) Class: 4868K(5056K)->4868K(5056K)
[4499.646s][info][gc             ] GC(1300) Pause Young (Mixed) (G1 Evacuation Pause) 3663M->1327M(4096M) 135.602ms
[4499.646s][info][gc,cpu         ] GC(1300) User=0.80s Sys=0.00s Real=0.14s
...[4501.953s][info][gc,start       ] GC(1301) Pause Young (Concurrent Start) (G1 Evacuation Pause)
[4501.953s][info][gc,task        ] GC(1301) Using 6 workers of 6 for evacuation
[4502.071s][info][gc,phases      ] GC(1301)   Pre Evacuate Collection Set: 0.39ms
[4502.071s][info][gc,phases      ] GC(1301)   Merge Heap Roots: 0.44ms
[4502.071s][info][gc,phases      ] GC(1301)   Evacuate Collection Set: 116.16ms
[4502.071s][info][gc,phases      ] GC(1301)   Post Evacuate Collection Set: 0.90ms
[4502.071s][info][gc,phases      ] GC(1301)   Other: 0.11ms
[4502.071s][info][gc,heap        ] GC(1301) Eden regions: 1118->0(1118)
[4502.071s][info][gc,heap        ] GC(1301) Survivor regions: 110->110(154)
[4502.071s][info][gc,heap        ] GC(1301) Old regions: 474->506
[4502.071s][info][gc,heap        ] GC(1301) Humongous regions: 80->80
[4502.071s][info][gc,metaspace   ] GC(1301) Metaspace: 28935K(29312K)->28935K(29312K) NonClass: 24067K(24256K)->24067K(24256K) Class: 4868K(5056K)->4868K(5056K)
[4502.071s][info][gc             ] GC(1301) Pause Young (Concurrent Start) (G1 Evacuation Pause) 3563M->1390M(4096M) 118.135ms
[4502.071s][info][gc             ] GC(1302) Concurrent Mark Cycle
[4502.071s][info][gc,marking     ] GC(1302) Concurrent Scan Root Regions
[4502.071s][info][gc,cpu         ] GC(1301) User=0.69s Sys=0.00s Real=0.11s
[4502.212s][info][gc,marking     ] GC(1302) Concurrent Scan Root Regions 141.195ms
[4502.212s][info][gc,marking     ] GC(1302) Concurrent Mark
[4502.212s][info][gc,marking     ] GC(1302) Concurrent Mark From Roots
[4502.212s][info][gc,task        ] GC(1302) Using 2 workers of 2 for marking
.[4502.919s][info][gc,marking     ] GC(1302) Concurrent Mark From Roots 706.437ms
[4502.919s][info][gc,marking     ] GC(1302) Concurrent Preclean
[4502.919s][info][gc,marking     ] GC(1302) Concurrent Preclean 0.132ms
[4502.921s][info][gc,start       ] GC(1302) Pause Remark
[4502.926s][info][gc             ] GC(1302) Pause Remark 2080M->2080M(4096M) 5.434ms
[4502.927s][info][gc,cpu         ] GC(1302) User=0.03s Sys=0.00s Real=0.01s
[4502.927s][info][gc,marking     ] GC(1302) Concurrent Mark 714.757ms
[4502.927s][info][gc,marking     ] GC(1302) Concurrent Rebuild Remembered Sets and Scrub Regions
[4503.252s][info][gc,marking     ] GC(1302) Concurrent Rebuild Remembered Sets and Scrub Regions 325.115ms
[4503.253s][info][gc,start       ] GC(1302) Pause Cleanup
[4503.253s][info][gc             ] GC(1302) Pause Cleanup 2358M->2358M(4096M) 0.116ms
[4503.253s][info][gc,cpu         ] GC(1302) User=0.00s Sys=0.00s Real=0.00s
[4503.253s][info][gc,marking     ] GC(1302) Concurrent Clear Claimed Marks
[4503.253s][info][gc,marking     ] GC(1302) Concurrent Clear Claimed Marks 0.038ms
[4503.253s][info][gc,marking     ] GC(1302) Concurrent Cleanup for Next Mark
[4503.259s][info][gc,marking     ] GC(1302) Concurrent Cleanup for Next Mark 5.315ms
[4503.259s][info][gc             ] GC(1302) Concurrent Mark Cycle 1187.518ms
.[4504.274s][info][gc,start       ] GC(1303) Pause Young (Prepare Mixed) (G1 Evacuation Pause)
[4504.275s][info][gc,task        ] GC(1303) Using 6 workers of 6 for evacuation
[4504.398s][info][gc,phases      ] GC(1303)   Pre Evacuate Collection Set: 0.34ms
[4504.398s][info][gc,phases      ] GC(1303)   Merge Heap Roots: 0.50ms
[4504.398s][info][gc,phases      ] GC(1303)   Evacuate Collection Set: 121.23ms
[4504.398s][info][gc,phases      ] GC(1303)   Post Evacuate Collection Set: 0.93ms
[4504.398s][info][gc,phases      ] GC(1303)   Other: 0.09ms
[4504.398s][info][gc,heap        ] GC(1303) Eden regions: 1118->0(1104)
[4504.398s][info][gc,heap        ] GC(1303) Survivor regions: 110->112(154)
[4504.398s][info][gc,heap        ] GC(1303) Old regions: 506->537
[4504.398s][info][gc,heap        ] GC(1303) Humongous regions: 80->80
[4504.398s][info][gc,metaspace   ] GC(1303) Metaspace: 28935K(29312K)->28935K(29312K) NonClass: 24067K(24256K)->24067K(24256K) Class: 4868K(5056K)->4868K(5056K)
[4504.398s][info][gc             ] GC(1303) Pause Young (Prepare Mixed) (G1 Evacuation Pause) 3626M->1457M(4096M) 123.218ms
[4504.398s][info][gc,cpu         ] GC(1303) User=0.73s Sys=0.00s Real=0.12s
..[4506.636s][info][gc,start       ] GC(1304) Pause Young (Mixed) (G1 Evacuation Pause)
[4506.636s][info][gc,task        ] GC(1304) Using 6 workers of 6 for evacuation
[4506.770s][info][gc,phases      ] GC(1304)   Pre Evacuate Collection Set: 0.38ms
[4506.770s][info][gc,phases      ] GC(1304)   Merge Heap Roots: 0.68ms
[4506.770s][info][gc,phases      ] GC(1304)   Evacuate Collection Set: 132.58ms
[4506.771s][info][gc,phases      ] GC(1304)   Post Evacuate Collection Set: 0.95ms
[4506.771s][info][gc,phases      ] GC(1304)   Other: 0.09ms
[4506.771s][info][gc,heap        ] GC(1304) Eden regions: 1104->0(1119)
[4506.771s][info][gc,heap        ] GC(1304) Survivor regions: 112->109(152)
[4506.771s][info][gc,heap        ] GC(1304) Old regions: 537->476
[4506.771s][info][gc,heap        ] GC(1304) Humongous regions: 80->80
[4506.771s][info][gc,metaspace   ] GC(1304) Metaspace: 28935K(29312K)->28935K(29312K) NonClass: 24067K(24256K)->24067K(24256K) Class: 4868K(5056K)->4868K(5056K)
[4506.771s][info][gc             ] GC(1304) Pause Young (Mixed) (G1 Evacuation Pause) 3665M->1328M(4096M) 134.831ms
[4506.771s][info][gc,cpu         ] GC(1304) User=0.80s Sys=0.00s Real=0.13s
...[4508.991s][info][gc,start       ] GC(1305) Pause Young (Concurrent Start) (G1 Evacuation Pause)
[4508.991s][info][gc,task        ] GC(1305) Using 6 workers of 6 for evacuation
[4509.114s][info][gc,phases      ] GC(1305)   Pre Evacuate Collection Set: 0.41ms
[4509.114s][info][gc,phases      ] GC(1305)   Merge Heap Roots: 0.52ms
[4509.114s][info][gc,phases      ] GC(1305)   Evacuate Collection Set: 120.77ms
[4509.114s][info][gc,phases      ] GC(1305)   Post Evacuate Collection Set: 0.90ms
[4509.114s][info][gc,phases      ] GC(1305)   Other: 0.10ms
[4509.114s][info][gc,heap        ] GC(1305) Eden regions: 1119->0(1115)
[4509.114s][info][gc,heap        ] GC(1305) Survivor regions: 109->113(154)
[4509.114s][info][gc,heap        ] GC(1305) Old regions: 476->508
[4509.114s][info][gc,heap        ] GC(1305) Humongous regions: 80->80
[4509.114s][info][gc,metaspace   ] GC(1305) Metaspace: 28935K(29312K)->28935K(29312K) NonClass: 24067K(24256K)->24067K(24256K) Class: 4868K(5056K)->4868K(5056K)
[4509.114s][info][gc             ] GC(1305) Pause Young (Concurrent Start) (G1 Evacuation Pause) 3566M->1400M(4096M) 122.823ms
[4509.114s][info][gc             ] GC(1306) Concurrent Mark Cycle
[4509.114s][info][gc,marking     ] GC(1306) Concurrent Scan Root Regions
[4509.114s][info][gc,cpu         ] GC(1305) User=0.72s Sys=0.00s Real=0.13s
[4509.305s][info][gc,marking     ] GC(1306) Concurrent Scan Root Regions 191.062ms
[4509.305s][info][gc,marking     ] GC(1306) Concurrent Mark
[4509.305s][info][gc,marking     ] GC(1306) Concurrent Mark From Roots
[4509.305s][info][gc,task        ] GC(1306) Using 2 workers of 2 for marking
.[4510.020s][info][gc,marking     ] GC(1306) Concurrent Mark From Roots 715.201ms
[4510.020s][info][gc,marking     ] GC(1306) Concurrent Preclean
[4510.020s][info][gc,marking     ] GC(1306) Concurrent Preclean 0.107ms
[4510.021s][info][gc,start       ] GC(1306) Pause Remark
[4510.027s][info][gc             ] GC(1306) Pause Remark 2191M->2191M(4096M) 6.147ms
[4510.027s][info][gc,cpu         ] GC(1306) User=0.03s Sys=0.01s Real=0.01s
[4510.028s][info][gc,marking     ] GC(1306) Concurrent Mark 722.908ms
[4510.028s][info][gc,marking     ] GC(1306) Concurrent Rebuild Remembered Sets and Scrub Regions
[4510.522s][info][gc,marking     ] GC(1306) Concurrent Rebuild Remembered Sets and Scrub Regions 493.592ms
[4510.523s][info][gc,start       ] GC(1306) Pause Cleanup
[4510.523s][info][gc             ] GC(1306) Pause Cleanup 2754M->2754M(4096M) 0.137ms
[4510.523s][info][gc,cpu         ] GC(1306) User=0.00s Sys=0.00s Real=0.00s
[4510.525s][info][gc,marking     ] GC(1306) Concurrent Clear Claimed Marks
[4510.525s][info][gc,marking     ] GC(1306) Concurrent Clear Claimed Marks 0.041ms
[4510.525s][info][gc,marking     ] GC(1306) Concurrent Cleanup for Next Mark
[4510.530s][info][gc,marking     ] GC(1306) Concurrent Cleanup for Next Mark 5.077ms
[4510.530s][info][gc             ] GC(1306) Concurrent Mark Cycle 1415.797ms
. (rIR:aIR:PR = 8025:8017:8017) (tPR = 119123) [OK] 
  4510s: Performance info:
         Transaction,    Success,    Partial,     Failed,   Receipts, AvgBarcode, 
             Overall,     488710,          0,          0,     464217,      59.47, 
         Response times:
             Request,    Success,    Partial,     Failed,   SkipFail,     Probes,    Samples,      min,      p50,      p90,      p95,      p99,      max, 
       TotalPurchase,     464217,          0,          0,          0,     353526,     427845,      300,     7200,   118000,   163000,   282000,   720000,
     InStorePurchase,     245199,          0,          0,          0,     186490,     224766,      300,     7100,   117000,   163000,   283000,   710000,
      OnlinePurchase,     170338,          0,          0,          0,     129899,     157746,      300,     7200,   118000,   162000,   282000,   720000,
        InstPurchase,      48680,          0,          0,          0,      37137,      45333,      300,     7400,   117000,   161000,   281000,   710000,
          AssocOfCat,        490,          0,          0,          0,        410,        579,    27000,    48000,   180000,   212000,   320400,   376000,
      AssocOfProduct,       4911,          0,          0,          0,       3359,       4279,      800,     7800,   121000,   172000,   290200,   401000,
      BusinessReport,       1226,          0,          0,          0,       1067,       1423,    31000,    54000,   198600,   246200,   337560,   447000,
          CustBuyBeh,       4935,          0,          0,          0,       3324,       4203,      200,     6200,   116000,   153000,   256000,   491000,
       ProductReturn,      12931,          0,          0,          0,       9726,      12014,      200,     7000,   118000,   158000,   267000,   423000,

  4510s: (59%)   IR =   8164 [4511.385s][info][gc,start       ] GC(1307) Pause Young (Prepare Mixed) (G1 Evacuation Pause)
[4511.385s][info][gc,task        ] GC(1307) Using 6 workers of 6 for evacuation
[4511.501s][info][gc,phases      ] GC(1307)   Pre Evacuate Collection Set: 0.34ms
[4511.501s][info][gc,phases      ] GC(1307)   Merge Heap Roots: 0.51ms
[4511.501s][info][gc,phases      ] GC(1307)   Evacuate Collection Set: 113.72ms
[4511.501s][info][gc,phases      ] GC(1307)   Post Evacuate Collection Set: 0.97ms
[4511.501s][info][gc,phases      ] GC(1307)   Other: 0.09ms
[4511.501s][info][gc,heap        ] GC(1307) Eden regions: 1115->0(1110)
[4511.501s][info][gc,heap        ] GC(1307) Survivor regions: 113->108(154)
[4511.501s][info][gc,heap        ] GC(1307) Old regions: 508->539
[4511.501s][info][gc,heap        ] GC(1307) Humongous regions: 80->80
[4511.501s][info][gc,metaspace   ] GC(1307) Metaspace: 28936K(29312K)->28936K(29312K) NonClass: 24068K(24256K)->24068K(24256K) Class: 4868K(5056K)->4868K(5056K)
[4511.501s][info][gc             ] GC(1307) Pause Young (Prepare Mixed) (G1 Evacuation Pause) 3630M->1452M(4096M) 115.766ms
[4511.501s][info][gc,cpu         ] GC(1307) User=0.69s Sys=0.00s Real=0.11s
..[4513.743s][info][gc,start       ] GC(1308) Pause Young (Mixed) (G1 Evacuation Pause)
[4513.743s][info][gc,task        ] GC(1308) Using 6 workers of 6 for evacuation
[4513.883s][info][gc,phases      ] GC(1308)   Pre Evacuate Collection Set: 0.39ms
[4513.883s][info][gc,phases      ] GC(1308)   Merge Heap Roots: 0.68ms
[4513.883s][info][gc,phases      ] GC(1308)   Evacuate Collection Set: 137.39ms
[4513.883s][info][gc,phases      ] GC(1308)   Post Evacuate Collection Set: 1.07ms
[4513.883s][info][gc,phases      ] GC(1308)   Other: 0.09ms
[4513.883s][info][gc,heap        ] GC(1308) Eden regions: 1110->0(1112)
[4513.883s][info][gc,heap        ] GC(1308) Survivor regions: 108->116(153)
[4513.883s][info][gc,heap        ] GC(1308) Old regions: 539->476
[4513.883s][info][gc,heap        ] GC(1308) Humongous regions: 80->80
[4513.883s][info][gc,metaspace   ] GC(1308) Metaspace: 28936K(29312K)->28936K(29312K) NonClass: 24068K(24256K)->24068K(24256K) Class: 4868K(5056K)->4868K(5056K)
[4513.883s][info][gc             ] GC(1308) Pause Young (Mixed) (G1 Evacuation Pause) 3672M->1343M(4096M) 139.784ms
[4513.883s][info][gc,cpu         ] GC(1308) User=0.83s Sys=0.00s Real=0.14s
..[4516.018s][info][gc,start       ] GC(1309) Pause Young (Concurrent Start) (G1 Evacuation Pause)
[4516.018s][info][gc,task        ] GC(1309) Using 6 workers of 6 for evacuation
[4516.136s][info][gc,phases      ] GC(1309)   Pre Evacuate Collection Set: 0.39ms
[4516.136s][info][gc,phases      ] GC(1309)   Merge Heap Roots: 0.46ms
[4516.136s][info][gc,phases      ] GC(1309)   Evacuate Collection Set: 115.65ms
[4516.136s][info][gc,phases      ] GC(1309)   Post Evacuate Collection Set: 0.89ms
[4516.136s][info][gc,phases      ] GC(1309)   Other: 0.13ms
[4516.136s][info][gc,heap        ] GC(1309) Eden regions: 1112->0(1117)
[4516.136s][info][gc,heap        ] GC(1309) Survivor regions: 116->111(154)
[4516.136s][info][gc,heap        ] GC(1309) Old regions: 476->508
[4516.136s][info][gc,heap        ] GC(1309) Humongous regions: 80->80
[4516.136s][info][gc,metaspace   ] GC(1309) Metaspace: 28936K(29312K)->28936K(29312K) NonClass: 24068K(24256K)->24068K(24256K) Class: 4868K(5056K)->4868K(5056K)
[4516.136s][info][gc             ] GC(1309) Pause Young (Concurrent Start) (G1 Evacuation Pause) 3567M->1395M(4096M) 117.657ms
[4516.136s][info][gc             ] GC(1310) Concurrent Mark Cycle
[4516.136s][info][gc,marking     ] GC(1310) Concurrent Scan Root Regions
[4516.136s][info][gc,cpu         ] GC(1309) User=0.69s Sys=0.00s Real=0.12s
[4516.275s][info][gc,marking     ] GC(1310) Concurrent Scan Root Regions 138.862ms
[4516.275s][info][gc,marking     ] GC(1310) Concurrent Mark
[4516.275s][info][gc,marking     ] GC(1310) Concurrent Mark From Roots
[4516.275s][info][gc,task        ] GC(1310) Using 2 workers of 2 for marking
.[4517.005s][info][gc,marking     ] GC(1310) Concurrent Mark From Roots 730.236ms
[4517.005s][info][gc,marking     ] GC(1310) Concurrent Preclean
[4517.005s][info][gc,marking     ] GC(1310) Concurrent Preclean 0.108ms
[4517.009s][info][gc,start       ] GC(1310) Pause Remark
[4517.014s][info][gc             ] GC(1310) Pause Remark 2169M->2169M(4096M) 5.243ms
[4517.014s][info][gc,cpu         ] GC(1310) User=0.03s Sys=0.00s Real=0.01s
[4517.015s][info][gc,marking     ] GC(1310) Concurrent Mark 739.587ms
[4517.015s][info][gc,marking     ] GC(1310) Concurrent Rebuild Remembered Sets and Scrub Regions
.[4517.421s][info][gc,marking     ] GC(1310) Concurrent Rebuild Remembered Sets and Scrub Regions 406.177ms
[4517.421s][info][gc,start       ] GC(1310) Pause Cleanup
[4517.421s][info][gc             ] GC(1310) Pause Cleanup 2610M->2610M(4096M) 0.116ms
[4517.421s][info][gc,cpu         ] GC(1310) User=0.00s Sys=0.00s Real=0.00s
[4517.423s][info][gc,marking     ] GC(1310) Concurrent Clear Claimed Marks
[4517.423s][info][gc,marking     ] GC(1310) Concurrent Clear Claimed Marks 0.056ms
[4517.423s][info][gc,marking     ] GC(1310) Concurrent Cleanup for Next Mark
[4517.429s][info][gc,marking     ] GC(1310) Concurrent Cleanup for Next Mark 6.032ms
[4517.429s][info][gc             ] GC(1310) Concurrent Mark Cycle 1293.002ms
[4518.290s][info][gc,start       ] GC(1311) Pause Young (Prepare Mixed) (G1 Evacuation Pause)
[4518.290s][info][gc,task        ] GC(1311) Using 6 workers of 6 for evacuation
[4518.405s][info][gc,phases      ] GC(1311)   Pre Evacuate Collection Set: 0.34ms
[4518.405s][info][gc,phases      ] GC(1311)   Merge Heap Roots: 0.51ms
[4518.405s][info][gc,phases      ] GC(1311)   Evacuate Collection Set: 113.10ms
[4518.405s][info][gc,phases      ] GC(1311)   Post Evacuate Collection Set: 0.93ms
[4518.405s][info][gc,phases      ] GC(1311)   Other: 0.09ms
[4518.405s][info][gc,heap        ] GC(1311) Eden regions: 1117->0(1108)
[4518.405s][info][gc,heap        ] GC(1311) Survivor regions: 111->109(154)
[4518.405s][info][gc,heap        ] GC(1311) Old regions: 508->539
[4518.405s][info][gc,heap        ] GC(1311) Humongous regions: 80->80
[4518.405s][info][gc,metaspace   ] GC(1311) Metaspace: 28936K(29312K)->28936K(29312K) NonClass: 24068K(24256K)->24068K(24256K) Class: 4868K(5056K)->4868K(5056K)
[4518.405s][info][gc             ] GC(1311) Pause Young (Prepare Mixed) (G1 Evacuation Pause) 3629M->1453M(4096M) 115.092ms
[4518.405s][info][gc,cpu         ] GC(1311) User=0.68s Sys=0.00s Real=0.12s
...[4520.579s][info][gc,start       ] GC(1312) Pause Young (Mixed) (G1 Evacuation Pause)
[4520.579s][info][gc,task        ] GC(1312) Using 6 workers of 6 for evacuation
[4520.712s][info][gc,phases      ] GC(1312)   Pre Evacuate Collection Set: 0.41ms
[4520.712s][info][gc,phases      ] GC(1312)   Merge Heap Roots: 0.65ms
[4520.712s][info][gc,phases      ] GC(1312)   Evacuate Collection Set: 131.13ms
[4520.712s][info][gc,phases      ] GC(1312)   Post Evacuate Collection Set: 0.95ms
[4520.712s][info][gc,phases      ] GC(1312)   Other: 0.10ms
[4520.712s][info][gc,heap        ] GC(1312) Eden regions: 1108->0(1119)
[4520.712s][info][gc,heap        ] GC(1312) Survivor regions: 109->109(153)
[4520.712s][info][gc,heap        ] GC(1312) Old regions: 539->473
[4520.712s][info][gc,heap        ] GC(1312) Humongous regions: 80->80
[4520.712s][info][gc,metaspace   ] GC(1312) Metaspace: 28936K(29312K)->28936K(29312K) NonClass: 24068K(24256K)->24068K(24256K) Class: 4868K(5056K)->4868K(5056K)
[4520.712s][info][gc             ] GC(1312) Pause Young (Mixed) (G1 Evacuation Pause) 3669M->1322M(4096M) 133.383ms
[4520.712s][info][gc,cpu         ] GC(1312) User=0.79s Sys=0.00s Real=0.13s
.|.[4522.928s][info][gc,start       ] GC(1313) Pause Young (Concurrent Start) (G1 Evacuation Pause)
[4522.928s][info][gc,task        ] GC(1313) Using 6 workers of 6 for evacuation
[4523.047s][info][gc,phases      ] GC(1313)   Pre Evacuate Collection Set: 0.37ms
[4523.047s][info][gc,phases      ] GC(1313)   Merge Heap Roots: 0.48ms
[4523.047s][info][gc,phases      ] GC(1313)   Evacuate Collection Set: 116.68ms
[4523.047s][info][gc,phases      ] GC(1313)   Post Evacuate Collection Set: 0.90ms
[4523.047s][info][gc,phases      ] GC(1313)   Other: 0.11ms
[4523.047s][info][gc,heap        ] GC(1313) Eden regions: 1119->0(1117)
[4523.047s][info][gc,heap        ] GC(1313) Survivor regions: 109->111(154)
[4523.047s][info][gc,heap        ] GC(1313) Old regions: 473->504
[4523.047s][info][gc,heap        ] GC(1313) Humongous regions: 80->80
[4523.047s][info][gc,metaspace   ] GC(1313) Metaspace: 28936K(29312K)->28936K(29312K) NonClass: 24068K(24256K)->24068K(24256K) Class: 4868K(5056K)->4868K(5056K)
[4523.047s][info][gc             ] GC(1313) Pause Young (Concurrent Start) (G1 Evacuation Pause) 3560M->1389M(4096M) 118.679ms
[4523.047s][info][gc             ] GC(1314) Concurrent Mark Cycle
[4523.047s][info][gc,marking     ] GC(1314) Concurrent Scan Root Regions
[4523.047s][info][gc,cpu         ] GC(1313) User=0.71s Sys=0.00s Real=0.12s
[4523.244s][info][gc,marking     ] GC(1314) Concurrent Scan Root Regions 196.733ms
[4523.244s][info][gc,marking     ] GC(1314) Concurrent Mark
[4523.244s][info][gc,marking     ] GC(1314) Concurrent Mark From Roots
[4523.244s][info][gc,task        ] GC(1314) Using 2 workers of 2 for marking
.[4524.244s][info][gc,marking     ] GC(1314) Concurrent Mark From Roots 999.755ms
[4524.244s][info][gc,marking     ] GC(1314) Concurrent Preclean
[4524.244s][info][gc,marking     ] GC(1314) Concurrent Preclean 0.113ms
[4524.245s][info][gc,start       ] GC(1314) Pause Remark
[4524.252s][info][gc             ] GC(1314) Pause Remark 2517M->2517M(4096M) 7.482ms
[4524.253s][info][gc,cpu         ] GC(1314) User=0.04s Sys=0.00s Real=0.01s
[4524.253s][info][gc,marking     ] GC(1314) Concurrent Mark 1008.737ms
[4524.253s][info][gc,marking     ] GC(1314) Concurrent Rebuild Remembered Sets and Scrub Regions
.[4524.625s][info][gc,marking     ] GC(1314) Concurrent Rebuild Remembered Sets and Scrub Regions 372.656ms
[4524.627s][info][gc,start       ] GC(1314) Pause Cleanup
[4524.627s][info][gc             ] GC(1314) Pause Cleanup 2937M->2937M(4096M) 0.128ms
[4524.627s][info][gc,cpu         ] GC(1314) User=0.00s Sys=0.00s Real=0.00s
[4524.627s][info][gc,marking     ] GC(1314) Concurrent Clear Claimed Marks
[4524.627s][info][gc,marking     ] GC(1314) Concurrent Clear Claimed Marks 0.025ms
[4524.627s][info][gc,marking     ] GC(1314) Concurrent Cleanup for Next Mark
[4524.632s][info][gc,marking     ] GC(1314) Concurrent Cleanup for Next Mark 4.800ms
[4524.632s][info][gc             ] GC(1314) Concurrent Mark Cycle 1584.945ms
[4525.245s][info][gc,start       ] GC(1315) Pause Young (Prepare Mixed) (G1 Evacuation Pause)
[4525.245s][info][gc,task        ] GC(1315) Using 6 workers of 6 for evacuation
[4525.366s][info][gc,phases      ] GC(1315)   Pre Evacuate Collection Set: 0.33ms
[4525.366s][info][gc,phases      ] GC(1315)   Merge Heap Roots: 0.48ms
[4525.366s][info][gc,phases      ] GC(1315)   Evacuate Collection Set: 119.51ms
[4525.366s][info][gc,phases      ] GC(1315)   Post Evacuate Collection Set: 0.93ms
[4525.366s][info][gc,phases      ] GC(1315)   Other: 0.10ms
[4525.366s][info][gc,heap        ] GC(1315) Eden regions: 1117->0(1105)
[4525.366s][info][gc,heap        ] GC(1315) Survivor regions: 111->112(154)
[4525.366s][info][gc,heap        ] GC(1315) Old regions: 504->536
[4525.366s][info][gc,heap        ] GC(1315) Humongous regions: 80->80
[4525.366s][info][gc,metaspace   ] GC(1315) Metaspace: 28936K(29312K)->28936K(29312K) NonClass: 24068K(24256K)->24068K(24256K) Class: 4868K(5056K)->4868K(5056K)
[4525.366s][info][gc             ] GC(1315) Pause Young (Prepare Mixed) (G1 Evacuation Pause) 3623M->1454M(4096M) 121.478ms
[4525.366s][info][gc,cpu         ] GC(1315) User=0.72s Sys=0.00s Real=0.12s
...[4527.548s][info][gc,start       ] GC(1316) Pause Young (Mixed) (G1 Evacuation Pause)
[4527.548s][info][gc,task        ] GC(1316) Using 6 workers of 6 for evacuation
[4527.687s][info][gc,phases      ] GC(1316)   Pre Evacuate Collection Set: 0.36ms
[4527.687s][info][gc,phases      ] GC(1316)   Merge Heap Roots: 0.66ms
[4527.687s][info][gc,phases      ] GC(1316)   Evacuate Collection Set: 136.61ms
[4527.687s][info][gc,phases      ] GC(1316)   Post Evacuate Collection Set: 0.96ms
[4527.687s][info][gc,phases      ] GC(1316)   Other: 0.09ms
[4527.687s][info][gc,heap        ] GC(1316) Eden regions: 1105->0(1114)
[4527.687s][info][gc,heap        ] GC(1316) Survivor regions: 112->114(153)
[4527.687s][info][gc,heap        ] GC(1316) Old regions: 536->474
[4527.687s][info][gc,heap        ] GC(1316) Humongous regions: 80->80
[4527.687s][info][gc,metaspace   ] GC(1316) Metaspace: 28936K(29312K)->28936K(29312K) NonClass: 24068K(24256K)->24068K(24256K) Class: 4868K(5056K)->4868K(5056K)
[4527.687s][info][gc             ] GC(1316) Pause Young (Mixed) (G1 Evacuation Pause) 3664M->1333M(4096M) 138.817ms
[4527.687s][info][gc,cpu         ] GC(1316) User=0.82s Sys=0.00s Real=0.14s
..[4529.838s][info][gc,start       ] GC(1317) Pause Young (Concurrent Start) (G1 Evacuation Pause)
[4529.839s][info][gc,task        ] GC(1317) Using 6 workers of 6 for evacuation
[4529.957s][info][gc,phases      ] GC(1317)   Pre Evacuate Collection Set: 0.36ms
[4529.957s][info][gc,phases      ] GC(1317)   Merge Heap Roots: 0.48ms
[4529.957s][info][gc,phases      ] GC(1317)   Evacuate Collection Set: 116.21ms
[4529.957s][info][gc,phases      ] GC(1317)   Post Evacuate Collection Set: 0.88ms
[4529.957s][info][gc,phases      ] GC(1317)   Other: 0.11ms
[4529.957s][info][gc,heap        ] GC(1317) Eden regions: 1114->0(1117)
[4529.957s][info][gc,heap        ] GC(1317) Survivor regions: 114->111(154)
[4529.957s][info][gc,heap        ] GC(1317) Old regions: 474->505
[4529.957s][info][gc,heap        ] GC(1317) Humongous regions: 80->80
[4529.957s][info][gc,metaspace   ] GC(1317) Metaspace: 28936K(29312K)->28936K(29312K) NonClass: 24068K(24256K)->24068K(24256K) Class: 4868K(5056K)->4868K(5056K)
[4529.957s][info][gc             ] GC(1317) Pause Young (Concurrent Start) (G1 Evacuation Pause) 3561M->1390M(4096M) 118.184ms
[4529.957s][info][gc             ] GC(1318) Concurrent Mark Cycle
[4529.957s][info][gc,marking     ] GC(1318) Concurrent Scan Root Regions
[4529.957s][info][gc,cpu         ] GC(1317) User=0.69s Sys=0.00s Real=0.12s
[4530.142s][info][gc,marking     ] GC(1318) Concurrent Scan Root Regions 184.970ms
[4530.142s][info][gc,marking     ] GC(1318) Concurrent Mark
[4530.142s][info][gc,marking     ] GC(1318) Concurrent Mark From Roots
[4530.142s][info][gc,task        ] GC(1318) Using 2 workers of 2 for marking
.[4531.100s][info][gc,marking     ] GC(1318) Concurrent Mark From Roots 957.986ms
[4531.100s][info][gc,marking     ] GC(1318) Concurrent Preclean
[4531.100s][info][gc,marking     ] GC(1318) Concurrent Preclean 0.119ms
[4531.104s][info][gc,start       ] GC(1318) Pause Remark
[4531.111s][info][gc             ] GC(1318) Pause Remark 2420M->2420M(4096M) 6.717ms
[4531.111s][info][gc,cpu         ] GC(1318) User=0.04s Sys=0.00s Real=0.00s
[4531.111s][info][gc,marking     ] GC(1318) Concurrent Mark 968.994ms
[4531.111s][info][gc,marking     ] GC(1318) Concurrent Rebuild Remembered Sets and Scrub Regions
.[4531.570s][info][gc,marking     ] GC(1318) Concurrent Rebuild Remembered Sets and Scrub Regions 458.991ms
[4531.571s][info][gc,start       ] GC(1318) Pause Cleanup
[4531.572s][info][gc             ] GC(1318) Pause Cleanup 2886M->2886M(4096M) 0.140ms
[4531.572s][info][gc,cpu         ] GC(1318) User=0.00s Sys=0.00s Real=0.00s
[4531.572s][info][gc,marking     ] GC(1318) Concurrent Clear Claimed Marks
[4531.572s][info][gc,marking     ] GC(1318) Concurrent Clear Claimed Marks 0.033ms
[4531.572s][info][gc,marking     ] GC(1318) Concurrent Cleanup for Next Mark
[4531.579s][info][gc,marking     ] GC(1318) Concurrent Cleanup for Next Mark 6.972ms
[4531.579s][info][gc             ] GC(1318) Concurrent Mark Cycle 1622.343ms
[4532.225s][info][gc,start       ] GC(1319) Pause Young (Prepare Mixed) (G1 Evacuation Pause)
[4532.225s][info][gc,task        ] GC(1319) Using 6 workers of 6 for evacuation
[4532.343s][info][gc,phases      ] GC(1319)   Pre Evacuate Collection Set: 0.37ms
[4532.343s][info][gc,phases      ] GC(1319)   Merge Heap Roots: 0.52ms
[4532.343s][info][gc,phases      ] GC(1319)   Evacuate Collection Set: 115.97ms
[4532.343s][info][gc,phases      ] GC(1319)   Post Evacuate Collection Set: 0.94ms
[4532.343s][info][gc,phases      ] GC(1319)   Other: 0.09ms
[4532.343s][info][gc,heap        ] GC(1319) Eden regions: 1117->0(1108)
[4532.343s][info][gc,heap        ] GC(1319) Survivor regions: 111->110(154)
[4532.343s][info][gc,heap        ] GC(1319) Old regions: 505->537
[4532.343s][info][gc,heap        ] GC(1319) Humongous regions: 80->80
[4532.343s][info][gc,metaspace   ] GC(1319) Metaspace: 28936K(29312K)->28936K(29312K) NonClass: 24068K(24256K)->24068K(24256K) Class: 4868K(5056K)->4868K(5056K)
[4532.343s][info][gc             ] GC(1319) Pause Young (Prepare Mixed) (G1 Evacuation Pause) 3624M->1452M(4096M) 118.015ms
[4532.343s][info][gc,cpu         ] GC(1319) User=0.70s Sys=0.00s Real=0.12s
..[4534.410s][info][gc,start       ] GC(1320) Pause Young (Mixed) (G1 Evacuation Pause)
[4534.410s][info][gc,task        ] GC(1320) Using 6 workers of 6 for evacuation
[4534.545s][info][gc,phases      ] GC(1320)   Pre Evacuate Collection Set: 0.37ms
[4534.545s][info][gc,phases      ] GC(1320)   Merge Heap Roots: 0.70ms
[4534.545s][info][gc,phases      ] GC(1320)   Evacuate Collection Set: 132.63ms
[4534.545s][info][gc,phases      ] GC(1320)   Post Evacuate Collection Set: 0.94ms
[4534.545s][info][gc,phases      ] GC(1320)   Other: 0.09ms
[4534.545s][info][gc,heap        ] GC(1320) Eden regions: 1108->0(1119)
[4534.545s][info][gc,heap        ] GC(1320) Survivor regions: 110->109(153)
[4534.545s][info][gc,heap        ] GC(1320) Old regions: 537->475
[4534.545s][info][gc,heap        ] GC(1320) Humongous regions: 80->80
[4534.545s][info][gc,metaspace   ] GC(1320) Metaspace: 28936K(29312K)->28936K(29312K) NonClass: 24068K(24256K)->24068K(24256K) Class: 4868K(5056K)->4868K(5056K)
[4534.545s][info][gc             ] GC(1320) Pause Young (Mixed) (G1 Evacuation Pause) 3668M->1327M(4096M) 134.868ms
[4534.545s][info][gc,cpu         ] GC(1320) User=0.80s Sys=0.00s Real=0.14s
...[4536.731s][info][gc,start       ] GC(1321) Pause Young (Concurrent Start) (G1 Evacuation Pause)
[4536.731s][info][gc,task        ] GC(1321) Using 6 workers of 6 for evacuation
[4536.849s][info][gc,phases      ] GC(1321)   Pre Evacuate Collection Set: 0.36ms
[4536.849s][info][gc,phases      ] GC(1321)   Merge Heap Roots: 0.48ms
[4536.849s][info][gc,phases      ] GC(1321)   Evacuate Collection Set: 115.99ms
[4536.849s][info][gc,phases      ] GC(1321)   Post Evacuate Collection Set: 0.90ms
[4536.849s][info][gc,phases      ] GC(1321)   Other: 0.10ms
[4536.849s][info][gc,heap        ] GC(1321) Eden regions: 1119->0(1118)
[4536.849s][info][gc,heap        ] GC(1321) Survivor regions: 109->110(154)
[4536.849s][info][gc,heap        ] GC(1321) Old regions: 475->507
[4536.849s][info][gc,heap        ] GC(1321) Humongous regions: 80->80
[4536.849s][info][gc,metaspace   ] GC(1321) Metaspace: 28936K(29312K)->28936K(29312K) NonClass: 24068K(24256K)->24068K(24256K) Class: 4868K(5056K)->4868K(5056K)
[4536.849s][info][gc             ] GC(1321) Pause Young (Concurrent Start) (G1 Evacuation Pause) 3565M->1391M(4096M) 118.008ms
[4536.849s][info][gc             ] GC(1322) Concurrent Mark Cycle
[4536.849s][info][gc,marking     ] GC(1322) Concurrent Scan Root Regions
[4536.849s][info][gc,cpu         ] GC(1321) User=0.70s Sys=0.00s Real=0.12s
[4537.113s][info][gc,marking     ] GC(1322) Concurrent Scan Root Regions 264.674ms
[4537.113s][info][gc,marking     ] GC(1322) Concurrent Mark
[4537.113s][info][gc,marking     ] GC(1322) Concurrent Mark From Roots
[4537.113s][info][gc,task        ] GC(1322) Using 2 workers of 2 for marking
.[4538.138s][info][gc,marking     ] GC(1322) Concurrent Mark From Roots 1024.658ms
[4538.138s][info][gc,marking     ] GC(1322) Concurrent Preclean
[4538.138s][info][gc,marking     ] GC(1322) Concurrent Preclean 0.136ms
[4538.139s][info][gc,start       ] GC(1322) Pause Remark
[4538.146s][info][gc             ] GC(1322) Pause Remark 2635M->2635M(4096M) 7.328ms
[4538.146s][info][gc,cpu         ] GC(1322) User=0.04s Sys=0.00s Real=0.01s
[4538.146s][info][gc,marking     ] GC(1322) Concurrent Mark 1032.659ms
[4538.146s][info][gc,marking     ] GC(1322) Concurrent Rebuild Remembered Sets and Scrub Regions
[4538.561s][info][gc,marking     ] GC(1322) Concurrent Rebuild Remembered Sets and Scrub Regions 415.229ms
[4538.562s][info][gc,start       ] GC(1322) Pause Cleanup
[4538.562s][info][gc             ] GC(1322) Pause Cleanup 3047M->3047M(4096M) 0.112ms
[4538.562s][info][gc,cpu         ] GC(1322) User=0.00s Sys=0.00s Real=0.00s
[4538.563s][info][gc,marking     ] GC(1322) Concurrent Clear Claimed Marks
[4538.563s][info][gc,marking     ] GC(1322) Concurrent Clear Claimed Marks 0.037ms
[4538.563s][info][gc,marking     ] GC(1322) Concurrent Cleanup for Next Mark
[4538.570s][info][gc,marking     ] GC(1322) Concurrent Cleanup for Next Mark 7.605ms
[4538.571s][info][gc             ] GC(1322) Concurrent Mark Cycle 1721.830ms
.[4539.090s][info][gc,start       ] GC(1323) Pause Young (Prepare Mixed) (G1 Evacuation Pause)
[4539.090s][info][gc,task        ] GC(1323) Using 6 workers of 6 for evacuation
[4539.210s][info][gc,phases      ] GC(1323)   Pre Evacuate Collection Set: 0.34ms
[4539.210s][info][gc,phases      ] GC(1323)   Merge Heap Roots: 0.49ms
[4539.210s][info][gc,phases      ] GC(1323)   Evacuate Collection Set: 117.44ms
[4539.210s][info][gc,phases      ] GC(1323)   Post Evacuate Collection Set: 0.92ms
[4539.210s][info][gc,phases      ] GC(1323)   Other: 0.09ms
[4539.210s][info][gc,heap        ] GC(1323) Eden regions: 1118->0(1102)
[4539.210s][info][gc,heap        ] GC(1323) Survivor regions: 110->112(154)
[4539.210s][info][gc,heap        ] GC(1323) Old regions: 507->539
[4539.210s][info][gc,heap        ] GC(1323) Humongous regions: 80->80
[4539.210s][info][gc,metaspace   ] GC(1323) Metaspace: 28936K(29312K)->28936K(29312K) NonClass: 24068K(24256K)->24068K(24256K) Class: 4868K(5056K)->4868K(5056K)
[4539.210s][info][gc             ] GC(1323) Pause Young (Prepare Mixed) (G1 Evacuation Pause) 3627M->1460M(4096M) 119.446ms
[4539.210s][info][gc,cpu         ] GC(1323) User=0.70s Sys=0.00s Real=0.12s
..[4541.341s][info][gc,start       ] GC(1324) Pause Young (Mixed) (G1 Evacuation Pause)
[4541.341s][info][gc,task        ] GC(1324) Using 6 workers of 6 for evacuation
[4541.475s][info][gc,phases      ] GC(1324)   Pre Evacuate Collection Set: 0.35ms
[4541.475s][info][gc,phases      ] GC(1324)   Merge Heap Roots: 0.59ms
[4541.475s][info][gc,phases      ] GC(1324)   Evacuate Collection Set: 131.84ms
[4541.475s][info][gc,phases      ] GC(1324)   Post Evacuate Collection Set: 0.96ms
[4541.475s][info][gc,phases      ] GC(1324)   Other: 0.08ms
[4541.475s][info][gc,heap        ] GC(1324) Eden regions: 1102->0(1119)
[4541.475s][info][gc,heap        ] GC(1324) Survivor regions: 112->109(152)
[4541.475s][info][gc,heap        ] GC(1324) Old regions: 539->475
[4541.475s][info][gc,heap        ] GC(1324) Humongous regions: 80->80
[4541.475s][info][gc,metaspace   ] GC(1324) Metaspace: 28936K(29312K)->28936K(29312K) NonClass: 24068K(24256K)->24068K(24256K) Class: 4868K(5056K)->4868K(5056K)
[4541.475s][info][gc             ] GC(1324) Pause Young (Mixed) (G1 Evacuation Pause) 3664M->1327M(4096M) 133.969ms
[4541.475s][info][gc,cpu         ] GC(1324) User=0.80s Sys=0.00s Real=0.14s
..[4543.639s][info][gc,start       ] GC(1325) Pause Young (Concurrent Start) (G1 Evacuation Pause)
[4543.639s][info][gc,task        ] GC(1325) Using 6 workers of 6 for evacuation
[4543.755s][info][gc,phases      ] GC(1325)   Pre Evacuate Collection Set: 0.39ms
[4543.755s][info][gc,phases      ] GC(1325)   Merge Heap Roots: 0.47ms
[4543.755s][info][gc,phases      ] GC(1325)   Evacuate Collection Set: 114.55ms
[4543.755s][info][gc,phases      ] GC(1325)   Post Evacuate Collection Set: 0.88ms
[4543.755s][info][gc,phases      ] GC(1325)   Other: 0.12ms
[4543.755s][info][gc,heap        ] GC(1325) Eden regions: 1119->0(1119)
[4543.755s][info][gc,heap        ] GC(1325) Survivor regions: 109->109(154)
[4543.755s][info][gc,heap        ] GC(1325) Old regions: 475->506
[4543.755s][info][gc,heap        ] GC(1325) Humongous regions: 80->80
[4543.755s][info][gc,metaspace   ] GC(1325) Metaspace: 28936K(29312K)->28936K(29312K) NonClass: 24068K(24256K)->24068K(24256K) Class: 4868K(5056K)->4868K(5056K)
[4543.755s][info][gc             ] GC(1325) Pause Young (Concurrent Start) (G1 Evacuation Pause) 3565M->1389M(4096M) 116.538ms
[4543.755s][info][gc             ] GC(1326) Concurrent Mark Cycle
[4543.755s][info][gc,marking     ] GC(1326) Concurrent Scan Root Regions
[4543.755s][info][gc,cpu         ] GC(1325) User=0.69s Sys=0.00s Real=0.12s
.[4543.949s][info][gc,marking     ] GC(1326) Concurrent Scan Root Regions 194.232ms
[4543.949s][info][gc,marking     ] GC(1326) Concurrent Mark
[4543.949s][info][gc,marking     ] GC(1326) Concurrent Mark From Roots
[4543.949s][info][gc,task        ] GC(1326) Using 2 workers of 2 for marking
[4544.663s][info][gc,marking     ] GC(1326) Concurrent Mark From Roots 714.100ms
[4544.664s][info][gc,marking     ] GC(1326) Concurrent Preclean
[4544.664s][info][gc,marking     ] GC(1326) Concurrent Preclean 0.120ms
[4544.664s][info][gc,start       ] GC(1326) Pause Remark
[4544.670s][info][gc             ] GC(1326) Pause Remark 2209M->2209M(4096M) 6.119ms
[4544.670s][info][gc,cpu         ] GC(1326) User=0.04s Sys=0.00s Real=0.00s
[4544.674s][info][gc,marking     ] GC(1326) Concurrent Mark 724.371ms
[4544.674s][info][gc,marking     ] GC(1326) Concurrent Rebuild Remembered Sets and Scrub Regions
.[4544.982s][info][gc,marking     ] GC(1326) Concurrent Rebuild Remembered Sets and Scrub Regions 308.559ms
[4544.984s][info][gc,start       ] GC(1326) Pause Cleanup
[4544.984s][info][gc             ] GC(1326) Pause Cleanup 2529M->2529M(4096M) 0.142ms
[4544.984s][info][gc,cpu         ] GC(1326) User=0.00s Sys=0.00s Real=0.00s
[4544.984s][info][gc,marking     ] GC(1326) Concurrent Clear Claimed Marks
[4544.984s][info][gc,marking     ] GC(1326) Concurrent Clear Claimed Marks 0.032ms
[4544.984s][info][gc,marking     ] GC(1326) Concurrent Cleanup for Next Mark
[4544.989s][info][gc,marking     ] GC(1326) Concurrent Cleanup for Next Mark 4.472ms
[4544.989s][info][gc             ] GC(1326) Concurrent Mark Cycle 1233.936ms
.[4545.933s][info][gc,start       ] GC(1327) Pause Young (Prepare Mixed) (G1 Evacuation Pause)
[4545.933s][info][gc,task        ] GC(1327) Using 6 workers of 6 for evacuation
[4546.052s][info][gc,phases      ] GC(1327)   Pre Evacuate Collection Set: 0.37ms
[4546.052s][info][gc,phases      ] GC(1327)   Merge Heap Roots: 0.51ms
[4546.052s][info][gc,phases      ] GC(1327)   Evacuate Collection Set: 117.09ms
[4546.052s][info][gc,phases      ] GC(1327)   Post Evacuate Collection Set: 0.92ms
[4546.052s][info][gc,phases      ] GC(1327)   Other: 0.10ms
[4546.052s][info][gc,heap        ] GC(1327) Eden regions: 1119->0(1105)
[4546.052s][info][gc,heap        ] GC(1327) Survivor regions: 109->111(154)
[4546.052s][info][gc,heap        ] GC(1327) Old regions: 506->538
[4546.052s][info][gc,heap        ] GC(1327) Humongous regions: 80->80
[4546.052s][info][gc,metaspace   ] GC(1327) Metaspace: 28936K(29312K)->28936K(29312K) NonClass: 24068K(24256K)->24068K(24256K) Class: 4868K(5056K)->4868K(5056K)
[4546.052s][info][gc             ] GC(1327) Pause Young (Prepare Mixed) (G1 Evacuation Pause) 3627M->1456M(4096M) 119.143ms
[4546.052s][info][gc,cpu         ] GC(1327) User=0.71s Sys=0.00s Real=0.12s
..[4548.223s][info][gc,start       ] GC(1328) Pause Young (Mixed) (G1 Evacuation Pause)
[4548.223s][info][gc,task        ] GC(1328) Using 6 workers of 6 for evacuation
[4548.362s][info][gc,phases      ] GC(1328)   Pre Evacuate Collection Set: 0.36ms
[4548.362s][info][gc,phases      ] GC(1328)   Merge Heap Roots: 0.67ms
[4548.362s][info][gc,phases      ] GC(1328)   Evacuate Collection Set: 137.49ms
[4548.362s][info][gc,phases      ] GC(1328)   Post Evacuate Collection Set: 0.96ms
[4548.362s][info][gc,phases      ] GC(1328)   Other: 0.09ms
[4548.362s][info][gc,heap        ] GC(1328) Eden regions: 1105->0(1116)
[4548.362s][info][gc,heap        ] GC(1328) Survivor regions: 111->112(152)
[4548.362s][info][gc,heap        ] GC(1328) Old regions: 538->475
[4548.362s][info][gc,heap        ] GC(1328) Humongous regions: 80->80
[4548.362s][info][gc,metaspace   ] GC(1328) Metaspace: 28936K(29312K)->28936K(29312K) NonClass: 24068K(24256K)->24068K(24256K) Class: 4868K(5056K)->4868K(5056K)
[4548.363s][info][gc             ] GC(1328) Pause Young (Mixed) (G1 Evacuation Pause) 3666M->1333M(4096M) 139.683ms
[4548.363s][info][gc,cpu         ] GC(1328) User=0.83s Sys=0.00s Real=0.14s
..[4550.466s][info][gc,start       ] GC(1329) Pause Young (Concurrent Start) (G1 Evacuation Pause)
[4550.467s][info][gc,task        ] GC(1329) Using 6 workers of 6 for evacuation
[4550.588s][info][gc,phases      ] GC(1329)   Pre Evacuate Collection Set: 0.37ms
[4550.588s][info][gc,phases      ] GC(1329)   Merge Heap Roots: 0.45ms
[4550.588s][info][gc,phases      ] GC(1329)   Evacuate Collection Set: 119.81ms
[4550.588s][info][gc,phases      ] GC(1329)   Post Evacuate Collection Set: 0.88ms
[4550.588s][info][gc,phases      ] GC(1329)   Other: 0.11ms
[4550.588s][info][gc,heap        ] GC(1329) Eden regions: 1116->0(1117)
[4550.588s][info][gc,heap        ] GC(1329) Survivor regions: 112->111(154)
[4550.588s][info][gc,heap        ] GC(1329) Old regions: 475->509
[4550.588s][info][gc,heap        ] GC(1329) Humongous regions: 80->80
[4550.588s][info][gc,metaspace   ] GC(1329) Metaspace: 28936K(29312K)->28936K(29312K) NonClass: 24068K(24256K)->24068K(24256K) Class: 4868K(5056K)->4868K(5056K)
[4550.588s][info][gc             ] GC(1329) Pause Young (Concurrent Start) (G1 Evacuation Pause) 3565M->1397M(4096M) 121.742ms
[4550.588s][info][gc             ] GC(1330) Concurrent Mark Cycle
[4550.588s][info][gc,marking     ] GC(1330) Concurrent Scan Root Regions
[4550.588s][info][gc,cpu         ] GC(1329) User=0.72s Sys=0.00s Real=0.12s
[4550.736s][info][gc,marking     ] GC(1330) Concurrent Scan Root Regions 148.039ms
[4550.736s][info][gc,marking     ] GC(1330) Concurrent Mark
[4550.736s][info][gc,marking     ] GC(1330) Concurrent Mark From Roots
[4550.736s][info][gc,task        ] GC(1330) Using 2 workers of 2 for marking
.[4551.448s][info][gc,marking     ] GC(1330) Concurrent Mark From Roots 711.285ms
[4551.448s][info][gc,marking     ] GC(1330) Concurrent Preclean
[4551.448s][info][gc,marking     ] GC(1330) Concurrent Preclean 0.091ms
[4551.450s][info][gc,start       ] GC(1330) Pause Remark
[4551.455s][info][gc             ] GC(1330) Pause Remark 2171M->2171M(4096M) 5.303ms
[4551.455s][info][gc,cpu         ] GC(1330) User=0.03s Sys=0.00s Real=0.01s
[4551.456s][info][gc,marking     ] GC(1330) Concurrent Mark 719.873ms
[4551.456s][info][gc,marking     ] GC(1330) Concurrent Rebuild Remembered Sets and Scrub Regions
[4551.682s][info][gc,marking     ] GC(1330) Concurrent Rebuild Remembered Sets and Scrub Regions 225.873ms
[4551.683s][info][gc,start       ] GC(1330) Pause Cleanup
[4551.683s][info][gc             ] GC(1330) Pause Cleanup 2379M->2379M(4096M) 0.118ms
[4551.683s][info][gc,cpu         ] GC(1330) User=0.00s Sys=0.00s Real=0.00s
[4551.683s][info][gc,marking     ] GC(1330) Concurrent Clear Claimed Marks
[4551.683s][info][gc,marking     ] GC(1330) Concurrent Clear Claimed Marks 0.027ms
[4551.683s][info][gc,marking     ] GC(1330) Concurrent Cleanup for Next Mark
[4551.688s][info][gc,marking     ] GC(1330) Concurrent Cleanup for Next Mark 4.590ms
[4551.688s][info][gc             ] GC(1330) Concurrent Mark Cycle 1099.846ms
.[4552.871s][info][gc,start       ] GC(1331) Pause Young (Prepare Mixed) (G1 Evacuation Pause)
[4552.871s][info][gc,task        ] GC(1331) Using 6 workers of 6 for evacuation
[4552.990s][info][gc,phases      ] GC(1331)   Pre Evacuate Collection Set: 0.32ms
[4552.990s][info][gc,phases      ] GC(1331)   Merge Heap Roots: 0.46ms
[4552.990s][info][gc,phases      ] GC(1331)   Evacuate Collection Set: 117.35ms
[4552.990s][info][gc,phases      ] GC(1331)   Post Evacuate Collection Set: 0.94ms
[4552.990s][info][gc,phases      ] GC(1331)   Other: 0.09ms
[4552.990s][info][gc,heap        ] GC(1331) Eden regions: 1117->0(1103)
[4552.990s][info][gc,heap        ] GC(1331) Survivor regions: 111->111(154)
[4552.990s][info][gc,heap        ] GC(1331) Old regions: 509->540
[4552.990s][info][gc,heap        ] GC(1331) Humongous regions: 80->80
[4552.990s][info][gc,metaspace   ] GC(1331) Metaspace: 28936K(29312K)->28936K(29312K) NonClass: 24068K(24256K)->24068K(24256K) Class: 4868K(5056K)->4868K(5056K)
[4552.990s][info][gc             ] GC(1331) Pause Young (Prepare Mixed) (G1 Evacuation Pause) 3630M->1460M(4096M) 119.298ms
[4552.990s][info][gc,cpu         ] GC(1331) User=0.70s Sys=0.00s Real=0.12s
...[4555.135s][info][gc,start       ] GC(1332) Pause Young (Mixed) (G1 Evacuation Pause)
[4555.135s][info][gc,task        ] GC(1332) Using 6 workers of 6 for evacuation
[4555.268s][info][gc,phases      ] GC(1332)   Pre Evacuate Collection Set: 0.37ms
[4555.268s][info][gc,phases      ] GC(1332)   Merge Heap Roots: 0.63ms
[4555.268s][info][gc,phases      ] GC(1332)   Evacuate Collection Set: 130.56ms
[4555.268s][info][gc,phases      ] GC(1332)   Post Evacuate Collection Set: 0.97ms
[4555.268s][info][gc,phases      ] GC(1332)   Other: 0.09ms
[4555.268s][info][gc,heap        ] GC(1332) Eden regions: 1103->0(1119)
[4555.268s][info][gc,heap        ] GC(1332) Survivor regions: 111->109(152)
[4555.268s][info][gc,heap        ] GC(1332) Old regions: 540->476
[4555.268s][info][gc,heap        ] GC(1332) Humongous regions: 80->80
[4555.268s][info][gc,metaspace   ] GC(1332) Metaspace: 28936K(29312K)->28936K(29312K) NonClass: 24068K(24256K)->24068K(24256K) Class: 4868K(5056K)->4868K(5056K)
[4555.268s][info][gc             ] GC(1332) Pause Young (Mixed) (G1 Evacuation Pause) 3666M->1328M(4096M) 132.747ms
[4555.268s][info][gc,cpu         ] GC(1332) User=0.79s Sys=0.00s Real=0.13s
..[4557.485s][info][gc,start       ] GC(1333) Pause Young (Concurrent Start) (G1 Evacuation Pause)
[4557.485s][info][gc,task        ] GC(1333) Using 6 workers of 6 for evacuation
[4557.602s][info][gc,phases      ] GC(1333)   Pre Evacuate Collection Set: 0.41ms
[4557.602s][info][gc,phases      ] GC(1333)   Merge Heap Roots: 0.45ms
[4557.602s][info][gc,phases      ] GC(1333)   Evacuate Collection Set: 115.34ms
[4557.602s][info][gc,phases      ] GC(1333)   Post Evacuate Collection Set: 0.90ms
[4557.602s][info][gc,phases      ] GC(1333)   Other: 0.11ms
[4557.602s][info][gc,heap        ] GC(1333) Eden regions: 1119->0(1119)
[4557.602s][info][gc,heap        ] GC(1333) Survivor regions: 109->109(154)
[4557.602s][info][gc,heap        ] GC(1333) Old regions: 476->508
[4557.602s][info][gc,heap        ] GC(1333) Humongous regions: 80->80
[4557.602s][info][gc,metaspace   ] GC(1333) Metaspace: 28936K(29312K)->28936K(29312K) NonClass: 24068K(24256K)->24068K(24256K) Class: 4868K(5056K)->4868K(5056K)
[4557.603s][info][gc             ] GC(1333) Pause Young (Concurrent Start) (G1 Evacuation Pause) 3566M->1392M(4096M) 117.349ms
[4557.603s][info][gc             ] GC(1334) Concurrent Mark Cycle
[4557.603s][info][gc,marking     ] GC(1334) Concurrent Scan Root Regions
[4557.603s][info][gc,cpu         ] GC(1333) User=0.70s Sys=0.00s Real=0.12s
[4557.787s][info][gc,marking     ] GC(1334) Concurrent Scan Root Regions 184.787ms
[4557.787s][info][gc,marking     ] GC(1334) Concurrent Mark
[4557.787s][info][gc,marking     ] GC(1334) Concurrent Mark From Roots
[4557.787s][info][gc,task        ] GC(1334) Using 2 workers of 2 for marking
.[4558.893s][info][gc,marking     ] GC(1334) Concurrent Mark From Roots 1105.857ms
[4558.893s][info][gc,marking     ] GC(1334) Concurrent Preclean
[4558.893s][info][gc,marking     ] GC(1334) Concurrent Preclean 0.127ms
[4558.897s][info][gc,start       ] GC(1334) Pause Remark
[4558.905s][info][gc             ] GC(1334) Pause Remark 2648M->2648M(4096M) 8.361ms
[4558.905s][info][gc,cpu         ] GC(1334) User=0.05s Sys=0.01s Real=0.01s
[4558.905s][info][gc,marking     ] GC(1334) Concurrent Mark 1117.763ms
[4558.905s][info][gc,marking     ] GC(1334) Concurrent Rebuild Remembered Sets and Scrub Regions
.[4559.312s][info][gc,marking     ] GC(1334) Concurrent Rebuild Remembered Sets and Scrub Regions 407.025ms
[4559.312s][info][gc,start       ] GC(1334) Pause Cleanup
[4559.313s][info][gc             ] GC(1334) Pause Cleanup 3037M->3037M(4096M) 0.119ms
[4559.313s][info][gc,cpu         ] GC(1334) User=0.00s Sys=0.00s Real=0.00s
[4559.314s][info][gc,marking     ] GC(1334) Concurrent Clear Claimed Marks
[4559.314s][info][gc,marking     ] GC(1334) Concurrent Clear Claimed Marks 0.031ms
[4559.314s][info][gc,marking     ] GC(1334) Concurrent Cleanup for Next Mark
[4559.319s][info][gc,marking     ] GC(1334) Concurrent Cleanup for Next Mark 5.618ms
[4559.319s][info][gc             ] GC(1334) Concurrent Mark Cycle 1716.690ms
[4559.917s][info][gc,start       ] GC(1335) Pause Young (Prepare Mixed) (G1 Evacuation Pause)
[4559.917s][info][gc,task        ] GC(1335) Using 6 workers of 6 for evacuation
[4560.035s][info][gc,phases      ] GC(1335)   Pre Evacuate Collection Set: 0.37ms
[4560.035s][info][gc,phases      ] GC(1335)   Merge Heap Roots: 0.51ms
[4560.035s][info][gc,phases      ] GC(1335)   Evacuate Collection Set: 115.75ms
[4560.035s][info][gc,phases      ] GC(1335)   Post Evacuate Collection Set: 0.95ms
[4560.035s][info][gc,phases      ] GC(1335)   Other: 0.09ms
[4560.035s][info][gc,heap        ] GC(1335) Eden regions: 1119->0(1104)
[4560.035s][info][gc,heap        ] GC(1335) Survivor regions: 109->111(154)
[4560.035s][info][gc,heap        ] GC(1335) Old regions: 508->539
[4560.035s][info][gc,heap        ] GC(1335) Humongous regions: 80->80
[4560.035s][info][gc,metaspace   ] GC(1335) Metaspace: 28936K(29312K)->28936K(29312K) NonClass: 24068K(24256K)->24068K(24256K) Class: 4868K(5056K)->4868K(5056K)
[4560.035s][info][gc             ] GC(1335) Pause Young (Prepare Mixed) (G1 Evacuation Pause) 3630M->1458M(4096M) 117.833ms
[4560.035s][info][gc,cpu         ] GC(1335) User=0.70s Sys=0.00s Real=0.12s
..[4562.136s][info][gc,start       ] GC(1336) Pause Young (Mixed) (G1 Evacuation Pause)
[4562.136s][info][gc,task        ] GC(1336) Using 6 workers of 6 for evacuation
[4562.270s][info][gc,phases      ] GC(1336)   Pre Evacuate Collection Set: 0.40ms
[4562.270s][info][gc,phases      ] GC(1336)   Merge Heap Roots: 0.70ms
[4562.270s][info][gc,phases      ] GC(1336)   Evacuate Collection Set: 131.56ms
[4562.270s][info][gc,phases      ] GC(1336)   Post Evacuate Collection Set: 0.98ms
[4562.270s][info][gc,phases      ] GC(1336)   Other: 0.09ms
[4562.270s][info][gc,heap        ] GC(1336) Eden regions: 1104->0(1121)
[4562.270s][info][gc,heap        ] GC(1336) Survivor regions: 111->107(152)
[4562.270s][info][gc,heap        ] GC(1336) Old regions: 539->474
[4562.270s][info][gc,heap        ] GC(1336) Humongous regions: 80->80
[4562.270s][info][gc,metaspace   ] GC(1336) Metaspace: 28936K(29312K)->28936K(29312K) NonClass: 24068K(24256K)->24068K(24256K) Class: 4868K(5056K)->4868K(5056K)
[4562.270s][info][gc             ] GC(1336) Pause Young (Mixed) (G1 Evacuation Pause) 3666M->1321M(4096M) 133.865ms
[4562.270s][info][gc,cpu         ] GC(1336) User=0.80s Sys=0.00s Real=0.13s
...[4564.397s][info][gc,start       ] GC(1337) Pause Young (Concurrent Start) (G1 Evacuation Pause)
[4564.397s][info][gc,task        ] GC(1337) Using 6 workers of 6 for evacuation
[4564.515s][info][gc,phases      ] GC(1337)   Pre Evacuate Collection Set: 0.35ms
[4564.515s][info][gc,phases      ] GC(1337)   Merge Heap Roots: 0.46ms
[4564.515s][info][gc,phases      ] GC(1337)   Evacuate Collection Set: 116.18ms
[4564.515s][info][gc,phases      ] GC(1337)   Post Evacuate Collection Set: 0.87ms
[4564.515s][info][gc,phases      ] GC(1337)   Other: 0.10ms
[4564.515s][info][gc,heap        ] GC(1337) Eden regions: 1121->0(1117)
[4564.515s][info][gc,heap        ] GC(1337) Survivor regions: 107->111(154)
[4564.515s][info][gc,heap        ] GC(1337) Old regions: 474->506
[4564.515s][info][gc,heap        ] GC(1337) Humongous regions: 80->80
[4564.515s][info][gc,metaspace   ] GC(1337) Metaspace: 28936K(29312K)->28936K(29312K) NonClass: 24068K(24256K)->24068K(24256K) Class: 4868K(5056K)->4868K(5056K)
[4564.515s][info][gc             ] GC(1337) Pause Young (Concurrent Start) (G1 Evacuation Pause) 3563M->1392M(4096M) 118.088ms
[4564.515s][info][gc             ] GC(1338) Concurrent Mark Cycle
[4564.515s][info][gc,marking     ] GC(1338) Concurrent Scan Root Regions
[4564.515s][info][gc,cpu         ] GC(1337) User=0.69s Sys=0.00s Real=0.12s
[4564.669s][info][gc,marking     ] GC(1338) Concurrent Scan Root Regions 153.559ms
[4564.669s][info][gc,marking     ] GC(1338) Concurrent Mark
[4564.669s][info][gc,marking     ] GC(1338) Concurrent Mark From Roots
[4564.669s][info][gc,task        ] GC(1338) Using 2 workers of 2 for marking
.[4565.434s][info][gc,marking     ] GC(1338) Concurrent Mark From Roots 764.672ms
[4565.434s][info][gc,marking     ] GC(1338) Concurrent Preclean
[4565.434s][info][gc,marking     ] GC(1338) Concurrent Preclean 0.122ms
[4565.434s][info][gc,start       ] GC(1338) Pause Remark
[4565.441s][info][gc             ] GC(1338) Pause Remark 2206M->2206M(4096M) 7.080ms
[4565.441s][info][gc,cpu         ] GC(1338) User=0.04s Sys=0.00s Real=0.00s
[4565.442s][info][gc,marking     ] GC(1338) Concurrent Mark 772.801ms
[4565.442s][info][gc,marking     ] GC(1338) Concurrent Rebuild Remembered Sets and Scrub Regions
[4565.789s][info][gc,marking     ] GC(1338) Concurrent Rebuild Remembered Sets and Scrub Regions 347.669ms
[4565.790s][info][gc,start       ] GC(1338) Pause Cleanup
[4565.791s][info][gc             ] GC(1338) Pause Cleanup 2586M->2586M(4096M) 0.133ms
[4565.791s][info][gc,cpu         ] GC(1338) User=0.00s Sys=0.00s Real=0.00s
[4565.791s][info][gc,marking     ] GC(1338) Concurrent Clear Claimed Marks
[4565.791s][info][gc,marking     ] GC(1338) Concurrent Clear Claimed Marks 0.029ms
[4565.791s][info][gc,marking     ] GC(1338) Concurrent Cleanup for Next Mark
[4565.806s][info][gc,marking     ] GC(1338) Concurrent Cleanup for Next Mark 15.438ms
[4565.806s][info][gc             ] GC(1338) Concurrent Mark Cycle 1290.945ms
.[4566.729s][info][gc,start       ] GC(1339) Pause Young (Prepare Mixed) (G1 Evacuation Pause)
[4566.729s][info][gc,task        ] GC(1339) Using 6 workers of 6 for evacuation
[4566.847s][info][gc,phases      ] GC(1339)   Pre Evacuate Collection Set: 0.35ms
[4566.847s][info][gc,phases      ] GC(1339)   Merge Heap Roots: 0.48ms
[4566.847s][info][gc,phases      ] GC(1339)   Evacuate Collection Set: 116.65ms
[4566.847s][info][gc,phases      ] GC(1339)   Post Evacuate Collection Set: 0.92ms
[4566.847s][info][gc,phases      ] GC(1339)   Other: 0.08ms
[4566.847s][info][gc,heap        ] GC(1339) Eden regions: 1117->0(1105)
[4566.847s][info][gc,heap        ] GC(1339) Survivor regions: 111->111(154)
[4566.847s][info][gc,heap        ] GC(1339) Old regions: 506->538
[4566.847s][info][gc,heap        ] GC(1339) Humongous regions: 80->80
[4566.847s][info][gc,metaspace   ] GC(1339) Metaspace: 28936K(29312K)->28936K(29312K) NonClass: 24068K(24256K)->24068K(24256K) Class: 4868K(5056K)->4868K(5056K)
[4566.847s][info][gc             ] GC(1339) Pause Young (Prepare Mixed) (G1 Evacuation Pause) 3626M->1455M(4096M) 118.624ms
[4566.847s][info][gc,cpu         ] GC(1339) User=0.70s Sys=0.00s Real=0.12s
..[4569.009s][info][gc,start       ] GC(1340) Pause Young (Mixed) (G1 Evacuation Pause)
[4569.009s][info][gc,task        ] GC(1340) Using 6 workers of 6 for evacuation
[4569.148s][info][gc,phases      ] GC(1340)   Pre Evacuate Collection Set: 0.36ms
[4569.148s][info][gc,phases      ] GC(1340)   Merge Heap Roots: 0.65ms
[4569.148s][info][gc,phases      ] GC(1340)   Evacuate Collection Set: 137.10ms
[4569.148s][info][gc,phases      ] GC(1340)   Post Evacuate Collection Set: 0.94ms
[4569.148s][info][gc,phases      ] GC(1340)   Other: 0.09ms
[4569.148s][info][gc,heap        ] GC(1340) Eden regions: 1105->0(1115)
[4569.148s][info][gc,heap        ] GC(1340) Survivor regions: 111->113(152)
[4569.148s][info][gc,heap        ] GC(1340) Old regions: 538->475
[4569.148s][info][gc,heap        ] GC(1340) Humongous regions: 80->80
[4569.148s][info][gc,metaspace   ] GC(1340) Metaspace: 28936K(29312K)->28936K(29312K) NonClass: 24068K(24256K)->24068K(24256K) Class: 4868K(5056K)->4868K(5056K)
[4569.148s][info][gc             ] GC(1340) Pause Young (Mixed) (G1 Evacuation Pause) 3665M->1335M(4096M) 139.249ms
[4569.148s][info][gc,cpu         ] GC(1340) User=0.82s Sys=0.00s Real=0.14s
..[4571.362s][info][gc,start       ] GC(1341) Pause Young (Concurrent Start) (G1 Evacuation Pause)
[4571.362s][info][gc,task        ] GC(1341) Using 6 workers of 6 for evacuation
[4571.478s][info][gc,phases      ] GC(1341)   Pre Evacuate Collection Set: 0.40ms
[4571.478s][info][gc,phases      ] GC(1341)   Merge Heap Roots: 0.46ms
[4571.478s][info][gc,phases      ] GC(1341)   Evacuate Collection Set: 113.97ms
[4571.478s][info][gc,phases      ] GC(1341)   Post Evacuate Collection Set: 0.93ms
[4571.478s][info][gc,phases      ] GC(1341)   Other: 0.09ms
[4571.478s][info][gc,heap        ] GC(1341) Eden regions: 1115->0(1120)
[4571.478s][info][gc,heap        ] GC(1341) Survivor regions: 113->108(154)
[4571.478s][info][gc,heap        ] GC(1341) Old regions: 475->507
[4571.478s][info][gc,heap        ] GC(1341) Humongous regions: 80->80
[4571.478s][info][gc,metaspace   ] GC(1341) Metaspace: 28936K(29312K)->28936K(29312K) NonClass: 24068K(24256K)->24068K(24256K) Class: 4868K(5056K)->4868K(5056K)
[4571.478s][info][gc             ] GC(1341) Pause Young (Concurrent Start) (G1 Evacuation Pause) 3565M->1388M(4096M) 116.008ms
[4571.478s][info][gc             ] GC(1342) Concurrent Mark Cycle
[4571.478s][info][gc,marking     ] GC(1342) Concurrent Scan Root Regions
[4571.478s][info][gc,cpu         ] GC(1341) User=0.69s Sys=0.00s Real=0.12s
.[4571.695s][info][gc,marking     ] GC(1342) Concurrent Scan Root Regions 216.824ms
[4571.695s][info][gc,marking     ] GC(1342) Concurrent Mark
[4571.695s][info][gc,marking     ] GC(1342) Concurrent Mark From Roots
[4571.695s][info][gc,task        ] GC(1342) Using 2 workers of 2 for marking
.[4572.743s][info][gc,marking     ] GC(1342) Concurrent Mark From Roots 1047.424ms
[4572.743s][info][gc,marking     ] GC(1342) Concurrent Preclean
[4572.743s][info][gc,marking     ] GC(1342) Concurrent Preclean 0.090ms
[4572.745s][info][gc,start       ] GC(1342) Pause Remark
[4572.751s][info][gc             ] GC(1342) Pause Remark 2646M->2646M(4096M) 6.003ms
[4572.751s][info][gc,cpu         ] GC(1342) User=0.03s Sys=0.00s Real=0.00s
[4572.751s][info][gc,marking     ] GC(1342) Concurrent Mark 1056.058ms
[4572.751s][info][gc,marking     ] GC(1342) Concurrent Rebuild Remembered Sets and Scrub Regions
[4573.124s][info][gc,marking     ] GC(1342) Concurrent Rebuild Remembered Sets and Scrub Regions 372.979ms
[4573.128s][info][gc,start       ] GC(1342) Pause Cleanup
[4573.128s][info][gc             ] GC(1342) Pause Cleanup 3046M->3046M(4096M) 0.133ms
[4573.128s][info][gc,cpu         ] GC(1342) User=0.00s Sys=0.00s Real=0.00s
[4573.128s][info][gc,marking     ] GC(1342) Concurrent Clear Claimed Marks
[4573.128s][info][gc,marking     ] GC(1342) Concurrent Clear Claimed Marks 0.049ms
[4573.128s][info][gc,marking     ] GC(1342) Concurrent Cleanup for Next Mark
[4573.133s][info][gc,marking     ] GC(1342) Concurrent Cleanup for Next Mark 4.942ms
[4573.133s][info][gc             ] GC(1342) Concurrent Mark Cycle 1655.203ms
.[4573.633s][info][gc,start       ] GC(1343) Pause Young (Prepare Mixed) (G1 Evacuation Pause)
[4573.633s][info][gc,task        ] GC(1343) Using 6 workers of 6 for evacuation
[4573.754s][info][gc,phases      ] GC(1343)   Pre Evacuate Collection Set: 0.34ms
[4573.754s][info][gc,phases      ] GC(1343)   Merge Heap Roots: 0.52ms
[4573.754s][info][gc,phases      ] GC(1343)   Evacuate Collection Set: 119.22ms
[4573.754s][info][gc,phases      ] GC(1343)   Post Evacuate Collection Set: 0.87ms
[4573.754s][info][gc,phases      ] GC(1343)   Other: 0.09ms
[4573.755s][info][gc,heap        ] GC(1343) Eden regions: 1120->0(1104)
[4573.755s][info][gc,heap        ] GC(1343) Survivor regions: 108->111(154)
[4573.755s][info][gc,heap        ] GC(1343) Old regions: 507->539
[4573.755s][info][gc,heap        ] GC(1343) Humongous regions: 80->80
[4573.755s][info][gc,metaspace   ] GC(1343) Metaspace: 28936K(29312K)->28936K(29312K) NonClass: 24068K(24256K)->24068K(24256K) Class: 4868K(5056K)->4868K(5056K)
[4573.755s][info][gc             ] GC(1343) Pause Young (Prepare Mixed) (G1 Evacuation Pause) 3628M->1458M(4096M) 121.176ms
[4573.755s][info][gc,cpu         ] GC(1343) User=0.72s Sys=0.00s Real=0.12s
..[4575.934s][info][gc,start       ] GC(1344) Pause Young (Mixed) (G1 Evacuation Pause)
[4575.934s][info][gc,task        ] GC(1344) Using 6 workers of 6 for evacuation
[4576.070s][info][gc,phases      ] GC(1344)   Pre Evacuate Collection Set: 0.37ms
[4576.070s][info][gc,phases      ] GC(1344)   Merge Heap Roots: 0.64ms
[4576.070s][info][gc,phases      ] GC(1344)   Evacuate Collection Set: 133.79ms
[4576.070s][info][gc,phases      ] GC(1344)   Post Evacuate Collection Set: 0.94ms
[4576.070s][info][gc,phases      ] GC(1344)   Other: 0.09ms
[4576.070s][info][gc,heap        ] GC(1344) Eden regions: 1104->0(1117)
[4576.070s][info][gc,heap        ] GC(1344) Survivor regions: 111->111(152)
[4576.070s][info][gc,heap        ] GC(1344) Old regions: 539->476
[4576.070s][info][gc,heap        ] GC(1344) Humongous regions: 80->80
[4576.070s][info][gc,metaspace   ] GC(1344) Metaspace: 28936K(29312K)->28936K(29312K) NonClass: 24068K(24256K)->24068K(24256K) Class: 4868K(5056K)->4868K(5056K)
[4576.070s][info][gc             ] GC(1344) Pause Young (Mixed) (G1 Evacuation Pause) 3666M->1333M(4096M) 135.958ms
[4576.070s][info][gc,cpu         ] GC(1344) User=0.80s Sys=0.01s Real=0.13s
..[4578.233s][info][gc,start       ] GC(1345) Pause Young (Concurrent Start) (G1 Evacuation Pause)
[4578.233s][info][gc,task        ] GC(1345) Using 6 workers of 6 for evacuation
[4578.349s][info][gc,phases      ] GC(1345)   Pre Evacuate Collection Set: 0.38ms
[4578.349s][info][gc,phases      ] GC(1345)   Merge Heap Roots: 0.46ms
[4578.349s][info][gc,phases      ] GC(1345)   Evacuate Collection Set: 114.21ms
[4578.349s][info][gc,phases      ] GC(1345)   Post Evacuate Collection Set: 0.90ms
[4578.349s][info][gc,phases      ] GC(1345)   Other: 0.10ms
[4578.349s][info][gc,heap        ] GC(1345) Eden regions: 1117->0(1120)
[4578.349s][info][gc,heap        ] GC(1345) Survivor regions: 111->108(154)
[4578.349s][info][gc,heap        ] GC(1345) Old regions: 476->508
[4578.349s][info][gc,heap        ] GC(1345) Humongous regions: 80->80
[4578.349s][info][gc,metaspace   ] GC(1345) Metaspace: 28936K(29312K)->28936K(29312K) NonClass: 24068K(24256K)->24068K(24256K) Class: 4868K(5056K)->4868K(5056K)
[4578.349s][info][gc             ] GC(1345) Pause Young (Concurrent Start) (G1 Evacuation Pause) 3567M->1390M(4096M) 116.175ms
[4578.350s][info][gc             ] GC(1346) Concurrent Mark Cycle
[4578.350s][info][gc,marking     ] GC(1346) Concurrent Scan Root Regions
[4578.350s][info][gc,cpu         ] GC(1345) User=0.69s Sys=0.01s Real=0.11s
[4578.531s][info][gc,marking     ] GC(1346) Concurrent Scan Root Regions 181.472ms
[4578.531s][info][gc,marking     ] GC(1346) Concurrent Mark
[4578.531s][info][gc,marking     ] GC(1346) Concurrent Mark From Roots
[4578.531s][info][gc,task        ] GC(1346) Using 2 workers of 2 for marking
.[4579.526s][info][gc,marking     ] GC(1346) Concurrent Mark From Roots 994.445ms
[4579.526s][info][gc,marking     ] GC(1346) Concurrent Preclean
[4579.526s][info][gc,marking     ] GC(1346) Concurrent Preclean 0.127ms
[4579.526s][info][gc,start       ] GC(1346) Pause Remark
[4579.529s][info][gc             ] GC(1346) Pause Remark 2444M->2444M(4096M) 3.566ms
[4579.530s][info][gc,cpu         ] GC(1346) User=0.02s Sys=0.00s Real=0.00s
[4579.530s][info][gc,marking     ] GC(1346) Concurrent Mark 998.529ms
[4579.530s][info][gc,marking     ] GC(1346) Concurrent Rebuild Remembered Sets and Scrub Regions
.[4579.910s][info][gc,marking     ] GC(1346) Concurrent Rebuild Remembered Sets and Scrub Regions 380.096ms
[4579.911s][info][gc,start       ] GC(1346) Pause Cleanup
[4579.911s][info][gc             ] GC(1346) Pause Cleanup 2882M->2882M(4096M) 0.127ms
[4579.911s][info][gc,cpu         ] GC(1346) User=0.00s Sys=0.00s Real=0.00s
[4579.911s][info][gc,marking     ] GC(1346) Concurrent Clear Claimed Marks
[4579.911s][info][gc,marking     ] GC(1346) Concurrent Clear Claimed Marks 0.024ms
[4579.911s][info][gc,marking     ] GC(1346) Concurrent Cleanup for Next Mark
[4579.918s][info][gc,marking     ] GC(1346) Concurrent Cleanup for Next Mark 6.877ms
[4579.918s][info][gc             ] GC(1346) Concurrent Mark Cycle 1568.197ms
[4580.546s][info][gc,start       ] GC(1347) Pause Young (Prepare Mixed) (G1 Evacuation Pause)
[4580.546s][info][gc,task        ] GC(1347) Using 6 workers of 6 for evacuation
[4580.665s][info][gc,phases      ] GC(1347)   Pre Evacuate Collection Set: 0.38ms
[4580.665s][info][gc,phases      ] GC(1347)   Merge Heap Roots: 0.56ms
[4580.665s][info][gc,phases      ] GC(1347)   Evacuate Collection Set: 115.77ms
[4580.665s][info][gc,phases      ] GC(1347)   Post Evacuate Collection Set: 0.95ms
[4580.665s][info][gc,phases      ] GC(1347)   Other: 0.84ms
[4580.665s][info][gc,heap        ] GC(1347) Eden regions: 1120->0(1105)
[4580.665s][info][gc,heap        ] GC(1347) Survivor regions: 108->110(154)
[4580.665s][info][gc,heap        ] GC(1347) Old regions: 508->540
[4580.665s][info][gc,heap        ] GC(1347) Humongous regions: 80->80
[4580.665s][info][gc,metaspace   ] GC(1347) Metaspace: 28936K(29312K)->28936K(29312K) NonClass: 24068K(24256K)->24068K(24256K) Class: 4868K(5056K)->4868K(5056K)
[4580.665s][info][gc             ] GC(1347) Pause Young (Prepare Mixed) (G1 Evacuation Pause) 3630M->1457M(4096M) 118.633ms
[4580.665s][info][gc,cpu         ] GC(1347) User=0.70s Sys=0.00s Real=0.12s
.. (rIR:aIR:PR = 8164:8138:8138) (tPR = 120821) [OK] 
  4581s: Performance info:
         Transaction,    Success,    Partial,     Failed,   Receipts, AvgBarcode, 
             Overall,     490280,          0,          0,     465621,      59.47, 
         Response times:
             Request,    Success,    Partial,     Failed,   SkipFail,     Probes,    Samples,      min,      p50,      p90,      p95,      p99,      max, 
       TotalPurchase,     465623,          0,          0,          0,     351729,     425259,      300,     7900,   136000,   178000,   242000,   680000,
     InStorePurchase,     244704,          0,          0,          0,     183851,     222376,      300,     7900,   135000,   178000,   243000,   530000,
      OnlinePurchase,     171423,          0,          0,          0,     130148,     157306,      300,     8000,   138000,   181000,   242000,   680000,
        InstPurchase,      49496,          0,          0,          0,      37730,      45577,      400,     7700,   136000,   173000,   238220,   509000,
          AssocOfCat,        494,          0,          0,          0,        405,        609,    24000,    51000,   205000,   251500,   328600,   450000,
      AssocOfProduct,       4905,          0,          0,          0,       3375,       4336,      400,     7800,   132000,   173150,   226630,   458000,
      BusinessReport,       1226,          0,          0,          0,       1066,       1384,    29000,    55000,   184500,   227000,   304300,   427000,
          CustBuyBeh,       4925,          0,          0,          0,       3342,       4226,      300,     7600,   129300,   174000,   230730,   389000,
       ProductReturn,      13109,          0,          0,          0,       9819,      12287,      300,     6600,   125000,   167000,   234000,   463000,

  4581s: (60%)   IR =   8302 .[4582.908s][info][gc,start       ] GC(1348) Pause Young (Mixed) (G1 Evacuation Pause)
[4582.908s][info][gc,task        ] GC(1348) Using 6 workers of 6 for evacuation
[4583.047s][info][gc,phases      ] GC(1348)   Pre Evacuate Collection Set: 0.35ms
[4583.047s][info][gc,phases      ] GC(1348)   Merge Heap Roots: 0.63ms
[4583.047s][info][gc,phases      ] GC(1348)   Evacuate Collection Set: 136.24ms
[4583.047s][info][gc,phases      ] GC(1348)   Post Evacuate Collection Set: 0.98ms
[4583.047s][info][gc,phases      ] GC(1348)   Other: 0.09ms
[4583.047s][info][gc,heap        ] GC(1348) Eden regions: 1105->0(1115)
[4583.047s][info][gc,heap        ] GC(1348) Survivor regions: 110->113(152)
[4583.047s][info][gc,heap        ] GC(1348) Old regions: 540->474
[4583.047s][info][gc,heap        ] GC(1348) Humongous regions: 80->80
[4583.047s][info][gc,metaspace   ] GC(1348) Metaspace: 28941K(29312K)->28941K(29312K) NonClass: 24073K(24256K)->24073K(24256K) Class: 4868K(5056K)->4868K(5056K)
[4583.047s][info][gc             ] GC(1348) Pause Young (Mixed) (G1 Evacuation Pause) 3667M->1332M(4096M) 138.426ms
[4583.047s][info][gc,cpu         ] GC(1348) User=0.82s Sys=0.00s Real=0.14s
..[4585.146s][info][gc,start       ] GC(1349) Pause Young (Concurrent Start) (G1 Evacuation Pause)
[4585.147s][info][gc,task        ] GC(1349) Using 6 workers of 6 for evacuation
[4585.261s][info][gc,phases      ] GC(1349)   Pre Evacuate Collection Set: 0.39ms
[4585.261s][info][gc,phases      ] GC(1349)   Merge Heap Roots: 0.46ms
[4585.261s][info][gc,phases      ] GC(1349)   Evacuate Collection Set: 112.88ms
[4585.261s][info][gc,phases      ] GC(1349)   Post Evacuate Collection Set: 0.88ms
[4585.261s][info][gc,phases      ] GC(1349)   Other: 0.14ms
[4585.261s][info][gc,heap        ] GC(1349) Eden regions: 1115->0(1120)
[4585.261s][info][gc,heap        ] GC(1349) Survivor regions: 113->108(154)
[4585.261s][info][gc,heap        ] GC(1349) Old regions: 474->506
[4585.261s][info][gc,heap        ] GC(1349) Humongous regions: 80->80
[4585.261s][info][gc,metaspace   ] GC(1349) Metaspace: 28941K(29312K)->28941K(29312K) NonClass: 24073K(24256K)->24073K(24256K) Class: 4868K(5056K)->4868K(5056K)
[4585.261s][info][gc             ] GC(1349) Pause Young (Concurrent Start) (G1 Evacuation Pause) 3562M->1385M(4096M) 114.887ms
[4585.261s][info][gc             ] GC(1350) Concurrent Mark Cycle
[4585.261s][info][gc,marking     ] GC(1350) Concurrent Scan Root Regions
[4585.261s][info][gc,cpu         ] GC(1349) User=0.67s Sys=0.00s Real=0.11s
[4585.407s][info][gc,marking     ] GC(1350) Concurrent Scan Root Regions 145.438ms
[4585.407s][info][gc,marking     ] GC(1350) Concurrent Mark
[4585.407s][info][gc,marking     ] GC(1350) Concurrent Mark From Roots
[4585.407s][info][gc,task        ] GC(1350) Using 2 workers of 2 for marking
.[4586.282s][info][gc,marking     ] GC(1350) Concurrent Mark From Roots 875.147ms
[4586.282s][info][gc,marking     ] GC(1350) Concurrent Preclean
[4586.282s][info][gc,marking     ] GC(1350) Concurrent Preclean 0.100ms
[4586.284s][info][gc,start       ] GC(1350) Pause Remark
[4586.290s][info][gc             ] GC(1350) Pause Remark 2277M->2277M(4096M) 6.105ms
[4586.291s][info][gc,cpu         ] GC(1350) User=0.03s Sys=0.00s Real=0.00s
[4586.291s][info][gc,marking     ] GC(1350) Concurrent Mark 883.682ms
[4586.291s][info][gc,marking     ] GC(1350) Concurrent Rebuild Remembered Sets and Scrub Regions
[4586.580s][info][gc,marking     ] GC(1350) Concurrent Rebuild Remembered Sets and Scrub Regions 289.383ms
[4586.581s][info][gc,start       ] GC(1350) Pause Cleanup
[4586.581s][info][gc             ] GC(1350) Pause Cleanup 2583M->2583M(4096M) 0.139ms
[4586.581s][info][gc,cpu         ] GC(1350) User=0.00s Sys=0.00s Real=0.00s
[4586.582s][info][gc,marking     ] GC(1350) Concurrent Clear Claimed Marks
[4586.582s][info][gc,marking     ] GC(1350) Concurrent Clear Claimed Marks 0.035ms
[4586.582s][info][gc,marking     ] GC(1350) Concurrent Cleanup for Next Mark
[4586.592s][info][gc,marking     ] GC(1350) Concurrent Cleanup for Next Mark 10.222ms
[4586.592s][info][gc             ] GC(1350) Concurrent Mark Cycle 1330.786ms
.[4587.389s][info][gc,start       ] GC(1351) Pause Young (Prepare Mixed) (G1 Evacuation Pause)
[4587.389s][info][gc,task        ] GC(1351) Using 6 workers of 6 for evacuation
[4587.511s][info][gc,phases      ] GC(1351)   Pre Evacuate Collection Set: 0.33ms
[4587.511s][info][gc,phases      ] GC(1351)   Merge Heap Roots: 0.49ms
[4587.511s][info][gc,phases      ] GC(1351)   Evacuate Collection Set: 119.89ms
[4587.511s][info][gc,phases      ] GC(1351)   Post Evacuate Collection Set: 0.96ms
[4587.511s][info][gc,phases      ] GC(1351)   Other: 0.09ms
[4587.511s][info][gc,heap        ] GC(1351) Eden regions: 1120->0(1102)
[4587.511s][info][gc,heap        ] GC(1351) Survivor regions: 108->112(154)
[4587.511s][info][gc,heap        ] GC(1351) Old regions: 506->539
[4587.511s][info][gc,heap        ] GC(1351) Humongous regions: 80->80
[4587.511s][info][gc,metaspace   ] GC(1351) Metaspace: 28941K(29312K)->28941K(29312K) NonClass: 24073K(24256K)->24073K(24256K) Class: 4868K(5056K)->4868K(5056K)
[4587.511s][info][gc             ] GC(1351) Pause Young (Prepare Mixed) (G1 Evacuation Pause) 3625M->1460M(4096M) 121.886ms
[4587.511s][info][gc,cpu         ] GC(1351) User=0.72s Sys=0.00s Real=0.12s
..[4589.620s][info][gc,start       ] GC(1352) Pause Young (Mixed) (G1 Evacuation Pause)
[4589.620s][info][gc,task        ] GC(1352) Using 6 workers of 6 for evacuation
[4589.758s][info][gc,phases      ] GC(1352)   Pre Evacuate Collection Set: 0.37ms
[4589.758s][info][gc,phases      ] GC(1352)   Merge Heap Roots: 0.66ms
[4589.758s][info][gc,phases      ] GC(1352)   Evacuate Collection Set: 136.53ms
[4589.758s][info][gc,phases      ] GC(1352)   Post Evacuate Collection Set: 0.96ms
[4589.758s][info][gc,phases      ] GC(1352)   Other: 0.09ms
[4589.758s][info][gc,heap        ] GC(1352) Eden regions: 1102->0(1115)
[4589.758s][info][gc,heap        ] GC(1352) Survivor regions: 112->113(152)
[4589.758s][info][gc,heap        ] GC(1352) Old regions: 539->476
[4589.758s][info][gc,heap        ] GC(1352) Humongous regions: 80->80
[4589.758s][info][gc,metaspace   ] GC(1352) Metaspace: 28941K(29312K)->28941K(29312K) NonClass: 24073K(24256K)->24073K(24256K) Class: 4868K(5056K)->4868K(5056K)
[4589.759s][info][gc             ] GC(1352) Pause Young (Mixed) (G1 Evacuation Pause) 3664M->1337M(4096M) 138.745ms
[4589.759s][info][gc,cpu         ] GC(1352) User=0.82s Sys=0.00s Real=0.14s
..[4591.838s][info][gc,start       ] GC(1353) Pause Young (Concurrent Start) (G1 Evacuation Pause)
[4591.838s][info][gc,task        ] GC(1353) Using 6 workers of 6 for evacuation
[4591.956s][info][gc,phases      ] GC(1353)   Pre Evacuate Collection Set: 0.39ms
[4591.956s][info][gc,phases      ] GC(1353)   Merge Heap Roots: 0.50ms
[4591.956s][info][gc,phases      ] GC(1353)   Evacuate Collection Set: 115.86ms
[4591.956s][info][gc,phases      ] GC(1353)   Post Evacuate Collection Set: 0.89ms
[4591.956s][info][gc,phases      ] GC(1353)   Other: 0.10ms
[4591.956s][info][gc,heap        ] GC(1353) Eden regions: 1115->0(1117)
[4591.956s][info][gc,heap        ] GC(1353) Survivor regions: 113->111(154)
[4591.956s][info][gc,heap        ] GC(1353) Old regions: 476->508
[4591.956s][info][gc,heap        ] GC(1353) Humongous regions: 80->80
[4591.956s][info][gc,metaspace   ] GC(1353) Metaspace: 28941K(29312K)->28941K(29312K) NonClass: 24073K(24256K)->24073K(24256K) Class: 4868K(5056K)->4868K(5056K)
[4591.956s][info][gc             ] GC(1353) Pause Young (Concurrent Start) (G1 Evacuation Pause) 3567M->1395M(4096M) 117.862ms
[4591.956s][info][gc             ] GC(1354) Concurrent Mark Cycle
[4591.956s][info][gc,marking     ] GC(1354) Concurrent Scan Root Regions
[4591.956s][info][gc,cpu         ] GC(1353) User=0.70s Sys=0.00s Real=0.12s
.|[4592.147s][info][gc,marking     ] GC(1354) Concurrent Scan Root Regions 191.290ms
[4592.147s][info][gc,marking     ] GC(1354) Concurrent Mark
[4592.147s][info][gc,marking     ] GC(1354) Concurrent Mark From Roots
[4592.147s][info][gc,task        ] GC(1354) Using 2 workers of 2 for marking
[4593.111s][info][gc,marking     ] GC(1354) Concurrent Mark From Roots 963.453ms
[4593.111s][info][gc,marking     ] GC(1354) Concurrent Preclean
[4593.111s][info][gc,marking     ] GC(1354) Concurrent Preclean 0.115ms
[4593.114s][info][gc,start       ] GC(1354) Pause Remark
[4593.120s][info][gc             ] GC(1354) Pause Remark 2441M->2441M(4096M) 5.797ms
[4593.120s][info][gc,cpu         ] GC(1354) User=0.03s Sys=0.00s Real=0.00s
[4593.120s][info][gc,marking     ] GC(1354) Concurrent Mark 972.938ms
[4593.120s][info][gc,marking     ] GC(1354) Concurrent Rebuild Remembered Sets and Scrub Regions
.[4593.443s][info][gc,marking     ] GC(1354) Concurrent Rebuild Remembered Sets and Scrub Regions 322.942ms
[4593.444s][info][gc,start       ] GC(1354) Pause Cleanup
[4593.444s][info][gc             ] GC(1354) Pause Cleanup 2753M->2753M(4096M) 0.120ms
[4593.444s][info][gc,cpu         ] GC(1354) User=0.00s Sys=0.00s Real=0.00s
[4593.444s][info][gc,marking     ] GC(1354) Concurrent Clear Claimed Marks
[4593.444s][info][gc,marking     ] GC(1354) Concurrent Clear Claimed Marks 0.033ms
[4593.444s][info][gc,marking     ] GC(1354) Concurrent Cleanup for Next Mark
[4593.450s][info][gc,marking     ] GC(1354) Concurrent Cleanup for Next Mark 5.139ms
[4593.450s][info][gc             ] GC(1354) Concurrent Mark Cycle 1493.628ms
[4594.110s][info][gc,start       ] GC(1355) Pause Young (Prepare Mixed) (G1 Evacuation Pause)
[4594.110s][info][gc,task        ] GC(1355) Using 6 workers of 6 for evacuation
[4594.237s][info][gc,phases      ] GC(1355)   Pre Evacuate Collection Set: 0.36ms
[4594.237s][info][gc,phases      ] GC(1355)   Merge Heap Roots: 0.53ms
[4594.237s][info][gc,phases      ] GC(1355)   Evacuate Collection Set: 125.50ms
[4594.237s][info][gc,phases      ] GC(1355)   Post Evacuate Collection Set: 0.84ms
[4594.237s][info][gc,phases      ] GC(1355)   Other: 0.09ms
[4594.237s][info][gc,heap        ] GC(1355) Eden regions: 1117->0(1087)
[4594.237s][info][gc,heap        ] GC(1355) Survivor regions: 111->119(154)
[4594.237s][info][gc,heap        ] GC(1355) Old regions: 508->540
[4594.237s][info][gc,heap        ] GC(1355) Humongous regions: 80->80
[4594.237s][info][gc,metaspace   ] GC(1355) Metaspace: 28941K(29312K)->28941K(29312K) NonClass: 24073K(24256K)->24073K(24256K) Class: 4868K(5056K)->4868K(5056K)
[4594.237s][info][gc             ] GC(1355) Pause Young (Prepare Mixed) (G1 Evacuation Pause) 3629M->1475M(4096M) 127.435ms
[4594.237s][info][gc,cpu         ] GC(1355) User=0.75s Sys=0.00s Real=0.13s
..[4596.343s][info][gc,start       ] GC(1356) Pause Young (Mixed) (G1 Evacuation Pause)
[4596.343s][info][gc,task        ] GC(1356) Using 6 workers of 6 for evacuation
[4596.474s][info][gc,phases      ] GC(1356)   Pre Evacuate Collection Set: 0.42ms
[4596.474s][info][gc,phases      ] GC(1356)   Merge Heap Roots: 0.75ms
[4596.474s][info][gc,phases      ] GC(1356)   Evacuate Collection Set: 128.63ms
[4596.474s][info][gc,phases      ] GC(1356)   Post Evacuate Collection Set: 0.94ms
[4596.474s][info][gc,phases      ] GC(1356)   Other: 0.82ms
[4596.474s][info][gc,heap        ] GC(1356) Eden regions: 1087->0(1120)
[4596.474s][info][gc,heap        ] GC(1356) Survivor regions: 119->108(151)
[4596.474s][info][gc,heap        ] GC(1356) Old regions: 540->475
[4596.474s][info][gc,heap        ] GC(1356) Humongous regions: 80->80
[4596.474s][info][gc,metaspace   ] GC(1356) Metaspace: 28941K(29312K)->28941K(29312K) NonClass: 24073K(24256K)->24073K(24256K) Class: 4868K(5056K)->4868K(5056K)
[4596.474s][info][gc             ] GC(1356) Pause Young (Mixed) (G1 Evacuation Pause) 3649M->1324M(4096M) 131.689ms
[4596.474s][info][gc,cpu         ] GC(1356) User=0.78s Sys=0.00s Real=0.13s
...[4598.693s][info][gc,start       ] GC(1357) Pause Young (Concurrent Start) (G1 Evacuation Pause)
[4598.693s][info][gc,task        ] GC(1357) Using 6 workers of 6 for evacuation
[4598.811s][info][gc,phases      ] GC(1357)   Pre Evacuate Collection Set: 0.39ms
[4598.811s][info][gc,phases      ] GC(1357)   Merge Heap Roots: 0.49ms
[4598.811s][info][gc,phases      ] GC(1357)   Evacuate Collection Set: 115.84ms
[4598.811s][info][gc,phases      ] GC(1357)   Post Evacuate Collection Set: 0.90ms
[4598.811s][info][gc,phases      ] GC(1357)   Other: 0.15ms
[4598.811s][info][gc,heap        ] GC(1357) Eden regions: 1120->0(1118)
[4598.811s][info][gc,heap        ] GC(1357) Survivor regions: 108->110(154)
[4598.811s][info][gc,heap        ] GC(1357) Old regions: 475->507
[4598.811s][info][gc,heap        ] GC(1357) Humongous regions: 80->80
[4598.811s][info][gc,metaspace   ] GC(1357) Metaspace: 28941K(29312K)->28941K(29312K) NonClass: 24073K(24256K)->24073K(24256K) Class: 4868K(5056K)->4868K(5056K)
[4598.811s][info][gc             ] GC(1357) Pause Young (Concurrent Start) (G1 Evacuation Pause) 3564M->1392M(4096M) 117.929ms
[4598.811s][info][gc             ] GC(1358) Concurrent Mark Cycle
[4598.811s][info][gc,marking     ] GC(1358) Concurrent Scan Root Regions
[4598.811s][info][gc,cpu         ] GC(1357) User=0.70s Sys=0.00s Real=0.11s
[4599.034s][info][gc,marking     ] GC(1358) Concurrent Scan Root Regions 223.265ms
[4599.034s][info][gc,marking     ] GC(1358) Concurrent Mark
[4599.034s][info][gc,marking     ] GC(1358) Concurrent Mark From Roots
[4599.034s][info][gc,task        ] GC(1358) Using 2 workers of 2 for marking
.[4600.023s][info][gc,marking     ] GC(1358) Concurrent Mark From Roots 988.412ms
[4600.023s][info][gc,marking     ] GC(1358) Concurrent Preclean
[4600.023s][info][gc,marking     ] GC(1358) Concurrent Preclean 0.140ms
[4600.023s][info][gc,start       ] GC(1358) Pause Remark
[4600.027s][info][gc             ] GC(1358) Pause Remark 2592M->2592M(4096M) 3.996ms
[4600.027s][info][gc,cpu         ] GC(1358) User=0.02s Sys=0.00s Real=0.00s
[4600.027s][info][gc,marking     ] GC(1358) Concurrent Mark 993.367ms
[4600.028s][info][gc,marking     ] GC(1358) Concurrent Rebuild Remembered Sets and Scrub Regions
[4600.441s][info][gc,marking     ] GC(1358) Concurrent Rebuild Remembered Sets and Scrub Regions 413.964ms
[4600.442s][info][gc,start       ] GC(1358) Pause Cleanup
[4600.442s][info][gc             ] GC(1358) Pause Cleanup 2974M->2974M(4096M) 0.119ms
[4600.442s][info][gc,cpu         ] GC(1358) User=0.00s Sys=0.00s Real=0.01s
[4600.443s][info][gc,marking     ] GC(1358) Concurrent Clear Claimed Marks
[4600.443s][info][gc,marking     ] GC(1358) Concurrent Clear Claimed Marks 0.033ms
[4600.443s][info][gc,marking     ] GC(1358) Concurrent Cleanup for Next Mark
[4600.448s][info][gc,marking     ] GC(1358) Concurrent Cleanup for Next Mark 5.196ms
[4600.449s][info][gc             ] GC(1358) Concurrent Mark Cycle 1637.760ms
.[4600.974s][info][gc,start       ] GC(1359) Pause Young (Prepare Mixed) (G1 Evacuation Pause)
[4600.974s][info][gc,task        ] GC(1359) Using 6 workers of 6 for evacuation
[4601.092s][info][gc,phases      ] GC(1359)   Pre Evacuate Collection Set: 0.34ms
[4601.092s][info][gc,phases      ] GC(1359)   Merge Heap Roots: 0.49ms
[4601.092s][info][gc,phases      ] GC(1359)   Evacuate Collection Set: 116.54ms
[4601.092s][info][gc,phases      ] GC(1359)   Post Evacuate Collection Set: 0.91ms
[4601.092s][info][gc,phases      ] GC(1359)   Other: 0.09ms
[4601.092s][info][gc,heap        ] GC(1359) Eden regions: 1118->0(1105)
[4601.092s][info][gc,heap        ] GC(1359) Survivor regions: 110->111(154)
[4601.092s][info][gc,heap        ] GC(1359) Old regions: 507->538
[4601.092s][info][gc,heap        ] GC(1359) Humongous regions: 80->80
[4601.092s][info][gc,metaspace   ] GC(1359) Metaspace: 28941K(29312K)->28941K(29312K) NonClass: 24073K(24256K)->24073K(24256K) Class: 4868K(5056K)->4868K(5056K)
[4601.092s][info][gc             ] GC(1359) Pause Young (Prepare Mixed) (G1 Evacuation Pause) 3628M->1456M(4096M) 118.494ms
[4601.092s][info][gc,cpu         ] GC(1359) User=0.70s Sys=0.00s Real=0.12s
..[4603.229s][info][gc,start       ] GC(1360) Pause Young (Mixed) (G1 Evacuation Pause)
[4603.229s][info][gc,task        ] GC(1360) Using 6 workers of 6 for evacuation
[4603.365s][info][gc,phases      ] GC(1360)   Pre Evacuate Collection Set: 0.34ms
[4603.365s][info][gc,phases      ] GC(1360)   Merge Heap Roots: 0.64ms
[4603.365s][info][gc,phases      ] GC(1360)   Evacuate Collection Set: 133.16ms
[4603.365s][info][gc,phases      ] GC(1360)   Post Evacuate Collection Set: 0.94ms
[4603.365s][info][gc,phases      ] GC(1360)   Other: 0.09ms
[4603.365s][info][gc,heap        ] GC(1360) Eden regions: 1105->0(1118)
[4603.365s][info][gc,heap        ] GC(1360) Survivor regions: 111->110(152)
[4603.365s][info][gc,heap        ] GC(1360) Old regions: 538->474
[4603.365s][info][gc,heap        ] GC(1360) Humongous regions: 80->80
[4603.365s][info][gc,metaspace   ] GC(1360) Metaspace: 28941K(29312K)->28941K(29312K) NonClass: 24073K(24256K)->24073K(24256K) Class: 4868K(5056K)->4868K(5056K)
[4603.365s][info][gc             ] GC(1360) Pause Young (Mixed) (G1 Evacuation Pause) 3666M->1326M(4096M) 135.286ms
[4603.365s][info][gc,cpu         ] GC(1360) User=0.80s Sys=0.00s Real=0.14s
...[4605.607s][info][gc,start       ] GC(1361) Pause Young (Concurrent Start) (G1 Evacuation Pause)
[4605.607s][info][gc,task        ] GC(1361) Using 6 workers of 6 for evacuation
[4605.730s][info][gc,phases      ] GC(1361)   Pre Evacuate Collection Set: 0.38ms
[4605.730s][info][gc,phases      ] GC(1361)   Merge Heap Roots: 0.44ms
[4605.730s][info][gc,phases      ] GC(1361)   Evacuate Collection Set: 121.45ms
[4605.730s][info][gc,phases      ] GC(1361)   Post Evacuate Collection Set: 0.88ms
[4605.730s][info][gc,phases      ] GC(1361)   Other: 0.12ms
[4605.730s][info][gc,heap        ] GC(1361) Eden regions: 1118->0(1113)
[4605.730s][info][gc,heap        ] GC(1361) Survivor regions: 110->115(154)
[4605.730s][info][gc,heap        ] GC(1361) Old regions: 474->507
[4605.730s][info][gc,heap        ] GC(1361) Humongous regions: 80->80
[4605.730s][info][gc,metaspace   ] GC(1361) Metaspace: 28941K(29312K)->28941K(29312K) NonClass: 24073K(24256K)->24073K(24256K) Class: 4868K(5056K)->4868K(5056K)
[4605.730s][info][gc             ] GC(1361) Pause Young (Concurrent Start) (G1 Evacuation Pause) 3562M->1401M(4096M) 123.406ms
[4605.730s][info][gc             ] GC(1362) Concurrent Mark Cycle
[4605.730s][info][gc,marking     ] GC(1362) Concurrent Scan Root Regions
[4605.730s][info][gc,cpu         ] GC(1361) User=0.73s Sys=0.00s Real=0.12s
[4605.963s][info][gc,marking     ] GC(1362) Concurrent Scan Root Regions 232.825ms
[4605.963s][info][gc,marking     ] GC(1362) Concurrent Mark
[4605.963s][info][gc,marking     ] GC(1362) Concurrent Mark From Roots
[4605.963s][info][gc,task        ] GC(1362) Using 2 workers of 2 for marking
.[4606.917s][info][gc,marking     ] GC(1362) Concurrent Mark From Roots 954.159ms
[4606.917s][info][gc,marking     ] GC(1362) Concurrent Preclean
[4606.918s][info][gc,marking     ] GC(1362) Concurrent Preclean 0.142ms
[4606.919s][info][gc,start       ] GC(1362) Pause Remark
[4606.927s][info][gc             ] GC(1362) Pause Remark 2561M->2561M(4096M) 7.560ms
[4606.927s][info][gc,cpu         ] GC(1362) User=0.04s Sys=0.01s Real=0.01s
[4606.927s][info][gc,marking     ] GC(1362) Concurrent Mark 963.826ms
[4606.927s][info][gc,marking     ] GC(1362) Concurrent Rebuild Remembered Sets and Scrub Regions
[4607.341s][info][gc,marking     ] GC(1362) Concurrent Rebuild Remembered Sets and Scrub Regions 414.328ms
[4607.342s][info][gc,start       ] GC(1362) Pause Cleanup
[4607.342s][info][gc             ] GC(1362) Pause Cleanup 2941M->2941M(4096M) 0.114ms
[4607.342s][info][gc,cpu         ] GC(1362) User=0.00s Sys=0.00s Real=0.00s
[4607.342s][info][gc,marking     ] GC(1362) Concurrent Clear Claimed Marks
[4607.342s][info][gc,marking     ] GC(1362) Concurrent Clear Claimed Marks 0.027ms
[4607.342s][info][gc,marking     ] GC(1362) Concurrent Cleanup for Next Mark
[4607.353s][info][gc,marking     ] GC(1362) Concurrent Cleanup for Next Mark 11.257ms
[4607.353s][info][gc             ] GC(1362) Concurrent Mark Cycle 1623.071ms
.[4607.870s][info][gc,start       ] GC(1363) Pause Young (Prepare Mixed) (G1 Evacuation Pause)
[4607.870s][info][gc,task        ] GC(1363) Using 6 workers of 6 for evacuation
[4607.988s][info][gc,phases      ] GC(1363)   Pre Evacuate Collection Set: 0.32ms
[4607.988s][info][gc,phases      ] GC(1363)   Merge Heap Roots: 0.50ms
[4607.988s][info][gc,phases      ] GC(1363)   Evacuate Collection Set: 116.13ms
[4607.988s][info][gc,phases      ] GC(1363)   Post Evacuate Collection Set: 0.95ms
[4607.988s][info][gc,phases      ] GC(1363)   Other: 0.10ms
[4607.988s][info][gc,heap        ] GC(1363) Eden regions: 1113->0(1106)
[4607.988s][info][gc,heap        ] GC(1363) Survivor regions: 115->110(154)
[4607.988s][info][gc,heap        ] GC(1363) Old regions: 507->539
[4607.988s][info][gc,heap        ] GC(1363) Humongous regions: 80->80
[4607.988s][info][gc,metaspace   ] GC(1363) Metaspace: 28941K(29312K)->28941K(29312K) NonClass: 24073K(24256K)->24073K(24256K) Class: 4868K(5056K)->4868K(5056K)
[4607.988s][info][gc             ] GC(1363) Pause Young (Prepare Mixed) (G1 Evacuation Pause) 3627M->1457M(4096M) 118.130ms
[4607.988s][info][gc,cpu         ] GC(1363) User=0.70s Sys=0.01s Real=0.12s
..[4610.097s][info][gc,start       ] GC(1364) Pause Young (Mixed) (G1 Evacuation Pause)
[4610.097s][info][gc,task        ] GC(1364) Using 6 workers of 6 for evacuation
[4610.237s][info][gc,phases      ] GC(1364)   Pre Evacuate Collection Set: 0.34ms
[4610.237s][info][gc,phases      ] GC(1364)   Merge Heap Roots: 0.65ms
[4610.237s][info][gc,phases      ] GC(1364)   Evacuate Collection Set: 137.78ms
[4610.237s][info][gc,phases      ] GC(1364)   Post Evacuate Collection Set: 0.95ms
[4610.237s][info][gc,phases      ] GC(1364)   Other: 0.09ms
[4610.237s][info][gc,heap        ] GC(1364) Eden regions: 1106->0(1113)
[4610.237s][info][gc,heap        ] GC(1364) Survivor regions: 110->115(152)
[4610.237s][info][gc,heap        ] GC(1364) Old regions: 539->476
[4610.237s][info][gc,heap        ] GC(1364) Humongous regions: 80->80
[4610.237s][info][gc,metaspace   ] GC(1364) Metaspace: 28941K(29312K)->28941K(29312K) NonClass: 24073K(24256K)->24073K(24256K) Class: 4868K(5056K)->4868K(5056K)
[4610.237s][info][gc             ] GC(1364) Pause Young (Mixed) (G1 Evacuation Pause) 3669M->1340M(4096M) 139.956ms
[4610.237s][info][gc,cpu         ] GC(1364) User=0.83s Sys=0.00s Real=0.14s
..[4612.391s][info][gc,start       ] GC(1365) Pause Young (Concurrent Start) (G1 Evacuation Pause)
[4612.391s][info][gc,task        ] GC(1365) Using 6 workers of 6 for evacuation
[4612.513s][info][gc,phases      ] GC(1365)   Pre Evacuate Collection Set: 0.36ms
[4612.513s][info][gc,phases      ] GC(1365)   Merge Heap Roots: 0.49ms
[4612.513s][info][gc,phases      ] GC(1365)   Evacuate Collection Set: 119.48ms
[4612.513s][info][gc,phases      ] GC(1365)   Post Evacuate Collection Set: 0.91ms
[4612.513s][info][gc,phases      ] GC(1365)   Other: 0.12ms
[4612.513s][info][gc,heap        ] GC(1365) Eden regions: 1113->0(1116)
[4612.513s][info][gc,heap        ] GC(1365) Survivor regions: 115->112(154)
[4612.513s][info][gc,heap        ] GC(1365) Old regions: 476->507
[4612.513s][info][gc,heap        ] GC(1365) Humongous regions: 80->80
[4612.513s][info][gc,metaspace   ] GC(1365) Metaspace: 28941K(29312K)->28941K(29312K) NonClass: 24073K(24256K)->24073K(24256K) Class: 4868K(5056K)->4868K(5056K)
[4612.513s][info][gc             ] GC(1365) Pause Young (Concurrent Start) (G1 Evacuation Pause) 3566M->1395M(4096M) 121.481ms
[4612.513s][info][gc             ] GC(1366) Concurrent Mark Cycle
[4612.513s][info][gc,marking     ] GC(1366) Concurrent Scan Root Regions
[4612.513s][info][gc,cpu         ] GC(1365) User=0.72s Sys=0.00s Real=0.13s
.[4612.699s][info][gc,marking     ] GC(1366) Concurrent Scan Root Regions 185.575ms
[4612.699s][info][gc,marking     ] GC(1366) Concurrent Mark
[4612.699s][info][gc,marking     ] GC(1366) Concurrent Mark From Roots
[4612.699s][info][gc,task        ] GC(1366) Using 2 workers of 2 for marking
.[4613.662s][info][gc,marking     ] GC(1366) Concurrent Mark From Roots 963.482ms
[4613.662s][info][gc,marking     ] GC(1366) Concurrent Preclean
[4613.662s][info][gc,marking     ] GC(1366) Concurrent Preclean 0.143ms
[4613.663s][info][gc,start       ] GC(1366) Pause Remark
[4613.671s][info][gc             ] GC(1366) Pause Remark 2489M->2489M(4096M) 7.610ms
[4613.671s][info][gc,cpu         ] GC(1366) User=0.04s Sys=0.00s Real=0.00s
[4613.672s][info][gc,marking     ] GC(1366) Concurrent Mark 973.303ms
[4613.672s][info][gc,marking     ] GC(1366) Concurrent Rebuild Remembered Sets and Scrub Regions
[4614.040s][info][gc,marking     ] GC(1366) Concurrent Rebuild Remembered Sets and Scrub Regions 368.271ms
[4614.041s][info][gc,start       ] GC(1366) Pause Cleanup
[4614.041s][info][gc             ] GC(1366) Pause Cleanup 2899M->2899M(4096M) 0.125ms
[4614.041s][info][gc,cpu         ] GC(1366) User=0.00s Sys=0.00s Real=0.00s
[4614.042s][info][gc,marking     ] GC(1366) Concurrent Clear Claimed Marks
[4614.042s][info][gc,marking     ] GC(1366) Concurrent Clear Claimed Marks 0.033ms
[4614.042s][info][gc,marking     ] GC(1366) Concurrent Cleanup for Next Mark
[4614.051s][info][gc,marking     ] GC(1366) Concurrent Cleanup for Next Mark 9.556ms
[4614.051s][info][gc             ] GC(1366) Concurrent Mark Cycle 1538.351ms
[4614.623s][info][gc,start       ] GC(1367) Pause Young (Prepare Mixed) (G1 Evacuation Pause)
[4614.623s][info][gc,task        ] GC(1367) Using 6 workers of 6 for evacuation
[4614.741s][info][gc,phases      ] GC(1367)   Pre Evacuate Collection Set: 0.33ms
[4614.741s][info][gc,phases      ] GC(1367)   Merge Heap Roots: 0.55ms
[4614.741s][info][gc,phases      ] GC(1367)   Evacuate Collection Set: 115.17ms
[4614.741s][info][gc,phases      ] GC(1367)   Post Evacuate Collection Set: 0.93ms
[4614.741s][info][gc,phases      ] GC(1367)   Other: 0.09ms
[4614.741s][info][gc,heap        ] GC(1367) Eden regions: 1116->0(1104)
[4614.741s][info][gc,heap        ] GC(1367) Survivor regions: 112->111(154)
[4614.741s][info][gc,heap        ] GC(1367) Old regions: 507->539
[4614.741s][info][gc,heap        ] GC(1367) Humongous regions: 80->80
[4614.741s][info][gc,metaspace   ] GC(1367) Metaspace: 28941K(29312K)->28941K(29312K) NonClass: 24073K(24256K)->24073K(24256K) Class: 4868K(5056K)->4868K(5056K)
[4614.741s][info][gc             ] GC(1367) Pause Young (Prepare Mixed) (G1 Evacuation Pause) 3627M->1457M(4096M) 117.202ms
[4614.741s][info][gc,cpu         ] GC(1367) User=0.69s Sys=0.00s Real=0.11s
...[4616.865s][info][gc,start       ] GC(1368) Pause Young (Mixed) (G1 Evacuation Pause)
[4616.865s][info][gc,task        ] GC(1368) Using 6 workers of 6 for evacuation
[4617.006s][info][gc,phases      ] GC(1368)   Pre Evacuate Collection Set: 0.37ms
[4617.006s][info][gc,phases      ] GC(1368)   Merge Heap Roots: 0.66ms
[4617.006s][info][gc,phases      ] GC(1368)   Evacuate Collection Set: 138.26ms
[4617.006s][info][gc,phases      ] GC(1368)   Post Evacuate Collection Set: 0.97ms
[4617.006s][info][gc,phases      ] GC(1368)   Other: 0.09ms
[4617.006s][info][gc,heap        ] GC(1368) Eden regions: 1104->0(1114)
[4617.006s][info][gc,heap        ] GC(1368) Survivor regions: 111->114(152)
[4617.006s][info][gc,heap        ] GC(1368) Old regions: 539->474
[4617.006s][info][gc,heap        ] GC(1368) Humongous regions: 80->80
[4617.006s][info][gc,metaspace   ] GC(1368) Metaspace: 28941K(29312K)->28941K(29312K) NonClass: 24073K(24256K)->24073K(24256K) Class: 4868K(5056K)->4868K(5056K)
[4617.006s][info][gc             ] GC(1368) Pause Young (Mixed) (G1 Evacuation Pause) 3665M->1334M(4096M) 140.477ms
[4617.006s][info][gc,cpu         ] GC(1368) User=0.83s Sys=0.00s Real=0.14s
..[4619.138s][info][gc,start       ] GC(1369) Pause Young (Concurrent Start) (G1 Evacuation Pause)
[4619.138s][info][gc,task        ] GC(1369) Using 6 workers of 6 for evacuation
[4619.255s][info][gc,phases      ] GC(1369)   Pre Evacuate Collection Set: 0.37ms
[4619.255s][info][gc,phases      ] GC(1369)   Merge Heap Roots: 0.45ms
[4619.255s][info][gc,phases      ] GC(1369)   Evacuate Collection Set: 115.62ms
[4619.255s][info][gc,phases      ] GC(1369)   Post Evacuate Collection Set: 0.79ms
[4619.255s][info][gc,phases      ] GC(1369)   Other: 0.11ms
[4619.255s][info][gc,heap        ] GC(1369) Eden regions: 1114->0(1119)
[4619.255s][info][gc,heap        ] GC(1369) Survivor regions: 114->109(154)
[4619.255s][info][gc,heap        ] GC(1369) Old regions: 474->506
[4619.255s][info][gc,heap        ] GC(1369) Humongous regions: 80->80
[4619.255s][info][gc,metaspace   ] GC(1369) Metaspace: 28941K(29312K)->28941K(29312K) NonClass: 24073K(24256K)->24073K(24256K) Class: 4868K(5056K)->4868K(5056K)
[4619.255s][info][gc             ] GC(1369) Pause Young (Concurrent Start) (G1 Evacuation Pause) 3562M->1387M(4096M) 117.485ms
[4619.255s][info][gc             ] GC(1370) Concurrent Mark Cycle
[4619.255s][info][gc,marking     ] GC(1370) Concurrent Scan Root Regions
[4619.255s][info][gc,cpu         ] GC(1369) User=0.69s Sys=0.01s Real=0.12s
[4619.380s][info][gc,marking     ] GC(1370) Concurrent Scan Root Regions 124.699ms
[4619.380s][info][gc,marking     ] GC(1370) Concurrent Mark
[4619.380s][info][gc,marking     ] GC(1370) Concurrent Mark From Roots
[4619.380s][info][gc,task        ] GC(1370) Using 2 workers of 2 for marking
.[4619.997s][info][gc,marking     ] GC(1370) Concurrent Mark From Roots 616.484ms
[4619.997s][info][gc,marking     ] GC(1370) Concurrent Preclean
[4619.997s][info][gc,marking     ] GC(1370) Concurrent Preclean 0.131ms
[4619.998s][info][gc,start       ] GC(1370) Pause Remark
[4620.002s][info][gc             ] GC(1370) Pause Remark 1968M->1968M(4096M) 4.607ms
[4620.002s][info][gc,cpu         ] GC(1370) User=0.03s Sys=0.00s Real=0.01s
[4620.005s][info][gc,marking     ] GC(1370) Concurrent Mark 625.389ms
[4620.005s][info][gc,marking     ] GC(1370) Concurrent Rebuild Remembered Sets and Scrub Regions
[4620.301s][info][gc,marking     ] GC(1370) Concurrent Rebuild Remembered Sets and Scrub Regions 295.912ms
[4620.302s][info][gc,start       ] GC(1370) Pause Cleanup
[4620.302s][info][gc             ] GC(1370) Pause Cleanup 2249M->2249M(4096M) 0.114ms
[4620.302s][info][gc,cpu         ] GC(1370) User=0.00s Sys=0.00s Real=0.00s
[4620.302s][info][gc,marking     ] GC(1370) Concurrent Clear Claimed Marks
[4620.302s][info][gc,marking     ] GC(1370) Concurrent Clear Claimed Marks 0.037ms
[4620.302s][info][gc,marking     ] GC(1370) Concurrent Cleanup for Next Mark
[4620.307s][info][gc,marking     ] GC(1370) Concurrent Cleanup for Next Mark 5.043ms
[4620.307s][info][gc             ] GC(1370) Concurrent Mark Cycle 1052.166ms
.[4621.469s][info][gc,start       ] GC(1371) Pause Young (Prepare Mixed) (G1 Evacuation Pause)
[4621.469s][info][gc,task        ] GC(1371) Using 6 workers of 6 for evacuation
[4621.587s][info][gc,phases      ] GC(1371)   Pre Evacuate Collection Set: 0.34ms
[4621.587s][info][gc,phases      ] GC(1371)   Merge Heap Roots: 0.51ms
[4621.587s][info][gc,phases      ] GC(1371)   Evacuate Collection Set: 116.14ms
[4621.587s][info][gc,phases      ] GC(1371)   Post Evacuate Collection Set: 0.94ms
[4621.587s][info][gc,phases      ] GC(1371)   Other: 0.09ms
[4621.587s][info][gc,heap        ] GC(1371) Eden regions: 1119->0(1106)
[4621.587s][info][gc,heap        ] GC(1371) Survivor regions: 109->111(154)
[4621.587s][info][gc,heap        ] GC(1371) Old regions: 506->537
[4621.587s][info][gc,heap        ] GC(1371) Humongous regions: 80->80
[4621.587s][info][gc,metaspace   ] GC(1371) Metaspace: 28941K(29312K)->28941K(29312K) NonClass: 24073K(24256K)->24073K(24256K) Class: 4868K(5056K)->4868K(5056K)
[4621.587s][info][gc             ] GC(1371) Pause Young (Prepare Mixed) (G1 Evacuation Pause) 3625M->1453M(4096M) 118.145ms
[4621.587s][info][gc,cpu         ] GC(1371) User=0.69s Sys=0.00s Real=0.12s
..[4623.690s][info][gc,start       ] GC(1372) Pause Young (Mixed) (G1 Evacuation Pause)
[4623.690s][info][gc,task        ] GC(1372) Using 6 workers of 6 for evacuation
[4623.827s][info][gc,phases      ] GC(1372)   Pre Evacuate Collection Set: 0.38ms
[4623.827s][info][gc,phases      ] GC(1372)   Merge Heap Roots: 0.64ms
[4623.827s][info][gc,phases      ] GC(1372)   Evacuate Collection Set: 134.79ms
[4623.827s][info][gc,phases      ] GC(1372)   Post Evacuate Collection Set: 0.97ms
[4623.827s][info][gc,phases      ] GC(1372)   Other: 0.09ms
[4623.827s][info][gc,heap        ] GC(1372) Eden regions: 1106->0(1114)
[4623.827s][info][gc,heap        ] GC(1372) Survivor regions: 111->114(153)
[4623.827s][info][gc,heap        ] GC(1372) Old regions: 537->473
[4623.827s][info][gc,heap        ] GC(1372) Humongous regions: 80->80
[4623.827s][info][gc,metaspace   ] GC(1372) Metaspace: 28941K(29312K)->28941K(29312K) NonClass: 24073K(24256K)->24073K(24256K) Class: 4868K(5056K)->4868K(5056K)
[4623.827s][info][gc             ] GC(1372) Pause Young (Mixed) (G1 Evacuation Pause) 3665M->1332M(4096M) 137.023ms
[4623.827s][info][gc,cpu         ] GC(1372) User=0.81s Sys=0.00s Real=0.14s
...[4625.999s][info][gc,start       ] GC(1373) Pause Young (Concurrent Start) (G1 Evacuation Pause)
[4625.999s][info][gc,task        ] GC(1373) Using 6 workers of 6 for evacuation
[4626.118s][info][gc,phases      ] GC(1373)   Pre Evacuate Collection Set: 0.41ms
[4626.118s][info][gc,phases      ] GC(1373)   Merge Heap Roots: 0.44ms
[4626.118s][info][gc,phases      ] GC(1373)   Evacuate Collection Set: 116.90ms
[4626.118s][info][gc,phases      ] GC(1373)   Post Evacuate Collection Set: 0.88ms
[4626.118s][info][gc,phases      ] GC(1373)   Other: 0.10ms
[4626.118s][info][gc,heap        ] GC(1373) Eden regions: 1114->0(1116)
[4626.118s][info][gc,heap        ] GC(1373) Survivor regions: 114->112(154)
[4626.118s][info][gc,heap        ] GC(1373) Old regions: 473->505
[4626.118s][info][gc,heap        ] GC(1373) Humongous regions: 80->80
[4626.118s][info][gc,metaspace   ] GC(1373) Metaspace: 28941K(29312K)->28941K(29312K) NonClass: 24073K(24256K)->24073K(24256K) Class: 4868K(5056K)->4868K(5056K)
[4626.118s][info][gc             ] GC(1373) Pause Young (Concurrent Start) (G1 Evacuation Pause) 3560M->1391M(4096M) 118.851ms
[4626.118s][info][gc             ] GC(1374) Concurrent Mark Cycle
[4626.118s][info][gc,marking     ] GC(1374) Concurrent Scan Root Regions
[4626.118s][info][gc,cpu         ] GC(1373) User=0.70s Sys=0.01s Real=0.12s
[4626.310s][info][gc,marking     ] GC(1374) Concurrent Scan Root Regions 191.435ms
[4626.310s][info][gc,marking     ] GC(1374) Concurrent Mark
[4626.310s][info][gc,marking     ] GC(1374) Concurrent Mark From Roots
[4626.310s][info][gc,task        ] GC(1374) Using 2 workers of 2 for marking
.[4627.316s][info][gc,marking     ] GC(1374) Concurrent Mark From Roots 1006.583ms
[4627.316s][info][gc,marking     ] GC(1374) Concurrent Preclean
[4627.316s][info][gc,marking     ] GC(1374) Concurrent Preclean 0.114ms
[4627.318s][info][gc,start       ] GC(1374) Pause Remark
[4627.324s][info][gc             ] GC(1374) Pause Remark 2483M->2483M(4096M) 5.946ms
[4627.324s][info][gc,cpu         ] GC(1374) User=0.03s Sys=0.00s Real=0.01s
[4627.325s][info][gc,marking     ] GC(1374) Concurrent Mark 1015.579ms
[4627.325s][info][gc,marking     ] GC(1374) Concurrent Rebuild Remembered Sets and Scrub Regions
[4627.699s][info][gc,marking     ] GC(1374) Concurrent Rebuild Remembered Sets and Scrub Regions 373.650ms
[4627.699s][info][gc,start       ] GC(1374) Pause Cleanup
[4627.699s][info][gc             ] GC(1374) Pause Cleanup 2923M->2923M(4096M) 0.182ms
[4627.699s][info][gc,cpu         ] GC(1374) User=0.00s Sys=0.00s Real=0.00s
[4627.699s][info][gc,marking     ] GC(1374) Concurrent Clear Claimed Marks
[4627.699s][info][gc,marking     ] GC(1374) Concurrent Clear Claimed Marks 0.026ms
[4627.699s][info][gc,marking     ] GC(1374) Concurrent Cleanup for Next Mark
[4627.706s][info][gc,marking     ] GC(1374) Concurrent Cleanup for Next Mark 6.035ms
[4627.706s][info][gc             ] GC(1374) Concurrent Mark Cycle 1587.468ms
.[4628.218s][info][gc,start       ] GC(1375) Pause Young (Prepare Mixed) (G1 Evacuation Pause)
[4628.218s][info][gc,task        ] GC(1375) Using 6 workers of 6 for evacuation
[4628.336s][info][gc,phases      ] GC(1375)   Pre Evacuate Collection Set: 0.34ms
[4628.336s][info][gc,phases      ] GC(1375)   Merge Heap Roots: 0.48ms
[4628.336s][info][gc,phases      ] GC(1375)   Evacuate Collection Set: 116.09ms
[4628.336s][info][gc,phases      ] GC(1375)   Post Evacuate Collection Set: 0.92ms
[4628.336s][info][gc,phases      ] GC(1375)   Other: 0.09ms
[4628.336s][info][gc,heap        ] GC(1375) Eden regions: 1116->0(1109)
[4628.336s][info][gc,heap        ] GC(1375) Survivor regions: 112->110(154)
[4628.336s][info][gc,heap        ] GC(1375) Old regions: 505->536
[4628.336s][info][gc,heap        ] GC(1375) Humongous regions: 80->80
[4628.336s][info][gc,metaspace   ] GC(1375) Metaspace: 28941K(29312K)->28941K(29312K) NonClass: 24073K(24256K)->24073K(24256K) Class: 4868K(5056K)->4868K(5056K)
[4628.336s][info][gc             ] GC(1375) Pause Young (Prepare Mixed) (G1 Evacuation Pause) 3623M->1451M(4096M) 118.039ms
[4628.336s][info][gc,cpu         ] GC(1375) User=0.69s Sys=0.00s Real=0.12s
..[4630.443s][info][gc,start       ] GC(1376) Pause Young (Mixed) (G1 Evacuation Pause)
[4630.443s][info][gc,task        ] GC(1376) Using 6 workers of 6 for evacuation
[4630.581s][info][gc,phases      ] GC(1376)   Pre Evacuate Collection Set: 0.36ms
[4630.581s][info][gc,phases      ] GC(1376)   Merge Heap Roots: 0.68ms
[4630.581s][info][gc,phases      ] GC(1376)   Evacuate Collection Set: 136.75ms
[4630.581s][info][gc,phases      ] GC(1376)   Post Evacuate Collection Set: 0.92ms
[4630.581s][info][gc,phases      ] GC(1376)   Other: 0.09ms
[4630.581s][info][gc,heap        ] GC(1376) Eden regions: 1109->0(1116)
[4630.581s][info][gc,heap        ] GC(1376) Survivor regions: 110->112(153)
[4630.581s][info][gc,heap        ] GC(1376) Old regions: 536->474
[4630.581s][info][gc,heap        ] GC(1376) Humongous regions: 80->80
[4630.581s][info][gc,metaspace   ] GC(1376) Metaspace: 28941K(29312K)->28941K(29312K) NonClass: 24073K(24256K)->24073K(24256K) Class: 4868K(5056K)->4868K(5056K)
[4630.582s][info][gc             ] GC(1376) Pause Young (Mixed) (G1 Evacuation Pause) 3669M->1329M(4096M) 138.932ms
[4630.582s][info][gc,cpu         ] GC(1376) User=0.83s Sys=0.00s Real=0.13s
..[4632.706s][info][gc,start       ] GC(1377) Pause Young (Concurrent Start) (G1 Evacuation Pause)
[4632.706s][info][gc,task        ] GC(1377) Using 6 workers of 6 for evacuation
[4632.827s][info][gc,phases      ] GC(1377)   Pre Evacuate Collection Set: 0.39ms
[4632.827s][info][gc,phases      ] GC(1377)   Merge Heap Roots: 0.46ms
[4632.827s][info][gc,phases      ] GC(1377)   Evacuate Collection Set: 118.91ms
[4632.827s][info][gc,phases      ] GC(1377)   Post Evacuate Collection Set: 0.89ms
[4632.827s][info][gc,phases      ] GC(1377)   Other: 0.12ms
[4632.827s][info][gc,heap        ] GC(1377) Eden regions: 1116->0(1116)
[4632.827s][info][gc,heap        ] GC(1377) Survivor regions: 112->112(154)
[4632.827s][info][gc,heap        ] GC(1377) Old regions: 474->506
[4632.827s][info][gc,heap        ] GC(1377) Humongous regions: 80->80
[4632.827s][info][gc,metaspace   ] GC(1377) Metaspace: 28941K(29312K)->28941K(29312K) NonClass: 24073K(24256K)->24073K(24256K) Class: 4868K(5056K)->4868K(5056K)
[4632.827s][info][gc             ] GC(1377) Pause Young (Concurrent Start) (G1 Evacuation Pause) 3561M->1394M(4096M) 120.897ms
[4632.827s][info][gc             ] GC(1378) Concurrent Mark Cycle
[4632.827s][info][gc,marking     ] GC(1378) Concurrent Scan Root Regions
[4632.827s][info][gc,cpu         ] GC(1377) User=0.72s Sys=0.00s Real=0.12s
.[4633.027s][info][gc,marking     ] GC(1378) Concurrent Scan Root Regions 200.384ms
[4633.027s][info][gc,marking     ] GC(1378) Concurrent Mark
[4633.027s][info][gc,marking     ] GC(1378) Concurrent Mark From Roots
[4633.027s][info][gc,task        ] GC(1378) Using 2 workers of 2 for marking
[4633.974s][info][gc,marking     ] GC(1378) Concurrent Mark From Roots 946.698ms
[4633.974s][info][gc,marking     ] GC(1378) Concurrent Preclean
[4633.974s][info][gc,marking     ] GC(1378) Concurrent Preclean 0.116ms
[4633.976s][info][gc,start       ] GC(1378) Pause Remark
[4633.983s][info][gc             ] GC(1378) Pause Remark 2492M->2492M(4096M) 7.111ms
[4633.983s][info][gc,cpu         ] GC(1378) User=0.04s Sys=0.00s Real=0.01s
[4633.983s][info][gc,marking     ] GC(1378) Concurrent Mark 955.638ms
[4633.983s][info][gc,marking     ] GC(1378) Concurrent Rebuild Remembered Sets and Scrub Regions
.[4634.295s][info][gc,marking     ] GC(1378) Concurrent Rebuild Remembered Sets and Scrub Regions 311.981ms
[4634.295s][info][gc,start       ] GC(1378) Pause Cleanup
[4634.295s][info][gc             ] GC(1378) Pause Cleanup 2802M->2802M(4096M) 0.113ms
[4634.295s][info][gc,cpu         ] GC(1378) User=0.00s Sys=0.00s Real=0.00s
[4634.297s][info][gc,marking     ] GC(1378) Concurrent Clear Claimed Marks
[4634.297s][info][gc,marking     ] GC(1378) Concurrent Clear Claimed Marks 0.062ms
[4634.297s][info][gc,marking     ] GC(1378) Concurrent Cleanup for Next Mark
[4634.311s][info][gc,marking     ] GC(1378) Concurrent Cleanup for Next Mark 13.636ms
[4634.311s][info][gc             ] GC(1378) Concurrent Mark Cycle 1484.276ms
.[4635.029s][info][gc,start       ] GC(1379) Pause Young (Prepare Mixed) (G1 Evacuation Pause)
[4635.029s][info][gc,task        ] GC(1379) Using 6 workers of 6 for evacuation
[4635.148s][info][gc,phases      ] GC(1379)   Pre Evacuate Collection Set: 0.37ms
[4635.148s][info][gc,phases      ] GC(1379)   Merge Heap Roots: 0.55ms
[4635.148s][info][gc,phases      ] GC(1379)   Evacuate Collection Set: 117.53ms
[4635.148s][info][gc,phases      ] GC(1379)   Post Evacuate Collection Set: 0.90ms
[4635.148s][info][gc,phases      ] GC(1379)   Other: 0.09ms
[4635.148s][info][gc,heap        ] GC(1379) Eden regions: 1116->0(1103)
[4635.148s][info][gc,heap        ] GC(1379) Survivor regions: 112->112(154)
[4635.148s][info][gc,heap        ] GC(1379) Old regions: 506->538
[4635.148s][info][gc,heap        ] GC(1379) Humongous regions: 80->80
[4635.148s][info][gc,metaspace   ] GC(1379) Metaspace: 28941K(29312K)->28941K(29312K) NonClass: 24073K(24256K)->24073K(24256K) Class: 4868K(5056K)->4868K(5056K)
[4635.148s][info][gc             ] GC(1379) Pause Young (Prepare Mixed) (G1 Evacuation Pause) 3626M->1458M(4096M) 119.564ms
[4635.148s][info][gc,cpu         ] GC(1379) User=0.70s Sys=0.00s Real=0.12s
..[4637.220s][info][gc,start       ] GC(1380) Pause Young (Mixed) (G1 Evacuation Pause)
[4637.220s][info][gc,task        ] GC(1380) Using 6 workers of 6 for evacuation
[4637.356s][info][gc,phases      ] GC(1380)   Pre Evacuate Collection Set: 0.40ms
[4637.356s][info][gc,phases      ] GC(1380)   Merge Heap Roots: 0.63ms
[4637.356s][info][gc,phases      ] GC(1380)   Evacuate Collection Set: 133.82ms
[4637.356s][info][gc,phases      ] GC(1380)   Post Evacuate Collection Set: 0.93ms
[4637.356s][info][gc,phases      ] GC(1380)   Other: 0.09ms
[4637.356s][info][gc,heap        ] GC(1380) Eden regions: 1103->0(1118)
[4637.356s][info][gc,heap        ] GC(1380) Survivor regions: 112->110(152)
[4637.356s][info][gc,heap        ] GC(1380) Old regions: 538->475
[4637.356s][info][gc,heap        ] GC(1380) Humongous regions: 80->80
[4637.356s][info][gc,metaspace   ] GC(1380) Metaspace: 28941K(29312K)->28941K(29312K) NonClass: 24073K(24256K)->24073K(24256K) Class: 4868K(5056K)->4868K(5056K)
[4637.356s][info][gc             ] GC(1380) Pause Young (Mixed) (G1 Evacuation Pause) 3664M->1329M(4096M) 135.997ms
[4637.356s][info][gc,cpu         ] GC(1380) User=0.81s Sys=0.00s Real=0.14s
..[4639.530s][info][gc,start       ] GC(1381) Pause Young (Concurrent Start) (G1 Evacuation Pause)
[4639.530s][info][gc,task        ] GC(1381) Using 6 workers of 6 for evacuation
[4639.651s][info][gc,phases      ] GC(1381)   Pre Evacuate Collection Set: 0.38ms
[4639.651s][info][gc,phases      ] GC(1381)   Merge Heap Roots: 0.46ms
[4639.651s][info][gc,phases      ] GC(1381)   Evacuate Collection Set: 118.91ms
[4639.651s][info][gc,phases      ] GC(1381)   Post Evacuate Collection Set: 0.89ms
[4639.651s][info][gc,phases      ] GC(1381)   Other: 0.11ms
[4639.651s][info][gc,heap        ] GC(1381) Eden regions: 1118->0(1116)
[4639.651s][info][gc,heap        ] GC(1381) Survivor regions: 110->112(154)
[4639.651s][info][gc,heap        ] GC(1381) Old regions: 475->508
[4639.651s][info][gc,heap        ] GC(1381) Humongous regions: 80->80
[4639.651s][info][gc,metaspace   ] GC(1381) Metaspace: 28941K(29312K)->28941K(29312K) NonClass: 24073K(24256K)->24073K(24256K) Class: 4868K(5056K)->4868K(5056K)
[4639.651s][info][gc             ] GC(1381) Pause Young (Concurrent Start) (G1 Evacuation Pause) 3565M->1397M(4096M) 120.888ms
[4639.651s][info][gc             ] GC(1382) Concurrent Mark Cycle
[4639.651s][info][gc,marking     ] GC(1382) Concurrent Scan Root Regions
[4639.651s][info][gc,cpu         ] GC(1381) User=0.71s Sys=0.00s Real=0.12s
[4639.857s][info][gc,marking     ] GC(1382) Concurrent Scan Root Regions 205.656ms
[4639.857s][info][gc,marking     ] GC(1382) Concurrent Mark
[4639.857s][info][gc,marking     ] GC(1382) Concurrent Mark From Roots
[4639.857s][info][gc,task        ] GC(1382) Using 2 workers of 2 for marking
.[4640.701s][info][gc,marking     ] GC(1382) Concurrent Mark From Roots 844.484ms
[4640.701s][info][gc,marking     ] GC(1382) Concurrent Preclean
[4640.702s][info][gc,marking     ] GC(1382) Concurrent Preclean 0.143ms
[4640.704s][info][gc,start       ] GC(1382) Pause Remark
[4640.708s][info][gc             ] GC(1382) Pause Remark 2367M->2367M(4096M) 4.422ms
[4640.708s][info][gc,cpu         ] GC(1382) User=0.02s Sys=0.00s Real=0.00s
[4640.709s][info][gc,marking     ] GC(1382) Concurrent Mark 851.767ms
[4640.709s][info][gc,marking     ] GC(1382) Concurrent Rebuild Remembered Sets and Scrub Regions
[4640.996s][info][gc,marking     ] GC(1382) Concurrent Rebuild Remembered Sets and Scrub Regions 287.346ms
[4640.997s][info][gc,start       ] GC(1382) Pause Cleanup
[4640.997s][info][gc             ] GC(1382) Pause Cleanup 2627M->2627M(4096M) 0.126ms
[4640.997s][info][gc,cpu         ] GC(1382) User=0.00s Sys=0.00s Real=0.00s
[4640.997s][info][gc,marking     ] GC(1382) Concurrent Clear Claimed Marks
[4640.997s][info][gc,marking     ] GC(1382) Concurrent Clear Claimed Marks 0.029ms
[4640.997s][info][gc,marking     ] GC(1382) Concurrent Cleanup for Next Mark
[4641.006s][info][gc,marking     ] GC(1382) Concurrent Cleanup for Next Mark 8.782ms
[4641.006s][info][gc             ] GC(1382) Concurrent Mark Cycle 1354.991ms
.[4641.847s][info][gc,start       ] GC(1383) Pause Young (Prepare Mixed) (G1 Evacuation Pause)
[4641.847s][info][gc,task        ] GC(1383) Using 6 workers of 6 for evacuation
[4641.969s][info][gc,phases      ] GC(1383)   Pre Evacuate Collection Set: 0.35ms
[4641.969s][info][gc,phases      ] GC(1383)   Merge Heap Roots: 0.51ms
[4641.969s][info][gc,phases      ] GC(1383)   Evacuate Collection Set: 120.05ms
[4641.969s][info][gc,phases      ] GC(1383)   Post Evacuate Collection Set: 0.93ms
[4641.969s][info][gc,phases      ] GC(1383)   Other: 0.09ms
[4641.969s][info][gc,heap        ] GC(1383) Eden regions: 1116->0(1100)
[4641.969s][info][gc,heap        ] GC(1383) Survivor regions: 112->113(154)
[4641.969s][info][gc,heap        ] GC(1383) Old regions: 508->539
[4641.969s][info][gc,heap        ] GC(1383) Humongous regions: 80->80
[4641.969s][info][gc,metaspace   ] GC(1383) Metaspace: 28941K(29312K)->28941K(29312K) NonClass: 24073K(24256K)->24073K(24256K) Class: 4868K(5056K)->4868K(5056K)
[4641.969s][info][gc             ] GC(1383) Pause Young (Prepare Mixed) (G1 Evacuation Pause) 3629M->1462M(4096M) 122.044ms
[4641.969s][info][gc,cpu         ] GC(1383) User=0.72s Sys=0.00s Real=0.12s
..[4644.067s][info][gc,start       ] GC(1384) Pause Young (Mixed) (G1 Evacuation Pause)
[4644.067s][info][gc,task        ] GC(1384) Using 6 workers of 6 for evacuation
[4644.204s][info][gc,phases      ] GC(1384)   Pre Evacuate Collection Set: 0.39ms
[4644.204s][info][gc,phases      ] GC(1384)   Merge Heap Roots: 0.59ms
[4644.204s][info][gc,phases      ] GC(1384)   Evacuate Collection Set: 134.58ms
[4644.204s][info][gc,phases      ] GC(1384)   Post Evacuate Collection Set: 0.98ms
[4644.204s][info][gc,phases      ] GC(1384)   Other: 0.09ms
[4644.204s][info][gc,heap        ] GC(1384) Eden regions: 1100->0(1115)
[4644.204s][info][gc,heap        ] GC(1384) Survivor regions: 113->113(152)
[4644.204s][info][gc,heap        ] GC(1384) Old regions: 539->475
[4644.204s][info][gc,heap        ] GC(1384) Humongous regions: 80->80
[4644.204s][info][gc,metaspace   ] GC(1384) Metaspace: 28941K(29312K)->28941K(29312K) NonClass: 24073K(24256K)->24073K(24256K) Class: 4868K(5056K)->4868K(5056K)
[4644.204s][info][gc             ] GC(1384) Pause Young (Mixed) (G1 Evacuation Pause) 3662M->1333M(4096M) 136.767ms
[4644.204s][info][gc,cpu         ] GC(1384) User=0.81s Sys=0.00s Real=0.14s
...[4646.322s][info][gc,start       ] GC(1385) Pause Young (Concurrent Start) (G1 Evacuation Pause)
[4646.322s][info][gc,task        ] GC(1385) Using 6 workers of 6 for evacuation
[4646.436s][info][gc,phases      ] GC(1385)   Pre Evacuate Collection Set: 0.39ms
[4646.436s][info][gc,phases      ] GC(1385)   Merge Heap Roots: 0.43ms
[4646.436s][info][gc,phases      ] GC(1385)   Evacuate Collection Set: 112.66ms
[4646.436s][info][gc,phases      ] GC(1385)   Post Evacuate Collection Set: 0.89ms
[4646.436s][info][gc,phases      ] GC(1385)   Other: 0.12ms
[4646.436s][info][gc,heap        ] GC(1385) Eden regions: 1115->0(1121)
[4646.436s][info][gc,heap        ] GC(1385) Survivor regions: 113->107(154)
[4646.436s][info][gc,heap        ] GC(1385) Old regions: 475->507
[4646.436s][info][gc,heap        ] GC(1385) Humongous regions: 80->80
[4646.436s][info][gc,metaspace   ] GC(1385) Metaspace: 28941K(29312K)->28941K(29312K) NonClass: 24073K(24256K)->24073K(24256K) Class: 4868K(5056K)->4868K(5056K)
[4646.436s][info][gc             ] GC(1385) Pause Young (Concurrent Start) (G1 Evacuation Pause) 3563M->1386M(4096M) 114.629ms
[4646.437s][info][gc             ] GC(1386) Concurrent Mark Cycle
[4646.437s][info][gc,marking     ] GC(1386) Concurrent Scan Root Regions
[4646.437s][info][gc,cpu         ] GC(1385) User=0.67s Sys=0.00s Real=0.12s
[4646.589s][info][gc,marking     ] GC(1386) Concurrent Scan Root Regions 152.682ms
[4646.589s][info][gc,marking     ] GC(1386) Concurrent Mark
[4646.589s][info][gc,marking     ] GC(1386) Concurrent Mark From Roots
[4646.589s][info][gc,task        ] GC(1386) Using 2 workers of 2 for marking
.[4647.397s][info][gc,marking     ] GC(1386) Concurrent Mark From Roots 808.127ms
[4647.397s][info][gc,marking     ] GC(1386) Concurrent Preclean
[4647.398s][info][gc,marking     ] GC(1386) Concurrent Preclean 0.122ms
[4647.398s][info][gc,start       ] GC(1386) Pause Remark
[4647.405s][info][gc             ] GC(1386) Pause Remark 2289M->2289M(4096M) 6.527ms
[4647.405s][info][gc,cpu         ] GC(1386) User=0.03s Sys=0.00s Real=0.01s
[4647.407s][info][gc,marking     ] GC(1386) Concurrent Mark 818.165ms
[4647.407s][info][gc,marking     ] GC(1386) Concurrent Rebuild Remembered Sets and Scrub Regions
[4647.785s][info][gc,marking     ] GC(1386) Concurrent Rebuild Remembered Sets and Scrub Regions 377.682ms
[4647.788s][info][gc,start       ] GC(1386) Pause Cleanup
[4647.788s][info][gc             ] GC(1386) Pause Cleanup 2726M->2726M(4096M) 0.134ms
[4647.788s][info][gc,cpu         ] GC(1386) User=0.00s Sys=0.00s Real=0.00s
[4647.788s][info][gc,marking     ] GC(1386) Concurrent Clear Claimed Marks
[4647.788s][info][gc,marking     ] GC(1386) Concurrent Clear Claimed Marks 0.029ms
[4647.788s][info][gc,marking     ] GC(1386) Concurrent Cleanup for Next Mark
[4647.793s][info][gc,marking     ] GC(1386) Concurrent Cleanup for Next Mark 4.969ms
[4647.793s][info][gc             ] GC(1386) Concurrent Mark Cycle 1356.377ms
.[4648.599s][info][gc,start       ] GC(1387) Pause Young (Prepare Mixed) (G1 Evacuation Pause)
[4648.599s][info][gc,task        ] GC(1387) Using 6 workers of 6 for evacuation
[4648.721s][info][gc,phases      ] GC(1387)   Pre Evacuate Collection Set: 0.33ms
[4648.721s][info][gc,phases      ] GC(1387)   Merge Heap Roots: 0.49ms
[4648.721s][info][gc,phases      ] GC(1387)   Evacuate Collection Set: 120.19ms
[4648.721s][info][gc,phases      ] GC(1387)   Post Evacuate Collection Set: 0.89ms
[4648.721s][info][gc,phases      ] GC(1387)   Other: 0.09ms
[4648.721s][info][gc,heap        ] GC(1387) Eden regions: 1121->0(1095)
[4648.721s][info][gc,heap        ] GC(1387) Survivor regions: 107->116(154)
[4648.721s][info][gc,heap        ] GC(1387) Old regions: 507->538
[4648.721s][info][gc,heap        ] GC(1387) Humongous regions: 80->80
[4648.721s][info][gc,metaspace   ] GC(1387) Metaspace: 28941K(29312K)->28941K(29312K) NonClass: 24073K(24256K)->24073K(24256K) Class: 4868K(5056K)->4868K(5056K)
[4648.721s][info][gc             ] GC(1387) Pause Young (Prepare Mixed) (G1 Evacuation Pause) 3628M->1467M(4096M) 122.140ms
[4648.721s][info][gc,cpu         ] GC(1387) User=0.72s Sys=0.00s Real=0.12s
..[4650.791s][info][gc,start       ] GC(1388) Pause Young (Mixed) (G1 Evacuation Pause)
[4650.791s][info][gc,task        ] GC(1388) Using 6 workers of 6 for evacuation
[4650.928s][info][gc,phases      ] GC(1388)   Pre Evacuate Collection Set: 0.40ms
[4650.928s][info][gc,phases      ] GC(1388)   Merge Heap Roots: 0.72ms
[4650.928s][info][gc,phases      ] GC(1388)   Evacuate Collection Set: 135.59ms
[4650.928s][info][gc,phases      ] GC(1388)   Post Evacuate Collection Set: 0.94ms
[4650.928s][info][gc,phases      ] GC(1388)   Other: 0.08ms
[4650.928s][info][gc,heap        ] GC(1388) Eden regions: 1095->0(1116)
[4650.928s][info][gc,heap        ] GC(1388) Survivor regions: 116->112(152)
[4650.928s][info][gc,heap        ] GC(1388) Old regions: 538->477
[4650.928s][info][gc,heap        ] GC(1388) Humongous regions: 80->80
[4650.928s][info][gc,metaspace   ] GC(1388) Metaspace: 28941K(29312K)->28941K(29312K) NonClass: 24073K(24256K)->24073K(24256K) Class: 4868K(5056K)->4868K(5056K)
[4650.929s][info][gc             ] GC(1388) Pause Young (Mixed) (G1 Evacuation Pause) 3657M->1335M(4096M) 137.868ms
[4650.929s][info][gc,cpu         ] GC(1388) User=0.81s Sys=0.00s Real=0.14s
.. (rIR:aIR:PR = 8302:8280:8280) (tPR = 122240) [OK] 
  4652s: Performance info:
         Transaction,    Success,    Partial,     Failed,   Receipts, AvgBarcode, 
             Overall,     500470,          0,          0,     475260,      59.47, 
         Response times:
             Request,    Success,    Partial,     Failed,   SkipFail,     Probes,    Samples,      min,      p50,      p90,      p95,      p99,      max, 
       TotalPurchase,     475263,          0,          0,          0,     350303,     425193,      300,     7500,   127000,   178000,   272000,   660000,
     InStorePurchase,     249595,          0,          0,          0,     184638,     224064,      300,     7500,   128000,   177000,   270000,   660000,
      OnlinePurchase,     175139,          0,          0,          0,     128374,     156147,      300,     7500,   126000,   178000,   270520,   660000,
        InstPurchase,      50529,          0,          0,          0,      37291,      44982,      400,     8100,   129000,   183000,   278000,   660000,
          AssocOfCat,        506,          0,          0,          0,        404,        567,    30000,    55000,   206200,   273600,   335920,   486000,
      AssocOfProduct,       5018,          0,          0,          0,       3539,       4478,      600,     8300,   130000,   181000,   268210,   350000,
      BusinessReport,       1261,          0,          0,          0,       1102,       1433,    30000,    57000,   205000,   262200,   332660,   399000,
          CustBuyBeh,       5020,          0,          0,          0,       3474,       4444,      300,     7200,   113000,   174750,   266100,   343000,
       ProductReturn,      13421,          0,          0,          0,       9042,      11122,      200,     7000,   116000,   177000,   272000,   406000,

  4652s: (61%)   IR =   8441 [4653.037s][info][gc,start       ] GC(1389) Pause Young (Concurrent Start) (G1 Evacuation Pause)
[4653.037s][info][gc,task        ] GC(1389) Using 6 workers of 6 for evacuation
[4653.162s][info][gc,phases      ] GC(1389)   Pre Evacuate Collection Set: 0.36ms
[4653.162s][info][gc,phases      ] GC(1389)   Merge Heap Roots: 0.46ms
[4653.162s][info][gc,phases      ] GC(1389)   Evacuate Collection Set: 122.78ms
[4653.162s][info][gc,phases      ] GC(1389)   Post Evacuate Collection Set: 0.95ms
[4653.162s][info][gc,phases      ] GC(1389)   Other: 0.10ms
[4653.162s][info][gc,heap        ] GC(1389) Eden regions: 1116->0(1114)
[4653.162s][info][gc,heap        ] GC(1389) Survivor regions: 112->114(154)
[4653.162s][info][gc,heap        ] GC(1389) Old regions: 477->510
[4653.162s][info][gc,heap        ] GC(1389) Humongous regions: 80->80
[4653.162s][info][gc,metaspace   ] GC(1389) Metaspace: 28941K(29312K)->28941K(29312K) NonClass: 24073K(24256K)->24073K(24256K) Class: 4868K(5056K)->4868K(5056K)
[4653.162s][info][gc             ] GC(1389) Pause Young (Concurrent Start) (G1 Evacuation Pause) 3567M->1405M(4096M) 124.791ms
[4653.162s][info][gc             ] GC(1390) Concurrent Mark Cycle
[4653.162s][info][gc,marking     ] GC(1390) Concurrent Scan Root Regions
[4653.162s][info][gc,cpu         ] GC(1389) User=0.74s Sys=0.00s Real=0.12s
[4653.478s][info][gc,marking     ] GC(1390) Concurrent Scan Root Regions 316.025ms
[4653.478s][info][gc,marking     ] GC(1390) Concurrent Mark
[4653.478s][info][gc,marking     ] GC(1390) Concurrent Mark From Roots
[4653.478s][info][gc,task        ] GC(1390) Using 2 workers of 2 for marking
.[4654.543s][info][gc,marking     ] GC(1390) Concurrent Mark From Roots 1064.581ms
[4654.543s][info][gc,marking     ] GC(1390) Concurrent Preclean
[4654.543s][info][gc,marking     ] GC(1390) Concurrent Preclean 0.155ms
[4654.545s][info][gc,start       ] GC(1390) Pause Remark
[4654.551s][info][gc             ] GC(1390) Pause Remark 2635M->2635M(4096M) 6.257ms
[4654.551s][info][gc,cpu         ] GC(1390) User=0.04s Sys=0.00s Real=0.00s
[4654.552s][info][gc,marking     ] GC(1390) Concurrent Mark 1074.075ms
[4654.552s][info][gc,marking     ] GC(1390) Concurrent Rebuild Remembered Sets and Scrub Regions
.[4654.880s][info][gc,marking     ] GC(1390) Concurrent Rebuild Remembered Sets and Scrub Regions 327.877ms
[4654.881s][info][gc,start       ] GC(1390) Pause Cleanup
[4654.881s][info][gc             ] GC(1390) Pause Cleanup 3040M->3040M(4096M) 0.128ms
[4654.881s][info][gc,cpu         ] GC(1390) User=0.00s Sys=0.00s Real=0.00s
[4654.883s][info][gc,marking     ] GC(1390) Concurrent Clear Claimed Marks
[4654.883s][info][gc,marking     ] GC(1390) Concurrent Clear Claimed Marks 0.087ms
[4654.883s][info][gc,marking     ] GC(1390) Concurrent Cleanup for Next Mark
[4654.911s][info][gc,marking     ] GC(1390) Concurrent Cleanup for Next Mark 27.989ms
[4654.911s][info][gc             ] GC(1390) Concurrent Mark Cycle 1749.192ms
[4655.345s][info][gc,start       ] GC(1391) Pause Young (Prepare Mixed) (G1 Evacuation Pause)
[4655.345s][info][gc,task        ] GC(1391) Using 6 workers of 6 for evacuation
[4655.463s][info][gc,phases      ] GC(1391)   Pre Evacuate Collection Set: 0.34ms
[4655.463s][info][gc,phases      ] GC(1391)   Merge Heap Roots: 0.50ms
[4655.463s][info][gc,phases      ] GC(1391)   Evacuate Collection Set: 116.32ms
[4655.463s][info][gc,phases      ] GC(1391)   Post Evacuate Collection Set: 0.98ms
[4655.463s][info][gc,phases      ] GC(1391)   Other: 0.09ms
[4655.463s][info][gc,heap        ] GC(1391) Eden regions: 1114->0(1104)
[4655.463s][info][gc,heap        ] GC(1391) Survivor regions: 114->110(154)
[4655.463s][info][gc,heap        ] GC(1391) Old regions: 510->541
[4655.463s][info][gc,heap        ] GC(1391) Humongous regions: 80->80
[4655.463s][info][gc,metaspace   ] GC(1391) Metaspace: 28941K(29312K)->28941K(29312K) NonClass: 24073K(24256K)->24073K(24256K) Class: 4868K(5056K)->4868K(5056K)
[4655.463s][info][gc             ] GC(1391) Pause Young (Prepare Mixed) (G1 Evacuation Pause) 3633M->1459M(4096M) 118.369ms
[4655.463s][info][gc,cpu         ] GC(1391) User=0.70s Sys=0.00s Real=0.12s
..[4657.498s][info][gc,start       ] GC(1392) Pause Young (Mixed) (G1 Evacuation Pause)
[4657.498s][info][gc,task        ] GC(1392) Using 6 workers of 6 for evacuation
[4657.633s][info][gc,phases      ] GC(1392)   Pre Evacuate Collection Set: 0.46ms
[4657.633s][info][gc,phases      ] GC(1392)   Merge Heap Roots: 0.76ms
[4657.633s][info][gc,phases      ] GC(1392)   Evacuate Collection Set: 131.54ms
[4657.633s][info][gc,phases      ] GC(1392)   Post Evacuate Collection Set: 0.96ms
[4657.633s][info][gc,phases      ] GC(1392)   Other: 0.85ms
[4657.633s][info][gc,heap        ] GC(1392) Eden regions: 1104->0(1119)
[4657.633s][info][gc,heap        ] GC(1392) Survivor regions: 110->109(152)
[4657.633s][info][gc,heap        ] GC(1392) Old regions: 541->476
[4657.633s][info][gc,heap        ] GC(1392) Humongous regions: 80->80
[4657.633s][info][gc,metaspace   ] GC(1392) Metaspace: 28941K(29312K)->28941K(29312K) NonClass: 24073K(24256K)->24073K(24256K) Class: 4868K(5056K)->4868K(5056K)
[4657.633s][info][gc             ] GC(1392) Pause Young (Mixed) (G1 Evacuation Pause) 3667M->1328M(4096M) 134.718ms
[4657.633s][info][gc,cpu         ] GC(1392) User=0.79s Sys=0.00s Real=0.14s
..[4659.691s][info][gc,start       ] GC(1393) Pause Young (Concurrent Start) (G1 Evacuation Pause)
[4659.691s][info][gc,task        ] GC(1393) Using 6 workers of 6 for evacuation
[4659.814s][info][gc,phases      ] GC(1393)   Pre Evacuate Collection Set: 0.41ms
[4659.814s][info][gc,phases      ] GC(1393)   Merge Heap Roots: 0.47ms
[4659.814s][info][gc,phases      ] GC(1393)   Evacuate Collection Set: 121.08ms
[4659.814s][info][gc,phases      ] GC(1393)   Post Evacuate Collection Set: 0.88ms
[4659.814s][info][gc,phases      ] GC(1393)   Other: 0.09ms
[4659.814s][info][gc,heap        ] GC(1393) Eden regions: 1119->0(1115)
[4659.814s][info][gc,heap        ] GC(1393) Survivor regions: 109->113(154)
[4659.814s][info][gc,heap        ] GC(1393) Old regions: 476->508
[4659.814s][info][gc,heap        ] GC(1393) Humongous regions: 80->80
[4659.814s][info][gc,metaspace   ] GC(1393) Metaspace: 28941K(29312K)->28941K(29312K) NonClass: 24073K(24256K)->24073K(24256K) Class: 4868K(5056K)->4868K(5056K)
[4659.814s][info][gc             ] GC(1393) Pause Young (Concurrent Start) (G1 Evacuation Pause) 3566M->1400M(4096M) 123.067ms
[4659.814s][info][gc             ] GC(1394) Concurrent Mark Cycle
[4659.814s][info][gc,marking     ] GC(1394) Concurrent Scan Root Regions
[4659.814s][info][gc,cpu         ] GC(1393) User=0.73s Sys=0.00s Real=0.13s
.[4660.005s][info][gc,marking     ] GC(1394) Concurrent Scan Root Regions 190.912ms
[4660.005s][info][gc,marking     ] GC(1394) Concurrent Mark
[4660.005s][info][gc,marking     ] GC(1394) Concurrent Mark From Roots
[4660.005s][info][gc,task        ] GC(1394) Using 2 workers of 2 for marking
.[4661.096s][info][gc,marking     ] GC(1394) Concurrent Mark From Roots 1090.592ms
[4661.096s][info][gc,marking     ] GC(1394) Concurrent Preclean
[4661.096s][info][gc,marking     ] GC(1394) Concurrent Preclean 0.144ms
[4661.097s][info][gc,start       ] GC(1394) Pause Remark
[4661.100s][info][gc             ] GC(1394) Pause Remark 2620M->2620M(4096M) 3.228ms
[4661.100s][info][gc,cpu         ] GC(1394) User=0.01s Sys=0.00s Real=0.00s
[4661.101s][info][gc,marking     ] GC(1394) Concurrent Mark 1095.233ms
[4661.101s][info][gc,marking     ] GC(1394) Concurrent Rebuild Remembered Sets and Scrub Regions
[4661.436s][info][gc,marking     ] GC(1394) Concurrent Rebuild Remembered Sets and Scrub Regions 335.698ms
[4661.439s][info][gc,start       ] GC(1394) Pause Cleanup
[4661.439s][info][gc             ] GC(1394) Pause Cleanup 2892M->2892M(4096M) 0.133ms
[4661.439s][info][gc,cpu         ] GC(1394) User=0.00s Sys=0.00s Real=0.00s
[4661.439s][info][gc,marking     ] GC(1394) Concurrent Clear Claimed Marks
[4661.439s][info][gc,marking     ] GC(1394) Concurrent Clear Claimed Marks 0.035ms
[4661.439s][info][gc,marking     ] GC(1394) Concurrent Cleanup for Next Mark
[4661.444s][info][gc,marking     ] GC(1394) Concurrent Cleanup for Next Mark 5.084ms
[4661.444s][info][gc             ] GC(1394) Concurrent Mark Cycle 1630.019ms
.[4661.989s][info][gc,start       ] GC(1395) Pause Young (Prepare Mixed) (G1 Evacuation Pause)
[4661.989s][info][gc,task        ] GC(1395) Using 6 workers of 6 for evacuation
[4662.109s][info][gc,phases      ] GC(1395)   Pre Evacuate Collection Set: 0.38ms
[4662.109s][info][gc,phases      ] GC(1395)   Merge Heap Roots: 0.53ms
[4662.109s][info][gc,phases      ] GC(1395)   Evacuate Collection Set: 118.72ms
[4662.109s][info][gc,phases      ] GC(1395)   Post Evacuate Collection Set: 0.93ms
[4662.109s][info][gc,phases      ] GC(1395)   Other: 0.08ms
[4662.109s][info][gc,heap        ] GC(1395) Eden regions: 1115->0(1099)
[4662.109s][info][gc,heap        ] GC(1395) Survivor regions: 113->114(154)
[4662.110s][info][gc,heap        ] GC(1395) Old regions: 508->538
[4662.110s][info][gc,heap        ] GC(1395) Humongous regions: 80->80
[4662.110s][info][gc,metaspace   ] GC(1395) Metaspace: 28941K(29312K)->28941K(29312K) NonClass: 24073K(24256K)->24073K(24256K) Class: 4868K(5056K)->4868K(5056K)
[4662.110s][info][gc             ] GC(1395) Pause Young (Prepare Mixed) (G1 Evacuation Pause) 3630M->1462M(4096M) 120.774ms
[4662.110s][info][gc,cpu         ] GC(1395) User=0.71s Sys=0.00s Real=0.12s
..|[4664.202s][info][gc,start       ] GC(1396) Pause Young (Mixed) (G1 Evacuation Pause)
[4664.202s][info][gc,task        ] GC(1396) Using 6 workers of 6 for evacuation
[4664.339s][info][gc,phases      ] GC(1396)   Pre Evacuate Collection Set: 0.35ms
[4664.339s][info][gc,phases      ] GC(1396)   Merge Heap Roots: 0.65ms
[4664.339s][info][gc,phases      ] GC(1396)   Evacuate Collection Set: 134.06ms
[4664.339s][info][gc,phases      ] GC(1396)   Post Evacuate Collection Set: 0.99ms
[4664.339s][info][gc,phases      ] GC(1396)   Other: 0.09ms
[4664.339s][info][gc,heap        ] GC(1396) Eden regions: 1099->0(1117)
[4664.339s][info][gc,heap        ] GC(1396) Survivor regions: 114->111(152)
[4664.339s][info][gc,heap        ] GC(1396) Old regions: 538->474
[4664.339s][info][gc,heap        ] GC(1396) Humongous regions: 80->80
[4664.339s][info][gc,metaspace   ] GC(1396) Metaspace: 28941K(29312K)->28941K(29312K) NonClass: 24073K(24256K)->24073K(24256K) Class: 4868K(5056K)->4868K(5056K)
[4664.339s][info][gc             ] GC(1396) Pause Young (Mixed) (G1 Evacuation Pause) 3660M->1327M(4096M) 136.295ms
[4664.339s][info][gc,cpu         ] GC(1396) User=0.81s Sys=0.00s Real=0.13s
..[4666.353s][info][gc,start       ] GC(1397) Pause Young (Concurrent Start) (G1 Evacuation Pause)
[4666.353s][info][gc,task        ] GC(1397) Using 6 workers of 6 for evacuation
[4666.469s][info][gc,phases      ] GC(1397)   Pre Evacuate Collection Set: 0.39ms
[4666.469s][info][gc,phases      ] GC(1397)   Merge Heap Roots: 0.47ms
[4666.469s][info][gc,phases      ] GC(1397)   Evacuate Collection Set: 114.11ms
[4666.469s][info][gc,phases      ] GC(1397)   Post Evacuate Collection Set: 0.89ms
[4666.469s][info][gc,phases      ] GC(1397)   Other: 0.10ms
[4666.469s][info][gc,heap        ] GC(1397) Eden regions: 1117->0(1119)
[4666.469s][info][gc,heap        ] GC(1397) Survivor regions: 111->109(154)
[4666.469s][info][gc,heap        ] GC(1397) Old regions: 474->505
[4666.469s][info][gc,heap        ] GC(1397) Humongous regions: 80->80
[4666.469s][info][gc,metaspace   ] GC(1397) Metaspace: 28941K(29312K)->28941K(29312K) NonClass: 24073K(24256K)->24073K(24256K) Class: 4868K(5056K)->4868K(5056K)
[4666.469s][info][gc             ] GC(1397) Pause Young (Concurrent Start) (G1 Evacuation Pause) 3561M->1386M(4096M) 116.102ms
[4666.469s][info][gc             ] GC(1398) Concurrent Mark Cycle
[4666.469s][info][gc,marking     ] GC(1398) Concurrent Scan Root Regions
[4666.469s][info][gc,cpu         ] GC(1397) User=0.69s Sys=0.00s Real=0.11s
[4666.655s][info][gc,marking     ] GC(1398) Concurrent Scan Root Regions 185.810ms
[4666.655s][info][gc,marking     ] GC(1398) Concurrent Mark
[4666.655s][info][gc,marking     ] GC(1398) Concurrent Mark From Roots
[4666.655s][info][gc,task        ] GC(1398) Using 2 workers of 2 for marking
.[4667.646s][info][gc,marking     ] GC(1398) Concurrent Mark From Roots 990.422ms
[4667.646s][info][gc,marking     ] GC(1398) Concurrent Preclean
[4667.646s][info][gc,marking     ] GC(1398) Concurrent Preclean 0.141ms
[4667.649s][info][gc,start       ] GC(1398) Pause Remark
[4667.654s][info][gc             ] GC(1398) Pause Remark 2522M->2522M(4096M) 4.982ms
[4667.654s][info][gc,cpu         ] GC(1398) User=0.02s Sys=0.00s Real=0.01s
[4667.654s][info][gc,marking     ] GC(1398) Concurrent Mark 998.697ms
[4667.654s][info][gc,marking     ] GC(1398) Concurrent Rebuild Remembered Sets and Scrub Regions
.[4668.015s][info][gc,marking     ] GC(1398) Concurrent Rebuild Remembered Sets and Scrub Regions 360.729ms
[4668.015s][info][gc,start       ] GC(1398) Pause Cleanup
[4668.015s][info][gc             ] GC(1398) Pause Cleanup 2902M->2902M(4096M) 0.109ms
[4668.015s][info][gc,cpu         ] GC(1398) User=0.00s Sys=0.00s Real=0.00s
[4668.015s][info][gc,marking     ] GC(1398) Concurrent Clear Claimed Marks
[4668.015s][info][gc,marking     ] GC(1398) Concurrent Clear Claimed Marks 0.031ms
[4668.015s][info][gc,marking     ] GC(1398) Concurrent Cleanup for Next Mark
[4668.020s][info][gc,marking     ] GC(1398) Concurrent Cleanup for Next Mark 5.194ms
[4668.020s][info][gc             ] GC(1398) Concurrent Mark Cycle 1550.969ms
[4668.690s][info][gc,start       ] GC(1399) Pause Young (Prepare Mixed) (G1 Evacuation Pause)
[4668.690s][info][gc,task        ] GC(1399) Using 6 workers of 6 for evacuation
[4668.811s][info][gc,phases      ] GC(1399)   Pre Evacuate Collection Set: 0.33ms
[4668.811s][info][gc,phases      ] GC(1399)   Merge Heap Roots: 0.48ms
[4668.811s][info][gc,phases      ] GC(1399)   Evacuate Collection Set: 119.36ms
[4668.811s][info][gc,phases      ] GC(1399)   Post Evacuate Collection Set: 0.93ms
[4668.811s][info][gc,phases      ] GC(1399)   Other: 0.09ms
[4668.811s][info][gc,heap        ] GC(1399) Eden regions: 1119->0(1103)
[4668.811s][info][gc,heap        ] GC(1399) Survivor regions: 109->113(154)
[4668.811s][info][gc,heap        ] GC(1399) Old regions: 505->536
[4668.811s][info][gc,heap        ] GC(1399) Humongous regions: 80->80
[4668.811s][info][gc,metaspace   ] GC(1399) Metaspace: 28941K(29312K)->28941K(29312K) NonClass: 24073K(24256K)->24073K(24256K) Class: 4868K(5056K)->4868K(5056K)
[4668.811s][info][gc             ] GC(1399) Pause Young (Prepare Mixed) (G1 Evacuation Pause) 3624M->1457M(4096M) 121.325ms
[4668.811s][info][gc,cpu         ] GC(1399) User=0.72s Sys=0.00s Real=0.12s
..[4670.939s][info][gc,start       ] GC(1400) Pause Young (Mixed) (G1 Evacuation Pause)
[4670.939s][info][gc,task        ] GC(1400) Using 6 workers of 6 for evacuation
[4671.076s][info][gc,phases      ] GC(1400)   Pre Evacuate Collection Set: 0.42ms
[4671.076s][info][gc,phases      ] GC(1400)   Merge Heap Roots: 0.71ms
[4671.076s][info][gc,phases      ] GC(1400)   Evacuate Collection Set: 134.48ms
[4671.076s][info][gc,phases      ] GC(1400)   Post Evacuate Collection Set: 0.93ms
[4671.076s][info][gc,phases      ] GC(1400)   Other: 0.09ms
[4671.076s][info][gc,heap        ] GC(1400) Eden regions: 1103->0(1118)
[4671.076s][info][gc,heap        ] GC(1400) Survivor regions: 113->110(152)
[4671.076s][info][gc,heap        ] GC(1400) Old regions: 536->474
[4671.076s][info][gc,heap        ] GC(1400) Humongous regions: 80->80
[4671.076s][info][gc,metaspace   ] GC(1400) Metaspace: 28941K(29312K)->28941K(29312K) NonClass: 24073K(24256K)->24073K(24256K) Class: 4868K(5056K)->4868K(5056K)
[4671.076s][info][gc             ] GC(1400) Pause Young (Mixed) (G1 Evacuation Pause) 3663M->1327M(4096M) 136.755ms
[4671.076s][info][gc,cpu         ] GC(1400) User=0.81s Sys=0.00s Real=0.14s
...[4673.193s][info][gc,start       ] GC(1401) Pause Young (Concurrent Start) (G1 Evacuation Pause)
[4673.193s][info][gc,task        ] GC(1401) Using 6 workers of 6 for evacuation
[4673.309s][info][gc,phases      ] GC(1401)   Pre Evacuate Collection Set: 0.38ms
[4673.309s][info][gc,phases      ] GC(1401)   Merge Heap Roots: 0.46ms
[4673.309s][info][gc,phases      ] GC(1401)   Evacuate Collection Set: 114.03ms
[4673.309s][info][gc,phases      ] GC(1401)   Post Evacuate Collection Set: 0.88ms
[4673.309s][info][gc,phases      ] GC(1401)   Other: 0.11ms
[4673.309s][info][gc,heap        ] GC(1401) Eden regions: 1118->0(1120)
[4673.309s][info][gc,heap        ] GC(1401) Survivor regions: 110->108(154)
[4673.309s][info][gc,heap        ] GC(1401) Old regions: 474->506
[4673.309s][info][gc,heap        ] GC(1401) Humongous regions: 80->80
[4673.309s][info][gc,metaspace   ] GC(1401) Metaspace: 28941K(29312K)->28941K(29312K) NonClass: 24073K(24256K)->24073K(24256K) Class: 4868K(5056K)->4868K(5056K)
[4673.309s][info][gc             ] GC(1401) Pause Young (Concurrent Start) (G1 Evacuation Pause) 3563M->1386M(4096M) 116.020ms
[4673.309s][info][gc             ] GC(1402) Concurrent Mark Cycle
[4673.309s][info][gc,marking     ] GC(1402) Concurrent Scan Root Regions
[4673.309s][info][gc,cpu         ] GC(1401) User=0.68s Sys=0.00s Real=0.11s
[4673.516s][info][gc,marking     ] GC(1402) Concurrent Scan Root Regions 206.543ms
[4673.516s][info][gc,marking     ] GC(1402) Concurrent Mark
[4673.516s][info][gc,marking     ] GC(1402) Concurrent Mark From Roots
[4673.516s][info][gc,task        ] GC(1402) Using 2 workers of 2 for marking
.[4674.605s][info][gc,marking     ] GC(1402) Concurrent Mark From Roots 1088.540ms
[4674.605s][info][gc,marking     ] GC(1402) Concurrent Preclean
[4674.605s][info][gc,marking     ] GC(1402) Concurrent Preclean 0.140ms
[4674.608s][info][gc,start       ] GC(1402) Pause Remark
[4674.614s][info][gc             ] GC(1402) Pause Remark 2634M->2634M(4096M) 6.227ms
[4674.615s][info][gc,cpu         ] GC(1402) User=0.04s Sys=0.00s Real=0.01s
[4674.615s][info][gc,marking     ] GC(1402) Concurrent Mark 1098.917ms
[4674.615s][info][gc,marking     ] GC(1402) Concurrent Rebuild Remembered Sets and Scrub Regions
[4674.827s][info][gc,marking     ] GC(1402) Concurrent Rebuild Remembered Sets and Scrub Regions 211.774ms
[4674.827s][info][gc,start       ] GC(1402) Pause Cleanup
[4674.827s][info][gc             ] GC(1402) Pause Cleanup 2805M->2805M(4096M) 0.136ms
[4674.827s][info][gc,cpu         ] GC(1402) User=0.00s Sys=0.00s Real=0.00s
[4674.827s][info][gc,marking     ] GC(1402) Concurrent Clear Claimed Marks
[4674.827s][info][gc,marking     ] GC(1402) Concurrent Clear Claimed Marks 0.022ms
[4674.827s][info][gc,marking     ] GC(1402) Concurrent Cleanup for Next Mark
[4674.832s][info][gc,marking     ] GC(1402) Concurrent Cleanup for Next Mark 4.865ms
[4674.832s][info][gc             ] GC(1402) Concurrent Mark Cycle 1522.782ms
.[4675.498s][info][gc,start       ] GC(1403) Pause Young (Prepare Mixed) (G1 Evacuation Pause)
[4675.498s][info][gc,task        ] GC(1403) Using 6 workers of 6 for evacuation
[4675.620s][info][gc,phases      ] GC(1403)   Pre Evacuate Collection Set: 0.34ms
[4675.620s][info][gc,phases      ] GC(1403)   Merge Heap Roots: 0.47ms
[4675.620s][info][gc,phases      ] GC(1403)   Evacuate Collection Set: 119.99ms
[4675.620s][info][gc,phases      ] GC(1403)   Post Evacuate Collection Set: 0.93ms
[4675.620s][info][gc,phases      ] GC(1403)   Other: 0.09ms
[4675.620s][info][gc,heap        ] GC(1403) Eden regions: 1120->0(1099)
[4675.620s][info][gc,heap        ] GC(1403) Survivor regions: 108->114(154)
[4675.620s][info][gc,heap        ] GC(1403) Old regions: 506->538
[4675.620s][info][gc,heap        ] GC(1403) Humongous regions: 80->80
[4675.620s][info][gc,metaspace   ] GC(1403) Metaspace: 28941K(29312K)->28941K(29312K) NonClass: 24073K(24256K)->24073K(24256K) Class: 4868K(5056K)->4868K(5056K)
[4675.620s][info][gc             ] GC(1403) Pause Young (Prepare Mixed) (G1 Evacuation Pause) 3626M->1461M(4096M) 121.966ms
[4675.620s][info][gc,cpu         ] GC(1403) User=0.73s Sys=0.00s Real=0.12s
..[4677.692s][info][gc,start       ] GC(1404) Pause Young (Mixed) (G1 Evacuation Pause)
[4677.692s][info][gc,task        ] GC(1404) Using 6 workers of 6 for evacuation
[4677.827s][info][gc,phases      ] GC(1404)   Pre Evacuate Collection Set: 0.39ms
[4677.827s][info][gc,phases      ] GC(1404)   Merge Heap Roots: 0.63ms
[4677.827s][info][gc,phases      ] GC(1404)   Evacuate Collection Set: 132.96ms
[4677.827s][info][gc,phases      ] GC(1404)   Post Evacuate Collection Set: 1.01ms
[4677.827s][info][gc,phases      ] GC(1404)   Other: 0.09ms
[4677.827s][info][gc,heap        ] GC(1404) Eden regions: 1099->0(1115)
[4677.827s][info][gc,heap        ] GC(1404) Survivor regions: 114->113(152)
[4677.827s][info][gc,heap        ] GC(1404) Old regions: 538->477
[4677.827s][info][gc,heap        ] GC(1404) Humongous regions: 80->80
[4677.827s][info][gc,metaspace   ] GC(1404) Metaspace: 28941K(29312K)->28941K(29312K) NonClass: 24073K(24256K)->24073K(24256K) Class: 4868K(5056K)->4868K(5056K)
[4677.827s][info][gc             ] GC(1404) Pause Young (Mixed) (G1 Evacuation Pause) 3659M->1337M(4096M) 135.215ms
[4677.827s][info][gc,cpu         ] GC(1404) User=0.80s Sys=0.00s Real=0.14s
..[4679.946s][info][gc,start       ] GC(1405) Pause Young (Concurrent Start) (G1 Evacuation Pause)
[4679.946s][info][gc,task        ] GC(1405) Using 6 workers of 6 for evacuation
[4680.066s][info][gc,phases      ] GC(1405)   Pre Evacuate Collection Set: 0.38ms
[4680.066s][info][gc,phases      ] GC(1405)   Merge Heap Roots: 0.43ms
[4680.066s][info][gc,phases      ] GC(1405)   Evacuate Collection Set: 118.02ms
[4680.066s][info][gc,phases      ] GC(1405)   Post Evacuate Collection Set: 0.88ms
[4680.066s][info][gc,phases      ] GC(1405)   Other: 0.10ms
[4680.066s][info][gc,heap        ] GC(1405) Eden regions: 1115->0(1116)
[4680.066s][info][gc,heap        ] GC(1405) Survivor regions: 113->112(154)
[4680.066s][info][gc,heap        ] GC(1405) Old regions: 477->509
[4680.066s][info][gc,heap        ] GC(1405) Humongous regions: 80->80
[4680.066s][info][gc,metaspace   ] GC(1405) Metaspace: 28941K(29312K)->28941K(29312K) NonClass: 24073K(24256K)->24073K(24256K) Class: 4868K(5056K)->4868K(5056K)
[4680.066s][info][gc             ] GC(1405) Pause Young (Concurrent Start) (G1 Evacuation Pause) 3567M->1400M(4096M) 119.936ms
[4680.066s][info][gc             ] GC(1406) Concurrent Mark Cycle
[4680.066s][info][gc,marking     ] GC(1406) Concurrent Scan Root Regions
[4680.066s][info][gc,cpu         ] GC(1405) User=0.71s Sys=0.00s Real=0.12s
[4680.242s][info][gc,marking     ] GC(1406) Concurrent Scan Root Regions 176.132ms
[4680.242s][info][gc,marking     ] GC(1406) Concurrent Mark
[4680.242s][info][gc,marking     ] GC(1406) Concurrent Mark From Roots
[4680.242s][info][gc,task        ] GC(1406) Using 2 workers of 2 for marking
.[4681.320s][info][gc,marking     ] GC(1406) Concurrent Mark From Roots 1077.904ms
[4681.320s][info][gc,marking     ] GC(1406) Concurrent Preclean
[4681.320s][info][gc,marking     ] GC(1406) Concurrent Preclean 0.095ms
[4681.323s][info][gc,start       ] GC(1406) Pause Remark
[4681.330s][info][gc             ] GC(1406) Pause Remark 2614M->2614M(4096M) 7.223ms
[4681.330s][info][gc,cpu         ] GC(1406) User=0.04s Sys=0.00s Real=0.00s
[4681.330s][info][gc,marking     ] GC(1406) Concurrent Mark 1087.831ms
[4681.330s][info][gc,marking     ] GC(1406) Concurrent Rebuild Remembered Sets and Scrub Regions
.[4681.802s][info][gc,marking     ] GC(1406) Concurrent Rebuild Remembered Sets and Scrub Regions 472.220ms
[4681.804s][info][gc,start       ] GC(1406) Pause Cleanup
[4681.804s][info][gc             ] GC(1406) Pause Cleanup 3156M->3156M(4096M) 0.131ms
[4681.804s][info][gc,cpu         ] GC(1406) User=0.00s Sys=0.00s Real=0.00s
[4681.804s][info][gc,marking     ] GC(1406) Concurrent Clear Claimed Marks
[4681.804s][info][gc,marking     ] GC(1406) Concurrent Clear Claimed Marks 0.037ms
[4681.804s][info][gc,marking     ] GC(1406) Concurrent Cleanup for Next Mark
[4681.809s][info][gc,marking     ] GC(1406) Concurrent Cleanup for Next Mark 5.078ms
[4681.809s][info][gc             ] GC(1406) Concurrent Mark Cycle 1743.310ms
[4682.172s][info][gc,start       ] GC(1407) Pause Young (Prepare Mixed) (G1 Evacuation Pause)
[4682.173s][info][gc,task        ] GC(1407) Using 6 workers of 6 for evacuation
[4682.288s][info][gc,phases      ] GC(1407)   Pre Evacuate Collection Set: 0.35ms
[4682.288s][info][gc,phases      ] GC(1407)   Merge Heap Roots: 0.51ms
[4682.288s][info][gc,phases      ] GC(1407)   Evacuate Collection Set: 113.51ms
[4682.288s][info][gc,phases      ] GC(1407)   Post Evacuate Collection Set: 0.93ms
[4682.288s][info][gc,phases      ] GC(1407)   Other: 0.09ms
[4682.288s][info][gc,heap        ] GC(1407) Eden regions: 1116->0(1110)
[4682.288s][info][gc,heap        ] GC(1407) Survivor regions: 112->108(154)
[4682.288s][info][gc,heap        ] GC(1407) Old regions: 509->539
[4682.288s][info][gc,heap        ] GC(1407) Humongous regions: 80->80
[4682.288s][info][gc,metaspace   ] GC(1407) Metaspace: 28941K(29312K)->28941K(29312K) NonClass: 24073K(24256K)->24073K(24256K) Class: 4868K(5056K)->4868K(5056K)
[4682.288s][info][gc             ] GC(1407) Pause Young (Prepare Mixed) (G1 Evacuation Pause) 3632M->1452M(4096M) 115.539ms
[4682.288s][info][gc,cpu         ] GC(1407) User=0.69s Sys=0.00s Real=0.11s
..[4684.294s][info][gc,start       ] GC(1408) Pause Young (Mixed) (G1 Evacuation Pause)
[4684.294s][info][gc,task        ] GC(1408) Using 6 workers of 6 for evacuation
[4684.429s][info][gc,phases      ] GC(1408)   Pre Evacuate Collection Set: 0.37ms
[4684.429s][info][gc,phases      ] GC(1408)   Merge Heap Roots: 0.60ms
[4684.429s][info][gc,phases      ] GC(1408)   Evacuate Collection Set: 132.63ms
[4684.429s][info][gc,phases      ] GC(1408)   Post Evacuate Collection Set: 0.97ms
[4684.429s][info][gc,phases      ] GC(1408)   Other: 0.08ms
[4684.429s][info][gc,heap        ] GC(1408) Eden regions: 1110->0(1117)
[4684.429s][info][gc,heap        ] GC(1408) Survivor regions: 108->111(153)
[4684.429s][info][gc,heap        ] GC(1408) Old regions: 539->473
[4684.429s][info][gc,heap        ] GC(1408) Humongous regions: 80->80
[4684.429s][info][gc,metaspace   ] GC(1408) Metaspace: 28941K(29312K)->28941K(29312K) NonClass: 24073K(24256K)->24073K(24256K) Class: 4868K(5056K)->4868K(5056K)
[4684.429s][info][gc             ] GC(1408) Pause Young (Mixed) (G1 Evacuation Pause) 3672M->1325M(4096M) 134.793ms
[4684.429s][info][gc,cpu         ] GC(1408) User=0.80s Sys=0.00s Real=0.13s
..[4686.526s][info][gc,start       ] GC(1409) Pause Young (Concurrent Start) (G1 Evacuation Pause)
[4686.526s][info][gc,task        ] GC(1409) Using 6 workers of 6 for evacuation
[4686.647s][info][gc,phases      ] GC(1409)   Pre Evacuate Collection Set: 0.40ms
[4686.647s][info][gc,phases      ] GC(1409)   Merge Heap Roots: 0.47ms
[4686.647s][info][gc,phases      ] GC(1409)   Evacuate Collection Set: 119.11ms
[4686.647s][info][gc,phases      ] GC(1409)   Post Evacuate Collection Set: 0.89ms
[4686.647s][info][gc,phases      ] GC(1409)   Other: 0.11ms
[4686.647s][info][gc,heap        ] GC(1409) Eden regions: 1117->0(1116)
[4686.647s][info][gc,heap        ] GC(1409) Survivor regions: 111->112(154)
[4686.647s][info][gc,heap        ] GC(1409) Old regions: 473->505
[4686.647s][info][gc,heap        ] GC(1409) Humongous regions: 80->80
[4686.647s][info][gc,metaspace   ] GC(1409) Metaspace: 28941K(29312K)->28941K(29312K) NonClass: 24073K(24256K)->24073K(24256K) Class: 4868K(5056K)->4868K(5056K)
[4686.647s][info][gc             ] GC(1409) Pause Young (Concurrent Start) (G1 Evacuation Pause) 3559M->1392M(4096M) 121.097ms
[4686.647s][info][gc             ] GC(1410) Concurrent Mark Cycle
[4686.647s][info][gc,marking     ] GC(1410) Concurrent Scan Root Regions
[4686.647s][info][gc,cpu         ] GC(1409) User=0.71s Sys=0.00s Real=0.12s
.[4686.835s][info][gc,marking     ] GC(1410) Concurrent Scan Root Regions 188.311ms
[4686.836s][info][gc,marking     ] GC(1410) Concurrent Mark
[4686.836s][info][gc,marking     ] GC(1410) Concurrent Mark From Roots
[4686.836s][info][gc,task        ] GC(1410) Using 2 workers of 2 for marking
.[4687.857s][info][gc,marking     ] GC(1410) Concurrent Mark From Roots 1021.500ms
[4687.857s][info][gc,marking     ] GC(1410) Concurrent Preclean
[4687.857s][info][gc,marking     ] GC(1410) Concurrent Preclean 0.102ms
[4687.858s][info][gc,start       ] GC(1410) Pause Remark
[4687.865s][info][gc             ] GC(1410) Pause Remark 2594M->2594M(4096M) 6.240ms
[4687.865s][info][gc,cpu         ] GC(1410) User=0.04s Sys=0.00s Real=0.01s
[4687.865s][info][gc,marking     ] GC(1410) Concurrent Mark 1029.959ms
[4687.866s][info][gc,marking     ] GC(1410) Concurrent Rebuild Remembered Sets and Scrub Regions
[4688.154s][info][gc,marking     ] GC(1410) Concurrent Rebuild Remembered Sets and Scrub Regions 288.673ms
[4688.157s][info][gc,start       ] GC(1410) Pause Cleanup
[4688.157s][info][gc             ] GC(1410) Pause Cleanup 2890M->2890M(4096M) 0.153ms
[4688.157s][info][gc,cpu         ] GC(1410) User=0.00s Sys=0.00s Real=0.00s
[4688.157s][info][gc,marking     ] GC(1410) Concurrent Clear Claimed Marks
[4688.157s][info][gc,marking     ] GC(1410) Concurrent Clear Claimed Marks 0.031ms
[4688.157s][info][gc,marking     ] GC(1410) Concurrent Cleanup for Next Mark
[4688.162s][info][gc,marking     ] GC(1410) Concurrent Cleanup for Next Mark 4.800ms
[4688.162s][info][gc             ] GC(1410) Concurrent Mark Cycle 1514.518ms
[4688.716s][info][gc,start       ] GC(1411) Pause Young (Prepare Mixed) (G1 Evacuation Pause)
[4688.717s][info][gc,task        ] GC(1411) Using 6 workers of 6 for evacuation
[4688.836s][info][gc,phases      ] GC(1411)   Pre Evacuate Collection Set: 0.37ms
[4688.836s][info][gc,phases      ] GC(1411)   Merge Heap Roots: 0.56ms
[4688.836s][info][gc,phases      ] GC(1411)   Evacuate Collection Set: 117.00ms
[4688.836s][info][gc,phases      ] GC(1411)   Post Evacuate Collection Set: 0.92ms
[4688.836s][info][gc,phases      ] GC(1411)   Other: 0.09ms
[4688.836s][info][gc,heap        ] GC(1411) Eden regions: 1116->0(1105)
[4688.836s][info][gc,heap        ] GC(1411) Survivor regions: 112->112(154)
[4688.836s][info][gc,heap        ] GC(1411) Old regions: 505->536
[4688.836s][info][gc,heap        ] GC(1411) Humongous regions: 80->80
[4688.836s][info][gc,metaspace   ] GC(1411) Metaspace: 28941K(29312K)->28941K(29312K) NonClass: 24073K(24256K)->24073K(24256K) Class: 4868K(5056K)->4868K(5056K)
[4688.836s][info][gc             ] GC(1411) Pause Young (Prepare Mixed) (G1 Evacuation Pause) 3624M->1454M(4096M) 119.885ms
[4688.836s][info][gc,cpu         ] GC(1411) User=0.70s Sys=0.00s Real=0.12s
...[4690.888s][info][gc,start       ] GC(1412) Pause Young (Mixed) (G1 Evacuation Pause)
[4690.888s][info][gc,task        ] GC(1412) Using 6 workers of 6 for evacuation
[4691.029s][info][gc,phases      ] GC(1412)   Pre Evacuate Collection Set: 0.40ms
[4691.029s][info][gc,phases      ] GC(1412)   Merge Heap Roots: 0.65ms
[4691.029s][info][gc,phases      ] GC(1412)   Evacuate Collection Set: 139.06ms
[4691.029s][info][gc,phases      ] GC(1412)   Post Evacuate Collection Set: 0.95ms
[4691.029s][info][gc,phases      ] GC(1412)   Other: 0.09ms
[4691.029s][info][gc,heap        ] GC(1412) Eden regions: 1105->0(1113)
[4691.029s][info][gc,heap        ] GC(1412) Survivor regions: 112->115(153)
[4691.029s][info][gc,heap        ] GC(1412) Old regions: 536->475
[4691.029s][info][gc,heap        ] GC(1412) Humongous regions: 80->80
[4691.029s][info][gc,metaspace   ] GC(1412) Metaspace: 28941K(29312K)->28941K(29312K) NonClass: 24073K(24256K)->24073K(24256K) Class: 4868K(5056K)->4868K(5056K)
[4691.029s][info][gc             ] GC(1412) Pause Young (Mixed) (G1 Evacuation Pause) 3664M->1337M(4096M) 141.275ms
[4691.030s][info][gc,cpu         ] GC(1412) User=0.83s Sys=0.00s Real=0.14s
..[4693.120s][info][gc,start       ] GC(1413) Pause Young (Concurrent Start) (G1 Evacuation Pause)
[4693.120s][info][gc,task        ] GC(1413) Using 6 workers of 6 for evacuation
[4693.235s][info][gc,phases      ] GC(1413)   Pre Evacuate Collection Set: 0.40ms
[4693.235s][info][gc,phases      ] GC(1413)   Merge Heap Roots: 0.48ms
[4693.235s][info][gc,phases      ] GC(1413)   Evacuate Collection Set: 113.67ms
[4693.235s][info][gc,phases      ] GC(1413)   Post Evacuate Collection Set: 0.88ms
[4693.235s][info][gc,phases      ] GC(1413)   Other: 0.12ms
[4693.235s][info][gc,heap        ] GC(1413) Eden regions: 1113->0(1120)
[4693.235s][info][gc,heap        ] GC(1413) Survivor regions: 115->108(154)
[4693.235s][info][gc,heap        ] GC(1413) Old regions: 475->507
[4693.235s][info][gc,heap        ] GC(1413) Humongous regions: 80->80
[4693.235s][info][gc,metaspace   ] GC(1413) Metaspace: 28941K(29312K)->28941K(29312K) NonClass: 24073K(24256K)->24073K(24256K) Class: 4868K(5056K)->4868K(5056K)
[4693.235s][info][gc             ] GC(1413) Pause Young (Concurrent Start) (G1 Evacuation Pause) 3563M->1387M(4096M) 115.672ms
[4693.235s][info][gc             ] GC(1414) Concurrent Mark Cycle
[4693.235s][info][gc,marking     ] GC(1414) Concurrent Scan Root Regions
[4693.235s][info][gc,cpu         ] GC(1413) User=0.68s Sys=0.00s Real=0.12s
[4693.417s][info][gc,marking     ] GC(1414) Concurrent Scan Root Regions 181.949ms
[4693.417s][info][gc,marking     ] GC(1414) Concurrent Mark
[4693.417s][info][gc,marking     ] GC(1414) Concurrent Mark From Roots
[4693.417s][info][gc,task        ] GC(1414) Using 2 workers of 2 for marking
.[4694.431s][info][gc,marking     ] GC(1414) Concurrent Mark From Roots 1013.389ms
[4694.431s][info][gc,marking     ] GC(1414) Concurrent Preclean
[4694.431s][info][gc,marking     ] GC(1414) Concurrent Preclean 0.113ms
[4694.432s][info][gc,start       ] GC(1414) Pause Remark
[4694.440s][info][gc             ] GC(1414) Pause Remark 2495M->2495M(4096M) 7.888ms
[4694.440s][info][gc,cpu         ] GC(1414) User=0.04s Sys=0.00s Real=0.01s
[4694.440s][info][gc,marking     ] GC(1414) Concurrent Mark 1022.649ms
[4694.440s][info][gc,marking     ] GC(1414) Concurrent Rebuild Remembered Sets and Scrub Regions
[4694.714s][info][gc,marking     ] GC(1414) Concurrent Rebuild Remembered Sets and Scrub Regions 274.194ms
[4694.716s][info][gc,start       ] GC(1414) Pause Cleanup
[4694.716s][info][gc             ] GC(1414) Pause Cleanup 2739M->2739M(4096M) 0.133ms
[4694.716s][info][gc,cpu         ] GC(1414) User=0.00s Sys=0.00s Real=0.00s
[4694.716s][info][gc,marking     ] GC(1414) Concurrent Clear Claimed Marks
[4694.716s][info][gc,marking     ] GC(1414) Concurrent Clear Claimed Marks 0.028ms
[4694.716s][info][gc,marking     ] GC(1414) Concurrent Cleanup for Next Mark
[4694.721s][info][gc,marking     ] GC(1414) Concurrent Cleanup for Next Mark 5.346ms
[4694.721s][info][gc             ] GC(1414) Concurrent Mark Cycle 1486.083ms
.[4695.379s][info][gc,start       ] GC(1415) Pause Young (Prepare Mixed) (G1 Evacuation Pause)
[4695.379s][info][gc,task        ] GC(1415) Using 6 workers of 6 for evacuation
[4695.500s][info][gc,phases      ] GC(1415)   Pre Evacuate Collection Set: 0.35ms
[4695.500s][info][gc,phases      ] GC(1415)   Merge Heap Roots: 0.48ms
[4695.500s][info][gc,phases      ] GC(1415)   Evacuate Collection Set: 119.46ms
[4695.500s][info][gc,phases      ] GC(1415)   Post Evacuate Collection Set: 0.92ms
[4695.500s][info][gc,phases      ] GC(1415)   Other: 0.09ms
[4695.500s][info][gc,heap        ] GC(1415) Eden regions: 1120->0(1101)
[4695.500s][info][gc,heap        ] GC(1415) Survivor regions: 108->113(154)
[4695.500s][info][gc,heap        ] GC(1415) Old regions: 507->538
[4695.500s][info][gc,heap        ] GC(1415) Humongous regions: 80->80
[4695.500s][info][gc,metaspace   ] GC(1415) Metaspace: 28941K(29312K)->28941K(29312K) NonClass: 24073K(24256K)->24073K(24256K) Class: 4868K(5056K)->4868K(5056K)
[4695.500s][info][gc             ] GC(1415) Pause Young (Prepare Mixed) (G1 Evacuation Pause) 3627M->1460M(4096M) 121.430ms
[4695.500s][info][gc,cpu         ] GC(1415) User=0.72s Sys=0.00s Real=0.12s
..[4697.571s][info][gc,start       ] GC(1416) Pause Young (Mixed) (G1 Evacuation Pause)
[4697.571s][info][gc,task        ] GC(1416) Using 6 workers of 6 for evacuation
[4697.710s][info][gc,phases      ] GC(1416)   Pre Evacuate Collection Set: 0.37ms
[4697.710s][info][gc,phases      ] GC(1416)   Merge Heap Roots: 0.71ms
[4697.710s][info][gc,phases      ] GC(1416)   Evacuate Collection Set: 136.10ms
[4697.710s][info][gc,phases      ] GC(1416)   Post Evacuate Collection Set: 0.92ms
[4697.710s][info][gc,phases      ] GC(1416)   Other: 0.09ms
[4697.710s][info][gc,heap        ] GC(1416) Eden regions: 1101->0(1116)
[4697.710s][info][gc,heap        ] GC(1416) Survivor regions: 113->112(152)
[4697.710s][info][gc,heap        ] GC(1416) Old regions: 538->474
[4697.710s][info][gc,heap        ] GC(1416) Humongous regions: 80->80
[4697.710s][info][gc,metaspace   ] GC(1416) Metaspace: 28941K(29312K)->28941K(29312K) NonClass: 24073K(24256K)->24073K(24256K) Class: 4868K(5056K)->4868K(5056K)
[4697.710s][info][gc             ] GC(1416) Pause Young (Mixed) (G1 Evacuation Pause) 3662M->1329M(4096M) 138.310ms
[4697.710s][info][gc,cpu         ] GC(1416) User=0.82s Sys=0.00s Real=0.14s
..[4699.784s][info][gc,start       ] GC(1417) Pause Young (Concurrent Start) (G1 Evacuation Pause)
[4699.784s][info][gc,task        ] GC(1417) Using 6 workers of 6 for evacuation
[4699.905s][info][gc,phases      ] GC(1417)   Pre Evacuate Collection Set: 0.37ms
[4699.905s][info][gc,phases      ] GC(1417)   Merge Heap Roots: 0.42ms
[4699.905s][info][gc,phases      ] GC(1417)   Evacuate Collection Set: 119.69ms
[4699.905s][info][gc,phases      ] GC(1417)   Post Evacuate Collection Set: 0.88ms
[4699.905s][info][gc,phases      ] GC(1417)   Other: 0.12ms
[4699.905s][info][gc,heap        ] GC(1417) Eden regions: 1116->0(1115)
[4699.905s][info][gc,heap        ] GC(1417) Survivor regions: 112->113(154)
[4699.905s][info][gc,heap        ] GC(1417) Old regions: 474->506
[4699.905s][info][gc,heap        ] GC(1417) Humongous regions: 80->80
[4699.905s][info][gc,metaspace   ] GC(1417) Metaspace: 28941K(29312K)->28941K(29312K) NonClass: 24073K(24256K)->24073K(24256K) Class: 4868K(5056K)->4868K(5056K)
[4699.905s][info][gc             ] GC(1417) Pause Young (Concurrent Start) (G1 Evacuation Pause) 3561M->1396M(4096M) 121.597ms
[4699.906s][info][gc             ] GC(1418) Concurrent Mark Cycle
[4699.906s][info][gc,marking     ] GC(1418) Concurrent Scan Root Regions
[4699.906s][info][gc,cpu         ] GC(1417) User=0.72s Sys=0.00s Real=0.12s
[4700.058s][info][gc,marking     ] GC(1418) Concurrent Scan Root Regions 152.293ms
[4700.058s][info][gc,marking     ] GC(1418) Concurrent Mark
[4700.058s][info][gc,marking     ] GC(1418) Concurrent Mark From Roots
[4700.058s][info][gc,task        ] GC(1418) Using 2 workers of 2 for marking
.[4700.873s][info][gc,marking     ] GC(1418) Concurrent Mark From Roots 814.660ms
[4700.873s][info][gc,marking     ] GC(1418) Concurrent Preclean
[4700.873s][info][gc,marking     ] GC(1418) Concurrent Preclean 0.088ms
[4700.874s][info][gc,start       ] GC(1418) Pause Remark
[4700.878s][info][gc             ] GC(1418) Pause Remark 2308M->2308M(4096M) 4.616ms
[4700.878s][info][gc,cpu         ] GC(1418) User=0.03s Sys=0.00s Real=0.00s
[4700.879s][info][gc,marking     ] GC(1418) Concurrent Mark 821.300ms
[4700.879s][info][gc,marking     ] GC(1418) Concurrent Rebuild Remembered Sets and Scrub Regions
[4701.096s][info][gc,marking     ] GC(1418) Concurrent Rebuild Remembered Sets and Scrub Regions 216.910ms
[4701.096s][info][gc,start       ] GC(1418) Pause Cleanup
[4701.096s][info][gc             ] GC(1418) Pause Cleanup 2505M->2505M(4096M) 0.120ms
[4701.096s][info][gc,cpu         ] GC(1418) User=0.00s Sys=0.01s Real=0.00s
[4701.099s][info][gc,marking     ] GC(1418) Concurrent Clear Claimed Marks
[4701.099s][info][gc,marking     ] GC(1418) Concurrent Clear Claimed Marks 0.065ms
[4701.099s][info][gc,marking     ] GC(1418) Concurrent Cleanup for Next Mark
[4701.106s][info][gc,marking     ] GC(1418) Concurrent Cleanup for Next Mark 7.159ms
[4701.106s][info][gc             ] GC(1418) Concurrent Mark Cycle 1200.435ms
.[4702.009s][info][gc,start       ] GC(1419) Pause Young (Prepare Mixed) (G1 Evacuation Pause)
[4702.009s][info][gc,task        ] GC(1419) Using 6 workers of 6 for evacuation
[4702.127s][info][gc,phases      ] GC(1419)   Pre Evacuate Collection Set: 0.35ms
[4702.127s][info][gc,phases      ] GC(1419)   Merge Heap Roots: 0.50ms
[4702.127s][info][gc,phases      ] GC(1419)   Evacuate Collection Set: 115.94ms
[4702.127s][info][gc,phases      ] GC(1419)   Post Evacuate Collection Set: 0.95ms
[4702.127s][info][gc,phases      ] GC(1419)   Other: 0.09ms
[4702.127s][info][gc,heap        ] GC(1419) Eden regions: 1115->0(1105)
[4702.127s][info][gc,heap        ] GC(1419) Survivor regions: 113->111(154)
[4702.127s][info][gc,heap        ] GC(1419) Old regions: 506->538
[4702.127s][info][gc,heap        ] GC(1419) Humongous regions: 80->80
[4702.127s][info][gc,metaspace   ] GC(1419) Metaspace: 28941K(29312K)->28941K(29312K) NonClass: 24073K(24256K)->24073K(24256K) Class: 4868K(5056K)->4868K(5056K)
[4702.127s][info][gc             ] GC(1419) Pause Young (Prepare Mixed) (G1 Evacuation Pause) 3626M->1457M(4096M) 117.967ms
[4702.127s][info][gc,cpu         ] GC(1419) User=0.70s Sys=0.00s Real=0.12s
..[4704.269s][info][gc,start       ] GC(1420) Pause Young (Mixed) (G1 Evacuation Pause)
[4704.269s][info][gc,task        ] GC(1420) Using 6 workers of 6 for evacuation
[4704.402s][info][gc,phases      ] GC(1420)   Pre Evacuate Collection Set: 0.43ms
[4704.402s][info][gc,phases      ] GC(1420)   Merge Heap Roots: 0.78ms
[4704.402s][info][gc,phases      ] GC(1420)   Evacuate Collection Set: 130.09ms
[4704.402s][info][gc,phases      ] GC(1420)   Post Evacuate Collection Set: 0.97ms
[4704.402s][info][gc,phases      ] GC(1420)   Other: 0.84ms
[4704.402s][info][gc,heap        ] GC(1420) Eden regions: 1105->0(1121)
[4704.402s][info][gc,heap        ] GC(1420) Survivor regions: 111->107(152)
[4704.402s][info][gc,heap        ] GC(1420) Old regions: 538->477
[4704.402s][info][gc,heap        ] GC(1420) Humongous regions: 80->80
[4704.402s][info][gc,metaspace   ] GC(1420) Metaspace: 28941K(29312K)->28941K(29312K) NonClass: 24073K(24256K)->24073K(24256K) Class: 4868K(5056K)->4868K(5056K)
[4704.402s][info][gc             ] GC(1420) Pause Young (Mixed) (G1 Evacuation Pause) 3667M->1326M(4096M) 133.224ms
[4704.402s][info][gc,cpu         ] GC(1420) User=0.78s Sys=0.00s Real=0.13s
...[4706.608s][info][gc,start       ] GC(1421) Pause Young (Concurrent Start) (G1 Evacuation Pause)
[4706.608s][info][gc,task        ] GC(1421) Using 6 workers of 6 for evacuation
[4706.733s][info][gc,phases      ] GC(1421)   Pre Evacuate Collection Set: 0.37ms
[4706.733s][info][gc,phases      ] GC(1421)   Merge Heap Roots: 0.46ms
[4706.733s][info][gc,phases      ] GC(1421)   Evacuate Collection Set: 122.23ms
[4706.733s][info][gc,phases      ] GC(1421)   Post Evacuate Collection Set: 0.90ms
[4706.733s][info][gc,phases      ] GC(1421)   Other: 0.11ms
[4706.733s][info][gc,heap        ] GC(1421) Eden regions: 1121->0(1113)
[4706.733s][info][gc,heap        ] GC(1421) Survivor regions: 107->115(154)
[4706.733s][info][gc,heap        ] GC(1421) Old regions: 477->509
[4706.733s][info][gc,heap        ] GC(1421) Humongous regions: 80->80
[4706.733s][info][gc,metaspace   ] GC(1421) Metaspace: 28941K(29312K)->28941K(29312K) NonClass: 24073K(24256K)->24073K(24256K) Class: 4868K(5056K)->4868K(5056K)
[4706.733s][info][gc             ] GC(1421) Pause Young (Concurrent Start) (G1 Evacuation Pause) 3568M->1405M(4096M) 124.211ms
[4706.733s][info][gc             ] GC(1422) Concurrent Mark Cycle
[4706.733s][info][gc,marking     ] GC(1422) Concurrent Scan Root Regions
[4706.733s][info][gc,cpu         ] GC(1421) User=0.74s Sys=0.00s Real=0.13s
[4706.919s][info][gc,marking     ] GC(1422) Concurrent Scan Root Regions 186.526ms
[4706.919s][info][gc,marking     ] GC(1422) Concurrent Mark
[4706.919s][info][gc,marking     ] GC(1422) Concurrent Mark From Roots
[4706.919s][info][gc,task        ] GC(1422) Using 2 workers of 2 for marking
.[4707.658s][info][gc,marking     ] GC(1422) Concurrent Mark From Roots 738.962ms
[4707.658s][info][gc,marking     ] GC(1422) Concurrent Preclean
[4707.658s][info][gc,marking     ] GC(1422) Concurrent Preclean 0.121ms
[4707.662s][info][gc,start       ] GC(1422) Pause Remark
[4707.667s][info][gc             ] GC(1422) Pause Remark 2171M->2171M(4096M) 4.825ms
[4707.667s][info][gc,cpu         ] GC(1422) User=0.03s Sys=0.00s Real=0.01s
[4707.667s][info][gc,marking     ] GC(1422) Concurrent Mark 747.575ms
[4707.667s][info][gc,marking     ] GC(1422) Concurrent Rebuild Remembered Sets and Scrub Regions
[4707.976s][info][gc,marking     ] GC(1422) Concurrent Rebuild Remembered Sets and Scrub Regions 309.416ms
[4707.977s][info][gc,start       ] GC(1422) Pause Cleanup
[4707.977s][info][gc             ] GC(1422) Pause Cleanup 2521M->2521M(4096M) 0.110ms
[4707.977s][info][gc,cpu         ] GC(1422) User=0.00s Sys=0.00s Real=0.00s
[4707.977s][info][gc,marking     ] GC(1422) Concurrent Clear Claimed Marks
[4707.977s][info][gc,marking     ] GC(1422) Concurrent Clear Claimed Marks 0.019ms
[4707.977s][info][gc,marking     ] GC(1422) Concurrent Cleanup for Next Mark
[4707.982s][info][gc,marking     ] GC(1422) Concurrent Cleanup for Next Mark 4.863ms
[4707.982s][info][gc             ] GC(1422) Concurrent Mark Cycle 1249.130ms
.[4708.820s][info][gc,start       ] GC(1423) Pause Young (Prepare Mixed) (G1 Evacuation Pause)
[4708.820s][info][gc,task        ] GC(1423) Using 6 workers of 6 for evacuation
[4708.945s][info][gc,phases      ] GC(1423)   Pre Evacuate Collection Set: 0.32ms
[4708.945s][info][gc,phases      ] GC(1423)   Merge Heap Roots: 0.48ms
[4708.945s][info][gc,phases      ] GC(1423)   Evacuate Collection Set: 122.95ms
[4708.945s][info][gc,phases      ] GC(1423)   Post Evacuate Collection Set: 0.95ms
[4708.945s][info][gc,phases      ] GC(1423)   Other: 0.09ms
[4708.945s][info][gc,heap        ] GC(1423) Eden regions: 1113->0(1094)
[4708.945s][info][gc,heap        ] GC(1423) Survivor regions: 115->115(154)
[4708.945s][info][gc,heap        ] GC(1423) Old regions: 509->541
[4708.945s][info][gc,heap        ] GC(1423) Humongous regions: 80->80
[4708.945s][info][gc,metaspace   ] GC(1423) Metaspace: 28941K(29312K)->28941K(29312K) NonClass: 24073K(24256K)->24073K(24256K) Class: 4868K(5056K)->4868K(5056K)
[4708.945s][info][gc             ] GC(1423) Pause Young (Prepare Mixed) (G1 Evacuation Pause) 3631M->1470M(4096M) 124.917ms
[4708.945s][info][gc,cpu         ] GC(1423) User=0.73s Sys=0.00s Real=0.13s
..[4711.015s][info][gc,start       ] GC(1424) Pause Young (Mixed) (G1 Evacuation Pause)
[4711.015s][info][gc,task        ] GC(1424) Using 6 workers of 6 for evacuation
[4711.156s][info][gc,phases      ] GC(1424)   Pre Evacuate Collection Set: 0.36ms
[4711.156s][info][gc,phases      ] GC(1424)   Merge Heap Roots: 0.72ms
[4711.156s][info][gc,phases      ] GC(1424)   Evacuate Collection Set: 138.91ms
[4711.156s][info][gc,phases      ] GC(1424)   Post Evacuate Collection Set: 1.00ms
[4711.156s][info][gc,phases      ] GC(1424)   Other: 0.09ms
[4711.156s][info][gc,heap        ] GC(1424) Eden regions: 1094->0(1114)
[4711.156s][info][gc,heap        ] GC(1424) Survivor regions: 115->114(152)
[4711.156s][info][gc,heap        ] GC(1424) Old regions: 541->475
[4711.156s][info][gc,heap        ] GC(1424) Humongous regions: 80->80
[4711.156s][info][gc,metaspace   ] GC(1424) Metaspace: 28941K(29312K)->28941K(29312K) NonClass: 24073K(24256K)->24073K(24256K) Class: 4868K(5056K)->4868K(5056K)
[4711.156s][info][gc             ] GC(1424) Pause Young (Mixed) (G1 Evacuation Pause) 3658M->1337M(4096M) 141.215ms
[4711.156s][info][gc,cpu         ] GC(1424) User=0.84s Sys=0.00s Real=0.14s
..[4713.235s][info][gc,start       ] GC(1425) Pause Young (Concurrent Start) (G1 Evacuation Pause)
[4713.235s][info][gc,task        ] GC(1425) Using 6 workers of 6 for evacuation
[4713.350s][info][gc,phases      ] GC(1425)   Pre Evacuate Collection Set: 0.41ms
[4713.350s][info][gc,phases      ] GC(1425)   Merge Heap Roots: 0.45ms
[4713.350s][info][gc,phases      ] GC(1425)   Evacuate Collection Set: 113.16ms
[4713.350s][info][gc,phases      ] GC(1425)   Post Evacuate Collection Set: 0.91ms
[4713.350s][info][gc,phases      ] GC(1425)   Other: 0.11ms
[4713.350s][info][gc,heap        ] GC(1425) Eden regions: 1114->0(1121)
[4713.350s][info][gc,heap        ] GC(1425) Survivor regions: 114->107(154)
[4713.350s][info][gc,heap        ] GC(1425) Old regions: 475->507
[4713.350s][info][gc,heap        ] GC(1425) Humongous regions: 80->80
[4713.350s][info][gc,metaspace   ] GC(1425) Metaspace: 28941K(29312K)->28941K(29312K) NonClass: 24073K(24256K)->24073K(24256K) Class: 4868K(5056K)->4868K(5056K)
[4713.350s][info][gc             ] GC(1425) Pause Young (Concurrent Start) (G1 Evacuation Pause) 3565M->1387M(4096M) 115.177ms
[4713.350s][info][gc             ] GC(1426) Concurrent Mark Cycle
[4713.350s][info][gc,marking     ] GC(1426) Concurrent Scan Root Regions
[4713.350s][info][gc,cpu         ] GC(1425) User=0.68s Sys=0.00s Real=0.11s
[4713.489s][info][gc,marking     ] GC(1426) Concurrent Scan Root Regions 139.463ms
[4713.489s][info][gc,marking     ] GC(1426) Concurrent Mark
[4713.489s][info][gc,marking     ] GC(1426) Concurrent Mark From Roots
[4713.489s][info][gc,task        ] GC(1426) Using 2 workers of 2 for marking
.[4714.252s][info][gc,marking     ] GC(1426) Concurrent Mark From Roots 762.787ms
[4714.252s][info][gc,marking     ] GC(1426) Concurrent Preclean
[4714.252s][info][gc,marking     ] GC(1426) Concurrent Preclean 0.114ms
[4714.256s][info][gc,start       ] GC(1426) Pause Remark
[4714.262s][info][gc             ] GC(1426) Pause Remark 2169M->2169M(4096M) 6.526ms
[4714.262s][info][gc,cpu         ] GC(1426) User=0.04s Sys=0.00s Real=0.01s
[4714.263s][info][gc,marking     ] GC(1426) Concurrent Mark 773.419ms
[4714.263s][info][gc,marking     ] GC(1426) Concurrent Rebuild Remembered Sets and Scrub Regions
.[4714.631s][info][gc,marking     ] GC(1426) Concurrent Rebuild Remembered Sets and Scrub Regions 368.423ms
[4714.632s][info][gc,start       ] GC(1426) Pause Cleanup
[4714.632s][info][gc             ] GC(1426) Pause Cleanup 2613M->2613M(4096M) 0.113ms
[4714.632s][info][gc,cpu         ] GC(1426) User=0.00s Sys=0.00s Real=0.00s
[4714.632s][info][gc,marking     ] GC(1426) Concurrent Clear Claimed Marks
[4714.632s][info][gc,marking     ] GC(1426) Concurrent Clear Claimed Marks 0.020ms
[4714.632s][info][gc,marking     ] GC(1426) Concurrent Cleanup for Next Mark
[4714.638s][info][gc,marking     ] GC(1426) Concurrent Cleanup for Next Mark 5.380ms
[4714.638s][info][gc             ] GC(1426) Concurrent Mark Cycle 1287.682ms
[4715.532s][info][gc,start       ] GC(1427) Pause Young (Prepare Mixed) (G1 Evacuation Pause)
[4715.532s][info][gc,task        ] GC(1427) Using 6 workers of 6 for evacuation
[4715.655s][info][gc,phases      ] GC(1427)   Pre Evacuate Collection Set: 0.32ms
[4715.655s][info][gc,phases      ] GC(1427)   Merge Heap Roots: 0.51ms
[4715.655s][info][gc,phases      ] GC(1427)   Evacuate Collection Set: 120.80ms
[4715.655s][info][gc,phases      ] GC(1427)   Post Evacuate Collection Set: 0.95ms
[4715.655s][info][gc,phases      ] GC(1427)   Other: 0.09ms
[4715.655s][info][gc,heap        ] GC(1427) Eden regions: 1121->0(1100)
[4715.655s][info][gc,heap        ] GC(1427) Survivor regions: 107->113(154)
[4715.655s][info][gc,heap        ] GC(1427) Old regions: 507->539
[4715.655s][info][gc,heap        ] GC(1427) Humongous regions: 80->80
[4715.655s][info][gc,metaspace   ] GC(1427) Metaspace: 28941K(29312K)->28941K(29312K) NonClass: 24073K(24256K)->24073K(24256K) Class: 4868K(5056K)->4868K(5056K)
[4715.655s][info][gc             ] GC(1427) Pause Young (Prepare Mixed) (G1 Evacuation Pause) 3629M->1463M(4096M) 122.792ms
[4715.655s][info][gc,cpu         ] GC(1427) User=0.72s Sys=0.00s Real=0.13s
..[4717.677s][info][gc,start       ] GC(1428) Pause Young (Mixed) (G1 Evacuation Pause)
[4717.677s][info][gc,task        ] GC(1428) Using 6 workers of 6 for evacuation
[4717.814s][info][gc,phases      ] GC(1428)   Pre Evacuate Collection Set: 0.37ms
[4717.814s][info][gc,phases      ] GC(1428)   Merge Heap Roots: 0.66ms
[4717.814s][info][gc,phases      ] GC(1428)   Evacuate Collection Set: 134.19ms
[4717.814s][info][gc,phases      ] GC(1428)   Post Evacuate Collection Set: 0.98ms
[4717.814s][info][gc,phases      ] GC(1428)   Other: 0.09ms
[4717.814s][info][gc,heap        ] GC(1428) Eden regions: 1100->0(1116)
[4717.814s][info][gc,heap        ] GC(1428) Survivor regions: 113->112(152)
[4717.814s][info][gc,heap        ] GC(1428) Old regions: 539->476
[4717.814s][info][gc,heap        ] GC(1428) Humongous regions: 80->80
[4717.814s][info][gc,metaspace   ] GC(1428) Metaspace: 28941K(29312K)->28941K(29312K) NonClass: 24073K(24256K)->24073K(24256K) Class: 4868K(5056K)->4868K(5056K)
[4717.814s][info][gc             ] GC(1428) Pause Young (Mixed) (G1 Evacuation Pause) 3663M->1334M(4096M) 136.437ms
[4717.814s][info][gc,cpu         ] GC(1428) User=0.81s Sys=0.00s Real=0.14s
...[4719.829s][info][gc,start       ] GC(1429) Pause Young (Concurrent Start) (G1 Evacuation Pause)
[4719.829s][info][gc,task        ] GC(1429) Using 6 workers of 6 for evacuation
[4719.949s][info][gc,phases      ] GC(1429)   Pre Evacuate Collection Set: 0.37ms
[4719.949s][info][gc,phases      ] GC(1429)   Merge Heap Roots: 0.46ms
[4719.949s][info][gc,phases      ] GC(1429)   Evacuate Collection Set: 118.63ms
[4719.949s][info][gc,phases      ] GC(1429)   Post Evacuate Collection Set: 0.89ms
[4719.949s][info][gc,phases      ] GC(1429)   Other: 0.12ms
[4719.949s][info][gc,heap        ] GC(1429) Eden regions: 1116->0(1115)
[4719.949s][info][gc,heap        ] GC(1429) Survivor regions: 112->113(154)
[4719.949s][info][gc,heap        ] GC(1429) Old regions: 476->508
[4719.949s][info][gc,heap        ] GC(1429) Humongous regions: 80->80
[4719.949s][info][gc,metaspace   ] GC(1429) Metaspace: 28941K(29312K)->28941K(29312K) NonClass: 24073K(24256K)->24073K(24256K) Class: 4868K(5056K)->4868K(5056K)
[4719.949s][info][gc             ] GC(1429) Pause Young (Concurrent Start) (G1 Evacuation Pause) 3566M->1400M(4096M) 120.615ms
[4719.949s][info][gc             ] GC(1430) Concurrent Mark Cycle
[4719.949s][info][gc,marking     ] GC(1430) Concurrent Scan Root Regions
[4719.949s][info][gc,cpu         ] GC(1429) User=0.71s Sys=0.01s Real=0.12s
